5.345: [GC (Allocation Failure) [PSYoungGen: 128000K->12468K(148992K)] 128000K->12548K(488960K), 0.0153800 secs] [Times: user=0.02 sys=0.00, real=0.01 secs] 
5.789: [GC (Metadata GC Threshold) [PSYoungGen: 48864K->6053K(148992K)] 48944K->6149K(488960K), 0.0049396 secs] [Times: user=0.02 sys=0.00, real=0.01 secs] 
5.794: [Full GC (Metadata GC Threshold) [PSYoungGen: 6053K->0K(148992K)] [ParOldGen: 96K->5935K(134144K)] 6149K->5935K(283136K), [Metaspace: 20454K->20454K(1067008K)], 0.0201495 secs] [Times: user=0.06 sys=0.00, real=0.02 secs] 
7.199: [GC (Allocation Failure) [PSYoungGen: 128000K->9846K(148992K)] 133935K->15790K(283136K), 0.0030221 secs] [Times: user=0.01 sys=0.00, real=0.01 secs] 
7.723: [GC (Metadata GC Threshold) [PSYoungGen: 37543K->4684K(148992K)] 43486K->10636K(283136K), 0.0025444 secs] [Times: user=0.01 sys=0.00, real=0.00 secs] 
7.725: [Full GC (Metadata GC Threshold) [PSYoungGen: 4684K->0K(148992K)] [ParOldGen: 5951K->8884K(214016K)] 10636K->8884K(363008K), [Metaspace: 33729K->33729K(1079296K)], 0.0217063 secs] [Times: user=0.07 sys=0.00, real=0.02 secs] 
9.168: [GC (Allocation Failure) [PSYoungGen: 128000K->12981K(148992K)] 136884K->21873K(363008K), 0.0049974 secs] [Times: user=0.02 sys=0.00, real=0.01 secs] 
9.803: [GC (Allocation Failure) [PSYoungGen: 139148K->14547K(190976K)] 148040K->56223K(404992K), 0.0104650 secs] [Times: user=0.05 sys=0.01, real=0.01 secs] 
10.570: [GC (Allocation Failure) [PSYoungGen: 176393K->4816K(193024K)] 218069K->112036K(407040K), 0.0122780 secs] [Times: user=0.05 sys=0.01, real=0.02 secs] 
11.340: [GC (Allocation Failure) [PSYoungGen: 163927K->4784K(292352K)] 271148K->177548K(506368K), 0.0114626 secs] [Times: user=0.04 sys=0.02, real=0.01 secs] 
11.351: [Full GC (Ergonomics) [PSYoungGen: 4784K->0K(292352K)] [ParOldGen: 172764K->159787K(497152K)] 177548K->159787K(789504K), [Metaspace: 52375K->52375K(1097728K)], 0.0880826 secs] [Times: user=0.39 sys=0.00, real=0.09 secs] 
12.948: [GC (Allocation Failure) [PSYoungGen: 274432K->1776K(292352K)] 434219K->259876K(789504K), 0.0092273 secs] [Times: user=0.04 sys=0.01, real=0.01 secs] 
14.730: [GC (Allocation Failure) [PSYoungGen: 276208K->2170K(346112K)] 534308K->260278K(843264K), 0.0030246 secs] [Times: user=0.01 sys=0.00, real=0.01 secs] 
17.447: [GC (Allocation Failure) [PSYoungGen: 338554K->2061K(354816K)] 596662K->260177K(851968K), 0.0023444 secs] [Times: user=0.01 sys=0.01, real=0.00 secs] 
19.084: [GC (Allocation Failure) [PSYoungGen: 338445K->2197K(401920K)] 596561K->260313K(899072K), 0.0026724 secs] [Times: user=0.01 sys=0.00, real=0.00 secs] 
21.317: [GC (Allocation Failure) [PSYoungGen: 394389K->2301K(410112K)] 652505K->260425K(907264K), 0.0027782 secs] [Times: user=0.00 sys=0.00, real=0.00 secs] 
23.489: [GC (Allocation Failure) [PSYoungGen: 394493K->2314K(448512K)] 652617K->260438K(945664K), 0.0024996 secs] [Times: user=0.01 sys=0.00, real=0.00 secs] 
25.725: [GC (Allocation Failure) [PSYoungGen: 442122K->2154K(456704K)] 700246K->260278K(953856K), 0.0019025 secs] [Times: user=0.01 sys=0.00, real=0.00 secs] 
28.148: [GC (Allocation Failure) [PSYoungGen: 441962K->2186K(487936K)] 700086K->260310K(985088K), 0.0021888 secs] [Times: user=0.01 sys=0.00, real=0.00 secs] 
31.703: [GC (Allocation Failure) [PSYoungGen: 480906K->2253K(494592K)] 739030K->260385K(991744K), 0.0030076 secs] [Times: user=0.01 sys=0.00, real=0.00 secs] 
34.427: [GC (Allocation Failure) [PSYoungGen: 480973K->2349K(514560K)] 739105K->260481K(1011712K), 0.0037138 secs] [Times: user=0.01 sys=0.00, real=0.00 secs] 
37.321: [GC (Allocation Failure) [PSYoungGen: 504109K->2349K(516608K)] 762241K->260481K(1013760K), 0.0026938 secs] [Times: user=0.01 sys=0.00, real=0.01 secs] 
40.668: [GC (Allocation Failure) [PSYoungGen: 504109K->10541K(535552K)] 762241K->276873K(1032704K), 0.0059113 secs] [Times: user=0.02 sys=0.01, real=0.01 secs] 
44.453: [GC (Allocation Failure) [PSYoungGen: 532269K->2381K(537088K)] 798601K->268721K(1034240K), 0.0031028 secs] [Times: user=0.01 sys=0.00, real=0.00 secs] 
47.182: [GC (Allocation Failure) [PSYoungGen: 524109K->2317K(553984K)] 790449K->268657K(1051136K), 0.0029041 secs] [Times: user=0.01 sys=0.00, real=0.00 secs] 
50.770: [GC (Allocation Failure) [PSYoungGen: 543501K->2349K(555520K)] 809841K->268689K(1052672K), 0.0048764 secs] [Times: user=0.01 sys=0.00, real=0.01 secs] 
56.338: [GC (Allocation Failure) [PSYoungGen: 543533K->2288K(571904K)] 809873K->268713K(1069056K), 0.0060293 secs] [Times: user=0.02 sys=0.01, real=0.01 secs] 
60.440: [GC (Allocation Failure) [PSYoungGen: 562928K->2080K(573440K)] 829353K->268761K(1070592K), 0.0023433 secs] [Times: user=0.01 sys=0.00, real=0.01 secs] 
63.701: [GC (Allocation Failure) [PSYoungGen: 562720K->2080K(584192K)] 829401K->268793K(1081344K), 0.0032333 secs] [Times: user=0.01 sys=0.00, real=0.01 secs] 
67.217: [GC (Allocation Failure) [PSYoungGen: 575520K->1936K(556032K)] 842233K->268825K(1053184K), 0.0028601 secs] [Times: user=0.01 sys=0.00, real=0.00 secs] 
70.023: [GC (Allocation Failure) [PSYoungGen: 555920K->1936K(537600K)] 822809K->268865K(1034752K), 0.0025122 secs] [Times: user=0.01 sys=0.00, real=0.00 secs] 
73.297: [GC (Allocation Failure) [PSYoungGen: 537488K->1904K(520192K)] 804417K->268849K(1017344K), 0.0030792 secs] [Times: user=0.01 sys=0.00, real=0.00 secs] 
76.714: [GC (Allocation Failure) [PSYoungGen: 520048K->1904K(503296K)] 786993K->268905K(1000448K), 0.0027722 secs] [Times: user=0.00 sys=0.00, real=0.00 secs] 
80.478: [GC (Allocation Failure) [PSYoungGen: 503152K->1936K(487424K)] 770153K->268977K(984576K), 0.0030745 secs] [Times: user=0.01 sys=0.00, real=0.00 secs] 
84.632: [GC (Allocation Failure) [PSYoungGen: 487312K->1920K(472064K)] 754353K->268985K(969216K), 0.0026889 secs] [Times: user=0.01 sys=0.00, real=0.00 secs] 
87.943: [GC (Allocation Failure) [PSYoungGen: 471936K->1936K(457216K)] 739001K->269033K(954368K), 0.0022222 secs] [Times: user=0.01 sys=0.00, real=0.00 secs] 
90.339: [GC (Allocation Failure) [PSYoungGen: 457104K->6032K(447488K)] 724201K->273169K(944640K), 0.0022875 secs] [Times: user=0.01 sys=0.00, real=0.00 secs] 
92.675: [GC (Allocation Failure) [PSYoungGen: 447376K->1872K(430080K)] 714513K->269017K(927232K), 0.0019888 secs] [Times: user=0.00 sys=0.00, real=0.00 secs] 
95.916: [GC (Allocation Failure) [PSYoungGen: 429904K->1744K(417280K)] 697049K->268905K(914432K), 0.0017803 secs] [Times: user=0.00 sys=0.00, real=0.00 secs] 
98.136: [GC (Allocation Failure) [PSYoungGen: 416976K->1712K(404992K)] 684137K->268913K(902144K), 0.0025391 secs] [Times: user=0.00 sys=0.00, real=0.00 secs] 
100.385: [GC (Allocation Failure) [PSYoungGen: 404656K->1936K(393216K)] 671857K->269145K(890368K), 0.0023099 secs] [Times: user=0.00 sys=0.00, real=0.00 secs] 
103.269: [GC (Allocation Failure) [PSYoungGen: 393104K->1904K(381952K)] 660313K->269153K(879104K), 0.0021433 secs] [Times: user=0.00 sys=0.00, real=0.00 secs] 
105.768: [GC (Allocation Failure) [PSYoungGen: 381808K->1680K(371200K)] 649057K->268969K(868352K), 0.0018135 secs] [Times: user=0.01 sys=0.00, real=0.00 secs] 
107.646: [GC (Allocation Failure) [PSYoungGen: 370832K->1712K(360960K)] 638121K->269041K(858112K), 0.0025129 secs] [Times: user=0.01 sys=0.00, real=0.00 secs] 
109.696: [GC (Allocation Failure) [PSYoungGen: 360624K->6016K(355328K)] 627953K->277457K(852480K), 0.0030283 secs] [Times: user=0.01 sys=0.00, real=0.00 secs] 
111.671: [GC (Allocation Failure) [PSYoungGen: 355200K->1648K(341504K)] 626641K->273105K(838656K), 0.0018888 secs] [Times: user=0.00 sys=0.00, real=0.01 secs] 
113.366: [GC (Allocation Failure) [PSYoungGen: 341104K->1696K(332288K)] 612561K->273161K(829440K), 0.0022344 secs] [Times: user=0.01 sys=0.00, real=0.00 secs] 
115.185: [GC (Allocation Failure) [PSYoungGen: 331936K->608K(322560K)] 603401K->272081K(819712K), 0.0020774 secs] [Times: user=0.01 sys=0.00, real=0.00 secs] 
117.065: [GC (Allocation Failure) [PSYoungGen: 322144K->1533K(314368K)] 593617K->273022K(811520K), 0.0016003 secs] [Times: user=0.01 sys=0.00, real=0.00 secs] 
118.750: [GC (Allocation Failure) [PSYoungGen: 314365K->1760K(306688K)] 585854K->273273K(803840K), 0.0024907 secs] [Times: user=0.01 sys=0.00, real=0.01 secs] 
120.414: [GC (Allocation Failure) [PSYoungGen: 306400K->1712K(299008K)] 577913K->273241K(796160K), 0.0016490 secs] [Times: user=0.01 sys=0.00, real=0.00 secs] 
122.037: [GC (Allocation Failure) [PSYoungGen: 298672K->1616K(291328K)] 570201K->273177K(788480K), 0.0035575 secs] [Times: user=0.01 sys=0.00, real=0.00 secs] 
123.687: [GC (Allocation Failure) [PSYoungGen: 290896K->1776K(284160K)] 562457K->273337K(781312K), 0.0020326 secs] [Times: user=0.01 sys=0.00, real=0.00 secs] 
125.837: [GC (Allocation Failure) [PSYoungGen: 283888K->1552K(276992K)] 555449K->273129K(774144K), 0.0023142 secs] [Times: user=0.00 sys=0.01, real=0.00 secs] 
127.650: [GC (Allocation Failure) [PSYoungGen: 276496K->1808K(270336K)] 548073K->273393K(767488K), 0.0021975 secs] [Times: user=0.00 sys=0.00, real=0.01 secs] 
128.983: [GC (Allocation Failure) [PSYoungGen: 270096K->1520K(263168K)] 541681K->273105K(760320K), 0.0022155 secs] [Times: user=0.00 sys=0.00, real=0.00 secs] 
130.535: [GC (Allocation Failure) [PSYoungGen: 263152K->1840K(257536K)] 534737K->273425K(754688K), 0.0020756 secs] [Times: user=0.00 sys=0.00, real=0.00 secs] 
131.783: [GC (Allocation Failure) [PSYoungGen: 257328K->1520K(250880K)] 528913K->273121K(748032K), 0.0020804 secs] [Times: user=0.01 sys=0.00, real=0.00 secs] 
133.314: [GC (Allocation Failure) [PSYoungGen: 250864K->1808K(245760K)] 522465K->273425K(742912K), 0.0020580 secs] [Times: user=0.00 sys=0.00, real=0.00 secs] 
134.639: [GC (Allocation Failure) [PSYoungGen: 245520K->1568K(240128K)] 517137K->273201K(737280K), 0.0021890 secs] [Times: user=0.01 sys=0.00, real=0.00 secs] 
136.001: [GC (Allocation Failure) [PSYoungGen: 239648K->1725K(235008K)] 511281K->273358K(732160K), 0.0017902 secs] [Times: user=0.01 sys=0.00, real=0.01 secs] 
138.505: [GC (Allocation Failure) [PSYoungGen: 234685K->1632K(229888K)] 506318K->273273K(727040K), 0.0029001 secs] [Times: user=0.01 sys=0.00, real=0.00 secs] 
139.852: [GC (Allocation Failure) [PSYoungGen: 229472K->1584K(224768K)] 501113K->273233K(721920K), 0.0015725 secs] [Times: user=0.01 sys=0.00, real=0.00 secs] 
141.109: [GC (Allocation Failure) [PSYoungGen: 224304K->1776K(220160K)] 495953K->281625K(717312K), 0.0027456 secs] [Times: user=0.01 sys=0.00, real=0.01 secs] 
142.016: [GC (Allocation Failure) [PSYoungGen: 219888K->1408K(215040K)] 499737K->281273K(712192K), 0.0018459 secs] [Times: user=0.00 sys=0.00, real=0.00 secs] 
143.300: [GC (Allocation Failure) [PSYoungGen: 214912K->1776K(210944K)] 494777K->281641K(708096K), 0.0019886 secs] [Times: user=0.01 sys=0.00, real=0.01 secs] 
144.398: [GC (Allocation Failure) [PSYoungGen: 210672K->1520K(206336K)] 490537K->281401K(703488K), 0.0022158 secs] [Times: user=0.01 sys=0.00, real=0.00 secs] 
145.926: [GC (Allocation Failure) [PSYoungGen: 206320K->1584K(202752K)] 486201K->281473K(699904K), 0.0015727 secs] [Times: user=0.01 sys=0.00, real=0.00 secs] 
147.080: [GC (Allocation Failure) [PSYoungGen: 202288K->2752K(199680K)] 482177K->283673K(696832K), 0.0022538 secs] [Times: user=0.01 sys=0.00, real=0.01 secs] 
148.111: [GC (Allocation Failure) [PSYoungGen: 199360K->352K(193024K)] 480281K->281297K(690176K), 0.0022239 secs] [Times: user=0.01 sys=0.00, real=0.01 secs] 
149.408: [GC (Allocation Failure) [PSYoungGen: 192864K->1680K(190976K)] 473809K->282641K(688128K), 0.0017679 secs] [Times: user=0.01 sys=0.00, real=0.00 secs] 
152.111: [GC (Allocation Failure) [PSYoungGen: 190608K->1632K(187392K)] 471569K->282609K(684544K), 0.0035242 secs] [Times: user=0.01 sys=0.00, real=0.01 secs] 
153.003: [GC (Allocation Failure) [PSYoungGen: 186976K->1408K(183296K)] 467953K->282393K(680448K), 0.0019991 secs] [Times: user=0.01 sys=0.00, real=0.00 secs] 
154.131: [GC (Allocation Failure) [PSYoungGen: 183168K->1808K(180224K)] 464153K->282793K(677376K), 0.0017889 secs] [Times: user=0.00 sys=0.00, real=0.01 secs] 
155.516: [GC (Allocation Failure) [PSYoungGen: 179984K->1568K(177152K)] 460969K->282553K(674304K), 0.0029009 secs] [Times: user=0.01 sys=0.01, real=0.00 secs] 
156.316: [GC (Allocation Failure) [PSYoungGen: 176672K->1376K(173568K)] 457657K->282361K(670720K), 0.0020400 secs] [Times: user=0.01 sys=0.00, real=0.00 secs] 
157.516: [GC (Allocation Failure) [PSYoungGen: 173408K->1712K(171008K)] 454393K->282721K(668160K), 0.0017424 secs] [Times: user=0.01 sys=0.00, real=0.00 secs] 
158.630: [GC (Allocation Failure) [PSYoungGen: 170672K->1568K(167936K)] 451681K->282577K(665088K), 0.0023190 secs] [Times: user=0.01 sys=0.00, real=0.01 secs] 
159.391: [GC (Allocation Failure) [PSYoungGen: 167456K->1440K(164352K)] 448465K->282449K(661504K), 0.0019517 secs] [Times: user=0.01 sys=0.00, real=0.01 secs] 
160.339: [GC (Allocation Failure) [PSYoungGen: 164256K->1648K(162304K)] 445265K->282665K(659456K), 0.0016422 secs] [Times: user=0.01 sys=0.00, real=0.00 secs] 
161.788: [GC (Allocation Failure) [PSYoungGen: 161904K->1664K(159744K)] 442921K->282681K(656896K), 0.0024944 secs] [Times: user=0.01 sys=0.00, real=0.00 secs] 
162.951: [GC (Allocation Failure) [PSYoungGen: 159360K->1376K(156672K)] 440377K->282409K(653824K), 0.0025306 secs] [Times: user=0.01 sys=0.01, real=0.01 secs] 
164.522: [GC (Allocation Failure) [PSYoungGen: 156512K->1581K(154624K)] 437545K->282614K(651776K), 0.0016180 secs] [Times: user=0.01 sys=0.00, real=0.00 secs] 
165.417: [GC (Allocation Failure) [PSYoungGen: 154157K->1712K(152064K)] 435190K->282753K(649216K), 0.0019156 secs] [Times: user=0.00 sys=0.00, real=0.00 secs] 
166.927: [GC (Allocation Failure) [PSYoungGen: 151728K->1440K(148992K)] 432769K->282489K(646144K), 0.0021390 secs] [Times: user=0.01 sys=0.00, real=0.00 secs] 
167.811: [GC (Allocation Failure) [PSYoungGen: 148896K->1488K(146432K)] 429945K->282537K(643584K), 0.0016908 secs] [Times: user=0.01 sys=0.00, real=0.01 secs] 
168.662: [GC (Allocation Failure) [PSYoungGen: 146384K->1757K(144896K)] 427433K->282814K(642048K), 0.0018731 secs] [Times: user=0.00 sys=0.00, real=0.00 secs] 
169.444: [GC (Allocation Failure) [PSYoungGen: 144605K->1568K(142848K)] 425662K->282625K(640000K), 0.0019213 secs] [Times: user=0.01 sys=0.00, real=0.00 secs] 
170.055: [GC (Allocation Failure) [PSYoungGen: 142368K->1408K(140288K)] 423425K->282473K(637440K), 0.0015868 secs] [Times: user=0.01 sys=0.00, real=0.00 secs] 
170.792: [GC (GCLocker Initiated GC) [PSYoungGen: 140160K->1520K(138240K)] 421225K->282585K(635392K), 0.0016090 secs] [Times: user=0.01 sys=0.00, real=0.00 secs] 
171.613: [GC (Allocation Failure) [PSYoungGen: 138224K->1661K(136704K)] 419514K->282952K(633856K), 0.0016588 secs] [Times: user=0.01 sys=0.00, real=0.00 secs] 
172.460: [GC (Allocation Failure) [PSYoungGen: 136317K->1568K(134656K)] 417608K->282866K(631808K), 0.0019351 secs] [Times: user=0.01 sys=0.00, real=0.01 secs] 
173.017: [GC (Allocation Failure) [PSYoungGen: 134176K->464K(131072K)] 415474K->282794K(628224K), 0.0017333 secs] [Times: user=0.01 sys=0.00, real=0.00 secs] 
173.699: [GC (Allocation Failure) [PSYoungGen: 131024K->1645K(131072K)] 413354K->283976K(628224K), 0.0014621 secs] [Times: user=0.01 sys=0.00, real=0.00 secs] 
174.517: [GC (Allocation Failure) [PSYoungGen: 130157K->1712K(128512K)] 412488K->284043K(625664K), 0.0018629 secs] [Times: user=0.00 sys=0.00, real=0.00 secs] 
175.179: [GC (Allocation Failure) [PSYoungGen: 128176K->1600K(126976K)] 410507K->283930K(624128K), 0.0021299 secs] [Times: user=0.00 sys=0.00, real=0.00 secs] 
175.775: [GC (Allocation Failure) [PSYoungGen: 126528K->1488K(124928K)] 408858K->283818K(622080K), 0.0017597 secs] [Times: user=0.01 sys=0.00, real=0.00 secs] 
176.655: [GC (Allocation Failure) [PSYoungGen: 124880K->1584K(123904K)] 407210K->283915K(621056K), 0.0016146 secs] [Times: user=0.01 sys=0.00, real=0.00 secs] 
177.371: [GC (Allocation Failure) [PSYoungGen: 123440K->1744K(122368K)] 405771K->284075K(619520K), 0.0017254 secs] [Times: user=0.01 sys=0.00, real=0.01 secs] 
178.291: [GC (Allocation Failure) [PSYoungGen: 122064K->1696K(120832K)] 404395K->288130K(617984K), 0.0027265 secs] [Times: user=0.01 sys=0.00, real=0.01 secs] 
179.703: [GC (Allocation Failure) [PSYoungGen: 120480K->1440K(118784K)] 406914K->287874K(615936K), 0.0036474 secs] [Times: user=0.01 sys=0.00, real=0.00 secs] 
180.933: [GC (Allocation Failure) [PSYoungGen: 118688K->1504K(117248K)] 405122K->287946K(614400K), 0.0041112 secs] [Times: user=0.01 sys=0.00, real=0.00 secs] 
181.826: [GC (Allocation Failure) [PSYoungGen: 117216K->1520K(115712K)] 403658K->288099K(612864K), 0.0016091 secs] [Times: user=0.01 sys=0.00, real=0.00 secs] 
182.496: [GC (Allocation Failure) [PSYoungGen: 115696K->1709K(114688K)] 402275K->288336K(611840K), 0.0017298 secs] [Times: user=0.00 sys=0.00, real=0.00 secs] 
183.712: [GC (Allocation Failure) [PSYoungGen: 114349K->528K(112128K)] 400976K->288187K(609280K), 0.0030307 secs] [Times: user=0.01 sys=0.00, real=0.00 secs] 
184.717: [GC (Allocation Failure) [PSYoungGen: 111632K->416K(110080K)] 399291K->288122K(607232K), 0.0022654 secs] [Times: user=0.01 sys=0.00, real=0.00 secs] 
185.759: [GC (Allocation Failure) [PSYoungGen: 109984K->1485K(109568K)] 397690K->289200K(606720K), 0.0022106 secs] [Times: user=0.01 sys=0.00, real=0.00 secs] 
186.408: [GC (Allocation Failure) [PSYoungGen: 109517K->1680K(108544K)] 397232K->289395K(605696K), 0.0016718 secs] [Times: user=0.01 sys=0.01, real=0.00 secs] 
187.031: [GC (Allocation Failure) [PSYoungGen: 108176K->1648K(107520K)] 395891K->289363K(604672K), 0.0015221 secs] [Times: user=0.00 sys=0.00, real=0.01 secs] 
187.549: [GC (Allocation Failure) [PSYoungGen: 107120K->1504K(105984K)] 394835K->289219K(603136K), 0.0022316 secs] [Times: user=0.01 sys=0.00, real=0.00 secs] 
188.109: [GC (Allocation Failure) [PSYoungGen: 105952K->1424K(104960K)] 393667K->289139K(602112K), 0.0019714 secs] [Times: user=0.01 sys=0.00, real=0.00 secs] 
188.939: [GC (Allocation Failure) [PSYoungGen: 104848K->1517K(103936K)] 392563K->289232K(601088K), 0.0014868 secs] [Times: user=0.00 sys=0.00, real=0.00 secs] 
189.541: [GC (Allocation Failure) [PSYoungGen: 103917K->1616K(103424K)] 391632K->289331K(600576K), 0.0017308 secs] [Times: user=0.00 sys=0.00, real=0.01 secs] 
190.133: [GC (Allocation Failure) [PSYoungGen: 102992K->1629K(102400K)] 390707K->289344K(599552K), 0.0017080 secs] [Times: user=0.01 sys=0.00, real=0.00 secs] 
191.600: [GC (Allocation Failure) [PSYoungGen: 101981K->1440K(100864K)] 389696K->289163K(598016K), 0.0019028 secs] [Times: user=0.01 sys=0.00, real=0.01 secs] 
192.032: [GC (Allocation Failure) [PSYoungGen: 100768K->1440K(99840K)] 388491K->289171K(596992K), 0.0018731 secs] [Times: user=0.00 sys=0.00, real=0.00 secs] 
192.488: [GC (Allocation Failure) [PSYoungGen: 99447K->304K(97792K)] 387178K->288035K(594944K), 0.0018068 secs] [Times: user=0.01 sys=0.00, real=0.00 secs] 
193.067: [GC (Allocation Failure) [PSYoungGen: 97584K->1629K(98816K)] 385315K->289368K(595968K), 0.0016259 secs] [Times: user=0.01 sys=0.00, real=0.00 secs] 
193.633: [GC (Allocation Failure) [PSYoungGen: 97885K->1648K(97280K)] 385624K->289387K(594432K), 0.0017554 secs] [Times: user=0.01 sys=0.00, real=0.00 secs] 
194.564: [GC (Allocation Failure) [PSYoungGen: 96880K->1536K(96256K)] 384619K->289315K(593408K), 0.0023238 secs] [Times: user=0.01 sys=0.00, real=0.00 secs] 
195.534: [GC (Allocation Failure) [PSYoungGen: 95744K->1424K(94720K)] 383523K->289203K(591872K), 0.0037675 secs] [Times: user=0.01 sys=0.01, real=0.00 secs] 
195.947: [GC (Allocation Failure) [PSYoungGen: 94608K->1408K(93696K)] 382387K->289187K(590848K), 0.0018790 secs] [Times: user=0.01 sys=0.00, real=0.00 secs] 
196.481: [GC (Allocation Failure) [PSYoungGen: 93568K->1597K(93184K)] 381347K->289376K(590336K), 0.0017685 secs] [Times: user=0.00 sys=0.00, real=0.01 secs] 
197.016: [GC (Allocation Failure) [PSYoungGen: 92733K->1661K(92160K)] 380512K->289440K(589312K), 0.0016415 secs] [Times: user=0.01 sys=0.00, real=0.00 secs] 
197.548: [GC (Allocation Failure) [PSYoungGen: 91773K->509K(89600K)] 379552K->289392K(586752K), 0.0016658 secs] [Times: user=0.01 sys=0.00, real=0.00 secs] 
198.525: [GC (Allocation Failure) [PSYoungGen: 89597K->1392K(90112K)] 378480K->290283K(587264K), 0.0022219 secs] [Times: user=0.01 sys=0.00, real=0.00 secs] 
199.918: [GC (Allocation Failure) [PSYoungGen: 89456K->1376K(88576K)] 378347K->290267K(585728K), 0.0031117 secs] [Times: user=0.01 sys=0.00, real=0.00 secs] 
200.706: [GC (Allocation Failure) [PSYoungGen: 88416K->1424K(87552K)] 377307K->290315K(584704K), 0.0033409 secs] [Times: user=0.01 sys=0.00, real=0.00 secs] 
201.456: [GC (Allocation Failure) [PSYoungGen: 87439K->1533K(86528K)] 376330K->290488K(583680K), 0.0015369 secs] [Times: user=0.00 sys=0.00, real=0.00 secs] 
201.962: [GC (Allocation Failure) [PSYoungGen: 86525K->1648K(86528K)] 375480K->290603K(583680K), 0.0017171 secs] [Times: user=0.00 sys=0.00, real=0.00 secs] 
202.460: [GC (Allocation Failure) [PSYoungGen: 86128K->624K(84992K)] 375083K->290603K(582144K), 0.0015364 secs] [Times: user=0.00 sys=0.00, real=0.00 secs] 
202.943: [GC (Allocation Failure) [PSYoungGen: 84592K->1488K(84992K)] 374571K->291467K(582144K), 0.0017456 secs] [Times: user=0.00 sys=0.00, real=0.00 secs] 
203.566: [GC (Allocation Failure) [PSYoungGen: 84944K->1408K(84480K)] 374923K->291395K(581632K), 0.0018127 secs] [Times: user=0.01 sys=0.00, real=0.00 secs] 
204.165: [GC (Allocation Failure) [PSYoungGen: 84352K->1456K(83968K)] 374339K->291443K(581120K), 0.0018447 secs] [Times: user=0.01 sys=0.00, real=0.00 secs] 
204.856: [GC (Allocation Failure) [PSYoungGen: 83888K->1517K(83456K)] 373875K->291520K(580608K), 0.0014217 secs] [Times: user=0.00 sys=0.00, real=0.00 secs] 
205.332: [GC (Allocation Failure) [PSYoungGen: 83437K->1629K(83456K)] 373440K->291632K(580608K), 0.0017227 secs] [Times: user=0.01 sys=0.00, real=0.00 secs] 
205.811: [GC (Allocation Failure) [PSYoungGen: 83037K->637K(81920K)] 373040K->291664K(579072K), 0.0016510 secs] [Times: user=0.00 sys=0.00, real=0.01 secs] 
206.347: [GC (Allocation Failure) [PSYoungGen: 81533K->1568K(82432K)] 372560K->292595K(579584K), 0.0016770 secs] [Times: user=0.00 sys=0.00, real=0.00 secs] 
207.111: [GC (Allocation Failure) [PSYoungGen: 81952K->1376K(81408K)] 372979K->292403K(578560K), 0.0030419 secs] [Times: user=0.01 sys=0.00, real=0.01 secs] 
207.700: [GC (Allocation Failure) [PSYoungGen: 81248K->1376K(80896K)] 372275K->292403K(578048K), 0.0023220 secs] [Times: user=0.01 sys=0.01, real=0.01 secs] 
208.021: [GC (Allocation Failure) [PSYoungGen: 80736K->1344K(80384K)] 371763K->292387K(577536K), 0.0016554 secs] [Times: user=0.01 sys=0.00, real=0.01 secs] 
208.487: [GC (Allocation Failure) [PSYoungGen: 80192K->1533K(79872K)] 371235K->292576K(577024K), 0.0015422 secs] [Times: user=0.00 sys=0.00, real=0.00 secs] 
208.948: [GC (Allocation Failure) [PSYoungGen: 79869K->1488K(79360K)] 370912K->292531K(576512K), 0.0015251 secs] [Times: user=0.01 sys=0.00, real=0.00 secs] 
209.405: [GC (Allocation Failure) [PSYoungGen: 79312K->1520K(78848K)] 370355K->292563K(576000K), 0.0015139 secs] [Times: user=0.01 sys=0.00, real=0.00 secs] 
210.106: [GC (Allocation Failure) [PSYoungGen: 78832K->1392K(78336K)] 369875K->292435K(575488K), 0.0027768 secs] [Times: user=0.01 sys=0.00, real=0.00 secs] 
210.735: [GC (Allocation Failure) [PSYoungGen: 78192K->1392K(77824K)] 369235K->292435K(574976K), 0.0031759 secs] [Times: user=0.01 sys=0.00, real=0.00 secs] 
211.113: [GC (Allocation Failure) [PSYoungGen: 77680K->1344K(77312K)] 368723K->292387K(574464K), 0.0019009 secs] [Times: user=0.00 sys=0.00, real=0.00 secs] 
211.466: [GC (Allocation Failure) [PSYoungGen: 77120K->1440K(76800K)] 368163K->292483K(573952K), 0.0018513 secs] [Times: user=0.00 sys=0.01, real=0.00 secs] 
211.950: [GC (Allocation Failure) [PSYoungGen: 76704K->1520K(76288K)] 367747K->292595K(573440K), 0.0015060 secs] [Times: user=0.00 sys=0.00, real=0.00 secs] 
212.389: [GC (Allocation Failure) [PSYoungGen: 76272K->1552K(76288K)] 367347K->292627K(573440K), 0.0017505 secs] [Times: user=0.00 sys=0.00, real=0.00 secs] 
212.823: [GC (Allocation Failure) [PSYoungGen: 75791K->509K(74240K)] 366866K->292608K(571392K), 0.0015844 secs] [Times: user=0.01 sys=0.00, real=0.00 secs] 
213.181: [GC (Allocation Failure) [PSYoungGen: 74237K->1440K(75264K)] 366336K->293539K(572416K), 0.0015423 secs] [Times: user=0.00 sys=0.00, real=0.01 secs] 
213.485: [GC (Allocation Failure) [PSYoungGen: 74656K->1440K(74240K)] 366755K->293539K(571392K), 0.0018358 secs] [Times: user=0.01 sys=0.00, real=0.00 secs] 
213.787: [GC (Allocation Failure) [PSYoungGen: 74144K->1408K(73728K)] 366243K->293507K(570880K), 0.0020106 secs] [Times: user=0.00 sys=0.00, real=0.00 secs] 
214.088: [GC (Allocation Failure) [PSYoungGen: 73600K->1344K(73216K)] 365699K->293443K(570368K), 0.0022000 secs] [Times: user=0.01 sys=0.00, real=0.00 secs] 
214.598: [GC (Allocation Failure) [PSYoungGen: 73024K->1488K(72704K)] 365123K->293587K(569856K), 0.0014973 secs] [Times: user=0.01 sys=0.00, real=0.00 secs] 
215.014: [GC (Allocation Failure) [PSYoungGen: 72638K->1520K(72192K)] 364737K->293667K(569344K), 0.0016282 secs] [Times: user=0.00 sys=0.00, real=0.00 secs] 
215.428: [GC (Allocation Failure) [PSYoungGen: 72176K->1616K(72192K)] 364323K->293763K(569344K), 0.0017442 secs] [Times: user=0.01 sys=0.00, real=0.00 secs] 
216.016: [GC (Allocation Failure) [PSYoungGen: 71760K->448K(70144K)] 363907K->293627K(567296K), 0.0020182 secs] [Times: user=0.01 sys=0.00, real=0.00 secs] 
216.656: [GC (Allocation Failure) [PSYoungGen: 70080K->288K(69632K)] 363259K->293475K(566784K), 0.0018561 secs] [Times: user=0.00 sys=0.00, real=0.00 secs] 
217.144: [GC (Allocation Failure) [PSYoungGen: 69408K->352K(69120K)] 362595K->293539K(566272K), 0.0020351 secs] [Times: user=0.00 sys=0.00, real=0.00 secs] 
217.430: [GC (Allocation Failure) [PSYoungGen: 68960K->320K(70656K)] 362147K->293507K(567808K), 0.0017276 secs] [Times: user=0.01 sys=0.00, real=0.01 secs] 
217.984: [GC (Allocation Failure) [PSYoungGen: 68416K->1456K(69120K)] 361603K->294643K(566272K), 0.0014553 secs] [Times: user=0.01 sys=0.00, real=0.00 secs] 
218.379: [GC (Allocation Failure) [PSYoungGen: 69040K->1520K(68608K)] 362227K->294707K(565760K), 0.0016421 secs] [Times: user=0.00 sys=0.00, real=0.00 secs] 
218.772: [GC (Allocation Failure) [PSYoungGen: 68592K->1616K(68608K)] 361779K->294803K(565760K), 0.0014412 secs] [Times: user=0.01 sys=0.00, real=0.00 secs] 
219.165: [GC (Allocation Failure) [PSYoungGen: 68176K->1616K(68096K)] 361363K->294803K(565248K), 0.0018025 secs] [Times: user=0.01 sys=0.00, real=0.00 secs] 
219.792: [GC (Allocation Failure) [PSYoungGen: 67664K->1424K(67072K)] 360851K->294619K(564224K), 0.0016643 secs] [Times: user=0.00 sys=0.00, real=0.00 secs] 
220.195: [GC (Allocation Failure) [PSYoungGen: 66960K->1408K(66560K)] 360155K->294603K(563712K), 0.0024028 secs] [Times: user=0.01 sys=0.00, real=0.00 secs] 
220.611: [GC (Allocation Failure) [PSYoungGen: 66432K->1376K(66048K)] 359627K->294571K(563200K), 0.0025939 secs] [Times: user=0.01 sys=0.00, real=0.01 secs] 
221.122: [GC (Allocation Failure) [PSYoungGen: 65888K->1440K(65536K)] 359083K->294635K(562688K), 0.0027715 secs] [Times: user=0.01 sys=0.00, real=0.00 secs] 
221.667: [GC (Allocation Failure) [PSYoungGen: 65440K->1456K(65024K)] 358635K->294651K(562176K), 0.0015663 secs] [Times: user=0.00 sys=0.00, real=0.00 secs] 
222.046: [GC (Allocation Failure) [PSYoungGen: 64917K->1552K(65024K)] 358112K->294747K(562176K), 0.0015891 secs] [Times: user=0.00 sys=0.00, real=0.00 secs] 
222.420: [GC (Allocation Failure) [PSYoungGen: 64528K->1584K(64512K)] 357723K->294779K(561664K), 0.0016205 secs] [Times: user=0.00 sys=0.00, real=0.00 secs] 
222.789: [GC (Allocation Failure) [PSYoungGen: 64048K->1549K(64000K)] 357243K->294760K(561152K), 0.0014492 secs] [Times: user=0.01 sys=0.00, real=0.00 secs] 
223.236: [GC (Allocation Failure) [PSYoungGen: 63501K->1520K(62976K)] 356712K->294731K(560128K), 0.0018242 secs] [Times: user=0.00 sys=0.00, real=0.00 secs] 
223.729: [GC (Allocation Failure) [PSYoungGen: 62960K->1424K(62464K)] 356171K->294635K(559616K), 0.0019489 secs] [Times: user=0.01 sys=0.00, real=0.00 secs] 
223.989: [GC (Allocation Failure) [PSYoungGen: 62352K->1408K(61952K)] 355563K->294619K(559104K), 0.0021154 secs] [Times: user=0.01 sys=0.00, real=0.00 secs] 
224.328: [GC (Allocation Failure) [PSYoungGen: 61824K->1392K(61440K)] 355035K->294611K(558592K), 0.0018964 secs] [Times: user=0.00 sys=0.00, real=0.00 secs] 
224.794: [GC (Allocation Failure) [PSYoungGen: 61296K->1408K(60928K)] 354515K->294643K(558080K), 0.0017726 secs] [Times: user=0.01 sys=0.00, real=0.00 secs] 
225.274: [GC (Allocation Failure) [PSYoungGen: 60800K->1536K(60928K)] 354035K->294771K(558080K), 0.0017377 secs] [Times: user=0.00 sys=0.00, real=0.00 secs] 
225.619: [GC (Allocation Failure) [PSYoungGen: 60405K->461K(58880K)] 353640K->294720K(556032K), 0.0016625 secs] [Times: user=0.01 sys=0.00, real=0.00 secs] 
225.964: [GC (Allocation Failure) [PSYoungGen: 58829K->525K(58880K)] 353088K->294792K(556032K), 0.0015608 secs] [Times: user=0.01 sys=0.00, real=0.00 secs] 
226.306: [GC (Allocation Failure) [PSYoungGen: 58381K->525K(58880K)] 352648K->294792K(556032K), 0.0014796 secs] [Times: user=0.01 sys=0.00, real=0.00 secs] 
226.675: [GC (Allocation Failure) [PSYoungGen: 58381K->1504K(59392K)] 352648K->295771K(556544K), 0.0028476 secs] [Times: user=0.01 sys=0.00, real=0.00 secs] 
227.038: [GC (Allocation Failure) [PSYoungGen: 59360K->1360K(59392K)] 353627K->295627K(556544K), 0.0018580 secs] [Times: user=0.01 sys=0.00, real=0.00 secs] 
227.289: [GC (Allocation Failure) [PSYoungGen: 59216K->1408K(59392K)] 353483K->295675K(556544K), 0.0020609 secs] [Times: user=0.00 sys=0.00, real=0.00 secs] 
227.564: [GC (Allocation Failure) [PSYoungGen: 59264K->1376K(59392K)] 353531K->295643K(556544K), 0.0018453 secs] [Times: user=0.01 sys=0.00, real=0.00 secs] 
227.815: [GC (Allocation Failure) [PSYoungGen: 59232K->1376K(59392K)] 353499K->295643K(556544K), 0.0020422 secs] [Times: user=0.01 sys=0.00, real=0.00 secs] 
228.220: [GC (Allocation Failure) [PSYoungGen: 59203K->1520K(59392K)] 353470K->295795K(556544K), 0.0015016 secs] [Times: user=0.01 sys=0.00, real=0.00 secs] 
228.558: [GC (Allocation Failure) [PSYoungGen: 59376K->1488K(59392K)] 353651K->295771K(556544K), 0.0017663 secs] [Times: user=0.01 sys=0.00, real=0.00 secs] 
228.896: [GC (Allocation Failure) [PSYoungGen: 59344K->1520K(59392K)] 353627K->295843K(556544K), 0.0015038 secs] [Times: user=0.00 sys=0.00, real=0.00 secs] 
229.233: [GC (Allocation Failure) [PSYoungGen: 59376K->1584K(59904K)] 353699K->295907K(557056K), 0.0014723 secs] [Times: user=0.01 sys=0.00, real=0.00 secs] 
229.661: [GC (Allocation Failure) [PSYoungGen: 59440K->1472K(59392K)] 353763K->295795K(556544K), 0.0019258 secs] [Times: user=0.00 sys=0.00, real=0.01 secs] 
230.128: [GC (Allocation Failure) [PSYoungGen: 59328K->1376K(59392K)] 353651K->295699K(556544K), 0.0035935 secs] [Times: user=0.01 sys=0.00, real=0.00 secs] 
230.610: [GC (Allocation Failure) [PSYoungGen: 59232K->1376K(59392K)] 353555K->295715K(556544K), 0.0031076 secs] [Times: user=0.01 sys=0.01, real=0.01 secs] 
231.115: [GC (Allocation Failure) [PSYoungGen: 59232K->1376K(59392K)] 353571K->295715K(556544K), 0.0023362 secs] [Times: user=0.01 sys=0.00, real=0.00 secs] 
231.707: [GC (Allocation Failure) [PSYoungGen: 59232K->1344K(59392K)] 353571K->295683K(556544K), 0.0022630 secs] [Times: user=0.01 sys=0.01, real=0.00 secs] 
232.232: [GC (Allocation Failure) [PSYoungGen: 59200K->1533K(59392K)] 353539K->295872K(556544K), 0.0020850 secs] [Times: user=0.01 sys=0.00, real=0.00 secs] 
232.652: [GC (Allocation Failure) [PSYoungGen: 59371K->1520K(59392K)] 353710K->295883K(556544K), 0.0015364 secs] [Times: user=0.00 sys=0.00, real=0.00 secs] 
232.988: [GC (Allocation Failure) [PSYoungGen: 59376K->1552K(59904K)] 353739K->295915K(557056K), 0.0017242 secs] [Times: user=0.01 sys=0.00, real=0.00 secs] 
233.388: [GC (Allocation Failure) [PSYoungGen: 59408K->557K(58880K)] 353771K->295944K(556032K), 0.0017334 secs] [Times: user=0.00 sys=0.00, real=0.00 secs] 
233.807: [GC (Allocation Failure) [PSYoungGen: 58413K->1456K(59392K)] 353800K->296851K(556544K), 0.0025752 secs] [Times: user=0.01 sys=0.00, real=0.00 secs] 
234.052: [GC (Allocation Failure) [PSYoungGen: 59312K->1408K(59392K)] 354707K->296803K(556544K), 0.0017935 secs] [Times: user=0.01 sys=0.00, real=0.00 secs] 
234.344: [GC (Allocation Failure) [PSYoungGen: 59264K->1376K(59392K)] 354659K->296787K(556544K), 0.0019193 secs] [Times: user=0.01 sys=0.00, real=0.00 secs] 
234.595: [GC (Allocation Failure) [PSYoungGen: 59232K->1408K(59392K)] 354643K->296819K(556544K), 0.0018425 secs] [Times: user=0.00 sys=0.00, real=0.00 secs] 
234.835: [GC (Allocation Failure) [PSYoungGen: 59264K->1408K(59392K)] 354675K->296819K(556544K), 0.0020472 secs] [Times: user=0.01 sys=0.00, real=0.00 secs] 
235.219: [GC (Allocation Failure) [PSYoungGen: 59264K->1456K(59392K)] 354675K->296867K(556544K), 0.0015493 secs] [Times: user=0.00 sys=0.00, real=0.00 secs] 
235.557: [GC (Allocation Failure) [PSYoungGen: 59301K->1552K(59904K)] 354712K->296979K(557056K), 0.0016077 secs] [Times: user=0.01 sys=0.00, real=0.00 secs] 
235.894: [GC (Allocation Failure) [PSYoungGen: 59408K->573K(58880K)] 354835K->297024K(556032K), 0.0015438 secs] [Times: user=0.01 sys=0.00, real=0.00 secs] 
236.233: [GC (Allocation Failure) [PSYoungGen: 58429K->493K(58368K)] 354880K->296944K(555520K), 0.0016688 secs] [Times: user=0.01 sys=0.00, real=0.00 secs] 
236.573: [GC (Allocation Failure) [PSYoungGen: 58349K->1472K(59392K)] 354800K->297923K(556544K), 0.0017721 secs] [Times: user=0.01 sys=0.00, real=0.00 secs] 
236.930: [GC (Allocation Failure) [PSYoungGen: 59328K->1408K(59392K)] 355779K->297859K(556544K), 0.0017694 secs] [Times: user=0.01 sys=0.00, real=0.01 secs] 
237.418: [GC (Allocation Failure) [PSYoungGen: 59264K->1392K(59392K)] 355715K->297843K(556544K), 0.0017430 secs] [Times: user=0.01 sys=0.00, real=0.00 secs] 
237.909: [GC (Allocation Failure) [PSYoungGen: 59248K->1408K(59392K)] 355699K->297859K(556544K), 0.0021229 secs] [Times: user=0.00 sys=0.00, real=0.00 secs] 
238.491: [GC (Allocation Failure) [PSYoungGen: 59264K->1440K(59392K)] 355715K->297891K(556544K), 0.0020451 secs] [Times: user=0.01 sys=0.00, real=0.01 secs] 
239.075: [GC (Allocation Failure) [PSYoungGen: 59296K->1552K(59904K)] 355747K->298003K(557056K), 0.0015117 secs] [Times: user=0.01 sys=0.00, real=0.00 secs] 
239.414: [GC (Allocation Failure) [PSYoungGen: 59400K->573K(58880K)] 355852K->298064K(556032K), 0.0018729 secs] [Times: user=0.01 sys=0.00, real=0.00 secs] 
239.814: [GC (Allocation Failure) [PSYoungGen: 58429K->541K(58880K)] 355920K->298032K(556032K), 0.0015810 secs] [Times: user=0.01 sys=0.00, real=0.00 secs] 
240.212: [GC (Allocation Failure) [PSYoungGen: 58397K->541K(58880K)] 355888K->298032K(556032K), 0.0015353 secs] [Times: user=0.01 sys=0.00, real=0.00 secs] 
240.539: [GC (Allocation Failure) [PSYoungGen: 58397K->1488K(59392K)] 355888K->298979K(556544K), 0.0021276 secs] [Times: user=0.01 sys=0.00, real=0.00 secs] 
240.794: [GC (Allocation Failure) [PSYoungGen: 59344K->1424K(59392K)] 356835K->298915K(556544K), 0.0020881 secs] [Times: user=0.00 sys=0.00, real=0.00 secs] 
241.059: [GC (Allocation Failure) [PSYoungGen: 59280K->1408K(59392K)] 356771K->298907K(556544K), 0.0019736 secs] [Times: user=0.01 sys=0.00, real=0.00 secs] 
241.325: [GC (Allocation Failure) [PSYoungGen: 59264K->1424K(59392K)] 356763K->298923K(556544K), 0.0019813 secs] [Times: user=0.01 sys=0.00, real=0.00 secs] 
241.565: [GC (Allocation Failure) [PSYoungGen: 59280K->1408K(59392K)] 356779K->298907K(556544K), 0.0018653 secs] [Times: user=0.01 sys=0.00, real=0.00 secs] 
241.983: [GC (Allocation Failure) [PSYoungGen: 59264K->1552K(59904K)] 356763K->299051K(557056K), 0.0014493 secs] [Times: user=0.01 sys=0.00, real=0.00 secs] 
242.320: [GC (Allocation Failure) [PSYoungGen: 59408K->1565K(59904K)] 356907K->299080K(557056K), 0.0014978 secs] [Times: user=0.01 sys=0.00, real=0.00 secs] 
242.667: [GC (Allocation Failure) [PSYoungGen: 59421K->1533K(59392K)] 356936K->299048K(556544K), 0.0014081 secs] [Times: user=0.01 sys=0.00, real=0.00 secs] 
243.005: [GC (Allocation Failure) [PSYoungGen: 59389K->1533K(59392K)] 356904K->299048K(556544K), 0.0014655 secs] [Times: user=0.01 sys=0.00, real=0.00 secs] 
243.315: [GC (Allocation Failure) [PSYoungGen: 59389K->2512K(60416K)] 356904K->300027K(557568K), 0.0016514 secs] [Times: user=0.01 sys=0.00, real=0.00 secs] 
243.584: [GC (Allocation Failure) [PSYoungGen: 60368K->1392K(59392K)] 357883K->298923K(556544K), 0.0017288 secs] [Times: user=0.00 sys=0.01, real=0.00 secs] 
243.824: [GC (Allocation Failure) [PSYoungGen: 59248K->1376K(59392K)] 356779K->298907K(556544K), 0.0013043 secs] [Times: user=0.01 sys=0.00, real=0.00 secs] 
244.097: [GC (Allocation Failure) [PSYoungGen: 59232K->1440K(59392K)] 356763K->298971K(556544K), 0.0020875 secs] [Times: user=0.01 sys=0.00, real=0.00 secs] 
244.378: [GC (Allocation Failure) [PSYoungGen: 59296K->1360K(59392K)] 356827K->298891K(556544K), 0.0020446 secs] [Times: user=0.01 sys=0.00, real=0.00 secs] 
244.942: [GC (Allocation Failure) [PSYoungGen: 59216K->1408K(59392K)] 356747K->298939K(556544K), 0.0017876 secs] [Times: user=0.01 sys=0.00, real=0.01 secs] 
245.290: [GC (Allocation Failure) [PSYoungGen: 59264K->1488K(59392K)] 356795K->299027K(556544K), 0.0016472 secs] [Times: user=0.01 sys=0.00, real=0.00 secs] 
245.627: [GC (Allocation Failure) [PSYoungGen: 59319K->1581K(59904K)] 356858K->299120K(557056K), 0.0015699 secs] [Times: user=0.00 sys=0.00, real=0.00 secs] 
245.964: [GC (Allocation Failure) [PSYoungGen: 59437K->1552K(59904K)] 356976K->299091K(557056K), 0.0015255 secs] [Times: user=0.01 sys=0.00, real=0.00 secs] 
246.325: [GC (Allocation Failure) [PSYoungGen: 59408K->1488K(59392K)] 356947K->300059K(556544K), 0.0019501 secs] [Times: user=0.01 sys=0.00, real=0.00 secs] 
246.572: [GC (Allocation Failure) [PSYoungGen: 59344K->320K(58368K)] 357915K->298891K(555520K), 0.0022615 secs] [Times: user=0.00 sys=0.00, real=0.00 secs] 
246.822: [GC (Allocation Failure) [PSYoungGen: 58176K->288K(60416K)] 356747K->298859K(557568K), 0.0018540 secs] [Times: user=0.01 sys=0.00, real=0.00 secs] 
247.113: [GC (Allocation Failure) [PSYoungGen: 58144K->384K(58368K)] 356715K->298955K(555520K), 0.0024140 secs] [Times: user=0.01 sys=0.00, real=0.00 secs] 
247.418: [GC (Allocation Failure) [PSYoungGen: 58240K->368K(60416K)] 356811K->298939K(557568K), 0.0026864 secs] [Times: user=0.01 sys=0.00, real=0.00 secs] 
248.061: [GC (Allocation Failure) [PSYoungGen: 58195K->1424K(59392K)] 356766K->299995K(556544K), 0.0017704 secs] [Times: user=0.00 sys=0.00, real=0.01 secs] 
248.401: [GC (Allocation Failure) [PSYoungGen: 59280K->1520K(59392K)] 357851K->300099K(556544K), 0.0016783 secs] [Times: user=0.00 sys=0.00, real=0.01 secs] 
248.738: [GC (Allocation Failure) [PSYoungGen: 59374K->1552K(59904K)] 357953K->300131K(557056K), 0.0016618 secs] [Times: user=0.00 sys=0.00, real=0.00 secs] 
249.076: [GC (Allocation Failure) [PSYoungGen: 59408K->1565K(59904K)] 357987K->300144K(557056K), 0.0016391 secs] [Times: user=0.00 sys=0.00, real=0.00 secs] 
249.520: [GC (Allocation Failure) [PSYoungGen: 59421K->960K(58880K)] 358000K->300563K(556032K), 0.0019589 secs] [Times: user=0.01 sys=0.00, real=0.01 secs] 
250.020: [GC (Allocation Failure) [PSYoungGen: 58816K->320K(58368K)] 358419K->299931K(555520K), 0.0019763 secs] [Times: user=0.01 sys=0.00, real=0.01 secs] 
250.552: [GC (Allocation Failure) [PSYoungGen: 58176K->352K(58368K)] 357787K->299963K(555520K), 0.0035615 secs] [Times: user=0.01 sys=0.00, real=0.00 secs] 
250.968: [GC (Allocation Failure) [PSYoungGen: 58208K->352K(60416K)] 357819K->299963K(557568K), 0.0021634 secs] [Times: user=0.01 sys=0.01, real=0.00 secs] 
251.510: [GC (Allocation Failure) [PSYoungGen: 58208K->384K(58368K)] 357819K->299995K(555520K), 0.0030988 secs] [Times: user=0.01 sys=0.00, real=0.01 secs] 
252.029: [GC (Allocation Failure) [PSYoungGen: 58240K->1456K(60416K)] 357851K->301075K(557568K), 0.0017106 secs] [Times: user=0.01 sys=0.00, real=0.00 secs] 
252.374: [GC (Allocation Failure) [PSYoungGen: 59312K->1552K(59904K)] 358931K->301179K(557056K), 0.0016464 secs] [Times: user=0.00 sys=0.00, real=0.00 secs] 
252.712: [GC (Allocation Failure) [PSYoungGen: 59386K->1549K(59904K)] 359013K->301176K(557056K), 0.0017073 secs] [Times: user=0.01 sys=0.00, real=0.00 secs] 
253.060: [GC (Allocation Failure) [PSYoungGen: 59405K->1533K(59392K)] 359032K->301160K(556544K), 0.0017160 secs] [Times: user=0.01 sys=0.00, real=0.01 secs] 
253.392: [GC (Allocation Failure) [PSYoungGen: 59389K->1376K(59392K)] 359016K->301003K(556544K), 0.0015320 secs] [Times: user=0.00 sys=0.00, real=0.00 secs] 
253.707: [GC (Allocation Failure) [PSYoungGen: 59232K->1408K(59392K)] 358859K->301043K(556544K), 0.0018155 secs] [Times: user=0.01 sys=0.01, real=0.00 secs] 
254.192: [GC (Allocation Failure) [PSYoungGen: 59264K->1440K(59392K)] 358899K->301083K(556544K), 0.0021038 secs] [Times: user=0.01 sys=0.00, real=0.00 secs] 
254.629: [GC (Allocation Failure) [PSYoungGen: 59296K->1376K(59392K)] 358939K->301043K(556544K), 0.0026798 secs] [Times: user=0.01 sys=0.00, real=0.01 secs] 
255.150: [GC (Allocation Failure) [PSYoungGen: 59232K->1408K(59392K)] 358899K->301075K(556544K), 0.0021355 secs] [Times: user=0.01 sys=0.00, real=0.01 secs] 
255.648: [GC (Allocation Failure) [PSYoungGen: 59233K->1392K(59392K)] 358901K->301067K(556544K), 0.0017436 secs] [Times: user=0.01 sys=0.00, real=0.00 secs] 
255.990: [GC (Allocation Failure) [PSYoungGen: 59248K->1552K(59904K)] 358923K->301235K(557056K), 0.0016478 secs] [Times: user=0.01 sys=0.00, real=0.00 secs] 
256.328: [GC (Allocation Failure) [PSYoungGen: 59408K->1584K(59904K)] 359091K->301267K(557056K), 0.0015681 secs] [Times: user=0.00 sys=0.00, real=0.00 secs] 
256.669: [GC (Allocation Failure) [PSYoungGen: 59440K->1488K(59392K)] 359123K->301171K(556544K), 0.0016687 secs] [Times: user=0.00 sys=0.00, real=0.00 secs] 
257.005: [GC (Allocation Failure) [PSYoungGen: 59344K->1552K(59904K)] 359027K->301235K(557056K), 0.0015465 secs] [Times: user=0.01 sys=0.00, real=0.00 secs] 
257.275: [GC (Allocation Failure) [PSYoungGen: 59408K->1408K(59392K)] 359091K->301099K(556544K), 0.0016363 secs] [Times: user=0.01 sys=0.00, real=0.00 secs] 
257.516: [GC (Allocation Failure) [PSYoungGen: 59264K->1408K(59392K)] 358955K->301107K(556544K), 0.0015247 secs] [Times: user=0.00 sys=0.00, real=0.00 secs] 
257.887: [GC (Allocation Failure) [PSYoungGen: 59264K->1440K(59392K)] 358963K->301139K(556544K), 0.0018344 secs] [Times: user=0.01 sys=0.00, real=0.00 secs] 
258.357: [GC (Allocation Failure) [PSYoungGen: 59296K->1440K(59392K)] 358995K->301139K(556544K), 0.0017085 secs] [Times: user=0.01 sys=0.00, real=0.00 secs] 
259.102: [GC (Allocation Failure) [PSYoungGen: 59296K->1488K(59392K)] 358995K->301187K(556544K), 0.0020882 secs] [Times: user=0.00 sys=0.00, real=0.00 secs] 
259.465: [GC (Allocation Failure) [PSYoungGen: 59312K->1520K(59392K)] 359011K->301307K(556544K), 0.0015535 secs] [Times: user=0.00 sys=0.00, real=0.00 secs] 
259.802: [GC (Allocation Failure) [PSYoungGen: 59376K->1552K(59904K)] 359163K->301355K(557056K), 0.0015442 secs] [Times: user=0.00 sys=0.00, real=0.00 secs] 
260.140: [GC (Allocation Failure) [PSYoungGen: 59408K->541K(58880K)] 359211K->301368K(556032K), 0.0015396 secs] [Times: user=0.00 sys=0.00, real=0.00 secs] 
260.476: [GC (Allocation Failure) [PSYoungGen: 58397K->605K(58880K)] 359224K->301432K(556032K), 0.0015705 secs] [Times: user=0.01 sys=0.00, real=0.00 secs] 
261.199: [GC (Allocation Failure) [PSYoungGen: 58461K->1504K(59392K)] 359288K->302331K(556544K), 0.0018870 secs] [Times: user=0.00 sys=0.00, real=0.00 secs] 
261.812: [GC (Allocation Failure) [PSYoungGen: 59360K->1440K(59392K)] 360187K->302267K(556544K), 0.0026770 secs] [Times: user=0.01 sys=0.00, real=0.00 secs] 
262.380: [GC (Allocation Failure) [PSYoungGen: 59296K->1392K(59392K)] 360123K->302219K(556544K), 0.0038910 secs] [Times: user=0.01 sys=0.01, real=0.01 secs] 
262.907: [GC (Allocation Failure) [PSYoungGen: 59248K->1408K(59392K)] 360075K->302235K(556544K), 0.0032537 secs] [Times: user=0.01 sys=0.00, real=0.00 secs] 
263.403: [GC (Allocation Failure) [PSYoungGen: 59264K->1376K(59392K)] 360091K->302203K(556544K), 0.0032742 secs] [Times: user=0.02 sys=0.00, real=0.00 secs] 
263.902: [GC (Allocation Failure) [PSYoungGen: 59208K->1568K(59904K)] 360035K->302395K(557056K), 0.0014532 secs] [Times: user=0.00 sys=0.00, real=0.01 secs] 
264.240: [GC (Allocation Failure) [PSYoungGen: 59424K->541K(58880K)] 360251K->302408K(556032K), 0.0015654 secs] [Times: user=0.00 sys=0.00, real=0.00 secs] 
264.577: [GC (Allocation Failure) [PSYoungGen: 58397K->512K(58880K)] 360264K->302379K(556032K), 0.0015400 secs] [Times: user=0.00 sys=0.00, real=0.00 secs] 
264.975: [GC (Allocation Failure) [PSYoungGen: 58368K->525K(58880K)] 360235K->302392K(556032K), 0.0018070 secs] [Times: user=0.01 sys=0.00, real=0.00 secs] 
265.358: [GC (Allocation Failure) [PSYoungGen: 58381K->1408K(59392K)] 360248K->303291K(556544K), 0.0019911 secs] [Times: user=0.01 sys=0.00, real=0.00 secs] 
265.598: [GC (Allocation Failure) [PSYoungGen: 59264K->1440K(59392K)] 361147K->303323K(556544K), 0.0019519 secs] [Times: user=0.01 sys=0.00, real=0.00 secs] 
265.838: [GC (Allocation Failure) [PSYoungGen: 59296K->1392K(59392K)] 361179K->303275K(556544K), 0.0017562 secs] [Times: user=0.00 sys=0.00, real=0.00 secs] 
266.118: [GC (Allocation Failure) [PSYoungGen: 59248K->1440K(59392K)] 361131K->303323K(556544K), 0.0017170 secs] [Times: user=0.01 sys=0.00, real=0.00 secs] 
266.654: [GC (Allocation Failure) [PSYoungGen: 59296K->1376K(59392K)] 361179K->303259K(556544K), 0.0022225 secs] [Times: user=0.01 sys=0.00, real=0.00 secs] 
267.272: [GC (Allocation Failure) [PSYoungGen: 59215K->1456K(59392K)] 361098K->303339K(556544K), 0.0017070 secs] [Times: user=0.01 sys=0.00, real=0.00 secs] 
267.609: [GC (Allocation Failure) [PSYoungGen: 59312K->1584K(59904K)] 361195K->303475K(557056K), 0.0017574 secs] [Times: user=0.01 sys=0.00, real=0.00 secs] 
267.948: [GC (Allocation Failure) [PSYoungGen: 59440K->1584K(59904K)] 361331K->303475K(557056K), 0.0015318 secs] [Times: user=0.01 sys=0.00, real=0.00 secs] 
268.285: [GC (Allocation Failure) [PSYoungGen: 59440K->1520K(59392K)] 361331K->303411K(556544K), 0.0017457 secs] [Times: user=0.01 sys=0.00, real=0.00 secs] 
268.737: [GC (Allocation Failure) [PSYoungGen: 59376K->1504K(59392K)] 361267K->303395K(556544K), 0.0017064 secs] [Times: user=0.00 sys=0.00, real=0.00 secs] 
269.136: [GC (Allocation Failure) [PSYoungGen: 59360K->1408K(59392K)] 361251K->303299K(556544K), 0.0016571 secs] [Times: user=0.01 sys=0.00, real=0.00 secs] 
269.658: [GC (Allocation Failure) [PSYoungGen: 59264K->1344K(59392K)] 361155K->303235K(556544K), 0.0027273 secs] [Times: user=0.00 sys=0.00, real=0.00 secs] 
270.213: [GC (Allocation Failure) [PSYoungGen: 59200K->1440K(59392K)] 361091K->303331K(556544K), 0.0020332 secs] [Times: user=0.00 sys=0.00, real=0.00 secs] 
270.906: [GC (Allocation Failure) [PSYoungGen: 59296K->1328K(59392K)] 361187K->303219K(556544K), 0.0038943 secs] [Times: user=0.01 sys=0.00, real=0.00 secs] 
271.587: [GC (Allocation Failure) [PSYoungGen: 59164K->1456K(59392K)] 361055K->303347K(556544K), 0.0015559 secs] [Times: user=0.01 sys=0.00, real=0.00 secs] 
271.989: [GC (Allocation Failure) [PSYoungGen: 59312K->1520K(59392K)] 361203K->303435K(556544K), 0.0016331 secs] [Times: user=0.01 sys=0.00, real=0.00 secs] 
272.327: [GC (Allocation Failure) [PSYoungGen: 59376K->1520K(59392K)] 361291K->303435K(556544K), 0.0017116 secs] [Times: user=0.01 sys=0.00, real=0.00 secs] 
272.663: [GC (Allocation Failure) [PSYoungGen: 59376K->1533K(59392K)] 361291K->303448K(556544K), 0.0016926 secs] [Times: user=0.01 sys=0.00, real=0.00 secs] 
273.225: [GC (Allocation Failure) [PSYoungGen: 59389K->1408K(59392K)] 361304K->303323K(556544K), 0.0045200 secs] [Times: user=0.02 sys=0.00, real=0.00 secs] 
273.797: [GC (Allocation Failure) [PSYoungGen: 59264K->1408K(59392K)] 361179K->303323K(556544K), 0.0025159 secs] [Times: user=0.01 sys=0.00, real=0.00 secs] 
274.204: [GC (Allocation Failure) [PSYoungGen: 59264K->1376K(59392K)] 361179K->303291K(556544K), 0.0023503 secs] [Times: user=0.01 sys=0.00, real=0.00 secs] 
274.621: [GC (Allocation Failure) [PSYoungGen: 59232K->1376K(59392K)] 361147K->303291K(556544K), 0.0019541 secs] [Times: user=0.01 sys=0.00, real=0.01 secs] 
275.091: [GC (Allocation Failure) [PSYoungGen: 59232K->1424K(59392K)] 361147K->303339K(556544K), 0.0021509 secs] [Times: user=0.01 sys=0.00, real=0.01 secs] 
275.530: [GC (Allocation Failure) [PSYoungGen: 59280K->1517K(59392K)] 361195K->303496K(556544K), 0.0015095 secs] [Times: user=0.00 sys=0.00, real=0.01 secs] 
275.870: [GC (Allocation Failure) [PSYoungGen: 59373K->1552K(59904K)] 361352K->303539K(557056K), 0.0016409 secs] [Times: user=0.01 sys=0.00, real=0.00 secs] 
276.208: [GC (Allocation Failure) [PSYoungGen: 59408K->464K(58368K)] 361395K->303475K(555520K), 0.0015997 secs] [Times: user=0.01 sys=0.00, real=0.00 secs] 
276.547: [GC (Allocation Failure) [PSYoungGen: 58320K->576K(59904K)] 361331K->303587K(557056K), 0.0013999 secs] [Times: user=0.00 sys=0.00, real=0.00 secs] 
276.852: [GC (Allocation Failure) [PSYoungGen: 58432K->1424K(59392K)] 361443K->304435K(556544K), 0.0015978 secs] [Times: user=0.01 sys=0.00, real=0.00 secs] 
277.092: [GC (Allocation Failure) [PSYoungGen: 59280K->1376K(59392K)] 362291K->304387K(556544K), 0.0014062 secs] [Times: user=0.00 sys=0.00, real=0.00 secs] 
277.347: [GC (Allocation Failure) [PSYoungGen: 59232K->1408K(59392K)] 362243K->304419K(556544K), 0.0014467 secs] [Times: user=0.00 sys=0.00, real=0.00 secs] 
277.669: [GC (Allocation Failure) [PSYoungGen: 59264K->1344K(59392K)] 362275K->304355K(556544K), 0.0021522 secs] [Times: user=0.00 sys=0.00, real=0.01 secs] 
278.045: [GC (Allocation Failure) [PSYoungGen: 59200K->1376K(59392K)] 362211K->304387K(556544K), 0.0019703 secs] [Times: user=0.01 sys=0.00, real=0.00 secs] 
278.480: [GC (Allocation Failure) [PSYoungGen: 59232K->1549K(59904K)] 362243K->304560K(557056K), 0.0015067 secs] [Times: user=0.01 sys=0.00, real=0.01 secs] 
278.819: [GC (Allocation Failure) [PSYoungGen: 59396K->573K(58880K)] 362408K->304616K(556032K), 0.0015173 secs] [Times: user=0.01 sys=0.00, real=0.00 secs] 
279.217: [GC (Allocation Failure) [PSYoungGen: 58429K->525K(58880K)] 362472K->304568K(556032K), 0.0016623 secs] [Times: user=0.01 sys=0.01, real=0.00 secs] 
279.555: [GC (Allocation Failure) [PSYoungGen: 58381K->493K(58368K)] 362424K->304536K(555520K), 0.0016499 secs] [Times: user=0.00 sys=0.00, real=0.00 secs] 
280.074: [GC (Allocation Failure) [PSYoungGen: 58349K->1472K(59392K)] 362392K->305515K(556544K), 0.0024286 secs] [Times: user=0.01 sys=0.00, real=0.00 secs] 
280.588: [GC (Allocation Failure) [PSYoungGen: 59328K->1392K(59392K)] 363371K->305435K(556544K), 0.0033734 secs] [Times: user=0.01 sys=0.00, real=0.00 secs] 
281.037: [GC (Allocation Failure) [PSYoungGen: 59248K->1376K(59392K)] 363291K->305419K(556544K), 0.0030508 secs] [Times: user=0.01 sys=0.00, real=0.00 secs] 
281.287: [GC (Allocation Failure) [PSYoungGen: 59232K->1408K(59392K)] 363275K->305451K(556544K), 0.0026498 secs] [Times: user=0.01 sys=0.00, real=0.00 secs] 
281.592: [GC (Allocation Failure) [PSYoungGen: 59264K->1376K(59392K)] 363307K->305419K(556544K), 0.0017796 secs] [Times: user=0.01 sys=0.00, real=0.00 secs] 
282.009: [GC (Allocation Failure) [PSYoungGen: 59210K->1456K(59392K)] 363253K->305499K(556544K), 0.0015517 secs] [Times: user=0.01 sys=0.00, real=0.00 secs] 
282.346: [GC (Allocation Failure) [PSYoungGen: 59312K->1565K(59904K)] 363355K->305624K(557056K), 0.0016633 secs] [Times: user=0.00 sys=0.00, real=0.00 secs] 
282.684: [GC (Allocation Failure) [PSYoungGen: 59421K->528K(58880K)] 363480K->305611K(556032K), 0.0015912 secs] [Times: user=0.00 sys=0.00, real=0.00 secs] 
283.020: [GC (Allocation Failure) [PSYoungGen: 58384K->512K(58880K)] 363467K->305595K(556032K), 0.0014834 secs] [Times: user=0.00 sys=0.00, real=0.00 secs] 
283.514: [GC (Allocation Failure) [PSYoungGen: 58368K->2480K(60416K)] 363451K->307571K(557568K), 0.0019199 secs] [Times: user=0.01 sys=0.00, real=0.00 secs] 
284.064: [GC (Allocation Failure) [PSYoungGen: 60336K->1408K(59392K)] 365427K->306499K(556544K), 0.0024710 secs] [Times: user=0.01 sys=0.00, real=0.00 secs] 
284.566: [GC (Allocation Failure) [PSYoungGen: 59264K->1440K(59392K)] 364355K->306555K(556544K), 0.0022750 secs] [Times: user=0.01 sys=0.00, real=0.00 secs] 
285.034: [GC (Allocation Failure) [PSYoungGen: 59296K->1440K(59392K)] 364411K->306555K(556544K), 0.0024740 secs] [Times: user=0.00 sys=0.00, real=0.00 secs] 
285.279: [GC (Allocation Failure) [PSYoungGen: 59296K->1360K(59392K)] 364411K->306475K(556544K), 0.0018657 secs] [Times: user=0.01 sys=0.00, real=0.00 secs] 
285.655: [GC (Allocation Failure) [PSYoungGen: 59214K->1520K(59392K)] 364329K->306635K(556544K), 0.0014724 secs] [Times: user=0.01 sys=0.00, real=0.00 secs] 
286.055: [GC (Allocation Failure) [PSYoungGen: 59376K->1501K(59392K)] 364491K->306624K(556544K), 0.0015631 secs] [Times: user=0.00 sys=0.00, real=0.00 secs] 
286.397: [GC (Allocation Failure) [PSYoungGen: 59356K->1565K(59904K)] 364479K->306688K(557056K), 0.0017814 secs] [Times: user=0.01 sys=0.00, real=0.00 secs] 
286.746: [GC (Allocation Failure) [PSYoungGen: 59421K->1552K(59904K)] 364544K->306675K(557056K), 0.0016757 secs] [Times: user=0.01 sys=0.00, real=0.00 secs] 
287.172: [GC (Allocation Failure) [PSYoungGen: 59408K->1984K(59904K)] 364531K->307107K(557056K), 0.0020563 secs] [Times: user=0.01 sys=0.00, real=0.00 secs] 
287.462: [GC (Allocation Failure) [PSYoungGen: 59840K->1440K(59392K)] 364963K->306563K(556544K), 0.0019243 secs] [Times: user=0.01 sys=0.00, real=0.01 secs] 
287.702: [GC (Allocation Failure) [PSYoungGen: 59296K->1408K(59392K)] 364419K->306531K(556544K), 0.0018752 secs] [Times: user=0.00 sys=0.00, real=0.00 secs] 
287.942: [GC (Allocation Failure) [PSYoungGen: 59264K->1424K(59392K)] 364387K->306547K(556544K), 0.0018089 secs] [Times: user=0.01 sys=0.00, real=0.00 secs] 
288.182: [GC (Allocation Failure) [PSYoungGen: 59280K->1440K(59392K)] 364403K->306563K(556544K), 0.0020360 secs] [Times: user=0.01 sys=0.00, real=0.00 secs] 
288.510: [GC (Allocation Failure) [PSYoungGen: 59296K->1456K(59392K)] 364419K->306579K(556544K), 0.0017453 secs] [Times: user=0.00 sys=0.00, real=0.01 secs] 
288.927: [GC (Allocation Failure) [PSYoungGen: 59311K->1552K(59904K)] 364434K->306699K(557056K), 0.0018084 secs] [Times: user=0.01 sys=0.00, real=0.00 secs] 
289.270: [GC (Allocation Failure) [PSYoungGen: 59408K->509K(58368K)] 364555K->306696K(555520K), 0.0018855 secs] [Times: user=0.01 sys=0.00, real=0.01 secs] 
289.676: [GC (Allocation Failure) [PSYoungGen: 58365K->493K(60416K)] 364552K->306680K(557568K), 0.0016780 secs] [Times: user=0.01 sys=0.00, real=0.00 secs] 
290.015: [GC (Allocation Failure) [PSYoungGen: 58349K->1520K(59392K)] 364536K->307707K(556544K), 0.0016712 secs] [Times: user=0.01 sys=0.00, real=0.00 secs] 
291.215: [GC (Allocation Failure) [PSYoungGen: 59376K->1344K(59392K)] 365563K->307531K(556544K), 0.0036207 secs] [Times: user=0.01 sys=0.00, real=0.00 secs] 
292.151: [GC (Allocation Failure) [PSYoungGen: 59200K->1344K(59392K)] 365387K->307531K(556544K), 0.0035248 secs] [Times: user=0.01 sys=0.00, real=0.01 secs] 
292.756: [GC (Allocation Failure) [PSYoungGen: 59200K->1376K(59392K)] 365387K->307563K(556544K), 0.0032628 secs] [Times: user=0.01 sys=0.00, real=0.00 secs] 
293.225: [GC (Allocation Failure) [PSYoungGen: 59232K->1376K(59392K)] 365419K->307563K(556544K), 0.0024328 secs] [Times: user=0.01 sys=0.00, real=0.00 secs] 
293.586: [GC (Allocation Failure) [PSYoungGen: 59222K->1392K(59392K)] 365409K->307579K(556544K), 0.0017644 secs] [Times: user=0.01 sys=0.00, real=0.00 secs] 
293.940: [GC (GCLocker Initiated GC) [PSYoungGen: 59248K->1520K(59392K)] 365435K->307715K(556544K), 0.0015623 secs] [Times: user=0.01 sys=0.00, real=0.00 secs] 
294.292: [GC (Allocation Failure) [PSYoungGen: 59376K->1456K(59392K)] 367140K->309220K(556544K), 0.0015437 secs] [Times: user=0.01 sys=0.00, real=0.00 secs] 
294.637: [GC (Allocation Failure) [PSYoungGen: 59311K->1533K(59392K)] 367075K->309377K(556544K), 0.0015095 secs] [Times: user=0.01 sys=0.00, real=0.00 secs] 
294.983: [GC (Allocation Failure) [PSYoungGen: 59389K->1584K(59904K)] 367233K->309436K(557056K), 0.0016541 secs] [Times: user=0.01 sys=0.00, real=0.00 secs] 
295.722: [GC (Allocation Failure) [PSYoungGen: 59440K->512K(58880K)] 367292K->309388K(556032K), 0.0032112 secs] [Times: user=0.02 sys=0.00, real=0.00 secs] 
296.220: [GC (Allocation Failure) [PSYoungGen: 58368K->448K(58368K)] 367244K->309332K(555520K), 0.0027860 secs] [Times: user=0.01 sys=0.00, real=0.01 secs] 
296.697: [GC (Allocation Failure) [PSYoungGen: 58304K->512K(58880K)] 367188K->309396K(556032K), 0.0021270 secs] [Times: user=0.01 sys=0.00, real=0.00 secs] 
297.193: [GC (Allocation Failure) [PSYoungGen: 58368K->480K(58368K)] 367252K->309364K(555520K), 0.0020864 secs] [Times: user=0.01 sys=0.00, real=0.00 secs] 
297.587: [GC (Allocation Failure) [PSYoungGen: 58326K->1552K(59904K)] 367210K->310436K(557056K), 0.0018551 secs] [Times: user=0.01 sys=0.00, real=0.00 secs] 
297.938: [GC (Allocation Failure) [PSYoungGen: 59408K->1648K(59904K)] 368292K->310556K(557056K), 0.0017082 secs] [Times: user=0.01 sys=0.00, real=0.00 secs] 
298.275: [GC (Allocation Failure) [PSYoungGen: 59504K->1520K(59392K)] 368412K->310532K(556544K), 0.0015425 secs] [Times: user=0.00 sys=0.00, real=0.00 secs] 
298.614: [GC (Allocation Failure) [PSYoungGen: 59350K->1661K(59904K)] 368363K->310673K(557056K), 0.0016328 secs] [Times: user=0.00 sys=0.00, real=0.00 secs] 
299.015: [GC (Allocation Failure) [PSYoungGen: 59517K->1616K(59904K)] 368529K->310628K(557056K), 0.0016269 secs] [Times: user=0.00 sys=0.00, real=0.00 secs] 
299.573: [GC (Allocation Failure) [PSYoungGen: 59472K->1504K(59392K)] 368484K->310524K(556544K), 0.0023641 secs] [Times: user=0.01 sys=0.00, real=0.00 secs] 
300.055: [GC (Allocation Failure) [PSYoungGen: 59360K->1456K(59392K)] 368380K->310516K(556544K), 0.0021450 secs] [Times: user=0.01 sys=0.00, real=0.00 secs] 
300.673: [GC (Allocation Failure) [PSYoungGen: 59312K->1488K(59392K)] 368372K->310548K(556544K), 0.0040844 secs] [Times: user=0.01 sys=0.00, real=0.00 secs] 
301.249: [GC (Allocation Failure) [PSYoungGen: 59344K->1408K(59392K)] 368404K->310476K(556544K), 0.0033901 secs] [Times: user=0.01 sys=0.00, real=0.01 secs] 
301.806: [GC (Allocation Failure) [PSYoungGen: 59264K->1440K(59392K)] 368332K->310548K(556544K), 0.0038293 secs] [Times: user=0.02 sys=0.00, real=0.00 secs] 
302.349: [GC (Allocation Failure) [PSYoungGen: 59275K->1597K(59904K)] 368384K->310705K(557056K), 0.0016815 secs] [Times: user=0.00 sys=0.00, real=0.00 secs] 
302.744: [GC (Allocation Failure) [PSYoungGen: 59453K->1552K(59904K)] 368561K->310676K(557056K), 0.0017766 secs] [Times: user=0.00 sys=0.00, real=0.00 secs] 
303.139: [GC (Allocation Failure) [PSYoungGen: 59408K->1520K(59392K)] 368532K->310684K(556544K), 0.0014382 secs] [Times: user=0.01 sys=0.00, real=0.00 secs] 
303.475: [GC (Allocation Failure) [PSYoungGen: 59376K->1565K(59904K)] 368540K->310729K(557056K), 0.0015449 secs] [Times: user=0.00 sys=0.00, real=0.00 secs] 
303.794: [GC (Allocation Failure) [PSYoungGen: 59421K->1408K(59392K)] 368585K->310572K(556544K), 0.0024416 secs] [Times: user=0.01 sys=0.00, real=0.00 secs] 
304.068: [GC (Allocation Failure) [PSYoungGen: 59264K->1440K(59392K)] 368428K->310604K(556544K), 0.0017585 secs] [Times: user=0.01 sys=0.00, real=0.00 secs] 
304.441: [GC (Allocation Failure) [PSYoungGen: 59296K->1408K(59392K)] 368460K->310572K(556544K), 0.0016698 secs] [Times: user=0.00 sys=0.00, real=0.01 secs] 
305.037: [GC (Allocation Failure) [PSYoungGen: 59264K->1392K(59392K)] 368428K->310572K(556544K), 0.0041566 secs] [Times: user=0.01 sys=0.00, real=0.00 secs] 
305.674: [GC (Allocation Failure) [PSYoungGen: 59248K->1408K(59392K)] 368428K->310588K(556544K), 0.0038564 secs] [Times: user=0.01 sys=0.00, real=0.00 secs] 
306.216: [GC (Allocation Failure) [PSYoungGen: 59264K->1533K(59392K)] 368444K->310713K(556544K), 0.0014929 secs] [Times: user=0.01 sys=0.00, real=0.00 secs] 
306.553: [GC (Allocation Failure) [PSYoungGen: 59357K->1533K(59392K)] 368538K->310745K(556544K), 0.0014632 secs] [Times: user=0.01 sys=0.00, real=0.00 secs] 
306.893: [GC (Allocation Failure) [PSYoungGen: 59389K->1520K(59392K)] 368601K->310732K(556544K), 0.0015681 secs] [Times: user=0.01 sys=0.00, real=0.00 secs] 
307.229: [GC (Allocation Failure) [PSYoungGen: 59376K->1533K(59392K)] 368588K->310785K(556544K), 0.0016116 secs] [Times: user=0.00 sys=0.00, real=0.00 secs] 
307.728: [GC (Allocation Failure) [PSYoungGen: 59389K->1424K(59392K)] 368641K->310676K(556544K), 0.0029885 secs] [Times: user=0.01 sys=0.00, real=0.00 secs] 
307.966: [GC (Allocation Failure) [PSYoungGen: 59280K->1392K(59392K)] 368532K->310644K(556544K), 0.0017391 secs] [Times: user=0.01 sys=0.00, real=0.00 secs] 
308.215: [GC (Allocation Failure) [PSYoungGen: 59248K->1376K(59392K)] 368500K->310628K(556544K), 0.0018418 secs] [Times: user=0.00 sys=0.00, real=0.00 secs] 
308.467: [GC (Allocation Failure) [PSYoungGen: 59232K->1408K(59392K)] 368484K->310660K(556544K), 0.0016888 secs] [Times: user=0.01 sys=0.00, real=0.00 secs] 
308.716: [GC (Allocation Failure) [PSYoungGen: 59264K->1408K(59392K)] 368516K->310660K(556544K), 0.0018069 secs] [Times: user=0.00 sys=0.00, real=0.00 secs] 
309.102: [GC (Allocation Failure) [PSYoungGen: 59264K->1504K(59392K)] 368516K->310812K(556544K), 0.0015283 secs] [Times: user=0.00 sys=0.00, real=0.00 secs] 
309.439: [GC (Allocation Failure) [PSYoungGen: 59360K->1552K(59904K)] 368668K->310868K(557056K), 0.0016734 secs] [Times: user=0.01 sys=0.00, real=0.00 secs] 
309.837: [GC (Allocation Failure) [PSYoungGen: 59408K->509K(58368K)] 368724K->310849K(555520K), 0.0017148 secs] [Times: user=0.01 sys=0.00, real=0.00 secs] 
310.172: [GC (Allocation Failure) [PSYoungGen: 58365K->541K(59904K)] 368705K->310881K(557056K), 0.0015905 secs] [Times: user=0.01 sys=0.00, real=0.00 secs] 
310.893: [GC (Allocation Failure) [PSYoungGen: 58397K->1424K(59392K)] 368737K->311764K(556544K), 0.0033384 secs] [Times: user=0.01 sys=0.00, real=0.00 secs] 
311.739: [GC (Allocation Failure) [PSYoungGen: 59280K->1376K(59392K)] 369620K->311716K(556544K), 0.0033573 secs] [Times: user=0.01 sys=0.01, real=0.01 secs] 
312.055: [GC (Allocation Failure) [PSYoungGen: 59232K->1408K(59392K)] 369572K->311756K(556544K), 0.0019920 secs] [Times: user=0.01 sys=0.00, real=0.00 secs] 
312.299: [GC (Allocation Failure) [PSYoungGen: 59264K->1408K(59392K)] 369612K->311756K(556544K), 0.0019213 secs] [Times: user=0.01 sys=0.00, real=0.00 secs] 
312.556: [GC (Allocation Failure) [PSYoungGen: 59264K->1408K(59392K)] 369612K->311756K(556544K), 0.0015081 secs] [Times: user=0.00 sys=0.00, real=0.00 secs] 
312.928: [GC (Allocation Failure) [PSYoungGen: 59264K->1517K(59392K)] 369612K->311865K(556544K), 0.0015445 secs] [Times: user=0.00 sys=0.00, real=0.00 secs] 
313.267: [GC (Allocation Failure) [PSYoungGen: 59361K->1533K(59392K)] 369709K->311897K(556544K), 0.0015043 secs] [Times: user=0.00 sys=0.00, real=0.00 secs] 
313.663: [GC (Allocation Failure) [PSYoungGen: 59389K->1552K(59904K)] 369753K->311916K(557056K), 0.0017772 secs] [Times: user=0.01 sys=0.00, real=0.00 secs] 
313.999: [GC (Allocation Failure) [PSYoungGen: 59408K->509K(58368K)] 369772K->311921K(555520K), 0.0018328 secs] [Times: user=0.01 sys=0.00, real=0.00 secs] 
314.560: [GC (Allocation Failure) [PSYoungGen: 58365K->1488K(59904K)] 369777K->312900K(557056K), 0.0023044 secs] [Times: user=0.01 sys=0.00, real=0.01 secs] 
314.978: [GC (Allocation Failure) [PSYoungGen: 59344K->1456K(59392K)] 370756K->312868K(556544K), 0.0020653 secs] [Times: user=0.01 sys=0.00, real=0.00 secs] 
315.226: [GC (Allocation Failure) [PSYoungGen: 59312K->1376K(59392K)] 370724K->312796K(556544K), 0.0020118 secs] [Times: user=0.01 sys=0.00, real=0.00 secs] 
315.555: [GC (Allocation Failure) [PSYoungGen: 59232K->1408K(59392K)] 370652K->312828K(556544K), 0.0019160 secs] [Times: user=0.00 sys=0.00, real=0.00 secs] 
315.877: [GC (Allocation Failure) [PSYoungGen: 59264K->1376K(59392K)] 370684K->312796K(556544K), 0.0018670 secs] [Times: user=0.00 sys=0.00, real=0.00 secs] 
316.230: [GC (Allocation Failure) [PSYoungGen: 59232K->1504K(59392K)] 370652K->312924K(556544K), 0.0014936 secs] [Times: user=0.00 sys=0.00, real=0.00 secs] 
316.569: [GC (Allocation Failure) [PSYoungGen: 59355K->1552K(59904K)] 370776K->312988K(557056K), 0.0018100 secs] [Times: user=0.01 sys=0.00, real=0.00 secs] 
316.907: [GC (Allocation Failure) [PSYoungGen: 59408K->496K(58368K)] 370844K->312956K(555520K), 0.0015754 secs] [Times: user=0.01 sys=0.00, real=0.00 secs] 
317.248: [GC (Allocation Failure) [PSYoungGen: 58352K->557K(59904K)] 370812K->313017K(557056K), 0.0015325 secs] [Times: user=0.00 sys=0.00, real=0.00 secs] 
317.726: [GC (Allocation Failure) [PSYoungGen: 58413K->1456K(59392K)] 370873K->313916K(556544K), 0.0018314 secs] [Times: user=0.01 sys=0.00, real=0.00 secs] 
318.130: [GC (Allocation Failure) [PSYoungGen: 59312K->1376K(59392K)] 371772K->313836K(556544K), 0.0019911 secs] [Times: user=0.00 sys=0.01, real=0.01 secs] 
318.371: [GC (Allocation Failure) [PSYoungGen: 59232K->1344K(59392K)] 371692K->313804K(556544K), 0.0018295 secs] [Times: user=0.01 sys=0.00, real=0.01 secs] 
318.612: [GC (Allocation Failure) [PSYoungGen: 59200K->1376K(59392K)] 371660K->313836K(556544K), 0.0018408 secs] [Times: user=0.01 sys=0.00, real=0.00 secs] 
318.853: [GC (Allocation Failure) [PSYoungGen: 59232K->1440K(59392K)] 371692K->313900K(556544K), 0.0017659 secs] [Times: user=0.01 sys=0.00, real=0.00 secs] 
319.209: [GC (Allocation Failure) [PSYoungGen: 59267K->1552K(59904K)] 371728K->314012K(557056K), 0.0014780 secs] [Times: user=0.00 sys=0.00, real=0.00 secs] 
319.544: [GC (Allocation Failure) [PSYoungGen: 59408K->541K(58880K)] 371868K->314033K(556032K), 0.0016998 secs] [Times: user=0.01 sys=0.00, real=0.00 secs] 
319.882: [GC (Allocation Failure) [PSYoungGen: 58397K->557K(58880K)] 371889K->314049K(556032K), 0.0016052 secs] [Times: user=0.01 sys=0.00, real=0.00 secs] 
320.218: [GC (Allocation Failure) [PSYoungGen: 58413K->557K(58880K)] 371905K->314049K(556032K), 0.0016237 secs] [Times: user=0.01 sys=0.00, real=0.00 secs] 
320.656: [GC (Allocation Failure) [PSYoungGen: 58413K->2512K(60416K)] 371905K->316004K(557568K), 0.0017029 secs] [Times: user=0.01 sys=0.00, real=0.00 secs] 
320.904: [GC (Allocation Failure) [PSYoungGen: 60368K->1376K(59392K)] 373860K->314868K(556544K), 0.0018352 secs] [Times: user=0.01 sys=0.00, real=0.00 secs] 
321.145: [GC (Allocation Failure) [PSYoungGen: 59232K->1408K(59392K)] 372724K->314900K(556544K), 0.0018958 secs] [Times: user=0.01 sys=0.00, real=0.00 secs] 
321.385: [GC (Allocation Failure) [PSYoungGen: 59264K->1376K(59392K)] 372756K->314868K(556544K), 0.0018822 secs] [Times: user=0.01 sys=0.00, real=0.00 secs] 
321.716: [GC (Allocation Failure) [PSYoungGen: 59232K->1392K(59392K)] 372724K->314884K(556544K), 0.0036394 secs] [Times: user=0.01 sys=0.00, real=0.00 secs] 
322.065: [GC (Allocation Failure) [PSYoungGen: 59248K->1424K(59392K)] 372740K->314916K(556544K), 0.0015690 secs] [Times: user=0.01 sys=0.00, real=0.00 secs] 
322.403: [GC (Allocation Failure) [PSYoungGen: 59280K->1552K(59904K)] 372772K->315052K(557056K), 0.0015465 secs] [Times: user=0.01 sys=0.00, real=0.00 secs] 
322.741: [GC (Allocation Failure) [PSYoungGen: 59408K->1488K(59392K)] 372908K->315004K(556544K), 0.0015716 secs] [Times: user=0.01 sys=0.00, real=0.01 secs] 
323.077: [GC (Allocation Failure) [PSYoungGen: 59344K->1533K(59392K)] 372860K->315049K(556544K), 0.0015730 secs] [Times: user=0.01 sys=0.00, real=0.00 secs] 
323.441: [GC (Allocation Failure) [PSYoungGen: 59389K->2496K(60416K)] 372905K->316012K(557568K), 0.0017285 secs] [Times: user=0.01 sys=0.00, real=0.01 secs] 
323.920: [GC (Allocation Failure) [PSYoungGen: 60352K->1376K(59392K)] 373868K->314892K(556544K), 0.0040745 secs] [Times: user=0.02 sys=0.00, real=0.01 secs] 
324.359: [GC (Allocation Failure) [PSYoungGen: 59232K->1376K(59392K)] 372748K->314892K(556544K), 0.0025993 secs] [Times: user=0.01 sys=0.00, real=0.00 secs] 
324.799: [GC (Allocation Failure) [PSYoungGen: 59232K->1376K(59392K)] 372748K->314892K(556544K), 0.0025003 secs] [Times: user=0.01 sys=0.00, real=0.01 secs] 
325.407: [GC (Allocation Failure) [PSYoungGen: 59232K->1408K(59392K)] 372748K->314924K(556544K), 0.0024930 secs] [Times: user=0.01 sys=0.00, real=0.00 secs] 
326.133: [GC (Allocation Failure) [PSYoungGen: 59264K->1453K(59392K)] 372780K->314969K(556544K), 0.0017107 secs] [Times: user=0.00 sys=0.00, real=0.00 secs] 
326.478: [GC (Allocation Failure) [PSYoungGen: 59309K->1520K(59392K)] 372825K->315044K(556544K), 0.0017542 secs] [Times: user=0.01 sys=0.00, real=0.00 secs] 
326.817: [GC (Allocation Failure) [PSYoungGen: 59376K->1565K(59904K)] 372900K->315089K(557056K), 0.0016294 secs] [Times: user=0.01 sys=0.00, real=0.00 secs] 
327.155: [GC (Allocation Failure) [PSYoungGen: 59421K->1520K(59392K)] 372945K->315044K(556544K), 0.0016643 secs] [Times: user=0.01 sys=0.00, real=0.00 secs] 
327.537: [GC (Allocation Failure) [PSYoungGen: 59376K->1744K(59904K)] 372900K->315268K(557056K), 0.0018754 secs] [Times: user=0.00 sys=0.00, real=0.00 secs] 
328.104: [GC (Allocation Failure) [PSYoungGen: 59600K->384K(58368K)] 373124K->314932K(555520K), 0.0033033 secs] [Times: user=0.01 sys=0.00, real=0.00 secs] 
328.614: [GC (Allocation Failure) [PSYoungGen: 58240K->336K(60416K)] 372788K->314884K(557568K), 0.0023216 secs] [Times: user=0.01 sys=0.00, real=0.00 secs] 
329.017: [GC (Allocation Failure) [PSYoungGen: 58192K->352K(58368K)] 372740K->314900K(555520K), 0.0025388 secs] [Times: user=0.01 sys=0.00, real=0.00 secs] 
329.417: [GC (Allocation Failure) [PSYoungGen: 58208K->288K(60416K)] 372756K->314836K(557568K), 0.0018849 secs] [Times: user=0.01 sys=0.00, real=0.00 secs] 
329.864: [GC (Allocation Failure) [PSYoungGen: 58144K->1456K(59392K)] 372692K->316004K(556544K), 0.0015827 secs] [Times: user=0.01 sys=0.00, real=0.00 secs] 
330.202: [GC (Allocation Failure) [PSYoungGen: 59304K->1597K(59904K)] 373852K->316153K(557056K), 0.0017226 secs] [Times: user=0.01 sys=0.00, real=0.00 secs] 
330.539: [GC (Allocation Failure) [PSYoungGen: 59453K->1488K(59392K)] 374009K->316044K(556544K), 0.0015949 secs] [Times: user=0.00 sys=0.00, real=0.00 secs] 
330.876: [GC (Allocation Failure) [PSYoungGen: 59344K->1533K(59392K)] 373900K->316089K(556544K), 0.0015232 secs] [Times: user=0.00 sys=0.00, real=0.00 secs] 
331.211: [GC (Allocation Failure) [PSYoungGen: 59389K->400K(58368K)] 373945K->314956K(555520K), 0.0018346 secs] [Times: user=0.01 sys=0.00, real=0.01 secs] 
331.672: [GC (Allocation Failure) [PSYoungGen: 58256K->1408K(60416K)] 372812K->315964K(557568K), 0.0017707 secs] [Times: user=0.01 sys=0.00, real=0.00 secs] 
332.008: [GC (Allocation Failure) [PSYoungGen: 59264K->1392K(59392K)] 373820K->315948K(556544K), 0.0027435 secs] [Times: user=0.01 sys=0.00, real=0.00 secs] 
332.259: [GC (Allocation Failure) [PSYoungGen: 59248K->1344K(59392K)] 373804K->315900K(556544K), 0.0022368 secs] [Times: user=0.01 sys=0.00, real=0.00 secs] 
332.507: [GC (Allocation Failure) [PSYoungGen: 59200K->1392K(59392K)] 373756K->315948K(556544K), 0.0021497 secs] [Times: user=0.00 sys=0.00, real=0.00 secs] 
332.821: [GC (Allocation Failure) [PSYoungGen: 59230K->1424K(59392K)] 373786K->315980K(556544K), 0.0019523 secs] [Times: user=0.01 sys=0.00, real=0.01 secs] 
333.168: [GC (Allocation Failure) [PSYoungGen: 59280K->1565K(59904K)] 373836K->316137K(557056K), 0.0016133 secs] [Times: user=0.00 sys=0.00, real=0.00 secs] 
333.505: [GC (Allocation Failure) [PSYoungGen: 59403K->1584K(59904K)] 373976K->316172K(557056K), 0.0017473 secs] [Times: user=0.00 sys=0.00, real=0.00 secs] 
333.843: [GC (Allocation Failure) [PSYoungGen: 59440K->1533K(59392K)] 374028K->316145K(556544K), 0.0014498 secs] [Times: user=0.00 sys=0.00, real=0.00 secs] 
334.182: [GC (Allocation Failure) [PSYoungGen: 59389K->1520K(59392K)] 374001K->316132K(556544K), 0.0015138 secs] [Times: user=0.00 sys=0.00, real=0.00 secs] 
334.569: [GC (Allocation Failure) [PSYoungGen: 59376K->1472K(59392K)] 373988K->316084K(556544K), 0.0017583 secs] [Times: user=0.01 sys=0.00, real=0.00 secs] 
334.807: [GC (Allocation Failure) [PSYoungGen: 59328K->1408K(59392K)] 373940K->316020K(556544K), 0.0016762 secs] [Times: user=0.00 sys=0.00, real=0.00 secs] 
335.048: [GC (Allocation Failure) [PSYoungGen: 59264K->1408K(59392K)] 373876K->316020K(556544K), 0.0019002 secs] [Times: user=0.00 sys=0.00, real=0.00 secs] 
335.318: [GC (Allocation Failure) [PSYoungGen: 59264K->1376K(59392K)] 373876K->315988K(556544K), 0.0018033 secs] [Times: user=0.01 sys=0.00, real=0.00 secs] 
335.770: [GC (Allocation Failure) [PSYoungGen: 59232K->1437K(59392K)] 373844K->316049K(556544K), 0.0019441 secs] [Times: user=0.01 sys=0.00, real=0.01 secs] 
336.137: [GC (Allocation Failure) [PSYoungGen: 59273K->1520K(59392K)] 373886K->316132K(556544K), 0.0016669 secs] [Times: user=0.01 sys=0.00, real=0.00 secs] 
336.474: [GC (Allocation Failure) [PSYoungGen: 59376K->1520K(59392K)] 373988K->316148K(556544K), 0.0016267 secs] [Times: user=0.00 sys=0.00, real=0.00 secs] 
336.811: [GC (Allocation Failure) [PSYoungGen: 59376K->1552K(59904K)] 374004K->316180K(557056K), 0.0015869 secs] [Times: user=0.00 sys=0.00, real=0.01 secs] 
337.151: [GC (Allocation Failure) [PSYoungGen: 59408K->496K(58368K)] 374036K->316148K(555520K), 0.0016977 secs] [Times: user=0.01 sys=0.00, real=0.01 secs] 
337.754: [GC (Allocation Failure) [PSYoungGen: 58352K->1456K(59904K)] 374004K->317108K(557056K), 0.0020716 secs] [Times: user=0.01 sys=0.00, real=0.00 secs] 
338.266: [GC (Allocation Failure) [PSYoungGen: 59312K->1360K(59392K)] 374964K->317012K(556544K), 0.0030226 secs] [Times: user=0.01 sys=0.00, real=0.00 secs] 
338.718: [GC (Allocation Failure) [PSYoungGen: 59216K->1376K(59392K)] 374868K->317028K(556544K), 0.0027762 secs] [Times: user=0.01 sys=0.00, real=0.00 secs] 
338.954: [GC (Allocation Failure) [PSYoungGen: 59232K->1408K(59392K)] 374884K->317060K(556544K), 0.0019664 secs] [Times: user=0.01 sys=0.00, real=0.00 secs] 
339.194: [GC (Allocation Failure) [PSYoungGen: 59264K->1408K(59392K)] 374916K->317060K(556544K), 0.0016904 secs] [Times: user=0.01 sys=0.00, real=0.00 secs] 
339.550: [GC (Allocation Failure) [PSYoungGen: 59240K->1533K(59392K)] 374893K->317185K(556544K), 0.0014347 secs] [Times: user=0.00 sys=0.00, real=0.01 secs] 
339.887: [GC (Allocation Failure) [PSYoungGen: 59389K->1565K(59904K)] 375041K->317233K(557056K), 0.0015302 secs] [Times: user=0.00 sys=0.00, real=0.00 secs] 
340.224: [GC (Allocation Failure) [PSYoungGen: 59421K->496K(58368K)] 375089K->317188K(555520K), 0.0016828 secs] [Times: user=0.01 sys=0.00, real=0.00 secs] 
340.560: [GC (Allocation Failure) [PSYoungGen: 58352K->557K(59904K)] 375044K->317249K(557056K), 0.0015373 secs] [Times: user=0.00 sys=0.00, real=0.00 secs] 
340.866: [GC (Allocation Failure) [PSYoungGen: 58413K->1440K(59392K)] 375105K->318132K(556544K), 0.0019438 secs] [Times: user=0.01 sys=0.00, real=0.00 secs] 
341.106: [GC (Allocation Failure) [PSYoungGen: 59296K->1376K(59392K)] 375988K->318068K(556544K), 0.0018699 secs] [Times: user=0.01 sys=0.00, real=0.00 secs] 
341.346: [GC (Allocation Failure) [PSYoungGen: 59232K->1376K(59392K)] 375924K->318068K(556544K), 0.0016615 secs] [Times: user=0.01 sys=0.00, real=0.00 secs] 
341.591: [GC (Allocation Failure) [PSYoungGen: 59232K->1408K(59392K)] 375924K->318100K(556544K), 0.0019923 secs] [Times: user=0.01 sys=0.00, real=0.01 secs] 
341.837: [GC (Allocation Failure) [PSYoungGen: 59264K->1376K(59392K)] 375956K->318068K(556544K), 0.0015640 secs] [Times: user=0.00 sys=0.00, real=0.00 secs] 
342.211: [GC (Allocation Failure) [PSYoungGen: 59232K->1488K(59392K)] 375924K->318188K(556544K), 0.0017886 secs] [Times: user=0.01 sys=0.00, real=0.01 secs] 
342.550: [GC (Allocation Failure) [PSYoungGen: 59344K->1520K(59392K)] 376044K->318228K(556544K), 0.0016074 secs] [Times: user=0.01 sys=0.00, real=0.00 secs] 
342.887: [GC (Allocation Failure) [PSYoungGen: 59376K->1584K(59904K)] 376084K->318316K(557056K), 0.0017054 secs] [Times: user=0.00 sys=0.00, real=0.00 secs] 
343.226: [GC (Allocation Failure) [PSYoungGen: 59440K->573K(58880K)] 376172K->318329K(556032K), 0.0015743 secs] [Times: user=0.00 sys=0.00, real=0.00 secs] 
343.925: [GC (Allocation Failure) [PSYoungGen: 58429K->1456K(59392K)] 376185K->319212K(556544K), 0.0026830 secs] [Times: user=0.01 sys=0.01, real=0.00 secs] 
344.648: [GC (Allocation Failure) [PSYoungGen: 59312K->1408K(59392K)] 377068K->319164K(556544K), 0.0025447 secs] [Times: user=0.01 sys=0.00, real=0.00 secs] 
344.928: [GC (Allocation Failure) [PSYoungGen: 59264K->1376K(59392K)] 377020K->319132K(556544K), 0.0019641 secs] [Times: user=0.01 sys=0.00, real=0.00 secs] 
345.168: [GC (Allocation Failure) [PSYoungGen: 59232K->1408K(59392K)] 376988K->319164K(556544K), 0.0017272 secs] [Times: user=0.00 sys=0.00, real=0.00 secs] 
345.408: [GC (Allocation Failure) [PSYoungGen: 59264K->1376K(59392K)] 377020K->319132K(556544K), 0.0019487 secs] [Times: user=0.00 sys=0.00, real=0.00 secs] 
345.744: [GC (Allocation Failure) [PSYoungGen: 59223K->1520K(59392K)] 376980K->319300K(556544K), 0.0015061 secs] [Times: user=0.01 sys=0.00, real=0.00 secs] 
346.084: [GC (Allocation Failure) [PSYoungGen: 59376K->1549K(59904K)] 377156K->319337K(557056K), 0.0016404 secs] [Times: user=0.01 sys=0.00, real=0.00 secs] 
346.477: [GC (Allocation Failure) [PSYoungGen: 59405K->560K(58880K)] 377193K->319372K(556032K), 0.0016627 secs] [Times: user=0.00 sys=0.00, real=0.00 secs] 
346.816: [GC (Allocation Failure) [PSYoungGen: 58416K->509K(58368K)] 377228K->319321K(555520K), 0.0017298 secs] [Times: user=0.01 sys=0.00, real=0.00 secs] 
347.162: [GC (Allocation Failure) [PSYoungGen: 58365K->1456K(59392K)] 377177K->320268K(556544K), 0.0021731 secs] [Times: user=0.01 sys=0.00, real=0.00 secs] 
347.403: [GC (Allocation Failure) [PSYoungGen: 59312K->1408K(59392K)] 378124K->320220K(556544K), 0.0020313 secs] [Times: user=0.00 sys=0.00, real=0.00 secs] 
347.644: [GC (Allocation Failure) [PSYoungGen: 59264K->1376K(59392K)] 378076K->320204K(556544K), 0.0019917 secs] [Times: user=0.01 sys=0.01, real=0.00 secs] 
347.884: [GC (Allocation Failure) [PSYoungGen: 59232K->1408K(59392K)] 378060K->320236K(556544K), 0.0020072 secs] [Times: user=0.01 sys=0.00, real=0.00 secs] 
348.124: [GC (Allocation Failure) [PSYoungGen: 59264K->1376K(59392K)] 378092K->320204K(556544K), 0.0017800 secs] [Times: user=0.01 sys=0.00, real=0.00 secs] 
348.558: [GC (Allocation Failure) [PSYoungGen: 59215K->1565K(59904K)] 378044K->320401K(557056K), 0.0015408 secs] [Times: user=0.01 sys=0.00, real=0.00 secs] 
348.898: [GC (Allocation Failure) [PSYoungGen: 59421K->528K(58880K)] 378257K->320412K(556032K), 0.0015953 secs] [Times: user=0.01 sys=0.00, real=0.00 secs] 
349.238: [GC (Allocation Failure) [PSYoungGen: 58384K->589K(58880K)] 378268K->320473K(556032K), 0.0015531 secs] [Times: user=0.01 sys=0.00, real=0.00 secs] 
349.578: [GC (Allocation Failure) [PSYoungGen: 58445K->525K(58880K)] 378329K->320409K(556032K), 0.0016496 secs] [Times: user=0.01 sys=0.00, real=0.00 secs] 
349.892: [GC (Allocation Failure) [PSYoungGen: 58381K->1456K(59392K)] 378265K->321340K(556544K), 0.0016662 secs] [Times: user=0.00 sys=0.00, real=0.01 secs] 
350.152: [GC (Allocation Failure) [PSYoungGen: 59312K->1376K(59392K)] 379196K->321260K(556544K), 0.0015549 secs] [Times: user=0.01 sys=0.00, real=0.01 secs] 
350.555: [GC (Allocation Failure) [PSYoungGen: 59232K->1360K(59392K)] 379116K->321244K(556544K), 0.0017244 secs] [Times: user=0.00 sys=0.00, real=0.00 secs] 
351.127: [GC (Allocation Failure) [PSYoungGen: 59216K->1376K(59392K)] 379100K->321260K(556544K), 0.0021853 secs] [Times: user=0.01 sys=0.00, real=0.00 secs] 
351.706: [GC (Allocation Failure) [PSYoungGen: 59232K->1376K(59392K)] 379116K->321260K(556544K), 0.0020802 secs] [Times: user=0.00 sys=0.00, real=0.00 secs] 
352.261: [GC (Allocation Failure) [PSYoungGen: 59229K->1488K(59392K)] 379114K->321372K(556544K), 0.0015706 secs] [Times: user=0.01 sys=0.00, real=0.01 secs] 
352.602: [GC (Allocation Failure) [PSYoungGen: 59344K->1597K(59904K)] 379228K->321497K(557056K), 0.0016790 secs] [Times: user=0.00 sys=0.00, real=0.00 secs] 
352.943: [GC (Allocation Failure) [PSYoungGen: 59453K->1552K(59904K)] 379353K->321452K(557056K), 0.0015245 secs] [Times: user=0.00 sys=0.00, real=0.00 secs] 
353.342: [GC (Allocation Failure) [PSYoungGen: 59408K->1520K(59392K)] 379308K->321420K(556544K), 0.0017003 secs] [Times: user=0.00 sys=0.00, real=0.00 secs] 
353.702: [GC (Allocation Failure) [PSYoungGen: 59376K->1488K(59392K)] 379276K->321388K(556544K), 0.0021127 secs] [Times: user=0.00 sys=0.00, real=0.01 secs] 
353.986: [GC (Allocation Failure) [PSYoungGen: 59344K->1376K(59392K)] 379244K->321292K(556544K), 0.0030637 secs] [Times: user=0.01 sys=0.00, real=0.00 secs] 
354.266: [GC (Allocation Failure) [PSYoungGen: 59232K->1408K(59392K)] 379148K->321332K(556544K), 0.0020625 secs] [Times: user=0.01 sys=0.00, real=0.00 secs] 
354.529: [GC (Allocation Failure) [PSYoungGen: 59264K->1376K(59392K)] 379188K->321300K(556544K), 0.0020405 secs] [Times: user=0.00 sys=0.00, real=0.00 secs] 
354.775: [GC (Allocation Failure) [PSYoungGen: 59232K->1344K(59392K)] 379156K->321268K(556544K), 0.0016079 secs] [Times: user=0.01 sys=0.00, real=0.00 secs] 
355.229: [GC (Allocation Failure) [PSYoungGen: 59200K->1485K(59392K)] 379124K->321409K(556544K), 0.0045321 secs] [Times: user=0.02 sys=0.00, real=0.01 secs] 
355.592: [GC (Allocation Failure) [PSYoungGen: 59341K->1520K(59392K)] 379265K->321468K(556544K), 0.0016637 secs] [Times: user=0.01 sys=0.00, real=0.00 secs] 
355.933: [GC (Allocation Failure) [PSYoungGen: 59345K->1552K(59904K)] 379293K->321500K(557056K), 0.0015975 secs] [Times: user=0.01 sys=0.00, real=0.00 secs] 
356.274: [GC (Allocation Failure) [PSYoungGen: 59408K->509K(58368K)] 379356K->321481K(555520K), 0.0017186 secs] [Times: user=0.01 sys=0.00, real=0.00 secs] 
356.695: [GC (Allocation Failure) [PSYoungGen: 58365K->1488K(59904K)] 379337K->323484K(557056K), 0.0021121 secs] [Times: user=0.01 sys=0.00, real=0.00 secs] 
357.345: [GC (Allocation Failure) [PSYoungGen: 59344K->352K(58368K)] 381340K->322348K(555520K), 0.0037439 secs] [Times: user=0.01 sys=0.00, real=0.00 secs] 
357.762: [GC (Allocation Failure) [PSYoungGen: 58208K->352K(60416K)] 380204K->322348K(557568K), 0.0021353 secs] [Times: user=0.00 sys=0.00, real=0.00 secs] 
358.027: [GC (Allocation Failure) [PSYoungGen: 58208K->320K(58368K)] 380204K->322316K(555520K), 0.0019107 secs] [Times: user=0.01 sys=0.00, real=0.00 secs] 
358.267: [GC (Allocation Failure) [PSYoungGen: 58176K->320K(60416K)] 380172K->322316K(557568K), 0.0016544 secs] [Times: user=0.01 sys=0.00, real=0.00 secs] 
358.613: [GC (Allocation Failure) [PSYoungGen: 58176K->1488K(59392K)] 380172K->323484K(556544K), 0.0014685 secs] [Times: user=0.00 sys=0.00, real=0.00 secs] 
358.955: [GC (Allocation Failure) [PSYoungGen: 59344K->1520K(59392K)] 381340K->323524K(556544K), 0.0016427 secs] [Times: user=0.01 sys=0.00, real=0.00 secs] 
359.295: [GC (Allocation Failure) [PSYoungGen: 59348K->1520K(59392K)] 381353K->323524K(556544K), 0.0016197 secs] [Times: user=0.01 sys=0.00, real=0.00 secs] 
359.635: [GC (Allocation Failure) [PSYoungGen: 59376K->1552K(59904K)] 381380K->323556K(557056K), 0.0016333 secs] [Times: user=0.01 sys=0.00, real=0.00 secs] 
360.145: [GC (Allocation Failure) [PSYoungGen: 59408K->2016K(59904K)] 381412K->324020K(557056K), 0.0018286 secs] [Times: user=0.01 sys=0.00, real=0.00 secs] 
360.712: [GC (Allocation Failure) [PSYoungGen: 59872K->1344K(59392K)] 381876K->323348K(556544K), 0.0019580 secs] [Times: user=0.01 sys=0.00, real=0.01 secs] 
360.952: [GC (Allocation Failure) [PSYoungGen: 59200K->1376K(59392K)] 381204K->323380K(556544K), 0.0019318 secs] [Times: user=0.01 sys=0.00, real=0.00 secs] 
361.236: [GC (Allocation Failure) [PSYoungGen: 59232K->1408K(59392K)] 381236K->323412K(556544K), 0.0020299 secs] [Times: user=0.01 sys=0.00, real=0.00 secs] 
361.477: [GC (Allocation Failure) [PSYoungGen: 59264K->1344K(59392K)] 381268K->323348K(556544K), 0.0019190 secs] [Times: user=0.00 sys=0.00, real=0.00 secs] 
361.783: [GC (Allocation Failure) [PSYoungGen: 59200K->1453K(59392K)] 381204K->323457K(556544K), 0.0014969 secs] [Times: user=0.00 sys=0.00, real=0.00 secs] 
362.124: [GC (Allocation Failure) [PSYoungGen: 59309K->1552K(59904K)] 381313K->323564K(557056K), 0.0017147 secs] [Times: user=0.00 sys=0.00, real=0.00 secs] 
362.469: [GC (Allocation Failure) [PSYoungGen: 59408K->1581K(59904K)] 381420K->323593K(557056K), 0.0017195 secs] [Times: user=0.00 sys=0.00, real=0.00 secs] 
362.810: [GC (Allocation Failure) [PSYoungGen: 59437K->1533K(59392K)] 381449K->323553K(556544K), 0.0016011 secs] [Times: user=0.00 sys=0.00, real=0.01 secs] 
363.188: [GC (Allocation Failure) [PSYoungGen: 59389K->1536K(59904K)] 381409K->323572K(557056K), 0.0019835 secs] [Times: user=0.01 sys=0.00, real=0.00 secs] 
363.460: [GC (Allocation Failure) [PSYoungGen: 59392K->1376K(59392K)] 381428K->323412K(556544K), 0.0015483 secs] [Times: user=0.01 sys=0.00, real=0.00 secs] 
363.701: [GC (Allocation Failure) [PSYoungGen: 59232K->1360K(59392K)] 381268K->323396K(556544K), 0.0015684 secs] [Times: user=0.00 sys=0.00, real=0.01 secs] 
363.947: [GC (Allocation Failure) [PSYoungGen: 59216K->1376K(59392K)] 381252K->323412K(556544K), 0.0017196 secs] [Times: user=0.01 sys=0.00, real=0.00 secs] 
364.187: [GC (Allocation Failure) [PSYoungGen: 59232K->1376K(59392K)] 381268K->323412K(556544K), 0.0024098 secs] [Times: user=0.01 sys=0.00, real=0.00 secs] 
364.520: [GC (Allocation Failure) [PSYoungGen: 59205K->1469K(59392K)] 381242K->323505K(556544K), 0.0014399 secs] [Times: user=0.01 sys=0.00, real=0.00 secs] 
364.859: [GC (Allocation Failure) [PSYoungGen: 59325K->1584K(59904K)] 381361K->323636K(557056K), 0.0016302 secs] [Times: user=0.01 sys=0.00, real=0.00 secs] 
365.201: [GC (Allocation Failure) [PSYoungGen: 59419K->560K(58880K)] 381472K->323636K(556032K), 0.0016895 secs] [Times: user=0.01 sys=0.00, real=0.01 secs] 
365.547: [GC (Allocation Failure) [PSYoungGen: 58416K->525K(58880K)] 381492K->323601K(556032K), 0.0014372 secs] [Times: user=0.01 sys=0.00, real=0.00 secs] 
365.893: [GC (Allocation Failure) [PSYoungGen: 58381K->525K(58880K)] 381457K->323601K(556032K), 0.0016320 secs] [Times: user=0.00 sys=0.00, real=0.00 secs] 
366.155: [GC (Allocation Failure) [PSYoungGen: 58381K->1408K(59392K)] 381457K->324484K(556544K), 0.0018349 secs] [Times: user=0.01 sys=0.00, real=0.00 secs] 
366.415: [GC (Allocation Failure) [PSYoungGen: 59264K->1376K(59392K)] 382340K->324452K(556544K), 0.0017372 secs] [Times: user=0.01 sys=0.00, real=0.00 secs] 
366.830: [GC (Allocation Failure) [PSYoungGen: 59232K->1408K(59392K)] 382308K->324484K(556544K), 0.0016954 secs] [Times: user=0.00 sys=0.00, real=0.01 secs] 
367.333: [GC (Allocation Failure) [PSYoungGen: 59264K->1376K(59392K)] 382340K->324452K(556544K), 0.0017428 secs] [Times: user=0.01 sys=0.00, real=0.00 secs] 
367.903: [GC (Allocation Failure) [PSYoungGen: 59232K->1424K(59392K)] 382308K->324500K(556544K), 0.0019362 secs] [Times: user=0.00 sys=0.00, real=0.00 secs] 
368.244: [GC (Allocation Failure) [PSYoungGen: 59280K->1520K(59392K)] 382356K->324604K(556544K), 0.0015791 secs] [Times: user=0.01 sys=0.00, real=0.00 secs] 
368.581: [GC (Allocation Failure) [PSYoungGen: 59376K->1597K(59904K)] 382460K->324689K(557056K), 0.0016621 secs] [Times: user=0.01 sys=0.00, real=0.01 secs] 
368.918: [GC (Allocation Failure) [PSYoungGen: 59453K->525K(58880K)] 382545K->324641K(556032K), 0.0017038 secs] [Times: user=0.01 sys=0.00, real=0.00 secs] 
369.255: [GC (Allocation Failure) [PSYoungGen: 58381K->509K(58368K)] 382497K->324625K(555520K), 0.0016498 secs] [Times: user=0.01 sys=0.00, real=0.00 secs] 
369.587: [GC (Allocation Failure) [PSYoungGen: 58365K->1456K(59392K)] 382481K->325572K(556544K), 0.0018998 secs] [Times: user=0.01 sys=0.00, real=0.00 secs] 
369.828: [GC (Allocation Failure) [PSYoungGen: 59312K->1408K(59392K)] 383428K->325524K(556544K), 0.0019617 secs] [Times: user=0.01 sys=0.00, real=0.00 secs] 
370.128: [GC (Allocation Failure) [PSYoungGen: 59264K->1376K(59392K)] 383380K->325492K(556544K), 0.0019436 secs] [Times: user=0.01 sys=0.00, real=0.00 secs] 
370.368: [GC (Allocation Failure) [PSYoungGen: 59232K->1376K(59392K)] 383348K->325492K(556544K), 0.0019761 secs] [Times: user=0.01 sys=0.00, real=0.00 secs] 
370.609: [GC (Allocation Failure) [PSYoungGen: 59232K->1376K(59392K)] 383348K->325492K(556544K), 0.0018967 secs] [Times: user=0.01 sys=0.00, real=0.00 secs] 
370.977: [GC (Allocation Failure) [PSYoungGen: 59217K->1565K(59904K)] 383333K->325681K(557056K), 0.0016867 secs] [Times: user=0.01 sys=0.00, real=0.00 secs] 
371.314: [GC (Allocation Failure) [PSYoungGen: 59421K->1533K(59392K)] 383537K->325657K(556544K), 0.0015067 secs] [Times: user=0.01 sys=0.00, real=0.00 secs] 
371.651: [GC (Allocation Failure) [PSYoungGen: 59389K->1552K(59904K)] 383513K->325676K(557056K), 0.0015894 secs] [Times: user=0.01 sys=0.00, real=0.01 secs] 
371.986: [GC (Allocation Failure) [PSYoungGen: 59408K->1533K(59392K)] 383532K->325657K(556544K), 0.0015618 secs] [Times: user=0.01 sys=0.00, real=0.00 secs] 
372.359: [GC (Allocation Failure) [PSYoungGen: 59389K->1440K(59392K)] 383513K->325572K(556544K), 0.0019814 secs] [Times: user=0.01 sys=0.00, real=0.00 secs] 
372.649: [GC (Allocation Failure) [PSYoungGen: 59296K->1408K(59392K)] 383428K->325540K(556544K), 0.0018587 secs] [Times: user=0.01 sys=0.00, real=0.00 secs] 
372.905: [GC (Allocation Failure) [PSYoungGen: 59264K->1376K(59392K)] 383396K->325524K(556544K), 0.0018899 secs] [Times: user=0.01 sys=0.00, real=0.00 secs] 
373.177: [GC (Allocation Failure) [PSYoungGen: 59232K->1344K(59392K)] 383380K->325492K(556544K), 0.0018171 secs] [Times: user=0.00 sys=0.00, real=0.00 secs] 
373.417: [GC (Allocation Failure) [PSYoungGen: 59200K->1376K(59392K)] 383348K->325532K(556544K), 0.0019455 secs] [Times: user=0.01 sys=0.01, real=0.00 secs] 
373.866: [GC (Allocation Failure) [PSYoungGen: 59232K->1485K(59392K)] 383388K->325649K(556544K), 0.0014416 secs] [Times: user=0.00 sys=0.00, real=0.00 secs] 
374.203: [GC (Allocation Failure) [PSYoungGen: 59310K->1488K(59392K)] 383475K->325660K(556544K), 0.0016258 secs] [Times: user=0.00 sys=0.00, real=0.00 secs] 
374.541: [GC (Allocation Failure) [PSYoungGen: 59344K->1501K(59392K)] 383516K->325673K(556544K), 0.0013948 secs] [Times: user=0.01 sys=0.00, real=0.01 secs] 
374.938: [GC (Allocation Failure) [PSYoungGen: 59357K->1517K(59392K)] 383529K->325690K(556544K), 0.0018229 secs] [Times: user=0.01 sys=0.01, real=0.00 secs] 
375.533: [GC (Allocation Failure) [PSYoungGen: 59373K->1424K(59392K)] 383546K->325596K(556544K), 0.0029746 secs] [Times: user=0.01 sys=0.00, real=0.00 secs] 
376.055: [GC (Allocation Failure) [PSYoungGen: 59280K->1344K(59392K)] 383452K->325516K(556544K), 0.0025994 secs] [Times: user=0.01 sys=0.00, real=0.00 secs] 
376.423: [GC (Allocation Failure) [PSYoungGen: 59200K->1376K(59392K)] 383372K->325548K(556544K), 0.0018075 secs] [Times: user=0.01 sys=0.00, real=0.00 secs] 
376.663: [GC (Allocation Failure) [PSYoungGen: 59232K->1408K(59392K)] 383404K->325580K(556544K), 0.0020984 secs] [Times: user=0.01 sys=0.00, real=0.00 secs] 
376.969: [GC (Allocation Failure) [PSYoungGen: 59264K->1328K(59392K)] 383436K->325500K(556544K), 0.0017275 secs] [Times: user=0.00 sys=0.00, real=0.00 secs] 
377.403: [GC (Allocation Failure) [PSYoungGen: 59162K->1488K(59392K)] 383335K->325660K(556544K), 0.0015505 secs] [Times: user=0.01 sys=0.00, real=0.00 secs] 
377.743: [GC (Allocation Failure) [PSYoungGen: 59344K->1533K(59392K)] 383516K->325721K(556544K), 0.0015920 secs] [Times: user=0.01 sys=0.00, real=0.00 secs] 
378.081: [GC (Allocation Failure) [PSYoungGen: 59389K->1533K(59392K)] 383577K->325721K(556544K), 0.0017241 secs] [Times: user=0.01 sys=0.00, real=0.01 secs] 
378.418: [GC (Allocation Failure) [PSYoungGen: 59389K->1520K(59392K)] 383577K->325708K(556544K), 0.0016753 secs] [Times: user=0.01 sys=0.00, real=0.00 secs] 
378.904: [GC (Allocation Failure) [PSYoungGen: 59376K->1456K(59392K)] 383564K->325644K(556544K), 0.0018095 secs] [Times: user=0.01 sys=0.00, real=0.00 secs] 
379.404: [GC (Allocation Failure) [PSYoungGen: 59312K->1408K(59392K)] 383500K->325596K(556544K), 0.0025228 secs] [Times: user=0.01 sys=0.00, real=0.00 secs] 
379.868: [GC (Allocation Failure) [PSYoungGen: 59264K->1344K(59392K)] 383452K->325532K(556544K), 0.0027964 secs] [Times: user=0.01 sys=0.00, real=0.00 secs] 
380.290: [GC (Allocation Failure) [PSYoungGen: 59200K->1376K(59392K)] 383388K->325564K(556544K), 0.0025108 secs] [Times: user=0.01 sys=0.00, real=0.01 secs] 
380.730: [GC (Allocation Failure) [PSYoungGen: 59232K->1376K(59392K)] 383420K->325564K(556544K), 0.0024071 secs] [Times: user=0.01 sys=0.00, real=0.01 secs] 
381.199: [GC (Allocation Failure) [PSYoungGen: 59221K->1488K(59392K)] 383409K->325676K(556544K), 0.0015773 secs] [Times: user=0.01 sys=0.00, real=0.00 secs] 
381.595: [GC (Allocation Failure) [PSYoungGen: 59344K->1584K(59904K)] 383532K->325788K(557056K), 0.0018522 secs] [Times: user=0.00 sys=0.00, real=0.00 secs] 
381.932: [GC (Allocation Failure) [PSYoungGen: 59440K->528K(58880K)] 383644K->325756K(556032K), 0.0015662 secs] [Times: user=0.01 sys=0.00, real=0.00 secs] 
382.327: [GC (Allocation Failure) [PSYoungGen: 58384K->525K(58880K)] 383612K->325753K(556032K), 0.0016765 secs] [Times: user=0.01 sys=0.00, real=0.00 secs] 
383.283: [GC (Allocation Failure) [PSYoungGen: 58381K->1472K(59392K)] 383609K->326700K(556544K), 0.0035728 secs] [Times: user=0.01 sys=0.00, real=0.00 secs] 
384.406: [GC (Allocation Failure) [PSYoungGen: 59328K->1360K(59392K)] 384556K->326588K(556544K), 0.0037684 secs] [Times: user=0.02 sys=0.00, real=0.00 secs] 
385.152: [GC (Allocation Failure) [PSYoungGen: 59216K->1376K(59392K)] 384444K->326612K(556544K), 0.0029950 secs] [Times: user=0.01 sys=0.00, real=0.00 secs] 
385.731: [GC (Allocation Failure) [PSYoungGen: 59232K->1344K(59392K)] 384468K->326580K(556544K), 0.0027739 secs] [Times: user=0.01 sys=0.00, real=0.01 secs] 
386.258: [GC (Allocation Failure) [PSYoungGen: 59200K->1376K(59392K)] 384436K->326612K(556544K), 0.0027992 secs] [Times: user=0.01 sys=0.00, real=0.00 secs] 
386.654: [GC (Allocation Failure) [PSYoungGen: 59232K->1485K(59392K)] 384468K->326746K(556544K), 0.0015564 secs] [Times: user=0.01 sys=0.00, real=0.00 secs] 
386.993: [GC (Allocation Failure) [PSYoungGen: 59339K->1533K(59392K)] 384600K->326818K(556544K), 0.0015605 secs] [Times: user=0.01 sys=0.00, real=0.00 secs] 
387.331: [GC (Allocation Failure) [PSYoungGen: 59389K->1533K(59392K)] 384674K->326817K(556544K), 0.0016038 secs] [Times: user=0.01 sys=0.00, real=0.01 secs] 
387.672: [GC (Allocation Failure) [PSYoungGen: 59389K->1520K(59392K)] 384673K->326804K(556544K), 0.0015726 secs] [Times: user=0.01 sys=0.00, real=0.00 secs] 
388.145: [GC (Allocation Failure) [PSYoungGen: 59376K->1488K(59392K)] 384660K->326780K(556544K), 0.0018800 secs] [Times: user=0.00 sys=0.00, real=0.00 secs] 
388.605: [GC (Allocation Failure) [PSYoungGen: 59344K->1376K(59392K)] 384636K->326668K(556544K), 0.0034249 secs] [Times: user=0.01 sys=0.00, real=0.00 secs] 
389.071: [GC (Allocation Failure) [PSYoungGen: 59232K->1408K(59392K)] 384524K->326700K(556544K), 0.0033015 secs] [Times: user=0.01 sys=0.00, real=0.01 secs] 
389.567: [GC (Allocation Failure) [PSYoungGen: 59264K->1424K(59392K)] 384556K->326716K(556544K), 0.0024535 secs] [Times: user=0.01 sys=0.00, real=0.00 secs] 
390.024: [GC (Allocation Failure) [PSYoungGen: 59280K->1376K(59392K)] 384572K->326668K(556544K), 0.0023703 secs] [Times: user=0.01 sys=0.00, real=0.00 secs] 
390.573: [GC (Allocation Failure) [PSYoungGen: 59232K->1517K(59392K)] 384524K->326810K(556544K), 0.0016081 secs] [Times: user=0.01 sys=0.00, real=0.00 secs] 
390.967: [GC (Allocation Failure) [PSYoungGen: 59373K->1488K(59392K)] 384666K->326788K(556544K), 0.0017117 secs] [Times: user=0.00 sys=0.00, real=0.00 secs] 
391.305: [GC (Allocation Failure) [PSYoungGen: 59325K->1517K(59392K)] 384626K->326818K(556544K), 0.0014398 secs] [Times: user=0.01 sys=0.00, real=0.00 secs] 
391.642: [GC (Allocation Failure) [PSYoungGen: 59373K->1552K(59904K)] 384674K->326852K(557056K), 0.0016848 secs] [Times: user=0.01 sys=0.00, real=0.00 secs] 
391.978: [GC (Allocation Failure) [PSYoungGen: 59408K->464K(58368K)] 384708K->328836K(555520K), 0.0019900 secs] [Times: user=0.01 sys=0.00, real=0.00 secs] 
392.223: [GC (Allocation Failure) [PSYoungGen: 58320K->320K(59904K)] 386692K->328692K(557056K), 0.0021149 secs] [Times: user=0.01 sys=0.00, real=0.00 secs] 
392.460: [GC (Allocation Failure) [PSYoungGen: 58176K->384K(58368K)] 386548K->328756K(555520K), 0.0019965 secs] [Times: user=0.01 sys=0.00, real=0.01 secs] 
392.701: [GC (Allocation Failure) [PSYoungGen: 58240K->384K(60416K)] 386612K->328756K(557568K), 0.0017154 secs] [Times: user=0.00 sys=0.00, real=0.01 secs] 
393.089: [GC (Allocation Failure) [PSYoungGen: 58240K->384K(58368K)] 386612K->328756K(555520K), 0.0021079 secs] [Times: user=0.01 sys=0.00, real=0.00 secs] 
393.390: [GC (Allocation Failure) [PSYoungGen: 58240K->1456K(60416K)] 386612K->329828K(557568K), 0.0015929 secs] [Times: user=0.00 sys=0.00, real=0.01 secs] 
393.729: [GC (Allocation Failure) [PSYoungGen: 59290K->1520K(59392K)] 387663K->329916K(556544K), 0.0017254 secs] [Times: user=0.01 sys=0.00, real=0.00 secs] 
394.137: [GC (Allocation Failure) [PSYoungGen: 59376K->1517K(59392K)] 387772K->329914K(556544K), 0.0018086 secs] [Times: user=0.00 sys=0.00, real=0.00 secs] 
394.474: [GC (Allocation Failure) [PSYoungGen: 59373K->1552K(59904K)] 387770K->329948K(557056K), 0.0017494 secs] [Times: user=0.01 sys=0.00, real=0.00 secs] 
395.032: [GC (Allocation Failure) [PSYoungGen: 59408K->2528K(60416K)] 387804K->330924K(557568K), 0.0022424 secs] [Times: user=0.01 sys=0.00, real=0.00 secs] 
396.045: [GC (Allocation Failure) [PSYoungGen: 60384K->352K(58368K)] 388780K->329772K(555520K), 0.0023351 secs] [Times: user=0.00 sys=0.00, real=0.00 secs] 
396.281: [GC (Allocation Failure) [PSYoungGen: 58208K->352K(60928K)] 387628K->329780K(558080K), 0.0017262 secs] [Times: user=0.01 sys=0.00, real=0.01 secs] 
396.521: [GC (Allocation Failure) [PSYoungGen: 58208K->352K(58368K)] 387636K->329780K(555520K), 0.0019517 secs] [Times: user=0.01 sys=0.00, real=0.01 secs] 
396.888: [GC (Allocation Failure) [PSYoungGen: 58208K->320K(60928K)] 387636K->329748K(558080K), 0.0018981 secs] [Times: user=0.01 sys=0.00, real=0.00 secs] 
397.359: [GC (Allocation Failure) [PSYoungGen: 58176K->1456K(59392K)] 387604K->330884K(556544K), 0.0017275 secs] [Times: user=0.01 sys=0.00, real=0.00 secs] 
397.699: [GC (Allocation Failure) [PSYoungGen: 59312K->1520K(59392K)] 388740K->330956K(556544K), 0.0016203 secs] [Times: user=0.01 sys=0.00, real=0.00 secs] 
398.038: [GC (Allocation Failure) [PSYoungGen: 59376K->1552K(59904K)] 388812K->330996K(557056K), 0.0017060 secs] [Times: user=0.01 sys=0.00, real=0.00 secs] 
398.375: [GC (Allocation Failure) [PSYoungGen: 59408K->1517K(59392K)] 388852K->330970K(556544K), 0.0015669 secs] [Times: user=0.01 sys=0.00, real=0.00 secs] 
398.763: [GC (Allocation Failure) [PSYoungGen: 59373K->1744K(59904K)] 388826K->331196K(557056K), 0.0018534 secs] [Times: user=0.01 sys=0.00, real=0.00 secs] 
399.053: [GC (Allocation Failure) [PSYoungGen: 59600K->1408K(59392K)] 389052K->330860K(556544K), 0.0020581 secs] [Times: user=0.01 sys=0.00, real=0.00 secs] 
399.326: [GC (Allocation Failure) [PSYoungGen: 59264K->1376K(59392K)] 388716K->330828K(556544K), 0.0021248 secs] [Times: user=0.01 sys=0.00, real=0.00 secs] 
399.626: [GC (Allocation Failure) [PSYoungGen: 59232K->1344K(59392K)] 388684K->330796K(556544K), 0.0021196 secs] [Times: user=0.01 sys=0.00, real=0.00 secs] 
399.907: [GC (Allocation Failure) [PSYoungGen: 59200K->1344K(59392K)] 388652K->330796K(556544K), 0.0021248 secs] [Times: user=0.01 sys=0.00, real=0.00 secs] 
400.249: [GC (Allocation Failure) [PSYoungGen: 59168K->1456K(59392K)] 388621K->330908K(556544K), 0.0014339 secs] [Times: user=0.01 sys=0.00, real=0.00 secs] 
400.584: [GC (Allocation Failure) [PSYoungGen: 59312K->1520K(59392K)] 388764K->330980K(556544K), 0.0016096 secs] [Times: user=0.01 sys=0.00, real=0.00 secs] 
400.921: [GC (Allocation Failure) [PSYoungGen: 59351K->1565K(59904K)] 388812K->331026K(557056K), 0.0016028 secs] [Times: user=0.00 sys=0.00, real=0.01 secs] 
401.258: [GC (Allocation Failure) [PSYoungGen: 59421K->1520K(59392K)] 388882K->330980K(556544K), 0.0017947 secs] [Times: user=0.01 sys=0.00, real=0.00 secs] 
401.602: [GC (Allocation Failure) [PSYoungGen: 59275K->288K(58368K)] 388736K->329748K(555520K), 0.0016094 secs] [Times: user=0.01 sys=0.00, real=0.00 secs] 
402.598: [GC (Allocation Failure) [PSYoungGen: 58144K->1344K(60416K)] 387604K->330804K(557568K), 0.0025272 secs] [Times: user=0.01 sys=0.01, real=0.00 secs] 
403.283: [GC (Allocation Failure) [PSYoungGen: 59200K->1360K(60416K)] 388660K->330820K(557568K), 0.0024963 secs] [Times: user=0.01 sys=0.00, real=0.00 secs] 
403.836: [GC (Allocation Failure) [PSYoungGen: 59216K->1376K(60416K)] 388676K->330836K(557568K), 0.0025813 secs] [Times: user=0.01 sys=0.00, real=0.00 secs] 
404.311: [GC (Allocation Failure) [PSYoungGen: 59232K->1376K(60416K)] 388692K->330836K(557568K), 0.0018232 secs] [Times: user=0.01 sys=0.00, real=0.01 secs] 
404.793: [GC (Allocation Failure) [PSYoungGen: 59225K->1456K(60416K)] 388686K->330924K(557568K), 0.0017856 secs] [Times: user=0.01 sys=0.00, real=0.00 secs] 
405.136: [GC (Allocation Failure) [PSYoungGen: 59312K->1488K(60416K)] 388780K->330964K(557568K), 0.0016043 secs] [Times: user=0.01 sys=0.00, real=0.00 secs] 
405.473: [GC (Allocation Failure) [PSYoungGen: 59344K->1520K(60416K)] 388820K->330996K(557568K), 0.0015494 secs] [Times: user=0.00 sys=0.00, real=0.00 secs] 
405.811: [GC (Allocation Failure) [PSYoungGen: 59376K->1549K(60416K)] 388852K->331026K(557568K), 0.0015842 secs] [Times: user=0.01 sys=0.00, real=0.01 secs] 
406.207: [GC (Allocation Failure) [PSYoungGen: 59405K->1488K(60416K)] 388882K->330964K(557568K), 0.0017146 secs] [Times: user=0.00 sys=0.00, real=0.00 secs] 
406.622: [GC (Allocation Failure) [PSYoungGen: 59344K->1392K(59392K)] 388820K->330868K(556544K), 0.0021366 secs] [Times: user=0.01 sys=0.00, real=0.00 secs] 
406.863: [GC (Allocation Failure) [PSYoungGen: 59248K->1376K(59904K)] 388724K->330852K(557056K), 0.0018204 secs] [Times: user=0.00 sys=0.00, real=0.00 secs] 
407.104: [GC (Allocation Failure) [PSYoungGen: 59232K->1344K(59904K)] 388708K->330820K(557056K), 0.0018854 secs] [Times: user=0.00 sys=0.00, real=0.00 secs] 
407.344: [GC (Allocation Failure) [PSYoungGen: 59200K->1344K(59904K)] 388676K->330820K(557056K), 0.0017343 secs] [Times: user=0.01 sys=0.00, real=0.00 secs] 
407.638: [GC (Allocation Failure) [PSYoungGen: 59186K->1469K(59904K)] 388663K->330946K(557056K), 0.0024907 secs] [Times: user=0.01 sys=0.00, real=0.00 secs] 
408.088: [GC (Allocation Failure) [PSYoungGen: 59325K->1568K(59904K)] 388802K->331052K(557056K), 0.0014401 secs] [Times: user=0.01 sys=0.00, real=0.00 secs] 
408.426: [GC (Allocation Failure) [PSYoungGen: 59424K->1520K(59904K)] 388908K->331012K(557056K), 0.0016656 secs] [Times: user=0.01 sys=0.00, real=0.00 secs] 
408.762: [GC (Allocation Failure) [PSYoungGen: 59376K->1456K(59904K)] 388868K->330948K(557056K), 0.0015666 secs] [Times: user=0.01 sys=0.00, real=0.00 secs] 
409.097: [GC (Allocation Failure) [PSYoungGen: 59312K->1501K(59904K)] 388804K->330994K(557056K), 0.0014288 secs] [Times: user=0.00 sys=0.00, real=0.00 secs] 
409.399: [GC (Allocation Failure) [PSYoungGen: 59357K->1376K(59904K)] 388850K->330876K(557056K), 0.0025276 secs] [Times: user=0.01 sys=0.00, real=0.01 secs] 
409.675: [GC (Allocation Failure) [PSYoungGen: 59232K->1360K(59904K)] 388732K->330860K(557056K), 0.0019813 secs] [Times: user=0.00 sys=0.01, real=0.00 secs] 
409.915: [GC (Allocation Failure) [PSYoungGen: 59216K->1376K(59904K)] 388716K->330876K(557056K), 0.0019553 secs] [Times: user=0.00 sys=0.00, real=0.00 secs] 
410.155: [GC (Allocation Failure) [PSYoungGen: 59232K->1376K(59904K)] 388732K->330876K(557056K), 0.0016492 secs] [Times: user=0.01 sys=0.00, real=0.00 secs] 
410.446: [GC (Allocation Failure) [PSYoungGen: 59108K->272K(59904K)] 388609K->329772K(557056K), 0.0015815 secs] [Times: user=0.00 sys=0.00, real=0.00 secs] 
410.785: [GC (Allocation Failure) [PSYoungGen: 58128K->1568K(59904K)] 387628K->331068K(557056K), 0.0016032 secs] [Times: user=0.01 sys=0.00, real=0.00 secs] 
411.182: [GC (Allocation Failure) [PSYoungGen: 59424K->1549K(59904K)] 388924K->331066K(557056K), 0.0016677 secs] [Times: user=0.00 sys=0.00, real=0.00 secs] 
411.519: [GC (Allocation Failure) [PSYoungGen: 59405K->1565K(59904K)] 388922K->331082K(557056K), 0.0016366 secs] [Times: user=0.01 sys=0.00, real=0.00 secs] 
411.909: [GC (Allocation Failure) [PSYoungGen: 59421K->1485K(59904K)] 388938K->331002K(557056K), 0.0014705 secs] [Times: user=0.01 sys=0.00, real=0.00 secs] 
412.364: [GC (Allocation Failure) [PSYoungGen: 59341K->1408K(59904K)] 388858K->330924K(557056K), 0.0024243 secs] [Times: user=0.01 sys=0.00, real=0.00 secs] 
412.817: [GC (Allocation Failure) [PSYoungGen: 59264K->1376K(59904K)] 388780K->330892K(557056K), 0.0022739 secs] [Times: user=0.01 sys=0.00, real=0.00 secs] 
413.274: [GC (Allocation Failure) [PSYoungGen: 59232K->1328K(59904K)] 388748K->330844K(557056K), 0.0022169 secs] [Times: user=0.01 sys=0.00, real=0.00 secs] 
413.918: [GC (Allocation Failure) [PSYoungGen: 59184K->1344K(59904K)] 388700K->330884K(557056K), 0.0023047 secs] [Times: user=0.01 sys=0.00, real=0.00 secs] 
414.443: [GC (Allocation Failure) [PSYoungGen: 59200K->1408K(59904K)] 388740K->330948K(557056K), 0.0024439 secs] [Times: user=0.01 sys=0.00, real=0.00 secs] 
414.986: [GC (Allocation Failure) [PSYoungGen: 59264K->1456K(59904K)] 388804K->330996K(557056K), 0.0015792 secs] [Times: user=0.01 sys=0.00, real=0.00 secs] 
415.324: [GC (Allocation Failure) [PSYoungGen: 59296K->1533K(59904K)] 388837K->331090K(557056K), 0.0015964 secs] [Times: user=0.00 sys=0.00, real=0.00 secs] 
415.661: [GC (Allocation Failure) [PSYoungGen: 59389K->1552K(59904K)] 388946K->331108K(557056K), 0.0016737 secs] [Times: user=0.00 sys=0.00, real=0.01 secs] 
415.997: [GC (Allocation Failure) [PSYoungGen: 59408K->1520K(59904K)] 388964K->331076K(557056K), 0.0016217 secs] [Times: user=0.01 sys=0.00, real=0.00 secs] 
416.469: [GC (Allocation Failure) [PSYoungGen: 59376K->1472K(59904K)] 388932K->331028K(557056K), 0.0017217 secs] [Times: user=0.00 sys=0.00, real=0.00 secs] 
417.020: [GC (Allocation Failure) [PSYoungGen: 59328K->1392K(59904K)] 388884K->330948K(557056K), 0.0025356 secs] [Times: user=0.01 sys=0.00, real=0.01 secs] 
417.864: [GC (Allocation Failure) [PSYoungGen: 59248K->1408K(59904K)] 388804K->330964K(557056K), 0.0025255 secs] [Times: user=0.01 sys=0.01, real=0.00 secs] 
418.522: [GC (Allocation Failure) [PSYoungGen: 59264K->1376K(59904K)] 388820K->330932K(557056K), 0.0028856 secs] [Times: user=0.01 sys=0.00, real=0.00 secs] 
419.029: [GC (Allocation Failure) [PSYoungGen: 59232K->1408K(59904K)] 388788K->330964K(557056K), 0.0028969 secs] [Times: user=0.01 sys=0.00, real=0.00 secs] 
419.502: [GC (Allocation Failure) [PSYoungGen: 59242K->1552K(59904K)] 388799K->331108K(557056K), 0.0015143 secs] [Times: user=0.01 sys=0.00, real=0.00 secs] 
419.840: [GC (Allocation Failure) [PSYoungGen: 59408K->1552K(59904K)] 388964K->331124K(557056K), 0.0015537 secs] [Times: user=0.01 sys=0.00, real=0.00 secs] 
420.232: [GC (Allocation Failure) [PSYoungGen: 59408K->1488K(59904K)] 388980K->331060K(557056K), 0.0016469 secs] [Times: user=0.00 sys=0.00, real=0.00 secs] 
420.570: [GC (Allocation Failure) [PSYoungGen: 59344K->1520K(59904K)] 388916K->331092K(557056K), 0.0016108 secs] [Times: user=0.00 sys=0.00, real=0.00 secs] 
421.044: [GC (Allocation Failure) [PSYoungGen: 59376K->1392K(59904K)] 388948K->330964K(557056K), 0.0029280 secs] [Times: user=0.01 sys=0.00, real=0.00 secs] 
421.573: [GC (Allocation Failure) [PSYoungGen: 59248K->1376K(59904K)] 388820K->330948K(557056K), 0.0028966 secs] [Times: user=0.01 sys=0.00, real=0.00 secs] 
422.127: [GC (Allocation Failure) [PSYoungGen: 59232K->1344K(59904K)] 388804K->330916K(557056K), 0.0024326 secs] [Times: user=0.01 sys=0.00, real=0.00 secs] 
422.691: [GC (Allocation Failure) [PSYoungGen: 59200K->1376K(59904K)] 388772K->330948K(557056K), 0.0026593 secs] [Times: user=0.01 sys=0.00, real=0.01 secs] 
423.191: [GC (Allocation Failure) [PSYoungGen: 59232K->1376K(59904K)] 388804K->330948K(557056K), 0.0026407 secs] [Times: user=0.01 sys=0.00, real=0.01 secs] 
423.646: [GC (Allocation Failure) [PSYoungGen: 59215K->1488K(59904K)] 388787K->331060K(557056K), 0.0016115 secs] [Times: user=0.01 sys=0.00, real=0.00 secs] 
423.985: [GC (Allocation Failure) [PSYoungGen: 59344K->1584K(59904K)] 388916K->331164K(557056K), 0.0015919 secs] [Times: user=0.01 sys=0.00, real=0.00 secs] 
424.322: [GC (Allocation Failure) [PSYoungGen: 59440K->1501K(59904K)] 389020K->331082K(557056K), 0.0015313 secs] [Times: user=0.01 sys=0.00, real=0.00 secs] 
424.659: [GC (Allocation Failure) [PSYoungGen: 59357K->1565K(59904K)] 388938K->331146K(557056K), 0.0015935 secs] [Times: user=0.00 sys=0.00, real=0.00 secs] 
424.994: [GC (Allocation Failure) [PSYoungGen: 59421K->1472K(59904K)] 389002K->331076K(557056K), 0.0018432 secs] [Times: user=0.01 sys=0.00, real=0.00 secs] 
425.263: [GC (Allocation Failure) [PSYoungGen: 59328K->1376K(59904K)] 388932K->330980K(557056K), 0.0017237 secs] [Times: user=0.01 sys=0.01, real=0.00 secs] 
425.504: [GC (Allocation Failure) [PSYoungGen: 59232K->1376K(59904K)] 388836K->330980K(557056K), 0.0017972 secs] [Times: user=0.00 sys=0.00, real=0.00 secs] 
425.917: [GC (Allocation Failure) [PSYoungGen: 59232K->1328K(59904K)] 388836K->330932K(557056K), 0.0026034 secs] [Times: user=0.01 sys=0.00, real=0.00 secs] 
426.383: [GC (Allocation Failure) [PSYoungGen: 59184K->1344K(59904K)] 388788K->330948K(557056K), 0.0025150 secs] [Times: user=0.01 sys=0.00, real=0.00 secs] 
426.832: [GC (Allocation Failure) [PSYoungGen: 59169K->1488K(59904K)] 388774K->331092K(557056K), 0.0014387 secs] [Times: user=0.01 sys=0.00, real=0.00 secs] 
427.180: [GC (Allocation Failure) [PSYoungGen: 59344K->1552K(59904K)] 388948K->331180K(557056K), 0.0016293 secs] [Times: user=0.01 sys=0.00, real=0.00 secs] 
427.585: [GC (Allocation Failure) [PSYoungGen: 59408K->1520K(59904K)] 389036K->331148K(557056K), 0.0016731 secs] [Times: user=0.00 sys=0.00, real=0.00 secs] 
427.987: [GC (Allocation Failure) [PSYoungGen: 59376K->1549K(59904K)] 389004K->331178K(557056K), 0.0015810 secs] [Times: user=0.01 sys=0.00, real=0.00 secs] 
428.284: [GC (Allocation Failure) [PSYoungGen: 59405K->1456K(59904K)] 389034K->331084K(557056K), 0.0018861 secs] [Times: user=0.01 sys=0.00, real=0.00 secs] 
428.525: [GC (Allocation Failure) [PSYoungGen: 59312K->1344K(59904K)] 388940K->330972K(557056K), 0.0019446 secs] [Times: user=0.01 sys=0.00, real=0.00 secs] 
429.051: [GC (Allocation Failure) [PSYoungGen: 59200K->1344K(59904K)] 388828K->330972K(557056K), 0.0019596 secs] [Times: user=0.01 sys=0.00, real=0.01 secs] 
430.820: [GC (Allocation Failure) [PSYoungGen: 59200K->1344K(59904K)] 388828K->330972K(557056K), 0.0028772 secs] [Times: user=0.01 sys=0.00, real=0.01 secs] 
431.598: [GC (Allocation Failure) [PSYoungGen: 59200K->1376K(59904K)] 388828K->331004K(557056K), 0.0022830 secs] [Times: user=0.01 sys=0.00, real=0.00 secs] 
432.349: [GC (Allocation Failure) [PSYoungGen: 59202K->1488K(59904K)] 388831K->331116K(557056K), 0.0015385 secs] [Times: user=0.00 sys=0.00, real=0.00 secs] 
432.688: [GC (Allocation Failure) [PSYoungGen: 59344K->1488K(59904K)] 388972K->331124K(557056K), 0.0017530 secs] [Times: user=0.01 sys=0.00, real=0.00 secs] 
433.032: [GC (Allocation Failure) [PSYoungGen: 59344K->1488K(59904K)] 388980K->331124K(557056K), 0.0016136 secs] [Times: user=0.01 sys=0.00, real=0.00 secs] 
433.371: [GC (Allocation Failure) [PSYoungGen: 59344K->1552K(59904K)] 388980K->331188K(557056K), 0.0015955 secs] [Times: user=0.01 sys=0.00, real=0.01 secs] 
433.775: [GC (Allocation Failure) [PSYoungGen: 59408K->1424K(59904K)] 389044K->331060K(557056K), 0.0017614 secs] [Times: user=0.01 sys=0.00, real=0.00 secs] 
434.139: [GC (Allocation Failure) [PSYoungGen: 59280K->1376K(59904K)] 388916K->331012K(557056K), 0.0016648 secs] [Times: user=0.00 sys=0.00, real=0.00 secs] 
434.574: [GC (Allocation Failure) [PSYoungGen: 59232K->1376K(59904K)] 388868K->331012K(557056K), 0.0017870 secs] [Times: user=0.01 sys=0.00, real=0.00 secs] 
435.108: [GC (Allocation Failure) [PSYoungGen: 59232K->1344K(59904K)] 388868K->330980K(557056K), 0.0019510 secs] [Times: user=0.01 sys=0.00, real=0.00 secs] 
435.598: [GC (Allocation Failure) [PSYoungGen: 59200K->1312K(59904K)] 388836K->330948K(557056K), 0.0019910 secs] [Times: user=0.01 sys=0.00, real=0.00 secs] 
436.094: [GC (Allocation Failure) [PSYoungGen: 59166K->1456K(59904K)] 388803K->331092K(557056K), 0.0015187 secs] [Times: user=0.00 sys=0.00, real=0.00 secs] 
436.434: [GC (Allocation Failure) [PSYoungGen: 59312K->1565K(59904K)] 388948K->331218K(557056K), 0.0015915 secs] [Times: user=0.01 sys=0.00, real=0.00 secs] 
436.775: [GC (Allocation Failure) [PSYoungGen: 59421K->1488K(59904K)] 389074K->331140K(557056K), 0.0016094 secs] [Times: user=0.00 sys=0.00, real=0.00 secs] 
437.116: [GC (Allocation Failure) [PSYoungGen: 59344K->1552K(59904K)] 388996K->331204K(557056K), 0.0016419 secs] [Times: user=0.01 sys=0.00, real=0.00 secs] 
437.575: [GC (Allocation Failure) [PSYoungGen: 59408K->1424K(59904K)] 389060K->331076K(557056K), 0.0017751 secs] [Times: user=0.01 sys=0.00, real=0.00 secs] 
437.862: [GC (Allocation Failure) [PSYoungGen: 59280K->1408K(59904K)] 388932K->331060K(557056K), 0.0016186 secs] [Times: user=0.00 sys=0.00, real=0.00 secs] 
438.164: [GC (Allocation Failure) [PSYoungGen: 59264K->1344K(59904K)] 388916K->331004K(557056K), 0.0018363 secs] [Times: user=0.01 sys=0.00, real=0.00 secs] 
438.429: [GC (Allocation Failure) [PSYoungGen: 59200K->1392K(59904K)] 388860K->331052K(557056K), 0.0018875 secs] [Times: user=0.01 sys=0.00, real=0.00 secs] 
438.703: [GC (Allocation Failure) [PSYoungGen: 59248K->1392K(59904K)] 388908K->331052K(557056K), 0.0016327 secs] [Times: user=0.01 sys=0.00, real=0.00 secs] 
439.064: [GC (Allocation Failure) [PSYoungGen: 59244K->1485K(59904K)] 388905K->331146K(557056K), 0.0014986 secs] [Times: user=0.01 sys=0.00, real=0.00 secs] 
439.401: [GC (Allocation Failure) [PSYoungGen: 59341K->1584K(59904K)] 389002K->331252K(557056K), 0.0015558 secs] [Times: user=0.00 sys=0.00, real=0.01 secs] 
439.738: [GC (Allocation Failure) [PSYoungGen: 59440K->1565K(59904K)] 389108K->331234K(557056K), 0.0015899 secs] [Times: user=0.01 sys=0.00, real=0.00 secs] 
440.076: [GC (Allocation Failure) [PSYoungGen: 59421K->1517K(59904K)] 389090K->331186K(557056K), 0.0014747 secs] [Times: user=0.01 sys=0.00, real=0.00 secs] 
440.396: [GC (Allocation Failure) [PSYoungGen: 59373K->1504K(59904K)] 389042K->331172K(557056K), 0.0015828 secs] [Times: user=0.00 sys=0.00, real=0.00 secs] 
440.636: [GC (Allocation Failure) [PSYoungGen: 59360K->1408K(59904K)] 389028K->331076K(557056K), 0.0014410 secs] [Times: user=0.01 sys=0.00, real=0.00 secs] 
440.893: [GC (Allocation Failure) [PSYoungGen: 59264K->1376K(59904K)] 388932K->331044K(557056K), 0.0018217 secs] [Times: user=0.01 sys=0.00, real=0.00 secs] 
441.172: [GC (Allocation Failure) [PSYoungGen: 59232K->1440K(59904K)] 388900K->331108K(557056K), 0.0025973 secs] [Times: user=0.00 sys=0.00, real=0.00 secs] 
441.449: [GC (Allocation Failure) [PSYoungGen: 59296K->1376K(59904K)] 388964K->331044K(557056K), 0.0023503 secs] [Times: user=0.01 sys=0.00, real=0.00 secs] 
441.800: [GC (Allocation Failure) [PSYoungGen: 59232K->1424K(59904K)] 388900K->331092K(557056K), 0.0013994 secs] [Times: user=0.01 sys=0.00, real=0.00 secs] 
442.138: [GC (Allocation Failure) [PSYoungGen: 59280K->1584K(59904K)] 388948K->331260K(557056K), 0.0014713 secs] [Times: user=0.01 sys=0.00, real=0.00 secs] 
442.478: [GC (Allocation Failure) [PSYoungGen: 59415K->1584K(59904K)] 389091K->331260K(557056K), 0.0015582 secs] [Times: user=0.00 sys=0.00, real=0.00 secs] 
442.820: [GC (Allocation Failure) [PSYoungGen: 59440K->1517K(59904K)] 389116K->331226K(557056K), 0.0016373 secs] [Times: user=0.01 sys=0.00, real=0.01 secs] 
443.283: [GC (Allocation Failure) [PSYoungGen: 59373K->1984K(59904K)] 389082K->332204K(557056K), 0.0019854 secs] [Times: user=0.01 sys=0.00, real=0.00 secs] 
444.036: [GC (Allocation Failure) [PSYoungGen: 59840K->1408K(59904K)] 390060K->331628K(557056K), 0.0030996 secs] [Times: user=0.01 sys=0.00, real=0.00 secs] 
444.441: [GC (Allocation Failure) [PSYoungGen: 59264K->1328K(59904K)] 389484K->331548K(557056K), 0.0020840 secs] [Times: user=0.01 sys=0.01, real=0.01 secs] 
444.673: [GC (Allocation Failure) [PSYoungGen: 59184K->1376K(59904K)] 389404K->331596K(557056K), 0.0018701 secs] [Times: user=0.00 sys=0.00, real=0.00 secs] 
444.929: [GC (Allocation Failure) [PSYoungGen: 59232K->1344K(59904K)] 389452K->331564K(557056K), 0.0017993 secs] [Times: user=0.01 sys=0.00, real=0.00 secs] 
445.252: [GC (Allocation Failure) [PSYoungGen: 59198K->1453K(59904K)] 389419K->331674K(557056K), 0.0015410 secs] [Times: user=0.00 sys=0.00, real=0.00 secs] 
445.589: [GC (Allocation Failure) [PSYoungGen: 59309K->1517K(59904K)] 389530K->331746K(557056K), 0.0015511 secs] [Times: user=0.01 sys=0.00, real=0.00 secs] 
445.927: [GC (Allocation Failure) [PSYoungGen: 59345K->1517K(59904K)] 389574K->331746K(557056K), 0.0015667 secs] [Times: user=0.00 sys=0.00, real=0.00 secs] 
446.265: [GC (Allocation Failure) [PSYoungGen: 59373K->1552K(59904K)] 389602K->331780K(557056K), 0.0015471 secs] [Times: user=0.00 sys=0.00, real=0.00 secs] 
446.710: [GC (Allocation Failure) [PSYoungGen: 59408K->1600K(59904K)] 389636K->331828K(557056K), 0.0018354 secs] [Times: user=0.01 sys=0.00, real=0.01 secs] 
447.448: [GC (Allocation Failure) [PSYoungGen: 59456K->1344K(59904K)] 389684K->331572K(557056K), 0.0027881 secs] [Times: user=0.01 sys=0.00, real=0.00 secs] 
448.301: [GC (Allocation Failure) [PSYoungGen: 59200K->1376K(59904K)] 389428K->331612K(557056K), 0.0032951 secs] [Times: user=0.01 sys=0.00, real=0.01 secs] 
448.713: [GC (Allocation Failure) [PSYoungGen: 59232K->1376K(59904K)] 389468K->331612K(557056K), 0.0025797 secs] [Times: user=0.01 sys=0.00, real=0.00 secs] 
449.149: [GC (Allocation Failure) [PSYoungGen: 59232K->1376K(59904K)] 389468K->331612K(557056K), 0.0026529 secs] [Times: user=0.01 sys=0.00, real=0.01 secs] 
449.659: [GC (Allocation Failure) [PSYoungGen: 59232K->1488K(59904K)] 389468K->331724K(557056K), 0.0019847 secs] [Times: user=0.00 sys=0.00, real=0.00 secs] 
450.102: [GC (Allocation Failure) [PSYoungGen: 59313K->1520K(59904K)] 389550K->331764K(557056K), 0.0016850 secs] [Times: user=0.01 sys=0.00, real=0.00 secs] 
450.440: [GC (Allocation Failure) [PSYoungGen: 59376K->1552K(59904K)] 389620K->331796K(557056K), 0.0015315 secs] [Times: user=0.00 sys=0.00, real=0.00 secs] 
450.777: [GC (Allocation Failure) [PSYoungGen: 59408K->1552K(59904K)] 389652K->331796K(557056K), 0.0015564 secs] [Times: user=0.01 sys=0.00, real=0.00 secs] 
451.176: [GC (Allocation Failure) [PSYoungGen: 59408K->1488K(59904K)] 389652K->331732K(557056K), 0.0017047 secs] [Times: user=0.01 sys=0.00, real=0.00 secs] 
452.067: [GC (Allocation Failure) [PSYoungGen: 59344K->1408K(59904K)] 389588K->331660K(557056K), 0.0028939 secs] [Times: user=0.01 sys=0.00, real=0.00 secs] 
452.742: [GC (Allocation Failure) [PSYoungGen: 59264K->1408K(59904K)] 389516K->331660K(557056K), 0.0027715 secs] [Times: user=0.01 sys=0.00, real=0.00 secs] 
453.361: [GC (Allocation Failure) [PSYoungGen: 59264K->1408K(59904K)] 389516K->331660K(557056K), 0.0026031 secs] [Times: user=0.01 sys=0.00, real=0.01 secs] 
453.844: [GC (Allocation Failure) [PSYoungGen: 59264K->1376K(59904K)] 389516K->331628K(557056K), 0.0021108 secs] [Times: user=0.01 sys=0.00, real=0.00 secs] 
454.369: [GC (Allocation Failure) [PSYoungGen: 59231K->1501K(59904K)] 389484K->331754K(557056K), 0.0019197 secs] [Times: user=0.01 sys=0.00, real=0.00 secs] 
454.727: [GC (Allocation Failure) [PSYoungGen: 59357K->1584K(59904K)] 389610K->331852K(557056K), 0.0015759 secs] [Times: user=0.00 sys=0.00, real=0.00 secs] 
455.064: [GC (Allocation Failure) [PSYoungGen: 59424K->1517K(59904K)] 389692K->331786K(557056K), 0.0014678 secs] [Times: user=0.01 sys=0.00, real=0.00 secs] 
455.469: [GC (Allocation Failure) [PSYoungGen: 59373K->1520K(59904K)] 389642K->331812K(557056K), 0.0015582 secs] [Times: user=0.01 sys=0.00, real=0.00 secs] 
455.806: [GC (Allocation Failure) [PSYoungGen: 59376K->1488K(59904K)] 389668K->331780K(557056K), 0.0015612 secs] [Times: user=0.01 sys=0.00, real=0.00 secs] 
456.636: [GC (Allocation Failure) [PSYoungGen: 59344K->1408K(59904K)] 389636K->331700K(557056K), 0.0027191 secs] [Times: user=0.01 sys=0.00, real=0.00 secs] 
457.228: [GC (Allocation Failure) [PSYoungGen: 59264K->1408K(59904K)] 389556K->331700K(557056K), 0.0019708 secs] [Times: user=0.00 sys=0.00, real=0.00 secs] 
458.103: [GC (Allocation Failure) [PSYoungGen: 59264K->1408K(59904K)] 389556K->331700K(557056K), 0.0026524 secs] [Times: user=0.02 sys=0.00, real=0.00 secs] 
459.117: [GC (Allocation Failure) [PSYoungGen: 59264K->1408K(59904K)] 389556K->331700K(557056K), 0.0039277 secs] [Times: user=0.01 sys=0.00, real=0.00 secs] 
460.158: [GC (Allocation Failure) [PSYoungGen: 59234K->1469K(59904K)] 389527K->331762K(557056K), 0.0023854 secs] [Times: user=0.01 sys=0.00, real=0.00 secs] 
460.636: [GC (Allocation Failure) [PSYoungGen: 59325K->1488K(59904K)] 389618K->331780K(557056K), 0.0015593 secs] [Times: user=0.01 sys=0.00, real=0.00 secs] 
461.034: [GC (Allocation Failure) [PSYoungGen: 59329K->1520K(59904K)] 389622K->331828K(557056K), 0.0016624 secs] [Times: user=0.01 sys=0.00, real=0.00 secs] 
461.372: [GC (Allocation Failure) [PSYoungGen: 59376K->1520K(59904K)] 389684K->331828K(557056K), 0.0015707 secs] [Times: user=0.01 sys=0.00, real=0.01 secs] 
461.707: [GC (Allocation Failure) [PSYoungGen: 59376K->1552K(59904K)] 389684K->331860K(557056K), 0.0016391 secs] [Times: user=0.00 sys=0.00, real=0.00 secs] 
462.191: [GC (Allocation Failure) [PSYoungGen: 59408K->1376K(59904K)] 389716K->331684K(557056K), 0.0027585 secs] [Times: user=0.02 sys=0.00, real=0.01 secs] 
462.521: [GC (Allocation Failure) [PSYoungGen: 59232K->1376K(59904K)] 389540K->331684K(557056K), 0.0019129 secs] [Times: user=0.01 sys=0.00, real=0.01 secs] 
462.762: [GC (Allocation Failure) [PSYoungGen: 59232K->1344K(59904K)] 389540K->331652K(557056K), 0.0018931 secs] [Times: user=0.01 sys=0.00, real=0.00 secs] 
463.002: [GC (Allocation Failure) [PSYoungGen: 59200K->1344K(59904K)] 389508K->331652K(557056K), 0.0019576 secs] [Times: user=0.00 sys=0.00, real=0.00 secs] 
463.242: [GC (Allocation Failure) [PSYoungGen: 59200K->1376K(59904K)] 389508K->331684K(557056K), 0.0018445 secs] [Times: user=0.00 sys=0.00, real=0.00 secs] 
463.605: [GC (Allocation Failure) [PSYoungGen: 59206K->1520K(59904K)] 389515K->331828K(557056K), 0.0015194 secs] [Times: user=0.01 sys=0.00, real=0.00 secs] 
463.942: [GC (Allocation Failure) [PSYoungGen: 59376K->1520K(59904K)] 389684K->331836K(557056K), 0.0016754 secs] [Times: user=0.01 sys=0.00, real=0.00 secs] 
464.281: [GC (Allocation Failure) [PSYoungGen: 59376K->1520K(59904K)] 389692K->331836K(557056K), 0.0015243 secs] [Times: user=0.01 sys=0.00, real=0.01 secs] 
464.618: [GC (Allocation Failure) [PSYoungGen: 59376K->1581K(59904K)] 389692K->331898K(557056K), 0.0014332 secs] [Times: user=0.00 sys=0.00, real=0.00 secs] 
465.184: [GC (Allocation Failure) [PSYoungGen: 59437K->1376K(59904K)] 389754K->331708K(557056K), 0.0030243 secs] [Times: user=0.01 sys=0.00, real=0.00 secs] 
465.424: [GC (Allocation Failure) [PSYoungGen: 59232K->1408K(59904K)] 389564K->331740K(557056K), 0.0020586 secs] [Times: user=0.01 sys=0.00, real=0.00 secs] 
465.686: [GC (Allocation Failure) [PSYoungGen: 59264K->1408K(59904K)] 389596K->331740K(557056K), 0.0020602 secs] [Times: user=0.01 sys=0.00, real=0.00 secs] 
465.927: [GC (Allocation Failure) [PSYoungGen: 59264K->1376K(59904K)] 389596K->331708K(557056K), 0.0019584 secs] [Times: user=0.01 sys=0.00, real=0.00 secs] 
466.223: [GC (Allocation Failure) [PSYoungGen: 59232K->1408K(59904K)] 389564K->331740K(557056K), 0.0017896 secs] [Times: user=0.01 sys=0.00, real=0.00 secs] 
466.581: [GC (Allocation Failure) [PSYoungGen: 59242K->1520K(59904K)] 389575K->331852K(557056K), 0.0015561 secs] [Times: user=0.01 sys=0.00, real=0.01 secs] 
466.978: [GC (Allocation Failure) [PSYoungGen: 59376K->1552K(59904K)] 389708K->331892K(557056K), 0.0016207 secs] [Times: user=0.01 sys=0.00, real=0.00 secs] 
467.377: [GC (Allocation Failure) [PSYoungGen: 59408K->1520K(59904K)] 389748K->331860K(557056K), 0.0017058 secs] [Times: user=0.01 sys=0.00, real=0.00 secs] 
467.713: [GC (Allocation Failure) [PSYoungGen: 59376K->1488K(59904K)] 389716K->331828K(557056K), 0.0017489 secs] [Times: user=0.01 sys=0.00, real=0.00 secs] 
468.019: [GC (Allocation Failure) [PSYoungGen: 59344K->1440K(59904K)] 389684K->331780K(557056K), 0.0026175 secs] [Times: user=0.01 sys=0.00, real=0.01 secs] 
468.300: [GC (Allocation Failure) [PSYoungGen: 59296K->1376K(59904K)] 389636K->331716K(557056K), 0.0020146 secs] [Times: user=0.00 sys=0.00, real=0.01 secs] 
468.678: [GC (Allocation Failure) [PSYoungGen: 59232K->1376K(59904K)] 389572K->331716K(557056K), 0.0021152 secs] [Times: user=0.01 sys=0.00, real=0.00 secs] 
469.170: [GC (Allocation Failure) [PSYoungGen: 59232K->1376K(59904K)] 389572K->331716K(557056K), 0.0019873 secs] [Times: user=0.01 sys=0.00, real=0.01 secs] 
469.654: [GC (Allocation Failure) [PSYoungGen: 59232K->1376K(59904K)] 389572K->331716K(557056K), 0.0018166 secs] [Times: user=0.01 sys=0.00, real=0.00 secs] 
470.073: [GC (Allocation Failure) [PSYoungGen: 59214K->1520K(59904K)] 389555K->331860K(557056K), 0.0015894 secs] [Times: user=0.00 sys=0.00, real=0.00 secs] 
470.410: [GC (Allocation Failure) [PSYoungGen: 59376K->1533K(59904K)] 389716K->331890K(557056K), 0.0014439 secs] [Times: user=0.00 sys=0.00, real=0.00 secs] 
470.808: [GC (Allocation Failure) [PSYoungGen: 59389K->1552K(59904K)] 389746K->331908K(557056K), 0.0016691 secs] [Times: user=0.00 sys=0.00, real=0.00 secs] 
471.144: [GC (Allocation Failure) [PSYoungGen: 59408K->1520K(59904K)] 389764K->331876K(557056K), 0.0016704 secs] [Times: user=0.00 sys=0.00, real=0.00 secs] 
471.932: [GC (Allocation Failure) [PSYoungGen: 59376K->1456K(59904K)] 389732K->331820K(557056K), 0.0021458 secs] [Times: user=0.01 sys=0.00, real=0.00 secs] 
472.334: [GC (Allocation Failure) [PSYoungGen: 59312K->1344K(59904K)] 389676K->331708K(557056K), 0.0037549 secs] [Times: user=0.02 sys=0.00, real=0.00 secs] 
472.797: [GC (Allocation Failure) [PSYoungGen: 59200K->1376K(59904K)] 389564K->331740K(557056K), 0.0029932 secs] [Times: user=0.01 sys=0.00, real=0.00 secs] 
473.283: [GC (Allocation Failure) [PSYoungGen: 59232K->1376K(59904K)] 389596K->331740K(557056K), 0.0029377 secs] [Times: user=0.01 sys=0.00, real=0.00 secs] 
473.761: [GC (Allocation Failure) [PSYoungGen: 59232K->1376K(59904K)] 389596K->331740K(557056K), 0.0025983 secs] [Times: user=0.01 sys=0.00, real=0.01 secs] 
474.322: [GC (Allocation Failure) [PSYoungGen: 59232K->1520K(59904K)] 389596K->331884K(557056K), 0.0016985 secs] [Times: user=0.01 sys=0.00, real=0.00 secs] 
474.660: [GC (Allocation Failure) [PSYoungGen: 59358K->1520K(59904K)] 389723K->331892K(557056K), 0.0016037 secs] [Times: user=0.01 sys=0.00, real=0.01 secs] 
474.996: [GC (Allocation Failure) [PSYoungGen: 59376K->1552K(59904K)] 389748K->331948K(557056K), 0.0016380 secs] [Times: user=0.00 sys=0.00, real=0.00 secs] 
475.332: [GC (Allocation Failure) [PSYoungGen: 59408K->1552K(59904K)] 389804K->331948K(557056K), 0.0015080 secs] [Times: user=0.00 sys=0.00, real=0.00 secs] 
475.671: [GC (Allocation Failure) [PSYoungGen: 59408K->1488K(59904K)] 389804K->331884K(557056K), 0.0017685 secs] [Times: user=0.00 sys=0.00, real=0.01 secs] 
475.911: [GC (Allocation Failure) [PSYoungGen: 59344K->1392K(59904K)] 389740K->331788K(557056K), 0.0016084 secs] [Times: user=0.01 sys=0.00, real=0.01 secs] 
476.151: [GC (Allocation Failure) [PSYoungGen: 59248K->1376K(59904K)] 389644K->331772K(557056K), 0.0016104 secs] [Times: user=0.01 sys=0.00, real=0.01 secs] 
476.392: [GC (Allocation Failure) [PSYoungGen: 59232K->1408K(59904K)] 389628K->331804K(557056K), 0.0025098 secs] [Times: user=0.01 sys=0.00, real=0.00 secs] 
476.633: [GC (Allocation Failure) [PSYoungGen: 59264K->1376K(59904K)] 389660K->331772K(557056K), 0.0023343 secs] [Times: user=0.01 sys=0.00, real=0.00 secs] 
476.983: [GC (Allocation Failure) [PSYoungGen: 59228K->1552K(59904K)] 389624K->331948K(557056K), 0.0015380 secs] [Times: user=0.01 sys=0.00, real=0.00 secs] 
477.319: [GC (Allocation Failure) [PSYoungGen: 59408K->1520K(59904K)] 389804K->331924K(557056K), 0.0015909 secs] [Times: user=0.01 sys=0.00, real=0.00 secs] 
477.656: [GC (Allocation Failure) [PSYoungGen: 59376K->1552K(59904K)] 389780K->331956K(557056K), 0.0016051 secs] [Times: user=0.00 sys=0.00, real=0.00 secs] 
477.994: [GC (Allocation Failure) [PSYoungGen: 59408K->1552K(59904K)] 389812K->331956K(557056K), 0.0015436 secs] [Times: user=0.00 sys=0.00, real=0.00 secs] 
478.435: [GC (Allocation Failure) [PSYoungGen: 59408K->1408K(59904K)] 389812K->331812K(557056K), 0.0020971 secs] [Times: user=0.01 sys=0.00, real=0.00 secs] 
478.942: [GC (Allocation Failure) [PSYoungGen: 59264K->1376K(59904K)] 389668K->331780K(557056K), 0.0017189 secs] [Times: user=0.01 sys=0.00, real=0.00 secs] 
479.417: [GC (Allocation Failure) [PSYoungGen: 59232K->1408K(59904K)] 389636K->331812K(557056K), 0.0015470 secs] [Times: user=0.01 sys=0.00, real=0.00 secs] 
479.908: [GC (Allocation Failure) [PSYoungGen: 59264K->1376K(59904K)] 389668K->331780K(557056K), 0.0017856 secs] [Times: user=0.01 sys=0.00, real=0.00 secs] 
480.331: [GC (Allocation Failure) [PSYoungGen: 59232K->1408K(59904K)] 389636K->331812K(557056K), 0.0017498 secs] [Times: user=0.00 sys=0.00, real=0.01 secs] 
480.735: [GC (Allocation Failure) [PSYoungGen: 59264K->1488K(59904K)] 389668K->331892K(557056K), 0.0015764 secs] [Times: user=0.01 sys=0.00, real=0.00 secs] 
481.073: [GC (Allocation Failure) [PSYoungGen: 59344K->1488K(59904K)] 389748K->331900K(557056K), 0.0015699 secs] [Times: user=0.01 sys=0.00, real=0.00 secs] 
481.410: [GC (Allocation Failure) [PSYoungGen: 59344K->1533K(59904K)] 389756K->331946K(557056K), 0.0015911 secs] [Times: user=0.01 sys=0.00, real=0.00 secs] 
481.746: [GC (Allocation Failure) [PSYoungGen: 59389K->1568K(59904K)] 389802K->331980K(557056K), 0.0015949 secs] [Times: user=0.01 sys=0.00, real=0.00 secs] 
482.103: [GC (Allocation Failure) [PSYoungGen: 59424K->1472K(59904K)] 389836K->331884K(557056K), 0.0018245 secs] [Times: user=0.00 sys=0.00, real=0.00 secs] 
482.376: [GC (Allocation Failure) [PSYoungGen: 59328K->1376K(59904K)] 389740K->331788K(557056K), 0.0017685 secs] [Times: user=0.00 sys=0.00, real=0.00 secs] 
482.616: [GC (Allocation Failure) [PSYoungGen: 59232K->1376K(59904K)] 389644K->331788K(557056K), 0.0017416 secs] [Times: user=0.01 sys=0.00, real=0.00 secs] 
483.103: [GC (Allocation Failure) [PSYoungGen: 59232K->1376K(59904K)] 389644K->331788K(557056K), 0.0019803 secs] [Times: user=0.01 sys=0.00, real=0.00 secs] 
483.679: [GC (Allocation Failure) [PSYoungGen: 59232K->1408K(59904K)] 389644K->331820K(557056K), 0.0017963 secs] [Times: user=0.01 sys=0.00, real=0.00 secs] 
484.172: [GC (Allocation Failure) [PSYoungGen: 59233K->1520K(59904K)] 389646K->331932K(557056K), 0.0015175 secs] [Times: user=0.00 sys=0.00, real=0.00 secs] 
484.508: [GC (Allocation Failure) [PSYoungGen: 59376K->1552K(59904K)] 389788K->331980K(557056K), 0.0016498 secs] [Times: user=0.00 sys=0.00, real=0.00 secs] 
484.847: [GC (Allocation Failure) [PSYoungGen: 59408K->1533K(59904K)] 389836K->331962K(557056K), 0.0015799 secs] [Times: user=0.01 sys=0.00, real=0.00 secs] 
485.185: [GC (Allocation Failure) [PSYoungGen: 59389K->1520K(59904K)] 389818K->331948K(557056K), 0.0015788 secs] [Times: user=0.01 sys=0.00, real=0.00 secs] 
485.503: [GC (Allocation Failure) [PSYoungGen: 59376K->1456K(59904K)] 389804K->331884K(557056K), 0.0016448 secs] [Times: user=0.00 sys=0.00, real=0.00 secs] 
485.744: [GC (Allocation Failure) [PSYoungGen: 59312K->1360K(59904K)] 389740K->331788K(557056K), 0.0014185 secs] [Times: user=0.00 sys=0.00, real=0.00 secs] 
486.008: [GC (Allocation Failure) [PSYoungGen: 59216K->1408K(59904K)] 389644K->331836K(557056K), 0.0017251 secs] [Times: user=0.00 sys=0.00, real=0.00 secs] 
486.248: [GC (Allocation Failure) [PSYoungGen: 59264K->1344K(59904K)] 389692K->331772K(557056K), 0.0016037 secs] [Times: user=0.00 sys=0.00, real=0.00 secs] 
486.490: [GC (Allocation Failure) [PSYoungGen: 59200K->1344K(59904K)] 389628K->331772K(557056K), 0.0021618 secs] [Times: user=0.01 sys=0.00, real=0.01 secs] 
486.815: [GC (Allocation Failure) [PSYoungGen: 59200K->1488K(59904K)] 389628K->331916K(557056K), 0.0014725 secs] [Times: user=0.01 sys=0.00, real=0.00 secs] 
487.155: [GC (Allocation Failure) [PSYoungGen: 59323K->1597K(59904K)] 389752K->332042K(557056K), 0.0015659 secs] [Times: user=0.01 sys=0.00, real=0.00 secs] 
487.492: [GC (Allocation Failure) [PSYoungGen: 59453K->1520K(59904K)] 389898K->331964K(557056K), 0.0016187 secs] [Times: user=0.00 sys=0.00, real=0.00 secs] 
487.893: [GC (Allocation Failure) [PSYoungGen: 59376K->1565K(59904K)] 389820K->332010K(557056K), 0.0016411 secs] [Times: user=0.01 sys=0.00, real=0.00 secs] 
488.296: [GC (Allocation Failure) [PSYoungGen: 59421K->1472K(59904K)] 389866K->331916K(557056K), 0.0019810 secs] [Times: user=0.00 sys=0.00, real=0.00 secs] 
489.251: [GC (Allocation Failure) [PSYoungGen: 59328K->1360K(59904K)] 389772K->331812K(557056K), 0.0025650 secs] [Times: user=0.01 sys=0.00, real=0.01 secs] 
489.919: [GC (Allocation Failure) [PSYoungGen: 59216K->1376K(59904K)] 389668K->331828K(557056K), 0.0027250 secs] [Times: user=0.02 sys=0.00, real=0.00 secs] 
490.559: [GC (Allocation Failure) [PSYoungGen: 59232K->1392K(59904K)] 389684K->331844K(557056K), 0.0033797 secs] [Times: user=0.01 sys=0.00, real=0.01 secs] 
491.134: [GC (Allocation Failure) [PSYoungGen: 59248K->1408K(59904K)] 389700K->331860K(557056K), 0.0029751 secs] [Times: user=0.01 sys=0.00, real=0.00 secs] 
491.710: [GC (Allocation Failure) [PSYoungGen: 59260K->1456K(59904K)] 389713K->331908K(557056K), 0.0014854 secs] [Times: user=0.01 sys=0.00, real=0.00 secs] 
492.047: [GC (Allocation Failure) [PSYoungGen: 59299K->1549K(59904K)] 389752K->332010K(557056K), 0.0015347 secs] [Times: user=0.01 sys=0.00, real=0.00 secs] 
492.384: [GC (Allocation Failure) [PSYoungGen: 59405K->1517K(59904K)] 389866K->331978K(557056K), 0.0014702 secs] [Times: user=0.01 sys=0.00, real=0.00 secs] 
492.719: [GC (Allocation Failure) [PSYoungGen: 59373K->1584K(59904K)] 389834K->332044K(557056K), 0.0017064 secs] [Times: user=0.00 sys=0.01, real=0.00 secs] 
493.091: [GC (Allocation Failure) [PSYoungGen: 59440K->1952K(59904K)] 389900K->332412K(557056K), 0.0017664 secs] [Times: user=0.01 sys=0.00, real=0.01 secs] 
493.347: [GC (Allocation Failure) [PSYoungGen: 59808K->1376K(59904K)] 390268K->331836K(557056K), 0.0016591 secs] [Times: user=0.01 sys=0.00, real=0.00 secs] 
493.737: [GC (Allocation Failure) [PSYoungGen: 59232K->1360K(59904K)] 389692K->331820K(557056K), 0.0017688 secs] [Times: user=0.01 sys=0.00, real=0.00 secs] 
494.150: [GC (Allocation Failure) [PSYoungGen: 59216K->1360K(59904K)] 389676K->331820K(557056K), 0.0017513 secs] [Times: user=0.01 sys=0.00, real=0.01 secs] 
494.592: [GC (Allocation Failure) [PSYoungGen: 59216K->1376K(59904K)] 389676K->331844K(557056K), 0.0033078 secs] [Times: user=0.01 sys=0.00, real=0.00 secs] 
495.165: [GC (Allocation Failure) [PSYoungGen: 59205K->1485K(59904K)] 389673K->331954K(557056K), 0.0018562 secs] [Times: user=0.01 sys=0.00, real=0.00 secs] 
495.517: [GC (Allocation Failure) [PSYoungGen: 59341K->1552K(59904K)] 389810K->332044K(557056K), 0.0014721 secs] [Times: user=0.00 sys=0.00, real=0.00 secs] 
495.854: [GC (Allocation Failure) [PSYoungGen: 59381K->1565K(59904K)] 389874K->332066K(557056K), 0.0016055 secs] [Times: user=0.01 sys=0.00, real=0.00 secs] 
496.191: [GC (Allocation Failure) [PSYoungGen: 59421K->1520K(59904K)] 389922K->332020K(557056K), 0.0016223 secs] [Times: user=0.01 sys=0.00, real=0.01 secs] 
497.106: [GC (Allocation Failure) [PSYoungGen: 59376K->1552K(59904K)] 389876K->332052K(557056K), 0.0018449 secs] [Times: user=0.01 sys=0.00, real=0.00 secs] 
498.129: [GC (Allocation Failure) [PSYoungGen: 59408K->1376K(59904K)] 389908K->331876K(557056K), 0.0027068 secs] [Times: user=0.01 sys=0.00, real=0.00 secs] 
498.807: [GC (Allocation Failure) [PSYoungGen: 59232K->1376K(59904K)] 389732K->331876K(557056K), 0.0027731 secs] [Times: user=0.02 sys=0.00, real=0.00 secs] 
499.343: [GC (Allocation Failure) [PSYoungGen: 59232K->1328K(59904K)] 389732K->331828K(557056K), 0.0025617 secs] [Times: user=0.01 sys=0.00, real=0.00 secs] 
499.809: [GC (Allocation Failure) [PSYoungGen: 59184K->1440K(59904K)] 389684K->331940K(557056K), 0.0022419 secs] [Times: user=0.01 sys=0.00, real=0.00 secs] 
500.272: [GC (Allocation Failure) [PSYoungGen: 59296K->1456K(59904K)] 389796K->331956K(557056K), 0.0015960 secs] [Times: user=0.01 sys=0.00, real=0.00 secs] 
500.624: [GC (Allocation Failure) [PSYoungGen: 59311K->1600K(59904K)] 389812K->332116K(557056K), 0.0015587 secs] [Times: user=0.00 sys=0.00, real=0.00 secs] 
500.961: [GC (Allocation Failure) [PSYoungGen: 59456K->1552K(59904K)] 389972K->332068K(557056K), 0.0015089 secs] [Times: user=0.01 sys=0.00, real=0.01 secs] 
501.297: [GC (Allocation Failure) [PSYoungGen: 59408K->1536K(59904K)] 389924K->332052K(557056K), 0.0016004 secs] [Times: user=0.01 sys=0.00, real=0.00 secs] 
501.633: [GC (Allocation Failure) [PSYoungGen: 59392K->1581K(59904K)] 389908K->332098K(557056K), 0.0015953 secs] [Times: user=0.01 sys=0.00, real=0.00 secs] 
501.961: [GC (Allocation Failure) [PSYoungGen: 59437K->1440K(59904K)] 389954K->331956K(557056K), 0.0018032 secs] [Times: user=0.01 sys=0.00, real=0.01 secs] 
502.209: [GC (Allocation Failure) [PSYoungGen: 59296K->1408K(59904K)] 389812K->331924K(557056K), 0.0018427 secs] [Times: user=0.00 sys=0.00, real=0.00 secs] 
502.449: [GC (Allocation Failure) [PSYoungGen: 59264K->1376K(59904K)] 389780K->331892K(557056K), 0.0018231 secs] [Times: user=0.01 sys=0.00, real=0.00 secs] 
502.786: [GC (Allocation Failure) [PSYoungGen: 59232K->1376K(59904K)] 389748K->331892K(557056K), 0.0020708 secs] [Times: user=0.00 sys=0.00, real=0.00 secs] 
503.075: [GC (Allocation Failure) [PSYoungGen: 59232K->1437K(59904K)] 389748K->331954K(557056K), 0.0015765 secs] [Times: user=0.01 sys=0.00, real=0.00 secs] 
503.422: [GC (Allocation Failure) [PSYoungGen: 59293K->1584K(59904K)] 389809K->332108K(557056K), 0.0015938 secs] [Times: user=0.01 sys=0.00, real=0.00 secs] 
503.759: [GC (Allocation Failure) [PSYoungGen: 59440K->1488K(59904K)] 389964K->332044K(557056K), 0.0015384 secs] [Times: user=0.01 sys=0.00, real=0.00 secs] 
504.095: [GC (Allocation Failure) [PSYoungGen: 59344K->1552K(59904K)] 389900K->332108K(557056K), 0.0015911 secs] [Times: user=0.00 sys=0.00, real=0.00 secs] 
504.431: [GC (Allocation Failure) [PSYoungGen: 59408K->1552K(59904K)] 389964K->332108K(557056K), 0.0016655 secs] [Times: user=0.01 sys=0.00, real=0.01 secs] 
504.779: [GC (Allocation Failure) [PSYoungGen: 59408K->1472K(59904K)] 389964K->332028K(557056K), 0.0017397 secs] [Times: user=0.00 sys=0.00, real=0.00 secs] 
505.038: [GC (Allocation Failure) [PSYoungGen: 59328K->1376K(59904K)] 389884K->331932K(557056K), 0.0017501 secs] [Times: user=0.00 sys=0.00, real=0.00 secs] 
505.278: [GC (Allocation Failure) [PSYoungGen: 59232K->1376K(59904K)] 389788K->331932K(557056K), 0.0018664 secs] [Times: user=0.00 sys=0.00, real=0.00 secs] 
505.518: [GC (Allocation Failure) [PSYoungGen: 59232K->1392K(59904K)] 389788K->331948K(557056K), 0.0019194 secs] [Times: user=0.00 sys=0.00, real=0.00 secs] 
505.825: [GC (Allocation Failure) [PSYoungGen: 59248K->1437K(59904K)] 389804K->331994K(557056K), 0.0018447 secs] [Times: user=0.00 sys=0.00, real=0.00 secs] 
506.181: [GC (Allocation Failure) [PSYoungGen: 59293K->1552K(59904K)] 389850K->332108K(557056K), 0.0016040 secs] [Times: user=0.00 sys=0.00, real=0.01 secs] 
506.519: [GC (Allocation Failure) [PSYoungGen: 59377K->1565K(59904K)] 389934K->332130K(557056K), 0.0014735 secs] [Times: user=0.00 sys=0.00, real=0.00 secs] 
506.856: [GC (Allocation Failure) [PSYoungGen: 59421K->1584K(59904K)] 389986K->332148K(557056K), 0.0016898 secs] [Times: user=0.01 sys=0.00, real=0.00 secs] 
507.192: [GC (Allocation Failure) [PSYoungGen: 59440K->1520K(59904K)] 390004K->332084K(557056K), 0.0015796 secs] [Times: user=0.01 sys=0.00, real=0.01 secs] 
507.966: [GC (Allocation Failure) [PSYoungGen: 59376K->1440K(59904K)] 389940K->332004K(557056K), 0.0019692 secs] [Times: user=0.01 sys=0.00, real=0.00 secs] 
508.425: [GC (Allocation Failure) [PSYoungGen: 59296K->1376K(59904K)] 389860K->331940K(557056K), 0.0018725 secs] [Times: user=0.00 sys=0.00, real=0.00 secs] 
508.863: [GC (Allocation Failure) [PSYoungGen: 59232K->1328K(59904K)] 389796K->331892K(557056K), 0.0018449 secs] [Times: user=0.01 sys=0.00, real=0.00 secs] 
509.103: [GC (Allocation Failure) [PSYoungGen: 59184K->1360K(59904K)] 389748K->331924K(557056K), 0.0024379 secs] [Times: user=0.01 sys=0.00, real=0.00 secs] 
509.344: [GC (Allocation Failure) [PSYoungGen: 59216K->1376K(59904K)] 389780K->331940K(557056K), 0.0017477 secs] [Times: user=0.00 sys=0.00, real=0.00 secs] 
509.695: [GC (Allocation Failure) [PSYoungGen: 59232K->1565K(59904K)] 389796K->332130K(557056K), 0.0015143 secs] [Times: user=0.00 sys=0.00, real=0.00 secs] 
510.032: [GC (Allocation Failure) [PSYoungGen: 59407K->1520K(59904K)] 389972K->332092K(557056K), 0.0016636 secs] [Times: user=0.00 sys=0.00, real=0.00 secs] 
510.371: [GC (Allocation Failure) [PSYoungGen: 59376K->1552K(59904K)] 389948K->332124K(557056K), 0.0015783 secs] [Times: user=0.00 sys=0.00, real=0.01 secs] 
510.708: [GC (Allocation Failure) [PSYoungGen: 59408K->1584K(59904K)] 389980K->332156K(557056K), 0.0015336 secs] [Times: user=0.00 sys=0.00, real=0.00 secs] 
511.669: [GC (Allocation Failure) [PSYoungGen: 59440K->1392K(59904K)] 390012K->331964K(557056K), 0.0026869 secs] [Times: user=0.01 sys=0.00, real=0.01 secs] 
512.145: [GC (Allocation Failure) [PSYoungGen: 59248K->1328K(59904K)] 389820K->331900K(557056K), 0.0027422 secs] [Times: user=0.01 sys=0.00, real=0.00 secs] 
512.397: [GC (Allocation Failure) [PSYoungGen: 59184K->1408K(59904K)] 389756K->331980K(557056K), 0.0018022 secs] [Times: user=0.00 sys=0.00, real=0.00 secs] 
512.641: [GC (Allocation Failure) [PSYoungGen: 59264K->1392K(59904K)] 389836K->331964K(557056K), 0.0036464 secs] [Times: user=0.01 sys=0.00, real=0.01 secs] 
512.889: [GC (Allocation Failure) [PSYoungGen: 59248K->1344K(59904K)] 389820K->331916K(557056K), 0.0023007 secs] [Times: user=0.01 sys=0.00, real=0.00 secs] 
513.271: [GC (Allocation Failure) [PSYoungGen: 59179K->1488K(59904K)] 389752K->332060K(557056K), 0.0015629 secs] [Times: user=0.01 sys=0.00, real=0.01 secs] 
513.609: [GC (Allocation Failure) [PSYoungGen: 59344K->1520K(59904K)] 389916K->332100K(557056K), 0.0016416 secs] [Times: user=0.01 sys=0.00, real=0.00 secs] 
513.947: [GC (Allocation Failure) [PSYoungGen: 59376K->1568K(59904K)] 389956K->332164K(557056K), 0.0016016 secs] [Times: user=0.01 sys=0.00, real=0.00 secs] 
514.283: [GC (Allocation Failure) [PSYoungGen: 59424K->1565K(59904K)] 390020K->332162K(557056K), 0.0015258 secs] [Times: user=0.01 sys=0.00, real=0.00 secs] 
514.586: [GC (Allocation Failure) [PSYoungGen: 59421K->1488K(59904K)] 390018K->332084K(557056K), 0.0015966 secs] [Times: user=0.00 sys=0.00, real=0.00 secs] 
514.827: [GC (Allocation Failure) [PSYoungGen: 59344K->1376K(59904K)] 389940K->331972K(557056K), 0.0016736 secs] [Times: user=0.00 sys=0.00, real=0.00 secs] 
515.067: [GC (Allocation Failure) [PSYoungGen: 59232K->1376K(59904K)] 389828K->331972K(557056K), 0.0015242 secs] [Times: user=0.01 sys=0.00, real=0.00 secs] 
515.307: [GC (Allocation Failure) [PSYoungGen: 59232K->1344K(59904K)] 389828K->331940K(557056K), 0.0016801 secs] [Times: user=0.01 sys=0.00, real=0.00 secs] 
515.547: [GC (Allocation Failure) [PSYoungGen: 59200K->1376K(59904K)] 389796K->331972K(557056K), 0.0016474 secs] [Times: user=0.00 sys=0.00, real=0.00 secs] 
515.892: [GC (Allocation Failure) [PSYoungGen: 59216K->1533K(59904K)] 389813K->332130K(557056K), 0.0014639 secs] [Times: user=0.01 sys=0.00, real=0.00 secs] 
516.229: [GC (Allocation Failure) [PSYoungGen: 59389K->1536K(59904K)] 389986K->332140K(557056K), 0.0015952 secs] [Times: user=0.00 sys=0.00, real=0.00 secs] 
516.564: [GC (Allocation Failure) [PSYoungGen: 59392K->1520K(59904K)] 389996K->332124K(557056K), 0.0017441 secs] [Times: user=0.01 sys=0.00, real=0.00 secs] 
516.903: [GC (Allocation Failure) [PSYoungGen: 59376K->1597K(59904K)] 389980K->332202K(557056K), 0.0015558 secs] [Times: user=0.01 sys=0.00, real=0.00 secs] 
517.190: [GC (Allocation Failure) [PSYoungGen: 59453K->1440K(59904K)] 390058K->332044K(557056K), 0.0016242 secs] [Times: user=0.00 sys=0.00, real=0.01 secs] 
517.430: [GC (Allocation Failure) [PSYoungGen: 59296K->1392K(59904K)] 389900K->331996K(557056K), 0.0014468 secs] [Times: user=0.01 sys=0.00, real=0.01 secs] 
517.670: [GC (Allocation Failure) [PSYoungGen: 59248K->1408K(59904K)] 389852K->332012K(557056K), 0.0017866 secs] [Times: user=0.01 sys=0.00, real=0.01 secs] 
517.913: [GC (Allocation Failure) [PSYoungGen: 59264K->1344K(59904K)] 389868K->331948K(557056K), 0.0025558 secs] [Times: user=0.01 sys=0.00, real=0.00 secs] 
518.338: [GC (Allocation Failure) [PSYoungGen: 59200K->1408K(59904K)] 389804K->332012K(557056K), 0.0037368 secs] [Times: user=0.01 sys=0.01, real=0.01 secs] 
518.877: [GC (Allocation Failure) [PSYoungGen: 59264K->1488K(59904K)] 389868K->332092K(557056K), 0.0015087 secs] [Times: user=0.01 sys=0.00, real=0.00 secs] 
519.214: [GC (Allocation Failure) [PSYoungGen: 59344K->1517K(59904K)] 389948K->332138K(557056K), 0.0020584 secs] [Times: user=0.01 sys=0.00, real=0.00 secs] 
519.558: [GC (Allocation Failure) [PSYoungGen: 59353K->1517K(59904K)] 389974K->332138K(557056K), 0.0015232 secs] [Times: user=0.00 sys=0.00, real=0.00 secs] 
519.896: [GC (Allocation Failure) [PSYoungGen: 59373K->1552K(59904K)] 389994K->332172K(557056K), 0.0016443 secs] [Times: user=0.01 sys=0.00, real=0.00 secs] 
520.444: [GC (Allocation Failure) [PSYoungGen: 59408K->1456K(59904K)] 390028K->332076K(557056K), 0.0017856 secs] [Times: user=0.01 sys=0.00, real=0.00 secs] 
520.936: [GC (Allocation Failure) [PSYoungGen: 59312K->1328K(59904K)] 389932K->331948K(557056K), 0.0026977 secs] [Times: user=0.01 sys=0.00, real=0.00 secs] 
521.177: [GC (Allocation Failure) [PSYoungGen: 59184K->1408K(59904K)] 389804K->332028K(557056K), 0.0023599 secs] [Times: user=0.01 sys=0.00, real=0.00 secs] 
521.601: [GC (Allocation Failure) [PSYoungGen: 59264K->1408K(59904K)] 389884K->332028K(557056K), 0.0025023 secs] [Times: user=0.01 sys=0.00, real=0.01 secs] 
522.040: [GC (Allocation Failure) [PSYoungGen: 59264K->1408K(59904K)] 389884K->332028K(557056K), 0.0022715 secs] [Times: user=0.00 sys=0.00, real=0.01 secs] 
522.498: [GC (Allocation Failure) [PSYoungGen: 59254K->1517K(59904K)] 389875K->332138K(557056K), 0.0014780 secs] [Times: user=0.01 sys=0.00, real=0.00 secs] 
522.835: [GC (Allocation Failure) [PSYoungGen: 59373K->1552K(59904K)] 389994K->332196K(557056K), 0.0016751 secs] [Times: user=0.01 sys=0.00, real=0.00 secs] 
523.174: [GC (Allocation Failure) [PSYoungGen: 59408K->1552K(59904K)] 390052K->332196K(557056K), 0.0015942 secs] [Times: user=0.00 sys=0.00, real=0.00 secs] 
523.515: [GC (Allocation Failure) [PSYoungGen: 59408K->1488K(59904K)] 390052K->332132K(557056K), 0.0015378 secs] [Times: user=0.00 sys=0.00, real=0.00 secs] 
524.746: [GC (Allocation Failure) [PSYoungGen: 59344K->1424K(59904K)] 389988K->332068K(557056K), 0.0034523 secs] [Times: user=0.01 sys=0.00, real=0.00 secs] 
525.912: [GC (Allocation Failure) [PSYoungGen: 59280K->1376K(59904K)] 389924K->332036K(557056K), 0.0029862 secs] [Times: user=0.01 sys=0.00, real=0.00 secs] 
526.372: [GC (Allocation Failure) [PSYoungGen: 59232K->1344K(59904K)] 389892K->332004K(557056K), 0.0025706 secs] [Times: user=0.01 sys=0.00, real=0.00 secs] 
526.839: [GC (Allocation Failure) [PSYoungGen: 59200K->1344K(59904K)] 389860K->332004K(557056K), 0.0026515 secs] [Times: user=0.01 sys=0.00, real=0.01 secs] 
527.453: [GC (Allocation Failure) [PSYoungGen: 59200K->1376K(59904K)] 389860K->332036K(557056K), 0.0024653 secs] [Times: user=0.01 sys=0.00, real=0.00 secs] 
528.072: [GC (Allocation Failure) [PSYoungGen: 59232K->1520K(59904K)] 389892K->332180K(557056K), 0.0015354 secs] [Times: user=0.01 sys=0.00, real=0.00 secs] 
528.414: [GC (Allocation Failure) [PSYoungGen: 59376K->1536K(59904K)] 390036K->332204K(557056K), 0.0015951 secs] [Times: user=0.00 sys=0.00, real=0.00 secs] 
528.756: [GC (Allocation Failure) [PSYoungGen: 59369K->1565K(59904K)] 390038K->332234K(557056K), 0.0016085 secs] [Times: user=0.00 sys=0.00, real=0.00 secs] 
529.096: [GC (Allocation Failure) [PSYoungGen: 59421K->1533K(59904K)] 390090K->332202K(557056K), 0.0016349 secs] [Times: user=0.00 sys=0.00, real=0.00 secs] 
529.519: [GC (Allocation Failure) [PSYoungGen: 59389K->1488K(59904K)] 390058K->332156K(557056K), 0.0024966 secs] [Times: user=0.01 sys=0.00, real=0.01 secs] 
530.103: [GC (Allocation Failure) [PSYoungGen: 59344K->1408K(59904K)] 390012K->332076K(557056K), 0.0025905 secs] [Times: user=0.01 sys=0.00, real=0.00 secs] 
530.883: [GC (Allocation Failure) [PSYoungGen: 59264K->1376K(59904K)] 389932K->332044K(557056K), 0.0032739 secs] [Times: user=0.02 sys=0.00, real=0.00 secs] 
531.827: [GC (Allocation Failure) [PSYoungGen: 59232K->1344K(59904K)] 389900K->332012K(557056K), 0.0043236 secs] [Times: user=0.01 sys=0.00, real=0.00 secs] 
532.918: [GC (Allocation Failure) [PSYoungGen: 59200K->1344K(59904K)] 389868K->332012K(557056K), 0.0034988 secs] [Times: user=0.01 sys=0.00, real=0.00 secs] 
533.813: [GC (Allocation Failure) [PSYoungGen: 59200K->1488K(59904K)] 389868K->332156K(557056K), 0.0015810 secs] [Times: user=0.01 sys=0.00, real=0.00 secs] 
534.212: [GC (Allocation Failure) [PSYoungGen: 59322K->1549K(59904K)] 389991K->332226K(557056K), 0.0016005 secs] [Times: user=0.00 sys=0.00, real=0.00 secs] 
534.548: [GC (Allocation Failure) [PSYoungGen: 59405K->1549K(59904K)] 390082K->332226K(557056K), 0.0014749 secs] [Times: user=0.01 sys=0.00, real=0.00 secs] 
534.885: [GC (Allocation Failure) [PSYoungGen: 59405K->1501K(59904K)] 390082K->332178K(557056K), 0.0016225 secs] [Times: user=0.00 sys=0.00, real=0.00 secs] 
535.255: [GC (Allocation Failure) [PSYoungGen: 59357K->1488K(59904K)] 390034K->332164K(557056K), 0.0020193 secs] [Times: user=0.01 sys=0.00, real=0.00 secs] 
535.496: [GC (Allocation Failure) [PSYoungGen: 59344K->1344K(59904K)] 390020K->332020K(557056K), 0.0019599 secs] [Times: user=0.01 sys=0.00, real=0.00 secs] 
535.736: [GC (Allocation Failure) [PSYoungGen: 59200K->1408K(59904K)] 389876K->332084K(557056K), 0.0018020 secs] [Times: user=0.01 sys=0.00, real=0.00 secs] 
536.133: [GC (Allocation Failure) [PSYoungGen: 59264K->1408K(59904K)] 389940K->332108K(557056K), 0.0019241 secs] [Times: user=0.00 sys=0.00, real=0.00 secs] 
536.565: [GC (Allocation Failure) [PSYoungGen: 59264K->1376K(59904K)] 389964K->332076K(557056K), 0.0019325 secs] [Times: user=0.00 sys=0.00, real=0.00 secs] 
537.023: [GC (Allocation Failure) [PSYoungGen: 59232K->1472K(59904K)] 389932K->332172K(557056K), 0.0014364 secs] [Times: user=0.00 sys=0.00, real=0.00 secs] 
537.361: [GC (Allocation Failure) [PSYoungGen: 59304K->1533K(59904K)] 390005K->332242K(557056K), 0.0014267 secs] [Times: user=0.00 sys=0.00, real=0.01 secs] 
537.698: [GC (Allocation Failure) [PSYoungGen: 59389K->1520K(59904K)] 390098K->332228K(557056K), 0.0015942 secs] [Times: user=0.00 sys=0.00, real=0.00 secs] 
538.035: [GC (Allocation Failure) [PSYoungGen: 59376K->1520K(59904K)] 390084K->332228K(557056K), 0.0016199 secs] [Times: user=0.01 sys=0.00, real=0.00 secs] 
538.444: [GC (Allocation Failure) [PSYoungGen: 59376K->1456K(59904K)] 390084K->332164K(557056K), 0.0017363 secs] [Times: user=0.00 sys=0.00, real=0.00 secs] 
538.995: [GC (Allocation Failure) [PSYoungGen: 59312K->1376K(59904K)] 390020K->332084K(557056K), 0.0030562 secs] [Times: user=0.01 sys=0.00, real=0.00 secs] 
539.573: [GC (Allocation Failure) [PSYoungGen: 59232K->1376K(59904K)] 389940K->332084K(557056K), 0.0025286 secs] [Times: user=0.01 sys=0.00, real=0.00 secs] 
539.842: [GC (Allocation Failure) [PSYoungGen: 59232K->1440K(59904K)] 389940K->332148K(557056K), 0.0017073 secs] [Times: user=0.00 sys=0.00, real=0.00 secs] 
540.082: [GC (Allocation Failure) [PSYoungGen: 59296K->1376K(59904K)] 390004K->332084K(557056K), 0.0019311 secs] [Times: user=0.00 sys=0.00, real=0.00 secs] 
540.410: [GC (Allocation Failure) [PSYoungGen: 59204K->1488K(59904K)] 389913K->332196K(557056K), 0.0015281 secs] [Times: user=0.01 sys=0.01, real=0.00 secs] 
540.746: [GC (Allocation Failure) [PSYoungGen: 59344K->1552K(59904K)] 390052K->332268K(557056K), 0.0015822 secs] [Times: user=0.01 sys=0.00, real=0.00 secs] 
541.083: [GC (Allocation Failure) [PSYoungGen: 59378K->1488K(59904K)] 390095K->332204K(557056K), 0.0015616 secs] [Times: user=0.01 sys=0.00, real=0.00 secs] 
541.421: [GC (Allocation Failure) [PSYoungGen: 59344K->1549K(59904K)] 390060K->332266K(557056K), 0.0015469 secs] [Times: user=0.00 sys=0.00, real=0.01 secs] 
541.790: [GC (Allocation Failure) [PSYoungGen: 59099K->1744K(59904K)] 389816K->332460K(557056K), 0.0018195 secs] [Times: user=0.01 sys=0.00, real=0.01 secs] 
542.270: [GC (Allocation Failure) [PSYoungGen: 59600K->1376K(59904K)] 390316K->332092K(557056K), 0.0018489 secs] [Times: user=0.01 sys=0.00, real=0.01 secs] 
542.754: [GC (Allocation Failure) [PSYoungGen: 59232K->1360K(59904K)] 389948K->332076K(557056K), 0.0016721 secs] [Times: user=0.00 sys=0.00, real=0.00 secs] 
543.254: [GC (Allocation Failure) [PSYoungGen: 59216K->1392K(59904K)] 389932K->332108K(557056K), 0.0017843 secs] [Times: user=0.01 sys=0.00, real=0.00 secs] 
543.543: [GC (Allocation Failure) [PSYoungGen: 59248K->1376K(59904K)] 389964K->332092K(557056K), 0.0018513 secs] [Times: user=0.01 sys=0.00, real=0.00 secs] 
543.851: [GC (Allocation Failure) [PSYoungGen: 59232K->1469K(59904K)] 389948K->332186K(557056K), 0.0014683 secs] [Times: user=0.01 sys=0.00, real=0.01 secs] 
544.257: [GC (Allocation Failure) [PSYoungGen: 59299K->1488K(59904K)] 390016K->332220K(557056K), 0.0017136 secs] [Times: user=0.00 sys=0.00, real=0.00 secs] 
544.595: [GC (Allocation Failure) [PSYoungGen: 59344K->1488K(59904K)] 390076K->332220K(557056K), 0.0016050 secs] [Times: user=0.00 sys=0.00, real=0.00 secs] 
544.931: [GC (Allocation Failure) [PSYoungGen: 59344K->1520K(59904K)] 390076K->332252K(557056K), 0.0017670 secs] [Times: user=0.00 sys=0.00, real=0.01 secs] 
545.267: [GC (Allocation Failure) [PSYoungGen: 59267K->288K(59904K)] 390000K->331020K(557056K), 0.0015703 secs] [Times: user=0.00 sys=0.00, real=0.00 secs] 
545.771: [GC (Allocation Failure) [PSYoungGen: 58144K->1376K(59904K)] 388876K->332108K(557056K), 0.0032210 secs] [Times: user=0.01 sys=0.00, real=0.01 secs] 
546.249: [GC (Allocation Failure) [PSYoungGen: 59232K->1408K(59904K)] 389964K->332140K(557056K), 0.0021836 secs] [Times: user=0.00 sys=0.00, real=0.00 secs] 
546.707: [GC (Allocation Failure) [PSYoungGen: 59264K->1376K(59904K)] 389996K->332108K(557056K), 0.0020992 secs] [Times: user=0.01 sys=0.00, real=0.00 secs] 
547.118: [GC (Allocation Failure) [PSYoungGen: 59232K->1408K(59904K)] 389964K->332140K(557056K), 0.0020890 secs] [Times: user=0.00 sys=0.00, real=0.00 secs] 
547.608: [GC (Allocation Failure) [PSYoungGen: 59261K->1456K(59904K)] 389994K->332188K(557056K), 0.0017456 secs] [Times: user=0.01 sys=0.00, real=0.00 secs] 
547.953: [GC (Allocation Failure) [PSYoungGen: 59312K->1520K(59904K)] 390044K->332268K(557056K), 0.0016338 secs] [Times: user=0.01 sys=0.00, real=0.00 secs] 
548.353: [GC (Allocation Failure) [PSYoungGen: 59376K->1520K(59904K)] 390124K->332276K(557056K), 0.0017469 secs] [Times: user=0.01 sys=0.00, real=0.00 secs] 
548.693: [GC (Allocation Failure) [PSYoungGen: 59376K->1517K(59904K)] 390132K->332274K(557056K), 0.0015681 secs] [Times: user=0.01 sys=0.00, real=0.00 secs] 
549.030: [GC (Allocation Failure) [PSYoungGen: 59373K->1552K(59904K)] 390130K->332308K(557056K), 0.0016549 secs] [Times: user=0.01 sys=0.00, real=0.01 secs] 
549.556: [GC (Allocation Failure) [PSYoungGen: 59408K->1408K(59904K)] 390164K->332172K(557056K), 0.0029988 secs] [Times: user=0.01 sys=0.00, real=0.00 secs] 
550.088: [GC (Allocation Failure) [PSYoungGen: 59264K->1344K(59904K)] 390028K->332108K(557056K), 0.0029355 secs] [Times: user=0.01 sys=0.00, real=0.00 secs] 
550.344: [GC (Allocation Failure) [PSYoungGen: 59200K->1344K(59904K)] 389964K->332108K(557056K), 0.0019318 secs] [Times: user=0.01 sys=0.00, real=0.00 secs] 
550.620: [GC (Allocation Failure) [PSYoungGen: 59200K->1376K(59904K)] 389964K->332140K(557056K), 0.0019111 secs] [Times: user=0.00 sys=0.00, real=0.01 secs] 
550.899: [GC (Allocation Failure) [PSYoungGen: 59211K->1456K(59904K)] 389976K->332220K(557056K), 0.0015333 secs] [Times: user=0.01 sys=0.00, real=0.00 secs] 
551.242: [GC (Allocation Failure) [PSYoungGen: 59312K->1520K(59904K)] 390076K->332292K(557056K), 0.0016199 secs] [Times: user=0.00 sys=0.00, real=0.00 secs] 
551.579: [GC (Allocation Failure) [PSYoungGen: 59376K->1565K(59904K)] 390148K->332346K(557056K), 0.0015323 secs] [Times: user=0.01 sys=0.00, real=0.00 secs] 
551.916: [GC (Allocation Failure) [PSYoungGen: 59421K->1549K(59904K)] 390202K->332330K(557056K), 0.0015625 secs] [Times: user=0.01 sys=0.00, real=0.00 secs] 
552.251: [GC (Allocation Failure) [PSYoungGen: 59405K->1584K(59904K)] 390186K->332364K(557056K), 0.0015987 secs] [Times: user=0.01 sys=0.00, real=0.01 secs] 
552.784: [GC (Allocation Failure) [PSYoungGen: 59440K->1408K(59904K)] 390220K->332196K(557056K), 0.0020166 secs] [Times: user=0.01 sys=0.00, real=0.00 secs] 
553.429: [GC (Allocation Failure) [PSYoungGen: 59264K->1376K(59904K)] 390052K->332164K(557056K), 0.0033610 secs] [Times: user=0.01 sys=0.00, real=0.01 secs] 
554.012: [GC (Allocation Failure) [PSYoungGen: 59232K->1408K(59904K)] 390020K->332196K(557056K), 0.0023001 secs] [Times: user=0.01 sys=0.00, real=0.00 secs] 
554.449: [GC (Allocation Failure) [PSYoungGen: 59264K->1376K(59904K)] 390052K->332172K(557056K), 0.0023393 secs] [Times: user=0.01 sys=0.00, real=0.00 secs] 
554.891: [GC (Allocation Failure) [PSYoungGen: 59232K->1408K(59904K)] 390028K->332204K(557056K), 0.0021624 secs] [Times: user=0.01 sys=0.00, real=0.01 secs] 
555.455: [GC (Allocation Failure) [PSYoungGen: 59238K->1520K(59904K)] 390035K->332316K(557056K), 0.0015742 secs] [Times: user=0.01 sys=0.00, real=0.00 secs] 
555.852: [GC (Allocation Failure) [PSYoungGen: 59376K->1517K(59904K)] 390172K->332330K(557056K), 0.0017536 secs] [Times: user=0.00 sys=0.00, real=0.00 secs] 
556.247: [GC (Allocation Failure) [PSYoungGen: 59373K->1520K(59904K)] 390186K->332332K(557056K), 0.0016052 secs] [Times: user=0.01 sys=0.00, real=0.00 secs] 
556.583: [GC (Allocation Failure) [PSYoungGen: 59376K->1517K(59904K)] 390188K->332330K(557056K), 0.0014624 secs] [Times: user=0.01 sys=0.00, real=0.00 secs] 
557.084: [GC (Allocation Failure) [PSYoungGen: 59373K->1424K(59904K)] 390186K->332236K(557056K), 0.0026253 secs] [Times: user=0.01 sys=0.00, real=0.00 secs] 
557.587: [GC (Allocation Failure) [PSYoungGen: 59280K->1440K(59904K)] 390092K->332252K(557056K), 0.0026226 secs] [Times: user=0.01 sys=0.00, real=0.00 secs] 
558.125: [GC (Allocation Failure) [PSYoungGen: 59296K->1376K(59904K)] 390108K->332188K(557056K), 0.0023275 secs] [Times: user=0.01 sys=0.00, real=0.00 secs] 
558.786: [GC (Allocation Failure) [PSYoungGen: 59232K->1408K(59904K)] 390044K->332220K(557056K), 0.0026043 secs] [Times: user=0.00 sys=0.00, real=0.00 secs] 
559.347: [GC (Allocation Failure) [PSYoungGen: 59264K->1440K(59904K)] 390076K->332252K(557056K), 0.0025194 secs] [Times: user=0.01 sys=0.00, real=0.00 secs] 
559.794: [GC (Allocation Failure) [PSYoungGen: 59274K->1488K(59904K)] 390087K->332300K(557056K), 0.0015246 secs] [Times: user=0.01 sys=0.00, real=0.00 secs] 
560.192: [GC (Allocation Failure) [PSYoungGen: 59344K->1517K(59904K)] 390156K->332346K(557056K), 0.0015578 secs] [Times: user=0.01 sys=0.00, real=0.00 secs] 
560.629: [GC (Allocation Failure) [PSYoungGen: 59373K->1552K(59904K)] 390202K->332380K(557056K), 0.0017365 secs] [Times: user=0.00 sys=0.00, real=0.00 secs] 
561.029: [GC (Allocation Failure) [PSYoungGen: 59408K->1501K(59904K)] 390236K->332330K(557056K), 0.0016411 secs] [Times: user=0.01 sys=0.00, real=0.00 secs] 
561.512: [GC (Allocation Failure) [PSYoungGen: 59357K->1424K(59904K)] 390186K->332252K(557056K), 0.0035381 secs] [Times: user=0.02 sys=0.00, real=0.00 secs] 
562.107: [GC (Allocation Failure) [PSYoungGen: 59280K->1424K(59904K)] 390108K->332252K(557056K), 0.0024886 secs] [Times: user=0.01 sys=0.00, real=0.00 secs] 
562.554: [GC (Allocation Failure) [PSYoungGen: 59280K->1392K(59904K)] 390108K->332220K(557056K), 0.0022614 secs] [Times: user=0.01 sys=0.00, real=0.00 secs] 
563.009: [GC (Allocation Failure) [PSYoungGen: 59248K->1392K(59904K)] 390076K->332220K(557056K), 0.0023627 secs] [Times: user=0.01 sys=0.00, real=0.00 secs] 
563.420: [GC (Allocation Failure) [PSYoungGen: 59248K->1392K(59904K)] 390076K->332220K(557056K), 0.0024864 secs] [Times: user=0.01 sys=0.00, real=0.01 secs] 
563.801: [GC (Allocation Failure) [PSYoungGen: 59238K->1552K(59904K)] 390067K->332380K(557056K), 0.0016715 secs] [Times: user=0.00 sys=0.00, real=0.01 secs] 
564.138: [GC (Allocation Failure) [PSYoungGen: 59408K->1584K(59904K)] 390236K->332420K(557056K), 0.0016062 secs] [Times: user=0.01 sys=0.00, real=0.00 secs] 
564.475: [GC (Allocation Failure) [PSYoungGen: 59440K->1584K(59904K)] 390276K->332420K(557056K), 0.0016832 secs] [Times: user=0.00 sys=0.00, real=0.00 secs] 
564.812: [GC (Allocation Failure) [PSYoungGen: 59440K->1552K(59904K)] 390276K->332420K(557056K), 0.0016453 secs] [Times: user=0.00 sys=0.00, real=0.00 secs] 
565.302: [GC (Allocation Failure) [PSYoungGen: 59408K->1456K(59904K)] 390276K->332332K(557056K), 0.0018897 secs] [Times: user=0.00 sys=0.00, real=0.00 secs] 
565.956: [GC (Allocation Failure) [PSYoungGen: 59312K->1456K(59904K)] 390188K->332332K(557056K), 0.0022081 secs] [Times: user=0.00 sys=0.00, real=0.00 secs] 
566.554: [GC (Allocation Failure) [PSYoungGen: 59312K->1392K(59904K)] 390188K->332268K(557056K), 0.0024553 secs] [Times: user=0.01 sys=0.00, real=0.00 secs] 
566.977: [GC (Allocation Failure) [PSYoungGen: 59248K->1424K(59904K)] 390124K->332300K(557056K), 0.0025899 secs] [Times: user=0.01 sys=0.00, real=0.00 secs] 
567.424: [GC (Allocation Failure) [PSYoungGen: 59280K->1392K(59904K)] 390156K->332268K(557056K), 0.0023392 secs] [Times: user=0.01 sys=0.00, real=0.00 secs] 
567.844: [GC (Allocation Failure) [PSYoungGen: 59248K->1552K(59904K)] 390124K->332428K(557056K), 0.0015188 secs] [Times: user=0.01 sys=0.00, real=0.00 secs] 
568.181: [GC (Allocation Failure) [PSYoungGen: 59408K->1584K(59904K)] 390284K->332492K(557056K), 0.0015778 secs] [Times: user=0.01 sys=0.00, real=0.01 secs] 
568.519: [GC (Allocation Failure) [PSYoungGen: 59421K->1597K(59904K)] 390330K->332506K(557056K), 0.0016477 secs] [Times: user=0.01 sys=0.00, real=0.00 secs] 
568.860: [GC (Allocation Failure) [PSYoungGen: 59453K->1565K(59904K)] 390362K->332474K(557056K), 0.0014551 secs] [Times: user=0.01 sys=0.00, real=0.00 secs] 
569.201: [GC (Allocation Failure) [PSYoungGen: 59421K->1488K(59904K)] 390330K->332396K(557056K), 0.0017451 secs] [Times: user=0.01 sys=0.00, real=0.01 secs] 
569.441: [GC (Allocation Failure) [PSYoungGen: 59344K->1408K(59904K)] 390252K->332316K(557056K), 0.0015311 secs] [Times: user=0.01 sys=0.00, real=0.01 secs] 
569.681: [GC (Allocation Failure) [PSYoungGen: 59264K->1344K(59904K)] 390172K->332252K(557056K), 0.0014671 secs] [Times: user=0.01 sys=0.00, real=0.01 secs] 
569.972: [GC (Allocation Failure) [PSYoungGen: 59200K->1376K(59904K)] 390108K->332284K(557056K), 0.0016657 secs] [Times: user=0.01 sys=0.00, real=0.00 secs] 
570.380: [GC (Allocation Failure) [PSYoungGen: 59232K->1376K(59904K)] 390140K->332284K(557056K), 0.0017320 secs] [Times: user=0.01 sys=0.00, real=0.01 secs] 
570.838: [GC (Allocation Failure) [PSYoungGen: 59232K->1552K(59904K)] 390140K->332460K(557056K), 0.0015537 secs] [Times: user=0.00 sys=0.00, real=0.00 secs] 
571.176: [GC (Allocation Failure) [PSYoungGen: 59399K->1584K(59904K)] 390307K->332500K(557056K), 0.0014049 secs] [Times: user=0.00 sys=0.00, real=0.00 secs] 
571.514: [GC (Allocation Failure) [PSYoungGen: 59440K->1565K(59904K)] 390356K->332482K(557056K), 0.0015450 secs] [Times: user=0.00 sys=0.00, real=0.00 secs] 
571.912: [GC (Allocation Failure) [PSYoungGen: 59421K->1549K(59904K)] 390338K->332466K(557056K), 0.0016741 secs] [Times: user=0.01 sys=0.00, real=0.00 secs] 
572.637: [GC (Allocation Failure) [PSYoungGen: 59405K->1424K(59904K)] 390322K->332348K(557056K), 0.0031535 secs] [Times: user=0.01 sys=0.00, real=0.00 secs] 
573.167: [GC (Allocation Failure) [PSYoungGen: 59280K->1376K(59904K)] 390204K->332300K(557056K), 0.0032405 secs] [Times: user=0.01 sys=0.00, real=0.00 secs] 
573.643: [GC (Allocation Failure) [PSYoungGen: 59232K->1408K(59904K)] 390156K->332332K(557056K), 0.0029642 secs] [Times: user=0.02 sys=0.00, real=0.00 secs] 
574.197: [GC (Allocation Failure) [PSYoungGen: 59264K->1376K(59904K)] 390188K->332316K(557056K), 0.0027447 secs] [Times: user=0.01 sys=0.00, real=0.00 secs] 
574.548: [GC (Allocation Failure) [PSYoungGen: 59232K->1408K(59904K)] 390172K->332348K(557056K), 0.0021230 secs] [Times: user=0.00 sys=0.00, real=0.00 secs] 
574.992: [GC (Allocation Failure) [PSYoungGen: 59232K->1520K(59904K)] 390173K->332460K(557056K), 0.0014835 secs] [Times: user=0.01 sys=0.00, real=0.00 secs] 
575.328: [GC (Allocation Failure) [PSYoungGen: 59376K->1597K(59904K)] 390316K->332546K(557056K), 0.0016070 secs] [Times: user=0.01 sys=0.00, real=0.00 secs] 
575.665: [GC (Allocation Failure) [PSYoungGen: 59453K->1552K(59904K)] 390402K->332500K(557056K), 0.0015686 secs] [Times: user=0.00 sys=0.00, real=0.00 secs] 
576.001: [GC (Allocation Failure) [PSYoungGen: 59408K->1552K(59904K)] 390356K->332500K(557056K), 0.0015569 secs] [Times: user=0.01 sys=0.00, real=0.01 secs] 
576.472: [GC (Allocation Failure) [PSYoungGen: 59408K->1520K(59904K)] 390356K->332468K(557056K), 0.0021386 secs] [Times: user=0.01 sys=0.00, real=0.00 secs] 
576.926: [GC (Allocation Failure) [PSYoungGen: 59376K->1408K(59904K)] 390324K->332356K(557056K), 0.0018521 secs] [Times: user=0.00 sys=0.00, real=0.00 secs] 
577.363: [GC (Allocation Failure) [PSYoungGen: 59264K->1376K(59904K)] 390212K->332324K(557056K), 0.0018803 secs] [Times: user=0.01 sys=0.00, real=0.00 secs] 
577.818: [GC (Allocation Failure) [PSYoungGen: 59232K->1408K(59904K)] 390180K->332356K(557056K), 0.0020686 secs] [Times: user=0.01 sys=0.00, real=0.00 secs] 
578.292: [GC (Allocation Failure) [PSYoungGen: 59264K->1376K(59904K)] 390212K->332324K(557056K), 0.0018399 secs] [Times: user=0.01 sys=0.00, real=0.00 secs] 
578.787: [GC (Allocation Failure) [PSYoungGen: 59232K->1517K(59904K)] 390180K->332466K(557056K), 0.0015516 secs] [Times: user=0.00 sys=0.00, real=0.00 secs] 
579.128: [GC (Allocation Failure) [PSYoungGen: 59373K->1552K(59904K)] 390322K->332516K(557056K), 0.0017294 secs] [Times: user=0.00 sys=0.00, real=0.00 secs] 
579.465: [GC (Allocation Failure) [PSYoungGen: 59408K->1552K(59904K)] 390372K->332516K(557056K), 0.0015692 secs] [Times: user=0.00 sys=0.00, real=0.00 secs] 
579.802: [GC (Allocation Failure) [PSYoungGen: 59408K->1552K(59904K)] 390372K->332516K(557056K), 0.0016797 secs] [Times: user=0.00 sys=0.00, real=0.01 secs] 
580.108: [GC (Allocation Failure) [PSYoungGen: 59408K->1472K(59904K)] 390372K->332436K(557056K), 0.0015997 secs] [Times: user=0.01 sys=0.00, real=0.00 secs] 
580.466: [GC (Allocation Failure) [PSYoungGen: 59328K->1408K(59904K)] 390292K->332372K(557056K), 0.0017971 secs] [Times: user=0.01 sys=0.00, real=0.00 secs] 
580.880: [GC (Allocation Failure) [PSYoungGen: 59264K->1376K(59904K)] 390228K->332340K(557056K), 0.0017887 secs] [Times: user=0.00 sys=0.00, real=0.01 secs] 
581.357: [GC (Allocation Failure) [PSYoungGen: 59232K->1408K(59904K)] 390196K->332372K(557056K), 0.0017821 secs] [Times: user=0.00 sys=0.01, real=0.00 secs] 
581.841: [GC (Allocation Failure) [PSYoungGen: 59264K->1344K(59904K)] 390228K->332308K(557056K), 0.0034398 secs] [Times: user=0.02 sys=0.00, real=0.01 secs] 
582.352: [GC (Allocation Failure) [PSYoungGen: 59168K->1504K(59904K)] 390133K->332468K(557056K), 0.0013931 secs] [Times: user=0.01 sys=0.00, real=0.00 secs] 
582.750: [GC (Allocation Failure) [PSYoungGen: 59360K->1517K(59904K)] 390324K->332498K(557056K), 0.0016340 secs] [Times: user=0.01 sys=0.00, real=0.01 secs] 
583.089: [GC (Allocation Failure) [PSYoungGen: 59373K->1549K(59904K)] 390354K->332530K(557056K), 0.0014900 secs] [Times: user=0.01 sys=0.00, real=0.00 secs] 
583.426: [GC (Allocation Failure) [PSYoungGen: 59405K->1584K(59904K)] 390386K->332564K(557056K), 0.0016466 secs] [Times: user=0.01 sys=0.00, real=0.00 secs] 
583.840: [GC (Allocation Failure) [PSYoungGen: 59440K->1456K(59904K)] 390420K->332436K(557056K), 0.0018567 secs] [Times: user=0.01 sys=0.00, real=0.01 secs] 
584.549: [GC (Allocation Failure) [PSYoungGen: 59312K->1360K(59904K)] 390292K->332356K(557056K), 0.0031680 secs] [Times: user=0.01 sys=0.00, real=0.01 secs] 
585.332: [GC (Allocation Failure) [PSYoungGen: 59216K->1376K(59904K)] 390212K->332372K(557056K), 0.0036584 secs] [Times: user=0.01 sys=0.00, real=0.00 secs] 
585.984: [GC (Allocation Failure) [PSYoungGen: 59232K->1376K(59904K)] 390228K->332372K(557056K), 0.0036728 secs] [Times: user=0.01 sys=0.00, real=0.00 secs] 
586.719: [GC (Allocation Failure) [PSYoungGen: 59232K->1376K(59904K)] 390228K->332372K(557056K), 0.0029466 secs] [Times: user=0.01 sys=0.00, real=0.01 secs] 
587.408: [GC (Allocation Failure) [PSYoungGen: 59232K->1488K(59904K)] 390228K->332484K(557056K), 0.0015032 secs] [Times: user=0.01 sys=0.00, real=0.00 secs] 
587.810: [GC (Allocation Failure) [PSYoungGen: 59331K->1520K(59904K)] 390328K->332532K(557056K), 0.0015459 secs] [Times: user=0.00 sys=0.00, real=0.01 secs] 
588.147: [GC (Allocation Failure) [PSYoungGen: 59376K->1520K(59904K)] 390388K->332532K(557056K), 0.0016421 secs] [Times: user=0.00 sys=0.00, real=0.00 secs] 
588.486: [GC (Allocation Failure) [PSYoungGen: 59376K->1552K(59904K)] 390388K->332564K(557056K), 0.0016023 secs] [Times: user=0.01 sys=0.00, real=0.00 secs] 
588.927: [GC (Allocation Failure) [PSYoungGen: 59408K->1968K(59904K)] 390420K->332980K(557056K), 0.0018626 secs] [Times: user=0.01 sys=0.00, real=0.00 secs] 
589.509: [GC (Allocation Failure) [PSYoungGen: 59824K->1344K(59904K)] 390836K->332356K(557056K), 0.0032770 secs] [Times: user=0.01 sys=0.00, real=0.01 secs] 
589.775: [GC (Allocation Failure) [PSYoungGen: 59200K->1344K(59904K)] 390212K->332356K(557056K), 0.0019225 secs] [Times: user=0.01 sys=0.01, real=0.00 secs] 
590.015: [GC (Allocation Failure) [PSYoungGen: 59200K->1344K(59904K)] 390212K->332356K(557056K), 0.0019051 secs] [Times: user=0.01 sys=0.00, real=0.00 secs] 
590.264: [GC (Allocation Failure) [PSYoungGen: 59200K->1408K(59904K)] 390212K->332420K(557056K), 0.0016392 secs] [Times: user=0.00 sys=0.00, real=0.00 secs] 
590.562: [GC (Allocation Failure) [PSYoungGen: 59264K->1485K(59904K)] 390276K->332498K(557056K), 0.0015187 secs] [Times: user=0.00 sys=0.00, real=0.00 secs] 
590.901: [GC (Allocation Failure) [PSYoungGen: 59315K->1568K(59904K)] 390328K->332588K(557056K), 0.0015714 secs] [Times: user=0.00 sys=0.00, real=0.01 secs] 
591.246: [GC (Allocation Failure) [PSYoungGen: 59424K->1488K(59904K)] 390444K->332508K(557056K), 0.0016740 secs] [Times: user=0.01 sys=0.01, real=0.00 secs] 
591.583: [GC (Allocation Failure) [PSYoungGen: 59344K->1549K(59904K)] 390364K->332570K(557056K), 0.0015761 secs] [Times: user=0.01 sys=0.00, real=0.00 secs] 
591.982: [GC (Allocation Failure) [PSYoungGen: 59405K->1616K(59904K)] 390426K->332636K(557056K), 0.0017439 secs] [Times: user=0.01 sys=0.00, real=0.00 secs] 
592.313: [GC (Allocation Failure) [PSYoungGen: 59472K->1392K(59904K)] 390492K->332412K(557056K), 0.0018220 secs] [Times: user=0.01 sys=0.00, real=0.00 secs] 
592.554: [GC (Allocation Failure) [PSYoungGen: 59248K->1376K(59904K)] 390268K->332396K(557056K), 0.0019402 secs] [Times: user=0.01 sys=0.00, real=0.00 secs] 
592.794: [GC (Allocation Failure) [PSYoungGen: 59232K->1360K(59904K)] 390252K->332380K(557056K), 0.0017967 secs] [Times: user=0.00 sys=0.00, real=0.00 secs] 
593.058: [GC (Allocation Failure) [PSYoungGen: 59216K->1376K(59904K)] 390236K->332404K(557056K), 0.0020507 secs] [Times: user=0.01 sys=0.00, real=0.00 secs] 
593.381: [GC (Allocation Failure) [PSYoungGen: 59200K->1437K(59904K)] 390229K->332466K(557056K), 0.0014444 secs] [Times: user=0.01 sys=0.00, real=0.01 secs] 
593.717: [GC (Allocation Failure) [PSYoungGen: 59293K->1549K(59904K)] 390322K->332586K(557056K), 0.0014795 secs] [Times: user=0.00 sys=0.00, real=0.00 secs] 
594.057: [GC (Allocation Failure) [PSYoungGen: 59384K->1565K(59904K)] 390421K->332602K(557056K), 0.0015557 secs] [Times: user=0.01 sys=0.00, real=0.00 secs] 
594.397: [GC (Allocation Failure) [PSYoungGen: 59421K->1568K(59904K)] 390458K->332604K(557056K), 0.0015931 secs] [Times: user=0.00 sys=0.00, real=0.00 secs] 
594.733: [GC (Allocation Failure) [PSYoungGen: 59424K->1552K(59904K)] 390460K->332588K(557056K), 0.0015848 secs] [Times: user=0.01 sys=0.00, real=0.00 secs] 
595.662: [GC (Allocation Failure) [PSYoungGen: 59408K->1376K(59904K)] 390444K->332412K(557056K), 0.0032999 secs] [Times: user=0.01 sys=0.00, real=0.00 secs] 
596.163: [GC (Allocation Failure) [PSYoungGen: 59232K->1392K(59904K)] 390268K->332428K(557056K), 0.0025159 secs] [Times: user=0.01 sys=0.00, real=0.00 secs] 
596.515: [GC (Allocation Failure) [PSYoungGen: 59248K->1376K(59904K)] 390284K->332412K(557056K), 0.0020089 secs] [Times: user=0.00 sys=0.00, real=0.00 secs] 
596.755: [GC (Allocation Failure) [PSYoungGen: 59232K->1376K(59904K)] 390268K->332412K(557056K), 0.0017535 secs] [Times: user=0.01 sys=0.00, real=0.00 secs] 
597.066: [GC (Allocation Failure) [PSYoungGen: 59222K->1456K(59904K)] 390259K->332492K(557056K), 0.0018763 secs] [Times: user=0.01 sys=0.00, real=0.00 secs] 
597.404: [GC (Allocation Failure) [PSYoungGen: 59312K->1568K(59904K)] 390348K->332612K(557056K), 0.0015502 secs] [Times: user=0.00 sys=0.00, real=0.00 secs] 
597.742: [GC (Allocation Failure) [PSYoungGen: 59424K->1565K(59904K)] 390468K->332610K(557056K), 0.0015697 secs] [Times: user=0.00 sys=0.00, real=0.00 secs] 
598.079: [GC (Allocation Failure) [PSYoungGen: 59421K->1552K(59904K)] 390466K->332596K(557056K), 0.0016476 secs] [Times: user=0.00 sys=0.00, real=0.00 secs] 
598.478: [GC (Allocation Failure) [PSYoungGen: 59408K->1520K(59904K)] 390452K->332564K(557056K), 0.0015649 secs] [Times: user=0.01 sys=0.00, real=0.00 secs] 
598.792: [GC (Allocation Failure) [PSYoungGen: 59376K->1376K(59904K)] 390420K->332420K(557056K), 0.0021431 secs] [Times: user=0.00 sys=0.00, real=0.00 secs] 
599.033: [GC (Allocation Failure) [PSYoungGen: 59232K->1376K(59904K)] 390276K->332420K(557056K), 0.0018988 secs] [Times: user=0.01 sys=0.00, real=0.00 secs] 
599.274: [GC (Allocation Failure) [PSYoungGen: 59232K->1408K(59904K)] 390276K->332452K(557056K), 0.0019120 secs] [Times: user=0.01 sys=0.00, real=0.00 secs] 
599.563: [GC (Allocation Failure) [PSYoungGen: 59264K->1408K(59904K)] 390308K->332452K(557056K), 0.0018550 secs] [Times: user=0.00 sys=0.00, real=0.00 secs] 
599.847: [GC (Allocation Failure) [PSYoungGen: 59262K->1488K(59904K)] 390307K->332532K(557056K), 0.0018017 secs] [Times: user=0.00 sys=0.00, real=0.00 secs] 
600.192: [GC (Allocation Failure) [PSYoungGen: 59344K->1581K(59904K)] 390388K->332626K(557056K), 0.0014667 secs] [Times: user=0.00 sys=0.00, real=0.00 secs] 
600.528: [GC (Allocation Failure) [PSYoungGen: 59422K->1552K(59904K)] 390467K->332612K(557056K), 0.0016238 secs] [Times: user=0.01 sys=0.00, real=0.00 secs] 
600.865: [GC (Allocation Failure) [PSYoungGen: 59408K->1552K(59904K)] 390468K->332620K(557056K), 0.0016605 secs] [Times: user=0.00 sys=0.00, real=0.00 secs] 
601.202: [GC (Allocation Failure) [PSYoungGen: 59408K->1517K(59904K)] 390476K->332586K(557056K), 0.0015815 secs] [Times: user=0.00 sys=0.00, real=0.00 secs] 
601.499: [GC (Allocation Failure) [PSYoungGen: 59373K->1472K(59904K)] 390442K->332540K(557056K), 0.0016638 secs] [Times: user=0.01 sys=0.00, real=0.00 secs] 
602.002: [GC (Allocation Failure) [PSYoungGen: 59328K->1408K(59904K)] 390396K->332476K(557056K), 0.0018886 secs] [Times: user=0.00 sys=0.00, real=0.00 secs] 
602.418: [GC (Allocation Failure) [PSYoungGen: 59264K->1408K(59904K)] 390332K->332476K(557056K), 0.0016831 secs] [Times: user=0.01 sys=0.00, real=0.00 secs] 
602.852: [GC (Allocation Failure) [PSYoungGen: 59264K->1376K(59904K)] 390332K->332444K(557056K), 0.0017536 secs] [Times: user=0.01 sys=0.00, real=0.00 secs] 
603.278: [GC (Allocation Failure) [PSYoungGen: 59232K->1344K(59904K)] 390300K->332412K(557056K), 0.0017826 secs] [Times: user=0.00 sys=0.00, real=0.00 secs] 
603.644: [GC (Allocation Failure) [PSYoungGen: 59200K->1552K(59904K)] 390268K->332636K(557056K), 0.0015553 secs] [Times: user=0.01 sys=0.00, real=0.00 secs] 
603.985: [GC (Allocation Failure) [PSYoungGen: 59405K->1488K(59904K)] 390490K->332580K(557056K), 0.0016576 secs] [Times: user=0.01 sys=0.00, real=0.00 secs] 
604.328: [GC (Allocation Failure) [PSYoungGen: 59344K->1488K(59904K)] 390436K->332580K(557056K), 0.0014341 secs] [Times: user=0.00 sys=0.00, real=0.00 secs] 
604.664: [GC (Allocation Failure) [PSYoungGen: 59344K->1488K(59904K)] 390436K->332580K(557056K), 0.0016520 secs] [Times: user=0.00 sys=0.00, real=0.00 secs] 
605.013: [GC (Allocation Failure) [PSYoungGen: 59344K->1472K(59904K)] 390436K->332564K(557056K), 0.0016922 secs] [Times: user=0.01 sys=0.00, real=0.00 secs] 
605.262: [GC (Allocation Failure) [PSYoungGen: 59328K->1376K(59904K)] 390420K->332468K(557056K), 0.0017983 secs] [Times: user=0.01 sys=0.00, real=0.00 secs] 
605.636: [GC (Allocation Failure) [PSYoungGen: 59232K->1408K(59904K)] 390324K->332500K(557056K), 0.0018664 secs] [Times: user=0.01 sys=0.00, real=0.00 secs] 
606.091: [GC (Allocation Failure) [PSYoungGen: 59264K->1376K(59904K)] 390356K->332468K(557056K), 0.0020351 secs] [Times: user=0.01 sys=0.01, real=0.01 secs] 
606.537: [GC (Allocation Failure) [PSYoungGen: 59232K->1376K(59904K)] 390324K->332468K(557056K), 0.0019862 secs] [Times: user=0.01 sys=0.00, real=0.00 secs] 
606.938: [GC (Allocation Failure) [PSYoungGen: 59220K->1501K(59904K)] 390313K->332594K(557056K), 0.0016728 secs] [Times: user=0.01 sys=0.00, real=0.00 secs] 
607.274: [GC (Allocation Failure) [PSYoungGen: 59357K->1549K(59904K)] 390450K->332650K(557056K), 0.0015997 secs] [Times: user=0.01 sys=0.00, real=0.00 secs] 
607.611: [GC (Allocation Failure) [PSYoungGen: 59405K->1552K(59904K)] 390506K->332660K(557056K), 0.0016622 secs] [Times: user=0.01 sys=0.00, real=0.01 secs] 
607.946: [GC (Allocation Failure) [PSYoungGen: 59408K->1517K(59904K)] 390516K->332626K(557056K), 0.0015853 secs] [Times: user=0.00 sys=0.00, real=0.00 secs] 
608.464: [GC (Allocation Failure) [PSYoungGen: 59373K->1408K(59904K)] 390482K->332516K(557056K), 0.0019512 secs] [Times: user=0.00 sys=0.00, real=0.00 secs] 
608.942: [GC (Allocation Failure) [PSYoungGen: 59264K->1408K(59904K)] 390372K->332516K(557056K), 0.0037287 secs] [Times: user=0.01 sys=0.00, real=0.01 secs] 
609.226: [GC (Allocation Failure) [PSYoungGen: 59264K->1376K(59904K)] 390372K->332484K(557056K), 0.0018615 secs] [Times: user=0.00 sys=0.00, real=0.00 secs] 
609.568: [GC (Allocation Failure) [PSYoungGen: 59232K->1376K(59904K)] 390340K->332484K(557056K), 0.0019523 secs] [Times: user=0.01 sys=0.00, real=0.00 secs] 
610.036: [GC (Allocation Failure) [PSYoungGen: 59232K->1376K(59904K)] 390340K->332484K(557056K), 0.0037577 secs] [Times: user=0.01 sys=0.00, real=0.00 secs] 
610.615: [GC (Allocation Failure) [PSYoungGen: 59216K->1501K(59904K)] 390325K->332610K(557056K), 0.0016466 secs] [Times: user=0.01 sys=0.00, real=0.00 secs] 
610.951: [GC (Allocation Failure) [PSYoungGen: 59357K->1584K(59904K)] 390466K->332700K(557056K), 0.0017374 secs] [Times: user=0.01 sys=0.00, real=0.01 secs] 
611.288: [GC (Allocation Failure) [PSYoungGen: 59440K->1520K(59904K)] 390556K->332636K(557056K), 0.0015393 secs] [Times: user=0.01 sys=0.00, real=0.00 secs] 
611.631: [GC (Allocation Failure) [PSYoungGen: 59376K->1552K(59904K)] 390492K->332676K(557056K), 0.0015160 secs] [Times: user=0.01 sys=0.00, real=0.01 secs] 
612.057: [GC (Allocation Failure) [PSYoungGen: 59408K->1392K(59904K)] 390532K->332516K(557056K), 0.0029869 secs] [Times: user=0.01 sys=0.01, real=0.00 secs] 
612.566: [GC (Allocation Failure) [PSYoungGen: 59248K->1408K(59904K)] 390372K->332532K(557056K), 0.0021542 secs] [Times: user=0.01 sys=0.00, real=0.00 secs] 
612.804: [GC (Allocation Failure) [PSYoungGen: 59264K->1408K(59904K)] 390388K->332532K(557056K), 0.0017801 secs] [Times: user=0.00 sys=0.00, real=0.00 secs] 
613.044: [GC (Allocation Failure) [PSYoungGen: 59264K->1360K(59904K)] 390388K->332492K(557056K), 0.0019251 secs] [Times: user=0.01 sys=0.00, real=0.00 secs] 
613.289: [GC (Allocation Failure) [PSYoungGen: 59216K->1408K(59904K)] 390348K->332540K(557056K), 0.0017897 secs] [Times: user=0.01 sys=0.00, real=0.00 secs] 
613.692: [GC (Allocation Failure) [PSYoungGen: 59250K->1520K(59904K)] 390383K->332652K(557056K), 0.0015381 secs] [Times: user=0.00 sys=0.00, real=0.00 secs] 
614.029: [GC (Allocation Failure) [PSYoungGen: 59376K->1517K(59904K)] 390508K->332674K(557056K), 0.0015569 secs] [Times: user=0.00 sys=0.00, real=0.00 secs] 
614.429: [GC (Allocation Failure) [PSYoungGen: 59373K->1552K(59904K)] 390530K->332716K(557056K), 0.0017281 secs] [Times: user=0.01 sys=0.00, real=0.00 secs] 
614.765: [GC (Allocation Failure) [PSYoungGen: 59408K->1552K(59904K)] 390572K->332724K(557056K), 0.0017228 secs] [Times: user=0.01 sys=0.00, real=0.00 secs] 
615.116: [GC (Allocation Failure) [PSYoungGen: 59408K->1456K(59904K)] 390580K->332636K(557056K), 0.0021362 secs] [Times: user=0.01 sys=0.00, real=0.00 secs] 
615.357: [GC (Allocation Failure) [PSYoungGen: 59312K->1440K(59904K)] 390492K->332620K(557056K), 0.0018064 secs] [Times: user=0.01 sys=0.00, real=0.00 secs] 
615.597: [GC (Allocation Failure) [PSYoungGen: 59296K->1408K(59904K)] 390476K->332588K(557056K), 0.0018755 secs] [Times: user=0.00 sys=0.00, real=0.00 secs] 
615.837: [GC (Allocation Failure) [PSYoungGen: 59264K->1440K(59904K)] 390444K->332620K(557056K), 0.0017237 secs] [Times: user=0.01 sys=0.00, real=0.00 secs] 
616.092: [GC (Allocation Failure) [PSYoungGen: 59296K->1472K(59904K)] 390476K->332652K(557056K), 0.0019194 secs] [Times: user=0.01 sys=0.00, real=0.00 secs] 
616.572: [GC (Allocation Failure) [PSYoungGen: 59328K->1581K(59904K)] 390508K->332762K(557056K), 0.0016472 secs] [Times: user=0.01 sys=0.00, real=0.00 secs] 
616.910: [GC (Allocation Failure) [PSYoungGen: 59431K->1584K(59904K)] 390612K->332772K(557056K), 0.0016803 secs] [Times: user=0.01 sys=0.00, real=0.01 secs] 
617.247: [GC (Allocation Failure) [PSYoungGen: 59440K->1533K(59904K)] 390628K->332722K(557056K), 0.0014462 secs] [Times: user=0.01 sys=0.00, real=0.00 secs] 
617.584: [GC (Allocation Failure) [PSYoungGen: 59389K->1597K(59904K)] 390578K->332786K(557056K), 0.0016683 secs] [Times: user=0.01 sys=0.00, real=0.00 secs] 
617.895: [GC (Allocation Failure) [PSYoungGen: 59453K->1520K(59904K)] 390642K->332716K(557056K), 0.0015500 secs] [Times: user=0.01 sys=0.00, real=0.00 secs] 
618.134: [GC (Allocation Failure) [PSYoungGen: 59376K->1408K(59904K)] 390572K->332612K(557056K), 0.0014718 secs] [Times: user=0.00 sys=0.00, real=0.00 secs] 
618.374: [GC (Allocation Failure) [PSYoungGen: 59264K->1408K(59904K)] 390468K->332612K(557056K), 0.0014268 secs] [Times: user=0.01 sys=0.00, real=0.00 secs] 
618.613: [GC (Allocation Failure) [PSYoungGen: 59264K->1408K(59904K)] 390468K->332612K(557056K), 0.0015250 secs] [Times: user=0.00 sys=0.00, real=0.00 secs] 
618.853: [GC (Allocation Failure) [PSYoungGen: 59264K->1440K(59904K)] 390468K->332644K(557056K), 0.0015281 secs] [Times: user=0.01 sys=0.00, real=0.00 secs] 
619.174: [GC (Allocation Failure) [PSYoungGen: 59292K->1568K(59904K)] 390496K->332772K(557056K), 0.0015250 secs] [Times: user=0.01 sys=0.00, real=0.00 secs] 
619.510: [GC (Allocation Failure) [PSYoungGen: 59424K->1568K(59904K)] 390628K->332796K(557056K), 0.0014739 secs] [Times: user=0.00 sys=0.00, real=0.00 secs] 
619.847: [GC (Allocation Failure) [PSYoungGen: 59424K->1568K(59904K)] 390652K->332796K(557056K), 0.0015761 secs] [Times: user=0.00 sys=0.00, real=0.00 secs] 
620.244: [GC (Allocation Failure) [PSYoungGen: 59424K->1552K(59904K)] 390652K->332780K(557056K), 0.0015794 secs] [Times: user=0.01 sys=0.00, real=0.00 secs] 
621.115: [GC (Allocation Failure) [PSYoungGen: 59408K->1472K(59904K)] 390636K->332700K(557056K), 0.0033184 secs] [Times: user=0.01 sys=0.00, real=0.00 secs] 
621.738: [GC (Allocation Failure) [PSYoungGen: 59328K->1408K(59904K)] 390556K->332636K(557056K), 0.0025886 secs] [Times: user=0.01 sys=0.00, real=0.00 secs] 
622.247: [GC (Allocation Failure) [PSYoungGen: 59264K->1360K(59904K)] 390492K->332588K(557056K), 0.0026451 secs] [Times: user=0.01 sys=0.00, real=0.00 secs] 
622.859: [GC (Allocation Failure) [PSYoungGen: 59216K->1408K(59904K)] 390444K->332636K(557056K), 0.0026192 secs] [Times: user=0.01 sys=0.00, real=0.00 secs] 
623.657: [GC (Allocation Failure) [PSYoungGen: 59264K->1408K(59904K)] 390492K->332636K(557056K), 0.0029977 secs] [Times: user=0.01 sys=0.00, real=0.00 secs] 
624.380: [GC (Allocation Failure) [PSYoungGen: 59264K->1504K(59904K)] 390492K->332732K(557056K), 0.0015052 secs] [Times: user=0.00 sys=0.00, real=0.00 secs] 
624.719: [GC (Allocation Failure) [PSYoungGen: 59360K->1552K(59904K)] 390588K->332796K(557056K), 0.0016612 secs] [Times: user=0.01 sys=0.00, real=0.00 secs] 
625.057: [GC (Allocation Failure) [PSYoungGen: 59408K->1520K(59904K)] 390652K->332780K(557056K), 0.0015316 secs] [Times: user=0.00 sys=0.00, real=0.00 secs] 
625.393: [GC (Allocation Failure) [PSYoungGen: 59376K->1520K(59904K)] 390636K->332780K(557056K), 0.0015903 secs] [Times: user=0.01 sys=0.00, real=0.00 secs] 
626.269: [GC (Allocation Failure) [PSYoungGen: 59376K->1488K(59904K)] 390636K->332748K(557056K), 0.0039045 secs] [Times: user=0.01 sys=0.00, real=0.01 secs] 
627.276: [GC (Allocation Failure) [PSYoungGen: 59344K->1376K(59904K)] 390604K->332636K(557056K), 0.0031488 secs] [Times: user=0.01 sys=0.00, real=0.00 secs] 
627.788: [GC (Allocation Failure) [PSYoungGen: 59232K->1376K(59904K)] 390492K->332636K(557056K), 0.0022680 secs] [Times: user=0.00 sys=0.00, real=0.00 secs] 
628.477: [GC (Allocation Failure) [PSYoungGen: 59232K->1376K(59904K)] 390492K->332636K(557056K), 0.0022772 secs] [Times: user=0.01 sys=0.00, real=0.00 secs] 
628.997: [GC (Allocation Failure) [PSYoungGen: 59232K->1344K(59904K)] 390492K->332604K(557056K), 0.0023535 secs] [Times: user=0.01 sys=0.00, real=0.00 secs] 
629.466: [GC (Allocation Failure) [PSYoungGen: 59200K->1485K(59904K)] 390460K->332746K(557056K), 0.0014763 secs] [Times: user=0.00 sys=0.00, real=0.00 secs] 
629.803: [GC (Allocation Failure) [PSYoungGen: 59313K->1565K(59904K)] 390574K->332834K(557056K), 0.0015497 secs] [Times: user=0.00 sys=0.00, real=0.00 secs] 
630.141: [GC (Allocation Failure) [PSYoungGen: 59421K->1568K(59904K)] 390690K->332836K(557056K), 0.0016305 secs] [Times: user=0.01 sys=0.00, real=0.01 secs] 
630.477: [GC (Allocation Failure) [PSYoungGen: 59424K->1488K(59904K)] 390692K->332756K(557056K), 0.0015488 secs] [Times: user=0.00 sys=0.00, real=0.00 secs] 
630.914: [GC (Allocation Failure) [PSYoungGen: 59344K->1472K(59904K)] 390612K->332740K(557056K), 0.0018313 secs] [Times: user=0.01 sys=0.00, real=0.00 secs] 
631.734: [GC (Allocation Failure) [PSYoungGen: 59328K->1376K(59904K)] 390596K->332644K(557056K), 0.0036603 secs] [Times: user=0.02 sys=0.00, real=0.00 secs] 
632.481: [GC (Allocation Failure) [PSYoungGen: 59232K->1344K(59904K)] 390500K->332612K(557056K), 0.0038561 secs] [Times: user=0.01 sys=0.00, real=0.01 secs] 
633.257: [GC (Allocation Failure) [PSYoungGen: 59200K->1360K(59904K)] 390468K->332628K(557056K), 0.0038765 secs] [Times: user=0.01 sys=0.00, real=0.00 secs] 
633.794: [GC (Allocation Failure) [PSYoungGen: 59216K->1376K(59904K)] 390484K->332644K(557056K), 0.0025044 secs] [Times: user=0.01 sys=0.00, real=0.00 secs] 
634.331: [GC (Allocation Failure) [PSYoungGen: 59202K->1453K(59904K)] 390471K->332722K(557056K), 0.0014937 secs] [Times: user=0.01 sys=0.00, real=0.01 secs] 
634.670: [GC (Allocation Failure) [PSYoungGen: 59309K->1549K(59904K)] 390578K->332826K(557056K), 0.0015690 secs] [Times: user=0.00 sys=0.00, real=0.00 secs] 
635.007: [GC (Allocation Failure) [PSYoungGen: 59376K->1581K(59904K)] 390653K->332858K(557056K), 0.0014230 secs] [Times: user=0.00 sys=0.00, real=0.00 secs] 
635.344: [GC (Allocation Failure) [PSYoungGen: 59437K->1565K(59904K)] 390714K->332842K(557056K), 0.0016499 secs] [Times: user=0.01 sys=0.00, real=0.00 secs] 
635.731: [GC (Allocation Failure) [PSYoungGen: 59421K->1760K(59904K)] 390698K->333052K(557056K), 0.0018324 secs] [Times: user=0.01 sys=0.00, real=0.01 secs] 
636.090: [GC (Allocation Failure) [PSYoungGen: 59616K->1376K(59904K)] 390908K->332668K(557056K), 0.0017397 secs] [Times: user=0.01 sys=0.00, real=0.00 secs] 
636.552: [GC (Allocation Failure) [PSYoungGen: 59232K->1344K(59904K)] 390524K->332636K(557056K), 0.0041607 secs] [Times: user=0.02 sys=0.00, real=0.00 secs] 
637.026: [GC (Allocation Failure) [PSYoungGen: 59200K->1360K(59904K)] 390492K->332652K(557056K), 0.0024305 secs] [Times: user=0.01 sys=0.00, real=0.00 secs] 
637.503: [GC (Allocation Failure) [PSYoungGen: 59216K->1408K(59904K)] 390508K->332700K(557056K), 0.0024264 secs] [Times: user=0.01 sys=0.00, real=0.00 secs] 
638.061: [GC (Allocation Failure) [PSYoungGen: 59264K->1424K(59904K)] 390556K->332716K(557056K), 0.0018422 secs] [Times: user=0.01 sys=0.00, real=0.01 secs] 
638.403: [GC (Allocation Failure) [PSYoungGen: 59248K->1488K(59904K)] 390541K->332788K(557056K), 0.0015097 secs] [Times: user=0.00 sys=0.00, real=0.00 secs] 
638.741: [GC (Allocation Failure) [PSYoungGen: 59344K->1488K(59904K)] 390644K->332788K(557056K), 0.0016398 secs] [Times: user=0.01 sys=0.00, real=0.01 secs] 
639.078: [GC (Allocation Failure) [PSYoungGen: 59344K->1552K(59904K)] 390644K->332852K(557056K), 0.0017029 secs] [Times: user=0.01 sys=0.00, real=0.00 secs] 
639.446: [GC (Allocation Failure) [PSYoungGen: 59325K->320K(59904K)] 390626K->331620K(557056K), 0.0015561 secs] [Times: user=0.01 sys=0.00, real=0.00 secs] 
639.791: [GC (Allocation Failure) [PSYoungGen: 58176K->1376K(59904K)] 389476K->332676K(557056K), 0.0016816 secs] [Times: user=0.00 sys=0.00, real=0.01 secs] 
640.342: [GC (Allocation Failure) [PSYoungGen: 59232K->1376K(59904K)] 390532K->332676K(557056K), 0.0024611 secs] [Times: user=0.01 sys=0.00, real=0.01 secs] 
640.875: [GC (Allocation Failure) [PSYoungGen: 59232K->1440K(59904K)] 390532K->332740K(557056K), 0.0030060 secs] [Times: user=0.01 sys=0.00, real=0.00 secs] 
641.371: [GC (Allocation Failure) [PSYoungGen: 59296K->1376K(59904K)] 390596K->332676K(557056K), 0.0037766 secs] [Times: user=0.02 sys=0.00, real=0.01 secs] 
641.970: [GC (Allocation Failure) [PSYoungGen: 59203K->1488K(59904K)] 390504K->332788K(557056K), 0.0021192 secs] [Times: user=0.01 sys=0.00, real=0.01 secs] 
642.341: [GC (Allocation Failure) [PSYoungGen: 59344K->1565K(59904K)] 390644K->332874K(557056K), 0.0015063 secs] [Times: user=0.01 sys=0.00, real=0.01 secs] 
642.682: [GC (Allocation Failure) [PSYoungGen: 59421K->1565K(59904K)] 390730K->332874K(557056K), 0.0016452 secs] [Times: user=0.00 sys=0.00, real=0.00 secs] 
643.019: [GC (Allocation Failure) [PSYoungGen: 59421K->1584K(59904K)] 390730K->332892K(557056K), 0.0016646 secs] [Times: user=0.00 sys=0.00, real=0.00 secs] 
643.356: [GC (Allocation Failure) [PSYoungGen: 59440K->1565K(59904K)] 390748K->332874K(557056K), 0.0015596 secs] [Times: user=0.00 sys=0.00, real=0.00 secs] 
643.608: [GC (Allocation Failure) [PSYoungGen: 59421K->1376K(59904K)] 390730K->332684K(557056K), 0.0014974 secs] [Times: user=0.01 sys=0.00, real=0.00 secs] 
643.904: [GC (Allocation Failure) [PSYoungGen: 59232K->1408K(59904K)] 390540K->332716K(557056K), 0.0016149 secs] [Times: user=0.01 sys=0.00, real=0.00 secs] 
644.458: [GC (Allocation Failure) [PSYoungGen: 59264K->1344K(59904K)] 390572K->332668K(557056K), 0.0027140 secs] [Times: user=0.01 sys=0.00, real=0.00 secs] 
645.043: [GC (Allocation Failure) [PSYoungGen: 59200K->1408K(59904K)] 390524K->332732K(557056K), 0.0025915 secs] [Times: user=0.01 sys=0.00, real=0.00 secs] 
645.672: [GC (Allocation Failure) [PSYoungGen: 59264K->1424K(59904K)] 390588K->332748K(557056K), 0.0026601 secs] [Times: user=0.01 sys=0.00, real=0.00 secs] 
646.091: [GC (Allocation Failure) [PSYoungGen: 59254K->1552K(59904K)] 390579K->332884K(557056K), 0.0015799 secs] [Times: user=0.00 sys=0.00, real=0.01 secs] 
646.427: [GC (Allocation Failure) [PSYoungGen: 59408K->1488K(59904K)] 390740K->332828K(557056K), 0.0015394 secs] [Times: user=0.00 sys=0.01, real=0.00 secs] 
646.763: [GC (Allocation Failure) [PSYoungGen: 59344K->1565K(59904K)] 390684K->332906K(557056K), 0.0015670 secs] [Times: user=0.01 sys=0.00, real=0.00 secs] 
647.160: [GC (Allocation Failure) [PSYoungGen: 59421K->1488K(59904K)] 390762K->332828K(557056K), 0.0016227 secs] [Times: user=0.01 sys=0.00, real=0.01 secs] 
647.462: [GC (Allocation Failure) [PSYoungGen: 59344K->1376K(59904K)] 390684K->332716K(557056K), 0.0020964 secs] [Times: user=0.01 sys=0.00, real=0.00 secs] 
647.703: [GC (Allocation Failure) [PSYoungGen: 59232K->1344K(59904K)] 390572K->332684K(557056K), 0.0018188 secs] [Times: user=0.01 sys=0.00, real=0.00 secs] 
647.943: [GC (Allocation Failure) [PSYoungGen: 59200K->1376K(59904K)] 390540K->332716K(557056K), 0.0018199 secs] [Times: user=0.01 sys=0.00, real=0.00 secs] 
648.183: [GC (Allocation Failure) [PSYoungGen: 59232K->1344K(59904K)] 390572K->332684K(557056K), 0.0017611 secs] [Times: user=0.00 sys=0.00, real=0.00 secs] 
648.492: [GC (Allocation Failure) [PSYoungGen: 59200K->1376K(59904K)] 390540K->332716K(557056K), 0.0021232 secs] [Times: user=0.01 sys=0.00, real=0.00 secs] 
648.886: [GC (Allocation Failure) [PSYoungGen: 59207K->1568K(59904K)] 390548K->332908K(557056K), 0.0015795 secs] [Times: user=0.00 sys=0.00, real=0.00 secs] 
649.222: [GC (Allocation Failure) [PSYoungGen: 59424K->1488K(59904K)] 390764K->332844K(557056K), 0.0014841 secs] [Times: user=0.01 sys=0.00, real=0.00 secs] 
649.562: [GC (Allocation Failure) [PSYoungGen: 59344K->1488K(59904K)] 390700K->332844K(557056K), 0.0016574 secs] [Times: user=0.01 sys=0.00, real=0.00 secs] 
649.899: [GC (Allocation Failure) [PSYoungGen: 59344K->1549K(59904K)] 390700K->332906K(557056K), 0.0014401 secs] [Times: user=0.01 sys=0.00, real=0.00 secs] 
650.201: [GC (Allocation Failure) [PSYoungGen: 59405K->1408K(59904K)] 390762K->332764K(557056K), 0.0018400 secs] [Times: user=0.01 sys=0.00, real=0.01 secs] 
650.547: [GC (Allocation Failure) [PSYoungGen: 59264K->1408K(59904K)] 390620K->332764K(557056K), 0.0018725 secs] [Times: user=0.00 sys=0.00, real=0.00 secs] 
650.787: [GC (Allocation Failure) [PSYoungGen: 59264K->1440K(59904K)] 390620K->332796K(557056K), 0.0017754 secs] [Times: user=0.01 sys=0.00, real=0.00 secs] 
651.029: [GC (Allocation Failure) [PSYoungGen: 59296K->1360K(59904K)] 390652K->332716K(557056K), 0.0020042 secs] [Times: user=0.01 sys=0.00, real=0.00 secs] 
651.269: [GC (Allocation Failure) [PSYoungGen: 59216K->1344K(59904K)] 390572K->332700K(557056K), 0.0019506 secs] [Times: user=0.00 sys=0.00, real=0.00 secs] 
651.632: [GC (Allocation Failure) [PSYoungGen: 59200K->1520K(59904K)] 390556K->332876K(557056K), 0.0016366 secs] [Times: user=0.01 sys=0.00, real=0.00 secs] 
651.971: [GC (Allocation Failure) [PSYoungGen: 59344K->1552K(59904K)] 390701K->332924K(557056K), 0.0015789 secs] [Times: user=0.01 sys=0.00, real=0.01 secs] 
652.308: [GC (Allocation Failure) [PSYoungGen: 59408K->1488K(59904K)] 390780K->332860K(557056K), 0.0016610 secs] [Times: user=0.00 sys=0.01, real=0.00 secs] 
652.653: [GC (Allocation Failure) [PSYoungGen: 59344K->1581K(59904K)] 390716K->332954K(557056K), 0.0015244 secs] [Times: user=0.01 sys=0.00, real=0.00 secs] 
653.176: [GC (Allocation Failure) [PSYoungGen: 59437K->1376K(59904K)] 390810K->332764K(557056K), 0.0018308 secs] [Times: user=0.00 sys=0.00, real=0.00 secs] 
653.656: [GC (Allocation Failure) [PSYoungGen: 59232K->1360K(59904K)] 390620K->332748K(557056K), 0.0032775 secs] [Times: user=0.01 sys=0.01, real=0.00 secs] 
654.108: [GC (Allocation Failure) [PSYoungGen: 59216K->1408K(59904K)] 390604K->332796K(557056K), 0.0029402 secs] [Times: user=0.02 sys=0.00, real=0.00 secs] 
654.582: [GC (Allocation Failure) [PSYoungGen: 59264K->1344K(59904K)] 390652K->332732K(557056K), 0.0023111 secs] [Times: user=0.01 sys=0.01, real=0.00 secs] 
655.095: [GC (Allocation Failure) [PSYoungGen: 59200K->1408K(59904K)] 390588K->332796K(557056K), 0.0023567 secs] [Times: user=0.01 sys=0.00, real=0.00 secs] 
655.567: [GC (Allocation Failure) [PSYoungGen: 59264K->1488K(59904K)] 390652K->332876K(557056K), 0.0017231 secs] [Times: user=0.00 sys=0.01, real=0.00 secs] 
655.903: [GC (Allocation Failure) [PSYoungGen: 59344K->1520K(59904K)] 390732K->332916K(557056K), 0.0015088 secs] [Times: user=0.00 sys=0.00, real=0.00 secs] 
656.240: [GC (Allocation Failure) [PSYoungGen: 59347K->1520K(59904K)] 390744K->332916K(557056K), 0.0016241 secs] [Times: user=0.00 sys=0.00, real=0.01 secs] 
656.579: [GC (Allocation Failure) [PSYoungGen: 59376K->1533K(59904K)] 390772K->332930K(557056K), 0.0015976 secs] [Times: user=0.00 sys=0.00, real=0.00 secs] 
657.133: [GC (Allocation Failure) [PSYoungGen: 59389K->1440K(59904K)] 390786K->332844K(557056K), 0.0018378 secs] [Times: user=0.01 sys=0.00, real=0.00 secs] 
657.679: [GC (Allocation Failure) [PSYoungGen: 59296K->1376K(59904K)] 390700K->332780K(557056K), 0.0032226 secs] [Times: user=0.02 sys=0.00, real=0.01 secs] 
658.101: [GC (Allocation Failure) [PSYoungGen: 59232K->1408K(59904K)] 390636K->332812K(557056K), 0.0024711 secs] [Times: user=0.00 sys=0.00, real=0.01 secs] 
658.549: [GC (Allocation Failure) [PSYoungGen: 59264K->1376K(59904K)] 390668K->332780K(557056K), 0.0032267 secs] [Times: user=0.01 sys=0.00, real=0.01 secs] 
658.794: [GC (Allocation Failure) [PSYoungGen: 59232K->1376K(59904K)] 390636K->332780K(557056K), 0.0017806 secs] [Times: user=0.01 sys=0.00, real=0.00 secs] 
659.165: [GC (Allocation Failure) [PSYoungGen: 59232K->1533K(59904K)] 390636K->332938K(557056K), 0.0015768 secs] [Times: user=0.01 sys=0.00, real=0.00 secs] 
659.506: [GC (Allocation Failure) [PSYoungGen: 59381K->1520K(59904K)] 390786K->332932K(557056K), 0.0017337 secs] [Times: user=0.01 sys=0.00, real=0.00 secs] 
659.903: [GC (Allocation Failure) [PSYoungGen: 59376K->1488K(59904K)] 390788K->332900K(557056K), 0.0015796 secs] [Times: user=0.01 sys=0.00, real=0.00 secs] 
660.239: [GC (Allocation Failure) [PSYoungGen: 59344K->1565K(59904K)] 390756K->332978K(557056K), 0.0016878 secs] [Times: user=0.00 sys=0.00, real=0.00 secs] 
661.380: [GC (Allocation Failure) [PSYoungGen: 59421K->1440K(59904K)] 390834K->332852K(557056K), 0.0027351 secs] [Times: user=0.01 sys=0.00, real=0.01 secs] 
661.786: [GC (Allocation Failure) [PSYoungGen: 59296K->1360K(59904K)] 390708K->332772K(557056K), 0.0020565 secs] [Times: user=0.01 sys=0.00, real=0.00 secs] 
662.026: [GC (Allocation Failure) [PSYoungGen: 59216K->1408K(59904K)] 390628K->332820K(557056K), 0.0017484 secs] [Times: user=0.01 sys=0.00, real=0.00 secs] 
662.266: [GC (Allocation Failure) [PSYoungGen: 59264K->1424K(59904K)] 390676K->332836K(557056K), 0.0019507 secs] [Times: user=0.01 sys=0.00, real=0.00 secs] 
662.531: [GC (Allocation Failure) [PSYoungGen: 59280K->1392K(59904K)] 390692K->332804K(557056K), 0.0020515 secs] [Times: user=0.01 sys=0.00, real=0.01 secs] 
662.887: [GC (Allocation Failure) [PSYoungGen: 59248K->1501K(59904K)] 390660K->332914K(557056K), 0.0015258 secs] [Times: user=0.00 sys=0.00, real=0.00 secs] 
663.224: [GC (Allocation Failure) [PSYoungGen: 59357K->1533K(59904K)] 390770K->332962K(557056K), 0.0015740 secs] [Times: user=0.01 sys=0.00, real=0.00 secs] 
663.561: [GC (Allocation Failure) [PSYoungGen: 59389K->1584K(59904K)] 390818K->333012K(557056K), 0.0015814 secs] [Times: user=0.00 sys=0.00, real=0.01 secs] 
663.898: [GC (Allocation Failure) [PSYoungGen: 59440K->1520K(59904K)] 390868K->332948K(557056K), 0.0015330 secs] [Times: user=0.01 sys=0.00, real=0.00 secs] 
664.217: [GC (Allocation Failure) [PSYoungGen: 59376K->1488K(59904K)] 390804K->332932K(557056K), 0.0018498 secs] [Times: user=0.01 sys=0.00, real=0.00 secs] 
664.464: [GC (Allocation Failure) [PSYoungGen: 59344K->1376K(59904K)] 390788K->332820K(557056K), 0.0016309 secs] [Times: user=0.01 sys=0.00, real=0.00 secs] 
664.728: [GC (Allocation Failure) [PSYoungGen: 59232K->1376K(59904K)] 390676K->332820K(557056K), 0.0016740 secs] [Times: user=0.01 sys=0.00, real=0.00 secs] 
664.988: [GC (Allocation Failure) [PSYoungGen: 59232K->1376K(59904K)] 390676K->332820K(557056K), 0.0014727 secs] [Times: user=0.00 sys=0.00, real=0.00 secs] 
665.253: [GC (Allocation Failure) [PSYoungGen: 59232K->1376K(59904K)] 390676K->332820K(557056K), 0.0017744 secs] [Times: user=0.01 sys=0.00, real=0.00 secs] 
665.589: [GC (Allocation Failure) [PSYoungGen: 59232K->1485K(59904K)] 390676K->332930K(557056K), 0.0014876 secs] [Times: user=0.01 sys=0.00, real=0.00 secs] 
665.924: [GC (Allocation Failure) [PSYoungGen: 59341K->1584K(59904K)] 390786K->333036K(557056K), 0.0014993 secs] [Times: user=0.01 sys=0.00, real=0.00 secs] 
666.262: [GC (Allocation Failure) [PSYoungGen: 59413K->1520K(59904K)] 390865K->332972K(557056K), 0.0016066 secs] [Times: user=0.00 sys=0.00, real=0.00 secs] 
666.600: [GC (Allocation Failure) [PSYoungGen: 59376K->1488K(59904K)] 390828K->332940K(557056K), 0.0016956 secs] [Times: user=0.00 sys=0.00, real=0.00 secs] 
667.027: [GC (Allocation Failure) [PSYoungGen: 59344K->1472K(59904K)] 390796K->332924K(557056K), 0.0016150 secs] [Times: user=0.00 sys=0.00, real=0.00 secs] 
667.533: [GC (Allocation Failure) [PSYoungGen: 59328K->1376K(59904K)] 390780K->332828K(557056K), 0.0020851 secs] [Times: user=0.01 sys=0.00, real=0.00 secs] 
668.041: [GC (Allocation Failure) [PSYoungGen: 59232K->1344K(59904K)] 390684K->332796K(557056K), 0.0033338 secs] [Times: user=0.02 sys=0.00, real=0.01 secs] 
668.514: [GC (Allocation Failure) [PSYoungGen: 59200K->1376K(59904K)] 390652K->332828K(557056K), 0.0024044 secs] [Times: user=0.01 sys=0.01, real=0.00 secs] 
668.995: [GC (Allocation Failure) [PSYoungGen: 59232K->1376K(59904K)] 390684K->332828K(557056K), 0.0024635 secs] [Times: user=0.01 sys=0.00, real=0.00 secs] 
669.401: [GC (Allocation Failure) [PSYoungGen: 59220K->1520K(59904K)] 390673K->332972K(557056K), 0.0015654 secs] [Times: user=0.01 sys=0.00, real=0.01 secs] 
669.740: [GC (Allocation Failure) [PSYoungGen: 59376K->1552K(59904K)] 390828K->333020K(557056K), 0.0016519 secs] [Times: user=0.00 sys=0.00, real=0.00 secs] 
670.078: [GC (Allocation Failure) [PSYoungGen: 59408K->1552K(59904K)] 390876K->333020K(557056K), 0.0015718 secs] [Times: user=0.00 sys=0.00, real=0.00 secs] 
670.415: [GC (Allocation Failure) [PSYoungGen: 59408K->1488K(59904K)] 390876K->332956K(557056K), 0.0016581 secs] [Times: user=0.01 sys=0.00, real=0.00 secs] 
670.793: [GC (Allocation Failure) [PSYoungGen: 59344K->1440K(59904K)] 390812K->332908K(557056K), 0.0016480 secs] [Times: user=0.00 sys=0.00, real=0.00 secs] 
671.135: [GC (Allocation Failure) [PSYoungGen: 59296K->1408K(59904K)] 390764K->332876K(557056K), 0.0017261 secs] [Times: user=0.01 sys=0.00, real=0.00 secs] 
671.422: [GC (Allocation Failure) [PSYoungGen: 59264K->1376K(59904K)] 390732K->332844K(557056K), 0.0020379 secs] [Times: user=0.01 sys=0.00, real=0.00 secs] 
671.662: [GC (Allocation Failure) [PSYoungGen: 59232K->1344K(59904K)] 390700K->332812K(557056K), 0.0020559 secs] [Times: user=0.00 sys=0.00, real=0.00 secs] 
671.905: [GC (Allocation Failure) [PSYoungGen: 59200K->1376K(59904K)] 390668K->332844K(557056K), 0.0018051 secs] [Times: user=0.01 sys=0.00, real=0.00 secs] 
672.257: [GC (Allocation Failure) [PSYoungGen: 59203K->1517K(59904K)] 390672K->332986K(557056K), 0.0015664 secs] [Times: user=0.00 sys=0.00, real=0.00 secs] 
672.594: [GC (Allocation Failure) [PSYoungGen: 59373K->1584K(59904K)] 390842K->333068K(557056K), 0.0016165 secs] [Times: user=0.01 sys=0.00, real=0.00 secs] 
672.932: [GC (Allocation Failure) [PSYoungGen: 59440K->1520K(59904K)] 390924K->333004K(557056K), 0.0015740 secs] [Times: user=0.01 sys=0.00, real=0.01 secs] 
673.278: [GC (Allocation Failure) [PSYoungGen: 59376K->1488K(59904K)] 390860K->332972K(557056K), 0.0016326 secs] [Times: user=0.01 sys=0.00, real=0.00 secs] 
673.815: [GC (Allocation Failure) [PSYoungGen: 59344K->1488K(59904K)] 390828K->332988K(557056K), 0.0017575 secs] [Times: user=0.01 sys=0.00, real=0.00 secs] 
674.378: [GC (Allocation Failure) [PSYoungGen: 59344K->1424K(59904K)] 390844K->332924K(557056K), 0.0018015 secs] [Times: user=0.00 sys=0.00, real=0.00 secs] 
674.859: [GC (Allocation Failure) [PSYoungGen: 59280K->1376K(59904K)] 390780K->332876K(557056K), 0.0018991 secs] [Times: user=0.01 sys=0.00, real=0.00 secs] 
675.476: [GC (Allocation Failure) [PSYoungGen: 59232K->1408K(59904K)] 390732K->332908K(557056K), 0.0026222 secs] [Times: user=0.01 sys=0.00, real=0.00 secs] 
676.199: [GC (Allocation Failure) [PSYoungGen: 59264K->1344K(59904K)] 390764K->332844K(557056K), 0.0023266 secs] [Times: user=0.01 sys=0.00, real=0.00 secs] 
676.956: [GC (Allocation Failure) [PSYoungGen: 59198K->1488K(59904K)] 390698K->332988K(557056K), 0.0014379 secs] [Times: user=0.00 sys=0.00, real=0.00 secs] 
677.294: [GC (Allocation Failure) [PSYoungGen: 59344K->1517K(59904K)] 390844K->333034K(557056K), 0.0014407 secs] [Times: user=0.00 sys=0.00, real=0.00 secs] 
677.631: [GC (Allocation Failure) [PSYoungGen: 59373K->1520K(59904K)] 390890K->333036K(557056K), 0.0015115 secs] [Times: user=0.00 sys=0.00, real=0.01 secs] 
677.967: [GC (Allocation Failure) [PSYoungGen: 59376K->1584K(59904K)] 390892K->333100K(557056K), 0.0015118 secs] [Times: user=0.01 sys=0.00, real=0.00 secs] 
678.368: [GC (Allocation Failure) [PSYoungGen: 59440K->1968K(59904K)] 390956K->333492K(557056K), 0.0016347 secs] [Times: user=0.00 sys=0.00, real=0.00 secs] 
678.609: [GC (Allocation Failure) [PSYoungGen: 59824K->1376K(59904K)] 391348K->332900K(557056K), 0.0015262 secs] [Times: user=0.00 sys=0.00, real=0.00 secs] 
678.850: [GC (Allocation Failure) [PSYoungGen: 59232K->1392K(59904K)] 390756K->332916K(557056K), 0.0017314 secs] [Times: user=0.01 sys=0.00, real=0.01 secs] 
679.124: [GC (Allocation Failure) [PSYoungGen: 59248K->1392K(59904K)] 390772K->332916K(557056K), 0.0015194 secs] [Times: user=0.01 sys=0.00, real=0.00 secs] 
679.414: [GC (Allocation Failure) [PSYoungGen: 59248K->1376K(59904K)] 390772K->332900K(557056K), 0.0017118 secs] [Times: user=0.01 sys=0.00, real=0.00 secs] 
679.771: [GC (Allocation Failure) [PSYoungGen: 59209K->1453K(59904K)] 390734K->332978K(557056K), 0.0017368 secs] [Times: user=0.01 sys=0.00, real=0.01 secs] 
680.108: [GC (Allocation Failure) [PSYoungGen: 59309K->1517K(59904K)] 390834K->333058K(557056K), 0.0016090 secs] [Times: user=0.01 sys=0.01, real=0.00 secs] 
680.446: [GC (Allocation Failure) [PSYoungGen: 59343K->1533K(59904K)] 390884K->333074K(557056K), 0.0015667 secs] [Times: user=0.01 sys=0.00, real=0.00 secs] 
680.784: [GC (Allocation Failure) [PSYoungGen: 59389K->1581K(59904K)] 390930K->333122K(557056K), 0.0015847 secs] [Times: user=0.01 sys=0.00, real=0.00 secs] 
681.145: [GC (Allocation Failure) [PSYoungGen: 59437K->1616K(59904K)] 390978K->333156K(557056K), 0.0017754 secs] [Times: user=0.01 sys=0.00, real=0.00 secs] 
681.509: [GC (Allocation Failure) [PSYoungGen: 59472K->1344K(59904K)] 391012K->332884K(557056K), 0.0018997 secs] [Times: user=0.00 sys=0.00, real=0.00 secs] 
681.914: [GC (Allocation Failure) [PSYoungGen: 59200K->1376K(59904K)] 390740K->332916K(557056K), 0.0029026 secs] [Times: user=0.01 sys=0.00, real=0.00 secs] 
682.360: [GC (Allocation Failure) [PSYoungGen: 59232K->1376K(59904K)] 390772K->332916K(557056K), 0.0026014 secs] [Times: user=0.01 sys=0.00, real=0.01 secs] 
682.804: [GC (Allocation Failure) [PSYoungGen: 59232K->1360K(59904K)] 390772K->332900K(557056K), 0.0024965 secs] [Times: user=0.01 sys=0.01, real=0.00 secs] 
683.294: [GC (Allocation Failure) [PSYoungGen: 59195K->1488K(59904K)] 390736K->333028K(557056K), 0.0017791 secs] [Times: user=0.01 sys=0.00, real=0.00 secs] 
683.647: [GC (Allocation Failure) [PSYoungGen: 59344K->1517K(59904K)] 390884K->333082K(557056K), 0.0015467 secs] [Times: user=0.01 sys=0.00, real=0.00 secs] 
683.983: [GC (Allocation Failure) [PSYoungGen: 59351K->1565K(59904K)] 390915K->333130K(557056K), 0.0015800 secs] [Times: user=0.00 sys=0.00, real=0.00 secs] 
684.321: [GC (Allocation Failure) [PSYoungGen: 59421K->1552K(59904K)] 390986K->333116K(557056K), 0.0016245 secs] [Times: user=0.01 sys=0.00, real=0.01 secs] 
684.660: [GC (Allocation Failure) [PSYoungGen: 59408K->1549K(59904K)] 390972K->333114K(557056K), 0.0015983 secs] [Times: user=0.01 sys=0.00, real=0.00 secs] 
684.944: [GC (Allocation Failure) [PSYoungGen: 59405K->1440K(59904K)] 390970K->333012K(557056K), 0.0016500 secs] [Times: user=0.01 sys=0.00, real=0.00 secs] 
685.246: [GC (Allocation Failure) [PSYoungGen: 59296K->1376K(59904K)] 390868K->332948K(557056K), 0.0017978 secs] [Times: user=0.00 sys=0.00, real=0.00 secs] 
685.819: [GC (Allocation Failure) [PSYoungGen: 59232K->1376K(59904K)] 390804K->332948K(557056K), 0.0018270 secs] [Times: user=0.00 sys=0.00, real=0.00 secs] 
686.490: [GC (Allocation Failure) [PSYoungGen: 59232K->1328K(59904K)] 390804K->332900K(557056K), 0.0021177 secs] [Times: user=0.01 sys=0.00, real=0.01 secs] 
687.227: [GC (Allocation Failure) [PSYoungGen: 59152K->1520K(59904K)] 390725K->333092K(557056K), 0.0021993 secs] [Times: user=0.01 sys=0.00, real=0.00 secs] 
687.602: [GC (Allocation Failure) [PSYoungGen: 59376K->1565K(59904K)] 390948K->333146K(557056K), 0.0016658 secs] [Times: user=0.01 sys=0.00, real=0.00 secs] 
687.941: [GC (Allocation Failure) [PSYoungGen: 59402K->1565K(59904K)] 390983K->333146K(557056K), 0.0014335 secs] [Times: user=0.00 sys=0.00, real=0.01 secs] 
688.279: [GC (Allocation Failure) [PSYoungGen: 59421K->1533K(59904K)] 391002K->333114K(557056K), 0.0015663 secs] [Times: user=0.01 sys=0.00, real=0.00 secs] 
688.675: [GC (Allocation Failure) [PSYoungGen: 59389K->1584K(59904K)] 390970K->333164K(557056K), 0.0014796 secs] [Times: user=0.01 sys=0.00, real=0.00 secs] 
689.096: [GC (Allocation Failure) [PSYoungGen: 59440K->1408K(59904K)] 391020K->332988K(557056K), 0.0019518 secs] [Times: user=0.00 sys=0.00, real=0.00 secs] 
689.337: [GC (Allocation Failure) [PSYoungGen: 59264K->1376K(59904K)] 390844K->332964K(557056K), 0.0018336 secs] [Times: user=0.01 sys=0.00, real=0.00 secs] 
689.590: [GC (Allocation Failure) [PSYoungGen: 59232K->1408K(59904K)] 390820K->332996K(557056K), 0.0018961 secs] [Times: user=0.01 sys=0.00, real=0.01 secs] 
689.941: [GC (Allocation Failure) [PSYoungGen: 59264K->1408K(59904K)] 390852K->332996K(557056K), 0.0017975 secs] [Times: user=0.00 sys=0.00, real=0.01 secs] 
690.335: [GC (Allocation Failure) [PSYoungGen: 59264K->1469K(59904K)] 390852K->333058K(557056K), 0.0018243 secs] [Times: user=0.01 sys=0.00, real=0.00 secs] 
690.686: [GC (Allocation Failure) [PSYoungGen: 59304K->1581K(59904K)] 390892K->333170K(557056K), 0.0015627 secs] [Times: user=0.01 sys=0.00, real=0.00 secs] 
691.022: [GC (Allocation Failure) [PSYoungGen: 59437K->1549K(59904K)] 391026K->333162K(557056K), 0.0017584 secs] [Times: user=0.01 sys=0.00, real=0.00 secs] 
691.362: [GC (Allocation Failure) [PSYoungGen: 59405K->1584K(59904K)] 391018K->333196K(557056K), 0.0015953 secs] [Times: user=0.01 sys=0.00, real=0.00 secs] 
691.698: [GC (Allocation Failure) [PSYoungGen: 59440K->1533K(59904K)] 391052K->333146K(557056K), 0.0015825 secs] [Times: user=0.01 sys=0.00, real=0.00 secs] 
692.533: [GC (Allocation Failure) [PSYoungGen: 59389K->1376K(59904K)] 391002K->332988K(557056K), 0.0022217 secs] [Times: user=0.01 sys=0.00, real=0.00 secs] 
693.361: [GC (Allocation Failure) [PSYoungGen: 59232K->1376K(59904K)] 390844K->332988K(557056K), 0.0018329 secs] [Times: user=0.00 sys=0.00, real=0.01 secs] 
694.022: [GC (Allocation Failure) [PSYoungGen: 59232K->1392K(59904K)] 390844K->333004K(557056K), 0.0024577 secs] [Times: user=0.00 sys=0.00, real=0.00 secs] 
694.513: [GC (Allocation Failure) [PSYoungGen: 59248K->1376K(59904K)] 390860K->332988K(557056K), 0.0022413 secs] [Times: user=0.01 sys=0.00, real=0.00 secs] 
695.189: [GC (Allocation Failure) [PSYoungGen: 59232K->1376K(59904K)] 390844K->333004K(557056K), 0.0023402 secs] [Times: user=0.01 sys=0.00, real=0.00 secs] 
695.618: [GC (Allocation Failure) [PSYoungGen: 59232K->1488K(59904K)] 390860K->333116K(557056K), 0.0015779 secs] [Times: user=0.01 sys=0.00, real=0.00 secs] 
695.955: [GC (Allocation Failure) [PSYoungGen: 59344K->1488K(59904K)] 390972K->333124K(557056K), 0.0015396 secs] [Times: user=0.00 sys=0.00, real=0.00 secs] 
696.292: [GC (Allocation Failure) [PSYoungGen: 59344K->1568K(59904K)] 390980K->333204K(557056K), 0.0015756 secs] [Times: user=0.00 sys=0.00, real=0.00 secs] 
696.628: [GC (Allocation Failure) [PSYoungGen: 59424K->1565K(59904K)] 391060K->333202K(557056K), 0.0014925 secs] [Times: user=0.01 sys=0.00, real=0.00 secs] 
697.453: [GC (Allocation Failure) [PSYoungGen: 59421K->1392K(59904K)] 391058K->333028K(557056K), 0.0022050 secs] [Times: user=0.00 sys=0.00, real=0.00 secs] 
698.289: [GC (Allocation Failure) [PSYoungGen: 59248K->1408K(59904K)] 390884K->333044K(557056K), 0.0022106 secs] [Times: user=0.01 sys=0.00, real=0.00 secs] 
698.787: [GC (Allocation Failure) [PSYoungGen: 59264K->1360K(59904K)] 390900K->332996K(557056K), 0.0020536 secs] [Times: user=0.00 sys=0.00, real=0.00 secs] 
699.330: [GC (Allocation Failure) [PSYoungGen: 59216K->1376K(59904K)] 390852K->333012K(557056K), 0.0019576 secs] [Times: user=0.01 sys=0.01, real=0.01 secs] 
699.854: [GC (Allocation Failure) [PSYoungGen: 59232K->1376K(59904K)] 390868K->333012K(557056K), 0.0020119 secs] [Times: user=0.00 sys=0.00, real=0.00 secs] 
700.240: [GC (Allocation Failure) [PSYoungGen: 59213K->1488K(59904K)] 390849K->333124K(557056K), 0.0015686 secs] [Times: user=0.00 sys=0.00, real=0.00 secs] 
700.576: [GC (Allocation Failure) [PSYoungGen: 59344K->1552K(59904K)] 390980K->333204K(557056K), 0.0016509 secs] [Times: user=0.00 sys=0.00, real=0.00 secs] 
700.915: [GC (Allocation Failure) [PSYoungGen: 59408K->1568K(59904K)] 391060K->333220K(557056K), 0.0014336 secs] [Times: user=0.01 sys=0.00, real=0.00 secs] 
701.251: [GC (Allocation Failure) [PSYoungGen: 59424K->1552K(59904K)] 391076K->333204K(557056K), 0.0016502 secs] [Times: user=0.00 sys=0.00, real=0.01 secs] 
701.591: [GC (Allocation Failure) [PSYoungGen: 59408K->1440K(59904K)] 391060K->333100K(557056K), 0.0019352 secs] [Times: user=0.01 sys=0.00, real=0.01 secs] 
701.836: [GC (Allocation Failure) [PSYoungGen: 59296K->1408K(59904K)] 390956K->333068K(557056K), 0.0016652 secs] [Times: user=0.01 sys=0.00, real=0.00 secs] 
702.076: [GC (Allocation Failure) [PSYoungGen: 59264K->1440K(59904K)] 390924K->333100K(557056K), 0.0017330 secs] [Times: user=0.00 sys=0.00, real=0.00 secs] 
702.316: [GC (Allocation Failure) [PSYoungGen: 59296K->1440K(59904K)] 390956K->333100K(557056K), 0.0017433 secs] [Times: user=0.00 sys=0.00, real=0.00 secs] 
702.556: [GC (Allocation Failure) [PSYoungGen: 59296K->1440K(59904K)] 390956K->333100K(557056K), 0.0018008 secs] [Times: user=0.00 sys=0.01, real=0.00 secs] 
702.893: [GC (Allocation Failure) [PSYoungGen: 59296K->1520K(59904K)] 390956K->333180K(557056K), 0.0014723 secs] [Times: user=0.00 sys=0.00, real=0.00 secs] 
703.294: [GC (Allocation Failure) [PSYoungGen: 59376K->1520K(59904K)] 391036K->333196K(557056K), 0.0015898 secs] [Times: user=0.00 sys=0.00, real=0.00 secs] 
703.631: [GC (Allocation Failure) [PSYoungGen: 59361K->1520K(59904K)] 391038K->333212K(557056K), 0.0015839 secs] [Times: user=0.01 sys=0.00, real=0.01 secs] 
703.981: [GC (Allocation Failure) [PSYoungGen: 59376K->1584K(59904K)] 391068K->333276K(557056K), 0.0015831 secs] [Times: user=0.00 sys=0.00, real=0.01 secs] 
704.371: [GC (Allocation Failure) [PSYoungGen: 59440K->1424K(59904K)] 391132K->333116K(557056K), 0.0031170 secs] [Times: user=0.02 sys=0.00, real=0.01 secs] 
704.617: [GC (Allocation Failure) [PSYoungGen: 59280K->1408K(59904K)] 390972K->333100K(557056K), 0.0020059 secs] [Times: user=0.00 sys=0.00, real=0.00 secs] 
704.917: [GC (Allocation Failure) [PSYoungGen: 59264K->1408K(59904K)] 390956K->333100K(557056K), 0.0017178 secs] [Times: user=0.01 sys=0.00, real=0.00 secs] 
705.235: [GC (Allocation Failure) [PSYoungGen: 59264K->1408K(59904K)] 390956K->333100K(557056K), 0.0017496 secs] [Times: user=0.00 sys=0.00, real=0.00 secs] 
705.839: [GC (Allocation Failure) [PSYoungGen: 59264K->1376K(59904K)] 390956K->333068K(557056K), 0.0022037 secs] [Times: user=0.01 sys=0.00, real=0.00 secs] 
706.344: [GC (Allocation Failure) [PSYoungGen: 59232K->1520K(59904K)] 390924K->333220K(557056K), 0.0015464 secs] [Times: user=0.01 sys=0.00, real=0.00 secs] 
706.683: [GC (Allocation Failure) [PSYoungGen: 59364K->1613K(59904K)] 391065K->333330K(557056K), 0.0017015 secs] [Times: user=0.01 sys=0.00, real=0.00 secs] 
707.080: [GC (Allocation Failure) [PSYoungGen: 59469K->1533K(59904K)] 391186K->333250K(557056K), 0.0016712 secs] [Times: user=0.01 sys=0.00, real=0.01 secs] 
707.416: [GC (Allocation Failure) [PSYoungGen: 59389K->1584K(59904K)] 391106K->333300K(557056K), 0.0017593 secs] [Times: user=0.00 sys=0.00, real=0.00 secs] 
707.763: [GC (Allocation Failure) [PSYoungGen: 59440K->1456K(59904K)] 391156K->333180K(557056K), 0.0022335 secs] [Times: user=0.01 sys=0.00, real=0.00 secs] 
708.008: [GC (Allocation Failure) [PSYoungGen: 59312K->1408K(59904K)] 391036K->333140K(557056K), 0.0019707 secs] [Times: user=0.00 sys=0.00, real=0.00 secs] 
708.246: [GC (Allocation Failure) [PSYoungGen: 59264K->1408K(59904K)] 390996K->333148K(557056K), 0.0017393 secs] [Times: user=0.01 sys=0.00, real=0.00 secs] 
708.486: [GC (Allocation Failure) [PSYoungGen: 59264K->1440K(59904K)] 391004K->333180K(557056K), 0.0018996 secs] [Times: user=0.00 sys=0.00, real=0.00 secs] 
708.726: [GC (Allocation Failure) [PSYoungGen: 59296K->1456K(59904K)] 391036K->333196K(557056K), 0.0016887 secs] [Times: user=0.01 sys=0.00, real=0.00 secs] 
709.113: [GC (Allocation Failure) [PSYoungGen: 59312K->1565K(59904K)] 391052K->333314K(557056K), 0.0016379 secs] [Times: user=0.01 sys=0.00, real=0.00 secs] 
709.452: [GC (Allocation Failure) [PSYoungGen: 59421K->1584K(59904K)] 391170K->333348K(557056K), 0.0016800 secs] [Times: user=0.00 sys=0.00, real=0.00 secs] 
709.791: [GC (Allocation Failure) [PSYoungGen: 59440K->1613K(59904K)] 391204K->333378K(557056K), 0.0015665 secs] [Times: user=0.00 sys=0.00, real=0.01 secs] 
710.132: [GC (Allocation Failure) [PSYoungGen: 59469K->1616K(59904K)] 391234K->333380K(557056K), 0.0016683 secs] [Times: user=0.01 sys=0.00, real=0.00 secs] 
710.595: [GC (Allocation Failure) [PSYoungGen: 59472K->1520K(59904K)] 391236K->333284K(557056K), 0.0016759 secs] [Times: user=0.00 sys=0.00, real=0.00 secs] 
711.291: [GC (Allocation Failure) [PSYoungGen: 59376K->1408K(59904K)] 391140K->333172K(557056K), 0.0032211 secs] [Times: user=0.01 sys=0.00, real=0.01 secs] 
711.938: [GC (Allocation Failure) [PSYoungGen: 59264K->1408K(59904K)] 391028K->333180K(557056K), 0.0031860 secs] [Times: user=0.02 sys=0.00, real=0.00 secs] 
712.455: [GC (Allocation Failure) [PSYoungGen: 59264K->1376K(59904K)] 391036K->333148K(557056K), 0.0025974 secs] [Times: user=0.01 sys=0.00, real=0.00 secs] 
712.991: [GC (Allocation Failure) [PSYoungGen: 59232K->1360K(59904K)] 391004K->333132K(557056K), 0.0028113 secs] [Times: user=0.01 sys=0.00, real=0.01 secs] 
713.533: [GC (Allocation Failure) [PSYoungGen: 59216K->1456K(59904K)] 390988K->333228K(557056K), 0.0015970 secs] [Times: user=0.00 sys=0.00, real=0.00 secs] 
713.871: [GC (Allocation Failure) [PSYoungGen: 59312K->1549K(59904K)] 391084K->333338K(557056K), 0.0016866 secs] [Times: user=0.00 sys=0.00, real=0.01 secs] 
714.216: [GC (Allocation Failure) [PSYoungGen: 59405K->1517K(59904K)] 391194K->333306K(557056K), 0.0015732 secs] [Times: user=0.01 sys=0.00, real=0.00 secs] 
714.552: [GC (Allocation Failure) [PSYoungGen: 59373K->1549K(59904K)] 391162K->333362K(557056K), 0.0017081 secs] [Times: user=0.00 sys=0.00, real=0.00 secs] 
714.887: [GC (Allocation Failure) [PSYoungGen: 59405K->1472K(59904K)] 391218K->333284K(557056K), 0.0019706 secs] [Times: user=0.00 sys=0.00, real=0.00 secs] 
715.140: [GC (Allocation Failure) [PSYoungGen: 59328K->1408K(59904K)] 391140K->333220K(557056K), 0.0020243 secs] [Times: user=0.01 sys=0.00, real=0.01 secs] 
715.378: [GC (Allocation Failure) [PSYoungGen: 59264K->1408K(59904K)] 391076K->333228K(557056K), 0.0017661 secs] [Times: user=0.01 sys=0.00, real=0.00 secs] 
715.618: [GC (Allocation Failure) [PSYoungGen: 59264K->1376K(59904K)] 391084K->333196K(557056K), 0.0019587 secs] [Times: user=0.01 sys=0.00, real=0.00 secs] 
715.859: [GC (Allocation Failure) [PSYoungGen: 59232K->1408K(59904K)] 391052K->333228K(557056K), 0.0016827 secs] [Times: user=0.01 sys=0.00, real=0.00 secs] 
716.174: [GC (Allocation Failure) [PSYoungGen: 59264K->1485K(59904K)] 391084K->333306K(557056K), 0.0014901 secs] [Times: user=0.00 sys=0.00, real=0.00 secs] 
716.510: [GC (Allocation Failure) [PSYoungGen: 59341K->1520K(59904K)] 391162K->333356K(557056K), 0.0016494 secs] [Times: user=0.01 sys=0.00, real=0.00 secs] 
716.847: [GC (Allocation Failure) [PSYoungGen: 59355K->1552K(59904K)] 391192K->333388K(557056K), 0.0015809 secs] [Times: user=0.01 sys=0.00, real=0.00 secs] 
717.187: [GC (Allocation Failure) [PSYoungGen: 59408K->1565K(59904K)] 391244K->333402K(557056K), 0.0015771 secs] [Times: user=0.00 sys=0.00, real=0.00 secs] 
717.597: [GC (Allocation Failure) [PSYoungGen: 59421K->1488K(59904K)] 391258K->333324K(557056K), 0.0019183 secs] [Times: user=0.00 sys=0.00, real=0.00 secs] 
717.860: [GC (Allocation Failure) [PSYoungGen: 59344K->1408K(59904K)] 391180K->333244K(557056K), 0.0017005 secs] [Times: user=0.01 sys=0.00, real=0.00 secs] 
718.156: [GC (Allocation Failure) [PSYoungGen: 59264K->1376K(59904K)] 391100K->333212K(557056K), 0.0019862 secs] [Times: user=0.00 sys=0.00, real=0.00 secs] 
718.397: [GC (Allocation Failure) [PSYoungGen: 59232K->1344K(59904K)] 391068K->333180K(557056K), 0.0019982 secs] [Times: user=0.01 sys=0.00, real=0.00 secs] 
718.638: [GC (Allocation Failure) [PSYoungGen: 59200K->1408K(59904K)] 391036K->333244K(557056K), 0.0019470 secs] [Times: user=0.00 sys=0.00, real=0.00 secs] 
718.969: [GC (Allocation Failure) [PSYoungGen: 59258K->1456K(59904K)] 391095K->333292K(557056K), 0.0014757 secs] [Times: user=0.01 sys=0.00, real=0.00 secs] 
719.308: [GC (Allocation Failure) [PSYoungGen: 59304K->1552K(59904K)] 391141K->333396K(557056K), 0.0015847 secs] [Times: user=0.01 sys=0.00, real=0.00 secs] 
719.645: [GC (Allocation Failure) [PSYoungGen: 59408K->1520K(59904K)] 391252K->333364K(557056K), 0.0016095 secs] [Times: user=0.01 sys=0.00, real=0.00 secs] 
719.986: [GC (Allocation Failure) [PSYoungGen: 59376K->1565K(59904K)] 391220K->333410K(557056K), 0.0014596 secs] [Times: user=0.00 sys=0.00, real=0.00 secs] 
720.384: [GC (Allocation Failure) [PSYoungGen: 59421K->1488K(59904K)] 391266K->333332K(557056K), 0.0020861 secs] [Times: user=0.00 sys=0.00, real=0.00 secs] 
720.651: [GC (Allocation Failure) [PSYoungGen: 59344K->1408K(59904K)] 391188K->333252K(557056K), 0.0018203 secs] [Times: user=0.01 sys=0.00, real=0.01 secs] 
720.912: [GC (Allocation Failure) [PSYoungGen: 59264K->1344K(59904K)] 391108K->333188K(557056K), 0.0019348 secs] [Times: user=0.01 sys=0.00, real=0.00 secs] 
721.161: [GC (Allocation Failure) [PSYoungGen: 59200K->1344K(59904K)] 391044K->333188K(557056K), 0.0022603 secs] [Times: user=0.01 sys=0.00, real=0.01 secs] 
721.403: [GC (Allocation Failure) [PSYoungGen: 59200K->1376K(59904K)] 391044K->333220K(557056K), 0.0023012 secs] [Times: user=0.00 sys=0.00, real=0.00 secs] 
721.720: [GC (Allocation Failure) [PSYoungGen: 59210K->1456K(59904K)] 391055K->333300K(557056K), 0.0014284 secs] [Times: user=0.00 sys=0.00, real=0.00 secs] 
722.056: [GC (Allocation Failure) [PSYoungGen: 59312K->1520K(59904K)] 391156K->333380K(557056K), 0.0015969 secs] [Times: user=0.01 sys=0.00, real=0.00 secs] 
722.393: [GC (Allocation Failure) [PSYoungGen: 59345K->1552K(59904K)] 391206K->333412K(557056K), 0.0015686 secs] [Times: user=0.00 sys=0.00, real=0.00 secs] 
722.731: [GC (Allocation Failure) [PSYoungGen: 59408K->1520K(59904K)] 391268K->333396K(557056K), 0.0014688 secs] [Times: user=0.00 sys=0.00, real=0.01 secs] 
723.102: [GC (Allocation Failure) [PSYoungGen: 59376K->2016K(59904K)] 391252K->333892K(557056K), 0.0017833 secs] [Times: user=0.01 sys=0.00, real=0.00 secs] 
723.343: [GC (Allocation Failure) [PSYoungGen: 59872K->1376K(59904K)] 391748K->333252K(557056K), 0.0016712 secs] [Times: user=0.00 sys=0.00, real=0.00 secs] 
723.718: [GC (Allocation Failure) [PSYoungGen: 59232K->1408K(59904K)] 391108K->333284K(557056K), 0.0018018 secs] [Times: user=0.00 sys=0.00, real=0.00 secs] 
724.378: [GC (Allocation Failure) [PSYoungGen: 59264K->1440K(59904K)] 391140K->333316K(557056K), 0.0017716 secs] [Times: user=0.01 sys=0.00, real=0.00 secs] 
725.043: [GC (Allocation Failure) [PSYoungGen: 59296K->1376K(59904K)] 391172K->333252K(557056K), 0.0018859 secs] [Times: user=0.01 sys=0.00, real=0.00 secs] 
725.701: [GC (Allocation Failure) [PSYoungGen: 59232K->1424K(59904K)] 391108K->333300K(557056K), 0.0015905 secs] [Times: user=0.01 sys=0.00, real=0.01 secs] 
726.041: [GC (Allocation Failure) [PSYoungGen: 59249K->1552K(59904K)] 391126K->333436K(557056K), 0.0016503 secs] [Times: user=0.01 sys=0.00, real=0.01 secs] 
726.378: [GC (Allocation Failure) [PSYoungGen: 59408K->1520K(59904K)] 391292K->333404K(557056K), 0.0015779 secs] [Times: user=0.00 sys=0.00, real=0.00 secs] 
726.715: [GC (Allocation Failure) [PSYoungGen: 59376K->1488K(59904K)] 391260K->333372K(557056K), 0.0016603 secs] [Times: user=0.01 sys=0.00, real=0.00 secs] 
727.048: [GC (Allocation Failure) [PSYoungGen: 59344K->1376K(59904K)] 391228K->333260K(557056K), 0.0015840 secs] [Times: user=0.01 sys=0.00, real=0.00 secs] 
727.376: [GC (Allocation Failure) [PSYoungGen: 59232K->1376K(59904K)] 391116K->333268K(557056K), 0.0018245 secs] [Times: user=0.01 sys=0.00, real=0.00 secs] 
727.651: [GC (Allocation Failure) [PSYoungGen: 59232K->1376K(59904K)] 391124K->333268K(557056K), 0.0016237 secs] [Times: user=0.01 sys=0.00, real=0.01 secs] 
727.891: [GC (Allocation Failure) [PSYoungGen: 59232K->1408K(59904K)] 391124K->333300K(557056K), 0.0017755 secs] [Times: user=0.01 sys=0.00, real=0.01 secs] 
728.130: [GC (Allocation Failure) [PSYoungGen: 59264K->1376K(59904K)] 391156K->333268K(557056K), 0.0015676 secs] [Times: user=0.01 sys=0.00, real=0.01 secs] 
728.435: [GC (Allocation Failure) [PSYoungGen: 59225K->1488K(59904K)] 391118K->333380K(557056K), 0.0014581 secs] [Times: user=0.01 sys=0.00, real=0.00 secs] 
728.770: [GC (Allocation Failure) [PSYoungGen: 59344K->1584K(59904K)] 391236K->333484K(557056K), 0.0015889 secs] [Times: user=0.00 sys=0.00, real=0.00 secs] 
729.108: [GC (Allocation Failure) [PSYoungGen: 59440K->1552K(59904K)] 391340K->333452K(557056K), 0.0015138 secs] [Times: user=0.00 sys=0.00, real=0.00 secs] 
729.444: [GC (Allocation Failure) [PSYoungGen: 59408K->1552K(59904K)] 391308K->333452K(557056K), 0.0015326 secs] [Times: user=0.00 sys=0.00, real=0.00 secs] 
729.782: [GC (Allocation Failure) [PSYoungGen: 59408K->1533K(59904K)] 391308K->333434K(557056K), 0.0015824 secs] [Times: user=0.00 sys=0.00, real=0.00 secs] 
730.080: [GC (Allocation Failure) [PSYoungGen: 59389K->1408K(59904K)] 391290K->333308K(557056K), 0.0017090 secs] [Times: user=0.01 sys=0.00, real=0.01 secs] 
730.329: [GC (Allocation Failure) [PSYoungGen: 59264K->1392K(59904K)] 391164K->333292K(557056K), 0.0017781 secs] [Times: user=0.01 sys=0.00, real=0.00 secs] 
730.607: [GC (Allocation Failure) [PSYoungGen: 59248K->1344K(59904K)] 391148K->333244K(557056K), 0.0018320 secs] [Times: user=0.01 sys=0.00, real=0.00 secs] 
730.863: [GC (Allocation Failure) [PSYoungGen: 59200K->1376K(59904K)] 391100K->333276K(557056K), 0.0018657 secs] [Times: user=0.01 sys=0.00, real=0.00 secs] 
731.215: [GC (Allocation Failure) [PSYoungGen: 59232K->1437K(59904K)] 391132K->333338K(557056K), 0.0017872 secs] [Times: user=0.01 sys=0.00, real=0.00 secs] 
731.626: [GC (Allocation Failure) [PSYoungGen: 59262K->1533K(59904K)] 391163K->333442K(557056K), 0.0015206 secs] [Times: user=0.01 sys=0.00, real=0.00 secs] 
731.963: [GC (Allocation Failure) [PSYoungGen: 59389K->1488K(59904K)] 391298K->333404K(557056K), 0.0015706 secs] [Times: user=0.00 sys=0.00, real=0.00 secs] 
732.298: [GC (Allocation Failure) [PSYoungGen: 59344K->1520K(59904K)] 391260K->333436K(557056K), 0.0016089 secs] [Times: user=0.01 sys=0.00, real=0.00 secs] 
732.634: [GC (Allocation Failure) [PSYoungGen: 59376K->1552K(59904K)] 391292K->333468K(557056K), 0.0015811 secs] [Times: user=0.01 sys=0.00, real=0.00 secs] 
733.186: [GC (Allocation Failure) [PSYoungGen: 59408K->1408K(59904K)] 391324K->333332K(557056K), 0.0028066 secs] [Times: user=0.01 sys=0.00, real=0.00 secs] 
733.707: [GC (Allocation Failure) [PSYoungGen: 59264K->1376K(59904K)] 391188K->333308K(557056K), 0.0026300 secs] [Times: user=0.01 sys=0.00, real=0.00 secs] 
734.338: [GC (Allocation Failure) [PSYoungGen: 59232K->1376K(59904K)] 391164K->333316K(557056K), 0.0022320 secs] [Times: user=0.01 sys=0.00, real=0.00 secs] 
734.987: [GC (Allocation Failure) [PSYoungGen: 59232K->1360K(59904K)] 391172K->333300K(557056K), 0.0022698 secs] [Times: user=0.01 sys=0.00, real=0.00 secs] 
735.679: [GC (Allocation Failure) [PSYoungGen: 59087K->288K(59904K)] 391028K->332236K(557056K), 0.0024979 secs] [Times: user=0.00 sys=0.00, real=0.00 secs] 
736.098: [GC (Allocation Failure) [PSYoungGen: 58144K->1584K(59904K)] 390092K->333532K(557056K), 0.0015935 secs] [Times: user=0.00 sys=0.00, real=0.00 secs] 
736.494: [GC (Allocation Failure) [PSYoungGen: 59440K->1488K(59904K)] 391388K->333444K(557056K), 0.0015593 secs] [Times: user=0.01 sys=0.00, real=0.00 secs] 
736.830: [GC (Allocation Failure) [PSYoungGen: 59344K->1533K(59904K)] 391300K->333490K(557056K), 0.0014788 secs] [Times: user=0.01 sys=0.00, real=0.00 secs] 
737.166: [GC (Allocation Failure) [PSYoungGen: 59389K->1552K(59904K)] 391346K->333508K(557056K), 0.0016893 secs] [Times: user=0.00 sys=0.00, real=0.00 secs] 
738.119: [GC (Allocation Failure) [PSYoungGen: 59408K->1408K(59904K)] 391364K->333364K(557056K), 0.0033898 secs] [Times: user=0.02 sys=0.00, real=0.01 secs] 
738.614: [GC (Allocation Failure) [PSYoungGen: 59264K->1408K(59904K)] 391220K->333364K(557056K), 0.0018949 secs] [Times: user=0.01 sys=0.00, real=0.00 secs] 
739.156: [GC (Allocation Failure) [PSYoungGen: 59264K->1408K(59904K)] 391220K->333364K(557056K), 0.0020302 secs] [Times: user=0.01 sys=0.00, real=0.00 secs] 
739.700: [GC (Allocation Failure) [PSYoungGen: 59264K->1376K(59904K)] 391220K->333332K(557056K), 0.0020572 secs] [Times: user=0.00 sys=0.00, real=0.01 secs] 
740.225: [GC (Allocation Failure) [PSYoungGen: 59232K->1408K(59904K)] 391188K->333364K(557056K), 0.0022007 secs] [Times: user=0.01 sys=0.00, real=0.00 secs] 
740.642: [GC (Allocation Failure) [PSYoungGen: 59264K->1520K(59904K)] 391220K->333476K(557056K), 0.0015544 secs] [Times: user=0.01 sys=0.00, real=0.00 secs] 
740.979: [GC (Allocation Failure) [PSYoungGen: 59363K->1565K(59904K)] 391320K->333530K(557056K), 0.0015191 secs] [Times: user=0.01 sys=0.00, real=0.00 secs] 
741.317: [GC (Allocation Failure) [PSYoungGen: 59421K->1520K(59904K)] 391386K->333484K(557056K), 0.0015549 secs] [Times: user=0.01 sys=0.00, real=0.00 secs] 
741.653: [GC (Allocation Failure) [PSYoungGen: 59376K->1565K(59904K)] 391340K->333530K(557056K), 0.0015724 secs] [Times: user=0.01 sys=0.00, real=0.00 secs] 
741.972: [GC (Allocation Failure) [PSYoungGen: 59421K->1440K(59904K)] 391386K->333404K(557056K), 0.0019574 secs] [Times: user=0.01 sys=0.00, real=0.00 secs] 
742.213: [GC (Allocation Failure) [PSYoungGen: 59296K->1408K(59904K)] 391260K->333372K(557056K), 0.0017053 secs] [Times: user=0.01 sys=0.00, real=0.00 secs] 
742.453: [GC (Allocation Failure) [PSYoungGen: 59264K->1408K(59904K)] 391228K->333372K(557056K), 0.0017480 secs] [Times: user=0.01 sys=0.00, real=0.00 secs] 
742.739: [GC (Allocation Failure) [PSYoungGen: 59264K->1376K(59904K)] 391228K->333340K(557056K), 0.0018813 secs] [Times: user=0.01 sys=0.00, real=0.00 secs] 
743.152: [GC (Allocation Failure) [PSYoungGen: 59232K->1376K(59904K)] 391196K->333340K(557056K), 0.0018652 secs] [Times: user=0.01 sys=0.00, real=0.00 secs] 
743.795: [GC (Allocation Failure) [PSYoungGen: 59223K->1469K(59904K)] 391188K->333442K(557056K), 0.0014470 secs] [Times: user=0.01 sys=0.00, real=0.00 secs] 
744.131: [GC (Allocation Failure) [PSYoungGen: 59325K->1565K(59904K)] 391298K->333570K(557056K), 0.0016524 secs] [Times: user=0.01 sys=0.00, real=0.01 secs] 
744.529: [GC (Allocation Failure) [PSYoungGen: 59421K->1520K(59904K)] 391426K->333524K(557056K), 0.0016438 secs] [Times: user=0.01 sys=0.00, real=0.00 secs] 
744.874: [GC (Allocation Failure) [PSYoungGen: 59376K->1520K(59904K)] 391380K->333524K(557056K), 0.0015017 secs] [Times: user=0.01 sys=0.00, real=0.00 secs] 
745.153: [GC (Allocation Failure) [PSYoungGen: 59376K->1440K(59904K)] 391380K->333452K(557056K), 0.0021764 secs] [Times: user=0.01 sys=0.00, real=0.00 secs] 
745.394: [GC (Allocation Failure) [PSYoungGen: 59296K->1376K(59904K)] 391308K->333388K(557056K), 0.0018667 secs] [Times: user=0.00 sys=0.00, real=0.00 secs] 
745.634: [GC (Allocation Failure) [PSYoungGen: 59232K->1408K(59904K)] 391244K->333420K(557056K), 0.0018953 secs] [Times: user=0.01 sys=0.00, real=0.00 secs] 
745.875: [GC (Allocation Failure) [PSYoungGen: 59264K->1376K(59904K)] 391276K->333388K(557056K), 0.0016827 secs] [Times: user=0.01 sys=0.00, real=0.00 secs] 
746.115: [GC (Allocation Failure) [PSYoungGen: 59232K->1344K(59904K)] 391244K->333356K(557056K), 0.0019096 secs] [Times: user=0.01 sys=0.00, real=0.00 secs] 
746.480: [GC (Allocation Failure) [PSYoungGen: 59200K->1552K(59904K)] 391212K->333564K(557056K), 0.0015132 secs] [Times: user=0.01 sys=0.00, real=0.00 secs] 
746.818: [GC (Allocation Failure) [PSYoungGen: 59391K->1565K(59904K)] 391404K->333594K(557056K), 0.0015636 secs] [Times: user=0.01 sys=0.00, real=0.00 secs] 
747.155: [GC (Allocation Failure) [PSYoungGen: 59421K->1565K(59904K)] 391450K->333594K(557056K), 0.0015906 secs] [Times: user=0.01 sys=0.00, real=0.00 secs] 
747.493: [GC (Allocation Failure) [PSYoungGen: 59421K->1520K(59904K)] 391450K->333548K(557056K), 0.0016979 secs] [Times: user=0.00 sys=0.00, real=0.00 secs] 
747.822: [GC (Allocation Failure) [PSYoungGen: 59376K->1488K(59904K)] 391404K->333516K(557056K), 0.0016544 secs] [Times: user=0.01 sys=0.00, real=0.00 secs] 
748.062: [GC (Allocation Failure) [PSYoungGen: 59344K->1424K(59904K)] 391372K->333452K(557056K), 0.0017315 secs] [Times: user=0.01 sys=0.00, real=0.00 secs] 
748.346: [GC (Allocation Failure) [PSYoungGen: 59280K->1376K(59904K)] 391308K->333412K(557056K), 0.0020580 secs] [Times: user=0.01 sys=0.00, real=0.00 secs] 
748.587: [GC (Allocation Failure) [PSYoungGen: 59232K->1408K(59904K)] 391268K->333444K(557056K), 0.0020645 secs] [Times: user=0.00 sys=0.00, real=0.00 secs] 
748.838: [GC (Allocation Failure) [PSYoungGen: 59264K->1376K(59904K)] 391300K->333412K(557056K), 0.0021642 secs] [Times: user=0.01 sys=0.00, real=0.00 secs] 
749.252: [GC (Allocation Failure) [PSYoungGen: 59217K->1488K(59904K)] 391254K->333524K(557056K), 0.0016096 secs] [Times: user=0.00 sys=0.00, real=0.00 secs] 
749.590: [GC (Allocation Failure) [PSYoungGen: 59344K->1552K(59904K)] 391380K->333596K(557056K), 0.0016623 secs] [Times: user=0.01 sys=0.00, real=0.00 secs] 
749.927: [GC (Allocation Failure) [PSYoungGen: 59408K->1536K(59904K)] 391452K->333580K(557056K), 0.0016869 secs] [Times: user=0.00 sys=0.00, real=0.00 secs] 
750.266: [GC (Allocation Failure) [PSYoungGen: 59392K->1520K(59904K)] 391436K->333564K(557056K), 0.0016345 secs] [Times: user=0.01 sys=0.00, real=0.00 secs] 
750.682: [GC (Allocation Failure) [PSYoungGen: 59376K->1392K(59904K)] 391420K->333444K(557056K), 0.0022227 secs] [Times: user=0.01 sys=0.00, real=0.00 secs] 
751.078: [GC (Allocation Failure) [PSYoungGen: 59248K->1376K(59904K)] 391300K->333428K(557056K), 0.0023705 secs] [Times: user=0.01 sys=0.00, real=0.00 secs] 
751.619: [GC (Allocation Failure) [PSYoungGen: 59232K->1408K(59904K)] 391284K->333460K(557056K), 0.0020589 secs] [Times: user=0.01 sys=0.00, real=0.00 secs] 
752.318: [GC (Allocation Failure) [PSYoungGen: 59264K->1376K(59904K)] 391316K->333428K(557056K), 0.0026563 secs] [Times: user=0.01 sys=0.00, real=0.00 secs] 
753.086: [GC (Allocation Failure) [PSYoungGen: 59232K->1440K(59904K)] 391284K->333492K(557056K), 0.0037378 secs] [Times: user=0.02 sys=0.00, real=0.00 secs] 
753.709: [GC (Allocation Failure) [PSYoungGen: 59295K->1565K(59904K)] 391348K->333618K(557056K), 0.0015038 secs] [Times: user=0.00 sys=0.00, real=0.00 secs] 
754.047: [GC (Allocation Failure) [PSYoungGen: 59421K->1568K(59904K)] 391474K->333636K(557056K), 0.0015956 secs] [Times: user=0.00 sys=0.00, real=0.00 secs] 
754.384: [GC (Allocation Failure) [PSYoungGen: 59424K->1552K(59904K)] 391492K->333620K(557056K), 0.0016505 secs] [Times: user=0.00 sys=0.00, real=0.00 secs] 
754.721: [GC (Allocation Failure) [PSYoungGen: 59408K->1597K(59904K)] 391476K->333682K(557056K), 0.0015422 secs] [Times: user=0.00 sys=0.00, real=0.01 secs] 
755.403: [GC (Allocation Failure) [PSYoungGen: 59453K->1488K(59904K)] 391538K->333572K(557056K), 0.0027675 secs] [Times: user=0.01 sys=0.01, real=0.00 secs] 
755.658: [GC (Allocation Failure) [PSYoungGen: 59344K->1392K(59904K)] 391428K->333476K(557056K), 0.0020603 secs] [Times: user=0.01 sys=0.00, real=0.00 secs] 
755.912: [GC (Allocation Failure) [PSYoungGen: 59248K->1424K(59904K)] 391332K->333508K(557056K), 0.0020132 secs] [Times: user=0.01 sys=0.00, real=0.00 secs] 
756.159: [GC (Allocation Failure) [PSYoungGen: 59280K->1392K(59904K)] 391364K->333476K(557056K), 0.0017258 secs] [Times: user=0.01 sys=0.00, real=0.00 secs] 
756.400: [GC (Allocation Failure) [PSYoungGen: 59248K->1440K(59904K)] 391332K->333524K(557056K), 0.0017999 secs] [Times: user=0.01 sys=0.00, real=0.00 secs] 
756.715: [GC (Allocation Failure) [PSYoungGen: 59289K->1552K(59904K)] 391374K->333636K(557056K), 0.0014877 secs] [Times: user=0.01 sys=0.00, real=0.00 secs] 
757.052: [GC (Allocation Failure) [PSYoungGen: 59408K->1552K(59904K)] 391492K->333660K(557056K), 0.0015760 secs] [Times: user=0.01 sys=0.00, real=0.00 secs] 
757.453: [GC (Allocation Failure) [PSYoungGen: 59408K->1520K(59904K)] 391516K->333628K(557056K), 0.0015501 secs] [Times: user=0.00 sys=0.00, real=0.00 secs] 
757.788: [GC (Allocation Failure) [PSYoungGen: 59376K->1520K(59904K)] 391484K->333628K(557056K), 0.0016841 secs] [Times: user=0.00 sys=0.00, real=0.00 secs] 
758.722: [GC (Allocation Failure) [PSYoungGen: 59376K->1424K(59904K)] 391484K->333532K(557056K), 0.0034272 secs] [Times: user=0.01 sys=0.00, real=0.00 secs] 
759.908: [GC (Allocation Failure) [PSYoungGen: 59280K->1344K(59904K)] 391388K->333452K(557056K), 0.0034311 secs] [Times: user=0.01 sys=0.00, real=0.01 secs] 
760.438: [GC (Allocation Failure) [PSYoungGen: 59200K->1344K(59904K)] 391308K->333452K(557056K), 0.0023216 secs] [Times: user=0.01 sys=0.00, real=0.00 secs] 
760.930: [GC (Allocation Failure) [PSYoungGen: 59200K->1376K(59904K)] 391308K->333484K(557056K), 0.0022813 secs] [Times: user=0.01 sys=0.00, real=0.01 secs] 
761.389: [GC (Allocation Failure) [PSYoungGen: 59232K->1408K(59904K)] 391340K->333516K(557056K), 0.0022276 secs] [Times: user=0.00 sys=0.00, real=0.00 secs] 
762.121: [GC (Allocation Failure) [PSYoungGen: 59264K->1456K(59904K)] 391372K->333564K(557056K), 0.0014711 secs] [Times: user=0.01 sys=0.00, real=0.01 secs] 
762.458: [GC (Allocation Failure) [PSYoungGen: 59312K->1488K(59904K)] 391420K->333604K(557056K), 0.0015950 secs] [Times: user=0.00 sys=0.00, real=0.00 secs] 
762.795: [GC (Allocation Failure) [PSYoungGen: 59344K->1552K(59904K)] 391460K->333668K(557056K), 0.0016713 secs] [Times: user=0.01 sys=0.00, real=0.00 secs] 
763.192: [GC (Allocation Failure) [PSYoungGen: 59408K->1549K(59904K)] 391524K->333666K(557056K), 0.0016386 secs] [Times: user=0.01 sys=0.00, real=0.00 secs] 
763.914: [GC (Allocation Failure) [PSYoungGen: 59405K->1392K(59904K)] 391522K->333508K(557056K), 0.0027609 secs] [Times: user=0.01 sys=0.00, real=0.00 secs] 
765.623: [GC (Allocation Failure) [PSYoungGen: 59248K->1376K(59904K)] 391364K->333492K(557056K), 0.0029606 secs] [Times: user=0.01 sys=0.00, real=0.00 secs] 
766.097: [GC (Allocation Failure) [PSYoungGen: 59232K->1376K(59904K)] 391348K->333492K(557056K), 0.0026652 secs] [Times: user=0.01 sys=0.00, real=0.00 secs] 
766.584: [GC (Allocation Failure) [PSYoungGen: 59232K->1376K(59904K)] 391348K->333492K(557056K), 0.0024867 secs] [Times: user=0.00 sys=0.00, real=0.00 secs] 
767.047: [GC (Allocation Failure) [PSYoungGen: 59232K->1408K(59904K)] 391348K->333524K(557056K), 0.0019866 secs] [Times: user=0.01 sys=0.00, real=0.00 secs] 
767.423: [GC (Allocation Failure) [PSYoungGen: 59264K->1472K(59904K)] 391380K->333596K(557056K), 0.0015045 secs] [Times: user=0.01 sys=0.00, real=0.00 secs] 
767.760: [GC (Allocation Failure) [PSYoungGen: 59328K->1552K(59904K)] 391452K->333700K(557056K), 0.0016158 secs] [Times: user=0.01 sys=0.00, real=0.01 secs] 
768.097: [GC (Allocation Failure) [PSYoungGen: 59408K->1552K(59904K)] 391556K->333700K(557056K), 0.0016309 secs] [Times: user=0.01 sys=0.00, real=0.00 secs] 
768.494: [GC (Allocation Failure) [PSYoungGen: 59408K->1549K(59904K)] 391556K->333698K(557056K), 0.0016215 secs] [Times: user=0.00 sys=0.00, real=0.00 secs] 
768.842: [GC (Allocation Failure) [PSYoungGen: 59405K->2000K(59904K)] 391554K->334148K(557056K), 0.0018931 secs] [Times: user=0.01 sys=0.00, real=0.00 secs] 
769.277: [GC (Allocation Failure) [PSYoungGen: 59856K->1408K(59904K)] 392004K->333556K(557056K), 0.0021976 secs] [Times: user=0.01 sys=0.00, real=0.00 secs] 
769.735: [GC (Allocation Failure) [PSYoungGen: 59264K->1408K(59904K)] 391412K->333556K(557056K), 0.0022586 secs] [Times: user=0.01 sys=0.00, real=0.00 secs] 
770.208: [GC (Allocation Failure) [PSYoungGen: 59264K->1376K(59904K)] 391412K->333524K(557056K), 0.0024620 secs] [Times: user=0.00 sys=0.00, real=0.00 secs] 
770.687: [GC (Allocation Failure) [PSYoungGen: 59232K->1344K(59904K)] 391380K->333492K(557056K), 0.0022958 secs] [Times: user=0.00 sys=0.00, real=0.00 secs] 
771.035: [GC (Allocation Failure) [PSYoungGen: 59200K->1453K(59904K)] 391348K->333602K(557056K), 0.0014013 secs] [Times: user=0.01 sys=0.00, real=0.00 secs] 
771.371: [GC (Allocation Failure) [PSYoungGen: 59309K->1520K(59904K)] 391458K->333676K(557056K), 0.0015424 secs] [Times: user=0.01 sys=0.00, real=0.01 secs] 
771.710: [GC (Allocation Failure) [PSYoungGen: 59376K->1552K(59904K)] 391532K->333708K(557056K), 0.0015612 secs] [Times: user=0.00 sys=0.00, real=0.01 secs] 
772.049: [GC (Allocation Failure) [PSYoungGen: 59408K->1584K(59904K)] 391564K->333740K(557056K), 0.0015917 secs] [Times: user=0.01 sys=0.00, real=0.00 secs] 
772.439: [GC (Allocation Failure) [PSYoungGen: 59440K->1552K(59904K)] 391596K->333708K(557056K), 0.0017491 secs] [Times: user=0.00 sys=0.01, real=0.00 secs] 
772.755: [GC (Allocation Failure) [PSYoungGen: 59408K->1360K(59904K)] 391564K->333516K(557056K), 0.0018582 secs] [Times: user=0.00 sys=0.00, real=0.00 secs] 
773.014: [GC (Allocation Failure) [PSYoungGen: 59216K->1376K(59904K)] 391372K->333540K(557056K), 0.0019471 secs] [Times: user=0.00 sys=0.00, real=0.00 secs] 
773.303: [GC (Allocation Failure) [PSYoungGen: 59232K->1376K(59904K)] 391396K->333540K(557056K), 0.0018958 secs] [Times: user=0.01 sys=0.00, real=0.00 secs] 
773.580: [GC (Allocation Failure) [PSYoungGen: 59232K->1344K(59904K)] 391396K->333508K(557056K), 0.0018806 secs] [Times: user=0.00 sys=0.00, real=0.01 secs] 
774.033: [GC (Allocation Failure) [PSYoungGen: 59200K->1456K(59904K)] 391364K->333636K(557056K), 0.0015287 secs] [Times: user=0.00 sys=0.00, real=0.00 secs] 
774.434: [GC (Allocation Failure) [PSYoungGen: 59305K->1568K(59904K)] 391486K->333764K(557056K), 0.0014626 secs] [Times: user=0.00 sys=0.00, real=0.00 secs] 
774.771: [GC (Allocation Failure) [PSYoungGen: 59424K->1552K(59904K)] 391620K->333748K(557056K), 0.0016919 secs] [Times: user=0.01 sys=0.00, real=0.01 secs] 
775.108: [GC (Allocation Failure) [PSYoungGen: 59408K->1517K(59904K)] 391604K->333714K(557056K), 0.0017152 secs] [Times: user=0.01 sys=0.00, real=0.00 secs] 
775.499: [GC (Allocation Failure) [PSYoungGen: 59373K->1549K(59904K)] 391570K->333746K(557056K), 0.0016890 secs] [Times: user=0.01 sys=0.00, real=0.00 secs] 
776.138: [GC (Allocation Failure) [PSYoungGen: 59405K->1424K(59904K)] 391602K->333620K(557056K), 0.0020957 secs] [Times: user=0.01 sys=0.00, real=0.00 secs] 
776.383: [GC (Allocation Failure) [PSYoungGen: 59280K->1376K(59904K)] 391476K->333572K(557056K), 0.0018717 secs] [Times: user=0.00 sys=0.00, real=0.00 secs] 
776.624: [GC (Allocation Failure) [PSYoungGen: 59232K->1376K(59904K)] 391428K->333572K(557056K), 0.0019339 secs] [Times: user=0.01 sys=0.00, real=0.00 secs] 
776.945: [GC (Allocation Failure) [PSYoungGen: 59232K->1408K(59904K)] 391428K->333604K(557056K), 0.0018982 secs] [Times: user=0.01 sys=0.00, real=0.00 secs] 
777.440: [GC (Allocation Failure) [PSYoungGen: 59264K->1469K(59904K)] 391460K->333666K(557056K), 0.0019341 secs] [Times: user=0.00 sys=0.00, real=0.01 secs] 
777.788: [GC (Allocation Failure) [PSYoungGen: 59325K->1552K(59904K)] 391522K->333764K(557056K), 0.0016988 secs] [Times: user=0.00 sys=0.00, real=0.00 secs] 
778.126: [GC (Allocation Failure) [PSYoungGen: 59408K->1520K(59904K)] 391620K->333732K(557056K), 0.0016272 secs] [Times: user=0.00 sys=0.01, real=0.00 secs] 
778.464: [GC (Allocation Failure) [PSYoungGen: 59376K->1552K(59904K)] 391588K->333764K(557056K), 0.0016726 secs] [Times: user=0.01 sys=0.00, real=0.00 secs] 
778.801: [GC (Allocation Failure) [PSYoungGen: 59408K->1536K(59904K)] 391620K->333748K(557056K), 0.0015291 secs] [Times: user=0.01 sys=0.00, real=0.01 secs] 
779.074: [GC (Allocation Failure) [PSYoungGen: 59392K->1424K(59904K)] 391604K->333636K(557056K), 0.0016895 secs] [Times: user=0.01 sys=0.00, real=0.00 secs] 
779.315: [GC (Allocation Failure) [PSYoungGen: 59280K->1424K(59904K)] 391492K->333636K(557056K), 0.0015626 secs] [Times: user=0.00 sys=0.00, real=0.00 secs] 
779.555: [GC (Allocation Failure) [PSYoungGen: 59280K->1344K(59904K)] 391492K->333556K(557056K), 0.0015118 secs] [Times: user=0.01 sys=0.00, real=0.00 secs] 
779.857: [GC (Allocation Failure) [PSYoungGen: 59200K->1344K(59904K)] 391412K->333556K(557056K), 0.0036963 secs] [Times: user=0.01 sys=0.00, real=0.00 secs] 
780.405: [GC (Allocation Failure) [PSYoungGen: 59200K->1424K(59904K)] 391412K->333636K(557056K), 0.0025718 secs] [Times: user=0.01 sys=0.00, real=0.00 secs] 
780.807: [GC (Allocation Failure) [PSYoungGen: 59251K->1520K(59904K)] 391464K->333732K(557056K), 0.0015687 secs] [Times: user=0.01 sys=0.00, real=0.00 secs] 
781.144: [GC (Allocation Failure) [PSYoungGen: 59376K->1533K(59904K)] 391588K->333754K(557056K), 0.0015261 secs] [Times: user=0.00 sys=0.00, real=0.00 secs] 
781.480: [GC (Allocation Failure) [PSYoungGen: 59389K->1520K(59904K)] 391610K->333740K(557056K), 0.0017130 secs] [Times: user=0.00 sys=0.00, real=0.01 secs] 
781.818: [GC (Allocation Failure) [PSYoungGen: 59376K->1517K(59904K)] 391596K->333738K(557056K), 0.0017081 secs] [Times: user=0.01 sys=0.00, real=0.00 secs] 
782.276: [GC (Allocation Failure) [PSYoungGen: 59373K->1408K(59904K)] 391594K->333628K(557056K), 0.0020445 secs] [Times: user=0.01 sys=0.00, real=0.00 secs] 
782.536: [GC (Allocation Failure) [PSYoungGen: 59264K->1440K(59904K)] 391484K->333660K(557056K), 0.0017985 secs] [Times: user=0.01 sys=0.00, real=0.00 secs] 
782.784: [GC (Allocation Failure) [PSYoungGen: 59296K->1376K(59904K)] 391516K->333596K(557056K), 0.0028198 secs] [Times: user=0.01 sys=0.00, real=0.00 secs] 
783.075: [GC (Allocation Failure) [PSYoungGen: 59232K->1376K(59904K)] 391452K->333612K(557056K), 0.0018440 secs] [Times: user=0.01 sys=0.00, real=0.00 secs] 
783.315: [GC (Allocation Failure) [PSYoungGen: 59232K->1376K(59904K)] 391468K->333612K(557056K), 0.0019524 secs] [Times: user=0.01 sys=0.00, real=0.00 secs] 
783.694: [GC (Allocation Failure) [PSYoungGen: 59232K->1533K(59904K)] 391468K->333770K(557056K), 0.0016107 secs] [Times: user=0.00 sys=0.00, real=0.00 secs] 
784.032: [GC (Allocation Failure) [PSYoungGen: 59389K->1565K(59904K)] 391626K->333818K(557056K), 0.0015654 secs] [Times: user=0.01 sys=0.00, real=0.00 secs] 
784.368: [GC (Allocation Failure) [PSYoungGen: 59391K->1565K(59904K)] 391644K->333818K(557056K), 0.0015649 secs] [Times: user=0.01 sys=0.00, real=0.00 secs] 
784.706: [GC (Allocation Failure) [PSYoungGen: 59421K->1597K(59904K)] 391674K->333850K(557056K), 0.0014779 secs] [Times: user=0.01 sys=0.00, real=0.00 secs] 
785.301: [GC (Allocation Failure) [PSYoungGen: 59453K->1424K(59904K)] 391706K->333676K(557056K), 0.0018047 secs] [Times: user=0.01 sys=0.00, real=0.01 secs] 
785.562: [GC (Allocation Failure) [PSYoungGen: 59280K->1408K(59904K)] 391532K->333668K(557056K), 0.0019850 secs] [Times: user=0.01 sys=0.00, real=0.00 secs] 
785.803: [GC (Allocation Failure) [PSYoungGen: 59264K->1376K(59904K)] 391524K->333636K(557056K), 0.0023179 secs] [Times: user=0.01 sys=0.00, real=0.00 secs] 
786.044: [GC (Allocation Failure) [PSYoungGen: 59232K->1344K(59904K)] 391492K->333604K(557056K), 0.0019165 secs] [Times: user=0.01 sys=0.00, real=0.00 secs] 
786.285: [GC (Allocation Failure) [PSYoungGen: 59200K->1344K(59904K)] 391460K->333604K(557056K), 0.0017899 secs] [Times: user=0.01 sys=0.00, real=0.00 secs] 
786.678: [GC (Allocation Failure) [PSYoungGen: 59189K->1488K(59904K)] 391450K->333748K(557056K), 0.0015775 secs] [Times: user=0.01 sys=0.00, real=0.00 secs] 
787.014: [GC (Allocation Failure) [PSYoungGen: 59344K->1581K(59904K)] 391604K->333850K(557056K), 0.0015090 secs] [Times: user=0.00 sys=0.00, real=0.00 secs] 
787.351: [GC (Allocation Failure) [PSYoungGen: 59437K->1488K(59904K)] 391706K->333756K(557056K), 0.0015335 secs] [Times: user=0.01 sys=0.00, real=0.01 secs] 
787.687: [GC (Allocation Failure) [PSYoungGen: 59344K->1501K(59904K)] 391612K->333770K(557056K), 0.0014454 secs] [Times: user=0.00 sys=0.00, real=0.00 secs] 
788.251: [GC (Allocation Failure) [PSYoungGen: 59357K->1440K(59904K)] 391626K->333708K(557056K), 0.0021568 secs] [Times: user=0.01 sys=0.00, real=0.01 secs] 
788.763: [GC (Allocation Failure) [PSYoungGen: 59296K->1376K(59904K)] 391564K->333644K(557056K), 0.0025904 secs] [Times: user=0.01 sys=0.00, real=0.00 secs] 
789.233: [GC (Allocation Failure) [PSYoungGen: 59232K->1376K(59904K)] 391500K->333644K(557056K), 0.0026963 secs] [Times: user=0.00 sys=0.00, real=0.00 secs] 
789.687: [GC (Allocation Failure) [PSYoungGen: 59232K->1408K(59904K)] 391500K->333676K(557056K), 0.0020642 secs] [Times: user=0.01 sys=0.00, real=0.00 secs] 
790.041: [GC (Allocation Failure) [PSYoungGen: 59264K->1376K(59904K)] 391532K->333644K(557056K), 0.0020125 secs] [Times: user=0.01 sys=0.00, real=0.01 secs] 
790.395: [GC (Allocation Failure) [PSYoungGen: 59232K->1501K(59904K)] 391500K->333770K(557056K), 0.0023857 secs] [Times: user=0.01 sys=0.00, real=0.00 secs] 
790.739: [GC (Allocation Failure) [PSYoungGen: 59357K->1565K(59904K)] 391626K->333842K(557056K), 0.0015118 secs] [Times: user=0.00 sys=0.00, real=0.00 secs] 
791.075: [GC (Allocation Failure) [PSYoungGen: 59407K->1552K(59904K)] 391684K->333828K(557056K), 0.0016124 secs] [Times: user=0.01 sys=0.00, real=0.00 secs] 
791.414: [GC (Allocation Failure) [PSYoungGen: 59408K->1520K(59904K)] 391684K->333796K(557056K), 0.0016130 secs] [Times: user=0.00 sys=0.00, real=0.00 secs] 
792.155: [GC (Allocation Failure) [PSYoungGen: 59376K->1456K(59904K)] 391652K->333740K(557056K), 0.0017172 secs] [Times: user=0.01 sys=0.00, real=0.00 secs] 
792.642: [GC (Allocation Failure) [PSYoungGen: 59312K->1376K(59904K)] 391596K->333660K(557056K), 0.0017687 secs] [Times: user=0.01 sys=0.00, real=0.00 secs] 
792.948: [GC (Allocation Failure) [PSYoungGen: 59232K->1408K(59904K)] 391516K->333692K(557056K), 0.0017213 secs] [Times: user=0.01 sys=0.00, real=0.00 secs] 
793.188: [GC (Allocation Failure) [PSYoungGen: 59264K->1408K(59904K)] 391548K->333692K(557056K), 0.0016982 secs] [Times: user=0.01 sys=0.00, real=0.00 secs] 
793.428: [GC (Allocation Failure) [PSYoungGen: 59264K->1376K(59904K)] 391548K->333660K(557056K), 0.0017308 secs] [Times: user=0.01 sys=0.00, real=0.00 secs] 
793.765: [GC (Allocation Failure) [PSYoungGen: 59220K->1520K(59904K)] 391505K->333804K(557056K), 0.0015025 secs] [Times: user=0.01 sys=0.00, real=0.00 secs] 
794.102: [GC (Allocation Failure) [PSYoungGen: 59376K->1520K(59904K)] 391660K->333836K(557056K), 0.0015391 secs] [Times: user=0.01 sys=0.00, real=0.00 secs] 
794.439: [GC (Allocation Failure) [PSYoungGen: 59376K->1584K(59904K)] 391692K->333900K(557056K), 0.0015861 secs] [Times: user=0.00 sys=0.00, real=0.00 secs] 
794.776: [GC (Allocation Failure) [PSYoungGen: 59440K->1488K(59904K)] 391756K->333804K(557056K), 0.0016210 secs] [Times: user=0.01 sys=0.00, real=0.00 secs] 
795.702: [GC (Allocation Failure) [PSYoungGen: 59344K->1408K(59904K)] 391660K->333724K(557056K), 0.0021164 secs] [Times: user=0.00 sys=0.00, real=0.00 secs] 
796.693: [GC (Allocation Failure) [PSYoungGen: 59264K->1392K(59904K)] 391580K->333708K(557056K), 0.0030279 secs] [Times: user=0.01 sys=0.00, real=0.00 secs] 
797.362: [GC (Allocation Failure) [PSYoungGen: 59248K->1376K(59904K)] 391564K->333692K(557056K), 0.0029077 secs] [Times: user=0.01 sys=0.00, real=0.01 secs] 
797.628: [GC (Allocation Failure) [PSYoungGen: 59232K->1376K(59904K)] 391548K->333692K(557056K), 0.0020153 secs] [Times: user=0.00 sys=0.00, real=0.00 secs] 
797.915: [GC (Allocation Failure) [PSYoungGen: 59232K->1408K(59904K)] 391548K->333724K(557056K), 0.0017901 secs] [Times: user=0.01 sys=0.00, real=0.00 secs] 
798.304: [GC (Allocation Failure) [PSYoungGen: 59264K->1485K(59904K)] 391580K->333802K(557056K), 0.0015054 secs] [Times: user=0.00 sys=0.00, real=0.00 secs] 
798.640: [GC (Allocation Failure) [PSYoungGen: 59341K->1520K(59904K)] 391658K->333844K(557056K), 0.0015584 secs] [Times: user=0.01 sys=0.00, real=0.00 secs] 
798.984: [GC (Allocation Failure) [PSYoungGen: 59376K->1552K(59904K)] 391700K->333876K(557056K), 0.0015684 secs] [Times: user=0.01 sys=0.00, real=0.00 secs] 
799.320: [GC (Allocation Failure) [PSYoungGen: 59408K->1536K(59904K)] 391732K->333860K(557056K), 0.0016200 secs] [Times: user=0.01 sys=0.00, real=0.01 secs] 
800.235: [GC (Allocation Failure) [PSYoungGen: 59392K->1424K(59904K)] 391716K->333748K(557056K), 0.0033482 secs] [Times: user=0.01 sys=0.00, real=0.00 secs] 
801.070: [GC (Allocation Failure) [PSYoungGen: 59280K->1376K(59904K)] 391604K->333700K(557056K), 0.0032370 secs] [Times: user=0.02 sys=0.00, real=0.01 secs] 
801.708: [GC (Allocation Failure) [PSYoungGen: 59232K->1360K(59904K)] 391556K->333684K(557056K), 0.0027903 secs] [Times: user=0.01 sys=0.00, real=0.00 secs] 
802.000: [GC (Allocation Failure) [PSYoungGen: 59216K->1376K(59904K)] 391540K->333700K(557056K), 0.0019719 secs] [Times: user=0.01 sys=0.00, real=0.01 secs] 
802.274: [GC (Allocation Failure) [PSYoungGen: 59232K->1344K(59904K)] 391556K->333668K(557056K), 0.0018440 secs] [Times: user=0.01 sys=0.00, real=0.00 secs] 
802.599: [GC (Allocation Failure) [PSYoungGen: 59200K->1485K(59904K)] 391524K->333810K(557056K), 0.0015157 secs] [Times: user=0.01 sys=0.00, real=0.00 secs] 
802.936: [GC (Allocation Failure) [PSYoungGen: 59341K->1456K(59904K)] 391666K->333788K(557056K), 0.0015051 secs] [Times: user=0.00 sys=0.00, real=0.00 secs] 
803.274: [GC (Allocation Failure) [PSYoungGen: 59312K->1565K(59904K)] 391644K->333898K(557056K), 0.0015914 secs] [Times: user=0.00 sys=0.00, real=0.00 secs] 
803.611: [GC (Allocation Failure) [PSYoungGen: 59421K->1520K(59904K)] 391754K->333852K(557056K), 0.0016267 secs] [Times: user=0.00 sys=0.00, real=0.01 secs] 
804.102: [GC (Allocation Failure) [PSYoungGen: 59376K->1456K(59904K)] 391708K->333788K(557056K), 0.0017170 secs] [Times: user=0.00 sys=0.00, real=0.01 secs] 
804.549: [GC (Allocation Failure) [PSYoungGen: 59312K->1376K(59904K)] 391644K->333708K(557056K), 0.0017746 secs] [Times: user=0.01 sys=0.00, real=0.00 secs] 
804.789: [GC (Allocation Failure) [PSYoungGen: 59232K->1376K(59904K)] 391564K->333724K(557056K), 0.0018347 secs] [Times: user=0.01 sys=0.00, real=0.00 secs] 
805.030: [GC (Allocation Failure) [PSYoungGen: 59232K->1408K(59904K)] 391580K->333756K(557056K), 0.0018784 secs] [Times: user=0.01 sys=0.00, real=0.00 secs] 
805.270: [GC (Allocation Failure) [PSYoungGen: 59264K->1376K(59904K)] 391612K->333724K(557056K), 0.0019486 secs] [Times: user=0.01 sys=0.00, real=0.01 secs] 
805.625: [GC (Allocation Failure) [PSYoungGen: 59202K->1485K(59904K)] 391551K->333834K(557056K), 0.0014699 secs] [Times: user=0.00 sys=0.00, real=0.00 secs] 
805.964: [GC (Allocation Failure) [PSYoungGen: 59341K->1504K(59904K)] 391690K->333868K(557056K), 0.0016781 secs] [Times: user=0.00 sys=0.00, real=0.00 secs] 
806.300: [GC (Allocation Failure) [PSYoungGen: 59360K->1533K(59904K)] 391724K->333898K(557056K), 0.0016114 secs] [Times: user=0.00 sys=0.00, real=0.01 secs] 
806.644: [GC (Allocation Failure) [PSYoungGen: 59389K->1520K(59904K)] 391754K->333884K(557056K), 0.0015522 secs] [Times: user=0.01 sys=0.00, real=0.00 secs] 
807.125: [GC (Allocation Failure) [PSYoungGen: 59376K->1504K(59904K)] 391740K->333868K(557056K), 0.0017610 secs] [Times: user=0.01 sys=0.00, real=0.00 secs] 
807.501: [GC (Allocation Failure) [PSYoungGen: 59360K->1408K(59904K)] 391724K->333772K(557056K), 0.0017896 secs] [Times: user=0.01 sys=0.00, real=0.01 secs] 
807.762: [GC (Allocation Failure) [PSYoungGen: 59264K->1408K(59904K)] 391628K->333772K(557056K), 0.0018258 secs] [Times: user=0.01 sys=0.00, real=0.00 secs] 
808.003: [GC (Allocation Failure) [PSYoungGen: 59264K->1408K(59904K)] 391628K->333772K(557056K), 0.0017707 secs] [Times: user=0.01 sys=0.00, real=0.00 secs] 
808.243: [GC (Allocation Failure) [PSYoungGen: 59264K->1392K(59904K)] 391628K->333756K(557056K), 0.0016755 secs] [Times: user=0.00 sys=0.00, real=0.00 secs] 
808.588: [GC (Allocation Failure) [PSYoungGen: 59233K->1488K(59904K)] 391598K->333852K(557056K), 0.0014401 secs] [Times: user=0.01 sys=0.00, real=0.00 secs] 
808.925: [GC (Allocation Failure) [PSYoungGen: 59344K->1549K(59904K)] 391708K->333930K(557056K), 0.0015671 secs] [Times: user=0.01 sys=0.00, real=0.00 secs] 
809.263: [GC (Allocation Failure) [PSYoungGen: 59405K->1552K(59904K)] 391786K->333932K(557056K), 0.0016779 secs] [Times: user=0.01 sys=0.00, real=0.00 secs] 
809.599: [GC (Allocation Failure) [PSYoungGen: 59408K->1552K(59904K)] 391788K->333932K(557056K), 0.0016082 secs] [Times: user=0.01 sys=0.00, real=0.00 secs] 
809.977: [GC (Allocation Failure) [PSYoungGen: 59408K->1440K(59904K)] 391788K->333820K(557056K), 0.0019981 secs] [Times: user=0.00 sys=0.00, real=0.00 secs] 
810.590: [GC (Allocation Failure) [PSYoungGen: 59296K->1344K(59904K)] 391676K->333724K(557056K), 0.0020887 secs] [Times: user=0.01 sys=0.00, real=0.01 secs] 
811.049: [GC (Allocation Failure) [PSYoungGen: 59200K->1392K(59904K)] 391580K->333772K(557056K), 0.0019818 secs] [Times: user=0.01 sys=0.00, real=0.00 secs] 
811.534: [GC (Allocation Failure) [PSYoungGen: 59248K->1408K(59904K)] 391628K->333788K(557056K), 0.0019926 secs] [Times: user=0.01 sys=0.00, real=0.00 secs] 
812.035: [GC (Allocation Failure) [PSYoungGen: 59264K->1376K(59904K)] 391644K->333756K(557056K), 0.0020527 secs] [Times: user=0.01 sys=0.00, real=0.00 secs] 
812.526: [GC (Allocation Failure) [PSYoungGen: 59232K->1440K(59904K)] 391612K->333820K(557056K), 0.0014886 secs] [Times: user=0.01 sys=0.00, real=0.00 secs] 
812.863: [GC (Allocation Failure) [PSYoungGen: 59296K->1552K(59904K)] 391676K->333940K(557056K), 0.0016346 secs] [Times: user=0.01 sys=0.00, real=0.00 secs] 
813.201: [GC (Allocation Failure) [PSYoungGen: 59408K->1584K(59904K)] 391796K->333972K(557056K), 0.0015540 secs] [Times: user=0.01 sys=0.00, real=0.01 secs] 
813.543: [GC (Allocation Failure) [PSYoungGen: 59440K->1552K(59904K)] 391828K->333940K(557056K), 0.0016117 secs] [Times: user=0.01 sys=0.00, real=0.00 secs] 
814.023: [GC (Allocation Failure) [PSYoungGen: 59408K->2016K(59904K)] 391796K->334404K(557056K), 0.0018274 secs] [Times: user=0.01 sys=0.00, real=0.00 secs] 
814.768: [GC (Allocation Failure) [PSYoungGen: 59872K->1376K(59904K)] 392260K->333780K(557056K), 0.0020052 secs] [Times: user=0.01 sys=0.00, real=0.00 secs] 
815.495: [GC (Allocation Failure) [PSYoungGen: 59232K->1376K(59904K)] 391636K->333780K(557056K), 0.0020928 secs] [Times: user=0.01 sys=0.00, real=0.00 secs] 
816.321: [GC (Allocation Failure) [PSYoungGen: 59232K->1408K(59904K)] 391636K->333812K(557056K), 0.0025532 secs] [Times: user=0.01 sys=0.00, real=0.01 secs] 
816.856: [GC (Allocation Failure) [PSYoungGen: 59264K->1376K(59904K)] 391668K->333780K(557056K), 0.0024106 secs] [Times: user=0.01 sys=0.00, real=0.00 secs] 
817.290: [GC (Allocation Failure) [PSYoungGen: 59232K->1456K(59904K)] 391636K->333860K(557056K), 0.0014489 secs] [Times: user=0.01 sys=0.00, real=0.00 secs] 
817.628: [GC (Allocation Failure) [PSYoungGen: 59312K->1520K(59904K)] 391716K->333932K(557056K), 0.0015957 secs] [Times: user=0.00 sys=0.00, real=0.00 secs] 
817.963: [GC (Allocation Failure) [PSYoungGen: 59376K->1565K(59904K)] 391788K->333978K(557056K), 0.0014111 secs] [Times: user=0.01 sys=0.00, real=0.00 secs] 
818.301: [GC (Allocation Failure) [PSYoungGen: 59421K->1533K(59904K)] 391834K->333946K(557056K), 0.0016757 secs] [Times: user=0.01 sys=0.00, real=0.01 secs] 
818.630: [GC (Allocation Failure) [PSYoungGen: 59389K->1504K(59904K)] 391802K->333916K(557056K), 0.0015155 secs] [Times: user=0.01 sys=0.00, real=0.00 secs] 
819.195: [GC (Allocation Failure) [PSYoungGen: 59360K->1376K(59904K)] 391772K->333788K(557056K), 0.0017901 secs] [Times: user=0.00 sys=0.00, real=0.00 secs] 
819.566: [GC (Allocation Failure) [PSYoungGen: 59232K->1360K(59904K)] 391644K->333772K(557056K), 0.0019408 secs] [Times: user=0.00 sys=0.00, real=0.00 secs] 
819.807: [GC (Allocation Failure) [PSYoungGen: 59216K->1408K(59904K)] 391628K->333820K(557056K), 0.0017749 secs] [Times: user=0.00 sys=0.01, real=0.00 secs] 
820.047: [GC (Allocation Failure) [PSYoungGen: 59264K->1408K(59904K)] 391676K->333820K(557056K), 0.0019050 secs] [Times: user=0.01 sys=0.00, real=0.00 secs] 
820.345: [GC (Allocation Failure) [PSYoungGen: 59253K->1488K(59904K)] 391666K->333900K(557056K), 0.0015198 secs] [Times: user=0.00 sys=0.00, real=0.00 secs] 
820.682: [GC (Allocation Failure) [PSYoungGen: 59344K->1533K(59904K)] 391756K->333954K(557056K), 0.0016696 secs] [Times: user=0.01 sys=0.00, real=0.00 secs] 
821.023: [GC (Allocation Failure) [PSYoungGen: 59365K->1485K(59904K)] 391786K->333906K(557056K), 0.0014445 secs] [Times: user=0.01 sys=0.00, real=0.00 secs] 
821.361: [GC (Allocation Failure) [PSYoungGen: 59341K->1549K(59904K)] 391762K->333970K(557056K), 0.0016266 secs] [Times: user=0.01 sys=0.00, real=0.01 secs] 
821.758: [GC (Allocation Failure) [PSYoungGen: 59405K->1533K(59904K)] 391826K->333954K(557056K), 0.0014691 secs] [Times: user=0.01 sys=0.00, real=0.00 secs] 
822.330: [GC (Allocation Failure) [PSYoungGen: 59389K->1440K(59904K)] 391810K->333860K(557056K), 0.0031903 secs] [Times: user=0.01 sys=0.00, real=0.01 secs] 
822.702: [GC (Allocation Failure) [PSYoungGen: 59296K->1344K(59904K)] 391716K->333764K(557056K), 0.0022185 secs] [Times: user=0.01 sys=0.00, real=0.00 secs] 
822.978: [GC (Allocation Failure) [PSYoungGen: 59200K->1376K(59904K)] 391620K->333796K(557056K), 0.0018132 secs] [Times: user=0.01 sys=0.00, real=0.00 secs] 
823.218: [GC (Allocation Failure) [PSYoungGen: 59232K->1408K(59904K)] 391652K->333828K(557056K), 0.0017803 secs] [Times: user=0.01 sys=0.00, real=0.00 secs] 
823.533: [GC (Allocation Failure) [PSYoungGen: 59264K->1437K(59904K)] 391684K->333874K(557056K), 0.0021426 secs] [Times: user=0.01 sys=0.00, real=0.00 secs] 
823.960: [GC (Allocation Failure) [PSYoungGen: 59293K->1501K(59904K)] 391730K->333946K(557056K), 0.0016023 secs] [Times: user=0.00 sys=0.00, real=0.00 secs] 
824.357: [GC (Allocation Failure) [PSYoungGen: 59357K->1565K(59904K)] 391802K->334010K(557056K), 0.0016474 secs] [Times: user=0.01 sys=0.00, real=0.00 secs] 
824.759: [GC (Allocation Failure) [PSYoungGen: 59421K->1520K(59904K)] 391866K->333964K(557056K), 0.0018017 secs] [Times: user=0.00 sys=0.00, real=0.00 secs] 
825.096: [GC (Allocation Failure) [PSYoungGen: 59376K->1520K(59904K)] 391820K->333964K(557056K), 0.0015955 secs] [Times: user=0.00 sys=0.00, real=0.00 secs] 
825.597: [GC (Allocation Failure) [PSYoungGen: 59376K->1408K(59904K)] 391820K->333852K(557056K), 0.0025615 secs] [Times: user=0.01 sys=0.00, real=0.00 secs] 
826.046: [GC (Allocation Failure) [PSYoungGen: 59264K->1408K(59904K)] 391708K->333852K(557056K), 0.0023927 secs] [Times: user=0.00 sys=0.00, real=0.00 secs] 
826.512: [GC (Allocation Failure) [PSYoungGen: 59264K->1376K(59904K)] 391708K->333820K(557056K), 0.0018614 secs] [Times: user=0.01 sys=0.00, real=0.00 secs] 
826.985: [GC (Allocation Failure) [PSYoungGen: 59232K->1344K(59904K)] 391676K->333788K(557056K), 0.0035251 secs] [Times: user=0.02 sys=0.00, real=0.00 secs] 
827.571: [GC (Allocation Failure) [PSYoungGen: 59200K->1456K(59904K)] 391644K->333900K(557056K), 0.0026377 secs] [Times: user=0.01 sys=0.00, real=0.01 secs] 
828.056: [GC (Allocation Failure) [PSYoungGen: 59309K->1504K(59904K)] 391754K->333948K(557056K), 0.0014683 secs] [Times: user=0.00 sys=0.00, real=0.00 secs] 
828.393: [GC (Allocation Failure) [PSYoungGen: 59360K->1549K(59904K)] 391804K->334010K(557056K), 0.0016723 secs] [Times: user=0.01 sys=0.00, real=0.00 secs] 
828.730: [GC (Allocation Failure) [PSYoungGen: 59405K->1533K(59904K)] 391866K->333994K(557056K), 0.0016438 secs] [Times: user=0.01 sys=0.00, real=0.01 secs] 
829.129: [GC (Allocation Failure) [PSYoungGen: 59389K->1488K(59904K)] 391850K->333948K(557056K), 0.0015746 secs] [Times: user=0.01 sys=0.00, real=0.00 secs] 
829.461: [GC (Allocation Failure) [PSYoungGen: 59344K->1376K(59904K)] 391804K->333836K(557056K), 0.0025501 secs] [Times: user=0.01 sys=0.00, real=0.01 secs] 
829.903: [GC (Allocation Failure) [PSYoungGen: 59232K->1408K(59904K)] 391692K->333868K(557056K), 0.0020306 secs] [Times: user=0.00 sys=0.00, real=0.00 secs] 
830.442: [GC (Allocation Failure) [PSYoungGen: 59264K->1376K(59904K)] 391724K->333836K(557056K), 0.0022292 secs] [Times: user=0.00 sys=0.00, real=0.00 secs] 
830.942: [GC (Allocation Failure) [PSYoungGen: 59232K->1376K(59904K)] 391692K->333836K(557056K), 0.0026305 secs] [Times: user=0.01 sys=0.00, real=0.00 secs] 
831.456: [GC (Allocation Failure) [PSYoungGen: 59232K->1376K(59904K)] 391692K->333836K(557056K), 0.0024826 secs] [Times: user=0.01 sys=0.00, real=0.00 secs] 
831.880: [GC (Allocation Failure) [PSYoungGen: 59214K->1517K(59904K)] 391675K->333978K(557056K), 0.0016959 secs] [Times: user=0.01 sys=0.00, real=0.01 secs] 
832.216: [GC (Allocation Failure) [PSYoungGen: 59373K->1517K(59904K)] 391834K->333986K(557056K), 0.0014975 secs] [Times: user=0.00 sys=0.00, real=0.00 secs] 
832.552: [GC (Allocation Failure) [PSYoungGen: 59373K->1565K(59904K)] 391842K->334034K(557056K), 0.0015239 secs] [Times: user=0.00 sys=0.00, real=0.00 secs] 
832.889: [GC (Allocation Failure) [PSYoungGen: 59421K->1549K(59904K)] 391890K->334018K(557056K), 0.0015226 secs] [Times: user=0.00 sys=0.00, real=0.00 secs] 
833.313: [GC (Allocation Failure) [PSYoungGen: 59405K->1440K(59904K)] 391874K->333908K(557056K), 0.0019654 secs] [Times: user=0.00 sys=0.00, real=0.00 secs] 
833.554: [GC (Allocation Failure) [PSYoungGen: 59296K->1376K(59904K)] 391764K->333844K(557056K), 0.0019075 secs] [Times: user=0.01 sys=0.00, real=0.00 secs] 
833.841: [GC (Allocation Failure) [PSYoungGen: 59232K->1440K(59904K)] 391700K->333908K(557056K), 0.0019911 secs] [Times: user=0.01 sys=0.00, real=0.01 secs] 
834.083: [GC (Allocation Failure) [PSYoungGen: 59296K->1376K(59904K)] 391764K->333860K(557056K), 0.0019098 secs] [Times: user=0.00 sys=0.00, real=0.00 secs] 
834.325: [GC (Allocation Failure) [PSYoungGen: 59232K->1392K(59904K)] 391716K->333876K(557056K), 0.0017762 secs] [Times: user=0.00 sys=0.00, real=0.00 secs] 
834.724: [GC (Allocation Failure) [PSYoungGen: 59248K->1533K(59904K)] 391732K->334018K(557056K), 0.0015574 secs] [Times: user=0.01 sys=0.00, real=0.00 secs] 
835.063: [GC (Allocation Failure) [PSYoungGen: 59363K->1520K(59904K)] 391848K->334028K(557056K), 0.0016168 secs] [Times: user=0.01 sys=0.00, real=0.00 secs] 
835.399: [GC (Allocation Failure) [PSYoungGen: 59376K->1552K(59904K)] 391884K->334060K(557056K), 0.0016432 secs] [Times: user=0.01 sys=0.00, real=0.00 secs] 
835.737: [GC (Allocation Failure) [PSYoungGen: 59408K->1565K(59904K)] 391916K->334074K(557056K), 0.0015791 secs] [Times: user=0.01 sys=0.00, real=0.00 secs] 
836.401: [GC (Allocation Failure) [PSYoungGen: 59421K->1440K(59904K)] 391930K->333948K(557056K), 0.0022653 secs] [Times: user=0.01 sys=0.00, real=0.01 secs] 
836.991: [GC (Allocation Failure) [PSYoungGen: 59296K->1392K(59904K)] 391804K->333900K(557056K), 0.0025433 secs] [Times: user=0.01 sys=0.00, real=0.01 secs] 
837.582: [GC (Allocation Failure) [PSYoungGen: 59248K->1376K(59904K)] 391756K->333884K(557056K), 0.0024729 secs] [Times: user=0.00 sys=0.00, real=0.00 secs] 
838.186: [GC (Allocation Failure) [PSYoungGen: 59232K->1376K(59904K)] 391740K->333884K(557056K), 0.0026464 secs] [Times: user=0.01 sys=0.00, real=0.00 secs] 
838.818: [GC (Allocation Failure) [PSYoungGen: 59232K->1376K(59904K)] 391740K->333884K(557056K), 0.0037533 secs] [Times: user=0.01 sys=0.00, real=0.01 secs] 
839.341: [GC (Allocation Failure) [PSYoungGen: 59232K->1504K(59904K)] 391740K->334012K(557056K), 0.0016170 secs] [Times: user=0.01 sys=0.00, real=0.01 secs] 
839.680: [GC (Allocation Failure) [PSYoungGen: 59360K->1533K(59904K)] 391868K->334050K(557056K), 0.0015290 secs] [Times: user=0.00 sys=0.00, real=0.00 secs] 
840.018: [GC (Allocation Failure) [PSYoungGen: 59389K->1568K(59904K)] 391906K->334084K(557056K), 0.0016038 secs] [Times: user=0.00 sys=0.00, real=0.00 secs] 
840.355: [GC (Allocation Failure) [PSYoungGen: 59424K->1552K(59904K)] 391940K->334068K(557056K), 0.0015042 secs] [Times: user=0.01 sys=0.00, real=0.00 secs] 
840.791: [GC (Allocation Failure) [PSYoungGen: 59408K->1440K(59904K)] 391924K->333956K(557056K), 0.0018661 secs] [Times: user=0.01 sys=0.00, real=0.01 secs] 
841.338: [GC (Allocation Failure) [PSYoungGen: 59296K->1392K(59904K)] 391812K->333908K(557056K), 0.0019357 secs] [Times: user=0.00 sys=0.00, real=0.00 secs] 
841.836: [GC (Allocation Failure) [PSYoungGen: 59248K->1408K(59904K)] 391764K->333924K(557056K), 0.0019737 secs] [Times: user=0.01 sys=0.00, real=0.00 secs] 
842.269: [GC (Allocation Failure) [PSYoungGen: 59264K->1376K(59904K)] 391780K->333892K(557056K), 0.0020410 secs] [Times: user=0.01 sys=0.00, real=0.00 secs] 
842.671: [GC (Allocation Failure) [PSYoungGen: 59232K->1408K(59904K)] 391748K->333924K(557056K), 0.0025843 secs] [Times: user=0.01 sys=0.00, real=0.01 secs] 
843.146: [GC (Allocation Failure) [PSYoungGen: 59264K->1520K(59904K)] 391780K->334036K(557056K), 0.0016386 secs] [Times: user=0.01 sys=0.00, real=0.00 secs] 
843.485: [GC (Allocation Failure) [PSYoungGen: 59367K->1552K(59904K)] 391883K->334084K(557056K), 0.0016676 secs] [Times: user=0.00 sys=0.00, real=0.00 secs] 
843.824: [GC (Allocation Failure) [PSYoungGen: 59408K->1456K(59904K)] 391940K->333988K(557056K), 0.0016356 secs] [Times: user=0.00 sys=0.00, real=0.00 secs] 
844.159: [GC (Allocation Failure) [PSYoungGen: 59312K->1552K(59904K)] 391844K->334084K(557056K), 0.0015568 secs] [Times: user=0.00 sys=0.00, real=0.00 secs] 
844.754: [GC (Allocation Failure) [PSYoungGen: 59408K->1456K(59904K)] 391940K->333996K(557056K), 0.0017640 secs] [Times: user=0.01 sys=0.00, real=0.00 secs] 
845.455: [GC (Allocation Failure) [PSYoungGen: 59312K->1376K(59904K)] 391852K->333916K(557056K), 0.0017805 secs] [Times: user=0.01 sys=0.00, real=0.00 secs] 
846.174: [GC (Allocation Failure) [PSYoungGen: 59232K->1376K(59904K)] 391772K->333916K(557056K), 0.0020106 secs] [Times: user=0.01 sys=0.00, real=0.00 secs] 
846.905: [GC (Allocation Failure) [PSYoungGen: 59232K->1392K(59904K)] 391772K->333932K(557056K), 0.0025161 secs] [Times: user=0.01 sys=0.00, real=0.00 secs] 
847.324: [GC (Allocation Failure) [PSYoungGen: 59248K->1376K(59904K)] 391788K->333916K(557056K), 0.0021582 secs] [Times: user=0.00 sys=0.00, real=0.00 secs] 
847.757: [GC (Allocation Failure) [PSYoungGen: 59232K->1488K(59904K)] 391772K->334036K(557056K), 0.0014462 secs] [Times: user=0.00 sys=0.00, real=0.00 secs] 
848.096: [GC (Allocation Failure) [PSYoungGen: 59313K->1520K(59904K)] 391862K->334076K(557056K), 0.0016587 secs] [Times: user=0.01 sys=0.00, real=0.00 secs] 
848.434: [GC (Allocation Failure) [PSYoungGen: 59376K->1549K(59904K)] 391932K->334106K(557056K), 0.0015612 secs] [Times: user=0.00 sys=0.00, real=0.00 secs] 
848.771: [GC (Allocation Failure) [PSYoungGen: 59405K->1501K(59904K)] 391962K->334058K(557056K), 0.0014748 secs] [Times: user=0.00 sys=0.00, real=0.01 secs] 
849.113: [GC (Allocation Failure) [PSYoungGen: 59357K->1456K(59904K)] 391914K->334012K(557056K), 0.0018734 secs] [Times: user=0.01 sys=0.00, real=0.00 secs] 
849.353: [GC (Allocation Failure) [PSYoungGen: 59312K->1376K(59904K)] 391868K->333932K(557056K), 0.0017919 secs] [Times: user=0.01 sys=0.00, real=0.00 secs] 
849.617: [GC (Allocation Failure) [PSYoungGen: 59232K->1344K(59904K)] 391788K->333900K(557056K), 0.0017338 secs] [Times: user=0.01 sys=0.00, real=0.00 secs] 
849.858: [GC (Allocation Failure) [PSYoungGen: 59200K->1376K(59904K)] 391756K->333932K(557056K), 0.0016485 secs] [Times: user=0.00 sys=0.00, real=0.00 secs] 
850.263: [GC (Allocation Failure) [PSYoungGen: 59232K->1376K(59904K)] 391788K->333932K(557056K), 0.0017727 secs] [Times: user=0.00 sys=0.00, real=0.00 secs] 
851.086: [GC (Allocation Failure) [PSYoungGen: 59231K->1517K(59904K)] 391787K->334074K(557056K), 0.0015443 secs] [Times: user=0.00 sys=0.00, real=0.00 secs] 
851.480: [GC (Allocation Failure) [PSYoungGen: 59373K->1552K(59904K)] 391930K->334116K(557056K), 0.0017542 secs] [Times: user=0.01 sys=0.00, real=0.01 secs] 
851.817: [GC (Allocation Failure) [PSYoungGen: 59408K->1520K(59904K)] 391972K->334084K(557056K), 0.0017248 secs] [Times: user=0.00 sys=0.00, real=0.00 secs] 
852.214: [GC (Allocation Failure) [PSYoungGen: 59376K->1485K(59904K)] 391940K->334050K(557056K), 0.0015759 secs] [Times: user=0.01 sys=0.00, real=0.00 secs] 
852.667: [GC (Allocation Failure) [PSYoungGen: 59341K->1456K(59904K)] 391906K->334020K(557056K), 0.0023397 secs] [Times: user=0.00 sys=0.00, real=0.00 secs] 
853.244: [GC (Allocation Failure) [PSYoungGen: 59312K->1408K(59904K)] 391876K->333980K(557056K), 0.0026112 secs] [Times: user=0.01 sys=0.00, real=0.00 secs] 
853.886: [GC (Allocation Failure) [PSYoungGen: 59264K->1376K(59904K)] 391836K->333948K(557056K), 0.0026078 secs] [Times: user=0.01 sys=0.00, real=0.00 secs] 
854.478: [GC (Allocation Failure) [PSYoungGen: 59232K->1376K(59904K)] 391804K->333948K(557056K), 0.0026600 secs] [Times: user=0.01 sys=0.00, real=0.00 secs] 
855.088: [GC (Allocation Failure) [PSYoungGen: 59232K->1376K(59904K)] 391804K->333964K(557056K), 0.0030126 secs] [Times: user=0.01 sys=0.00, real=0.00 secs] 
855.691: [GC (Allocation Failure) [PSYoungGen: 59200K->1456K(59904K)] 391789K->334052K(557056K), 0.0014911 secs] [Times: user=0.00 sys=0.00, real=0.01 secs] 
856.028: [GC (Allocation Failure) [PSYoungGen: 59312K->1488K(59904K)] 391908K->334100K(557056K), 0.0015381 secs] [Times: user=0.01 sys=0.00, real=0.00 secs] 
856.367: [GC (Allocation Failure) [PSYoungGen: 59344K->1533K(59904K)] 391956K->334154K(557056K), 0.0015712 secs] [Times: user=0.01 sys=0.00, real=0.00 secs] 
856.703: [GC (Allocation Failure) [PSYoungGen: 59389K->1520K(59904K)] 392010K->334140K(557056K), 0.0014866 secs] [Times: user=0.01 sys=0.00, real=0.00 secs] 
857.136: [GC (Allocation Failure) [PSYoungGen: 59376K->1472K(59904K)] 391996K->334092K(557056K), 0.0018934 secs] [Times: user=0.01 sys=0.00, real=0.00 secs] 
857.413: [GC (Allocation Failure) [PSYoungGen: 59328K->1376K(59904K)] 391948K->333996K(557056K), 0.0020574 secs] [Times: user=0.01 sys=0.00, real=0.00 secs] 
857.654: [GC (Allocation Failure) [PSYoungGen: 59232K->1376K(59904K)] 391852K->333996K(557056K), 0.0017523 secs] [Times: user=0.00 sys=0.00, real=0.00 secs] 
857.894: [GC (Allocation Failure) [PSYoungGen: 59232K->1376K(59904K)] 391852K->333996K(557056K), 0.0016826 secs] [Times: user=0.00 sys=0.00, real=0.00 secs] 
858.134: [GC (Allocation Failure) [PSYoungGen: 59232K->1376K(59904K)] 391852K->333996K(557056K), 0.0018708 secs] [Times: user=0.01 sys=0.00, real=0.00 secs] 
858.458: [GC (Allocation Failure) [PSYoungGen: 59232K->1485K(59904K)] 391852K->334106K(557056K), 0.0017283 secs] [Times: user=0.01 sys=0.00, real=0.00 secs] 
858.797: [GC (Allocation Failure) [PSYoungGen: 59316K->1520K(59904K)] 391937K->334148K(557056K), 0.0017251 secs] [Times: user=0.00 sys=0.00, real=0.00 secs] 
859.137: [GC (Allocation Failure) [PSYoungGen: 59376K->1584K(59904K)] 392004K->334212K(557056K), 0.0016603 secs] [Times: user=0.00 sys=0.00, real=0.00 secs] 
859.474: [GC (Allocation Failure) [PSYoungGen: 59440K->1520K(59904K)] 392068K->334148K(557056K), 0.0015997 secs] [Times: user=0.00 sys=0.00, real=0.00 secs] 
860.019: [GC (Allocation Failure) [PSYoungGen: 59376K->1984K(59904K)] 392004K->334612K(557056K), 0.0021555 secs] [Times: user=0.01 sys=0.00, real=0.00 secs] 
860.979: [GC (Allocation Failure) [PSYoungGen: 59840K->1376K(59904K)] 392468K->334004K(557056K), 0.0037805 secs] [Times: user=0.02 sys=0.00, real=0.01 secs] 
861.798: [GC (Allocation Failure) [PSYoungGen: 59232K->1376K(59904K)] 391860K->334004K(557056K), 0.0035047 secs] [Times: user=0.01 sys=0.00, real=0.00 secs] 
862.553: [GC (Allocation Failure) [PSYoungGen: 59232K->1376K(59904K)] 391860K->334004K(557056K), 0.0029356 secs] [Times: user=0.01 sys=0.00, real=0.00 secs] 
863.323: [GC (Allocation Failure) [PSYoungGen: 59232K->1344K(59904K)] 391860K->333972K(557056K), 0.0025786 secs] [Times: user=0.01 sys=0.00, real=0.00 secs] 
863.935: [GC (Allocation Failure) [PSYoungGen: 59200K->1456K(59904K)] 391828K->334084K(557056K), 0.0014788 secs] [Times: user=0.00 sys=0.00, real=0.00 secs] 
864.274: [GC (Allocation Failure) [PSYoungGen: 59287K->1584K(59904K)] 391915K->334220K(557056K), 0.0016758 secs] [Times: user=0.00 sys=0.00, real=0.00 secs] 
864.673: [GC (Allocation Failure) [PSYoungGen: 59440K->1533K(59904K)] 392076K->334170K(557056K), 0.0014702 secs] [Times: user=0.01 sys=0.00, real=0.00 secs] 
865.009: [GC (Allocation Failure) [PSYoungGen: 59389K->1520K(59904K)] 392026K->334156K(557056K), 0.0015812 secs] [Times: user=0.00 sys=0.00, real=0.00 secs] 
865.459: [GC (Allocation Failure) [PSYoungGen: 59376K->1760K(59904K)] 392012K->334396K(557056K), 0.0015627 secs] [Times: user=0.00 sys=0.00, real=0.00 secs] 
865.933: [GC (Allocation Failure) [PSYoungGen: 59616K->1344K(59904K)] 392252K->334004K(557056K), 0.0026164 secs] [Times: user=0.01 sys=0.00, real=0.00 secs] 
866.650: [GC (Allocation Failure) [PSYoungGen: 59200K->1360K(59904K)] 391860K->334020K(557056K), 0.0022312 secs] [Times: user=0.01 sys=0.00, real=0.01 secs] 
867.133: [GC (Allocation Failure) [PSYoungGen: 59216K->1344K(59904K)] 391876K->334004K(557056K), 0.0020888 secs] [Times: user=0.01 sys=0.00, real=0.00 secs] 
867.572: [GC (Allocation Failure) [PSYoungGen: 59200K->1344K(59904K)] 391860K->334004K(557056K), 0.0021533 secs] [Times: user=0.01 sys=0.00, real=0.00 secs] 
868.179: [GC (Allocation Failure) [PSYoungGen: 59200K->1520K(59904K)] 391860K->334180K(557056K), 0.0014245 secs] [Times: user=0.01 sys=0.00, real=0.00 secs] 
868.516: [GC (Allocation Failure) [PSYoungGen: 59376K->1584K(59904K)] 392036K->334252K(557056K), 0.0016282 secs] [Times: user=0.01 sys=0.00, real=0.00 secs] 
868.853: [GC (Allocation Failure) [PSYoungGen: 59410K->1565K(59904K)] 392079K->334234K(557056K), 0.0015804 secs] [Times: user=0.00 sys=0.00, real=0.00 secs] 
869.255: [GC (Allocation Failure) [PSYoungGen: 59421K->1488K(59904K)] 392090K->334156K(557056K), 0.0017024 secs] [Times: user=0.01 sys=0.00, real=0.00 secs] 
869.590: [GC (Allocation Failure) [PSYoungGen: 59344K->416K(59904K)] 392012K->333084K(557056K), 0.0014562 secs] [Times: user=0.00 sys=0.00, real=0.00 secs] 
870.181: [GC (Allocation Failure) [PSYoungGen: 58272K->1344K(59904K)] 390940K->334012K(557056K), 0.0024683 secs] [Times: user=0.01 sys=0.00, real=0.01 secs] 
870.682: [GC (Allocation Failure) [PSYoungGen: 59200K->1360K(59904K)] 391868K->334028K(557056K), 0.0025991 secs] [Times: user=0.01 sys=0.00, real=0.01 secs] 
871.168: [GC (Allocation Failure) [PSYoungGen: 59216K->1328K(59904K)] 391884K->333996K(557056K), 0.0022187 secs] [Times: user=0.01 sys=0.00, real=0.00 secs] 
871.637: [GC (Allocation Failure) [PSYoungGen: 59184K->1376K(59904K)] 391852K->334044K(557056K), 0.0025302 secs] [Times: user=0.01 sys=0.00, real=0.00 secs] 
871.943: [GC (Allocation Failure) [PSYoungGen: 59232K->1488K(59904K)] 391900K->334156K(557056K), 0.0017222 secs] [Times: user=0.00 sys=0.00, real=0.00 secs] 
872.284: [GC (Allocation Failure) [PSYoungGen: 59344K->1584K(59904K)] 392012K->334260K(557056K), 0.0016273 secs] [Times: user=0.00 sys=0.00, real=0.00 secs] 
872.621: [GC (Allocation Failure) [PSYoungGen: 59440K->1552K(59904K)] 392116K->334228K(557056K), 0.0014852 secs] [Times: user=0.01 sys=0.00, real=0.01 secs] 
873.019: [GC (Allocation Failure) [PSYoungGen: 59408K->1517K(59904K)] 392084K->334194K(557056K), 0.0016882 secs] [Times: user=0.01 sys=0.00, real=0.00 secs] 
873.354: [GC (Allocation Failure) [PSYoungGen: 59373K->1552K(59904K)] 392050K->334228K(557056K), 0.0016893 secs] [Times: user=0.00 sys=0.00, real=0.00 secs] 
873.731: [GC (Allocation Failure) [PSYoungGen: 59408K->1376K(59904K)] 392084K->334052K(557056K), 0.0021637 secs] [Times: user=0.00 sys=0.00, real=0.01 secs] 
873.994: [GC (Allocation Failure) [PSYoungGen: 59232K->1328K(59904K)] 391908K->334012K(557056K), 0.0019911 secs] [Times: user=0.01 sys=0.00, real=0.00 secs] 
874.251: [GC (Allocation Failure) [PSYoungGen: 59184K->1328K(59904K)] 391868K->334012K(557056K), 0.0020666 secs] [Times: user=0.01 sys=0.00, real=0.01 secs] 
874.543: [GC (Allocation Failure) [PSYoungGen: 59184K->1344K(59904K)] 391868K->334028K(557056K), 0.0018682 secs] [Times: user=0.00 sys=0.00, real=0.00 secs] 
874.954: [GC (Allocation Failure) [PSYoungGen: 59200K->1488K(59904K)] 391884K->334172K(557056K), 0.0026369 secs] [Times: user=0.01 sys=0.00, real=0.00 secs] 
875.441: [GC (Allocation Failure) [PSYoungGen: 59344K->1533K(59904K)] 392028K->334218K(557056K), 0.0016651 secs] [Times: user=0.01 sys=0.00, real=0.01 secs] 
875.831: [GC (Allocation Failure) [PSYoungGen: 59389K->1488K(59904K)] 392074K->334180K(557056K), 0.0015896 secs] [Times: user=0.01 sys=0.00, real=0.01 secs] 
876.170: [GC (Allocation Failure) [PSYoungGen: 59344K->1488K(59904K)] 392036K->334180K(557056K), 0.0016415 secs] [Times: user=0.01 sys=0.00, real=0.01 secs] 
876.561: [GC (Allocation Failure) [PSYoungGen: 59344K->1520K(59904K)] 392036K->334212K(557056K), 0.0015879 secs] [Times: user=0.00 sys=0.00, real=0.01 secs] 
877.339: [GC (Allocation Failure) [PSYoungGen: 59376K->1376K(59904K)] 392068K->334068K(557056K), 0.0031208 secs] [Times: user=0.01 sys=0.00, real=0.01 secs] 
877.850: [GC (Allocation Failure) [PSYoungGen: 59232K->1408K(59904K)] 391924K->334100K(557056K), 0.0040311 secs] [Times: user=0.02 sys=0.00, real=0.01 secs] 
878.390: [GC (Allocation Failure) [PSYoungGen: 59264K->1376K(59904K)] 391956K->334068K(557056K), 0.0024620 secs] [Times: user=0.01 sys=0.00, real=0.01 secs] 
879.089: [GC (Allocation Failure) [PSYoungGen: 59232K->1376K(59904K)] 391924K->334068K(557056K), 0.0035601 secs] [Times: user=0.01 sys=0.00, real=0.01 secs] 
879.540: [GC (Allocation Failure) [PSYoungGen: 59232K->1376K(59904K)] 391924K->334068K(557056K), 0.0025496 secs] [Times: user=0.01 sys=0.00, real=0.01 secs] 
880.030: [GC (Allocation Failure) [PSYoungGen: 59211K->1488K(59904K)] 391903K->334180K(557056K), 0.0016200 secs] [Times: user=0.01 sys=0.00, real=0.01 secs] 
880.366: [GC (Allocation Failure) [PSYoungGen: 59344K->1520K(59904K)] 392036K->334228K(557056K), 0.0015978 secs] [Times: user=0.01 sys=0.00, real=0.00 secs] 
880.702: [GC (Allocation Failure) [PSYoungGen: 59376K->1616K(59904K)] 392084K->334324K(557056K), 0.0015509 secs] [Times: user=0.01 sys=0.00, real=0.00 secs] 
881.040: [GC (Allocation Failure) [PSYoungGen: 59472K->1520K(59904K)] 392180K->334228K(557056K), 0.0016205 secs] [Times: user=0.00 sys=0.00, real=0.01 secs] 
881.615: [GC (Allocation Failure) [PSYoungGen: 59376K->1424K(59904K)] 392084K->334132K(557056K), 0.0016690 secs] [Times: user=0.00 sys=0.00, real=0.00 secs] 
882.446: [GC (Allocation Failure) [PSYoungGen: 59280K->1376K(59904K)] 391988K->334084K(557056K), 0.0035496 secs] [Times: user=0.01 sys=0.00, real=0.00 secs] 
883.348: [GC (Allocation Failure) [PSYoungGen: 59232K->1344K(59904K)] 391940K->334052K(557056K), 0.0040571 secs] [Times: user=0.02 sys=0.00, real=0.01 secs] 
884.250: [GC (Allocation Failure) [PSYoungGen: 59200K->1376K(59904K)] 391908K->334084K(557056K), 0.0043944 secs] [Times: user=0.02 sys=0.00, real=0.01 secs] 
884.907: [GC (Allocation Failure) [PSYoungGen: 59232K->1344K(59904K)] 391940K->334052K(557056K), 0.0033627 secs] [Times: user=0.02 sys=0.00, real=0.00 secs] 
885.391: [GC (Allocation Failure) [PSYoungGen: 59200K->1488K(59904K)] 391908K->334196K(557056K), 0.0014760 secs] [Times: user=0.01 sys=0.00, real=0.01 secs] 
885.729: [GC (Allocation Failure) [PSYoungGen: 59314K->1549K(59904K)] 392023K->334274K(557056K), 0.0015848 secs] [Times: user=0.01 sys=0.00, real=0.00 secs] 
886.067: [GC (Allocation Failure) [PSYoungGen: 59405K->1520K(59904K)] 392130K->334244K(557056K), 0.0016519 secs] [Times: user=0.01 sys=0.00, real=0.00 secs] 
886.407: [GC (Allocation Failure) [PSYoungGen: 59376K->1488K(59904K)] 392100K->334236K(557056K), 0.0016361 secs] [Times: user=0.01 sys=0.00, real=0.00 secs] 
886.754: [GC (Allocation Failure) [PSYoungGen: 59344K->1440K(59904K)] 392092K->334188K(557056K), 0.0016519 secs] [Times: user=0.01 sys=0.00, real=0.00 secs] 
887.036: [GC (Allocation Failure) [PSYoungGen: 59296K->1312K(59904K)] 392044K->334060K(557056K), 0.0017313 secs] [Times: user=0.00 sys=0.00, real=0.00 secs] 
887.295: [GC (Allocation Failure) [PSYoungGen: 59168K->1376K(59904K)] 391916K->334124K(557056K), 0.0016978 secs] [Times: user=0.01 sys=0.00, real=0.00 secs] 
887.585: [GC (Allocation Failure) [PSYoungGen: 59232K->1344K(59904K)] 391980K->334092K(557056K), 0.0015289 secs] [Times: user=0.00 sys=0.00, real=0.00 secs] 
887.835: [GC (Allocation Failure) [PSYoungGen: 59200K->1376K(59904K)] 391948K->334124K(557056K), 0.0017028 secs] [Times: user=0.01 sys=0.00, real=0.00 secs] 
888.179: [GC (Allocation Failure) [PSYoungGen: 59212K->1520K(59904K)] 391961K->334268K(557056K), 0.0015154 secs] [Times: user=0.00 sys=0.00, real=0.00 secs] 
888.520: [GC (Allocation Failure) [PSYoungGen: 59376K->1584K(59904K)] 392124K->334348K(557056K), 0.0016001 secs] [Times: user=0.00 sys=0.00, real=0.01 secs] 
888.863: [GC (Allocation Failure) [PSYoungGen: 59440K->1488K(59904K)] 392204K->334252K(557056K), 0.0016494 secs] [Times: user=0.01 sys=0.00, real=0.00 secs] 
889.200: [GC (Allocation Failure) [PSYoungGen: 59344K->1552K(59904K)] 392108K->334316K(557056K), 0.0015946 secs] [Times: user=0.01 sys=0.00, real=0.01 secs] 
889.617: [GC (Allocation Failure) [PSYoungGen: 59408K->1440K(59904K)] 392172K->334204K(557056K), 0.0020005 secs] [Times: user=0.00 sys=0.00, real=0.00 secs] 
889.884: [GC (Allocation Failure) [PSYoungGen: 59296K->1376K(59904K)] 392060K->334140K(557056K), 0.0018505 secs] [Times: user=0.00 sys=0.00, real=0.00 secs] 
890.359: [GC (Allocation Failure) [PSYoungGen: 59232K->1376K(59904K)] 391996K->334140K(557056K), 0.0021130 secs] [Times: user=0.01 sys=0.00, real=0.00 secs] 
890.812: [GC (Allocation Failure) [PSYoungGen: 59232K->1360K(59904K)] 391996K->334124K(557056K), 0.0020219 secs] [Times: user=0.01 sys=0.00, real=0.00 secs] 
891.292: [GC (Allocation Failure) [PSYoungGen: 59216K->1344K(59904K)] 391980K->334108K(557056K), 0.0019156 secs] [Times: user=0.01 sys=0.00, real=0.00 secs] 
891.690: [GC (Allocation Failure) [PSYoungGen: 59200K->1488K(59904K)] 391964K->334252K(557056K), 0.0016287 secs] [Times: user=0.00 sys=0.00, real=0.00 secs] 
892.028: [GC (Allocation Failure) [PSYoungGen: 59344K->1520K(59904K)] 392108K->334292K(557056K), 0.0016593 secs] [Times: user=0.01 sys=0.00, real=0.00 secs] 
892.366: [GC (Allocation Failure) [PSYoungGen: 59376K->1520K(59904K)] 392148K->334292K(557056K), 0.0016076 secs] [Times: user=0.01 sys=0.00, real=0.00 secs] 
892.702: [GC (Allocation Failure) [PSYoungGen: 59376K->1488K(59904K)] 392148K->334260K(557056K), 0.0016647 secs] [Times: user=0.00 sys=0.00, real=0.00 secs] 
893.444: [GC (Allocation Failure) [PSYoungGen: 59344K->1424K(59904K)] 392116K->334196K(557056K), 0.0022628 secs] [Times: user=0.01 sys=0.00, real=0.00 secs] 
893.683: [GC (Allocation Failure) [PSYoungGen: 59280K->1440K(59904K)] 392052K->334212K(557056K), 0.0018283 secs] [Times: user=0.00 sys=0.00, real=0.00 secs] 
893.924: [GC (Allocation Failure) [PSYoungGen: 59296K->1376K(59904K)] 392068K->334172K(557056K), 0.0018637 secs] [Times: user=0.01 sys=0.00, real=0.00 secs] 
894.164: [GC (Allocation Failure) [PSYoungGen: 59232K->1328K(59904K)] 392028K->334124K(557056K), 0.0018030 secs] [Times: user=0.01 sys=0.00, real=0.00 secs] 
894.404: [GC (Allocation Failure) [PSYoungGen: 59184K->1296K(59904K)] 391980K->334092K(557056K), 0.0018694 secs] [Times: user=0.00 sys=0.00, real=0.00 secs] 
894.744: [GC (Allocation Failure) [PSYoungGen: 59144K->1552K(59904K)] 391940K->334348K(557056K), 0.0015737 secs] [Times: user=0.00 sys=0.00, real=0.00 secs] 
895.081: [GC (Allocation Failure) [PSYoungGen: 59408K->1520K(59904K)] 392204K->334332K(557056K), 0.0014471 secs] [Times: user=0.00 sys=0.00, real=0.01 secs] 
895.472: [GC (Allocation Failure) [PSYoungGen: 59376K->1501K(59904K)] 392188K->334314K(557056K), 0.0014828 secs] [Times: user=0.01 sys=0.00, real=0.00 secs] 
895.808: [GC (Allocation Failure) [PSYoungGen: 59357K->1533K(59904K)] 392170K->334346K(557056K), 0.0016531 secs] [Times: user=0.00 sys=0.00, real=0.00 secs] 
896.399: [GC (Allocation Failure) [PSYoungGen: 59389K->1504K(59904K)] 392202K->334316K(557056K), 0.0024919 secs] [Times: user=0.01 sys=0.00, real=0.00 secs] 
896.805: [GC (Allocation Failure) [PSYoungGen: 59360K->1408K(59904K)] 392172K->334220K(557056K), 0.0021045 secs] [Times: user=0.01 sys=0.00, real=0.00 secs] 
897.435: [GC (Allocation Failure) [PSYoungGen: 59264K->1344K(59904K)] 392076K->334156K(557056K), 0.0024599 secs] [Times: user=0.01 sys=0.00, real=0.00 secs] 
897.961: [GC (Allocation Failure) [PSYoungGen: 59200K->1408K(59904K)] 392012K->334220K(557056K), 0.0022827 secs] [Times: user=0.01 sys=0.00, real=0.01 secs] 
898.595: [GC (Allocation Failure) [PSYoungGen: 59264K->1408K(59904K)] 392076K->334220K(557056K), 0.0022621 secs] [Times: user=0.01 sys=0.00, real=0.00 secs] 
899.644: [GC (Allocation Failure) [PSYoungGen: 59251K->1488K(59904K)] 392064K->334300K(557056K), 0.0016461 secs] [Times: user=0.00 sys=0.00, real=0.00 secs] 
900.041: [GC (Allocation Failure) [PSYoungGen: 59335K->1565K(59904K)] 392148K->334386K(557056K), 0.0015884 secs] [Times: user=0.01 sys=0.00, real=0.01 secs] 
900.377: [GC (Allocation Failure) [PSYoungGen: 59421K->1565K(59904K)] 392242K->334386K(557056K), 0.0014915 secs] [Times: user=0.01 sys=0.00, real=0.00 secs] 
900.713: [GC (Allocation Failure) [PSYoungGen: 59421K->1488K(59904K)] 392242K->334308K(557056K), 0.0015626 secs] [Times: user=0.01 sys=0.01, real=0.00 secs] 
901.365: [GC (Allocation Failure) [PSYoungGen: 59344K->1456K(59904K)] 392164K->334276K(557056K), 0.0022233 secs] [Times: user=0.01 sys=0.00, real=0.00 secs] 
902.147: [GC (Allocation Failure) [PSYoungGen: 59312K->1408K(59904K)] 392132K->334228K(557056K), 0.0026431 secs] [Times: user=0.01 sys=0.00, real=0.00 secs] 
902.724: [GC (Allocation Failure) [PSYoungGen: 59264K->1376K(59904K)] 392084K->334196K(557056K), 0.0022532 secs] [Times: user=0.01 sys=0.00, real=0.00 secs] 
903.218: [GC (Allocation Failure) [PSYoungGen: 59232K->1376K(59904K)] 392052K->334196K(557056K), 0.0023578 secs] [Times: user=0.01 sys=0.00, real=0.00 secs] 
903.682: [GC (Allocation Failure) [PSYoungGen: 59232K->1408K(59904K)] 392052K->334228K(557056K), 0.0020985 secs] [Times: user=0.01 sys=0.00, real=0.00 secs] 
904.092: [GC (Allocation Failure) [PSYoungGen: 59232K->1488K(59904K)] 392053K->334308K(557056K), 0.0015311 secs] [Times: user=0.01 sys=0.00, real=0.00 secs] 
904.429: [GC (Allocation Failure) [PSYoungGen: 59344K->1584K(59904K)] 392164K->334420K(557056K), 0.0017180 secs] [Times: user=0.01 sys=0.00, real=0.00 secs] 
904.767: [GC (Allocation Failure) [PSYoungGen: 59440K->1520K(59904K)] 392276K->334356K(557056K), 0.0016380 secs] [Times: user=0.01 sys=0.00, real=0.00 secs] 
905.103: [GC (Allocation Failure) [PSYoungGen: 59376K->1552K(59904K)] 392212K->334388K(557056K), 0.0015761 secs] [Times: user=0.00 sys=0.00, real=0.00 secs] 
905.562: [GC (Allocation Failure) [PSYoungGen: 59408K->1440K(59904K)] 392244K->334276K(557056K), 0.0017510 secs] [Times: user=0.00 sys=0.00, real=0.00 secs] 
905.850: [GC (Allocation Failure) [PSYoungGen: 59296K->1376K(59904K)] 392132K->334228K(557056K), 0.0016930 secs] [Times: user=0.01 sys=0.00, real=0.01 secs] 
906.090: [GC (Allocation Failure) [PSYoungGen: 59232K->1376K(59904K)] 392084K->334228K(557056K), 0.0020769 secs] [Times: user=0.01 sys=0.00, real=0.01 secs] 
906.379: [GC (Allocation Failure) [PSYoungGen: 59232K->1376K(59904K)] 392084K->334228K(557056K), 0.0019875 secs] [Times: user=0.01 sys=0.00, real=0.00 secs] 
906.642: [GC (Allocation Failure) [PSYoungGen: 59232K->1408K(59904K)] 392084K->334260K(557056K), 0.0018887 secs] [Times: user=0.01 sys=0.00, real=0.00 secs] 
906.954: [GC (Allocation Failure) [PSYoungGen: 59232K->1421K(59904K)] 392084K->334274K(557056K), 0.0015341 secs] [Times: user=0.00 sys=0.00, real=0.00 secs] 
907.290: [GC (Allocation Failure) [PSYoungGen: 59277K->1520K(59904K)] 392130K->334380K(557056K), 0.0016395 secs] [Times: user=0.01 sys=0.00, real=0.01 secs] 
907.628: [GC (Allocation Failure) [PSYoungGen: 59376K->1565K(59904K)] 392236K->334426K(557056K), 0.0015959 secs] [Times: user=0.00 sys=0.00, real=0.00 secs] 
907.965: [GC (Allocation Failure) [PSYoungGen: 59421K->1517K(59904K)] 392282K->334378K(557056K), 0.0015334 secs] [Times: user=0.00 sys=0.00, real=0.00 secs] 
908.384: [GC (Allocation Failure) [PSYoungGen: 59373K->1472K(59904K)] 392234K->334340K(557056K), 0.0019518 secs] [Times: user=0.01 sys=0.00, real=0.00 secs] 
908.673: [GC (Allocation Failure) [PSYoungGen: 59328K->1408K(59904K)] 392196K->334276K(557056K), 0.0019165 secs] [Times: user=0.01 sys=0.00, real=0.00 secs] 
908.976: [GC (Allocation Failure) [PSYoungGen: 59264K->1440K(59904K)] 392132K->334308K(557056K), 0.0027862 secs] [Times: user=0.01 sys=0.00, real=0.00 secs] 
909.220: [GC (Allocation Failure) [PSYoungGen: 59296K->1392K(59904K)] 392164K->334260K(557056K), 0.0026674 secs] [Times: user=0.01 sys=0.00, real=0.01 secs] 
909.580: [GC (Allocation Failure) [PSYoungGen: 59248K->1360K(59904K)] 392116K->334228K(557056K), 0.0023777 secs] [Times: user=0.01 sys=0.00, real=0.01 secs] 
909.964: [GC (Allocation Failure) [PSYoungGen: 59216K->1472K(59904K)] 392084K->334340K(557056K), 0.0015122 secs] [Times: user=0.00 sys=0.00, real=0.00 secs] 
910.303: [GC (Allocation Failure) [PSYoungGen: 59306K->1597K(59904K)] 392175K->334474K(557056K), 0.0016177 secs] [Times: user=0.01 sys=0.00, real=0.00 secs] 
910.641: [GC (Allocation Failure) [PSYoungGen: 59453K->1584K(59904K)] 392330K->334460K(557056K), 0.0015135 secs] [Times: user=0.00 sys=0.00, real=0.01 secs] 
910.977: [GC (Allocation Failure) [PSYoungGen: 59440K->1552K(59904K)] 392316K->334428K(557056K), 0.0016432 secs] [Times: user=0.01 sys=0.00, real=0.00 secs] 
911.414: [GC (Allocation Failure) [PSYoungGen: 59408K->2016K(59904K)] 392284K->334892K(557056K), 0.0018434 secs] [Times: user=0.01 sys=0.00, real=0.00 secs] 
911.672: [GC (Allocation Failure) [PSYoungGen: 59872K->1392K(59904K)] 392748K->334268K(557056K), 0.0018889 secs] [Times: user=0.00 sys=0.00, real=0.00 secs] 
911.951: [GC (Allocation Failure) [PSYoungGen: 59248K->1408K(59904K)] 392124K->334284K(557056K), 0.0020666 secs] [Times: user=0.01 sys=0.00, real=0.01 secs] 
912.192: [GC (Allocation Failure) [PSYoungGen: 59264K->1408K(59904K)] 392140K->334284K(557056K), 0.0018292 secs] [Times: user=0.00 sys=0.00, real=0.00 secs] 
912.464: [GC (Allocation Failure) [PSYoungGen: 59264K->1440K(59904K)] 392140K->334316K(557056K), 0.0019355 secs] [Times: user=0.01 sys=0.00, real=0.00 secs] 
912.778: [GC (Allocation Failure) [PSYoungGen: 59295K->1520K(59904K)] 392172K->334396K(557056K), 0.0014951 secs] [Times: user=0.01 sys=0.00, real=0.00 secs] 
913.114: [GC (Allocation Failure) [PSYoungGen: 59376K->1533K(59904K)] 392252K->334442K(557056K), 0.0015790 secs] [Times: user=0.00 sys=0.00, real=0.00 secs] 
913.452: [GC (Allocation Failure) [PSYoungGen: 59357K->1536K(59904K)] 392266K->334444K(557056K), 0.0014359 secs] [Times: user=0.01 sys=0.00, real=0.00 secs] 
913.791: [GC (Allocation Failure) [PSYoungGen: 59392K->1533K(59904K)] 392300K->334442K(557056K), 0.0016607 secs] [Times: user=0.01 sys=0.00, real=0.01 secs] 
914.159: [GC (Allocation Failure) [PSYoungGen: 59389K->1760K(59904K)] 392298K->334676K(557056K), 0.0017370 secs] [Times: user=0.01 sys=0.00, real=0.00 secs] 
914.398: [GC (Allocation Failure) [PSYoungGen: 59616K->1360K(59904K)] 392532K->334276K(557056K), 0.0016082 secs] [Times: user=0.01 sys=0.00, real=0.00 secs] 
914.638: [GC (Allocation Failure) [PSYoungGen: 59216K->1408K(59904K)] 392132K->334332K(557056K), 0.0016712 secs] [Times: user=0.01 sys=0.00, real=0.00 secs] 
914.878: [GC (Allocation Failure) [PSYoungGen: 59264K->1408K(59904K)] 392188K->334332K(557056K), 0.0017356 secs] [Times: user=0.00 sys=0.00, real=0.00 secs] 
915.204: [GC (Allocation Failure) [PSYoungGen: 59264K->1344K(59904K)] 392188K->334268K(557056K), 0.0018380 secs] [Times: user=0.01 sys=0.00, real=0.00 secs] 
915.510: [GC (Allocation Failure) [PSYoungGen: 59191K->1520K(59904K)] 392116K->334444K(557056K), 0.0014810 secs] [Times: user=0.01 sys=0.00, real=0.00 secs] 
915.846: [GC (Allocation Failure) [PSYoungGen: 59376K->1568K(59904K)] 392300K->334508K(557056K), 0.0014648 secs] [Times: user=0.01 sys=0.00, real=0.00 secs] 
916.184: [GC (Allocation Failure) [PSYoungGen: 59406K->1565K(59904K)] 392347K->334506K(557056K), 0.0015898 secs] [Times: user=0.01 sys=0.00, real=0.00 secs] 
916.524: [GC (Allocation Failure) [PSYoungGen: 59421K->1549K(59904K)] 392362K->334490K(557056K), 0.0014500 secs] [Times: user=0.01 sys=0.00, real=0.00 secs] 
916.860: [GC (Allocation Failure) [PSYoungGen: 59315K->288K(59904K)] 392256K->333228K(557056K), 0.0016425 secs] [Times: user=0.01 sys=0.00, real=0.01 secs] 
917.446: [GC (Allocation Failure) [PSYoungGen: 58144K->1376K(59904K)] 391084K->334316K(557056K), 0.0017688 secs] [Times: user=0.01 sys=0.00, real=0.00 secs] 
917.944: [GC (Allocation Failure) [PSYoungGen: 59232K->1376K(59904K)] 392172K->334316K(557056K), 0.0019726 secs] [Times: user=0.00 sys=0.00, real=0.00 secs] 
918.419: [GC (Allocation Failure) [PSYoungGen: 59232K->1376K(59904K)] 392172K->334316K(557056K), 0.0019782 secs] [Times: user=0.01 sys=0.00, real=0.00 secs] 
918.893: [GC (Allocation Failure) [PSYoungGen: 59232K->1344K(59904K)] 392172K->334284K(557056K), 0.0018637 secs] [Times: user=0.01 sys=0.00, real=0.00 secs] 
919.268: [GC (Allocation Failure) [PSYoungGen: 59200K->1440K(59904K)] 392140K->334380K(557056K), 0.0025269 secs] [Times: user=0.01 sys=0.00, real=0.00 secs] 
919.614: [GC (Allocation Failure) [PSYoungGen: 59276K->1584K(59904K)] 392217K->334540K(557056K), 0.0016645 secs] [Times: user=0.01 sys=0.00, real=0.00 secs] 
919.951: [GC (Allocation Failure) [PSYoungGen: 59440K->1549K(59904K)] 392396K->334506K(557056K), 0.0016144 secs] [Times: user=0.01 sys=0.00, real=0.01 secs] 
920.290: [GC (Allocation Failure) [PSYoungGen: 59405K->1552K(59904K)] 392362K->334508K(557056K), 0.0016476 secs] [Times: user=0.01 sys=0.00, real=0.00 secs] 
920.627: [GC (Allocation Failure) [PSYoungGen: 59408K->1517K(59904K)] 392364K->334474K(557056K), 0.0015547 secs] [Times: user=0.00 sys=0.01, real=0.00 secs] 
921.078: [GC (Allocation Failure) [PSYoungGen: 59373K->1408K(59904K)] 392330K->334372K(557056K), 0.0018083 secs] [Times: user=0.00 sys=0.00, real=0.00 secs] 
921.506: [GC (Allocation Failure) [PSYoungGen: 59264K->1376K(59904K)] 392228K->334340K(557056K), 0.0037342 secs] [Times: user=0.02 sys=0.00, real=0.00 secs] 
921.933: [GC (Allocation Failure) [PSYoungGen: 59232K->1408K(59904K)] 392196K->334372K(557056K), 0.0025328 secs] [Times: user=0.01 sys=0.00, real=0.00 secs] 
922.380: [GC (Allocation Failure) [PSYoungGen: 59264K->1392K(59904K)] 392228K->334356K(557056K), 0.0025527 secs] [Times: user=0.01 sys=0.00, real=0.01 secs] 
923.195: [GC (Allocation Failure) [PSYoungGen: 59248K->1469K(59904K)] 392212K->334434K(557056K), 0.0023928 secs] [Times: user=0.01 sys=0.00, real=0.00 secs] 
923.598: [GC (Allocation Failure) [PSYoungGen: 59325K->1533K(59904K)] 392290K->334506K(557056K), 0.0016600 secs] [Times: user=0.01 sys=0.00, real=0.00 secs] 
923.937: [GC (Allocation Failure) [PSYoungGen: 59385K->1488K(59904K)] 392358K->334468K(557056K), 0.0017336 secs] [Times: user=0.01 sys=0.00, real=0.00 secs] 
924.275: [GC (Allocation Failure) [PSYoungGen: 59344K->1517K(59904K)] 392324K->334498K(557056K), 0.0015683 secs] [Times: user=0.00 sys=0.00, real=0.00 secs] 
924.673: [GC (Allocation Failure) [PSYoungGen: 59373K->1488K(59904K)] 392354K->334492K(557056K), 0.0016606 secs] [Times: user=0.01 sys=0.00, real=0.00 secs] 
925.387: [GC (Allocation Failure) [PSYoungGen: 59344K->1424K(59904K)] 392348K->334428K(557056K), 0.0023173 secs] [Times: user=0.01 sys=0.00, real=0.00 secs] 
925.959: [GC (Allocation Failure) [PSYoungGen: 59280K->1408K(59904K)] 392284K->334412K(557056K), 0.0027552 secs] [Times: user=0.00 sys=0.00, real=0.00 secs] 
926.252: [GC (Allocation Failure) [PSYoungGen: 59264K->1440K(59904K)] 392268K->334444K(557056K), 0.0020081 secs] [Times: user=0.01 sys=0.00, real=0.00 secs] 
926.519: [GC (Allocation Failure) [PSYoungGen: 59296K->1376K(59904K)] 392300K->334380K(557056K), 0.0019382 secs] [Times: user=0.01 sys=0.00, real=0.00 secs] 
926.800: [GC (Allocation Failure) [PSYoungGen: 59232K->1376K(59904K)] 392236K->334380K(557056K), 0.0019566 secs] [Times: user=0.01 sys=0.00, real=0.00 secs] 
927.202: [GC (Allocation Failure) [PSYoungGen: 59210K->1533K(59904K)] 392214K->334538K(557056K), 0.0015484 secs] [Times: user=0.01 sys=0.00, real=0.00 secs] 
927.538: [GC (Allocation Failure) [PSYoungGen: 59389K->1488K(59904K)] 392394K->334500K(557056K), 0.0016487 secs] [Times: user=0.01 sys=0.00, real=0.00 secs] 
927.936: [GC (Allocation Failure) [PSYoungGen: 59344K->1549K(59904K)] 392356K->334562K(557056K), 0.0017097 secs] [Times: user=0.01 sys=0.00, real=0.00 secs] 
928.272: [GC (Allocation Failure) [PSYoungGen: 59405K->1520K(59904K)] 392418K->334532K(557056K), 0.0017673 secs] [Times: user=0.00 sys=0.00, real=0.00 secs] 
928.997: [GC (Allocation Failure) [PSYoungGen: 59376K->1408K(59904K)] 392388K->334428K(557056K), 0.0028930 secs] [Times: user=0.01 sys=0.00, real=0.00 secs] 
929.325: [GC (Allocation Failure) [PSYoungGen: 59264K->1360K(59904K)] 392284K->334380K(557056K), 0.0018256 secs] [Times: user=0.01 sys=0.00, real=0.00 secs] 
929.565: [GC (Allocation Failure) [PSYoungGen: 59216K->1408K(59904K)] 392236K->334428K(557056K), 0.0018920 secs] [Times: user=0.00 sys=0.00, real=0.00 secs] 
929.805: [GC (Allocation Failure) [PSYoungGen: 59264K->1312K(59904K)] 392284K->334332K(557056K), 0.0019389 secs] [Times: user=0.00 sys=0.00, real=0.00 secs] 
930.046: [GC (Allocation Failure) [PSYoungGen: 59168K->1376K(59904K)] 392188K->334396K(557056K), 0.0018212 secs] [Times: user=0.00 sys=0.00, real=0.00 secs] 
930.400: [GC (Allocation Failure) [PSYoungGen: 59209K->1533K(59904K)] 392230K->334554K(557056K), 0.0016235 secs] [Times: user=0.01 sys=0.00, real=0.00 secs] 
930.736: [GC (Allocation Failure) [PSYoungGen: 59389K->1549K(59904K)] 392410K->334578K(557056K), 0.0015440 secs] [Times: user=0.01 sys=0.00, real=0.00 secs] 
931.074: [GC (Allocation Failure) [PSYoungGen: 59405K->1517K(59904K)] 392434K->334546K(557056K), 0.0015858 secs] [Times: user=0.01 sys=0.00, real=0.00 secs] 
931.413: [GC (Allocation Failure) [PSYoungGen: 59373K->1520K(59904K)] 392402K->334548K(557056K), 0.0016439 secs] [Times: user=0.01 sys=0.00, real=0.00 secs] 
932.133: [GC (Allocation Failure) [PSYoungGen: 59376K->1408K(59904K)] 392404K->334436K(557056K), 0.0017068 secs] [Times: user=0.00 sys=0.00, real=0.00 secs] 
932.864: [GC (Allocation Failure) [PSYoungGen: 59264K->1376K(59904K)] 392292K->334404K(557056K), 0.0026774 secs] [Times: user=0.01 sys=0.00, real=0.00 secs] 
933.409: [GC (Allocation Failure) [PSYoungGen: 59232K->1376K(59904K)] 392260K->334404K(557056K), 0.0023788 secs] [Times: user=0.01 sys=0.00, real=0.00 secs] 
933.882: [GC (Allocation Failure) [PSYoungGen: 59232K->1376K(59904K)] 392260K->334404K(557056K), 0.0022147 secs] [Times: user=0.00 sys=0.00, real=0.00 secs] 
934.360: [GC (Allocation Failure) [PSYoungGen: 59232K->1376K(59904K)] 392260K->334404K(557056K), 0.0027266 secs] [Times: user=0.01 sys=0.00, real=0.01 secs] 
934.958: [GC (Allocation Failure) [PSYoungGen: 59221K->1488K(59904K)] 392249K->334540K(557056K), 0.0016031 secs] [Times: user=0.01 sys=0.00, real=0.00 secs] 
935.360: [GC (Allocation Failure) [PSYoungGen: 59344K->1517K(59904K)] 392396K->334578K(557056K), 0.0016410 secs] [Times: user=0.00 sys=0.00, real=0.01 secs] 
935.698: [GC (Allocation Failure) [PSYoungGen: 59373K->1520K(59904K)] 392434K->334580K(557056K), 0.0016165 secs] [Times: user=0.00 sys=0.00, real=0.00 secs] 
936.095: [GC (Allocation Failure) [PSYoungGen: 59376K->1488K(59904K)] 392436K->334548K(557056K), 0.0015899 secs] [Times: user=0.00 sys=0.00, real=0.00 secs] 
936.526: [GC (Allocation Failure) [PSYoungGen: 59344K->1408K(59904K)] 392404K->334468K(557056K), 0.0034270 secs] [Times: user=0.02 sys=0.00, real=0.00 secs] 
937.001: [GC (Allocation Failure) [PSYoungGen: 59264K->1408K(59904K)] 392324K->334468K(557056K), 0.0029920 secs] [Times: user=0.01 sys=0.00, real=0.01 secs] 
937.483: [GC (Allocation Failure) [PSYoungGen: 59264K->1376K(59904K)] 392324K->334436K(557056K), 0.0024683 secs] [Times: user=0.01 sys=0.01, real=0.00 secs] 
938.028: [GC (Allocation Failure) [PSYoungGen: 59232K->1376K(59904K)] 392292K->334436K(557056K), 0.0022523 secs] [Times: user=0.01 sys=0.00, real=0.00 secs] 
938.756: [GC (Allocation Failure) [PSYoungGen: 59232K->1376K(59904K)] 392292K->334436K(557056K), 0.0027315 secs] [Times: user=0.01 sys=0.00, real=0.00 secs] 
939.269: [GC (Allocation Failure) [PSYoungGen: 59232K->1501K(59904K)] 392292K->334562K(557056K), 0.0013839 secs] [Times: user=0.00 sys=0.00, real=0.00 secs] 
939.608: [GC (Allocation Failure) [PSYoungGen: 59331K->1520K(59904K)] 392392K->334588K(557056K), 0.0015518 secs] [Times: user=0.01 sys=0.00, real=0.00 secs] 
939.954: [GC (Allocation Failure) [PSYoungGen: 59376K->1549K(59904K)] 392444K->334618K(557056K), 0.0016612 secs] [Times: user=0.01 sys=0.00, real=0.00 secs] 
940.290: [GC (Allocation Failure) [PSYoungGen: 59405K->1584K(59904K)] 392474K->334652K(557056K), 0.0015887 secs] [Times: user=0.01 sys=0.00, real=0.00 secs] 
940.633: [GC (Allocation Failure) [PSYoungGen: 59440K->1488K(59904K)] 392508K->334564K(557056K), 0.0015871 secs] [Times: user=0.01 sys=0.00, real=0.00 secs] 
940.885: [GC (Allocation Failure) [PSYoungGen: 59344K->1376K(59904K)] 392420K->334452K(557056K), 0.0016202 secs] [Times: user=0.01 sys=0.00, real=0.00 secs] 
941.202: [GC (Allocation Failure) [PSYoungGen: 59232K->1408K(59904K)] 392308K->334484K(557056K), 0.0018071 secs] [Times: user=0.01 sys=0.00, real=0.00 secs] 
941.478: [GC (Allocation Failure) [PSYoungGen: 59264K->1408K(59904K)] 392340K->334484K(557056K), 0.0025629 secs] [Times: user=0.01 sys=0.00, real=0.00 secs] 
941.802: [GC (Allocation Failure) [PSYoungGen: 59264K->1408K(59904K)] 392340K->334484K(557056K), 0.0017850 secs] [Times: user=0.01 sys=0.00, real=0.00 secs] 
942.156: [GC (Allocation Failure) [PSYoungGen: 59261K->1520K(59904K)] 392338K->334596K(557056K), 0.0014990 secs] [Times: user=0.00 sys=0.00, real=0.00 secs] 
942.493: [GC (Allocation Failure) [PSYoungGen: 59376K->1533K(59904K)] 392452K->334618K(557056K), 0.0016648 secs] [Times: user=0.00 sys=0.00, real=0.00 secs] 
942.832: [GC (Allocation Failure) [PSYoungGen: 59389K->1520K(59904K)] 392474K->334604K(557056K), 0.0016840 secs] [Times: user=0.00 sys=0.00, real=0.00 secs] 
943.169: [GC (Allocation Failure) [PSYoungGen: 59376K->1536K(59904K)] 392460K->334620K(557056K), 0.0016761 secs] [Times: user=0.01 sys=0.00, real=0.00 secs] 
943.501: [GC (Allocation Failure) [PSYoungGen: 59392K->1472K(59904K)] 392476K->334556K(557056K), 0.0015494 secs] [Times: user=0.01 sys=0.00, real=0.01 secs] 
943.740: [GC (Allocation Failure) [PSYoungGen: 59328K->1408K(59904K)] 392412K->334516K(557056K), 0.0015200 secs] [Times: user=0.00 sys=0.01, real=0.01 secs] 
943.980: [GC (Allocation Failure) [PSYoungGen: 59264K->1376K(59904K)] 392372K->334484K(557056K), 0.0014286 secs] [Times: user=0.00 sys=0.01, real=0.01 secs] 
944.220: [GC (Allocation Failure) [PSYoungGen: 59232K->1312K(59904K)] 392340K->334420K(557056K), 0.0014703 secs] [Times: user=0.01 sys=0.00, real=0.00 secs] 
944.460: [GC (Allocation Failure) [PSYoungGen: 59168K->1424K(59904K)] 392276K->334532K(557056K), 0.0016192 secs] [Times: user=0.01 sys=0.00, real=0.00 secs] 
944.776: [GC (Allocation Failure) [PSYoungGen: 59280K->1552K(59904K)] 392388K->334660K(557056K), 0.0015773 secs] [Times: user=0.00 sys=0.00, real=0.00 secs] 
945.112: [GC (Allocation Failure) [PSYoungGen: 59408K->1520K(59904K)] 392516K->334652K(557056K), 0.0015830 secs] [Times: user=0.00 sys=0.00, real=0.00 secs] 
945.450: [GC (Allocation Failure) [PSYoungGen: 59376K->1533K(59904K)] 392508K->334666K(557056K), 0.0016080 secs] [Times: user=0.00 sys=0.00, real=0.00 secs] 
945.787: [GC (Allocation Failure) [PSYoungGen: 59389K->1488K(59904K)] 392522K->334620K(557056K), 0.0015552 secs] [Times: user=0.00 sys=0.00, real=0.00 secs] 
946.086: [GC (Allocation Failure) [PSYoungGen: 59344K->1472K(59904K)] 392476K->334612K(557056K), 0.0016422 secs] [Times: user=0.01 sys=0.00, real=0.00 secs] 
946.325: [GC (Allocation Failure) [PSYoungGen: 59328K->1408K(59904K)] 392468K->334548K(557056K), 0.0015125 secs] [Times: user=0.01 sys=0.00, real=0.00 secs] 
946.570: [GC (Allocation Failure) [PSYoungGen: 59264K->1312K(59904K)] 392404K->334452K(557056K), 0.0027945 secs] [Times: user=0.01 sys=0.00, real=0.01 secs] 
946.807: [GC (Allocation Failure) [PSYoungGen: 59168K->1408K(59904K)] 392308K->334548K(557056K), 0.0021499 secs] [Times: user=0.01 sys=0.00, real=0.00 secs] 
947.052: [GC (Allocation Failure) [PSYoungGen: 59264K->1296K(59904K)] 392404K->334436K(557056K), 0.0024433 secs] [Times: user=0.01 sys=0.00, real=0.00 secs] 
947.417: [GC (Allocation Failure) [PSYoungGen: 59152K->1536K(59904K)] 392292K->334676K(557056K), 0.0014300 secs] [Times: user=0.01 sys=0.00, real=0.00 secs] 
947.754: [GC (Allocation Failure) [PSYoungGen: 59366K->1533K(59904K)] 392507K->334682K(557056K), 0.0015666 secs] [Times: user=0.01 sys=0.00, real=0.00 secs] 
948.091: [GC (Allocation Failure) [PSYoungGen: 59389K->1488K(59904K)] 392538K->334636K(557056K), 0.0014925 secs] [Times: user=0.00 sys=0.00, real=0.01 secs] 
948.427: [GC (Allocation Failure) [PSYoungGen: 59344K->1488K(59904K)] 392492K->334636K(557056K), 0.0016304 secs] [Times: user=0.00 sys=0.00, real=0.00 secs] 
948.766: [GC (Allocation Failure) [PSYoungGen: 59344K->1456K(59904K)] 392492K->334604K(557056K), 0.0017908 secs] [Times: user=0.01 sys=0.00, real=0.00 secs] 
949.006: [GC (Allocation Failure) [PSYoungGen: 59312K->1376K(59904K)] 392460K->334524K(557056K), 0.0017533 secs] [Times: user=0.00 sys=0.00, real=0.00 secs] 
949.246: [GC (Allocation Failure) [PSYoungGen: 59232K->1376K(59904K)] 392380K->334524K(557056K), 0.0016928 secs] [Times: user=0.01 sys=0.00, real=0.00 secs] 
949.487: [GC (Allocation Failure) [PSYoungGen: 59232K->1376K(59904K)] 392380K->334524K(557056K), 0.0020005 secs] [Times: user=0.01 sys=0.00, real=0.00 secs] 
949.728: [GC (Allocation Failure) [PSYoungGen: 59232K->1344K(59904K)] 392380K->334492K(557056K), 0.0019788 secs] [Times: user=0.00 sys=0.00, real=0.00 secs] 
950.063: [GC (Allocation Failure) [PSYoungGen: 59200K->1536K(59904K)] 392348K->334684K(557056K), 0.0013970 secs] [Times: user=0.01 sys=0.00, real=0.00 secs] 
950.404: [GC (Allocation Failure) [PSYoungGen: 59392K->1520K(59904K)] 392540K->334684K(557056K), 0.0015625 secs] [Times: user=0.01 sys=0.00, real=0.00 secs] 
950.800: [GC (Allocation Failure) [PSYoungGen: 59376K->1520K(59904K)] 392540K->334684K(557056K), 0.0015682 secs] [Times: user=0.00 sys=0.00, real=0.00 secs] 
951.137: [GC (Allocation Failure) [PSYoungGen: 59376K->1552K(59904K)] 392540K->334716K(557056K), 0.0017327 secs] [Times: user=0.01 sys=0.00, real=0.00 secs] 
951.517: [GC (Allocation Failure) [PSYoungGen: 59408K->1472K(59904K)] 392572K->334636K(557056K), 0.0019964 secs] [Times: user=0.00 sys=0.00, real=0.00 secs] 
951.922: [GC (Allocation Failure) [PSYoungGen: 59328K->1376K(59904K)] 392492K->334540K(557056K), 0.0025357 secs] [Times: user=0.01 sys=0.00, real=0.00 secs] 
952.360: [GC (Allocation Failure) [PSYoungGen: 59232K->1376K(59904K)] 392396K->334540K(557056K), 0.0026546 secs] [Times: user=0.00 sys=0.00, real=0.01 secs] 
952.823: [GC (Allocation Failure) [PSYoungGen: 59232K->1408K(59904K)] 392396K->334572K(557056K), 0.0026263 secs] [Times: user=0.01 sys=0.00, real=0.00 secs] 
953.421: [GC (Allocation Failure) [PSYoungGen: 59264K->1376K(59904K)] 392428K->334540K(557056K), 0.0026636 secs] [Times: user=0.01 sys=0.00, real=0.01 secs] 
954.088: [GC (Allocation Failure) [PSYoungGen: 59232K->1453K(59904K)] 392396K->334634K(557056K), 0.0016024 secs] [Times: user=0.00 sys=0.00, real=0.00 secs] 
954.488: [GC (Allocation Failure) [PSYoungGen: 59309K->1549K(59904K)] 392490K->334738K(557056K), 0.0016495 secs] [Times: user=0.01 sys=0.00, real=0.00 secs] 
954.825: [GC (Allocation Failure) [PSYoungGen: 59379K->1520K(59904K)] 392568K->334708K(557056K), 0.0015912 secs] [Times: user=0.01 sys=0.00, real=0.00 secs] 
955.163: [GC (Allocation Failure) [PSYoungGen: 59376K->1488K(59904K)] 392564K->334676K(557056K), 0.0015860 secs] [Times: user=0.01 sys=0.00, real=0.00 secs] 
955.515: [GC (Allocation Failure) [PSYoungGen: 59344K->2000K(59904K)] 392532K->335196K(557056K), 0.0019466 secs] [Times: user=0.01 sys=0.00, real=0.00 secs] 
955.778: [GC (Allocation Failure) [PSYoungGen: 59856K->1376K(59904K)] 393052K->334572K(557056K), 0.0019871 secs] [Times: user=0.01 sys=0.00, real=0.00 secs] 
956.032: [GC (Allocation Failure) [PSYoungGen: 59232K->1408K(59904K)] 392428K->334604K(557056K), 0.0019838 secs] [Times: user=0.00 sys=0.00, real=0.00 secs] 
956.420: [GC (Allocation Failure) [PSYoungGen: 59264K->1376K(59904K)] 392460K->334572K(557056K), 0.0018841 secs] [Times: user=0.01 sys=0.00, real=0.01 secs] 
956.832: [GC (Allocation Failure) [PSYoungGen: 59232K->1392K(59904K)] 392428K->334588K(557056K), 0.0019406 secs] [Times: user=0.01 sys=0.00, real=0.00 secs] 
957.283: [GC (Allocation Failure) [PSYoungGen: 59248K->1488K(59904K)] 392444K->334684K(557056K), 0.0015471 secs] [Times: user=0.01 sys=0.00, real=0.00 secs] 
957.621: [GC (Allocation Failure) [PSYoungGen: 59320K->1552K(59904K)] 392517K->334756K(557056K), 0.0016882 secs] [Times: user=0.00 sys=0.00, real=0.01 secs] 
957.957: [GC (Allocation Failure) [PSYoungGen: 59408K->1552K(59904K)] 392612K->334756K(557056K), 0.0015924 secs] [Times: user=0.01 sys=0.00, real=0.00 secs] 
958.295: [GC (Allocation Failure) [PSYoungGen: 59408K->1549K(59904K)] 392612K->334754K(557056K), 0.0015658 secs] [Times: user=0.01 sys=0.00, real=0.00 secs] 
958.832: [GC (Allocation Failure) [PSYoungGen: 59405K->1680K(59904K)] 392610K->334884K(557056K), 0.0019353 secs] [Times: user=0.00 sys=0.00, real=0.00 secs] 
959.343: [GC (Allocation Failure) [PSYoungGen: 59536K->1440K(59904K)] 392740K->334644K(557056K), 0.0017752 secs] [Times: user=0.00 sys=0.00, real=0.00 secs] 
960.038: [GC (Allocation Failure) [PSYoungGen: 59296K->1408K(59904K)] 392500K->334612K(557056K), 0.0026134 secs] [Times: user=0.01 sys=0.00, real=0.00 secs] 
960.437: [GC (Allocation Failure) [PSYoungGen: 59264K->1376K(59904K)] 392468K->334580K(557056K), 0.0024807 secs] [Times: user=0.01 sys=0.00, real=0.00 secs] 
960.841: [GC (Allocation Failure) [PSYoungGen: 59232K->1440K(59904K)] 392436K->334644K(557056K), 0.0026018 secs] [Times: user=0.01 sys=0.00, real=0.01 secs] 
961.333: [GC (Allocation Failure) [PSYoungGen: 59296K->1456K(59904K)] 392500K->334660K(557056K), 0.0017248 secs] [Times: user=0.01 sys=0.00, real=0.00 secs] 
961.693: [GC (Allocation Failure) [PSYoungGen: 59284K->1520K(59904K)] 392489K->334748K(557056K), 0.0015745 secs] [Times: user=0.01 sys=0.00, real=0.00 secs] 
962.031: [GC (Allocation Failure) [PSYoungGen: 59376K->1565K(59904K)] 392604K->334794K(557056K), 0.0016306 secs] [Times: user=0.01 sys=0.00, real=0.01 secs] 
962.368: [GC (Allocation Failure) [PSYoungGen: 59421K->1520K(59904K)] 392650K->334748K(557056K), 0.0015346 secs] [Times: user=0.00 sys=0.00, real=0.00 secs] 
962.763: [GC (Allocation Failure) [PSYoungGen: 59376K->1488K(59904K)] 392604K->334716K(557056K), 0.0017488 secs] [Times: user=0.01 sys=0.00, real=0.00 secs] 
963.060: [GC (Allocation Failure) [PSYoungGen: 59344K->1472K(59904K)] 392572K->334700K(557056K), 0.0018145 secs] [Times: user=0.00 sys=0.00, real=0.01 secs] 
963.301: [GC (Allocation Failure) [PSYoungGen: 59328K->1376K(59904K)] 392556K->334604K(557056K), 0.0019148 secs] [Times: user=0.01 sys=0.00, real=0.01 secs] 
963.541: [GC (Allocation Failure) [PSYoungGen: 59232K->1440K(59904K)] 392460K->334668K(557056K), 0.0018419 secs] [Times: user=0.01 sys=0.00, real=0.01 secs] 
963.908: [GC (Allocation Failure) [PSYoungGen: 59296K->1328K(59904K)] 392524K->334556K(557056K), 0.0020939 secs] [Times: user=0.01 sys=0.00, real=0.00 secs] 
964.368: [GC (Allocation Failure) [PSYoungGen: 59157K->1456K(59904K)] 392386K->334700K(557056K), 0.0018616 secs] [Times: user=0.01 sys=0.00, real=0.00 secs] 
964.706: [GC (Allocation Failure) [PSYoungGen: 59312K->1552K(59904K)] 392556K->334812K(557056K), 0.0016207 secs] [Times: user=0.01 sys=0.00, real=0.00 secs] 
965.043: [GC (Allocation Failure) [PSYoungGen: 59394K->1517K(59904K)] 392655K->334778K(557056K), 0.0015970 secs] [Times: user=0.01 sys=0.00, real=0.00 secs] 
965.381: [GC (Allocation Failure) [PSYoungGen: 59373K->1520K(59904K)] 392634K->334780K(557056K), 0.0016562 secs] [Times: user=0.01 sys=0.00, real=0.01 secs] 
965.717: [GC (Allocation Failure) [PSYoungGen: 59376K->1565K(59904K)] 392636K->334826K(557056K), 0.0016189 secs] [Times: user=0.01 sys=0.00, real=0.00 secs] 
966.000: [GC (Allocation Failure) [PSYoungGen: 59421K->1408K(59904K)] 392682K->334668K(557056K), 0.0015558 secs] [Times: user=0.01 sys=0.00, real=0.00 secs] 
966.240: [GC (Allocation Failure) [PSYoungGen: 59264K->1344K(59904K)] 392524K->334604K(557056K), 0.0017291 secs] [Times: user=0.00 sys=0.00, real=0.01 secs] 
966.480: [GC (Allocation Failure) [PSYoungGen: 59200K->1344K(59904K)] 392460K->334604K(557056K), 0.0016059 secs] [Times: user=0.01 sys=0.00, real=0.01 secs] 
966.720: [GC (Allocation Failure) [PSYoungGen: 59200K->1344K(59904K)] 392460K->334604K(557056K), 0.0023570 secs] [Times: user=0.01 sys=0.00, real=0.01 secs] 
966.998: [GC (Allocation Failure) [PSYoungGen: 59169K->1456K(59904K)] 392430K->334716K(557056K), 0.0018135 secs] [Times: user=0.01 sys=0.00, real=0.00 secs] 
967.353: [GC (Allocation Failure) [PSYoungGen: 59312K->1520K(59904K)] 392572K->334780K(557056K), 0.0015709 secs] [Times: user=0.00 sys=0.00, real=0.00 secs] 
967.691: [GC (Allocation Failure) [PSYoungGen: 59376K->1520K(59904K)] 392636K->334788K(557056K), 0.0015139 secs] [Times: user=0.00 sys=0.00, real=0.01 secs] 
968.027: [GC (Allocation Failure) [PSYoungGen: 59376K->1533K(59904K)] 392644K->334802K(557056K), 0.0015743 secs] [Times: user=0.01 sys=0.00, real=0.00 secs] 
968.364: [GC (Allocation Failure) [PSYoungGen: 59389K->1600K(59904K)] 392658K->334868K(557056K), 0.0015816 secs] [Times: user=0.01 sys=0.00, real=0.00 secs] 
968.896: [GC (Allocation Failure) [PSYoungGen: 59456K->1376K(59904K)] 392724K->334644K(557056K), 0.0025801 secs] [Times: user=0.01 sys=0.00, real=0.00 secs] 
969.143: [GC (Allocation Failure) [PSYoungGen: 59232K->1328K(59904K)] 392500K->334596K(557056K), 0.0022986 secs] [Times: user=0.00 sys=0.00, real=0.00 secs] 
969.379: [GC (Allocation Failure) [PSYoungGen: 59184K->1408K(59904K)] 392452K->334676K(557056K), 0.0020245 secs] [Times: user=0.01 sys=0.00, real=0.00 secs] 
969.619: [GC (Allocation Failure) [PSYoungGen: 59264K->1408K(59904K)] 392532K->334676K(557056K), 0.0018875 secs] [Times: user=0.00 sys=0.00, real=0.00 secs] 
969.859: [GC (Allocation Failure) [PSYoungGen: 59264K->1344K(59904K)] 392532K->334612K(557056K), 0.0017706 secs] [Times: user=0.01 sys=0.00, real=0.00 secs] 
970.218: [GC (Allocation Failure) [PSYoungGen: 59200K->1597K(59904K)] 392468K->334866K(557056K), 0.0017352 secs] [Times: user=0.00 sys=0.00, real=0.00 secs] 
970.562: [GC (Allocation Failure) [PSYoungGen: 59446K->1552K(59904K)] 392715K->334828K(557056K), 0.0015393 secs] [Times: user=0.00 sys=0.00, real=0.00 secs] 
970.903: [GC (Allocation Failure) [PSYoungGen: 59408K->1517K(59904K)] 392684K->334794K(557056K), 0.0014493 secs] [Times: user=0.01 sys=0.00, real=0.00 secs] 
971.239: [GC (Allocation Failure) [PSYoungGen: 59373K->1517K(59904K)] 392650K->334794K(557056K), 0.0016075 secs] [Times: user=0.01 sys=0.00, real=0.00 secs] 
971.894: [GC (Allocation Failure) [PSYoungGen: 59373K->1472K(59904K)] 392650K->334748K(557056K), 0.0031920 secs] [Times: user=0.01 sys=0.00, real=0.00 secs] 
972.555: [GC (Allocation Failure) [PSYoungGen: 59328K->1408K(59904K)] 392604K->334684K(557056K), 0.0032310 secs] [Times: user=0.01 sys=0.00, real=0.00 secs] 
973.058: [GC (Allocation Failure) [PSYoungGen: 59264K->1376K(59904K)] 392540K->334660K(557056K), 0.0027611 secs] [Times: user=0.01 sys=0.00, real=0.00 secs] 
973.329: [GC (Allocation Failure) [PSYoungGen: 59232K->1408K(59904K)] 392516K->334692K(557056K), 0.0018077 secs] [Times: user=0.01 sys=0.00, real=0.00 secs] 
973.569: [GC (Allocation Failure) [PSYoungGen: 59264K->1344K(59904K)] 392548K->334628K(557056K), 0.0019309 secs] [Times: user=0.00 sys=0.00, real=0.00 secs] 
973.921: [GC (Allocation Failure) [PSYoungGen: 59200K->1488K(59904K)] 392484K->334796K(557056K), 0.0015371 secs] [Times: user=0.01 sys=0.00, real=0.01 secs] 
974.259: [GC (Allocation Failure) [PSYoungGen: 59312K->1549K(59904K)] 392620K->334874K(557056K), 0.0015797 secs] [Times: user=0.00 sys=0.00, real=0.00 secs] 
974.657: [GC (Allocation Failure) [PSYoungGen: 59405K->1549K(59904K)] 392730K->334874K(557056K), 0.0016546 secs] [Times: user=0.01 sys=0.00, real=0.00 secs] 
975.054: [GC (Allocation Failure) [PSYoungGen: 59405K->1488K(59904K)] 392730K->334820K(557056K), 0.0016256 secs] [Times: user=0.00 sys=0.00, real=0.00 secs] 
975.378: [GC (Allocation Failure) [PSYoungGen: 59344K->1424K(59904K)] 392676K->334756K(557056K), 0.0021924 secs] [Times: user=0.01 sys=0.00, real=0.00 secs] 
975.618: [GC (Allocation Failure) [PSYoungGen: 59280K->1408K(59904K)] 392612K->334740K(557056K), 0.0018017 secs] [Times: user=0.01 sys=0.00, real=0.00 secs] 
975.859: [GC (Allocation Failure) [PSYoungGen: 59264K->1376K(59904K)] 392596K->334708K(557056K), 0.0019886 secs] [Times: user=0.01 sys=0.00, real=0.00 secs] 
976.099: [GC (Allocation Failure) [PSYoungGen: 59232K->1440K(59904K)] 392564K->334772K(557056K), 0.0017050 secs] [Times: user=0.01 sys=0.00, real=0.00 secs] 
976.339: [GC (Allocation Failure) [PSYoungGen: 59296K->1344K(59904K)] 392628K->334676K(557056K), 0.0017559 secs] [Times: user=0.01 sys=0.00, real=0.00 secs] 
976.682: [GC (Allocation Failure) [PSYoungGen: 59200K->1533K(59904K)] 392532K->334866K(557056K), 0.0015091 secs] [Times: user=0.00 sys=0.00, real=0.00 secs] 
977.023: [GC (Allocation Failure) [PSYoungGen: 59389K->1501K(59904K)] 392722K->334842K(557056K), 0.0016093 secs] [Times: user=0.01 sys=0.00, real=0.00 secs] 
977.360: [GC (Allocation Failure) [PSYoungGen: 59357K->1552K(59904K)] 392698K->334892K(557056K), 0.0016678 secs] [Times: user=0.01 sys=0.00, real=0.01 secs] 
977.697: [GC (Allocation Failure) [PSYoungGen: 59408K->1520K(59904K)] 392748K->334860K(557056K), 0.0016468 secs] [Times: user=0.01 sys=0.00, real=0.00 secs] 
978.064: [GC (Allocation Failure) [PSYoungGen: 59376K->1472K(59904K)] 392716K->334812K(557056K), 0.0018985 secs] [Times: user=0.00 sys=0.00, real=0.00 secs] 
978.309: [GC (Allocation Failure) [PSYoungGen: 59328K->1408K(59904K)] 392668K->334748K(557056K), 0.0017992 secs] [Times: user=0.00 sys=0.00, real=0.00 secs] 
978.576: [GC (Allocation Failure) [PSYoungGen: 59264K->1376K(59904K)] 392604K->334724K(557056K), 0.0019373 secs] [Times: user=0.01 sys=0.00, real=0.00 secs] 
978.832: [GC (Allocation Failure) [PSYoungGen: 59232K->1376K(59904K)] 392580K->334724K(557056K), 0.0030220 secs] [Times: user=0.01 sys=0.00, real=0.00 secs] 
979.088: [GC (Allocation Failure) [PSYoungGen: 59232K->1408K(59904K)] 392580K->334756K(557056K), 0.0022945 secs] [Times: user=0.01 sys=0.00, real=0.00 secs] 
979.445: [GC (Allocation Failure) [PSYoungGen: 59249K->1520K(59904K)] 392598K->334868K(557056K), 0.0015388 secs] [Times: user=0.00 sys=0.00, real=0.00 secs] 
979.837: [GC (Allocation Failure) [PSYoungGen: 59376K->1552K(59904K)] 392724K->334908K(557056K), 0.0016415 secs] [Times: user=0.01 sys=0.00, real=0.00 secs] 
980.235: [GC (Allocation Failure) [PSYoungGen: 59408K->1552K(59904K)] 392764K->334908K(557056K), 0.0016300 secs] [Times: user=0.01 sys=0.00, real=0.00 secs] 
980.571: [GC (Allocation Failure) [PSYoungGen: 59408K->1517K(59904K)] 392764K->334874K(557056K), 0.0016720 secs] [Times: user=0.00 sys=0.00, real=0.01 secs] 
980.940: [GC (Allocation Failure) [PSYoungGen: 59373K->1488K(59904K)] 392730K->334844K(557056K), 0.0029048 secs] [Times: user=0.01 sys=0.00, real=0.01 secs] 
981.198: [GC (Allocation Failure) [PSYoungGen: 59344K->1376K(59904K)] 392700K->334732K(557056K), 0.0019978 secs] [Times: user=0.01 sys=0.00, real=0.00 secs] 
981.465: [GC (Allocation Failure) [PSYoungGen: 59232K->1376K(59904K)] 392588K->334732K(557056K), 0.0019360 secs] [Times: user=0.01 sys=0.00, real=0.00 secs] 
981.735: [GC (Allocation Failure) [PSYoungGen: 59232K->1408K(59904K)] 392588K->334764K(557056K), 0.0017511 secs] [Times: user=0.01 sys=0.00, real=0.00 secs] 
982.010: [GC (Allocation Failure) [PSYoungGen: 59264K->1376K(59904K)] 392620K->334732K(557056K), 0.0017402 secs] [Times: user=0.01 sys=0.00, real=0.01 secs] 
982.368: [GC (Allocation Failure) [PSYoungGen: 59221K->1520K(59904K)] 392578K->334876K(557056K), 0.0016308 secs] [Times: user=0.01 sys=0.00, real=0.00 secs] 
982.706: [GC (Allocation Failure) [PSYoungGen: 59376K->1549K(59904K)] 392732K->334914K(557056K), 0.0015751 secs] [Times: user=0.01 sys=0.00, real=0.00 secs] 
983.043: [GC (Allocation Failure) [PSYoungGen: 59405K->1552K(59904K)] 392770K->334940K(557056K), 0.0016148 secs] [Times: user=0.01 sys=0.00, real=0.00 secs] 
983.379: [GC (Allocation Failure) [PSYoungGen: 59408K->1533K(59904K)] 392796K->334922K(557056K), 0.0015417 secs] [Times: user=0.01 sys=0.00, real=0.00 secs] 
984.675: [GC (Allocation Failure) [PSYoungGen: 59389K->1456K(59904K)] 392778K->334844K(557056K), 0.0027354 secs] [Times: user=0.01 sys=0.00, real=0.00 secs] 
985.187: [GC (Allocation Failure) [PSYoungGen: 59312K->1344K(59904K)] 392700K->334732K(557056K), 0.0025101 secs] [Times: user=0.01 sys=0.00, real=0.00 secs] 
985.732: [GC (Allocation Failure) [PSYoungGen: 59200K->1344K(59904K)] 392588K->334732K(557056K), 0.0036253 secs] [Times: user=0.02 sys=0.00, real=0.01 secs] 
986.375: [GC (Allocation Failure) [PSYoungGen: 59200K->1408K(59904K)] 392588K->334796K(557056K), 0.0025277 secs] [Times: user=0.01 sys=0.00, real=0.00 secs] 
987.016: [GC (Allocation Failure) [PSYoungGen: 59264K->1376K(59904K)] 392652K->334764K(557056K), 0.0029843 secs] [Times: user=0.01 sys=0.00, real=0.00 secs] 
987.639: [GC (Allocation Failure) [PSYoungGen: 59221K->1488K(59904K)] 392610K->334876K(557056K), 0.0015463 secs] [Times: user=0.00 sys=0.00, real=0.00 secs] 
987.975: [GC (Allocation Failure) [PSYoungGen: 59344K->1488K(59904K)] 392732K->334884K(557056K), 0.0016859 secs] [Times: user=0.00 sys=0.00, real=0.00 secs] 
988.313: [GC (Allocation Failure) [PSYoungGen: 59344K->1549K(59904K)] 392740K->334946K(557056K), 0.0016657 secs] [Times: user=0.00 sys=0.00, real=0.00 secs] 
988.649: [GC (Allocation Failure) [PSYoungGen: 59405K->1520K(59904K)] 392802K->334916K(557056K), 0.0016861 secs] [Times: user=0.00 sys=0.00, real=0.00 secs] 
989.176: [GC (Allocation Failure) [PSYoungGen: 59376K->1472K(59904K)] 392772K->334868K(557056K), 0.0021603 secs] [Times: user=0.01 sys=0.00, real=0.00 secs] 
989.418: [GC (Allocation Failure) [PSYoungGen: 59328K->1408K(59904K)] 392724K->334804K(557056K), 0.0018137 secs] [Times: user=0.01 sys=0.00, real=0.00 secs] 
989.658: [GC (Allocation Failure) [PSYoungGen: 59264K->1376K(59904K)] 392660K->334772K(557056K), 0.0019150 secs] [Times: user=0.01 sys=0.00, real=0.00 secs] 
989.898: [GC (Allocation Failure) [PSYoungGen: 59232K->1408K(59904K)] 392628K->334804K(557056K), 0.0019742 secs] [Times: user=0.01 sys=0.00, real=0.00 secs] 
990.139: [GC (Allocation Failure) [PSYoungGen: 59264K->1376K(59904K)] 392660K->334772K(557056K), 0.0017890 secs] [Times: user=0.01 sys=0.00, real=0.00 secs] 
990.462: [GC (Allocation Failure) [PSYoungGen: 59232K->1456K(59904K)] 392628K->334852K(557056K), 0.0014733 secs] [Times: user=0.00 sys=0.00, real=0.00 secs] 
990.798: [GC (Allocation Failure) [PSYoungGen: 59312K->1552K(59904K)] 392708K->334956K(557056K), 0.0014917 secs] [Times: user=0.01 sys=0.00, real=0.00 secs] 
991.144: [GC (Allocation Failure) [PSYoungGen: 59408K->1549K(59904K)] 392812K->334954K(557056K), 0.0016076 secs] [Times: user=0.00 sys=0.00, real=0.00 secs] 
991.482: [GC (Allocation Failure) [PSYoungGen: 59405K->1533K(59904K)] 392810K->334938K(557056K), 0.0015442 secs] [Times: user=0.01 sys=0.01, real=0.00 secs] 
991.962: [GC (Allocation Failure) [PSYoungGen: 59389K->1472K(59904K)] 392794K->334876K(557056K), 0.0020556 secs] [Times: user=0.01 sys=0.00, real=0.00 secs] 
992.487: [GC (Allocation Failure) [PSYoungGen: 59328K->1376K(59904K)] 392732K->334780K(557056K), 0.0030334 secs] [Times: user=0.01 sys=0.00, real=0.00 secs] 
993.216: [GC (Allocation Failure) [PSYoungGen: 59232K->1376K(59904K)] 392636K->334780K(557056K), 0.0026666 secs] [Times: user=0.01 sys=0.00, real=0.00 secs] 
993.949: [GC (Allocation Failure) [PSYoungGen: 59232K->1408K(59904K)] 392636K->334812K(557056K), 0.0024440 secs] [Times: user=0.00 sys=0.00, real=0.00 secs] 
994.449: [GC (Allocation Failure) [PSYoungGen: 59264K->1376K(59904K)] 392668K->334796K(557056K), 0.0035370 secs] [Times: user=0.02 sys=0.00, real=0.01 secs] 
994.966: [GC (Allocation Failure) [PSYoungGen: 59229K->1472K(59904K)] 392650K->334892K(557056K), 0.0015737 secs] [Times: user=0.01 sys=0.00, real=0.00 secs] 
995.303: [GC (Allocation Failure) [PSYoungGen: 59328K->1520K(59904K)] 392748K->334948K(557056K), 0.0016972 secs] [Times: user=0.01 sys=0.00, real=0.00 secs] 
995.640: [GC (Allocation Failure) [PSYoungGen: 59376K->1520K(59904K)] 392804K->334948K(557056K), 0.0016344 secs] [Times: user=0.00 sys=0.00, real=0.01 secs] 
995.977: [GC (Allocation Failure) [PSYoungGen: 59376K->1533K(59904K)] 392804K->334962K(557056K), 0.0015415 secs] [Times: user=0.01 sys=0.00, real=0.00 secs] 
996.407: [GC (Allocation Failure) [PSYoungGen: 59389K->1456K(59904K)] 392818K->334884K(557056K), 0.0020886 secs] [Times: user=0.01 sys=0.00, real=0.00 secs] 
996.879: [GC (Allocation Failure) [PSYoungGen: 59312K->1344K(59904K)] 392740K->334772K(557056K), 0.0026113 secs] [Times: user=0.01 sys=0.00, real=0.01 secs] 
997.118: [GC (Allocation Failure) [PSYoungGen: 59200K->1376K(59904K)] 392628K->334804K(557056K), 0.0019466 secs] [Times: user=0.01 sys=0.00, real=0.00 secs] 
997.358: [GC (Allocation Failure) [PSYoungGen: 59232K->1376K(59904K)] 392660K->334804K(557056K), 0.0018573 secs] [Times: user=0.01 sys=0.00, real=0.00 secs] 
997.598: [GC (Allocation Failure) [PSYoungGen: 59232K->1344K(59904K)] 392660K->334772K(557056K), 0.0017372 secs] [Times: user=0.01 sys=0.00, real=0.00 secs] 
997.901: [GC (Allocation Failure) [PSYoungGen: 59200K->1488K(59904K)] 392628K->334916K(557056K), 0.0014770 secs] [Times: user=0.00 sys=0.00, real=0.01 secs] 
998.237: [GC (Allocation Failure) [PSYoungGen: 59344K->1549K(59904K)] 392772K->334986K(557056K), 0.0015513 secs] [Times: user=0.00 sys=0.00, real=0.00 secs] 
998.574: [GC (Allocation Failure) [PSYoungGen: 59373K->1520K(59904K)] 392810K->334956K(557056K), 0.0015582 secs] [Times: user=0.00 sys=0.00, real=0.00 secs] 
998.912: [GC (Allocation Failure) [PSYoungGen: 59376K->1552K(59904K)] 392812K->334988K(557056K), 0.0015379 secs] [Times: user=0.01 sys=0.00, real=0.00 secs] 
999.390: [GC (Allocation Failure) [PSYoungGen: 59408K->1968K(59904K)] 392844K->335404K(557056K), 0.0022302 secs] [Times: user=0.01 sys=0.00, real=0.01 secs] 
1000.491: [GC (Allocation Failure) [PSYoungGen: 59824K->1344K(59904K)] 393260K->334780K(557056K), 0.0026032 secs] [Times: user=0.01 sys=0.00, real=0.01 secs] 
1001.563: [GC (Allocation Failure) [PSYoungGen: 59200K->1376K(59904K)] 392636K->334812K(557056K), 0.0029181 secs] [Times: user=0.01 sys=0.00, real=0.00 secs] 
1002.484: [GC (Allocation Failure) [PSYoungGen: 59232K->1376K(59904K)] 392668K->334812K(557056K), 0.0028068 secs] [Times: user=0.02 sys=0.00, real=0.00 secs] 
1003.222: [GC (Allocation Failure) [PSYoungGen: 59232K->1376K(59904K)] 392668K->334812K(557056K), 0.0029642 secs] [Times: user=0.01 sys=0.00, real=0.00 secs] 
1003.787: [GC (Allocation Failure) [PSYoungGen: 59232K->1456K(59904K)] 392668K->334892K(557056K), 0.0018375 secs] [Times: user=0.01 sys=0.00, real=0.00 secs] 
1004.127: [GC (Allocation Failure) [PSYoungGen: 59280K->1584K(59904K)] 392717K->335036K(557056K), 0.0016943 secs] [Times: user=0.01 sys=0.00, real=0.00 secs] 
1004.464: [GC (Allocation Failure) [PSYoungGen: 59440K->1504K(59904K)] 392892K->334956K(557056K), 0.0014645 secs] [Times: user=0.01 sys=0.00, real=0.00 secs] 
1004.800: [GC (Allocation Failure) [PSYoungGen: 59360K->1520K(59904K)] 392812K->334972K(557056K), 0.0015742 secs] [Times: user=0.01 sys=0.00, real=0.00 secs] 
1005.175: [GC (Allocation Failure) [PSYoungGen: 59376K->1584K(59904K)] 392828K->335036K(557056K), 0.0017974 secs] [Times: user=0.01 sys=0.00, real=0.00 secs] 
1005.711: [GC (Allocation Failure) [PSYoungGen: 59440K->1408K(59904K)] 392892K->334860K(557056K), 0.0018031 secs] [Times: user=0.01 sys=0.00, real=0.01 secs] 
1006.297: [GC (Allocation Failure) [PSYoungGen: 59264K->1440K(59904K)] 392716K->334892K(557056K), 0.0018111 secs] [Times: user=0.01 sys=0.00, real=0.00 secs] 
1006.651: [GC (Allocation Failure) [PSYoungGen: 59296K->1376K(59904K)] 392748K->334844K(557056K), 0.0020382 secs] [Times: user=0.01 sys=0.00, real=0.01 secs] 
1006.955: [GC (Allocation Failure) [PSYoungGen: 59232K->1328K(59904K)] 392700K->334796K(557056K), 0.0017347 secs] [Times: user=0.01 sys=0.00, real=0.00 secs] 
1007.252: [GC (Allocation Failure) [PSYoungGen: 59184K->1424K(59904K)] 392652K->334892K(557056K), 0.0014347 secs] [Times: user=0.00 sys=0.00, real=0.00 secs] 
1007.594: [GC (Allocation Failure) [PSYoungGen: 59275K->1568K(59904K)] 392744K->335052K(557056K), 0.0015351 secs] [Times: user=0.01 sys=0.00, real=0.00 secs] 
1007.931: [GC (Allocation Failure) [PSYoungGen: 59424K->1488K(59904K)] 392908K->334972K(557056K), 0.0016827 secs] [Times: user=0.00 sys=0.00, real=0.01 secs] 
1008.268: [GC (Allocation Failure) [PSYoungGen: 59344K->1536K(59904K)] 392828K->335020K(557056K), 0.0015693 secs] [Times: user=0.01 sys=0.00, real=0.00 secs] 
1008.611: [GC (Allocation Failure) [PSYoungGen: 59392K->1552K(59904K)] 392876K->335036K(557056K), 0.0016411 secs] [Times: user=0.00 sys=0.00, real=0.01 secs] 
1008.889: [GC (Allocation Failure) [PSYoungGen: 59408K->1424K(59904K)] 392892K->334916K(557056K), 0.0015061 secs] [Times: user=0.00 sys=0.00, real=0.00 secs] 
1009.129: [GC (Allocation Failure) [PSYoungGen: 59280K->1344K(59904K)] 392772K->334836K(557056K), 0.0014774 secs] [Times: user=0.01 sys=0.01, real=0.00 secs] 
1009.390: [GC (Allocation Failure) [PSYoungGen: 59200K->1392K(59904K)] 392692K->334884K(557056K), 0.0014587 secs] [Times: user=0.01 sys=0.00, real=0.00 secs] 
1009.629: [GC (Allocation Failure) [PSYoungGen: 59248K->1376K(59904K)] 392740K->334868K(557056K), 0.0021342 secs] [Times: user=0.01 sys=0.00, real=0.00 secs] 
1010.043: [GC (Allocation Failure) [PSYoungGen: 59232K->1488K(59904K)] 392724K->334980K(557056K), 0.0018420 secs] [Times: user=0.01 sys=0.00, real=0.00 secs] 
1010.396: [GC (Allocation Failure) [PSYoungGen: 59315K->1552K(59904K)] 392807K->335052K(557056K), 0.0017750 secs] [Times: user=0.00 sys=0.00, real=0.00 secs] 
1010.733: [GC (Allocation Failure) [PSYoungGen: 59408K->1520K(59904K)] 392908K->335020K(557056K), 0.0016565 secs] [Times: user=0.01 sys=0.00, real=0.00 secs] 
1011.071: [GC (Allocation Failure) [PSYoungGen: 59376K->1501K(59904K)] 392876K->335002K(557056K), 0.0014647 secs] [Times: user=0.01 sys=0.00, real=0.01 secs] 
1011.405: [GC (Allocation Failure) [PSYoungGen: 59357K->1552K(59904K)] 392858K->335052K(557056K), 0.0016144 secs] [Times: user=0.00 sys=0.00, real=0.00 secs] 
1011.658: [GC (Allocation Failure) [PSYoungGen: 59408K->1440K(59904K)] 392908K->334940K(557056K), 0.0014722 secs] [Times: user=0.01 sys=0.00, real=0.00 secs] 
1011.898: [GC (Allocation Failure) [PSYoungGen: 59296K->1376K(59904K)] 392796K->334876K(557056K), 0.0014446 secs] [Times: user=0.01 sys=0.00, real=0.00 secs] 
1012.137: [GC (Allocation Failure) [PSYoungGen: 59232K->1408K(59904K)] 392732K->334908K(557056K), 0.0014462 secs] [Times: user=0.00 sys=0.00, real=0.00 secs] 
1012.377: [GC (Allocation Failure) [PSYoungGen: 59264K->1344K(59904K)] 392764K->334844K(557056K), 0.0014280 secs] [Times: user=0.01 sys=0.00, real=0.00 secs] 
1012.644: [GC (Allocation Failure) [PSYoungGen: 59200K->1488K(59904K)] 392700K->335020K(557056K), 0.0017637 secs] [Times: user=0.00 sys=0.00, real=0.00 secs] 
1012.987: [GC (Allocation Failure) [PSYoungGen: 59342K->1552K(59904K)] 392875K->335084K(557056K), 0.0016511 secs] [Times: user=0.01 sys=0.00, real=0.00 secs] 
1013.324: [GC (Allocation Failure) [PSYoungGen: 59408K->1565K(59904K)] 392940K->335114K(557056K), 0.0017045 secs] [Times: user=0.00 sys=0.00, real=0.00 secs] 
1013.661: [GC (Allocation Failure) [PSYoungGen: 59421K->1504K(59904K)] 392970K->335052K(557056K), 0.0015834 secs] [Times: user=0.01 sys=0.00, real=0.01 secs] 
1013.997: [GC (Allocation Failure) [PSYoungGen: 59360K->1520K(59904K)] 392908K->335068K(557056K), 0.0016519 secs] [Times: user=0.01 sys=0.01, real=0.00 secs] 
1014.293: [GC (Allocation Failure) [PSYoungGen: 59376K->1456K(59904K)] 392924K->335004K(557056K), 0.0015896 secs] [Times: user=0.00 sys=0.00, real=0.00 secs] 
1014.533: [GC (Allocation Failure) [PSYoungGen: 59312K->1376K(59904K)] 392860K->334924K(557056K), 0.0016390 secs] [Times: user=0.00 sys=0.00, real=0.00 secs] 
1014.773: [GC (Allocation Failure) [PSYoungGen: 59232K->1376K(59904K)] 392780K->334924K(557056K), 0.0016641 secs] [Times: user=0.01 sys=0.00, real=0.00 secs] 
1015.013: [GC (Allocation Failure) [PSYoungGen: 59232K->1408K(59904K)] 392780K->334956K(557056K), 0.0017183 secs] [Times: user=0.00 sys=0.00, real=0.00 secs] 
1015.253: [GC (Allocation Failure) [PSYoungGen: 59264K->1376K(59904K)] 392812K->334924K(557056K), 0.0017785 secs] [Times: user=0.01 sys=0.00, real=0.00 secs] 
1015.610: [GC (Allocation Failure) [PSYoungGen: 59213K->1533K(59904K)] 392762K->335082K(557056K), 0.0015254 secs] [Times: user=0.00 sys=0.00, real=0.00 secs] 
1015.946: [GC (Allocation Failure) [PSYoungGen: 59389K->1584K(59904K)] 392938K->335140K(557056K), 0.0016215 secs] [Times: user=0.00 sys=0.00, real=0.00 secs] 
1016.284: [GC (Allocation Failure) [PSYoungGen: 59440K->1488K(59904K)] 392996K->335044K(557056K), 0.0016723 secs] [Times: user=0.01 sys=0.00, real=0.00 secs] 
1016.620: [GC (Allocation Failure) [PSYoungGen: 59344K->1552K(59904K)] 392900K->335108K(557056K), 0.0015879 secs] [Times: user=0.00 sys=0.00, real=0.01 secs] 
1016.953: [GC (Allocation Failure) [PSYoungGen: 59408K->1376K(59904K)] 392964K->334932K(557056K), 0.0018616 secs] [Times: user=0.00 sys=0.00, real=0.00 secs] 
1017.194: [GC (Allocation Failure) [PSYoungGen: 59232K->1360K(59904K)] 392788K->334916K(557056K), 0.0017972 secs] [Times: user=0.00 sys=0.01, real=0.00 secs] 
1017.434: [GC (Allocation Failure) [PSYoungGen: 59216K->1408K(59904K)] 392772K->334964K(557056K), 0.0017784 secs] [Times: user=0.01 sys=0.00, real=0.00 secs] 
1017.674: [GC (Allocation Failure) [PSYoungGen: 59264K->1408K(59904K)] 392820K->334964K(557056K), 0.0019187 secs] [Times: user=0.01 sys=0.00, real=0.00 secs] 
1017.915: [GC (Allocation Failure) [PSYoungGen: 59264K->1376K(59904K)] 392820K->334932K(557056K), 0.0019430 secs] [Times: user=0.01 sys=0.00, real=0.00 secs] 
1018.282: [GC (Allocation Failure) [PSYoungGen: 59213K->1488K(59904K)] 392770K->335044K(557056K), 0.0015059 secs] [Times: user=0.00 sys=0.00, real=0.00 secs] 
1018.620: [GC (Allocation Failure) [PSYoungGen: 59342K->1520K(59904K)] 392898K->335092K(557056K), 0.0016497 secs] [Times: user=0.01 sys=0.00, real=0.01 secs] 
1018.957: [GC (Allocation Failure) [PSYoungGen: 59376K->1552K(59904K)] 392948K->335124K(557056K), 0.0016282 secs] [Times: user=0.01 sys=0.00, real=0.00 secs] 
1019.292: [GC (Allocation Failure) [PSYoungGen: 59408K->1488K(59904K)] 392980K->335060K(557056K), 0.0014999 secs] [Times: user=0.00 sys=0.00, real=0.00 secs] 
1019.580: [GC (Allocation Failure) [PSYoungGen: 59344K->1408K(59904K)] 392916K->334980K(557056K), 0.0017796 secs] [Times: user=0.01 sys=0.00, real=0.01 secs] 
1019.820: [GC (Allocation Failure) [PSYoungGen: 59264K->1376K(59904K)] 392836K->334948K(557056K), 0.0015187 secs] [Times: user=0.00 sys=0.00, real=0.01 secs] 
1020.061: [GC (Allocation Failure) [PSYoungGen: 59232K->1344K(59904K)] 392804K->334916K(557056K), 0.0015349 secs] [Times: user=0.01 sys=0.00, real=0.01 secs] 
1020.301: [GC (Allocation Failure) [PSYoungGen: 59200K->1376K(59904K)] 392772K->334948K(557056K), 0.0017349 secs] [Times: user=0.00 sys=0.00, real=0.01 secs] 
1020.541: [GC (Allocation Failure) [PSYoungGen: 59232K->1392K(59904K)] 392804K->334964K(557056K), 0.0016881 secs] [Times: user=0.00 sys=0.00, real=0.01 secs] 
1020.894: [GC (Allocation Failure) [PSYoungGen: 59225K->1520K(59904K)] 392798K->335092K(557056K), 0.0016082 secs] [Times: user=0.00 sys=0.00, real=0.00 secs] 
1021.231: [GC (Allocation Failure) [PSYoungGen: 59376K->1536K(59904K)] 392948K->335116K(557056K), 0.0014939 secs] [Times: user=0.01 sys=0.00, real=0.01 secs] 
1021.566: [GC (Allocation Failure) [PSYoungGen: 59392K->1536K(59904K)] 392972K->335116K(557056K), 0.0016180 secs] [Times: user=0.01 sys=0.00, real=0.00 secs] 
1021.912: [GC (Allocation Failure) [PSYoungGen: 59392K->1565K(59904K)] 392972K->335146K(557056K), 0.0014658 secs] [Times: user=0.00 sys=0.00, real=0.00 secs] 
1022.217: [GC (Allocation Failure) [PSYoungGen: 59421K->1392K(59904K)] 393002K->334972K(557056K), 0.0017975 secs] [Times: user=0.00 sys=0.00, real=0.00 secs] 
1022.458: [GC (Allocation Failure) [PSYoungGen: 59248K->1376K(59904K)] 392828K->334956K(557056K), 0.0016848 secs] [Times: user=0.01 sys=0.00, real=0.00 secs] 
1022.698: [GC (Allocation Failure) [PSYoungGen: 59232K->1344K(59904K)] 392812K->334932K(557056K), 0.0020624 secs] [Times: user=0.01 sys=0.00, real=0.00 secs] 
1022.939: [GC (Allocation Failure) [PSYoungGen: 59200K->1344K(59904K)] 392788K->334932K(557056K), 0.0021175 secs] [Times: user=0.01 sys=0.00, real=0.00 secs] 
1023.181: [GC (Allocation Failure) [PSYoungGen: 59200K->1376K(59904K)] 392788K->334964K(557056K), 0.0022715 secs] [Times: user=0.01 sys=0.00, real=0.01 secs] 
1023.651: [GC (Allocation Failure) [PSYoungGen: 59232K->1456K(59904K)] 392820K->335044K(557056K), 0.0016614 secs] [Times: user=0.00 sys=0.00, real=0.01 secs] 
1023.988: [GC (Allocation Failure) [PSYoungGen: 59312K->1501K(59904K)] 392900K->335106K(557056K), 0.0014391 secs] [Times: user=0.00 sys=0.00, real=0.00 secs] 
1024.326: [GC (Allocation Failure) [PSYoungGen: 59357K->1584K(59904K)] 392962K->335188K(557056K), 0.0015856 secs] [Times: user=0.00 sys=0.00, real=0.00 secs] 
1024.662: [GC (Allocation Failure) [PSYoungGen: 59440K->1536K(59904K)] 393044K->335140K(557056K), 0.0016247 secs] [Times: user=0.01 sys=0.00, real=0.00 secs] 
1025.102: [GC (Allocation Failure) [PSYoungGen: 59392K->1456K(59904K)] 392996K->335060K(557056K), 0.0017159 secs] [Times: user=0.00 sys=0.00, real=0.00 secs] 
1025.598: [GC (Allocation Failure) [PSYoungGen: 59312K->1440K(59904K)] 392916K->335044K(557056K), 0.0015470 secs] [Times: user=0.01 sys=0.00, real=0.00 secs] 
1026.176: [GC (Allocation Failure) [PSYoungGen: 59296K->1344K(59904K)] 392900K->334948K(557056K), 0.0030325 secs] [Times: user=0.01 sys=0.00, real=0.00 secs] 
1026.727: [GC (Allocation Failure) [PSYoungGen: 59200K->1376K(59904K)] 392804K->334980K(557056K), 0.0032999 secs] [Times: user=0.02 sys=0.00, real=0.00 secs] 
1027.339: [GC (Allocation Failure) [PSYoungGen: 59232K->1408K(59904K)] 392836K->335012K(557056K), 0.0037474 secs] [Times: user=0.01 sys=0.00, real=0.01 secs] 
1027.845: [GC (Allocation Failure) [PSYoungGen: 59258K->1552K(59904K)] 392862K->335156K(557056K), 0.0016065 secs] [Times: user=0.01 sys=0.00, real=0.00 secs] 
1028.182: [GC (Allocation Failure) [PSYoungGen: 59408K->1520K(59904K)] 393012K->335140K(557056K), 0.0016755 secs] [Times: user=0.01 sys=0.00, real=0.00 secs] 
1028.519: [GC (Allocation Failure) [PSYoungGen: 59376K->1552K(59904K)] 392996K->335172K(557056K), 0.0015770 secs] [Times: user=0.00 sys=0.00, real=0.00 secs] 
1028.857: [GC (Allocation Failure) [PSYoungGen: 59408K->1568K(59904K)] 393028K->335188K(557056K), 0.0015764 secs] [Times: user=0.01 sys=0.00, real=0.00 secs] 
1029.202: [GC (Allocation Failure) [PSYoungGen: 59424K->1424K(59904K)] 393044K->335044K(557056K), 0.0018776 secs] [Times: user=0.01 sys=0.00, real=0.00 secs] 
1029.611: [GC (Allocation Failure) [PSYoungGen: 59280K->1344K(59904K)] 392900K->334964K(557056K), 0.0018773 secs] [Times: user=0.01 sys=0.00, real=0.01 secs] 
1030.154: [GC (Allocation Failure) [PSYoungGen: 59200K->1344K(59904K)] 392820K->334964K(557056K), 0.0022834 secs] [Times: user=0.01 sys=0.00, real=0.00 secs] 
1030.620: [GC (Allocation Failure) [PSYoungGen: 59200K->1376K(59904K)] 392820K->334996K(557056K), 0.0022552 secs] [Times: user=0.01 sys=0.00, real=0.01 secs] 
1031.118: [GC (Allocation Failure) [PSYoungGen: 59232K->1408K(59904K)] 392852K->335028K(557056K), 0.0021513 secs] [Times: user=0.01 sys=0.00, real=0.00 secs] 
1031.533: [GC (Allocation Failure) [PSYoungGen: 59233K->1517K(59904K)] 392854K->335138K(557056K), 0.0014916 secs] [Times: user=0.00 sys=0.00, real=0.00 secs] 
1031.931: [GC (Allocation Failure) [PSYoungGen: 59373K->1552K(59904K)] 392994K->335180K(557056K), 0.0017462 secs] [Times: user=0.00 sys=0.00, real=0.01 secs] 
1032.282: [GC (Allocation Failure) [PSYoungGen: 59408K->1549K(59904K)] 393036K->335178K(557056K), 0.0016677 secs] [Times: user=0.01 sys=0.00, real=0.00 secs] 
1032.619: [GC (Allocation Failure) [PSYoungGen: 59405K->1549K(59904K)] 393034K->335178K(557056K), 0.0016998 secs] [Times: user=0.00 sys=0.00, real=0.00 secs] 
1033.036: [GC (Allocation Failure) [PSYoungGen: 59405K->1472K(59904K)] 393034K->335100K(557056K), 0.0017432 secs] [Times: user=0.00 sys=0.00, real=0.00 secs] 
1033.559: [GC (Allocation Failure) [PSYoungGen: 59328K->1440K(59904K)] 392956K->335068K(557056K), 0.0015959 secs] [Times: user=0.01 sys=0.00, real=0.00 secs] 
1034.077: [GC (Allocation Failure) [PSYoungGen: 59296K->1376K(59904K)] 392924K->335004K(557056K), 0.0023097 secs] [Times: user=0.01 sys=0.00, real=0.00 secs] 
1034.622: [GC (Allocation Failure) [PSYoungGen: 59232K->1344K(59904K)] 392860K->334988K(557056K), 0.0023271 secs] [Times: user=0.01 sys=0.00, real=0.00 secs] 
1035.188: [GC (Allocation Failure) [PSYoungGen: 59200K->1392K(59904K)] 392844K->335036K(557056K), 0.0031799 secs] [Times: user=0.01 sys=0.00, real=0.00 secs] 
1035.598: [GC (Allocation Failure) [PSYoungGen: 59241K->1504K(59904K)] 392886K->335148K(557056K), 0.0014688 secs] [Times: user=0.00 sys=0.00, real=0.00 secs] 
1035.933: [GC (Allocation Failure) [PSYoungGen: 59360K->1520K(59904K)] 393004K->335172K(557056K), 0.0015625 secs] [Times: user=0.01 sys=0.00, real=0.00 secs] 
1036.271: [GC (Allocation Failure) [PSYoungGen: 59376K->1520K(59904K)] 393028K->335172K(557056K), 0.0016054 secs] [Times: user=0.00 sys=0.00, real=0.01 secs] 
1036.669: [GC (Allocation Failure) [PSYoungGen: 59376K->1456K(59904K)] 393028K->335108K(557056K), 0.0016730 secs] [Times: user=0.01 sys=0.00, real=0.00 secs] 
1037.142: [GC (Allocation Failure) [PSYoungGen: 59312K->1440K(59904K)] 392964K->335092K(557056K), 0.0021138 secs] [Times: user=0.01 sys=0.00, real=0.00 secs] 
1037.761: [GC (Allocation Failure) [PSYoungGen: 59296K->1344K(59904K)] 392948K->334996K(557056K), 0.0025193 secs] [Times: user=0.01 sys=0.00, real=0.01 secs] 
1038.449: [GC (Allocation Failure) [PSYoungGen: 59200K->1376K(59904K)] 392852K->335028K(557056K), 0.0033137 secs] [Times: user=0.02 sys=0.00, real=0.01 secs] 
1039.356: [GC (Allocation Failure) [PSYoungGen: 59232K->1376K(59904K)] 392884K->335028K(557056K), 0.0035876 secs] [Times: user=0.02 sys=0.00, real=0.00 secs] 
1040.212: [GC (Allocation Failure) [PSYoungGen: 59232K->1376K(59904K)] 392884K->335028K(557056K), 0.0038067 secs] [Times: user=0.02 sys=0.00, real=0.00 secs] 
1040.917: [GC (Allocation Failure) [PSYoungGen: 59228K->1453K(59904K)] 392881K->335106K(557056K), 0.0016024 secs] [Times: user=0.00 sys=0.00, real=0.00 secs] 
1041.253: [GC (Allocation Failure) [PSYoungGen: 59309K->1488K(59904K)] 392962K->335156K(557056K), 0.0016996 secs] [Times: user=0.00 sys=0.00, real=0.00 secs] 
1041.591: [GC (Allocation Failure) [PSYoungGen: 59344K->1488K(59904K)] 393012K->335156K(557056K), 0.0014894 secs] [Times: user=0.01 sys=0.00, real=0.01 secs] 
1041.927: [GC (Allocation Failure) [PSYoungGen: 59344K->1533K(59904K)] 393012K->335202K(557056K), 0.0016060 secs] [Times: user=0.01 sys=0.00, real=0.00 secs] 
1042.283: [GC (Allocation Failure) [PSYoungGen: 59389K->2016K(59904K)] 393058K->335684K(557056K), 0.0018226 secs] [Times: user=0.01 sys=0.00, real=0.00 secs] 
1042.523: [GC (Allocation Failure) [PSYoungGen: 59872K->1440K(59904K)] 393540K->335108K(557056K), 0.0017239 secs] [Times: user=0.01 sys=0.00, real=0.00 secs] 
1042.935: [GC (Allocation Failure) [PSYoungGen: 59296K->1408K(59904K)] 392964K->335076K(557056K), 0.0022056 secs] [Times: user=0.00 sys=0.00, real=0.00 secs] 
1043.314: [GC (Allocation Failure) [PSYoungGen: 59264K->1376K(59904K)] 392932K->335044K(557056K), 0.0031388 secs] [Times: user=0.01 sys=0.00, real=0.00 secs] 
1043.714: [GC (Allocation Failure) [PSYoungGen: 59232K->1376K(59904K)] 392900K->335044K(557056K), 0.0024884 secs] [Times: user=0.01 sys=0.00, real=0.00 secs] 
1044.223: [GC (Allocation Failure) [PSYoungGen: 59200K->1485K(59904K)] 392869K->335154K(557056K), 0.0015051 secs] [Times: user=0.01 sys=0.00, real=0.00 secs] 
1044.559: [GC (Allocation Failure) [PSYoungGen: 59341K->1552K(59904K)] 393010K->335236K(557056K), 0.0016347 secs] [Times: user=0.01 sys=0.00, real=0.00 secs] 
1044.896: [GC (Allocation Failure) [PSYoungGen: 59408K->1517K(59904K)] 393092K->335202K(557056K), 0.0015516 secs] [Times: user=0.01 sys=0.00, real=0.00 secs] 
1045.296: [GC (Allocation Failure) [PSYoungGen: 59373K->1520K(59904K)] 393058K->335220K(557056K), 0.0016525 secs] [Times: user=0.01 sys=0.00, real=0.00 secs] 
1045.716: [GC (Allocation Failure) [PSYoungGen: 59376K->1744K(59904K)] 393076K->335444K(557056K), 0.0017958 secs] [Times: user=0.00 sys=0.00, real=0.00 secs] 
1045.968: [GC (Allocation Failure) [PSYoungGen: 59600K->1376K(59904K)] 393300K->335076K(557056K), 0.0020341 secs] [Times: user=0.01 sys=0.00, real=0.00 secs] 
1046.231: [GC (Allocation Failure) [PSYoungGen: 59232K->1408K(59904K)] 392932K->335108K(557056K), 0.0019381 secs] [Times: user=0.01 sys=0.00, real=0.01 secs] 
1046.580: [GC (Allocation Failure) [PSYoungGen: 59264K->1344K(59904K)] 392964K->335044K(557056K), 0.0017294 secs] [Times: user=0.00 sys=0.00, real=0.00 secs] 
1047.082: [GC (Allocation Failure) [PSYoungGen: 59200K->1344K(59904K)] 392900K->335044K(557056K), 0.0027032 secs] [Times: user=0.01 sys=0.00, real=0.00 secs] 
1047.680: [GC (Allocation Failure) [PSYoungGen: 59200K->1437K(59904K)] 392900K->335138K(557056K), 0.0018800 secs] [Times: user=0.00 sys=0.01, real=0.00 secs] 
1048.023: [GC (Allocation Failure) [PSYoungGen: 59280K->1533K(59904K)] 392981K->335250K(557056K), 0.0015794 secs] [Times: user=0.01 sys=0.00, real=0.00 secs] 
1048.360: [GC (Allocation Failure) [PSYoungGen: 59389K->1552K(59904K)] 393106K->335268K(557056K), 0.0015387 secs] [Times: user=0.00 sys=0.00, real=0.01 secs] 
1048.697: [GC (Allocation Failure) [PSYoungGen: 59408K->1520K(59904K)] 393124K->335236K(557056K), 0.0015289 secs] [Times: user=0.01 sys=0.00, real=0.00 secs] 
1049.031: [GC (Allocation Failure) [PSYoungGen: 59326K->320K(59904K)] 393043K->334036K(557056K), 0.0016589 secs] [Times: user=0.01 sys=0.00, real=0.01 secs] 
1049.564: [GC (Allocation Failure) [PSYoungGen: 58176K->1408K(59904K)] 391892K->335124K(557056K), 0.0018757 secs] [Times: user=0.00 sys=0.00, real=0.00 secs] 
1050.042: [GC (Allocation Failure) [PSYoungGen: 59264K->1344K(59904K)] 392980K->335060K(557056K), 0.0020087 secs] [Times: user=0.01 sys=0.00, real=0.00 secs] 
1050.438: [GC (Allocation Failure) [PSYoungGen: 59200K->1392K(59904K)] 392916K->335108K(557056K), 0.0018785 secs] [Times: user=0.01 sys=0.00, real=0.00 secs] 
1050.847: [GC (Allocation Failure) [PSYoungGen: 59248K->1376K(59904K)] 392964K->335092K(557056K), 0.0019783 secs] [Times: user=0.00 sys=0.00, real=0.00 secs] 
1051.327: [GC (Allocation Failure) [PSYoungGen: 59201K->1520K(59904K)] 392918K->335236K(557056K), 0.0019742 secs] [Times: user=0.01 sys=0.00, real=0.00 secs] 
1051.694: [GC (Allocation Failure) [PSYoungGen: 59376K->1565K(59904K)] 393092K->335290K(557056K), 0.0017074 secs] [Times: user=0.01 sys=0.00, real=0.00 secs] 
1052.032: [GC (Allocation Failure) [PSYoungGen: 59421K->1584K(59904K)] 393146K->335308K(557056K), 0.0014466 secs] [Times: user=0.01 sys=0.00, real=0.00 secs] 
1052.371: [GC (Allocation Failure) [PSYoungGen: 59440K->1584K(59904K)] 393164K->335308K(557056K), 0.0015410 secs] [Times: user=0.01 sys=0.00, real=0.01 secs] 
1052.719: [GC (Allocation Failure) [PSYoungGen: 59440K->1488K(59904K)] 393164K->335212K(557056K), 0.0016795 secs] [Times: user=0.01 sys=0.00, real=0.00 secs] 
1053.074: [GC (Allocation Failure) [PSYoungGen: 59344K->1376K(59904K)] 393068K->335100K(557056K), 0.0018097 secs] [Times: user=0.01 sys=0.00, real=0.00 secs] 
1053.360: [GC (Allocation Failure) [PSYoungGen: 59232K->1344K(59904K)] 392956K->335068K(557056K), 0.0017528 secs] [Times: user=0.00 sys=0.00, real=0.00 secs] 
1053.744: [GC (Allocation Failure) [PSYoungGen: 59200K->1376K(59904K)] 392924K->335100K(557056K), 0.0016947 secs] [Times: user=0.01 sys=0.00, real=0.00 secs] 
1054.169: [GC (Allocation Failure) [PSYoungGen: 59232K->1408K(59904K)] 392956K->335148K(557056K), 0.0015433 secs] [Times: user=0.01 sys=0.00, real=0.00 secs] 
1054.651: [GC (Allocation Failure) [PSYoungGen: 59258K->1469K(59904K)] 392999K->335210K(557056K), 0.0016611 secs] [Times: user=0.01 sys=0.00, real=0.01 secs] 
1055.001: [GC (Allocation Failure) [PSYoungGen: 59325K->1552K(59904K)] 393066K->335300K(557056K), 0.0016202 secs] [Times: user=0.01 sys=0.00, real=0.01 secs] 
1055.399: [GC (Allocation Failure) [PSYoungGen: 59391K->1549K(59904K)] 393140K->335306K(557056K), 0.0017379 secs] [Times: user=0.01 sys=0.00, real=0.00 secs] 
1055.737: [GC (Allocation Failure) [PSYoungGen: 59405K->1552K(59904K)] 393162K->335308K(557056K), 0.0014860 secs] [Times: user=0.01 sys=0.00, real=0.00 secs] 
1056.133: [GC (Allocation Failure) [PSYoungGen: 59408K->1517K(59904K)] 393164K->335274K(557056K), 0.0017508 secs] [Times: user=0.01 sys=0.00, real=0.00 secs] 
1056.401: [GC (Allocation Failure) [PSYoungGen: 59373K->1472K(59904K)] 393130K->335228K(557056K), 0.0022360 secs] [Times: user=0.01 sys=0.00, real=0.01 secs] 
1056.642: [GC (Allocation Failure) [PSYoungGen: 59328K->1408K(59904K)] 393084K->335164K(557056K), 0.0018286 secs] [Times: user=0.01 sys=0.00, real=0.00 secs] 
1056.953: [GC (Allocation Failure) [PSYoungGen: 59264K->1408K(59904K)] 393020K->335164K(557056K), 0.0017293 secs] [Times: user=0.01 sys=0.00, real=0.00 secs] 
1057.418: [GC (Allocation Failure) [PSYoungGen: 59264K->1376K(59904K)] 393020K->335132K(557056K), 0.0025816 secs] [Times: user=0.01 sys=0.00, real=0.00 secs] 
1057.834: [GC (Allocation Failure) [PSYoungGen: 59232K->1408K(59904K)] 392988K->335164K(557056K), 0.0026132 secs] [Times: user=0.01 sys=0.00, real=0.00 secs] 
1058.257: [GC (Allocation Failure) [PSYoungGen: 59250K->1568K(59904K)] 393007K->335324K(557056K), 0.0015909 secs] [Times: user=0.00 sys=0.00, real=0.00 secs] 
1058.594: [GC (Allocation Failure) [PSYoungGen: 59424K->1533K(59904K)] 393180K->335298K(557056K), 0.0015969 secs] [Times: user=0.01 sys=0.00, real=0.00 secs] 
1058.931: [GC (Allocation Failure) [PSYoungGen: 59389K->1520K(59904K)] 393154K->335284K(557056K), 0.0015733 secs] [Times: user=0.01 sys=0.00, real=0.01 secs] 
1059.266: [GC (Allocation Failure) [PSYoungGen: 59376K->1533K(59904K)] 393140K->335298K(557056K), 0.0014939 secs] [Times: user=0.00 sys=0.00, real=0.00 secs] 
1059.760: [GC (Allocation Failure) [PSYoungGen: 59389K->1440K(59904K)] 393154K->335204K(557056K), 0.0017456 secs] [Times: user=0.01 sys=0.00, real=0.00 secs] 
1060.225: [GC (Allocation Failure) [PSYoungGen: 59296K->1376K(59904K)] 393060K->335140K(557056K), 0.0031411 secs] [Times: user=0.01 sys=0.00, real=0.00 secs] 
1060.704: [GC (Allocation Failure) [PSYoungGen: 59232K->1376K(59904K)] 392996K->335140K(557056K), 0.0024653 secs] [Times: user=0.01 sys=0.00, real=0.00 secs] 
1061.178: [GC (Allocation Failure) [PSYoungGen: 59232K->1344K(59904K)] 392996K->335108K(557056K), 0.0026273 secs] [Times: user=0.01 sys=0.00, real=0.00 secs] 
1061.621: [GC (Allocation Failure) [PSYoungGen: 59200K->1376K(59904K)] 392964K->335140K(557056K), 0.0023352 secs] [Times: user=0.00 sys=0.00, real=0.01 secs] 
1062.088: [GC (Allocation Failure) [PSYoungGen: 59232K->1456K(59904K)] 392996K->335220K(557056K), 0.0016084 secs] [Times: user=0.00 sys=0.00, real=0.00 secs] 
1062.429: [GC (Allocation Failure) [PSYoungGen: 59312K->1533K(59904K)] 393076K->335314K(557056K), 0.0014307 secs] [Times: user=0.00 sys=0.00, real=0.00 secs] 
1062.773: [GC (Allocation Failure) [PSYoungGen: 59389K->1584K(59904K)] 393170K->335364K(557056K), 0.0014713 secs] [Times: user=0.01 sys=0.00, real=0.00 secs] 
1063.116: [GC (Allocation Failure) [PSYoungGen: 59440K->1520K(59904K)] 393220K->335300K(557056K), 0.0015654 secs] [Times: user=0.01 sys=0.00, real=0.00 secs] 
1063.411: [GC (Allocation Failure) [PSYoungGen: 59376K->1440K(59904K)] 393156K->335220K(557056K), 0.0017412 secs] [Times: user=0.01 sys=0.00, real=0.01 secs] 
1063.651: [GC (Allocation Failure) [PSYoungGen: 59296K->1376K(59904K)] 393076K->335156K(557056K), 0.0017060 secs] [Times: user=0.01 sys=0.00, real=0.01 secs] 
1063.891: [GC (Allocation Failure) [PSYoungGen: 59232K->1440K(59904K)] 393012K->335228K(557056K), 0.0016218 secs] [Times: user=0.01 sys=0.00, real=0.01 secs] 
1064.131: [GC (Allocation Failure) [PSYoungGen: 59296K->1376K(59904K)] 393084K->335164K(557056K), 0.0017156 secs] [Times: user=0.01 sys=0.00, real=0.01 secs] 
1064.372: [GC (Allocation Failure) [PSYoungGen: 59232K->1408K(59904K)] 393020K->335196K(557056K), 0.0019258 secs] [Times: user=0.00 sys=0.00, real=0.00 secs] 
1064.728: [GC (Allocation Failure) [PSYoungGen: 59250K->1501K(59904K)] 393039K->335290K(557056K), 0.0015907 secs] [Times: user=0.01 sys=0.00, real=0.00 secs] 
1065.065: [GC (Allocation Failure) [PSYoungGen: 59357K->1520K(59904K)] 393146K->335324K(557056K), 0.0016853 secs] [Times: user=0.00 sys=0.00, real=0.00 secs] 
1065.462: [GC (Allocation Failure) [PSYoungGen: 59376K->1565K(59904K)] 393180K->335370K(557056K), 0.0016441 secs] [Times: user=0.01 sys=0.00, real=0.00 secs] 
1065.853: [GC (Allocation Failure) [PSYoungGen: 59421K->1520K(59904K)] 393226K->335324K(557056K), 0.0016579 secs] [Times: user=0.01 sys=0.00, real=0.00 secs] 
1066.152: [GC (Allocation Failure) [PSYoungGen: 59376K->1408K(59904K)] 393180K->335212K(557056K), 0.0022684 secs] [Times: user=0.01 sys=0.00, real=0.00 secs] 
1066.393: [GC (Allocation Failure) [PSYoungGen: 59264K->1344K(59904K)] 393068K->335148K(557056K), 0.0017566 secs] [Times: user=0.01 sys=0.00, real=0.00 secs] 
1066.634: [GC (Allocation Failure) [PSYoungGen: 59200K->1376K(59904K)] 393004K->335180K(557056K), 0.0018130 secs] [Times: user=0.00 sys=0.00, real=0.00 secs] 
1066.874: [GC (Allocation Failure) [PSYoungGen: 59232K->1408K(59904K)] 393036K->335212K(557056K), 0.0017337 secs] [Times: user=0.01 sys=0.00, real=0.00 secs] 
1067.114: [GC (Allocation Failure) [PSYoungGen: 59264K->1392K(59904K)] 393068K->335196K(557056K), 0.0019660 secs] [Times: user=0.01 sys=0.00, real=0.00 secs] 
1067.583: [GC (Allocation Failure) [PSYoungGen: 59248K->1520K(59904K)] 393052K->335324K(557056K), 0.0016488 secs] [Times: user=0.01 sys=0.00, real=0.00 secs] 
1067.981: [GC (Allocation Failure) [PSYoungGen: 59362K->1488K(59904K)] 393167K->335316K(557056K), 0.0016380 secs] [Times: user=0.00 sys=0.00, real=0.01 secs] 
1068.379: [GC (Allocation Failure) [PSYoungGen: 59344K->1517K(59904K)] 393172K->335346K(557056K), 0.0016505 secs] [Times: user=0.01 sys=0.00, real=0.00 secs] 
1068.771: [GC (Allocation Failure) [PSYoungGen: 59373K->1520K(59904K)] 393202K->335348K(557056K), 0.0016548 secs] [Times: user=0.01 sys=0.00, real=0.01 secs] 
1069.287: [GC (Allocation Failure) [PSYoungGen: 59376K->1456K(59904K)] 393204K->335284K(557056K), 0.0029232 secs] [Times: user=0.01 sys=0.00, real=0.00 secs] 
1069.597: [GC (Allocation Failure) [PSYoungGen: 59312K->1408K(59904K)] 393140K->335236K(557056K), 0.0020296 secs] [Times: user=0.01 sys=0.01, real=0.00 secs] 
1069.838: [GC (Allocation Failure) [PSYoungGen: 59264K->1360K(59904K)] 393092K->335188K(557056K), 0.0019004 secs] [Times: user=0.01 sys=0.00, real=0.00 secs] 
1070.123: [GC (Allocation Failure) [PSYoungGen: 59216K->1392K(59904K)] 393044K->335220K(557056K), 0.0018479 secs] [Times: user=0.00 sys=0.00, real=0.00 secs] 
1070.363: [GC (Allocation Failure) [PSYoungGen: 59248K->1376K(59904K)] 393076K->335204K(557056K), 0.0016651 secs] [Times: user=0.01 sys=0.00, real=0.00 secs] 
1070.773: [GC (Allocation Failure) [PSYoungGen: 59224K->1517K(59904K)] 393053K->335346K(557056K), 0.0015620 secs] [Times: user=0.01 sys=0.00, real=0.00 secs] 
1071.110: [GC (Allocation Failure) [PSYoungGen: 59373K->1549K(59904K)] 393202K->335410K(557056K), 0.0016848 secs] [Times: user=0.01 sys=0.00, real=0.01 secs] 
1071.447: [GC (Allocation Failure) [PSYoungGen: 59405K->1568K(59904K)] 393266K->335428K(557056K), 0.0015862 secs] [Times: user=0.01 sys=0.00, real=0.00 secs] 
1071.785: [GC (Allocation Failure) [PSYoungGen: 59424K->1488K(59904K)] 393284K->335348K(557056K), 0.0016768 secs] [Times: user=0.01 sys=0.00, real=0.00 secs] 
1072.225: [GC (Allocation Failure) [PSYoungGen: 59344K->1424K(59904K)] 393204K->335284K(557056K), 0.0017692 secs] [Times: user=0.01 sys=0.00, real=0.00 secs] 
1072.687: [GC (Allocation Failure) [PSYoungGen: 59280K->1344K(59904K)] 393140K->335204K(557056K), 0.0019796 secs] [Times: user=0.00 sys=0.00, real=0.00 secs] 
1072.927: [GC (Allocation Failure) [PSYoungGen: 59200K->1312K(59904K)] 393060K->335172K(557056K), 0.0018181 secs] [Times: user=0.00 sys=0.00, real=0.00 secs] 
1073.168: [GC (Allocation Failure) [PSYoungGen: 59168K->1344K(59904K)] 393028K->335204K(557056K), 0.0019313 secs] [Times: user=0.01 sys=0.00, real=0.00 secs] 
1073.427: [GC (Allocation Failure) [PSYoungGen: 59200K->1408K(59904K)] 393060K->335284K(557056K), 0.0019932 secs] [Times: user=0.00 sys=0.00, real=0.00 secs] 
1073.771: [GC (Allocation Failure) [PSYoungGen: 59233K->1488K(59904K)] 393110K->335364K(557056K), 0.0016013 secs] [Times: user=0.01 sys=0.01, real=0.01 secs] 
1074.171: [GC (Allocation Failure) [PSYoungGen: 59344K->1520K(59904K)] 393220K->335404K(557056K), 0.0015597 secs] [Times: user=0.00 sys=0.00, real=0.01 secs] 
1074.571: [GC (Allocation Failure) [PSYoungGen: 59376K->1520K(59904K)] 393260K->335404K(557056K), 0.0016980 secs] [Times: user=0.01 sys=0.00, real=0.01 secs] 
1074.909: [GC (Allocation Failure) [PSYoungGen: 59376K->1549K(59904K)] 393260K->335434K(557056K), 0.0014674 secs] [Times: user=0.00 sys=0.01, real=0.00 secs] 
1075.534: [GC (Allocation Failure) [PSYoungGen: 59405K->1440K(59904K)] 393290K->335324K(557056K), 0.0038148 secs] [Times: user=0.01 sys=0.00, real=0.00 secs] 
1076.018: [GC (Allocation Failure) [PSYoungGen: 59296K->1376K(59904K)] 393180K->335260K(557056K), 0.0029509 secs] [Times: user=0.01 sys=0.00, real=0.00 secs] 
1076.498: [GC (Allocation Failure) [PSYoungGen: 59232K->1408K(59904K)] 393116K->335292K(557056K), 0.0020178 secs] [Times: user=0.01 sys=0.00, real=0.00 secs] 
1076.990: [GC (Allocation Failure) [PSYoungGen: 59264K->1440K(59904K)] 393148K->335324K(557056K), 0.0018314 secs] [Times: user=0.01 sys=0.00, real=0.01 secs] 
1077.427: [GC (Allocation Failure) [PSYoungGen: 59296K->1408K(59904K)] 393180K->335292K(557056K), 0.0019361 secs] [Times: user=0.01 sys=0.00, real=0.00 secs] 
1077.889: [GC (Allocation Failure) [PSYoungGen: 59264K->1520K(59904K)] 393148K->335404K(557056K), 0.0014159 secs] [Times: user=0.01 sys=0.00, real=0.00 secs] 
1078.285: [GC (Allocation Failure) [PSYoungGen: 59354K->1520K(59904K)] 393239K->335412K(557056K), 0.0016695 secs] [Times: user=0.00 sys=0.00, real=0.00 secs] 
1078.622: [GC (Allocation Failure) [PSYoungGen: 59376K->1549K(59904K)] 393268K->335442K(557056K), 0.0016225 secs] [Times: user=0.00 sys=0.00, real=0.00 secs] 
1078.957: [GC (Allocation Failure) [PSYoungGen: 59405K->1549K(59904K)] 393298K->335442K(557056K), 0.0016561 secs] [Times: user=0.01 sys=0.00, real=0.00 secs] 
1079.394: [GC (Allocation Failure) [PSYoungGen: 59405K->1456K(59904K)] 393298K->335348K(557056K), 0.0020324 secs] [Times: user=0.01 sys=0.00, real=0.00 secs] 
1079.851: [GC (Allocation Failure) [PSYoungGen: 59312K->1408K(59904K)] 393204K->335300K(557056K), 0.0029812 secs] [Times: user=0.01 sys=0.00, real=0.01 secs] 
1080.321: [GC (Allocation Failure) [PSYoungGen: 59264K->1408K(59904K)] 393156K->335300K(557056K), 0.0031914 secs] [Times: user=0.01 sys=0.00, real=0.01 secs] 
1080.773: [GC (Allocation Failure) [PSYoungGen: 59264K->1344K(59904K)] 393156K->335236K(557056K), 0.0030100 secs] [Times: user=0.01 sys=0.00, real=0.00 secs] 
1081.233: [GC (Allocation Failure) [PSYoungGen: 59200K->1344K(59904K)] 393092K->335236K(557056K), 0.0025195 secs] [Times: user=0.01 sys=0.00, real=0.00 secs] 
1081.740: [GC (Allocation Failure) [PSYoungGen: 59200K->1485K(59904K)] 393092K->335378K(557056K), 0.0015083 secs] [Times: user=0.01 sys=0.00, real=0.01 secs] 
1082.077: [GC (Allocation Failure) [PSYoungGen: 59341K->1520K(59904K)] 393234K->335420K(557056K), 0.0016594 secs] [Times: user=0.01 sys=0.00, real=0.00 secs] 
1082.414: [GC (Allocation Failure) [PSYoungGen: 59376K->1517K(59904K)] 393276K->335418K(557056K), 0.0036081 secs] [Times: user=0.02 sys=0.00, real=0.00 secs] 
1082.759: [GC (Allocation Failure) [PSYoungGen: 59373K->1552K(59904K)] 393274K->335452K(557056K), 0.0016500 secs] [Times: user=0.00 sys=0.00, real=0.00 secs] 
1083.178: [GC (Allocation Failure) [PSYoungGen: 59408K->1472K(59904K)] 393308K->335372K(557056K), 0.0017806 secs] [Times: user=0.01 sys=0.00, real=0.00 secs] 
1083.654: [GC (Allocation Failure) [PSYoungGen: 59328K->1408K(59904K)] 393228K->335308K(557056K), 0.0016870 secs] [Times: user=0.01 sys=0.01, real=0.00 secs] 
1084.143: [GC (Allocation Failure) [PSYoungGen: 59264K->1376K(59904K)] 393164K->335276K(557056K), 0.0016600 secs] [Times: user=0.01 sys=0.00, real=0.00 secs] 
1084.702: [GC (Allocation Failure) [PSYoungGen: 59232K->1376K(59904K)] 393132K->335292K(557056K), 0.0019662 secs] [Times: user=0.01 sys=0.00, real=0.00 secs] 
1085.202: [GC (Allocation Failure) [PSYoungGen: 59232K->1376K(59904K)] 393148K->335292K(557056K), 0.0018264 secs] [Times: user=0.01 sys=0.00, real=0.00 secs] 
1085.696: [GC (Allocation Failure) [PSYoungGen: 59232K->1424K(59904K)] 393148K->335340K(557056K), 0.0014697 secs] [Times: user=0.00 sys=0.00, real=0.00 secs] 
1086.034: [GC (Allocation Failure) [PSYoungGen: 59280K->1520K(59904K)] 393196K->335444K(557056K), 0.0015813 secs] [Times: user=0.01 sys=0.00, real=0.00 secs] 
1086.371: [GC (Allocation Failure) [PSYoungGen: 59376K->1520K(59904K)] 393300K->335444K(557056K), 0.0016161 secs] [Times: user=0.00 sys=0.00, real=0.01 secs] 
1086.708: [GC (Allocation Failure) [PSYoungGen: 59376K->1565K(59904K)] 393300K->335490K(557056K), 0.0014940 secs] [Times: user=0.01 sys=0.00, real=0.00 secs] 
1087.101: [GC (Allocation Failure) [PSYoungGen: 59421K->1984K(59904K)] 393346K->335908K(557056K), 0.0020490 secs] [Times: user=0.01 sys=0.00, real=0.01 secs] 
1087.635: [GC (Allocation Failure) [PSYoungGen: 59840K->1344K(59904K)] 393764K->335268K(557056K), 0.0018401 secs] [Times: user=0.00 sys=0.00, real=0.00 secs] 
1088.131: [GC (Allocation Failure) [PSYoungGen: 59200K->1376K(59904K)] 393124K->335300K(557056K), 0.0018002 secs] [Times: user=0.00 sys=0.00, real=0.01 secs] 
1088.750: [GC (Allocation Failure) [PSYoungGen: 59232K->1376K(59904K)] 393156K->335300K(557056K), 0.0028089 secs] [Times: user=0.02 sys=0.00, real=0.01 secs] 
1089.458: [GC (Allocation Failure) [PSYoungGen: 59232K->1376K(59904K)] 393156K->335300K(557056K), 0.0031973 secs] [Times: user=0.01 sys=0.00, real=0.00 secs] 
1090.159: [GC (Allocation Failure) [PSYoungGen: 59232K->1472K(59904K)] 393156K->335396K(557056K), 0.0018976 secs] [Times: user=0.01 sys=0.00, real=0.00 secs] 
1090.509: [GC (Allocation Failure) [PSYoungGen: 59325K->1520K(59904K)] 393250K->335460K(557056K), 0.0015581 secs] [Times: user=0.01 sys=0.00, real=0.00 secs] 
1090.846: [GC (Allocation Failure) [PSYoungGen: 59376K->1517K(59904K)] 393316K->335458K(557056K), 0.0016274 secs] [Times: user=0.01 sys=0.00, real=0.00 secs] 
1091.184: [GC (Allocation Failure) [PSYoungGen: 59373K->1552K(59904K)] 393314K->335492K(557056K), 0.0016811 secs] [Times: user=0.01 sys=0.00, real=0.00 secs] 
1091.658: [GC (Allocation Failure) [PSYoungGen: 59408K->1536K(59904K)] 393348K->335476K(557056K), 0.0020005 secs] [Times: user=0.01 sys=0.00, real=0.00 secs] 
1092.435: [GC (Allocation Failure) [PSYoungGen: 59392K->1376K(59904K)] 393332K->335316K(557056K), 0.0019845 secs] [Times: user=0.00 sys=0.00, real=0.00 secs] 
1092.676: [GC (Allocation Failure) [PSYoungGen: 59232K->1376K(59904K)] 393172K->335324K(557056K), 0.0019009 secs] [Times: user=0.01 sys=0.00, real=0.00 secs] 
1092.916: [GC (Allocation Failure) [PSYoungGen: 59232K->1376K(59904K)] 393180K->335324K(557056K), 0.0018525 secs] [Times: user=0.00 sys=0.00, real=0.00 secs] 
1093.156: [GC (Allocation Failure) [PSYoungGen: 59232K->1408K(59904K)] 393180K->335356K(557056K), 0.0017945 secs] [Times: user=0.01 sys=0.01, real=0.00 secs] 
1093.462: [GC (Allocation Failure) [PSYoungGen: 59264K->1453K(59904K)] 393212K->335402K(557056K), 0.0022937 secs] [Times: user=0.01 sys=0.00, real=0.00 secs] 
1093.905: [GC (Allocation Failure) [PSYoungGen: 59308K->1520K(59904K)] 393257K->335484K(557056K), 0.0016497 secs] [Times: user=0.00 sys=0.00, real=0.00 secs] 
1094.243: [GC (Allocation Failure) [PSYoungGen: 59376K->1552K(59904K)] 393340K->335524K(557056K), 0.0016636 secs] [Times: user=0.01 sys=0.00, real=0.00 secs] 
1094.581: [GC (Allocation Failure) [PSYoungGen: 59408K->1565K(59904K)] 393380K->335554K(557056K), 0.0016141 secs] [Times: user=0.01 sys=0.00, real=0.01 secs] 
1094.918: [GC (Allocation Failure) [PSYoungGen: 59421K->1517K(59904K)] 393410K->335514K(557056K), 0.0016180 secs] [Times: user=0.01 sys=0.00, real=0.00 secs] 
1095.312: [GC (Allocation Failure) [PSYoungGen: 59373K->1408K(59904K)] 393370K->335412K(557056K), 0.0022244 secs] [Times: user=0.01 sys=0.00, real=0.01 secs] 
1095.541: [GC (Allocation Failure) [PSYoungGen: 59264K->1440K(59904K)] 393268K->335444K(557056K), 0.0019357 secs] [Times: user=0.01 sys=0.00, real=0.01 secs] 
1095.782: [GC (Allocation Failure) [PSYoungGen: 59296K->1344K(59904K)] 393300K->335348K(557056K), 0.0019325 secs] [Times: user=0.01 sys=0.00, real=0.00 secs] 
1096.022: [GC (Allocation Failure) [PSYoungGen: 59200K->1344K(59904K)] 393204K->335348K(557056K), 0.0018644 secs] [Times: user=0.00 sys=0.00, real=0.00 secs] 
1096.357: [GC (Allocation Failure) [PSYoungGen: 59200K->1424K(59904K)] 393204K->335428K(557056K), 0.0014484 secs] [Times: user=0.01 sys=0.00, real=0.00 secs] 
1096.756: [GC (Allocation Failure) [PSYoungGen: 59280K->1520K(59904K)] 393284K->335540K(557056K), 0.0016951 secs] [Times: user=0.01 sys=0.00, real=0.00 secs] 
1097.095: [GC (Allocation Failure) [PSYoungGen: 59370K->1552K(59904K)] 393390K->335572K(557056K), 0.0017848 secs] [Times: user=0.00 sys=0.00, real=0.00 secs] 
1097.432: [GC (Allocation Failure) [PSYoungGen: 59408K->1549K(59904K)] 393428K->335570K(557056K), 0.0016736 secs] [Times: user=0.00 sys=0.00, real=0.00 secs] 
1097.772: [GC (Allocation Failure) [PSYoungGen: 59405K->1549K(59904K)] 393426K->335570K(557056K), 0.0015542 secs] [Times: user=0.01 sys=0.00, real=0.00 secs] 
1098.377: [GC (Allocation Failure) [PSYoungGen: 59405K->1408K(59904K)] 393426K->335428K(557056K), 0.0032320 secs] [Times: user=0.01 sys=0.00, real=0.00 secs] 
1098.840: [GC (Allocation Failure) [PSYoungGen: 59264K->1408K(59904K)] 393284K->335428K(557056K), 0.0026416 secs] [Times: user=0.01 sys=0.00, real=0.01 secs] 
1099.303: [GC (Allocation Failure) [PSYoungGen: 59264K->1344K(59904K)] 393284K->335364K(557056K), 0.0023759 secs] [Times: user=0.01 sys=0.00, real=0.00 secs] 
1099.838: [GC (Allocation Failure) [PSYoungGen: 59200K->1408K(59904K)] 393220K->335428K(557056K), 0.0037695 secs] [Times: user=0.02 sys=0.00, real=0.00 secs] 
1100.277: [GC (Allocation Failure) [PSYoungGen: 59262K->1424K(59904K)] 393283K->335444K(557056K), 0.0021899 secs] [Times: user=0.01 sys=0.00, real=0.00 secs] 
1100.657: [GC (Allocation Failure) [PSYoungGen: 59280K->1488K(59904K)] 393300K->335508K(557056K), 0.0016921 secs] [Times: user=0.00 sys=0.00, real=0.00 secs] 
1100.995: [GC (Allocation Failure) [PSYoungGen: 59344K->1584K(59904K)] 393364K->335620K(557056K), 0.0015736 secs] [Times: user=0.00 sys=0.00, real=0.00 secs] 
1101.332: [GC (Allocation Failure) [PSYoungGen: 59440K->1552K(59904K)] 393476K->335588K(557056K), 0.0016268 secs] [Times: user=0.00 sys=0.00, real=0.00 secs] 
1101.667: [GC (Allocation Failure) [PSYoungGen: 59408K->1488K(59904K)] 393444K->335524K(557056K), 0.0016107 secs] [Times: user=0.01 sys=0.00, real=0.00 secs] 
1102.557: [GC (Allocation Failure) [PSYoungGen: 59344K->1392K(59904K)] 393380K->335436K(557056K), 0.0024293 secs] [Times: user=0.01 sys=0.00, real=0.00 secs] 
1102.791: [GC (Allocation Failure) [PSYoungGen: 59248K->1376K(59904K)] 393292K->335420K(557056K), 0.0019604 secs] [Times: user=0.01 sys=0.00, real=0.01 secs] 
1103.031: [GC (Allocation Failure) [PSYoungGen: 59232K->1408K(59904K)] 393276K->335452K(557056K), 0.0019152 secs] [Times: user=0.01 sys=0.00, real=0.01 secs] 
1103.272: [GC (Allocation Failure) [PSYoungGen: 59264K->1376K(59904K)] 393308K->335420K(557056K), 0.0019192 secs] [Times: user=0.00 sys=0.00, real=0.00 secs] 
1103.512: [GC (Allocation Failure) [PSYoungGen: 59232K->1376K(59904K)] 393276K->335420K(557056K), 0.0016163 secs] [Times: user=0.01 sys=0.00, real=0.00 secs] 
1103.966: [GC (Allocation Failure) [PSYoungGen: 59207K->1568K(59904K)] 393252K->335612K(557056K), 0.0016604 secs] [Times: user=0.01 sys=0.00, real=0.00 secs] 
1104.358: [GC (Allocation Failure) [PSYoungGen: 59424K->1520K(59904K)] 393468K->335596K(557056K), 0.0015776 secs] [Times: user=0.01 sys=0.00, real=0.00 secs] 
1104.757: [GC (Allocation Failure) [PSYoungGen: 59376K->1552K(59904K)] 393452K->335628K(557056K), 0.0016132 secs] [Times: user=0.00 sys=0.00, real=0.00 secs] 
1105.093: [GC (Allocation Failure) [PSYoungGen: 59408K->1488K(59904K)] 393484K->335564K(557056K), 0.0015690 secs] [Times: user=0.01 sys=0.00, real=0.00 secs] 
1105.400: [GC (Allocation Failure) [PSYoungGen: 59344K->1376K(59904K)] 393420K->335452K(557056K), 0.0028755 secs] [Times: user=0.02 sys=0.00, real=0.01 secs] 
1105.643: [GC (Allocation Failure) [PSYoungGen: 59232K->1376K(59904K)] 393308K->335452K(557056K), 0.0019694 secs] [Times: user=0.01 sys=0.00, real=0.00 secs] 
1105.883: [GC (Allocation Failure) [PSYoungGen: 59232K->1376K(59904K)] 393308K->335452K(557056K), 0.0022881 secs] [Times: user=0.01 sys=0.00, real=0.00 secs] 
1106.124: [GC (Allocation Failure) [PSYoungGen: 59232K->1408K(59904K)] 393308K->335484K(557056K), 0.0017825 secs] [Times: user=0.00 sys=0.00, real=0.00 secs] 
1106.423: [GC (Allocation Failure) [PSYoungGen: 59264K->1376K(59904K)] 393340K->335452K(557056K), 0.0019953 secs] [Times: user=0.01 sys=0.00, real=0.00 secs] 
1106.833: [GC (Allocation Failure) [PSYoungGen: 59232K->1469K(59904K)] 393308K->335546K(557056K), 0.0015943 secs] [Times: user=0.01 sys=0.00, real=0.00 secs] 
1107.170: [GC (Allocation Failure) [PSYoungGen: 59325K->1552K(59904K)] 393402K->335644K(557056K), 0.0016481 secs] [Times: user=0.01 sys=0.00, real=0.01 secs] 
1107.508: [GC (Allocation Failure) [PSYoungGen: 59383K->1488K(59904K)] 393476K->335580K(557056K), 0.0015958 secs] [Times: user=0.01 sys=0.00, real=0.00 secs] 
1107.848: [GC (Allocation Failure) [PSYoungGen: 59344K->1520K(59904K)] 393436K->335612K(557056K), 0.0016310 secs] [Times: user=0.01 sys=0.00, real=0.00 secs] 
1108.201: [GC (Allocation Failure) [PSYoungGen: 59376K->1408K(59904K)] 393468K->335500K(557056K), 0.0018322 secs] [Times: user=0.00 sys=0.00, real=0.01 secs] 
1108.495: [GC (Allocation Failure) [PSYoungGen: 59264K->1376K(59904K)] 393356K->335468K(557056K), 0.0018055 secs] [Times: user=0.01 sys=0.00, real=0.00 secs] 
1108.752: [GC (Allocation Failure) [PSYoungGen: 59232K->1376K(59904K)] 393324K->335468K(557056K), 0.0031279 secs] [Times: user=0.01 sys=0.00, real=0.01 secs] 
1109.007: [GC (Allocation Failure) [PSYoungGen: 59232K->1376K(59904K)] 393324K->335468K(557056K), 0.0025883 secs] [Times: user=0.01 sys=0.00, real=0.00 secs] 
1109.279: [GC (Allocation Failure) [PSYoungGen: 59232K->1376K(59904K)] 393324K->335468K(557056K), 0.0035357 secs] [Times: user=0.01 sys=0.00, real=0.01 secs] 
1109.664: [GC (Allocation Failure) [PSYoungGen: 59232K->1552K(59904K)] 393324K->335644K(557056K), 0.0015209 secs] [Times: user=0.00 sys=0.00, real=0.00 secs] 
1110.003: [GC (Allocation Failure) [PSYoungGen: 59390K->1552K(59904K)] 393482K->335660K(557056K), 0.0016830 secs] [Times: user=0.01 sys=0.00, real=0.00 secs] 
1110.340: [GC (Allocation Failure) [PSYoungGen: 59408K->1584K(59904K)] 393516K->335692K(557056K), 0.0015124 secs] [Times: user=0.00 sys=0.00, real=0.00 secs] 
1110.675: [GC (Allocation Failure) [PSYoungGen: 59440K->1549K(59904K)] 393548K->335658K(557056K), 0.0016061 secs] [Times: user=0.00 sys=0.00, real=0.00 secs] 
1110.996: [GC (Allocation Failure) [PSYoungGen: 59405K->1408K(59904K)] 393514K->335516K(557056K), 0.0018574 secs] [Times: user=0.01 sys=0.00, real=0.00 secs] 
1111.255: [GC (Allocation Failure) [PSYoungGen: 59264K->1376K(59904K)] 393372K->335484K(557056K), 0.0018547 secs] [Times: user=0.00 sys=0.00, real=0.00 secs] 
1111.545: [GC (Allocation Failure) [PSYoungGen: 59232K->1376K(59904K)] 393340K->335484K(557056K), 0.0018501 secs] [Times: user=0.00 sys=0.00, real=0.00 secs] 
1111.786: [GC (Allocation Failure) [PSYoungGen: 59232K->1344K(59904K)] 393340K->335452K(557056K), 0.0026750 secs] [Times: user=0.01 sys=0.00, real=0.00 secs] 
1112.031: [GC (Allocation Failure) [PSYoungGen: 59200K->1376K(59904K)] 393308K->335484K(557056K), 0.0021803 secs] [Times: user=0.01 sys=0.00, real=0.01 secs] 
1112.417: [GC (Allocation Failure) [PSYoungGen: 59222K->1488K(59904K)] 393331K->335596K(557056K), 0.0017321 secs] [Times: user=0.01 sys=0.00, real=0.00 secs] 
1112.758: [GC (Allocation Failure) [PSYoungGen: 59344K->1533K(59904K)] 393452K->335666K(557056K), 0.0015977 secs] [Times: user=0.00 sys=0.00, real=0.00 secs] 
1113.098: [GC (Allocation Failure) [PSYoungGen: 59389K->1549K(59904K)] 393522K->335682K(557056K), 0.0016586 secs] [Times: user=0.01 sys=0.00, real=0.00 secs] 
1113.494: [GC (Allocation Failure) [PSYoungGen: 59405K->1552K(59904K)] 393538K->335684K(557056K), 0.0016795 secs] [Times: user=0.00 sys=0.00, real=0.00 secs] 
1114.066: [GC (Allocation Failure) [PSYoungGen: 59408K->1456K(59904K)] 393540K->335588K(557056K), 0.0019971 secs] [Times: user=0.00 sys=0.00, real=0.00 secs] 
1114.429: [GC (Allocation Failure) [PSYoungGen: 59312K->1408K(59904K)] 393444K->335540K(557056K), 0.0019504 secs] [Times: user=0.00 sys=0.01, real=0.00 secs] 
1114.723: [GC (Allocation Failure) [PSYoungGen: 59264K->1408K(59904K)] 393396K->335540K(557056K), 0.0020804 secs] [Times: user=0.01 sys=0.00, real=0.00 secs] 
1114.977: [GC (Allocation Failure) [PSYoungGen: 59264K->1376K(59904K)] 393396K->335508K(557056K), 0.0019098 secs] [Times: user=0.00 sys=0.00, real=0.00 secs] 
1115.360: [GC (Allocation Failure) [PSYoungGen: 59232K->1408K(59904K)] 393364K->335540K(557056K), 0.0018347 secs] [Times: user=0.01 sys=0.00, real=0.01 secs] 
1115.741: [GC (Allocation Failure) [PSYoungGen: 59233K->1520K(59904K)] 393365K->335652K(557056K), 0.0015337 secs] [Times: user=0.00 sys=0.00, real=0.01 secs] 
1116.077: [GC (Allocation Failure) [PSYoungGen: 59376K->1520K(59904K)] 393508K->335668K(557056K), 0.0015825 secs] [Times: user=0.00 sys=0.00, real=0.00 secs] 
1116.415: [GC (Allocation Failure) [PSYoungGen: 59376K->1552K(59904K)] 393524K->335700K(557056K), 0.0015805 secs] [Times: user=0.01 sys=0.00, real=0.00 secs] 
1116.758: [GC (Allocation Failure) [PSYoungGen: 59408K->1552K(59904K)] 393556K->335700K(557056K), 0.0016111 secs] [Times: user=0.01 sys=0.00, real=0.00 secs] 
1117.337: [GC (Allocation Failure) [PSYoungGen: 59408K->1504K(59904K)] 393556K->335652K(557056K), 0.0021909 secs] [Times: user=0.01 sys=0.00, real=0.00 secs] 
1117.833: [GC (Allocation Failure) [PSYoungGen: 59360K->1360K(59904K)] 393508K->335508K(557056K), 0.0036887 secs] [Times: user=0.01 sys=0.00, real=0.00 secs] 
1118.372: [GC (Allocation Failure) [PSYoungGen: 59216K->1392K(59904K)] 393364K->335540K(557056K), 0.0030592 secs] [Times: user=0.01 sys=0.00, real=0.00 secs] 
1118.643: [GC (Allocation Failure) [PSYoungGen: 59248K->1408K(59904K)] 393396K->335556K(557056K), 0.0018343 secs] [Times: user=0.00 sys=0.00, real=0.00 secs] 
1118.888: [GC (Allocation Failure) [PSYoungGen: 59264K->1424K(59904K)] 393412K->335572K(557056K), 0.0017907 secs] [Times: user=0.01 sys=0.00, real=0.00 secs] 
1119.266: [GC (Allocation Failure) [PSYoungGen: 59280K->1552K(59904K)] 393428K->335700K(557056K), 0.0015206 secs] [Times: user=0.01 sys=0.00, real=0.00 secs] 
1119.604: [GC (Allocation Failure) [PSYoungGen: 59403K->1552K(59904K)] 393552K->335716K(557056K), 0.0016398 secs] [Times: user=0.01 sys=0.00, real=0.00 secs] 
1119.941: [GC (Allocation Failure) [PSYoungGen: 59408K->1565K(59904K)] 393572K->335730K(557056K), 0.0015399 secs] [Times: user=0.01 sys=0.00, real=0.01 secs] 
1120.277: [GC (Allocation Failure) [PSYoungGen: 59421K->1552K(59904K)] 393586K->335716K(557056K), 0.0015798 secs] [Times: user=0.01 sys=0.00, real=0.00 secs] 
1121.303: [GC (Allocation Failure) [PSYoungGen: 59408K->1456K(59904K)] 393572K->335620K(557056K), 0.0027420 secs] [Times: user=0.01 sys=0.00, real=0.00 secs] 
1122.359: [GC (Allocation Failure) [PSYoungGen: 59312K->1376K(59904K)] 393476K->335540K(557056K), 0.0032513 secs] [Times: user=0.01 sys=0.00, real=0.01 secs] 
1122.982: [GC (Allocation Failure) [PSYoungGen: 59232K->1376K(59904K)] 393396K->335540K(557056K), 0.0026258 secs] [Times: user=0.01 sys=0.00, real=0.00 secs] 
1123.390: [GC (Allocation Failure) [PSYoungGen: 59232K->1344K(59904K)] 393396K->335508K(557056K), 0.0022576 secs] [Times: user=0.01 sys=0.00, real=0.01 secs] 
1123.859: [GC (Allocation Failure) [PSYoungGen: 59200K->1376K(59904K)] 393364K->335540K(557056K), 0.0022699 secs] [Times: user=0.01 sys=0.00, real=0.00 secs] 
1124.372: [GC (Allocation Failure) [PSYoungGen: 59211K->1488K(59904K)] 393376K->335652K(557056K), 0.0014727 secs] [Times: user=0.00 sys=0.00, real=0.01 secs] 
1124.709: [GC (Allocation Failure) [PSYoungGen: 59344K->1520K(59904K)] 393508K->335692K(557056K), 0.0015101 secs] [Times: user=0.01 sys=0.00, real=0.00 secs] 
1125.047: [GC (Allocation Failure) [PSYoungGen: 59376K->1488K(59904K)] 393548K->335660K(557056K), 0.0016263 secs] [Times: user=0.01 sys=0.00, real=0.00 secs] 
1125.383: [GC (Allocation Failure) [PSYoungGen: 59344K->1517K(59904K)] 393516K->335706K(557056K), 0.0015879 secs] [Times: user=0.00 sys=0.00, real=0.00 secs] 
1125.790: [GC (Allocation Failure) [PSYoungGen: 59373K->1456K(59904K)] 393562K->335644K(557056K), 0.0017584 secs] [Times: user=0.01 sys=0.00, real=0.01 secs] 
1126.139: [GC (Allocation Failure) [PSYoungGen: 59312K->1408K(59904K)] 393500K->335596K(557056K), 0.0017024 secs] [Times: user=0.01 sys=0.00, real=0.00 secs] 
1126.380: [GC (Allocation Failure) [PSYoungGen: 59264K->1376K(59904K)] 393452K->335564K(557056K), 0.0018366 secs] [Times: user=0.00 sys=0.00, real=0.01 secs] 
1126.621: [GC (Allocation Failure) [PSYoungGen: 59232K->1360K(59904K)] 393420K->335548K(557056K), 0.0016466 secs] [Times: user=0.01 sys=0.00, real=0.01 secs] 
1126.861: [GC (Allocation Failure) [PSYoungGen: 59216K->1344K(59904K)] 393404K->335532K(557056K), 0.0018974 secs] [Times: user=0.00 sys=0.00, real=0.01 secs] 
1127.175: [GC (Allocation Failure) [PSYoungGen: 59200K->1504K(59904K)] 393388K->335692K(557056K), 0.0015133 secs] [Times: user=0.00 sys=0.00, real=0.00 secs] 
1127.513: [GC (Allocation Failure) [PSYoungGen: 59358K->1552K(59904K)] 393547K->335748K(557056K), 0.0015743 secs] [Times: user=0.01 sys=0.00, real=0.00 secs] 
1127.851: [GC (Allocation Failure) [PSYoungGen: 59408K->1520K(59904K)] 393604K->335716K(557056K), 0.0016506 secs] [Times: user=0.01 sys=0.00, real=0.01 secs] 
1128.192: [GC (Allocation Failure) [PSYoungGen: 59376K->1517K(59904K)] 393572K->335714K(557056K), 0.0015505 secs] [Times: user=0.00 sys=0.00, real=0.00 secs] 
1128.672: [GC (Allocation Failure) [PSYoungGen: 59373K->1456K(59904K)] 393570K->335652K(557056K), 0.0016500 secs] [Times: user=0.01 sys=0.00, real=0.00 secs] 
1128.969: [GC (Allocation Failure) [PSYoungGen: 59312K->1376K(59904K)] 393508K->335572K(557056K), 0.0025342 secs] [Times: user=0.01 sys=0.00, real=0.00 secs] 
1129.211: [GC (Allocation Failure) [PSYoungGen: 59232K->1344K(59904K)] 393428K->335540K(557056K), 0.0021106 secs] [Times: user=0.01 sys=0.00, real=0.01 secs] 
1129.451: [GC (Allocation Failure) [PSYoungGen: 59200K->1376K(59904K)] 393396K->335572K(557056K), 0.0018589 secs] [Times: user=0.01 sys=0.00, real=0.01 secs] 
1129.692: [GC (Allocation Failure) [PSYoungGen: 59232K->1344K(59904K)] 393428K->335540K(557056K), 0.0019613 secs] [Times: user=0.00 sys=0.00, real=0.00 secs] 
1130.003: [GC (Allocation Failure) [PSYoungGen: 59200K->1488K(59904K)] 393396K->335684K(557056K), 0.0015473 secs] [Times: user=0.01 sys=0.00, real=0.00 secs] 
1130.341: [GC (Allocation Failure) [PSYoungGen: 59344K->1584K(59904K)] 393540K->335788K(557056K), 0.0015926 secs] [Times: user=0.01 sys=0.00, real=0.01 secs] 
1130.679: [GC (Allocation Failure) [PSYoungGen: 59428K->1520K(59904K)] 393633K->335724K(557056K), 0.0016786 secs] [Times: user=0.01 sys=0.00, real=0.00 secs] 
1131.016: [GC (Allocation Failure) [PSYoungGen: 59376K->1488K(59904K)] 393580K->335692K(557056K), 0.0015223 secs] [Times: user=0.00 sys=0.00, real=0.00 secs] 
1131.914: [GC (Allocation Failure) [PSYoungGen: 59344K->2000K(59904K)] 393548K->336212K(557056K), 0.0038631 secs] [Times: user=0.01 sys=0.00, real=0.00 secs] 
1132.424: [GC (Allocation Failure) [PSYoungGen: 59856K->1360K(59904K)] 394068K->335572K(557056K), 0.0033310 secs] [Times: user=0.01 sys=0.00, real=0.00 secs] 
1132.896: [GC (Allocation Failure) [PSYoungGen: 59216K->1376K(59904K)] 393428K->335588K(557056K), 0.0029177 secs] [Times: user=0.02 sys=0.00, real=0.00 secs] 
1133.407: [GC (Allocation Failure) [PSYoungGen: 59232K->1376K(59904K)] 393444K->335588K(557056K), 0.0025355 secs] [Times: user=0.01 sys=0.00, real=0.00 secs] 
1133.753: [GC (Allocation Failure) [PSYoungGen: 59232K->1408K(59904K)] 393444K->335620K(557056K), 0.0019774 secs] [Times: user=0.01 sys=0.00, real=0.00 secs] 
1134.256: [GC (Allocation Failure) [PSYoungGen: 59264K->1456K(59904K)] 393476K->335676K(557056K), 0.0015833 secs] [Times: user=0.00 sys=0.00, real=0.00 secs] 
1134.601: [GC (Allocation Failure) [PSYoungGen: 59309K->1552K(59904K)] 393530K->335780K(557056K), 0.0015410 secs] [Times: user=0.01 sys=0.00, real=0.01 secs] 
1134.940: [GC (Allocation Failure) [PSYoungGen: 59408K->1520K(59904K)] 393636K->335748K(557056K), 0.0016461 secs] [Times: user=0.01 sys=0.00, real=0.00 secs] 
1135.277: [GC (Allocation Failure) [PSYoungGen: 59376K->1488K(59904K)] 393604K->335716K(557056K), 0.0015084 secs] [Times: user=0.01 sys=0.00, real=0.00 secs] 
1135.623: [GC (Allocation Failure) [PSYoungGen: 59344K->1648K(59904K)] 393572K->335876K(557056K), 0.0017382 secs] [Times: user=0.00 sys=0.00, real=0.00 secs] 
1135.860: [GC (Allocation Failure) [PSYoungGen: 59504K->1344K(59904K)] 393732K->335572K(557056K), 0.0017646 secs] [Times: user=0.01 sys=0.00, real=0.01 secs] 
1136.100: [GC (Allocation Failure) [PSYoungGen: 59200K->1376K(59904K)] 393428K->335604K(557056K), 0.0016782 secs] [Times: user=0.01 sys=0.00, real=0.00 secs] 
1136.340: [GC (Allocation Failure) [PSYoungGen: 59232K->1376K(59904K)] 393460K->335604K(557056K), 0.0015945 secs] [Times: user=0.00 sys=0.00, real=0.01 secs] 
1136.680: [GC (Allocation Failure) [PSYoungGen: 59232K->1376K(59904K)] 393460K->335604K(557056K), 0.0016879 secs] [Times: user=0.00 sys=0.00, real=0.00 secs] 
1137.374: [GC (Allocation Failure) [PSYoungGen: 59203K->1437K(59904K)] 393431K->335666K(557056K), 0.0022237 secs] [Times: user=0.01 sys=0.00, real=0.00 secs] 
1137.836: [GC (Allocation Failure) [PSYoungGen: 59293K->1517K(59904K)] 393522K->335754K(557056K), 0.0057716 secs] [Times: user=0.02 sys=0.00, real=0.01 secs] 
1138.183: [GC (Allocation Failure) [PSYoungGen: 59351K->1549K(59904K)] 393588K->335786K(557056K), 0.0015951 secs] [Times: user=0.01 sys=0.00, real=0.00 secs] 
1138.524: [GC (Allocation Failure) [PSYoungGen: 59405K->1488K(59904K)] 393642K->335724K(557056K), 0.0016517 secs] [Times: user=0.01 sys=0.00, real=0.00 secs] 
1138.859: [GC (Allocation Failure) [PSYoungGen: 59344K->1552K(59904K)] 393580K->335788K(557056K), 0.0016260 secs] [Times: user=0.00 sys=0.00, real=0.00 secs] 
1139.408: [GC (Allocation Failure) [PSYoungGen: 59408K->1424K(59904K)] 393644K->335660K(557056K), 0.0025908 secs] [Times: user=0.01 sys=0.00, real=0.00 secs] 
1139.642: [GC (Allocation Failure) [PSYoungGen: 59280K->1376K(59904K)] 393516K->335612K(557056K), 0.0019553 secs] [Times: user=0.01 sys=0.00, real=0.00 secs] 
1139.882: [GC (Allocation Failure) [PSYoungGen: 59232K->1344K(59904K)] 393468K->335580K(557056K), 0.0019096 secs] [Times: user=0.01 sys=0.00, real=0.00 secs] 
1140.122: [GC (Allocation Failure) [PSYoungGen: 59200K->1376K(59904K)] 393436K->335612K(557056K), 0.0016102 secs] [Times: user=0.00 sys=0.00, real=0.00 secs] 
1140.407: [GC (Allocation Failure) [PSYoungGen: 59232K->1392K(59904K)] 393468K->335628K(557056K), 0.0015060 secs] [Times: user=0.01 sys=0.00, real=0.00 secs] 
1140.747: [GC (Allocation Failure) [PSYoungGen: 59223K->1549K(59904K)] 393460K->335802K(557056K), 0.0015973 secs] [Times: user=0.01 sys=0.00, real=0.00 secs] 
1141.083: [GC (Allocation Failure) [PSYoungGen: 59405K->1584K(59904K)] 393658K->335836K(557056K), 0.0017270 secs] [Times: user=0.00 sys=0.00, real=0.00 secs] 
1141.479: [GC (Allocation Failure) [PSYoungGen: 59440K->1565K(59904K)] 393692K->335818K(557056K), 0.0017289 secs] [Times: user=0.00 sys=0.00, real=0.00 secs] 
1141.816: [GC (Allocation Failure) [PSYoungGen: 59421K->1520K(59904K)] 393674K->335772K(557056K), 0.0015894 secs] [Times: user=0.00 sys=0.00, real=0.00 secs] 
1142.104: [GC (Allocation Failure) [PSYoungGen: 59376K->1408K(59904K)] 393628K->335660K(557056K), 0.0020254 secs] [Times: user=0.01 sys=0.00, real=0.00 secs] 
1142.345: [GC (Allocation Failure) [PSYoungGen: 59264K->1376K(59904K)] 393516K->335628K(557056K), 0.0018719 secs] [Times: user=0.01 sys=0.00, real=0.00 secs] 
1142.585: [GC (Allocation Failure) [PSYoungGen: 59232K->1408K(59904K)] 393484K->335660K(557056K), 0.0017781 secs] [Times: user=0.01 sys=0.00, real=0.00 secs] 
1142.826: [GC (Allocation Failure) [PSYoungGen: 59264K->1376K(59904K)] 393516K->335652K(557056K), 0.0017376 secs] [Times: user=0.00 sys=0.00, real=0.00 secs] 
1143.121: [GC (Allocation Failure) [PSYoungGen: 59212K->1469K(59904K)] 393488K->335746K(557056K), 0.0026841 secs] [Times: user=0.01 sys=0.00, real=0.01 secs] 
1143.571: [GC (Allocation Failure) [PSYoungGen: 59325K->1520K(59904K)] 393602K->335796K(557056K), 0.0016353 secs] [Times: user=0.01 sys=0.00, real=0.01 secs] 
1143.908: [GC (Allocation Failure) [PSYoungGen: 59356K->1501K(59904K)] 393633K->335786K(557056K), 0.0014326 secs] [Times: user=0.01 sys=0.00, real=0.00 secs] 
1144.245: [GC (Allocation Failure) [PSYoungGen: 59357K->1520K(59904K)] 393642K->335804K(557056K), 0.0016448 secs] [Times: user=0.01 sys=0.00, real=0.00 secs] 
1144.580: [GC (Allocation Failure) [PSYoungGen: 59376K->1565K(59904K)] 393660K->335850K(557056K), 0.0015927 secs] [Times: user=0.01 sys=0.00, real=0.01 secs] 
1145.133: [GC (Allocation Failure) [PSYoungGen: 59421K->1408K(59904K)] 393706K->335700K(557056K), 0.0030319 secs] [Times: user=0.01 sys=0.00, real=0.00 secs] 
1145.611: [GC (Allocation Failure) [PSYoungGen: 59264K->1376K(59904K)] 393556K->335668K(557056K), 0.0025050 secs] [Times: user=0.01 sys=0.00, real=0.01 secs] 
1146.159: [GC (Allocation Failure) [PSYoungGen: 59232K->1408K(59904K)] 393524K->335700K(557056K), 0.0019200 secs] [Times: user=0.01 sys=0.00, real=0.00 secs] 
1146.763: [GC (Allocation Failure) [PSYoungGen: 59264K->1344K(59904K)] 393556K->335636K(557056K), 0.0022672 secs] [Times: user=0.01 sys=0.00, real=0.00 secs] 
1147.225: [GC (Allocation Failure) [PSYoungGen: 59200K->1376K(59904K)] 393492K->335668K(557056K), 0.0032784 secs] [Times: user=0.01 sys=0.00, real=0.00 secs] 
1147.703: [GC (Allocation Failure) [PSYoungGen: 59232K->1488K(59904K)] 393524K->335780K(557056K), 0.0016750 secs] [Times: user=0.01 sys=0.00, real=0.00 secs] 
1148.042: [GC (Allocation Failure) [PSYoungGen: 59344K->1533K(59904K)] 393636K->335842K(557056K), 0.0015267 secs] [Times: user=0.01 sys=0.00, real=0.00 secs] 
1148.383: [GC (Allocation Failure) [PSYoungGen: 59358K->1565K(59904K)] 393667K->335874K(557056K), 0.0015840 secs] [Times: user=0.00 sys=0.00, real=0.00 secs] 
1148.780: [GC (Allocation Failure) [PSYoungGen: 59421K->1552K(59904K)] 393730K->335860K(557056K), 0.0016119 secs] [Times: user=0.00 sys=0.00, real=0.01 secs] 
1149.477: [GC (Allocation Failure) [PSYoungGen: 59408K->1408K(59904K)] 393716K->335724K(557056K), 0.0032280 secs] [Times: user=0.01 sys=0.00, real=0.00 secs] 
1150.031: [GC (Allocation Failure) [PSYoungGen: 59264K->1376K(59904K)] 393580K->335692K(557056K), 0.0025002 secs] [Times: user=0.01 sys=0.00, real=0.01 secs] 
1150.294: [GC (Allocation Failure) [PSYoungGen: 59232K->1408K(59904K)] 393548K->335724K(557056K), 0.0018142 secs] [Times: user=0.01 sys=0.00, real=0.00 secs] 
1150.688: [GC (Allocation Failure) [PSYoungGen: 59264K->1312K(59904K)] 393580K->335628K(557056K), 0.0018526 secs] [Times: user=0.01 sys=0.00, real=0.00 secs] 
1151.087: [GC (Allocation Failure) [PSYoungGen: 59168K->1376K(59904K)] 393484K->335692K(557056K), 0.0025449 secs] [Times: user=0.01 sys=0.00, real=0.00 secs] 
1151.605: [GC (Allocation Failure) [PSYoungGen: 59221K->1501K(59904K)] 393538K->335818K(557056K), 0.0015662 secs] [Times: user=0.01 sys=0.00, real=0.00 secs] 
1151.942: [GC (Allocation Failure) [PSYoungGen: 59357K->1552K(59904K)] 393674K->335876K(557056K), 0.0016409 secs] [Times: user=0.00 sys=0.00, real=0.00 secs] 
1152.279: [GC (Allocation Failure) [PSYoungGen: 59408K->1565K(59904K)] 393732K->335890K(557056K), 0.0014802 secs] [Times: user=0.00 sys=0.00, real=0.00 secs] 
1152.614: [GC (Allocation Failure) [PSYoungGen: 59421K->1565K(59904K)] 393746K->335890K(557056K), 0.0014827 secs] [Times: user=0.01 sys=0.00, real=0.00 secs] 
1153.055: [GC (Allocation Failure) [PSYoungGen: 59421K->1424K(59904K)] 393746K->335756K(557056K), 0.0024116 secs] [Times: user=0.01 sys=0.00, real=0.00 secs] 
1153.296: [GC (Allocation Failure) [PSYoungGen: 59280K->1344K(59904K)] 393612K->335676K(557056K), 0.0017558 secs] [Times: user=0.01 sys=0.00, real=0.00 secs] 
1153.583: [GC (Allocation Failure) [PSYoungGen: 59200K->1376K(59904K)] 393532K->335708K(557056K), 0.0020010 secs] [Times: user=0.01 sys=0.00, real=0.00 secs] 
1153.823: [GC (Allocation Failure) [PSYoungGen: 59232K->1376K(59904K)] 393564K->335708K(557056K), 0.0018577 secs] [Times: user=0.01 sys=0.00, real=0.00 secs] 
1154.063: [GC (Allocation Failure) [PSYoungGen: 59232K->1408K(59904K)] 393564K->335756K(557056K), 0.0019329 secs] [Times: user=0.01 sys=0.00, real=0.00 secs] 
1154.451: [GC (Allocation Failure) [PSYoungGen: 59243K->1504K(59904K)] 393591K->335852K(557056K), 0.0015280 secs] [Times: user=0.00 sys=0.01, real=0.01 secs] 
1154.786: [GC (Allocation Failure) [PSYoungGen: 59360K->1501K(59904K)] 393708K->335866K(557056K), 0.0016088 secs] [Times: user=0.01 sys=0.00, real=0.00 secs] 
1155.132: [GC (Allocation Failure) [PSYoungGen: 59357K->1520K(59904K)] 393722K->335884K(557056K), 0.0015834 secs] [Times: user=0.01 sys=0.00, real=0.00 secs] 
1155.468: [GC (Allocation Failure) [PSYoungGen: 59376K->1549K(59904K)] 393740K->335914K(557056K), 0.0016182 secs] [Times: user=0.01 sys=0.00, real=0.00 secs] 
1155.787: [GC (Allocation Failure) [PSYoungGen: 59405K->1472K(59904K)] 393770K->335836K(557056K), 0.0016075 secs] [Times: user=0.01 sys=0.00, real=0.00 secs] 
1156.027: [GC (Allocation Failure) [PSYoungGen: 59328K->1376K(59904K)] 393692K->335740K(557056K), 0.0018551 secs] [Times: user=0.01 sys=0.00, real=0.00 secs] 
1156.326: [GC (Allocation Failure) [PSYoungGen: 59232K->1344K(59904K)] 393596K->335708K(557056K), 0.0020965 secs] [Times: user=0.01 sys=0.00, real=0.00 secs] 
1156.821: [GC (Allocation Failure) [PSYoungGen: 59200K->1344K(59904K)] 393564K->335708K(557056K), 0.0030159 secs] [Times: user=0.01 sys=0.00, real=0.01 secs] 
1157.310: [GC (Allocation Failure) [PSYoungGen: 59200K->1408K(59904K)] 393564K->335772K(557056K), 0.0026892 secs] [Times: user=0.01 sys=0.00, real=0.01 secs] 
1157.783: [GC (Allocation Failure) [PSYoungGen: 59248K->1517K(59904K)] 393613K->335882K(557056K), 0.0015207 secs] [Times: user=0.00 sys=0.00, real=0.00 secs] 
1158.120: [GC (Allocation Failure) [PSYoungGen: 59373K->1517K(59904K)] 393738K->335890K(557056K), 0.0014879 secs] [Times: user=0.00 sys=0.00, real=0.01 secs] 
1158.462: [GC (Allocation Failure) [PSYoungGen: 59373K->1520K(59904K)] 393746K->335892K(557056K), 0.0015179 secs] [Times: user=0.01 sys=0.00, real=0.01 secs] 
1158.798: [GC (Allocation Failure) [PSYoungGen: 59376K->1565K(59904K)] 393748K->335938K(557056K), 0.0016338 secs] [Times: user=0.01 sys=0.00, real=0.00 secs] 
1159.259: [GC (Allocation Failure) [PSYoungGen: 59421K->1424K(59904K)] 393794K->335804K(557056K), 0.0018975 secs] [Times: user=0.01 sys=0.00, real=0.00 secs] 
1159.781: [GC (Allocation Failure) [PSYoungGen: 59280K->1424K(59904K)] 393660K->335812K(557056K), 0.0017550 secs] [Times: user=0.01 sys=0.00, real=0.01 secs] 
1160.320: [GC (Allocation Failure) [PSYoungGen: 59280K->1440K(59904K)] 393668K->335828K(557056K), 0.0020228 secs] [Times: user=0.00 sys=0.00, real=0.01 secs] 
1160.652: [GC (Allocation Failure) [PSYoungGen: 59296K->1376K(59904K)] 393684K->335764K(557056K), 0.0019769 secs] [Times: user=0.00 sys=0.00, real=0.00 secs] 
1160.994: [GC (Allocation Failure) [PSYoungGen: 59232K->1408K(59904K)] 393620K->335796K(557056K), 0.0019617 secs] [Times: user=0.01 sys=0.00, real=0.00 secs] 
1161.354: [GC (Allocation Failure) [PSYoungGen: 59252K->1552K(59904K)] 393641K->335940K(557056K), 0.0016374 secs] [Times: user=0.01 sys=0.00, real=0.00 secs] 
1161.691: [GC (Allocation Failure) [PSYoungGen: 59408K->1549K(59904K)] 393796K->335946K(557056K), 0.0015836 secs] [Times: user=0.00 sys=0.00, real=0.01 secs] 
1162.028: [GC (Allocation Failure) [PSYoungGen: 59405K->1552K(59904K)] 393802K->335948K(557056K), 0.0015887 secs] [Times: user=0.01 sys=0.00, real=0.00 secs] 
1162.364: [GC (Allocation Failure) [PSYoungGen: 59408K->1552K(59904K)] 393804K->335948K(557056K), 0.0015976 secs] [Times: user=0.01 sys=0.00, real=0.00 secs] 
1162.692: [GC (Allocation Failure) [PSYoungGen: 59408K->1488K(59904K)] 393804K->335884K(557056K), 0.0017776 secs] [Times: user=0.00 sys=0.00, real=0.00 secs] 
1162.962: [GC (Allocation Failure) [PSYoungGen: 59344K->1440K(59904K)] 393740K->335836K(557056K), 0.0017598 secs] [Times: user=0.00 sys=0.00, real=0.00 secs] 
1163.203: [GC (Allocation Failure) [PSYoungGen: 59296K->1408K(59904K)] 393692K->335804K(557056K), 0.0018154 secs] [Times: user=0.01 sys=0.00, real=0.00 secs] 
1163.443: [GC (Allocation Failure) [PSYoungGen: 59264K->1392K(59904K)] 393660K->335804K(557056K), 0.0018420 secs] [Times: user=0.01 sys=0.00, real=0.00 secs] 
1163.705: [GC (Allocation Failure) [PSYoungGen: 59248K->1376K(59904K)] 393660K->335788K(557056K), 0.0017444 secs] [Times: user=0.01 sys=0.00, real=0.00 secs] 
1164.063: [GC (Allocation Failure) [PSYoungGen: 59228K->1517K(59904K)] 393641K->335930K(557056K), 0.0016502 secs] [Times: user=0.01 sys=0.00, real=0.00 secs] 
1164.399: [GC (Allocation Failure) [PSYoungGen: 59373K->1501K(59904K)] 393786K->335930K(557056K), 0.0016412 secs] [Times: user=0.00 sys=0.00, real=0.00 secs] 
1164.736: [GC (Allocation Failure) [PSYoungGen: 59357K->1488K(59904K)] 393786K->335916K(557056K), 0.0015573 secs] [Times: user=0.00 sys=0.00, real=0.00 secs] 
1165.073: [GC (Allocation Failure) [PSYoungGen: 59344K->1520K(59904K)] 393772K->335948K(557056K), 0.0017496 secs] [Times: user=0.01 sys=0.00, real=0.00 secs] 
1165.408: [GC (Allocation Failure) [PSYoungGen: 59376K->1440K(59904K)] 393804K->335868K(557056K), 0.0016581 secs] [Times: user=0.01 sys=0.00, real=0.00 secs] 
1165.796: [GC (Allocation Failure) [PSYoungGen: 59296K->1360K(59904K)] 393724K->335788K(557056K), 0.0018135 secs] [Times: user=0.01 sys=0.00, real=0.00 secs] 
1166.256: [GC (Allocation Failure) [PSYoungGen: 59216K->1376K(59904K)] 393644K->335804K(557056K), 0.0028571 secs] [Times: user=0.01 sys=0.00, real=0.00 secs] 
1166.830: [GC (Allocation Failure) [PSYoungGen: 59232K->1344K(59904K)] 393660K->335772K(557056K), 0.0023270 secs] [Times: user=0.01 sys=0.00, real=0.01 secs] 
1167.300: [GC (Allocation Failure) [PSYoungGen: 59200K->1376K(59904K)] 393628K->335804K(557056K), 0.0021253 secs] [Times: user=0.01 sys=0.00, real=0.01 secs] 
1167.817: [GC (Allocation Failure) [PSYoungGen: 59227K->1472K(59904K)] 393656K->335900K(557056K), 0.0015026 secs] [Times: user=0.00 sys=0.00, real=0.00 secs] 
1168.154: [GC (Allocation Failure) [PSYoungGen: 59328K->1533K(59904K)] 393756K->335970K(557056K), 0.0016995 secs] [Times: user=0.01 sys=0.00, real=0.00 secs] 
1168.496: [GC (Allocation Failure) [PSYoungGen: 59389K->1565K(59904K)] 393826K->336002K(557056K), 0.0015063 secs] [Times: user=0.01 sys=0.00, real=0.00 secs] 
1168.833: [GC (Allocation Failure) [PSYoungGen: 59421K->1533K(59904K)] 393858K->335970K(557056K), 0.0016621 secs] [Times: user=0.01 sys=0.00, real=0.00 secs] 
1169.254: [GC (Allocation Failure) [PSYoungGen: 59389K->1456K(59904K)] 393826K->335892K(557056K), 0.0017936 secs] [Times: user=0.01 sys=0.00, real=0.00 secs] 
1169.800: [GC (Allocation Failure) [PSYoungGen: 59312K->1376K(59904K)] 393748K->335812K(557056K), 0.0017778 secs] [Times: user=0.01 sys=0.00, real=0.01 secs] 
1170.387: [GC (Allocation Failure) [PSYoungGen: 59232K->1376K(59904K)] 393668K->335812K(557056K), 0.0019728 secs] [Times: user=0.01 sys=0.00, real=0.00 secs] 
1171.113: [GC (Allocation Failure) [PSYoungGen: 59232K->1376K(59904K)] 393668K->335812K(557056K), 0.0022507 secs] [Times: user=0.01 sys=0.00, real=0.00 secs] 
1171.677: [GC (Allocation Failure) [PSYoungGen: 59232K->1408K(59904K)] 393668K->335844K(557056K), 0.0023217 secs] [Times: user=0.01 sys=0.00, real=0.00 secs] 
1172.225: [GC (Allocation Failure) [PSYoungGen: 59264K->1456K(59904K)] 393700K->335892K(557056K), 0.0014928 secs] [Times: user=0.00 sys=0.00, real=0.00 secs] 
1172.563: [GC (Allocation Failure) [PSYoungGen: 59312K->1552K(59904K)] 393748K->336004K(557056K), 0.0016128 secs] [Times: user=0.00 sys=0.00, real=0.00 secs] 
1172.900: [GC (Allocation Failure) [PSYoungGen: 59408K->1488K(59904K)] 393860K->335940K(557056K), 0.0015042 secs] [Times: user=0.01 sys=0.00, real=0.01 secs] 
1173.238: [GC (Allocation Failure) [PSYoungGen: 59344K->1584K(59904K)] 393796K->336036K(557056K), 0.0017171 secs] [Times: user=0.00 sys=0.00, real=0.00 secs] 
1173.607: [GC (Allocation Failure) [PSYoungGen: 59440K->1424K(59904K)] 393892K->335876K(557056K), 0.0018334 secs] [Times: user=0.01 sys=0.00, real=0.00 secs] 
1174.037: [GC (Allocation Failure) [PSYoungGen: 59280K->1376K(59904K)] 393732K->335828K(557056K), 0.0016133 secs] [Times: user=0.01 sys=0.00, real=0.00 secs] 
1174.482: [GC (Allocation Failure) [PSYoungGen: 59232K->1376K(59904K)] 393684K->335828K(557056K), 0.0035923 secs] [Times: user=0.02 sys=0.00, real=0.00 secs] 
1174.984: [GC (Allocation Failure) [PSYoungGen: 59232K->1376K(59904K)] 393684K->335852K(557056K), 0.0020999 secs] [Times: user=0.01 sys=0.00, real=0.00 secs] 
1175.275: [GC (Allocation Failure) [PSYoungGen: 59232K->1376K(59904K)] 393708K->335852K(557056K), 0.0018306 secs] [Times: user=0.01 sys=0.00, real=0.00 secs] 
1175.583: [GC (Allocation Failure) [PSYoungGen: 59201K->1456K(59904K)] 393678K->335932K(557056K), 0.0014818 secs] [Times: user=0.00 sys=0.00, real=0.00 secs] 
1175.924: [GC (Allocation Failure) [PSYoungGen: 59312K->1549K(59904K)] 393788K->336034K(557056K), 0.0015941 secs] [Times: user=0.00 sys=0.00, real=0.00 secs] 
1176.262: [GC (Allocation Failure) [PSYoungGen: 59403K->1517K(59904K)] 393888K->336002K(557056K), 0.0015400 secs] [Times: user=0.00 sys=0.00, real=0.00 secs] 
1176.599: [GC (Allocation Failure) [PSYoungGen: 59373K->1485K(59904K)] 393858K->335970K(557056K), 0.0015012 secs] [Times: user=0.01 sys=0.00, real=0.00 secs] 
1176.954: [GC (Allocation Failure) [PSYoungGen: 59341K->2016K(59904K)] 393826K->337012K(557056K), 0.0017713 secs] [Times: user=0.01 sys=0.00, real=0.00 secs] 
1177.195: [GC (Allocation Failure) [PSYoungGen: 59872K->1344K(59904K)] 394868K->336340K(557056K), 0.0017670 secs] [Times: user=0.01 sys=0.00, real=0.00 secs] 
1177.469: [GC (Allocation Failure) [PSYoungGen: 59200K->1408K(59904K)] 394196K->336404K(557056K), 0.0016128 secs] [Times: user=0.01 sys=0.00, real=0.00 secs] 
1177.890: [GC (Allocation Failure) [PSYoungGen: 59264K->1376K(59904K)] 394260K->336372K(557056K), 0.0017554 secs] [Times: user=0.01 sys=0.00, real=0.00 secs] 
1178.367: [GC (Allocation Failure) [PSYoungGen: 59232K->1408K(59904K)] 394228K->336404K(557056K), 0.0018909 secs] [Times: user=0.01 sys=0.00, real=0.00 secs] 
1178.828: [GC (Allocation Failure) [PSYoungGen: 59243K->1517K(59904K)] 394240K->336514K(557056K), 0.0014982 secs] [Times: user=0.01 sys=0.00, real=0.00 secs] 
1179.164: [GC (Allocation Failure) [PSYoungGen: 59373K->1552K(59904K)] 394370K->336556K(557056K), 0.0016345 secs] [Times: user=0.01 sys=0.00, real=0.00 secs] 
1179.502: [GC (Allocation Failure) [PSYoungGen: 59383K->1517K(59904K)] 394388K->336522K(557056K), 0.0014011 secs] [Times: user=0.01 sys=0.00, real=0.01 secs] 
1179.839: [GC (Allocation Failure) [PSYoungGen: 59373K->1568K(59904K)] 394378K->336572K(557056K), 0.0015404 secs] [Times: user=0.01 sys=0.00, real=0.00 secs] 
1180.206: [GC (Allocation Failure) [PSYoungGen: 59424K->1536K(59904K)] 394428K->336540K(557056K), 0.0016877 secs] [Times: user=0.01 sys=0.00, real=0.00 secs] 
1180.458: [GC (Allocation Failure) [PSYoungGen: 59392K->1376K(59904K)] 394396K->336380K(557056K), 0.0016698 secs] [Times: user=0.01 sys=0.00, real=0.00 secs] 
1180.700: [GC (Allocation Failure) [PSYoungGen: 59232K->1392K(59904K)] 394236K->336396K(557056K), 0.0016477 secs] [Times: user=0.01 sys=0.00, real=0.00 secs] 
1181.092: [GC (Allocation Failure) [PSYoungGen: 59248K->1344K(59904K)] 394252K->336348K(557056K), 0.0017946 secs] [Times: user=0.00 sys=0.00, real=0.00 secs] 
1181.564: [GC (Allocation Failure) [PSYoungGen: 59200K->1376K(59904K)] 394204K->336380K(557056K), 0.0017905 secs] [Times: user=0.01 sys=0.00, real=0.00 secs] 
1182.047: [GC (Allocation Failure) [PSYoungGen: 59232K->1488K(59904K)] 394236K->336492K(557056K), 0.0014291 secs] [Times: user=0.01 sys=0.00, real=0.00 secs] 
1182.385: [GC (Allocation Failure) [PSYoungGen: 59343K->1552K(59904K)] 394348K->336564K(557056K), 0.0015721 secs] [Times: user=0.01 sys=0.00, real=0.00 secs] 
1182.721: [GC (Allocation Failure) [PSYoungGen: 59408K->1584K(59904K)] 394420K->336596K(557056K), 0.0016336 secs] [Times: user=0.01 sys=0.00, real=0.01 secs] 
1183.058: [GC (Allocation Failure) [PSYoungGen: 59440K->1549K(59904K)] 394452K->336562K(557056K), 0.0015931 secs] [Times: user=0.01 sys=0.00, real=0.00 secs] 
1183.396: [GC (Allocation Failure) [PSYoungGen: 59405K->1584K(59904K)] 394418K->336596K(557056K), 0.0016393 secs] [Times: user=0.00 sys=0.00, real=0.00 secs] 
1184.064: [GC (Allocation Failure) [PSYoungGen: 59440K->1440K(59904K)] 394452K->336476K(557056K), 0.0018812 secs] [Times: user=0.00 sys=0.00, real=0.00 secs] 
1184.575: [GC (Allocation Failure) [PSYoungGen: 59296K->1376K(59904K)] 394332K->336412K(557056K), 0.0027232 secs] [Times: user=0.01 sys=0.00, real=0.00 secs] 
1185.096: [GC (Allocation Failure) [PSYoungGen: 59232K->1376K(59904K)] 394268K->336412K(557056K), 0.0026048 secs] [Times: user=0.01 sys=0.00, real=0.00 secs] 
1185.578: [GC (Allocation Failure) [PSYoungGen: 59232K->1344K(59904K)] 394268K->336380K(557056K), 0.0041829 secs] [Times: user=0.02 sys=0.00, real=0.01 secs] 
1186.014: [GC (Allocation Failure) [PSYoungGen: 59200K->1488K(59904K)] 394236K->336524K(557056K), 0.0019912 secs] [Times: user=0.00 sys=0.00, real=0.00 secs] 
1186.372: [GC (Allocation Failure) [PSYoungGen: 59344K->1520K(59904K)] 394380K->336564K(557056K), 0.0016934 secs] [Times: user=0.00 sys=0.00, real=0.00 secs] 
1186.714: [GC (Allocation Failure) [PSYoungGen: 59376K->1552K(59904K)] 394420K->336596K(557056K), 0.0016258 secs] [Times: user=0.01 sys=0.00, real=0.00 secs] 
1187.051: [GC (Allocation Failure) [PSYoungGen: 59408K->1501K(59904K)] 394452K->336546K(557056K), 0.0015947 secs] [Times: user=0.00 sys=0.00, real=0.01 secs] 
1187.387: [GC (Allocation Failure) [PSYoungGen: 59357K->1520K(59904K)] 394402K->336564K(557056K), 0.0016815 secs] [Times: user=0.00 sys=0.00, real=0.00 secs] 
1187.904: [GC (Allocation Failure) [PSYoungGen: 59376K->1440K(59904K)] 394420K->336484K(557056K), 0.0017854 secs] [Times: user=0.01 sys=0.00, real=0.00 secs] 
1188.492: [GC (Allocation Failure) [PSYoungGen: 59296K->1376K(59904K)] 394340K->336420K(557056K), 0.0019836 secs] [Times: user=0.00 sys=0.00, real=0.00 secs] 
1189.175: [GC (Allocation Failure) [PSYoungGen: 59232K->1376K(59904K)] 394276K->336420K(557056K), 0.0023594 secs] [Times: user=0.01 sys=0.00, real=0.00 secs] 
1189.931: [GC (Allocation Failure) [PSYoungGen: 59232K->1344K(59904K)] 394276K->336388K(557056K), 0.0040276 secs] [Times: user=0.01 sys=0.00, real=0.01 secs] 
1190.919: [GC (Allocation Failure) [PSYoungGen: 59074K->288K(59904K)] 394118K->335332K(557056K), 0.0024995 secs] [Times: user=0.01 sys=0.00, real=0.00 secs] 
1191.349: [GC (Allocation Failure) [PSYoungGen: 58144K->1552K(59904K)] 393188K->336596K(557056K), 0.0015592 secs] [Times: user=0.00 sys=0.00, real=0.00 secs] 
1191.687: [GC (Allocation Failure) [PSYoungGen: 59408K->1517K(59904K)] 394452K->336578K(557056K), 0.0015278 secs] [Times: user=0.01 sys=0.00, real=0.00 secs] 
1192.023: [GC (Allocation Failure) [PSYoungGen: 59373K->1565K(59904K)] 394434K->336626K(557056K), 0.0014823 secs] [Times: user=0.01 sys=0.00, real=0.00 secs] 
1192.359: [GC (Allocation Failure) [PSYoungGen: 59421K->1533K(59904K)] 394482K->336594K(557056K), 0.0015990 secs] [Times: user=0.01 sys=0.00, real=0.00 secs] 
1193.091: [GC (Allocation Failure) [PSYoungGen: 59389K->1408K(59904K)] 394450K->336468K(557056K), 0.0018602 secs] [Times: user=0.01 sys=0.00, real=0.01 secs] 
1193.331: [GC (Allocation Failure) [PSYoungGen: 59264K->1344K(59904K)] 394324K->336404K(557056K), 0.0019087 secs] [Times: user=0.00 sys=0.00, real=0.01 secs] 
1193.572: [GC (Allocation Failure) [PSYoungGen: 59200K->1376K(59904K)] 394260K->336436K(557056K), 0.0019342 secs] [Times: user=0.01 sys=0.00, real=0.00 secs] 
1193.813: [GC (Allocation Failure) [PSYoungGen: 59232K->1408K(59904K)] 394292K->336468K(557056K), 0.0019347 secs] [Times: user=0.00 sys=0.00, real=0.00 secs] 
1194.053: [GC (Allocation Failure) [PSYoungGen: 59264K->1344K(59904K)] 394324K->336404K(557056K), 0.0018325 secs] [Times: user=0.00 sys=0.00, real=0.00 secs] 
1194.417: [GC (Allocation Failure) [PSYoungGen: 59180K->1536K(59904K)] 394241K->336596K(557056K), 0.0017177 secs] [Times: user=0.01 sys=0.00, real=0.00 secs] 
1194.754: [GC (Allocation Failure) [PSYoungGen: 59392K->1552K(59904K)] 394452K->336628K(557056K), 0.0016164 secs] [Times: user=0.00 sys=0.00, real=0.00 secs] 
1195.091: [GC (Allocation Failure) [PSYoungGen: 59408K->1517K(59904K)] 394484K->336618K(557056K), 0.0015796 secs] [Times: user=0.01 sys=0.00, real=0.01 secs] 
1195.428: [GC (Allocation Failure) [PSYoungGen: 59373K->1533K(59904K)] 394474K->336634K(557056K), 0.0016891 secs] [Times: user=0.01 sys=0.00, real=0.00 secs] 
1196.923: [GC (Allocation Failure) [PSYoungGen: 59389K->1424K(59904K)] 394490K->336524K(557056K), 0.0034491 secs] [Times: user=0.02 sys=0.00, real=0.00 secs] 
1197.279: [GC (Allocation Failure) [PSYoungGen: 59280K->1408K(59904K)] 394380K->336508K(557056K), 0.0019927 secs] [Times: user=0.01 sys=0.00, real=0.00 secs] 
1197.550: [GC (Allocation Failure) [PSYoungGen: 59264K->1344K(59904K)] 394364K->336444K(557056K), 0.0022508 secs] [Times: user=0.01 sys=0.00, real=0.01 secs] 
1197.843: [GC (Allocation Failure) [PSYoungGen: 59200K->1376K(59904K)] 394300K->336476K(557056K), 0.0019589 secs] [Times: user=0.01 sys=0.00, real=0.00 secs] 
1198.489: [GC (Allocation Failure) [PSYoungGen: 59232K->1376K(59904K)] 394332K->336476K(557056K), 0.0022972 secs] [Times: user=0.01 sys=0.00, real=0.00 secs] 
1199.028: [GC (Allocation Failure) [PSYoungGen: 59232K->1533K(59904K)] 394332K->336634K(557056K), 0.0016001 secs] [Times: user=0.01 sys=0.00, real=0.00 secs] 
1199.366: [GC (Allocation Failure) [PSYoungGen: 59358K->1565K(59904K)] 394459K->336682K(557056K), 0.0015304 secs] [Times: user=0.01 sys=0.00, real=0.00 secs] 
1199.704: [GC (Allocation Failure) [PSYoungGen: 59421K->1517K(59904K)] 394538K->336634K(557056K), 0.0015881 secs] [Times: user=0.00 sys=0.00, real=0.00 secs] 
1200.039: [GC (Allocation Failure) [PSYoungGen: 59373K->1549K(59904K)] 394490K->336666K(557056K), 0.0014861 secs] [Times: user=0.01 sys=0.00, real=0.00 secs] 
1200.555: [GC (Allocation Failure) [PSYoungGen: 59405K->1408K(59904K)] 394522K->336524K(557056K), 0.0022000 secs] [Times: user=0.01 sys=0.00, real=0.00 secs] 
1201.291: [GC (Allocation Failure) [PSYoungGen: 59264K->1376K(59904K)] 394380K->336492K(557056K), 0.0034217 secs] [Times: user=0.02 sys=0.00, real=0.01 secs] 
1202.300: [GC (Allocation Failure) [PSYoungGen: 59232K->1344K(59904K)] 394348K->336460K(557056K), 0.0030191 secs] [Times: user=0.01 sys=0.00, real=0.01 secs] 
1203.072: [GC (Allocation Failure) [PSYoungGen: 59200K->1376K(59904K)] 394316K->336492K(557056K), 0.0030380 secs] [Times: user=0.01 sys=0.00, real=0.00 secs] 
1204.260: [GC (Allocation Failure) [PSYoungGen: 59232K->1392K(59904K)] 394348K->336508K(557056K), 0.0032789 secs] [Times: user=0.01 sys=0.00, real=0.01 secs] 
1204.825: [GC (Allocation Failure) [PSYoungGen: 59223K->1488K(59904K)] 394340K->336604K(557056K), 0.0016220 secs] [Times: user=0.01 sys=0.00, real=0.00 secs] 
1205.162: [GC (Allocation Failure) [PSYoungGen: 59344K->1584K(59904K)] 394460K->336708K(557056K), 0.0016439 secs] [Times: user=0.01 sys=0.00, real=0.00 secs] 
1205.499: [GC (Allocation Failure) [PSYoungGen: 59440K->1552K(59904K)] 394564K->336676K(557056K), 0.0015682 secs] [Times: user=0.01 sys=0.00, real=0.00 secs] 
1205.834: [GC (Allocation Failure) [PSYoungGen: 59408K->1520K(59904K)] 394532K->336644K(557056K), 0.0015315 secs] [Times: user=0.01 sys=0.00, real=0.00 secs] 
1206.946: [GC (Allocation Failure) [PSYoungGen: 59376K->1472K(59904K)] 394500K->336596K(557056K), 0.0026190 secs] [Times: user=0.01 sys=0.01, real=0.00 secs] 
1207.500: [GC (Allocation Failure) [PSYoungGen: 59328K->1376K(59904K)] 394452K->336516K(557056K), 0.0020984 secs] [Times: user=0.01 sys=0.00, real=0.01 secs] 
1207.972: [GC (Allocation Failure) [PSYoungGen: 59232K->1344K(59904K)] 394372K->336484K(557056K), 0.0022910 secs] [Times: user=0.01 sys=0.00, real=0.00 secs] 
1208.448: [GC (Allocation Failure) [PSYoungGen: 59200K->1376K(59904K)] 394340K->336516K(557056K), 0.0036647 secs] [Times: user=0.02 sys=0.00, real=0.01 secs] 
1208.937: [GC (Allocation Failure) [PSYoungGen: 59232K->1376K(59904K)] 394372K->336516K(557056K), 0.0018223 secs] [Times: user=0.00 sys=0.00, real=0.00 secs] 
1209.334: [GC (Allocation Failure) [PSYoungGen: 59216K->1501K(59904K)] 394357K->336642K(557056K), 0.0016861 secs] [Times: user=0.00 sys=0.00, real=0.00 secs] 
1209.670: [GC (Allocation Failure) [PSYoungGen: 59357K->1584K(59904K)] 394498K->336732K(557056K), 0.0016063 secs] [Times: user=0.00 sys=0.00, real=0.00 secs] 
1210.007: [GC (Allocation Failure) [PSYoungGen: 59440K->1536K(59904K)] 394588K->336684K(557056K), 0.0016418 secs] [Times: user=0.01 sys=0.00, real=0.00 secs] 
1210.344: [GC (Allocation Failure) [PSYoungGen: 59392K->1581K(59904K)] 394540K->336730K(557056K), 0.0016689 secs] [Times: user=0.00 sys=0.00, real=0.00 secs] 
1210.665: [GC (Allocation Failure) [PSYoungGen: 59437K->1456K(59904K)] 394586K->336604K(557056K), 0.0018206 secs] [Times: user=0.00 sys=0.00, real=0.00 secs] 
1210.906: [GC (Allocation Failure) [PSYoungGen: 59312K->1344K(59904K)] 394460K->336492K(557056K), 0.0016597 secs] [Times: user=0.01 sys=0.00, real=0.00 secs] 
1211.187: [GC (Allocation Failure) [PSYoungGen: 59200K->1360K(59904K)] 394348K->336508K(557056K), 0.0015638 secs] [Times: user=0.00 sys=0.00, real=0.00 secs] 
1211.841: [GC (Allocation Failure) [PSYoungGen: 59216K->1408K(59904K)] 394364K->336556K(557056K), 0.0020434 secs] [Times: user=0.01 sys=0.00, real=0.01 secs] 
1212.832: [GC (Allocation Failure) [PSYoungGen: 59264K->1344K(59904K)] 394412K->336492K(557056K), 0.0073554 secs] [Times: user=0.04 sys=0.00, real=0.00 secs] 
1213.694: [GC (Allocation Failure) [PSYoungGen: 59200K->1501K(59904K)] 394348K->336650K(557056K), 0.0016320 secs] [Times: user=0.01 sys=0.00, real=0.00 secs] 
1214.088: [GC (Allocation Failure) [PSYoungGen: 59357K->1520K(59904K)] 394506K->336676K(557056K), 0.0016159 secs] [Times: user=0.01 sys=0.00, real=0.00 secs] 
1214.425: [GC (Allocation Failure) [PSYoungGen: 59376K->1520K(59904K)] 394532K->336684K(557056K), 0.0015900 secs] [Times: user=0.01 sys=0.00, real=0.00 secs] 
1214.763: [GC (Allocation Failure) [PSYoungGen: 59376K->1517K(59904K)] 394540K->336682K(557056K), 0.0016878 secs] [Times: user=0.00 sys=0.00, real=0.00 secs] 
1215.410: [GC (Allocation Failure) [PSYoungGen: 59373K->1472K(59904K)] 394538K->336652K(557056K), 0.0026085 secs] [Times: user=0.01 sys=0.00, real=0.01 secs] 
1215.765: [GC (Allocation Failure) [PSYoungGen: 59328K->1344K(59904K)] 394508K->336532K(557056K), 0.0021170 secs] [Times: user=0.01 sys=0.00, real=0.00 secs] 
1216.009: [GC (Allocation Failure) [PSYoungGen: 59200K->1376K(59904K)] 394388K->336564K(557056K), 0.0018999 secs] [Times: user=0.01 sys=0.00, real=0.00 secs] 
1216.257: [GC (Allocation Failure) [PSYoungGen: 59232K->1376K(59904K)] 394420K->336572K(557056K), 0.0019881 secs] [Times: user=0.00 sys=0.00, real=0.00 secs] 
1216.581: [GC (Allocation Failure) [PSYoungGen: 59232K->1408K(59904K)] 394428K->336604K(557056K), 0.0018958 secs] [Times: user=0.01 sys=0.00, real=0.01 secs] 
1217.161: [GC (Allocation Failure) [PSYoungGen: 59264K->1488K(59904K)] 394460K->336684K(557056K), 0.0015835 secs] [Times: user=0.01 sys=0.00, real=0.01 secs] 
1217.499: [GC (Allocation Failure) [PSYoungGen: 59344K->1488K(59904K)] 394540K->336692K(557056K), 0.0016312 secs] [Times: user=0.01 sys=0.00, real=0.00 secs] 
1217.834: [GC (Allocation Failure) [PSYoungGen: 59344K->1488K(59904K)] 394548K->336700K(557056K), 0.0017194 secs] [Times: user=0.00 sys=0.00, real=0.00 secs] 
1218.171: [GC (Allocation Failure) [PSYoungGen: 59344K->1517K(59904K)] 394556K->336730K(557056K), 0.0017735 secs] [Times: user=0.01 sys=0.00, real=0.01 secs] 
1218.680: [GC (Allocation Failure) [PSYoungGen: 59373K->1424K(59904K)] 394586K->336636K(557056K), 0.0028166 secs] [Times: user=0.01 sys=0.00, real=0.01 secs] 
1219.207: [GC (Allocation Failure) [PSYoungGen: 59280K->1376K(59904K)] 394492K->336596K(557056K), 0.0029071 secs] [Times: user=0.01 sys=0.00, real=0.00 secs] 
1219.681: [GC (Allocation Failure) [PSYoungGen: 59232K->1408K(59904K)] 394452K->336628K(557056K), 0.0026872 secs] [Times: user=0.01 sys=0.00, real=0.01 secs] 
1219.959: [GC (Allocation Failure) [PSYoungGen: 59264K->1344K(59904K)] 394484K->336564K(557056K), 0.0018265 secs] [Times: user=0.01 sys=0.00, real=0.00 secs] 
1220.199: [GC (Allocation Failure) [PSYoungGen: 59200K->1344K(59904K)] 394420K->336564K(557056K), 0.0019549 secs] [Times: user=0.01 sys=0.00, real=0.00 secs] 
1220.515: [GC (Allocation Failure) [PSYoungGen: 59200K->1536K(59904K)] 394420K->336756K(557056K), 0.0015084 secs] [Times: user=0.01 sys=0.00, real=0.00 secs] 
1220.913: [GC (Allocation Failure) [PSYoungGen: 59392K->1552K(59904K)] 394612K->336788K(557056K), 0.0015732 secs] [Times: user=0.01 sys=0.00, real=0.00 secs] 
1221.251: [GC (Allocation Failure) [PSYoungGen: 59408K->1552K(59904K)] 394644K->336788K(557056K), 0.0016798 secs] [Times: user=0.01 sys=0.00, real=0.01 secs] 
1221.589: [GC (Allocation Failure) [PSYoungGen: 59408K->1485K(59904K)] 394644K->336722K(557056K), 0.0016130 secs] [Times: user=0.01 sys=0.00, real=0.00 secs] 
1222.028: [GC (Allocation Failure) [PSYoungGen: 59341K->1424K(59904K)] 394578K->336660K(557056K), 0.0025233 secs] [Times: user=0.01 sys=0.00, real=0.00 secs] 
1222.799: [GC (Allocation Failure) [PSYoungGen: 59280K->1376K(59904K)] 394516K->336612K(557056K), 0.0029888 secs] [Times: user=0.01 sys=0.00, real=0.01 secs] 
1223.297: [GC (Allocation Failure) [PSYoungGen: 59232K->1376K(59904K)] 394468K->336612K(557056K), 0.0030053 secs] [Times: user=0.01 sys=0.00, real=0.00 secs] 
1223.986: [GC (Allocation Failure) [PSYoungGen: 59232K->1408K(59904K)] 394468K->336644K(557056K), 0.0049474 secs] [Times: user=0.02 sys=0.00, real=0.00 secs] 
1224.538: [GC (Allocation Failure) [PSYoungGen: 59264K->1344K(59904K)] 394500K->336580K(557056K), 0.0030886 secs] [Times: user=0.01 sys=0.01, real=0.00 secs] 
1225.042: [GC (Allocation Failure) [PSYoungGen: 59200K->1488K(59904K)] 394436K->336748K(557056K), 0.0014707 secs] [Times: user=0.01 sys=0.00, real=0.00 secs] 
1225.380: [GC (Allocation Failure) [PSYoungGen: 59322K->1552K(59904K)] 394583K->336820K(557056K), 0.0015521 secs] [Times: user=0.01 sys=0.00, real=0.01 secs] 
1225.717: [GC (Allocation Failure) [PSYoungGen: 59408K->1517K(59904K)] 394676K->336786K(557056K), 0.0015742 secs] [Times: user=0.01 sys=0.00, real=0.00 secs] 
1226.053: [GC (Allocation Failure) [PSYoungGen: 59373K->1552K(59904K)] 394642K->336820K(557056K), 0.0015430 secs] [Times: user=0.00 sys=0.00, real=0.00 secs] 
1226.547: [GC (Allocation Failure) [PSYoungGen: 59408K->2000K(59904K)] 394676K->337268K(557056K), 0.0021326 secs] [Times: user=0.01 sys=0.00, real=0.00 secs] 
1227.084: [GC (Allocation Failure) [PSYoungGen: 59856K->1408K(59904K)] 395124K->336676K(557056K), 0.0018934 secs] [Times: user=0.01 sys=0.00, real=0.00 secs] 
1227.558: [GC (Allocation Failure) [PSYoungGen: 59264K->1392K(59904K)] 394532K->336668K(557056K), 0.0018710 secs] [Times: user=0.01 sys=0.00, real=0.00 secs] 
1228.049: [GC (Allocation Failure) [PSYoungGen: 59248K->1376K(59904K)] 394524K->336652K(557056K), 0.0029737 secs] [Times: user=0.01 sys=0.00, real=0.01 secs] 
1228.557: [GC (Allocation Failure) [PSYoungGen: 59232K->1376K(59904K)] 394508K->336652K(557056K), 0.0040174 secs] [Times: user=0.02 sys=0.00, real=0.00 secs] 
1229.111: [GC (Allocation Failure) [PSYoungGen: 59232K->1453K(59904K)] 394508K->336730K(557056K), 0.0016485 secs] [Times: user=0.00 sys=0.00, real=0.01 secs] 
1229.451: [GC (Allocation Failure) [PSYoungGen: 59292K->1488K(59904K)] 394569K->336772K(557056K), 0.0015940 secs] [Times: user=0.01 sys=0.00, real=0.01 secs] 
1229.789: [GC (Allocation Failure) [PSYoungGen: 59344K->1533K(59904K)] 394628K->336818K(557056K), 0.0015952 secs] [Times: user=0.01 sys=0.00, real=0.00 secs] 
1230.126: [GC (Allocation Failure) [PSYoungGen: 59389K->1520K(59904K)] 394674K->336804K(557056K), 0.0016882 secs] [Times: user=0.01 sys=0.00, real=0.00 secs] 
1230.511: [GC (Allocation Failure) [PSYoungGen: 59376K->1760K(59904K)] 394660K->337044K(557056K), 0.0018724 secs] [Times: user=0.01 sys=0.00, real=0.01 secs] 
1231.046: [GC (Allocation Failure) [PSYoungGen: 59616K->1376K(59904K)] 394900K->336660K(557056K), 0.0027917 secs] [Times: user=0.02 sys=0.00, real=0.00 secs] 
1231.637: [GC (Allocation Failure) [PSYoungGen: 59232K->1376K(59904K)] 394516K->336660K(557056K), 0.0031043 secs] [Times: user=0.01 sys=0.00, real=0.00 secs] 
1232.188: [GC (Allocation Failure) [PSYoungGen: 59232K->1376K(59904K)] 394516K->336660K(557056K), 0.0025949 secs] [Times: user=0.01 sys=0.00, real=0.00 secs] 
1232.633: [GC (Allocation Failure) [PSYoungGen: 59232K->1376K(59904K)] 394516K->336660K(557056K), 0.0025146 secs] [Times: user=0.00 sys=0.01, real=0.00 secs] 
1233.002: [GC (Allocation Failure) [PSYoungGen: 59203K->1453K(59904K)] 394488K->336738K(557056K), 0.0015059 secs] [Times: user=0.01 sys=0.00, real=0.00 secs] 
1233.340: [GC (Allocation Failure) [PSYoungGen: 59309K->1517K(59904K)] 394594K->336810K(557056K), 0.0016586 secs] [Times: user=0.01 sys=0.00, real=0.00 secs] 
1233.737: [GC (Allocation Failure) [PSYoungGen: 59345K->1517K(59904K)] 394638K->336810K(557056K), 0.0016322 secs] [Times: user=0.01 sys=0.00, real=0.00 secs] 
1234.077: [GC (Allocation Failure) [PSYoungGen: 59373K->1549K(59904K)] 394666K->336842K(557056K), 0.0016949 secs] [Times: user=0.00 sys=0.00, real=0.00 secs] 
1234.413: [GC (Allocation Failure) [PSYoungGen: 59405K->400K(59904K)] 394698K->335692K(557056K), 0.0015198 secs] [Times: user=0.00 sys=0.00, real=0.00 secs] 
1235.172: [GC (Allocation Failure) [PSYoungGen: 58256K->1408K(59904K)] 393548K->336716K(557056K), 0.0030284 secs] [Times: user=0.01 sys=0.00, real=0.00 secs] 
1235.632: [GC (Allocation Failure) [PSYoungGen: 59264K->1376K(59904K)] 394572K->336684K(557056K), 0.0025270 secs] [Times: user=0.01 sys=0.00, real=0.00 secs] 
1236.361: [GC (Allocation Failure) [PSYoungGen: 59232K->1408K(59904K)] 394540K->336716K(557056K), 0.0024651 secs] [Times: user=0.00 sys=0.00, real=0.01 secs] 
1236.903: [GC (Allocation Failure) [PSYoungGen: 59264K->1344K(59904K)] 394572K->336652K(557056K), 0.0027630 secs] [Times: user=0.01 sys=0.00, real=0.00 secs] 
1237.441: [GC (Allocation Failure) [PSYoungGen: 59200K->1456K(59904K)] 394508K->336764K(557056K), 0.0020548 secs] [Times: user=0.01 sys=0.00, real=0.01 secs] 
1237.811: [GC (Allocation Failure) [PSYoungGen: 59312K->1488K(59904K)] 394620K->336820K(557056K), 0.0016052 secs] [Times: user=0.01 sys=0.00, real=0.01 secs] 
1238.206: [GC (Allocation Failure) [PSYoungGen: 59344K->1549K(59904K)] 394676K->336882K(557056K), 0.0016797 secs] [Times: user=0.01 sys=0.00, real=0.00 secs] 
1238.543: [GC (Allocation Failure) [PSYoungGen: 59405K->1520K(59904K)] 394738K->336852K(557056K), 0.0015588 secs] [Times: user=0.01 sys=0.00, real=0.00 secs] 
1238.934: [GC (Allocation Failure) [PSYoungGen: 59376K->1552K(59904K)] 394708K->336884K(557056K), 0.0016137 secs] [Times: user=0.01 sys=0.00, real=0.00 secs] 
1239.433: [GC (Allocation Failure) [PSYoungGen: 59408K->1360K(59904K)] 394740K->336692K(557056K), 0.0025153 secs] [Times: user=0.01 sys=0.00, real=0.00 secs] 
1239.657: [GC (Allocation Failure) [PSYoungGen: 59216K->1408K(59904K)] 394548K->336740K(557056K), 0.0020847 secs] [Times: user=0.01 sys=0.00, real=0.00 secs] 
1239.898: [GC (Allocation Failure) [PSYoungGen: 59264K->1344K(59904K)] 394596K->336676K(557056K), 0.0018577 secs] [Times: user=0.01 sys=0.00, real=0.00 secs] 
1240.138: [GC (Allocation Failure) [PSYoungGen: 59200K->1376K(59904K)] 394532K->336708K(557056K), 0.0020007 secs] [Times: user=0.00 sys=0.00, real=0.00 secs] 
1240.412: [GC (Allocation Failure) [PSYoungGen: 59232K->1456K(59904K)] 394564K->336788K(557056K), 0.0017015 secs] [Times: user=0.01 sys=0.00, real=0.01 secs] 
1240.750: [GC (Allocation Failure) [PSYoungGen: 59312K->1552K(59904K)] 394644K->336884K(557056K), 0.0015811 secs] [Times: user=0.01 sys=0.00, real=0.01 secs] 
1241.087: [GC (Allocation Failure) [PSYoungGen: 59393K->1565K(59904K)] 394726K->336914K(557056K), 0.0017418 secs] [Times: user=0.01 sys=0.00, real=0.00 secs] 
1241.426: [GC (Allocation Failure) [PSYoungGen: 59421K->1552K(59904K)] 394770K->336900K(557056K), 0.0016375 secs] [Times: user=0.01 sys=0.00, real=0.00 secs] 
1241.762: [GC (Allocation Failure) [PSYoungGen: 59408K->1552K(59904K)] 394756K->336900K(557056K), 0.0016758 secs] [Times: user=0.01 sys=0.00, real=0.00 secs] 
1242.180: [GC (Allocation Failure) [PSYoungGen: 59408K->1408K(59904K)] 394756K->336756K(557056K), 0.0017876 secs] [Times: user=0.01 sys=0.00, real=0.01 secs] 
1242.449: [GC (Allocation Failure) [PSYoungGen: 59264K->1440K(59904K)] 394612K->336788K(557056K), 0.0019151 secs] [Times: user=0.01 sys=0.00, real=0.00 secs] 
1242.901: [GC (Allocation Failure) [PSYoungGen: 59296K->1376K(59904K)] 394644K->336724K(557056K), 0.0018206 secs] [Times: user=0.01 sys=0.00, real=0.01 secs] 
1243.461: [GC (Allocation Failure) [PSYoungGen: 59232K->1376K(59904K)] 394580K->336740K(557056K), 0.0021261 secs] [Times: user=0.01 sys=0.00, real=0.01 secs] 
1243.959: [GC (Allocation Failure) [PSYoungGen: 59232K->1408K(59904K)] 394596K->336772K(557056K), 0.0020584 secs] [Times: user=0.01 sys=0.00, real=0.00 secs] 
1244.368: [GC (Allocation Failure) [PSYoungGen: 59264K->1488K(59904K)] 394628K->336852K(557056K), 0.0016114 secs] [Times: user=0.00 sys=0.00, real=0.00 secs] 
1244.707: [GC (Allocation Failure) [PSYoungGen: 59344K->1565K(59904K)] 394708K->336938K(557056K), 0.0015219 secs] [Times: user=0.00 sys=0.00, real=0.00 secs] 
1245.103: [GC (Allocation Failure) [PSYoungGen: 59391K->1584K(59904K)] 394764K->336956K(557056K), 0.0017458 secs] [Times: user=0.01 sys=0.00, real=0.00 secs] 
1245.441: [GC (Allocation Failure) [PSYoungGen: 59440K->1517K(59904K)] 394812K->336890K(557056K), 0.0016529 secs] [Times: user=0.01 sys=0.00, real=0.01 secs] 
1245.754: [GC (Allocation Failure) [PSYoungGen: 59373K->1376K(59904K)] 394746K->336748K(557056K), 0.0022802 secs] [Times: user=0.01 sys=0.00, real=0.00 secs] 
1245.994: [GC (Allocation Failure) [PSYoungGen: 59232K->1344K(59904K)] 394604K->336716K(557056K), 0.0019627 secs] [Times: user=0.00 sys=0.00, real=0.00 secs] 
1246.356: [GC (Allocation Failure) [PSYoungGen: 59200K->1376K(59904K)] 394572K->336748K(557056K), 0.0018474 secs] [Times: user=0.01 sys=0.00, real=0.00 secs] 
1246.845: [GC (Allocation Failure) [PSYoungGen: 59232K->1392K(59904K)] 394604K->336764K(557056K), 0.0020129 secs] [Times: user=0.01 sys=0.00, real=0.00 secs] 
1247.359: [GC (Allocation Failure) [PSYoungGen: 59248K->1344K(59904K)] 394620K->336716K(557056K), 0.0018279 secs] [Times: user=0.01 sys=0.00, real=0.00 secs] 
1247.726: [GC (Allocation Failure) [PSYoungGen: 59189K->1469K(59904K)] 394562K->336842K(557056K), 0.0015432 secs] [Times: user=0.00 sys=0.00, real=0.00 secs] 
1248.063: [GC (Allocation Failure) [PSYoungGen: 59325K->1517K(59904K)] 394698K->336906K(557056K), 0.0016246 secs] [Times: user=0.00 sys=0.00, real=0.00 secs] 
1248.400: [GC (Allocation Failure) [PSYoungGen: 59373K->1584K(59904K)] 394762K->336972K(557056K), 0.0015500 secs] [Times: user=0.01 sys=0.00, real=0.01 secs] 
1248.737: [GC (Allocation Failure) [PSYoungGen: 59440K->1584K(59904K)] 394828K->336972K(557056K), 0.0016041 secs] [Times: user=0.01 sys=0.00, real=0.00 secs] 
1249.193: [GC (Allocation Failure) [PSYoungGen: 59440K->1408K(59904K)] 394828K->336796K(557056K), 0.0019061 secs] [Times: user=0.01 sys=0.00, real=0.00 secs] 
1249.492: [GC (Allocation Failure) [PSYoungGen: 59264K->1408K(59904K)] 394652K->336796K(557056K), 0.0019969 secs] [Times: user=0.01 sys=0.00, real=0.00 secs] 
1249.885: [GC (Allocation Failure) [PSYoungGen: 59264K->1376K(59904K)] 394652K->336764K(557056K), 0.0019596 secs] [Times: user=0.01 sys=0.00, real=0.00 secs] 
1250.354: [GC (Allocation Failure) [PSYoungGen: 59232K->1344K(59904K)] 394620K->336732K(557056K), 0.0021156 secs] [Times: user=0.00 sys=0.00, real=0.00 secs] 
1250.868: [GC (Allocation Failure) [PSYoungGen: 59200K->1408K(59904K)] 394588K->336796K(557056K), 0.0020613 secs] [Times: user=0.01 sys=0.00, real=0.00 secs] 
1251.303: [GC (Allocation Failure) [PSYoungGen: 59264K->1520K(59904K)] 394652K->336908K(557056K), 0.0015733 secs] [Times: user=0.00 sys=0.00, real=0.00 secs] 
1251.705: [GC (Allocation Failure) [PSYoungGen: 59350K->1520K(59904K)] 394739K->336924K(557056K), 0.0017824 secs] [Times: user=0.01 sys=0.00, real=0.00 secs] 
1252.042: [GC (Allocation Failure) [PSYoungGen: 59376K->1581K(59904K)] 394780K->336986K(557056K), 0.0014596 secs] [Times: user=0.00 sys=0.00, real=0.00 secs] 
1252.434: [GC (Allocation Failure) [PSYoungGen: 59437K->1552K(59904K)] 394842K->336956K(557056K), 0.0017145 secs] [Times: user=0.00 sys=0.00, real=0.00 secs] 
1253.053: [GC (Allocation Failure) [PSYoungGen: 59408K->1408K(59904K)] 394812K->336812K(557056K), 0.0034164 secs] [Times: user=0.02 sys=0.00, real=0.00 secs] 
1253.855: [GC (Allocation Failure) [PSYoungGen: 59264K->1376K(59904K)] 394668K->336780K(557056K), 0.0027046 secs] [Times: user=0.01 sys=0.00, real=0.00 secs] 
1254.703: [GC (Allocation Failure) [PSYoungGen: 59232K->1376K(59904K)] 394636K->336780K(557056K), 0.0031716 secs] [Times: user=0.01 sys=0.01, real=0.00 secs] 
1255.598: [GC (Allocation Failure) [PSYoungGen: 59232K->1376K(59904K)] 394636K->336780K(557056K), 0.0027899 secs] [Times: user=0.01 sys=0.00, real=0.00 secs] 
1256.427: [GC (Allocation Failure) [PSYoungGen: 59232K->1392K(59904K)] 394636K->336820K(557056K), 0.0032101 secs] [Times: user=0.01 sys=0.00, real=0.00 secs] 
1256.919: [GC (Allocation Failure) [PSYoungGen: 59248K->1520K(59904K)] 394676K->336948K(557056K), 0.0015854 secs] [Times: user=0.01 sys=0.00, real=0.00 secs] 
1257.259: [GC (Allocation Failure) [PSYoungGen: 59376K->1552K(59904K)] 394804K->336988K(557056K), 0.0016233 secs] [Times: user=0.00 sys=0.00, real=0.00 secs] 
1257.604: [GC (Allocation Failure) [PSYoungGen: 59408K->1488K(59904K)] 394844K->336924K(557056K), 0.0014969 secs] [Times: user=0.01 sys=0.00, real=0.00 secs] 
1257.942: [GC (Allocation Failure) [PSYoungGen: 59344K->1488K(59904K)] 394780K->336924K(557056K), 0.0015007 secs] [Times: user=0.01 sys=0.00, real=0.00 secs] 
1258.382: [GC (Allocation Failure) [PSYoungGen: 59344K->1472K(59904K)] 394780K->336916K(557056K), 0.0019802 secs] [Times: user=0.01 sys=0.00, real=0.00 secs] 
1258.854: [GC (Allocation Failure) [PSYoungGen: 59328K->1408K(59904K)] 394772K->336852K(557056K), 0.0018580 secs] [Times: user=0.01 sys=0.00, real=0.00 secs] 
1259.358: [GC (Allocation Failure) [PSYoungGen: 59264K->1408K(59904K)] 394708K->336852K(557056K), 0.0024003 secs] [Times: user=0.01 sys=0.00, real=0.00 secs] 
1259.878: [GC (Allocation Failure) [PSYoungGen: 59264K->1408K(59904K)] 394708K->336852K(557056K), 0.0021706 secs] [Times: user=0.01 sys=0.00, real=0.00 secs] 
1260.353: [GC (Allocation Failure) [PSYoungGen: 59264K->1408K(59904K)] 394708K->336852K(557056K), 0.0020685 secs] [Times: user=0.01 sys=0.00, real=0.00 secs] 
1260.781: [GC (Allocation Failure) [PSYoungGen: 59264K->1552K(59904K)] 394708K->336996K(557056K), 0.0015370 secs] [Times: user=0.01 sys=0.01, real=0.01 secs] 
1261.119: [GC (Allocation Failure) [PSYoungGen: 59381K->1552K(59904K)] 394826K->337004K(557056K), 0.0016221 secs] [Times: user=0.01 sys=0.00, real=0.00 secs] 
1261.456: [GC (Allocation Failure) [PSYoungGen: 59408K->1520K(59904K)] 394860K->336972K(557056K), 0.0015145 secs] [Times: user=0.01 sys=0.00, real=0.00 secs] 
1261.792: [GC (Allocation Failure) [PSYoungGen: 59376K->1520K(59904K)] 394828K->336972K(557056K), 0.0014897 secs] [Times: user=0.01 sys=0.00, real=0.00 secs] 
1262.274: [GC (Allocation Failure) [PSYoungGen: 59376K->1456K(59904K)] 394828K->336908K(557056K), 0.0017695 secs] [Times: user=0.01 sys=0.00, real=0.00 secs] 
1262.873: [GC (Allocation Failure) [PSYoungGen: 59312K->1424K(59904K)] 394764K->336876K(557056K), 0.0017668 secs] [Times: user=0.01 sys=0.00, real=0.00 secs] 
1263.543: [GC (Allocation Failure) [PSYoungGen: 59280K->1344K(59904K)] 394732K->336796K(557056K), 0.0022366 secs] [Times: user=0.01 sys=0.00, real=0.00 secs] 
1264.055: [GC (Allocation Failure) [PSYoungGen: 59200K->1376K(59904K)] 394652K->336828K(557056K), 0.0024131 secs] [Times: user=0.01 sys=0.00, real=0.00 secs] 
1264.532: [GC (Allocation Failure) [PSYoungGen: 59232K->1344K(59904K)] 394684K->336796K(557056K), 0.0022582 secs] [Times: user=0.01 sys=0.00, real=0.00 secs] 
1265.009: [GC (Allocation Failure) [PSYoungGen: 59200K->1504K(59904K)] 394652K->336956K(557056K), 0.0016056 secs] [Times: user=0.01 sys=0.00, real=0.00 secs] 
1265.346: [GC (Allocation Failure) [PSYoungGen: 59360K->1488K(59904K)] 394812K->336956K(557056K), 0.0017310 secs] [Times: user=0.01 sys=0.00, real=0.00 secs] 
1265.684: [GC (Allocation Failure) [PSYoungGen: 59344K->1520K(59904K)] 394812K->336988K(557056K), 0.0016162 secs] [Times: user=0.01 sys=0.00, real=0.00 secs] 
1266.020: [GC (Allocation Failure) [PSYoungGen: 59376K->1584K(59904K)] 394844K->337052K(557056K), 0.0016183 secs] [Times: user=0.01 sys=0.00, real=0.01 secs] 
1266.320: [GC (Allocation Failure) [PSYoungGen: 59440K->1472K(59904K)] 394908K->336940K(557056K), 0.0015414 secs] [Times: user=0.00 sys=0.00, real=0.00 secs] 
1266.559: [GC (Allocation Failure) [PSYoungGen: 59328K->1360K(59904K)] 394796K->336828K(557056K), 0.0013849 secs] [Times: user=0.01 sys=0.00, real=0.00 secs] 
1266.879: [GC (Allocation Failure) [PSYoungGen: 59216K->1376K(59904K)] 394684K->336844K(557056K), 0.0016704 secs] [Times: user=0.01 sys=0.00, real=0.00 secs] 
1267.313: [GC (Allocation Failure) [PSYoungGen: 59232K->1376K(59904K)] 394700K->336844K(557056K), 0.0023415 secs] [Times: user=0.01 sys=0.00, real=0.00 secs] 
1267.721: [GC (Allocation Failure) [PSYoungGen: 59232K->1376K(59904K)] 394700K->336844K(557056K), 0.0026618 secs] [Times: user=0.01 sys=0.00, real=0.01 secs] 
1268.269: [GC (Allocation Failure) [PSYoungGen: 59203K->1488K(59904K)] 394672K->336956K(557056K), 0.0016768 secs] [Times: user=0.01 sys=0.00, real=0.00 secs] 
1268.605: [GC (Allocation Failure) [PSYoungGen: 59344K->1549K(59904K)] 394812K->337026K(557056K), 0.0016694 secs] [Times: user=0.01 sys=0.00, real=0.00 secs] 
1269.002: [GC (Allocation Failure) [PSYoungGen: 59405K->1584K(59904K)] 394882K->337060K(557056K), 0.0017401 secs] [Times: user=0.01 sys=0.00, real=0.00 secs] 
1269.339: [GC (Allocation Failure) [PSYoungGen: 59440K->1549K(59904K)] 394916K->337026K(557056K), 0.0016812 secs] [Times: user=0.00 sys=0.00, real=0.00 secs] 
1269.801: [GC (Allocation Failure) [PSYoungGen: 59405K->1472K(59904K)] 394882K->336948K(557056K), 0.0024288 secs] [Times: user=0.01 sys=0.00, real=0.01 secs] 
1270.101: [GC (Allocation Failure) [PSYoungGen: 59328K->1360K(59904K)] 394804K->336836K(557056K), 0.0019534 secs] [Times: user=0.01 sys=0.00, real=0.01 secs] 
1270.342: [GC (Allocation Failure) [PSYoungGen: 59216K->1376K(59904K)] 394692K->336852K(557056K), 0.0019744 secs] [Times: user=0.01 sys=0.00, real=0.00 secs] 
1270.583: [GC (Allocation Failure) [PSYoungGen: 59232K->1376K(59904K)] 394708K->336852K(557056K), 0.0019147 secs] [Times: user=0.00 sys=0.00, real=0.00 secs] 
1270.830: [GC (Allocation Failure) [PSYoungGen: 59232K->1376K(59904K)] 394708K->336852K(557056K), 0.0018214 secs] [Times: user=0.00 sys=0.00, real=0.01 secs] 
1271.293: [GC (Allocation Failure) [PSYoungGen: 59207K->1440K(59904K)] 394684K->336916K(557056K), 0.0015247 secs] [Times: user=0.00 sys=0.00, real=0.00 secs] 
1271.630: [GC (Allocation Failure) [PSYoungGen: 59296K->1552K(59904K)] 394772K->337052K(557056K), 0.0015376 secs] [Times: user=0.01 sys=0.00, real=0.00 secs] 
1271.968: [GC (Allocation Failure) [PSYoungGen: 59408K->1517K(59904K)] 394908K->337018K(557056K), 0.0016313 secs] [Times: user=0.01 sys=0.00, real=0.00 secs] 
1272.305: [GC (Allocation Failure) [PSYoungGen: 59373K->1520K(59904K)] 394874K->337020K(557056K), 0.0016370 secs] [Times: user=0.01 sys=0.00, real=0.00 secs] 
1272.674: [GC (Allocation Failure) [PSYoungGen: 59376K->1520K(59904K)] 394876K->337020K(557056K), 0.0019026 secs] [Times: user=0.01 sys=0.00, real=0.00 secs] 
1272.983: [GC (Allocation Failure) [PSYoungGen: 59376K->1408K(59904K)] 394876K->336908K(557056K), 0.0018372 secs] [Times: user=0.01 sys=0.00, real=0.00 secs] 
1273.275: [GC (Allocation Failure) [PSYoungGen: 59264K->1376K(59904K)] 394764K->336892K(557056K), 0.0025690 secs] [Times: user=0.01 sys=0.00, real=0.00 secs] 
1273.532: [GC (Allocation Failure) [PSYoungGen: 59232K->1328K(59904K)] 394748K->336844K(557056K), 0.0020806 secs] [Times: user=0.01 sys=0.00, real=0.00 secs] 
1273.773: [GC (Allocation Failure) [PSYoungGen: 59184K->1376K(59904K)] 394700K->336892K(557056K), 0.0017932 secs] [Times: user=0.00 sys=0.00, real=0.00 secs] 
1274.107: [GC (Allocation Failure) [PSYoungGen: 59232K->1456K(59904K)] 394748K->336972K(557056K), 0.0014917 secs] [Times: user=0.01 sys=0.00, real=0.00 secs] 
1274.445: [GC (Allocation Failure) [PSYoungGen: 59308K->1536K(59904K)] 394825K->337060K(557056K), 0.0015560 secs] [Times: user=0.01 sys=0.00, real=0.00 secs] 
1274.781: [GC (Allocation Failure) [PSYoungGen: 59392K->1549K(59904K)] 394916K->337074K(557056K), 0.0016143 secs] [Times: user=0.00 sys=0.00, real=0.01 secs] 
1275.118: [GC (Allocation Failure) [PSYoungGen: 59405K->1568K(59904K)] 394930K->337092K(557056K), 0.0015532 secs] [Times: user=0.01 sys=0.00, real=0.00 secs] 
1275.867: [GC (Allocation Failure) [PSYoungGen: 59424K->1984K(59904K)] 394948K->337508K(557056K), 0.0032690 secs] [Times: user=0.01 sys=0.00, real=0.00 secs] 
1276.727: [GC (Allocation Failure) [PSYoungGen: 59840K->1344K(59904K)] 395364K->336868K(557056K), 0.0036952 secs] [Times: user=0.01 sys=0.00, real=0.00 secs] 
1277.448: [GC (Allocation Failure) [PSYoungGen: 59200K->1376K(59904K)] 394724K->336900K(557056K), 0.0037240 secs] [Times: user=0.01 sys=0.00, real=0.01 secs] 
1278.088: [GC (Allocation Failure) [PSYoungGen: 59232K->1376K(59904K)] 394756K->336900K(557056K), 0.0026500 secs] [Times: user=0.01 sys=0.00, real=0.00 secs] 
1278.589: [GC (Allocation Failure) [PSYoungGen: 59232K->1408K(59904K)] 394756K->336932K(557056K), 0.0025177 secs] [Times: user=0.01 sys=0.00, real=0.00 secs] 
1278.943: [GC (Allocation Failure) [PSYoungGen: 59264K->1488K(59904K)] 394788K->337012K(557056K), 0.0015383 secs] [Times: user=0.01 sys=0.00, real=0.00 secs] 
1279.288: [GC (Allocation Failure) [PSYoungGen: 59330K->1565K(59904K)] 394855K->337098K(557056K), 0.0015429 secs] [Times: user=0.00 sys=0.00, real=0.00 secs] 
1279.625: [GC (Allocation Failure) [PSYoungGen: 59421K->1501K(59904K)] 394954K->337034K(557056K), 0.0015217 secs] [Times: user=0.01 sys=0.00, real=0.00 secs] 
1280.018: [GC (Allocation Failure) [PSYoungGen: 59357K->1488K(59904K)] 394890K->337020K(557056K), 0.0015536 secs] [Times: user=0.00 sys=0.00, real=0.00 secs] 
1280.427: [GC (Allocation Failure) [PSYoungGen: 59344K->1632K(59904K)] 394876K->337164K(557056K), 0.0018115 secs] [Times: user=0.00 sys=0.00, real=0.00 secs] 
1281.112: [GC (Allocation Failure) [PSYoungGen: 59488K->1376K(59904K)] 395020K->336908K(557056K), 0.0022192 secs] [Times: user=0.01 sys=0.00, real=0.00 secs] 
1281.466: [GC (Allocation Failure) [PSYoungGen: 59232K->1344K(59904K)] 394764K->336876K(557056K), 0.0024545 secs] [Times: user=0.01 sys=0.00, real=0.00 secs] 
1281.757: [GC (Allocation Failure) [PSYoungGen: 59200K->1376K(59904K)] 394732K->336908K(557056K), 0.0021806 secs] [Times: user=0.01 sys=0.00, real=0.00 secs] 
1282.052: [GC (Allocation Failure) [PSYoungGen: 59232K->1376K(59904K)] 394764K->336908K(557056K), 0.0019960 secs] [Times: user=0.01 sys=0.00, real=0.00 secs] 
1282.376: [GC (Allocation Failure) [PSYoungGen: 59210K->1488K(59904K)] 394743K->337020K(557056K), 0.0016036 secs] [Times: user=0.01 sys=0.00, real=0.00 secs] 
1282.713: [GC (Allocation Failure) [PSYoungGen: 59344K->1520K(59904K)] 394876K->337060K(557056K), 0.0015350 secs] [Times: user=0.01 sys=0.00, real=0.00 secs] 
1283.049: [GC (Allocation Failure) [PSYoungGen: 59357K->1552K(59904K)] 394898K->337092K(557056K), 0.0015753 secs] [Times: user=0.00 sys=0.00, real=0.00 secs] 
1283.386: [GC (Allocation Failure) [PSYoungGen: 59408K->1552K(59904K)] 394948K->337092K(557056K), 0.0015381 secs] [Times: user=0.01 sys=0.00, real=0.00 secs] 
1283.723: [GC (Allocation Failure) [PSYoungGen: 59408K->1584K(59904K)] 394948K->337124K(557056K), 0.0015807 secs] [Times: user=0.00 sys=0.00, real=0.00 secs] 
1284.353: [GC (Allocation Failure) [PSYoungGen: 59440K->1376K(59904K)] 394980K->336932K(557056K), 0.0027788 secs] [Times: user=0.01 sys=0.00, real=0.00 secs] 
1285.042: [GC (Allocation Failure) [PSYoungGen: 59232K->1344K(59904K)] 394788K->336900K(557056K), 0.0027065 secs] [Times: user=0.01 sys=0.00, real=0.00 secs] 
1285.534: [GC (Allocation Failure) [PSYoungGen: 59200K->1344K(59904K)] 394756K->336900K(557056K), 0.0020738 secs] [Times: user=0.01 sys=0.00, real=0.00 secs] 
1286.736: [GC (Allocation Failure) [PSYoungGen: 59200K->1344K(59904K)] 394756K->336900K(557056K), 0.0027448 secs] [Times: user=0.01 sys=0.00, real=0.00 secs] 
1287.419: [GC (Allocation Failure) [PSYoungGen: 59168K->1456K(59904K)] 394725K->337012K(557056K), 0.0018757 secs] [Times: user=0.01 sys=0.00, real=0.00 secs] 
1287.837: [GC (Allocation Failure) [PSYoungGen: 59312K->1552K(59904K)] 394868K->337124K(557056K), 0.0018037 secs] [Times: user=0.01 sys=0.00, real=0.00 secs] 
1288.243: [GC (Allocation Failure) [PSYoungGen: 59390K->1533K(59904K)] 394963K->337106K(557056K), 0.0026814 secs] [Times: user=0.00 sys=0.00, real=0.00 secs] 
1288.588: [GC (Allocation Failure) [PSYoungGen: 59389K->1549K(59904K)] 394962K->337122K(557056K), 0.0016149 secs] [Times: user=0.01 sys=0.00, real=0.00 secs] 
1288.926: [GC (Allocation Failure) [PSYoungGen: 59405K->1549K(59904K)] 394978K->337122K(557056K), 0.0017167 secs] [Times: user=0.01 sys=0.00, real=0.00 secs] 
1289.820: [GC (Allocation Failure) [PSYoungGen: 59405K->1408K(59904K)] 394978K->336980K(557056K), 0.0028467 secs] [Times: user=0.01 sys=0.01, real=0.01 secs] 
1290.452: [GC (Allocation Failure) [PSYoungGen: 59264K->1312K(59904K)] 394836K->336884K(557056K), 0.0033332 secs] [Times: user=0.02 sys=0.00, real=0.00 secs] 
1290.892: [GC (Allocation Failure) [PSYoungGen: 59168K->1344K(59904K)] 394740K->336916K(557056K), 0.0024527 secs] [Times: user=0.01 sys=0.00, real=0.00 secs] 
1291.127: [GC (Allocation Failure) [PSYoungGen: 59200K->1376K(59904K)] 394772K->336948K(557056K), 0.0019666 secs] [Times: user=0.01 sys=0.00, real=0.00 secs] 
1291.396: [GC (Allocation Failure) [PSYoungGen: 59220K->1456K(59904K)] 394793K->337028K(557056K), 0.0016584 secs] [Times: user=0.01 sys=0.00, real=0.00 secs] 
1291.746: [GC (Allocation Failure) [PSYoungGen: 59312K->1552K(59904K)] 394884K->337124K(557056K), 0.0016176 secs] [Times: user=0.00 sys=0.00, real=0.00 secs] 
1292.083: [GC (Allocation Failure) [PSYoungGen: 59408K->1520K(59904K)] 394980K->337100K(557056K), 0.0015586 secs] [Times: user=0.01 sys=0.00, real=0.00 secs] 
1292.422: [GC (Allocation Failure) [PSYoungGen: 59376K->1520K(59904K)] 394956K->337100K(557056K), 0.0017254 secs] [Times: user=0.01 sys=0.00, real=0.00 secs] 
1292.820: [GC (Allocation Failure) [PSYoungGen: 59376K->1485K(59904K)] 394956K->337066K(557056K), 0.0016528 secs] [Times: user=0.01 sys=0.00, real=0.00 secs] 
1293.787: [GC (Allocation Failure) [PSYoungGen: 59341K->1408K(59904K)] 394922K->336988K(557056K), 0.0023318 secs] [Times: user=0.01 sys=0.00, real=0.00 secs] 
1294.079: [GC (Allocation Failure) [PSYoungGen: 59264K->1328K(59904K)] 394844K->336908K(557056K), 0.0018150 secs] [Times: user=0.01 sys=0.00, real=0.00 secs] 
1294.350: [GC (Allocation Failure) [PSYoungGen: 59184K->1392K(59904K)] 394764K->336972K(557056K), 0.0018833 secs] [Times: user=0.01 sys=0.00, real=0.01 secs] 
1294.619: [GC (Allocation Failure) [PSYoungGen: 59248K->1344K(59904K)] 394828K->336932K(557056K), 0.0017739 secs] [Times: user=0.00 sys=0.00, real=0.00 secs] 
1294.879: [GC (Allocation Failure) [PSYoungGen: 59200K->1344K(59904K)] 394788K->336932K(557056K), 0.0019296 secs] [Times: user=0.01 sys=0.00, real=0.00 secs] 
1295.249: [GC (Allocation Failure) [PSYoungGen: 59200K->1552K(59904K)] 394788K->337140K(557056K), 0.0016011 secs] [Times: user=0.01 sys=0.00, real=0.00 secs] 
1295.587: [GC (Allocation Failure) [PSYoungGen: 59405K->1568K(59904K)] 394994K->337172K(557056K), 0.0015816 secs] [Times: user=0.01 sys=0.01, real=0.00 secs] 
1295.924: [GC (Allocation Failure) [PSYoungGen: 59424K->1520K(59904K)] 395028K->337124K(557056K), 0.0015779 secs] [Times: user=0.01 sys=0.00, real=0.00 secs] 
1296.260: [GC (Allocation Failure) [PSYoungGen: 59376K->1565K(59904K)] 394980K->337170K(557056K), 0.0016985 secs] [Times: user=0.00 sys=0.00, real=0.01 secs] 
1296.754: [GC (Allocation Failure) [PSYoungGen: 59421K->1376K(59904K)] 395026K->336980K(557056K), 0.0017873 secs] [Times: user=0.01 sys=0.00, real=0.00 secs] 
1297.262: [GC (Allocation Failure) [PSYoungGen: 59232K->1344K(59904K)] 394836K->336948K(557056K), 0.0017913 secs] [Times: user=0.01 sys=0.00, real=0.01 secs] 
1297.835: [GC (Allocation Failure) [PSYoungGen: 59200K->1376K(59904K)] 394804K->336980K(557056K), 0.0018312 secs] [Times: user=0.01 sys=0.00, real=0.00 secs] 
1298.292: [GC (Allocation Failure) [PSYoungGen: 59232K->1376K(59904K)] 394836K->336980K(557056K), 0.0019555 secs] [Times: user=0.00 sys=0.00, real=0.00 secs] 
1298.714: [GC (Allocation Failure) [PSYoungGen: 59232K->1376K(59904K)] 394836K->336980K(557056K), 0.0018669 secs] [Times: user=0.01 sys=0.00, real=0.00 secs] 
1299.110: [GC (Allocation Failure) [PSYoungGen: 59232K->1536K(59904K)] 394836K->337140K(557056K), 0.0015089 secs] [Times: user=0.01 sys=0.00, real=0.01 secs] 
1299.450: [GC (Allocation Failure) [PSYoungGen: 59392K->1520K(59904K)] 394996K->337140K(557056K), 0.0016069 secs] [Times: user=0.00 sys=0.00, real=0.01 secs] 
1299.788: [GC (Allocation Failure) [PSYoungGen: 59351K->1520K(59904K)] 394972K->337140K(557056K), 0.0015609 secs] [Times: user=0.00 sys=0.00, real=0.00 secs] 
1300.184: [GC (Allocation Failure) [PSYoungGen: 59376K->1517K(59904K)] 394996K->337138K(557056K), 0.0016795 secs] [Times: user=0.00 sys=0.00, real=0.00 secs] 
1300.749: [GC (Allocation Failure) [PSYoungGen: 59373K->1440K(59904K)] 394994K->337060K(557056K), 0.0027532 secs] [Times: user=0.01 sys=0.00, real=0.01 secs] 
1301.379: [GC (Allocation Failure) [PSYoungGen: 59296K->1424K(59904K)] 394916K->337044K(557056K), 0.0030368 secs] [Times: user=0.02 sys=0.00, real=0.01 secs] 
1302.093: [GC (Allocation Failure) [PSYoungGen: 59280K->1360K(59904K)] 394900K->336980K(557056K), 0.0029682 secs] [Times: user=0.01 sys=0.00, real=0.00 secs] 
1302.632: [GC (Allocation Failure) [PSYoungGen: 59216K->1392K(59904K)] 394836K->337012K(557056K), 0.0025713 secs] [Times: user=0.01 sys=0.00, real=0.00 secs] 
1303.296: [GC (Allocation Failure) [PSYoungGen: 59248K->1392K(59904K)] 394868K->337012K(557056K), 0.0026280 secs] [Times: user=0.01 sys=0.01, real=0.00 secs] 
1303.810: [GC (Allocation Failure) [PSYoungGen: 59234K->1520K(59904K)] 394855K->337140K(557056K), 0.0016327 secs] [Times: user=0.01 sys=0.00, real=0.01 secs] 
1304.212: [GC (Allocation Failure) [PSYoungGen: 59376K->1552K(59904K)] 394996K->337180K(557056K), 0.0016387 secs] [Times: user=0.00 sys=0.00, real=0.00 secs] 
1304.549: [GC (Allocation Failure) [PSYoungGen: 59408K->1520K(59904K)] 395036K->337148K(557056K), 0.0017644 secs] [Times: user=0.01 sys=0.00, real=0.00 secs] 
1304.944: [GC (Allocation Failure) [PSYoungGen: 59376K->1488K(59904K)] 395004K->337116K(557056K), 0.0016491 secs] [Times: user=0.01 sys=0.00, real=0.00 secs] 
1305.506: [GC (Allocation Failure) [PSYoungGen: 59344K->1392K(59904K)] 394972K->337036K(557056K), 0.0033197 secs] [Times: user=0.01 sys=0.00, real=0.00 secs] 
1306.062: [GC (Allocation Failure) [PSYoungGen: 59248K->1376K(59904K)] 394892K->337020K(557056K), 0.0029945 secs] [Times: user=0.01 sys=0.00, real=0.00 secs] 
1306.534: [GC (Allocation Failure) [PSYoungGen: 59232K->1440K(59904K)] 394876K->337084K(557056K), 0.0022903 secs] [Times: user=0.01 sys=0.00, real=0.00 secs] 
1306.770: [GC (Allocation Failure) [PSYoungGen: 59296K->1408K(59904K)] 394940K->337052K(557056K), 0.0019792 secs] [Times: user=0.00 sys=0.00, real=0.00 secs] 
1307.224: [GC (Allocation Failure) [PSYoungGen: 59264K->1376K(59904K)] 394908K->337020K(557056K), 0.0019304 secs] [Times: user=0.00 sys=0.00, real=0.00 secs] 
1307.688: [GC (Allocation Failure) [PSYoungGen: 59220K->1488K(59904K)] 394865K->337132K(557056K), 0.0016721 secs] [Times: user=0.00 sys=0.00, real=0.00 secs] 
1308.024: [GC (Allocation Failure) [PSYoungGen: 59344K->1517K(59904K)] 394988K->337186K(557056K), 0.0016669 secs] [Times: user=0.00 sys=0.00, real=0.00 secs] 
1308.361: [GC (Allocation Failure) [PSYoungGen: 59373K->1520K(59904K)] 395042K->337188K(557056K), 0.0015622 secs] [Times: user=0.01 sys=0.00, real=0.01 secs] 
1308.697: [GC (Allocation Failure) [PSYoungGen: 59376K->1520K(59904K)] 395044K->337188K(557056K), 0.0016719 secs] [Times: user=0.00 sys=0.00, real=0.00 secs] 
1309.064: [GC (Allocation Failure) [PSYoungGen: 59376K->1488K(59904K)] 395044K->337156K(557056K), 0.0020054 secs] [Times: user=0.01 sys=0.00, real=0.00 secs] 
1309.306: [GC (Allocation Failure) [PSYoungGen: 59344K->1376K(59904K)] 395012K->337044K(557056K), 0.0019188 secs] [Times: user=0.00 sys=0.00, real=0.00 secs] 
1309.546: [GC (Allocation Failure) [PSYoungGen: 59232K->1344K(59904K)] 394900K->337012K(557056K), 0.0019231 secs] [Times: user=0.01 sys=0.00, real=0.00 secs] 
1309.787: [GC (Allocation Failure) [PSYoungGen: 59200K->1376K(59904K)] 394868K->337044K(557056K), 0.0020977 secs] [Times: user=0.00 sys=0.00, real=0.00 secs] 
1310.027: [GC (Allocation Failure) [PSYoungGen: 59232K->1360K(59904K)] 394900K->337028K(557056K), 0.0018955 secs] [Times: user=0.01 sys=0.00, real=0.00 secs] 
1310.419: [GC (Allocation Failure) [PSYoungGen: 59203K->1517K(59904K)] 394872K->337186K(557056K), 0.0015278 secs] [Times: user=0.00 sys=0.00, real=0.00 secs] 
1310.754: [GC (Allocation Failure) [PSYoungGen: 59373K->1520K(59904K)] 395042K->337196K(557056K), 0.0017162 secs] [Times: user=0.01 sys=0.00, real=0.00 secs] 
1311.093: [GC (Allocation Failure) [PSYoungGen: 59376K->1485K(59904K)] 395052K->337162K(557056K), 0.0014852 secs] [Times: user=0.00 sys=0.00, real=0.00 secs] 
1311.429: [GC (Allocation Failure) [PSYoungGen: 59341K->1520K(59904K)] 395018K->337196K(557056K), 0.0016188 secs] [Times: user=0.01 sys=0.00, real=0.00 secs] 
1311.914: [GC (Allocation Failure) [PSYoungGen: 59376K->1488K(59904K)] 395052K->337164K(557056K), 0.0017319 secs] [Times: user=0.01 sys=0.01, real=0.00 secs] 
1312.430: [GC (Allocation Failure) [PSYoungGen: 59344K->1376K(59904K)] 395020K->337052K(557056K), 0.0018043 secs] [Times: user=0.01 sys=0.00, real=0.01 secs] 
1313.063: [GC (Allocation Failure) [PSYoungGen: 59232K->1376K(59904K)] 394908K->337052K(557056K), 0.0020860 secs] [Times: user=0.01 sys=0.00, real=0.00 secs] 
1313.833: [GC (Allocation Failure) [PSYoungGen: 59232K->1408K(59904K)] 394908K->337084K(557056K), 0.0025322 secs] [Times: user=0.01 sys=0.00, real=0.00 secs] 
1314.653: [GC (Allocation Failure) [PSYoungGen: 59264K->1344K(59904K)] 394940K->337036K(557056K), 0.0031288 secs] [Times: user=0.01 sys=0.00, real=0.00 secs] 
1315.161: [GC (Allocation Failure) [PSYoungGen: 59193K->1517K(59904K)] 394886K->337210K(557056K), 0.0015126 secs] [Times: user=0.00 sys=0.00, real=0.01 secs] 
1315.497: [GC (Allocation Failure) [PSYoungGen: 59373K->1520K(59904K)] 395066K->337220K(557056K), 0.0016677 secs] [Times: user=0.01 sys=0.00, real=0.00 secs] 
1315.834: [GC (Allocation Failure) [PSYoungGen: 59376K->1520K(59904K)] 395076K->337220K(557056K), 0.0016652 secs] [Times: user=0.01 sys=0.00, real=0.00 secs] 
1316.170: [GC (Allocation Failure) [PSYoungGen: 59376K->1549K(59904K)] 395076K->337250K(557056K), 0.0015830 secs] [Times: user=0.01 sys=0.00, real=0.01 secs] 
1316.531: [GC (Allocation Failure) [PSYoungGen: 59405K->1488K(59904K)] 395106K->337188K(557056K), 0.0017706 secs] [Times: user=0.01 sys=0.00, real=0.01 secs] 
1316.790: [GC (Allocation Failure) [PSYoungGen: 59344K->1376K(59904K)] 395044K->337076K(557056K), 0.0017999 secs] [Times: user=0.01 sys=0.00, real=0.01 secs] 
1317.513: [GC (Allocation Failure) [PSYoungGen: 59232K->1376K(59904K)] 394932K->337076K(557056K), 0.0025794 secs] [Times: user=0.01 sys=0.00, real=0.00 secs] 
1318.648: [GC (Allocation Failure) [PSYoungGen: 59232K->1408K(59904K)] 394932K->337108K(557056K), 0.0027469 secs] [Times: user=0.01 sys=0.00, real=0.00 secs] 
1319.625: [GC (Allocation Failure) [PSYoungGen: 59264K->1344K(59904K)] 394964K->337044K(557056K), 0.0023459 secs] [Times: user=0.01 sys=0.00, real=0.00 secs] 
1320.518: [GC (Allocation Failure) [PSYoungGen: 59192K->1520K(59904K)] 394893K->337220K(557056K), 0.0015371 secs] [Times: user=0.01 sys=0.00, real=0.00 secs] 
1320.910: [GC (Allocation Failure) [PSYoungGen: 59376K->1517K(59904K)] 395076K->337234K(557056K), 0.0016090 secs] [Times: user=0.01 sys=0.00, real=0.00 secs] 
1321.310: [GC (Allocation Failure) [PSYoungGen: 59373K->1520K(59904K)] 395090K->337236K(557056K), 0.0015841 secs] [Times: user=0.01 sys=0.00, real=0.00 secs] 
1321.646: [GC (Allocation Failure) [PSYoungGen: 59376K->1520K(59904K)] 395092K->337236K(557056K), 0.0017040 secs] [Times: user=0.01 sys=0.00, real=0.00 secs] 
1322.021: [GC (Allocation Failure) [PSYoungGen: 59376K->1472K(59904K)] 395092K->337188K(557056K), 0.0020370 secs] [Times: user=0.01 sys=0.00, real=0.01 secs] 
1322.645: [GC (Allocation Failure) [PSYoungGen: 59328K->1440K(59904K)] 395044K->337156K(557056K), 0.0030338 secs] [Times: user=0.01 sys=0.00, real=0.00 secs] 
1323.143: [GC (Allocation Failure) [PSYoungGen: 59296K->1376K(59904K)] 395012K->337092K(557056K), 0.0026513 secs] [Times: user=0.01 sys=0.00, real=0.00 secs] 
1323.514: [GC (Allocation Failure) [PSYoungGen: 59232K->1328K(59904K)] 394948K->337044K(557056K), 0.0019896 secs] [Times: user=0.01 sys=0.00, real=0.00 secs] 
1323.754: [GC (Allocation Failure) [PSYoungGen: 59184K->1376K(59904K)] 394900K->337092K(557056K), 0.0019207 secs] [Times: user=0.01 sys=0.00, real=0.00 secs] 
1324.137: [GC (Allocation Failure) [PSYoungGen: 59232K->1392K(59904K)] 394948K->337108K(557056K), 0.0015197 secs] [Times: user=0.01 sys=0.00, real=0.00 secs] 
1324.476: [GC (Allocation Failure) [PSYoungGen: 59248K->1549K(59904K)] 394964K->337282K(557056K), 0.0015926 secs] [Times: user=0.01 sys=0.00, real=0.00 secs] 
1324.814: [GC (Allocation Failure) [PSYoungGen: 59378K->1552K(59904K)] 395111K->337284K(557056K), 0.0017213 secs] [Times: user=0.01 sys=0.00, real=0.00 secs] 
1325.152: [GC (Allocation Failure) [PSYoungGen: 59408K->1485K(59904K)] 395140K->337218K(557056K), 0.0015578 secs] [Times: user=0.01 sys=0.00, real=0.00 secs] 
1325.514: [GC (Allocation Failure) [PSYoungGen: 59341K->1488K(59904K)] 395074K->337244K(557056K), 0.0016381 secs] [Times: user=0.01 sys=0.00, real=0.00 secs] 
1325.936: [GC (Allocation Failure) [PSYoungGen: 59344K->1344K(59904K)] 395100K->337100K(557056K), 0.0030215 secs] [Times: user=0.01 sys=0.00, real=0.00 secs] 
1326.261: [GC (Allocation Failure) [PSYoungGen: 59200K->1376K(59904K)] 394956K->337132K(557056K), 0.0019606 secs] [Times: user=0.01 sys=0.00, real=0.01 secs] 
1326.819: [GC (Allocation Failure) [PSYoungGen: 59232K->1408K(59904K)] 394988K->337164K(557056K), 0.0037058 secs] [Times: user=0.01 sys=0.00, real=0.01 secs] 
1327.398: [GC (Allocation Failure) [PSYoungGen: 59264K->1344K(59904K)] 395020K->337100K(557056K), 0.0039133 secs] [Times: user=0.01 sys=0.00, real=0.01 secs] 
1328.223: [GC (Allocation Failure) [PSYoungGen: 59200K->1485K(59904K)] 394956K->337242K(557056K), 0.0019646 secs] [Times: user=0.01 sys=0.00, real=0.00 secs] 
1328.572: [GC (Allocation Failure) [PSYoungGen: 59310K->1565K(59904K)] 395067K->337338K(557056K), 0.0016193 secs] [Times: user=0.00 sys=0.00, real=0.00 secs] 
1328.909: [GC (Allocation Failure) [PSYoungGen: 59421K->1520K(59904K)] 395194K->337292K(557056K), 0.0015599 secs] [Times: user=0.01 sys=0.00, real=0.00 secs] 
1329.250: [GC (Allocation Failure) [PSYoungGen: 59376K->1549K(59904K)] 395148K->337322K(557056K), 0.0050268 secs] [Times: user=0.02 sys=0.00, real=0.01 secs] 
1329.637: [GC (Allocation Failure) [PSYoungGen: 59274K->2032K(59904K)] 395047K->337804K(557056K), 0.0018244 secs] [Times: user=0.01 sys=0.00, real=0.00 secs] 
1329.947: [GC (Allocation Failure) [PSYoungGen: 59888K->1360K(59904K)] 395660K->337132K(557056K), 0.0018338 secs] [Times: user=0.00 sys=0.00, real=0.00 secs] 
1330.197: [GC (Allocation Failure) [PSYoungGen: 59216K->1344K(59904K)] 394988K->337116K(557056K), 0.0017323 secs] [Times: user=0.01 sys=0.00, real=0.00 secs] 
1330.501: [GC (Allocation Failure) [PSYoungGen: 59200K->1344K(59904K)] 394972K->337116K(557056K), 0.0018741 secs] [Times: user=0.01 sys=0.00, real=0.01 secs] 
1330.794: [GC (Allocation Failure) [PSYoungGen: 59200K->1344K(59904K)] 394972K->337116K(557056K), 0.0019765 secs] [Times: user=0.00 sys=0.00, real=0.00 secs] 
1331.136: [GC (Allocation Failure) [PSYoungGen: 59178K->1488K(59904K)] 394950K->337260K(557056K), 0.0014150 secs] [Times: user=0.01 sys=0.00, real=0.00 secs] 
1331.472: [GC (Allocation Failure) [PSYoungGen: 59344K->1552K(59904K)] 395116K->337332K(557056K), 0.0015547 secs] [Times: user=0.01 sys=0.00, real=0.00 secs] 
1331.808: [GC (Allocation Failure) [PSYoungGen: 59408K->1533K(59904K)] 395188K->337314K(557056K), 0.0015593 secs] [Times: user=0.01 sys=0.00, real=0.00 secs] 
1332.203: [GC (Allocation Failure) [PSYoungGen: 59389K->1549K(59904K)] 395170K->337330K(557056K), 0.0015897 secs] [Times: user=0.00 sys=0.00, real=0.00 secs] 
1332.589: [GC (Allocation Failure) [PSYoungGen: 59162K->320K(59904K)] 394943K->336100K(557056K), 0.0014581 secs] [Times: user=0.00 sys=0.00, real=0.00 secs] 
1333.335: [GC (Allocation Failure) [PSYoungGen: 58176K->1376K(59904K)] 393956K->337164K(557056K), 0.0031819 secs] [Times: user=0.01 sys=0.00, real=0.00 secs] 
1333.838: [GC (Allocation Failure) [PSYoungGen: 59232K->1408K(59904K)] 395020K->337220K(557056K), 0.0024869 secs] [Times: user=0.01 sys=0.00, real=0.00 secs] 
1334.284: [GC (Allocation Failure) [PSYoungGen: 59264K->1344K(59904K)] 395076K->337164K(557056K), 0.0022144 secs] [Times: user=0.00 sys=0.00, real=0.00 secs] 
1334.740: [GC (Allocation Failure) [PSYoungGen: 59200K->1392K(59904K)] 395020K->337220K(557056K), 0.0021762 secs] [Times: user=0.00 sys=0.00, real=0.01 secs] 
1335.275: [GC (Allocation Failure) [PSYoungGen: 59232K->1424K(59904K)] 395061K->337252K(557056K), 0.0019789 secs] [Times: user=0.01 sys=0.00, real=0.00 secs] 
1335.645: [GC (Allocation Failure) [PSYoungGen: 59280K->1501K(59904K)] 395108K->337346K(557056K), 0.0015865 secs] [Times: user=0.01 sys=0.00, real=0.00 secs] 
1335.983: [GC (Allocation Failure) [PSYoungGen: 59357K->1549K(59904K)] 395202K->337394K(557056K), 0.0015596 secs] [Times: user=0.00 sys=0.00, real=0.00 secs] 
1336.319: [GC (Allocation Failure) [PSYoungGen: 59405K->1520K(59904K)] 395250K->337364K(557056K), 0.0016011 secs] [Times: user=0.01 sys=0.00, real=0.00 secs] 
1336.656: [GC (Allocation Failure) [PSYoungGen: 59376K->1517K(59904K)] 395220K->337362K(557056K), 0.0014997 secs] [Times: user=0.01 sys=0.00, real=0.00 secs] 
1337.005: [GC (Allocation Failure) [PSYoungGen: 59373K->1408K(59904K)] 395218K->337252K(557056K), 0.0015549 secs] [Times: user=0.01 sys=0.00, real=0.00 secs] 
1337.267: [GC (Allocation Failure) [PSYoungGen: 59264K->1344K(59904K)] 395108K->337196K(557056K), 0.0016669 secs] [Times: user=0.00 sys=0.00, real=0.00 secs] 
1337.522: [GC (Allocation Failure) [PSYoungGen: 59200K->1344K(59904K)] 395052K->337196K(557056K), 0.0016631 secs] [Times: user=0.01 sys=0.00, real=0.00 secs] 
1337.798: [GC (Allocation Failure) [PSYoungGen: 59200K->1408K(59904K)] 395052K->337260K(557056K), 0.0015844 secs] [Times: user=0.01 sys=0.00, real=0.00 secs] 
1338.084: [GC (Allocation Failure) [PSYoungGen: 59264K->1424K(59904K)] 395116K->337276K(557056K), 0.0015741 secs] [Times: user=0.00 sys=0.00, real=0.00 secs] 
1338.425: [GC (Allocation Failure) [PSYoungGen: 59249K->1584K(59904K)] 395102K->337444K(557056K), 0.0016004 secs] [Times: user=0.00 sys=0.00, real=0.00 secs] 
1338.762: [GC (Allocation Failure) [PSYoungGen: 59440K->1536K(59904K)] 395300K->337412K(557056K), 0.0016055 secs] [Times: user=0.01 sys=0.00, real=0.00 secs] 
1339.099: [GC (Allocation Failure) [PSYoungGen: 59392K->1549K(59904K)] 395268K->337426K(557056K), 0.0016122 secs] [Times: user=0.01 sys=0.00, real=0.00 secs] 
1339.437: [GC (Allocation Failure) [PSYoungGen: 59405K->1549K(59904K)] 395282K->337426K(557056K), 0.0015478 secs] [Times: user=0.00 sys=0.00, real=0.00 secs] 
1340.830: [GC (Allocation Failure) [PSYoungGen: 59405K->1440K(59904K)] 395282K->337324K(557056K), 0.0035843 secs] [Times: user=0.02 sys=0.00, real=0.01 secs] 
1341.685: [GC (Allocation Failure) [PSYoungGen: 59296K->1408K(59904K)] 395180K->337300K(557056K), 0.0033033 secs] [Times: user=0.01 sys=0.00, real=0.00 secs] 
1342.040: [GC (Allocation Failure) [PSYoungGen: 59264K->1408K(59904K)] 395156K->337300K(557056K), 0.0019754 secs] [Times: user=0.01 sys=0.00, real=0.01 secs] 
1342.280: [GC (Allocation Failure) [PSYoungGen: 59264K->1440K(59904K)] 395156K->337332K(557056K), 0.0019358 secs] [Times: user=0.00 sys=0.00, real=0.01 secs] 
1342.570: [GC (Allocation Failure) [PSYoungGen: 59296K->1440K(59904K)] 395188K->337332K(557056K), 0.0017936 secs] [Times: user=0.01 sys=0.00, real=0.00 secs] 
1342.924: [GC (Allocation Failure) [PSYoungGen: 59273K->1565K(59904K)] 395166K->337458K(557056K), 0.0014886 secs] [Times: user=0.00 sys=0.00, real=0.00 secs] 
1343.261: [GC (Allocation Failure) [PSYoungGen: 59421K->1584K(59904K)] 395314K->337484K(557056K), 0.0015925 secs] [Times: user=0.01 sys=0.00, real=0.01 secs] 
1343.597: [GC (Allocation Failure) [PSYoungGen: 59440K->1552K(59904K)] 395340K->337452K(557056K), 0.0014604 secs] [Times: user=0.01 sys=0.00, real=0.00 secs] 
1343.933: [GC (Allocation Failure) [PSYoungGen: 59408K->1520K(59904K)] 395308K->337420K(557056K), 0.0016314 secs] [Times: user=0.01 sys=0.00, real=0.00 secs] 
1344.469: [GC (Allocation Failure) [PSYoungGen: 59376K->1472K(59904K)] 395276K->337372K(557056K), 0.0019363 secs] [Times: user=0.01 sys=0.01, real=0.00 secs] 
1344.927: [GC (Allocation Failure) [PSYoungGen: 59328K->1408K(59904K)] 395228K->337308K(557056K), 0.0019779 secs] [Times: user=0.01 sys=0.00, real=0.00 secs] 
1345.174: [GC (Allocation Failure) [PSYoungGen: 59264K->1376K(59904K)] 395164K->337300K(557056K), 0.0020733 secs] [Times: user=0.00 sys=0.01, real=0.00 secs] 
1345.445: [GC (Allocation Failure) [PSYoungGen: 59232K->1376K(59904K)] 395156K->337300K(557056K), 0.0018619 secs] [Times: user=0.00 sys=0.00, real=0.00 secs] 
1345.685: [GC (Allocation Failure) [PSYoungGen: 59232K->1408K(59904K)] 395156K->337332K(557056K), 0.0018175 secs] [Times: user=0.01 sys=0.00, real=0.00 secs] 
1346.074: [GC (Allocation Failure) [PSYoungGen: 59247K->1520K(59904K)] 395172K->337444K(557056K), 0.0014220 secs] [Times: user=0.01 sys=0.00, real=0.00 secs] 
1346.410: [GC (Allocation Failure) [PSYoungGen: 59376K->1552K(59904K)] 395300K->337492K(557056K), 0.0016473 secs] [Times: user=0.00 sys=0.00, real=0.01 secs] 
1346.747: [GC (Allocation Failure) [PSYoungGen: 59408K->1520K(59904K)] 395348K->337460K(557056K), 0.0015487 secs] [Times: user=0.00 sys=0.00, real=0.00 secs] 
1347.083: [GC (Allocation Failure) [PSYoungGen: 59376K->1549K(59904K)] 395316K->337490K(557056K), 0.0016698 secs] [Times: user=0.01 sys=0.00, real=0.00 secs] 
1347.840: [GC (Allocation Failure) [PSYoungGen: 59405K->1440K(59904K)] 395346K->337380K(557056K), 0.0018890 secs] [Times: user=0.01 sys=0.00, real=0.01 secs] 
1348.625: [GC (Allocation Failure) [PSYoungGen: 59296K->1376K(59904K)] 395236K->337316K(557056K), 0.0030138 secs] [Times: user=0.01 sys=0.00, real=0.00 secs] 
1349.245: [GC (Allocation Failure) [PSYoungGen: 59232K->1376K(59904K)] 395172K->337316K(557056K), 0.0025445 secs] [Times: user=0.02 sys=0.00, real=0.00 secs] 
1349.877: [GC (Allocation Failure) [PSYoungGen: 59232K->1312K(59904K)] 395172K->337252K(557056K), 0.0061427 secs] [Times: user=0.02 sys=0.00, real=0.01 secs] 
1350.428: [GC (Allocation Failure) [PSYoungGen: 59168K->1344K(59904K)] 395108K->337284K(557056K), 0.0035117 secs] [Times: user=0.01 sys=0.00, real=0.00 secs] 
1350.952: [GC (Allocation Failure) [PSYoungGen: 59190K->1488K(59904K)] 395131K->337428K(557056K), 0.0015510 secs] [Times: user=0.01 sys=0.00, real=0.00 secs] 
1351.287: [GC (Allocation Failure) [PSYoungGen: 59344K->1549K(59904K)] 395284K->337506K(557056K), 0.0016192 secs] [Times: user=0.01 sys=0.00, real=0.00 secs] 
1351.623: [GC (Allocation Failure) [PSYoungGen: 59405K->1504K(59904K)] 395362K->337460K(557056K), 0.0016735 secs] [Times: user=0.01 sys=0.00, real=0.00 secs] 
1351.959: [GC (Allocation Failure) [PSYoungGen: 59360K->1565K(59904K)] 395316K->337522K(557056K), 0.0015853 secs] [Times: user=0.01 sys=0.00, real=0.00 secs] 
1352.622: [GC (Allocation Failure) [PSYoungGen: 59421K->1440K(59904K)] 395378K->337396K(557056K), 0.0019730 secs] [Times: user=0.00 sys=0.00, real=0.00 secs] 
1353.273: [GC (Allocation Failure) [PSYoungGen: 59296K->1376K(59904K)] 395252K->337332K(557056K), 0.0030204 secs] [Times: user=0.01 sys=0.00, real=0.00 secs] 
1354.076: [GC (Allocation Failure) [PSYoungGen: 59232K->1376K(59904K)] 395188K->337332K(557056K), 0.0028918 secs] [Times: user=0.01 sys=0.00, real=0.00 secs] 
1354.702: [GC (Allocation Failure) [PSYoungGen: 59232K->1360K(59904K)] 395188K->337316K(557056K), 0.0034113 secs] [Times: user=0.01 sys=0.01, real=0.01 secs] 
1355.230: [GC (Allocation Failure) [PSYoungGen: 59216K->1376K(59904K)] 395172K->337332K(557056K), 0.0026219 secs] [Times: user=0.01 sys=0.00, real=0.01 secs] 
1355.682: [GC (Allocation Failure) [PSYoungGen: 59232K->1488K(59904K)] 395188K->337444K(557056K), 0.0014054 secs] [Times: user=0.01 sys=0.00, real=0.00 secs] 
1356.020: [GC (Allocation Failure) [PSYoungGen: 59344K->1552K(59904K)] 395300K->337516K(557056K), 0.0015480 secs] [Times: user=0.00 sys=0.00, real=0.01 secs] 
1356.357: [GC (Allocation Failure) [PSYoungGen: 59408K->1565K(59904K)] 395372K->337546K(557056K), 0.0015866 secs] [Times: user=0.01 sys=0.00, real=0.00 secs] 
1356.693: [GC (Allocation Failure) [PSYoungGen: 59421K->1520K(59904K)] 395402K->337500K(557056K), 0.0016476 secs] [Times: user=0.01 sys=0.00, real=0.00 secs] 
1357.012: [GC (Allocation Failure) [PSYoungGen: 59376K->1424K(59904K)] 395356K->337404K(557056K), 0.0015747 secs] [Times: user=0.01 sys=0.00, real=0.00 secs] 
1357.252: [GC (Allocation Failure) [PSYoungGen: 59280K->1376K(59904K)] 395260K->337356K(557056K), 0.0014686 secs] [Times: user=0.00 sys=0.00, real=0.00 secs] 
1357.491: [GC (Allocation Failure) [PSYoungGen: 59232K->1344K(59904K)] 395212K->337324K(557056K), 0.0013815 secs] [Times: user=0.01 sys=0.00, real=0.01 secs] 
1357.731: [GC (Allocation Failure) [PSYoungGen: 59200K->1376K(59904K)] 395180K->337356K(557056K), 0.0015093 secs] [Times: user=0.00 sys=0.00, real=0.01 secs] 
1357.971: [GC (Allocation Failure) [PSYoungGen: 59232K->1376K(59904K)] 395212K->337356K(557056K), 0.0014664 secs] [Times: user=0.01 sys=0.00, real=0.01 secs] 
1358.295: [GC (Allocation Failure) [PSYoungGen: 59232K->1536K(59904K)] 395212K->337516K(557056K), 0.0015432 secs] [Times: user=0.01 sys=0.00, real=0.00 secs] 
1358.633: [GC (Allocation Failure) [PSYoungGen: 59377K->1552K(59904K)] 395358K->337540K(557056K), 0.0016198 secs] [Times: user=0.01 sys=0.00, real=0.00 secs] 
1358.970: [GC (Allocation Failure) [PSYoungGen: 59408K->1517K(59904K)] 395396K->337506K(557056K), 0.0016933 secs] [Times: user=0.00 sys=0.00, real=0.00 secs] 
1359.306: [GC (Allocation Failure) [PSYoungGen: 59373K->1552K(59904K)] 395362K->337540K(557056K), 0.0017214 secs] [Times: user=0.00 sys=0.01, real=0.00 secs] 
1359.633: [GC (Allocation Failure) [PSYoungGen: 59408K->1472K(59904K)] 395396K->337460K(557056K), 0.0016017 secs] [Times: user=0.01 sys=0.00, real=0.00 secs] 
1359.893: [GC (Allocation Failure) [PSYoungGen: 59328K->1344K(59904K)] 395316K->337332K(557056K), 0.0013895 secs] [Times: user=0.00 sys=0.00, real=0.00 secs] 
1360.360: [GC (Allocation Failure) [PSYoungGen: 59200K->1328K(59904K)] 395188K->337316K(557056K), 0.0025494 secs] [Times: user=0.01 sys=0.00, real=0.01 secs] 
1360.842: [GC (Allocation Failure) [PSYoungGen: 59184K->1376K(59904K)] 395172K->337364K(557056K), 0.0030883 secs] [Times: user=0.02 sys=0.00, real=0.00 secs] 
1361.320: [GC (Allocation Failure) [PSYoungGen: 59232K->1376K(59904K)] 395220K->337364K(557056K), 0.0029808 secs] [Times: user=0.02 sys=0.00, real=0.01 secs] 
1361.821: [GC (Allocation Failure) [PSYoungGen: 59227K->1520K(59904K)] 395216K->337508K(557056K), 0.0014359 secs] [Times: user=0.01 sys=0.00, real=0.01 secs] 
1362.157: [GC (Allocation Failure) [PSYoungGen: 59376K->1549K(59904K)] 395364K->337546K(557056K), 0.0016413 secs] [Times: user=0.01 sys=0.00, real=0.00 secs] 
1362.495: [GC (Allocation Failure) [PSYoungGen: 59405K->1584K(59904K)] 395402K->337580K(557056K), 0.0015752 secs] [Times: user=0.01 sys=0.00, real=0.00 secs] 
1362.832: [GC (Allocation Failure) [PSYoungGen: 59440K->1584K(59904K)] 395436K->337580K(557056K), 0.0016077 secs] [Times: user=0.01 sys=0.00, real=0.00 secs] 
1363.140: [GC (Allocation Failure) [PSYoungGen: 59440K->1456K(59904K)] 395436K->337452K(557056K), 0.0015834 secs] [Times: user=0.00 sys=0.00, real=0.00 secs] 
1363.379: [GC (Allocation Failure) [PSYoungGen: 59312K->1360K(59904K)] 395308K->337356K(557056K), 0.0015741 secs] [Times: user=0.00 sys=0.00, real=0.00 secs] 
1363.619: [GC (Allocation Failure) [PSYoungGen: 59216K->1392K(59904K)] 395212K->337404K(557056K), 0.0014863 secs] [Times: user=0.01 sys=0.00, real=0.00 secs] 
1363.859: [GC (Allocation Failure) [PSYoungGen: 59248K->1392K(59904K)] 395260K->337404K(557056K), 0.0014550 secs] [Times: user=0.00 sys=0.00, real=0.00 secs] 
1364.102: [GC (Allocation Failure) [PSYoungGen: 59248K->1344K(59904K)] 395260K->337356K(557056K), 0.0014696 secs] [Times: user=0.01 sys=0.00, real=0.00 secs] 
1364.420: [GC (Allocation Failure) [PSYoungGen: 59170K->1536K(59904K)] 395183K->337548K(557056K), 0.0015668 secs] [Times: user=0.01 sys=0.00, real=0.01 secs] 
1364.759: [GC (Allocation Failure) [PSYoungGen: 59392K->1552K(59904K)] 395404K->337580K(557056K), 0.0017785 secs] [Times: user=0.01 sys=0.00, real=0.00 secs] 
1365.096: [GC (Allocation Failure) [PSYoungGen: 59408K->1549K(59904K)] 395436K->337578K(557056K), 0.0016490 secs] [Times: user=0.01 sys=0.00, real=0.00 secs] 
1365.431: [GC (Allocation Failure) [PSYoungGen: 59405K->1520K(59904K)] 395434K->337548K(557056K), 0.0015345 secs] [Times: user=0.00 sys=0.00, real=0.01 secs] 
1365.794: [GC (Allocation Failure) [PSYoungGen: 59376K->1456K(59904K)] 395404K->337484K(557056K), 0.0019084 secs] [Times: user=0.00 sys=0.00, real=0.00 secs] 
1366.055: [GC (Allocation Failure) [PSYoungGen: 59312K->1376K(59904K)] 395340K->337404K(557056K), 0.0016097 secs] [Times: user=0.01 sys=0.00, real=0.00 secs] 
1366.298: [GC (Allocation Failure) [PSYoungGen: 59232K->1376K(59904K)] 395260K->337404K(557056K), 0.0017679 secs] [Times: user=0.01 sys=0.00, real=0.00 secs] 
1366.580: [GC (Allocation Failure) [PSYoungGen: 59232K->1408K(59904K)] 395260K->337436K(557056K), 0.0017988 secs] [Times: user=0.00 sys=0.00, real=0.00 secs] 
1367.060: [GC (Allocation Failure) [PSYoungGen: 59264K->1376K(59904K)] 395292K->337404K(557056K), 0.0017505 secs] [Times: user=0.01 sys=0.00, real=0.01 secs] 
1367.591: [GC (Allocation Failure) [PSYoungGen: 59232K->1453K(59904K)] 395260K->337482K(557056K), 0.0017301 secs] [Times: user=0.00 sys=0.00, real=0.01 secs] 
1367.930: [GC (Allocation Failure) [PSYoungGen: 59286K->1536K(59904K)] 395315K->337572K(557056K), 0.0016727 secs] [Times: user=0.00 sys=0.00, real=0.01 secs] 
1368.267: [GC (Allocation Failure) [PSYoungGen: 59392K->1552K(59904K)] 395428K->337588K(557056K), 0.0016274 secs] [Times: user=0.01 sys=0.00, real=0.00 secs] 
1368.604: [GC (Allocation Failure) [PSYoungGen: 59408K->1488K(59904K)] 395444K->337524K(557056K), 0.0016544 secs] [Times: user=0.01 sys=0.00, real=0.00 secs] 
1368.955: [GC (Allocation Failure) [PSYoungGen: 59344K->1472K(59904K)] 395380K->337508K(557056K), 0.0020280 secs] [Times: user=0.00 sys=0.00, real=0.00 secs] 
1369.201: [GC (Allocation Failure) [PSYoungGen: 59328K->1408K(59904K)] 395364K->337444K(557056K), 0.0021184 secs] [Times: user=0.01 sys=0.00, real=0.01 secs] 
1369.437: [GC (Allocation Failure) [PSYoungGen: 59264K->1376K(59904K)] 395300K->337412K(557056K), 0.0018718 secs] [Times: user=0.01 sys=0.00, real=0.00 secs] 
1369.678: [GC (Allocation Failure) [PSYoungGen: 59232K->1376K(59904K)] 395268K->337412K(557056K), 0.0020276 secs] [Times: user=0.00 sys=0.00, real=0.00 secs] 
1369.918: [GC (Allocation Failure) [PSYoungGen: 59232K->1376K(59904K)] 395268K->337412K(557056K), 0.0019567 secs] [Times: user=0.01 sys=0.00, real=0.00 secs] 
1370.249: [GC (Allocation Failure) [PSYoungGen: 59200K->1421K(59904K)] 395237K->337458K(557056K), 0.0066935 secs] [Times: user=0.02 sys=0.00, real=0.01 secs] 
1370.657: [GC (Allocation Failure) [PSYoungGen: 59277K->1552K(59904K)] 395314K->337596K(557056K), 0.0015784 secs] [Times: user=0.00 sys=0.00, real=0.00 secs] 
1370.994: [GC (Allocation Failure) [PSYoungGen: 59408K->1520K(59904K)] 395452K->337564K(557056K), 0.0015748 secs] [Times: user=0.01 sys=0.00, real=0.00 secs] 
1371.331: [GC (Allocation Failure) [PSYoungGen: 59376K->1517K(59904K)] 395420K->337562K(557056K), 0.0016975 secs] [Times: user=0.00 sys=0.00, real=0.01 secs] 
1371.697: [GC (Allocation Failure) [PSYoungGen: 59373K->1984K(59904K)] 395418K->338036K(557056K), 0.0019041 secs] [Times: user=0.01 sys=0.00, real=0.00 secs] 
1372.114: [GC (Allocation Failure) [PSYoungGen: 59840K->1376K(59904K)] 395892K->337428K(557056K), 0.0023444 secs] [Times: user=0.01 sys=0.00, real=0.00 secs] 
1372.807: [GC (Allocation Failure) [PSYoungGen: 59232K->1376K(59904K)] 395284K->337428K(557056K), 0.0022865 secs] [Times: user=0.01 sys=0.00, real=0.00 secs] 
1373.726: [GC (Allocation Failure) [PSYoungGen: 59232K->1408K(59904K)] 395284K->337460K(557056K), 0.0024309 secs] [Times: user=0.01 sys=0.00, real=0.00 secs] 
1374.715: [GC (Allocation Failure) [PSYoungGen: 59264K->1408K(59904K)] 395316K->337484K(557056K), 0.0043566 secs] [Times: user=0.02 sys=0.00, real=0.00 secs] 
1375.710: [GC (Allocation Failure) [PSYoungGen: 59246K->1456K(59904K)] 395323K->337532K(557056K), 0.0018556 secs] [Times: user=0.01 sys=0.00, real=0.01 secs] 
1376.060: [GC (Allocation Failure) [PSYoungGen: 59312K->1552K(59904K)] 395388K->337644K(557056K), 0.0015828 secs] [Times: user=0.00 sys=0.00, real=0.00 secs] 
1376.453: [GC (Allocation Failure) [PSYoungGen: 59385K->1520K(59904K)] 395478K->337612K(557056K), 0.0015646 secs] [Times: user=0.01 sys=0.00, real=0.00 secs] 
1376.791: [GC (Allocation Failure) [PSYoungGen: 59376K->1488K(59904K)] 395468K->337580K(557056K), 0.0016630 secs] [Times: user=0.01 sys=0.00, real=0.01 secs] 
1377.124: [GC (Allocation Failure) [PSYoungGen: 59344K->1616K(59904K)] 395436K->337708K(557056K), 0.0016292 secs] [Times: user=0.01 sys=0.00, real=0.00 secs] 
1378.281: [GC (Allocation Failure) [PSYoungGen: 59472K->1376K(59904K)] 395564K->337468K(557056K), 0.0028114 secs] [Times: user=0.01 sys=0.00, real=0.01 secs] 
1378.990: [GC (Allocation Failure) [PSYoungGen: 59232K->1344K(59904K)] 395324K->337436K(557056K), 0.0031562 secs] [Times: user=0.01 sys=0.00, real=0.01 secs] 
1379.689: [GC (Allocation Failure) [PSYoungGen: 59200K->1376K(59904K)] 395292K->337468K(557056K), 0.0026149 secs] [Times: user=0.01 sys=0.00, real=0.00 secs] 
1381.026: [GC (Allocation Failure) [PSYoungGen: 59232K->1376K(59904K)] 395324K->337468K(557056K), 0.0042667 secs] [Times: user=0.01 sys=0.00, real=0.00 secs] 
1382.040: [GC (Allocation Failure) [PSYoungGen: 59232K->1456K(59904K)] 395324K->337548K(557056K), 0.0022091 secs] [Times: user=0.01 sys=0.00, real=0.01 secs] 
1382.418: [GC (Allocation Failure) [PSYoungGen: 59312K->1552K(59904K)] 395404K->337668K(557056K), 0.0015677 secs] [Times: user=0.01 sys=0.00, real=0.00 secs] 
1382.756: [GC (Allocation Failure) [PSYoungGen: 59384K->1581K(59904K)] 395501K->337698K(557056K), 0.0015713 secs] [Times: user=0.01 sys=0.00, real=0.00 secs] 
1383.096: [GC (Allocation Failure) [PSYoungGen: 59437K->1501K(59904K)] 395554K->337618K(557056K), 0.0015713 secs] [Times: user=0.01 sys=0.00, real=0.00 secs] 
1383.432: [GC (Allocation Failure) [PSYoungGen: 59357K->1520K(59904K)] 395474K->337636K(557056K), 0.0016145 secs] [Times: user=0.01 sys=0.00, real=0.00 secs] 
1383.771: [GC (Allocation Failure) [PSYoungGen: 59376K->1440K(59904K)] 395492K->337556K(557056K), 0.0018839 secs] [Times: user=0.00 sys=0.00, real=0.01 secs] 
1384.012: [GC (Allocation Failure) [PSYoungGen: 59296K->1408K(59904K)] 395412K->337524K(557056K), 0.0018454 secs] [Times: user=0.01 sys=0.00, real=0.00 secs] 
1384.303: [GC (Allocation Failure) [PSYoungGen: 59264K->1376K(59904K)] 395380K->337492K(557056K), 0.0017907 secs] [Times: user=0.00 sys=0.00, real=0.00 secs] 
1384.867: [GC (Allocation Failure) [PSYoungGen: 59232K->1376K(59904K)] 395348K->337492K(557056K), 0.0016681 secs] [Times: user=0.01 sys=0.00, real=0.00 secs] 
1385.556: [GC (Allocation Failure) [PSYoungGen: 59232K->1469K(59904K)] 395348K->337586K(557056K), 0.0018245 secs] [Times: user=0.00 sys=0.00, real=0.00 secs] 
1385.900: [GC (Allocation Failure) [PSYoungGen: 59316K->1520K(59904K)] 395433K->337644K(557056K), 0.0017099 secs] [Times: user=0.01 sys=0.00, real=0.00 secs] 
1386.236: [GC (Allocation Failure) [PSYoungGen: 59376K->1549K(59904K)] 395500K->337690K(557056K), 0.0015595 secs] [Times: user=0.01 sys=0.00, real=0.00 secs] 
1386.573: [GC (Allocation Failure) [PSYoungGen: 59405K->1520K(59904K)] 395546K->337660K(557056K), 0.0016336 secs] [Times: user=0.01 sys=0.00, real=0.00 secs] 
1386.914: [GC (Allocation Failure) [PSYoungGen: 59376K->1552K(59904K)] 395516K->337692K(557056K), 0.0016085 secs] [Times: user=0.01 sys=0.00, real=0.00 secs] 
1387.272: [GC (Allocation Failure) [PSYoungGen: 59408K->1392K(59904K)] 395548K->337532K(557056K), 0.0017518 secs] [Times: user=0.01 sys=0.00, real=0.00 secs] 
1387.519: [GC (Allocation Failure) [PSYoungGen: 59248K->1408K(59904K)] 395388K->337548K(557056K), 0.0018258 secs] [Times: user=0.00 sys=0.00, real=0.00 secs] 
1387.760: [GC (Allocation Failure) [PSYoungGen: 59264K->1344K(59904K)] 395404K->337484K(557056K), 0.0025489 secs] [Times: user=0.01 sys=0.00, real=0.01 secs] 
1388.001: [GC (Allocation Failure) [PSYoungGen: 59200K->1376K(59904K)] 395340K->337516K(557056K), 0.0023453 secs] [Times: user=0.01 sys=0.00, real=0.01 secs] 
1388.296: [GC (Allocation Failure) [PSYoungGen: 59232K->1469K(59904K)] 395372K->337610K(557056K), 0.0018286 secs] [Times: user=0.01 sys=0.00, real=0.00 secs] 
1388.654: [GC (Allocation Failure) [PSYoungGen: 59318K->1584K(59904K)] 395459K->337724K(557056K), 0.0015646 secs] [Times: user=0.01 sys=0.00, real=0.00 secs] 
1388.990: [GC (Allocation Failure) [PSYoungGen: 59440K->1584K(59904K)] 395580K->337732K(557056K), 0.0016871 secs] [Times: user=0.01 sys=0.00, real=0.01 secs] 
1389.327: [GC (Allocation Failure) [PSYoungGen: 59440K->1584K(59904K)] 395588K->337732K(557056K), 0.0015740 secs] [Times: user=0.01 sys=0.00, real=0.00 secs] 
1389.665: [GC (Allocation Failure) [PSYoungGen: 59440K->1565K(59904K)] 395588K->337714K(557056K), 0.0015877 secs] [Times: user=0.01 sys=0.00, real=0.00 secs] 
1389.967: [GC (Allocation Failure) [PSYoungGen: 59421K->1440K(59904K)] 395570K->337588K(557056K), 0.0015998 secs] [Times: user=0.01 sys=0.01, real=0.00 secs] 
1390.207: [GC (Allocation Failure) [PSYoungGen: 59296K->1344K(59904K)] 395444K->337492K(557056K), 0.0014127 secs] [Times: user=0.00 sys=0.00, real=0.00 secs] 
1390.447: [GC (Allocation Failure) [PSYoungGen: 59200K->1440K(59904K)] 395348K->337588K(557056K), 0.0014609 secs] [Times: user=0.01 sys=0.00, real=0.00 secs] 
1390.688: [GC (Allocation Failure) [PSYoungGen: 59296K->1376K(59904K)] 395444K->337524K(557056K), 0.0020730 secs] [Times: user=0.01 sys=0.00, real=0.00 secs] 
1390.928: [GC (Allocation Failure) [PSYoungGen: 59232K->1360K(59904K)] 395380K->337508K(557056K), 0.0019153 secs] [Times: user=0.01 sys=0.00, real=0.00 secs] 
1391.307: [GC (Allocation Failure) [PSYoungGen: 59216K->1456K(59904K)] 395364K->337604K(557056K), 0.0016910 secs] [Times: user=0.00 sys=0.00, real=0.00 secs] 
1391.643: [GC (Allocation Failure) [PSYoungGen: 59312K->1520K(59904K)] 395460K->337676K(557056K), 0.0015070 secs] [Times: user=0.00 sys=0.00, real=0.00 secs] 
1391.983: [GC (Allocation Failure) [PSYoungGen: 59353K->1517K(59904K)] 395510K->337674K(557056K), 0.0016189 secs] [Times: user=0.00 sys=0.00, real=0.00 secs] 
1392.320: [GC (Allocation Failure) [PSYoungGen: 59373K->1520K(59904K)] 395530K->337676K(557056K), 0.0015697 secs] [Times: user=0.00 sys=0.00, real=0.01 secs] 
1392.601: [GC (Allocation Failure) [PSYoungGen: 59376K->1408K(59904K)] 395532K->337572K(557056K), 0.0015862 secs] [Times: user=0.01 sys=0.00, real=0.01 secs] 
1392.841: [GC (Allocation Failure) [PSYoungGen: 59264K->1408K(59904K)] 395428K->337580K(557056K), 0.0015570 secs] [Times: user=0.00 sys=0.00, real=0.01 secs] 
1393.142: [GC (Allocation Failure) [PSYoungGen: 59264K->1376K(59904K)] 395436K->337548K(557056K), 0.0016985 secs] [Times: user=0.00 sys=0.00, real=0.00 secs] 
1393.549: [GC (Allocation Failure) [PSYoungGen: 59232K->1408K(59904K)] 395404K->337580K(557056K), 0.0016987 secs] [Times: user=0.01 sys=0.00, real=0.00 secs] 
1394.048: [GC (Allocation Failure) [PSYoungGen: 59264K->1376K(59904K)] 395436K->337548K(557056K), 0.0018255 secs] [Times: user=0.00 sys=0.00, real=0.00 secs] 
1394.497: [GC (Allocation Failure) [PSYoungGen: 59232K->1520K(59904K)] 395404K->337692K(557056K), 0.0015578 secs] [Times: user=0.01 sys=0.00, real=0.00 secs] 
1394.839: [GC (Allocation Failure) [PSYoungGen: 59376K->1552K(59904K)] 395548K->337732K(557056K), 0.0016793 secs] [Times: user=0.00 sys=0.00, real=0.00 secs] 
1395.178: [GC (Allocation Failure) [PSYoungGen: 59390K->1533K(59904K)] 395571K->337714K(557056K), 0.0016299 secs] [Times: user=0.00 sys=0.00, real=0.00 secs] 
1395.517: [GC (Allocation Failure) [PSYoungGen: 59389K->1552K(59904K)] 395570K->337732K(557056K), 0.0015956 secs] [Times: user=0.01 sys=0.00, real=0.00 secs] 
1395.981: [GC (Allocation Failure) [PSYoungGen: 59408K->1408K(59904K)] 395588K->337596K(557056K), 0.0017178 secs] [Times: user=0.01 sys=0.00, real=0.01 secs] 
1396.431: [GC (Allocation Failure) [PSYoungGen: 59264K->1408K(59904K)] 395452K->337604K(557056K), 0.0018292 secs] [Times: user=0.01 sys=0.00, real=0.01 secs] 
1396.814: [GC (Allocation Failure) [PSYoungGen: 59264K->1408K(59904K)] 395460K->337604K(557056K), 0.0018763 secs] [Times: user=0.01 sys=0.00, real=0.00 secs] 
1397.200: [GC (Allocation Failure) [PSYoungGen: 59264K->1408K(59904K)] 395460K->337604K(557056K), 0.0016513 secs] [Times: user=0.01 sys=0.00, real=0.01 secs] 
1397.664: [GC (Allocation Failure) [PSYoungGen: 59264K->1408K(59904K)] 395460K->337604K(557056K), 0.0018226 secs] [Times: user=0.01 sys=0.00, real=0.00 secs] 
1398.084: [GC (Allocation Failure) [PSYoungGen: 59252K->1488K(59904K)] 395449K->337684K(557056K), 0.0015554 secs] [Times: user=0.01 sys=0.00, real=0.00 secs] 
1398.486: [GC (Allocation Failure) [PSYoungGen: 59344K->1520K(59904K)] 395540K->337732K(557056K), 0.0016724 secs] [Times: user=0.01 sys=0.00, real=0.00 secs] 
1398.823: [GC (Allocation Failure) [PSYoungGen: 59376K->1584K(59904K)] 395588K->337796K(557056K), 0.0015770 secs] [Times: user=0.00 sys=0.00, real=0.00 secs] 
1399.219: [GC (Allocation Failure) [PSYoungGen: 59440K->1549K(59904K)] 395652K->337762K(557056K), 0.0016441 secs] [Times: user=0.01 sys=0.00, real=0.00 secs] 
1399.539: [GC (Allocation Failure) [PSYoungGen: 59405K->1424K(59904K)] 395618K->337636K(557056K), 0.0022356 secs] [Times: user=0.00 sys=0.00, real=0.00 secs] 
1399.781: [GC (Allocation Failure) [PSYoungGen: 59280K->1376K(59904K)] 395492K->337588K(557056K), 0.0018439 secs] [Times: user=0.01 sys=0.00, real=0.01 secs] 
1400.095: [GC (Allocation Failure) [PSYoungGen: 59232K->1408K(59904K)] 395444K->337620K(557056K), 0.0018846 secs] [Times: user=0.00 sys=0.00, real=0.00 secs] 
1400.522: [GC (Allocation Failure) [PSYoungGen: 59264K->1408K(59904K)] 395476K->337620K(557056K), 0.0018468 secs] [Times: user=0.01 sys=0.00, real=0.00 secs] 
1400.969: [GC (Allocation Failure) [PSYoungGen: 59264K->1376K(59904K)] 395476K->337588K(557056K), 0.0027253 secs] [Times: user=0.01 sys=0.00, real=0.01 secs] 
1401.359: [GC (Allocation Failure) [PSYoungGen: 59232K->1488K(59904K)] 395444K->337700K(557056K), 0.0016083 secs] [Times: user=0.01 sys=0.00, real=0.00 secs] 
1401.698: [GC (Allocation Failure) [PSYoungGen: 59344K->1520K(59904K)] 395556K->337764K(557056K), 0.0016304 secs] [Times: user=0.01 sys=0.00, real=0.00 secs] 
1402.036: [GC (Allocation Failure) [PSYoungGen: 59376K->1584K(59904K)] 395620K->337828K(557056K), 0.0015514 secs] [Times: user=0.01 sys=0.00, real=0.00 secs] 
1402.373: [GC (Allocation Failure) [PSYoungGen: 59440K->1549K(59904K)] 395684K->337794K(557056K), 0.0015308 secs] [Times: user=0.01 sys=0.00, real=0.00 secs] 
1402.885: [GC (Allocation Failure) [PSYoungGen: 59405K->1488K(59904K)] 395650K->337732K(557056K), 0.0017461 secs] [Times: user=0.01 sys=0.00, real=0.00 secs] 
1403.274: [GC (Allocation Failure) [PSYoungGen: 59344K->1408K(59904K)] 395588K->337652K(557056K), 0.0018090 secs] [Times: user=0.01 sys=0.00, real=0.00 secs] 
1403.514: [GC (Allocation Failure) [PSYoungGen: 59264K->1440K(59904K)] 395508K->337684K(557056K), 0.0016149 secs] [Times: user=0.00 sys=0.00, real=0.00 secs] 
1403.755: [GC (Allocation Failure) [PSYoungGen: 59296K->1376K(59904K)] 395540K->337636K(557056K), 0.0026426 secs] [Times: user=0.01 sys=0.00, real=0.00 secs] 
1403.996: [GC (Allocation Failure) [PSYoungGen: 59232K->1408K(59904K)] 395492K->337668K(557056K), 0.0017341 secs] [Times: user=0.01 sys=0.00, real=0.00 secs] 
1404.321: [GC (Allocation Failure) [PSYoungGen: 59264K->1504K(59904K)] 395524K->337764K(557056K), 0.0015355 secs] [Times: user=0.01 sys=0.00, real=0.01 secs] 
1404.658: [GC (Allocation Failure) [PSYoungGen: 59360K->1533K(59904K)] 395620K->337802K(557056K), 0.0014703 secs] [Times: user=0.00 sys=0.00, real=0.00 secs] 
1405.055: [GC (Allocation Failure) [PSYoungGen: 59389K->1520K(59904K)] 395658K->337788K(557056K), 0.0017035 secs] [Times: user=0.01 sys=0.00, real=0.00 secs] 
1405.448: [GC (Allocation Failure) [PSYoungGen: 59376K->1520K(59904K)] 395644K->337788K(557056K), 0.0016776 secs] [Times: user=0.01 sys=0.00, real=0.00 secs] 
1406.411: [GC (Allocation Failure) [PSYoungGen: 59376K->1456K(59904K)] 395644K->337724K(557056K), 0.0032924 secs] [Times: user=0.01 sys=0.00, real=0.01 secs] 
1406.873: [GC (Allocation Failure) [PSYoungGen: 59312K->1344K(59904K)] 395580K->337612K(557056K), 0.0021842 secs] [Times: user=0.01 sys=0.00, real=0.00 secs] 
1407.158: [GC (Allocation Failure) [PSYoungGen: 59200K->1408K(59904K)] 395468K->337676K(557056K), 0.0020548 secs] [Times: user=0.01 sys=0.00, real=0.00 secs] 
1407.424: [GC (Allocation Failure) [PSYoungGen: 59264K->1408K(59904K)] 395532K->337676K(557056K), 0.0018682 secs] [Times: user=0.01 sys=0.00, real=0.00 secs] 
1407.709: [GC (Allocation Failure) [PSYoungGen: 59264K->1344K(59904K)] 395532K->337612K(557056K), 0.0018916 secs] [Times: user=0.01 sys=0.00, real=0.00 secs] 
1408.072: [GC (Allocation Failure) [PSYoungGen: 59198K->1485K(59904K)] 395467K->337754K(557056K), 0.0015218 secs] [Times: user=0.00 sys=0.00, real=0.00 secs] 
1408.409: [GC (Allocation Failure) [PSYoungGen: 59341K->1552K(59904K)] 395610K->337836K(557056K), 0.0016917 secs] [Times: user=0.00 sys=0.00, real=0.00 secs] 
1408.809: [GC (Allocation Failure) [PSYoungGen: 59408K->1552K(59904K)] 395692K->337836K(557056K), 0.0015828 secs] [Times: user=0.00 sys=0.00, real=0.00 secs] 
1409.146: [GC (Allocation Failure) [PSYoungGen: 59408K->1517K(59904K)] 395692K->337802K(557056K), 0.0016628 secs] [Times: user=0.01 sys=0.00, real=0.00 secs] 
1409.529: [GC (Allocation Failure) [PSYoungGen: 59373K->1440K(59904K)] 395658K->337732K(557056K), 0.0020292 secs] [Times: user=0.01 sys=0.00, real=0.00 secs] 
1409.770: [GC (Allocation Failure) [PSYoungGen: 59296K->1376K(59904K)] 395588K->337668K(557056K), 0.0018871 secs] [Times: user=0.01 sys=0.00, real=0.01 secs] 
1410.011: [GC (Allocation Failure) [PSYoungGen: 59232K->1344K(59904K)] 395524K->337636K(557056K), 0.0019339 secs] [Times: user=0.01 sys=0.00, real=0.01 secs] 
1410.355: [GC (Allocation Failure) [PSYoungGen: 59200K->1440K(59904K)] 395492K->337732K(557056K), 0.0024816 secs] [Times: user=0.00 sys=0.00, real=0.00 secs] 
1410.856: [GC (Allocation Failure) [PSYoungGen: 59296K->1440K(59904K)] 395588K->337732K(557056K), 0.0027725 secs] [Times: user=0.01 sys=0.00, real=0.00 secs] 
1411.421: [GC (Allocation Failure) [PSYoungGen: 59296K->1549K(59904K)] 395588K->337842K(557056K), 0.0015526 secs] [Times: user=0.00 sys=0.00, real=0.01 secs] 
1411.762: [GC (Allocation Failure) [PSYoungGen: 59378K->1584K(59904K)] 395671K->337884K(557056K), 0.0015719 secs] [Times: user=0.01 sys=0.00, real=0.00 secs] 
1412.099: [GC (Allocation Failure) [PSYoungGen: 59440K->1584K(59904K)] 395740K->337884K(557056K), 0.0017135 secs] [Times: user=0.01 sys=0.00, real=0.00 secs] 
1412.435: [GC (Allocation Failure) [PSYoungGen: 59440K->1552K(59904K)] 395740K->337852K(557056K), 0.0016502 secs] [Times: user=0.01 sys=0.00, real=0.00 secs] 
1412.859: [GC (Allocation Failure) [PSYoungGen: 59408K->1488K(59904K)] 395708K->337788K(557056K), 0.0021697 secs] [Times: user=0.01 sys=0.00, real=0.00 secs] 
1413.419: [GC (Allocation Failure) [PSYoungGen: 59344K->1408K(59904K)] 395644K->337708K(557056K), 0.0026714 secs] [Times: user=0.01 sys=0.00, real=0.01 secs] 
1413.925: [GC (Allocation Failure) [PSYoungGen: 59264K->1376K(59904K)] 395564K->337676K(557056K), 0.0033755 secs] [Times: user=0.01 sys=0.00, real=0.00 secs] 
1414.453: [GC (Allocation Failure) [PSYoungGen: 59232K->1360K(59904K)] 395532K->337676K(557056K), 0.0025859 secs] [Times: user=0.01 sys=0.00, real=0.00 secs] 
1414.845: [GC (Allocation Failure) [PSYoungGen: 59216K->1408K(59904K)] 395532K->337724K(557056K), 0.0026366 secs] [Times: user=0.01 sys=0.00, real=0.00 secs] 
1415.355: [GC (Allocation Failure) [PSYoungGen: 59232K->1504K(59904K)] 395549K->337820K(557056K), 0.0016162 secs] [Times: user=0.00 sys=0.00, real=0.00 secs] 
1415.691: [GC (Allocation Failure) [PSYoungGen: 59360K->1520K(59904K)] 395676K->337852K(557056K), 0.0016794 secs] [Times: user=0.01 sys=0.00, real=0.01 secs] 
1416.030: [GC (Allocation Failure) [PSYoungGen: 59376K->1536K(59904K)] 395708K->337868K(557056K), 0.0016405 secs] [Times: user=0.01 sys=0.00, real=0.00 secs] 
1416.368: [GC (Allocation Failure) [PSYoungGen: 59392K->1517K(59904K)] 395724K->337850K(557056K), 0.0016132 secs] [Times: user=0.01 sys=0.00, real=0.00 secs] 
1416.752: [GC (Allocation Failure) [PSYoungGen: 59373K->1456K(59904K)] 395706K->337788K(557056K), 0.0018344 secs] [Times: user=0.01 sys=0.00, real=0.00 secs] 
1417.315: [GC (Allocation Failure) [PSYoungGen: 59312K->1392K(59904K)] 395644K->337724K(557056K), 0.0018808 secs] [Times: user=0.01 sys=0.00, real=0.00 secs] 
1417.647: [GC (Allocation Failure) [PSYoungGen: 59248K->1376K(59904K)] 395580K->337708K(557056K), 0.0018901 secs] [Times: user=0.01 sys=0.00, real=0.00 secs] 
1417.887: [GC (Allocation Failure) [PSYoungGen: 59232K->1344K(59904K)] 395564K->337676K(557056K), 0.0018997 secs] [Times: user=0.01 sys=0.00, real=0.00 secs] 
1418.128: [GC (Allocation Failure) [PSYoungGen: 59200K->1376K(59904K)] 395532K->337708K(557056K), 0.0019501 secs] [Times: user=0.01 sys=0.00, real=0.00 secs] 
1418.431: [GC (Allocation Failure) [PSYoungGen: 59232K->1488K(59904K)] 395564K->337820K(557056K), 0.0014721 secs] [Times: user=0.00 sys=0.00, real=0.01 secs] 
1418.769: [GC (Allocation Failure) [PSYoungGen: 59327K->1584K(59904K)] 395660K->337924K(557056K), 0.0016656 secs] [Times: user=0.00 sys=0.00, real=0.00 secs] 
1419.107: [GC (Allocation Failure) [PSYoungGen: 59440K->1533K(59904K)] 395780K->337874K(557056K), 0.0016614 secs] [Times: user=0.00 sys=0.00, real=0.00 secs] 
1419.443: [GC (Allocation Failure) [PSYoungGen: 59389K->1568K(59904K)] 395730K->337908K(557056K), 0.0015444 secs] [Times: user=0.01 sys=0.00, real=0.00 secs] 
1419.952: [GC (Allocation Failure) [PSYoungGen: 59424K->2016K(59904K)] 395764K->338356K(557056K), 0.0018457 secs] [Times: user=0.01 sys=0.00, real=0.00 secs] 
1420.259: [GC (Allocation Failure) [PSYoungGen: 59872K->1344K(59904K)] 396212K->337684K(557056K), 0.0019167 secs] [Times: user=0.01 sys=0.00, real=0.00 secs] 
1420.549: [GC (Allocation Failure) [PSYoungGen: 59200K->1408K(59904K)] 395540K->337748K(557056K), 0.0018579 secs] [Times: user=0.01 sys=0.00, real=0.00 secs] 
1420.809: [GC (Allocation Failure) [PSYoungGen: 59264K->1344K(59904K)] 395604K->337684K(557056K), 0.0019862 secs] [Times: user=0.00 sys=0.00, real=0.00 secs] 
1421.248: [GC (Allocation Failure) [PSYoungGen: 59200K->1376K(59904K)] 395540K->337716K(557056K), 0.0017841 secs] [Times: user=0.01 sys=0.00, real=0.00 secs] 
1421.739: [GC (Allocation Failure) [PSYoungGen: 59231K->1485K(59904K)] 395572K->337826K(557056K), 0.0015154 secs] [Times: user=0.00 sys=0.00, real=0.00 secs] 
1422.075: [GC (Allocation Failure) [PSYoungGen: 59341K->1520K(59904K)] 395682K->337868K(557056K), 0.0016368 secs] [Times: user=0.01 sys=0.00, real=0.00 secs] 
1422.412: [GC (Allocation Failure) [PSYoungGen: 59348K->1488K(59904K)] 395697K->337836K(557056K), 0.0016286 secs] [Times: user=0.01 sys=0.00, real=0.00 secs] 
1422.750: [GC (Allocation Failure) [PSYoungGen: 59344K->1581K(59904K)] 395692K->337930K(557056K), 0.0014691 secs] [Times: user=0.00 sys=0.00, real=0.01 secs] 
1423.084: [GC (Allocation Failure) [PSYoungGen: 59301K->352K(59904K)] 395650K->336700K(557056K), 0.0015290 secs] [Times: user=0.01 sys=0.00, real=0.00 secs] 
1423.337: [GC (Allocation Failure) [PSYoungGen: 58208K->1408K(59904K)] 394556K->337772K(557056K), 0.0015118 secs] [Times: user=0.01 sys=0.00, real=0.00 secs] 
1423.611: [GC (Allocation Failure) [PSYoungGen: 59264K->1440K(59904K)] 395628K->337804K(557056K), 0.0018119 secs] [Times: user=0.00 sys=0.00, real=0.01 secs] 
1423.853: [GC (Allocation Failure) [PSYoungGen: 59296K->1312K(59904K)] 395660K->337676K(557056K), 0.0016359 secs] [Times: user=0.01 sys=0.00, real=0.00 secs] 
1424.094: [GC (Allocation Failure) [PSYoungGen: 59168K->1408K(59904K)] 395532K->337772K(557056K), 0.0026155 secs] [Times: user=0.01 sys=0.00, real=0.00 secs] 
1424.426: [GC (Allocation Failure) [PSYoungGen: 59264K->1392K(59904K)] 395628K->337756K(557056K), 0.0022058 secs] [Times: user=0.01 sys=0.00, real=0.00 secs] 
1424.806: [GC (Allocation Failure) [PSYoungGen: 59232K->1552K(59904K)] 395597K->337932K(557056K), 0.0015589 secs] [Times: user=0.01 sys=0.00, real=0.00 secs] 
1425.147: [GC (Allocation Failure) [PSYoungGen: 59408K->1517K(59904K)] 395788K->337898K(557056K), 0.0015369 secs] [Times: user=0.00 sys=0.00, real=0.00 secs] 
1425.483: [GC (Allocation Failure) [PSYoungGen: 59373K->1552K(59904K)] 395754K->337932K(557056K), 0.0016734 secs] [Times: user=0.01 sys=0.00, real=0.00 secs] 
1425.819: [GC (Allocation Failure) [PSYoungGen: 59408K->1549K(59904K)] 395788K->337930K(557056K), 0.0016051 secs] [Times: user=0.01 sys=0.00, real=0.00 secs] 
1426.285: [GC (Allocation Failure) [PSYoungGen: 59405K->1408K(59904K)] 395786K->337796K(557056K), 0.0018197 secs] [Times: user=0.01 sys=0.00, real=0.00 secs] 
1426.798: [GC (Allocation Failure) [PSYoungGen: 59264K->1328K(59904K)] 395652K->337716K(557056K), 0.0018608 secs] [Times: user=0.01 sys=0.00, real=0.00 secs] 
1427.284: [GC (Allocation Failure) [PSYoungGen: 59184K->1376K(59904K)] 395572K->337764K(557056K), 0.0017853 secs] [Times: user=0.01 sys=0.00, real=0.00 secs] 
1427.680: [GC (Allocation Failure) [PSYoungGen: 59232K->1360K(59904K)] 395620K->337748K(557056K), 0.0019177 secs] [Times: user=0.01 sys=0.00, real=0.01 secs] 
1427.954: [GC (Allocation Failure) [PSYoungGen: 59216K->1488K(59904K)] 395604K->337876K(557056K), 0.0018344 secs] [Times: user=0.00 sys=0.00, real=0.00 secs] 
1428.300: [GC (Allocation Failure) [PSYoungGen: 59344K->1568K(59904K)] 395732K->337964K(557056K), 0.0016361 secs] [Times: user=0.00 sys=0.00, real=0.00 secs] 
1428.637: [GC (Allocation Failure) [PSYoungGen: 59411K->1552K(59904K)] 395808K->337956K(557056K), 0.0016615 secs] [Times: user=0.01 sys=0.00, real=0.00 secs] 
1428.976: [GC (Allocation Failure) [PSYoungGen: 59408K->1520K(59904K)] 395812K->337924K(557056K), 0.0016479 secs] [Times: user=0.00 sys=0.00, real=0.00 secs] 
1429.312: [GC (Allocation Failure) [PSYoungGen: 59376K->1520K(59904K)] 395780K->337924K(557056K), 0.0016224 secs] [Times: user=0.01 sys=0.00, real=0.00 secs] 
1429.924: [GC (Allocation Failure) [PSYoungGen: 59376K->1472K(59904K)] 395780K->337876K(557056K), 0.0018287 secs] [Times: user=0.01 sys=0.00, real=0.00 secs] 
1430.463: [GC (Allocation Failure) [PSYoungGen: 59328K->1376K(59904K)] 395732K->337780K(557056K), 0.0037417 secs] [Times: user=0.01 sys=0.00, real=0.00 secs] 
1431.087: [GC (Allocation Failure) [PSYoungGen: 59232K->1408K(59904K)] 395636K->337812K(557056K), 0.0027007 secs] [Times: user=0.01 sys=0.00, real=0.00 secs] 
1431.613: [GC (Allocation Failure) [PSYoungGen: 59264K->1376K(59904K)] 395668K->337780K(557056K), 0.0027260 secs] [Times: user=0.01 sys=0.00, real=0.00 secs] 
1432.050: [GC (Allocation Failure) [PSYoungGen: 59232K->1344K(59904K)] 395636K->337748K(557056K), 0.0025701 secs] [Times: user=0.01 sys=0.00, real=0.01 secs] 
1432.541: [GC (Allocation Failure) [PSYoungGen: 59175K->1581K(59904K)] 395580K->337986K(557056K), 0.0015739 secs] [Times: user=0.01 sys=0.00, real=0.01 secs] 
1432.878: [GC (Allocation Failure) [PSYoungGen: 59437K->1488K(59904K)] 395842K->337908K(557056K), 0.0015484 secs] [Times: user=0.01 sys=0.00, real=0.00 secs] 
1433.215: [GC (Allocation Failure) [PSYoungGen: 59344K->1552K(59904K)] 395764K->337972K(557056K), 0.0015857 secs] [Times: user=0.01 sys=0.00, real=0.00 secs] 
1433.551: [GC (Allocation Failure) [PSYoungGen: 59408K->1520K(59904K)] 395828K->337940K(557056K), 0.0017024 secs] [Times: user=0.00 sys=0.00, real=0.01 secs] 
1434.129: [GC (Allocation Failure) [PSYoungGen: 59376K->1408K(59904K)] 395796K->337828K(557056K), 0.0027317 secs] [Times: user=0.01 sys=0.00, real=0.01 secs] 
1434.737: [GC (Allocation Failure) [PSYoungGen: 59264K->1408K(59904K)] 395684K->337828K(557056K), 0.0036368 secs] [Times: user=0.01 sys=0.00, real=0.00 secs] 
1435.268: [GC (Allocation Failure) [PSYoungGen: 59264K->1408K(59904K)] 395684K->337844K(557056K), 0.0025883 secs] [Times: user=0.01 sys=0.00, real=0.00 secs] 
1435.789: [GC (Allocation Failure) [PSYoungGen: 59264K->1376K(59904K)] 395700K->337812K(557056K), 0.0022052 secs] [Times: user=0.01 sys=0.00, real=0.01 secs] 
1436.262: [GC (Allocation Failure) [PSYoungGen: 59232K->1392K(59904K)] 395668K->337828K(557056K), 0.0024850 secs] [Times: user=0.01 sys=0.00, real=0.00 secs] 
1436.691: [GC (Allocation Failure) [PSYoungGen: 59248K->1488K(59904K)] 395684K->337924K(557056K), 0.0016088 secs] [Times: user=0.01 sys=0.00, real=0.01 secs] 
1437.092: [GC (Allocation Failure) [PSYoungGen: 59315K->1565K(59904K)] 395752K->338018K(557056K), 0.0016769 secs] [Times: user=0.00 sys=0.00, real=0.00 secs] 
1437.429: [GC (Allocation Failure) [PSYoungGen: 59421K->1488K(59904K)] 395874K->337940K(557056K), 0.0016271 secs] [Times: user=0.00 sys=0.00, real=0.00 secs] 
1437.829: [GC (Allocation Failure) [PSYoungGen: 59344K->1549K(59904K)] 395796K->338002K(557056K), 0.0017737 secs] [Times: user=0.01 sys=0.00, real=0.00 secs] 
1438.437: [GC (Allocation Failure) [PSYoungGen: 59405K->1424K(59904K)] 395858K->337876K(557056K), 0.0020167 secs] [Times: user=0.01 sys=0.00, real=0.00 secs] 
1439.026: [GC (Allocation Failure) [PSYoungGen: 59280K->1408K(59904K)] 395732K->337860K(557056K), 0.0022127 secs] [Times: user=0.01 sys=0.00, real=0.00 secs] 
1439.579: [GC (Allocation Failure) [PSYoungGen: 59264K->1376K(59904K)] 395716K->337828K(557056K), 0.0019856 secs] [Times: user=0.00 sys=0.00, real=0.00 secs] 
1440.072: [GC (Allocation Failure) [PSYoungGen: 59232K->1408K(59904K)] 395684K->337860K(557056K), 0.0020748 secs] [Times: user=0.00 sys=0.00, real=0.00 secs] 
1440.511: [GC (Allocation Failure) [PSYoungGen: 59264K->1376K(59904K)] 395716K->337828K(557056K), 0.0019576 secs] [Times: user=0.00 sys=0.00, real=0.01 secs] 
1440.898: [GC (Allocation Failure) [PSYoungGen: 59232K->1485K(59904K)] 395684K->337938K(557056K), 0.0022138 secs] [Times: user=0.01 sys=0.00, real=0.00 secs] 
1441.236: [GC (Allocation Failure) [PSYoungGen: 59341K->1488K(59904K)] 395794K->337948K(557056K), 0.0015594 secs] [Times: user=0.01 sys=0.00, real=0.00 secs] 
1441.573: [GC (Allocation Failure) [PSYoungGen: 59318K->1565K(59904K)] 395779K->338026K(557056K), 0.0015687 secs] [Times: user=0.01 sys=0.00, real=0.00 secs] 
1441.911: [GC (Allocation Failure) [PSYoungGen: 59421K->1565K(59904K)] 395882K->338026K(557056K), 0.0015759 secs] [Times: user=0.01 sys=0.00, real=0.01 secs] 
1442.676: [GC (Allocation Failure) [PSYoungGen: 59421K->1392K(59904K)] 395882K->337852K(557056K), 0.0028236 secs] [Times: user=0.01 sys=0.00, real=0.00 secs] 
1443.150: [GC (Allocation Failure) [PSYoungGen: 59248K->1376K(59904K)] 395708K->337836K(557056K), 0.0022481 secs] [Times: user=0.01 sys=0.00, real=0.01 secs] 
1443.627: [GC (Allocation Failure) [PSYoungGen: 59232K->1376K(59904K)] 395692K->337836K(557056K), 0.0021752 secs] [Times: user=0.01 sys=0.01, real=0.00 secs] 
1444.098: [GC (Allocation Failure) [PSYoungGen: 59232K->1376K(59904K)] 395692K->337836K(557056K), 0.0020785 secs] [Times: user=0.01 sys=0.00, real=0.00 secs] 
1444.526: [GC (Allocation Failure) [PSYoungGen: 59232K->1344K(59904K)] 395692K->337804K(557056K), 0.0020579 secs] [Times: user=0.01 sys=0.00, real=0.00 secs] 
1444.921: [GC (Allocation Failure) [PSYoungGen: 59187K->1549K(59904K)] 395648K->338010K(557056K), 0.0013997 secs] [Times: user=0.01 sys=0.00, real=0.01 secs] 
1445.261: [GC (Allocation Failure) [PSYoungGen: 59405K->1488K(59904K)] 395866K->337980K(557056K), 0.0016048 secs] [Times: user=0.01 sys=0.00, real=0.01 secs] 
1445.597: [GC (Allocation Failure) [PSYoungGen: 59344K->1520K(59904K)] 395836K->338012K(557056K), 0.0015145 secs] [Times: user=0.01 sys=0.00, real=0.00 secs] 
1445.933: [GC (Allocation Failure) [PSYoungGen: 59376K->1552K(59904K)] 395868K->338044K(557056K), 0.0015785 secs] [Times: user=0.01 sys=0.00, real=0.00 secs] 
1446.346: [GC (Allocation Failure) [PSYoungGen: 59408K->1440K(59904K)] 395900K->337932K(557056K), 0.0016057 secs] [Times: user=0.00 sys=0.00, real=0.00 secs] 
1446.812: [GC (Allocation Failure) [PSYoungGen: 59296K->1408K(59904K)] 395788K->337900K(557056K), 0.0016838 secs] [Times: user=0.00 sys=0.00, real=0.00 secs] 
1447.286: [GC (Allocation Failure) [PSYoungGen: 59264K->1344K(59904K)] 395756K->337836K(557056K), 0.0016606 secs] [Times: user=0.01 sys=0.00, real=0.00 secs] 
1447.999: [GC (Allocation Failure) [PSYoungGen: 59200K->1376K(59904K)] 395692K->337868K(557056K), 0.0017543 secs] [Times: user=0.01 sys=0.00, real=0.00 secs] 
1448.652: [GC (Allocation Failure) [PSYoungGen: 59232K->1376K(59904K)] 395724K->337868K(557056K), 0.0018982 secs] [Times: user=0.01 sys=0.00, real=0.00 secs] 
1449.062: [GC (Allocation Failure) [PSYoungGen: 59232K->1533K(59904K)] 395724K->338026K(557056K), 0.0015498 secs] [Times: user=0.01 sys=0.00, real=0.00 secs] 
1449.400: [GC (Allocation Failure) [PSYoungGen: 59389K->1520K(59904K)] 395882K->338028K(557056K), 0.0015347 secs] [Times: user=0.01 sys=0.00, real=0.00 secs] 
1449.737: [GC (Allocation Failure) [PSYoungGen: 59376K->1552K(59904K)] 395884K->338060K(557056K), 0.0016891 secs] [Times: user=0.01 sys=0.00, real=0.00 secs] 
1450.080: [GC (Allocation Failure) [PSYoungGen: 59408K->1549K(59904K)] 395916K->338058K(557056K), 0.0015012 secs] [Times: user=0.00 sys=0.00, real=0.00 secs] 
1450.755: [GC (Allocation Failure) [PSYoungGen: 59405K->1456K(59904K)] 395914K->337964K(557056K), 0.0020425 secs] [Times: user=0.01 sys=0.00, real=0.00 secs] 
1451.339: [GC (Allocation Failure) [PSYoungGen: 59312K->1376K(59904K)] 395820K->337884K(557056K), 0.0030394 secs] [Times: user=0.01 sys=0.00, real=0.01 secs] 
1451.918: [GC (Allocation Failure) [PSYoungGen: 59232K->1440K(59904K)] 395740K->337948K(557056K), 0.0026175 secs] [Times: user=0.01 sys=0.00, real=0.00 secs] 
1452.434: [GC (Allocation Failure) [PSYoungGen: 59296K->1376K(59904K)] 395804K->337884K(557056K), 0.0026449 secs] [Times: user=0.01 sys=0.00, real=0.00 secs] 
1452.931: [GC (Allocation Failure) [PSYoungGen: 59232K->1376K(59904K)] 395740K->337884K(557056K), 0.0025280 secs] [Times: user=0.01 sys=0.00, real=0.01 secs] 
1453.375: [GC (Allocation Failure) [PSYoungGen: 59207K->1488K(59904K)] 395715K->337996K(557056K), 0.0014357 secs] [Times: user=0.01 sys=0.00, real=0.00 secs] 
1453.711: [GC (Allocation Failure) [PSYoungGen: 59344K->1520K(59904K)] 395852K->338036K(557056K), 0.0015931 secs] [Times: user=0.01 sys=0.00, real=0.01 secs] 
1454.048: [GC (Allocation Failure) [PSYoungGen: 59376K->1549K(59904K)] 395892K->338066K(557056K), 0.0015954 secs] [Times: user=0.01 sys=0.00, real=0.00 secs] 
1454.444: [GC (Allocation Failure) [PSYoungGen: 59405K->1584K(59904K)] 395922K->338108K(557056K), 0.0017357 secs] [Times: user=0.00 sys=0.00, real=0.00 secs] 
1454.978: [GC (Allocation Failure) [PSYoungGen: 59440K->1472K(59904K)] 395964K->337996K(557056K), 0.0020503 secs] [Times: user=0.00 sys=0.00, real=0.00 secs] 
1455.492: [GC (Allocation Failure) [PSYoungGen: 59328K->1376K(59904K)] 395852K->337924K(557056K), 0.0026641 secs] [Times: user=0.01 sys=0.00, real=0.00 secs] 
1455.967: [GC (Allocation Failure) [PSYoungGen: 59232K->1344K(59904K)] 395780K->337900K(557056K), 0.0023549 secs] [Times: user=0.01 sys=0.00, real=0.00 secs] 
1456.231: [GC (Allocation Failure) [PSYoungGen: 59200K->1376K(59904K)] 395756K->337932K(557056K), 0.0019530 secs] [Times: user=0.01 sys=0.00, real=0.01 secs] 
1456.508: [GC (Allocation Failure) [PSYoungGen: 59232K->1376K(59904K)] 395788K->337940K(557056K), 0.0019856 secs] [Times: user=0.01 sys=0.00, real=0.00 secs] 
1456.865: [GC (Allocation Failure) [PSYoungGen: 59229K->1520K(59904K)] 395794K->338084K(557056K), 0.0016124 secs] [Times: user=0.01 sys=0.00, real=0.00 secs] 
1457.202: [GC (Allocation Failure) [PSYoungGen: 59376K->1488K(59904K)] 395940K->338060K(557056K), 0.0017010 secs] [Times: user=0.00 sys=0.00, real=0.00 secs] 
1457.538: [GC (Allocation Failure) [PSYoungGen: 59344K->1517K(59904K)] 395916K->338090K(557056K), 0.0014854 secs] [Times: user=0.01 sys=0.00, real=0.00 secs] 
1457.874: [GC (Allocation Failure) [PSYoungGen: 59373K->1488K(59904K)] 395946K->338060K(557056K), 0.0016042 secs] [Times: user=0.01 sys=0.00, real=0.00 secs] 
1458.290: [GC (Allocation Failure) [PSYoungGen: 59344K->1472K(59904K)] 395916K->338044K(557056K), 0.0017103 secs] [Times: user=0.00 sys=0.00, real=0.01 secs] 
1458.581: [GC (Allocation Failure) [PSYoungGen: 59328K->1328K(59904K)] 395900K->337900K(557056K), 0.0016503 secs] [Times: user=0.01 sys=0.00, real=0.01 secs] 
1458.833: [GC (Allocation Failure) [PSYoungGen: 59184K->1344K(59904K)] 395756K->337916K(557056K), 0.0018131 secs] [Times: user=0.01 sys=0.00, real=0.00 secs] 
1459.074: [GC (Allocation Failure) [PSYoungGen: 59200K->1424K(59904K)] 395772K->337996K(557056K), 0.0016590 secs] [Times: user=0.00 sys=0.00, real=0.00 secs] 
1459.344: [GC (Allocation Failure) [PSYoungGen: 59280K->1360K(59904K)] 395852K->337932K(557056K), 0.0016339 secs] [Times: user=0.01 sys=0.00, real=0.00 secs] 
1459.785: [GC (Allocation Failure) [PSYoungGen: 59216K->1485K(59904K)] 395788K->338058K(557056K), 0.0018780 secs] [Times: user=0.01 sys=0.00, real=0.00 secs] 
1460.145: [GC (Allocation Failure) [PSYoungGen: 59341K->1520K(59904K)] 395914K->338100K(557056K), 0.0016501 secs] [Times: user=0.00 sys=0.00, real=0.00 secs] 
1460.486: [GC (Allocation Failure) [PSYoungGen: 59349K->1501K(59904K)] 395930K->338082K(557056K), 0.0015116 secs] [Times: user=0.01 sys=0.00, real=0.00 secs] 
1460.825: [GC (Allocation Failure) [PSYoungGen: 59357K->1549K(59904K)] 395938K->338130K(557056K), 0.0017124 secs] [Times: user=0.00 sys=0.00, real=0.00 secs] 
1461.259: [GC (Allocation Failure) [PSYoungGen: 59405K->1472K(59904K)] 395986K->338052K(557056K), 0.0020014 secs] [Times: user=0.01 sys=0.00, real=0.00 secs] 
1461.506: [GC (Allocation Failure) [PSYoungGen: 59328K->1344K(59904K)] 395908K->337924K(557056K), 0.0024218 secs] [Times: user=0.01 sys=0.00, real=0.00 secs] 
1461.742: [GC (Allocation Failure) [PSYoungGen: 59200K->1376K(59904K)] 395780K->337956K(557056K), 0.0019585 secs] [Times: user=0.01 sys=0.00, real=0.00 secs] 
1461.983: [GC (Allocation Failure) [PSYoungGen: 59232K->1376K(59904K)] 395812K->337956K(557056K), 0.0019391 secs] [Times: user=0.01 sys=0.00, real=0.00 secs] 
1462.223: [GC (Allocation Failure) [PSYoungGen: 59232K->1376K(59904K)] 395812K->337956K(557056K), 0.0018847 secs] [Times: user=0.01 sys=0.00, real=0.00 secs] 
1462.527: [GC (Allocation Failure) [PSYoungGen: 59229K->1504K(59904K)] 395810K->338084K(557056K), 0.0013566 secs] [Times: user=0.01 sys=0.00, real=0.00 secs] 
1462.867: [GC (Allocation Failure) [PSYoungGen: 59360K->1533K(59904K)] 395940K->338138K(557056K), 0.0015637 secs] [Times: user=0.00 sys=0.00, real=0.00 secs] 
1463.204: [GC (Allocation Failure) [PSYoungGen: 59389K->1488K(59904K)] 395994K->338092K(557056K), 0.0015510 secs] [Times: user=0.01 sys=0.00, real=0.00 secs] 
1463.543: [GC (Allocation Failure) [PSYoungGen: 59344K->1533K(59904K)] 395948K->338138K(557056K), 0.0016285 secs] [Times: user=0.00 sys=0.00, real=0.00 secs] 
1463.883: [GC (Allocation Failure) [PSYoungGen: 59067K->1936K(59904K)] 395672K->338540K(557056K), 0.0019380 secs] [Times: user=0.00 sys=0.00, real=0.00 secs] 
1464.338: [GC (Allocation Failure) [PSYoungGen: 59792K->1360K(59904K)] 396396K->337964K(557056K), 0.0019018 secs] [Times: user=0.01 sys=0.00, real=0.00 secs] 
1464.877: [GC (Allocation Failure) [PSYoungGen: 59216K->1312K(59904K)] 395820K->337916K(557056K), 0.0033723 secs] [Times: user=0.01 sys=0.00, real=0.00 secs] 
1465.486: [GC (Allocation Failure) [PSYoungGen: 59168K->1376K(59904K)] 395772K->337980K(557056K), 0.0029513 secs] [Times: user=0.01 sys=0.00, real=0.00 secs] 
1466.078: [GC (Allocation Failure) [PSYoungGen: 59232K->1344K(59904K)] 395836K->337948K(557056K), 0.0026536 secs] [Times: user=0.01 sys=0.00, real=0.00 secs] 
1466.647: [GC (Allocation Failure) [PSYoungGen: 59190K->1488K(59904K)] 395795K->338092K(557056K), 0.0019141 secs] [Times: user=0.01 sys=0.00, real=0.00 secs] 
1467.000: [GC (Allocation Failure) [PSYoungGen: 59344K->1549K(59904K)] 395948K->338162K(557056K), 0.0015819 secs] [Times: user=0.01 sys=0.00, real=0.01 secs] 
1467.338: [GC (Allocation Failure) [PSYoungGen: 59405K->1565K(59904K)] 396018K->338178K(557056K), 0.0015702 secs] [Times: user=0.00 sys=0.00, real=0.00 secs] 
1467.676: [GC (Allocation Failure) [PSYoungGen: 59421K->1520K(59904K)] 396034K->338132K(557056K), 0.0017111 secs] [Times: user=0.00 sys=0.00, real=0.00 secs] 
1468.012: [GC (Allocation Failure) [PSYoungGen: 59234K->352K(59904K)] 395847K->336964K(557056K), 0.0018181 secs] [Times: user=0.01 sys=0.00, real=0.00 secs] 
1468.575: [GC (Allocation Failure) [PSYoungGen: 58208K->1440K(59904K)] 394820K->338052K(557056K), 0.0019049 secs] [Times: user=0.01 sys=0.00, real=0.00 secs] 
1468.840: [GC (Allocation Failure) [PSYoungGen: 59296K->1408K(59904K)] 395908K->338020K(557056K), 0.0018700 secs] [Times: user=0.00 sys=0.00, real=0.01 secs] 
1469.080: [GC (Allocation Failure) [PSYoungGen: 59264K->1440K(59904K)] 395876K->338052K(557056K), 0.0019304 secs] [Times: user=0.00 sys=0.00, real=0.01 secs] 
1469.340: [GC (Allocation Failure) [PSYoungGen: 59296K->1344K(59904K)] 395908K->337956K(557056K), 0.0017928 secs] [Times: user=0.01 sys=0.00, real=0.01 secs] 
1469.636: [GC (Allocation Failure) [PSYoungGen: 59200K->1456K(59904K)] 395812K->338068K(557056K), 0.0015829 secs] [Times: user=0.01 sys=0.00, real=0.00 secs] 
1469.974: [GC (Allocation Failure) [PSYoungGen: 59298K->1552K(59904K)] 395911K->338172K(557056K), 0.0017412 secs] [Times: user=0.01 sys=0.00, real=0.00 secs] 
1470.314: [GC (Allocation Failure) [PSYoungGen: 59408K->1520K(59904K)] 396028K->338140K(557056K), 0.0016344 secs] [Times: user=0.01 sys=0.00, real=0.00 secs] 
1470.650: [GC (Allocation Failure) [PSYoungGen: 59376K->1517K(59904K)] 395996K->338138K(557056K), 0.0017081 secs] [Times: user=0.01 sys=0.00, real=0.01 secs] 
1471.048: [GC (Allocation Failure) [PSYoungGen: 59373K->1520K(59904K)] 395994K->338140K(557056K), 0.0017576 secs] [Times: user=0.00 sys=0.00, real=0.00 secs] 
1471.806: [GC (Allocation Failure) [PSYoungGen: 59376K->1376K(59904K)] 395996K->337996K(557056K), 0.0023759 secs] [Times: user=0.01 sys=0.00, real=0.00 secs] 
1472.415: [GC (Allocation Failure) [PSYoungGen: 59232K->1376K(59904K)] 395852K->337996K(557056K), 0.0030448 secs] [Times: user=0.01 sys=0.00, real=0.00 secs] 
1472.744: [GC (Allocation Failure) [PSYoungGen: 59232K->1376K(59904K)] 395852K->337996K(557056K), 0.0026597 secs] [Times: user=0.01 sys=0.00, real=0.00 secs] 
1473.030: [GC (Allocation Failure) [PSYoungGen: 59232K->1376K(59904K)] 395852K->337996K(557056K), 0.0023462 secs] [Times: user=0.01 sys=0.00, real=0.01 secs] 
1473.449: [GC (Allocation Failure) [PSYoungGen: 59232K->1424K(59904K)] 395852K->338044K(557056K), 0.0018869 secs] [Times: user=0.01 sys=0.00, real=0.00 secs] 
1473.810: [GC (Allocation Failure) [PSYoungGen: 59268K->1520K(59904K)] 395889K->338156K(557056K), 0.0016182 secs] [Times: user=0.01 sys=0.00, real=0.00 secs] 
1474.149: [GC (Allocation Failure) [PSYoungGen: 59376K->1520K(59904K)] 396012K->338180K(557056K), 0.0015096 secs] [Times: user=0.01 sys=0.00, real=0.00 secs] 
1474.486: [GC (Allocation Failure) [PSYoungGen: 59376K->1552K(59904K)] 396036K->338212K(557056K), 0.0016925 secs] [Times: user=0.01 sys=0.00, real=0.00 secs] 
1474.822: [GC (Allocation Failure) [PSYoungGen: 59408K->1552K(59904K)] 396068K->338212K(557056K), 0.0016794 secs] [Times: user=0.00 sys=0.00, real=0.00 secs] 
1475.384: [GC (Allocation Failure) [PSYoungGen: 59408K->1408K(59904K)] 396068K->338068K(557056K), 0.0020097 secs] [Times: user=0.01 sys=0.00, real=0.00 secs] 
1475.964: [GC (Allocation Failure) [PSYoungGen: 59264K->1408K(59904K)] 395924K->338068K(557056K), 0.0031832 secs] [Times: user=0.02 sys=0.00, real=0.00 secs] 
1476.375: [GC (Allocation Failure) [PSYoungGen: 59264K->1376K(59904K)] 395924K->338036K(557056K), 0.0025542 secs] [Times: user=0.01 sys=0.00, real=0.00 secs] 
1476.816: [GC (Allocation Failure) [PSYoungGen: 59232K->1408K(59904K)] 395892K->338068K(557056K), 0.0023639 secs] [Times: user=0.01 sys=0.00, real=0.00 secs] 
1477.312: [GC (Allocation Failure) [PSYoungGen: 59264K->1408K(59904K)] 395924K->338068K(557056K), 0.0023614 secs] [Times: user=0.01 sys=0.00, real=0.00 secs] 
1477.780: [GC (Allocation Failure) [PSYoungGen: 59264K->1565K(59904K)] 395924K->338226K(557056K), 0.0016163 secs] [Times: user=0.01 sys=0.00, real=0.01 secs] 
1478.118: [GC (Allocation Failure) [PSYoungGen: 59405K->1520K(59904K)] 396066K->338188K(557056K), 0.0016748 secs] [Times: user=0.00 sys=0.00, real=0.00 secs] 
1478.456: [GC (Allocation Failure) [PSYoungGen: 59376K->1552K(59904K)] 396044K->338220K(557056K), 0.0015396 secs] [Times: user=0.01 sys=0.00, real=0.00 secs] 
1478.853: [GC (Allocation Failure) [PSYoungGen: 59408K->1565K(59904K)] 396076K->338234K(557056K), 0.0016444 secs] [Times: user=0.00 sys=0.00, real=0.00 secs] 
1479.219: [GC (Allocation Failure) [PSYoungGen: 59421K->1376K(59904K)] 396090K->338044K(557056K), 0.0027741 secs] [Times: user=0.01 sys=0.00, real=0.01 secs] 
1479.504: [GC (Allocation Failure) [PSYoungGen: 59232K->1312K(59904K)] 395900K->337980K(557056K), 0.0020537 secs] [Times: user=0.00 sys=0.00, real=0.00 secs] 
1479.751: [GC (Allocation Failure) [PSYoungGen: 59168K->1344K(59904K)] 395836K->338012K(557056K), 0.0019518 secs] [Times: user=0.00 sys=0.00, real=0.01 secs] 
1480.237: [GC (Allocation Failure) [PSYoungGen: 59200K->1344K(59904K)] 395868K->338012K(557056K), 0.0021078 secs] [Times: user=0.01 sys=0.00, real=0.00 secs] 
1480.740: [GC (Allocation Failure) [PSYoungGen: 59200K->1344K(59904K)] 395868K->338012K(557056K), 0.0036531 secs] [Times: user=0.01 sys=0.00, real=0.01 secs] 
1481.206: [GC (Allocation Failure) [PSYoungGen: 59200K->1517K(59904K)] 395868K->338186K(557056K), 0.0015359 secs] [Times: user=0.00 sys=0.00, real=0.00 secs] 
1481.543: [GC (Allocation Failure) [PSYoungGen: 59371K->1520K(59904K)] 396040K->338196K(557056K), 0.0015170 secs] [Times: user=0.01 sys=0.00, real=0.00 secs] 
1481.880: [GC (Allocation Failure) [PSYoungGen: 59376K->1552K(59904K)] 396052K->338228K(557056K), 0.0015239 secs] [Times: user=0.01 sys=0.00, real=0.01 secs] 
1482.215: [GC (Allocation Failure) [PSYoungGen: 59408K->1581K(59904K)] 396084K->338258K(557056K), 0.0016018 secs] [Times: user=0.00 sys=0.00, real=0.00 secs] 
1482.708: [GC (Allocation Failure) [PSYoungGen: 59437K->1440K(59904K)] 396114K->338116K(557056K), 0.0024374 secs] [Times: user=0.00 sys=0.00, real=0.00 secs] 
1482.967: [GC (Allocation Failure) [PSYoungGen: 59296K->1312K(59904K)] 395972K->337988K(557056K), 0.0030540 secs] [Times: user=0.01 sys=0.00, real=0.00 secs] 
1483.209: [GC (Allocation Failure) [PSYoungGen: 59168K->1376K(59904K)] 395844K->338052K(557056K), 0.0017827 secs] [Times: user=0.01 sys=0.00, real=0.00 secs] 
1483.449: [GC (Allocation Failure) [PSYoungGen: 59232K->1344K(59904K)] 395908K->338036K(557056K), 0.0017788 secs] [Times: user=0.01 sys=0.00, real=0.00 secs] 
1483.690: [GC (Allocation Failure) [PSYoungGen: 59200K->1376K(59904K)] 395892K->338068K(557056K), 0.0017864 secs] [Times: user=0.01 sys=0.00, real=0.00 secs] 
1484.074: [GC (Allocation Failure) [PSYoungGen: 59232K->1520K(59904K)] 395924K->338212K(557056K), 0.0015483 secs] [Times: user=0.01 sys=0.00, real=0.00 secs] 
1484.471: [GC (Allocation Failure) [PSYoungGen: 59376K->1552K(59904K)] 396068K->338252K(557056K), 0.0017046 secs] [Times: user=0.01 sys=0.00, real=0.01 secs] 
1484.871: [GC (Allocation Failure) [PSYoungGen: 59408K->1517K(59904K)] 396108K->338218K(557056K), 0.0016748 secs] [Times: user=0.00 sys=0.00, real=0.01 secs] 
1485.209: [GC (Allocation Failure) [PSYoungGen: 59373K->1488K(59904K)] 396074K->338188K(557056K), 0.0016828 secs] [Times: user=0.00 sys=0.00, real=0.00 secs] 
1485.785: [GC (Allocation Failure) [PSYoungGen: 59344K->1440K(59904K)] 396044K->338140K(557056K), 0.0030516 secs] [Times: user=0.02 sys=0.00, real=0.00 secs] 
1486.496: [GC (Allocation Failure) [PSYoungGen: 59296K->1392K(59904K)] 395996K->338092K(557056K), 0.0022131 secs] [Times: user=0.01 sys=0.00, real=0.00 secs] 
1487.295: [GC (Allocation Failure) [PSYoungGen: 59248K->1344K(59904K)] 395948K->338044K(557056K), 0.0020764 secs] [Times: user=0.01 sys=0.00, real=0.00 secs] 
1488.111: [GC (Allocation Failure) [PSYoungGen: 59200K->1408K(59904K)] 395900K->338108K(557056K), 0.0025490 secs] [Times: user=0.01 sys=0.00, real=0.01 secs] 
1488.597: [GC (Allocation Failure) [PSYoungGen: 59264K->1408K(59904K)] 395964K->338108K(557056K), 0.0018384 secs] [Times: user=0.00 sys=0.00, real=0.00 secs] 
1488.955: [GC (Allocation Failure) [PSYoungGen: 59264K->1549K(59904K)] 395964K->338250K(557056K), 0.0016044 secs] [Times: user=0.00 sys=0.00, real=0.00 secs] 
1489.354: [GC (Allocation Failure) [PSYoungGen: 59381K->1552K(59904K)] 396082K->338268K(557056K), 0.0014824 secs] [Times: user=0.01 sys=0.00, real=0.00 secs] 
1489.753: [GC (Allocation Failure) [PSYoungGen: 59408K->1552K(59904K)] 396124K->338268K(557056K), 0.0017364 secs] [Times: user=0.01 sys=0.00, real=0.00 secs] 
1490.091: [GC (Allocation Failure) [PSYoungGen: 59408K->1565K(59904K)] 396124K->338282K(557056K), 0.0016907 secs] [Times: user=0.01 sys=0.01, real=0.01 secs] 
1490.602: [GC (Allocation Failure) [PSYoungGen: 59421K->1424K(59904K)] 396138K->338140K(557056K), 0.0034568 secs] [Times: user=0.01 sys=0.00, real=0.00 secs] 
1491.087: [GC (Allocation Failure) [PSYoungGen: 59280K->1376K(59904K)] 395996K->338092K(557056K), 0.0024917 secs] [Times: user=0.01 sys=0.00, real=0.00 secs] 
1491.393: [GC (Allocation Failure) [PSYoungGen: 59232K->1376K(59904K)] 395948K->338092K(557056K), 0.0020477 secs] [Times: user=0.01 sys=0.01, real=0.00 secs] 
1491.641: [GC (Allocation Failure) [PSYoungGen: 59232K->1376K(59904K)] 395948K->338092K(557056K), 0.0018903 secs] [Times: user=0.01 sys=0.00, real=0.01 secs] 
1491.893: [GC (Allocation Failure) [PSYoungGen: 59232K->1392K(59904K)] 395948K->338108K(557056K), 0.0018583 secs] [Times: user=0.00 sys=0.00, real=0.00 secs] 
1492.295: [GC (Allocation Failure) [PSYoungGen: 59242K->1456K(59904K)] 395958K->338172K(557056K), 0.0016048 secs] [Times: user=0.01 sys=0.00, real=0.00 secs] 
1492.631: [GC (Allocation Failure) [PSYoungGen: 59312K->1549K(59904K)] 396028K->338274K(557056K), 0.0015834 secs] [Times: user=0.00 sys=0.00, real=0.01 secs] 
1493.026: [GC (Allocation Failure) [PSYoungGen: 59405K->1533K(59904K)] 396130K->338258K(557056K), 0.0016828 secs] [Times: user=0.01 sys=0.00, real=0.00 secs] 
1493.430: [GC (Allocation Failure) [PSYoungGen: 59389K->1549K(59904K)] 396114K->338274K(557056K), 0.0016539 secs] [Times: user=0.00 sys=0.00, real=0.00 secs] 
1493.902: [GC (Allocation Failure) [PSYoungGen: 59405K->1424K(59904K)] 396130K->338164K(557056K), 0.0032513 secs] [Times: user=0.01 sys=0.00, real=0.00 secs] 
1494.427: [GC (Allocation Failure) [PSYoungGen: 59280K->1408K(59904K)] 396020K->338148K(557056K), 0.0030149 secs] [Times: user=0.01 sys=0.00, real=0.00 secs] 
1494.674: [GC (Allocation Failure) [PSYoungGen: 59264K->1376K(59904K)] 396004K->338116K(557056K), 0.0018620 secs] [Times: user=0.01 sys=0.00, real=0.00 secs] 
1494.915: [GC (Allocation Failure) [PSYoungGen: 59232K->1408K(59904K)] 395972K->338148K(557056K), 0.0018350 secs] [Times: user=0.00 sys=0.00, real=0.00 secs] 
1495.196: [GC (Allocation Failure) [PSYoungGen: 59264K->1408K(59904K)] 396004K->338148K(557056K), 0.0019339 secs] [Times: user=0.00 sys=0.00, real=0.00 secs] 
1495.586: [GC (Allocation Failure) [PSYoungGen: 59261K->1504K(59904K)] 396002K->338244K(557056K), 0.0014917 secs] [Times: user=0.00 sys=0.00, real=0.00 secs] 
1495.922: [GC (Allocation Failure) [PSYoungGen: 59360K->1517K(59904K)] 396100K->338274K(557056K), 0.0015824 secs] [Times: user=0.00 sys=0.00, real=0.00 secs] 
1496.259: [GC (Allocation Failure) [PSYoungGen: 59373K->1504K(59904K)] 396130K->338260K(557056K), 0.0015382 secs] [Times: user=0.01 sys=0.00, real=0.00 secs] 
1496.594: [GC (Allocation Failure) [PSYoungGen: 59360K->1552K(59904K)] 396116K->338308K(557056K), 0.0016301 secs] [Times: user=0.01 sys=0.00, real=0.00 secs] 
1496.956: [GC (Allocation Failure) [PSYoungGen: 59408K->1456K(59904K)] 396164K->338212K(557056K), 0.0018519 secs] [Times: user=0.01 sys=0.00, real=0.00 secs] 
1497.197: [GC (Allocation Failure) [PSYoungGen: 59312K->1376K(59904K)] 396068K->338132K(557056K), 0.0018047 secs] [Times: user=0.00 sys=0.00, real=0.00 secs] 
1497.597: [GC (Allocation Failure) [PSYoungGen: 59232K->1376K(59904K)] 395988K->338132K(557056K), 0.0018807 secs] [Times: user=0.01 sys=0.00, real=0.00 secs] 
1498.109: [GC (Allocation Failure) [PSYoungGen: 59232K->1376K(59904K)] 395988K->338132K(557056K), 0.0018804 secs] [Times: user=0.01 sys=0.00, real=0.00 secs] 
1498.744: [GC (Allocation Failure) [PSYoungGen: 59232K->1376K(59904K)] 395988K->338132K(557056K), 0.0020721 secs] [Times: user=0.00 sys=0.00, real=0.00 secs] 
1499.314: [GC (Allocation Failure) [PSYoungGen: 59232K->1488K(59904K)] 395988K->338244K(557056K), 0.0014368 secs] [Times: user=0.01 sys=0.00, real=0.00 secs] 
1499.652: [GC (Allocation Failure) [PSYoungGen: 59335K->1552K(59904K)] 396092K->338316K(557056K), 0.0015288 secs] [Times: user=0.01 sys=0.00, real=0.00 secs] 
1499.988: [GC (Allocation Failure) [PSYoungGen: 59408K->1581K(59904K)] 396172K->338346K(557056K), 0.0023459 secs] [Times: user=0.01 sys=0.00, real=0.00 secs] 
1500.389: [GC (Allocation Failure) [PSYoungGen: 59437K->1565K(59904K)] 396202K->338330K(557056K), 0.0016628 secs] [Times: user=0.01 sys=0.00, real=0.00 secs] 
1500.730: [GC (Allocation Failure) [PSYoungGen: 59421K->1472K(59904K)] 396186K->338236K(557056K), 0.0018631 secs] [Times: user=0.01 sys=0.00, real=0.01 secs] 
1500.971: [GC (Allocation Failure) [PSYoungGen: 59328K->1344K(59904K)] 396092K->338108K(557056K), 0.0019410 secs] [Times: user=0.01 sys=0.00, real=0.01 secs] 
1501.212: [GC (Allocation Failure) [PSYoungGen: 59200K->1376K(59904K)] 395964K->338140K(557056K), 0.0017847 secs] [Times: user=0.01 sys=0.00, real=0.00 secs] 
1501.452: [GC (Allocation Failure) [PSYoungGen: 59232K->1360K(59904K)] 395996K->338124K(557056K), 0.0019472 secs] [Times: user=0.01 sys=0.00, real=0.00 secs] 
1501.693: [GC (Allocation Failure) [PSYoungGen: 59216K->1408K(59904K)] 395980K->338172K(557056K), 0.0018074 secs] [Times: user=0.01 sys=0.00, real=0.00 secs] 
1502.110: [GC (Allocation Failure) [PSYoungGen: 59264K->1469K(59904K)] 396028K->338234K(557056K), 0.0018731 secs] [Times: user=0.01 sys=0.00, real=0.01 secs] 
1502.454: [GC (Allocation Failure) [PSYoungGen: 59325K->1520K(59904K)] 396090K->338292K(557056K), 0.0015373 secs] [Times: user=0.01 sys=0.00, real=0.00 secs] 
1502.852: [GC (Allocation Failure) [PSYoungGen: 59376K->1584K(59904K)] 396148K->338356K(557056K), 0.0016233 secs] [Times: user=0.01 sys=0.00, real=0.00 secs] 
1503.189: [GC (Allocation Failure) [PSYoungGen: 59440K->1552K(59904K)] 396212K->338324K(557056K), 0.0016027 secs] [Times: user=0.01 sys=0.00, real=0.00 secs] 
1503.525: [GC (Allocation Failure) [PSYoungGen: 59408K->1472K(59904K)] 396180K->338260K(557056K), 0.0013770 secs] [Times: user=0.00 sys=0.00, real=0.00 secs] 
1503.767: [GC (Allocation Failure) [PSYoungGen: 59328K->1376K(59904K)] 396116K->338164K(557056K), 0.0025274 secs] [Times: user=0.01 sys=0.00, real=0.00 secs] 
1504.007: [GC (Allocation Failure) [PSYoungGen: 59232K->1376K(59904K)] 396020K->338164K(557056K), 0.0019304 secs] [Times: user=0.01 sys=0.00, real=0.00 secs] 
1504.248: [GC (Allocation Failure) [PSYoungGen: 59232K->1376K(59904K)] 396020K->338164K(557056K), 0.0019101 secs] [Times: user=0.01 sys=0.00, real=0.00 secs] 
1504.488: [GC (Allocation Failure) [PSYoungGen: 59232K->1376K(59904K)] 396020K->338164K(557056K), 0.0016479 secs] [Times: user=0.00 sys=0.00, real=0.00 secs] 
1504.816: [GC (Allocation Failure) [PSYoungGen: 59232K->1485K(59904K)] 396020K->338274K(557056K), 0.0014957 secs] [Times: user=0.01 sys=0.00, real=0.00 secs] 
1505.154: [GC (Allocation Failure) [PSYoungGen: 59341K->1597K(59904K)] 396130K->338402K(557056K), 0.0015876 secs] [Times: user=0.01 sys=0.00, real=0.00 secs] 
1505.494: [GC (Allocation Failure) [PSYoungGen: 59453K->1565K(59904K)] 396258K->338370K(557056K), 0.0015562 secs] [Times: user=0.01 sys=0.00, real=0.00 secs] 
1505.832: [GC (Allocation Failure) [PSYoungGen: 59421K->1533K(59904K)] 396226K->338338K(557056K), 0.0017163 secs] [Times: user=0.01 sys=0.00, real=0.00 secs] 
1506.235: [GC (Allocation Failure) [PSYoungGen: 59389K->1456K(59904K)] 396194K->338268K(557056K), 0.0020413 secs] [Times: user=0.01 sys=0.00, real=0.00 secs] 
1506.511: [GC (Allocation Failure) [PSYoungGen: 59312K->1392K(59904K)] 396124K->338204K(557056K), 0.0019694 secs] [Times: user=0.00 sys=0.00, real=0.01 secs] 
1506.751: [GC (Allocation Failure) [PSYoungGen: 59248K->1376K(59904K)] 396060K->338188K(557056K), 0.0017085 secs] [Times: user=0.01 sys=0.00, real=0.01 secs] 
1506.992: [GC (Allocation Failure) [PSYoungGen: 59232K->1376K(59904K)] 396044K->338188K(557056K), 0.0017901 secs] [Times: user=0.01 sys=0.00, real=0.00 secs] 
1507.233: [GC (Allocation Failure) [PSYoungGen: 59232K->1408K(59904K)] 396044K->338220K(557056K), 0.0017723 secs] [Times: user=0.01 sys=0.00, real=0.00 secs] 
1507.549: [GC (Allocation Failure) [PSYoungGen: 59233K->1485K(59904K)] 396046K->338298K(557056K), 0.0015078 secs] [Times: user=0.01 sys=0.00, real=0.00 secs] 
1507.885: [GC (Allocation Failure) [PSYoungGen: 59341K->1565K(59904K)] 396154K->338386K(557056K), 0.0015754 secs] [Times: user=0.00 sys=0.00, real=0.00 secs] 
1508.222: [GC (Allocation Failure) [PSYoungGen: 59421K->1549K(59904K)] 396242K->338370K(557056K), 0.0015859 secs] [Times: user=0.01 sys=0.00, real=0.00 secs] 
1508.560: [GC (Allocation Failure) [PSYoungGen: 59405K->1533K(59904K)] 396226K->338354K(557056K), 0.0016190 secs] [Times: user=0.01 sys=0.00, real=0.00 secs] 
1508.931: [GC (Allocation Failure) [PSYoungGen: 59389K->1984K(59904K)] 396210K->338804K(557056K), 0.0018322 secs] [Times: user=0.01 sys=0.00, real=0.01 secs] 
1509.211: [GC (Allocation Failure) [PSYoungGen: 59840K->1376K(59904K)] 396660K->338196K(557056K), 0.0019673 secs] [Times: user=0.01 sys=0.00, real=0.01 secs] 
1509.509: [GC (Allocation Failure) [PSYoungGen: 59232K->1376K(59904K)] 396052K->338196K(557056K), 0.0019462 secs] [Times: user=0.01 sys=0.00, real=0.00 secs] 
1509.749: [GC (Allocation Failure) [PSYoungGen: 59232K->1376K(59904K)] 396052K->338196K(557056K), 0.0017152 secs] [Times: user=0.00 sys=0.00, real=0.00 secs] 
1510.029: [GC (Allocation Failure) [PSYoungGen: 59232K->1376K(59904K)] 396052K->338196K(557056K), 0.0018549 secs] [Times: user=0.01 sys=0.00, real=0.00 secs] 
1510.353: [GC (Allocation Failure) [PSYoungGen: 59232K->1456K(59904K)] 396052K->338276K(557056K), 0.0014325 secs] [Times: user=0.01 sys=0.00, real=0.00 secs] 
1510.694: [GC (Allocation Failure) [PSYoungGen: 59308K->1565K(59904K)] 396129K->338410K(557056K), 0.0016266 secs] [Times: user=0.01 sys=0.00, real=0.00 secs] 
1511.031: [GC (Allocation Failure) [PSYoungGen: 59421K->1533K(59904K)] 396266K->338378K(557056K), 0.0015235 secs] [Times: user=0.01 sys=0.00, real=0.01 secs] 
1511.368: [GC (Allocation Failure) [PSYoungGen: 59389K->1533K(59904K)] 396234K->338378K(557056K), 0.0015563 secs] [Times: user=0.01 sys=0.00, real=0.00 secs] 
1512.051: [GC (Allocation Failure) [PSYoungGen: 59389K->1584K(59904K)] 396234K->338428K(557056K), 0.0022250 secs] [Times: user=0.01 sys=0.00, real=0.01 secs] 
1513.168: [GC (Allocation Failure) [PSYoungGen: 59440K->1376K(59904K)] 396284K->338220K(557056K), 0.0026403 secs] [Times: user=0.01 sys=0.00, real=0.00 secs] 
1513.762: [GC (Allocation Failure) [PSYoungGen: 59232K->1392K(59904K)] 396076K->338236K(557056K), 0.0025222 secs] [Times: user=0.01 sys=0.00, real=0.00 secs] 
1514.276: [GC (Allocation Failure) [PSYoungGen: 59248K->1408K(59904K)] 396092K->338252K(557056K), 0.0025239 secs] [Times: user=0.01 sys=0.00, real=0.00 secs] 
1514.974: [GC (Allocation Failure) [PSYoungGen: 59264K->1424K(59904K)] 396108K->338284K(557056K), 0.0022971 secs] [Times: user=0.01 sys=0.00, real=0.00 secs] 
1515.497: [GC (Allocation Failure) [PSYoungGen: 59268K->1488K(59904K)] 396129K->338348K(557056K), 0.0019796 secs] [Times: user=0.01 sys=0.00, real=0.00 secs] 
1515.849: [GC (Allocation Failure) [PSYoungGen: 59344K->1517K(59904K)] 396204K->338386K(557056K), 0.0017443 secs] [Times: user=0.01 sys=0.00, real=0.00 secs] 
1516.186: [GC (Allocation Failure) [PSYoungGen: 59349K->1533K(59904K)] 396218K->338402K(557056K), 0.0014439 secs] [Times: user=0.01 sys=0.00, real=0.00 secs] 
1516.582: [GC (Allocation Failure) [PSYoungGen: 59389K->1517K(59904K)] 396258K->338386K(557056K), 0.0016074 secs] [Times: user=0.01 sys=0.00, real=0.00 secs] 
1516.979: [GC (Allocation Failure) [PSYoungGen: 59373K->1549K(59904K)] 396242K->338418K(557056K), 0.0016630 secs] [Times: user=0.01 sys=0.00, real=0.00 secs] 
1517.545: [GC (Allocation Failure) [PSYoungGen: 59405K->1376K(59904K)] 396274K->338244K(557056K), 0.0025851 secs] [Times: user=0.01 sys=0.00, real=0.00 secs] 
1518.268: [GC (Allocation Failure) [PSYoungGen: 59232K->1344K(59904K)] 396100K->338212K(557056K), 0.0025486 secs] [Times: user=0.01 sys=0.00, real=0.00 secs] 
1519.074: [GC (Allocation Failure) [PSYoungGen: 59200K->1312K(59904K)] 396068K->338180K(557056K), 0.0029323 secs] [Times: user=0.01 sys=0.00, real=0.00 secs] 
1519.787: [GC (Allocation Failure) [PSYoungGen: 59168K->1344K(59904K)] 396036K->338212K(557056K), 0.0026855 secs] [Times: user=0.01 sys=0.00, real=0.00 secs] 
1520.540: [GC (Allocation Failure) [PSYoungGen: 59200K->1424K(59904K)] 396068K->338292K(557056K), 0.0021370 secs] [Times: user=0.01 sys=0.00, real=0.01 secs] 
1520.999: [GC (Allocation Failure) [PSYoungGen: 59249K->1549K(59904K)] 396118K->338426K(557056K), 0.0016847 secs] [Times: user=0.00 sys=0.00, real=0.00 secs] 
1521.337: [GC (Allocation Failure) [PSYoungGen: 59405K->1520K(59904K)] 396282K->338396K(557056K), 0.0016534 secs] [Times: user=0.00 sys=0.00, real=0.00 secs] 
1521.674: [GC (Allocation Failure) [PSYoungGen: 59376K->1520K(59904K)] 396252K->338396K(557056K), 0.0015686 secs] [Times: user=0.00 sys=0.00, real=0.00 secs] 
1522.071: [GC (Allocation Failure) [PSYoungGen: 59376K->1549K(59904K)] 396252K->338426K(557056K), 0.0016599 secs] [Times: user=0.01 sys=0.00, real=0.01 secs] 
1522.434: [GC (Allocation Failure) [PSYoungGen: 59405K->1344K(59904K)] 396282K->338220K(557056K), 0.0026162 secs] [Times: user=0.01 sys=0.00, real=0.00 secs] 
1522.722: [GC (Allocation Failure) [PSYoungGen: 59200K->1376K(59904K)] 396076K->338252K(557056K), 0.0018760 secs] [Times: user=0.01 sys=0.00, real=0.00 secs] 
1523.110: [GC (Allocation Failure) [PSYoungGen: 59232K->1376K(59904K)] 396108K->338252K(557056K), 0.0019436 secs] [Times: user=0.00 sys=0.00, real=0.01 secs] 
1523.544: [GC (Allocation Failure) [PSYoungGen: 59232K->1376K(59904K)] 396108K->338252K(557056K), 0.0030858 secs] [Times: user=0.01 sys=0.00, real=0.00 secs] 
1524.277: [GC (Allocation Failure) [PSYoungGen: 59203K->1456K(59904K)] 396080K->338332K(557056K), 0.0032649 secs] [Times: user=0.02 sys=0.00, real=0.00 secs] 
1524.771: [GC (Allocation Failure) [PSYoungGen: 59312K->1517K(59904K)] 396188K->338394K(557056K), 0.0016579 secs] [Times: user=0.01 sys=0.00, real=0.01 secs] 
1525.111: [GC (Allocation Failure) [PSYoungGen: 59373K->1517K(59904K)] 396250K->338402K(557056K), 0.0017454 secs] [Times: user=0.01 sys=0.00, real=0.01 secs] 
1525.448: [GC (Allocation Failure) [PSYoungGen: 59373K->1520K(59904K)] 396258K->338428K(557056K), 0.0014893 secs] [Times: user=0.01 sys=0.00, real=0.00 secs] 
1525.788: [GC (Allocation Failure) [PSYoungGen: 59376K->1501K(59904K)] 396284K->338410K(557056K), 0.0015463 secs] [Times: user=0.01 sys=0.00, real=0.00 secs] 
1526.713: [GC (Allocation Failure) [PSYoungGen: 59357K->1392K(59904K)] 396266K->338300K(557056K), 0.0039746 secs] [Times: user=0.02 sys=0.00, real=0.00 secs] 
1527.342: [GC (Allocation Failure) [PSYoungGen: 59248K->1408K(59904K)] 396156K->338316K(557056K), 0.0028705 secs] [Times: user=0.01 sys=0.00, real=0.00 secs] 
1527.651: [GC (Allocation Failure) [PSYoungGen: 59264K->1344K(59904K)] 396172K->338252K(557056K), 0.0020013 secs] [Times: user=0.01 sys=0.00, real=0.01 secs] 
1527.904: [GC (Allocation Failure) [PSYoungGen: 59200K->1392K(59904K)] 396108K->338300K(557056K), 0.0018169 secs] [Times: user=0.01 sys=0.00, real=0.00 secs] 
1528.349: [GC (Allocation Failure) [PSYoungGen: 59248K->1376K(59904K)] 396156K->338284K(557056K), 0.0025097 secs] [Times: user=0.01 sys=0.00, real=0.00 secs] 
1528.729: [GC (Allocation Failure) [PSYoungGen: 59232K->1520K(59904K)] 396140K->338428K(557056K), 0.0014862 secs] [Times: user=0.01 sys=0.00, real=0.00 secs] 
1529.065: [GC (Allocation Failure) [PSYoungGen: 59355K->1597K(59904K)] 396263K->338522K(557056K), 0.0016018 secs] [Times: user=0.01 sys=0.00, real=0.00 secs] 
1529.404: [GC (Allocation Failure) [PSYoungGen: 59453K->1552K(59904K)] 396378K->338476K(557056K), 0.0015876 secs] [Times: user=0.01 sys=0.00, real=0.00 secs] 
1529.743: [GC (Allocation Failure) [PSYoungGen: 59408K->1584K(59904K)] 396332K->338508K(557056K), 0.0016527 secs] [Times: user=0.01 sys=0.00, real=0.00 secs] 
1530.342: [GC (Allocation Failure) [PSYoungGen: 59440K->1440K(59904K)] 396364K->338364K(557056K), 0.0017841 secs] [Times: user=0.01 sys=0.00, real=0.00 secs] 
1530.814: [GC (Allocation Failure) [PSYoungGen: 59296K->1376K(59904K)] 396220K->338300K(557056K), 0.0025082 secs] [Times: user=0.01 sys=0.00, real=0.00 secs] 
1531.064: [GC (Allocation Failure) [PSYoungGen: 59232K->1376K(59904K)] 396156K->338300K(557056K), 0.0021185 secs] [Times: user=0.01 sys=0.00, real=0.00 secs] 
1531.336: [GC (Allocation Failure) [PSYoungGen: 59232K->1376K(59904K)] 396156K->338300K(557056K), 0.0019665 secs] [Times: user=0.01 sys=0.00, real=0.00 secs] 
1531.576: [GC (Allocation Failure) [PSYoungGen: 59232K->1376K(59904K)] 396156K->338300K(557056K), 0.0018371 secs] [Times: user=0.01 sys=0.00, real=0.00 secs] 
1531.935: [GC (Allocation Failure) [PSYoungGen: 59232K->1536K(59904K)] 396156K->338460K(557056K), 0.0015287 secs] [Times: user=0.01 sys=0.00, real=0.00 secs] 
1532.274: [GC (Allocation Failure) [PSYoungGen: 59367K->1520K(59904K)] 396291K->338452K(557056K), 0.0016144 secs] [Times: user=0.01 sys=0.00, real=0.00 secs] 
1532.668: [GC (Allocation Failure) [PSYoungGen: 59376K->1584K(59904K)] 396308K->338516K(557056K), 0.0016556 secs] [Times: user=0.00 sys=0.00, real=0.00 secs] 
1533.005: [GC (Allocation Failure) [PSYoungGen: 59440K->1549K(59904K)] 396372K->338482K(557056K), 0.0016548 secs] [Times: user=0.01 sys=0.00, real=0.00 secs] 
1533.301: [GC (Allocation Failure) [PSYoungGen: 59405K->1424K(59904K)] 396338K->338356K(557056K), 0.0020950 secs] [Times: user=0.00 sys=0.00, real=0.01 secs] 
1533.542: [GC (Allocation Failure) [PSYoungGen: 59280K->1408K(59904K)] 396212K->338356K(557056K), 0.0020168 secs] [Times: user=0.01 sys=0.00, real=0.00 secs] 
1533.834: [GC (Allocation Failure) [PSYoungGen: 59264K->1360K(59904K)] 396212K->338308K(557056K), 0.0018688 secs] [Times: user=0.01 sys=0.00, real=0.00 secs] 
1534.308: [GC (Allocation Failure) [PSYoungGen: 59216K->1376K(59904K)] 396164K->338324K(557056K), 0.0018221 secs] [Times: user=0.01 sys=0.00, real=0.00 secs] 
1534.765: [GC (Allocation Failure) [PSYoungGen: 59232K->1376K(59904K)] 396180K->338324K(557056K), 0.0020684 secs] [Times: user=0.01 sys=0.00, real=0.00 secs] 
1535.186: [GC (Allocation Failure) [PSYoungGen: 59232K->1533K(59904K)] 396180K->338482K(557056K), 0.0015388 secs] [Times: user=0.01 sys=0.00, real=0.00 secs] 
1535.524: [GC (Allocation Failure) [PSYoungGen: 59371K->1520K(59904K)] 396320K->338476K(557056K), 0.0016036 secs] [Times: user=0.00 sys=0.00, real=0.00 secs] 
1535.864: [GC (Allocation Failure) [PSYoungGen: 59376K->1488K(59904K)] 396332K->338444K(557056K), 0.0016981 secs] [Times: user=0.01 sys=0.00, real=0.00 secs] 
1536.204: [GC (Allocation Failure) [PSYoungGen: 59344K->1584K(59904K)] 396300K->338540K(557056K), 0.0014894 secs] [Times: user=0.01 sys=0.00, real=0.00 secs] 
1536.755: [GC (Allocation Failure) [PSYoungGen: 59440K->1392K(59904K)] 396396K->338348K(557056K), 0.0017240 secs] [Times: user=0.01 sys=0.00, real=0.00 secs] 
1537.834: [GC (Allocation Failure) [PSYoungGen: 59248K->1344K(59904K)] 396204K->338300K(557056K), 0.0023540 secs] [Times: user=0.01 sys=0.00, real=0.00 secs] 
1538.378: [GC (Allocation Failure) [PSYoungGen: 59200K->1376K(59904K)] 396156K->338332K(557056K), 0.0029894 secs] [Times: user=0.01 sys=0.00, real=0.00 secs] 
1538.853: [GC (Allocation Failure) [PSYoungGen: 59232K->1376K(59904K)] 396188K->338332K(557056K), 0.0028295 secs] [Times: user=0.01 sys=0.00, real=0.00 secs] 
1539.307: [GC (Allocation Failure) [PSYoungGen: 59232K->1376K(59904K)] 396188K->338332K(557056K), 0.0026724 secs] [Times: user=0.01 sys=0.00, real=0.00 secs] 
1539.791: [GC (Allocation Failure) [PSYoungGen: 59232K->1520K(59904K)] 396188K->338476K(557056K), 0.0015120 secs] [Times: user=0.01 sys=0.00, real=0.01 secs] 
1540.192: [GC (Allocation Failure) [PSYoungGen: 59366K->1584K(59904K)] 396323K->338548K(557056K), 0.0015660 secs] [Times: user=0.01 sys=0.00, real=0.00 secs] 
1540.591: [GC (Allocation Failure) [PSYoungGen: 59440K->1552K(59904K)] 396404K->338516K(557056K), 0.0017504 secs] [Times: user=0.01 sys=0.00, real=0.01 secs] 
1540.930: [GC (Allocation Failure) [PSYoungGen: 59408K->1584K(59904K)] 396372K->338548K(557056K), 0.0015363 secs] [Times: user=0.01 sys=0.00, real=0.01 secs] 
1541.297: [GC (Allocation Failure) [PSYoungGen: 59440K->1456K(59904K)] 396404K->338420K(557056K), 0.0024348 secs] [Times: user=0.01 sys=0.00, real=0.00 secs] 
1541.540: [GC (Allocation Failure) [PSYoungGen: 59312K->1376K(59904K)] 396276K->338340K(557056K), 0.0019244 secs] [Times: user=0.01 sys=0.00, real=0.01 secs] 
1541.792: [GC (Allocation Failure) [PSYoungGen: 59232K->1360K(59904K)] 396196K->338324K(557056K), 0.0018972 secs] [Times: user=0.01 sys=0.00, real=0.00 secs] 
1542.032: [GC (Allocation Failure) [PSYoungGen: 59216K->1344K(59904K)] 396180K->338308K(557056K), 0.0020163 secs] [Times: user=0.01 sys=0.00, real=0.00 secs] 
1542.273: [GC (Allocation Failure) [PSYoungGen: 59200K->1408K(59904K)] 396164K->338372K(557056K), 0.0018254 secs] [Times: user=0.01 sys=0.00, real=0.00 secs] 
1542.604: [GC (Allocation Failure) [PSYoungGen: 59253K->1520K(59904K)] 396218K->338484K(557056K), 0.0016348 secs] [Times: user=0.01 sys=0.00, real=0.00 secs] 
1542.941: [GC (Allocation Failure) [PSYoungGen: 59376K->1533K(59904K)] 396340K->338506K(557056K), 0.0016645 secs] [Times: user=0.01 sys=0.00, real=0.01 secs] 
1543.341: [GC (Allocation Failure) [PSYoungGen: 59389K->1549K(59904K)] 396362K->338522K(557056K), 0.0015932 secs] [Times: user=0.01 sys=0.00, real=0.01 secs] 
1543.737: [GC (Allocation Failure) [PSYoungGen: 59405K->1520K(59904K)] 396378K->338524K(557056K), 0.0016365 secs] [Times: user=0.01 sys=0.00, real=0.00 secs] 
1544.123: [GC (Allocation Failure) [PSYoungGen: 59376K->1456K(59904K)] 396380K->338460K(557056K), 0.0021123 secs] [Times: user=0.01 sys=0.00, real=0.00 secs] 
1544.364: [GC (Allocation Failure) [PSYoungGen: 59312K->1344K(59904K)] 396316K->338348K(557056K), 0.0018848 secs] [Times: user=0.01 sys=0.00, real=0.00 secs] 
1544.655: [GC (Allocation Failure) [PSYoungGen: 59200K->1408K(59904K)] 396204K->338412K(557056K), 0.0020308 secs] [Times: user=0.01 sys=0.00, real=0.00 secs] 
1544.934: [GC (Allocation Failure) [PSYoungGen: 59264K->1376K(59904K)] 396268K->338380K(557056K), 0.0018415 secs] [Times: user=0.01 sys=0.00, real=0.00 secs] 
1545.221: [GC (Allocation Failure) [PSYoungGen: 59232K->1376K(59904K)] 396236K->338380K(557056K), 0.0019729 secs] [Times: user=0.01 sys=0.00, real=0.01 secs] 
1545.585: [GC (Allocation Failure) [PSYoungGen: 59232K->1456K(59904K)] 396236K->338460K(557056K), 0.0015156 secs] [Times: user=0.01 sys=0.00, real=0.00 secs] 
1545.923: [GC (Allocation Failure) [PSYoungGen: 59312K->1517K(59904K)] 396316K->338530K(557056K), 0.0021191 secs] [Times: user=0.01 sys=0.00, real=0.00 secs] 
1546.263: [GC (Allocation Failure) [PSYoungGen: 59373K->1488K(59904K)] 396386K->338500K(557056K), 0.0016961 secs] [Times: user=0.01 sys=0.00, real=0.00 secs] 
1546.599: [GC (Allocation Failure) [PSYoungGen: 59344K->1517K(59904K)] 396356K->338530K(557056K), 0.0016400 secs] [Times: user=0.00 sys=0.00, real=0.00 secs] 
1547.042: [GC (Allocation Failure) [PSYoungGen: 59373K->1488K(59904K)] 396386K->338500K(557056K), 0.0017185 secs] [Times: user=0.00 sys=0.00, real=0.01 secs] 
1547.699: [GC (Allocation Failure) [PSYoungGen: 59344K->1424K(59904K)] 396356K->338436K(557056K), 0.0018134 secs] [Times: user=0.01 sys=0.00, real=0.00 secs] 
1548.322: [GC (Allocation Failure) [PSYoungGen: 59280K->1344K(59904K)] 396292K->338356K(557056K), 0.0026643 secs] [Times: user=0.01 sys=0.00, real=0.00 secs] 
1548.837: [GC (Allocation Failure) [PSYoungGen: 59200K->1344K(59904K)] 396212K->338356K(557056K), 0.0040194 secs] [Times: user=0.01 sys=0.00, real=0.00 secs] 
1549.293: [GC (Allocation Failure) [PSYoungGen: 59200K->1392K(59904K)] 396212K->338404K(557056K), 0.0025256 secs] [Times: user=0.01 sys=0.00, real=0.00 secs] 
1549.795: [GC (Allocation Failure) [PSYoungGen: 59248K->1568K(59904K)] 396260K->338580K(557056K), 0.0014931 secs] [Times: user=0.00 sys=0.01, real=0.00 secs] 
1550.134: [GC (Allocation Failure) [PSYoungGen: 59394K->1568K(59904K)] 396407K->338596K(557056K), 0.0015533 secs] [Times: user=0.00 sys=0.00, real=0.00 secs] 
1550.475: [GC (Allocation Failure) [PSYoungGen: 59424K->1501K(59904K)] 396452K->338530K(557056K), 0.0015784 secs] [Times: user=0.00 sys=0.00, real=0.00 secs] 
1550.812: [GC (Allocation Failure) [PSYoungGen: 59357K->1552K(59904K)] 396386K->338580K(557056K), 0.0016904 secs] [Times: user=0.00 sys=0.00, real=0.00 secs] 
1551.325: [GC (Allocation Failure) [PSYoungGen: 59408K->1456K(59904K)] 396436K->338484K(557056K), 0.0020977 secs] [Times: user=0.01 sys=0.00, real=0.00 secs] 
1551.733: [GC (Allocation Failure) [PSYoungGen: 59312K->1440K(59904K)] 396340K->338468K(557056K), 0.0017700 secs] [Times: user=0.01 sys=0.00, real=0.00 secs] 
1551.995: [GC (Allocation Failure) [PSYoungGen: 59296K->1408K(59904K)] 396324K->338436K(557056K), 0.0017725 secs] [Times: user=0.01 sys=0.00, real=0.00 secs] 
1552.236: [GC (Allocation Failure) [PSYoungGen: 59264K->1344K(59904K)] 396292K->338372K(557056K), 0.0019390 secs] [Times: user=0.00 sys=0.00, real=0.00 secs] 
1552.583: [GC (Allocation Failure) [PSYoungGen: 59200K->1376K(59904K)] 396228K->338404K(557056K), 0.0018160 secs] [Times: user=0.01 sys=0.00, real=0.00 secs] 
1552.969: [GC (Allocation Failure) [PSYoungGen: 59232K->1472K(59904K)] 396260K->338500K(557056K), 0.0019025 secs] [Times: user=0.00 sys=0.01, real=0.00 secs] 
1553.328: [GC (Allocation Failure) [PSYoungGen: 59302K->1520K(59904K)] 396331K->338564K(557056K), 0.0016385 secs] [Times: user=0.00 sys=0.00, real=0.00 secs] 
1553.663: [GC (Allocation Failure) [PSYoungGen: 59376K->1584K(59904K)] 396420K->338628K(557056K), 0.0016943 secs] [Times: user=0.01 sys=0.00, real=0.00 secs] 
1554.061: [GC (Allocation Failure) [PSYoungGen: 59440K->1520K(59904K)] 396484K->338580K(557056K), 0.0016705 secs] [Times: user=0.01 sys=0.00, real=0.01 secs] 
1554.448: [GC (Allocation Failure) [PSYoungGen: 59376K->1456K(59904K)] 396436K->338516K(557056K), 0.0018894 secs] [Times: user=0.00 sys=0.00, real=0.00 secs] 
1555.057: [GC (Allocation Failure) [PSYoungGen: 59312K->1376K(59904K)] 396372K->338436K(557056K), 0.0035329 secs] [Times: user=0.02 sys=0.00, real=0.00 secs] 
1555.691: [GC (Allocation Failure) [PSYoungGen: 59232K->1408K(59904K)] 396292K->338468K(557056K), 0.0032226 secs] [Times: user=0.01 sys=0.00, real=0.01 secs] 
1556.430: [GC (Allocation Failure) [PSYoungGen: 59264K->1376K(59904K)] 396324K->338436K(557056K), 0.0030043 secs] [Times: user=0.01 sys=0.00, real=0.01 secs] 
1556.882: [GC (Allocation Failure) [PSYoungGen: 59232K->1408K(59904K)] 396292K->338468K(557056K), 0.0025828 secs] [Times: user=0.01 sys=0.00, real=0.00 secs] 
1557.390: [GC (Allocation Failure) [PSYoungGen: 59235K->1421K(59904K)] 396296K->338482K(557056K), 0.0014451 secs] [Times: user=0.00 sys=0.00, real=0.01 secs] 
1557.725: [GC (Allocation Failure) [PSYoungGen: 59277K->1584K(59904K)] 396338K->338660K(557056K), 0.0017754 secs] [Times: user=0.01 sys=0.00, real=0.00 secs] 
1558.064: [GC (Allocation Failure) [PSYoungGen: 59440K->1533K(59904K)] 396516K->338610K(557056K), 0.0016406 secs] [Times: user=0.01 sys=0.00, real=0.00 secs] 
1558.467: [GC (Allocation Failure) [PSYoungGen: 59389K->1520K(59904K)] 396466K->338596K(557056K), 0.0016834 secs] [Times: user=0.00 sys=0.00, real=0.00 secs] 
1558.872: [GC (Allocation Failure) [PSYoungGen: 59038K->1744K(59904K)] 396115K->338820K(557056K), 0.0018342 secs] [Times: user=0.01 sys=0.00, real=0.00 secs] 
1559.267: [GC (Allocation Failure) [PSYoungGen: 59600K->1408K(59904K)] 396676K->338484K(557056K), 0.0020330 secs] [Times: user=0.00 sys=0.00, real=0.00 secs] 
1559.706: [GC (Allocation Failure) [PSYoungGen: 59264K->1344K(59904K)] 396340K->338420K(557056K), 0.0021695 secs] [Times: user=0.00 sys=0.00, real=0.00 secs] 
1560.153: [GC (Allocation Failure) [PSYoungGen: 59200K->1376K(59904K)] 396276K->338452K(557056K), 0.0037869 secs] [Times: user=0.01 sys=0.00, real=0.00 secs] 
1560.644: [GC (Allocation Failure) [PSYoungGen: 59232K->1408K(59904K)] 396308K->338484K(557056K), 0.0027244 secs] [Times: user=0.01 sys=0.00, real=0.00 secs] 
1561.163: [GC (Allocation Failure) [PSYoungGen: 59248K->1488K(59904K)] 396325K->338564K(557056K), 0.0018771 secs] [Times: user=0.00 sys=0.00, real=0.00 secs] 
1561.509: [GC (Allocation Failure) [PSYoungGen: 59344K->1520K(59904K)] 396420K->338612K(557056K), 0.0015722 secs] [Times: user=0.01 sys=0.00, real=0.00 secs] 
1561.846: [GC (Allocation Failure) [PSYoungGen: 59376K->1533K(59904K)] 396468K->338626K(557056K), 0.0015595 secs] [Times: user=0.00 sys=0.00, real=0.00 secs] 
1562.183: [GC (Allocation Failure) [PSYoungGen: 59389K->1520K(59904K)] 396482K->338612K(557056K), 0.0016501 secs] [Times: user=0.01 sys=0.00, real=0.00 secs] 
1562.515: [GC (Allocation Failure) [PSYoungGen: 59235K->320K(59904K)] 396328K->337412K(557056K), 0.0016597 secs] [Times: user=0.00 sys=0.00, real=0.00 secs] 
1562.801: [GC (Allocation Failure) [PSYoungGen: 58176K->1408K(59904K)] 395268K->338500K(557056K), 0.0017838 secs] [Times: user=0.01 sys=0.00, real=0.01 secs] 
1563.080: [GC (Allocation Failure) [PSYoungGen: 59264K->1344K(59904K)] 396356K->338436K(557056K), 0.0016843 secs] [Times: user=0.01 sys=0.00, real=0.00 secs] 
1563.629: [GC (Allocation Failure) [PSYoungGen: 59200K->1408K(59904K)] 396292K->338500K(557056K), 0.0018975 secs] [Times: user=0.01 sys=0.00, real=0.00 secs] 
1564.151: [GC (Allocation Failure) [PSYoungGen: 59264K->1376K(59904K)] 396356K->338468K(557056K), 0.0020343 secs] [Times: user=0.01 sys=0.00, real=0.01 secs] 
1564.646: [GC (Allocation Failure) [PSYoungGen: 59206K->1520K(59904K)] 396299K->338628K(557056K), 0.0018574 secs] [Times: user=0.00 sys=0.00, real=0.00 secs] 
1564.994: [GC (Allocation Failure) [PSYoungGen: 59376K->1581K(59904K)] 396484K->338698K(557056K), 0.0058004 secs] [Times: user=0.03 sys=0.00, real=0.00 secs] 
1565.345: [GC (Allocation Failure) [PSYoungGen: 59437K->1584K(59904K)] 396554K->338700K(557056K), 0.0016550 secs] [Times: user=0.01 sys=0.00, real=0.00 secs] 
1565.741: [GC (Allocation Failure) [PSYoungGen: 59440K->1552K(59904K)] 396556K->338668K(557056K), 0.0017543 secs] [Times: user=0.01 sys=0.00, real=0.01 secs] 
1566.081: [GC (Allocation Failure) [PSYoungGen: 59408K->1488K(59904K)] 396524K->338604K(557056K), 0.0015833 secs] [Times: user=0.01 sys=0.00, real=0.01 secs] 
1566.338: [GC (Allocation Failure) [PSYoungGen: 59344K->1440K(59904K)] 396460K->338556K(557056K), 0.0019798 secs] [Times: user=0.01 sys=0.00, real=0.00 secs] 
1566.579: [GC (Allocation Failure) [PSYoungGen: 59296K->1408K(59904K)] 396412K->338524K(557056K), 0.0019902 secs] [Times: user=0.01 sys=0.00, real=0.00 secs] 
1566.819: [GC (Allocation Failure) [PSYoungGen: 59264K->1440K(59904K)] 396380K->338556K(557056K), 0.0018743 secs] [Times: user=0.00 sys=0.00, real=0.00 secs] 
1567.060: [GC (Allocation Failure) [PSYoungGen: 59296K->1408K(59904K)] 396412K->338524K(557056K), 0.0018391 secs] [Times: user=0.00 sys=0.00, real=0.01 secs] 
1567.358: [GC (Allocation Failure) [PSYoungGen: 59264K->1456K(59904K)] 396380K->338572K(557056K), 0.0017787 secs] [Times: user=0.01 sys=0.00, real=0.00 secs] 
1567.708: [GC (Allocation Failure) [PSYoungGen: 59282K->1536K(59904K)] 396399K->338668K(557056K), 0.0015336 secs] [Times: user=0.00 sys=0.00, real=0.00 secs] 
1568.046: [GC (Allocation Failure) [PSYoungGen: 59392K->1533K(59904K)] 396524K->338674K(557056K), 0.0015889 secs] [Times: user=0.01 sys=0.00, real=0.00 secs] 
1568.382: [GC (Allocation Failure) [PSYoungGen: 59389K->1520K(59904K)] 396530K->338660K(557056K), 0.0017538 secs] [Times: user=0.01 sys=0.00, real=0.00 secs] 
1568.719: [GC (Allocation Failure) [PSYoungGen: 59376K->1520K(59904K)] 396516K->338660K(557056K), 0.0015433 secs] [Times: user=0.01 sys=0.00, real=0.00 secs] 
1569.561: [GC (Allocation Failure) [PSYoungGen: 59376K->1440K(59904K)] 396516K->338580K(557056K), 0.0033913 secs] [Times: user=0.01 sys=0.00, real=0.01 secs] 
1570.498: [GC (Allocation Failure) [PSYoungGen: 59296K->1392K(59904K)] 396436K->338532K(557056K), 0.0038014 secs] [Times: user=0.01 sys=0.01, real=0.00 secs] 
1571.198: [GC (Allocation Failure) [PSYoungGen: 59248K->1376K(59904K)] 396388K->338516K(557056K), 0.0036375 secs] [Times: user=0.02 sys=0.00, real=0.00 secs] 
1571.712: [GC (Allocation Failure) [PSYoungGen: 59232K->1408K(59904K)] 396372K->338548K(557056K), 0.0023182 secs] [Times: user=0.01 sys=0.00, real=0.00 secs] 
1571.947: [GC (Allocation Failure) [PSYoungGen: 59264K->1376K(59904K)] 396404K->338516K(557056K), 0.0019190 secs] [Times: user=0.01 sys=0.00, real=0.00 secs] 
1572.364: [GC (Allocation Failure) [PSYoungGen: 59228K->1517K(59904K)] 396369K->338658K(557056K), 0.0015357 secs] [Times: user=0.01 sys=0.00, real=0.00 secs] 
1572.701: [GC (Allocation Failure) [PSYoungGen: 59373K->1552K(59904K)] 396514K->338708K(557056K), 0.0015650 secs] [Times: user=0.01 sys=0.00, real=0.01 secs] 
1573.039: [GC (Allocation Failure) [PSYoungGen: 59408K->1565K(59904K)] 396564K->338722K(557056K), 0.0015720 secs] [Times: user=0.01 sys=0.00, real=0.00 secs] 
1573.376: [GC (Allocation Failure) [PSYoungGen: 59421K->1565K(59904K)] 396578K->338722K(557056K), 0.0015925 secs] [Times: user=0.01 sys=0.00, real=0.00 secs] 
1573.832: [GC (Allocation Failure) [PSYoungGen: 59421K->1440K(59904K)] 396578K->338596K(557056K), 0.0018119 secs] [Times: user=0.01 sys=0.00, real=0.00 secs] 
1574.240: [GC (Allocation Failure) [PSYoungGen: 59296K->1376K(59904K)] 396452K->338540K(557056K), 0.0038061 secs] [Times: user=0.01 sys=0.00, real=0.01 secs] 
1574.662: [GC (Allocation Failure) [PSYoungGen: 59232K->1408K(59904K)] 396396K->338572K(557056K), 0.0029333 secs] [Times: user=0.01 sys=0.00, real=0.00 secs] 
1575.122: [GC (Allocation Failure) [PSYoungGen: 59264K->1376K(59904K)] 396428K->338540K(557056K), 0.0031850 secs] [Times: user=0.02 sys=0.00, real=0.00 secs] 
1575.584: [GC (Allocation Failure) [PSYoungGen: 59232K->1376K(59904K)] 396396K->338556K(557056K), 0.0034878 secs] [Times: user=0.01 sys=0.00, real=0.00 secs] 
1576.048: [GC (Allocation Failure) [PSYoungGen: 59213K->1520K(59904K)] 396394K->338708K(557056K), 0.0015484 secs] [Times: user=0.01 sys=0.00, real=0.00 secs] 
1576.387: [GC (Allocation Failure) [PSYoungGen: 59376K->1520K(59904K)] 396564K->338716K(557056K), 0.0016475 secs] [Times: user=0.01 sys=0.00, real=0.00 secs] 
1576.724: [GC (Allocation Failure) [PSYoungGen: 59376K->1533K(59904K)] 396572K->338738K(557056K), 0.0015725 secs] [Times: user=0.00 sys=0.00, real=0.00 secs] 
1577.063: [GC (Allocation Failure) [PSYoungGen: 59389K->1488K(59904K)] 396594K->338692K(557056K), 0.0014556 secs] [Times: user=0.00 sys=0.00, real=0.00 secs] 
1577.699: [GC (Allocation Failure) [PSYoungGen: 59344K->1440K(59904K)] 396548K->338652K(557056K), 0.0020684 secs] [Times: user=0.01 sys=0.00, real=0.00 secs] 
1578.221: [GC (Allocation Failure) [PSYoungGen: 59296K->1344K(59904K)] 396508K->338556K(557056K), 0.0032520 secs] [Times: user=0.01 sys=0.00, real=0.01 secs] 
1578.712: [GC (Allocation Failure) [PSYoungGen: 59200K->1392K(59904K)] 396412K->338604K(557056K), 0.0027392 secs] [Times: user=0.01 sys=0.00, real=0.00 secs] 
1579.299: [GC (Allocation Failure) [PSYoungGen: 59248K->1376K(59904K)] 396460K->338588K(557056K), 0.0037326 secs] [Times: user=0.02 sys=0.00, real=0.01 secs] 
1580.037: [GC (Allocation Failure) [PSYoungGen: 59232K->1424K(59904K)] 396444K->338636K(557056K), 0.0025688 secs] [Times: user=0.00 sys=0.00, real=0.00 secs] 
1580.669: [GC (Allocation Failure) [PSYoungGen: 59280K->1536K(59904K)] 396492K->338748K(557056K), 0.0016958 secs] [Times: user=0.00 sys=0.00, real=0.00 secs] 
1581.009: [GC (Allocation Failure) [PSYoungGen: 59367K->1520K(59904K)] 396580K->338748K(557056K), 0.0017002 secs] [Times: user=0.00 sys=0.00, real=0.00 secs] 
1581.350: [GC (Allocation Failure) [PSYoungGen: 59376K->1501K(59904K)] 396604K->338730K(557056K), 0.0015934 secs] [Times: user=0.01 sys=0.00, real=0.01 secs] 
1581.686: [GC (Allocation Failure) [PSYoungGen: 59357K->1565K(59904K)] 396586K->338794K(557056K), 0.0015312 secs] [Times: user=0.01 sys=0.00, real=0.00 secs] 
1582.326: [GC (Allocation Failure) [PSYoungGen: 59421K->1456K(59904K)] 396650K->338684K(557056K), 0.0020312 secs] [Times: user=0.01 sys=0.00, real=0.00 secs] 
1582.720: [GC (Allocation Failure) [PSYoungGen: 59312K->1440K(59904K)] 396540K->338668K(557056K), 0.0020250 secs] [Times: user=0.01 sys=0.00, real=0.01 secs] 
1583.183: [GC (Allocation Failure) [PSYoungGen: 59296K->1408K(59904K)] 396524K->338636K(557056K), 0.0019071 secs] [Times: user=0.01 sys=0.00, real=0.00 secs] 
1583.668: [GC (Allocation Failure) [PSYoungGen: 59264K->1376K(59904K)] 396492K->338604K(557056K), 0.0017452 secs] [Times: user=0.01 sys=0.00, real=0.00 secs] 
1584.140: [GC (Allocation Failure) [PSYoungGen: 59232K->1408K(59904K)] 396460K->338636K(557056K), 0.0020147 secs] [Times: user=0.00 sys=0.01, real=0.01 secs] 
1584.535: [GC (Allocation Failure) [PSYoungGen: 59264K->1533K(59904K)] 396492K->338762K(557056K), 0.0015566 secs] [Times: user=0.00 sys=0.00, real=0.00 secs] 
1584.874: [GC (Allocation Failure) [PSYoungGen: 59389K->1597K(59904K)] 396618K->338842K(557056K), 0.0015862 secs] [Times: user=0.01 sys=0.00, real=0.00 secs] 
1585.211: [GC (Allocation Failure) [PSYoungGen: 59453K->1488K(59904K)] 396698K->338756K(557056K), 0.0016386 secs] [Times: user=0.01 sys=0.00, real=0.01 secs] 
1585.553: [GC (Allocation Failure) [PSYoungGen: 59344K->1520K(59904K)] 396612K->338788K(557056K), 0.0021847 secs] [Times: user=0.01 sys=0.00, real=0.00 secs] 
1586.095: [GC (Allocation Failure) [PSYoungGen: 59376K->1488K(59904K)] 396644K->338756K(557056K), 0.0018547 secs] [Times: user=0.01 sys=0.00, real=0.00 secs] 
1586.545: [GC (Allocation Failure) [PSYoungGen: 59344K->1376K(59904K)] 396612K->338644K(557056K), 0.0018649 secs] [Times: user=0.01 sys=0.00, real=0.00 secs] 
1587.030: [GC (Allocation Failure) [PSYoungGen: 59232K->1344K(59904K)] 396500K->338612K(557056K), 0.0017688 secs] [Times: user=0.00 sys=0.00, real=0.01 secs] 
1587.577: [GC (Allocation Failure) [PSYoungGen: 59200K->1360K(59904K)] 396468K->338628K(557056K), 0.0020798 secs] [Times: user=0.01 sys=0.00, real=0.00 secs] 
1588.140: [GC (Allocation Failure) [PSYoungGen: 59216K->1360K(59904K)] 396484K->338628K(557056K), 0.0022688 secs] [Times: user=0.01 sys=0.00, real=0.01 secs] 
1588.678: [GC (Allocation Failure) [PSYoungGen: 59216K->1536K(59904K)] 396484K->338804K(557056K), 0.0016450 secs] [Times: user=0.01 sys=0.00, real=0.00 secs] 
1589.016: [GC (Allocation Failure) [PSYoungGen: 59391K->1584K(59904K)] 396660K->338860K(557056K), 0.0015077 secs] [Times: user=0.01 sys=0.00, real=0.00 secs] 
1589.354: [GC (Allocation Failure) [PSYoungGen: 59440K->1520K(59904K)] 396716K->338796K(557056K), 0.0015568 secs] [Times: user=0.01 sys=0.00, real=0.00 secs] 
1589.693: [GC (Allocation Failure) [PSYoungGen: 59376K->1600K(59904K)] 396652K->338876K(557056K), 0.0016039 secs] [Times: user=0.00 sys=0.00, real=0.00 secs] 
1590.036: [GC (Allocation Failure) [PSYoungGen: 59456K->1424K(59904K)] 396732K->338700K(557056K), 0.0015462 secs] [Times: user=0.00 sys=0.00, real=0.00 secs] 
1590.306: [GC (Allocation Failure) [PSYoungGen: 59280K->1376K(59904K)] 396556K->338652K(557056K), 0.0015594 secs] [Times: user=0.00 sys=0.00, real=0.00 secs] 
1590.566: [GC (Allocation Failure) [PSYoungGen: 59232K->1344K(59904K)] 396508K->338620K(557056K), 0.0016141 secs] [Times: user=0.01 sys=0.00, real=0.00 secs] 
1591.010: [GC (Allocation Failure) [PSYoungGen: 59200K->1376K(59904K)] 396476K->338652K(557056K), 0.0017253 secs] [Times: user=0.00 sys=0.00, real=0.00 secs] 
1591.492: [GC (Allocation Failure) [PSYoungGen: 59232K->1344K(59904K)] 396508K->338620K(557056K), 0.0024749 secs] [Times: user=0.01 sys=0.00, real=0.00 secs] 
1592.082: [GC (Allocation Failure) [PSYoungGen: 59170K->1520K(59904K)] 396447K->338796K(557056K), 0.0015382 secs] [Times: user=0.00 sys=0.00, real=0.00 secs] 
1592.418: [GC (Allocation Failure) [PSYoungGen: 59376K->1552K(59904K)] 396652K->338844K(557056K), 0.0016305 secs] [Times: user=0.01 sys=0.00, real=0.00 secs] 
1592.755: [GC (Allocation Failure) [PSYoungGen: 59408K->1533K(59904K)] 396700K->338826K(557056K), 0.0016802 secs] [Times: user=0.00 sys=0.00, real=0.00 secs] 
1593.091: [GC (Allocation Failure) [PSYoungGen: 59389K->1584K(59904K)] 396682K->338876K(557056K), 0.0016433 secs] [Times: user=0.00 sys=0.00, real=0.01 secs] 
1593.511: [GC (Allocation Failure) [PSYoungGen: 59440K->1488K(59904K)] 396732K->338780K(557056K), 0.0018261 secs] [Times: user=0.00 sys=0.00, real=0.01 secs] 
1593.990: [GC (Allocation Failure) [PSYoungGen: 59344K->1344K(59904K)] 396636K->338652K(557056K), 0.0019968 secs] [Times: user=0.01 sys=0.00, real=0.01 secs] 
1594.475: [GC (Allocation Failure) [PSYoungGen: 59200K->1328K(59904K)] 396508K->338644K(557056K), 0.0025251 secs] [Times: user=0.01 sys=0.00, real=0.00 secs] 
1594.947: [GC (Allocation Failure) [PSYoungGen: 59184K->1408K(59904K)] 396500K->338724K(557056K), 0.0024541 secs] [Times: user=0.01 sys=0.00, real=0.00 secs] 
1595.455: [GC (Allocation Failure) [PSYoungGen: 59264K->1360K(59904K)] 396580K->338676K(557056K), 0.0025941 secs] [Times: user=0.01 sys=0.00, real=0.00 secs] 
1595.950: [GC (Allocation Failure) [PSYoungGen: 59216K->1456K(59904K)] 396532K->338772K(557056K), 0.0015505 secs] [Times: user=0.01 sys=0.00, real=0.00 secs] 
1596.290: [GC (Allocation Failure) [PSYoungGen: 59312K->1488K(59904K)] 396628K->338812K(557056K), 0.0016893 secs] [Times: user=0.01 sys=0.00, real=0.01 secs] 
1596.630: [GC (Allocation Failure) [PSYoungGen: 59344K->1501K(59904K)] 396668K->338826K(557056K), 0.0017233 secs] [Times: user=0.00 sys=0.00, real=0.01 secs] 
1596.967: [GC (Allocation Failure) [PSYoungGen: 59357K->1584K(59904K)] 396682K->338908K(557056K), 0.0016707 secs] [Times: user=0.01 sys=0.00, real=0.00 secs] 
1597.405: [GC (Allocation Failure) [PSYoungGen: 59440K->1456K(59904K)] 396764K->338780K(557056K), 0.0018858 secs] [Times: user=0.01 sys=0.00, real=0.00 secs] 
1598.415: [GC (Allocation Failure) [PSYoungGen: 59312K->1408K(59904K)] 396636K->338732K(557056K), 0.0023231 secs] [Times: user=0.01 sys=0.00, real=0.00 secs] 
1598.713: [GC (Allocation Failure) [PSYoungGen: 59264K->1360K(59904K)] 396588K->338684K(557056K), 0.0021309 secs] [Times: user=0.00 sys=0.00, real=0.00 secs] 
1598.990: [GC (Allocation Failure) [PSYoungGen: 59216K->1376K(59904K)] 396540K->338700K(557056K), 0.0019674 secs] [Times: user=0.01 sys=0.00, real=0.01 secs] 
1599.243: [GC (Allocation Failure) [PSYoungGen: 59232K->1408K(59904K)] 396556K->338732K(557056K), 0.0017763 secs] [Times: user=0.01 sys=0.00, real=0.00 secs] 
1599.564: [GC (Allocation Failure) [PSYoungGen: 59264K->1472K(59904K)] 396588K->338796K(557056K), 0.0014748 secs] [Times: user=0.00 sys=0.00, real=0.00 secs] 
1599.901: [GC (Allocation Failure) [PSYoungGen: 59306K->1520K(59904K)] 396631K->338852K(557056K), 0.0016460 secs] [Times: user=0.00 sys=0.00, real=0.01 secs] 
1600.238: [GC (Allocation Failure) [PSYoungGen: 59376K->1520K(59904K)] 396708K->338852K(557056K), 0.0016068 secs] [Times: user=0.01 sys=0.00, real=0.00 secs] 
1600.574: [GC (Allocation Failure) [PSYoungGen: 59376K->1549K(59904K)] 396708K->338882K(557056K), 0.0016167 secs] [Times: user=0.00 sys=0.00, real=0.00 secs] 
1600.973: [GC (Allocation Failure) [PSYoungGen: 59405K->1472K(59904K)] 396738K->338804K(557056K), 0.0018677 secs] [Times: user=0.00 sys=0.00, real=0.00 secs] 
1601.220: [GC (Allocation Failure) [PSYoungGen: 59328K->1408K(59904K)] 396660K->338740K(557056K), 0.0016814 secs] [Times: user=0.01 sys=0.00, real=0.01 secs] 
1601.476: [GC (Allocation Failure) [PSYoungGen: 59264K->1376K(59904K)] 396596K->338708K(557056K), 0.0017545 secs] [Times: user=0.01 sys=0.00, real=0.00 secs] 
1601.758: [GC (Allocation Failure) [PSYoungGen: 59232K->1408K(59904K)] 396564K->338740K(557056K), 0.0016311 secs] [Times: user=0.00 sys=0.00, real=0.00 secs] 
1601.999: [GC (Allocation Failure) [PSYoungGen: 59264K->1376K(59904K)] 396596K->338708K(557056K), 0.0018424 secs] [Times: user=0.00 sys=0.00, real=0.00 secs] 
1602.349: [GC (Allocation Failure) [PSYoungGen: 59232K->1440K(59904K)] 396564K->338772K(557056K), 0.0015284 secs] [Times: user=0.01 sys=0.00, real=0.00 secs] 
1602.748: [GC (Allocation Failure) [PSYoungGen: 59296K->1517K(59904K)] 396628K->338866K(557056K), 0.0015882 secs] [Times: user=0.00 sys=0.00, real=0.00 secs] 
1603.143: [GC (Allocation Failure) [PSYoungGen: 59373K->1520K(59904K)] 396722K->338892K(557056K), 0.0017647 secs] [Times: user=0.01 sys=0.00, real=0.00 secs] 
1603.480: [GC (Allocation Failure) [PSYoungGen: 59376K->1488K(59904K)] 396748K->338860K(557056K), 0.0017731 secs] [Times: user=0.01 sys=0.00, real=0.00 secs] 
1603.807: [GC (Allocation Failure) [PSYoungGen: 59344K->1728K(59904K)] 396716K->339100K(557056K), 0.0015398 secs] [Times: user=0.01 sys=0.00, real=0.00 secs] 
1604.077: [GC (Allocation Failure) [PSYoungGen: 59584K->1408K(59904K)] 396956K->338780K(557056K), 0.0019344 secs] [Times: user=0.01 sys=0.00, real=0.00 secs] 
1604.318: [GC (Allocation Failure) [PSYoungGen: 59264K->1440K(59904K)] 396636K->338812K(557056K), 0.0017696 secs] [Times: user=0.01 sys=0.00, real=0.00 secs] 
1604.558: [GC (Allocation Failure) [PSYoungGen: 59296K->1344K(59904K)] 396668K->338716K(557056K), 0.0019155 secs] [Times: user=0.01 sys=0.00, real=0.00 secs] 
1604.798: [GC (Allocation Failure) [PSYoungGen: 59200K->1376K(59904K)] 396572K->338748K(557056K), 0.0017727 secs] [Times: user=0.01 sys=0.00, real=0.00 secs] 
1605.261: [GC (Allocation Failure) [PSYoungGen: 59232K->1520K(59904K)] 396604K->338892K(557056K), 0.0014670 secs] [Times: user=0.01 sys=0.00, real=0.01 secs] 
1605.598: [GC (Allocation Failure) [PSYoungGen: 59358K->1552K(59904K)] 396731K->338940K(557056K), 0.0015549 secs] [Times: user=0.01 sys=0.00, real=0.00 secs] 
1605.935: [GC (Allocation Failure) [PSYoungGen: 59408K->1520K(59904K)] 396796K->338908K(557056K), 0.0015836 secs] [Times: user=0.01 sys=0.00, real=0.00 secs] 
1606.284: [GC (Allocation Failure) [PSYoungGen: 59376K->1536K(59904K)] 396764K->338924K(557056K), 0.0016325 secs] [Times: user=0.01 sys=0.00, real=0.00 secs] 
1606.616: [GC (Allocation Failure) [PSYoungGen: 59311K->288K(59904K)] 396700K->337676K(557056K), 0.0016522 secs] [Times: user=0.01 sys=0.00, real=0.00 secs] 
1607.641: [GC (Allocation Failure) [PSYoungGen: 58144K->1376K(59904K)] 395532K->338764K(557056K), 0.0020155 secs] [Times: user=0.01 sys=0.00, real=0.01 secs] 
1607.882: [GC (Allocation Failure) [PSYoungGen: 59232K->1408K(59904K)] 396620K->338812K(557056K), 0.0018215 secs] [Times: user=0.00 sys=0.00, real=0.00 secs] 
1608.122: [GC (Allocation Failure) [PSYoungGen: 59264K->1376K(59904K)] 396668K->338780K(557056K), 0.0018179 secs] [Times: user=0.01 sys=0.00, real=0.00 secs] 
1608.362: [GC (Allocation Failure) [PSYoungGen: 59232K->1408K(59904K)] 396636K->338812K(557056K), 0.0019638 secs] [Times: user=0.01 sys=0.00, real=0.00 secs] 
1608.672: [GC (Allocation Failure) [PSYoungGen: 59264K->1520K(59904K)] 396668K->338924K(557056K), 0.0016985 secs] [Times: user=0.00 sys=0.00, real=0.00 secs] 
1609.010: [GC (Allocation Failure) [PSYoungGen: 59376K->1488K(59904K)] 396780K->338900K(557056K), 0.0016949 secs] [Times: user=0.00 sys=0.00, real=0.01 secs] 
1609.349: [GC (Allocation Failure) [PSYoungGen: 59344K->1520K(59904K)] 396756K->338932K(557056K), 0.0017325 secs] [Times: user=0.00 sys=0.00, real=0.00 secs] 
1609.749: [GC (Allocation Failure) [PSYoungGen: 59376K->1520K(59904K)] 396788K->338932K(557056K), 0.0015977 secs] [Times: user=0.01 sys=0.00, real=0.00 secs] 
1610.150: [GC (Allocation Failure) [PSYoungGen: 59376K->1533K(59904K)] 396788K->338946K(557056K), 0.0016490 secs] [Times: user=0.01 sys=0.00, real=0.00 secs] 
1610.429: [GC (Allocation Failure) [PSYoungGen: 59389K->1424K(59904K)] 396802K->338836K(557056K), 0.0020515 secs] [Times: user=0.01 sys=0.00, real=0.00 secs] 
1610.670: [GC (Allocation Failure) [PSYoungGen: 59280K->1344K(59904K)] 396692K->338756K(557056K), 0.0019595 secs] [Times: user=0.01 sys=0.00, real=0.01 secs] 
1610.910: [GC (Allocation Failure) [PSYoungGen: 59200K->1376K(59904K)] 396612K->338788K(557056K), 0.0019241 secs] [Times: user=0.01 sys=0.00, real=0.01 secs] 
1611.151: [GC (Allocation Failure) [PSYoungGen: 59232K->1344K(59904K)] 396644K->338756K(557056K), 0.0020245 secs] [Times: user=0.00 sys=0.00, real=0.01 secs] 
1611.511: [GC (Allocation Failure) [PSYoungGen: 59200K->1501K(59904K)] 396612K->338914K(557056K), 0.0018991 secs] [Times: user=0.01 sys=0.00, real=0.01 secs] 
1611.864: [GC (Allocation Failure) [PSYoungGen: 59334K->1552K(59904K)] 396747K->338972K(557056K), 0.0016803 secs] [Times: user=0.01 sys=0.00, real=0.00 secs] 
1612.260: [GC (Allocation Failure) [PSYoungGen: 59408K->1552K(59904K)] 396828K->338980K(557056K), 0.0016113 secs] [Times: user=0.01 sys=0.00, real=0.01 secs] 
1612.597: [GC (Allocation Failure) [PSYoungGen: 59408K->1520K(59904K)] 396836K->338948K(557056K), 0.0016736 secs] [Times: user=0.01 sys=0.00, real=0.00 secs] 
1612.931: [GC (Allocation Failure) [PSYoungGen: 59376K->1520K(59904K)] 396804K->338980K(557056K), 0.0016118 secs] [Times: user=0.00 sys=0.00, real=0.01 secs] 
1613.197: [GC (Allocation Failure) [PSYoungGen: 59376K->1376K(59904K)] 396836K->338836K(557056K), 0.0026831 secs] [Times: user=0.01 sys=0.00, real=0.00 secs] 
1613.563: [GC (Allocation Failure) [PSYoungGen: 59232K->1360K(59904K)] 396692K->338820K(557056K), 0.0031837 secs] [Times: user=0.01 sys=0.00, real=0.00 secs] 
1613.987: [GC (Allocation Failure) [PSYoungGen: 59216K->1376K(59904K)] 396676K->338836K(557056K), 0.0020867 secs] [Times: user=0.01 sys=0.00, real=0.00 secs] 
1614.643: [GC (Allocation Failure) [PSYoungGen: 59232K->1376K(59904K)] 396692K->338836K(557056K), 0.0032107 secs] [Times: user=0.01 sys=0.00, real=0.00 secs] 
1615.342: [GC (Allocation Failure) [PSYoungGen: 59105K->288K(59904K)] 396566K->337748K(557056K), 0.0031500 secs] [Times: user=0.01 sys=0.00, real=0.00 secs] 
1615.772: [GC (Allocation Failure) [PSYoungGen: 58144K->1565K(59904K)] 395604K->339026K(557056K), 0.0015452 secs] [Times: user=0.00 sys=0.00, real=0.00 secs] 
1616.110: [GC (Allocation Failure) [PSYoungGen: 59421K->1533K(59904K)] 396882K->339010K(557056K), 0.0017445 secs] [Times: user=0.00 sys=0.00, real=0.00 secs] 
1616.460: [GC (Allocation Failure) [PSYoungGen: 59389K->1520K(59904K)] 396866K->338996K(557056K), 0.0015328 secs] [Times: user=0.00 sys=0.00, real=0.00 secs] 
1616.795: [GC (Allocation Failure) [PSYoungGen: 59376K->1533K(59904K)] 396852K->339010K(557056K), 0.0016051 secs] [Times: user=0.01 sys=0.00, real=0.00 secs] 
1617.253: [GC (Allocation Failure) [PSYoungGen: 59389K->1424K(59904K)] 396866K->338900K(557056K), 0.0015167 secs] [Times: user=0.01 sys=0.00, real=0.00 secs] 
1617.725: [GC (Allocation Failure) [PSYoungGen: 59280K->1376K(59904K)] 396756K->338852K(557056K), 0.0030737 secs] [Times: user=0.01 sys=0.00, real=0.00 secs] 
1618.214: [GC (Allocation Failure) [PSYoungGen: 59232K->1344K(59904K)] 396708K->338820K(557056K), 0.0031360 secs] [Times: user=0.02 sys=0.00, real=0.00 secs] 
1618.594: [GC (Allocation Failure) [PSYoungGen: 59200K->1376K(59904K)] 396676K->338852K(557056K), 0.0021159 secs] [Times: user=0.01 sys=0.00, real=0.00 secs] 
1619.016: [GC (Allocation Failure) [PSYoungGen: 59232K->1376K(59904K)] 396708K->338852K(557056K), 0.0023407 secs] [Times: user=0.01 sys=0.00, real=0.00 secs] 
1619.412: [GC (Allocation Failure) [PSYoungGen: 59212K->1533K(59904K)] 396689K->339010K(557056K), 0.0015531 secs] [Times: user=0.01 sys=0.00, real=0.00 secs] 
1619.750: [GC (Allocation Failure) [PSYoungGen: 59389K->1552K(59904K)] 396866K->339036K(557056K), 0.0017256 secs] [Times: user=0.01 sys=0.00, real=0.00 secs] 
1620.087: [GC (Allocation Failure) [PSYoungGen: 59408K->1552K(59904K)] 396892K->339036K(557056K), 0.0015849 secs] [Times: user=0.01 sys=0.00, real=0.00 secs] 
1620.422: [GC (Allocation Failure) [PSYoungGen: 59408K->1565K(59904K)] 396892K->339050K(557056K), 0.0015749 secs] [Times: user=0.01 sys=0.00, real=0.00 secs] 
1620.775: [GC (Allocation Failure) [PSYoungGen: 59421K->1440K(59904K)] 396906K->338924K(557056K), 0.0019757 secs] [Times: user=0.01 sys=0.00, real=0.00 secs] 
1621.016: [GC (Allocation Failure) [PSYoungGen: 59296K->1344K(59904K)] 396780K->338828K(557056K), 0.0017093 secs] [Times: user=0.01 sys=0.00, real=0.00 secs] 
1621.257: [GC (Allocation Failure) [PSYoungGen: 59200K->1312K(59904K)] 396684K->338796K(557056K), 0.0018040 secs] [Times: user=0.00 sys=0.00, real=0.00 secs] 
1621.548: [GC (Allocation Failure) [PSYoungGen: 59168K->1344K(59904K)] 396652K->338828K(557056K), 0.0019217 secs] [Times: user=0.01 sys=0.00, real=0.00 secs] 
1622.043: [GC (Allocation Failure) [PSYoungGen: 59200K->1376K(59904K)] 396684K->338860K(557056K), 0.0020896 secs] [Times: user=0.01 sys=0.00, real=0.00 secs] 
1622.554: [GC (Allocation Failure) [PSYoungGen: 59214K->1520K(59904K)] 396699K->339004K(557056K), 0.0016573 secs] [Times: user=0.01 sys=0.00, real=0.00 secs] 
1622.891: [GC (Allocation Failure) [PSYoungGen: 59376K->1520K(59904K)] 396860K->339020K(557056K), 0.0016759 secs] [Times: user=0.01 sys=0.00, real=0.01 secs] 
1623.228: [GC (Allocation Failure) [PSYoungGen: 59376K->1552K(59904K)] 396876K->339052K(557056K), 0.0015561 secs] [Times: user=0.01 sys=0.00, real=0.00 secs] 
1623.565: [GC (Allocation Failure) [PSYoungGen: 59408K->1488K(59904K)] 396908K->339012K(557056K), 0.0015980 secs] [Times: user=0.01 sys=0.00, real=0.00 secs] 
1624.247: [GC (Allocation Failure) [PSYoungGen: 59344K->1440K(59904K)] 396868K->338964K(557056K), 0.0022069 secs] [Times: user=0.00 sys=0.00, real=0.00 secs] 
1624.895: [GC (Allocation Failure) [PSYoungGen: 59296K->1344K(59904K)] 396820K->338868K(557056K), 0.0027337 secs] [Times: user=0.01 sys=0.00, real=0.00 secs] 
1625.345: [GC (Allocation Failure) [PSYoungGen: 59200K->1376K(59904K)] 396724K->338900K(557056K), 0.0022811 secs] [Times: user=0.01 sys=0.00, real=0.00 secs] 
1625.828: [GC (Allocation Failure) [PSYoungGen: 59232K->1408K(59904K)] 396756K->338932K(557056K), 0.0022895 secs] [Times: user=0.01 sys=0.00, real=0.00 secs] 
1626.503: [GC (Allocation Failure) [PSYoungGen: 59264K->1344K(59904K)] 396788K->338868K(557056K), 0.0022239 secs] [Times: user=0.00 sys=0.01, real=0.00 secs] 
1627.155: [GC (Allocation Failure) [PSYoungGen: 59200K->1501K(59904K)] 396724K->339026K(557056K), 0.0016425 secs] [Times: user=0.01 sys=0.00, real=0.00 secs] 
1627.494: [GC (Allocation Failure) [PSYoungGen: 59357K->1520K(59904K)] 396882K->339060K(557056K), 0.0014819 secs] [Times: user=0.00 sys=0.00, real=0.00 secs] 
1627.886: [GC (Allocation Failure) [PSYoungGen: 59376K->1549K(59904K)] 396916K->339090K(557056K), 0.0015593 secs] [Times: user=0.01 sys=0.00, real=0.00 secs] 
1628.223: [GC (Allocation Failure) [PSYoungGen: 59405K->1565K(59904K)] 396946K->339106K(557056K), 0.0017047 secs] [Times: user=0.01 sys=0.00, real=0.00 secs] 
1628.827: [GC (Allocation Failure) [PSYoungGen: 59421K->1488K(59904K)] 396962K->339028K(557056K), 0.0029409 secs] [Times: user=0.01 sys=0.00, real=0.00 secs] 
1629.152: [GC (Allocation Failure) [PSYoungGen: 59344K->1376K(59904K)] 396884K->338916K(557056K), 0.0017871 secs] [Times: user=0.01 sys=0.00, real=0.00 secs] 
1629.421: [GC (Allocation Failure) [PSYoungGen: 59232K->1408K(59904K)] 396772K->338948K(557056K), 0.0018154 secs] [Times: user=0.01 sys=0.00, real=0.01 secs] 
1629.661: [GC (Allocation Failure) [PSYoungGen: 59264K->1408K(59904K)] 396804K->338948K(557056K), 0.0017629 secs] [Times: user=0.01 sys=0.00, real=0.01 secs] 
1629.908: [GC (Allocation Failure) [PSYoungGen: 59264K->1344K(59904K)] 396804K->338884K(557056K), 0.0026174 secs] [Times: user=0.01 sys=0.00, real=0.00 secs] 
1630.237: [GC (Allocation Failure) [PSYoungGen: 59196K->1517K(59904K)] 396737K->339058K(557056K), 0.0014992 secs] [Times: user=0.00 sys=0.00, real=0.00 secs] 
1630.574: [GC (Allocation Failure) [PSYoungGen: 59365K->1552K(59904K)] 396906K->339100K(557056K), 0.0015157 secs] [Times: user=0.01 sys=0.00, real=0.00 secs] 
1630.911: [GC (Allocation Failure) [PSYoungGen: 59408K->1584K(59904K)] 396956K->339132K(557056K), 0.0017804 secs] [Times: user=0.01 sys=0.00, real=0.01 secs] 
1631.253: [GC (Allocation Failure) [PSYoungGen: 59440K->1549K(59904K)] 396988K->339098K(557056K), 0.0016944 secs] [Times: user=0.00 sys=0.00, real=0.00 secs] 
1631.658: [GC (Allocation Failure) [PSYoungGen: 59405K->1488K(59904K)] 396954K->339036K(557056K), 0.0021529 secs] [Times: user=0.01 sys=0.00, real=0.00 secs] 
1632.147: [GC (Allocation Failure) [PSYoungGen: 59344K->1376K(59904K)] 396892K->338924K(557056K), 0.0017235 secs] [Times: user=0.01 sys=0.00, real=0.00 secs] 
1632.634: [GC (Allocation Failure) [PSYoungGen: 59232K->1408K(59904K)] 396780K->338956K(557056K), 0.0016926 secs] [Times: user=0.01 sys=0.00, real=0.00 secs] 
1633.034: [GC (Allocation Failure) [PSYoungGen: 59264K->1376K(59904K)] 396812K->338924K(557056K), 0.0017100 secs] [Times: user=0.01 sys=0.00, real=0.00 secs] 
1633.398: [GC (Allocation Failure) [PSYoungGen: 59232K->1376K(59904K)] 396780K->338924K(557056K), 0.0016828 secs] [Times: user=0.00 sys=0.00, real=0.00 secs] 
1633.808: [GC (Allocation Failure) [PSYoungGen: 59232K->1485K(59904K)] 396780K->339050K(557056K), 0.0015447 secs] [Times: user=0.00 sys=0.00, real=0.00 secs] 
1634.146: [GC (Allocation Failure) [PSYoungGen: 59341K->1533K(59904K)] 396906K->339114K(557056K), 0.0015488 secs] [Times: user=0.00 sys=0.00, real=0.00 secs] 
1634.484: [GC (Allocation Failure) [PSYoungGen: 59389K->1565K(59904K)] 396970K->339146K(557056K), 0.0015897 secs] [Times: user=0.01 sys=0.00, real=0.00 secs] 
1634.820: [GC (Allocation Failure) [PSYoungGen: 59421K->1584K(59904K)] 397002K->339164K(557056K), 0.0016840 secs] [Times: user=0.01 sys=0.00, real=0.01 secs] 
1635.475: [GC (Allocation Failure) [PSYoungGen: 59440K->1472K(59904K)] 397020K->339052K(557056K), 0.0022458 secs] [Times: user=0.01 sys=0.00, real=0.00 secs] 
1635.914: [GC (Allocation Failure) [PSYoungGen: 59328K->1376K(59904K)] 396908K->338956K(557056K), 0.0025533 secs] [Times: user=0.01 sys=0.00, real=0.00 secs] 
1636.156: [GC (Allocation Failure) [PSYoungGen: 59232K->1408K(59904K)] 396812K->338988K(557056K), 0.0025207 secs] [Times: user=0.01 sys=0.00, real=0.00 secs] 
1636.395: [GC (Allocation Failure) [PSYoungGen: 59264K->1408K(59904K)] 396844K->338988K(557056K), 0.0019289 secs] [Times: user=0.01 sys=0.00, real=0.00 secs] 
1636.636: [GC (Allocation Failure) [PSYoungGen: 59264K->1408K(59904K)] 396844K->338988K(557056K), 0.0017797 secs] [Times: user=0.01 sys=0.00, real=0.00 secs] 
1636.970: [GC (Allocation Failure) [PSYoungGen: 59242K->1504K(59904K)] 396822K->339084K(557056K), 0.0015205 secs] [Times: user=0.01 sys=0.00, real=0.00 secs] 
1637.306: [GC (Allocation Failure) [PSYoungGen: 59360K->1568K(59904K)] 396940K->339164K(557056K), 0.0015995 secs] [Times: user=0.01 sys=0.00, real=0.00 secs] 
1637.644: [GC (Allocation Failure) [PSYoungGen: 59424K->1536K(59904K)] 397020K->339132K(557056K), 0.0015966 secs] [Times: user=0.01 sys=0.00, real=0.00 secs] 
1637.980: [GC (Allocation Failure) [PSYoungGen: 59392K->1533K(59904K)] 396988K->339130K(557056K), 0.0015029 secs] [Times: user=0.01 sys=0.00, real=0.00 secs] 
1638.331: [GC (Allocation Failure) [PSYoungGen: 59389K->1488K(59904K)] 396986K->339084K(557056K), 0.0018114 secs] [Times: user=0.01 sys=0.01, real=0.01 secs] 
1638.609: [GC (Allocation Failure) [PSYoungGen: 59344K->1376K(59904K)] 396940K->338972K(557056K), 0.0016182 secs] [Times: user=0.01 sys=0.00, real=0.00 secs] 
1638.849: [GC (Allocation Failure) [PSYoungGen: 59232K->1408K(59904K)] 396828K->339004K(557056K), 0.0017282 secs] [Times: user=0.01 sys=0.00, real=0.00 secs] 
1639.089: [GC (Allocation Failure) [PSYoungGen: 59264K->1408K(59904K)] 396860K->339004K(557056K), 0.0017890 secs] [Times: user=0.01 sys=0.00, real=0.00 secs] 
1639.330: [GC (Allocation Failure) [PSYoungGen: 59264K->1376K(59904K)] 396860K->338972K(557056K), 0.0018570 secs] [Times: user=0.00 sys=0.00, real=0.00 secs] 
1639.640: [GC (Allocation Failure) [PSYoungGen: 59226K->1424K(59904K)] 396823K->339020K(557056K), 0.0014440 secs] [Times: user=0.01 sys=0.00, real=0.00 secs] 
1639.977: [GC (Allocation Failure) [PSYoungGen: 59280K->1520K(59904K)] 396876K->339124K(557056K), 0.0016001 secs] [Times: user=0.00 sys=0.00, real=0.00 secs] 
1640.375: [GC (Allocation Failure) [PSYoungGen: 59376K->1565K(59904K)] 396980K->339170K(557056K), 0.0016910 secs] [Times: user=0.01 sys=0.00, real=0.00 secs] 
1640.714: [GC (Allocation Failure) [PSYoungGen: 59421K->1520K(59904K)] 397026K->339124K(557056K), 0.0017943 secs] [Times: user=0.01 sys=0.00, real=0.00 secs] 
1641.136: [GC (Allocation Failure) [PSYoungGen: 59376K->1504K(59904K)] 396980K->339108K(557056K), 0.0018881 secs] [Times: user=0.01 sys=0.00, real=0.00 secs] 
1641.479: [GC (Allocation Failure) [PSYoungGen: 59360K->1376K(59904K)] 396964K->338980K(557056K), 0.0018366 secs] [Times: user=0.01 sys=0.00, real=0.00 secs] 
1641.746: [GC (Allocation Failure) [PSYoungGen: 59232K->1408K(59904K)] 396836K->339012K(557056K), 0.0019505 secs] [Times: user=0.01 sys=0.00, real=0.00 secs] 
1642.022: [GC (Allocation Failure) [PSYoungGen: 59264K->1408K(59904K)] 396868K->339012K(557056K), 0.0019748 secs] [Times: user=0.01 sys=0.00, real=0.00 secs] 
1642.281: [GC (Allocation Failure) [PSYoungGen: 59264K->1408K(59904K)] 396868K->339012K(557056K), 0.0017941 secs] [Times: user=0.01 sys=0.00, real=0.01 secs] 
1642.594: [GC (Allocation Failure) [PSYoungGen: 59264K->1453K(59904K)] 396868K->339058K(557056K), 0.0015146 secs] [Times: user=0.01 sys=0.00, real=0.00 secs] 
1642.930: [GC (Allocation Failure) [PSYoungGen: 59309K->1552K(59904K)] 396914K->339172K(557056K), 0.0016379 secs] [Times: user=0.01 sys=0.00, real=0.01 secs] 
1643.332: [GC (Allocation Failure) [PSYoungGen: 59408K->1488K(59904K)] 397028K->339108K(557056K), 0.0017241 secs] [Times: user=0.00 sys=0.00, real=0.00 secs] 
1643.730: [GC (Allocation Failure) [PSYoungGen: 59344K->1549K(59904K)] 396964K->339170K(557056K), 0.0016487 secs] [Times: user=0.00 sys=0.00, real=0.01 secs] 
1644.120: [GC (Allocation Failure) [PSYoungGen: 59405K->2016K(59904K)] 397026K->339636K(557056K), 0.0019228 secs] [Times: user=0.01 sys=0.00, real=0.01 secs] 
1644.608: [GC (Allocation Failure) [PSYoungGen: 59872K->1296K(59904K)] 397492K->338916K(557056K), 0.0025825 secs] [Times: user=0.01 sys=0.00, real=0.00 secs] 
1645.108: [GC (Allocation Failure) [PSYoungGen: 59152K->1376K(59904K)] 396772K->338996K(557056K), 0.0019626 secs] [Times: user=0.01 sys=0.00, real=0.00 secs] 
1645.415: [GC (Allocation Failure) [PSYoungGen: 59232K->1376K(59904K)] 396852K->338996K(557056K), 0.0019916 secs] [Times: user=0.01 sys=0.00, real=0.00 secs] 
1645.819: [GC (Allocation Failure) [PSYoungGen: 59232K->1360K(59904K)] 396852K->338980K(557056K), 0.0018998 secs] [Times: user=0.01 sys=0.00, real=0.00 secs] 
1646.235: [GC (Allocation Failure) [PSYoungGen: 59216K->1456K(59904K)] 396836K->339076K(557056K), 0.0016486 secs] [Times: user=0.01 sys=0.00, real=0.00 secs] 
1646.634: [GC (Allocation Failure) [PSYoungGen: 59312K->1552K(59904K)] 396932K->339180K(557056K), 0.0015851 secs] [Times: user=0.00 sys=0.00, real=0.00 secs] 
1647.038: [GC (Allocation Failure) [PSYoungGen: 59394K->1549K(59904K)] 397022K->339178K(557056K), 0.0014771 secs] [Times: user=0.01 sys=0.00, real=0.00 secs] 
1647.401: [GC (Allocation Failure) [PSYoungGen: 59405K->1533K(59904K)] 397034K->339162K(557056K), 0.0016585 secs] [Times: user=0.01 sys=0.00, real=0.01 secs] 
1647.776: [GC (Allocation Failure) [PSYoungGen: 59389K->1632K(59904K)] 397018K->339260K(557056K), 0.0017398 secs] [Times: user=0.01 sys=0.00, real=0.00 secs] 
1648.319: [GC (Allocation Failure) [PSYoungGen: 59488K->1360K(59904K)] 397116K->338988K(557056K), 0.0032209 secs] [Times: user=0.02 sys=0.00, real=0.01 secs] 
1648.836: [GC (Allocation Failure) [PSYoungGen: 59216K->1408K(59904K)] 396844K->339036K(557056K), 0.0025390 secs] [Times: user=0.01 sys=0.00, real=0.00 secs] 
1649.353: [GC (Allocation Failure) [PSYoungGen: 59264K->1376K(59904K)] 396892K->339004K(557056K), 0.0024271 secs] [Times: user=0.01 sys=0.00, real=0.00 secs] 
1649.836: [GC (Allocation Failure) [PSYoungGen: 59232K->1408K(59904K)] 396860K->339036K(557056K), 0.0021786 secs] [Times: user=0.01 sys=0.00, real=0.00 secs] 
1650.366: [GC (Allocation Failure) [PSYoungGen: 59264K->1456K(59904K)] 396892K->339084K(557056K), 0.0018147 secs] [Times: user=0.01 sys=0.00, real=0.00 secs] 
1650.790: [GC (Allocation Failure) [PSYoungGen: 59290K->1488K(59904K)] 396919K->339124K(557056K), 0.0018190 secs] [Times: user=0.00 sys=0.00, real=0.01 secs] 
1651.129: [GC (Allocation Failure) [PSYoungGen: 59344K->1549K(59904K)] 396980K->339186K(557056K), 0.0016833 secs] [Times: user=0.01 sys=0.00, real=0.00 secs] 
1651.467: [GC (Allocation Failure) [PSYoungGen: 59405K->1549K(59904K)] 397042K->339186K(557056K), 0.0017544 secs] [Times: user=0.01 sys=0.00, real=0.00 secs] 
1651.806: [GC (Allocation Failure) [PSYoungGen: 59405K->1520K(59904K)] 397042K->339156K(557056K), 0.0015941 secs] [Times: user=0.01 sys=0.00, real=0.00 secs] 
1652.678: [GC (Allocation Failure) [PSYoungGen: 59376K->1376K(59904K)] 397012K->339012K(557056K), 0.0028005 secs] [Times: user=0.01 sys=0.00, real=0.00 secs] 
1653.668: [GC (Allocation Failure) [PSYoungGen: 59232K->1376K(59904K)] 396868K->339012K(557056K), 0.0033037 secs] [Times: user=0.02 sys=0.00, real=0.00 secs] 
1654.931: [GC (Allocation Failure) [PSYoungGen: 59232K->1344K(59904K)] 396868K->338980K(557056K), 0.0033438 secs] [Times: user=0.02 sys=0.00, real=0.01 secs] 
1655.830: [GC (Allocation Failure) [PSYoungGen: 59200K->1376K(59904K)] 396836K->339012K(557056K), 0.0035503 secs] [Times: user=0.01 sys=0.00, real=0.01 secs] 
1656.648: [GC (Allocation Failure) [PSYoungGen: 59232K->1456K(59904K)] 396868K->339092K(557056K), 0.0022375 secs] [Times: user=0.01 sys=0.00, real=0.00 secs] 
1657.025: [GC (Allocation Failure) [PSYoungGen: 59312K->1520K(59904K)] 396948K->339164K(557056K), 0.0016985 secs] [Times: user=0.01 sys=0.00, real=0.00 secs] 
1657.369: [GC (Allocation Failure) [PSYoungGen: 59376K->1520K(59904K)] 397020K->339188K(557056K), 0.0015302 secs] [Times: user=0.01 sys=0.00, real=0.00 secs] 
1657.710: [GC (Allocation Failure) [PSYoungGen: 59376K->1552K(59904K)] 397044K->339220K(557056K), 0.0015816 secs] [Times: user=0.01 sys=0.00, real=0.01 secs] 
1658.046: [GC (Allocation Failure) [PSYoungGen: 59408K->1552K(59904K)] 397076K->339220K(557056K), 0.0016225 secs] [Times: user=0.00 sys=0.00, real=0.00 secs] 
1659.409: [GC (Allocation Failure) [PSYoungGen: 59408K->1376K(59904K)] 397076K->339044K(557056K), 0.0034473 secs] [Times: user=0.01 sys=0.01, real=0.01 secs] 
1660.104: [GC (Allocation Failure) [PSYoungGen: 59232K->1360K(59904K)] 396900K->339028K(557056K), 0.0035096 secs] [Times: user=0.01 sys=0.01, real=0.00 secs] 
1660.846: [GC (Allocation Failure) [PSYoungGen: 59216K->1392K(59904K)] 396884K->339060K(557056K), 0.0027841 secs] [Times: user=0.01 sys=0.00, real=0.00 secs] 
1661.470: [GC (Allocation Failure) [PSYoungGen: 59248K->1376K(59904K)] 396916K->339044K(557056K), 0.0030111 secs] [Times: user=0.01 sys=0.00, real=0.01 secs] 
1662.043: [GC (Allocation Failure) [PSYoungGen: 59232K->1488K(59904K)] 396900K->339156K(557056K), 0.0022982 secs] [Times: user=0.01 sys=0.00, real=0.00 secs] 
1662.432: [GC (Allocation Failure) [PSYoungGen: 59342K->1565K(59904K)] 397011K->339234K(557056K), 0.0015661 secs] [Times: user=0.00 sys=0.00, real=0.00 secs] 
1662.769: [GC (Allocation Failure) [PSYoungGen: 59421K->1536K(59904K)] 397090K->339220K(557056K), 0.0015739 secs] [Times: user=0.00 sys=0.00, real=0.00 secs] 
1663.104: [GC (Allocation Failure) [PSYoungGen: 59392K->1552K(59904K)] 397076K->339236K(557056K), 0.0015224 secs] [Times: user=0.01 sys=0.00, real=0.00 secs] 
1663.442: [GC (Allocation Failure) [PSYoungGen: 59408K->1520K(59904K)] 397092K->339204K(557056K), 0.0017036 secs] [Times: user=0.01 sys=0.00, real=0.00 secs] 
1663.978: [GC (Allocation Failure) [PSYoungGen: 59376K->1456K(59904K)] 397060K->339140K(557056K), 0.0018170 secs] [Times: user=0.00 sys=0.00, real=0.00 secs] 
1664.496: [GC (Allocation Failure) [PSYoungGen: 59312K->1376K(59904K)] 396996K->339060K(557056K), 0.0031663 secs] [Times: user=0.01 sys=0.00, real=0.00 secs] 
1664.963: [GC (Allocation Failure) [PSYoungGen: 59232K->1376K(59904K)] 396916K->339060K(557056K), 0.0022846 secs] [Times: user=0.01 sys=0.00, real=0.00 secs] 
1665.415: [GC (Allocation Failure) [PSYoungGen: 59232K->1408K(59904K)] 396916K->339092K(557056K), 0.0020572 secs] [Times: user=0.01 sys=0.00, real=0.00 secs] 
1665.923: [GC (Allocation Failure) [PSYoungGen: 59264K->1408K(59904K)] 396948K->339092K(557056K), 0.0023384 secs] [Times: user=0.01 sys=0.00, real=0.00 secs] 
1666.386: [GC (Allocation Failure) [PSYoungGen: 59264K->1552K(59904K)] 396948K->339236K(557056K), 0.0016134 secs] [Times: user=0.01 sys=0.00, real=0.00 secs] 
1666.726: [GC (Allocation Failure) [PSYoungGen: 59406K->1552K(59904K)] 397091K->339260K(557056K), 0.0015349 secs] [Times: user=0.01 sys=0.00, real=0.00 secs] 
1667.063: [GC (Allocation Failure) [PSYoungGen: 59408K->1597K(59904K)] 397116K->339306K(557056K), 0.0015976 secs] [Times: user=0.00 sys=0.00, real=0.00 secs] 
1667.399: [GC (Allocation Failure) [PSYoungGen: 59453K->1517K(59904K)] 397162K->339226K(557056K), 0.0015079 secs] [Times: user=0.00 sys=0.00, real=0.00 secs] 
1667.726: [GC (Allocation Failure) [PSYoungGen: 59373K->1440K(59904K)] 397082K->339148K(557056K), 0.0017181 secs] [Times: user=0.00 sys=0.00, real=0.00 secs] 
1667.996: [GC (Allocation Failure) [PSYoungGen: 59296K->1376K(59904K)] 397004K->339084K(557056K), 0.0018595 secs] [Times: user=0.00 sys=0.00, real=0.00 secs] 
1668.269: [GC (Allocation Failure) [PSYoungGen: 59232K->1408K(59904K)] 396940K->339116K(557056K), 0.0031650 secs] [Times: user=0.01 sys=0.00, real=0.01 secs] 
1668.574: [GC (Allocation Failure) [PSYoungGen: 59264K->1344K(59904K)] 396972K->339052K(557056K), 0.0027014 secs] [Times: user=0.01 sys=0.00, real=0.00 secs] 
1668.860: [GC (Allocation Failure) [PSYoungGen: 59200K->1376K(59904K)] 396908K->339084K(557056K), 0.0019857 secs] [Times: user=0.00 sys=0.00, real=0.01 secs] 
1669.229: [GC (Allocation Failure) [PSYoungGen: 59232K->1533K(59904K)] 396940K->339242K(557056K), 0.0015860 secs] [Times: user=0.01 sys=0.00, real=0.00 secs] 
1669.567: [GC (Allocation Failure) [PSYoungGen: 59389K->1520K(59904K)] 397098K->339244K(557056K), 0.0016473 secs] [Times: user=0.00 sys=0.00, real=0.00 secs] 
1669.905: [GC (Allocation Failure) [PSYoungGen: 59376K->1520K(59904K)] 397100K->339244K(557056K), 0.0015646 secs] [Times: user=0.00 sys=0.00, real=0.00 secs] 
1670.240: [GC (Allocation Failure) [PSYoungGen: 59376K->1520K(59904K)] 397100K->339244K(557056K), 0.0015769 secs] [Times: user=0.01 sys=0.00, real=0.00 secs] 
1672.207: [GC (Allocation Failure) [PSYoungGen: 59376K->1408K(59904K)] 397100K->339132K(557056K), 0.0028540 secs] [Times: user=0.01 sys=0.00, real=0.00 secs] 
1673.637: [GC (Allocation Failure) [PSYoungGen: 59264K->1376K(59904K)] 396988K->339100K(557056K), 0.0032044 secs] [Times: user=0.01 sys=0.00, real=0.00 secs] 
1674.176: [GC (Allocation Failure) [PSYoungGen: 59232K->1376K(59904K)] 396956K->339100K(557056K), 0.0022078 secs] [Times: user=0.01 sys=0.00, real=0.00 secs] 
1674.678: [GC (Allocation Failure) [PSYoungGen: 59232K->1344K(59904K)] 396956K->339068K(557056K), 0.0023012 secs] [Times: user=0.00 sys=0.01, real=0.00 secs] 
1674.919: [GC (Allocation Failure) [PSYoungGen: 59200K->1344K(59904K)] 396924K->339068K(557056K), 0.0018238 secs] [Times: user=0.00 sys=0.00, real=0.00 secs] 
1675.258: [GC (Allocation Failure) [PSYoungGen: 59200K->1488K(59904K)] 396924K->339212K(557056K), 0.0016476 secs] [Times: user=0.01 sys=0.00, real=0.00 secs] 
1675.597: [GC (Allocation Failure) [PSYoungGen: 59344K->1517K(59904K)] 397068K->339258K(557056K), 0.0015999 secs] [Times: user=0.01 sys=0.00, real=0.00 secs] 
1675.934: [GC (Allocation Failure) [PSYoungGen: 59356K->1552K(59904K)] 397097K->339292K(557056K), 0.0014802 secs] [Times: user=0.00 sys=0.00, real=0.00 secs] 
1676.272: [GC (Allocation Failure) [PSYoungGen: 59408K->1552K(59904K)] 397148K->339316K(557056K), 0.0017075 secs] [Times: user=0.01 sys=0.00, real=0.00 secs] 
1677.088: [GC (Allocation Failure) [PSYoungGen: 59408K->1440K(59904K)] 397172K->339204K(557056K), 0.0022242 secs] [Times: user=0.01 sys=0.00, real=0.00 secs] 
1677.628: [GC (Allocation Failure) [PSYoungGen: 59296K->1376K(59904K)] 397060K->339140K(557056K), 0.0019456 secs] [Times: user=0.01 sys=0.00, real=0.00 secs] 
1678.220: [GC (Allocation Failure) [PSYoungGen: 59232K->1376K(59904K)] 396996K->339140K(557056K), 0.0023850 secs] [Times: user=0.00 sys=0.00, real=0.01 secs] 
1678.746: [GC (Allocation Failure) [PSYoungGen: 59232K->1408K(59904K)] 396996K->339172K(557056K), 0.0022910 secs] [Times: user=0.01 sys=0.00, real=0.00 secs] 
1679.338: [GC (Allocation Failure) [PSYoungGen: 59264K->1408K(59904K)] 397028K->339172K(557056K), 0.0026181 secs] [Times: user=0.01 sys=0.00, real=0.00 secs] 
1679.846: [GC (Allocation Failure) [PSYoungGen: 59251K->1488K(59904K)] 397016K->339252K(557056K), 0.0015844 secs] [Times: user=0.01 sys=0.00, real=0.00 secs] 
1680.182: [GC (Allocation Failure) [PSYoungGen: 59344K->1552K(59904K)] 397108K->339324K(557056K), 0.0015991 secs] [Times: user=0.01 sys=0.00, real=0.00 secs] 
1680.519: [GC (Allocation Failure) [PSYoungGen: 59408K->1533K(59904K)] 397180K->339306K(557056K), 0.0016076 secs] [Times: user=0.01 sys=0.00, real=0.00 secs] 
1680.854: [GC (Allocation Failure) [PSYoungGen: 59389K->1552K(59904K)] 397162K->339324K(557056K), 0.0016869 secs] [Times: user=0.00 sys=0.00, real=0.00 secs] 
1681.337: [GC (Allocation Failure) [PSYoungGen: 59408K->1472K(59904K)] 397180K->339244K(557056K), 0.0018217 secs] [Times: user=0.01 sys=0.00, real=0.00 secs] 
1681.634: [GC (Allocation Failure) [PSYoungGen: 59328K->1408K(59904K)] 397100K->339180K(557056K), 0.0018346 secs] [Times: user=0.01 sys=0.00, real=0.00 secs] 
1681.922: [GC (Allocation Failure) [PSYoungGen: 59264K->1376K(59904K)] 397036K->339148K(557056K), 0.0030558 secs] [Times: user=0.01 sys=0.00, real=0.00 secs] 
1682.318: [GC (Allocation Failure) [PSYoungGen: 59232K->1376K(59904K)] 397004K->339148K(557056K), 0.0024722 secs] [Times: user=0.01 sys=0.00, real=0.00 secs] 
1682.727: [GC (Allocation Failure) [PSYoungGen: 59232K->1376K(59904K)] 397004K->339148K(557056K), 0.0026504 secs] [Times: user=0.01 sys=0.00, real=0.00 secs] 
1683.213: [GC (Allocation Failure) [PSYoungGen: 59232K->1488K(59904K)] 397004K->339260K(557056K), 0.0016223 secs] [Times: user=0.01 sys=0.00, real=0.00 secs] 
1683.551: [GC (Allocation Failure) [PSYoungGen: 59336K->1552K(59904K)] 397109K->339332K(557056K), 0.0016620 secs] [Times: user=0.01 sys=0.00, real=0.01 secs] 
1683.888: [GC (Allocation Failure) [PSYoungGen: 59408K->1533K(59904K)] 397188K->339314K(557056K), 0.0016093 secs] [Times: user=0.00 sys=0.00, real=0.00 secs] 
1684.224: [GC (Allocation Failure) [PSYoungGen: 59389K->1565K(59904K)] 397170K->339354K(557056K), 0.0015843 secs] [Times: user=0.00 sys=0.00, real=0.00 secs] 
1684.543: [GC (Allocation Failure) [PSYoungGen: 59421K->1472K(59904K)] 397210K->339260K(557056K), 0.0020313 secs] [Times: user=0.01 sys=0.00, real=0.00 secs] 
1684.794: [GC (Allocation Failure) [PSYoungGen: 59328K->1376K(59904K)] 397116K->339164K(557056K), 0.0021854 secs] [Times: user=0.01 sys=0.00, real=0.00 secs] 
1685.027: [GC (Allocation Failure) [PSYoungGen: 59232K->1376K(59904K)] 397020K->339164K(557056K), 0.0017973 secs] [Times: user=0.01 sys=0.00, real=0.00 secs] 
1685.354: [GC (Allocation Failure) [PSYoungGen: 59232K->1376K(59904K)] 397020K->339164K(557056K), 0.0017705 secs] [Times: user=0.01 sys=0.00, real=0.00 secs] 
1685.833: [GC (Allocation Failure) [PSYoungGen: 59232K->1392K(59904K)] 397020K->339180K(557056K), 0.0021251 secs] [Times: user=0.01 sys=0.00, real=0.00 secs] 
1686.263: [GC (Allocation Failure) [PSYoungGen: 59248K->1485K(59904K)] 397036K->339274K(557056K), 0.0014835 secs] [Times: user=0.01 sys=0.00, real=0.00 secs] 
1686.601: [GC (Allocation Failure) [PSYoungGen: 59321K->1552K(59904K)] 397109K->339348K(557056K), 0.0015340 secs] [Times: user=0.01 sys=0.00, real=0.01 secs] 
1686.941: [GC (Allocation Failure) [PSYoungGen: 59408K->1568K(59904K)] 397204K->339364K(557056K), 0.0015424 secs] [Times: user=0.01 sys=0.00, real=0.01 secs] 
1687.278: [GC (Allocation Failure) [PSYoungGen: 59424K->1520K(59904K)] 397220K->339316K(557056K), 0.0015581 secs] [Times: user=0.00 sys=0.00, real=0.00 secs] 
1688.002: [GC (Allocation Failure) [PSYoungGen: 59376K->1440K(59904K)] 397172K->339236K(557056K), 0.0034691 secs] [Times: user=0.01 sys=0.00, real=0.01 secs] 
1688.832: [GC (Allocation Failure) [PSYoungGen: 59296K->1328K(59904K)] 397092K->339124K(557056K), 0.0025185 secs] [Times: user=0.01 sys=0.00, real=0.00 secs] 
1689.591: [GC (Allocation Failure) [PSYoungGen: 59184K->1392K(59904K)] 396980K->339188K(557056K), 0.0027903 secs] [Times: user=0.01 sys=0.00, real=0.01 secs] 
1690.504: [GC (Allocation Failure) [PSYoungGen: 59248K->1376K(59904K)] 397044K->339172K(557056K), 0.0028017 secs] [Times: user=0.01 sys=0.00, real=0.00 secs] 
1690.941: [GC (Allocation Failure) [PSYoungGen: 59232K->1408K(59904K)] 397028K->339204K(557056K), 0.0026173 secs] [Times: user=0.00 sys=0.00, real=0.01 secs] 
1691.420: [GC (Allocation Failure) [PSYoungGen: 59264K->1520K(59904K)] 397060K->339316K(557056K), 0.0014724 secs] [Times: user=0.01 sys=0.00, real=0.00 secs] 
1691.756: [GC (Allocation Failure) [PSYoungGen: 59376K->1552K(59904K)] 397172K->339356K(557056K), 0.0016400 secs] [Times: user=0.01 sys=0.00, real=0.00 secs] 
1692.155: [GC (Allocation Failure) [PSYoungGen: 59408K->1520K(59904K)] 397212K->339324K(557056K), 0.0015667 secs] [Times: user=0.01 sys=0.00, real=0.00 secs] 
1692.492: [GC (Allocation Failure) [PSYoungGen: 59376K->1552K(59904K)] 397180K->339356K(557056K), 0.0016711 secs] [Times: user=0.01 sys=0.00, real=0.01 secs] 
1693.959: [GC (Allocation Failure) [PSYoungGen: 59408K->1472K(59904K)] 397212K->339276K(557056K), 0.0039282 secs] [Times: user=0.01 sys=0.01, real=0.01 secs] 
1694.624: [GC (Allocation Failure) [PSYoungGen: 59328K->1376K(59904K)] 397132K->339180K(557056K), 0.0026804 secs] [Times: user=0.01 sys=0.00, real=0.00 secs] 
1695.311: [GC (Allocation Failure) [PSYoungGen: 59232K->1344K(59904K)] 397036K->339148K(557056K), 0.0032835 secs] [Times: user=0.01 sys=0.00, real=0.01 secs] 
1695.816: [GC (Allocation Failure) [PSYoungGen: 59200K->1392K(59904K)] 397004K->339196K(557056K), 0.0029951 secs] [Times: user=0.01 sys=0.00, real=0.00 secs] 
1696.308: [GC (Allocation Failure) [PSYoungGen: 59248K->1328K(59904K)] 397052K->339132K(557056K), 0.0023785 secs] [Times: user=0.01 sys=0.00, real=0.00 secs] 
1696.821: [GC (Allocation Failure) [PSYoungGen: 59154K->1488K(59904K)] 396959K->339300K(557056K), 0.0014887 secs] [Times: user=0.01 sys=0.00, real=0.01 secs] 
1697.161: [GC (Allocation Failure) [PSYoungGen: 59344K->1552K(59904K)] 397156K->339380K(557056K), 0.0016080 secs] [Times: user=0.01 sys=0.00, real=0.01 secs] 
1697.499: [GC (Allocation Failure) [PSYoungGen: 59408K->1552K(59904K)] 397236K->339388K(557056K), 0.0017228 secs] [Times: user=0.00 sys=0.00, real=0.00 secs] 
1697.836: [GC (Allocation Failure) [PSYoungGen: 59408K->1501K(59904K)] 397244K->339338K(557056K), 0.0015926 secs] [Times: user=0.00 sys=0.00, real=0.00 secs] 
1698.164: [GC (Allocation Failure) [PSYoungGen: 59357K->1488K(59904K)] 397194K->339332K(557056K), 0.0017298 secs] [Times: user=0.00 sys=0.00, real=0.00 secs] 
1698.420: [GC (Allocation Failure) [PSYoungGen: 59344K->1376K(59904K)] 397188K->339220K(557056K), 0.0017038 secs] [Times: user=0.01 sys=0.00, real=0.01 secs] 
1698.660: [GC (Allocation Failure) [PSYoungGen: 59232K->1376K(59904K)] 397076K->339220K(557056K), 0.0015995 secs] [Times: user=0.00 sys=0.00, real=0.01 secs] 
1698.900: [GC (Allocation Failure) [PSYoungGen: 59232K->1360K(59904K)] 397076K->339204K(557056K), 0.0015505 secs] [Times: user=0.01 sys=0.00, real=0.00 secs] 
1699.146: [GC (Allocation Failure) [PSYoungGen: 59216K->1312K(59904K)] 397060K->339156K(557056K), 0.0030975 secs] [Times: user=0.02 sys=0.00, real=0.00 secs] 
1699.454: [GC (Allocation Failure) [PSYoungGen: 59164K->1488K(59904K)] 397009K->339332K(557056K), 0.0015312 secs] [Times: user=0.01 sys=0.00, real=0.00 secs] 
1699.791: [GC (Allocation Failure) [PSYoungGen: 59344K->1536K(59904K)] 397188K->339388K(557056K), 0.0015880 secs] [Times: user=0.01 sys=0.00, real=0.01 secs] 
1700.190: [GC (Allocation Failure) [PSYoungGen: 59392K->1488K(59904K)] 397244K->339340K(557056K), 0.0017104 secs] [Times: user=0.01 sys=0.00, real=0.01 secs] 
1700.528: [GC (Allocation Failure) [PSYoungGen: 59344K->1552K(59904K)] 397196K->339404K(557056K), 0.0015684 secs] [Times: user=0.00 sys=0.00, real=0.00 secs] 
1700.920: [GC (Allocation Failure) [PSYoungGen: 59408K->1968K(59904K)] 397260K->339820K(557056K), 0.0018484 secs] [Times: user=0.00 sys=0.00, real=0.01 secs] 
1701.419: [GC (Allocation Failure) [PSYoungGen: 59824K->1376K(59904K)] 397676K->339228K(557056K), 0.0020611 secs] [Times: user=0.01 sys=0.00, real=0.00 secs] 
1701.659: [GC (Allocation Failure) [PSYoungGen: 59232K->1376K(59904K)] 397084K->339228K(557056K), 0.0019404 secs] [Times: user=0.00 sys=0.00, real=0.00 secs] 
1701.900: [GC (Allocation Failure) [PSYoungGen: 59232K->1376K(59904K)] 397084K->339228K(557056K), 0.0018023 secs] [Times: user=0.00 sys=0.00, real=0.00 secs] 
1702.292: [GC (Allocation Failure) [PSYoungGen: 59232K->1376K(59904K)] 397084K->339228K(557056K), 0.0016652 secs] [Times: user=0.00 sys=0.00, real=0.00 secs] 
1702.797: [GC (Allocation Failure) [PSYoungGen: 59220K->1453K(59904K)] 397073K->339306K(557056K), 0.0015982 secs] [Times: user=0.00 sys=0.00, real=0.00 secs] 
1703.132: [GC (Allocation Failure) [PSYoungGen: 59309K->1552K(59904K)] 397162K->339420K(557056K), 0.0016234 secs] [Times: user=0.01 sys=0.00, real=0.00 secs] 
1703.471: [GC (Allocation Failure) [PSYoungGen: 59385K->1552K(59904K)] 397254K->339420K(557056K), 0.0016014 secs] [Times: user=0.01 sys=0.00, real=0.01 secs] 
1703.871: [GC (Allocation Failure) [PSYoungGen: 59408K->1517K(59904K)] 397276K->339386K(557056K), 0.0016803 secs] [Times: user=0.01 sys=0.00, real=0.01 secs] 
1704.311: [GC (Allocation Failure) [PSYoungGen: 59373K->1568K(59904K)] 397242K->339436K(557056K), 0.0018077 secs] [Times: user=0.01 sys=0.00, real=0.01 secs] 
1704.576: [GC (Allocation Failure) [PSYoungGen: 59424K->1344K(59904K)] 397292K->339212K(557056K), 0.0021751 secs] [Times: user=0.01 sys=0.00, real=0.00 secs] 
1704.867: [GC (Allocation Failure) [PSYoungGen: 59200K->1344K(59904K)] 397068K->339212K(557056K), 0.0019896 secs] [Times: user=0.01 sys=0.00, real=0.00 secs] 
1705.198: [GC (Allocation Failure) [PSYoungGen: 59200K->1376K(59904K)] 397068K->339244K(557056K), 0.0017644 secs] [Times: user=0.01 sys=0.00, real=0.00 secs] 
1705.641: [GC (Allocation Failure) [PSYoungGen: 59232K->1408K(59904K)] 397100K->339276K(557056K), 0.0017838 secs] [Times: user=0.01 sys=0.00, real=0.01 secs] 
1706.314: [GC (Allocation Failure) [PSYoungGen: 59264K->1424K(59904K)] 397132K->339292K(557056K), 0.0022231 secs] [Times: user=0.00 sys=0.00, real=0.00 secs] 
1706.694: [GC (Allocation Failure) [PSYoungGen: 59280K->1488K(59904K)] 397148K->339364K(557056K), 0.0017184 secs] [Times: user=0.00 sys=0.00, real=0.00 secs] 
1707.035: [GC (Allocation Failure) [PSYoungGen: 59344K->1568K(59904K)] 397220K->339452K(557056K), 0.0015772 secs] [Times: user=0.00 sys=0.00, real=0.00 secs] 
1707.371: [GC (Allocation Failure) [PSYoungGen: 59424K->1565K(59904K)] 397308K->339450K(557056K), 0.0016820 secs] [Times: user=0.01 sys=0.00, real=0.01 secs] 
1707.707: [GC (Allocation Failure) [PSYoungGen: 59421K->1520K(59904K)] 397306K->339404K(557056K), 0.0016445 secs] [Times: user=0.01 sys=0.00, real=0.00 secs] 
1708.451: [GC (Allocation Failure) [PSYoungGen: 59376K->1408K(59904K)] 397260K->339292K(557056K), 0.0027725 secs] [Times: user=0.01 sys=0.00, real=0.01 secs] 
1709.186: [GC (Allocation Failure) [PSYoungGen: 59264K->1408K(59904K)] 397148K->339292K(557056K), 0.0026770 secs] [Times: user=0.01 sys=0.00, real=0.00 secs] 
1709.709: [GC (Allocation Failure) [PSYoungGen: 59264K->1376K(59904K)] 397148K->339260K(557056K), 0.0036390 secs] [Times: user=0.01 sys=0.01, real=0.01 secs] 
1710.206: [GC (Allocation Failure) [PSYoungGen: 59232K->1440K(59904K)] 397116K->339324K(557056K), 0.0023226 secs] [Times: user=0.01 sys=0.00, real=0.00 secs] 
1710.491: [GC (Allocation Failure) [PSYoungGen: 59296K->1437K(59904K)] 397180K->339322K(557056K), 0.0017574 secs] [Times: user=0.00 sys=0.00, real=0.01 secs] 
1710.910: [GC (Allocation Failure) [PSYoungGen: 59293K->1533K(59904K)] 397178K->339434K(557056K), 0.0015315 secs] [Times: user=0.01 sys=0.00, real=0.01 secs] 
1711.304: [GC (Allocation Failure) [PSYoungGen: 59382K->1552K(59904K)] 397283K->339452K(557056K), 0.0016852 secs] [Times: user=0.01 sys=0.00, real=0.00 secs] 
1711.701: [GC (Allocation Failure) [PSYoungGen: 59408K->1552K(59904K)] 397308K->339452K(557056K), 0.0016394 secs] [Times: user=0.01 sys=0.00, real=0.01 secs] 
1712.040: [GC (Allocation Failure) [PSYoungGen: 59408K->1584K(59904K)] 397308K->339484K(557056K), 0.0015920 secs] [Times: user=0.01 sys=0.00, real=0.01 secs] 
1712.510: [GC (Allocation Failure) [PSYoungGen: 59440K->1376K(59904K)] 397340K->339276K(557056K), 0.0035565 secs] [Times: user=0.02 sys=0.00, real=0.01 secs] 
1712.948: [GC (Allocation Failure) [PSYoungGen: 59232K->1376K(59904K)] 397132K->339276K(557056K), 0.0025731 secs] [Times: user=0.01 sys=0.00, real=0.00 secs] 
1713.380: [GC (Allocation Failure) [PSYoungGen: 59232K->1344K(59904K)] 397132K->339244K(557056K), 0.0026966 secs] [Times: user=0.01 sys=0.00, real=0.01 secs] 
1713.869: [GC (Allocation Failure) [PSYoungGen: 59200K->1360K(59904K)] 397100K->339260K(557056K), 0.0023394 secs] [Times: user=0.00 sys=0.00, real=0.01 secs] 
1714.373: [GC (Allocation Failure) [PSYoungGen: 59216K->1456K(59904K)] 397116K->339356K(557056K), 0.0021341 secs] [Times: user=0.01 sys=0.00, real=0.00 secs] 
1714.745: [GC (Allocation Failure) [PSYoungGen: 59312K->1565K(59904K)] 397212K->339466K(557056K), 0.0015900 secs] [Times: user=0.01 sys=0.00, real=0.00 secs] 
1715.083: [GC (Allocation Failure) [PSYoungGen: 59421K->1581K(59904K)] 397322K->339506K(557056K), 0.0015323 secs] [Times: user=0.00 sys=0.00, real=0.00 secs] 
1715.420: [GC (Allocation Failure) [PSYoungGen: 59437K->1568K(59904K)] 397362K->339492K(557056K), 0.0015282 secs] [Times: user=0.00 sys=0.00, real=0.00 secs] 
1715.755: [GC (Allocation Failure) [PSYoungGen: 59424K->1533K(59904K)] 397348K->339458K(557056K), 0.0015028 secs] [Times: user=0.01 sys=0.00, real=0.00 secs] 
1716.147: [GC (Allocation Failure) [PSYoungGen: 59389K->1360K(59904K)] 397314K->339284K(557056K), 0.0018644 secs] [Times: user=0.01 sys=0.00, real=0.00 secs] 
1716.543: [GC (Allocation Failure) [PSYoungGen: 59216K->1408K(59904K)] 397140K->339332K(557056K), 0.0017557 secs] [Times: user=0.01 sys=0.01, real=0.00 secs] 
1716.994: [GC (Allocation Failure) [PSYoungGen: 59264K->1328K(59904K)] 397188K->339252K(557056K), 0.0019305 secs] [Times: user=0.01 sys=0.00, real=0.00 secs] 
1717.455: [GC (Allocation Failure) [PSYoungGen: 59184K->1376K(59904K)] 397108K->339300K(557056K), 0.0020522 secs] [Times: user=0.01 sys=0.00, real=0.00 secs] 
1718.019: [GC (Allocation Failure) [PSYoungGen: 59232K->1408K(59904K)] 397156K->339332K(557056K), 0.0020949 secs] [Times: user=0.01 sys=0.00, real=0.00 secs] 
1718.420: [GC (Allocation Failure) [PSYoungGen: 59264K->1568K(59904K)] 397188K->339492K(557056K), 0.0016224 secs] [Times: user=0.01 sys=0.00, real=0.01 secs] 
1718.761: [GC (Allocation Failure) [PSYoungGen: 59413K->1584K(59904K)] 397338K->339540K(557056K), 0.0015948 secs] [Times: user=0.01 sys=0.00, real=0.01 secs] 
1719.107: [GC (Allocation Failure) [PSYoungGen: 59440K->1584K(59904K)] 397396K->339540K(557056K), 0.0016920 secs] [Times: user=0.00 sys=0.00, real=0.00 secs] 
1719.443: [GC (Allocation Failure) [PSYoungGen: 59440K->1584K(59904K)] 397396K->339540K(557056K), 0.0016982 secs] [Times: user=0.01 sys=0.00, real=0.00 secs] 
1719.972: [GC (Allocation Failure) [PSYoungGen: 59440K->1344K(59904K)] 397396K->339300K(557056K), 0.0018660 secs] [Times: user=0.01 sys=0.00, real=0.00 secs] 
1720.478: [GC (Allocation Failure) [PSYoungGen: 59200K->1344K(59904K)] 397156K->339300K(557056K), 0.0033851 secs] [Times: user=0.01 sys=0.00, real=0.01 secs] 
1721.334: [GC (Allocation Failure) [PSYoungGen: 59200K->1344K(59904K)] 397156K->339300K(557056K), 0.0040801 secs] [Times: user=0.02 sys=0.00, real=0.00 secs] 
1722.051: [GC (Allocation Failure) [PSYoungGen: 59200K->1376K(59904K)] 397156K->339332K(557056K), 0.0037547 secs] [Times: user=0.01 sys=0.00, real=0.01 secs] 
1722.700: [GC (Allocation Failure) [PSYoungGen: 59232K->1376K(59904K)] 397188K->339332K(557056K), 0.0028823 secs] [Times: user=0.01 sys=0.00, real=0.01 secs] 
1723.189: [GC (Allocation Failure) [PSYoungGen: 59214K->1488K(59904K)] 397171K->339444K(557056K), 0.0016329 secs] [Times: user=0.01 sys=0.00, real=0.00 secs] 
1723.527: [GC (Allocation Failure) [PSYoungGen: 59344K->1584K(59904K)] 397300K->339556K(557056K), 0.0015780 secs] [Times: user=0.01 sys=0.00, real=0.00 secs] 
1723.864: [GC (Allocation Failure) [PSYoungGen: 59440K->1520K(59904K)] 397412K->339492K(557056K), 0.0015860 secs] [Times: user=0.01 sys=0.00, real=0.00 secs] 
1724.199: [GC (Allocation Failure) [PSYoungGen: 59376K->1501K(59904K)] 397348K->339474K(557056K), 0.0016189 secs] [Times: user=0.00 sys=0.00, real=0.00 secs] 
1724.845: [GC (Allocation Failure) [PSYoungGen: 59357K->1408K(59904K)] 397330K->339380K(557056K), 0.0018828 secs] [Times: user=0.00 sys=0.00, real=0.00 secs] 
1725.328: [GC (Allocation Failure) [PSYoungGen: 59264K->1376K(59904K)] 397236K->339348K(557056K), 0.0032537 secs] [Times: user=0.01 sys=0.00, real=0.00 secs] 
1725.846: [GC (Allocation Failure) [PSYoungGen: 59232K->1360K(59904K)] 397204K->339348K(557056K), 0.0026765 secs] [Times: user=0.01 sys=0.00, real=0.00 secs] 
1726.236: [GC (Allocation Failure) [PSYoungGen: 59216K->1376K(59904K)] 397204K->339364K(557056K), 0.0037329 secs] [Times: user=0.02 sys=0.00, real=0.00 secs] 
1726.476: [GC (Allocation Failure) [PSYoungGen: 59232K->1344K(59904K)] 397220K->339332K(557056K), 0.0019392 secs] [Times: user=0.01 sys=0.00, real=0.00 secs] 
1726.817: [GC (Allocation Failure) [PSYoungGen: 59200K->1520K(59904K)] 397188K->339508K(557056K), 0.0016217 secs] [Times: user=0.01 sys=0.00, real=0.00 secs] 
1727.162: [GC (Allocation Failure) [PSYoungGen: 59376K->1520K(59904K)] 397364K->339516K(557056K), 0.0015910 secs] [Times: user=0.00 sys=0.00, real=0.01 secs] 
1727.560: [GC (Allocation Failure) [PSYoungGen: 59361K->1520K(59904K)] 397358K->339516K(557056K), 0.0016476 secs] [Times: user=0.01 sys=0.00, real=0.00 secs] 
1727.953: [GC (Allocation Failure) [PSYoungGen: 59376K->1533K(59904K)] 397372K->339530K(557056K), 0.0017269 secs] [Times: user=0.01 sys=0.00, real=0.00 secs] 
1728.426: [GC (Allocation Failure) [PSYoungGen: 59389K->1376K(59904K)] 397386K->339372K(557056K), 0.0033443 secs] [Times: user=0.01 sys=0.00, real=0.00 secs] 
1729.095: [GC (Allocation Failure) [PSYoungGen: 59232K->1376K(59904K)] 397228K->339372K(557056K), 0.0088340 secs] [Times: user=0.03 sys=0.01, real=0.01 secs] 
1729.700: [GC (Allocation Failure) [PSYoungGen: 59232K->1376K(59904K)] 397228K->339372K(557056K), 0.0032340 secs] [Times: user=0.01 sys=0.00, real=0.01 secs] 
1730.142: [GC (Allocation Failure) [PSYoungGen: 59232K->1312K(59904K)] 397228K->339308K(557056K), 0.0021710 secs] [Times: user=0.01 sys=0.00, real=0.00 secs] 
1730.585: [GC (Allocation Failure) [PSYoungGen: 59168K->1344K(59904K)] 397164K->339340K(557056K), 0.0038206 secs] [Times: user=0.01 sys=0.00, real=0.00 secs] 
1731.040: [GC (Allocation Failure) [PSYoungGen: 59200K->1552K(59904K)] 397196K->339548K(557056K), 0.0016834 secs] [Times: user=0.00 sys=0.00, real=0.01 secs] 
1731.378: [GC (Allocation Failure) [PSYoungGen: 59397K->1584K(59904K)] 397394K->339588K(557056K), 0.0016344 secs] [Times: user=0.01 sys=0.00, real=0.00 secs] 
1731.718: [GC (Allocation Failure) [PSYoungGen: 59440K->1552K(59904K)] 397444K->339556K(557056K), 0.0015419 secs] [Times: user=0.01 sys=0.00, real=0.00 secs] 
1732.056: [GC (Allocation Failure) [PSYoungGen: 59408K->1584K(59904K)] 397412K->339588K(557056K), 0.0015432 secs] [Times: user=0.01 sys=0.00, real=0.00 secs] 
1733.640: [GC (Allocation Failure) [PSYoungGen: 59440K->1392K(59904K)] 397444K->339396K(557056K), 0.0042770 secs] [Times: user=0.02 sys=0.00, real=0.01 secs] 
1734.134: [GC (Allocation Failure) [PSYoungGen: 59248K->1360K(59904K)] 397252K->339364K(557056K), 0.0020133 secs] [Times: user=0.01 sys=0.00, real=0.00 secs] 
1734.375: [GC (Allocation Failure) [PSYoungGen: 59216K->1360K(59904K)] 397220K->339364K(557056K), 0.0018466 secs] [Times: user=0.01 sys=0.00, real=0.00 secs] 
1734.615: [GC (Allocation Failure) [PSYoungGen: 59216K->1344K(59904K)] 397220K->339348K(557056K), 0.0018708 secs] [Times: user=0.01 sys=0.00, real=0.00 secs] 
1734.860: [GC (Allocation Failure) [PSYoungGen: 59200K->1344K(59904K)] 397204K->339348K(557056K), 0.0019484 secs] [Times: user=0.01 sys=0.00, real=0.01 secs] 
1735.201: [GC (Allocation Failure) [PSYoungGen: 59200K->1517K(59904K)] 397204K->339522K(557056K), 0.0015262 secs] [Times: user=0.01 sys=0.00, real=0.01 secs] 
1735.539: [GC (Allocation Failure) [PSYoungGen: 59369K->1552K(59904K)] 397374K->339580K(557056K), 0.0016248 secs] [Times: user=0.01 sys=0.00, real=0.00 secs] 
1735.876: [GC (Allocation Failure) [PSYoungGen: 59408K->1520K(59904K)] 397436K->339548K(557056K), 0.0015396 secs] [Times: user=0.01 sys=0.00, real=0.00 secs] 
1736.213: [GC (Allocation Failure) [PSYoungGen: 59376K->1552K(59904K)] 397404K->339580K(557056K), 0.0015287 secs] [Times: user=0.01 sys=0.00, real=0.00 secs] 
1737.137: [GC (Allocation Failure) [PSYoungGen: 59408K->1472K(59904K)] 397436K->339500K(557056K), 0.0030926 secs] [Times: user=0.01 sys=0.00, real=0.00 secs] 
1738.016: [GC (Allocation Failure) [PSYoungGen: 59328K->1344K(59904K)] 397356K->339372K(557056K), 0.0037978 secs] [Times: user=0.01 sys=0.00, real=0.00 secs] 
1738.495: [GC (Allocation Failure) [PSYoungGen: 59200K->1344K(59904K)] 397228K->339372K(557056K), 0.0039955 secs] [Times: user=0.02 sys=0.00, real=0.00 secs] 
1738.756: [GC (Allocation Failure) [PSYoungGen: 59200K->1376K(59904K)] 397228K->339404K(557056K), 0.0018643 secs] [Times: user=0.01 sys=0.00, real=0.00 secs] 
1739.078: [GC (Allocation Failure) [PSYoungGen: 59232K->1408K(59904K)] 397260K->339436K(557056K), 0.0018109 secs] [Times: user=0.01 sys=0.00, real=0.00 secs] 
1739.407: [GC (Allocation Failure) [PSYoungGen: 59253K->1520K(59904K)] 397282K->339548K(557056K), 0.0015203 secs] [Times: user=0.00 sys=0.00, real=0.00 secs] 
1739.744: [GC (Allocation Failure) [PSYoungGen: 59376K->1552K(59904K)] 397404K->339588K(557056K), 0.0016994 secs] [Times: user=0.01 sys=0.00, real=0.00 secs] 
1740.082: [GC (Allocation Failure) [PSYoungGen: 59408K->1520K(59904K)] 397444K->339556K(557056K), 0.0015838 secs] [Times: user=0.01 sys=0.00, real=0.01 secs] 
1740.418: [GC (Allocation Failure) [PSYoungGen: 59376K->1520K(59904K)] 397412K->339556K(557056K), 0.0016414 secs] [Times: user=0.01 sys=0.00, real=0.00 secs] 
1740.998: [GC (Allocation Failure) [PSYoungGen: 59376K->1424K(59904K)] 397412K->339460K(557056K), 0.0022405 secs] [Times: user=0.01 sys=0.00, real=0.00 secs] 
1741.561: [GC (Allocation Failure) [PSYoungGen: 59280K->1376K(59904K)] 397316K->339412K(557056K), 0.0032838 secs] [Times: user=0.01 sys=0.00, real=0.01 secs] 
1741.921: [GC (Allocation Failure) [PSYoungGen: 59232K->1376K(59904K)] 397268K->339412K(557056K), 0.0019284 secs] [Times: user=0.01 sys=0.00, real=0.01 secs] 
1742.161: [GC (Allocation Failure) [PSYoungGen: 59232K->1376K(59904K)] 397268K->339412K(557056K), 0.0018880 secs] [Times: user=0.01 sys=0.00, real=0.01 secs] 
1742.401: [GC (Allocation Failure) [PSYoungGen: 59232K->1376K(59904K)] 397268K->339412K(557056K), 0.0017655 secs] [Times: user=0.00 sys=0.00, real=0.01 secs] 
1742.715: [GC (Allocation Failure) [PSYoungGen: 59226K->1504K(59904K)] 397263K->339540K(557056K), 0.0015241 secs] [Times: user=0.00 sys=0.00, real=0.00 secs] 
1743.051: [GC (Allocation Failure) [PSYoungGen: 59360K->1517K(59904K)] 397396K->339562K(557056K), 0.0016544 secs] [Times: user=0.01 sys=0.00, real=0.01 secs] 
1743.387: [GC (Allocation Failure) [PSYoungGen: 59373K->1552K(59904K)] 397418K->339596K(557056K), 0.0016035 secs] [Times: user=0.00 sys=0.00, real=0.00 secs] 
1743.724: [GC (Allocation Failure) [PSYoungGen: 59408K->1488K(59904K)] 397452K->339556K(557056K), 0.0017006 secs] [Times: user=0.01 sys=0.00, real=0.00 secs] 
1744.098: [GC (Allocation Failure) [PSYoungGen: 59344K->1472K(59904K)] 397412K->339540K(557056K), 0.0016977 secs] [Times: user=0.00 sys=0.00, real=0.00 secs] 
1744.566: [GC (Allocation Failure) [PSYoungGen: 59328K->1376K(59904K)] 397396K->339444K(557056K), 0.0029504 secs] [Times: user=0.01 sys=0.00, real=0.00 secs] 
1745.037: [GC (Allocation Failure) [PSYoungGen: 59232K->1408K(59904K)] 397300K->339476K(557056K), 0.0025613 secs] [Times: user=0.01 sys=0.00, real=0.00 secs] 
1745.307: [GC (Allocation Failure) [PSYoungGen: 59264K->1376K(59904K)] 397332K->339444K(557056K), 0.0018958 secs] [Times: user=0.01 sys=0.00, real=0.00 secs] 
1745.585: [GC (Allocation Failure) [PSYoungGen: 59232K->1328K(59904K)] 397300K->339396K(557056K), 0.0017900 secs] [Times: user=0.01 sys=0.00, real=0.00 secs] 
1745.955: [GC (Allocation Failure) [PSYoungGen: 59181K->1456K(59904K)] 397250K->339524K(557056K), 0.0016191 secs] [Times: user=0.01 sys=0.00, real=0.00 secs] 
1746.291: [GC (Allocation Failure) [PSYoungGen: 59312K->1552K(59904K)] 397380K->339636K(557056K), 0.0015521 secs] [Times: user=0.00 sys=0.00, real=0.01 secs] 
1746.630: [GC (Allocation Failure) [PSYoungGen: 59408K->1600K(59904K)] 397492K->339684K(557056K), 0.0015886 secs] [Times: user=0.00 sys=0.00, real=0.00 secs] 
1746.965: [GC (Allocation Failure) [PSYoungGen: 59456K->1552K(59904K)] 397540K->339636K(557056K), 0.0016413 secs] [Times: user=0.01 sys=0.00, real=0.00 secs] 
1747.391: [GC (Allocation Failure) [PSYoungGen: 59408K->1472K(59904K)] 397492K->339556K(557056K), 0.0020169 secs] [Times: user=0.01 sys=0.00, real=0.01 secs] 
1747.652: [GC (Allocation Failure) [PSYoungGen: 59328K->1344K(59904K)] 397412K->339428K(557056K), 0.0019751 secs] [Times: user=0.01 sys=0.00, real=0.00 secs] 
1748.003: [GC (Allocation Failure) [PSYoungGen: 59200K->1376K(59904K)] 397284K->339460K(557056K), 0.0021251 secs] [Times: user=0.01 sys=0.00, real=0.00 secs] 
1748.264: [GC (Allocation Failure) [PSYoungGen: 59232K->1344K(59904K)] 397316K->339428K(557056K), 0.0019938 secs] [Times: user=0.01 sys=0.00, real=0.00 secs] 
1748.596: [GC (Allocation Failure) [PSYoungGen: 59200K->1376K(59904K)] 397284K->339460K(557056K), 0.0019568 secs] [Times: user=0.01 sys=0.00, real=0.00 secs] 
1748.931: [GC (Allocation Failure) [PSYoungGen: 59221K->1456K(59904K)] 397306K->339540K(557056K), 0.0015768 secs] [Times: user=0.01 sys=0.00, real=0.01 secs] 
1749.268: [GC (Allocation Failure) [PSYoungGen: 59312K->1552K(59904K)] 397396K->339644K(557056K), 0.0016059 secs] [Times: user=0.01 sys=0.00, real=0.00 secs] 
1749.612: [GC (Allocation Failure) [PSYoungGen: 59408K->1549K(59904K)] 397500K->339642K(557056K), 0.0016271 secs] [Times: user=0.01 sys=0.00, real=0.00 secs] 
1749.951: [GC (Allocation Failure) [PSYoungGen: 59405K->1584K(59904K)] 397498K->339676K(557056K), 0.0016578 secs] [Times: user=0.01 sys=0.00, real=0.01 secs] 
1750.323: [GC (Allocation Failure) [PSYoungGen: 59440K->1696K(59904K)] 397532K->339788K(557056K), 0.0017790 secs] [Times: user=0.01 sys=0.00, real=0.00 secs] 
1750.624: [GC (Allocation Failure) [PSYoungGen: 59552K->1376K(59904K)] 397644K->339468K(557056K), 0.0017388 secs] [Times: user=0.01 sys=0.00, real=0.00 secs] 
1750.879: [GC (Allocation Failure) [PSYoungGen: 59232K->1376K(59904K)] 397324K->339468K(557056K), 0.0016727 secs] [Times: user=0.01 sys=0.00, real=0.00 secs] 
1751.299: [GC (Allocation Failure) [PSYoungGen: 59232K->1376K(59904K)] 397324K->339468K(557056K), 0.0018396 secs] [Times: user=0.00 sys=0.00, real=0.00 secs] 
1751.763: [GC (Allocation Failure) [PSYoungGen: 59232K->1408K(59904K)] 397324K->339500K(557056K), 0.0018336 secs] [Times: user=0.01 sys=0.00, real=0.00 secs] 
1752.278: [GC (Allocation Failure) [PSYoungGen: 59264K->1488K(59904K)] 397356K->339580K(557056K), 0.0015625 secs] [Times: user=0.00 sys=0.00, real=0.00 secs] 
1752.673: [GC (Allocation Failure) [PSYoungGen: 59336K->1488K(59904K)] 397429K->339588K(557056K), 0.0016144 secs] [Times: user=0.01 sys=0.00, real=0.00 secs] 
1753.009: [GC (Allocation Failure) [PSYoungGen: 59344K->1549K(59904K)] 397444K->339650K(557056K), 0.0016636 secs] [Times: user=0.01 sys=0.00, real=0.00 secs] 
1753.346: [GC (Allocation Failure) [PSYoungGen: 59405K->1552K(59904K)] 397506K->339652K(557056K), 0.0017061 secs] [Times: user=0.01 sys=0.00, real=0.00 secs] 
1753.743: [GC (Allocation Failure) [PSYoungGen: 59317K->288K(59904K)] 397418K->338412K(557056K), 0.0015764 secs] [Times: user=0.00 sys=0.00, real=0.00 secs] 
1754.047: [GC (Allocation Failure) [PSYoungGen: 58144K->1344K(59904K)] 396268K->339468K(557056K), 0.0026444 secs] [Times: user=0.01 sys=0.00, real=0.00 secs] 
1754.297: [GC (Allocation Failure) [PSYoungGen: 59200K->1376K(59904K)] 397324K->339500K(557056K), 0.0019968 secs] [Times: user=0.01 sys=0.00, real=0.00 secs] 
1754.601: [GC (Allocation Failure) [PSYoungGen: 59232K->1376K(59904K)] 397356K->339500K(557056K), 0.0019065 secs] [Times: user=0.00 sys=0.00, real=0.01 secs] 
1755.061: [GC (Allocation Failure) [PSYoungGen: 59232K->1376K(59904K)] 397356K->339500K(557056K), 0.0019796 secs] [Times: user=0.01 sys=0.00, real=0.01 secs] 
1755.569: [GC (Allocation Failure) [PSYoungGen: 59232K->1488K(59904K)] 397356K->339612K(557056K), 0.0025135 secs] [Times: user=0.01 sys=0.00, real=0.01 secs] 
1755.976: [GC (Allocation Failure) [PSYoungGen: 59313K->1552K(59904K)] 397438K->339684K(557056K), 0.0016154 secs] [Times: user=0.01 sys=0.00, real=0.00 secs] 
1756.374: [GC (Allocation Failure) [PSYoungGen: 59408K->1520K(59904K)] 397540K->339652K(557056K), 0.0018177 secs] [Times: user=0.01 sys=0.00, real=0.00 secs] 
1756.711: [GC (Allocation Failure) [PSYoungGen: 59376K->1501K(59904K)] 397508K->339634K(557056K), 0.0016602 secs] [Times: user=0.00 sys=0.00, real=0.01 secs] 
1757.048: [GC (Allocation Failure) [PSYoungGen: 59357K->1488K(59904K)] 397490K->339620K(557056K), 0.0016661 secs] [Times: user=0.00 sys=0.00, real=0.00 secs] 
1757.405: [GC (Allocation Failure) [PSYoungGen: 59344K->1360K(59904K)] 397476K->339492K(557056K), 0.0023967 secs] [Times: user=0.01 sys=0.00, real=0.00 secs] 
1757.645: [GC (Allocation Failure) [PSYoungGen: 59216K->1392K(59904K)] 397348K->339524K(557056K), 0.0020392 secs] [Times: user=0.00 sys=0.00, real=0.00 secs] 
1757.922: [GC (Allocation Failure) [PSYoungGen: 59248K->1376K(59904K)] 397380K->339508K(557056K), 0.0018355 secs] [Times: user=0.01 sys=0.00, real=0.00 secs] 
1758.308: [GC (Allocation Failure) [PSYoungGen: 59232K->1408K(59904K)] 397364K->339540K(557056K), 0.0021145 secs] [Times: user=0.01 sys=0.00, real=0.00 secs] 
1758.727: [GC (Allocation Failure) [PSYoungGen: 59249K->1424K(59904K)] 397382K->339556K(557056K), 0.0023953 secs] [Times: user=0.01 sys=0.00, real=0.00 secs] 
1759.111: [GC (Allocation Failure) [PSYoungGen: 59280K->1568K(59904K)] 397412K->339708K(557056K), 0.0015403 secs] [Times: user=0.01 sys=0.00, real=0.01 secs] 
1759.448: [GC (Allocation Failure) [PSYoungGen: 59404K->1488K(59904K)] 397545K->339636K(557056K), 0.0017173 secs] [Times: user=0.01 sys=0.00, real=0.00 secs] 
1759.790: [GC (Allocation Failure) [PSYoungGen: 59344K->1584K(59904K)] 397492K->339732K(557056K), 0.0014864 secs] [Times: user=0.00 sys=0.00, real=0.01 secs] 
1760.133: [GC (Allocation Failure) [PSYoungGen: 59440K->1536K(59904K)] 397588K->339684K(557056K), 0.0015457 secs] [Times: user=0.01 sys=0.00, real=0.00 secs] 
1760.690: [GC (Allocation Failure) [PSYoungGen: 59392K->1408K(59904K)] 397540K->339556K(557056K), 0.0034053 secs] [Times: user=0.01 sys=0.00, real=0.01 secs] 
1760.945: [GC (Allocation Failure) [PSYoungGen: 59264K->1408K(59904K)] 397412K->339556K(557056K), 0.0020003 secs] [Times: user=0.01 sys=0.00, real=0.00 secs] 
1761.186: [GC (Allocation Failure) [PSYoungGen: 59264K->1392K(59904K)] 397412K->339540K(557056K), 0.0019426 secs] [Times: user=0.00 sys=0.00, real=0.00 secs] 
1761.426: [GC (Allocation Failure) [PSYoungGen: 59248K->1376K(59904K)] 397396K->339524K(557056K), 0.0026871 secs] [Times: user=0.01 sys=0.00, real=0.00 secs] 
1761.693: [GC (Allocation Failure) [PSYoungGen: 59102K->256K(59904K)] 397251K->338404K(557056K), 0.0018304 secs] [Times: user=0.01 sys=0.00, real=0.00 secs] 
1762.037: [GC (Allocation Failure) [PSYoungGen: 58112K->1552K(59904K)] 396260K->339700K(557056K), 0.0015007 secs] [Times: user=0.00 sys=0.00, real=0.00 secs] 
1762.379: [GC (Allocation Failure) [PSYoungGen: 59408K->1520K(59904K)] 397556K->339676K(557056K), 0.0015087 secs] [Times: user=0.01 sys=0.00, real=0.00 secs] 
1762.715: [GC (Allocation Failure) [PSYoungGen: 59376K->1552K(59904K)] 397532K->339708K(557056K), 0.0015156 secs] [Times: user=0.01 sys=0.00, real=0.00 secs] 
1763.051: [GC (Allocation Failure) [PSYoungGen: 59408K->1549K(59904K)] 397564K->339706K(557056K), 0.0014648 secs] [Times: user=0.00 sys=0.00, real=0.01 secs] 
1764.265: [GC (Allocation Failure) [PSYoungGen: 59405K->1376K(59904K)] 397562K->339548K(557056K), 0.0033073 secs] [Times: user=0.01 sys=0.00, real=0.00 secs] 
1765.154: [GC (Allocation Failure) [PSYoungGen: 59232K->1408K(59904K)] 397404K->339580K(557056K), 0.0032039 secs] [Times: user=0.01 sys=0.00, real=0.00 secs] 
1765.824: [GC (Allocation Failure) [PSYoungGen: 59264K->1408K(59904K)] 397436K->339580K(557056K), 0.0028533 secs] [Times: user=0.01 sys=0.00, real=0.00 secs] 
1766.513: [GC (Allocation Failure) [PSYoungGen: 59264K->1376K(59904K)] 397436K->339548K(557056K), 0.0032241 secs] [Times: user=0.01 sys=0.00, real=0.00 secs] 
1767.165: [GC (Allocation Failure) [PSYoungGen: 59232K->1408K(59904K)] 397404K->339580K(557056K), 0.0032605 secs] [Times: user=0.01 sys=0.00, real=0.00 secs] 
1767.625: [GC (Allocation Failure) [PSYoungGen: 59247K->1488K(59904K)] 397420K->339660K(557056K), 0.0015401 secs] [Times: user=0.01 sys=0.00, real=0.00 secs] 
1767.961: [GC (Allocation Failure) [PSYoungGen: 59344K->1488K(59904K)] 397516K->339676K(557056K), 0.0015554 secs] [Times: user=0.01 sys=0.00, real=0.01 secs] 
1768.358: [GC (Allocation Failure) [PSYoungGen: 59344K->1517K(59904K)] 397532K->339714K(557056K), 0.0015310 secs] [Times: user=0.00 sys=0.00, real=0.00 secs] 
1768.694: [GC (Allocation Failure) [PSYoungGen: 59373K->1584K(59904K)] 397570K->339780K(557056K), 0.0015545 secs] [Times: user=0.01 sys=0.00, real=0.00 secs] 
1769.154: [GC (Allocation Failure) [PSYoungGen: 59440K->1408K(59904K)] 397636K->339604K(557056K), 0.0027172 secs] [Times: user=0.01 sys=0.00, real=0.00 secs] 
1769.400: [GC (Allocation Failure) [PSYoungGen: 59264K->1392K(59904K)] 397460K->339588K(557056K), 0.0018944 secs] [Times: user=0.01 sys=0.00, real=0.01 secs] 
1769.641: [GC (Allocation Failure) [PSYoungGen: 59248K->1472K(59904K)] 397444K->339668K(557056K), 0.0019104 secs] [Times: user=0.01 sys=0.00, real=0.01 secs] 
1769.881: [GC (Allocation Failure) [PSYoungGen: 59328K->1392K(59904K)] 397524K->339588K(557056K), 0.0018715 secs] [Times: user=0.01 sys=0.00, real=0.01 secs] 
1770.122: [GC (Allocation Failure) [PSYoungGen: 59248K->1408K(59904K)] 397444K->339604K(557056K), 0.0018188 secs] [Times: user=0.01 sys=0.00, real=0.00 secs] 
1770.469: [GC (Allocation Failure) [PSYoungGen: 59245K->1552K(59904K)] 397442K->339748K(557056K), 0.0014748 secs] [Times: user=0.00 sys=0.00, real=0.00 secs] 
1770.804: [GC (Allocation Failure) [PSYoungGen: 59408K->1616K(59904K)] 397604K->339828K(557056K), 0.0015690 secs] [Times: user=0.00 sys=0.00, real=0.00 secs] 
1771.142: [GC (Allocation Failure) [PSYoungGen: 59472K->1549K(59904K)] 397684K->339762K(557056K), 0.0016110 secs] [Times: user=0.01 sys=0.00, real=0.00 secs] 
1771.477: [GC (Allocation Failure) [PSYoungGen: 59405K->1552K(59904K)] 397618K->339764K(557056K), 0.0015998 secs] [Times: user=0.01 sys=0.00, real=0.00 secs] 
1772.009: [GC (Allocation Failure) [PSYoungGen: 59408K->1408K(59904K)] 397620K->339620K(557056K), 0.0017221 secs] [Times: user=0.01 sys=0.00, real=0.00 secs] 
1772.305: [GC (Allocation Failure) [PSYoungGen: 59264K->1408K(59904K)] 397476K->339620K(557056K), 0.0017844 secs] [Times: user=0.01 sys=0.00, real=0.00 secs] 
1772.721: [GC (Allocation Failure) [PSYoungGen: 59264K->1408K(59904K)] 397476K->339620K(557056K), 0.0026066 secs] [Times: user=0.01 sys=0.00, real=0.01 secs] 
1773.223: [GC (Allocation Failure) [PSYoungGen: 59264K->1392K(59904K)] 397476K->339604K(557056K), 0.0022324 secs] [Times: user=0.01 sys=0.00, real=0.00 secs] 
1773.758: [GC (Allocation Failure) [PSYoungGen: 59248K->1376K(59904K)] 397460K->339620K(557056K), 0.0037129 secs] [Times: user=0.01 sys=0.00, real=0.00 secs] 
1774.255: [GC (Allocation Failure) [PSYoungGen: 59232K->1552K(59904K)] 397476K->339796K(557056K), 0.0016056 secs] [Times: user=0.01 sys=0.00, real=0.00 secs] 
1774.594: [GC (Allocation Failure) [PSYoungGen: 59392K->1549K(59904K)] 397637K->339810K(557056K), 0.0016257 secs] [Times: user=0.00 sys=0.00, real=0.00 secs] 
1774.994: [GC (Allocation Failure) [PSYoungGen: 59405K->1552K(59904K)] 397666K->339812K(557056K), 0.0017762 secs] [Times: user=0.01 sys=0.00, real=0.00 secs] 
1775.332: [GC (Allocation Failure) [PSYoungGen: 59408K->1520K(59904K)] 397668K->339780K(557056K), 0.0015865 secs] [Times: user=0.01 sys=0.00, real=0.00 secs] 
1775.737: [GC (Allocation Failure) [PSYoungGen: 59376K->1456K(59904K)] 397636K->339716K(557056K), 0.0026360 secs] [Times: user=0.01 sys=0.00, real=0.00 secs] 
1775.978: [GC (Allocation Failure) [PSYoungGen: 59312K->1344K(59904K)] 397572K->339604K(557056K), 0.0020042 secs] [Times: user=0.01 sys=0.00, real=0.00 secs] 
1776.224: [GC (Allocation Failure) [PSYoungGen: 59200K->1376K(59904K)] 397460K->339644K(557056K), 0.0019112 secs] [Times: user=0.01 sys=0.00, real=0.00 secs] 
1776.569: [GC (Allocation Failure) [PSYoungGen: 59232K->1376K(59904K)] 397500K->339644K(557056K), 0.0018521 secs] [Times: user=0.01 sys=0.00, real=0.00 secs] 
1776.933: [GC (Allocation Failure) [PSYoungGen: 59232K->1344K(59904K)] 397500K->339612K(557056K), 0.0023823 secs] [Times: user=0.01 sys=0.00, real=0.00 secs] 
1777.369: [GC (Allocation Failure) [PSYoungGen: 59195K->1456K(59904K)] 397464K->339724K(557056K), 0.0017387 secs] [Times: user=0.01 sys=0.00, real=0.00 secs] 
1777.707: [GC (Allocation Failure) [PSYoungGen: 59312K->1552K(59904K)] 397580K->339836K(557056K), 0.0015113 secs] [Times: user=0.01 sys=0.00, real=0.00 secs] 
1778.045: [GC (Allocation Failure) [PSYoungGen: 59408K->1597K(59904K)] 397692K->339882K(557056K), 0.0015661 secs] [Times: user=0.01 sys=0.00, real=0.00 secs] 
1778.381: [GC (Allocation Failure) [PSYoungGen: 59453K->1520K(59904K)] 397738K->339804K(557056K), 0.0016530 secs] [Times: user=0.00 sys=0.00, real=0.01 secs] 
1778.719: [GC (Allocation Failure) [PSYoungGen: 59376K->1488K(59904K)] 397660K->339772K(557056K), 0.0018566 secs] [Times: user=0.01 sys=0.00, real=0.00 secs] 
1778.979: [GC (Allocation Failure) [PSYoungGen: 59344K->1376K(59904K)] 397628K->339660K(557056K), 0.0016980 secs] [Times: user=0.01 sys=0.00, real=0.00 secs] 
1779.220: [GC (Allocation Failure) [PSYoungGen: 59232K->1376K(59904K)] 397516K->339660K(557056K), 0.0017919 secs] [Times: user=0.01 sys=0.00, real=0.01 secs] 
1779.461: [GC (Allocation Failure) [PSYoungGen: 59232K->1408K(59904K)] 397516K->339692K(557056K), 0.0017243 secs] [Times: user=0.00 sys=0.00, real=0.01 secs] 
1779.701: [GC (Allocation Failure) [PSYoungGen: 59264K->1344K(59904K)] 397548K->339628K(557056K), 0.0017667 secs] [Times: user=0.01 sys=0.00, real=0.01 secs] 
1780.027: [GC (Allocation Failure) [PSYoungGen: 59195K->1549K(59904K)] 397480K->339834K(557056K), 0.0015323 secs] [Times: user=0.01 sys=0.00, real=0.00 secs] 
1780.372: [GC (Allocation Failure) [PSYoungGen: 59405K->1549K(59904K)] 397690K->339850K(557056K), 0.0016446 secs] [Times: user=0.01 sys=0.00, real=0.00 secs] 
1780.774: [GC (Allocation Failure) [PSYoungGen: 59405K->1520K(59904K)] 397706K->339820K(557056K), 0.0016696 secs] [Times: user=0.01 sys=0.00, real=0.00 secs] 
1781.110: [GC (Allocation Failure) [PSYoungGen: 59376K->1552K(59904K)] 397676K->339852K(557056K), 0.0018137 secs] [Times: user=0.01 sys=0.00, real=0.01 secs] 
1781.465: [GC (Allocation Failure) [PSYoungGen: 59408K->1424K(59904K)] 397708K->339724K(557056K), 0.0020641 secs] [Times: user=0.01 sys=0.00, real=0.00 secs] 
1781.782: [GC (Allocation Failure) [PSYoungGen: 59280K->1408K(59904K)] 397580K->339708K(557056K), 0.0020089 secs] [Times: user=0.01 sys=0.00, real=0.00 secs] 
1782.258: [GC (Allocation Failure) [PSYoungGen: 59264K->1376K(59904K)] 397564K->339676K(557056K), 0.0019255 secs] [Times: user=0.01 sys=0.00, real=0.00 secs] 
1782.704: [GC (Allocation Failure) [PSYoungGen: 59232K->1408K(59904K)] 397532K->339708K(557056K), 0.0022143 secs] [Times: user=0.00 sys=0.00, real=0.00 secs] 
1783.214: [GC (Allocation Failure) [PSYoungGen: 59264K->1376K(59904K)] 397564K->339676K(557056K), 0.0026027 secs] [Times: user=0.01 sys=0.00, real=0.00 secs] 
1783.721: [GC (Allocation Failure) [PSYoungGen: 59200K->1504K(59904K)] 397500K->339836K(557056K), 0.0014392 secs] [Times: user=0.00 sys=0.00, real=0.01 secs] 
1784.056: [GC (Allocation Failure) [PSYoungGen: 59360K->1584K(59904K)] 397692K->339924K(557056K), 0.0016477 secs] [Times: user=0.01 sys=0.00, real=0.00 secs] 
1784.394: [GC (Allocation Failure) [PSYoungGen: 59440K->1520K(59904K)] 397780K->339860K(557056K), 0.0017668 secs] [Times: user=0.01 sys=0.00, real=0.00 secs] 
1784.730: [GC (Allocation Failure) [PSYoungGen: 59376K->1520K(59904K)] 397716K->339860K(557056K), 0.0016062 secs] [Times: user=0.01 sys=0.00, real=0.00 secs] 
1785.283: [GC (Allocation Failure) [PSYoungGen: 59376K->1456K(59904K)] 397716K->339796K(557056K), 0.0018371 secs] [Times: user=0.01 sys=0.00, real=0.00 secs] 
1786.072: [GC (Allocation Failure) [PSYoungGen: 59312K->1376K(59904K)] 397652K->339716K(557056K), 0.0037581 secs] [Times: user=0.02 sys=0.00, real=0.01 secs] 
1786.663: [GC (Allocation Failure) [PSYoungGen: 59232K->1376K(59904K)] 397572K->339716K(557056K), 0.0033815 secs] [Times: user=0.01 sys=0.00, real=0.00 secs] 
1786.926: [GC (Allocation Failure) [PSYoungGen: 59232K->1408K(59904K)] 397572K->339748K(557056K), 0.0020909 secs] [Times: user=0.01 sys=0.00, real=0.00 secs] 
1787.166: [GC (Allocation Failure) [PSYoungGen: 59264K->1376K(59904K)] 397604K->339716K(557056K), 0.0018815 secs] [Times: user=0.00 sys=0.00, real=0.00 secs] 
1787.484: [GC (Allocation Failure) [PSYoungGen: 59230K->1517K(59904K)] 397571K->339858K(557056K), 0.0015677 secs] [Times: user=0.01 sys=0.00, real=0.00 secs] 
1787.821: [GC (Allocation Failure) [PSYoungGen: 59373K->1552K(59904K)] 397714K->339908K(557056K), 0.0016548 secs] [Times: user=0.00 sys=0.00, real=0.01 secs] 
1788.158: [GC (Allocation Failure) [PSYoungGen: 59408K->1533K(59904K)] 397764K->339890K(557056K), 0.0016302 secs] [Times: user=0.01 sys=0.00, real=0.00 secs] 
1788.495: [GC (Allocation Failure) [PSYoungGen: 59389K->1536K(59904K)] 397746K->339892K(557056K), 0.0016121 secs] [Times: user=0.00 sys=0.00, real=0.00 secs] 
1788.938: [GC (Allocation Failure) [PSYoungGen: 59392K->1424K(59904K)] 397748K->339780K(557056K), 0.0018920 secs] [Times: user=0.01 sys=0.00, real=0.00 secs] 
1789.548: [GC (Allocation Failure) [PSYoungGen: 59280K->1408K(59904K)] 397636K->339764K(557056K), 0.0021074 secs] [Times: user=0.01 sys=0.00, real=0.00 secs] 
1790.347: [GC (Allocation Failure) [PSYoungGen: 59264K->1344K(59904K)] 397620K->339700K(557056K), 0.0024507 secs] [Times: user=0.01 sys=0.01, real=0.00 secs] 
1791.259: [GC (Allocation Failure) [PSYoungGen: 59200K->1408K(59904K)] 397556K->339764K(557056K), 0.0025578 secs] [Times: user=0.01 sys=0.00, real=0.01 secs] 
1791.927: [GC (Allocation Failure) [PSYoungGen: 59264K->1376K(59904K)] 397620K->339732K(557056K), 0.0025015 secs] [Times: user=0.01 sys=0.00, real=0.00 secs] 
1792.591: [GC (Allocation Failure) [PSYoungGen: 59211K->1456K(59904K)] 397568K->339812K(557056K), 0.0014781 secs] [Times: user=0.00 sys=0.00, real=0.01 secs] 
1792.931: [GC (Allocation Failure) [PSYoungGen: 59312K->1517K(59904K)] 397668K->339882K(557056K), 0.0016116 secs] [Times: user=0.00 sys=0.00, real=0.01 secs] 
1793.267: [GC (Allocation Failure) [PSYoungGen: 59345K->1520K(59904K)] 397710K->339884K(557056K), 0.0015630 secs] [Times: user=0.01 sys=0.00, real=0.00 secs] 
1793.605: [GC (Allocation Failure) [PSYoungGen: 59376K->1520K(59904K)] 397740K->339884K(557056K), 0.0017848 secs] [Times: user=0.01 sys=0.00, real=0.00 secs] 
1794.136: [GC (Allocation Failure) [PSYoungGen: 59376K->1952K(59904K)] 397740K->340316K(557056K), 0.0019845 secs] [Times: user=0.01 sys=0.00, real=0.00 secs] 
1795.372: [GC (Allocation Failure) [PSYoungGen: 59808K->1328K(59904K)] 398172K->339692K(557056K), 0.0021762 secs] [Times: user=0.01 sys=0.00, real=0.00 secs] 
1795.613: [GC (Allocation Failure) [PSYoungGen: 59184K->1376K(59904K)] 397548K->339740K(557056K), 0.0019894 secs] [Times: user=0.00 sys=0.00, real=0.00 secs] 
1795.854: [GC (Allocation Failure) [PSYoungGen: 59232K->1344K(59904K)] 397596K->339708K(557056K), 0.0018289 secs] [Times: user=0.01 sys=0.00, real=0.00 secs] 
1796.094: [GC (Allocation Failure) [PSYoungGen: 59200K->1376K(59904K)] 397564K->339748K(557056K), 0.0018706 secs] [Times: user=0.00 sys=0.00, real=0.00 secs] 
1796.394: [GC (Allocation Failure) [PSYoungGen: 59217K->1488K(59904K)] 397590K->339860K(557056K), 0.0014294 secs] [Times: user=0.01 sys=0.00, real=0.00 secs] 
1796.729: [GC (Allocation Failure) [PSYoungGen: 59344K->1520K(59904K)] 397716K->339900K(557056K), 0.0015296 secs] [Times: user=0.00 sys=0.00, real=0.00 secs] 
1797.067: [GC (Allocation Failure) [PSYoungGen: 59360K->1584K(59904K)] 397741K->339964K(557056K), 0.0015299 secs] [Times: user=0.00 sys=0.00, real=0.00 secs] 
1797.405: [GC (Allocation Failure) [PSYoungGen: 59440K->1520K(59904K)] 397820K->339900K(557056K), 0.0015632 secs] [Times: user=0.00 sys=0.00, real=0.00 secs] 
1797.743: [GC (Allocation Failure) [PSYoungGen: 59376K->1536K(59904K)] 397756K->339916K(557056K), 0.0015025 secs] [Times: user=0.00 sys=0.00, real=0.00 secs] 
1798.041: [GC (Allocation Failure) [PSYoungGen: 59392K->1344K(59904K)] 397772K->339724K(557056K), 0.0016197 secs] [Times: user=0.00 sys=0.00, real=0.01 secs] 
1798.285: [GC (Allocation Failure) [PSYoungGen: 59200K->1392K(59904K)] 397580K->339772K(557056K), 0.0016325 secs] [Times: user=0.01 sys=0.00, real=0.00 secs] 
1798.612: [GC (Allocation Failure) [PSYoungGen: 59248K->1344K(59904K)] 397628K->339724K(557056K), 0.0018978 secs] [Times: user=0.00 sys=0.00, real=0.00 secs] 
1799.167: [GC (Allocation Failure) [PSYoungGen: 59200K->1344K(59904K)] 397580K->339724K(557056K), 0.0019867 secs] [Times: user=0.01 sys=0.00, real=0.00 secs] 
1799.864: [GC (Allocation Failure) [PSYoungGen: 59200K->1456K(59904K)] 397580K->339836K(557056K), 0.0016280 secs] [Times: user=0.00 sys=0.00, real=0.00 secs] 
1800.210: [GC (Allocation Failure) [PSYoungGen: 59285K->1552K(59904K)] 397666K->339940K(557056K), 0.0015185 secs] [Times: user=0.01 sys=0.00, real=0.01 secs] 
1800.548: [GC (Allocation Failure) [PSYoungGen: 59408K->1533K(59904K)] 397796K->339922K(557056K), 0.0016347 secs] [Times: user=0.01 sys=0.00, real=0.00 secs] 
1800.893: [GC (Allocation Failure) [PSYoungGen: 59389K->1536K(59904K)] 397778K->339924K(557056K), 0.0016461 secs] [Times: user=0.00 sys=0.00, real=0.00 secs] 
1801.301: [GC (Allocation Failure) [PSYoungGen: 59392K->1552K(59904K)] 397780K->339940K(557056K), 0.0015975 secs] [Times: user=0.00 sys=0.00, real=0.01 secs] 
1801.607: [GC (Allocation Failure) [PSYoungGen: 59408K->1440K(59904K)] 397796K->339828K(557056K), 0.0018924 secs] [Times: user=0.01 sys=0.00, real=0.00 secs] 
1801.847: [GC (Allocation Failure) [PSYoungGen: 59296K->1408K(59904K)] 397684K->339796K(557056K), 0.0019787 secs] [Times: user=0.01 sys=0.00, real=0.00 secs] 
1802.088: [GC (Allocation Failure) [PSYoungGen: 59264K->1376K(59904K)] 397652K->339764K(557056K), 0.0019716 secs] [Times: user=0.00 sys=0.00, real=0.00 secs] 
1802.328: [GC (Allocation Failure) [PSYoungGen: 59232K->1344K(59904K)] 397620K->339732K(557056K), 0.0017982 secs] [Times: user=0.00 sys=0.00, real=0.00 secs] 
1802.614: [GC (Allocation Failure) [PSYoungGen: 59200K->1469K(59904K)] 397588K->339858K(557056K), 0.0015314 secs] [Times: user=0.01 sys=0.00, real=0.00 secs] 
1802.952: [GC (Allocation Failure) [PSYoungGen: 59325K->1552K(59904K)] 397714K->339948K(557056K), 0.0016625 secs] [Times: user=0.01 sys=0.00, real=0.00 secs] 
1803.289: [GC (Allocation Failure) [PSYoungGen: 59408K->1520K(59904K)] 397804K->339916K(557056K), 0.0017018 secs] [Times: user=0.01 sys=0.00, real=0.00 secs] 
1803.626: [GC (Allocation Failure) [PSYoungGen: 59376K->1520K(59904K)] 397772K->339940K(557056K), 0.0015147 secs] [Times: user=0.01 sys=0.00, real=0.00 secs] 
1803.962: [GC (Allocation Failure) [PSYoungGen: 59376K->1552K(59904K)] 397796K->339972K(557056K), 0.0015899 secs] [Times: user=0.01 sys=0.00, real=0.00 secs] 
1804.572: [GC (Allocation Failure) [PSYoungGen: 59408K->1408K(59904K)] 397828K->339828K(557056K), 0.0021276 secs] [Times: user=0.00 sys=0.00, real=0.00 secs] 
1805.021: [GC (Allocation Failure) [PSYoungGen: 59264K->1328K(59904K)] 397684K->339748K(557056K), 0.0023154 secs] [Times: user=0.01 sys=0.00, real=0.01 secs] 
1805.264: [GC (Allocation Failure) [PSYoungGen: 59184K->1376K(59904K)] 397604K->339796K(557056K), 0.0019567 secs] [Times: user=0.01 sys=0.00, real=0.00 secs] 
1805.540: [GC (Allocation Failure) [PSYoungGen: 59232K->1360K(59904K)] 397652K->339780K(557056K), 0.0017350 secs] [Times: user=0.01 sys=0.00, real=0.01 secs] 
1805.808: [GC (Allocation Failure) [PSYoungGen: 59216K->1469K(59904K)] 397636K->339890K(557056K), 0.0020711 secs] [Times: user=0.00 sys=0.00, real=0.00 secs] 
1806.161: [GC (Allocation Failure) [PSYoungGen: 59325K->1501K(59904K)] 397746K->339922K(557056K), 0.0014628 secs] [Times: user=0.01 sys=0.00, real=0.01 secs] 
1806.498: [GC (Allocation Failure) [PSYoungGen: 59357K->1520K(59904K)] 397778K->339948K(557056K), 0.0016873 secs] [Times: user=0.01 sys=0.00, real=0.00 secs] 
1806.835: [GC (Allocation Failure) [PSYoungGen: 59376K->1520K(59904K)] 397804K->339948K(557056K), 0.0017418 secs] [Times: user=0.00 sys=0.00, real=0.00 secs] 
1807.171: [GC (Allocation Failure) [PSYoungGen: 59376K->1520K(59904K)] 397804K->339948K(557056K), 0.0016967 secs] [Times: user=0.00 sys=0.00, real=0.01 secs] 
1807.701: [GC (Allocation Failure) [PSYoungGen: 59376K->1408K(59904K)] 397804K->339836K(557056K), 0.0016942 secs] [Times: user=0.00 sys=0.00, real=0.01 secs] 
1808.224: [GC (Allocation Failure) [PSYoungGen: 59264K->1344K(59904K)] 397692K->339772K(557056K), 0.0026689 secs] [Times: user=0.01 sys=0.00, real=0.00 secs] 
1808.761: [GC (Allocation Failure) [PSYoungGen: 59200K->1376K(59904K)] 397628K->339804K(557056K), 0.0022548 secs] [Times: user=0.01 sys=0.00, real=0.01 secs] 
1809.253: [GC (Allocation Failure) [PSYoungGen: 59232K->1360K(59904K)] 397660K->339788K(557056K), 0.0025085 secs] [Times: user=0.01 sys=0.00, real=0.00 secs] 
1809.751: [GC (Allocation Failure) [PSYoungGen: 59216K->1376K(59904K)] 397644K->339804K(557056K), 0.0024561 secs] [Times: user=0.01 sys=0.00, real=0.01 secs] 
1810.184: [GC (Allocation Failure) [PSYoungGen: 59210K->1488K(59904K)] 397639K->339916K(557056K), 0.0016157 secs] [Times: user=0.01 sys=0.00, real=0.00 secs] 
1810.579: [GC (Allocation Failure) [PSYoungGen: 59344K->1520K(59904K)] 397772K->339956K(557056K), 0.0017564 secs] [Times: user=0.01 sys=0.00, real=0.00 secs] 
1810.915: [GC (Allocation Failure) [PSYoungGen: 59376K->1488K(59904K)] 397812K->339924K(557056K), 0.0016348 secs] [Times: user=0.01 sys=0.00, real=0.00 secs] 
1811.331: [GC (Allocation Failure) [PSYoungGen: 59344K->1520K(59904K)] 397780K->339956K(557056K), 0.0016001 secs] [Times: user=0.01 sys=0.00, real=0.01 secs] 
1811.832: [GC (Allocation Failure) [PSYoungGen: 59376K->1408K(59904K)] 397812K->339844K(557056K), 0.0027391 secs] [Times: user=0.01 sys=0.00, real=0.00 secs] 
1812.076: [GC (Allocation Failure) [PSYoungGen: 59264K->1376K(59904K)] 397700K->339812K(557056K), 0.0022247 secs] [Times: user=0.01 sys=0.00, real=0.00 secs] 
1812.316: [GC (Allocation Failure) [PSYoungGen: 59232K->1376K(59904K)] 397668K->339812K(557056K), 0.0019815 secs] [Times: user=0.01 sys=0.00, real=0.00 secs] 
1812.727: [GC (Allocation Failure) [PSYoungGen: 59232K->1376K(59904K)] 397668K->339812K(557056K), 0.0019074 secs] [Times: user=0.01 sys=0.00, real=0.00 secs] 
1813.283: [GC (Allocation Failure) [PSYoungGen: 59232K->1344K(59904K)] 397668K->339780K(557056K), 0.0035931 secs] [Times: user=0.01 sys=0.00, real=0.00 secs] 
1813.886: [GC (Allocation Failure) [PSYoungGen: 59182K->1485K(59904K)] 397619K->339922K(557056K), 0.0015551 secs] [Times: user=0.01 sys=0.00, real=0.00 secs] 
1814.280: [GC (Allocation Failure) [PSYoungGen: 59341K->1517K(59904K)] 397778K->339978K(557056K), 0.0015992 secs] [Times: user=0.01 sys=0.01, real=0.01 secs] 
1814.677: [GC (Allocation Failure) [PSYoungGen: 59373K->1520K(59904K)] 397834K->340004K(557056K), 0.0015879 secs] [Times: user=0.00 sys=0.00, real=0.00 secs] 
1815.013: [GC (Allocation Failure) [PSYoungGen: 59376K->1520K(59904K)] 397860K->340012K(557056K), 0.0015912 secs] [Times: user=0.00 sys=0.00, real=0.00 secs] 
1815.523: [GC (Allocation Failure) [PSYoungGen: 59376K->1408K(59904K)] 397868K->339908K(557056K), 0.0029915 secs] [Times: user=0.01 sys=0.00, real=0.00 secs] 
1816.025: [GC (Allocation Failure) [PSYoungGen: 59264K->1376K(59904K)] 397764K->339884K(557056K), 0.0025176 secs] [Times: user=0.01 sys=0.00, real=0.00 secs] 
1816.310: [GC (Allocation Failure) [PSYoungGen: 59232K->1376K(59904K)] 397740K->339884K(557056K), 0.0020104 secs] [Times: user=0.01 sys=0.00, real=0.01 secs] 
1816.551: [GC (Allocation Failure) [PSYoungGen: 59232K->1376K(59904K)] 397740K->339884K(557056K), 0.0019636 secs] [Times: user=0.00 sys=0.00, real=0.01 secs] 
1816.791: [GC (Allocation Failure) [PSYoungGen: 59232K->1376K(59904K)] 397740K->339884K(557056K), 0.0018312 secs] [Times: user=0.01 sys=0.00, real=0.01 secs] 
1817.134: [GC (Allocation Failure) [PSYoungGen: 59216K->1456K(59904K)] 397725K->339964K(557056K), 0.0015442 secs] [Times: user=0.00 sys=0.00, real=0.00 secs] 
1817.471: [GC (Allocation Failure) [PSYoungGen: 59312K->1536K(59904K)] 397820K->340052K(557056K), 0.0016074 secs] [Times: user=0.00 sys=0.00, real=0.01 secs] 
1817.812: [GC (Allocation Failure) [PSYoungGen: 59392K->1520K(59904K)] 397908K->340036K(557056K), 0.0016177 secs] [Times: user=0.01 sys=0.00, real=0.00 secs] 
1818.212: [GC (Allocation Failure) [PSYoungGen: 59376K->1517K(59904K)] 397892K->340034K(557056K), 0.0016756 secs] [Times: user=0.01 sys=0.01, real=0.00 secs] 
1818.526: [GC (Allocation Failure) [PSYoungGen: 59373K->1392K(59904K)] 397890K->339908K(557056K), 0.0022001 secs] [Times: user=0.01 sys=0.00, real=0.00 secs] 
1818.767: [GC (Allocation Failure) [PSYoungGen: 59248K->1376K(59904K)] 397764K->339892K(557056K), 0.0018989 secs] [Times: user=0.01 sys=0.00, real=0.00 secs] 
1819.008: [GC (Allocation Failure) [PSYoungGen: 59232K->1376K(59904K)] 397748K->339892K(557056K), 0.0019147 secs] [Times: user=0.01 sys=0.00, real=0.00 secs] 
1819.249: [GC (Allocation Failure) [PSYoungGen: 59232K->1344K(59904K)] 397748K->339860K(557056K), 0.0017316 secs] [Times: user=0.01 sys=0.00, real=0.00 secs] 
1819.490: [GC (Allocation Failure) [PSYoungGen: 59200K->1344K(59904K)] 397716K->339860K(557056K), 0.0017814 secs] [Times: user=0.01 sys=0.00, real=0.01 secs] 
1819.828: [GC (Allocation Failure) [PSYoungGen: 59186K->1533K(59904K)] 397703K->340050K(557056K), 0.0015533 secs] [Times: user=0.01 sys=0.00, real=0.00 secs] 
1820.165: [GC (Allocation Failure) [PSYoungGen: 59389K->1517K(59904K)] 397906K->340042K(557056K), 0.0016910 secs] [Times: user=0.01 sys=0.00, real=0.00 secs] 
1820.501: [GC (Allocation Failure) [PSYoungGen: 59373K->1552K(59904K)] 397898K->340076K(557056K), 0.0015509 secs] [Times: user=0.00 sys=0.00, real=0.01 secs] 
1820.837: [GC (Allocation Failure) [PSYoungGen: 59408K->1552K(59904K)] 397932K->340076K(557056K), 0.0016063 secs] [Times: user=0.00 sys=0.00, real=0.00 secs] 
1821.151: [GC (Allocation Failure) [PSYoungGen: 59408K->1456K(59904K)] 397932K->339980K(557056K), 0.0017679 secs] [Times: user=0.01 sys=0.00, real=0.01 secs] 
1821.558: [GC (Allocation Failure) [PSYoungGen: 59312K->1408K(59904K)] 397836K->339932K(557056K), 0.0017601 secs] [Times: user=0.00 sys=0.00, real=0.00 secs] 
1822.027: [GC (Allocation Failure) [PSYoungGen: 59264K->1344K(59904K)] 397788K->339868K(557056K), 0.0017054 secs] [Times: user=0.01 sys=0.00, real=0.00 secs] 
1822.546: [GC (Allocation Failure) [PSYoungGen: 59200K->1344K(59904K)] 397724K->339868K(557056K), 0.0017674 secs] [Times: user=0.00 sys=0.01, real=0.00 secs] 
1823.071: [GC (Allocation Failure) [PSYoungGen: 59200K->1376K(59904K)] 397724K->339900K(557056K), 0.0017718 secs] [Times: user=0.01 sys=0.01, real=0.01 secs] 
1823.550: [GC (Allocation Failure) [PSYoungGen: 59232K->1488K(59904K)] 397756K->340036K(557056K), 0.0016905 secs] [Times: user=0.01 sys=0.00, real=0.00 secs] 
1823.888: [GC (Allocation Failure) [PSYoungGen: 59339K->1584K(59904K)] 397888K->340140K(557056K), 0.0015817 secs] [Times: user=0.00 sys=0.00, real=0.00 secs] 
1824.225: [GC (Allocation Failure) [PSYoungGen: 59440K->1584K(59904K)] 397996K->340140K(557056K), 0.0015646 secs] [Times: user=0.00 sys=0.00, real=0.00 secs] 
1824.562: [GC (Allocation Failure) [PSYoungGen: 59440K->1552K(59904K)] 397996K->340108K(557056K), 0.0016107 secs] [Times: user=0.01 sys=0.00, real=0.01 secs] 
1824.958: [GC (Allocation Failure) [PSYoungGen: 59408K->1472K(59904K)] 397964K->340028K(557056K), 0.0018583 secs] [Times: user=0.01 sys=0.00, real=0.00 secs] 
1825.204: [GC (Allocation Failure) [PSYoungGen: 59328K->1408K(59904K)] 397884K->339964K(557056K), 0.0018367 secs] [Times: user=0.00 sys=0.00, real=0.00 secs] 
1825.458: [GC (Allocation Failure) [PSYoungGen: 59264K->1376K(59904K)] 397820K->339932K(557056K), 0.0018691 secs] [Times: user=0.01 sys=0.00, real=0.00 secs] 
1825.776: [GC (Allocation Failure) [PSYoungGen: 59232K->1376K(59904K)] 397788K->339932K(557056K), 0.0017931 secs] [Times: user=0.00 sys=0.00, real=0.00 secs] 
1826.021: [GC (Allocation Failure) [PSYoungGen: 59232K->1376K(59904K)] 397788K->339932K(557056K), 0.0018218 secs] [Times: user=0.01 sys=0.00, real=0.01 secs] 
1826.379: [GC (Allocation Failure) [PSYoungGen: 59232K->1520K(59904K)] 397788K->340076K(557056K), 0.0014776 secs] [Times: user=0.01 sys=0.00, real=0.00 secs] 
1826.778: [GC (Allocation Failure) [PSYoungGen: 59359K->1488K(59904K)] 397916K->340060K(557056K), 0.0016713 secs] [Times: user=0.01 sys=0.00, real=0.00 secs] 
1827.183: [GC (Allocation Failure) [PSYoungGen: 59344K->1488K(59904K)] 397916K->340060K(557056K), 0.0017184 secs] [Times: user=0.01 sys=0.00, real=0.00 secs] 
1827.576: [GC (Allocation Failure) [PSYoungGen: 59344K->1552K(59904K)] 397916K->340124K(557056K), 0.0016817 secs] [Times: user=0.00 sys=0.00, real=0.00 secs] 
1828.072: [GC (Allocation Failure) [PSYoungGen: 59408K->1424K(59904K)] 397980K->339996K(557056K), 0.0022987 secs] [Times: user=0.01 sys=0.00, real=0.00 secs] 
1828.604: [GC (Allocation Failure) [PSYoungGen: 59280K->1408K(59904K)] 397852K->339980K(557056K), 0.0026421 secs] [Times: user=0.01 sys=0.00, real=0.00 secs] 
1829.080: [GC (Allocation Failure) [PSYoungGen: 59264K->1360K(59904K)] 397836K->339932K(557056K), 0.0026906 secs] [Times: user=0.01 sys=0.00, real=0.01 secs] 
1829.514: [GC (Allocation Failure) [PSYoungGen: 59216K->1376K(59904K)] 397788K->339948K(557056K), 0.0020792 secs] [Times: user=0.01 sys=0.00, real=0.00 secs] 
1829.760: [GC (Allocation Failure) [PSYoungGen: 59232K->1376K(59904K)] 397804K->339948K(557056K), 0.0018069 secs] [Times: user=0.00 sys=0.00, real=0.00 secs] 
1830.075: [GC (Allocation Failure) [PSYoungGen: 59230K->1536K(59904K)] 397802K->340108K(557056K), 0.0015290 secs] [Times: user=0.01 sys=0.00, real=0.00 secs] 
1830.472: [GC (Allocation Failure) [PSYoungGen: 59392K->1520K(59904K)] 397964K->340100K(557056K), 0.0016115 secs] [Times: user=0.01 sys=0.00, real=0.00 secs] 
1830.871: [GC (Allocation Failure) [PSYoungGen: 59376K->1552K(59904K)] 397956K->340132K(557056K), 0.0017447 secs] [Times: user=0.01 sys=0.01, real=0.01 secs] 
1831.208: [GC (Allocation Failure) [PSYoungGen: 59408K->1488K(59904K)] 397988K->340068K(557056K), 0.0015251 secs] [Times: user=0.01 sys=0.00, real=0.00 secs] 
1831.845: [GC (Allocation Failure) [PSYoungGen: 59344K->1424K(59904K)] 397924K->340004K(557056K), 0.0030255 secs] [Times: user=0.01 sys=0.00, real=0.00 secs] 
1832.699: [GC (Allocation Failure) [PSYoungGen: 59280K->1408K(59904K)] 397860K->339988K(557056K), 0.0032534 secs] [Times: user=0.01 sys=0.00, real=0.01 secs] 
1833.403: [GC (Allocation Failure) [PSYoungGen: 59264K->1344K(59904K)] 397844K->339924K(557056K), 0.0026449 secs] [Times: user=0.01 sys=0.00, real=0.00 secs] 
1834.155: [GC (Allocation Failure) [PSYoungGen: 59200K->1376K(59904K)] 397780K->339956K(557056K), 0.0029176 secs] [Times: user=0.01 sys=0.00, real=0.00 secs] 
1834.770: [GC (Allocation Failure) [PSYoungGen: 59232K->1376K(59904K)] 397812K->339956K(557056K), 0.0025883 secs] [Times: user=0.01 sys=0.00, real=0.01 secs] 
1835.501: [GC (Allocation Failure) [PSYoungGen: 59232K->1453K(59904K)] 397812K->340034K(557056K), 0.0014849 secs] [Times: user=0.01 sys=0.00, real=0.01 secs] 
1835.837: [GC (Allocation Failure) [PSYoungGen: 59279K->1520K(59904K)] 397860K->340108K(557056K), 0.0016640 secs] [Times: user=0.01 sys=0.00, real=0.00 secs] 
1836.173: [GC (Allocation Failure) [PSYoungGen: 59376K->1549K(59904K)] 397964K->340154K(557056K), 0.0016039 secs] [Times: user=0.01 sys=0.00, real=0.00 secs] 
1836.511: [GC (Allocation Failure) [PSYoungGen: 59405K->1520K(59904K)] 398010K->340124K(557056K), 0.0015728 secs] [Times: user=0.00 sys=0.00, real=0.01 secs] 
1836.848: [GC (Allocation Failure) [PSYoungGen: 59376K->2016K(59904K)] 397980K->341132K(557056K), 0.0018815 secs] [Times: user=0.01 sys=0.00, real=0.00 secs] 
1837.119: [GC (Allocation Failure) [PSYoungGen: 59872K->1376K(59904K)] 398988K->340492K(557056K), 0.0015741 secs] [Times: user=0.00 sys=0.00, real=0.00 secs] 
1837.397: [GC (Allocation Failure) [PSYoungGen: 59232K->1344K(59904K)] 398348K->340460K(557056K), 0.0019018 secs] [Times: user=0.01 sys=0.00, real=0.00 secs] 
1837.667: [GC (Allocation Failure) [PSYoungGen: 59200K->1408K(59904K)] 398316K->340524K(557056K), 0.0018203 secs] [Times: user=0.00 sys=0.00, real=0.00 secs] 
1837.952: [GC (Allocation Failure) [PSYoungGen: 59264K->1376K(59904K)] 398380K->340492K(557056K), 0.0020061 secs] [Times: user=0.01 sys=0.00, real=0.00 secs] 
1838.268: [GC (Allocation Failure) [PSYoungGen: 59201K->1453K(59904K)] 398318K->340570K(557056K), 0.0015108 secs] [Times: user=0.00 sys=0.00, real=0.00 secs] 
1838.603: [GC (Allocation Failure) [PSYoungGen: 59309K->1568K(59904K)] 398426K->340692K(557056K), 0.0015775 secs] [Times: user=0.00 sys=0.00, real=0.00 secs] 
1838.940: [GC (Allocation Failure) [PSYoungGen: 59424K->1552K(59904K)] 398548K->340676K(557056K), 0.0015663 secs] [Times: user=0.01 sys=0.00, real=0.00 secs] 
1839.276: [GC (Allocation Failure) [PSYoungGen: 59408K->1488K(59904K)] 398532K->340612K(557056K), 0.0015749 secs] [Times: user=0.00 sys=0.00, real=0.00 secs] 
1839.660: [GC (Allocation Failure) [PSYoungGen: 59344K->1728K(59904K)] 398468K->340852K(557056K), 0.0017407 secs] [Times: user=0.01 sys=0.00, real=0.00 secs] 
1840.154: [GC (Allocation Failure) [PSYoungGen: 59584K->1344K(59904K)] 398708K->340468K(557056K), 0.0017908 secs] [Times: user=0.01 sys=0.00, real=0.00 secs] 
1840.420: [GC (Allocation Failure) [PSYoungGen: 59200K->1344K(59904K)] 398324K->340468K(557056K), 0.0019186 secs] [Times: user=0.00 sys=0.00, real=0.00 secs] 
1840.694: [GC (Allocation Failure) [PSYoungGen: 59200K->1408K(59904K)] 398324K->340532K(557056K), 0.0020683 secs] [Times: user=0.01 sys=0.00, real=0.00 secs] 
1841.047: [GC (Allocation Failure) [PSYoungGen: 59264K->1408K(59904K)] 398388K->340532K(557056K), 0.0018353 secs] [Times: user=0.01 sys=0.00, real=0.00 secs] 
1841.459: [GC (Allocation Failure) [PSYoungGen: 59264K->1424K(59904K)] 398388K->340548K(557056K), 0.0014285 secs] [Times: user=0.01 sys=0.00, real=0.00 secs] 
1841.802: [GC (Allocation Failure) [PSYoungGen: 59273K->1568K(59904K)] 398397K->340700K(557056K), 0.0015101 secs] [Times: user=0.01 sys=0.00, real=0.00 secs] 
1842.143: [GC (Allocation Failure) [PSYoungGen: 59424K->1520K(59904K)] 398556K->340652K(557056K), 0.0015768 secs] [Times: user=0.00 sys=0.00, real=0.00 secs] 
1842.480: [GC (Allocation Failure) [PSYoungGen: 59376K->1520K(59904K)] 398508K->340652K(557056K), 0.0016292 secs] [Times: user=0.01 sys=0.00, real=0.00 secs] 
1842.816: [GC (Allocation Failure) [PSYoungGen: 59315K->320K(59904K)] 398448K->339452K(557056K), 0.0014675 secs] [Times: user=0.00 sys=0.00, real=0.00 secs] 
1843.612: [GC (Allocation Failure) [PSYoungGen: 58176K->1328K(59904K)] 397308K->340460K(557056K), 0.0039361 secs] [Times: user=0.02 sys=0.00, real=0.00 secs] 
1844.216: [GC (Allocation Failure) [PSYoungGen: 59184K->1376K(59904K)] 398316K->340524K(557056K), 0.0036846 secs] [Times: user=0.02 sys=0.00, real=0.00 secs] 
1844.511: [GC (Allocation Failure) [PSYoungGen: 59232K->1344K(59904K)] 398380K->340492K(557056K), 0.0020026 secs] [Times: user=0.01 sys=0.01, real=0.01 secs] 
1844.799: [GC (Allocation Failure) [PSYoungGen: 59200K->1344K(59904K)] 398348K->340492K(557056K), 0.0018337 secs] [Times: user=0.01 sys=0.01, real=0.00 secs] 
1845.138: [GC (Allocation Failure) [PSYoungGen: 59170K->1501K(59904K)] 398319K->340650K(557056K), 0.0014738 secs] [Times: user=0.00 sys=0.00, real=0.00 secs] 
1845.542: [GC (Allocation Failure) [PSYoungGen: 59357K->1552K(59904K)] 398506K->340709K(557056K), 0.0017067 secs] [Times: user=0.01 sys=0.00, real=0.00 secs] 
1845.879: [GC (Allocation Failure) [PSYoungGen: 59408K->1552K(59904K)] 398565K->340709K(557056K), 0.0016378 secs] [Times: user=0.01 sys=0.00, real=0.00 secs] 
1846.214: [GC (Allocation Failure) [PSYoungGen: 59408K->1552K(59904K)] 398565K->340709K(557056K), 0.0017097 secs] [Times: user=0.01 sys=0.00, real=0.00 secs] 
1846.608: [GC (Allocation Failure) [PSYoungGen: 59408K->1517K(59904K)] 398565K->340674K(557056K), 0.0017681 secs] [Times: user=0.00 sys=0.00, real=0.00 secs] 
1847.033: [GC (Allocation Failure) [PSYoungGen: 59373K->1408K(59904K)] 398530K->340564K(557056K), 0.0026132 secs] [Times: user=0.01 sys=0.00, real=0.00 secs] 
1847.514: [GC (Allocation Failure) [PSYoungGen: 59264K->1344K(59904K)] 398420K->340500K(557056K), 0.0025800 secs] [Times: user=0.01 sys=0.00, real=0.00 secs] 
1847.992: [GC (Allocation Failure) [PSYoungGen: 59200K->1408K(59904K)] 398356K->340564K(557056K), 0.0024755 secs] [Times: user=0.01 sys=0.00, real=0.00 secs] 
1848.477: [GC (Allocation Failure) [PSYoungGen: 59264K->1408K(59904K)] 398420K->340564K(557056K), 0.0021506 secs] [Times: user=0.01 sys=0.00, real=0.00 secs] 
1848.768: [GC (Allocation Failure) [PSYoungGen: 59248K->1456K(59904K)] 398405K->340612K(557056K), 0.0018408 secs] [Times: user=0.00 sys=0.00, real=0.00 secs] 
1849.119: [GC (Allocation Failure) [PSYoungGen: 59312K->1517K(59904K)] 398468K->340682K(557056K), 0.0015844 secs] [Times: user=0.00 sys=0.00, real=0.00 secs] 
1849.456: [GC (Allocation Failure) [PSYoungGen: 59354K->1517K(59904K)] 398518K->340690K(557056K), 0.0015687 secs] [Times: user=0.00 sys=0.00, real=0.00 secs] 
1849.793: [GC (Allocation Failure) [PSYoungGen: 59373K->1552K(59904K)] 398546K->340725K(557056K), 0.0015701 secs] [Times: user=0.01 sys=0.00, real=0.00 secs] 
1850.130: [GC (Allocation Failure) [PSYoungGen: 59408K->1533K(59904K)] 398581K->340706K(557056K), 0.0016642 secs] [Times: user=0.00 sys=0.00, real=0.00 secs] 
1850.413: [GC (Allocation Failure) [PSYoungGen: 59389K->1440K(59904K)] 398562K->340612K(557056K), 0.0019343 secs] [Times: user=0.01 sys=0.00, real=0.00 secs] 
1850.653: [GC (Allocation Failure) [PSYoungGen: 59296K->1344K(59904K)] 398468K->340516K(557056K), 0.0016589 secs] [Times: user=0.01 sys=0.00, real=0.00 secs] 
1850.894: [GC (Allocation Failure) [PSYoungGen: 59200K->1376K(59904K)] 398372K->340548K(557056K), 0.0018327 secs] [Times: user=0.01 sys=0.00, real=0.00 secs] 
1851.134: [GC (Allocation Failure) [PSYoungGen: 59232K->1344K(59904K)] 398404K->340516K(557056K), 0.0018125 secs] [Times: user=0.00 sys=0.00, real=0.00 secs] 
1851.404: [GC (Allocation Failure) [PSYoungGen: 59200K->288K(59904K)] 398372K->339460K(557056K), 0.0016906 secs] [Times: user=0.01 sys=0.00, real=0.00 secs] 
1851.755: [GC (Allocation Failure) [PSYoungGen: 58128K->1533K(59904K)] 397301K->340706K(557056K), 0.0015188 secs] [Times: user=0.00 sys=0.00, real=0.00 secs] 
1852.163: [GC (Allocation Failure) [PSYoungGen: 59389K->1520K(59904K)] 398562K->340700K(557056K), 0.0015236 secs] [Times: user=0.01 sys=0.00, real=0.00 secs] 
1852.498: [GC (Allocation Failure) [PSYoungGen: 59376K->1456K(59904K)] 398556K->340636K(557056K), 0.0015725 secs] [Times: user=0.00 sys=0.00, real=0.00 secs] 
1852.835: [GC (Allocation Failure) [PSYoungGen: 59312K->1552K(59904K)] 398492K->340733K(557056K), 0.0016781 secs] [Times: user=0.01 sys=0.00, real=0.00 secs] 
1853.152: [GC (Allocation Failure) [PSYoungGen: 59408K->1376K(59904K)] 398589K->340572K(557056K), 0.0028691 secs] [Times: user=0.01 sys=0.00, real=0.00 secs] 
1853.392: [GC (Allocation Failure) [PSYoungGen: 59232K->1344K(59904K)] 398428K->340540K(557056K), 0.0018222 secs] [Times: user=0.01 sys=0.00, real=0.00 secs] 
1853.813: [GC (Allocation Failure) [PSYoungGen: 59200K->1408K(59904K)] 398396K->340604K(557056K), 0.0018158 secs] [Times: user=0.01 sys=0.00, real=0.00 secs] 
1854.246: [GC (Allocation Failure) [PSYoungGen: 59264K->1344K(59904K)] 398460K->340540K(557056K), 0.0018071 secs] [Times: user=0.01 sys=0.00, real=0.00 secs] 
1854.699: [GC (Allocation Failure) [PSYoungGen: 59200K->1376K(59904K)] 398396K->340572K(557056K), 0.0019376 secs] [Times: user=0.01 sys=0.00, real=0.00 secs] 
1855.076: [GC (Allocation Failure) [PSYoungGen: 59213K->1501K(59904K)] 398410K->340698K(557056K), 0.0014926 secs] [Times: user=0.00 sys=0.00, real=0.00 secs] 
1855.413: [GC (Allocation Failure) [PSYoungGen: 59357K->1549K(59904K)] 398554K->340754K(557056K), 0.0015577 secs] [Times: user=0.01 sys=0.00, real=0.00 secs] 
1855.750: [GC (Allocation Failure) [PSYoungGen: 59405K->1584K(59904K)] 398610K->340789K(557056K), 0.0015469 secs] [Times: user=0.01 sys=0.00, real=0.01 secs] 
1856.087: [GC (Allocation Failure) [PSYoungGen: 59440K->1533K(59904K)] 398645K->340738K(557056K), 0.0015533 secs] [Times: user=0.01 sys=0.00, real=0.00 secs] 
1856.663: [GC (Allocation Failure) [PSYoungGen: 59389K->1440K(59904K)] 398594K->340652K(557056K), 0.0027984 secs] [Times: user=0.01 sys=0.00, real=0.00 secs] 
1857.087: [GC (Allocation Failure) [PSYoungGen: 59296K->1376K(59904K)] 398508K->340588K(557056K), 0.0022698 secs] [Times: user=0.00 sys=0.00, real=0.00 secs] 
1857.537: [GC (Allocation Failure) [PSYoungGen: 59232K->1408K(59904K)] 398444K->340620K(557056K), 0.0023532 secs] [Times: user=0.01 sys=0.00, real=0.00 secs] 
1857.962: [GC (Allocation Failure) [PSYoungGen: 59264K->1408K(59904K)] 398476K->340620K(557056K), 0.0025850 secs] [Times: user=0.01 sys=0.00, real=0.00 secs] 
1858.415: [GC (Allocation Failure) [PSYoungGen: 59264K->1440K(59904K)] 398476K->340652K(557056K), 0.0026534 secs] [Times: user=0.01 sys=0.00, real=0.00 secs] 
1858.852: [GC (Allocation Failure) [PSYoungGen: 59296K->1533K(59904K)] 398508K->340746K(557056K), 0.0016385 secs] [Times: user=0.01 sys=0.00, real=0.00 secs] 
1859.190: [GC (Allocation Failure) [PSYoungGen: 59360K->1536K(59904K)] 398573K->340764K(557056K), 0.0015938 secs] [Times: user=0.00 sys=0.00, real=0.00 secs] 
1859.527: [GC (Allocation Failure) [PSYoungGen: 59392K->1520K(59904K)] 398620K->340748K(557056K), 0.0015776 secs] [Times: user=0.01 sys=0.00, real=0.00 secs] 
1859.922: [GC (Allocation Failure) [PSYoungGen: 59376K->1552K(59904K)] 398604K->340781K(557056K), 0.0016339 secs] [Times: user=0.00 sys=0.00, real=0.00 secs] 
1860.862: [GC (Allocation Failure) [PSYoungGen: 59408K->1376K(59904K)] 398637K->340604K(557056K), 0.0027093 secs] [Times: user=0.01 sys=0.01, real=0.00 secs] 
1861.323: [GC (Allocation Failure) [PSYoungGen: 59232K->1408K(59904K)] 398460K->340636K(557056K), 0.0021813 secs] [Times: user=0.01 sys=0.00, real=0.00 secs] 
1861.572: [GC (Allocation Failure) [PSYoungGen: 59264K->1408K(59904K)] 398492K->340636K(557056K), 0.0020021 secs] [Times: user=0.01 sys=0.00, real=0.00 secs] 
1861.869: [GC (Allocation Failure) [PSYoungGen: 59264K->1408K(59904K)] 398492K->340636K(557056K), 0.0019172 secs] [Times: user=0.01 sys=0.00, real=0.00 secs] 
1862.116: [GC (Allocation Failure) [PSYoungGen: 59264K->1392K(59904K)] 398492K->340620K(557056K), 0.0017976 secs] [Times: user=0.00 sys=0.00, real=0.00 secs] 
1862.484: [GC (Allocation Failure) [PSYoungGen: 59226K->1501K(59904K)] 398455K->340730K(557056K), 0.0017464 secs] [Times: user=0.01 sys=0.00, real=0.00 secs] 
1862.882: [GC (Allocation Failure) [PSYoungGen: 59357K->1520K(59904K)] 398586K->340764K(557056K), 0.0015906 secs] [Times: user=0.01 sys=0.00, real=0.00 secs] 
1863.221: [GC (Allocation Failure) [PSYoungGen: 59376K->1520K(59904K)] 398620K->340765K(557056K), 0.0016777 secs] [Times: user=0.01 sys=0.00, real=0.01 secs] 
1863.611: [GC (Allocation Failure) [PSYoungGen: 59376K->1552K(59904K)] 398621K->340797K(557056K), 0.0016759 secs] [Times: user=0.01 sys=0.00, real=0.01 secs] 
1864.060: [GC (Allocation Failure) [PSYoungGen: 59408K->1440K(59904K)] 398653K->340684K(557056K), 0.0036961 secs] [Times: user=0.01 sys=0.00, real=0.01 secs] 
1864.303: [GC (Allocation Failure) [PSYoungGen: 59296K->1376K(59904K)] 398540K->340636K(557056K), 0.0023009 secs] [Times: user=0.01 sys=0.00, real=0.00 secs] 
1864.544: [GC (Allocation Failure) [PSYoungGen: 59232K->1408K(59904K)] 398492K->340668K(557056K), 0.0019449 secs] [Times: user=0.00 sys=0.00, real=0.00 secs] 
1864.791: [GC (Allocation Failure) [PSYoungGen: 59264K->1376K(59904K)] 398524K->340636K(557056K), 0.0027248 secs] [Times: user=0.01 sys=0.00, real=0.01 secs] 
1865.027: [GC (Allocation Failure) [PSYoungGen: 59232K->1344K(59904K)] 398492K->340604K(557056K), 0.0020365 secs] [Times: user=0.01 sys=0.00, real=0.00 secs] 
1865.370: [GC (Allocation Failure) [PSYoungGen: 59189K->1520K(59904K)] 398450K->340781K(557056K), 0.0015951 secs] [Times: user=0.01 sys=0.00, real=0.00 secs] 
1865.708: [GC (Allocation Failure) [PSYoungGen: 59376K->1581K(59904K)] 398637K->340850K(557056K), 0.0016191 secs] [Times: user=0.01 sys=0.00, real=0.00 secs] 
1866.044: [GC (Allocation Failure) [PSYoungGen: 59437K->1552K(59904K)] 398706K->340821K(557056K), 0.0015468 secs] [Times: user=0.01 sys=0.00, real=0.00 secs] 
1866.381: [GC (Allocation Failure) [PSYoungGen: 59408K->1552K(59904K)] 398677K->340821K(557056K), 0.0015932 secs] [Times: user=0.01 sys=0.00, real=0.01 secs] 
1866.717: [GC (Allocation Failure) [PSYoungGen: 59408K->1440K(59904K)] 398677K->340716K(557056K), 0.0017375 secs] [Times: user=0.00 sys=0.00, real=0.00 secs] 
1866.957: [GC (Allocation Failure) [PSYoungGen: 59296K->1392K(59904K)] 398572K->340668K(557056K), 0.0017694 secs] [Times: user=0.00 sys=0.00, real=0.00 secs] 
1867.197: [GC (Allocation Failure) [PSYoungGen: 59248K->1408K(59904K)] 398524K->340684K(557056K), 0.0016773 secs] [Times: user=0.01 sys=0.00, real=0.00 secs] 
1867.438: [GC (Allocation Failure) [PSYoungGen: 59264K->1408K(59904K)] 398540K->340684K(557056K), 0.0016227 secs] [Times: user=0.01 sys=0.00, real=0.00 secs] 
1867.677: [GC (Allocation Failure) [PSYoungGen: 59264K->1376K(59904K)] 398540K->340652K(557056K), 0.0016417 secs] [Times: user=0.00 sys=0.00, real=0.00 secs] 
1868.154: [GC (Allocation Failure) [PSYoungGen: 59232K->1456K(59904K)] 398508K->340732K(557056K), 0.0015187 secs] [Times: user=0.01 sys=0.00, real=0.00 secs] 
1868.493: [GC (Allocation Failure) [PSYoungGen: 59301K->1533K(59904K)] 398578K->340818K(557056K), 0.0017699 secs] [Times: user=0.00 sys=0.00, real=0.00 secs] 
1868.829: [GC (Allocation Failure) [PSYoungGen: 59389K->1552K(59904K)] 398674K->340837K(557056K), 0.0016761 secs] [Times: user=0.01 sys=0.00, real=0.00 secs] 
1869.233: [GC (Allocation Failure) [PSYoungGen: 59408K->1517K(59904K)] 398693K->340802K(557056K), 0.0017545 secs] [Times: user=0.00 sys=0.00, real=0.00 secs] 
1869.564: [GC (Allocation Failure) [PSYoungGen: 59373K->1472K(59904K)] 398658K->340764K(557056K), 0.0020103 secs] [Times: user=0.01 sys=0.00, real=0.00 secs] 
1869.846: [GC (Allocation Failure) [PSYoungGen: 59328K->1408K(59904K)] 398620K->340700K(557056K), 0.0018598 secs] [Times: user=0.01 sys=0.00, real=0.00 secs] 
1870.094: [GC (Allocation Failure) [PSYoungGen: 59264K->1344K(59904K)] 398556K->340636K(557056K), 0.0017872 secs] [Times: user=0.01 sys=0.01, real=0.00 secs] 
1870.588: [GC (Allocation Failure) [PSYoungGen: 59200K->1408K(59904K)] 398492K->340700K(557056K), 0.0018333 secs] [Times: user=0.00 sys=0.00, real=0.00 secs] 
1871.411: [GC (Allocation Failure) [PSYoungGen: 59264K->1376K(59904K)] 398556K->340668K(557056K), 0.0039926 secs] [Times: user=0.02 sys=0.00, real=0.01 secs] 
1872.262: [GC (Allocation Failure) [PSYoungGen: 59232K->1536K(59904K)] 398524K->340828K(557056K), 0.0015512 secs] [Times: user=0.01 sys=0.00, real=0.00 secs] 
1872.607: [GC (Allocation Failure) [PSYoungGen: 59387K->1552K(59904K)] 398680K->340860K(557056K), 0.0016215 secs] [Times: user=0.00 sys=0.00, real=0.00 secs] 
1872.950: [GC (Allocation Failure) [PSYoungGen: 59408K->1520K(59904K)] 398716K->340828K(557056K), 0.0017103 secs] [Times: user=0.01 sys=0.00, real=0.01 secs] 
1873.290: [GC (Allocation Failure) [PSYoungGen: 59376K->1520K(59904K)] 398684K->340829K(557056K), 0.0017710 secs] [Times: user=0.00 sys=0.00, real=0.01 secs] 
1873.940: [GC (Allocation Failure) [PSYoungGen: 59376K->1504K(59904K)] 398685K->340812K(557056K), 0.0022181 secs] [Times: user=0.01 sys=0.00, real=0.01 secs] 
1874.609: [GC (Allocation Failure) [PSYoungGen: 59360K->1440K(59904K)] 398668K->340748K(557056K), 0.0018248 secs] [Times: user=0.00 sys=0.00, real=0.00 secs] 
1874.849: [GC (Allocation Failure) [PSYoungGen: 59296K->1344K(59904K)] 398604K->340668K(557056K), 0.0019739 secs] [Times: user=0.01 sys=0.00, real=0.00 secs] 
1875.101: [GC (Allocation Failure) [PSYoungGen: 59200K->1376K(59904K)] 398524K->340700K(557056K), 0.0018654 secs] [Times: user=0.01 sys=0.00, real=0.01 secs] 
1875.515: [GC (Allocation Failure) [PSYoungGen: 59232K->1344K(59904K)] 398556K->340668K(557056K), 0.0017637 secs] [Times: user=0.00 sys=0.00, real=0.00 secs] 
1875.982: [GC (Allocation Failure) [PSYoungGen: 59170K->1453K(59904K)] 398495K->340778K(557056K), 0.0015092 secs] [Times: user=0.01 sys=0.00, real=0.00 secs] 
1876.317: [GC (Allocation Failure) [PSYoungGen: 59309K->1488K(59904K)] 398634K->340828K(557056K), 0.0015725 secs] [Times: user=0.01 sys=0.00, real=0.00 secs] 
1876.654: [GC (Allocation Failure) [PSYoungGen: 59344K->1517K(59904K)] 398684K->340858K(557056K), 0.0014298 secs] [Times: user=0.01 sys=0.00, real=0.00 secs] 
1876.991: [GC (Allocation Failure) [PSYoungGen: 59373K->1517K(59904K)] 398714K->340858K(557056K), 0.0017292 secs] [Times: user=0.01 sys=0.00, real=0.01 secs] 
1877.471: [GC (Allocation Failure) [PSYoungGen: 59373K->1488K(59904K)] 398714K->340828K(557056K), 0.0020248 secs] [Times: user=0.01 sys=0.00, real=0.01 secs] 
1877.766: [GC (Allocation Failure) [PSYoungGen: 59344K->1344K(59904K)] 398684K->340684K(557056K), 0.0020262 secs] [Times: user=0.00 sys=0.00, real=0.00 secs] 
1878.060: [GC (Allocation Failure) [PSYoungGen: 59200K->1344K(59904K)] 398540K->340684K(557056K), 0.0019430 secs] [Times: user=0.01 sys=0.00, real=0.01 secs] 
1878.319: [GC (Allocation Failure) [PSYoungGen: 59200K->1408K(59904K)] 398540K->340748K(557056K), 0.0018301 secs] [Times: user=0.01 sys=0.00, real=0.00 secs] 
1878.560: [GC (Allocation Failure) [PSYoungGen: 59264K->1408K(59904K)] 398604K->340748K(557056K), 0.0016922 secs] [Times: user=0.01 sys=0.00, real=0.00 secs] 
1878.868: [GC (Allocation Failure) [PSYoungGen: 59264K->1440K(59904K)] 398604K->340780K(557056K), 0.0015899 secs] [Times: user=0.01 sys=0.00, real=0.00 secs] 
1879.205: [GC (Allocation Failure) [PSYoungGen: 59274K->1520K(59904K)] 398615K->340868K(557056K), 0.0015244 secs] [Times: user=0.00 sys=0.00, real=0.00 secs] 
1879.541: [GC (Allocation Failure) [PSYoungGen: 59376K->1533K(59904K)] 398724K->340882K(557056K), 0.0016113 secs] [Times: user=0.00 sys=0.00, real=0.01 secs] 
1879.879: [GC (Allocation Failure) [PSYoungGen: 59389K->1552K(59904K)] 398738K->340901K(557056K), 0.0016732 secs] [Times: user=0.01 sys=0.00, real=0.00 secs] 
1880.281: [GC (Allocation Failure) [PSYoungGen: 59408K->1936K(59904K)] 398757K->341284K(557056K), 0.0018439 secs] [Times: user=0.01 sys=0.00, real=0.01 secs] 
1880.775: [GC (Allocation Failure) [PSYoungGen: 59792K->1376K(59904K)] 399140K->340724K(557056K), 0.0017390 secs] [Times: user=0.00 sys=0.00, real=0.00 secs] 
1881.273: [GC (Allocation Failure) [PSYoungGen: 59232K->1376K(59904K)] 398580K->340724K(557056K), 0.0034134 secs] [Times: user=0.01 sys=0.00, real=0.00 secs] 
1881.738: [GC (Allocation Failure) [PSYoungGen: 59232K->1408K(59904K)] 398580K->340756K(557056K), 0.0020941 secs] [Times: user=0.01 sys=0.00, real=0.00 secs] 
1881.982: [GC (Allocation Failure) [PSYoungGen: 59264K->1328K(59904K)] 398612K->340676K(557056K), 0.0019304 secs] [Times: user=0.01 sys=0.00, real=0.00 secs] 
1882.354: [GC (Allocation Failure) [PSYoungGen: 59184K->1488K(59904K)] 398532K->340836K(557056K), 0.0014602 secs] [Times: user=0.01 sys=0.00, real=0.00 secs] 
1882.690: [GC (Allocation Failure) [PSYoungGen: 59344K->1565K(59904K)] 398692K->340922K(557056K), 0.0014869 secs] [Times: user=0.00 sys=0.00, real=0.00 secs] 
1883.038: [GC (Allocation Failure) [PSYoungGen: 59421K->1549K(59904K)] 398778K->340906K(557056K), 0.0015359 secs] [Times: user=0.01 sys=0.00, real=0.00 secs] 
1883.379: [GC (Allocation Failure) [PSYoungGen: 59405K->1565K(59904K)] 398762K->340922K(557056K), 0.0017385 secs] [Times: user=0.00 sys=0.00, real=0.00 secs] 
1883.855: [GC (Allocation Failure) [PSYoungGen: 59421K->1728K(59904K)] 398778K->341108K(557056K), 0.0019799 secs] [Times: user=0.01 sys=0.00, real=0.00 secs] 
1885.203: [GC (Allocation Failure) [PSYoungGen: 59584K->1408K(59904K)] 398964K->340788K(557056K), 0.0026689 secs] [Times: user=0.01 sys=0.00, real=0.00 secs] 
1886.042: [GC (Allocation Failure) [PSYoungGen: 59264K->1376K(59904K)] 398644K->340756K(557056K), 0.0032701 secs] [Times: user=0.01 sys=0.00, real=0.00 secs] 
1886.557: [GC (Allocation Failure) [PSYoungGen: 59232K->1376K(59904K)] 398612K->340756K(557056K), 0.0023169 secs] [Times: user=0.01 sys=0.00, real=0.00 secs] 
1886.787: [GC (Allocation Failure) [PSYoungGen: 59232K->1376K(59904K)] 398612K->340756K(557056K), 0.0017376 secs] [Times: user=0.01 sys=0.00, real=0.00 secs] 
1887.142: [GC (Allocation Failure) [PSYoungGen: 59213K->1437K(59904K)] 398594K->340818K(557056K), 0.0014782 secs] [Times: user=0.00 sys=0.00, real=0.00 secs] 
1887.478: [GC (Allocation Failure) [PSYoungGen: 59293K->1552K(59904K)] 398674K->340941K(557056K), 0.0016943 secs] [Times: user=0.01 sys=0.00, real=0.00 secs] 
1887.817: [GC (Allocation Failure) [PSYoungGen: 59386K->1520K(59904K)] 398775K->340909K(557056K), 0.0016484 secs] [Times: user=0.01 sys=0.00, real=0.00 secs] 
1888.159: [GC (Allocation Failure) [PSYoungGen: 59376K->1552K(59904K)] 398765K->340941K(557056K), 0.0027248 secs] [Times: user=0.02 sys=0.00, real=0.00 secs] 
1888.559: [GC (Allocation Failure) [PSYoungGen: 59408K->256K(59904K)] 398797K->339644K(557056K), 0.0017020 secs] [Times: user=0.00 sys=0.00, real=0.00 secs] 
1889.954: [GC (Allocation Failure) [PSYoungGen: 58112K->1344K(59904K)] 397500K->340732K(557056K), 0.0031561 secs] [Times: user=0.01 sys=0.00, real=0.00 secs] 
1890.188: [GC (Allocation Failure) [PSYoungGen: 59200K->1376K(59904K)] 398588K->340764K(557056K), 0.0019518 secs] [Times: user=0.01 sys=0.00, real=0.00 secs] 
1890.428: [GC (Allocation Failure) [PSYoungGen: 59232K->1424K(59904K)] 398620K->340812K(557056K), 0.0019902 secs] [Times: user=0.01 sys=0.00, real=0.00 secs] 
1890.669: [GC (Allocation Failure) [PSYoungGen: 59280K->1344K(59904K)] 398668K->340732K(557056K), 0.0018365 secs] [Times: user=0.01 sys=0.00, real=0.00 secs] 
1890.967: [GC (Allocation Failure) [PSYoungGen: 59200K->1488K(59904K)] 398588K->340877K(557056K), 0.0015444 secs] [Times: user=0.00 sys=0.00, real=0.00 secs] 
1891.307: [GC (Allocation Failure) [PSYoungGen: 59343K->1568K(59904K)] 398732K->340964K(557056K), 0.0015915 secs] [Times: user=0.01 sys=0.00, real=0.00 secs] 
1891.644: [GC (Allocation Failure) [PSYoungGen: 59424K->1584K(59904K)] 398820K->340981K(557056K), 0.0015529 secs] [Times: user=0.00 sys=0.00, real=0.00 secs] 
1891.981: [GC (Allocation Failure) [PSYoungGen: 59440K->1565K(59904K)] 398837K->340962K(557056K), 0.0015765 secs] [Times: user=0.01 sys=0.00, real=0.01 secs] 
1892.318: [GC (Allocation Failure) [PSYoungGen: 59421K->1565K(59904K)] 398818K->340962K(557056K), 0.0015895 secs] [Times: user=0.00 sys=0.00, real=0.00 secs] 
1892.604: [GC (Allocation Failure) [PSYoungGen: 59421K->1408K(59904K)] 398818K->340804K(557056K), 0.0017291 secs] [Times: user=0.01 sys=0.00, real=0.00 secs] 
1892.844: [GC (Allocation Failure) [PSYoungGen: 59264K->1312K(59904K)] 398660K->340708K(557056K), 0.0016891 secs] [Times: user=0.00 sys=0.00, real=0.00 secs] 
1893.205: [GC (Allocation Failure) [PSYoungGen: 59168K->1376K(59904K)] 398564K->340772K(557056K), 0.0016456 secs] [Times: user=0.01 sys=0.00, real=0.00 secs] 
1893.612: [GC (Allocation Failure) [PSYoungGen: 59232K->1376K(59904K)] 398628K->340772K(557056K), 0.0017467 secs] [Times: user=0.00 sys=0.00, real=0.00 secs] 
1894.051: [GC (Allocation Failure) [PSYoungGen: 59207K->1469K(59904K)] 398604K->340882K(557056K), 0.0019267 secs] [Times: user=0.00 sys=0.00, real=0.01 secs] 
1894.484: [GC (Allocation Failure) [PSYoungGen: 59325K->1552K(59904K)] 398738K->340965K(557056K), 0.0017418 secs] [Times: user=0.01 sys=0.00, real=0.00 secs] 
1894.822: [GC (Allocation Failure) [PSYoungGen: 59392K->1552K(59904K)] 398805K->340981K(557056K), 0.0016263 secs] [Times: user=0.01 sys=0.00, real=0.00 secs] 
1895.221: [GC (Allocation Failure) [PSYoungGen: 59408K->1552K(59904K)] 398837K->340981K(557056K), 0.0017696 secs] [Times: user=0.01 sys=0.00, real=0.01 secs] 
1895.557: [GC (Allocation Failure) [PSYoungGen: 59408K->1485K(59904K)] 398837K->340914K(557056K), 0.0017090 secs] [Times: user=0.01 sys=0.00, real=0.00 secs] 
1895.904: [GC (Allocation Failure) [PSYoungGen: 59341K->1440K(59904K)] 398770K->340868K(557056K), 0.0027902 secs] [Times: user=0.01 sys=0.00, real=0.00 secs] 
1896.143: [GC (Allocation Failure) [PSYoungGen: 59296K->1344K(59904K)] 398724K->340772K(557056K), 0.0019902 secs] [Times: user=0.01 sys=0.00, real=0.00 secs] 
1896.434: [GC (Allocation Failure) [PSYoungGen: 59200K->1376K(59904K)] 398628K->340804K(557056K), 0.0018919 secs] [Times: user=0.00 sys=0.00, real=0.00 secs] 
1896.674: [GC (Allocation Failure) [PSYoungGen: 59232K->1344K(59904K)] 398660K->340772K(557056K), 0.0018454 secs] [Times: user=0.01 sys=0.00, real=0.00 secs] 
1897.314: [GC (Allocation Failure) [PSYoungGen: 59096K->256K(59904K)] 398525K->339684K(557056K), 0.0024592 secs] [Times: user=0.01 sys=0.00, real=0.00 secs] 
1897.721: [GC (Allocation Failure) [PSYoungGen: 58112K->1488K(59904K)] 397540K->340916K(557056K), 0.0016371 secs] [Times: user=0.00 sys=0.00, real=0.01 secs] 
1898.118: [GC (Allocation Failure) [PSYoungGen: 59344K->1520K(59904K)] 398772K->340964K(557056K), 0.0015968 secs] [Times: user=0.00 sys=0.00, real=0.00 secs] 
1898.459: [GC (Allocation Failure) [PSYoungGen: 59376K->1488K(59904K)] 398820K->340932K(557056K), 0.0017275 secs] [Times: user=0.01 sys=0.00, real=0.00 secs] 
1898.795: [GC (Allocation Failure) [PSYoungGen: 59344K->1552K(59904K)] 398788K->340996K(557056K), 0.0015792 secs] [Times: user=0.01 sys=0.00, real=0.00 secs] 
1899.240: [GC (Allocation Failure) [PSYoungGen: 59408K->1344K(59904K)] 398852K->340788K(557056K), 0.0029370 secs] [Times: user=0.01 sys=0.00, real=0.01 secs] 
1899.789: [GC (Allocation Failure) [PSYoungGen: 59200K->1440K(59904K)] 398644K->340884K(557056K), 0.0029690 secs] [Times: user=0.01 sys=0.00, real=0.01 secs] 
1900.271: [GC (Allocation Failure) [PSYoungGen: 59296K->1408K(59904K)] 398740K->340852K(557056K), 0.0025254 secs] [Times: user=0.01 sys=0.00, real=0.01 secs] 
1900.724: [GC (Allocation Failure) [PSYoungGen: 59264K->1408K(59904K)] 398708K->340852K(557056K), 0.0023009 secs] [Times: user=0.01 sys=0.00, real=0.00 secs] 
1901.140: [GC (Allocation Failure) [PSYoungGen: 59264K->1408K(59904K)] 398708K->340852K(557056K), 0.0020445 secs] [Times: user=0.00 sys=0.01, real=0.01 secs] 
1901.558: [GC (Allocation Failure) [PSYoungGen: 59245K->1501K(59904K)] 398690K->340946K(557056K), 0.0015717 secs] [Times: user=0.01 sys=0.00, real=0.00 secs] 
1901.894: [GC (Allocation Failure) [PSYoungGen: 59357K->1549K(59904K)] 398802K->341002K(557056K), 0.0016251 secs] [Times: user=0.01 sys=0.00, real=0.00 secs] 
1902.231: [GC (Allocation Failure) [PSYoungGen: 59405K->1565K(59904K)] 398858K->341018K(557056K), 0.0016183 secs] [Times: user=0.01 sys=0.00, real=0.01 secs] 
1902.568: [GC (Allocation Failure) [PSYoungGen: 59421K->1549K(59904K)] 398874K->341002K(557056K), 0.0015976 secs] [Times: user=0.00 sys=0.00, real=0.00 secs] 
1902.869: [GC (Allocation Failure) [PSYoungGen: 59405K->1456K(59904K)] 398858K->340908K(557056K), 0.0016722 secs] [Times: user=0.01 sys=0.00, real=0.00 secs] 
1903.109: [GC (Allocation Failure) [PSYoungGen: 59312K->1392K(59904K)] 398764K->340844K(557056K), 0.0017417 secs] [Times: user=0.00 sys=0.00, real=0.00 secs] 
1903.350: [GC (Allocation Failure) [PSYoungGen: 59248K->1408K(59904K)] 398700K->340860K(557056K), 0.0016571 secs] [Times: user=0.01 sys=0.00, real=0.00 secs] 
1903.590: [GC (Allocation Failure) [PSYoungGen: 59264K->1408K(59904K)] 398716K->340876K(557056K), 0.0024364 secs] [Times: user=0.01 sys=0.00, real=0.01 secs] 
1903.831: [GC (Allocation Failure) [PSYoungGen: 59264K->1344K(59904K)] 398732K->340812K(557056K), 0.0023458 secs] [Times: user=0.00 sys=0.01, real=0.01 secs] 
1904.232: [GC (Allocation Failure) [PSYoungGen: 59200K->1501K(59904K)] 398668K->340970K(557056K), 0.0015251 secs] [Times: user=0.00 sys=0.00, real=0.00 secs] 
1904.571: [GC (Allocation Failure) [PSYoungGen: 59357K->1501K(59904K)] 398826K->340986K(557056K), 0.0015438 secs] [Times: user=0.00 sys=0.00, real=0.01 secs] 
1904.907: [GC (Allocation Failure) [PSYoungGen: 59357K->1565K(59904K)] 398842K->341050K(557056K), 0.0016576 secs] [Times: user=0.01 sys=0.00, real=0.00 secs] 
1905.243: [GC (Allocation Failure) [PSYoungGen: 59421K->1549K(59904K)] 398906K->341034K(557056K), 0.0015895 secs] [Times: user=0.01 sys=0.00, real=0.00 secs] 
1905.880: [GC (Allocation Failure) [PSYoungGen: 59405K->1408K(59904K)] 398890K->340900K(557056K), 0.0022867 secs] [Times: user=0.01 sys=0.00, real=0.01 secs] 
1906.510: [GC (Allocation Failure) [PSYoungGen: 59264K->1344K(59904K)] 398756K->340836K(557056K), 0.0025508 secs] [Times: user=0.01 sys=0.00, real=0.01 secs] 
1907.285: [GC (Allocation Failure) [PSYoungGen: 59200K->1376K(59904K)] 398692K->340868K(557056K), 0.0026998 secs] [Times: user=0.01 sys=0.00, real=0.00 secs] 
1907.950: [GC (Allocation Failure) [PSYoungGen: 59232K->1376K(59904K)] 398724K->340868K(557056K), 0.0029796 secs] [Times: user=0.01 sys=0.00, real=0.01 secs] 
1908.537: [GC (Allocation Failure) [PSYoungGen: 59232K->1344K(59904K)] 398724K->340836K(557056K), 0.0026360 secs] [Times: user=0.01 sys=0.00, real=0.00 secs] 
1909.073: [GC (Allocation Failure) [PSYoungGen: 59200K->1520K(59904K)] 398692K->341012K(557056K), 0.0017441 secs] [Times: user=0.00 sys=0.00, real=0.00 secs] 
1909.412: [GC (Allocation Failure) [PSYoungGen: 59376K->1552K(59904K)] 398868K->341052K(557056K), 0.0015811 secs] [Times: user=0.01 sys=0.00, real=0.00 secs] 
1909.749: [GC (Allocation Failure) [PSYoungGen: 59408K->1488K(59904K)] 398908K->340988K(557056K), 0.0015806 secs] [Times: user=0.00 sys=0.00, real=0.00 secs] 
1910.086: [GC (Allocation Failure) [PSYoungGen: 59344K->1552K(59904K)] 398844K->341052K(557056K), 0.0017070 secs] [Times: user=0.01 sys=0.00, real=0.00 secs] 
1910.506: [GC (Allocation Failure) [PSYoungGen: 59408K->1456K(59904K)] 398908K->340956K(557056K), 0.0017570 secs] [Times: user=0.01 sys=0.00, real=0.00 secs] 
1910.790: [GC (Allocation Failure) [PSYoungGen: 59312K->1376K(59904K)] 398812K->340876K(557056K), 0.0018205 secs] [Times: user=0.01 sys=0.00, real=0.01 secs] 
1911.031: [GC (Allocation Failure) [PSYoungGen: 59232K->1392K(59904K)] 398732K->340892K(557056K), 0.0017013 secs] [Times: user=0.00 sys=0.00, real=0.01 secs] 
1911.271: [GC (Allocation Failure) [PSYoungGen: 59248K->1376K(59904K)] 398748K->340876K(557056K), 0.0017815 secs] [Times: user=0.01 sys=0.00, real=0.01 secs] 
1911.511: [GC (Allocation Failure) [PSYoungGen: 59232K->1376K(59904K)] 398732K->340876K(557056K), 0.0016414 secs] [Times: user=0.00 sys=0.00, real=0.01 secs] 
1911.839: [GC (Allocation Failure) [PSYoungGen: 59224K->1552K(59904K)] 398725K->341053K(557056K), 0.0015895 secs] [Times: user=0.00 sys=0.00, real=0.00 secs] 
1912.238: [GC (Allocation Failure) [PSYoungGen: 59408K->1517K(59904K)] 398909K->341026K(557056K), 0.0016553 secs] [Times: user=0.01 sys=0.00, real=0.00 secs] 
1912.629: [GC (Allocation Failure) [PSYoungGen: 59373K->1517K(59904K)] 398882K->341026K(557056K), 0.0016897 secs] [Times: user=0.01 sys=0.00, real=0.00 secs] 
1913.024: [GC (Allocation Failure) [PSYoungGen: 59373K->1552K(59904K)] 398882K->341061K(557056K), 0.0016524 secs] [Times: user=0.00 sys=0.00, real=0.00 secs] 
1914.545: [GC (Allocation Failure) [PSYoungGen: 59408K->1424K(59904K)] 398917K->340932K(557056K), 0.0033323 secs] [Times: user=0.01 sys=0.00, real=0.00 secs] 
1915.101: [GC (Allocation Failure) [PSYoungGen: 59280K->1376K(59904K)] 398788K->340900K(557056K), 0.0026326 secs] [Times: user=0.01 sys=0.00, real=0.01 secs] 
1915.347: [GC (Allocation Failure) [PSYoungGen: 59232K->1376K(59904K)] 398756K->340900K(557056K), 0.0020833 secs] [Times: user=0.01 sys=0.00, real=0.00 secs] 
1915.644: [GC (Allocation Failure) [PSYoungGen: 59232K->1376K(59904K)] 398756K->340900K(557056K), 0.0028167 secs] [Times: user=0.01 sys=0.00, real=0.00 secs] 
1915.886: [GC (Allocation Failure) [PSYoungGen: 59232K->1376K(59904K)] 398756K->340900K(557056K), 0.0019463 secs] [Times: user=0.00 sys=0.00, real=0.00 secs] 
1916.206: [GC (Allocation Failure) [PSYoungGen: 59230K->1456K(59904K)] 398755K->340980K(557056K), 0.0015076 secs] [Times: user=0.01 sys=0.00, real=0.00 secs] 
1916.542: [GC (Allocation Failure) [PSYoungGen: 59312K->1520K(59904K)] 398836K->341052K(557056K), 0.0016621 secs] [Times: user=0.01 sys=0.00, real=0.00 secs] 
1916.879: [GC (Allocation Failure) [PSYoungGen: 59376K->1533K(59904K)] 398908K->341066K(557056K), 0.0015438 secs] [Times: user=0.01 sys=0.00, real=0.00 secs] 
1917.215: [GC (Allocation Failure) [PSYoungGen: 59389K->1517K(59904K)] 398922K->341050K(557056K), 0.0016963 secs] [Times: user=0.01 sys=0.00, real=0.00 secs] 
1917.793: [GC (Allocation Failure) [PSYoungGen: 59373K->1456K(59904K)] 398906K->340988K(557056K), 0.0020143 secs] [Times: user=0.01 sys=0.00, real=0.00 secs] 
1918.656: [GC (Allocation Failure) [PSYoungGen: 59312K->1376K(59904K)] 398844K->340908K(557056K), 0.0029407 secs] [Times: user=0.01 sys=0.00, real=0.00 secs] 
1919.498: [GC (Allocation Failure) [PSYoungGen: 59232K->1376K(59904K)] 398764K->340908K(557056K), 0.0040509 secs] [Times: user=0.01 sys=0.00, real=0.01 secs] 
1920.274: [GC (Allocation Failure) [PSYoungGen: 59232K->1360K(59904K)] 398764K->340892K(557056K), 0.0030276 secs] [Times: user=0.01 sys=0.00, real=0.00 secs] 
1920.937: [GC (Allocation Failure) [PSYoungGen: 59216K->1376K(59904K)] 398748K->340908K(557056K), 0.0042263 secs] [Times: user=0.02 sys=0.00, real=0.00 secs] 
1921.483: [GC (Allocation Failure) [PSYoungGen: 59229K->1520K(59904K)] 398762K->341053K(557056K), 0.0014117 secs] [Times: user=0.00 sys=0.00, real=0.00 secs] 
1921.819: [GC (Allocation Failure) [PSYoungGen: 59376K->1552K(59904K)] 398909K->341093K(557056K), 0.0016260 secs] [Times: user=0.01 sys=0.00, real=0.00 secs] 
1922.218: [GC (Allocation Failure) [PSYoungGen: 59408K->1549K(59904K)] 398949K->341090K(557056K), 0.0017492 secs] [Times: user=0.00 sys=0.00, real=0.00 secs] 
1922.555: [GC (Allocation Failure) [PSYoungGen: 59405K->1520K(59904K)] 398946K->341061K(557056K), 0.0015075 secs] [Times: user=0.01 sys=0.00, real=0.00 secs] 
1922.912: [GC (Allocation Failure) [PSYoungGen: 59376K->1488K(59904K)] 398917K->341028K(557056K), 0.0019634 secs] [Times: user=0.00 sys=0.00, real=0.00 secs] 
1923.181: [GC (Allocation Failure) [PSYoungGen: 59344K->1408K(59904K)] 398884K->340948K(557056K), 0.0017497 secs] [Times: user=0.00 sys=0.00, real=0.01 secs] 
1923.427: [GC (Allocation Failure) [PSYoungGen: 59264K->1408K(59904K)] 398804K->340948K(557056K), 0.0019307 secs] [Times: user=0.01 sys=0.00, real=0.00 secs] 
1923.668: [GC (Allocation Failure) [PSYoungGen: 59264K->1376K(59904K)] 398804K->340916K(557056K), 0.0019751 secs] [Times: user=0.01 sys=0.00, real=0.00 secs] 
1923.908: [GC (Allocation Failure) [PSYoungGen: 59232K->1376K(59904K)] 398772K->340916K(557056K), 0.0020275 secs] [Times: user=0.01 sys=0.00, real=0.00 secs] 
1924.216: [GC (Allocation Failure) [PSYoungGen: 59205K->1456K(59904K)] 398746K->340996K(557056K), 0.0014959 secs] [Times: user=0.01 sys=0.00, real=0.00 secs] 
1924.552: [GC (Allocation Failure) [PSYoungGen: 59312K->1552K(59904K)] 398852K->341108K(557056K), 0.0015879 secs] [Times: user=0.01 sys=0.00, real=0.01 secs] 
1924.895: [GC (Allocation Failure) [PSYoungGen: 59408K->1520K(59904K)] 398964K->341100K(557056K), 0.0015262 secs] [Times: user=0.00 sys=0.00, real=0.00 secs] 
1925.312: [GC (Allocation Failure) [PSYoungGen: 59376K->1533K(59904K)] 398956K->341114K(557056K), 0.0016639 secs] [Times: user=0.01 sys=0.00, real=0.00 secs] 
1925.711: [GC (Allocation Failure) [PSYoungGen: 59389K->1472K(59904K)] 398970K->341052K(557056K), 0.0018178 secs] [Times: user=0.00 sys=0.00, real=0.01 secs] 
1925.967: [GC (Allocation Failure) [PSYoungGen: 59328K->1408K(59904K)] 398908K->340988K(557056K), 0.0021579 secs] [Times: user=0.01 sys=0.00, real=0.00 secs] 
1926.211: [GC (Allocation Failure) [PSYoungGen: 59264K->1344K(59904K)] 398844K->340924K(557056K), 0.0019657 secs] [Times: user=0.01 sys=0.00, real=0.01 secs] 
1926.513: [GC (Allocation Failure) [PSYoungGen: 59200K->1376K(59904K)] 398780K->340956K(557056K), 0.0019684 secs] [Times: user=0.00 sys=0.01, real=0.00 secs] 
1926.960: [GC (Allocation Failure) [PSYoungGen: 59232K->1440K(59904K)] 398812K->341020K(557056K), 0.0018748 secs] [Times: user=0.01 sys=0.00, real=0.00 secs] 
1927.411: [GC (Allocation Failure) [PSYoungGen: 59296K->1453K(59904K)] 398876K->341034K(557056K), 0.0015232 secs] [Times: user=0.00 sys=0.00, real=0.01 secs] 
1927.748: [GC (Allocation Failure) [PSYoungGen: 59292K->1520K(59904K)] 398873K->341116K(557056K), 0.0016415 secs] [Times: user=0.01 sys=0.00, real=0.00 secs] 
1928.086: [GC (Allocation Failure) [PSYoungGen: 59376K->1552K(59904K)] 398972K->341149K(557056K), 0.0015601 secs] [Times: user=0.00 sys=0.00, real=0.00 secs] 
1928.484: [GC (Allocation Failure) [PSYoungGen: 59408K->1517K(59904K)] 399005K->341122K(557056K), 0.0017009 secs] [Times: user=0.01 sys=0.00, real=0.00 secs] 
1928.909: [GC (Allocation Failure) [PSYoungGen: 59373K->2016K(59904K)] 398978K->341620K(557056K), 0.0017772 secs] [Times: user=0.00 sys=0.01, real=0.00 secs] 
1929.169: [GC (Allocation Failure) [PSYoungGen: 59872K->1408K(59904K)] 399476K->341012K(557056K), 0.0019719 secs] [Times: user=0.01 sys=0.00, real=0.00 secs] 
1929.410: [GC (Allocation Failure) [PSYoungGen: 59264K->1376K(59904K)] 398868K->340980K(557056K), 0.0019596 secs] [Times: user=0.00 sys=0.00, real=0.01 secs] 
1929.687: [GC (Allocation Failure) [PSYoungGen: 59232K->1408K(59904K)] 398836K->341012K(557056K), 0.0019020 secs] [Times: user=0.01 sys=0.00, real=0.00 secs] 
1930.059: [GC (Allocation Failure) [PSYoungGen: 59264K->1408K(59904K)] 398868K->341012K(557056K), 0.0018233 secs] [Times: user=0.01 sys=0.00, real=0.00 secs] 
1930.462: [GC (Allocation Failure) [PSYoungGen: 59242K->1488K(59904K)] 398847K->341092K(557056K), 0.0016116 secs] [Times: user=0.01 sys=0.00, real=0.00 secs] 
1930.798: [GC (Allocation Failure) [PSYoungGen: 59344K->1584K(59904K)] 398948K->341197K(557056K), 0.0015831 secs] [Times: user=0.01 sys=0.00, real=0.00 secs] 
1931.135: [GC (Allocation Failure) [PSYoungGen: 59416K->1552K(59904K)] 399029K->341165K(557056K), 0.0016568 secs] [Times: user=0.00 sys=0.00, real=0.00 secs] 
1931.473: [GC (Allocation Failure) [PSYoungGen: 59408K->1533K(59904K)] 399021K->341146K(557056K), 0.0016002 secs] [Times: user=0.00 sys=0.00, real=0.00 secs] 
1931.933: [GC (Allocation Failure) [PSYoungGen: 59389K->1632K(59904K)] 399002K->341244K(557056K), 0.0018495 secs] [Times: user=0.01 sys=0.00, real=0.00 secs] 
1932.356: [GC (Allocation Failure) [PSYoungGen: 59488K->1392K(59904K)] 399100K->341004K(557056K), 0.0018276 secs] [Times: user=0.01 sys=0.00, real=0.00 secs] 
1932.599: [GC (Allocation Failure) [PSYoungGen: 59248K->1408K(59904K)] 398860K->341028K(557056K), 0.0022782 secs] [Times: user=0.01 sys=0.00, real=0.00 secs] 
1932.897: [GC (Allocation Failure) [PSYoungGen: 59264K->1376K(59904K)] 398884K->340996K(557056K), 0.0025638 secs] [Times: user=0.01 sys=0.00, real=0.00 secs] 
1933.138: [GC (Allocation Failure) [PSYoungGen: 59232K->1376K(59904K)] 398852K->340996K(557056K), 0.0018243 secs] [Times: user=0.01 sys=0.00, real=0.00 secs] 
1933.528: [GC (Allocation Failure) [PSYoungGen: 59231K->1469K(59904K)] 398852K->341114K(557056K), 0.0014972 secs] [Times: user=0.01 sys=0.00, real=0.00 secs] 
1933.864: [GC (Allocation Failure) [PSYoungGen: 59325K->1520K(59904K)] 398970K->341173K(557056K), 0.0017050 secs] [Times: user=0.01 sys=0.00, real=0.00 secs] 
1934.210: [GC (Allocation Failure) [PSYoungGen: 59353K->1613K(59904K)] 399006K->341266K(557056K), 0.0015144 secs] [Times: user=0.01 sys=0.00, real=0.00 secs] 
1934.547: [GC (Allocation Failure) [PSYoungGen: 59469K->1533K(59904K)] 399122K->341186K(557056K), 0.0016077 secs] [Times: user=0.01 sys=0.00, real=0.00 secs] 
1934.883: [GC (Allocation Failure) [PSYoungGen: 59389K->1520K(59904K)] 399042K->341180K(557056K), 0.0015464 secs] [Times: user=0.01 sys=0.00, real=0.00 secs] 
1935.178: [GC (Allocation Failure) [PSYoungGen: 59376K->1392K(59904K)] 399036K->341052K(557056K), 0.0016619 secs] [Times: user=0.01 sys=0.00, real=0.00 secs] 
1935.418: [GC (Allocation Failure) [PSYoungGen: 59248K->1376K(59904K)] 398908K->341036K(557056K), 0.0017656 secs] [Times: user=0.01 sys=0.00, real=0.00 secs] 
1935.659: [GC (Allocation Failure) [PSYoungGen: 59232K->1408K(59904K)] 398892K->341068K(557056K), 0.0017814 secs] [Times: user=0.00 sys=0.00, real=0.00 secs] 
1935.899: [GC (Allocation Failure) [PSYoungGen: 59264K->1376K(59904K)] 398924K->341036K(557056K), 0.0018031 secs] [Times: user=0.01 sys=0.00, real=0.00 secs] 
1936.187: [GC (Allocation Failure) [PSYoungGen: 59232K->1488K(59904K)] 398892K->341149K(557056K), 0.0014296 secs] [Times: user=0.01 sys=0.00, real=0.00 secs] 
1936.524: [GC (Allocation Failure) [PSYoungGen: 59344K->1533K(59904K)] 399005K->341202K(557056K), 0.0016080 secs] [Times: user=0.01 sys=0.00, real=0.00 secs] 
1936.862: [GC (Allocation Failure) [PSYoungGen: 59365K->1469K(59904K)] 399034K->341138K(557056K), 0.0016885 secs] [Times: user=0.00 sys=0.00, real=0.00 secs] 
1937.199: [GC (Allocation Failure) [PSYoungGen: 59325K->1568K(59904K)] 398994K->341236K(557056K), 0.0015769 secs] [Times: user=0.00 sys=0.00, real=0.00 secs] 
1937.536: [GC (Allocation Failure) [PSYoungGen: 59424K->1520K(59904K)] 399092K->341189K(557056K), 0.0015146 secs] [Times: user=0.00 sys=0.00, real=0.00 secs] 
1938.146: [GC (Allocation Failure) [PSYoungGen: 59376K->1440K(59904K)] 399045K->341108K(557056K), 0.0019247 secs] [Times: user=0.01 sys=0.00, real=0.00 secs] 
1938.672: [GC (Allocation Failure) [PSYoungGen: 59296K->1344K(59904K)] 398964K->341012K(557056K), 0.0026613 secs] [Times: user=0.01 sys=0.00, real=0.00 secs] 
1939.192: [GC (Allocation Failure) [PSYoungGen: 59200K->1344K(59904K)] 398868K->341012K(557056K), 0.0026027 secs] [Times: user=0.01 sys=0.00, real=0.00 secs] 
1939.578: [GC (Allocation Failure) [PSYoungGen: 59200K->1344K(59904K)] 398868K->341012K(557056K), 0.0026762 secs] [Times: user=0.01 sys=0.00, real=0.00 secs] 
1939.852: [GC (Allocation Failure) [PSYoungGen: 59200K->1456K(59904K)] 398868K->341125K(557056K), 0.0021474 secs] [Times: user=0.01 sys=0.00, real=0.00 secs] 
1940.284: [GC (Allocation Failure) [PSYoungGen: 59312K->1533K(59904K)] 398981K->341202K(557056K), 0.0017206 secs] [Times: user=0.01 sys=0.00, real=0.00 secs] 
1940.621: [GC (Allocation Failure) [PSYoungGen: 59389K->1533K(59904K)] 399058K->341218K(557056K), 0.0016135 secs] [Times: user=0.01 sys=0.00, real=0.01 secs] 
1940.958: [GC (Allocation Failure) [PSYoungGen: 59369K->1552K(59904K)] 399054K->341237K(557056K), 0.0015310 secs] [Times: user=0.01 sys=0.00, real=0.00 secs] 
1941.295: [GC (Allocation Failure) [PSYoungGen: 59408K->1488K(59904K)] 399093K->341172K(557056K), 0.0016573 secs] [Times: user=0.01 sys=0.00, real=0.00 secs] 
1942.246: [GC (Allocation Failure) [PSYoungGen: 59344K->1360K(59904K)] 399028K->341044K(557056K), 0.0036311 secs] [Times: user=0.01 sys=0.00, real=0.00 secs] 
1943.250: [GC (Allocation Failure) [PSYoungGen: 59216K->1376K(59904K)] 398900K->341060K(557056K), 0.0041155 secs] [Times: user=0.02 sys=0.00, real=0.01 secs] 
1944.142: [GC (Allocation Failure) [PSYoungGen: 59232K->1376K(59904K)] 398916K->341060K(557056K), 0.0040388 secs] [Times: user=0.01 sys=0.00, real=0.01 secs] 
1944.667: [GC (Allocation Failure) [PSYoungGen: 59232K->1344K(59904K)] 398916K->341028K(557056K), 0.0025946 secs] [Times: user=0.01 sys=0.00, real=0.00 secs] 
1944.905: [GC (Allocation Failure) [PSYoungGen: 59200K->1376K(59904K)] 398884K->341060K(557056K), 0.0018921 secs] [Times: user=0.01 sys=0.00, real=0.00 secs] 
1945.332: [GC (Allocation Failure) [PSYoungGen: 59213K->1520K(59904K)] 398898K->341205K(557056K), 0.0015758 secs] [Times: user=0.01 sys=0.00, real=0.00 secs] 
1945.669: [GC (Allocation Failure) [PSYoungGen: 59376K->1552K(59904K)] 399061K->341261K(557056K), 0.0015420 secs] [Times: user=0.01 sys=0.00, real=0.00 secs] 
1946.006: [GC (Allocation Failure) [PSYoungGen: 59408K->1520K(59904K)] 399117K->341228K(557056K), 0.0016650 secs] [Times: user=0.01 sys=0.00, real=0.00 secs] 
1946.342: [GC (Allocation Failure) [PSYoungGen: 59376K->1552K(59904K)] 399084K->341261K(557056K), 0.0015672 secs] [Times: user=0.00 sys=0.00, real=0.00 secs] 
1946.711: [GC (Allocation Failure) [PSYoungGen: 59408K->1440K(59904K)] 399117K->341148K(557056K), 0.0017878 secs] [Times: user=0.01 sys=0.00, real=0.01 secs] 
1946.967: [GC (Allocation Failure) [PSYoungGen: 59296K->1408K(59904K)] 399004K->341116K(557056K), 0.0017283 secs] [Times: user=0.00 sys=0.00, real=0.00 secs] 
1947.207: [GC (Allocation Failure) [PSYoungGen: 59264K->1376K(59904K)] 398972K->341084K(557056K), 0.0018466 secs] [Times: user=0.01 sys=0.00, real=0.00 secs] 
1947.467: [GC (Allocation Failure) [PSYoungGen: 59232K->1376K(59904K)] 398940K->341084K(557056K), 0.0019067 secs] [Times: user=0.01 sys=0.00, real=0.00 secs] 
1947.707: [GC (Allocation Failure) [PSYoungGen: 59232K->1360K(59904K)] 398940K->341068K(557056K), 0.0018204 secs] [Times: user=0.01 sys=0.00, real=0.00 secs] 
1948.139: [GC (Allocation Failure) [PSYoungGen: 59216K->1517K(59904K)] 398924K->341226K(557056K), 0.0015332 secs] [Times: user=0.01 sys=0.00, real=0.00 secs] 
1948.480: [GC (Allocation Failure) [PSYoungGen: 59368K->1488K(59904K)] 399077K->341204K(557056K), 0.0015422 secs] [Times: user=0.00 sys=0.00, real=0.00 secs] 
1948.821: [GC (Allocation Failure) [PSYoungGen: 59344K->1517K(59904K)] 399060K->341234K(557056K), 0.0016623 secs] [Times: user=0.01 sys=0.00, real=0.01 secs] 
1949.157: [GC (Allocation Failure) [PSYoungGen: 59373K->1520K(59904K)] 399090K->341236K(557056K), 0.0016274 secs] [Times: user=0.01 sys=0.00, real=0.00 secs] 
1949.515: [GC (Allocation Failure) [PSYoungGen: 59376K->1392K(59904K)] 399092K->341108K(557056K), 0.0017555 secs] [Times: user=0.00 sys=0.00, real=0.00 secs] 
1949.775: [GC (Allocation Failure) [PSYoungGen: 59248K->1392K(59904K)] 398964K->341108K(557056K), 0.0018119 secs] [Times: user=0.01 sys=0.00, real=0.00 secs] 
1950.055: [GC (Allocation Failure) [PSYoungGen: 59248K->1376K(59904K)] 398964K->341092K(557056K), 0.0016934 secs] [Times: user=0.01 sys=0.00, real=0.00 secs] 
1950.295: [GC (Allocation Failure) [PSYoungGen: 59232K->1376K(59904K)] 398948K->341092K(557056K), 0.0018378 secs] [Times: user=0.01 sys=0.00, real=0.00 secs] 
1950.535: [GC (Allocation Failure) [PSYoungGen: 59232K->1392K(59904K)] 398948K->341108K(557056K), 0.0019438 secs] [Times: user=0.00 sys=0.00, real=0.00 secs] 
1950.915: [GC (Allocation Failure) [PSYoungGen: 59248K->1520K(59904K)] 398964K->341237K(557056K), 0.0016354 secs] [Times: user=0.00 sys=0.00, real=0.00 secs] 
1951.253: [GC (Allocation Failure) [PSYoungGen: 59352K->1488K(59904K)] 399068K->341212K(557056K), 0.0015648 secs] [Times: user=0.00 sys=0.00, real=0.00 secs] 
1951.592: [GC (Allocation Failure) [PSYoungGen: 59344K->1584K(59904K)] 399068K->341309K(557056K), 0.0015841 secs] [Times: user=0.01 sys=0.00, real=0.00 secs] 
1951.930: [GC (Allocation Failure) [PSYoungGen: 59440K->1549K(59904K)] 399165K->341274K(557056K), 0.0015547 secs] [Times: user=0.01 sys=0.00, real=0.00 secs] 
1952.569: [GC (Allocation Failure) [PSYoungGen: 59405K->1408K(59904K)] 399130K->341132K(557056K), 0.0018569 secs] [Times: user=0.01 sys=0.00, real=0.00 secs] 
1952.906: [GC (Allocation Failure) [PSYoungGen: 59264K->1360K(59904K)] 398988K->341084K(557056K), 0.0029347 secs] [Times: user=0.01 sys=0.00, real=0.00 secs] 
1953.159: [GC (Allocation Failure) [PSYoungGen: 59216K->1344K(59904K)] 398940K->341084K(557056K), 0.0026842 secs] [Times: user=0.02 sys=0.00, real=0.01 secs] 
1953.413: [GC (Allocation Failure) [PSYoungGen: 59200K->1408K(59904K)] 398940K->341148K(557056K), 0.0019614 secs] [Times: user=0.01 sys=0.00, real=0.00 secs] 
1953.702: [GC (Allocation Failure) [PSYoungGen: 59264K->1408K(59904K)] 399004K->341148K(557056K), 0.0018095 secs] [Times: user=0.01 sys=0.00, real=0.00 secs] 
1954.169: [GC (Allocation Failure) [PSYoungGen: 59264K->1488K(59904K)] 399004K->341229K(557056K), 0.0015520 secs] [Times: user=0.01 sys=0.00, real=0.00 secs] 
1954.510: [GC (Allocation Failure) [PSYoungGen: 59344K->1549K(59904K)] 399085K->341298K(557056K), 0.0016773 secs] [Times: user=0.00 sys=0.00, real=0.00 secs] 
1954.853: [GC (Allocation Failure) [PSYoungGen: 59405K->1549K(59904K)] 399154K->341298K(557056K), 0.0015005 secs] [Times: user=0.01 sys=0.00, real=0.00 secs] 
1955.260: [GC (Allocation Failure) [PSYoungGen: 59405K->1549K(59904K)] 399154K->341298K(557056K), 0.0017711 secs] [Times: user=0.00 sys=0.00, real=0.01 secs] 
1955.613: [GC (Allocation Failure) [PSYoungGen: 59405K->1424K(59904K)] 399154K->341172K(557056K), 0.0027535 secs] [Times: user=0.01 sys=0.00, real=0.00 secs] 
1955.855: [GC (Allocation Failure) [PSYoungGen: 59280K->1344K(59904K)] 399028K->341092K(557056K), 0.0018606 secs] [Times: user=0.00 sys=0.00, real=0.00 secs] 
1956.096: [GC (Allocation Failure) [PSYoungGen: 59200K->1344K(59904K)] 398948K->341092K(557056K), 0.0018906 secs] [Times: user=0.01 sys=0.00, real=0.00 secs] 
1956.336: [GC (Allocation Failure) [PSYoungGen: 59200K->1376K(59904K)] 398948K->341124K(557056K), 0.0018783 secs] [Times: user=0.01 sys=0.00, real=0.00 secs] 
1956.593: [GC (Allocation Failure) [PSYoungGen: 59232K->1376K(59904K)] 398980K->341124K(557056K), 0.0019413 secs] [Times: user=0.01 sys=0.00, real=0.00 secs] 
1956.937: [GC (Allocation Failure) [PSYoungGen: 59221K->1520K(59904K)] 398970K->341269K(557056K), 0.0017476 secs] [Times: user=0.01 sys=0.00, real=0.00 secs] 
1957.275: [GC (Allocation Failure) [PSYoungGen: 59376K->1485K(59904K)] 399125K->341242K(557056K), 0.0017076 secs] [Times: user=0.01 sys=0.00, real=0.00 secs] 
1957.612: [GC (Allocation Failure) [PSYoungGen: 59341K->1584K(59904K)] 399098K->341341K(557056K), 0.0016206 secs] [Times: user=0.00 sys=0.00, real=0.00 secs] 
1957.948: [GC (Allocation Failure) [PSYoungGen: 59440K->1520K(59904K)] 399197K->341277K(557056K), 0.0015661 secs] [Times: user=0.01 sys=0.00, real=0.00 secs] 
1959.476: [GC (Allocation Failure) [PSYoungGen: 59376K->1424K(59904K)] 399133K->341180K(557056K), 0.0029675 secs] [Times: user=0.02 sys=0.00, real=0.00 secs] 
1960.413: [GC (Allocation Failure) [PSYoungGen: 59280K->1408K(59904K)] 399036K->341164K(557056K), 0.0032986 secs] [Times: user=0.02 sys=0.00, real=0.00 secs] 
1961.042: [GC (Allocation Failure) [PSYoungGen: 59264K->1392K(59904K)] 399020K->341148K(557056K), 0.0025293 secs] [Times: user=0.00 sys=0.00, real=0.00 secs] 
1961.574: [GC (Allocation Failure) [PSYoungGen: 59248K->1408K(59904K)] 399004K->341164K(557056K), 0.0025054 secs] [Times: user=0.01 sys=0.00, real=0.00 secs] 
1961.924: [GC (Allocation Failure) [PSYoungGen: 59264K->1376K(59904K)] 399020K->341132K(557056K), 0.0025196 secs] [Times: user=0.01 sys=0.00, real=0.00 secs] 
1962.301: [GC (Allocation Failure) [PSYoungGen: 59222K->1517K(59904K)] 398979K->341274K(557056K), 0.0015352 secs] [Times: user=0.00 sys=0.00, real=0.01 secs] 
1962.697: [GC (Allocation Failure) [PSYoungGen: 59373K->1520K(59904K)] 399130K->341292K(557056K), 0.0016835 secs] [Times: user=0.00 sys=0.00, real=0.00 secs] 
1963.034: [GC (Allocation Failure) [PSYoungGen: 59376K->1517K(59904K)] 399148K->341290K(557056K), 0.0016978 secs] [Times: user=0.00 sys=0.00, real=0.00 secs] 
1963.437: [GC (Allocation Failure) [PSYoungGen: 59373K->1552K(59904K)] 399146K->341325K(557056K), 0.0015790 secs] [Times: user=0.00 sys=0.00, real=0.00 secs] 
1963.896: [GC (Allocation Failure) [PSYoungGen: 59408K->1456K(59904K)] 399181K->341228K(557056K), 0.0027651 secs] [Times: user=0.01 sys=0.00, real=0.00 secs] 
1964.456: [GC (Allocation Failure) [PSYoungGen: 59312K->1440K(59904K)] 399084K->341212K(557056K), 0.0030493 secs] [Times: user=0.01 sys=0.00, real=0.00 secs] 
1964.862: [GC (Allocation Failure) [PSYoungGen: 59296K->1360K(59904K)] 399068K->341132K(557056K), 0.0020741 secs] [Times: user=0.00 sys=0.00, real=0.00 secs] 
1965.134: [GC (Allocation Failure) [PSYoungGen: 59216K->1408K(59904K)] 398988K->341180K(557056K), 0.0019847 secs] [Times: user=0.00 sys=0.00, real=0.00 secs] 
1965.374: [GC (Allocation Failure) [PSYoungGen: 59264K->1376K(59904K)] 399036K->341148K(557056K), 0.0018911 secs] [Times: user=0.01 sys=0.00, real=0.00 secs] 
1965.688: [GC (Allocation Failure) [PSYoungGen: 59226K->1456K(59904K)] 398999K->341228K(557056K), 0.0015129 secs] [Times: user=0.00 sys=0.00, real=0.00 secs] 
1966.024: [GC (Allocation Failure) [PSYoungGen: 59312K->1520K(59904K)] 399084K->341316K(557056K), 0.0016470 secs] [Times: user=0.01 sys=0.00, real=0.00 secs] 
1966.361: [GC (Allocation Failure) [PSYoungGen: 59376K->1520K(59904K)] 399172K->341316K(557056K), 0.0015307 secs] [Times: user=0.00 sys=0.00, real=0.01 secs] 
1966.696: [GC (Allocation Failure) [PSYoungGen: 59376K->1456K(59904K)] 399172K->341252K(557056K), 0.0016427 secs] [Times: user=0.00 sys=0.00, real=0.00 secs] 
1967.036: [GC (Allocation Failure) [PSYoungGen: 59312K->1424K(59904K)] 399108K->341220K(557056K), 0.0017968 secs] [Times: user=0.00 sys=0.00, real=0.00 secs] 
1967.358: [GC (Allocation Failure) [PSYoungGen: 59280K->1392K(59904K)] 399076K->341188K(557056K), 0.0016706 secs] [Times: user=0.01 sys=0.00, real=0.00 secs] 
1967.826: [GC (Allocation Failure) [PSYoungGen: 59248K->1344K(59904K)] 399044K->341140K(557056K), 0.0017850 secs] [Times: user=0.01 sys=0.00, real=0.00 secs] 
1968.576: [GC (Allocation Failure) [PSYoungGen: 59200K->1376K(59904K)] 398996K->341172K(557056K), 0.0022669 secs] [Times: user=0.01 sys=0.00, real=0.00 secs] 
1969.054: [GC (Allocation Failure) [PSYoungGen: 59232K->1408K(59904K)] 399028K->341204K(557056K), 0.0031490 secs] [Times: user=0.01 sys=0.00, real=0.00 secs] 
1969.597: [GC (Allocation Failure) [PSYoungGen: 59264K->1485K(59904K)] 399060K->341282K(557056K), 0.0013801 secs] [Times: user=0.01 sys=0.00, real=0.00 secs] 
1969.991: [GC (Allocation Failure) [PSYoungGen: 59315K->1520K(59904K)] 399112K->341332K(557056K), 0.0016562 secs] [Times: user=0.00 sys=0.00, real=0.01 secs] 
1970.328: [GC (Allocation Failure) [PSYoungGen: 59376K->1517K(59904K)] 399188K->341330K(557056K), 0.0017026 secs] [Times: user=0.00 sys=0.00, real=0.00 secs] 
1970.664: [GC (Allocation Failure) [PSYoungGen: 59373K->1549K(59904K)] 399186K->341362K(557056K), 0.0017278 secs] [Times: user=0.00 sys=0.00, real=0.00 secs] 
1971.072: [GC (Allocation Failure) [PSYoungGen: 59405K->1504K(59904K)] 399218K->341316K(557056K), 0.0021404 secs] [Times: user=0.00 sys=0.00, real=0.00 secs] 
1971.726: [GC (Allocation Failure) [PSYoungGen: 59360K->1344K(59904K)] 399172K->341156K(557056K), 0.0030370 secs] [Times: user=0.01 sys=0.00, real=0.00 secs] 
1972.193: [GC (Allocation Failure) [PSYoungGen: 59200K->1344K(59904K)] 399012K->341156K(557056K), 0.0028260 secs] [Times: user=0.01 sys=0.00, real=0.00 secs] 
1972.553: [GC (Allocation Failure) [PSYoungGen: 59200K->1408K(59904K)] 399012K->341220K(557056K), 0.0020444 secs] [Times: user=0.01 sys=0.00, real=0.00 secs] 
1972.805: [GC (Allocation Failure) [PSYoungGen: 59264K->1376K(59904K)] 399076K->341188K(557056K), 0.0018896 secs] [Times: user=0.00 sys=0.00, real=0.00 secs] 
1973.132: [GC (Allocation Failure) [PSYoungGen: 59232K->1488K(59904K)] 399044K->341301K(557056K), 0.0017519 secs] [Times: user=0.01 sys=0.00, real=0.00 secs] 
1973.471: [GC (Allocation Failure) [PSYoungGen: 59344K->1488K(59904K)] 399157K->341308K(557056K), 0.0016781 secs] [Times: user=0.01 sys=0.00, real=0.01 secs] 
1973.874: [GC (Allocation Failure) [PSYoungGen: 59312K->1520K(59904K)] 399133K->341340K(557056K), 0.0017331 secs] [Times: user=0.00 sys=0.00, real=0.00 secs] 
1974.213: [GC (Allocation Failure) [PSYoungGen: 59376K->1552K(59904K)] 399196K->341373K(557056K), 0.0017396 secs] [Times: user=0.01 sys=0.00, real=0.00 secs] 
1974.730: [GC (Allocation Failure) [PSYoungGen: 59408K->1952K(59904K)] 399229K->341788K(557056K), 0.0022779 secs] [Times: user=0.00 sys=0.00, real=0.01 secs] 
1975.221: [GC (Allocation Failure) [PSYoungGen: 59808K->1376K(59904K)] 399644K->341212K(557056K), 0.0026826 secs] [Times: user=0.01 sys=0.00, real=0.01 secs] 
1975.738: [GC (Allocation Failure) [PSYoungGen: 59232K->1360K(59904K)] 399068K->341196K(557056K), 0.0024886 secs] [Times: user=0.01 sys=0.01, real=0.00 secs] 
1976.270: [GC (Allocation Failure) [PSYoungGen: 59216K->1344K(59904K)] 399052K->341180K(557056K), 0.0021697 secs] [Times: user=0.00 sys=0.00, real=0.01 secs] 
1976.902: [GC (Allocation Failure) [PSYoungGen: 59200K->1376K(59904K)] 399036K->341212K(557056K), 0.0022279 secs] [Times: user=0.01 sys=0.00, real=0.00 secs] 
1977.405: [GC (Allocation Failure) [PSYoungGen: 59232K->1456K(59904K)] 399068K->341292K(557056K), 0.0016014 secs] [Times: user=0.01 sys=0.00, real=0.00 secs] 
1977.742: [GC (Allocation Failure) [PSYoungGen: 59312K->1552K(59904K)] 399148K->341396K(557056K), 0.0016607 secs] [Times: user=0.00 sys=0.00, real=0.00 secs] 
1978.079: [GC (Allocation Failure) [PSYoungGen: 59390K->1520K(59904K)] 399235K->341364K(557056K), 0.0015414 secs] [Times: user=0.01 sys=0.00, real=0.00 secs] 
1978.483: [GC (Allocation Failure) [PSYoungGen: 59376K->1520K(59904K)] 399220K->341372K(557056K), 0.0017994 secs] [Times: user=0.00 sys=0.00, real=0.00 secs] 
1979.043: [GC (Allocation Failure) [PSYoungGen: 59376K->1600K(59904K)] 399228K->341452K(557056K), 0.0019301 secs] [Times: user=0.01 sys=0.01, real=0.00 secs] 
1979.514: [GC (Allocation Failure) [PSYoungGen: 59456K->1440K(59904K)] 399308K->341292K(557056K), 0.0024053 secs] [Times: user=0.01 sys=0.00, real=0.00 secs] 
1980.038: [GC (Allocation Failure) [PSYoungGen: 59296K->1376K(59904K)] 399148K->341228K(557056K), 0.0029684 secs] [Times: user=0.01 sys=0.00, real=0.00 secs] 
1980.284: [GC (Allocation Failure) [PSYoungGen: 59232K->1376K(59904K)] 399084K->341228K(557056K), 0.0023557 secs] [Times: user=0.01 sys=0.00, real=0.00 secs] 
1980.525: [GC (Allocation Failure) [PSYoungGen: 59232K->1376K(59904K)] 399084K->341228K(557056K), 0.0019927 secs] [Times: user=0.01 sys=0.00, real=0.00 secs] 
1980.887: [GC (Allocation Failure) [PSYoungGen: 59202K->1520K(59904K)] 399055K->341373K(557056K), 0.0015115 secs] [Times: user=0.01 sys=0.00, real=0.00 secs] 
1981.288: [GC (Allocation Failure) [PSYoungGen: 59376K->1517K(59904K)] 399229K->341378K(557056K), 0.0016901 secs] [Times: user=0.01 sys=0.00, real=0.00 secs] 
1981.688: [GC (Allocation Failure) [PSYoungGen: 59348K->1517K(59904K)] 399209K->341378K(557056K), 0.0016544 secs] [Times: user=0.01 sys=0.00, real=0.00 secs] 
1982.026: [GC (Allocation Failure) [PSYoungGen: 59373K->1549K(59904K)] 399234K->341410K(557056K), 0.0016597 secs] [Times: user=0.01 sys=0.01, real=0.00 secs] 
1982.363: [GC (Allocation Failure) [PSYoungGen: 59405K->1552K(59904K)] 399266K->341413K(557056K), 0.0016980 secs] [Times: user=0.01 sys=0.00, real=0.00 secs] 
1983.012: [GC (Allocation Failure) [PSYoungGen: 59408K->1408K(59904K)] 399269K->341268K(557056K), 0.0036506 secs] [Times: user=0.01 sys=0.00, real=0.00 secs] 
1983.581: [GC (Allocation Failure) [PSYoungGen: 59264K->1440K(59904K)] 399124K->341300K(557056K), 0.0036642 secs] [Times: user=0.01 sys=0.00, real=0.01 secs] 
1984.106: [GC (Allocation Failure) [PSYoungGen: 59296K->1424K(59904K)] 399156K->341284K(557056K), 0.0025610 secs] [Times: user=0.01 sys=0.00, real=0.00 secs] 
1984.650: [GC (Allocation Failure) [PSYoungGen: 59280K->1408K(59904K)] 399140K->341268K(557056K), 0.0022933 secs] [Times: user=0.01 sys=0.00, real=0.01 secs] 
1985.332: [GC (Allocation Failure) [PSYoungGen: 59264K->1456K(59904K)] 399124K->341348K(557056K), 0.0022827 secs] [Times: user=0.01 sys=0.00, real=0.00 secs] 
1985.737: [GC (Allocation Failure) [PSYoungGen: 59312K->1552K(59904K)] 399204K->341461K(557056K), 0.0016762 secs] [Times: user=0.00 sys=0.00, real=0.00 secs] 
1986.074: [GC (Allocation Failure) [PSYoungGen: 59390K->1552K(59904K)] 399299K->341461K(557056K), 0.0017044 secs] [Times: user=0.01 sys=0.00, real=0.00 secs] 
1986.412: [GC (Allocation Failure) [PSYoungGen: 59408K->1501K(59904K)] 399317K->341410K(557056K), 0.0015956 secs] [Times: user=0.01 sys=0.00, real=0.01 secs] 
1986.747: [GC (Allocation Failure) [PSYoungGen: 59357K->1517K(59904K)] 399266K->341426K(557056K), 0.0016879 secs] [Times: user=0.01 sys=0.00, real=0.00 secs] 
1987.780: [GC (Allocation Failure) [PSYoungGen: 59373K->1392K(59904K)] 399282K->341300K(557056K), 0.0039593 secs] [Times: user=0.02 sys=0.00, real=0.01 secs] 
1988.430: [GC (Allocation Failure) [PSYoungGen: 59248K->1376K(59904K)] 399156K->341284K(557056K), 0.0032689 secs] [Times: user=0.02 sys=0.00, real=0.01 secs] 
1988.895: [GC (Allocation Failure) [PSYoungGen: 59232K->1408K(59904K)] 399140K->341316K(557056K), 0.0022594 secs] [Times: user=0.01 sys=0.00, real=0.00 secs] 
1989.248: [GC (Allocation Failure) [PSYoungGen: 59264K->1376K(59904K)] 399172K->341284K(557056K), 0.0022599 secs] [Times: user=0.01 sys=0.00, real=0.00 secs] 
1989.636: [GC (Allocation Failure) [PSYoungGen: 59232K->1424K(59904K)] 399140K->341332K(557056K), 0.0021209 secs] [Times: user=0.01 sys=0.00, real=0.00 secs] 
1990.097: [GC (Allocation Failure) [PSYoungGen: 59253K->1533K(59904K)] 399162K->341442K(557056K), 0.0015158 secs] [Times: user=0.00 sys=0.00, real=0.00 secs] 
1990.433: [GC (Allocation Failure) [PSYoungGen: 59389K->1533K(59904K)] 399298K->341450K(557056K), 0.0015673 secs] [Times: user=0.01 sys=0.00, real=0.00 secs] 
1990.847: [GC (Allocation Failure) [PSYoungGen: 59389K->1584K(59904K)] 399306K->341501K(557056K), 0.0015595 secs] [Times: user=0.01 sys=0.00, real=0.00 secs] 
1991.184: [GC (Allocation Failure) [PSYoungGen: 59440K->1520K(59904K)] 399357K->341436K(557056K), 0.0015682 secs] [Times: user=0.01 sys=0.00, real=0.00 secs] 
1991.799: [GC (Allocation Failure) [PSYoungGen: 59376K->1408K(59904K)] 399292K->341324K(557056K), 0.0031560 secs] [Times: user=0.01 sys=0.00, real=0.01 secs] 
1992.239: [GC (Allocation Failure) [PSYoungGen: 59264K->1376K(59904K)] 399180K->341292K(557056K), 0.0021980 secs] [Times: user=0.01 sys=0.00, real=0.00 secs] 
1992.531: [GC (Allocation Failure) [PSYoungGen: 59232K->1360K(59904K)] 399148K->341276K(557056K), 0.0020273 secs] [Times: user=0.01 sys=0.00, real=0.01 secs] 
1992.786: [GC (Allocation Failure) [PSYoungGen: 59216K->1344K(59904K)] 399132K->341260K(557056K), 0.0019266 secs] [Times: user=0.01 sys=0.00, real=0.00 secs] 
1993.027: [GC (Allocation Failure) [PSYoungGen: 59200K->1392K(59904K)] 399116K->341308K(557056K), 0.0019399 secs] [Times: user=0.01 sys=0.00, real=0.00 secs] 
1993.392: [GC (Allocation Failure) [PSYoungGen: 59217K->1552K(59904K)] 399134K->341468K(557056K), 0.0015089 secs] [Times: user=0.00 sys=0.00, real=0.00 secs] 
1993.729: [GC (Allocation Failure) [PSYoungGen: 59408K->1552K(59904K)] 399324K->341476K(557056K), 0.0016878 secs] [Times: user=0.01 sys=0.00, real=0.00 secs] 
1994.067: [GC (Allocation Failure) [PSYoungGen: 59408K->1488K(59904K)] 399332K->341436K(557056K), 0.0015419 secs] [Times: user=0.00 sys=0.00, real=0.00 secs] 
1994.404: [GC (Allocation Failure) [PSYoungGen: 59344K->1517K(59904K)] 399292K->341466K(557056K), 0.0015568 secs] [Times: user=0.00 sys=0.00, real=0.00 secs] 
1994.695: [GC (Allocation Failure) [PSYoungGen: 59373K->1440K(59904K)] 399322K->341388K(557056K), 0.0017535 secs] [Times: user=0.01 sys=0.00, real=0.00 secs] 
1994.935: [GC (Allocation Failure) [PSYoungGen: 59296K->1408K(59904K)] 399244K->341356K(557056K), 0.0015604 secs] [Times: user=0.00 sys=0.00, real=0.00 secs] 
1995.217: [GC (Allocation Failure) [PSYoungGen: 59264K->1408K(59904K)] 399212K->341356K(557056K), 0.0021469 secs] [Times: user=0.00 sys=0.00, real=0.00 secs] 
1995.505: [GC (Allocation Failure) [PSYoungGen: 59264K->1408K(59904K)] 399212K->341356K(557056K), 0.0021723 secs] [Times: user=0.01 sys=0.00, real=0.00 secs] 
1995.783: [GC (Allocation Failure) [PSYoungGen: 59264K->1376K(59904K)] 399212K->341324K(557056K), 0.0018443 secs] [Times: user=0.01 sys=0.00, real=0.00 secs] 
1996.159: [GC (Allocation Failure) [PSYoungGen: 59215K->1504K(59904K)] 399164K->341452K(557056K), 0.0015056 secs] [Times: user=0.00 sys=0.00, real=0.00 secs] 
1996.496: [GC (Allocation Failure) [PSYoungGen: 59360K->1568K(59904K)] 399308K->341532K(557056K), 0.0015689 secs] [Times: user=0.01 sys=0.00, real=0.00 secs] 
1996.896: [GC (Allocation Failure) [PSYoungGen: 59424K->1536K(59904K)] 399388K->341500K(557056K), 0.0015720 secs] [Times: user=0.00 sys=0.00, real=0.00 secs] 
1997.300: [GC (Allocation Failure) [PSYoungGen: 59392K->1533K(59904K)] 399356K->341498K(557056K), 0.0015841 secs] [Times: user=0.01 sys=0.00, real=0.00 secs] 
1997.772: [GC (Allocation Failure) [PSYoungGen: 59389K->1472K(59904K)] 399354K->341436K(557056K), 0.0023709 secs] [Times: user=0.01 sys=0.00, real=0.01 secs] 
1998.305: [GC (Allocation Failure) [PSYoungGen: 59328K->1440K(59904K)] 399292K->341404K(557056K), 0.0020384 secs] [Times: user=0.01 sys=0.00, real=0.00 secs] 
1998.813: [GC (Allocation Failure) [PSYoungGen: 59296K->1376K(59904K)] 399260K->341340K(557056K), 0.0020723 secs] [Times: user=0.00 sys=0.00, real=0.00 secs] 
1999.061: [GC (Allocation Failure) [PSYoungGen: 59232K->1376K(59904K)] 399196K->341340K(557056K), 0.0019495 secs] [Times: user=0.01 sys=0.00, real=0.01 secs] 
1999.305: [GC (Allocation Failure) [PSYoungGen: 59232K->1376K(59904K)] 399196K->341340K(557056K), 0.0019493 secs] [Times: user=0.01 sys=0.00, real=0.00 secs] 
1999.655: [GC (Allocation Failure) [PSYoungGen: 59232K->1565K(59904K)] 399196K->341530K(557056K), 0.0017075 secs] [Times: user=0.01 sys=0.00, real=0.00 secs] 
1999.993: [GC (GCLocker Initiated GC) [PSYoungGen: 59421K->1533K(59904K)] 399386K->341514K(557056K), 0.0014640 secs] [Times: user=0.00 sys=0.00, real=0.00 secs] 
2000.336: [GC (Allocation Failure) [PSYoungGen: 59389K->1520K(59904K)] 400331K->342462K(557056K), 0.0016194 secs] [Times: user=0.01 sys=0.00, real=0.00 secs] 
2000.673: [GC (Allocation Failure) [PSYoungGen: 59346K->1616K(59904K)] 400288K->342558K(557056K), 0.0016367 secs] [Times: user=0.01 sys=0.00, real=0.00 secs] 
2001.020: [GC (Allocation Failure) [PSYoungGen: 59472K->1520K(59904K)] 400414K->342462K(557056K), 0.0018606 secs] [Times: user=0.01 sys=0.00, real=0.00 secs] 
2001.260: [GC (Allocation Failure) [PSYoungGen: 59376K->1536K(59904K)] 400318K->342478K(557056K), 0.0016651 secs] [Times: user=0.01 sys=0.00, real=0.01 secs] 
2001.500: [GC (Allocation Failure) [PSYoungGen: 59392K->1504K(59904K)] 400334K->342446K(557056K), 0.0018364 secs] [Times: user=0.01 sys=0.00, real=0.01 secs] 
2001.740: [GC (Allocation Failure) [PSYoungGen: 59360K->1536K(59904K)] 400302K->342478K(557056K), 0.0017077 secs] [Times: user=0.00 sys=0.00, real=0.01 secs] 
2001.980: [GC (Allocation Failure) [PSYoungGen: 59392K->1504K(59904K)] 400334K->342446K(557056K), 0.0017261 secs] [Times: user=0.01 sys=0.00, real=0.01 secs] 
2002.349: [GC (Allocation Failure) [PSYoungGen: 59360K->1616K(59904K)] 400302K->342558K(557056K), 0.0015499 secs] [Times: user=0.00 sys=0.00, real=0.00 secs] 
2002.687: [GC (Allocation Failure) [PSYoungGen: 59472K->1613K(59904K)] 400414K->342571K(557056K), 0.0015444 secs] [Times: user=0.00 sys=0.00, real=0.00 secs] 
2003.024: [GC (Allocation Failure) [PSYoungGen: 59456K->1648K(59904K)] 400414K->342630K(557056K), 0.0016312 secs] [Times: user=0.00 sys=0.00, real=0.00 secs] 
2003.361: [GC (Allocation Failure) [PSYoungGen: 59504K->1677K(59904K)] 400486K->342659K(557056K), 0.0016245 secs] [Times: user=0.00 sys=0.00, real=0.01 secs] 
2003.869: [GC (Allocation Failure) [PSYoungGen: 59533K->1552K(59904K)] 400515K->342534K(557056K), 0.0019097 secs] [Times: user=0.01 sys=0.00, real=0.00 secs] 
2004.152: [GC (Allocation Failure) [PSYoungGen: 59408K->1504K(59904K)] 400390K->342486K(557056K), 0.0018869 secs] [Times: user=0.01 sys=0.00, real=0.00 secs] 
2004.399: [GC (Allocation Failure) [PSYoungGen: 59360K->1440K(59904K)] 400342K->342462K(557056K), 0.0026408 secs] [Times: user=0.01 sys=0.00, real=0.01 secs] 
2004.637: [GC (Allocation Failure) [PSYoungGen: 59296K->1408K(59904K)] 400318K->342430K(557056K), 0.0026383 secs] [Times: user=0.02 sys=0.00, real=0.00 secs] 
2004.876: [GC (Allocation Failure) [PSYoungGen: 59264K->1472K(59904K)] 400286K->342510K(557056K), 0.0019623 secs] [Times: user=0.01 sys=0.00, real=0.00 secs] 
2005.216: [GC (Allocation Failure) [PSYoungGen: 59322K->1485K(59904K)] 400360K->342595K(557056K), 0.0017062 secs] [Times: user=0.00 sys=0.00, real=0.00 secs] 
2005.552: [GC (Allocation Failure) [PSYoungGen: 59341K->1549K(59904K)] 400451K->342667K(557056K), 0.0016621 secs] [Times: user=0.01 sys=0.00, real=0.00 secs] 
2005.898: [GC (Allocation Failure) [PSYoungGen: 59405K->1501K(59904K)] 400523K->342619K(557056K), 0.0015213 secs] [Times: user=0.00 sys=0.00, real=0.00 secs] 
2006.235: [GC (Allocation Failure) [PSYoungGen: 59357K->1488K(59904K)] 400475K->342606K(557056K), 0.0016381 secs] [Times: user=0.01 sys=0.00, real=0.00 secs] 
2007.024: [GC (Allocation Failure) [PSYoungGen: 59344K->1440K(59904K)] 400462K->342558K(557056K), 0.0029985 secs] [Times: user=0.01 sys=0.00, real=0.00 secs] 
2007.843: [GC (Allocation Failure) [PSYoungGen: 59296K->1376K(59904K)] 400414K->342494K(557056K), 0.0033812 secs] [Times: user=0.02 sys=0.00, real=0.00 secs] 
2008.533: [GC (Allocation Failure) [PSYoungGen: 59232K->1344K(59904K)] 400350K->342462K(557056K), 0.0029481 secs] [Times: user=0.01 sys=0.00, real=0.00 secs] 
2008.841: [GC (Allocation Failure) [PSYoungGen: 59200K->1408K(59904K)] 400318K->342526K(557056K), 0.0019248 secs] [Times: user=0.01 sys=0.00, real=0.01 secs] 
2009.130: [GC (Allocation Failure) [PSYoungGen: 59264K->1376K(59904K)] 400382K->342494K(557056K), 0.0018001 secs] [Times: user=0.01 sys=0.00, real=0.00 secs] 
2009.447: [GC (Allocation Failure) [PSYoungGen: 59218K->1517K(59904K)] 400336K->342635K(557056K), 0.0022478 secs] [Times: user=0.01 sys=0.00, real=0.00 secs] 
2009.786: [GC (Allocation Failure) [PSYoungGen: 59373K->1552K(59904K)] 400491K->342678K(557056K), 0.0016549 secs] [Times: user=0.01 sys=0.00, real=0.00 secs] 
2010.123: [GC (Allocation Failure) [PSYoungGen: 59408K->1520K(59904K)] 400534K->342646K(557056K), 0.0017012 secs] [Times: user=0.01 sys=0.00, real=0.00 secs] 
2010.459: [GC (Allocation Failure) [PSYoungGen: 59376K->1536K(59904K)] 400502K->342662K(557056K), 0.0016149 secs] [Times: user=0.01 sys=0.00, real=0.00 secs] 
2010.906: [GC (Allocation Failure) [PSYoungGen: 59392K->1456K(59904K)] 400518K->342582K(557056K), 0.0017640 secs] [Times: user=0.01 sys=0.00, real=0.00 secs] 
2011.519: [GC (Allocation Failure) [PSYoungGen: 59312K->1376K(59904K)] 400438K->342502K(557056K), 0.0033105 secs] [Times: user=0.01 sys=0.00, real=0.01 secs] 
2012.119: [GC (Allocation Failure) [PSYoungGen: 59232K->1376K(59904K)] 400358K->342502K(557056K), 0.0038247 secs] [Times: user=0.02 sys=0.00, real=0.01 secs] 
2012.906: [GC (Allocation Failure) [PSYoungGen: 59232K->1328K(59904K)] 400358K->342454K(557056K), 0.0032401 secs] [Times: user=0.01 sys=0.00, real=0.00 secs] 
2013.439: [GC (Allocation Failure) [PSYoungGen: 59184K->1376K(59904K)] 400310K->342502K(557056K), 0.0029990 secs] [Times: user=0.01 sys=0.00, real=0.01 secs] 
2013.982: [GC (Allocation Failure) [PSYoungGen: 59225K->1517K(59904K)] 400352K->342643K(557056K), 0.0015475 secs] [Times: user=0.00 sys=0.00, real=0.00 secs] 
2014.319: [GC (Allocation Failure) [PSYoungGen: 59373K->1584K(59904K)] 400499K->342718K(557056K), 0.0015049 secs] [Times: user=0.01 sys=0.00, real=0.00 secs] 
2014.657: [GC (Allocation Failure) [PSYoungGen: 59440K->1552K(59904K)] 400574K->342686K(557056K), 0.0016425 secs] [Times: user=0.01 sys=0.00, real=0.00 secs] 
2014.994: [GC (Allocation Failure) [PSYoungGen: 59408K->1549K(59904K)] 400542K->342707K(557056K), 0.0016713 secs] [Times: user=0.01 sys=0.00, real=0.00 secs] 
2015.520: [GC (Allocation Failure) [PSYoungGen: 59405K->1456K(59904K)] 400563K->342614K(557056K), 0.0019709 secs] [Times: user=0.01 sys=0.00, real=0.01 secs] 
2015.932: [GC (Allocation Failure) [PSYoungGen: 59312K->1360K(59904K)] 400470K->342518K(557056K), 0.0020963 secs] [Times: user=0.01 sys=0.00, real=0.00 secs] 
2016.400: [GC (Allocation Failure) [PSYoungGen: 59216K->1344K(59904K)] 400374K->342502K(557056K), 0.0020038 secs] [Times: user=0.01 sys=0.00, real=0.01 secs] 
2016.840: [GC (Allocation Failure) [PSYoungGen: 59200K->1392K(59904K)] 400358K->342550K(557056K), 0.0020388 secs] [Times: user=0.00 sys=0.01, real=0.01 secs] 
2017.494: [GC (Allocation Failure) [PSYoungGen: 59248K->1408K(59904K)] 400406K->342566K(557056K), 0.0020095 secs] [Times: user=0.01 sys=0.00, real=0.00 secs] 
2018.038: [GC (Allocation Failure) [PSYoungGen: 59264K->1389K(59904K)] 400422K->342547K(557056K), 0.0015090 secs] [Times: user=0.00 sys=0.00, real=0.00 secs] 
2018.374: [GC (Allocation Failure) [PSYoungGen: 59245K->1517K(59904K)] 400403K->342683K(557056K), 0.0015928 secs] [Times: user=0.00 sys=0.00, real=0.00 secs] 
2018.711: [GC (Allocation Failure) [PSYoungGen: 59344K->1552K(59904K)] 400510K->342718K(557056K), 0.0015960 secs] [Times: user=0.01 sys=0.00, real=0.01 secs] 
2019.051: [GC (Allocation Failure) [PSYoungGen: 59408K->1565K(59904K)] 400574K->342731K(557056K), 0.0015962 secs] [Times: user=0.01 sys=0.00, real=0.01 secs] 
2019.408: [GC (Allocation Failure) [PSYoungGen: 59421K->1488K(59904K)] 400587K->342654K(557056K), 0.0016972 secs] [Times: user=0.01 sys=0.00, real=0.00 secs] 
2019.658: [GC (Allocation Failure) [PSYoungGen: 59344K->1408K(59904K)] 400510K->342574K(557056K), 0.0015149 secs] [Times: user=0.00 sys=0.00, real=0.00 secs] 
2019.954: [GC (Allocation Failure) [PSYoungGen: 59264K->1408K(59904K)] 400430K->342574K(557056K), 0.0014811 secs] [Times: user=0.01 sys=0.00, real=0.00 secs] 
2020.242: [GC (Allocation Failure) [PSYoungGen: 59264K->1360K(59904K)] 400430K->342526K(557056K), 0.0016747 secs] [Times: user=0.01 sys=0.00, real=0.01 secs] 
2020.525: [GC (Allocation Failure) [PSYoungGen: 59216K->1344K(59904K)] 400382K->342510K(557056K), 0.0017884 secs] [Times: user=0.01 sys=0.00, real=0.00 secs] 
2020.832: [GC (Allocation Failure) [PSYoungGen: 59200K->1456K(59904K)] 400366K->342622K(557056K), 0.0016298 secs] [Times: user=0.01 sys=0.00, real=0.00 secs] 
2021.170: [GC (Allocation Failure) [PSYoungGen: 59283K->1549K(59904K)] 400450K->342723K(557056K), 0.0015184 secs] [Times: user=0.01 sys=0.01, real=0.01 secs] 
2021.507: [GC (Allocation Failure) [PSYoungGen: 59405K->1520K(59904K)] 400579K->342694K(557056K), 0.0015895 secs] [Times: user=0.00 sys=0.00, real=0.00 secs] 
2021.843: [GC (Allocation Failure) [PSYoungGen: 59376K->1552K(59904K)] 400550K->342726K(557056K), 0.0015458 secs] [Times: user=0.01 sys=0.00, real=0.00 secs] 
2022.199: [GC (Allocation Failure) [PSYoungGen: 59408K->1968K(59904K)] 400582K->343142K(557056K), 0.0020148 secs] [Times: user=0.01 sys=0.00, real=0.00 secs] 
2022.483: [GC (Allocation Failure) [PSYoungGen: 59824K->1408K(59904K)] 400998K->342582K(557056K), 0.0016512 secs] [Times: user=0.00 sys=0.00, real=0.00 secs] 
2022.728: [GC (Allocation Failure) [PSYoungGen: 59264K->1376K(59904K)] 400438K->342550K(557056K), 0.0018488 secs] [Times: user=0.01 sys=0.00, real=0.00 secs] 
2023.096: [GC (Allocation Failure) [PSYoungGen: 59232K->1376K(59904K)] 400406K->342566K(557056K), 0.0016185 secs] [Times: user=0.01 sys=0.00, real=0.00 secs] 
2023.642: [GC (Allocation Failure) [PSYoungGen: 59232K->1360K(59904K)] 400422K->342550K(557056K), 0.0021466 secs] [Times: user=0.00 sys=0.00, real=0.00 secs] 
2024.115: [GC (Allocation Failure) [PSYoungGen: 59185K->1392K(59904K)] 400375K->342582K(557056K), 0.0014900 secs] [Times: user=0.00 sys=0.00, real=0.00 secs] 
2024.454: [GC (Allocation Failure) [PSYoungGen: 59248K->1552K(59904K)] 400438K->342758K(557056K), 0.0015153 secs] [Times: user=0.00 sys=0.00, real=0.00 secs] 
2024.792: [GC (Allocation Failure) [PSYoungGen: 59407K->1520K(59904K)] 400613K->342726K(557056K), 0.0016151 secs] [Times: user=0.00 sys=0.00, real=0.00 secs] 
2025.130: [GC (Allocation Failure) [PSYoungGen: 59376K->1520K(59904K)] 400582K->342726K(557056K), 0.0015796 secs] [Times: user=0.00 sys=0.00, real=0.00 secs] 
2025.596: [GC (Allocation Failure) [PSYoungGen: 59145K->1616K(59904K)] 400352K->342822K(557056K), 0.0015754 secs] [Times: user=0.01 sys=0.00, real=0.00 secs] 
2026.099: [GC (Allocation Failure) [PSYoungGen: 59472K->1408K(59904K)] 400678K->342614K(557056K), 0.0018777 secs] [Times: user=0.01 sys=0.00, real=0.00 secs] 
2026.650: [GC (Allocation Failure) [PSYoungGen: 59264K->1376K(59904K)] 400470K->342582K(557056K), 0.0021691 secs] [Times: user=0.01 sys=0.00, real=0.01 secs] 
2027.128: [GC (Allocation Failure) [PSYoungGen: 59232K->1408K(59904K)] 400438K->342614K(557056K), 0.0022099 secs] [Times: user=0.01 sys=0.00, real=0.00 secs] 
2027.405: [GC (Allocation Failure) [PSYoungGen: 59264K->1376K(59904K)] 400470K->342582K(557056K), 0.0019143 secs] [Times: user=0.01 sys=0.00, real=0.00 secs] 
2027.741: [GC (Allocation Failure) [PSYoungGen: 59232K->1456K(59904K)] 400438K->342662K(557056K), 0.0016486 secs] [Times: user=0.00 sys=0.00, real=0.01 secs] 
2028.144: [GC (Allocation Failure) [PSYoungGen: 59292K->1568K(59904K)] 400498K->342790K(557056K), 0.0016483 secs] [Times: user=0.01 sys=0.00, real=0.00 secs] 
2028.481: [GC (Allocation Failure) [PSYoungGen: 59424K->1581K(59904K)] 400646K->342803K(557056K), 0.0016597 secs] [Times: user=0.01 sys=0.00, real=0.01 secs] 
2028.817: [GC (Allocation Failure) [PSYoungGen: 59437K->1565K(59904K)] 400659K->342787K(557056K), 0.0015933 secs] [Times: user=0.01 sys=0.00, real=0.00 secs] 
2029.209: [GC (Allocation Failure) [PSYoungGen: 59421K->1520K(59904K)] 400643K->342742K(557056K), 0.0015917 secs] [Times: user=0.00 sys=0.00, real=0.00 secs] 
2029.891: [GC (Allocation Failure) [PSYoungGen: 59376K->1408K(59904K)] 400598K->342630K(557056K), 0.0038444 secs] [Times: user=0.01 sys=0.00, real=0.01 secs] 
2030.196: [GC (Allocation Failure) [PSYoungGen: 59264K->1408K(59904K)] 400486K->342630K(557056K), 0.0028847 secs] [Times: user=0.02 sys=0.00, real=0.00 secs] 
2030.488: [GC (Allocation Failure) [PSYoungGen: 59264K->1408K(59904K)] 400486K->342630K(557056K), 0.0018283 secs] [Times: user=0.01 sys=0.00, real=0.00 secs] 
2030.769: [GC (Allocation Failure) [PSYoungGen: 59264K->1376K(59904K)] 400486K->342598K(557056K), 0.0018875 secs] [Times: user=0.01 sys=0.00, real=0.00 secs] 
2031.037: [GC (Allocation Failure) [PSYoungGen: 59232K->1424K(59904K)] 400454K->342646K(557056K), 0.0015863 secs] [Times: user=0.01 sys=0.00, real=0.00 secs] 
2031.377: [GC (Allocation Failure) [PSYoungGen: 59280K->1520K(59904K)] 400502K->342750K(557056K), 0.0016270 secs] [Times: user=0.01 sys=0.00, real=0.00 secs] 
2031.715: [GC (Allocation Failure) [PSYoungGen: 59376K->1488K(59904K)] 400606K->342718K(557056K), 0.0015324 secs] [Times: user=0.01 sys=0.01, real=0.00 secs] 
2032.051: [GC (Allocation Failure) [PSYoungGen: 59344K->1565K(59904K)] 400574K->342795K(557056K), 0.0015847 secs] [Times: user=0.01 sys=0.00, real=0.01 secs] 
2032.389: [GC (Allocation Failure) [PSYoungGen: 59421K->1549K(59904K)] 400651K->342779K(557056K), 0.0015878 secs] [Times: user=0.01 sys=0.00, real=0.00 secs] 
2032.929: [GC (Allocation Failure) [PSYoungGen: 59405K->1440K(59904K)] 400635K->342670K(557056K), 0.0017399 secs] [Times: user=0.01 sys=0.00, real=0.00 secs] 
2033.445: [GC (Allocation Failure) [PSYoungGen: 59296K->1408K(59904K)] 400526K->342638K(557056K), 0.0020128 secs] [Times: user=0.01 sys=0.00, real=0.00 secs] 
2033.686: [GC (Allocation Failure) [PSYoungGen: 59264K->1344K(59904K)] 400494K->342590K(557056K), 0.0018978 secs] [Times: user=0.01 sys=0.00, real=0.00 secs] 
2033.929: [GC (Allocation Failure) [PSYoungGen: 59200K->1376K(59904K)] 400446K->342622K(557056K), 0.0018266 secs] [Times: user=0.00 sys=0.00, real=0.00 secs] 
2034.232: [GC (Allocation Failure) [PSYoungGen: 59232K->1424K(59904K)] 400478K->342670K(557056K), 0.0017795 secs] [Times: user=0.01 sys=0.00, real=0.01 secs] 
2034.584: [GC (Allocation Failure) [PSYoungGen: 59252K->1520K(59904K)] 400498K->342766K(557056K), 0.0016883 secs] [Times: user=0.00 sys=0.00, real=0.00 secs] 
2034.920: [GC (Allocation Failure) [PSYoungGen: 59376K->1549K(59904K)] 400622K->342811K(557056K), 0.0022182 secs] [Times: user=0.01 sys=0.00, real=0.01 secs] 
2035.258: [GC (Allocation Failure) [PSYoungGen: 59405K->1552K(59904K)] 400667K->342814K(557056K), 0.0015568 secs] [Times: user=0.01 sys=0.00, real=0.00 secs] 
2035.593: [GC (Allocation Failure) [PSYoungGen: 59408K->1488K(59904K)] 400670K->342750K(557056K), 0.0017617 secs] [Times: user=0.00 sys=0.00, real=0.00 secs] 
2036.110: [GC (Allocation Failure) [PSYoungGen: 59344K->1376K(59904K)] 400606K->342638K(557056K), 0.0022338 secs] [Times: user=0.01 sys=0.00, real=0.01 secs] 
2036.840: [GC (Allocation Failure) [PSYoungGen: 59232K->1408K(59904K)] 400494K->342670K(557056K), 0.0038358 secs] [Times: user=0.02 sys=0.00, real=0.01 secs] 
2037.577: [GC (Allocation Failure) [PSYoungGen: 59264K->1344K(59904K)] 400526K->342606K(557056K), 0.0038973 secs] [Times: user=0.01 sys=0.00, real=0.00 secs] 
2038.257: [GC (Allocation Failure) [PSYoungGen: 59200K->1376K(59904K)] 400462K->342638K(557056K), 0.0033909 secs] [Times: user=0.02 sys=0.00, real=0.00 secs] 
2038.736: [GC (Allocation Failure) [PSYoungGen: 59232K->1440K(59904K)] 400494K->342702K(557056K), 0.0029592 secs] [Times: user=0.01 sys=0.00, real=0.00 secs] 
2039.233: [GC (Allocation Failure) [PSYoungGen: 59296K->1552K(59904K)] 400558K->342814K(557056K), 0.0016132 secs] [Times: user=0.00 sys=0.01, real=0.00 secs] 
2039.573: [GC (Allocation Failure) [PSYoungGen: 59408K->1552K(59904K)] 400670K->342822K(557056K), 0.0015938 secs] [Times: user=0.00 sys=0.00, real=0.00 secs] 
2039.911: [GC (Allocation Failure) [PSYoungGen: 59408K->1552K(59904K)] 400678K->342822K(557056K), 0.0015324 secs] [Times: user=0.01 sys=0.00, real=0.01 secs] 
2040.247: [GC (Allocation Failure) [PSYoungGen: 59408K->1552K(59904K)] 400678K->342822K(557056K), 0.0016576 secs] [Times: user=0.01 sys=0.00, real=0.00 secs] 
2040.509: [GC (Allocation Failure) [PSYoungGen: 59408K->1440K(59904K)] 400678K->342710K(557056K), 0.0015883 secs] [Times: user=0.01 sys=0.00, real=0.00 secs] 
2040.794: [GC (Allocation Failure) [PSYoungGen: 59296K->1408K(59904K)] 400566K->342678K(557056K), 0.0017018 secs] [Times: user=0.01 sys=0.00, real=0.00 secs] 
2041.076: [GC (Allocation Failure) [PSYoungGen: 59264K->1344K(59904K)] 400534K->342614K(557056K), 0.0017832 secs] [Times: user=0.00 sys=0.00, real=0.00 secs] 
2041.429: [GC (Allocation Failure) [PSYoungGen: 59200K->1408K(59904K)] 400470K->342678K(557056K), 0.0018484 secs] [Times: user=0.01 sys=0.00, real=0.00 secs] 
2042.056: [GC (Allocation Failure) [PSYoungGen: 59264K->1344K(59904K)] 400534K->342614K(557056K), 0.0021877 secs] [Times: user=0.01 sys=0.00, real=0.00 secs] 
2042.464: [GC (Allocation Failure) [PSYoungGen: 59186K->1520K(59904K)] 400457K->342790K(557056K), 0.0015615 secs] [Times: user=0.01 sys=0.00, real=0.00 secs] 
2042.800: [GC (Allocation Failure) [PSYoungGen: 59376K->1552K(59904K)] 400646K->342838K(557056K), 0.0016375 secs] [Times: user=0.01 sys=0.00, real=0.00 secs] 
2043.137: [GC (Allocation Failure) [PSYoungGen: 59408K->1549K(59904K)] 400694K->342835K(557056K), 0.0015577 secs] [Times: user=0.00 sys=0.00, real=0.00 secs] 
2043.473: [GC (Allocation Failure) [PSYoungGen: 59405K->1552K(59904K)] 400691K->342838K(557056K), 0.0017217 secs] [Times: user=0.01 sys=0.00, real=0.00 secs] 
2043.833: [GC (Allocation Failure) [PSYoungGen: 59408K->1440K(59904K)] 400694K->342742K(557056K), 0.0019365 secs] [Times: user=0.00 sys=0.00, real=0.00 secs] 
2044.073: [GC (Allocation Failure) [PSYoungGen: 59296K->1408K(59904K)] 400598K->342710K(557056K), 0.0018798 secs] [Times: user=0.01 sys=0.00, real=0.00 secs] 
2044.327: [GC (Allocation Failure) [PSYoungGen: 59264K->1376K(59904K)] 400566K->342678K(557056K), 0.0018593 secs] [Times: user=0.00 sys=0.00, real=0.00 secs] 
2044.643: [GC (Allocation Failure) [PSYoungGen: 59232K->1376K(59904K)] 400534K->342678K(557056K), 0.0019372 secs] [Times: user=0.01 sys=0.00, real=0.00 secs] 
2045.203: [GC (Allocation Failure) [PSYoungGen: 59232K->1408K(59904K)] 400534K->342710K(557056K), 0.0018819 secs] [Times: user=0.00 sys=0.00, real=0.00 secs] 
2045.669: [GC (Allocation Failure) [PSYoungGen: 59264K->1456K(59904K)] 400566K->342758K(557056K), 0.0015312 secs] [Times: user=0.01 sys=0.00, real=0.00 secs] 
2046.006: [GC (Allocation Failure) [PSYoungGen: 59312K->1533K(59904K)] 400614K->342851K(557056K), 0.0015550 secs] [Times: user=0.01 sys=0.00, real=0.00 secs] 
2046.344: [GC (Allocation Failure) [PSYoungGen: 59371K->1504K(59904K)] 400689K->342822K(557056K), 0.0015905 secs] [Times: user=0.00 sys=0.00, real=0.00 secs] 
2046.680: [GC (Allocation Failure) [PSYoungGen: 59360K->1517K(59904K)] 400678K->342835K(557056K), 0.0016005 secs] [Times: user=0.00 sys=0.00, real=0.01 secs] 
2047.003: [GC (Allocation Failure) [PSYoungGen: 59373K->1440K(59904K)] 400691K->342758K(557056K), 0.0020603 secs] [Times: user=0.01 sys=0.00, real=0.00 secs] 
2047.381: [GC (Allocation Failure) [PSYoungGen: 59296K->1376K(59904K)] 400614K->342694K(557056K), 0.0019877 secs] [Times: user=0.01 sys=0.00, real=0.01 secs] 
2047.862: [GC (Allocation Failure) [PSYoungGen: 59232K->1344K(59904K)] 400550K->342662K(557056K), 0.0032141 secs] [Times: user=0.01 sys=0.00, real=0.00 secs] 
2048.355: [GC (Allocation Failure) [PSYoungGen: 59200K->1344K(59904K)] 400518K->342662K(557056K), 0.0026576 secs] [Times: user=0.01 sys=0.00, real=0.00 secs] 
2048.832: [GC (Allocation Failure) [PSYoungGen: 59200K->1408K(59904K)] 400518K->342726K(557056K), 0.0027230 secs] [Times: user=0.00 sys=0.00, real=0.00 secs] 
2049.285: [GC (Allocation Failure) [PSYoungGen: 59264K->1501K(59904K)] 400582K->342819K(557056K), 0.0015361 secs] [Times: user=0.01 sys=0.00, real=0.00 secs] 
2049.627: [GC (Allocation Failure) [PSYoungGen: 59339K->1565K(59904K)] 400657K->342891K(557056K), 0.0015625 secs] [Times: user=0.00 sys=0.00, real=0.00 secs] 
2049.963: [GC (Allocation Failure) [PSYoungGen: 59421K->1552K(59904K)] 400747K->342878K(557056K), 0.0016417 secs] [Times: user=0.01 sys=0.00, real=0.00 secs] 
2050.300: [GC (Allocation Failure) [PSYoungGen: 59408K->1552K(59904K)] 400734K->342878K(557056K), 0.0015739 secs] [Times: user=0.00 sys=0.00, real=0.00 secs] 
2050.639: [GC (Allocation Failure) [PSYoungGen: 59408K->1424K(59904K)] 400734K->342750K(557056K), 0.0017184 secs] [Times: user=0.01 sys=0.01, real=0.00 secs] 
2050.895: [GC (Allocation Failure) [PSYoungGen: 59280K->1376K(59904K)] 400606K->342702K(557056K), 0.0017205 secs] [Times: user=0.01 sys=0.00, real=0.00 secs] 
2051.150: [GC (Allocation Failure) [PSYoungGen: 59232K->1408K(59904K)] 400558K->342734K(557056K), 0.0018297 secs] [Times: user=0.01 sys=0.00, real=0.01 secs] 
2051.391: [GC (Allocation Failure) [PSYoungGen: 59264K->1408K(59904K)] 400590K->342734K(557056K), 0.0016720 secs] [Times: user=0.01 sys=0.00, real=0.01 secs] 
2051.631: [GC (Allocation Failure) [PSYoungGen: 59264K->1360K(59904K)] 400590K->342686K(557056K), 0.0015037 secs] [Times: user=0.01 sys=0.00, real=0.01 secs] 
2051.951: [GC (Allocation Failure) [PSYoungGen: 59216K->1520K(59904K)] 400542K->342846K(557056K), 0.0015245 secs] [Times: user=0.01 sys=0.00, real=0.01 secs] 
2052.289: [GC (Allocation Failure) [PSYoungGen: 59373K->1552K(59904K)] 400699K->342894K(557056K), 0.0015290 secs] [Times: user=0.01 sys=0.00, real=0.00 secs] 
2052.626: [GC (Allocation Failure) [PSYoungGen: 59408K->1584K(59904K)] 400750K->342934K(557056K), 0.0016109 secs] [Times: user=0.01 sys=0.00, real=0.00 secs] 
2052.963: [GC (Allocation Failure) [PSYoungGen: 59440K->1552K(59904K)] 400790K->342902K(557056K), 0.0016598 secs] [Times: user=0.01 sys=0.00, real=0.00 secs] 
2053.431: [GC (Allocation Failure) [PSYoungGen: 59408K->1472K(59904K)] 400758K->342838K(557056K), 0.0019532 secs] [Times: user=0.01 sys=0.00, real=0.01 secs] 
2053.931: [GC (Allocation Failure) [PSYoungGen: 59328K->1408K(59904K)] 400694K->342782K(557056K), 0.0037802 secs] [Times: user=0.01 sys=0.00, real=0.01 secs] 
2054.457: [GC (Allocation Failure) [PSYoungGen: 59264K->1408K(59904K)] 400638K->342782K(557056K), 0.0029960 secs] [Times: user=0.01 sys=0.00, real=0.00 secs] 
2054.918: [GC (Allocation Failure) [PSYoungGen: 59264K->1376K(59904K)] 400638K->342750K(557056K), 0.0030153 secs] [Times: user=0.01 sys=0.00, real=0.00 secs] 
2055.475: [GC (Allocation Failure) [PSYoungGen: 59232K->1392K(59904K)] 400606K->342774K(557056K), 0.0026503 secs] [Times: user=0.01 sys=0.00, real=0.00 secs] 
2055.903: [GC (Allocation Failure) [PSYoungGen: 59246K->1517K(59904K)] 400628K->342899K(557056K), 0.0015521 secs] [Times: user=0.00 sys=0.00, real=0.00 secs] 
2056.239: [GC (Allocation Failure) [PSYoungGen: 59373K->1552K(59904K)] 400755K->342950K(557056K), 0.0015468 secs] [Times: user=0.00 sys=0.00, real=0.00 secs] 
2056.577: [GC (Allocation Failure) [PSYoungGen: 59408K->1520K(59904K)] 400806K->342918K(557056K), 0.0016613 secs] [Times: user=0.01 sys=0.00, real=0.00 secs] 
2056.913: [GC (Allocation Failure) [PSYoungGen: 59376K->1520K(59904K)] 400774K->342918K(557056K), 0.0015238 secs] [Times: user=0.01 sys=0.00, real=0.00 secs] 
2057.411: [GC (Allocation Failure) [PSYoungGen: 59376K->1456K(59904K)] 400774K->342854K(557056K), 0.0018559 secs] [Times: user=0.01 sys=0.00, real=0.01 secs] 
2057.942: [GC (Allocation Failure) [PSYoungGen: 59312K->1408K(59904K)] 400710K->342806K(557056K), 0.0028810 secs] [Times: user=0.01 sys=0.00, real=0.00 secs] 
2058.428: [GC (Allocation Failure) [PSYoungGen: 59264K->1376K(59904K)] 400662K->342774K(557056K), 0.0025510 secs] [Times: user=0.01 sys=0.00, real=0.00 secs] 
2058.906: [GC (Allocation Failure) [PSYoungGen: 59232K->1408K(59904K)] 400630K->342806K(557056K), 0.0022259 secs] [Times: user=0.01 sys=0.00, real=0.00 secs] 
2059.379: [GC (Allocation Failure) [PSYoungGen: 59264K->1440K(59904K)] 400662K->342838K(557056K), 0.0021772 secs] [Times: user=0.00 sys=0.00, real=0.00 secs] 
2059.712: [GC (Allocation Failure) [PSYoungGen: 59296K->1520K(59904K)] 400694K->342918K(557056K), 0.0014514 secs] [Times: user=0.01 sys=0.00, real=0.00 secs] 
2060.052: [GC (Allocation Failure) [PSYoungGen: 59349K->1552K(59904K)] 400747K->342958K(557056K), 0.0016881 secs] [Times: user=0.01 sys=0.00, real=0.00 secs] 
2060.389: [GC (Allocation Failure) [PSYoungGen: 59408K->1552K(59904K)] 400814K->342958K(557056K), 0.0015658 secs] [Times: user=0.01 sys=0.00, real=0.00 secs] 
2060.790: [GC (Allocation Failure) [PSYoungGen: 59408K->1533K(59904K)] 400814K->342939K(557056K), 0.0019349 secs] [Times: user=0.01 sys=0.00, real=0.01 secs] 
2061.112: [GC (Allocation Failure) [PSYoungGen: 59389K->1488K(59904K)] 400795K->342894K(557056K), 0.0019883 secs] [Times: user=0.01 sys=0.00, real=0.00 secs] 
2061.353: [GC (Allocation Failure) [PSYoungGen: 59344K->1376K(59904K)] 400750K->342782K(557056K), 0.0019471 secs] [Times: user=0.00 sys=0.00, real=0.00 secs] 
2061.594: [GC (Allocation Failure) [PSYoungGen: 59232K->1376K(59904K)] 400638K->342782K(557056K), 0.0017882 secs] [Times: user=0.01 sys=0.00, real=0.00 secs] 
2061.834: [GC (Allocation Failure) [PSYoungGen: 59232K->1408K(59904K)] 400638K->342814K(557056K), 0.0017872 secs] [Times: user=0.01 sys=0.00, real=0.00 secs] 
2062.074: [GC (Allocation Failure) [PSYoungGen: 59264K->1376K(59904K)] 400670K->342782K(557056K), 0.0018975 secs] [Times: user=0.01 sys=0.00, real=0.00 secs] 
2062.394: [GC (Allocation Failure) [PSYoungGen: 59226K->1485K(59904K)] 400632K->342891K(557056K), 0.0014974 secs] [Times: user=0.01 sys=0.00, real=0.00 secs] 
2062.730: [GC (Allocation Failure) [PSYoungGen: 59341K->1552K(59904K)] 400747K->342966K(557056K), 0.0015361 secs] [Times: user=0.00 sys=0.00, real=0.01 secs] 
2063.067: [GC (Allocation Failure) [PSYoungGen: 59408K->1549K(59904K)] 400822K->342963K(557056K), 0.0015535 secs] [Times: user=0.00 sys=0.00, real=0.00 secs] 
2063.402: [GC (Allocation Failure) [PSYoungGen: 59405K->1552K(59904K)] 400819K->342982K(557056K), 0.0016019 secs] [Times: user=0.01 sys=0.00, real=0.00 secs] 
2063.728: [GC (Allocation Failure) [PSYoungGen: 59408K->1456K(59904K)] 400838K->342886K(557056K), 0.0017566 secs] [Times: user=0.01 sys=0.00, real=0.00 secs] 
2063.973: [GC (Allocation Failure) [PSYoungGen: 59312K->1376K(59904K)] 400742K->342806K(557056K), 0.0016048 secs] [Times: user=0.01 sys=0.00, real=0.00 secs] 
2064.213: [GC (Allocation Failure) [PSYoungGen: 59232K->1376K(59904K)] 400662K->342806K(557056K), 0.0016588 secs] [Times: user=0.00 sys=0.00, real=0.00 secs] 
2064.453: [GC (Allocation Failure) [PSYoungGen: 59232K->1376K(59904K)] 400662K->342806K(557056K), 0.0017497 secs] [Times: user=0.00 sys=0.00, real=0.00 secs] 
2064.693: [GC (Allocation Failure) [PSYoungGen: 59232K->1376K(59904K)] 400662K->342806K(557056K), 0.0017495 secs] [Times: user=0.01 sys=0.00, real=0.00 secs] 
2065.046: [GC (Allocation Failure) [PSYoungGen: 59232K->1424K(59904K)] 400662K->342854K(557056K), 0.0014886 secs] [Times: user=0.01 sys=0.00, real=0.00 secs] 
2065.382: [GC (Allocation Failure) [PSYoungGen: 59280K->1568K(59904K)] 400710K->343006K(557056K), 0.0016649 secs] [Times: user=0.01 sys=0.00, real=0.00 secs] 
2065.719: [GC (Allocation Failure) [PSYoungGen: 59423K->1552K(59904K)] 400861K->342990K(557056K), 0.0017016 secs] [Times: user=0.01 sys=0.00, real=0.00 secs] 
2066.057: [GC (Allocation Failure) [PSYoungGen: 59408K->1520K(59904K)] 400846K->342958K(557056K), 0.0015418 secs] [Times: user=0.00 sys=0.00, real=0.00 secs] 
2066.446: [GC (Allocation Failure) [PSYoungGen: 59376K->1984K(59904K)] 400814K->343422K(557056K), 0.0018764 secs] [Times: user=0.01 sys=0.00, real=0.00 secs] 
2067.173: [GC (Allocation Failure) [PSYoungGen: 59840K->1344K(59904K)] 401278K->342782K(557056K), 0.0031740 secs] [Times: user=0.01 sys=0.00, real=0.00 secs] 
2067.702: [GC (Allocation Failure) [PSYoungGen: 59200K->1312K(59904K)] 400638K->342750K(557056K), 0.0042623 secs] [Times: user=0.02 sys=0.00, real=0.01 secs] 
2067.981: [GC (Allocation Failure) [PSYoungGen: 59168K->1376K(59904K)] 400606K->342814K(557056K), 0.0020315 secs] [Times: user=0.01 sys=0.00, real=0.01 secs] 
2068.306: [GC (Allocation Failure) [PSYoungGen: 59232K->1408K(59904K)] 400670K->342846K(557056K), 0.0020058 secs] [Times: user=0.00 sys=0.00, real=0.00 secs] 
2068.736: [GC (Allocation Failure) [PSYoungGen: 59264K->1472K(59904K)] 400702K->342910K(557056K), 0.0015039 secs] [Times: user=0.00 sys=0.00, real=0.00 secs] 
2069.075: [GC (Allocation Failure) [PSYoungGen: 59317K->1488K(59904K)] 400755K->342934K(557056K), 0.0018947 secs] [Times: user=0.00 sys=0.00, real=0.00 secs] 
2069.475: [GC (Allocation Failure) [PSYoungGen: 59344K->1549K(59904K)] 400790K->342995K(557056K), 0.0016840 secs] [Times: user=0.00 sys=0.00, real=0.00 secs] 
2069.813: [GC (Allocation Failure) [PSYoungGen: 59405K->1565K(59904K)] 400851K->343011K(557056K), 0.0016866 secs] [Times: user=0.00 sys=0.00, real=0.00 secs] 
2070.254: [GC (Allocation Failure) [PSYoungGen: 59421K->1664K(59904K)] 400867K->343110K(557056K), 0.0018520 secs] [Times: user=0.01 sys=0.00, real=0.00 secs] 
2070.525: [GC (Allocation Failure) [PSYoungGen: 59520K->1408K(59904K)] 400966K->342854K(557056K), 0.0020674 secs] [Times: user=0.01 sys=0.00, real=0.00 secs] 
2070.779: [GC (Allocation Failure) [PSYoungGen: 59264K->1376K(59904K)] 400710K->342822K(557056K), 0.0020068 secs] [Times: user=0.01 sys=0.00, real=0.00 secs] 
2071.072: [GC (Allocation Failure) [PSYoungGen: 59232K->1376K(59904K)] 400678K->342822K(557056K), 0.0020479 secs] [Times: user=0.00 sys=0.00, real=0.00 secs] 
2071.312: [GC (Allocation Failure) [PSYoungGen: 59232K->1360K(59904K)] 400678K->342806K(557056K), 0.0019439 secs] [Times: user=0.01 sys=0.00, real=0.00 secs] 
2071.646: [GC (Allocation Failure) [PSYoungGen: 59216K->1488K(59904K)] 400662K->342934K(557056K), 0.0014766 secs] [Times: user=0.00 sys=0.00, real=0.00 secs] 
2071.983: [GC (Allocation Failure) [PSYoungGen: 59342K->1568K(59904K)] 400788K->343022K(557056K), 0.0017731 secs] [Times: user=0.00 sys=0.00, real=0.00 secs] 
2072.322: [GC (Allocation Failure) [PSYoungGen: 59424K->1520K(59904K)] 400878K->342974K(557056K), 0.0017203 secs] [Times: user=0.00 sys=0.00, real=0.01 secs] 
2072.659: [GC (Allocation Failure) [PSYoungGen: 59376K->1520K(59904K)] 400830K->342974K(557056K), 0.0016658 secs] [Times: user=0.00 sys=0.00, real=0.00 secs] 
2072.993: [GC (Allocation Failure) [PSYoungGen: 59376K->1552K(59904K)] 400830K->343006K(557056K), 0.0015589 secs] [Times: user=0.00 sys=0.00, real=0.00 secs] 
2073.291: [GC (Allocation Failure) [PSYoungGen: 59408K->1408K(59904K)] 400862K->342878K(557056K), 0.0017764 secs] [Times: user=0.00 sys=0.00, real=0.01 secs] 
2073.538: [GC (Allocation Failure) [PSYoungGen: 59264K->1408K(59904K)] 400734K->342878K(557056K), 0.0018863 secs] [Times: user=0.01 sys=0.00, real=0.00 secs] 
2073.793: [GC (Allocation Failure) [PSYoungGen: 59264K->1360K(59904K)] 400734K->342830K(557056K), 0.0017473 secs] [Times: user=0.01 sys=0.00, real=0.00 secs] 
2074.082: [GC (Allocation Failure) [PSYoungGen: 59216K->1344K(59904K)] 400686K->342814K(557056K), 0.0019956 secs] [Times: user=0.01 sys=0.00, real=0.00 secs] 
2074.395: [GC (Allocation Failure) [PSYoungGen: 59200K->1469K(59904K)] 400670K->342939K(557056K), 0.0014922 secs] [Times: user=0.01 sys=0.00, real=0.00 secs] 
2074.795: [GC (Allocation Failure) [PSYoungGen: 59325K->1517K(59904K)] 400795K->343003K(557056K), 0.0016239 secs] [Times: user=0.01 sys=0.00, real=0.00 secs] 
2075.131: [GC (Allocation Failure) [PSYoungGen: 59373K->1488K(59904K)] 400859K->342974K(557056K), 0.0015839 secs] [Times: user=0.01 sys=0.00, real=0.01 secs] 
2075.468: [GC (Allocation Failure) [PSYoungGen: 59323K->1520K(59904K)] 400810K->343006K(557056K), 0.0016510 secs] [Times: user=0.01 sys=0.00, real=0.00 secs] 
2075.859: [GC (Allocation Failure) [PSYoungGen: 59376K->1552K(59904K)] 400862K->343038K(557056K), 0.0016728 secs] [Times: user=0.01 sys=0.00, real=0.00 secs] 
2076.495: [GC (Allocation Failure) [PSYoungGen: 59408K->1408K(59904K)] 400894K->342894K(557056K), 0.0026643 secs] [Times: user=0.01 sys=0.00, real=0.00 secs] 
2077.205: [GC (Allocation Failure) [PSYoungGen: 59264K->1376K(59904K)] 400750K->342862K(557056K), 0.0030439 secs] [Times: user=0.01 sys=0.00, real=0.00 secs] 
2077.827: [GC (Allocation Failure) [PSYoungGen: 59232K->1376K(59904K)] 400718K->342862K(557056K), 0.0030123 secs] [Times: user=0.01 sys=0.00, real=0.00 secs] 
2078.313: [GC (Allocation Failure) [PSYoungGen: 59232K->1344K(59904K)] 400718K->342830K(557056K), 0.0030142 secs] [Times: user=0.02 sys=0.00, real=0.00 secs] 
2078.890: [GC (Allocation Failure) [PSYoungGen: 59169K->1469K(59904K)] 400655K->342955K(557056K), 0.0023481 secs] [Times: user=0.01 sys=0.00, real=0.01 secs] 
2079.284: [GC (Allocation Failure) [PSYoungGen: 59325K->1552K(59904K)] 400811K->343038K(557056K), 0.0016092 secs] [Times: user=0.00 sys=0.00, real=0.00 secs] 
2079.626: [GC (Allocation Failure) [PSYoungGen: 59393K->1533K(59904K)] 400879K->343035K(557056K), 0.0015920 secs] [Times: user=0.01 sys=0.00, real=0.00 secs] 
2079.968: [GC (Allocation Failure) [PSYoungGen: 59389K->1549K(59904K)] 400891K->343051K(557056K), 0.0016677 secs] [Times: user=0.01 sys=0.00, real=0.00 secs] 
2080.304: [GC (Allocation Failure) [PSYoungGen: 59405K->1552K(59904K)] 400907K->343054K(557056K), 0.0016152 secs] [Times: user=0.00 sys=0.00, real=0.00 secs] 
2080.593: [GC (Allocation Failure) [PSYoungGen: 59408K->1440K(59904K)] 400910K->342942K(557056K), 0.0016291 secs] [Times: user=0.00 sys=0.00, real=0.00 secs] 
2080.967: [GC (Allocation Failure) [PSYoungGen: 59296K->1408K(59904K)] 400798K->342910K(557056K), 0.0016362 secs] [Times: user=0.01 sys=0.00, real=0.00 secs] 
2081.402: [GC (Allocation Failure) [PSYoungGen: 59264K->1344K(59904K)] 400766K->342846K(557056K), 0.0034741 secs] [Times: user=0.02 sys=0.00, real=0.00 secs] 
2081.895: [GC (Allocation Failure) [PSYoungGen: 59200K->1376K(59904K)] 400702K->342878K(557056K), 0.0025909 secs] [Times: user=0.01 sys=0.00, real=0.00 secs] 
2082.373: [GC (Allocation Failure) [PSYoungGen: 59232K->1376K(59904K)] 400734K->342878K(557056K), 0.0027003 secs] [Times: user=0.01 sys=0.00, real=0.00 secs] 
2082.793: [GC (Allocation Failure) [PSYoungGen: 59206K->1552K(59904K)] 400708K->343054K(557056K), 0.0016455 secs] [Times: user=0.01 sys=0.00, real=0.00 secs] 
2083.129: [GC (Allocation Failure) [PSYoungGen: 59408K->1584K(59904K)] 400910K->343094K(557056K), 0.0016600 secs] [Times: user=0.00 sys=0.00, real=0.00 secs] 
2083.466: [GC (Allocation Failure) [PSYoungGen: 59440K->1520K(59904K)] 400950K->343030K(557056K), 0.0015606 secs] [Times: user=0.01 sys=0.00, real=0.00 secs] 
2083.803: [GC (Allocation Failure) [PSYoungGen: 59376K->1520K(59904K)] 400886K->343030K(557056K), 0.0015948 secs] [Times: user=0.00 sys=0.00, real=0.00 secs] 
2084.446: [GC (Allocation Failure) [PSYoungGen: 59376K->1360K(59904K)] 400886K->342886K(557056K), 0.0019036 secs] [Times: user=0.00 sys=0.00, real=0.00 secs] 
2084.961: [GC (Allocation Failure) [PSYoungGen: 59216K->1360K(59904K)] 400742K->342886K(557056K), 0.0018754 secs] [Times: user=0.00 sys=0.00, real=0.01 secs] 
2085.474: [GC (Allocation Failure) [PSYoungGen: 59216K->1344K(59904K)] 400742K->342870K(557056K), 0.0019985 secs] [Times: user=0.01 sys=0.00, real=0.00 secs] 
2085.844: [GC (Allocation Failure) [PSYoungGen: 59200K->1376K(59904K)] 400726K->342902K(557056K), 0.0019324 secs] [Times: user=0.01 sys=0.00, real=0.00 secs] 
2086.088: [GC (Allocation Failure) [PSYoungGen: 59232K->1408K(59904K)] 400758K->342934K(557056K), 0.0018973 secs] [Times: user=0.01 sys=0.00, real=0.00 secs] 
2086.473: [GC (Allocation Failure) [PSYoungGen: 59264K->1488K(59904K)] 400790K->343014K(557056K), 0.0016157 secs] [Times: user=0.00 sys=0.00, real=0.00 secs] 
2086.809: [GC (Allocation Failure) [PSYoungGen: 59344K->1581K(59904K)] 400870K->343115K(557056K), 0.0016182 secs] [Times: user=0.01 sys=0.00, real=0.00 secs] 
2087.147: [GC (Allocation Failure) [PSYoungGen: 59419K->1581K(59904K)] 400953K->343115K(557056K), 0.0014728 secs] [Times: user=0.01 sys=0.00, real=0.00 secs] 
2087.485: [GC (Allocation Failure) [PSYoungGen: 59437K->1488K(59904K)] 400971K->343022K(557056K), 0.0017106 secs] [Times: user=0.01 sys=0.00, real=0.00 secs] 
2087.997: [GC (Allocation Failure) [PSYoungGen: 59344K->1408K(59904K)] 400878K->342942K(557056K), 0.0018300 secs] [Times: user=0.01 sys=0.00, real=0.00 secs] 
2088.485: [GC (Allocation Failure) [PSYoungGen: 59264K->1376K(59904K)] 400798K->342910K(557056K), 0.0029371 secs] [Times: user=0.01 sys=0.00, real=0.00 secs] 
2088.920: [GC (Allocation Failure) [PSYoungGen: 59232K->1408K(59904K)] 400766K->342942K(557056K), 0.0024663 secs] [Times: user=0.01 sys=0.00, real=0.01 secs] 
2089.214: [GC (Allocation Failure) [PSYoungGen: 59264K->1408K(59904K)] 400798K->342942K(557056K), 0.0018163 secs] [Times: user=0.01 sys=0.00, real=0.00 secs] 
2089.462: [GC (Allocation Failure) [PSYoungGen: 59264K->1344K(59904K)] 400798K->342878K(557056K), 0.0018083 secs] [Times: user=0.01 sys=0.00, real=0.00 secs] 
2089.843: [GC (Allocation Failure) [PSYoungGen: 59181K->1501K(59904K)] 400716K->343035K(557056K), 0.0015776 secs] [Times: user=0.01 sys=0.00, real=0.00 secs] 
2090.178: [GC (Allocation Failure) [PSYoungGen: 59357K->1584K(59904K)] 400891K->343134K(557056K), 0.0015616 secs] [Times: user=0.01 sys=0.00, real=0.00 secs] 
2090.516: [GC (Allocation Failure) [PSYoungGen: 59440K->1536K(59904K)] 400990K->343086K(557056K), 0.0015753 secs] [Times: user=0.01 sys=0.00, real=0.00 secs] 
2090.851: [GC (Allocation Failure) [PSYoungGen: 59392K->1552K(59904K)] 400942K->343102K(557056K), 0.0016864 secs] [Times: user=0.00 sys=0.00, real=0.01 secs] 
2091.426: [GC (Allocation Failure) [PSYoungGen: 59408K->1392K(59904K)] 400958K->342942K(557056K), 0.0022031 secs] [Times: user=0.01 sys=0.00, real=0.00 secs] 
2092.155: [GC (Allocation Failure) [PSYoungGen: 59248K->1376K(59904K)] 400798K->342926K(557056K), 0.0025768 secs] [Times: user=0.01 sys=0.00, real=0.00 secs] 
2092.921: [GC (Allocation Failure) [PSYoungGen: 59232K->1408K(59904K)] 400782K->342958K(557056K), 0.0026101 secs] [Times: user=0.00 sys=0.00, real=0.01 secs] 
2093.404: [GC (Allocation Failure) [PSYoungGen: 59264K->1376K(59904K)] 400814K->342926K(557056K), 0.0027720 secs] [Times: user=0.01 sys=0.00, real=0.00 secs] 
2093.916: [GC (Allocation Failure) [PSYoungGen: 59232K->1392K(59904K)] 400782K->342942K(557056K), 0.0026998 secs] [Times: user=0.01 sys=0.00, real=0.00 secs] 
2094.471: [GC (Allocation Failure) [PSYoungGen: 59237K->1501K(59904K)] 400787K->343051K(557056K), 0.0017905 secs] [Times: user=0.00 sys=0.00, real=0.01 secs] 
2094.812: [GC (Allocation Failure) [PSYoungGen: 59357K->1520K(59904K)] 400907K->343078K(557056K), 0.0016392 secs] [Times: user=0.00 sys=0.00, real=0.00 secs] 
2095.149: [GC (Allocation Failure) [PSYoungGen: 59376K->1581K(59904K)] 400934K->343155K(557056K), 0.0016527 secs] [Times: user=0.00 sys=0.00, real=0.00 secs] 
2095.543: [GC (Allocation Failure) [PSYoungGen: 59437K->1488K(59904K)] 401011K->343062K(557056K), 0.0016971 secs] [Times: user=0.01 sys=0.00, real=0.00 secs] 
2095.895: [GC (Allocation Failure) [PSYoungGen: 59344K->1456K(59904K)] 400918K->343030K(557056K), 0.0022407 secs] [Times: user=0.01 sys=0.00, real=0.00 secs] 
2096.136: [GC (Allocation Failure) [PSYoungGen: 59312K->1408K(59904K)] 400886K->342982K(557056K), 0.0018826 secs] [Times: user=0.01 sys=0.00, real=0.00 secs] 
2096.376: [GC (Allocation Failure) [PSYoungGen: 59264K->1360K(59904K)] 400838K->342934K(557056K), 0.0018600 secs] [Times: user=0.01 sys=0.00, real=0.00 secs] 
2096.646: [GC (Allocation Failure) [PSYoungGen: 59216K->1312K(59904K)] 400790K->342886K(557056K), 0.0018813 secs] [Times: user=0.00 sys=0.00, real=0.00 secs] 
2096.887: [GC (Allocation Failure) [PSYoungGen: 59168K->1376K(59904K)] 400742K->342950K(557056K), 0.0017843 secs] [Times: user=0.01 sys=0.00, real=0.00 secs] 
2097.266: [GC (Allocation Failure) [PSYoungGen: 59232K->1504K(59904K)] 400806K->343078K(557056K), 0.0015302 secs] [Times: user=0.00 sys=0.01, real=0.00 secs] 
2097.664: [GC (Allocation Failure) [PSYoungGen: 59353K->1552K(59904K)] 400927K->343142K(557056K), 0.0015775 secs] [Times: user=0.01 sys=0.00, real=0.00 secs] 
2098.003: [GC (Allocation Failure) [PSYoungGen: 59408K->1517K(59904K)] 400998K->343107K(557056K), 0.0035852 secs] [Times: user=0.02 sys=0.00, real=0.00 secs] 
2098.426: [GC (Allocation Failure) [PSYoungGen: 59373K->1520K(59904K)] 400963K->343110K(557056K), 0.0015528 secs] [Times: user=0.00 sys=0.00, real=0.00 secs] 
2098.960: [GC (Allocation Failure) [PSYoungGen: 59376K->1488K(59904K)] 400966K->343078K(557056K), 0.0040343 secs] [Times: user=0.01 sys=0.00, real=0.01 secs] 
2100.049: [GC (Allocation Failure) [PSYoungGen: 59344K->1376K(59904K)] 400934K->342966K(557056K), 0.0038224 secs] [Times: user=0.02 sys=0.00, real=0.01 secs] 
2100.920: [GC (Allocation Failure) [PSYoungGen: 59232K->1344K(59904K)] 400822K->342934K(557056K), 0.0043409 secs] [Times: user=0.02 sys=0.00, real=0.01 secs] 
2101.613: [GC (Allocation Failure) [PSYoungGen: 59200K->1376K(59904K)] 400790K->342966K(557056K), 0.0027018 secs] [Times: user=0.01 sys=0.00, real=0.00 secs] 
2102.178: [GC (Allocation Failure) [PSYoungGen: 59232K->1376K(59904K)] 400822K->342966K(557056K), 0.0025139 secs] [Times: user=0.01 sys=0.00, real=0.00 secs] 
2102.699: [GC (Allocation Failure) [PSYoungGen: 59232K->1485K(59904K)] 400822K->343075K(557056K), 0.0015173 secs] [Times: user=0.01 sys=0.00, real=0.00 secs] 
2103.036: [GC (Allocation Failure) [PSYoungGen: 59319K->1552K(59904K)] 400909K->343150K(557056K), 0.0015842 secs] [Times: user=0.01 sys=0.00, real=0.00 secs] 
2103.373: [GC (Allocation Failure) [PSYoungGen: 59408K->1536K(59904K)] 401006K->343134K(557056K), 0.0016584 secs] [Times: user=0.01 sys=0.00, real=0.00 secs] 
2103.709: [GC (Allocation Failure) [PSYoungGen: 59392K->1552K(59904K)] 400990K->343150K(557056K), 0.0016606 secs] [Times: user=0.01 sys=0.00, real=0.00 secs] 
2104.093: [GC (Allocation Failure) [PSYoungGen: 59408K->1456K(59904K)] 401006K->343054K(557056K), 0.0017185 secs] [Times: user=0.01 sys=0.00, real=0.00 secs] 
2104.355: [GC (Allocation Failure) [PSYoungGen: 59312K->1408K(59904K)] 400910K->343006K(557056K), 0.0016630 secs] [Times: user=0.01 sys=0.00, real=0.00 secs] 
2104.646: [GC (Allocation Failure) [PSYoungGen: 59264K->1376K(59904K)] 400862K->342974K(557056K), 0.0016480 secs] [Times: user=0.00 sys=0.00, real=0.00 secs] 
2105.066: [GC (Allocation Failure) [PSYoungGen: 59232K->1376K(59904K)] 400830K->342974K(557056K), 0.0018239 secs] [Times: user=0.01 sys=0.00, real=0.00 secs] 
2105.509: [GC (Allocation Failure) [PSYoungGen: 59232K->1408K(59904K)] 400830K->343006K(557056K), 0.0017432 secs] [Times: user=0.01 sys=0.00, real=0.00 secs] 
2105.931: [GC (Allocation Failure) [PSYoungGen: 59264K->1485K(59904K)] 400862K->343091K(557056K), 0.0015273 secs] [Times: user=0.01 sys=0.00, real=0.01 secs] 
2106.269: [GC (Allocation Failure) [PSYoungGen: 59320K->1520K(59904K)] 400927K->343134K(557056K), 0.0015882 secs] [Times: user=0.00 sys=0.00, real=0.00 secs] 
2106.605: [GC (Allocation Failure) [PSYoungGen: 59376K->1533K(59904K)] 400990K->343147K(557056K), 0.0015288 secs] [Times: user=0.00 sys=0.00, real=0.00 secs] 
2107.002: [GC (Allocation Failure) [PSYoungGen: 59389K->1520K(59904K)] 401003K->343134K(557056K), 0.0017564 secs] [Times: user=0.01 sys=0.00, real=0.00 secs] 
2107.496: [GC (Allocation Failure) [PSYoungGen: 59376K->1504K(59904K)] 400990K->343118K(557056K), 0.0025538 secs] [Times: user=0.01 sys=0.00, real=0.00 secs] 
2108.015: [GC (Allocation Failure) [PSYoungGen: 59360K->1424K(59904K)] 400974K->343038K(557056K), 0.0025665 secs] [Times: user=0.01 sys=0.00, real=0.00 secs] 
2108.511: [GC (Allocation Failure) [PSYoungGen: 59280K->1376K(59904K)] 400894K->342990K(557056K), 0.0026112 secs] [Times: user=0.01 sys=0.00, real=0.01 secs] 
2109.121: [GC (Allocation Failure) [PSYoungGen: 59232K->1360K(59904K)] 400846K->342974K(557056K), 0.0023209 secs] [Times: user=0.01 sys=0.00, real=0.01 secs] 
2109.934: [GC (Allocation Failure) [PSYoungGen: 59216K->1408K(59904K)] 400830K->343022K(557056K), 0.0023870 secs] [Times: user=0.01 sys=0.01, real=0.00 secs] 
2110.578: [GC (Allocation Failure) [PSYoungGen: 59264K->1456K(59904K)] 400878K->343070K(557056K), 0.0015042 secs] [Times: user=0.00 sys=0.00, real=0.00 secs] 
2110.916: [GC (Allocation Failure) [PSYoungGen: 59288K->1568K(59904K)] 400902K->343198K(557056K), 0.0015930 secs] [Times: user=0.01 sys=0.00, real=0.00 secs] 
2111.253: [GC (Allocation Failure) [PSYoungGen: 59424K->1552K(59904K)] 401054K->343182K(557056K), 0.0016132 secs] [Times: user=0.01 sys=0.00, real=0.00 secs] 
2111.589: [GC (Allocation Failure) [PSYoungGen: 59408K->1549K(59904K)] 401038K->343179K(557056K), 0.0017314 secs] [Times: user=0.01 sys=0.00, real=0.00 secs] 
2112.329: [GC (Allocation Failure) [PSYoungGen: 59405K->1456K(59904K)] 401035K->343086K(557056K), 0.0022112 secs] [Times: user=0.00 sys=0.00, real=0.00 secs] 
2113.046: [GC (Allocation Failure) [PSYoungGen: 59312K->1408K(59904K)] 400942K->343038K(557056K), 0.0027833 secs] [Times: user=0.01 sys=0.00, real=0.00 secs] 
2113.690: [GC (Allocation Failure) [PSYoungGen: 59264K->1440K(59904K)] 400894K->343070K(557056K), 0.0018586 secs] [Times: user=0.01 sys=0.00, real=0.01 secs] 
2114.271: [GC (Allocation Failure) [PSYoungGen: 59296K->1408K(59904K)] 400926K->343038K(557056K), 0.0020949 secs] [Times: user=0.01 sys=0.00, real=0.01 secs] 
2114.759: [GC (Allocation Failure) [PSYoungGen: 59264K->1408K(59904K)] 400894K->343038K(557056K), 0.0021156 secs] [Times: user=0.01 sys=0.00, real=0.00 secs] 
2115.413: [GC (Allocation Failure) [PSYoungGen: 59264K->1456K(59904K)] 400894K->343086K(557056K), 0.0014842 secs] [Times: user=0.01 sys=0.00, real=0.00 secs] 
2115.751: [GC (Allocation Failure) [PSYoungGen: 59312K->1520K(59904K)] 400942K->343158K(557056K), 0.0017348 secs] [Times: user=0.00 sys=0.00, real=0.01 secs] 
2116.151: [GC (Allocation Failure) [PSYoungGen: 59350K->1568K(59904K)] 400988K->343206K(557056K), 0.0015857 secs] [Times: user=0.00 sys=0.00, real=0.01 secs] 
2116.488: [GC (Allocation Failure) [PSYoungGen: 59424K->1520K(59904K)] 401062K->343182K(557056K), 0.0017096 secs] [Times: user=0.00 sys=0.00, real=0.00 secs] 
2116.950: [GC (Allocation Failure) [PSYoungGen: 59376K->1984K(59904K)] 401038K->343646K(557056K), 0.0019250 secs] [Times: user=0.01 sys=0.00, real=0.00 secs] 
2117.521: [GC (Allocation Failure) [PSYoungGen: 59840K->1376K(59904K)] 401502K->343038K(557056K), 0.0025909 secs] [Times: user=0.01 sys=0.00, real=0.01 secs] 
2118.008: [GC (Allocation Failure) [PSYoungGen: 59232K->1408K(59904K)] 400894K->343070K(557056K), 0.0020677 secs] [Times: user=0.00 sys=0.00, real=0.00 secs] 
2118.564: [GC (Allocation Failure) [PSYoungGen: 59264K->1376K(59904K)] 400926K->343038K(557056K), 0.0040682 secs] [Times: user=0.01 sys=0.00, real=0.00 secs] 
2119.109: [GC (Allocation Failure) [PSYoungGen: 59232K->1376K(59904K)] 400894K->343038K(557056K), 0.0025675 secs] [Times: user=0.01 sys=0.00, real=0.01 secs] 
2119.451: [GC (Allocation Failure) [PSYoungGen: 59232K->1421K(59904K)] 400894K->343083K(557056K), 0.0015077 secs] [Times: user=0.00 sys=0.00, real=0.01 secs] 
2119.792: [GC (Allocation Failure) [PSYoungGen: 59265K->1565K(59904K)] 400927K->343243K(557056K), 0.0016904 secs] [Times: user=0.01 sys=0.00, real=0.00 secs] 
2120.193: [GC (Allocation Failure) [PSYoungGen: 59421K->1565K(59904K)] 401099K->343243K(557056K), 0.0016602 secs] [Times: user=0.01 sys=0.00, real=0.00 secs] 
2120.529: [GC (Allocation Failure) [PSYoungGen: 59421K->1517K(59904K)] 401099K->343195K(557056K), 0.0016404 secs] [Times: user=0.01 sys=0.00, real=0.00 secs] 
2121.108: [GC (Allocation Failure) [PSYoungGen: 59373K->1568K(59904K)] 401051K->343246K(557056K), 0.0017266 secs] [Times: user=0.01 sys=0.00, real=0.00 secs] 
2121.769: [GC (Allocation Failure) [PSYoungGen: 59424K->1376K(59904K)] 401102K->343054K(557056K), 0.0029889 secs] [Times: user=0.02 sys=0.00, real=0.01 secs] 
2122.320: [GC (Allocation Failure) [PSYoungGen: 59232K->1344K(59904K)] 400910K->343022K(557056K), 0.0028123 secs] [Times: user=0.01 sys=0.00, real=0.01 secs] 
2122.863: [GC (Allocation Failure) [PSYoungGen: 59200K->1344K(59904K)] 400878K->343022K(557056K), 0.0023971 secs] [Times: user=0.01 sys=0.00, real=0.00 secs] 
2123.472: [GC (Allocation Failure) [PSYoungGen: 59200K->1344K(59904K)] 400878K->343022K(557056K), 0.0024767 secs] [Times: user=0.01 sys=0.00, real=0.01 secs] 
2124.109: [GC (Allocation Failure) [PSYoungGen: 59200K->1501K(59904K)] 400878K->343179K(557056K), 0.0020682 secs] [Times: user=0.01 sys=0.00, real=0.00 secs] 
2124.470: [GC (Allocation Failure) [PSYoungGen: 59356K->1520K(59904K)] 401035K->343222K(557056K), 0.0016657 secs] [Times: user=0.01 sys=0.00, real=0.01 secs] 
2124.808: [GC (Allocation Failure) [PSYoungGen: 59376K->1552K(59904K)] 401078K->343254K(557056K), 0.0017386 secs] [Times: user=0.01 sys=0.00, real=0.00 secs] 
2125.149: [GC (Allocation Failure) [PSYoungGen: 59408K->1565K(59904K)] 401110K->343267K(557056K), 0.0015978 secs] [Times: user=0.01 sys=0.00, real=0.00 secs] 
2125.485: [GC (Allocation Failure) [PSYoungGen: 59421K->1552K(59904K)] 401123K->343270K(557056K), 0.0015762 secs] [Times: user=0.00 sys=0.01, real=0.00 secs] 
2126.292: [GC (Allocation Failure) [PSYoungGen: 59408K->1408K(59904K)] 401126K->343126K(557056K), 0.0019014 secs] [Times: user=0.01 sys=0.00, real=0.00 secs] 
2126.553: [GC (Allocation Failure) [PSYoungGen: 59264K->1376K(59904K)] 400982K->343094K(557056K), 0.0025770 secs] [Times: user=0.01 sys=0.00, real=0.00 secs] 
2126.790: [GC (Allocation Failure) [PSYoungGen: 59232K->1408K(59904K)] 400950K->343126K(557056K), 0.0019019 secs] [Times: user=0.01 sys=0.00, real=0.01 secs] 
2127.037: [GC (Allocation Failure) [PSYoungGen: 59264K->1328K(59904K)] 400982K->343046K(557056K), 0.0020584 secs] [Times: user=0.00 sys=0.00, real=0.00 secs] 
2127.399: [GC (Allocation Failure) [PSYoungGen: 59184K->1488K(59904K)] 400902K->343206K(557056K), 0.0018069 secs] [Times: user=0.01 sys=0.00, real=0.00 secs] 
2127.741: [GC (Allocation Failure) [PSYoungGen: 59317K->1520K(59904K)] 401036K->343246K(557056K), 0.0015661 secs] [Times: user=0.00 sys=0.00, real=0.01 secs] 
2128.077: [GC (Allocation Failure) [PSYoungGen: 59376K->1520K(59904K)] 401102K->343246K(557056K), 0.0016987 secs] [Times: user=0.01 sys=0.00, real=0.00 secs] 
2128.415: [GC (Allocation Failure) [PSYoungGen: 59376K->1568K(59904K)] 401102K->343294K(557056K), 0.0016195 secs] [Times: user=0.01 sys=0.00, real=0.00 secs] 
2128.754: [GC (Allocation Failure) [PSYoungGen: 59424K->1517K(59904K)] 401150K->343243K(557056K), 0.0045913 secs] [Times: user=0.02 sys=0.00, real=0.00 secs] 
2130.294: [GC (Allocation Failure) [PSYoungGen: 59373K->1408K(59904K)] 401099K->343134K(557056K), 0.0037972 secs] [Times: user=0.02 sys=0.00, real=0.00 secs] 
2131.499: [GC (Allocation Failure) [PSYoungGen: 59264K->1376K(59904K)] 400990K->343102K(557056K), 0.0032790 secs] [Times: user=0.01 sys=0.00, real=0.01 secs] 
2131.840: [GC (Allocation Failure) [PSYoungGen: 59232K->1376K(59904K)] 400958K->343102K(557056K), 0.0019034 secs] [Times: user=0.00 sys=0.00, real=0.01 secs] 
2132.080: [GC (Allocation Failure) [PSYoungGen: 59232K->1344K(59904K)] 400958K->343070K(557056K), 0.0018251 secs] [Times: user=0.01 sys=0.00, real=0.01 secs] 
2132.374: [GC (Allocation Failure) [PSYoungGen: 59200K->1424K(59904K)] 400926K->343150K(557056K), 0.0019867 secs] [Times: user=0.01 sys=0.00, real=0.00 secs] 
2132.739: [GC (Allocation Failure) [PSYoungGen: 59253K->1549K(59904K)] 400979K->343275K(557056K), 0.0015522 secs] [Times: user=0.01 sys=0.00, real=0.00 secs] 
2133.075: [GC (Allocation Failure) [PSYoungGen: 59405K->1552K(59904K)] 401131K->343286K(557056K), 0.0016924 secs] [Times: user=0.00 sys=0.00, real=0.00 secs] 
2133.476: [GC (Allocation Failure) [PSYoungGen: 59408K->1552K(59904K)] 401142K->343286K(557056K), 0.0016899 secs] [Times: user=0.01 sys=0.00, real=0.00 secs] 
2133.818: [GC (Allocation Failure) [PSYoungGen: 59408K->1488K(59904K)] 401142K->343222K(557056K), 0.0017601 secs] [Times: user=0.01 sys=0.00, real=0.00 secs] 
2134.741: [GC (Allocation Failure) [PSYoungGen: 59344K->1408K(59904K)] 401078K->343142K(557056K), 0.0026671 secs] [Times: user=0.01 sys=0.00, real=0.01 secs] 
2134.971: [GC (Allocation Failure) [PSYoungGen: 59264K->1328K(59904K)] 400998K->343062K(557056K), 0.0022158 secs] [Times: user=0.00 sys=0.00, real=0.01 secs] 
2135.257: [GC (Allocation Failure) [PSYoungGen: 59184K->1376K(59904K)] 400918K->343110K(557056K), 0.0020496 secs] [Times: user=0.01 sys=0.00, real=0.00 secs] 
2135.499: [GC (Allocation Failure) [PSYoungGen: 59232K->1408K(59904K)] 400966K->343142K(557056K), 0.0016269 secs] [Times: user=0.01 sys=0.00, real=0.00 secs] 
2135.738: [GC (Allocation Failure) [PSYoungGen: 59264K->1376K(59904K)] 400998K->343126K(557056K), 0.0018306 secs] [Times: user=0.01 sys=0.00, real=0.00 secs] 
2136.107: [GC (Allocation Failure) [PSYoungGen: 59206K->1520K(59904K)] 400956K->343270K(557056K), 0.0015517 secs] [Times: user=0.00 sys=0.00, real=0.00 secs] 
2136.443: [GC (Allocation Failure) [PSYoungGen: 59376K->1501K(59904K)] 401126K->343259K(557056K), 0.0016331 secs] [Times: user=0.01 sys=0.00, real=0.00 secs] 
2136.780: [GC (Allocation Failure) [PSYoungGen: 59357K->1501K(59904K)] 401115K->343259K(557056K), 0.0016657 secs] [Times: user=0.01 sys=0.00, real=0.00 secs] 
2137.176: [GC (Allocation Failure) [PSYoungGen: 59357K->1517K(59904K)] 401115K->343275K(557056K), 0.0016802 secs] [Times: user=0.00 sys=0.01, real=0.00 secs] 
2137.571: [GC (Allocation Failure) [PSYoungGen: 59373K->1440K(59904K)] 401131K->343198K(557056K), 0.0019820 secs] [Times: user=0.01 sys=0.00, real=0.01 secs] 
2137.824: [GC (Allocation Failure) [PSYoungGen: 59296K->1344K(59904K)] 401054K->343102K(557056K), 0.0019793 secs] [Times: user=0.01 sys=0.01, real=0.00 secs] 
2138.109: [GC (Allocation Failure) [PSYoungGen: 59200K->1376K(59904K)] 400958K->343134K(557056K), 0.0019333 secs] [Times: user=0.01 sys=0.00, real=0.00 secs] 
2138.354: [GC (Allocation Failure) [PSYoungGen: 59232K->1360K(59904K)] 400990K->343118K(557056K), 0.0019595 secs] [Times: user=0.01 sys=0.00, real=0.00 secs] 
2138.650: [GC (Allocation Failure) [PSYoungGen: 59216K->1376K(59904K)] 400974K->343134K(557056K), 0.0020083 secs] [Times: user=0.01 sys=0.00, real=0.01 secs] 
2139.020: [GC (Allocation Failure) [PSYoungGen: 59232K->1485K(59904K)] 400990K->343243K(557056K), 0.0013765 secs] [Times: user=0.01 sys=0.00, real=0.00 secs] 
2139.436: [GC (Allocation Failure) [PSYoungGen: 59309K->1565K(59904K)] 401067K->343331K(557056K), 0.0017362 secs] [Times: user=0.01 sys=0.00, real=0.00 secs] 
2139.774: [GC (Allocation Failure) [PSYoungGen: 59421K->1549K(59904K)] 401187K->343315K(557056K), 0.0015921 secs] [Times: user=0.01 sys=0.00, real=0.00 secs] 
2140.113: [GC (Allocation Failure) [PSYoungGen: 59405K->1549K(59904K)] 401171K->343315K(557056K), 0.0018957 secs] [Times: user=0.01 sys=0.01, real=0.00 secs] 
2140.460: [GC (Allocation Failure) [PSYoungGen: 59405K->1472K(59904K)] 401171K->343238K(557056K), 0.0027912 secs] [Times: user=0.01 sys=0.00, real=0.01 secs] 
2140.715: [GC (Allocation Failure) [PSYoungGen: 59328K->1408K(59904K)] 401094K->343174K(557056K), 0.0017942 secs] [Times: user=0.01 sys=0.00, real=0.00 secs] 
2140.975: [GC (Allocation Failure) [PSYoungGen: 59264K->1376K(59904K)] 401030K->343142K(557056K), 0.0020305 secs] [Times: user=0.00 sys=0.00, real=0.00 secs] 
2141.218: [GC (Allocation Failure) [PSYoungGen: 59232K->1376K(59904K)] 400998K->343142K(557056K), 0.0019595 secs] [Times: user=0.00 sys=0.00, real=0.00 secs] 
2141.530: [GC (Allocation Failure) [PSYoungGen: 59232K->1360K(59904K)] 400998K->343126K(557056K), 0.0018801 secs] [Times: user=0.01 sys=0.00, real=0.01 secs] 
2141.999: [GC (Allocation Failure) [PSYoungGen: 59216K->1456K(59904K)] 400982K->343222K(557056K), 0.0015883 secs] [Times: user=0.01 sys=0.00, real=0.00 secs] 
2142.334: [GC (Allocation Failure) [PSYoungGen: 59312K->1504K(59904K)] 401078K->343278K(557056K), 0.0016778 secs] [Times: user=0.01 sys=0.00, real=0.00 secs] 
2142.671: [GC (Allocation Failure) [PSYoungGen: 59331K->1520K(59904K)] 401105K->343294K(557056K), 0.0017566 secs] [Times: user=0.01 sys=0.00, real=0.01 secs] 
2143.008: [GC (Allocation Failure) [PSYoungGen: 59376K->1552K(59904K)] 401150K->343350K(557056K), 0.0016080 secs] [Times: user=0.00 sys=0.00, real=0.00 secs] 
2143.586: [GC (Allocation Failure) [PSYoungGen: 59408K->1408K(59904K)] 401206K->343206K(557056K), 0.0028327 secs] [Times: user=0.01 sys=0.00, real=0.00 secs] 
2144.050: [GC (Allocation Failure) [PSYoungGen: 59264K->1376K(59904K)] 401062K->343174K(557056K), 0.0024990 secs] [Times: user=0.01 sys=0.00, real=0.01 secs] 
2144.579: [GC (Allocation Failure) [PSYoungGen: 59232K->1376K(59904K)] 401030K->343174K(557056K), 0.0024129 secs] [Times: user=0.01 sys=0.00, real=0.00 secs] 
2145.057: [GC (Allocation Failure) [PSYoungGen: 59232K->1376K(59904K)] 401030K->343174K(557056K), 0.0023116 secs] [Times: user=0.01 sys=0.00, real=0.00 secs] 
2145.444: [GC (Allocation Failure) [PSYoungGen: 59232K->1408K(59904K)] 401030K->343206K(557056K), 0.0020702 secs] [Times: user=0.00 sys=0.00, real=0.00 secs] 
2145.775: [GC (Allocation Failure) [PSYoungGen: 59234K->1520K(59904K)] 401033K->343318K(557056K), 0.0014986 secs] [Times: user=0.01 sys=0.00, real=0.00 secs] 
2146.170: [GC (Allocation Failure) [PSYoungGen: 59376K->1552K(59904K)] 401174K->343358K(557056K), 0.0015660 secs] [Times: user=0.01 sys=0.00, real=0.01 secs] 
2146.565: [GC (Allocation Failure) [PSYoungGen: 59408K->1520K(59904K)] 401214K->343326K(557056K), 0.0016168 secs] [Times: user=0.00 sys=0.00, real=0.00 secs] 
2146.961: [GC (Allocation Failure) [PSYoungGen: 59376K->1520K(59904K)] 401182K->343326K(557056K), 0.0016669 secs] [Times: user=0.01 sys=0.00, real=0.01 secs] 
2147.299: [GC (Allocation Failure) [PSYoungGen: 59376K->1472K(59904K)] 401182K->343278K(557056K), 0.0021456 secs] [Times: user=0.01 sys=0.00, real=0.00 secs] 
2147.573: [GC (Allocation Failure) [PSYoungGen: 59328K->1376K(59904K)] 401134K->343182K(557056K), 0.0018636 secs] [Times: user=0.01 sys=0.00, real=0.00 secs] 
2147.954: [GC (Allocation Failure) [PSYoungGen: 59232K->1440K(59904K)] 401038K->343254K(557056K), 0.0016666 secs] [Times: user=0.00 sys=0.01, real=0.00 secs] 
2148.431: [GC (Allocation Failure) [PSYoungGen: 59296K->1344K(59904K)] 401110K->343158K(557056K), 0.0018402 secs] [Times: user=0.01 sys=0.01, real=0.01 secs] 
2148.944: [GC (Allocation Failure) [PSYoungGen: 59200K->1408K(59904K)] 401014K->343222K(557056K), 0.0018320 secs] [Times: user=0.00 sys=0.00, real=0.00 secs] 
2149.446: [GC (Allocation Failure) [PSYoungGen: 59264K->1488K(59904K)] 401078K->343302K(557056K), 0.0015271 secs] [Times: user=0.01 sys=0.00, real=0.00 secs] 
2149.783: [GC (Allocation Failure) [PSYoungGen: 59333K->1549K(59904K)] 401147K->343379K(557056K), 0.0015749 secs] [Times: user=0.00 sys=0.00, real=0.00 secs] 
2150.180: [GC (Allocation Failure) [PSYoungGen: 59405K->1552K(59904K)] 401235K->343382K(557056K), 0.0016256 secs] [Times: user=0.01 sys=0.00, real=0.01 secs] 
2150.518: [GC (Allocation Failure) [PSYoungGen: 59408K->1520K(59904K)] 401238K->343350K(557056K), 0.0017897 secs] [Times: user=0.01 sys=0.00, real=0.00 secs] 
2151.296: [GC (Allocation Failure) [PSYoungGen: 59376K->1456K(59904K)] 401206K->343286K(557056K), 0.0033691 secs] [Times: user=0.01 sys=0.00, real=0.00 secs] 
2151.899: [GC (Allocation Failure) [PSYoungGen: 59312K->1408K(59904K)] 401142K->343238K(557056K), 0.0028527 secs] [Times: user=0.01 sys=0.00, real=0.01 secs] 
2152.383: [GC (Allocation Failure) [PSYoungGen: 59264K->1376K(59904K)] 401094K->343206K(557056K), 0.0026645 secs] [Times: user=0.01 sys=0.00, real=0.00 secs] 
2152.847: [GC (Allocation Failure) [PSYoungGen: 59232K->1344K(59904K)] 401062K->343174K(557056K), 0.0032128 secs] [Times: user=0.02 sys=0.00, real=0.00 secs] 
2153.103: [GC (Allocation Failure) [PSYoungGen: 59200K->1344K(59904K)] 401030K->343174K(557056K), 0.0025057 secs] [Times: user=0.01 sys=0.00, real=0.00 secs] 
2153.469: [GC (Allocation Failure) [PSYoungGen: 59200K->1472K(59904K)] 401030K->343302K(557056K), 0.0014860 secs] [Times: user=0.01 sys=0.00, real=0.00 secs] 
2153.808: [GC (Allocation Failure) [PSYoungGen: 59328K->1552K(59904K)] 401158K->343398K(557056K), 0.0016556 secs] [Times: user=0.01 sys=0.00, real=0.00 secs] 
2154.144: [GC (Allocation Failure) [PSYoungGen: 59408K->1517K(59904K)] 401254K->343363K(557056K), 0.0016248 secs] [Times: user=0.01 sys=0.00, real=0.00 secs] 
2154.480: [GC (Allocation Failure) [PSYoungGen: 59373K->1552K(59904K)] 401219K->343398K(557056K), 0.0016475 secs] [Times: user=0.01 sys=0.00, real=0.00 secs] 
2155.116: [GC (Allocation Failure) [PSYoungGen: 59408K->1456K(59904K)] 401254K->343326K(557056K), 0.0024280 secs] [Times: user=0.01 sys=0.00, real=0.00 secs] 
2155.620: [GC (Allocation Failure) [PSYoungGen: 59312K->1280K(59904K)] 401182K->343150K(557056K), 0.0020189 secs] [Times: user=0.01 sys=0.00, real=0.01 secs] 
2155.860: [GC (Allocation Failure) [PSYoungGen: 59136K->1344K(59904K)] 401006K->343214K(557056K), 0.0019943 secs] [Times: user=0.01 sys=0.00, real=0.01 secs] 
2156.101: [GC (Allocation Failure) [PSYoungGen: 59200K->1376K(59904K)] 401070K->343246K(557056K), 0.0019746 secs] [Times: user=0.01 sys=0.00, real=0.01 secs] 
2156.341: [GC (Allocation Failure) [PSYoungGen: 59232K->1376K(59904K)] 401102K->343246K(557056K), 0.0019412 secs] [Times: user=0.01 sys=0.00, real=0.01 secs] 
2156.669: [GC (Allocation Failure) [PSYoungGen: 59232K->1536K(59904K)] 401102K->343406K(557056K), 0.0015493 secs] [Times: user=0.00 sys=0.00, real=0.00 secs] 
2157.007: [GC (Allocation Failure) [PSYoungGen: 59362K->1565K(59904K)] 401232K->343443K(557056K), 0.0015814 secs] [Times: user=0.01 sys=0.00, real=0.00 secs] 
2157.345: [GC (Allocation Failure) [PSYoungGen: 59421K->1552K(59904K)] 401299K->343430K(557056K), 0.0015932 secs] [Times: user=0.01 sys=0.00, real=0.00 secs] 
2157.681: [GC (Allocation Failure) [PSYoungGen: 59408K->1568K(59904K)] 401286K->343446K(557056K), 0.0016174 secs] [Times: user=0.01 sys=0.00, real=0.01 secs] 
2158.101: [GC (Allocation Failure) [PSYoungGen: 59424K->1472K(59904K)] 401302K->343350K(557056K), 0.0018029 secs] [Times: user=0.00 sys=0.00, real=0.01 secs] 
2158.341: [GC (Allocation Failure) [PSYoungGen: 59328K->1312K(59904K)] 401206K->343190K(557056K), 0.0018343 secs] [Times: user=0.01 sys=0.00, real=0.01 secs] 
2158.619: [GC (Allocation Failure) [PSYoungGen: 59168K->1344K(59904K)] 401046K->343222K(557056K), 0.0019114 secs] [Times: user=0.01 sys=0.00, real=0.00 secs] 
2158.872: [GC (Allocation Failure) [PSYoungGen: 59172K->1456K(59904K)] 401050K->343334K(557056K), 0.0018198 secs] [Times: user=0.00 sys=0.00, real=0.01 secs] 
2159.216: [GC (Allocation Failure) [PSYoungGen: 59312K->1520K(59904K)] 401190K->343398K(557056K), 0.0017059 secs] [Times: user=0.01 sys=0.00, real=0.00 secs] 
2159.450: [GC (Allocation Failure) [PSYoungGen: 59376K->1552K(59904K)] 401254K->343430K(557056K), 0.0015707 secs] [Times: user=0.01 sys=0.00, real=0.00 secs] 
2159.692: [GC (Allocation Failure) [PSYoungGen: 59408K->1552K(59904K)] 401286K->343446K(557056K), 0.0016005 secs] [Times: user=0.01 sys=0.00, real=0.00 secs] 
2159.926: [GC (Allocation Failure) [PSYoungGen: 59408K->1549K(59904K)] 401302K->343443K(557056K), 0.0016049 secs] [Times: user=0.00 sys=0.00, real=0.00 secs] 
2160.202: [GC (Allocation Failure) [PSYoungGen: 59405K->1392K(59904K)] 401299K->343286K(557056K), 0.0031251 secs] [Times: user=0.01 sys=0.00, real=0.01 secs] 
2160.470: [GC (Allocation Failure) [PSYoungGen: 59248K->1376K(59904K)] 401142K->343270K(557056K), 0.0020483 secs] [Times: user=0.01 sys=0.00, real=0.01 secs] 
2160.745: [GC (Allocation Failure) [PSYoungGen: 59232K->1328K(59904K)] 401126K->343222K(557056K), 0.0018903 secs] [Times: user=0.00 sys=0.00, real=0.00 secs] 
2160.986: [GC (Allocation Failure) [PSYoungGen: 59184K->1280K(59904K)] 401078K->343174K(557056K), 0.0018181 secs] [Times: user=0.00 sys=0.00, real=0.00 secs] 
2161.281: [GC (Allocation Failure) [PSYoungGen: 59026K->208K(59904K)] 400921K->342102K(557056K), 0.0018795 secs] [Times: user=0.01 sys=0.00, real=0.01 secs] 
2161.629: [GC (Allocation Failure) [PSYoungGen: 58042K->1568K(59904K)] 399936K->343462K(557056K), 0.0016231 secs] [Times: user=0.01 sys=0.00, real=0.00 secs] 
2161.967: [GC (Allocation Failure) [PSYoungGen: 59424K->1549K(59904K)] 401318K->343443K(557056K), 0.0016912 secs] [Times: user=0.01 sys=0.00, real=0.00 secs] 
2162.304: [GC (Allocation Failure) [PSYoungGen: 59405K->1520K(59904K)] 401299K->343422K(557056K), 0.0015979 secs] [Times: user=0.01 sys=0.00, real=0.00 secs] 
2162.639: [GC (Allocation Failure) [PSYoungGen: 59376K->1501K(59904K)] 401278K->343427K(557056K), 0.0015609 secs] [Times: user=0.01 sys=0.00, real=0.00 secs] 
2163.222: [GC (Allocation Failure) [PSYoungGen: 59357K->1424K(59904K)] 401283K->343350K(557056K), 0.0021868 secs] [Times: user=0.01 sys=0.00, real=0.00 secs] 
2163.463: [GC (Allocation Failure) [PSYoungGen: 59280K->1328K(59904K)] 401206K->343254K(557056K), 0.0019323 secs] [Times: user=0.01 sys=0.00, real=0.00 secs] 
2163.704: [GC (Allocation Failure) [PSYoungGen: 59184K->1344K(59904K)] 401110K->343270K(557056K), 0.0020346 secs] [Times: user=0.00 sys=0.00, real=0.00 secs] 
2163.944: [GC (Allocation Failure) [PSYoungGen: 59200K->1376K(59904K)] 401126K->343302K(557056K), 0.0017689 secs] [Times: user=0.00 sys=0.00, real=0.00 secs] 
2164.184: [GC (Allocation Failure) [PSYoungGen: 59232K->1344K(59904K)] 401158K->343270K(557056K), 0.0018845 secs] [Times: user=0.01 sys=0.00, real=0.00 secs] 
2164.565: [GC (Allocation Failure) [PSYoungGen: 59180K->1469K(59904K)] 401107K->343395K(557056K), 0.0015632 secs] [Times: user=0.00 sys=0.00, real=0.00 secs] 
2164.901: [GC (Allocation Failure) [PSYoungGen: 59325K->1488K(59904K)] 401251K->343422K(557056K), 0.0016252 secs] [Times: user=0.00 sys=0.00, real=0.01 secs] 
2165.298: [GC (Allocation Failure) [PSYoungGen: 59344K->1552K(59904K)] 401278K->343486K(557056K), 0.0018025 secs] [Times: user=0.00 sys=0.00, real=0.00 secs] 
2165.634: [GC (Allocation Failure) [PSYoungGen: 59408K->1517K(59904K)] 401342K->343451K(557056K), 0.0017560 secs] [Times: user=0.00 sys=0.00, real=0.00 secs] 
2166.210: [GC (Allocation Failure) [PSYoungGen: 59373K->1408K(59904K)] 401307K->343342K(557056K), 0.0027120 secs] [Times: user=0.01 sys=0.00, real=0.01 secs] 
2166.645: [GC (Allocation Failure) [PSYoungGen: 59264K->1376K(59904K)] 401198K->343310K(557056K), 0.0027260 secs] [Times: user=0.01 sys=0.00, real=0.00 secs] 
2167.099: [GC (Allocation Failure) [PSYoungGen: 59232K->1376K(59904K)] 401166K->343310K(557056K), 0.0026604 secs] [Times: user=0.01 sys=0.00, real=0.01 secs] 
2167.535: [GC (Allocation Failure) [PSYoungGen: 59232K->1328K(59904K)] 401166K->343262K(557056K), 0.0023036 secs] [Times: user=0.01 sys=0.00, real=0.00 secs] 
2167.980: [GC (Allocation Failure) [PSYoungGen: 59184K->1376K(59904K)] 401118K->343310K(557056K), 0.0022729 secs] [Times: user=0.01 sys=0.00, real=0.01 secs] 
2168.414: [GC (Allocation Failure) [PSYoungGen: 59232K->1552K(59904K)] 401166K->343486K(557056K), 0.0015908 secs] [Times: user=0.01 sys=0.00, real=0.00 secs] 
2168.753: [GC (Allocation Failure) [PSYoungGen: 59407K->1549K(59904K)] 401341K->343499K(557056K), 0.0015812 secs] [Times: user=0.01 sys=0.00, real=0.00 secs] 
2169.090: [GC (Allocation Failure) [PSYoungGen: 59405K->1565K(59904K)] 401355K->343515K(557056K), 0.0016477 secs] [Times: user=0.00 sys=0.00, real=0.01 secs] 
2169.426: [GC (Allocation Failure) [PSYoungGen: 59421K->1584K(59904K)] 401371K->343534K(557056K), 0.0016599 secs] [Times: user=0.00 sys=0.00, real=0.00 secs] 
2170.075: [GC (Allocation Failure) [PSYoungGen: 59440K->1424K(59904K)] 401390K->343374K(557056K), 0.0027384 secs] [Times: user=0.01 sys=0.00, real=0.00 secs] 
2170.566: [GC (Allocation Failure) [PSYoungGen: 59280K->1376K(59904K)] 401230K->343326K(557056K), 0.0024556 secs] [Times: user=0.01 sys=0.00, real=0.00 secs] 
2171.024: [GC (Allocation Failure) [PSYoungGen: 59232K->1408K(59904K)] 401182K->343358K(557056K), 0.0030294 secs] [Times: user=0.02 sys=0.00, real=0.00 secs] 
2171.553: [GC (Allocation Failure) [PSYoungGen: 59264K->1376K(59904K)] 401214K->343326K(557056K), 0.0026557 secs] [Times: user=0.01 sys=0.00, real=0.00 secs] 
2172.066: [GC (Allocation Failure) [PSYoungGen: 59232K->1408K(59904K)] 401182K->343358K(557056K), 0.0024856 secs] [Times: user=0.01 sys=0.00, real=0.00 secs] 
2172.518: [GC (Allocation Failure) [PSYoungGen: 59241K->1552K(59904K)] 401191K->343502K(557056K), 0.0016390 secs] [Times: user=0.01 sys=0.00, real=0.00 secs] 
2172.854: [GC (Allocation Failure) [PSYoungGen: 59408K->1488K(59904K)] 401358K->343454K(557056K), 0.0015751 secs] [Times: user=0.01 sys=0.00, real=0.00 secs] 
2173.254: [GC (Allocation Failure) [PSYoungGen: 59344K->1520K(59904K)] 401310K->343486K(557056K), 0.0016951 secs] [Times: user=0.01 sys=0.00, real=0.00 secs] 
2173.651: [GC (Allocation Failure) [PSYoungGen: 59376K->1520K(59904K)] 401342K->343486K(557056K), 0.0016041 secs] [Times: user=0.01 sys=0.00, real=0.01 secs] 
2174.044: [GC (Allocation Failure) [PSYoungGen: 59376K->1472K(59904K)] 401342K->343446K(557056K), 0.0026191 secs] [Times: user=0.01 sys=0.00, real=0.00 secs] 
2174.284: [GC (Allocation Failure) [PSYoungGen: 59328K->1344K(59904K)] 401302K->343318K(557056K), 0.0019493 secs] [Times: user=0.00 sys=0.00, real=0.00 secs] 
2174.580: [GC (Allocation Failure) [PSYoungGen: 59200K->1376K(59904K)] 401174K->343366K(557056K), 0.0018121 secs] [Times: user=0.00 sys=0.00, real=0.01 secs] 
2174.889: [GC (Allocation Failure) [PSYoungGen: 59232K->1360K(59904K)] 401222K->343358K(557056K), 0.0019911 secs] [Times: user=0.00 sys=0.01, real=0.00 secs] 
2175.135: [GC (Allocation Failure) [PSYoungGen: 59216K->1408K(59904K)] 401214K->343414K(557056K), 0.0018195 secs] [Times: user=0.01 sys=0.00, real=0.00 secs] 
2175.534: [GC (Allocation Failure) [PSYoungGen: 59250K->1520K(59904K)] 401256K->343526K(557056K), 0.0015466 secs] [Times: user=0.00 sys=0.00, real=0.00 secs] 
2175.870: [GC (Allocation Failure) [PSYoungGen: 59376K->1520K(59904K)] 401382K->343534K(557056K), 0.0015774 secs] [Times: user=0.00 sys=0.00, real=0.01 secs] 
2176.208: [GC (Allocation Failure) [PSYoungGen: 59376K->1536K(59904K)] 401390K->343550K(557056K), 0.0016555 secs] [Times: user=0.00 sys=0.00, real=0.00 secs] 
2176.544: [GC (Allocation Failure) [PSYoungGen: 59392K->1501K(59904K)] 401406K->343515K(557056K), 0.0015683 secs] [Times: user=0.01 sys=0.00, real=0.00 secs] 
2176.904: [GC (Allocation Failure) [PSYoungGen: 59357K->1424K(59904K)] 401371K->343438K(557056K), 0.0018539 secs] [Times: user=0.01 sys=0.00, real=0.00 secs] 
2177.165: [GC (Allocation Failure) [PSYoungGen: 59280K->1376K(59904K)] 401294K->343390K(557056K), 0.0018486 secs] [Times: user=0.01 sys=0.00, real=0.00 secs] 
2177.696: [GC (Allocation Failure) [PSYoungGen: 59232K->1376K(59904K)] 401246K->343390K(557056K), 0.0026610 secs] [Times: user=0.01 sys=0.00, real=0.00 secs] 
2178.491: [GC (Allocation Failure) [PSYoungGen: 59232K->1344K(59904K)] 401246K->343358K(557056K), 0.0032083 secs] [Times: user=0.01 sys=0.01, real=0.01 secs] 
2179.324: [GC (Allocation Failure) [PSYoungGen: 59200K->1376K(59904K)] 401214K->343390K(557056K), 0.0022697 secs] [Times: user=0.01 sys=0.00, real=0.00 secs] 
2179.821: [GC (Allocation Failure) [PSYoungGen: 59216K->1552K(59904K)] 401230K->343566K(557056K), 0.0016406 secs] [Times: user=0.00 sys=0.00, real=0.01 secs] 
2180.168: [GC (Allocation Failure) [PSYoungGen: 59408K->1584K(59904K)] 401422K->343622K(557056K), 0.0017911 secs] [Times: user=0.01 sys=0.00, real=0.00 secs] 
2180.509: [GC (Allocation Failure) [PSYoungGen: 59440K->1552K(59904K)] 401478K->343590K(557056K), 0.0017040 secs] [Times: user=0.00 sys=0.00, real=0.00 secs] 
2180.844: [GC (Allocation Failure) [PSYoungGen: 59408K->1552K(59904K)] 401446K->343590K(557056K), 0.0017574 secs] [Times: user=0.01 sys=0.00, real=0.00 secs] 
2181.355: [GC (Allocation Failure) [PSYoungGen: 59408K->1504K(59904K)] 401446K->343542K(557056K), 0.0024124 secs] [Times: user=0.01 sys=0.00, real=0.00 secs] 
2181.875: [GC (Allocation Failure) [PSYoungGen: 59360K->1312K(59904K)] 401398K->343350K(557056K), 0.0023621 secs] [Times: user=0.00 sys=0.00, real=0.00 secs] 
2182.386: [GC (Allocation Failure) [PSYoungGen: 59168K->1360K(59904K)] 401206K->343398K(557056K), 0.0023563 secs] [Times: user=0.01 sys=0.00, real=0.00 secs] 
2182.901: [GC (Allocation Failure) [PSYoungGen: 59216K->1376K(59904K)] 401254K->343414K(557056K), 0.0024218 secs] [Times: user=0.01 sys=0.00, real=0.01 secs] 
2183.172: [GC (Allocation Failure) [PSYoungGen: 59232K->1376K(59904K)] 401270K->343414K(557056K), 0.0018285 secs] [Times: user=0.00 sys=0.00, real=0.00 secs] 
2183.562: [GC (Allocation Failure) [PSYoungGen: 59232K->1520K(59904K)] 401270K->343558K(557056K), 0.0016038 secs] [Times: user=0.01 sys=0.00, real=0.00 secs] 
2183.900: [GC (Allocation Failure) [PSYoungGen: 59376K->1536K(59904K)] 401414K->343582K(557056K), 0.0015436 secs] [Times: user=0.01 sys=0.00, real=0.00 secs] 
2184.299: [GC (Allocation Failure) [PSYoungGen: 59392K->1552K(59904K)] 401438K->343598K(557056K), 0.0015809 secs] [Times: user=0.00 sys=0.00, real=0.00 secs] 
2184.635: [GC (Allocation Failure) [PSYoungGen: 59408K->1552K(59904K)] 401454K->343598K(557056K), 0.0016876 secs] [Times: user=0.01 sys=0.00, real=0.00 secs] 
2185.025: [GC (Allocation Failure) [PSYoungGen: 59408K->1456K(59904K)] 401454K->343526K(557056K), 0.0021372 secs] [Times: user=0.00 sys=0.00, real=0.00 secs] 
2185.559: [GC (Allocation Failure) [PSYoungGen: 59312K->1376K(59904K)] 401382K->343446K(557056K), 0.0025528 secs] [Times: user=0.01 sys=0.00, real=0.01 secs] 
2186.115: [GC (Allocation Failure) [PSYoungGen: 59232K->1376K(59904K)] 401302K->343454K(557056K), 0.0027098 secs] [Times: user=0.01 sys=0.00, real=0.00 secs] 
2186.440: [GC (Allocation Failure) [PSYoungGen: 59232K->1376K(59904K)] 401310K->343454K(557056K), 0.0018376 secs] [Times: user=0.01 sys=0.00, real=0.00 secs] 
2186.680: [GC (Allocation Failure) [PSYoungGen: 59232K->1344K(59904K)] 401310K->343422K(557056K), 0.0017861 secs] [Times: user=0.01 sys=0.00, real=0.00 secs] 
2186.993: [GC (Allocation Failure) [PSYoungGen: 59168K->1456K(59904K)] 401246K->343534K(557056K), 0.0014283 secs] [Times: user=0.00 sys=0.00, real=0.00 secs] 
2187.329: [GC (Allocation Failure) [PSYoungGen: 59312K->1488K(59904K)] 401390K->343582K(557056K), 0.0016689 secs] [Times: user=0.01 sys=0.00, real=0.00 secs] 
2187.669: [GC (Allocation Failure) [PSYoungGen: 59344K->1520K(59904K)] 401438K->343614K(557056K), 0.0015919 secs] [Times: user=0.01 sys=0.00, real=0.00 secs] 
2188.005: [GC (Allocation Failure) [PSYoungGen: 59376K->1549K(59904K)] 401470K->343643K(557056K), 0.0014852 secs] [Times: user=0.00 sys=0.00, real=0.00 secs] 
2188.711: [GC (Allocation Failure) [PSYoungGen: 59405K->1472K(59904K)] 401499K->343566K(557056K), 0.0024800 secs] [Times: user=0.01 sys=0.00, real=0.01 secs] 
2189.975: [GC (Allocation Failure) [PSYoungGen: 59328K->1376K(59904K)] 401422K->343470K(557056K), 0.0033706 secs] [Times: user=0.01 sys=0.00, real=0.00 secs] 
2190.846: [GC (Allocation Failure) [PSYoungGen: 59232K->1408K(59904K)] 401326K->343502K(557056K), 0.0032862 secs] [Times: user=0.01 sys=0.00, real=0.00 secs] 
2191.320: [GC (Allocation Failure) [PSYoungGen: 59264K->1408K(59904K)] 401358K->343502K(557056K), 0.0021155 secs] [Times: user=0.01 sys=0.00, real=0.01 secs] 
2191.575: [GC (Allocation Failure) [PSYoungGen: 59264K->1408K(59904K)] 401358K->343502K(557056K), 0.0018895 secs] [Times: user=0.00 sys=0.00, real=0.00 secs] 
2191.906: [GC (Allocation Failure) [PSYoungGen: 59264K->1472K(59904K)] 401358K->343566K(557056K), 0.0014940 secs] [Times: user=0.01 sys=0.00, real=0.00 secs] 
2192.242: [GC (Allocation Failure) [PSYoungGen: 59328K->1552K(59904K)] 401422K->343662K(557056K), 0.0016975 secs] [Times: user=0.01 sys=0.00, real=0.01 secs] 
2192.580: [GC (Allocation Failure) [PSYoungGen: 59381K->1552K(59904K)] 401491K->343662K(557056K), 0.0016252 secs] [Times: user=0.01 sys=0.00, real=0.01 secs] 
2192.918: [GC (Allocation Failure) [PSYoungGen: 59408K->1520K(59904K)] 401518K->343630K(557056K), 0.0015936 secs] [Times: user=0.01 sys=0.00, real=0.00 secs] 
2193.385: [GC (Allocation Failure) [PSYoungGen: 59376K->2000K(59904K)] 401486K->344110K(557056K), 0.0021430 secs] [Times: user=0.01 sys=0.00, real=0.00 secs] 
2194.008: [GC (Allocation Failure) [PSYoungGen: 59856K->1408K(59904K)] 401966K->343518K(557056K), 0.0018916 secs] [Times: user=0.01 sys=0.00, real=0.00 secs] 
2194.267: [GC (Allocation Failure) [PSYoungGen: 59264K->1376K(59904K)] 401374K->343486K(557056K), 0.0020177 secs] [Times: user=0.01 sys=0.00, real=0.00 secs] 
2194.544: [GC (Allocation Failure) [PSYoungGen: 59232K->1376K(59904K)] 401342K->343486K(557056K), 0.0019815 secs] [Times: user=0.01 sys=0.00, real=0.00 secs] 
2194.789: [GC (Allocation Failure) [PSYoungGen: 59232K->1376K(59904K)] 401342K->343486K(557056K), 0.0019402 secs] [Times: user=0.01 sys=0.00, real=0.00 secs] 
2195.170: [GC (Allocation Failure) [PSYoungGen: 59232K->1456K(59904K)] 401342K->343566K(557056K), 0.0014702 secs] [Times: user=0.01 sys=0.00, real=0.00 secs] 
2195.511: [GC (Allocation Failure) [PSYoungGen: 59312K->1488K(59904K)] 401422K->343622K(557056K), 0.0016351 secs] [Times: user=0.01 sys=0.00, real=0.01 secs] 
2195.911: [GC (Allocation Failure) [PSYoungGen: 59325K->1488K(59904K)] 401459K->343622K(557056K), 0.0017647 secs] [Times: user=0.01 sys=0.00, real=0.01 secs] 
2196.252: [GC (Allocation Failure) [PSYoungGen: 59344K->1488K(59904K)] 401478K->343622K(557056K), 0.0017455 secs] [Times: user=0.01 sys=0.00, real=0.00 secs] 
2196.602: [GC (Allocation Failure) [PSYoungGen: 59344K->1616K(59904K)] 401478K->343750K(557056K), 0.0015695 secs] [Times: user=0.01 sys=0.00, real=0.00 secs] 
2197.025: [GC (Allocation Failure) [PSYoungGen: 59472K->1344K(59904K)] 401606K->343478K(557056K), 0.0023928 secs] [Times: user=0.01 sys=0.00, real=0.00 secs] 
2197.536: [GC (Allocation Failure) [PSYoungGen: 59200K->1344K(59904K)] 401334K->343478K(557056K), 0.0036577 secs] [Times: user=0.01 sys=0.00, real=0.00 secs] 
2197.964: [GC (Allocation Failure) [PSYoungGen: 59200K->1408K(59904K)] 401334K->343542K(557056K), 0.0027089 secs] [Times: user=0.01 sys=0.00, real=0.00 secs] 
2198.468: [GC (Allocation Failure) [PSYoungGen: 59264K->1376K(59904K)] 401398K->343510K(557056K), 0.0026369 secs] [Times: user=0.01 sys=0.00, real=0.00 secs] 
2199.114: [GC (Allocation Failure) [PSYoungGen: 59202K->1469K(59904K)] 401336K->343603K(557056K), 0.0017386 secs] [Times: user=0.00 sys=0.00, real=0.00 secs] 
2199.463: [GC (Allocation Failure) [PSYoungGen: 59325K->1533K(59904K)] 401459K->343675K(557056K), 0.0017170 secs] [Times: user=0.00 sys=0.00, real=0.00 secs] 
2199.801: [GC (Allocation Failure) [PSYoungGen: 59364K->1565K(59904K)] 401506K->343707K(557056K), 0.0015643 secs] [Times: user=0.00 sys=0.00, real=0.01 secs] 
2200.139: [GC (Allocation Failure) [PSYoungGen: 59421K->1565K(59904K)] 401563K->343707K(557056K), 0.0015877 secs] [Times: user=0.00 sys=0.00, real=0.00 secs] 
2200.479: [GC (Allocation Failure) [PSYoungGen: 59421K->1552K(59904K)] 401563K->343694K(557056K), 0.0016167 secs] [Times: user=0.00 sys=0.00, real=0.00 secs] 
2201.135: [GC (Allocation Failure) [PSYoungGen: 59408K->1440K(59904K)] 401550K->343582K(557056K), 0.0020011 secs] [Times: user=0.01 sys=0.00, real=0.00 secs] 
2201.594: [GC (Allocation Failure) [PSYoungGen: 59296K->1408K(59904K)] 401438K->343550K(557056K), 0.0022593 secs] [Times: user=0.01 sys=0.00, real=0.00 secs] 
2201.823: [GC (Allocation Failure) [PSYoungGen: 59264K->1392K(59904K)] 401406K->343534K(557056K), 0.0017727 secs] [Times: user=0.01 sys=0.00, real=0.00 secs] 
2202.133: [GC (Allocation Failure) [PSYoungGen: 59248K->1408K(59904K)] 401390K->343550K(557056K), 0.0019290 secs] [Times: user=0.00 sys=0.00, real=0.00 secs] 
2202.454: [GC (Allocation Failure) [PSYoungGen: 59264K->1424K(59904K)] 401406K->343566K(557056K), 0.0015776 secs] [Times: user=0.01 sys=0.00, real=0.00 secs] 
2202.791: [GC (Allocation Failure) [PSYoungGen: 59280K->1533K(59904K)] 401422K->343691K(557056K), 0.0016686 secs] [Times: user=0.01 sys=0.00, real=0.01 secs] 
2203.129: [GC (Allocation Failure) [PSYoungGen: 59380K->1520K(59904K)] 401538K->343678K(557056K), 0.0017540 secs] [Times: user=0.00 sys=0.00, real=0.00 secs] 
2203.467: [GC (Allocation Failure) [PSYoungGen: 59376K->1549K(59904K)] 401534K->343707K(557056K), 0.0015332 secs] [Times: user=0.00 sys=0.00, real=0.00 secs] 
2203.803: [GC (Allocation Failure) [PSYoungGen: 59405K->1520K(59904K)] 401563K->343678K(557056K), 0.0015773 secs] [Times: user=0.01 sys=0.00, real=0.00 secs] 
2204.328: [GC (Allocation Failure) [PSYoungGen: 59376K->1408K(59904K)] 401534K->343582K(557056K), 0.0018465 secs] [Times: user=0.01 sys=0.00, real=0.00 secs] 
2204.825: [GC (Allocation Failure) [PSYoungGen: 59264K->1344K(59904K)] 401438K->343518K(557056K), 0.0033256 secs] [Times: user=0.01 sys=0.00, real=0.00 secs] 
2205.276: [GC (Allocation Failure) [PSYoungGen: 59200K->1408K(59904K)] 401374K->343582K(557056K), 0.0025133 secs] [Times: user=0.01 sys=0.00, real=0.00 secs] 
2205.752: [GC (Allocation Failure) [PSYoungGen: 59264K->1344K(59904K)] 401438K->343518K(557056K), 0.0030061 secs] [Times: user=0.01 sys=0.00, real=0.00 secs] 
2206.252: [GC (Allocation Failure) [PSYoungGen: 59189K->1469K(59904K)] 401363K->343643K(557056K), 0.0023978 secs] [Times: user=0.01 sys=0.00, real=0.01 secs] 
2206.656: [GC (Allocation Failure) [PSYoungGen: 59325K->1552K(59904K)] 401499K->343726K(557056K), 0.0016768 secs] [Times: user=0.01 sys=0.00, real=0.00 secs] 
2206.995: [GC (Allocation Failure) [PSYoungGen: 59408K->1488K(59904K)] 401582K->343678K(557056K), 0.0016593 secs] [Times: user=0.00 sys=0.00, real=0.00 secs] 
2207.332: [GC (Allocation Failure) [PSYoungGen: 59344K->1517K(59904K)] 401534K->343707K(557056K), 0.0015958 secs] [Times: user=0.00 sys=0.00, real=0.00 secs] 
2207.668: [GC (Allocation Failure) [PSYoungGen: 59373K->1520K(59904K)] 401563K->343710K(557056K), 0.0015591 secs] [Times: user=0.00 sys=0.00, real=0.00 secs] 
2208.473: [GC (Allocation Failure) [PSYoungGen: 59376K->1408K(59904K)] 401566K->343598K(557056K), 0.0025050 secs] [Times: user=0.01 sys=0.00, real=0.00 secs] 
2209.179: [GC (Allocation Failure) [PSYoungGen: 59264K->1344K(59904K)] 401454K->343534K(557056K), 0.0032717 secs] [Times: user=0.01 sys=0.00, real=0.01 secs] 
2209.854: [GC (Allocation Failure) [PSYoungGen: 59200K->1408K(59904K)] 401390K->343598K(557056K), 0.0034205 secs] [Times: user=0.01 sys=0.00, real=0.00 secs] 
2210.511: [GC (Allocation Failure) [PSYoungGen: 59264K->1376K(59904K)] 401454K->343566K(557056K), 0.0026272 secs] [Times: user=0.01 sys=0.00, real=0.01 secs] 
2211.242: [GC (Allocation Failure) [PSYoungGen: 59232K->1408K(59904K)] 401422K->343598K(557056K), 0.0027012 secs] [Times: user=0.00 sys=0.00, real=0.00 secs] 
2211.676: [GC (Allocation Failure) [PSYoungGen: 59241K->1565K(59904K)] 401431K->343755K(557056K), 0.0015652 secs] [Times: user=0.01 sys=0.00, real=0.00 secs] 
2212.013: [GC (Allocation Failure) [PSYoungGen: 59421K->1549K(59904K)] 401611K->343755K(557056K), 0.0016313 secs] [Times: user=0.00 sys=0.00, real=0.00 secs] 
2212.351: [GC (Allocation Failure) [PSYoungGen: 59405K->1520K(59904K)] 401611K->343726K(557056K), 0.0016383 secs] [Times: user=0.00 sys=0.00, real=0.01 secs] 
2212.687: [GC (Allocation Failure) [PSYoungGen: 59376K->1536K(59904K)] 401582K->343742K(557056K), 0.0015491 secs] [Times: user=0.01 sys=0.00, real=0.00 secs] 
2213.800: [GC (Allocation Failure) [PSYoungGen: 59392K->1376K(59904K)] 401598K->343582K(557056K), 0.0035745 secs] [Times: user=0.01 sys=0.00, real=0.01 secs] 
2214.592: [GC (Allocation Failure) [PSYoungGen: 59232K->1344K(59904K)] 401438K->343550K(557056K), 0.0040658 secs] [Times: user=0.01 sys=0.00, real=0.00 secs] 
2215.344: [GC (Allocation Failure) [PSYoungGen: 59200K->1376K(59904K)] 401406K->343582K(557056K), 0.0039720 secs] [Times: user=0.01 sys=0.01, real=0.00 secs] 
2215.918: [GC (Allocation Failure) [PSYoungGen: 59232K->1360K(59904K)] 401438K->343566K(557056K), 0.0024690 secs] [Times: user=0.01 sys=0.00, real=0.00 secs] 
2216.391: [GC (Allocation Failure) [PSYoungGen: 59216K->1376K(59904K)] 401422K->343582K(557056K), 0.0025378 secs] [Times: user=0.01 sys=0.00, real=0.01 secs] 
2216.856: [GC (Allocation Failure) [PSYoungGen: 59232K->1520K(59904K)] 401438K->343726K(557056K), 0.0016511 secs] [Times: user=0.00 sys=0.00, real=0.00 secs] 
2217.197: [GC (Allocation Failure) [PSYoungGen: 59350K->1568K(59904K)] 401556K->343798K(557056K), 0.0016060 secs] [Times: user=0.01 sys=0.00, real=0.00 secs] 
2217.536: [GC (Allocation Failure) [PSYoungGen: 59424K->1517K(59904K)] 401654K->343747K(557056K), 0.0015351 secs] [Times: user=0.01 sys=0.00, real=0.00 secs] 
2217.872: [GC (Allocation Failure) [PSYoungGen: 59373K->1520K(59904K)] 401603K->343750K(557056K), 0.0016711 secs] [Times: user=0.01 sys=0.00, real=0.00 secs] 
2218.177: [GC (Allocation Failure) [PSYoungGen: 59376K->1440K(59904K)] 401606K->343670K(557056K), 0.0019696 secs] [Times: user=0.01 sys=0.00, real=0.00 secs] 
2218.418: [GC (Allocation Failure) [PSYoungGen: 59296K->1408K(59904K)] 401526K->343638K(557056K), 0.0018427 secs] [Times: user=0.01 sys=0.00, real=0.00 secs] 
2218.659: [GC (Allocation Failure) [PSYoungGen: 59264K->1408K(59904K)] 401494K->343638K(557056K), 0.0023892 secs] [Times: user=0.01 sys=0.00, real=0.00 secs] 
2218.900: [GC (Allocation Failure) [PSYoungGen: 59264K->1360K(59904K)] 401494K->343590K(557056K), 0.0020414 secs] [Times: user=0.01 sys=0.00, real=0.01 secs] 
2219.142: [GC (Allocation Failure) [PSYoungGen: 59216K->1344K(59904K)] 401446K->343574K(557056K), 0.0023755 secs] [Times: user=0.01 sys=0.00, real=0.00 secs] 
2219.521: [GC (Allocation Failure) [PSYoungGen: 59200K->1520K(59904K)] 401430K->343750K(557056K), 0.0015859 secs] [Times: user=0.00 sys=0.00, real=0.01 secs] 
2219.857: [GC (Allocation Failure) [PSYoungGen: 59376K->1520K(59904K)] 401606K->343758K(557056K), 0.0016668 secs] [Times: user=0.00 sys=0.00, real=0.00 secs] 
2220.194: [GC (Allocation Failure) [PSYoungGen: 59347K->1533K(59904K)] 401586K->343771K(557056K), 0.0016059 secs] [Times: user=0.01 sys=0.00, real=0.00 secs] 
2220.535: [GC (Allocation Failure) [PSYoungGen: 59389K->1552K(59904K)] 401627K->343790K(557056K), 0.0015862 secs] [Times: user=0.01 sys=0.00, real=0.00 secs] 
2221.235: [GC (Allocation Failure) [PSYoungGen: 59408K->1408K(59904K)] 401646K->343646K(557056K), 0.0029969 secs] [Times: user=0.01 sys=0.00, real=0.00 secs] 
2221.683: [GC (Allocation Failure) [PSYoungGen: 59264K->1408K(59904K)] 401502K->343646K(557056K), 0.0020768 secs] [Times: user=0.01 sys=0.00, real=0.00 secs] 
2222.130: [GC (Allocation Failure) [PSYoungGen: 59264K->1408K(59904K)] 401502K->343646K(557056K), 0.0021276 secs] [Times: user=0.01 sys=0.00, real=0.01 secs] 
2222.699: [GC (Allocation Failure) [PSYoungGen: 59264K->1440K(59904K)] 401502K->343678K(557056K), 0.0037999 secs] [Times: user=0.02 sys=0.00, real=0.01 secs] 
2223.247: [GC (Allocation Failure) [PSYoungGen: 59296K->1408K(59904K)] 401534K->343646K(557056K), 0.0026958 secs] [Times: user=0.01 sys=0.00, real=0.00 secs] 
2223.767: [GC (Allocation Failure) [PSYoungGen: 59234K->1488K(59904K)] 401472K->343726K(557056K), 0.0014428 secs] [Times: user=0.00 sys=0.00, real=0.00 secs] 
2224.104: [GC (Allocation Failure) [PSYoungGen: 59344K->1517K(59904K)] 401582K->343779K(557056K), 0.0016046 secs] [Times: user=0.00 sys=0.00, real=0.00 secs] 
2224.441: [GC (Allocation Failure) [PSYoungGen: 59373K->1488K(59904K)] 401635K->343750K(557056K), 0.0016385 secs] [Times: user=0.00 sys=0.00, real=0.01 secs] 
2224.778: [GC (Allocation Failure) [PSYoungGen: 59344K->1520K(59904K)] 401606K->343782K(557056K), 0.0016027 secs] [Times: user=0.00 sys=0.00, real=0.00 secs] 
2225.082: [GC (Allocation Failure) [PSYoungGen: 59376K->1456K(59904K)] 401638K->343718K(557056K), 0.0015458 secs] [Times: user=0.01 sys=0.00, real=0.00 secs] 
2225.322: [GC (Allocation Failure) [PSYoungGen: 59312K->1360K(59904K)] 401574K->343622K(557056K), 0.0014976 secs] [Times: user=0.01 sys=0.00, real=0.00 secs] 
2225.665: [GC (Allocation Failure) [PSYoungGen: 59216K->1376K(59904K)] 401478K->343638K(557056K), 0.0016263 secs] [Times: user=0.00 sys=0.00, real=0.00 secs] 
2226.112: [GC (Allocation Failure) [PSYoungGen: 59232K->1376K(59904K)] 401494K->343638K(557056K), 0.0028436 secs] [Times: user=0.01 sys=0.00, real=0.00 secs] 
2226.611: [GC (Allocation Failure) [PSYoungGen: 59232K->1408K(59904K)] 401494K->343670K(557056K), 0.0032221 secs] [Times: user=0.01 sys=0.00, real=0.01 secs] 
2227.134: [GC (Allocation Failure) [PSYoungGen: 59257K->1485K(59904K)] 401520K->343747K(557056K), 0.0015739 secs] [Times: user=0.01 sys=0.00, real=0.00 secs] 
2227.471: [GC (Allocation Failure) [PSYoungGen: 59341K->1581K(59904K)] 401603K->343859K(557056K), 0.0016063 secs] [Times: user=0.00 sys=0.00, real=0.01 secs] 
2227.808: [GC (Allocation Failure) [PSYoungGen: 59437K->1565K(59904K)] 401715K->343843K(557056K), 0.0016068 secs] [Times: user=0.01 sys=0.00, real=0.00 secs] 
2228.206: [GC (Allocation Failure) [PSYoungGen: 59421K->1552K(59904K)] 401699K->343830K(557056K), 0.0017677 secs] [Times: user=0.01 sys=0.00, real=0.00 secs] 
2228.595: [GC (Allocation Failure) [PSYoungGen: 59408K->1456K(59904K)] 401686K->343734K(557056K), 0.0023557 secs] [Times: user=0.01 sys=0.00, real=0.00 secs] 
2228.841: [GC (Allocation Failure) [PSYoungGen: 59312K->1376K(59904K)] 401590K->343654K(557056K), 0.0018752 secs] [Times: user=0.00 sys=0.00, real=0.01 secs] 
2229.084: [GC (Allocation Failure) [PSYoungGen: 59232K->1376K(59904K)] 401510K->343654K(557056K), 0.0019201 secs] [Times: user=0.01 sys=0.00, real=0.00 secs] 
2229.334: [GC (Allocation Failure) [PSYoungGen: 59232K->1344K(59904K)] 401510K->343622K(557056K), 0.0019571 secs] [Times: user=0.01 sys=0.00, real=0.00 secs] 
2229.581: [GC (Allocation Failure) [PSYoungGen: 59200K->1440K(59904K)] 401478K->343718K(557056K), 0.0018364 secs] [Times: user=0.00 sys=0.00, real=0.01 secs] 
2229.979: [GC (Allocation Failure) [PSYoungGen: 59296K->1517K(59904K)] 401574K->343795K(557056K), 0.0019285 secs] [Times: user=0.01 sys=0.00, real=0.00 secs] 
2230.321: [GC (Allocation Failure) [PSYoungGen: 59373K->1488K(59904K)] 401651K->343774K(557056K), 0.0016157 secs] [Times: user=0.00 sys=0.00, real=0.01 secs] 
2230.662: [GC (Allocation Failure) [PSYoungGen: 59344K->1517K(59904K)] 401630K->343803K(557056K), 0.0016208 secs] [Times: user=0.01 sys=0.00, real=0.00 secs] 
2230.999: [GC (Allocation Failure) [PSYoungGen: 59373K->1552K(59904K)] 401659K->343838K(557056K), 0.0015738 secs] [Times: user=0.01 sys=0.00, real=0.00 secs] 
2231.679: [GC (Allocation Failure) [PSYoungGen: 59408K->1440K(59904K)] 401694K->343726K(557056K), 0.0027844 secs] [Times: user=0.01 sys=0.00, real=0.01 secs] 
2232.222: [GC (Allocation Failure) [PSYoungGen: 59296K->1376K(59904K)] 401582K->343662K(557056K), 0.0018831 secs] [Times: user=0.01 sys=0.00, real=0.00 secs] 
2232.462: [GC (Allocation Failure) [PSYoungGen: 59232K->1376K(59904K)] 401518K->343670K(557056K), 0.0018379 secs] [Times: user=0.01 sys=0.00, real=0.00 secs] 
2232.703: [GC (Allocation Failure) [PSYoungGen: 59232K->1376K(59904K)] 401526K->343670K(557056K), 0.0017517 secs] [Times: user=0.01 sys=0.00, real=0.00 secs] 
2233.019: [GC (Allocation Failure) [PSYoungGen: 59232K->1344K(59904K)] 401526K->343638K(557056K), 0.0031083 secs] [Times: user=0.01 sys=0.00, real=0.01 secs] 
2234.201: [GC (Allocation Failure) [PSYoungGen: 59169K->1485K(59904K)] 401463K->343795K(557056K), 0.0016268 secs] [Times: user=0.01 sys=0.00, real=0.01 secs] 
2234.604: [GC (Allocation Failure) [PSYoungGen: 59316K->1488K(59904K)] 401627K->343814K(557056K), 0.0018086 secs] [Times: user=0.01 sys=0.00, real=0.00 secs] 
2234.940: [GC (Allocation Failure) [PSYoungGen: 59344K->1517K(59904K)] 401670K->343843K(557056K), 0.0016397 secs] [Times: user=0.01 sys=0.00, real=0.01 secs] 
2235.277: [GC (Allocation Failure) [PSYoungGen: 59373K->1520K(59904K)] 401699K->343846K(557056K), 0.0015885 secs] [Times: user=0.00 sys=0.00, real=0.00 secs] 
2235.612: [GC (Allocation Failure) [PSYoungGen: 59376K->1456K(59904K)] 401702K->343782K(557056K), 0.0019561 secs] [Times: user=0.01 sys=0.00, real=0.01 secs] 
2235.852: [GC (Allocation Failure) [PSYoungGen: 59312K->1376K(59904K)] 401638K->343702K(557056K), 0.0021494 secs] [Times: user=0.01 sys=0.00, real=0.00 secs] 
2236.093: [GC (Allocation Failure) [PSYoungGen: 59232K->1376K(59904K)] 401558K->343702K(557056K), 0.0018381 secs] [Times: user=0.01 sys=0.00, real=0.00 secs] 
2236.333: [GC (Allocation Failure) [PSYoungGen: 59232K->1408K(59904K)] 401558K->343734K(557056K), 0.0019123 secs] [Times: user=0.01 sys=0.00, real=0.00 secs] 
2236.614: [GC (Allocation Failure) [PSYoungGen: 59264K->1344K(59904K)] 401590K->343670K(557056K), 0.0017798 secs] [Times: user=0.01 sys=0.00, real=0.00 secs] 
2237.076: [GC (Allocation Failure) [PSYoungGen: 59200K->1424K(59904K)] 401526K->343750K(557056K), 0.0015602 secs] [Times: user=0.01 sys=0.00, real=0.00 secs] 
2237.413: [GC (Allocation Failure) [PSYoungGen: 59278K->1533K(59904K)] 401605K->343867K(557056K), 0.0015912 secs] [Times: user=0.01 sys=0.00, real=0.00 secs] 
2237.749: [GC (Allocation Failure) [PSYoungGen: 59389K->1533K(59904K)] 401723K->343867K(557056K), 0.0015839 secs] [Times: user=0.00 sys=0.00, real=0.00 secs] 
2238.085: [GC (Allocation Failure) [PSYoungGen: 59389K->1520K(59904K)] 401723K->343854K(557056K), 0.0016759 secs] [Times: user=0.01 sys=0.00, real=0.00 secs] 
2238.502: [GC (Allocation Failure) [PSYoungGen: 59376K->1472K(59904K)] 401710K->343806K(557056K), 0.0018196 secs] [Times: user=0.01 sys=0.00, real=0.00 secs] 
2238.742: [GC (Allocation Failure) [PSYoungGen: 59328K->1408K(59904K)] 401662K->343742K(557056K), 0.0021377 secs] [Times: user=0.01 sys=0.00, real=0.00 secs] 
2239.064: [GC (Allocation Failure) [PSYoungGen: 59264K->1408K(59904K)] 401598K->343742K(557056K), 0.0020036 secs] [Times: user=0.01 sys=0.00, real=0.00 secs] 
2239.305: [GC (Allocation Failure) [PSYoungGen: 59264K->1344K(59904K)] 401598K->343678K(557056K), 0.0019737 secs] [Times: user=0.00 sys=0.00, real=0.00 secs] 
2239.584: [GC (Allocation Failure) [PSYoungGen: 59200K->1344K(59904K)] 401534K->343678K(557056K), 0.0019647 secs] [Times: user=0.01 sys=0.00, real=0.00 secs] 
2240.210: [GC (Allocation Failure) [PSYoungGen: 59200K->1424K(59904K)] 401534K->343758K(557056K), 0.0015029 secs] [Times: user=0.00 sys=0.00, real=0.01 secs] 
2240.612: [GC (Allocation Failure) [PSYoungGen: 59280K->1565K(59904K)] 401614K->343907K(557056K), 0.0016055 secs] [Times: user=0.00 sys=0.00, real=0.01 secs] 
2240.948: [GC (Allocation Failure) [PSYoungGen: 59421K->1549K(59904K)] 401763K->343891K(557056K), 0.0014668 secs] [Times: user=0.00 sys=0.00, real=0.00 secs] 
2241.285: [GC (Allocation Failure) [PSYoungGen: 59405K->1501K(59904K)] 401747K->343843K(557056K), 0.0016521 secs] [Times: user=0.00 sys=0.00, real=0.00 secs] 
2241.656: [GC (Allocation Failure) [PSYoungGen: 59357K->1952K(59904K)] 401699K->344294K(557056K), 0.0019387 secs] [Times: user=0.00 sys=0.00, real=0.00 secs] 
2242.113: [GC (Allocation Failure) [PSYoungGen: 59808K->1376K(59904K)] 402150K->343718K(557056K), 0.0021105 secs] [Times: user=0.01 sys=0.00, real=0.00 secs] 
2242.354: [GC (Allocation Failure) [PSYoungGen: 59232K->1360K(59904K)] 401574K->343702K(557056K), 0.0020726 secs] [Times: user=0.01 sys=0.00, real=0.00 secs] 
2242.595: [GC (Allocation Failure) [PSYoungGen: 59216K->1376K(59904K)] 401558K->343718K(557056K), 0.0019197 secs] [Times: user=0.01 sys=0.00, real=0.00 secs] 
2242.835: [GC (Allocation Failure) [PSYoungGen: 59232K->1376K(59904K)] 401574K->343718K(557056K), 0.0018164 secs] [Times: user=0.01 sys=0.00, real=0.00 secs] 
2243.133: [GC (Allocation Failure) [PSYoungGen: 59205K->1488K(59904K)] 401547K->343830K(557056K), 0.0014793 secs] [Times: user=0.01 sys=0.00, real=0.00 secs] 
2243.469: [GC (Allocation Failure) [PSYoungGen: 59344K->1520K(59904K)] 401686K->343886K(557056K), 0.0015519 secs] [Times: user=0.00 sys=0.00, real=0.00 secs] 
2243.806: [GC (Allocation Failure) [PSYoungGen: 59347K->1488K(59904K)] 401713K->343854K(557056K), 0.0016579 secs] [Times: user=0.01 sys=0.00, real=0.00 secs] 
2244.144: [GC (Allocation Failure) [PSYoungGen: 59344K->1552K(59904K)] 401710K->343918K(557056K), 0.0016045 secs] [Times: user=0.00 sys=0.00, real=0.00 secs] 
2244.564: [GC (Allocation Failure) [PSYoungGen: 59408K->1744K(59904K)] 401774K->344110K(557056K), 0.0018476 secs] [Times: user=0.01 sys=0.00, real=0.00 secs] 
2244.994: [GC (Allocation Failure) [PSYoungGen: 59600K->1408K(59904K)] 401966K->343774K(557056K), 0.0018767 secs] [Times: user=0.00 sys=0.00, real=0.00 secs] 
2245.263: [GC (Allocation Failure) [PSYoungGen: 59264K->1376K(59904K)] 401630K->343742K(557056K), 0.0024381 secs] [Times: user=0.01 sys=0.00, real=0.00 secs] 
2245.544: [GC (Allocation Failure) [PSYoungGen: 59232K->1344K(59904K)] 401598K->343710K(557056K), 0.0025894 secs] [Times: user=0.01 sys=0.01, real=0.00 secs] 
2245.812: [GC (Allocation Failure) [PSYoungGen: 59200K->1408K(59904K)] 401566K->343774K(557056K), 0.0018935 secs] [Times: user=0.01 sys=0.00, real=0.00 secs] 
2246.156: [GC (Allocation Failure) [PSYoungGen: 59264K->1469K(59904K)] 401630K->343835K(557056K), 0.0015044 secs] [Times: user=0.01 sys=0.00, real=0.00 secs] 
2246.492: [GC (Allocation Failure) [PSYoungGen: 59325K->1533K(59904K)] 401691K->343915K(557056K), 0.0016565 secs] [Times: user=0.00 sys=0.00, real=0.00 secs] 
2246.830: [GC (Allocation Failure) [PSYoungGen: 59389K->1488K(59904K)] 401771K->343870K(557056K), 0.0015757 secs] [Times: user=0.00 sys=0.00, real=0.01 secs] 
2247.168: [GC (Allocation Failure) [PSYoungGen: 59344K->1552K(59904K)] 401726K->343934K(557056K), 0.0015463 secs] [Times: user=0.01 sys=0.00, real=0.00 secs] 
2247.503: [GC (Allocation Failure) [PSYoungGen: 59408K->1549K(59904K)] 401790K->343931K(557056K), 0.0015701 secs] [Times: user=0.01 sys=0.00, real=0.00 secs] 
2248.093: [GC (Allocation Failure) [PSYoungGen: 59405K->1440K(59904K)] 401787K->343822K(557056K), 0.0017730 secs] [Times: user=0.01 sys=0.00, real=0.00 secs] 
2248.635: [GC (Allocation Failure) [PSYoungGen: 59296K->1344K(59904K)] 401678K->343726K(557056K), 0.0026010 secs] [Times: user=0.01 sys=0.00, real=0.00 secs] 
2248.889: [GC (Allocation Failure) [PSYoungGen: 59200K->1408K(59904K)] 401582K->343790K(557056K), 0.0021064 secs] [Times: user=0.01 sys=0.00, real=0.00 secs] 
2249.130: [GC (Allocation Failure) [PSYoungGen: 59264K->1376K(59904K)] 401646K->343758K(557056K), 0.0019829 secs] [Times: user=0.01 sys=0.00, real=0.01 secs] 
2249.488: [GC (Allocation Failure) [PSYoungGen: 59232K->1488K(59904K)] 401614K->343870K(557056K), 0.0018897 secs] [Times: user=0.01 sys=0.00, real=0.00 secs] 
2249.836: [GC (Allocation Failure) [PSYoungGen: 59344K->1552K(59904K)] 401726K->343950K(557056K), 0.0015804 secs] [Times: user=0.01 sys=0.00, real=0.00 secs] 
2250.174: [GC (Allocation Failure) [PSYoungGen: 59408K->1597K(59904K)] 401806K->343995K(557056K), 0.0015888 secs] [Times: user=0.01 sys=0.00, real=0.00 secs] 
2250.512: [GC (Allocation Failure) [PSYoungGen: 59453K->1520K(59904K)] 401851K->343918K(557056K), 0.0017023 secs] [Times: user=0.00 sys=0.00, real=0.00 secs] 
2250.853: [GC (Allocation Failure) [PSYoungGen: 59376K->1517K(59904K)] 401774K->343915K(557056K), 0.0015855 secs] [Times: user=0.01 sys=0.00, real=0.00 secs] 
2251.861: [GC (Allocation Failure) [PSYoungGen: 59373K->1440K(59904K)] 401771K->343838K(557056K), 0.0019937 secs] [Times: user=0.01 sys=0.00, real=0.01 secs] 
2252.747: [GC (Allocation Failure) [PSYoungGen: 59296K->1344K(59904K)] 401694K->343742K(557056K), 0.0032860 secs] [Times: user=0.01 sys=0.00, real=0.00 secs] 
2253.572: [GC (Allocation Failure) [PSYoungGen: 59200K->1376K(59904K)] 401598K->343774K(557056K), 0.0030201 secs] [Times: user=0.01 sys=0.00, real=0.00 secs] 
2253.844: [GC (Allocation Failure) [PSYoungGen: 59232K->1408K(59904K)] 401630K->343806K(557056K), 0.0017562 secs] [Times: user=0.00 sys=0.00, real=0.00 secs] 
2254.178: [GC (Allocation Failure) [PSYoungGen: 59234K->1456K(59904K)] 401632K->343854K(557056K), 0.0017818 secs] [Times: user=0.01 sys=0.00, real=0.00 secs] 
2254.525: [GC (Allocation Failure) [PSYoungGen: 59312K->1520K(59904K)] 401710K->343918K(557056K), 0.0015836 secs] [Times: user=0.00 sys=0.00, real=0.00 secs] 
2254.862: [GC (Allocation Failure) [PSYoungGen: 59361K->1520K(59904K)] 401759K->343926K(557056K), 0.0016063 secs] [Times: user=0.00 sys=0.00, real=0.00 secs] 
2255.199: [GC (Allocation Failure) [PSYoungGen: 59376K->1520K(59904K)] 401782K->343942K(557056K), 0.0016095 secs] [Times: user=0.01 sys=0.00, real=0.00 secs] 
2255.537: [GC (Allocation Failure) [PSYoungGen: 59376K->1520K(59904K)] 401798K->343942K(557056K), 0.0017286 secs] [Times: user=0.01 sys=0.00, real=0.00 secs] 
2256.810: [GC (Allocation Failure) [PSYoungGen: 59376K->1376K(59904K)] 401798K->343798K(557056K), 0.0035614 secs] [Times: user=0.02 sys=0.00, real=0.01 secs] 
2257.795: [GC (Allocation Failure) [PSYoungGen: 59232K->1408K(59904K)] 401654K->343830K(557056K), 0.0032263 secs] [Times: user=0.01 sys=0.00, real=0.00 secs] 
2258.209: [GC (Allocation Failure) [PSYoungGen: 59264K->1376K(59904K)] 401686K->343798K(557056K), 0.0019322 secs] [Times: user=0.01 sys=0.00, real=0.00 secs] 
2258.468: [GC (Allocation Failure) [PSYoungGen: 59232K->1344K(59904K)] 401654K->343766K(557056K), 0.0019449 secs] [Times: user=0.01 sys=0.00, real=0.00 secs] 
2258.708: [GC (Allocation Failure) [PSYoungGen: 59200K->1344K(59904K)] 401622K->343766K(557056K), 0.0019199 secs] [Times: user=0.01 sys=0.00, real=0.00 secs] 
2259.065: [GC (Allocation Failure) [PSYoungGen: 59183K->1536K(59904K)] 401605K->343958K(557056K), 0.0015791 secs] [Times: user=0.01 sys=0.00, real=0.00 secs] 
2259.402: [GC (Allocation Failure) [PSYoungGen: 59392K->1520K(59904K)] 401814K->343958K(557056K), 0.0015575 secs] [Times: user=0.00 sys=0.00, real=0.00 secs] 
2259.739: [GC (Allocation Failure) [PSYoungGen: 59376K->1597K(59904K)] 401814K->344035K(557056K), 0.0015703 secs] [Times: user=0.00 sys=0.00, real=0.00 secs] 
2260.078: [GC (Allocation Failure) [PSYoungGen: 59453K->1552K(59904K)] 401891K->343990K(557056K), 0.0016032 secs] [Times: user=0.01 sys=0.00, real=0.00 secs] 
2260.878: [GC (Allocation Failure) [PSYoungGen: 59408K->1408K(59904K)] 401846K->343846K(557056K), 0.0022219 secs] [Times: user=0.01 sys=0.00, real=0.00 secs] 
2261.667: [GC (Allocation Failure) [PSYoungGen: 59264K->1376K(59904K)] 401702K->343814K(557056K), 0.0021148 secs] [Times: user=0.01 sys=0.00, real=0.00 secs] 
2262.436: [GC (Allocation Failure) [PSYoungGen: 59232K->1440K(59904K)] 401670K->343878K(557056K), 0.0021534 secs] [Times: user=0.01 sys=0.00, real=0.00 secs] 
2262.936: [GC (Allocation Failure) [PSYoungGen: 59296K->1360K(59904K)] 401734K->343798K(557056K), 0.0021104 secs] [Times: user=0.01 sys=0.00, real=0.00 secs] 
2263.177: [GC (Allocation Failure) [PSYoungGen: 59216K->1376K(59904K)] 401654K->343814K(557056K), 0.0018262 secs] [Times: user=0.01 sys=0.00, real=0.00 secs] 
2263.590: [GC (Allocation Failure) [PSYoungGen: 59214K->1536K(59904K)] 401653K->343974K(557056K), 0.0016477 secs] [Times: user=0.00 sys=0.00, real=0.00 secs] 
2263.926: [GC (Allocation Failure) [PSYoungGen: 59392K->1520K(59904K)] 401830K->343966K(557056K), 0.0016115 secs] [Times: user=0.01 sys=0.00, real=0.00 secs] 
2264.264: [GC (Allocation Failure) [PSYoungGen: 59376K->1520K(59904K)] 401822K->343966K(557056K), 0.0016052 secs] [Times: user=0.01 sys=0.00, real=0.00 secs] 
2264.601: [GC (Allocation Failure) [PSYoungGen: 59376K->1520K(59904K)] 401822K->343982K(557056K), 0.0015939 secs] [Times: user=0.00 sys=0.00, real=0.01 secs] 
2264.909: [GC (Allocation Failure) [PSYoungGen: 59376K->1376K(59904K)] 401838K->343838K(557056K), 0.0016249 secs] [Times: user=0.01 sys=0.00, real=0.00 secs] 
2265.149: [GC (Allocation Failure) [PSYoungGen: 59232K->1376K(59904K)] 401694K->343838K(557056K), 0.0016633 secs] [Times: user=0.00 sys=0.00, real=0.00 secs] 
2265.390: [GC (Allocation Failure) [PSYoungGen: 59232K->1376K(59904K)] 401694K->343838K(557056K), 0.0017067 secs] [Times: user=0.01 sys=0.00, real=0.00 secs] 
2265.630: [GC (Allocation Failure) [PSYoungGen: 59232K->1376K(59904K)] 401694K->343838K(557056K), 0.0015826 secs] [Times: user=0.00 sys=0.00, real=0.00 secs] 
2265.870: [GC (Allocation Failure) [PSYoungGen: 59232K->1408K(59904K)] 401694K->343870K(557056K), 0.0016797 secs] [Times: user=0.01 sys=0.00, real=0.00 secs] 
2266.214: [GC (Allocation Failure) [PSYoungGen: 59264K->1488K(59904K)] 401726K->343950K(557056K), 0.0015208 secs] [Times: user=0.00 sys=0.00, real=0.00 secs] 
2266.552: [GC (Allocation Failure) [PSYoungGen: 59344K->1520K(59904K)] 401806K->343998K(557056K), 0.0015904 secs] [Times: user=0.00 sys=0.00, real=0.00 secs] 
2266.889: [GC (Allocation Failure) [PSYoungGen: 59376K->1552K(59904K)] 401854K->344030K(557056K), 0.0015349 secs] [Times: user=0.00 sys=0.00, real=0.00 secs] 
2267.225: [GC (Allocation Failure) [PSYoungGen: 59408K->1520K(59904K)] 401886K->343998K(557056K), 0.0015360 secs] [Times: user=0.01 sys=0.00, real=0.00 secs] 
2267.551: [GC (Allocation Failure) [PSYoungGen: 59376K->1440K(59904K)] 401854K->343918K(557056K), 0.0017978 secs] [Times: user=0.00 sys=0.00, real=0.01 secs] 
2267.792: [GC (Allocation Failure) [PSYoungGen: 59296K->1328K(59904K)] 401774K->343806K(557056K), 0.0016668 secs] [Times: user=0.01 sys=0.01, real=0.00 secs] 
2268.032: [GC (Allocation Failure) [PSYoungGen: 59184K->1376K(59904K)] 401662K->343854K(557056K), 0.0017637 secs] [Times: user=0.01 sys=0.00, real=0.00 secs] 
2268.273: [GC (Allocation Failure) [PSYoungGen: 59232K->1360K(59904K)] 401710K->343838K(557056K), 0.0016847 secs] [Times: user=0.01 sys=0.00, real=0.00 secs] 
2268.513: [GC (Allocation Failure) [PSYoungGen: 59216K->1376K(59904K)] 401694K->343854K(557056K), 0.0020309 secs] [Times: user=0.01 sys=0.00, real=0.00 secs] 
2268.870: [GC (Allocation Failure) [PSYoungGen: 59232K->1456K(59904K)] 401710K->343934K(557056K), 0.0015698 secs] [Times: user=0.01 sys=0.00, real=0.00 secs] 
2269.209: [GC (Allocation Failure) [PSYoungGen: 59302K->1517K(59904K)] 401781K->344011K(557056K), 0.0016967 secs] [Times: user=0.01 sys=0.00, real=0.00 secs] 
2269.608: [GC (Allocation Failure) [PSYoungGen: 59373K->1565K(59904K)] 401867K->344059K(557056K), 0.0016630 secs] [Times: user=0.00 sys=0.01, real=0.00 secs] 
2269.945: [GC (Allocation Failure) [PSYoungGen: 59421K->1488K(59904K)] 401915K->343982K(557056K), 0.0015822 secs] [Times: user=0.00 sys=0.00, real=0.00 secs] 
2270.510: [GC (Allocation Failure) [PSYoungGen: 59344K->1424K(59904K)] 401838K->343918K(557056K), 0.0022527 secs] [Times: user=0.01 sys=0.00, real=0.01 secs] 
2271.089: [GC (Allocation Failure) [PSYoungGen: 59280K->1376K(59904K)] 401774K->343870K(557056K), 0.0024772 secs] [Times: user=0.01 sys=0.00, real=0.00 secs] 
2271.502: [GC (Allocation Failure) [PSYoungGen: 59232K->1344K(59904K)] 401726K->343838K(557056K), 0.0026168 secs] [Times: user=0.01 sys=0.00, real=0.00 secs] 
2271.746: [GC (Allocation Failure) [PSYoungGen: 59200K->1344K(59904K)] 401694K->343838K(557056K), 0.0024362 secs] [Times: user=0.01 sys=0.00, real=0.00 secs] 
2271.985: [GC (Allocation Failure) [PSYoungGen: 59200K->1376K(59904K)] 401694K->343870K(557056K), 0.0018489 secs] [Times: user=0.00 sys=0.00, real=0.00 secs] 
2272.350: [GC (Allocation Failure) [PSYoungGen: 59225K->1488K(59904K)] 401720K->343982K(557056K), 0.0015335 secs] [Times: user=0.00 sys=0.00, real=0.01 secs] 
2272.696: [GC (Allocation Failure) [PSYoungGen: 59344K->1552K(59904K)] 401838K->344054K(557056K), 0.0015938 secs] [Times: user=0.01 sys=0.00, real=0.00 secs] 
2273.035: [GC (Allocation Failure) [PSYoungGen: 59408K->1552K(59904K)] 401910K->344054K(557056K), 0.0016582 secs] [Times: user=0.01 sys=0.00, real=0.00 secs] 
2273.373: [GC (Allocation Failure) [PSYoungGen: 59408K->1517K(59904K)] 401910K->344019K(557056K), 0.0015491 secs] [Times: user=0.01 sys=0.00, real=0.00 secs] 
2274.639: [GC (Allocation Failure) [PSYoungGen: 59373K->1424K(59904K)] 401875K->343942K(557056K), 0.0035418 secs] [Times: user=0.02 sys=0.00, real=0.01 secs] 
2275.282: [GC (Allocation Failure) [PSYoungGen: 59280K->1376K(59904K)] 401798K->343894K(557056K), 0.0033801 secs] [Times: user=0.01 sys=0.00, real=0.00 secs] 
2275.656: [GC (Allocation Failure) [PSYoungGen: 59232K->1344K(59904K)] 401750K->343862K(557056K), 0.0020683 secs] [Times: user=0.00 sys=0.00, real=0.00 secs] 
2275.897: [GC (Allocation Failure) [PSYoungGen: 59200K->1376K(59904K)] 401718K->343894K(557056K), 0.0019089 secs] [Times: user=0.01 sys=0.00, real=0.00 secs] 
2276.137: [GC (Allocation Failure) [PSYoungGen: 59232K->1344K(59904K)] 401750K->343862K(557056K), 0.0017255 secs] [Times: user=0.00 sys=0.00, real=0.00 secs] 
2276.471: [GC (Allocation Failure) [PSYoungGen: 59200K->1517K(59904K)] 401718K->344035K(557056K), 0.0015635 secs] [Times: user=0.01 sys=0.00, real=0.01 secs] 
2276.810: [GC (Allocation Failure) [PSYoungGen: 59373K->1565K(59904K)] 401891K->344091K(557056K), 0.0016564 secs] [Times: user=0.01 sys=0.00, real=0.00 secs] 
2277.211: [GC (Allocation Failure) [PSYoungGen: 59421K->1552K(59904K)] 401947K->344078K(557056K), 0.0015687 secs] [Times: user=0.00 sys=0.00, real=0.01 secs] 
2277.606: [GC (Allocation Failure) [PSYoungGen: 59408K->1520K(59904K)] 401934K->344046K(557056K), 0.0015239 secs] [Times: user=0.01 sys=0.00, real=0.00 secs] 
2277.949: [GC (Allocation Failure) [PSYoungGen: 59376K->1456K(59904K)] 401902K->343982K(557056K), 0.0020727 secs] [Times: user=0.01 sys=0.00, real=0.00 secs] 
2278.190: [GC (Allocation Failure) [PSYoungGen: 59312K->1328K(59904K)] 401838K->343854K(557056K), 0.0020545 secs] [Times: user=0.00 sys=0.00, real=0.01 secs] 
2278.431: [GC (Allocation Failure) [PSYoungGen: 59184K->1344K(59904K)] 401710K->343870K(557056K), 0.0019672 secs] [Times: user=0.01 sys=0.00, real=0.01 secs] 
2278.672: [GC (Allocation Failure) [PSYoungGen: 59200K->1376K(59904K)] 401726K->343902K(557056K), 0.0021874 secs] [Times: user=0.01 sys=0.00, real=0.00 secs] 
2278.913: [GC (Allocation Failure) [PSYoungGen: 59232K->1376K(59904K)] 401758K->343902K(557056K), 0.0020635 secs] [Times: user=0.01 sys=0.00, real=0.00 secs] 
2279.390: [GC (Allocation Failure) [PSYoungGen: 59232K->1488K(59904K)] 401758K->344014K(557056K), 0.0015860 secs] [Times: user=0.01 sys=0.01, real=0.01 secs] 
2279.782: [GC (Allocation Failure) [PSYoungGen: 59320K->1520K(59904K)] 401846K->344054K(557056K), 0.0015742 secs] [Times: user=0.01 sys=0.00, real=0.00 secs] 
2280.118: [GC (Allocation Failure) [PSYoungGen: 59376K->1581K(59904K)] 401910K->344115K(557056K), 0.0015990 secs] [Times: user=0.01 sys=0.00, real=0.00 secs] 
2280.455: [GC (Allocation Failure) [PSYoungGen: 59437K->1520K(59904K)] 401971K->344054K(557056K), 0.0015953 secs] [Times: user=0.01 sys=0.00, real=0.00 secs] 
2280.838: [GC (Allocation Failure) [PSYoungGen: 59376K->1472K(59904K)] 401910K->344006K(557056K), 0.0019780 secs] [Times: user=0.01 sys=0.00, real=0.00 secs] 
2281.124: [GC (Allocation Failure) [PSYoungGen: 59328K->1376K(59904K)] 401862K->343910K(557056K), 0.0021773 secs] [Times: user=0.01 sys=0.00, real=0.00 secs] 
2281.359: [GC (Allocation Failure) [PSYoungGen: 59232K->1392K(59904K)] 401766K->343926K(557056K), 0.0018696 secs] [Times: user=0.00 sys=0.00, real=0.00 secs] 
2281.599: [GC (Allocation Failure) [PSYoungGen: 59248K->1408K(59904K)] 401782K->343942K(557056K), 0.0020360 secs] [Times: user=0.01 sys=0.00, real=0.00 secs] 
2281.866: [GC (Allocation Failure) [PSYoungGen: 59264K->1376K(59904K)] 401798K->343910K(557056K), 0.0018719 secs] [Times: user=0.00 sys=0.00, real=0.00 secs] 
2282.180: [GC (Allocation Failure) [PSYoungGen: 59232K->1488K(59904K)] 401766K->344022K(557056K), 0.0014963 secs] [Times: user=0.01 sys=0.00, real=0.01 secs] 
2282.518: [GC (Allocation Failure) [PSYoungGen: 59344K->1517K(59904K)] 401878K->344059K(557056K), 0.0015709 secs] [Times: user=0.01 sys=0.00, real=0.00 secs] 
2282.864: [GC (Allocation Failure) [PSYoungGen: 59373K->1488K(59904K)] 401915K->344054K(557056K), 0.0016187 secs] [Times: user=0.01 sys=0.00, real=0.00 secs] 
2283.202: [GC (Allocation Failure) [PSYoungGen: 59344K->1552K(59904K)] 401910K->344118K(557056K), 0.0016622 secs] [Times: user=0.01 sys=0.00, real=0.00 secs] 
2283.579: [GC (Allocation Failure) [PSYoungGen: 59408K->1456K(59904K)] 401974K->344022K(557056K), 0.0019581 secs] [Times: user=0.00 sys=0.00, real=0.00 secs] 
2283.819: [GC (Allocation Failure) [PSYoungGen: 59312K->1376K(59904K)] 401878K->343942K(557056K), 0.0017311 secs] [Times: user=0.01 sys=0.00, real=0.00 secs] 
2284.059: [GC (Allocation Failure) [PSYoungGen: 59232K->1392K(59904K)] 401798K->343958K(557056K), 0.0016228 secs] [Times: user=0.01 sys=0.00, real=0.00 secs] 
2284.337: [GC (Allocation Failure) [PSYoungGen: 59248K->1376K(59904K)] 401814K->343942K(557056K), 0.0017610 secs] [Times: user=0.01 sys=0.00, real=0.00 secs] 
2284.576: [GC (Allocation Failure) [PSYoungGen: 59232K->1376K(59904K)] 401798K->343942K(557056K), 0.0016713 secs] [Times: user=0.01 sys=0.00, real=0.00 secs] 
2284.911: [GC (Allocation Failure) [PSYoungGen: 59202K->1488K(59904K)] 401769K->344054K(557056K), 0.0016012 secs] [Times: user=0.01 sys=0.00, real=0.01 secs] 
2285.247: [GC (Allocation Failure) [PSYoungGen: 59344K->1520K(59904K)] 401910K->344094K(557056K), 0.0016248 secs] [Times: user=0.01 sys=0.00, real=0.00 secs] 
2285.590: [GC (Allocation Failure) [PSYoungGen: 59376K->1520K(59904K)] 401950K->344094K(557056K), 0.0016134 secs] [Times: user=0.01 sys=0.00, real=0.00 secs] 
2285.930: [GC (Allocation Failure) [PSYoungGen: 59376K->1549K(59904K)] 401950K->344123K(557056K), 0.0017431 secs] [Times: user=0.00 sys=0.00, real=0.00 secs] 
2286.514: [GC (Allocation Failure) [PSYoungGen: 59405K->2000K(59904K)] 401979K->344574K(557056K), 0.0022154 secs] [Times: user=0.01 sys=0.00, real=0.00 secs] 
2287.083: [GC (Allocation Failure) [PSYoungGen: 59856K->1376K(59904K)] 402430K->343950K(557056K), 0.0026682 secs] [Times: user=0.01 sys=0.00, real=0.00 secs] 
2287.616: [GC (Allocation Failure) [PSYoungGen: 59232K->1344K(59904K)] 401806K->343918K(557056K), 0.0032017 secs] [Times: user=0.01 sys=0.00, real=0.00 secs] 
2288.246: [GC (Allocation Failure) [PSYoungGen: 59200K->1312K(59904K)] 401774K->343886K(557056K), 0.0033178 secs] [Times: user=0.01 sys=0.00, real=0.00 secs] 
2288.989: [GC (Allocation Failure) [PSYoungGen: 59168K->1376K(59904K)] 401742K->343950K(557056K), 0.0031703 secs] [Times: user=0.01 sys=0.00, real=0.01 secs] 
2289.663: [GC (Allocation Failure) [PSYoungGen: 59213K->1485K(59904K)] 401788K->344059K(557056K), 0.0018643 secs] [Times: user=0.00 sys=0.00, real=0.00 secs] 
2290.009: [GC (Allocation Failure) [PSYoungGen: 59341K->1517K(59904K)] 401915K->344107K(557056K), 0.0015843 secs] [Times: user=0.01 sys=0.00, real=0.00 secs] 
2290.347: [GC (Allocation Failure) [PSYoungGen: 59353K->1533K(59904K)] 401943K->344123K(557056K), 0.0016717 secs] [Times: user=0.01 sys=0.00, real=0.00 secs] 
2290.684: [GC (Allocation Failure) [PSYoungGen: 59389K->1565K(59904K)] 401979K->344155K(557056K), 0.0016748 secs] [Times: user=0.01 sys=0.00, real=0.00 secs] 
2291.155: [GC (Allocation Failure) [PSYoungGen: 59421K->1552K(59904K)] 402011K->344142K(557056K), 0.0019268 secs] [Times: user=0.01 sys=0.00, real=0.00 secs] 
2292.521: [GC (Allocation Failure) [PSYoungGen: 59408K->1344K(59904K)] 401998K->343934K(557056K), 0.0025645 secs] [Times: user=0.01 sys=0.00, real=0.01 secs] 
2293.254: [GC (Allocation Failure) [PSYoungGen: 59200K->1376K(59904K)] 401790K->343966K(557056K), 0.0021812 secs] [Times: user=0.01 sys=0.01, real=0.00 secs] 
2293.842: [GC (Allocation Failure) [PSYoungGen: 59232K->1376K(59904K)] 401822K->343966K(557056K), 0.0022628 secs] [Times: user=0.01 sys=0.00, real=0.00 secs] 
2294.476: [GC (Allocation Failure) [PSYoungGen: 59232K->1376K(59904K)] 401822K->343966K(557056K), 0.0018598 secs] [Times: user=0.01 sys=0.00, real=0.00 secs] 
2295.105: [GC (Allocation Failure) [PSYoungGen: 59232K->1437K(59904K)] 401822K->344027K(557056K), 0.0014918 secs] [Times: user=0.01 sys=0.00, real=0.00 secs] 
2295.511: [GC (Allocation Failure) [PSYoungGen: 59293K->1488K(59904K)] 401883K->344086K(557056K), 0.0019352 secs] [Times: user=0.01 sys=0.00, real=0.01 secs] 
2295.912: [GC (Allocation Failure) [PSYoungGen: 59322K->1520K(59904K)] 401920K->344118K(557056K), 0.0015753 secs] [Times: user=0.01 sys=0.00, real=0.00 secs] 
2296.252: [GC (Allocation Failure) [PSYoungGen: 59376K->1520K(59904K)] 401974K->344126K(557056K), 0.0017097 secs] [Times: user=0.01 sys=0.00, real=0.00 secs] 
2296.588: [GC (Allocation Failure) [PSYoungGen: 59376K->1517K(59904K)] 401982K->344139K(557056K), 0.0017239 secs] [Times: user=0.01 sys=0.00, real=0.00 secs] 
2296.954: [GC (Allocation Failure) [PSYoungGen: 59373K->1376K(59904K)] 401995K->344014K(557056K), 0.0026258 secs] [Times: user=0.01 sys=0.00, real=0.00 secs] 
2297.241: [GC (Allocation Failure) [PSYoungGen: 59232K->1344K(59904K)] 401870K->343982K(557056K), 0.0020457 secs] [Times: user=0.01 sys=0.00, real=0.01 secs] 
2297.482: [GC (Allocation Failure) [PSYoungGen: 59200K->1440K(59904K)] 401838K->344086K(557056K), 0.0018764 secs] [Times: user=0.00 sys=0.00, real=0.00 secs] 
2297.742: [GC (Allocation Failure) [PSYoungGen: 59296K->1360K(59904K)] 401942K->344006K(557056K), 0.0018922 secs] [Times: user=0.01 sys=0.00, real=0.00 secs] 
2298.020: [GC (GCLocker Initiated GC) [PSYoungGen: 59216K->1424K(59904K)] 401862K->344070K(557056K), 0.0014724 secs] [Times: user=0.00 sys=0.00, real=0.00 secs] 
2298.359: [GC (Allocation Failure) [PSYoungGen: 59280K->1456K(59904K)] 402184K->344376K(557056K), 0.0015403 secs] [Times: user=0.01 sys=0.00, real=0.00 secs] 
2298.697: [GC (Allocation Failure) [PSYoungGen: 59289K->1565K(59904K)] 402209K->344485K(557056K), 0.0015556 secs] [Times: user=0.00 sys=0.00, real=0.00 secs] 
2299.097: [GC (Allocation Failure) [PSYoungGen: 59421K->1584K(59904K)] 402341K->344504K(557056K), 0.0017733 secs] [Times: user=0.01 sys=0.00, real=0.00 secs] 
2299.496: [GC (Allocation Failure) [PSYoungGen: 59440K->1552K(59904K)] 402360K->344472K(557056K), 0.0016347 secs] [Times: user=0.01 sys=0.00, real=0.00 secs] 
2299.980: [GC (Allocation Failure) [PSYoungGen: 59408K->1440K(59904K)] 402328K->344360K(557056K), 0.0023637 secs] [Times: user=0.01 sys=0.01, real=0.01 secs] 
2300.471: [GC (Allocation Failure) [PSYoungGen: 59296K->1440K(59904K)] 402216K->344360K(557056K), 0.0022413 secs] [Times: user=0.01 sys=0.00, real=0.01 secs] 
2300.983: [GC (Allocation Failure) [PSYoungGen: 59296K->1408K(59904K)] 402216K->344328K(557056K), 0.0022938 secs] [Times: user=0.01 sys=0.00, real=0.00 secs] 
2301.585: [GC (Allocation Failure) [PSYoungGen: 59264K->1408K(59904K)] 402184K->344328K(557056K), 0.0021279 secs] [Times: user=0.01 sys=0.00, real=0.00 secs] 
2302.128: [GC (Allocation Failure) [PSYoungGen: 59264K->1520K(59904K)] 402184K->344440K(557056K), 0.0018327 secs] [Times: user=0.00 sys=0.00, real=0.00 secs] 
2302.489: [GC (Allocation Failure) [PSYoungGen: 59376K->1616K(59904K)] 402296K->344536K(557056K), 0.0016824 secs] [Times: user=0.01 sys=0.00, real=0.00 secs] 
2302.884: [GC (Allocation Failure) [PSYoungGen: 59472K->1616K(59904K)] 402392K->344544K(557056K), 0.0016806 secs] [Times: user=0.01 sys=0.00, real=0.00 secs] 
2303.228: [GC (Allocation Failure) [PSYoungGen: 59472K->1613K(59904K)] 402400K->344541K(557056K), 0.0041585 secs] [Times: user=0.02 sys=0.00, real=0.01 secs] 
2303.586: [GC (Allocation Failure) [PSYoungGen: 59469K->1648K(59904K)] 402397K->344576K(557056K), 0.0016184 secs] [Times: user=0.01 sys=0.00, real=0.00 secs] 
2303.920: [GC (Allocation Failure) [PSYoungGen: 59504K->1408K(59904K)] 402432K->344336K(557056K), 0.0017898 secs] [Times: user=0.01 sys=0.00, real=0.01 secs] 
2304.361: [GC (Allocation Failure) [PSYoungGen: 59264K->1376K(59904K)] 402192K->344352K(557056K), 0.0019235 secs] [Times: user=0.01 sys=0.00, real=0.01 secs] 
2304.843: [GC (Allocation Failure) [PSYoungGen: 59232K->1376K(59904K)] 402208K->344368K(557056K), 0.0025242 secs] [Times: user=0.01 sys=0.00, real=0.00 secs] 
2305.315: [GC (Allocation Failure) [PSYoungGen: 59232K->1376K(59904K)] 402224K->344368K(557056K), 0.0026040 secs] [Times: user=0.01 sys=0.00, real=0.00 secs] 
2305.767: [GC (Allocation Failure) [PSYoungGen: 59232K->1440K(59904K)] 402224K->344432K(557056K), 0.0023100 secs] [Times: user=0.01 sys=0.00, real=0.00 secs] 
2306.189: [GC (Allocation Failure) [PSYoungGen: 59296K->1533K(59904K)] 402288K->344525K(557056K), 0.0016536 secs] [Times: user=0.01 sys=0.00, real=0.00 secs] 
2306.526: [GC (Allocation Failure) [PSYoungGen: 59387K->1533K(59904K)] 402379K->344541K(557056K), 0.0017022 secs] [Times: user=0.00 sys=0.00, real=0.00 secs] 
2306.923: [GC (Allocation Failure) [PSYoungGen: 59389K->1533K(59904K)] 402397K->344541K(557056K), 0.0015632 secs] [Times: user=0.01 sys=0.00, real=0.00 secs] 
2307.263: [GC (Allocation Failure) [PSYoungGen: 59389K->1517K(59904K)] 402397K->344525K(557056K), 0.0016621 secs] [Times: user=0.00 sys=0.00, real=0.00 secs] 
2307.969: [GC (Allocation Failure) [PSYoungGen: 59373K->1440K(59904K)] 402381K->344448K(557056K), 0.0033985 secs] [Times: user=0.02 sys=0.00, real=0.01 secs] 
2308.461: [GC (Allocation Failure) [PSYoungGen: 59296K->1376K(59904K)] 402304K->344384K(557056K), 0.0025126 secs] [Times: user=0.01 sys=0.00, real=0.01 secs] 
2308.944: [GC (Allocation Failure) [PSYoungGen: 59232K->1408K(59904K)] 402240K->344416K(557056K), 0.0022113 secs] [Times: user=0.01 sys=0.00, real=0.00 secs] 
2309.460: [GC (Allocation Failure) [PSYoungGen: 59264K->1360K(59904K)] 402272K->344368K(557056K), 0.0021466 secs] [Times: user=0.01 sys=0.00, real=0.01 secs] 
2309.962: [GC (Allocation Failure) [PSYoungGen: 59216K->1344K(59904K)] 402224K->344352K(557056K), 0.0021600 secs] [Times: user=0.01 sys=0.00, real=0.00 secs] 
2310.386: [GC (Allocation Failure) [PSYoungGen: 59200K->1488K(59904K)] 402208K->344496K(557056K), 0.0014562 secs] [Times: user=0.01 sys=0.00, real=0.00 secs] 
2310.722: [GC (Allocation Failure) [PSYoungGen: 59344K->1549K(59904K)] 402352K->344565K(557056K), 0.0015592 secs] [Times: user=0.01 sys=0.00, real=0.00 secs] 
2311.064: [GC (Allocation Failure) [PSYoungGen: 59405K->1520K(59904K)] 402421K->344536K(557056K), 0.0015523 secs] [Times: user=0.00 sys=0.00, real=0.00 secs] 
2311.404: [GC (Allocation Failure) [PSYoungGen: 59376K->1552K(59904K)] 402392K->344568K(557056K), 0.0016441 secs] [Times: user=0.00 sys=0.00, real=0.00 secs] 
2311.702: [GC (Allocation Failure) [PSYoungGen: 59408K->1376K(59904K)] 402424K->344392K(557056K), 0.0016935 secs] [Times: user=0.01 sys=0.00, real=0.00 secs] 
2312.053: [GC (Allocation Failure) [PSYoungGen: 59232K->1408K(59904K)] 402248K->344424K(557056K), 0.0016554 secs] [Times: user=0.00 sys=0.00, real=0.00 secs] 
2312.536: [GC (Allocation Failure) [PSYoungGen: 59264K->1376K(59904K)] 402280K->344392K(557056K), 0.0017631 secs] [Times: user=0.01 sys=0.00, real=0.00 secs] 
2312.987: [GC (Allocation Failure) [PSYoungGen: 59232K->1392K(59904K)] 402248K->344408K(557056K), 0.0018753 secs] [Times: user=0.01 sys=0.00, real=0.00 secs] 
2313.447: [GC (Allocation Failure) [PSYoungGen: 59248K->1408K(59904K)] 402264K->344424K(557056K), 0.0017461 secs] [Times: user=0.01 sys=0.00, real=0.00 secs] 
2313.885: [GC (Allocation Failure) [PSYoungGen: 59264K->1488K(59904K)] 402280K->344504K(557056K), 0.0015394 secs] [Times: user=0.00 sys=0.00, real=0.00 secs] 
2314.226: [GC (Allocation Failure) [PSYoungGen: 59324K->1552K(59904K)] 402340K->344576K(557056K), 0.0015756 secs] [Times: user=0.01 sys=0.00, real=0.00 secs] 
2314.564: [GC (Allocation Failure) [PSYoungGen: 59408K->1597K(59904K)] 402432K->344629K(557056K), 0.0015538 secs] [Times: user=0.00 sys=0.00, real=0.00 secs] 
2314.960: [GC (Allocation Failure) [PSYoungGen: 59453K->1584K(59904K)] 402485K->344616K(557056K), 0.0016590 secs] [Times: user=0.01 sys=0.00, real=0.01 secs] 
2315.316: [GC (Allocation Failure) [PSYoungGen: 59440K->1456K(59904K)] 402472K->344488K(557056K), 0.0021057 secs] [Times: user=0.00 sys=0.00, real=0.00 secs] 
2315.557: [GC (Allocation Failure) [PSYoungGen: 59312K->1344K(59904K)] 402344K->344376K(557056K), 0.0019372 secs] [Times: user=0.00 sys=0.00, real=0.00 secs] 
2315.826: [GC (Allocation Failure) [PSYoungGen: 59200K->1408K(59904K)] 402232K->344440K(557056K), 0.0019955 secs] [Times: user=0.01 sys=0.00, real=0.00 secs] 
2316.067: [GC (Allocation Failure) [PSYoungGen: 59264K->1376K(59904K)] 402296K->344408K(557056K), 0.0018756 secs] [Times: user=0.01 sys=0.00, real=0.00 secs] 
2316.313: [GC (Allocation Failure) [PSYoungGen: 59232K->1440K(59904K)] 402264K->344472K(557056K), 0.0019731 secs] [Times: user=0.01 sys=0.00, real=0.00 secs] 
2316.668: [GC (Allocation Failure) [PSYoungGen: 59296K->1501K(59904K)] 402328K->344533K(557056K), 0.0016564 secs] [Times: user=0.01 sys=0.00, real=0.00 secs] 
2317.006: [GC (Allocation Failure) [PSYoungGen: 59347K->1504K(59904K)] 402379K->344544K(557056K), 0.0017148 secs] [Times: user=0.01 sys=0.00, real=0.00 secs] 
2317.343: [GC (Allocation Failure) [PSYoungGen: 59360K->1565K(59904K)] 402400K->344605K(557056K), 0.0017034 secs] [Times: user=0.01 sys=0.00, real=0.00 secs] 
2317.679: [GC (Allocation Failure) [PSYoungGen: 59421K->1533K(59904K)] 402461K->344573K(557056K), 0.0015708 secs] [Times: user=0.01 sys=0.00, real=0.00 secs] 
2318.228: [GC (Allocation Failure) [PSYoungGen: 59389K->1488K(59904K)] 402429K->344528K(557056K), 0.0020596 secs] [Times: user=0.00 sys=0.00, real=0.00 secs] 
2318.788: [GC (Allocation Failure) [PSYoungGen: 59344K->1344K(59904K)] 402384K->344384K(557056K), 0.0021198 secs] [Times: user=0.01 sys=0.00, real=0.00 secs] 
2319.446: [GC (Allocation Failure) [PSYoungGen: 59200K->1344K(59904K)] 402240K->344384K(557056K), 0.0021959 secs] [Times: user=0.01 sys=0.00, real=0.00 secs] 
2320.030: [GC (Allocation Failure) [PSYoungGen: 59200K->1376K(59904K)] 402240K->344416K(557056K), 0.0026382 secs] [Times: user=0.01 sys=0.00, real=0.01 secs] 
2320.640: [GC (Allocation Failure) [PSYoungGen: 59232K->1408K(59904K)] 402272K->344448K(557056K), 0.0020034 secs] [Times: user=0.01 sys=0.00, real=0.01 secs] 
2321.114: [GC (Allocation Failure) [PSYoungGen: 59264K->1533K(59904K)] 402304K->344573K(557056K), 0.0015999 secs] [Times: user=0.01 sys=0.00, real=0.00 secs] 
2321.455: [GC (Allocation Failure) [PSYoungGen: 59380K->1552K(59904K)] 402420K->344600K(557056K), 0.0016194 secs] [Times: user=0.01 sys=0.00, real=0.00 secs] 
2321.792: [GC (Allocation Failure) [PSYoungGen: 59408K->1584K(59904K)] 402456K->344632K(557056K), 0.0016807 secs] [Times: user=0.01 sys=0.00, real=0.00 secs] 
2322.128: [GC (Allocation Failure) [PSYoungGen: 59440K->1552K(59904K)] 402488K->344600K(557056K), 0.0016959 secs] [Times: user=0.01 sys=0.00, real=0.00 secs] 
2322.946: [GC (Allocation Failure) [PSYoungGen: 59408K->1440K(59904K)] 402456K->344488K(557056K), 0.0023625 secs] [Times: user=0.01 sys=0.00, real=0.00 secs] 
2323.734: [GC (Allocation Failure) [PSYoungGen: 59296K->1344K(59904K)] 402344K->344392K(557056K), 0.0031091 secs] [Times: user=0.01 sys=0.00, real=0.00 secs] 
2324.213: [GC (Allocation Failure) [PSYoungGen: 59200K->1376K(59904K)] 402248K->344424K(557056K), 0.0034455 secs] [Times: user=0.01 sys=0.00, real=0.00 secs] 
2324.726: [GC (Allocation Failure) [PSYoungGen: 59232K->1344K(59904K)] 402280K->344392K(557056K), 0.0030572 secs] [Times: user=0.01 sys=0.00, real=0.00 secs] 
2325.144: [GC (Allocation Failure) [PSYoungGen: 59200K->1344K(59904K)] 402248K->344392K(557056K), 0.0021057 secs] [Times: user=0.00 sys=0.00, real=0.00 secs] 
2325.531: [GC (Allocation Failure) [PSYoungGen: 59200K->1520K(59904K)] 402248K->344568K(557056K), 0.0014860 secs] [Times: user=0.00 sys=0.00, real=0.01 secs] 
2325.869: [GC (Allocation Failure) [PSYoungGen: 59344K->1520K(59904K)] 402392K->344584K(557056K), 0.0016925 secs] [Times: user=0.00 sys=0.00, real=0.00 secs] 
2326.209: [GC (Allocation Failure) [PSYoungGen: 59376K->1552K(59904K)] 402440K->344616K(557056K), 0.0016014 secs] [Times: user=0.01 sys=0.00, real=0.00 secs] 
2326.603: [GC (Allocation Failure) [PSYoungGen: 59408K->1552K(59904K)] 402472K->344616K(557056K), 0.0015396 secs] [Times: user=0.00 sys=0.00, real=0.00 secs] 
2327.244: [GC (Allocation Failure) [PSYoungGen: 59408K->1472K(59904K)] 402472K->344536K(557056K), 0.0029608 secs] [Times: user=0.01 sys=0.00, real=0.00 secs] 
2327.739: [GC (Allocation Failure) [PSYoungGen: 59328K->1312K(59904K)] 402392K->344376K(557056K), 0.0026058 secs] [Times: user=0.01 sys=0.00, real=0.00 secs] 
2328.250: [GC (Allocation Failure) [PSYoungGen: 59168K->1376K(59904K)] 402232K->344440K(557056K), 0.0021564 secs] [Times: user=0.00 sys=0.00, real=0.01 secs] 
2328.682: [GC (Allocation Failure) [PSYoungGen: 59232K->1376K(59904K)] 402296K->344440K(557056K), 0.0021285 secs] [Times: user=0.01 sys=0.00, real=0.00 secs] 
2329.119: [GC (Allocation Failure) [PSYoungGen: 59232K->1360K(59904K)] 402296K->344424K(557056K), 0.0027494 secs] [Times: user=0.01 sys=0.00, real=0.01 secs] 
2329.559: [GC (Allocation Failure) [PSYoungGen: 59187K->1488K(59904K)] 402250K->344552K(557056K), 0.0015580 secs] [Times: user=0.00 sys=0.00, real=0.00 secs] 
2329.895: [GC (Allocation Failure) [PSYoungGen: 59344K->1517K(59904K)] 402408K->344597K(557056K), 0.0016731 secs] [Times: user=0.00 sys=0.00, real=0.00 secs] 
2330.235: [GC (Allocation Failure) [PSYoungGen: 59373K->1552K(59904K)] 402453K->344632K(557056K), 0.0016996 secs] [Times: user=0.01 sys=0.00, real=0.00 secs] 
2330.576: [GC (Allocation Failure) [PSYoungGen: 59408K->1533K(59904K)] 402488K->344613K(557056K), 0.0015948 secs] [Times: user=0.00 sys=0.00, real=0.00 secs] 
2331.168: [GC (Allocation Failure) [PSYoungGen: 59389K->1456K(59904K)] 402469K->344536K(557056K), 0.0022200 secs] [Times: user=0.01 sys=0.00, real=0.00 secs] 
2331.918: [GC (Allocation Failure) [PSYoungGen: 59312K->1408K(59904K)] 402392K->344488K(557056K), 0.0022144 secs] [Times: user=0.01 sys=0.00, real=0.00 secs] 
2332.375: [GC (Allocation Failure) [PSYoungGen: 59264K->1408K(59904K)] 402344K->344488K(557056K), 0.0021587 secs] [Times: user=0.01 sys=0.00, real=0.00 secs] 
2332.835: [GC (Allocation Failure) [PSYoungGen: 59264K->1344K(59904K)] 402344K->344424K(557056K), 0.0020539 secs] [Times: user=0.00 sys=0.00, real=0.00 secs] 
2333.320: [GC (Allocation Failure) [PSYoungGen: 59200K->1408K(59904K)] 402280K->344488K(557056K), 0.0020482 secs] [Times: user=0.00 sys=0.00, real=0.01 secs] 
2333.911: [GC (Allocation Failure) [PSYoungGen: 59264K->1488K(59904K)] 402344K->344568K(557056K), 0.0015599 secs] [Times: user=0.01 sys=0.00, real=0.01 secs] 
2334.338: [GC (Allocation Failure) [PSYoungGen: 59325K->1552K(59904K)] 402405K->344648K(557056K), 0.0017690 secs] [Times: user=0.01 sys=0.01, real=0.00 secs] 
2334.675: [GC (Allocation Failure) [PSYoungGen: 59408K->1552K(59904K)] 402504K->344648K(557056K), 0.0016257 secs] [Times: user=0.00 sys=0.00, real=0.00 secs] 
2335.011: [GC (Allocation Failure) [PSYoungGen: 59408K->1565K(59904K)] 402504K->344677K(557056K), 0.0016721 secs] [Times: user=0.01 sys=0.00, real=0.01 secs] 
2335.497: [GC (Allocation Failure) [PSYoungGen: 59421K->1456K(59904K)] 402533K->344568K(557056K), 0.0019586 secs] [Times: user=0.01 sys=0.00, real=0.00 secs] 
2335.812: [GC (Allocation Failure) [PSYoungGen: 59312K->1376K(59904K)] 402424K->344488K(557056K), 0.0019942 secs] [Times: user=0.01 sys=0.00, real=0.00 secs] 
2336.053: [GC (Allocation Failure) [PSYoungGen: 59232K->1376K(59904K)] 402344K->344488K(557056K), 0.0018644 secs] [Times: user=0.00 sys=0.00, real=0.00 secs] 
2336.301: [GC (Allocation Failure) [PSYoungGen: 59232K->1344K(59904K)] 402344K->344456K(557056K), 0.0019672 secs] [Times: user=0.01 sys=0.01, real=0.01 secs] 
2336.562: [GC (Allocation Failure) [PSYoungGen: 59200K->1376K(59904K)] 402312K->344488K(557056K), 0.0018451 secs] [Times: user=0.01 sys=0.00, real=0.00 secs] 
2336.892: [GC (Allocation Failure) [PSYoungGen: 59230K->1424K(59904K)] 402342K->344536K(557056K), 0.0014684 secs] [Times: user=0.01 sys=0.00, real=0.00 secs] 
2337.229: [GC (Allocation Failure) [PSYoungGen: 59280K->1597K(59904K)] 402392K->344717K(557056K), 0.0015878 secs] [Times: user=0.00 sys=0.00, real=0.00 secs] 
2337.567: [GC (Allocation Failure) [PSYoungGen: 59453K->1520K(59904K)] 402573K->344640K(557056K), 0.0014734 secs] [Times: user=0.00 sys=0.00, real=0.00 secs] 
2337.904: [GC (Allocation Failure) [PSYoungGen: 59376K->1520K(59904K)] 402496K->344640K(557056K), 0.0016084 secs] [Times: user=0.01 sys=0.00, real=0.00 secs] 
2338.267: [GC (Allocation Failure) [PSYoungGen: 59376K->2016K(59904K)] 402496K->345144K(557056K), 0.0017475 secs] [Times: user=0.00 sys=0.00, real=0.00 secs] 
2338.940: [GC (Allocation Failure) [PSYoungGen: 59872K->1376K(59904K)] 403000K->344504K(557056K), 0.0018632 secs] [Times: user=0.01 sys=0.00, real=0.01 secs] 
2339.467: [GC (Allocation Failure) [PSYoungGen: 59232K->1408K(59904K)] 402360K->344536K(557056K), 0.0018601 secs] [Times: user=0.01 sys=0.00, real=0.00 secs] 
2340.034: [GC (Allocation Failure) [PSYoungGen: 59264K->1344K(59904K)] 402392K->344472K(557056K), 0.0019602 secs] [Times: user=0.01 sys=0.00, real=0.00 secs] 
2340.597: [GC (Allocation Failure) [PSYoungGen: 59200K->1376K(59904K)] 402328K->344504K(557056K), 0.0024225 secs] [Times: user=0.01 sys=0.00, real=0.00 secs] 
2341.134: [GC (Allocation Failure) [PSYoungGen: 59232K->1488K(59904K)] 402360K->344616K(557056K), 0.0018059 secs] [Times: user=0.01 sys=0.00, real=0.00 secs] 
2341.483: [GC (Allocation Failure) [PSYoungGen: 59344K->1536K(59904K)] 402472K->344680K(557056K), 0.0017259 secs] [Times: user=0.01 sys=0.00, real=0.00 secs] 
2341.821: [GC (Allocation Failure) [PSYoungGen: 59392K->1533K(59904K)] 402536K->344677K(557056K), 0.0016137 secs] [Times: user=0.01 sys=0.00, real=0.01 secs] 
2342.158: [GC (Allocation Failure) [PSYoungGen: 59389K->1501K(59904K)] 402533K->344645K(557056K), 0.0015774 secs] [Times: user=0.01 sys=0.00, real=0.00 secs] 
2342.488: [GC (Allocation Failure) [PSYoungGen: 59209K->320K(59904K)] 402353K->343464K(557056K), 0.0014417 secs] [Times: user=0.00 sys=0.00, real=0.00 secs] 
2342.754: [GC (Allocation Failure) [PSYoungGen: 58176K->1408K(59904K)] 401320K->344552K(557056K), 0.0016678 secs] [Times: user=0.01 sys=0.00, real=0.00 secs] 
2342.994: [GC (Allocation Failure) [PSYoungGen: 59264K->1376K(59904K)] 402408K->344520K(557056K), 0.0016338 secs] [Times: user=0.00 sys=0.00, real=0.00 secs] 
2343.234: [GC (Allocation Failure) [PSYoungGen: 59232K->1344K(59904K)] 402376K->344488K(557056K), 0.0019950 secs] [Times: user=0.00 sys=0.00, real=0.00 secs] 
2343.475: [GC (Allocation Failure) [PSYoungGen: 59200K->1376K(59904K)] 402344K->344520K(557056K), 0.0018998 secs] [Times: user=0.01 sys=0.00, real=0.00 secs] 
2343.767: [GC (Allocation Failure) [PSYoungGen: 59201K->1485K(59904K)] 402345K->344629K(557056K), 0.0014908 secs] [Times: user=0.01 sys=0.00, real=0.00 secs] 
2344.103: [GC (Allocation Failure) [PSYoungGen: 59341K->1581K(59904K)] 402485K->344749K(557056K), 0.0014919 secs] [Times: user=0.01 sys=0.00, real=0.00 secs] 
2344.451: [GC (Allocation Failure) [PSYoungGen: 59437K->1549K(59904K)] 402605K->344717K(557056K), 0.0016000 secs] [Times: user=0.01 sys=0.00, real=0.01 secs] 
2344.787: [GC (Allocation Failure) [PSYoungGen: 59405K->1549K(59904K)] 402573K->344717K(557056K), 0.0014951 secs] [Times: user=0.01 sys=0.00, real=0.00 secs] 
2345.124: [GC (Allocation Failure) [PSYoungGen: 59405K->1469K(59904K)] 402573K->344637K(557056K), 0.0016804 secs] [Times: user=0.01 sys=0.00, real=0.00 secs] 
2345.407: [GC (Allocation Failure) [PSYoungGen: 59325K->1440K(59904K)] 402493K->344608K(557056K), 0.0017459 secs] [Times: user=0.01 sys=0.00, real=0.00 secs] 
2345.648: [GC (Allocation Failure) [PSYoungGen: 59296K->1312K(59904K)] 402464K->344480K(557056K), 0.0018058 secs] [Times: user=0.01 sys=0.00, real=0.00 secs] 
2346.047: [GC (Allocation Failure) [PSYoungGen: 59168K->1376K(59904K)] 402336K->344544K(557056K), 0.0017210 secs] [Times: user=0.00 sys=0.00, real=0.00 secs] 
2346.501: [GC (Allocation Failure) [PSYoungGen: 59232K->1360K(59904K)] 402400K->344528K(557056K), 0.0018163 secs] [Times: user=0.01 sys=0.00, real=0.01 secs] 
2346.969: [GC (Allocation Failure) [PSYoungGen: 59216K->1424K(59904K)] 402384K->344592K(557056K), 0.0018126 secs] [Times: user=0.01 sys=0.00, real=0.00 secs] 
2347.323: [GC (Allocation Failure) [PSYoungGen: 59251K->1581K(59904K)] 402419K->344757K(557056K), 0.0016183 secs] [Times: user=0.01 sys=0.00, real=0.00 secs] 
2347.659: [GC (Allocation Failure) [PSYoungGen: 59437K->1517K(59904K)] 402613K->344701K(557056K), 0.0016924 secs] [Times: user=0.00 sys=0.00, real=0.00 secs] 
2347.996: [GC (Allocation Failure) [PSYoungGen: 59373K->1552K(59904K)] 402557K->344736K(557056K), 0.0015540 secs] [Times: user=0.01 sys=0.00, real=0.00 secs] 
2348.334: [GC (Allocation Failure) [PSYoungGen: 59408K->1565K(59904K)] 402592K->344749K(557056K), 0.0015651 secs] [Times: user=0.00 sys=0.00, real=0.00 secs] 
2348.623: [GC (Allocation Failure) [PSYoungGen: 59421K->1440K(59904K)] 402605K->344624K(557056K), 0.0019126 secs] [Times: user=0.01 sys=0.00, real=0.00 secs] 
2348.863: [GC (Allocation Failure) [PSYoungGen: 59296K->1344K(59904K)] 402480K->344528K(557056K), 0.0018342 secs] [Times: user=0.00 sys=0.00, real=0.00 secs] 
2349.117: [GC (Allocation Failure) [PSYoungGen: 59200K->1376K(59904K)] 402384K->344560K(557056K), 0.0017789 secs] [Times: user=0.01 sys=0.01, real=0.00 secs] 
2349.457: [GC (Allocation Failure) [PSYoungGen: 59232K->1408K(59904K)] 402416K->344592K(557056K), 0.0029917 secs] [Times: user=0.01 sys=0.00, real=0.00 secs] 
2349.868: [GC (Allocation Failure) [PSYoungGen: 59264K->256K(59904K)] 402448K->343440K(557056K), 0.0026311 secs] [Times: user=0.01 sys=0.00, real=0.00 secs] 
2350.338: [GC (Allocation Failure) [PSYoungGen: 58112K->1584K(59904K)] 401296K->344768K(557056K), 0.0015447 secs] [Times: user=0.00 sys=0.00, real=0.00 secs] 
2350.675: [GC (Allocation Failure) [PSYoungGen: 59416K->1613K(59904K)] 402600K->344805K(557056K), 0.0017426 secs] [Times: user=0.01 sys=0.00, real=0.00 secs] 
2351.013: [GC (Allocation Failure) [PSYoungGen: 59469K->1501K(59904K)] 402661K->344693K(557056K), 0.0016241 secs] [Times: user=0.00 sys=0.00, real=0.00 secs] 
2351.351: [GC (Allocation Failure) [PSYoungGen: 59357K->1501K(59904K)] 402549K->344693K(557056K), 0.0015912 secs] [Times: user=0.01 sys=0.00, real=0.01 secs] 
2351.707: [GC (Allocation Failure) [PSYoungGen: 59357K->1392K(59904K)] 402549K->344584K(557056K), 0.0027526 secs] [Times: user=0.01 sys=0.00, real=0.00 secs] 
2351.943: [GC (Allocation Failure) [PSYoungGen: 59248K->1376K(59904K)] 402440K->344568K(557056K), 0.0019861 secs] [Times: user=0.01 sys=0.00, real=0.00 secs] 
2352.205: [GC (Allocation Failure) [PSYoungGen: 59232K->1408K(59904K)] 402424K->344600K(557056K), 0.0018336 secs] [Times: user=0.01 sys=0.00, real=0.00 secs] 
2352.446: [GC (Allocation Failure) [PSYoungGen: 59264K->1376K(59904K)] 402456K->344568K(557056K), 0.0018441 secs] [Times: user=0.00 sys=0.00, real=0.00 secs] 
2352.686: [GC (Allocation Failure) [PSYoungGen: 59232K->1408K(59904K)] 402424K->344600K(557056K), 0.0019784 secs] [Times: user=0.00 sys=0.00, real=0.00 secs] 
2353.077: [GC (Allocation Failure) [PSYoungGen: 59242K->1488K(59904K)] 402434K->344696K(557056K), 0.0017807 secs] [Times: user=0.00 sys=0.00, real=0.00 secs] 
2353.415: [GC (Allocation Failure) [PSYoungGen: 59344K->1536K(59904K)] 402552K->344760K(557056K), 0.0016044 secs] [Times: user=0.00 sys=0.00, real=0.00 secs] 
2353.815: [GC (Allocation Failure) [PSYoungGen: 59392K->1565K(59904K)] 402616K->344789K(557056K), 0.0017102 secs] [Times: user=0.01 sys=0.00, real=0.00 secs] 
2354.213: [GC (Allocation Failure) [PSYoungGen: 59421K->1520K(59904K)] 402645K->344744K(557056K), 0.0016522 secs] [Times: user=0.01 sys=0.00, real=0.00 secs] 
2354.694: [GC (Allocation Failure) [PSYoungGen: 59376K->1376K(59904K)] 402600K->344600K(557056K), 0.0030467 secs] [Times: user=0.01 sys=0.00, real=0.00 secs] 
2354.937: [GC (Allocation Failure) [PSYoungGen: 59232K->1376K(59904K)] 402456K->344600K(557056K), 0.0019632 secs] [Times: user=0.01 sys=0.00, real=0.00 secs] 
2355.182: [GC (Allocation Failure) [PSYoungGen: 59232K->1408K(59904K)] 402456K->344632K(557056K), 0.0018164 secs] [Times: user=0.01 sys=0.00, real=0.00 secs] 
2355.422: [GC (Allocation Failure) [PSYoungGen: 59264K->1408K(59904K)] 402488K->344632K(557056K), 0.0018109 secs] [Times: user=0.01 sys=0.01, real=0.00 secs] 
2355.663: [GC (Allocation Failure) [PSYoungGen: 59264K->1344K(59904K)] 402488K->344568K(557056K), 0.0019463 secs] [Times: user=0.01 sys=0.00, real=0.00 secs] 
2356.027: [GC (Allocation Failure) [PSYoungGen: 59200K->1424K(59904K)] 402424K->344648K(557056K), 0.0015695 secs] [Times: user=0.01 sys=0.00, real=0.00 secs] 
2356.425: [GC (Allocation Failure) [PSYoungGen: 59280K->1549K(59904K)] 402504K->344781K(557056K), 0.0016042 secs] [Times: user=0.01 sys=0.00, real=0.00 secs] 
2356.822: [GC (Allocation Failure) [PSYoungGen: 59385K->1520K(59904K)] 402617K->344752K(557056K), 0.0015496 secs] [Times: user=0.01 sys=0.00, real=0.00 secs] 
2357.223: [GC (Allocation Failure) [PSYoungGen: 59376K->1581K(59904K)] 402608K->344813K(557056K), 0.0017376 secs] [Times: user=0.00 sys=0.00, real=0.00 secs] 
2357.739: [GC (Allocation Failure) [PSYoungGen: 59437K->1360K(59904K)] 402669K->344592K(557056K), 0.0035883 secs] [Times: user=0.01 sys=0.01, real=0.01 secs] 
2358.218: [GC (Allocation Failure) [PSYoungGen: 59216K->1408K(59904K)] 402448K->344640K(557056K), 0.0025828 secs] [Times: user=0.01 sys=0.00, real=0.00 secs] 
2358.703: [GC (Allocation Failure) [PSYoungGen: 59264K->1344K(59904K)] 402496K->344576K(557056K), 0.0025961 secs] [Times: user=0.01 sys=0.00, real=0.00 secs] 
2359.166: [GC (Allocation Failure) [PSYoungGen: 59200K->1376K(59904K)] 402432K->344608K(557056K), 0.0040075 secs] [Times: user=0.01 sys=0.01, real=0.00 secs] 
2359.663: [GC (Allocation Failure) [PSYoungGen: 59232K->1408K(59904K)] 402464K->344640K(557056K), 0.0038195 secs] [Times: user=0.01 sys=0.00, real=0.00 secs] 
2360.183: [GC (Allocation Failure) [PSYoungGen: 59252K->1501K(59904K)] 402484K->344733K(557056K), 0.0016058 secs] [Times: user=0.01 sys=0.00, real=0.00 secs] 
2360.520: [GC (Allocation Failure) [PSYoungGen: 59357K->1581K(59904K)] 402589K->344821K(557056K), 0.0016391 secs] [Times: user=0.01 sys=0.00, real=0.00 secs] 
2360.858: [GC (Allocation Failure) [PSYoungGen: 59437K->1581K(59904K)] 402677K->344821K(557056K), 0.0016911 secs] [Times: user=0.01 sys=0.00, real=0.00 secs] 
2361.195: [GC (Allocation Failure) [PSYoungGen: 59437K->1565K(59904K)] 402677K->344805K(557056K), 0.0016211 secs] [Times: user=0.01 sys=0.00, real=0.00 secs] 
2361.823: [GC (Allocation Failure) [PSYoungGen: 59421K->1424K(59904K)] 402661K->344664K(557056K), 0.0019764 secs] [Times: user=0.01 sys=0.00, real=0.00 secs] 
2362.338: [GC (Allocation Failure) [PSYoungGen: 59280K->1376K(59904K)] 402520K->344616K(557056K), 0.0020764 secs] [Times: user=0.01 sys=0.00, real=0.00 secs] 
2363.010: [GC (Allocation Failure) [PSYoungGen: 59232K->1376K(59904K)] 402472K->344616K(557056K), 0.0024800 secs] [Times: user=0.01 sys=0.00, real=0.01 secs] 
2363.693: [GC (Allocation Failure) [PSYoungGen: 59232K->1376K(59904K)] 402472K->344616K(557056K), 0.0023869 secs] [Times: user=0.01 sys=0.00, real=0.00 secs] 
2364.234: [GC (Allocation Failure) [PSYoungGen: 59232K->1376K(59904K)] 402472K->344616K(557056K), 0.0024418 secs] [Times: user=0.01 sys=0.00, real=0.00 secs] 
2364.680: [GC (Allocation Failure) [PSYoungGen: 59221K->1517K(59904K)] 402461K->344757K(557056K), 0.0015909 secs] [Times: user=0.00 sys=0.00, real=0.01 secs] 
2365.026: [GC (Allocation Failure) [PSYoungGen: 59373K->1533K(59904K)] 402613K->344781K(557056K), 0.0015705 secs] [Times: user=0.01 sys=0.00, real=0.00 secs] 
2365.363: [GC (Allocation Failure) [PSYoungGen: 59389K->1613K(59904K)] 402637K->344885K(557056K), 0.0014865 secs] [Times: user=0.01 sys=0.00, real=0.00 secs] 
2365.700: [GC (Allocation Failure) [PSYoungGen: 59469K->1565K(59904K)] 402741K->344837K(557056K), 0.0016224 secs] [Times: user=0.01 sys=0.00, real=0.01 secs] 
2366.061: [GC (Allocation Failure) [PSYoungGen: 59421K->1488K(59904K)] 402693K->344760K(557056K), 0.0018235 secs] [Times: user=0.01 sys=0.00, real=0.01 secs] 
2366.334: [GC (Allocation Failure) [PSYoungGen: 59344K->1376K(59904K)] 402616K->344648K(557056K), 0.0017358 secs] [Times: user=0.01 sys=0.00, real=0.00 secs] 
2366.576: [GC (Allocation Failure) [PSYoungGen: 59232K->1392K(59904K)] 402504K->344664K(557056K), 0.0017015 secs] [Times: user=0.01 sys=0.00, real=0.00 secs] 
2366.816: [GC (Allocation Failure) [PSYoungGen: 59248K->1376K(59904K)] 402520K->344648K(557056K), 0.0016389 secs] [Times: user=0.00 sys=0.00, real=0.00 secs] 
2367.056: [GC (Allocation Failure) [PSYoungGen: 59232K->1408K(59904K)] 402504K->344680K(557056K), 0.0016930 secs] [Times: user=0.01 sys=0.00, real=0.00 secs] 
2367.404: [GC (Allocation Failure) [PSYoungGen: 59264K->1424K(59904K)] 402536K->344696K(557056K), 0.0015226 secs] [Times: user=0.01 sys=0.00, real=0.00 secs] 
2367.741: [GC (Allocation Failure) [PSYoungGen: 59280K->1472K(59904K)] 402552K->344752K(557056K), 0.0015759 secs] [Times: user=0.01 sys=0.00, real=0.01 secs] 
2368.079: [GC (Allocation Failure) [PSYoungGen: 59328K->1536K(59904K)] 402608K->344816K(557056K), 0.0015996 secs] [Times: user=0.01 sys=0.00, real=0.00 secs] 
2368.476: [GC (Allocation Failure) [PSYoungGen: 59392K->1504K(59904K)] 402672K->344792K(557056K), 0.0015715 secs] [Times: user=0.01 sys=0.00, real=0.00 secs] 
2370.035: [GC (Allocation Failure) [PSYoungGen: 59360K->1456K(59904K)] 402648K->344744K(557056K), 0.0034606 secs] [Times: user=0.01 sys=0.00, real=0.00 secs] 
2370.674: [GC (Allocation Failure) [PSYoungGen: 59312K->1392K(59904K)] 402600K->344680K(557056K), 0.0025979 secs] [Times: user=0.01 sys=0.00, real=0.00 secs] 
2371.157: [GC (Allocation Failure) [PSYoungGen: 59248K->1424K(59904K)] 402536K->344712K(557056K), 0.0025926 secs] [Times: user=0.01 sys=0.00, real=0.00 secs] 
2371.534: [GC (Allocation Failure) [PSYoungGen: 59280K->1344K(59904K)] 402568K->344632K(557056K), 0.0023410 secs] [Times: user=0.01 sys=0.00, real=0.00 secs] 
2372.149: [GC (Allocation Failure) [PSYoungGen: 59200K->1376K(59904K)] 402488K->344664K(557056K), 0.0024701 secs] [Times: user=0.01 sys=0.00, real=0.01 secs] 
2372.707: [GC (Allocation Failure) [PSYoungGen: 59232K->1533K(59904K)] 402520K->344821K(557056K), 0.0015625 secs] [Times: user=0.00 sys=0.00, real=0.00 secs] 
2373.043: [GC (Allocation Failure) [PSYoungGen: 59389K->1552K(59904K)] 402677K->344856K(557056K), 0.0016182 secs] [Times: user=0.01 sys=0.00, real=0.00 secs] 
2373.380: [GC (Allocation Failure) [PSYoungGen: 59388K->1613K(59904K)] 402692K->344917K(557056K), 0.0015667 secs] [Times: user=0.00 sys=0.00, real=0.01 secs] 
2373.718: [GC (Allocation Failure) [PSYoungGen: 59469K->1549K(59904K)] 402773K->344853K(557056K), 0.0015082 secs] [Times: user=0.01 sys=0.00, real=0.00 secs] 
2374.067: [GC (Allocation Failure) [PSYoungGen: 59405K->1472K(59904K)] 402709K->344776K(557056K), 0.0016530 secs] [Times: user=0.00 sys=0.00, real=0.00 secs] 
2374.307: [GC (Allocation Failure) [PSYoungGen: 59328K->1408K(59904K)] 402632K->344712K(557056K), 0.0015309 secs] [Times: user=0.01 sys=0.00, real=0.00 secs] 
2374.547: [GC (Allocation Failure) [PSYoungGen: 59264K->1344K(59904K)] 402568K->344648K(557056K), 0.0014478 secs] [Times: user=0.01 sys=0.00, real=0.00 secs] 
2374.846: [GC (Allocation Failure) [PSYoungGen: 59200K->1408K(59904K)] 402504K->344712K(557056K), 0.0029814 secs] [Times: user=0.01 sys=0.00, real=0.00 secs] 
2375.092: [GC (Allocation Failure) [PSYoungGen: 59264K->1376K(59904K)] 402568K->344680K(557056K), 0.0021312 secs] [Times: user=0.01 sys=0.01, real=0.00 secs] 
2375.464: [GC (Allocation Failure) [PSYoungGen: 59218K->1453K(59904K)] 402522K->344773K(557056K), 0.0015566 secs] [Times: user=0.01 sys=0.00, real=0.00 secs] 
2375.800: [GC (Allocation Failure) [PSYoungGen: 59309K->1581K(59904K)] 402629K->344909K(557056K), 0.0016053 secs] [Times: user=0.00 sys=0.01, real=0.00 secs] 
2376.137: [GC (Allocation Failure) [PSYoungGen: 59407K->1565K(59904K)] 402735K->344893K(557056K), 0.0015680 secs] [Times: user=0.01 sys=0.00, real=0.00 secs] 
2376.481: [GC (Allocation Failure) [PSYoungGen: 59421K->1584K(59904K)] 402749K->344912K(557056K), 0.0016653 secs] [Times: user=0.00 sys=0.00, real=0.01 secs] 
2376.907: [GC (Allocation Failure) [PSYoungGen: 59440K->1488K(59904K)] 402768K->344816K(557056K), 0.0019497 secs] [Times: user=0.01 sys=0.00, real=0.00 secs] 
2377.610: [GC (Allocation Failure) [PSYoungGen: 59344K->1408K(59904K)] 402672K->344736K(557056K), 0.0026833 secs] [Times: user=0.01 sys=0.00, real=0.01 secs] 
2378.325: [GC (Allocation Failure) [PSYoungGen: 59264K->1440K(59904K)] 402592K->344768K(557056K), 0.0027637 secs] [Times: user=0.01 sys=0.00, real=0.00 secs] 
2379.063: [GC (Allocation Failure) [PSYoungGen: 59296K->1408K(59904K)] 402624K->344736K(557056K), 0.0027071 secs] [Times: user=0.01 sys=0.00, real=0.00 secs] 
2379.595: [GC (Allocation Failure) [PSYoungGen: 59264K->1376K(59904K)] 402592K->344704K(557056K), 0.0033367 secs] [Times: user=0.02 sys=0.00, real=0.00 secs] 
2380.031: [GC (Allocation Failure) [PSYoungGen: 59232K->1440K(59904K)] 402560K->344768K(557056K), 0.0020276 secs] [Times: user=0.01 sys=0.00, real=0.01 secs] 
2380.388: [GC (Allocation Failure) [PSYoungGen: 59296K->1501K(59904K)] 402624K->344837K(557056K), 0.0016887 secs] [Times: user=0.00 sys=0.00, real=0.00 secs] 
2380.764: [GC (Allocation Failure) [PSYoungGen: 59330K->1581K(59904K)] 402666K->344917K(557056K), 0.0018146 secs] [Times: user=0.01 sys=0.00, real=0.00 secs] 
2381.103: [GC (Allocation Failure) [PSYoungGen: 59437K->1533K(59904K)] 402773K->344869K(557056K), 0.0016713 secs] [Times: user=0.01 sys=0.00, real=0.00 secs] 
2381.504: [GC (Allocation Failure) [PSYoungGen: 59389K->2016K(59904K)] 402725K->345352K(557056K), 0.0019511 secs] [Times: user=0.00 sys=0.00, real=0.00 secs] 
2382.027: [GC (Allocation Failure) [PSYoungGen: 59872K->1376K(59904K)] 403208K->344712K(557056K), 0.0027445 secs] [Times: user=0.01 sys=0.00, real=0.00 secs] 
2382.611: [GC (Allocation Failure) [PSYoungGen: 59232K->1360K(59904K)] 402568K->344696K(557056K), 0.0035803 secs] [Times: user=0.01 sys=0.00, real=0.01 secs] 
2383.122: [GC (Allocation Failure) [PSYoungGen: 59216K->1376K(59904K)] 402552K->344712K(557056K), 0.0026377 secs] [Times: user=0.01 sys=0.00, real=0.00 secs] 
2383.623: [GC (Allocation Failure) [PSYoungGen: 59232K->1392K(59904K)] 402568K->344728K(557056K), 0.0026296 secs] [Times: user=0.01 sys=0.00, real=0.00 secs] 
2384.174: [GC (Allocation Failure) [PSYoungGen: 59248K->1456K(59904K)] 402584K->344792K(557056K), 0.0018916 secs] [Times: user=0.01 sys=0.00, real=0.00 secs] 
2384.517: [GC (Allocation Failure) [PSYoungGen: 59312K->1568K(59904K)] 402648K->344920K(557056K), 0.0017006 secs] [Times: user=0.01 sys=0.00, real=0.00 secs] 
2384.856: [GC (Allocation Failure) [PSYoungGen: 59406K->1581K(59904K)] 402758K->344933K(557056K), 0.0014774 secs] [Times: user=0.00 sys=0.00, real=0.00 secs] 
2385.194: [GC (Allocation Failure) [PSYoungGen: 59437K->1597K(59904K)] 402789K->344973K(557056K), 0.0015988 secs] [Times: user=0.00 sys=0.00, real=0.00 secs] 
2385.657: [GC (Allocation Failure) [PSYoungGen: 59453K->1616K(59904K)] 402829K->344992K(557056K), 0.0017156 secs] [Times: user=0.01 sys=0.00, real=0.00 secs] 
2385.898: [GC (Allocation Failure) [PSYoungGen: 59472K->1392K(59904K)] 402848K->344768K(557056K), 0.0019224 secs] [Times: user=0.01 sys=0.00, real=0.00 secs] 
2386.139: [GC (Allocation Failure) [PSYoungGen: 59248K->1344K(59904K)] 402624K->344720K(557056K), 0.0018632 secs] [Times: user=0.01 sys=0.01, real=0.00 secs] 
2386.526: [GC (Allocation Failure) [PSYoungGen: 59200K->1392K(59904K)] 402576K->344768K(557056K), 0.0020354 secs] [Times: user=0.01 sys=0.00, real=0.00 secs] 
2387.084: [GC (Allocation Failure) [PSYoungGen: 59248K->1392K(59904K)] 402624K->344768K(557056K), 0.0026831 secs] [Times: user=0.01 sys=0.00, real=0.00 secs] 
2387.829: [GC (Allocation Failure) [PSYoungGen: 59248K->1437K(59904K)] 402624K->344813K(557056K), 0.0022009 secs] [Times: user=0.01 sys=0.00, real=0.00 secs] 
2388.198: [GC (Allocation Failure) [PSYoungGen: 59262K->1600K(59904K)] 402638K->344992K(557056K), 0.0015956 secs] [Times: user=0.00 sys=0.00, real=0.00 secs] 
2388.599: [GC (Allocation Failure) [PSYoungGen: 59456K->1520K(59904K)] 402848K->344912K(557056K), 0.0015717 secs] [Times: user=0.00 sys=0.00, real=0.00 secs] 
2388.934: [GC (Allocation Failure) [PSYoungGen: 59376K->1533K(59904K)] 402768K->344925K(557056K), 0.0018716 secs] [Times: user=0.01 sys=0.00, real=0.00 secs] 
2389.273: [GC (Allocation Failure) [PSYoungGen: 59389K->1533K(59904K)] 402781K->344925K(557056K), 0.0016786 secs] [Times: user=0.01 sys=0.00, real=0.00 secs] 
2389.526: [GC (Allocation Failure) [PSYoungGen: 59389K->1440K(59904K)] 402781K->344832K(557056K), 0.0020898 secs] [Times: user=0.01 sys=0.00, real=0.00 secs] 
2389.766: [GC (Allocation Failure) [PSYoungGen: 59296K->1376K(59904K)] 402688K->344768K(557056K), 0.0018845 secs] [Times: user=0.01 sys=0.00, real=0.00 secs] 
2390.007: [GC (Allocation Failure) [PSYoungGen: 59232K->1408K(59904K)] 402624K->344800K(557056K), 0.0018325 secs] [Times: user=0.00 sys=0.00, real=0.00 secs] 
2390.247: [GC (Allocation Failure) [PSYoungGen: 59264K->1376K(59904K)] 402656K->344768K(557056K), 0.0017729 secs] [Times: user=0.01 sys=0.00, real=0.00 secs] 
2390.528: [GC (Allocation Failure) [PSYoungGen: 59232K->1485K(59904K)] 402624K->344877K(557056K), 0.0014180 secs] [Times: user=0.00 sys=0.00, real=0.00 secs] 
2390.926: [GC (Allocation Failure) [PSYoungGen: 59309K->1533K(59904K)] 402701K->344941K(557056K), 0.0015419 secs] [Times: user=0.01 sys=0.00, real=0.00 secs] 
2391.323: [GC (Allocation Failure) [PSYoungGen: 59389K->1533K(59904K)] 402797K->344941K(557056K), 0.0016778 secs] [Times: user=0.01 sys=0.00, real=0.00 secs] 
2391.715: [GC (Allocation Failure) [PSYoungGen: 59389K->1549K(59904K)] 402797K->344957K(557056K), 0.0016875 secs] [Times: user=0.01 sys=0.00, real=0.00 secs] 
2392.051: [GC (Allocation Failure) [PSYoungGen: 59405K->1549K(59904K)] 402813K->344957K(557056K), 0.0016137 secs] [Times: user=0.01 sys=0.00, real=0.01 secs] 
2392.335: [GC (Allocation Failure) [PSYoungGen: 59405K->1376K(59904K)] 402813K->344784K(557056K), 0.0026929 secs] [Times: user=0.01 sys=0.00, real=0.00 secs] 
2392.576: [GC (Allocation Failure) [PSYoungGen: 59232K->1344K(59904K)] 402640K->344760K(557056K), 0.0020976 secs] [Times: user=0.01 sys=0.00, real=0.00 secs] 
2392.827: [GC (Allocation Failure) [PSYoungGen: 59200K->1376K(59904K)] 402616K->344808K(557056K), 0.0019769 secs] [Times: user=0.01 sys=0.00, real=0.00 secs] 
2393.068: [GC (Allocation Failure) [PSYoungGen: 59232K->1376K(59904K)] 402664K->344808K(557056K), 0.0018576 secs] [Times: user=0.01 sys=0.00, real=0.00 secs] 
2393.400: [GC (Allocation Failure) [PSYoungGen: 59203K->1488K(59904K)] 402635K->344920K(557056K), 0.0017916 secs] [Times: user=0.00 sys=0.00, real=0.01 secs] 
2393.835: [GC (Allocation Failure) [PSYoungGen: 59344K->1565K(59904K)] 402776K->344997K(557056K), 0.0017461 secs] [Times: user=0.01 sys=0.00, real=0.00 secs] 
2394.175: [GC (Allocation Failure) [PSYoungGen: 59421K->1517K(59904K)] 402853K->344957K(557056K), 0.0016606 secs] [Times: user=0.00 sys=0.00, real=0.00 secs] 
2394.539: [GC (Allocation Failure) [PSYoungGen: 59373K->1536K(59904K)] 402813K->344976K(557056K), 0.0015956 secs] [Times: user=0.01 sys=0.00, real=0.00 secs] 
2394.875: [GC (Allocation Failure) [PSYoungGen: 59392K->1549K(59904K)] 402832K->344989K(557056K), 0.0016388 secs] [Times: user=0.00 sys=0.00, real=0.00 secs] 
2395.332: [GC (Allocation Failure) [PSYoungGen: 59405K->1424K(59904K)] 402845K->344864K(557056K), 0.0017183 secs] [Times: user=0.01 sys=0.00, real=0.00 secs] 
2395.797: [GC (Allocation Failure) [PSYoungGen: 59280K->1408K(59904K)] 402720K->344848K(557056K), 0.0022560 secs] [Times: user=0.00 sys=0.00, real=0.00 secs] 
2396.184: [GC (Allocation Failure) [PSYoungGen: 59264K->1376K(59904K)] 402704K->344816K(557056K), 0.0023763 secs] [Times: user=0.01 sys=0.00, real=0.00 secs] 
2396.562: [GC (Allocation Failure) [PSYoungGen: 59232K->1376K(59904K)] 402672K->344816K(557056K), 0.0021312 secs] [Times: user=0.00 sys=0.00, real=0.00 secs] 
2396.968: [GC (Allocation Failure) [PSYoungGen: 59232K->1344K(59904K)] 402672K->344784K(557056K), 0.0034648 secs] [Times: user=0.02 sys=0.00, real=0.00 secs] 
2397.430: [GC (Allocation Failure) [PSYoungGen: 59200K->1517K(59904K)] 402640K->344957K(557056K), 0.0016808 secs] [Times: user=0.00 sys=0.00, real=0.01 secs] 
2397.769: [GC (Allocation Failure) [PSYoungGen: 59371K->1565K(59904K)] 402811K->345021K(557056K), 0.0015890 secs] [Times: user=0.01 sys=0.00, real=0.00 secs] 
2398.109: [GC (Allocation Failure) [PSYoungGen: 59421K->1533K(59904K)] 402877K->344989K(557056K), 0.0015722 secs] [Times: user=0.00 sys=0.00, real=0.00 secs] 
2398.445: [GC (Allocation Failure) [PSYoungGen: 59389K->1501K(59904K)] 402845K->344957K(557056K), 0.0016234 secs] [Times: user=0.00 sys=0.00, real=0.00 secs] 
2398.980: [GC (Allocation Failure) [PSYoungGen: 59357K->1440K(59904K)] 402813K->344896K(557056K), 0.0021057 secs] [Times: user=0.01 sys=0.00, real=0.01 secs] 
2399.246: [GC (Allocation Failure) [PSYoungGen: 59296K->1392K(59904K)] 402752K->344848K(557056K), 0.0018661 secs] [Times: user=0.01 sys=0.00, real=0.00 secs] 
2399.486: [GC (Allocation Failure) [PSYoungGen: 59248K->1376K(59904K)] 402704K->344832K(557056K), 0.0020559 secs] [Times: user=0.01 sys=0.00, real=0.00 secs] 
2399.817: [GC (Allocation Failure) [PSYoungGen: 59232K->1376K(59904K)] 402688K->344832K(557056K), 0.0020858 secs] [Times: user=0.01 sys=0.00, real=0.00 secs] 
2400.291: [GC (Allocation Failure) [PSYoungGen: 59232K->1440K(59904K)] 402688K->344896K(557056K), 0.0019069 secs] [Times: user=0.00 sys=0.00, real=0.01 secs] 
2400.670: [GC (Allocation Failure) [PSYoungGen: 59296K->1504K(59904K)] 402752K->344960K(557056K), 0.0016324 secs] [Times: user=0.01 sys=0.00, real=0.00 secs] 
2401.006: [GC (Allocation Failure) [PSYoungGen: 59360K->1581K(59904K)] 402816K->345053K(557056K), 0.0015798 secs] [Times: user=0.00 sys=0.00, real=0.00 secs] 
2401.344: [GC (Allocation Failure) [PSYoungGen: 59437K->1581K(59904K)] 402909K->345053K(557056K), 0.0016798 secs] [Times: user=0.00 sys=0.00, real=0.00 secs] 
2401.683: [GC (Allocation Failure) [PSYoungGen: 59437K->1581K(59904K)] 402909K->345053K(557056K), 0.0016006 secs] [Times: user=0.01 sys=0.00, real=0.00 secs] 
2402.365: [GC (Allocation Failure) [PSYoungGen: 59437K->1408K(59904K)] 402909K->344880K(557056K), 0.0022294 secs] [Times: user=0.01 sys=0.00, real=0.00 secs] 
2402.857: [GC (Allocation Failure) [PSYoungGen: 59264K->1392K(59904K)] 402736K->344864K(557056K), 0.0024622 secs] [Times: user=0.00 sys=0.00, real=0.00 secs] 
2403.105: [GC (Allocation Failure) [PSYoungGen: 59248K->1376K(59904K)] 402720K->344848K(557056K), 0.0019093 secs] [Times: user=0.00 sys=0.00, real=0.00 secs] 
2403.345: [GC (Allocation Failure) [PSYoungGen: 59232K->1376K(59904K)] 402704K->344848K(557056K), 0.0020594 secs] [Times: user=0.00 sys=0.00, real=0.00 secs] 
2403.798: [GC (Allocation Failure) [PSYoungGen: 59232K->1344K(59904K)] 402704K->344832K(557056K), 0.0020471 secs] [Times: user=0.01 sys=0.00, real=0.00 secs] 
2404.260: [GC (Allocation Failure) [PSYoungGen: 59192K->1488K(59904K)] 402680K->344976K(557056K), 0.0016721 secs] [Times: user=0.00 sys=0.00, real=0.01 secs] 
2404.657: [GC (Allocation Failure) [PSYoungGen: 59344K->1533K(59904K)] 402832K->345029K(557056K), 0.0016085 secs] [Times: user=0.00 sys=0.00, real=0.00 secs] 
2405.056: [GC (Allocation Failure) [PSYoungGen: 59389K->1581K(59904K)] 402885K->345077K(557056K), 0.0015748 secs] [Times: user=0.00 sys=0.00, real=0.00 secs] 
2405.396: [GC (Allocation Failure) [PSYoungGen: 59437K->1549K(59904K)] 402933K->345045K(557056K), 0.0016412 secs] [Times: user=0.00 sys=0.00, real=0.00 secs] 
2406.027: [GC (Allocation Failure) [PSYoungGen: 59405K->1408K(59904K)] 402901K->344904K(557056K), 0.0033854 secs] [Times: user=0.01 sys=0.00, real=0.00 secs] 
2406.620: [GC (Allocation Failure) [PSYoungGen: 59264K->1376K(59904K)] 402760K->344872K(557056K), 0.0028579 secs] [Times: user=0.01 sys=0.01, real=0.01 secs] 
2407.047: [GC (Allocation Failure) [PSYoungGen: 59232K->1344K(59904K)] 402728K->344840K(557056K), 0.0026766 secs] [Times: user=0.01 sys=0.00, real=0.00 secs] 
2407.495: [GC (Allocation Failure) [PSYoungGen: 59200K->1392K(59904K)] 402696K->344888K(557056K), 0.0025830 secs] [Times: user=0.01 sys=0.00, real=0.00 secs] 
2407.970: [GC (Allocation Failure) [PSYoungGen: 59248K->1344K(59904K)] 402744K->344840K(557056K), 0.0027944 secs] [Times: user=0.01 sys=0.00, real=0.01 secs] 
2408.453: [GC (Allocation Failure) [PSYoungGen: 59200K->1501K(59904K)] 402696K->344997K(557056K), 0.0015295 secs] [Times: user=0.01 sys=0.00, real=0.00 secs] 
2408.791: [GC (Allocation Failure) [PSYoungGen: 59337K->1517K(59904K)] 402833K->345021K(557056K), 0.0015805 secs] [Times: user=0.00 sys=0.00, real=0.01 secs] 
2409.129: [GC (Allocation Failure) [PSYoungGen: 59373K->1613K(59904K)] 402877K->345117K(557056K), 0.0015863 secs] [Times: user=0.01 sys=0.00, real=0.00 secs] 
2409.466: [GC (Allocation Failure) [PSYoungGen: 59469K->1533K(59904K)] 402973K->345037K(557056K), 0.0016233 secs] [Times: user=0.00 sys=0.00, real=0.00 secs] 
2410.005: [GC (Allocation Failure) [PSYoungGen: 59389K->1440K(59904K)] 402893K->344944K(557056K), 0.0026232 secs] [Times: user=0.01 sys=0.00, real=0.00 secs] 
2410.562: [GC (Allocation Failure) [PSYoungGen: 59296K->1344K(59904K)] 402800K->344848K(557056K), 0.0026386 secs] [Times: user=0.01 sys=0.01, real=0.00 secs] 
2410.886: [GC (Allocation Failure) [PSYoungGen: 59200K->1408K(59904K)] 402704K->344912K(557056K), 0.0020260 secs] [Times: user=0.01 sys=0.00, real=0.00 secs] 
2411.335: [GC (Allocation Failure) [PSYoungGen: 59264K->1376K(59904K)] 402768K->344880K(557056K), 0.0018969 secs] [Times: user=0.01 sys=0.00, real=0.00 secs] 
2411.762: [GC (Allocation Failure) [PSYoungGen: 59232K->1408K(59904K)] 402736K->344912K(557056K), 0.0020125 secs] [Times: user=0.01 sys=0.00, real=0.01 secs] 
2412.258: [GC (Allocation Failure) [PSYoungGen: 59264K->1517K(59904K)] 402768K->345021K(557056K), 0.0016535 secs] [Times: user=0.01 sys=0.00, real=0.00 secs] 
2412.596: [GC (Allocation Failure) [PSYoungGen: 59373K->1565K(59904K)] 402877K->345077K(557056K), 0.0016732 secs] [Times: user=0.01 sys=0.00, real=0.00 secs] 
2412.997: [GC (Allocation Failure) [PSYoungGen: 59421K->1549K(59904K)] 402933K->345061K(557056K), 0.0017185 secs] [Times: user=0.01 sys=0.00, real=0.00 secs] 
2413.393: [GC (Allocation Failure) [PSYoungGen: 59405K->1520K(59904K)] 402917K->345032K(557056K), 0.0016257 secs] [Times: user=0.00 sys=0.00, real=0.00 secs] 
2413.805: [GC (Allocation Failure) [PSYoungGen: 59376K->1456K(59904K)] 402888K->344976K(557056K), 0.0033621 secs] [Times: user=0.01 sys=0.00, real=0.00 secs] 
2414.152: [GC (Allocation Failure) [PSYoungGen: 59312K->1344K(59904K)] 402832K->344864K(557056K), 0.0019987 secs] [Times: user=0.01 sys=0.00, real=0.00 secs] 
2414.390: [GC (Allocation Failure) [PSYoungGen: 59200K->1408K(59904K)] 402720K->344944K(557056K), 0.0019847 secs] [Times: user=0.01 sys=0.00, real=0.00 secs] 
2414.630: [GC (Allocation Failure) [PSYoungGen: 59264K->1376K(59904K)] 402800K->344920K(557056K), 0.0018411 secs] [Times: user=0.01 sys=0.00, real=0.01 secs] 
2414.870: [GC (Allocation Failure) [PSYoungGen: 59232K->1408K(59904K)] 402776K->344952K(557056K), 0.0019183 secs] [Times: user=0.01 sys=0.00, real=0.01 secs] 
2415.197: [GC (Allocation Failure) [PSYoungGen: 59264K->1485K(59904K)] 402808K->345029K(557056K), 0.0014481 secs] [Times: user=0.01 sys=0.00, real=0.00 secs] 
2415.536: [GC (Allocation Failure) [PSYoungGen: 59341K->1533K(59904K)] 402885K->345093K(557056K), 0.0015714 secs] [Times: user=0.01 sys=0.00, real=0.00 secs] 
2415.873: [GC (Allocation Failure) [PSYoungGen: 59389K->1581K(59904K)] 402949K->345141K(557056K), 0.0016295 secs] [Times: user=0.01 sys=0.00, real=0.00 secs] 
2416.220: [GC (Allocation Failure) [PSYoungGen: 59437K->1533K(59904K)] 402997K->345093K(557056K), 0.0015610 secs] [Times: user=0.01 sys=0.00, real=0.01 secs] 
2416.555: [GC (Allocation Failure) [PSYoungGen: 59389K->1456K(59904K)] 402949K->345016K(557056K), 0.0019231 secs] [Times: user=0.01 sys=0.00, real=0.00 secs] 
2416.794: [GC (Allocation Failure) [PSYoungGen: 59312K->1408K(59904K)] 402872K->344968K(557056K), 0.0017488 secs] [Times: user=0.00 sys=0.00, real=0.00 secs] 
2417.034: [GC (Allocation Failure) [PSYoungGen: 59264K->1344K(59904K)] 402824K->344904K(557056K), 0.0017964 secs] [Times: user=0.01 sys=0.00, real=0.00 secs] 
2417.274: [GC (Allocation Failure) [PSYoungGen: 59200K->1392K(59904K)] 402760K->344952K(557056K), 0.0017944 secs] [Times: user=0.01 sys=0.00, real=0.00 secs] 
2417.514: [GC (Allocation Failure) [PSYoungGen: 59248K->1392K(59904K)] 402808K->344952K(557056K), 0.0017464 secs] [Times: user=0.01 sys=0.00, real=0.00 secs] 
2417.822: [GC (Allocation Failure) [PSYoungGen: 59248K->1549K(59904K)] 402808K->345109K(557056K), 0.0015266 secs] [Times: user=0.01 sys=0.00, real=0.00 secs] 
2418.160: [GC (Allocation Failure) [PSYoungGen: 59405K->1533K(59904K)] 402965K->345101K(557056K), 0.0016025 secs] [Times: user=0.00 sys=0.00, real=0.01 secs] 
2418.499: [GC (Allocation Failure) [PSYoungGen: 59389K->1501K(59904K)] 402957K->345069K(557056K), 0.0016297 secs] [Times: user=0.00 sys=0.00, real=0.00 secs] 
2418.836: [GC (Allocation Failure) [PSYoungGen: 59357K->1504K(59904K)] 402925K->345072K(557056K), 0.0015904 secs] [Times: user=0.01 sys=0.00, real=0.00 secs] 
2419.257: [GC (Allocation Failure) [PSYoungGen: 59360K->1488K(59904K)] 402928K->345056K(557056K), 0.0020066 secs] [Times: user=0.01 sys=0.00, real=0.00 secs] 
2419.869: [GC (Allocation Failure) [PSYoungGen: 59344K->1376K(59904K)] 402912K->344944K(557056K), 0.0020050 secs] [Times: user=0.01 sys=0.00, real=0.00 secs] 
2420.452: [GC (Allocation Failure) [PSYoungGen: 59232K->1344K(59904K)] 402800K->344912K(557056K), 0.0022431 secs] [Times: user=0.00 sys=0.00, real=0.01 secs] 
2421.006: [GC (Allocation Failure) [PSYoungGen: 59200K->1376K(59904K)] 402768K->344944K(557056K), 0.0025952 secs] [Times: user=0.01 sys=0.00, real=0.00 secs] 
2421.516: [GC (Allocation Failure) [PSYoungGen: 59232K->1360K(59904K)] 402800K->344928K(557056K), 0.0026106 secs] [Times: user=0.01 sys=0.00, real=0.00 secs] 
2422.128: [GC (Allocation Failure) [PSYoungGen: 59190K->1456K(59904K)] 402758K->345024K(557056K), 0.0016627 secs] [Times: user=0.01 sys=0.00, real=0.00 secs] 
2422.465: [GC (Allocation Failure) [PSYoungGen: 59312K->1581K(59904K)] 402880K->345165K(557056K), 0.0016016 secs] [Times: user=0.00 sys=0.00, real=0.00 secs] 
2422.802: [GC (Allocation Failure) [PSYoungGen: 59437K->1565K(59904K)] 403021K->345149K(557056K), 0.0018717 secs] [Times: user=0.01 sys=0.00, real=0.00 secs] 
2423.141: [GC (Allocation Failure) [PSYoungGen: 59421K->1533K(59904K)] 403005K->345117K(557056K), 0.0016179 secs] [Times: user=0.01 sys=0.00, real=0.01 secs] 
2423.589: [GC (Allocation Failure) [PSYoungGen: 59389K->1456K(59904K)] 402973K->345040K(557056K), 0.0017624 secs] [Times: user=0.01 sys=0.00, real=0.00 secs] 
2424.080: [GC (Allocation Failure) [PSYoungGen: 59312K->1376K(59904K)] 402896K->344960K(557056K), 0.0026308 secs] [Times: user=0.01 sys=0.00, real=0.01 secs] 
2424.666: [GC (Allocation Failure) [PSYoungGen: 59232K->1376K(59904K)] 402816K->344960K(557056K), 0.0027322 secs] [Times: user=0.01 sys=0.00, real=0.00 secs] 
2425.298: [GC (Allocation Failure) [PSYoungGen: 59232K->1376K(59904K)] 402816K->344976K(557056K), 0.0025317 secs] [Times: user=0.01 sys=0.00, real=0.00 secs] 
2425.757: [GC (Allocation Failure) [PSYoungGen: 59232K->1344K(59904K)] 402832K->344944K(557056K), 0.0025446 secs] [Times: user=0.01 sys=0.00, real=0.00 secs] 
2426.274: [GC (Allocation Failure) [PSYoungGen: 59171K->1485K(59904K)] 402771K->345085K(557056K), 0.0013947 secs] [Times: user=0.00 sys=0.00, real=0.00 secs] 
2426.669: [GC (Allocation Failure) [PSYoungGen: 59341K->1501K(59904K)] 402941K->345109K(557056K), 0.0017644 secs] [Times: user=0.01 sys=0.00, real=0.00 secs] 
2427.011: [GC (Allocation Failure) [PSYoungGen: 59357K->1520K(59904K)] 402965K->345128K(557056K), 0.0014895 secs] [Times: user=0.01 sys=0.00, real=0.01 secs] 
2427.348: [GC (Allocation Failure) [PSYoungGen: 59376K->1597K(59904K)] 402984K->345205K(557056K), 0.0017383 secs] [Times: user=0.01 sys=0.00, real=0.00 secs] 
2427.776: [GC (Allocation Failure) [PSYoungGen: 59453K->1984K(59904K)] 403061K->345592K(557056K), 0.0018791 secs] [Times: user=0.00 sys=0.00, real=0.00 secs] 
2428.448: [GC (Allocation Failure) [PSYoungGen: 59840K->1392K(59904K)] 403448K->345008K(557056K), 0.0037372 secs] [Times: user=0.02 sys=0.00, real=0.01 secs] 
2428.972: [GC (Allocation Failure) [PSYoungGen: 59248K->1408K(59904K)] 402864K->345024K(557056K), 0.0027643 secs] [Times: user=0.01 sys=0.00, real=0.00 secs] 
2429.530: [GC (Allocation Failure) [PSYoungGen: 59264K->1376K(59904K)] 402880K->344992K(557056K), 0.0026364 secs] [Times: user=0.01 sys=0.00, real=0.01 secs] 
2429.915: [GC (Allocation Failure) [PSYoungGen: 59232K->1344K(59904K)] 402848K->344960K(557056K), 0.0023750 secs] [Times: user=0.01 sys=0.00, real=0.00 secs] 
2430.440: [GC (Allocation Failure) [PSYoungGen: 59171K->1488K(59904K)] 402787K->345104K(557056K), 0.0016190 secs] [Times: user=0.01 sys=0.00, real=0.01 secs] 
2430.781: [GC (Allocation Failure) [PSYoungGen: 59344K->1597K(59904K)] 402960K->345229K(557056K), 0.0016070 secs] [Times: user=0.01 sys=0.00, real=0.01 secs] 
2431.118: [GC (Allocation Failure) [PSYoungGen: 59424K->1616K(59904K)] 403056K->345248K(557056K), 0.0016008 secs] [Times: user=0.01 sys=0.00, real=0.00 secs] 
2431.517: [GC (Allocation Failure) [PSYoungGen: 59472K->1565K(59904K)] 403104K->345197K(557056K), 0.0016869 secs] [Times: user=0.01 sys=0.00, real=0.00 secs] 
2431.909: [GC (Allocation Failure) [PSYoungGen: 59421K->1568K(59904K)] 403053K->345200K(557056K), 0.0016897 secs] [Times: user=0.01 sys=0.00, real=0.00 secs] 
2432.380: [GC (Allocation Failure) [PSYoungGen: 59424K->1440K(59904K)] 403056K->345072K(557056K), 0.0025497 secs] [Times: user=0.01 sys=0.00, real=0.01 secs] 
2432.611: [GC (Allocation Failure) [PSYoungGen: 59296K->1408K(59904K)] 402928K->345040K(557056K), 0.0018299 secs] [Times: user=0.00 sys=0.00, real=0.01 secs] 
2432.890: [GC (Allocation Failure) [PSYoungGen: 59264K->1392K(59904K)] 402896K->345024K(557056K), 0.0018805 secs] [Times: user=0.01 sys=0.00, real=0.01 secs] 
2433.227: [GC (Allocation Failure) [PSYoungGen: 59248K->1440K(59904K)] 402880K->345072K(557056K), 0.0023548 secs] [Times: user=0.00 sys=0.00, real=0.00 secs] 
2433.711: [GC (Allocation Failure) [PSYoungGen: 59289K->1501K(59904K)] 402921K->345133K(557056K), 0.0018764 secs] [Times: user=0.01 sys=0.00, real=0.01 secs] 
2434.072: [GC (Allocation Failure) [PSYoungGen: 59357K->1613K(59904K)] 402989K->345253K(557056K), 0.0014998 secs] [Times: user=0.01 sys=0.00, real=0.00 secs] 
2434.410: [GC (Allocation Failure) [PSYoungGen: 59469K->1485K(59904K)] 403109K->345149K(557056K), 0.0017094 secs] [Times: user=0.01 sys=0.00, real=0.00 secs] 
2434.747: [GC (Allocation Failure) [PSYoungGen: 59341K->1613K(59904K)] 403005K->345277K(557056K), 0.0016256 secs] [Times: user=0.01 sys=0.00, real=0.00 secs] 
2435.143: [GC (Allocation Failure) [PSYoungGen: 59469K->1581K(59904K)] 403133K->345245K(557056K), 0.0017022 secs] [Times: user=0.01 sys=0.00, real=0.00 secs] 
2435.411: [GC (Allocation Failure) [PSYoungGen: 59437K->1408K(59904K)] 403101K->345072K(557056K), 0.0018612 secs] [Times: user=0.01 sys=0.00, real=0.01 secs] 
2435.652: [GC (Allocation Failure) [PSYoungGen: 59264K->1376K(59904K)] 402928K->345040K(557056K), 0.0019662 secs] [Times: user=0.01 sys=0.00, real=0.00 secs] 
2435.893: [GC (Allocation Failure) [PSYoungGen: 59232K->1344K(59904K)] 402896K->345008K(557056K), 0.0018968 secs] [Times: user=0.01 sys=0.00, real=0.00 secs] 
2436.134: [GC (Allocation Failure) [PSYoungGen: 59200K->1408K(59904K)] 402864K->345072K(557056K), 0.0017153 secs] [Times: user=0.01 sys=0.00, real=0.00 secs] 
2436.413: [GC (Allocation Failure) [PSYoungGen: 59260K->1424K(59904K)] 402924K->345088K(557056K), 0.0016074 secs] [Times: user=0.01 sys=0.00, real=0.00 secs] 
2436.762: [GC (Allocation Failure) [PSYoungGen: 59280K->1549K(59904K)] 402944K->345221K(557056K), 0.0014876 secs] [Times: user=0.00 sys=0.00, real=0.00 secs] 
2437.104: [GC (Allocation Failure) [PSYoungGen: 59388K->1565K(59904K)] 403060K->345237K(557056K), 0.0015953 secs] [Times: user=0.01 sys=0.01, real=0.00 secs] 
2437.497: [GC (Allocation Failure) [PSYoungGen: 59421K->1597K(59904K)] 403093K->345269K(557056K), 0.0017823 secs] [Times: user=0.00 sys=0.00, real=0.00 secs] 
2437.834: [GC (Allocation Failure) [PSYoungGen: 59453K->1581K(59904K)] 403125K->345253K(557056K), 0.0016189 secs] [Times: user=0.01 sys=0.00, real=0.00 secs] 
2438.399: [GC (Allocation Failure) [PSYoungGen: 59437K->1424K(59904K)] 403109K->345096K(557056K), 0.0023779 secs] [Times: user=0.01 sys=0.00, real=0.00 secs] 
2439.073: [GC (Allocation Failure) [PSYoungGen: 59280K->1408K(59904K)] 402952K->345080K(557056K), 0.0025646 secs] [Times: user=0.01 sys=0.00, real=0.00 secs] 
2439.808: [GC (Allocation Failure) [PSYoungGen: 59264K->1376K(59904K)] 402936K->345048K(557056K), 0.0032871 secs] [Times: user=0.01 sys=0.00, real=0.00 secs] 
2440.306: [GC (Allocation Failure) [PSYoungGen: 59232K->1408K(59904K)] 402904K->345080K(557056K), 0.0027949 secs] [Times: user=0.01 sys=0.00, real=0.00 secs] 
2440.832: [GC (Allocation Failure) [PSYoungGen: 59257K->1488K(59904K)] 402929K->345160K(557056K), 0.0023914 secs] [Times: user=0.01 sys=0.00, real=0.00 secs] 
2441.238: [GC (Allocation Failure) [PSYoungGen: 59344K->1613K(59904K)] 403016K->345285K(557056K), 0.0017006 secs] [Times: user=0.01 sys=0.00, real=0.00 secs] 
2441.575: [GC (Allocation Failure) [PSYoungGen: 59469K->1536K(59904K)] 403141K->345216K(557056K), 0.0016027 secs] [Times: user=0.01 sys=0.01, real=0.00 secs] 
2441.914: [GC (Allocation Failure) [PSYoungGen: 59392K->1536K(59904K)] 403072K->345216K(557056K), 0.0019069 secs] [Times: user=0.01 sys=0.00, real=0.00 secs] 
2442.314: [GC (Allocation Failure) [PSYoungGen: 59392K->1533K(59904K)] 403072K->345213K(557056K), 0.0016556 secs] [Times: user=0.00 sys=0.00, real=0.00 secs] 
2442.953: [GC (Allocation Failure) [PSYoungGen: 59389K->1408K(59904K)] 403069K->345088K(557056K), 0.0028219 secs] [Times: user=0.01 sys=0.00, real=0.00 secs] 
2443.653: [GC (Allocation Failure) [PSYoungGen: 59264K->1328K(59904K)] 402944K->345008K(557056K), 0.0027833 secs] [Times: user=0.01 sys=0.00, real=0.00 secs] 
2444.368: [GC (Allocation Failure) [PSYoungGen: 59184K->1408K(59904K)] 402864K->345088K(557056K), 0.0025801 secs] [Times: user=0.01 sys=0.00, real=0.00 secs] 
2445.193: [GC (Allocation Failure) [PSYoungGen: 59264K->1408K(59904K)] 402944K->345088K(557056K), 0.0032072 secs] [Times: user=0.01 sys=0.00, real=0.00 secs] 
2445.978: [GC (Allocation Failure) [PSYoungGen: 59264K->1408K(59904K)] 402944K->345088K(557056K), 0.0032641 secs] [Times: user=0.01 sys=0.00, real=0.00 secs] 
2446.584: [GC (Allocation Failure) [PSYoungGen: 59247K->1533K(59904K)] 402927K->345213K(557056K), 0.0016428 secs] [Times: user=0.01 sys=0.00, real=0.00 secs] 
2446.930: [GC (Allocation Failure) [PSYoungGen: 59389K->1565K(59904K)] 403069K->345269K(557056K), 0.0016427 secs] [Times: user=0.00 sys=0.00, real=0.01 secs] 
2447.275: [GC (Allocation Failure) [PSYoungGen: 59421K->1469K(59904K)] 403125K->345173K(557056K), 0.0017341 secs] [Times: user=0.01 sys=0.00, real=0.00 secs] 
2447.612: [GC (Allocation Failure) [PSYoungGen: 59325K->1597K(59904K)] 403029K->345301K(557056K), 0.0016253 secs] [Times: user=0.01 sys=0.00, real=0.00 secs] 
2447.961: [GC (Allocation Failure) [PSYoungGen: 59453K->1472K(59904K)] 403157K->345176K(557056K), 0.0019567 secs] [Times: user=0.00 sys=0.00, real=0.01 secs] 
2448.201: [GC (Allocation Failure) [PSYoungGen: 59328K->1408K(59904K)] 403032K->345112K(557056K), 0.0017839 secs] [Times: user=0.01 sys=0.00, real=0.01 secs] 
2448.442: [GC (Allocation Failure) [PSYoungGen: 59264K->1376K(59904K)] 402968K->345080K(557056K), 0.0018793 secs] [Times: user=0.01 sys=0.00, real=0.00 secs] 
2448.682: [GC (Allocation Failure) [PSYoungGen: 59232K->1408K(59904K)] 402936K->345112K(557056K), 0.0019030 secs] [Times: user=0.00 sys=0.00, real=0.00 secs] 
2449.034: [GC (Allocation Failure) [PSYoungGen: 59264K->1344K(59904K)] 402968K->345048K(557056K), 0.0020093 secs] [Times: user=0.01 sys=0.00, real=0.00 secs] 
2449.429: [GC (Allocation Failure) [PSYoungGen: 59200K->1469K(59904K)] 402904K->345173K(557056K), 0.0015722 secs] [Times: user=0.00 sys=0.00, real=0.00 secs] 
2449.766: [GC (Allocation Failure) [PSYoungGen: 59295K->1549K(59904K)] 402999K->345261K(557056K), 0.0016255 secs] [Times: user=0.00 sys=0.00, real=0.00 secs] 
2450.104: [GC (Allocation Failure) [PSYoungGen: 59405K->1581K(59904K)] 403117K->345293K(557056K), 0.0016260 secs] [Times: user=0.00 sys=0.00, real=0.00 secs] 
2450.441: [GC (Allocation Failure) [PSYoungGen: 59437K->1501K(59904K)] 403149K->345213K(557056K), 0.0015949 secs] [Times: user=0.00 sys=0.00, real=0.01 secs] 
2450.728: [GC (Allocation Failure) [PSYoungGen: 59357K->1408K(59904K)] 403069K->345120K(557056K), 0.0016765 secs] [Times: user=0.01 sys=0.00, real=0.00 secs] 
2450.967: [GC (Allocation Failure) [PSYoungGen: 59264K->1344K(59904K)] 402976K->345056K(557056K), 0.0015886 secs] [Times: user=0.01 sys=0.00, real=0.00 secs] 
2451.207: [GC (Allocation Failure) [PSYoungGen: 59200K->1408K(59904K)] 402912K->345120K(557056K), 0.0014839 secs] [Times: user=0.00 sys=0.00, real=0.00 secs] 
2451.497: [GC (Allocation Failure) [PSYoungGen: 59264K->1408K(59904K)] 402976K->345120K(557056K), 0.0031884 secs] [Times: user=0.01 sys=0.00, real=0.00 secs] 
2451.979: [GC (Allocation Failure) [PSYoungGen: 59264K->1408K(59904K)] 402976K->345120K(557056K), 0.0022694 secs] [Times: user=0.01 sys=0.00, real=0.01 secs] 
2452.420: [GC (Allocation Failure) [PSYoungGen: 59243K->1581K(59904K)] 402955K->345293K(557056K), 0.0014583 secs] [Times: user=0.00 sys=0.00, real=0.01 secs] 
2452.757: [GC (Allocation Failure) [PSYoungGen: 59437K->1613K(59904K)] 403149K->345333K(557056K), 0.0016009 secs] [Times: user=0.01 sys=0.00, real=0.00 secs] 
2453.095: [GC (Allocation Failure) [PSYoungGen: 59469K->1517K(59904K)] 403189K->345261K(557056K), 0.0016397 secs] [Times: user=0.01 sys=0.00, real=0.00 secs] 
2453.433: [GC (Allocation Failure) [PSYoungGen: 59373K->1549K(59904K)] 403117K->345293K(557056K), 0.0016461 secs] [Times: user=0.01 sys=0.00, real=0.00 secs] 
2454.875: [GC (Allocation Failure) [PSYoungGen: 59405K->1360K(59904K)] 403149K->345104K(557056K), 0.0035394 secs] [Times: user=0.01 sys=0.00, real=0.00 secs] 
2455.429: [GC (Allocation Failure) [PSYoungGen: 59216K->1408K(59904K)] 402960K->345152K(557056K), 0.0037874 secs] [Times: user=0.01 sys=0.00, real=0.01 secs] 
2455.841: [GC (Allocation Failure) [PSYoungGen: 59264K->1408K(59904K)] 403008K->345152K(557056K), 0.0023011 secs] [Times: user=0.01 sys=0.00, real=0.01 secs] 
2456.076: [GC (Allocation Failure) [PSYoungGen: 59264K->1344K(59904K)] 403008K->345088K(557056K), 0.0020301 secs] [Times: user=0.01 sys=0.00, real=0.00 secs] 
2456.316: [GC (Allocation Failure) [PSYoungGen: 59200K->1376K(59904K)] 402944K->345120K(557056K), 0.0019783 secs] [Times: user=0.01 sys=0.00, real=0.00 secs] 
2456.674: [GC (Allocation Failure) [PSYoungGen: 59216K->1517K(59904K)] 402960K->345261K(557056K), 0.0016431 secs] [Times: user=0.00 sys=0.00, real=0.00 secs] 
2457.080: [GC (Allocation Failure) [PSYoungGen: 59373K->1549K(59904K)] 403117K->345301K(557056K), 0.0015781 secs] [Times: user=0.01 sys=0.00, real=0.00 secs] 
2457.422: [GC (Allocation Failure) [PSYoungGen: 59405K->1533K(59904K)] 403157K->345285K(557056K), 0.0016532 secs] [Times: user=0.00 sys=0.00, real=0.00 secs] 
2457.758: [GC (Allocation Failure) [PSYoungGen: 59389K->1581K(59904K)] 403141K->345333K(557056K), 0.0017269 secs] [Times: user=0.01 sys=0.00, real=0.00 secs] 
2458.097: [GC (Allocation Failure) [PSYoungGen: 59437K->1488K(59904K)] 403189K->345240K(557056K), 0.0021923 secs] [Times: user=0.00 sys=0.00, real=0.00 secs] 
2458.366: [GC (Allocation Failure) [PSYoungGen: 59344K->1344K(59904K)] 403096K->345096K(557056K), 0.0017940 secs] [Times: user=0.01 sys=0.00, real=0.00 secs] 
2458.606: [GC (Allocation Failure) [PSYoungGen: 59200K->1344K(59904K)] 402952K->345096K(557056K), 0.0018608 secs] [Times: user=0.00 sys=0.00, real=0.00 secs] 
2458.846: [GC (Allocation Failure) [PSYoungGen: 59200K->1376K(59904K)] 402952K->345128K(557056K), 0.0018616 secs] [Times: user=0.00 sys=0.00, real=0.00 secs] 
2459.087: [GC (Allocation Failure) [PSYoungGen: 59232K->1408K(59904K)] 402984K->345160K(557056K), 0.0018312 secs] [Times: user=0.00 sys=0.00, real=0.00 secs] 
2459.413: [GC (Allocation Failure) [PSYoungGen: 59264K->1501K(59904K)] 403016K->345253K(557056K), 0.0015457 secs] [Times: user=0.00 sys=0.00, real=0.00 secs] 
2459.750: [GC (Allocation Failure) [PSYoungGen: 59357K->1549K(59904K)] 403109K->345309K(557056K), 0.0015684 secs] [Times: user=0.01 sys=0.00, real=0.01 secs] 
2460.089: [GC (Allocation Failure) [PSYoungGen: 59405K->1565K(59904K)] 403165K->345325K(557056K), 0.0016661 secs] [Times: user=0.01 sys=0.00, real=0.00 secs] 
2460.427: [GC (Allocation Failure) [PSYoungGen: 59421K->1565K(59904K)] 403181K->345325K(557056K), 0.0017226 secs] [Times: user=0.01 sys=0.00, real=0.00 secs] 
2460.798: [GC (Allocation Failure) [PSYoungGen: 59421K->1456K(59904K)] 403181K->345216K(557056K), 0.0019332 secs] [Times: user=0.01 sys=0.00, real=0.00 secs] 
2461.038: [GC (Allocation Failure) [PSYoungGen: 59312K->1344K(59904K)] 403072K->345104K(557056K), 0.0019094 secs] [Times: user=0.00 sys=0.00, real=0.00 secs] 
2461.278: [GC (Allocation Failure) [PSYoungGen: 59200K->1408K(59904K)] 402960K->345168K(557056K), 0.0019767 secs] [Times: user=0.01 sys=0.00, real=0.00 secs] 
2461.518: [GC (Allocation Failure) [PSYoungGen: 59264K->1424K(59904K)] 403024K->345184K(557056K), 0.0018208 secs] [Times: user=0.01 sys=0.00, real=0.00 secs] 
2461.758: [GC (Allocation Failure) [PSYoungGen: 59280K->1360K(59904K)] 403040K->345120K(557056K), 0.0019382 secs] [Times: user=0.01 sys=0.00, real=0.00 secs] 
2462.096: [GC (Allocation Failure) [PSYoungGen: 59216K->1520K(59904K)] 402976K->345280K(557056K), 0.0014812 secs] [Times: user=0.01 sys=0.00, real=0.00 secs] 
2462.498: [GC (Allocation Failure) [PSYoungGen: 59357K->1504K(59904K)] 403117K->345280K(557056K), 0.0016657 secs] [Times: user=0.00 sys=0.00, real=0.00 secs] 
2462.890: [GC (Allocation Failure) [PSYoungGen: 59360K->1533K(59904K)] 403136K->345333K(557056K), 0.0016021 secs] [Times: user=0.01 sys=0.00, real=0.01 secs] 
2463.227: [GC (Allocation Failure) [PSYoungGen: 59389K->1581K(59904K)] 403189K->345381K(557056K), 0.0016992 secs] [Times: user=0.01 sys=0.00, real=0.00 secs] 
2463.986: [GC (Allocation Failure) [PSYoungGen: 59437K->1456K(59904K)] 403237K->345256K(557056K), 0.0036345 secs] [Times: user=0.02 sys=0.00, real=0.00 secs] 
2464.518: [GC (Allocation Failure) [PSYoungGen: 59312K->1376K(59904K)] 403112K->345176K(557056K), 0.0034530 secs] [Times: user=0.01 sys=0.00, real=0.01 secs] 
2465.100: [GC (Allocation Failure) [PSYoungGen: 59232K->1376K(59904K)] 403032K->345176K(557056K), 0.0029852 secs] [Times: user=0.01 sys=0.00, real=0.01 secs] 
2465.813: [GC (Allocation Failure) [PSYoungGen: 59232K->1344K(59904K)] 403032K->345144K(557056K), 0.0028326 secs] [Times: user=0.01 sys=0.00, real=0.00 secs] 
2466.390: [GC (Allocation Failure) [PSYoungGen: 59200K->1408K(59904K)] 403000K->345208K(557056K), 0.0034079 secs] [Times: user=0.01 sys=0.00, real=0.01 secs] 
2467.149: [GC (Allocation Failure) [PSYoungGen: 59232K->1517K(59904K)] 403032K->345317K(557056K), 0.0015650 secs] [Times: user=0.00 sys=0.00, real=0.00 secs] 
2467.499: [GC (Allocation Failure) [PSYoungGen: 59349K->1549K(59904K)] 403149K->345357K(557056K), 0.0016470 secs] [Times: user=0.01 sys=0.00, real=0.00 secs] 
2467.837: [GC (Allocation Failure) [PSYoungGen: 59405K->1517K(59904K)] 403213K->345325K(557056K), 0.0015993 secs] [Times: user=0.01 sys=0.00, real=0.00 secs] 
2468.174: [GC (Allocation Failure) [PSYoungGen: 59373K->1565K(59904K)] 403181K->345373K(557056K), 0.0016183 secs] [Times: user=0.01 sys=0.00, real=0.00 secs] 
2468.671: [GC (Allocation Failure) [PSYoungGen: 59421K->1488K(59904K)] 403229K->345296K(557056K), 0.0019618 secs] [Times: user=0.01 sys=0.00, real=0.01 secs] 
2469.268: [GC (Allocation Failure) [PSYoungGen: 59344K->1376K(59904K)] 403152K->345184K(557056K), 0.0022489 secs] [Times: user=0.01 sys=0.00, real=0.00 secs] 
2469.771: [GC (Allocation Failure) [PSYoungGen: 59232K->1376K(59904K)] 403040K->345184K(557056K), 0.0024403 secs] [Times: user=0.01 sys=0.00, real=0.01 secs] 
2470.366: [GC (Allocation Failure) [PSYoungGen: 59232K->1392K(59904K)] 403040K->345200K(557056K), 0.0023580 secs] [Times: user=0.01 sys=0.00, real=0.00 secs] 
2471.158: [GC (Allocation Failure) [PSYoungGen: 59248K->1344K(59904K)] 403056K->345152K(557056K), 0.0027846 secs] [Times: user=0.01 sys=0.00, real=0.00 secs] 
2471.819: [GC (Allocation Failure) [PSYoungGen: 59198K->1517K(59904K)] 403005K->345325K(557056K), 0.0016145 secs] [Times: user=0.00 sys=0.00, real=0.00 secs] 
2472.222: [GC (Allocation Failure) [PSYoungGen: 59373K->1613K(59904K)] 403181K->345429K(557056K), 0.0016019 secs] [Times: user=0.00 sys=0.01, real=0.00 secs] 
2472.564: [GC (Allocation Failure) [PSYoungGen: 59469K->1581K(59904K)] 403285K->345397K(557056K), 0.0016754 secs] [Times: user=0.00 sys=0.00, real=0.00 secs] 
2472.901: [GC (Allocation Failure) [PSYoungGen: 59437K->1613K(59904K)] 403253K->345429K(557056K), 0.0017169 secs] [Times: user=0.01 sys=0.00, real=0.01 secs] 
2473.650: [GC (Allocation Failure) [PSYoungGen: 59469K->1520K(59904K)] 403285K->345336K(557056K), 0.0036522 secs] [Times: user=0.01 sys=0.00, real=0.01 secs] 
2474.229: [GC (Allocation Failure) [PSYoungGen: 59376K->1376K(59904K)] 403192K->345192K(557056K), 0.0026676 secs] [Times: user=0.01 sys=0.00, real=0.01 secs] 
2474.721: [GC (Allocation Failure) [PSYoungGen: 59232K->1376K(59904K)] 403048K->345192K(557056K), 0.0027242 secs] [Times: user=0.01 sys=0.00, real=0.01 secs] 
2475.296: [GC (Allocation Failure) [PSYoungGen: 59232K->1376K(59904K)] 403048K->345192K(557056K), 0.0020694 secs] [Times: user=0.00 sys=0.00, real=0.00 secs] 
2475.925: [GC (Allocation Failure) [PSYoungGen: 59232K->1344K(59904K)] 403048K->345160K(557056K), 0.0022248 secs] [Times: user=0.01 sys=0.00, real=0.00 secs] 
2476.480: [GC (Allocation Failure) [PSYoungGen: 59200K->1421K(59904K)] 403016K->345261K(557056K), 0.0015015 secs] [Times: user=0.01 sys=0.00, real=0.00 secs] 
2476.816: [GC (Allocation Failure) [PSYoungGen: 59277K->1565K(59904K)] 403117K->345413K(557056K), 0.0015568 secs] [Times: user=0.01 sys=0.00, real=0.00 secs] 
2477.157: [GC (Allocation Failure) [PSYoungGen: 59421K->1581K(59904K)] 403269K->345429K(557056K), 0.0018340 secs] [Times: user=0.01 sys=0.00, real=0.00 secs] 
2477.566: [GC (Allocation Failure) [PSYoungGen: 59437K->1501K(59904K)] 403285K->345349K(557056K), 0.0015503 secs] [Times: user=0.01 sys=0.00, real=0.00 secs] 
2477.936: [GC (Allocation Failure) [PSYoungGen: 59357K->1728K(59904K)] 403205K->345576K(557056K), 0.0018315 secs] [Times: user=0.01 sys=0.00, real=0.00 secs] 
2478.340: [GC (Allocation Failure) [PSYoungGen: 59584K->1376K(59904K)] 403432K->345224K(557056K), 0.0021233 secs] [Times: user=0.01 sys=0.00, real=0.01 secs] 
2478.600: [GC (Allocation Failure) [PSYoungGen: 59232K->1376K(59904K)] 403080K->345224K(557056K), 0.0020974 secs] [Times: user=0.01 sys=0.00, real=0.01 secs] 
2478.863: [GC (Allocation Failure) [PSYoungGen: 59232K->1344K(59904K)] 403080K->345192K(557056K), 0.0019456 secs] [Times: user=0.00 sys=0.00, real=0.00 secs] 
2479.112: [GC (Allocation Failure) [PSYoungGen: 59200K->1408K(59904K)] 403048K->345256K(557056K), 0.0019042 secs] [Times: user=0.00 sys=0.00, real=0.00 secs] 
2479.420: [GC (Allocation Failure) [PSYoungGen: 59235K->1424K(59904K)] 403083K->345272K(557056K), 0.0014669 secs] [Times: user=0.01 sys=0.00, real=0.01 secs] 
2479.756: [GC (Allocation Failure) [PSYoungGen: 59280K->1581K(59904K)] 403128K->345437K(557056K), 0.0016108 secs] [Times: user=0.01 sys=0.00, real=0.00 secs] 
2480.093: [GC (Allocation Failure) [PSYoungGen: 59413K->1565K(59904K)] 403269K->345421K(557056K), 0.0015820 secs] [Times: user=0.01 sys=0.00, real=0.00 secs] 
2480.432: [GC (Allocation Failure) [PSYoungGen: 59421K->1520K(59904K)] 403277K->345376K(557056K), 0.0017211 secs] [Times: user=0.01 sys=0.00, real=0.00 secs] 
2480.763: [GC (Allocation Failure) [PSYoungGen: 59279K->288K(59904K)] 403135K->344144K(557056K), 0.0015119 secs] [Times: user=0.01 sys=0.00, real=0.00 secs] 
2481.379: [GC (Allocation Failure) [PSYoungGen: 58144K->1408K(59904K)] 402000K->345264K(557056K), 0.0024638 secs] [Times: user=0.01 sys=0.00, real=0.01 secs] 
2481.786: [GC (Allocation Failure) [PSYoungGen: 59264K->1344K(59904K)] 403120K->345200K(557056K), 0.0025954 secs] [Times: user=0.01 sys=0.00, real=0.00 secs] 
2482.027: [GC (Allocation Failure) [PSYoungGen: 59200K->1408K(59904K)] 403056K->345264K(557056K), 0.0021053 secs] [Times: user=0.00 sys=0.00, real=0.00 secs] 
2482.299: [GC (Allocation Failure) [PSYoungGen: 59264K->1376K(59904K)] 403120K->345232K(557056K), 0.0018361 secs] [Times: user=0.01 sys=0.00, real=0.00 secs] 
2482.694: [GC (Allocation Failure) [PSYoungGen: 59232K->1456K(59904K)] 403088K->345312K(557056K), 0.0016640 secs] [Times: user=0.01 sys=0.00, real=0.00 secs] 
2483.095: [GC (Allocation Failure) [PSYoungGen: 59294K->1568K(59904K)] 403150K->345432K(557056K), 0.0017693 secs] [Times: user=0.01 sys=0.00, real=0.00 secs] 
2483.434: [GC (Allocation Failure) [PSYoungGen: 59424K->1581K(59904K)] 403288K->345469K(557056K), 0.0016474 secs] [Times: user=0.01 sys=0.00, real=0.00 secs] 
2483.771: [GC (Allocation Failure) [PSYoungGen: 59437K->1517K(59904K)] 403325K->345405K(557056K), 0.0017390 secs] [Times: user=0.01 sys=0.00, real=0.01 secs] 
2484.108: [GC (Allocation Failure) [PSYoungGen: 59373K->1549K(59904K)] 403261K->345437K(557056K), 0.0017683 secs] [Times: user=0.01 sys=0.00, real=0.00 secs] 
2484.622: [GC (Allocation Failure) [PSYoungGen: 59405K->1408K(59904K)] 403293K->345296K(557056K), 0.0027591 secs] [Times: user=0.01 sys=0.00, real=0.00 secs] 
2485.110: [GC (Allocation Failure) [PSYoungGen: 59264K->1392K(59904K)] 403152K->345280K(557056K), 0.0022883 secs] [Times: user=0.00 sys=0.00, real=0.01 secs] 
2485.368: [GC (Allocation Failure) [PSYoungGen: 59248K->1376K(59904K)] 403136K->345264K(557056K), 0.0019206 secs] [Times: user=0.01 sys=0.00, real=0.00 secs] 
2485.609: [GC (Allocation Failure) [PSYoungGen: 59232K->1360K(59904K)] 403120K->345248K(557056K), 0.0017099 secs] [Times: user=0.01 sys=0.00, real=0.00 secs] 
2485.908: [GC (Allocation Failure) [PSYoungGen: 59216K->1405K(59904K)] 403104K->345293K(557056K), 0.0016854 secs] [Times: user=0.00 sys=0.00, real=0.00 secs] 
2486.255: [GC (Allocation Failure) [PSYoungGen: 59232K->1565K(59904K)] 403120K->345461K(557056K), 0.0016900 secs] [Times: user=0.00 sys=0.00, real=0.00 secs] 
2486.653: [GC (Allocation Failure) [PSYoungGen: 59421K->1501K(59904K)] 403317K->345405K(557056K), 0.0016773 secs] [Times: user=0.01 sys=0.00, real=0.00 secs] 
2486.991: [GC (Allocation Failure) [PSYoungGen: 59357K->1581K(59904K)] 403261K->345485K(557056K), 0.0016044 secs] [Times: user=0.01 sys=0.00, real=0.01 secs] 
2487.331: [GC (Allocation Failure) [PSYoungGen: 59437K->1549K(59904K)] 403341K->345453K(557056K), 0.0017838 secs] [Times: user=0.01 sys=0.00, real=0.01 secs] 
2487.923: [GC (Allocation Failure) [PSYoungGen: 59405K->1440K(59904K)] 403309K->345344K(557056K), 0.0032843 secs] [Times: user=0.01 sys=0.00, real=0.00 secs] 
2488.471: [GC (Allocation Failure) [PSYoungGen: 59296K->1408K(59904K)] 403200K->345312K(557056K), 0.0023737 secs] [Times: user=0.01 sys=0.00, real=0.01 secs] 
2488.701: [GC (Allocation Failure) [PSYoungGen: 59264K->1376K(59904K)] 403168K->345280K(557056K), 0.0018996 secs] [Times: user=0.01 sys=0.00, real=0.01 secs] 
2488.941: [GC (Allocation Failure) [PSYoungGen: 59232K->1376K(59904K)] 403136K->345280K(557056K), 0.0018639 secs] [Times: user=0.01 sys=0.00, real=0.01 secs] 
2489.246: [GC (Allocation Failure) [PSYoungGen: 59082K->256K(59904K)] 402986K->344160K(557056K), 0.0019375 secs] [Times: user=0.00 sys=0.00, real=0.00 secs] 
2489.592: [GC (Allocation Failure) [PSYoungGen: 58112K->1581K(59904K)] 402016K->345485K(557056K), 0.0014961 secs] [Times: user=0.00 sys=0.00, real=0.00 secs] 
2489.932: [GC (Allocation Failure) [PSYoungGen: 59437K->1552K(59904K)] 403341K->345464K(557056K), 0.0015706 secs] [Times: user=0.01 sys=0.00, real=0.00 secs] 
2490.273: [GC (Allocation Failure) [PSYoungGen: 59408K->1520K(59904K)] 403320K->345432K(557056K), 0.0016545 secs] [Times: user=0.01 sys=0.00, real=0.00 secs] 
2490.610: [GC (Allocation Failure) [PSYoungGen: 59376K->1533K(59904K)] 403288K->345445K(557056K), 0.0016239 secs] [Times: user=0.01 sys=0.00, real=0.01 secs] 
2490.952: [GC (Allocation Failure) [PSYoungGen: 59389K->1472K(59904K)] 403301K->345384K(557056K), 0.0019162 secs] [Times: user=0.01 sys=0.00, real=0.00 secs] 
2491.192: [GC (Allocation Failure) [PSYoungGen: 59328K->1408K(59904K)] 403240K->345320K(557056K), 0.0017373 secs] [Times: user=0.01 sys=0.00, real=0.00 secs] 
2491.499: [GC (Allocation Failure) [PSYoungGen: 59264K->1408K(59904K)] 403176K->345320K(557056K), 0.0018453 secs] [Times: user=0.01 sys=0.00, real=0.00 secs] 
2491.778: [GC (Allocation Failure) [PSYoungGen: 59264K->1408K(59904K)] 403176K->345320K(557056K), 0.0020156 secs] [Times: user=0.01 sys=0.00, real=0.00 secs] 
2492.019: [GC (Allocation Failure) [PSYoungGen: 59264K->1376K(59904K)] 403176K->345288K(557056K), 0.0018240 secs] [Times: user=0.00 sys=0.00, real=0.00 secs] 
2492.397: [GC (Allocation Failure) [PSYoungGen: 59208K->1501K(59904K)] 403120K->345413K(557056K), 0.0015943 secs] [Times: user=0.01 sys=0.00, real=0.00 secs] 
2492.737: [GC (Allocation Failure) [PSYoungGen: 59357K->1501K(59904K)] 403269K->345429K(557056K), 0.0015930 secs] [Times: user=0.00 sys=0.00, real=0.00 secs] 
2493.074: [GC (Allocation Failure) [PSYoungGen: 59357K->1613K(59904K)] 403285K->345565K(557056K), 0.0016816 secs] [Times: user=0.00 sys=0.00, real=0.00 secs] 
2493.411: [GC (Allocation Failure) [PSYoungGen: 59469K->1504K(59904K)] 403421K->345456K(557056K), 0.0016091 secs] [Times: user=0.01 sys=0.00, real=0.01 secs] 
2493.717: [GC (Allocation Failure) [PSYoungGen: 59360K->1440K(59904K)] 403312K->345392K(557056K), 0.0017198 secs] [Times: user=0.01 sys=0.00, real=0.00 secs] 
2493.957: [GC (Allocation Failure) [PSYoungGen: 59296K->1376K(59904K)] 403248K->345328K(557056K), 0.0016525 secs] [Times: user=0.01 sys=0.00, real=0.00 secs] 
2494.226: [GC (Allocation Failure) [PSYoungGen: 59232K->1360K(59904K)] 403184K->345312K(557056K), 0.0018506 secs] [Times: user=0.00 sys=0.00, real=0.00 secs] 
2494.466: [GC (Allocation Failure) [PSYoungGen: 59216K->1408K(59904K)] 403168K->345360K(557056K), 0.0023342 secs] [Times: user=0.01 sys=0.00, real=0.00 secs] 
2494.708: [GC (Allocation Failure) [PSYoungGen: 59264K->1328K(59904K)] 403216K->345280K(557056K), 0.0017912 secs] [Times: user=0.00 sys=0.00, real=0.00 secs] 
2495.052: [GC (Allocation Failure) [PSYoungGen: 59168K->1517K(59904K)] 403120K->345469K(557056K), 0.0016030 secs] [Times: user=0.01 sys=0.00, real=0.00 secs] 
2495.387: [GC (Allocation Failure) [PSYoungGen: 59373K->1517K(59904K)] 403325K->345477K(557056K), 0.0015860 secs] [Times: user=0.01 sys=0.01, real=0.00 secs] 
2495.725: [GC (Allocation Failure) [PSYoungGen: 59373K->1549K(59904K)] 403333K->345509K(557056K), 0.0014927 secs] [Times: user=0.01 sys=0.00, real=0.00 secs] 
2496.062: [GC (Allocation Failure) [PSYoungGen: 59405K->1613K(59904K)] 403365K->345573K(557056K), 0.0015126 secs] [Times: user=0.00 sys=0.00, real=0.00 secs] 
2496.518: [GC (Allocation Failure) [PSYoungGen: 59469K->1408K(59904K)] 403429K->345368K(557056K), 0.0017795 secs] [Times: user=0.01 sys=0.00, real=0.00 secs] 
2496.968: [GC (Allocation Failure) [PSYoungGen: 59264K->1376K(59904K)] 403224K->345336K(557056K), 0.0036329 secs] [Times: user=0.01 sys=0.00, real=0.00 secs] 
2497.483: [GC (Allocation Failure) [PSYoungGen: 59232K->1312K(59904K)] 403192K->345272K(557056K), 0.0026012 secs] [Times: user=0.01 sys=0.00, real=0.00 secs] 
2497.983: [GC (Allocation Failure) [PSYoungGen: 59168K->1376K(59904K)] 403128K->345336K(557056K), 0.0060658 secs] [Times: user=0.03 sys=0.00, real=0.00 secs] 
2498.642: [GC (Allocation Failure) [PSYoungGen: 59232K->1376K(59904K)] 403192K->345336K(557056K), 0.0024425 secs] [Times: user=0.01 sys=0.01, real=0.00 secs] 
2499.168: [GC (Allocation Failure) [PSYoungGen: 59232K->1517K(59904K)] 403192K->345477K(557056K), 0.0016807 secs] [Times: user=0.00 sys=0.00, real=0.00 secs] 
2499.507: [GC (Allocation Failure) [PSYoungGen: 59373K->1549K(59904K)] 403333K->345517K(557056K), 0.0015736 secs] [Times: user=0.01 sys=0.00, real=0.00 secs] 
2499.843: [GC (Allocation Failure) [PSYoungGen: 59405K->1581K(59904K)] 403373K->345549K(557056K), 0.0014807 secs] [Times: user=0.01 sys=0.00, real=0.00 secs] 
2500.179: [GC (Allocation Failure) [PSYoungGen: 59437K->1597K(59904K)] 403405K->345565K(557056K), 0.0016077 secs] [Times: user=0.01 sys=0.00, real=0.00 secs] 
2500.473: [GC (Allocation Failure) [PSYoungGen: 59453K->1488K(59904K)] 403421K->345456K(557056K), 0.0021083 secs] [Times: user=0.00 sys=0.00, real=0.00 secs] 
2500.862: [GC (Allocation Failure) [PSYoungGen: 59344K->1408K(59904K)] 403312K->345376K(557056K), 0.0024490 secs] [Times: user=0.01 sys=0.00, real=0.00 secs] 
2501.319: [GC (Allocation Failure) [PSYoungGen: 59264K->1376K(59904K)] 403232K->345344K(557056K), 0.0020278 secs] [Times: user=0.01 sys=0.00, real=0.00 secs] 
2501.896: [GC (Allocation Failure) [PSYoungGen: 59232K->1408K(59904K)] 403200K->345376K(557056K), 0.0021262 secs] [Times: user=0.01 sys=0.00, real=0.00 secs] 
2502.482: [GC (Allocation Failure) [PSYoungGen: 59264K->1328K(59904K)] 403232K->345296K(557056K), 0.0024351 secs] [Times: user=0.01 sys=0.00, real=0.00 secs] 
2502.983: [GC (Allocation Failure) [PSYoungGen: 59184K->1485K(59904K)] 403152K->345453K(557056K), 0.0016093 secs] [Times: user=0.00 sys=0.00, real=0.00 secs] 
2503.321: [GC (Allocation Failure) [PSYoungGen: 59340K->1536K(59904K)] 403308K->345520K(557056K), 0.0016859 secs] [Times: user=0.01 sys=0.00, real=0.01 secs] 
2503.659: [GC (Allocation Failure) [PSYoungGen: 59392K->1581K(59904K)] 403376K->345565K(557056K), 0.0014819 secs] [Times: user=0.01 sys=0.00, real=0.00 secs] 
2503.995: [GC (Allocation Failure) [PSYoungGen: 59437K->1501K(59904K)] 403421K->345485K(557056K), 0.0017759 secs] [Times: user=0.01 sys=0.00, real=0.00 secs] 
2504.310: [GC (Allocation Failure) [PSYoungGen: 59357K->1424K(59904K)] 403341K->345408K(557056K), 0.0019442 secs] [Times: user=0.01 sys=0.00, real=0.01 secs] 
2504.551: [GC (Allocation Failure) [PSYoungGen: 59280K->1376K(59904K)] 403264K->345376K(557056K), 0.0016104 secs] [Times: user=0.00 sys=0.00, real=0.01 secs] 
2504.792: [GC (Allocation Failure) [PSYoungGen: 59232K->1376K(59904K)] 403232K->345376K(557056K), 0.0019470 secs] [Times: user=0.01 sys=0.00, real=0.00 secs] 
2505.038: [GC (Allocation Failure) [PSYoungGen: 59232K->1344K(59904K)] 403232K->345344K(557056K), 0.0024819 secs] [Times: user=0.01 sys=0.00, real=0.00 secs] 
2505.274: [GC (Allocation Failure) [PSYoungGen: 59200K->1440K(59904K)] 403200K->345440K(557056K), 0.0022841 secs] [Times: user=0.00 sys=0.00, real=0.00 secs] 
2505.652: [GC (Allocation Failure) [PSYoungGen: 59264K->1485K(59904K)] 403264K->345485K(557056K), 0.0016409 secs] [Times: user=0.01 sys=0.01, real=0.01 secs] 
2505.988: [GC (Allocation Failure) [PSYoungGen: 59341K->1501K(59904K)] 403341K->345517K(557056K), 0.0015305 secs] [Times: user=0.01 sys=0.00, real=0.00 secs] 
2506.326: [GC (Allocation Failure) [PSYoungGen: 59357K->1504K(59904K)] 403373K->345520K(557056K), 0.0015908 secs] [Times: user=0.01 sys=0.00, real=0.00 secs] 
2506.662: [GC (Allocation Failure) [PSYoungGen: 59360K->1565K(59904K)] 403376K->345581K(557056K), 0.0016021 secs] [Times: user=0.00 sys=0.00, real=0.00 secs] 
2507.050: [GC (Allocation Failure) [PSYoungGen: 59421K->1456K(59904K)] 403437K->345472K(557056K), 0.0019142 secs] [Times: user=0.00 sys=0.00, real=0.01 secs] 
2507.291: [GC (Allocation Failure) [PSYoungGen: 59312K->1312K(59904K)] 403328K->345328K(557056K), 0.0018049 secs] [Times: user=0.01 sys=0.00, real=0.01 secs] 
2507.531: [GC (Allocation Failure) [PSYoungGen: 59168K->1376K(59904K)] 403184K->345392K(557056K), 0.0018918 secs] [Times: user=0.00 sys=0.00, real=0.01 secs] 
2507.771: [GC (Allocation Failure) [PSYoungGen: 59232K->1408K(59904K)] 403248K->345424K(557056K), 0.0018378 secs] [Times: user=0.01 sys=0.00, real=0.01 secs] 
2508.012: [GC (Allocation Failure) [PSYoungGen: 59264K->1408K(59904K)] 403280K->345424K(557056K), 0.0018884 secs] [Times: user=0.00 sys=0.00, real=0.00 secs] 
2508.492: [GC (Allocation Failure) [PSYoungGen: 59264K->1536K(59904K)] 403280K->345552K(557056K), 0.0015033 secs] [Times: user=0.00 sys=0.00, real=0.00 secs] 
2508.894: [GC (Allocation Failure) [PSYoungGen: 59389K->1581K(59904K)] 403405K->345605K(557056K), 0.0016668 secs] [Times: user=0.01 sys=0.00, real=0.00 secs] 
2509.233: [GC (Allocation Failure) [PSYoungGen: 59437K->1613K(59904K)] 403461K->345637K(557056K), 0.0015735 secs] [Times: user=0.01 sys=0.00, real=0.00 secs] 
2509.572: [GC (Allocation Failure) [PSYoungGen: 59469K->1549K(59904K)] 403493K->345573K(557056K), 0.0016741 secs] [Times: user=0.01 sys=0.00, real=0.01 secs] 
2510.053: [GC (Allocation Failure) [PSYoungGen: 59405K->1472K(59904K)] 403429K->345496K(557056K), 0.0028815 secs] [Times: user=0.01 sys=0.00, real=0.00 secs] 
2510.636: [GC (Allocation Failure) [PSYoungGen: 59328K->1344K(59904K)] 403352K->345368K(557056K), 0.0030412 secs] [Times: user=0.01 sys=0.00, real=0.00 secs] 
2511.267: [GC (Allocation Failure) [PSYoungGen: 59200K->1408K(59904K)] 403224K->345432K(557056K), 0.0030196 secs] [Times: user=0.01 sys=0.00, real=0.00 secs] 
2511.936: [GC (Allocation Failure) [PSYoungGen: 59264K->1376K(59904K)] 403288K->345400K(557056K), 0.0028288 secs] [Times: user=0.01 sys=0.00, real=0.00 secs] 
2512.542: [GC (Allocation Failure) [PSYoungGen: 59232K->1408K(59904K)] 403256K->345432K(557056K), 0.0026416 secs] [Times: user=0.01 sys=0.01, real=0.00 secs] 
2513.085: [GC (Allocation Failure) [PSYoungGen: 59243K->1488K(59904K)] 403267K->345512K(557056K), 0.0016071 secs] [Times: user=0.01 sys=0.00, real=0.00 secs] 
2513.420: [GC (Allocation Failure) [PSYoungGen: 59344K->1533K(59904K)] 403368K->345573K(557056K), 0.0016599 secs] [Times: user=0.00 sys=0.00, real=0.01 secs] 
2513.761: [GC (Allocation Failure) [PSYoungGen: 59389K->1565K(59904K)] 403429K->345605K(557056K), 0.0016608 secs] [Times: user=0.00 sys=0.00, real=0.01 secs] 
2514.152: [GC (Allocation Failure) [PSYoungGen: 59421K->1613K(59904K)] 403461K->345653K(557056K), 0.0016729 secs] [Times: user=0.01 sys=0.00, real=0.00 secs] 
2514.496: [GC (Allocation Failure) [PSYoungGen: 59469K->1504K(59904K)] 403509K->345544K(557056K), 0.0019646 secs] [Times: user=0.01 sys=0.00, real=0.00 secs] 
2514.756: [GC (Allocation Failure) [PSYoungGen: 59360K->1376K(59904K)] 403400K->345416K(557056K), 0.0022796 secs] [Times: user=0.01 sys=0.00, real=0.00 secs] 
2515.102: [GC (Allocation Failure) [PSYoungGen: 59232K->1344K(59904K)] 403272K->345400K(557056K), 0.0018763 secs] [Times: user=0.00 sys=0.00, real=0.00 secs] 
2515.602: [GC (Allocation Failure) [PSYoungGen: 59200K->1408K(59904K)] 403256K->345464K(557056K), 0.0019360 secs] [Times: user=0.01 sys=0.00, real=0.00 secs] 
2516.079: [GC (Allocation Failure) [PSYoungGen: 59264K->1344K(59904K)] 403320K->345400K(557056K), 0.0034084 secs] [Times: user=0.01 sys=0.00, real=0.01 secs] 
2516.601: [GC (Allocation Failure) [PSYoungGen: 59172K->1520K(59904K)] 403228K->345576K(557056K), 0.0015425 secs] [Times: user=0.00 sys=0.00, real=0.01 secs] 
2516.999: [GC (Allocation Failure) [PSYoungGen: 59376K->1565K(59904K)] 403432K->345637K(557056K), 0.0017629 secs] [Times: user=0.01 sys=0.00, real=0.00 secs] 
2517.397: [GC (Allocation Failure) [PSYoungGen: 59393K->1517K(59904K)] 403465K->345589K(557056K), 0.0017557 secs] [Times: user=0.01 sys=0.00, real=0.00 secs] 
2517.800: [GC (Allocation Failure) [PSYoungGen: 59373K->1549K(59904K)] 403445K->345621K(557056K), 0.0017082 secs] [Times: user=0.00 sys=0.00, real=0.01 secs] 
2518.261: [GC (Allocation Failure) [PSYoungGen: 59405K->1984K(59904K)] 403477K->346056K(557056K), 0.0018124 secs] [Times: user=0.01 sys=0.00, real=0.01 secs] 
2518.850: [GC (Allocation Failure) [PSYoungGen: 59840K->1376K(59904K)] 403912K->345448K(557056K), 0.0033789 secs] [Times: user=0.02 sys=0.00, real=0.01 secs] 
2519.404: [GC (Allocation Failure) [PSYoungGen: 59232K->1376K(59904K)] 403304K->345448K(557056K), 0.0026189 secs] [Times: user=0.01 sys=0.00, real=0.00 secs] 
2519.924: [GC (Allocation Failure) [PSYoungGen: 59232K->1344K(59904K)] 403304K->345416K(557056K), 0.0028902 secs] [Times: user=0.01 sys=0.00, real=0.00 secs] 
2520.382: [GC (Allocation Failure) [PSYoungGen: 59200K->1408K(59904K)] 403272K->345480K(557056K), 0.0025923 secs] [Times: user=0.01 sys=0.00, real=0.00 secs] 
2520.724: [GC (Allocation Failure) [PSYoungGen: 59249K->1485K(59904K)] 403321K->345557K(557056K), 0.0015360 secs] [Times: user=0.00 sys=0.00, real=0.00 secs] 
2521.060: [GC (Allocation Failure) [PSYoungGen: 59341K->1501K(59904K)] 403413K->345581K(557056K), 0.0015706 secs] [Times: user=0.01 sys=0.00, real=0.01 secs] 
2521.398: [GC (Allocation Failure) [PSYoungGen: 59334K->1520K(59904K)] 403414K->345600K(557056K), 0.0016834 secs] [Times: user=0.00 sys=0.00, real=0.00 secs] 
2521.736: [GC (Allocation Failure) [PSYoungGen: 59376K->1552K(59904K)] 403456K->345632K(557056K), 0.0016599 secs] [Times: user=0.01 sys=0.00, real=0.00 secs] 
2522.137: [GC (Allocation Failure) [PSYoungGen: 59408K->1616K(59904K)] 403488K->345696K(557056K), 0.0018147 secs] [Times: user=0.00 sys=0.00, real=0.00 secs] 
2522.692: [GC (Allocation Failure) [PSYoungGen: 59472K->1376K(59904K)] 403552K->345456K(557056K), 0.0018619 secs] [Times: user=0.01 sys=0.00, real=0.00 secs] 
2523.431: [GC (Allocation Failure) [PSYoungGen: 59232K->1376K(59904K)] 403312K->345456K(557056K), 0.0028117 secs] [Times: user=0.01 sys=0.00, real=0.01 secs] 
2523.929: [GC (Allocation Failure) [PSYoungGen: 59232K->1344K(59904K)] 403312K->345424K(557056K), 0.0025880 secs] [Times: user=0.01 sys=0.00, real=0.01 secs] 
2524.429: [GC (Allocation Failure) [PSYoungGen: 59200K->1376K(59904K)] 403280K->345456K(557056K), 0.0027297 secs] [Times: user=0.01 sys=0.00, real=0.01 secs] 
2524.965: [GC (Allocation Failure) [PSYoungGen: 59232K->1488K(59904K)] 403312K->345568K(557056K), 0.0018576 secs] [Times: user=0.00 sys=0.00, real=0.00 secs] 
2525.327: [GC (Allocation Failure) [PSYoungGen: 59337K->1581K(59904K)] 403417K->345693K(557056K), 0.0015767 secs] [Times: user=0.01 sys=0.00, real=0.00 secs] 
2525.664: [GC (Allocation Failure) [PSYoungGen: 59437K->1597K(59904K)] 403549K->345709K(557056K), 0.0016428 secs] [Times: user=0.01 sys=0.00, real=0.00 secs] 
2526.061: [GC (Allocation Failure) [PSYoungGen: 59453K->1552K(59904K)] 403565K->345664K(557056K), 0.0016347 secs] [Times: user=0.01 sys=0.00, real=0.01 secs] 
2526.397: [GC (Allocation Failure) [PSYoungGen: 59408K->1565K(59904K)] 403520K->345677K(557056K), 0.0017519 secs] [Times: user=0.00 sys=0.00, real=0.00 secs] 
2526.774: [GC (Allocation Failure) [PSYoungGen: 59421K->1360K(59904K)] 403533K->345472K(557056K), 0.0020390 secs] [Times: user=0.01 sys=0.00, real=0.00 secs] 
2527.041: [GC (Allocation Failure) [PSYoungGen: 59216K->1344K(59904K)] 403328K->345456K(557056K), 0.0019540 secs] [Times: user=0.01 sys=0.00, real=0.01 secs] 
2527.281: [GC (Allocation Failure) [PSYoungGen: 59200K->1344K(59904K)] 403312K->345456K(557056K), 0.0019623 secs] [Times: user=0.01 sys=0.00, real=0.01 secs] 
2527.522: [GC (Allocation Failure) [PSYoungGen: 59200K->1408K(59904K)] 403312K->345520K(557056K), 0.0019756 secs] [Times: user=0.01 sys=0.00, real=0.00 secs] 
2527.835: [GC (Allocation Failure) [PSYoungGen: 59264K->1437K(59904K)] 403376K->345549K(557056K), 0.0015645 secs] [Times: user=0.01 sys=0.00, real=0.00 secs] 
2528.172: [GC (Allocation Failure) [PSYoungGen: 59293K->1565K(59904K)] 403405K->345685K(557056K), 0.0015995 secs] [Times: user=0.01 sys=0.00, real=0.00 secs] 
2528.511: [GC (Allocation Failure) [PSYoungGen: 59421K->1565K(59904K)] 403541K->345685K(557056K), 0.0016288 secs] [Times: user=0.01 sys=0.00, real=0.01 secs] 
2528.855: [GC (Allocation Failure) [PSYoungGen: 59421K->1552K(59904K)] 403541K->345672K(557056K), 0.0016479 secs] [Times: user=0.01 sys=0.00, real=0.00 secs] 
2529.196: [GC (Allocation Failure) [PSYoungGen: 59408K->1501K(59904K)] 403528K->345621K(557056K), 0.0016046 secs] [Times: user=0.00 sys=0.00, real=0.00 secs] 
2529.484: [GC (Allocation Failure) [PSYoungGen: 59357K->1408K(59904K)] 403477K->345528K(557056K), 0.0017940 secs] [Times: user=0.00 sys=0.00, real=0.00 secs] 
2529.724: [GC (Allocation Failure) [PSYoungGen: 59264K->1408K(59904K)] 403384K->345528K(557056K), 0.0017978 secs] [Times: user=0.01 sys=0.00, real=0.00 secs] 
2529.965: [GC (Allocation Failure) [PSYoungGen: 59264K->1392K(59904K)] 403384K->345512K(557056K), 0.0017373 secs] [Times: user=0.00 sys=0.00, real=0.00 secs] 
2530.212: [GC (Allocation Failure) [PSYoungGen: 59248K->1408K(59904K)] 403368K->345528K(557056K), 0.0030161 secs] [Times: user=0.01 sys=0.00, real=0.00 secs] 
2530.496: [GC (Allocation Failure) [PSYoungGen: 59264K->1469K(59904K)] 403384K->345589K(557056K), 0.0019125 secs] [Times: user=0.01 sys=0.00, real=0.00 secs] 
2530.850: [GC (Allocation Failure) [PSYoungGen: 59302K->1549K(59904K)] 403422K->345669K(557056K), 0.0015756 secs] [Times: user=0.01 sys=0.00, real=0.01 secs] 
2531.187: [GC (Allocation Failure) [PSYoungGen: 59405K->1533K(59904K)] 403525K->345661K(557056K), 0.0017498 secs] [Times: user=0.01 sys=0.00, real=0.00 secs] 
2531.527: [GC (Allocation Failure) [PSYoungGen: 59389K->1533K(59904K)] 403517K->345661K(557056K), 0.0015827 secs] [Times: user=0.01 sys=0.00, real=0.00 secs] 
2531.864: [GC (Allocation Failure) [PSYoungGen: 59389K->1533K(59904K)] 403517K->345669K(557056K), 0.0015959 secs] [Times: user=0.00 sys=0.00, real=0.00 secs] 
2532.513: [GC (Allocation Failure) [PSYoungGen: 59389K->1440K(59904K)] 403525K->345576K(557056K), 0.0020030 secs] [Times: user=0.01 sys=0.00, real=0.00 secs] 
2533.441: [GC (Allocation Failure) [PSYoungGen: 59296K->1392K(59904K)] 403432K->345528K(557056K), 0.0042383 secs] [Times: user=0.02 sys=0.00, real=0.01 secs] 
2533.948: [GC (Allocation Failure) [PSYoungGen: 59248K->1328K(59904K)] 403384K->345480K(557056K), 0.0023446 secs] [Times: user=0.01 sys=0.00, real=0.00 secs] 
2534.177: [GC (Allocation Failure) [PSYoungGen: 59184K->1408K(59904K)] 403336K->345560K(557056K), 0.0018114 secs] [Times: user=0.01 sys=0.00, real=0.00 secs] 
2534.427: [GC (Allocation Failure) [PSYoungGen: 59264K->1408K(59904K)] 403416K->345568K(557056K), 0.0018643 secs] [Times: user=0.01 sys=0.00, real=0.00 secs] 
2534.783: [GC (Allocation Failure) [PSYoungGen: 59264K->1552K(59904K)] 403424K->345712K(557056K), 0.0016320 secs] [Times: user=0.00 sys=0.00, real=0.00 secs] 
2535.122: [GC (Allocation Failure) [PSYoungGen: 59408K->1533K(59904K)] 403568K->345709K(557056K), 0.0015779 secs] [Times: user=0.01 sys=0.00, real=0.00 secs] 
2535.460: [GC (Allocation Failure) [PSYoungGen: 59363K->1568K(59904K)] 403539K->345744K(557056K), 0.0015995 secs] [Times: user=0.01 sys=0.00, real=0.00 secs] 
2535.800: [GC (Allocation Failure) [PSYoungGen: 59424K->1549K(59904K)] 403600K->345733K(557056K), 0.0016241 secs] [Times: user=0.01 sys=0.00, real=0.00 secs] 
2536.262: [GC (Allocation Failure) [PSYoungGen: 59405K->1456K(59904K)] 403589K->345640K(557056K), 0.0018927 secs] [Times: user=0.01 sys=0.00, real=0.00 secs] 
2536.754: [GC (Allocation Failure) [PSYoungGen: 59312K->1360K(59904K)] 403496K->345544K(557056K), 0.0027298 secs] [Times: user=0.01 sys=0.00, real=0.00 secs] 
2537.048: [GC (Allocation Failure) [PSYoungGen: 59216K->1376K(59904K)] 403400K->345560K(557056K), 0.0021133 secs] [Times: user=0.01 sys=0.00, real=0.00 secs] 
2537.290: [GC (Allocation Failure) [PSYoungGen: 59232K->1344K(59904K)] 403416K->345528K(557056K), 0.0018123 secs] [Times: user=0.01 sys=0.00, real=0.00 secs] 
2537.530: [GC (Allocation Failure) [PSYoungGen: 59200K->1376K(59904K)] 403384K->345560K(557056K), 0.0018426 secs] [Times: user=0.01 sys=0.00, real=0.01 secs] 
2537.934: [GC (Allocation Failure) [PSYoungGen: 59232K->1485K(59904K)] 403416K->345669K(557056K), 0.0015371 secs] [Times: user=0.00 sys=0.00, real=0.00 secs] 
2538.273: [GC (Allocation Failure) [PSYoungGen: 59313K->1581K(59904K)] 403497K->345773K(557056K), 0.0016733 secs] [Times: user=0.00 sys=0.00, real=0.00 secs] 
2538.610: [GC (Allocation Failure) [PSYoungGen: 59437K->1645K(59904K)] 403629K->345837K(557056K), 0.0016128 secs] [Times: user=0.00 sys=0.00, real=0.01 secs] 
2538.946: [GC (Allocation Failure) [PSYoungGen: 59501K->1613K(59904K)] 403693K->345805K(557056K), 0.0014981 secs] [Times: user=0.01 sys=0.00, real=0.00 secs] 
2539.479: [GC (Allocation Failure) [PSYoungGen: 59469K->1472K(59904K)] 403661K->345664K(557056K), 0.0016628 secs] [Times: user=0.01 sys=0.00, real=0.00 secs] 
2540.128: [GC (Allocation Failure) [PSYoungGen: 59328K->1376K(59904K)] 403520K->345568K(557056K), 0.0018677 secs] [Times: user=0.00 sys=0.00, real=0.00 secs] 
2540.749: [GC (Allocation Failure) [PSYoungGen: 59232K->1376K(59904K)] 403424K->345568K(557056K), 0.0021567 secs] [Times: user=0.01 sys=0.00, real=0.00 secs] 
2541.237: [GC (Allocation Failure) [PSYoungGen: 59232K->1376K(59904K)] 403424K->345568K(557056K), 0.0021691 secs] [Times: user=0.01 sys=0.00, real=0.00 secs] 
2541.723: [GC (Allocation Failure) [PSYoungGen: 59232K->1376K(59904K)] 403424K->345568K(557056K), 0.0020213 secs] [Times: user=0.01 sys=0.00, real=0.00 secs] 
2542.130: [GC (Allocation Failure) [PSYoungGen: 59220K->1552K(59904K)] 403412K->345744K(557056K), 0.0016922 secs] [Times: user=0.00 sys=0.00, real=0.01 secs] 
2542.467: [GC (Allocation Failure) [PSYoungGen: 59408K->1533K(59904K)] 403600K->345741K(557056K), 0.0016568 secs] [Times: user=0.00 sys=0.00, real=0.00 secs] 
2542.807: [GC (Allocation Failure) [PSYoungGen: 59389K->1613K(59904K)] 403597K->345821K(557056K), 0.0014760 secs] [Times: user=0.01 sys=0.00, real=0.00 secs] 
2543.144: [GC (Allocation Failure) [PSYoungGen: 59469K->1549K(59904K)] 403677K->345757K(557056K), 0.0014781 secs] [Times: user=0.01 sys=0.00, real=0.00 secs] 
2543.561: [GC (Allocation Failure) [PSYoungGen: 59405K->1424K(59904K)] 403613K->345632K(557056K), 0.0017883 secs] [Times: user=0.00 sys=0.00, real=0.01 secs] 
2543.943: [GC (Allocation Failure) [PSYoungGen: 59280K->1408K(59904K)] 403488K->345616K(557056K), 0.0018130 secs] [Times: user=0.00 sys=0.00, real=0.00 secs] 
2544.369: [GC (Allocation Failure) [PSYoungGen: 59264K->1376K(59904K)] 403472K->345584K(557056K), 0.0026073 secs] [Times: user=0.01 sys=0.00, real=0.01 secs] 
2544.797: [GC (Allocation Failure) [PSYoungGen: 59232K->1360K(59904K)] 403440K->345592K(557056K), 0.0026509 secs] [Times: user=0.01 sys=0.00, real=0.00 secs] 
2545.285: [GC (Allocation Failure) [PSYoungGen: 59216K->1344K(59904K)] 403448K->345576K(557056K), 0.0027953 secs] [Times: user=0.02 sys=0.00, real=0.00 secs] 
2545.751: [GC (Allocation Failure) [PSYoungGen: 59200K->1517K(59904K)] 403432K->345749K(557056K), 0.0017518 secs] [Times: user=0.01 sys=0.00, real=0.01 secs] 
2546.090: [GC (Allocation Failure) [PSYoungGen: 59373K->1517K(59904K)] 403605K->345757K(557056K), 0.0017484 secs] [Times: user=0.01 sys=0.00, real=0.01 secs] 
2546.428: [GC (Allocation Failure) [PSYoungGen: 59373K->1520K(59904K)] 403613K->345760K(557056K), 0.0016689 secs] [Times: user=0.01 sys=0.00, real=0.00 secs] 
2546.824: [GC (Allocation Failure) [PSYoungGen: 59376K->1501K(59904K)] 403616K->345741K(557056K), 0.0016808 secs] [Times: user=0.00 sys=0.00, real=0.00 secs] 
2547.369: [GC (Allocation Failure) [PSYoungGen: 59357K->1456K(59904K)] 403597K->345696K(557056K), 0.0022891 secs] [Times: user=0.00 sys=0.00, real=0.00 secs] 
2547.787: [GC (Allocation Failure) [PSYoungGen: 59312K->1440K(59904K)] 403552K->345680K(557056K), 0.0019892 secs] [Times: user=0.00 sys=0.00, real=0.00 secs] 
2548.047: [GC (Allocation Failure) [PSYoungGen: 59296K->1440K(59904K)] 403536K->345680K(557056K), 0.0018812 secs] [Times: user=0.01 sys=0.01, real=0.00 secs] 
2548.292: [GC (Allocation Failure) [PSYoungGen: 59296K->1408K(59904K)] 403536K->345648K(557056K), 0.0019543 secs] [Times: user=0.01 sys=0.00, real=0.00 secs] 
2548.622: [GC (Allocation Failure) [PSYoungGen: 59264K->1376K(59904K)] 403504K->345616K(557056K), 0.0019222 secs] [Times: user=0.01 sys=0.00, real=0.00 secs] 
2548.964: [GC (Allocation Failure) [PSYoungGen: 59217K->1520K(59904K)] 403457K->345760K(557056K), 0.0014264 secs] [Times: user=0.01 sys=0.00, real=0.00 secs] 
2549.306: [GC (Allocation Failure) [PSYoungGen: 59376K->1581K(59904K)] 403616K->345829K(557056K), 0.0015679 secs] [Times: user=0.00 sys=0.00, real=0.00 secs] 
2549.648: [GC (Allocation Failure) [PSYoungGen: 59437K->1549K(59904K)] 403685K->345797K(557056K), 0.0015635 secs] [Times: user=0.00 sys=0.00, real=0.00 secs] 
2549.986: [GC (Allocation Failure) [PSYoungGen: 59405K->1517K(59904K)] 403653K->345765K(557056K), 0.0015059 secs] [Times: user=0.00 sys=0.00, real=0.00 secs] 
2550.466: [GC (Allocation Failure) [PSYoungGen: 59373K->1472K(59904K)] 403621K->345720K(557056K), 0.0019479 secs] [Times: user=0.00 sys=0.00, real=0.00 secs] 
2551.059: [GC (Allocation Failure) [PSYoungGen: 59328K->1392K(59904K)] 403576K->345640K(557056K), 0.0019326 secs] [Times: user=0.00 sys=0.00, real=0.00 secs] 
2551.381: [GC (Allocation Failure) [PSYoungGen: 59248K->1408K(59904K)] 403496K->345656K(557056K), 0.0020798 secs] [Times: user=0.01 sys=0.00, real=0.01 secs] 
2551.621: [GC (Allocation Failure) [PSYoungGen: 59264K->1392K(59904K)] 403512K->345640K(557056K), 0.0018376 secs] [Times: user=0.00 sys=0.00, real=0.01 secs] 
2551.862: [GC (Allocation Failure) [PSYoungGen: 59248K->1376K(59904K)] 403496K->345624K(557056K), 0.0018125 secs] [Times: user=0.01 sys=0.00, real=0.01 secs] 
2552.189: [GC (Allocation Failure) [PSYoungGen: 59232K->1549K(59904K)] 403480K->345797K(557056K), 0.0015068 secs] [Times: user=0.01 sys=0.00, real=0.00 secs] 
2552.528: [GC (Allocation Failure) [PSYoungGen: 59400K->1581K(59904K)] 403648K->345837K(557056K), 0.0015092 secs] [Times: user=0.00 sys=0.00, real=0.00 secs] 
2552.869: [GC (Allocation Failure) [PSYoungGen: 59437K->1533K(59904K)] 403693K->345789K(557056K), 0.0015939 secs] [Times: user=0.01 sys=0.00, real=0.00 secs] 
2553.264: [GC (Allocation Failure) [PSYoungGen: 59389K->1581K(59904K)] 403645K->345837K(557056K), 0.0017026 secs] [Times: user=0.00 sys=0.00, real=0.00 secs] 
2553.769: [GC (Allocation Failure) [PSYoungGen: 59437K->1504K(59904K)] 403693K->345776K(557056K), 0.0023451 secs] [Times: user=0.01 sys=0.00, real=0.00 secs] 
2554.384: [GC (Allocation Failure) [PSYoungGen: 59360K->1392K(59904K)] 403632K->345664K(557056K), 0.0024620 secs] [Times: user=0.01 sys=0.00, real=0.00 secs] 
2554.883: [GC (Allocation Failure) [PSYoungGen: 59248K->1344K(59904K)] 403520K->345616K(557056K), 0.0020919 secs] [Times: user=0.01 sys=0.00, real=0.00 secs] 
2555.158: [GC (Allocation Failure) [PSYoungGen: 59200K->1376K(59904K)] 403472K->345648K(557056K), 0.0020072 secs] [Times: user=0.01 sys=0.00, real=0.00 secs] 
2555.399: [GC (Allocation Failure) [PSYoungGen: 59232K->1344K(59904K)] 403504K->345616K(557056K), 0.0019926 secs] [Times: user=0.01 sys=0.00, real=0.00 secs] 
2555.733: [GC (Allocation Failure) [PSYoungGen: 59170K->1517K(59904K)] 403442K->345789K(557056K), 0.0015179 secs] [Times: user=0.01 sys=0.00, real=0.00 secs] 
2556.070: [GC (Allocation Failure) [PSYoungGen: 59373K->1549K(59904K)] 403645K->345829K(557056K), 0.0015350 secs] [Times: user=0.00 sys=0.01, real=0.00 secs] 
2556.407: [GC (Allocation Failure) [PSYoungGen: 59405K->1597K(59904K)] 403685K->345877K(557056K), 0.0016215 secs] [Times: user=0.00 sys=0.00, real=0.00 secs] 
2556.744: [GC (Allocation Failure) [PSYoungGen: 59453K->1565K(59904K)] 403733K->345845K(557056K), 0.0015899 secs] [Times: user=0.01 sys=0.00, real=0.00 secs] 
2557.322: [GC (Allocation Failure) [PSYoungGen: 59421K->1488K(59904K)] 403701K->345768K(557056K), 0.0023525 secs] [Times: user=0.01 sys=0.00, real=0.00 secs] 
2558.113: [GC (Allocation Failure) [PSYoungGen: 59344K->1408K(59904K)] 403624K->345696K(557056K), 0.0027046 secs] [Times: user=0.01 sys=0.00, real=0.00 secs] 
2558.809: [GC (Allocation Failure) [PSYoungGen: 59264K->1376K(59904K)] 403552K->345664K(557056K), 0.0027987 secs] [Times: user=0.01 sys=0.00, real=0.01 secs] 
2559.535: [GC (Allocation Failure) [PSYoungGen: 59232K->1344K(59904K)] 403520K->345632K(557056K), 0.0039897 secs] [Times: user=0.02 sys=0.00, real=0.00 secs] 
2560.068: [GC (Allocation Failure) [PSYoungGen: 59200K->1408K(59904K)] 403488K->345696K(557056K), 0.0028896 secs] [Times: user=0.01 sys=0.00, real=0.00 secs] 
2560.535: [GC (Allocation Failure) [PSYoungGen: 59256K->1456K(59904K)] 403544K->345744K(557056K), 0.0016316 secs] [Times: user=0.01 sys=0.00, real=0.00 secs] 
2560.871: [GC (Allocation Failure) [PSYoungGen: 59312K->1533K(59904K)] 403600K->345829K(557056K), 0.0015944 secs] [Times: user=0.00 sys=0.00, real=0.01 secs] 
2561.209: [GC (Allocation Failure) [PSYoungGen: 59389K->1549K(59904K)] 403685K->345845K(557056K), 0.0016191 secs] [Times: user=0.01 sys=0.00, real=0.00 secs] 
2561.545: [GC (Allocation Failure) [PSYoungGen: 59405K->1501K(59904K)] 403701K->345797K(557056K), 0.0016049 secs] [Times: user=0.01 sys=0.00, real=0.00 secs] 
2561.906: [GC (Allocation Failure) [PSYoungGen: 59357K->1488K(59904K)] 403653K->345784K(557056K), 0.0019549 secs] [Times: user=0.01 sys=0.00, real=0.00 secs] 
2562.147: [GC (Allocation Failure) [PSYoungGen: 59344K->1344K(59904K)] 403640K->345640K(557056K), 0.0017833 secs] [Times: user=0.01 sys=0.00, real=0.00 secs] 
2562.440: [GC (Allocation Failure) [PSYoungGen: 59200K->1344K(59904K)] 403496K->345640K(557056K), 0.0027508 secs] [Times: user=0.01 sys=0.00, real=0.01 secs] 
2562.843: [GC (Allocation Failure) [PSYoungGen: 59200K->1376K(59904K)] 403496K->345672K(557056K), 0.0025545 secs] [Times: user=0.01 sys=0.00, real=0.00 secs] 
2563.333: [GC (Allocation Failure) [PSYoungGen: 59232K->1376K(59904K)] 403528K->345672K(557056K), 0.0023504 secs] [Times: user=0.01 sys=0.00, real=0.00 secs] 
2563.983: [GC (Allocation Failure) [PSYoungGen: 59232K->1501K(59904K)] 403528K->345797K(557056K), 0.0015959 secs] [Times: user=0.00 sys=0.00, real=0.00 secs] 
2564.380: [GC (Allocation Failure) [PSYoungGen: 59357K->1584K(59904K)] 403653K->345896K(557056K), 0.0016921 secs] [Times: user=0.01 sys=0.00, real=0.01 secs] 
2564.717: [GC (Allocation Failure) [PSYoungGen: 59408K->1565K(59904K)] 403720K->345901K(557056K), 0.0015750 secs] [Times: user=0.01 sys=0.00, real=0.00 secs] 
2565.055: [GC (Allocation Failure) [PSYoungGen: 59421K->1517K(59904K)] 403757K->345853K(557056K), 0.0016806 secs] [Times: user=0.01 sys=0.00, real=0.00 secs] 
2565.561: [GC (Allocation Failure) [PSYoungGen: 59373K->1952K(59904K)] 403709K->346288K(557056K), 0.0019414 secs] [Times: user=0.00 sys=0.00, real=0.01 secs] 
2565.811: [GC (Allocation Failure) [PSYoungGen: 59808K->1376K(59904K)] 404144K->345712K(557056K), 0.0023156 secs] [Times: user=0.01 sys=0.00, real=0.01 secs] 
2566.088: [GC (Allocation Failure) [PSYoungGen: 59232K->1376K(59904K)] 403568K->345712K(557056K), 0.0019799 secs] [Times: user=0.00 sys=0.00, real=0.00 secs] 
2566.329: [GC (Allocation Failure) [PSYoungGen: 59232K->1344K(59904K)] 403568K->345680K(557056K), 0.0018061 secs] [Times: user=0.01 sys=0.00, real=0.00 secs] 
2566.569: [GC (Allocation Failure) [PSYoungGen: 59200K->1376K(59904K)] 403536K->345712K(557056K), 0.0018120 secs] [Times: user=0.01 sys=0.00, real=0.00 secs] 
2567.022: [GC (Allocation Failure) [PSYoungGen: 59201K->1485K(59904K)] 403537K->345821K(557056K), 0.0014871 secs] [Times: user=0.00 sys=0.00, real=0.00 secs] 
2567.359: [GC (Allocation Failure) [PSYoungGen: 59341K->1613K(59904K)] 403677K->345957K(557056K), 0.0014926 secs] [Times: user=0.01 sys=0.00, real=0.00 secs] 
2567.697: [GC (Allocation Failure) [PSYoungGen: 59440K->1584K(59904K)] 403784K->345928K(557056K), 0.0027788 secs] [Times: user=0.01 sys=0.00, real=0.00 secs] 
2568.040: [GC (Allocation Failure) [PSYoungGen: 59440K->1501K(59904K)] 403784K->345845K(557056K), 0.0015937 secs] [Times: user=0.01 sys=0.00, real=0.01 secs] 
2568.431: [GC (Allocation Failure) [PSYoungGen: 59357K->1632K(59904K)] 403701K->345984K(557056K), 0.0018807 secs] [Times: user=0.01 sys=0.00, real=0.01 secs] 
2568.923: [GC (Allocation Failure) [PSYoungGen: 59488K->1472K(59904K)] 403840K->345824K(557056K), 0.0019888 secs] [Times: user=0.01 sys=0.00, real=0.00 secs] 
2569.400: [GC (Allocation Failure) [PSYoungGen: 59328K->1440K(59904K)] 403680K->345792K(557056K), 0.0020180 secs] [Times: user=0.01 sys=0.00, real=0.01 secs] 
2569.900: [GC (Allocation Failure) [PSYoungGen: 59296K->1440K(59904K)] 403648K->345792K(557056K), 0.0018582 secs] [Times: user=0.00 sys=0.00, real=0.01 secs] 
2570.140: [GC (Allocation Failure) [PSYoungGen: 59296K->1472K(59904K)] 403648K->345824K(557056K), 0.0018427 secs] [Times: user=0.01 sys=0.00, real=0.01 secs] 
2570.449: [GC (Allocation Failure) [PSYoungGen: 59328K->1533K(59904K)] 403680K->345885K(557056K), 0.0015268 secs] [Times: user=0.01 sys=0.00, real=0.00 secs] 
2570.861: [GC (Allocation Failure) [PSYoungGen: 59382K->1613K(59904K)] 403734K->345973K(557056K), 0.0016320 secs] [Times: user=0.00 sys=0.00, real=0.01 secs] 
2571.197: [GC (Allocation Failure) [PSYoungGen: 59469K->1584K(59904K)] 403829K->345944K(557056K), 0.0016496 secs] [Times: user=0.01 sys=0.00, real=0.00 secs] 
2571.535: [GC (Allocation Failure) [PSYoungGen: 59440K->1616K(59904K)] 403800K->345976K(557056K), 0.0016598 secs] [Times: user=0.01 sys=0.00, real=0.00 secs] 
2571.872: [GC (Allocation Failure) [PSYoungGen: 59472K->1613K(59904K)] 403832K->345973K(557056K), 0.0014900 secs] [Times: user=0.01 sys=0.00, real=0.00 secs] 
2572.356: [GC (Allocation Failure) [PSYoungGen: 59469K->1472K(59904K)] 403829K->345832K(557056K), 0.0026586 secs] [Times: user=0.01 sys=0.00, real=0.00 secs] 
2572.880: [GC (Allocation Failure) [PSYoungGen: 59328K->1408K(59904K)] 403688K->345768K(557056K), 0.0025542 secs] [Times: user=0.01 sys=0.00, real=0.01 secs] 
2573.237: [GC (Allocation Failure) [PSYoungGen: 59264K->1392K(59904K)] 403624K->345752K(557056K), 0.0019371 secs] [Times: user=0.01 sys=0.00, real=0.00 secs] 
2573.477: [GC (Allocation Failure) [PSYoungGen: 59248K->1440K(59904K)] 403608K->345800K(557056K), 0.0018621 secs] [Times: user=0.00 sys=0.00, real=0.00 secs] 
2573.791: [GC (Allocation Failure) [PSYoungGen: 59293K->1520K(59904K)] 403653K->345880K(557056K), 0.0017612 secs] [Times: user=0.01 sys=0.00, real=0.01 secs] 
2574.192: [GC (Allocation Failure) [PSYoungGen: 59376K->1565K(59904K)] 403736K->345957K(557056K), 0.0016747 secs] [Times: user=0.01 sys=0.00, real=0.00 secs] 
2574.592: [GC (Allocation Failure) [PSYoungGen: 59401K->1565K(59904K)] 403793K->345957K(557056K), 0.0016145 secs] [Times: user=0.01 sys=0.01, real=0.01 secs] 
2574.989: [GC (Allocation Failure) [PSYoungGen: 59421K->1565K(59904K)] 403813K->345957K(557056K), 0.0015817 secs] [Times: user=0.01 sys=0.00, real=0.00 secs] 
2575.326: [GC (Allocation Failure) [PSYoungGen: 59421K->1533K(59904K)] 403813K->345925K(557056K), 0.0016689 secs] [Times: user=0.01 sys=0.00, real=0.00 secs] 
2575.666: [GC (Allocation Failure) [PSYoungGen: 59389K->1440K(59904K)] 403781K->345832K(557056K), 0.0024143 secs] [Times: user=0.01 sys=0.00, real=0.00 secs] 
2575.911: [GC (Allocation Failure) [PSYoungGen: 59296K->1376K(59904K)] 403688K->345768K(557056K), 0.0018631 secs] [Times: user=0.01 sys=0.00, real=0.01 secs] 
2576.211: [GC (Allocation Failure) [PSYoungGen: 59232K->1344K(59904K)] 403624K->345736K(557056K), 0.0020121 secs] [Times: user=0.01 sys=0.00, real=0.01 secs] 
2576.459: [GC (Allocation Failure) [PSYoungGen: 59200K->1376K(59904K)] 403592K->345768K(557056K), 0.0018349 secs] [Times: user=0.00 sys=0.00, real=0.00 secs] 
2576.783: [GC (Allocation Failure) [PSYoungGen: 59232K->1456K(59904K)] 403624K->345848K(557056K), 0.0024955 secs] [Times: user=0.01 sys=0.00, real=0.00 secs] 
2577.174: [GC (Allocation Failure) [PSYoungGen: 59312K->1533K(59904K)] 403704K->345925K(557056K), 0.0016443 secs] [Times: user=0.01 sys=0.00, real=0.00 secs] 
2577.512: [GC (Allocation Failure) [PSYoungGen: 59386K->1565K(59904K)] 403778K->345965K(557056K), 0.0017615 secs] [Times: user=0.00 sys=0.00, real=0.00 secs] 
2577.851: [GC (Allocation Failure) [PSYoungGen: 59421K->1565K(59904K)] 403821K->345965K(557056K), 0.0015560 secs] [Times: user=0.01 sys=0.00, real=0.01 secs] 
2578.190: [GC (Allocation Failure) [PSYoungGen: 59413K->1533K(59904K)] 403813K->345933K(557056K), 0.0015306 secs] [Times: user=0.01 sys=0.00, real=0.00 secs] 
2578.900: [GC (Allocation Failure) [PSYoungGen: 59389K->1440K(59904K)] 403789K->345840K(557056K), 0.0057629 secs] [Times: user=0.03 sys=0.00, real=0.01 secs] 
2579.418: [GC (Allocation Failure) [PSYoungGen: 59296K->1376K(59904K)] 403696K->345776K(557056K), 0.0027748 secs] [Times: user=0.01 sys=0.00, real=0.00 secs] 
2579.973: [GC (Allocation Failure) [PSYoungGen: 59232K->1376K(59904K)] 403632K->345776K(557056K), 0.0082997 secs] [Times: user=0.04 sys=0.00, real=0.00 secs] 
2580.270: [GC (Allocation Failure) [PSYoungGen: 59232K->1408K(59904K)] 403632K->345808K(557056K), 0.0020415 secs] [Times: user=0.01 sys=0.00, real=0.01 secs] 
2580.532: [GC (Allocation Failure) [PSYoungGen: 59264K->272K(59904K)] 403664K->344672K(557056K), 0.0017935 secs] [Times: user=0.01 sys=0.00, real=0.00 secs] 
2580.886: [GC (Allocation Failure) [PSYoungGen: 58112K->1552K(59904K)] 402512K->345952K(557056K), 0.0015910 secs] [Times: user=0.00 sys=0.00, real=0.00 secs] 
2581.283: [GC (Allocation Failure) [PSYoungGen: 59408K->1616K(59904K)] 403808K->346024K(557056K), 0.0016973 secs] [Times: user=0.01 sys=0.00, real=0.00 secs] 
2581.621: [GC (Allocation Failure) [PSYoungGen: 59472K->1549K(59904K)] 403880K->345957K(557056K), 0.0016576 secs] [Times: user=0.01 sys=0.00, real=0.01 secs] 
2581.957: [GC (Allocation Failure) [PSYoungGen: 59405K->1533K(59904K)] 403813K->345941K(557056K), 0.0016076 secs] [Times: user=0.01 sys=0.00, real=0.00 secs] 
2582.845: [GC (Allocation Failure) [PSYoungGen: 59389K->1408K(59904K)] 403797K->345816K(557056K), 0.0034906 secs] [Times: user=0.01 sys=0.00, real=0.00 secs] 
2583.580: [GC (Allocation Failure) [PSYoungGen: 59264K->1360K(59904K)] 403672K->345768K(557056K), 0.0030462 secs] [Times: user=0.01 sys=0.00, real=0.01 secs] 
2584.100: [GC (Allocation Failure) [PSYoungGen: 59216K->1312K(59904K)] 403624K->345720K(557056K), 0.0023867 secs] [Times: user=0.01 sys=0.00, real=0.01 secs] 
2584.611: [GC (Allocation Failure) [PSYoungGen: 59168K->1344K(59904K)] 403576K->345752K(557056K), 0.0021869 secs] [Times: user=0.01 sys=0.00, real=0.01 secs] 
2584.935: [GC (Allocation Failure) [PSYoungGen: 59200K->1376K(59904K)] 403608K->345784K(557056K), 0.0018579 secs] [Times: user=0.01 sys=0.00, real=0.00 secs] 
2585.354: [GC (Allocation Failure) [PSYoungGen: 59205K->1453K(59904K)] 403613K->345885K(557056K), 0.0016679 secs] [Times: user=0.01 sys=0.00, real=0.00 secs] 
2585.693: [GC (Allocation Failure) [PSYoungGen: 59304K->1581K(59904K)] 403736K->346021K(557056K), 0.0015665 secs] [Times: user=0.01 sys=0.00, real=0.00 secs] 
2586.030: [GC (Allocation Failure) [PSYoungGen: 59437K->1565K(59904K)] 403877K->346005K(557056K), 0.0015767 secs] [Times: user=0.01 sys=0.00, real=0.01 secs] 
2586.429: [GC (Allocation Failure) [PSYoungGen: 59421K->1549K(59904K)] 403861K->345989K(557056K), 0.0016608 secs] [Times: user=0.01 sys=0.00, real=0.00 secs] 
2586.724: [GC (Allocation Failure) [PSYoungGen: 59405K->1376K(59904K)] 403845K->345816K(557056K), 0.0020228 secs] [Times: user=0.01 sys=0.00, real=0.00 secs] 
2587.215: [GC (Allocation Failure) [PSYoungGen: 59232K->1312K(59904K)] 403672K->345752K(557056K), 0.0020374 secs] [Times: user=0.01 sys=0.00, real=0.00 secs] 
2587.667: [GC (Allocation Failure) [PSYoungGen: 59168K->1328K(59904K)] 403608K->345768K(557056K), 0.0025114 secs] [Times: user=0.01 sys=0.00, real=0.00 secs] 
2588.141: [GC (Allocation Failure) [PSYoungGen: 59184K->1344K(59904K)] 403624K->345784K(557056K), 0.0037816 secs] [Times: user=0.02 sys=0.01, real=0.01 secs] 
2588.597: [GC (Allocation Failure) [PSYoungGen: 59200K->1328K(59904K)] 403640K->345768K(557056K), 0.0029984 secs] [Times: user=0.01 sys=0.00, real=0.00 secs] 
2589.090: [GC (Allocation Failure) [PSYoungGen: 59184K->1504K(59904K)] 403624K->345944K(557056K), 0.0015774 secs] [Times: user=0.00 sys=0.00, real=0.01 secs] 
2589.429: [GC (Allocation Failure) [PSYoungGen: 59360K->1536K(59904K)] 403800K->345984K(557056K), 0.0015442 secs] [Times: user=0.00 sys=0.00, real=0.00 secs] 
2589.767: [GC (Allocation Failure) [PSYoungGen: 59392K->1613K(59904K)] 403840K->346061K(557056K), 0.0014901 secs] [Times: user=0.00 sys=0.00, real=0.00 secs] 
2590.104: [GC (Allocation Failure) [PSYoungGen: 59469K->1565K(59904K)] 403917K->346013K(557056K), 0.0016791 secs] [Times: user=0.01 sys=0.00, real=0.00 secs] 
2590.937: [GC (Allocation Failure) [PSYoungGen: 59421K->1408K(59904K)] 403869K->345856K(557056K), 0.0039725 secs] [Times: user=0.02 sys=0.00, real=0.00 secs] 
2591.929: [GC (Allocation Failure) [PSYoungGen: 59264K->1392K(59904K)] 403712K->345840K(557056K), 0.0030485 secs] [Times: user=0.01 sys=0.00, real=0.01 secs] 
2592.587: [GC (Allocation Failure) [PSYoungGen: 59248K->1344K(59904K)] 403696K->345792K(557056K), 0.0026478 secs] [Times: user=0.01 sys=0.00, real=0.00 secs] 
2593.077: [GC (Allocation Failure) [PSYoungGen: 59200K->1312K(59904K)] 403648K->345760K(557056K), 0.0030856 secs] [Times: user=0.02 sys=0.00, real=0.00 secs] 
2593.565: [GC (Allocation Failure) [PSYoungGen: 59168K->1328K(59904K)] 403616K->345776K(557056K), 0.0025136 secs] [Times: user=0.01 sys=0.01, real=0.00 secs] 
2594.001: [GC (Allocation Failure) [PSYoungGen: 59184K->1520K(59904K)] 403632K->345968K(557056K), 0.0015167 secs] [Times: user=0.01 sys=0.00, real=0.01 secs] 
2594.340: [GC (Allocation Failure) [PSYoungGen: 59363K->1533K(59904K)] 403811K->345989K(557056K), 0.0015627 secs] [Times: user=0.01 sys=0.00, real=0.00 secs] 
2594.677: [GC (Allocation Failure) [PSYoungGen: 59389K->1533K(59904K)] 403845K->345989K(557056K), 0.0016032 secs] [Times: user=0.01 sys=0.00, real=0.00 secs] 
2595.015: [GC (Allocation Failure) [PSYoungGen: 59389K->1565K(59904K)] 403845K->346021K(557056K), 0.0016176 secs] [Times: user=0.01 sys=0.00, real=0.00 secs] 
2595.434: [GC (Allocation Failure) [PSYoungGen: 59421K->1456K(59904K)] 403877K->345928K(557056K), 0.0016871 secs] [Times: user=0.00 sys=0.00, real=0.00 secs] 
2595.938: [GC (Allocation Failure) [PSYoungGen: 59312K->1376K(59904K)] 403784K->345848K(557056K), 0.0017690 secs] [Times: user=0.01 sys=0.00, real=0.00 secs] 
2596.441: [GC (Allocation Failure) [PSYoungGen: 59232K->1408K(59904K)] 403704K->345880K(557056K), 0.0016866 secs] [Times: user=0.00 sys=0.00, real=0.01 secs] 
2596.932: [GC (Allocation Failure) [PSYoungGen: 59264K->1344K(59904K)] 403736K->345816K(557056K), 0.0037188 secs] [Times: user=0.01 sys=0.00, real=0.00 secs] 
2597.436: [GC (Allocation Failure) [PSYoungGen: 59200K->1344K(59904K)] 403672K->345816K(557056K), 0.0026364 secs] [Times: user=0.01 sys=0.00, real=0.00 secs] 
2597.905: [GC (Allocation Failure) [PSYoungGen: 59191K->1485K(59904K)] 403663K->345957K(557056K), 0.0016268 secs] [Times: user=0.00 sys=0.00, real=0.00 secs] 
2598.248: [GC (Allocation Failure) [PSYoungGen: 59341K->1501K(59904K)] 403813K->345989K(557056K), 0.0017052 secs] [Times: user=0.01 sys=0.00, real=0.00 secs] 
2598.587: [GC (Allocation Failure) [PSYoungGen: 59357K->1517K(59904K)] 403845K->346005K(557056K), 0.0016584 secs] [Times: user=0.01 sys=0.00, real=0.00 secs] 
2598.924: [GC (Allocation Failure) [PSYoungGen: 59373K->1501K(59904K)] 403861K->345989K(557056K), 0.0016213 secs] [Times: user=0.01 sys=0.00, real=0.00 secs] 
2599.214: [GC (Allocation Failure) [PSYoungGen: 59357K->1520K(59904K)] 403845K->346008K(557056K), 0.0017300 secs] [Times: user=0.00 sys=0.00, real=0.00 secs] 
2599.955: [GC (Allocation Failure) [PSYoungGen: 59376K->1408K(59904K)] 403864K->345896K(557056K), 0.0033584 secs] [Times: user=0.02 sys=0.00, real=0.00 secs] 
2600.666: [GC (Allocation Failure) [PSYoungGen: 59264K->1408K(59904K)] 403752K->345896K(557056K), 0.0033684 secs] [Times: user=0.02 sys=0.00, real=0.00 secs] 
2601.444: [GC (Allocation Failure) [PSYoungGen: 59264K->1376K(59904K)] 403752K->345864K(557056K), 0.0029680 secs] [Times: user=0.01 sys=0.00, real=0.00 secs] 
2602.184: [GC (Allocation Failure) [PSYoungGen: 59232K->1344K(59904K)] 403720K->345832K(557056K), 0.0036035 secs] [Times: user=0.01 sys=0.00, real=0.00 secs] 
2602.796: [GC (Allocation Failure) [PSYoungGen: 59192K->1552K(59904K)] 403680K->346040K(557056K), 0.0016421 secs] [Times: user=0.00 sys=0.00, real=0.00 secs] 
2603.136: [GC (Allocation Failure) [PSYoungGen: 59408K->1613K(59904K)] 403896K->346109K(557056K), 0.0015889 secs] [Times: user=0.01 sys=0.00, real=0.00 secs] 
2603.474: [GC (Allocation Failure) [PSYoungGen: 59469K->1533K(59904K)] 403965K->346029K(557056K), 0.0015900 secs] [Times: user=0.01 sys=0.00, real=0.00 secs] 
2603.812: [GC (Allocation Failure) [PSYoungGen: 59389K->1581K(59904K)] 403885K->346077K(557056K), 0.0015741 secs] [Times: user=0.00 sys=0.00, real=0.00 secs] 
2604.235: [GC (Allocation Failure) [PSYoungGen: 59437K->1472K(59904K)] 403933K->345968K(557056K), 0.0019083 secs] [Times: user=0.00 sys=0.00, real=0.00 secs] 
2604.756: [GC (Allocation Failure) [PSYoungGen: 59328K->1344K(59904K)] 403824K->345840K(557056K), 0.0019842 secs] [Times: user=0.01 sys=0.00, real=0.00 secs] 
2605.056: [GC (Allocation Failure) [PSYoungGen: 59200K->1376K(59904K)] 403696K->345872K(557056K), 0.0021070 secs] [Times: user=0.01 sys=0.00, real=0.00 secs] 
2605.297: [GC (Allocation Failure) [PSYoungGen: 59232K->1376K(59904K)] 403728K->345888K(557056K), 0.0018212 secs] [Times: user=0.01 sys=0.00, real=0.00 secs] 
2605.537: [GC (Allocation Failure) [PSYoungGen: 59232K->1376K(59904K)] 403744K->345888K(557056K), 0.0017268 secs] [Times: user=0.01 sys=0.00, real=0.00 secs] 
2605.845: [GC (Allocation Failure) [PSYoungGen: 59204K->1485K(59904K)] 403716K->345997K(557056K), 0.0015762 secs] [Times: user=0.00 sys=0.00, real=0.00 secs] 
2606.241: [GC (Allocation Failure) [PSYoungGen: 59341K->1533K(59904K)] 403853K->346053K(557056K), 0.0016995 secs] [Times: user=0.00 sys=0.00, real=0.01 secs] 
2606.579: [GC (Allocation Failure) [PSYoungGen: 59389K->1549K(59904K)] 403909K->346069K(557056K), 0.0016154 secs] [Times: user=0.00 sys=0.00, real=0.00 secs] 
2606.916: [GC (Allocation Failure) [PSYoungGen: 59405K->1501K(59904K)] 403925K->346021K(557056K), 0.0016791 secs] [Times: user=0.01 sys=0.00, real=0.00 secs] 
2607.330: [GC (Allocation Failure) [PSYoungGen: 59357K->1456K(59904K)] 403877K->345976K(557056K), 0.0018455 secs] [Times: user=0.01 sys=0.00, real=0.00 secs] 
2607.636: [GC (Allocation Failure) [PSYoungGen: 59312K->1376K(59904K)] 403832K->345896K(557056K), 0.0020841 secs] [Times: user=0.01 sys=0.00, real=0.00 secs] 
2607.883: [GC (Allocation Failure) [PSYoungGen: 59232K->1376K(59904K)] 403752K->345896K(557056K), 0.0020910 secs] [Times: user=0.01 sys=0.00, real=0.00 secs] 
2608.197: [GC (Allocation Failure) [PSYoungGen: 59232K->1376K(59904K)] 403752K->345896K(557056K), 0.0018208 secs] [Times: user=0.00 sys=0.00, real=0.00 secs] 
2608.642: [GC (Allocation Failure) [PSYoungGen: 59232K->1376K(59904K)] 403752K->345896K(557056K), 0.0018729 secs] [Times: user=0.01 sys=0.00, real=0.00 secs] 
2609.329: [GC (Allocation Failure) [PSYoungGen: 59223K->1456K(59904K)] 403743K->345976K(557056K), 0.0016046 secs] [Times: user=0.01 sys=0.00, real=0.00 secs] 
2609.666: [GC (Allocation Failure) [PSYoungGen: 59312K->1581K(59904K)] 403832K->346109K(557056K), 0.0015422 secs] [Times: user=0.00 sys=0.00, real=0.00 secs] 
2610.003: [GC (Allocation Failure) [PSYoungGen: 59437K->1549K(59904K)] 403965K->346077K(557056K), 0.0015029 secs] [Times: user=0.01 sys=0.00, real=0.00 secs] 
2610.339: [GC (Allocation Failure) [PSYoungGen: 59405K->1565K(59904K)] 403933K->346093K(557056K), 0.0016733 secs] [Times: user=0.00 sys=0.00, real=0.00 secs] 
2610.890: [GC (Allocation Failure) [PSYoungGen: 59421K->1472K(59904K)] 403949K->346000K(557056K), 0.0024149 secs] [Times: user=0.01 sys=0.00, real=0.01 secs] 
2611.873: [GC (Allocation Failure) [PSYoungGen: 59328K->1376K(59904K)] 403856K->345904K(557056K), 0.0027507 secs] [Times: user=0.01 sys=0.00, real=0.00 secs] 
2612.441: [GC (Allocation Failure) [PSYoungGen: 59232K->1376K(59904K)] 403760K->345912K(557056K), 0.0027559 secs] [Times: user=0.01 sys=0.01, real=0.01 secs] 
2612.904: [GC (Allocation Failure) [PSYoungGen: 59232K->1376K(59904K)] 403768K->345912K(557056K), 0.0030474 secs] [Times: user=0.02 sys=0.00, real=0.00 secs] 
2613.237: [GC (Allocation Failure) [PSYoungGen: 59232K->1440K(59904K)] 403768K->345976K(557056K), 0.0020594 secs] [Times: user=0.01 sys=0.00, real=0.00 secs] 
2613.597: [GC (Allocation Failure) [PSYoungGen: 59296K->1456K(59904K)] 403832K->345992K(557056K), 0.0015431 secs] [Times: user=0.00 sys=0.00, real=0.00 secs] 
2613.994: [GC (Allocation Failure) [PSYoungGen: 59312K->1613K(59904K)] 403848K->346157K(557056K), 0.0017312 secs] [Times: user=0.00 sys=0.00, real=0.00 secs] 
2614.332: [GC (Allocation Failure) [PSYoungGen: 59445K->1552K(59904K)] 403989K->346096K(557056K), 0.0016314 secs] [Times: user=0.01 sys=0.00, real=0.00 secs] 
2614.672: [GC (Allocation Failure) [PSYoungGen: 59408K->1549K(59904K)] 403952K->346093K(557056K), 0.0016344 secs] [Times: user=0.01 sys=0.00, real=0.01 secs] 
2615.088: [GC (Allocation Failure) [PSYoungGen: 59405K->2000K(59904K)] 403949K->346560K(557056K), 0.0019063 secs] [Times: user=0.01 sys=0.00, real=0.00 secs] 
2615.738: [GC (Allocation Failure) [PSYoungGen: 59856K->1424K(59904K)] 404416K->345984K(557056K), 0.0029238 secs] [Times: user=0.02 sys=0.00, real=0.00 secs] 
2616.330: [GC (Allocation Failure) [PSYoungGen: 59280K->1360K(59904K)] 403840K->345920K(557056K), 0.0026099 secs] [Times: user=0.01 sys=0.00, real=0.01 secs] 
2616.573: [GC (Allocation Failure) [PSYoungGen: 59216K->1392K(59904K)] 403776K->345952K(557056K), 0.0020030 secs] [Times: user=0.01 sys=0.00, real=0.00 secs] 
2616.814: [GC (Allocation Failure) [PSYoungGen: 59248K->1392K(59904K)] 403808K->345952K(557056K), 0.0018730 secs] [Times: user=0.01 sys=0.00, real=0.00 secs] 
2617.110: [GC (Allocation Failure) [PSYoungGen: 59217K->1517K(59904K)] 403777K->346077K(557056K), 0.0014977 secs] [Times: user=0.00 sys=0.00, real=0.01 secs] 
2617.511: [GC (Allocation Failure) [PSYoungGen: 59373K->1568K(59904K)] 403933K->346144K(557056K), 0.0016755 secs] [Times: user=0.00 sys=0.00, real=0.01 secs] 
2617.849: [GC (Allocation Failure) [PSYoungGen: 59394K->1517K(59904K)] 403970K->346093K(557056K), 0.0016923 secs] [Times: user=0.01 sys=0.00, real=0.00 secs] 
2618.247: [GC (Allocation Failure) [PSYoungGen: 59373K->1565K(59904K)] 403949K->346141K(557056K), 0.0017481 secs] [Times: user=0.01 sys=0.00, real=0.00 secs] 
2618.709: [GC (Allocation Failure) [PSYoungGen: 59421K->1648K(59904K)] 403997K->346224K(557056K), 0.0017774 secs] [Times: user=0.01 sys=0.00, real=0.00 secs] 
2618.975: [GC (Allocation Failure) [PSYoungGen: 59504K->1392K(59904K)] 404080K->345968K(557056K), 0.0022208 secs] [Times: user=0.00 sys=0.01, real=0.00 secs] 
2619.218: [GC (Allocation Failure) [PSYoungGen: 59248K->1424K(59904K)] 403824K->346000K(557056K), 0.0019251 secs] [Times: user=0.01 sys=0.00, real=0.00 secs] 
2619.472: [GC (Allocation Failure) [PSYoungGen: 59280K->1424K(59904K)] 403856K->346000K(557056K), 0.0017783 secs] [Times: user=0.01 sys=0.00, real=0.00 secs] 
2619.715: [GC (Allocation Failure) [PSYoungGen: 59280K->1392K(59904K)] 403856K->345968K(557056K), 0.0018174 secs] [Times: user=0.01 sys=0.00, real=0.00 secs] 
2620.041: [GC (Allocation Failure) [PSYoungGen: 59248K->1517K(59904K)] 403824K->346093K(557056K), 0.0016007 secs] [Times: user=0.00 sys=0.00, real=0.01 secs] 
2620.380: [GC (Allocation Failure) [PSYoungGen: 59354K->1533K(59904K)] 403930K->346141K(557056K), 0.0015069 secs] [Times: user=0.01 sys=0.00, real=0.00 secs] 
2620.717: [GC (Allocation Failure) [PSYoungGen: 59389K->1581K(59904K)] 403997K->346189K(557056K), 0.0015172 secs] [Times: user=0.00 sys=0.00, real=0.00 secs] 
2621.060: [GC (Allocation Failure) [PSYoungGen: 59437K->1581K(59904K)] 404045K->346189K(557056K), 0.0015264 secs] [Times: user=0.01 sys=0.00, real=0.00 secs] 
2621.459: [GC (Allocation Failure) [PSYoungGen: 59437K->1533K(59904K)] 404045K->346141K(557056K), 0.0017092 secs] [Times: user=0.01 sys=0.00, real=0.00 secs] 
2622.011: [GC (Allocation Failure) [PSYoungGen: 59389K->1376K(59904K)] 403997K->345984K(557056K), 0.0023624 secs] [Times: user=0.01 sys=0.00, real=0.01 secs] 
2622.610: [GC (Allocation Failure) [PSYoungGen: 59232K->1408K(59904K)] 403840K->346016K(557056K), 0.0030703 secs] [Times: user=0.01 sys=0.00, real=0.01 secs] 
2623.056: [GC (Allocation Failure) [PSYoungGen: 59264K->1408K(59904K)] 403872K->346016K(557056K), 0.0026672 secs] [Times: user=0.01 sys=0.00, real=0.00 secs] 
2623.443: [GC (Allocation Failure) [PSYoungGen: 59264K->1408K(59904K)] 403872K->346016K(557056K), 0.0020801 secs] [Times: user=0.01 sys=0.00, real=0.00 secs] 
2623.867: [GC (Allocation Failure) [PSYoungGen: 59263K->1456K(59904K)] 403871K->346080K(557056K), 0.0019649 secs] [Times: user=0.01 sys=0.00, real=0.00 secs] 
2624.218: [GC (Allocation Failure) [PSYoungGen: 59312K->1549K(59904K)] 403936K->346189K(557056K), 0.0017157 secs] [Times: user=0.01 sys=0.00, real=0.00 secs] 
2624.556: [GC (Allocation Failure) [PSYoungGen: 59385K->1536K(59904K)] 404025K->346176K(557056K), 0.0016185 secs] [Times: user=0.01 sys=0.00, real=0.00 secs] 
2624.894: [GC (Allocation Failure) [PSYoungGen: 59392K->1549K(59904K)] 404032K->346189K(557056K), 0.0017218 secs] [Times: user=0.00 sys=0.00, real=0.00 secs] 
2625.231: [GC (Allocation Failure) [PSYoungGen: 59405K->1533K(59904K)] 404045K->346173K(557056K), 0.0015056 secs] [Times: user=0.00 sys=0.00, real=0.01 secs] 
2625.842: [GC (Allocation Failure) [PSYoungGen: 59389K->1408K(59904K)] 404029K->346048K(557056K), 0.0019059 secs] [Times: user=0.01 sys=0.00, real=0.00 secs] 
2626.379: [GC (Allocation Failure) [PSYoungGen: 59264K->1376K(59904K)] 403904K->346016K(557056K), 0.0033754 secs] [Times: user=0.01 sys=0.00, real=0.01 secs] 
2626.784: [GC (Allocation Failure) [PSYoungGen: 59232K->1408K(59904K)] 403872K->346048K(557056K), 0.0021069 secs] [Times: user=0.01 sys=0.00, real=0.00 secs] 
2627.018: [GC (Allocation Failure) [PSYoungGen: 59264K->1376K(59904K)] 403904K->346016K(557056K), 0.0018232 secs] [Times: user=0.01 sys=0.00, real=0.00 secs] 
2627.319: [GC (Allocation Failure) [PSYoungGen: 59202K->1469K(59904K)] 403842K->346109K(557056K), 0.0018286 secs] [Times: user=0.01 sys=0.00, real=0.00 secs] 
2627.748: [GC (Allocation Failure) [PSYoungGen: 59325K->1533K(59904K)] 403965K->346173K(557056K), 0.0016919 secs] [Times: user=0.00 sys=0.00, real=0.00 secs] 
2628.085: [GC (Allocation Failure) [PSYoungGen: 59376K->1565K(59904K)] 404016K->346221K(557056K), 0.0016126 secs] [Times: user=0.00 sys=0.00, real=0.00 secs] 
2628.429: [GC (Allocation Failure) [PSYoungGen: 59421K->1504K(59904K)] 404077K->346160K(557056K), 0.0015755 secs] [Times: user=0.01 sys=0.00, real=0.00 secs] 
2628.766: [GC (Allocation Failure) [PSYoungGen: 59360K->1565K(59904K)] 404016K->346221K(557056K), 0.0016459 secs] [Times: user=0.01 sys=0.00, real=0.00 secs] 
2629.062: [GC (Allocation Failure) [PSYoungGen: 59421K->1424K(59904K)] 404077K->346080K(557056K), 0.0026235 secs] [Times: user=0.01 sys=0.00, real=0.00 secs] 
2629.383: [GC (Allocation Failure) [PSYoungGen: 59280K->1440K(59904K)] 403936K->346096K(557056K), 0.0021161 secs] [Times: user=0.00 sys=0.00, real=0.00 secs] 
2629.844: [GC (Allocation Failure) [PSYoungGen: 59296K->1376K(59904K)] 403952K->346032K(557056K), 0.0019364 secs] [Times: user=0.00 sys=0.00, real=0.00 secs] 
2630.366: [GC (Allocation Failure) [PSYoungGen: 59232K->1376K(59904K)] 403888K->346032K(557056K), 0.0035739 secs] [Times: user=0.01 sys=0.00, real=0.00 secs] 
2630.838: [GC (Allocation Failure) [PSYoungGen: 59232K->1408K(59904K)] 403888K->346064K(557056K), 0.0031034 secs] [Times: user=0.01 sys=0.00, real=0.00 secs] 
2631.292: [GC (Allocation Failure) [PSYoungGen: 59264K->1552K(59904K)] 403920K->346208K(557056K), 0.0014544 secs] [Times: user=0.01 sys=0.00, real=0.00 secs] 
2631.696: [GC (Allocation Failure) [PSYoungGen: 59408K->1552K(59904K)] 404064K->346224K(557056K), 0.0016833 secs] [Times: user=0.01 sys=0.00, real=0.00 secs] 
2632.033: [GC (Allocation Failure) [PSYoungGen: 59408K->1517K(59904K)] 404080K->346189K(557056K), 0.0016280 secs] [Times: user=0.01 sys=0.00, real=0.00 secs] 
2632.368: [GC (Allocation Failure) [PSYoungGen: 59373K->1533K(59904K)] 404045K->346205K(557056K), 0.0015275 secs] [Times: user=0.01 sys=0.00, real=0.00 secs] 
2632.829: [GC (Allocation Failure) [PSYoungGen: 59389K->1424K(59904K)] 404061K->346096K(557056K), 0.0033565 secs] [Times: user=0.01 sys=0.00, real=0.01 secs] 
2633.318: [GC (Allocation Failure) [PSYoungGen: 59280K->1376K(59904K)] 403952K->346048K(557056K), 0.0030567 secs] [Times: user=0.01 sys=0.00, real=0.00 secs] 
2633.791: [GC (Allocation Failure) [PSYoungGen: 59232K->1376K(59904K)] 403904K->346048K(557056K), 0.0024268 secs] [Times: user=0.01 sys=0.00, real=0.01 secs] 
2634.187: [GC (Allocation Failure) [PSYoungGen: 59232K->1440K(59904K)] 403904K->346112K(557056K), 0.0019421 secs] [Times: user=0.01 sys=0.00, real=0.00 secs] 
2634.451: [GC (Allocation Failure) [PSYoungGen: 59296K->1408K(59904K)] 403968K->346096K(557056K), 0.0019733 secs] [Times: user=0.01 sys=0.00, real=0.01 secs] 
2634.822: [GC (Allocation Failure) [PSYoungGen: 59249K->1469K(59904K)] 403937K->346157K(557056K), 0.0015063 secs] [Times: user=0.01 sys=0.00, real=0.00 secs] 
2635.159: [GC (Allocation Failure) [PSYoungGen: 59325K->1549K(59904K)] 404013K->346245K(557056K), 0.0014620 secs] [Times: user=0.01 sys=0.00, real=0.00 secs] 
2635.557: [GC (Allocation Failure) [PSYoungGen: 59405K->1565K(59904K)] 404101K->346261K(557056K), 0.0016860 secs] [Times: user=0.00 sys=0.00, real=0.00 secs] 
2635.893: [GC (Allocation Failure) [PSYoungGen: 59421K->1549K(59904K)] 404117K->346245K(557056K), 0.0016238 secs] [Times: user=0.00 sys=0.00, real=0.00 secs] 
2636.417: [GC (Allocation Failure) [PSYoungGen: 59405K->1424K(59904K)] 404101K->346120K(557056K), 0.0031373 secs] [Times: user=0.01 sys=0.00, real=0.00 secs] 
2636.886: [GC (Allocation Failure) [PSYoungGen: 59280K->1376K(59904K)] 403976K->346072K(557056K), 0.0026779 secs] [Times: user=0.02 sys=0.00, real=0.00 secs] 
2637.392: [GC (Allocation Failure) [PSYoungGen: 59232K->1408K(59904K)] 403928K->346104K(557056K), 0.0033004 secs] [Times: user=0.02 sys=0.00, real=0.00 secs] 
2637.955: [GC (Allocation Failure) [PSYoungGen: 59264K->1376K(59904K)] 403960K->346072K(557056K), 0.0027274 secs] [Times: user=0.01 sys=0.00, real=0.00 secs] 
2638.428: [GC (Allocation Failure) [PSYoungGen: 59232K->1408K(59904K)] 403928K->346104K(557056K), 0.0023946 secs] [Times: user=0.01 sys=0.00, real=0.00 secs] 
2638.832: [GC (Allocation Failure) [PSYoungGen: 59264K->1504K(59904K)] 403960K->346200K(557056K), 0.0014872 secs] [Times: user=0.01 sys=0.00, real=0.01 secs] 
2639.169: [GC (Allocation Failure) [PSYoungGen: 59360K->1501K(59904K)] 404056K->346205K(557056K), 0.0016126 secs] [Times: user=0.01 sys=0.00, real=0.00 secs] 
2639.507: [GC (Allocation Failure) [PSYoungGen: 59333K->1533K(59904K)] 404037K->346237K(557056K), 0.0017449 secs] [Times: user=0.01 sys=0.00, real=0.00 secs] 
2639.845: [GC (Allocation Failure) [PSYoungGen: 59389K->1565K(59904K)] 404093K->346269K(557056K), 0.0016235 secs] [Times: user=0.00 sys=0.00, real=0.00 secs] 
2640.468: [GC (Allocation Failure) [PSYoungGen: 59421K->1472K(59904K)] 404125K->346176K(557056K), 0.0021539 secs] [Times: user=0.01 sys=0.00, real=0.00 secs] 
2640.967: [GC (Allocation Failure) [PSYoungGen: 59328K->1408K(59904K)] 404032K->346112K(557056K), 0.0020894 secs] [Times: user=0.01 sys=0.00, real=0.00 secs] 
2641.337: [GC (Allocation Failure) [PSYoungGen: 59264K->1408K(59904K)] 403968K->346112K(557056K), 0.0019473 secs] [Times: user=0.01 sys=0.00, real=0.00 secs] 
2641.578: [GC (Allocation Failure) [PSYoungGen: 59264K->1344K(59904K)] 403968K->346048K(557056K), 0.0016967 secs] [Times: user=0.01 sys=0.00, real=0.00 secs] 
2642.108: [GC (Allocation Failure) [PSYoungGen: 59200K->1408K(59904K)] 403904K->346112K(557056K), 0.0022289 secs] [Times: user=0.01 sys=0.00, real=0.00 secs] 
2642.525: [GC (Allocation Failure) [PSYoungGen: 59264K->1501K(59904K)] 403968K->346205K(557056K), 0.0015357 secs] [Times: user=0.00 sys=0.00, real=0.00 secs] 
2642.864: [GC (Allocation Failure) [PSYoungGen: 59357K->1549K(59904K)] 404061K->346261K(557056K), 0.0015221 secs] [Times: user=0.00 sys=0.00, real=0.00 secs] 
2643.204: [GC (Allocation Failure) [PSYoungGen: 59405K->1565K(59904K)] 404117K->346277K(557056K), 0.0015695 secs] [Times: user=0.01 sys=0.00, real=0.00 secs] 
2643.544: [GC (Allocation Failure) [PSYoungGen: 59421K->1565K(59904K)] 404133K->346277K(557056K), 0.0016293 secs] [Times: user=0.01 sys=0.00, real=0.00 secs] 
2644.206: [GC (Allocation Failure) [PSYoungGen: 59421K->1488K(59904K)] 404133K->346200K(557056K), 0.0021572 secs] [Times: user=0.01 sys=0.00, real=0.00 secs] 
2644.711: [GC (Allocation Failure) [PSYoungGen: 59344K->1344K(59904K)] 404056K->346064K(557056K), 0.0021720 secs] [Times: user=0.01 sys=0.00, real=0.01 secs] 
2645.175: [GC (Allocation Failure) [PSYoungGen: 59200K->1376K(59904K)] 403920K->346096K(557056K), 0.0033500 secs] [Times: user=0.01 sys=0.00, real=0.00 secs] 
2645.426: [GC (Allocation Failure) [PSYoungGen: 59232K->1376K(59904K)] 403952K->346096K(557056K), 0.0025547 secs] [Times: user=0.01 sys=0.01, real=0.00 secs] 
2645.759: [GC (Allocation Failure) [PSYoungGen: 59232K->1392K(59904K)] 403952K->346112K(557056K), 0.0020388 secs] [Times: user=0.00 sys=0.00, real=0.00 secs] 
2646.156: [GC (Allocation Failure) [PSYoungGen: 59223K->1501K(59904K)] 403943K->346221K(557056K), 0.0016425 secs] [Times: user=0.01 sys=0.00, real=0.00 secs] 
2646.493: [GC (Allocation Failure) [PSYoungGen: 59357K->1565K(59904K)] 404077K->346293K(557056K), 0.0016134 secs] [Times: user=0.01 sys=0.00, real=0.00 secs] 
2646.831: [GC (Allocation Failure) [PSYoungGen: 59421K->1549K(59904K)] 404149K->346277K(557056K), 0.0015284 secs] [Times: user=0.00 sys=0.00, real=0.01 secs] 
2647.167: [GC (Allocation Failure) [PSYoungGen: 59405K->1568K(59904K)] 404133K->346296K(557056K), 0.0016009 secs] [Times: user=0.01 sys=0.00, real=0.00 secs] 
2647.586: [GC (Allocation Failure) [PSYoungGen: 59424K->1456K(59904K)] 404152K->346184K(557056K), 0.0017327 secs] [Times: user=0.01 sys=0.00, real=0.00 secs] 
2648.147: [GC (Allocation Failure) [PSYoungGen: 59312K->1408K(59904K)] 404040K->346136K(557056K), 0.0020201 secs] [Times: user=0.01 sys=0.00, real=0.00 secs] 
2648.625: [GC (Allocation Failure) [PSYoungGen: 59264K->1408K(59904K)] 403992K->346136K(557056K), 0.0025666 secs] [Times: user=0.01 sys=0.00, real=0.00 secs] 
2649.159: [GC (Allocation Failure) [PSYoungGen: 59264K->1376K(59904K)] 403992K->346104K(557056K), 0.0025328 secs] [Times: user=0.01 sys=0.00, real=0.00 secs] 
2649.670: [GC (Allocation Failure) [PSYoungGen: 59232K->1344K(59904K)] 403960K->346072K(557056K), 0.0026218 secs] [Times: user=0.01 sys=0.00, real=0.01 secs] 
2650.220: [GC (Allocation Failure) [PSYoungGen: 59198K->1485K(59904K)] 403926K->346213K(557056K), 0.0017097 secs] [Times: user=0.00 sys=0.00, real=0.01 secs] 
2650.557: [GC (Allocation Failure) [PSYoungGen: 59341K->1501K(59904K)] 404069K->346237K(557056K), 0.0016394 secs] [Times: user=0.01 sys=0.00, real=0.00 secs] 
2650.894: [GC (Allocation Failure) [PSYoungGen: 59357K->1549K(59904K)] 404093K->346285K(557056K), 0.0015093 secs] [Times: user=0.01 sys=0.00, real=0.00 secs] 
2651.231: [GC (Allocation Failure) [PSYoungGen: 59405K->1533K(59904K)] 404141K->346269K(557056K), 0.0016601 secs] [Times: user=0.00 sys=0.00, real=0.01 secs] 
2651.588: [GC (Allocation Failure) [PSYoungGen: 59389K->1472K(59904K)] 404125K->346208K(557056K), 0.0019819 secs] [Times: user=0.01 sys=0.00, real=0.00 secs] 
2651.874: [GC (Allocation Failure) [PSYoungGen: 59328K->1408K(59904K)] 404064K->346144K(557056K), 0.0016895 secs] [Times: user=0.01 sys=0.00, real=0.00 secs] 
2652.191: [GC (Allocation Failure) [PSYoungGen: 59264K->1376K(59904K)] 404000K->346112K(557056K), 0.0018328 secs] [Times: user=0.00 sys=0.00, real=0.01 secs] 
2652.431: [GC (Allocation Failure) [PSYoungGen: 59232K->1344K(59904K)] 403968K->346080K(557056K), 0.0018629 secs] [Times: user=0.01 sys=0.00, real=0.01 secs] 
2652.699: [GC (Allocation Failure) [PSYoungGen: 59200K->1344K(59904K)] 403936K->346080K(557056K), 0.0018835 secs] [Times: user=0.00 sys=0.00, real=0.00 secs] 
2653.069: [GC (Allocation Failure) [PSYoungGen: 59200K->1549K(59904K)] 403936K->346285K(557056K), 0.0015825 secs] [Times: user=0.01 sys=0.00, real=0.00 secs] 
2653.410: [GC (Allocation Failure) [PSYoungGen: 59380K->1613K(59904K)] 404116K->346365K(557056K), 0.0015920 secs] [Times: user=0.00 sys=0.00, real=0.00 secs] 
2653.747: [GC (Allocation Failure) [PSYoungGen: 59469K->1565K(59904K)] 404221K->346333K(557056K), 0.0016503 secs] [Times: user=0.01 sys=0.00, real=0.00 secs] 
2654.145: [GC (Allocation Failure) [PSYoungGen: 59421K->1549K(59904K)] 404189K->346317K(557056K), 0.0015940 secs] [Times: user=0.01 sys=0.00, real=0.00 secs] 
2654.606: [GC (Allocation Failure) [PSYoungGen: 59405K->1456K(59904K)] 404173K->346232K(557056K), 0.0020286 secs] [Times: user=0.01 sys=0.00, real=0.00 secs] 
2655.129: [GC (Allocation Failure) [PSYoungGen: 59312K->1376K(59904K)] 404088K->346152K(557056K), 0.0023759 secs] [Times: user=0.01 sys=0.00, real=0.01 secs] 
2655.632: [GC (Allocation Failure) [PSYoungGen: 59232K->1344K(59904K)] 404008K->346128K(557056K), 0.0024352 secs] [Times: user=0.01 sys=0.00, real=0.00 secs] 
2656.127: [GC (Allocation Failure) [PSYoungGen: 59200K->1344K(59904K)] 403984K->346128K(557056K), 0.0023697 secs] [Times: user=0.01 sys=0.00, real=0.00 secs] 
2656.439: [GC (Allocation Failure) [PSYoungGen: 59200K->1376K(59904K)] 403984K->346160K(557056K), 0.0018956 secs] [Times: user=0.01 sys=0.00, real=0.00 secs] 
2656.778: [GC (Allocation Failure) [PSYoungGen: 59228K->1517K(59904K)] 404012K->346301K(557056K), 0.0015630 secs] [Times: user=0.01 sys=0.00, real=0.00 secs] 
2657.115: [GC (Allocation Failure) [PSYoungGen: 59373K->1565K(59904K)] 404157K->346357K(557056K), 0.0015908 secs] [Times: user=0.01 sys=0.00, real=0.00 secs] 
2657.454: [GC (Allocation Failure) [PSYoungGen: 59421K->1552K(59904K)] 404213K->346344K(557056K), 0.0016366 secs] [Times: user=0.01 sys=0.00, real=0.00 secs] 
2657.789: [GC (Allocation Failure) [PSYoungGen: 59408K->1533K(59904K)] 404200K->346325K(557056K), 0.0015701 secs] [Times: user=0.01 sys=0.00, real=0.00 secs] 
2658.142: [GC (Allocation Failure) [PSYoungGen: 59389K->1472K(59904K)] 404181K->346264K(557056K), 0.0017129 secs] [Times: user=0.00 sys=0.00, real=0.00 secs] 
2658.421: [GC (Allocation Failure) [PSYoungGen: 59328K->1376K(59904K)] 404120K->346168K(557056K), 0.0016948 secs] [Times: user=0.01 sys=0.00, real=0.01 secs] 
2658.685: [GC (Allocation Failure) [PSYoungGen: 59232K->1344K(59904K)] 404024K->346136K(557056K), 0.0016303 secs] [Times: user=0.01 sys=0.00, real=0.00 secs] 
2658.940: [GC (Allocation Failure) [PSYoungGen: 59200K->1408K(59904K)] 403992K->346200K(557056K), 0.0017988 secs] [Times: user=0.01 sys=0.00, real=0.01 secs] 
2659.184: [GC (Allocation Failure) [PSYoungGen: 59264K->1408K(59904K)] 404056K->346200K(557056K), 0.0016487 secs] [Times: user=0.01 sys=0.00, real=0.00 secs] 
2659.481: [GC (Allocation Failure) [PSYoungGen: 59258K->1485K(59904K)] 404050K->346277K(557056K), 0.0015163 secs] [Times: user=0.01 sys=0.00, real=0.01 secs] 
2659.818: [GC (Allocation Failure) [PSYoungGen: 59341K->1581K(59904K)] 404133K->346381K(557056K), 0.0015088 secs] [Times: user=0.01 sys=0.00, real=0.00 secs] 
2660.155: [GC (Allocation Failure) [PSYoungGen: 59437K->1581K(59904K)] 404237K->346381K(557056K), 0.0016301 secs] [Times: user=0.01 sys=0.00, real=0.00 secs] 
2660.493: [GC (Allocation Failure) [PSYoungGen: 59437K->1568K(59904K)] 404237K->346368K(557056K), 0.0016515 secs] [Times: user=0.01 sys=0.00, real=0.00 secs] 
2660.837: [GC (Allocation Failure) [PSYoungGen: 59424K->1952K(59904K)] 404224K->346752K(557056K), 0.0018594 secs] [Times: user=0.01 sys=0.00, real=0.00 secs] 
2661.343: [GC (Allocation Failure) [PSYoungGen: 59808K->1376K(59904K)] 404608K->346176K(557056K), 0.0030205 secs] [Times: user=0.01 sys=0.00, real=0.00 secs] 
2661.824: [GC (Allocation Failure) [PSYoungGen: 59232K->1376K(59904K)] 404032K->346176K(557056K), 0.0031561 secs] [Times: user=0.02 sys=0.00, real=0.00 secs] 
2662.171: [GC (Allocation Failure) [PSYoungGen: 59232K->1344K(59904K)] 404032K->346144K(557056K), 0.0065133 secs] [Times: user=0.03 sys=0.01, real=0.01 secs] 
2662.567: [GC (Allocation Failure) [PSYoungGen: 59200K->1408K(59904K)] 404000K->346208K(557056K), 0.0025591 secs] [Times: user=0.01 sys=0.00, real=0.00 secs] 
2663.108: [GC (Allocation Failure) [PSYoungGen: 59249K->1456K(59904K)] 404049K->346256K(557056K), 0.0017504 secs] [Times: user=0.01 sys=0.00, real=0.00 secs] 
2663.539: [GC (Allocation Failure) [PSYoungGen: 59312K->1533K(59904K)] 404112K->346357K(557056K), 0.0018699 secs] [Times: user=0.01 sys=0.00, real=0.00 secs] 
2663.878: [GC (Allocation Failure) [PSYoungGen: 59365K->1533K(59904K)] 404189K->346357K(557056K), 0.0017352 secs] [Times: user=0.01 sys=0.00, real=0.00 secs] 
2664.218: [GC (Allocation Failure) [PSYoungGen: 59389K->1565K(59904K)] 404213K->346389K(557056K), 0.0016730 secs] [Times: user=0.01 sys=0.00, real=0.00 secs] 
2664.616: [GC (Allocation Failure) [PSYoungGen: 59421K->1536K(59904K)] 404245K->346360K(557056K), 0.0018245 secs] [Times: user=0.00 sys=0.00, real=0.00 secs] 
2665.307: [GC (Allocation Failure) [PSYoungGen: 59392K->1344K(59904K)] 404216K->346168K(557056K), 0.0034796 secs] [Times: user=0.01 sys=0.00, real=0.00 secs] 
2665.781: [GC (Allocation Failure) [PSYoungGen: 59200K->1376K(59904K)] 404024K->346200K(557056K), 0.0030512 secs] [Times: user=0.01 sys=0.00, real=0.01 secs] 
2666.330: [GC (Allocation Failure) [PSYoungGen: 59232K->1408K(59904K)] 404056K->346232K(557056K), 0.0025452 secs] [Times: user=0.01 sys=0.00, real=0.01 secs] 
2666.833: [GC (Allocation Failure) [PSYoungGen: 59264K->1376K(59904K)] 404088K->346200K(557056K), 0.0025503 secs] [Times: user=0.01 sys=0.00, real=0.00 secs] 
2667.354: [GC (Allocation Failure) [PSYoungGen: 59232K->1373K(59904K)] 404056K->346197K(557056K), 0.0020239 secs] [Times: user=0.01 sys=0.00, real=0.00 secs] 
2667.711: [GC (Allocation Failure) [PSYoungGen: 59229K->1536K(59904K)] 404053K->346376K(557056K), 0.0015759 secs] [Times: user=0.01 sys=0.00, real=0.01 secs] 
2668.050: [GC (Allocation Failure) [PSYoungGen: 59367K->1568K(59904K)] 404207K->346408K(557056K), 0.0017641 secs] [Times: user=0.01 sys=0.00, real=0.01 secs] 
2668.389: [GC (Allocation Failure) [PSYoungGen: 59424K->1581K(59904K)] 404264K->346421K(557056K), 0.0017680 secs] [Times: user=0.01 sys=0.00, real=0.00 secs] 
2668.728: [GC (Allocation Failure) [PSYoungGen: 59437K->1613K(59904K)] 404277K->346453K(557056K), 0.0015293 secs] [Times: user=0.01 sys=0.01, real=0.00 secs] 
2669.330: [GC (Allocation Failure) [PSYoungGen: 59469K->1408K(59904K)] 404309K->346248K(557056K), 0.0021540 secs] [Times: user=0.01 sys=0.00, real=0.01 secs] 
2669.808: [GC (Allocation Failure) [PSYoungGen: 59264K->1376K(59904K)] 404104K->346216K(557056K), 0.0023059 secs] [Times: user=0.01 sys=0.00, real=0.00 secs] 
2670.283: [GC (Allocation Failure) [PSYoungGen: 59232K->1376K(59904K)] 404072K->346216K(557056K), 0.0021806 secs] [Times: user=0.00 sys=0.00, real=0.00 secs] 
2670.763: [GC (Allocation Failure) [PSYoungGen: 59232K->1376K(59904K)] 404072K->346216K(557056K), 0.0032984 secs] [Times: user=0.01 sys=0.00, real=0.00 secs] 
2671.287: [GC (Allocation Failure) [PSYoungGen: 59232K->1456K(59904K)] 404072K->346296K(557056K), 0.0023619 secs] [Times: user=0.01 sys=0.00, real=0.00 secs] 
2671.674: [GC (Allocation Failure) [PSYoungGen: 59312K->1520K(59904K)] 404152K->346368K(557056K), 0.0015591 secs] [Times: user=0.01 sys=0.00, real=0.00 secs] 
2672.012: [GC (Allocation Failure) [PSYoungGen: 59369K->1568K(59904K)] 404217K->346416K(557056K), 0.0015794 secs] [Times: user=0.01 sys=0.00, real=0.00 secs] 
2672.357: [GC (Allocation Failure) [PSYoungGen: 59424K->1613K(59904K)] 404272K->346461K(557056K), 0.0015648 secs] [Times: user=0.01 sys=0.00, real=0.00 secs] 
2672.699: [GC (Allocation Failure) [PSYoungGen: 59469K->1581K(59904K)] 404317K->346429K(557056K), 0.0015110 secs] [Times: user=0.01 sys=0.00, real=0.00 secs] 
2673.050: [GC (Allocation Failure) [PSYoungGen: 59437K->1408K(59904K)] 404285K->346256K(557056K), 0.0019217 secs] [Times: user=0.01 sys=0.00, real=0.01 secs] 
2673.296: [GC (Allocation Failure) [PSYoungGen: 59264K->1424K(59904K)] 404112K->346272K(557056K), 0.0019195 secs] [Times: user=0.01 sys=0.00, real=0.00 secs] 
2673.537: [GC (Allocation Failure) [PSYoungGen: 59280K->1408K(59904K)] 404128K->346256K(557056K), 0.0019021 secs] [Times: user=0.01 sys=0.00, real=0.00 secs] 
2673.816: [GC (Allocation Failure) [PSYoungGen: 59264K->1376K(59904K)] 404112K->346224K(557056K), 0.0018705 secs] [Times: user=0.01 sys=0.00, real=0.00 secs] 
2674.118: [GC (Allocation Failure) [PSYoungGen: 59232K->1453K(59904K)] 404080K->346317K(557056K), 0.0017674 secs] [Times: user=0.01 sys=0.00, real=0.00 secs] 
2674.477: [GC (Allocation Failure) [PSYoungGen: 59282K->1565K(59904K)] 404146K->346429K(557056K), 0.0016193 secs] [Times: user=0.00 sys=0.00, real=0.00 secs] 
2674.814: [GC (Allocation Failure) [PSYoungGen: 59421K->1613K(59904K)] 404285K->346485K(557056K), 0.0014910 secs] [Times: user=0.01 sys=0.00, real=0.00 secs] 
2675.151: [GC (Allocation Failure) [PSYoungGen: 59469K->1536K(59904K)] 404341K->346408K(557056K), 0.0016299 secs] [Times: user=0.00 sys=0.00, real=0.01 secs] 
2675.486: [GC (Allocation Failure) [PSYoungGen: 59392K->1536K(59904K)] 404264K->346408K(557056K), 0.0016217 secs] [Times: user=0.01 sys=0.00, real=0.00 secs] 
2676.282: [GC (Allocation Failure) [PSYoungGen: 59392K->1424K(59904K)] 404264K->346296K(557056K), 0.0019456 secs] [Times: user=0.01 sys=0.00, real=0.00 secs] 
2676.935: [GC (Allocation Failure) [PSYoungGen: 59280K->1344K(59904K)] 404152K->346224K(557056K), 0.0033685 secs] [Times: user=0.01 sys=0.00, real=0.00 secs] 
2677.477: [GC (Allocation Failure) [PSYoungGen: 59200K->1376K(59904K)] 404080K->346256K(557056K), 0.0040206 secs] [Times: user=0.02 sys=0.00, real=0.00 secs] 
2678.034: [GC (Allocation Failure) [PSYoungGen: 59232K->1376K(59904K)] 404112K->346256K(557056K), 0.0027129 secs] [Times: user=0.01 sys=0.00, real=0.00 secs] 
2678.747: [GC (Allocation Failure) [PSYoungGen: 59232K->1376K(59904K)] 404112K->346256K(557056K), 0.0036408 secs] [Times: user=0.02 sys=0.00, real=0.00 secs] 
2679.244: [GC (Allocation Failure) [PSYoungGen: 59232K->1533K(59904K)] 404112K->346413K(557056K), 0.0016739 secs] [Times: user=0.01 sys=0.00, real=0.00 secs] 
2679.582: [GC (Allocation Failure) [PSYoungGen: 59389K->1565K(59904K)] 404269K->346453K(557056K), 0.0017129 secs] [Times: user=0.01 sys=0.00, real=0.00 secs] 
2679.920: [GC (Allocation Failure) [PSYoungGen: 59390K->1613K(59904K)] 404278K->346501K(557056K), 0.0016487 secs] [Times: user=0.01 sys=0.00, real=0.01 secs] 
2680.315: [GC (Allocation Failure) [PSYoungGen: 59469K->1581K(59904K)] 404357K->346469K(557056K), 0.0017560 secs] [Times: user=0.00 sys=0.00, real=0.00 secs] 
2680.606: [GC (Allocation Failure) [PSYoungGen: 59437K->1472K(59904K)] 404325K->346360K(557056K), 0.0024197 secs] [Times: user=0.01 sys=0.00, real=0.00 secs] 
2680.848: [GC (Allocation Failure) [PSYoungGen: 59328K->1392K(59904K)] 404216K->346280K(557056K), 0.0019254 secs] [Times: user=0.01 sys=0.00, real=0.00 secs] 
2681.089: [GC (Allocation Failure) [PSYoungGen: 59248K->1440K(59904K)] 404136K->346328K(557056K), 0.0019963 secs] [Times: user=0.01 sys=0.00, real=0.00 secs] 
2681.329: [GC (Allocation Failure) [PSYoungGen: 59296K->1344K(59904K)] 404184K->346232K(557056K), 0.0019111 secs] [Times: user=0.00 sys=0.00, real=0.00 secs] 
2681.569: [GC (Allocation Failure) [PSYoungGen: 59200K->1376K(59904K)] 404088K->346264K(557056K), 0.0018259 secs] [Times: user=0.01 sys=0.00, real=0.00 secs] 
2681.923: [GC (Allocation Failure) [PSYoungGen: 59214K->1501K(59904K)] 404102K->346389K(557056K), 0.0015138 secs] [Times: user=0.01 sys=0.00, real=0.00 secs] 
2682.260: [GC (Allocation Failure) [PSYoungGen: 59357K->1549K(59904K)] 404245K->346445K(557056K), 0.0015997 secs] [Times: user=0.01 sys=0.00, real=0.01 secs] 
2682.604: [GC (Allocation Failure) [PSYoungGen: 59405K->1533K(59904K)] 404301K->346429K(557056K), 0.0016707 secs] [Times: user=0.00 sys=0.00, real=0.00 secs] 
2682.942: [GC (Allocation Failure) [PSYoungGen: 59389K->1565K(59904K)] 404285K->346461K(557056K), 0.0016049 secs] [Times: user=0.00 sys=0.00, real=0.01 secs] 
2683.248: [GC (Allocation Failure) [PSYoungGen: 59421K->1440K(59904K)] 404317K->346336K(557056K), 0.0017927 secs] [Times: user=0.00 sys=0.00, real=0.00 secs] 
2683.488: [GC (Allocation Failure) [PSYoungGen: 59296K->1344K(59904K)] 404192K->346256K(557056K), 0.0019079 secs] [Times: user=0.01 sys=0.00, real=0.00 secs] 
2683.729: [GC (Allocation Failure) [PSYoungGen: 59200K->1344K(59904K)] 404112K->346256K(557056K), 0.0017334 secs] [Times: user=0.01 sys=0.00, real=0.00 secs] 
2683.969: [GC (Allocation Failure) [PSYoungGen: 59200K->1344K(59904K)] 404112K->346256K(557056K), 0.0018811 secs] [Times: user=0.00 sys=0.00, real=0.00 secs] 
2684.238: [GC (Allocation Failure) [PSYoungGen: 59200K->1344K(59904K)] 404112K->346256K(557056K), 0.0018150 secs] [Times: user=0.00 sys=0.00, real=0.00 secs] 
2684.580: [GC (Allocation Failure) [PSYoungGen: 59181K->1520K(59904K)] 404093K->346432K(557056K), 0.0015005 secs] [Times: user=0.01 sys=0.00, real=0.01 secs] 
2684.918: [GC (Allocation Failure) [PSYoungGen: 59376K->1517K(59904K)] 404288K->346437K(557056K), 0.0016261 secs] [Times: user=0.01 sys=0.00, real=0.00 secs] 
2685.254: [GC (Allocation Failure) [PSYoungGen: 59373K->1549K(59904K)] 404293K->346469K(557056K), 0.0015834 secs] [Times: user=0.00 sys=0.00, real=0.00 secs] 
2685.591: [GC (Allocation Failure) [PSYoungGen: 59405K->1501K(59904K)] 404325K->346421K(557056K), 0.0015621 secs] [Times: user=0.01 sys=0.00, real=0.01 secs] 
2686.038: [GC (Allocation Failure) [PSYoungGen: 59357K->1456K(59904K)] 404277K->346376K(557056K), 0.0016524 secs] [Times: user=0.00 sys=0.00, real=0.00 secs] 
2686.569: [GC (Allocation Failure) [PSYoungGen: 59312K->1312K(59904K)] 404232K->346232K(557056K), 0.0018736 secs] [Times: user=0.01 sys=0.00, real=0.00 secs] 
2687.192: [GC (Allocation Failure) [PSYoungGen: 59168K->1312K(59904K)] 404088K->346232K(557056K), 0.0026837 secs] [Times: user=0.01 sys=0.00, real=0.00 secs] 
2687.841: [GC (Allocation Failure) [PSYoungGen: 59168K->1344K(59904K)] 404088K->346264K(557056K), 0.0026205 secs] [Times: user=0.01 sys=0.00, real=0.01 secs] 
2688.523: [GC (Allocation Failure) [PSYoungGen: 59200K->1376K(59904K)] 404120K->346296K(557056K), 0.0134936 secs] [Times: user=0.06 sys=0.00, real=0.01 secs] 
2689.084: [GC (Allocation Failure) [PSYoungGen: 59232K->1520K(59904K)] 404152K->346440K(557056K), 0.0016044 secs] [Times: user=0.01 sys=0.00, real=0.00 secs] 
2689.423: [GC (Allocation Failure) [PSYoungGen: 59376K->1549K(59904K)] 404296K->346477K(557056K), 0.0016587 secs] [Times: user=0.01 sys=0.00, real=0.00 secs] 
2689.761: [GC (Allocation Failure) [PSYoungGen: 59405K->1568K(59904K)] 404333K->346496K(557056K), 0.0016272 secs] [Times: user=0.00 sys=0.00, real=0.01 secs] 
2690.098: [GC (Allocation Failure) [PSYoungGen: 59424K->1533K(59904K)] 404352K->346461K(557056K), 0.0016168 secs] [Times: user=0.01 sys=0.00, real=0.00 secs] 
2690.644: [GC (Allocation Failure) [PSYoungGen: 59389K->1488K(59904K)] 404317K->346416K(557056K), 0.0027695 secs] [Times: user=0.01 sys=0.00, real=0.00 secs] 
2691.177: [GC (Allocation Failure) [PSYoungGen: 59344K->1360K(59904K)] 404272K->346288K(557056K), 0.0039436 secs] [Times: user=0.01 sys=0.00, real=0.00 secs] 
2691.660: [GC (Allocation Failure) [PSYoungGen: 59216K->1408K(59904K)] 404144K->346336K(557056K), 0.0025961 secs] [Times: user=0.02 sys=0.00, real=0.01 secs] 
2692.195: [GC (Allocation Failure) [PSYoungGen: 59264K->1344K(59904K)] 404192K->346272K(557056K), 0.0024476 secs] [Times: user=0.01 sys=0.00, real=0.00 secs] 
2692.609: [GC (Allocation Failure) [PSYoungGen: 59200K->1376K(59904K)] 404128K->346304K(557056K), 0.0020356 secs] [Times: user=0.00 sys=0.00, real=0.00 secs] 
2692.956: [GC (Allocation Failure) [PSYoungGen: 59232K->1552K(59904K)] 404160K->346480K(557056K), 0.0016381 secs] [Times: user=0.01 sys=0.00, real=0.00 secs] 
2693.358: [GC (Allocation Failure) [PSYoungGen: 59408K->1613K(59904K)] 404336K->346549K(557056K), 0.0015945 secs] [Times: user=0.00 sys=0.00, real=0.00 secs] 
2693.699: [GC (Allocation Failure) [PSYoungGen: 59446K->1501K(59904K)] 404382K->346437K(557056K), 0.0017261 secs] [Times: user=0.01 sys=0.00, real=0.00 secs] 
2694.101: [GC (Allocation Failure) [PSYoungGen: 59357K->1501K(59904K)] 404293K->346437K(557056K), 0.0016366 secs] [Times: user=0.00 sys=0.00, real=0.01 secs] 
2694.674: [GC (Allocation Failure) [PSYoungGen: 59357K->1456K(59904K)] 404293K->346392K(557056K), 0.0024726 secs] [Times: user=0.01 sys=0.01, real=0.00 secs] 
2695.267: [GC (Allocation Failure) [PSYoungGen: 59312K->1360K(59904K)] 404248K->346312K(557056K), 0.0033558 secs] [Times: user=0.01 sys=0.00, real=0.00 secs] 
2695.838: [GC (Allocation Failure) [PSYoungGen: 59216K->1344K(59904K)] 404168K->346296K(557056K), 0.0032496 secs] [Times: user=0.01 sys=0.00, real=0.01 secs] 
2696.383: [GC (Allocation Failure) [PSYoungGen: 59200K->1328K(59904K)] 404152K->346280K(557056K), 0.0022345 secs] [Times: user=0.01 sys=0.00, real=0.00 secs] 
2696.960: [GC (Allocation Failure) [PSYoungGen: 59184K->1312K(59904K)] 404136K->346264K(557056K), 0.0026298 secs] [Times: user=0.01 sys=0.00, real=0.01 secs] 
2697.452: [GC (Allocation Failure) [PSYoungGen: 59166K->1485K(59904K)] 404118K->346437K(557056K), 0.0015034 secs] [Times: user=0.01 sys=0.00, real=0.00 secs] 
2697.788: [GC (Allocation Failure) [PSYoungGen: 59341K->1533K(59904K)] 404293K->346493K(557056K), 0.0015931 secs] [Times: user=0.01 sys=0.00, real=0.00 secs] 
2698.125: [GC (Allocation Failure) [PSYoungGen: 59389K->1568K(59904K)] 404349K->346528K(557056K), 0.0015913 secs] [Times: user=0.01 sys=0.00, real=0.00 secs] 
2698.463: [GC (Allocation Failure) [PSYoungGen: 59424K->1565K(59904K)] 404384K->346525K(557056K), 0.0014588 secs] [Times: user=0.00 sys=0.00, real=0.00 secs] 
2698.944: [GC (Allocation Failure) [PSYoungGen: 59421K->1456K(59904K)] 404381K->346416K(557056K), 0.0019541 secs] [Times: user=0.01 sys=0.00, real=0.00 secs] 
2699.806: [GC (Allocation Failure) [PSYoungGen: 59312K->1376K(59904K)] 404272K->346336K(557056K), 0.0021890 secs] [Times: user=0.01 sys=0.00, real=0.00 secs] 
2700.458: [GC (Allocation Failure) [PSYoungGen: 59232K->1376K(59904K)] 404192K->346336K(557056K), 0.0024407 secs] [Times: user=0.01 sys=0.00, real=0.00 secs] 
2701.063: [GC (Allocation Failure) [PSYoungGen: 59232K->1408K(59904K)] 404192K->346368K(557056K), 0.0030555 secs] [Times: user=0.01 sys=0.00, real=0.00 secs] 
2701.565: [GC (Allocation Failure) [PSYoungGen: 59264K->1408K(59904K)] 404224K->346368K(557056K), 0.0020791 secs] [Times: user=0.00 sys=0.00, real=0.00 secs] 
2701.986: [GC (Allocation Failure) [PSYoungGen: 59264K->1453K(59904K)] 404224K->346413K(557056K), 0.0014981 secs] [Times: user=0.00 sys=0.00, real=0.00 secs] 
2702.322: [GC (Allocation Failure) [PSYoungGen: 59309K->1613K(59904K)] 404269K->346581K(557056K), 0.0015103 secs] [Times: user=0.00 sys=0.00, real=0.00 secs] 
2702.660: [GC (Allocation Failure) [PSYoungGen: 59468K->1581K(59904K)] 404436K->346549K(557056K), 0.0016783 secs] [Times: user=0.00 sys=0.00, real=0.01 secs] 
2703.001: [GC (Allocation Failure) [PSYoungGen: 59437K->1549K(59904K)] 404405K->346517K(557056K), 0.0035424 secs] [Times: user=0.01 sys=0.00, real=0.01 secs] 
2703.674: [GC (Allocation Failure) [PSYoungGen: 59405K->1488K(59904K)] 404373K->346456K(557056K), 0.0019311 secs] [Times: user=0.00 sys=0.00, real=0.00 secs] 
2703.929: [GC (Allocation Failure) [PSYoungGen: 59344K->1360K(59904K)] 404312K->346328K(557056K), 0.0018318 secs] [Times: user=0.01 sys=0.01, real=0.00 secs] 
2704.170: [GC (Allocation Failure) [PSYoungGen: 59216K->1376K(59904K)] 404184K->346344K(557056K), 0.0019164 secs] [Times: user=0.01 sys=0.00, real=0.01 secs] 
2704.410: [GC (Allocation Failure) [PSYoungGen: 59232K->1376K(59904K)] 404200K->346344K(557056K), 0.0019302 secs] [Times: user=0.01 sys=0.00, real=0.01 secs] 
2704.651: [GC (Allocation Failure) [PSYoungGen: 59232K->1376K(59904K)] 404200K->346368K(557056K), 0.0018322 secs] [Times: user=0.01 sys=0.00, real=0.01 secs] 
2704.972: [GC (Allocation Failure) [PSYoungGen: 59232K->1485K(59904K)] 404224K->346477K(557056K), 0.0016144 secs] [Times: user=0.00 sys=0.01, real=0.01 secs] 
2705.310: [GC (Allocation Failure) [PSYoungGen: 59329K->1581K(59904K)] 404321K->346581K(557056K), 0.0014989 secs] [Times: user=0.00 sys=0.00, real=0.01 secs] 
2705.647: [GC (Allocation Failure) [PSYoungGen: 59437K->1549K(59904K)] 404437K->346549K(557056K), 0.0015333 secs] [Times: user=0.01 sys=0.00, real=0.00 secs] 
2705.983: [GC (Allocation Failure) [PSYoungGen: 59405K->1565K(59904K)] 404405K->346565K(557056K), 0.0017208 secs] [Times: user=0.01 sys=0.00, real=0.00 secs] 
2706.380: [GC (Allocation Failure) [PSYoungGen: 59421K->1440K(59904K)] 404421K->346440K(557056K), 0.0017876 secs] [Times: user=0.00 sys=0.00, real=0.01 secs] 
2706.942: [GC (Allocation Failure) [PSYoungGen: 59296K->1376K(59904K)] 404296K->346376K(557056K), 0.0035889 secs] [Times: user=0.01 sys=0.00, real=0.00 secs] 
2707.566: [GC (Allocation Failure) [PSYoungGen: 59232K->1408K(59904K)] 404232K->346408K(557056K), 0.0032465 secs] [Times: user=0.01 sys=0.00, real=0.00 secs] 
2708.098: [GC (Allocation Failure) [PSYoungGen: 59264K->1440K(59904K)] 404264K->346440K(557056K), 0.0030761 secs] [Times: user=0.01 sys=0.00, real=0.00 secs] 
2708.656: [GC (Allocation Failure) [PSYoungGen: 59296K->1344K(59904K)] 404296K->346344K(557056K), 0.0025804 secs] [Times: user=0.01 sys=0.00, real=0.00 secs] 
2709.238: [GC (Allocation Failure) [PSYoungGen: 59200K->1453K(59904K)] 404200K->346453K(557056K), 0.0015730 secs] [Times: user=0.01 sys=0.00, real=0.00 secs] 
2709.632: [GC (Allocation Failure) [PSYoungGen: 59309K->1533K(59904K)] 404309K->346541K(557056K), 0.0016018 secs] [Times: user=0.00 sys=0.00, real=0.00 secs] 
2710.027: [GC (Allocation Failure) [PSYoungGen: 59360K->1597K(59904K)] 404368K->346605K(557056K), 0.0016602 secs] [Times: user=0.00 sys=0.00, real=0.00 secs] 
2710.365: [GC (Allocation Failure) [PSYoungGen: 59453K->1533K(59904K)] 404461K->346541K(557056K), 0.0016479 secs] [Times: user=0.00 sys=0.00, real=0.00 secs] 
2710.848: [GC (Allocation Failure) [PSYoungGen: 59389K->1792K(59904K)] 404397K->346800K(557056K), 0.0019279 secs] [Times: user=0.00 sys=0.00, real=0.00 secs] 
2711.633: [GC (Allocation Failure) [PSYoungGen: 59648K->1376K(59904K)] 404656K->346384K(557056K), 0.0038938 secs] [Times: user=0.02 sys=0.00, real=0.00 secs] 
2712.127: [GC (Allocation Failure) [PSYoungGen: 59232K->1360K(59904K)] 404240K->346368K(557056K), 0.0030092 secs] [Times: user=0.01 sys=0.00, real=0.00 secs] 
2712.454: [GC (Allocation Failure) [PSYoungGen: 59216K->1376K(59904K)] 404224K->346384K(557056K), 0.0020125 secs] [Times: user=0.01 sys=0.01, real=0.00 secs] 
2712.724: [GC (Allocation Failure) [PSYoungGen: 59232K->1408K(59904K)] 404240K->346416K(557056K), 0.0018521 secs] [Times: user=0.00 sys=0.00, real=0.00 secs] 
2713.161: [GC (Allocation Failure) [PSYoungGen: 59264K->1469K(59904K)] 404272K->346477K(557056K), 0.0015146 secs] [Times: user=0.00 sys=0.00, real=0.01 secs] 
2713.508: [GC (Allocation Failure) [PSYoungGen: 59325K->1552K(59904K)] 404333K->346568K(557056K), 0.0015710 secs] [Times: user=0.00 sys=0.00, real=0.00 secs] 
2713.849: [GC (Allocation Failure) [PSYoungGen: 59391K->1536K(59904K)] 404407K->346552K(557056K), 0.0017859 secs] [Times: user=0.00 sys=0.00, real=0.00 secs] 
2714.250: [GC (Allocation Failure) [PSYoungGen: 59392K->1565K(59904K)] 404408K->346581K(557056K), 0.0016709 secs] [Times: user=0.00 sys=0.00, real=0.01 secs] 
2714.583: [GC (Allocation Failure) [PSYoungGen: 59407K->320K(59904K)] 404423K->345336K(557056K), 0.0015501 secs] [Times: user=0.01 sys=0.00, real=0.00 secs] 
2715.257: [GC (Allocation Failure) [PSYoungGen: 58176K->1408K(59904K)] 403192K->346440K(557056K), 0.0025614 secs] [Times: user=0.01 sys=0.00, real=0.00 secs] 
2715.779: [GC (Allocation Failure) [PSYoungGen: 59264K->1376K(59904K)] 404296K->346408K(557056K), 0.0026155 secs] [Times: user=0.01 sys=0.00, real=0.00 secs] 
2716.262: [GC (Allocation Failure) [PSYoungGen: 59232K->1344K(59904K)] 404264K->346376K(557056K), 0.0023824 secs] [Times: user=0.01 sys=0.00, real=0.00 secs] 
2716.547: [GC (Allocation Failure) [PSYoungGen: 59200K->1440K(59904K)] 404232K->346472K(557056K), 0.0017381 secs] [Times: user=0.00 sys=0.00, real=0.00 secs] 
2716.889: [GC (Allocation Failure) [PSYoungGen: 59296K->1517K(59904K)] 404328K->346549K(557056K), 0.0014390 secs] [Times: user=0.00 sys=0.00, real=0.00 secs] 
2717.291: [GC (Allocation Failure) [PSYoungGen: 59356K->1597K(59904K)] 404388K->346637K(557056K), 0.0016805 secs] [Times: user=0.01 sys=0.00, real=0.01 secs] 
2717.627: [GC (Allocation Failure) [PSYoungGen: 59453K->1565K(59904K)] 404493K->346605K(557056K), 0.0016592 secs] [Times: user=0.00 sys=0.00, real=0.00 secs] 
2717.965: [GC (Allocation Failure) [PSYoungGen: 59421K->1533K(59904K)] 404461K->346573K(557056K), 0.0016592 secs] [Times: user=0.01 sys=0.00, real=0.00 secs] 
2718.361: [GC (Allocation Failure) [PSYoungGen: 59389K->1568K(59904K)] 404429K->346608K(557056K), 0.0016931 secs] [Times: user=0.01 sys=0.00, real=0.01 secs] 
2718.640: [GC (Allocation Failure) [PSYoungGen: 59424K->1440K(59904K)] 404464K->346480K(557056K), 0.0026657 secs] [Times: user=0.01 sys=0.00, real=0.01 secs] 
2718.880: [GC (Allocation Failure) [PSYoungGen: 59296K->1360K(59904K)] 404336K->346400K(557056K), 0.0020329 secs] [Times: user=0.01 sys=0.00, real=0.01 secs] 
2719.120: [GC (Allocation Failure) [PSYoungGen: 59216K->1344K(59904K)] 404256K->346384K(557056K), 0.0019108 secs] [Times: user=0.01 sys=0.00, real=0.01 secs] 
2719.361: [GC (Allocation Failure) [PSYoungGen: 59200K->1376K(59904K)] 404240K->346416K(557056K), 0.0020064 secs] [Times: user=0.01 sys=0.00, real=0.01 secs] 
2719.632: [GC (Allocation Failure) [PSYoungGen: 59226K->1469K(59904K)] 404266K->346509K(557056K), 0.0018431 secs] [Times: user=0.00 sys=0.00, real=0.00 secs] 
2719.977: [GC (Allocation Failure) [PSYoungGen: 59325K->1613K(59904K)] 404365K->346661K(557056K), 0.0016432 secs] [Times: user=0.01 sys=0.00, real=0.00 secs] 
2720.315: [GC (Allocation Failure) [PSYoungGen: 59453K->1613K(59904K)] 404501K->346669K(557056K), 0.0015544 secs] [Times: user=0.00 sys=0.00, real=0.00 secs] 
2720.654: [GC (Allocation Failure) [PSYoungGen: 59469K->1613K(59904K)] 404525K->346669K(557056K), 0.0015119 secs] [Times: user=0.01 sys=0.00, real=0.00 secs] 
2720.990: [GC (Allocation Failure) [PSYoungGen: 59469K->1533K(59904K)] 404525K->346589K(557056K), 0.0016251 secs] [Times: user=0.01 sys=0.00, real=0.01 secs] 
2721.269: [GC (Allocation Failure) [PSYoungGen: 59389K->1408K(59904K)] 404445K->346464K(557056K), 0.0016804 secs] [Times: user=0.01 sys=0.00, real=0.00 secs] 
2721.523: [GC (Allocation Failure) [PSYoungGen: 59264K->1392K(59904K)] 404320K->346448K(557056K), 0.0016207 secs] [Times: user=0.01 sys=0.00, real=0.00 secs] 
2721.791: [GC (Allocation Failure) [PSYoungGen: 59248K->1408K(59904K)] 404304K->346464K(557056K), 0.0015302 secs] [Times: user=0.01 sys=0.00, real=0.01 secs] 
2722.033: [GC (Allocation Failure) [PSYoungGen: 59264K->1408K(59904K)] 404320K->346464K(557056K), 0.0027674 secs] [Times: user=0.01 sys=0.00, real=0.00 secs] 
2722.299: [GC (Allocation Failure) [PSYoungGen: 59159K->256K(59904K)] 404215K->345312K(557056K), 0.0021570 secs] [Times: user=0.01 sys=0.00, real=0.00 secs] 
2722.674: [GC (Allocation Failure) [PSYoungGen: 58112K->1517K(59904K)] 403168K->346597K(557056K), 0.0014685 secs] [Times: user=0.01 sys=0.00, real=0.00 secs] 
2723.011: [GC (Allocation Failure) [PSYoungGen: 59373K->1533K(59904K)] 404453K->346629K(557056K), 0.0015959 secs] [Times: user=0.01 sys=0.00, real=0.01 secs] 
2723.348: [GC (Allocation Failure) [PSYoungGen: 59389K->1613K(59904K)] 404485K->346709K(557056K), 0.0016610 secs] [Times: user=0.00 sys=0.00, real=0.00 secs] 
2723.765: [GC (Allocation Failure) [PSYoungGen: 59469K->1549K(59904K)] 404565K->346645K(557056K), 0.0015955 secs] [Times: user=0.00 sys=0.00, real=0.00 secs] 
2724.078: [GC (Allocation Failure) [PSYoungGen: 59405K->1392K(59904K)] 404501K->346488K(557056K), 0.0024848 secs] [Times: user=0.01 sys=0.00, real=0.00 secs] 
2724.318: [GC (Allocation Failure) [PSYoungGen: 59248K->1376K(59904K)] 404344K->346472K(557056K), 0.0019646 secs] [Times: user=0.01 sys=0.00, real=0.00 secs] 
2724.628: [GC (Allocation Failure) [PSYoungGen: 59232K->1408K(59904K)] 404328K->346504K(557056K), 0.0018745 secs] [Times: user=0.00 sys=0.00, real=0.00 secs] 
2725.084: [GC (Allocation Failure) [PSYoungGen: 59264K->1408K(59904K)] 404360K->346504K(557056K), 0.0024258 secs] [Times: user=0.01 sys=0.00, real=0.00 secs] 
2725.528: [GC (Allocation Failure) [PSYoungGen: 59264K->1376K(59904K)] 404360K->346472K(557056K), 0.0023407 secs] [Times: user=0.01 sys=0.00, real=0.00 secs] 
2725.972: [GC (Allocation Failure) [PSYoungGen: 59232K->1501K(59904K)] 404328K->346597K(557056K), 0.0015698 secs] [Times: user=0.01 sys=0.00, real=0.00 secs] 
2726.310: [GC (Allocation Failure) [PSYoungGen: 59332K->1549K(59904K)] 404428K->346653K(557056K), 0.0016302 secs] [Times: user=0.01 sys=0.00, real=0.01 secs] 
2726.647: [GC (Allocation Failure) [PSYoungGen: 59405K->1565K(59904K)] 404509K->346669K(557056K), 0.0015939 secs] [Times: user=0.01 sys=0.01, real=0.00 secs] 
2726.984: [GC (Allocation Failure) [PSYoungGen: 59421K->1517K(59904K)] 404525K->346621K(557056K), 0.0015837 secs] [Times: user=0.01 sys=0.00, real=0.00 secs] 
2727.288: [GC (Allocation Failure) [PSYoungGen: 59373K->1456K(59904K)] 404477K->346560K(557056K), 0.0018182 secs] [Times: user=0.01 sys=0.00, real=0.00 secs] 
2727.528: [GC (Allocation Failure) [PSYoungGen: 59312K->1344K(59904K)] 404416K->346448K(557056K), 0.0017364 secs] [Times: user=0.00 sys=0.00, real=0.00 secs] 
2727.769: [GC (Allocation Failure) [PSYoungGen: 59200K->1376K(59904K)] 404304K->346480K(557056K), 0.0018031 secs] [Times: user=0.01 sys=0.00, real=0.00 secs] 
2728.009: [GC (Allocation Failure) [PSYoungGen: 59232K->1344K(59904K)] 404336K->346448K(557056K), 0.0020427 secs] [Times: user=0.01 sys=0.00, real=0.00 secs] 
2728.251: [GC (Allocation Failure) [PSYoungGen: 59200K->1408K(59904K)] 404304K->346512K(557056K), 0.0019700 secs] [Times: user=0.01 sys=0.00, real=0.01 secs] 
2728.602: [GC (Allocation Failure) [PSYoungGen: 59264K->1501K(59904K)] 404368K->346605K(557056K), 0.0015215 secs] [Times: user=0.01 sys=0.00, real=0.00 secs] 
2728.942: [GC (Allocation Failure) [PSYoungGen: 59356K->1581K(59904K)] 404460K->346693K(557056K), 0.0017654 secs] [Times: user=0.01 sys=0.00, real=0.00 secs] 
2729.283: [GC (Allocation Failure) [PSYoungGen: 59437K->1565K(59904K)] 404549K->346677K(557056K), 0.0016320 secs] [Times: user=0.01 sys=0.00, real=0.00 secs] 
2729.620: [GC (Allocation Failure) [PSYoungGen: 59421K->1520K(59904K)] 404533K->346632K(557056K), 0.0014198 secs] [Times: user=0.01 sys=0.00, real=0.01 secs] 
2730.365: [GC (Allocation Failure) [PSYoungGen: 59376K->1440K(59904K)] 404488K->346552K(557056K), 0.0019332 secs] [Times: user=0.00 sys=0.00, real=0.00 secs] 
2731.280: [GC (Allocation Failure) [PSYoungGen: 59296K->1376K(59904K)] 404408K->346488K(557056K), 0.0021764 secs] [Times: user=0.01 sys=0.00, real=0.01 secs] 
2732.005: [GC (Allocation Failure) [PSYoungGen: 59232K->1376K(59904K)] 404344K->346488K(557056K), 0.0025012 secs] [Times: user=0.01 sys=0.00, real=0.00 secs] 
2732.668: [GC (Allocation Failure) [PSYoungGen: 59232K->1376K(59904K)] 404344K->346488K(557056K), 0.0024329 secs] [Times: user=0.01 sys=0.00, real=0.00 secs] 
2733.243: [GC (Allocation Failure) [PSYoungGen: 59232K->1376K(59904K)] 404344K->346488K(557056K), 0.0025480 secs] [Times: user=0.01 sys=0.00, real=0.00 secs] 
2733.866: [GC (Allocation Failure) [PSYoungGen: 59232K->1501K(59904K)] 404344K->346613K(557056K), 0.0015532 secs] [Times: user=0.01 sys=0.00, real=0.00 secs] 
2734.208: [GC (Allocation Failure) [PSYoungGen: 59332K->1552K(59904K)] 404444K->346672K(557056K), 0.0017231 secs] [Times: user=0.00 sys=0.00, real=0.00 secs] 
2734.546: [GC (Allocation Failure) [PSYoungGen: 59408K->1613K(59904K)] 404528K->346733K(557056K), 0.0017671 secs] [Times: user=0.01 sys=0.00, real=0.00 secs] 
2734.937: [GC (Allocation Failure) [PSYoungGen: 59469K->1581K(59904K)] 404589K->346701K(557056K), 0.0016278 secs] [Times: user=0.00 sys=0.00, real=0.00 secs] 
2735.290: [GC (Allocation Failure) [PSYoungGen: 59437K->1488K(59904K)] 404557K->346608K(557056K), 0.0020781 secs] [Times: user=0.01 sys=0.00, real=0.01 secs] 
2735.531: [GC (Allocation Failure) [PSYoungGen: 59344K->1376K(59904K)] 404464K->346512K(557056K), 0.0019404 secs] [Times: user=0.01 sys=0.00, real=0.01 secs] 
2735.771: [GC (Allocation Failure) [PSYoungGen: 59232K->1344K(59904K)] 404368K->346480K(557056K), 0.0018299 secs] [Times: user=0.01 sys=0.00, real=0.01 secs] 
2736.012: [GC (Allocation Failure) [PSYoungGen: 59200K->1312K(59904K)] 404336K->346448K(557056K), 0.0017871 secs] [Times: user=0.01 sys=0.00, real=0.00 secs] 
2736.301: [GC (Allocation Failure) [PSYoungGen: 59168K->1344K(59904K)] 404304K->346480K(557056K), 0.0018365 secs] [Times: user=0.01 sys=0.00, real=0.01 secs] 
2736.651: [GC (Allocation Failure) [PSYoungGen: 59193K->1517K(59904K)] 404329K->346653K(557056K), 0.0014516 secs] [Times: user=0.00 sys=0.00, real=0.01 secs] 
2736.987: [GC (Allocation Failure) [PSYoungGen: 59373K->1485K(59904K)] 404509K->346629K(557056K), 0.0015123 secs] [Times: user=0.01 sys=0.00, real=0.00 secs] 
2737.325: [GC (Allocation Failure) [PSYoungGen: 59341K->1533K(59904K)] 404485K->346677K(557056K), 0.0015936 secs] [Times: user=0.01 sys=0.00, real=0.00 secs] 
2737.721: [GC (Allocation Failure) [PSYoungGen: 59389K->1581K(59904K)] 404533K->346725K(557056K), 0.0016605 secs] [Times: user=0.00 sys=0.00, real=0.01 secs] 
2738.143: [GC (Allocation Failure) [PSYoungGen: 59437K->1424K(59904K)] 404581K->346568K(557056K), 0.0019366 secs] [Times: user=0.01 sys=0.00, real=0.00 secs] 
2738.493: [GC (Allocation Failure) [PSYoungGen: 59280K->1408K(59904K)] 404424K->346552K(557056K), 0.0022779 secs] [Times: user=0.01 sys=0.00, real=0.00 secs] 
2738.859: [GC (Allocation Failure) [PSYoungGen: 59264K->1376K(59904K)] 404408K->346520K(557056K), 0.0022087 secs] [Times: user=0.01 sys=0.00, real=0.00 secs] 
2739.305: [GC (Allocation Failure) [PSYoungGen: 59232K->1440K(59904K)] 404376K->346584K(557056K), 0.0027267 secs] [Times: user=0.01 sys=0.00, real=0.00 secs] 
2739.730: [GC (Allocation Failure) [PSYoungGen: 59296K->1312K(59904K)] 404440K->346456K(557056K), 0.0026572 secs] [Times: user=0.01 sys=0.00, real=0.01 secs] 
2740.240: [GC (Allocation Failure) [PSYoungGen: 59168K->1517K(59904K)] 404312K->346661K(557056K), 0.0015355 secs] [Times: user=0.01 sys=0.00, real=0.01 secs] 
2740.579: [GC (Allocation Failure) [PSYoungGen: 59370K->1565K(59904K)] 404514K->346725K(557056K), 0.0016062 secs] [Times: user=0.01 sys=0.00, real=0.00 secs] 
2740.917: [GC (Allocation Failure) [PSYoungGen: 59421K->1501K(59904K)] 404581K->346661K(557056K), 0.0016217 secs] [Times: user=0.01 sys=0.00, real=0.00 secs] 
2741.254: [GC (Allocation Failure) [PSYoungGen: 59357K->1549K(59904K)] 404517K->346709K(557056K), 0.0016691 secs] [Times: user=0.00 sys=0.00, real=0.00 secs] 
2741.654: [GC (Allocation Failure) [PSYoungGen: 59405K->1456K(59904K)] 404565K->346616K(557056K), 0.0017568 secs] [Times: user=0.00 sys=0.00, real=0.00 secs] 
2742.128: [GC (Allocation Failure) [PSYoungGen: 59312K->1440K(59904K)] 404472K->346600K(557056K), 0.0021133 secs] [Times: user=0.00 sys=0.00, real=0.00 secs] 
2742.672: [GC (Allocation Failure) [PSYoungGen: 59296K->1376K(59904K)] 404456K->346536K(557056K), 0.0034332 secs] [Times: user=0.01 sys=0.00, real=0.00 secs] 
2743.175: [GC (Allocation Failure) [PSYoungGen: 59232K->1440K(59904K)] 404392K->346600K(557056K), 0.0025332 secs] [Times: user=0.01 sys=0.00, real=0.00 secs] 
2743.774: [GC (Allocation Failure) [PSYoungGen: 59296K->1376K(59904K)] 404456K->346536K(557056K), 0.0029221 secs] [Times: user=0.01 sys=0.00, real=0.00 secs] 
2744.241: [GC (Allocation Failure) [PSYoungGen: 59231K->1485K(59904K)] 404391K->346645K(557056K), 0.0015421 secs] [Times: user=0.00 sys=0.00, real=0.01 secs] 
2744.642: [GC (Allocation Failure) [PSYoungGen: 59341K->1472K(59904K)] 404501K->346664K(557056K), 0.0016851 secs] [Times: user=0.01 sys=0.00, real=0.00 secs] 
2745.037: [GC (Allocation Failure) [PSYoungGen: 59328K->1549K(59904K)] 404520K->346741K(557056K), 0.0018021 secs] [Times: user=0.01 sys=0.00, real=0.00 secs] 
2745.376: [GC (Allocation Failure) [PSYoungGen: 59405K->1533K(59904K)] 404597K->346725K(557056K), 0.0016268 secs] [Times: user=0.01 sys=0.00, real=0.00 secs] 
2745.759: [GC (Allocation Failure) [PSYoungGen: 59389K->1488K(59904K)] 404581K->346680K(557056K), 0.0021001 secs] [Times: user=0.00 sys=0.00, real=0.00 secs] 
2746.261: [GC (Allocation Failure) [PSYoungGen: 59344K->1376K(59904K)] 404536K->346568K(557056K), 0.0026192 secs] [Times: user=0.01 sys=0.00, real=0.01 secs] 
2746.572: [GC (Allocation Failure) [PSYoungGen: 59232K->1424K(59904K)] 404424K->346616K(557056K), 0.0018917 secs] [Times: user=0.00 sys=0.00, real=0.00 secs] 
2746.831: [GC (Allocation Failure) [PSYoungGen: 59280K->1392K(59904K)] 404472K->346584K(557056K), 0.0019094 secs] [Times: user=0.01 sys=0.00, real=0.01 secs] 
2747.071: [GC (Allocation Failure) [PSYoungGen: 59248K->1408K(59904K)] 404440K->346600K(557056K), 0.0018286 secs] [Times: user=0.01 sys=0.00, real=0.01 secs] 
2747.425: [GC (Allocation Failure) [PSYoungGen: 59257K->1485K(59904K)] 404449K->346677K(557056K), 0.0016655 secs] [Times: user=0.01 sys=0.00, real=0.00 secs] 
2747.764: [GC (Allocation Failure) [PSYoungGen: 59341K->1536K(59904K)] 404533K->346744K(557056K), 0.0016617 secs] [Times: user=0.01 sys=0.00, real=0.00 secs] 
2748.102: [GC (Allocation Failure) [PSYoungGen: 59392K->1533K(59904K)] 404600K->346741K(557056K), 0.0015683 secs] [Times: user=0.00 sys=0.00, real=0.00 secs] 
2748.498: [GC (Allocation Failure) [PSYoungGen: 59389K->1565K(59904K)] 404597K->346773K(557056K), 0.0016696 secs] [Times: user=0.01 sys=0.00, real=0.00 secs] 
2748.879: [GC (Allocation Failure) [PSYoungGen: 59421K->1456K(59904K)] 404629K->346664K(557056K), 0.0018634 secs] [Times: user=0.01 sys=0.00, real=0.00 secs] 
2749.431: [GC (Allocation Failure) [PSYoungGen: 59312K->1376K(59904K)] 404520K->346584K(557056K), 0.0021561 secs] [Times: user=0.01 sys=0.00, real=0.01 secs] 
2749.730: [GC (Allocation Failure) [PSYoungGen: 59232K->1376K(59904K)] 404440K->346584K(557056K), 0.0019131 secs] [Times: user=0.01 sys=0.00, real=0.01 secs] 
2749.970: [GC (Allocation Failure) [PSYoungGen: 59232K->1376K(59904K)] 404440K->346584K(557056K), 0.0019616 secs] [Times: user=0.01 sys=0.00, real=0.01 secs] 
2750.210: [GC (Allocation Failure) [PSYoungGen: 59232K->1360K(59904K)] 404440K->346568K(557056K), 0.0018325 secs] [Times: user=0.00 sys=0.00, real=0.01 secs] 
2750.518: [GC (Allocation Failure) [PSYoungGen: 59211K->1453K(59904K)] 404419K->346661K(557056K), 0.0016300 secs] [Times: user=0.00 sys=0.00, real=0.00 secs] 
2750.856: [GC (Allocation Failure) [PSYoungGen: 59292K->1533K(59904K)] 404500K->346749K(557056K), 0.0015493 secs] [Times: user=0.01 sys=0.00, real=0.00 secs] 
2751.194: [GC (Allocation Failure) [PSYoungGen: 59389K->1584K(59904K)] 404605K->346800K(557056K), 0.0016029 secs] [Times: user=0.01 sys=0.00, real=0.00 secs] 
2751.530: [GC (Allocation Failure) [PSYoungGen: 59440K->1565K(59904K)] 404656K->346781K(557056K), 0.0015405 secs] [Times: user=0.00 sys=0.00, real=0.00 secs] 
2751.924: [GC (Allocation Failure) [PSYoungGen: 59421K->1984K(59904K)] 404637K->347200K(557056K), 0.0018594 secs] [Times: user=0.01 sys=0.00, real=0.00 secs] 
2752.529: [GC (Allocation Failure) [PSYoungGen: 59840K->1408K(59904K)] 405056K->346624K(557056K), 0.0026074 secs] [Times: user=0.01 sys=0.00, real=0.01 secs] 
2752.789: [GC (Allocation Failure) [PSYoungGen: 59264K->1376K(59904K)] 404480K->346592K(557056K), 0.0020631 secs] [Times: user=0.01 sys=0.00, real=0.00 secs] 
2753.030: [GC (Allocation Failure) [PSYoungGen: 59232K->1376K(59904K)] 404448K->346592K(557056K), 0.0021382 secs] [Times: user=0.00 sys=0.00, real=0.01 secs] 
2753.271: [GC (Allocation Failure) [PSYoungGen: 59232K->1376K(59904K)] 404448K->346592K(557056K), 0.0018089 secs] [Times: user=0.01 sys=0.00, real=0.01 secs] 
2753.570: [GC (Allocation Failure) [PSYoungGen: 59232K->1456K(59904K)] 404448K->346688K(557056K), 0.0015710 secs] [Times: user=0.00 sys=0.00, real=0.00 secs] 
2753.907: [GC (Allocation Failure) [PSYoungGen: 59312K->1533K(59904K)] 404544K->346781K(557056K), 0.0016251 secs] [Times: user=0.01 sys=0.00, real=0.00 secs] 
2754.249: [GC (Allocation Failure) [PSYoungGen: 59370K->1549K(59904K)] 404618K->346797K(557056K), 0.0016368 secs] [Times: user=0.00 sys=0.00, real=0.00 secs] 
2754.598: [GC (Allocation Failure) [PSYoungGen: 59405K->1549K(59904K)] 404653K->346797K(557056K), 0.0015750 secs] [Times: user=0.01 sys=0.00, real=0.00 secs] 
2754.951: [GC (Allocation Failure) [PSYoungGen: 59405K->1632K(59904K)] 404653K->346880K(557056K), 0.0016150 secs] [Times: user=0.00 sys=0.00, real=0.01 secs] 
2755.498: [GC (Allocation Failure) [PSYoungGen: 59488K->1344K(59904K)] 404736K->346592K(557056K), 0.0021363 secs] [Times: user=0.01 sys=0.00, real=0.00 secs] 
2755.972: [GC (Allocation Failure) [PSYoungGen: 59200K->1360K(59904K)] 404448K->346608K(557056K), 0.0020363 secs] [Times: user=0.01 sys=0.00, real=0.00 secs] 
2756.504: [GC (Allocation Failure) [PSYoungGen: 59216K->1344K(59904K)] 404464K->346592K(557056K), 0.0022321 secs] [Times: user=0.01 sys=0.00, real=0.00 secs] 
2756.919: [GC (Allocation Failure) [PSYoungGen: 59200K->1376K(59904K)] 404448K->346624K(557056K), 0.0020245 secs] [Times: user=0.01 sys=0.00, real=0.00 secs] 
2757.251: [GC (Allocation Failure) [PSYoungGen: 59232K->1453K(59904K)] 404480K->346701K(557056K), 0.0016089 secs] [Times: user=0.01 sys=0.00, real=0.01 secs] 
2757.589: [GC (Allocation Failure) [PSYoungGen: 59309K->1581K(59904K)] 404557K->346837K(557056K), 0.0017269 secs] [Times: user=0.01 sys=0.00, real=0.00 secs] 
2757.926: [GC (Allocation Failure) [PSYoungGen: 59417K->1613K(59904K)] 404673K->346869K(557056K), 0.0017179 secs] [Times: user=0.01 sys=0.00, real=0.00 secs] 
2758.265: [GC (Allocation Failure) [PSYoungGen: 59469K->1584K(59904K)] 404725K->346840K(557056K), 0.0016357 secs] [Times: user=0.00 sys=0.00, real=0.00 secs] 
2758.660: [GC (Allocation Failure) [PSYoungGen: 59440K->1565K(59904K)] 404696K->346821K(557056K), 0.0016487 secs] [Times: user=0.00 sys=0.00, real=0.00 secs] 
2758.944: [GC (Allocation Failure) [PSYoungGen: 59421K->1472K(59904K)] 404677K->346728K(557056K), 0.0018686 secs] [Times: user=0.01 sys=0.00, real=0.00 secs] 
2759.188: [GC (Allocation Failure) [PSYoungGen: 59328K->1408K(59904K)] 404584K->346664K(557056K), 0.0018670 secs] [Times: user=0.00 sys=0.00, real=0.00 secs] 
2759.429: [GC (Allocation Failure) [PSYoungGen: 59264K->1376K(59904K)] 404520K->346632K(557056K), 0.0019714 secs] [Times: user=0.01 sys=0.00, real=0.00 secs] 
2759.669: [GC (Allocation Failure) [PSYoungGen: 59232K->1408K(59904K)] 404488K->346664K(557056K), 0.0017953 secs] [Times: user=0.01 sys=0.00, real=0.00 secs] 
2760.058: [GC (Allocation Failure) [PSYoungGen: 59233K->1456K(59904K)] 404489K->346712K(557056K), 0.0017827 secs] [Times: user=0.01 sys=0.00, real=0.00 secs] 
2760.400: [GC (Allocation Failure) [PSYoungGen: 59312K->1501K(59904K)] 404568K->346765K(557056K), 0.0017568 secs] [Times: user=0.00 sys=0.00, real=0.01 secs] 
2760.737: [GC (Allocation Failure) [PSYoungGen: 59337K->1581K(59904K)] 404601K->346845K(557056K), 0.0015554 secs] [Times: user=0.00 sys=0.00, real=0.00 secs] 
2761.136: [GC (Allocation Failure) [PSYoungGen: 59437K->1613K(59904K)] 404701K->346877K(557056K), 0.0017234 secs] [Times: user=0.00 sys=0.00, real=0.00 secs] 
2761.473: [GC (Allocation Failure) [PSYoungGen: 59469K->1581K(59904K)] 404733K->346845K(557056K), 0.0017304 secs] [Times: user=0.00 sys=0.00, real=0.00 secs] 
2761.741: [GC (Allocation Failure) [PSYoungGen: 59437K->1440K(59904K)] 404701K->346704K(557056K), 0.0021155 secs] [Times: user=0.00 sys=0.00, real=0.01 secs] 
2761.981: [GC (Allocation Failure) [PSYoungGen: 59296K->1408K(59904K)] 404560K->346672K(557056K), 0.0020538 secs] [Times: user=0.01 sys=0.00, real=0.01 secs] 
2762.289: [GC (Allocation Failure) [PSYoungGen: 59264K->1408K(59904K)] 404528K->346672K(557056K), 0.0018692 secs] [Times: user=0.01 sys=0.00, real=0.00 secs] 
2762.756: [GC (Allocation Failure) [PSYoungGen: 59264K->1376K(59904K)] 404528K->346640K(557056K), 0.0031962 secs] [Times: user=0.02 sys=0.00, real=0.00 secs] 
2763.267: [GC (Allocation Failure) [PSYoungGen: 59200K->1488K(59904K)] 404464K->346760K(557056K), 0.0025502 secs] [Times: user=0.01 sys=0.00, real=0.00 secs] 
2763.675: [GC (Allocation Failure) [PSYoungGen: 59344K->1581K(59904K)] 404616K->346853K(557056K), 0.0016160 secs] [Times: user=0.00 sys=0.00, real=0.00 secs] 
2764.015: [GC (Allocation Failure) [PSYoungGen: 59437K->1581K(59904K)] 404709K->346861K(557056K), 0.0017019 secs] [Times: user=0.00 sys=0.00, real=0.00 secs] 
2764.356: [GC (Allocation Failure) [PSYoungGen: 59437K->1581K(59904K)] 404717K->346861K(557056K), 0.0014862 secs] [Times: user=0.00 sys=0.00, real=0.00 secs] 
2764.692: [GC (Allocation Failure) [PSYoungGen: 59437K->1501K(59904K)] 404717K->346781K(557056K), 0.0016067 secs] [Times: user=0.01 sys=0.00, real=0.00 secs] 
2765.028: [GC (Allocation Failure) [PSYoungGen: 59357K->1424K(59904K)] 404637K->346704K(557056K), 0.0017002 secs] [Times: user=0.01 sys=0.00, real=0.00 secs] 
2765.269: [GC (Allocation Failure) [PSYoungGen: 59280K->1376K(59904K)] 404560K->346656K(557056K), 0.0018788 secs] [Times: user=0.00 sys=0.00, real=0.00 secs] 
2765.517: [GC (Allocation Failure) [PSYoungGen: 59232K->1344K(59904K)] 404512K->346624K(557056K), 0.0025720 secs] [Times: user=0.01 sys=0.00, real=0.00 secs] 
2765.752: [GC (Allocation Failure) [PSYoungGen: 59200K->1376K(59904K)] 404480K->346656K(557056K), 0.0020197 secs] [Times: user=0.01 sys=0.00, real=0.00 secs] 
2765.993: [GC (Allocation Failure) [PSYoungGen: 59232K->1344K(59904K)] 404512K->346624K(557056K), 0.0018659 secs] [Times: user=0.01 sys=0.00, real=0.00 secs] 
2766.358: [GC (Allocation Failure) [PSYoungGen: 59183K->1584K(59904K)] 404463K->346864K(557056K), 0.0015854 secs] [Times: user=0.01 sys=0.00, real=0.00 secs] 
2766.756: [GC (Allocation Failure) [PSYoungGen: 59440K->1568K(59904K)] 404720K->346872K(557056K), 0.0016902 secs] [Times: user=0.01 sys=0.00, real=0.00 secs] 
2767.093: [GC (Allocation Failure) [PSYoungGen: 59424K->1549K(59904K)] 404728K->346853K(557056K), 0.0016756 secs] [Times: user=0.00 sys=0.00, real=0.00 secs] 
2767.429: [GC (Allocation Failure) [PSYoungGen: 59405K->1549K(59904K)] 404709K->346853K(557056K), 0.0016922 secs] [Times: user=0.01 sys=0.00, real=0.00 secs] 
2768.746: [GC (Allocation Failure) [PSYoungGen: 59405K->1408K(59904K)] 404709K->346712K(557056K), 0.0036165 secs] [Times: user=0.01 sys=0.00, real=0.00 secs] 
2769.298: [GC (Allocation Failure) [PSYoungGen: 59264K->1376K(59904K)] 404568K->346688K(557056K), 0.0029497 secs] [Times: user=0.02 sys=0.00, real=0.00 secs] 
2769.750: [GC (Allocation Failure) [PSYoungGen: 59232K->1344K(59904K)] 404544K->346656K(557056K), 0.0025549 secs] [Times: user=0.01 sys=0.00, real=0.01 secs] 
2770.130: [GC (Allocation Failure) [PSYoungGen: 59200K->1376K(59904K)] 404512K->346688K(557056K), 0.0019438 secs] [Times: user=0.01 sys=0.00, real=0.01 secs] 
2770.388: [GC (Allocation Failure) [PSYoungGen: 59232K->1392K(59904K)] 404544K->346704K(557056K), 0.0017674 secs] [Times: user=0.01 sys=0.00, real=0.00 secs] 
2770.758: [GC (Allocation Failure) [PSYoungGen: 59229K->1517K(59904K)] 404541K->346829K(557056K), 0.0015454 secs] [Times: user=0.00 sys=0.00, real=0.00 secs] 
2771.094: [GC (Allocation Failure) [PSYoungGen: 59373K->1549K(59904K)] 404685K->346869K(557056K), 0.0015559 secs] [Times: user=0.01 sys=0.00, real=0.00 secs] 
2771.431: [GC (Allocation Failure) [PSYoungGen: 59405K->1565K(59904K)] 404725K->346885K(557056K), 0.0017263 secs] [Times: user=0.01 sys=0.00, real=0.01 secs] 
2771.768: [GC (Allocation Failure) [PSYoungGen: 59421K->1549K(59904K)] 404741K->346869K(557056K), 0.0015133 secs] [Times: user=0.00 sys=0.00, real=0.00 secs] 
2772.107: [GC (Allocation Failure) [PSYoungGen: 59405K->1456K(59904K)] 404725K->346776K(557056K), 0.0019263 secs] [Times: user=0.01 sys=0.00, real=0.00 secs] 
2772.348: [GC (Allocation Failure) [PSYoungGen: 59312K->1376K(59904K)] 404632K->346696K(557056K), 0.0016291 secs] [Times: user=0.01 sys=0.00, real=0.00 secs] 
2772.621: [GC (Allocation Failure) [PSYoungGen: 59232K->1376K(59904K)] 404552K->346696K(557056K), 0.0018264 secs] [Times: user=0.00 sys=0.00, real=0.01 secs] 
2772.861: [GC (Allocation Failure) [PSYoungGen: 59232K->1376K(59904K)] 404552K->346696K(557056K), 0.0018434 secs] [Times: user=0.01 sys=0.00, real=0.01 secs] 
2773.208: [GC (Allocation Failure) [PSYoungGen: 59232K->1408K(59904K)] 404552K->346728K(557056K), 0.0021465 secs] [Times: user=0.01 sys=0.00, real=0.00 secs] 
2773.601: [GC (Allocation Failure) [PSYoungGen: 59264K->1501K(59904K)] 404584K->346829K(557056K), 0.0015967 secs] [Times: user=0.00 sys=0.00, real=0.01 secs] 
2773.940: [GC (Allocation Failure) [PSYoungGen: 59357K->1504K(59904K)] 404685K->346864K(557056K), 0.0015731 secs] [Times: user=0.00 sys=0.00, real=0.00 secs] 
2774.279: [GC (Allocation Failure) [PSYoungGen: 59343K->1533K(59904K)] 404703K->346901K(557056K), 0.0016078 secs] [Times: user=0.01 sys=0.00, real=0.00 secs] 
2774.620: [GC (Allocation Failure) [PSYoungGen: 59389K->1581K(59904K)] 404757K->346949K(557056K), 0.0016335 secs] [Times: user=0.01 sys=0.00, real=0.00 secs] 
2775.149: [GC (Allocation Failure) [PSYoungGen: 59437K->1408K(59904K)] 404805K->346784K(557056K), 0.0017760 secs] [Times: user=0.01 sys=0.00, real=0.00 secs] 
2775.630: [GC (Allocation Failure) [PSYoungGen: 59264K->1376K(59904K)] 404640K->346752K(557056K), 0.0033902 secs] [Times: user=0.02 sys=0.00, real=0.01 secs] 
2776.317: [GC (Allocation Failure) [PSYoungGen: 59232K->1376K(59904K)] 404608K->346752K(557056K), 0.0038581 secs] [Times: user=0.02 sys=0.00, real=0.00 secs] 
2776.992: [GC (Allocation Failure) [PSYoungGen: 59232K->1408K(59904K)] 404608K->346784K(557056K), 0.0034199 secs] [Times: user=0.02 sys=0.00, real=0.00 secs] 
2777.516: [GC (Allocation Failure) [PSYoungGen: 59264K->1408K(59904K)] 404640K->346784K(557056K), 0.0025761 secs] [Times: user=0.01 sys=0.00, real=0.00 secs] 
2777.967: [GC (Allocation Failure) [PSYoungGen: 59264K->1485K(59904K)] 404640K->346861K(557056K), 0.0015057 secs] [Times: user=0.00 sys=0.00, real=0.00 secs] 
2778.307: [GC (Allocation Failure) [PSYoungGen: 59341K->1568K(59904K)] 404717K->346952K(557056K), 0.0016166 secs] [Times: user=0.00 sys=0.00, real=0.00 secs] 
2778.654: [GC (Allocation Failure) [PSYoungGen: 59406K->1584K(59904K)] 404790K->346968K(557056K), 0.0016569 secs] [Times: user=0.01 sys=0.00, real=0.00 secs] 
2778.993: [GC (Allocation Failure) [PSYoungGen: 59440K->1549K(59904K)] 404824K->346933K(557056K), 0.0016840 secs] [Times: user=0.01 sys=0.00, real=0.00 secs] 
2779.364: [GC (Allocation Failure) [PSYoungGen: 59405K->1456K(59904K)] 404789K->346840K(557056K), 0.0022164 secs] [Times: user=0.00 sys=0.00, real=0.00 secs] 
2779.730: [GC (Allocation Failure) [PSYoungGen: 59312K->1376K(59904K)] 404696K->346760K(557056K), 0.0019175 secs] [Times: user=0.01 sys=0.00, real=0.01 secs] 
2780.174: [GC (Allocation Failure) [PSYoungGen: 59232K->1408K(59904K)] 404616K->346792K(557056K), 0.0018316 secs] [Times: user=0.01 sys=0.01, real=0.00 secs] 
2780.613: [GC (Allocation Failure) [PSYoungGen: 59264K->1376K(59904K)] 404648K->346760K(557056K), 0.0037922 secs] [Times: user=0.01 sys=0.00, real=0.00 secs] 
2781.182: [GC (Allocation Failure) [PSYoungGen: 59232K->1376K(59904K)] 404616K->346760K(557056K), 0.0023827 secs] [Times: user=0.01 sys=0.00, real=0.00 secs] 
2781.719: [GC (Allocation Failure) [PSYoungGen: 59225K->1517K(59904K)] 404609K->346901K(557056K), 0.0015627 secs] [Times: user=0.01 sys=0.00, real=0.00 secs] 
2782.057: [GC (Allocation Failure) [PSYoungGen: 59373K->1584K(59904K)] 404757K->346984K(557056K), 0.0015946 secs] [Times: user=0.01 sys=0.00, real=0.00 secs] 
2782.393: [GC (Allocation Failure) [PSYoungGen: 59440K->1581K(59904K)] 404840K->346981K(557056K), 0.0016904 secs] [Times: user=0.01 sys=0.00, real=0.00 secs] 
2782.731: [GC (Allocation Failure) [PSYoungGen: 59437K->1533K(59904K)] 404837K->346933K(557056K), 0.0016744 secs] [Times: user=0.01 sys=0.00, real=0.01 secs] 
2784.631: [GC (Allocation Failure) [PSYoungGen: 59389K->1424K(59904K)] 404789K->346824K(557056K), 0.0038390 secs] [Times: user=0.01 sys=0.00, real=0.01 secs] 
2785.409: [GC (Allocation Failure) [PSYoungGen: 59280K->1408K(59904K)] 404680K->346808K(557056K), 0.0025700 secs] [Times: user=0.01 sys=0.00, real=0.00 secs] 
2785.848: [GC (Allocation Failure) [PSYoungGen: 59264K->1408K(59904K)] 404664K->346808K(557056K), 0.0022452 secs] [Times: user=0.01 sys=0.00, real=0.00 secs] 
2786.329: [GC (Allocation Failure) [PSYoungGen: 59264K->1376K(59904K)] 404664K->346792K(557056K), 0.0024857 secs] [Times: user=0.00 sys=0.00, real=0.00 secs] 
2786.812: [GC (Allocation Failure) [PSYoungGen: 59232K->1376K(59904K)] 404648K->346792K(557056K), 0.0027097 secs] [Times: user=0.01 sys=0.01, real=0.00 secs] 
2787.595: [GC (Allocation Failure) [PSYoungGen: 59232K->1517K(59904K)] 404648K->346933K(557056K), 0.0017249 secs] [Times: user=0.01 sys=0.00, real=0.00 secs] 
2787.994: [GC (Allocation Failure) [PSYoungGen: 59371K->1581K(59904K)] 404787K->347005K(557056K), 0.0016904 secs] [Times: user=0.01 sys=0.00, real=0.00 secs] 
2788.332: [GC (Allocation Failure) [PSYoungGen: 59437K->1549K(59904K)] 404861K->346973K(557056K), 0.0017307 secs] [Times: user=0.01 sys=0.01, real=0.00 secs] 
2788.668: [GC (Allocation Failure) [PSYoungGen: 59405K->1565K(59904K)] 404829K->346989K(557056K), 0.0017081 secs] [Times: user=0.01 sys=0.00, real=0.00 secs] 
2788.993: [GC (Allocation Failure) [PSYoungGen: 59421K->1456K(59904K)] 404845K->346880K(557056K), 0.0023169 secs] [Times: user=0.01 sys=0.00, real=0.00 secs] 
2789.236: [GC (Allocation Failure) [PSYoungGen: 59312K->1376K(59904K)] 404736K->346800K(557056K), 0.0021735 secs] [Times: user=0.01 sys=0.01, real=0.00 secs] 
2789.476: [GC (Allocation Failure) [PSYoungGen: 59232K->1408K(59904K)] 404656K->346832K(557056K), 0.0028083 secs] [Times: user=0.01 sys=0.00, real=0.00 secs] 
2789.717: [GC (Allocation Failure) [PSYoungGen: 59264K->1376K(59904K)] 404688K->346800K(557056K), 0.0018502 secs] [Times: user=0.01 sys=0.00, real=0.00 secs] 
2789.957: [GC (Allocation Failure) [PSYoungGen: 59232K->1408K(59904K)] 404656K->346832K(557056K), 0.0019184 secs] [Times: user=0.01 sys=0.00, real=0.00 secs] 
2790.326: [GC (Allocation Failure) [PSYoungGen: 59264K->1568K(59904K)] 404688K->346992K(557056K), 0.0014725 secs] [Times: user=0.01 sys=0.00, real=0.00 secs] 
2790.665: [GC (Allocation Failure) [PSYoungGen: 59399K->1613K(59904K)] 404823K->347045K(557056K), 0.0015743 secs] [Times: user=0.01 sys=0.00, real=0.00 secs] 
2791.006: [GC (Allocation Failure) [PSYoungGen: 59469K->1565K(59904K)] 404901K->346997K(557056K), 0.0015958 secs] [Times: user=0.00 sys=0.00, real=0.00 secs] 
2791.344: [GC (Allocation Failure) [PSYoungGen: 59421K->1549K(59904K)] 404853K->346981K(557056K), 0.0015731 secs] [Times: user=0.00 sys=0.00, real=0.00 secs] 
2791.741: [GC (Allocation Failure) [PSYoungGen: 59405K->1456K(59904K)] 404837K->346888K(557056K), 0.0019170 secs] [Times: user=0.01 sys=0.00, real=0.01 secs] 
2792.307: [GC (Allocation Failure) [PSYoungGen: 59312K->1376K(59904K)] 404744K->346808K(557056K), 0.0021055 secs] [Times: user=0.01 sys=0.00, real=0.00 secs] 
2792.926: [GC (Allocation Failure) [PSYoungGen: 59232K->1344K(59904K)] 404664K->346776K(557056K), 0.0026966 secs] [Times: user=0.01 sys=0.00, real=0.00 secs] 
2793.665: [GC (Allocation Failure) [PSYoungGen: 59200K->1408K(59904K)] 404632K->346840K(557056K), 0.0027910 secs] [Times: user=0.01 sys=0.00, real=0.00 secs] 
2794.516: [GC (Allocation Failure) [PSYoungGen: 59264K->1408K(59904K)] 404696K->346848K(557056K), 0.0036948 secs] [Times: user=0.02 sys=0.00, real=0.00 secs] 
2795.306: [GC (Allocation Failure) [PSYoungGen: 59264K->1485K(59904K)] 404704K->346925K(557056K), 0.0015612 secs] [Times: user=0.00 sys=0.00, real=0.00 secs] 
2795.651: [GC (Allocation Failure) [PSYoungGen: 59341K->1552K(59904K)] 404781K->347008K(557056K), 0.0016117 secs] [Times: user=0.01 sys=0.00, real=0.01 secs] 
2795.991: [GC (Allocation Failure) [PSYoungGen: 59390K->1581K(59904K)] 404846K->347037K(557056K), 0.0015729 secs] [Times: user=0.01 sys=0.00, real=0.01 secs] 
2796.329: [GC (Allocation Failure) [PSYoungGen: 59437K->1549K(59904K)] 404893K->347005K(557056K), 0.0017408 secs] [Times: user=0.01 sys=0.00, real=0.00 secs] 
2796.682: [GC (Allocation Failure) [PSYoungGen: 59405K->1456K(59904K)] 404861K->346920K(557056K), 0.0019942 secs] [Times: user=0.01 sys=0.00, real=0.00 secs] 
2796.940: [GC (Allocation Failure) [PSYoungGen: 59312K->1408K(59904K)] 404776K->346872K(557056K), 0.0018784 secs] [Times: user=0.01 sys=0.00, real=0.01 secs] 
2797.195: [GC (Allocation Failure) [PSYoungGen: 59264K->1408K(59904K)] 404728K->346872K(557056K), 0.0018897 secs] [Times: user=0.01 sys=0.00, real=0.00 secs] 
2797.506: [GC (Allocation Failure) [PSYoungGen: 59264K->1408K(59904K)] 404728K->346872K(557056K), 0.0018449 secs] [Times: user=0.01 sys=0.00, real=0.00 secs] 
2797.746: [GC (Allocation Failure) [PSYoungGen: 59264K->1376K(59904K)] 404728K->346840K(557056K), 0.0017704 secs] [Times: user=0.01 sys=0.00, real=0.00 secs] 
2798.115: [GC (Allocation Failure) [PSYoungGen: 59232K->1488K(59904K)] 404696K->346952K(557056K), 0.0015415 secs] [Times: user=0.01 sys=0.00, real=0.00 secs] 
2798.454: [GC (Allocation Failure) [PSYoungGen: 59328K->1600K(59904K)] 404792K->347072K(557056K), 0.0015980 secs] [Times: user=0.01 sys=0.01, real=0.00 secs] 
2798.792: [GC (Allocation Failure) [PSYoungGen: 59456K->1584K(59904K)] 404928K->347056K(557056K), 0.0016850 secs] [Times: user=0.01 sys=0.00, real=0.00 secs] 
2799.129: [GC (Allocation Failure) [PSYoungGen: 59440K->1581K(59904K)] 404912K->347053K(557056K), 0.0017004 secs] [Times: user=0.00 sys=0.00, real=0.00 secs] 
2799.467: [GC (Allocation Failure) [PSYoungGen: 59437K->2000K(59904K)] 404909K->347480K(557056K), 0.0015977 secs] [Times: user=0.00 sys=0.00, real=0.00 secs] 
2799.708: [GC (Allocation Failure) [PSYoungGen: 59856K->1408K(59904K)] 405336K->346888K(557056K), 0.0014262 secs] [Times: user=0.01 sys=0.00, real=0.00 secs] 
2799.948: [GC (Allocation Failure) [PSYoungGen: 59264K->1440K(59904K)] 404744K->346920K(557056K), 0.0015085 secs] [Times: user=0.00 sys=0.00, real=0.00 secs] 
2800.188: [GC (Allocation Failure) [PSYoungGen: 59296K->1440K(59904K)] 404776K->346920K(557056K), 0.0015761 secs] [Times: user=0.01 sys=0.00, real=0.00 secs] 
2800.427: [GC (Allocation Failure) [PSYoungGen: 59296K->1408K(59904K)] 404776K->346888K(557056K), 0.0015067 secs] [Times: user=0.00 sys=0.00, real=0.00 secs] 
2800.735: [GC (Allocation Failure) [PSYoungGen: 59264K->1520K(59904K)] 404744K->347000K(557056K), 0.0018397 secs] [Times: user=0.01 sys=0.00, real=0.00 secs] 
2801.168: [GC (Allocation Failure) [PSYoungGen: 59376K->1597K(59904K)] 404856K->347085K(557056K), 0.0015836 secs] [Times: user=0.00 sys=0.00, real=0.00 secs] 
2801.571: [GC (Allocation Failure) [PSYoungGen: 59425K->1581K(59904K)] 404913K->347069K(557056K), 0.0016262 secs] [Times: user=0.00 sys=0.00, real=0.01 secs] 
2801.908: [GC (Allocation Failure) [PSYoungGen: 59437K->1597K(59904K)] 404925K->347085K(557056K), 0.0017140 secs] [Times: user=0.01 sys=0.00, real=0.00 secs] 
2802.322: [GC (Allocation Failure) [PSYoungGen: 59453K->1696K(59904K)] 404941K->347184K(557056K), 0.0019939 secs] [Times: user=0.01 sys=0.00, real=0.00 secs] 
2803.931: [GC (Allocation Failure) [PSYoungGen: 59552K->1440K(59904K)] 405040K->346928K(557056K), 0.0034456 secs] [Times: user=0.01 sys=0.01, real=0.01 secs] 
2804.350: [GC (Allocation Failure) [PSYoungGen: 59296K->1408K(59904K)] 404784K->346912K(557056K), 0.0020559 secs] [Times: user=0.00 sys=0.00, real=0.01 secs] 
2804.608: [GC (Allocation Failure) [PSYoungGen: 59264K->1424K(59904K)] 404768K->346928K(557056K), 0.0017338 secs] [Times: user=0.00 sys=0.00, real=0.00 secs] 
2804.848: [GC (Allocation Failure) [PSYoungGen: 59280K->1424K(59904K)] 404784K->346928K(557056K), 0.0017348 secs] [Times: user=0.01 sys=0.00, real=0.00 secs] 
2805.176: [GC (Allocation Failure) [PSYoungGen: 59280K->1472K(59904K)] 404784K->346976K(557056K), 0.0016553 secs] [Times: user=0.01 sys=0.00, real=0.00 secs] 
2805.512: [GC (Allocation Failure) [PSYoungGen: 59328K->1565K(59904K)] 404832K->347093K(557056K), 0.0015067 secs] [Times: user=0.01 sys=0.00, real=0.00 secs] 
2805.917: [GC (Allocation Failure) [PSYoungGen: 59421K->1581K(59904K)] 404949K->347109K(557056K), 0.0015638 secs] [Times: user=0.01 sys=0.00, real=0.00 secs] 
2806.254: [GC (Allocation Failure) [PSYoungGen: 59437K->1549K(59904K)] 404965K->347077K(557056K), 0.0017053 secs] [Times: user=0.01 sys=0.00, real=0.00 secs] 
2806.590: [GC (Allocation Failure) [PSYoungGen: 59405K->1581K(59904K)] 404933K->347109K(557056K), 0.0016882 secs] [Times: user=0.00 sys=0.00, real=0.01 secs] 
2807.245: [GC (Allocation Failure) [PSYoungGen: 59437K->1408K(59904K)] 404965K->346936K(557056K), 0.0034481 secs] [Times: user=0.01 sys=0.00, real=0.00 secs] 
2807.751: [GC (Allocation Failure) [PSYoungGen: 59264K->1376K(59904K)] 404792K->346904K(557056K), 0.0028112 secs] [Times: user=0.01 sys=0.00, real=0.01 secs] 
2808.230: [GC (Allocation Failure) [PSYoungGen: 59232K->1344K(59904K)] 404760K->346872K(557056K), 0.0028800 secs] [Times: user=0.01 sys=0.00, real=0.01 secs] 
2808.730: [GC (Allocation Failure) [PSYoungGen: 59200K->1344K(59904K)] 404728K->346872K(557056K), 0.0027277 secs] [Times: user=0.01 sys=0.00, real=0.01 secs] 
2809.243: [GC (Allocation Failure) [PSYoungGen: 59168K->1488K(59904K)] 404696K->347016K(557056K), 0.0022004 secs] [Times: user=0.01 sys=0.00, real=0.00 secs] 
2809.623: [GC (Allocation Failure) [PSYoungGen: 59344K->1565K(59904K)] 404872K->347101K(557056K), 0.0017000 secs] [Times: user=0.01 sys=0.00, real=0.00 secs] 
2809.961: [GC (Allocation Failure) [PSYoungGen: 59401K->1584K(59904K)] 404937K->347120K(557056K), 0.0016060 secs] [Times: user=0.01 sys=0.00, real=0.01 secs] 
2810.301: [GC (Allocation Failure) [PSYoungGen: 59440K->1581K(59904K)] 404976K->347117K(557056K), 0.0017271 secs] [Times: user=0.01 sys=0.00, real=0.01 secs] 
2810.639: [GC (Allocation Failure) [PSYoungGen: 59437K->1581K(59904K)] 404973K->347117K(557056K), 0.0017254 secs] [Times: user=0.00 sys=0.00, real=0.00 secs] 
2810.899: [GC (Allocation Failure) [PSYoungGen: 59437K->1392K(59904K)] 404973K->346928K(557056K), 0.0015263 secs] [Times: user=0.01 sys=0.00, real=0.00 secs] 
2811.139: [GC (Allocation Failure) [PSYoungGen: 59248K->1376K(59904K)] 404784K->346912K(557056K), 0.0015319 secs] [Times: user=0.01 sys=0.00, real=0.00 secs] 
2811.379: [GC (Allocation Failure) [PSYoungGen: 59232K->1376K(59904K)] 404768K->346912K(557056K), 0.0014525 secs] [Times: user=0.01 sys=0.00, real=0.00 secs] 
2811.618: [GC (Allocation Failure) [PSYoungGen: 59232K->1376K(59904K)] 404768K->346912K(557056K), 0.0014788 secs] [Times: user=0.01 sys=0.00, real=0.00 secs] 
2811.880: [GC (Allocation Failure) [PSYoungGen: 59232K->1424K(59904K)] 404768K->346960K(557056K), 0.0014868 secs] [Times: user=0.01 sys=0.00, real=0.01 secs] 
2812.221: [GC (Allocation Failure) [PSYoungGen: 59280K->1581K(59904K)] 404816K->347117K(557056K), 0.0015067 secs] [Times: user=0.01 sys=0.00, real=0.01 secs] 
2812.560: [GC (Allocation Failure) [PSYoungGen: 59434K->1581K(59904K)] 404970K->347125K(557056K), 0.0015750 secs] [Times: user=0.01 sys=0.00, real=0.00 secs] 
2812.897: [GC (Allocation Failure) [PSYoungGen: 59437K->1533K(59904K)] 404981K->347077K(557056K), 0.0016121 secs] [Times: user=0.01 sys=0.00, real=0.00 secs] 
2813.234: [GC (Allocation Failure) [PSYoungGen: 59389K->1520K(59904K)] 404933K->347088K(557056K), 0.0016122 secs] [Times: user=0.01 sys=0.00, real=0.00 secs] 
2813.532: [GC (Allocation Failure) [PSYoungGen: 59376K->1440K(59904K)] 404944K->347008K(557056K), 0.0018390 secs] [Times: user=0.01 sys=0.00, real=0.00 secs] 
2813.773: [GC (Allocation Failure) [PSYoungGen: 59296K->1344K(59904K)] 404864K->346912K(557056K), 0.0018554 secs] [Times: user=0.00 sys=0.00, real=0.00 secs] 
2814.013: [GC (Allocation Failure) [PSYoungGen: 59200K->1344K(59904K)] 404768K->346912K(557056K), 0.0018859 secs] [Times: user=0.01 sys=0.00, real=0.00 secs] 
2814.253: [GC (Allocation Failure) [PSYoungGen: 59200K->1376K(59904K)] 404768K->346944K(557056K), 0.0016468 secs] [Times: user=0.00 sys=0.00, real=0.00 secs] 
2814.494: [GC (Allocation Failure) [PSYoungGen: 59232K->1376K(59904K)] 404800K->346944K(557056K), 0.0017737 secs] [Times: user=0.01 sys=0.00, real=0.00 secs] 
2814.895: [GC (Allocation Failure) [PSYoungGen: 59232K->1581K(59904K)] 404800K->347149K(557056K), 0.0017675 secs] [Times: user=0.01 sys=0.00, real=0.00 secs] 
2815.231: [GC (Allocation Failure) [PSYoungGen: 59437K->1581K(59904K)] 405005K->347157K(557056K), 0.0016238 secs] [Times: user=0.01 sys=0.00, real=0.01 secs] 
2815.569: [GC (Allocation Failure) [PSYoungGen: 59437K->1501K(59904K)] 405013K->347077K(557056K), 0.0015927 secs] [Times: user=0.01 sys=0.00, real=0.00 secs] 
2815.906: [GC (Allocation Failure) [PSYoungGen: 59357K->1549K(59904K)] 404933K->347125K(557056K), 0.0015968 secs] [Times: user=0.01 sys=0.00, real=0.00 secs] 
2816.623: [GC (Allocation Failure) [PSYoungGen: 59405K->1408K(59904K)] 404981K->346984K(557056K), 0.0025094 secs] [Times: user=0.01 sys=0.00, real=0.00 secs] 
2817.223: [GC (Allocation Failure) [PSYoungGen: 59264K->1392K(59904K)] 404840K->346968K(557056K), 0.0037491 secs] [Times: user=0.01 sys=0.00, real=0.00 secs] 
2817.874: [GC (Allocation Failure) [PSYoungGen: 59248K->1376K(59904K)] 404824K->346952K(557056K), 0.0028336 secs] [Times: user=0.01 sys=0.00, real=0.00 secs] 
2818.588: [GC (Allocation Failure) [PSYoungGen: 59232K->1408K(59904K)] 404808K->346984K(557056K), 0.0030595 secs] [Times: user=0.01 sys=0.00, real=0.00 secs] 
2819.174: [GC (Allocation Failure) [PSYoungGen: 59264K->1408K(59904K)] 404840K->346984K(557056K), 0.0033512 secs] [Times: user=0.01 sys=0.00, real=0.00 secs] 
2819.713: [GC (Allocation Failure) [PSYoungGen: 59264K->1488K(59904K)] 404840K->347064K(557056K), 0.0016447 secs] [Times: user=0.01 sys=0.00, real=0.00 secs] 
2820.050: [GC (Allocation Failure) [PSYoungGen: 59344K->1581K(59904K)] 404920K->347173K(557056K), 0.0015184 secs] [Times: user=0.01 sys=0.00, real=0.01 secs] 
2820.387: [GC (Allocation Failure) [PSYoungGen: 59437K->1536K(59904K)] 405029K->347128K(557056K), 0.0016056 secs] [Times: user=0.01 sys=0.00, real=0.00 secs] 
2820.782: [GC (Allocation Failure) [PSYoungGen: 59392K->1501K(59904K)] 404984K->347093K(557056K), 0.0016826 secs] [Times: user=0.01 sys=0.00, real=0.00 secs] 
2821.714: [GC (Allocation Failure) [PSYoungGen: 59357K->1472K(59904K)] 404949K->347064K(557056K), 0.0036322 secs] [Times: user=0.02 sys=0.00, real=0.00 secs] 
2822.281: [GC (Allocation Failure) [PSYoungGen: 59328K->1344K(59904K)] 404920K->346936K(557056K), 0.0022611 secs] [Times: user=0.00 sys=0.00, real=0.01 secs] 
2822.800: [GC (Allocation Failure) [PSYoungGen: 59200K->1376K(59904K)] 404792K->346968K(557056K), 0.0023990 secs] [Times: user=0.01 sys=0.00, real=0.01 secs] 
2823.273: [GC (Allocation Failure) [PSYoungGen: 59232K->1376K(59904K)] 404824K->346968K(557056K), 0.0024211 secs] [Times: user=0.01 sys=0.00, real=0.00 secs] 
2823.986: [GC (Allocation Failure) [PSYoungGen: 59232K->1360K(59904K)] 404824K->346952K(557056K), 0.0027279 secs] [Times: user=0.01 sys=0.00, real=0.00 secs] 
2824.702: [GC (Allocation Failure) [PSYoungGen: 59203K->1549K(59904K)] 404795K->347141K(557056K), 0.0018258 secs] [Times: user=0.01 sys=0.00, real=0.00 secs] 
2825.099: [GC (Allocation Failure) [PSYoungGen: 59405K->1613K(59904K)] 404997K->347213K(557056K), 0.0016241 secs] [Times: user=0.01 sys=0.00, real=0.00 secs] 
2825.436: [GC (Allocation Failure) [PSYoungGen: 59469K->1517K(59904K)] 405069K->347117K(557056K), 0.0015885 secs] [Times: user=0.00 sys=0.00, real=0.00 secs] 
2825.833: [GC (Allocation Failure) [PSYoungGen: 59373K->1613K(59904K)] 404973K->347213K(557056K), 0.0018294 secs] [Times: user=0.01 sys=0.00, real=0.00 secs] 
2826.396: [GC (Allocation Failure) [PSYoungGen: 59469K->1376K(59904K)] 405069K->346992K(557056K), 0.0026791 secs] [Times: user=0.01 sys=0.00, real=0.00 secs] 
2826.842: [GC (Allocation Failure) [PSYoungGen: 59232K->1328K(59904K)] 404848K->346944K(557056K), 0.0026299 secs] [Times: user=0.01 sys=0.00, real=0.00 secs] 
2827.068: [GC (Allocation Failure) [PSYoungGen: 59184K->1376K(59904K)] 404800K->346992K(557056K), 0.0017665 secs] [Times: user=0.01 sys=0.00, real=0.00 secs] 
2827.308: [GC (Allocation Failure) [PSYoungGen: 59232K->1408K(59904K)] 404848K->347024K(557056K), 0.0018613 secs] [Times: user=0.01 sys=0.00, real=0.00 secs] 
2827.549: [GC (Allocation Failure) [PSYoungGen: 59264K->1408K(59904K)] 404880K->347024K(557056K), 0.0017651 secs] [Times: user=0.01 sys=0.00, real=0.00 secs] 
2827.882: [GC (Allocation Failure) [PSYoungGen: 59249K->1456K(59904K)] 404865K->347072K(557056K), 0.0016515 secs] [Times: user=0.01 sys=0.00, real=0.00 secs] 
2828.221: [GC (Allocation Failure) [PSYoungGen: 59312K->1565K(59904K)] 404928K->347189K(557056K), 0.0016614 secs] [Times: user=0.01 sys=0.00, real=0.01 secs] 
2828.559: [GC (Allocation Failure) [PSYoungGen: 59402K->1600K(59904K)] 405026K->347224K(557056K), 0.0017271 secs] [Times: user=0.01 sys=0.00, real=0.00 secs] 
2828.959: [GC (Allocation Failure) [PSYoungGen: 59456K->1581K(59904K)] 405080K->347205K(557056K), 0.0015825 secs] [Times: user=0.00 sys=0.00, real=0.00 secs] 
2829.357: [GC (Allocation Failure) [PSYoungGen: 59437K->1456K(59904K)] 405061K->347080K(557056K), 0.0022611 secs] [Times: user=0.01 sys=0.00, real=0.00 secs] 
2829.843: [GC (Allocation Failure) [PSYoungGen: 59312K->1344K(59904K)] 404936K->346968K(557056K), 0.0024094 secs] [Times: user=0.01 sys=0.00, real=0.00 secs] 
2830.304: [GC (Allocation Failure) [PSYoungGen: 59200K->1376K(59904K)] 404824K->347000K(557056K), 0.0025261 secs] [Times: user=0.01 sys=0.00, real=0.00 secs] 
2830.818: [GC (Allocation Failure) [PSYoungGen: 59232K->1392K(59904K)] 404856K->347016K(557056K), 0.0027225 secs] [Times: user=0.01 sys=0.00, real=0.00 secs] 
2831.282: [GC (Allocation Failure) [PSYoungGen: 59248K->1344K(59904K)] 404872K->346968K(557056K), 0.0026589 secs] [Times: user=0.01 sys=0.00, real=0.00 secs] 
2831.811: [GC (Allocation Failure) [PSYoungGen: 59200K->1453K(59904K)] 404824K->347077K(557056K), 0.0016666 secs] [Times: user=0.01 sys=0.00, real=0.01 secs] 
2832.149: [GC (Allocation Failure) [PSYoungGen: 59306K->1536K(59904K)] 404930K->347176K(557056K), 0.0017659 secs] [Times: user=0.01 sys=0.00, real=0.00 secs] 
2832.487: [GC (Allocation Failure) [PSYoungGen: 59392K->1581K(59904K)] 405032K->347221K(557056K), 0.0015782 secs] [Times: user=0.01 sys=0.00, real=0.00 secs] 
2832.824: [GC (Allocation Failure) [PSYoungGen: 59437K->1533K(59904K)] 405077K->347173K(557056K), 0.0015831 secs] [Times: user=0.01 sys=0.00, real=0.00 secs] 
2833.147: [GC (Allocation Failure) [PSYoungGen: 59389K->1456K(59904K)] 405029K->347096K(557056K), 0.0017224 secs] [Times: user=0.00 sys=0.00, real=0.00 secs] 
2833.484: [GC (Allocation Failure) [PSYoungGen: 59312K->1376K(59904K)] 404952K->347016K(557056K), 0.0016996 secs] [Times: user=0.01 sys=0.00, real=0.00 secs] 
2834.122: [GC (Allocation Failure) [PSYoungGen: 59232K->1376K(59904K)] 404872K->347016K(557056K), 0.0017795 secs] [Times: user=0.01 sys=0.01, real=0.00 secs] 
2834.702: [GC (Allocation Failure) [PSYoungGen: 59232K->1376K(59904K)] 404872K->347032K(557056K), 0.0018201 secs] [Times: user=0.01 sys=0.00, real=0.00 secs] 
2835.302: [GC (Allocation Failure) [PSYoungGen: 59232K->1344K(59904K)] 404888K->347000K(557056K), 0.0020239 secs] [Times: user=0.01 sys=0.00, real=0.00 secs] 
2835.779: [GC (Allocation Failure) [PSYoungGen: 59198K->1488K(59904K)] 404854K->347144K(557056K), 0.0016503 secs] [Times: user=0.01 sys=0.00, real=0.00 secs] 
2836.115: [GC (Allocation Failure) [PSYoungGen: 59344K->1536K(59904K)] 405000K->347208K(557056K), 0.0016018 secs] [Times: user=0.00 sys=0.00, real=0.00 secs] 
2836.452: [GC (Allocation Failure) [PSYoungGen: 59392K->1533K(59904K)] 405064K->347205K(557056K), 0.0016348 secs] [Times: user=0.01 sys=0.00, real=0.00 secs] 
2836.798: [GC (Allocation Failure) [PSYoungGen: 59389K->1533K(59904K)] 405061K->347205K(557056K), 0.0016332 secs] [Times: user=0.00 sys=0.00, real=0.00 secs] 
2837.109: [GC (Allocation Failure) [PSYoungGen: 59389K->1424K(59904K)] 405061K->347096K(557056K), 0.0016722 secs] [Times: user=0.00 sys=0.00, real=0.00 secs] 
2837.350: [GC (Allocation Failure) [PSYoungGen: 59280K->1376K(59904K)] 404952K->347048K(557056K), 0.0016317 secs] [Times: user=0.01 sys=0.00, real=0.00 secs] 
2837.700: [GC (Allocation Failure) [PSYoungGen: 59232K->1376K(59904K)] 404904K->347048K(557056K), 0.0017007 secs] [Times: user=0.01 sys=0.00, real=0.00 secs] 
2838.158: [GC (Allocation Failure) [PSYoungGen: 59232K->1408K(59904K)] 404904K->347080K(557056K), 0.0016981 secs] [Times: user=0.01 sys=0.00, real=0.00 secs] 
2838.597: [GC (Allocation Failure) [PSYoungGen: 59264K->1376K(59904K)] 404936K->347048K(557056K), 0.0016703 secs] [Times: user=0.01 sys=0.00, real=0.00 secs] 
2838.999: [GC (Allocation Failure) [PSYoungGen: 59220K->1549K(59904K)] 404892K->347221K(557056K), 0.0015053 secs] [Times: user=0.00 sys=0.00, real=0.00 secs] 
2839.335: [GC (Allocation Failure) [PSYoungGen: 59405K->1568K(59904K)] 405077K->347248K(557056K), 0.0017499 secs] [Times: user=0.00 sys=0.00, real=0.00 secs] 
2839.675: [GC (Allocation Failure) [PSYoungGen: 59424K->1600K(59904K)] 405104K->347280K(557056K), 0.0015362 secs] [Times: user=0.01 sys=0.00, real=0.00 secs] 
2840.016: [GC (Allocation Failure) [PSYoungGen: 59456K->1536K(59904K)] 405136K->347216K(557056K), 0.0015084 secs] [Times: user=0.00 sys=0.00, real=0.00 secs] 
2840.332: [GC (Allocation Failure) [PSYoungGen: 59392K->1488K(59904K)] 405072K->347168K(557056K), 0.0016790 secs] [Times: user=0.01 sys=0.00, real=0.00 secs] 
2840.585: [GC (Allocation Failure) [PSYoungGen: 59344K->1376K(59904K)] 405024K->347056K(557056K), 0.0014855 secs] [Times: user=0.00 sys=0.00, real=0.00 secs] 
2840.878: [GC (Allocation Failure) [PSYoungGen: 59232K->1408K(59904K)] 404912K->347088K(557056K), 0.0017192 secs] [Times: user=0.01 sys=0.00, real=0.00 secs] 
2841.129: [GC (Allocation Failure) [PSYoungGen: 59264K->1344K(59904K)] 404944K->347024K(557056K), 0.0017038 secs] [Times: user=0.01 sys=0.00, real=0.00 secs] 
2841.673: [GC (Allocation Failure) [PSYoungGen: 59200K->1408K(59904K)] 404880K->347088K(557056K), 0.0017940 secs] [Times: user=0.01 sys=0.00, real=0.00 secs] 
2842.193: [GC (Allocation Failure) [PSYoungGen: 59264K->1485K(59904K)] 404944K->347165K(557056K), 0.0015639 secs] [Times: user=0.01 sys=0.00, real=0.00 secs] 
2842.532: [GC (Allocation Failure) [PSYoungGen: 59326K->1517K(59904K)] 405006K->347213K(557056K), 0.0016075 secs] [Times: user=0.01 sys=0.00, real=0.00 secs] 
2842.868: [GC (Allocation Failure) [PSYoungGen: 59373K->1568K(59904K)] 405069K->347264K(557056K), 0.0016192 secs] [Times: user=0.01 sys=0.00, real=0.00 secs] 
2843.206: [GC (Allocation Failure) [PSYoungGen: 59424K->1533K(59904K)] 405120K->347229K(557056K), 0.0015456 secs] [Times: user=0.00 sys=0.00, real=0.00 secs] 
2843.553: [GC (Allocation Failure) [PSYoungGen: 59389K->1488K(59904K)] 405085K->347200K(557056K), 0.0018449 secs] [Times: user=0.00 sys=0.00, real=0.00 secs] 
2843.794: [GC (Allocation Failure) [PSYoungGen: 59344K->1408K(59904K)] 405056K->347120K(557056K), 0.0016818 secs] [Times: user=0.01 sys=0.00, real=0.00 secs] 
2844.034: [GC (Allocation Failure) [PSYoungGen: 59264K->1408K(59904K)] 404976K->347120K(557056K), 0.0016299 secs] [Times: user=0.01 sys=0.00, real=0.00 secs] 
2844.274: [GC (Allocation Failure) [PSYoungGen: 59264K->1408K(59904K)] 404976K->347120K(557056K), 0.0016746 secs] [Times: user=0.00 sys=0.01, real=0.00 secs] 
2844.518: [GC (Allocation Failure) [PSYoungGen: 59264K->1344K(59904K)] 404976K->347056K(557056K), 0.0026615 secs] [Times: user=0.01 sys=0.00, real=0.00 secs] 
2844.830: [GC (Allocation Failure) [PSYoungGen: 59200K->1517K(59904K)] 404912K->347229K(557056K), 0.0016829 secs] [Times: user=0.01 sys=0.00, real=0.00 secs] 
2845.172: [GC (Allocation Failure) [PSYoungGen: 59373K->1533K(59904K)] 405085K->347261K(557056K), 0.0016463 secs] [Times: user=0.01 sys=0.00, real=0.00 secs] 
2845.509: [GC (Allocation Failure) [PSYoungGen: 59389K->1517K(59904K)] 405117K->347245K(557056K), 0.0018810 secs] [Times: user=0.00 sys=0.00, real=0.00 secs] 
2845.847: [GC (Allocation Failure) [PSYoungGen: 59373K->1565K(59904K)] 405101K->347293K(557056K), 0.0015529 secs] [Times: user=0.01 sys=0.00, real=0.00 secs] 
2846.208: [GC (Allocation Failure) [PSYoungGen: 59421K->1728K(59904K)] 405149K->347456K(557056K), 0.0019017 secs] [Times: user=0.01 sys=0.00, real=0.00 secs] 
2846.692: [GC (Allocation Failure) [PSYoungGen: 59584K->1344K(59904K)] 405312K->347072K(557056K), 0.0018227 secs] [Times: user=0.00 sys=0.00, real=0.00 secs] 
2847.186: [GC (Allocation Failure) [PSYoungGen: 59200K->1376K(59904K)] 404928K->347104K(557056K), 0.0018150 secs] [Times: user=0.01 sys=0.00, real=0.00 secs] 
2847.665: [GC (Allocation Failure) [PSYoungGen: 59232K->1344K(59904K)] 404960K->347072K(557056K), 0.0018666 secs] [Times: user=0.01 sys=0.00, real=0.00 secs] 
2848.066: [GC (Allocation Failure) [PSYoungGen: 59200K->1376K(59904K)] 404928K->347104K(557056K), 0.0018200 secs] [Times: user=0.01 sys=0.00, real=0.00 secs] 
2848.617: [GC (Allocation Failure) [PSYoungGen: 59232K->1520K(59904K)] 404960K->347248K(557056K), 0.0018617 secs] [Times: user=0.01 sys=0.00, real=0.00 secs] 
2848.961: [GC (Allocation Failure) [PSYoungGen: 59366K->1565K(59904K)] 405094K->347309K(557056K), 0.0015694 secs] [Times: user=0.01 sys=0.00, real=0.01 secs] 
2849.298: [GC (Allocation Failure) [PSYoungGen: 59421K->1565K(59904K)] 405165K->347309K(557056K), 0.0015634 secs] [Times: user=0.00 sys=0.00, real=0.00 secs] 
2849.697: [GC (Allocation Failure) [PSYoungGen: 59421K->1565K(59904K)] 405165K->347309K(557056K), 0.0015598 secs] [Times: user=0.00 sys=0.00, real=0.00 secs] 
2850.093: [GC (GCLocker Initiated GC) [PSYoungGen: 59421K->1501K(59904K)] 405165K->347245K(557056K), 0.0016506 secs] [Times: user=0.01 sys=0.00, real=0.00 secs] 
2850.374: [GC (Allocation Failure) [PSYoungGen: 59357K->1408K(59904K)] 405104K->347155K(557056K), 0.0021254 secs] [Times: user=0.00 sys=0.00, real=0.00 secs] 
2850.623: [GC (Allocation Failure) [PSYoungGen: 59264K->1376K(59904K)] 405011K->347123K(557056K), 0.0019440 secs] [Times: user=0.00 sys=0.00, real=0.00 secs] 
2850.867: [GC (Allocation Failure) [PSYoungGen: 59232K->1408K(59904K)] 404979K->347155K(557056K), 0.0019372 secs] [Times: user=0.00 sys=0.00, real=0.00 secs] 
2851.278: [GC (Allocation Failure) [PSYoungGen: 59264K->1344K(59904K)] 405011K->347091K(557056K), 0.0019559 secs] [Times: user=0.00 sys=0.00, real=0.00 secs] 
2851.737: [GC (Allocation Failure) [PSYoungGen: 59172K->1520K(59904K)] 404919K->347267K(557056K), 0.0020340 secs] [Times: user=0.01 sys=0.00, real=0.00 secs] 
2852.100: [GC (Allocation Failure) [PSYoungGen: 59376K->1613K(59904K)] 405123K->347376K(557056K), 0.0016773 secs] [Times: user=0.00 sys=0.00, real=0.01 secs] 
2852.437: [GC (Allocation Failure) [PSYoungGen: 59440K->1597K(59904K)] 405204K->347360K(557056K), 0.0015919 secs] [Times: user=0.01 sys=0.00, real=0.00 secs] 
2852.838: [GC (Allocation Failure) [PSYoungGen: 59453K->1613K(59904K)] 405216K->347376K(557056K), 0.0016793 secs] [Times: user=0.01 sys=0.00, real=0.00 secs] 
2853.174: [GC (Allocation Failure) [PSYoungGen: 59469K->1648K(59904K)] 405232K->347411K(557056K), 0.0016502 secs] [Times: user=0.01 sys=0.00, real=0.00 secs] 
2853.670: [GC (Allocation Failure) [PSYoungGen: 59504K->1472K(59904K)] 405267K->347235K(557056K), 0.0020454 secs] [Times: user=0.00 sys=0.00, real=0.01 secs] 
2854.170: [GC (Allocation Failure) [PSYoungGen: 59328K->1440K(59904K)] 405091K->347219K(557056K), 0.0019747 secs] [Times: user=0.01 sys=0.00, real=0.01 secs] 
2854.657: [GC (Allocation Failure) [PSYoungGen: 59296K->1376K(59904K)] 405075K->347155K(557056K), 0.0037558 secs] [Times: user=0.01 sys=0.00, real=0.00 secs] 
2855.141: [GC (Allocation Failure) [PSYoungGen: 59232K->1440K(59904K)] 405011K->347219K(557056K), 0.0023294 secs] [Times: user=0.01 sys=0.00, real=0.01 secs] 
2855.617: [GC (Allocation Failure) [PSYoungGen: 59296K->1520K(59904K)] 405075K->347299K(557056K), 0.0022461 secs] [Times: user=0.01 sys=0.00, real=0.00 secs] 
2856.010: [GC (Allocation Failure) [PSYoungGen: 59352K->1549K(59904K)] 405131K->347328K(557056K), 0.0015431 secs] [Times: user=0.00 sys=0.00, real=0.00 secs] 
2856.347: [GC (Allocation Failure) [PSYoungGen: 59405K->1533K(59904K)] 405184K->347376K(557056K), 0.0016539 secs] [Times: user=0.00 sys=0.00, real=0.00 secs] 
2856.684: [GC (Allocation Failure) [PSYoungGen: 59389K->1549K(59904K)] 405232K->347392K(557056K), 0.0016376 secs] [Times: user=0.01 sys=0.00, real=0.00 secs] 
2857.025: [GC (Allocation Failure) [PSYoungGen: 59405K->1581K(59904K)] 405248K->347424K(557056K), 0.0018061 secs] [Times: user=0.01 sys=0.00, real=0.00 secs] 
2858.028: [GC (Allocation Failure) [PSYoungGen: 59437K->1408K(59904K)] 405280K->347251K(557056K), 0.0034354 secs] [Times: user=0.02 sys=0.00, real=0.00 secs] 
2859.017: [GC (Allocation Failure) [PSYoungGen: 59264K->1360K(59904K)] 405107K->347203K(557056K), 0.0033643 secs] [Times: user=0.01 sys=0.00, real=0.00 secs] 
2859.271: [GC (Allocation Failure) [PSYoungGen: 59216K->1408K(59904K)] 405059K->347251K(557056K), 0.0019131 secs] [Times: user=0.01 sys=0.00, real=0.01 secs] 
2859.555: [GC (Allocation Failure) [PSYoungGen: 59264K->1376K(59904K)] 405107K->347219K(557056K), 0.0019917 secs] [Times: user=0.01 sys=0.00, real=0.00 secs] 
2859.795: [GC (Allocation Failure) [PSYoungGen: 59232K->1408K(59904K)] 405075K->347251K(557056K), 0.0018245 secs] [Times: user=0.01 sys=0.00, real=0.00 secs] 
2860.152: [GC (Allocation Failure) [PSYoungGen: 59241K->1552K(59904K)] 405085K->347395K(557056K), 0.0015869 secs] [Times: user=0.01 sys=0.00, real=0.00 secs] 
2860.490: [GC (Allocation Failure) [PSYoungGen: 59408K->1584K(59904K)] 405251K->347443K(557056K), 0.0015640 secs] [Times: user=0.01 sys=0.00, real=0.00 secs] 
2860.825: [GC (Allocation Failure) [PSYoungGen: 59440K->1597K(59904K)] 405299K->347456K(557056K), 0.0015612 secs] [Times: user=0.00 sys=0.00, real=0.00 secs] 
2861.163: [GC (Allocation Failure) [PSYoungGen: 59453K->1533K(59904K)] 405312K->347392K(557056K), 0.0015280 secs] [Times: user=0.00 sys=0.00, real=0.00 secs] 
2861.624: [GC (Allocation Failure) [PSYoungGen: 59389K->1440K(59904K)] 405248K->347299K(557056K), 0.0020795 secs] [Times: user=0.01 sys=0.00, real=0.00 secs] 
2862.151: [GC (Allocation Failure) [PSYoungGen: 59296K->1376K(59904K)] 405155K->347243K(557056K), 0.0019645 secs] [Times: user=0.00 sys=0.00, real=0.01 secs] 
2862.391: [GC (Allocation Failure) [PSYoungGen: 59232K->1408K(59904K)] 405099K->347275K(557056K), 0.0020441 secs] [Times: user=0.01 sys=0.00, real=0.01 secs] 
2862.632: [GC (Allocation Failure) [PSYoungGen: 59264K->1408K(59904K)] 405131K->347275K(557056K), 0.0018889 secs] [Times: user=0.01 sys=0.00, real=0.00 secs] 
2862.873: [GC (Allocation Failure) [PSYoungGen: 59264K->1408K(59904K)] 405131K->347275K(557056K), 0.0018769 secs] [Times: user=0.01 sys=0.00, real=0.00 secs] 
2863.257: [GC (Allocation Failure) [PSYoungGen: 59241K->1517K(59904K)] 405108K->347384K(557056K), 0.0016494 secs] [Times: user=0.00 sys=0.00, real=0.00 secs] 
2863.594: [GC (Allocation Failure) [PSYoungGen: 59373K->1533K(59904K)] 405240K->347416K(557056K), 0.0015844 secs] [Times: user=0.00 sys=0.00, real=0.00 secs] 
2863.931: [GC (Allocation Failure) [PSYoungGen: 59389K->1533K(59904K)] 405272K->347440K(557056K), 0.0016225 secs] [Times: user=0.01 sys=0.00, real=0.01 secs] 
2864.268: [GC (Allocation Failure) [PSYoungGen: 59389K->1568K(59904K)] 405296K->347475K(557056K), 0.0016412 secs] [Times: user=0.01 sys=0.00, real=0.00 secs] 
2864.988: [GC (Allocation Failure) [PSYoungGen: 59424K->1456K(59904K)] 405331K->347363K(557056K), 0.0019561 secs] [Times: user=0.01 sys=0.00, real=0.00 secs] 
2865.860: [GC (Allocation Failure) [PSYoungGen: 59312K->1312K(59904K)] 405219K->347219K(557056K), 0.0018406 secs] [Times: user=0.01 sys=0.00, real=0.01 secs] 
2866.456: [GC (Allocation Failure) [PSYoungGen: 59168K->1376K(59904K)] 405075K->347283K(557056K), 0.0019337 secs] [Times: user=0.01 sys=0.00, real=0.00 secs] 
2866.941: [GC (Allocation Failure) [PSYoungGen: 59232K->1376K(59904K)] 405139K->347283K(557056K), 0.0021407 secs] [Times: user=0.00 sys=0.00, real=0.01 secs] 
2867.420: [GC (Allocation Failure) [PSYoungGen: 59232K->1408K(59904K)] 405139K->347315K(557056K), 0.0021772 secs] [Times: user=0.01 sys=0.00, real=0.01 secs] 
2867.829: [GC (Allocation Failure) [PSYoungGen: 59251K->1456K(59904K)] 405158K->347363K(557056K), 0.0015837 secs] [Times: user=0.01 sys=0.00, real=0.00 secs] 
2868.166: [GC (Allocation Failure) [PSYoungGen: 59312K->1613K(59904K)] 405219K->347528K(557056K), 0.0016892 secs] [Times: user=0.01 sys=0.00, real=0.00 secs] 
2868.503: [GC (Allocation Failure) [PSYoungGen: 59469K->1581K(59904K)] 405384K->347496K(557056K), 0.0015690 secs] [Times: user=0.01 sys=0.00, real=0.00 secs] 
2868.840: [GC (Allocation Failure) [PSYoungGen: 59437K->1517K(59904K)] 405352K->347432K(557056K), 0.0016155 secs] [Times: user=0.00 sys=0.00, real=0.01 secs] 
2869.498: [GC (Allocation Failure) [PSYoungGen: 59373K->1424K(59904K)] 405288K->347339K(557056K), 0.0023429 secs] [Times: user=0.01 sys=0.00, real=0.00 secs] 
2870.052: [GC (Allocation Failure) [PSYoungGen: 59280K->1328K(59904K)] 405195K->347243K(557056K), 0.0038428 secs] [Times: user=0.02 sys=0.00, real=0.00 secs] 
2870.312: [GC (Allocation Failure) [PSYoungGen: 59184K->1376K(59904K)] 405099K->347291K(557056K), 0.0019586 secs] [Times: user=0.01 sys=0.00, real=0.00 secs] 
2870.552: [GC (Allocation Failure) [PSYoungGen: 59232K->1408K(59904K)] 405147K->347323K(557056K), 0.0019135 secs] [Times: user=0.00 sys=0.00, real=0.00 secs] 
2870.806: [GC (Allocation Failure) [PSYoungGen: 59264K->1376K(59904K)] 405179K->347291K(557056K), 0.0018620 secs] [Times: user=0.00 sys=0.00, real=0.00 secs] 
2871.140: [GC (Allocation Failure) [PSYoungGen: 59229K->1549K(59904K)] 405144K->347464K(557056K), 0.0014458 secs] [Times: user=0.01 sys=0.00, real=0.00 secs] 
2871.476: [GC (Allocation Failure) [PSYoungGen: 59405K->1501K(59904K)] 405320K->347424K(557056K), 0.0015736 secs] [Times: user=0.01 sys=0.00, real=0.00 secs] 
2871.875: [GC (Allocation Failure) [PSYoungGen: 59357K->1552K(59904K)] 405280K->347475K(557056K), 0.0016339 secs] [Times: user=0.00 sys=0.00, real=0.00 secs] 
2872.268: [GC (Allocation Failure) [PSYoungGen: 59408K->1568K(59904K)] 405331K->347491K(557056K), 0.0016140 secs] [Times: user=0.01 sys=0.00, real=0.00 secs] 
2872.663: [GC (Allocation Failure) [PSYoungGen: 59424K->1488K(59904K)] 405347K->347411K(557056K), 0.0024690 secs] [Times: user=0.01 sys=0.00, real=0.00 secs] 
2872.959: [GC (Allocation Failure) [PSYoungGen: 59344K->1376K(59904K)] 405267K->347299K(557056K), 0.0018838 secs] [Times: user=0.01 sys=0.00, real=0.00 secs] 
2873.218: [GC (Allocation Failure) [PSYoungGen: 59232K->1376K(59904K)] 405155K->347299K(557056K), 0.0019475 secs] [Times: user=0.01 sys=0.00, real=0.00 secs] 
2873.520: [GC (Allocation Failure) [PSYoungGen: 59232K->1376K(59904K)] 405155K->347315K(557056K), 0.0018558 secs] [Times: user=0.00 sys=0.00, real=0.01 secs] 
2873.765: [GC (Allocation Failure) [PSYoungGen: 59232K->1408K(59904K)] 405171K->347347K(557056K), 0.0018266 secs] [Times: user=0.01 sys=0.00, real=0.00 secs] 
2874.111: [GC (Allocation Failure) [PSYoungGen: 59257K->1453K(59904K)] 405197K->347392K(557056K), 0.0015499 secs] [Times: user=0.00 sys=0.00, real=0.01 secs] 
2874.448: [GC (Allocation Failure) [PSYoungGen: 59309K->1568K(59904K)] 405248K->347515K(557056K), 0.0015559 secs] [Times: user=0.01 sys=0.00, real=0.00 secs] 
2874.786: [GC (Allocation Failure) [PSYoungGen: 59424K->1501K(59904K)] 405371K->347448K(557056K), 0.0016964 secs] [Times: user=0.00 sys=0.00, real=0.00 secs] 
2875.127: [GC (Allocation Failure) [PSYoungGen: 59357K->1533K(59904K)] 405304K->347480K(557056K), 0.0015971 secs] [Times: user=0.00 sys=0.00, real=0.00 secs] 
2875.689: [GC (Allocation Failure) [PSYoungGen: 59389K->1456K(59904K)] 405336K->347403K(557056K), 0.0020556 secs] [Times: user=0.01 sys=0.00, real=0.00 secs] 
2876.190: [GC (Allocation Failure) [PSYoungGen: 59312K->1376K(59904K)] 405259K->347323K(557056K), 0.0018595 secs] [Times: user=0.00 sys=0.00, real=0.00 secs] 
2876.724: [GC (Allocation Failure) [PSYoungGen: 59232K->1344K(59904K)] 405179K->347291K(557056K), 0.0021535 secs] [Times: user=0.01 sys=0.00, real=0.00 secs] 
2877.309: [GC (Allocation Failure) [PSYoungGen: 59200K->1408K(59904K)] 405147K->347355K(557056K), 0.0023382 secs] [Times: user=0.01 sys=0.00, real=0.00 secs] 
2877.732: [GC (Allocation Failure) [PSYoungGen: 59264K->1376K(59904K)] 405211K->347323K(557056K), 0.0022694 secs] [Times: user=0.01 sys=0.00, real=0.00 secs] 
2878.234: [GC (Allocation Failure) [PSYoungGen: 59205K->1501K(59904K)] 405152K->347448K(557056K), 0.0014117 secs] [Times: user=0.00 sys=0.00, real=0.00 secs] 
2878.570: [GC (Allocation Failure) [PSYoungGen: 59357K->1552K(59904K)] 405304K->347515K(557056K), 0.0016107 secs] [Times: user=0.01 sys=0.00, real=0.01 secs] 
2878.908: [GC (Allocation Failure) [PSYoungGen: 59408K->1533K(59904K)] 405371K->347496K(557056K), 0.0016312 secs] [Times: user=0.00 sys=0.00, real=0.00 secs] 
2879.245: [GC (Allocation Failure) [PSYoungGen: 59389K->1581K(59904K)] 405352K->347544K(557056K), 0.0016831 secs] [Times: user=0.01 sys=0.00, real=0.00 secs] 
2879.648: [GC (Allocation Failure) [PSYoungGen: 59437K->1520K(59904K)] 405400K->347483K(557056K), 0.0017887 secs] [Times: user=0.01 sys=0.00, real=0.00 secs] 
2880.218: [GC (Allocation Failure) [PSYoungGen: 59376K->1408K(59904K)] 405339K->347371K(557056K), 0.0019127 secs] [Times: user=0.00 sys=0.00, real=0.00 secs] 
2880.767: [GC (Allocation Failure) [PSYoungGen: 59264K->1328K(59904K)] 405227K->347291K(557056K), 0.0022339 secs] [Times: user=0.01 sys=0.00, real=0.00 secs] 
2881.188: [GC (Allocation Failure) [PSYoungGen: 59184K->1392K(59904K)] 405147K->347355K(557056K), 0.0021681 secs] [Times: user=0.00 sys=0.00, real=0.00 secs] 
2881.429: [GC (Allocation Failure) [PSYoungGen: 59248K->1408K(59904K)] 405211K->347371K(557056K), 0.0018462 secs] [Times: user=0.01 sys=0.00, real=0.00 secs] 
2881.755: [GC (Allocation Failure) [PSYoungGen: 59264K->1456K(59904K)] 405227K->347419K(557056K), 0.0017206 secs] [Times: user=0.00 sys=0.00, real=0.00 secs] 
2882.094: [GC (Allocation Failure) [PSYoungGen: 59287K->1552K(59904K)] 405250K->347523K(557056K), 0.0016673 secs] [Times: user=0.00 sys=0.00, real=0.00 secs] 
2882.492: [GC (Allocation Failure) [PSYoungGen: 59408K->1517K(59904K)] 405379K->347488K(557056K), 0.0015635 secs] [Times: user=0.01 sys=0.00, real=0.00 secs] 
2882.890: [GC (Allocation Failure) [PSYoungGen: 59373K->1552K(59904K)] 405344K->347523K(557056K), 0.0015949 secs] [Times: user=0.01 sys=0.00, real=0.00 secs] 
2883.235: [GC (Allocation Failure) [PSYoungGen: 59408K->1504K(59904K)] 405379K->347475K(557056K), 0.0019553 secs] [Times: user=0.01 sys=0.00, real=0.00 secs] 
2883.476: [GC (Allocation Failure) [PSYoungGen: 59360K->1360K(59904K)] 405331K->347331K(557056K), 0.0018970 secs] [Times: user=0.01 sys=0.00, real=0.00 secs] 
2883.717: [GC (Allocation Failure) [PSYoungGen: 59216K->1408K(59904K)] 405187K->347395K(557056K), 0.0019928 secs] [Times: user=0.01 sys=0.00, real=0.00 secs] 
2883.984: [GC (Allocation Failure) [PSYoungGen: 59264K->1328K(59904K)] 405251K->347315K(557056K), 0.0019780 secs] [Times: user=0.00 sys=0.00, real=0.00 secs] 
2884.224: [GC (Allocation Failure) [PSYoungGen: 59184K->1328K(59904K)] 405171K->347315K(557056K), 0.0019503 secs] [Times: user=0.01 sys=0.00, real=0.00 secs] 
2884.590: [GC (Allocation Failure) [PSYoungGen: 59181K->1485K(59904K)] 405169K->347472K(557056K), 0.0016253 secs] [Times: user=0.01 sys=0.00, real=0.01 secs] 
2884.927: [GC (Allocation Failure) [PSYoungGen: 59341K->1549K(59904K)] 405328K->347552K(557056K), 0.0017180 secs] [Times: user=0.00 sys=0.00, real=0.00 secs] 
2885.267: [GC (Allocation Failure) [PSYoungGen: 59405K->1565K(59904K)] 405408K->347568K(557056K), 0.0017227 secs] [Times: user=0.01 sys=0.00, real=0.00 secs] 
2885.603: [GC (Allocation Failure) [PSYoungGen: 59421K->1597K(59904K)] 405424K->347600K(557056K), 0.0015880 secs] [Times: user=0.00 sys=0.00, real=0.00 secs] 
2885.942: [GC (Allocation Failure) [PSYoungGen: 59453K->1456K(59904K)] 405456K->347459K(557056K), 0.0018345 secs] [Times: user=0.01 sys=0.00, real=0.00 secs] 
2886.182: [GC (Allocation Failure) [PSYoungGen: 59312K->1344K(59904K)] 405315K->347347K(557056K), 0.0015596 secs] [Times: user=0.01 sys=0.00, real=0.00 secs] 
2886.422: [GC (Allocation Failure) [PSYoungGen: 59200K->1376K(59904K)] 405203K->347379K(557056K), 0.0018482 secs] [Times: user=0.01 sys=0.00, real=0.01 secs] 
2886.680: [GC (Allocation Failure) [PSYoungGen: 59232K->1376K(59904K)] 405235K->347379K(557056K), 0.0019701 secs] [Times: user=0.01 sys=0.00, real=0.01 secs] 
2887.070: [GC (Allocation Failure) [PSYoungGen: 59232K->1408K(59904K)] 405235K->347411K(557056K), 0.0018037 secs] [Times: user=0.01 sys=0.00, real=0.00 secs] 
2887.542: [GC (Allocation Failure) [PSYoungGen: 59264K->1453K(59904K)] 405267K->347456K(557056K), 0.0015134 secs] [Times: user=0.00 sys=0.00, real=0.00 secs] 
2887.887: [GC (Allocation Failure) [PSYoungGen: 59309K->1533K(59904K)] 405312K->347552K(557056K), 0.0016871 secs] [Times: user=0.01 sys=0.00, real=0.00 secs] 
2888.228: [GC (Allocation Failure) [PSYoungGen: 59389K->1520K(59904K)] 405408K->347539K(557056K), 0.0016089 secs] [Times: user=0.00 sys=0.00, real=0.00 secs] 
2888.627: [GC (Allocation Failure) [PSYoungGen: 59376K->1533K(59904K)] 405395K->347552K(557056K), 0.0016665 secs] [Times: user=0.00 sys=0.00, real=0.00 secs] 
2889.009: [GC (Allocation Failure) [PSYoungGen: 59389K->1696K(59904K)] 405408K->347715K(557056K), 0.0018527 secs] [Times: user=0.01 sys=0.00, real=0.00 secs] 
2889.611: [GC (Allocation Failure) [PSYoungGen: 59552K->1360K(59904K)] 405571K->347379K(557056K), 0.0024725 secs] [Times: user=0.01 sys=0.00, real=0.01 secs] 
2890.107: [GC (Allocation Failure) [PSYoungGen: 59216K->1376K(59904K)] 405235K->347395K(557056K), 0.0026118 secs] [Times: user=0.01 sys=0.00, real=0.00 secs] 
2890.922: [GC (Allocation Failure) [PSYoungGen: 59232K->1408K(59904K)] 405251K->347427K(557056K), 0.0027601 secs] [Times: user=0.01 sys=0.00, real=0.00 secs] 
2891.723: [GC (Allocation Failure) [PSYoungGen: 59264K->1376K(59904K)] 405283K->347395K(557056K), 0.0027999 secs] [Times: user=0.01 sys=0.00, real=0.00 secs] 
2892.545: [GC (Allocation Failure) [PSYoungGen: 59232K->1456K(59904K)] 405251K->347475K(557056K), 0.0019092 secs] [Times: user=0.00 sys=0.00, real=0.00 secs] 
2892.991: [GC (Allocation Failure) [PSYoungGen: 59312K->1581K(59904K)] 405331K->347608K(557056K), 0.0016117 secs] [Times: user=0.01 sys=0.00, real=0.01 secs] 
2893.328: [GC (Allocation Failure) [PSYoungGen: 59422K->1533K(59904K)] 405449K->347560K(557056K), 0.0016582 secs] [Times: user=0.01 sys=0.00, real=0.00 secs] 
2893.724: [GC (Allocation Failure) [PSYoungGen: 59389K->1552K(59904K)] 405416K->347579K(557056K), 0.0017261 secs] [Times: user=0.01 sys=0.00, real=0.00 secs] 
2894.061: [GC (Allocation Failure) [PSYoungGen: 59393K->320K(59904K)] 405421K->346347K(557056K), 0.0015244 secs] [Times: user=0.00 sys=0.00, real=0.01 secs] 
2894.407: [GC (Allocation Failure) [PSYoungGen: 58176K->1376K(59904K)] 404203K->347403K(557056K), 0.0024043 secs] [Times: user=0.01 sys=0.00, real=0.00 secs] 
2894.953: [GC (Allocation Failure) [PSYoungGen: 59232K->1376K(59904K)] 405259K->347411K(557056K), 0.0028293 secs] [Times: user=0.01 sys=0.00, real=0.00 secs] 
2895.544: [GC (Allocation Failure) [PSYoungGen: 59232K->1360K(59904K)] 405267K->347395K(557056K), 0.0026084 secs] [Times: user=0.01 sys=0.00, real=0.00 secs] 
2896.195: [GC (Allocation Failure) [PSYoungGen: 59216K->1328K(59904K)] 405251K->347379K(557056K), 0.0026288 secs] [Times: user=0.01 sys=0.00, real=0.00 secs] 
2896.851: [GC (Allocation Failure) [PSYoungGen: 59153K->1456K(59904K)] 405204K->347507K(557056K), 0.0020830 secs] [Times: user=0.01 sys=0.00, real=0.01 secs] 
2897.216: [GC (Allocation Failure) [PSYoungGen: 59312K->1581K(59904K)] 405363K->347648K(557056K), 0.0015804 secs] [Times: user=0.00 sys=0.00, real=0.00 secs] 
2897.554: [GC (Allocation Failure) [PSYoungGen: 59437K->1581K(59904K)] 405504K->347648K(557056K), 0.0015212 secs] [Times: user=0.01 sys=0.00, real=0.00 secs] 
2897.891: [GC (Allocation Failure) [PSYoungGen: 59437K->1533K(59904K)] 405504K->347608K(557056K), 0.0015401 secs] [Times: user=0.00 sys=0.00, real=0.01 secs] 
2898.301: [GC (Allocation Failure) [PSYoungGen: 59389K->1536K(59904K)] 405464K->347611K(557056K), 0.0016802 secs] [Times: user=0.01 sys=0.00, real=0.01 secs] 
2898.625: [GC (Allocation Failure) [PSYoungGen: 59392K->1424K(59904K)] 405467K->347499K(557056K), 0.0022741 secs] [Times: user=0.01 sys=0.00, real=0.00 secs] 
2898.866: [GC (Allocation Failure) [PSYoungGen: 59280K->1360K(59904K)] 405355K->347435K(557056K), 0.0019061 secs] [Times: user=0.00 sys=0.00, real=0.00 secs] 
2899.374: [GC (Allocation Failure) [PSYoungGen: 59216K->1344K(59904K)] 405291K->347419K(557056K), 0.0026368 secs] [Times: user=0.01 sys=0.00, real=0.00 secs] 
2899.889: [GC (Allocation Failure) [PSYoungGen: 59200K->1408K(59904K)] 405275K->347483K(557056K), 0.0026827 secs] [Times: user=0.01 sys=0.00, real=0.01 secs] 
2900.472: [GC (Allocation Failure) [PSYoungGen: 59259K->1456K(59904K)] 405334K->347531K(557056K), 0.0021163 secs] [Times: user=0.01 sys=0.00, real=0.00 secs] 
2900.857: [GC (Allocation Failure) [PSYoungGen: 59280K->1581K(59904K)] 405355K->347664K(557056K), 0.0016637 secs] [Times: user=0.01 sys=0.00, real=0.00 secs] 
2901.194: [GC (Allocation Failure) [PSYoungGen: 59437K->1533K(59904K)] 405520K->347632K(557056K), 0.0016245 secs] [Times: user=0.01 sys=0.00, real=0.00 secs] 
2901.530: [GC (Allocation Failure) [PSYoungGen: 59389K->1565K(59904K)] 405488K->347664K(557056K), 0.0016153 secs] [Times: user=0.00 sys=0.00, real=0.01 secs] 
2901.867: [GC (Allocation Failure) [PSYoungGen: 59421K->1533K(59904K)] 405520K->347632K(557056K), 0.0016594 secs] [Times: user=0.00 sys=0.00, real=0.00 secs] 
2902.160: [GC (Allocation Failure) [PSYoungGen: 59389K->1424K(59904K)] 405488K->347523K(557056K), 0.0016880 secs] [Times: user=0.01 sys=0.00, real=0.00 secs] 
2902.434: [GC (Allocation Failure) [PSYoungGen: 59280K->1408K(59904K)] 405379K->347507K(557056K), 0.0018180 secs] [Times: user=0.01 sys=0.00, real=0.00 secs] 
2902.674: [GC (Allocation Failure) [PSYoungGen: 59264K->1392K(59904K)] 405363K->347491K(557056K), 0.0017488 secs] [Times: user=0.00 sys=0.00, real=0.00 secs] 
2902.915: [GC (Allocation Failure) [PSYoungGen: 59248K->1376K(59904K)] 405347K->347475K(557056K), 0.0019169 secs] [Times: user=0.01 sys=0.01, real=0.00 secs] 
2903.155: [GC (Allocation Failure) [PSYoungGen: 59232K->1392K(59904K)] 405331K->347491K(557056K), 0.0019591 secs] [Times: user=0.01 sys=0.00, real=0.00 secs] 
2903.538: [GC (Allocation Failure) [PSYoungGen: 59248K->1584K(59904K)] 405347K->347715K(557056K), 0.0017901 secs] [Times: user=0.01 sys=0.00, real=0.00 secs] 
2903.877: [GC (Allocation Failure) [PSYoungGen: 59420K->1536K(59904K)] 405551K->347675K(557056K), 0.0015037 secs] [Times: user=0.01 sys=0.00, real=0.00 secs] 
2904.215: [GC (Allocation Failure) [PSYoungGen: 59392K->1533K(59904K)] 405531K->347672K(557056K), 0.0016846 secs] [Times: user=0.01 sys=0.00, real=0.00 secs] 
2904.551: [GC (Allocation Failure) [PSYoungGen: 59389K->1584K(59904K)] 405528K->347723K(557056K), 0.0015253 secs] [Times: user=0.00 sys=0.00, real=0.01 secs] 
2904.848: [GC (Allocation Failure) [PSYoungGen: 59440K->1408K(59904K)] 405579K->347547K(557056K), 0.0017406 secs] [Times: user=0.00 sys=0.00, real=0.00 secs] 
2905.115: [GC (Allocation Failure) [PSYoungGen: 59264K->1376K(59904K)] 405403K->347515K(557056K), 0.0017070 secs] [Times: user=0.00 sys=0.00, real=0.00 secs] 
2905.381: [GC (Allocation Failure) [PSYoungGen: 59232K->1408K(59904K)] 405371K->347547K(557056K), 0.0016955 secs] [Times: user=0.01 sys=0.00, real=0.01 secs] 
2905.621: [GC (Allocation Failure) [PSYoungGen: 59264K->1392K(59904K)] 405403K->347531K(557056K), 0.0016155 secs] [Times: user=0.01 sys=0.00, real=0.01 secs] 
2905.861: [GC (Allocation Failure) [PSYoungGen: 59248K->1344K(59904K)] 405387K->347483K(557056K), 0.0017658 secs] [Times: user=0.00 sys=0.00, real=0.01 secs] 
2906.246: [GC (Allocation Failure) [PSYoungGen: 59200K->1536K(59904K)] 405339K->347675K(557056K), 0.0017790 secs] [Times: user=0.00 sys=0.00, real=0.00 secs] 
2906.584: [GC (Allocation Failure) [PSYoungGen: 59361K->1549K(59904K)] 405500K->347696K(557056K), 0.0015614 secs] [Times: user=0.00 sys=0.00, real=0.00 secs] 
2906.981: [GC (Allocation Failure) [PSYoungGen: 59405K->1565K(59904K)] 405552K->347712K(557056K), 0.0016744 secs] [Times: user=0.01 sys=0.00, real=0.01 secs] 
2907.318: [GC (Allocation Failure) [PSYoungGen: 59421K->1549K(59904K)] 405568K->347696K(557056K), 0.0017721 secs] [Times: user=0.00 sys=0.00, real=0.00 secs] 
2907.759: [GC (Allocation Failure) [PSYoungGen: 59405K->1408K(59904K)] 405552K->347555K(557056K), 0.0023903 secs] [Times: user=0.01 sys=0.00, real=0.01 secs] 
2908.258: [GC (Allocation Failure) [PSYoungGen: 59264K->1344K(59904K)] 405411K->347491K(557056K), 0.0037285 secs] [Times: user=0.01 sys=0.00, real=0.01 secs] 
2908.742: [GC (Allocation Failure) [PSYoungGen: 59200K->1408K(59904K)] 405347K->347555K(557056K), 0.0025595 secs] [Times: user=0.01 sys=0.00, real=0.00 secs] 
2909.261: [GC (Allocation Failure) [PSYoungGen: 59264K->1376K(59904K)] 405411K->347523K(557056K), 0.0025385 secs] [Times: user=0.01 sys=0.00, real=0.01 secs] 
2909.736: [GC (Allocation Failure) [PSYoungGen: 59232K->1344K(59904K)] 405379K->347491K(557056K), 0.0023072 secs] [Times: user=0.01 sys=0.00, real=0.00 secs] 
2910.176: [GC (Allocation Failure) [PSYoungGen: 59174K->1504K(59904K)] 405321K->347651K(557056K), 0.0015896 secs] [Times: user=0.00 sys=0.00, real=0.00 secs] 
2910.515: [GC (Allocation Failure) [PSYoungGen: 59360K->1520K(59904K)] 405507K->347675K(557056K), 0.0016275 secs] [Times: user=0.00 sys=0.00, real=0.00 secs] 
2910.852: [GC (Allocation Failure) [PSYoungGen: 59376K->1549K(59904K)] 405531K->347704K(557056K), 0.0015804 secs] [Times: user=0.01 sys=0.00, real=0.00 secs] 
2911.188: [GC (Allocation Failure) [PSYoungGen: 59405K->1552K(59904K)] 405560K->347707K(557056K), 0.0016328 secs] [Times: user=0.00 sys=0.00, real=0.00 secs] 
2911.648: [GC (Allocation Failure) [PSYoungGen: 59408K->1440K(59904K)] 405563K->347595K(557056K), 0.0019678 secs] [Times: user=0.01 sys=0.00, real=0.00 secs] 
2912.282: [GC (Allocation Failure) [PSYoungGen: 59296K->1376K(59904K)] 405451K->347531K(557056K), 0.0033709 secs] [Times: user=0.01 sys=0.00, real=0.00 secs] 
2913.157: [GC (Allocation Failure) [PSYoungGen: 59232K->1440K(59904K)] 405387K->347595K(557056K), 0.0027391 secs] [Times: user=0.01 sys=0.00, real=0.00 secs] 
2913.999: [GC (Allocation Failure) [PSYoungGen: 59296K->1376K(59904K)] 405451K->347531K(557056K), 0.0043747 secs] [Times: user=0.02 sys=0.00, real=0.01 secs] 
2914.777: [GC (Allocation Failure) [PSYoungGen: 59232K->1376K(59904K)] 405387K->347531K(557056K), 0.0036726 secs] [Times: user=0.01 sys=0.00, real=0.00 secs] 
2915.413: [GC (Allocation Failure) [PSYoungGen: 59219K->1488K(59904K)] 405374K->347643K(557056K), 0.0015855 secs] [Times: user=0.00 sys=0.00, real=0.00 secs] 
2915.755: [GC (Allocation Failure) [PSYoungGen: 59344K->1549K(59904K)] 405499K->347712K(557056K), 0.0015621 secs] [Times: user=0.01 sys=0.00, real=0.00 secs] 
2916.094: [GC (Allocation Failure) [PSYoungGen: 59405K->1549K(59904K)] 405568K->347736K(557056K), 0.0015366 secs] [Times: user=0.01 sys=0.00, real=0.00 secs] 
2916.430: [GC (Allocation Failure) [PSYoungGen: 59405K->1533K(59904K)] 405592K->347720K(557056K), 0.0016246 secs] [Times: user=0.00 sys=0.00, real=0.01 secs] 
2916.743: [GC (Allocation Failure) [PSYoungGen: 59389K->1440K(59904K)] 405576K->347627K(557056K), 0.0018873 secs] [Times: user=0.01 sys=0.00, real=0.00 secs] 
2917.235: [GC (Allocation Failure) [PSYoungGen: 59296K->1408K(59904K)] 405483K->347595K(557056K), 0.0032064 secs] [Times: user=0.01 sys=0.00, real=0.00 secs] 
2917.717: [GC (Allocation Failure) [PSYoungGen: 59264K->1376K(59904K)] 405451K->347563K(557056K), 0.0028457 secs] [Times: user=0.01 sys=0.00, real=0.00 secs] 
2918.192: [GC (Allocation Failure) [PSYoungGen: 59232K->1376K(59904K)] 405419K->347563K(557056K), 0.0027397 secs] [Times: user=0.01 sys=0.00, real=0.00 secs] 
2918.673: [GC (Allocation Failure) [PSYoungGen: 59232K->1440K(59904K)] 405419K->347627K(557056K), 0.0026615 secs] [Times: user=0.01 sys=0.00, real=0.00 secs] 
2919.168: [GC (Allocation Failure) [PSYoungGen: 59296K->1549K(59904K)] 405483K->347736K(557056K), 0.0015469 secs] [Times: user=0.01 sys=0.00, real=0.00 secs] 
2919.507: [GC (Allocation Failure) [PSYoungGen: 59394K->1581K(59904K)] 405581K->347776K(557056K), 0.0016977 secs] [Times: user=0.00 sys=0.00, real=0.00 secs] 
2919.844: [GC (Allocation Failure) [PSYoungGen: 59437K->1533K(59904K)] 405632K->347728K(557056K), 0.0015249 secs] [Times: user=0.01 sys=0.00, real=0.00 secs] 
2920.181: [GC (Allocation Failure) [PSYoungGen: 59389K->1565K(59904K)] 405584K->347760K(557056K), 0.0015826 secs] [Times: user=0.01 sys=0.00, real=0.01 secs] 
2920.584: [GC (Allocation Failure) [PSYoungGen: 59421K->1488K(59904K)] 405616K->347683K(557056K), 0.0019049 secs] [Times: user=0.01 sys=0.00, real=0.00 secs] 
2921.190: [GC (Allocation Failure) [PSYoungGen: 59344K->1408K(59904K)] 405539K->347603K(557056K), 0.0022568 secs] [Times: user=0.01 sys=0.01, real=0.01 secs] 
2921.846: [GC (Allocation Failure) [PSYoungGen: 59264K->1440K(59904K)] 405459K->347635K(557056K), 0.0033439 secs] [Times: user=0.02 sys=0.00, real=0.00 secs] 
2922.479: [GC (Allocation Failure) [PSYoungGen: 59296K->1376K(59904K)] 405491K->347571K(557056K), 0.0040589 secs] [Times: user=0.01 sys=0.00, real=0.01 secs] 
2923.142: [GC (Allocation Failure) [PSYoungGen: 59232K->1408K(59904K)] 405427K->347603K(557056K), 0.0039941 secs] [Times: user=0.01 sys=0.00, real=0.00 secs] 
2923.662: [GC (Allocation Failure) [PSYoungGen: 59264K->1517K(59904K)] 405459K->347712K(557056K), 0.0015357 secs] [Times: user=0.01 sys=0.00, real=0.00 secs] 
2924.000: [GC (Allocation Failure) [PSYoungGen: 59372K->1536K(59904K)] 405567K->347747K(557056K), 0.0016097 secs] [Times: user=0.01 sys=0.00, real=0.01 secs] 
2924.338: [GC (Allocation Failure) [PSYoungGen: 59392K->1533K(59904K)] 405603K->347744K(557056K), 0.0016060 secs] [Times: user=0.01 sys=0.00, real=0.00 secs] 
2924.676: [GC (Allocation Failure) [PSYoungGen: 59389K->1533K(59904K)] 405600K->347744K(557056K), 0.0015909 secs] [Times: user=0.00 sys=0.00, real=0.00 secs] 
2925.072: [GC (Allocation Failure) [PSYoungGen: 59389K->1472K(59904K)] 405600K->347699K(557056K), 0.0017612 secs] [Times: user=0.01 sys=0.00, real=0.00 secs] 
2925.511: [GC (Allocation Failure) [PSYoungGen: 59328K->1344K(59904K)] 405555K->347571K(557056K), 0.0018206 secs] [Times: user=0.01 sys=0.00, real=0.01 secs] 
2926.015: [GC (Allocation Failure) [PSYoungGen: 59200K->1408K(59904K)] 405427K->347635K(557056K), 0.0019421 secs] [Times: user=0.01 sys=0.00, real=0.00 secs] 
2926.564: [GC (Allocation Failure) [PSYoungGen: 59264K->1376K(59904K)] 405491K->347603K(557056K), 0.0033151 secs] [Times: user=0.01 sys=0.00, real=0.00 secs] 
2927.078: [GC (Allocation Failure) [PSYoungGen: 59232K->1376K(59904K)] 405459K->347603K(557056K), 0.0030398 secs] [Times: user=0.02 sys=0.00, real=0.00 secs] 
2927.655: [GC (Allocation Failure) [PSYoungGen: 59232K->1533K(59904K)] 405459K->347760K(557056K), 0.0015273 secs] [Times: user=0.01 sys=0.00, real=0.00 secs] 
2927.992: [GC (Allocation Failure) [PSYoungGen: 59389K->1485K(59904K)] 405616K->347720K(557056K), 0.0016471 secs] [Times: user=0.00 sys=0.00, real=0.00 secs] 
2928.329: [GC (Allocation Failure) [PSYoungGen: 59341K->1613K(59904K)] 405576K->347848K(557056K), 0.0014854 secs] [Times: user=0.00 sys=0.00, real=0.00 secs] 
2928.666: [GC (Allocation Failure) [PSYoungGen: 59469K->1581K(59904K)] 405704K->347816K(557056K), 0.0014793 secs] [Times: user=0.01 sys=0.00, real=0.00 secs] 
2929.051: [GC (Allocation Failure) [PSYoungGen: 59437K->1424K(59904K)] 405672K->347659K(557056K), 0.0019199 secs] [Times: user=0.00 sys=0.00, real=0.01 secs] 
2929.519: [GC (Allocation Failure) [PSYoungGen: 59280K->1376K(59904K)] 405515K->347611K(557056K), 0.0017636 secs] [Times: user=0.01 sys=0.00, real=0.00 secs] 
2930.047: [GC (Allocation Failure) [PSYoungGen: 59232K->1360K(59904K)] 405467K->347595K(557056K), 0.0018035 secs] [Times: user=0.00 sys=0.00, real=0.00 secs] 
2930.572: [GC (Allocation Failure) [PSYoungGen: 59216K->1344K(59904K)] 405451K->347579K(557056K), 0.0017667 secs] [Times: user=0.00 sys=0.00, real=0.00 secs] 
2931.023: [GC (Allocation Failure) [PSYoungGen: 59200K->1408K(59904K)] 405435K->347643K(557056K), 0.0018198 secs] [Times: user=0.01 sys=0.01, real=0.00 secs] 
2931.488: [GC (Allocation Failure) [PSYoungGen: 59237K->1520K(59904K)] 405472K->347755K(557056K), 0.0015190 secs] [Times: user=0.01 sys=0.00, real=0.00 secs] 
2931.825: [GC (Allocation Failure) [PSYoungGen: 59376K->1549K(59904K)] 405611K->347792K(557056K), 0.0015494 secs] [Times: user=0.00 sys=0.00, real=0.00 secs] 
2932.162: [GC (Allocation Failure) [PSYoungGen: 59405K->1568K(59904K)] 405648K->347811K(557056K), 0.0016537 secs] [Times: user=0.01 sys=0.00, real=0.00 secs] 
2932.500: [GC (Allocation Failure) [PSYoungGen: 59424K->1613K(59904K)] 405667K->347856K(557056K), 0.0016797 secs] [Times: user=0.01 sys=0.00, real=0.01 secs] 
2932.856: [GC (Allocation Failure) [PSYoungGen: 59469K->1472K(59904K)] 405712K->347715K(557056K), 0.0019775 secs] [Times: user=0.01 sys=0.00, real=0.00 secs] 
2933.277: [GC (Allocation Failure) [PSYoungGen: 59328K->1408K(59904K)] 405571K->347651K(557056K), 0.0018909 secs] [Times: user=0.01 sys=0.00, real=0.00 secs] 
2933.921: [GC (Allocation Failure) [PSYoungGen: 59264K->1408K(59904K)] 405507K->347651K(557056K), 0.0039084 secs] [Times: user=0.02 sys=0.00, real=0.01 secs] 
2934.523: [GC (Allocation Failure) [PSYoungGen: 59264K->1376K(59904K)] 405507K->347619K(557056K), 0.0026353 secs] [Times: user=0.01 sys=0.00, real=0.00 secs] 
2935.030: [GC (Allocation Failure) [PSYoungGen: 59232K->1376K(59904K)] 405475K->347627K(557056K), 0.0027214 secs] [Times: user=0.01 sys=0.00, real=0.01 secs] 
2935.591: [GC (Allocation Failure) [PSYoungGen: 59232K->1504K(59904K)] 405483K->347755K(557056K), 0.0016792 secs] [Times: user=0.01 sys=0.00, real=0.01 secs] 
2935.937: [GC (Allocation Failure) [PSYoungGen: 59347K->1517K(59904K)] 405598K->347776K(557056K), 0.0014942 secs] [Times: user=0.00 sys=0.00, real=0.00 secs] 
2936.273: [GC (Allocation Failure) [PSYoungGen: 59373K->1565K(59904K)] 405632K->347824K(557056K), 0.0016181 secs] [Times: user=0.00 sys=0.00, real=0.00 secs] 
2936.669: [GC (Allocation Failure) [PSYoungGen: 59421K->1581K(59904K)] 405680K->347840K(557056K), 0.0016556 secs] [Times: user=0.01 sys=0.00, real=0.00 secs] 
2937.042: [GC (Allocation Failure) [PSYoungGen: 59084K->2000K(59904K)] 405343K->348259K(557056K), 0.0018850 secs] [Times: user=0.01 sys=0.00, real=0.00 secs] 
2937.719: [GC (Allocation Failure) [PSYoungGen: 59856K->1344K(59904K)] 406115K->347603K(557056K), 0.0025306 secs] [Times: user=0.01 sys=0.00, real=0.00 secs] 
2938.168: [GC (Allocation Failure) [PSYoungGen: 59200K->1408K(59904K)] 405459K->347667K(557056K), 0.0025314 secs] [Times: user=0.01 sys=0.00, real=0.00 secs] 
2938.625: [GC (Allocation Failure) [PSYoungGen: 59264K->1408K(59904K)] 405523K->347667K(557056K), 0.0030329 secs] [Times: user=0.01 sys=0.00, real=0.00 secs] 
2939.106: [GC (Allocation Failure) [PSYoungGen: 59264K->1376K(59904K)] 405523K->347635K(557056K), 0.0023337 secs] [Times: user=0.01 sys=0.00, real=0.00 secs] 
2939.830: [GC (Allocation Failure) [PSYoungGen: 59232K->1453K(59904K)] 405491K->347712K(557056K), 0.0019959 secs] [Times: user=0.01 sys=0.00, real=0.01 secs] 
2940.199: [GC (Allocation Failure) [PSYoungGen: 59307K->1533K(59904K)] 405567K->347808K(557056K), 0.0016795 secs] [Times: user=0.01 sys=0.00, real=0.00 secs] 
2940.540: [GC (Allocation Failure) [PSYoungGen: 59389K->1549K(59904K)] 405664K->347824K(557056K), 0.0016151 secs] [Times: user=0.01 sys=0.00, real=0.00 secs] 
2940.881: [GC (Allocation Failure) [PSYoungGen: 59405K->1565K(59904K)] 405680K->347840K(557056K), 0.0015945 secs] [Times: user=0.01 sys=0.00, real=0.01 secs] 
2941.215: [GC (Allocation Failure) [PSYoungGen: 59381K->288K(59904K)] 405657K->346563K(557056K), 0.0017017 secs] [Times: user=0.01 sys=0.00, real=0.00 secs] 
2941.826: [GC (Allocation Failure) [PSYoungGen: 58144K->1376K(59904K)] 404419K->347651K(557056K), 0.0018392 secs] [Times: user=0.00 sys=0.00, real=0.00 secs] 
2942.469: [GC (Allocation Failure) [PSYoungGen: 59232K->1376K(59904K)] 405507K->347651K(557056K), 0.0019783 secs] [Times: user=0.01 sys=0.00, real=0.00 secs] 
2943.185: [GC (Allocation Failure) [PSYoungGen: 59232K->1376K(59904K)] 405507K->347651K(557056K), 0.0023250 secs] [Times: user=0.01 sys=0.00, real=0.00 secs] 
2943.887: [GC (Allocation Failure) [PSYoungGen: 59232K->1344K(59904K)] 405507K->347619K(557056K), 0.0022564 secs] [Times: user=0.00 sys=0.00, real=0.00 secs] 
2944.615: [GC (Allocation Failure) [PSYoungGen: 59200K->1456K(59904K)] 405475K->347731K(557056K), 0.0020734 secs] [Times: user=0.01 sys=0.00, real=0.00 secs] 
2944.979: [GC (Allocation Failure) [PSYoungGen: 59312K->1613K(59904K)] 405587K->347896K(557056K), 0.0014830 secs] [Times: user=0.01 sys=0.00, real=0.00 secs] 
2945.317: [GC (Allocation Failure) [PSYoungGen: 59469K->1565K(59904K)] 405752K->347848K(557056K), 0.0015513 secs] [Times: user=0.01 sys=0.00, real=0.00 secs] 
2945.657: [GC (Allocation Failure) [PSYoungGen: 59421K->1565K(59904K)] 405704K->347864K(557056K), 0.0014570 secs] [Times: user=0.00 sys=0.00, real=0.00 secs] 
2945.996: [GC (Allocation Failure) [PSYoungGen: 59421K->1549K(59904K)] 405720K->347848K(557056K), 0.0017163 secs] [Times: user=0.01 sys=0.00, real=0.00 secs] 
2946.354: [GC (Allocation Failure) [PSYoungGen: 59405K->1440K(59904K)] 405704K->347739K(557056K), 0.0018416 secs] [Times: user=0.00 sys=0.00, real=0.00 secs] 
2946.659: [GC (Allocation Failure) [PSYoungGen: 59296K->1408K(59904K)] 405595K->347707K(557056K), 0.0018773 secs] [Times: user=0.01 sys=0.00, real=0.00 secs] 
2947.061: [GC (Allocation Failure) [PSYoungGen: 59264K->1376K(59904K)] 405563K->347675K(557056K), 0.0020759 secs] [Times: user=0.01 sys=0.00, real=0.01 secs] 
2947.538: [GC (Allocation Failure) [PSYoungGen: 59232K->1408K(59904K)] 405531K->347707K(557056K), 0.0019538 secs] [Times: user=0.01 sys=0.00, real=0.00 secs] 
2948.057: [GC (Allocation Failure) [PSYoungGen: 59264K->1424K(59904K)] 405563K->347723K(557056K), 0.0019707 secs] [Times: user=0.01 sys=0.00, real=0.00 secs] 
2948.421: [GC (Allocation Failure) [PSYoungGen: 59280K->1549K(59904K)] 405579K->347856K(557056K), 0.0016153 secs] [Times: user=0.01 sys=0.00, real=0.01 secs] 
2948.757: [GC (Allocation Failure) [PSYoungGen: 59405K->1549K(59904K)] 405712K->347864K(557056K), 0.0017237 secs] [Times: user=0.00 sys=0.00, real=0.00 secs] 
2949.095: [GC (Allocation Failure) [PSYoungGen: 59405K->1536K(59904K)] 405720K->347851K(557056K), 0.0015772 secs] [Times: user=0.01 sys=0.00, real=0.00 secs] 
2949.441: [GC (Allocation Failure) [PSYoungGen: 59392K->1533K(59904K)] 405707K->347848K(557056K), 0.0015520 secs] [Times: user=0.01 sys=0.00, real=0.01 secs] 
2949.958: [GC (Allocation Failure) [PSYoungGen: 59389K->1376K(59904K)] 405704K->347691K(557056K), 0.0017702 secs] [Times: user=0.01 sys=0.01, real=0.00 secs] 
2950.535: [GC (Allocation Failure) [PSYoungGen: 59232K->1408K(59904K)] 405547K->347723K(557056K), 0.0019917 secs] [Times: user=0.01 sys=0.00, real=0.00 secs] 
2951.046: [GC (Allocation Failure) [PSYoungGen: 59264K->1408K(59904K)] 405579K->347723K(557056K), 0.0021080 secs] [Times: user=0.00 sys=0.00, real=0.00 secs] 
2951.548: [GC (Allocation Failure) [PSYoungGen: 59264K->1376K(59904K)] 405579K->347691K(557056K), 0.0033779 secs] [Times: user=0.01 sys=0.00, real=0.00 secs] 
2952.071: [GC (Allocation Failure) [PSYoungGen: 59232K->1408K(59904K)] 405547K->347723K(557056K), 0.0030206 secs] [Times: user=0.01 sys=0.00, real=0.01 secs] 
2952.510: [GC (Allocation Failure) [PSYoungGen: 59264K->1549K(59904K)] 405579K->347864K(557056K), 0.0014966 secs] [Times: user=0.00 sys=0.00, real=0.00 secs] 
2952.847: [GC (Allocation Failure) [PSYoungGen: 59401K->1584K(59904K)] 405717K->347907K(557056K), 0.0016996 secs] [Times: user=0.00 sys=0.00, real=0.00 secs] 
2953.250: [GC (Allocation Failure) [PSYoungGen: 59440K->1565K(59904K)] 405763K->347888K(557056K), 0.0016815 secs] [Times: user=0.01 sys=0.00, real=0.01 secs] 
2953.586: [GC (Allocation Failure) [PSYoungGen: 59421K->1565K(59904K)] 405744K->347888K(557056K), 0.0016650 secs] [Times: user=0.01 sys=0.00, real=0.00 secs] 
2953.916: [GC (Allocation Failure) [PSYoungGen: 59421K->1472K(59904K)] 405744K->347795K(557056K), 0.0022275 secs] [Times: user=0.01 sys=0.00, real=0.00 secs] 
2954.162: [GC (Allocation Failure) [PSYoungGen: 59328K->1440K(59904K)] 405651K->347763K(557056K), 0.0018176 secs] [Times: user=0.01 sys=0.00, real=0.00 secs] 
2954.479: [GC (Allocation Failure) [PSYoungGen: 59296K->1376K(59904K)] 405619K->347715K(557056K), 0.0018632 secs] [Times: user=0.01 sys=0.01, real=0.00 secs] 
2954.739: [GC (Allocation Failure) [PSYoungGen: 59232K->1408K(59904K)] 405571K->347747K(557056K), 0.0019725 secs] [Times: user=0.00 sys=0.00, real=0.00 secs] 
2954.985: [GC (Allocation Failure) [PSYoungGen: 59264K->1344K(59904K)] 405603K->347683K(557056K), 0.0018116 secs] [Times: user=0.01 sys=0.00, real=0.00 secs] 
2955.343: [GC (Allocation Failure) [PSYoungGen: 59200K->1485K(59904K)] 405539K->347824K(557056K), 0.0015479 secs] [Times: user=0.01 sys=0.00, real=0.00 secs] 
2955.685: [GC (Allocation Failure) [PSYoungGen: 59341K->1613K(59904K)] 405680K->347960K(557056K), 0.0015991 secs] [Times: user=0.01 sys=0.00, real=0.00 secs] 
2956.081: [GC (Allocation Failure) [PSYoungGen: 59469K->1565K(59904K)] 405816K->347912K(557056K), 0.0016310 secs] [Times: user=0.01 sys=0.00, real=0.01 secs] 
2956.418: [GC (Allocation Failure) [PSYoungGen: 59421K->1533K(59904K)] 405768K->347880K(557056K), 0.0016517 secs] [Times: user=0.01 sys=0.00, real=0.00 secs] 
2956.737: [GC (Allocation Failure) [PSYoungGen: 59389K->1472K(59904K)] 405736K->347819K(557056K), 0.0022527 secs] [Times: user=0.01 sys=0.00, real=0.00 secs] 
2957.007: [GC (Allocation Failure) [PSYoungGen: 59328K->1408K(59904K)] 405675K->347755K(557056K), 0.0019060 secs] [Times: user=0.01 sys=0.00, real=0.00 secs] 
2957.248: [GC (Allocation Failure) [PSYoungGen: 59264K->1344K(59904K)] 405611K->347691K(557056K), 0.0019996 secs] [Times: user=0.00 sys=0.00, real=0.00 secs] 
2957.489: [GC (Allocation Failure) [PSYoungGen: 59200K->1376K(59904K)] 405547K->347723K(557056K), 0.0019583 secs] [Times: user=0.01 sys=0.00, real=0.00 secs] 
2957.729: [GC (Allocation Failure) [PSYoungGen: 59232K->1376K(59904K)] 405579K->347723K(557056K), 0.0018371 secs] [Times: user=0.00 sys=0.00, real=0.00 secs] 
2958.073: [GC (Allocation Failure) [PSYoungGen: 59217K->1488K(59904K)] 405564K->347835K(557056K), 0.0017284 secs] [Times: user=0.00 sys=0.00, real=0.00 secs] 
2958.409: [GC (Allocation Failure) [PSYoungGen: 59344K->1581K(59904K)] 405691K->347936K(557056K), 0.0015912 secs] [Times: user=0.00 sys=0.00, real=0.00 secs] 
2958.746: [GC (Allocation Failure) [PSYoungGen: 59437K->1581K(59904K)] 405792K->347936K(557056K), 0.0015774 secs] [Times: user=0.01 sys=0.00, real=0.00 secs] 
2959.083: [GC (Allocation Failure) [PSYoungGen: 59437K->1613K(59904K)] 405792K->347968K(557056K), 0.0015830 secs] [Times: user=0.01 sys=0.00, real=0.00 secs] 
2959.872: [GC (Allocation Failure) [PSYoungGen: 59469K->1456K(59904K)] 405824K->347811K(557056K), 0.0020081 secs] [Times: user=0.00 sys=0.00, real=0.00 secs] 
2960.480: [GC (Allocation Failure) [PSYoungGen: 59312K->1440K(59904K)] 405667K->347795K(557056K), 0.0018888 secs] [Times: user=0.01 sys=0.00, real=0.01 secs] 
2960.859: [GC (Allocation Failure) [PSYoungGen: 59296K->1408K(59904K)] 405651K->347763K(557056K), 0.0018627 secs] [Times: user=0.01 sys=0.00, real=0.00 secs] 
2961.205: [GC (Allocation Failure) [PSYoungGen: 59264K->1344K(59904K)] 405619K->347699K(557056K), 0.0019699 secs] [Times: user=0.01 sys=0.00, real=0.00 secs] 
2961.522: [GC (Allocation Failure) [PSYoungGen: 59200K->1360K(59904K)] 405555K->347715K(557056K), 0.0019458 secs] [Times: user=0.01 sys=0.00, real=0.00 secs] 
2961.902: [GC (Allocation Failure) [PSYoungGen: 59203K->1456K(59904K)] 405558K->347811K(557056K), 0.0015415 secs] [Times: user=0.01 sys=0.00, real=0.00 secs] 
2962.238: [GC (Allocation Failure) [PSYoungGen: 59312K->1581K(59904K)] 405667K->347944K(557056K), 0.0016670 secs] [Times: user=0.01 sys=0.00, real=0.00 secs] 
2962.577: [GC (Allocation Failure) [PSYoungGen: 59437K->1504K(59904K)] 405800K->347867K(557056K), 0.0016156 secs] [Times: user=0.01 sys=0.00, real=0.00 secs] 
2962.913: [GC (Allocation Failure) [PSYoungGen: 59360K->1533K(59904K)] 405723K->347896K(557056K), 0.0015918 secs] [Times: user=0.01 sys=0.00, real=0.00 secs] 
2963.222: [GC (Allocation Failure) [PSYoungGen: 59389K->1456K(59904K)] 405752K->347819K(557056K), 0.0017565 secs] [Times: user=0.00 sys=0.00, real=0.00 secs] 
2963.463: [GC (Allocation Failure) [PSYoungGen: 59312K->1376K(59904K)] 405675K->347739K(557056K), 0.0018572 secs] [Times: user=0.00 sys=0.00, real=0.00 secs] 
2963.703: [GC (Allocation Failure) [PSYoungGen: 59232K->1376K(59904K)] 405595K->347739K(557056K), 0.0017245 secs] [Times: user=0.00 sys=0.00, real=0.00 secs] 
2963.943: [GC (Allocation Failure) [PSYoungGen: 59232K->1360K(59904K)] 405595K->347739K(557056K), 0.0016654 secs] [Times: user=0.01 sys=0.00, real=0.00 secs] 
2964.223: [GC (Allocation Failure) [PSYoungGen: 59216K->1376K(59904K)] 405595K->347755K(557056K), 0.0018760 secs] [Times: user=0.01 sys=0.00, real=0.00 secs] 
2964.602: [GC (Allocation Failure) [PSYoungGen: 59220K->1485K(59904K)] 405599K->347864K(557056K), 0.0016785 secs] [Times: user=0.00 sys=0.00, real=0.00 secs] 
2964.940: [GC (Allocation Failure) [PSYoungGen: 59341K->1565K(59904K)] 405720K->347952K(557056K), 0.0015849 secs] [Times: user=0.01 sys=0.00, real=0.00 secs] 
2965.277: [GC (Allocation Failure) [PSYoungGen: 59421K->1536K(59904K)] 405808K->347923K(557056K), 0.0015767 secs] [Times: user=0.01 sys=0.00, real=0.00 secs] 
2965.676: [GC (Allocation Failure) [PSYoungGen: 59392K->1565K(59904K)] 405779K->347952K(557056K), 0.0016880 secs] [Times: user=0.01 sys=0.00, real=0.00 secs] 
2965.994: [GC (Allocation Failure) [PSYoungGen: 59421K->1456K(59904K)] 405808K->347843K(557056K), 0.0020777 secs] [Times: user=0.01 sys=0.00, real=0.00 secs] 
2966.235: [GC (Allocation Failure) [PSYoungGen: 59312K->1408K(59904K)] 405699K->347795K(557056K), 0.0019242 secs] [Times: user=0.01 sys=0.00, real=0.00 secs] 
2966.517: [GC (Allocation Failure) [PSYoungGen: 59264K->1376K(59904K)] 405651K->347763K(557056K), 0.0018237 secs] [Times: user=0.01 sys=0.00, real=0.00 secs] 
2966.993: [GC (Allocation Failure) [PSYoungGen: 59232K->1408K(59904K)] 405619K->347795K(557056K), 0.0018053 secs] [Times: user=0.01 sys=0.00, real=0.00 secs] 
2967.433: [GC (Allocation Failure) [PSYoungGen: 59264K->1360K(59904K)] 405651K->347747K(557056K), 0.0022023 secs] [Times: user=0.01 sys=0.00, real=0.00 secs] 
2967.857: [GC (Allocation Failure) [PSYoungGen: 59207K->1485K(59904K)] 405595K->347872K(557056K), 0.0015592 secs] [Times: user=0.00 sys=0.00, real=0.00 secs] 
2968.194: [GC (Allocation Failure) [PSYoungGen: 59341K->1584K(59904K)] 405728K->347987K(557056K), 0.0015508 secs] [Times: user=0.01 sys=0.00, real=0.00 secs] 
2968.531: [GC (Allocation Failure) [PSYoungGen: 59440K->1581K(59904K)] 405843K->347984K(557056K), 0.0014805 secs] [Times: user=0.01 sys=0.00, real=0.01 secs] 
2968.868: [GC (Allocation Failure) [PSYoungGen: 59437K->1517K(59904K)] 405840K->347920K(557056K), 0.0016817 secs] [Times: user=0.01 sys=0.00, real=0.00 secs] 
2969.194: [GC (Allocation Failure) [PSYoungGen: 59373K->1472K(59904K)] 405776K->347875K(557056K), 0.0017172 secs] [Times: user=0.01 sys=0.00, real=0.00 secs] 
2969.434: [GC (Allocation Failure) [PSYoungGen: 59328K->1344K(59904K)] 405731K->347747K(557056K), 0.0018178 secs] [Times: user=0.01 sys=0.00, real=0.00 secs] 
2969.675: [GC (Allocation Failure) [PSYoungGen: 59200K->1408K(59904K)] 405603K->347811K(557056K), 0.0017552 secs] [Times: user=0.00 sys=0.00, real=0.00 secs] 
2970.047: [GC (Allocation Failure) [PSYoungGen: 59264K->1408K(59904K)] 405667K->347811K(557056K), 0.0017822 secs] [Times: user=0.01 sys=0.00, real=0.00 secs] 
2970.526: [GC (Allocation Failure) [PSYoungGen: 59264K->1408K(59904K)] 405667K->347811K(557056K), 0.0016274 secs] [Times: user=0.01 sys=0.00, real=0.00 secs] 
2971.120: [GC (Allocation Failure) [PSYoungGen: 59264K->1488K(59904K)] 405667K->347891K(557056K), 0.0017299 secs] [Times: user=0.01 sys=0.00, real=0.01 secs] 
2971.456: [GC (Allocation Failure) [PSYoungGen: 59344K->1536K(59904K)] 405747K->347947K(557056K), 0.0018037 secs] [Times: user=0.01 sys=0.00, real=0.00 secs] 
2971.795: [GC (Allocation Failure) [PSYoungGen: 59375K->1536K(59904K)] 405786K->347947K(557056K), 0.0015772 secs] [Times: user=0.01 sys=0.00, real=0.00 secs] 
2972.134: [GC (Allocation Failure) [PSYoungGen: 59392K->1552K(59904K)] 405803K->347963K(557056K), 0.0016205 secs] [Times: user=0.00 sys=0.00, real=0.00 secs] 
2972.811: [GC (Allocation Failure) [PSYoungGen: 59408K->1488K(59904K)] 405819K->347899K(557056K), 0.0023033 secs] [Times: user=0.00 sys=0.00, real=0.01 secs] 
2973.237: [GC (Allocation Failure) [PSYoungGen: 59344K->1344K(59904K)] 405755K->347755K(557056K), 0.0023800 secs] [Times: user=0.01 sys=0.00, real=0.00 secs] 
2973.473: [GC (Allocation Failure) [PSYoungGen: 59200K->1376K(59904K)] 405611K->347787K(557056K), 0.0018049 secs] [Times: user=0.00 sys=0.00, real=0.00 secs] 
2973.714: [GC (Allocation Failure) [PSYoungGen: 59232K->1344K(59904K)] 405643K->347771K(557056K), 0.0017898 secs] [Times: user=0.00 sys=0.00, real=0.00 secs] 
2973.954: [GC (Allocation Failure) [PSYoungGen: 59200K->1408K(59904K)] 405627K->347835K(557056K), 0.0019553 secs] [Times: user=0.01 sys=0.00, real=0.00 secs] 
2974.264: [GC (Allocation Failure) [PSYoungGen: 59264K->1453K(59904K)] 405691K->347880K(557056K), 0.0016795 secs] [Times: user=0.01 sys=0.00, real=0.00 secs] 
2974.603: [GC (Allocation Failure) [PSYoungGen: 59297K->1584K(59904K)] 405725K->348019K(557056K), 0.0016898 secs] [Times: user=0.01 sys=0.00, real=0.00 secs] 
2974.941: [GC (Allocation Failure) [PSYoungGen: 59440K->1517K(59904K)] 405875K->347952K(557056K), 0.0016799 secs] [Times: user=0.01 sys=0.00, real=0.01 secs] 
2975.279: [GC (Allocation Failure) [PSYoungGen: 59373K->1520K(59904K)] 405808K->347955K(557056K), 0.0016688 secs] [Times: user=0.01 sys=0.00, real=0.00 secs] 
2975.621: [GC (Allocation Failure) [PSYoungGen: 59376K->1472K(59904K)] 405811K->347907K(557056K), 0.0018919 secs] [Times: user=0.01 sys=0.00, real=0.01 secs] 
2975.862: [GC (Allocation Failure) [PSYoungGen: 59328K->1344K(59904K)] 405763K->347779K(557056K), 0.0017543 secs] [Times: user=0.01 sys=0.00, real=0.00 secs] 
2976.103: [GC (Allocation Failure) [PSYoungGen: 59200K->1408K(59904K)] 405635K->347843K(557056K), 0.0018176 secs] [Times: user=0.01 sys=0.00, real=0.00 secs] 
2976.343: [GC (Allocation Failure) [PSYoungGen: 59264K->1376K(59904K)] 405699K->347811K(557056K), 0.0018266 secs] [Times: user=0.00 sys=0.00, real=0.00 secs] 
2976.583: [GC (Allocation Failure) [PSYoungGen: 59232K->1344K(59904K)] 405667K->347779K(557056K), 0.0018162 secs] [Times: user=0.01 sys=0.00, real=0.00 secs] 
2976.888: [GC (Allocation Failure) [PSYoungGen: 59200K->1488K(59904K)] 405635K->347923K(557056K), 0.0015625 secs] [Times: user=0.00 sys=0.00, real=0.00 secs] 
2977.225: [GC (Allocation Failure) [PSYoungGen: 59344K->1552K(59904K)] 405779K->348003K(557056K), 0.0015798 secs] [Times: user=0.00 sys=0.00, real=0.00 secs] 
2977.564: [GC (Allocation Failure) [PSYoungGen: 59408K->1581K(59904K)] 405859K->348032K(557056K), 0.0016583 secs] [Times: user=0.01 sys=0.00, real=0.00 secs] 
2977.902: [GC (Allocation Failure) [PSYoungGen: 59437K->1533K(59904K)] 405888K->347984K(557056K), 0.0016784 secs] [Times: user=0.00 sys=0.00, real=0.00 secs] 
2978.266: [GC (Allocation Failure) [PSYoungGen: 59389K->1984K(59904K)] 405840K->348435K(557056K), 0.0018688 secs] [Times: user=0.01 sys=0.00, real=0.00 secs] 
2978.514: [GC (Allocation Failure) [PSYoungGen: 59840K->1360K(59904K)] 406291K->347811K(557056K), 0.0016743 secs] [Times: user=0.01 sys=0.00, real=0.00 secs] 
2978.755: [GC (Allocation Failure) [PSYoungGen: 59216K->1376K(59904K)] 405667K->347827K(557056K), 0.0016596 secs] [Times: user=0.00 sys=0.00, real=0.00 secs] 
2978.995: [GC (Allocation Failure) [PSYoungGen: 59232K->1344K(59904K)] 405683K->347795K(557056K), 0.0017486 secs] [Times: user=0.01 sys=0.00, real=0.00 secs] 
2979.235: [GC (Allocation Failure) [PSYoungGen: 59200K->1376K(59904K)] 405651K->347827K(557056K), 0.0017605 secs] [Times: user=0.00 sys=0.00, real=0.00 secs] 
2979.513: [GC (Allocation Failure) [PSYoungGen: 59200K->1453K(59904K)] 405651K->347904K(557056K), 0.0014956 secs] [Times: user=0.01 sys=0.00, real=0.00 secs] 
2979.849: [GC (Allocation Failure) [PSYoungGen: 59309K->1581K(59904K)] 405760K->348040K(557056K), 0.0017775 secs] [Times: user=0.01 sys=0.00, real=0.00 secs] 
2980.199: [GC (Allocation Failure) [PSYoungGen: 59409K->1584K(59904K)] 405868K->348043K(557056K), 0.0016894 secs] [Times: user=0.01 sys=0.00, real=0.00 secs] 
2980.600: [GC (Allocation Failure) [PSYoungGen: 59440K->1565K(59904K)] 405899K->348024K(557056K), 0.0015989 secs] [Times: user=0.01 sys=0.00, real=0.01 secs] 
2980.962: [GC (Allocation Failure) [PSYoungGen: 59421K->1536K(59904K)] 405880K->347995K(557056K), 0.0018454 secs] [Times: user=0.01 sys=0.00, real=0.00 secs] 
2981.243: [GC (Allocation Failure) [PSYoungGen: 59392K->1376K(59904K)] 405851K->347835K(557056K), 0.0020037 secs] [Times: user=0.01 sys=0.00, real=0.00 secs] 
2981.484: [GC (Allocation Failure) [PSYoungGen: 59232K->1376K(59904K)] 405691K->347835K(557056K), 0.0018098 secs] [Times: user=0.00 sys=0.00, real=0.00 secs] 
2981.724: [GC (Allocation Failure) [PSYoungGen: 59232K->1376K(59904K)] 405691K->347835K(557056K), 0.0018479 secs] [Times: user=0.01 sys=0.00, real=0.00 secs] 
2981.964: [GC (Allocation Failure) [PSYoungGen: 59232K->1440K(59904K)] 405691K->347899K(557056K), 0.0019360 secs] [Times: user=0.01 sys=0.00, real=0.00 secs] 
2982.269: [GC (Allocation Failure) [PSYoungGen: 59296K->1485K(59904K)] 405755K->347944K(557056K), 0.0016288 secs] [Times: user=0.01 sys=0.00, real=0.00 secs] 
2982.610: [GC (Allocation Failure) [PSYoungGen: 59312K->1565K(59904K)] 405771K->348048K(557056K), 0.0015528 secs] [Times: user=0.01 sys=0.00, real=0.00 secs] 
2982.945: [GC (Allocation Failure) [PSYoungGen: 59421K->1517K(59904K)] 405904K->348000K(557056K), 0.0016566 secs] [Times: user=0.01 sys=0.00, real=0.00 secs] 
2983.283: [GC (Allocation Failure) [PSYoungGen: 59373K->1533K(59904K)] 405856K->348016K(557056K), 0.0015842 secs] [Times: user=0.01 sys=0.00, real=0.00 secs] 
2983.619: [GC (Allocation Failure) [PSYoungGen: 59389K->1549K(59904K)] 405872K->348032K(557056K), 0.0016892 secs] [Times: user=0.01 sys=0.00, real=0.00 secs] 
2983.923: [GC (Allocation Failure) [PSYoungGen: 59405K->1440K(59904K)] 405888K->347923K(557056K), 0.0016325 secs] [Times: user=0.01 sys=0.00, real=0.00 secs] 
2984.162: [GC (Allocation Failure) [PSYoungGen: 59296K->1376K(59904K)] 405779K->347859K(557056K), 0.0018127 secs] [Times: user=0.01 sys=0.01, real=0.00 secs] 
2984.403: [GC (Allocation Failure) [PSYoungGen: 59232K->1376K(59904K)] 405715K->347859K(557056K), 0.0016302 secs] [Times: user=0.00 sys=0.00, real=0.00 secs] 
2984.643: [GC (Allocation Failure) [PSYoungGen: 59232K->1376K(59904K)] 405715K->347859K(557056K), 0.0016886 secs] [Times: user=0.01 sys=0.00, real=0.00 secs] 
2984.917: [GC (Allocation Failure) [PSYoungGen: 59232K->1424K(59904K)] 405715K->347907K(557056K), 0.0017473 secs] [Times: user=0.00 sys=0.00, real=0.00 secs] 
2985.327: [GC (Allocation Failure) [PSYoungGen: 59280K->1549K(59904K)] 405763K->348040K(557056K), 0.0017773 secs] [Times: user=0.01 sys=0.00, real=0.00 secs] 
2985.667: [GC (Allocation Failure) [PSYoungGen: 59403K->1581K(59904K)] 405894K->348072K(557056K), 0.0017073 secs] [Times: user=0.01 sys=0.00, real=0.00 secs] 
2986.007: [GC (Allocation Failure) [PSYoungGen: 59437K->1533K(59904K)] 405928K->348024K(557056K), 0.0017524 secs] [Times: user=0.01 sys=0.00, real=0.00 secs] 
2986.344: [GC (Allocation Failure) [PSYoungGen: 59389K->1517K(59904K)] 405880K->348008K(557056K), 0.0016536 secs] [Times: user=0.00 sys=0.00, real=0.00 secs] 
2986.626: [GC (Allocation Failure) [PSYoungGen: 59373K->1440K(59904K)] 405864K->347931K(557056K), 0.0029020 secs] [Times: user=0.01 sys=0.00, real=0.00 secs] 
2986.866: [GC (Allocation Failure) [PSYoungGen: 59296K->1344K(59904K)] 405787K->347835K(557056K), 0.0020676 secs] [Times: user=0.01 sys=0.00, real=0.00 secs] 
2987.106: [GC (Allocation Failure) [PSYoungGen: 59200K->1360K(59904K)] 405691K->347851K(557056K), 0.0021091 secs] [Times: user=0.01 sys=0.00, real=0.00 secs] 
2987.427: [GC (Allocation Failure) [PSYoungGen: 59216K->1328K(59904K)] 405707K->347819K(557056K), 0.0019400 secs] [Times: user=0.00 sys=0.00, real=0.00 secs] 
2987.816: [GC (Allocation Failure) [PSYoungGen: 59153K->1469K(59904K)] 405644K->347960K(557056K), 0.0019287 secs] [Times: user=0.01 sys=0.00, real=0.00 secs] 
2988.165: [GC (Allocation Failure) [PSYoungGen: 59325K->1549K(59904K)] 405816K->348040K(557056K), 0.0015465 secs] [Times: user=0.01 sys=0.00, real=0.00 secs] 
2988.503: [GC (Allocation Failure) [PSYoungGen: 59405K->1533K(59904K)] 405896K->348032K(557056K), 0.0016180 secs] [Times: user=0.00 sys=0.00, real=0.00 secs] 
2988.839: [GC (Allocation Failure) [PSYoungGen: 59389K->1565K(59904K)] 405888K->348064K(557056K), 0.0015903 secs] [Times: user=0.00 sys=0.00, real=0.00 secs] 
2989.179: [GC (Allocation Failure) [PSYoungGen: 59421K->1613K(59904K)] 405920K->348112K(557056K), 0.0016378 secs] [Times: user=0.00 sys=0.00, real=0.00 secs] 
2989.941: [GC (Allocation Failure) [PSYoungGen: 59469K->1408K(59904K)] 405968K->347907K(557056K), 0.0027613 secs] [Times: user=0.01 sys=0.01, real=0.01 secs] 
2990.466: [GC (Allocation Failure) [PSYoungGen: 59264K->1376K(59904K)] 405763K->347875K(557056K), 0.0033763 secs] [Times: user=0.01 sys=0.00, real=0.00 secs] 
2990.871: [GC (Allocation Failure) [PSYoungGen: 59232K->1344K(59904K)] 405731K->347843K(557056K), 0.0021156 secs] [Times: user=0.01 sys=0.00, real=0.01 secs] 
2991.112: [GC (Allocation Failure) [PSYoungGen: 59200K->1408K(59904K)] 405699K->347907K(557056K), 0.0020650 secs] [Times: user=0.01 sys=0.00, real=0.00 secs] 
2991.407: [GC (Allocation Failure) [PSYoungGen: 59264K->1408K(59904K)] 405763K->347907K(557056K), 0.0018506 secs] [Times: user=0.01 sys=0.00, real=0.00 secs] 
2991.784: [GC (Allocation Failure) [PSYoungGen: 59234K->1536K(59904K)] 405733K->348035K(557056K), 0.0016146 secs] [Times: user=0.00 sys=0.00, real=0.00 secs] 
2992.122: [GC (Allocation Failure) [PSYoungGen: 59392K->1581K(59904K)] 405891K->348088K(557056K), 0.0016649 secs] [Times: user=0.00 sys=0.00, real=0.00 secs] 
2992.461: [GC (Allocation Failure) [PSYoungGen: 59437K->1565K(59904K)] 405944K->348072K(557056K), 0.0015576 secs] [Times: user=0.00 sys=0.00, real=0.01 secs] 
2992.798: [GC (Allocation Failure) [PSYoungGen: 59421K->1549K(59904K)] 405928K->348056K(557056K), 0.0015597 secs] [Times: user=0.00 sys=0.00, real=0.00 secs] 
2993.276: [GC (Allocation Failure) [PSYoungGen: 59405K->1472K(59904K)] 405912K->347979K(557056K), 0.0022051 secs] [Times: user=0.01 sys=0.00, real=0.00 secs] 
2993.748: [GC (Allocation Failure) [PSYoungGen: 59328K->1376K(59904K)] 405835K->347883K(557056K), 0.0021489 secs] [Times: user=0.01 sys=0.00, real=0.00 secs] 
2994.182: [GC (Allocation Failure) [PSYoungGen: 59232K->1328K(59904K)] 405739K->347859K(557056K), 0.0021881 secs] [Times: user=0.01 sys=0.00, real=0.00 secs] 
2994.695: [GC (Allocation Failure) [PSYoungGen: 59184K->1344K(59904K)] 405715K->347875K(557056K), 0.0022339 secs] [Times: user=0.01 sys=0.00, real=0.00 secs] 
2995.273: [GC (Allocation Failure) [PSYoungGen: 59200K->1408K(59904K)] 405731K->347939K(557056K), 0.0023630 secs] [Times: user=0.01 sys=0.00, real=0.00 secs] 
2995.712: [GC (Allocation Failure) [PSYoungGen: 59264K->1485K(59904K)] 405795K->348016K(557056K), 0.0015148 secs] [Times: user=0.00 sys=0.00, real=0.00 secs] 
2996.054: [GC (Allocation Failure) [PSYoungGen: 59311K->1504K(59904K)] 405842K->348051K(557056K), 0.0015823 secs] [Times: user=0.01 sys=0.00, real=0.00 secs] 
2996.392: [GC (Allocation Failure) [PSYoungGen: 59360K->1533K(59904K)] 405907K->348080K(557056K), 0.0017709 secs] [Times: user=0.01 sys=0.00, real=0.01 secs] 
2996.790: [GC (Allocation Failure) [PSYoungGen: 59389K->1533K(59904K)] 405936K->348080K(557056K), 0.0016676 secs] [Times: user=0.01 sys=0.00, real=0.00 secs] 
2997.676: [GC (Allocation Failure) [PSYoungGen: 59389K->1408K(59904K)] 405936K->347955K(557056K), 0.0025844 secs] [Times: user=0.01 sys=0.00, real=0.00 secs] 
2998.230: [GC (Allocation Failure) [PSYoungGen: 59264K->1376K(59904K)] 405811K->347923K(557056K), 0.0025470 secs] [Times: user=0.01 sys=0.00, real=0.01 secs] 
2998.574: [GC (Allocation Failure) [PSYoungGen: 59232K->1376K(59904K)] 405779K->347923K(557056K), 0.0020318 secs] [Times: user=0.01 sys=0.00, real=0.00 secs] 
2998.815: [GC (Allocation Failure) [PSYoungGen: 59232K->1408K(59904K)] 405779K->347955K(557056K), 0.0018518 secs] [Times: user=0.01 sys=0.00, real=0.00 secs] 
2999.129: [GC (Allocation Failure) [PSYoungGen: 59264K->1376K(59904K)] 405811K->347923K(557056K), 0.0019615 secs] [Times: user=0.00 sys=0.00, real=0.00 secs] 
2999.489: [GC (Allocation Failure) [PSYoungGen: 59232K->1472K(59904K)] 405779K->348019K(557056K), 0.0016055 secs] [Times: user=0.01 sys=0.00, real=0.00 secs] 
2999.827: [GC (Allocation Failure) [PSYoungGen: 59317K->1581K(59904K)] 405864K->348136K(557056K), 0.0015780 secs] [Times: user=0.01 sys=0.00, real=0.00 secs] 
3000.166: [GC (Allocation Failure) [PSYoungGen: 59437K->1549K(59904K)] 405992K->348104K(557056K), 0.0015478 secs] [Times: user=0.01 sys=0.00, real=0.00 secs] 
3000.506: [GC (Allocation Failure) [PSYoungGen: 59405K->1584K(59904K)] 405960K->348139K(557056K), 0.0014787 secs] [Times: user=0.00 sys=0.00, real=0.00 secs] 
3001.242: [GC (Allocation Failure) [PSYoungGen: 59440K->1424K(59904K)] 405995K->347979K(557056K), 0.0022703 secs] [Times: user=0.00 sys=0.00, real=0.00 secs] 
3001.768: [GC (Allocation Failure) [PSYoungGen: 59280K->1376K(59904K)] 405835K->347931K(557056K), 0.0021855 secs] [Times: user=0.01 sys=0.00, real=0.00 secs] 
3002.355: [GC (Allocation Failure) [PSYoungGen: 59232K->1344K(59904K)] 405787K->347899K(557056K), 0.0022021 secs] [Times: user=0.01 sys=0.00, real=0.00 secs] 
3002.749: [GC (Allocation Failure) [PSYoungGen: 59200K->1376K(59904K)] 405755K->347931K(557056K), 0.0018781 secs] [Times: user=0.01 sys=0.00, real=0.00 secs] 
3003.019: [GC (Allocation Failure) [PSYoungGen: 59232K->1376K(59904K)] 405787K->347931K(557056K), 0.0020046 secs] [Times: user=0.01 sys=0.00, real=0.00 secs] 
3003.375: [GC (Allocation Failure) [PSYoungGen: 59232K->1485K(59904K)] 405787K->348040K(557056K), 0.0015544 secs] [Times: user=0.01 sys=0.00, real=0.00 secs] 
3003.714: [GC (Allocation Failure) [PSYoungGen: 59332K->1533K(59904K)] 405887K->348104K(557056K), 0.0014888 secs] [Times: user=0.01 sys=0.00, real=0.00 secs] 
3004.051: [GC (Allocation Failure) [PSYoungGen: 59389K->1565K(59904K)] 405960K->348152K(557056K), 0.0015874 secs] [Times: user=0.01 sys=0.00, real=0.01 secs] 
3004.389: [GC (Allocation Failure) [PSYoungGen: 59421K->1549K(59904K)] 406008K->348136K(557056K), 0.0016055 secs] [Times: user=0.01 sys=0.00, real=0.00 secs] 
3005.046: [GC (Allocation Failure) [PSYoungGen: 59405K->1456K(59904K)] 405992K->348043K(557056K), 0.0019718 secs] [Times: user=0.01 sys=0.00, real=0.00 secs] 
3005.571: [GC (Allocation Failure) [PSYoungGen: 59312K->1376K(59904K)] 405899K->347963K(557056K), 0.0037554 secs] [Times: user=0.01 sys=0.00, real=0.01 secs] 
3005.858: [GC (Allocation Failure) [PSYoungGen: 59232K->1376K(59904K)] 405819K->347963K(557056K), 0.0018922 secs] [Times: user=0.00 sys=0.00, real=0.00 secs] 
3006.141: [GC (Allocation Failure) [PSYoungGen: 59232K->1312K(59904K)] 405819K->347899K(557056K), 0.0019186 secs] [Times: user=0.01 sys=0.00, real=0.01 secs] 
3006.381: [GC (Allocation Failure) [PSYoungGen: 59168K->1344K(59904K)] 405755K->347931K(557056K), 0.0018466 secs] [Times: user=0.01 sys=0.00, real=0.01 secs] 
3006.796: [GC (Allocation Failure) [PSYoungGen: 59192K->1517K(59904K)] 405780K->348104K(557056K), 0.0014519 secs] [Times: user=0.01 sys=0.00, real=0.00 secs] 
3007.132: [GC (Allocation Failure) [PSYoungGen: 59373K->1517K(59904K)] 405960K->348112K(557056K), 0.0015081 secs] [Times: user=0.00 sys=0.00, real=0.00 secs] 
3007.470: [GC (Allocation Failure) [PSYoungGen: 59373K->1533K(59904K)] 405968K->348128K(557056K), 0.0015964 secs] [Times: user=0.01 sys=0.00, real=0.01 secs] 
3007.806: [GC (Allocation Failure) [PSYoungGen: 59389K->1501K(59904K)] 405984K->348096K(557056K), 0.0016139 secs] [Times: user=0.01 sys=0.00, real=0.00 secs] 
3008.142: [GC (Allocation Failure) [PSYoungGen: 59357K->1472K(59904K)] 405952K->348067K(557056K), 0.0017730 secs] [Times: user=0.01 sys=0.00, real=0.00 secs] 
3008.382: [GC (Allocation Failure) [PSYoungGen: 59328K->1344K(59904K)] 405923K->347939K(557056K), 0.0018178 secs] [Times: user=0.01 sys=0.00, real=0.00 secs] 
3008.660: [GC (Allocation Failure) [PSYoungGen: 59200K->1344K(59904K)] 405795K->347939K(557056K), 0.0016650 secs] [Times: user=0.00 sys=0.00, real=0.01 secs] 
3008.900: [GC (Allocation Failure) [PSYoungGen: 59200K->1344K(59904K)] 405795K->347939K(557056K), 0.0016946 secs] [Times: user=0.01 sys=0.00, real=0.01 secs] 
3009.140: [GC (Allocation Failure) [PSYoungGen: 59200K->1408K(59904K)] 405795K->348003K(557056K), 0.0018989 secs] [Times: user=0.01 sys=0.00, real=0.01 secs] 
3009.463: [GC (Allocation Failure) [PSYoungGen: 59257K->1520K(59904K)] 405853K->348115K(557056K), 0.0016737 secs] [Times: user=0.01 sys=0.00, real=0.00 secs] 
3009.800: [GC (Allocation Failure) [PSYoungGen: 59376K->1568K(59904K)] 405971K->348179K(557056K), 0.0015814 secs] [Times: user=0.01 sys=0.00, real=0.01 secs] 
3010.138: [GC (Allocation Failure) [PSYoungGen: 59424K->1613K(59904K)] 406035K->348224K(557056K), 0.0016596 secs] [Times: user=0.01 sys=0.00, real=0.00 secs] 
3010.475: [GC (Allocation Failure) [PSYoungGen: 59469K->1613K(59904K)] 406080K->348224K(557056K), 0.0014856 secs] [Times: user=0.01 sys=0.00, real=0.00 secs] 
3010.790: [GC (Allocation Failure) [PSYoungGen: 59469K->1472K(59904K)] 406080K->348083K(557056K), 0.0014070 secs] [Times: user=0.00 sys=0.00, real=0.00 secs] 
3011.029: [GC (Allocation Failure) [PSYoungGen: 59328K->1360K(59904K)] 405939K->347971K(557056K), 0.0015149 secs] [Times: user=0.01 sys=0.00, real=0.00 secs] 
3011.269: [GC (Allocation Failure) [PSYoungGen: 59216K->1360K(59904K)] 405827K->347971K(557056K), 0.0021237 secs] [Times: user=0.00 sys=0.00, real=0.00 secs] 
3011.510: [GC (Allocation Failure) [PSYoungGen: 59216K->1360K(59904K)] 405827K->347971K(557056K), 0.0020248 secs] [Times: user=0.01 sys=0.00, real=0.01 secs] 
3011.750: [GC (Allocation Failure) [PSYoungGen: 59216K->1376K(59904K)] 405827K->347995K(557056K), 0.0022848 secs] [Times: user=0.01 sys=0.00, real=0.01 secs] 
3012.135: [GC (Allocation Failure) [PSYoungGen: 59207K->1517K(59904K)] 405826K->348136K(557056K), 0.0015472 secs] [Times: user=0.00 sys=0.00, real=0.00 secs] 
3012.474: [GC (Allocation Failure) [PSYoungGen: 59351K->1533K(59904K)] 405970K->348168K(557056K), 0.0016112 secs] [Times: user=0.01 sys=0.00, real=0.00 secs] 
3012.811: [GC (Allocation Failure) [PSYoungGen: 59389K->1501K(59904K)] 406024K->348136K(557056K), 0.0016015 secs] [Times: user=0.01 sys=0.00, real=0.01 secs] 
3013.147: [GC (Allocation Failure) [PSYoungGen: 59357K->1581K(59904K)] 405992K->348216K(557056K), 0.0016047 secs] [Times: user=0.01 sys=0.00, real=0.00 secs] 
3013.451: [GC (Allocation Failure) [PSYoungGen: 59437K->1456K(59904K)] 406072K->348091K(557056K), 0.0016994 secs] [Times: user=0.00 sys=0.00, real=0.01 secs] 
3013.691: [GC (Allocation Failure) [PSYoungGen: 59312K->1376K(59904K)] 405947K->348019K(557056K), 0.0015962 secs] [Times: user=0.00 sys=0.00, real=0.01 secs] 
3013.994: [GC (Allocation Failure) [PSYoungGen: 59232K->1344K(59904K)] 405875K->347987K(557056K), 0.0017673 secs] [Times: user=0.01 sys=0.00, real=0.00 secs] 
3014.234: [GC (Allocation Failure) [PSYoungGen: 59200K->1344K(59904K)] 405843K->347987K(557056K), 0.0019720 secs] [Times: user=0.00 sys=0.00, real=0.00 secs] 
3014.477: [GC (Allocation Failure) [PSYoungGen: 59200K->1328K(59904K)] 405843K->347979K(557056K), 0.0023093 secs] [Times: user=0.01 sys=0.00, real=0.00 secs] 
3014.808: [GC (Allocation Failure) [PSYoungGen: 59152K->1485K(59904K)] 405804K->348136K(557056K), 0.0015376 secs] [Times: user=0.00 sys=0.00, real=0.00 secs] 
3015.144: [GC (Allocation Failure) [PSYoungGen: 59341K->1581K(59904K)] 405992K->348248K(557056K), 0.0015250 secs] [Times: user=0.01 sys=0.00, real=0.00 secs] 
3015.483: [GC (Allocation Failure) [PSYoungGen: 59437K->1549K(59904K)] 406104K->348216K(557056K), 0.0017953 secs] [Times: user=0.01 sys=0.00, real=0.00 secs] 
3015.819: [GC (Allocation Failure) [PSYoungGen: 59405K->1568K(59904K)] 406072K->348235K(557056K), 0.0015945 secs] [Times: user=0.01 sys=0.00, real=0.00 secs] 
3016.285: [GC (Allocation Failure) [PSYoungGen: 59424K->1456K(59904K)] 406091K->348123K(557056K), 0.0022033 secs] [Times: user=0.00 sys=0.00, real=0.00 secs] 
3017.284: [GC (Allocation Failure) [PSYoungGen: 59312K->1328K(59904K)] 405979K->347995K(557056K), 0.0019473 secs] [Times: user=0.01 sys=0.00, real=0.00 secs] 
3018.021: [GC (Allocation Failure) [PSYoungGen: 59184K->1344K(59904K)] 405851K->348011K(557056K), 0.0024909 secs] [Times: user=0.01 sys=0.01, real=0.01 secs] 
3018.519: [GC (Allocation Failure) [PSYoungGen: 59200K->1344K(59904K)] 405867K->348011K(557056K), 0.0026626 secs] [Times: user=0.01 sys=0.00, real=0.01 secs] 
3019.023: [GC (Allocation Failure) [PSYoungGen: 59200K->1376K(59904K)] 405867K->348043K(557056K), 0.0026103 secs] [Times: user=0.01 sys=0.00, real=0.00 secs] 
3019.549: [GC (Allocation Failure) [PSYoungGen: 59226K->1453K(59904K)] 405893K->348120K(557056K), 0.0016385 secs] [Times: user=0.00 sys=0.00, real=0.00 secs] 
3019.888: [GC (Allocation Failure) [PSYoungGen: 59291K->1517K(59904K)] 405959K->348192K(557056K), 0.0017093 secs] [Times: user=0.01 sys=0.00, real=0.00 secs] 
3020.226: [GC (Allocation Failure) [PSYoungGen: 59373K->1533K(59904K)] 406048K->348208K(557056K), 0.0016212 secs] [Times: user=0.01 sys=0.00, real=0.00 secs] 
3020.563: [GC (Allocation Failure) [PSYoungGen: 59389K->1552K(59904K)] 406064K->348227K(557056K), 0.0017206 secs] [Times: user=0.01 sys=0.00, real=0.00 secs] 
3020.886: [GC (Allocation Failure) [PSYoungGen: 59408K->1984K(59904K)] 406083K->348659K(557056K), 0.0017196 secs] [Times: user=0.00 sys=0.00, real=0.00 secs] 
3021.188: [GC (Allocation Failure) [PSYoungGen: 59840K->1376K(59904K)] 406515K->348051K(557056K), 0.0017724 secs] [Times: user=0.00 sys=0.00, real=0.00 secs] 
3021.713: [GC (Allocation Failure) [PSYoungGen: 59232K->1376K(59904K)] 405907K->348051K(557056K), 0.0035834 secs] [Times: user=0.02 sys=0.00, real=0.00 secs] 
3022.451: [GC (Allocation Failure) [PSYoungGen: 59232K->1376K(59904K)] 405907K->348051K(557056K), 0.0026305 secs] [Times: user=0.01 sys=0.00, real=0.01 secs] 
3023.211: [GC (Allocation Failure) [PSYoungGen: 59232K->1408K(59904K)] 405907K->348083K(557056K), 0.0032871 secs] [Times: user=0.01 sys=0.00, real=0.01 secs] 
3024.155: [GC (Allocation Failure) [PSYoungGen: 59234K->1485K(59904K)] 405910K->348160K(557056K), 0.0020846 secs] [Times: user=0.00 sys=0.00, real=0.00 secs] 
3024.510: [GC (Allocation Failure) [PSYoungGen: 59341K->1533K(59904K)] 406016K->348216K(557056K), 0.0017658 secs] [Times: user=0.01 sys=0.00, real=0.01 secs] 
3024.848: [GC (Allocation Failure) [PSYoungGen: 59358K->1520K(59904K)] 406041K->348203K(557056K), 0.0016337 secs] [Times: user=0.01 sys=0.00, real=0.00 secs] 
3025.186: [GC (Allocation Failure) [PSYoungGen: 59376K->1533K(59904K)] 406059K->348216K(557056K), 0.0016800 secs] [Times: user=0.01 sys=0.00, real=0.00 secs] 
3025.516: [GC (Allocation Failure) [PSYoungGen: 59389K->1504K(59904K)] 406072K->348203K(557056K), 0.0015901 secs] [Times: user=0.00 sys=0.00, real=0.00 secs] 
3026.010: [GC (Allocation Failure) [PSYoungGen: 59360K->1376K(59904K)] 406059K->348075K(557056K), 0.0020972 secs] [Times: user=0.01 sys=0.00, real=0.01 secs] 
3026.251: [GC (Allocation Failure) [PSYoungGen: 59232K->1344K(59904K)] 405931K->348043K(557056K), 0.0019208 secs] [Times: user=0.01 sys=0.00, real=0.01 secs] 
3026.492: [GC (Allocation Failure) [PSYoungGen: 59200K->1408K(59904K)] 405899K->348107K(557056K), 0.0021791 secs] [Times: user=0.01 sys=0.00, real=0.00 secs] 
3026.733: [GC (Allocation Failure) [PSYoungGen: 59264K->1312K(59904K)] 405963K->348011K(557056K), 0.0020656 secs] [Times: user=0.00 sys=0.00, real=0.00 secs] 
3027.091: [GC (Allocation Failure) [PSYoungGen: 59168K->1453K(59904K)] 405867K->348152K(557056K), 0.0015346 secs] [Times: user=0.01 sys=0.00, real=0.01 secs] 
3027.429: [GC (Allocation Failure) [PSYoungGen: 59303K->1520K(59904K)] 406002K->348235K(557056K), 0.0015157 secs] [Times: user=0.00 sys=0.00, real=0.00 secs] 
3027.768: [GC (Allocation Failure) [PSYoungGen: 59376K->1501K(59904K)] 406091K->348216K(557056K), 0.0016133 secs] [Times: user=0.01 sys=0.00, real=0.00 secs] 
3028.105: [GC (Allocation Failure) [PSYoungGen: 59357K->1533K(59904K)] 406072K->348248K(557056K), 0.0016480 secs] [Times: user=0.01 sys=0.00, real=0.00 secs] 
3028.441: [GC (Allocation Failure) [PSYoungGen: 59389K->1533K(59904K)] 406104K->348248K(557056K), 0.0015718 secs] [Times: user=0.00 sys=0.00, real=0.01 secs] 
3029.378: [GC (Allocation Failure) [PSYoungGen: 59389K->1392K(59904K)] 406104K->348107K(557056K), 0.0026233 secs] [Times: user=0.01 sys=0.00, real=0.00 secs] 
3030.230: [GC (Allocation Failure) [PSYoungGen: 59248K->1408K(59904K)] 405963K->348123K(557056K), 0.0035488 secs] [Times: user=0.01 sys=0.00, real=0.01 secs] 
3030.925: [GC (Allocation Failure) [PSYoungGen: 59264K->1408K(59904K)] 405979K->348123K(557056K), 0.0041469 secs] [Times: user=0.02 sys=0.00, real=0.00 secs] 
3031.367: [GC (Allocation Failure) [PSYoungGen: 59264K->1376K(59904K)] 405979K->348091K(557056K), 0.0023101 secs] [Times: user=0.00 sys=0.00, real=0.00 secs] 
3031.677: [GC (Allocation Failure) [PSYoungGen: 59232K->1424K(59904K)] 405947K->348139K(557056K), 0.0018378 secs] [Times: user=0.01 sys=0.00, real=0.00 secs] 
3032.020: [GC (Allocation Failure) [PSYoungGen: 59268K->1600K(59904K)] 405983K->348323K(557056K), 0.0016402 secs] [Times: user=0.00 sys=0.00, real=0.01 secs] 
3032.357: [GC (Allocation Failure) [PSYoungGen: 59456K->1552K(59904K)] 406179K->348283K(557056K), 0.0016455 secs] [Times: user=0.00 sys=0.00, real=0.00 secs] 
3032.694: [GC (Allocation Failure) [PSYoungGen: 59408K->1565K(59904K)] 406139K->348296K(557056K), 0.0016152 secs] [Times: user=0.00 sys=0.00, real=0.00 secs] 
3033.031: [GC (Allocation Failure) [PSYoungGen: 59421K->1536K(59904K)] 406152K->348267K(557056K), 0.0015730 secs] [Times: user=0.01 sys=0.00, real=0.01 secs] 
3033.919: [GC (Allocation Failure) [PSYoungGen: 59392K->1440K(59904K)] 406123K->348171K(557056K), 0.0019330 secs] [Times: user=0.01 sys=0.00, real=0.00 secs] 
3034.642: [GC (Allocation Failure) [PSYoungGen: 59296K->1376K(59904K)] 406027K->348107K(557056K), 0.0021616 secs] [Times: user=0.01 sys=0.00, real=0.00 secs] 
3035.403: [GC (Allocation Failure) [PSYoungGen: 59232K->1344K(59904K)] 405963K->348075K(557056K), 0.0024435 secs] [Times: user=0.01 sys=0.00, real=0.00 secs] 
3036.036: [GC (Allocation Failure) [PSYoungGen: 59200K->1392K(59904K)] 405931K->348123K(557056K), 0.0025794 secs] [Times: user=0.01 sys=0.00, real=0.00 secs] 
3036.298: [GC (Allocation Failure) [PSYoungGen: 59248K->1424K(59904K)] 405979K->348171K(557056K), 0.0017578 secs] [Times: user=0.00 sys=0.00, real=0.00 secs] 
3036.734: [GC (Allocation Failure) [PSYoungGen: 59269K->1549K(59904K)] 406016K->348304K(557056K), 0.0016098 secs] [Times: user=0.01 sys=0.00, real=0.00 secs] 
3037.071: [GC (Allocation Failure) [PSYoungGen: 59405K->1533K(59904K)] 406160K->348296K(557056K), 0.0016132 secs] [Times: user=0.01 sys=0.00, real=0.01 secs] 
3037.408: [GC (Allocation Failure) [PSYoungGen: 59389K->1581K(59904K)] 406152K->348344K(557056K), 0.0014854 secs] [Times: user=0.00 sys=0.00, real=0.00 secs] 
3037.743: [GC (Allocation Failure) [PSYoungGen: 59437K->1533K(59904K)] 406200K->348296K(557056K), 0.0015747 secs] [Times: user=0.01 sys=0.00, real=0.00 secs] 
3038.255: [GC (Allocation Failure) [PSYoungGen: 59389K->1424K(59904K)] 406152K->348195K(557056K), 0.0027935 secs] [Times: user=0.01 sys=0.00, real=0.00 secs] 
3038.714: [GC (Allocation Failure) [PSYoungGen: 59280K->1408K(59904K)] 406051K->348187K(557056K), 0.0027059 secs] [Times: user=0.01 sys=0.00, real=0.00 secs] 
3039.161: [GC (Allocation Failure) [PSYoungGen: 59264K->1408K(59904K)] 406043K->348187K(557056K), 0.0025263 secs] [Times: user=0.01 sys=0.00, real=0.01 secs] 
3039.611: [GC (Allocation Failure) [PSYoungGen: 59264K->1376K(59904K)] 406043K->348155K(557056K), 0.0025458 secs] [Times: user=0.01 sys=0.00, real=0.01 secs] 
3040.090: [GC (Allocation Failure) [PSYoungGen: 59232K->1376K(59904K)] 406011K->348155K(557056K), 0.0020451 secs] [Times: user=0.01 sys=0.00, real=0.01 secs] 
3040.461: [GC (Allocation Failure) [PSYoungGen: 59216K->1565K(59904K)] 405995K->348344K(557056K), 0.0015536 secs] [Times: user=0.00 sys=0.00, real=0.01 secs] 
3040.799: [GC (Allocation Failure) [PSYoungGen: 59421K->1613K(59904K)] 406200K->348400K(557056K), 0.0016735 secs] [Times: user=0.00 sys=0.00, real=0.00 secs] 
3041.197: [GC (Allocation Failure) [PSYoungGen: 59469K->1549K(59904K)] 406256K->348336K(557056K), 0.0017441 secs] [Times: user=0.00 sys=0.00, real=0.00 secs] 
3041.543: [GC (Allocation Failure) [PSYoungGen: 59405K->1536K(59904K)] 406192K->348323K(557056K), 0.0016262 secs] [Times: user=0.00 sys=0.00, real=0.00 secs] 
3042.493: [GC (Allocation Failure) [PSYoungGen: 59392K->1424K(59904K)] 406179K->348211K(557056K), 0.0035616 secs] [Times: user=0.02 sys=0.00, real=0.00 secs] 
3043.340: [GC (Allocation Failure) [PSYoungGen: 59280K->1392K(59904K)] 406067K->348179K(557056K), 0.0026977 secs] [Times: user=0.01 sys=0.00, real=0.01 secs] 
3043.903: [GC (Allocation Failure) [PSYoungGen: 59248K->1360K(59904K)] 406035K->348147K(557056K), 0.0024053 secs] [Times: user=0.01 sys=0.00, real=0.00 secs] 
3044.421: [GC (Allocation Failure) [PSYoungGen: 59216K->1376K(59904K)] 406003K->348163K(557056K), 0.0026740 secs] [Times: user=0.01 sys=0.00, real=0.01 secs] 
3044.663: [GC (Allocation Failure) [PSYoungGen: 59232K->1376K(59904K)] 406019K->348163K(557056K), 0.0019155 secs] [Times: user=0.01 sys=0.00, real=0.00 secs] 
3045.029: [GC (Allocation Failure) [PSYoungGen: 59232K->1549K(59904K)] 406019K->348336K(557056K), 0.0014896 secs] [Times: user=0.01 sys=0.00, real=0.00 secs] 
3045.367: [GC (Allocation Failure) [PSYoungGen: 59405K->1520K(59904K)] 406192K->348331K(557056K), 0.0017619 secs] [Times: user=0.00 sys=0.00, real=0.00 secs] 
3045.705: [GC (Allocation Failure) [PSYoungGen: 59358K->1520K(59904K)] 406169K->348331K(557056K), 0.0016429 secs] [Times: user=0.01 sys=0.00, real=0.00 secs] 
3046.042: [GC (Allocation Failure) [PSYoungGen: 59376K->1565K(59904K)] 406187K->348376K(557056K), 0.0015890 secs] [Times: user=0.01 sys=0.00, real=0.00 secs] 
3046.469: [GC (Allocation Failure) [PSYoungGen: 59421K->1472K(59904K)] 406232K->348283K(557056K), 0.0020564 secs] [Times: user=0.01 sys=0.00, real=0.00 secs] 
3046.933: [GC (Allocation Failure) [PSYoungGen: 59328K->1344K(59904K)] 406139K->348155K(557056K), 0.0017909 secs] [Times: user=0.01 sys=0.00, real=0.00 secs] 
3047.414: [GC (Allocation Failure) [PSYoungGen: 59200K->1376K(59904K)] 406011K->348187K(557056K), 0.0018993 secs] [Times: user=0.01 sys=0.00, real=0.00 secs] 
3047.895: [GC (Allocation Failure) [PSYoungGen: 59232K->1408K(59904K)] 406043K->348219K(557056K), 0.0019540 secs] [Times: user=0.01 sys=0.00, real=0.00 secs] 
3048.356: [GC (Allocation Failure) [PSYoungGen: 59264K->1408K(59904K)] 406075K->348227K(557056K), 0.0019495 secs] [Times: user=0.01 sys=0.00, real=0.00 secs] 
3048.861: [GC (Allocation Failure) [PSYoungGen: 59244K->1485K(59904K)] 406063K->348304K(557056K), 0.0015302 secs] [Times: user=0.01 sys=0.00, real=0.01 secs] 
3049.198: [GC (Allocation Failure) [PSYoungGen: 59341K->1565K(59904K)] 406160K->348392K(557056K), 0.0016426 secs] [Times: user=0.00 sys=0.00, real=0.00 secs] 
3049.535: [GC (Allocation Failure) [PSYoungGen: 59421K->1552K(59904K)] 406248K->348379K(557056K), 0.0016943 secs] [Times: user=0.00 sys=0.00, real=0.00 secs] 
3049.871: [GC (Allocation Failure) [PSYoungGen: 59408K->1565K(59904K)] 406235K->348392K(557056K), 0.0016282 secs] [Times: user=0.00 sys=0.00, real=0.01 secs] 
3050.184: [GC (Allocation Failure) [PSYoungGen: 59421K->1456K(59904K)] 406248K->348283K(557056K), 0.0021925 secs] [Times: user=0.01 sys=0.00, real=0.00 secs] 
3050.425: [GC (Allocation Failure) [PSYoungGen: 59312K->1360K(59904K)] 406139K->348187K(557056K), 0.0018440 secs] [Times: user=0.01 sys=0.00, real=0.00 secs] 
3050.666: [GC (Allocation Failure) [PSYoungGen: 59216K->1440K(59904K)] 406043K->348267K(557056K), 0.0019341 secs] [Times: user=0.00 sys=0.00, real=0.00 secs] 
3050.906: [GC (Allocation Failure) [PSYoungGen: 59296K->1376K(59904K)] 406123K->348203K(557056K), 0.0018503 secs] [Times: user=0.01 sys=0.00, real=0.00 secs] 
3051.147: [GC (Allocation Failure) [PSYoungGen: 59232K->1408K(59904K)] 406059K->348235K(557056K), 0.0018258 secs] [Times: user=0.01 sys=0.00, real=0.00 secs] 
3051.496: [GC (Allocation Failure) [PSYoungGen: 59264K->1517K(59904K)] 406091K->348344K(557056K), 0.0015915 secs] [Times: user=0.00 sys=0.00, real=0.00 secs] 
3051.842: [GC (Allocation Failure) [PSYoungGen: 59364K->1552K(59904K)] 406191K->348387K(557056K), 0.0015117 secs] [Times: user=0.01 sys=0.00, real=0.00 secs] 
3052.184: [GC (Allocation Failure) [PSYoungGen: 59408K->1581K(59904K)] 406243K->348416K(557056K), 0.0017213 secs] [Times: user=0.00 sys=0.00, real=0.00 secs] 
3052.580: [GC (Allocation Failure) [PSYoungGen: 59437K->1597K(59904K)] 406272K->348432K(557056K), 0.0015368 secs] [Times: user=0.01 sys=0.00, real=0.01 secs] 
3053.244: [GC (Allocation Failure) [PSYoungGen: 59453K->1424K(59904K)] 406288K->348259K(557056K), 0.0022872 secs] [Times: user=0.01 sys=0.00, real=0.00 secs] 
3053.738: [GC (Allocation Failure) [PSYoungGen: 59280K->1376K(59904K)] 406115K->348227K(557056K), 0.0019308 secs] [Times: user=0.01 sys=0.00, real=0.00 secs] 
3054.169: [GC (Allocation Failure) [PSYoungGen: 59232K->1408K(59904K)] 406083K->348259K(557056K), 0.0018920 secs] [Times: user=0.01 sys=0.00, real=0.00 secs] 
3054.998: [GC (Allocation Failure) [PSYoungGen: 59264K->1376K(59904K)] 406115K->348227K(557056K), 0.0021531 secs] [Times: user=0.01 sys=0.00, real=0.00 secs] 
3056.073: [GC (Allocation Failure) [PSYoungGen: 59232K->1376K(59904K)] 406083K->348227K(557056K), 0.0030441 secs] [Times: user=0.01 sys=0.00, real=0.00 secs] 
3056.942: [GC (Allocation Failure) [PSYoungGen: 59232K->1472K(59904K)] 406083K->348323K(557056K), 0.0015684 secs] [Times: user=0.00 sys=0.00, real=0.00 secs] 
3057.278: [GC (Allocation Failure) [PSYoungGen: 59328K->1613K(59904K)] 406179K->348472K(557056K), 0.0017170 secs] [Times: user=0.01 sys=0.00, real=0.00 secs] 
3057.616: [GC (Allocation Failure) [PSYoungGen: 59469K->1517K(59904K)] 406328K->348376K(557056K), 0.0016353 secs] [Times: user=0.01 sys=0.00, real=0.00 secs] 
3057.954: [GC (Allocation Failure) [PSYoungGen: 59373K->1549K(59904K)] 406232K->348408K(557056K), 0.0016126 secs] [Times: user=0.01 sys=0.00, real=0.00 secs] 
3058.348: [GC (Allocation Failure) [PSYoungGen: 59405K->1488K(59904K)] 406264K->348347K(557056K), 0.0023628 secs] [Times: user=0.01 sys=0.00, real=0.00 secs] 
3058.589: [GC (Allocation Failure) [PSYoungGen: 59344K->1408K(59904K)] 406203K->348267K(557056K), 0.0018534 secs] [Times: user=0.00 sys=0.00, real=0.00 secs] 
3058.830: [GC (Allocation Failure) [PSYoungGen: 59264K->1408K(59904K)] 406123K->348267K(557056K), 0.0018279 secs] [Times: user=0.01 sys=0.00, real=0.00 secs] 
3059.070: [GC (Allocation Failure) [PSYoungGen: 59264K->1408K(59904K)] 406123K->348267K(557056K), 0.0018464 secs] [Times: user=0.01 sys=0.00, real=0.01 secs] 
3059.310: [GC (Allocation Failure) [PSYoungGen: 59264K->1376K(59904K)] 406123K->348235K(557056K), 0.0019119 secs] [Times: user=0.01 sys=0.00, real=0.01 secs] 
3059.629: [GC (Allocation Failure) [PSYoungGen: 59232K->1517K(59904K)] 406091K->348376K(557056K), 0.0015094 secs] [Times: user=0.00 sys=0.00, real=0.00 secs] 
3060.031: [GC (Allocation Failure) [PSYoungGen: 59373K->1533K(59904K)] 406232K->348408K(557056K), 0.0016625 secs] [Times: user=0.01 sys=0.00, real=0.01 secs] 
3060.369: [GC (Allocation Failure) [PSYoungGen: 59389K->1501K(59904K)] 406264K->348376K(557056K), 0.0016614 secs] [Times: user=0.00 sys=0.00, real=0.00 secs] 
3060.705: [GC (Allocation Failure) [PSYoungGen: 59357K->1565K(59904K)] 406232K->348440K(557056K), 0.0016109 secs] [Times: user=0.00 sys=0.00, real=0.00 secs] 
3061.232: [GC (Allocation Failure) [PSYoungGen: 59421K->1488K(59904K)] 406296K->348363K(557056K), 0.0028514 secs] [Times: user=0.01 sys=0.00, real=0.00 secs] 
3061.805: [GC (Allocation Failure) [PSYoungGen: 59344K->1408K(59904K)] 406219K->348283K(557056K), 0.0031206 secs] [Times: user=0.01 sys=0.00, real=0.00 secs] 
3062.131: [GC (Allocation Failure) [PSYoungGen: 59264K->1376K(59904K)] 406139K->348251K(557056K), 0.0018557 secs] [Times: user=0.01 sys=0.00, real=0.01 secs] 
3062.413: [GC (Allocation Failure) [PSYoungGen: 59232K->1376K(59904K)] 406107K->348251K(557056K), 0.0019821 secs] [Times: user=0.00 sys=0.00, real=0.00 secs] 
3062.794: [GC (Allocation Failure) [PSYoungGen: 59232K->1376K(59904K)] 406107K->348251K(557056K), 0.0034355 secs] [Times: user=0.02 sys=0.00, real=0.00 secs] 
3063.270: [GC (Allocation Failure) [PSYoungGen: 59232K->1453K(59904K)] 406107K->348328K(557056K), 0.0015861 secs] [Times: user=0.00 sys=0.00, real=0.01 secs] 
3063.609: [GC (Allocation Failure) [PSYoungGen: 59290K->1549K(59904K)] 406165K->348440K(557056K), 0.0016107 secs] [Times: user=0.00 sys=0.00, real=0.00 secs] 
3064.013: [GC (Allocation Failure) [PSYoungGen: 59405K->1469K(59904K)] 406296K->348360K(557056K), 0.0016828 secs] [Times: user=0.01 sys=0.00, real=0.00 secs] 
3064.415: [GC (Allocation Failure) [PSYoungGen: 59325K->1533K(59904K)] 406216K->348424K(557056K), 0.0019644 secs] [Times: user=0.01 sys=0.00, real=0.00 secs] 
3064.855: [GC (Allocation Failure) [PSYoungGen: 59389K->1456K(59904K)] 406280K->348347K(557056K), 0.0023377 secs] [Times: user=0.01 sys=0.00, real=0.00 secs] 
3065.217: [GC (Allocation Failure) [PSYoungGen: 59312K->1360K(59904K)] 406203K->348251K(557056K), 0.0019113 secs] [Times: user=0.01 sys=0.00, real=0.00 secs] 
3065.458: [GC (Allocation Failure) [PSYoungGen: 59216K->1376K(59904K)] 406107K->348267K(557056K), 0.0021330 secs] [Times: user=0.01 sys=0.00, real=0.00 secs] 
3065.845: [GC (Allocation Failure) [PSYoungGen: 59232K->1344K(59904K)] 406123K->348235K(557056K), 0.0028601 secs] [Times: user=0.00 sys=0.00, real=0.00 secs] 
3066.342: [GC (Allocation Failure) [PSYoungGen: 59200K->1392K(59904K)] 406091K->348283K(557056K), 0.0036686 secs] [Times: user=0.01 sys=0.00, real=0.00 secs] 
3066.890: [GC (Allocation Failure) [PSYoungGen: 59248K->1456K(59904K)] 406139K->348347K(557056K), 0.0016273 secs] [Times: user=0.01 sys=0.00, real=0.00 secs] 
3067.228: [GC (Allocation Failure) [PSYoungGen: 59293K->1536K(59904K)] 406185K->348435K(557056K), 0.0015763 secs] [Times: user=0.00 sys=0.00, real=0.00 secs] 
3067.565: [GC (Allocation Failure) [PSYoungGen: 59392K->1520K(59904K)] 406291K->348419K(557056K), 0.0015684 secs] [Times: user=0.00 sys=0.00, real=0.00 secs] 
3067.901: [GC (Allocation Failure) [PSYoungGen: 59376K->1565K(59904K)] 406275K->348464K(557056K), 0.0015568 secs] [Times: user=0.01 sys=0.00, real=0.01 secs] 
3068.333: [GC (Allocation Failure) [PSYoungGen: 59421K->2000K(59904K)] 406320K->348899K(557056K), 0.0020021 secs] [Times: user=0.00 sys=0.00, real=0.00 secs] 
3068.700: [GC (Allocation Failure) [PSYoungGen: 59856K->1344K(59904K)] 406755K->348243K(557056K), 0.0021406 secs] [Times: user=0.01 sys=0.00, real=0.01 secs] 
3068.941: [GC (Allocation Failure) [PSYoungGen: 59200K->1376K(59904K)] 406099K->348275K(557056K), 0.0020917 secs] [Times: user=0.01 sys=0.00, real=0.01 secs] 
3069.182: [GC (Allocation Failure) [PSYoungGen: 59232K->1376K(59904K)] 406131K->348275K(557056K), 0.0020890 secs] [Times: user=0.00 sys=0.00, real=0.00 secs] 
3069.463: [GC (Allocation Failure) [PSYoungGen: 59232K->1344K(59904K)] 406131K->348243K(557056K), 0.0024330 secs] [Times: user=0.01 sys=0.00, real=0.00 secs] 
3069.886: [GC (Allocation Failure) [PSYoungGen: 59197K->1485K(59904K)] 406097K->348384K(557056K), 0.0014915 secs] [Times: user=0.01 sys=0.00, real=0.00 secs] 
3070.222: [GC (Allocation Failure) [PSYoungGen: 59341K->1533K(59904K)] 406240K->348448K(557056K), 0.0017172 secs] [Times: user=0.01 sys=0.00, real=0.00 secs] 
3070.560: [GC (Allocation Failure) [PSYoungGen: 59358K->1536K(59904K)] 406273K->348451K(557056K), 0.0015797 secs] [Times: user=0.01 sys=0.00, real=0.01 secs] 
3070.899: [GC (Allocation Failure) [PSYoungGen: 59392K->1568K(59904K)] 406307K->348483K(557056K), 0.0015978 secs] [Times: user=0.00 sys=0.00, real=0.00 secs] 
3071.302: [GC (Allocation Failure) [PSYoungGen: 59424K->1792K(59904K)] 406339K->348707K(557056K), 0.0019417 secs] [Times: user=0.01 sys=0.00, real=0.00 secs] 
3072.311: [GC (Allocation Failure) [PSYoungGen: 59648K->1408K(59904K)] 406563K->348323K(557056K), 0.0040630 secs] [Times: user=0.02 sys=0.00, real=0.01 secs] 
3073.161: [GC (Allocation Failure) [PSYoungGen: 59264K->1376K(59904K)] 406179K->348291K(557056K), 0.0035888 secs] [Times: user=0.02 sys=0.00, real=0.01 secs] 
3073.727: [GC (Allocation Failure) [PSYoungGen: 59232K->1376K(59904K)] 406147K->348291K(557056K), 0.0027657 secs] [Times: user=0.01 sys=0.00, real=0.00 secs] 
3074.077: [GC (Allocation Failure) [PSYoungGen: 59232K->1408K(59904K)] 406147K->348323K(557056K), 0.0020006 secs] [Times: user=0.01 sys=0.00, real=0.00 secs] 
3074.429: [GC (Allocation Failure) [PSYoungGen: 59264K->1485K(59904K)] 406179K->348400K(557056K), 0.0015153 secs] [Times: user=0.01 sys=0.00, real=0.00 secs] 
3074.768: [GC (Allocation Failure) [PSYoungGen: 59341K->1616K(59904K)] 406256K->348563K(557056K), 0.0015787 secs] [Times: user=0.00 sys=0.00, real=0.00 secs] 
3075.104: [GC (Allocation Failure) [PSYoungGen: 59472K->1629K(59904K)] 406419K->348576K(557056K), 0.0016914 secs] [Times: user=0.01 sys=0.00, real=0.00 secs] 
3075.496: [GC (Allocation Failure) [PSYoungGen: 59485K->1597K(59904K)] 406432K->348544K(557056K), 0.0016161 secs] [Times: user=0.00 sys=0.00, real=0.00 secs] 
3075.832: [GC (Allocation Failure) [PSYoungGen: 59453K->461K(59904K)] 406400K->347408K(557056K), 0.0015627 secs] [Times: user=0.00 sys=0.00, real=0.00 secs] 
3077.323: [GC (Allocation Failure) [PSYoungGen: 58317K->1440K(59904K)] 405264K->348387K(557056K), 0.0030588 secs] [Times: user=0.01 sys=0.00, real=0.00 secs] 
3077.811: [GC (Allocation Failure) [PSYoungGen: 59296K->1344K(59904K)] 406243K->348291K(557056K), 0.0029054 secs] [Times: user=0.01 sys=0.00, real=0.01 secs] 
3078.387: [GC (Allocation Failure) [PSYoungGen: 59200K->1376K(59904K)] 406147K->348323K(557056K), 0.0027837 secs] [Times: user=0.02 sys=0.00, real=0.00 secs] 
3078.884: [GC (Allocation Failure) [PSYoungGen: 59232K->1408K(59904K)] 406179K->348355K(557056K), 0.0038082 secs] [Times: user=0.01 sys=0.00, real=0.00 secs] 
3079.526: [GC (Allocation Failure) [PSYoungGen: 59264K->1488K(59904K)] 406211K->348435K(557056K), 0.0023927 secs] [Times: user=0.01 sys=0.00, real=0.00 secs] 
3079.913: [GC (Allocation Failure) [PSYoungGen: 59344K->1536K(59904K)] 406291K->348507K(557056K), 0.0017008 secs] [Times: user=0.00 sys=0.00, real=0.00 secs] 
3080.314: [GC (Allocation Failure) [PSYoungGen: 59362K->1565K(59904K)] 406334K->348536K(557056K), 0.0017353 secs] [Times: user=0.01 sys=0.00, real=0.00 secs] 
3080.651: [GC (Allocation Failure) [PSYoungGen: 59421K->1501K(59904K)] 406392K->348472K(557056K), 0.0016390 secs] [Times: user=0.01 sys=0.00, real=0.01 secs] 
3080.988: [GC (Allocation Failure) [PSYoungGen: 59357K->1533K(59904K)] 406328K->348504K(557056K), 0.0016211 secs] [Times: user=0.01 sys=0.00, real=0.00 secs] 
3081.622: [GC (Allocation Failure) [PSYoungGen: 59389K->1472K(59904K)] 406360K->348443K(557056K), 0.0031091 secs] [Times: user=0.02 sys=0.00, real=0.00 secs] 
3082.175: [GC (Allocation Failure) [PSYoungGen: 59328K->1392K(59904K)] 406299K->348363K(557056K), 0.0028316 secs] [Times: user=0.01 sys=0.00, real=0.00 secs] 
3082.656: [GC (Allocation Failure) [PSYoungGen: 59248K->1376K(59904K)] 406219K->348347K(557056K), 0.0023653 secs] [Times: user=0.01 sys=0.00, real=0.00 secs] 
3083.146: [GC (Allocation Failure) [PSYoungGen: 59232K->1376K(59904K)] 406203K->348347K(557056K), 0.0021845 secs] [Times: user=0.01 sys=0.00, real=0.00 secs] 
3083.411: [GC (Allocation Failure) [PSYoungGen: 59221K->1488K(59904K)] 406192K->348459K(557056K), 0.0017694 secs] [Times: user=0.01 sys=0.00, real=0.01 secs] 
3083.832: [GC (Allocation Failure) [PSYoungGen: 59344K->1613K(59904K)] 406315K->348584K(557056K), 0.0015299 secs] [Times: user=0.01 sys=0.00, real=0.00 secs] 
3084.171: [GC (Allocation Failure) [PSYoungGen: 59469K->1533K(59904K)] 406440K->348520K(557056K), 0.0016514 secs] [Times: user=0.00 sys=0.00, real=0.01 secs] 
3084.509: [GC (Allocation Failure) [PSYoungGen: 59389K->1549K(59904K)] 406376K->348536K(557056K), 0.0016217 secs] [Times: user=0.00 sys=0.01, real=0.00 secs] 
3084.845: [GC (Allocation Failure) [PSYoungGen: 59405K->1501K(59904K)] 406392K->348512K(557056K), 0.0016590 secs] [Times: user=0.01 sys=0.00, real=0.00 secs] 
3085.181: [GC (Allocation Failure) [PSYoungGen: 59357K->1408K(59904K)] 406368K->348419K(557056K), 0.0030622 secs] [Times: user=0.02 sys=0.00, real=0.01 secs] 
3085.418: [GC (Allocation Failure) [PSYoungGen: 59264K->1344K(59904K)] 406275K->348355K(557056K), 0.0019985 secs] [Times: user=0.01 sys=0.00, real=0.00 secs] 
3085.659: [GC (Allocation Failure) [PSYoungGen: 59200K->1376K(59904K)] 406211K->348387K(557056K), 0.0017735 secs] [Times: user=0.01 sys=0.00, real=0.00 secs] 
3085.919: [GC (Allocation Failure) [PSYoungGen: 59232K->1408K(59904K)] 406243K->348419K(557056K), 0.0018499 secs] [Times: user=0.01 sys=0.00, real=0.00 secs] 
3086.259: [GC (Allocation Failure) [PSYoungGen: 59264K->208K(59904K)] 406275K->347219K(557056K), 0.0019219 secs] [Times: user=0.00 sys=0.00, real=0.00 secs] 
3086.610: [GC (Allocation Failure) [PSYoungGen: 58064K->1533K(59904K)] 405075K->348544K(557056K), 0.0016436 secs] [Times: user=0.01 sys=0.00, real=0.00 secs] 
3086.948: [GC (Allocation Failure) [PSYoungGen: 59377K->1533K(59904K)] 406388K->348552K(557056K), 0.0016497 secs] [Times: user=0.01 sys=0.00, real=0.00 secs] 
3087.286: [GC (Allocation Failure) [PSYoungGen: 59389K->1549K(59904K)] 406408K->348568K(557056K), 0.0016005 secs] [Times: user=0.01 sys=0.00, real=0.00 secs] 
3087.622: [GC (Allocation Failure) [PSYoungGen: 59405K->1597K(59904K)] 406424K->348616K(557056K), 0.0015871 secs] [Times: user=0.00 sys=0.00, real=0.00 secs] 
3087.918: [GC (Allocation Failure) [PSYoungGen: 59453K->1408K(59904K)] 406472K->348427K(557056K), 0.0017408 secs] [Times: user=0.00 sys=0.00, real=0.00 secs] 
3088.206: [GC (Allocation Failure) [PSYoungGen: 59264K->1376K(59904K)] 406283K->348395K(557056K), 0.0018012 secs] [Times: user=0.01 sys=0.00, real=0.00 secs] 
3088.446: [GC (Allocation Failure) [PSYoungGen: 59232K->1344K(59904K)] 406251K->348363K(557056K), 0.0017837 secs] [Times: user=0.01 sys=0.00, real=0.00 secs] 
3088.882: [GC (Allocation Failure) [PSYoungGen: 59200K->1376K(59904K)] 406219K->348395K(557056K), 0.0019969 secs] [Times: user=0.01 sys=0.00, real=0.00 secs] 
3089.470: [GC (Allocation Failure) [PSYoungGen: 59232K->1376K(59904K)] 406251K->348395K(557056K), 0.0021444 secs] [Times: user=0.01 sys=0.00, real=0.01 secs] 
3089.886: [GC (Allocation Failure) [PSYoungGen: 59206K->1581K(59904K)] 406226K->348600K(557056K), 0.0016529 secs] [Times: user=0.00 sys=0.00, real=0.00 secs] 
3090.281: [GC (Allocation Failure) [PSYoungGen: 59437K->1581K(59904K)] 406456K->348608K(557056K), 0.0016754 secs] [Times: user=0.01 sys=0.00, real=0.01 secs] 
3090.618: [GC (Allocation Failure) [PSYoungGen: 59437K->1501K(59904K)] 406464K->348528K(557056K), 0.0015858 secs] [Times: user=0.01 sys=0.00, real=0.00 secs] 
3090.954: [GC (Allocation Failure) [PSYoungGen: 59357K->1584K(59904K)] 406384K->348611K(557056K), 0.0015703 secs] [Times: user=0.01 sys=0.00, real=0.00 secs] 
3092.256: [GC (Allocation Failure) [PSYoungGen: 59440K->1408K(59904K)] 406467K->348435K(557056K), 0.0035288 secs] [Times: user=0.02 sys=0.00, real=0.00 secs] 
3092.830: [GC (Allocation Failure) [PSYoungGen: 59264K->1344K(59904K)] 406291K->348371K(557056K), 0.0054014 secs] [Times: user=0.02 sys=0.00, real=0.01 secs] 
3093.404: [GC (Allocation Failure) [PSYoungGen: 59200K->1392K(59904K)] 406227K->348419K(557056K), 0.0034529 secs] [Times: user=0.01 sys=0.00, real=0.00 secs] 
3093.649: [GC (Allocation Failure) [PSYoungGen: 59248K->1392K(59904K)] 406275K->348419K(557056K), 0.0018721 secs] [Times: user=0.01 sys=0.00, real=0.00 secs] 
3094.069: [GC (Allocation Failure) [PSYoungGen: 59248K->1376K(59904K)] 406275K->348403K(557056K), 0.0017031 secs] [Times: user=0.00 sys=0.00, real=0.00 secs] 
3094.723: [GC (Allocation Failure) [PSYoungGen: 59232K->1485K(59904K)] 406259K->348512K(557056K), 0.0015679 secs] [Times: user=0.01 sys=0.00, real=0.00 secs] 
3095.062: [GC (Allocation Failure) [PSYoungGen: 59341K->1504K(59904K)] 406368K->348539K(557056K), 0.0017673 secs] [Times: user=0.01 sys=0.00, real=0.00 secs] 
3095.399: [GC (Allocation Failure) [PSYoungGen: 59360K->1504K(59904K)] 406395K->348555K(557056K), 0.0017032 secs] [Times: user=0.01 sys=0.00, real=0.00 secs] 
3095.736: [GC (Allocation Failure) [PSYoungGen: 59360K->1552K(59904K)] 406411K->348603K(557056K), 0.0015742 secs] [Times: user=0.00 sys=0.00, real=0.00 secs] 
3096.508: [GC (Allocation Failure) [PSYoungGen: 59408K->1440K(59904K)] 406459K->348491K(557056K), 0.0022938 secs] [Times: user=0.01 sys=0.00, real=0.00 secs] 
3096.955: [GC (Allocation Failure) [PSYoungGen: 59296K->1344K(59904K)] 406347K->348395K(557056K), 0.0019365 secs] [Times: user=0.00 sys=0.00, real=0.00 secs] 
3097.246: [GC (Allocation Failure) [PSYoungGen: 59200K->1392K(59904K)] 406251K->348443K(557056K), 0.0020015 secs] [Times: user=0.01 sys=0.00, real=0.00 secs] 
3097.496: [GC (Allocation Failure) [PSYoungGen: 59248K->1408K(59904K)] 406299K->348459K(557056K), 0.0018867 secs] [Times: user=0.01 sys=0.00, real=0.00 secs] 
3097.791: [GC (Allocation Failure) [PSYoungGen: 59264K->1344K(59904K)] 406315K->348395K(557056K), 0.0018908 secs] [Times: user=0.01 sys=0.00, real=0.01 secs] 
3098.135: [GC (Allocation Failure) [PSYoungGen: 59194K->1552K(59904K)] 406245K->348603K(557056K), 0.0014446 secs] [Times: user=0.00 sys=0.00, real=0.00 secs] 
3098.473: [GC (Allocation Failure) [PSYoungGen: 59408K->1549K(59904K)] 406459K->348608K(557056K), 0.0017722 secs] [Times: user=0.01 sys=0.00, real=0.00 secs] 
3098.809: [GC (Allocation Failure) [PSYoungGen: 59405K->1613K(59904K)] 406464K->348672K(557056K), 0.0016026 secs] [Times: user=0.01 sys=0.00, real=0.00 secs] 
3099.147: [GC (Allocation Failure) [PSYoungGen: 59469K->1533K(59904K)] 406528K->348592K(557056K), 0.0016119 secs] [Times: user=0.00 sys=0.00, real=0.00 secs] 
3099.648: [GC (Allocation Failure) [PSYoungGen: 59389K->1456K(59904K)] 406448K->348515K(557056K), 0.0020333 secs] [Times: user=0.01 sys=0.01, real=0.00 secs] 
3100.205: [GC (Allocation Failure) [PSYoungGen: 59312K->1408K(59904K)] 406371K->348467K(557056K), 0.0033568 secs] [Times: user=0.01 sys=0.00, real=0.00 secs] 
3100.687: [GC (Allocation Failure) [PSYoungGen: 59264K->1344K(59904K)] 406323K->348403K(557056K), 0.0026543 secs] [Times: user=0.01 sys=0.00, real=0.00 secs] 
3100.986: [GC (Allocation Failure) [PSYoungGen: 59200K->1344K(59904K)] 406259K->348403K(557056K), 0.0020316 secs] [Times: user=0.01 sys=0.00, real=0.00 secs] 
3101.367: [GC (Allocation Failure) [PSYoungGen: 59200K->1344K(59904K)] 406259K->348403K(557056K), 0.0019547 secs] [Times: user=0.01 sys=0.00, real=0.00 secs] 
3101.877: [GC (Allocation Failure) [PSYoungGen: 59200K->1485K(59904K)] 406259K->348544K(557056K), 0.0015694 secs] [Times: user=0.01 sys=0.00, real=0.00 secs] 
3102.218: [GC (Allocation Failure) [PSYoungGen: 59336K->1565K(59904K)] 406395K->348632K(557056K), 0.0017044 secs] [Times: user=0.01 sys=0.00, real=0.00 secs] 
3102.555: [GC (Allocation Failure) [PSYoungGen: 59421K->1581K(59904K)] 406488K->348648K(557056K), 0.0015901 secs] [Times: user=0.01 sys=0.00, real=0.00 secs] 
3102.891: [GC (Allocation Failure) [PSYoungGen: 59437K->1581K(59904K)] 406504K->348648K(557056K), 0.0015636 secs] [Times: user=0.00 sys=0.00, real=0.01 secs] 
3103.241: [GC (Allocation Failure) [PSYoungGen: 59437K->1424K(59904K)] 406504K->348491K(557056K), 0.0018937 secs] [Times: user=0.01 sys=0.00, real=0.01 secs] 
3103.491: [GC (Allocation Failure) [PSYoungGen: 59280K->1408K(59904K)] 406347K->348475K(557056K), 0.0018394 secs] [Times: user=0.01 sys=0.00, real=0.01 secs] 
3103.856: [GC (Allocation Failure) [PSYoungGen: 59264K->1408K(59904K)] 406331K->348483K(557056K), 0.0017266 secs] [Times: user=0.01 sys=0.00, real=0.00 secs] 
3104.207: [GC (Allocation Failure) [PSYoungGen: 59264K->1376K(59904K)] 406339K->348451K(557056K), 0.0018689 secs] [Times: user=0.00 sys=0.00, real=0.00 secs] 
3104.456: [GC (Allocation Failure) [PSYoungGen: 59232K->1376K(59904K)] 406307K->348451K(557056K), 0.0020696 secs] [Times: user=0.01 sys=0.00, real=0.00 secs] 
3104.794: [GC (Allocation Failure) [PSYoungGen: 59232K->1456K(59904K)] 406307K->348531K(557056K), 0.0015437 secs] [Times: user=0.00 sys=0.00, real=0.00 secs] 
3105.132: [GC (Allocation Failure) [PSYoungGen: 59311K->1536K(59904K)] 406386K->348619K(557056K), 0.0016886 secs] [Times: user=0.00 sys=0.00, real=0.00 secs] 
3105.469: [GC (Allocation Failure) [PSYoungGen: 59392K->1549K(59904K)] 406475K->348632K(557056K), 0.0015961 secs] [Times: user=0.01 sys=0.00, real=0.00 secs] 
3105.805: [GC (Allocation Failure) [PSYoungGen: 59405K->1501K(59904K)] 406488K->348584K(557056K), 0.0016433 secs] [Times: user=0.00 sys=0.00, real=0.00 secs] 
3106.248: [GC (Allocation Failure) [PSYoungGen: 59357K->1504K(59904K)] 406440K->348587K(557056K), 0.0019688 secs] [Times: user=0.01 sys=0.00, real=0.00 secs] 
3106.783: [GC (Allocation Failure) [PSYoungGen: 59360K->1344K(59904K)] 406443K->348427K(557056K), 0.0019254 secs] [Times: user=0.01 sys=0.00, real=0.00 secs] 
3107.255: [GC (Allocation Failure) [PSYoungGen: 59200K->1376K(59904K)] 406283K->348459K(557056K), 0.0019679 secs] [Times: user=0.01 sys=0.00, real=0.00 secs] 
3107.496: [GC (Allocation Failure) [PSYoungGen: 59232K->1344K(59904K)] 406315K->348427K(557056K), 0.0019793 secs] [Times: user=0.01 sys=0.00, real=0.00 secs] 
3107.736: [GC (Allocation Failure) [PSYoungGen: 59200K->1376K(59904K)] 406283K->348459K(557056K), 0.0019644 secs] [Times: user=0.01 sys=0.00, real=0.00 secs] 
3108.048: [GC (Allocation Failure) [PSYoungGen: 59232K->1453K(59904K)] 406315K->348536K(557056K), 0.0014580 secs] [Times: user=0.01 sys=0.00, real=0.00 secs] 
3108.384: [GC (Allocation Failure) [PSYoungGen: 59309K->1613K(59904K)] 406392K->348704K(557056K), 0.0015383 secs] [Times: user=0.01 sys=0.00, real=0.00 secs] 
3108.721: [GC (Allocation Failure) [PSYoungGen: 59469K->1597K(59904K)] 406560K->348688K(557056K), 0.0015217 secs] [Times: user=0.01 sys=0.00, real=0.01 secs] 
3109.057: [GC (Allocation Failure) [PSYoungGen: 59453K->1613K(59904K)] 406544K->348704K(557056K), 0.0015956 secs] [Times: user=0.00 sys=0.00, real=0.00 secs] 
3109.458: [GC (Allocation Failure) [PSYoungGen: 59469K->1456K(59904K)] 406560K->348547K(557056K), 0.0017953 secs] [Times: user=0.01 sys=0.00, real=0.00 secs] 
3109.964: [GC (Allocation Failure) [PSYoungGen: 59312K->1408K(59904K)] 406403K->348499K(557056K), 0.0016489 secs] [Times: user=0.01 sys=0.00, real=0.00 secs] 
3110.685: [GC (Allocation Failure) [PSYoungGen: 59264K->1376K(59904K)] 406355K->348467K(557056K), 0.0029564 secs] [Times: user=0.01 sys=0.00, real=0.00 secs] 
3111.166: [GC (Allocation Failure) [PSYoungGen: 59232K->1376K(59904K)] 406323K->348467K(557056K), 0.0037658 secs] [Times: user=0.02 sys=0.00, real=0.00 secs] 
3111.649: [GC (Allocation Failure) [PSYoungGen: 59232K->1408K(59904K)] 406323K->348499K(557056K), 0.0030856 secs] [Times: user=0.01 sys=0.00, real=0.01 secs] 
3112.159: [GC (Allocation Failure) [PSYoungGen: 59262K->1485K(59904K)] 406353K->348576K(557056K), 0.0015367 secs] [Times: user=0.00 sys=0.00, real=0.00 secs] 
3112.495: [GC (Allocation Failure) [PSYoungGen: 59341K->1536K(59904K)] 406432K->348643K(557056K), 0.0015595 secs] [Times: user=0.01 sys=0.00, real=0.00 secs] 
3112.833: [GC (Allocation Failure) [PSYoungGen: 59392K->1533K(59904K)] 406499K->348640K(557056K), 0.0016011 secs] [Times: user=0.00 sys=0.00, real=0.00 secs] 
3113.170: [GC (Allocation Failure) [PSYoungGen: 59389K->1581K(59904K)] 406496K->348688K(557056K), 0.0016254 secs] [Times: user=0.01 sys=0.00, real=0.00 secs] 
3113.834: [GC (Allocation Failure) [PSYoungGen: 59437K->1456K(59904K)] 406544K->348563K(557056K), 0.0028578 secs] [Times: user=0.02 sys=0.00, real=0.00 secs] 
3115.183: [GC (Allocation Failure) [PSYoungGen: 59312K->1376K(59904K)] 406419K->348483K(557056K), 0.0035173 secs] [Times: user=0.01 sys=0.00, real=0.00 secs] 
3115.745: [GC (Allocation Failure) [PSYoungGen: 59232K->1328K(59904K)] 406339K->348435K(557056K), 0.0028470 secs] [Times: user=0.01 sys=0.00, real=0.00 secs] 
3116.236: [GC (Allocation Failure) [PSYoungGen: 59184K->1408K(59904K)] 406291K->348531K(557056K), 0.0022402 secs] [Times: user=0.00 sys=0.00, real=0.00 secs] 
3116.732: [GC (Allocation Failure) [PSYoungGen: 59264K->1376K(59904K)] 406387K->348499K(557056K), 0.0020984 secs] [Times: user=0.01 sys=0.00, real=0.00 secs] 
3117.210: [GC (Allocation Failure) [PSYoungGen: 59232K->1437K(59904K)] 406355K->348560K(557056K), 0.0016281 secs] [Times: user=0.00 sys=0.00, real=0.00 secs] 
3117.546: [GC (Allocation Failure) [PSYoungGen: 59293K->1565K(59904K)] 406416K->348704K(557056K), 0.0015691 secs] [Times: user=0.00 sys=0.00, real=0.00 secs] 
3117.942: [GC (Allocation Failure) [PSYoungGen: 59395K->1533K(59904K)] 406534K->348672K(557056K), 0.0016443 secs] [Times: user=0.00 sys=0.01, real=0.00 secs] 
3118.281: [GC (Allocation Failure) [PSYoungGen: 59389K->1565K(59904K)] 406528K->348704K(557056K), 0.0016618 secs] [Times: user=0.00 sys=0.00, real=0.01 secs] 
3118.740: [GC (Allocation Failure) [PSYoungGen: 59421K->2000K(59904K)] 406560K->349139K(557056K), 0.0022365 secs] [Times: user=0.01 sys=0.00, real=0.01 secs] 
3119.666: [GC (Allocation Failure) [PSYoungGen: 59856K->1408K(59904K)] 406995K->348547K(557056K), 0.0029493 secs] [Times: user=0.02 sys=0.00, real=0.00 secs] 
3120.545: [GC (Allocation Failure) [PSYoungGen: 59264K->1408K(59904K)] 406403K->348547K(557056K), 0.0036473 secs] [Times: user=0.01 sys=0.00, real=0.00 secs] 
3121.482: [GC (Allocation Failure) [PSYoungGen: 59264K->1376K(59904K)] 406403K->348515K(557056K), 0.0036594 secs] [Times: user=0.02 sys=0.00, real=0.00 secs] 
3122.307: [GC (Allocation Failure) [PSYoungGen: 59232K->1376K(59904K)] 406371K->348515K(557056K), 0.0031514 secs] [Times: user=0.01 sys=0.00, real=0.00 secs] 
3122.858: [GC (Allocation Failure) [PSYoungGen: 59230K->1453K(59904K)] 406369K->348592K(557056K), 0.0018687 secs] [Times: user=0.01 sys=0.00, real=0.00 secs] 
3123.202: [GC (Allocation Failure) [PSYoungGen: 59309K->1581K(59904K)] 406448K->348728K(557056K), 0.0015849 secs] [Times: user=0.00 sys=0.00, real=0.00 secs] 
3123.544: [GC (Allocation Failure) [PSYoungGen: 59407K->1565K(59904K)] 406554K->348712K(557056K), 0.0015165 secs] [Times: user=0.01 sys=0.00, real=0.00 secs] 
3123.948: [GC (Allocation Failure) [PSYoungGen: 59421K->1613K(59904K)] 406568K->348760K(557056K), 0.0017678 secs] [Times: user=0.00 sys=0.00, real=0.00 secs] 
3125.062: [GC (Allocation Failure) [PSYoungGen: 59469K->1632K(59904K)] 406616K->348779K(557056K), 0.0021175 secs] [Times: user=0.01 sys=0.00, real=0.00 secs] 
3126.513: [GC (Allocation Failure) [PSYoungGen: 59488K->1408K(59904K)] 406635K->348555K(557056K), 0.0036819 secs] [Times: user=0.02 sys=0.00, real=0.00 secs] 
3127.533: [GC (Allocation Failure) [PSYoungGen: 59264K->1376K(59904K)] 406411K->348523K(557056K), 0.0036831 secs] [Times: user=0.02 sys=0.00, real=0.00 secs] 
3128.218: [GC (Allocation Failure) [PSYoungGen: 59232K->1376K(59904K)] 406379K->348523K(557056K), 0.0025772 secs] [Times: user=0.01 sys=0.00, real=0.00 secs] 
3128.707: [GC (Allocation Failure) [PSYoungGen: 59232K->1376K(59904K)] 406379K->348523K(557056K), 0.0025745 secs] [Times: user=0.01 sys=0.00, real=0.00 secs] 
3129.068: [GC (Allocation Failure) [PSYoungGen: 59217K->1501K(59904K)] 406364K->348656K(557056K), 0.0015442 secs] [Times: user=0.00 sys=0.00, real=0.00 secs] 
3129.463: [GC (Allocation Failure) [PSYoungGen: 59357K->1584K(59904K)] 406512K->348755K(557056K), 0.0017106 secs] [Times: user=0.01 sys=0.00, real=0.00 secs] 
3129.856: [GC (Allocation Failure) [PSYoungGen: 59423K->1565K(59904K)] 406594K->348736K(557056K), 0.0017035 secs] [Times: user=0.00 sys=0.00, real=0.00 secs] 
3130.194: [GC (Allocation Failure) [PSYoungGen: 59421K->1613K(59904K)] 406592K->348784K(557056K), 0.0016912 secs] [Times: user=0.00 sys=0.00, real=0.00 secs] 
3130.530: [GC (Allocation Failure) [PSYoungGen: 59469K->1549K(59904K)] 406640K->348720K(557056K), 0.0015976 secs] [Times: user=0.01 sys=0.00, real=0.01 secs] 
3130.831: [GC (Allocation Failure) [PSYoungGen: 59405K->1408K(59904K)] 406576K->348579K(557056K), 0.0024544 secs] [Times: user=0.01 sys=0.00, real=0.01 secs] 
3131.068: [GC (Allocation Failure) [PSYoungGen: 59264K->1376K(59904K)] 406435K->348547K(557056K), 0.0019005 secs] [Times: user=0.01 sys=0.00, real=0.00 secs] 
3131.308: [GC (Allocation Failure) [PSYoungGen: 59232K->1376K(59904K)] 406403K->348547K(557056K), 0.0018569 secs] [Times: user=0.01 sys=0.00, real=0.00 secs] 
3131.549: [GC (Allocation Failure) [PSYoungGen: 59232K->1376K(59904K)] 406403K->348547K(557056K), 0.0018568 secs] [Times: user=0.01 sys=0.00, real=0.00 secs] 
3131.826: [GC (Allocation Failure) [PSYoungGen: 59222K->1488K(59904K)] 406393K->348659K(557056K), 0.0015214 secs] [Times: user=0.00 sys=0.00, real=0.00 secs] 
3132.168: [GC (Allocation Failure) [PSYoungGen: 59344K->1565K(59904K)] 406515K->348744K(557056K), 0.0016062 secs] [Times: user=0.00 sys=0.00, real=0.00 secs] 
3132.506: [GC (Allocation Failure) [PSYoungGen: 59421K->1533K(59904K)] 406600K->348712K(557056K), 0.0015067 secs] [Times: user=0.01 sys=0.00, real=0.00 secs] 
3132.843: [GC (Allocation Failure) [PSYoungGen: 59389K->1613K(59904K)] 406568K->348800K(557056K), 0.0016654 secs] [Times: user=0.01 sys=0.00, real=0.00 secs] 
3133.180: [GC (Allocation Failure) [PSYoungGen: 59469K->1501K(59904K)] 406656K->348704K(557056K), 0.0016114 secs] [Times: user=0.01 sys=0.00, real=0.01 secs] 
3133.866: [GC (Allocation Failure) [PSYoungGen: 59357K->1408K(59904K)] 406560K->348611K(557056K), 0.0019565 secs] [Times: user=0.01 sys=0.00, real=0.00 secs] 
3134.393: [GC (Allocation Failure) [PSYoungGen: 59264K->1344K(59904K)] 406467K->348547K(557056K), 0.0019850 secs] [Times: user=0.00 sys=0.00, real=0.00 secs] 
3134.983: [GC (Allocation Failure) [PSYoungGen: 59200K->1408K(59904K)] 406403K->348619K(557056K), 0.0019264 secs] [Times: user=0.01 sys=0.00, real=0.00 secs] 
3135.250: [GC (Allocation Failure) [PSYoungGen: 59264K->1344K(59904K)] 406475K->348555K(557056K), 0.0020128 secs] [Times: user=0.01 sys=0.00, real=0.01 secs] 
3135.524: [GC (Allocation Failure) [PSYoungGen: 59200K->1469K(59904K)] 406411K->348688K(557056K), 0.0020120 secs] [Times: user=0.01 sys=0.00, real=0.00 secs] 
3135.888: [GC (Allocation Failure) [PSYoungGen: 59317K->1581K(59904K)] 406536K->348800K(557056K), 0.0015831 secs] [Times: user=0.01 sys=0.00, real=0.00 secs] 
3136.224: [GC (Allocation Failure) [PSYoungGen: 59437K->1581K(59904K)] 406656K->348808K(557056K), 0.0016030 secs] [Times: user=0.00 sys=0.00, real=0.00 secs] 
3136.621: [GC (Allocation Failure) [PSYoungGen: 59437K->1565K(59904K)] 406664K->348792K(557056K), 0.0016871 secs] [Times: user=0.00 sys=0.00, real=0.01 secs] 
3136.959: [GC (Allocation Failure) [PSYoungGen: 59421K->1533K(59904K)] 406648K->348760K(557056K), 0.0015752 secs] [Times: user=0.00 sys=0.00, real=0.00 secs] 
3137.252: [GC (Allocation Failure) [PSYoungGen: 59389K->1424K(59904K)] 406616K->348651K(557056K), 0.0020506 secs] [Times: user=0.01 sys=0.00, real=0.00 secs] 
3137.560: [GC (Allocation Failure) [PSYoungGen: 59280K->1376K(59904K)] 406507K->348603K(557056K), 0.0020515 secs] [Times: user=0.01 sys=0.00, real=0.01 secs] 
3137.829: [GC (Allocation Failure) [PSYoungGen: 59232K->1344K(59904K)] 406459K->348571K(557056K), 0.0018286 secs] [Times: user=0.01 sys=0.00, real=0.00 secs] 
3138.079: [GC (Allocation Failure) [PSYoungGen: 59200K->1344K(59904K)] 406427K->348571K(557056K), 0.0018654 secs] [Times: user=0.01 sys=0.00, real=0.00 secs] 
3138.322: [GC (Allocation Failure) [PSYoungGen: 59200K->1344K(59904K)] 406427K->348571K(557056K), 0.0019581 secs] [Times: user=0.00 sys=0.00, real=0.00 secs] 
3138.723: [GC (Allocation Failure) [PSYoungGen: 59200K->1552K(59904K)] 406427K->348779K(557056K), 0.0015801 secs] [Times: user=0.01 sys=0.00, real=0.00 secs] 
3139.066: [GC (Allocation Failure) [PSYoungGen: 59408K->1533K(59904K)] 406635K->348776K(557056K), 0.0016895 secs] [Times: user=0.01 sys=0.00, real=0.00 secs] 
3139.403: [GC (Allocation Failure) [PSYoungGen: 59389K->1472K(59904K)] 406632K->348715K(557056K), 0.0016002 secs] [Times: user=0.01 sys=0.00, real=0.00 secs] 
3139.740: [GC (Allocation Failure) [PSYoungGen: 59328K->1536K(59904K)] 406571K->348779K(557056K), 0.0015578 secs] [Times: user=0.00 sys=0.00, real=0.01 secs] 
3140.061: [GC (Allocation Failure) [PSYoungGen: 59392K->1408K(59904K)] 406635K->348651K(557056K), 0.0018654 secs] [Times: user=0.01 sys=0.00, real=0.01 secs] 
3140.359: [GC (Allocation Failure) [PSYoungGen: 59264K->1408K(59904K)] 406507K->348651K(557056K), 0.0019602 secs] [Times: user=0.01 sys=0.00, real=0.00 secs] 
3140.647: [GC (Allocation Failure) [PSYoungGen: 59264K->1408K(59904K)] 406507K->348651K(557056K), 0.0030530 secs] [Times: user=0.01 sys=0.00, real=0.00 secs] 
3140.968: [GC (Allocation Failure) [PSYoungGen: 59264K->1344K(59904K)] 406507K->348587K(557056K), 0.0019601 secs] [Times: user=0.01 sys=0.00, real=0.00 secs] 
3141.213: [GC (Allocation Failure) [PSYoungGen: 59200K->1376K(59904K)] 406443K->348619K(557056K), 0.0020294 secs] [Times: user=0.01 sys=0.00, real=0.00 secs] 
3141.605: [GC (Allocation Failure) [PSYoungGen: 59232K->1517K(59904K)] 406475K->348760K(557056K), 0.0016109 secs] [Times: user=0.01 sys=0.00, real=0.00 secs] 
3142.005: [GC (Allocation Failure) [PSYoungGen: 59343K->1565K(59904K)] 406586K->348816K(557056K), 0.0016464 secs] [Times: user=0.01 sys=0.00, real=0.00 secs] 
3142.345: [GC (Allocation Failure) [PSYoungGen: 59421K->1581K(59904K)] 406672K->348832K(557056K), 0.0015915 secs] [Times: user=0.00 sys=0.00, real=0.00 secs] 
3142.681: [GC (Allocation Failure) [PSYoungGen: 59437K->1581K(59904K)] 406688K->348832K(557056K), 0.0016268 secs] [Times: user=0.01 sys=0.00, real=0.01 secs] 
3143.000: [GC (Allocation Failure) [PSYoungGen: 59437K->1424K(59904K)] 406688K->348675K(557056K), 0.0022847 secs] [Times: user=0.01 sys=0.00, real=0.01 secs] 
3143.271: [GC (Allocation Failure) [PSYoungGen: 59280K->1312K(59904K)] 406531K->348579K(557056K), 0.0020152 secs] [Times: user=0.01 sys=0.00, real=0.01 secs] 
3143.683: [GC (Allocation Failure) [PSYoungGen: 59168K->1376K(59904K)] 406435K->348643K(557056K), 0.0019255 secs] [Times: user=0.01 sys=0.00, real=0.00 secs] 
3144.078: [GC (Allocation Failure) [PSYoungGen: 59232K->1344K(59904K)] 406499K->348611K(557056K), 0.0018859 secs] [Times: user=0.01 sys=0.00, real=0.00 secs] 
3144.531: [GC (Allocation Failure) [PSYoungGen: 59200K->1376K(59904K)] 406467K->348643K(557056K), 0.0018435 secs] [Times: user=0.01 sys=0.00, real=0.01 secs] 
3145.197: [GC (Allocation Failure) [PSYoungGen: 59232K->1533K(59904K)] 406499K->348800K(557056K), 0.0016616 secs] [Times: user=0.00 sys=0.00, real=0.00 secs] 
3145.535: [GC (Allocation Failure) [PSYoungGen: 59365K->1533K(59904K)] 406632K->348808K(557056K), 0.0015108 secs] [Times: user=0.00 sys=0.00, real=0.00 secs] 
3145.935: [GC (Allocation Failure) [PSYoungGen: 59389K->1565K(59904K)] 406664K->348840K(557056K), 0.0016907 secs] [Times: user=0.01 sys=0.00, real=0.00 secs] 
3146.271: [GC (Allocation Failure) [PSYoungGen: 59421K->1533K(59904K)] 406696K->348808K(557056K), 0.0016389 secs] [Times: user=0.00 sys=0.00, real=0.01 secs] 
3146.605: [GC (Allocation Failure) [PSYoungGen: 59389K->1456K(59904K)] 406664K->348731K(557056K), 0.0020152 secs] [Times: user=0.01 sys=0.00, real=0.00 secs] 
3146.846: [GC (Allocation Failure) [PSYoungGen: 59312K->1376K(59904K)] 406587K->348651K(557056K), 0.0019022 secs] [Times: user=0.00 sys=0.00, real=0.00 secs] 
3147.200: [GC (Allocation Failure) [PSYoungGen: 59232K->1408K(59904K)] 406507K->348683K(557056K), 0.0019079 secs] [Times: user=0.01 sys=0.00, real=0.01 secs] 
3147.583: [GC (Allocation Failure) [PSYoungGen: 59264K->1376K(59904K)] 406539K->348651K(557056K), 0.0020552 secs] [Times: user=0.01 sys=0.00, real=0.00 secs] 
3147.990: [GC (Allocation Failure) [PSYoungGen: 59232K->1376K(59904K)] 406507K->348651K(557056K), 0.0018884 secs] [Times: user=0.00 sys=0.00, real=0.01 secs] 
3148.385: [GC (Allocation Failure) [PSYoungGen: 59227K->1552K(59904K)] 406502K->348827K(557056K), 0.0016049 secs] [Times: user=0.00 sys=0.00, real=0.00 secs] 
3148.722: [GC (Allocation Failure) [PSYoungGen: 59408K->1533K(59904K)] 406683K->348824K(557056K), 0.0015655 secs] [Times: user=0.01 sys=0.00, real=0.00 secs] 
3149.120: [GC (Allocation Failure) [PSYoungGen: 59389K->1581K(59904K)] 406680K->348872K(557056K), 0.0015672 secs] [Times: user=0.01 sys=0.00, real=0.00 secs] 
3149.457: [GC (Allocation Failure) [PSYoungGen: 59437K->1565K(59904K)] 406728K->348856K(557056K), 0.0017131 secs] [Times: user=0.01 sys=0.00, real=0.00 secs] 
3149.768: [GC (Allocation Failure) [PSYoungGen: 59421K->1488K(59904K)] 406712K->348779K(557056K), 0.0020301 secs] [Times: user=0.01 sys=0.00, real=0.00 secs] 
3150.009: [GC (Allocation Failure) [PSYoungGen: 59344K->1344K(59904K)] 406635K->348635K(557056K), 0.0020699 secs] [Times: user=0.01 sys=0.00, real=0.00 secs] 
3150.250: [GC (Allocation Failure) [PSYoungGen: 59200K->1376K(59904K)] 406491K->348667K(557056K), 0.0019782 secs] [Times: user=0.01 sys=0.00, real=0.01 secs] 
3150.491: [GC (Allocation Failure) [PSYoungGen: 59232K->1344K(59904K)] 406523K->348635K(557056K), 0.0019192 secs] [Times: user=0.01 sys=0.00, real=0.01 secs] 
3150.731: [GC (Allocation Failure) [PSYoungGen: 59200K->1376K(59904K)] 406491K->348667K(557056K), 0.0027644 secs] [Times: user=0.01 sys=0.00, real=0.01 secs] 
3151.119: [GC (Allocation Failure) [PSYoungGen: 59232K->1520K(59904K)] 406523K->348811K(557056K), 0.0015600 secs] [Times: user=0.01 sys=0.00, real=0.00 secs] 
3151.457: [GC (Allocation Failure) [PSYoungGen: 59371K->1552K(59904K)] 406663K->348851K(557056K), 0.0016420 secs] [Times: user=0.01 sys=0.00, real=0.00 secs] 
3151.795: [GC (Allocation Failure) [PSYoungGen: 59408K->1549K(59904K)] 406707K->348848K(557056K), 0.0016301 secs] [Times: user=0.01 sys=0.00, real=0.00 secs] 
3152.133: [GC (Allocation Failure) [PSYoungGen: 59405K->1533K(59904K)] 406704K->348832K(557056K), 0.0015734 secs] [Times: user=0.01 sys=0.00, real=0.00 secs] 
3152.702: [GC (Allocation Failure) [PSYoungGen: 59389K->1456K(59904K)] 406688K->348755K(557056K), 0.0033323 secs] [Times: user=0.01 sys=0.00, real=0.00 secs] 
3153.313: [GC (Allocation Failure) [PSYoungGen: 59312K->1408K(59904K)] 406611K->348707K(557056K), 0.0026032 secs] [Times: user=0.01 sys=0.00, real=0.00 secs] 
3153.565: [GC (Allocation Failure) [PSYoungGen: 59264K->1344K(59904K)] 406563K->348651K(557056K), 0.0020072 secs] [Times: user=0.01 sys=0.00, real=0.00 secs] 
3153.805: [GC (Allocation Failure) [PSYoungGen: 59200K->1344K(59904K)] 406507K->348651K(557056K), 0.0018618 secs] [Times: user=0.01 sys=0.00, real=0.00 secs] 
3154.281: [GC (Allocation Failure) [PSYoungGen: 59200K->1376K(59904K)] 406507K->348683K(557056K), 0.0020568 secs] [Times: user=0.01 sys=0.00, real=0.01 secs] 
3154.694: [GC (Allocation Failure) [PSYoungGen: 59232K->1536K(59904K)] 406539K->348843K(557056K), 0.0015736 secs] [Times: user=0.01 sys=0.00, real=0.00 secs] 
3155.033: [GC (Allocation Failure) [PSYoungGen: 59392K->1549K(59904K)] 406699K->348872K(557056K), 0.0014869 secs] [Times: user=0.01 sys=0.00, real=0.00 secs] 
3155.375: [GC (Allocation Failure) [PSYoungGen: 59405K->1552K(59904K)] 406728K->348875K(557056K), 0.0017278 secs] [Times: user=0.00 sys=0.00, real=0.00 secs] 
3155.714: [GC (Allocation Failure) [PSYoungGen: 59408K->1501K(59904K)] 406731K->348824K(557056K), 0.0016287 secs] [Times: user=0.00 sys=0.00, real=0.00 secs] 
3156.037: [GC (Allocation Failure) [PSYoungGen: 59357K->1488K(59904K)] 406680K->348811K(557056K), 0.0019099 secs] [Times: user=0.00 sys=0.00, real=0.00 secs] 
3156.278: [GC (Allocation Failure) [PSYoungGen: 59344K->1376K(59904K)] 406667K->348699K(557056K), 0.0017713 secs] [Times: user=0.01 sys=0.00, real=0.00 secs] 
3156.518: [GC (Allocation Failure) [PSYoungGen: 59232K->1344K(59904K)] 406555K->348667K(557056K), 0.0017301 secs] [Times: user=0.00 sys=0.00, real=0.00 secs] 
3156.758: [GC (Allocation Failure) [PSYoungGen: 59200K->1376K(59904K)] 406523K->348699K(557056K), 0.0018674 secs] [Times: user=0.01 sys=0.00, real=0.00 secs] 
3156.999: [GC (Allocation Failure) [PSYoungGen: 59232K->1440K(59904K)] 406555K->348763K(557056K), 0.0021517 secs] [Times: user=0.01 sys=0.01, real=0.00 secs] 
3157.356: [GC (Allocation Failure) [PSYoungGen: 59296K->1488K(59904K)] 406619K->348811K(557056K), 0.0016317 secs] [Times: user=0.01 sys=0.00, real=0.00 secs] 
3157.696: [GC (Allocation Failure) [PSYoungGen: 59317K->1568K(59904K)] 406640K->348907K(557056K), 0.0015876 secs] [Times: user=0.01 sys=0.00, real=0.00 secs] 
3158.032: [GC (Allocation Failure) [PSYoungGen: 59424K->1536K(59904K)] 406763K->348875K(557056K), 0.0019340 secs] [Times: user=0.01 sys=0.00, real=0.00 secs] 
3158.442: [GC (Allocation Failure) [PSYoungGen: 59392K->1552K(59904K)] 406731K->348891K(557056K), 0.0016432 secs] [Times: user=0.00 sys=0.00, real=0.00 secs] 
3159.059: [GC (Allocation Failure) [PSYoungGen: 59408K->1504K(59904K)] 406747K->348843K(557056K), 0.0032222 secs] [Times: user=0.01 sys=0.00, real=0.01 secs] 
3159.581: [GC (Allocation Failure) [PSYoungGen: 59360K->1376K(59904K)] 406699K->348715K(557056K), 0.0026397 secs] [Times: user=0.01 sys=0.00, real=0.01 secs] 
3160.145: [GC (Allocation Failure) [PSYoungGen: 59232K->1376K(59904K)] 406571K->348715K(557056K), 0.0023739 secs] [Times: user=0.01 sys=0.00, real=0.00 secs] 
3160.659: [GC (Allocation Failure) [PSYoungGen: 59232K->1408K(59904K)] 406571K->348747K(557056K), 0.0025531 secs] [Times: user=0.01 sys=0.00, real=0.01 secs] 
3161.259: [GC (Allocation Failure) [PSYoungGen: 59264K->1408K(59904K)] 406603K->348747K(557056K), 0.0030984 secs] [Times: user=0.01 sys=0.00, real=0.01 secs] 
3161.770: [GC (Allocation Failure) [PSYoungGen: 59260K->1485K(59904K)] 406599K->348824K(557056K), 0.0015015 secs] [Times: user=0.01 sys=0.00, real=0.00 secs] 
3162.108: [GC (Allocation Failure) [PSYoungGen: 59341K->1501K(59904K)] 406680K->348848K(557056K), 0.0015973 secs] [Times: user=0.01 sys=0.01, real=0.00 secs] 
3162.449: [GC (Allocation Failure) [PSYoungGen: 59357K->1517K(59904K)] 406704K->348864K(557056K), 0.0016536 secs] [Times: user=0.00 sys=0.00, real=0.00 secs] 
3162.785: [GC (Allocation Failure) [PSYoungGen: 59373K->1533K(59904K)] 406720K->348880K(557056K), 0.0017548 secs] [Times: user=0.01 sys=0.00, real=0.00 secs] 
3163.213: [GC (Allocation Failure) [PSYoungGen: 59389K->1456K(59904K)] 406736K->348803K(557056K), 0.0017951 secs] [Times: user=0.01 sys=0.00, real=0.00 secs] 
3163.738: [GC (Allocation Failure) [PSYoungGen: 59312K->1376K(59904K)] 406659K->348723K(557056K), 0.0017697 secs] [Times: user=0.01 sys=0.00, real=0.00 secs] 
3164.274: [GC (Allocation Failure) [PSYoungGen: 59232K->1408K(59904K)] 406579K->348755K(557056K), 0.0038217 secs] [Times: user=0.01 sys=0.00, real=0.00 secs] 
3164.805: [GC (Allocation Failure) [PSYoungGen: 59264K->1408K(59904K)] 406611K->348755K(557056K), 0.0025508 secs] [Times: user=0.01 sys=0.00, real=0.00 secs] 
3165.312: [GC (Allocation Failure) [PSYoungGen: 59264K->1408K(59904K)] 406611K->348755K(557056K), 0.0020927 secs] [Times: user=0.00 sys=0.00, real=0.01 secs] 
3165.880: [GC (Allocation Failure) [PSYoungGen: 59264K->1485K(59904K)] 406611K->348848K(557056K), 0.0015687 secs] [Times: user=0.00 sys=0.00, real=0.01 secs] 
3166.220: [GC (Allocation Failure) [PSYoungGen: 59326K->1613K(59904K)] 406689K->348984K(557056K), 0.0015526 secs] [Times: user=0.00 sys=0.00, real=0.00 secs] 
3166.557: [GC (Allocation Failure) [PSYoungGen: 59469K->1533K(59904K)] 406840K->348904K(557056K), 0.0016977 secs] [Times: user=0.01 sys=0.00, real=0.00 secs] 
3166.894: [GC (Allocation Failure) [PSYoungGen: 59389K->1501K(59904K)] 406760K->348872K(557056K), 0.0015862 secs] [Times: user=0.01 sys=0.00, real=0.00 secs] 
3167.274: [GC (Allocation Failure) [PSYoungGen: 59357K->2016K(59904K)] 406728K->349387K(557056K), 0.0019502 secs] [Times: user=0.01 sys=0.00, real=0.00 secs] 
3167.852: [GC (Allocation Failure) [PSYoungGen: 59872K->1376K(59904K)] 407243K->348747K(557056K), 0.0025817 secs] [Times: user=0.01 sys=0.00, real=0.00 secs] 
3168.155: [GC (Allocation Failure) [PSYoungGen: 59232K->1376K(59904K)] 406603K->348747K(557056K), 0.0021582 secs] [Times: user=0.01 sys=0.00, real=0.00 secs] 
3168.396: [GC (Allocation Failure) [PSYoungGen: 59232K->1424K(59904K)] 406603K->348795K(557056K), 0.0019018 secs] [Times: user=0.01 sys=0.00, real=0.00 secs] 
3168.636: [GC (Allocation Failure) [PSYoungGen: 59280K->1408K(59904K)] 406651K->348779K(557056K), 0.0018589 secs] [Times: user=0.01 sys=0.00, real=0.00 secs] 
3168.929: [GC (Allocation Failure) [PSYoungGen: 59258K->1501K(59904K)] 406630K->348872K(557056K), 0.0016039 secs] [Times: user=0.01 sys=0.00, real=0.00 secs] 
3169.330: [GC (Allocation Failure) [PSYoungGen: 59357K->1533K(59904K)] 406728K->348920K(557056K), 0.0015701 secs] [Times: user=0.01 sys=0.00, real=0.00 secs] 
3169.666: [GC (Allocation Failure) [PSYoungGen: 59358K->1565K(59904K)] 406745K->348952K(557056K), 0.0017127 secs] [Times: user=0.01 sys=0.00, real=0.00 secs] 
3170.062: [GC (Allocation Failure) [PSYoungGen: 59421K->1549K(59904K)] 406808K->348936K(557056K), 0.0017097 secs] [Times: user=0.01 sys=0.00, real=0.00 secs] 
3170.640: [GC (Allocation Failure) [PSYoungGen: 59405K->1632K(59904K)] 406792K->349019K(557056K), 0.0018799 secs] [Times: user=0.01 sys=0.00, real=0.01 secs] 
3171.737: [GC (Allocation Failure) [PSYoungGen: 59488K->1376K(59904K)] 406875K->348763K(557056K), 0.0034630 secs] [Times: user=0.02 sys=0.00, real=0.00 secs] 
3172.102: [GC (Allocation Failure) [PSYoungGen: 59232K->1376K(59904K)] 406619K->348763K(557056K), 0.0019688 secs] [Times: user=0.00 sys=0.00, real=0.00 secs] 
3172.403: [GC (Allocation Failure) [PSYoungGen: 59232K->1376K(59904K)] 406619K->348763K(557056K), 0.0020932 secs] [Times: user=0.01 sys=0.00, real=0.00 secs] 
3172.823: [GC (Allocation Failure) [PSYoungGen: 59232K->1376K(59904K)] 406619K->348763K(557056K), 0.0020385 secs] [Times: user=0.01 sys=0.00, real=0.00 secs] 
3173.327: [GC (Allocation Failure) [PSYoungGen: 59223K->1501K(59904K)] 406610K->348888K(557056K), 0.0018390 secs] [Times: user=0.01 sys=0.00, real=0.00 secs] 
3173.672: [GC (Allocation Failure) [PSYoungGen: 59357K->1565K(59904K)] 406744K->348960K(557056K), 0.0014863 secs] [Times: user=0.00 sys=0.00, real=0.00 secs] 
3174.010: [GC (Allocation Failure) [PSYoungGen: 59403K->1565K(59904K)] 406798K->348960K(557056K), 0.0015859 secs] [Times: user=0.01 sys=0.00, real=0.00 secs] 
3174.348: [GC (Allocation Failure) [PSYoungGen: 59421K->1565K(59904K)] 406816K->348984K(557056K), 0.0015675 secs] [Times: user=0.01 sys=0.00, real=0.00 secs] 
3174.746: [GC (Allocation Failure) [PSYoungGen: 59421K->1552K(59904K)] 406840K->348971K(557056K), 0.0025997 secs] [Times: user=0.01 sys=0.00, real=0.00 secs] 
3175.370: [GC (Allocation Failure) [PSYoungGen: 59408K->1408K(59904K)] 406827K->348827K(557056K), 0.0019416 secs] [Times: user=0.01 sys=0.00, real=0.01 secs] 
3175.610: [GC (Allocation Failure) [PSYoungGen: 59264K->1376K(59904K)] 406683K->348795K(557056K), 0.0018731 secs] [Times: user=0.01 sys=0.00, real=0.01 secs] 
3175.851: [GC (Allocation Failure) [PSYoungGen: 59232K->1376K(59904K)] 406651K->348795K(557056K), 0.0018370 secs] [Times: user=0.01 sys=0.00, real=0.01 secs] 
3176.091: [GC (Allocation Failure) [PSYoungGen: 59232K->1376K(59904K)] 406651K->348795K(557056K), 0.0022404 secs] [Times: user=0.01 sys=0.00, real=0.01 secs] 
3176.387: [GC (Allocation Failure) [PSYoungGen: 59232K->1488K(59904K)] 406651K->348907K(557056K), 0.0020387 secs] [Times: user=0.00 sys=0.00, real=0.00 secs] 
3176.740: [GC (Allocation Failure) [PSYoungGen: 59319K->1565K(59904K)] 406739K->349000K(557056K), 0.0015679 secs] [Times: user=0.01 sys=0.00, real=0.01 secs] 
3177.077: [GC (Allocation Failure) [PSYoungGen: 59421K->1533K(59904K)] 406856K->348968K(557056K), 0.0016733 secs] [Times: user=0.01 sys=0.00, real=0.00 secs] 
3177.416: [GC (Allocation Failure) [PSYoungGen: 59389K->1501K(59904K)] 406824K->348936K(557056K), 0.0017125 secs] [Times: user=0.01 sys=0.00, real=0.00 secs] 
3177.752: [GC (Allocation Failure) [PSYoungGen: 59357K->1549K(59904K)] 406792K->348984K(557056K), 0.0015470 secs] [Times: user=0.01 sys=0.00, real=0.00 secs] 
3178.265: [GC (Allocation Failure) [PSYoungGen: 59405K->1408K(59904K)] 406840K->348843K(557056K), 0.0032052 secs] [Times: user=0.02 sys=0.00, real=0.00 secs] 
3178.542: [GC (Allocation Failure) [PSYoungGen: 59264K->1408K(59904K)] 406699K->348843K(557056K), 0.0018034 secs] [Times: user=0.01 sys=0.00, real=0.00 secs] 
3178.782: [GC (Allocation Failure) [PSYoungGen: 59264K->1392K(59904K)] 406699K->348827K(557056K), 0.0017432 secs] [Times: user=0.01 sys=0.00, real=0.00 secs] 
3179.022: [GC (Allocation Failure) [PSYoungGen: 59248K->1392K(59904K)] 406683K->348827K(557056K), 0.0019354 secs] [Times: user=0.01 sys=0.00, real=0.00 secs] 
3179.278: [GC (Allocation Failure) [PSYoungGen: 59248K->1456K(59904K)] 406683K->348891K(557056K), 0.0018044 secs] [Times: user=0.01 sys=0.00, real=0.00 secs] 
3179.621: [GC (Allocation Failure) [PSYoungGen: 59312K->1552K(59904K)] 406747K->348987K(557056K), 0.0016966 secs] [Times: user=0.01 sys=0.00, real=0.01 secs] 
3179.960: [GC (Allocation Failure) [PSYoungGen: 59406K->1565K(59904K)] 406841K->349016K(557056K), 0.0015745 secs] [Times: user=0.01 sys=0.00, real=0.00 secs] 
3180.298: [GC (Allocation Failure) [PSYoungGen: 59421K->1613K(59904K)] 406872K->349064K(557056K), 0.0017132 secs] [Times: user=0.01 sys=0.00, real=0.00 secs] 
3180.634: [GC (Allocation Failure) [PSYoungGen: 59469K->1533K(59904K)] 406920K->348984K(557056K), 0.0015876 secs] [Times: user=0.01 sys=0.00, real=0.00 secs] 
3181.127: [GC (Allocation Failure) [PSYoungGen: 59389K->1424K(59904K)] 406840K->348875K(557056K), 0.0018245 secs] [Times: user=0.01 sys=0.01, real=0.00 secs] 
3181.399: [GC (Allocation Failure) [PSYoungGen: 59280K->1376K(59904K)] 406731K->348835K(557056K), 0.0024443 secs] [Times: user=0.01 sys=0.00, real=0.00 secs] 
3181.640: [GC (Allocation Failure) [PSYoungGen: 59232K->1408K(59904K)] 406691K->348867K(557056K), 0.0020215 secs] [Times: user=0.00 sys=0.00, real=0.01 secs] 
3181.884: [GC (Allocation Failure) [PSYoungGen: 59264K->1408K(59904K)] 406723K->348867K(557056K), 0.0021318 secs] [Times: user=0.01 sys=0.00, real=0.00 secs] 
3182.121: [GC (Allocation Failure) [PSYoungGen: 59264K->1408K(59904K)] 406723K->348867K(557056K), 0.0029071 secs] [Times: user=0.01 sys=0.00, real=0.01 secs] 
3182.523: [GC (Allocation Failure) [PSYoungGen: 59234K->1581K(59904K)] 406693K->349040K(557056K), 0.0015665 secs] [Times: user=0.00 sys=0.00, real=0.00 secs] 
3182.861: [GC (Allocation Failure) [PSYoungGen: 59437K->1581K(59904K)] 406896K->349064K(557056K), 0.0017200 secs] [Times: user=0.00 sys=0.00, real=0.01 secs] 
3183.198: [GC (Allocation Failure) [PSYoungGen: 59437K->1565K(59904K)] 406920K->349048K(557056K), 0.0016098 secs] [Times: user=0.00 sys=0.00, real=0.00 secs] 
3183.534: [GC (Allocation Failure) [PSYoungGen: 59421K->1517K(59904K)] 406904K->349000K(557056K), 0.0015304 secs] [Times: user=0.01 sys=0.00, real=0.00 secs] 
3183.858: [GC (Allocation Failure) [PSYoungGen: 59373K->1408K(59904K)] 406856K->348891K(557056K), 0.0017398 secs] [Times: user=0.00 sys=0.00, real=0.00 secs] 
3184.212: [GC (Allocation Failure) [PSYoungGen: 59264K->1376K(59904K)] 406747K->348859K(557056K), 0.0025479 secs] [Times: user=0.01 sys=0.00, real=0.00 secs] 
3184.766: [GC (Allocation Failure) [PSYoungGen: 59232K->1328K(59904K)] 406715K->348811K(557056K), 0.0023927 secs] [Times: user=0.01 sys=0.00, real=0.00 secs] 
3185.291: [GC (Allocation Failure) [PSYoungGen: 59184K->1376K(59904K)] 406667K->348859K(557056K), 0.0036598 secs] [Times: user=0.02 sys=0.01, real=0.01 secs] 
3185.844: [GC (Allocation Failure) [PSYoungGen: 59232K->1344K(59904K)] 406715K->348827K(557056K), 0.0025291 secs] [Times: user=0.01 sys=0.00, real=0.00 secs] 
3186.293: [GC (Allocation Failure) [PSYoungGen: 59186K->1533K(59904K)] 406669K->349016K(557056K), 0.0015734 secs] [Times: user=0.01 sys=0.00, real=0.00 secs] 
3186.693: [GC (Allocation Failure) [PSYoungGen: 59389K->1565K(59904K)] 406872K->349056K(557056K), 0.0016757 secs] [Times: user=0.01 sys=0.00, real=0.00 secs] 
3187.031: [GC (Allocation Failure) [PSYoungGen: 59421K->1520K(59904K)] 406912K->349011K(557056K), 0.0016346 secs] [Times: user=0.01 sys=0.00, real=0.01 secs] 
3187.369: [GC (Allocation Failure) [PSYoungGen: 59376K->1565K(59904K)] 406867K->349056K(557056K), 0.0016636 secs] [Times: user=0.01 sys=0.00, real=0.00 secs] 
3187.879: [GC (Allocation Failure) [PSYoungGen: 59421K->1488K(59904K)] 406912K->348979K(557056K), 0.0031193 secs] [Times: user=0.01 sys=0.00, real=0.01 secs] 
3188.450: [GC (Allocation Failure) [PSYoungGen: 59344K->1376K(59904K)] 406835K->348867K(557056K), 0.0030941 secs] [Times: user=0.01 sys=0.00, real=0.01 secs] 
3188.928: [GC (Allocation Failure) [PSYoungGen: 59232K->1344K(59904K)] 406723K->348835K(557056K), 0.0026037 secs] [Times: user=0.01 sys=0.00, real=0.00 secs] 
3189.418: [GC (Allocation Failure) [PSYoungGen: 59200K->1376K(59904K)] 406691K->348867K(557056K), 0.0023884 secs] [Times: user=0.01 sys=0.00, real=0.00 secs] 
3189.848: [GC (Allocation Failure) [PSYoungGen: 59232K->1376K(59904K)] 406723K->348867K(557056K), 0.0026458 secs] [Times: user=0.01 sys=0.00, real=0.00 secs] 
3190.343: [GC (Allocation Failure) [PSYoungGen: 59219K->1472K(59904K)] 406711K->348963K(557056K), 0.0015477 secs] [Times: user=0.01 sys=0.00, real=0.00 secs] 
3190.680: [GC (Allocation Failure) [PSYoungGen: 59328K->1552K(59904K)] 406819K->349051K(557056K), 0.0015706 secs] [Times: user=0.01 sys=0.00, real=0.00 secs] 
3191.017: [GC (Allocation Failure) [PSYoungGen: 59408K->1565K(59904K)] 406907K->349064K(557056K), 0.0016085 secs] [Times: user=0.01 sys=0.00, real=0.00 secs] 
3191.354: [GC (Allocation Failure) [PSYoungGen: 59421K->1597K(59904K)] 406920K->349096K(557056K), 0.0015737 secs] [Times: user=0.01 sys=0.00, real=0.00 secs] 
3192.108: [GC (Allocation Failure) [PSYoungGen: 59453K->1456K(59904K)] 406952K->348955K(557056K), 0.0020058 secs] [Times: user=0.01 sys=0.00, real=0.00 secs] 
3193.253: [GC (Allocation Failure) [PSYoungGen: 59312K->1424K(59904K)] 406811K->348923K(557056K), 0.0036707 secs] [Times: user=0.02 sys=0.00, real=0.00 secs] 
3193.632: [GC (Allocation Failure) [PSYoungGen: 59280K->1376K(59904K)] 406779K->348875K(557056K), 0.0024745 secs] [Times: user=0.01 sys=0.00, real=0.00 secs] 
3193.874: [GC (Allocation Failure) [PSYoungGen: 59232K->1376K(59904K)] 406731K->348875K(557056K), 0.0021057 secs] [Times: user=0.00 sys=0.00, real=0.00 secs] 
3194.130: [GC (Allocation Failure) [PSYoungGen: 59232K->1376K(59904K)] 406731K->348875K(557056K), 0.0018410 secs] [Times: user=0.00 sys=0.00, real=0.00 secs] 
3194.522: [GC (Allocation Failure) [PSYoungGen: 59232K->1520K(59904K)] 406731K->349019K(557056K), 0.0015779 secs] [Times: user=0.01 sys=0.00, real=0.00 secs] 
3194.861: [GC (Allocation Failure) [PSYoungGen: 59351K->1581K(59904K)] 406850K->349088K(557056K), 0.0015513 secs] [Times: user=0.01 sys=0.00, real=0.01 secs] 
3195.265: [GC (Allocation Failure) [PSYoungGen: 59437K->1597K(59904K)] 406944K->349120K(557056K), 0.0016785 secs] [Times: user=0.00 sys=0.00, real=0.00 secs] 
3195.609: [GC (Allocation Failure) [PSYoungGen: 59453K->1565K(59904K)] 406976K->349088K(557056K), 0.0016075 secs] [Times: user=0.01 sys=0.00, real=0.00 secs] 
3196.547: [GC (Allocation Failure) [PSYoungGen: 59421K->1488K(59904K)] 406944K->349011K(557056K), 0.0025890 secs] [Times: user=0.01 sys=0.00, real=0.00 secs] 
3197.002: [GC (Allocation Failure) [PSYoungGen: 59344K->1376K(59904K)] 406867K->348899K(557056K), 0.0020685 secs] [Times: user=0.01 sys=0.00, real=0.00 secs] 
3197.243: [GC (Allocation Failure) [PSYoungGen: 59232K->1376K(59904K)] 406755K->348899K(557056K), 0.0018578 secs] [Times: user=0.01 sys=0.00, real=0.00 secs] 
3197.483: [GC (Allocation Failure) [PSYoungGen: 59232K->1376K(59904K)] 406755K->348899K(557056K), 0.0018376 secs] [Times: user=0.00 sys=0.00, real=0.00 secs] 
3197.723: [GC (Allocation Failure) [PSYoungGen: 59232K->1408K(59904K)] 406755K->348931K(557056K), 0.0017190 secs] [Times: user=0.01 sys=0.00, real=0.00 secs] 
3198.091: [GC (Allocation Failure) [PSYoungGen: 59264K->1485K(59904K)] 406787K->349008K(557056K), 0.0017098 secs] [Times: user=0.00 sys=0.00, real=0.01 secs] 
3198.429: [GC (Allocation Failure) [PSYoungGen: 59341K->1533K(59904K)] 406864K->349064K(557056K), 0.0016052 secs] [Times: user=0.00 sys=0.00, real=0.00 secs] 
3198.766: [GC (Allocation Failure) [PSYoungGen: 59389K->1549K(59904K)] 406920K->349080K(557056K), 0.0014757 secs] [Times: user=0.01 sys=0.00, real=0.00 secs] 
3199.102: [GC (Allocation Failure) [PSYoungGen: 59405K->1581K(59904K)] 406936K->349112K(557056K), 0.0017106 secs] [Times: user=0.01 sys=0.00, real=0.00 secs] 
3199.419: [GC (Allocation Failure) [PSYoungGen: 59437K->1440K(59904K)] 406968K->348971K(557056K), 0.0017370 secs] [Times: user=0.01 sys=0.00, real=0.00 secs] 
3199.667: [GC (Allocation Failure) [PSYoungGen: 59296K->1344K(59904K)] 406827K->348875K(557056K), 0.0018212 secs] [Times: user=0.01 sys=0.00, real=0.00 secs] 
3199.907: [GC (Allocation Failure) [PSYoungGen: 59200K->1344K(59904K)] 406731K->348875K(557056K), 0.0016478 secs] [Times: user=0.00 sys=0.00, real=0.00 secs] 
3200.306: [GC (Allocation Failure) [PSYoungGen: 59200K->1376K(59904K)] 406731K->348907K(557056K), 0.0019282 secs] [Times: user=0.01 sys=0.00, real=0.00 secs] 
3200.763: [GC (Allocation Failure) [PSYoungGen: 59232K->1408K(59904K)] 406763K->348939K(557056K), 0.0019472 secs] [Times: user=0.00 sys=0.00, real=0.00 secs] 
3201.288: [GC (Allocation Failure) [PSYoungGen: 59264K->1488K(59904K)] 406795K->349019K(557056K), 0.0017356 secs] [Times: user=0.01 sys=0.00, real=0.00 secs] 
3201.690: [GC (Allocation Failure) [PSYoungGen: 59344K->1501K(59904K)] 406875K->349040K(557056K), 0.0016236 secs] [Times: user=0.01 sys=0.00, real=0.01 secs] 
3202.027: [GC (Allocation Failure) [PSYoungGen: 59357K->1533K(59904K)] 406896K->349072K(557056K), 0.0016055 secs] [Times: user=0.00 sys=0.00, real=0.00 secs] 
3202.364: [GC (Allocation Failure) [PSYoungGen: 59389K->1613K(59904K)] 406928K->349152K(557056K), 0.0017241 secs] [Times: user=0.00 sys=0.00, real=0.00 secs] 
3202.700: [GC (Allocation Failure) [PSYoungGen: 59469K->1456K(59904K)] 407008K->348995K(557056K), 0.0018587 secs] [Times: user=0.01 sys=0.00, real=0.01 secs] 
3202.944: [GC (Allocation Failure) [PSYoungGen: 59312K->1344K(59904K)] 406851K->348883K(557056K), 0.0020539 secs] [Times: user=0.01 sys=0.00, real=0.00 secs] 
3203.185: [GC (Allocation Failure) [PSYoungGen: 59200K->1376K(59904K)] 406739K->348915K(557056K), 0.0019479 secs] [Times: user=0.01 sys=0.00, real=0.00 secs] 
3203.425: [GC (Allocation Failure) [PSYoungGen: 59232K->1376K(59904K)] 406771K->348931K(557056K), 0.0019481 secs] [Times: user=0.00 sys=0.00, real=0.00 secs] 
3203.703: [GC (Allocation Failure) [PSYoungGen: 59232K->1344K(59904K)] 406787K->348899K(557056K), 0.0020203 secs] [Times: user=0.01 sys=0.00, real=0.00 secs] 
3204.142: [GC (Allocation Failure) [PSYoungGen: 59200K->1517K(59904K)] 406755K->349072K(557056K), 0.0015863 secs] [Times: user=0.00 sys=0.00, real=0.00 secs] 
3204.481: [GC (Allocation Failure) [PSYoungGen: 59367K->1565K(59904K)] 406923K->349128K(557056K), 0.0016054 secs] [Times: user=0.01 sys=0.00, real=0.01 secs] 
3204.817: [GC (Allocation Failure) [PSYoungGen: 59421K->1568K(59904K)] 406984K->349131K(557056K), 0.0016371 secs] [Times: user=0.01 sys=0.00, real=0.00 secs] 
3205.155: [GC (Allocation Failure) [PSYoungGen: 59424K->1501K(59904K)] 406987K->349064K(557056K), 0.0015858 secs] [Times: user=0.01 sys=0.00, real=0.00 secs] 
3205.554: [GC (Allocation Failure) [PSYoungGen: 59357K->1472K(59904K)] 406920K->349035K(557056K), 0.0019013 secs] [Times: user=0.01 sys=0.00, real=0.00 secs] 
3205.795: [GC (Allocation Failure) [PSYoungGen: 59328K->1376K(59904K)] 406891K->348939K(557056K), 0.0017704 secs] [Times: user=0.01 sys=0.00, real=0.00 secs] 
3206.035: [GC (Allocation Failure) [PSYoungGen: 59232K->1376K(59904K)] 406795K->348939K(557056K), 0.0019147 secs] [Times: user=0.01 sys=0.00, real=0.00 secs] 
3206.275: [GC (Allocation Failure) [PSYoungGen: 59232K->1408K(59904K)] 406795K->348971K(557056K), 0.0019462 secs] [Times: user=0.01 sys=0.00, real=0.00 secs] 
3206.586: [GC (Allocation Failure) [PSYoungGen: 59264K->1344K(59904K)] 406827K->348907K(557056K), 0.0018648 secs] [Times: user=0.01 sys=0.01, real=0.00 secs] 
3207.018: [GC (Allocation Failure) [PSYoungGen: 59200K->1472K(59904K)] 406763K->349035K(557056K), 0.0015007 secs] [Times: user=0.01 sys=0.00, real=0.00 secs] 
3207.354: [GC (Allocation Failure) [PSYoungGen: 59328K->1501K(59904K)] 406891K->349080K(557056K), 0.0016706 secs] [Times: user=0.01 sys=0.00, real=0.00 secs] 
3207.696: [GC (Allocation Failure) [PSYoungGen: 59357K->1533K(59904K)] 406936K->349112K(557056K), 0.0015848 secs] [Times: user=0.01 sys=0.00, real=0.00 secs] 
3208.033: [GC (Allocation Failure) [PSYoungGen: 59389K->1533K(59904K)] 406968K->349112K(557056K), 0.0016269 secs] [Times: user=0.01 sys=0.00, real=0.00 secs] 
3208.469: [GC (Allocation Failure) [PSYoungGen: 59389K->1456K(59904K)] 406968K->349043K(557056K), 0.0017936 secs] [Times: user=0.01 sys=0.00, real=0.00 secs] 
3209.224: [GC (Allocation Failure) [PSYoungGen: 59312K->1408K(59904K)] 406899K->348995K(557056K), 0.0017891 secs] [Times: user=0.01 sys=0.00, real=0.00 secs] 
3209.653: [GC (Allocation Failure) [PSYoungGen: 59264K->1408K(59904K)] 406851K->348995K(557056K), 0.0018607 secs] [Times: user=0.01 sys=0.00, real=0.00 secs] 
3210.103: [GC (Allocation Failure) [PSYoungGen: 59264K->1408K(59904K)] 406851K->348995K(557056K), 0.0019854 secs] [Times: user=0.01 sys=0.00, real=0.00 secs] 
3210.581: [GC (Allocation Failure) [PSYoungGen: 59264K->1376K(59904K)] 406851K->348963K(557056K), 0.0019431 secs] [Times: user=0.00 sys=0.00, real=0.01 secs] 
3211.071: [GC (Allocation Failure) [PSYoungGen: 59201K->1453K(59904K)] 406788K->349040K(557056K), 0.0015092 secs] [Times: user=0.00 sys=0.00, real=0.01 secs] 
3211.407: [GC (Allocation Failure) [PSYoungGen: 59309K->1565K(59904K)] 406896K->349168K(557056K), 0.0015821 secs] [Times: user=0.00 sys=0.00, real=0.00 secs] 
3211.745: [GC (Allocation Failure) [PSYoungGen: 59420K->1568K(59904K)] 407023K->349171K(557056K), 0.0015875 secs] [Times: user=0.00 sys=0.00, real=0.00 secs] 
3212.083: [GC (Allocation Failure) [PSYoungGen: 59424K->1549K(59904K)] 407027K->349152K(557056K), 0.0016998 secs] [Times: user=0.01 sys=0.00, real=0.00 secs] 
3212.446: [GC (Allocation Failure) [PSYoungGen: 59405K->2016K(59904K)] 407008K->350131K(557056K), 0.0019244 secs] [Times: user=0.00 sys=0.00, real=0.00 secs] 
3212.687: [GC (Allocation Failure) [PSYoungGen: 59872K->1408K(59904K)] 407987K->349523K(557056K), 0.0017404 secs] [Times: user=0.01 sys=0.00, real=0.00 secs] 
3212.928: [GC (Allocation Failure) [PSYoungGen: 59264K->1408K(59904K)] 407379K->349523K(557056K), 0.0018504 secs] [Times: user=0.00 sys=0.00, real=0.00 secs] 
3213.260: [GC (Allocation Failure) [PSYoungGen: 59264K->1408K(59904K)] 407379K->349523K(557056K), 0.0019265 secs] [Times: user=0.01 sys=0.00, real=0.01 secs] 
3213.516: [GC (Allocation Failure) [PSYoungGen: 59264K->1408K(59904K)] 407379K->349523K(557056K), 0.0018618 secs] [Times: user=0.00 sys=0.00, real=0.00 secs] 
3213.855: [GC (Allocation Failure) [PSYoungGen: 59249K->1456K(59904K)] 407364K->349571K(557056K), 0.0016053 secs] [Times: user=0.00 sys=0.00, real=0.00 secs] 
3214.249: [GC (Allocation Failure) [PSYoungGen: 59312K->1549K(59904K)] 407427K->349680K(557056K), 0.0017915 secs] [Times: user=0.01 sys=0.00, real=0.00 secs] 
3214.644: [GC (Allocation Failure) [PSYoungGen: 59385K->1533K(59904K)] 407516K->349664K(557056K), 0.0016632 secs] [Times: user=0.00 sys=0.00, real=0.00 secs] 
3214.982: [GC (Allocation Failure) [PSYoungGen: 59389K->1597K(59904K)] 407520K->349728K(557056K), 0.0016853 secs] [Times: user=0.00 sys=0.00, real=0.00 secs] 
3215.378: [GC (Allocation Failure) [PSYoungGen: 59453K->1600K(59904K)] 407584K->349731K(557056K), 0.0019769 secs] [Times: user=0.01 sys=0.00, real=0.00 secs] 
3215.667: [GC (Allocation Failure) [PSYoungGen: 59456K->1344K(59904K)] 407587K->349475K(557056K), 0.0022822 secs] [Times: user=0.00 sys=0.00, real=0.00 secs] 
3215.905: [GC (Allocation Failure) [PSYoungGen: 59200K->1344K(59904K)] 407331K->349475K(557056K), 0.0019468 secs] [Times: user=0.00 sys=0.00, real=0.00 secs] 
3216.169: [GC (Allocation Failure) [PSYoungGen: 59200K->1376K(59904K)] 407331K->349507K(557056K), 0.0019584 secs] [Times: user=0.00 sys=0.00, real=0.00 secs] 
3216.409: [GC (Allocation Failure) [PSYoungGen: 59232K->1344K(59904K)] 407363K->349475K(557056K), 0.0018152 secs] [Times: user=0.00 sys=0.00, real=0.00 secs] 
3216.731: [GC (Allocation Failure) [PSYoungGen: 59200K->1421K(59904K)] 407331K->349552K(557056K), 0.0015014 secs] [Times: user=0.01 sys=0.00, real=0.01 secs] 
3217.071: [GC (Allocation Failure) [PSYoungGen: 59277K->1533K(59904K)] 407408K->349672K(557056K), 0.0015803 secs] [Times: user=0.00 sys=0.00, real=0.01 secs] 
3217.409: [GC (Allocation Failure) [PSYoungGen: 59369K->1520K(59904K)] 407509K->349659K(557056K), 0.0015364 secs] [Times: user=0.01 sys=0.00, real=0.00 secs] 
3217.752: [GC (Allocation Failure) [PSYoungGen: 59376K->1581K(59904K)] 407515K->349720K(557056K), 0.0016968 secs] [Times: user=0.01 sys=0.00, real=0.00 secs] 
3218.090: [GC (Allocation Failure) [PSYoungGen: 59437K->1584K(59904K)] 407576K->349723K(557056K), 0.0016722 secs] [Times: user=0.01 sys=0.00, real=0.00 secs] 
3218.842: [GC (Allocation Failure) [PSYoungGen: 59440K->1440K(59904K)] 407579K->349579K(557056K), 0.0020210 secs] [Times: user=0.00 sys=0.00, real=0.00 secs] 
3219.574: [GC (Allocation Failure) [PSYoungGen: 59296K->1408K(59904K)] 407435K->349547K(557056K), 0.0028820 secs] [Times: user=0.01 sys=0.00, real=0.00 secs] 
3220.085: [GC (Allocation Failure) [PSYoungGen: 59264K->1344K(59904K)] 407403K->349483K(557056K), 0.0033833 secs] [Times: user=0.01 sys=0.00, real=0.00 secs] 
3220.371: [GC (Allocation Failure) [PSYoungGen: 59200K->1440K(59904K)] 407339K->349579K(557056K), 0.0020444 secs] [Times: user=0.01 sys=0.00, real=0.01 secs] 
3220.649: [GC (Allocation Failure) [PSYoungGen: 59264K->1469K(59904K)] 407403K->349608K(557056K), 0.0018782 secs] [Times: user=0.01 sys=0.00, real=0.00 secs] 
3220.988: [GC (Allocation Failure) [PSYoungGen: 59325K->1565K(59904K)] 407464K->349720K(557056K), 0.0016132 secs] [Times: user=0.01 sys=0.00, real=0.00 secs] 
3221.325: [GC (Allocation Failure) [PSYoungGen: 59405K->1581K(59904K)] 407561K->349736K(557056K), 0.0016114 secs] [Times: user=0.01 sys=0.00, real=0.00 secs] 
3221.663: [GC (Allocation Failure) [PSYoungGen: 59437K->1533K(59904K)] 407592K->349688K(557056K), 0.0017949 secs] [Times: user=0.01 sys=0.00, real=0.00 secs] 
3222.059: [GC (Allocation Failure) [PSYoungGen: 59389K->1581K(59904K)] 407544K->349736K(557056K), 0.0017023 secs] [Times: user=0.01 sys=0.00, real=0.00 secs] 
3222.663: [GC (Allocation Failure) [PSYoungGen: 59437K->1408K(59904K)] 407592K->349563K(557056K), 0.0035184 secs] [Times: user=0.01 sys=0.00, real=0.00 secs] 
3223.189: [GC (Allocation Failure) [PSYoungGen: 59264K->1376K(59904K)] 407419K->349531K(557056K), 0.0022708 secs] [Times: user=0.01 sys=0.00, real=0.00 secs] 
3223.697: [GC (Allocation Failure) [PSYoungGen: 59232K->1312K(59904K)] 407387K->349467K(557056K), 0.0021185 secs] [Times: user=0.01 sys=0.01, real=0.00 secs] 
3224.135: [GC (Allocation Failure) [PSYoungGen: 59168K->1376K(59904K)] 407323K->349531K(557056K), 0.0020795 secs] [Times: user=0.01 sys=0.00, real=0.00 secs] 
3224.547: [GC (Allocation Failure) [PSYoungGen: 59231K->1488K(59904K)] 407386K->349643K(557056K), 0.0021155 secs] [Times: user=0.01 sys=0.00, real=0.00 secs] 
3224.998: [GC (Allocation Failure) [PSYoungGen: 59344K->1581K(59904K)] 407499K->349736K(557056K), 0.0017145 secs] [Times: user=0.00 sys=0.00, real=0.00 secs] 
3225.337: [GC (Allocation Failure) [PSYoungGen: 59437K->1549K(59904K)] 407592K->349728K(557056K), 0.0016952 secs] [Times: user=0.01 sys=0.00, real=0.00 secs] 
3225.674: [GC (Allocation Failure) [PSYoungGen: 59405K->1549K(59904K)] 407584K->349728K(557056K), 0.0017824 secs] [Times: user=0.00 sys=0.00, real=0.00 secs] 
3226.014: [GC (Allocation Failure) [PSYoungGen: 59405K->1552K(59904K)] 407584K->349731K(557056K), 0.0015113 secs] [Times: user=0.00 sys=0.00, real=0.00 secs] 
3226.982: [GC (Allocation Failure) [PSYoungGen: 59408K->1440K(59904K)] 407587K->349619K(557056K), 0.0042325 secs] [Times: user=0.02 sys=0.00, real=0.00 secs] 
3227.525: [GC (Allocation Failure) [PSYoungGen: 59296K->1376K(59904K)] 407475K->349555K(557056K), 0.0030816 secs] [Times: user=0.01 sys=0.00, real=0.00 secs] 
3227.814: [GC (Allocation Failure) [PSYoungGen: 59232K->1376K(59904K)] 407411K->349555K(557056K), 0.0019727 secs] [Times: user=0.01 sys=0.00, real=0.00 secs] 
3228.078: [GC (Allocation Failure) [PSYoungGen: 59232K->1376K(59904K)] 407411K->349555K(557056K), 0.0018109 secs] [Times: user=0.01 sys=0.00, real=0.00 secs] 
3228.318: [GC (Allocation Failure) [PSYoungGen: 59232K->1408K(59904K)] 407411K->349587K(557056K), 0.0019522 secs] [Times: user=0.01 sys=0.00, real=0.00 secs] 
3228.675: [GC (Allocation Failure) [PSYoungGen: 59264K->1536K(59904K)] 407443K->349715K(557056K), 0.0014627 secs] [Times: user=0.00 sys=0.00, real=0.00 secs] 
3229.014: [GC (Allocation Failure) [PSYoungGen: 59376K->1536K(59904K)] 407555K->349723K(557056K), 0.0015487 secs] [Times: user=0.01 sys=0.00, real=0.00 secs] 
3229.415: [GC (Allocation Failure) [PSYoungGen: 59392K->1533K(59904K)] 407579K->349720K(557056K), 0.0016523 secs] [Times: user=0.01 sys=0.00, real=0.00 secs] 
3229.813: [GC (Allocation Failure) [PSYoungGen: 59389K->1552K(59904K)] 407576K->349739K(557056K), 0.0017628 secs] [Times: user=0.00 sys=0.00, real=0.00 secs] 
3230.829: [GC (Allocation Failure) [PSYoungGen: 59408K->1440K(59904K)] 407595K->349627K(557056K), 0.0028181 secs] [Times: user=0.01 sys=0.00, real=0.01 secs] 
3231.599: [GC (Allocation Failure) [PSYoungGen: 59296K->1408K(59904K)] 407483K->349595K(557056K), 0.0027389 secs] [Times: user=0.01 sys=0.00, real=0.01 secs] 
3232.292: [GC (Allocation Failure) [PSYoungGen: 59264K->1376K(59904K)] 407451K->349563K(557056K), 0.0024725 secs] [Times: user=0.01 sys=0.00, real=0.00 secs] 
3233.019: [GC (Allocation Failure) [PSYoungGen: 59232K->1408K(59904K)] 407419K->349595K(557056K), 0.0023672 secs] [Times: user=0.01 sys=0.00, real=0.00 secs] 
3233.500: [GC (Allocation Failure) [PSYoungGen: 59264K->1376K(59904K)] 407451K->349563K(557056K), 0.0020739 secs] [Times: user=0.01 sys=0.00, real=0.01 secs] 
3233.865: [GC (Allocation Failure) [PSYoungGen: 59232K->1536K(59904K)] 407419K->349723K(557056K), 0.0015814 secs] [Times: user=0.01 sys=0.00, real=0.00 secs] 
3234.204: [GC (Allocation Failure) [PSYoungGen: 59370K->1533K(59904K)] 407557K->349736K(557056K), 0.0016018 secs] [Times: user=0.01 sys=0.00, real=0.00 secs] 
3234.542: [GC (Allocation Failure) [PSYoungGen: 59389K->1584K(59904K)] 407592K->349787K(557056K), 0.0016528 secs] [Times: user=0.00 sys=0.00, real=0.00 secs] 
3234.879: [GC (Allocation Failure) [PSYoungGen: 59440K->1581K(59904K)] 407643K->349784K(557056K), 0.0016402 secs] [Times: user=0.01 sys=0.00, real=0.00 secs] 
3235.739: [GC (Allocation Failure) [PSYoungGen: 59437K->1424K(59904K)] 407640K->349627K(557056K), 0.0026950 secs] [Times: user=0.01 sys=0.00, real=0.00 secs] 
3236.533: [GC (Allocation Failure) [PSYoungGen: 59280K->1376K(59904K)] 407483K->349595K(557056K), 0.0040036 secs] [Times: user=0.02 sys=0.00, real=0.00 secs] 
3237.329: [GC (Allocation Failure) [PSYoungGen: 59232K->1376K(59904K)] 407451K->349595K(557056K), 0.0043108 secs] [Times: user=0.01 sys=0.00, real=0.01 secs] 
3237.887: [GC (Allocation Failure) [PSYoungGen: 59232K->1376K(59904K)] 407451K->349595K(557056K), 0.0027881 secs] [Times: user=0.01 sys=0.00, real=0.00 secs] 
3238.499: [GC (Allocation Failure) [PSYoungGen: 59232K->1360K(59904K)] 407451K->349579K(557056K), 0.0030908 secs] [Times: user=0.01 sys=0.00, real=0.01 secs] 
3239.049: [GC (Allocation Failure) [PSYoungGen: 59216K->1501K(59904K)] 407435K->349720K(557056K), 0.0016776 secs] [Times: user=0.01 sys=0.00, real=0.00 secs] 
3239.388: [GC (Allocation Failure) [PSYoungGen: 59357K->1581K(59904K)] 407576K->349808K(557056K), 0.0016704 secs] [Times: user=0.01 sys=0.00, real=0.00 secs] 
3239.726: [GC (Allocation Failure) [PSYoungGen: 59418K->1533K(59904K)] 407645K->349760K(557056K), 0.0017322 secs] [Times: user=0.01 sys=0.00, real=0.00 secs] 
3240.123: [GC (Allocation Failure) [PSYoungGen: 59389K->1565K(59904K)] 407616K->349792K(557056K), 0.0015989 secs] [Times: user=0.01 sys=0.00, real=0.00 secs] 
3240.732: [GC (Allocation Failure) [PSYoungGen: 59421K->1424K(59904K)] 407648K->349651K(557056K), 0.0036909 secs] [Times: user=0.02 sys=0.00, real=0.00 secs] 
3241.245: [GC (Allocation Failure) [PSYoungGen: 59280K->1376K(59904K)] 407507K->349603K(557056K), 0.0023639 secs] [Times: user=0.01 sys=0.00, real=0.00 secs] 
3241.746: [GC (Allocation Failure) [PSYoungGen: 59232K->1344K(59904K)] 407459K->349571K(557056K), 0.0021583 secs] [Times: user=0.01 sys=0.00, real=0.00 secs] 
3242.332: [GC (Allocation Failure) [PSYoungGen: 59200K->1408K(59904K)] 407427K->349635K(557056K), 0.0021637 secs] [Times: user=0.01 sys=0.00, real=0.00 secs] 
3242.883: [GC (Allocation Failure) [PSYoungGen: 59264K->1408K(59904K)] 407491K->349635K(557056K), 0.0037228 secs] [Times: user=0.01 sys=0.00, real=0.00 secs] 
3243.439: [GC (Allocation Failure) [PSYoungGen: 59257K->1520K(59904K)] 407485K->349747K(557056K), 0.0016525 secs] [Times: user=0.00 sys=0.00, real=0.00 secs] 
3243.838: [GC (Allocation Failure) [PSYoungGen: 59376K->1552K(59904K)] 407603K->349787K(557056K), 0.0017955 secs] [Times: user=0.00 sys=0.00, real=0.00 secs] 
3244.237: [GC (Allocation Failure) [PSYoungGen: 59408K->1533K(59904K)] 407643K->349768K(557056K), 0.0016724 secs] [Times: user=0.01 sys=0.00, real=0.00 secs] 
3244.575: [GC (Allocation Failure) [PSYoungGen: 59389K->1581K(59904K)] 407624K->349816K(557056K), 0.0017051 secs] [Times: user=0.00 sys=0.00, real=0.00 secs] 
3245.155: [GC (Allocation Failure) [PSYoungGen: 59437K->1456K(59904K)] 407672K->349691K(557056K), 0.0031241 secs] [Times: user=0.02 sys=0.00, real=0.00 secs] 
3245.735: [GC (Allocation Failure) [PSYoungGen: 59312K->1376K(59904K)] 407547K->349619K(557056K), 0.0030063 secs] [Times: user=0.01 sys=0.00, real=0.00 secs] 
3246.299: [GC (Allocation Failure) [PSYoungGen: 59232K->1344K(59904K)] 407475K->349587K(557056K), 0.0031474 secs] [Times: user=0.01 sys=0.00, real=0.01 secs] 
3246.762: [GC (Allocation Failure) [PSYoungGen: 59200K->1344K(59904K)] 407443K->349587K(557056K), 0.0023082 secs] [Times: user=0.01 sys=0.00, real=0.00 secs] 
3247.238: [GC (Allocation Failure) [PSYoungGen: 59200K->1408K(59904K)] 407443K->349651K(557056K), 0.0024822 secs] [Times: user=0.01 sys=0.00, real=0.00 secs] 
3247.729: [GC (Allocation Failure) [PSYoungGen: 59264K->1456K(59904K)] 407507K->349699K(557056K), 0.0015653 secs] [Times: user=0.01 sys=0.00, real=0.00 secs] 
3248.072: [GC (Allocation Failure) [PSYoungGen: 59305K->1613K(59904K)] 407548K->349864K(557056K), 0.0017323 secs] [Times: user=0.01 sys=0.00, real=0.00 secs] 
3248.409: [GC (Allocation Failure) [PSYoungGen: 59469K->1565K(59904K)] 407720K->349816K(557056K), 0.0015437 secs] [Times: user=0.00 sys=0.00, real=0.00 secs] 
3248.746: [GC (Allocation Failure) [PSYoungGen: 59421K->1517K(59904K)] 407672K->349768K(557056K), 0.0015092 secs] [Times: user=0.01 sys=0.00, real=0.00 secs] 
3249.219: [GC (Allocation Failure) [PSYoungGen: 59373K->1488K(59904K)] 407624K->349739K(557056K), 0.0019253 secs] [Times: user=0.01 sys=0.00, real=0.00 secs] 
3249.675: [GC (Allocation Failure) [PSYoungGen: 59344K->1408K(59904K)] 407595K->349659K(557056K), 0.0020045 secs] [Times: user=0.01 sys=0.00, real=0.00 secs] 
3249.945: [GC (Allocation Failure) [PSYoungGen: 59264K->1408K(59904K)] 407515K->349659K(557056K), 0.0030813 secs] [Times: user=0.01 sys=0.00, real=0.00 secs] 
3250.208: [GC (Allocation Failure) [PSYoungGen: 59264K->1376K(59904K)] 407515K->349627K(557056K), 0.0018546 secs] [Times: user=0.01 sys=0.00, real=0.00 secs] 
3250.470: [GC (Allocation Failure) [PSYoungGen: 59232K->1408K(59904K)] 407483K->349659K(557056K), 0.0019198 secs] [Times: user=0.01 sys=0.00, real=0.01 secs] 
3250.782: [GC (Allocation Failure) [PSYoungGen: 59264K->1520K(59904K)] 407515K->349771K(557056K), 0.0015524 secs] [Times: user=0.01 sys=0.00, real=0.00 secs] 
3251.120: [GC (Allocation Failure) [PSYoungGen: 59376K->1549K(59904K)] 407627K->349808K(557056K), 0.0016892 secs] [Times: user=0.01 sys=0.00, real=0.01 secs] 
3251.458: [GC (Allocation Failure) [PSYoungGen: 59405K->1581K(59904K)] 407664K->349840K(557056K), 0.0016843 secs] [Times: user=0.01 sys=0.00, real=0.00 secs] 
3251.795: [GC (Allocation Failure) [PSYoungGen: 59437K->1565K(59904K)] 407696K->349824K(557056K), 0.0015914 secs] [Times: user=0.01 sys=0.00, real=0.00 secs] 
3252.319: [GC (Allocation Failure) [PSYoungGen: 59421K->1472K(59904K)] 407680K->349731K(557056K), 0.0020346 secs] [Times: user=0.01 sys=0.00, real=0.00 secs] 
3253.046: [GC (Allocation Failure) [PSYoungGen: 59328K->1376K(59904K)] 407587K->349643K(557056K), 0.0030461 secs] [Times: user=0.01 sys=0.00, real=0.00 secs] 
3253.585: [GC (Allocation Failure) [PSYoungGen: 59232K->1408K(59904K)] 407499K->349683K(557056K), 0.0023680 secs] [Times: user=0.01 sys=0.00, real=0.00 secs] 
3254.188: [GC (Allocation Failure) [PSYoungGen: 59264K->1408K(59904K)] 407539K->349683K(557056K), 0.0040432 secs] [Times: user=0.02 sys=0.00, real=0.01 secs] 
3254.683: [GC (Allocation Failure) [PSYoungGen: 59264K->1376K(59904K)] 407539K->349667K(557056K), 0.0023117 secs] [Times: user=0.01 sys=0.00, real=0.00 secs] 
3255.138: [GC (Allocation Failure) [PSYoungGen: 59232K->1517K(59904K)] 407523K->349808K(557056K), 0.0015093 secs] [Times: user=0.00 sys=0.00, real=0.00 secs] 
3255.537: [GC (Allocation Failure) [PSYoungGen: 59358K->1549K(59904K)] 407649K->349848K(557056K), 0.0016193 secs] [Times: user=0.01 sys=0.00, real=0.00 secs] 
3255.873: [GC (Allocation Failure) [PSYoungGen: 59405K->1565K(59904K)] 407704K->349864K(557056K), 0.0016929 secs] [Times: user=0.01 sys=0.00, real=0.00 secs] 
3256.210: [GC (Allocation Failure) [PSYoungGen: 59421K->1552K(59904K)] 407720K->349851K(557056K), 0.0016969 secs] [Times: user=0.01 sys=0.00, real=0.01 secs] 
3256.703: [GC (Allocation Failure) [PSYoungGen: 59408K->1488K(59904K)] 407707K->349795K(557056K), 0.0020750 secs] [Times: user=0.01 sys=0.00, real=0.00 secs] 
3257.275: [GC (Allocation Failure) [PSYoungGen: 59344K->1376K(59904K)] 407651K->349683K(557056K), 0.0036943 secs] [Times: user=0.02 sys=0.00, real=0.00 secs] 
3257.613: [GC (Allocation Failure) [PSYoungGen: 59232K->1376K(59904K)] 407539K->349683K(557056K), 0.0019915 secs] [Times: user=0.01 sys=0.00, real=0.00 secs] 
3257.854: [GC (Allocation Failure) [PSYoungGen: 59232K->1408K(59904K)] 407539K->349715K(557056K), 0.0018840 secs] [Times: user=0.00 sys=0.00, real=0.00 secs] 
3258.094: [GC (Allocation Failure) [PSYoungGen: 59264K->1408K(59904K)] 407571K->349715K(557056K), 0.0021181 secs] [Times: user=0.01 sys=0.00, real=0.00 secs] 
3258.413: [GC (Allocation Failure) [PSYoungGen: 59244K->1424K(59904K)] 407551K->349731K(557056K), 0.0016242 secs] [Times: user=0.01 sys=0.00, real=0.00 secs] 
3258.819: [GC (Allocation Failure) [PSYoungGen: 59280K->1581K(59904K)] 407587K->349896K(557056K), 0.0017017 secs] [Times: user=0.01 sys=0.00, real=0.00 secs] 
3259.158: [GC (Allocation Failure) [PSYoungGen: 59437K->1501K(59904K)] 407752K->349816K(557056K), 0.0016314 secs] [Times: user=0.00 sys=0.00, real=0.00 secs] 
3259.555: [GC (Allocation Failure) [PSYoungGen: 59357K->1549K(59904K)] 407672K->349864K(557056K), 0.0017007 secs] [Times: user=0.01 sys=0.00, real=0.00 secs] 
3260.106: [GC (Allocation Failure) [PSYoungGen: 59405K->1488K(59904K)] 407720K->349803K(557056K), 0.0024916 secs] [Times: user=0.01 sys=0.00, real=0.00 secs] 
3260.669: [GC (Allocation Failure) [PSYoungGen: 59344K->1408K(59904K)] 407659K->349723K(557056K), 0.0026469 secs] [Times: user=0.01 sys=0.00, real=0.01 secs] 
3261.164: [GC (Allocation Failure) [PSYoungGen: 59264K->1360K(59904K)] 407579K->349675K(557056K), 0.0026097 secs] [Times: user=0.01 sys=0.00, real=0.00 secs] 
3261.683: [GC (Allocation Failure) [PSYoungGen: 59216K->1408K(59904K)] 407531K->349723K(557056K), 0.0025598 secs] [Times: user=0.01 sys=0.00, real=0.00 secs] 
3262.111: [GC (Allocation Failure) [PSYoungGen: 59264K->1376K(59904K)] 407579K->349691K(557056K), 0.0020778 secs] [Times: user=0.01 sys=0.00, real=0.01 secs] 
3262.416: [GC (Allocation Failure) [PSYoungGen: 59231K->1453K(59904K)] 407546K->349768K(557056K), 0.0014398 secs] [Times: user=0.00 sys=0.00, real=0.00 secs] 
3262.753: [GC (Allocation Failure) [PSYoungGen: 59309K->1584K(59904K)] 407624K->349907K(557056K), 0.0015252 secs] [Times: user=0.00 sys=0.00, real=0.00 secs] 
3263.091: [GC (Allocation Failure) [PSYoungGen: 59440K->1581K(59904K)] 407763K->349904K(557056K), 0.0015345 secs] [Times: user=0.00 sys=0.00, real=0.01 secs] 
3263.429: [GC (Allocation Failure) [PSYoungGen: 59437K->1533K(59904K)] 407760K->349856K(557056K), 0.0016267 secs] [Times: user=0.00 sys=0.00, real=0.00 secs] 
3264.122: [GC (Allocation Failure) [PSYoungGen: 59174K->1744K(59904K)] 407497K->350067K(557056K), 0.0025013 secs] [Times: user=0.01 sys=0.00, real=0.00 secs] 
3264.694: [GC (Allocation Failure) [PSYoungGen: 59600K->1376K(59904K)] 407923K->349699K(557056K), 0.0022480 secs] [Times: user=0.01 sys=0.00, real=0.00 secs] 
3265.140: [GC (Allocation Failure) [PSYoungGen: 59232K->1328K(59904K)] 407555K->349667K(557056K), 0.0034695 secs] [Times: user=0.01 sys=0.00, real=0.01 secs] 
3265.754: [GC (Allocation Failure) [PSYoungGen: 59184K->1376K(59904K)] 407523K->349715K(557056K), 0.0021018 secs] [Times: user=0.01 sys=0.00, real=0.00 secs] 
3266.452: [GC (Allocation Failure) [PSYoungGen: 59232K->1312K(59904K)] 407571K->349651K(557056K), 0.0038076 secs] [Times: user=0.02 sys=0.00, real=0.00 secs] 
3267.013: [GC (Allocation Failure) [PSYoungGen: 59136K->1517K(59904K)] 407476K->349856K(557056K), 0.0049748 secs] [Times: user=0.02 sys=0.00, real=0.00 secs] 
3267.378: [GC (Allocation Failure) [PSYoungGen: 59373K->1581K(59904K)] 407712K->349928K(557056K), 0.0016955 secs] [Times: user=0.01 sys=0.00, real=0.00 secs] 
3267.716: [GC (Allocation Failure) [PSYoungGen: 59437K->1549K(59904K)] 407784K->349896K(557056K), 0.0016017 secs] [Times: user=0.00 sys=0.00, real=0.00 secs] 
3268.057: [GC (Allocation Failure) [PSYoungGen: 59405K->1581K(59904K)] 407752K->349928K(557056K), 0.0017284 secs] [Times: user=0.01 sys=0.00, real=0.00 secs] 
3268.395: [GC (Allocation Failure) [PSYoungGen: 59259K->288K(59904K)] 407606K->348635K(557056K), 0.0016005 secs] [Times: user=0.00 sys=0.00, real=0.00 secs] 
3269.181: [GC (Allocation Failure) [PSYoungGen: 58144K->1376K(59904K)] 406491K->349723K(557056K), 0.0021328 secs] [Times: user=0.01 sys=0.00, real=0.01 secs] 
3269.724: [GC (Allocation Failure) [PSYoungGen: 59232K->1392K(59904K)] 407579K->349739K(557056K), 0.0031655 secs] [Times: user=0.01 sys=0.00, real=0.00 secs] 
3270.290: [GC (Allocation Failure) [PSYoungGen: 59248K->1408K(59904K)] 407595K->349755K(557056K), 0.0039668 secs] [Times: user=0.02 sys=0.00, real=0.01 secs] 
3270.845: [GC (Allocation Failure) [PSYoungGen: 59264K->1376K(59904K)] 407611K->349723K(557056K), 0.0026615 secs] [Times: user=0.01 sys=0.00, real=0.00 secs] 
3271.412: [GC (Allocation Failure) [PSYoungGen: 59209K->1437K(59904K)] 407556K->349784K(557056K), 0.0022134 secs] [Times: user=0.01 sys=0.00, real=0.00 secs] 
3271.776: [GC (Allocation Failure) [PSYoungGen: 59293K->1504K(59904K)] 407640K->349867K(557056K), 0.0015745 secs] [Times: user=0.01 sys=0.00, real=0.00 secs] 
3272.177: [GC (Allocation Failure) [PSYoungGen: 59360K->1501K(59904K)] 407723K->349864K(557056K), 0.0016538 secs] [Times: user=0.01 sys=0.00, real=0.00 secs] 
3272.514: [GC (Allocation Failure) [PSYoungGen: 59357K->1520K(59904K)] 407720K->349883K(557056K), 0.0017072 secs] [Times: user=0.01 sys=0.00, real=0.00 secs] 
3272.851: [GC (Allocation Failure) [PSYoungGen: 59376K->1565K(59904K)] 407739K->349928K(557056K), 0.0015979 secs] [Times: user=0.01 sys=0.00, real=0.01 secs] 
3273.154: [GC (Allocation Failure) [PSYoungGen: 59421K->1440K(59904K)] 407784K->349803K(557056K), 0.0020677 secs] [Times: user=0.01 sys=0.00, real=0.00 secs] 
3273.536: [GC (Allocation Failure) [PSYoungGen: 59296K->1424K(59904K)] 407659K->349787K(557056K), 0.0020618 secs] [Times: user=0.01 sys=0.00, real=0.00 secs] 
3273.813: [GC (Allocation Failure) [PSYoungGen: 59280K->1376K(59904K)] 407643K->349739K(557056K), 0.0018530 secs] [Times: user=0.00 sys=0.00, real=0.00 secs] 
3274.059: [GC (Allocation Failure) [PSYoungGen: 59232K->1376K(59904K)] 407595K->349739K(557056K), 0.0020324 secs] [Times: user=0.01 sys=0.00, real=0.00 secs] 
3274.372: [GC (Allocation Failure) [PSYoungGen: 59232K->1456K(59904K)] 407595K->349819K(557056K), 0.0017686 secs] [Times: user=0.01 sys=0.00, real=0.00 secs] 
3274.724: [GC (Allocation Failure) [PSYoungGen: 59312K->1581K(59904K)] 407675K->349968K(557056K), 0.0016531 secs] [Times: user=0.01 sys=0.00, real=0.00 secs] 
3275.061: [GC (Allocation Failure) [PSYoungGen: 59405K->1536K(59904K)] 407793K->349931K(557056K), 0.0015999 secs] [Times: user=0.01 sys=0.00, real=0.01 secs] 
3275.399: [GC (Allocation Failure) [PSYoungGen: 59392K->1533K(59904K)] 407787K->349928K(557056K), 0.0016225 secs] [Times: user=0.01 sys=0.00, real=0.00 secs] 
3275.737: [GC (Allocation Failure) [PSYoungGen: 59389K->1501K(59904K)] 407784K->349896K(557056K), 0.0015874 secs] [Times: user=0.01 sys=0.00, real=0.00 secs] 
3276.843: [GC (Allocation Failure) [PSYoungGen: 59357K->1360K(59904K)] 407752K->349755K(557056K), 0.0024469 secs] [Times: user=0.01 sys=0.00, real=0.00 secs] 
3277.406: [GC (Allocation Failure) [PSYoungGen: 59216K->1376K(59904K)] 407611K->349771K(557056K), 0.0023554 secs] [Times: user=0.01 sys=0.00, real=0.00 secs] 
3277.660: [GC (Allocation Failure) [PSYoungGen: 59232K->1408K(59904K)] 407627K->349803K(557056K), 0.0019942 secs] [Times: user=0.01 sys=0.00, real=0.01 secs] 
3278.074: [GC (Allocation Failure) [PSYoungGen: 59264K->1376K(59904K)] 407659K->349771K(557056K), 0.0019793 secs] [Times: user=0.01 sys=0.00, real=0.00 secs] 
3278.525: [GC (Allocation Failure) [PSYoungGen: 59232K->1408K(59904K)] 407627K->349803K(557056K), 0.0031220 secs] [Times: user=0.01 sys=0.00, real=0.00 secs] 
3279.026: [GC (Allocation Failure) [PSYoungGen: 59235K->1584K(59904K)] 407630K->349979K(557056K), 0.0016734 secs] [Times: user=0.01 sys=0.00, real=0.00 secs] 
3279.364: [GC (Allocation Failure) [PSYoungGen: 59440K->1584K(59904K)] 407835K->349987K(557056K), 0.0017345 secs] [Times: user=0.01 sys=0.00, real=0.00 secs] 
3279.701: [GC (Allocation Failure) [PSYoungGen: 59440K->1613K(59904K)] 407843K->350016K(557056K), 0.0017225 secs] [Times: user=0.00 sys=0.00, real=0.01 secs] 
3280.038: [GC (Allocation Failure) [PSYoungGen: 59469K->1533K(59904K)] 407872K->349936K(557056K), 0.0015350 secs] [Times: user=0.01 sys=0.00, real=0.00 secs] 
3280.633: [GC (Allocation Failure) [PSYoungGen: 59389K->1408K(59904K)] 407792K->349811K(557056K), 0.0040310 secs] [Times: user=0.02 sys=0.00, real=0.00 secs] 
3280.948: [GC (Allocation Failure) [PSYoungGen: 59264K->1392K(59904K)] 407667K->349795K(557056K), 0.0020676 secs] [Times: user=0.00 sys=0.00, real=0.00 secs] 
3281.188: [GC (Allocation Failure) [PSYoungGen: 59248K->1376K(59904K)] 407651K->349779K(557056K), 0.0019675 secs] [Times: user=0.01 sys=0.00, real=0.00 secs] 
3281.516: [GC (Allocation Failure) [PSYoungGen: 59232K->1376K(59904K)] 407635K->349779K(557056K), 0.0020316 secs] [Times: user=0.01 sys=0.00, real=0.00 secs] 
3281.940: [GC (Allocation Failure) [PSYoungGen: 59232K->1376K(59904K)] 407635K->349779K(557056K), 0.0020483 secs] [Times: user=0.01 sys=0.00, real=0.01 secs] 
3282.471: [GC (Allocation Failure) [PSYoungGen: 59210K->1517K(59904K)] 407614K->349920K(557056K), 0.0016836 secs] [Times: user=0.01 sys=0.00, real=0.01 secs] 
3282.810: [GC (Allocation Failure) [PSYoungGen: 59373K->1533K(59904K)] 407776K->349944K(557056K), 0.0016131 secs] [Times: user=0.01 sys=0.00, real=0.01 secs] 
3283.151: [GC (Allocation Failure) [PSYoungGen: 59389K->1533K(59904K)] 407800K->349944K(557056K), 0.0017959 secs] [Times: user=0.00 sys=0.00, real=0.01 secs] 
3283.488: [GC (Allocation Failure) [PSYoungGen: 59389K->1584K(59904K)] 407800K->349995K(557056K), 0.0016915 secs] [Times: user=0.01 sys=0.00, real=0.00 secs] 
3283.787: [GC (Allocation Failure) [PSYoungGen: 59440K->1408K(59904K)] 407851K->349819K(557056K), 0.0016891 secs] [Times: user=0.00 sys=0.00, real=0.00 secs] 
3284.026: [GC (Allocation Failure) [PSYoungGen: 59264K->1360K(59904K)] 407675K->349787K(557056K), 0.0014492 secs] [Times: user=0.01 sys=0.00, real=0.00 secs] 
3284.309: [GC (Allocation Failure) [PSYoungGen: 59216K->1376K(59904K)] 407643K->349803K(557056K), 0.0018051 secs] [Times: user=0.01 sys=0.00, real=0.00 secs] 
3284.550: [GC (Allocation Failure) [PSYoungGen: 59232K->1408K(59904K)] 407659K->349835K(557056K), 0.0024880 secs] [Times: user=0.01 sys=0.00, real=0.01 secs] 
3284.791: [GC (Allocation Failure) [PSYoungGen: 59264K->1344K(59904K)] 407691K->349771K(557056K), 0.0019516 secs] [Times: user=0.01 sys=0.00, real=0.01 secs] 
3285.178: [GC (Allocation Failure) [PSYoungGen: 59186K->1549K(59904K)] 407614K->349976K(557056K), 0.0016596 secs] [Times: user=0.01 sys=0.00, real=0.00 secs] 
3285.515: [GC (Allocation Failure) [PSYoungGen: 59405K->1517K(59904K)] 407832K->349952K(557056K), 0.0016323 secs] [Times: user=0.00 sys=0.00, real=0.00 secs] 
3285.852: [GC (Allocation Failure) [PSYoungGen: 59373K->1549K(59904K)] 407808K->349984K(557056K), 0.0017014 secs] [Times: user=0.00 sys=0.00, real=0.01 secs] 
3286.189: [GC (Allocation Failure) [PSYoungGen: 59405K->1533K(59904K)] 407840K->349968K(557056K), 0.0015849 secs] [Times: user=0.00 sys=0.00, real=0.00 secs] 
3286.657: [GC (Allocation Failure) [PSYoungGen: 59389K->1376K(59904K)] 407824K->349811K(557056K), 0.0022593 secs] [Times: user=0.01 sys=0.00, real=0.00 secs] 
3286.898: [GC (Allocation Failure) [PSYoungGen: 59232K->1376K(59904K)] 407667K->349811K(557056K), 0.0018843 secs] [Times: user=0.01 sys=0.00, real=0.00 secs] 
3287.138: [GC (Allocation Failure) [PSYoungGen: 59232K->1344K(59904K)] 407667K->349779K(557056K), 0.0019858 secs] [Times: user=0.01 sys=0.00, real=0.00 secs] 
3287.379: [GC (Allocation Failure) [PSYoungGen: 59200K->1344K(59904K)] 407635K->349779K(557056K), 0.0018308 secs] [Times: user=0.01 sys=0.00, real=0.00 secs] 
3287.619: [GC (Allocation Failure) [PSYoungGen: 59200K->1408K(59904K)] 407635K->349843K(557056K), 0.0017604 secs] [Times: user=0.00 sys=0.00, real=0.00 secs] 
3287.966: [GC (Allocation Failure) [PSYoungGen: 59251K->1485K(59904K)] 407686K->349920K(557056K), 0.0017627 secs] [Times: user=0.01 sys=0.00, real=0.00 secs] 
3288.307: [GC (Allocation Failure) [PSYoungGen: 59341K->1533K(59904K)] 407776K->349976K(557056K), 0.0015928 secs] [Times: user=0.01 sys=0.00, real=0.00 secs] 
3288.645: [GC (Allocation Failure) [PSYoungGen: 59369K->1565K(59904K)] 407813K->350008K(557056K), 0.0015769 secs] [Times: user=0.00 sys=0.00, real=0.00 secs] 
3288.984: [GC (Allocation Failure) [PSYoungGen: 59421K->1581K(59904K)] 407864K->350024K(557056K), 0.0015969 secs] [Times: user=0.01 sys=0.00, real=0.00 secs] 
3289.544: [GC (Allocation Failure) [PSYoungGen: 59437K->1456K(59904K)] 407880K->349899K(557056K), 0.0023179 secs] [Times: user=0.01 sys=0.00, real=0.00 secs] 
3290.127: [GC (Allocation Failure) [PSYoungGen: 59312K->1344K(59904K)] 407755K->349787K(557056K), 0.0027713 secs] [Times: user=0.01 sys=0.00, real=0.00 secs] 
3290.812: [GC (Allocation Failure) [PSYoungGen: 59200K->1376K(59904K)] 407643K->349819K(557056K), 0.0027249 secs] [Times: user=0.01 sys=0.00, real=0.00 secs] 
3291.438: [GC (Allocation Failure) [PSYoungGen: 59232K->1408K(59904K)] 407675K->349851K(557056K), 0.0025485 secs] [Times: user=0.01 sys=0.00, real=0.00 secs] 
3292.021: [GC (Allocation Failure) [PSYoungGen: 59264K->1376K(59904K)] 407707K->349819K(557056K), 0.0024809 secs] [Times: user=0.01 sys=0.00, real=0.01 secs] 
3292.518: [GC (Allocation Failure) [PSYoungGen: 59225K->1501K(59904K)] 407668K->349944K(557056K), 0.0015585 secs] [Times: user=0.01 sys=0.00, real=0.00 secs] 
3292.856: [GC (Allocation Failure) [PSYoungGen: 59357K->1533K(59904K)] 407800K->349992K(557056K), 0.0016321 secs] [Times: user=0.01 sys=0.00, real=0.00 secs] 
3293.199: [GC (Allocation Failure) [PSYoungGen: 59389K->1613K(59904K)] 407848K->350072K(557056K), 0.0016358 secs] [Times: user=0.01 sys=0.00, real=0.00 secs] 
3293.537: [GC (Allocation Failure) [PSYoungGen: 59469K->1581K(59904K)] 407928K->350040K(557056K), 0.0015756 secs] [Times: user=0.01 sys=0.00, real=0.00 secs] 
3293.951: [GC (Allocation Failure) [PSYoungGen: 59437K->1488K(59904K)] 407896K->349947K(557056K), 0.0019070 secs] [Times: user=0.01 sys=0.00, real=0.01 secs] 
3294.471: [GC (Allocation Failure) [PSYoungGen: 59344K->1408K(59904K)] 407803K->349867K(557056K), 0.0017980 secs] [Times: user=0.00 sys=0.01, real=0.01 secs] 
3294.753: [GC (Allocation Failure) [PSYoungGen: 59264K->1344K(59904K)] 407723K->349803K(557056K), 0.0023236 secs] [Times: user=0.00 sys=0.00, real=0.00 secs] 
3295.015: [GC (Allocation Failure) [PSYoungGen: 59200K->1408K(59904K)] 407659K->349883K(557056K), 0.0019233 secs] [Times: user=0.01 sys=0.00, real=0.00 secs] 
3295.259: [GC (Allocation Failure) [PSYoungGen: 59264K->1376K(59904K)] 407739K->349851K(557056K), 0.0019722 secs] [Times: user=0.01 sys=0.00, real=0.00 secs] 
3295.624: [GC (Allocation Failure) [PSYoungGen: 59201K->1517K(59904K)] 407676K->349992K(557056K), 0.0016550 secs] [Times: user=0.01 sys=0.00, real=0.00 secs] 
3295.960: [GC (Allocation Failure) [PSYoungGen: 59373K->1565K(59904K)] 407848K->350048K(557056K), 0.0016468 secs] [Times: user=0.01 sys=0.00, real=0.01 secs] 
3296.299: [GC (Allocation Failure) [PSYoungGen: 59421K->1501K(59904K)] 407904K->349984K(557056K), 0.0016036 secs] [Times: user=0.00 sys=0.00, real=0.00 secs] 
3296.635: [GC (Allocation Failure) [PSYoungGen: 59357K->1597K(59904K)] 407840K->350080K(557056K), 0.0016052 secs] [Times: user=0.01 sys=0.00, real=0.00 secs] 
3297.145: [GC (Allocation Failure) [PSYoungGen: 59453K->1504K(59904K)] 407936K->349987K(557056K), 0.0019698 secs] [Times: user=0.01 sys=0.00, real=0.00 secs] 
3297.952: [GC (Allocation Failure) [PSYoungGen: 59360K->1408K(59904K)] 407843K->349891K(557056K), 0.0025769 secs] [Times: user=0.01 sys=0.00, real=0.00 secs] 
3298.448: [GC (Allocation Failure) [PSYoungGen: 59264K->1344K(59904K)] 407747K->349827K(557056K), 0.0023650 secs] [Times: user=0.01 sys=0.00, real=0.00 secs] 
3298.965: [GC (Allocation Failure) [PSYoungGen: 59200K->1360K(59904K)] 407683K->349843K(557056K), 0.0028464 secs] [Times: user=0.02 sys=0.00, real=0.00 secs] 
3299.440: [GC (Allocation Failure) [PSYoungGen: 59216K->1328K(59904K)] 407699K->349811K(557056K), 0.0024796 secs] [Times: user=0.01 sys=0.00, real=0.01 secs] 
3300.035: [GC (Allocation Failure) [PSYoungGen: 59184K->1485K(59904K)] 407667K->349968K(557056K), 0.0015137 secs] [Times: user=0.01 sys=0.00, real=0.00 secs] 
3300.370: [GC (Allocation Failure) [PSYoungGen: 59341K->1568K(59904K)] 407824K->350067K(557056K), 0.0016723 secs] [Times: user=0.00 sys=0.00, real=0.01 secs] 
3300.707: [GC (Allocation Failure) [PSYoungGen: 59399K->1584K(59904K)] 407899K->350083K(557056K), 0.0017242 secs] [Times: user=0.01 sys=0.00, real=0.00 secs] 
3301.104: [GC (Allocation Failure) [PSYoungGen: 59440K->1581K(59904K)] 407939K->350080K(557056K), 0.0016671 secs] [Times: user=0.00 sys=0.00, real=0.00 secs] 
3301.512: [GC (Allocation Failure) [PSYoungGen: 59437K->1472K(59904K)] 407936K->349971K(557056K), 0.0020176 secs] [Times: user=0.01 sys=0.00, real=0.00 secs] 
3302.040: [GC (Allocation Failure) [PSYoungGen: 59328K->1360K(59904K)] 407827K->349859K(557056K), 0.0031886 secs] [Times: user=0.01 sys=0.00, real=0.01 secs] 
3302.527: [GC (Allocation Failure) [PSYoungGen: 59216K->1376K(59904K)] 407715K->349875K(557056K), 0.0025817 secs] [Times: user=0.01 sys=0.01, real=0.00 secs] 
3302.939: [GC (Allocation Failure) [PSYoungGen: 59232K->1408K(59904K)] 407731K->349907K(557056K), 0.0023520 secs] [Times: user=0.01 sys=0.00, real=0.00 secs] 
3303.357: [GC (Allocation Failure) [PSYoungGen: 59264K->1408K(59904K)] 407763K->349907K(557056K), 0.0023995 secs] [Times: user=0.01 sys=0.00, real=0.00 secs] 
3303.907: [GC (Allocation Failure) [PSYoungGen: 59262K->1472K(59904K)] 407761K->349971K(557056K), 0.0018025 secs] [Times: user=0.00 sys=0.00, real=0.00 secs] 
3304.245: [GC (Allocation Failure) [PSYoungGen: 59328K->1584K(59904K)] 407827K->350091K(557056K), 0.0016231 secs] [Times: user=0.00 sys=0.00, real=0.00 secs] 
3304.582: [GC (Allocation Failure) [PSYoungGen: 59440K->1552K(59904K)] 407947K->350059K(557056K), 0.0016032 secs] [Times: user=0.01 sys=0.00, real=0.00 secs] 
3304.919: [GC (Allocation Failure) [PSYoungGen: 59408K->1581K(59904K)] 407915K->350104K(557056K), 0.0016209 secs] [Times: user=0.01 sys=0.00, real=0.00 secs] 
3305.315: [GC (Allocation Failure) [PSYoungGen: 59437K->1456K(59904K)] 407960K->349979K(557056K), 0.0021935 secs] [Times: user=0.00 sys=0.00, real=0.00 secs] 
3305.831: [GC (Allocation Failure) [PSYoungGen: 59312K->1376K(59904K)] 407835K->349899K(557056K), 0.0026982 secs] [Times: user=0.01 sys=0.00, real=0.01 secs] 
3306.110: [GC (Allocation Failure) [PSYoungGen: 59232K->1408K(59904K)] 407755K->349931K(557056K), 0.0020057 secs] [Times: user=0.00 sys=0.00, real=0.01 secs] 
3306.360: [GC (Allocation Failure) [PSYoungGen: 59264K->1344K(59904K)] 407787K->349867K(557056K), 0.0017725 secs] [Times: user=0.01 sys=0.01, real=0.00 secs] 
3306.641: [GC (Allocation Failure) [PSYoungGen: 59200K->1344K(59904K)] 407723K->349867K(557056K), 0.0018379 secs] [Times: user=0.01 sys=0.00, real=0.01 secs] 
3306.972: [GC (Allocation Failure) [PSYoungGen: 59200K->1456K(59904K)] 407723K->349979K(557056K), 0.0016007 secs] [Times: user=0.01 sys=0.00, real=0.00 secs] 
3307.308: [GC (Allocation Failure) [PSYoungGen: 59312K->1565K(59904K)] 407835K->350104K(557056K), 0.0016872 secs] [Times: user=0.00 sys=0.00, real=0.00 secs] 
3307.645: [GC (Allocation Failure) [PSYoungGen: 59393K->1501K(59904K)] 407932K->350040K(557056K), 0.0017697 secs] [Times: user=0.00 sys=0.00, real=0.00 secs] 
3307.986: [GC (Allocation Failure) [PSYoungGen: 59357K->1520K(59904K)] 407896K->350059K(557056K), 0.0013920 secs] [Times: user=0.01 sys=0.00, real=0.00 secs] 
3308.419: [GC (Allocation Failure) [PSYoungGen: 59376K->1968K(59904K)] 407915K->350507K(557056K), 0.0018668 secs] [Times: user=0.01 sys=0.00, real=0.00 secs] 
3309.255: [GC (Allocation Failure) [PSYoungGen: 59824K->1376K(59904K)] 408363K->349915K(557056K), 0.0033770 secs] [Times: user=0.01 sys=0.00, real=0.00 secs] 
3309.762: [GC (Allocation Failure) [PSYoungGen: 59232K->1440K(59904K)] 407771K->349979K(557056K), 0.0025781 secs] [Times: user=0.01 sys=0.00, real=0.00 secs] 
3310.719: [GC (Allocation Failure) [PSYoungGen: 59296K->1376K(59904K)] 407835K->349915K(557056K), 0.0027756 secs] [Times: user=0.01 sys=0.00, real=0.01 secs] 
3311.299: [GC (Allocation Failure) [PSYoungGen: 59232K->1376K(59904K)] 407771K->349915K(557056K), 0.0026207 secs] [Times: user=0.01 sys=0.00, real=0.00 secs] 
3311.823: [GC (Allocation Failure) [PSYoungGen: 59232K->1424K(59904K)] 407771K->349963K(557056K), 0.0018449 secs] [Times: user=0.00 sys=0.00, real=0.00 secs] 
3312.165: [GC (Allocation Failure) [PSYoungGen: 59248K->1552K(59904K)] 407787K->350099K(557056K), 0.0015521 secs] [Times: user=0.01 sys=0.00, real=0.00 secs] 
3312.502: [GC (Allocation Failure) [PSYoungGen: 59408K->1584K(59904K)] 407955K->350131K(557056K), 0.0015652 secs] [Times: user=0.01 sys=0.00, real=0.00 secs] 
3312.838: [GC (Allocation Failure) [PSYoungGen: 59440K->1613K(59904K)] 407987K->350160K(557056K), 0.0016320 secs] [Times: user=0.00 sys=0.00, real=0.00 secs] 
3313.292: [GC (Allocation Failure) [PSYoungGen: 59469K->1552K(59904K)] 408016K->350099K(557056K), 0.0018538 secs] [Times: user=0.01 sys=0.00, real=0.00 secs] 
3314.022: [GC (Allocation Failure) [PSYoungGen: 59408K->1408K(59904K)] 407955K->349955K(557056K), 0.0027726 secs] [Times: user=0.02 sys=0.00, real=0.00 secs] 
3314.629: [GC (Allocation Failure) [PSYoungGen: 59264K->1392K(59904K)] 407811K->349939K(557056K), 0.0026905 secs] [Times: user=0.01 sys=0.00, real=0.01 secs] 
3315.092: [GC (Allocation Failure) [PSYoungGen: 59248K->1440K(59904K)] 407795K->349987K(557056K), 0.0025209 secs] [Times: user=0.01 sys=0.00, real=0.00 secs] 
3315.547: [GC (Allocation Failure) [PSYoungGen: 59296K->1408K(59904K)] 407843K->349955K(557056K), 0.0025589 secs] [Times: user=0.01 sys=0.00, real=0.00 secs] 
3316.037: [GC (Allocation Failure) [PSYoungGen: 59251K->1501K(59904K)] 407798K->350048K(557056K), 0.0018487 secs] [Times: user=0.01 sys=0.00, real=0.00 secs] 
3316.384: [GC (Allocation Failure) [PSYoungGen: 59357K->1533K(59904K)] 407904K->350104K(557056K), 0.0016668 secs] [Times: user=0.01 sys=0.00, real=0.00 secs] 
3316.721: [GC (Allocation Failure) [PSYoungGen: 59363K->1501K(59904K)] 407934K->350072K(557056K), 0.0016429 secs] [Times: user=0.01 sys=0.00, real=0.01 secs] 
3317.060: [GC (Allocation Failure) [PSYoungGen: 59357K->1552K(59904K)] 407928K->350123K(557056K), 0.0016444 secs] [Times: user=0.00 sys=0.00, real=0.01 secs] 
3317.397: [GC (Allocation Failure) [PSYoungGen: 59408K->1549K(59904K)] 407979K->350120K(557056K), 0.0016006 secs] [Times: user=0.00 sys=0.00, real=0.00 secs] 
3317.728: [GC (Allocation Failure) [PSYoungGen: 59405K->1408K(59904K)] 407976K->349979K(557056K), 0.0019039 secs] [Times: user=0.00 sys=0.00, real=0.00 secs] 
3318.176: [GC (Allocation Failure) [PSYoungGen: 59264K->1440K(59904K)] 407835K->350011K(557056K), 0.0021081 secs] [Times: user=0.01 sys=0.00, real=0.00 secs] 
3318.656: [GC (Allocation Failure) [PSYoungGen: 59296K->1376K(59904K)] 407867K->349947K(557056K), 0.0021537 secs] [Times: user=0.00 sys=0.00, real=0.00 secs] 
3319.118: [GC (Allocation Failure) [PSYoungGen: 59232K->1408K(59904K)] 407803K->349979K(557056K), 0.0022105 secs] [Times: user=0.01 sys=0.00, real=0.00 secs] 
3319.614: [GC (Allocation Failure) [PSYoungGen: 59264K->1517K(59904K)] 407835K->350088K(557056K), 0.0019382 secs] [Times: user=0.01 sys=0.00, real=0.00 secs] 
3319.980: [GC (Allocation Failure) [PSYoungGen: 59343K->1565K(59904K)] 407914K->350144K(557056K), 0.0015840 secs] [Times: user=0.00 sys=0.00, real=0.00 secs] 
3320.320: [GC (Allocation Failure) [PSYoungGen: 59421K->1568K(59904K)] 408000K->350147K(557056K), 0.0016602 secs] [Times: user=0.00 sys=0.00, real=0.00 secs] 
3320.657: [GC (Allocation Failure) [PSYoungGen: 59424K->1533K(59904K)] 408003K->350112K(557056K), 0.0015220 secs] [Times: user=0.01 sys=0.00, real=0.00 secs] 
3320.994: [GC (Allocation Failure) [PSYoungGen: 59389K->1565K(59904K)] 407968K->350144K(557056K), 0.0017129 secs] [Times: user=0.01 sys=0.00, real=0.00 secs] 
3321.273: [GC (Allocation Failure) [PSYoungGen: 59421K->1376K(59904K)] 408000K->349955K(557056K), 0.0018713 secs] [Times: user=0.00 sys=0.00, real=0.00 secs] 
3321.514: [GC (Allocation Failure) [PSYoungGen: 59232K->1408K(59904K)] 407811K->349987K(557056K), 0.0017777 secs] [Times: user=0.01 sys=0.00, real=0.00 secs] 
3321.754: [GC (Allocation Failure) [PSYoungGen: 59264K->1344K(59904K)] 407843K->349923K(557056K), 0.0020973 secs] [Times: user=0.01 sys=0.00, real=0.00 secs] 
3321.999: [GC (Allocation Failure) [PSYoungGen: 59200K->1376K(59904K)] 407779K->349955K(557056K), 0.0024133 secs] [Times: user=0.00 sys=0.00, real=0.01 secs] 
3322.270: [GC (Allocation Failure) [PSYoungGen: 59218K->1424K(59904K)] 407797K->350003K(557056K), 0.0022019 secs] [Times: user=0.01 sys=0.00, real=0.01 secs] 
3322.644: [GC (Allocation Failure) [PSYoungGen: 59280K->1565K(59904K)] 407859K->350144K(557056K), 0.0016049 secs] [Times: user=0.01 sys=0.00, real=0.00 secs] 
3322.980: [GC (Allocation Failure) [PSYoungGen: 59421K->1584K(59904K)] 408000K->350171K(557056K), 0.0016432 secs] [Times: user=0.01 sys=0.00, real=0.01 secs] 
3323.321: [GC (Allocation Failure) [PSYoungGen: 59421K->1565K(59904K)] 408008K->350168K(557056K), 0.0015873 secs] [Times: user=0.01 sys=0.00, real=0.01 secs] 
3323.659: [GC (Allocation Failure) [PSYoungGen: 59421K->1613K(59904K)] 408024K->350216K(557056K), 0.0016384 secs] [Times: user=0.01 sys=0.00, real=0.00 secs] 
3324.730: [GC (Allocation Failure) [PSYoungGen: 59469K->1392K(59904K)] 408072K->349995K(557056K), 0.0030445 secs] [Times: user=0.01 sys=0.00, real=0.01 secs] 
3325.628: [GC (Allocation Failure) [PSYoungGen: 59248K->1312K(59904K)] 407851K->349915K(557056K), 0.0033364 secs] [Times: user=0.01 sys=0.00, real=0.00 secs] 
3326.242: [GC (Allocation Failure) [PSYoungGen: 59168K->1344K(59904K)] 407771K->349947K(557056K), 0.0027624 secs] [Times: user=0.01 sys=0.00, real=0.00 secs] 
3326.731: [GC (Allocation Failure) [PSYoungGen: 59200K->1344K(59904K)] 407803K->349947K(557056K), 0.0024303 secs] [Times: user=0.01 sys=0.00, real=0.01 secs] 
3327.329: [GC (Allocation Failure) [PSYoungGen: 59200K->1344K(59904K)] 407803K->349947K(557056K), 0.0025889 secs] [Times: user=0.01 sys=0.00, real=0.01 secs] 
3327.744: [GC (Allocation Failure) [PSYoungGen: 59181K->1517K(59904K)] 407784K->350120K(557056K), 0.0016595 secs] [Times: user=0.01 sys=0.00, real=0.00 secs] 
3328.081: [GC (Allocation Failure) [PSYoungGen: 59373K->1552K(59904K)] 407976K->350163K(557056K), 0.0016482 secs] [Times: user=0.01 sys=0.00, real=0.01 secs] 
3328.421: [GC (Allocation Failure) [PSYoungGen: 59408K->1533K(59904K)] 408019K->350144K(557056K), 0.0015907 secs] [Times: user=0.00 sys=0.00, real=0.01 secs] 
3328.767: [GC (Allocation Failure) [PSYoungGen: 59389K->1597K(59904K)] 408000K->350208K(557056K), 0.0016218 secs] [Times: user=0.01 sys=0.00, real=0.00 secs] 
3329.708: [GC (Allocation Failure) [PSYoungGen: 59453K->1440K(59904K)] 408064K->350051K(557056K), 0.0020680 secs] [Times: user=0.01 sys=0.00, real=0.00 secs] 
3330.315: [GC (Allocation Failure) [PSYoungGen: 59296K->1312K(59904K)] 407907K->349923K(557056K), 0.0022001 secs] [Times: user=0.01 sys=0.00, real=0.00 secs] 
3330.971: [GC (Allocation Failure) [PSYoungGen: 59168K->1376K(59904K)] 407779K->349987K(557056K), 0.0026912 secs] [Times: user=0.01 sys=0.00, real=0.01 secs] 
3331.475: [GC (Allocation Failure) [PSYoungGen: 59232K->1376K(59904K)] 407843K->349987K(557056K), 0.0025938 secs] [Times: user=0.01 sys=0.00, real=0.00 secs] 
3332.080: [GC (Allocation Failure) [PSYoungGen: 59232K->1392K(59904K)] 407843K->350003K(557056K), 0.0025962 secs] [Times: user=0.01 sys=0.01, real=0.01 secs] 
3332.519: [GC (Allocation Failure) [PSYoungGen: 59248K->1501K(59904K)] 407859K->350112K(557056K), 0.0015657 secs] [Times: user=0.01 sys=0.00, real=0.00 secs] 
3332.857: [GC (Allocation Failure) [PSYoungGen: 59357K->1549K(59904K)] 407968K->350168K(557056K), 0.0016102 secs] [Times: user=0.01 sys=0.00, real=0.00 secs] 
3333.196: [GC (Allocation Failure) [PSYoungGen: 59387K->1520K(59904K)] 408006K->350139K(557056K), 0.0017706 secs] [Times: user=0.01 sys=0.00, real=0.00 secs] 
3333.538: [GC (Allocation Failure) [PSYoungGen: 59376K->1536K(59904K)] 407995K->350155K(557056K), 0.0016166 secs] [Times: user=0.00 sys=0.00, real=0.00 secs] 
3333.907: [GC (Allocation Failure) [PSYoungGen: 59392K->1440K(59904K)] 408011K->350059K(557056K), 0.0020116 secs] [Times: user=0.01 sys=0.00, real=0.00 secs] 
3334.284: [GC (Allocation Failure) [PSYoungGen: 59296K->1408K(59904K)] 407915K->350027K(557056K), 0.0019148 secs] [Times: user=0.01 sys=0.00, real=0.00 secs] 
3334.709: [GC (Allocation Failure) [PSYoungGen: 59264K->1376K(59904K)] 407883K->349995K(557056K), 0.0018260 secs] [Times: user=0.01 sys=0.00, real=0.00 secs] 
3335.181: [GC (Allocation Failure) [PSYoungGen: 59232K->1376K(59904K)] 407851K->349995K(557056K), 0.0019140 secs] [Times: user=0.00 sys=0.00, real=0.01 secs] 
3335.718: [GC (Allocation Failure) [PSYoungGen: 59232K->1376K(59904K)] 407851K->350003K(557056K), 0.0020438 secs] [Times: user=0.01 sys=0.00, real=0.00 secs] 
3336.134: [GC (Allocation Failure) [PSYoungGen: 59232K->1517K(59904K)] 407859K->350144K(557056K), 0.0014803 secs] [Times: user=0.01 sys=0.00, real=0.00 secs] 
3336.473: [GC (Allocation Failure) [PSYoungGen: 59373K->1517K(59904K)] 408000K->350152K(557056K), 0.0016240 secs] [Times: user=0.00 sys=0.00, real=0.00 secs] 
3336.810: [GC (Allocation Failure) [PSYoungGen: 59373K->1565K(59904K)] 408008K->350200K(557056K), 0.0016664 secs] [Times: user=0.01 sys=0.00, real=0.00 secs] 
3337.147: [GC (Allocation Failure) [PSYoungGen: 59421K->1517K(59904K)] 408056K->350152K(557056K), 0.0016346 secs] [Times: user=0.01 sys=0.00, real=0.00 secs] 
3337.471: [GC (Allocation Failure) [PSYoungGen: 59373K->1488K(59904K)] 408008K->350123K(557056K), 0.0018890 secs] [Times: user=0.01 sys=0.00, real=0.01 secs] 
3337.723: [GC (Allocation Failure) [PSYoungGen: 59344K->1376K(59904K)] 407979K->350011K(557056K), 0.0018471 secs] [Times: user=0.01 sys=0.00, real=0.00 secs] 
3337.964: [GC (Allocation Failure) [PSYoungGen: 59232K->1328K(59904K)] 407867K->349963K(557056K), 0.0017974 secs] [Times: user=0.01 sys=0.00, real=0.00 secs] 
3338.204: [GC (Allocation Failure) [PSYoungGen: 59184K->1408K(59904K)] 407819K->350043K(557056K), 0.0018781 secs] [Times: user=0.01 sys=0.00, real=0.00 secs] 
3338.444: [GC (Allocation Failure) [PSYoungGen: 59264K->1376K(59904K)] 407899K->350011K(557056K), 0.0017802 secs] [Times: user=0.01 sys=0.00, real=0.00 secs] 
3338.786: [GC (Allocation Failure) [PSYoungGen: 59216K->1520K(59904K)] 407852K->350155K(557056K), 0.0014348 secs] [Times: user=0.00 sys=0.00, real=0.00 secs] 
3339.130: [GC (Allocation Failure) [PSYoungGen: 59376K->1584K(59904K)] 408011K->350235K(557056K), 0.0016946 secs] [Times: user=0.01 sys=0.00, real=0.01 secs] 
3339.468: [GC (Allocation Failure) [PSYoungGen: 59440K->1549K(59904K)] 408091K->350200K(557056K), 0.0015856 secs] [Times: user=0.01 sys=0.00, real=0.00 secs] 
3339.803: [GC (Allocation Failure) [PSYoungGen: 59405K->1565K(59904K)] 408056K->350216K(557056K), 0.0015954 secs] [Times: user=0.01 sys=0.00, real=0.00 secs] 
3340.216: [GC (Allocation Failure) [PSYoungGen: 59421K->1456K(59904K)] 408072K->350107K(557056K), 0.0017301 secs] [Times: user=0.00 sys=0.00, real=0.00 secs] 
3340.692: [GC (Allocation Failure) [PSYoungGen: 59312K->1376K(59904K)] 407963K->350027K(557056K), 0.0017997 secs] [Times: user=0.00 sys=0.00, real=0.00 secs] 
3341.095: [GC (Allocation Failure) [PSYoungGen: 59232K->1296K(59904K)] 407883K->349947K(557056K), 0.0021800 secs] [Times: user=0.01 sys=0.00, real=0.00 secs] 
3341.520: [GC (Allocation Failure) [PSYoungGen: 59152K->1376K(59904K)] 407803K->350027K(557056K), 0.0019685 secs] [Times: user=0.01 sys=0.00, real=0.01 secs] 
3341.997: [GC (Allocation Failure) [PSYoungGen: 59232K->1408K(59904K)] 407883K->350059K(557056K), 0.0020724 secs] [Times: user=0.01 sys=0.00, real=0.00 secs] 
3342.516: [GC (Allocation Failure) [PSYoungGen: 59264K->1517K(59904K)] 407915K->350168K(557056K), 0.0015812 secs] [Times: user=0.00 sys=0.00, real=0.00 secs] 
3342.855: [GC (Allocation Failure) [PSYoungGen: 59371K->1520K(59904K)] 408022K->350179K(557056K), 0.0016128 secs] [Times: user=0.00 sys=0.00, real=0.00 secs] 
3343.191: [GC (Allocation Failure) [PSYoungGen: 59376K->1533K(59904K)] 408035K->350192K(557056K), 0.0016044 secs] [Times: user=0.01 sys=0.00, real=0.01 secs] 
3343.532: [GC (Allocation Failure) [PSYoungGen: 59389K->1565K(59904K)] 408048K->350224K(557056K), 0.0015727 secs] [Times: user=0.00 sys=0.00, real=0.00 secs] 
3343.885: [GC (Allocation Failure) [PSYoungGen: 59421K->1488K(59904K)] 408080K->350163K(557056K), 0.0019276 secs] [Times: user=0.01 sys=0.00, real=0.00 secs] 
3344.189: [GC (Allocation Failure) [PSYoungGen: 59344K->1376K(59904K)] 408019K->350051K(557056K), 0.0017097 secs] [Times: user=0.01 sys=0.00, real=0.00 secs] 
3344.429: [GC (Allocation Failure) [PSYoungGen: 59232K->1376K(59904K)] 407907K->350051K(557056K), 0.0017926 secs] [Times: user=0.01 sys=0.00, real=0.00 secs] 
3344.700: [GC (Allocation Failure) [PSYoungGen: 59232K->1376K(59904K)] 407907K->350051K(557056K), 0.0018976 secs] [Times: user=0.00 sys=0.00, real=0.01 secs] 
3344.941: [GC (Allocation Failure) [PSYoungGen: 59232K->1376K(59904K)] 407907K->350051K(557056K), 0.0017852 secs] [Times: user=0.00 sys=0.00, real=0.01 secs] 
3345.265: [GC (Allocation Failure) [PSYoungGen: 59232K->1549K(59904K)] 407907K->350224K(557056K), 0.0015354 secs] [Times: user=0.01 sys=0.00, real=0.00 secs] 
3345.663: [GC (Allocation Failure) [PSYoungGen: 59405K->1520K(59904K)] 408080K->350203K(557056K), 0.0017127 secs] [Times: user=0.01 sys=0.00, real=0.00 secs] 
3346.000: [GC (Allocation Failure) [PSYoungGen: 59376K->1533K(59904K)] 408059K->350216K(557056K), 0.0015981 secs] [Times: user=0.01 sys=0.00, real=0.00 secs] 
3346.336: [GC (Allocation Failure) [PSYoungGen: 59389K->1565K(59904K)] 408072K->350248K(557056K), 0.0016109 secs] [Times: user=0.00 sys=0.00, real=0.00 secs] 
3346.768: [GC (Allocation Failure) [PSYoungGen: 59421K->1456K(59904K)] 408104K->350139K(557056K), 0.0022880 secs] [Times: user=0.00 sys=0.00, real=0.00 secs] 
3347.011: [GC (Allocation Failure) [PSYoungGen: 59312K->1376K(59904K)] 407995K->350059K(557056K), 0.0018874 secs] [Times: user=0.01 sys=0.00, real=0.01 secs] 
3347.251: [GC (Allocation Failure) [PSYoungGen: 59232K->1408K(59904K)] 407915K->350091K(557056K), 0.0018612 secs] [Times: user=0.01 sys=0.00, real=0.01 secs] 
3347.492: [GC (Allocation Failure) [PSYoungGen: 59264K->1408K(59904K)] 407947K->350091K(557056K), 0.0020700 secs] [Times: user=0.01 sys=0.00, real=0.01 secs] 
3347.732: [GC (Allocation Failure) [PSYoungGen: 59264K->1408K(59904K)] 407947K->350091K(557056K), 0.0017439 secs] [Times: user=0.01 sys=0.00, real=0.00 secs] 
3348.071: [GC (Allocation Failure) [PSYoungGen: 59264K->1517K(59904K)] 407947K->350200K(557056K), 0.0015359 secs] [Times: user=0.00 sys=0.00, real=0.01 secs] 
3348.410: [GC (Allocation Failure) [PSYoungGen: 59373K->1565K(59904K)] 408056K->350256K(557056K), 0.0017551 secs] [Times: user=0.01 sys=0.00, real=0.01 secs] 
3348.811: [GC (Allocation Failure) [PSYoungGen: 59421K->1584K(59904K)] 408112K->350275K(557056K), 0.0016878 secs] [Times: user=0.01 sys=0.00, real=0.01 secs] 
3349.158: [GC (Allocation Failure) [PSYoungGen: 59440K->1581K(59904K)] 408131K->350272K(557056K), 0.0016812 secs] [Times: user=0.00 sys=0.01, real=0.00 secs] 
3349.608: [GC (Allocation Failure) [PSYoungGen: 59437K->1456K(59904K)] 408128K->350147K(557056K), 0.0022646 secs] [Times: user=0.00 sys=0.00, real=0.00 secs] 
3350.328: [GC (Allocation Failure) [PSYoungGen: 59312K->1440K(59904K)] 408003K->350131K(557056K), 0.0027857 secs] [Times: user=0.01 sys=0.00, real=0.00 secs] 
3350.890: [GC (Allocation Failure) [PSYoungGen: 59296K->1376K(59904K)] 407987K->350067K(557056K), 0.0031363 secs] [Times: user=0.01 sys=0.00, real=0.01 secs] 
3351.349: [GC (Allocation Failure) [PSYoungGen: 59232K->1376K(59904K)] 407923K->350067K(557056K), 0.0024712 secs] [Times: user=0.01 sys=0.00, real=0.01 secs] 
3351.717: [GC (Allocation Failure) [PSYoungGen: 59232K->1376K(59904K)] 407923K->350067K(557056K), 0.0021743 secs] [Times: user=0.01 sys=0.00, real=0.00 secs] 
3352.216: [GC (Allocation Failure) [PSYoungGen: 59202K->1488K(59904K)] 407893K->350179K(557056K), 0.0016949 secs] [Times: user=0.00 sys=0.00, real=0.00 secs] 
3352.552: [GC (Allocation Failure) [PSYoungGen: 59344K->1565K(59904K)] 408035K->350272K(557056K), 0.0016229 secs] [Times: user=0.01 sys=0.00, real=0.00 secs] 
3352.890: [GC (Allocation Failure) [PSYoungGen: 59421K->1520K(59904K)] 408128K->350227K(557056K), 0.0016211 secs] [Times: user=0.01 sys=0.00, real=0.01 secs] 
3353.228: [GC (Allocation Failure) [PSYoungGen: 59376K->1565K(59904K)] 408083K->350272K(557056K), 0.0016121 secs] [Times: user=0.00 sys=0.00, real=0.00 secs] 
3353.593: [GC (Allocation Failure) [PSYoungGen: 59421K->1952K(59904K)] 408128K->350659K(557056K), 0.0016518 secs] [Times: user=0.01 sys=0.00, real=0.00 secs] 
3353.833: [GC (Allocation Failure) [PSYoungGen: 59808K->1376K(59904K)] 408515K->350083K(557056K), 0.0015248 secs] [Times: user=0.01 sys=0.00, real=0.00 secs] 
3354.155: [GC (Allocation Failure) [PSYoungGen: 59232K->1344K(59904K)] 407939K->350051K(557056K), 0.0020563 secs] [Times: user=0.01 sys=0.00, real=0.00 secs] 
3354.462: [GC (Allocation Failure) [PSYoungGen: 59200K->1296K(59904K)] 407907K->350019K(557056K), 0.0020100 secs] [Times: user=0.01 sys=0.00, real=0.01 secs] 
3354.953: [GC (Allocation Failure) [PSYoungGen: 59152K->1376K(59904K)] 407875K->350099K(557056K), 0.0028992 secs] [Times: user=0.01 sys=0.00, real=0.00 secs] 
3355.467: [GC (Allocation Failure) [PSYoungGen: 59231K->1421K(59904K)] 407955K->350144K(557056K), 0.0018587 secs] [Times: user=0.01 sys=0.00, real=0.00 secs] 
3355.807: [GC (Allocation Failure) [PSYoungGen: 59277K->1568K(59904K)] 408000K->350307K(557056K), 0.0016700 secs] [Times: user=0.01 sys=0.00, real=0.00 secs] 
3356.146: [GC (Allocation Failure) [PSYoungGen: 59423K->1504K(59904K)] 408163K->350243K(557056K), 0.0016176 secs] [Times: user=0.01 sys=0.00, real=0.00 secs] 
3356.484: [GC (Allocation Failure) [PSYoungGen: 59360K->1533K(59904K)] 408099K->350272K(557056K), 0.0016136 secs] [Times: user=0.01 sys=0.00, real=0.00 secs] 
3356.833: [GC (Allocation Failure) [PSYoungGen: 59389K->2016K(59904K)] 408128K->350755K(557056K), 0.0018618 secs] [Times: user=0.00 sys=0.00, real=0.00 secs] 
3357.072: [GC (Allocation Failure) [PSYoungGen: 59872K->1408K(59904K)] 408611K->350147K(557056K), 0.0017463 secs] [Times: user=0.01 sys=0.00, real=0.00 secs] 
3357.312: [GC (Allocation Failure) [PSYoungGen: 59264K->1344K(59904K)] 408003K->350083K(557056K), 0.0016678 secs] [Times: user=0.01 sys=0.00, real=0.00 secs] 
3357.552: [GC (Allocation Failure) [PSYoungGen: 59200K->1376K(59904K)] 407939K->350115K(557056K), 0.0017058 secs] [Times: user=0.00 sys=0.01, real=0.00 secs] 
3357.792: [GC (Allocation Failure) [PSYoungGen: 59232K->1376K(59904K)] 407971K->350115K(557056K), 0.0016406 secs] [Times: user=0.00 sys=0.00, real=0.00 secs] 
3358.071: [GC (Allocation Failure) [PSYoungGen: 59232K->1453K(59904K)] 407971K->350192K(557056K), 0.0016353 secs] [Times: user=0.00 sys=0.00, real=0.01 secs] 
3358.411: [GC (Allocation Failure) [PSYoungGen: 59283K->1520K(59904K)] 408022K->350275K(557056K), 0.0016734 secs] [Times: user=0.00 sys=0.00, real=0.01 secs] 
3358.750: [GC (Allocation Failure) [PSYoungGen: 59376K->1565K(59904K)] 408131K->350320K(557056K), 0.0015988 secs] [Times: user=0.00 sys=0.00, real=0.00 secs] 
3359.087: [GC (Allocation Failure) [PSYoungGen: 59421K->1565K(59904K)] 408176K->350320K(557056K), 0.0016551 secs] [Times: user=0.01 sys=0.00, real=0.00 secs] 
3359.503: [GC (Allocation Failure) [PSYoungGen: 59342K->288K(59904K)] 408098K->349043K(557056K), 0.0015951 secs] [Times: user=0.01 sys=0.00, real=0.00 secs] 
3360.027: [GC (Allocation Failure) [PSYoungGen: 58144K->1344K(59904K)] 406899K->350099K(557056K), 0.0023901 secs] [Times: user=0.01 sys=0.00, real=0.00 secs] 
3360.546: [GC (Allocation Failure) [PSYoungGen: 59200K->1344K(59904K)] 407955K->350099K(557056K), 0.0029211 secs] [Times: user=0.02 sys=0.00, real=0.00 secs] 
3361.037: [GC (Allocation Failure) [PSYoungGen: 59200K->1376K(59904K)] 407955K->350131K(557056K), 0.0029816 secs] [Times: user=0.01 sys=0.00, real=0.00 secs] 
3361.289: [GC (Allocation Failure) [PSYoungGen: 59232K->1376K(59904K)] 407987K->350131K(557056K), 0.0021573 secs] [Times: user=0.01 sys=0.00, real=0.00 secs] 
3361.563: [GC (Allocation Failure) [PSYoungGen: 59230K->1424K(59904K)] 407985K->350179K(557056K), 0.0015924 secs] [Times: user=0.01 sys=0.00, real=0.00 secs] 
3361.899: [GC (Allocation Failure) [PSYoungGen: 59280K->1533K(59904K)] 408035K->350304K(557056K), 0.0016843 secs] [Times: user=0.01 sys=0.00, real=0.00 secs] 
3362.237: [GC (Allocation Failure) [PSYoungGen: 59389K->1549K(59904K)] 408160K->350320K(557056K), 0.0016739 secs] [Times: user=0.01 sys=0.00, real=0.00 secs] 
3362.573: [GC (Allocation Failure) [PSYoungGen: 59405K->1533K(59904K)] 408176K->350304K(557056K), 0.0016018 secs] [Times: user=0.01 sys=0.00, real=0.00 secs] 
3362.909: [GC (Allocation Failure) [PSYoungGen: 59389K->1581K(59904K)] 408160K->350352K(557056K), 0.0016529 secs] [Times: user=0.00 sys=0.00, real=0.00 secs] 
3363.603: [GC (Allocation Failure) [PSYoungGen: 59437K->1440K(59904K)] 408208K->350211K(557056K), 0.0021721 secs] [Times: user=0.01 sys=0.00, real=0.00 secs] 
3364.065: [GC (Allocation Failure) [PSYoungGen: 59296K->1408K(59904K)] 408067K->350179K(557056K), 0.0020974 secs] [Times: user=0.01 sys=0.00, real=0.00 secs] 
3364.585: [GC (Allocation Failure) [PSYoungGen: 59264K->1376K(59904K)] 408035K->350155K(557056K), 0.0018936 secs] [Times: user=0.00 sys=0.00, real=0.00 secs] 
3365.062: [GC (Allocation Failure) [PSYoungGen: 59232K->1344K(59904K)] 408011K->350123K(557056K), 0.0019859 secs] [Times: user=0.01 sys=0.00, real=0.00 secs] 
3365.338: [GC (Allocation Failure) [PSYoungGen: 59200K->1424K(59904K)] 407979K->350203K(557056K), 0.0018669 secs] [Times: user=0.00 sys=0.00, real=0.00 secs] 
3365.688: [GC (Allocation Failure) [PSYoungGen: 59252K->1517K(59904K)] 408031K->350304K(557056K), 0.0016753 secs] [Times: user=0.00 sys=0.00, real=0.00 secs] 
3366.030: [GC (Allocation Failure) [PSYoungGen: 59373K->1517K(59904K)] 408160K->350312K(557056K), 0.0017008 secs] [Times: user=0.01 sys=0.00, real=0.01 secs] 
3366.371: [GC (Allocation Failure) [PSYoungGen: 59373K->1536K(59904K)] 408168K->350331K(557056K), 0.0017781 secs] [Times: user=0.01 sys=0.00, real=0.01 secs] 
3366.707: [GC (Allocation Failure) [PSYoungGen: 59392K->1533K(59904K)] 408187K->350328K(557056K), 0.0015341 secs] [Times: user=0.00 sys=0.00, real=0.00 secs] 
3367.221: [GC (Allocation Failure) [PSYoungGen: 59389K->1424K(59904K)] 408184K->350219K(557056K), 0.0020250 secs] [Times: user=0.01 sys=0.00, real=0.01 secs] 
3367.843: [GC (Allocation Failure) [PSYoungGen: 59280K->1392K(59904K)] 408075K->350195K(557056K), 0.0035744 secs] [Times: user=0.01 sys=0.00, real=0.00 secs] 
3368.574: [GC (Allocation Failure) [PSYoungGen: 59248K->1376K(59904K)] 408051K->350179K(557056K), 0.0034644 secs] [Times: user=0.01 sys=0.00, real=0.00 secs] 
3369.334: [GC (Allocation Failure) [PSYoungGen: 59232K->1408K(59904K)] 408035K->350211K(557056K), 0.0031045 secs] [Times: user=0.01 sys=0.00, real=0.00 secs] 
3369.955: [GC (Allocation Failure) [PSYoungGen: 59264K->1408K(59904K)] 408067K->350211K(557056K), 0.0024786 secs] [Times: user=0.01 sys=0.00, real=0.00 secs] 
3370.500: [GC (Allocation Failure) [PSYoungGen: 59244K->1533K(59904K)] 408047K->350336K(557056K), 0.0017181 secs] [Times: user=0.01 sys=0.00, real=0.01 secs] 
3370.837: [GC (Allocation Failure) [PSYoungGen: 59389K->1565K(59904K)] 408192K->350384K(557056K), 0.0016681 secs] [Times: user=0.01 sys=0.00, real=0.00 secs] 
3371.174: [GC (Allocation Failure) [PSYoungGen: 59421K->1613K(59904K)] 408240K->350432K(557056K), 0.0016829 secs] [Times: user=0.01 sys=0.00, real=0.00 secs] 
3371.511: [GC (Allocation Failure) [PSYoungGen: 59469K->1501K(59904K)] 408288K->350320K(557056K), 0.0016722 secs] [Times: user=0.00 sys=0.00, real=0.01 secs] 
3371.962: [GC (Allocation Failure) [PSYoungGen: 59357K->1424K(59904K)] 408176K->350243K(557056K), 0.0018231 secs] [Times: user=0.00 sys=0.00, real=0.00 secs] 
3372.447: [GC (Allocation Failure) [PSYoungGen: 59280K->1312K(59904K)] 408099K->350131K(557056K), 0.0026992 secs] [Times: user=0.01 sys=0.00, real=0.00 secs] 
3372.962: [GC (Allocation Failure) [PSYoungGen: 59168K->1376K(59904K)] 407987K->350195K(557056K), 0.0027922 secs] [Times: user=0.01 sys=0.00, real=0.00 secs] 
3373.462: [GC (Allocation Failure) [PSYoungGen: 59232K->1344K(59904K)] 408051K->350163K(557056K), 0.0031075 secs] [Times: user=0.01 sys=0.00, real=0.00 secs] 
3374.049: [GC (Allocation Failure) [PSYoungGen: 59200K->1376K(59904K)] 408019K->350195K(557056K), 0.0030158 secs] [Times: user=0.01 sys=0.01, real=0.01 secs] 
3374.491: [GC (Allocation Failure) [PSYoungGen: 59212K->1520K(59904K)] 408031K->350339K(557056K), 0.0015625 secs] [Times: user=0.00 sys=0.00, real=0.01 secs] 
3374.886: [GC (Allocation Failure) [PSYoungGen: 59376K->1613K(59904K)] 408195K->350448K(557056K), 0.0016548 secs] [Times: user=0.01 sys=0.00, real=0.00 secs] 
3375.288: [GC (Allocation Failure) [PSYoungGen: 59469K->1549K(59904K)] 408304K->350384K(557056K), 0.0016436 secs] [Times: user=0.01 sys=0.00, real=0.00 secs] 
3375.624: [GC (Allocation Failure) [PSYoungGen: 59405K->1533K(59904K)] 408240K->350384K(557056K), 0.0016893 secs] [Times: user=0.00 sys=0.01, real=0.00 secs] 
3376.415: [GC (Allocation Failure) [PSYoungGen: 59389K->1440K(59904K)] 408240K->350299K(557056K), 0.0034950 secs] [Times: user=0.01 sys=0.01, real=0.00 secs] 
3377.228: [GC (Allocation Failure) [PSYoungGen: 59296K->1408K(59904K)] 408155K->350267K(557056K), 0.0036602 secs] [Times: user=0.02 sys=0.00, real=0.01 secs] 
3378.340: [GC (Allocation Failure) [PSYoungGen: 59264K->1408K(59904K)] 408123K->350275K(557056K), 0.0044278 secs] [Times: user=0.02 sys=0.00, real=0.01 secs] 
3378.893: [GC (Allocation Failure) [PSYoungGen: 59264K->1360K(59904K)] 408131K->350227K(557056K), 0.0031028 secs] [Times: user=0.01 sys=0.00, real=0.00 secs] 
3379.175: [GC (Allocation Failure) [PSYoungGen: 59216K->1408K(59904K)] 408083K->350275K(557056K), 0.0017979 secs] [Times: user=0.01 sys=0.00, real=0.00 secs] 
3379.517: [GC (Allocation Failure) [PSYoungGen: 59264K->1549K(59904K)] 408131K->350416K(557056K), 0.0015620 secs] [Times: user=0.01 sys=0.00, real=0.00 secs] 
3379.862: [GC (Allocation Failure) [PSYoungGen: 59373K->1581K(59904K)] 408240K->350456K(557056K), 0.0017032 secs] [Times: user=0.01 sys=0.00, real=0.00 secs] 
3380.261: [GC (Allocation Failure) [PSYoungGen: 59437K->1520K(59904K)] 408312K->350395K(557056K), 0.0016975 secs] [Times: user=0.01 sys=0.00, real=0.01 secs] 
3380.597: [GC (Allocation Failure) [PSYoungGen: 59376K->1533K(59904K)] 408251K->350408K(557056K), 0.0016253 secs] [Times: user=0.01 sys=0.00, real=0.00 secs] 
3381.797: [GC (Allocation Failure) [PSYoungGen: 59389K->1424K(59904K)] 408264K->350299K(557056K), 0.0038342 secs] [Times: user=0.01 sys=0.01, real=0.00 secs] 
3382.498: [GC (Allocation Failure) [PSYoungGen: 59280K->1408K(59904K)] 408155K->350283K(557056K), 0.0026145 secs] [Times: user=0.01 sys=0.00, real=0.00 secs] 
3383.277: [GC (Allocation Failure) [PSYoungGen: 59264K->1376K(59904K)] 408139K->350251K(557056K), 0.0026275 secs] [Times: user=0.01 sys=0.01, real=0.00 secs] 
3384.058: [GC (Allocation Failure) [PSYoungGen: 59232K->1376K(59904K)] 408107K->350251K(557056K), 0.0032690 secs] [Times: user=0.01 sys=0.00, real=0.00 secs] 
3384.735: [GC (Allocation Failure) [PSYoungGen: 59232K->1376K(59904K)] 408107K->350251K(557056K), 0.0035377 secs] [Times: user=0.01 sys=0.00, real=0.00 secs] 
3385.284: [GC (Allocation Failure) [PSYoungGen: 59227K->1549K(59904K)] 408102K->350424K(557056K), 0.0015800 secs] [Times: user=0.00 sys=0.00, real=0.00 secs] 
3385.621: [GC (Allocation Failure) [PSYoungGen: 59405K->1501K(59904K)] 408280K->350392K(557056K), 0.0016094 secs] [Times: user=0.01 sys=0.00, real=0.01 secs] 
3386.019: [GC (Allocation Failure) [PSYoungGen: 59357K->1536K(59904K)] 408248K->350427K(557056K), 0.0016780 secs] [Times: user=0.01 sys=0.00, real=0.00 secs] 
3386.418: [GC (Allocation Failure) [PSYoungGen: 59392K->1597K(59904K)] 408283K->350504K(557056K), 0.0016637 secs] [Times: user=0.01 sys=0.00, real=0.00 secs] 
3386.776: [GC (Allocation Failure) [PSYoungGen: 59453K->1488K(59904K)] 408360K->350395K(557056K), 0.0022804 secs] [Times: user=0.01 sys=0.00, real=0.00 secs] 
3387.047: [GC (Allocation Failure) [PSYoungGen: 59344K->1344K(59904K)] 408251K->350251K(557056K), 0.0018950 secs] [Times: user=0.01 sys=0.00, real=0.00 secs] 
3387.363: [GC (Allocation Failure) [PSYoungGen: 59200K->1376K(59904K)] 408107K->350283K(557056K), 0.0019123 secs] [Times: user=0.01 sys=0.00, real=0.00 secs] 
3387.822: [GC (Allocation Failure) [PSYoungGen: 59232K->1392K(59904K)] 408139K->350299K(557056K), 0.0034372 secs] [Times: user=0.02 sys=0.00, real=0.00 secs] 
3388.413: [GC (Allocation Failure) [PSYoungGen: 59248K->1376K(59904K)] 408155K->350283K(557056K), 0.0026741 secs] [Times: user=0.01 sys=0.00, real=0.00 secs] 
3388.891: [GC (Allocation Failure) [PSYoungGen: 59232K->1517K(59904K)] 408139K->350424K(557056K), 0.0015642 secs] [Times: user=0.00 sys=0.00, real=0.01 secs] 
3389.233: [GC (Allocation Failure) [PSYoungGen: 59360K->1533K(59904K)] 408267K->350456K(557056K), 0.0016716 secs] [Times: user=0.01 sys=0.00, real=0.00 secs] 
3389.570: [GC (Allocation Failure) [PSYoungGen: 59389K->1533K(59904K)] 408312K->350456K(557056K), 0.0016144 secs] [Times: user=0.01 sys=0.00, real=0.01 secs] 
3389.908: [GC (Allocation Failure) [PSYoungGen: 59389K->1533K(59904K)] 408312K->350456K(557056K), 0.0016300 secs] [Times: user=0.01 sys=0.00, real=0.00 secs] 
3390.226: [GC (Allocation Failure) [PSYoungGen: 59389K->1488K(59904K)] 408312K->350411K(557056K), 0.0017692 secs] [Times: user=0.01 sys=0.00, real=0.00 secs] 
3390.467: [GC (Allocation Failure) [PSYoungGen: 59344K->1344K(59904K)] 408267K->350267K(557056K), 0.0018576 secs] [Times: user=0.01 sys=0.00, real=0.00 secs] 
3390.707: [GC (Allocation Failure) [PSYoungGen: 59200K->1376K(59904K)] 408123K->350299K(557056K), 0.0019233 secs] [Times: user=0.01 sys=0.00, real=0.00 secs] 
3391.011: [GC (Allocation Failure) [PSYoungGen: 59232K->1376K(59904K)] 408155K->350299K(557056K), 0.0019069 secs] [Times: user=0.00 sys=0.00, real=0.01 secs] 
3391.473: [GC (Allocation Failure) [PSYoungGen: 59232K->1344K(59904K)] 408155K->350267K(557056K), 0.0021108 secs] [Times: user=0.01 sys=0.00, real=0.00 secs] 
3391.932: [GC (Allocation Failure) [PSYoungGen: 59197K->1533K(59904K)] 408121K->350456K(557056K), 0.0015331 secs] [Times: user=0.00 sys=0.00, real=0.00 secs] 
3392.335: [GC (Allocation Failure) [PSYoungGen: 59389K->1565K(59904K)] 408312K->350504K(557056K), 0.0016130 secs] [Times: user=0.00 sys=0.00, real=0.00 secs] 
3392.730: [GC (Allocation Failure) [PSYoungGen: 59421K->1565K(59904K)] 408360K->350504K(557056K), 0.0017543 secs] [Times: user=0.01 sys=0.00, real=0.00 secs] 
3393.130: [GC (Allocation Failure) [PSYoungGen: 59421K->1584K(59904K)] 408360K->350523K(557056K), 0.0017044 secs] [Times: user=0.01 sys=0.00, real=0.01 secs] 
3393.630: [GC (Allocation Failure) [PSYoungGen: 59440K->1488K(59904K)] 408379K->350427K(557056K), 0.0029818 secs] [Times: user=0.01 sys=0.01, real=0.01 secs] 
3394.208: [GC (Allocation Failure) [PSYoungGen: 59344K->1376K(59904K)] 408283K->350331K(557056K), 0.0024600 secs] [Times: user=0.01 sys=0.00, real=0.00 secs] 
3394.741: [GC (Allocation Failure) [PSYoungGen: 59232K->1376K(59904K)] 408187K->350331K(557056K), 0.0026592 secs] [Times: user=0.02 sys=0.00, real=0.01 secs] 
3395.468: [GC (Allocation Failure) [PSYoungGen: 59232K->1376K(59904K)] 408187K->350331K(557056K), 0.0027782 secs] [Times: user=0.01 sys=0.00, real=0.00 secs] 
3396.177: [GC (Allocation Failure) [PSYoungGen: 59232K->1376K(59904K)] 408187K->350331K(557056K), 0.0030974 secs] [Times: user=0.01 sys=0.00, real=0.00 secs] 
3396.803: [GC (Allocation Failure) [PSYoungGen: 59232K->1485K(59904K)] 408187K->350440K(557056K), 0.0016365 secs] [Times: user=0.01 sys=0.00, real=0.00 secs] 
3397.141: [GC (Allocation Failure) [PSYoungGen: 59341K->1581K(59904K)] 408296K->350544K(557056K), 0.0015816 secs] [Times: user=0.01 sys=0.00, real=0.01 secs] 
3397.478: [GC (Allocation Failure) [PSYoungGen: 59437K->1536K(59904K)] 408400K->350499K(557056K), 0.0017943 secs] [Times: user=0.01 sys=0.00, real=0.00 secs] 
3397.815: [GC (Allocation Failure) [PSYoungGen: 59392K->1504K(59904K)] 408355K->350467K(557056K), 0.0015223 secs] [Times: user=0.01 sys=0.00, real=0.00 secs] 
3398.174: [GC (Allocation Failure) [PSYoungGen: 59360K->1488K(59904K)] 408323K->350451K(557056K), 0.0017543 secs] [Times: user=0.00 sys=0.01, real=0.00 secs] 
3398.492: [GC (Allocation Failure) [PSYoungGen: 59344K->1344K(59904K)] 408307K->350307K(557056K), 0.0019920 secs] [Times: user=0.00 sys=0.00, real=0.00 secs] 
3398.888: [GC (Allocation Failure) [PSYoungGen: 59200K->1376K(59904K)] 408163K->350339K(557056K), 0.0018758 secs] [Times: user=0.01 sys=0.00, real=0.00 secs] 
3399.352: [GC (Allocation Failure) [PSYoungGen: 59232K->1376K(59904K)] 408195K->350339K(557056K), 0.0019600 secs] [Times: user=0.01 sys=0.00, real=0.00 secs] 
3399.808: [GC (Allocation Failure) [PSYoungGen: 59232K->1376K(59904K)] 408195K->350339K(557056K), 0.0033057 secs] [Times: user=0.01 sys=0.00, real=0.00 secs] 
3400.316: [GC (Allocation Failure) [PSYoungGen: 59232K->1488K(59904K)] 408195K->350451K(557056K), 0.0014384 secs] [Times: user=0.01 sys=0.00, real=0.00 secs] 
3400.658: [GC (Allocation Failure) [PSYoungGen: 59344K->1552K(59904K)] 408307K->350531K(557056K), 0.0016096 secs] [Times: user=0.01 sys=0.00, real=0.00 secs] 
3400.994: [GC (Allocation Failure) [PSYoungGen: 59408K->1552K(59904K)] 408387K->350531K(557056K), 0.0015210 secs] [Times: user=0.00 sys=0.00, real=0.00 secs] 
3401.390: [GC (Allocation Failure) [PSYoungGen: 59408K->1520K(59904K)] 408387K->350499K(557056K), 0.0015593 secs] [Times: user=0.00 sys=0.00, real=0.00 secs] 
3401.768: [GC (Allocation Failure) [PSYoungGen: 59376K->1456K(59904K)] 408355K->350435K(557056K), 0.0016001 secs] [Times: user=0.00 sys=0.00, real=0.00 secs] 
3402.061: [GC (Allocation Failure) [PSYoungGen: 59312K->1408K(59904K)] 408291K->350387K(557056K), 0.0024522 secs] [Times: user=0.01 sys=0.00, real=0.01 secs] 
3402.400: [GC (Allocation Failure) [PSYoungGen: 59264K->1392K(59904K)] 408243K->350371K(557056K), 0.0019031 secs] [Times: user=0.01 sys=0.00, real=0.01 secs] 
3403.061: [GC (Allocation Failure) [PSYoungGen: 59248K->1408K(59904K)] 408227K->350387K(557056K), 0.0033500 secs] [Times: user=0.02 sys=0.00, real=0.01 secs] 
3403.687: [GC (Allocation Failure) [PSYoungGen: 59264K->1376K(59904K)] 408243K->350355K(557056K), 0.0036987 secs] [Times: user=0.02 sys=0.00, real=0.00 secs] 
3404.371: [GC (Allocation Failure) [PSYoungGen: 59232K->1485K(59904K)] 408211K->350464K(557056K), 0.0020118 secs] [Times: user=0.01 sys=0.00, real=0.01 secs] 
3404.723: [GC (Allocation Failure) [PSYoungGen: 59315K->1565K(59904K)] 408294K->350568K(557056K), 0.0015791 secs] [Times: user=0.01 sys=0.00, real=0.00 secs] 
3405.061: [GC (Allocation Failure) [PSYoungGen: 59421K->1552K(59904K)] 408424K->350555K(557056K), 0.0016083 secs] [Times: user=0.01 sys=0.00, real=0.01 secs] 
3405.398: [GC (Allocation Failure) [PSYoungGen: 59408K->1517K(59904K)] 408411K->350520K(557056K), 0.0015866 secs] [Times: user=0.00 sys=0.00, real=0.00 secs] 
3405.768: [GC (Allocation Failure) [PSYoungGen: 59373K->1728K(59904K)] 408376K->350731K(557056K), 0.0019231 secs] [Times: user=0.00 sys=0.01, real=0.00 secs] 
3406.053: [GC (Allocation Failure) [PSYoungGen: 59584K->1376K(59904K)] 408587K->350379K(557056K), 0.0018313 secs] [Times: user=0.01 sys=0.00, real=0.00 secs] 
3406.347: [GC (Allocation Failure) [PSYoungGen: 59232K->1408K(59904K)] 408235K->350411K(557056K), 0.0016579 secs] [Times: user=0.01 sys=0.00, real=0.00 secs] 
3406.650: [GC (Allocation Failure) [PSYoungGen: 59264K->1408K(59904K)] 408267K->350411K(557056K), 0.0018361 secs] [Times: user=0.01 sys=0.00, real=0.01 secs] 
3407.185: [GC (Allocation Failure) [PSYoungGen: 59264K->1408K(59904K)] 408267K->350411K(557056K), 0.0028065 secs] [Times: user=0.01 sys=0.00, real=0.00 secs] 
3407.792: [GC (Allocation Failure) [PSYoungGen: 59264K->1392K(59904K)] 408267K->350395K(557056K), 0.0016771 secs] [Times: user=0.01 sys=0.00, real=0.00 secs] 
3408.143: [GC (Allocation Failure) [PSYoungGen: 59232K->1533K(59904K)] 408235K->350544K(557056K), 0.0015669 secs] [Times: user=0.00 sys=0.00, real=0.00 secs] 
3408.481: [GC (Allocation Failure) [PSYoungGen: 59389K->1581K(59904K)] 408400K->350592K(557056K), 0.0016415 secs] [Times: user=0.00 sys=0.00, real=0.01 secs] 
3408.818: [GC (Allocation Failure) [PSYoungGen: 59437K->1581K(59904K)] 408448K->350592K(557056K), 0.0016201 secs] [Times: user=0.00 sys=0.00, real=0.00 secs] 
3409.213: [GC (Allocation Failure) [PSYoungGen: 59349K->320K(59904K)] 408360K->349331K(557056K), 0.0014733 secs] [Times: user=0.01 sys=0.00, real=0.00 secs] 
3409.784: [GC (Allocation Failure) [PSYoungGen: 58176K->1376K(59904K)] 407187K->350387K(557056K), 0.0020173 secs] [Times: user=0.00 sys=0.00, real=0.00 secs] 
3410.026: [GC (Allocation Failure) [PSYoungGen: 59232K->1376K(59904K)] 408243K->350387K(557056K), 0.0019054 secs] [Times: user=0.00 sys=0.00, real=0.00 secs] 
3410.291: [GC (Allocation Failure) [PSYoungGen: 59232K->1376K(59904K)] 408243K->350387K(557056K), 0.0018959 secs] [Times: user=0.00 sys=0.00, real=0.01 secs] 
3410.531: [GC (Allocation Failure) [PSYoungGen: 59232K->1376K(59904K)] 408243K->350387K(557056K), 0.0052040 secs] [Times: user=0.02 sys=0.00, real=0.01 secs] 
3410.838: [GC (Allocation Failure) [PSYoungGen: 59232K->1392K(59904K)] 408243K->350403K(557056K), 0.0015436 secs] [Times: user=0.01 sys=0.00, real=0.00 secs] 
3411.178: [GC (Allocation Failure) [PSYoungGen: 59224K->1549K(59904K)] 408235K->350568K(557056K), 0.0016789 secs] [Times: user=0.00 sys=0.00, real=0.00 secs] 
3411.516: [GC (Allocation Failure) [PSYoungGen: 59405K->1533K(59904K)] 408424K->350552K(557056K), 0.0016266 secs] [Times: user=0.01 sys=0.00, real=0.00 secs] 
3411.852: [GC (Allocation Failure) [PSYoungGen: 59389K->1565K(59904K)] 408408K->350584K(557056K), 0.0016396 secs] [Times: user=0.00 sys=0.00, real=0.01 secs] 
3412.189: [GC (Allocation Failure) [PSYoungGen: 59421K->1565K(59904K)] 408440K->350584K(557056K), 0.0016671 secs] [Times: user=0.01 sys=0.00, real=0.00 secs] 
3413.096: [GC (Allocation Failure) [PSYoungGen: 59421K->1376K(59904K)] 408440K->350395K(557056K), 0.0034505 secs] [Times: user=0.02 sys=0.00, real=0.00 secs] 
3413.866: [GC (Allocation Failure) [PSYoungGen: 59232K->1408K(59904K)] 408251K->350427K(557056K), 0.0027340 secs] [Times: user=0.01 sys=0.00, real=0.00 secs] 
3414.347: [GC (Allocation Failure) [PSYoungGen: 59264K->1344K(59904K)] 408283K->350379K(557056K), 0.0026383 secs] [Times: user=0.01 sys=0.00, real=0.00 secs] 
3414.847: [GC (Allocation Failure) [PSYoungGen: 59200K->1344K(59904K)] 408235K->350379K(557056K), 0.0027955 secs] [Times: user=0.01 sys=0.00, real=0.00 secs] 
3415.352: [GC (Allocation Failure) [PSYoungGen: 59168K->1469K(59904K)] 408203K->350504K(557056K), 0.0022224 secs] [Times: user=0.01 sys=0.00, real=0.00 secs] 
3415.735: [GC (Allocation Failure) [PSYoungGen: 59325K->1581K(59904K)] 408360K->350624K(557056K), 0.0016188 secs] [Times: user=0.00 sys=0.00, real=0.00 secs] 
3416.073: [GC (Allocation Failure) [PSYoungGen: 59419K->1549K(59904K)] 408462K->350600K(557056K), 0.0015180 secs] [Times: user=0.01 sys=0.00, real=0.00 secs] 
3416.410: [GC (Allocation Failure) [PSYoungGen: 59405K->1597K(59904K)] 408456K->350648K(557056K), 0.0017496 secs] [Times: user=0.01 sys=0.00, real=0.01 secs] 
3416.747: [GC (Allocation Failure) [PSYoungGen: 59453K->1549K(59904K)] 408504K->350600K(557056K), 0.0014882 secs] [Times: user=0.01 sys=0.00, real=0.00 secs] 
3417.240: [GC (Allocation Failure) [PSYoungGen: 59405K->1456K(59904K)] 408456K->350507K(557056K), 0.0017802 secs] [Times: user=0.01 sys=0.00, real=0.01 secs] 
3417.697: [GC (Allocation Failure) [PSYoungGen: 59312K->1408K(59904K)] 408363K->350459K(557056K), 0.0018161 secs] [Times: user=0.01 sys=0.00, real=0.00 secs] 
3418.155: [GC (Allocation Failure) [PSYoungGen: 59264K->1408K(59904K)] 408315K->350459K(557056K), 0.0023356 secs] [Times: user=0.01 sys=0.00, real=0.00 secs] 
3418.925: [GC (Allocation Failure) [PSYoungGen: 59264K->1376K(59904K)] 408315K->350427K(557056K), 0.0093691 secs] [Times: user=0.04 sys=0.00, real=0.01 secs] 
3419.626: [GC (Allocation Failure) [PSYoungGen: 59232K->1408K(59904K)] 408283K->350459K(557056K), 0.0034564 secs] [Times: user=0.01 sys=0.00, real=0.00 secs] 
3420.092: [GC (Allocation Failure) [PSYoungGen: 59264K->1549K(59904K)] 408315K->350600K(557056K), 0.0016249 secs] [Times: user=0.00 sys=0.00, real=0.00 secs] 
3420.431: [GC (Allocation Failure) [PSYoungGen: 59374K->1584K(59904K)] 408426K->350659K(557056K), 0.0016281 secs] [Times: user=0.00 sys=0.00, real=0.01 secs] 
3420.773: [GC (Allocation Failure) [PSYoungGen: 59440K->1552K(59904K)] 408515K->350627K(557056K), 0.0014847 secs] [Times: user=0.01 sys=0.00, real=0.00 secs] 
3421.174: [GC (Allocation Failure) [PSYoungGen: 59408K->1552K(59904K)] 408483K->350627K(557056K), 0.0016694 secs] [Times: user=0.01 sys=0.00, real=0.00 secs] 
3421.565: [GC (Allocation Failure) [PSYoungGen: 59408K->1440K(59904K)] 408483K->350515K(557056K), 0.0019911 secs] [Times: user=0.01 sys=0.00, real=0.00 secs] 
3421.806: [GC (Allocation Failure) [PSYoungGen: 59296K->1408K(59904K)] 408371K->350483K(557056K), 0.0018821 secs] [Times: user=0.01 sys=0.00, real=0.00 secs] 
3422.047: [GC (Allocation Failure) [PSYoungGen: 59264K->1360K(59904K)] 408339K->350435K(557056K), 0.0020654 secs] [Times: user=0.01 sys=0.00, real=0.00 secs] 
3422.288: [GC (Allocation Failure) [PSYoungGen: 59216K->1376K(59904K)] 408291K->350451K(557056K), 0.0019154 secs] [Times: user=0.00 sys=0.00, real=0.00 secs] 
3422.528: [GC (Allocation Failure) [PSYoungGen: 59232K->1408K(59904K)] 408307K->350483K(557056K), 0.0018560 secs] [Times: user=0.01 sys=0.00, real=0.00 secs] 
3422.931: [GC (Allocation Failure) [PSYoungGen: 59264K->1533K(59904K)] 408339K->350608K(557056K), 0.0015976 secs] [Times: user=0.00 sys=0.00, real=0.01 secs] 
3423.268: [GC (Allocation Failure) [PSYoungGen: 59389K->1568K(59904K)] 408464K->350659K(557056K), 0.0016296 secs] [Times: user=0.01 sys=0.00, real=0.00 secs] 
3423.606: [GC (Allocation Failure) [PSYoungGen: 59424K->1533K(59904K)] 408515K->350624K(557056K), 0.0016113 secs] [Times: user=0.01 sys=0.00, real=0.00 secs] 
3423.944: [GC (Allocation Failure) [PSYoungGen: 59389K->1533K(59904K)] 408480K->350640K(557056K), 0.0016781 secs] [Times: user=0.00 sys=0.00, real=0.00 secs] 
3424.507: [GC (Allocation Failure) [PSYoungGen: 59389K->1376K(59904K)] 408496K->350483K(557056K), 0.0018255 secs] [Times: user=0.00 sys=0.00, real=0.00 secs] 
3424.776: [GC (Allocation Failure) [PSYoungGen: 59232K->1376K(59904K)] 408339K->350483K(557056K), 0.0017658 secs] [Times: user=0.00 sys=0.00, real=0.00 secs] 
3425.060: [GC (Allocation Failure) [PSYoungGen: 59232K->1376K(59904K)] 408339K->350483K(557056K), 0.0030536 secs] [Times: user=0.01 sys=0.00, real=0.01 secs] 
3425.379: [GC (Allocation Failure) [PSYoungGen: 59232K->1408K(59904K)] 408339K->350515K(557056K), 0.0025110 secs] [Times: user=0.01 sys=0.00, real=0.01 secs] 
3425.757: [GC (Allocation Failure) [PSYoungGen: 59264K->1376K(59904K)] 408371K->350483K(557056K), 0.0030813 secs] [Times: user=0.01 sys=0.00, real=0.00 secs] 
3426.232: [GC (Allocation Failure) [PSYoungGen: 59214K->1501K(59904K)] 408321K->350608K(557056K), 0.0016771 secs] [Times: user=0.01 sys=0.00, real=0.00 secs] 
3426.570: [GC (Allocation Failure) [PSYoungGen: 59357K->1520K(59904K)] 408464K->350643K(557056K), 0.0016431 secs] [Times: user=0.01 sys=0.00, real=0.01 secs] 
3426.907: [GC (Allocation Failure) [PSYoungGen: 59376K->1581K(59904K)] 408499K->350704K(557056K), 0.0016274 secs] [Times: user=0.01 sys=0.00, real=0.00 secs] 
3427.244: [GC (Allocation Failure) [PSYoungGen: 59437K->1613K(59904K)] 408560K->350736K(557056K), 0.0015781 secs] [Times: user=0.00 sys=0.00, real=0.00 secs] 
3427.555: [GC (Allocation Failure) [PSYoungGen: 59469K->1424K(59904K)] 408592K->350547K(557056K), 0.0025186 secs] [Times: user=0.01 sys=0.00, real=0.00 secs] 
3427.797: [GC (Allocation Failure) [PSYoungGen: 59280K->1376K(59904K)] 408403K->350499K(557056K), 0.0020324 secs] [Times: user=0.00 sys=0.00, real=0.00 secs] 
3428.037: [GC (Allocation Failure) [PSYoungGen: 59232K->1360K(59904K)] 408355K->350483K(557056K), 0.0019575 secs] [Times: user=0.01 sys=0.00, real=0.00 secs] 
3428.278: [GC (Allocation Failure) [PSYoungGen: 59216K->1376K(59904K)] 408339K->350499K(557056K), 0.0020288 secs] [Times: user=0.00 sys=0.00, real=0.00 secs] 
3428.527: [GC (Allocation Failure) [PSYoungGen: 59232K->1424K(59904K)] 408355K->350547K(557056K), 0.0019379 secs] [Times: user=0.01 sys=0.00, real=0.00 secs] 
3428.938: [GC (Allocation Failure) [PSYoungGen: 59280K->1533K(59904K)] 408403K->350656K(557056K), 0.0015351 secs] [Times: user=0.01 sys=0.01, real=0.00 secs] 
3429.279: [GC (Allocation Failure) [PSYoungGen: 59389K->1549K(59904K)] 408512K->350688K(557056K), 0.0017192 secs] [Times: user=0.01 sys=0.00, real=0.00 secs] 
3429.615: [GC (Allocation Failure) [PSYoungGen: 59405K->1565K(59904K)] 408544K->350704K(557056K), 0.0016726 secs] [Times: user=0.01 sys=0.00, real=0.00 secs] 
3429.952: [GC (Allocation Failure) [PSYoungGen: 59421K->1581K(59904K)] 408560K->350720K(557056K), 0.0016983 secs] [Times: user=0.00 sys=0.00, real=0.00 secs] 
3430.356: [GC (Allocation Failure) [PSYoungGen: 59437K->1456K(59904K)] 408576K->350595K(557056K), 0.0018008 secs] [Times: user=0.01 sys=0.00, real=0.00 secs] 
3430.833: [GC (Allocation Failure) [PSYoungGen: 59312K->1376K(59904K)] 408451K->350515K(557056K), 0.0017262 secs] [Times: user=0.01 sys=0.00, real=0.00 secs] 
3431.293: [GC (Allocation Failure) [PSYoungGen: 59232K->1408K(59904K)] 408371K->350547K(557056K), 0.0021182 secs] [Times: user=0.01 sys=0.00, real=0.00 secs] 
3431.740: [GC (Allocation Failure) [PSYoungGen: 59264K->1408K(59904K)] 408403K->350547K(557056K), 0.0023222 secs] [Times: user=0.00 sys=0.00, real=0.01 secs] 
3432.166: [GC (Allocation Failure) [PSYoungGen: 59264K->1440K(59904K)] 408403K->350579K(557056K), 0.0030646 secs] [Times: user=0.01 sys=0.00, real=0.00 secs] 
3432.614: [GC (Allocation Failure) [PSYoungGen: 59284K->1501K(59904K)] 408424K->350640K(557056K), 0.0015528 secs] [Times: user=0.01 sys=0.00, real=0.00 secs] 
3432.950: [GC (Allocation Failure) [PSYoungGen: 59357K->1568K(59904K)] 408496K->350723K(557056K), 0.0016002 secs] [Times: user=0.01 sys=0.00, real=0.00 secs] 
3433.288: [GC (Allocation Failure) [PSYoungGen: 59424K->1565K(59904K)] 408579K->350720K(557056K), 0.0016215 secs] [Times: user=0.01 sys=0.00, real=0.00 secs] 
3433.625: [GC (Allocation Failure) [PSYoungGen: 59421K->1613K(59904K)] 408576K->350768K(557056K), 0.0017011 secs] [Times: user=0.00 sys=0.00, real=0.00 secs] 
3434.073: [GC (Allocation Failure) [PSYoungGen: 59469K->1488K(59904K)] 408624K->350659K(557056K), 0.0018549 secs] [Times: user=0.01 sys=0.00, real=0.00 secs] 
3434.734: [GC (Allocation Failure) [PSYoungGen: 59344K->1328K(59904K)] 408515K->350499K(557056K), 0.0018915 secs] [Times: user=0.01 sys=0.00, real=0.00 secs] 
3435.267: [GC (Allocation Failure) [PSYoungGen: 59184K->1376K(59904K)] 408355K->350547K(557056K), 0.0021777 secs] [Times: user=0.01 sys=0.00, real=0.00 secs] 
3435.987: [GC (Allocation Failure) [PSYoungGen: 59232K->1376K(59904K)] 408403K->350547K(557056K), 0.0025588 secs] [Times: user=0.01 sys=0.01, real=0.00 secs] 
3436.631: [GC (Allocation Failure) [PSYoungGen: 59232K->1376K(59904K)] 408403K->350547K(557056K), 0.0023851 secs] [Times: user=0.01 sys=0.00, real=0.01 secs] 
3437.118: [GC (Allocation Failure) [PSYoungGen: 59232K->1501K(59904K)] 408403K->350672K(557056K), 0.0016447 secs] [Times: user=0.00 sys=0.00, real=0.00 secs] 
3437.455: [GC (Allocation Failure) [PSYoungGen: 59357K->1549K(59904K)] 408528K->350728K(557056K), 0.0016670 secs] [Times: user=0.00 sys=0.00, real=0.00 secs] 
3437.792: [GC (Allocation Failure) [PSYoungGen: 59405K->1581K(59904K)] 408584K->350760K(557056K), 0.0016989 secs] [Times: user=0.00 sys=0.00, real=0.00 secs] 
3438.129: [GC (Allocation Failure) [PSYoungGen: 59437K->1568K(59904K)] 408616K->350747K(557056K), 0.0016359 secs] [Times: user=0.01 sys=0.00, real=0.00 secs] 
3438.608: [GC (Allocation Failure) [PSYoungGen: 59424K->1488K(59904K)] 408603K->350667K(557056K), 0.0019898 secs] [Times: user=0.01 sys=0.00, real=0.00 secs] 
3439.466: [GC (Allocation Failure) [PSYoungGen: 59344K->1408K(59904K)] 408523K->350587K(557056K), 0.0028616 secs] [Times: user=0.01 sys=0.00, real=0.00 secs] 
3440.564: [GC (Allocation Failure) [PSYoungGen: 59264K->1440K(59904K)] 408443K->350619K(557056K), 0.0034741 secs] [Times: user=0.01 sys=0.01, real=0.00 secs] 
3441.500: [GC (Allocation Failure) [PSYoungGen: 59296K->1408K(59904K)] 408475K->350587K(557056K), 0.0030976 secs] [Times: user=0.01 sys=0.00, real=0.01 secs] 
3442.409: [GC (Allocation Failure) [PSYoungGen: 59264K->1376K(59904K)] 408443K->350555K(557056K), 0.0026878 secs] [Times: user=0.01 sys=0.00, real=0.00 secs] 
3442.904: [GC (Allocation Failure) [PSYoungGen: 59227K->1520K(59904K)] 408406K->350699K(557056K), 0.0015659 secs] [Times: user=0.00 sys=0.00, real=0.00 secs] 
3443.241: [GC (Allocation Failure) [PSYoungGen: 59376K->1565K(59904K)] 408555K->350760K(557056K), 0.0016639 secs] [Times: user=0.01 sys=0.00, real=0.01 secs] 
3443.637: [GC (Allocation Failure) [PSYoungGen: 59421K->1565K(59904K)] 408616K->350760K(557056K), 0.0016390 secs] [Times: user=0.00 sys=0.00, real=0.00 secs] 
3443.975: [GC (Allocation Failure) [PSYoungGen: 59421K->1581K(59904K)] 408616K->350776K(557056K), 0.0016953 secs] [Times: user=0.01 sys=0.00, real=0.00 secs] 
3444.330: [GC (Allocation Failure) [PSYoungGen: 59437K->1488K(59904K)] 408632K->350683K(557056K), 0.0018655 secs] [Times: user=0.01 sys=0.00, real=0.00 secs] 
3444.600: [GC (Allocation Failure) [PSYoungGen: 59344K->1376K(59904K)] 408539K->350571K(557056K), 0.0019315 secs] [Times: user=0.01 sys=0.00, real=0.01 secs] 
3444.869: [GC (Allocation Failure) [PSYoungGen: 59232K->1376K(59904K)] 408427K->350571K(557056K), 0.0019560 secs] [Times: user=0.01 sys=0.00, real=0.00 secs] 
3445.208: [GC (Allocation Failure) [PSYoungGen: 59232K->1376K(59904K)] 408427K->350571K(557056K), 0.0021563 secs] [Times: user=0.01 sys=0.01, real=0.00 secs] 
3445.456: [GC (Allocation Failure) [PSYoungGen: 59232K->1344K(59904K)] 408427K->350539K(557056K), 0.0019507 secs] [Times: user=0.01 sys=0.00, real=0.00 secs] 
3445.767: [GC (Allocation Failure) [PSYoungGen: 59200K->1485K(59904K)] 408395K->350704K(557056K), 0.0014382 secs] [Times: user=0.01 sys=0.00, real=0.00 secs] 
3446.105: [GC (Allocation Failure) [PSYoungGen: 59341K->1549K(59904K)] 408560K->350776K(557056K), 0.0014865 secs] [Times: user=0.01 sys=0.00, real=0.00 secs] 
3446.446: [GC (Allocation Failure) [PSYoungGen: 59405K->1536K(59904K)] 408632K->350763K(557056K), 0.0015811 secs] [Times: user=0.00 sys=0.00, real=0.00 secs] 
3446.783: [GC (Allocation Failure) [PSYoungGen: 59392K->1549K(59904K)] 408619K->350776K(557056K), 0.0016171 secs] [Times: user=0.00 sys=0.00, real=0.00 secs] 
3447.339: [GC (Allocation Failure) [PSYoungGen: 59405K->1488K(59904K)] 408632K->350715K(557056K), 0.0018504 secs] [Times: user=0.01 sys=0.00, real=0.00 secs] 
3447.649: [GC (Allocation Failure) [PSYoungGen: 59344K->1344K(59904K)] 408571K->350571K(557056K), 0.0019463 secs] [Times: user=0.01 sys=0.00, real=0.00 secs] 
3447.890: [GC (Allocation Failure) [PSYoungGen: 59200K->1376K(59904K)] 408427K->350603K(557056K), 0.0019388 secs] [Times: user=0.01 sys=0.00, real=0.01 secs] 
3448.276: [GC (Allocation Failure) [PSYoungGen: 59232K->1376K(59904K)] 408459K->350603K(557056K), 0.0018742 secs] [Times: user=0.01 sys=0.00, real=0.00 secs] 
3448.516: [GC (Allocation Failure) [PSYoungGen: 59232K->1408K(59904K)] 408459K->350635K(557056K), 0.0018350 secs] [Times: user=0.01 sys=0.00, real=0.00 secs] 
3448.922: [GC (Allocation Failure) [PSYoungGen: 59264K->1485K(59904K)] 408491K->350712K(557056K), 0.0016130 secs] [Times: user=0.01 sys=0.00, real=0.00 secs] 
3449.261: [GC (Allocation Failure) [PSYoungGen: 59341K->1581K(59904K)] 408568K->350816K(557056K), 0.0016756 secs] [Times: user=0.01 sys=0.00, real=0.01 secs] 
3449.659: [GC (Allocation Failure) [PSYoungGen: 59405K->1552K(59904K)] 408641K->350787K(557056K), 0.0018220 secs] [Times: user=0.01 sys=0.00, real=0.00 secs] 
3450.000: [GC (Allocation Failure) [PSYoungGen: 59408K->1533K(59904K)] 408643K->350768K(557056K), 0.0016637 secs] [Times: user=0.01 sys=0.00, real=0.00 secs] 
3450.359: [GC (Allocation Failure) [PSYoungGen: 59389K->1968K(59904K)] 408624K->351203K(557056K), 0.0019270 secs] [Times: user=0.00 sys=0.00, real=0.00 secs] 
3450.637: [GC (Allocation Failure) [PSYoungGen: 59824K->1312K(59904K)] 409059K->350547K(557056K), 0.0024836 secs] [Times: user=0.01 sys=0.00, real=0.00 secs] 
3450.872: [GC (Allocation Failure) [PSYoungGen: 59168K->1328K(59904K)] 408403K->350563K(557056K), 0.0019771 secs] [Times: user=0.01 sys=0.00, real=0.00 secs] 
3451.190: [GC (Allocation Failure) [PSYoungGen: 59184K->1344K(59904K)] 408419K->350579K(557056K), 0.0027786 secs] [Times: user=0.01 sys=0.00, real=0.01 secs] 
3451.525: [GC (Allocation Failure) [PSYoungGen: 59185K->1552K(59904K)] 408420K->350787K(557056K), 0.0015588 secs] [Times: user=0.01 sys=0.00, real=0.00 secs] 
3451.764: [GC (Allocation Failure) [PSYoungGen: 59408K->1533K(59904K)] 408643K->350768K(557056K), 0.0015928 secs] [Times: user=0.01 sys=0.00, real=0.00 secs] 
3451.998: [GC (Allocation Failure) [PSYoungGen: 59389K->1581K(59904K)] 408624K->350824K(557056K), 0.0016770 secs] [Times: user=0.01 sys=0.00, real=0.00 secs] 
3452.232: [GC (Allocation Failure) [PSYoungGen: 59437K->1533K(59904K)] 408680K->350776K(557056K), 0.0016690 secs] [Times: user=0.00 sys=0.00, real=0.00 secs] 
3452.520: [GC (Allocation Failure) [PSYoungGen: 59389K->1920K(59904K)] 408632K->351171K(557056K), 0.0046726 secs] [Times: user=0.02 sys=0.00, real=0.01 secs] 
3453.776: [GC (Allocation Failure) [PSYoungGen: 59776K->2016K(59904K)] 409027K->356876K(557056K), 0.0104853 secs] [Times: user=0.04 sys=0.01, real=0.01 secs] 
3461.258: [GC (Allocation Failure) [PSYoungGen: 59872K->4576K(57856K)] 414732K->371069K(555008K), 0.0310963 secs] [Times: user=0.11 sys=0.06, real=0.03 secs] 
3466.868: [GC (Allocation Failure) [PSYoungGen: 57824K->9184K(62464K)] 424317K->390229K(559616K), 0.0321335 secs] [Times: user=0.16 sys=0.02, real=0.03 secs] 
3467.055: [GC (Allocation Failure) [PSYoungGen: 62432K->16352K(61440K)] 443477K->411989K(558592K), 0.0266099 secs] [Times: user=0.06 sys=0.08, real=0.03 secs] 
3467.160: [GC (Allocation Failure) [PSYoungGen: 61408K->24544K(69632K)] 457045K->430957K(566784K), 0.0103883 secs] [Times: user=0.05 sys=0.01, real=0.01 secs] 
3467.231: [GC (Allocation Failure) [PSYoungGen: 69600K->33248K(76288K)] 476013K->450133K(573440K), 0.0122423 secs] [Times: user=0.06 sys=0.01, real=0.02 secs] 
3467.289: [GC (Allocation Failure) [PSYoungGen: 76256K->42976K(86016K)] 493141K->467797K(583168K), 0.0127727 secs] [Times: user=0.07 sys=0.00, real=0.01 secs] 
3467.358: [GC (Allocation Failure) [PSYoungGen: 85984K->53728K(92672K)] 510805K->485954K(589824K), 0.0158923 secs] [Times: user=0.08 sys=0.02, real=0.02 secs] 
3467.436: [GC (Allocation Failure) [PSYoungGen: 92640K->66016K(104960K)] 524866K->502474K(602112K), 0.0210929 secs] [Times: user=0.12 sys=0.00, real=0.02 secs] 
3467.533: [GC (Allocation Failure) [PSYoungGen: 104928K->79840K(111616K)] 541386K->518930K(608768K), 0.0608703 secs] [Times: user=0.08 sys=0.20, real=0.06 secs] 
3467.659: [GC (Allocation Failure) [PSYoungGen: 111584K->87040K(126464K)] 550674K->532722K(623616K), 0.0276656 secs] [Times: user=0.16 sys=0.00, real=0.03 secs] 
3467.753: [GC (Allocation Failure) [PSYoungGen: 118784K->59360K(146944K)] 580850K->553550K(644096K), 0.1317462 secs] [Times: user=0.77 sys=0.02, real=0.13 secs] 
3467.885: [Full GC (Ergonomics) [PSYoungGen: 59360K->0K(146944K)] [ParOldGen: 494190K->212289K(512000K)] 553550K->212289K(658944K), [Metaspace: 59883K->59786K(1105920K)], 0.4658810 secs] [Times: user=2.04 sys=0.00, real=0.46 secs] 
3475.358: [GC (Allocation Failure) [PSYoungGen: 37888K->12800K(147456K)] 250177K->225089K(659456K), 0.0514864 secs] [Times: user=0.30 sys=0.00, real=0.05 secs] 
3475.525: [GC (Allocation Failure) [PSYoungGen: 50688K->28736K(141824K)] 262977K->241025K(653824K), 0.0594757 secs] [Times: user=0.35 sys=0.00, real=0.06 secs] 
3476.315: [GC (Allocation Failure) [PSYoungGen: 74304K->23776K(147456K)] 286593K->264657K(659456K), 0.0443805 secs] [Times: user=0.26 sys=0.00, real=0.04 secs] 
3476.618: [GC (Allocation Failure) [PSYoungGen: 69344K->253K(151552K)] 310225K->256511K(663552K), 0.0197242 secs] [Times: user=0.11 sys=0.00, real=0.02 secs] 
3476.844: [GC (Allocation Failure) [PSYoungGen: 55037K->3904K(152064K)] 311295K->260201K(664064K), 0.0023782 secs] [Times: user=0.01 sys=0.00, real=0.00 secs] 
3476.925: [GC (Allocation Failure) [PSYoungGen: 58688K->18624K(151040K)] 314985K->278421K(663040K), 0.0053519 secs] [Times: user=0.03 sys=0.00, real=0.00 secs] 
3477.188: [GC (Allocation Failure) [PSYoungGen: 84160K->27584K(156160K)] 343957K->304765K(668160K), 0.0211749 secs] [Times: user=0.12 sys=0.00, real=0.02 secs] 
3477.351: [GC (GCLocker Initiated GC) [PSYoungGen: 93120K->27808K(152064K)] 370301K->330361K(664064K), 0.0216202 secs] [Times: user=0.12 sys=0.00, real=0.03 secs] 
3477.477: [GC (Allocation Failure) [PSYoungGen: 106144K->44928K(157184K)] 408764K->370700K(669184K), 0.0163005 secs] [Times: user=0.09 sys=0.00, real=0.02 secs] 
3477.595: [GC (Allocation Failure) [PSYoungGen: 123264K->33216K(165888K)] 449036K->395660K(677888K), 0.0235623 secs] [Times: user=0.14 sys=0.00, real=0.02 secs] 
3477.855: [GC (Allocation Failure) [PSYoungGen: 126400K->39200K(169472K)] 488844K->434868K(681472K), 0.0978679 secs] [Times: user=0.58 sys=0.00, real=0.10 secs] 
3478.057: [GC (GCLocker Initiated GC) [PSYoungGen: 132384K->46912K(185344K)] 528052K->481700K(697344K), 0.0328257 secs] [Times: user=0.17 sys=0.01, real=0.03 secs] 
3479.011: [GC (Allocation Failure) [PSYoungGen: 156992K->25056K(186880K)] 591782K->506446K(698880K), 0.0317099 secs] [Times: user=0.18 sys=0.01, real=0.04 secs] 
3479.043: [Full GC (Ergonomics) [PSYoungGen: 25056K->0K(186880K)] [ParOldGen: 481390K->252083K(601088K)] 506446K->252083K(787968K), [Metaspace: 60003K->60003K(1105920K)], 0.6235422 secs] [Times: user=2.65 sys=0.00, real=0.62 secs] 
3482.140: [GC (Allocation Failure) [PSYoungGen: 110080K->20096K(195584K)] 362163K->272179K(796672K), 0.0165915 secs] [Times: user=0.09 sys=0.00, real=0.02 secs] 
3483.708: [GC (Allocation Failure) [PSYoungGen: 149120K->51424K(200192K)] 401203K->320576K(801280K), 0.0226747 secs] [Times: user=0.12 sys=0.00, real=0.02 secs] 
3483.888: [GC (Allocation Failure) [PSYoungGen: 180448K->58304K(220672K)] 449600K->373648K(821760K), 0.0374726 secs] [Times: user=0.16 sys=0.05, real=0.04 secs] 
3484.145: [GC (Allocation Failure) [PSYoungGen: 203627K->61632K(225792K)] 518972K->435176K(826880K), 0.0354734 secs] [Times: user=0.21 sys=0.00, real=0.03 secs] 
3484.986: [GC (Allocation Failure) [PSYoungGen: 206467K->85472K(214528K)] 580012K->536380K(815616K), 0.0719957 secs] [Times: user=0.25 sys=0.06, real=0.07 secs] 
3485.428: [GC (Allocation Failure) [PSYoungGen: 214146K->13984K(256000K)] 665055K->513596K(857088K), 0.0376525 secs] [Times: user=0.20 sys=0.02, real=0.04 secs] 
3486.118: [GC (Allocation Failure) [PSYoungGen: 143008K->52224K(264192K)] 642620K->564568K(865280K), 0.0231104 secs] [Times: user=0.12 sys=0.01, real=0.02 secs] 
3486.399: [GC (Allocation Failure) [PSYoungGen: 202752K->66400K(270336K)] 715096K->626460K(871424K), 0.0325813 secs] [Times: user=0.17 sys=0.02, real=0.04 secs] 
3486.432: [Full GC (Ergonomics) [PSYoungGen: 66400K->0K(270336K)] [ParOldGen: 560060K->141009K(543232K)] 626460K->141009K(813568K), [Metaspace: 60015K->60015K(1105920K)], 0.3172387 secs] [Times: user=1.44 sys=0.00, real=0.31 secs] 
3486.919: [GC (Allocation Failure) [PSYoungGen: 135003K->57344K(285184K)] 276012K->198353K(828416K), 0.0750856 secs] [Times: user=0.44 sys=0.01, real=0.08 secs] 
3489.030: [GC (Allocation Failure) [PSYoungGen: 231936K->64768K(290304K)] 372945K->263073K(833536K), 0.0445472 secs] [Times: user=0.27 sys=0.00, real=0.05 secs] 
3489.383: [GC (GCLocker Initiated GC) [PSYoungGen: 239360K->41216K(309248K)] 437665K->304257K(852480K), 0.0550144 secs] [Times: user=0.32 sys=0.01, real=0.05 secs] 
3489.720: [GC (Allocation Failure) [PSYoungGen: 243968K->85568K(312832K)] 507048K->386491K(856064K), 0.0295273 secs] [Times: user=0.17 sys=0.00, real=0.03 secs] 
3490.647: [GC (Allocation Failure) [PSYoungGen: 288320K->94752K(343552K)] 589243K->472815K(886784K), 0.1135259 secs] [Times: user=0.56 sys=0.12, real=0.11 secs] 
3492.376: [GC (Allocation Failure) [PSYoungGen: 321056K->50432K(352256K)] 699119K->523039K(895488K), 0.0452992 secs] [Times: user=0.27 sys=0.00, real=0.05 secs] 
3492.422: [Full GC (Ergonomics) [PSYoungGen: 50432K->0K(352256K)] [ParOldGen: 472607K->35954K(488960K)] 523039K->35954K(841216K), [Metaspace: 60020K->60020K(1105920K)], 0.0689100 secs] [Times: user=0.24 sys=0.00, real=0.06 secs] 
3492.827: [GC (Allocation Failure) [PSYoungGen: 226304K->92800K(374272K)] 262258K->128755K(863232K), 0.0223843 secs] [Times: user=0.11 sys=0.02, real=0.02 secs] 
3493.203: [GC (Allocation Failure) [PSYoungGen: 346752K->115264K(381440K)] 382707K->234599K(870400K), 0.0498483 secs] [Times: user=0.29 sys=0.01, real=0.05 secs] 
3494.835: [GC (Allocation Failure) [PSYoungGen: 369216K->57824K(420352K)] 488551K->291959K(909312K), 0.0722298 secs] [Times: user=0.42 sys=0.01, real=0.07 secs] 
3495.262: [GC (Allocation Failure) [PSYoungGen: 351200K->123744K(428032K)] 585335K->411895K(916992K), 0.0383680 secs] [Times: user=0.22 sys=0.00, real=0.03 secs] 
3496.494: [GC (Allocation Failure) [PSYoungGen: 417120K->95616K(487936K)] 705271K->498408K(976896K), 0.0993046 secs] [Times: user=0.33 sys=0.16, real=0.10 secs] 
3496.593: [Full GC (Ergonomics) [PSYoungGen: 95616K->0K(487936K)] [ParOldGen: 402791K->18553K(524288K)] 498408K->18553K(1012224K), [Metaspace: 60027K->60027K(1105920K)], 0.0269632 secs] [Times: user=0.07 sys=0.00, real=0.02 secs] 
3497.217: [GC (Allocation Failure) [PSYoungGen: 338432K->131584K(488960K)] 356985K->150137K(1013248K), 0.0346235 secs] [Times: user=0.20 sys=0.00, real=0.04 secs] 
3500.760: [GC (Allocation Failure) [PSYoungGen: 470016K->114720K(525312K)] 488569K->256109K(1049600K), 0.0653789 secs] [Times: user=0.36 sys=0.02, real=0.07 secs] 
3501.336: [GC (Allocation Failure) [PSYoungGen: 475680K->136416K(497664K)] 617069K->392477K(1021952K), 0.0545554 secs] [Times: user=0.32 sys=0.00, real=0.05 secs] 
3502.879: [GC (Allocation Failure) [PSYoungGen: 497376K->6368K(509440K)] 753437K->262585K(1033728K), 0.0035205 secs] [Times: user=0.01 sys=0.00, real=0.01 secs] 
3503.452: [GC (Allocation Failure) [PSYoungGen: 335584K->132896K(462336K)] 591801K->393913K(986624K), 0.0277959 secs] [Times: user=0.16 sys=0.00, real=0.03 secs] 
3505.040: [GC (Allocation Failure) [PSYoungGen: 462112K->112224K(505856K)] 723129K->497381K(1030144K), 0.0641118 secs] [Times: user=0.38 sys=0.00, real=0.07 secs] 
3505.104: [Full GC (Ergonomics) [PSYoungGen: 112224K->0K(505856K)] [ParOldGen: 385157K->18460K(584192K)] 497381K->18460K(1090048K), [Metaspace: 60032K->60032K(1105920K)], 0.0256706 secs] [Times: user=0.06 sys=0.00, real=0.02 secs] 
3508.012: [GC (Allocation Failure) [PSYoungGen: 311808K->124864K(436736K)] 330268K->143324K(1020928K), 0.0236914 secs] [Times: user=0.14 sys=0.00, real=0.02 secs] 
3509.196: [GC (Allocation Failure) [PSYoungGen: 435059K->167680K(466944K)] 453520K->293008K(1051136K), 0.0716076 secs] [Times: user=0.40 sys=0.02, real=0.07 secs] 
3510.024: [GC (Allocation Failure) [PSYoungGen: 438528K->72544K(484864K)] 563856K->328632K(1069056K), 0.0547214 secs] [Times: user=0.32 sys=0.00, real=0.05 secs] 
3510.452: [GC (Allocation Failure) [PSYoungGen: 338830K->115744K(470528K)] 594918K->438841K(1054720K), 0.0429343 secs] [Times: user=0.25 sys=0.00, real=0.04 secs] 
3512.405: [GC (Allocation Failure) [PSYoungGen: 393760K->79424K(481280K)] 716857K->509409K(1065472K), 0.0549456 secs] [Times: user=0.32 sys=0.01, real=0.05 secs] 
3512.460: [Full GC (Ergonomics) [PSYoungGen: 79424K->0K(481280K)] [ParOldGen: 429985K->30976K(621056K)] 509409K->30976K(1102336K), [Metaspace: 60040K->60040K(1105920K)], 0.0498791 secs] [Times: user=0.17 sys=0.00, real=0.05 secs] 
3513.081: [GC (Allocation Failure) [PSYoungGen: 278016K->112800K(483840K)] 308992K->143776K(1104896K), 0.0237611 secs] [Times: user=0.14 sys=0.00, real=0.03 secs] 
3515.117: [GC (Allocation Failure) [PSYoungGen: 412320K->123424K(491520K)] 443296K->257772K(1112576K), 0.0620176 secs] [Times: user=0.37 sys=0.01, real=0.06 secs] 
3515.694: [GC (Allocation Failure) [PSYoungGen: 422944K->89344K(492544K)] 557292K->346652K(1113600K), 0.0521282 secs] [Times: user=0.31 sys=0.00, real=0.05 secs] 
3516.160: [GC (Allocation Failure) [PSYoungGen: 404224K->138336K(499712K)] 661532K->479341K(1120768K), 0.0539424 secs] [Times: user=0.32 sys=0.00, real=0.06 secs] 
3517.675: [GC (GCLocker Initiated GC) [PSYoungGen: 453216K->81472K(509440K)] 794221K->560681K(1130496K), 0.0751141 secs] [Times: user=0.44 sys=0.00, real=0.07 secs] 
3517.750: [Full GC (Ergonomics) [PSYoungGen: 81472K->0K(509440K)] [ParOldGen: 479209K->81160K(701440K)] 560681K->81160K(1210880K), [Metaspace: 60047K->60047K(1105920K)], 0.1656288 secs] [Times: user=0.72 sys=0.00, real=0.17 secs] 
3518.302: [GC (Allocation Failure) [PSYoungGen: 322560K->157728K(480768K)] 403759K->238927K(1182208K), 0.0322991 secs] [Times: user=0.19 sys=0.00, real=0.03 secs] 
3520.757: [GC (Allocation Failure) [PSYoungGen: 480288K->85760K(506368K)] 561487K->308155K(1207808K), 0.0994351 secs] [Times: user=0.59 sys=0.00, real=0.10 secs] 
3522.298: [GC (Allocation Failure) [PSYoungGen: 393984K->138432K(500736K)] 616379K->443476K(1202176K), 0.0827327 secs] [Times: user=0.49 sys=0.00, real=0.08 secs] 
3524.056: [GC (Allocation Failure) [PSYoungGen: 446656K->93696K(497664K)] 751700K->520220K(1199104K), 0.0744048 secs] [Times: user=0.44 sys=0.01, real=0.07 secs] 
3524.559: [GC (Allocation Failure) [PSYoungGen: 403968K->128288K(500224K)] 830492K->645881K(1201664K), 0.0511759 secs] [Times: user=0.26 sys=0.03, real=0.05 secs] 
3524.610: [Full GC (Ergonomics) [PSYoungGen: 128288K->0K(500224K)] [ParOldGen: 517593K->160865K(800768K)] 645881K->160865K(1300992K), [Metaspace: 60059K->60059K(1105920K)], 0.3735480 secs] [Times: user=1.73 sys=0.00, real=0.38 secs] 
3526.208: [GC (Allocation Failure) [PSYoungGen: 310272K->102400K(495104K)] 471137K->263265K(1295872K), 0.0384328 secs] [Times: user=0.23 sys=0.00, real=0.04 secs] 
3527.630: [GC (Allocation Failure) [PSYoungGen: 421888K->115328K(502272K)] 582753K->378609K(1303040K), 0.0521152 secs] [Times: user=0.30 sys=0.01, real=0.06 secs] 
3528.905: [GC (Allocation Failure) [PSYoungGen: 434816K->133312K(516096K)] 698097K->501054K(1316864K), 0.0616677 secs] [Times: user=0.37 sys=0.00, real=0.06 secs] 
3529.492: [GC (Allocation Failure) [PSYoungGen: 471232K->108736K(446976K)] 838974K->609734K(1247744K), 0.0565313 secs] [Times: user=0.33 sys=0.00, real=0.05 secs] 
3532.289: [GC (Allocation Failure) [PSYoungGen: 446656K->139488K(509440K)] 947654K->738947K(1310208K), 0.0695914 secs] [Times: user=0.38 sys=0.03, real=0.07 secs] 
3532.922: [GC (Allocation Failure) [PSYoungGen: 475360K->100640K(514048K)] 1074819K->839523K(1314816K), 0.0723149 secs] [Times: user=0.34 sys=0.08, real=0.07 secs] 
3532.994: [Full GC (Ergonomics) [PSYoungGen: 100640K->0K(514048K)] [ParOldGen: 738883K->116691K(789504K)] 839523K->116691K(1303552K), [Metaspace: 60069K->60069K(1105920K)], 0.2535094 secs] [Times: user=1.15 sys=0.00, real=0.25 secs] 
3533.709: [GC (Allocation Failure) [PSYoungGen: 335503K->174048K(485888K)] 452194K->298635K(1275392K), 0.0474231 secs] [Times: user=0.27 sys=0.01, real=0.05 secs] 
3535.210: [GC (Allocation Failure) [PSYoungGen: 485856K->82688K(505344K)] 610443K->348495K(1294848K), 0.0649976 secs] [Times: user=0.38 sys=0.00, real=0.07 secs] 
3535.677: [GC (Allocation Failure) [PSYoungGen: 394496K->136800K(504320K)] 660303K->479176K(1293824K), 0.0513313 secs] [Times: user=0.31 sys=0.00, real=0.05 secs] 
3538.925: [GC (Allocation Failure) [PSYoungGen: 449632K->81024K(505344K)] 792008K->560068K(1294848K), 0.0918715 secs] [Times: user=0.54 sys=0.01, real=0.09 secs] 
3539.450: [GC (Allocation Failure) [PSYoungGen: 393856K->132864K(504320K)] 872900K->686841K(1293824K), 0.0471453 secs] [Times: user=0.27 sys=0.01, real=0.05 secs] 
3540.818: [GC (Allocation Failure) [PSYoungGen: 447744K->95872K(505344K)] 1001721K->773533K(1294848K), 0.1176354 secs] [Times: user=0.69 sys=0.00, real=0.12 secs] 
3540.935: [Full GC (Ergonomics) [PSYoungGen: 95872K->0K(505344K)] [ParOldGen: 677661K->47628K(744448K)] 773533K->47628K(1249792K), [Metaspace: 60079K->60079K(1105920K)], 0.1118696 secs] [Times: user=0.48 sys=0.01, real=0.11 secs] 
3541.447: [GC (Allocation Failure) [PSYoungGen: 314880K->133280K(505344K)] 362508K->180908K(1249792K), 0.0269724 secs] [Times: user=0.15 sys=0.00, real=0.03 secs] 
3542.688: [GC (GCLocker Initiated GC) [PSYoungGen: 452256K->99168K(505344K)] 499884K->270476K(1249792K), 0.0631285 secs] [Times: user=0.37 sys=0.01, real=0.06 secs] 
3543.233: [GC (Allocation Failure) [PSYoungGen: 418144K->130272K(509440K)] 589523K->398596K(1253888K), 0.0492999 secs] [Times: user=0.29 sys=0.00, real=0.05 secs] 
3544.569: [GC (Allocation Failure) [PSYoungGen: 457440K->110752K(508416K)] 725764K->499716K(1252864K), 0.0630167 secs] [Times: user=0.38 sys=0.01, real=0.07 secs] 
3546.751: [GC (Allocation Failure) [PSYoungGen: 437920K->124448K(513536K)] 826884K->622633K(1257984K), 0.0519700 secs] [Times: user=0.30 sys=0.00, real=0.06 secs] 
3548.075: [GC (Allocation Failure) [PSYoungGen: 462368K->123488K(510976K)] 960553K->736361K(1255424K), 0.0632337 secs] [Times: user=0.37 sys=0.00, real=0.06 secs] 
3548.138: [Full GC (Ergonomics) [PSYoungGen: 123488K->0K(510976K)] [ParOldGen: 612873K->253059K(979456K)] 736361K->253059K(1490432K), [Metaspace: 60090K->60090K(1105920K)], 0.5302263 secs] [Times: user=2.32 sys=0.00, real=0.53 secs] 
3550.159: [GC (Allocation Failure) [PSYoungGen: 337920K->119392K(521728K)] 590979K->372459K(1501184K), 0.0244689 secs] [Times: user=0.14 sys=0.00, real=0.03 secs] 
3551.600: [GC (Allocation Failure) [PSYoungGen: 473696K->128640K(520192K)] 726763K->490712K(1499648K), 0.0619349 secs] [Times: user=0.37 sys=0.00, real=0.07 secs] 
3552.284: [GC (Allocation Failure) [PSYoungGen: 482944K->128736K(530944K)] 845016K->619392K(1510400K), 0.0570237 secs] [Times: user=0.33 sys=0.00, real=0.05 secs] 
3555.168: [GC (Allocation Failure) [PSYoungGen: 494816K->2304K(368640K)] 985472K->492992K(1348096K), 0.0031572 secs] [Times: user=0.02 sys=0.00, real=0.00 secs] 
3555.602: [GC (Allocation Failure) [PSYoungGen: 368384K->152032K(500736K)] 859072K->643532K(1480192K), 0.0292839 secs] [Times: user=0.17 sys=0.00, real=0.02 secs] 
3556.871: [GC (Allocation Failure) [PSYoungGen: 473056K->2656K(324096K)] 964556K->494384K(1303552K), 0.0030415 secs] [Times: user=0.01 sys=0.00, real=0.01 secs] 
3557.981: [GC (Allocation Failure) [PSYoungGen: 323680K->122464K(500736K)] 815408K->615021K(1480192K), 0.0254697 secs] [Times: user=0.14 sys=0.00, real=0.03 secs] 
3559.193: [GC (Allocation Failure) [PSYoungGen: 423520K->198112K(499200K)] 916077K->729997K(1478656K), 0.0619177 secs] [Times: user=0.36 sys=0.00, real=0.06 secs] 
3559.768: [GC (Allocation Failure) [PSYoungGen: 499168K->91168K(437760K)] 1031053K->623157K(1417216K), 0.0190923 secs] [Times: user=0.11 sys=0.00, real=0.02 secs] 
3560.692: [GC (Allocation Failure) [PSYoungGen: 315430K->96832K(468480K)] 847420K->714814K(1447936K), 0.0879000 secs] [Times: user=0.52 sys=0.01, real=0.08 secs] 
3562.526: [GC (Allocation Failure) [PSYoungGen: 334912K->67392K(453632K)] 952894K->773486K(1433088K), 0.0490787 secs] [Times: user=0.29 sys=0.01, real=0.05 secs] 
3562.963: [GC (Allocation Failure) [PSYoungGen: 314176K->105696K(465408K)] 1020270K->877699K(1444864K), 0.0499078 secs] [Times: user=0.26 sys=0.03, real=0.05 secs] 
3563.302: [GC (Allocation Failure) [PSYoungGen: 352478K->113760K(463872K)] 1124482K->973635K(1443328K), 0.0577791 secs] [Times: user=0.29 sys=0.05, real=0.06 secs] 
3563.359: [Full GC (Ergonomics) [PSYoungGen: 113760K->0K(463872K)] [ParOldGen: 859875K->217867K(956416K)] 973635K->217867K(1420288K), [Metaspace: 60099K->60099K(1105920K)], 0.4939166 secs] [Times: user=2.30 sys=0.00, real=0.50 secs] 
3565.197: [GC (Allocation Failure) [PSYoungGen: 272384K->66944K(472576K)] 490251K->284811K(1428992K), 0.0999304 secs] [Times: user=0.59 sys=0.00, real=0.10 secs] 
3565.923: [GC (Allocation Failure) [PSYoungGen: 339328K->115392K(485376K)] 557195K->395535K(1441792K), 0.0382592 secs] [Times: user=0.22 sys=0.00, real=0.03 secs] 
3567.216: [GC (Allocation Failure) [PSYoungGen: 415936K->106784K(493056K)] 696079K->493035K(1449472K), 0.0585873 secs] [Times: user=0.35 sys=0.00, real=0.06 secs] 
3569.169: [GC (Allocation Failure) [PSYoungGen: 407328K->103968K(492544K)] 793579K->596924K(1448960K), 0.0502887 secs] [Times: user=0.30 sys=0.00, real=0.05 secs] 
3569.625: [GC (Allocation Failure) [PSYoungGen: 426016K->177120K(499200K)] 918972K->764408K(1455616K), 0.0591150 secs] [Times: user=0.35 sys=0.00, real=0.06 secs] 
3570.901: [GC (Allocation Failure) [PSYoungGen: 499168K->85664K(445952K)] 1086456K->816808K(1402368K), 0.0619320 secs] [Times: user=0.37 sys=0.00, real=0.07 secs] 
3571.240: [GC (Allocation Failure) [PSYoungGen: 317895K->102368K(472576K)] 1049040K->913369K(1428992K), 0.0455943 secs] [Times: user=0.27 sys=0.00, real=0.05 secs] 
3571.286: [Full GC (Ergonomics) [PSYoungGen: 102368K->0K(472576K)] [ParOldGen: 811001K->197573K(980480K)] 913369K->197573K(1453056K), [Metaspace: 60102K->60102K(1105920K)], 0.4626741 secs] [Times: user=2.15 sys=0.00, real=0.46 secs] 
3572.834: [GC (Allocation Failure) [PSYoungGen: 246098K->70048K(459776K)] 443671K->267621K(1440256K), 0.0372514 secs] [Times: user=0.22 sys=0.00, real=0.03 secs] 
3573.682: [GC (Allocation Failure) [PSYoungGen: 324000K->99264K(470016K)] 521573K->365730K(1450496K), 0.0378101 secs] [Times: user=0.22 sys=0.00, real=0.03 secs] 
3574.020: [GC (Allocation Failure) [PSYoungGen: 353216K->132832K(477696K)] 619682K->489678K(1458176K), 0.0520574 secs] [Times: user=0.31 sys=0.00, real=0.06 secs] 
3575.796: [GC (Allocation Failure) [PSYoungGen: 407776K->70304K(481280K)] 764622K->543222K(1461760K), 0.1153695 secs] [Times: user=0.69 sys=0.00, real=0.11 secs] 
3576.318: [GC (Allocation Failure) [PSYoungGen: 345248K->117728K(478720K)] 818166K->655791K(1459200K), 0.0397730 secs] [Times: user=0.23 sys=0.00, real=0.04 secs] 
3578.804: [GC (Allocation Failure) [PSYoungGen: 405984K->93344K(486400K)] 944047K->740719K(1466880K), 0.0573807 secs] [Times: user=0.33 sys=0.01, real=0.06 secs] 
3579.326: [GC (Allocation Failure) [PSYoungGen: 381600K->106624K(482816K)] 1028975K->847055K(1463296K), 0.0465122 secs] [Times: user=0.28 sys=0.00, real=0.05 secs] 
3579.735: [GC (Allocation Failure) [PSYoungGen: 415360K->136800K(492544K)] 1155791K->973536K(1473024K), 0.0564710 secs] [Times: user=0.34 sys=0.00, real=0.05 secs] 
3579.792: [Full GC (Ergonomics) [PSYoungGen: 136800K->0K(492544K)] [ParOldGen: 836736K->248250K(1055744K)] 973536K->248250K(1548288K), [Metaspace: 60117K->60117K(1105920K)], 0.5903488 secs] [Times: user=2.77 sys=0.00, real=0.59 secs] 
3581.861: [GC (Allocation Failure) [PSYoungGen: 308736K->80064K(513024K)] 556986K->328314K(1568768K), 0.0203618 secs] [Times: user=0.12 sys=0.00, real=0.03 secs] 
3582.317: [GC (GCLocker Initiated GC) [PSYoungGen: 407232K->143136K(470528K)] 655485K->465769K(1526272K), 0.0525351 secs] [Times: user=0.31 sys=0.00, real=0.05 secs] 
3585.217: [GC (Allocation Failure) [PSYoungGen: 470304K->86048K(512512K)] 793007K->551803K(1568256K), 0.0842563 secs] [Times: user=0.51 sys=0.00, real=0.09 secs] 
3585.677: [GC (Allocation Failure) [PSYoungGen: 408608K->139456K(508928K)] 874363K->685736K(1564672K), 0.0516575 secs] [Times: user=0.30 sys=0.01, real=0.05 secs] 
3587.119: [GC (Allocation Failure) [PSYoungGen: 462016K->88000K(508928K)] 1008296K->773560K(1564672K), 0.1166160 secs] [Times: user=0.69 sys=0.00, real=0.12 secs] 
3587.709: [GC (Allocation Failure) [PSYoungGen: 410560K->136736K(508928K)] 1096120K->906129K(1564672K), 0.0474455 secs] [Times: user=0.28 sys=0.00, real=0.05 secs] 
3589.077: [GC (Allocation Failure) [PSYoungGen: 459296K->95584K(504832K)] 1228689K->992177K(1560576K), 0.0774102 secs] [Times: user=0.45 sys=0.01, real=0.08 secs] 
3589.154: [Full GC (Ergonomics) [PSYoungGen: 95584K->0K(504832K)] [ParOldGen: 896593K->39399K(903168K)] 992177K->39399K(1408000K), [Metaspace: 60119K->60119K(1105920K)], 0.0706501 secs] [Times: user=0.27 sys=0.00, real=0.07 secs] 
3589.771: [GC (Allocation Failure) [PSYoungGen: 323584K->134976K(507392K)] 362983K->174375K(1410560K), 0.0275196 secs] [Times: user=0.16 sys=0.00, real=0.03 secs] 
3591.292: [GC (Allocation Failure) [PSYoungGen: 458560K->102016K(505856K)] 497959K->267191K(1409024K), 0.0717136 secs] [Times: user=0.43 sys=0.00, real=0.07 secs] 
3593.295: [GC (Allocation Failure) [PSYoungGen: 431232K->133824K(509440K)] 596407K->398788K(1412608K), 0.0504454 secs] [Times: user=0.30 sys=0.00, real=0.05 secs] 
3594.610: [GC (Allocation Failure) [PSYoungGen: 463040K->108736K(507904K)] 728004K->498416K(1411072K), 0.0626144 secs] [Times: user=0.37 sys=0.00, real=0.07 secs] 
3596.112: [GC (Allocation Failure) [PSYoungGen: 445632K->137120K(512512K)] 835312K->634252K(1415680K), 0.0524007 secs] [Times: user=0.31 sys=0.00, real=0.05 secs] 
3597.728: [GC (Allocation Failure) [PSYoungGen: 474016K->117984K(515584K)] 971148K->734888K(1418752K), 0.0628199 secs] [Times: user=0.38 sys=0.00, real=0.06 secs] 
3600.458: [GC (Allocation Failure) [PSYoungGen: 463072K->121952K(518144K)] 1079976K->856784K(1421312K), 0.0545033 secs] [Times: user=0.33 sys=0.00, real=0.06 secs] 
3600.513: [Full GC (Ergonomics) [PSYoungGen: 121952K->0K(518144K)] [ParOldGen: 734832K->138066K(1074688K)] 856784K->138066K(1592832K), [Metaspace: 60283K->60283K(1105920K)], 0.3151649 secs] [Times: user=1.45 sys=0.00, real=0.31 secs] 
3602.074: [GC (Allocation Failure) [PSYoungGen: 345088K->126368K(523776K)] 483154K->264434K(1598464K), 0.0467294 secs] [Times: user=0.28 sys=0.00, real=0.04 secs] 
3602.817: [GC (Allocation Failure) [PSYoungGen: 482720K->125856K(524288K)] 620786K->390354K(1598976K), 0.0622021 secs] [Times: user=0.36 sys=0.00, real=0.06 secs] 
3604.220: [GC (Allocation Failure) [PSYoungGen: 482208K->672K(502272K)] 746706K->265258K(1576960K), 0.0019999 secs] [Times: user=0.01 sys=0.00, real=0.00 secs] 
3604.844: [GC (Allocation Failure) [PSYoungGen: 337056K->127936K(464384K)] 601642K->392538K(1539072K), 0.0261023 secs] [Times: user=0.15 sys=0.00, real=0.02 secs] 
3607.166: [GC (Allocation Failure) [PSYoungGen: 464320K->120512K(520192K)] 728922K->502817K(1594880K), 0.0631839 secs] [Times: user=0.37 sys=0.00, real=0.06 secs] 
3608.383: [GC (Allocation Failure) [PSYoungGen: 458944K->121440K(460288K)] 841249K->623689K(1534976K), 0.0545738 secs] [Times: user=0.32 sys=0.00, real=0.05 secs] 
3609.697: [GC (Allocation Failure) [PSYoungGen: 459872K->126176K(515584K)] 962121K->739624K(1590272K), 0.0620890 secs] [Times: user=0.37 sys=0.00, real=0.06 secs] 
3611.101: [GC (Allocation Failure) [PSYoungGen: 465632K->115104K(514560K)] 1079080K->854688K(1589248K), 0.0554151 secs] [Times: user=0.33 sys=0.00, real=0.06 secs] 
3612.415: [GC (Allocation Failure) [PSYoungGen: 454560K->132896K(516096K)] 1194144K->977325K(1590784K), 0.0623840 secs] [Times: user=0.37 sys=0.00, real=0.06 secs] 
3613.305: [GC (Allocation Failure) [PSYoungGen: 479008K->115040K(517632K)] 1323437K->1092333K(1592320K), 0.0691343 secs] [Times: user=0.36 sys=0.04, real=0.07 secs] 
3613.375: [Full GC (Ergonomics) [PSYoungGen: 115040K->0K(517632K)] [ParOldGen: 977293K->131641K(1148416K)] 1092333K->131641K(1666048K), [Metaspace: 60284K->60284K(1105920K)], 0.2952331 secs] [Times: user=1.35 sys=0.00, real=0.29 secs] 
3614.929: [GC (Allocation Failure) [PSYoungGen: 346112K->134144K(521216K)] 477753K->265785K(1669632K), 0.0482677 secs] [Times: user=0.28 sys=0.00, real=0.05 secs] 
3615.738: [GC (Allocation Failure) [PSYoungGen: 489472K->121440K(523264K)] 621113K->386425K(1671680K), 0.0681376 secs] [Times: user=0.38 sys=0.00, real=0.07 secs] 
3617.214: [GC (Allocation Failure) [PSYoungGen: 476768K->126912K(528896K)] 741753K->502837K(1677312K), 0.0628613 secs] [Times: user=0.37 sys=0.01, real=0.06 secs] 
3618.679: [GC (Allocation Failure) [PSYoungGen: 492992K->133856K(529408K)] 868917K->636485K(1677824K), 0.0580385 secs] [Times: user=0.34 sys=0.00, real=0.06 secs] 
3620.056: [GC (GCLocker Initiated GC) [PSYoungGen: 499936K->6272K(504320K)] 1002567K->509007K(1652736K), 0.0036089 secs] [Times: user=0.01 sys=0.00, real=0.00 secs] 
3620.806: [GC (Allocation Failure) [PSYoungGen: 345728K->137920K(477696K)] 848465K->645640K(1626112K), 0.0321212 secs] [Times: user=0.18 sys=0.00, real=0.03 secs] 
3623.080: [GC (Allocation Failure) [PSYoungGen: 477376K->108544K(522240K)] 985096K->745368K(1670656K), 0.0642214 secs] [Times: user=0.38 sys=0.01, real=0.07 secs] 
3623.662: [GC (Allocation Failure) [PSYoungGen: 447488K->134944K(515584K)] 1084312K->878661K(1664000K), 0.0536097 secs] [Times: user=0.31 sys=0.01, real=0.05 secs] 
3625.014: [GC (Allocation Failure) [PSYoungGen: 473888K->114784K(514048K)] 1217605K->983285K(1662464K), 0.0649614 secs] [Times: user=0.38 sys=0.01, real=0.06 secs] 
3626.125: [GC (Allocation Failure) [PSYoungGen: 457824K->131744K(516096K)] 1326325K->1113266K(1664512K), 0.0547980 secs] [Times: user=0.32 sys=0.00, real=0.05 secs] 
3626.180: [Full GC (Ergonomics) [PSYoungGen: 131744K->0K(516096K)] [ParOldGen: 981522K->149254K(1234432K)] 1113266K->149254K(1750528K), [Metaspace: 60287K->60287K(1105920K)], 0.3382375 secs] [Times: user=1.55 sys=0.00, real=0.34 secs] 
3627.799: [GC (Allocation Failure) [PSYoungGen: 343040K->115744K(515072K)] 492294K->264998K(1749504K), 0.0407135 secs] [Times: user=0.24 sys=0.00, real=0.04 secs] 
3629.907: [GC (Allocation Failure) [PSYoungGen: 468000K->140896K(520192K)] 617254K->405574K(1754624K), 0.0578025 secs] [Times: user=0.34 sys=0.00, real=0.06 secs] 
3631.254: [GC (Allocation Failure) [PSYoungGen: 493152K->2880K(498176K)] 757830K->267598K(1732608K), 0.0025355 secs] [Times: user=0.01 sys=0.00, real=0.00 secs] 
3631.841: [GC (Allocation Failure) [PSYoungGen: 329024K->125984K(512512K)] 593742K->392195K(1746944K), 0.0257825 secs] [Times: user=0.14 sys=0.00, real=0.03 secs] 
3634.356: [GC (Allocation Failure) [PSYoungGen: 452128K->120928K(505856K)] 718339K->503795K(1740288K), 0.0634125 secs] [Times: user=0.38 sys=0.00, real=0.06 secs] 
3635.130: [GC (Allocation Failure) [PSYoungGen: 447584K->110304K(509440K)] 830451K->613691K(1743872K), 0.0541970 secs] [Times: user=0.32 sys=0.00, real=0.06 secs] 
3637.587: [GC (Allocation Failure) [PSYoungGen: 435779K->174848K(488448K)] 939167K->778352K(1722880K), 0.0696821 secs] [Times: user=0.41 sys=0.00, real=0.07 secs] 
3638.151: [GC (Allocation Failure) [PSYoungGen: 487680K->88704K(505856K)] 1091184K->830128K(1740288K), 0.0679597 secs] [Times: user=0.39 sys=0.01, real=0.07 secs] 
3638.639: [GC (Allocation Failure) [PSYoungGen: 401536K->136960K(504832K)] 1142960K->960661K(1739264K), 0.0540809 secs] [Times: user=0.32 sys=0.00, real=0.06 secs] 
3640.246: [GC (Allocation Failure) [PSYoungGen: 452864K->83648K(506880K)] 1276565K->1044185K(1741312K), 0.0599942 secs] [Times: user=0.36 sys=0.00, real=0.06 secs] 
3640.769: [GC (Allocation Failure) [PSYoungGen: 399552K->137536K(506368K)] 1360089K->1175401K(1740800K), 0.0538659 secs] [Times: user=0.30 sys=0.02, real=0.06 secs] 
3640.822: [Full GC (Ergonomics) [PSYoungGen: 137536K->0K(506368K)] [ParOldGen: 1037865K->211083K(1339904K)] 1175401K->211083K(1846272K), [Metaspace: 60293K->60293K(1105920K)], 0.4850217 secs] [Times: user=2.25 sys=0.00, real=0.48 secs] 
3644.207: [GC (Allocation Failure) [PSYoungGen: 317440K->82432K(507904K)] 528523K->293515K(1847808K), 0.1265214 secs] [Times: user=0.75 sys=0.01, real=0.13 secs] 
3644.746: [GC (Allocation Failure) [PSYoungGen: 399872K->133888K(507904K)] 610955K->424000K(1847808K), 0.0449005 secs] [Times: user=0.26 sys=0.00, real=0.04 secs] 
3646.029: [GC (Allocation Failure) [PSYoungGen: 452864K->97728K(416768K)] 742976K->513440K(1756672K), 0.0618401 secs] [Times: user=0.36 sys=0.01, real=0.06 secs] 
3646.685: [GC (Allocation Failure) [PSYoungGen: 416704K->132160K(504320K)] 832416K->642627K(1844224K), 0.0490943 secs] [Times: user=0.29 sys=0.00, real=0.05 secs] 
3648.349: [GC (Allocation Failure) [PSYoungGen: 452160K->101920K(504832K)] 962627K->735243K(1844736K), 0.0665993 secs] [Times: user=0.39 sys=0.00, real=0.07 secs] 
3648.974: [GC (Allocation Failure) [PSYoungGen: 421920K->136448K(507392K)] 1055243K->870588K(1847296K), 0.0510929 secs] [Times: user=0.29 sys=0.00, real=0.05 secs] 
3651.062: [GC (Allocation Failure) [PSYoungGen: 464128K->117760K(509440K)] 1198268K->971244K(1849344K), 0.0638696 secs] [Times: user=0.38 sys=0.00, real=0.06 secs] 
3652.755: [GC (Allocation Failure) [PSYoungGen: 445440K->113504K(509440K)] 1298924K->1084316K(1849344K), 0.0546153 secs] [Times: user=0.32 sys=0.00, real=0.05 secs] 
3654.100: [GC (Allocation Failure) [PSYoungGen: 454496K->134016K(511488K)] 1425308K->1208057K(1851392K), 0.0643968 secs] [Times: user=0.35 sys=0.03, real=0.07 secs] 
3655.390: [GC (Allocation Failure) [PSYoungGen: 475008K->109952K(521216K)] 1549049K->1317953K(1861120K), 0.0838850 secs] [Times: user=0.30 sys=0.18, real=0.09 secs] 
3655.474: [Full GC (Ergonomics) [PSYoungGen: 109952K->0K(521216K)] [ParOldGen: 1208001K->124331K(1299456K)] 1317953K->124331K(1820672K), [Metaspace: 60310K->60310K(1105920K)], 0.3100546 secs] [Times: user=1.41 sys=0.00, real=0.31 secs] 
3657.057: [GC (Allocation Failure) [PSYoungGen: 356864K->139296K(524288K)] 481195K->263627K(1823744K), 0.0484831 secs] [Times: user=0.29 sys=0.00, real=0.05 secs] 
3659.788: [GC (Allocation Failure) [PSYoungGen: 496160K->117632K(524800K)] 620491K->380947K(1824256K), 0.0697068 secs] [Times: user=0.41 sys=0.00, real=0.07 secs] 
3661.205: [GC (Allocation Failure) [PSYoungGen: 478080K->130304K(526336K)] 741395K->500882K(1825792K), 0.0623875 secs] [Times: user=0.37 sys=0.00, real=0.06 secs] 
3661.952: [GC (Allocation Failure) [PSYoungGen: 490752K->132128K(532480K)] 861330K->632962K(1831936K), 0.0581785 secs] [Times: user=0.34 sys=0.00, real=0.05 secs] 
3664.023: [GC (Allocation Failure) [PSYoungGen: 499744K->5216K(373248K)] 1000578K->506066K(1672704K), 0.0037071 secs] [Times: user=0.02 sys=0.00, real=0.00 secs] 
3664.865: [GC (Allocation Failure) [PSYoungGen: 372832K->147360K(503808K)] 873682K->651923K(1803264K), 0.0297968 secs] [Times: user=0.17 sys=0.00, real=0.03 secs] 
3666.886: [GC (Allocation Failure) [PSYoungGen: 470432K->102688K(510976K)] 974995K->745847K(1810432K), 0.0658240 secs] [Times: user=0.38 sys=0.00, real=0.07 secs] 
3668.267: [GC (Allocation Failure) [PSYoungGen: 425760K->126304K(505344K)] 1068919K->870176K(1804800K), 0.0503495 secs] [Times: user=0.29 sys=0.01, real=0.05 secs] 
3669.641: [GC (Allocation Failure) [PSYoungGen: 455008K->118208K(508928K)] 1198880K->978940K(1808384K), 0.0634982 secs] [Times: user=0.37 sys=0.00, real=0.07 secs] 
3670.934: [GC (Allocation Failure) [PSYoungGen: 446912K->116864K(509440K)] 1307644K->1095256K(1808896K), 0.0542684 secs] [Times: user=0.32 sys=0.00, real=0.05 secs] 
3672.273: [GC (Allocation Failure) [PSYoungGen: 459904K->131296K(513536K)] 1438296K->1216205K(1812992K), 0.0632857 secs] [Times: user=0.37 sys=0.00, real=0.06 secs] 
3673.123: [GC (Allocation Failure) [PSYoungGen: 474336K->119296K(520704K)] 1559245K->1335453K(1820160K), 0.0611045 secs] [Times: user=0.36 sys=0.01, real=0.06 secs] 
3673.184: [Full GC (Ergonomics) [PSYoungGen: 119296K->0K(520704K)] [ParOldGen: 1216157K->133859K(1391616K)] 1335453K->133859K(1912320K), [Metaspace: 60321K->60321K(1105920K)], 0.3009819 secs] [Times: user=1.36 sys=0.00, real=0.30 secs] 
3676.383: [GC (Allocation Failure) [PSYoungGen: 357376K->128672K(524288K)] 491235K->262531K(1915904K), 0.0440231 secs] [Times: user=0.26 sys=0.00, real=0.04 secs] 
3677.081: [GC (Allocation Failure) [PSYoungGen: 486048K->127584K(528384K)] 619907K->390131K(1920000K), 0.0654359 secs] [Times: user=0.39 sys=0.00, real=0.07 secs] 
3679.155: [GC (Allocation Failure) [PSYoungGen: 493152K->3008K(368640K)] 755699K->265647K(1760256K), 0.0022211 secs] [Times: user=0.01 sys=0.00, real=0.00 secs] 
3680.002: [GC (Allocation Failure) [PSYoungGen: 368576K->141728K(507392K)] 631215K->405759K(1899008K), 0.0284649 secs] [Times: user=0.17 sys=0.00, real=0.02 secs] 
3682.063: [GC (Allocation Failure) [PSYoungGen: 468896K->107936K(435200K)] 732927K->504767K(1826816K), 0.0649189 secs] [Times: user=0.39 sys=0.00, real=0.06 secs] 
3683.779: [GC (Allocation Failure) [PSYoungGen: 435104K->126656K(512512K)] 831935K->629555K(1904128K), 0.0519581 secs] [Times: user=0.30 sys=0.00, real=0.05 secs] 
3685.108: [GC (Allocation Failure) [PSYoungGen: 460480K->119840K(511488K)] 963379K->740051K(1903104K), 0.0638753 secs] [Times: user=0.38 sys=0.00, real=0.07 secs] 
3686.673: [GC (Allocation Failure) [PSYoungGen: 453664K->127680K(517120K)] 1073875K->867168K(1908736K), 0.0543889 secs] [Times: user=0.32 sys=0.00, real=0.05 secs] 
3688.089: [GC (Allocation Failure) [PSYoungGen: 470720K->128608K(516608K)] 1210208K->977388K(1908224K), 0.0636803 secs] [Times: user=0.37 sys=0.00, real=0.07 secs] 
3689.860: [GC (Allocation Failure) [PSYoungGen: 471648K->117664K(516096K)] 1320428K->1094440K(1907712K), 0.0560287 secs] [Times: user=0.33 sys=0.00, real=0.06 secs] 
3691.272: [GC (Allocation Failure) [PSYoungGen: 469920K->130560K(520192K)] 1446696K->1214505K(1911808K), 0.0629823 secs] [Times: user=0.37 sys=0.00, real=0.06 secs] 
3691.879: [GC (Allocation Failure) [PSYoungGen: 482816K->125536K(527360K)] 1566761K->1340009K(1918976K), 0.0582238 secs] [Times: user=0.34 sys=0.00, real=0.06 secs] 
3691.937: [Full GC (Ergonomics) [PSYoungGen: 125536K->0K(527360K)] [ParOldGen: 1214473K->140096K(1398272K)] 1340009K->140096K(1925632K), [Metaspace: 60332K->60332K(1105920K)], 0.3172881 secs] [Times: user=1.45 sys=0.00, real=0.32 secs] 
3693.559: [GC (Allocation Failure) [PSYoungGen: 362496K->124288K(528896K)] 502592K->264384K(1927168K), 0.0447486 secs] [Times: user=0.26 sys=0.00, real=0.05 secs] 
3694.091: [GC (Allocation Failure) [PSYoungGen: 486784K->140352K(527872K)] 626880K->403837K(1926144K), 0.0623925 secs] [Times: user=0.37 sys=0.00, real=0.07 secs] 
3695.513: [GC (Allocation Failure) [PSYoungGen: 504384K->11712K(375808K)] 767869K->275301K(1774080K), 0.0037205 secs] [Times: user=0.01 sys=0.00, real=0.00 secs] 
3696.441: [GC (Allocation Failure) [PSYoungGen: 375744K->151296K(501248K)] 639333K->424602K(1899520K), 0.0321662 secs] [Times: user=0.19 sys=0.00, real=0.04 secs] 
3697.859: [GC (GCLocker Initiated GC) [PSYoungGen: 471296K->97920K(509440K)] 744602K->513710K(1907712K), 0.0805860 secs] [Times: user=0.47 sys=0.01, real=0.08 secs] 
3698.686: [GC (Allocation Failure) [PSYoungGen: 417920K->132672K(505856K)] 833749K->643974K(1904128K), 0.0494753 secs] [Times: user=0.29 sys=0.00, real=0.05 secs] 
3700.031: [GC (Allocation Failure) [PSYoungGen: 457280K->108320K(509440K)] 968582K->743422K(1907712K), 0.0631154 secs] [Times: user=0.38 sys=0.00, real=0.07 secs] 
3701.547: [GC (Allocation Failure) [PSYoungGen: 432928K->121696K(508928K)] 1068030K->863994K(1907200K), 0.0522903 secs] [Times: user=0.31 sys=0.00, real=0.05 secs] 
3702.938: [GC (Allocation Failure) [PSYoungGen: 456544K->126080K(510464K)] 1198842K->980534K(1908736K), 0.0633832 secs] [Times: user=0.37 sys=0.00, real=0.06 secs] 
3705.555: [GC (Allocation Failure) [PSYoungGen: 460928K->120064K(515584K)] 1315382K->1100311K(1913856K), 0.0567909 secs] [Times: user=0.33 sys=0.01, real=0.06 secs] 
3706.928: [GC (Allocation Failure) [PSYoungGen: 469760K->135776K(519168K)] 1450007K->1217723K(1917440K), 0.0630301 secs] [Times: user=0.37 sys=0.00, real=0.06 secs] 
3708.391: [GC (Allocation Failure) [PSYoungGen: 485472K->115008K(521216K)] 1567419K->1332675K(1919488K), 0.0594079 secs] [Times: user=0.35 sys=0.01, real=0.06 secs] 
3708.450: [Full GC (Ergonomics) [PSYoungGen: 115008K->0K(521216K)] [ParOldGen: 1217667K->129610K(1398272K)] 1332675K->129610K(1919488K), [Metaspace: 60340K->60340K(1105920K)], 0.2987112 secs] [Times: user=1.37 sys=0.00, real=0.30 secs] 
3710.003: [GC (Allocation Failure) [PSYoungGen: 357888K->133792K(524288K)] 487498K->263402K(1922560K), 0.0490364 secs] [Times: user=0.29 sys=0.00, real=0.05 secs] 
3710.736: [GC (Allocation Failure) [PSYoungGen: 491680K->127648K(530432K)] 621290K->390706K(1928704K), 0.0676148 secs] [Times: user=0.40 sys=0.00, real=0.07 secs] 
3713.243: [GC (Allocation Failure) [PSYoungGen: 492704K->2592K(368128K)] 755762K->265674K(1766400K), 0.0022538 secs] [Times: user=0.01 sys=0.00, real=0.00 secs] 
3713.839: [GC (Allocation Failure) [PSYoungGen: 367648K->142496K(506368K)] 630730K->406535K(1904640K), 0.0289534 secs] [Times: user=0.16 sys=0.01, real=0.03 secs] 
3715.192: [GC (Allocation Failure) [PSYoungGen: 467616K->107936K(433152K)] 731655K->504523K(1831424K), 0.0654178 secs] [Times: user=0.39 sys=0.00, real=0.06 secs] 
3716.127: [GC (Allocation Failure) [PSYoungGen: 433056K->125344K(512000K)] 829643K->628036K(1910272K), 0.0518388 secs] [Times: user=0.31 sys=0.01, real=0.05 secs] 
3717.475: [GC (Allocation Failure) [PSYoungGen: 457632K->122080K(510464K)] 960324K->740536K(1908736K), 0.0628940 secs] [Times: user=0.37 sys=0.00, real=0.06 secs] 
3719.498: [GC (Allocation Failure) [PSYoungGen: 454368K->116736K(515072K)] 1072824K->856848K(1913344K), 0.0551008 secs] [Times: user=0.32 sys=0.00, real=0.06 secs] 
3720.923: [GC (Allocation Failure) [PSYoungGen: 462336K->131840K(515584K)] 1202448K->977823K(1913856K), 0.0626885 secs] [Times: user=0.38 sys=0.00, real=0.06 secs] 
3721.607: [GC (Allocation Failure) [PSYoungGen: 477440K->116128K(519680K)] 1323423K->1093879K(1917952K), 0.0573668 secs] [Times: user=0.34 sys=0.01, real=0.06 secs] 
3723.023: [GC (Allocation Failure) [PSYoungGen: 474016K->132608K(523776K)] 1451767K->1215360K(1922048K), 0.0624145 secs] [Times: user=0.37 sys=0.00, real=0.06 secs] 
3723.691: [GC (Allocation Failure) [PSYoungGen: 490496K->136992K(527872K)] 1573248K->1352304K(1926144K), 0.0590694 secs] [Times: user=0.35 sys=0.00, real=0.06 secs] 
3723.750: [Full GC (Ergonomics) [PSYoungGen: 136992K->0K(527872K)] [ParOldGen: 1215312K->143862K(1398272K)] 1352304K->143862K(1926144K), [Metaspace: 60349K->60349K(1105920K)], 0.3283589 secs] [Times: user=1.50 sys=0.00, real=0.33 secs] 
3725.379: [GC (Allocation Failure) [PSYoungGen: 360960K->122560K(483840K)] 504822K->266422K(1882112K), 0.0424843 secs] [Times: user=0.25 sys=0.01, real=0.05 secs] 
3727.825: [GC (Allocation Failure) [PSYoungGen: 483520K->138912K(525824K)] 627382K->403631K(1924096K), 0.0602120 secs] [Times: user=0.35 sys=0.01, real=0.06 secs] 
3729.238: [GC (Allocation Failure) [PSYoungGen: 499360K->115520K(528384K)] 764079K->509979K(1926656K), 0.0682846 secs] [Times: user=0.41 sys=0.00, real=0.07 secs] 
3730.434: [GC (Allocation Failure) [PSYoungGen: 475968K->146432K(524288K)] 870427K->654556K(1922560K), 0.0559529 secs] [Times: user=0.33 sys=0.00, real=0.05 secs] 
3731.771: [GC (Allocation Failure) [PSYoungGen: 506368K->114400K(529408K)] 1014492K->759860K(1927680K), 0.0667980 secs] [Times: user=0.39 sys=0.00, real=0.07 secs] 
3733.182: [GC (Allocation Failure) [PSYoungGen: 474336K->148928K(521216K)] 1119796K->906161K(1919488K), 0.0554747 secs] [Times: user=0.32 sys=0.00, real=0.06 secs] 
3734.723: [GC (GCLocker Initiated GC) [PSYoungGen: 503744K->108704K(526848K)] 1260977K->1006021K(1925120K), 0.0664760 secs] [Times: user=0.40 sys=0.00, real=0.06 secs] 
3735.242: [GC (Allocation Failure) [PSYoungGen: 463520K->151680K(517632K)] 1360840K->1153989K(1915904K), 0.0541232 secs] [Times: user=0.32 sys=0.00, real=0.05 secs] 
3736.950: [GC (GCLocker Initiated GC) [PSYoungGen: 499328K->104736K(523264K)] 1501637K->1250057K(1921536K), 0.0844604 secs] [Times: user=0.50 sys=0.00, real=0.09 secs] 
3737.640: [GC (Allocation Failure) [PSYoungGen: 452384K->148160K(517120K)] 1597744K->1393775K(1915392K), 0.0541196 secs] [Times: user=0.29 sys=0.03, real=0.06 secs] 
3737.694: [Full GC (Ergonomics) [PSYoungGen: 148160K->0K(517120K)] [ParOldGen: 1245615K->191224K(1398272K)] 1393775K->191224K(1915392K), [Metaspace: 60349K->60349K(1105920K)], 0.4561348 secs] [Times: user=2.12 sys=0.00, real=0.45 secs] 
3739.529: [GC (Allocation Failure) [PSYoungGen: 342528K->104704K(520704K)] 533752K->295928K(1918976K), 0.0571816 secs] [Times: user=0.34 sys=0.00, real=0.06 secs] 
3740.085: [GC (Allocation Failure) [PSYoungGen: 447232K->143008K(518656K)] 638456K->435849K(1916928K), 0.0506674 secs] [Times: user=0.29 sys=0.00, real=0.05 secs] 
3742.654: [GC (Allocation Failure) [PSYoungGen: 484512K->102848K(520192K)] 777353K->529881K(1918464K), 0.0866207 secs] [Times: user=0.52 sys=0.01, real=0.08 secs] 
3743.244: [GC (Allocation Failure) [PSYoungGen: 444352K->146208K(515584K)] 871385K->671746K(1913856K), 0.0509361 secs] [Times: user=0.30 sys=0.00, real=0.05 secs] 
3744.808: [GC (Allocation Failure) [PSYoungGen: 484640K->102464K(518656K)] 1010178K->765146K(1916928K), 0.0764964 secs] [Times: user=0.45 sys=0.00, real=0.08 secs] 
3745.481: [GC (Allocation Failure) [PSYoungGen: 440896K->141568K(517632K)] 1103578K->902679K(1915904K), 0.0507734 secs] [Times: user=0.29 sys=0.00, real=0.06 secs] 
3747.893: [GC (Allocation Failure) [PSYoungGen: 480000K->102624K(441344K)] 1241111K->996311K(1839616K), 0.1641702 secs] [Times: user=0.96 sys=0.01, real=0.16 secs] 
3749.325: [GC (Allocation Failure) [PSYoungGen: 441056K->140736K(517120K)] 1334743K->1133732K(1915392K), 0.0522727 secs] [Times: user=0.30 sys=0.00, real=0.05 secs] 
3750.636: [GC (Allocation Failure) [PSYoungGen: 479168K->105856K(444416K)] 1472164K->1230124K(1842688K), 0.0656630 secs] [Times: user=0.39 sys=0.01, real=0.07 secs] 
3751.335: [GC (GCLocker Initiated GC) [PSYoungGen: 444288K->138912K(517120K)] 1568556K->1365905K(1915392K), 0.0532398 secs] [Times: user=0.31 sys=0.01, real=0.05 secs] 
3751.388: [Full GC (Ergonomics) [PSYoungGen: 138912K->0K(517120K)] [ParOldGen: 1226993K->165737K(1398272K)] 1365905K->165737K(1915392K), [Metaspace: 60356K->60356K(1105920K)], 0.3881368 secs] [Times: user=1.80 sys=0.00, real=0.39 secs] 
3753.012: [GC (Allocation Failure) [PSYoungGen: 339968K->107456K(517632K)] 505706K->273194K(1915904K), 0.0379240 secs] [Times: user=0.22 sys=0.00, real=0.03 secs] 
3753.595: [GC (Allocation Failure) [PSYoungGen: 447424K->140544K(518656K)] 613162K->411735K(1916928K), 0.0543816 secs] [Times: user=0.33 sys=0.00, real=0.05 secs] 
3755.838: [GC (Allocation Failure) [PSYoungGen: 483584K->106624K(519680K)] 754775K->509679K(1917952K), 0.0727714 secs] [Times: user=0.43 sys=0.00, real=0.07 secs] 
3756.881: [GC (Allocation Failure) [PSYoungGen: 449664K->139040K(520192K)] 852719K->646540K(1918464K), 0.0527721 secs] [Times: user=0.31 sys=0.00, real=0.06 secs] 
3758.320: [GC (Allocation Failure) [PSYoungGen: 484640K->111200K(521216K)] 992140K->748684K(1919488K), 0.0695155 secs] [Times: user=0.41 sys=0.00, real=0.07 secs] 
3759.513: [GC (Allocation Failure) [PSYoungGen: 456800K->138240K(520704K)] 1094284K->884800K(1918976K), 0.0537702 secs] [Times: user=0.31 sys=0.00, real=0.05 secs] 
3760.840: [GC (Allocation Failure) [PSYoungGen: 486400K->112576K(521216K)] 1232960K->988021K(1919488K), 0.0655755 secs] [Times: user=0.39 sys=0.00, real=0.07 secs] 
3761.558: [GC (Allocation Failure) [PSYoungGen: 460736K->143008K(521216K)] 1336181K->1129741K(1919488K), 0.0551417 secs] [Times: user=0.33 sys=0.00, real=0.06 secs] 
3764.492: [GC (Allocation Failure) [PSYoungGen: 493728K->109024K(523776K)] 1480461K->1229974K(1922048K), 0.0670604 secs] [Times: user=0.39 sys=0.01, real=0.06 secs] 
3765.093: [GC (Allocation Failure) [PSYoungGen: 459744K->143872K(521728K)] 1580694K->1371298K(1920000K), 0.0547636 secs] [Times: user=0.32 sys=0.00, real=0.05 secs] 
3766.602: [GC (Allocation Failure) [PSYoungGen: 494592K->111424K(524800K)] 1722018K->1473006K(1923072K), 0.0812063 secs] [Times: user=0.42 sys=0.06, real=0.08 secs] 
3766.683: [Full GC (Ergonomics) [PSYoungGen: 111424K->0K(524800K)] [ParOldGen: 1361582K->32873K(1398272K)] 1473006K->32873K(1923072K), [Metaspace: 60362K->60362K(1105920K)], 0.0588250 secs] [Times: user=0.20 sys=0.00, real=0.06 secs] 
3767.660: [GC (Allocation Failure) [PSYoungGen: 350720K->141664K(523776K)] 383593K->174537K(1922048K), 0.0284933 secs] [Times: user=0.17 sys=0.00, real=0.03 secs] 
3769.433: [GC (Allocation Failure) [PSYoungGen: 493920K->113248K(465920K)] 526793K->278337K(1864192K), 0.1446283 secs] [Times: user=0.80 sys=0.01, real=0.14 secs] 
3770.770: [GC (Allocation Failure) [PSYoungGen: 465504K->145568K(521728K)] 630593K->420786K(1920000K), 0.0541004 secs] [Times: user=0.32 sys=0.00, real=0.06 secs] 
3772.085: [GC (GCLocker Initiated GC) [PSYoungGen: 496800K->111968K(524800K)] 772019K->523151K(1923072K), 0.0653476 secs] [Times: user=0.39 sys=0.00, real=0.06 secs] 
3772.659: [GC (Allocation Failure) [PSYoungGen: 463200K->148224K(519168K)] 874454K->667318K(1917440K), 0.0543058 secs] [Times: user=0.32 sys=0.01, real=0.06 secs] 
3774.010: [GC (Allocation Failure) [PSYoungGen: 495872K->107808K(523264K)] 1014966K->765534K(1921536K), 0.0658445 secs] [Times: user=0.39 sys=0.00, real=0.07 secs] 
3774.534: [GC (Allocation Failure) [PSYoungGen: 455456K->148352K(517632K)] 1113182K->910327K(1915904K), 0.0529544 secs] [Times: user=0.31 sys=0.00, real=0.05 secs] 
3777.297: [GC (Allocation Failure) [PSYoungGen: 491904K->102816K(521216K)] 1253879K->1004519K(1919488K), 0.1628386 secs] [Times: user=0.97 sys=0.01, real=0.16 secs] 
3778.078: [GC (Allocation Failure) [PSYoungGen: 446368K->143200K(518656K)] 1348071K->1143716K(1916928K), 0.0516667 secs] [Times: user=0.29 sys=0.01, real=0.05 secs] 
3779.448: [GC (GCLocker Initiated GC) [PSYoungGen: 484704K->107584K(449536K)] 1485220K->1242260K(1847808K), 0.0658901 secs] [Times: user=0.39 sys=0.00, real=0.07 secs] 
3780.061: [GC (Allocation Failure) [PSYoungGen: 449088K->142720K(518144K)] 1583835K->1380696K(1916416K), 0.0524436 secs] [Times: user=0.31 sys=0.00, real=0.06 secs] 
3780.114: [Full GC (Ergonomics) [PSYoungGen: 142720K->0K(518144K)] [ParOldGen: 1237976K->184238K(1398272K)] 1380696K->184238K(1916416K), [Metaspace: 60362K->60362K(1105920K)], 0.4367058 secs] [Times: user=2.03 sys=0.00, real=0.43 secs] 
3781.860: [GC (Allocation Failure) [PSYoungGen: 341504K->108384K(519680K)] 525742K->292622K(1917952K), 0.0340532 secs] [Times: user=0.20 sys=0.00, real=0.04 secs] 
3782.362: [GC (Allocation Failure) [PSYoungGen: 449888K->143328K(518656K)] 634126K->429579K(1916928K), 0.0520250 secs] [Times: user=0.31 sys=0.00, real=0.05 secs] 
3784.645: [GC (Allocation Failure) [PSYoungGen: 485856K->104096K(520192K)] 772107K->524915K(1918464K), 0.1483780 secs] [Times: user=0.88 sys=0.01, real=0.15 secs] 
3785.464: [GC (Allocation Failure) [PSYoungGen: 446624K->144160K(518144K)] 867443K->665940K(1916416K), 0.0516799 secs] [Times: user=0.30 sys=0.00, real=0.05 secs] 
3787.109: [GC (Allocation Failure) [PSYoungGen: 485664K->104160K(520192K)] 1007444K->761420K(1918464K), 0.0711257 secs] [Times: user=0.42 sys=0.00, real=0.07 secs] 
3787.932: [GC (Allocation Failure) [PSYoungGen: 445664K->142464K(518656K)] 1102924K->900976K(1916928K), 0.0515204 secs] [Times: user=0.30 sys=0.00, real=0.05 secs] 
3789.337: [GC (Allocation Failure) [PSYoungGen: 483968K->108256K(450048K)] 1242480K->999833K(1848320K), 0.0663872 secs] [Times: user=0.39 sys=0.00, real=0.07 secs] 
3790.036: [GC (Allocation Failure) [PSYoungGen: 449760K->141216K(518656K)] 1341337K->1138760K(1916928K), 0.0569211 secs] [Times: user=0.32 sys=0.00, real=0.06 secs] 
3792.116: [GC (Allocation Failure) [PSYoungGen: 483232K->106496K(519680K)] 1480776K->1236304K(1917952K), 0.1162207 secs] [Times: user=0.69 sys=0.01, real=0.12 secs] 
3793.287: [GC (Allocation Failure) [PSYoungGen: 448512K->141440K(518656K)] 1578320K->1374973K(1916928K), 0.0540286 secs] [Times: user=0.32 sys=0.00, real=0.05 secs] 
3793.341: [Full GC (Ergonomics) [PSYoungGen: 141440K->0K(518656K)] [ParOldGen: 1233533K->173351K(1398272K)] 1374973K->173351K(1916928K), [Metaspace: 60363K->60363K(1105920K)], 0.4070926 secs] [Times: user=1.89 sys=0.00, real=0.41 secs] 
3795.224: [GC (GCLocker Initiated GC) [PSYoungGen: 343040K->104192K(520192K)] 516392K->277544K(1918464K), 0.0676264 secs] [Times: user=0.40 sys=0.00, real=0.07 secs] 
3796.193: [GC (Allocation Failure) [PSYoungGen: 447232K->141920K(520192K)] 620587K->416728K(1918464K), 0.0525847 secs] [Times: user=0.31 sys=0.00, real=0.05 secs] 
3798.068: [GC (Allocation Failure) [PSYoungGen: 486496K->107488K(452096K)] 761304K->515060K(1850368K), 0.1678455 secs] [Times: user=1.00 sys=0.00, real=0.17 secs] 
3799.277: [GC (Allocation Failure) [PSYoungGen: 452064K->143104K(519168K)] 859636K->656728K(1917440K), 0.0528443 secs] [Times: user=0.32 sys=0.00, real=0.05 secs] 
3800.961: [GC (Allocation Failure) [PSYoungGen: 487168K->107392K(521216K)] 1000792K->755208K(1919488K), 0.0653770 secs] [Times: user=0.39 sys=0.00, real=0.07 secs] 
3801.655: [GC (Allocation Failure) [PSYoungGen: 451456K->149504K(514560K)] 1099272K->901852K(1912832K), 0.0538991 secs] [Times: user=0.31 sys=0.00, real=0.05 secs] 
3803.100: [GC (GCLocker Initiated GC) [PSYoungGen: 488960K->106048K(519168K)] 1241309K->990357K(1917440K), 0.0689223 secs] [Times: user=0.41 sys=0.00, real=0.07 secs] 
3803.770: [GC (Allocation Failure) [PSYoungGen: 445504K->138784K(517120K)] 1329816K->1127005K(1915392K), 0.0531605 secs] [Times: user=0.32 sys=0.00, real=0.06 secs] 
3805.329: [GC (Allocation Failure) [PSYoungGen: 480288K->108992K(519168K)] 1468509K->1226749K(1917440K), 0.1067347 secs] [Times: user=0.63 sys=0.00, real=0.11 secs] 
3807.188: [GC (Allocation Failure) [PSYoungGen: 450496K->139776K(520704K)] 1568253K->1363897K(1918976K), 0.0536878 secs] [Times: user=0.32 sys=0.00, real=0.06 secs] 
3808.517: [GC (Allocation Failure) [PSYoungGen: 484864K->111168K(456704K)] 1708985K->1465489K(1854976K), 0.0673770 secs] [Times: user=0.40 sys=0.00, real=0.07 secs] 
3808.584: [Full GC (Ergonomics) [PSYoungGen: 111168K->0K(456704K)] [ParOldGen: 1354321K->25234K(1398272K)] 1465489K->25234K(1854976K), [Metaspace: 60365K->60365K(1105920K)], 0.0416009 secs] [Times: user=0.13 sys=0.00, real=0.04 secs] 
3809.353: [GC (Allocation Failure) [PSYoungGen: 345088K->139712K(519680K)] 370322K->164946K(1917952K), 0.0283129 secs] [Times: user=0.17 sys=0.00, real=0.02 secs] 
3810.728: [GC (Allocation Failure) [PSYoungGen: 485824K->110144K(520704K)] 511058K->266002K(1918976K), 0.0646116 secs] [Times: user=0.38 sys=0.01, real=0.07 secs] 
3811.733: [GC (GCLocker Initiated GC) [PSYoungGen: 456256K->136768K(522752K)] 612116K->400381K(1921024K), 0.0529614 secs] [Times: user=0.31 sys=0.01, real=0.05 secs] 
3813.657: [GC (Allocation Failure) [PSYoungGen: 487488K->113312K(522752K)] 751102K->504350K(1921024K), 0.0713477 secs] [Times: user=0.43 sys=0.00, real=0.07 secs] 
3815.194: [GC (Allocation Failure) [PSYoungGen: 464032K->139776K(522752K)] 855070K->641875K(1921024K), 0.0538134 secs] [Times: user=0.32 sys=0.00, real=0.05 secs] 
3816.642: [GC (Allocation Failure) [PSYoungGen: 493056K->113504K(524288K)] 995155K->745891K(1922560K), 0.0659413 secs] [Times: user=0.39 sys=0.00, real=0.06 secs] 
3817.819: [GC (Allocation Failure) [PSYoungGen: 466784K->144640K(523776K)] 1099171K->888404K(1922048K), 0.0558107 secs] [Times: user=0.32 sys=0.00, real=0.06 secs] 
3819.397: [GC (Allocation Failure) [PSYoungGen: 499968K->116160K(526848K)] 1243732K->995392K(1925120K), 0.0800085 secs] [Times: user=0.47 sys=0.00, real=0.08 secs] 
3820.004: [GC (Allocation Failure) [PSYoungGen: 471488K->146048K(523776K)] 1350720K->1139329K(1922048K), 0.0560653 secs] [Times: user=0.33 sys=0.00, real=0.05 secs] 
3822.912: [GC (Allocation Failure) [PSYoungGen: 500864K->110144K(526848K)] 1494145K->1240553K(1925120K), 0.1191101 secs] [Times: user=0.70 sys=0.00, real=0.11 secs] 
3823.583: [GC (Allocation Failure) [PSYoungGen: 464960K->149600K(519168K)] 1595369K->1386017K(1917440K), 0.0543476 secs] [Times: user=0.31 sys=0.01, real=0.05 secs] 
3823.637: [Full GC (Ergonomics) [PSYoungGen: 149600K->0K(519168K)] [ParOldGen: 1236417K->189511K(1398272K)] 1386017K->189511K(1917440K), [Metaspace: 60369K->60369K(1105920K)], 0.4369515 secs] [Times: user=2.02 sys=0.00, real=0.44 secs] 
3826.354: [GC (Allocation Failure) [PSYoungGen: 348672K->105504K(523776K)] 538183K->295015K(1922048K), 0.0562956 secs] [Times: user=0.33 sys=0.00, real=0.05 secs] 
3827.275: [GC (Allocation Failure) [PSYoungGen: 454176K->146720K(518656K)] 643687K->438104K(1916928K), 0.0505369 secs] [Times: user=0.30 sys=0.00, real=0.05 secs] 
3829.938: [GC (Allocation Failure) [PSYoungGen: 491296K->106240K(521728K)] 782680K->536088K(1920000K), 0.1408603 secs] [Times: user=0.83 sys=0.00, real=0.14 secs] 
3830.878: [GC (Allocation Failure) [PSYoungGen: 450816K->144192K(519168K)] 880664K->676373K(1917440K), 0.0518495 secs] [Times: user=0.31 sys=0.01, real=0.05 secs] 
3832.214: [GC (Allocation Failure) [PSYoungGen: 487744K->109888K(521216K)] 1019925K->776957K(1919488K), 0.0655545 secs] [Times: user=0.38 sys=0.00, real=0.06 secs] 
3832.756: [GC (Allocation Failure) [PSYoungGen: 453440K->144416K(519168K)] 1120509K->916817K(1917440K), 0.0524623 secs] [Times: user=0.31 sys=0.00, real=0.05 secs] 
3834.075: [GC (Allocation Failure) [PSYoungGen: 487968K->106208K(521216K)] 1260369K->1013029K(1919488K), 0.0655531 secs] [Times: user=0.38 sys=0.00, real=0.06 secs] 
3834.560: [GC (Allocation Failure) [PSYoungGen: 449760K->146560K(516608K)] 1356581K->1156026K(1914880K), 0.0528165 secs] [Times: user=0.31 sys=0.00, real=0.06 secs] 
3837.744: [GC (Allocation Failure) [PSYoungGen: 487040K->99840K(519680K)] 1496506K->1247378K(1917952K), 0.1611471 secs] [Times: user=0.96 sys=0.01, real=0.16 secs] 
3839.117: [GC (Allocation Failure) [PSYoungGen: 440320K->142592K(518144K)] 1587858K->1386075K(1916416K), 0.0507524 secs] [Times: user=0.30 sys=0.00, real=0.05 secs] 
3839.168: [Full GC (Ergonomics) [PSYoungGen: 142592K->0K(518144K)] [ParOldGen: 1243483K->184568K(1398272K)] 1386075K->184568K(1916416K), [Metaspace: 60386K->60386K(1105920K)], 0.4386070 secs] [Times: user=2.04 sys=0.00, real=0.44 secs] 
3841.249: [GC (Allocation Failure) [PSYoungGen: 339346K->102752K(519168K)] 523914K->287320K(1917440K), 0.0438125 secs] [Times: user=0.22 sys=0.00, real=0.05 secs] 
3841.954: [GC (Allocation Failure) [PSYoungGen: 442208K->141472K(518144K)] 626776K->425908K(1916416K), 0.0510872 secs] [Times: user=0.30 sys=0.00, real=0.05 secs] 
3844.017: [GC (Allocation Failure) [PSYoungGen: 480928K->103488K(443392K)] 765364K->520020K(1841664K), 0.1331082 secs] [Times: user=0.79 sys=0.00, real=0.13 secs] 
3845.031: [GC (Allocation Failure) [PSYoungGen: 442944K->141216K(517632K)] 859476K->658669K(1915904K), 0.0519443 secs] [Times: user=0.30 sys=0.00, real=0.06 secs] 
3846.468: [GC (Allocation Failure) [PSYoungGen: 480672K->104992K(518656K)] 998125K->754429K(1916928K), 0.0692626 secs] [Times: user=0.41 sys=0.00, real=0.07 secs] 
3847.265: [GC (Allocation Failure) [PSYoungGen: 444448K->141120K(517120K)] 1093885K->892046K(1915392K), 0.0520475 secs] [Times: user=0.31 sys=0.00, real=0.05 secs] 
3848.667: [GC (Allocation Failure) [PSYoungGen: 481088K->107520K(518656K)] 1232014K->989622K(1916928K), 0.0717275 secs] [Times: user=0.43 sys=0.00, real=0.07 secs] 
3849.561: [GC (Allocation Failure) [PSYoungGen: 447488K->138720K(518656K)] 1329590K->1125983K(1916928K), 0.0526359 secs] [Times: user=0.32 sys=0.00, real=0.06 secs] 
3851.014: [GC (Allocation Failure) [PSYoungGen: 481248K->109856K(519168K)] 1468511K->1226559K(1917440K), 0.0808511 secs] [Times: user=0.48 sys=0.01, real=0.08 secs] 
3852.661: [GC (GCLocker Initiated GC) [PSYoungGen: 452384K->136992K(520192K)] 1569093K->1361386K(1918464K), 0.0546939 secs] [Times: user=0.32 sys=0.00, real=0.06 secs] 
3854.059: [GC (Allocation Failure) [PSYoungGen: 483104K->111360K(520192K)] 1707500K->1463051K(1918464K), 0.0693345 secs] [Times: user=0.41 sys=0.00, real=0.07 secs] 
3854.128: [Full GC (Ergonomics) [PSYoungGen: 111360K->0K(520192K)] [ParOldGen: 1351691K->24768K(1398272K)] 1463051K->24768K(1918464K), [Metaspace: 60397K->60397K(1105920K)], 0.0380661 secs] [Times: user=0.12 sys=0.00, real=0.04 secs] 
3854.703: [GC (Allocation Failure) [PSYoungGen: 346112K->141728K(520192K)] 370880K->166496K(1918464K), 0.0283557 secs] [Times: user=0.16 sys=0.00, real=0.02 secs] 
3856.017: [GC (Allocation Failure) [PSYoungGen: 490400K->109728K(522240K)] 515168K->266544K(1920512K), 0.0649106 secs] [Times: user=0.39 sys=0.00, real=0.07 secs] 
3856.617: [GC (Allocation Failure) [PSYoungGen: 458400K->144800K(521728K)] 615216K->409197K(1920000K), 0.0533417 secs] [Times: user=0.32 sys=0.00, real=0.05 secs] 
3858.550: [GC (Allocation Failure) [PSYoungGen: 495520K->107712K(524800K)] 759917K->507829K(1923072K), 0.1693193 secs] [Times: user=0.99 sys=0.02, real=0.17 secs] 
3860.351: [GC (Allocation Failure) [PSYoungGen: 458432K->142240K(522240K)] 858549K->648010K(1920512K), 0.0528847 secs] [Times: user=0.32 sys=0.00, real=0.06 secs] 
3861.802: [GC (Allocation Failure) [PSYoungGen: 491936K->109856K(524288K)] 997706K->748430K(1922560K), 0.0729960 secs] [Times: user=0.42 sys=0.00, real=0.07 secs] 
3862.596: [GC (Allocation Failure) [PSYoungGen: 459552K->145280K(521216K)] 1098126K->891194K(1919488K), 0.0538934 secs] [Times: user=0.31 sys=0.00, real=0.05 secs] 
3864.196: [GC (GCLocker Initiated GC) [PSYoungGen: 493952K->107936K(523776K)] 1239867K->989915K(1922048K), 0.0671656 secs] [Times: user=0.39 sys=0.00, real=0.07 secs] 
3864.882: [GC (Allocation Failure) [PSYoungGen: 456608K->145664K(519168K)] 1338589K->1133176K(1917440K), 0.0529208 secs] [Times: user=0.31 sys=0.00, real=0.05 secs] 
3867.262: [GC (GCLocker Initiated GC) [PSYoungGen: 491264K->105952K(522240K)] 1478776K->1230364K(1920512K), 0.0790504 secs] [Times: user=0.47 sys=0.00, real=0.08 secs] 
3868.367: [GC (Allocation Failure) [PSYoungGen: 451552K->143168K(519680K)] 1575967K->1370292K(1917952K), 0.0523678 secs] [Times: user=0.31 sys=0.00, real=0.05 secs] 
3869.969: [GC (Allocation Failure) [PSYoungGen: 487744K->106176K(521728K)] 1714868K->1467580K(1920000K), 0.0834782 secs] [Times: user=0.48 sys=0.01, real=0.09 secs] 
3870.053: [Full GC (Ergonomics) [PSYoungGen: 106176K->0K(521728K)] [ParOldGen: 1361404K->34369K(1398272K)] 1467580K->34369K(1920000K), [Metaspace: 60397K->60397K(1105920K)], 0.0596131 secs] [Times: user=0.21 sys=0.00, real=0.06 secs] 
3870.685: [GC (Allocation Failure) [PSYoungGen: 344576K->142592K(520192K)] 378945K->176961K(1918464K), 0.0284210 secs] [Times: user=0.16 sys=0.00, real=0.03 secs] 
3872.768: [GC (Allocation Failure) [PSYoungGen: 487168K->108480K(453120K)] 521537K->275933K(1851392K), 0.1559065 secs] [Times: user=0.93 sys=0.00, real=0.16 secs] 
3873.874: [GC (Allocation Failure) [PSYoungGen: 453056K->144416K(519168K)] 620509K->418118K(1917440K), 0.0527587 secs] [Times: user=0.31 sys=0.00, real=0.05 secs] 
3875.260: [GC (Allocation Failure) [PSYoungGen: 488480K->105824K(521216K)] 762182K->515318K(1919488K), 0.0645151 secs] [Times: user=0.38 sys=0.00, real=0.07 secs] 
3875.896: [GC (Allocation Failure) [PSYoungGen: 449888K->142624K(519168K)] 859387K->654487K(1917440K), 0.0517580 secs] [Times: user=0.31 sys=0.00, real=0.05 secs] 
3877.483: [GC (Allocation Failure) [PSYoungGen: 486176K->106688K(521216K)] 998039K->751826K(1919488K), 0.0847179 secs] [Times: user=0.50 sys=0.00, real=0.08 secs] 
3878.489: [GC (Allocation Failure) [PSYoungGen: 450240K->142016K(519680K)] 1095378K->890607K(1917952K), 0.0523611 secs] [Times: user=0.31 sys=0.01, real=0.06 secs] 
3880.131: [GC (Allocation Failure) [PSYoungGen: 486080K->108672K(521216K)] 1234671K->990199K(1919488K), 0.1173403 secs] [Times: user=0.69 sys=0.01, real=0.12 secs] 
3881.684: [GC (Allocation Failure) [PSYoungGen: 452736K->139968K(520704K)] 1334263K->1127276K(1918976K), 0.0533683 secs] [Times: user=0.31 sys=0.00, real=0.05 secs] 
3883.133: [GC (Allocation Failure) [PSYoungGen: 485568K->109632K(521216K)] 1472876K->1227068K(1919488K), 0.0699000 secs] [Times: user=0.42 sys=0.00, real=0.07 secs] 
3883.810: [GC (Allocation Failure) [PSYoungGen: 455232K->151904K(515072K)] 1572668K->1376032K(1913344K), 0.0540455 secs] [Times: user=0.32 sys=0.00, real=0.06 secs] 
3885.163: [GC (Allocation Failure) [PSYoungGen: 493408K->106688K(520192K)] 1717536K->1464744K(1918464K), 0.0660375 secs] [Times: user=0.39 sys=0.00, real=0.06 secs] 
3885.229: [Full GC (Ergonomics) [PSYoungGen: 106688K->0K(520192K)] [ParOldGen: 1358056K->30953K(1398272K)] 1464744K->30953K(1918464K), [Metaspace: 60397K->60397K(1105920K)], 0.0520247 secs] [Times: user=0.17 sys=0.00, real=0.05 secs] 
3885.814: [GC (Allocation Failure) [PSYoungGen: 341504K->151616K(512512K)] 372457K->182569K(1910784K), 0.0288464 secs] [Times: user=0.17 sys=0.00, real=0.03 secs] 
3887.408: [GC (Allocation Failure) [PSYoungGen: 486976K->101792K(517120K)] 517929K->267165K(1915392K), 0.1078306 secs] [Times: user=0.64 sys=0.00, real=0.11 secs] 
3889.487: [GC (Allocation Failure) [PSYoungGen: 437152K->136416K(514048K)] 602525K->401017K(1912320K), 0.0503464 secs] [Times: user=0.30 sys=0.00, real=0.05 secs] 
3890.935: [GC (Allocation Failure) [PSYoungGen: 472800K->106928K(516096K)] 737401K->498689K(1914368K), 0.0633168 secs] [Times: user=0.38 sys=0.00, real=0.06 secs] 
3891.772: [GC (Allocation Failure) [PSYoungGen: 443312K->133984K(515072K)] 835073K->631142K(1913344K), 0.0521024 secs] [Times: user=0.31 sys=0.00, real=0.05 secs] 
3893.131: [GC (Allocation Failure) [PSYoungGen: 475488K->115392K(517120K)] 972646K->737298K(1915392K), 0.0645573 secs] [Times: user=0.38 sys=0.00, real=0.07 secs] 
3894.019: [GC (Allocation Failure) [PSYoungGen: 456896K->140320K(521216K)] 1078802K->876139K(1919488K), 0.0549221 secs] [Times: user=0.32 sys=0.00, real=0.06 secs] 
3896.156: [GC (Allocation Failure) [PSYoungGen: 488992K->3008K(351744K)] 1224811K->738931K(1750016K), 0.0024402 secs] [Times: user=0.01 sys=0.00, real=0.00 secs] 
3897.771: [GC (Allocation Failure) [PSYoungGen: 351680K->132000K(509952K)] 1087603K->868888K(1908224K), 0.0270368 secs] [Times: user=0.16 sys=0.00, real=0.03 secs] 
3899.093: [GC (Allocation Failure) [PSYoungGen: 452512K->115072K(435712K)] 1189400K->974664K(1833984K), 0.0632310 secs] [Times: user=0.37 sys=0.00, real=0.06 secs] 
3900.398: [GC (Allocation Failure) [PSYoungGen: 435584K->113504K(508416K)] 1295176K->1087752K(1906688K), 0.0525620 secs] [Times: user=0.31 sys=0.00, real=0.05 secs] 
3901.859: [GC (Allocation Failure) [PSYoungGen: 440160K->134528K(502272K)] 1414408K->1211533K(1900544K), 0.0620211 secs] [Times: user=0.37 sys=0.00, real=0.06 secs] 
3903.878: [GC (Allocation Failure) [PSYoungGen: 461184K->113824K(517120K)] 1538189K->1325301K(1915392K), 0.0569961 secs] [Times: user=0.33 sys=0.00, real=0.06 secs] 
3903.935: [Full GC (Ergonomics) [PSYoungGen: 113824K->0K(517120K)] [ParOldGen: 1211477K->113536K(1398272K)] 1325301K->113536K(1915392K), [Metaspace: 60397K->60397K(1105920K)], 0.2709872 secs] [Times: user=1.17 sys=0.00, real=0.27 secs] 
3904.908: [GC (Allocation Failure) [PSYoungGen: 345492K->170976K(517632K)] 459029K->299312K(1915904K), 0.0510573 secs] [Times: user=0.30 sys=0.00, real=0.05 secs] 
3906.472: [GC (Allocation Failure) [PSYoungGen: 517600K->98464K(502272K)] 645936K->363384K(1900544K), 0.0607895 secs] [Times: user=0.35 sys=0.00, real=0.06 secs] 
3906.916: [GC (Allocation Failure) [PSYoungGen: 419488K->143680K(464896K)] 684408K->496857K(1863168K), 0.0557034 secs] [Times: user=0.33 sys=0.00, real=0.06 secs] 
3908.476: [GC (Allocation Failure) [PSYoungGen: 464704K->86432K(508928K)] 817881K->582861K(1907200K), 0.0623017 secs] [Times: user=0.36 sys=0.01, real=0.06 secs] 
3908.908: [GC (Allocation Failure) [PSYoungGen: 404896K->137760K(508416K)] 901325K->714610K(1906688K), 0.0535467 secs] [Times: user=0.31 sys=0.00, real=0.05 secs] 
3911.969: [GC (Allocation Failure) [PSYoungGen: 456224K->82720K(508416K)] 1033074K->796730K(1906688K), 0.0950898 secs] [Times: user=0.56 sys=0.00, real=0.10 secs] 
3912.445: [GC (Allocation Failure) [PSYoungGen: 391946K->132896K(452096K)] 1105956K->923851K(1850368K), 0.0466908 secs] [Times: user=0.28 sys=0.00, real=0.04 secs] 
3914.213: [GC (Allocation Failure) [PSYoungGen: 451872K->95616K(510464K)] 1242827K->1011139K(1908736K), 0.0944687 secs] [Times: user=0.55 sys=0.01, real=0.09 secs] 
3914.776: [GC (Allocation Failure) [PSYoungGen: 418176K->135584K(507904K)] 1333699K->1142711K(1906176K), 0.0475929 secs] [Times: user=0.28 sys=0.00, real=0.05 secs] 
3916.572: [GC (Allocation Failure) [PSYoungGen: 458144K->99040K(508928K)] 1465271K->1232875K(1907200K), 0.1161262 secs] [Times: user=0.69 sys=0.00, real=0.11 secs] 
3917.807: [GC (Allocation Failure) [PSYoungGen: 427232K->135648K(509952K)] 1561067K->1365888K(1908224K), 0.0508711 secs] [Times: user=0.29 sys=0.00, real=0.05 secs] 
3917.858: [Full GC (Ergonomics) [PSYoungGen: 135648K->0K(509952K)] [ParOldGen: 1230240K->163554K(1398272K)] 1365888K->163554K(1908224K), [Metaspace: 60397K->60397K(1105920K)], 0.3744696 secs] [Times: user=1.72 sys=0.00, real=0.38 secs] 
3919.466: [GC (Allocation Failure) [PSYoungGen: 328192K->104416K(510464K)] 491746K->267970K(1908736K), 0.0385045 secs] [Times: user=0.23 sys=0.00, real=0.04 secs] 
3920.167: [GC (Allocation Failure) [PSYoungGen: 439264K->133024K(513536K)] 602818K->399119K(1911808K), 0.0535738 secs] [Times: user=0.31 sys=0.01, real=0.05 secs] 
3921.528: [GC (Allocation Failure) [PSYoungGen: 467872K->114848K(509440K)] 733967K->504271K(1907712K), 0.0636996 secs] [Times: user=0.38 sys=0.00, real=0.06 secs] 
3922.744: [GC (Allocation Failure) [PSYoungGen: 456864K->129408K(515072K)] 846287K->632452K(1913344K), 0.0542394 secs] [Times: user=0.32 sys=0.00, real=0.05 secs] 
3924.099: [GC (Allocation Failure) [PSYoungGen: 471424K->288K(496640K)] 974468K->503452K(1894912K), 0.0021387 secs] [Times: user=0.01 sys=0.00, real=0.01 secs] 
3925.774: [GC (Allocation Failure) [PSYoungGen: 325408K->119008K(512000K)] 828572K->622188K(1910272K), 0.0244259 secs] [Times: user=0.15 sys=0.00, real=0.02 secs] 
3927.294: [GC (Allocation Failure) [PSYoungGen: 444128K->130080K(509440K)] 947308K->740972K(1907712K), 0.0624446 secs] [Times: user=0.38 sys=0.00, real=0.06 secs] 
3927.786: [GC (Allocation Failure) [PSYoungGen: 458784K->108800K(437760K)] 1069676K->849677K(1836032K), 0.0569039 secs] [Times: user=0.34 sys=0.00, real=0.06 secs] 
3928.674: [GC (Allocation Failure) [PSYoungGen: 437504K->176608K(410624K)] 1178381K->1020657K(1808896K), 0.0645631 secs] [Times: user=0.37 sys=0.01, real=0.06 secs] 
3929.666: [GC (Allocation Failure) [PSYoungGen: 410592K->56288K(290304K)] 1254641K->1035657K(1688576K), 0.0564393 secs] [Times: user=0.33 sys=0.00, real=0.06 secs] 
3930.007: [GC (Allocation Failure) [PSYoungGen: 290272K->103168K(473088K)] 1269641K->1132818K(1871360K), 0.0364400 secs] [Times: user=0.21 sys=0.00, real=0.04 secs] 
3931.190: [GC (Allocation Failure) [PSYoungGen: 343296K->94432K(334848K)] 1372946K->1218514K(1733120K), 0.0548082 secs] [Times: user=0.32 sys=0.00, real=0.06 secs] 
3932.909: [GC (Allocation Failure) [PSYoungGen: 334560K->65024K(460800K)] 1458642K->1282986K(1859072K), 0.0724447 secs] [Times: user=0.43 sys=0.01, real=0.07 secs] 
3932.982: [Full GC (Ergonomics) [PSYoungGen: 65024K->0K(460800K)] [ParOldGen: 1217962K->81720K(1398272K)] 1282986K->81720K(1859072K), [Metaspace: 60399K->60399K(1105920K)], 0.1886899 secs] [Times: user=0.84 sys=0.00, real=0.18 secs] 
3933.505: [GC (Allocation Failure) [PSYoungGen: 241664K->106464K(459264K)] 323384K->188185K(1857536K), 0.0244535 secs] [Times: user=0.11 sys=0.00, real=0.02 secs] 
3934.660: [GC (Allocation Failure) [PSYoungGen: 348128K->82048K(474624K)] 429849K->261768K(1872896K), 0.0541988 secs] [Times: user=0.33 sys=0.00, real=0.06 secs] 
3936.051: [GC (Allocation Failure) [PSYoungGen: 348800K->89952K(470016K)] 528520K->351213K(1868288K), 0.0418121 secs] [Times: user=0.25 sys=0.00, real=0.05 secs] 
3936.451: [GC (Allocation Failure) [PSYoungGen: 356704K->117728K(488960K)] 617965K->463401K(1887232K), 0.0503902 secs] [Times: user=0.29 sys=0.00, real=0.06 secs] 
3938.156: [GC (GCLocker Initiated GC) [PSYoungGen: 410080K->72672K(484352K)] 755754K->536026K(1882624K), 0.1139255 secs] [Times: user=0.67 sys=0.01, real=0.11 secs] 
3938.686: [GC (Allocation Failure) [PSYoungGen: 365024K->124736K(500736K)] 828381K->657653K(1899008K), 0.0428943 secs] [Times: user=0.25 sys=0.00, real=0.04 secs] 
3940.198: [GC (Allocation Failure) [PSYoungGen: 436032K->96736K(499712K)] 968949K->745941K(1897984K), 0.0652360 secs] [Times: user=0.39 sys=0.01, real=0.07 secs] 
3942.105: [GC (Allocation Failure) [PSYoungGen: 408032K->122528K(503808K)] 1057237K->866466K(1902080K), 0.0485176 secs] [Times: user=0.28 sys=0.00, real=0.05 secs] 
3943.399: [GC (Allocation Failure) [PSYoungGen: 444576K->120256K(502784K)] 1188514K->977578K(1901056K), 0.0625785 secs] [Times: user=0.37 sys=0.00, real=0.07 secs] 
3945.205: [GC (Allocation Failure) [PSYoungGen: 442304K->115456K(513536K)] 1299626K->1092634K(1911808K), 0.0543874 secs] [Times: user=0.32 sys=0.00, real=0.05 secs] 
3946.512: [GC (Allocation Failure) [PSYoungGen: 455424K->140960K(514048K)] 1432602K->1214719K(1912320K), 0.0627680 secs] [Times: user=0.37 sys=0.00, real=0.07 secs] 
3948.409: [GC (Allocation Failure) [PSYoungGen: 480928K->103584K(519168K)] 1554687K->1318247K(1917440K), 0.0577022 secs] [Times: user=0.34 sys=0.01, real=0.06 secs] 
3949.749: [GC (Allocation Failure) [PSYoungGen: 448672K->144736K(489984K)] 1663335K->1452426K(1888256K), 0.0623582 secs] [Times: user=0.37 sys=0.00, real=0.07 secs] 
3949.812: [Full GC (Ergonomics) [PSYoungGen: 144736K->0K(489984K)] [ParOldGen: 1307690K->252042K(1398272K)] 1452426K->252042K(1888256K), [Metaspace: 60401K->60401K(1105920K)], 0.5281013 secs] [Times: user=2.30 sys=0.00, real=0.52 secs] 
3951.133: [GC (Allocation Failure) [PSYoungGen: 345088K->102368K(523264K)] 597130K->354410K(1921536K), 0.0264216 secs] [Times: user=0.15 sys=0.00, real=0.02 secs] 
3952.362: [GC (Allocation Failure) [PSYoungGen: 444479K->175584K(518656K)] 696521K->527519K(1916928K), 0.0692603 secs] [Times: user=0.42 sys=0.00, real=0.06 secs] 
3953.147: [GC (Allocation Failure) [PSYoungGen: 518624K->102496K(430592K)] 870559K->592975K(1828864K), 0.0583017 secs] [Times: user=0.34 sys=0.00, real=0.06 secs] 
3953.499: [GC (Allocation Failure) [PSYoungGen: 352864K->113728K(474624K)] 843343K->696652K(1872896K), 0.0523336 secs] [Times: user=0.31 sys=0.01, real=0.05 secs] 
3955.509: [GC (Allocation Failure) [PSYoungGen: 364041K->58464K(472064K)] 946965K->754528K(1870336K), 0.1226564 secs] [Times: user=0.72 sys=0.01, real=0.13 secs] 
3956.345: [GC (Allocation Failure) [PSYoungGen: 316512K->106848K(365056K)] 1012576K->858332K(1763328K), 0.0354495 secs] [Times: user=0.21 sys=0.00, real=0.03 secs] 
3956.685: [GC (Allocation Failure) [PSYoungGen: 364896K->118496K(485376K)] 1116380K->967524K(1883648K), 0.0555167 secs] [Times: user=0.33 sys=0.00, real=0.05 secs] 
3958.145: [GC (Allocation Failure) [PSYoungGen: 392928K->68032K(476672K)] 1241956K->1035500K(1874944K), 0.0530500 secs] [Times: user=0.31 sys=0.00, real=0.05 secs] 
3958.532: [GC (Allocation Failure) [PSYoungGen: 342464K->119072K(489984K)] 1309932K->1148845K(1888256K), 0.0436572 secs] [Times: user=0.26 sys=0.00, real=0.04 secs] 
3959.806: [GC (GCLocker Initiated GC) [PSYoungGen: 411424K->84128K(487936K)] 1441197K->1224421K(1886208K), 0.0621574 secs] [Times: user=0.37 sys=0.00, real=0.06 secs] 
3960.436: [GC (Allocation Failure) [PSYoungGen: 376480K->122496K(499200K)] 1516776K->1344141K(1897472K), 0.0438178 secs] [Times: user=0.26 sys=0.00, real=0.04 secs] 
3961.709: [GC (Allocation Failure) [PSYoungGen: 432256K->109888K(498176K)] 1653901K->1445021K(1896448K), 0.0614422 secs] [Times: user=0.36 sys=0.00, real=0.06 secs] 
3961.770: [Full GC (Ergonomics) [PSYoungGen: 109888K->0K(498176K)] [ParOldGen: 1335133K->252208K(1398272K)] 1445021K->252208K(1896448K), [Metaspace: 60401K->60401K(1105920K)], 0.5332400 secs] [Times: user=2.33 sys=0.00, real=0.54 secs] 
3963.991: [GC (Allocation Failure) [PSYoungGen: 309760K->106176K(504320K)] 561968K->358384K(1902592K), 0.0219362 secs] [Times: user=0.13 sys=0.00, real=0.03 secs] 
3964.786: [GC (Allocation Failure) [PSYoungGen: 431680K->175072K(502272K)] 683888K->525133K(1900544K), 0.0621747 secs] [Times: user=0.36 sys=0.00, real=0.06 secs] 
3966.076: [GC (Allocation Failure) [PSYoungGen: 502240K->91840K(445952K)] 852301K->582069K(1844224K), 0.0612791 secs] [Times: user=0.36 sys=0.00, real=0.06 secs] 
3966.420: [GC (Allocation Failure) [PSYoungGen: 341184K->109024K(474112K)] 831413K->685782K(1872384K), 0.0500561 secs] [Times: user=0.29 sys=0.00, real=0.05 secs] 
3967.603: [GC (Allocation Failure) [PSYoungGen: 358368K->57760K(469504K)] 935126K->743070K(1867776K), 0.0513333 secs] [Times: user=0.30 sys=0.00, real=0.05 secs] 
3968.157: [GC (GCLocker Initiated GC) [PSYoungGen: 314784K->106400K(475648K)] 1000096K->847615K(1873920K), 0.0425008 secs] [Times: user=0.24 sys=0.01, real=0.04 secs] 
3968.560: [GC (Allocation Failure) [PSYoungGen: 363424K->132832K(476672K)] 1104676K->971604K(1874944K), 0.0556418 secs] [Times: user=0.33 sys=0.00, real=0.06 secs] 
3971.484: [GC (GCLocker Initiated GC) [PSYoungGen: 403168K->60128K(477184K)] 1241941K->1014869K(1875456K), 0.0855111 secs] [Times: user=0.51 sys=0.00, real=0.08 secs] 
3971.980: [GC (Allocation Failure) [PSYoungGen: 330464K->115040K(477184K)] 1285208K->1125785K(1875456K), 0.0396386 secs] [Times: user=0.23 sys=0.00, real=0.04 secs] 
3973.194: [GC (Allocation Failure) [PSYoungGen: 399712K->91808K(484352K)] 1410457K->1208905K(1882624K), 0.0568711 secs] [Times: user=0.34 sys=0.00, real=0.05 secs] 
3974.366: [GC (Allocation Failure) [PSYoungGen: 376480K->105088K(482304K)] 1493577K->1313090K(1880576K), 0.0466261 secs] [Times: user=0.27 sys=0.01, real=0.05 secs] 
3974.784: [GC (Allocation Failure) [PSYoungGen: 410240K->138656K(491520K)] 1618242K->1442122K(1889792K), 0.0581239 secs] [Times: user=0.34 sys=0.00, real=0.06 secs] 
3974.842: [Full GC (Ergonomics) [PSYoungGen: 138656K->0K(491520K)] [ParOldGen: 1303466K->248651K(1398272K)] 1442122K->248651K(1889792K), [Metaspace: 60401K->60401K(1105920K)], 0.5968790 secs] [Times: user=2.80 sys=0.00, real=0.59 secs] 
3977.803: [GC (Allocation Failure) [PSYoungGen: 305152K->75776K(510976K)] 553803K->324427K(1909248K), 0.0220438 secs] [Times: user=0.12 sys=0.00, real=0.02 secs] 
3978.289: [GC (Allocation Failure) [PSYoungGen: 397312K->140640K(462336K)] 645963K->459488K(1860608K), 0.0500920 secs] [Times: user=0.30 sys=0.00, real=0.05 secs] 
3979.645: [GC (Allocation Failure) [PSYoungGen: 462176K->88384K(510976K)] 781024K->547760K(1909248K), 0.1077672 secs] [Times: user=0.63 sys=0.01, real=0.11 secs] 
3980.142: [GC (Allocation Failure) [PSYoungGen: 393709K->131520K(506880K)] 853085K->673093K(1905152K), 0.0474178 secs] [Times: user=0.28 sys=0.00, real=0.04 secs] 
3981.623: [GC (Allocation Failure) [PSYoungGen: 450496K->93696K(505344K)] 992069K->758485K(1903616K), 0.0737581 secs] [Times: user=0.43 sys=0.01, real=0.07 secs] 
3982.473: [GC (Allocation Failure) [PSYoungGen: 416256K->137280K(506368K)] 1081045K->891366K(1904640K), 0.0468324 secs] [Times: user=0.28 sys=0.00, real=0.04 secs] 
3984.235: [GC (Allocation Failure) [PSYoungGen: 459840K->99456K(507392K)] 1213926K->981854K(1905664K), 0.0854712 secs] [Times: user=0.51 sys=0.01, real=0.08 secs] 
3985.747: [GC (Allocation Failure) [PSYoungGen: 428160K->132896K(509952K)] 1310558K->1112514K(1908224K), 0.0500733 secs] [Times: user=0.29 sys=0.00, real=0.05 secs] 
3987.155: [GC (GCLocker Initiated GC) [PSYoungGen: 461600K->106784K(507392K)] 1441219K->1209887K(1905664K), 0.0638774 secs] [Times: user=0.38 sys=0.00, real=0.06 secs] 
3988.350: [GC (Allocation Failure) [PSYoungGen: 442144K->140192K(512000K)] 1545286K->1348514K(1910272K), 0.0537902 secs] [Times: user=0.32 sys=0.00, real=0.06 secs] 
3989.746: [GC (Allocation Failure) [PSYoungGen: 475552K->115968K(513536K)] 1683874K->1446638K(1911808K), 0.0649837 secs] [Times: user=0.38 sys=0.00, real=0.06 secs] 
3989.811: [Full GC (Ergonomics) [PSYoungGen: 115968K->0K(513536K)] [ParOldGen: 1330670K->16655K(1398272K)] 1446638K->16655K(1911808K), [Metaspace: 60401K->60401K(1105920K)], 0.0294306 secs] [Times: user=0.07 sys=0.00, real=0.03 secs] 
3990.822: [GC (GCLocker Initiated GC) [PSYoungGen: 342016K->130112K(516096K)] 358671K->146767K(1914368K), 0.0261349 secs] [Times: user=0.15 sys=0.01, real=0.02 secs] 
3992.253: [GC (Allocation Failure) [PSYoungGen: 472128K->768K(496640K)] 488793K->17537K(1894912K), 0.0014351 secs] [Times: user=0.01 sys=0.00, real=0.00 secs] 
3993.905: [GC (Allocation Failure) [PSYoungGen: 323840K->120032K(510976K)] 340609K->136825K(1909248K), 0.0242105 secs] [Times: user=0.14 sys=0.00, real=0.02 secs] 
3995.260: [GC (Allocation Failure) [PSYoungGen: 443104K->128448K(508928K)] 459897K->255174K(1907200K), 0.0621941 secs] [Times: user=0.37 sys=0.00, real=0.07 secs] 
3996.450: [GC (Allocation Failure) [PSYoungGen: 454592K->103328K(429568K)] 581318K->358094K(1827840K), 0.0547126 secs] [Times: user=0.32 sys=0.00, real=0.06 secs] 
3996.948: [GC (Allocation Failure) [PSYoungGen: 428644K->178528K(482304K)] 683411K->526927K(1880576K), 0.0584229 secs] [Times: user=0.34 sys=0.01, real=0.06 secs] 
3998.704: [GC (Allocation Failure) [PSYoungGen: 482144K->78752K(501248K)] 830543K->571951K(1899520K), 0.0603875 secs] [Times: user=0.36 sys=0.00, real=0.06 secs] 
3999.180: [GC (Allocation Failure) [PSYoungGen: 382368K->131616K(497152K)] 875567K->697984K(1895424K), 0.0491054 secs] [Times: user=0.29 sys=0.00, real=0.05 secs] 
4001.264: [GC (Allocation Failure) [PSYoungGen: 437280K->80640K(500224K)] 1003648K->778048K(1898496K), 0.1045797 secs] [Times: user=0.61 sys=0.01, real=0.10 secs] 
4001.813: [GC (Allocation Failure) [PSYoungGen: 386304K->127904K(500736K)] 1083712K->901909K(1899008K), 0.0457472 secs] [Times: user=0.27 sys=0.00, real=0.04 secs] 
4003.229: [GC (GCLocker Initiated GC) [PSYoungGen: 440224K->92544K(502784K)] 1214229K->985537K(1901056K), 0.0879963 secs] [Times: user=0.52 sys=0.00, real=0.09 secs] 
4004.380: [GC (Allocation Failure) [PSYoungGen: 404864K->128256K(506368K)] 1297860K->1110473K(1904640K), 0.0480161 secs] [Times: user=0.28 sys=0.00, real=0.05 secs] 
4005.698: [GC (Allocation Failure) [PSYoungGen: 448768K->108704K(505856K)] 1430985K->1210021K(1904128K), 0.0644557 secs] [Times: user=0.39 sys=0.00, real=0.07 secs] 
4007.108: [GC (Allocation Failure) [PSYoungGen: 429216K->122016K(508416K)] 1530533K->1330849K(1906688K), 0.0533722 secs] [Times: user=0.31 sys=0.00, real=0.05 secs] 
4008.428: [GC (Allocation Failure) [PSYoungGen: 452256K->125216K(505856K)] 1661089K->1446245K(1904128K), 0.0640121 secs] [Times: user=0.37 sys=0.00, real=0.07 secs] 
4008.492: [Full GC (Ergonomics) [PSYoungGen: 125216K->0K(505856K)] [ParOldGen: 1321029K->251513K(1398272K)] 1446245K->251513K(1904128K), [Metaspace: 60409K->60409K(1105920K)], 0.5280560 secs] [Times: user=2.32 sys=0.00, real=0.52 secs] 
4010.088: [GC (Allocation Failure) [PSYoungGen: 330240K->108608K(517120K)] 581753K->360121K(1915392K), 0.0225410 secs] [Times: user=0.13 sys=0.00, real=0.02 secs] 
4011.389: [GC (Allocation Failure) [PSYoungGen: 457792K->140160K(518144K)] 709305K->489804K(1916416K), 0.0619202 secs] [Times: user=0.37 sys=0.00, real=0.06 secs] 
4012.597: [GC (Allocation Failure) [PSYoungGen: 489344K->111712K(524800K)] 838988K->601220K(1923072K), 0.0603417 secs] [Times: user=0.36 sys=0.00, real=0.06 secs] 
4014.028: [GC (Allocation Failure) [PSYoungGen: 468576K->136736K(525312K)] 958084K->727449K(1923584K), 0.0620041 secs] [Times: user=0.37 sys=0.00, real=0.06 secs] 
4015.849: [GC (Allocation Failure) [PSYoungGen: 493600K->122208K(525824K)] 1084313K->849593K(1924096K), 0.0589060 secs] [Times: user=0.35 sys=0.01, real=0.06 secs] 
4017.236: [GC (Allocation Failure) [PSYoungGen: 481632K->126336K(526848K)] 1209017K->965337K(1925120K), 0.0630463 secs] [Times: user=0.37 sys=0.00, real=0.06 secs] 
4018.671: [GC (Allocation Failure) [PSYoungGen: 485760K->132864K(529920K)] 1324761K->1097978K(1928192K), 0.0578372 secs] [Times: user=0.34 sys=0.00, real=0.06 secs] 
4020.153: [GC (Allocation Failure) [PSYoungGen: 497408K->5312K(370176K)] 1462522K->970498K(1768448K), 0.0061342 secs] [Times: user=0.03 sys=0.00, real=0.00 secs] 
4021.610: [GC (Allocation Failure) [PSYoungGen: 369856K->146848K(503808K)] 1335042K->1115798K(1902080K), 0.0306696 secs] [Times: user=0.18 sys=0.00, real=0.03 secs] 
4023.276: [GC (GCLocker Initiated GC) [PSYoungGen: 469920K->101024K(510976K)] 1438871K->1207415K(1909248K), 0.0656616 secs] [Times: user=0.39 sys=0.00, real=0.07 secs] 
4023.883: [GC (Allocation Failure) [PSYoungGen: 424096K->138208K(509440K)] 1530525K->1344146K(1907712K), 0.0511560 secs] [Times: user=0.30 sys=0.00, real=0.05 secs] 
4023.934: [Full GC (Ergonomics) [PSYoungGen: 138208K->0K(509440K)] [ParOldGen: 1205938K->146414K(1398272K)] 1344146K->146414K(1907712K), [Metaspace: 60414K->60414K(1105920K)], 0.3378529 secs] [Times: user=1.55 sys=0.00, real=0.34 secs] 
4025.477: [GC (Allocation Failure) [PSYoungGen: 327168K->115872K(443392K)] 473582K->262286K(1841664K), 0.0413489 secs] [Times: user=0.25 sys=0.00, real=0.04 secs] 
4026.431: [GC (GCLocker Initiated GC) [PSYoungGen: 443040K->117856K(515072K)] 589454K->379878K(1913344K), 0.0571003 secs] [Times: user=0.34 sys=0.01, real=0.06 secs] 
4027.816: [GC (Allocation Failure) [PSYoungGen: 454240K->130720K(509952K)] 716263K->500252K(1908224K), 0.0625599 secs] [Times: user=0.37 sys=0.00, real=0.06 secs] 
4029.808: [GC (Allocation Failure) [PSYoungGen: 467104K->109504K(520704K)] 836636K->608872K(1918976K), 0.0554127 secs] [Times: user=0.32 sys=0.00, real=0.06 secs] 
4031.154: [GC (Allocation Failure) [PSYoungGen: 460736K->139008K(520192K)] 960104K->737233K(1918464K), 0.0624108 secs] [Times: user=0.36 sys=0.00, real=0.06 secs] 
4031.875: [GC (Allocation Failure) [PSYoungGen: 490240K->117344K(522240K)] 1088465K->854257K(1920512K), 0.0588478 secs] [Times: user=0.35 sys=0.00, real=0.06 secs] 
4033.257: [GC (Allocation Failure) [PSYoungGen: 474720K->131008K(524288K)] 1211633K->974830K(1922560K), 0.0624623 secs] [Times: user=0.37 sys=0.00, real=0.06 secs] 
4034.366: [GC (Allocation Failure) [PSYoungGen: 488384K->128384K(529920K)] 1332206K->1103138K(1928192K), 0.0590070 secs] [Times: user=0.34 sys=0.01, real=0.06 secs] 
4035.756: [GC (Allocation Failure) [PSYoungGen: 493440K->3584K(369152K)] 1468194K->978382K(1767424K), 0.0029873 secs] [Times: user=0.01 sys=0.00, real=0.00 secs] 
4038.071: [GC (Allocation Failure) [PSYoungGen: 368640K->143072K(506880K)] 1343438K->1119491K(1905152K), 0.0295621 secs] [Times: user=0.17 sys=0.00, real=0.03 secs] 
4039.367: [GC (Allocation Failure) [PSYoungGen: 469216K->106624K(433152K)] 1445635K->1216623K(1831424K), 0.0665461 secs] [Times: user=0.40 sys=0.00, real=0.07 secs] 
4040.331: [GC (Allocation Failure) [PSYoungGen: 432768K->127712K(513024K)] 1542767K->1342803K(1911296K), 0.0524711 secs] [Times: user=0.30 sys=0.00, real=0.06 secs] 
4040.384: [Full GC (Ergonomics) [PSYoungGen: 127712K->0K(513024K)] [ParOldGen: 1215091K->144450K(1398272K)] 1342803K->144450K(1911296K), [Metaspace: 60414K->60414K(1105920K)], 0.3341004 secs] [Times: user=1.54 sys=0.00, real=0.33 secs] 
4041.970: [GC (Allocation Failure) [PSYoungGen: 332800K->118880K(512000K)] 477250K->263330K(1910272K), 0.0426532 secs] [Times: user=0.26 sys=0.00, real=0.05 secs] 
4042.666: [GC (Allocation Failure) [PSYoungGen: 451680K->121856K(516608K)] 596130K->385234K(1914880K), 0.0588965 secs] [Times: user=0.35 sys=0.00, real=0.06 secs] 
4044.858: [GC (Allocation Failure) [PSYoungGen: 464384K->126688K(514048K)] 727762K->501159K(1912320K), 0.0619678 secs] [Times: user=0.37 sys=0.00, real=0.06 secs] 
4045.817: [GC (GCLocker Initiated GC) [PSYoungGen: 469216K->119232K(522752K)] 843689K->620345K(1921024K), 0.0561993 secs] [Times: user=0.32 sys=0.00, real=0.06 secs] 
4047.199: [GC (Allocation Failure) [PSYoungGen: 476096K->129440K(523264K)] 977210K->739006K(1921536K), 0.0628015 secs] [Times: user=0.37 sys=0.00, real=0.07 secs] 
4048.096: [GC (Allocation Failure) [PSYoungGen: 486304K->129568K(531456K)] 1095870K->868510K(1929728K), 0.0583583 secs] [Times: user=0.34 sys=0.00, real=0.06 secs] 
4049.518: [GC (Allocation Failure) [PSYoungGen: 495648K->3424K(369664K)] 1234590K->742406K(1767936K), 0.0036070 secs] [Times: user=0.02 sys=0.00, real=0.01 secs] 
4050.464: [GC (Allocation Failure) [PSYoungGen: 369504K->147904K(502784K)] 1108486K->888563K(1901056K), 0.0303489 secs] [Times: user=0.18 sys=0.00, real=0.03 secs] 
4051.934: [GC (Allocation Failure) [PSYoungGen: 469952K->102016K(510464K)] 1210611K->981523K(1908736K), 0.0827506 secs] [Times: user=0.48 sys=0.00, real=0.08 secs] 
4053.717: [GC (Allocation Failure) [PSYoungGen: 424064K->128032K(507904K)] 1303571K->1107016K(1906176K), 0.0501809 secs] [Times: user=0.29 sys=0.00, real=0.05 secs] 
4055.017: [GC (Allocation Failure) [PSYoungGen: 456224K->118784K(509952K)] 1435208K->1216640K(1908224K), 0.0633615 secs] [Times: user=0.38 sys=0.00, real=0.06 secs] 
4056.279: [GC (Allocation Failure) [PSYoungGen: 446976K->115872K(509440K)] 1544832K->1331576K(1907712K), 0.0537332 secs] [Times: user=0.32 sys=0.00, real=0.06 secs] 
4056.332: [Full GC (Ergonomics) [PSYoungGen: 115872K->0K(509440K)] [ParOldGen: 1215704K->131431K(1398272K)] 1331576K->131431K(1907712K), [Metaspace: 60423K->60423K(1105920K)], 0.3034977 secs] [Times: user=1.32 sys=0.00, real=0.30 secs] 
4057.862: [GC (Allocation Failure) [PSYoungGen: 339968K->132352K(512000K)] 471399K->263783K(1910272K), 0.0461581 secs] [Times: user=0.27 sys=0.00, real=0.04 secs] 
4059.050: [GC (GCLocker Initiated GC) [PSYoungGen: 472320K->111072K(518144K)] 603751K->374607K(1916416K), 0.0670018 secs] [Times: user=0.40 sys=0.00, real=0.07 secs] 
4060.423: [GC (Allocation Failure) [PSYoungGen: 464352K->137504K(521728K)] 727888K->501575K(1920000K), 0.0612361 secs] [Times: user=0.36 sys=0.00, real=0.06 secs] 
4061.808: [GC (Allocation Failure) [PSYoungGen: 490784K->117952K(523264K)] 854855K->619040K(1921536K), 0.0577503 secs] [Times: user=0.34 sys=0.00, real=0.06 secs] 
4063.164: [GC (Allocation Failure) [PSYoungGen: 476864K->130048K(525312K)] 977952K->738956K(1923584K), 0.0630490 secs] [Times: user=0.37 sys=0.00, real=0.06 secs] 
4064.550: [GC (Allocation Failure) [PSYoungGen: 488960K->128288K(530432K)] 1097868K->866820K(1928704K), 0.0582459 secs] [Times: user=0.34 sys=0.00, real=0.06 secs] 
4065.975: [GC (Allocation Failure) [PSYoungGen: 494368K->3328K(369664K)] 1232900K->741900K(1767936K), 0.0034390 secs] [Times: user=0.02 sys=0.00, real=0.00 secs] 
4067.745: [GC (Allocation Failure) [PSYoungGen: 369408K->144096K(506368K)] 1107980K->884537K(1904640K), 0.0295345 secs] [Times: user=0.17 sys=0.01, real=0.03 secs] 
4069.579: [GC (Allocation Failure) [PSYoungGen: 470240K->104512K(512512K)] 1210681K->979713K(1910784K), 0.0717868 secs] [Times: user=0.42 sys=0.00, real=0.07 secs] 
4070.289: [GC (Allocation Failure) [PSYoungGen: 430656K->128352K(511488K)] 1305857K->1106694K(1909760K), 0.0515910 secs] [Times: user=0.30 sys=0.00, real=0.05 secs] 
4071.628: [GC (Allocation Failure) [PSYoungGen: 460640K->118912K(512000K)] 1438982K->1215902K(1910272K), 0.0638998 secs] [Times: user=0.38 sys=0.01, real=0.07 secs] 
4072.603: [GC (Allocation Failure) [PSYoungGen: 451200K->120352K(515584K)] 1548190K->1335818K(1913856K), 0.0549538 secs] [Times: user=0.33 sys=0.00, real=0.05 secs] 
4072.657: [Full GC (Ergonomics) [PSYoungGen: 120352K->0K(515584K)] [ParOldGen: 1215466K->135452K(1398272K)] 1335818K->135452K(1913856K), [Metaspace: 60423K->60423K(1105920K)], 0.3069702 secs] [Times: user=1.40 sys=0.00, real=0.31 secs] 
4074.422: [GC (Allocation Failure) [PSYoungGen: 343552K->128928K(515584K)] 479004K->264380K(1913856K), 0.0477886 secs] [Times: user=0.29 sys=0.00, real=0.04 secs] 
4076.418: [GC (Allocation Failure) [PSYoungGen: 472480K->116480K(515584K)] 607932K->380460K(1913856K), 0.0656186 secs] [Times: user=0.39 sys=0.00, real=0.07 secs] 
4077.823: [GC (Allocation Failure) [PSYoungGen: 471296K->131616K(521216K)] 735276K->501565K(1919488K), 0.0617968 secs] [Times: user=0.36 sys=0.01, real=0.06 secs] 
4079.364: [GC (Allocation Failure) [PSYoungGen: 486432K->125472K(529408K)] 856381K->627005K(1927680K), 0.0577611 secs] [Times: user=0.34 sys=0.00, real=0.05 secs] 
4081.002: [GC (Allocation Failure) [PSYoungGen: 490528K->2912K(368128K)] 992061K->504485K(1766400K), 0.0030726 secs] [Times: user=0.02 sys=0.00, real=0.00 secs] 
4082.264: [GC (GCLocker Initiated GC) [PSYoungGen: 367968K->142464K(506368K)] 869541K->645878K(1904640K), 0.0288427 secs] [Times: user=0.16 sys=0.01, real=0.03 secs] 
4083.584: [GC (Allocation Failure) [PSYoungGen: 468608K->106448K(432640K)] 972024K->743008K(1830912K), 0.0647606 secs] [Times: user=0.38 sys=0.00, real=0.06 secs] 
4084.298: [GC (Allocation Failure) [PSYoungGen: 432592K->126880K(512000K)] 1069152K->868820K(1910272K), 0.0519757 secs] [Times: user=0.30 sys=0.00, real=0.05 secs] 
4085.664: [GC (Allocation Failure) [PSYoungGen: 459680K->120384K(511488K)] 1201620K->979556K(1909760K), 0.0636021 secs] [Times: user=0.38 sys=0.00, real=0.06 secs] 
4087.411: [GC (Allocation Failure) [PSYoungGen: 453184K->117632K(514560K)] 1312356K->1096748K(1912832K), 0.0554548 secs] [Times: user=0.33 sys=0.00, real=0.06 secs] 
4088.761: [GC (Allocation Failure) [PSYoungGen: 462208K->130016K(515584K)] 1441324K->1216501K(1913856K), 0.0628806 secs] [Times: user=0.38 sys=0.00, real=0.07 secs] 
4090.258: [GC (Allocation Failure) [PSYoungGen: 474592K->119072K(520192K)] 1561077K->1335517K(1918464K), 0.0578991 secs] [Times: user=0.34 sys=0.00, real=0.06 secs] 
4090.316: [Full GC (Ergonomics) [PSYoungGen: 119072K->0K(520192K)] [ParOldGen: 1216445K->134108K(1398272K)] 1335517K->134108K(1918464K), [Metaspace: 60423K->60423K(1105920K)], 0.3006464 secs] [Times: user=1.37 sys=0.00, real=0.30 secs] 
4091.906: [GC (Allocation Failure) [PSYoungGen: 356352K->129056K(523776K)] 490460K->263164K(1922048K), 0.0484441 secs] [Times: user=0.29 sys=0.00, real=0.05 secs] 
4093.039: [GC (Allocation Failure) [PSYoungGen: 485408K->128544K(530432K)] 619516K->391748K(1928704K), 0.0667808 secs] [Times: user=0.39 sys=0.00, real=0.07 secs] 
4094.429: [GC (Allocation Failure) [PSYoungGen: 492576K->3584K(368128K)] 755780K->266852K(1766400K), 0.0020546 secs] [Times: user=0.01 sys=0.00, real=0.00 secs] 
4095.671: [GC (Allocation Failure) [PSYoungGen: 367616K->144032K(504832K)] 630884K->409261K(1903104K), 0.0290392 secs] [Times: user=0.17 sys=0.00, real=0.03 secs] 
4096.965: [GC (Allocation Failure) [PSYoungGen: 467104K->105216K(428544K)] 732333K->505633K(1826816K), 0.0657211 secs] [Times: user=0.39 sys=0.00, real=0.06 secs] 
4098.291: [GC (Allocation Failure) [PSYoungGen: 428288K->128384K(510976K)] 828705K->632936K(1909248K), 0.0512877 secs] [Times: user=0.30 sys=0.00, real=0.06 secs] 
4099.684: [GC (Allocation Failure) [PSYoungGen: 458112K->117632K(510464K)] 962664K->741152K(1908736K), 0.0629771 secs] [Times: user=0.38 sys=0.00, real=0.06 secs] 
4100.376: [GC (Allocation Failure) [PSYoungGen: 447360K->120032K(515072K)] 1070880K->861144K(1913344K), 0.0535504 secs] [Times: user=0.31 sys=0.00, real=0.05 secs] 
4101.709: [GC (Allocation Failure) [PSYoungGen: 460000K->128448K(513024K)] 1201112K->978977K(1911296K), 0.0629409 secs] [Times: user=0.37 sys=0.00, real=0.07 secs] 
4102.624: [GC (Allocation Failure) [PSYoungGen: 468416K->116672K(519168K)] 1318945K->1095225K(1917440K), 0.0568643 secs] [Times: user=0.33 sys=0.00, real=0.05 secs] 
4103.979: [GC (Allocation Failure) [PSYoungGen: 469952K->131744K(521216K)] 1448505K->1216494K(1919488K), 0.0632286 secs] [Times: user=0.37 sys=0.00, real=0.07 secs] 
4105.618: [GC (Allocation Failure) [PSYoungGen: 485024K->122848K(525824K)] 1569774K->1338870K(1924096K), 0.0588844 secs] [Times: user=0.34 sys=0.00, real=0.06 secs] 
4105.677: [Full GC (Ergonomics) [PSYoungGen: 122848K->0K(525824K)] [ParOldGen: 1216022K->138421K(1398272K)] 1338870K->138421K(1924096K), [Metaspace: 60423K->60423K(1105920K)], 0.3139076 secs] [Times: user=1.43 sys=0.00, real=0.31 secs] 
4107.795: [GC (Allocation Failure) [PSYoungGen: 361984K->126688K(527872K)] 500405K->265109K(1926144K), 0.0464249 secs] [Times: user=0.27 sys=0.00, real=0.05 secs] 
4109.152: [GC (Allocation Failure) [PSYoungGen: 488672K->134752K(530944K)] 627093K->399482K(1929216K), 0.0619007 secs] [Times: user=0.37 sys=0.00, real=0.06 secs] 
4110.560: [GC (Allocation Failure) [PSYoungGen: 500832K->9216K(375808K)] 765562K->274122K(1774080K), 0.0042600 secs] [Times: user=0.02 sys=0.01, real=0.01 secs] 
4111.592: [GC (Allocation Failure) [PSYoungGen: 375296K->148576K(503296K)] 640202K->419903K(1901568K), 0.0315997 secs] [Times: user=0.19 sys=0.01, real=0.03 secs] 
4112.959: [GC (Allocation Failure) [PSYoungGen: 471648K->102112K(510976K)] 742975K->512131K(1909248K), 0.0688784 secs] [Times: user=0.41 sys=0.00, real=0.07 secs] 
4114.252: [GC (Allocation Failure) [PSYoungGen: 425184K->131968K(509952K)] 835203K->642000K(1908224K), 0.0508101 secs] [Times: user=0.30 sys=0.00, real=0.05 secs] 
4115.589: [GC (Allocation Failure) [PSYoungGen: 460672K->110272K(511488K)] 970704K->742952K(1909760K), 0.0632706 secs] [Times: user=0.37 sys=0.00, real=0.07 secs] 
4116.147: [GC (Allocation Failure) [PSYoungGen: 438976K->124384K(513536K)] 1071656K->866837K(1911808K), 0.0532970 secs] [Times: user=0.32 sys=0.00, real=0.05 secs] 
4117.483: [GC (Allocation Failure) [PSYoungGen: 461792K->123520K(511488K)] 1204245K->980229K(1909760K), 0.0638321 secs] [Times: user=0.38 sys=0.00, real=0.06 secs] 
4118.356: [GC (GCLocker Initiated GC) [PSYoungGen: 460928K->116896K(520192K)] 1317638K->1096798K(1918464K), 0.0566959 secs] [Times: user=0.33 sys=0.00, real=0.06 secs] 
4119.726: [GC (Allocation Failure) [PSYoungGen: 470176K->131648K(520192K)] 1450080K->1217819K(1918464K), 0.0633778 secs] [Times: user=0.38 sys=0.00, real=0.06 secs] 
4122.121: [GC (Allocation Failure) [PSYoungGen: 484928K->122080K(526336K)] 1571099K->1339475K(1924608K), 0.0590193 secs] [Times: user=0.35 sys=0.00, real=0.06 secs] 
4122.180: [Full GC (Ergonomics) [PSYoungGen: 122080K->0K(526336K)] [ParOldGen: 1217395K->137113K(1398272K)] 1339475K->137113K(1924608K), [Metaspace: 60424K->60424K(1105920K)], 0.3077286 secs] [Times: user=1.40 sys=0.00, real=0.31 secs] 
4123.790: [GC (Allocation Failure) [PSYoungGen: 364544K->127520K(528896K)] 501657K->264633K(1927168K), 0.0458863 secs] [Times: user=0.27 sys=0.00, real=0.05 secs] 
4125.125: [GC (GCLocker Initiated GC) [PSYoungGen: 492064K->138112K(529408K)] 629178K->402110K(1927680K), 0.0661517 secs] [Times: user=0.39 sys=0.00, real=0.06 secs] 
4126.741: [GC (Allocation Failure) [PSYoungGen: 504192K->9664K(375808K)] 768261K->273813K(1774080K), 0.0041337 secs] [Times: user=0.02 sys=0.00, real=0.01 secs] 
4128.207: [GC (Allocation Failure) [PSYoungGen: 375744K->148416K(503808K)] 639893K->420122K(1902080K), 0.0321950 secs] [Times: user=0.18 sys=0.00, real=0.03 secs] 
4129.724: [GC (Allocation Failure) [PSYoungGen: 471488K->102464K(510976K)] 743194K->512966K(1909248K), 0.0679109 secs] [Times: user=0.40 sys=0.00, real=0.07 secs] 
4130.612: [GC (Allocation Failure) [PSYoungGen: 425536K->131520K(509440K)] 836038K->641971K(1907712K), 0.0506956 secs] [Times: user=0.30 sys=0.00, real=0.05 secs] 
4131.931: [GC (Allocation Failure) [PSYoungGen: 460224K->110400K(510976K)] 970675K->743131K(1909248K), 0.0632480 secs] [Times: user=0.37 sys=0.00, real=0.07 secs] 
4133.119: [GC (Allocation Failure) [PSYoungGen: 439104K->122848K(514048K)] 1071835K->865436K(1912320K), 0.0524893 secs] [Times: user=0.30 sys=0.00, real=0.06 secs] 
4134.986: [GC (Allocation Failure) [PSYoungGen: 461280K->124640K(512000K)] 1203868K->980044K(1910272K), 0.0632292 secs] [Times: user=0.37 sys=0.00, real=0.06 secs] 
4136.642: [GC (Allocation Failure) [PSYoungGen: 463072K->119040K(521216K)] 1318476K->1099036K(1919488K), 0.0569169 secs] [Times: user=0.34 sys=0.00, real=0.05 secs] 
4138.060: [GC (Allocation Failure) [PSYoungGen: 472832K->129728K(520704K)] 1452828K->1217768K(1918976K), 0.0629664 secs] [Times: user=0.37 sys=0.00, real=0.07 secs] 
4138.755: [GC (Allocation Failure) [PSYoungGen: 483520K->130176K(531456K)] 1571560K->1347840K(1929728K), 0.0591980 secs] [Times: user=0.35 sys=0.00, real=0.06 secs] 
4138.815: [Full GC (Ergonomics) [PSYoungGen: 130176K->0K(531456K)] [ParOldGen: 1217664K->144701K(1398272K)] 1347840K->144701K(1929728K), [Metaspace: 60424K->60424K(1105920K)], 0.3389624 secs] [Times: user=1.56 sys=0.00, real=0.34 secs] 
4140.495: [GC (GCLocker Initiated GC) [PSYoungGen: 364544K->121248K(485888K)] 509245K->265949K(1884160K), 0.0428443 secs] [Times: user=0.25 sys=0.00, real=0.04 secs] 
4141.719: [GC (Allocation Failure) [PSYoungGen: 485792K->143232K(523264K)] 630564K->407860K(1921536K), 0.0607703 secs] [Times: user=0.35 sys=0.00, real=0.06 secs] 
4143.309: [GC (Allocation Failure) [PSYoungGen: 503680K->116800K(527872K)] 768308K->515173K(1926144K), 0.1056572 secs] [Times: user=0.63 sys=0.00, real=0.11 secs] 
4144.955: [GC (Allocation Failure) [PSYoungGen: 477248K->144960K(525824K)] 875621K->657753K(1924096K), 0.0558402 secs] [Times: user=0.32 sys=0.01, real=0.05 secs] 
4146.369: [GC (GCLocker Initiated GC) [PSYoungGen: 506944K->116512K(530432K)] 1019737K->764837K(1928704K), 0.0661986 secs] [Times: user=0.39 sys=0.01, real=0.07 secs] 
4147.374: [GC (Allocation Failure) [PSYoungGen: 478496K->158752K(515584K)] 1126860K->920001K(1913856K), 0.0564424 secs] [Times: user=0.33 sys=0.00, real=0.05 secs] 
4148.867: [GC (GCLocker Initiated GC) [PSYoungGen: 509472K->110112K(524800K)] 1270721K->1012745K(1923072K), 0.0838659 secs] [Times: user=0.49 sys=0.00, real=0.08 secs] 
4149.583: [GC (Allocation Failure) [PSYoungGen: 460832K->148128K(518656K)] 1363504K->1156785K(1916928K), 0.0535685 secs] [Times: user=0.32 sys=0.00, real=0.05 secs] 
4151.966: [GC (GCLocker Initiated GC) [PSYoungGen: 494752K->104832K(522752K)] 1503409K->1252617K(1921024K), 0.1153913 secs] [Times: user=0.68 sys=0.01, real=0.11 secs] 
4152.809: [GC (Allocation Failure) [PSYoungGen: 451456K->148064K(516608K)] 1599244K->1396345K(1914880K), 0.0517924 secs] [Times: user=0.30 sys=0.00, real=0.05 secs] 
4152.861: [Full GC (Ergonomics) [PSYoungGen: 148064K->0K(516608K)] [ParOldGen: 1248281K->193849K(1398272K)] 1396345K->193849K(1914880K), [Metaspace: 60425K->60425K(1105920K)], 0.4584750 secs] [Times: user=2.13 sys=0.00, real=0.46 secs] 
4154.923: [GC (GCLocker Initiated GC) [PSYoungGen: 341504K->100544K(520192K)] 535353K->294394K(1918464K), 0.0616137 secs] [Times: user=0.36 sys=0.00, real=0.06 secs] 
4155.526: [GC (Allocation Failure) [PSYoungGen: 442048K->152928K(510464K)] 635936K->443176K(1908736K), 0.0493225 secs] [Times: user=0.29 sys=0.00, real=0.05 secs] 
4157.084: [GC (Allocation Failure) [PSYoungGen: 485216K->103616K(515584K)] 775464K->529520K(1913856K), 0.1096944 secs] [Times: user=0.65 sys=0.01, real=0.11 secs] 
4157.829: [GC (Allocation Failure) [PSYoungGen: 435904K->141376K(515072K)] 861808K->664940K(1913344K), 0.0508541 secs] [Times: user=0.30 sys=0.00, real=0.05 secs] 
4159.507: [GC (Allocation Failure) [PSYoungGen: 475200K->101344K(516096K)] 998764K->757433K(1914368K), 0.0931901 secs] [Times: user=0.55 sys=0.00, real=0.09 secs] 
4160.393: [GC (Allocation Failure) [PSYoungGen: 435168K->140032K(515584K)] 1091257K->894925K(1913856K), 0.0509822 secs] [Times: user=0.30 sys=0.00, real=0.05 secs] 
4161.896: [GC (Allocation Failure) [PSYoungGen: 474880K->104032K(516096K)] 1229773K->990405K(1914368K), 0.0653859 secs] [Times: user=0.38 sys=0.00, real=0.06 secs] 
4162.897: [GC (Allocation Failure) [PSYoungGen: 438880K->137952K(516096K)] 1325253K->1125474K(1914368K), 0.0518723 secs] [Times: user=0.31 sys=0.00, real=0.05 secs] 
4164.391: [GC (Allocation Failure) [PSYoungGen: 474848K->105984K(516096K)] 1462370K->1222458K(1914368K), 0.0690202 secs] [Times: user=0.41 sys=0.00, real=0.07 secs] 
4166.160: [GC (Allocation Failure) [PSYoungGen: 442880K->135904K(518656K)] 1559354K->1356423K(1916928K), 0.0524296 secs] [Times: user=0.31 sys=0.01, real=0.06 secs] 
4167.615: [GC (GCLocker Initiated GC) [PSYoungGen: 477408K->110912K(517632K)] 1697927K->1457807K(1915904K), 0.0656519 secs] [Times: user=0.39 sys=0.01, real=0.06 secs] 
4167.681: [Full GC (Ergonomics) [PSYoungGen: 110912K->0K(517632K)] [ParOldGen: 1346895K->18420K(1398272K)] 1457807K->18420K(1915904K), [Metaspace: 60433K->60433K(1105920K)], 0.0289555 secs] [Times: user=0.07 sys=0.00, real=0.03 secs] 
4168.402: [GC (Allocation Failure) [PSYoungGen: 341504K->136928K(519168K)] 359927K->155351K(1917440K), 0.0269414 secs] [Times: user=0.16 sys=0.00, real=0.02 secs] 
4169.765: [GC (Allocation Failure) [PSYoungGen: 482528K->112992K(519168K)] 500951K->259115K(1917440K), 0.0647200 secs] [Times: user=0.39 sys=0.00, real=0.06 secs] 
4170.876: [GC (Allocation Failure) [PSYoungGen: 458592K->138080K(521216K)] 604715K->395350K(1919488K), 0.0530554 secs] [Times: user=0.31 sys=0.00, real=0.05 secs] 
4172.542: [GC (Allocation Failure) [PSYoungGen: 488800K->113312K(522240K)] 746070K->499702K(1920512K), 0.0732368 secs] [Times: user=0.43 sys=0.01, real=0.08 secs] 
4174.844: [GC (Allocation Failure) [PSYoungGen: 464032K->140576K(523264K)] 850422K->637923K(1921536K), 0.0541196 secs] [Times: user=0.32 sys=0.00, real=0.05 secs] 
4176.375: [GC (Allocation Failure) [PSYoungGen: 495392K->114400K(525312K)] 992739K->742827K(1923584K), 0.0749664 secs] [Times: user=0.44 sys=0.00, real=0.07 secs] 
4177.835: [GC (Allocation Failure) [PSYoungGen: 469216K->144416K(524800K)] 1097643K->884616K(1923072K), 0.0544506 secs] [Times: user=0.33 sys=0.00, real=0.05 secs] 
4179.235: [GC (GCLocker Initiated GC) [PSYoungGen: 501280K->114752K(527872K)] 1241480K->990364K(1926144K), 0.0680648 secs] [Times: user=0.40 sys=0.00, real=0.07 secs] 
4180.276: [GC (Allocation Failure) [PSYoungGen: 471616K->146656K(523264K)] 1347231K->1134532K(1921536K), 0.0555279 secs] [Times: user=0.33 sys=0.01, real=0.05 secs] 
4182.019: [GC (Allocation Failure) [PSYoungGen: 501472K->112352K(526848K)] 1489348K->1237540K(1925120K), 0.0750348 secs] [Times: user=0.44 sys=0.00, real=0.08 secs] 
4182.711: [GC (Allocation Failure) [PSYoungGen: 467168K->149952K(519680K)] 1592356K->1383649K(1917952K), 0.0543457 secs] [Times: user=0.32 sys=0.00, real=0.06 secs] 
4182.765: [Full GC (Ergonomics) [PSYoungGen: 149952K->0K(519680K)] [ParOldGen: 1233697K->189324K(1398272K)] 1383649K->189324K(1917952K), [Metaspace: 60451K->60451K(1105920K)], 0.4493879 secs] [Times: user=2.09 sys=0.00, real=0.45 secs] 
4184.601: [GC (Allocation Failure) [PSYoungGen: 349696K->110496K(524288K)] 539020K->299820K(1922560K), 0.0638964 secs] [Times: user=0.37 sys=0.00, real=0.07 secs] 
4185.229: [GC (Allocation Failure) [PSYoungGen: 460192K->148288K(518656K)] 649516K->441681K(1916928K), 0.0520167 secs] [Times: user=0.31 sys=0.00, real=0.05 secs] 
4186.866: [GC (Allocation Failure) [PSYoungGen: 493888K->105856K(522240K)] 787281K->538449K(1920512K), 0.0765995 secs] [Times: user=0.46 sys=0.00, real=0.08 secs] 
4187.472: [GC (Allocation Failure) [PSYoungGen: 451456K->147936K(517120K)] 884049K->682322K(1915392K), 0.0514235 secs] [Times: user=0.30 sys=0.00, real=0.05 secs] 
4190.204: [GC (Allocation Failure) [PSYoungGen: 489440K->102432K(520192K)] 1023826K->776030K(1918464K), 0.1322944 secs] [Times: user=0.79 sys=0.00, real=0.13 secs] 
4190.831: [GC (Allocation Failure) [PSYoungGen: 443936K->142496K(518656K)] 1117534K->914727K(1916928K), 0.0500645 secs] [Times: user=0.29 sys=0.00, real=0.05 secs] 
4192.635: [GC (Allocation Failure) [PSYoungGen: 482976K->105376K(445952K)] 1255207K->1011383K(1844224K), 0.0736837 secs] [Times: user=0.43 sys=0.01, real=0.07 secs] 
4193.240: [GC (Allocation Failure) [PSYoungGen: 445856K->144128K(517120K)] 1351863K->1150955K(1915392K), 0.0527427 secs] [Times: user=0.31 sys=0.00, real=0.06 secs] 
4194.689: [GC (GCLocker Initiated GC) [PSYoungGen: 483584K->104224K(519168K)] 1490415K->1245959K(1917440K), 0.0995601 secs] [Times: user=0.58 sys=0.00, real=0.10 secs] 
4195.495: [GC (Allocation Failure) [PSYoungGen: 443680K->143328K(517632K)] 1585418K->1385294K(1915904K), 0.0519564 secs] [Times: user=0.31 sys=0.00, real=0.05 secs] 
4195.547: [Full GC (Ergonomics) [PSYoungGen: 143328K->0K(517632K)] [ParOldGen: 1241966K->184249K(1398272K)] 1385294K->184249K(1915904K), [Metaspace: 60456K->60456K(1105920K)], 0.4318454 secs] [Times: user=2.00 sys=0.00, real=0.43 secs] 
4197.801: [GC (Allocation Failure) [PSYoungGen: 339456K->104064K(519168K)] 523705K->288313K(1917440K), 0.0600742 secs] [Times: user=0.35 sys=0.00, real=0.06 secs] 
4198.448: [GC (Allocation Failure) [PSYoungGen: 443520K->143456K(517632K)] 627769K->429278K(1915904K), 0.0517814 secs] [Times: user=0.31 sys=0.00, real=0.05 secs] 
4200.175: [GC (Allocation Failure) [PSYoungGen: 482912K->102560K(519168K)] 768734K->523402K(1917440K), 0.1093894 secs] [Times: user=0.64 sys=0.01, real=0.11 secs] 
4200.983: [GC (Allocation Failure) [PSYoungGen: 442016K->142880K(517120K)] 862858K->663303K(1915392K), 0.0513607 secs] [Times: user=0.30 sys=0.00, real=0.05 secs] 
4202.629: [GC (Allocation Failure) [PSYoungGen: 481312K->104000K(518656K)] 1001735K->758431K(1916928K), 0.1183112 secs] [Times: user=0.70 sys=0.00, real=0.12 secs] 
4203.729: [GC (GCLocker Initiated GC) [PSYoungGen: 442432K->140096K(518144K)] 1096863K->896064K(1916416K), 0.0519593 secs] [Times: user=0.31 sys=0.00, real=0.05 secs] 
4205.465: [GC (Allocation Failure) [PSYoungGen: 479552K->105312K(444928K)] 1235522K->992706K(1843200K), 0.1473831 secs] [Times: user=0.88 sys=0.00, real=0.15 secs] 
4207.110: [GC (Allocation Failure) [PSYoungGen: 444768K->137184K(518144K)] 1332162K->1127899K(1916416K), 0.0531709 secs] [Times: user=0.31 sys=0.01, real=0.06 secs] 
4208.609: [GC (Allocation Failure) [PSYoungGen: 478176K->108256K(518144K)] 1468891K->1226747K(1916416K), 0.0954743 secs] [Times: user=0.57 sys=0.01, real=0.10 secs] 
4210.157: [GC (Allocation Failure) [PSYoungGen: 449248K->138240K(518656K)] 1567739K->1362552K(1916928K), 0.0534993 secs] [Times: user=0.31 sys=0.00, real=0.05 secs] 
4211.760: [GC (GCLocker Initiated GC) [PSYoungGen: 482304K->108928K(519168K)] 1706617K->1462365K(1917440K), 0.0930058 secs] [Times: user=0.56 sys=0.01, real=0.10 secs] 
4211.853: [Full GC (Ergonomics) [PSYoungGen: 108928K->0K(519168K)] [ParOldGen: 1353437K->22126K(1398272K)] 1462365K->22126K(1917440K), [Metaspace: 60456K->60456K(1105920K)], 0.0319654 secs] [Times: user=0.08 sys=0.00, real=0.03 secs] 
4213.248: [GC (Allocation Failure) [PSYoungGen: 344064K->138880K(520704K)] 366229K->161045K(1918976K), 0.0279924 secs] [Times: user=0.16 sys=0.00, real=0.03 secs] 
4215.165: [GC (Allocation Failure) [PSYoungGen: 487040K->110976K(521728K)] 509205K->263181K(1920000K), 0.0769252 secs] [Times: user=0.46 sys=0.00, real=0.08 secs] 
4216.438: [GC (GCLocker Initiated GC) [PSYoungGen: 459136K->138752K(522752K)] 611343K->399644K(1921024K), 0.0534150 secs] [Times: user=0.31 sys=0.01, real=0.06 secs] 
4218.066: [GC (Allocation Failure) [PSYoungGen: 490496K->113120K(523776K)] 751459K->503351K(1922048K), 0.0815448 secs] [Times: user=0.48 sys=0.00, real=0.08 secs] 
4219.673: [GC (Allocation Failure) [PSYoungGen: 464864K->142944K(522752K)] 855095K->644028K(1921024K), 0.0545255 secs] [Times: user=0.32 sys=0.00, real=0.05 secs] 
4221.474: [GC (Allocation Failure) [PSYoungGen: 496224K->112768K(525312K)] 997308K->747716K(1923584K), 0.1184269 secs] [Times: user=0.70 sys=0.00, real=0.12 secs] 
4223.181: [GC (Allocation Failure) [PSYoungGen: 466048K->141856K(524800K)] 1100996K->886648K(1923072K), 0.0538885 secs] [Times: user=0.32 sys=0.00, real=0.06 secs] 
4224.786: [GC (Allocation Failure) [PSYoungGen: 497184K->114912K(526848K)] 1241976K->992265K(1925120K), 0.0835029 secs] [Times: user=0.50 sys=0.01, real=0.08 secs] 
4225.849: [GC (Allocation Failure) [PSYoungGen: 470240K->145824K(523776K)] 1347593K->1135317K(1922048K), 0.0557951 secs] [Times: user=0.33 sys=0.00, real=0.06 secs] 
4228.234: [GC (Allocation Failure) [PSYoungGen: 500640K->111104K(526848K)] 1490133K->1237325K(1925120K), 0.1062497 secs] [Times: user=0.63 sys=0.00, real=0.10 secs] 
4229.498: [GC (Allocation Failure) [PSYoungGen: 465920K->149504K(519168K)] 1592141K->1382658K(1917440K), 0.0539941 secs] [Times: user=0.32 sys=0.00, real=0.06 secs] 
4229.552: [Full GC (Ergonomics) [PSYoungGen: 149504K->0K(519168K)] [ParOldGen: 1233154K->188331K(1398272K)] 1382658K->188331K(1917440K), [Metaspace: 60459K->60459K(1105920K)], 0.4542815 secs] [Times: user=2.11 sys=0.00, real=0.45 secs] 
4231.656: [GC (Allocation Failure) [PSYoungGen: 348672K->108224K(523776K)] 537003K->296555K(1922048K), 0.0531640 secs] [Times: user=0.31 sys=0.01, real=0.05 secs] 
4232.321: [GC (Allocation Failure) [PSYoungGen: 456896K->147360K(519168K)] 645227K->439366K(1917440K), 0.0521296 secs] [Times: user=0.31 sys=0.00, real=0.06 secs] 
4234.093: [GC (GCLocker Initiated GC) [PSYoungGen: 492960K->107264K(522240K)] 784967K->537711K(1920512K), 0.1197234 secs] [Times: user=0.70 sys=0.01, real=0.12 secs] 
4235.017: [GC (Allocation Failure) [PSYoungGen: 452864K->153120K(513024K)] 883350K->686106K(1911296K), 0.0527075 secs] [Times: user=0.31 sys=0.01, real=0.05 secs] 
4237.315: [GC (Allocation Failure) [PSYoungGen: 490528K->104736K(518144K)] 1023514K->772998K(1916416K), 0.1176959 secs] [Times: user=0.70 sys=0.01, real=0.12 secs] 
4238.180: [GC (Allocation Failure) [PSYoungGen: 442144K->141440K(517120K)] 1110406K->910603K(1915392K), 0.0518315 secs] [Times: user=0.31 sys=0.00, real=0.05 secs] 
4239.581: [GC (GCLocker Initiated GC) [PSYoungGen: 479872K->106880K(518144K)] 1249035K->1008203K(1916416K), 0.0671727 secs] [Times: user=0.39 sys=0.00, real=0.07 secs] 
4240.240: [GC (Allocation Failure) [PSYoungGen: 445312K->143168K(517632K)] 1346638K->1146835K(1915904K), 0.0526338 secs] [Times: user=0.31 sys=0.00, real=0.06 secs] 
4241.698: [GC (Allocation Failure) [PSYoungGen: 482624K->105376K(518656K)] 1486291K->1242987K(1916928K), 0.0681961 secs] [Times: user=0.41 sys=0.00, real=0.07 secs] 
4242.417: [GC (Allocation Failure) [PSYoungGen: 444832K->142688K(518656K)] 1582443K->1383240K(1916928K), 0.0524717 secs] [Times: user=0.31 sys=0.00, real=0.05 secs] 
4242.469: [Full GC (Ergonomics) [PSYoungGen: 142688K->0K(518656K)] [ParOldGen: 1240552K->180140K(1398272K)] 1383240K->180140K(1916928K), [Metaspace: 60459K->60459K(1105920K)], 0.4221545 secs] [Times: user=1.96 sys=0.00, real=0.42 secs] 
4244.907: [GC (Allocation Failure) [PSYoungGen: 340480K->104032K(444928K)] 520620K->284172K(1843200K), 0.0692280 secs] [Times: user=0.40 sys=0.00, real=0.07 secs] 
4245.795: [GC (Allocation Failure) [PSYoungGen: 444512K->141728K(518144K)] 624652K->422721K(1916416K), 0.0517917 secs] [Times: user=0.31 sys=0.00, real=0.05 secs] 
4247.444: [GC (Allocation Failure) [PSYoungGen: 482208K->105824K(519168K)] 763201K->519369K(1917440K), 0.0904650 secs] [Times: user=0.54 sys=0.00, real=0.09 secs] 
4248.553: [GC (Allocation Failure) [PSYoungGen: 446304K->140832K(518656K)] 859849K->657366K(1916928K), 0.0525898 secs] [Times: user=0.31 sys=0.00, real=0.05 secs] 
4250.045: [GC (Allocation Failure) [PSYoungGen: 482336K->105792K(519680K)] 998870K->754094K(1917952K), 0.0650586 secs] [Times: user=0.38 sys=0.00, real=0.06 secs] 
4251.025: [GC (Allocation Failure) [PSYoungGen: 447296K->141536K(518144K)] 1095598K->892978K(1916416K), 0.0527031 secs] [Times: user=0.31 sys=0.00, real=0.05 secs] 
4252.625: [GC (Allocation Failure) [PSYoungGen: 483552K->107392K(519680K)] 1234994K->991026K(1917952K), 0.0848854 secs] [Times: user=0.50 sys=0.00, real=0.08 secs] 
4253.860: [GC (Allocation Failure) [PSYoungGen: 449408K->139616K(520192K)] 1333042K->1128623K(1918464K), 0.0529271 secs] [Times: user=0.30 sys=0.00, real=0.06 secs] 
4255.203: [GC (GCLocker Initiated GC) [PSYoungGen: 484192K->107872K(520704K)] 1473199K->1227543K(1918976K), 0.0657170 secs] [Times: user=0.39 sys=0.01, real=0.06 secs] 
4256.194: [GC (Allocation Failure) [PSYoungGen: 452448K->149248K(515584K)] 1572122K->1374697K(1913856K), 0.0546794 secs] [Times: user=0.32 sys=0.00, real=0.05 secs] 
4257.655: [GC (Allocation Failure) [PSYoungGen: 490752K->107552K(520192K)] 1716201K->1464857K(1918464K), 0.0758776 secs] [Times: user=0.45 sys=0.00, real=0.07 secs] 
4257.731: [Full GC (Ergonomics) [PSYoungGen: 107552K->0K(520192K)] [ParOldGen: 1357305K->25365K(1398272K)] 1464857K->25365K(1918464K), [Metaspace: 60459K->60459K(1105920K)], 0.0408382 secs] [Times: user=0.12 sys=0.00, real=0.05 secs] 
4258.925: [GC (Allocation Failure) [PSYoungGen: 341504K->139744K(519168K)] 366869K->165109K(1917440K), 0.0281990 secs] [Times: user=0.16 sys=0.00, real=0.03 secs] 
4260.613: [GC (Allocation Failure) [PSYoungGen: 483296K->109504K(520704K)] 508661K->265181K(1918976K), 0.0696310 secs] [Times: user=0.41 sys=0.00, real=0.07 secs] 
4261.682: [GC (Allocation Failure) [PSYoungGen: 453056K->139552K(519680K)] 608733K->402302K(1917952K), 0.0527959 secs] [Times: user=0.31 sys=0.00, real=0.05 secs] 
4263.281: [GC (Allocation Failure) [PSYoungGen: 484640K->110880K(520704K)] 747390K->504202K(1918976K), 0.0941269 secs] [Times: user=0.56 sys=0.00, real=0.10 secs] 
4264.747: [GC (Allocation Failure) [PSYoungGen: 455968K->139904K(520704K)] 849290K->641574K(1918976K), 0.0535796 secs] [Times: user=0.31 sys=0.00, real=0.05 secs] 
4266.202: [GC (Allocation Failure) [PSYoungGen: 487552K->109536K(521728K)] 989222K->742174K(1920000K), 0.0675783 secs] [Times: user=0.39 sys=0.00, real=0.06 secs] 
4268.000: [GC (Allocation Failure) [PSYoungGen: 457184K->140000K(522752K)] 1089822K->879723K(1921024K), 0.0532997 secs] [Times: user=0.31 sys=0.00, real=0.06 secs] 
4269.350: [GC (GCLocker Initiated GC) [PSYoungGen: 490720K->112096K(523776K)] 1230443K->982303K(1922048K), 0.0649139 secs] [Times: user=0.39 sys=0.01, real=0.07 secs] 
4270.097: [GC (Allocation Failure) [PSYoungGen: 462816K->143776K(521728K)] 1333093K->1123698K(1920000K), 0.0547504 secs] [Times: user=0.32 sys=0.00, real=0.06 secs] 
4271.916: [GC (Allocation Failure) [PSYoungGen: 495008K->111616K(524288K)] 1474930K->1225818K(1922560K), 0.1047633 secs] [Times: user=0.62 sys=0.00, real=0.10 secs] 
4273.008: [GC (Allocation Failure) [PSYoungGen: 462848K->144832K(521728K)] 1577050K->1367775K(1920000K), 0.0542000 secs] [Times: user=0.32 sys=0.00, real=0.06 secs] 
4274.947: [GC (Allocation Failure) [PSYoungGen: 495552K->110304K(524800K)] 1718495K->1468791K(1923072K), 0.1285965 secs] [Times: user=0.77 sys=0.00, real=0.13 secs] 
4275.076: [Full GC (Ergonomics) [PSYoungGen: 110304K->0K(524800K)] [ParOldGen: 1358487K->35529K(1398272K)] 1468791K->35529K(1923072K), [Metaspace: 60459K->60459K(1105920K)], 0.0937296 secs] [Times: user=0.35 sys=0.00, real=0.09 secs] 
4276.428: [GC (Allocation Failure) [PSYoungGen: 350720K->145792K(520704K)] 386249K->181322K(1918976K), 0.0290124 secs] [Times: user=0.17 sys=0.00, real=0.03 secs] 
4278.115: [GC (Allocation Failure) [PSYoungGen: 494464K->107488K(523776K)] 529994K->279470K(1922048K), 0.1410089 secs] [Times: user=0.84 sys=0.00, real=0.14 secs] 
4279.466: [GC (Allocation Failure) [PSYoungGen: 456160K->143392K(521216K)] 628142K->420282K(1919488K), 0.0524656 secs] [Times: user=0.31 sys=0.00, real=0.05 secs] 
4281.357: [GC (Allocation Failure) [PSYoungGen: 491040K->107296K(523264K)] 767930K->518802K(1921536K), 0.1102481 secs] [Times: user=0.66 sys=0.01, real=0.11 secs] 
4282.788: [GC (Allocation Failure) [PSYoungGen: 454944K->144736K(519680K)] 866450K->660103K(1917952K), 0.0526790 secs] [Times: user=0.30 sys=0.00, real=0.05 secs] 
4284.419: [GC (GCLocker Initiated GC) [PSYoungGen: 490336K->107168K(522240K)] 1005705K->758109K(1920512K), 0.1313233 secs] [Times: user=0.77 sys=0.00, real=0.13 secs] 
4285.240: [GC (Allocation Failure) [PSYoungGen: 452768K->145504K(518656K)] 1103711K->900276K(1916928K), 0.0532224 secs] [Times: user=0.31 sys=0.00, real=0.06 secs] 
4286.796: [GC (Allocation Failure) [PSYoungGen: 489056K->106560K(521216K)] 1243828K->997852K(1919488K), 0.0882213 secs] [Times: user=0.52 sys=0.00, real=0.09 secs] 
4287.923: [GC (Allocation Failure) [PSYoungGen: 450112K->140800K(521216K)] 1341404K->1135785K(1919488K), 0.0524758 secs] [Times: user=0.31 sys=0.00, real=0.05 secs] 
4290.547: [GC (Allocation Failure) [PSYoungGen: 485888K->106912K(452096K)] 1480873K->1233645K(1850368K), 0.1066347 secs] [Times: user=0.63 sys=0.00, real=0.11 secs] 
4291.632: [GC (Allocation Failure) [PSYoungGen: 452000K->142560K(519680K)] 1578733K->1373106K(1917952K), 0.0531265 secs] [Times: user=0.32 sys=0.00, real=0.05 secs] 
4291.685: [Full GC (Ergonomics) [PSYoungGen: 142560K->0K(519680K)] [ParOldGen: 1230546K->177104K(1398272K)] 1373106K->177104K(1917952K), [Metaspace: 60461K->60461K(1105920K)], 0.4191869 secs] [Times: user=1.94 sys=0.00, real=0.42 secs] 
4293.684: [GC (GCLocker Initiated GC) [PSYoungGen: 344576K->109856K(521216K)] 521683K->286963K(1919488K), 0.0350969 secs] [Times: user=0.21 sys=0.00, real=0.03 secs] 
4294.702: [GC (Allocation Failure) [PSYoungGen: 454432K->140288K(521216K)] 631606K->424787K(1919488K), 0.0540242 secs] [Times: user=0.32 sys=0.00, real=0.05 secs] 
4296.164: [GC (Allocation Failure) [PSYoungGen: 486912K->110784K(521728K)] 771411K->526167K(1920000K), 0.0702673 secs] [Times: user=0.42 sys=0.00, real=0.07 secs] 
4297.180: [GC (Allocation Failure) [PSYoungGen: 457408K->142528K(520704K)] 872791K->665724K(1918976K), 0.0537308 secs] [Times: user=0.32 sys=0.00, real=0.06 secs] 
4298.993: [GC (GCLocker Initiated GC) [PSYoungGen: 490176K->108704K(522240K)] 1013373K->765029K(1920512K), 0.0996676 secs] [Times: user=0.58 sys=0.01, real=0.10 secs] 
4299.604: [GC (Allocation Failure) [PSYoungGen: 456352K->153504K(514560K)] 1112715K->915760K(1912832K), 0.0533302 secs] [Times: user=0.32 sys=0.00, real=0.05 secs] 
4301.017: [GC (Allocation Failure) [PSYoungGen: 495008K->104192K(520192K)] 1257264K->1002648K(1918464K), 0.0648110 secs] [Times: user=0.38 sys=0.00, real=0.07 secs] 
4301.780: [GC (Allocation Failure) [PSYoungGen: 445696K->142560K(518144K)] 1344152K->1142164K(1916416K), 0.0523070 secs] [Times: user=0.31 sys=0.00, real=0.06 secs] 
4303.280: [GC (Allocation Failure) [PSYoungGen: 483040K->106464K(446976K)] 1482644K->1239124K(1845248K), 0.0732216 secs] [Times: user=0.43 sys=0.00, real=0.08 secs] 
4304.146: [GC (Allocation Failure) [PSYoungGen: 446944K->140512K(518656K)] 1579604K->1376961K(1916928K), 0.0527347 secs] [Times: user=0.31 sys=0.00, real=0.05 secs] 
4304.199: [Full GC (Ergonomics) [PSYoungGen: 140512K->0K(518656K)] [ParOldGen: 1236449K->174096K(1398272K)] 1376961K->174096K(1916928K), [Metaspace: 60461K->60461K(1105920K)], 0.4012459 secs] [Times: user=1.83 sys=0.00, real=0.40 secs] 
4306.476: [GC (Allocation Failure) [PSYoungGen: 341504K->106624K(519168K)] 515600K->280720K(1917440K), 0.0976785 secs] [Times: user=0.57 sys=0.00, real=0.10 secs] 
4308.174: [GC (GCLocker Initiated GC) [PSYoungGen: 448128K->137760K(520704K)] 622224K->415981K(1918976K), 0.0521615 secs] [Times: user=0.31 sys=0.00, real=0.05 secs] 
4309.724: [GC (Allocation Failure) [PSYoungGen: 482336K->108512K(520192K)] 760560K->515236K(1918464K), 0.0993508 secs] [Times: user=0.59 sys=0.00, real=0.10 secs] 
4311.002: [GC (Allocation Failure) [PSYoungGen: 453088K->141248K(520192K)] 859812K->653449K(1918464K), 0.0528798 secs] [Times: user=0.31 sys=0.00, real=0.05 secs] 
4313.147: [GC (Allocation Failure) [PSYoungGen: 487360K->109216K(521216K)] 999561K->753697K(1919488K), 0.1567040 secs] [Times: user=0.93 sys=0.00, real=0.16 secs] 
4314.673: [GC (Allocation Failure) [PSYoungGen: 455328K->142912K(520704K)] 1099809K->893478K(1918976K), 0.0534556 secs] [Times: user=0.31 sys=0.00, real=0.05 secs] 
4316.253: [GC (Allocation Failure) [PSYoungGen: 490560K->107968K(522752K)] 1241126K->992426K(1921024K), 0.0754453 secs] [Times: user=0.44 sys=0.01, real=0.07 secs] 
4317.585: [GC (Allocation Failure) [PSYoungGen: 455616K->141088K(523264K)] 1340074K->1130991K(1921536K), 0.0530438 secs] [Times: user=0.31 sys=0.00, real=0.05 secs] 
4319.110: [GC (Allocation Failure) [PSYoungGen: 490784K->111072K(460800K)] 1480687K->1232759K(1859072K), 0.0985278 secs] [Times: user=0.58 sys=0.00, real=0.10 secs] 
4320.498: [GC (Allocation Failure) [PSYoungGen: 460768K->144128K(520704K)] 1582455K->1374774K(1918976K), 0.0558660 secs] [Times: user=0.33 sys=0.00, real=0.06 secs] 
4322.714: [GC (GCLocker Initiated GC) [PSYoungGen: 492288K->104800K(523264K)] 1722934K->1471146K(1921536K), 0.1356851 secs] [Times: user=0.80 sys=0.01, real=0.13 secs] 
4322.850: [Full GC (Ergonomics) [PSYoungGen: 104800K->0K(523264K)] [ParOldGen: 1366346K->31684K(1398272K)] 1471146K->31684K(1921536K), [Metaspace: 60468K->60468K(1105920K)], 0.0823997 secs] [Times: user=0.30 sys=0.00, real=0.09 secs] 
4324.006: [GC (Allocation Failure) [PSYoungGen: 348160K->144320K(520192K)] 379914K->176074K(1918464K), 0.0290044 secs] [Times: user=0.17 sys=0.00, real=0.03 secs] 
4325.585: [GC (Allocation Failure) [PSYoungGen: 490944K->108672K(522752K)] 522698K->275546K(1921024K), 0.0768415 secs] [Times: user=0.46 sys=0.01, real=0.07 secs] 
4326.541: [GC (Allocation Failure) [PSYoungGen: 455296K->143424K(520704K)] 622170K->416438K(1918976K), 0.0526535 secs] [Times: user=0.31 sys=0.01, real=0.06 secs] 
4328.965: [GC (Allocation Failure) [PSYoungGen: 490048K->109088K(522752K)] 763062K->516154K(1921024K), 0.0962928 secs] [Times: user=0.57 sys=0.00, real=0.09 secs] 
4330.207: [GC (Allocation Failure) [PSYoungGen: 455712K->143872K(519680K)] 862778K->657183K(1917952K), 0.0538717 secs] [Times: user=0.32 sys=0.00, real=0.05 secs] 
4331.889: [GC (GCLocker Initiated GC) [PSYoungGen: 489472K->107424K(522240K)] 1002785K->755289K(1920512K), 0.1125079 secs] [Times: user=0.66 sys=0.01, real=0.11 secs] 
4332.930: [GC (Allocation Failure) [PSYoungGen: 453024K->151488K(514048K)] 1100960K->903588K(1912320K), 0.0539750 secs] [Times: user=0.32 sys=0.00, real=0.06 secs] 
4334.322: [GC (Allocation Failure) [PSYoungGen: 490944K->105152K(519168K)] 1243044K->991676K(1917440K), 0.0652461 secs] [Times: user=0.39 sys=0.00, real=0.06 secs] 
4335.129: [GC (GCLocker Initiated GC) [PSYoungGen: 444608K->139296K(517632K)] 1331133K->1128234K(1915904K), 0.0522775 secs] [Times: user=0.31 sys=0.00, real=0.05 secs] 
4337.065: [GC (GCLocker Initiated GC) [PSYoungGen: 480288K->106144K(519168K)] 1469228K->1224932K(1917440K), 0.1305074 secs] [Times: user=0.77 sys=0.00, real=0.13 secs] 
4338.753: [GC (Allocation Failure) [PSYoungGen: 447136K->139008K(520704K)] 1565927K->1360812K(1918976K), 0.0529294 secs] [Times: user=0.31 sys=0.00, real=0.05 secs] 
4340.153: [GC (Allocation Failure) [PSYoungGen: 483072K->110144K(454656K)] 1704876K->1461392K(1852928K), 0.0666751 secs] [Times: user=0.39 sys=0.00, real=0.06 secs] 
4340.220: [Full GC (Ergonomics) [PSYoungGen: 110144K->0K(454656K)] [ParOldGen: 1351248K->27919K(1398272K)] 1461392K->27919K(1852928K), [Metaspace: 60468K->60468K(1105920K)], 0.0481612 secs] [Times: user=0.16 sys=0.00, real=0.05 secs] 
4341.399: [GC (Allocation Failure) [PSYoungGen: 344064K->139616K(519680K)] 371983K->167535K(1917952K), 0.0275772 secs] [Times: user=0.16 sys=0.00, real=0.03 secs] 
4342.913: [GC (Allocation Failure) [PSYoungGen: 484704K->110464K(520192K)] 512623K->268355K(1918464K), 0.0646177 secs] [Times: user=0.38 sys=0.00, real=0.06 secs] 
4343.750: [GC (Allocation Failure) [PSYoungGen: 455552K->141792K(519680K)] 613443K->408374K(1917952K), 0.0532597 secs] [Times: user=0.32 sys=0.00, real=0.06 secs] 
4345.355: [GC (Allocation Failure) [PSYoungGen: 488928K->110368K(521728K)] 755510K->509239K(1920000K), 0.0858718 secs] [Times: user=0.51 sys=0.00, real=0.08 secs] 
4346.633: [GC (Allocation Failure) [PSYoungGen: 457504K->143072K(521216K)] 856375K->649211K(1919488K), 0.0536397 secs] [Times: user=0.31 sys=0.01, real=0.05 secs] 
4348.208: [GC (Allocation Failure) [PSYoungGen: 492256K->109248K(523776K)] 998395K->748971K(1922048K), 0.0833720 secs] [Times: user=0.49 sys=0.00, real=0.08 secs] 
4349.135: [GC (Allocation Failure) [PSYoungGen: 458432K->144416K(521216K)] 1098155K->890696K(1919488K), 0.0532090 secs] [Times: user=0.32 sys=0.00, real=0.05 secs] 
4350.925: [GC (Allocation Failure) [PSYoungGen: 493088K->109088K(523776K)] 1239368K->990568K(1922048K), 0.1490548 secs] [Times: user=0.88 sys=0.01, real=0.15 secs] 
4352.373: [GC (Allocation Failure) [PSYoungGen: 457760K->144640K(520704K)] 1339240K->1132261K(1918976K), 0.0534000 secs] [Times: user=0.31 sys=0.00, real=0.05 secs] 
4354.016: [GC (Allocation Failure) [PSYoungGen: 492288K->108832K(523264K)] 1479909K->1231977K(1921536K), 0.0864379 secs] [Times: user=0.51 sys=0.00, real=0.09 secs] 
4354.982: [GC (Allocation Failure) [PSYoungGen: 456480K->143232K(521728K)] 1579625K->1372386K(1920000K), 0.0531528 secs] [Times: user=0.31 sys=0.00, real=0.06 secs] 
4356.351: [GC (GCLocker Initiated GC) [PSYoungGen: 490880K->110432K(458240K)] 1720034K->1473602K(1856512K), 0.0655830 secs] [Times: user=0.39 sys=0.00, real=0.07 secs] 
4356.416: [Full GC (Ergonomics) [PSYoungGen: 110432K->0K(458240K)] [ParOldGen: 1363170K->40140K(1398272K)] 1473602K->40140K(1856512K), [Metaspace: 60468K->60468K(1105920K)], 0.0865655 secs] [Times: user=0.32 sys=0.00, real=0.09 secs] 
4357.806: [GC (GCLocker Initiated GC) [PSYoungGen: 347648K->141184K(521728K)] 387792K->181328K(1920000K), 0.0281483 secs] [Times: user=0.16 sys=0.00, real=0.03 secs] 
4359.301: [GC (Allocation Failure) [PSYoungGen: 489344K->109056K(522752K)] 529490K->281070K(1921024K), 0.0652928 secs] [Times: user=0.39 sys=0.00, real=0.07 secs] 
4359.963: [GC (Allocation Failure) [PSYoungGen: 457216K->145408K(520704K)] 629230K->423531K(1918976K), 0.0529800 secs] [Times: user=0.32 sys=0.00, real=0.05 secs] 
4361.655: [GC (Allocation Failure) [PSYoungGen: 493056K->108800K(523264K)] 771179K->522955K(1921536K), 0.0799229 secs] [Times: user=0.47 sys=0.00, real=0.08 secs] 
4362.637: [GC (Allocation Failure) [PSYoungGen: 456448K->147200K(518656K)] 870603K->666267K(1916928K), 0.0528412 secs] [Times: user=0.31 sys=0.00, real=0.05 secs] 
4364.460: [GC (Allocation Failure) [PSYoungGen: 491776K->104640K(521728K)] 1010843K->762272K(1920000K), 0.1144394 secs] [Times: user=0.68 sys=0.00, real=0.12 secs] 
4365.505: [GC (Allocation Failure) [PSYoungGen: 449216K->144960K(517632K)] 1106848K->903304K(1915904K), 0.0518302 secs] [Times: user=0.31 sys=0.00, real=0.05 secs] 
4368.142: [GC (Allocation Failure) [PSYoungGen: 486464K->105600K(520192K)] 1244808K->999776K(1918464K), 0.1395121 secs] [Times: user=0.83 sys=0.00, real=0.13 secs] 
4369.287: [GC (Allocation Failure) [PSYoungGen: 447104K->143168K(518656K)] 1341280K->1138641K(1916928K), 0.0518187 secs] [Times: user=0.31 sys=0.00, real=0.05 secs] 
4370.789: [GC (GCLocker Initiated GC) [PSYoungGen: 484672K->104160K(520192K)] 1480145K->1233933K(1918464K), 0.0812938 secs] [Times: user=0.49 sys=0.00, real=0.08 secs] 
4371.506: [GC (Allocation Failure) [PSYoungGen: 445664K->142080K(518656K)] 1575508K->1372973K(1916928K), 0.0521529 secs] [Times: user=0.30 sys=0.01, real=0.05 secs] 
4371.558: [Full GC (Ergonomics) [PSYoungGen: 142080K->0K(518656K)] [ParOldGen: 1230893K->177859K(1398272K)] 1372973K->177859K(1916928K), [Metaspace: 60469K->60469K(1105920K)], 0.4196477 secs] [Times: user=1.95 sys=0.00, real=0.42 secs] 
4373.339: [GC (Allocation Failure) [PSYoungGen: 341504K->104992K(520192K)] 519363K->282852K(1918464K), 0.0429861 secs] [Times: user=0.25 sys=0.00, real=0.05 secs] 
4374.430: [GC (Allocation Failure) [PSYoungGen: 446496K->143360K(518656K)] 624356K->423060K(1916928K), 0.0525968 secs] [Times: user=0.31 sys=0.00, real=0.06 secs] 
4376.227: [GC (Allocation Failure) [PSYoungGen: 484864K->104928K(520192K)] 764564K->519048K(1918464K), 0.1051462 secs] [Times: user=0.62 sys=0.00, real=0.11 secs] 
4377.744: [GC (Allocation Failure) [PSYoungGen: 446432K->141472K(519168K)] 860552K->657501K(1917440K), 0.0523598 secs] [Times: user=0.30 sys=0.00, real=0.05 secs] 
4379.192: [GC (Allocation Failure) [PSYoungGen: 483488K->108768K(451072K)] 999517K->756957K(1849344K), 0.0807977 secs] [Times: user=0.48 sys=0.00, real=0.08 secs] 
4380.140: [GC (Allocation Failure) [PSYoungGen: 450784K->140480K(518656K)] 1098973K->894278K(1916928K), 0.0534209 secs] [Times: user=0.32 sys=0.00, real=0.06 secs] 
4381.661: [GC (Allocation Failure) [PSYoungGen: 483008K->109344K(519680K)] 1236806K->994202K(1917952K), 0.0798722 secs] [Times: user=0.47 sys=0.01, real=0.08 secs] 
4383.073: [GC (Allocation Failure) [PSYoungGen: 451872K->140064K(519168K)] 1336730K->1131359K(1917440K), 0.0544310 secs] [Times: user=0.32 sys=0.00, real=0.05 secs] 
4384.853: [GC (Allocation Failure) [PSYoungGen: 484640K->108608K(520192K)] 1475935K->1230431K(1918464K), 0.0936647 secs] [Times: user=0.56 sys=0.00, real=0.09 secs] 
4386.163: [GC (Allocation Failure) [PSYoungGen: 453184K->141376K(520704K)] 1575007K->1369296K(1918976K), 0.0537540 secs] [Times: user=0.32 sys=0.00, real=0.05 secs] 
4387.651: [GC (Allocation Failure) [PSYoungGen: 488512K->109376K(522240K)] 1716432K->1469560K(1920512K), 0.0769464 secs] [Times: user=0.44 sys=0.00, real=0.08 secs] 
4387.728: [Full GC (Ergonomics) [PSYoungGen: 109376K->0K(522240K)] [ParOldGen: 1360184K->29819K(1398272K)] 1469560K->29819K(1920512K), [Metaspace: 60469K->60469K(1105920K)], 0.0494774 secs] [Times: user=0.16 sys=0.00, real=0.05 secs] 
4388.961: [GC (Allocation Failure) [PSYoungGen: 347136K->150976K(515584K)] 376955K->180795K(1913856K), 0.0290237 secs] [Times: user=0.17 sys=0.00, real=0.03 secs] 
4390.350: [GC (Allocation Failure) [PSYoungGen: 493504K->107552K(520704K)] 523323K->271067K(1918976K), 0.0688907 secs] [Times: user=0.41 sys=0.00, real=0.07 secs] 
4391.176: [GC (Allocation Failure) [PSYoungGen: 450080K->142208K(519680K)] 613595K->410572K(1917952K), 0.0525492 secs] [Times: user=0.31 sys=0.00, real=0.05 secs] 
4392.808: [GC (Allocation Failure) [PSYoungGen: 485760K->109440K(453120K)] 754124K->510488K(1851392K), 0.0691904 secs] [Times: user=0.41 sys=0.01, real=0.07 secs] 
4394.409: [GC (Allocation Failure) [PSYoungGen: 452992K->141120K(519168K)] 854040K->647677K(1917440K), 0.0531627 secs] [Times: user=0.31 sys=0.00, real=0.06 secs] 
4395.947: [GC (Allocation Failure) [PSYoungGen: 485184K->105024K(520192K)] 991741K->743629K(1918464K), 0.1000698 secs] [Times: user=0.59 sys=0.00, real=0.10 secs] 
4397.209: [GC (Allocation Failure) [PSYoungGen: 449088K->142304K(520704K)] 1087693K->883541K(1918976K), 0.0527134 secs] [Times: user=0.32 sys=0.00, real=0.05 secs] 
4398.650: [GC (Allocation Failure) [PSYoungGen: 487904K->107584K(453632K)] 1229141K->981994K(1851904K), 0.0673456 secs] [Times: user=0.40 sys=0.00, real=0.07 secs] 
4399.825: [GC (Allocation Failure) [PSYoungGen: 453184K->141568K(520192K)] 1327594K->1121566K(1918464K), 0.0536638 secs] [Times: user=0.31 sys=0.00, real=0.05 secs] 
4401.369: [GC (Allocation Failure) [PSYoungGen: 487168K->109792K(521728K)] 1467166K->1221958K(1920000K), 0.0962997 secs] [Times: user=0.57 sys=0.00, real=0.10 secs] 
4402.663: [GC (Allocation Failure) [PSYoungGen: 455392K->140064K(521728K)] 1567558K->1359247K(1920000K), 0.0537576 secs] [Times: user=0.31 sys=0.00, real=0.05 secs] 
4404.040: [GC (Allocation Failure) [PSYoungGen: 487712K->112160K(522240K)] 1706895K->1462051K(1920512K), 0.0666608 secs] [Times: user=0.40 sys=0.01, real=0.07 secs] 
4404.106: [Full GC (Ergonomics) [PSYoungGen: 112160K->0K(522240K)] [ParOldGen: 1349891K->28450K(1398272K)] 1462051K->28450K(1920512K), [Metaspace: 60470K->60470K(1105920K)], 0.0511883 secs] [Times: user=0.17 sys=0.00, real=0.05 secs] 
4405.459: [GC (Allocation Failure) [PSYoungGen: 347648K->140480K(520704K)] 376098K->168930K(1918976K), 0.0276177 secs] [Times: user=0.16 sys=0.00, real=0.03 secs] 
4407.103: [GC (GCLocker Initiated GC) [PSYoungGen: 489152K->111712K(522240K)] 517604K->271256K(1920512K), 0.0763993 secs] [Times: user=0.46 sys=0.00, real=0.07 secs] 
4408.505: [GC (Allocation Failure) [PSYoungGen: 460384K->144672K(521216K)] 619931K->413027K(1919488K), 0.0537088 secs] [Times: user=0.32 sys=0.00, real=0.05 secs] 
4410.166: [GC (Allocation Failure) [PSYoungGen: 494880K->107552K(524288K)] 763235K->511248K(1922560K), 0.0879041 secs] [Times: user=0.52 sys=0.01, real=0.09 secs] 
4411.223: [GC (Allocation Failure) [PSYoungGen: 457760K->144768K(521216K)] 861456K->653108K(1919488K), 0.0532573 secs] [Times: user=0.31 sys=0.00, real=0.05 secs] 
4413.224: [GC (GCLocker Initiated GC) [PSYoungGen: 493440K->109024K(523776K)] 1001781K->752825K(1922048K), 0.1152406 secs] [Times: user=0.69 sys=0.00, real=0.11 secs] 
4414.376: [GC (Allocation Failure) [PSYoungGen: 457696K->145024K(520192K)] 1101500K->894609K(1918464K), 0.0533972 secs] [Times: user=0.31 sys=0.00, real=0.05 secs] 
4416.028: [GC (Allocation Failure) [PSYoungGen: 491648K->109056K(522752K)] 1241233K->994237K(1921024K), 0.0909292 secs] [Times: user=0.53 sys=0.01, real=0.09 secs] 
4416.993: [GC (Allocation Failure) [PSYoungGen: 455680K->143552K(520704K)] 1340861K->1134634K(1918976K), 0.0534771 secs] [Times: user=0.31 sys=0.00, real=0.05 secs] 
4418.640: [GC (Allocation Failure) [PSYoungGen: 490176K->107840K(522752K)] 1481258K->1233454K(1921024K), 0.0927747 secs] [Times: user=0.55 sys=0.00, real=0.10 secs] 
4419.384: [GC (Allocation Failure) [PSYoungGen: 454464K->152384K(514048K)] 1580078K->1383441K(1912320K), 0.0536837 secs] [Times: user=0.31 sys=0.00, real=0.05 secs] 
4419.438: [Full GC (Ergonomics) [PSYoungGen: 152384K->0K(514048K)] [ParOldGen: 1231057K->180093K(1398272K)] 1383441K->180093K(1912320K), [Metaspace: 60473K->60473K(1105920K)], 0.4334852 secs] [Times: user=2.02 sys=0.00, real=0.43 secs] 
4421.797: [GC (Allocation Failure) [PSYoungGen: 339456K->104832K(519168K)] 519549K->284925K(1917440K), 0.0950425 secs] [Times: user=0.56 sys=0.01, real=0.10 secs] 
4423.290: [GC (Allocation Failure) [PSYoungGen: 444288K->140768K(518656K)] 624381K->423138K(1916928K), 0.0520752 secs] [Times: user=0.31 sys=0.00, real=0.06 secs] 
4424.850: [GC (Allocation Failure) [PSYoungGen: 481760K->105600K(519680K)] 764130K->519930K(1917952K), 0.1089838 secs] [Times: user=0.65 sys=0.00, real=0.11 secs] 
4426.050: [GC (Allocation Failure) [PSYoungGen: 446592K->140352K(519168K)] 860922K->657475K(1917440K), 0.0521414 secs] [Times: user=0.31 sys=0.00, real=0.06 secs] 
4427.494: [GC (GCLocker Initiated GC) [PSYoungGen: 482368K->107008K(519680K)] 999491K->755179K(1917952K), 0.0685177 secs] [Times: user=0.40 sys=0.00, real=0.07 secs] 
4428.939: [GC (Allocation Failure) [PSYoungGen: 449024K->141600K(519168K)] 1097198K->893707K(1917440K), 0.0530224 secs] [Times: user=0.31 sys=0.01, real=0.06 secs] 
4430.516: [GC (GCLocker Initiated GC) [PSYoungGen: 484640K->107424K(520192K)] 1236747K->991679K(1918464K), 0.0679142 secs] [Times: user=0.40 sys=0.00, real=0.07 secs] 
4431.979: [GC (Allocation Failure) [PSYoungGen: 450464K->140608K(519680K)] 1334722K->1129711K(1917952K), 0.0530312 secs] [Times: user=0.31 sys=0.00, real=0.06 secs] 
4433.340: [GC (Allocation Failure) [PSYoungGen: 485184K->109888K(520704K)] 1474287K->1230063K(1918976K), 0.0661782 secs] [Times: user=0.39 sys=0.00, real=0.07 secs] 
4434.219: [GC (Allocation Failure) [PSYoungGen: 454464K->140000K(521216K)] 1574639K->1367667K(1919488K), 0.0543751 secs] [Times: user=0.32 sys=0.01, real=0.06 secs] 
4435.663: [GC (GCLocker Initiated GC) [PSYoungGen: 487136K->110752K(521728K)] 1714804K->1469192K(1920000K), 0.0839928 secs] [Times: user=0.50 sys=0.01, real=0.08 secs] 
4435.747: [Full GC (Ergonomics) [PSYoungGen: 110752K->0K(521728K)] [ParOldGen: 1358440K->29486K(1398272K)] 1469192K->29486K(1920000K), [Metaspace: 60473K->60473K(1105920K)], 0.0523360 secs] [Times: user=0.17 sys=0.00, real=0.05 secs] 
4436.699: [GC (Allocation Failure) [PSYoungGen: 347136K->152032K(515072K)] 376625K->181521K(1913344K), 0.0289748 secs] [Times: user=0.17 sys=0.00, real=0.03 secs] 
4438.434: [GC (Allocation Failure) [PSYoungGen: 494560K->107424K(520704K)] 524049K->271365K(1918976K), 0.0810162 secs] [Times: user=0.49 sys=0.00, real=0.08 secs] 
4439.380: [GC (Allocation Failure) [PSYoungGen: 449952K->142176K(519680K)] 613893K->410986K(1917952K), 0.0520889 secs] [Times: user=0.31 sys=0.00, real=0.06 secs] 
4440.824: [GC (Allocation Failure) [PSYoungGen: 485728K->107584K(451584K)] 754538K->509370K(1849856K), 0.0658441 secs] [Times: user=0.39 sys=0.00, real=0.06 secs] 
4441.537: [GC (Allocation Failure) [PSYoungGen: 451136K->143616K(518656K)] 852922K->650339K(1916928K), 0.0527181 secs] [Times: user=0.31 sys=0.00, real=0.05 secs] 
4443.621: [GC (Allocation Failure) [PSYoungGen: 486656K->106240K(520704K)] 993379K->747587K(1918976K), 0.1541739 secs] [Times: user=0.91 sys=0.00, real=0.16 secs] 
4444.618: [GC (Allocation Failure) [PSYoungGen: 449280K->142784K(519680K)] 1090627K->887687K(1917952K), 0.0520773 secs] [Times: user=0.31 sys=0.00, real=0.05 secs] 
4446.426: [GC (Allocation Failure) [PSYoungGen: 486336K->107936K(451584K)] 1231239K->986599K(1849856K), 0.1112764 secs] [Times: user=0.66 sys=0.00, real=0.11 secs] 
4447.836: [GC (Allocation Failure) [PSYoungGen: 451488K->140256K(520192K)] 1330151K->1123824K(1918464K), 0.0527935 secs] [Times: user=0.31 sys=0.01, real=0.05 secs] 
4449.243: [GC (Allocation Failure) [PSYoungGen: 484294K->109344K(520704K)] 1467863K->1224096K(1918976K), 0.0644877 secs] [Times: user=0.39 sys=0.00, real=0.06 secs] 
4450.686: [GC (Allocation Failure) [PSYoungGen: 453920K->140096K(520192K)] 1568672K->1362197K(1918464K), 0.0542573 secs] [Times: user=0.32 sys=0.00, real=0.05 secs] 
4452.627: [GC (Allocation Failure) [PSYoungGen: 486208K->109888K(521216K)] 1708309K->1463325K(1919488K), 0.0775579 secs] [Times: user=0.46 sys=0.00, real=0.08 secs] 
4452.705: [Full GC (Ergonomics) [PSYoungGen: 109888K->0K(521216K)] [ParOldGen: 1353437K->29569K(1398272K)] 1463325K->29569K(1919488K), [Metaspace: 60474K->60474K(1105920K)], 0.0497842 secs] [Times: user=0.17 sys=0.00, real=0.05 secs] 
4454.444: [GC (Allocation Failure) [PSYoungGen: 346112K->140576K(521728K)] 375681K->170145K(1920000K), 0.0284327 secs] [Times: user=0.17 sys=0.00, real=0.03 secs] 
4455.908: [GC (Allocation Failure) [PSYoungGen: 489248K->112128K(522752K)] 518817K->272761K(1921024K), 0.0665693 secs] [Times: user=0.38 sys=0.00, real=0.07 secs] 
4457.290: [GC (Allocation Failure) [PSYoungGen: 460800K->141728K(521728K)] 621433K->411566K(1920000K), 0.0535095 secs] [Times: user=0.32 sys=0.00, real=0.06 secs] 
4458.861: [GC (Allocation Failure) [PSYoungGen: 491936K->111040K(523264K)] 761774K->513518K(1921536K), 0.0966089 secs] [Times: user=0.57 sys=0.00, real=0.10 secs] 
4460.289: [GC (Allocation Failure) [PSYoungGen: 461248K->144832K(521728K)] 863726K->655771K(1920000K), 0.0539509 secs] [Times: user=0.32 sys=0.00, real=0.06 secs] 
4462.363: [GC (GCLocker Initiated GC) [PSYoungGen: 495552K->110112K(524800K)] 1006492K->756832K(1923072K), 0.1141933 secs] [Times: user=0.68 sys=0.00, real=0.11 secs] 
4463.995: [GC (Allocation Failure) [PSYoungGen: 460832K->143840K(521728K)] 1107555K->897652K(1920000K), 0.0536978 secs] [Times: user=0.32 sys=0.00, real=0.05 secs] 
4465.573: [GC (Allocation Failure) [PSYoungGen: 493536K->111776K(524288K)] 1247348K->1000060K(1922560K), 0.0661270 secs] [Times: user=0.40 sys=0.00, real=0.06 secs] 
4467.037: [GC (Allocation Failure) [PSYoungGen: 461472K->144544K(522240K)] 1349756K->1140376K(1920512K), 0.0537635 secs] [Times: user=0.32 sys=0.00, real=0.05 secs] 
4468.871: [GC (Allocation Failure) [PSYoungGen: 494240K->109600K(524288K)] 1490072K->1240760K(1922560K), 0.1434954 secs] [Times: user=0.85 sys=0.01, real=0.15 secs] 
4469.841: [GC (Allocation Failure) [PSYoungGen: 459296K->149088K(517632K)] 1590456K->1385797K(1915904K), 0.0540699 secs] [Times: user=0.32 sys=0.00, real=0.06 secs] 
4469.895: [Full GC (Ergonomics) [PSYoungGen: 149088K->0K(517632K)] [ParOldGen: 1236709K->189878K(1398272K)] 1385797K->189878K(1915904K), [Metaspace: 60474K->60474K(1105920K)], 0.4493187 secs] [Times: user=2.08 sys=0.00, real=0.45 secs] 
4472.022: [GC (Allocation Failure) [PSYoungGen: 344576K->105600K(521728K)] 534454K->295478K(1920000K), 0.0438608 secs] [Times: user=0.26 sys=0.00, real=0.04 secs] 
4472.801: [GC (Allocation Failure) [PSYoungGen: 450176K->153504K(512512K)] 640054K->445294K(1910784K), 0.0517143 secs] [Times: user=0.30 sys=0.00, real=0.06 secs] 
4474.251: [GC (Allocation Failure) [PSYoungGen: 489888K->102112K(517632K)] 781678K->530638K(1915904K), 0.0681568 secs] [Times: user=0.40 sys=0.00, real=0.07 secs] 
4475.001: [GC (Allocation Failure) [PSYoungGen: 438496K->142016K(517632K)] 867022K->668546K(1915904K), 0.0501843 secs] [Times: user=0.29 sys=0.01, real=0.05 secs] 
4476.738: [GC (Allocation Failure) [PSYoungGen: 479424K->104096K(441856K)] 1005954K->763274K(1840128K), 0.1162120 secs] [Times: user=0.68 sys=0.00, real=0.12 secs] 
4477.943: [GC (Allocation Failure) [PSYoungGen: 441504K->139712K(517632K)] 1100682K->900175K(1915904K), 0.0516063 secs] [Times: user=0.31 sys=0.00, real=0.05 secs] 
4479.434: [GC (Allocation Failure) [PSYoungGen: 477632K->105856K(443904K)] 1238095K->996983K(1842176K), 0.0722878 secs] [Times: user=0.43 sys=0.00, real=0.07 secs] 
4480.427: [GC (Allocation Failure) [PSYoungGen: 443776K->139776K(516608K)] 1334903K->1133567K(1914880K), 0.0522418 secs] [Times: user=0.31 sys=0.00, real=0.05 secs] 
4481.828: [GC (Allocation Failure) [PSYoungGen: 478720K->106752K(517120K)] 1472511K->1231343K(1915392K), 0.0646007 secs] [Times: user=0.39 sys=0.00, real=0.07 secs] 
4483.306: [GC (GCLocker Initiated GC) [PSYoungGen: 445696K->138816K(518656K)] 1570287K->1367228K(1916928K), 0.0529887 secs] [Times: user=0.31 sys=0.01, real=0.05 secs] 
4484.882: [GC (Allocation Failure) [PSYoungGen: 481344K->106784K(519168K)] 1709760K->1464904K(1917440K), 0.1065574 secs] [Times: user=0.64 sys=0.00, real=0.10 secs] 
4484.988: [Full GC (Ergonomics) [PSYoungGen: 106784K->0K(519168K)] [ParOldGen: 1358120K->26065K(1398272K)] 1464904K->26065K(1917440K), [Metaspace: 60474K->60474K(1105920K)], 0.0544808 secs] [Times: user=0.17 sys=0.00, real=0.06 secs] 
4486.461: [GC (Allocation Failure) [PSYoungGen: 342528K->139200K(520192K)] 368593K->165265K(1918464K), 0.0279452 secs] [Times: user=0.16 sys=0.00, real=0.03 secs] 
4487.823: [GC (GCLocker Initiated GC) [PSYoungGen: 484800K->110720K(520704K)] 510865K->266185K(1918976K), 0.0639506 secs] [Times: user=0.38 sys=0.00, real=0.06 secs] 
4488.617: [GC (GCLocker Initiated GC) [PSYoungGen: 456320K->139360K(521728K)] 611790K->403234K(1920000K), 0.0535357 secs] [Times: user=0.31 sys=0.01, real=0.05 secs] 
4489.983: [GC (Allocation Failure) [PSYoungGen: 488032K->111808K(522240K)] 751909K->505529K(1920512K), 0.0648075 secs] [Times: user=0.38 sys=0.00, real=0.06 secs] 
4490.903: [GC (Allocation Failure) [PSYoungGen: 460480K->144608K(520192K)] 854201K->648461K(1918464K), 0.0544628 secs] [Times: user=0.32 sys=0.00, real=0.05 secs] 
4492.827: [GC (Allocation Failure) [PSYoungGen: 493792K->108960K(523264K)] 997645K->748293K(1921536K), 0.1297769 secs] [Times: user=0.77 sys=0.00, real=0.13 secs] 
4494.214: [GC (Allocation Failure) [PSYoungGen: 458144K->144160K(521728K)] 1097477K->889489K(1920000K), 0.0532180 secs] [Times: user=0.31 sys=0.00, real=0.05 secs] 
4495.715: [GC (Allocation Failure) [PSYoungGen: 493856K->109536K(524288K)] 1239185K->989553K(1922560K), 0.0747477 secs] [Times: user=0.44 sys=0.00, real=0.07 secs] 
4496.892: [GC (Allocation Failure) [PSYoungGen: 459232K->143136K(521728K)] 1339249K->1129350K(1920000K), 0.0532482 secs] [Times: user=0.32 sys=0.00, real=0.05 secs] 
4498.443: [GC (Allocation Failure) [PSYoungGen: 491808K->110144K(523776K)] 1478022K->1229870K(1922048K), 0.1011014 secs] [Times: user=0.60 sys=0.01, real=0.10 secs] 
4499.931: [GC (Allocation Failure) [PSYoungGen: 458816K->142784K(522240K)] 1578542K->1369507K(1920512K), 0.0535644 secs] [Times: user=0.31 sys=0.00, real=0.06 secs] 
4501.656: [GC (Allocation Failure) [PSYoungGen: 491968K->111008K(523776K)] 1718691K->1471055K(1922048K), 0.0663447 secs] [Times: user=0.39 sys=0.00, real=0.07 secs] 
4501.722: [Full GC (Ergonomics) [PSYoungGen: 111008K->0K(523776K)] [ParOldGen: 1360047K->37937K(1398272K)] 1471055K->37937K(1922048K), [Metaspace: 60484K->60484K(1105920K)], 0.0784358 secs] [Times: user=0.29 sys=0.00, real=0.07 secs] 
4502.442: [GC (Allocation Failure) [PSYoungGen: 349184K->145888K(520192K)] 387121K->183825K(1918464K), 0.0288758 secs] [Times: user=0.16 sys=0.00, real=0.02 secs] 
4503.977: [GC (Allocation Failure) [PSYoungGen: 493536K->108736K(523264K)] 531473K->283469K(1921536K), 0.1094322 secs] [Times: user=0.64 sys=0.00, real=0.11 secs] 
4505.042: [GC (Allocation Failure) [PSYoungGen: 456384K->145184K(519680K)] 631117K->424006K(1917952K), 0.0521971 secs] [Times: user=0.31 sys=0.00, real=0.05 secs] 
4506.582: [GC (Allocation Failure) [PSYoungGen: 490784K->110336K(522240K)] 769606K->524566K(1920512K), 0.1156417 secs] [Times: user=0.68 sys=0.00, real=0.11 secs] 
4507.941: [GC (Allocation Failure) [PSYoungGen: 455936K->144160K(520192K)] 870166K->664607K(1918464K), 0.0530198 secs] [Times: user=0.32 sys=0.00, real=0.06 secs] 
4509.859: [GC (Allocation Failure) [PSYoungGen: 489760K->105248K(522240K)] 1010207K->760563K(1920512K), 0.1525898 secs] [Times: user=0.90 sys=0.01, real=0.15 secs] 
4510.922: [GC (Allocation Failure) [PSYoungGen: 450848K->145632K(518656K)] 1106163K->901892K(1916928K), 0.0517682 secs] [Times: user=0.30 sys=0.00, real=0.05 secs] 
4512.815: [GC (Allocation Failure) [PSYoungGen: 489184K->105536K(521216K)] 1245444K->998540K(1919488K), 0.1051461 secs] [Times: user=0.63 sys=0.00, real=0.10 secs] 
4513.548: [GC (Allocation Failure) [PSYoungGen: 449088K->144832K(518144K)] 1342092K->1139825K(1916416K), 0.0524251 secs] [Times: user=0.31 sys=0.01, real=0.05 secs] 
4515.125: [GC (Allocation Failure) [PSYoungGen: 486336K->107296K(520192K)] 1481329K->1237901K(1918464K), 0.0716457 secs] [Times: user=0.42 sys=0.00, real=0.07 secs] 
4516.692: [GC (Allocation Failure) [PSYoungGen: 448800K->141984K(519680K)] 1579405K->1376018K(1917952K), 0.0522007 secs] [Times: user=0.31 sys=0.00, real=0.05 secs] 
4516.745: [Full GC (Ergonomics) [PSYoungGen: 141984K->0K(519680K)] [ParOldGen: 1234034K->180161K(1398272K)] 1376018K->180161K(1917952K), [Metaspace: 60484K->60484K(1105920K)], 0.4233954 secs] [Times: user=1.96 sys=0.00, real=0.42 secs] 
4518.772: [GC (Allocation Failure) [PSYoungGen: 342528K->106048K(449024K)] 522689K->286209K(1847296K), 0.0553737 secs] [Times: user=0.32 sys=0.00, real=0.05 secs] 
4519.541: [GC (Allocation Failure) [PSYoungGen: 448576K->141088K(519680K)] 628737K->424474K(1917952K), 0.0520786 secs] [Times: user=0.31 sys=0.00, real=0.06 secs] 
4521.060: [GC (Allocation Failure) [PSYoungGen: 484128K->109504K(520192K)] 767514K->525142K(1918464K), 0.0854208 secs] [Times: user=0.51 sys=0.00, real=0.09 secs] 
4522.369: [GC (Allocation Failure) [PSYoungGen: 452544K->142560K(518656K)] 868182K->664310K(1916928K), 0.0532894 secs] [Times: user=0.31 sys=0.00, real=0.06 secs] 
4523.995: [GC (Allocation Failure) [PSYoungGen: 486112K->106304K(520192K)] 1007862K->761259K(1918464K), 0.1169449 secs] [Times: user=0.69 sys=0.00, real=0.12 secs] 
4525.496: [GC (Allocation Failure) [PSYoungGen: 449856K->142048K(520704K)] 1104811K->900095K(1918976K), 0.0520885 secs] [Times: user=0.31 sys=0.00, real=0.05 secs] 
4526.888: [GC (Allocation Failure) [PSYoungGen: 487648K->109920K(455680K)] 1245695K->1000651K(1853952K), 0.0653473 secs] [Times: user=0.38 sys=0.00, real=0.07 secs] 
4527.674: [GC (Allocation Failure) [PSYoungGen: 455520K->151680K(514048K)] 1346251K->1149176K(1912320K), 0.0587851 secs] [Times: user=0.33 sys=0.00, real=0.06 secs] 
4529.174: [GC (GCLocker Initiated GC) [PSYoungGen: 491136K->104896K(519168K)] 1488632K->1236888K(1917440K), 0.1086809 secs] [Times: user=0.64 sys=0.00, real=0.11 secs] 
4530.504: [GC (Allocation Failure) [PSYoungGen: 444352K->140576K(518656K)] 1576383K->1374748K(1916928K), 0.0529114 secs] [Times: user=0.32 sys=0.00, real=0.05 secs] 
4530.557: [Full GC (Ergonomics) [PSYoungGen: 140576K->0K(518656K)] [ParOldGen: 1234172K->173264K(1398272K)] 1374748K->173264K(1916928K), [Metaspace: 60485K->60485K(1105920K)], 0.4090633 secs] [Times: user=1.89 sys=0.00, real=0.41 secs] 
4532.604: [GC (Allocation Failure) [PSYoungGen: 340992K->103616K(519680K)] 514256K->276880K(1917952K), 0.0511645 secs] [Times: user=0.30 sys=0.00, real=0.05 secs] 
4534.205: [GC (Allocation Failure) [PSYoungGen: 444608K->140800K(518656K)] 617872K->414721K(1916928K), 0.0519628 secs] [Times: user=0.30 sys=0.00, real=0.05 secs] 
4535.734: [GC (GCLocker Initiated GC) [PSYoungGen: 482304K->105696K(519680K)] 756225K->510985K(1917952K), 0.0989679 secs] [Times: user=0.58 sys=0.00, real=0.10 secs] 
4537.365: [GC (Allocation Failure) [PSYoungGen: 447200K->146208K(516608K)] 852492K->654473K(1914880K), 0.0524612 secs] [Times: user=0.31 sys=0.01, real=0.05 secs] 
4538.757: [GC (Allocation Failure) [PSYoungGen: 486688K->110560K(519680K)] 994953K->747353K(1917952K), 0.0646335 secs] [Times: user=0.38 sys=0.00, real=0.06 secs] 
4540.481: [GC (Allocation Failure) [PSYoungGen: 451040K->135968K(517120K)] 1087833K->881230K(1915392K), 0.0536272 secs] [Times: user=0.32 sys=0.00, real=0.06 secs] 
4541.897: [GC (Allocation Failure) [PSYoungGen: 479008K->113024K(518656K)] 1224270K->984770K(1916928K), 0.0657914 secs] [Times: user=0.39 sys=0.00, real=0.07 secs] 
4542.776: [GC (Allocation Failure) [PSYoungGen: 456064K->139840K(521728K)] 1327810K->1122542K(1920000K), 0.0547727 secs] [Times: user=0.33 sys=0.00, real=0.05 secs] 
4544.136: [GC (Allocation Failure) [PSYoungGen: 488512K->111872K(522240K)] 1471214K->1224963K(1920512K), 0.0672492 secs] [Times: user=0.40 sys=0.00, real=0.07 secs] 
4545.088: [GC (Allocation Failure) [PSYoungGen: 460544K->142176K(522240K)] 1573635K->1364743K(1920512K), 0.0557712 secs] [Times: user=0.33 sys=0.00, real=0.06 secs] 
4546.468: [GC (Allocation Failure) [PSYoungGen: 492896K->111072K(523776K)] 1715463K->1466223K(1922048K), 0.0709062 secs] [Times: user=0.42 sys=0.00, real=0.07 secs] 
4546.539: [Full GC (Ergonomics) [PSYoungGen: 111072K->0K(523776K)] [ParOldGen: 1355151K->26711K(1398272K)] 1466223K->26711K(1922048K), [Metaspace: 60493K->60493K(1105920K)], 0.0430262 secs] [Times: user=0.13 sys=0.00, real=0.05 secs] 
4547.754: [GC (Allocation Failure) [PSYoungGen: 350720K->144992K(521728K)] 377431K->171704K(1920000K), 0.0288279 secs] [Times: user=0.17 sys=0.00, real=0.03 secs] 
4549.635: [GC (Allocation Failure) [PSYoungGen: 495712K->109824K(524800K)] 522424K->272680K(1923072K), 0.0965246 secs] [Times: user=0.57 sys=0.00, real=0.09 secs] 
4551.063: [GC (Allocation Failure) [PSYoungGen: 460544K->144000K(521728K)] 623400K->413932K(1920000K), 0.0532348 secs] [Times: user=0.31 sys=0.00, real=0.05 secs] 
4552.660: [GC (GCLocker Initiated GC) [PSYoungGen: 493696K->111616K(524288K)] 763628K->516468K(1922560K), 0.0734209 secs] [Times: user=0.43 sys=0.01, real=0.08 secs] 
4554.085: [GC (Allocation Failure) [PSYoungGen: 461312K->151168K(517120K)] 866203K->664931K(1915392K), 0.0542768 secs] [Times: user=0.32 sys=0.01, real=0.05 secs] 
4555.864: [GC (Allocation Failure) [PSYoungGen: 495744K->109280K(521728K)] 1009507K->757291K(1920000K), 0.0660895 secs] [Times: user=0.39 sys=0.00, real=0.06 secs] 
4557.307: [GC (Allocation Failure) [PSYoungGen: 453856K->140192K(520192K)] 1101867K->894672K(1918464K), 0.0526902 secs] [Times: user=0.31 sys=0.00, real=0.05 secs] 
4559.169: [GC (Allocation Failure) [PSYoungGen: 486304K->110272K(521728K)] 1240784K->994956K(1920000K), 0.1184311 secs] [Times: user=0.71 sys=0.00, real=0.12 secs] 
4560.502: [GC (Allocation Failure) [PSYoungGen: 456384K->141824K(522240K)] 1341068K->1133353K(1920512K), 0.0530235 secs] [Times: user=0.32 sys=0.00, real=0.05 secs] 
4562.075: [GC (GCLocker Initiated GC) [PSYoungGen: 489984K->109952K(523264K)] 1481515K->1234039K(1921536K), 0.1230759 secs] [Times: user=0.73 sys=0.00, real=0.12 secs] 
4563.037: [GC (Allocation Failure) [PSYoungGen: 458112K->145120K(521216K)] 1582270K->1376171K(1919488K), 0.0544931 secs] [Times: user=0.32 sys=0.01, real=0.05 secs] 
4565.070: [GC (GCLocker Initiated GC) [PSYoungGen: 492768K->107744K(523264K)] 1723819K->1474491K(1921536K), 0.1302022 secs] [Times: user=0.77 sys=0.00, real=0.13 secs] 
4565.200: [Full GC (Ergonomics) [PSYoungGen: 107744K->0K(523264K)] [ParOldGen: 1366747K->42003K(1398272K)] 1474491K->42003K(1921536K), [Metaspace: 60502K->60502K(1105920K)], 0.1158104 secs] [Times: user=0.47 sys=0.01, real=0.12 secs] 
4566.845: [GC (Allocation Failure) [PSYoungGen: 347648K->152704K(514048K)] 389654K->194710K(1912320K), 0.0296638 secs] [Times: user=0.17 sys=0.00, real=0.03 secs] 
4568.413: [GC (GCLocker Initiated GC) [PSYoungGen: 492160K->105568K(519168K)] 534167K->282959K(1917440K), 0.1172066 secs] [Times: user=0.70 sys=0.00, real=0.11 secs] 
4569.485: [GC (Allocation Failure) [PSYoungGen: 445024K->141312K(518656K)] 622453K->421010K(1916928K), 0.0512400 secs] [Times: user=0.30 sys=0.00, real=0.05 secs] 
4570.965: [GC (Allocation Failure) [PSYoungGen: 482304K->108128K(519680K)] 762002K->519990K(1917952K), 0.0637047 secs] [Times: user=0.37 sys=0.00, real=0.06 secs] 
4571.728: [GC (Allocation Failure) [PSYoungGen: 449120K->142176K(518656K)] 860982K->659243K(1916928K), 0.0528063 secs] [Times: user=0.31 sys=0.00, real=0.05 secs] 
4573.729: [GC (Allocation Failure) [PSYoungGen: 483680K->106240K(519680K)] 1000747K->756139K(1917952K), 0.1677446 secs] [Times: user=1.00 sys=0.00, real=0.17 secs] 
4575.043: [GC (GCLocker Initiated GC) [PSYoungGen: 447744K->140832K(519680K)] 1097643K->894108K(1917952K), 0.0524192 secs] [Times: user=0.31 sys=0.00, real=0.05 secs] 
4576.537: [GC (Allocation Failure) [PSYoungGen: 483872K->106656K(520192K)] 1237150K->991406K(1918464K), 0.0645505 secs] [Times: user=0.38 sys=0.01, real=0.07 secs] 
4577.321: [GC (Allocation Failure) [PSYoungGen: 449696K->144288K(518656K)] 1334446K->1132787K(1916928K), 0.0535128 secs] [Times: user=0.31 sys=0.00, real=0.06 secs] 
4579.158: [GC (Allocation Failure) [PSYoungGen: 487328K->104736K(520704K)] 1475827K->1228559K(1918976K), 0.0965740 secs] [Times: user=0.57 sys=0.00, real=0.10 secs] 
4580.316: [GC (GCLocker Initiated GC) [PSYoungGen: 447776K->141728K(520192K)] 1571599K->1367650K(1918464K), 0.0528205 secs] [Times: user=0.32 sys=0.00, real=0.05 secs] 
4582.066: [GC (Allocation Failure) [PSYoungGen: 485280K->106848K(450560K)] 1711206K->1465598K(1848832K), 0.0832240 secs] [Times: user=0.49 sys=0.00, real=0.08 secs] 
4582.149: [Full GC (Ergonomics) [PSYoungGen: 106848K->0K(450560K)] [ParOldGen: 1358750K->31373K(1398272K)] 1465598K->31373K(1848832K), [Metaspace: 60502K->60502K(1105920K)], 0.0526767 secs] [Times: user=0.18 sys=0.00, real=0.06 secs] 
4583.453: [GC (Allocation Failure) [PSYoungGen: 343552K->140800K(519168K)] 374925K->172173K(1917440K), 0.0284052 secs] [Times: user=0.16 sys=0.00, real=0.02 secs] 
4584.792: [GC (Allocation Failure) [PSYoungGen: 484352K->109536K(520192K)] 515725K->272309K(1918464K), 0.0647397 secs] [Times: user=0.38 sys=0.00, real=0.06 secs] 
4585.624: [GC (Allocation Failure) [PSYoungGen: 453088K->142592K(519680K)] 615861K->412058K(1917952K), 0.0527202 secs] [Times: user=0.31 sys=0.00, real=0.05 secs] 
4587.328: [GC (Allocation Failure) [PSYoungGen: 487680K->107936K(521216K)] 757146K->510690K(1919488K), 0.0989181 secs] [Times: user=0.59 sys=0.00, real=0.10 secs] 
4588.321: [GC (Allocation Failure) [PSYoungGen: 453024K->144160K(520192K)] 855778K->652267K(1918464K), 0.0534896 secs] [Times: user=0.32 sys=0.00, real=0.06 secs] 
4590.274: [GC (Allocation Failure) [PSYoungGen: 489760K->107904K(522240K)] 997867K->751259K(1920512K), 0.1186274 secs] [Times: user=0.70 sys=0.00, real=0.12 secs] 
4591.563: [GC (Allocation Failure) [PSYoungGen: 453504K->143232K(520704K)] 1096859K->891372K(1918976K), 0.0534663 secs] [Times: user=0.31 sys=0.00, real=0.05 secs] 
4593.092: [GC (GCLocker Initiated GC) [PSYoungGen: 488832K->105920K(522240K)] 1236972K->988404K(1920512K), 0.0657483 secs] [Times: user=0.39 sys=0.00, real=0.06 secs] 
4594.303: [GC (Allocation Failure) [PSYoungGen: 451520K->142080K(520704K)] 1334074K->1127995K(1918976K), 0.0531194 secs] [Times: user=0.31 sys=0.00, real=0.05 secs] 
4595.783: [GC (Allocation Failure) [PSYoungGen: 487680K->109952K(455680K)] 1473595K->1228795K(1853952K), 0.0686794 secs] [Times: user=0.41 sys=0.00, real=0.06 secs] 
4596.738: [GC (Allocation Failure) [PSYoungGen: 455552K->144992K(519168K)] 1574395K->1371144K(1917440K), 0.0540535 secs] [Times: user=0.32 sys=0.00, real=0.06 secs] 
4598.523: [GC (GCLocker Initiated GC) [PSYoungGen: 489568K->107968K(521728K)] 1715720K->1470184K(1920000K), 0.0967435 secs] [Times: user=0.58 sys=0.00, real=0.09 secs] 
4598.620: [Full GC (Ergonomics) [PSYoungGen: 107968K->0K(521728K)] [ParOldGen: 1362216K->36519K(1398272K)] 1470184K->36519K(1920000K), [Metaspace: 60503K->60503K(1105920K)], 0.0734979 secs] [Times: user=0.28 sys=0.00, real=0.08 secs] 
4600.023: [GC (Allocation Failure) [PSYoungGen: 344576K->141824K(520704K)] 381103K->178352K(1918976K), 0.0284623 secs] [Times: user=0.17 sys=0.00, real=0.03 secs] 
4601.546: [GC (Allocation Failure) [PSYoungGen: 487424K->108576K(454656K)] 523952K->278006K(1852928K), 0.0810764 secs] [Times: user=0.48 sys=0.00, real=0.08 secs] 
4602.926: [GC (Allocation Failure) [PSYoungGen: 454176K->141664K(520192K)] 623606K->417247K(1918464K), 0.0522218 secs] [Times: user=0.31 sys=0.01, real=0.05 secs] 
4604.819: [GC (Allocation Failure) [PSYoungGen: 487264K->108512K(521728K)] 762847K->516367K(1920000K), 0.1065048 secs] [Times: user=0.63 sys=0.00, real=0.11 secs] 
4606.345: [GC (Allocation Failure) [PSYoungGen: 454112K->143040K(520192K)] 861967K->656444K(1918464K), 0.0530088 secs] [Times: user=0.32 sys=0.00, real=0.05 secs] 
4607.781: [GC (GCLocker Initiated GC) [PSYoungGen: 489152K->107712K(522240K)] 1002557K->754797K(1920512K), 0.0666886 secs] [Times: user=0.40 sys=0.00, real=0.07 secs] 
4608.622: [GC (Allocation Failure) [PSYoungGen: 453824K->142528K(520704K)] 1100912K->894432K(1918976K), 0.0523960 secs] [Times: user=0.31 sys=0.00, real=0.05 secs] 
4610.061: [GC (Allocation Failure) [PSYoungGen: 489152K->108768K(522752K)] 1241056K->993952K(1921024K), 0.0657930 secs] [Times: user=0.39 sys=0.00, real=0.07 secs] 
4610.780: [GC (Allocation Failure) [PSYoungGen: 455392K->144512K(519680K)] 1340576K->1135525K(1917952K), 0.0536209 secs] [Times: user=0.31 sys=0.00, real=0.06 secs] 
4612.589: [GC (GCLocker Initiated GC) [PSYoungGen: 490112K->106976K(522240K)] 1481125K->1232997K(1920512K), 0.0913163 secs] [Times: user=0.54 sys=0.00, real=0.09 secs] 
4613.459: [GC (Allocation Failure) [PSYoungGen: 452576K->143264K(520192K)] 1578599K->1373928K(1918464K), 0.0534184 secs] [Times: user=0.31 sys=0.00, real=0.06 secs] 
4613.512: [Full GC (Ergonomics) [PSYoungGen: 143264K->0K(520192K)] [ParOldGen: 1230664K->178352K(1398272K)] 1373928K->178352K(1918464K), [Metaspace: 60503K->60503K(1105920K)], 0.4172166 secs] [Times: user=1.94 sys=0.00, real=0.41 secs] 
4615.446: [GC (Allocation Failure) [PSYoungGen: 345600K->107936K(522240K)] 523952K->286288K(1920512K), 0.0539381 secs] [Times: user=0.32 sys=0.01, real=0.05 secs] 
4616.482: [GC (Allocation Failure) [PSYoungGen: 453536K->143968K(519168K)] 631888K->427101K(1917440K), 0.0533752 secs] [Times: user=0.31 sys=0.00, real=0.05 secs] 
4617.919: [GC (Allocation Failure) [PSYoungGen: 488544K->106976K(521728K)] 771677K->524841K(1920000K), 0.0644993 secs] [Times: user=0.38 sys=0.00, real=0.07 secs] 
4618.663: [GC (Allocation Failure) [PSYoungGen: 451552K->152128K(513536K)] 869417K->674050K(1911808K), 0.0531447 secs] [Times: user=0.32 sys=0.00, real=0.05 secs] 
4620.453: [GC (Allocation Failure) [PSYoungGen: 490560K->103712K(518656K)] 1012482K->760130K(1916928K), 0.0749680 secs] [Times: user=0.44 sys=0.00, real=0.07 secs] 
4621.742: [GC (Allocation Failure) [PSYoungGen: 442144K->139584K(517632K)] 1098562K->897119K(1915904K), 0.0523337 secs] [Times: user=0.31 sys=0.00, real=0.05 secs] 
4623.095: [GC (Allocation Failure) [PSYoungGen: 479040K->107680K(518656K)] 1236575K->995767K(1916928K), 0.0663767 secs] [Times: user=0.39 sys=0.00, real=0.06 secs] 
4624.255: [GC (Allocation Failure) [PSYoungGen: 447136K->140448K(518144K)] 1335223K->1133396K(1916416K), 0.0548173 secs] [Times: user=0.32 sys=0.00, real=0.05 secs] 
4625.673: [GC (Allocation Failure) [PSYoungGen: 481440K->106048K(518656K)] 1474388K->1230336K(1916928K), 0.0672419 secs] [Times: user=0.40 sys=0.00, real=0.06 secs] 
4626.974: [GC (Allocation Failure) [PSYoungGen: 447040K->139840K(519680K)] 1571328K->1367612K(1917952K), 0.0537339 secs] [Times: user=0.31 sys=0.00, real=0.05 secs] 
4628.604: [GC (Allocation Failure) [PSYoungGen: 483392K->110432K(520192K)] 1711164K->1468636K(1918464K), 0.0975959 secs] [Times: user=0.58 sys=0.00, real=0.09 secs] 
4628.701: [Full GC (Ergonomics) [PSYoungGen: 110432K->0K(520192K)] [ParOldGen: 1358204K->28450K(1398272K)] 1468636K->28450K(1918464K), [Metaspace: 60505K->60505K(1105920K)], 0.0533103 secs] [Times: user=0.19 sys=0.00, real=0.06 secs] 
4630.451: [GC (Allocation Failure) [PSYoungGen: 343552K->140416K(519168K)] 372002K->168866K(1917440K), 0.0277025 secs] [Times: user=0.16 sys=0.00, real=0.03 secs] 
4631.901: [GC (Allocation Failure) [PSYoungGen: 485504K->107296K(520192K)] 513954K->267166K(1918464K), 0.0668306 secs] [Times: user=0.39 sys=0.01, real=0.07 secs] 
4633.264: [GC (Allocation Failure) [PSYoungGen: 452384K->141152K(521728K)] 612254K->405463K(1920000K), 0.0520570 secs] [Times: user=0.31 sys=0.00, real=0.05 secs] 
4634.858: [GC (Allocation Failure) [PSYoungGen: 489312K->110976K(459264K)] 753623K->507171K(1857536K), 0.1087899 secs] [Times: user=0.65 sys=0.00, real=0.11 secs] 
4635.965: [GC (Allocation Failure) [PSYoungGen: 459136K->142976K(520704K)] 855331K->647631K(1918976K), 0.0531405 secs] [Times: user=0.31 sys=0.00, real=0.05 secs] 
4637.536: [GC (Allocation Failure) [PSYoungGen: 491136K->110272K(522752K)] 995791K->748439K(1921024K), 0.0685297 secs] [Times: user=0.40 sys=0.00, real=0.07 secs] 
4639.009: [GC (GCLocker Initiated GC) [PSYoungGen: 458432K->140928K(523264K)] 1096600K->886280K(1921536K), 0.0534749 secs] [Times: user=0.31 sys=0.00, real=0.06 secs] 
4640.407: [GC (Allocation Failure) [PSYoungGen: 491648K->113440K(464384K)] 1237002K->989934K(1862656K), 0.0658117 secs] [Times: user=0.38 sys=0.00, real=0.07 secs] 
4641.591: [GC (Allocation Failure) [PSYoungGen: 464160K->151136K(517632K)] 1340654K->1138259K(1915904K), 0.0553442 secs] [Times: user=0.33 sys=0.00, real=0.06 secs] 
4643.066: [GC (Allocation Failure) [PSYoungGen: 497760K->111936K(522752K)] 1484883K->1232159K(1921024K), 0.0763346 secs] [Times: user=0.46 sys=0.01, real=0.08 secs] 
4644.363: [GC (GCLocker Initiated GC) [PSYoungGen: 458560K->141184K(522752K)] 1578783K->1370532K(1921024K), 0.0548089 secs] [Times: user=0.33 sys=0.00, real=0.05 secs] 
4646.200: [GC (Allocation Failure) [PSYoungGen: 489856K->106816K(455680K)] 1719206K->1467895K(1853952K), 0.1076126 secs] [Times: user=0.63 sys=0.01, real=0.11 secs] 
4646.308: [Full GC (Ergonomics) [PSYoungGen: 106816K->0K(455680K)] [ParOldGen: 1361078K->36028K(1398272K)] 1467895K->36028K(1853952K), [Metaspace: 60505K->60505K(1105920K)], 0.0907760 secs] [Times: user=0.36 sys=0.00, real=0.09 secs] 
4647.629: [GC (Allocation Failure) [PSYoungGen: 348672K->143680K(521216K)] 384700K->179708K(1919488K), 0.0285095 secs] [Times: user=0.17 sys=0.00, real=0.03 secs] 
4648.989: [GC (GCLocker Initiated GC) [PSYoungGen: 491328K->111232K(523264K)] 527356K->281316K(1921536K), 0.0655932 secs] [Times: user=0.38 sys=0.01, real=0.07 secs] 
4650.143: [GC (Allocation Failure) [PSYoungGen: 458880K->144480K(521216K)] 628971K->422511K(1919488K), 0.0528520 secs] [Times: user=0.31 sys=0.00, real=0.05 secs] 
4651.773: [GC (Allocation Failure) [PSYoungGen: 492128K->112032K(523264K)] 770159K->525167K(1921536K), 0.1166423 secs] [Times: user=0.69 sys=0.01, real=0.11 secs] 
4652.671: [GC (Allocation Failure) [PSYoungGen: 459680K->146848K(519168K)] 872815K->666100K(1917440K), 0.0533872 secs] [Times: user=0.31 sys=0.00, real=0.06 secs] 
4654.616: [GC (GCLocker Initiated GC) [PSYoungGen: 492448K->106624K(522240K)] 1011700K->763500K(1920512K), 0.1553370 secs] [Times: user=0.92 sys=0.00, real=0.16 secs] 
4655.589: [GC (Allocation Failure) [PSYoungGen: 452224K->145856K(519168K)] 1109171K->905152K(1917440K), 0.0518287 secs] [Times: user=0.31 sys=0.00, real=0.05 secs] 
4657.119: [GC (Allocation Failure) [PSYoungGen: 489408K->105504K(521216K)] 1248704K->1001732K(1919488K), 0.0746253 secs] [Times: user=0.45 sys=0.00, real=0.08 secs] 
4658.198: [GC (Allocation Failure) [PSYoungGen: 449056K->144896K(518144K)] 1345284K->1142105K(1916416K), 0.0516752 secs] [Times: user=0.30 sys=0.00, real=0.05 secs] 
4659.779: [GC (Allocation Failure) [PSYoungGen: 486400K->106144K(520192K)] 1483609K->1238925K(1918464K), 0.1248220 secs] [Times: user=0.74 sys=0.01, real=0.13 secs] 
4660.712: [GC (Allocation Failure) [PSYoungGen: 447648K->145824K(516608K)] 1580429K->1380858K(1914880K), 0.0521620 secs] [Times: user=0.31 sys=0.01, real=0.05 secs] 
4660.765: [Full GC (Ergonomics) [PSYoungGen: 145824K->0K(516608K)] [ParOldGen: 1235033K->184906K(1398272K)] 1380858K->184906K(1914880K), [Metaspace: 60505K->60505K(1105920K)], 0.4454261 secs] [Times: user=1.99 sys=0.00, real=0.44 secs] 
4663.292: [GC (Allocation Failure) [PSYoungGen: 337748K->102624K(519168K)] 522655K->287530K(1917440K), 0.0722135 secs] [Times: user=0.42 sys=0.00, real=0.07 secs] 
4664.499: [GC (Allocation Failure) [PSYoungGen: 442080K->140928K(519168K)] 626986K->425323K(1917440K), 0.0510403 secs] [Times: user=0.30 sys=0.00, real=0.05 secs] 
4665.958: [GC (Allocation Failure) [PSYoungGen: 481408K->106528K(447488K)] 765803K->522911K(1845760K), 0.0766382 secs] [Times: user=0.45 sys=0.01, real=0.08 secs] 
4666.878: [GC (Allocation Failure) [PSYoungGen: 447008K->141536K(517632K)] 863391K->661276K(1915904K), 0.0524619 secs] [Times: user=0.31 sys=0.00, real=0.05 secs] 
4668.345: [GC (Allocation Failure) [PSYoungGen: 481504K->107776K(518656K)] 1001244K->759628K(1916928K), 0.0649529 secs] [Times: user=0.39 sys=0.00, real=0.06 secs] 
4669.069: [GC (Allocation Failure) [PSYoungGen: 447744K->142528K(517632K)] 1099596K->900593K(1915904K), 0.0541072 secs] [Times: user=0.31 sys=0.00, real=0.06 secs] 
4671.563: [GC (Allocation Failure) [PSYoungGen: 483520K->105184K(519168K)] 1241585K->997225K(1917440K), 0.1483760 secs] [Times: user=0.88 sys=0.00, real=0.15 secs] 
4673.394: [GC (Allocation Failure) [PSYoungGen: 446176K->140704K(519168K)] 1338217K->1134366K(1917440K), 0.0529427 secs] [Times: user=0.31 sys=0.00, real=0.05 secs] 
4674.809: [GC (GCLocker Initiated GC) [PSYoungGen: 483744K->107200K(520192K)] 1477407K->1232231K(1918464K), 0.0666796 secs] [Times: user=0.40 sys=0.01, real=0.07 secs] 
4675.725: [GC (Allocation Failure) [PSYoungGen: 450240K->142368K(518656K)] 1575274K->1371263K(1916928K), 0.0537143 secs] [Times: user=0.32 sys=0.00, real=0.05 secs] 
4677.194: [GC (GCLocker Initiated GC) [PSYoungGen: 485920K->108544K(520704K)] 1714819K->1470451K(1918976K), 0.0832442 secs] [Times: user=0.50 sys=0.01, real=0.08 secs] 
4677.277: [Full GC (Ergonomics) [PSYoungGen: 108544K->0K(520704K)] [ParOldGen: 1361907K->31372K(1398272K)] 1470451K->31372K(1918976K), [Metaspace: 60505K->60505K(1105920K)], 0.0573455 secs] [Times: user=0.20 sys=0.00, real=0.06 secs] 
4678.277: [GC (Allocation Failure) [PSYoungGen: 343552K->142720K(520192K)] 374927K->174095K(1918464K), 0.0286715 secs] [Times: user=0.16 sys=0.00, real=0.03 secs] 
4679.935: [GC (Allocation Failure) [PSYoungGen: 487808K->110592K(456192K)] 519183K->275247K(1854464K), 0.0731126 secs] [Times: user=0.43 sys=0.00, real=0.07 secs] 
4681.462: [GC (Allocation Failure) [PSYoungGen: 455680K->140864K(519680K)] 620335K->413052K(1917952K), 0.0542214 secs] [Times: user=0.27 sys=0.00, real=0.05 secs] 
4682.904: [GC (Allocation Failure) [PSYoungGen: 486464K->110048K(521216K)] 758652K->513620K(1919488K), 0.0700753 secs] [Times: user=0.41 sys=0.00, real=0.07 secs] 
4683.706: [GC (Allocation Failure) [PSYoungGen: 455648K->144384K(519680K)] 859220K->655017K(1917952K), 0.0532626 secs] [Times: user=0.31 sys=0.00, real=0.05 secs] 
4685.301: [GC (Allocation Failure) [PSYoungGen: 491008K->108864K(522240K)] 1001641K->754457K(1920512K), 0.1218675 secs] [Times: user=0.73 sys=0.00, real=0.13 secs] 
4686.297: [GC (Allocation Failure) [PSYoungGen: 455488K->145248K(519168K)] 1101081K->897716K(1917440K), 0.0540000 secs] [Times: user=0.32 sys=0.01, real=0.05 secs] 
4688.406: [GC (Allocation Failure) [PSYoungGen: 490848K->107552K(522240K)] 1243316K->996613K(1920512K), 0.1606243 secs] [Times: user=0.95 sys=0.01, real=0.16 secs] 
4689.503: [GC (Allocation Failure) [PSYoungGen: 453152K->144128K(519680K)] 1342213K->1137649K(1917952K), 0.0527853 secs] [Times: user=0.31 sys=0.00, real=0.05 secs] 
4690.953: [GC (Allocation Failure) [PSYoungGen: 488704K->109024K(521728K)] 1482225K->1237817K(1920000K), 0.0653182 secs] [Times: user=0.39 sys=0.00, real=0.06 secs] 
4692.046: [GC (GCLocker Initiated GC) [PSYoungGen: 453600K->142368K(520192K)] 1582394K->1376494K(1918464K), 0.0531050 secs] [Times: user=0.31 sys=0.00, real=0.05 secs] 
4692.099: [Full GC (Ergonomics) [PSYoungGen: 142368K->0K(520192K)] [ParOldGen: 1234126K->179909K(1398272K)] 1376494K->179909K(1918464K), [Metaspace: 60505K->60505K(1105920K)], 0.4307761 secs] [Times: user=1.99 sys=0.00, real=0.43 secs] 
4693.867: [GC (Allocation Failure) [PSYoungGen: 345088K->111104K(456704K)] 525000K->291016K(1854976K), 0.0558670 secs] [Times: user=0.33 sys=0.00, real=0.06 secs] 
4694.702: [GC (Allocation Failure) [PSYoungGen: 456192K->147072K(517632K)] 636104K->432161K(1915904K), 0.0531079 secs] [Times: user=0.32 sys=0.00, real=0.05 secs] 
4697.239: [GC (Allocation Failure) [PSYoungGen: 490624K->104608K(521216K)] 775713K->527885K(1919488K), 0.1646910 secs] [Times: user=0.98 sys=0.00, real=0.17 secs] 
4698.237: [GC (GCLocker Initiated GC) [PSYoungGen: 448160K->146080K(516608K)] 871437K->669934K(1914880K), 0.0517184 secs] [Times: user=0.31 sys=0.00, real=0.05 secs] 
4699.977: [GC (Allocation Failure) [PSYoungGen: 486560K->102176K(519680K)] 1010417K->763177K(1917952K), 0.1423341 secs] [Times: user=0.84 sys=0.00, real=0.14 secs] 
4700.944: [GC (Allocation Failure) [PSYoungGen: 442656K->142112K(518656K)] 1103657K->901966K(1916928K), 0.0512507 secs] [Times: user=0.30 sys=0.00, real=0.05 secs] 
4702.675: [GC (Allocation Failure) [PSYoungGen: 482592K->106240K(446976K)] 1242446K->998770K(1845248K), 0.0995186 secs] [Times: user=0.59 sys=0.00, real=0.10 secs] 
4703.842: [GC (Allocation Failure) [PSYoungGen: 446720K->142816K(517120K)] 1339250K->1138567K(1915392K), 0.0531339 secs] [Times: user=0.32 sys=0.00, real=0.05 secs] 
4705.811: [GC (GCLocker Initiated GC) [PSYoungGen: 482784K->104960K(518656K)] 1478535K->1234495K(1916928K), 0.1335329 secs] [Times: user=0.79 sys=0.00, real=0.14 secs] 
4707.209: [GC (Allocation Failure) [PSYoungGen: 444928K->139264K(519680K)] 1574466K->1370667K(1917952K), 0.0528733 secs] [Times: user=0.30 sys=0.00, real=0.06 secs] 
4707.262: [Full GC (Ergonomics) [PSYoungGen: 139264K->0K(519680K)] [ParOldGen: 1231403K->168743K(1398272K)] 1370667K->168743K(1917952K), [Metaspace: 60505K->60505K(1105920K)], 0.3980687 secs] [Times: user=1.84 sys=0.00, real=0.39 secs] 
4709.005: [GC (GCLocker Initiated GC) [PSYoungGen: 342528K->108704K(451584K)] 511271K->277447K(1849856K), 0.0507614 secs] [Times: user=0.30 sys=0.00, real=0.05 secs] 
4710.328: [GC (Allocation Failure) [PSYoungGen: 451232K->139200K(518656K)] 620046K->413939K(1916928K), 0.0543564 secs] [Times: user=0.31 sys=0.00, real=0.06 secs] 
4711.785: [GC (GCLocker Initiated GC) [PSYoungGen: 482752K->110272K(519168K)] 757491K->514331K(1917440K), 0.0695485 secs] [Times: user=0.42 sys=0.00, real=0.07 secs] 
4712.745: [GC (Allocation Failure) [PSYoungGen: 453824K->141536K(520192K)] 857886K->653555K(1918464K), 0.0537027 secs] [Times: user=0.31 sys=0.00, real=0.05 secs] 
4714.531: [GC (Allocation Failure) [PSYoungGen: 488160K->109504K(521728K)] 1000179K->753659K(1920000K), 0.0995296 secs] [Times: user=0.59 sys=0.00, real=0.10 secs] 
4716.075: [GC (Allocation Failure) [PSYoungGen: 456128K->142944K(521216K)] 1100283K->893519K(1919488K), 0.0533190 secs] [Times: user=0.31 sys=0.00, real=0.05 secs] 
4717.867: [GC (Allocation Failure) [PSYoungGen: 491104K->108384K(523264K)] 1241679K->992551K(1921536K), 0.1058804 secs] [Times: user=0.62 sys=0.01, real=0.11 secs] 
4719.281: [GC (Allocation Failure) [PSYoungGen: 456544K->143680K(520704K)] 1340711K->1133236K(1918976K), 0.0535644 secs] [Times: user=0.32 sys=0.00, real=0.06 secs] 
4721.281: [GC (Allocation Failure) [PSYoungGen: 491328K->107232K(523264K)] 1480884K->1231072K(1921536K), 0.1028856 secs] [Times: user=0.62 sys=0.00, real=0.11 secs] 
4722.663: [GC (Allocation Failure) [PSYoungGen: 454880K->144192K(520192K)] 1578720K->1372213K(1918464K), 0.0545433 secs] [Times: user=0.32 sys=0.00, real=0.05 secs] 
4724.118: [GC (Allocation Failure) [PSYoungGen: 490816K->106528K(522752K)] 1718837K->1469321K(1921024K), 0.0799034 secs] [Times: user=0.47 sys=0.00, real=0.08 secs] 
4724.198: [Full GC (Ergonomics) [PSYoungGen: 106528K->0K(522752K)] [ParOldGen: 1362793K->31198K(1398272K)] 1469321K->31198K(1921024K), [Metaspace: 60505K->60505K(1105920K)], 0.0561687 secs] [Times: user=0.19 sys=0.00, real=0.06 secs] 
4724.987: [GC (Allocation Failure) [PSYoungGen: 346624K->144032K(520192K)] 377822K->175230K(1918464K), 0.0287871 secs] [Times: user=0.17 sys=0.00, real=0.03 secs] 
4726.511: [GC (Allocation Failure) [PSYoungGen: 489632K->108576K(522240K)] 520830K->274502K(1920512K), 0.0976262 secs] [Times: user=0.58 sys=0.00, real=0.10 secs] 
4727.445: [GC (Allocation Failure) [PSYoungGen: 454176K->151520K(514560K)] 620102K->424158K(1912832K), 0.0531830 secs] [Times: user=0.31 sys=0.00, real=0.05 secs] 
4729.174: [GC (Allocation Failure) [PSYoungGen: 490976K->106816K(519168K)] 763614K->513550K(1917440K), 0.1028832 secs] [Times: user=0.61 sys=0.00, real=0.10 secs] 
4730.600: [GC (Allocation Failure) [PSYoungGen: 446272K->139136K(517632K)] 853006K->649843K(1915904K), 0.0522119 secs] [Times: user=0.30 sys=0.01, real=0.06 secs] 
4731.969: [GC (Allocation Failure) [PSYoungGen: 480128K->108704K(519168K)] 990835K->749119K(1917440K), 0.0746582 secs] [Times: user=0.44 sys=0.01, real=0.08 secs] 
4733.492: [GC (Allocation Failure) [PSYoungGen: 449696K->162912K(505344K)] 1090111K->908995K(1903616K), 0.0540278 secs] [Times: user=0.32 sys=0.00, real=0.05 secs] 
4734.876: [GC (GCLocker Initiated GC) [PSYoungGen: 492128K->106528K(514048K)] 1238212K->981004K(1912320K), 0.0803724 secs] [Times: user=0.48 sys=0.00, real=0.08 secs] 
4736.178: [GC (Allocation Failure) [PSYoungGen: 435744K->131392K(504320K)] 1310258K->1110319K(1902592K), 0.0521335 secs] [Times: user=0.30 sys=0.00, real=0.05 secs] 
4737.580: [GC (Allocation Failure) [PSYoungGen: 462144K->112928K(509952K)] 1441071K->1213271K(1908224K), 0.0631462 secs] [Times: user=0.37 sys=0.00, real=0.07 secs] 
4739.034: [GC (Allocation Failure) [PSYoungGen: 443680K->128928K(508928K)] 1544023K->1341136K(1907200K), 0.0539494 secs] [Times: user=0.32 sys=0.00, real=0.05 secs] 
4740.411: [GC (Allocation Failure) [PSYoungGen: 471968K->118496K(515584K)] 1684176K->1450144K(1913856K), 0.0653793 secs] [Times: user=0.39 sys=0.01, real=0.07 secs] 
4740.476: [Full GC (Ergonomics) [PSYoungGen: 118496K->0K(515584K)] [ParOldGen: 1331648K->252234K(1398272K)] 1450144K->252234K(1913856K), [Metaspace: 60509K->60509K(1105920K)], 0.5298651 secs] [Times: user=2.32 sys=0.00, real=0.53 secs] 
4742.134: [GC (Allocation Failure) [PSYoungGen: 343040K->129184K(517120K)] 595274K->381418K(1915392K), 0.0260449 secs] [Times: user=0.15 sys=0.00, real=0.02 secs] 
4743.498: [GC (Allocation Failure) [PSYoungGen: 486048K->2816K(359936K)] 738282K->255158K(1758208K), 0.0019553 secs] [Times: user=0.01 sys=0.00, real=0.00 secs] 
4744.921: [GC (Allocation Failure) [PSYoungGen: 359680K->138144K(511488K)] 612022K->391379K(1909760K), 0.0274636 secs] [Times: user=0.16 sys=0.00, real=0.03 secs] 
4746.234: [GC (Allocation Failure) [PSYoungGen: 466336K->1728K(330240K)] 719571K->255075K(1728512K), 0.0016653 secs] [Times: user=0.00 sys=0.00, real=0.00 secs] 
4747.800: [GC (Allocation Failure) [PSYoungGen: 329920K->125184K(502784K)] 583267K->379152K(1901056K), 0.0253808 secs] [Times: user=0.15 sys=0.00, real=0.03 secs] 
4749.038: [GC (Allocation Failure) [PSYoungGen: 430336K->122368K(428032K)] 684304K->491679K(1826304K), 0.0618241 secs] [Times: user=0.37 sys=0.00, real=0.06 secs] 
4750.058: [GC (Allocation Failure) [PSYoungGen: 427520K->93184K(503808K)] 796831K->584408K(1902080K), 0.0515675 secs] [Times: user=0.30 sys=0.00, real=0.05 secs] 
4750.467: [GC (GCLocker Initiated GC) [PSYoungGen: 403968K->133376K(498176K)] 895192K->711825K(1896448K), 0.0540733 secs] [Times: user=0.32 sys=0.00, real=0.05 secs] 
4752.806: [GC (Allocation Failure) [PSYoungGen: 444160K->81568K(508416K)] 1022648K->792896K(1906688K), 0.1287795 secs] [Times: user=0.76 sys=0.00, real=0.13 secs] 
4753.347: [GC (Allocation Failure) [PSYoungGen: 403104K->139872K(507392K)] 1114432K->926889K(1905664K), 0.0513132 secs] [Times: user=0.30 sys=0.00, real=0.05 secs] 
4755.898: [GC (Allocation Failure) [PSYoungGen: 461408K->87360K(508416K)] 1248425K->1013705K(1906688K), 0.1288704 secs] [Times: user=0.76 sys=0.01, real=0.13 secs] 
4756.552: [GC (Allocation Failure) [PSYoungGen: 409920K->138176K(508416K)] 1336265K->1147577K(1906688K), 0.0488982 secs] [Times: user=0.29 sys=0.00, real=0.04 secs] 
4758.074: [GC (Allocation Failure) [PSYoungGen: 460736K->97152K(505344K)] 1470137K->1236038K(1903616K), 0.1157826 secs] [Times: user=0.68 sys=0.00, real=0.11 secs] 
4759.368: [GC (Allocation Failure) [PSYoungGen: 420736K->134752K(507392K)] 1559622K->1366654K(1905664K), 0.0483235 secs] [Times: user=0.28 sys=0.00, real=0.05 secs] 
4759.417: [Full GC (Ergonomics) [PSYoungGen: 134752K->0K(507392K)] [ParOldGen: 1231902K->174661K(1398272K)] 1366654K->174661K(1905664K), [Metaspace: 60509K->60509K(1105920K)], 0.4188175 secs] [Times: user=1.95 sys=0.01, real=0.42 secs] 
4761.499: [GC (Allocation Failure) [PSYoungGen: 323584K->100128K(506880K)] 498245K->274789K(1905152K), 0.0844643 secs] [Times: user=0.50 sys=0.01, real=0.09 secs] 
4762.616: [GC (Allocation Failure) [PSYoungGen: 429344K->135040K(509952K)] 604005K->407450K(1908224K), 0.0508359 secs] [Times: user=0.30 sys=0.00, real=0.05 secs] 
4764.037: [GC (Allocation Failure) [PSYoungGen: 464256K->106176K(507904K)] 736666K->504170K(1906176K), 0.0658543 secs] [Times: user=0.39 sys=0.00, real=0.07 secs] 
4765.880: [GC (Allocation Failure) [PSYoungGen: 441536K->130144K(512000K)] 839530K->632735K(1910272K), 0.0517097 secs] [Times: user=0.30 sys=0.00, real=0.05 secs] 
4767.249: [GC (Allocation Failure) [PSYoungGen: 465504K->115808K(511488K)] 968095K->738999K(1909760K), 0.0646193 secs] [Times: user=0.38 sys=0.00, real=0.07 secs] 
4769.388: [GC (Allocation Failure) [PSYoungGen: 460896K->128064K(516608K)] 1084087K->866455K(1914880K), 0.0550236 secs] [Times: user=0.32 sys=0.00, real=0.06 secs] 
4771.406: [GC (Allocation Failure) [PSYoungGen: 473152K->121056K(519680K)] 1211543K->976246K(1917952K), 0.0634194 secs] [Times: user=0.37 sys=0.00, real=0.06 secs] 
4773.134: [GC (Allocation Failure) [PSYoungGen: 477408K->131040K(523776K)] 1332598K->1107254K(1922048K), 0.0565568 secs] [Times: user=0.34 sys=0.00, real=0.05 secs] 
4774.528: [GC (Allocation Failure) [PSYoungGen: 487392K->3872K(501760K)] 1463606K->980122K(1900032K), 0.0036977 secs] [Times: user=0.02 sys=0.00, real=0.01 secs] 
4775.878: [GC (Allocation Failure) [PSYoungGen: 338208K->139488K(474112K)] 1314458K->1117799K(1872384K), 0.0277734 secs] [Times: user=0.15 sys=0.00, real=0.03 secs] 
4777.205: [GC (Allocation Failure) [PSYoungGen: 473824K->114944K(517632K)] 1452135K->1214903K(1915904K), 0.0635252 secs] [Times: user=0.37 sys=0.00, real=0.06 secs] 
4778.260: [GC (Allocation Failure) [PSYoungGen: 445696K->124160K(455168K)] 1545655K->1338991K(1853440K), 0.0542932 secs] [Times: user=0.32 sys=0.01, real=0.06 secs] 
4778.314: [Full GC (Ergonomics) [PSYoungGen: 124160K->0K(455168K)] [ParOldGen: 1214831K->138642K(1398272K)] 1338991K->138642K(1853440K), [Metaspace: 60509K->60509K(1105920K)], 0.3182312 secs] [Times: user=1.45 sys=0.00, real=0.32 secs] 
4779.874: [GC (Allocation Failure) [PSYoungGen: 330752K->124416K(512000K)] 469394K->263058K(1910272K), 0.0432853 secs] [Times: user=0.25 sys=0.00, real=0.04 secs] 
4781.768: [GC (Allocation Failure) [PSYoungGen: 457216K->113888K(509952K)] 595858K->376282K(1908224K), 0.0597019 secs] [Times: user=0.34 sys=0.01, real=0.06 secs] 
4783.089: [GC (Allocation Failure) [PSYoungGen: 446688K->134400K(511488K)] 709082K->500191K(1909760K), 0.0614832 secs] [Times: user=0.37 sys=0.00, real=0.06 secs] 
4784.624: [GC (Allocation Failure) [PSYoungGen: 474880K->115616K(513536K)] 840671K->615455K(1911808K), 0.0570269 secs] [Times: user=0.34 sys=0.00, real=0.05 secs] 
4786.010: [GC (Allocation Failure) [PSYoungGen: 456096K->140800K(518656K)] 955935K->737452K(1916928K), 0.0616943 secs] [Times: user=0.37 sys=0.00, real=0.06 secs] 
4787.725: [GC (Allocation Failure) [PSYoungGen: 491520K->107648K(522752K)] 1088172K->844716K(1921024K), 0.0586809 secs] [Times: user=0.35 sys=0.00, real=0.06 secs] 
4789.168: [GC (Allocation Failure) [PSYoungGen: 458368K->141504K(522240K)] 1195436K->975192K(1920512K), 0.0614746 secs] [Times: user=0.36 sys=0.00, real=0.06 secs] 
4790.987: [GC (Allocation Failure) [PSYoungGen: 495296K->113920K(467968K)] 1328984K->1088648K(1866240K), 0.0589930 secs] [Times: user=0.34 sys=0.00, real=0.06 secs] 
4792.360: [GC (Allocation Failure) [PSYoungGen: 467712K->134912K(524800K)] 1442440K->1212829K(1923072K), 0.0625507 secs] [Times: user=0.37 sys=0.00, real=0.07 secs] 
4793.404: [GC (Allocation Failure) [PSYoungGen: 491776K->123488K(525824K)] 1569693K->1335901K(1924096K), 0.0592309 secs] [Times: user=0.34 sys=0.01, real=0.06 secs] 
4793.463: [Full GC (Ergonomics) [PSYoungGen: 123488K->0K(525824K)] [ParOldGen: 1212413K->137947K(1398272K)] 1335901K->137947K(1924096K), [Metaspace: 60509K->60509K(1105920K)], 0.3128781 secs] [Times: user=1.43 sys=0.00, real=0.31 secs] 
4795.083: [GC (Allocation Failure) [PSYoungGen: 356864K->125056K(526336K)] 494811K->263003K(1924608K), 0.0450431 secs] [Times: user=0.27 sys=0.00, real=0.04 secs] 
4796.903: [GC (Allocation Failure) [PSYoungGen: 489600K->137504K(526848K)] 627547K->400147K(1925120K), 0.0623215 secs] [Times: user=0.37 sys=0.00, real=0.06 secs] 
4798.454: [GC (Allocation Failure) [PSYoungGen: 502048K->8096K(503808K)] 764691K->270763K(1902080K), 0.0042133 secs] [Times: user=0.01 sys=0.00, real=0.00 secs] 
4799.424: [GC (Allocation Failure) [PSYoungGen: 347552K->139904K(479744K)] 610219K->408332K(1878016K), 0.0295225 secs] [Times: user=0.18 sys=0.00, real=0.03 secs] 
4800.823: [GC (Allocation Failure) [PSYoungGen: 479360K->108000K(521216K)] 747788K->507252K(1919488K), 0.0649958 secs] [Times: user=0.38 sys=0.00, real=0.06 secs] 
4802.513: [GC (Allocation Failure) [PSYoungGen: 445408K->135456K(515072K)] 844660K->640321K(1913344K), 0.0525295 secs] [Times: user=0.31 sys=0.00, real=0.05 secs] 
4803.906: [GC (Allocation Failure) [PSYoungGen: 472864K->112416K(514560K)] 977729K->743233K(1912832K), 0.0667836 secs] [Times: user=0.39 sys=0.00, real=0.07 secs] 
4806.001: [GC (Allocation Failure) [PSYoungGen: 454432K->133664K(515584K)] 1085249K->875110K(1913856K), 0.0537649 secs] [Times: user=0.32 sys=0.00, real=0.06 secs] 
4807.350: [GC (Allocation Failure) [PSYoungGen: 475680K->115200K(516096K)] 1217126K->980698K(1914368K), 0.0653434 secs] [Times: user=0.39 sys=0.00, real=0.07 secs] 
4808.680: [GC (Allocation Failure) [PSYoungGen: 465920K->132736K(520192K)] 1331418K->1112063K(1918464K), 0.0546253 secs] [Times: user=0.32 sys=0.01, real=0.06 secs] 
4810.051: [GC (Allocation Failure) [PSYoungGen: 483456K->118016K(519680K)] 1462783K->1220015K(1917952K), 0.0645925 secs] [Times: user=0.38 sys=0.00, real=0.07 secs] 
4811.112: [GC (Allocation Failure) [PSYoungGen: 477440K->143776K(524288K)] 1579439K->1362304K(1922560K), 0.0556857 secs] [Times: user=0.33 sys=0.00, real=0.05 secs] 
4811.167: [Full GC (Ergonomics) [PSYoungGen: 143776K->0K(524288K)] [ParOldGen: 1218528K->159938K(1398272K)] 1362304K->159938K(1922560K), [Metaspace: 60509K->60509K(1105920K)], 0.3686387 secs] [Times: user=1.70 sys=0.00, real=0.37 secs] 
4813.064: [GC (GCLocker Initiated GC) [PSYoungGen: 359424K->114976K(530432K)] 519362K->274914K(1928704K), 0.0704694 secs] [Times: user=0.41 sys=0.00, real=0.07 secs] 
4815.407: [GC (Allocation Failure) [PSYoungGen: 478496K->146816K(510464K)] 638505K->419254K(1908736K), 0.0574765 secs] [Times: user=0.34 sys=0.00, real=0.06 secs] 
4817.202: [GC (Allocation Failure) [PSYoungGen: 510336K->113984K(530944K)] 782774K->523914K(1929216K), 0.0663192 secs] [Times: user=0.39 sys=0.00, real=0.06 secs] 
4818.727: [GC (Allocation Failure) [PSYoungGen: 473920K->148064K(508416K)] 883850K->669381K(1906688K), 0.0554798 secs] [Times: user=0.33 sys=0.00, real=0.06 secs] 
4820.462: [GC (Allocation Failure) [PSYoungGen: 508000K->115040K(528896K)] 1029317K->775377K(1927168K), 0.0743003 secs] [Times: user=0.44 sys=0.00, real=0.07 secs] 
4821.437: [GC (GCLocker Initiated GC) [PSYoungGen: 470880K->150144K(506368K)] 1131218K->921434K(1904640K), 0.0552443 secs] [Times: user=0.33 sys=0.00, real=0.06 secs] 
4823.518: [GC (Allocation Failure) [PSYoungGen: 505984K->109984K(525824K)] 1277345K->1022329K(1924096K), 0.0808931 secs] [Times: user=0.48 sys=0.00, real=0.08 secs] 
4824.109: [GC (Allocation Failure) [PSYoungGen: 449040K->141952K(523776K)] 1361386K->1160922K(1922048K), 0.0521046 secs] [Times: user=0.31 sys=0.00, real=0.05 secs] 
4826.221: [GC (Allocation Failure) [PSYoungGen: 492672K->108320K(523264K)] 1511642K->1260506K(1921536K), 0.0927939 secs] [Times: user=0.55 sys=0.00, real=0.10 secs] 
4826.873: [GC (Allocation Failure) [PSYoungGen: 446091K->142944K(523776K)] 1598278K->1399763K(1922048K), 0.0527278 secs] [Times: user=0.30 sys=0.00, real=0.05 secs] 
4826.926: [Full GC (Ergonomics) [PSYoungGen: 142944K->0K(523776K)] [ParOldGen: 1256819K->197306K(1398272K)] 1399763K->197306K(1922048K), [Metaspace: 60509K->60509K(1105920K)], 0.4646787 secs] [Times: user=2.16 sys=0.00, real=0.46 secs] 
4830.145: [GC (Allocation Failure) [PSYoungGen: 351232K->106432K(525312K)] 548538K->303738K(1923584K), 0.0609696 secs] [Times: user=0.35 sys=0.00, real=0.06 secs] 
4831.232: [GC (Allocation Failure) [PSYoungGen: 449888K->145120K(496128K)] 647195K->444819K(1894400K), 0.0502696 secs] [Times: user=0.29 sys=0.00, real=0.05 secs] 
4833.026: [GC (GCLocker Initiated GC) [PSYoungGen: 495840K->106848K(524288K)] 795539K->542795K(1922560K), 0.0836907 secs] [Times: user=0.50 sys=0.00, real=0.08 secs] 
4834.184: [GC (Allocation Failure) [PSYoungGen: 455008K->136800K(485376K)] 907344K->691577K(1883648K), 0.2070716 secs] [Times: user=1.23 sys=0.00, real=0.20 secs] 
4836.569: [GC (Allocation Failure) [PSYoungGen: 483155K->96736K(522240K)] 1037932K->787905K(1920512K), 0.3972625 secs] [Times: user=2.37 sys=0.00, real=0.40 secs] 
4837.589: [GC (Allocation Failure) [PSYoungGen: 432726K->138752K(522240K)] 1123895K->922894K(1920512K), 0.0508898 secs] [Times: user=0.30 sys=0.00, real=0.05 secs] 
4839.800: [GC (Allocation Failure) [PSYoungGen: 486912K->108064K(520704K)] 1271054K->1021810K(1918976K), 0.1013665 secs] [Times: user=0.60 sys=0.00, real=0.11 secs] 
4840.646: [GC (Allocation Failure) [PSYoungGen: 453241K->143680K(522240K)] 1366987K->1161623K(1920512K), 0.0522507 secs] [Times: user=0.31 sys=0.00, real=0.05 secs] 
4842.488: [GC (Allocation Failure) [PSYoungGen: 493376K->109664K(523776K)] 1511319K->1262111K(1922048K), 0.1005537 secs] [Times: user=0.60 sys=0.00, real=0.10 secs] 
4843.450: [GC (Allocation Failure) [PSYoungGen: 452764K->142080K(523264K)] 1605211K->1400120K(1921536K), 0.0519354 secs] [Times: user=0.30 sys=0.00, real=0.06 secs] 
4843.502: [Full GC (Ergonomics) [PSYoungGen: 142080K->0K(523264K)] [ParOldGen: 1258039K->197567K(1398272K)] 1400120K->197567K(1921536K), [Metaspace: 60509K->60509K(1105920K)], 0.4699711 secs] [Times: user=2.19 sys=0.00, real=0.47 secs] 
4846.151: [GC (Allocation Failure) [PSYoungGen: 350208K->110016K(522752K)] 547775K->307584K(1921024K), 0.0560767 secs] [Times: user=0.33 sys=0.00, real=0.06 secs] 
4847.167: [GC (Allocation Failure) [PSYoungGen: 453130K->141856K(523264K)] 650698K->445360K(1921536K), 0.0504284 secs] [Times: user=0.29 sys=0.00, real=0.05 secs] 
4848.673: [GC (Allocation Failure) [PSYoungGen: 492576K->111648K(523264K)] 796080K->547640K(1921536K), 0.0636395 secs] [Times: user=0.38 sys=0.00, real=0.06 secs] 
4849.208: [GC (Allocation Failure) [PSYoungGen: 463392K->149632K(501760K)] 899384K->693505K(1900032K), 0.0535333 secs] [Times: user=0.32 sys=0.00, real=0.05 secs] 
4851.248: [GC (Allocation Failure) [PSYoungGen: 501376K->98752K(522240K)] 1045249K->791609K(1920512K), 0.0830321 secs] [Times: user=0.49 sys=0.00, real=0.08 secs] 
4851.735: [GC (Allocation Failure) [PSYoungGen: 444352K->166016K(512000K)] 1137209K->951238K(1910272K), 0.0561522 secs] [Times: user=0.33 sys=0.00, real=0.05 secs] 
4854.914: [GC (Allocation Failure) [PSYoungGen: 511616K->94592K(512000K)] 1296838K->1028678K(1910272K), 0.1446522 secs] [Times: user=0.86 sys=0.00, real=0.14 secs] 
4855.869: [GC (Allocation Failure) [PSYoungGen: 415217K->137408K(462848K)] 1349304K->1160403K(1861120K), 0.0508152 secs] [Times: user=0.30 sys=0.00, real=0.05 secs] 
4857.886: [GC (Allocation Failure) [PSYoungGen: 462528K->95168K(511488K)] 1485523K->1246827K(1909760K), 0.1368462 secs] [Times: user=0.81 sys=0.00, real=0.14 secs] 
4859.010: [GC (Allocation Failure) [PSYoungGen: 421312K->137728K(510464K)] 1572971K->1381036K(1908736K), 0.0496787 secs] [Times: user=0.29 sys=0.00, real=0.05 secs] 
4859.060: [Full GC (Ergonomics) [PSYoungGen: 137728K->0K(510464K)] [ParOldGen: 1243308K->179044K(1398272K)] 1381036K->179044K(1908736K), [Metaspace: 60509K->60509K(1105920K)], 0.4186827 secs] [Times: user=1.93 sys=0.00, real=0.42 secs] 
4861.069: [GC (Allocation Failure) [PSYoungGen: 326144K->100480K(513024K)] 505188K->279524K(1911296K), 0.0795210 secs] [Times: user=0.47 sys=0.00, real=0.08 secs] 
4862.750: [GC (Allocation Failure) [PSYoungGen: 431232K->134976K(513024K)] 610276K->411657K(1911296K), 0.0504036 secs] [Times: user=0.30 sys=0.00, real=0.05 secs] 
4864.215: [GC (Allocation Failure) [PSYoungGen: 465728K->104992K(513024K)] 742409K->507097K(1911296K), 0.0662534 secs] [Times: user=0.39 sys=0.00, real=0.06 secs] 
4865.927: [GC (Allocation Failure) [PSYoungGen: 440864K->134400K(514048K)] 842969K->639345K(1912320K), 0.0520282 secs] [Times: user=0.30 sys=0.00, real=0.05 secs] 
4867.284: [GC (Allocation Failure) [PSYoungGen: 470272K->111840K(513536K)] 975217K->741702K(1911808K), 0.0645899 secs] [Times: user=0.38 sys=0.00, real=0.06 secs] 
4869.125: [GC (Allocation Failure) [PSYoungGen: 455392K->132640K(517120K)] 1085254K->872782K(1915392K), 0.0535415 secs] [Times: user=0.32 sys=0.00, real=0.05 secs] 
4870.483: [GC (Allocation Failure) [PSYoungGen: 476192K->116896K(516096K)] 1216334K->980170K(1914368K), 0.0645587 secs] [Times: user=0.38 sys=0.00, real=0.06 secs] 
4873.019: [GC (Allocation Failure) [PSYoungGen: 469664K->134528K(521216K)] 1332938K->1112943K(1919488K), 0.0548155 secs] [Times: user=0.33 sys=0.00, real=0.06 secs] 
4874.386: [GC (Allocation Failure) [PSYoungGen: 487296K->116032K(524288K)] 1465711K->1219323K(1922560K), 0.0664659 secs] [Times: user=0.39 sys=0.00, real=0.07 secs] 
4875.369: [GC (Allocation Failure) [PSYoungGen: 478016K->154400K(516608K)] 1581307K->1371840K(1914880K), 0.0564486 secs] [Times: user=0.34 sys=0.00, real=0.06 secs] 
4876.880: [GC (Allocation Failure) [PSYoungGen: 516384K->116544K(528896K)] 1733824K->1470952K(1927168K), 0.0750155 secs] [Times: user=0.44 sys=0.00, real=0.08 secs] 
4876.955: [Full GC (Ergonomics) [PSYoungGen: 116544K->0K(528896K)] [ParOldGen: 1354408K->29647K(1398272K)] 1470952K->29647K(1927168K), [Metaspace: 60509K->60509K(1105920K)], 0.0554205 secs] [Times: user=0.19 sys=0.00, real=0.05 secs] 
4878.321: [GC (Allocation Failure) [PSYoungGen: 355840K->146592K(502784K)] 385487K->176239K(1901056K), 0.0293493 secs] [Times: user=0.17 sys=0.00, real=0.03 secs] 
4880.554: [GC (Allocation Failure) [PSYoungGen: 502432K->112000K(527360K)] 532079K->278903K(1925632K), 0.1452447 secs] [Times: user=0.87 sys=0.00, real=0.14 secs] 
4882.397: [GC (Allocation Failure) [PSYoungGen: 465792K->146176K(500224K)] 632695K->422020K(1898496K), 0.0538127 secs] [Times: user=0.32 sys=0.00, real=0.05 secs] 
4883.848: [GC (Allocation Failure) [PSYoungGen: 499968K->109216K(525824K)] 775812K->522308K(1924096K), 0.0660623 secs] [Times: user=0.39 sys=0.00, real=0.07 secs] 
4885.065: [GC (Allocation Failure) [PSYoungGen: 460448K->148224K(499712K)] 873540K->665832K(1897984K), 0.0530451 secs] [Times: user=0.31 sys=0.00, real=0.05 secs] 
4886.626: [GC (Allocation Failure) [PSYoungGen: 499456K->111232K(524288K)] 1017064K->767856K(1922560K), 0.0741136 secs] [Times: user=0.44 sys=0.00, real=0.07 secs] 
4887.974: [GC (Allocation Failure) [PSYoungGen: 458880K->154816K(502784K)] 1115504K->918613K(1901056K), 0.0561972 secs] [Times: user=0.33 sys=0.01, real=0.05 secs] 
4890.227: [GC (GCLocker Initiated GC) [PSYoungGen: 502464K->105472K(519680K)] 1266262K->1007062K(1917952K), 0.1392056 secs] [Times: user=0.82 sys=0.00, real=0.14 secs] 
4891.199: [GC (Allocation Failure) [PSYoungGen: 444928K->144096K(518656K)] 1346588K->1147189K(1916928K), 0.0520990 secs] [Times: user=0.31 sys=0.00, real=0.05 secs] 
4892.985: [GC (Allocation Failure) [PSYoungGen: 483552K->103136K(519168K)] 1486645K->1241309K(1917440K), 0.1022122 secs] [Times: user=0.60 sys=0.00, real=0.10 secs] 
4894.341: [GC (Allocation Failure) [PSYoungGen: 442080K->142944K(482304K)] 1580253K->1379678K(1880576K), 0.0514614 secs] [Times: user=0.30 sys=0.01, real=0.06 secs] 
4894.393: [Full GC (Ergonomics) [PSYoungGen: 142944K->0K(482304K)] [ParOldGen: 1236734K->184502K(1398272K)] 1379678K->184502K(1880576K), [Metaspace: 60509K->60509K(1105920K)], 0.4374654 secs] [Times: user=2.04 sys=0.00, real=0.43 secs] 
4896.283: [GC (Allocation Failure) [PSYoungGen: 338944K->106208K(520192K)] 523446K->290710K(1918464K), 0.0697900 secs] [Times: user=0.41 sys=0.00, real=0.07 secs] 
4897.805: [GC (Allocation Failure) [PSYoungGen: 445664K->141280K(518144K)] 630166K->428031K(1916416K), 0.0515581 secs] [Times: user=0.31 sys=0.00, real=0.05 secs] 
4899.196: [GC (GCLocker Initiated GC) [PSYoungGen: 480736K->105024K(519168K)] 767487K->523663K(1917440K), 0.0628577 secs] [Times: user=0.37 sys=0.00, real=0.06 secs] 
4899.972: [GC (Allocation Failure) [PSYoungGen: 445504K->141952K(518656K)] 864214K->662471K(1916928K), 0.0524485 secs] [Times: user=0.30 sys=0.00, real=0.05 secs] 
4901.648: [GC (Allocation Failure) [PSYoungGen: 482432K->105856K(517632K)] 1002951K->758983K(1915904K), 0.1251917 secs] [Times: user=0.75 sys=0.00, real=0.13 secs] 
4902.575: [GC (Allocation Failure) [PSYoungGen: 447360K->143680K(518656K)] 1100487K->900036K(1916928K), 0.0528846 secs] [Times: user=0.31 sys=0.00, real=0.05 secs] 
4904.327: [GC (Allocation Failure) [PSYoungGen: 485184K->105152K(520192K)] 1241540K->996204K(1918464K), 0.1075598 secs] [Times: user=0.63 sys=0.00, real=0.11 secs] 
4906.202: [GC (Allocation Failure) [PSYoungGen: 447168K->138880K(519680K)] 1338220K->1132159K(1917952K), 0.0520539 secs] [Times: user=0.30 sys=0.00, real=0.05 secs] 
4907.950: [GC (GCLocker Initiated GC) [PSYoungGen: 480896K->107008K(517632K)] 1474175K->1229407K(1915904K), 0.1285969 secs] [Times: user=0.76 sys=0.00, real=0.13 secs] 
4909.154: [GC (Allocation Failure) [PSYoungGen: 450560K->149536K(493568K)] 1572998K->1376207K(1891840K), 0.0550551 secs] [Times: user=0.32 sys=0.01, real=0.05 secs] 
4910.792: [GC (GCLocker Initiated GC) [PSYoungGen: 493088K->108960K(521216K)] 1719759K->1467663K(1919488K), 0.0674115 secs] [Times: user=0.40 sys=0.00, real=0.07 secs] 
4910.859: [Full GC (Ergonomics) [PSYoungGen: 108960K->0K(521216K)] [ParOldGen: 1358703K->27940K(1398272K)] 1467663K->27940K(1919488K), [Metaspace: 60509K->60509K(1105920K)], 0.0504677 secs] [Times: user=0.16 sys=0.00, real=0.05 secs] 
4912.044: [GC (GCLocker Initiated GC) [PSYoungGen: 340992K->140064K(518656K)] 368937K->168009K(1916928K), 0.0275101 secs] [Times: user=0.16 sys=0.00, real=0.02 secs] 
4913.639: [GC (Allocation Failure) [PSYoungGen: 481056K->106368K(519168K)] 509003K->265230K(1917440K), 0.0937207 secs] [Times: user=0.55 sys=0.00, real=0.10 secs] 
4915.268: [GC (Allocation Failure) [PSYoungGen: 449408K->140224K(519168K)] 608270K->402823K(1917440K), 0.0517088 secs] [Times: user=0.31 sys=0.00, real=0.05 secs] 
4916.696: [GC (Allocation Failure) [PSYoungGen: 483264K->109600K(518656K)] 745863K->503119K(1916928K), 0.0684695 secs] [Times: user=0.40 sys=0.01, real=0.07 secs] 
4918.101: [GC (Allocation Failure) [PSYoungGen: 455200K->140960K(520192K)] 848719K->641699K(1918464K), 0.0532636 secs] [Times: user=0.31 sys=0.00, real=0.06 secs] 
4919.680: [GC (Allocation Failure) [PSYoungGen: 486560K->110176K(521216K)] 987299K->742392K(1919488K), 0.0892453 secs] [Times: user=0.53 sys=0.00, real=0.09 secs] 
4921.029: [GC (Allocation Failure) [PSYoungGen: 458848K->143808K(522240K)] 1091064K->883916K(1920512K), 0.0538792 secs] [Times: user=0.31 sys=0.00, real=0.06 secs] 
4922.739: [GC (Allocation Failure) [PSYoungGen: 492480K->110240K(523264K)] 1232588K->985148K(1921536K), 0.1078580 secs] [Times: user=0.65 sys=0.00, real=0.11 secs] 
4924.519: [GC (Allocation Failure) [PSYoungGen: 459936K->143296K(523264K)] 1334844K->1125929K(1921536K), 0.0535100 secs] [Times: user=0.32 sys=0.00, real=0.06 secs] 
4926.321: [GC (GCLocker Initiated GC) [PSYoungGen: 492992K->109216K(523264K)] 1475625K->1225893K(1921536K), 0.0933769 secs] [Times: user=0.55 sys=0.01, real=0.10 secs] 
4927.802: [GC (Allocation Failure) [PSYoungGen: 458912K->143296K(523264K)] 1575660K->1366101K(1921536K), 0.0561786 secs] [Times: user=0.30 sys=0.00, real=0.05 secs] 
4929.303: [GC (Allocation Failure) [PSYoungGen: 492992K->111840K(523264K)] 1715797K->1468445K(1921536K), 0.1155508 secs] [Times: user=0.69 sys=0.01, real=0.11 secs] 
4929.418: [Full GC (Ergonomics) [PSYoungGen: 111840K->0K(523264K)] [ParOldGen: 1356605K->35509K(1398272K)] 1468445K->35509K(1921536K), [Metaspace: 60576K->60576K(1105920K)], 0.0967561 secs] [Times: user=0.38 sys=0.00, real=0.10 secs] 
4930.854: [GC (Allocation Failure) [PSYoungGen: 349696K->143968K(523264K)] 385205K->179477K(1921536K), 0.0286462 secs] [Times: user=0.17 sys=0.00, real=0.03 secs] 
4933.219: [GC (Allocation Failure) [PSYoungGen: 493664K->108672K(523264K)] 529173K->278757K(1921536K), 0.1501698 secs] [Times: user=0.89 sys=0.01, real=0.15 secs] 
4934.948: [GC (Allocation Failure) [PSYoungGen: 458368K->144128K(494080K)] 628453K->420526K(1892352K), 0.0526338 secs] [Times: user=0.31 sys=0.00, real=0.05 secs] 
4937.384: [GC (GCLocker Initiated GC) [PSYoungGen: 493824K->105600K(524288K)] 770223K->517335K(1922560K), 0.1501905 secs] [Times: user=0.89 sys=0.00, real=0.15 secs] 
4939.148: [GC (Allocation Failure) [PSYoungGen: 453760K->144800K(493056K)] 865498K->658706K(1891328K), 0.0566227 secs] [Times: user=0.34 sys=0.00, real=0.06 secs] 
4941.343: [GC (Allocation Failure) [PSYoungGen: 492960K->109312K(523776K)] 1006866K->758646K(1922048K), 0.1603733 secs] [Times: user=0.96 sys=0.00, real=0.16 secs] 
4942.745: [GC (Allocation Failure) [PSYoungGen: 455936K->144384K(521728K)] 1105270K->900243K(1920000K), 0.0539401 secs] [Times: user=0.32 sys=0.00, real=0.05 secs] 
4944.281: [GC (Allocation Failure) [PSYoungGen: 491008K->109344K(521728K)] 1246867K->1000683K(1920000K), 0.0867931 secs] [Times: user=0.52 sys=0.00, real=0.09 secs] 
4946.134: [GC (Allocation Failure) [PSYoungGen: 455968K->143648K(521728K)] 1347307K->1140056K(1920000K), 0.0525722 secs] [Times: user=0.31 sys=0.00, real=0.05 secs] 
4948.064: [GC (Allocation Failure) [PSYoungGen: 490272K->107360K(522240K)] 1486680K->1238116K(1920512K), 0.1020359 secs] [Times: user=0.61 sys=0.00, real=0.10 secs] 
4949.606: [GC (Allocation Failure) [PSYoungGen: 453472K->144608K(491008K)] 1584228K->1378493K(1889280K), 0.0528335 secs] [Times: user=0.31 sys=0.00, real=0.05 secs] 
4949.659: [Full GC (Ergonomics) [PSYoungGen: 144608K->0K(491008K)] [ParOldGen: 1233885K->181912K(1398272K)] 1378493K->181912K(1889280K), [Metaspace: 60588K->60588K(1105920K)], 0.4241820 secs] [Times: user=1.95 sys=0.00, real=0.43 secs] 
4951.684: [GC (Allocation Failure) [PSYoungGen: 346112K->108960K(523264K)] 528024K->290872K(1921536K), 0.0886349 secs] [Times: user=0.52 sys=0.01, real=0.09 secs] 
4953.207: [GC (Allocation Failure) [PSYoungGen: 454560K->144416K(521216K)] 636472K->430949K(1919488K), 0.0531539 secs] [Times: user=0.31 sys=0.00, real=0.05 secs] 
4954.643: [GC (Allocation Failure) [PSYoungGen: 490016K->108992K(521216K)] 776549K->530417K(1919488K), 0.0667415 secs] [Times: user=0.40 sys=0.01, real=0.06 secs] 
4955.946: [GC (Allocation Failure) [PSYoungGen: 454592K->152384K(498176K)] 876017K->678766K(1896448K), 0.0535476 secs] [Times: user=0.32 sys=0.00, real=0.05 secs] 
4957.627: [GC (GCLocker Initiated GC) [PSYoungGen: 497984K->106944K(519680K)] 1024367K->768047K(1917952K), 0.1055950 secs] [Times: user=0.62 sys=0.00, real=0.11 secs] 
4958.616: [GC (Allocation Failure) [PSYoungGen: 445888K->144416K(518144K)] 1107030K->908538K(1916416K), 0.0525970 secs] [Times: user=0.31 sys=0.00, real=0.05 secs] 
4960.681: [GC (Allocation Failure) [PSYoungGen: 483360K->103968K(518656K)] 1247482K->1003770K(1916928K), 0.1315094 secs] [Times: user=0.78 sys=0.00, real=0.14 secs] 
4962.070: [GC (Allocation Failure) [PSYoungGen: 442400K->141728K(518144K)] 1342202K->1141903K(1916416K), 0.0512610 secs] [Times: user=0.31 sys=0.00, real=0.05 secs] 
4963.603: [GC (Allocation Failure) [PSYoungGen: 480160K->104448K(516608K)] 1480335K->1237463K(1914880K), 0.0995226 secs] [Times: user=0.59 sys=0.00, real=0.10 secs] 
4964.899: [GC (Allocation Failure) [PSYoungGen: 443392K->139904K(517632K)] 1576407K->1374108K(1915904K), 0.0520530 secs] [Times: user=0.31 sys=0.00, real=0.05 secs] 
4964.951: [Full GC (Ergonomics) [PSYoungGen: 139904K->0K(517632K)] [ParOldGen: 1234204K->173007K(1398272K)] 1374108K->173007K(1915904K), [Metaspace: 60588K->60588K(1105920K)], 0.4092408 secs] [Times: user=1.89 sys=0.00, real=0.41 secs] 
4967.016: [GC (Allocation Failure) [PSYoungGen: 338944K->104736K(517120K)] 511951K->277743K(1915392K), 0.0590641 secs] [Times: user=0.34 sys=0.00, real=0.06 secs] 
4968.941: [GC (Allocation Failure) [PSYoungGen: 446240K->139168K(518656K)] 619247K->413964K(1916928K), 0.0524909 secs] [Times: user=0.31 sys=0.00, real=0.06 secs] 
4970.680: [GC (Allocation Failure) [PSYoungGen: 480672K->110144K(517120K)] 755468K->514636K(1915392K), 0.1216838 secs] [Times: user=0.72 sys=0.00, real=0.12 secs] 
4973.014: [GC (Allocation Failure) [PSYoungGen: 454208K->136320K(519168K)] 858700K->648609K(1917440K), 0.0532329 secs] [Times: user=0.31 sys=0.00, real=0.05 secs] 
4974.599: [GC (Allocation Failure) [PSYoungGen: 480384K->108448K(519168K)] 992673K->747569K(1917440K), 0.1062520 secs] [Times: user=0.63 sys=0.00, real=0.11 secs] 
4976.875: [GC (Allocation Failure) [PSYoungGen: 457632K->139328K(521728K)] 1096753K->884894K(1920000K), 0.0536315 secs] [Times: user=0.32 sys=0.00, real=0.05 secs] 
4978.296: [GC (Allocation Failure) [PSYoungGen: 488512K->113472K(521216K)] 1234078K->988822K(1919488K), 0.0672876 secs] [Times: user=0.40 sys=0.01, real=0.07 secs] 
4980.010: [GC (Allocation Failure) [PSYoungGen: 466240K->142304K(523264K)] 1341590K->1128483K(1921536K), 0.0561062 secs] [Times: user=0.33 sys=0.00, real=0.06 secs] 
4981.726: [GC (Allocation Failure) [PSYoungGen: 495072K->112064K(526336K)] 1481251K->1231267K(1924608K), 0.0974912 secs] [Times: user=0.58 sys=0.00, real=0.10 secs] 
4983.366: [GC (Allocation Failure) [PSYoungGen: 467904K->145504K(501760K)] 1587107K->1373856K(1900032K), 0.0548611 secs] [Times: user=0.32 sys=0.01, real=0.05 secs] 
4985.008: [GC (Allocation Failure) [PSYoungGen: 501344K->112992K(527360K)] 1729696K->1477364K(1925632K), 0.1305047 secs] [Times: user=0.77 sys=0.01, real=0.13 secs] 
4985.138: [Full GC (Ergonomics) [PSYoungGen: 112992K->0K(527360K)] [ParOldGen: 1364372K->37778K(1398272K)] 1477364K->37778K(1925632K), [Metaspace: 60590K->60590K(1105920K)], 0.0961540 secs] [Times: user=0.39 sys=0.00, real=0.10 secs] 
4986.404: [GC (Allocation Failure) [PSYoungGen: 353792K->146656K(500736K)] 391570K->184434K(1899008K), 0.0290311 secs] [Times: user=0.17 sys=0.00, real=0.03 secs] 
4988.174: [GC (Allocation Failure) [PSYoungGen: 500448K->110432K(525824K)] 538226K->285514K(1924096K), 0.0945150 secs] [Times: user=0.56 sys=0.01, real=0.09 secs] 
4989.187: [GC (Allocation Failure) [PSYoungGen: 461664K->156704K(508416K)] 636746K->437911K(1906688K), 0.0540191 secs] [Times: user=0.30 sys=0.00, real=0.05 secs] 
4990.953: [GC (Allocation Failure) [PSYoungGen: 507936K->109120K(521216K)] 789143K->530023K(1919488K), 0.0751553 secs] [Times: user=0.44 sys=0.00, real=0.07 secs] 
4992.100: [GC (Allocation Failure) [PSYoungGen: 450624K->144192K(519168K)] 871527K->669780K(1917440K), 0.0524291 secs] [Times: user=0.31 sys=0.00, real=0.06 secs] 
4994.300: [GC (Allocation Failure) [PSYoungGen: 485696K->105152K(520192K)] 1011284K->765660K(1918464K), 0.1168196 secs] [Times: user=0.69 sys=0.00, real=0.12 secs] 
4995.270: [GC (Allocation Failure) [PSYoungGen: 446656K->144160K(485888K)] 1107164K->906025K(1884160K), 0.0511515 secs] [Times: user=0.30 sys=0.01, real=0.05 secs] 
4996.842: [GC (Allocation Failure) [PSYoungGen: 485664K->105536K(520704K)] 1247529K->1002585K(1918976K), 0.0846676 secs] [Times: user=0.50 sys=0.01, real=0.08 secs] 
4998.118: [GC (Allocation Failure) [PSYoungGen: 446528K->150688K(492032K)] 1343577K->1148709K(1890304K), 0.0520375 secs] [Times: user=0.31 sys=0.00, real=0.05 secs] 
4999.794: [GC (Allocation Failure) [PSYoungGen: 491680K->106848K(518144K)] 1489701K->1238073K(1916416K), 0.0644672 secs] [Times: user=0.38 sys=0.00, real=0.06 secs] 
5000.977: [GC (Allocation Failure) [PSYoungGen: 442720K->141280K(516608K)] 1573945K->1375590K(1914880K), 0.0520898 secs] [Times: user=0.31 sys=0.01, real=0.05 secs] 
5001.029: [Full GC (Ergonomics) [PSYoungGen: 141280K->0K(516608K)] [ParOldGen: 1234310K->179521K(1398272K)] 1375590K->179521K(1914880K), [Metaspace: 60590K->60590K(1105920K)], 0.4333540 secs] [Times: user=2.01 sys=0.00, real=0.44 secs] 
5003.387: [GC (Allocation Failure) [PSYoungGen: 335872K->102080K(517120K)] 515393K->281601K(1915392K), 0.1030062 secs] [Times: user=0.61 sys=0.00, real=0.10 secs] 
5004.762: [GC (Allocation Failure) [PSYoungGen: 438976K->140192K(516608K)] 618497K->418678K(1914880K), 0.0510689 secs] [Times: user=0.30 sys=0.00, real=0.06 secs] 
5006.320: [GC (Allocation Failure) [PSYoungGen: 477088K->105344K(516608K)] 755574K->514950K(1914880K), 0.0998183 secs] [Times: user=0.59 sys=0.00, real=0.10 secs] 
5008.639: [GC (Allocation Failure) [PSYoungGen: 444800K->138080K(517632K)] 854406K->650139K(1915904K), 0.0520788 secs] [Times: user=0.31 sys=0.00, real=0.05 secs] 
5010.111: [GC (Allocation Failure) [PSYoungGen: 477536K->106240K(516608K)] 989595K->746647K(1914880K), 0.0903941 secs] [Times: user=0.53 sys=0.00, real=0.10 secs] 
5012.161: [GC (Allocation Failure) [PSYoungGen: 448768K->138784K(518656K)] 1089175K->883296K(1916928K), 0.0522311 secs] [Times: user=0.31 sys=0.00, real=0.06 secs] 
5013.541: [GC (Allocation Failure) [PSYoungGen: 481312K->111104K(517120K)] 1225824K->984904K(1915392K), 0.0649564 secs] [Times: user=0.38 sys=0.00, real=0.07 secs] 
5015.093: [GC (GCLocker Initiated GC) [PSYoungGen: 457216K->135520K(519680K)] 1331017K->1118862K(1917952K), 0.0544104 secs] [Times: user=0.32 sys=0.00, real=0.05 secs] 
5016.459: [GC (GCLocker Initiated GC) [PSYoungGen: 481632K->113216K(519680K)] 1464975K->1222159K(1917952K), 0.0644045 secs] [Times: user=0.39 sys=0.00, real=0.07 secs] 
5017.507: [GC (Allocation Failure) [PSYoungGen: 465472K->143552K(522752K)] 1574418K->1363759K(1921024K), 0.0547438 secs] [Times: user=0.32 sys=0.01, real=0.06 secs] 
5019.228: [GC (GCLocker Initiated GC) [PSYoungGen: 495808K->111136K(526336K)] 1716016K->1465392K(1924608K), 0.1053514 secs] [Times: user=0.62 sys=0.00, real=0.11 secs] 
5019.334: [Full GC (Ergonomics) [PSYoungGen: 111136K->0K(526336K)] [ParOldGen: 1354256K->26643K(1398272K)] 1465392K->26643K(1924608K), [Metaspace: 60590K->60590K(1105920K)], 0.0591180 secs] [Times: user=0.19 sys=0.00, real=0.06 secs] 
5021.529: [GC (Allocation Failure) [PSYoungGen: 354816K->143360K(525824K)] 381462K->170006K(1924096K), 0.0285521 secs] [Times: user=0.17 sys=0.00, real=0.03 secs] 
5023.189: [GC (Allocation Failure) [PSYoungGen: 498176K->112864K(525824K)] 524822K->273398K(1924096K), 0.1346764 secs] [Times: user=0.80 sys=0.00, real=0.14 secs] 
5025.121: [GC (Allocation Failure) [PSYoungGen: 467680K->146176K(501248K)] 628214K->415571K(1899520K), 0.0540247 secs] [Times: user=0.32 sys=0.00, real=0.06 secs] 
5027.000: [GC (Allocation Failure) [PSYoungGen: 500992K->113120K(526848K)] 770387K->519547K(1925120K), 0.1331392 secs] [Times: user=0.79 sys=0.00, real=0.14 secs] 
5028.190: [GC (Allocation Failure) [PSYoungGen: 465888K->147168K(500224K)] 872315K->664028K(1898496K), 0.0546558 secs] [Times: user=0.32 sys=0.00, real=0.06 secs] 
5030.019: [GC (Allocation Failure) [PSYoungGen: 499936K->108768K(525312K)] 1016796K->763572K(1923584K), 0.1082168 secs] [Times: user=0.64 sys=0.00, real=0.11 secs] 
5031.190: [GC (Allocation Failure) [PSYoungGen: 458976K->156256K(506880K)] 1113780K->915805K(1905152K), 0.0535924 secs] [Times: user=0.32 sys=0.00, real=0.06 secs] 
5032.879: [GC (Allocation Failure) [PSYoungGen: 506464K->107456K(520192K)] 1266013K->1006261K(1918464K), 0.0740641 secs] [Times: user=0.44 sys=0.00, real=0.08 secs] 
5034.241: [GC (Allocation Failure) [PSYoungGen: 447424K->143872K(518656K)] 1346229K->1145478K(1916928K), 0.0522052 secs] [Times: user=0.31 sys=0.00, real=0.06 secs] 
5036.087: [GC (Allocation Failure) [PSYoungGen: 483840K->105696K(519168K)] 1485446K->1242042K(1917440K), 0.0957451 secs] [Times: user=0.56 sys=0.00, real=0.10 secs] 
5036.788: [GC (Allocation Failure) [PSYoungGen: 446176K->143168K(519168K)] 1582522K->1381323K(1917440K), 0.0515518 secs] [Times: user=0.31 sys=0.00, real=0.05 secs] 
5036.839: [Full GC (Ergonomics) [PSYoungGen: 143168K->0K(519168K)] [ParOldGen: 1238155K->185773K(1398272K)] 1381323K->185773K(1917440K), [Metaspace: 60590K->60590K(1105920K)], 0.4403899 secs] [Times: user=2.03 sys=0.00, real=0.44 secs] 
5039.035: [GC (Allocation Failure) [PSYoungGen: 340480K->105792K(518144K)] 526253K->291565K(1916416K), 0.0649997 secs] [Times: user=0.38 sys=0.00, real=0.06 secs] 
5040.613: [GC (Allocation Failure) [PSYoungGen: 446272K->142208K(518656K)] 632045K->429910K(1916928K), 0.0516597 secs] [Times: user=0.30 sys=0.00, real=0.05 secs] 
5042.053: [GC (Allocation Failure) [PSYoungGen: 482688K->107264K(518656K)] 770390K->528030K(1916928K), 0.0682178 secs] [Times: user=0.40 sys=0.00, real=0.07 secs] 
5043.227: [GC (Allocation Failure) [PSYoungGen: 448768K->143392K(519168K)] 869534K->667443K(1917440K), 0.0523332 secs] [Times: user=0.31 sys=0.00, real=0.05 secs] 
5044.945: [GC (Allocation Failure) [PSYoungGen: 484896K->106368K(519168K)] 1008947K->764791K(1917440K), 0.1006126 secs] [Times: user=0.58 sys=0.01, real=0.10 secs] 
5045.874: [GC (GCLocker Initiated GC) [PSYoungGen: 448896K->143584K(519680K)] 1107319K->905916K(1917952K), 0.0529092 secs] [Times: user=0.31 sys=0.00, real=0.05 secs] 
5048.182: [GC (Allocation Failure) [PSYoungGen: 486112K->104320K(520192K)] 1248447K->1001567K(1918464K), 0.1314118 secs] [Times: user=0.78 sys=0.00, real=0.13 secs] 
5049.421: [GC (Allocation Failure) [PSYoungGen: 446336K->142176K(519680K)] 1343583K->1140874K(1917952K), 0.0521596 secs] [Times: user=0.31 sys=0.00, real=0.06 secs] 
5050.987: [GC (Allocation Failure) [PSYoungGen: 484192K->106240K(519168K)] 1482890K->1238474K(1917440K), 0.0907287 secs] [Times: user=0.54 sys=0.00, real=0.09 secs] 
5052.606: [GC (Allocation Failure) [PSYoungGen: 448768K->141632K(519680K)] 1581002K->1377569K(1917952K), 0.0527565 secs] [Times: user=0.31 sys=0.00, real=0.05 secs] 
5052.659: [Full GC (Ergonomics) [PSYoungGen: 141632K->0K(519680K)] [ParOldGen: 1235937K->174084K(1398272K)] 1377569K->174084K(1917952K), [Metaspace: 60590K->60590K(1105920K)], 0.4022177 secs] [Times: user=1.84 sys=0.00, real=0.40 secs] 
5054.657: [GC (Allocation Failure) [PSYoungGen: 342528K->107552K(518656K)] 516612K->281637K(1916928K), 0.0434630 secs] [Times: user=0.25 sys=0.00, real=0.04 secs] 
5056.024: [GC (Allocation Failure) [PSYoungGen: 451104K->140896K(519680K)] 625189K->419013K(1917952K), 0.0530604 secs] [Times: user=0.32 sys=0.00, real=0.05 secs] 
5057.724: [GC (GCLocker Initiated GC) [PSYoungGen: 484448K->107680K(519680K)] 762565K->517469K(1917952K), 0.0889702 secs] [Times: user=0.53 sys=0.00, real=0.09 secs] 
5059.247: [GC (Allocation Failure) [PSYoungGen: 453280K->142880K(520704K)] 863072K->657253K(1918976K), 0.0530320 secs] [Times: user=0.31 sys=0.00, real=0.05 secs] 
5060.829: [GC (Allocation Failure) [PSYoungGen: 488480K->107680K(521728K)] 1002853K->755561K(1920000K), 0.0887749 secs] [Times: user=0.53 sys=0.00, real=0.09 secs] 
5062.360: [GC (Allocation Failure) [PSYoungGen: 454304K->143168K(521728K)] 1102185K->896222K(1920000K), 0.0532179 secs] [Times: user=0.32 sys=0.00, real=0.06 secs] 
5064.580: [GC (Allocation Failure) [PSYoungGen: 489792K->108064K(521728K)] 1242846K->995262K(1920000K), 0.0725483 secs] [Times: user=0.43 sys=0.00, real=0.08 secs] 
5065.716: [GC (Allocation Failure) [PSYoungGen: 454688K->143808K(521728K)] 1341886K->1136259K(1920000K), 0.0535548 secs] [Times: user=0.31 sys=0.00, real=0.05 secs] 
5067.291: [GC (Allocation Failure) [PSYoungGen: 490432K->108512K(521728K)] 1482883K->1235683K(1920000K), 0.0827824 secs] [Times: user=0.49 sys=0.00, real=0.09 secs] 
5069.214: [GC (Allocation Failure) [PSYoungGen: 455136K->142176K(521728K)] 1582307K->1374988K(1920000K), 0.0543139 secs] [Times: user=0.33 sys=0.00, real=0.05 secs] 
5069.268: [Full GC (Ergonomics) [PSYoungGen: 142176K->0K(521728K)] [ParOldGen: 1232812K->172836K(1398272K)] 1374988K->172836K(1920000K), [Metaspace: 60590K->60590K(1105920K)], 0.4019320 secs] [Times: user=1.85 sys=0.00, real=0.40 secs] 
5071.223: [GC (GCLocker Initiated GC) [PSYoungGen: 346624K->108288K(521216K)] 519460K->281124K(1919488K), 0.0550480 secs] [Times: user=0.27 sys=0.00, real=0.05 secs] 
5072.566: [GC (Allocation Failure) [PSYoungGen: 455424K->144224K(521728K)] 628263K->422044K(1920000K), 0.0536074 secs] [Times: user=0.32 sys=0.00, real=0.05 secs] 
5074.144: [GC (Allocation Failure) [PSYoungGen: 491360K->110080K(521728K)] 769180K->522740K(1920000K), 0.1136710 secs] [Times: user=0.68 sys=0.01, real=0.11 secs] 
5075.172: [GC (Allocation Failure) [PSYoungGen: 457216K->144736K(521728K)] 869876K->664397K(1920000K), 0.0549849 secs] [Times: user=0.32 sys=0.00, real=0.05 secs] 
5076.823: [GC (Allocation Failure) [PSYoungGen: 491872K->108704K(522240K)] 1011533K->763809K(1920512K), 0.0672736 secs] [Times: user=0.39 sys=0.00, real=0.06 secs] 
5078.587: [GC (Allocation Failure) [PSYoungGen: 455328K->143488K(521728K)] 1110433K->904478K(1920000K), 0.0539784 secs] [Times: user=0.31 sys=0.00, real=0.05 secs] 
5080.401: [GC (Allocation Failure) [PSYoungGen: 490112K->108544K(521728K)] 1251102K->1004214K(1920000K), 0.1540871 secs] [Times: user=0.91 sys=0.00, real=0.16 secs] 
5081.817: [GC (Allocation Failure) [PSYoungGen: 455168K->144736K(491520K)] 1350838K->1144386K(1889792K), 0.0537524 secs] [Times: user=0.32 sys=0.00, real=0.05 secs] 
5083.191: [GC (Allocation Failure) [PSYoungGen: 491360K->109184K(523264K)] 1491010K->1243967K(1921536K), 0.0677640 secs] [Times: user=0.41 sys=0.00, real=0.07 secs] 
5084.849: [GC (Allocation Failure) [PSYoungGen: 454784K->142304K(521216K)] 1589567K->1382263K(1919488K), 0.0538443 secs] [Times: user=0.32 sys=0.00, real=0.06 secs] 
5084.903: [Full GC (Ergonomics) [PSYoungGen: 142304K->0K(521216K)] [ParOldGen: 1239959K->181981K(1398272K)] 1382263K->181981K(1919488K), [Metaspace: 60590K->60590K(1105920K)], 0.4278030 secs] [Times: user=1.98 sys=0.00, real=0.42 secs] 
5087.139: [GC (Allocation Failure) [PSYoungGen: 345600K->109152K(521216K)] 527581K->291134K(1919488K), 0.0624271 secs] [Times: user=0.37 sys=0.00, real=0.06 secs] 
5088.762: [GC (Allocation Failure) [PSYoungGen: 455776K->144224K(521728K)] 637758K->431010K(1920000K), 0.0529656 secs] [Times: user=0.32 sys=0.00, real=0.05 secs] 
5090.653: [GC (Allocation Failure) [PSYoungGen: 490848K->108960K(521728K)] 777634K->530702K(1920000K), 0.0946226 secs] [Times: user=0.56 sys=0.00, real=0.09 secs] 
5091.761: [GC (Allocation Failure) [PSYoungGen: 455584K->146016K(493056K)] 877326K->672899K(1891328K), 0.0546275 secs] [Times: user=0.32 sys=0.00, real=0.06 secs] 
5093.247: [GC (Allocation Failure) [PSYoungGen: 492640K->105760K(522240K)] 1019523K->769843K(1920512K), 0.0716627 secs] [Times: user=0.42 sys=0.00, real=0.07 secs] 
5094.470: [GC (Allocation Failure) [PSYoungGen: 450336K->146592K(491520K)] 1114419K->912064K(1889792K), 0.0521924 secs] [Times: user=0.31 sys=0.00, real=0.06 secs] 
5096.525: [GC (Allocation Failure) [PSYoungGen: 491168K->103968K(520704K)] 1256640K->1007168K(1918976K), 0.1007375 secs] [Times: user=0.60 sys=0.00, real=0.10 secs] 
5098.292: [GC (Allocation Failure) [PSYoungGen: 445472K->142976K(484864K)] 1348672K->1146273K(1883136K), 0.0521485 secs] [Times: user=0.30 sys=0.00, real=0.05 secs] 
5099.982: [GC (Allocation Failure) [PSYoungGen: 484480K->105760K(521216K)] 1487777K->1242817K(1919488K), 0.1227652 secs] [Times: user=0.72 sys=0.00, real=0.12 secs] 
5101.598: [GC (Allocation Failure) [PSYoungGen: 447264K->143744K(519168K)] 1584321K->1382282K(1917440K), 0.0537590 secs] [Times: user=0.32 sys=0.00, real=0.06 secs] 
5101.652: [Full GC (Ergonomics) [PSYoungGen: 143744K->0K(519168K)] [ParOldGen: 1238538K->181465K(1398272K)] 1382282K->181465K(1917440K), [Metaspace: 60590K->60590K(1105920K)], 0.4358152 secs] [Times: user=1.98 sys=0.00, real=0.43 secs] 
5103.906: [GC (Allocation Failure) [PSYoungGen: 341504K->104896K(519680K)] 522969K->286361K(1917952K), 0.0888487 secs] [Times: user=0.52 sys=0.01, real=0.09 secs] 
5105.604: [GC (Allocation Failure) [PSYoungGen: 445888K->139104K(519168K)] 627353K->422406K(1917440K), 0.0518905 secs] [Times: user=0.31 sys=0.00, real=0.05 secs] 
5107.478: [GC (Allocation Failure) [PSYoungGen: 480096K->107936K(517120K)] 763398K->520774K(1915392K), 0.1320384 secs] [Times: user=0.78 sys=0.00, real=0.13 secs] 
5109.226: [GC (Allocation Failure) [PSYoungGen: 450464K->142176K(518656K)] 863302K->659519K(1916928K), 0.0524608 secs] [Times: user=0.31 sys=0.00, real=0.05 secs] 
5111.050: [GC (Allocation Failure) [PSYoungGen: 484704K->105344K(520192K)] 1002047K->755935K(1918464K), 0.0946203 secs] [Times: user=0.56 sys=0.00, real=0.10 secs] 
5113.137: [GC (Allocation Failure) [PSYoungGen: 450432K->149088K(494592K)] 1101023K->901907K(1892864K), 0.0533276 secs] [Times: user=0.31 sys=0.00, real=0.05 secs] 
5114.611: [GC (Allocation Failure) [PSYoungGen: 494176K->109696K(521216K)] 1246995K->994039K(1919488K), 0.1014742 secs] [Times: user=0.60 sys=0.00, real=0.11 secs] 
5116.357: [GC (Allocation Failure) [PSYoungGen: 450688K->139392K(518656K)] 1335031K->1131019K(1916928K), 0.0538593 secs] [Times: user=0.32 sys=0.00, real=0.05 secs] 
5117.764: [GC (Allocation Failure) [PSYoungGen: 480384K->107936K(519168K)] 1472011K->1229699K(1917440K), 0.0669632 secs] [Times: user=0.40 sys=0.00, real=0.06 secs] 
5119.216: [GC (Allocation Failure) [PSYoungGen: 450976K->139776K(518656K)] 1572739K->1367152K(1916928K), 0.0529034 secs] [Times: user=0.32 sys=0.00, real=0.05 secs] 
5120.670: [GC (Allocation Failure) [PSYoungGen: 482816K->108832K(519680K)] 1710192K->1466648K(1917952K), 0.0693342 secs] [Times: user=0.41 sys=0.01, real=0.07 secs] 
5120.739: [Full GC (Ergonomics) [PSYoungGen: 108832K->0K(519680K)] [ParOldGen: 1357816K->27527K(1398272K)] 1466648K->27527K(1917952K), [Metaspace: 60590K->60590K(1105920K)], 0.0493353 secs] [Times: user=0.16 sys=0.00, real=0.05 secs] 
5122.211: [GC (Allocation Failure) [PSYoungGen: 347136K->140960K(521216K)] 374663K->168487K(1919488K), 0.0281075 secs] [Times: user=0.16 sys=0.00, real=0.03 secs] 
5123.665: [GC (Allocation Failure) [PSYoungGen: 488096K->113888K(520192K)] 515623K->273031K(1918464K), 0.0702555 secs] [Times: user=0.42 sys=0.01, real=0.07 secs] 
5125.420: [GC (Allocation Failure) [PSYoungGen: 463072K->142528K(521728K)] 622215K->411980K(1920000K), 0.0539088 secs] [Times: user=0.31 sys=0.00, real=0.06 secs] 
5127.036: [GC (Allocation Failure) [PSYoungGen: 491712K->108416K(524288K)] 761164K->511068K(1922560K), 0.1245910 secs] [Times: user=0.74 sys=0.00, real=0.12 secs] 
5129.085: [GC (Allocation Failure) [PSYoungGen: 460160K->143776K(495616K)] 862812K->651729K(1893888K), 0.0529767 secs] [Times: user=0.31 sys=0.00, real=0.05 secs] 
5130.661: [GC (Allocation Failure) [PSYoungGen: 495520K->112576K(526336K)] 1003473K->754937K(1924608K), 0.0727349 secs] [Times: user=0.43 sys=0.01, real=0.08 secs] 
5131.532: [GC (Allocation Failure) [PSYoungGen: 463808K->147776K(499200K)] 1106169K->900398K(1897472K), 0.0551903 secs] [Times: user=0.32 sys=0.00, real=0.05 secs] 
5133.590: [GC (Allocation Failure) [PSYoungGen: 499008K->108416K(524288K)] 1251630K->1000126K(1922560K), 0.1207251 secs] [Times: user=0.72 sys=0.00, real=0.12 secs] 
5135.100: [GC (Allocation Failure) [PSYoungGen: 456576K->147616K(496128K)] 1348286K->1143307K(1894400K), 0.0530039 secs] [Times: user=0.31 sys=0.00, real=0.06 secs] 
5136.903: [GC (Allocation Failure) [PSYoungGen: 495776K->106624K(522240K)] 1491467K->1241127K(1920512K), 0.1133872 secs] [Times: user=0.67 sys=0.01, real=0.11 secs] 
5138.345: [GC (Allocation Failure) [PSYoungGen: 451200K->145984K(491008K)] 1585703K->1383332K(1889280K), 0.0526402 secs] [Times: user=0.32 sys=0.00, real=0.05 secs] 
5138.398: [Full GC (Ergonomics) [PSYoungGen: 145984K->0K(491008K)] [ParOldGen: 1237347K->187661K(1398272K)] 1383332K->187661K(1889280K), [Metaspace: 60629K->60629K(1105920K)], 0.4457674 secs] [Times: user=2.05 sys=0.00, real=0.45 secs] 
5141.069: [GC (Allocation Failure) [PSYoungGen: 344576K->103200K(520704K)] 532237K->290862K(1918976K), 0.0762890 secs] [Times: user=0.45 sys=0.00, real=0.08 secs] 
5142.580: [GC (Allocation Failure) [PSYoungGen: 445216K->143968K(486400K)] 632878K->430226K(1884672K), 0.0504553 secs] [Times: user=0.30 sys=0.00, real=0.05 secs] 
5144.021: [GC (Allocation Failure) [PSYoungGen: 485984K->107584K(521216K)] 772242K->528486K(1919488K), 0.0644823 secs] [Times: user=0.38 sys=0.00, real=0.07 secs] 
5144.900: [GC (Allocation Failure) [PSYoungGen: 449088K->143904K(519168K)] 869990K->668863K(1917440K), 0.0523103 secs] [Times: user=0.31 sys=0.00, real=0.06 secs] 
5146.586: [GC (Allocation Failure) [PSYoungGen: 485408K->105216K(519680K)] 1010367K->765143K(1917952K), 0.1052972 secs] [Times: user=0.63 sys=0.00, real=0.10 secs] 
5148.436: [GC (Allocation Failure) [PSYoungGen: 446208K->141184K(519168K)] 1106135K->902516K(1917440K), 0.0517845 secs] [Times: user=0.30 sys=0.00, real=0.05 secs] 
5149.952: [GC (Allocation Failure) [PSYoungGen: 482176K->108096K(517120K)] 1243508K->1001252K(1915392K), 0.0700410 secs] [Times: user=0.41 sys=0.01, real=0.07 secs] 
5150.743: [GC (Allocation Failure) [PSYoungGen: 450112K->142464K(518656K)] 1343268K->1141285K(1916928K), 0.0542025 secs] [Times: user=0.32 sys=0.00, real=0.05 secs] 
5152.227: [GC (Allocation Failure) [PSYoungGen: 484480K->108224K(519680K)] 1483301K->1240349K(1917952K), 0.0652289 secs] [Times: user=0.39 sys=0.00, real=0.07 secs] 
5154.030: [GC (Allocation Failure) [PSYoungGen: 452288K->140768K(520192K)] 1584413K->1378290K(1918464K), 0.0536928 secs] [Times: user=0.32 sys=0.01, real=0.06 secs] 
5154.083: [Full GC (Ergonomics) [PSYoungGen: 140768K->0K(520192K)] [ParOldGen: 1237522K->177532K(1398272K)] 1378290K->177532K(1918464K), [Metaspace: 60629K->60629K(1105920K)], 0.4212387 secs] [Times: user=1.95 sys=0.00, real=0.42 secs] 
5156.233: [GC (GCLocker Initiated GC) [PSYoungGen: 344064K->108096K(520192K)] 521596K->285628K(1918464K), 0.0599771 secs] [Times: user=0.35 sys=0.00, real=0.06 secs] 
5158.064: [GC (Allocation Failure) [PSYoungGen: 454208K->141856K(521216K)] 631743K->424754K(1919488K), 0.0535327 secs] [Times: user=0.31 sys=0.01, real=0.05 secs] 
5160.340: [GC (Allocation Failure) [PSYoungGen: 487968K->108416K(521728K)] 770866K->523914K(1920000K), 0.0970677 secs] [Times: user=0.58 sys=0.00, real=0.10 secs] 
5162.032: [GC (Allocation Failure) [PSYoungGen: 456064K->143712K(522240K)] 871562K->664615K(1920512K), 0.0529692 secs] [Times: user=0.31 sys=0.00, real=0.05 secs] 
5163.672: [GC (Allocation Failure) [PSYoungGen: 491360K->107808K(522240K)] 1012263K->763127K(1920512K), 0.0667945 secs] [Times: user=0.39 sys=0.00, real=0.06 secs] 
5165.680: [GC (Allocation Failure) [PSYoungGen: 455456K->140384K(522240K)] 1110775K->900540K(1920512K), 0.0528234 secs] [Times: user=0.31 sys=0.00, real=0.06 secs] 
5167.507: [GC (Allocation Failure) [PSYoungGen: 488032K->111040K(520192K)] 1248188K->1001740K(1918464K), 0.1273510 secs] [Times: user=0.76 sys=0.00, real=0.13 secs] 
5168.727: [GC (Allocation Failure) [PSYoungGen: 459712K->144256K(521728K)] 1350412K->1142689K(1920000K), 0.0539517 secs] [Times: user=0.32 sys=0.00, real=0.05 secs] 
5170.678: [GC (Allocation Failure) [PSYoungGen: 492928K->109568K(523776K)] 1491361K->1242501K(1922048K), 0.1005584 secs] [Times: user=0.59 sys=0.00, real=0.10 secs] 
5172.146: [GC (Allocation Failure) [PSYoungGen: 459264K->144032K(494080K)] 1592197K->1382977K(1892352K), 0.0545126 secs] [Times: user=0.32 sys=0.00, real=0.05 secs] 
5172.201: [Full GC (Ergonomics) [PSYoungGen: 144032K->0K(494080K)] [ParOldGen: 1238945K->181770K(1398272K)] 1382977K->181770K(1892352K), [Metaspace: 60629K->60629K(1105920K)], 0.4205765 secs] [Times: user=1.94 sys=0.00, real=0.42 secs] 
5174.925: [GC (Allocation Failure) [PSYoungGen: 349696K->108448K(524800K)] 531466K->290218K(1923072K), 0.0889861 secs] [Times: user=0.53 sys=0.01, real=0.09 secs] 
5176.730: [GC (Allocation Failure) [PSYoungGen: 457120K->145792K(494592K)] 638890K->431947K(1892864K), 0.0528727 secs] [Times: user=0.31 sys=0.00, real=0.06 secs] 
5178.483: [GC (Allocation Failure) [PSYoungGen: 494464K->107968K(523776K)] 780619K->530687K(1922048K), 0.1597578 secs] [Times: user=0.95 sys=0.01, real=0.16 secs] 
5180.229: [GC (Allocation Failure) [PSYoungGen: 454592K->142976K(521728K)] 877311K->669092K(1920000K), 0.0525255 secs] [Times: user=0.31 sys=0.00, real=0.05 secs] 
5181.975: [GC (Allocation Failure) [PSYoungGen: 489600K->108704K(522240K)] 1015716K->768412K(1920512K), 0.0866297 secs] [Times: user=0.51 sys=0.00, real=0.08 secs] 
5183.428: [GC (Allocation Failure) [PSYoungGen: 455840K->145088K(492544K)] 1115548K->909160K(1890816K), 0.0526727 secs] [Times: user=0.31 sys=0.00, real=0.05 secs] 
5184.933: [GC (Allocation Failure) [PSYoungGen: 492224K->111296K(523776K)] 1256296K->1011004K(1922048K), 0.0660236 secs] [Times: user=0.39 sys=0.00, real=0.06 secs] 
5185.660: [GC (Allocation Failure) [PSYoungGen: 457408K->147776K(494080K)] 1357116K->1154889K(1892352K), 0.0537571 secs] [Times: user=0.32 sys=0.00, real=0.06 secs] 
5188.042: [GC (Allocation Failure) [PSYoungGen: 493888K->104224K(521728K)] 1501001K->1250473K(1920000K), 0.1489992 secs] [Times: user=0.89 sys=0.00, real=0.14 secs] 
5189.177: [GC (Allocation Failure) [PSYoungGen: 447776K->145504K(489472K)] 1594025K->1391538K(1887744K), 0.0519110 secs] [Times: user=0.30 sys=0.00, real=0.05 secs] 
5189.229: [Full GC (Ergonomics) [PSYoungGen: 145504K->0K(489472K)] [ParOldGen: 1246034K->190017K(1398272K)] 1391538K->190017K(1887744K), [Metaspace: 60629K->60629K(1105920K)], 0.4504519 secs] [Times: user=2.10 sys=0.00, real=0.45 secs] 
5191.509: [GC (Allocation Failure) [PSYoungGen: 343552K->105760K(520704K)] 533569K->295777K(1918976K), 0.0774054 secs] [Times: user=0.45 sys=0.00, real=0.08 secs] 
5193.086: [GC (Allocation Failure) [PSYoungGen: 446752K->143968K(519168K)] 636769K->435378K(1917440K), 0.0510295 secs] [Times: user=0.30 sys=0.01, real=0.05 secs] 
5195.176: [GC (Allocation Failure) [PSYoungGen: 484960K->103616K(519680K)] 776370K->529790K(1917952K), 0.1325511 secs] [Times: user=0.78 sys=0.01, real=0.13 secs] 
5196.522: [GC (Allocation Failure) [PSYoungGen: 444096K->143808K(484352K)] 870270K->669030K(1882624K), 0.0507216 secs] [Times: user=0.30 sys=0.01, real=0.05 secs] 
5198.061: [GC (Allocation Failure) [PSYoungGen: 484288K->106304K(520704K)] 1009510K->766015K(1918976K), 0.0715916 secs] [Times: user=0.42 sys=0.00, real=0.08 secs] 
5199.496: [GC (Allocation Failure) [PSYoungGen: 446771K->141152K(518656K)] 1106482K->902535K(1916928K), 0.0515257 secs] [Times: user=0.31 sys=0.00, real=0.05 secs] 
5200.913: [GC (Allocation Failure) [PSYoungGen: 481632K->107872K(517632K)] 1243015K->1001103K(1915904K), 0.0675769 secs] [Times: user=0.40 sys=0.00, real=0.06 secs] 
5202.299: [GC (Allocation Failure) [PSYoungGen: 449376K->139168K(518656K)] 1342607K->1137536K(1916928K), 0.0527790 secs] [Times: user=0.31 sys=0.00, real=0.06 secs] 
5203.770: [GC (Allocation Failure) [PSYoungGen: 480672K->107680K(517632K)] 1479040K->1235864K(1915904K), 0.0654221 secs] [Times: user=0.39 sys=0.00, real=0.07 secs] 
5204.827: [GC (Allocation Failure) [PSYoungGen: 452256K->143168K(519680K)] 1580440K->1376525K(1917952K), 0.0544725 secs] [Times: user=0.32 sys=0.00, real=0.05 secs] 
5204.881: [Full GC (Ergonomics) [PSYoungGen: 143168K->0K(519680K)] [ParOldGen: 1233357K->176511K(1398272K)] 1376525K->176511K(1917952K), [Metaspace: 60629K->60629K(1105920K)], 0.4116631 secs] [Times: user=1.90 sys=0.00, real=0.42 secs] 
5206.929: [GC (GCLocker Initiated GC) [PSYoungGen: 344576K->107552K(521728K)] 521087K->284063K(1920000K), 0.0705134 secs] [Times: user=0.42 sys=0.00, real=0.07 secs] 
5208.886: [GC (Allocation Failure) [PSYoungGen: 454176K->151584K(498688K)] 630726K->432747K(1896960K), 0.0539991 secs] [Times: user=0.32 sys=0.00, real=0.05 secs] 
5211.175: [GC (Allocation Failure) [PSYoungGen: 498208K->107104K(520704K)] 779371K->522883K(1918976K), 0.1648538 secs] [Times: user=0.98 sys=0.00, real=0.16 secs] 
5212.700: [GC (Allocation Failure) [PSYoungGen: 447584K->141216K(518656K)] 863363K->661048K(1916928K), 0.0523741 secs] [Times: user=0.31 sys=0.00, real=0.06 secs] 
5214.339: [GC (Allocation Failure) [PSYoungGen: 481696K->106592K(517632K)] 1001528K->758308K(1915904K), 0.0973486 secs] [Times: user=0.58 sys=0.00, real=0.10 secs] 
5216.270: [GC (Allocation Failure) [PSYoungGen: 448096K->139040K(518656K)] 1099812K->894457K(1916928K), 0.0523548 secs] [Times: user=0.31 sys=0.00, real=0.06 secs] 
5217.683: [GC (Allocation Failure) [PSYoungGen: 480544K->107392K(518656K)] 1235961K->992457K(1916928K), 0.0666541 secs] [Times: user=0.40 sys=0.00, real=0.06 secs] 
5219.230: [GC (Allocation Failure) [PSYoungGen: 451968K->142016K(520192K)] 1337033K->1131954K(1918464K), 0.0530370 secs] [Times: user=0.31 sys=0.00, real=0.06 secs] 
5220.859: [GC (Allocation Failure) [PSYoungGen: 486592K->110112K(519680K)] 1476530K->1232754K(1917952K), 0.1025752 secs] [Times: user=0.60 sys=0.01, real=0.10 secs] 
5223.019: [GC (GCLocker Initiated GC) [PSYoungGen: 456224K->140288K(520704K)] 1578866K->1370127K(1918976K), 0.0538332 secs] [Times: user=0.32 sys=0.00, real=0.06 secs] 
5224.561: [GC (Allocation Failure) [PSYoungGen: 486400K->111584K(520192K)] 1716310K->1472386K(1918464K), 0.0782407 secs] [Times: user=0.46 sys=0.01, real=0.08 secs] 
5224.640: [Full GC (Ergonomics) [PSYoungGen: 111584K->0K(520192K)] [ParOldGen: 1360801K->33014K(1398272K)] 1472386K->33014K(1918464K), [Metaspace: 60629K->60629K(1105920K)], 0.0587370 secs] [Times: user=0.21 sys=0.00, real=0.06 secs] 
5226.446: [GC (Allocation Failure) [PSYoungGen: 348672K->141888K(521728K)] 381686K->174902K(1920000K), 0.0286029 secs] [Times: user=0.16 sys=0.00, real=0.03 secs] 
5228.003: [GC (GCLocker Initiated GC) [PSYoungGen: 490560K->108160K(524288K)] 523574K->274006K(1922560K), 0.0943165 secs] [Times: user=0.56 sys=0.00, real=0.09 secs] 
5230.388: [GC (Allocation Failure) [PSYoungGen: 459392K->144672K(496128K)] 625245K->415258K(1894400K), 0.0526000 secs] [Times: user=0.31 sys=0.00, real=0.05 secs] 
5232.632: [GC (Allocation Failure) [PSYoungGen: 495904K->109312K(525312K)] 766490K->515274K(1923584K), 0.1762533 secs] [Times: user=1.05 sys=0.01, real=0.17 secs] 
5234.229: [GC (Allocation Failure) [PSYoungGen: 459008K->143904K(523264K)] 864970K->656795K(1921536K), 0.0533488 secs] [Times: user=0.31 sys=0.00, real=0.06 secs] 
5235.864: [GC (Allocation Failure) [PSYoungGen: 493600K->109664K(523264K)] 1006491K->757707K(1921536K), 0.0727916 secs] [Times: user=0.43 sys=0.01, real=0.07 secs] 
5237.131: [GC (Allocation Failure) [PSYoungGen: 459360K->144576K(494592K)] 1107403K->898888K(1892864K), 0.0531437 secs] [Times: user=0.31 sys=0.00, real=0.06 secs] 
5238.923: [GC (Allocation Failure) [PSYoungGen: 494272K->111936K(524800K)] 1248584K->1001088K(1923072K), 0.0969123 secs] [Times: user=0.57 sys=0.00, real=0.09 secs] 
5239.678: [GC (Allocation Failure) [PSYoungGen: 460608K->148832K(497664K)] 1349760K->1146592K(1895936K), 0.0558040 secs] [Times: user=0.32 sys=0.00, real=0.06 secs] 
5241.529: [GC (Allocation Failure) [PSYoungGen: 497504K->107040K(522752K)] 1495264K->1245105K(1921024K), 0.0843915 secs] [Times: user=0.50 sys=0.00, real=0.09 secs] 
5242.946: [GC (Allocation Failure) [PSYoungGen: 452128K->145248K(490496K)] 1590193K->1385501K(1888768K), 0.0532835 secs] [Times: user=0.31 sys=0.00, real=0.05 secs] 
5243.000: [Full GC (Ergonomics) [PSYoungGen: 145248K->0K(490496K)] [ParOldGen: 1240253K->189240K(1398272K)] 1385501K->189240K(1888768K), [Metaspace: 60629K->60629K(1105920K)], 0.4493167 secs] [Times: user=2.09 sys=0.00, real=0.45 secs] 
5245.309: [GC (Allocation Failure) [PSYoungGen: 345088K->104672K(521728K)] 534328K->293912K(1920000K), 0.0565565 secs] [Times: user=0.33 sys=0.00, real=0.06 secs] 
5246.907: [GC (Allocation Failure) [PSYoungGen: 447712K->144224K(487424K)] 636952K->433833K(1885696K), 0.0507286 secs] [Times: user=0.30 sys=0.00, real=0.05 secs] 
5248.955: [GC (Allocation Failure) [PSYoungGen: 487264K->105536K(521216K)] 776873K->530009K(1919488K), 0.1521329 secs] [Times: user=0.90 sys=0.01, real=0.15 secs] 
5250.253: [GC (Allocation Failure) [PSYoungGen: 447552K->144512K(486912K)] 872025K->670598K(1885184K), 0.0518500 secs] [Times: user=0.31 sys=0.00, real=0.05 secs] 
5251.829: [GC (Allocation Failure) [PSYoungGen: 486528K->104576K(520704K)] 1012614K->766354K(1918976K), 0.0832040 secs] [Times: user=0.49 sys=0.01, real=0.09 secs] 
5253.464: [GC (Allocation Failure) [PSYoungGen: 445568K->141664K(519168K)] 1107346K->903838K(1917440K), 0.0520181 secs] [Times: user=0.31 sys=0.01, real=0.05 secs] 
5255.212: [GC (Allocation Failure) [PSYoungGen: 482656K->105920K(517632K)] 1244830K->1000934K(1915904K), 0.1188744 secs] [Times: user=0.70 sys=0.01, real=0.11 secs] 
5256.483: [GC (Allocation Failure) [PSYoungGen: 447424K->141696K(518656K)] 1342438K->1140187K(1916928K), 0.0547390 secs] [Times: user=0.32 sys=0.00, real=0.05 secs] 
5258.861: [GC (Allocation Failure) [PSYoungGen: 483200K->103936K(520192K)] 1481691K->1235399K(1918464K), 0.0724044 secs] [Times: user=0.43 sys=0.00, real=0.08 secs] 
5259.737: [GC (Allocation Failure) [PSYoungGen: 446976K->142496K(520192K)] 1578439K->1375276K(1918464K), 0.0530597 secs] [Times: user=0.31 sys=0.00, real=0.05 secs] 
5259.790: [Full GC (Ergonomics) [PSYoungGen: 142496K->0K(520192K)] [ParOldGen: 1232780K->174836K(1398272K)] 1375276K->174836K(1918464K), [Metaspace: 60629K->60629K(1105920K)], 0.4146221 secs] [Times: user=1.92 sys=0.00, real=0.42 secs] 
5261.639: [GC (Allocation Failure) [PSYoungGen: 343040K->107936K(519168K)] 517876K->282772K(1917440K), 0.0470104 secs] [Times: user=0.28 sys=0.00, real=0.05 secs] 
5263.033: [GC (Allocation Failure) [PSYoungGen: 450976K->142112K(519680K)] 625812K->421784K(1917952K), 0.0530241 secs] [Times: user=0.31 sys=0.00, real=0.05 secs] 
5264.428: [GC (Allocation Failure) [PSYoungGen: 485152K->108384K(519168K)] 764824K->520929K(1917440K), 0.0816959 secs] [Times: user=0.48 sys=0.00, real=0.08 secs] 
5266.410: [GC (Allocation Failure) [PSYoungGen: 452960K->141696K(520192K)] 865505K->659413K(1918464K), 0.0539780 secs] [Times: user=0.32 sys=0.00, real=0.06 secs] 
5267.981: [GC (Allocation Failure) [PSYoungGen: 486272K->104544K(521728K)] 1003989K->754853K(1920000K), 0.0908065 secs] [Times: user=0.53 sys=0.01, real=0.10 secs] 
5270.307: [GC (Allocation Failure) [PSYoungGen: 450656K->142112K(521728K)] 1100965K->894058K(1920000K), 0.0527536 secs] [Times: user=0.32 sys=0.00, real=0.05 secs] 
5272.041: [GC (Allocation Failure) [PSYoungGen: 488224K->109120K(520704K)] 1240170K->994186K(1918976K), 0.0924036 secs] [Times: user=0.55 sys=0.00, real=0.10 secs] 
5274.236: [GC (Allocation Failure) [PSYoungGen: 455232K->140704K(521216K)] 1340298K->1132047K(1919488K), 0.0537003 secs] [Times: user=0.32 sys=0.01, real=0.05 secs] 
5275.760: [GC (Allocation Failure) [PSYoungGen: 486816K->109280K(519680K)] 1478159K->1231883K(1917952K), 0.0693493 secs] [Times: user=0.41 sys=0.00, real=0.07 secs] 
5278.033: [GC (Allocation Failure) [PSYoungGen: 456928K->141504K(521216K)] 1579531K->1370488K(1919488K), 0.0536484 secs] [Times: user=0.31 sys=0.00, real=0.05 secs] 
5279.467: [GC (Allocation Failure) [PSYoungGen: 489152K->110016K(522752K)] 1718136K->1471176K(1921024K), 0.0685053 secs] [Times: user=0.40 sys=0.00, real=0.07 secs] 
5279.536: [Full GC (Ergonomics) [PSYoungGen: 110016K->0K(522752K)] [ParOldGen: 1361160K->32083K(1398272K)] 1471176K->32083K(1921024K), [Metaspace: 60629K->60629K(1105920K)], 0.0583375 secs] [Times: user=0.20 sys=0.00, real=0.06 secs] 
5282.065: [GC (Allocation Failure) [PSYoungGen: 350208K->141792K(523264K)] 382291K->173875K(1921536K), 0.0284180 secs] [Times: user=0.16 sys=0.00, real=0.03 secs] 
5283.619: [GC (Allocation Failure) [PSYoungGen: 492000K->108448K(524288K)] 524083K->273451K(1922560K), 0.0898829 secs] [Times: user=0.53 sys=0.00, real=0.09 secs] 
5285.159: [GC (Allocation Failure) [PSYoungGen: 459680K->143840K(495104K)] 624683K->413904K(1893376K), 0.0522453 secs] [Times: user=0.31 sys=0.01, real=0.05 secs] 
5286.769: [GC (Allocation Failure) [PSYoungGen: 495072K->112864K(526336K)] 765136K->517228K(1924608K), 0.0948318 secs] [Times: user=0.57 sys=0.00, real=0.10 secs] 
5287.851: [GC (Allocation Failure) [PSYoungGen: 464096K->145984K(497664K)] 868460K->660025K(1895936K), 0.0545081 secs] [Times: user=0.32 sys=0.00, real=0.06 secs] 
5289.912: [GC (Allocation Failure) [PSYoungGen: 497216K->109696K(525312K)] 1011257K->760513K(1923584K), 0.1106539 secs] [Times: user=0.66 sys=0.00, real=0.12 secs] 
5291.004: [GC (Allocation Failure) [PSYoungGen: 459392K->146976K(497152K)] 1110209K->903285K(1895424K), 0.0539157 secs] [Times: user=0.32 sys=0.00, real=0.05 secs] 
5292.774: [GC (Allocation Failure) [PSYoungGen: 496672K->111392K(524288K)] 1252981K->1005501K(1922560K), 0.0971160 secs] [Times: user=0.58 sys=0.00, real=0.09 secs] 
5294.687: [GC (Allocation Failure) [PSYoungGen: 458528K->143360K(521728K)] 1352637K->1144650K(1920000K), 0.0537687 secs] [Times: user=0.32 sys=0.00, real=0.05 secs] 
5296.825: [GC (Allocation Failure) [PSYoungGen: 490496K->104416K(523264K)] 1491786K->1240282K(1921536K), 0.1532743 secs] [Times: user=0.83 sys=0.01, real=0.15 secs] 
5298.751: [GC (Allocation Failure) [PSYoungGen: 451040K->143552K(490496K)] 1586906K->1379679K(1888768K), 0.0516448 secs] [Times: user=0.31 sys=0.00, real=0.06 secs] 
5298.803: [Full GC (Ergonomics) [PSYoungGen: 143552K->0K(490496K)] [ParOldGen: 1236127K->184689K(1398272K)] 1379679K->184689K(1888768K), [Metaspace: 60629K->60629K(1105920K)], 0.4417913 secs] [Times: user=2.05 sys=0.00, real=0.44 secs] 
5300.747: [GC (Allocation Failure) [PSYoungGen: 346624K->108832K(523264K)] 531313K->293521K(1921536K), 0.0541240 secs] [Times: user=0.32 sys=0.00, real=0.05 secs] 
5301.654: [GC (Allocation Failure) [PSYoungGen: 454944K->145376K(491520K)] 639633K->434826K(1889792K), 0.0526272 secs] [Times: user=0.31 sys=0.00, real=0.05 secs] 
5303.276: [GC (Allocation Failure) [PSYoungGen: 491488K->108128K(522752K)] 780938K->533722K(1921024K), 0.0943223 secs] [Times: user=0.55 sys=0.01, real=0.09 secs] 
5306.037: [GC (Allocation Failure) [PSYoungGen: 453216K->141728K(521216K)] 878810K->670995K(1919488K), 0.0526258 secs] [Times: user=0.31 sys=0.00, real=0.05 secs] 
5307.822: [GC (Allocation Failure) [PSYoungGen: 486816K->107488K(520704K)] 1016083K->769123K(1918976K), 0.1088945 secs] [Times: user=0.64 sys=0.00, real=0.10 secs] 
5309.725: [GC (Allocation Failure) [PSYoungGen: 453088K->144640K(521216K)] 1114723K->909828K(1919488K), 0.0534621 secs] [Times: user=0.32 sys=0.00, real=0.05 secs] 
5311.971: [GC (Allocation Failure) [PSYoungGen: 490240K->104896K(521728K)] 1255428K->1006172K(1920000K), 0.0817354 secs] [Times: user=0.48 sys=0.01, real=0.09 secs] 
5313.244: [GC (Allocation Failure) [PSYoungGen: 449984K->143808K(488960K)] 1351260K->1145576K(1887232K), 0.0521350 secs] [Times: user=0.31 sys=0.00, real=0.05 secs] 
5314.766: [GC (Allocation Failure) [PSYoungGen: 488896K->110880K(523264K)] 1490664K->1246564K(1921536K), 0.0833572 secs] [Times: user=0.49 sys=0.00, real=0.08 secs] 
5315.740: [GC (Allocation Failure) [PSYoungGen: 455968K->145440K(520704K)] 1591652K->1388440K(1918976K), 0.0546037 secs] [Times: user=0.32 sys=0.00, real=0.06 secs] 
5315.794: [Full GC (Ergonomics) [PSYoungGen: 145440K->0K(520704K)] [ParOldGen: 1243000K->186553K(1398272K)] 1388440K->186553K(1918976K), [Metaspace: 60629K->60629K(1105920K)], 0.4438159 secs] [Times: user=2.06 sys=0.00, real=0.44 secs] 
5317.981: [GC (Allocation Failure) [PSYoungGen: 345088K->107008K(521728K)] 531641K->293561K(1920000K), 0.0356722 secs] [Times: user=0.21 sys=0.00, real=0.04 secs] 
5319.070: [GC (Allocation Failure) [PSYoungGen: 451072K->145568K(489984K)] 637625K->434442K(1888256K), 0.0519077 secs] [Times: user=0.31 sys=0.00, real=0.06 secs] 
5320.602: [GC (Allocation Failure) [PSYoungGen: 489632K->104832K(521216K)] 778506K->529986K(1919488K), 0.1411258 secs] [Times: user=0.84 sys=0.01, real=0.14 secs] 
5322.234: [GC (Allocation Failure) [PSYoungGen: 446848K->141984K(519680K)] 872002K->667955K(1917952K), 0.0517150 secs] [Times: user=0.30 sys=0.01, real=0.05 secs] 
5324.050: [GC (Allocation Failure) [PSYoungGen: 484000K->107392K(518144K)] 1009971K->766003K(1916416K), 0.0996674 secs] [Times: user=0.59 sys=0.00, real=0.10 secs] 
5324.725: [GC (Allocation Failure) [PSYoungGen: 449920K->144576K(519168K)] 1108531K->907072K(1917440K), 0.0524105 secs] [Times: user=0.31 sys=0.00, real=0.05 secs] 
5326.402: [GC (Allocation Failure) [PSYoungGen: 487104K->104544K(520704K)] 1249600K->1002512K(1918976K), 0.1138071 secs] [Times: user=0.67 sys=0.00, real=0.11 secs] 
5327.597: [GC (Allocation Failure) [PSYoungGen: 446560K->143840K(519680K)] 1344528K->1142873K(1917952K), 0.0523353 secs] [Times: user=0.31 sys=0.00, real=0.05 secs] 
5329.598: [GC (Allocation Failure) [PSYoungGen: 485856K->105248K(519680K)] 1484889K->1239161K(1917952K), 0.1327792 secs] [Times: user=0.79 sys=0.01, real=0.13 secs] 
5330.938: [GC (Allocation Failure) [PSYoungGen: 447264K->144096K(486400K)] 1581177K->1379709K(1884672K), 0.0526671 secs] [Times: user=0.31 sys=0.00, real=0.05 secs] 
5330.991: [Full GC (Ergonomics) [PSYoungGen: 144096K->0K(486400K)] [ParOldGen: 1235613K->177569K(1398272K)] 1379709K->177569K(1884672K), [Metaspace: 60629K->59726K(1105920K)], 0.4247792 secs] [Times: user=1.94 sys=0.00, real=0.43 secs] 
5333.056: [GC (Allocation Failure) [PSYoungGen: 342016K->106048K(521216K)] 519585K->283617K(1919488K), 0.0735149 secs] [Times: user=0.43 sys=0.00, real=0.07 secs] 
5335.123: [GC (Allocation Failure) [PSYoungGen: 447552K->138784K(519168K)] 625121K->419449K(1917440K), 0.0523552 secs] [Times: user=0.31 sys=0.00, real=0.05 secs] 
5336.431: [GC (Allocation Failure) [PSYoungGen: 480288K->107680K(517632K)] 760953K->518073K(1915904K), 0.0639825 secs] [Times: user=0.37 sys=0.00, real=0.07 secs] 
5338.374: [GC (Allocation Failure) [PSYoungGen: 450720K->141088K(518656K)] 861113K->656294K(1916928K), 0.0525959 secs] [Times: user=0.31 sys=0.00, real=0.05 secs] 
5339.694: [GC (Allocation Failure) [PSYoungGen: 484128K->106720K(520704K)] 999334K->753886K(1918976K), 0.0644732 secs] [Times: user=0.39 sys=0.00, real=0.06 secs] 
5342.417: [GC (Allocation Failure) [PSYoungGen: 452832K->141728K(521216K)] 1099998K->892603K(1919488K), 0.0527678 secs] [Times: user=0.31 sys=0.00, real=0.05 secs] 
5343.812: [GC (Allocation Failure) [PSYoungGen: 487840K->108864K(521216K)] 1238715K->992435K(1919488K), 0.0654905 secs] [Times: user=0.39 sys=0.00, real=0.06 secs] 
5345.574: [GC (Allocation Failure) [PSYoungGen: 456000K->141824K(521728K)] 1339571K->1131496K(1920000K), 0.0531617 secs] [Times: user=0.32 sys=0.00, real=0.05 secs] 
5346.993: [GC (Allocation Failure) [PSYoungGen: 488960K->108992K(521728K)] 1478632K->1231164K(1920000K), 0.0748968 secs] [Times: user=0.44 sys=0.00, real=0.07 secs] 
5348.191: [GC (Allocation Failure) [PSYoungGen: 457152K->152192K(500736K)] 1579324K->1381075K(1899008K), 0.0546569 secs] [Times: user=0.32 sys=0.01, real=0.06 secs] 
5349.517: [GC (Allocation Failure) [PSYoungGen: 500352K->110144K(521728K)] 1729235K->1473827K(1920000K), 0.0658998 secs] [Times: user=0.39 sys=0.00, real=0.07 secs] 
5349.583: [Full GC (Ergonomics) [PSYoungGen: 110144K->0K(521728K)] [ParOldGen: 1363683K->34668K(1398272K)] 1473827K->34668K(1920000K), [Metaspace: 59726K->59726K(1105920K)], 0.0637581 secs] [Times: user=0.23 sys=0.00, real=0.06 secs] 
5350.699: [GC (Allocation Failure) [PSYoungGen: 342528K->141696K(519680K)] 377196K->176364K(1917952K), 0.0285216 secs] [Times: user=0.16 sys=0.00, real=0.03 secs] 
5352.086: [GC (Allocation Failure) [PSYoungGen: 484224K->110080K(519168K)] 518892K->277244K(1917440K), 0.0751841 secs] [Times: user=0.44 sys=0.00, real=0.07 secs] 
5352.985: [GC (Allocation Failure) [PSYoungGen: 454144K->143136K(519680K)] 621308K->416457K(1917952K), 0.0526593 secs] [Times: user=0.31 sys=0.00, real=0.05 secs] 
5354.567: [GC (Allocation Failure) [PSYoungGen: 487200K->107424K(521728K)] 760521K->514609K(1920000K), 0.1056759 secs] [Times: user=0.63 sys=0.00, real=0.11 secs] 
5355.993: [GC (Allocation Failure) [PSYoungGen: 453536K->143968K(490496K)] 860721K->655478K(1888768K), 0.0526513 secs] [Times: user=0.31 sys=0.00, real=0.05 secs] 
5357.831: [GC (Allocation Failure) [PSYoungGen: 490080K->108608K(523264K)] 1001590K->754622K(1921536K), 0.1559548 secs] [Times: user=0.93 sys=0.00, real=0.16 secs] 
5359.540: [GC (Allocation Failure) [PSYoungGen: 454208K->142112K(521216K)] 1100222K->893770K(1919488K), 0.0528632 secs] [Times: user=0.31 sys=0.00, real=0.06 secs] 
5361.016: [GC (Allocation Failure) [PSYoungGen: 487712K->107328K(520704K)] 1239370K->992262K(1918976K), 0.0863127 secs] [Times: user=0.51 sys=0.01, real=0.09 secs] 
5362.588: [GC (Allocation Failure) [PSYoungGen: 453440K->143520K(521216K)] 1338374K->1132891K(1919488K), 0.0537116 secs] [Times: user=0.31 sys=0.00, real=0.06 secs] 
5363.909: [GC (Allocation Failure) [PSYoungGen: 489632K->107392K(522240K)] 1479003K->1231031K(1920512K), 0.0643426 secs] [Times: user=0.38 sys=0.00, real=0.07 secs] 
5365.455: [GC (Allocation Failure) [PSYoungGen: 453504K->150592K(497152K)] 1577143K->1378676K(1895424K), 0.0540921 secs] [Times: user=0.32 sys=0.01, real=0.05 secs] 
5367.103: [GC (Allocation Failure) [PSYoungGen: 496704K->109984K(521216K)] 1724788K->1470664K(1919488K), 0.1120911 secs] [Times: user=0.66 sys=0.00, real=0.11 secs] 
5367.215: [Full GC (Ergonomics) [PSYoungGen: 109984K->0K(521216K)] [ParOldGen: 1360680K->36974K(1398272K)] 1470664K->36974K(1919488K), [Metaspace: 59732K->59732K(1105920K)], 0.1584908 secs] [Times: user=0.71 sys=0.00, real=0.16 secs] 
5368.188: [GC (Allocation Failure) [PSYoungGen: 341504K->142176K(519168K)] 378478K->179150K(1917440K), 0.0282969 secs] [Times: user=0.17 sys=0.00, real=0.03 secs] 
5369.649: [GC (Allocation Failure) [PSYoungGen: 483680K->106912K(519168K)] 520654K->276674K(1917440K), 0.0742546 secs] [Times: user=0.44 sys=0.00, real=0.08 secs] 
5370.741: [GC (Allocation Failure) [PSYoungGen: 449440K->142240K(519680K)] 619202K->415547K(1917952K), 0.0517847 secs] [Times: user=0.30 sys=0.01, real=0.06 secs] 
5372.150: [GC (Allocation Failure) [PSYoungGen: 484768K->105792K(519680K)] 758075K->512135K(1917952K), 0.0677159 secs] [Times: user=0.40 sys=0.01, real=0.07 secs] 
5374.155: [GC (Allocation Failure) [PSYoungGen: 449344K->141440K(520192K)] 855687K->650680K(1918464K), 0.0525047 secs] [Times: user=0.31 sys=0.00, real=0.05 secs] 
5375.472: [GC (Allocation Failure) [PSYoungGen: 484992K->108480K(519168K)] 994232K->750136K(1917440K), 0.0639939 secs] [Times: user=0.38 sys=0.00, real=0.06 secs] 
5377.618: [GC (Allocation Failure) [PSYoungGen: 453056K->140800K(520192K)] 1094712K->887741K(1918464K), 0.0535334 secs] [Times: user=0.32 sys=0.00, real=0.06 secs] 
5379.255: [GC (Allocation Failure) [PSYoungGen: 485376K->108928K(520192K)] 1232317K->987261K(1918464K), 0.1186171 secs] [Times: user=0.70 sys=0.00, real=0.12 secs] 
5381.052: [GC (GCLocker Initiated GC) [PSYoungGen: 455552K->142144K(521216K)] 1333885K->1126870K(1919488K), 0.0550995 secs] [Times: user=0.32 sys=0.00, real=0.05 secs] 
5382.545: [GC (Allocation Failure) [PSYoungGen: 488768K->109152K(521728K)] 1473499K->1226843K(1920000K), 0.0908109 secs] [Times: user=0.54 sys=0.00, real=0.09 secs] 
5384.838: [GC (Allocation Failure) [PSYoungGen: 457312K->141184K(522240K)] 1575003K->1364854K(1920512K), 0.0539060 secs] [Times: user=0.32 sys=0.00, real=0.05 secs] 
5386.171: [GC (GCLocker Initiated GC) [PSYoungGen: 489344K->111072K(521728K)] 1713014K->1466606K(1920000K), 0.0658068 secs] [Times: user=0.38 sys=0.00, real=0.07 secs] 
5386.237: [Full GC (Ergonomics) [PSYoungGen: 111072K->0K(521728K)] [ParOldGen: 1355534K->32789K(1398272K)] 1466606K->32789K(1920000K), [Metaspace: 59732K->59732K(1105920K)], 0.0613524 secs] [Times: user=0.22 sys=0.00, real=0.06 secs] 
5387.078: [GC (Allocation Failure) [PSYoungGen: 349696K->145600K(522752K)] 382556K->178460K(1921024K), 0.0289808 secs] [Times: user=0.17 sys=0.00, real=0.03 secs] 
5388.711: [GC (Allocation Failure) [PSYoungGen: 495296K->109952K(523776K)] 528156K->279008K(1922048K), 0.0928787 secs] [Times: user=0.55 sys=0.01, real=0.10 secs] 
5390.053: [GC (Allocation Failure) [PSYoungGen: 459648K->144896K(495104K)] 628704K->420877K(1893376K), 0.0531378 secs] [Times: user=0.32 sys=0.00, real=0.05 secs] 
5391.493: [GC (Allocation Failure) [PSYoungGen: 494592K->111040K(524800K)] 770573K->523005K(1923072K), 0.0654992 secs] [Times: user=0.39 sys=0.00, real=0.06 secs] 
5393.207: [GC (Allocation Failure) [PSYoungGen: 459712K->144704K(493568K)] 871677K->663838K(1891840K), 0.0537911 secs] [Times: user=0.32 sys=0.00, real=0.05 secs] 
5394.727: [GC (Allocation Failure) [PSYoungGen: 493376K->110336K(524288K)] 1012510K->765094K(1922560K), 0.0709739 secs] [Times: user=0.42 sys=0.00, real=0.07 secs] 
5395.476: [GC (Allocation Failure) [PSYoungGen: 457984K->147136K(495104K)] 1112742K->907791K(1893376K), 0.0545036 secs] [Times: user=0.32 sys=0.00, real=0.05 secs] 
5397.660: [GC (Allocation Failure) [PSYoungGen: 494784K->107392K(522752K)] 1255439K->1006203K(1921024K), 0.1555029 secs] [Times: user=0.92 sys=0.00, real=0.16 secs] 
5398.670: [GC (Allocation Failure) [PSYoungGen: 452480K->146080K(491520K)] 1351291K->1148092K(1889792K), 0.0533315 secs] [Times: user=0.32 sys=0.00, real=0.06 secs] 
5400.410: [GC (Allocation Failure) [PSYoungGen: 491168K->107008K(521728K)] 1493180K->1245976K(1920000K), 0.0652620 secs] [Times: user=0.38 sys=0.00, real=0.07 secs] 
5401.417: [GC (Allocation Failure) [PSYoungGen: 450048K->144832K(487936K)] 1589016K->1386508K(1886208K), 0.0530711 secs] [Times: user=0.32 sys=0.00, real=0.05 secs] 
5401.470: [Full GC (Ergonomics) [PSYoungGen: 144832K->0K(487936K)] [ParOldGen: 1241676K->190686K(1398272K)] 1386508K->190686K(1886208K), [Metaspace: 59733K->59733K(1105920K)], 0.4585081 secs] [Times: user=2.13 sys=0.00, real=0.46 secs] 
5404.000: [GC (Allocation Failure) [PSYoungGen: 343040K->105760K(521216K)] 533726K->296446K(1919488K), 0.0814860 secs] [Times: user=0.47 sys=0.01, real=0.09 secs] 
5405.312: [GC (Allocation Failure) [PSYoungGen: 447776K->144672K(486912K)] 638462K->434823K(1885184K), 0.0500468 secs] [Times: user=0.29 sys=0.00, real=0.06 secs] 
5407.416: [GC (Allocation Failure) [PSYoungGen: 486688K->105248K(520704K)] 776839K->531187K(1918976K), 0.1548599 secs] [Times: user=0.92 sys=0.01, real=0.15 secs] 
5409.243: [GC (Allocation Failure) [PSYoungGen: 446240K->143232K(519168K)] 872179K->670764K(1917440K), 0.0521663 secs] [Times: user=0.31 sys=0.00, real=0.05 secs] 
5411.268: [GC (Allocation Failure) [PSYoungGen: 484224K->103328K(519168K)] 1011756K->765396K(1917440K), 0.1303268 secs] [Times: user=0.77 sys=0.00, real=0.13 secs] 
5412.300: [GC (Allocation Failure) [PSYoungGen: 444320K->143392K(519168K)] 1106388K->904689K(1917440K), 0.0519344 secs] [Times: user=0.30 sys=0.00, real=0.06 secs] 
5413.712: [GC (Allocation Failure) [PSYoungGen: 484384K->106720K(519168K)] 1245681K->1002345K(1917440K), 0.0688330 secs] [Times: user=0.40 sys=0.00, real=0.06 secs] 
5415.939: [GC (Allocation Failure) [PSYoungGen: 447712K->137280K(519168K)] 1343337K->1136661K(1917440K), 0.0544788 secs] [Times: user=0.32 sys=0.00, real=0.06 secs] 
5417.311: [GC (Allocation Failure) [PSYoungGen: 478272K->108928K(517632K)] 1477653K->1235861K(1915904K), 0.0658523 secs] [Times: user=0.39 sys=0.00, real=0.07 secs] 
5418.660: [GC (Allocation Failure) [PSYoungGen: 452480K->143808K(518656K)] 1579413K->1376338K(1916928K), 0.0552759 secs] [Times: user=0.32 sys=0.00, real=0.06 secs] 
5418.715: [Full GC (Ergonomics) [PSYoungGen: 143808K->0K(518656K)] [ParOldGen: 1232530K->174590K(1398272K)] 1376338K->174590K(1916928K), [Metaspace: 59733K->59728K(1105920K)], 0.4180413 secs] [Times: user=1.93 sys=0.00, real=0.42 secs] 
5420.710: [GC (Allocation Failure) [PSYoungGen: 343552K->105120K(522240K)] 518142K->279710K(1920512K), 0.0450471 secs] [Times: user=0.27 sys=0.00, real=0.05 secs] 
5422.179: [GC (Allocation Failure) [PSYoungGen: 451232K->143584K(489984K)] 625822K->420043K(1888256K), 0.0526767 secs] [Times: user=0.30 sys=0.00, real=0.06 secs] 
5423.505: [GC (GCLocker Initiated GC) [PSYoungGen: 489696K->109600K(523264K)] 766155K->520379K(1921536K), 0.0654969 secs] [Times: user=0.39 sys=0.00, real=0.06 secs] 
5425.256: [GC (GCLocker Initiated GC) [PSYoungGen: 455200K->141664K(521216K)] 865984K->659124K(1919488K), 0.0539330 secs] [Times: user=0.31 sys=0.01, real=0.05 secs] 
5426.586: [GC (GCLocker Initiated GC) [PSYoungGen: 487264K->109440K(520192K)] 1004727K->759163K(1918464K), 0.0652368 secs] [Times: user=0.38 sys=0.00, real=0.06 secs] 
5428.247: [GC (Allocation Failure) [PSYoungGen: 456064K->142048K(521216K)] 1105858K->898303K(1919488K), 0.0533212 secs] [Times: user=0.32 sys=0.00, real=0.05 secs] 
5429.680: [GC (Allocation Failure) [PSYoungGen: 488672K->106848K(522752K)] 1244927K->995927K(1921024K), 0.0685711 secs] [Times: user=0.41 sys=0.00, real=0.07 secs] 
5431.302: [GC (Allocation Failure) [PSYoungGen: 455008K->143872K(492544K)] 1344087K->1137144K(1890816K), 0.0533073 secs] [Times: user=0.31 sys=0.00, real=0.05 secs] 
5433.237: [GC (Allocation Failure) [PSYoungGen: 492032K->109600K(524288K)] 1485304K->1237704K(1922560K), 0.0730734 secs] [Times: user=0.43 sys=0.00, real=0.07 secs] 
5435.133: [GC (Allocation Failure) [PSYoungGen: 457248K->142464K(522240K)] 1585352K->1377588K(1920512K), 0.0549627 secs] [Times: user=0.32 sys=0.00, real=0.05 secs] 
5435.188: [Full GC (Ergonomics) [PSYoungGen: 142464K->0K(522240K)] [ParOldGen: 1235124K->176448K(1398272K)] 1377588K->176448K(1920512K), [Metaspace: 59728K->59728K(1105920K)], 0.4103665 secs] [Times: user=1.89 sys=0.00, real=0.41 secs] 
5436.829: [GC (GCLocker Initiated GC) [PSYoungGen: 347648K->109632K(521728K)] 524098K->286082K(1920000K), 0.0502389 secs] [Times: user=0.29 sys=0.00, real=0.05 secs] 
5438.603: [GC (Allocation Failure) [PSYoungGen: 457792K->150592K(499200K)] 634310K->434218K(1897472K), 0.0542746 secs] [Times: user=0.32 sys=0.00, real=0.05 secs] 
5440.247: [GC (Allocation Failure) [PSYoungGen: 498752K->108928K(522240K)] 782378K->525826K(1920512K), 0.0988789 secs] [Times: user=0.56 sys=0.00, real=0.10 secs] 
5441.981: [GC (Allocation Failure) [PSYoungGen: 452480K->141664K(520192K)] 869378K->663858K(1918464K), 0.0533938 secs] [Times: user=0.31 sys=0.00, real=0.06 secs] 
5443.401: [GC (Allocation Failure) [PSYoungGen: 485216K->107936K(519168K)] 1007410K->762026K(1917440K), 0.0667322 secs] [Times: user=0.39 sys=0.00, real=0.07 secs] 
5444.759: [GC (Allocation Failure) [PSYoungGen: 452512K->141888K(520192K)] 1106602K->900423K(1918464K), 0.0530590 secs] [Times: user=0.31 sys=0.00, real=0.05 secs] 
5446.159: [GC (Allocation Failure) [PSYoungGen: 486464K->111136K(519680K)] 1244999K->1001695K(1917952K), 0.0729584 secs] [Times: user=0.44 sys=0.00, real=0.08 secs] 
5447.255: [GC (Allocation Failure) [PSYoungGen: 457248K->143936K(520704K)] 1347807K->1142572K(1918976K), 0.0559682 secs] [Times: user=0.33 sys=0.00, real=0.05 secs] 
5448.902: [GC (GCLocker Initiated GC) [PSYoungGen: 490048K->106688K(522752K)] 1488685K->1240245K(1921024K), 0.1102914 secs] [Times: user=0.64 sys=0.01, real=0.11 secs] 
5450.990: [GC (Allocation Failure) [PSYoungGen: 453824K->139328K(522240K)] 1587383K->1376612K(1920512K), 0.0547969 secs] [Times: user=0.32 sys=0.00, real=0.06 secs] 
5451.045: [Full GC (Ergonomics) [PSYoungGen: 139328K->0K(522240K)] [ParOldGen: 1237284K->174911K(1398272K)] 1376612K->174911K(1920512K), [Metaspace: 59728K->59728K(1105920K)], 0.4175266 secs] [Times: user=1.93 sys=0.00, real=0.42 secs] 
5452.784: [GC (Allocation Failure) [PSYoungGen: 347136K->110592K(520192K)] 522047K->285504K(1918464K), 0.0356343 secs] [Times: user=0.21 sys=0.01, real=0.03 secs] 
5453.608: [GC (Allocation Failure) [PSYoungGen: 458752K->144320K(521728K)] 633664K->426604K(1920000K), 0.0543335 secs] [Times: user=0.32 sys=0.00, real=0.06 secs] 
5455.530: [GC (Allocation Failure) [PSYoungGen: 492480K->109024K(523776K)] 774764K->525944K(1922048K), 0.1464769 secs] [Times: user=0.87 sys=0.01, real=0.15 secs] 
5456.826: [GC (Allocation Failure) [PSYoungGen: 458208K->148128K(497664K)] 875128K->670221K(1895936K), 0.0536286 secs] [Times: user=0.31 sys=0.00, real=0.05 secs] 
5458.586: [GC (Allocation Failure) [PSYoungGen: 497312K->106752K(522752K)] 1019405K->768189K(1921024K), 0.1144123 secs] [Times: user=0.69 sys=0.00, real=0.11 secs] 
5460.562: [GC (Allocation Failure) [PSYoungGen: 451840K->144512K(489984K)] 1113277K->908114K(1888256K), 0.0526171 secs] [Times: user=0.31 sys=0.00, real=0.05 secs] 
5462.399: [GC (Allocation Failure) [PSYoungGen: 489600K->106752K(522240K)] 1253202K->1005614K(1920512K), 0.1174431 secs] [Times: user=0.70 sys=0.00, real=0.12 secs] 
5463.972: [GC (Allocation Failure) [PSYoungGen: 450816K->145632K(489984K)] 1349678K->1147019K(1888256K), 0.0537778 secs] [Times: user=0.32 sys=0.00, real=0.05 secs] 
5466.039: [GC (Allocation Failure) [PSYoungGen: 489696K->104960K(521216K)] 1491083K->1243111K(1919488K), 0.1513554 secs] [Times: user=0.89 sys=0.01, real=0.15 secs] 
5468.119: [GC (GCLocker Initiated GC) [PSYoungGen: 446976K->139968K(519680K)] 1585129K->1379280K(1917952K), 0.0526389 secs] [Times: user=0.31 sys=0.00, real=0.05 secs] 
5468.171: [Full GC (Ergonomics) [PSYoungGen: 139968K->0K(519680K)] [ParOldGen: 1239312K->177853K(1398272K)] 1379280K->177853K(1917952K), [Metaspace: 59728K->59728K(1105920K)], 0.4143608 secs] [Times: user=1.90 sys=0.01, real=0.42 secs] 
5469.791: [GC (Allocation Failure) [PSYoungGen: 342016K->106272K(518144K)] 519871K->284127K(1916416K), 0.0341688 secs] [Times: user=0.20 sys=0.00, real=0.04 secs] 
5471.913: [GC (Allocation Failure) [PSYoungGen: 449312K->138208K(519168K)] 627167K->419636K(1917440K), 0.0522744 secs] [Times: user=0.31 sys=0.00, real=0.05 secs] 
5473.292: [GC (GCLocker Initiated GC) [PSYoungGen: 481248K->109152K(518656K)] 762677K->519429K(1916928K), 0.0655391 secs] [Times: user=0.39 sys=0.00, real=0.06 secs] 
5474.356: [GC (Allocation Failure) [PSYoungGen: 455776K->151264K(498176K)] 866092K->667699K(1896448K), 0.0540247 secs] [Times: user=0.32 sys=0.00, real=0.05 secs] 
5475.749: [GC (Allocation Failure) [PSYoungGen: 497888K->109536K(522240K)] 1014323K->759499K(1920512K), 0.0657227 secs] [Times: user=0.39 sys=0.00, real=0.07 secs] 
5477.470: [GC (Allocation Failure) [PSYoungGen: 452576K->142432K(519680K)] 1102539K->899080K(1917952K), 0.0532937 secs] [Times: user=0.31 sys=0.00, real=0.06 secs] 
5478.988: [GC (Allocation Failure) [PSYoungGen: 485472K->107424K(519680K)] 1242120K->996960K(1917952K), 0.0745269 secs] [Times: user=0.44 sys=0.00, real=0.08 secs] 
5480.480: [GC (Allocation Failure) [PSYoungGen: 451488K->141952K(520192K)] 1341024K->1135813K(1918464K), 0.0535479 secs] [Times: user=0.32 sys=0.01, real=0.06 secs] 
5481.848: [GC (Allocation Failure) [PSYoungGen: 486016K->107200K(520192K)] 1479877K->1233753K(1918464K), 0.0649689 secs] [Times: user=0.39 sys=0.01, real=0.07 secs] 
5483.611: [GC (Allocation Failure) [PSYoungGen: 452288K->142240K(520704K)] 1578841K->1373166K(1918976K), 0.0537894 secs] [Times: user=0.32 sys=0.00, real=0.06 secs] 
5484.924: [GC (Allocation Failure) [PSYoungGen: 487328K->108800K(520704K)] 1718254K->1472858K(1918976K), 0.0658014 secs] [Times: user=0.39 sys=0.00, real=0.06 secs] 
5484.990: [Full GC (Ergonomics) [PSYoungGen: 108800K->0K(520704K)] [ParOldGen: 1364058K->33828K(1398272K)] 1472858K->33828K(1918976K), [Metaspace: 59728K->59708K(1105920K)], 0.0704673 secs] [Times: user=0.24 sys=0.00, real=0.07 secs] 
5487.021: [GC (Allocation Failure) [PSYoungGen: 346112K->140576K(521216K)] 379940K->174404K(1919488K), 0.0279058 secs] [Times: user=0.16 sys=0.00, real=0.03 secs] 
5488.369: [GC (GCLocker Initiated GC) [PSYoungGen: 486688K->108608K(520704K)] 520516K->273892K(1918976K), 0.0654265 secs] [Times: user=0.39 sys=0.00, real=0.07 secs] 
5490.385: [GC (Allocation Failure) [PSYoungGen: 456256K->140096K(521728K)] 621579K->411252K(1920000K), 0.0526370 secs] [Times: user=0.30 sys=0.00, real=0.05 secs] 
5491.751: [GC (Allocation Failure) [PSYoungGen: 487744K->113056K(519680K)] 758900K->514852K(1917952K), 0.0645868 secs] [Times: user=0.38 sys=0.00, real=0.07 secs] 
5493.482: [GC (Allocation Failure) [PSYoungGen: 462752K->141824K(521728K)] 864548K->653921K(1920000K), 0.0540376 secs] [Times: user=0.32 sys=0.00, real=0.05 secs] 
5494.858: [GC (Allocation Failure) [PSYoungGen: 491520K->112800K(524288K)] 1003617K->757025K(1922560K), 0.0640593 secs] [Times: user=0.37 sys=0.00, real=0.07 secs] 
5496.722: [GC (Allocation Failure) [PSYoungGen: 466080K->144896K(524800K)] 1110305K->898942K(1923072K), 0.0543516 secs] [Times: user=0.33 sys=0.00, real=0.05 secs] 
5498.380: [GC (Allocation Failure) [PSYoungGen: 498176K->110144K(525824K)] 1252222K->999830K(1924096K), 0.0986731 secs] [Times: user=0.58 sys=0.00, real=0.10 secs] 
5499.808: [GC (Allocation Failure) [PSYoungGen: 462400K->155168K(507904K)] 1352086K->1150898K(1906176K), 0.0546748 secs] [Times: user=0.32 sys=0.00, real=0.06 secs] 
5501.249: [GC (GCLocker Initiated GC) [PSYoungGen: 507424K->111360K(522240K)] 1503154K->1244782K(1920512K), 0.0664746 secs] [Times: user=0.39 sys=0.01, real=0.07 secs] 
5501.998: [GC (Allocation Failure) [PSYoungGen: 454912K->145344K(520192K)] 1588405K->1386022K(1918464K), 0.0545692 secs] [Times: user=0.33 sys=0.00, real=0.06 secs] 
5502.053: [Full GC (Ergonomics) [PSYoungGen: 145344K->0K(520192K)] [ParOldGen: 1240678K->190086K(1398272K)] 1386022K->190086K(1918464K), [Metaspace: 59708K->59708K(1105920K)], 0.4574072 secs] [Times: user=2.13 sys=0.00, real=0.45 secs] 
5504.452: [GC (Allocation Failure) [PSYoungGen: 343552K->102560K(520704K)] 533638K->292646K(1918976K), 0.1038680 secs] [Times: user=0.62 sys=0.00, real=0.10 secs] 
5505.490: [GC (Allocation Failure) [PSYoungGen: 444576K->145152K(487424K)] 634662K->434115K(1885696K), 0.0503212 secs] [Times: user=0.29 sys=0.00, real=0.05 secs] 
5506.967: [GC (Allocation Failure) [PSYoungGen: 487168K->105856K(520192K)] 776131K->531291K(1918464K), 0.0668003 secs] [Times: user=0.40 sys=0.00, real=0.07 secs] 
5508.361: [GC (GCLocker Initiated GC) [PSYoungGen: 446336K->142496K(519168K)] 871773K->670102K(1917440K), 0.0518610 secs] [Times: user=0.31 sys=0.00, real=0.06 secs] 
5509.848: [GC (GCLocker Initiated GC) [PSYoungGen: 482976K->104992K(518656K)] 1010583K->766435K(1916928K), 0.0948376 secs] [Times: user=0.56 sys=0.00, real=0.10 secs] 
5511.679: [GC (Allocation Failure) [PSYoungGen: 445984K->142496K(519168K)] 1107430K->904331K(1917440K), 0.0518752 secs] [Times: user=0.30 sys=0.00, real=0.05 secs] 
5513.120: [GC (Allocation Failure) [PSYoungGen: 483488K->108672K(517632K)] 1245323K->1003347K(1915904K), 0.0711634 secs] [Times: user=0.42 sys=0.01, real=0.07 secs] 
5514.893: [GC (Allocation Failure) [PSYoungGen: 450176K->139808K(518656K)] 1344851K->1139016K(1916928K), 0.0524306 secs] [Times: user=0.31 sys=0.00, real=0.05 secs] 
5516.204: [GC (Allocation Failure) [PSYoungGen: 481312K->108736K(517632K)] 1480520K->1238056K(1915904K), 0.0633053 secs] [Times: user=0.37 sys=0.00, real=0.06 secs] 
5517.687: [GC (Allocation Failure) [PSYoungGen: 453312K->139904K(519680K)] 1582632K->1375004K(1917952K), 0.0536908 secs] [Times: user=0.32 sys=0.00, real=0.05 secs] 
5517.741: [Full GC (Ergonomics) [PSYoungGen: 139904K->0K(519680K)] [ParOldGen: 1235100K->173829K(1398272K)] 1375004K->173829K(1917952K), [Metaspace: 59708K->59708K(1105920K)], 0.4124767 secs] [Times: user=1.91 sys=0.00, real=0.42 secs] 
5519.446: [GC (Allocation Failure) [PSYoungGen: 344576K->111552K(519680K)] 518405K->285381K(1917952K), 0.0373518 secs] [Times: user=0.22 sys=0.00, real=0.04 secs] 
5520.322: [GC (Allocation Failure) [PSYoungGen: 459200K->144448K(521216K)] 633029K->426885K(1919488K), 0.0550291 secs] [Times: user=0.32 sys=0.00, real=0.05 secs] 
5521.754: [GC (Allocation Failure) [PSYoungGen: 492096K->106880K(523776K)] 774533K->524766K(1922048K), 0.0795166 secs] [Times: user=0.47 sys=0.00, real=0.08 secs] 
5522.842: [GC (GCLocker Initiated GC) [PSYoungGen: 455040K->142560K(522752K)] 872927K->664131K(1921024K), 0.0525395 secs] [Times: user=0.30 sys=0.00, real=0.05 secs] 
5524.325: [GC (Allocation Failure) [PSYoungGen: 490720K->109856K(521728K)] 1012296K->764720K(1920000K), 0.0757352 secs] [Times: user=0.45 sys=0.00, real=0.07 secs] 
5525.929: [GC (Allocation Failure) [PSYoungGen: 458016K->144832K(522240K)] 1112880K->906988K(1920512K), 0.0522054 secs] [Times: user=0.31 sys=0.00, real=0.05 secs] 
5527.578: [GC (Allocation Failure) [PSYoungGen: 492992K->110208K(522752K)] 1255148K->1007408K(1921024K), 0.1237417 secs] [Times: user=0.73 sys=0.00, real=0.13 secs] 
5529.068: [GC (Allocation Failure) [PSYoungGen: 457856K->143744K(522240K)] 1355056K->1146797K(1920512K), 0.0541985 secs] [Times: user=0.32 sys=0.00, real=0.06 secs] 
5530.534: [GC (Allocation Failure) [PSYoungGen: 491392K->111680K(521728K)] 1494445K->1248773K(1920000K), 0.0698339 secs] [Times: user=0.41 sys=0.01, real=0.07 secs] 
5531.307: [GC (Allocation Failure) [PSYoungGen: 459840K->144832K(522240K)] 1596933K->1389086K(1920512K), 0.0542968 secs] [Times: user=0.32 sys=0.00, real=0.05 secs] 
5531.361: [Full GC (Ergonomics) [PSYoungGen: 144832K->0K(522240K)] [ParOldGen: 1244254K->186168K(1398272K)] 1389086K->186168K(1920512K), [Metaspace: 59708K->59708K(1105920K)], 0.4475838 secs] [Times: user=2.09 sys=0.00, real=0.45 secs] 
5533.635: [GC (Allocation Failure) [PSYoungGen: 348160K->111008K(522752K)] 534328K->297176K(1921024K), 0.0670907 secs] [Times: user=0.39 sys=0.00, real=0.07 secs] 
5534.381: [GC (Allocation Failure) [PSYoungGen: 459680K->149312K(498176K)] 645848K->442581K(1896448K), 0.0538238 secs] [Times: user=0.32 sys=0.00, real=0.06 secs] 
5537.117: [GC (Allocation Failure) [PSYoungGen: 497984K->105920K(521728K)] 791253K->539981K(1920000K), 0.1453548 secs] [Times: user=0.86 sys=0.00, real=0.15 secs] 
5538.029: [GC (Allocation Failure) [PSYoungGen: 449472K->147136K(491008K)] 883533K->682850K(1889280K), 0.0508339 secs] [Times: user=0.30 sys=0.00, real=0.05 secs] 
5539.636: [GC (Allocation Failure) [PSYoungGen: 490688K->104288K(520192K)] 1026402K->778346K(1918464K), 0.1351999 secs] [Times: user=0.80 sys=0.00, real=0.13 secs] 
5541.136: [GC (Allocation Failure) [PSYoungGen: 444768K->142272K(519168K)] 1118826K->916035K(1917440K), 0.0506167 secs] [Times: user=0.30 sys=0.00, real=0.05 secs] 
5542.953: [GC (GCLocker Initiated GC) [PSYoungGen: 482752K->104512K(518144K)] 1256518K->1011626K(1916416K), 0.1038759 secs] [Times: user=0.61 sys=0.00, real=0.10 secs] 
5543.867: [GC (Allocation Failure) [PSYoungGen: 444992K->144192K(518656K)] 1352109K->1151690K(1916928K), 0.0519354 secs] [Times: user=0.31 sys=0.00, real=0.05 secs] 
5545.621: [GC (Allocation Failure) [PSYoungGen: 484672K->102912K(519168K)] 1492170K->1245482K(1917440K), 0.1425312 secs] [Times: user=0.85 sys=0.00, real=0.15 secs] 
5546.679: [GC (Allocation Failure) [PSYoungGen: 442880K->143488K(518656K)] 1585450K->1385599K(1916928K), 0.0527755 secs] [Times: user=0.31 sys=0.00, real=0.06 secs] 
5546.732: [Full GC (Ergonomics) [PSYoungGen: 143488K->0K(518656K)] [ParOldGen: 1242111K->182774K(1398272K)] 1385599K->182774K(1916928K), [Metaspace: 59708K->59708K(1105920K)], 0.4322877 secs] [Times: user=1.99 sys=0.00, real=0.43 secs] 
5548.367: [GC (Allocation Failure) [PSYoungGen: 339968K->105216K(518656K)] 522742K->287990K(1916928K), 0.0334059 secs] [Times: user=0.20 sys=0.00, real=0.03 secs] 
5550.048: [GC (Allocation Failure) [PSYoungGen: 445184K->140256K(518656K)] 627958K->424035K(1916928K), 0.0514906 secs] [Times: user=0.30 sys=0.00, real=0.05 secs] 
5551.692: [GC (Allocation Failure) [PSYoungGen: 480224K->107584K(516608K)] 764003K->522255K(1914880K), 0.0850202 secs] [Times: user=0.50 sys=0.00, real=0.08 secs] 
5553.696: [GC (Allocation Failure) [PSYoungGen: 448576K->138880K(518144K)] 863247K->658308K(1916416K), 0.0527644 secs] [Times: user=0.31 sys=0.00, real=0.05 secs] 
5555.012: [GC (Allocation Failure) [PSYoungGen: 479872K->107360K(517632K)] 999300K->756752K(1915904K), 0.0638757 secs] [Times: user=0.38 sys=0.00, real=0.07 secs] 
5557.398: [GC (Allocation Failure) [PSYoungGen: 451936K->148224K(519680K)] 1101328K->902093K(1917952K), 0.0532715 secs] [Times: user=0.32 sys=0.00, real=0.05 secs] 
5558.723: [GC (Allocation Failure) [PSYoungGen: 492800K->108736K(521216K)] 1246669K->993353K(1919488K), 0.0642372 secs] [Times: user=0.38 sys=0.00, real=0.06 secs] 
5560.918: [GC (Allocation Failure) [PSYoungGen: 451776K->140832K(519680K)] 1336393K->1131600K(1917952K), 0.0539939 secs] [Times: user=0.31 sys=0.00, real=0.06 secs] 
5562.246: [GC (Allocation Failure) [PSYoungGen: 483872K->107808K(519168K)] 1474640K->1230549K(1917440K), 0.0651893 secs] [Times: user=0.38 sys=0.00, real=0.06 secs] 
5563.420: [GC (Allocation Failure) [PSYoungGen: 452384K->143936K(520192K)] 1575125K->1372113K(1918464K), 0.0543516 secs] [Times: user=0.32 sys=0.00, real=0.06 secs] 
5564.734: [GC (Allocation Failure) [PSYoungGen: 488512K->108672K(521216K)] 1716689K->1471969K(1919488K), 0.0680630 secs] [Times: user=0.40 sys=0.00, real=0.07 secs] 
5564.802: [Full GC (Ergonomics) [PSYoungGen: 108672K->0K(521216K)] [ParOldGen: 1363297K->32615K(1398272K)] 1471969K->32615K(1919488K), [Metaspace: 59708K->59708K(1105920K)], 0.0596064 secs] [Times: user=0.21 sys=0.00, real=0.06 secs] 
5566.502: [GC (GCLocker Initiated GC) [PSYoungGen: 345600K->140928K(521216K)] 378216K->173544K(1919488K), 0.0284390 secs] [Times: user=0.17 sys=0.00, real=0.02 secs] 
5567.976: [GC (Allocation Failure) [PSYoungGen: 486528K->110496K(519168K)] 519214K->274702K(1917440K), 0.0720975 secs] [Times: user=0.42 sys=0.00, real=0.07 secs] 
5569.967: [GC (Allocation Failure) [PSYoungGen: 457120K->141280K(520704K)] 621326K->413663K(1918976K), 0.0526076 secs] [Times: user=0.31 sys=0.00, real=0.05 secs] 
5571.317: [GC (Allocation Failure) [PSYoungGen: 487904K->110624K(521216K)] 760287K->514879K(1919488K), 0.0633311 secs] [Times: user=0.37 sys=0.00, real=0.06 secs] 
5573.108: [GC (Allocation Failure) [PSYoungGen: 459808K->141600K(522240K)] 864063K->653804K(1920512K), 0.0536366 secs] [Times: user=0.32 sys=0.00, real=0.06 secs] 
5574.489: [GC (Allocation Failure) [PSYoungGen: 490784K->111904K(523264K)] 1002988K->755952K(1921536K), 0.0643006 secs] [Times: user=0.38 sys=0.01, real=0.07 secs] 
5576.129: [GC (Allocation Failure) [PSYoungGen: 463136K->144992K(523776K)] 1107184K->898237K(1922048K), 0.0549894 secs] [Times: user=0.33 sys=0.00, real=0.06 secs] 
5577.445: [GC (Allocation Failure) [PSYoungGen: 496224K->108416K(524800K)] 1249469K->997421K(1923072K), 0.0664532 secs] [Times: user=0.39 sys=0.00, real=0.07 secs] 
5578.803: [GC (Allocation Failure) [PSYoungGen: 458624K->146432K(497152K)] 1347629K->1139626K(1895424K), 0.0533806 secs] [Times: user=0.32 sys=0.00, real=0.05 secs] 
5580.503: [GC (Allocation Failure) [PSYoungGen: 496640K->108672K(524288K)] 1489834K->1239010K(1922560K), 0.1521224 secs] [Times: user=0.90 sys=0.01, real=0.15 secs] 
5581.493: [GC (Allocation Failure) [PSYoungGen: 456320K->147072K(495104K)] 1586658K->1381899K(1893376K), 0.0534646 secs] [Times: user=0.31 sys=0.01, real=0.05 secs] 
5581.546: [Full GC (Ergonomics) [PSYoungGen: 147072K->0K(495104K)] [ParOldGen: 1234826K->186322K(1398272K)] 1381899K->186322K(1893376K), [Metaspace: 59708K->59708K(1105920K)], 0.4344821 secs] [Times: user=2.00 sys=0.00, real=0.43 secs] 
5583.522: [GC (Allocation Failure) [PSYoungGen: 347648K->107616K(522752K)] 533970K->293938K(1921024K), 0.0590019 secs] [Times: user=0.34 sys=0.01, real=0.06 secs] 
5584.686: [GC (Allocation Failure) [PSYoungGen: 452704K->153632K(499200K)] 639026K->443238K(1897472K), 0.0525078 secs] [Times: user=0.31 sys=0.00, real=0.05 secs] 
5586.199: [GC (Allocation Failure) [PSYoungGen: 498720K->105440K(518656K)] 788326K->531643K(1916928K), 0.0936027 secs] [Times: user=0.55 sys=0.00, real=0.10 secs] 
5587.897: [GC (Allocation Failure) [PSYoungGen: 442336K->140288K(517120K)] 868539K->667455K(1915392K), 0.0504799 secs] [Times: user=0.30 sys=0.00, real=0.05 secs] 
5589.286: [GC (Allocation Failure) [PSYoungGen: 477184K->105088K(517120K)] 1004351K->763215K(1915392K), 0.0655648 secs] [Times: user=0.39 sys=0.00, real=0.06 secs] 
5591.343: [GC (Allocation Failure) [PSYoungGen: 443520K->139424K(517120K)] 1101647K->899716K(1915392K), 0.0520763 secs] [Times: user=0.31 sys=0.00, real=0.05 secs] 
5592.708: [GC (GCLocker Initiated GC) [PSYoungGen: 477856K->103104K(518144K)] 1238148K->993824K(1916416K), 0.0738869 secs] [Times: user=0.43 sys=0.00, real=0.08 secs] 
5594.587: [GC (Allocation Failure) [PSYoungGen: 444608K->147968K(489984K)] 1335367K->1139076K(1888256K), 0.0525502 secs] [Times: user=0.31 sys=0.00, real=0.05 secs] 
5595.911: [GC (Allocation Failure) [PSYoungGen: 489472K->107712K(520192K)] 1480580K->1229112K(1918464K), 0.0648186 secs] [Times: user=0.39 sys=0.01, real=0.07 secs] 
5597.511: [GC (Allocation Failure) [PSYoungGen: 447168K->139616K(518144K)] 1568568K->1365925K(1916416K), 0.0537738 secs] [Times: user=0.32 sys=0.00, real=0.06 secs] 
5598.894: [GC (Allocation Failure) [PSYoungGen: 479072K->107424K(518144K)] 1705381K->1463981K(1916416K), 0.0657706 secs] [Times: user=0.39 sys=0.00, real=0.06 secs] 
5598.959: [Full GC (Ergonomics) [PSYoungGen: 107424K->0K(518144K)] [ParOldGen: 1356557K->25669K(1398272K)] 1463981K->25669K(1916416K), [Metaspace: 59708K->59708K(1105920K)], 0.0430110 secs] [Times: user=0.13 sys=0.00, real=0.05 secs] 
5601.135: [GC (Allocation Failure) [PSYoungGen: 341504K->136800K(518144K)] 367173K->162469K(1916416K), 0.0273001 secs] [Times: user=0.16 sys=0.00, real=0.03 secs] 
5602.473: [GC (GCLocker Initiated GC) [PSYoungGen: 478304K->109760K(518656K)] 503975K->262983K(1916928K), 0.0635807 secs] [Times: user=0.38 sys=0.00, real=0.06 secs] 
5604.157: [GC (Allocation Failure) [PSYoungGen: 455872K->147200K(520192K)] 609134K->408435K(1918464K), 0.0534612 secs] [Times: user=0.31 sys=0.01, real=0.05 secs] 
5605.675: [GC (Allocation Failure) [PSYoungGen: 493312K->112128K(521728K)] 754547K->502751K(1920000K), 0.0643728 secs] [Times: user=0.38 sys=0.00, real=0.06 secs] 
5607.164: [GC (Allocation Failure) [PSYoungGen: 458752K->140064K(521216K)] 849375K->640864K(1919488K), 0.0534019 secs] [Times: user=0.31 sys=0.00, real=0.05 secs] 
5608.521: [GC (Allocation Failure) [PSYoungGen: 486688K->110912K(520192K)] 987488K->742152K(1918464K), 0.0644255 secs] [Times: user=0.38 sys=0.01, real=0.07 secs] 
5610.461: [GC (Allocation Failure) [PSYoungGen: 459584K->140512K(521728K)] 1090824K->880637K(1920000K), 0.0539874 secs] [Times: user=0.32 sys=0.00, real=0.06 secs] 
5611.790: [GC (Allocation Failure) [PSYoungGen: 489184K->113504K(521728K)] 1229309K->984757K(1920000K), 0.0651752 secs] [Times: user=0.39 sys=0.00, real=0.07 secs] 
5614.572: [GC (Allocation Failure) [PSYoungGen: 465248K->139392K(523264K)] 1336501K->1122049K(1921536K), 0.0544323 secs] [Times: user=0.32 sys=0.00, real=0.05 secs] 
5615.942: [GC (Allocation Failure) [PSYoungGen: 491136K->111776K(524800K)] 1473793K->1224337K(1923072K), 0.0656428 secs] [Times: user=0.39 sys=0.00, real=0.06 secs] 
5618.123: [GC (Allocation Failure) [PSYoungGen: 467104K->146400K(501760K)] 1579665K->1367814K(1900032K), 0.0545232 secs] [Times: user=0.33 sys=0.00, real=0.05 secs] 
5619.461: [GC (Allocation Failure) [PSYoungGen: 501728K->112736K(527360K)] 1723142K->1471454K(1925632K), 0.0675947 secs] [Times: user=0.40 sys=0.00, real=0.07 secs] 
5619.528: [Full GC (Ergonomics) [PSYoungGen: 112736K->0K(527360K)] [ParOldGen: 1358718K->37912K(1398272K)] 1471454K->37912K(1925632K), [Metaspace: 59710K->59710K(1105920K)], 0.0767286 secs] [Times: user=0.29 sys=0.00, real=0.08 secs] 
5621.176: [GC (Allocation Failure) [PSYoungGen: 353792K->144352K(525312K)] 391704K->182264K(1923584K), 0.0282408 secs] [Times: user=0.16 sys=0.00, real=0.03 secs] 
5622.538: [GC (Allocation Failure) [PSYoungGen: 498144K->112032K(525824K)] 536056K->285116K(1924096K), 0.0649791 secs] [Times: user=0.38 sys=0.00, real=0.07 secs] 
5623.644: [GC (Allocation Failure) [PSYoungGen: 465312K->148416K(501760K)] 638396K->429625K(1900032K), 0.0532283 secs] [Times: user=0.32 sys=0.00, real=0.05 secs] 
5625.444: [GC (Allocation Failure) [PSYoungGen: 501696K->106528K(524288K)] 782905K->527145K(1922560K), 0.0828672 secs] [Times: user=0.49 sys=0.00, real=0.08 secs] 
5626.862: [GC (Allocation Failure) [PSYoungGen: 455200K->153952K(502784K)] 875817K->676612K(1901056K), 0.0522890 secs] [Times: user=0.30 sys=0.01, real=0.05 secs] 
5628.641: [GC (GCLocker Initiated GC) [PSYoungGen: 502624K->108160K(520192K)] 1025284K->767236K(1918464K), 0.1103335 secs] [Times: user=0.65 sys=0.00, real=0.11 secs] 
5629.659: [GC (Allocation Failure) [PSYoungGen: 448128K->143392K(518656K)] 1107275K->906552K(1916928K), 0.0515426 secs] [Times: user=0.30 sys=0.00, real=0.05 secs] 
5631.516: [GC (Allocation Failure) [PSYoungGen: 483360K->104480K(519168K)] 1246520K->1001944K(1917440K), 0.1510438 secs] [Times: user=0.89 sys=0.01, real=0.15 secs] 
5632.568: [GC (Allocation Failure) [PSYoungGen: 444960K->142688K(519168K)] 1342424K->1140325K(1917440K), 0.0513838 secs] [Times: user=0.30 sys=0.01, real=0.05 secs] 
5633.950: [GC (Allocation Failure) [PSYoungGen: 483168K->107040K(517632K)] 1480805K->1237565K(1915904K), 0.0657200 secs] [Times: user=0.39 sys=0.00, real=0.07 secs] 
5635.463: [GC (Allocation Failure) [PSYoungGen: 448032K->144736K(518656K)] 1578557K->1378313K(1916928K), 0.0527714 secs] [Times: user=0.32 sys=0.00, real=0.05 secs] 
5635.516: [Full GC (Ergonomics) [PSYoungGen: 144736K->0K(518656K)] [ParOldGen: 1233577K->183815K(1398272K)] 1378313K->183815K(1916928K), [Metaspace: 59710K->59710K(1105920K)], 0.4297857 secs] [Times: user=1.98 sys=0.00, real=0.43 secs] 
5637.188: [GC (Allocation Failure) [PSYoungGen: 340992K->106112K(519680K)] 524807K->289928K(1917952K), 0.0328082 secs] [Times: user=0.19 sys=0.00, real=0.03 secs] 
5639.337: [GC (Allocation Failure) [PSYoungGen: 447104K->140640K(519168K)] 630920K->424364K(1917440K), 0.0511047 secs] [Times: user=0.30 sys=0.00, real=0.05 secs] 
5640.673: [GC (GCLocker Initiated GC) [PSYoungGen: 481632K->106496K(517120K)] 765356K->521673K(1915392K), 0.0635994 secs] [Times: user=0.37 sys=0.00, real=0.06 secs] 
5642.118: [GC (Allocation Failure) [PSYoungGen: 448512K->139360K(518656K)] 863691K->658080K(1916928K), 0.0520189 secs] [Times: user=0.30 sys=0.00, real=0.05 secs] 
5643.480: [GC (GCLocker Initiated GC) [PSYoungGen: 481376K->109696K(517632K)] 1000096K->757912K(1915904K), 0.0631826 secs] [Times: user=0.38 sys=0.01, real=0.07 secs] 
5644.518: [GC (Allocation Failure) [PSYoungGen: 454784K->144736K(519680K)] 1103003K->900124K(1917952K), 0.0542269 secs] [Times: user=0.32 sys=0.00, real=0.06 secs] 
5646.190: [GC (Allocation Failure) [PSYoungGen: 489824K->107168K(522752K)] 1245212K->998300K(1921024K), 0.0944836 secs] [Times: user=0.56 sys=0.01, real=0.10 secs] 
5647.753: [GC (Allocation Failure) [PSYoungGen: 453280K->144480K(491008K)] 1344412K->1139409K(1889280K), 0.0530794 secs] [Times: user=0.32 sys=0.00, real=0.05 secs] 
5649.296: [GC (Allocation Failure) [PSYoungGen: 490592K->107136K(522752K)] 1485521K->1237581K(1921024K), 0.1038926 secs] [Times: user=0.62 sys=0.00, real=0.10 secs] 
5650.925: [GC (Allocation Failure) [PSYoungGen: 452224K->142624K(521216K)] 1582669K->1377054K(1919488K), 0.0530212 secs] [Times: user=0.32 sys=0.00, real=0.05 secs] 
5650.978: [Full GC (Ergonomics) [PSYoungGen: 142624K->0K(521216K)] [ParOldGen: 1234430K->176616K(1398272K)] 1377054K->176616K(1919488K), [Metaspace: 59711K->59711K(1105920K)], 0.4092004 secs] [Times: user=1.88 sys=0.00, real=0.41 secs] 
5652.603: [GC (Allocation Failure) [PSYoungGen: 345088K->106848K(520192K)] 521704K->283464K(1918464K), 0.0348569 secs] [Times: user=0.20 sys=0.01, real=0.03 secs] 
5653.677: [GC (Allocation Failure) [PSYoungGen: 451936K->144672K(520704K)] 628552K->425173K(1918976K), 0.0531284 secs] [Times: user=0.31 sys=0.00, real=0.05 secs] 
5655.021: [GC (Allocation Failure) [PSYoungGen: 489760K->107936K(521216K)] 770261K->524157K(1919488K), 0.0654398 secs] [Times: user=0.39 sys=0.00, real=0.07 secs] 
5655.963: [GC (Allocation Failure) [PSYoungGen: 452512K->143264K(520704K)] 868733K->664553K(1918976K), 0.0529984 secs] [Times: user=0.32 sys=0.00, real=0.05 secs] 
5657.284: [GC (Allocation Failure) [PSYoungGen: 487840K->108480K(520704K)] 1009129K->763802K(1918976K), 0.0649997 secs] [Times: user=0.39 sys=0.00, real=0.06 secs] 
5658.821: [GC (Allocation Failure) [PSYoungGen: 453056K->142272K(520704K)] 1108378K->903182K(1918976K), 0.0538928 secs] [Times: user=0.32 sys=0.00, real=0.06 secs] 
5660.170: [GC (Allocation Failure) [PSYoungGen: 486848K->108256K(519680K)] 1247758K->1002262K(1917952K), 0.0653954 secs] [Times: user=0.39 sys=0.00, real=0.07 secs] 
5661.978: [GC (Allocation Failure) [PSYoungGen: 453856K->142752K(520704K)] 1347862K->1142107K(1918976K), 0.0541679 secs] [Times: user=0.32 sys=0.00, real=0.06 secs] 
5663.295: [GC (Allocation Failure) [PSYoungGen: 488352K->107008K(521728K)] 1487707K->1240003K(1920000K), 0.0667997 secs] [Times: user=0.40 sys=0.00, real=0.07 secs] 
5664.372: [GC (Allocation Failure) [PSYoungGen: 453632K->145248K(492032K)] 1586627K->1382496K(1890304K), 0.0534750 secs] [Times: user=0.31 sys=0.00, real=0.05 secs] 
5664.425: [Full GC (Ergonomics) [PSYoungGen: 145248K->0K(492032K)] [ParOldGen: 1237248K->181314K(1398272K)] 1382496K->181314K(1890304K), [Metaspace: 59711K->59711K(1105920K)], 0.4300552 secs] [Times: user=1.99 sys=0.00, real=0.43 secs] 
5666.047: [GC (Allocation Failure) [PSYoungGen: 346624K->106752K(522752K)] 527938K->288066K(1921024K), 0.0332286 secs] [Times: user=0.20 sys=0.00, real=0.03 secs] 
5667.903: [GC (Allocation Failure) [PSYoungGen: 451840K->146016K(491520K)] 633154K->429727K(1889792K), 0.0523219 secs] [Times: user=0.31 sys=0.00, real=0.05 secs] 
5669.263: [GC (Allocation Failure) [PSYoungGen: 491104K->105920K(521728K)] 774815K->526807K(1920000K), 0.0678089 secs] [Times: user=0.40 sys=0.00, real=0.06 secs] 
5671.303: [GC (Allocation Failure) [PSYoungGen: 448448K->142880K(519680K)] 869335K->665259K(1917952K), 0.0516644 secs] [Times: user=0.30 sys=0.00, real=0.05 secs] 
5672.909: [GC (Allocation Failure) [PSYoungGen: 485408K->106688K(520192K)] 1007787K->762731K(1918464K), 0.1076312 secs] [Times: user=0.64 sys=0.00, real=0.11 secs] 
5674.789: [GC (Allocation Failure) [PSYoungGen: 449728K->140064K(520192K)] 1105771K->899784K(1918464K), 0.0532956 secs] [Times: user=0.31 sys=0.00, real=0.06 secs] 
5676.328: [GC (Allocation Failure) [PSYoungGen: 483104K->109472K(517120K)] 1242824K->999964K(1915392K), 0.0970299 secs] [Times: user=0.58 sys=0.00, real=0.10 secs] 
5678.695: [GC (Allocation Failure) [PSYoungGen: 453536K->140064K(519168K)] 1344028K->1136941K(1917440K), 0.0542606 secs] [Times: user=0.32 sys=0.00, real=0.05 secs] 
5680.183: [GC (Allocation Failure) [PSYoungGen: 484128K->106976K(520704K)] 1481005K->1234941K(1918976K), 0.0845437 secs] [Times: user=0.50 sys=0.00, real=0.08 secs] 
5681.817: [GC (Allocation Failure) [PSYoungGen: 454624K->143904K(521728K)] 1582589K->1375514K(1920000K), 0.0539366 secs] [Times: user=0.32 sys=0.00, real=0.05 secs] 
5683.211: [GC (Allocation Failure) [PSYoungGen: 491552K->110976K(522240K)] 1723162K->1477066K(1920512K), 0.0658293 secs] [Times: user=0.38 sys=0.01, real=0.07 secs] 
5683.277: [Full GC (Ergonomics) [PSYoungGen: 110976K->0K(522240K)] [ParOldGen: 1366090K->39105K(1398272K)] 1477066K->39105K(1920512K), [Metaspace: 59711K->59711K(1105920K)], 0.0849282 secs] [Times: user=0.32 sys=0.00, real=0.09 secs] 
5685.314: [GC (Allocation Failure) [PSYoungGen: 348160K->142016K(522240K)] 387265K->181121K(1920512K), 0.0278879 secs] [Times: user=0.16 sys=0.00, real=0.03 secs] 
5686.612: [GC (Allocation Failure) [PSYoungGen: 490176K->112608K(521216K)] 529281K->284537K(1919488K), 0.0644382 secs] [Times: user=0.38 sys=0.00, real=0.06 secs] 
5688.227: [GC (Allocation Failure) [PSYoungGen: 461792K->143136K(522240K)] 633721K->421534K(1920512K), 0.0528151 secs] [Times: user=0.31 sys=0.00, real=0.05 secs] 
5689.935: [GC (Allocation Failure) [PSYoungGen: 492320K->110592K(523776K)] 770718K->522534K(1922048K), 0.1426136 secs] [Times: user=0.84 sys=0.01, real=0.14 secs] 
5691.637: [GC (Allocation Failure) [PSYoungGen: 461312K->145760K(496640K)] 873254K->663863K(1894912K), 0.0532963 secs] [Times: user=0.31 sys=0.00, real=0.05 secs] 
5693.213: [GC (GCLocker Initiated GC) [PSYoungGen: 496480K->106912K(524288K)] 1014584K->761968K(1922560K), 0.0981254 secs] [Times: user=0.58 sys=0.00, real=0.09 secs] 
5694.544: [GC (Allocation Failure) [PSYoungGen: 455584K->145344K(494080K)] 1110711K->902924K(1892352K), 0.0528613 secs] [Times: user=0.31 sys=0.00, real=0.05 secs] 
5696.023: [GC (Allocation Failure) [PSYoungGen: 494016K->108416K(523776K)] 1251596K->1002128K(1922048K), 0.0781823 secs] [Times: user=0.46 sys=0.00, real=0.08 secs] 
5697.620: [GC (Allocation Failure) [PSYoungGen: 455040K->145536K(492544K)] 1348752K->1142709K(1890816K), 0.0533096 secs] [Times: user=0.32 sys=0.00, real=0.06 secs] 
5699.428: [GC (Allocation Failure) [PSYoungGen: 492160K->107488K(522752K)] 1489333K->1241329K(1921024K), 0.1287288 secs] [Times: user=0.76 sys=0.00, real=0.13 secs] 
5701.333: [GC (Allocation Failure) [PSYoungGen: 452576K->143232K(521216K)] 1586417K->1380365K(1919488K), 0.0540905 secs] [Times: user=0.32 sys=0.00, real=0.05 secs] 
5701.387: [Full GC (Ergonomics) [PSYoungGen: 143232K->0K(521216K)] [ParOldGen: 1237133K->185982K(1398272K)] 1380365K->185982K(1919488K), [Metaspace: 59711K->59711K(1105920K)], 0.4389652 secs] [Times: user=2.03 sys=0.00, real=0.44 secs] 
5703.420: [GC (Allocation Failure) [PSYoungGen: 345088K->106944K(521216K)] 531070K->292926K(1919488K), 0.0803210 secs] [Times: user=0.47 sys=0.00, real=0.08 secs] 
5704.581: [GC (Allocation Failure) [PSYoungGen: 452032K->143328K(521216K)] 638014K->432267K(1919488K), 0.0517473 secs] [Times: user=0.30 sys=0.00, real=0.06 secs] 
5705.907: [GC (GCLocker Initiated GC) [PSYoungGen: 488416K->108960K(520192K)] 777357K->531985K(1918464K), 0.0642535 secs] [Times: user=0.39 sys=0.00, real=0.06 secs] 
5707.385: [GC (Allocation Failure) [PSYoungGen: 454048K->141888K(520704K)] 877076K->669753K(1918976K), 0.0520490 secs] [Times: user=0.30 sys=0.00, real=0.05 secs] 
5708.907: [GC (Allocation Failure) [PSYoungGen: 486976K->110304K(519680K)] 1014841K->770553K(1917952K), 0.0705042 secs] [Times: user=0.42 sys=0.00, real=0.07 secs] 
5709.735: [GC (Allocation Failure) [PSYoungGen: 456416K->146560K(520704K)] 1116665K->912638K(1918976K), 0.0534042 secs] [Times: user=0.32 sys=0.00, real=0.05 secs] 
5711.483: [GC (Allocation Failure) [PSYoungGen: 492672K->106720K(522752K)] 1258750K->1010174K(1921024K), 0.1021986 secs] [Times: user=0.60 sys=0.01, real=0.10 secs] 
5712.974: [GC (GCLocker Initiated GC) [PSYoungGen: 451808K->143328K(521216K)] 1355263K->1149331K(1919488K), 0.0520420 secs] [Times: user=0.31 sys=0.00, real=0.05 secs] 
5714.831: [GC (Allocation Failure) [PSYoungGen: 488416K->106976K(521216K)] 1494422K->1247198K(1919488K), 0.0981599 secs] [Times: user=0.58 sys=0.00, real=0.10 secs] 
5716.510: [GC (Allocation Failure) [PSYoungGen: 452064K->144576K(489984K)] 1592286K->1387587K(1888256K), 0.0523923 secs] [Times: user=0.31 sys=0.00, real=0.06 secs] 
5716.562: [Full GC (Ergonomics) [PSYoungGen: 144576K->0K(489984K)] [ParOldGen: 1243011K->186423K(1398272K)] 1387587K->186423K(1888256K), [Metaspace: 59711K->59711K(1105920K)], 0.4614652 secs] [Times: user=2.12 sys=0.00, real=0.46 secs] 
5718.857: [GC (Allocation Failure) [PSYoungGen: 345088K->105632K(522240K)] 531511K->292055K(1920512K), 0.0749137 secs] [Times: user=0.44 sys=0.00, real=0.08 secs] 
5720.150: [GC (Allocation Failure) [PSYoungGen: 449696K->146240K(490496K)] 636119K->434300K(1888768K), 0.0536385 secs] [Times: user=0.31 sys=0.00, real=0.06 secs] 
5721.840: [GC (Allocation Failure) [PSYoungGen: 490304K->106080K(521216K)] 778364K->531844K(1919488K), 0.0792783 secs] [Times: user=0.47 sys=0.00, real=0.08 secs] 
5723.013: [GC (Allocation Failure) [PSYoungGen: 447584K->142624K(519168K)] 873348K->670132K(1917440K), 0.0516862 secs] [Times: user=0.31 sys=0.00, real=0.05 secs] 
5724.316: [GC (Allocation Failure) [PSYoungGen: 484128K->107648K(518656K)] 1011636K->768401K(1916928K), 0.0637298 secs] [Times: user=0.37 sys=0.00, real=0.06 secs] 
5725.241: [GC (Allocation Failure) [PSYoungGen: 449664K->145792K(519168K)] 1110417K->910769K(1917440K), 0.0529426 secs] [Times: user=0.31 sys=0.00, real=0.06 secs] 
5726.652: [GC (Allocation Failure) [PSYoungGen: 487808K->104224K(520192K)] 1252785K->1006209K(1918464K), 0.0741659 secs] [Times: user=0.44 sys=0.00, real=0.07 secs] 
5728.416: [GC (Allocation Failure) [PSYoungGen: 445216K->142272K(519168K)] 1347201K->1144442K(1917440K), 0.0515902 secs] [Times: user=0.30 sys=0.00, real=0.05 secs] 
5729.725: [GC (Allocation Failure) [PSYoungGen: 483264K->106304K(518144K)] 1485434K->1241502K(1916416K), 0.0643723 secs] [Times: user=0.38 sys=0.00, real=0.06 secs] 
5730.703: [GC (Allocation Failure) [PSYoungGen: 447296K->144448K(518656K)] 1582494K->1381739K(1916928K), 0.0524881 secs] [Times: user=0.31 sys=0.00, real=0.05 secs] 
5730.756: [Full GC (Ergonomics) [PSYoungGen: 144448K->0K(518656K)] [ParOldGen: 1237291K->181770K(1398272K)] 1381739K->181770K(1916928K), [Metaspace: 59711K->59711K(1105920K)], 0.4283000 secs] [Times: user=1.98 sys=0.00, real=0.43 secs] 
5732.387: [GC (GCLocker Initiated GC) [PSYoungGen: 340992K->104672K(519680K)] 522763K->286443K(1917952K), 0.0335474 secs] [Times: user=0.19 sys=0.00, real=0.03 secs] 
5734.392: [GC (Allocation Failure) [PSYoungGen: 445664K->140704K(519168K)] 627506K->423970K(1917440K), 0.0520826 secs] [Times: user=0.31 sys=0.00, real=0.05 secs] 
5735.844: [GC (Allocation Failure) [PSYoungGen: 481696K->107904K(517120K)] 764962K->522727K(1915392K), 0.0662830 secs] [Times: user=0.39 sys=0.00, real=0.06 secs] 
5736.982: [GC (Allocation Failure) [PSYoungGen: 449909K->140000K(518656K)] 864731K->659747K(1916928K), 0.0523150 secs] [Times: user=0.31 sys=0.01, real=0.05 secs] 
5738.382: [GC (Allocation Failure) [PSYoungGen: 482016K->107968K(518656K)] 1001763K->758391K(1916928K), 0.0635379 secs] [Times: user=0.38 sys=0.00, real=0.06 secs] 
5739.641: [GC (Allocation Failure) [PSYoungGen: 453056K->141248K(520192K)] 1103479K->896892K(1918464K), 0.0537456 secs] [Times: user=0.31 sys=0.00, real=0.06 secs] 
5741.012: [GC (Allocation Failure) [PSYoungGen: 486336K->109440K(520192K)] 1241980K->996780K(1918464K), 0.0646208 secs] [Times: user=0.38 sys=0.00, real=0.06 secs] 
5742.518: [GC (Allocation Failure) [PSYoungGen: 456576K->142240K(521216K)] 1343916K->1136393K(1919488K), 0.0534004 secs] [Times: user=0.31 sys=0.00, real=0.06 secs] 
5743.867: [GC (GCLocker Initiated GC) [PSYoungGen: 489376K->107424K(522752K)] 1483529K->1234445K(1921024K), 0.0649663 secs] [Times: user=0.38 sys=0.00, real=0.07 secs] 
5745.464: [GC (Allocation Failure) [PSYoungGen: 456096K->144256K(493056K)] 1583188K->1375489K(1891328K), 0.0530693 secs] [Times: user=0.31 sys=0.00, real=0.05 secs] 
5746.787: [GC (Allocation Failure) [PSYoungGen: 492928K->109792K(524800K)] 1724161K->1476069K(1923072K), 0.0658275 secs] [Times: user=0.39 sys=0.00, real=0.07 secs] 
5746.853: [Full GC (Ergonomics) [PSYoungGen: 109792K->0K(524800K)] [ParOldGen: 1366277K->36386K(1398272K)] 1476069K->36386K(1923072K), [Metaspace: 59711K->59711K(1105920K)], 0.0705860 secs] [Times: user=0.26 sys=0.01, real=0.07 secs] 
5748.009: [GC (Allocation Failure) [PSYoungGen: 348160K->144192K(522240K)] 384546K->180578K(1920512K), 0.0284969 secs] [Times: user=0.17 sys=0.00, real=0.03 secs] 
5749.301: [GC (Allocation Failure) [PSYoungGen: 492352K->110560K(522752K)] 528738K->281994K(1921024K), 0.0645587 secs] [Times: user=0.38 sys=0.01, real=0.07 secs] 
5750.770: [GC (Allocation Failure) [PSYoungGen: 458208K->144512K(522240K)] 629642K->422711K(1920512K), 0.0527520 secs] [Times: user=0.31 sys=0.00, real=0.06 secs] 
5752.084: [GC (Allocation Failure) [PSYoungGen: 492160K->109536K(522240K)] 770359K->522811K(1920512K), 0.0649367 secs] [Times: user=0.38 sys=0.01, real=0.06 secs] 
5753.130: [GC (Allocation Failure) [PSYoungGen: 457184K->144896K(493056K)] 870459K->663544K(1891328K), 0.0521633 secs] [Times: user=0.30 sys=0.00, real=0.06 secs] 
5754.443: [GC (Allocation Failure) [PSYoungGen: 492544K->109408K(523776K)] 1011192K->763564K(1922048K), 0.0652879 secs] [Times: user=0.38 sys=0.00, real=0.06 secs] 
5755.726: [GC (Allocation Failure) [PSYoungGen: 456032K->145664K(492544K)] 1110188K->905360K(1890816K), 0.0527497 secs] [Times: user=0.31 sys=0.00, real=0.05 secs] 
5757.346: [GC (Allocation Failure) [PSYoungGen: 492288K->105760K(522752K)] 1251984K->1002224K(1921024K), 0.0897847 secs] [Times: user=0.53 sys=0.01, real=0.09 secs] 
5758.747: [GC (Allocation Failure) [PSYoungGen: 450848K->143776K(488960K)] 1347312K->1141893K(1887232K), 0.0519452 secs] [Times: user=0.31 sys=0.00, real=0.05 secs] 
5760.040: [GC (Allocation Failure) [PSYoungGen: 488864K->108064K(522752K)] 1486981K->1240593K(1921024K), 0.0647120 secs] [Times: user=0.38 sys=0.00, real=0.07 secs] 
5761.548: [GC (Allocation Failure) [PSYoungGen: 452640K->144128K(520704K)] 1585169K->1380142K(1918976K), 0.0524208 secs] [Times: user=0.30 sys=0.01, real=0.05 secs] 
5761.600: [Full GC (Ergonomics) [PSYoungGen: 144128K->0K(520704K)] [ParOldGen: 1236014K->185204K(1398272K)] 1380142K->185204K(1918976K), [Metaspace: 59712K->59712K(1105920K)], 0.4416605 secs] [Times: user=2.05 sys=0.00, real=0.45 secs] 
5763.344: [GC (Allocation Failure) [PSYoungGen: 344576K->108704K(520704K)] 529780K->293908K(1918976K), 0.0365726 secs] [Times: user=0.22 sys=0.00, real=0.03 secs] 
5765.303: [GC (Allocation Failure) [PSYoungGen: 453280K->142496K(520704K)] 638484K->432513K(1918976K), 0.0522430 secs] [Times: user=0.31 sys=0.01, real=0.05 secs] 
5766.689: [GC (Allocation Failure) [PSYoungGen: 487072K->108544K(520192K)] 777089K->531881K(1918464K), 0.0753870 secs] [Times: user=0.45 sys=0.00, real=0.08 secs] 
5768.868: [GC (Allocation Failure) [PSYoungGen: 453632K->142784K(520704K)] 876969K->670792K(1918976K), 0.0525235 secs] [Times: user=0.31 sys=0.00, real=0.05 secs] 
5770.240: [GC (Allocation Failure) [PSYoungGen: 487872K->106272K(521728K)] 1015880K->768144K(1920000K), 0.0638431 secs] [Times: user=0.37 sys=0.00, real=0.07 secs] 
5772.579: [GC (Allocation Failure) [PSYoungGen: 452384K->142208K(521728K)] 1114256K->906269K(1920000K), 0.0522174 secs] [Times: user=0.30 sys=0.00, real=0.05 secs] 
5773.924: [GC (GCLocker Initiated GC) [PSYoungGen: 488320K->108128K(520704K)] 1252384K->1005100K(1918976K), 0.0655377 secs] [Times: user=0.39 sys=0.01, real=0.06 secs] 
5775.348: [GC (Allocation Failure) [PSYoungGen: 454240K->142464K(521216K)] 1351282K->1143471K(1919488K), 0.0532218 secs] [Times: user=0.31 sys=0.00, real=0.05 secs] 
5776.805: [GC (Allocation Failure) [PSYoungGen: 488576K->111168K(520192K)] 1489583K->1244771K(1918464K), 0.0679944 secs] [Times: user=0.41 sys=0.00, real=0.07 secs] 
5777.937: [GC (Allocation Failure) [PSYoungGen: 458304K->146336K(521216K)] 1591907K->1386672K(1919488K), 0.0548013 secs] [Times: user=0.33 sys=0.00, real=0.05 secs] 
5777.992: [Full GC (Ergonomics) [PSYoungGen: 146336K->0K(521216K)] [ParOldGen: 1240336K->185278K(1398272K)] 1386672K->185278K(1919488K), [Metaspace: 59712K->59712K(1105920K)], 0.4523011 secs] [Times: user=2.11 sys=0.00, real=0.46 secs] 
5779.675: [GC (GCLocker Initiated GC) [PSYoungGen: 347136K->105632K(522752K)] 532415K->290911K(1921024K), 0.0524156 secs] [Times: user=0.31 sys=0.00, real=0.05 secs] 
5780.976: [GC (Allocation Failure) [PSYoungGen: 451232K->144480K(490496K)] 636514K->430591K(1888768K), 0.0509917 secs] [Times: user=0.30 sys=0.00, real=0.05 secs] 
5782.338: [GC (Allocation Failure) [PSYoungGen: 490080K->111136K(523264K)] 776191K->531851K(1921536K), 0.0652127 secs] [Times: user=0.39 sys=0.00, real=0.07 secs] 
5783.273: [GC (Allocation Failure) [PSYoungGen: 456224K->143904K(520704K)] 876939K->671792K(1918976K), 0.0529723 secs] [Times: user=0.31 sys=0.01, real=0.05 secs] 
5784.590: [GC (Allocation Failure) [PSYoungGen: 488992K->107424K(521728K)] 1016880K->769784K(1920000K), 0.0641149 secs] [Times: user=0.38 sys=0.00, real=0.07 secs] 
5785.826: [GC (Allocation Failure) [PSYoungGen: 452512K->146240K(491520K)] 1114872K->912127K(1889792K), 0.0527403 secs] [Times: user=0.31 sys=0.00, real=0.05 secs] 
5787.414: [GC (Allocation Failure) [PSYoungGen: 491328K->105024K(521728K)] 1257215K->1008287K(1920000K), 0.0807966 secs] [Times: user=0.48 sys=0.00, real=0.08 secs] 
5789.118: [GC (Allocation Failure) [PSYoungGen: 448064K->145536K(488960K)] 1351327K->1149396K(1887232K), 0.0530858 secs] [Times: user=0.31 sys=0.01, real=0.05 secs] 
5790.771: [GC (Allocation Failure) [PSYoungGen: 488576K->105024K(520704K)] 1492436K->1245560K(1918976K), 0.0953225 secs] [Times: user=0.56 sys=0.00, real=0.10 secs] 
5792.452: [GC (Allocation Failure) [PSYoungGen: 446016K->143136K(519168K)] 1586552K->1384349K(1917440K), 0.0526362 secs] [Times: user=0.31 sys=0.00, real=0.05 secs] 
5792.505: [Full GC (Ergonomics) [PSYoungGen: 143136K->0K(519168K)] [ParOldGen: 1241213K->183809K(1398272K)] 1384349K->183809K(1917440K), [Metaspace: 59712K->59712K(1105920K)], 0.4412016 secs] [Times: user=2.05 sys=0.00, real=0.44 secs] 
5794.153: [GC (Allocation Failure) [PSYoungGen: 340992K->105696K(519168K)] 524801K->289505K(1917440K), 0.0331187 secs] [Times: user=0.19 sys=0.00, real=0.03 secs] 
5796.111: [GC (Allocation Failure) [PSYoungGen: 446688K->142400K(519168K)] 630497K->427926K(1917440K), 0.0519542 secs] [Times: user=0.31 sys=0.00, real=0.06 secs] 
5797.421: [GC (Allocation Failure) [PSYoungGen: 483392K->104576K(518656K)] 768918K->523574K(1916928K), 0.0642930 secs] [Times: user=0.38 sys=0.00, real=0.07 secs] 
5799.205: [GC (Allocation Failure) [PSYoungGen: 446080K->141664K(519168K)] 865078K->662315K(1917440K), 0.0521432 secs] [Times: user=0.30 sys=0.01, real=0.05 secs] 
5800.540: [GC (Allocation Failure) [PSYoungGen: 483168K->106528K(518144K)] 1003819K->759319K(1916416K), 0.0657546 secs] [Times: user=0.38 sys=0.00, real=0.07 secs] 
5801.661: [GC (Allocation Failure) [PSYoungGen: 449056K->143392K(519168K)] 1101847K->899988K(1917440K), 0.0537080 secs] [Times: user=0.31 sys=0.00, real=0.06 secs] 
5802.974: [GC (Allocation Failure) [PSYoungGen: 485920K->105536K(520704K)] 1242516K->996612K(1918976K), 0.0653815 secs] [Times: user=0.39 sys=0.00, real=0.06 secs] 
5804.698: [GC (Allocation Failure) [PSYoungGen: 448576K->141760K(520192K)] 1339652K->1135448K(1918464K), 0.0529545 secs] [Times: user=0.31 sys=0.00, real=0.05 secs] 
5806.081: [GC (Allocation Failure) [PSYoungGen: 484800K->109472K(517632K)] 1478488K->1235568K(1915904K), 0.0664223 secs] [Times: user=0.39 sys=0.00, real=0.07 secs] 
5808.541: [GC (Allocation Failure) [PSYoungGen: 453024K->138048K(519168K)] 1579120K->1370741K(1917440K), 0.0550052 secs] [Times: user=0.32 sys=0.00, real=0.06 secs] 
5808.596: [Full GC (Ergonomics) [PSYoungGen: 138048K->0K(519168K)] [ParOldGen: 1232693K->169684K(1398272K)] 1370741K->169684K(1917440K), [Metaspace: 59712K->59712K(1105920K)], 0.4023916 secs] [Times: user=1.87 sys=0.00, real=0.40 secs] 
5810.222: [GC (GCLocker Initiated GC) [PSYoungGen: 343552K->106912K(520192K)] 513237K->276597K(1918464K), 0.0356107 secs] [Times: user=0.20 sys=0.01, real=0.03 secs] 
5811.593: [GC (Allocation Failure) [PSYoungGen: 454560K->151872K(499712K)] 624316K->425553K(1897984K), 0.0539502 secs] [Times: user=0.31 sys=0.00, real=0.05 secs] 
5812.929: [GC (Allocation Failure) [PSYoungGen: 499520K->108544K(521728K)] 773201K->516833K(1920000K), 0.0645943 secs] [Times: user=0.38 sys=0.01, real=0.07 secs] 
5814.383: [GC (Allocation Failure) [PSYoungGen: 451072K->142208K(519680K)] 859361K->656294K(1917952K), 0.0531928 secs] [Times: user=0.31 sys=0.00, real=0.05 secs] 
5815.695: [GC (GCLocker Initiated GC) [PSYoungGen: 484736K->106720K(519168K)] 998822K->753490K(1917440K), 0.0648970 secs] [Times: user=0.39 sys=0.01, real=0.06 secs] 
5817.337: [GC (Allocation Failure) [PSYoungGen: 449760K->139680K(519680K)] 1096533K->890482K(1917952K), 0.0525658 secs] [Times: user=0.30 sys=0.01, real=0.05 secs] 
5818.672: [GC (GCLocker Initiated GC) [PSYoungGen: 482720K->108576K(518656K)] 1233522K->989762K(1916928K), 0.0664807 secs] [Times: user=0.39 sys=0.02, real=0.07 secs] 
5821.101: [GC (Allocation Failure) [PSYoungGen: 453664K->138976K(520192K)] 1334920K->1126269K(1918464K), 0.0542940 secs] [Times: user=0.32 sys=0.00, real=0.06 secs] 
5822.525: [GC (Allocation Failure) [PSYoungGen: 484064K->109856K(519168K)] 1471357K->1226785K(1917440K), 0.0647163 secs] [Times: user=0.38 sys=0.00, real=0.06 secs] 
5824.413: [GC (Allocation Failure) [PSYoungGen: 458016K->139968K(521216K)] 1574945K->1364542K(1919488K), 0.0543129 secs] [Times: user=0.32 sys=0.00, real=0.05 secs] 
5825.743: [GC (GCLocker Initiated GC) [PSYoungGen: 488128K->111328K(521728K)] 1712702K->1466434K(1920000K), 0.0667557 secs] [Times: user=0.40 sys=0.00, real=0.06 secs] 
5825.810: [Full GC (Ergonomics) [PSYoungGen: 111328K->0K(521728K)] [ParOldGen: 1355106K->27174K(1398272K)] 1466434K->27174K(1920000K), [Metaspace: 59712K->59712K(1105920K)], 0.0507280 secs] [Times: user=0.17 sys=0.00, real=0.05 secs] 
5827.274: [GC (Allocation Failure) [PSYoungGen: 351744K->150240K(502272K)] 378957K->177453K(1900544K), 0.0281491 secs] [Times: user=0.17 sys=0.00, real=0.03 secs] 
5828.581: [GC (Allocation Failure) [PSYoungGen: 501984K->111648K(524800K)] 529197K->271581K(1923072K), 0.0648289 secs] [Times: user=0.38 sys=0.01, real=0.07 secs] 
5830.866: [GC (Allocation Failure) [PSYoungGen: 459808K->141216K(522240K)] 619741K->409962K(1920512K), 0.0532658 secs] [Times: user=0.31 sys=0.00, real=0.05 secs] 
5832.183: [GC (Allocation Failure) [PSYoungGen: 489376K->110336K(522240K)] 758122K->510990K(1920512K), 0.0646332 secs] [Times: user=0.38 sys=0.01, real=0.06 secs] 
5833.751: [GC (Allocation Failure) [PSYoungGen: 460032K->142944K(522752K)] 860686K->651067K(1921024K), 0.0530969 secs] [Times: user=0.31 sys=0.00, real=0.06 secs] 
5835.109: [GC (Allocation Failure) [PSYoungGen: 492640K->110368K(523776K)] 1000763K->752227K(1922048K), 0.0647477 secs] [Times: user=0.39 sys=0.00, real=0.07 secs] 
5836.698: [GC (Allocation Failure) [PSYoungGen: 461088K->151360K(502272K)] 1102947K->900904K(1900544K), 0.0536283 secs] [Times: user=0.31 sys=0.01, real=0.06 secs] 
5838.103: [GC (Allocation Failure) [PSYoungGen: 502080K->110336K(522752K)] 1251624K->993552K(1921024K), 0.0708159 secs] [Times: user=0.42 sys=0.01, real=0.07 secs] 
5839.036: [GC (GCLocker Initiated GC) [PSYoungGen: 454912K->141792K(520704K)] 1338128K->1132317K(1918976K), 0.0536869 secs] [Times: user=0.31 sys=0.01, real=0.05 secs] 
5840.464: [GC (Allocation Failure) [PSYoungGen: 486368K->109664K(521216K)] 1476896K->1232112K(1919488K), 0.0641238 secs] [Times: user=0.38 sys=0.00, real=0.06 secs] 
5841.587: [GC (Allocation Failure) [PSYoungGen: 455776K->145216K(521216K)] 1578224K->1374381K(1919488K), 0.0542304 secs] [Times: user=0.32 sys=0.00, real=0.05 secs] 
5843.132: [GC (Allocation Failure) [PSYoungGen: 491328K->106432K(522752K)] 1720493K->1471945K(1921024K), 0.0751987 secs] [Times: user=0.45 sys=0.00, real=0.07 secs] 
5843.207: [Full GC (Ergonomics) [PSYoungGen: 106432K->0K(522752K)] [ParOldGen: 1365513K->40420K(1398272K)] 1471945K->40420K(1921024K), [Metaspace: 59712K->59712K(1105920K)], 0.0791198 secs] [Times: user=0.30 sys=0.00, real=0.08 secs] 
5844.633: [GC (Allocation Failure) [PSYoungGen: 345589K->146144K(492032K)] 386010K->186564K(1890304K), 0.0298596 secs] [Times: user=0.17 sys=0.00, real=0.03 secs] 
5846.016: [GC (Allocation Failure) [PSYoungGen: 491744K->106336K(521728K)] 532164K->284093K(1920000K), 0.0653815 secs] [Times: user=0.38 sys=0.00, real=0.06 secs] 
5847.627: [GC (Allocation Failure) [PSYoungGen: 449376K->143488K(520192K)] 627133K->423421K(1918464K), 0.0514514 secs] [Times: user=0.31 sys=0.00, real=0.05 secs] 
5848.934: [GC (GCLocker Initiated GC) [PSYoungGen: 486528K->107648K(519168K)] 766461K->521865K(1917440K), 0.0647277 secs] [Times: user=0.38 sys=0.00, real=0.06 secs] 
5850.496: [GC (Allocation Failure) [PSYoungGen: 450688K->150112K(493568K)] 864944K->667855K(1891840K), 0.0522383 secs] [Times: user=0.30 sys=0.00, real=0.05 secs] 
5851.881: [GC (Allocation Failure) [PSYoungGen: 491647K->108224K(519680K)] 1009391K->758888K(1917952K), 0.0912651 secs] [Times: user=0.54 sys=0.01, real=0.10 secs] 
5853.683: [GC (Allocation Failure) [PSYoungGen: 447168K->137152K(476160K)] 1097832K->892844K(1874432K), 0.0535717 secs] [Times: user=0.31 sys=0.00, real=0.05 secs] 
5855.012: [GC (GCLocker Initiated GC) [PSYoungGen: 476096K->108896K(518144K)] 1231788K->992133K(1916416K), 0.0667075 secs] [Times: user=0.39 sys=0.00, real=0.06 secs] 
5856.106: [GC (Allocation Failure) [PSYoungGen: 449376K->139808K(516608K)] 1332615K->1129036K(1914880K), 0.0549879 secs] [Times: user=0.33 sys=0.01, real=0.05 secs] 
5857.429: [GC (GCLocker Initiated GC) [PSYoungGen: 480288K->107808K(521216K)] 1469516K->1227360K(1919488K), 0.0650215 secs] [Times: user=0.38 sys=0.01, real=0.07 secs] 
5858.457: [GC (Allocation Failure) [PSYoungGen: 454432K->143648K(521216K)] 1573987K->1368192K(1919488K), 0.0537808 secs] [Times: user=0.31 sys=0.00, real=0.05 secs] 
5859.811: [GC (Allocation Failure) [PSYoungGen: 490272K->109312K(522240K)] 1714816K->1468220K(1920512K), 0.0682692 secs] [Times: user=0.41 sys=0.00, real=0.07 secs] 
5859.880: [Full GC (Ergonomics) [PSYoungGen: 109312K->0K(522240K)] [ParOldGen: 1358908K->33845K(1398272K)] 1468220K->33845K(1920512K), [Metaspace: 59712K->59712K(1105920K)], 0.0643250 secs] [Times: user=0.23 sys=0.00, real=0.07 secs] 
5861.154: [GC (Allocation Failure) [PSYoungGen: 347648K->143040K(522240K)] 381493K->176885K(1920512K), 0.0290311 secs] [Times: user=0.16 sys=0.01, real=0.03 secs] 
5862.453: [GC (Allocation Failure) [PSYoungGen: 490688K->109440K(521728K)] 524533K->276829K(1920000K), 0.0637896 secs] [Times: user=0.38 sys=0.00, real=0.06 secs] 
5863.573: [GC (Allocation Failure) [PSYoungGen: 457600K->145696K(494080K)] 624989K->420202K(1892352K), 0.0532587 secs] [Times: user=0.31 sys=0.00, real=0.05 secs] 
5864.881: [GC (Allocation Failure) [PSYoungGen: 493856K->111488K(524288K)] 768362K->522834K(1922560K), 0.0648686 secs] [Times: user=0.39 sys=0.00, real=0.07 secs] 
5866.802: [GC (Allocation Failure) [PSYoungGen: 458624K->144800K(521728K)] 869970K->661719K(1920000K), 0.0527227 secs] [Times: user=0.31 sys=0.00, real=0.05 secs] 
5868.109: [GC (Allocation Failure) [PSYoungGen: 491936K->108576K(522240K)] 1008855K->761391K(1920512K), 0.0641580 secs] [Times: user=0.38 sys=0.01, real=0.07 secs] 
5870.541: [GC (Allocation Failure) [PSYoungGen: 455200K->140544K(521728K)] 1108015K->898188K(1920000K), 0.0525055 secs] [Times: user=0.31 sys=0.00, real=0.06 secs] 
5871.942: [GC (Allocation Failure) [PSYoungGen: 487168K->108896K(521216K)] 1244812K->997824K(1919488K), 0.0638958 secs] [Times: user=0.37 sys=0.01, real=0.06 secs] 
5873.603: [GC (Allocation Failure) [PSYoungGen: 457056K->145248K(522240K)] 1345984K->1138692K(1920512K), 0.0536582 secs] [Times: user=0.32 sys=0.00, real=0.05 secs] 
5875.028: [GC (Allocation Failure) [PSYoungGen: 493408K->108736K(523264K)] 1486852K->1238521K(1921536K), 0.0761977 secs] [Times: user=0.44 sys=0.00, real=0.08 secs] 
5876.750: [GC (Allocation Failure) [PSYoungGen: 455872K->144256K(491520K)] 1585657K->1379105K(1889792K), 0.0534816 secs] [Times: user=0.31 sys=0.00, real=0.06 secs] 
5876.803: [Full GC (Ergonomics) [PSYoungGen: 144256K->0K(491520K)] [ParOldGen: 1234849K->183255K(1398272K)] 1379105K->183255K(1889792K), [Metaspace: 59712K->59712K(1105920K)], 0.4278064 secs] [Times: user=1.98 sys=0.00, real=0.42 secs] 
5878.462: [GC (Allocation Failure) [PSYoungGen: 347136K->111776K(524288K)] 530391K->295031K(1922560K), 0.0337198 secs] [Times: user=0.20 sys=0.00, real=0.03 secs] 
5879.924: [GC (Allocation Failure) [PSYoungGen: 458912K->142880K(521728K)] 642167K->433884K(1920000K), 0.0533399 secs] [Times: user=0.32 sys=0.00, real=0.05 secs] 
5881.302: [GC (Allocation Failure) [PSYoungGen: 490016K->111072K(521728K)] 781022K->535190K(1920000K), 0.0658358 secs] [Times: user=0.39 sys=0.00, real=0.06 secs] 
5882.059: [GC (Allocation Failure) [PSYoungGen: 459232K->148576K(497152K)] 883350K->679985K(1895424K), 0.0529381 secs] [Times: user=0.32 sys=0.00, real=0.06 secs] 
5883.944: [GC (GCLocker Initiated GC) [PSYoungGen: 496736K->106080K(522240K)] 1028145K->777358K(1920512K), 0.1437266 secs] [Times: user=0.85 sys=0.01, real=0.14 secs] 
5884.920: [GC (Allocation Failure) [PSYoungGen: 450656K->153504K(498176K)] 1121972K->926668K(1896448K), 0.0520590 secs] [Times: user=0.31 sys=0.00, real=0.06 secs] 
5887.008: [GC (Allocation Failure) [PSYoungGen: 498080K->105664K(518656K)] 1271244K->1015060K(1916928K), 0.0955431 secs] [Times: user=0.56 sys=0.00, real=0.10 secs] 
5887.693: [GC (Allocation Failure) [PSYoungGen: 442560K->142496K(517120K)] 1351956K->1153335K(1915392K), 0.0508253 secs] [Times: user=0.30 sys=0.00, real=0.05 secs] 
5889.042: [GC (Allocation Failure) [PSYoungGen: 479392K->103456K(517632K)] 1490231K->1247911K(1915904K), 0.0641652 secs] [Times: user=0.38 sys=0.00, real=0.06 secs] 
5890.256: [GC (Allocation Failure) [PSYoungGen: 441376K->140544K(517632K)] 1585831K->1384540K(1915904K), 0.0517286 secs] [Times: user=0.30 sys=0.00, real=0.05 secs] 
5890.308: [Full GC (Ergonomics) [PSYoungGen: 140544K->0K(517632K)] [ParOldGen: 1243996K->182888K(1398272K)] 1384540K->182888K(1915904K), [Metaspace: 59712K->59712K(1105920K)], 0.4225482 secs] [Times: user=1.95 sys=0.00, real=0.42 secs] 
5891.941: [GC (GCLocker Initiated GC) [PSYoungGen: 337920K->105792K(516096K)] 520808K->288680K(1914368K), 0.0334245 secs] [Times: user=0.20 sys=0.00, real=0.04 secs] 
5894.239: [GC (Allocation Failure) [PSYoungGen: 445248K->138464K(517632K)] 628139K->423191K(1915904K), 0.0510690 secs] [Times: user=0.29 sys=0.01, real=0.05 secs] 
5895.544: [GC (GCLocker Initiated GC) [PSYoungGen: 477920K->107424K(516608K)] 762647K->521444K(1914880K), 0.0648410 secs] [Times: user=0.38 sys=0.00, real=0.06 secs] 
5896.304: [GC (Allocation Failure) [PSYoungGen: 449952K->150176K(518656K)] 864010K->669059K(1916928K), 0.0543571 secs] [Times: user=0.32 sys=0.01, real=0.05 secs] 
5897.619: [GC (Allocation Failure) [PSYoungGen: 492704K->107360K(520192K)] 1011587K->758795K(1918464K), 0.0663526 secs] [Times: user=0.39 sys=0.00, real=0.07 secs] 
5899.618: [GC (Allocation Failure) [PSYoungGen: 447328K->138400K(478720K)] 1098763K->894352K(1876992K), 0.0535142 secs] [Times: user=0.32 sys=0.00, real=0.05 secs] 
5900.939: [GC (Allocation Failure) [PSYoungGen: 478368K->106912K(520192K)] 1234320K->991984K(1918464K), 0.0650473 secs] [Times: user=0.38 sys=0.01, real=0.07 secs] 
5902.223: [GC (Allocation Failure) [PSYoungGen: 448928K->141024K(518144K)] 1334000K->1130029K(1916416K), 0.0543659 secs] [Times: user=0.32 sys=0.00, real=0.05 secs] 
5903.550: [GC (Allocation Failure) [PSYoungGen: 483040K->109440K(519680K)] 1472045K->1230085K(1917952K), 0.0666332 secs] [Times: user=0.39 sys=0.01, real=0.07 secs] 
5905.084: [GC (Allocation Failure) [PSYoungGen: 455040K->139904K(520704K)] 1575685K->1367314K(1918976K), 0.0539587 secs] [Times: user=0.32 sys=0.00, real=0.05 secs] 
5906.395: [GC (Allocation Failure) [PSYoungGen: 485504K->110464K(520192K)] 1712914K->1468478K(1918464K), 0.0660462 secs] [Times: user=0.39 sys=0.01, real=0.06 secs] 
5906.461: [Full GC (Ergonomics) [PSYoungGen: 110464K->0K(520192K)] [ParOldGen: 1358014K->28886K(1398272K)] 1468478K->28886K(1918464K), [Metaspace: 59712K->59712K(1105920K)], 0.0493903 secs] [Times: user=0.16 sys=0.00, real=0.05 secs] 
5908.048: [GC (Allocation Failure) [PSYoungGen: 348160K->150048K(498688K)] 377046K->178934K(1896960K), 0.0288377 secs] [Times: user=0.17 sys=0.00, real=0.03 secs] 
5909.430: [GC (GCLocker Initiated GC) [PSYoungGen: 498208K->111008K(523264K)] 527094K->272114K(1921536K), 0.0653800 secs] [Times: user=0.38 sys=0.01, real=0.07 secs] 
5910.738: [GC (Allocation Failure) [PSYoungGen: 456096K->140064K(520704K)] 617205K->409306K(1918976K), 0.0531651 secs] [Times: user=0.31 sys=0.00, real=0.05 secs] 
5912.066: [GC (GCLocker Initiated GC) [PSYoungGen: 485152K->109920K(521216K)] 754394K->509266K(1919488K), 0.0640785 secs] [Times: user=0.38 sys=0.00, real=0.06 secs] 
5913.645: [GC (Allocation Failure) [PSYoungGen: 457056K->141504K(521216K)] 856405K->648002K(1919488K), 0.0527707 secs] [Times: user=0.31 sys=0.00, real=0.05 secs] 
5914.969: [GC (GCLocker Initiated GC) [PSYoungGen: 488640K->109600K(522752K)] 995138K->748254K(1921024K), 0.0649188 secs] [Times: user=0.38 sys=0.00, real=0.07 secs] 
5916.675: [GC (Allocation Failure) [PSYoungGen: 459296K->140192K(523264K)] 1097955K->885708K(1921536K), 0.0533346 secs] [Times: user=0.31 sys=0.01, real=0.05 secs] 
5918.006: [GC (GCLocker Initiated GC) [PSYoungGen: 489888K->110240K(521728K)] 1235404K->986684K(1920000K), 0.0659440 secs] [Times: user=0.39 sys=0.01, real=0.07 secs] 
5919.416: [GC (Allocation Failure) [PSYoungGen: 461472K->143552K(523264K)] 1337919K->1127452K(1921536K), 0.0544400 secs] [Times: user=0.32 sys=0.00, real=0.05 secs] 
5920.752: [GC (Allocation Failure) [PSYoungGen: 494784K->112640K(524288K)] 1478684K->1230644K(1922560K), 0.0661550 secs] [Times: user=0.39 sys=0.00, real=0.06 secs] 
5921.519: [GC (Allocation Failure) [PSYoungGen: 464896K->147936K(500224K)] 1582900K->1376197K(1898496K), 0.0556861 secs] [Times: user=0.33 sys=0.00, real=0.06 secs] 
5922.848: [GC (Allocation Failure) [PSYoungGen: 500192K->109120K(524800K)] 1728453K->1476597K(1923072K), 0.0667543 secs] [Times: user=0.39 sys=0.00, real=0.07 secs] 
5922.915: [Full GC (Ergonomics) [PSYoungGen: 109120K->0K(524800K)] [ParOldGen: 1367477K->43393K(1398272K)] 1476597K->43393K(1923072K), [Metaspace: 59712K->59712K(1105920K)], 0.0875815 secs] [Times: user=0.35 sys=0.00, real=0.09 secs] 
5924.442: [GC (Allocation Failure) [PSYoungGen: 349184K->146368K(495616K)] 392577K->189761K(1893888K), 0.0294361 secs] [Times: user=0.17 sys=0.00, real=0.02 secs] 
5925.815: [GC (Allocation Failure) [PSYoungGen: 495552K->108448K(523776K)] 538945K->288989K(1922048K), 0.0803509 secs] [Times: user=0.48 sys=0.00, real=0.08 secs] 
5927.283: [GC (Allocation Failure) [PSYoungGen: 455072K->147552K(494592K)] 635613K->432622K(1892864K), 0.0523862 secs] [Times: user=0.31 sys=0.00, real=0.05 secs] 
5928.580: [GC (Allocation Failure) [PSYoungGen: 494176K->106592K(521728K)] 779246K->530358K(1920000K), 0.0659114 secs] [Times: user=0.40 sys=0.00, real=0.07 secs] 
5930.570: [GC (Allocation Failure) [PSYoungGen: 450144K->143776K(487424K)] 873910K->669978K(1885696K), 0.0523903 secs] [Times: user=0.31 sys=0.00, real=0.06 secs] 
5931.896: [GC (GCLocker Initiated GC) [PSYoungGen: 487328K->105760K(521728K)] 1013531K->766383K(1920000K), 0.0646172 secs] [Times: user=0.38 sys=0.01, real=0.06 secs] 
5933.263: [GC (Allocation Failure) [PSYoungGen: 448800K->142784K(520192K)] 1109426K->904226K(1918464K), 0.0517339 secs] [Times: user=0.30 sys=0.00, real=0.05 secs] 
5934.636: [GC (GCLocker Initiated GC) [PSYoungGen: 485824K->108096K(519168K)] 1247266K->1002858K(1917440K), 0.0661543 secs] [Times: user=0.39 sys=0.00, real=0.07 secs] 
5935.546: [GC (Allocation Failure) [PSYoungGen: 451136K->143168K(519680K)] 1345969K->1141722K(1917952K), 0.0534700 secs] [Times: user=0.31 sys=0.00, real=0.05 secs] 
5936.938: [GC (Allocation Failure) [PSYoungGen: 486208K->107360K(520704K)] 1484762K->1239590K(1918976K), 0.0654390 secs] [Times: user=0.39 sys=0.01, real=0.07 secs] 
5937.855: [GC (Allocation Failure) [PSYoungGen: 451424K->154720K(499200K)] 1583654K->1390727K(1897472K), 0.0545734 secs] [Times: user=0.33 sys=0.00, real=0.05 secs] 
5937.909: [Full GC (Ergonomics) [PSYoungGen: 154720K->0K(499200K)] [ParOldGen: 1236007K->185263K(1398272K)] 1390727K->185263K(1897472K), [Metaspace: 59712K->59712K(1105920K)], 0.4421096 secs] [Times: user=2.05 sys=0.00, real=0.44 secs] 
5939.551: [GC (Allocation Failure) [PSYoungGen: 344064K->105408K(518144K)] 529327K->290671K(1916416K), 0.0327522 secs] [Times: user=0.19 sys=0.00, real=0.04 secs] 
5941.259: [GC (Allocation Failure) [PSYoungGen: 441280K->140288K(516608K)] 626543K->426740K(1914880K), 0.0513297 secs] [Times: user=0.30 sys=0.00, real=0.05 secs] 
5942.568: [GC (Allocation Failure) [PSYoungGen: 476160K->105504K(516608K)] 762612K->523204K(1914880K), 0.0638780 secs] [Times: user=0.38 sys=0.00, real=0.07 secs] 
5943.785: [GC (Allocation Failure) [PSYoungGen: 442912K->139296K(516608K)] 860612K->658801K(1914880K), 0.0518706 secs] [Times: user=0.30 sys=0.00, real=0.05 secs] 
5945.147: [GC (Allocation Failure) [PSYoungGen: 476704K->105088K(517120K)] 996209K->754705K(1915392K), 0.0645167 secs] [Times: user=0.38 sys=0.00, real=0.06 secs] 
5946.895: [GC (Allocation Failure) [PSYoungGen: 446080K->140416K(518144K)] 1095697K->892606K(1916416K), 0.0535834 secs] [Times: user=0.31 sys=0.00, real=0.05 secs] 
5948.334: [GC (Allocation Failure) [PSYoungGen: 481408K->105248K(518656K)] 1233598K->988854K(1916928K), 0.0661736 secs] [Times: user=0.40 sys=0.00, real=0.06 secs] 
5949.762: [GC (Allocation Failure) [PSYoungGen: 448800K->141280K(519680K)] 1332406K->1127683K(1917952K), 0.0541979 secs] [Times: user=0.32 sys=0.01, real=0.05 secs] 
5951.090: [GC (GCLocker Initiated GC) [PSYoungGen: 484832K->109120K(519168K)] 1471238K->1227194K(1917440K), 0.0673213 secs] [Times: user=0.40 sys=0.00, real=0.07 secs] 
5952.510: [GC (Allocation Failure) [PSYoungGen: 454208K->139360K(520192K)] 1572285K->1364326K(1918464K), 0.0552658 secs] [Times: user=0.32 sys=0.00, real=0.06 secs] 
5953.849: [GC (GCLocker Initiated GC) [PSYoungGen: 484448K->110912K(519168K)] 1709414K->1465986K(1917440K), 0.0684545 secs] [Times: user=0.41 sys=0.01, real=0.07 secs] 
5953.917: [Full GC (Ergonomics) [PSYoungGen: 110912K->0K(519168K)] [ParOldGen: 1355074K->28042K(1398272K)] 1465986K->28042K(1917440K), [Metaspace: 59712K->59712K(1105920K)], 0.0529586 secs] [Times: user=0.17 sys=0.00, real=0.05 secs] 
5955.142: [GC (Allocation Failure) [PSYoungGen: 348160K->139776K(521216K)] 376205K->167821K(1919488K), 0.0277412 secs] [Times: user=0.16 sys=0.00, real=0.03 secs] 
5956.444: [GC (Allocation Failure) [PSYoungGen: 487936K->113056K(521728K)] 515981K->271013K(1920000K), 0.0647058 secs] [Times: user=0.38 sys=0.00, real=0.06 secs] 
5957.630: [GC (Allocation Failure) [PSYoungGen: 464800K->144064K(523264K)] 622757K->412226K(1921536K), 0.0539036 secs] [Times: user=0.32 sys=0.00, real=0.06 secs] 
5958.964: [GC (Allocation Failure) [PSYoungGen: 495808K->112544K(524800K)] 763970K->515274K(1923072K), 0.0648558 secs] [Times: user=0.38 sys=0.00, real=0.06 secs] 
5959.980: [GC (Allocation Failure) [PSYoungGen: 465824K->146688K(500224K)] 868554K->659279K(1898496K), 0.0541130 secs] [Times: user=0.32 sys=0.00, real=0.06 secs] 
5961.352: [GC (GCLocker Initiated GC) [PSYoungGen: 499968K->109344K(525312K)] 1012559K->759575K(1923584K), 0.0652230 secs] [Times: user=0.38 sys=0.00, real=0.06 secs] 
5962.704: [GC (Allocation Failure) [PSYoungGen: 459552K->155264K(505856K)] 1109821K->910266K(1904128K), 0.0537327 secs] [Times: user=0.32 sys=0.01, real=0.05 secs] 
5964.270: [GC (Allocation Failure) [PSYoungGen: 505472K->109280K(521216K)] 1260474K->1002010K(1919488K), 0.0908593 secs] [Times: user=0.54 sys=0.00, real=0.09 secs] 
5965.336: [GC (Allocation Failure) [PSYoungGen: 450771K->143488K(519168K)] 1343501K->1142003K(1917440K), 0.0531224 secs] [Times: user=0.31 sys=0.00, real=0.05 secs] 
5966.768: [GC (Allocation Failure) [PSYoungGen: 484992K->106432K(519680K)] 1483507K->1239387K(1917952K), 0.0780412 secs] [Times: user=0.46 sys=0.00, real=0.08 secs] 
5968.817: [GC (Allocation Failure) [PSYoungGen: 448448K->142912K(519680K)] 1581403K->1377968K(1917952K), 0.0522369 secs] [Times: user=0.31 sys=0.00, real=0.05 secs] 
5968.870: [Full GC (Ergonomics) [PSYoungGen: 142912K->0K(519680K)] [ParOldGen: 1235056K->181616K(1398272K)] 1377968K->181616K(1917952K), [Metaspace: 59712K->59712K(1105920K)], 0.4335240 secs] [Times: user=2.01 sys=0.00, real=0.44 secs] 
5970.513: [GC (Allocation Failure) [PSYoungGen: 342016K->105824K(519168K)] 523632K->287440K(1917440K), 0.0333456 secs] [Times: user=0.20 sys=0.01, real=0.03 secs] 
5972.029: [GC (Allocation Failure) [PSYoungGen: 448352K->141856K(519680K)] 629968K->425372K(1917952K), 0.0523146 secs] [Times: user=0.30 sys=0.00, real=0.05 secs] 
5973.340: [GC (Allocation Failure) [PSYoungGen: 484384K->108704K(518656K)] 767900K->524580K(1916928K), 0.0645443 secs] [Times: user=0.39 sys=0.00, real=0.07 secs] 
5975.954: [GC (Allocation Failure) [PSYoungGen: 452256K->147456K(519680K)] 868132K->669292K(1917952K), 0.0533943 secs] [Times: user=0.32 sys=0.00, real=0.05 secs] 
5977.291: [GC (Allocation Failure) [PSYoungGen: 491008K->108000K(521216K)] 1012844K->760112K(1919488K), 0.0624976 secs] [Times: user=0.37 sys=0.00, real=0.07 secs] 
5979.533: [GC (Allocation Failure) [PSYoungGen: 450016K->137152K(479232K)] 1102128K->894636K(1877504K), 0.0530510 secs] [Times: user=0.31 sys=0.00, real=0.05 secs] 
5980.852: [GC (Allocation Failure) [PSYoungGen: 479168K->108192K(520192K)] 1236652K->993452K(1918464K), 0.0640661 secs] [Times: user=0.38 sys=0.01, real=0.06 secs] 
5981.975: [GC (Allocation Failure) [PSYoungGen: 451744K->142080K(518656K)] 1337004K->1133049K(1916928K), 0.0533808 secs] [Times: user=0.31 sys=0.00, real=0.05 secs] 
5983.296: [GC (Allocation Failure) [PSYoungGen: 485632K->107744K(521728K)] 1476601K->1231753K(1920000K), 0.0649060 secs] [Times: user=0.39 sys=0.00, real=0.06 secs] 
5984.545: [GC (Allocation Failure) [PSYoungGen: 455392K->143584K(522240K)] 1579401K->1372774K(1920512K), 0.0535270 secs] [Times: user=0.32 sys=0.00, real=0.05 secs] 
5985.857: [GC (Allocation Failure) [PSYoungGen: 491232K->108672K(522240K)] 1720422K->1472158K(1920512K), 0.0649139 secs] [Times: user=0.39 sys=0.00, real=0.07 secs] 
5985.922: [Full GC (Ergonomics) [PSYoungGen: 108672K->0K(522240K)] [ParOldGen: 1363486K->34219K(1398272K)] 1472158K->34219K(1920512K), [Metaspace: 59712K->59712K(1105920K)], 0.0607103 secs] [Times: user=0.21 sys=0.00, real=0.06 secs] 
5987.580: [GC (Allocation Failure) [PSYoungGen: 347648K->143072K(522240K)] 381867K->177291K(1920512K), 0.0288420 secs] [Times: user=0.17 sys=0.00, real=0.03 secs] 
5988.870: [GC (Allocation Failure) [PSYoungGen: 490720K->110208K(521216K)] 524939K->278491K(1919488K), 0.0642228 secs] [Times: user=0.38 sys=0.00, real=0.07 secs] 
5990.555: [GC (Allocation Failure) [PSYoungGen: 457856K->142912K(521728K)] 626139K->418464K(1920000K), 0.0526225 secs] [Times: user=0.31 sys=0.00, real=0.05 secs] 
5991.871: [GC (Allocation Failure) [PSYoungGen: 490560K->107296K(523264K)] 766112K->516788K(1921536K), 0.0642042 secs] [Times: user=0.38 sys=0.00, real=0.07 secs] 
5993.658: [GC (Allocation Failure) [PSYoungGen: 455456K->140416K(522752K)] 864948K->654449K(1921024K), 0.0519928 secs] [Times: user=0.30 sys=0.00, real=0.05 secs] 
5995.079: [GC (Allocation Failure) [PSYoungGen: 488576K->111072K(520704K)] 1002609K->756101K(1918976K), 0.0643078 secs] [Times: user=0.39 sys=0.00, real=0.07 secs] 
5996.067: [GC (Allocation Failure) [PSYoungGen: 460256K->144864K(522240K)] 1105285K->897824K(1920512K), 0.0531143 secs] [Times: user=0.31 sys=0.01, real=0.05 secs] 
5997.389: [GC (GCLocker Initiated GC) [PSYoungGen: 494048K->108416K(524288K)] 1247008K->997320K(1922560K), 0.0644644 secs] [Times: user=0.38 sys=0.00, real=0.07 secs] 
5998.279: [GC (Allocation Failure) [PSYoungGen: 457600K->146592K(496128K)] 1346575K->1140256K(1894400K), 0.0527443 secs] [Times: user=0.31 sys=0.00, real=0.06 secs] 
5999.963: [GC (Allocation Failure) [PSYoungGen: 495776K->109248K(523776K)] 1489440K->1240372K(1922048K), 0.0983158 secs] [Times: user=0.59 sys=0.00, real=0.10 secs] 
6001.550: [GC (Allocation Failure) [PSYoungGen: 455872K->145056K(492032K)] 1586996K->1381285K(1890304K), 0.0532096 secs] [Times: user=0.31 sys=0.00, real=0.06 secs] 
6001.603: [Full GC (Ergonomics) [PSYoungGen: 145056K->0K(492032K)] [ParOldGen: 1236229K->186031K(1398272K)] 1381285K->186031K(1890304K), [Metaspace: 59712K->59712K(1105920K)], 0.4302645 secs] [Times: user=1.98 sys=0.00, real=0.43 secs] 
6003.222: [GC (Allocation Failure) [PSYoungGen: 346624K->104256K(522752K)] 532655K->290287K(1921024K), 0.0327320 secs] [Times: user=0.19 sys=0.00, real=0.03 secs] 
6005.128: [GC (Allocation Failure) [PSYoungGen: 449344K->150976K(496128K)] 635375K->437008K(1894400K), 0.0508003 secs] [Times: user=0.30 sys=0.00, real=0.05 secs] 
6006.425: [GC (Allocation Failure) [PSYoungGen: 496064K->108608K(520192K)] 782096K->528288K(1918464K), 0.0636513 secs] [Times: user=0.38 sys=0.00, real=0.06 secs] 
6007.878: [GC (Allocation Failure) [PSYoungGen: 448064K->141376K(518144K)] 867744K->665165K(1916416K), 0.0526503 secs] [Times: user=0.31 sys=0.00, real=0.05 secs] 
6009.191: [GC (Allocation Failure) [PSYoungGen: 480832K->108576K(517632K)] 1004621K->763917K(1915904K), 0.0643610 secs] [Times: user=0.38 sys=0.00, real=0.07 secs] 
6009.957: [GC (Allocation Failure) [PSYoungGen: 449568K->145088K(518144K)] 1104909K->905225K(1916416K), 0.0528535 secs] [Times: user=0.31 sys=0.00, real=0.05 secs] 
6011.423: [GC (Allocation Failure) [PSYoungGen: 486080K->104320K(520704K)] 1246217K->1000777K(1918976K), 0.0687871 secs] [Times: user=0.41 sys=0.00, real=0.07 secs] 
6012.778: [GC (Allocation Failure) [PSYoungGen: 445824K->140160K(519680K)] 1342281K->1137926K(1917952K), 0.0518899 secs] [Times: user=0.31 sys=0.00, real=0.05 secs] 
6014.084: [GC (Allocation Failure) [PSYoungGen: 481664K->105120K(518144K)] 1479430K->1233722K(1916416K), 0.0655477 secs] [Times: user=0.39 sys=0.00, real=0.06 secs] 
6015.597: [GC (Allocation Failure) [PSYoungGen: 447136K->141632K(519168K)] 1575738K->1372479K(1917440K), 0.0523594 secs] [Times: user=0.31 sys=0.00, real=0.05 secs] 
6016.944: [GC (Allocation Failure) [PSYoungGen: 483648K->106944K(518656K)] 1714495K->1470207K(1916928K), 0.0636857 secs] [Times: user=0.38 sys=0.00, real=0.06 secs] 
6017.007: [Full GC (Ergonomics) [PSYoungGen: 106944K->0K(518656K)] [ParOldGen: 1363263K->33096K(1398272K)] 1470207K->33096K(1916928K), [Metaspace: 59712K->59712K(1105920K)], 0.0678129 secs] [Times: user=0.24 sys=0.00, real=0.07 secs] 
6018.019: [GC (Allocation Failure) [PSYoungGen: 343552K->141856K(519680K)] 376648K->174952K(1917952K), 0.0287374 secs] [Times: user=0.16 sys=0.00, real=0.03 secs] 
6019.320: [GC (Allocation Failure) [PSYoungGen: 485408K->107904K(520192K)] 518504K->273644K(1918464K), 0.0635668 secs] [Times: user=0.37 sys=0.00, real=0.07 secs] 
6020.685: [GC (Allocation Failure) [PSYoungGen: 452992K->142368K(520704K)] 618732K->413417K(1918976K), 0.0521844 secs] [Times: user=0.31 sys=0.00, real=0.05 secs] 
6021.999: [GC (Allocation Failure) [PSYoungGen: 487456K->107360K(520704K)] 758505K->511665K(1918976K), 0.0636632 secs] [Times: user=0.38 sys=0.00, real=0.07 secs] 
6023.697: [GC (Allocation Failure) [PSYoungGen: 453472K->141696K(521216K)] 857777K->650486K(1919488K), 0.0524965 secs] [Times: user=0.31 sys=0.00, real=0.05 secs] 
6025.078: [GC (Allocation Failure) [PSYoungGen: 487808K->110176K(520192K)] 996598K->751186K(1918464K), 0.0648075 secs] [Times: user=0.39 sys=0.00, real=0.07 secs] 
6025.892: [GC (Allocation Failure) [PSYoungGen: 457312K->143776K(521216K)] 1098322K->892167K(1919488K), 0.0534520 secs] [Times: user=0.32 sys=0.00, real=0.05 secs] 
6027.216: [GC (Allocation Failure) [PSYoungGen: 490912K->108896K(522752K)] 1239303K->991951K(1921024K), 0.0640692 secs] [Times: user=0.38 sys=0.00, real=0.06 secs] 
6028.191: [GC (Allocation Failure) [PSYoungGen: 456544K->146080K(494080K)] 1339599K->1135228K(1892352K), 0.0538955 secs] [Times: user=0.32 sys=0.00, real=0.06 secs] 
6029.598: [GC (Allocation Failure) [PSYoungGen: 493728K->107968K(523264K)] 1482876K->1234244K(1921536K), 0.0662250 secs] [Times: user=0.39 sys=0.00, real=0.07 secs] 
6031.377: [GC (Allocation Failure) [PSYoungGen: 453568K->144800K(521216K)] 1579844K->1376069K(1919488K), 0.0539067 secs] [Times: user=0.32 sys=0.00, real=0.05 secs] 
6031.431: [Full GC (Ergonomics) [PSYoungGen: 144800K->0K(521216K)] [ParOldGen: 1231269K->180648K(1398272K)] 1376069K->180648K(1919488K), [Metaspace: 59712K->59712K(1105920K)], 0.4302763 secs] [Times: user=1.99 sys=0.00, real=0.43 secs] 
6033.123: [GC (Allocation Failure) [PSYoungGen: 345600K->105248K(522240K)] 526248K->285896K(1920512K), 0.0334304 secs] [Times: user=0.20 sys=0.00, real=0.03 secs] 
6034.280: [GC (Allocation Failure) [PSYoungGen: 449824K->142528K(487424K)] 630472K->425301K(1885696K), 0.0525053 secs] [Times: user=0.30 sys=0.01, real=0.06 secs] 
6035.704: [GC (Allocation Failure) [PSYoungGen: 487104K->107776K(522752K)] 769877K->523821K(1921024K), 0.0642605 secs] [Times: user=0.38 sys=0.00, real=0.06 secs] 
6036.726: [GC (Allocation Failure) [PSYoungGen: 452352K->144544K(520704K)] 868397K->665714K(1918976K), 0.0525397 secs] [Times: user=0.31 sys=0.00, real=0.05 secs] 
6038.036: [GC (Allocation Failure) [PSYoungGen: 489120K->106944K(521216K)] 1010290K->763850K(1919488K), 0.0648373 secs] [Times: user=0.38 sys=0.00, real=0.06 secs] 
6039.914: [GC (GCLocker Initiated GC) [PSYoungGen: 451008K->141792K(520704K)] 1107915K->902288K(1918976K), 0.0520685 secs] [Times: user=0.31 sys=0.00, real=0.05 secs] 
6041.242: [GC (GCLocker Initiated GC) [PSYoungGen: 485856K->107488K(519168K)] 1246354K->1000646K(1917440K), 0.0647012 secs] [Times: user=0.38 sys=0.00, real=0.06 secs] 
6042.665: [GC (Allocation Failure) [PSYoungGen: 452064K->142400K(520192K)] 1345225K->1140246K(1918464K), 0.0529642 secs] [Times: user=0.32 sys=0.00, real=0.05 secs] 
6043.975: [GC (Allocation Failure) [PSYoungGen: 486976K->110048K(520704K)] 1484822K->1241278K(1918976K), 0.0659121 secs] [Times: user=0.39 sys=0.00, real=0.06 secs] 
6045.304: [GC (Allocation Failure) [PSYoungGen: 456160K->142592K(521216K)] 1587390K->1380190K(1919488K), 0.0549973 secs] [Times: user=0.33 sys=0.00, real=0.05 secs] 
6045.359: [Full GC (Ergonomics) [PSYoungGen: 142592K->0K(521216K)] [ParOldGen: 1237598K->178663K(1398272K)] 1380190K->178663K(1919488K), [Metaspace: 59712K->59712K(1105920K)], 0.4231655 secs] [Times: user=1.94 sys=0.00, real=0.43 secs] 
6046.978: [GC (Allocation Failure) [PSYoungGen: 346112K->109408K(521216K)] 524775K->288071K(1919488K), 0.0345695 secs] [Times: user=0.20 sys=0.00, real=0.04 secs] 
6047.748: [GC (Allocation Failure) [PSYoungGen: 456544K->145824K(521728K)] 635207K->429924K(1920000K), 0.0537265 secs] [Times: user=0.31 sys=0.00, real=0.06 secs] 
6049.099: [GC (Allocation Failure) [PSYoungGen: 492960K->107840K(522752K)] 777060K->528652K(1921024K), 0.0726974 secs] [Times: user=0.43 sys=0.00, real=0.08 secs] 
6049.957: [GC (Allocation Failure) [PSYoungGen: 453952K->147968K(494592K)] 874764K->672513K(1892864K), 0.0524889 secs] [Times: user=0.31 sys=0.00, real=0.05 secs] 
6051.276: [GC (Allocation Failure) [PSYoungGen: 494080K->107392K(521728K)] 1018625K->770953K(1920000K), 0.0677537 secs] [Times: user=0.40 sys=0.00, real=0.07 secs] 
6052.533: [GC (Allocation Failure) [PSYoungGen: 449920K->144096K(519680K)] 1113481K->910797K(1917952K), 0.0528003 secs] [Times: user=0.31 sys=0.00, real=0.05 secs] 
6054.056: [GC (Allocation Failure) [PSYoungGen: 486624K->103840K(520192K)] 1253325K->1005797K(1918464K), 0.0938783 secs] [Times: user=0.56 sys=0.00, real=0.09 secs] 
6055.390: [GC (Allocation Failure) [PSYoungGen: 445856K->143680K(485888K)] 1347813K->1145042K(1884160K), 0.0523916 secs] [Times: user=0.31 sys=0.00, real=0.06 secs] 
6056.689: [GC (Allocation Failure) [PSYoungGen: 485696K->107872K(521216K)] 1487058K->1244106K(1919488K), 0.0671536 secs] [Times: user=0.40 sys=0.00, real=0.07 secs] 
6057.933: [GC (Allocation Failure) [PSYoungGen: 449376K->149664K(491520K)] 1585610K->1389999K(1889792K), 0.0549342 secs] [Times: user=0.32 sys=0.01, real=0.05 secs] 
6057.988: [Full GC (Ergonomics) [PSYoungGen: 149664K->0K(491520K)] [ParOldGen: 1240335K->180588K(1398272K)] 1389999K->180588K(1889792K), [Metaspace: 59712K->59712K(1105920K)], 0.4279830 secs] [Times: user=1.97 sys=0.00, real=0.43 secs] 
6059.618: [GC (GCLocker Initiated GC) [PSYoungGen: 341504K->106720K(519168K)] 522092K->287308K(1917440K), 0.0339343 secs] [Times: user=0.20 sys=0.00, real=0.04 secs] 
6060.983: [GC (Allocation Failure) [PSYoungGen: 444640K->138656K(476672K)] 625231K->422055K(1874944K), 0.0515411 secs] [Times: user=0.30 sys=0.01, real=0.05 secs] 
6062.289: [GC (GCLocker Initiated GC) [PSYoungGen: 476576K->106720K(519168K)] 759975K->518864K(1917440K), 0.0625102 secs] [Times: user=0.36 sys=0.00, real=0.06 secs] 
6062.931: [GC (Allocation Failure) [PSYoungGen: 446688K->149344K(517120K)] 858870K->665387K(1915392K), 0.0533347 secs] [Times: user=0.30 sys=0.01, real=0.06 secs] 
6064.334: [GC (Allocation Failure) [PSYoungGen: 489312K->105248K(519168K)] 1005355K->753239K(1917440K), 0.0637953 secs] [Times: user=0.38 sys=0.01, real=0.06 secs] 
6065.607: [GC (Allocation Failure) [PSYoungGen: 443168K->139584K(517632K)] 1091159K->889820K(1915904K), 0.0532234 secs] [Times: user=0.31 sys=0.00, real=0.05 secs] 
6066.926: [GC (GCLocker Initiated GC) [PSYoungGen: 477504K->104416K(517632K)] 1227740K->985244K(1915904K), 0.0652029 secs] [Times: user=0.38 sys=0.00, real=0.06 secs] 
6068.313: [GC (Allocation Failure) [PSYoungGen: 443872K->138400K(517632K)] 1324771K->1121704K(1915904K), 0.0526524 secs] [Times: user=0.31 sys=0.00, real=0.05 secs] 
6069.673: [GC (GCLocker Initiated GC) [PSYoungGen: 477856K->107840K(517120K)] 1461160K->1220360K(1915392K), 0.0649168 secs] [Times: user=0.38 sys=0.00, real=0.06 secs] 
6071.585: [GC (Allocation Failure) [PSYoungGen: 450880K->135264K(518656K)] 1563405K->1353642K(1916928K), 0.0537480 secs] [Times: user=0.31 sys=0.00, real=0.05 secs] 
6072.925: [GC (Allocation Failure) [PSYoungGen: 478304K->110976K(517632K)] 1696682K->1455490K(1915904K), 0.0649958 secs] [Times: user=0.38 sys=0.00, real=0.06 secs] 
6072.990: [Full GC (Ergonomics) [PSYoungGen: 110976K->0K(517632K)] [ParOldGen: 1344514K->16624K(1398272K)] 1455490K->16624K(1915904K), [Metaspace: 59712K->59712K(1105920K)], 0.0295152 secs] [Times: user=0.07 sys=0.00, real=0.03 secs] 
6074.044: [GC (Allocation Failure) [PSYoungGen: 348672K->137760K(520704K)] 365296K->154384K(1918976K), 0.0272877 secs] [Times: user=0.15 sys=0.01, real=0.02 secs] 
6075.382: [GC (Allocation Failure) [PSYoungGen: 486432K->113472K(522240K)] 503056K->258440K(1920512K), 0.0762709 secs] [Times: user=0.44 sys=0.01, real=0.07 secs] 
6077.150: [GC (Allocation Failure) [PSYoungGen: 467776K->140096K(524288K)] 612744K->397277K(1922560K), 0.0539646 secs] [Times: user=0.31 sys=0.00, real=0.06 secs] 
6078.566: [GC (GCLocker Initiated GC) [PSYoungGen: 494400K->113824K(524800K)] 751581K->501845K(1923072K), 0.0655840 secs] [Times: user=0.39 sys=0.00, real=0.07 secs] 
6079.902: [GC (Allocation Failure) [PSYoungGen: 471712K->144832K(526336K)] 859804K->644977K(1924608K), 0.0543463 secs] [Times: user=0.32 sys=0.01, real=0.05 secs] 
6081.226: [GC (GCLocker Initiated GC) [PSYoungGen: 502720K->113632K(527872K)] 1002865K->749141K(1926144K), 0.0664781 secs] [Times: user=0.39 sys=0.01, real=0.07 secs] 
6083.021: [GC (Allocation Failure) [PSYoungGen: 471008K->146656K(504320K)] 1106520K->892564K(1902592K), 0.0551747 secs] [Times: user=0.33 sys=0.00, real=0.06 secs] 
6084.395: [GC (Allocation Failure) [PSYoungGen: 504032K->113952K(527872K)] 1249940K->996685K(1926144K), 0.0659861 secs] [Times: user=0.39 sys=0.00, real=0.06 secs] 
6086.524: [GC (Allocation Failure) [PSYoungGen: 468768K->145952K(501248K)] 1351501K->1138833K(1899520K), 0.0542627 secs] [Times: user=0.31 sys=0.00, real=0.05 secs] 
6087.891: [GC (GCLocker Initiated GC) [PSYoungGen: 500768K->111424K(526848K)] 1493650K->1241366K(1925120K), 0.0660227 secs] [Times: user=0.39 sys=0.00, real=0.07 secs] 
6089.378: [GC (GCLocker Initiated GC) [PSYoungGen: 464704K->147072K(500736K)] 1594651K->1384368K(1899008K), 0.0531792 secs] [Times: user=0.31 sys=0.00, real=0.05 secs] 
6089.431: [Full GC (Ergonomics) [PSYoungGen: 147072K->0K(500736K)] [ParOldGen: 1237296K->189991K(1398272K)] 1384368K->189991K(1899008K), [Metaspace: 59712K->59712K(1105920K)], 0.4527846 secs] [Times: user=2.09 sys=0.00, real=0.46 secs] 
6091.099: [GC (GCLocker Initiated GC) [PSYoungGen: 353280K->110144K(525312K)] 543274K->300138K(1923584K), 0.0326883 secs] [Times: user=0.19 sys=0.01, real=0.04 secs] 
6092.027: [GC (Allocation Failure) [PSYoungGen: 460352K->147584K(498176K)] 650385K->443405K(1896448K), 0.0527184 secs] [Times: user=0.31 sys=0.00, real=0.05 secs] 
6093.841: [GC (GCLocker Initiated GC) [PSYoungGen: 497792K->106528K(523264K)] 793615K->541103K(1921536K), 0.1158660 secs] [Times: user=0.67 sys=0.00, real=0.12 secs] 
6094.570: [GC (Allocation Failure) [PSYoungGen: 453152K->139328K(522240K)] 904182K->692990K(1920512K), 0.2516078 secs] [Times: user=1.50 sys=0.00, real=0.26 secs] 
6096.774: [GC (Allocation Failure) [PSYoungGen: 484386K->93664K(521216K)] 1038049K->786822K(1919488K), 0.3823156 secs] [Times: user=2.28 sys=0.00, real=0.38 secs] 
6097.766: [GC (Allocation Failure) [PSYoungGen: 439264K->146880K(492544K)] 1132422K->929723K(1890816K), 0.0541077 secs] [Times: user=0.32 sys=0.00, real=0.05 secs] 
6099.916: [GC (Allocation Failure) [PSYoungGen: 490900K->96064K(519168K)] 1273743K->1025275K(1917440K), 0.0951267 secs] [Times: user=0.57 sys=0.00, real=0.09 secs] 
6100.960: [GC (Allocation Failure) [PSYoungGen: 431302K->138304K(519168K)] 1360513K->1160061K(1917440K), 0.0516298 secs] [Times: user=0.31 sys=0.00, real=0.06 secs] 
6102.298: [GC (Allocation Failure) [PSYoungGen: 477760K->104800K(515072K)] 1499517K->1256169K(1913344K), 0.0660356 secs] [Times: user=0.39 sys=0.00, real=0.07 secs] 
6103.763: [GC (Allocation Failure) [PSYoungGen: 444256K->140096K(517120K)] 1595625K->1392490K(1915392K), 0.0512159 secs] [Times: user=0.30 sys=0.00, real=0.05 secs] 
6103.814: [Full GC (Ergonomics) [PSYoungGen: 140096K->0K(517120K)] [ParOldGen: 1252394K->189799K(1398272K)] 1392490K->189799K(1915392K), [Metaspace: 59712K->59712K(1105920K)], 0.4587438 secs] [Times: user=2.14 sys=0.00, real=0.46 secs] 
6105.799: [GC (GCLocker Initiated GC) [PSYoungGen: 339456K->103648K(518656K)] 529255K->293447K(1916928K), 0.0509128 secs] [Times: user=0.30 sys=0.00, real=0.05 secs] 
6107.089: [GC (Allocation Failure) [PSYoungGen: 446688K->150688K(494080K)] 636526K->440067K(1892352K), 0.0507634 secs] [Times: user=0.30 sys=0.00, real=0.05 secs] 
6108.466: [GC (Allocation Failure) [PSYoungGen: 493728K->107680K(519680K)] 783107K->530547K(1917952K), 0.0644279 secs] [Times: user=0.38 sys=0.00, real=0.06 secs] 
6109.789: [GC (Allocation Failure) [PSYoungGen: 445600K->140064K(517120K)] 868467K->666696K(1915392K), 0.0510275 secs] [Times: user=0.30 sys=0.00, real=0.05 secs] 
6111.150: [GC (Allocation Failure) [PSYoungGen: 477984K->106144K(517632K)] 1004616K->763544K(1915904K), 0.0913488 secs] [Times: user=0.54 sys=0.01, real=0.10 secs] 
6112.462: [GC (Allocation Failure) [PSYoungGen: 446112K->140576K(517632K)] 1103512K->900076K(1915904K), 0.0527824 secs] [Times: user=0.31 sys=0.00, real=0.05 secs] 
6113.854: [GC (Allocation Failure) [PSYoungGen: 480544K->107936K(517120K)] 1240044K->998557K(1915392K), 0.0656006 secs] [Times: user=0.38 sys=0.00, real=0.06 secs] 
6114.788: [GC (Allocation Failure) [PSYoungGen: 450464K->141888K(518656K)] 1341085K->1137477K(1916928K), 0.0538471 secs] [Times: user=0.31 sys=0.00, real=0.06 secs] 
6116.105: [GC (GCLocker Initiated GC) [PSYoungGen: 484416K->106848K(520192K)] 1480006K->1235442K(1918464K), 0.0654055 secs] [Times: user=0.39 sys=0.00, real=0.06 secs] 
6116.794: [GC (Allocation Failure) [PSYoungGen: 451936K->144896K(520704K)] 1580568K->1377945K(1918976K), 0.0536318 secs] [Times: user=0.31 sys=0.00, real=0.05 secs] 
6116.848: [Full GC (Ergonomics) [PSYoungGen: 144896K->0K(520704K)] [ParOldGen: 1233049K->177400K(1398272K)] 1377945K->177400K(1918976K), [Metaspace: 59713K->59713K(1105920K)], 0.4170801 secs] [Times: user=1.92 sys=0.00, real=0.42 secs] 
6118.459: [GC (Allocation Failure) [PSYoungGen: 345088K->106880K(521216K)] 522488K->284280K(1919488K), 0.0341658 secs] [Times: user=0.20 sys=0.00, real=0.04 secs] 
6120.012: [GC (Allocation Failure) [PSYoungGen: 451456K->143968K(488960K)] 628856K->425197K(1887232K), 0.0531101 secs] [Times: user=0.32 sys=0.00, real=0.05 secs] 
6121.341: [GC (Allocation Failure) [PSYoungGen: 488544K->105888K(522240K)] 769773K->522213K(1920512K), 0.0647373 secs] [Times: user=0.39 sys=0.00, real=0.07 secs] 
6122.549: [GC (Allocation Failure) [PSYoungGen: 449440K->144128K(520192K)] 865765K->663780K(1918464K), 0.0527883 secs] [Times: user=0.31 sys=0.00, real=0.06 secs] 
6123.862: [GC (Allocation Failure) [PSYoungGen: 487680K->107552K(520192K)] 1007332K->762444K(1918464K), 0.0651357 secs] [Times: user=0.38 sys=0.00, real=0.06 secs] 
6125.332: [GC (Allocation Failure) [PSYoungGen: 451104K->140256K(520192K)] 1105996K->899905K(1918464K), 0.0527897 secs] [Times: user=0.31 sys=0.00, real=0.05 secs] 
6126.685: [GC (Allocation Failure) [PSYoungGen: 483808K->109632K(518144K)] 1243457K->1000361K(1916416K), 0.0647023 secs] [Times: user=0.38 sys=0.00, real=0.06 secs] 
6128.192: [GC (Allocation Failure) [PSYoungGen: 454208K->140480K(519680K)] 1344937K->1138094K(1917952K), 0.0543216 secs] [Times: user=0.32 sys=0.00, real=0.05 secs] 
6129.576: [GC (Allocation Failure) [PSYoungGen: 485056K->109824K(519680K)] 1482670K->1238674K(1917952K), 0.0983810 secs] [Times: user=0.58 sys=0.00, real=0.10 secs] 
6130.910: [GC (Allocation Failure) [PSYoungGen: 457472K->142208K(521216K)] 1586322K->1377903K(1919488K), 0.0539726 secs] [Times: user=0.32 sys=0.00, real=0.06 secs] 
6130.964: [Full GC (Ergonomics) [PSYoungGen: 142208K->0K(521216K)] [ParOldGen: 1235695K->176855K(1398272K)] 1377903K->176855K(1919488K), [Metaspace: 59713K->59713K(1105920K)], 0.4291922 secs] [Times: user=2.00 sys=0.00, real=0.43 secs] 
6132.630: [GC (Allocation Failure) [PSYoungGen: 347648K->107648K(523264K)] 524503K->284503K(1921536K), 0.0349672 secs] [Times: user=0.21 sys=0.00, real=0.04 secs] 
6134.063: [GC (Allocation Failure) [PSYoungGen: 457344K->144576K(494592K)] 634199K->425776K(1892864K), 0.0529221 secs] [Times: user=0.31 sys=0.00, real=0.05 secs] 
6135.373: [GC (GCLocker Initiated GC) [PSYoungGen: 494272K->110592K(524800K)] 775472K->527172K(1923072K), 0.0654089 secs] [Times: user=0.39 sys=0.00, real=0.06 secs] 
6136.186: [GC (Allocation Failure) [PSYoungGen: 459264K->145280K(494080K)] 875847K->668440K(1892352K), 0.0528361 secs] [Times: user=0.31 sys=0.00, real=0.05 secs] 
6137.575: [GC (Allocation Failure) [PSYoungGen: 493952K->110624K(524288K)] 1017112K->769392K(1922560K), 0.0641888 secs] [Times: user=0.38 sys=0.00, real=0.06 secs] 
6138.783: [GC (GCLocker Initiated GC) [PSYoungGen: 458272K->147168K(495104K)] 1117046K->912851K(1893376K), 0.0540535 secs] [Times: user=0.32 sys=0.00, real=0.05 secs] 
6140.090: [GC (GCLocker Initiated GC) [PSYoungGen: 494816K->105824K(522752K)] 1260504K->1009728K(1921024K), 0.0660359 secs] [Times: user=0.38 sys=0.00, real=0.07 secs] 
6141.560: [GC (Allocation Failure) [PSYoungGen: 450912K->144512K(489984K)] 1354887K->1150300K(1888256K), 0.0526628 secs] [Times: user=0.31 sys=0.00, real=0.06 secs] 
6143.124: [GC (Allocation Failure) [PSYoungGen: 489600K->106560K(522240K)] 1495388K->1247928K(1920512K), 0.0828147 secs] [Times: user=0.49 sys=0.01, real=0.08 secs] 
6144.648: [GC (Allocation Failure) [PSYoungGen: 450112K->142464K(520192K)] 1591480K->1386189K(1918464K), 0.0526619 secs] [Times: user=0.31 sys=0.00, real=0.05 secs] 
6144.701: [Full GC (Ergonomics) [PSYoungGen: 142464K->0K(520192K)] [ParOldGen: 1243725K->184119K(1398272K)] 1386189K->184119K(1918464K), [Metaspace: 59713K->59713K(1105920K)], 0.4379231 secs] [Times: user=2.03 sys=0.00, real=0.44 secs] 
6146.335: [GC (Allocation Failure) [PSYoungGen: 343552K->106912K(519680K)] 527671K->291031K(1917952K), 0.0331169 secs] [Times: user=0.19 sys=0.00, real=0.03 secs] 
6148.156: [GC (Allocation Failure) [PSYoungGen: 450976K->142016K(520192K)] 635095K->428928K(1918464K), 0.0515717 secs] [Times: user=0.30 sys=0.00, real=0.05 secs] 
6149.519: [GC (Allocation Failure) [PSYoungGen: 486080K->107680K(520192K)] 772992K->527432K(1918464K), 0.0634751 secs] [Times: user=0.37 sys=0.00, real=0.07 secs] 
6151.278: [GC (Allocation Failure) [PSYoungGen: 452768K->142784K(520704K)] 872520K->666133K(1918976K), 0.0527435 secs] [Times: user=0.31 sys=0.00, real=0.05 secs] 
6152.597: [GC (GCLocker Initiated GC) [PSYoungGen: 487872K->108896K(520704K)] 1011221K->765917K(1918976K), 0.0661041 secs] [Times: user=0.38 sys=0.00, real=0.07 secs] 
6154.153: [GC (Allocation Failure) [PSYoungGen: 455008K->143200K(521216K)] 1112068K->905337K(1919488K), 0.0534080 secs] [Times: user=0.31 sys=0.00, real=0.05 secs] 
6155.463: [GC (Allocation Failure) [PSYoungGen: 489312K->107904K(521728K)] 1251449K->1004097K(1920000K), 0.0654065 secs] [Times: user=0.39 sys=0.00, real=0.06 secs] 
6156.660: [GC (GCLocker Initiated GC) [PSYoungGen: 454528K->143168K(521728K)] 1350721K->1143318K(1920000K), 0.0539401 secs] [Times: user=0.30 sys=0.01, real=0.06 secs] 
6157.992: [GC (GCLocker Initiated GC) [PSYoungGen: 489792K->109344K(521728K)] 1489946K->1242914K(1920000K), 0.0663896 secs] [Times: user=0.39 sys=0.00, real=0.06 secs] 
6159.426: [GC (Allocation Failure) [PSYoungGen: 455968K->143680K(521728K)] 1589541K->1382341K(1920000K), 0.0543002 secs] [Times: user=0.32 sys=0.01, real=0.05 secs] 
6159.480: [Full GC (Ergonomics) [PSYoungGen: 143680K->0K(521728K)] [ParOldGen: 1238661K->182056K(1398272K)] 1382341K->182056K(1920000K), [Metaspace: 59713K->59713K(1105920K)], 0.4295311 secs] [Times: user=1.98 sys=0.00, real=0.43 secs] 
6161.103: [GC (Allocation Failure) [PSYoungGen: 346624K->107776K(521728K)] 528680K->289832K(1920000K), 0.0338325 secs] [Times: user=0.20 sys=0.00, real=0.03 secs] 
6162.186: [GC (GCLocker Initiated GC) [PSYoungGen: 454400K->144768K(491520K)] 636456K->431028K(1889792K), 0.0531324 secs] [Times: user=0.31 sys=0.00, real=0.05 secs] 
6163.588: [GC (Allocation Failure) [PSYoungGen: 491392K->108064K(523264K)] 777723K->530095K(1921536K), 0.0674013 secs] [Times: user=0.40 sys=0.00, real=0.07 secs] 
6164.756: [GC (GCLocker Initiated GC) [PSYoungGen: 453664K->142112K(521216K)] 875695K->668460K(1919488K), 0.0525117 secs] [Times: user=0.31 sys=0.00, real=0.05 secs] 
6166.088: [GC (Allocation Failure) [PSYoungGen: 487712K->109728K(519680K)] 1014063K->769287K(1917952K), 0.0635005 secs] [Times: user=0.38 sys=0.00, real=0.06 secs] 
6167.996: [GC (Allocation Failure) [PSYoungGen: 455840K->142368K(520704K)] 1115399K->908076K(1918976K), 0.0540183 secs] [Times: user=0.29 sys=0.00, real=0.05 secs] 
6169.300: [GC (Allocation Failure) [PSYoungGen: 488480K->106560K(522752K)] 1254188K->1005732K(1921024K), 0.0645338 secs] [Times: user=0.39 sys=0.00, real=0.07 secs] 
6170.591: [GC (Allocation Failure) [PSYoungGen: 454720K->146080K(494592K)] 1353892K->1147737K(1892864K), 0.0524711 secs] [Times: user=0.31 sys=0.00, real=0.06 secs] 
6172.019: [GC (Allocation Failure) [PSYoungGen: 494240K->107264K(522752K)] 1495897K->1246017K(1921024K), 0.0688171 secs] [Times: user=0.40 sys=0.00, real=0.07 secs] 
6173.572: [GC (Allocation Failure) [PSYoungGen: 452352K->143936K(489472K)] 1591105K->1385606K(1887744K), 0.0531093 secs] [Times: user=0.32 sys=0.00, real=0.05 secs] 
6173.625: [Full GC (Ergonomics) [PSYoungGen: 143936K->0K(489472K)] [ParOldGen: 1241670K->184349K(1398272K)] 1385606K->184349K(1887744K), [Metaspace: 59713K->59713K(1105920K)], 0.4349147 secs] [Times: user=2.01 sys=0.00, real=0.43 secs] 
6175.295: [GC (Allocation Failure) [PSYoungGen: 345088K->104576K(522240K)] 529437K->288925K(1920512K), 0.0556333 secs] [Times: user=0.32 sys=0.01, real=0.05 secs] 
6175.904: [GC (Allocation Failure) [PSYoungGen: 448640K->146752K(491008K)] 632989K->431630K(1889280K), 0.0517615 secs] [Times: user=0.30 sys=0.00, real=0.05 secs] 
6177.187: [GC (Allocation Failure) [PSYoungGen: 490816K->104480K(520704K)] 775694K->527370K(1918976K), 0.0655460 secs] [Times: user=0.39 sys=0.01, real=0.07 secs] 
6177.770: [GC (Allocation Failure) [PSYoungGen: 445472K->153632K(495104K)] 868362K->677111K(1893376K), 0.0524631 secs] [Times: user=0.31 sys=0.00, real=0.06 secs] 
Heap
ungGen: 445472K->153632K(495104K)] 868362K->677111K(1893376K), 0.0524631 secs] [Times: user=0.31 sys=0.00, real=0.06 secs] 
