5.834: [GC (Allocation Failure) [PSYoungGen: 128000K->12484K(148992K)] 128000K->12508K(488960K), 0.0181977 secs] [Times: user=0.03 sys=0.01, real=0.02 secs] 
6.272: [GC (Metadata GC Threshold) [PSYoungGen: 48881K->6039K(148992K)] 48905K->6135K(488960K), 0.0042334 secs] [Times: user=0.02 sys=0.00, real=0.01 secs] 
6.277: [Full GC (Metadata GC Threshold) [PSYoungGen: 6039K->0K(148992K)] [ParOldGen: 96K->5939K(134144K)] 6135K->5939K(283136K), [Metaspace: 20453K->20453K(1067008K)], 0.0203223 secs] [Times: user=0.06 sys=0.01, real=0.02 secs] 
7.462: [GC (Allocation Failure) [PSYoungGen: 128000K->9770K(148992K)] 133939K->15717K(283136K), 0.0028599 secs] [Times: user=0.00 sys=0.00, real=0.00 secs] 
8.114: [GC (Metadata GC Threshold) [PSYoungGen: 37831K->4642K(148992K)] 43778K->10597K(283136K), 0.0026692 secs] [Times: user=0.01 sys=0.00, real=0.01 secs] 
8.116: [Full GC (Metadata GC Threshold) [PSYoungGen: 4642K->0K(148992K)] [ParOldGen: 5955K->8864K(226816K)] 10597K->8864K(375808K), [Metaspace: 33724K->33724K(1079296K)], 0.0318685 secs] [Times: user=0.07 sys=0.00, real=0.03 secs] 
9.565: [GC (Allocation Failure) [PSYoungGen: 128000K->12903K(148992K)] 136864K->21775K(375808K), 0.0040804 secs] [Times: user=0.02 sys=0.00, real=0.01 secs] 
10.619: [GC (Allocation Failure) [PSYoungGen: 140903K->14128K(178176K)] 149775K->55777K(404992K), 0.0171792 secs] [Times: user=0.08 sys=0.00, real=0.02 secs] 
12.966: [GC (Allocation Failure) [PSYoungGen: 170338K->4502K(180224K)] 211986K->111703K(407040K), 0.0146949 secs] [Times: user=0.07 sys=0.02, real=0.01 secs] 
14.056: [GC (Allocation Failure) [PSYoungGen: 162579K->4518K(245248K)] 269779K->177263K(472064K), 0.0107287 secs] [Times: user=0.05 sys=0.01, real=0.01 secs] 
14.067: [Full GC (Ergonomics) [PSYoungGen: 4518K->0K(245248K)] [ParOldGen: 172744K->159524K(522240K)] 177263K->159524K(767488K), [Metaspace: 52285K->52285K(1097728K)], 0.0865123 secs] [Times: user=0.39 sys=0.00, real=0.08 secs] 
15.946: [GC (Allocation Failure) [PSYoungGen: 227328K->10371K(245248K)] 386852K->169903K(767488K), 0.0027075 secs] [Times: user=0.01 sys=0.00, real=0.00 secs] 
16.774: [GC (Allocation Failure) [PSYoungGen: 237699K->1730K(291328K)] 397231K->226807K(813568K), 0.0077158 secs] [Times: user=0.03 sys=0.01, real=0.01 secs] 
19.034: [GC (Allocation Failure) [PSYoungGen: 275650K->1778K(291840K)] 500727K->226863K(814080K), 0.0021153 secs] [Times: user=0.01 sys=0.00, real=0.01 secs] 
22.521: [GC (Allocation Failure) [PSYoungGen: 275698K->17595K(338944K)] 500783K->243711K(861184K), 0.0084782 secs] [Times: user=0.04 sys=0.01, real=0.01 secs] 
25.771: [GC (Allocation Failure) [PSYoungGen: 338619K->18370K(341504K)] 564735K->244495K(863744K), 0.0038764 secs] [Times: user=0.02 sys=0.01, real=0.00 secs] 
28.031: [GC (Allocation Failure) [PSYoungGen: 339394K->10130K(379904K)] 565519K->236255K(902144K), 0.0041406 secs] [Times: user=0.01 sys=0.00, real=0.00 secs] 
30.650: [GC (Allocation Failure) [PSYoungGen: 373650K->18338K(385536K)] 599775K->244471K(907776K), 0.0037341 secs] [Times: user=0.02 sys=0.00, real=0.00 secs] 
33.883: [GC (Allocation Failure) [PSYoungGen: 381858K->18354K(427520K)] 607991K->244495K(949760K), 0.0063006 secs] [Times: user=0.02 sys=0.02, real=0.01 secs] 
38.054: [GC (Allocation Failure) [PSYoungGen: 421810K->1970K(429056K)] 647951K->228119K(951296K), 0.0031804 secs] [Times: user=0.01 sys=0.01, real=0.01 secs] 
41.823: [GC (Allocation Failure) [PSYoungGen: 405426K->2002K(448000K)] 631575K->228151K(970240K), 0.0031648 secs] [Times: user=0.01 sys=0.01, real=0.01 secs] 
46.157: [GC (Allocation Failure) [PSYoungGen: 427474K->1935K(451072K)] 653623K->293620K(973312K), 0.0069260 secs] [Times: user=0.03 sys=0.00, real=0.00 secs] 
51.368: [GC (Allocation Failure) [PSYoungGen: 427407K->18386K(472064K)] 719092K->310079K(994304K), 0.0089567 secs] [Times: user=0.04 sys=0.01, real=0.01 secs] 
57.002: [GC (Allocation Failure) [PSYoungGen: 464850K->2034K(473600K)] 756543K->293735K(995840K), 0.0030760 secs] [Times: user=0.01 sys=0.00, real=0.00 secs] 
62.696: [GC (Allocation Failure) [PSYoungGen: 448498K->18402K(492032K)] 740199K->310103K(1014272K), 0.0064952 secs] [Times: user=0.03 sys=0.01, real=0.00 secs] 
68.503: [GC (Allocation Failure) [PSYoungGen: 483298K->2066K(493568K)] 774999K->293775K(1015808K), 0.0021644 secs] [Times: user=0.01 sys=0.00, real=0.00 secs] 
75.661: [GC (Allocation Failure) [PSYoungGen: 466962K->18048K(469504K)] 758671K->310149K(991744K), 0.0039703 secs] [Times: user=0.02 sys=0.00, real=0.00 secs] 
82.107: [GC (Allocation Failure) [PSYoungGen: 469120K->1680K(439808K)] 761221K->293805K(962048K), 0.0025364 secs] [Times: user=0.01 sys=0.00, real=0.00 secs] 
85.153: [GC (Allocation Failure) [PSYoungGen: 439440K->18016K(443392K)] 731565K->310197K(965632K), 0.0037927 secs] [Times: user=0.02 sys=0.00, real=0.01 secs] 
87.337: [GC (Allocation Failure) [PSYoungGen: 442976K->1488K(414208K)] 735157K->293853K(936448K), 0.0019726 secs] [Times: user=0.01 sys=0.00, real=0.00 secs] 
91.253: [GC (Allocation Failure) [PSYoungGen: 414160K->1520K(408576K)] 706525K->293933K(930816K), 0.0025506 secs] [Times: user=0.01 sys=0.00, real=0.01 secs] 
95.053: [GC (Allocation Failure) [PSYoungGen: 402416K->17888K(407552K)] 694829K->310341K(929792K), 0.0040941 secs] [Times: user=0.02 sys=0.00, real=0.01 secs] 
99.753: [GC (Allocation Failure) [PSYoungGen: 407520K->1488K(395776K)] 699973K->293965K(918016K), 0.0047835 secs] [Times: user=0.02 sys=0.01, real=0.01 secs] 
104.171: [GC (Allocation Failure) [PSYoungGen: 380368K->1472K(370176K)] 672845K->293997K(892416K), 0.0035989 secs] [Times: user=0.02 sys=0.00, real=0.00 secs] 
106.699: [GC (Allocation Failure) [PSYoungGen: 370112K->1472K(375808K)] 662637K->294045K(898048K), 0.0019887 secs] [Times: user=0.00 sys=0.00, real=0.00 secs] 
112.596: [GC (Allocation Failure) [PSYoungGen: 360384K->5584K(354816K)] 652957K->298165K(877056K), 0.0025241 secs] [Times: user=0.01 sys=0.00, real=0.00 secs] 
114.986: [GC (Allocation Failure) [PSYoungGen: 354768K->9696K(354816K)] 647349K->302293K(877056K), 0.0021303 secs] [Times: user=0.01 sys=0.00, real=0.00 secs] 
117.440: [GC (Allocation Failure) [PSYoungGen: 349664K->17888K(349184K)] 642261K->310517K(871424K), 0.0026770 secs] [Times: user=0.01 sys=0.00, real=0.00 secs] 
120.039: [GC (Allocation Failure) [PSYoungGen: 349152K->17872K(345088K)] 641781K->310533K(867328K), 0.0025381 secs] [Times: user=0.01 sys=0.01, real=0.00 secs] 
122.814: [GC (Allocation Failure) [PSYoungGen: 340432K->1440K(315904K)] 633093K->294149K(838144K), 0.0024699 secs] [Times: user=0.01 sys=0.00, real=0.01 secs] 
125.320: [GC (Allocation Failure) [PSYoungGen: 315808K->1440K(326144K)] 608517K->294165K(848384K), 0.0020667 secs] [Times: user=0.01 sys=0.00, real=0.00 secs] 
127.802: [GC (Allocation Failure) [PSYoungGen: 308128K->1424K(300544K)] 600853K->294165K(822784K), 0.0022280 secs] [Times: user=0.01 sys=0.00, real=0.00 secs] 
130.792: [GC (Allocation Failure) [PSYoungGen: 300432K->17856K(315392K)] 593173K->310629K(837632K), 0.0032722 secs] [Times: user=0.01 sys=0.00, real=0.01 secs] 
134.333: [GC (Allocation Failure) [PSYoungGen: 309696K->17856K(302592K)] 602469K->310653K(824832K), 0.0061529 secs] [Times: user=0.03 sys=0.00, real=0.01 secs] 
138.266: [GC (Allocation Failure) [PSYoungGen: 302528K->17872K(303616K)] 595325K->310693K(825856K), 0.0030641 secs] [Times: user=0.02 sys=0.00, real=0.01 secs] 
140.603: [GC (Allocation Failure) [PSYoungGen: 295888K->9664K(281088K)] 588709K->302525K(803328K), 0.0022222 secs] [Times: user=0.01 sys=0.00, real=0.00 secs] 
143.961: [GC (Allocation Failure) [PSYoungGen: 281024K->1952K(287232K)] 573885K->294829K(809472K), 0.0020676 secs] [Times: user=0.01 sys=0.00, real=0.00 secs] 
145.763: [GC (Allocation Failure) [PSYoungGen: 267168K->1440K(260608K)] 560045K->294333K(782848K), 0.0040878 secs] [Times: user=0.01 sys=0.01, real=0.01 secs] 
149.003: [GC (Allocation Failure) [PSYoungGen: 260512K->1440K(274944K)] 553405K->294341K(797184K), 0.0025745 secs] [Times: user=0.01 sys=0.00, real=0.01 secs] 
151.066: [GC (Allocation Failure) [PSYoungGen: 254880K->1440K(249344K)] 547781K->294341K(771584K), 0.0022147 secs] [Times: user=0.01 sys=0.00, real=0.00 secs] 
153.580: [GC (Allocation Failure) [PSYoungGen: 249248K->17856K(267264K)] 542149K->310765K(789504K), 0.0028950 secs] [Times: user=0.01 sys=0.00, real=0.00 secs] 
157.181: [GC (Allocation Failure) [PSYoungGen: 260032K->3504K(240640K)] 552941K->296421K(762880K), 0.0044461 secs] [Times: user=0.02 sys=0.00, real=0.00 secs] 
159.303: [GC (Allocation Failure) [PSYoungGen: 240560K->1392K(252416K)] 533477K->294333K(774656K), 0.0020996 secs] [Times: user=0.01 sys=0.00, real=0.00 secs] 
161.121: [GC (Allocation Failure) [PSYoungGen: 233328K->1408K(228864K)] 526269K->294365K(751104K), 0.0021033 secs] [Times: user=0.01 sys=0.00, real=0.00 secs] 
163.964: [GC (Allocation Failure) [PSYoungGen: 228736K->17824K(248320K)] 521693K->310789K(770560K), 0.0066516 secs] [Times: user=0.03 sys=0.00, real=0.01 secs] 
166.437: [GC (Allocation Failure) [PSYoungGen: 240544K->192K(218624K)] 533509K->293165K(740864K), 0.0016894 secs] [Times: user=0.01 sys=0.00, real=0.00 secs] 
169.388: [GC (Allocation Failure) [PSYoungGen: 218304K->1376K(233984K)] 511277K->294381K(756224K), 0.0025315 secs] [Times: user=0.01 sys=0.00, real=0.00 secs] 
171.658: [GC (Allocation Failure) [PSYoungGen: 214880K->17856K(227328K)] 507885K->310877K(749568K), 0.0061724 secs] [Times: user=0.02 sys=0.00, real=0.00 secs] 
174.388: [GC (Allocation Failure) [PSYoungGen: 227264K->3440K(226816K)] 520285K->296469K(749056K), 0.0021966 secs] [Times: user=0.01 sys=0.00, real=0.00 secs] 
177.188: [GC (Allocation Failure) [PSYoungGen: 208752K->1440K(202752K)] 501781K->294469K(724992K), 0.0047035 secs] [Times: user=0.02 sys=0.00, real=0.00 secs] 
179.164: [GC (Allocation Failure) [PSYoungGen: 202656K->17872K(223744K)] 495685K->310917K(745984K), 0.0026013 secs] [Times: user=0.01 sys=0.00, real=0.01 secs] 
180.193: [GC (Allocation Failure) [PSYoungGen: 215504K->1373K(195584K)] 508549K->294434K(717824K), 0.0015610 secs] [Times: user=0.00 sys=0.00, real=0.00 secs] 
183.434: [GC (Allocation Failure) [PSYoungGen: 195421K->1472K(211968K)] 488482K->294533K(734208K), 0.0035335 secs] [Times: user=0.01 sys=0.00, real=0.01 secs] 
185.657: [GC (Allocation Failure) [PSYoungGen: 191936K->9680K(196608K)] 484997K->302741K(718848K), 0.0021408 secs] [Times: user=0.01 sys=0.00, real=0.00 secs] 
186.399: [GC (Allocation Failure) [PSYoungGen: 196560K->1376K(203264K)] 489621K->294437K(725504K), 0.0020141 secs] [Times: user=0.01 sys=0.00, real=0.00 secs] 
188.640: [GC (Allocation Failure) [PSYoungGen: 184672K->17872K(198144K)] 477733K->310941K(720384K), 0.0030397 secs] [Times: user=0.01 sys=0.00, real=0.00 secs] 
190.291: [GC (Allocation Failure) [PSYoungGen: 198096K->1424K(199168K)] 491165K->294501K(721408K), 0.0019695 secs] [Times: user=0.01 sys=0.00, real=0.00 secs] 
192.191: [GC (Allocation Failure) [PSYoungGen: 178576K->1408K(175616K)] 471653K->294485K(697856K), 0.0026197 secs] [Times: user=0.01 sys=0.00, real=0.00 secs] 
194.476: [GC (Allocation Failure) [PSYoungGen: 175488K->5504K(189952K)] 468565K->298589K(712192K), 0.0030696 secs] [Times: user=0.01 sys=0.00, real=0.00 secs] 
196.090: [GC (Allocation Failure) [PSYoungGen: 176512K->1392K(169472K)] 469597K->294485K(691712K), 0.0026547 secs] [Times: user=0.01 sys=0.00, real=0.00 secs] 
198.162: [GC (Allocation Failure) [PSYoungGen: 169328K->9632K(185344K)] 462421K->302725K(707584K), 0.0022938 secs] [Times: user=0.01 sys=0.00, real=0.00 secs] 
198.974: [GC (Allocation Failure) [PSYoungGen: 175008K->1408K(164352K)] 468101K->294501K(686592K), 0.0030149 secs] [Times: user=0.01 sys=0.00, real=0.01 secs] 
200.593: [GC (Allocation Failure) [PSYoungGen: 164224K->9664K(179200K)] 457317K->302757K(701440K), 0.0020916 secs] [Times: user=0.01 sys=0.00, real=0.00 secs] 
202.415: [GC (Allocation Failure) [PSYoungGen: 169920K->1376K(159232K)] 463013K->294477K(681472K), 0.0041531 secs] [Times: user=0.02 sys=0.01, real=0.01 secs] 
204.672: [GC (Allocation Failure) [PSYoungGen: 156854K->9664K(173568K)] 449955K->302765K(695808K), 0.0022939 secs] [Times: user=0.01 sys=0.00, real=0.00 secs] 
206.364: [GC (Allocation Failure) [PSYoungGen: 164800K->1408K(154112K)] 457901K->294517K(676352K), 0.0028140 secs] [Times: user=0.01 sys=0.00, real=0.01 secs] 
208.980: [GC (Allocation Failure) [PSYoungGen: 153984K->9664K(167424K)] 447093K->302781K(689664K), 0.0024209 secs] [Times: user=0.01 sys=0.00, real=0.00 secs] 
209.580: [GC (Allocation Failure) [PSYoungGen: 159680K->1408K(149504K)] 452797K->294525K(671744K), 0.0021742 secs] [Times: user=0.01 sys=0.00, real=0.00 secs] 
211.009: [GC (Allocation Failure) [PSYoungGen: 149376K->9632K(164352K)] 442493K->302773K(686592K), 0.0035301 secs] [Times: user=0.01 sys=0.00, real=0.00 secs] 
212.096: [GC (Allocation Failure) [PSYoungGen: 155552K->1408K(145408K)] 448693K->294549K(667648K), 0.0027556 secs] [Times: user=0.01 sys=0.00, real=0.00 secs] 
213.502: [GC (Allocation Failure) [PSYoungGen: 145280K->5536K(156672K)] 438421K->298693K(678912K), 0.0021685 secs] [Times: user=0.01 sys=0.00, real=0.00 secs] 
215.097: [GC (Allocation Failure) [PSYoungGen: 147360K->1360K(141312K)] 440517K->294517K(663552K), 0.0043440 secs] [Times: user=0.01 sys=0.00, real=0.00 secs] 
216.418: [GC (Allocation Failure) [PSYoungGen: 141136K->1405K(152064K)] 434293K->294562K(674304K), 0.0014963 secs] [Times: user=0.01 sys=0.00, real=0.00 secs] 
217.721: [GC (Allocation Failure) [PSYoungGen: 139133K->9632K(145408K)] 432290K->310981K(667648K), 0.0029785 secs] [Times: user=0.01 sys=0.00, real=0.00 secs] 
218.862: [GC (Allocation Failure) [PSYoungGen: 145312K->1344K(147968K)] 446661K->302693K(670208K), 0.0024711 secs] [Times: user=0.00 sys=0.00, real=0.00 secs] 
221.126: [GC (Allocation Failure) [PSYoungGen: 134976K->9664K(141312K)] 436325K->319205K(663552K), 0.0065888 secs] [Times: user=0.03 sys=0.00, real=0.00 secs] 
222.530: [GC (Allocation Failure) [PSYoungGen: 141248K->1376K(144896K)] 450789K->310917K(667136K), 0.0028863 secs] [Times: user=0.01 sys=0.00, real=0.00 secs] 
224.492: [GC (Allocation Failure) [PSYoungGen: 131424K->5536K(134144K)] 440965K->315085K(656384K), 0.0020602 secs] [Times: user=0.01 sys=0.00, real=0.00 secs] 
225.652: [GC (Allocation Failure) [PSYoungGen: 134048K->1376K(140288K)] 443597K->310925K(662528K), 0.0032775 secs] [Times: user=0.02 sys=0.00, real=0.00 secs] 
227.379: [GC (Allocation Failure) [PSYoungGen: 128352K->1376K(126976K)] 437901K->310933K(649216K), 0.0042186 secs] [Times: user=0.02 sys=0.00, real=0.00 secs] 
228.474: [GC (Allocation Failure) [PSYoungGen: 126816K->9648K(138752K)] 436373K->327397K(660992K), 0.0028845 secs] [Times: user=0.02 sys=0.00, real=0.01 secs] 
228.988: [GC (Allocation Failure) [PSYoungGen: 133552K->1376K(123904K)] 451301K->319133K(646144K), 0.0020151 secs] [Times: user=0.00 sys=0.00, real=0.00 secs] 
231.074: [GC (Allocation Failure) [PSYoungGen: 123744K->3488K(132608K)] 441501K->321245K(654848K), 0.0043719 secs] [Times: user=0.02 sys=0.00, real=0.01 secs] 
232.191: [GC (Allocation Failure) [PSYoungGen: 124320K->1376K(120832K)] 442077K->319141K(643072K), 0.0025117 secs] [Times: user=0.01 sys=0.00, real=0.00 secs] 
233.077: [GC (Allocation Failure) [PSYoungGen: 120672K->1408K(129024K)] 438437K->319173K(651264K), 0.0021348 secs] [Times: user=0.01 sys=0.00, real=0.00 secs] 
234.329: [GC (Allocation Failure) [PSYoungGen: 119168K->9632K(129536K)] 436933K->335589K(651776K), 0.0029565 secs] [Times: user=0.01 sys=0.00, real=0.00 secs] 
234.812: [GC (Allocation Failure) [PSYoungGen: 125856K->1376K(126976K)] 451813K->327333K(649216K), 0.0020381 secs] [Times: user=0.00 sys=0.00, real=0.00 secs] 
235.617: [GC (Allocation Failure) [PSYoungGen: 116064K->1373K(114688K)] 442021K->327330K(636928K), 0.0018571 secs] [Times: user=0.01 sys=0.00, real=0.00 secs] 
236.228: [GC (Allocation Failure) [PSYoungGen: 114525K->9632K(125440K)] 440482K->343789K(647680K), 0.0035088 secs] [Times: user=0.02 sys=0.00, real=0.00 secs] 
237.032: [GC (Allocation Failure) [PSYoungGen: 121248K->1344K(112128K)] 455405K->335501K(634368K), 0.0022145 secs] [Times: user=0.00 sys=0.00, real=0.00 secs] 
238.483: [GC (Allocation Failure) [PSYoungGen: 111936K->3504K(120832K)] 446093K->337677K(643072K), 0.0022647 secs] [Times: user=0.01 sys=0.00, real=0.00 secs] 
239.881: [GC (Allocation Failure) [PSYoungGen: 113072K->9600K(121856K)] 447245K->351965K(644096K), 0.0029574 secs] [Times: user=0.02 sys=0.00, real=0.00 secs] 
240.903: [GC (Allocation Failure) [PSYoungGen: 118144K->1376K(120320K)] 460509K->343749K(642560K), 0.0019943 secs] [Times: user=0.00 sys=0.00, real=0.00 secs] 
242.182: [GC (Allocation Failure) [PSYoungGen: 108896K->5568K(112128K)] 451269K->347949K(634368K), 0.0025952 secs] [Times: user=0.01 sys=0.00, real=0.00 secs] 
243.157: [GC (Allocation Failure) [PSYoungGen: 112064K->1344K(117248K)] 454445K->343725K(639488K), 0.0032576 secs] [Times: user=0.02 sys=0.00, real=0.00 secs] 
244.418: [GC (Allocation Failure) [PSYoungGen: 106816K->1408K(105984K)] 449197K->343821K(628224K), 0.0026444 secs] [Times: user=0.01 sys=0.00, real=0.00 secs] 
246.082: [GC (Allocation Failure) [PSYoungGen: 105856K->5568K(115200K)] 448269K->347981K(637440K), 0.0034530 secs] [Times: user=0.01 sys=0.00, real=0.00 secs] 
247.392: [GC (Allocation Failure) [PSYoungGen: 108992K->1376K(103936K)] 451405K->343805K(626176K), 0.0043321 secs] [Times: user=0.02 sys=0.00, real=0.01 secs] 
248.949: [GC (Allocation Failure) [PSYoungGen: 103776K->1376K(111616K)] 446205K->343805K(633856K), 0.0038381 secs] [Times: user=0.01 sys=0.01, real=0.00 secs] 
250.544: [GC (Allocation Failure) [PSYoungGen: 102752K->5552K(105984K)] 445181K->347989K(628224K), 0.0021442 secs] [Times: user=0.01 sys=0.00, real=0.01 secs] 
250.951: [GC (Allocation Failure) [PSYoungGen: 105904K->9600K(110592K)] 448341K->360229K(632832K), 0.0031182 secs] [Times: user=0.01 sys=0.01, real=0.00 secs] 
251.633: [GC (Allocation Failure) [PSYoungGen: 108416K->1376K(99328K)] 459045K->352005K(621568K), 0.0021609 secs] [Times: user=0.01 sys=0.00, real=0.00 secs] 
252.862: [GC (Allocation Failure) [PSYoungGen: 99168K->2464K(107520K)] 449797K->353093K(629760K), 0.0019234 secs] [Times: user=0.01 sys=0.00, real=0.00 secs] 
253.654: [GC (Allocation Failure) [PSYoungGen: 99232K->9600K(108032K)] 449861K->368429K(630272K), 0.0053705 secs] [Times: user=0.02 sys=0.00, real=0.01 secs] 
254.113: [GC (Allocation Failure) [PSYoungGen: 105344K->1392K(107008K)] 464173K->360221K(629248K), 0.0022886 secs] [Times: user=0.01 sys=0.00, real=0.00 secs] 
254.507: [GC (Allocation Failure) [PSYoungGen: 96112K->1424K(95232K)] 454941K->360261K(617472K), 0.0021667 secs] [Times: user=0.01 sys=0.00, real=0.00 secs] 
256.309: [GC (Allocation Failure) [PSYoungGen: 95120K->9664K(105472K)] 453957K->376693K(627712K), 0.0037717 secs] [Times: user=0.01 sys=0.00, real=0.00 secs] 
257.021: [GC (Allocation Failure) [PSYoungGen: 102336K->1376K(93184K)] 469365K->368413K(615424K), 0.0022184 secs] [Times: user=0.01 sys=0.01, real=0.00 secs] 
257.402: [GC (Allocation Failure) [PSYoungGen: 93024K->1408K(102400K)] 460061K->368453K(624640K), 0.0021513 secs] [Times: user=0.01 sys=0.00, real=0.00 secs] 
258.387: [GC (Allocation Failure) [PSYoungGen: 90745K->5520K(95232K)] 457791K->372565K(617472K), 0.0020715 secs] [Times: user=0.01 sys=0.00, real=0.00 secs] 
259.046: [GC (Allocation Failure) [PSYoungGen: 95120K->9632K(100864K)] 462165K->384869K(623104K), 0.0031830 secs] [Times: user=0.01 sys=0.00, real=0.00 secs] 
259.523: [GC (Allocation Failure) [PSYoungGen: 97696K->1344K(89088K)] 472933K->376589K(611328K), 0.0020760 secs] [Times: user=0.01 sys=0.00, real=0.00 secs] 
259.935: [GC (Allocation Failure) [PSYoungGen: 88896K->1392K(99328K)] 464141K->376637K(621568K), 0.0016448 secs] [Times: user=0.00 sys=0.00, real=0.01 secs] 
261.433: [GC (Allocation Failure) [PSYoungGen: 82635K->9680K(99840K)] 457880K->384933K(622080K), 0.0023512 secs] [Times: user=0.01 sys=0.00, real=0.01 secs] 
262.481: [GC (Allocation Failure) [PSYoungGen: 96208K->1344K(98816K)] 471461K->376613K(621056K), 0.0028880 secs] [Times: user=0.01 sys=0.00, real=0.00 secs] 
263.332: [GC (Allocation Failure) [PSYoungGen: 87360K->1344K(87040K)] 462629K->376613K(609280K), 0.0029197 secs] [Times: user=0.01 sys=0.00, real=0.00 secs] 
264.562: [GC (Allocation Failure) [PSYoungGen: 86848K->1920K(96256K)] 462117K->377189K(618496K), 0.0019967 secs] [Times: user=0.00 sys=0.00, real=0.00 secs] 
265.393: [GC (Allocation Failure) [PSYoungGen: 86912K->9600K(97280K)] 462181K->393061K(619520K), 0.0037306 secs] [Times: user=0.02 sys=0.00, real=0.01 secs] 
266.182: [GC (Allocation Failure) [PSYoungGen: 94080K->1344K(96768K)] 477541K->384805K(619008K), 0.0023051 secs] [Times: user=0.01 sys=0.00, real=0.00 secs] 
266.982: [GC (Allocation Failure) [PSYoungGen: 85312K->1376K(84992K)] 468773K->384837K(607232K), 0.0022202 secs] [Times: user=0.01 sys=0.00, real=0.00 secs] 
268.216: [GC (Allocation Failure) [PSYoungGen: 84832K->5568K(94720K)] 468293K->389029K(616960K), 0.0021832 secs] [Times: user=0.01 sys=0.00, real=0.01 secs] 
268.525: [GC (Allocation Failure) [PSYoungGen: 88512K->9568K(95232K)] 471973K->401229K(617472K), 0.0032346 secs] [Times: user=0.01 sys=0.00, real=0.01 secs] 
268.923: [GC (Allocation Failure) [PSYoungGen: 92000K->1360K(94720K)] 483661K->393021K(616960K), 0.0020291 secs] [Times: user=0.01 sys=0.00, real=0.00 secs] 
269.278: [GC (Allocation Failure) [PSYoungGen: 83280K->1408K(82944K)] 474941K->393069K(605184K), 0.0018545 secs] [Times: user=0.00 sys=0.00, real=0.00 secs] 
270.444: [GC (Allocation Failure) [PSYoungGen: 82816K->9600K(93696K)] 474477K->401261K(615936K), 0.0023525 secs] [Times: user=0.01 sys=0.00, real=0.01 secs] 
271.226: [GC (Allocation Failure) [PSYoungGen: 89984K->9600K(94208K)] 481645K->409453K(616448K), 0.0058519 secs] [Times: user=0.02 sys=0.00, real=0.00 secs] 
271.980: [GC (Allocation Failure) [PSYoungGen: 89472K->1328K(93184K)] 489325K->401181K(615424K), 0.0034314 secs] [Times: user=0.01 sys=0.01, real=0.00 secs] 
272.526: [GC (Allocation Failure) [PSYoungGen: 80688K->1408K(80384K)] 480541K->401261K(602624K), 0.0030187 secs] [Times: user=0.01 sys=0.01, real=0.00 secs] 
273.707: [GC (Allocation Failure) [PSYoungGen: 80256K->9664K(92160K)] 480109K->409533K(614400K), 0.0026343 secs] [Times: user=0.02 sys=0.00, real=0.00 secs] 
274.395: [GC (Allocation Failure) [PSYoungGen: 87488K->1392K(78848K)] 487357K->401261K(601088K), 0.0024808 secs] [Times: user=0.01 sys=0.00, real=0.01 secs] 
274.825: [GC (Allocation Failure) [PSYoungGen: 78704K->1408K(90624K)] 478573K->401277K(612864K), 0.0024884 secs] [Times: user=0.01 sys=0.00, real=0.01 secs] 
275.332: [GC (Allocation Failure) [PSYoungGen: 78208K->1440K(77824K)] 478077K->401317K(600064K), 0.0025855 secs] [Times: user=0.01 sys=0.00, real=0.00 secs] 
277.267: [GC (Allocation Failure) [PSYoungGen: 77728K->9632K(88576K)] 477605K->409509K(610816K), 0.0025518 secs] [Times: user=0.01 sys=0.00, real=0.00 secs] 
278.185: [GC (Allocation Failure) [PSYoungGen: 84384K->9600K(89600K)] 484261K->417669K(611840K), 0.0042457 secs] [Times: user=0.02 sys=0.00, real=0.01 secs] 
278.588: [GC (Allocation Failure) [PSYoungGen: 83840K->1376K(88064K)] 491909K->409445K(610304K), 0.0023188 secs] [Times: user=0.01 sys=0.00, real=0.00 secs] 
279.109: [GC (Allocation Failure) [PSYoungGen: 75104K->1392K(74752K)] 483173K->409461K(596992K), 0.0023832 secs] [Times: user=0.01 sys=0.00, real=0.00 secs] 
280.527: [GC (Allocation Failure) [PSYoungGen: 74608K->5504K(86016K)] 482677K->413581K(608256K), 0.0087285 secs] [Times: user=0.03 sys=0.00, real=0.01 secs] 
281.514: [GC (Allocation Failure) [PSYoungGen: 78208K->9600K(86528K)] 486285K->425869K(608768K), 0.0072678 secs] [Times: user=0.04 sys=0.00, real=0.01 secs] 
282.061: [GC (Allocation Failure) [PSYoungGen: 81792K->1408K(85504K)] 498061K->417677K(607744K), 0.0027631 secs] [Times: user=0.01 sys=0.00, real=0.00 secs] 
282.672: [GC (Allocation Failure) [PSYoungGen: 73088K->1376K(72704K)] 489357K->417661K(594944K), 0.0025307 secs] [Times: user=0.01 sys=0.00, real=0.00 secs] 
283.776: [GC (Allocation Failure) [PSYoungGen: 72544K->1440K(83456K)] 488829K->417725K(605696K), 0.0020713 secs] [Times: user=0.01 sys=0.00, real=0.01 secs] 
284.463: [GC (Allocation Failure) [PSYoungGen: 63954K->9568K(83968K)] 480239K->425853K(606208K), 0.0021202 secs] [Times: user=0.01 sys=0.00, real=0.00 secs] 
285.092: [GC (Allocation Failure) [PSYoungGen: 79712K->1408K(82944K)] 495997K->417693K(605184K), 0.0023675 secs] [Times: user=0.01 sys=0.00, real=0.00 secs] 
286.053: [GC (Allocation Failure) [PSYoungGen: 71040K->1376K(70656K)] 487325K->417669K(592896K), 0.0025855 secs] [Times: user=0.01 sys=0.00, real=0.01 secs] 
286.834: [GC (Allocation Failure) [PSYoungGen: 70496K->1376K(80896K)] 486789K->417669K(603136K), 0.0025527 secs] [Times: user=0.01 sys=0.00, real=0.01 secs] 
288.228: [GC (Allocation Failure) [PSYoungGen: 69984K->5504K(73728K)] 486277K->421797K(595968K), 0.0023610 secs] [Times: user=0.01 sys=0.00, real=0.00 secs] 
288.935: [GC (Allocation Failure) [PSYoungGen: 73600K->9632K(80384K)] 489893K->434117K(602624K), 0.0078517 secs] [Times: user=0.03 sys=0.00, real=0.01 secs] 
289.633: [GC (Allocation Failure) [PSYoungGen: 76704K->1376K(68096K)] 501189K->425861K(590336K), 0.0037490 secs] [Times: user=0.02 sys=0.00, real=0.01 secs] 
290.280: [GC (Allocation Failure) [PSYoungGen: 67936K->1408K(78336K)] 492421K->425893K(600576K), 0.0037846 secs] [Times: user=0.01 sys=0.00, real=0.00 secs] 
290.562: [GC (Allocation Failure) [PSYoungGen: 67456K->1408K(67072K)] 491941K->425893K(589312K), 0.0022788 secs] [Times: user=0.01 sys=0.00, real=0.00 secs] 
291.676: [GC (Allocation Failure) [PSYoungGen: 66944K->9632K(76800K)] 491429K->434117K(599040K), 0.0025132 secs] [Times: user=0.01 sys=0.00, real=0.00 secs] 
292.276: [GC (Allocation Failure) [PSYoungGen: 73632K->9600K(77824K)] 498117K->442293K(600064K), 0.0074229 secs] [Times: user=0.04 sys=0.00, real=0.00 secs] 
292.898: [GC (Allocation Failure) [PSYoungGen: 73088K->1376K(76800K)] 505781K->434069K(599040K), 0.0035903 secs] [Times: user=0.02 sys=0.00, real=0.00 secs] 
293.512: [GC (Allocation Failure) [PSYoungGen: 64352K->1328K(64000K)] 497045K->434021K(586240K), 0.0033128 secs] [Times: user=0.02 sys=0.00, real=0.00 secs] 
294.341: [GC (Allocation Failure) [PSYoungGen: 63792K->1328K(74752K)] 496485K->434021K(596992K), 0.0022374 secs] [Times: user=0.01 sys=0.00, real=0.00 secs] 
295.114: [GC (Allocation Failure) [PSYoungGen: 63280K->9664K(75264K)] 495973K->442357K(597504K), 0.0022147 secs] [Times: user=0.01 sys=0.00, real=0.01 secs] 
295.553: [GC (Allocation Failure) [PSYoungGen: 71104K->9632K(75264K)] 503797K->450517K(597504K), 0.0029842 secs] [Times: user=0.02 sys=0.00, real=0.01 secs] 
296.214: [GC (Allocation Failure) [PSYoungGen: 70048K->1376K(61952K)] 510933K->442261K(584192K), 0.0043264 secs] [Times: user=0.02 sys=0.00, real=0.01 secs] 
296.860: [GC (Allocation Failure) [PSYoungGen: 61792K->1376K(74752K)] 502677K->442261K(596992K), 0.0043548 secs] [Times: user=0.01 sys=0.00, real=0.00 secs] 
297.423: [GC (Allocation Failure) [PSYoungGen: 61792K->1344K(61952K)] 502677K->442229K(584192K), 0.0035461 secs] [Times: user=0.01 sys=0.00, real=0.01 secs] 
298.229: [GC (Allocation Failure) [PSYoungGen: 61760K->9632K(73728K)] 502645K->450517K(595968K), 0.0023074 secs] [Times: user=0.01 sys=0.00, real=0.00 secs] 
298.499: [GC (Allocation Failure) [PSYoungGen: 69024K->9568K(74752K)] 509909K->458645K(596992K), 0.0032185 secs] [Times: user=0.01 sys=0.00, real=0.00 secs] 
298.876: [GC (Allocation Failure) [PSYoungGen: 68960K->1440K(74752K)] 518037K->450525K(596992K), 0.0026104 secs] [Times: user=0.01 sys=0.00, real=0.00 secs] 
299.166: [GC (Allocation Failure) [PSYoungGen: 60832K->1376K(60928K)] 509917K->450485K(583168K), 0.0022862 secs] [Times: user=0.01 sys=0.00, real=0.00 secs] 
299.428: [GC (Allocation Failure) [PSYoungGen: 60768K->1344K(73728K)] 509877K->450453K(595968K), 0.0021977 secs] [Times: user=0.01 sys=0.00, real=0.00 secs] 
300.147: [GC (Allocation Failure) [PSYoungGen: 60736K->5536K(65024K)] 509845K->454645K(587264K), 0.0023226 secs] [Times: user=0.01 sys=0.00, real=0.00 secs] 
300.344: [GC (Allocation Failure) [PSYoungGen: 64928K->9632K(72704K)] 514037K->466933K(594944K), 0.0032121 secs] [Times: user=0.01 sys=0.00, real=0.01 secs] 
300.587: [GC (Allocation Failure) [PSYoungGen: 68000K->1376K(73728K)] 525301K->458677K(595968K), 0.0019003 secs] [Times: user=0.01 sys=0.00, real=0.00 secs] 
300.829: [GC (Allocation Failure) [PSYoungGen: 59744K->1360K(77312K)] 517045K->458661K(599552K), 0.0021526 secs] [Times: user=0.01 sys=0.00, real=0.00 secs] 
301.094: [GC (Allocation Failure) [PSYoungGen: 64848K->1344K(77824K)] 522149K->458645K(600064K), 0.0034203 secs] [Times: user=0.01 sys=0.00, real=0.01 secs] 
301.835: [GC (Allocation Failure) [PSYoungGen: 64832K->2432K(68096K)] 522133K->459733K(590336K), 0.0020959 secs] [Times: user=0.01 sys=0.00, real=0.01 secs] 
302.057: [GC (Allocation Failure) [PSYoungGen: 65408K->9600K(75776K)] 522709K->475093K(598016K), 0.0033326 secs] [Times: user=0.01 sys=0.00, real=0.00 secs] 
302.320: [GC (Allocation Failure) [PSYoungGen: 72576K->1376K(82432K)] 538069K->466869K(604672K), 0.0022577 secs] [Times: user=0.01 sys=0.00, real=0.00 secs] 
302.608: [GC (Allocation Failure) [PSYoungGen: 70496K->1376K(82944K)] 535989K->466869K(605184K), 0.0020467 secs] [Times: user=0.01 sys=0.00, real=0.00 secs] 
302.895: [GC (Allocation Failure) [PSYoungGen: 70496K->1440K(87552K)] 535989K->466933K(609792K), 0.0022214 secs] [Times: user=0.01 sys=0.00, real=0.01 secs] 
303.622: [GC (Allocation Failure) [PSYoungGen: 76704K->9664K(87552K)] 542197K->475165K(609792K), 0.0021946 secs] [Times: user=0.01 sys=0.00, real=0.00 secs] 
303.898: [GC (Allocation Failure) [PSYoungGen: 84416K->9632K(88064K)] 549917K->483325K(610304K), 0.0032833 secs] [Times: user=0.02 sys=0.00, real=0.00 secs] 
304.205: [GC (Allocation Failure) [PSYoungGen: 83360K->1392K(74752K)] 557053K->475085K(596992K), 0.0019924 secs] [Times: user=0.01 sys=0.00, real=0.01 secs] 
304.508: [GC (Allocation Failure) [PSYoungGen: 74608K->1376K(86016K)] 548301K->475069K(608256K), 0.0019321 secs] [Times: user=0.00 sys=0.00, real=0.00 secs] 
305.261: [GC (Allocation Failure) [PSYoungGen: 74080K->5536K(77824K)] 547773K->479229K(600064K), 0.0020962 secs] [Times: user=0.01 sys=0.00, real=0.00 secs] 
305.510: [GC (Allocation Failure) [PSYoungGen: 77728K->9600K(84992K)] 551421K->491501K(607232K), 0.0031013 secs] [Times: user=0.01 sys=0.00, real=0.00 secs] 
305.807: [GC (Allocation Failure) [PSYoungGen: 80768K->1344K(72192K)] 562669K->483245K(594432K), 0.0028937 secs] [Times: user=0.01 sys=0.00, real=0.00 secs] 
306.102: [GC (Allocation Failure) [PSYoungGen: 72000K->1392K(82944K)] 553901K->483293K(605184K), 0.0020911 secs] [Times: user=0.01 sys=0.00, real=0.00 secs] 
306.610: [GC (Allocation Failure) [PSYoungGen: 71536K->1341K(71168K)] 553437K->483242K(593408K), 0.0017995 secs] [Times: user=0.00 sys=0.00, real=0.00 secs] 
307.294: [GC (Allocation Failure) [PSYoungGen: 70973K->9664K(81408K)] 552874K->491565K(603648K), 0.0022441 secs] [Times: user=0.01 sys=0.00, real=0.01 secs] 
307.843: [GC (Allocation Failure) [PSYoungGen: 77760K->1344K(69120K)] 559661K->483253K(591360K), 0.0022002 secs] [Times: user=0.01 sys=0.00, real=0.00 secs] 
308.427: [GC (Allocation Failure) [PSYoungGen: 68928K->1408K(79872K)] 550837K->483317K(602112K), 0.0021234 secs] [Times: user=0.01 sys=0.00, real=0.00 secs] 
309.056: [GC (Allocation Failure) [PSYoungGen: 68480K->1376K(68096K)] 550389K->483285K(590336K), 0.0026233 secs] [Times: user=0.01 sys=0.00, real=0.00 secs] 
310.348: [GC (Allocation Failure) [PSYoungGen: 67936K->2432K(76800K)] 549845K->484349K(599040K), 0.0029762 secs] [Times: user=0.01 sys=0.00, real=0.00 secs] 
311.626: [GC (Allocation Failure) [PSYoungGen: 68480K->9632K(77824K)] 550397K->499741K(600064K), 0.0083773 secs] [Times: user=0.04 sys=0.00, real=0.00 secs] 
312.532: [GC (Allocation Failure) [PSYoungGen: 75168K->1376K(77312K)] 565277K->491485K(599552K), 0.0039378 secs] [Times: user=0.02 sys=0.00, real=0.01 secs] 
313.200: [GC (Allocation Failure) [PSYoungGen: 66400K->1392K(66048K)] 556509K->491501K(588288K), 0.0047740 secs] [Times: user=0.02 sys=0.00, real=0.00 secs] 
313.876: [GC (Allocation Failure) [PSYoungGen: 65904K->1376K(75264K)] 556013K->491485K(597504K), 0.0038587 secs] [Times: user=0.01 sys=0.00, real=0.00 secs] 
315.037: [GC (Allocation Failure) [PSYoungGen: 65376K->5504K(69120K)] 555485K->495621K(591360K), 0.0034620 secs] [Times: user=0.02 sys=0.00, real=0.00 secs] 
315.550: [GC (Allocation Failure) [PSYoungGen: 68992K->9632K(74240K)] 559109K->507941K(596480K), 0.0061964 secs] [Times: user=0.03 sys=0.00, real=0.01 secs] 
316.184: [GC (Allocation Failure) [PSYoungGen: 71584K->1408K(62976K)] 569893K->499717K(585216K), 0.0045383 secs] [Times: user=0.02 sys=0.00, real=0.01 secs] 
316.756: [GC (Allocation Failure) [PSYoungGen: 62848K->1408K(72704K)] 561157K->499717K(594944K), 0.0040154 secs] [Times: user=0.02 sys=0.00, real=0.00 secs] 
317.261: [GC (Allocation Failure) [PSYoungGen: 62336K->1360K(61952K)] 560645K->499669K(584192K), 0.0032306 secs] [Times: user=0.01 sys=0.00, real=0.00 secs] 
318.056: [GC (Allocation Failure) [PSYoungGen: 61776K->5520K(72704K)] 560085K->503829K(594944K), 0.0022521 secs] [Times: user=0.01 sys=0.00, real=0.00 secs] 
318.256: [GC (Allocation Failure) [PSYoungGen: 65936K->9632K(72704K)] 564245K->516133K(594944K), 0.0031845 secs] [Times: user=0.02 sys=0.00, real=0.00 secs] 
318.508: [GC (Allocation Failure) [PSYoungGen: 70048K->1408K(73728K)] 576549K->507909K(595968K), 0.0020679 secs] [Times: user=0.01 sys=0.00, real=0.00 secs] 
318.759: [GC (Allocation Failure) [PSYoungGen: 61824K->1344K(61952K)] 568325K->507845K(584192K), 0.0020663 secs] [Times: user=0.01 sys=0.00, real=0.00 secs] 
319.010: [GC (Allocation Failure) [PSYoungGen: 61760K->1408K(73728K)] 568261K->507909K(595968K), 0.0024342 secs] [Times: user=0.00 sys=0.00, real=0.00 secs] 
320.190: [GC (Allocation Failure) [PSYoungGen: 62336K->2464K(62976K)] 568837K->508981K(585216K), 0.0034288 secs] [Times: user=0.01 sys=0.00, real=0.00 secs] 
320.876: [GC (Allocation Failure) [PSYoungGen: 62880K->9632K(70144K)] 569397K->524341K(592384K), 0.0052848 secs] [Times: user=0.02 sys=0.00, real=0.00 secs] 
320.881: [Full GC (Ergonomics) [PSYoungGen: 9632K->0K(70144K)] [ParOldGen: 514709K->53758K(464384K)] 524341K->53758K(534528K), [Metaspace: 54807K->54799K(1099776K)], 0.0520362 secs] [Times: user=0.13 sys=0.00, real=0.05 secs] 
321.076: [GC (Allocation Failure) [PSYoungGen: 58880K->128K(71680K)] 112638K->86654K(536064K), 0.0061293 secs] [Times: user=0.03 sys=0.00, real=0.01 secs] 
321.254: [GC (Allocation Failure) [PSYoungGen: 59008K->96K(78848K)] 145534K->119390K(543232K), 0.0031672 secs] [Times: user=0.02 sys=0.00, real=0.01 secs] 
321.395: [GC (Allocation Failure) [PSYoungGen: 66656K->64K(78848K)] 185950K->152126K(543232K), 0.0046528 secs] [Times: user=0.03 sys=0.00, real=0.01 secs] 
321.653: [GC (Allocation Failure) [PSYoungGen: 66624K->160K(87040K)] 218686K->184990K(551424K), 0.0052952 secs] [Times: user=0.02 sys=0.00, real=0.01 secs] 
321.962: [GC (Allocation Failure) [PSYoungGen: 75936K->96K(87552K)] 260766K->250462K(551936K), 0.0052027 secs] [Times: user=0.02 sys=0.00, real=0.01 secs] 
322.329: [GC (Allocation Failure) [PSYoungGen: 75872K->64K(96768K)] 326238K->283198K(561152K), 0.0060584 secs] [Times: user=0.03 sys=0.00, real=0.00 secs] 
323.540: [GC (Allocation Failure) [PSYoungGen: 86592K->1437K(97280K)] 369726K->284571K(561664K), 0.0019618 secs] [Times: user=0.01 sys=0.00, real=0.00 secs] 
324.435: [GC (Allocation Failure) [PSYoungGen: 87965K->1424K(103424K)] 371099K->284558K(567808K), 0.0019243 secs] [Times: user=0.01 sys=0.00, real=0.01 secs] 
325.464: [GC (Allocation Failure) [PSYoungGen: 97680K->1360K(105472K)] 380814K->284502K(569856K), 0.0020759 secs] [Times: user=0.01 sys=0.00, real=0.01 secs] 
327.000: [GC (Allocation Failure) [PSYoungGen: 97616K->5568K(113664K)] 380758K->292806K(578048K), 0.0025481 secs] [Times: user=0.01 sys=0.00, real=0.00 secs] 
327.888: [GC (Allocation Failure) [PSYoungGen: 110528K->1453K(114688K)] 397766K->288691K(579072K), 0.0023851 secs] [Times: user=0.01 sys=0.00, real=0.00 secs] 
328.884: [GC (Allocation Failure) [PSYoungGen: 106413K->1424K(120832K)] 393651K->288662K(585216K), 0.0029224 secs] [Times: user=0.02 sys=0.00, real=0.01 secs] 
330.324: [GC (Allocation Failure) [PSYoungGen: 114576K->5533K(121856K)] 401814K->296867K(586240K), 0.0036838 secs] [Times: user=0.02 sys=0.01, real=0.01 secs] 
331.689: [GC (Allocation Failure) [PSYoungGen: 118685K->1376K(128512K)] 410019K->292710K(592896K), 0.0054560 secs] [Times: user=0.02 sys=0.01, real=0.00 secs] 
333.226: [GC (Allocation Failure) [PSYoungGen: 122208K->1434K(129536K)] 413542K->292769K(593920K), 0.0014401 secs] [Times: user=0.00 sys=0.00, real=0.01 secs] 
334.950: [GC (Allocation Failure) [PSYoungGen: 122266K->1469K(134144K)] 413601K->292803K(598528K), 0.0046059 secs] [Times: user=0.02 sys=0.00, real=0.00 secs] 
336.588: [GC (Allocation Failure) [PSYoungGen: 128957K->1405K(135168K)] 420291K->292739K(599552K), 0.0027632 secs] [Times: user=0.01 sys=0.00, real=0.00 secs] 
338.183: [GC (Allocation Failure) [PSYoungGen: 128893K->5568K(140288K)] 420227K->300998K(604672K), 0.0024329 secs] [Times: user=0.01 sys=0.00, real=0.00 secs] 
339.082: [GC (Allocation Failure) [PSYoungGen: 138688K->1424K(141312K)] 434118K->296854K(605696K), 0.0020123 secs] [Times: user=0.01 sys=0.00, real=0.00 secs] 
340.137: [GC (Allocation Failure) [PSYoungGen: 134544K->5629K(145920K)] 429974K->301067K(610304K), 0.0020413 secs] [Times: user=0.01 sys=0.01, real=0.00 secs] 
341.232: [GC (Allocation Failure) [PSYoungGen: 143869K->1437K(146944K)] 439307K->296875K(611328K), 0.0017136 secs] [Times: user=0.00 sys=0.00, real=0.00 secs] 
342.792: [GC (Allocation Failure) [PSYoungGen: 139677K->1405K(150016K)] 435115K->296889K(614400K), 0.0014739 secs] [Times: user=0.01 sys=0.00, real=0.00 secs] 
343.507: [GC (Allocation Failure) [PSYoungGen: 144765K->1408K(151040K)] 440249K->296891K(615424K), 0.0018812 secs] [Times: user=0.00 sys=0.00, real=0.00 secs] 
344.102: [GC (Allocation Failure) [PSYoungGen: 144768K->1376K(156672K)] 440251K->296859K(621056K), 0.0017522 secs] [Times: user=0.01 sys=0.00, real=0.00 secs] 
345.174: [GC (Allocation Failure) [PSYoungGen: 150880K->1440K(156672K)] 446363K->296923K(621056K), 0.0018513 secs] [Times: user=0.01 sys=0.00, real=0.01 secs] 
345.795: [GC (Allocation Failure) [PSYoungGen: 150944K->1376K(162304K)] 446427K->296859K(626688K), 0.0019240 secs] [Times: user=0.01 sys=0.00, real=0.01 secs] 
346.963: [GC (Allocation Failure) [PSYoungGen: 157024K->1376K(162304K)] 452507K->296867K(626688K), 0.0015767 secs] [Times: user=0.00 sys=0.00, real=0.00 secs] 
347.843: [GC (Allocation Failure) [PSYoungGen: 157024K->1437K(167936K)] 452515K->296937K(632320K), 0.0016218 secs] [Times: user=0.01 sys=0.00, real=0.00 secs] 
348.932: [GC (Allocation Failure) [PSYoungGen: 163229K->1408K(167936K)] 458729K->296907K(632320K), 0.0016405 secs] [Times: user=0.01 sys=0.00, real=0.00 secs] 
350.086: [GC (Allocation Failure) [PSYoungGen: 163200K->2464K(172544K)] 458699K->297963K(636928K), 0.0018600 secs] [Times: user=0.00 sys=0.00, real=0.00 secs] 
350.775: [GC (Allocation Failure) [PSYoungGen: 169888K->1408K(173056K)] 465387K->296915K(637440K), 0.0016240 secs] [Times: user=0.01 sys=0.00, real=0.01 secs] 
352.800: [GC (Allocation Failure) [PSYoungGen: 168832K->1408K(178688K)] 464339K->296915K(643072K), 0.0040033 secs] [Times: user=0.02 sys=0.00, real=0.00 secs] 
354.976: [GC (Allocation Failure) [PSYoungGen: 174976K->1408K(178688K)] 470483K->296923K(643072K), 0.0037606 secs] [Times: user=0.02 sys=0.00, real=0.00 secs] 
357.350: [GC (Allocation Failure) [PSYoungGen: 174976K->1456K(183296K)] 470491K->296979K(647680K), 0.0020738 secs] [Times: user=0.01 sys=0.00, real=0.00 secs] 
358.200: [GC (Allocation Failure) [PSYoungGen: 180656K->1408K(183808K)] 476179K->296939K(648192K), 0.0018843 secs] [Times: user=0.00 sys=0.00, real=0.00 secs] 
360.364: [GC (Allocation Failure) [PSYoungGen: 180608K->1440K(187904K)] 476139K->296971K(652288K), 0.0027719 secs] [Times: user=0.01 sys=0.01, real=0.01 secs] 
362.639: [GC (Allocation Failure) [PSYoungGen: 186272K->1440K(188928K)] 481803K->296979K(653312K), 0.0018104 secs] [Times: user=0.01 sys=0.00, real=0.00 secs] 
363.407: [GC (Allocation Failure) [PSYoungGen: 186272K->1392K(194048K)] 481811K->296931K(658432K), 0.0019932 secs] [Times: user=0.00 sys=0.00, real=0.00 secs] 
365.487: [GC (Allocation Failure) [PSYoungGen: 191344K->1360K(194048K)] 486883K->296907K(658432K), 0.0027670 secs] [Times: user=0.01 sys=0.00, real=0.00 secs] 
367.626: [GC (Allocation Failure) [PSYoungGen: 191312K->1389K(198656K)] 486859K->296937K(663040K), 0.0014654 secs] [Times: user=0.01 sys=0.00, real=0.00 secs] 
368.480: [GC (Allocation Failure) [PSYoungGen: 196973K->1408K(199168K)] 492521K->296955K(663552K), 0.0017921 secs] [Times: user=0.01 sys=0.00, real=0.00 secs] 
370.145: [GC (Allocation Failure) [PSYoungGen: 196992K->1408K(204288K)] 492539K->296963K(668672K), 0.0023826 secs] [Times: user=0.01 sys=0.00, real=0.01 secs] 
372.689: [GC (Allocation Failure) [PSYoungGen: 203136K->1408K(200192K)] 498691K->296963K(664576K), 0.0017049 secs] [Times: user=0.00 sys=0.00, real=0.00 secs] 
377.206: [GC (Allocation Failure) [PSYoungGen: 200064K->1424K(197120K)] 495619K->296987K(661504K), 0.0030783 secs] [Times: user=0.01 sys=0.00, real=0.00 secs] 
379.444: [GC (Allocation Failure) [PSYoungGen: 197008K->1360K(194048K)] 492571K->296931K(658432K), 0.0042468 secs] [Times: user=0.01 sys=0.00, real=0.01 secs] 
382.677: [GC (Allocation Failure) [PSYoungGen: 193872K->1408K(190976K)] 489443K->296979K(655360K), 0.0028809 secs] [Times: user=0.01 sys=0.00, real=0.00 secs] 
384.437: [GC (Allocation Failure) [PSYoungGen: 190848K->1408K(188416K)] 486419K->296979K(652800K), 0.0022912 secs] [Times: user=0.01 sys=0.00, real=0.00 secs] 
386.156: [GC (Allocation Failure) [PSYoungGen: 188288K->1424K(185856K)] 483859K->296995K(650240K), 0.0022834 secs] [Times: user=0.01 sys=0.00, real=0.00 secs] 
388.475: [GC (Allocation Failure) [PSYoungGen: 185744K->2432K(184320K)] 481315K->301075K(648704K), 0.0019570 secs] [Times: user=0.01 sys=0.00, real=0.01 secs] 
389.349: [GC (Allocation Failure) [PSYoungGen: 184192K->352K(187392K)] 482835K->298995K(651776K), 0.0021440 secs] [Times: user=0.00 sys=0.00, real=0.00 secs] 
391.570: [GC (Allocation Failure) [PSYoungGen: 187232K->1408K(187392K)] 485875K->300051K(651776K), 0.0025012 secs] [Times: user=0.00 sys=0.00, real=0.00 secs] 
393.236: [GC (Allocation Failure) [PSYoungGen: 185728K->1344K(190976K)] 484371K->300003K(655360K), 0.0028467 secs] [Times: user=0.01 sys=0.00, real=0.00 secs] 
395.692: [GC (Allocation Failure) [PSYoungGen: 190784K->1408K(188416K)] 489443K->300075K(652800K), 0.0023710 secs] [Times: user=0.01 sys=0.00, real=0.00 secs] 
398.041: [GC (Allocation Failure) [PSYoungGen: 188288K->1392K(185856K)] 486955K->300075K(650240K), 0.0017594 secs] [Times: user=0.01 sys=0.00, real=0.00 secs] 
398.806: [GC (Allocation Failure) [PSYoungGen: 185712K->1408K(192000K)] 484395K->300099K(656384K), 0.0016557 secs] [Times: user=0.01 sys=0.00, real=0.00 secs] 
400.369: [GC (Allocation Failure) [PSYoungGen: 190848K->1440K(188416K)] 489539K->300147K(652800K), 0.0017509 secs] [Times: user=0.00 sys=0.00, real=0.00 secs] 
402.084: [GC (Allocation Failure) [PSYoungGen: 188320K->2480K(186880K)] 487027K->301195K(651264K), 0.0025500 secs] [Times: user=0.01 sys=0.00, real=0.01 secs] 
405.092: [GC (Allocation Failure) [PSYoungGen: 186800K->1392K(183296K)] 485515K->300107K(647680K), 0.0028483 secs] [Times: user=0.01 sys=0.00, real=0.00 secs] 
408.151: [GC (Allocation Failure) [PSYoungGen: 183152K->1424K(180736K)] 481867K->300147K(645120K), 0.0040305 secs] [Times: user=0.01 sys=0.00, real=0.00 secs] 
410.605: [GC (Allocation Failure) [PSYoungGen: 180624K->1344K(178176K)] 479347K->300075K(642560K), 0.0029369 secs] [Times: user=0.01 sys=0.01, real=0.01 secs] 
413.065: [GC (Allocation Failure) [PSYoungGen: 177984K->1456K(175616K)] 476715K->300187K(640000K), 0.0025832 secs] [Times: user=0.01 sys=0.00, real=0.01 secs] 
415.524: [GC (Allocation Failure) [PSYoungGen: 175536K->1664K(173568K)] 474267K->300403K(637952K), 0.0019305 secs] [Times: user=0.01 sys=0.00, real=0.01 secs] 
417.729: [GC (Allocation Failure) [PSYoungGen: 173184K->1408K(170496K)] 471923K->300155K(634880K), 0.0046766 secs] [Times: user=0.02 sys=0.00, real=0.00 secs] 
420.040: [GC (Allocation Failure) [PSYoungGen: 170368K->1440K(168448K)] 469115K->300187K(632832K), 0.0019362 secs] [Times: user=0.01 sys=0.00, real=0.00 secs] 
421.729: [GC (Allocation Failure) [PSYoungGen: 168352K->1456K(173568K)] 467099K->300203K(637952K), 0.0042342 secs] [Times: user=0.01 sys=0.00, real=0.00 secs] 
424.058: [GC (Allocation Failure) [PSYoungGen: 173488K->1408K(171008K)] 472235K->300155K(635392K), 0.0019827 secs] [Times: user=0.00 sys=0.00, real=0.00 secs] 
424.923: [GC (Allocation Failure) [PSYoungGen: 170880K->1392K(176640K)] 469627K->300139K(641024K), 0.0023507 secs] [Times: user=0.01 sys=0.00, real=0.00 secs] 
429.180: [GC (Allocation Failure) [PSYoungGen: 176496K->1440K(174080K)] 475243K->300203K(638464K), 0.0023601 secs] [Times: user=0.01 sys=0.00, real=0.00 secs] 
430.179: [GC (Allocation Failure) [PSYoungGen: 173984K->1456K(179200K)] 472747K->300219K(643584K), 0.0016760 secs] [Times: user=0.01 sys=0.00, real=0.00 secs] 
432.905: [GC (Allocation Failure) [PSYoungGen: 179120K->1408K(176640K)] 477883K->300171K(641024K), 0.0025875 secs] [Times: user=0.01 sys=0.00, real=0.01 secs] 
434.914: [GC (Allocation Failure) [PSYoungGen: 176512K->1472K(174080K)] 475275K->300259K(638464K), 0.0020109 secs] [Times: user=0.01 sys=0.00, real=0.01 secs] 
436.543: [GC (Allocation Failure) [PSYoungGen: 174016K->1440K(171520K)] 472803K->300227K(635904K), 0.0021900 secs] [Times: user=0.00 sys=0.00, real=0.00 secs] 
438.205: [GC (Allocation Failure) [PSYoungGen: 171424K->1440K(169472K)] 470211K->300227K(633856K), 0.0020042 secs] [Times: user=0.01 sys=0.00, real=0.01 secs] 
439.358: [GC (Allocation Failure) [PSYoungGen: 169376K->1376K(167424K)] 468163K->300179K(631808K), 0.0018782 secs] [Times: user=0.00 sys=0.00, real=0.00 secs] 
441.709: [GC (Allocation Failure) [PSYoungGen: 167264K->1408K(165376K)] 466067K->300227K(629760K), 0.0027005 secs] [Times: user=0.01 sys=0.00, real=0.00 secs] 
444.134: [GC (Allocation Failure) [PSYoungGen: 165248K->1472K(169984K)] 464067K->300291K(634368K), 0.0041706 secs] [Times: user=0.01 sys=0.00, real=0.01 secs] 
445.721: [GC (Allocation Failure) [PSYoungGen: 169920K->1440K(167936K)] 468739K->300275K(632320K), 0.0019286 secs] [Times: user=0.00 sys=0.00, real=0.00 secs] 
447.405: [GC (Allocation Failure) [PSYoungGen: 167840K->1408K(165888K)] 466675K->301267K(630272K), 0.0018555 secs] [Times: user=0.01 sys=0.00, real=0.01 secs] 
448.499: [GC (Allocation Failure) [PSYoungGen: 165760K->384K(169984K)] 465619K->300243K(634368K), 0.0030710 secs] [Times: user=0.01 sys=0.00, real=0.00 secs] 
450.549: [GC (Allocation Failure) [PSYoungGen: 169856K->1408K(175616K)] 469715K->301267K(640000K), 0.0026667 secs] [Times: user=0.01 sys=0.00, real=0.00 secs] 
452.810: [GC (Allocation Failure) [PSYoungGen: 174976K->1408K(175616K)] 474835K->301267K(640000K), 0.0024655 secs] [Times: user=0.01 sys=0.00, real=0.00 secs] 
454.041: [GC (Allocation Failure) [PSYoungGen: 174976K->1440K(180736K)] 474835K->301299K(645120K), 0.0015561 secs] [Times: user=0.01 sys=0.00, real=0.00 secs] 
454.847: [GC (Allocation Failure) [PSYoungGen: 180128K->1408K(180736K)] 479987K->301275K(645120K), 0.0020627 secs] [Times: user=0.00 sys=0.00, real=0.00 secs] 
456.804: [GC (Allocation Failure) [PSYoungGen: 180096K->1408K(186368K)] 479963K->301275K(650752K), 0.0025439 secs] [Times: user=0.01 sys=0.00, real=0.01 secs] 
458.926: [GC (Allocation Failure) [PSYoungGen: 185728K->1376K(186368K)] 485595K->301243K(650752K), 0.0037174 secs] [Times: user=0.01 sys=0.00, real=0.01 secs] 
461.997: [GC (Allocation Failure) [PSYoungGen: 185696K->1408K(192000K)] 485563K->301283K(656384K), 0.0031388 secs] [Times: user=0.01 sys=0.01, real=0.00 secs] 
464.870: [GC (Allocation Failure) [PSYoungGen: 191360K->1376K(188416K)] 491235K->301251K(652800K), 0.0022614 secs] [Times: user=0.01 sys=0.00, real=0.00 secs] 
468.405: [GC (Allocation Failure) [PSYoungGen: 188256K->365K(184832K)] 488131K->301265K(649216K), 0.0014932 secs] [Times: user=0.01 sys=0.00, real=0.01 secs] 
471.172: [GC (Allocation Failure) [PSYoungGen: 184685K->1408K(183808K)] 485585K->302307K(648192K), 0.0030456 secs] [Times: user=0.02 sys=0.00, real=0.00 secs] 
475.785: [GC (Allocation Failure) [PSYoungGen: 183168K->1440K(180736K)] 484067K->302347K(645120K), 0.0041244 secs] [Times: user=0.01 sys=0.00, real=0.01 secs] 
478.180: [GC (Allocation Failure) [PSYoungGen: 180640K->1440K(178176K)] 481547K->302347K(642560K), 0.0030689 secs] [Times: user=0.01 sys=0.00, real=0.00 secs] 
481.085: [GC (Allocation Failure) [PSYoungGen: 178080K->1360K(175616K)] 478987K->302267K(640000K), 0.0022185 secs] [Times: user=0.01 sys=0.00, real=0.01 secs] 
482.677: [GC (Allocation Failure) [PSYoungGen: 175328K->304K(172032K)] 476236K->301211K(636416K), 0.0029638 secs] [Times: user=0.01 sys=0.00, real=0.00 secs] 
484.676: [GC (Allocation Failure) [PSYoungGen: 171824K->1376K(170496K)] 472731K->302283K(634880K), 0.0019255 secs] [Times: user=0.00 sys=0.01, real=0.00 secs] 
486.048: [GC (Allocation Failure) [PSYoungGen: 170336K->1440K(168448K)] 471243K->304395K(632832K), 0.0019387 secs] [Times: user=0.01 sys=0.00, real=0.00 secs] 
487.428: [GC (Allocation Failure) [PSYoungGen: 168352K->1392K(166400K)] 471307K->304347K(630784K), 0.0024895 secs] [Times: user=0.01 sys=0.00, real=0.00 secs] 
489.553: [GC (Allocation Failure) [PSYoungGen: 166256K->1376K(164352K)] 469211K->304331K(628736K), 0.0027493 secs] [Times: user=0.01 sys=0.00, real=0.01 secs] 
491.711: [GC (Allocation Failure) [PSYoungGen: 164192K->1408K(168960K)] 467147K->304363K(633344K), 0.0036471 secs] [Times: user=0.01 sys=0.00, real=0.00 secs] 
493.631: [GC (Allocation Failure) [PSYoungGen: 168832K->1408K(166912K)] 471787K->304363K(631296K), 0.0019654 secs] [Times: user=0.01 sys=0.00, real=0.00 secs] 
495.745: [GC (Allocation Failure) [PSYoungGen: 166784K->1376K(164864K)] 469739K->304331K(629248K), 0.0027909 secs] [Times: user=0.02 sys=0.00, real=0.01 secs] 
498.027: [GC (Allocation Failure) [PSYoungGen: 164704K->1440K(162816K)] 467659K->304395K(627200K), 0.0030591 secs] [Times: user=0.01 sys=0.00, real=0.00 secs] 
499.360: [GC (Allocation Failure) [PSYoungGen: 162720K->1376K(167424K)] 465675K->304339K(631808K), 0.0023777 secs] [Times: user=0.01 sys=0.00, real=0.00 secs] 
502.113: [GC (Allocation Failure) [PSYoungGen: 167264K->1392K(172032K)] 470227K->304355K(636416K), 0.0036895 secs] [Times: user=0.01 sys=0.00, real=0.01 secs] 
504.485: [GC (Allocation Failure) [PSYoungGen: 171888K->1360K(169472K)] 474851K->305348K(633856K), 0.0018544 secs] [Times: user=0.01 sys=0.00, real=0.01 secs] 
506.365: [GC (Allocation Failure) [PSYoungGen: 169296K->368K(166400K)] 473284K->304371K(630784K), 0.0021944 secs] [Times: user=0.01 sys=0.00, real=0.01 secs] 
508.375: [GC (Allocation Failure) [PSYoungGen: 166256K->1408K(165376K)] 470259K->305419K(629760K), 0.0019258 secs] [Times: user=0.01 sys=0.00, real=0.01 secs] 
509.074: [GC (Allocation Failure) [PSYoungGen: 165248K->1408K(169984K)] 469259K->305427K(634368K), 0.0018380 secs] [Times: user=0.00 sys=0.00, real=0.01 secs] 
511.192: [GC (Allocation Failure) [PSYoungGen: 169856K->1408K(175104K)] 473875K->305427K(639488K), 0.0042425 secs] [Times: user=0.02 sys=0.00, real=0.01 secs] 
512.660: [GC (Allocation Failure) [PSYoungGen: 174976K->1376K(179200K)] 478995K->305395K(643584K), 0.0025621 secs] [Times: user=0.01 sys=0.00, real=0.00 secs] 
515.108: [GC (Allocation Failure) [PSYoungGen: 178528K->1408K(181248K)] 482547K->305427K(645632K), 0.0025863 secs] [Times: user=0.01 sys=0.00, real=0.00 secs] 
516.975: [GC (Allocation Failure) [PSYoungGen: 180608K->1408K(181248K)] 484627K->306460K(645632K), 0.0021192 secs] [Times: user=0.00 sys=0.00, real=0.01 secs] 
518.889: [GC (Allocation Failure) [PSYoungGen: 180608K->384K(177152K)] 485660K->305443K(641536K), 0.0018657 secs] [Times: user=0.01 sys=0.00, real=0.00 secs] 
520.802: [GC (Allocation Failure) [PSYoungGen: 177024K->1408K(176128K)] 482083K->306476K(640512K), 0.0016019 secs] [Times: user=0.01 sys=0.00, real=0.00 secs] 
521.806: [GC (Allocation Failure) [PSYoungGen: 175488K->1360K(180224K)] 480556K->306436K(644608K), 0.0020154 secs] [Times: user=0.01 sys=0.00, real=0.00 secs] 
525.268: [GC (Allocation Failure) [PSYoungGen: 180048K->1392K(177664K)] 485124K->306476K(642048K), 0.0033975 secs] [Times: user=0.02 sys=0.00, real=0.00 secs] 
527.709: [GC (Allocation Failure) [PSYoungGen: 177520K->1312K(175104K)] 482604K->306396K(639488K), 0.0016088 secs] [Times: user=0.01 sys=0.00, real=0.00 secs] 
529.730: [GC (Allocation Failure) [PSYoungGen: 174880K->1440K(172544K)] 479964K->306524K(636928K), 0.0026424 secs] [Times: user=0.01 sys=0.00, real=0.00 secs] 
531.601: [GC (Allocation Failure) [PSYoungGen: 172448K->1440K(169984K)] 477532K->306524K(634368K), 0.0015705 secs] [Times: user=0.00 sys=0.00, real=0.00 secs] 
532.880: [GC (Allocation Failure) [PSYoungGen: 169888K->1472K(175616K)] 474972K->306556K(640000K), 0.0046434 secs] [Times: user=0.02 sys=0.00, real=0.00 secs] 
534.751: [GC (Allocation Failure) [PSYoungGen: 175552K->1408K(180736K)] 480636K->306492K(645120K), 0.0018714 secs] [Times: user=0.01 sys=0.00, real=0.00 secs] 
536.225: [GC (Allocation Failure) [PSYoungGen: 180608K->1408K(181248K)] 485692K->306500K(645632K), 0.0036345 secs] [Times: user=0.01 sys=0.00, real=0.01 secs] 
539.550: [GC (Allocation Failure) [PSYoungGen: 180608K->1440K(185856K)] 485700K->306532K(650240K), 0.0020867 secs] [Times: user=0.01 sys=0.00, real=0.00 secs] 
541.462: [GC (Allocation Failure) [PSYoungGen: 185760K->1440K(183296K)] 490852K->306532K(647680K), 0.0018604 secs] [Times: user=0.00 sys=0.00, real=0.00 secs] 
542.343: [GC (Allocation Failure) [PSYoungGen: 183200K->1376K(185856K)] 488292K->306468K(650240K), 0.0019019 secs] [Times: user=0.01 sys=0.00, real=0.00 secs] 
545.517: [GC (Allocation Failure) [PSYoungGen: 185696K->1408K(186368K)] 490788K->306500K(650752K), 0.0033443 secs] [Times: user=0.01 sys=0.00, real=0.00 secs] 
547.034: [GC (Allocation Failure) [PSYoungGen: 185728K->1405K(183296K)] 490820K->306513K(647680K), 0.0014449 secs] [Times: user=0.01 sys=0.00, real=0.00 secs] 
549.233: [GC (Allocation Failure) [PSYoungGen: 183165K->1408K(180736K)] 488273K->306516K(645120K), 0.0020545 secs] [Times: user=0.00 sys=0.00, real=0.00 secs] 
550.923: [GC (Allocation Failure) [PSYoungGen: 180608K->1408K(178176K)] 485716K->306524K(642560K), 0.0021266 secs] [Times: user=0.00 sys=0.01, real=0.00 secs] 
552.377: [GC (Allocation Failure) [PSYoungGen: 178048K->1376K(182784K)] 483164K->306492K(647168K), 0.0026997 secs] [Times: user=0.00 sys=0.00, real=0.00 secs] 
554.246: [GC (Allocation Failure) [PSYoungGen: 182624K->1408K(180224K)] 487740K->306532K(644608K), 0.0017954 secs] [Times: user=0.00 sys=0.00, real=0.00 secs] 
555.443: [GC (Allocation Failure) [PSYoungGen: 180096K->1373K(177664K)] 485220K->306521K(642048K), 0.0016060 secs] [Times: user=0.00 sys=0.00, real=0.00 secs] 
557.226: [GC (Allocation Failure) [PSYoungGen: 177501K->1440K(182784K)] 482649K->306588K(647168K), 0.0032005 secs] [Times: user=0.01 sys=0.00, real=0.00 secs] 
559.072: [GC (Allocation Failure) [PSYoungGen: 182688K->1440K(180224K)] 487836K->306588K(644608K), 0.0016786 secs] [Times: user=0.01 sys=0.00, real=0.00 secs] 
561.729: [GC (Allocation Failure) [PSYoungGen: 180128K->1408K(185344K)] 485276K->306556K(649728K), 0.0043441 secs] [Times: user=0.01 sys=0.00, real=0.00 secs] 
563.846: [GC (Allocation Failure) [PSYoungGen: 185216K->1392K(186880K)] 490364K->306548K(651264K), 0.0029665 secs] [Times: user=0.01 sys=0.00, real=0.01 secs] 
565.257: [GC (Allocation Failure) [PSYoungGen: 186224K->1421K(183808K)] 491380K->306577K(648192K), 0.0017744 secs] [Times: user=0.00 sys=0.01, real=0.00 secs] 
567.288: [GC (Allocation Failure) [PSYoungGen: 183693K->1440K(181248K)] 488849K->306596K(645632K), 0.0020138 secs] [Times: user=0.00 sys=0.00, real=0.00 secs] 
570.136: [GC (Allocation Failure) [PSYoungGen: 181152K->1424K(178688K)] 486308K->306580K(643072K), 0.0039067 secs] [Times: user=0.01 sys=0.00, real=0.00 secs] 
571.931: [GC (Allocation Failure) [PSYoungGen: 178576K->1376K(176128K)] 483732K->306532K(640512K), 0.0025856 secs] [Times: user=0.01 sys=0.00, real=0.00 secs] 
573.394: [GC (Allocation Failure) [PSYoungGen: 175968K->1392K(173568K)] 481124K->306556K(637952K), 0.0015878 secs] [Times: user=0.00 sys=0.00, real=0.01 secs] 
574.200: [GC (Allocation Failure) [PSYoungGen: 173424K->1437K(178688K)] 478588K->306609K(643072K), 0.0019630 secs] [Times: user=0.01 sys=0.00, real=0.00 secs] 
577.209: [GC (Allocation Failure) [PSYoungGen: 178589K->384K(175104K)] 483761K->306588K(639488K), 0.0024401 secs] [Times: user=0.00 sys=0.00, real=0.00 secs] 
578.506: [GC (Allocation Failure) [PSYoungGen: 174976K->1408K(174080K)] 481180K->307612K(638464K), 0.0016511 secs] [Times: user=0.01 sys=0.00, real=0.00 secs] 
579.968: [GC (Allocation Failure) [PSYoungGen: 173440K->1408K(178688K)] 479644K->307612K(643072K), 0.0027474 secs] [Times: user=0.01 sys=0.00, real=0.00 secs] 
582.807: [GC (Allocation Failure) [PSYoungGen: 178560K->1408K(176128K)] 484764K->307620K(640512K), 0.0024629 secs] [Times: user=0.01 sys=0.00, real=0.00 secs] 
584.515: [GC (Allocation Failure) [PSYoungGen: 176000K->1408K(173568K)] 482212K->307620K(637952K), 0.0024123 secs] [Times: user=0.01 sys=0.00, real=0.01 secs] 
586.021: [GC (Allocation Failure) [PSYoungGen: 173440K->1440K(171008K)] 479652K->307660K(635392K), 0.0018601 secs] [Times: user=0.01 sys=0.00, real=0.00 secs] 
587.228: [GC (Allocation Failure) [PSYoungGen: 170912K->1504K(168960K)] 477132K->307820K(633344K), 0.0016043 secs] [Times: user=0.01 sys=0.00, real=0.00 secs] 
588.801: [GC (Allocation Failure) [PSYoungGen: 168928K->1248K(166912K)] 475244K->307564K(631296K), 0.0022047 secs] [Times: user=0.00 sys=0.00, real=0.00 secs] 
591.125: [GC (Allocation Failure) [PSYoungGen: 166624K->1440K(164864K)] 472940K->307756K(629248K), 0.0029716 secs] [Times: user=0.01 sys=0.00, real=0.01 secs] 
593.429: [GC (Allocation Failure) [PSYoungGen: 164768K->1392K(162816K)] 471084K->307708K(627200K), 0.0029912 secs] [Times: user=0.01 sys=0.00, real=0.00 secs] 
596.175: [GC (Allocation Failure) [PSYoungGen: 162672K->1376K(160768K)] 468988K->307708K(625152K), 0.0021081 secs] [Times: user=0.01 sys=0.00, real=0.01 secs] 
597.769: [GC (Allocation Failure) [PSYoungGen: 160608K->1376K(158720K)] 466940K->307708K(623104K), 0.0025140 secs] [Times: user=0.01 sys=0.00, real=0.00 secs] 
599.817: [GC (Allocation Failure) [PSYoungGen: 158560K->1360K(156672K)] 464892K->307692K(621056K), 0.0031476 secs] [Times: user=0.01 sys=0.00, real=0.00 secs] 
601.800: [GC (Allocation Failure) [PSYoungGen: 156496K->1424K(160768K)] 462828K->307756K(625152K), 0.0030832 secs] [Times: user=0.01 sys=0.00, real=0.00 secs] 
603.749: [GC (Allocation Failure) [PSYoungGen: 160656K->1408K(158720K)] 466988K->307740K(623104K), 0.0020378 secs] [Times: user=0.01 sys=0.00, real=0.00 secs] 
604.646: [GC (Allocation Failure) [PSYoungGen: 158592K->1376K(163328K)] 464924K->307708K(627712K), 0.0018984 secs] [Times: user=0.01 sys=0.00, real=0.00 secs] 
606.288: [GC (Allocation Failure) [PSYoungGen: 163168K->1424K(167936K)] 469500K->307756K(632320K), 0.0023842 secs] [Times: user=0.01 sys=0.00, real=0.00 secs] 
607.030: [GC (Allocation Failure) [PSYoungGen: 167824K->1392K(173056K)] 474156K->307724K(637440K), 0.0014926 secs] [Times: user=0.01 sys=0.00, real=0.00 secs] 
610.184: [GC (Allocation Failure) [PSYoungGen: 172912K->1408K(178176K)] 479244K->307748K(642560K), 0.0029684 secs] [Times: user=0.02 sys=0.00, real=0.01 secs] 
613.086: [GC (Allocation Failure) [PSYoungGen: 178048K->1408K(175616K)] 484388K->307748K(640000K), 0.0031711 secs] [Times: user=0.01 sys=0.00, real=0.00 secs] 
614.367: [GC (Allocation Failure) [PSYoungGen: 175488K->1376K(178176K)] 481828K->307716K(642560K), 0.0030721 secs] [Times: user=0.01 sys=0.00, real=0.00 secs] 
616.398: [GC (Allocation Failure) [PSYoungGen: 178016K->1392K(178176K)] 484356K->307740K(642560K), 0.0025196 secs] [Times: user=0.01 sys=0.00, real=0.00 secs] 
617.128: [GC (Allocation Failure) [PSYoungGen: 178032K->1376K(183296K)] 484380K->307724K(647680K), 0.0018475 secs] [Times: user=0.01 sys=0.00, real=0.00 secs] 
619.562: [GC (Allocation Failure) [PSYoungGen: 183136K->1472K(183296K)] 489484K->307832K(647680K), 0.0037059 secs] [Times: user=0.01 sys=0.00, real=0.01 secs] 
621.901: [GC (Allocation Failure) [PSYoungGen: 183232K->1408K(188416K)] 489592K->307768K(652800K), 0.0014465 secs] [Times: user=0.00 sys=0.00, real=0.00 secs] 
623.676: [GC (Allocation Failure) [PSYoungGen: 188288K->1392K(189440K)] 494648K->307752K(653824K), 0.0025872 secs] [Times: user=0.01 sys=0.00, real=0.00 secs] 
626.487: [GC (Allocation Failure) [PSYoungGen: 189296K->1440K(186880K)] 495656K->307808K(651264K), 0.0028905 secs] [Times: user=0.01 sys=0.00, real=0.00 secs] 
628.965: [GC (Allocation Failure) [PSYoungGen: 186784K->1341K(184320K)] 493152K->307709K(648704K), 0.0016229 secs] [Times: user=0.00 sys=0.00, real=0.01 secs] 
631.912: [GC (Allocation Failure) [PSYoungGen: 184125K->416K(180736K)] 490493K->307816K(645120K), 0.0021903 secs] [Times: user=0.01 sys=0.00, real=0.00 secs] 
633.614: [GC (Allocation Failure) [PSYoungGen: 180640K->1408K(179712K)] 488040K->308808K(644096K), 0.0020035 secs] [Times: user=0.01 sys=0.00, real=0.01 secs] 
634.681: [GC (Allocation Failure) [PSYoungGen: 179072K->1376K(176640K)] 486472K->308776K(641024K), 0.0018904 secs] [Times: user=0.01 sys=0.00, real=0.00 secs] 
636.617: [GC (Allocation Failure) [PSYoungGen: 176480K->1376K(174080K)] 483880K->308784K(638464K), 0.0026943 secs] [Times: user=0.00 sys=0.00, real=0.00 secs] 
638.505: [GC (Allocation Failure) [PSYoungGen: 173920K->1376K(178688K)] 481328K->308784K(643072K), 0.0030978 secs] [Times: user=0.01 sys=0.00, real=0.01 secs] 
641.284: [GC (Allocation Failure) [PSYoungGen: 178528K->1472K(176128K)] 485936K->308888K(640512K), 0.0027753 secs] [Times: user=0.01 sys=0.00, real=0.01 secs] 
643.414: [GC (Allocation Failure) [PSYoungGen: 176064K->1424K(173568K)] 483480K->308840K(637952K), 0.0017202 secs] [Times: user=0.01 sys=0.00, real=0.01 secs] 
644.239: [GC (Allocation Failure) [PSYoungGen: 173456K->1376K(178176K)] 480872K->308792K(642560K), 0.0017819 secs] [Times: user=0.01 sys=0.00, real=0.00 secs] 
645.936: [GC (Allocation Failure) [PSYoungGen: 178016K->1344K(182784K)] 485432K->308768K(647168K), 0.0022021 secs] [Times: user=0.01 sys=0.00, real=0.01 secs] 
647.681: [GC (Allocation Failure) [PSYoungGen: 182592K->1408K(188416K)] 490016K->308832K(652800K), 0.0025204 secs] [Times: user=0.01 sys=0.00, real=0.00 secs] 
649.895: [GC (Allocation Failure) [PSYoungGen: 187776K->1408K(185344K)] 495200K->308832K(649728K), 0.0019230 secs] [Times: user=0.01 sys=0.00, real=0.01 secs] 
652.670: [GC (Allocation Failure) [PSYoungGen: 185216K->1376K(182784K)] 492640K->308800K(647168K), 0.0017916 secs] [Times: user=0.01 sys=0.00, real=0.00 secs] 
654.338: [GC (Allocation Failure) [PSYoungGen: 182624K->1328K(180224K)] 490048K->308752K(644608K), 0.0020320 secs] [Times: user=0.01 sys=0.00, real=0.00 secs] 
656.163: [GC (Allocation Failure) [PSYoungGen: 180016K->1408K(177664K)] 487440K->308840K(642048K), 0.0021408 secs] [Times: user=0.00 sys=0.00, real=0.00 secs] 
658.340: [GC (Allocation Failure) [PSYoungGen: 177536K->1376K(175104K)] 484968K->308808K(639488K), 0.0023349 secs] [Times: user=0.00 sys=0.00, real=0.00 secs] 
659.662: [GC (Allocation Failure) [PSYoungGen: 174944K->1360K(172544K)] 482376K->308792K(636928K), 0.0017213 secs] [Times: user=0.01 sys=0.00, real=0.00 secs] 
661.132: [GC (Allocation Failure) [PSYoungGen: 172368K->1440K(177152K)] 479800K->308880K(641536K), 0.0029225 secs] [Times: user=0.01 sys=0.00, real=0.00 secs] 
663.246: [GC (Allocation Failure) [PSYoungGen: 177056K->1376K(174592K)] 484496K->308816K(638976K), 0.0026014 secs] [Times: user=0.01 sys=0.00, real=0.00 secs] 
664.843: [GC (Allocation Failure) [PSYoungGen: 174432K->1408K(172032K)] 481872K->308856K(636416K), 0.0016112 secs] [Times: user=0.00 sys=0.00, real=0.00 secs] 
666.020: [GC (Allocation Failure) [PSYoungGen: 171904K->1360K(169472K)] 479352K->308808K(633856K), 0.0017886 secs] [Times: user=0.00 sys=0.00, real=0.00 secs] 
667.663: [GC (Allocation Failure) [PSYoungGen: 169296K->352K(166400K)] 476744K->308824K(630784K), 0.0016195 secs] [Times: user=0.01 sys=0.00, real=0.00 secs] 
668.352: [GC (Allocation Failure) [PSYoungGen: 166240K->352K(173056K)] 474712K->308824K(637440K), 0.0018019 secs] [Times: user=0.01 sys=0.00, real=0.00 secs] 
670.363: [GC (Allocation Failure) [PSYoungGen: 171360K->1376K(177664K)] 479832K->309848K(642048K), 0.0019528 secs] [Times: user=0.00 sys=0.00, real=0.00 secs] 
672.266: [GC (Allocation Failure) [PSYoungGen: 177504K->1360K(175104K)] 485976K->309848K(639488K), 0.0017309 secs] [Times: user=0.01 sys=0.00, real=0.00 secs] 
672.993: [GC (Allocation Failure) [PSYoungGen: 174928K->1408K(180736K)] 483416K->309896K(645120K), 0.0019114 secs] [Times: user=0.01 sys=0.01, real=0.00 secs] 
674.954: [GC (Allocation Failure) [PSYoungGen: 180608K->1472K(181248K)] 489096K->309968K(645632K), 0.0022237 secs] [Times: user=0.01 sys=0.00, real=0.01 secs] 
677.756: [GC (Allocation Failure) [PSYoungGen: 180672K->1408K(186368K)] 489168K->309904K(650752K), 0.0028884 secs] [Times: user=0.01 sys=0.00, real=0.00 secs] 
680.071: [GC (Allocation Failure) [PSYoungGen: 185728K->1440K(183296K)] 494224K->309944K(647680K), 0.0026453 secs] [Times: user=0.01 sys=0.00, real=0.00 secs] 
682.703: [GC (Allocation Failure) [PSYoungGen: 183200K->384K(179712K)] 491704K->309912K(644096K), 0.0021215 secs] [Times: user=0.01 sys=0.00, real=0.00 secs] 
683.630: [GC (Allocation Failure) [PSYoungGen: 179584K->352K(184320K)] 489112K->309880K(648704K), 0.0018885 secs] [Times: user=0.01 sys=0.00, real=0.00 secs] 
685.308: [GC (Allocation Failure) [PSYoungGen: 182624K->1376K(186368K)] 492152K->310904K(650752K), 0.0027272 secs] [Times: user=0.01 sys=0.00, real=0.00 secs] 
686.995: [GC (Allocation Failure) [PSYoungGen: 185696K->1376K(186368K)] 495224K->310904K(650752K), 0.0043910 secs] [Times: user=0.02 sys=0.00, real=0.01 secs] 
689.271: [GC (Allocation Failure) [PSYoungGen: 185696K->1456K(191488K)] 495224K->310984K(655872K), 0.0021048 secs] [Times: user=0.00 sys=0.01, real=0.00 secs] 
691.809: [GC (Allocation Failure) [PSYoungGen: 191408K->1408K(192000K)] 500936K->310936K(656384K), 0.0021144 secs] [Times: user=0.01 sys=0.00, real=0.00 secs] 
693.854: [GC (Allocation Failure) [PSYoungGen: 191360K->1408K(188416K)] 500888K->310936K(652800K), 0.0022778 secs] [Times: user=0.01 sys=0.00, real=0.01 secs] 
695.525: [GC (Allocation Failure) [PSYoungGen: 188288K->1376K(185856K)] 497816K->310912K(650240K), 0.0020605 secs] [Times: user=0.01 sys=0.00, real=0.01 secs] 
696.745: [GC (Allocation Failure) [PSYoungGen: 185696K->1408K(183296K)] 495232K->311968K(647680K), 0.0017055 secs] [Times: user=0.01 sys=0.01, real=0.01 secs] 
697.504: [GC (Allocation Failure) [PSYoungGen: 183168K->352K(187392K)] 493728K->310912K(651776K), 0.0014605 secs] [Times: user=0.01 sys=0.00, real=0.00 secs] 
699.347: [GC (Allocation Failure) [PSYoungGen: 187232K->1344K(194048K)] 497792K->311920K(658432K), 0.0026579 secs] [Times: user=0.01 sys=0.00, real=0.00 secs] 
701.223: [GC (Allocation Failure) [PSYoungGen: 193344K->1376K(194048K)] 503920K->311952K(658432K), 0.0026811 secs] [Times: user=0.01 sys=0.00, real=0.01 secs] 
703.693: [GC (Allocation Failure) [PSYoungGen: 193376K->1376K(199680K)] 503952K->311952K(664064K), 0.0039992 secs] [Times: user=0.01 sys=0.00, real=0.01 secs] 
706.126: [GC (Allocation Failure) [PSYoungGen: 199008K->1408K(196096K)] 509584K->311992K(660480K), 0.0022402 secs] [Times: user=0.01 sys=0.00, real=0.01 secs] 
707.286: [GC (Allocation Failure) [PSYoungGen: 195968K->288K(197632K)] 506552K->311904K(662016K), 0.0021468 secs] [Times: user=0.01 sys=0.00, real=0.01 secs] 
709.136: [GC (Allocation Failure) [PSYoungGen: 196896K->1376K(195072K)] 508512K->312992K(659456K), 0.0018913 secs] [Times: user=0.01 sys=0.00, real=0.01 secs] 
711.241: [GC (Allocation Failure) [PSYoungGen: 194912K->1376K(192000K)] 506528K->313000K(656384K), 0.0018575 secs] [Times: user=0.01 sys=0.00, real=0.00 secs] 
712.031: [GC (Allocation Failure) [PSYoungGen: 191840K->1360K(197120K)] 503464K->312984K(661504K), 0.0016441 secs] [Times: user=0.00 sys=0.00, real=0.00 secs] 
713.821: [GC (Allocation Failure) [PSYoungGen: 195920K->1376K(193024K)] 507544K->313000K(657408K), 0.0018522 secs] [Times: user=0.01 sys=0.00, real=0.00 secs] 
715.444: [GC (Allocation Failure) [PSYoungGen: 192864K->1392K(189952K)] 504488K->313024K(654336K), 0.0021386 secs] [Times: user=0.01 sys=0.00, real=0.01 secs] 
717.175: [GC (Allocation Failure) [PSYoungGen: 189808K->1344K(187392K)] 501440K->312976K(651776K), 0.0020413 secs] [Times: user=0.01 sys=0.00, real=0.01 secs] 
719.249: [GC (Allocation Failure) [PSYoungGen: 187200K->1376K(184832K)] 498832K->313016K(649216K), 0.0018740 secs] [Times: user=0.01 sys=0.00, real=0.00 secs] 
720.209: [GC (Allocation Failure) [PSYoungGen: 184672K->1408K(182272K)] 496312K->313056K(646656K), 0.0014441 secs] [Times: user=0.01 sys=0.00, real=0.00 secs] 
721.321: [GC (Allocation Failure) [PSYoungGen: 182144K->1392K(187392K)] 493792K->313040K(651776K), 0.0020577 secs] [Times: user=0.00 sys=0.00, real=0.00 secs] 
723.629: [GC (Allocation Failure) [PSYoungGen: 187248K->1392K(193024K)] 498896K->313040K(657408K), 0.0038832 secs] [Times: user=0.01 sys=0.00, real=0.00 secs] 
725.971: [GC (Allocation Failure) [PSYoungGen: 192880K->1328K(194560K)] 504528K->312976K(658944K), 0.0024593 secs] [Times: user=0.01 sys=0.00, real=0.00 secs] 
728.314: [GC (Allocation Failure) [PSYoungGen: 193840K->1456K(190976K)] 505488K->313104K(655360K), 0.0020973 secs] [Times: user=0.01 sys=0.00, real=0.00 secs] 
729.680: [GC (Allocation Failure) [PSYoungGen: 190896K->1408K(188416K)] 502544K->313072K(652800K), 0.0020107 secs] [Times: user=0.01 sys=0.00, real=0.00 secs] 
731.499: [GC (Allocation Failure) [PSYoungGen: 188288K->1376K(193536K)] 499952K->313048K(657920K), 0.0028986 secs] [Times: user=0.02 sys=0.00, real=0.00 secs] 
733.853: [GC (Allocation Failure) [PSYoungGen: 193376K->1344K(190464K)] 505048K->313016K(654848K), 0.0027573 secs] [Times: user=0.01 sys=0.00, real=0.00 secs] 
735.790: [GC (Allocation Failure) [PSYoungGen: 190272K->1408K(187904K)] 501944K->313080K(652288K), 0.0015102 secs] [Times: user=0.01 sys=0.00, real=0.00 secs] 
737.544: [GC (Allocation Failure) [PSYoungGen: 187776K->1376K(185344K)] 499448K->313064K(649728K), 0.0026856 secs] [Times: user=0.01 sys=0.00, real=0.01 secs] 
740.433: [GC (Allocation Failure) [PSYoungGen: 185184K->1392K(182784K)] 496872K->313080K(647168K), 0.0029087 secs] [Times: user=0.01 sys=0.00, real=0.01 secs] 
741.609: [GC (Allocation Failure) [PSYoungGen: 182640K->1408K(187904K)] 494328K->313096K(652288K), 0.0027042 secs] [Times: user=0.01 sys=0.00, real=0.00 secs] 
744.166: [GC (Allocation Failure) [PSYoungGen: 187776K->1344K(185344K)] 499464K->313040K(649728K), 0.0026048 secs] [Times: user=0.01 sys=0.00, real=0.00 secs] 
747.086: [GC (Allocation Failure) [PSYoungGen: 185152K->1376K(182784K)] 496848K->313072K(647168K), 0.0026169 secs] [Times: user=0.01 sys=0.00, real=0.00 secs] 
749.086: [GC (Allocation Failure) [PSYoungGen: 182624K->1376K(180224K)] 494320K->313088K(644608K), 0.0024053 secs] [Times: user=0.01 sys=0.00, real=0.00 secs] 
753.002: [GC (Allocation Failure) [PSYoungGen: 180064K->1344K(177664K)] 491776K->313072K(642048K), 0.0028989 secs] [Times: user=0.01 sys=0.00, real=0.00 secs] 
756.313: [GC (Allocation Failure) [PSYoungGen: 177472K->1312K(175104K)] 489200K->313040K(639488K), 0.0018520 secs] [Times: user=0.00 sys=0.00, real=0.00 secs] 
760.035: [GC (Allocation Failure) [PSYoungGen: 174880K->1408K(172544K)] 486608K->313136K(636928K), 0.0030695 secs] [Times: user=0.01 sys=0.00, real=0.01 secs] 
762.101: [GC (Allocation Failure) [PSYoungGen: 172416K->1408K(169984K)] 484144K->314168K(634368K), 0.0018477 secs] [Times: user=0.01 sys=0.00, real=0.00 secs] 
762.936: [GC (Allocation Failure) [PSYoungGen: 169856K->1392K(167936K)] 482616K->314160K(632320K), 0.0019675 secs] [Times: user=0.01 sys=0.00, real=0.01 secs] 
764.737: [GC (Allocation Failure) [PSYoungGen: 167792K->1392K(165888K)] 480560K->314168K(630272K), 0.0022213 secs] [Times: user=0.01 sys=0.00, real=0.00 secs] 
765.887: [GC (Allocation Failure) [PSYoungGen: 165744K->1376K(163840K)] 478520K->314152K(628224K), 0.0018665 secs] [Times: user=0.01 sys=0.00, real=0.00 secs] 
768.212: [GC (Allocation Failure) [PSYoungGen: 163680K->1440K(168448K)] 476456K->314216K(632832K), 0.0040796 secs] [Times: user=0.01 sys=0.00, real=0.00 secs] 
770.009: [GC (Allocation Failure) [PSYoungGen: 168352K->1344K(173568K)] 481128K->314120K(637952K), 0.0027891 secs] [Times: user=0.01 sys=0.00, real=0.00 secs] 
772.327: [GC (Allocation Failure) [PSYoungGen: 173376K->1408K(171008K)] 486152K->314184K(635392K), 0.0018586 secs] [Times: user=0.00 sys=0.00, real=0.00 secs] 
774.374: [GC (Allocation Failure) [PSYoungGen: 170880K->1392K(168960K)] 483656K->314176K(633344K), 0.0027132 secs] [Times: user=0.01 sys=0.00, real=0.01 secs] 
776.284: [GC (Allocation Failure) [PSYoungGen: 168816K->384K(165888K)] 481600K->314192K(630272K), 0.0017503 secs] [Times: user=0.01 sys=0.00, real=0.00 secs] 
777.503: [GC (Allocation Failure) [PSYoungGen: 165760K->1408K(165376K)] 479568K->316240K(629760K), 0.0016525 secs] [Times: user=0.01 sys=0.00, real=0.00 secs] 
779.186: [GC (Allocation Failure) [PSYoungGen: 164736K->336K(161792K)] 479568K->315168K(626176K), 0.0025981 secs] [Times: user=0.01 sys=0.00, real=0.00 secs] 
781.230: [GC (Allocation Failure) [PSYoungGen: 161616K->1408K(161280K)] 476448K->316240K(625664K), 0.0016501 secs] [Times: user=0.01 sys=0.01, real=0.00 secs] 
783.086: [GC (Allocation Failure) [PSYoungGen: 160640K->1376K(158720K)] 475472K->316216K(623104K), 0.0030163 secs] [Times: user=0.01 sys=0.00, real=0.00 secs] 
786.542: [GC (Allocation Failure) [PSYoungGen: 158560K->1360K(156672K)] 473400K->316200K(621056K), 0.0040001 secs] [Times: user=0.02 sys=0.00, real=0.01 secs] 
787.299: [GC (Allocation Failure) [PSYoungGen: 156496K->1344K(161280K)] 471336K->316184K(625664K), 0.0019079 secs] [Times: user=0.01 sys=0.00, real=0.00 secs] 
788.660: [GC (Allocation Failure) [PSYoungGen: 161088K->1392K(165888K)] 475928K->316232K(630272K), 0.0018353 secs] [Times: user=0.00 sys=0.00, real=0.00 secs] 
789.419: [GC (Allocation Failure) [PSYoungGen: 165744K->1344K(171520K)] 480584K->316184K(635904K), 0.0016496 secs] [Times: user=0.01 sys=0.00, real=0.00 secs] 
790.820: [GC (Allocation Failure) [PSYoungGen: 171328K->1376K(177152K)] 486168K->316216K(641536K), 0.0021628 secs] [Times: user=0.01 sys=0.00, real=0.00 secs] 
792.229: [GC (Allocation Failure) [PSYoungGen: 176992K->1373K(181760K)] 491832K->316213K(646144K), 0.0013705 secs] [Times: user=0.00 sys=0.00, real=0.00 secs] 
794.852: [GC (Allocation Failure) [PSYoungGen: 181597K->1344K(182272K)] 496437K->316192K(646656K), 0.0026298 secs] [Times: user=0.01 sys=0.00, real=0.00 secs] 
796.865: [GC (Allocation Failure) [PSYoungGen: 181568K->1408K(179200K)] 496416K->316256K(643584K), 0.0021149 secs] [Times: user=0.01 sys=0.00, real=0.01 secs] 
799.432: [GC (Allocation Failure) [PSYoungGen: 179072K->1392K(176640K)] 493920K->316240K(641024K), 0.0029561 secs] [Times: user=0.01 sys=0.00, real=0.00 secs] 
801.072: [GC (Allocation Failure) [PSYoungGen: 176496K->1376K(174080K)] 491344K->316224K(638464K), 0.0017276 secs] [Times: user=0.01 sys=0.00, real=0.00 secs] 
802.534: [GC (Allocation Failure) [PSYoungGen: 173920K->1408K(171520K)] 488768K->316256K(635904K), 0.0022055 secs] [Times: user=0.01 sys=0.00, real=0.01 secs] 
804.647: [GC (Allocation Failure) [PSYoungGen: 171392K->1376K(169472K)] 486240K->316224K(633856K), 0.0016228 secs] [Times: user=0.01 sys=0.00, real=0.00 secs] 
807.053: [GC (Allocation Failure) [PSYoungGen: 169312K->1440K(167424K)] 484160K->317312K(631808K), 0.0020129 secs] [Times: user=0.01 sys=0.00, real=0.00 secs] 
808.679: [GC (Allocation Failure) [PSYoungGen: 167328K->320K(164352K)] 483200K->316192K(628736K), 0.0027349 secs] [Times: user=0.01 sys=0.00, real=0.00 secs] 
811.530: [GC (Allocation Failure) [PSYoungGen: 164160K->1424K(163840K)] 480032K->317296K(628224K), 0.0026043 secs] [Times: user=0.01 sys=0.00, real=0.00 secs] 
814.048: [GC (Allocation Failure) [PSYoungGen: 163216K->1376K(161280K)] 479088K->317248K(625664K), 0.0039502 secs] [Times: user=0.01 sys=0.00, real=0.00 secs] 
816.532: [GC (Allocation Failure) [PSYoungGen: 161120K->1408K(159232K)] 476992K->317288K(623616K), 0.0026957 secs] [Times: user=0.01 sys=0.00, real=0.00 secs] 
817.481: [GC (Allocation Failure) [PSYoungGen: 159104K->1376K(163840K)] 474984K->317256K(628224K), 0.0018336 secs] [Times: user=0.01 sys=0.01, real=0.00 secs] 
819.337: [GC (Allocation Failure) [PSYoungGen: 163680K->1392K(168448K)] 479560K->317272K(632832K), 0.0025831 secs] [Times: user=0.01 sys=0.00, real=0.00 secs] 
820.386: [GC (Allocation Failure) [PSYoungGen: 168304K->1360K(174080K)] 484184K->317240K(638464K), 0.0027654 secs] [Times: user=0.01 sys=0.00, real=0.00 secs] 
821.895: [GC (Allocation Failure) [PSYoungGen: 173904K->1376K(180224K)] 489784K->317256K(644608K), 0.0024769 secs] [Times: user=0.01 sys=0.00, real=0.01 secs] 
823.749: [GC (Allocation Failure) [PSYoungGen: 179552K->1888K(180224K)] 495432K->317776K(644608K), 0.0023743 secs] [Times: user=0.01 sys=0.00, real=0.00 secs] 
825.805: [GC (Allocation Failure) [PSYoungGen: 180064K->1344K(180224K)] 495952K->317232K(644608K), 0.0020923 secs] [Times: user=0.01 sys=0.00, real=0.01 secs] 
828.223: [GC (Allocation Failure) [PSYoungGen: 179520K->1408K(185344K)] 495408K->317296K(649728K), 0.0026114 secs] [Times: user=0.01 sys=0.00, real=0.01 secs] 
830.859: [GC (Allocation Failure) [PSYoungGen: 184704K->1344K(185344K)] 500592K->317240K(649728K), 0.0041777 secs] [Times: user=0.01 sys=0.00, real=0.00 secs] 
833.011: [GC (Allocation Failure) [PSYoungGen: 184640K->1392K(182272K)] 500536K->317296K(646656K), 0.0016573 secs] [Times: user=0.00 sys=0.00, real=0.00 secs] 
835.576: [GC (Allocation Failure) [PSYoungGen: 182128K->1408K(179712K)] 498032K->319360K(644096K), 0.0021859 secs] [Times: user=0.01 sys=0.00, real=0.01 secs] 
837.505: [GC (Allocation Failure) [PSYoungGen: 179584K->368K(183808K)] 497536K->318320K(648192K), 0.0046121 secs] [Times: user=0.02 sys=0.01, real=0.01 secs] 
841.352: [GC (Allocation Failure) [PSYoungGen: 183664K->1408K(182784K)] 501616K->319368K(647168K), 0.0033967 secs] [Times: user=0.01 sys=0.00, real=0.00 secs] 
843.277: [GC (Allocation Failure) [PSYoungGen: 182144K->1344K(179712K)] 500104K->319304K(644096K), 0.0023227 secs] [Times: user=0.01 sys=0.00, real=0.00 secs] 
846.070: [GC (Allocation Failure) [PSYoungGen: 179520K->1376K(177152K)] 497480K->319344K(641536K), 0.0025511 secs] [Times: user=0.01 sys=0.00, real=0.00 secs] 
848.205: [GC (Allocation Failure) [PSYoungGen: 176992K->1408K(174592K)] 494960K->320408K(638976K), 0.0018187 secs] [Times: user=0.00 sys=0.00, real=0.01 secs] 
849.338: [GC (Allocation Failure) [PSYoungGen: 174464K->352K(171008K)] 493464K->319352K(635392K), 0.0022605 secs] [Times: user=0.01 sys=0.00, real=0.00 secs] 
851.269: [GC (Allocation Failure) [PSYoungGen: 170848K->1376K(169472K)] 489848K->320376K(633856K), 0.0016963 secs] [Times: user=0.01 sys=0.00, real=0.00 secs] 
852.029: [GC (Allocation Failure) [PSYoungGen: 169312K->1328K(174080K)] 488312K->320328K(638464K), 0.0017501 secs] [Times: user=0.01 sys=0.00, real=0.00 secs] 
854.052: [GC (Allocation Failure) [PSYoungGen: 173872K->1408K(178688K)] 492872K->320408K(643072K), 0.0024530 secs] [Times: user=0.01 sys=0.00, real=0.00 secs] 
856.045: [GC (Allocation Failure) [PSYoungGen: 178560K->1312K(183808K)] 497560K->320328K(648192K), 0.0026054 secs] [Times: user=0.01 sys=0.00, real=0.01 secs] 
858.725: [GC (Allocation Failure) [PSYoungGen: 183072K->1408K(184320K)] 502088K->320424K(648704K), 0.0041988 secs] [Times: user=0.01 sys=0.00, real=0.01 secs] 
861.417: [GC (Allocation Failure) [PSYoungGen: 183680K->1408K(184320K)] 502696K->320424K(648704K), 0.0100219 secs] [Times: user=0.05 sys=0.00, real=0.01 secs] 
862.907: [GC (Allocation Failure) [PSYoungGen: 183680K->1424K(190464K)] 502696K->320440K(654848K), 0.0019749 secs] [Times: user=0.01 sys=0.00, real=0.00 secs] 
865.032: [GC (Allocation Failure) [PSYoungGen: 190352K->1456K(190976K)] 509368K->320488K(655360K), 0.0019818 secs] [Times: user=0.01 sys=0.01, real=0.00 secs] 
866.735: [GC (Allocation Failure) [PSYoungGen: 190384K->1424K(196096K)] 509416K->320456K(660480K), 0.0018428 secs] [Times: user=0.01 sys=0.00, real=0.01 secs] 
868.398: [GC (Allocation Failure) [PSYoungGen: 195984K->1344K(196608K)] 515016K->320376K(660992K), 0.0019969 secs] [Times: user=0.00 sys=0.01, real=0.00 secs] 
869.853: [GC (Allocation Failure) [PSYoungGen: 195904K->1440K(201216K)] 514936K->320488K(665600K), 0.0018713 secs] [Times: user=0.01 sys=0.00, real=0.00 secs] 
871.043: [GC (Allocation Failure) [PSYoungGen: 201120K->1376K(198144K)] 520168K->320424K(662528K), 0.0015456 secs] [Times: user=0.01 sys=0.00, real=0.00 secs] 
872.190: [GC (Allocation Failure) [PSYoungGen: 197984K->1376K(200704K)] 517032K->320432K(665088K), 0.0018422 secs] [Times: user=0.01 sys=0.00, real=0.00 secs] 
874.591: [GC (Allocation Failure) [PSYoungGen: 200544K->1376K(197632K)] 519600K->320440K(662016K), 0.0023836 secs] [Times: user=0.01 sys=0.00, real=0.00 secs] 
875.959: [GC (Allocation Failure) [PSYoungGen: 197472K->368K(193536K)] 516536K->320464K(657920K), 0.0013798 secs] [Times: user=0.01 sys=0.00, real=0.00 secs] 
877.967: [GC (Allocation Failure) [PSYoungGen: 193392K->1408K(192000K)] 513488K->321504K(656384K), 0.0018544 secs] [Times: user=0.01 sys=0.00, real=0.00 secs] 
880.429: [GC (Allocation Failure) [PSYoungGen: 191360K->1456K(188416K)] 511456K->321552K(652800K), 0.0023962 secs] [Times: user=0.01 sys=0.00, real=0.00 secs] 
882.415: [GC (Allocation Failure) [PSYoungGen: 188336K->1376K(185856K)] 508432K->321472K(650240K), 0.0025089 secs] [Times: user=0.01 sys=0.00, real=0.01 secs] 
884.533: [GC (Allocation Failure) [PSYoungGen: 185696K->1392K(183296K)] 505792K->321488K(647680K), 0.0021584 secs] [Times: user=0.01 sys=0.00, real=0.00 secs] 
886.819: [GC (Allocation Failure) [PSYoungGen: 183152K->1440K(180736K)] 503248K->321536K(645120K), 0.0019128 secs] [Times: user=0.01 sys=0.00, real=0.00 secs] 
887.564: [GC (Allocation Failure) [PSYoungGen: 180640K->1376K(178176K)] 500736K->321472K(642560K), 0.0016608 secs] [Times: user=0.01 sys=0.00, real=0.01 secs] 
889.388: [GC (Allocation Failure) [PSYoungGen: 178016K->1408K(175616K)] 498112K->321504K(640000K), 0.0020778 secs] [Times: user=0.01 sys=0.00, real=0.00 secs] 
891.345: [GC (Allocation Failure) [PSYoungGen: 175488K->1408K(173056K)] 495584K->321512K(637440K), 0.0018516 secs] [Times: user=0.01 sys=0.00, real=0.01 secs] 
893.974: [GC (Allocation Failure) [PSYoungGen: 172928K->1472K(170496K)] 493032K->321576K(634880K), 0.0044158 secs] [Times: user=0.01 sys=0.00, real=0.01 secs] 
895.728: [GC (Allocation Failure) [PSYoungGen: 170432K->1373K(168448K)] 490536K->321477K(632832K), 0.0013264 secs] [Times: user=0.00 sys=0.00, real=0.00 secs] 
896.517: [GC (Allocation Failure) [PSYoungGen: 168285K->1408K(173568K)] 488389K->321512K(637952K), 0.0020362 secs] [Times: user=0.01 sys=0.00, real=0.00 secs] 
898.311: [GC (Allocation Failure) [PSYoungGen: 173440K->1440K(178688K)] 493544K->321544K(643072K), 0.0020984 secs] [Times: user=0.01 sys=0.00, real=0.00 secs] 
900.068: [GC (Allocation Failure) [PSYoungGen: 178592K->1376K(183808K)] 498696K->321488K(648192K), 0.0030019 secs] [Times: user=0.01 sys=0.00, real=0.00 secs] 
902.443: [GC (Allocation Failure) [PSYoungGen: 183648K->1376K(188928K)] 503760K->321504K(653312K), 0.0029859 secs] [Times: user=0.01 sys=0.00, real=0.01 secs] 
904.110: [GC (Allocation Failure) [PSYoungGen: 188768K->1360K(186368K)] 508896K->321488K(650752K), 0.0015598 secs] [Times: user=0.01 sys=0.00, real=0.00 secs] 
905.606: [GC (Allocation Failure) [PSYoungGen: 186192K->1360K(183808K)] 506320K->321488K(648192K), 0.0018488 secs] [Times: user=0.01 sys=0.00, real=0.00 secs] 
907.071: [GC (Allocation Failure) [PSYoungGen: 183632K->1408K(181248K)] 503760K->321544K(645632K), 0.0020166 secs] [Times: user=0.00 sys=0.00, real=0.00 secs] 
908.786: [GC (Allocation Failure) [PSYoungGen: 181120K->1376K(178688K)] 501256K->321512K(643072K), 0.0019624 secs] [Times: user=0.01 sys=0.00, real=0.01 secs] 
910.978: [GC (Allocation Failure) [PSYoungGen: 178528K->1344K(176128K)] 498664K->321488K(640512K), 0.0026783 secs] [Times: user=0.01 sys=0.00, real=0.00 secs] 
912.498: [GC (Allocation Failure) [PSYoungGen: 175936K->1341K(173568K)] 496080K->321485K(637952K), 0.0014647 secs] [Times: user=0.01 sys=0.00, real=0.00 secs] 
916.999: [GC (Allocation Failure) [PSYoungGen: 173373K->1440K(171008K)] 493517K->321584K(635392K), 0.0043026 secs] [Times: user=0.02 sys=0.00, real=0.00 secs] 
919.517: [GC (Allocation Failure) [PSYoungGen: 170912K->352K(167936K)] 491056K->321520K(632320K), 0.0033392 secs] [Times: user=0.01 sys=0.00, real=0.00 secs] 
921.156: [GC (Allocation Failure) [PSYoungGen: 167776K->352K(167424K)] 488944K->321520K(631808K), 0.0025816 secs] [Times: user=0.01 sys=0.01, real=0.00 secs] 
922.912: [GC (Allocation Failure) [PSYoungGen: 165728K->1408K(164864K)] 486896K->322576K(629248K), 0.0018310 secs] [Times: user=0.01 sys=0.00, real=0.00 secs] 
923.590: [GC (Allocation Failure) [PSYoungGen: 164736K->1344K(169984K)] 485904K->322512K(634368K), 0.0018352 secs] [Times: user=0.01 sys=0.00, real=0.00 secs] 
926.567: [GC (Allocation Failure) [PSYoungGen: 169792K->1376K(174592K)] 490960K->322544K(638976K), 0.0031420 secs] [Times: user=0.01 sys=0.00, real=0.00 secs] 
928.046: [GC (Allocation Failure) [PSYoungGen: 174432K->1376K(180224K)] 495600K->322552K(644608K), 0.0034817 secs] [Times: user=0.02 sys=0.00, real=0.01 secs] 
930.656: [GC (Allocation Failure) [PSYoungGen: 180064K->1392K(185344K)] 501240K->322576K(649728K), 0.0020760 secs] [Times: user=0.01 sys=0.00, real=0.00 secs] 
932.608: [GC (Allocation Failure) [PSYoungGen: 185200K->1376K(182784K)] 506384K->322568K(647168K), 0.0018456 secs] [Times: user=0.01 sys=0.00, real=0.00 secs] 
933.361: [GC (Allocation Failure) [PSYoungGen: 182624K->1344K(184832K)] 503816K->322536K(649216K), 0.0018388 secs] [Times: user=0.01 sys=0.00, real=0.00 secs] 
934.674: [GC (Allocation Failure) [PSYoungGen: 184640K->1408K(185344K)] 505832K->322600K(649728K), 0.0017009 secs] [Times: user=0.00 sys=0.00, real=0.00 secs] 
936.098: [GC (Allocation Failure) [PSYoungGen: 184704K->1389K(189952K)] 505896K->322581K(654336K), 0.0016477 secs] [Times: user=0.01 sys=0.00, real=0.00 secs] 
938.430: [GC (Allocation Failure) [PSYoungGen: 189805K->1392K(187392K)] 510997K->322592K(651776K), 0.0023872 secs] [Times: user=0.01 sys=0.00, real=0.00 secs] 
941.616: [GC (Allocation Failure) [PSYoungGen: 187248K->1376K(184832K)] 508448K->322576K(649216K), 0.0026788 secs] [Times: user=0.01 sys=0.00, real=0.01 secs] 
943.928: [GC (Allocation Failure) [PSYoungGen: 184672K->1408K(182272K)] 505872K->322608K(646656K), 0.0033404 secs] [Times: user=0.01 sys=0.00, real=0.00 secs] 
945.504: [GC (Allocation Failure) [PSYoungGen: 182144K->1408K(179712K)] 503344K->322608K(644096K), 0.0013923 secs] [Times: user=0.01 sys=0.00, real=0.00 secs] 
946.932: [GC (Allocation Failure) [PSYoungGen: 179584K->1632K(177664K)] 500784K->322832K(642048K), 0.0019905 secs] [Times: user=0.01 sys=0.01, real=0.00 secs] 
949.587: [GC (Allocation Failure) [PSYoungGen: 177248K->352K(173568K)] 498448K->322576K(637952K), 0.0038367 secs] [Times: user=0.01 sys=0.00, real=0.00 secs] 
952.622: [GC (Allocation Failure) [PSYoungGen: 173408K->1392K(172544K)] 495632K->323624K(636928K), 0.0026854 secs] [Times: user=0.01 sys=0.00, real=0.00 secs] 
954.835: [GC (Allocation Failure) [PSYoungGen: 171888K->1376K(169472K)] 494120K->323608K(633856K), 0.0025170 secs] [Times: user=0.01 sys=0.00, real=0.01 secs] 
956.802: [GC (Allocation Failure) [PSYoungGen: 169312K->1408K(167424K)] 491544K->323640K(631808K), 0.0020562 secs] [Times: user=0.01 sys=0.00, real=0.00 secs] 
957.592: [GC (Allocation Failure) [PSYoungGen: 167296K->1360K(172032K)] 489528K->323592K(636416K), 0.0016911 secs] [Times: user=0.01 sys=0.00, real=0.00 secs] 
958.793: [GC (Allocation Failure) [PSYoungGen: 171856K->1408K(176640K)] 494088K->323648K(641024K), 0.0018221 secs] [Times: user=0.01 sys=0.00, real=0.00 secs] 
960.263: [GC (Allocation Failure) [PSYoungGen: 176512K->896K(181248K)] 498752K->324160K(645632K), 0.0027813 secs] [Times: user=0.00 sys=0.00, real=0.01 secs] 
962.169: [GC (Allocation Failure) [PSYoungGen: 181120K->352K(183808K)] 504384K->323616K(648192K), 0.0024256 secs] [Times: user=0.01 sys=0.00, real=0.00 secs] 
963.851: [GC (Allocation Failure) [PSYoungGen: 182112K->1424K(187392K)] 505376K->324688K(651776K), 0.0018851 secs] [Times: user=0.01 sys=0.00, real=0.00 secs] 
965.148: [GC (Allocation Failure) [PSYoungGen: 186768K->1376K(187392K)] 510032K->324640K(651776K), 0.0033874 secs] [Times: user=0.01 sys=0.00, real=0.00 secs] 
966.721: [GC (Allocation Failure) [PSYoungGen: 186720K->1408K(192512K)] 509984K->324680K(656896K), 0.0021494 secs] [Times: user=0.01 sys=0.00, real=0.00 secs] 
969.273: [GC (Allocation Failure) [PSYoungGen: 192384K->1408K(193024K)] 515656K->324680K(657408K), 0.0041657 secs] [Times: user=0.01 sys=0.00, real=0.01 secs] 
970.455: [GC (Allocation Failure) [PSYoungGen: 192384K->1376K(199168K)] 515656K->324648K(663552K), 0.0020002 secs] [Times: user=0.01 sys=0.00, real=0.01 secs] 
973.260: [GC (Allocation Failure) [PSYoungGen: 198496K->1408K(199168K)] 521768K->324680K(663552K), 0.0023883 secs] [Times: user=0.01 sys=0.00, real=0.00 secs] 
975.952: [GC (Allocation Failure) [PSYoungGen: 198528K->1424K(195584K)] 521800K->324696K(659968K), 0.0021394 secs] [Times: user=0.01 sys=0.00, real=0.00 secs] 
977.239: [GC (Allocation Failure) [PSYoungGen: 195472K->1376K(201216K)] 518744K->324648K(665600K), 0.0023176 secs] [Times: user=0.01 sys=0.00, real=0.00 secs] 
978.992: [GC (Allocation Failure) [PSYoungGen: 201056K->1408K(198144K)] 524328K->324688K(662528K), 0.0018026 secs] [Times: user=0.01 sys=0.00, real=0.00 secs] 
981.652: [GC (Allocation Failure) [PSYoungGen: 198016K->1440K(195072K)] 521296K->325744K(659456K), 0.0020162 secs] [Times: user=0.01 sys=0.00, real=0.00 secs] 
983.068: [GC (Allocation Failure) [PSYoungGen: 194976K->352K(190976K)] 519280K->324656K(655360K), 0.0019204 secs] [Times: user=0.01 sys=0.00, real=0.00 secs] 
984.778: [GC (Allocation Failure) [PSYoungGen: 190816K->1376K(189440K)] 515120K->325680K(653824K), 0.0018115 secs] [Times: user=0.01 sys=0.00, real=0.00 secs] 
985.827: [GC (Allocation Failure) [PSYoungGen: 188768K->1341K(186368K)] 513072K->325645K(650752K), 0.0014731 secs] [Times: user=0.01 sys=0.00, real=0.00 secs] 
987.979: [GC (Allocation Failure) [PSYoungGen: 186173K->1392K(191488K)] 510477K->325704K(655872K), 0.0040685 secs] [Times: user=0.02 sys=0.00, real=0.00 secs] 
989.857: [GC (Allocation Failure) [PSYoungGen: 191344K->1376K(188416K)] 515656K->325688K(652800K), 0.0018019 secs] [Times: user=0.01 sys=0.00, real=0.00 secs] 
991.101: [GC (Allocation Failure) [PSYoungGen: 188256K->1376K(193536K)] 512568K->325688K(657920K), 0.0025904 secs] [Times: user=0.01 sys=0.00, real=0.00 secs] 
993.524: [GC (Allocation Failure) [PSYoungGen: 193376K->1440K(190464K)] 517688K->325752K(654848K), 0.0020798 secs] [Times: user=0.01 sys=0.00, real=0.01 secs] 
995.264: [GC (Allocation Failure) [PSYoungGen: 190368K->1408K(187904K)] 514680K->325720K(652288K), 0.0017948 secs] [Times: user=0.01 sys=0.00, real=0.00 secs] 
996.824: [GC (Allocation Failure) [PSYoungGen: 187776K->1344K(185344K)] 512088K->325664K(649728K), 0.0020777 secs] [Times: user=0.01 sys=0.00, real=0.01 secs] 
999.161: [GC (Allocation Failure) [PSYoungGen: 185152K->1376K(182784K)] 509472K->325696K(647168K), 0.0024056 secs] [Times: user=0.01 sys=0.00, real=0.00 secs] 
1001.813: [GC (Allocation Failure) [PSYoungGen: 182624K->1373K(180224K)] 506944K->325693K(644608K), 0.0018192 secs] [Times: user=0.01 sys=0.00, real=0.00 secs] 
1003.051: [GC (Allocation Failure) [PSYoungGen: 180061K->1408K(177664K)] 504381K->325728K(642048K), 0.0019398 secs] [Times: user=0.01 sys=0.00, real=0.00 secs] 
1004.980: [GC (Allocation Failure) [PSYoungGen: 177536K->1344K(182784K)] 501856K->325664K(647168K), 0.0038561 secs] [Times: user=0.02 sys=0.00, real=0.00 secs] 
1006.419: [GC (Allocation Failure) [PSYoungGen: 182592K->1376K(187904K)] 506912K->325696K(652288K), 0.0020908 secs] [Times: user=0.01 sys=0.00, real=0.00 secs] 
1008.096: [GC (Allocation Failure) [PSYoungGen: 187744K->1376K(193024K)] 512064K->325696K(657408K), 0.0020899 secs] [Times: user=0.01 sys=0.00, real=0.00 secs] 
1009.940: [GC (Allocation Failure) [PSYoungGen: 192864K->1632K(190464K)] 517184K->325952K(654848K), 0.0019196 secs] [Times: user=0.01 sys=0.00, real=0.00 secs] 
1011.788: [GC (Allocation Failure) [PSYoungGen: 190048K->288K(186368K)] 514368K->325640K(650752K), 0.0021063 secs] [Times: user=0.01 sys=0.00, real=0.00 secs] 
1014.014: [GC (Allocation Failure) [PSYoungGen: 186144K->1392K(185344K)] 511496K->326744K(649728K), 0.0018928 secs] [Times: user=0.00 sys=0.00, real=0.01 secs] 
1015.532: [GC (Allocation Failure) [PSYoungGen: 184688K->1376K(182272K)] 510040K->326728K(646656K), 0.0021695 secs] [Times: user=0.01 sys=0.00, real=0.00 secs] 
1017.692: [GC (Allocation Failure) [PSYoungGen: 182112K->1376K(179712K)] 507464K->326736K(644096K), 0.0019245 secs] [Times: user=0.01 sys=0.00, real=0.00 secs] 
1020.102: [GC (Allocation Failure) [PSYoungGen: 179552K->1376K(177152K)] 504912K->326736K(641536K), 0.0018723 secs] [Times: user=0.01 sys=0.00, real=0.00 secs] 
1021.269: [GC (Allocation Failure) [PSYoungGen: 176992K->1392K(174592K)] 502352K->326752K(638976K), 0.0021419 secs] [Times: user=0.01 sys=0.00, real=0.00 secs] 
1023.498: [GC (Allocation Failure) [PSYoungGen: 174448K->1376K(172032K)] 499808K->326736K(636416K), 0.0034611 secs] [Times: user=0.01 sys=0.00, real=0.00 secs] 
1025.013: [GC (Allocation Failure) [PSYoungGen: 171872K->1344K(176640K)] 497232K->326704K(641024K), 0.0024080 secs] [Times: user=0.01 sys=0.00, real=0.00 secs] 
1026.917: [GC (Allocation Failure) [PSYoungGen: 176448K->1344K(174080K)] 501808K->326704K(638464K), 0.0024524 secs] [Times: user=0.01 sys=0.00, real=0.00 secs] 
1028.068: [GC (Allocation Failure) [PSYoungGen: 173888K->1373K(171520K)] 499248K->326733K(635904K), 0.0015887 secs] [Times: user=0.01 sys=0.00, real=0.00 secs] 
1030.792: [GC (Allocation Failure) [PSYoungGen: 171357K->1376K(169472K)] 496717K->326736K(633856K), 0.0023054 secs] [Times: user=0.01 sys=0.00, real=0.00 secs] 
1033.498: [GC (Allocation Failure) [PSYoungGen: 169312K->1392K(167424K)] 494672K->326752K(631808K), 0.0020030 secs] [Times: user=0.01 sys=0.00, real=0.00 secs] 
1034.940: [GC (Allocation Failure) [PSYoungGen: 167280K->1344K(165376K)] 492640K->326704K(629760K), 0.0020421 secs] [Times: user=0.01 sys=0.00, real=0.00 secs] 
1037.837: [GC (Allocation Failure) [PSYoungGen: 165184K->1408K(163328K)] 490544K->326776K(627712K), 0.0036236 secs] [Times: user=0.02 sys=0.00, real=0.00 secs] 
1039.895: [GC (Allocation Failure) [PSYoungGen: 163200K->1344K(161280K)] 488568K->326712K(625664K), 0.0029451 secs] [Times: user=0.01 sys=0.00, real=0.01 secs] 
1041.816: [GC (Allocation Failure) [PSYoungGen: 161088K->1440K(159232K)] 486456K->326808K(623616K), 0.0018818 secs] [Times: user=0.01 sys=0.00, real=0.01 secs] 
1043.141: [GC (Allocation Failure) [PSYoungGen: 159136K->1344K(163840K)] 484504K->326712K(628224K), 0.0029551 secs] [Times: user=0.01 sys=0.00, real=0.00 secs] 
1045.714: [GC (Allocation Failure) [PSYoungGen: 163648K->1376K(168448K)] 489016K->326752K(632832K), 0.0042444 secs] [Times: user=0.01 sys=0.00, real=0.01 secs] 
1047.755: [GC (Allocation Failure) [PSYoungGen: 168288K->1392K(173568K)] 493664K->326768K(637952K), 0.0026856 secs] [Times: user=0.01 sys=0.00, real=0.01 secs] 
1049.711: [GC (Allocation Failure) [PSYoungGen: 173424K->1376K(178688K)] 498800K->326760K(643072K), 0.0028505 secs] [Times: user=0.02 sys=0.00, real=0.00 secs] 
1051.318: [GC (Allocation Failure) [PSYoungGen: 178528K->1440K(176128K)] 503912K->326832K(640512K), 0.0016368 secs] [Times: user=0.00 sys=0.00, real=0.00 secs] 
1053.121: [GC (Allocation Failure) [PSYoungGen: 176032K->1440K(173568K)] 501424K->326832K(637952K), 0.0026576 secs] [Times: user=0.01 sys=0.00, real=0.00 secs] 
1055.288: [GC (Allocation Failure) [PSYoungGen: 173472K->1408K(171008K)] 498864K->326800K(635392K), 0.0018823 secs] [Times: user=0.01 sys=0.00, real=0.00 secs] 
1057.004: [GC (Allocation Failure) [PSYoungGen: 170880K->1376K(168960K)] 496272K->326768K(633344K), 0.0026912 secs] [Times: user=0.01 sys=0.00, real=0.01 secs] 
1059.332: [GC (Allocation Failure) [PSYoungGen: 168800K->1408K(166912K)] 494192K->326800K(631296K), 0.0029787 secs] [Times: user=0.01 sys=0.00, real=0.00 secs] 
1060.640: [GC (Allocation Failure) [PSYoungGen: 166784K->1408K(172032K)] 492176K->326800K(636416K), 0.0035071 secs] [Times: user=0.01 sys=0.01, real=0.00 secs] 
1062.914: [GC (Allocation Failure) [PSYoungGen: 171904K->384K(176128K)] 497296K->326800K(640512K), 0.0023495 secs] [Times: user=0.00 sys=0.00, real=0.01 secs] 
1064.194: [GC (Allocation Failure) [PSYoungGen: 176000K->1424K(180224K)] 502416K->327840K(644608K), 0.0016962 secs] [Times: user=0.01 sys=0.00, real=0.00 secs] 
1064.932: [GC (Allocation Failure) [PSYoungGen: 179600K->1408K(182784K)] 506016K->327824K(647168K), 0.0016389 secs] [Times: user=0.01 sys=0.00, real=0.00 secs] 
1066.688: [GC (Allocation Failure) [PSYoungGen: 182144K->1424K(182784K)] 508560K->327840K(647168K), 0.0020043 secs] [Times: user=0.01 sys=0.00, real=0.00 secs] 
1068.186: [GC (Allocation Failure) [PSYoungGen: 182160K->1376K(188416K)] 508576K->327792K(652800K), 0.0040232 secs] [Times: user=0.01 sys=0.00, real=0.00 secs] 
1070.907: [GC (Allocation Failure) [PSYoungGen: 187744K->1392K(188416K)] 514160K->327808K(652800K), 0.0023892 secs] [Times: user=0.01 sys=0.00, real=0.00 secs] 
1073.397: [GC (Allocation Failure) [PSYoungGen: 187760K->1408K(193024K)] 514176K->327840K(657408K), 0.0018035 secs] [Times: user=0.00 sys=0.00, real=0.00 secs] 
1074.252: [GC (Allocation Failure) [PSYoungGen: 192896K->1344K(193536K)] 519328K->327776K(657920K), 0.0018659 secs] [Times: user=0.00 sys=0.00, real=0.00 secs] 
1075.559: [GC (Allocation Failure) [PSYoungGen: 192832K->1392K(199168K)] 519264K->327840K(663552K), 0.0017188 secs] [Times: user=0.01 sys=0.00, real=0.00 secs] 
1077.576: [GC (Allocation Failure) [PSYoungGen: 198512K->1440K(199168K)] 524960K->327904K(663552K), 0.0020946 secs] [Times: user=0.01 sys=0.00, real=0.00 secs] 
1080.223: [GC (Allocation Failure) [PSYoungGen: 198560K->1424K(195584K)] 525024K->327888K(659968K), 0.0023677 secs] [Times: user=0.01 sys=0.00, real=0.00 secs] 
1082.600: [GC (Allocation Failure) [PSYoungGen: 195472K->1408K(192512K)] 521936K->327872K(656896K), 0.0023863 secs] [Times: user=0.01 sys=0.00, real=0.00 secs] 
1084.483: [GC (Allocation Failure) [PSYoungGen: 192380K->1376K(189440K)] 518844K->327840K(653824K), 0.0015514 secs] [Times: user=0.00 sys=0.00, real=0.00 secs] 
1086.508: [GC (Allocation Failure) [PSYoungGen: 189280K->1344K(186880K)] 515744K->327808K(651264K), 0.0022286 secs] [Times: user=0.01 sys=0.00, real=0.00 secs] 
1088.759: [GC (Allocation Failure) [PSYoungGen: 186688K->1408K(184320K)] 513152K->327872K(648704K), 0.0018784 secs] [Times: user=0.00 sys=0.00, real=0.00 secs] 
1089.518: [GC (Allocation Failure) [PSYoungGen: 184192K->1376K(189440K)] 510656K->327848K(653824K), 0.0021559 secs] [Times: user=0.01 sys=0.00, real=0.00 secs] 
1092.497: [GC (Allocation Failure) [PSYoungGen: 189280K->1376K(186880K)] 515752K->327848K(651264K), 0.0025322 secs] [Times: user=0.01 sys=0.00, real=0.00 secs] 
1094.687: [GC (Allocation Failure) [PSYoungGen: 186720K->1392K(184320K)] 513192K->327864K(648704K), 0.0016556 secs] [Times: user=0.01 sys=0.01, real=0.00 secs] 
1095.444: [GC (Allocation Failure) [PSYoungGen: 184176K->1376K(189440K)] 510648K->327848K(653824K), 0.0017008 secs] [Times: user=0.00 sys=0.00, real=0.01 secs] 
1097.864: [GC (Allocation Failure) [PSYoungGen: 189280K->1376K(194560K)] 515752K->327848K(658944K), 0.0033586 secs] [Times: user=0.01 sys=0.01, real=0.01 secs] 
1100.175: [GC (Allocation Failure) [PSYoungGen: 194400K->352K(190464K)] 520872K->327848K(654848K), 0.0016086 secs] [Times: user=0.00 sys=0.00, real=0.01 secs] 
1101.461: [GC (Allocation Failure) [PSYoungGen: 190304K->1408K(188928K)] 517800K->328912K(653312K), 0.0019295 secs] [Times: user=0.01 sys=0.00, real=0.00 secs] 
1103.067: [GC (Allocation Failure) [PSYoungGen: 188288K->1408K(185856K)] 515792K->328912K(650240K), 0.0018774 secs] [Times: user=0.00 sys=0.00, real=0.00 secs] 
1103.855: [GC (Allocation Failure) [PSYoungGen: 185728K->1344K(191488K)] 513232K->328848K(655872K), 0.0020176 secs] [Times: user=0.01 sys=0.00, real=0.01 secs] 
1105.204: [GC (Allocation Failure) [PSYoungGen: 191296K->1408K(197120K)] 518800K->328920K(661504K), 0.0017370 secs] [Times: user=0.01 sys=0.00, real=0.01 secs] 
1107.658: [GC (Allocation Failure) [PSYoungGen: 196992K->1376K(194048K)] 524504K->328896K(658432K), 0.0022414 secs] [Times: user=0.01 sys=0.00, real=0.00 secs] 
1110.373: [GC (Allocation Failure) [PSYoungGen: 193888K->1408K(190976K)] 521408K->328928K(655360K), 0.0018551 secs] [Times: user=0.01 sys=0.00, real=0.00 secs] 
1113.651: [GC (Allocation Failure) [PSYoungGen: 190848K->1392K(188416K)] 518368K->328920K(652800K), 0.0020397 secs] [Times: user=0.00 sys=0.00, real=0.00 secs] 
1115.196: [GC (Allocation Failure) [PSYoungGen: 188272K->1408K(185856K)] 515800K->328936K(650240K), 0.0015666 secs] [Times: user=0.00 sys=0.00, real=0.01 secs] 
1116.796: [GC (Allocation Failure) [PSYoungGen: 185728K->365K(182272K)] 513256K->327901K(646656K), 0.0015670 secs] [Times: user=0.01 sys=0.00, real=0.00 secs] 
1120.818: [GC (Allocation Failure) [PSYoungGen: 182125K->1440K(180736K)] 509661K->328984K(645120K), 0.0021372 secs] [Times: user=0.00 sys=0.00, real=0.00 secs] 
1123.955: [GC (Allocation Failure) [PSYoungGen: 180640K->1376K(178176K)] 508184K->328928K(642560K), 0.0035816 secs] [Times: user=0.01 sys=0.00, real=0.01 secs] 
1126.981: [GC (Allocation Failure) [PSYoungGen: 178016K->1408K(175616K)] 505568K->328960K(640000K), 0.0038826 secs] [Times: user=0.01 sys=0.00, real=0.00 secs] 
1128.678: [GC (Allocation Failure) [PSYoungGen: 175488K->1408K(173056K)] 503040K->328960K(637440K), 0.0020534 secs] [Times: user=0.01 sys=0.00, real=0.00 secs] 
1129.474: [GC (Allocation Failure) [PSYoungGen: 172928K->1392K(170496K)] 500480K->328944K(634880K), 0.0014768 secs] [Times: user=0.01 sys=0.00, real=0.00 secs] 
1130.774: [GC (Allocation Failure) [PSYoungGen: 170352K->1408K(168448K)] 497904K->328960K(632832K), 0.0018138 secs] [Times: user=0.00 sys=0.00, real=0.01 secs] 
1132.410: [GC (Allocation Failure) [PSYoungGen: 168320K->1440K(166400K)] 495872K->328992K(630784K), 0.0015987 secs] [Times: user=0.01 sys=0.00, real=0.00 secs] 
1133.215: [GC (Allocation Failure) [PSYoungGen: 166304K->1408K(172544K)] 493856K->328960K(636928K), 0.0036078 secs] [Times: user=0.01 sys=0.00, real=0.01 secs] 
1134.938: [GC (Allocation Failure) [PSYoungGen: 172416K->1440K(178176K)] 499968K->328992K(642560K), 0.0019184 secs] [Times: user=0.01 sys=0.00, real=0.00 secs] 
1136.408: [GC (Allocation Failure) [PSYoungGen: 178080K->1408K(183808K)] 505632K->328968K(648192K), 0.0021309 secs] [Times: user=0.01 sys=0.00, real=0.00 secs] 
1138.506: [GC (Allocation Failure) [PSYoungGen: 183680K->1408K(181248K)] 511240K->328968K(645632K), 0.0019773 secs] [Times: user=0.01 sys=0.00, real=0.00 secs] 
1140.365: [GC (Allocation Failure) [PSYoungGen: 181120K->1389K(178688K)] 508680K->328949K(643072K), 0.0016213 secs] [Times: user=0.01 sys=0.00, real=0.01 secs] 
1142.030: [GC (Allocation Failure) [PSYoungGen: 178541K->1376K(176128K)] 506101K->328944K(640512K), 0.0019636 secs] [Times: user=0.01 sys=0.00, real=0.00 secs] 
1143.477: [GC (Allocation Failure) [PSYoungGen: 175968K->1408K(173568K)] 503536K->328976K(637952K), 0.0018615 secs] [Times: user=0.01 sys=0.00, real=0.00 secs] 
1144.773: [GC (Allocation Failure) [PSYoungGen: 173440K->1344K(171008K)] 501008K->328912K(635392K), 0.0015577 secs] [Times: user=0.01 sys=0.00, real=0.00 secs] 
1146.612: [GC (Allocation Failure) [PSYoungGen: 170816K->1408K(168960K)] 498384K->328976K(633344K), 0.0020163 secs] [Times: user=0.00 sys=0.00, real=0.00 secs] 
1148.093: [GC (Allocation Failure) [PSYoungGen: 168832K->1376K(166912K)] 496400K->328944K(631296K), 0.0027301 secs] [Times: user=0.01 sys=0.00, real=0.00 secs] 
1149.371: [GC (Allocation Failure) [PSYoungGen: 166752K->1440K(164864K)] 494320K->329008K(629248K), 0.0018745 secs] [Times: user=0.01 sys=0.00, real=0.00 secs] 
1150.513: [GC (Allocation Failure) [PSYoungGen: 164768K->1344K(162816K)] 492336K->328912K(627200K), 0.0014669 secs] [Times: user=0.00 sys=0.00, real=0.00 secs] 
1153.544: [GC (Allocation Failure) [PSYoungGen: 162624K->1376K(160768K)] 490192K->328944K(625152K), 0.0030020 secs] [Times: user=0.01 sys=0.00, real=0.01 secs] 
1155.793: [GC (Allocation Failure) [PSYoungGen: 160608K->1456K(158720K)] 488176K->330048K(623104K), 0.0018785 secs] [Times: user=0.00 sys=0.00, real=0.00 secs] 
1157.362: [GC (Allocation Failure) [PSYoungGen: 158640K->352K(155648K)] 487232K->328944K(620032K), 0.0019589 secs] [Times: user=0.00 sys=0.00, real=0.00 secs] 
1159.071: [GC (Allocation Failure) [PSYoungGen: 155488K->1408K(154624K)] 484080K->330000K(619008K), 0.0018163 secs] [Times: user=0.00 sys=0.00, real=0.00 secs] 
1160.376: [GC (Allocation Failure) [PSYoungGen: 154496K->1376K(159744K)] 483088K->329968K(624128K), 0.0047717 secs] [Times: user=0.02 sys=0.01, real=0.00 secs] 
1162.219: [GC (Allocation Failure) [PSYoungGen: 159584K->1376K(157696K)] 488176K->329968K(622080K), 0.0021840 secs] [Times: user=0.00 sys=0.00, real=0.00 secs] 
1164.081: [GC (Allocation Failure) [PSYoungGen: 157536K->1376K(155648K)] 486128K->329968K(620032K), 0.0024871 secs] [Times: user=0.01 sys=0.00, real=0.00 secs] 
1165.803: [GC (Allocation Failure) [PSYoungGen: 155488K->1376K(153600K)] 484080K->329968K(617984K), 0.0015664 secs] [Times: user=0.00 sys=0.00, real=0.00 secs] 
1167.694: [GC (Allocation Failure) [PSYoungGen: 153440K->1376K(151552K)] 482032K->329968K(615936K), 0.0022991 secs] [Times: user=0.01 sys=0.00, real=0.01 secs] 
1171.441: [GC (Allocation Failure) [PSYoungGen: 151392K->1408K(149504K)] 479984K->330000K(613888K), 0.0031130 secs] [Times: user=0.01 sys=0.00, real=0.00 secs] 
1173.054: [GC (Allocation Failure) [PSYoungGen: 149376K->1344K(147968K)] 477968K->329936K(612352K), 0.0026348 secs] [Times: user=0.01 sys=0.00, real=0.01 secs] 
1174.686: [GC (Allocation Failure) [PSYoungGen: 147776K->1376K(146432K)] 476368K->329968K(610816K), 0.0017799 secs] [Times: user=0.00 sys=0.00, real=0.01 secs] 
1175.695: [GC (Allocation Failure) [PSYoungGen: 146272K->1376K(144896K)] 474864K->329968K(609280K), 0.0020253 secs] [Times: user=0.00 sys=0.00, real=0.01 secs] 
1177.088: [GC (Allocation Failure) [PSYoungGen: 144736K->1408K(143360K)] 473328K->330000K(607744K), 0.0017230 secs] [Times: user=0.01 sys=0.00, real=0.00 secs] 
1177.678: [GC (Allocation Failure) [PSYoungGen: 143232K->1376K(141824K)] 471824K->329968K(606208K), 0.0018032 secs] [Times: user=0.00 sys=0.00, real=0.00 secs] 
1178.764: [GC (Allocation Failure) [PSYoungGen: 141664K->1360K(140288K)] 470256K->329952K(604672K), 0.0017547 secs] [Times: user=0.01 sys=0.00, real=0.01 secs] 
1180.140: [GC (Allocation Failure) [PSYoungGen: 140112K->1408K(138752K)] 468704K->330000K(603136K), 0.0021837 secs] [Times: user=0.01 sys=0.00, real=0.00 secs] 
1181.283: [GC (Allocation Failure) [PSYoungGen: 138624K->1392K(137216K)] 467216K->329984K(601600K), 0.0015835 secs] [Times: user=0.00 sys=0.00, real=0.00 secs] 
1182.560: [GC (Allocation Failure) [PSYoungGen: 137072K->1424K(135680K)] 465664K->330016K(600064K), 0.0040001 secs] [Times: user=0.02 sys=0.00, real=0.00 secs] 
1183.327: [GC (Allocation Failure) [PSYoungGen: 135568K->1344K(141312K)] 464160K->329936K(605696K), 0.0020851 secs] [Times: user=0.01 sys=0.00, real=0.00 secs] 
1184.390: [GC (Allocation Failure) [PSYoungGen: 141120K->1440K(139776K)] 469712K->330048K(604160K), 0.0016678 secs] [Times: user=0.00 sys=0.00, real=0.00 secs] 
1184.965: [GC (Allocation Failure) [PSYoungGen: 139680K->1376K(145920K)] 468288K->329984K(610304K), 0.0020108 secs] [Times: user=0.01 sys=0.00, real=0.01 secs] 
1187.394: [GC (Allocation Failure) [PSYoungGen: 145760K->1392K(144384K)] 474368K->330000K(608768K), 0.0023154 secs] [Times: user=0.01 sys=0.00, real=0.01 secs] 
1188.664: [GC (Allocation Failure) [PSYoungGen: 144240K->352K(148992K)] 472848K->329984K(613376K), 0.0032203 secs] [Times: user=0.01 sys=0.00, real=0.01 secs] 
1190.951: [GC (Allocation Failure) [PSYoungGen: 148832K->1376K(156160K)] 478464K->331016K(620544K), 0.0043677 secs] [Times: user=0.02 sys=0.00, real=0.00 secs] 
1192.482: [GC (Allocation Failure) [PSYoungGen: 155488K->1376K(153600K)] 485128K->331016K(617984K), 0.0026602 secs] [Times: user=0.01 sys=0.00, real=0.00 secs] 
1193.939: [GC (Allocation Failure) [PSYoungGen: 153440K->1408K(151552K)] 483080K->331048K(615936K), 0.0021543 secs] [Times: user=0.01 sys=0.00, real=0.00 secs] 
1195.016: [GC (Allocation Failure) [PSYoungGen: 151424K->1376K(149504K)] 481064K->331016K(613888K), 0.0020535 secs] [Times: user=0.00 sys=0.00, real=0.00 secs] 
1197.403: [GC (Allocation Failure) [PSYoungGen: 149344K->1408K(147968K)] 478984K->331048K(612352K), 0.0047329 secs] [Times: user=0.02 sys=0.00, real=0.01 secs] 
1199.069: [GC (Allocation Failure) [PSYoungGen: 147840K->1376K(146432K)] 477480K->331016K(610816K), 0.0022700 secs] [Times: user=0.01 sys=0.00, real=0.00 secs] 
1200.527: [GC (Allocation Failure) [PSYoungGen: 146272K->1344K(144896K)] 475912K->330984K(609280K), 0.0019186 secs] [Times: user=0.01 sys=0.00, real=0.00 secs] 
1201.599: [GC (Allocation Failure) [PSYoungGen: 144704K->1360K(143360K)] 474344K->331000K(607744K), 0.0017699 secs] [Times: user=0.01 sys=0.00, real=0.00 secs] 
1203.093: [GC (Allocation Failure) [PSYoungGen: 143184K->1376K(141824K)] 472824K->331016K(606208K), 0.0032564 secs] [Times: user=0.01 sys=0.00, real=0.01 secs] 
1204.118: [GC (Allocation Failure) [PSYoungGen: 141664K->1376K(140288K)] 471304K->331016K(604672K), 0.0018497 secs] [Times: user=0.01 sys=0.00, real=0.00 secs] 
1205.123: [GC (Allocation Failure) [PSYoungGen: 140128K->1440K(138752K)] 469768K->331080K(603136K), 0.0017107 secs] [Times: user=0.01 sys=0.00, real=0.00 secs] 
1205.692: [GC (Allocation Failure) [PSYoungGen: 138656K->1344K(137216K)] 468296K->330984K(601600K), 0.0016716 secs] [Times: user=0.01 sys=0.00, real=0.00 secs] 
1207.418: [GC (Allocation Failure) [PSYoungGen: 137024K->1376K(135680K)] 466664K->331016K(600064K), 0.0028646 secs] [Times: user=0.01 sys=0.00, real=0.00 secs] 
1209.134: [GC (Allocation Failure) [PSYoungGen: 135520K->1376K(134144K)] 465160K->331016K(598528K), 0.0029446 secs] [Times: user=0.02 sys=0.00, real=0.01 secs] 
1210.896: [GC (Allocation Failure) [PSYoungGen: 133984K->1392K(132608K)] 463624K->331032K(596992K), 0.0015009 secs] [Times: user=0.01 sys=0.00, real=0.00 secs] 
1213.319: [GC (Allocation Failure) [PSYoungGen: 132464K->1408K(131072K)] 462104K->331048K(595456K), 0.0045200 secs] [Times: user=0.02 sys=0.00, real=0.00 secs] 
1214.860: [GC (Allocation Failure) [PSYoungGen: 130944K->1344K(129536K)] 460584K->330984K(593920K), 0.0043567 secs] [Times: user=0.01 sys=0.00, real=0.00 secs] 
1216.922: [GC (Allocation Failure) [PSYoungGen: 129344K->1392K(128000K)] 458984K->331032K(592384K), 0.0037321 secs] [Times: user=0.02 sys=0.00, real=0.01 secs] 
1218.238: [GC (Allocation Failure) [PSYoungGen: 127856K->1360K(134144K)] 457496K->331000K(598528K), 0.0068498 secs] [Times: user=0.03 sys=0.00, real=0.00 secs] 
1220.175: [GC (Allocation Failure) [PSYoungGen: 133968K->352K(131584K)] 463608K->331016K(595968K), 0.0016637 secs] [Times: user=0.01 sys=0.00, real=0.01 secs] 
1221.372: [GC (Allocation Failure) [PSYoungGen: 131424K->352K(138752K)] 462088K->331016K(603136K), 0.0034547 secs] [Times: user=0.01 sys=0.00, real=0.01 secs] 
1222.708: [GC (Allocation Failure) [PSYoungGen: 137056K->1376K(136704K)] 467720K->333072K(601088K), 0.0028387 secs] [Times: user=0.01 sys=0.00, real=0.00 secs] 
1224.277: [GC (Allocation Failure) [PSYoungGen: 136544K->352K(134144K)] 468240K->332048K(598528K), 0.0019942 secs] [Times: user=0.01 sys=0.00, real=0.00 secs] 
1225.338: [GC (Allocation Failure) [PSYoungGen: 133984K->320K(132608K)] 465680K->332016K(596992K), 0.0028656 secs] [Times: user=0.02 sys=0.00, real=0.00 secs] 
1227.100: [GC (Allocation Failure) [PSYoungGen: 132416K->1376K(132608K)] 464112K->333072K(596992K), 0.0026857 secs] [Times: user=0.01 sys=0.00, real=0.00 secs] 
1228.616: [GC (Allocation Failure) [PSYoungGen: 131936K->1344K(130560K)] 463632K->333040K(594944K), 0.0029389 secs] [Times: user=0.01 sys=0.01, real=0.00 secs] 
1230.145: [GC (Allocation Failure) [PSYoungGen: 130368K->1392K(129024K)] 462064K->333088K(593408K), 0.0019488 secs] [Times: user=0.01 sys=0.00, real=0.01 secs] 
1230.809: [GC (Allocation Failure) [PSYoungGen: 128880K->1344K(127488K)] 460576K->333048K(591872K), 0.0019307 secs] [Times: user=0.01 sys=0.00, real=0.00 secs] 
1232.831: [GC (Allocation Failure) [PSYoungGen: 127296K->1440K(126464K)] 459000K->333160K(590848K), 0.0042517 secs] [Times: user=0.02 sys=0.00, real=0.00 secs] 
1233.918: [GC (Allocation Failure) [PSYoungGen: 126368K->1344K(125440K)] 458088K->333072K(589824K), 0.0020405 secs] [Times: user=0.01 sys=0.00, real=0.00 secs] 
1235.070: [GC (Allocation Failure) [PSYoungGen: 125248K->1328K(124416K)] 456976K->333056K(588800K), 0.0024029 secs] [Times: user=0.01 sys=0.00, real=0.00 secs] 
1236.089: [GC (Allocation Failure) [PSYoungGen: 124208K->1408K(123392K)] 455936K->333136K(587776K), 0.0017430 secs] [Times: user=0.01 sys=0.00, real=0.00 secs] 
1236.753: [GC (Allocation Failure) [PSYoungGen: 123264K->1376K(122368K)] 454992K->333104K(586752K), 0.0020784 secs] [Times: user=0.01 sys=0.01, real=0.00 secs] 
1238.247: [GC (Allocation Failure) [PSYoungGen: 122208K->1408K(121344K)] 453936K->333144K(585728K), 0.0030060 secs] [Times: user=0.02 sys=0.00, real=0.00 secs] 
1239.587: [GC (Allocation Failure) [PSYoungGen: 121216K->1408K(120320K)] 452952K->333152K(584704K), 0.0031779 secs] [Times: user=0.01 sys=0.00, real=0.00 secs] 
1241.171: [GC (Allocation Failure) [PSYoungGen: 120192K->1405K(119296K)] 451936K->333149K(583680K), 0.0027175 secs] [Times: user=0.01 sys=0.00, real=0.00 secs] 
1242.688: [GC (Allocation Failure) [PSYoungGen: 119165K->1408K(118272K)] 450909K->333160K(582656K), 0.0022905 secs] [Times: user=0.01 sys=0.00, real=0.00 secs] 
1243.687: [GC (Allocation Failure) [PSYoungGen: 118144K->1376K(117248K)] 449896K->333136K(581632K), 0.0021965 secs] [Times: user=0.01 sys=0.00, real=0.00 secs] 
1245.137: [GC (Allocation Failure) [PSYoungGen: 117088K->1440K(116224K)] 448848K->333200K(580608K), 0.0017765 secs] [Times: user=0.00 sys=0.00, real=0.00 secs] 
1246.016: [GC (Allocation Failure) [PSYoungGen: 116128K->1360K(115200K)] 447888K->333120K(579584K), 0.0030189 secs] [Times: user=0.01 sys=0.00, real=0.00 secs] 
1246.941: [GC (Allocation Failure) [PSYoungGen: 115024K->1376K(114176K)] 446784K->333136K(578560K), 0.0032776 secs] [Times: user=0.01 sys=0.00, real=0.00 secs] 
1248.083: [GC (Allocation Failure) [PSYoungGen: 114016K->1440K(113152K)] 445776K->333208K(577536K), 0.0014983 secs] [Times: user=0.01 sys=0.00, real=0.00 secs] 
1249.017: [GC (Allocation Failure) [PSYoungGen: 113056K->1408K(112128K)] 444824K->333176K(576512K), 0.0028578 secs] [Times: user=0.01 sys=0.00, real=0.00 secs] 
1250.585: [GC (Allocation Failure) [PSYoungGen: 112000K->128K(110080K)] 443768K->331904K(574464K), 0.0015116 secs] [Times: user=0.01 sys=0.00, real=0.01 secs] 
1251.343: [GC (Allocation Failure) [PSYoungGen: 109696K->1376K(110592K)] 441472K->333160K(574976K), 0.0018569 secs] [Times: user=0.01 sys=0.00, real=0.00 secs] 
1252.396: [GC (Allocation Failure) [PSYoungGen: 109920K->1408K(109056K)] 441704K->333200K(573440K), 0.0022086 secs] [Times: user=0.01 sys=0.00, real=0.00 secs] 
1254.440: [GC (Allocation Failure) [PSYoungGen: 108928K->1376K(108032K)] 440720K->333176K(572416K), 0.0034504 secs] [Times: user=0.02 sys=0.00, real=0.00 secs] 
1255.841: [GC (Allocation Failure) [PSYoungGen: 107872K->1408K(107008K)] 439672K->333208K(571392K), 0.0031418 secs] [Times: user=0.01 sys=0.00, real=0.00 secs] 
1256.963: [GC (Allocation Failure) [PSYoungGen: 106880K->1376K(105984K)] 438680K->333184K(570368K), 0.0029460 secs] [Times: user=0.01 sys=0.01, real=0.01 secs] 
1258.429: [GC (Allocation Failure) [PSYoungGen: 105824K->1376K(104960K)] 437632K->333184K(569344K), 0.0017052 secs] [Times: user=0.00 sys=0.00, real=0.00 secs] 
1258.930: [GC (Allocation Failure) [PSYoungGen: 104800K->1376K(103936K)] 436608K->333192K(568320K), 0.0019649 secs] [Times: user=0.01 sys=0.00, real=0.00 secs] 
1259.364: [GC (Allocation Failure) [PSYoungGen: 103776K->1376K(109056K)] 435592K->333200K(573440K), 0.0016754 secs] [Times: user=0.01 sys=0.00, real=0.01 secs] 
1260.251: [GC (Allocation Failure) [PSYoungGen: 108896K->1408K(108032K)] 440720K->333240K(572416K), 0.0017122 secs] [Times: user=0.00 sys=0.00, real=0.00 secs] 
1260.693: [GC (Allocation Failure) [PSYoungGen: 107904K->1344K(113152K)] 439736K->333184K(577536K), 0.0016263 secs] [Times: user=0.01 sys=0.00, real=0.00 secs] 
1261.156: [GC (Allocation Failure) [PSYoungGen: 112960K->1344K(119296K)] 444800K->333184K(583680K), 0.0018537 secs] [Times: user=0.01 sys=0.00, real=0.00 secs] 
1262.180: [GC (Allocation Failure) [PSYoungGen: 119104K->1408K(124928K)] 450944K->333248K(589312K), 0.0018186 secs] [Times: user=0.01 sys=0.00, real=0.00 secs] 
1262.719: [GC (Allocation Failure) [PSYoungGen: 124800K->1360K(131584K)] 456640K->333200K(595968K), 0.0020456 secs] [Times: user=0.01 sys=0.00, real=0.00 secs] 
1264.502: [GC (Allocation Failure) [PSYoungGen: 131408K->1376K(130048K)] 463248K->333216K(594432K), 0.0029086 secs] [Times: user=0.01 sys=0.00, real=0.00 secs] 
1266.346: [GC (Allocation Failure) [PSYoungGen: 129888K->1344K(128512K)] 461728K->333200K(592896K), 0.0034801 secs] [Times: user=0.01 sys=0.00, real=0.00 secs] 
1268.257: [GC (Allocation Failure) [PSYoungGen: 128320K->896K(126464K)] 460176K->333784K(590848K), 0.0017882 secs] [Times: user=0.01 sys=0.00, real=0.00 secs] 
1268.778: [GC (Allocation Failure) [PSYoungGen: 126336K->320K(124928K)] 459224K->333208K(589312K), 0.0017321 secs] [Times: user=0.01 sys=0.00, real=0.00 secs] 
1269.295: [GC (Allocation Failure) [PSYoungGen: 124736K->320K(123904K)] 457624K->333208K(588288K), 0.0017018 secs] [Times: user=0.01 sys=0.00, real=0.01 secs] 
1270.881: [GC (Allocation Failure) [PSYoungGen: 123712K->1408K(124416K)] 456600K->334296K(588800K), 0.0018449 secs] [Times: user=0.01 sys=0.00, real=0.00 secs] 
1272.380: [GC (Allocation Failure) [PSYoungGen: 123776K->1312K(122880K)] 456664K->334200K(587264K), 0.0024137 secs] [Times: user=0.01 sys=0.01, real=0.00 secs] 
1274.295: [GC (Allocation Failure) [PSYoungGen: 122656K->1376K(121856K)] 455544K->334264K(586240K), 0.0017117 secs] [Times: user=0.01 sys=0.00, real=0.01 secs] 
1275.228: [GC (Allocation Failure) [PSYoungGen: 121696K->1376K(120832K)] 454584K->334264K(585216K), 0.0020502 secs] [Times: user=0.01 sys=0.00, real=0.00 secs] 
1276.202: [GC (Allocation Failure) [PSYoungGen: 120672K->1328K(119808K)] 453560K->334216K(584192K), 0.0022735 secs] [Times: user=0.00 sys=0.00, real=0.00 secs] 
1277.309: [GC (Allocation Failure) [PSYoungGen: 119600K->1408K(118784K)] 452488K->334304K(583168K), 0.0018376 secs] [Times: user=0.01 sys=0.00, real=0.00 secs] 
1278.305: [GC (Allocation Failure) [PSYoungGen: 118656K->1344K(117760K)] 451552K->334240K(582144K), 0.0019645 secs] [Times: user=0.01 sys=0.00, real=0.01 secs] 
1279.632: [GC (Allocation Failure) [PSYoungGen: 117568K->1440K(116736K)] 450464K->334336K(581120K), 0.0015284 secs] [Times: user=0.01 sys=0.00, real=0.00 secs] 
1280.545: [GC (Allocation Failure) [PSYoungGen: 116640K->1376K(115712K)] 449536K->334272K(580096K), 0.0019783 secs] [Times: user=0.00 sys=0.00, real=0.01 secs] 
1281.994: [GC (Allocation Failure) [PSYoungGen: 115552K->1376K(114688K)] 448448K->334272K(579072K), 0.0019877 secs] [Times: user=0.01 sys=0.00, real=0.01 secs] 
1284.477: [GC (Allocation Failure) [PSYoungGen: 114528K->1392K(113664K)] 447424K->334288K(578048K), 0.0031194 secs] [Times: user=0.01 sys=0.00, real=0.00 secs] 
1285.468: [GC (Allocation Failure) [PSYoungGen: 113520K->1344K(112640K)] 446416K->334240K(577024K), 0.0030199 secs] [Times: user=0.01 sys=0.00, real=0.00 secs] 
1286.440: [GC (Allocation Failure) [PSYoungGen: 112448K->1360K(111616K)] 445344K->334256K(576000K), 0.0021651 secs] [Times: user=0.01 sys=0.00, real=0.00 secs] 
1287.442: [GC (Allocation Failure) [PSYoungGen: 111440K->1376K(110592K)] 444336K->334272K(574976K), 0.0019473 secs] [Times: user=0.01 sys=0.00, real=0.00 secs] 
1288.476: [GC (Allocation Failure) [PSYoungGen: 110432K->1312K(109568K)] 443328K->334208K(573952K), 0.0035842 secs] [Times: user=0.01 sys=0.00, real=0.01 secs] 
1289.881: [GC (Allocation Failure) [PSYoungGen: 109344K->1408K(108544K)] 442240K->335336K(572928K), 0.0016855 secs] [Times: user=0.00 sys=0.00, real=0.00 secs] 
1291.023: [GC (Allocation Failure) [PSYoungGen: 108416K->320K(106496K)] 442344K->334248K(570880K), 0.0042434 secs] [Times: user=0.02 sys=0.00, real=0.01 secs] 
1291.984: [GC (Allocation Failure) [PSYoungGen: 106304K->288K(105472K)] 440232K->334216K(569856K), 0.0024933 secs] [Times: user=0.01 sys=0.00, real=0.01 secs] 
1293.206: [GC (Allocation Failure) [PSYoungGen: 105248K->1392K(105984K)] 439176K->335320K(570368K), 0.0019330 secs] [Times: user=0.00 sys=0.01, real=0.00 secs] 
1293.639: [GC (Allocation Failure) [PSYoungGen: 105328K->1360K(104448K)] 439256K->335288K(568832K), 0.0018143 secs] [Times: user=0.00 sys=0.00, real=0.00 secs] 
1294.258: [GC (Allocation Failure) [PSYoungGen: 104272K->1376K(111104K)] 438200K->335304K(575488K), 0.0056368 secs] [Times: user=0.02 sys=0.01, real=0.00 secs] 
1295.646: [GC (Allocation Failure) [PSYoungGen: 110944K->1392K(117248K)] 444872K->335320K(581632K), 0.0019389 secs] [Times: user=0.01 sys=0.00, real=0.00 secs] 
1296.840: [GC (Allocation Failure) [PSYoungGen: 117104K->1376K(123904K)] 451032K->335304K(588288K), 0.0036490 secs] [Times: user=0.01 sys=0.00, real=0.00 secs] 
1298.481: [GC (Allocation Failure) [PSYoungGen: 123744K->1392K(122880K)] 457672K->335328K(587264K), 0.0014718 secs] [Times: user=0.01 sys=0.00, real=0.00 secs] 
1299.714: [GC (Allocation Failure) [PSYoungGen: 122736K->1408K(121856K)] 456672K->335344K(586240K), 0.0022640 secs] [Times: user=0.01 sys=0.00, real=0.01 secs] 
1300.713: [GC (Allocation Failure) [PSYoungGen: 121728K->1376K(120832K)] 455664K->335312K(585216K), 0.0026009 secs] [Times: user=0.01 sys=0.01, real=0.00 secs] 
1302.567: [GC (Allocation Failure) [PSYoungGen: 120672K->1408K(119808K)] 454608K->335344K(584192K), 0.0035605 secs] [Times: user=0.02 sys=0.00, real=0.00 secs] 
1303.717: [GC (Allocation Failure) [PSYoungGen: 119680K->1376K(118784K)] 453616K->335312K(583168K), 0.0025596 secs] [Times: user=0.01 sys=0.00, real=0.00 secs] 
1304.711: [GC (Allocation Failure) [PSYoungGen: 118624K->1373K(117760K)] 452560K->335309K(582144K), 0.0015896 secs] [Times: user=0.00 sys=0.00, real=0.00 secs] 
1306.055: [GC (Allocation Failure) [PSYoungGen: 117597K->1408K(116736K)] 451533K->335344K(581120K), 0.0018778 secs] [Times: user=0.01 sys=0.00, real=0.01 secs] 
1307.149: [GC (Allocation Failure) [PSYoungGen: 116608K->1376K(115712K)] 450544K->335312K(580096K), 0.0046493 secs] [Times: user=0.02 sys=0.00, real=0.00 secs] 
1308.716: [GC (Allocation Failure) [PSYoungGen: 115552K->1408K(114688K)] 449488K->335360K(579072K), 0.0015425 secs] [Times: user=0.01 sys=0.00, real=0.00 secs] 
1310.026: [GC (Allocation Failure) [PSYoungGen: 114560K->1376K(113664K)] 448512K->335328K(578048K), 0.0017865 secs] [Times: user=0.01 sys=0.00, real=0.01 secs] 
1311.020: [GC (Allocation Failure) [PSYoungGen: 113504K->1376K(112640K)] 447456K->335328K(577024K), 0.0017813 secs] [Times: user=0.01 sys=0.00, real=0.00 secs] 
1312.103: [GC (Allocation Failure) [PSYoungGen: 112480K->1440K(111616K)] 446432K->335392K(576000K), 0.0018984 secs] [Times: user=0.00 sys=0.00, real=0.00 secs] 
1312.604: [GC (Allocation Failure) [PSYoungGen: 111520K->1344K(110592K)] 445472K->335296K(574976K), 0.0019043 secs] [Times: user=0.01 sys=0.00, real=0.01 secs] 
1313.338: [GC (Allocation Failure) [PSYoungGen: 110400K->1360K(109568K)] 444352K->335312K(573952K), 0.0016320 secs] [Times: user=0.01 sys=0.00, real=0.00 secs] 
1314.041: [GC (Allocation Failure) [PSYoungGen: 109392K->1360K(108544K)] 443344K->335312K(572928K), 0.0018051 secs] [Times: user=0.01 sys=0.00, real=0.00 secs] 
1314.511: [GC (Allocation Failure) [PSYoungGen: 108368K->1376K(107520K)] 442320K->335328K(571904K), 0.0019413 secs] [Times: user=0.01 sys=0.00, real=0.00 secs] 
1315.483: [GC (Allocation Failure) [PSYoungGen: 107360K->1408K(106496K)] 441312K->336384K(570880K), 0.0015596 secs] [Times: user=0.00 sys=0.00, real=0.00 secs] 
1315.959: [GC (Allocation Failure) [PSYoungGen: 106368K->320K(104448K)] 441344K->335304K(568832K), 0.0017467 secs] [Times: user=0.01 sys=0.00, real=0.00 secs] 
1316.475: [GC (Allocation Failure) [PSYoungGen: 104256K->320K(103424K)] 439240K->335312K(567808K), 0.0020268 secs] [Times: user=0.01 sys=0.00, real=0.01 secs] 
1317.673: [GC (Allocation Failure) [PSYoungGen: 103232K->1408K(103936K)] 438224K->336400K(568320K), 0.0015530 secs] [Times: user=0.00 sys=0.00, real=0.00 secs] 
1318.545: [GC (Allocation Failure) [PSYoungGen: 103296K->1328K(102400K)] 438288K->336320K(566784K), 0.0020191 secs] [Times: user=0.01 sys=0.00, real=0.01 secs] 
1319.018: [GC (Allocation Failure) [PSYoungGen: 102192K->1344K(101376K)] 437184K->336336K(565760K), 0.0021294 secs] [Times: user=0.01 sys=0.00, real=0.00 secs] 
1320.847: [GC (Allocation Failure) [PSYoungGen: 101184K->1376K(100864K)] 436176K->336368K(565248K), 0.0021190 secs] [Times: user=0.01 sys=0.00, real=0.00 secs] 
1322.652: [GC (Allocation Failure) [PSYoungGen: 100704K->1360K(100352K)] 435696K->336352K(564736K), 0.0029917 secs] [Times: user=0.01 sys=0.00, real=0.00 secs] 
1323.761: [GC (Allocation Failure) [PSYoungGen: 100176K->1312K(99840K)] 435168K->336304K(564224K), 0.0033126 secs] [Times: user=0.02 sys=0.00, real=0.00 secs] 
1325.220: [GC (Allocation Failure) [PSYoungGen: 99616K->1376K(99328K)] 434608K->336376K(563712K), 0.0022158 secs] [Times: user=0.01 sys=0.00, real=0.00 secs] 
1325.933: [GC (Allocation Failure) [PSYoungGen: 99168K->1344K(98816K)] 434168K->336344K(563200K), 0.0023728 secs] [Times: user=0.01 sys=0.00, real=0.00 secs] 
1326.736: [GC (Allocation Failure) [PSYoungGen: 98624K->1344K(98304K)] 433624K->336344K(562688K), 0.0027685 secs] [Times: user=0.01 sys=0.00, real=0.00 secs] 
1327.933: [GC (Allocation Failure) [PSYoungGen: 98112K->1408K(97792K)] 433112K->336408K(562176K), 0.0018342 secs] [Times: user=0.01 sys=0.00, real=0.00 secs] 
1328.333: [GC (Allocation Failure) [PSYoungGen: 97664K->1408K(97280K)] 432664K->336408K(561664K), 0.0017356 secs] [Times: user=0.00 sys=0.00, real=0.00 secs] 
1328.949: [GC (Allocation Failure) [PSYoungGen: 97152K->1360K(96768K)] 432152K->336360K(561152K), 0.0021290 secs] [Times: user=0.01 sys=0.00, real=0.00 secs] 
1330.174: [GC (Allocation Failure) [PSYoungGen: 96592K->1920K(96768K)] 431592K->336920K(561152K), 0.0020271 secs] [Times: user=0.01 sys=0.00, real=0.00 secs] 
1330.676: [GC (Allocation Failure) [PSYoungGen: 96640K->320K(94720K)] 431640K->336344K(559104K), 0.0018827 secs] [Times: user=0.00 sys=0.00, real=0.00 secs] 
1331.067: [GC (Allocation Failure) [PSYoungGen: 94528K->384K(100352K)] 430552K->336408K(564736K), 0.0021815 secs] [Times: user=0.00 sys=0.00, real=0.00 secs] 
1331.898: [GC (Allocation Failure) [PSYoungGen: 100224K->1341K(100864K)] 436248K->337365K(565248K), 0.0016112 secs] [Times: user=0.00 sys=0.00, real=0.00 secs] 
1332.362: [GC (Allocation Failure) [PSYoungGen: 100669K->1408K(105984K)] 436693K->337432K(570368K), 0.0016967 secs] [Times: user=0.01 sys=0.00, real=0.00 secs] 
1332.791: [GC (Allocation Failure) [PSYoungGen: 104832K->1344K(108032K)] 440856K->337368K(572416K), 0.0018053 secs] [Times: user=0.01 sys=0.00, real=0.00 secs] 
1333.892: [GC (Allocation Failure) [PSYoungGen: 106816K->1904K(106496K)] 442840K->337944K(570880K), 0.0020454 secs] [Times: user=0.01 sys=0.00, real=0.00 secs] 
1334.356: [GC (Allocation Failure) [PSYoungGen: 106352K->1344K(107008K)] 442392K->337384K(571392K), 0.0019335 secs] [Times: user=0.01 sys=0.00, real=0.00 secs] 
1335.209: [GC (Allocation Failure) [PSYoungGen: 106304K->1376K(107520K)] 442344K->337416K(571904K), 0.0033180 secs] [Times: user=0.01 sys=0.00, real=0.00 secs] 
1336.595: [GC (Allocation Failure) [PSYoungGen: 106336K->1408K(105472K)] 442376K->337448K(569856K), 0.0018053 secs] [Times: user=0.01 sys=0.00, real=0.01 secs] 
1337.116: [GC (Allocation Failure) [PSYoungGen: 105344K->1376K(104448K)] 441384K->337416K(568832K), 0.0019440 secs] [Times: user=0.01 sys=0.00, real=0.00 secs] 
1337.646: [GC (Allocation Failure) [PSYoungGen: 104288K->1376K(103424K)] 440328K->337416K(567808K), 0.0018702 secs] [Times: user=0.01 sys=0.00, real=0.00 secs] 
1338.567: [GC (Allocation Failure) [PSYoungGen: 103264K->1376K(102400K)] 439304K->337424K(566784K), 0.0019081 secs] [Times: user=0.01 sys=0.00, real=0.00 secs] 
1339.160: [GC (Allocation Failure) [PSYoungGen: 102240K->1376K(108544K)] 438288K->337424K(572928K), 0.0030440 secs] [Times: user=0.01 sys=0.00, real=0.00 secs] 
1340.059: [GC (Allocation Failure) [PSYoungGen: 108384K->1376K(111104K)] 444432K->337432K(575488K), 0.0026727 secs] [Times: user=0.01 sys=0.00, real=0.00 secs] 
1341.179: [GC (Allocation Failure) [PSYoungGen: 110432K->1376K(109568K)] 446488K->337440K(573952K), 0.0019152 secs] [Times: user=0.01 sys=0.00, real=0.00 secs] 
1341.629: [GC (Allocation Failure) [PSYoungGen: 109408K->1376K(108544K)] 445472K->337440K(572928K), 0.0019837 secs] [Times: user=0.01 sys=0.00, real=0.00 secs] 
1342.252: [GC (Allocation Failure) [PSYoungGen: 108384K->1376K(107520K)] 444448K->337440K(571904K), 0.0017420 secs] [Times: user=0.01 sys=0.00, real=0.00 secs] 
1343.612: [GC (Allocation Failure) [PSYoungGen: 107360K->1440K(106496K)] 443424K->337504K(570880K), 0.0019949 secs] [Times: user=0.00 sys=0.00, real=0.00 secs] 
1344.992: [GC (Allocation Failure) [PSYoungGen: 106400K->1344K(105472K)] 442464K->337408K(569856K), 0.0025630 secs] [Times: user=0.01 sys=0.00, real=0.00 secs] 
1346.613: [GC (Allocation Failure) [PSYoungGen: 105280K->1328K(104448K)] 441344K->337392K(568832K), 0.0032373 secs] [Times: user=0.01 sys=0.00, real=0.01 secs] 
1347.539: [GC (Allocation Failure) [PSYoungGen: 104240K->1360K(103424K)] 440304K->337424K(567808K), 0.0017050 secs] [Times: user=0.00 sys=0.00, real=0.00 secs] 
1347.994: [GC (Allocation Failure) [PSYoungGen: 103248K->1376K(102400K)] 439312K->337440K(566784K), 0.0019626 secs] [Times: user=0.00 sys=0.00, real=0.01 secs] 
1348.811: [GC (Allocation Failure) [PSYoungGen: 102240K->1341K(101376K)] 438304K->337405K(565760K), 0.0015343 secs] [Times: user=0.01 sys=0.00, real=0.00 secs] 
1349.822: [GC (Allocation Failure) [PSYoungGen: 101181K->1408K(100864K)] 437245K->337472K(565248K), 0.0018106 secs] [Times: user=0.01 sys=0.00, real=0.00 secs] 
1350.249: [GC (Allocation Failure) [PSYoungGen: 100736K->1376K(100352K)] 436800K->337440K(564736K), 0.0019819 secs] [Times: user=0.01 sys=0.00, real=0.00 secs] 
1350.909: [GC (Allocation Failure) [PSYoungGen: 100192K->1373K(99840K)] 436256K->337437K(564224K), 0.0016497 secs] [Times: user=0.00 sys=0.00, real=0.00 secs] 
1353.162: [GC (Allocation Failure) [PSYoungGen: 99677K->1424K(99328K)] 435741K->337488K(563712K), 0.0043796 secs] [Times: user=0.02 sys=0.00, real=0.01 secs] 
1354.046: [GC (Allocation Failure) [PSYoungGen: 99216K->1376K(98816K)] 435280K->337440K(563200K), 0.0027262 secs] [Times: user=0.01 sys=0.00, real=0.00 secs] 
1355.047: [GC (Allocation Failure) [PSYoungGen: 98656K->1373K(98304K)] 434720K->337445K(562688K), 0.0023586 secs] [Times: user=0.01 sys=0.00, real=0.00 secs] 
1355.914: [GC (Allocation Failure) [PSYoungGen: 98141K->1408K(97792K)] 434213K->337480K(562176K), 0.0020853 secs] [Times: user=0.00 sys=0.00, real=0.01 secs] 
1356.717: [GC (Allocation Failure) [PSYoungGen: 97664K->288K(96256K)] 433736K->337384K(560640K), 0.0034577 secs] [Times: user=0.01 sys=0.00, real=0.00 secs] 
1357.508: [GC (Allocation Failure) [PSYoungGen: 96032K->352K(97280K)] 433128K->337448K(561664K), 0.0022071 secs] [Times: user=0.00 sys=0.00, real=0.00 secs] 
1358.941: [GC (Allocation Failure) [PSYoungGen: 95584K->1408K(96256K)] 432680K->338504K(560640K), 0.0022895 secs] [Times: user=0.01 sys=0.00, real=0.00 secs] 
1360.269: [GC (Allocation Failure) [PSYoungGen: 96128K->1344K(95744K)] 433224K->338440K(560128K), 0.0028063 secs] [Times: user=0.01 sys=0.00, real=0.00 secs] 
1361.316: [GC (Allocation Failure) [PSYoungGen: 95552K->1376K(95232K)] 432648K->338472K(559616K), 0.0045791 secs] [Times: user=0.01 sys=0.00, real=0.00 secs] 
1362.968: [GC (Allocation Failure) [PSYoungGen: 95072K->1408K(94720K)] 432168K->338504K(559104K), 0.0026021 secs] [Times: user=0.01 sys=0.00, real=0.00 secs] 
1364.539: [GC (Allocation Failure) [PSYoungGen: 94592K->1344K(94208K)] 431688K->338440K(558592K), 0.0025494 secs] [Times: user=0.01 sys=0.00, real=0.00 secs] 
1365.707: [GC (Allocation Failure) [PSYoungGen: 94016K->1376K(93696K)] 431112K->338472K(558080K), 0.0027831 secs] [Times: user=0.01 sys=0.00, real=0.00 secs] 
1366.857: [GC (Allocation Failure) [PSYoungGen: 93536K->1376K(93184K)] 430632K->338472K(557568K), 0.0016987 secs] [Times: user=0.00 sys=0.00, real=0.00 secs] 
1367.238: [GC (Allocation Failure) [PSYoungGen: 93024K->1408K(92672K)] 430120K->338512K(557056K), 0.0019103 secs] [Times: user=0.01 sys=0.00, real=0.00 secs] 
1367.617: [GC (Allocation Failure) [PSYoungGen: 92544K->1344K(98304K)] 429648K->338448K(562688K), 0.0021838 secs] [Times: user=0.01 sys=0.00, real=0.00 secs] 
1368.705: [GC (Allocation Failure) [PSYoungGen: 98112K->1408K(97792K)] 435216K->339536K(562176K), 0.0021567 secs] [Times: user=0.01 sys=0.00, real=0.01 secs] 
1370.136: [GC (Allocation Failure) [PSYoungGen: 97664K->304K(96256K)] 435792K->338432K(560640K), 0.0040052 secs] [Times: user=0.01 sys=0.00, real=0.00 secs] 
1370.899: [GC (Allocation Failure) [PSYoungGen: 96048K->384K(97280K)] 434176K->338512K(561664K), 0.0026296 secs] [Times: user=0.01 sys=0.00, real=0.00 secs] 
1371.805: [GC (Allocation Failure) [PSYoungGen: 95616K->128K(95232K)] 433744K->338256K(559616K), 0.0015975 secs] [Times: user=0.01 sys=0.00, real=0.01 secs] 
1374.394: [GC (Allocation Failure) [PSYoungGen: 94848K->1312K(96256K)] 432976K->339440K(560640K), 0.0041927 secs] [Times: user=0.02 sys=0.01, real=0.01 secs] 
1375.675: [GC (Allocation Failure) [PSYoungGen: 95520K->1376K(95232K)] 433648K->339504K(559616K), 0.0028435 secs] [Times: user=0.01 sys=0.00, real=0.01 secs] 
1376.683: [GC (Allocation Failure) [PSYoungGen: 94938K->240K(93696K)] 433066K->338368K(558080K), 0.0033850 secs] [Times: user=0.01 sys=0.00, real=0.01 secs] 
1377.560: [GC (Allocation Failure) [PSYoungGen: 93424K->1408K(94208K)] 431552K->339544K(558592K), 0.0017162 secs] [Times: user=0.01 sys=0.00, real=0.00 secs] 
1377.944: [GC (Allocation Failure) [PSYoungGen: 94080K->1344K(93696K)] 432216K->339480K(558080K), 0.0017602 secs] [Times: user=0.01 sys=0.00, real=0.01 secs] 
1378.336: [GC (Allocation Failure) [PSYoungGen: 93504K->1376K(93696K)] 431640K->339512K(558080K), 0.0018012 secs] [Times: user=0.00 sys=0.00, real=0.00 secs] 
1379.570: [GC (Allocation Failure) [PSYoungGen: 93024K->1392K(92672K)] 431160K->339528K(557056K), 0.0025731 secs] [Times: user=0.01 sys=0.01, real=0.00 secs] 
1380.622: [GC (Allocation Failure) [PSYoungGen: 92528K->1344K(92672K)] 430664K->339480K(557056K), 0.0027974 secs] [Times: user=0.01 sys=0.00, real=0.00 secs] 
1381.493: [GC (Allocation Failure) [PSYoungGen: 91968K->1376K(91648K)] 430104K->339512K(556032K), 0.0021651 secs] [Times: user=0.01 sys=0.00, real=0.00 secs] 
1382.799: [GC (Allocation Failure) [PSYoungGen: 91488K->1392K(91648K)] 429624K->339528K(556032K), 0.0017776 secs] [Times: user=0.01 sys=0.00, real=0.00 secs] 
1383.590: [GC (Allocation Failure) [PSYoungGen: 90992K->1376K(90624K)] 429128K->339512K(555008K), 0.0031300 secs] [Times: user=0.01 sys=0.00, real=0.00 secs] 
1384.372: [GC (Allocation Failure) [PSYoungGen: 90464K->1344K(90112K)] 428600K->339480K(554496K), 0.0022845 secs] [Times: user=0.00 sys=0.00, real=0.00 secs] 
1385.410: [GC (Allocation Failure) [PSYoungGen: 89920K->1376K(89600K)] 428056K->339520K(553984K), 0.0016093 secs] [Times: user=0.01 sys=0.00, real=0.00 secs] 
1386.734: [GC (Allocation Failure) [PSYoungGen: 89440K->1376K(89088K)] 427584K->339520K(553472K), 0.0038395 secs] [Times: user=0.02 sys=0.00, real=0.01 secs] 
1387.620: [GC (Allocation Failure) [PSYoungGen: 88928K->1344K(88576K)] 427072K->339488K(552960K), 0.0035594 secs] [Times: user=0.01 sys=0.01, real=0.00 secs] 
1388.559: [GC (Allocation Failure) [PSYoungGen: 88384K->1344K(88064K)] 426528K->339488K(552448K), 0.0032711 secs] [Times: user=0.02 sys=0.00, real=0.00 secs] 
1389.870: [GC (Allocation Failure) [PSYoungGen: 87872K->1376K(87552K)] 426016K->339520K(551936K), 0.0021693 secs] [Times: user=0.01 sys=0.00, real=0.00 secs] 
1390.591: [GC (Allocation Failure) [PSYoungGen: 87392K->1344K(87040K)] 425536K->339488K(551424K), 0.0042166 secs] [Times: user=0.02 sys=0.00, real=0.00 secs] 
1391.275: [GC (Allocation Failure) [PSYoungGen: 86848K->1344K(86528K)] 424992K->339488K(550912K), 0.0027002 secs] [Times: user=0.01 sys=0.00, real=0.01 secs] 
1392.235: [GC (Allocation Failure) [PSYoungGen: 86336K->1408K(86016K)] 424480K->339552K(550400K), 0.0013944 secs] [Times: user=0.00 sys=0.00, real=0.01 secs] 
1392.987: [GC (Allocation Failure) [PSYoungGen: 85888K->1344K(85504K)] 424032K->339488K(549888K), 0.0018473 secs] [Times: user=0.01 sys=0.01, real=0.00 secs] 
1393.754: [GC (Allocation Failure) [PSYoungGen: 85312K->1344K(84992K)] 423456K->339496K(549376K), 0.0027381 secs] [Times: user=0.01 sys=0.00, real=0.01 secs] 
1394.552: [GC (Allocation Failure) [PSYoungGen: 84800K->1376K(84480K)] 422952K->339536K(548864K), 0.0034773 secs] [Times: user=0.01 sys=0.00, real=0.00 secs] 
1395.680: [GC (Allocation Failure) [PSYoungGen: 84320K->1376K(83968K)] 422480K->339536K(548352K), 0.0017810 secs] [Times: user=0.01 sys=0.00, real=0.00 secs] 
1396.446: [GC (Allocation Failure) [PSYoungGen: 83808K->1360K(83456K)] 421968K->339520K(547840K), 0.0023427 secs] [Times: user=0.01 sys=0.00, real=0.00 secs] 
1397.161: [GC (Allocation Failure) [PSYoungGen: 83280K->1408K(82944K)] 421440K->339568K(547328K), 0.0025388 secs] [Times: user=0.01 sys=0.00, real=0.00 secs] 
1397.985: [GC (Allocation Failure) [PSYoungGen: 82816K->1373K(82432K)] 420976K->339533K(546816K), 0.0024843 secs] [Times: user=0.01 sys=0.00, real=0.01 secs] 
1399.149: [GC (Allocation Failure) [PSYoungGen: 82269K->1408K(81920K)] 420429K->339568K(546304K), 0.0026563 secs] [Times: user=0.01 sys=0.00, real=0.00 secs] 
1399.667: [GC (Allocation Failure) [PSYoungGen: 81792K->1328K(81408K)] 419952K->339488K(545792K), 0.0025478 secs] [Times: user=0.00 sys=0.00, real=0.00 secs] 
1399.996: [GC (Allocation Failure) [PSYoungGen: 81200K->1376K(81920K)] 419360K->339536K(546304K), 0.0018685 secs] [Times: user=0.00 sys=0.00, real=0.00 secs] 
1400.927: [GC (Allocation Failure) [PSYoungGen: 81760K->1920K(81920K)] 419920K->340080K(546304K), 0.0018364 secs] [Times: user=0.01 sys=0.00, real=0.00 secs] 
1401.615: [GC (Allocation Failure) [PSYoungGen: 81792K->1408K(81920K)] 419952K->339568K(546304K), 0.0032292 secs] [Times: user=0.01 sys=0.00, real=0.01 secs] 
1402.098: [GC (Allocation Failure) [PSYoungGen: 81792K->1360K(82432K)] 419952K->339528K(546816K), 0.0020256 secs] [Times: user=0.01 sys=0.00, real=0.00 secs] 
1402.431: [GC (Allocation Failure) [PSYoungGen: 81744K->1376K(87552K)] 419912K->339544K(551936K), 0.0020599 secs] [Times: user=0.00 sys=0.00, real=0.00 secs] 
1403.949: [GC (Allocation Failure) [PSYoungGen: 86880K->1376K(87552K)] 425048K->339544K(551936K), 0.0028669 secs] [Times: user=0.01 sys=0.00, real=0.00 secs] 
1404.710: [GC (Allocation Failure) [PSYoungGen: 86880K->1376K(92160K)] 425048K->339544K(556544K), 0.0026506 secs] [Times: user=0.02 sys=0.00, real=0.00 secs] 
1405.139: [GC (Allocation Failure) [PSYoungGen: 92000K->1376K(92672K)] 430168K->339544K(557056K), 0.0021863 secs] [Times: user=0.00 sys=0.00, real=0.00 secs] 
1406.109: [GC (Allocation Failure) [PSYoungGen: 92000K->1472K(91648K)] 430168K->339640K(556032K), 0.0019784 secs] [Times: user=0.01 sys=0.00, real=0.00 secs] 
1406.904: [GC (Allocation Failure) [PSYoungGen: 91584K->1328K(91136K)] 429752K->339504K(555520K), 0.0023662 secs] [Times: user=0.01 sys=0.00, real=0.01 secs] 
1407.391: [GC (Allocation Failure) [PSYoungGen: 90928K->1344K(90624K)] 429104K->339520K(555008K), 0.0018747 secs] [Times: user=0.00 sys=0.00, real=0.00 secs] 
1407.874: [GC (Allocation Failure) [PSYoungGen: 90432K->1328K(97280K)] 428608K->339504K(561664K), 0.0037391 secs] [Times: user=0.01 sys=0.00, real=0.01 secs] 
1409.154: [GC (Allocation Failure) [PSYoungGen: 96560K->1408K(96256K)] 434736K->339584K(560640K), 0.0015746 secs] [Times: user=0.01 sys=0.01, real=0.01 secs] 
1410.150: [GC (Allocation Failure) [PSYoungGen: 96128K->1344K(95744K)] 434304K->339528K(560128K), 0.0022232 secs] [Times: user=0.01 sys=0.00, real=0.00 secs] 
1411.297: [GC (Allocation Failure) [PSYoungGen: 95552K->1376K(95232K)] 433736K->339560K(559616K), 0.0025313 secs] [Times: user=0.01 sys=0.00, real=0.00 secs] 
1412.725: [GC (Allocation Failure) [PSYoungGen: 95072K->1376K(94720K)] 433256K->339560K(559104K), 0.0020309 secs] [Times: user=0.01 sys=0.00, real=0.01 secs] 
1413.641: [GC (Allocation Failure) [PSYoungGen: 94560K->1376K(94208K)] 432744K->339568K(558592K), 0.0022320 secs] [Times: user=0.01 sys=0.00, real=0.00 secs] 
1414.586: [GC (Allocation Failure) [PSYoungGen: 94048K->1344K(93696K)] 432240K->339536K(558080K), 0.0025017 secs] [Times: user=0.01 sys=0.00, real=0.00 secs] 
1416.472: [GC (Allocation Failure) [PSYoungGen: 93504K->384K(92160K)] 431696K->339600K(556544K), 0.0027409 secs] [Times: user=0.01 sys=0.00, real=0.00 secs] 
1417.587: [GC (Allocation Failure) [PSYoungGen: 92032K->352K(93184K)] 431248K->339568K(557568K), 0.0019516 secs] [Times: user=0.01 sys=0.00, real=0.00 secs] 
1418.410: [GC (Allocation Failure) [PSYoungGen: 91488K->336K(91648K)] 430704K->339552K(556032K), 0.0023640 secs] [Times: user=0.01 sys=0.00, real=0.00 secs] 
1419.610: [GC (Allocation Failure) [PSYoungGen: 90960K->1536K(92160K)] 430176K->340752K(556544K), 0.0018895 secs] [Times: user=0.01 sys=0.00, real=0.00 secs] 
1420.017: [GC (Allocation Failure) [PSYoungGen: 91648K->1344K(91136K)] 430864K->340560K(555520K), 0.0017051 secs] [Times: user=0.01 sys=0.00, real=0.00 secs] 
1420.389: [GC (Allocation Failure) [PSYoungGen: 90944K->1344K(90624K)] 430160K->340560K(555008K), 0.0017194 secs] [Times: user=0.00 sys=0.00, real=0.00 secs] 
1420.791: [GC (Allocation Failure) [PSYoungGen: 90432K->1344K(90112K)] 429648K->340560K(554496K), 0.0019163 secs] [Times: user=0.01 sys=0.00, real=0.00 secs] 
1422.233: [GC (Allocation Failure) [PSYoungGen: 89920K->1392K(89600K)] 429136K->340608K(553984K), 0.0034877 secs] [Times: user=0.01 sys=0.00, real=0.01 secs] 
1423.519: [GC (Allocation Failure) [PSYoungGen: 89456K->1376K(89088K)] 428672K->340592K(553472K), 0.0022513 secs] [Times: user=0.01 sys=0.00, real=0.00 secs] 
1424.106: [GC (Allocation Failure) [PSYoungGen: 88928K->1344K(88576K)] 428144K->340560K(552960K), 0.0020111 secs] [Times: user=0.01 sys=0.00, real=0.00 secs] 
1425.870: [GC (Allocation Failure) [PSYoungGen: 88384K->1408K(88064K)] 427600K->340640K(552448K), 0.0042846 secs] [Times: user=0.02 sys=0.00, real=0.00 secs] 
1426.383: [GC (Allocation Failure) [PSYoungGen: 87936K->1376K(87552K)] 427168K->340608K(551936K), 0.0020892 secs] [Times: user=0.01 sys=0.00, real=0.00 secs] 
1426.845: [GC (Allocation Failure) [PSYoungGen: 87392K->1392K(87040K)] 426624K->340624K(551424K), 0.0019137 secs] [Times: user=0.01 sys=0.00, real=0.01 secs] 
1427.573: [GC (Allocation Failure) [PSYoungGen: 86896K->1341K(86528K)] 426128K->340573K(550912K), 0.0018864 secs] [Times: user=0.01 sys=0.00, real=0.00 secs] 
1428.700: [GC (Allocation Failure) [PSYoungGen: 86333K->1408K(87040K)] 425565K->340640K(551424K), 0.0065790 secs] [Times: user=0.03 sys=0.00, real=0.01 secs] 
1429.215: [GC (Allocation Failure) [PSYoungGen: 86912K->1312K(87552K)] 426144K->340552K(551936K), 0.0020593 secs] [Times: user=0.01 sys=0.00, real=0.01 secs] 
1429.958: [GC (Allocation Failure) [PSYoungGen: 86816K->1360K(86528K)] 426056K->340600K(550912K), 0.0023793 secs] [Times: user=0.01 sys=0.00, real=0.00 secs] 
1430.980: [GC (Allocation Failure) [PSYoungGen: 86352K->1376K(86016K)] 425592K->340624K(550400K), 0.0019077 secs] [Times: user=0.01 sys=0.00, real=0.00 secs] 
1431.332: [GC (Allocation Failure) [PSYoungGen: 85856K->1344K(85504K)] 425104K->340592K(549888K), 0.0016724 secs] [Times: user=0.00 sys=0.00, real=0.00 secs] 
1431.680: [GC (Allocation Failure) [PSYoungGen: 85312K->1376K(91648K)] 424560K->340624K(556032K), 0.0016765 secs] [Times: user=0.01 sys=0.00, real=0.00 secs] 
1432.147: [GC (Allocation Failure) [PSYoungGen: 90976K->1376K(90624K)] 430224K->340632K(555008K), 0.0015489 secs] [Times: user=0.01 sys=0.00, real=0.00 secs] 
1433.757: [GC (Allocation Failure) [PSYoungGen: 90464K->1376K(90112K)] 429720K->340632K(554496K), 0.0020387 secs] [Times: user=0.01 sys=0.00, real=0.00 secs] 
1434.924: [GC (Allocation Failure) [PSYoungGen: 89952K->1376K(89600K)] 429208K->340632K(553984K), 0.0021128 secs] [Times: user=0.01 sys=0.00, real=0.01 secs] 
1435.544: [GC (Allocation Failure) [PSYoungGen: 89440K->1376K(89088K)] 428696K->340632K(553472K), 0.0019214 secs] [Times: user=0.01 sys=0.00, real=0.01 secs] 
1436.731: [GC (Allocation Failure) [PSYoungGen: 88928K->1376K(88576K)] 428184K->340632K(552960K), 0.0045992 secs] [Times: user=0.02 sys=0.00, real=0.00 secs] 
1437.928: [GC (Allocation Failure) [PSYoungGen: 88416K->1376K(88064K)] 427672K->340640K(552448K), 0.0030942 secs] [Times: user=0.01 sys=0.00, real=0.00 secs] 
1438.855: [GC (Allocation Failure) [PSYoungGen: 87904K->1360K(87552K)] 427168K->340624K(551936K), 0.0034439 secs] [Times: user=0.02 sys=0.00, real=0.01 secs] 
1440.176: [GC (Allocation Failure) [PSYoungGen: 87376K->160K(86016K)] 426640K->339424K(550400K), 0.0014789 secs] [Times: user=0.00 sys=0.00, real=0.00 secs] 
1441.058: [GC (Allocation Failure) [PSYoungGen: 85664K->1408K(86528K)] 424928K->340672K(550912K), 0.0023689 secs] [Times: user=0.01 sys=0.00, real=0.00 secs] 
1442.116: [GC (Allocation Failure) [PSYoungGen: 86400K->1344K(86016K)] 425664K->340608K(550400K), 0.0031271 secs] [Times: user=0.01 sys=0.00, real=0.01 secs] 
1442.822: [GC (Allocation Failure) [PSYoungGen: 85824K->1344K(85504K)] 425088K->340608K(549888K), 0.0023663 secs] [Times: user=0.01 sys=0.00, real=0.00 secs] 
1444.314: [GC (Allocation Failure) [PSYoungGen: 85312K->1408K(84992K)] 424576K->340680K(549376K), 0.0039551 secs] [Times: user=0.01 sys=0.00, real=0.01 secs] 
1445.062: [GC (Allocation Failure) [PSYoungGen: 84864K->1328K(84480K)] 424136K->340616K(548864K), 0.0031391 secs] [Times: user=0.01 sys=0.00, real=0.00 secs] 
1445.790: [GC (Allocation Failure) [PSYoungGen: 84272K->1344K(83968K)] 423560K->340632K(548352K), 0.0026049 secs] [Times: user=0.01 sys=0.00, real=0.00 secs] 
1446.436: [GC (Allocation Failure) [PSYoungGen: 83776K->1360K(83456K)] 423064K->340648K(547840K), 0.0016037 secs] [Times: user=0.01 sys=0.00, real=0.00 secs] 
1447.297: [GC (Allocation Failure) [PSYoungGen: 83280K->1344K(82944K)] 422568K->340632K(547328K), 0.0025169 secs] [Times: user=0.01 sys=0.00, real=0.00 secs] 
1448.052: [GC (Allocation Failure) [PSYoungGen: 82752K->1376K(82432K)] 422040K->340664K(546816K), 0.0031486 secs] [Times: user=0.02 sys=0.00, real=0.00 secs] 
1448.915: [GC (Allocation Failure) [PSYoungGen: 82272K->1344K(81920K)] 421560K->340632K(546304K), 0.0028928 secs] [Times: user=0.01 sys=0.00, real=0.01 secs] 
1450.119: [GC (Allocation Failure) [PSYoungGen: 81728K->1408K(81408K)] 421016K->341720K(545792K), 0.0016708 secs] [Times: user=0.01 sys=0.00, real=0.00 secs] 
1451.276: [GC (Allocation Failure) [PSYoungGen: 81280K->320K(79872K)] 421592K->340632K(544256K), 0.0024526 secs] [Times: user=0.01 sys=0.00, real=0.00 secs] 
1452.268: [GC (Allocation Failure) [PSYoungGen: 79680K->352K(80384K)] 419992K->340664K(544768K), 0.0027426 secs] [Times: user=0.01 sys=0.00, real=0.00 secs] 
1453.034: [GC (Allocation Failure) [PSYoungGen: 79200K->352K(78848K)] 419512K->340664K(543232K), 0.0026219 secs] [Times: user=0.01 sys=0.00, real=0.01 secs] 
1454.121: [GC (Allocation Failure) [PSYoungGen: 78688K->1376K(79360K)] 419000K->341696K(543744K), 0.0020298 secs] [Times: user=0.00 sys=0.00, real=0.00 secs] 
1454.682: [GC (Allocation Failure) [PSYoungGen: 79200K->1376K(78848K)] 419520K->341696K(543232K), 0.0018141 secs] [Times: user=0.01 sys=0.00, real=0.00 secs] 
1455.295: [GC (Allocation Failure) [PSYoungGen: 78688K->1344K(78336K)] 419008K->341664K(542720K), 0.0020829 secs] [Times: user=0.01 sys=0.00, real=0.01 secs] 
1455.932: [GC (Allocation Failure) [PSYoungGen: 78144K->1376K(77824K)] 418464K->341696K(542208K), 0.0022454 secs] [Times: user=0.01 sys=0.00, real=0.00 secs] 
1456.782: [GC (Allocation Failure) [PSYoungGen: 77664K->1376K(77312K)] 417984K->341712K(541696K), 0.0017058 secs] [Times: user=0.01 sys=0.00, real=0.00 secs] 
1457.097: [GC (Allocation Failure) [PSYoungGen: 77152K->1376K(76800K)] 417488K->341712K(541184K), 0.0018168 secs] [Times: user=0.00 sys=0.00, real=0.00 secs] 
1457.409: [GC (Allocation Failure) [PSYoungGen: 76640K->1376K(76288K)] 416976K->341712K(540672K), 0.0018392 secs] [Times: user=0.01 sys=0.00, real=0.00 secs] 
1457.719: [GC (Allocation Failure) [PSYoungGen: 76128K->1376K(76800K)] 416464K->341712K(541184K), 0.0017737 secs] [Times: user=0.01 sys=0.00, real=0.00 secs] 
1458.479: [GC (Allocation Failure) [PSYoungGen: 76128K->1408K(75776K)] 416464K->341744K(540160K), 0.0017738 secs] [Times: user=0.01 sys=0.00, real=0.00 secs] 
1458.787: [GC (Allocation Failure) [PSYoungGen: 75648K->1344K(81408K)] 415984K->341688K(545792K), 0.0017024 secs] [Times: user=0.01 sys=0.00, real=0.00 secs] 
1459.116: [GC (Allocation Failure) [PSYoungGen: 80704K->1344K(81408K)] 421048K->341696K(545792K), 0.0017841 secs] [Times: user=0.00 sys=0.00, real=0.00 secs] 
1459.446: [GC (Allocation Failure) [PSYoungGen: 80704K->1376K(81408K)] 421056K->341744K(545792K), 0.0018803 secs] [Times: user=0.01 sys=0.00, real=0.00 secs] 
1460.274: [GC (Allocation Failure) [PSYoungGen: 80736K->1424K(86016K)] 421104K->341792K(550400K), 0.0020893 secs] [Times: user=0.00 sys=0.00, real=0.01 secs] 
1460.638: [GC (Allocation Failure) [PSYoungGen: 85904K->1376K(86528K)] 426272K->341744K(550912K), 0.0019094 secs] [Times: user=0.01 sys=0.00, real=0.00 secs] 
1460.989: [GC (Allocation Failure) [PSYoungGen: 85856K->1376K(92160K)] 426224K->341744K(556544K), 0.0021218 secs] [Times: user=0.00 sys=0.00, real=0.00 secs] 
1462.250: [GC (Allocation Failure) [PSYoungGen: 91488K->1360K(92160K)] 431856K->343776K(556544K), 0.0026491 secs] [Times: user=0.01 sys=0.01, real=0.00 secs] 
1463.830: [GC (Allocation Failure) [PSYoungGen: 91472K->352K(90112K)] 433888K->342768K(554496K), 0.0034248 secs] [Times: user=0.01 sys=0.00, real=0.00 secs] 
1464.824: [GC (Allocation Failure) [PSYoungGen: 89952K->352K(91136K)] 432368K->342768K(555520K), 0.0039090 secs] [Times: user=0.01 sys=0.00, real=0.01 secs] 
1465.594: [GC (Allocation Failure) [PSYoungGen: 89440K->1357K(90112K)] 431856K->343773K(554496K), 0.0016312 secs] [Times: user=0.01 sys=0.00, real=0.00 secs] 
1466.645: [GC (Allocation Failure) [PSYoungGen: 89933K->1424K(89600K)] 432349K->343840K(553984K), 0.0018889 secs] [Times: user=0.00 sys=0.00, real=0.01 secs] 
1467.388: [GC (Allocation Failure) [PSYoungGen: 89488K->1328K(89088K)] 431904K->343744K(553472K), 0.0022739 secs] [Times: user=0.01 sys=0.00, real=0.00 secs] 
1468.157: [GC (Allocation Failure) [PSYoungGen: 88880K->1376K(88576K)] 431296K->343792K(552960K), 0.0023135 secs] [Times: user=0.01 sys=0.00, real=0.00 secs] 
1469.871: [GC (Allocation Failure) [PSYoungGen: 88416K->1344K(88064K)] 430832K->343760K(552448K), 0.0031306 secs] [Times: user=0.01 sys=0.00, real=0.00 secs] 
1471.308: [GC (Allocation Failure) [PSYoungGen: 87872K->1312K(87552K)] 430288K->343728K(551936K), 0.0034356 secs] [Times: user=0.01 sys=0.00, real=0.00 secs] 
1472.822: [GC (Allocation Failure) [PSYoungGen: 87328K->1376K(87040K)] 429744K->343792K(551424K), 0.0047548 secs] [Times: user=0.02 sys=0.00, real=0.01 secs] 
1474.277: [GC (Allocation Failure) [PSYoungGen: 86880K->1341K(86528K)] 429296K->343757K(550912K), 0.0015263 secs] [Times: user=0.01 sys=0.00, real=0.00 secs] 
1475.926: [GC (Allocation Failure) [PSYoungGen: 86333K->1376K(86016K)] 428749K->343792K(550400K), 0.0025632 secs] [Times: user=0.01 sys=0.00, real=0.01 secs] 
1476.717: [GC (Allocation Failure) [PSYoungGen: 85856K->1312K(85504K)] 428272K->343736K(549888K), 0.0023149 secs] [Times: user=0.01 sys=0.00, real=0.00 secs] 
1478.032: [GC (Allocation Failure) [PSYoungGen: 85280K->1376K(84992K)] 427704K->343800K(549376K), 0.0035644 secs] [Times: user=0.02 sys=0.00, real=0.00 secs] 
1480.551: [GC (Allocation Failure) [PSYoungGen: 84832K->1344K(84480K)] 427256K->343768K(548864K), 0.0035922 secs] [Times: user=0.01 sys=0.00, real=0.00 secs] 
1482.729: [GC (Allocation Failure) [PSYoungGen: 84288K->1344K(83968K)] 426712K->343768K(548352K), 0.0042460 secs] [Times: user=0.02 sys=0.00, real=0.00 secs] 
1485.172: [GC (Allocation Failure) [PSYoungGen: 83776K->1373K(83456K)] 426200K->343797K(547840K), 0.0016833 secs] [Times: user=0.01 sys=0.00, real=0.00 secs] 
1485.590: [GC (Allocation Failure) [PSYoungGen: 83293K->1408K(82944K)] 425717K->343832K(547328K), 0.0018196 secs] [Times: user=0.01 sys=0.00, real=0.00 secs] 
1485.945: [GC (Allocation Failure) [PSYoungGen: 82816K->1344K(82432K)] 425240K->343768K(546816K), 0.0018609 secs] [Times: user=0.01 sys=0.00, real=0.01 secs] 
1486.523: [GC (Allocation Failure) [PSYoungGen: 82240K->1360K(81920K)] 424664K->343784K(546304K), 0.0019470 secs] [Times: user=0.01 sys=0.00, real=0.00 secs] 
1487.553: [GC (Allocation Failure) [PSYoungGen: 81744K->1376K(81408K)] 424168K->343800K(545792K), 0.0018681 secs] [Times: user=0.01 sys=0.00, real=0.00 secs] 
1488.092: [GC (Allocation Failure) [PSYoungGen: 81248K->1376K(80896K)] 423672K->343800K(545280K), 0.0018733 secs] [Times: user=0.00 sys=0.00, real=0.00 secs] 
1488.710: [GC (Allocation Failure) [PSYoungGen: 80736K->1376K(80384K)] 423160K->343800K(544768K), 0.0028724 secs] [Times: user=0.01 sys=0.00, real=0.00 secs] 
1489.331: [GC (Allocation Failure) [PSYoungGen: 80224K->1344K(79872K)] 422648K->343776K(544256K), 0.0023432 secs] [Times: user=0.01 sys=0.00, real=0.00 secs] 
1492.427: [GC (Allocation Failure) [PSYoungGen: 79680K->1376K(79360K)] 422112K->343808K(543744K), 0.0033760 secs] [Times: user=0.02 sys=0.00, real=0.00 secs] 
1492.998: [GC (Allocation Failure) [PSYoungGen: 79200K->1376K(78848K)] 421632K->343808K(543232K), 0.0019937 secs] [Times: user=0.01 sys=0.00, real=0.00 secs] 
1494.073: [GC (Allocation Failure) [PSYoungGen: 78688K->1360K(78336K)] 421120K->343792K(542720K), 0.0033060 secs] [Times: user=0.01 sys=0.00, real=0.01 secs] 
1494.982: [GC (Allocation Failure) [PSYoungGen: 78160K->1376K(77824K)] 420592K->343808K(542208K), 0.0064426 secs] [Times: user=0.02 sys=0.01, real=0.01 secs] 
1496.212: [GC (Allocation Failure) [PSYoungGen: 77664K->1376K(77312K)] 420096K->343808K(541696K), 0.0021637 secs] [Times: user=0.01 sys=0.00, real=0.00 secs] 
1496.577: [GC (Allocation Failure) [PSYoungGen: 77152K->1376K(82432K)] 419584K->343816K(546816K), 0.0024815 secs] [Times: user=0.01 sys=0.00, real=0.00 secs] 
1497.343: [GC (Allocation Failure) [PSYoungGen: 82272K->1344K(81920K)] 424712K->343784K(546304K), 0.0027487 secs] [Times: user=0.01 sys=0.00, real=0.01 secs] 
1498.327: [GC (Allocation Failure) [PSYoungGen: 81728K->365K(80384K)] 424168K->343829K(544768K), 0.0015548 secs] [Times: user=0.00 sys=0.00, real=0.00 secs] 
1499.292: [GC (Allocation Failure) [PSYoungGen: 80237K->1376K(81408K)] 423701K->344840K(545792K), 0.0019778 secs] [Times: user=0.00 sys=0.00, real=0.00 secs] 
1499.982: [GC (Allocation Failure) [PSYoungGen: 80736K->1392K(80384K)] 424200K->344856K(544768K), 0.0030404 secs] [Times: user=0.01 sys=0.00, real=0.00 secs] 
1500.624: [GC (Allocation Failure) [PSYoungGen: 80240K->1360K(79872K)] 423704K->344824K(544256K), 0.0026207 secs] [Times: user=0.01 sys=0.00, real=0.01 secs] 
1501.598: [GC (Allocation Failure) [PSYoungGen: 79696K->1504K(79360K)] 423160K->345060K(543744K), 0.0016470 secs] [Times: user=0.01 sys=0.00, real=0.00 secs] 
1502.254: [GC (Allocation Failure) [PSYoungGen: 79328K->1280K(78848K)] 422884K->344836K(543232K), 0.0017660 secs] [Times: user=0.00 sys=0.00, real=0.00 secs] 
1502.761: [GC (Allocation Failure) [PSYoungGen: 78592K->1296K(78336K)] 422148K->344852K(542720K), 0.0031638 secs] [Times: user=0.01 sys=0.00, real=0.00 secs] 
1503.341: [GC (Allocation Failure) [PSYoungGen: 78096K->1280K(77824K)] 421652K->344836K(542208K), 0.0026898 secs] [Times: user=0.01 sys=0.00, real=0.00 secs] 
1504.466: [GC (Allocation Failure) [PSYoungGen: 77568K->1408K(77312K)] 421124K->347020K(541696K), 0.0027901 secs] [Times: user=0.01 sys=0.00, real=0.00 secs] 
1504.845: [GC (Allocation Failure) [PSYoungGen: 77184K->320K(75776K)] 422796K->345940K(540160K), 0.0020961 secs] [Times: user=0.01 sys=0.00, real=0.01 secs] 
1505.158: [GC (Allocation Failure) [PSYoungGen: 75584K->352K(77312K)] 421204K->345972K(541696K), 0.0021288 secs] [Times: user=0.01 sys=0.00, real=0.00 secs] 
1505.470: [GC (Allocation Failure) [PSYoungGen: 75616K->352K(77312K)] 421236K->345972K(541696K), 0.0018805 secs] [Times: user=0.00 sys=0.00, real=0.00 secs] 
1506.417: [GC (Allocation Failure) [PSYoungGen: 75616K->1424K(81920K)] 421236K->347044K(546304K), 0.0021550 secs] [Times: user=0.01 sys=0.00, real=0.00 secs] 
1507.115: [GC (Allocation Failure) [PSYoungGen: 81808K->1392K(82432K)] 427428K->347012K(546816K), 0.0032490 secs] [Times: user=0.02 sys=0.00, real=0.01 secs] 
1507.536: [GC (Allocation Failure) [PSYoungGen: 81776K->1360K(88064K)] 427396K->346980K(552448K), 0.0020309 secs] [Times: user=0.01 sys=0.00, real=0.01 secs] 
1507.984: [GC (Allocation Failure) [PSYoungGen: 87376K->1376K(88064K)] 432996K->346996K(552448K), 0.0017685 secs] [Times: user=0.01 sys=0.00, real=0.01 secs] 
1509.024: [GC (Allocation Failure) [PSYoungGen: 87392K->1408K(87040K)] 433012K->347028K(551424K), 0.0020263 secs] [Times: user=0.01 sys=0.00, real=0.01 secs] 
1509.759: [GC (Allocation Failure) [PSYoungGen: 86912K->1360K(86528K)] 432532K->346980K(550912K), 0.0042746 secs] [Times: user=0.02 sys=0.00, real=0.00 secs] 
1510.161: [GC (Allocation Failure) [PSYoungGen: 86352K->1312K(92672K)] 431972K->346940K(557056K), 0.0025594 secs] [Times: user=0.01 sys=0.00, real=0.00 secs] 
1511.351: [GC (Allocation Failure) [PSYoungGen: 92448K->1408K(92160K)] 438076K->348076K(556544K), 0.0029995 secs] [Times: user=0.01 sys=0.00, real=0.00 secs] 
1512.955: [GC (Allocation Failure) [PSYoungGen: 92032K->352K(91648K)] 438700K->347020K(556032K), 0.0031494 secs] [Times: user=0.01 sys=0.00, real=0.01 secs] 
1513.790: [GC (Allocation Failure) [PSYoungGen: 90464K->320K(91648K)] 437132K->346988K(556032K), 0.0022198 secs] [Times: user=0.01 sys=0.01, real=0.00 secs] 
1514.358: [GC (Allocation Failure) [PSYoungGen: 89920K->1328K(91136K)] 436588K->347996K(555520K), 0.0019176 secs] [Times: user=0.01 sys=0.00, real=0.00 secs] 
1515.397: [GC (Allocation Failure) [PSYoungGen: 90416K->1408K(90112K)] 437084K->348076K(554496K), 0.0017939 secs] [Times: user=0.01 sys=0.00, real=0.00 secs] 
1516.137: [GC (Allocation Failure) [PSYoungGen: 89984K->1376K(90112K)] 436652K->348044K(554496K), 0.0028240 secs] [Times: user=0.01 sys=0.01, real=0.00 secs] 
1516.751: [GC (Allocation Failure) [PSYoungGen: 89440K->1312K(89088K)] 436108K->347980K(553472K), 0.0024574 secs] [Times: user=0.01 sys=0.00, real=0.00 secs] 
1517.870: [GC (Allocation Failure) [PSYoungGen: 88864K->1408K(89088K)] 435532K->348076K(553472K), 0.0019056 secs] [Times: user=0.01 sys=0.00, real=0.00 secs] 
1518.817: [GC (Allocation Failure) [PSYoungGen: 88448K->1376K(88064K)] 435116K->348044K(552448K), 0.0021333 secs] [Times: user=0.01 sys=0.01, real=0.00 secs] 
1519.528: [GC (Allocation Failure) [PSYoungGen: 87904K->1376K(87552K)] 434572K->348044K(551936K), 0.0020691 secs] [Times: user=0.01 sys=0.00, real=0.00 secs] 
1520.594: [GC (Allocation Failure) [PSYoungGen: 87392K->160K(87552K)] 434060K->346828K(551936K), 0.0014466 secs] [Times: user=0.00 sys=0.00, real=0.01 secs] 
1521.012: [GC (Allocation Failure) [PSYoungGen: 85664K->1376K(87040K)] 432332K->348044K(551424K), 0.0017709 secs] [Times: user=0.01 sys=0.00, real=0.00 secs] 
1521.994: [GC (Allocation Failure) [PSYoungGen: 86368K->1312K(86016K)] 433036K->347980K(550400K), 0.0021283 secs] [Times: user=0.00 sys=0.00, real=0.01 secs] 
1523.022: [GC (Allocation Failure) [PSYoungGen: 85792K->1344K(86016K)] 432460K->348012K(550400K), 0.0024814 secs] [Times: user=0.01 sys=0.00, real=0.00 secs] 
1524.452: [GC (Allocation Failure) [PSYoungGen: 85312K->1376K(84992K)] 431980K->348052K(549376K), 0.0027519 secs] [Times: user=0.01 sys=0.00, real=0.00 secs] 
1525.426: [GC (Allocation Failure) [PSYoungGen: 84832K->1376K(84480K)] 431508K->348052K(548864K), 0.0027378 secs] [Times: user=0.02 sys=0.00, real=0.00 secs] 
1526.375: [GC (Allocation Failure) [PSYoungGen: 84320K->1344K(83968K)] 430996K->348020K(548352K), 0.0024858 secs] [Times: user=0.01 sys=0.00, real=0.01 secs] 
1527.262: [GC (Allocation Failure) [PSYoungGen: 83776K->1360K(83456K)] 430452K->348036K(547840K), 0.0016213 secs] [Times: user=0.01 sys=0.00, real=0.00 secs] 
1528.476: [GC (Allocation Failure) [PSYoungGen: 83280K->1376K(82944K)] 429956K->348052K(547328K), 0.0024363 secs] [Times: user=0.01 sys=0.00, real=0.00 secs] 
1529.386: [GC (Allocation Failure) [PSYoungGen: 82784K->1376K(82432K)] 429460K->348052K(546816K), 0.0026489 secs] [Times: user=0.01 sys=0.00, real=0.01 secs] 
1530.294: [GC (Allocation Failure) [PSYoungGen: 82272K->1312K(81920K)] 428948K->347988K(546304K), 0.0033347 secs] [Times: user=0.01 sys=0.00, real=0.01 secs] 
1531.658: [GC (Allocation Failure) [PSYoungGen: 81696K->1344K(81408K)] 428372K->349044K(545792K), 0.0024204 secs] [Times: user=0.01 sys=0.01, real=0.00 secs] 
1532.384: [GC (Allocation Failure) [PSYoungGen: 81216K->320K(79872K)] 428916K->348020K(544256K), 0.0023239 secs] [Times: user=0.00 sys=0.00, real=0.01 secs] 
1533.069: [GC (Allocation Failure) [PSYoungGen: 79680K->288K(80384K)] 427380K->347988K(544768K), 0.0025226 secs] [Times: user=0.01 sys=0.00, real=0.00 secs] 
1533.801: [GC (Allocation Failure) [PSYoungGen: 79136K->320K(80384K)] 426836K->348020K(544768K), 0.0024531 secs] [Times: user=0.01 sys=0.00, real=0.00 secs] 
1535.037: [GC (Allocation Failure) [PSYoungGen: 78656K->1392K(79872K)] 426356K->349100K(544256K), 0.0018777 secs] [Times: user=0.01 sys=0.00, real=0.00 secs] 
1535.706: [GC (Allocation Failure) [PSYoungGen: 79216K->1344K(78848K)] 426924K->349052K(543232K), 0.0021991 secs] [Times: user=0.01 sys=0.01, real=0.01 secs] 
1536.369: [GC (Allocation Failure) [PSYoungGen: 78656K->1312K(78848K)] 426364K->349020K(543232K), 0.0035165 secs] [Times: user=0.01 sys=0.00, real=0.00 secs] 
1536.872: [GC (Allocation Failure) [PSYoungGen: 78112K->1328K(77824K)] 425820K->349036K(542208K), 0.0022398 secs] [Times: user=0.01 sys=0.00, real=0.00 secs] 
1537.751: [GC (Allocation Failure) [PSYoungGen: 77616K->1408K(77824K)] 425324K->349116K(542208K), 0.0020036 secs] [Times: user=0.01 sys=0.00, real=0.00 secs] 
1538.243: [GC (Allocation Failure) [PSYoungGen: 77184K->1344K(76800K)] 424892K->349052K(541184K), 0.0017630 secs] [Times: user=0.01 sys=0.00, real=0.00 secs] 
1538.890: [GC (Allocation Failure) [PSYoungGen: 76608K->1344K(76288K)] 424316K->349052K(540672K), 0.0021897 secs] [Times: user=0.01 sys=0.00, real=0.00 secs] 
1539.657: [GC (Allocation Failure) [PSYoungGen: 76096K->1360K(75776K)] 423804K->349068K(540160K), 0.0023659 secs] [Times: user=0.01 sys=0.00, real=0.00 secs] 
1540.575: [GC (Allocation Failure) [PSYoungGen: 75600K->1344K(75264K)] 423308K->349052K(539648K), 0.0017140 secs] [Times: user=0.01 sys=0.00, real=0.01 secs] 
1540.881: [GC (Allocation Failure) [PSYoungGen: 75072K->1376K(74752K)] 422780K->349084K(539136K), 0.0019104 secs] [Times: user=0.01 sys=0.00, real=0.00 secs] 
1541.185: [GC (Allocation Failure) [PSYoungGen: 74592K->1344K(74240K)] 422300K->349060K(538624K), 0.0015014 secs] [Times: user=0.01 sys=0.00, real=0.01 secs] 
1541.486: [GC (Allocation Failure) [PSYoungGen: 74048K->1312K(73728K)] 421764K->349028K(538112K), 0.0016109 secs] [Times: user=0.01 sys=0.00, real=0.00 secs] 
1542.220: [GC (Allocation Failure) [PSYoungGen: 73504K->1376K(73216K)] 421220K->349092K(537600K), 0.0017930 secs] [Times: user=0.00 sys=0.00, real=0.00 secs] 
1542.517: [GC (Allocation Failure) [PSYoungGen: 73056K->1344K(72704K)] 420772K->349060K(537088K), 0.0018703 secs] [Times: user=0.00 sys=0.00, real=0.00 secs] 
1542.812: [GC (Allocation Failure) [PSYoungGen: 72512K->1312K(73216K)] 420228K->349028K(537600K), 0.0017643 secs] [Times: user=0.01 sys=0.00, real=0.00 secs] 
1543.127: [GC (Allocation Failure) [PSYoungGen: 72992K->1344K(73728K)] 420708K->349060K(538112K), 0.0018222 secs] [Times: user=0.00 sys=0.00, real=0.00 secs] 
1544.410: [GC (Allocation Failure) [PSYoungGen: 73024K->1376K(72704K)] 420740K->349092K(537088K), 0.0024787 secs] [Times: user=0.01 sys=0.00, real=0.00 secs] 
1545.244: [GC (Allocation Failure) [PSYoungGen: 72544K->1392K(72192K)] 420260K->349108K(536576K), 0.0031100 secs] [Times: user=0.01 sys=0.00, real=0.01 secs] 
1546.020: [GC (Allocation Failure) [PSYoungGen: 72048K->1376K(71680K)] 419764K->349092K(536064K), 0.0026076 secs] [Times: user=0.01 sys=0.00, real=0.00 secs] 
1546.783: [GC (Allocation Failure) [PSYoungGen: 71520K->1344K(71168K)] 419236K->349060K(535552K), 0.0028885 secs] [Times: user=0.01 sys=0.00, real=0.01 secs] 
1548.010: [GC (Allocation Failure) [PSYoungGen: 70976K->1520K(70656K)] 418692K->349284K(535040K), 0.0016417 secs] [Times: user=0.01 sys=0.00, real=0.00 secs] 
1548.732: [GC (Allocation Failure) [PSYoungGen: 70640K->1344K(70144K)] 418404K->349108K(534528K), 0.0019394 secs] [Times: user=0.01 sys=0.00, real=0.00 secs] 
1549.021: [GC (Allocation Failure) [PSYoungGen: 69952K->1312K(70144K)] 417716K->349076K(534528K), 0.0021041 secs] [Times: user=0.01 sys=0.00, real=0.00 secs] 
1549.304: [GC (Allocation Failure) [PSYoungGen: 69920K->1312K(75264K)] 417684K->349092K(539648K), 0.0019796 secs] [Times: user=0.00 sys=0.00, real=0.00 secs] 
1549.693: [GC (Allocation Failure) [PSYoungGen: 74528K->1360K(75776K)] 422308K->349140K(540160K), 0.0015600 secs] [Times: user=0.00 sys=0.00, real=0.00 secs] 
1550.803: [GC (Allocation Failure) [PSYoungGen: 75088K->1440K(74752K)] 422868K->349220K(539136K), 0.0017697 secs] [Times: user=0.00 sys=0.00, real=0.00 secs] 
1551.478: [GC (Allocation Failure) [PSYoungGen: 74656K->1408K(74240K)] 422436K->349188K(538624K), 0.0026866 secs] [Times: user=0.00 sys=0.00, real=0.00 secs] 
1552.009: [GC (Allocation Failure) [PSYoungGen: 74112K->1344K(73728K)] 421892K->349124K(538112K), 0.0022113 secs] [Times: user=0.01 sys=0.00, real=0.00 secs] 
1552.759: [GC (Allocation Failure) [PSYoungGen: 73536K->1376K(73216K)] 421316K->349156K(537600K), 0.0021604 secs] [Times: user=0.01 sys=0.00, real=0.00 secs] 
1554.278: [GC (Allocation Failure) [PSYoungGen: 73056K->1456K(72704K)] 420836K->349236K(537088K), 0.0040916 secs] [Times: user=0.01 sys=0.00, real=0.00 secs] 
1554.925: [GC (Allocation Failure) [PSYoungGen: 72624K->1408K(72192K)] 420404K->349188K(536576K), 0.0022125 secs] [Times: user=0.01 sys=0.00, real=0.01 secs] 
1555.413: [GC (Allocation Failure) [PSYoungGen: 72064K->1344K(71680K)] 419844K->349124K(536064K), 0.0023017 secs] [Times: user=0.01 sys=0.00, real=0.00 secs] 
1556.133: [GC (Allocation Failure) [PSYoungGen: 71488K->1376K(71168K)] 419268K->349156K(535552K), 0.0027656 secs] [Times: user=0.01 sys=0.00, real=0.01 secs] 
1557.458: [GC (Allocation Failure) [PSYoungGen: 71008K->1408K(70656K)] 418788K->349188K(535040K), 0.0021669 secs] [Times: user=0.00 sys=0.00, real=0.00 secs] 
1558.426: [GC (Allocation Failure) [PSYoungGen: 70528K->1376K(70144K)] 418308K->349156K(534528K), 0.0022580 secs] [Times: user=0.00 sys=0.00, real=0.00 secs] 
1559.170: [GC (Allocation Failure) [PSYoungGen: 69984K->1376K(70144K)] 417764K->349204K(534528K), 0.0026470 secs] [Times: user=0.01 sys=0.00, real=0.00 secs] 
1559.963: [GC (Allocation Failure) [PSYoungGen: 69984K->1376K(70144K)] 417812K->349204K(534528K), 0.0027840 secs] [Times: user=0.01 sys=0.00, real=0.00 secs] 
1561.214: [GC (Allocation Failure) [PSYoungGen: 69984K->864K(70144K)] 417812K->349716K(534528K), 0.0031155 secs] [Times: user=0.02 sys=0.00, real=0.01 secs] 
1562.124: [GC (Allocation Failure) [PSYoungGen: 69472K->320K(70656K)] 418324K->349172K(535040K), 0.0029804 secs] [Times: user=0.01 sys=0.00, real=0.01 secs] 
1562.802: [GC (Allocation Failure) [PSYoungGen: 68928K->320K(70656K)] 417780K->349172K(535040K), 0.0031537 secs] [Times: user=0.01 sys=0.00, real=0.00 secs] 
1563.413: [GC (Allocation Failure) [PSYoungGen: 68928K->320K(70656K)] 417780K->349180K(535040K), 0.0023143 secs] [Times: user=0.01 sys=0.00, real=0.00 secs] 
1564.000: [GC (Allocation Failure) [PSYoungGen: 68916K->272K(70656K)] 417777K->349132K(535040K), 0.0021896 secs] [Times: user=0.01 sys=0.00, real=0.00 secs] 
1565.089: [GC (Allocation Failure) [PSYoungGen: 68880K->1360K(70656K)] 417740K->350220K(535040K), 0.0018564 secs] [Times: user=0.01 sys=0.00, real=0.00 secs] 
1565.710: [GC (Allocation Failure) [PSYoungGen: 69968K->1376K(70656K)] 418828K->350236K(535040K), 0.0021485 secs] [Times: user=0.00 sys=0.00, real=0.00 secs] 
1566.269: [GC (Allocation Failure) [PSYoungGen: 69984K->1328K(70656K)] 418844K->350188K(535040K), 0.0020245 secs] [Times: user=0.01 sys=0.00, real=0.00 secs] 
1566.584: [GC (Allocation Failure) [PSYoungGen: 69936K->1376K(70656K)] 418796K->350236K(535040K), 0.0018139 secs] [Times: user=0.00 sys=0.00, real=0.01 secs] 
1567.561: [GC (Allocation Failure) [PSYoungGen: 69984K->1408K(71168K)] 418844K->350268K(535552K), 0.0016140 secs] [Times: user=0.00 sys=0.00, real=0.00 secs] 
1567.991: [GC (Allocation Failure) [PSYoungGen: 70016K->1344K(71168K)] 418876K->350204K(535552K), 0.0029257 secs] [Times: user=0.01 sys=0.00, real=0.00 secs] 
1568.278: [GC (Allocation Failure) [PSYoungGen: 69952K->1344K(71680K)] 418812K->350204K(536064K), 0.0025339 secs] [Times: user=0.01 sys=0.00, real=0.00 secs] 
1568.566: [GC (Allocation Failure) [PSYoungGen: 70464K->1376K(71168K)] 419324K->350236K(535552K), 0.0019529 secs] [Times: user=0.01 sys=0.00, real=0.00 secs] 
1569.529: [GC (Allocation Failure) [PSYoungGen: 70496K->1568K(76288K)] 419356K->350428K(540672K), 0.0022360 secs] [Times: user=0.01 sys=0.00, real=0.00 secs] 
1570.706: [GC (Allocation Failure) [PSYoungGen: 75808K->1392K(75264K)] 424668K->350252K(539648K), 0.0042065 secs] [Times: user=0.01 sys=0.00, real=0.00 secs] 
1571.216: [GC (Allocation Failure) [PSYoungGen: 75120K->1376K(74752K)] 423980K->350244K(539136K), 0.0023634 secs] [Times: user=0.01 sys=0.00, real=0.00 secs] 
1571.791: [GC (Allocation Failure) [PSYoungGen: 74592K->1408K(74240K)] 423460K->350276K(538624K), 0.0027375 secs] [Times: user=0.01 sys=0.00, real=0.00 secs] 
1572.814: [GC (Allocation Failure) [PSYoungGen: 74112K->1344K(73728K)] 422980K->350212K(538112K), 0.0016298 secs] [Times: user=0.01 sys=0.00, real=0.00 secs] 
1573.578: [GC (Allocation Failure) [PSYoungGen: 73536K->1376K(73216K)] 422404K->350244K(537600K), 0.0021778 secs] [Times: user=0.01 sys=0.00, real=0.00 secs] 
1573.904: [GC (Allocation Failure) [PSYoungGen: 73056K->1376K(72704K)] 421924K->350244K(537088K), 0.0020123 secs] [Times: user=0.01 sys=0.00, real=0.01 secs] 
1574.555: [GC (Allocation Failure) [PSYoungGen: 72544K->1344K(72192K)] 421412K->350220K(536576K), 0.0031544 secs] [Times: user=0.01 sys=0.00, real=0.01 secs] 
1575.318: [GC (Allocation Failure) [PSYoungGen: 72000K->1373K(71680K)] 420876K->350249K(536064K), 0.0027445 secs] [Times: user=0.01 sys=0.00, real=0.00 secs] 
1576.973: [GC (Allocation Failure) [PSYoungGen: 71517K->1376K(71168K)] 420393K->350252K(535552K), 0.0041005 secs] [Times: user=0.02 sys=0.00, real=0.01 secs] 
1577.747: [GC (Allocation Failure) [PSYoungGen: 71008K->1360K(70656K)] 419884K->350236K(535040K), 0.0024808 secs] [Times: user=0.01 sys=0.00, real=0.00 secs] 
1578.537: [GC (Allocation Failure) [PSYoungGen: 70480K->1376K(70144K)] 419356K->350260K(534528K), 0.0034299 secs] [Times: user=0.01 sys=0.00, real=0.00 secs] 
1579.471: [GC (Allocation Failure) [PSYoungGen: 69984K->1344K(70144K)] 418868K->350228K(534528K), 0.0032612 secs] [Times: user=0.02 sys=0.00, real=0.00 secs] 
1580.752: [GC (Allocation Failure) [PSYoungGen: 69952K->1376K(70656K)] 418836K->350260K(535040K), 0.0018308 secs] [Times: user=0.01 sys=0.00, real=0.00 secs] 
1581.389: [GC (Allocation Failure) [PSYoungGen: 69984K->1344K(70656K)] 418868K->350228K(535040K), 0.0036206 secs] [Times: user=0.02 sys=0.00, real=0.00 secs] 
1581.868: [GC (Allocation Failure) [PSYoungGen: 69952K->1344K(70656K)] 418836K->350236K(535040K), 0.0021086 secs] [Times: user=0.01 sys=0.01, real=0.00 secs] 
1582.154: [GC (Allocation Failure) [PSYoungGen: 69952K->1344K(70656K)] 418844K->350244K(535040K), 0.0018316 secs] [Times: user=0.01 sys=0.00, real=0.00 secs] 
1582.898: [GC (Allocation Failure) [PSYoungGen: 69952K->1936K(70656K)] 418852K->350836K(535040K), 0.0017102 secs] [Times: user=0.01 sys=0.00, real=0.00 secs] 
1583.179: [GC (Allocation Failure) [PSYoungGen: 70544K->1408K(70656K)] 419444K->350308K(535040K), 0.0017019 secs] [Times: user=0.01 sys=0.00, real=0.00 secs] 
1583.464: [GC (Allocation Failure) [PSYoungGen: 70016K->1408K(70656K)] 418916K->350308K(535040K), 0.0017551 secs] [Times: user=0.00 sys=0.00, real=0.01 secs] 
1583.749: [GC (Allocation Failure) [PSYoungGen: 70016K->1376K(75776K)] 418916K->350276K(540160K), 0.0017510 secs] [Times: user=0.01 sys=0.00, real=0.00 secs] 
1584.203: [GC (Allocation Failure) [PSYoungGen: 75104K->1360K(75776K)] 424004K->350260K(540160K), 0.0014866 secs] [Times: user=0.00 sys=0.00, real=0.00 secs] 
1585.092: [GC (Allocation Failure) [PSYoungGen: 75088K->1376K(74752K)] 423988K->350276K(539136K), 0.0017318 secs] [Times: user=0.00 sys=0.00, real=0.00 secs] 
1585.759: [GC (Allocation Failure) [PSYoungGen: 74592K->1360K(74240K)] 423492K->350260K(538624K), 0.0034661 secs] [Times: user=0.01 sys=0.00, real=0.00 secs] 
1586.218: [GC (Allocation Failure) [PSYoungGen: 74064K->1376K(73728K)] 422964K->350276K(538112K), 0.0024694 secs] [Times: user=0.01 sys=0.00, real=0.00 secs] 
1586.687: [GC (Allocation Failure) [PSYoungGen: 73568K->1376K(78848K)] 422468K->350276K(543232K), 0.0024185 secs] [Times: user=0.01 sys=0.00, real=0.00 secs] 
1587.776: [GC (Allocation Failure) [PSYoungGen: 78688K->1376K(78336K)] 427588K->350276K(542720K), 0.0017759 secs] [Times: user=0.00 sys=0.00, real=0.00 secs] 
1588.149: [GC (Allocation Failure) [PSYoungGen: 78176K->1312K(77824K)] 427076K->350212K(542208K), 0.0019197 secs] [Times: user=0.00 sys=0.00, real=0.00 secs] 
1588.515: [GC (Allocation Failure) [PSYoungGen: 77600K->1344K(77312K)] 426500K->350260K(541696K), 0.0023065 secs] [Times: user=0.01 sys=0.00, real=0.01 secs] 
1589.297: [GC (Allocation Failure) [PSYoungGen: 77120K->1341K(76800K)] 426036K->350257K(541184K), 0.0015807 secs] [Times: user=0.01 sys=0.00, real=0.00 secs] 
1590.393: [GC (Allocation Failure) [PSYoungGen: 76605K->1408K(76288K)] 425521K->350324K(540672K), 0.0039084 secs] [Times: user=0.02 sys=0.00, real=0.01 secs] 
1591.076: [GC (Allocation Failure) [PSYoungGen: 76160K->1312K(75776K)] 425076K->350228K(540160K), 0.0032288 secs] [Times: user=0.01 sys=0.00, real=0.01 secs] 
1591.893: [GC (Allocation Failure) [PSYoungGen: 75552K->288K(74240K)] 424468K->350228K(538624K), 0.0029522 secs] [Times: user=0.01 sys=0.00, real=0.01 secs] 
1592.906: [GC (Allocation Failure) [PSYoungGen: 74016K->1328K(75264K)] 423956K->351268K(539648K), 0.0019334 secs] [Times: user=0.01 sys=0.00, real=0.00 secs] 
1594.387: [GC (Allocation Failure) [PSYoungGen: 74544K->1392K(74240K)] 424484K->351332K(538624K), 0.0044111 secs] [Times: user=0.02 sys=0.00, real=0.00 secs] 
1595.233: [GC (Allocation Failure) [PSYoungGen: 74096K->1344K(73728K)] 424036K->351284K(538112K), 0.0029122 secs] [Times: user=0.01 sys=0.00, real=0.01 secs] 
1595.840: [GC (Allocation Failure) [PSYoungGen: 73536K->1344K(73216K)] 423476K->351284K(537600K), 0.0027227 secs] [Times: user=0.01 sys=0.00, real=0.00 secs] 
1596.666: [GC (Allocation Failure) [PSYoungGen: 73024K->1376K(72704K)] 422964K->351316K(537088K), 0.0029114 secs] [Times: user=0.01 sys=0.00, real=0.00 secs] 
1598.006: [GC (Allocation Failure) [PSYoungGen: 72544K->1376K(72192K)] 422484K->351316K(536576K), 0.0018197 secs] [Times: user=0.00 sys=0.00, real=0.00 secs] 
1598.725: [GC (Allocation Failure) [PSYoungGen: 72032K->1344K(71680K)] 421972K->351284K(536064K), 0.0030846 secs] [Times: user=0.01 sys=0.00, real=0.01 secs] 
1599.388: [GC (Allocation Failure) [PSYoungGen: 71488K->1376K(71168K)] 421428K->351316K(535552K), 0.0031999 secs] [Times: user=0.01 sys=0.00, real=0.00 secs] 
1600.035: [GC (Allocation Failure) [PSYoungGen: 71008K->1312K(70656K)] 420948K->351252K(535040K), 0.0030050 secs] [Times: user=0.01 sys=0.00, real=0.01 secs] 
1601.148: [GC (Allocation Failure) [PSYoungGen: 70432K->1408K(70144K)] 420372K->351348K(534528K), 0.0027970 secs] [Times: user=0.01 sys=0.00, real=0.00 secs] 
1601.451: [GC (Allocation Failure) [PSYoungGen: 70016K->1344K(70144K)] 419956K->351284K(534528K), 0.0021777 secs] [Times: user=0.00 sys=0.00, real=0.00 secs] 
1601.947: [GC (Allocation Failure) [PSYoungGen: 69952K->1344K(70656K)] 419892K->351284K(535040K), 0.0039808 secs] [Times: user=0.02 sys=0.00, real=0.00 secs] 
1602.709: [GC (Allocation Failure) [PSYoungGen: 69952K->1344K(70656K)] 419892K->351300K(535040K), 0.0037730 secs] [Times: user=0.02 sys=0.00, real=0.00 secs] 
1604.098: [GC (Allocation Failure) [PSYoungGen: 69952K->1504K(70144K)] 419908K->351580K(534528K), 0.0020004 secs] [Times: user=0.01 sys=0.00, real=0.00 secs] 
1605.252: [GC (Allocation Failure) [PSYoungGen: 70112K->1280K(70144K)] 420188K->351356K(534528K), 0.0048695 secs] [Times: user=0.02 sys=0.01, real=0.01 secs] 
1606.166: [GC (Allocation Failure) [PSYoungGen: 69888K->1248K(70144K)] 419964K->351324K(534528K), 0.0029989 secs] [Times: user=0.01 sys=0.00, real=0.00 secs] 
1606.843: [GC (Allocation Failure) [PSYoungGen: 69856K->1280K(70144K)] 419932K->351356K(534528K), 0.0024953 secs] [Times: user=0.01 sys=0.00, real=0.00 secs] 
1607.397: [GC (Allocation Failure) [PSYoungGen: 69888K->1248K(70144K)] 419964K->351324K(534528K), 0.0021020 secs] [Times: user=0.01 sys=0.00, real=0.00 secs] 
1608.922: [GC (Allocation Failure) [PSYoungGen: 69856K->1408K(70144K)] 419932K->352508K(534528K), 0.0028137 secs] [Times: user=0.01 sys=0.00, real=0.00 secs] 
1610.039: [GC (Allocation Failure) [PSYoungGen: 70016K->1392K(70144K)] 421116K->352492K(534528K), 0.0025486 secs] [Times: user=0.01 sys=0.00, real=0.00 secs] 
1610.953: [GC (Allocation Failure) [PSYoungGen: 70000K->1376K(70144K)] 421100K->352476K(534528K), 0.0045276 secs] [Times: user=0.02 sys=0.00, real=0.01 secs] 
1611.899: [GC (Allocation Failure) [PSYoungGen: 69984K->1376K(70144K)] 421084K->352476K(534528K), 0.0034914 secs] [Times: user=0.01 sys=0.00, real=0.00 secs] 
1613.120: [GC (Allocation Failure) [PSYoungGen: 69984K->1344K(70656K)] 421084K->352444K(535040K), 0.0020857 secs] [Times: user=0.01 sys=0.00, real=0.00 secs] 
1613.656: [GC (Allocation Failure) [PSYoungGen: 69952K->1312K(70144K)] 421052K->352412K(534528K), 0.0021353 secs] [Times: user=0.01 sys=0.00, real=0.00 secs] 
1614.268: [GC (Allocation Failure) [PSYoungGen: 69920K->1312K(70144K)] 421020K->352420K(534528K), 0.0022225 secs] [Times: user=0.00 sys=0.01, real=0.00 secs] 
1614.781: [GC (Allocation Failure) [PSYoungGen: 69920K->384K(69632K)] 421028K->352516K(534016K), 0.0022359 secs] [Times: user=0.00 sys=0.00, real=0.00 secs] 
1615.783: [GC (Allocation Failure) [PSYoungGen: 68992K->1392K(70656K)] 421124K->353524K(535040K), 0.0016480 secs] [Times: user=0.01 sys=0.00, real=0.00 secs] 
1616.146: [GC (Allocation Failure) [PSYoungGen: 70000K->1440K(70656K)] 422132K->353572K(535040K), 0.0022106 secs] [Times: user=0.01 sys=0.00, real=0.00 secs] 
1616.490: [GC (Allocation Failure) [PSYoungGen: 70048K->1344K(70656K)] 422180K->353492K(535040K), 0.0019981 secs] [Times: user=0.01 sys=0.00, real=0.00 secs] 
1616.797: [GC (Allocation Failure) [PSYoungGen: 69952K->1344K(70656K)] 422100K->353492K(535040K), 0.0017166 secs] [Times: user=0.00 sys=0.00, real=0.00 secs] 
1617.172: [GC (Allocation Failure) [PSYoungGen: 69952K->1376K(70656K)] 422100K->353524K(535040K), 0.0017718 secs] [Times: user=0.00 sys=0.01, real=0.00 secs] 
1618.200: [GC (Allocation Failure) [PSYoungGen: 69984K->1376K(70656K)] 422132K->353524K(535040K), 0.0020586 secs] [Times: user=0.01 sys=0.00, real=0.00 secs] 
1618.847: [GC (Allocation Failure) [PSYoungGen: 69984K->1376K(70656K)] 422132K->353524K(535040K), 0.0026228 secs] [Times: user=0.01 sys=0.00, real=0.00 secs] 
1619.500: [GC (Allocation Failure) [PSYoungGen: 69984K->1344K(70656K)] 422132K->353492K(535040K), 0.0025947 secs] [Times: user=0.01 sys=0.00, real=0.00 secs] 
1620.052: [GC (Allocation Failure) [PSYoungGen: 69952K->1344K(70656K)] 422100K->353492K(535040K), 0.0023497 secs] [Times: user=0.01 sys=0.00, real=0.00 secs] 
1621.501: [GC (Allocation Failure) [PSYoungGen: 69952K->1376K(70656K)] 422100K->353540K(535040K), 0.0038556 secs] [Times: user=0.02 sys=0.00, real=0.00 secs] 
1622.207: [GC (Allocation Failure) [PSYoungGen: 69984K->1376K(70656K)] 422148K->353540K(535040K), 0.0022590 secs] [Times: user=0.01 sys=0.00, real=0.00 secs] 
1622.903: [GC (Allocation Failure) [PSYoungGen: 69984K->1328K(70656K)] 422148K->353492K(535040K), 0.0031195 secs] [Times: user=0.01 sys=0.00, real=0.01 secs] 
1623.700: [GC (Allocation Failure) [PSYoungGen: 69936K->1376K(70656K)] 422100K->353540K(535040K), 0.0030730 secs] [Times: user=0.01 sys=0.00, real=0.00 secs] 
1624.907: [GC (Allocation Failure) [PSYoungGen: 69984K->1392K(70656K)] 422148K->353556K(535040K), 0.0016446 secs] [Times: user=0.01 sys=0.00, real=0.00 secs] 
1625.440: [GC (Allocation Failure) [PSYoungGen: 70000K->1376K(70656K)] 422164K->353540K(535040K), 0.0019050 secs] [Times: user=0.00 sys=0.00, real=0.00 secs] 
1625.740: [GC (Allocation Failure) [PSYoungGen: 69984K->1344K(70144K)] 422148K->353508K(534528K), 0.0017073 secs] [Times: user=0.01 sys=0.00, real=0.00 secs] 
1626.074: [GC (Allocation Failure) [PSYoungGen: 69952K->1360K(70144K)] 422116K->353524K(534528K), 0.0017671 secs] [Times: user=0.01 sys=0.00, real=0.00 secs] 
1626.376: [GC (Allocation Failure) [PSYoungGen: 69968K->320K(69632K)] 422132K->353508K(534016K), 0.0018904 secs] [Times: user=0.01 sys=0.00, real=0.00 secs] 
1627.687: [GC (Allocation Failure) [PSYoungGen: 68928K->1392K(70656K)] 422116K->354580K(535040K), 0.0043406 secs] [Times: user=0.02 sys=0.00, real=0.00 secs] 
1628.862: [GC (Allocation Failure) [PSYoungGen: 70000K->1376K(70656K)] 423188K->354564K(535040K), 0.0033648 secs] [Times: user=0.01 sys=0.00, real=0.00 secs] 
1629.405: [GC (Allocation Failure) [PSYoungGen: 69984K->1344K(70656K)] 423172K->354548K(535040K), 0.0022285 secs] [Times: user=0.01 sys=0.00, real=0.01 secs] 
1630.145: [GC (Allocation Failure) [PSYoungGen: 69952K->1376K(70656K)] 423156K->354580K(535040K), 0.0022339 secs] [Times: user=0.01 sys=0.00, real=0.01 secs] 
1631.195: [GC (Allocation Failure) [PSYoungGen: 69984K->1344K(70656K)] 423188K->355572K(535040K), 0.0021268 secs] [Times: user=0.01 sys=0.00, real=0.01 secs] 
1631.924: [GC (Allocation Failure) [PSYoungGen: 69952K->352K(70656K)] 424180K->354588K(535040K), 0.0023156 secs] [Times: user=0.01 sys=0.00, real=0.01 secs] 
1632.496: [GC (Allocation Failure) [PSYoungGen: 68960K->320K(70656K)] 423196K->354556K(535040K), 0.0019772 secs] [Times: user=0.01 sys=0.00, real=0.00 secs] 
1632.900: [GC (Allocation Failure) [PSYoungGen: 68928K->304K(70656K)] 423164K->354540K(535040K), 0.0019555 secs] [Times: user=0.01 sys=0.00, real=0.00 secs] 
1633.353: [GC (GCLocker Initiated GC) [PSYoungGen: 68912K->1344K(70656K)] 423148K->355580K(535040K), 0.0015434 secs] [Times: user=0.01 sys=0.00, real=0.00 secs] 
1634.235: [GC (Allocation Failure) [PSYoungGen: 69952K->1376K(70656K)] 424192K->355624K(535040K), 0.0018525 secs] [Times: user=0.00 sys=0.00, real=0.01 secs] 
1634.875: [GC (Allocation Failure) [PSYoungGen: 69984K->1376K(70656K)] 424232K->355624K(535040K), 0.0029092 secs] [Times: user=0.02 sys=0.00, real=0.01 secs] 
1635.306: [GC (Allocation Failure) [PSYoungGen: 69984K->1376K(70656K)] 424232K->355624K(535040K), 0.0021326 secs] [Times: user=0.01 sys=0.00, real=0.01 secs] 
1635.632: [GC (Allocation Failure) [PSYoungGen: 69984K->1312K(70656K)] 424232K->355560K(535040K), 0.0024175 secs] [Times: user=0.01 sys=0.01, real=0.00 secs] 
1636.814: [GC (Allocation Failure) [PSYoungGen: 69920K->1472K(70656K)] 424168K->355728K(535040K), 0.0018888 secs] [Times: user=0.00 sys=0.00, real=0.01 secs] 
1637.373: [GC (Allocation Failure) [PSYoungGen: 70080K->1408K(70656K)] 424336K->355664K(535040K), 0.0017939 secs] [Times: user=0.00 sys=0.00, real=0.00 secs] 
1637.658: [GC (Allocation Failure) [PSYoungGen: 70016K->1408K(70656K)] 424272K->355664K(535040K), 0.0024580 secs] [Times: user=0.01 sys=0.00, real=0.00 secs] 
1638.039: [GC (Allocation Failure) [PSYoungGen: 70016K->1408K(70656K)] 424272K->355664K(535040K), 0.0018759 secs] [Times: user=0.01 sys=0.00, real=0.00 secs] 
1639.027: [GC (Allocation Failure) [PSYoungGen: 70016K->1488K(70144K)] 424272K->356768K(534528K), 0.0016886 secs] [Times: user=0.01 sys=0.00, real=0.00 secs] 
1639.893: [GC (Allocation Failure) [PSYoungGen: 70096K->384K(69120K)] 425376K->355680K(533504K), 0.0048347 secs] [Times: user=0.02 sys=0.00, real=0.01 secs] 
1640.601: [GC (Allocation Failure) [PSYoungGen: 68992K->384K(69120K)] 424288K->355680K(533504K), 0.0033453 secs] [Times: user=0.01 sys=0.00, real=0.00 secs] 
1641.297: [GC (Allocation Failure) [PSYoungGen: 68992K->384K(71168K)] 424288K->355680K(535552K), 0.0030663 secs] [Times: user=0.01 sys=0.00, real=0.00 secs] 
1642.081: [GC (Allocation Failure) [PSYoungGen: 68979K->336K(70656K)] 424275K->355632K(535040K), 0.0029381 secs] [Times: user=0.01 sys=0.00, real=0.00 secs] 
1643.109: [GC (Allocation Failure) [PSYoungGen: 68944K->1456K(71168K)] 424240K->356752K(535552K), 0.0031898 secs] [Times: user=0.02 sys=0.00, real=0.00 secs] 
1643.665: [GC (Allocation Failure) [PSYoungGen: 70064K->1392K(71168K)] 425360K->356688K(535552K), 0.0026355 secs] [Times: user=0.01 sys=0.00, real=0.01 secs] 
1644.263: [GC (Allocation Failure) [PSYoungGen: 70000K->1344K(71168K)] 425296K->356704K(535552K), 0.0023824 secs] [Times: user=0.01 sys=0.00, real=0.00 secs] 
1644.938: [GC (Allocation Failure) [PSYoungGen: 69952K->1344K(71168K)] 425312K->356704K(535552K), 0.0030801 secs] [Times: user=0.01 sys=0.00, real=0.00 secs] 
1646.041: [GC (Allocation Failure) [PSYoungGen: 69952K->1376K(71168K)] 425312K->356736K(535552K), 0.0021059 secs] [Times: user=0.01 sys=0.00, real=0.00 secs] 
1646.647: [GC (Allocation Failure) [PSYoungGen: 69984K->1312K(71168K)] 425344K->356672K(535552K), 0.0022295 secs] [Times: user=0.01 sys=0.00, real=0.00 secs] 
1647.026: [GC (Allocation Failure) [PSYoungGen: 69920K->1408K(71168K)] 425280K->356776K(535552K), 0.0029049 secs] [Times: user=0.01 sys=0.00, real=0.00 secs] 
1647.320: [GC (Allocation Failure) [PSYoungGen: 70016K->1376K(71168K)] 425384K->356744K(535552K), 0.0018650 secs] [Times: user=0.01 sys=0.00, real=0.00 secs] 
1648.162: [GC (Allocation Failure) [PSYoungGen: 69984K->1472K(71168K)] 425352K->356840K(535552K), 0.0018184 secs] [Times: user=0.00 sys=0.00, real=0.00 secs] 
1648.716: [GC (Allocation Failure) [PSYoungGen: 70080K->1344K(71168K)] 425448K->356712K(535552K), 0.0024829 secs] [Times: user=0.01 sys=0.00, real=0.00 secs] 
1649.480: [GC (Allocation Failure) [PSYoungGen: 69952K->1376K(71168K)] 425320K->356744K(535552K), 0.0025603 secs] [Times: user=0.01 sys=0.00, real=0.00 secs] 
1650.239: [GC (Allocation Failure) [PSYoungGen: 69984K->1344K(70144K)] 425352K->356712K(534528K), 0.0033350 secs] [Times: user=0.01 sys=0.00, real=0.00 secs] 
1651.077: [GC (Allocation Failure) [PSYoungGen: 69952K->1344K(70656K)] 425320K->356720K(535040K), 0.0038137 secs] [Times: user=0.02 sys=0.00, real=0.00 secs] 
1652.099: [GC (Allocation Failure) [PSYoungGen: 69952K->1376K(70656K)] 425328K->356752K(535040K), 0.0018182 secs] [Times: user=0.01 sys=0.00, real=0.00 secs] 
1652.537: [GC (Allocation Failure) [PSYoungGen: 69984K->1344K(70656K)] 425360K->356720K(535040K), 0.0018568 secs] [Times: user=0.01 sys=0.00, real=0.00 secs] 
1653.453: [GC (Allocation Failure) [PSYoungGen: 69952K->1392K(70656K)] 425328K->356768K(535040K), 0.0027028 secs] [Times: user=0.01 sys=0.01, real=0.00 secs] 
1654.300: [GC (Allocation Failure) [PSYoungGen: 70000K->1344K(70656K)] 425376K->356720K(535040K), 0.0030513 secs] [Times: user=0.01 sys=0.00, real=0.00 secs] 
1655.606: [GC (Allocation Failure) [PSYoungGen: 69952K->1408K(70656K)] 425328K->356784K(535040K), 0.0027381 secs] [Times: user=0.01 sys=0.00, real=0.00 secs] 
1656.056: [GC (Allocation Failure) [PSYoungGen: 70016K->1376K(70656K)] 425392K->356752K(535040K), 0.0024880 secs] [Times: user=0.00 sys=0.00, real=0.01 secs] 
1656.333: [GC (Allocation Failure) [PSYoungGen: 69984K->1376K(70656K)] 425360K->356752K(535040K), 0.0021043 secs] [Times: user=0.01 sys=0.00, real=0.00 secs] 
1656.639: [GC (Allocation Failure) [PSYoungGen: 69984K->1376K(70656K)] 425360K->356752K(535040K), 0.0018829 secs] [Times: user=0.01 sys=0.00, real=0.00 secs] 
1657.332: [GC (Allocation Failure) [PSYoungGen: 69984K->1341K(70144K)] 425360K->356717K(534528K), 0.0015816 secs] [Times: user=0.01 sys=0.00, real=0.00 secs] 
1658.130: [GC (Allocation Failure) [PSYoungGen: 69949K->1392K(70144K)] 425325K->356768K(534528K), 0.0041236 secs] [Times: user=0.01 sys=0.00, real=0.00 secs] 
1658.709: [GC (Allocation Failure) [PSYoungGen: 70000K->1344K(70144K)] 425376K->356720K(534528K), 0.0030636 secs] [Times: user=0.01 sys=0.00, real=0.00 secs] 
1659.289: [GC (Allocation Failure) [PSYoungGen: 69952K->1312K(70144K)] 425328K->356688K(534528K), 0.0025853 secs] [Times: user=0.02 sys=0.00, real=0.00 secs] 
1659.805: [GC (Allocation Failure) [PSYoungGen: 69920K->1376K(70144K)] 425296K->356752K(534528K), 0.0020966 secs] [Times: user=0.01 sys=0.00, real=0.01 secs] 
1661.270: [GC (Allocation Failure) [PSYoungGen: 69984K->1376K(70144K)] 425360K->356760K(534528K), 0.0029391 secs] [Times: user=0.02 sys=0.00, real=0.00 secs] 
1662.452: [GC (Allocation Failure) [PSYoungGen: 69984K->1344K(70144K)] 425368K->356728K(534528K), 0.0030272 secs] [Times: user=0.02 sys=0.00, real=0.00 secs] 
1663.298: [GC (Allocation Failure) [PSYoungGen: 69952K->1360K(70144K)] 425336K->356744K(534528K), 0.0028826 secs] [Times: user=0.01 sys=0.00, real=0.00 secs] 
1663.888: [GC (Allocation Failure) [PSYoungGen: 69968K->1344K(70144K)] 425352K->356728K(534528K), 0.0027197 secs] [Times: user=0.01 sys=0.00, real=0.00 secs] 
1665.005: [GC (Allocation Failure) [PSYoungGen: 69952K->1440K(70144K)] 425336K->357848K(534528K), 0.0018803 secs] [Times: user=0.01 sys=0.00, real=0.01 secs] 
1665.481: [GC (Allocation Failure) [PSYoungGen: 70048K->352K(70656K)] 426456K->356760K(535040K), 0.0017322 secs] [Times: user=0.01 sys=0.00, real=0.00 secs] 
1665.952: [GC (Allocation Failure) [PSYoungGen: 68960K->352K(70656K)] 425368K->356760K(535040K), 0.0025170 secs] [Times: user=0.01 sys=0.00, real=0.00 secs] 
1666.491: [GC (Allocation Failure) [PSYoungGen: 68960K->320K(70656K)] 425368K->356728K(535040K), 0.0024882 secs] [Times: user=0.01 sys=0.00, real=0.00 secs] 
1667.441: [GC (Allocation Failure) [PSYoungGen: 68928K->1360K(70656K)] 425336K->357768K(535040K), 0.0015161 secs] [Times: user=0.01 sys=0.00, real=0.00 secs] 
1668.284: [GC (Allocation Failure) [PSYoungGen: 69968K->1376K(70656K)] 426376K->357784K(535040K), 0.0022910 secs] [Times: user=0.00 sys=0.00, real=0.01 secs] 
1668.965: [GC (Allocation Failure) [PSYoungGen: 69984K->1376K(70656K)] 426392K->357784K(535040K), 0.0038609 secs] [Times: user=0.01 sys=0.00, real=0.01 secs] 
1669.700: [GC (Allocation Failure) [PSYoungGen: 69984K->1360K(70656K)] 426392K->357768K(535040K), 0.0027504 secs] [Times: user=0.01 sys=0.00, real=0.00 secs] 
1670.354: [GC (Allocation Failure) [PSYoungGen: 69968K->1312K(70656K)] 426376K->357720K(535040K), 0.0030616 secs] [Times: user=0.02 sys=0.00, real=0.01 secs] 
1671.504: [GC (Allocation Failure) [PSYoungGen: 69920K->1376K(70656K)] 426328K->357784K(535040K), 0.0018210 secs] [Times: user=0.00 sys=0.00, real=0.01 secs] 
1671.872: [GC (Allocation Failure) [PSYoungGen: 69984K->1376K(70656K)] 426392K->357784K(535040K), 0.0019497 secs] [Times: user=0.01 sys=0.00, real=0.00 secs] 
1672.167: [GC (Allocation Failure) [PSYoungGen: 69984K->1344K(70656K)] 426392K->357760K(535040K), 0.0023838 secs] [Times: user=0.01 sys=0.00, real=0.00 secs] 
1672.566: [GC (Allocation Failure) [PSYoungGen: 69952K->1312K(70656K)] 426368K->357728K(535040K), 0.0023318 secs] [Times: user=0.01 sys=0.00, real=0.00 secs] 
1673.634: [GC (Allocation Failure) [PSYoungGen: 69920K->1408K(70144K)] 426336K->359872K(534528K), 0.0021163 secs] [Times: user=0.01 sys=0.00, real=0.01 secs] 
1674.442: [GC (Allocation Failure) [PSYoungGen: 70016K->336K(69120K)] 428480K->358800K(533504K), 0.0043832 secs] [Times: user=0.01 sys=0.00, real=0.01 secs] 
1675.274: [GC (Allocation Failure) [PSYoungGen: 68944K->320K(69120K)] 427408K->358784K(533504K), 0.0042566 secs] [Times: user=0.01 sys=0.00, real=0.01 secs] 
1675.853: [GC (Allocation Failure) [PSYoungGen: 68928K->352K(70656K)] 427392K->358816K(535040K), 0.0027311 secs] [Times: user=0.01 sys=0.00, real=0.00 secs] 
1676.395: [GC (Allocation Failure) [PSYoungGen: 68960K->1389K(70144K)] 427424K->359853K(534528K), 0.0016185 secs] [Times: user=0.01 sys=0.00, real=0.01 secs] 
1677.333: [GC (Allocation Failure) [PSYoungGen: 69997K->1408K(70144K)] 428461K->359880K(534528K), 0.0020504 secs] [Times: user=0.01 sys=0.00, real=0.00 secs] 
1677.950: [GC (Allocation Failure) [PSYoungGen: 70016K->1344K(71168K)] 428488K->359816K(535552K), 0.0017467 secs] [Times: user=0.01 sys=0.00, real=0.00 secs] 
1678.267: [GC (Allocation Failure) [PSYoungGen: 69952K->1344K(71168K)] 428424K->359816K(535552K), 0.0019222 secs] [Times: user=0.01 sys=0.00, real=0.00 secs] 
1678.681: [GC (Allocation Failure) [PSYoungGen: 69952K->1344K(71168K)] 428424K->359816K(535552K), 0.0020805 secs] [Times: user=0.01 sys=0.00, real=0.00 secs] 
1680.078: [GC (Allocation Failure) [PSYoungGen: 69952K->1392K(71168K)] 428424K->359864K(535552K), 0.0033359 secs] [Times: user=0.01 sys=0.00, real=0.00 secs] 
1681.079: [GC (Allocation Failure) [PSYoungGen: 70000K->1344K(70144K)] 428472K->359824K(534528K), 0.0033299 secs] [Times: user=0.01 sys=0.01, real=0.00 secs] 
1681.901: [GC (Allocation Failure) [PSYoungGen: 69952K->1376K(70656K)] 428432K->359856K(535040K), 0.0027221 secs] [Times: user=0.01 sys=0.00, real=0.00 secs] 
1682.626: [GC (Allocation Failure) [PSYoungGen: 69984K->1312K(70656K)] 428464K->359792K(535040K), 0.0027816 secs] [Times: user=0.01 sys=0.00, real=0.00 secs] 
1683.571: [GC (Allocation Failure) [PSYoungGen: 69920K->1920K(70656K)] 428400K->360400K(535040K), 0.0018289 secs] [Times: user=0.00 sys=0.00, real=0.00 secs] 
1683.942: [GC (Allocation Failure) [PSYoungGen: 70528K->1376K(71168K)] 429008K->359856K(535552K), 0.0018338 secs] [Times: user=0.01 sys=0.00, real=0.00 secs] 
1684.534: [GC (Allocation Failure) [PSYoungGen: 69984K->1376K(71168K)] 428464K->359856K(535552K), 0.0018239 secs] [Times: user=0.00 sys=0.00, real=0.00 secs] 
1685.094: [GC (Allocation Failure) [PSYoungGen: 69984K->1344K(70144K)] 428464K->359824K(534528K), 0.0017521 secs] [Times: user=0.00 sys=0.00, real=0.01 secs] 
1685.684: [GC (Allocation Failure) [PSYoungGen: 69952K->1312K(70656K)] 428432K->359792K(535040K), 0.0016951 secs] [Times: user=0.00 sys=0.00, real=0.00 secs] 
1686.666: [GC (Allocation Failure) [PSYoungGen: 69920K->1376K(70656K)] 428400K->359856K(535040K), 0.0017602 secs] [Times: user=0.00 sys=0.00, real=0.01 secs] 
1687.256: [GC (Allocation Failure) [PSYoungGen: 69984K->1360K(70656K)] 428464K->359840K(535040K), 0.0021153 secs] [Times: user=0.01 sys=0.00, real=0.00 secs] 
1687.852: [GC (Allocation Failure) [PSYoungGen: 69968K->1344K(70656K)] 428448K->359832K(535040K), 0.0025029 secs] [Times: user=0.01 sys=0.00, real=0.00 secs] 
1688.432: [GC (Allocation Failure) [PSYoungGen: 69952K->1312K(70656K)] 428440K->359800K(535040K), 0.0021620 secs] [Times: user=0.01 sys=0.00, real=0.00 secs] 
1689.429: [GC (Allocation Failure) [PSYoungGen: 69920K->1376K(70656K)] 428408K->359864K(535040K), 0.0017318 secs] [Times: user=0.01 sys=0.00, real=0.00 secs] 
1690.064: [GC (Allocation Failure) [PSYoungGen: 69984K->1312K(70656K)] 428472K->359800K(535040K), 0.0025383 secs] [Times: user=0.01 sys=0.00, real=0.01 secs] 
1690.659: [GC (Allocation Failure) [PSYoungGen: 69920K->1312K(70656K)] 428408K->359808K(535040K), 0.0021666 secs] [Times: user=0.00 sys=0.00, real=0.00 secs] 
1691.317: [GC (Allocation Failure) [PSYoungGen: 69920K->1376K(70656K)] 428416K->359872K(535040K), 0.0040301 secs] [Times: user=0.01 sys=0.00, real=0.00 secs] 
1692.381: [GC (Allocation Failure) [PSYoungGen: 69669K->224K(70656K)] 428165K->358720K(535040K), 0.0015220 secs] [Times: user=0.00 sys=0.00, real=0.00 secs] 
1693.158: [GC (Allocation Failure) [PSYoungGen: 68832K->1344K(70656K)] 427328K->359840K(535040K), 0.0027220 secs] [Times: user=0.01 sys=0.00, real=0.00 secs] 
1693.986: [GC (Allocation Failure) [PSYoungGen: 69952K->1376K(70656K)] 428448K->359872K(535040K), 0.0032699 secs] [Times: user=0.01 sys=0.00, real=0.00 secs] 
1694.756: [GC (Allocation Failure) [PSYoungGen: 69984K->1376K(70656K)] 428480K->359872K(535040K), 0.0032471 secs] [Times: user=0.01 sys=0.00, real=0.00 secs] 
1695.706: [GC (Allocation Failure) [PSYoungGen: 69984K->1360K(70656K)] 428480K->359856K(535040K), 0.0029686 secs] [Times: user=0.02 sys=0.00, real=0.01 secs] 
1696.601: [GC (Allocation Failure) [PSYoungGen: 69968K->1392K(70656K)] 428464K->359888K(535040K), 0.0018417 secs] [Times: user=0.01 sys=0.00, real=0.00 secs] 
1696.907: [GC (Allocation Failure) [PSYoungGen: 70000K->1376K(70656K)] 428496K->359872K(535040K), 0.0017577 secs] [Times: user=0.01 sys=0.00, real=0.00 secs] 
1697.194: [GC (Allocation Failure) [PSYoungGen: 69984K->1392K(70656K)] 428480K->359888K(535040K), 0.0028251 secs] [Times: user=0.01 sys=0.00, real=0.01 secs] 
1697.542: [GC (Allocation Failure) [PSYoungGen: 70000K->1424K(76288K)] 428496K->359920K(540672K), 0.0035693 secs] [Times: user=0.01 sys=0.00, real=0.01 secs] 
1698.699: [GC (Allocation Failure) [PSYoungGen: 75664K->1456K(76288K)] 434160K->359960K(540672K), 0.0021682 secs] [Times: user=0.01 sys=0.00, real=0.00 secs] 
1699.204: [GC (Allocation Failure) [PSYoungGen: 75696K->1376K(81920K)] 434200K->359880K(546304K), 0.0025512 secs] [Times: user=0.01 sys=0.00, real=0.01 secs] 
1699.541: [GC (Allocation Failure) [PSYoungGen: 81248K->1344K(81920K)] 439752K->359856K(546304K), 0.0027485 secs] [Times: user=0.01 sys=0.00, real=0.00 secs] 
1699.871: [GC (Allocation Failure) [PSYoungGen: 81216K->1392K(88576K)] 439728K->359928K(552960K), 0.0020418 secs] [Times: user=0.00 sys=0.00, real=0.00 secs] 
1701.856: [GC (Allocation Failure) [PSYoungGen: 87920K->1408K(87552K)] 446456K->359944K(551936K), 0.0046458 secs] [Times: user=0.02 sys=0.00, real=0.00 secs] 
1703.855: [GC (Allocation Failure) [PSYoungGen: 87424K->1392K(87040K)] 445960K->359928K(551424K), 0.0036504 secs] [Times: user=0.01 sys=0.00, real=0.01 secs] 
1705.071: [GC (Allocation Failure) [PSYoungGen: 86896K->1376K(86528K)] 445432K->359912K(550912K), 0.0048456 secs] [Times: user=0.02 sys=0.00, real=0.01 secs] 
1706.176: [GC (Allocation Failure) [PSYoungGen: 86368K->1632K(86528K)] 444904K->360168K(550912K), 0.0014640 secs] [Times: user=0.00 sys=0.00, real=0.00 secs] 
1706.898: [GC (Allocation Failure) [PSYoungGen: 86112K->1344K(85504K)] 444648K->359880K(549888K), 0.0020933 secs] [Times: user=0.01 sys=0.00, real=0.00 secs] 
1707.599: [GC (Allocation Failure) [PSYoungGen: 85312K->1376K(84992K)] 443848K->359912K(549376K), 0.0030783 secs] [Times: user=0.01 sys=0.00, real=0.00 secs] 
1708.268: [GC (Allocation Failure) [PSYoungGen: 84832K->1376K(84480K)] 443368K->359912K(548864K), 0.0025714 secs] [Times: user=0.01 sys=0.00, real=0.00 secs] 
1709.462: [GC (Allocation Failure) [PSYoungGen: 84320K->1376K(83968K)] 442856K->359912K(548352K), 0.0018972 secs] [Times: user=0.01 sys=0.00, real=0.00 secs] 
1709.829: [GC (Allocation Failure) [PSYoungGen: 83808K->1376K(83456K)] 442344K->359912K(547840K), 0.0020988 secs] [Times: user=0.01 sys=0.00, real=0.00 secs] 
1710.324: [GC (Allocation Failure) [PSYoungGen: 83296K->1376K(82944K)] 441832K->359912K(547328K), 0.0043159 secs] [Times: user=0.02 sys=0.00, real=0.01 secs] 
1711.174: [GC (Allocation Failure) [PSYoungGen: 82784K->1341K(82432K)] 441320K->359877K(546816K), 0.0018121 secs] [Times: user=0.01 sys=0.00, real=0.00 secs] 
1712.170: [GC (Allocation Failure) [PSYoungGen: 82237K->1376K(81920K)] 440773K->359928K(546304K), 0.0021925 secs] [Times: user=0.01 sys=0.00, real=0.00 secs] 
1712.803: [GC (Allocation Failure) [PSYoungGen: 81760K->1376K(81408K)] 440312K->359928K(545792K), 0.0033226 secs] [Times: user=0.01 sys=0.00, real=0.01 secs] 
1713.459: [GC (Allocation Failure) [PSYoungGen: 81248K->352K(79872K)] 439800K->359928K(544256K), 0.0038969 secs] [Times: user=0.02 sys=0.00, real=0.00 secs] 
1714.729: [GC (Allocation Failure) [PSYoungGen: 79712K->1888K(80896K)] 439288K->361464K(545280K), 0.0019269 secs] [Times: user=0.01 sys=0.00, real=0.00 secs] 
1715.681: [GC (Allocation Failure) [PSYoungGen: 80736K->1376K(79872K)] 440312K->360960K(544256K), 0.0039665 secs] [Times: user=0.02 sys=0.00, real=0.00 secs] 
1716.423: [GC (Allocation Failure) [PSYoungGen: 79712K->1328K(79360K)] 439296K->360912K(543744K), 0.0028729 secs] [Times: user=0.01 sys=0.00, real=0.00 secs] 
1717.315: [GC (Allocation Failure) [PSYoungGen: 79152K->1344K(78848K)] 438736K->360928K(543232K), 0.0038262 secs] [Times: user=0.01 sys=0.00, real=0.01 secs] 
1718.441: [GC (Allocation Failure) [PSYoungGen: 78656K->1408K(78336K)] 438240K->360992K(542720K), 0.0019051 secs] [Times: user=0.00 sys=0.00, real=0.00 secs] 
1718.760: [GC (Allocation Failure) [PSYoungGen: 78208K->1344K(77824K)] 437792K->360928K(542208K), 0.0016581 secs] [Times: user=0.01 sys=0.00, real=0.00 secs] 
1719.108: [GC (Allocation Failure) [PSYoungGen: 77632K->1344K(77312K)] 437216K->360928K(541696K), 0.0018787 secs] [Times: user=0.00 sys=0.00, real=0.00 secs] 
1719.646: [GC (Allocation Failure) [PSYoungGen: 77120K->1344K(76800K)] 436704K->360928K(541184K), 0.0021922 secs] [Times: user=0.01 sys=0.00, real=0.00 secs] 
1721.545: [GC (Allocation Failure) [PSYoungGen: 76608K->1408K(76288K)] 436192K->360992K(540672K), 0.0040695 secs] [Times: user=0.02 sys=0.00, real=0.01 secs] 
1722.577: [GC (Allocation Failure) [PSYoungGen: 76160K->1344K(75776K)] 435744K->360928K(540160K), 0.0038469 secs] [Times: user=0.02 sys=0.00, real=0.00 secs] 
1723.120: [GC (Allocation Failure) [PSYoungGen: 75584K->1344K(75264K)] 435168K->360936K(539648K), 0.0024909 secs] [Times: user=0.01 sys=0.00, real=0.00 secs] 
1723.827: [GC (Allocation Failure) [PSYoungGen: 75072K->1376K(74752K)] 434664K->360968K(539136K), 0.0027111 secs] [Times: user=0.01 sys=0.00, real=0.00 secs] 
1724.981: [GC (Allocation Failure) [PSYoungGen: 74592K->1408K(74240K)] 434184K->361000K(538624K), 0.0016998 secs] [Times: user=0.01 sys=0.00, real=0.00 secs] 
1725.742: [GC (Allocation Failure) [PSYoungGen: 74112K->1376K(73728K)] 433704K->360968K(538112K), 0.0046165 secs] [Times: user=0.01 sys=0.00, real=0.01 secs] 
1726.595: [GC (Allocation Failure) [PSYoungGen: 73568K->1344K(73216K)] 433160K->360936K(537600K), 0.0033467 secs] [Times: user=0.01 sys=0.00, real=0.01 secs] 
1727.175: [GC (Allocation Failure) [PSYoungGen: 73024K->1344K(72704K)] 432616K->360936K(537088K), 0.0027665 secs] [Times: user=0.01 sys=0.00, real=0.01 secs] 
1728.360: [GC (Allocation Failure) [PSYoungGen: 72512K->1376K(72192K)] 432104K->361992K(536576K), 0.0028097 secs] [Times: user=0.01 sys=0.00, real=0.00 secs] 
1729.506: [GC (Allocation Failure) [PSYoungGen: 72032K->320K(70656K)] 432648K->360936K(535040K), 0.0037938 secs] [Times: user=0.02 sys=0.00, real=0.00 secs] 
1730.174: [GC (Allocation Failure) [PSYoungGen: 70464K->352K(71680K)] 431080K->360968K(536064K), 0.0025648 secs] [Times: user=0.01 sys=0.00, real=0.01 secs] 
1730.748: [GC (Allocation Failure) [PSYoungGen: 69984K->320K(69632K)] 430600K->360936K(534016K), 0.0039705 secs] [Times: user=0.01 sys=0.00, real=0.00 secs] 
1731.363: [GC (Allocation Failure) [PSYoungGen: 69440K->1376K(70656K)] 430056K->361992K(535040K), 0.0015449 secs] [Times: user=0.00 sys=0.00, real=0.00 secs] 
1732.061: [GC (Allocation Failure) [PSYoungGen: 69984K->1376K(70144K)] 430600K->361992K(534528K), 0.0018978 secs] [Times: user=0.00 sys=0.00, real=0.00 secs] 
1732.670: [GC (Allocation Failure) [PSYoungGen: 69984K->1344K(70144K)] 430600K->361960K(534528K), 0.0020721 secs] [Times: user=0.01 sys=0.00, real=0.00 secs] 
1733.346: [GC (Allocation Failure) [PSYoungGen: 69952K->1408K(70656K)] 430568K->362040K(535040K), 0.0024025 secs] [Times: user=0.01 sys=0.00, real=0.00 secs] 
1733.962: [GC (Allocation Failure) [PSYoungGen: 70016K->1376K(70656K)] 430648K->362008K(535040K), 0.0023317 secs] [Times: user=0.01 sys=0.00, real=0.00 secs] 
1734.972: [GC (Allocation Failure) [PSYoungGen: 69984K->1408K(70656K)] 430616K->362040K(535040K), 0.0018567 secs] [Times: user=0.01 sys=0.00, real=0.00 secs] 
1735.532: [GC (Allocation Failure) [PSYoungGen: 70016K->1376K(70656K)] 430648K->362008K(535040K), 0.0021541 secs] [Times: user=0.01 sys=0.00, real=0.00 secs] 
1735.818: [GC (Allocation Failure) [PSYoungGen: 69984K->1344K(70656K)] 430616K->361976K(535040K), 0.0019173 secs] [Times: user=0.00 sys=0.00, real=0.00 secs] 
1736.250: [GC (Allocation Failure) [PSYoungGen: 69952K->1344K(70656K)] 430584K->361976K(535040K), 0.0019396 secs] [Times: user=0.01 sys=0.00, real=0.00 secs] 
1737.282: [GC (Allocation Failure) [PSYoungGen: 69952K->1408K(70656K)] 430584K->363064K(535040K), 0.0016848 secs] [Times: user=0.01 sys=0.00, real=0.00 secs] 
1737.567: [GC (Allocation Failure) [PSYoungGen: 70016K->320K(70656K)] 431672K->361976K(535040K), 0.0016996 secs] [Times: user=0.01 sys=0.00, real=0.00 secs] 
1737.852: [GC (Allocation Failure) [PSYoungGen: 68928K->320K(70656K)] 430584K->361984K(535040K), 0.0016181 secs] [Times: user=0.01 sys=0.00, real=0.00 secs] 
1738.137: [GC (Allocation Failure) [PSYoungGen: 68928K->352K(70656K)] 430592K->362016K(535040K), 0.0016495 secs] [Times: user=0.00 sys=0.00, real=0.00 secs] 
1738.557: [GC (Allocation Failure) [PSYoungGen: 68960K->1312K(71168K)] 430624K->363008K(535552K), 0.0015281 secs] [Times: user=0.00 sys=0.00, real=0.00 secs] 
1740.321: [GC (Allocation Failure) [PSYoungGen: 69920K->1408K(71168K)] 431616K->363104K(535552K), 0.0028519 secs] [Times: user=0.01 sys=0.00, real=0.00 secs] 
1740.610: [GC (Allocation Failure) [PSYoungGen: 70016K->1344K(71168K)] 431712K->363040K(535552K), 0.0019451 secs] [Times: user=0.01 sys=0.00, real=0.00 secs] 
1740.990: [GC (Allocation Failure) [PSYoungGen: 69952K->1344K(71168K)] 431648K->363048K(535552K), 0.0058618 secs] [Times: user=0.03 sys=0.00, real=0.01 secs] 
1741.319: [GC (Allocation Failure) [PSYoungGen: 69952K->1344K(76800K)] 431656K->363048K(541184K), 0.0019638 secs] [Times: user=0.01 sys=0.00, real=0.00 secs] 
1743.009: [GC (Allocation Failure) [PSYoungGen: 76096K->1408K(77312K)] 437800K->363112K(541696K), 0.0044033 secs] [Times: user=0.01 sys=0.00, real=0.00 secs] 
1744.042: [GC (Allocation Failure) [PSYoungGen: 76160K->1312K(82432K)] 437864K->363016K(546816K), 0.0036311 secs] [Times: user=0.01 sys=0.00, real=0.00 secs] 
1744.745: [GC (Allocation Failure) [PSYoungGen: 82208K->1376K(81920K)] 443912K->363080K(546304K), 0.0020435 secs] [Times: user=0.01 sys=0.00, real=0.01 secs] 
1745.559: [GC (Allocation Failure) [PSYoungGen: 81760K->1376K(81408K)] 443464K->363080K(545792K), 0.0025005 secs] [Times: user=0.01 sys=0.00, real=0.00 secs] 
1746.583: [GC (Allocation Failure) [PSYoungGen: 81248K->1360K(80896K)] 442952K->363064K(545280K), 0.0020240 secs] [Times: user=0.00 sys=0.00, real=0.00 secs] 
1746.943: [GC (Allocation Failure) [PSYoungGen: 80720K->1344K(80384K)] 442424K->363048K(544768K), 0.0019288 secs] [Times: user=0.00 sys=0.00, real=0.00 secs] 
1747.319: [GC (Allocation Failure) [PSYoungGen: 80192K->1376K(79872K)] 441896K->363088K(544256K), 0.0020494 secs] [Times: user=0.01 sys=0.00, real=0.00 secs] 
1747.983: [GC (Allocation Failure) [PSYoungGen: 79712K->1357K(79360K)] 441424K->363069K(543744K), 0.0017419 secs] [Times: user=0.01 sys=0.00, real=0.00 secs] 
1748.846: [GC (Allocation Failure) [PSYoungGen: 79181K->1424K(78848K)] 440893K->363136K(543232K), 0.0020791 secs] [Times: user=0.01 sys=0.00, real=0.00 secs] 
1749.168: [GC (Allocation Failure) [PSYoungGen: 78736K->1376K(78336K)] 440448K->363088K(542720K), 0.0021302 secs] [Times: user=0.01 sys=0.00, real=0.00 secs] 
1749.720: [GC (Allocation Failure) [PSYoungGen: 78176K->1344K(77824K)] 439888K->363056K(542208K), 0.0022869 secs] [Times: user=0.01 sys=0.00, real=0.00 secs] 
1750.928: [GC (Allocation Failure) [PSYoungGen: 77632K->1520K(77312K)] 439344K->363240K(541696K), 0.0017412 secs] [Times: user=0.01 sys=0.00, real=0.00 secs] 
1751.627: [GC (Allocation Failure) [PSYoungGen: 77296K->1376K(76800K)] 439016K->363096K(541184K), 0.0020665 secs] [Times: user=0.01 sys=0.00, real=0.00 secs] 
1752.226: [GC (Allocation Failure) [PSYoungGen: 76640K->1344K(76288K)] 438360K->363064K(540672K), 0.0021049 secs] [Times: user=0.01 sys=0.00, real=0.00 secs] 
1752.538: [GC (Allocation Failure) [PSYoungGen: 76096K->1344K(75776K)] 437816K->363064K(540160K), 0.0021196 secs] [Times: user=0.01 sys=0.00, real=0.00 secs] 
1754.219: [GC (Allocation Failure) [PSYoungGen: 75584K->1664K(75776K)] 437304K->363384K(540160K), 0.0030259 secs] [Times: user=0.01 sys=0.00, real=0.00 secs] 
1755.990: [GC (Allocation Failure) [PSYoungGen: 75392K->1344K(74752K)] 437112K->363064K(539136K), 0.0021697 secs] [Times: user=0.01 sys=0.00, real=0.00 secs] 
1756.354: [GC (Allocation Failure) [PSYoungGen: 74560K->1376K(74240K)] 436280K->363096K(538624K), 0.0019284 secs] [Times: user=0.01 sys=0.01, real=0.00 secs] 
1756.975: [GC (Allocation Failure) [PSYoungGen: 74080K->1344K(73728K)] 435800K->363064K(538112K), 0.0022267 secs] [Times: user=0.01 sys=0.00, real=0.01 secs] 
1757.941: [GC (Allocation Failure) [PSYoungGen: 73536K->1344K(73216K)] 435256K->363064K(537600K), 0.0015574 secs] [Times: user=0.00 sys=0.00, real=0.00 secs] 
1758.910: [GC (Allocation Failure) [PSYoungGen: 73024K->1376K(72704K)] 434744K->363096K(537088K), 0.0030665 secs] [Times: user=0.01 sys=0.00, real=0.00 secs] 
1759.549: [GC (Allocation Failure) [PSYoungGen: 72544K->1376K(72192K)] 434264K->363096K(536576K), 0.0042415 secs] [Times: user=0.02 sys=0.00, real=0.00 secs] 
1760.044: [GC (Allocation Failure) [PSYoungGen: 72032K->1344K(71680K)] 433752K->363064K(536064K), 0.0022797 secs] [Times: user=0.01 sys=0.00, real=0.01 secs] 
1760.336: [GC (Allocation Failure) [PSYoungGen: 71488K->1376K(71168K)] 433208K->363096K(535552K), 0.0018957 secs] [Times: user=0.01 sys=0.00, real=0.00 secs] 
1761.214: [GC (Allocation Failure) [PSYoungGen: 71008K->1408K(70656K)] 432728K->363128K(535040K), 0.0017015 secs] [Times: user=0.00 sys=0.00, real=0.01 secs] 
1761.771: [GC (Allocation Failure) [PSYoungGen: 70528K->1344K(70144K)] 432248K->363064K(534528K), 0.0017121 secs] [Times: user=0.00 sys=0.00, real=0.00 secs] 
1762.336: [GC (Allocation Failure) [PSYoungGen: 69952K->1376K(70144K)] 431672K->363104K(534528K), 0.0019329 secs] [Times: user=0.01 sys=0.00, real=0.00 secs] 
1762.753: [GC (Allocation Failure) [PSYoungGen: 69984K->1376K(70144K)] 431712K->363104K(534528K), 0.0020539 secs] [Times: user=0.01 sys=0.00, real=0.00 secs] 
1763.838: [GC (Allocation Failure) [PSYoungGen: 69984K->1408K(70144K)] 431712K->363136K(534528K), 0.0034304 secs] [Times: user=0.02 sys=0.00, real=0.00 secs] 
1764.416: [GC (Allocation Failure) [PSYoungGen: 70016K->320K(69632K)] 431744K->363072K(534016K), 0.0025084 secs] [Times: user=0.01 sys=0.00, real=0.00 secs] 
1765.166: [GC (Allocation Failure) [PSYoungGen: 68928K->320K(70656K)] 431680K->363080K(535040K), 0.0030118 secs] [Times: user=0.01 sys=0.00, real=0.01 secs] 
1765.975: [GC (Allocation Failure) [PSYoungGen: 68928K->320K(70656K)] 431688K->363080K(535040K), 0.0033180 secs] [Times: user=0.01 sys=0.00, real=0.01 secs] 
1767.164: [GC (Allocation Failure) [PSYoungGen: 68928K->1408K(70656K)] 431688K->364168K(535040K), 0.0015341 secs] [Times: user=0.00 sys=0.00, real=0.00 secs] 
1768.282: [GC (Allocation Failure) [PSYoungGen: 70016K->1344K(70656K)] 432776K->364104K(535040K), 0.0040635 secs] [Times: user=0.02 sys=0.00, real=0.01 secs] 
1769.193: [GC (Allocation Failure) [PSYoungGen: 69952K->1312K(70656K)] 432712K->364072K(535040K), 0.0032027 secs] [Times: user=0.01 sys=0.00, real=0.01 secs] 
1770.019: [GC (Allocation Failure) [PSYoungGen: 69920K->1376K(70656K)] 432680K->364136K(535040K), 0.0024815 secs] [Times: user=0.01 sys=0.00, real=0.00 secs] 
1770.638: [GC (Allocation Failure) [PSYoungGen: 69984K->1376K(70656K)] 432744K->364144K(535040K), 0.0024470 secs] [Times: user=0.01 sys=0.00, real=0.00 secs] 
1771.744: [GC (Allocation Failure) [PSYoungGen: 69984K->1408K(70656K)] 432752K->364192K(535040K), 0.0031015 secs] [Times: user=0.01 sys=0.00, real=0.01 secs] 
1772.206: [GC (Allocation Failure) [PSYoungGen: 70016K->1344K(70656K)] 432800K->364128K(535040K), 0.0022983 secs] [Times: user=0.01 sys=0.00, real=0.00 secs] 
1772.492: [GC (Allocation Failure) [PSYoungGen: 69952K->1376K(70656K)] 432736K->364160K(535040K), 0.0021406 secs] [Times: user=0.01 sys=0.00, real=0.00 secs] 
1772.777: [GC (Allocation Failure) [PSYoungGen: 69984K->1312K(70656K)] 432768K->364096K(535040K), 0.0018366 secs] [Times: user=0.00 sys=0.00, real=0.00 secs] 
1773.652: [GC (Allocation Failure) [PSYoungGen: 69920K->1360K(70656K)] 432704K->364144K(535040K), 0.0018672 secs] [Times: user=0.01 sys=0.00, real=0.00 secs] 
1774.255: [GC (Allocation Failure) [PSYoungGen: 69968K->1344K(70656K)] 432752K->364128K(535040K), 0.0030971 secs] [Times: user=0.01 sys=0.00, real=0.01 secs] 
1775.094: [GC (Allocation Failure) [PSYoungGen: 69952K->1344K(70656K)] 432736K->364128K(535040K), 0.0040104 secs] [Times: user=0.01 sys=0.01, real=0.01 secs] 
1775.877: [GC (Allocation Failure) [PSYoungGen: 69952K->1344K(70656K)] 432736K->364128K(535040K), 0.0038784 secs] [Times: user=0.02 sys=0.00, real=0.00 secs] 
1777.077: [GC (Allocation Failure) [PSYoungGen: 69952K->1392K(70656K)] 432736K->364176K(535040K), 0.0014304 secs] [Times: user=0.00 sys=0.00, real=0.00 secs] 
1777.718: [GC (Allocation Failure) [PSYoungGen: 70000K->1408K(70656K)] 432784K->364192K(535040K), 0.0017616 secs] [Times: user=0.00 sys=0.00, real=0.00 secs] 
1778.309: [GC (Allocation Failure) [PSYoungGen: 70016K->1376K(70656K)] 432800K->364160K(535040K), 0.0040083 secs] [Times: user=0.01 sys=0.00, real=0.00 secs] 
1778.894: [GC (Allocation Failure) [PSYoungGen: 69984K->1312K(70656K)] 432768K->364104K(535040K), 0.0026043 secs] [Times: user=0.01 sys=0.00, real=0.01 secs] 
1779.424: [GC (Allocation Failure) [PSYoungGen: 69920K->1376K(70656K)] 432712K->364168K(535040K), 0.0026771 secs] [Times: user=0.01 sys=0.00, real=0.01 secs] 
1780.298: [GC (Allocation Failure) [PSYoungGen: 69984K->1408K(70656K)] 432776K->364200K(535040K), 0.0016876 secs] [Times: user=0.00 sys=0.00, real=0.00 secs] 
1780.962: [GC (Allocation Failure) [PSYoungGen: 70016K->1376K(70656K)] 432808K->364176K(535040K), 0.0023283 secs] [Times: user=0.01 sys=0.00, real=0.00 secs] 
1781.626: [GC (Allocation Failure) [PSYoungGen: 69984K->1312K(70656K)] 432784K->364112K(535040K), 0.0027023 secs] [Times: user=0.01 sys=0.00, real=0.00 secs] 
1782.336: [GC (Allocation Failure) [PSYoungGen: 69920K->1376K(70656K)] 432720K->364176K(535040K), 0.0020675 secs] [Times: user=0.01 sys=0.00, real=0.00 secs] 
1783.438: [GC (Allocation Failure) [PSYoungGen: 69984K->1344K(70656K)] 432784K->365168K(535040K), 0.0019306 secs] [Times: user=0.01 sys=0.00, real=0.00 secs] 
1783.731: [GC (Allocation Failure) [PSYoungGen: 69952K->352K(70656K)] 433776K->364176K(535040K), 0.0019770 secs] [Times: user=0.00 sys=0.00, real=0.00 secs] 
1784.019: [GC (Allocation Failure) [PSYoungGen: 68960K->320K(70656K)] 432784K->364144K(535040K), 0.0018293 secs] [Times: user=0.00 sys=0.00, real=0.00 secs] 
1784.320: [GC (Allocation Failure) [PSYoungGen: 68928K->320K(70656K)] 432752K->364144K(535040K), 0.0017739 secs] [Times: user=0.01 sys=0.00, real=0.00 secs] 
1784.837: [GC (Allocation Failure) [PSYoungGen: 68928K->1344K(70656K)] 432752K->365168K(535040K), 0.0015258 secs] [Times: user=0.01 sys=0.00, real=0.00 secs] 
1785.602: [GC (Allocation Failure) [PSYoungGen: 69952K->1376K(70656K)] 433776K->365200K(535040K), 0.0017265 secs] [Times: user=0.00 sys=0.00, real=0.00 secs] 
1786.213: [GC (Allocation Failure) [PSYoungGen: 69984K->1344K(70656K)] 433808K->365168K(535040K), 0.0036861 secs] [Times: user=0.01 sys=0.00, real=0.01 secs] 
1786.753: [GC (Allocation Failure) [PSYoungGen: 69952K->1344K(70656K)] 433776K->365168K(535040K), 0.0025294 secs] [Times: user=0.01 sys=0.00, real=0.01 secs] 
1787.283: [GC (Allocation Failure) [PSYoungGen: 69952K->1392K(70656K)] 433776K->365216K(535040K), 0.0024980 secs] [Times: user=0.01 sys=0.00, real=0.00 secs] 
1788.399: [GC (Allocation Failure) [PSYoungGen: 70000K->1376K(70656K)] 433824K->365200K(535040K), 0.0019528 secs] [Times: user=0.01 sys=0.00, real=0.00 secs] 
1788.872: [GC (Allocation Failure) [PSYoungGen: 69984K->1344K(70656K)] 433808K->365168K(535040K), 0.0019146 secs] [Times: user=0.01 sys=0.00, real=0.00 secs] 
1789.194: [GC (Allocation Failure) [PSYoungGen: 69952K->1344K(70656K)] 433776K->365192K(535040K), 0.0021536 secs] [Times: user=0.01 sys=0.00, real=0.01 secs] 
1789.639: [GC (Allocation Failure) [PSYoungGen: 69952K->1376K(70656K)] 433800K->365224K(535040K), 0.0021531 secs] [Times: user=0.01 sys=0.00, real=0.00 secs] 
1790.654: [GC (Allocation Failure) [PSYoungGen: 69984K->1408K(70656K)] 433832K->366280K(535040K), 0.0018899 secs] [Times: user=0.00 sys=0.00, real=0.01 secs] 
1791.801: [GC (Allocation Failure) [PSYoungGen: 70016K->352K(70656K)] 434888K->365224K(535040K), 0.0032836 secs] [Times: user=0.02 sys=0.00, real=0.00 secs] 
1792.398: [GC (Allocation Failure) [PSYoungGen: 68960K->352K(70656K)] 433832K->365224K(535040K), 0.0030952 secs] [Times: user=0.02 sys=0.00, real=0.00 secs] 
1792.721: [GC (Allocation Failure) [PSYoungGen: 68960K->352K(70656K)] 433832K->365224K(535040K), 0.0018937 secs] [Times: user=0.01 sys=0.00, real=0.00 secs] 
1793.114: [GC (Allocation Failure) [PSYoungGen: 68960K->1373K(71168K)] 433832K->366245K(535552K), 0.0013928 secs] [Times: user=0.00 sys=0.00, real=0.00 secs] 
1794.211: [GC (Allocation Failure) [PSYoungGen: 69981K->1360K(71168K)] 434853K->366232K(535552K), 0.0035047 secs] [Times: user=0.02 sys=0.00, real=0.00 secs] 
1794.951: [GC (Allocation Failure) [PSYoungGen: 69968K->1376K(71168K)] 434840K->366248K(535552K), 0.0031709 secs] [Times: user=0.01 sys=0.00, real=0.00 secs] 
1795.546: [GC (Allocation Failure) [PSYoungGen: 69984K->1344K(71168K)] 434856K->366216K(535552K), 0.0027996 secs] [Times: user=0.02 sys=0.00, real=0.00 secs] 
1796.177: [GC (Allocation Failure) [PSYoungGen: 69952K->1344K(71168K)] 434824K->366216K(535552K), 0.0025993 secs] [Times: user=0.01 sys=0.00, real=0.00 secs] 
1797.153: [GC (Allocation Failure) [PSYoungGen: 69952K->1344K(71168K)] 434824K->366216K(535552K), 0.0018588 secs] [Times: user=0.01 sys=0.00, real=0.00 secs] 
1797.465: [GC (Allocation Failure) [PSYoungGen: 69952K->1360K(70144K)] 434824K->366232K(534528K), 0.0018851 secs] [Times: user=0.01 sys=0.00, real=0.01 secs] 
1797.794: [GC (Allocation Failure) [PSYoungGen: 69968K->1376K(70656K)] 434840K->366248K(535040K), 0.0017755 secs] [Times: user=0.01 sys=0.00, real=0.01 secs] 
1798.330: [GC (Allocation Failure) [PSYoungGen: 69984K->1376K(70656K)] 434856K->366248K(535040K), 0.0019671 secs] [Times: user=0.00 sys=0.00, real=0.00 secs] 
1799.250: [GC (Allocation Failure) [PSYoungGen: 69984K->1952K(70656K)] 434856K->366824K(535040K), 0.0016180 secs] [Times: user=0.01 sys=0.00, real=0.00 secs] 
1799.588: [GC (Allocation Failure) [PSYoungGen: 70560K->1376K(71168K)] 435432K->366248K(535552K), 0.0017495 secs] [Times: user=0.01 sys=0.00, real=0.00 secs] 
1800.129: [GC (Allocation Failure) [PSYoungGen: 69984K->1344K(71168K)] 434856K->366224K(535552K), 0.0033496 secs] [Times: user=0.01 sys=0.00, real=0.00 secs] 
1800.701: [GC (Allocation Failure) [PSYoungGen: 69952K->1376K(70144K)] 434832K->366256K(534528K), 0.0024088 secs] [Times: user=0.01 sys=0.00, real=0.00 secs] 
1801.264: [GC (Allocation Failure) [PSYoungGen: 69984K->1344K(70656K)] 434864K->366224K(535040K), 0.0020431 secs] [Times: user=0.01 sys=0.00, real=0.01 secs] 
1802.007: [GC (Allocation Failure) [PSYoungGen: 69952K->1408K(70656K)] 434832K->366288K(535040K), 0.0017683 secs] [Times: user=0.01 sys=0.00, real=0.00 secs] 
1802.449: [GC (Allocation Failure) [PSYoungGen: 70016K->1344K(70656K)] 434896K->366224K(535040K), 0.0015397 secs] [Times: user=0.01 sys=0.00, real=0.00 secs] 
1802.951: [GC (Allocation Failure) [PSYoungGen: 69952K->1344K(70656K)] 434832K->366224K(535040K), 0.0016483 secs] [Times: user=0.01 sys=0.00, real=0.00 secs] 
1803.476: [GC (Allocation Failure) [PSYoungGen: 69952K->1344K(70656K)] 434832K->366224K(535040K), 0.0025146 secs] [Times: user=0.01 sys=0.00, real=0.00 secs] 
1804.516: [GC (Allocation Failure) [PSYoungGen: 69952K->1376K(70656K)] 434832K->366256K(535040K), 0.0019178 secs] [Times: user=0.01 sys=0.00, real=0.00 secs] 
1805.803: [GC (Allocation Failure) [PSYoungGen: 69984K->1344K(70656K)] 434864K->366224K(535040K), 0.0025494 secs] [Times: user=0.01 sys=0.00, real=0.01 secs] 
1806.783: [GC (Allocation Failure) [PSYoungGen: 69952K->1344K(70656K)] 434832K->366224K(535040K), 0.0030755 secs] [Times: user=0.01 sys=0.00, real=0.01 secs] 
1807.439: [GC (Allocation Failure) [PSYoungGen: 69952K->1376K(70656K)] 434832K->366256K(535040K), 0.0027225 secs] [Times: user=0.01 sys=0.00, real=0.00 secs] 
1808.290: [GC (Allocation Failure) [PSYoungGen: 69661K->256K(70656K)] 434541K->365136K(535040K), 0.0016079 secs] [Times: user=0.01 sys=0.00, real=0.00 secs] 
1808.899: [GC (Allocation Failure) [PSYoungGen: 68864K->1344K(70656K)] 433744K->366224K(535040K), 0.0021174 secs] [Times: user=0.01 sys=0.00, real=0.00 secs] 
1809.471: [GC (Allocation Failure) [PSYoungGen: 69952K->1328K(70656K)] 434832K->366216K(535040K), 0.0022881 secs] [Times: user=0.01 sys=0.00, real=0.00 secs] 
1810.065: [GC (Allocation Failure) [PSYoungGen: 69936K->1376K(70656K)] 434824K->366264K(535040K), 0.0019425 secs] [Times: user=0.00 sys=0.00, real=0.01 secs] 
1810.601: [GC (Allocation Failure) [PSYoungGen: 69984K->1392K(70656K)] 434872K->366296K(535040K), 0.0020564 secs] [Times: user=0.01 sys=0.00, real=0.00 secs] 
1811.822: [GC (Allocation Failure) [PSYoungGen: 70000K->1408K(70656K)] 434904K->366312K(535040K), 0.0018951 secs] [Times: user=0.00 sys=0.01, real=0.00 secs] 
1812.816: [GC (Allocation Failure) [PSYoungGen: 70016K->1376K(70656K)] 434920K->366280K(535040K), 0.0019303 secs] [Times: user=0.01 sys=0.00, real=0.00 secs] 
1813.610: [GC (Allocation Failure) [PSYoungGen: 69984K->1344K(70656K)] 434888K->366248K(535040K), 0.0023139 secs] [Times: user=0.01 sys=0.00, real=0.00 secs] 
1813.895: [GC (Allocation Failure) [PSYoungGen: 69952K->1376K(70656K)] 434856K->366280K(535040K), 0.0020124 secs] [Times: user=0.01 sys=0.00, real=0.01 secs] 
1814.643: [GC (Allocation Failure) [PSYoungGen: 69984K->1408K(70656K)] 434888K->366312K(535040K), 0.0017293 secs] [Times: user=0.01 sys=0.00, real=0.00 secs] 
1814.982: [GC (Allocation Failure) [PSYoungGen: 70016K->1344K(70656K)] 434920K->366248K(535040K), 0.0018211 secs] [Times: user=0.01 sys=0.00, real=0.00 secs] 
1815.352: [GC (Allocation Failure) [PSYoungGen: 69952K->1312K(70656K)] 434856K->366224K(535040K), 0.0020081 secs] [Times: user=0.01 sys=0.00, real=0.00 secs] 
1815.888: [GC (Allocation Failure) [PSYoungGen: 69920K->1344K(70656K)] 434832K->366256K(535040K), 0.0021853 secs] [Times: user=0.01 sys=0.00, real=0.00 secs] 
1816.756: [GC (Allocation Failure) [PSYoungGen: 69952K->1328K(70656K)] 434864K->366240K(535040K), 0.0015193 secs] [Times: user=0.01 sys=0.00, real=0.00 secs] 
1817.248: [GC (Allocation Failure) [PSYoungGen: 69936K->1408K(70656K)] 434848K->366320K(535040K), 0.0017282 secs] [Times: user=0.01 sys=0.00, real=0.00 secs] 
1817.639: [GC (Allocation Failure) [PSYoungGen: 70016K->1376K(70656K)] 434928K->366304K(535040K), 0.0018961 secs] [Times: user=0.01 sys=0.00, real=0.00 secs] 
1818.226: [GC (Allocation Failure) [PSYoungGen: 69984K->1408K(70656K)] 434912K->366344K(535040K), 0.0018764 secs] [Times: user=0.01 sys=0.00, real=0.01 secs] 
1818.750: [GC (Allocation Failure) [PSYoungGen: 70016K->1328K(70656K)] 434952K->366272K(535040K), 0.0039625 secs] [Times: user=0.01 sys=0.00, real=0.00 secs] 
1819.712: [GC (Allocation Failure) [PSYoungGen: 69936K->1376K(70656K)] 434880K->366336K(535040K), 0.0015685 secs] [Times: user=0.01 sys=0.00, real=0.00 secs] 
1819.996: [GC (Allocation Failure) [PSYoungGen: 69984K->1344K(70144K)] 434944K->366304K(534528K), 0.0016689 secs] [Times: user=0.00 sys=0.00, real=0.00 secs] 
1820.280: [GC (Allocation Failure) [PSYoungGen: 69952K->1312K(70144K)] 434912K->366272K(534528K), 0.0016751 secs] [Times: user=0.01 sys=0.00, real=0.00 secs] 
1820.564: [GC (Allocation Failure) [PSYoungGen: 69920K->1312K(70144K)] 434880K->366272K(534528K), 0.0017427 secs] [Times: user=0.01 sys=0.00, real=0.01 secs] 
1822.108: [GC (Allocation Failure) [PSYoungGen: 69920K->1344K(70144K)] 434880K->367328K(534528K), 0.0043135 secs] [Times: user=0.02 sys=0.00, real=0.00 secs] 
1823.973: [GC (Allocation Failure) [PSYoungGen: 69952K->320K(70144K)] 435936K->366304K(534528K), 0.0039768 secs] [Times: user=0.01 sys=0.00, real=0.01 secs] 
1824.331: [GC (Allocation Failure) [PSYoungGen: 68928K->320K(70656K)] 434912K->366304K(535040K), 0.0025269 secs] [Times: user=0.01 sys=0.00, real=0.00 secs] 
1824.643: [GC (Allocation Failure) [PSYoungGen: 68928K->352K(70656K)] 434912K->366336K(535040K), 0.0020266 secs] [Times: user=0.01 sys=0.00, real=0.00 secs] 
1825.668: [GC (Allocation Failure) [PSYoungGen: 68960K->1341K(70656K)] 434944K->367325K(535040K), 0.0016397 secs] [Times: user=0.01 sys=0.00, real=0.00 secs] 
1828.310: [GC (Allocation Failure) [PSYoungGen: 69949K->1408K(70656K)] 435933K->367392K(535040K), 0.0024668 secs] [Times: user=0.01 sys=0.00, real=0.00 secs] 
1829.121: [GC (Allocation Failure) [PSYoungGen: 70016K->1360K(70656K)] 436000K->367344K(535040K), 0.0025985 secs] [Times: user=0.01 sys=0.00, real=0.00 secs] 
1829.939: [GC (Allocation Failure) [PSYoungGen: 69968K->1344K(70656K)] 435952K->367328K(535040K), 0.0027417 secs] [Times: user=0.01 sys=0.00, real=0.00 secs] 
1830.746: [GC (Allocation Failure) [PSYoungGen: 69952K->1344K(70656K)] 435936K->367328K(535040K), 0.0025112 secs] [Times: user=0.01 sys=0.00, real=0.00 secs] 
1831.964: [GC (Allocation Failure) [PSYoungGen: 69952K->1344K(70656K)] 435936K->367328K(535040K), 0.0023408 secs] [Times: user=0.01 sys=0.00, real=0.01 secs] 
1832.570: [GC (Allocation Failure) [PSYoungGen: 69952K->1360K(70656K)] 435936K->367344K(535040K), 0.0042801 secs] [Times: user=0.02 sys=0.00, real=0.00 secs] 
1833.332: [GC (Allocation Failure) [PSYoungGen: 69968K->1312K(70656K)] 435952K->367296K(535040K), 0.0087387 secs] [Times: user=0.04 sys=0.00, real=0.01 secs] 
1834.205: [GC (Allocation Failure) [PSYoungGen: 69920K->1376K(70144K)] 435904K->367360K(534528K), 0.0034950 secs] [Times: user=0.02 sys=0.01, real=0.01 secs] 
1835.317: [GC (Allocation Failure) [PSYoungGen: 69984K->1920K(70656K)] 435968K->367912K(535040K), 0.0018372 secs] [Times: user=0.01 sys=0.00, real=0.00 secs] 
1835.932: [GC (Allocation Failure) [PSYoungGen: 70528K->288K(69120K)] 436520K->367304K(533504K), 0.0020677 secs] [Times: user=0.01 sys=0.00, real=0.00 secs] 
1836.550: [GC (Allocation Failure) [PSYoungGen: 68896K->320K(71168K)] 435912K->367336K(535552K), 0.0045873 secs] [Times: user=0.02 sys=0.01, real=0.00 secs] 
1837.354: [GC (Allocation Failure) [PSYoungGen: 68928K->336K(69120K)] 435944K->367352K(533504K), 0.0028982 secs] [Times: user=0.01 sys=0.00, real=0.01 secs] 
1837.897: [GC (Allocation Failure) [PSYoungGen: 68944K->1309K(71168K)] 435960K->368325K(535552K), 0.0027685 secs] [Times: user=0.01 sys=0.00, real=0.00 secs] 
1838.649: [GC (Allocation Failure) [PSYoungGen: 69917K->1408K(70656K)] 436933K->368424K(535040K), 0.0018498 secs] [Times: user=0.00 sys=0.00, real=0.00 secs] 
1839.115: [GC (Allocation Failure) [PSYoungGen: 70016K->1376K(71168K)] 437032K->368392K(535552K), 0.0017992 secs] [Times: user=0.01 sys=0.00, real=0.01 secs] 
1839.649: [GC (Allocation Failure) [PSYoungGen: 69984K->1376K(71168K)] 437000K->368400K(535552K), 0.0033760 secs] [Times: user=0.01 sys=0.00, real=0.00 secs] 
1840.221: [GC (Allocation Failure) [PSYoungGen: 69984K->1312K(71168K)] 437008K->368336K(535552K), 0.0033018 secs] [Times: user=0.01 sys=0.00, real=0.00 secs] 
1841.303: [GC (Allocation Failure) [PSYoungGen: 69920K->1376K(71168K)] 436944K->368400K(535552K), 0.0016970 secs] [Times: user=0.01 sys=0.00, real=0.00 secs] 
1841.994: [GC (Allocation Failure) [PSYoungGen: 69984K->1376K(71168K)] 437008K->368408K(535552K), 0.0042122 secs] [Times: user=0.02 sys=0.00, real=0.01 secs] 
1842.626: [GC (Allocation Failure) [PSYoungGen: 69984K->1376K(71168K)] 437016K->368408K(535552K), 0.0027158 secs] [Times: user=0.01 sys=0.00, real=0.00 secs] 
1842.917: [GC (Allocation Failure) [PSYoungGen: 69984K->1312K(70144K)] 437016K->368344K(534528K), 0.0019373 secs] [Times: user=0.01 sys=0.00, real=0.00 secs] 
1843.756: [GC (Allocation Failure) [PSYoungGen: 69920K->1552K(70144K)] 436952K->368584K(534528K), 0.0018160 secs] [Times: user=0.00 sys=0.00, real=0.00 secs] 
1845.093: [GC (Allocation Failure) [PSYoungGen: 69648K->1344K(69632K)] 436680K->368376K(534016K), 0.0041277 secs] [Times: user=0.02 sys=0.00, real=0.01 secs] 
1845.929: [GC (Allocation Failure) [PSYoungGen: 69440K->1360K(70144K)] 436472K->368392K(534528K), 0.0033100 secs] [Times: user=0.02 sys=0.00, real=0.00 secs] 
1846.581: [GC (Allocation Failure) [PSYoungGen: 69456K->1376K(70144K)] 436488K->368408K(534528K), 0.0031059 secs] [Times: user=0.01 sys=0.00, real=0.00 secs] 
1846.999: [GC (Allocation Failure) [PSYoungGen: 69472K->1344K(70144K)] 436504K->368376K(534528K), 0.0027482 secs] [Times: user=0.01 sys=0.00, real=0.00 secs] 
1848.318: [GC (Allocation Failure) [PSYoungGen: 69440K->1408K(70144K)] 436472K->368440K(534528K), 0.0028073 secs] [Times: user=0.01 sys=0.00, real=0.00 secs] 
1849.328: [GC (Allocation Failure) [PSYoungGen: 69504K->1312K(70144K)] 436536K->368344K(534528K), 0.0029939 secs] [Times: user=0.01 sys=0.00, real=0.00 secs] 
1850.318: [GC (Allocation Failure) [PSYoungGen: 69408K->1376K(70144K)] 436440K->368408K(534528K), 0.0030997 secs] [Times: user=0.01 sys=0.00, real=0.00 secs] 
1851.030: [GC (Allocation Failure) [PSYoungGen: 69472K->1312K(70144K)] 436504K->368344K(534528K), 0.0031929 secs] [Times: user=0.02 sys=0.00, real=0.00 secs] 
1852.369: [GC (Allocation Failure) [PSYoungGen: 69408K->1376K(70144K)] 436440K->368408K(534528K), 0.0021244 secs] [Times: user=0.01 sys=0.00, real=0.00 secs] 
1853.019: [GC (Allocation Failure) [PSYoungGen: 69472K->1312K(70144K)] 436504K->368352K(534528K), 0.0018784 secs] [Times: user=0.01 sys=0.00, real=0.00 secs] 
1853.778: [GC (Allocation Failure) [PSYoungGen: 69408K->1424K(70144K)] 436448K->368464K(534528K), 0.0069289 secs] [Times: user=0.03 sys=0.00, real=0.00 secs] 
1854.534: [GC (Allocation Failure) [PSYoungGen: 69520K->1344K(70144K)] 436560K->368384K(534528K), 0.0032208 secs] [Times: user=0.01 sys=0.00, real=0.01 secs] 
1855.318: [GC (Allocation Failure) [PSYoungGen: 69440K->1344K(70144K)] 436480K->368384K(534528K), 0.0015304 secs] [Times: user=0.00 sys=0.00, real=0.00 secs] 
1857.030: [GC (Allocation Failure) [PSYoungGen: 69440K->1376K(70144K)] 436480K->368416K(534528K), 0.0042064 secs] [Times: user=0.01 sys=0.00, real=0.00 secs] 
1857.721: [GC (Allocation Failure) [PSYoungGen: 69472K->1344K(70144K)] 436512K->368384K(534528K), 0.0041108 secs] [Times: user=0.02 sys=0.00, real=0.00 secs] 
1858.052: [GC (Allocation Failure) [PSYoungGen: 69440K->1344K(70144K)] 436480K->368384K(534528K), 0.0021025 secs] [Times: user=0.01 sys=0.00, real=0.00 secs] 
1858.559: [GC (Allocation Failure) [PSYoungGen: 69440K->1360K(70144K)] 436480K->368400K(534528K), 0.0023519 secs] [Times: user=0.01 sys=0.00, real=0.00 secs] 
1859.440: [GC (Allocation Failure) [PSYoungGen: 69456K->1408K(70144K)] 436496K->368448K(534528K), 0.0019922 secs] [Times: user=0.01 sys=0.00, real=0.00 secs] 
1859.723: [GC (Allocation Failure) [PSYoungGen: 69504K->1344K(69632K)] 436544K->368384K(534016K), 0.0018166 secs] [Times: user=0.01 sys=0.00, real=0.00 secs] 
1860.066: [GC (Allocation Failure) [PSYoungGen: 69440K->1376K(69632K)] 436480K->368424K(534016K), 0.0018454 secs] [Times: user=0.01 sys=0.00, real=0.00 secs] 
1860.398: [GC (Allocation Failure) [PSYoungGen: 69472K->1344K(69632K)] 436520K->368392K(534016K), 0.0018196 secs] [Times: user=0.00 sys=0.00, real=0.00 secs] 
1861.218: [GC (Allocation Failure) [PSYoungGen: 69440K->1392K(69632K)] 436488K->368960K(534016K), 0.0014952 secs] [Times: user=0.01 sys=0.00, real=0.00 secs] 
1862.034: [GC (Allocation Failure) [PSYoungGen: 69488K->1360K(69632K)] 437056K->368928K(534016K), 0.0018702 secs] [Times: user=0.01 sys=0.00, real=0.01 secs] 
1862.888: [GC (Allocation Failure) [PSYoungGen: 69456K->1376K(69632K)] 437024K->368944K(534016K), 0.0026994 secs] [Times: user=0.01 sys=0.00, real=0.00 secs] 
1863.594: [GC (Allocation Failure) [PSYoungGen: 69472K->1344K(69632K)] 437040K->368912K(534016K), 0.0034608 secs] [Times: user=0.01 sys=0.00, real=0.01 secs] 
1864.080: [GC (Allocation Failure) [PSYoungGen: 69440K->1344K(69632K)] 437008K->368912K(534016K), 0.0034846 secs] [Times: user=0.01 sys=0.00, real=0.00 secs] 
1864.876: [GC (Allocation Failure) [PSYoungGen: 69440K->1344K(69632K)] 437008K->368912K(534016K), 0.0018121 secs] [Times: user=0.01 sys=0.00, real=0.00 secs] 
1865.158: [GC (Allocation Failure) [PSYoungGen: 69440K->1312K(69632K)] 437008K->368880K(534016K), 0.0015703 secs] [Times: user=0.00 sys=0.00, real=0.00 secs] 
1865.441: [GC (Allocation Failure) [PSYoungGen: 69408K->1344K(69632K)] 436976K->368912K(534016K), 0.0016971 secs] [Times: user=0.00 sys=0.00, real=0.00 secs] 
1865.723: [GC (Allocation Failure) [PSYoungGen: 69440K->1328K(69632K)] 437008K->368896K(534016K), 0.0021592 secs] [Times: user=0.01 sys=0.00, real=0.00 secs] 
1866.670: [GC (Allocation Failure) [PSYoungGen: 69424K->1376K(69632K)] 436992K->368944K(534016K), 0.0018656 secs] [Times: user=0.00 sys=0.00, real=0.00 secs] 
1867.787: [GC (Allocation Failure) [PSYoungGen: 69472K->1360K(69632K)] 437040K->368928K(534016K), 0.0035024 secs] [Times: user=0.01 sys=0.00, real=0.00 secs] 
1868.879: [GC (Allocation Failure) [PSYoungGen: 69456K->1376K(69632K)] 437024K->368944K(534016K), 0.0043055 secs] [Times: user=0.01 sys=0.00, real=0.00 secs] 
1869.671: [GC (Allocation Failure) [PSYoungGen: 69472K->1376K(69632K)] 437040K->368944K(534016K), 0.0032131 secs] [Times: user=0.02 sys=0.01, real=0.00 secs] 
1870.711: [GC (Allocation Failure) [PSYoungGen: 69472K->1373K(69632K)] 437040K->368949K(534016K), 0.0015401 secs] [Times: user=0.01 sys=0.00, real=0.00 secs] 
1871.253: [GC (Allocation Failure) [PSYoungGen: 69469K->1376K(69632K)] 437045K->368952K(534016K), 0.0020605 secs] [Times: user=0.01 sys=0.00, real=0.00 secs] 
1871.537: [GC (Allocation Failure) [PSYoungGen: 69472K->1344K(69632K)] 437048K->368920K(534016K), 0.0020660 secs] [Times: user=0.00 sys=0.00, real=0.00 secs] 
1872.129: [GC (Allocation Failure) [PSYoungGen: 69440K->1312K(69632K)] 437016K->368888K(534016K), 0.0022500 secs] [Times: user=0.01 sys=0.00, real=0.00 secs] 
1872.706: [GC (Allocation Failure) [PSYoungGen: 69408K->1344K(69632K)] 436984K->368920K(534016K), 0.0038844 secs] [Times: user=0.01 sys=0.00, real=0.01 secs] 
1873.975: [GC (Allocation Failure) [PSYoungGen: 69440K->1376K(69632K)] 437016K->368952K(534016K), 0.0046383 secs] [Times: user=0.02 sys=0.00, real=0.01 secs] 
1874.470: [GC (Allocation Failure) [PSYoungGen: 69472K->1344K(69632K)] 437048K->368920K(534016K), 0.0026361 secs] [Times: user=0.01 sys=0.00, real=0.00 secs] 
1874.960: [GC (Allocation Failure) [PSYoungGen: 69440K->1392K(69632K)] 437016K->368968K(534016K), 0.0031250 secs] [Times: user=0.01 sys=0.00, real=0.00 secs] 
1875.515: [GC (Allocation Failure) [PSYoungGen: 69488K->1344K(69632K)] 437064K->368920K(534016K), 0.0027838 secs] [Times: user=0.01 sys=0.00, real=0.01 secs] 
1876.565: [GC (Allocation Failure) [PSYoungGen: 69440K->896K(69632K)] 437016K->369496K(534016K), 0.0018340 secs] [Times: user=0.01 sys=0.00, real=0.01 secs] 
1876.885: [GC (Allocation Failure) [PSYoungGen: 68992K->288K(69632K)] 437592K->368888K(534016K), 0.0017958 secs] [Times: user=0.01 sys=0.00, real=0.01 secs] 
1877.354: [GC (Allocation Failure) [PSYoungGen: 68384K->320K(70144K)] 436984K->368920K(534528K), 0.0018638 secs] [Times: user=0.01 sys=0.00, real=0.00 secs] 
1877.908: [GC (Allocation Failure) [PSYoungGen: 68416K->352K(70144K)] 437016K->368952K(534528K), 0.0018217 secs] [Times: user=0.01 sys=0.00, real=0.00 secs] 
1878.462: [GC (Allocation Failure) [PSYoungGen: 68448K->304K(70144K)] 437048K->368904K(534528K), 0.0021357 secs] [Times: user=0.01 sys=0.00, real=0.00 secs] 
1879.971: [GC (Allocation Failure) [PSYoungGen: 68400K->1376K(70144K)] 437000K->369976K(534528K), 0.0022600 secs] [Times: user=0.01 sys=0.00, real=0.00 secs] 
1881.173: [GC (Allocation Failure) [PSYoungGen: 69472K->1376K(70144K)] 438072K->369984K(534528K), 0.0034507 secs] [Times: user=0.01 sys=0.00, real=0.01 secs] 
1882.279: [GC (Allocation Failure) [PSYoungGen: 69472K->1376K(70144K)] 438080K->369992K(534528K), 0.0031610 secs] [Times: user=0.02 sys=0.00, real=0.00 secs] 
1883.011: [GC (Allocation Failure) [PSYoungGen: 69472K->1376K(70144K)] 438088K->369992K(534528K), 0.0025026 secs] [Times: user=0.01 sys=0.00, real=0.00 secs] 
1884.156: [GC (Allocation Failure) [PSYoungGen: 69472K->1408K(70144K)] 438088K->370024K(534528K), 0.0018237 secs] [Times: user=0.00 sys=0.00, real=0.00 secs] 
1884.754: [GC (Allocation Failure) [PSYoungGen: 69504K->1312K(70144K)] 438120K->369928K(534528K), 0.0022187 secs] [Times: user=0.01 sys=0.00, real=0.01 secs] 
1885.537: [GC (Allocation Failure) [PSYoungGen: 69408K->1344K(70144K)] 438024K->369960K(534528K), 0.0032035 secs] [Times: user=0.01 sys=0.00, real=0.00 secs] 
1886.302: [GC (Allocation Failure) [PSYoungGen: 69440K->1376K(70144K)] 438056K->369992K(534528K), 0.0030978 secs] [Times: user=0.02 sys=0.00, real=0.00 secs] 
1887.413: [GC (Allocation Failure) [PSYoungGen: 69472K->1373K(70144K)] 438088K->369989K(534528K), 0.0014920 secs] [Times: user=0.00 sys=0.00, real=0.00 secs] 
1888.126: [GC (Allocation Failure) [PSYoungGen: 69469K->1344K(70144K)] 438085K->369960K(534528K), 0.0019462 secs] [Times: user=0.01 sys=0.00, real=0.00 secs] 
1888.675: [GC (Allocation Failure) [PSYoungGen: 69440K->1328K(70144K)] 438056K->369944K(534528K), 0.0024077 secs] [Times: user=0.01 sys=0.00, real=0.01 secs] 
1889.208: [GC (Allocation Failure) [PSYoungGen: 69424K->1376K(70144K)] 438040K->369992K(534528K), 0.0026306 secs] [Times: user=0.01 sys=0.00, real=0.00 secs] 
1889.984: [GC (Allocation Failure) [PSYoungGen: 69472K->1376K(70144K)] 438088K->369992K(534528K), 0.0027500 secs] [Times: user=0.01 sys=0.00, real=0.01 secs] 
1890.882: [GC (Allocation Failure) [PSYoungGen: 69472K->1408K(70144K)] 438088K->370024K(534528K), 0.0018053 secs] [Times: user=0.01 sys=0.00, real=0.00 secs] 
1891.250: [GC (Allocation Failure) [PSYoungGen: 69504K->1344K(70144K)] 438120K->369960K(534528K), 0.0018871 secs] [Times: user=0.01 sys=0.00, real=0.00 secs] 
1891.562: [GC (Allocation Failure) [PSYoungGen: 69440K->1376K(70144K)] 438056K->369992K(534528K), 0.0018940 secs] [Times: user=0.01 sys=0.00, real=0.00 secs] 
1891.874: [GC (Allocation Failure) [PSYoungGen: 69472K->1376K(70144K)] 438088K->370008K(534528K), 0.0029438 secs] [Times: user=0.01 sys=0.00, real=0.01 secs] 
1892.697: [GC (Allocation Failure) [PSYoungGen: 69359K->1952K(70144K)] 437991K->371096K(534528K), 0.0019606 secs] [Times: user=0.01 sys=0.00, real=0.00 secs] 
1892.976: [GC (Allocation Failure) [PSYoungGen: 70048K->1376K(70144K)] 439192K->370520K(534528K), 0.0016840 secs] [Times: user=0.01 sys=0.00, real=0.00 secs] 
1893.259: [GC (Allocation Failure) [PSYoungGen: 69472K->1344K(70144K)] 438616K->370488K(534528K), 0.0018122 secs] [Times: user=0.00 sys=0.00, real=0.00 secs] 
1893.541: [GC (Allocation Failure) [PSYoungGen: 69440K->1376K(70144K)] 438584K->370520K(534528K), 0.0017569 secs] [Times: user=0.01 sys=0.00, real=0.00 secs] 
1893.883: [GC (Allocation Failure) [PSYoungGen: 69333K->256K(70144K)] 438477K->369400K(534528K), 0.0026430 secs] [Times: user=0.01 sys=0.00, real=0.00 secs] 
1894.909: [GC (Allocation Failure) [PSYoungGen: 68352K->1408K(70144K)] 437496K->370552K(534528K), 0.0031407 secs] [Times: user=0.02 sys=0.00, real=0.00 secs] 
1895.477: [GC (Allocation Failure) [PSYoungGen: 69504K->1344K(70144K)] 438648K->370488K(534528K), 0.0027655 secs] [Times: user=0.01 sys=0.00, real=0.00 secs] 
1896.113: [GC (Allocation Failure) [PSYoungGen: 69440K->1344K(70144K)] 438584K->370488K(534528K), 0.0021061 secs] [Times: user=0.00 sys=0.00, real=0.00 secs] 
1896.582: [GC (Allocation Failure) [PSYoungGen: 69440K->1376K(70144K)] 438584K->370520K(534528K), 0.0019272 secs] [Times: user=0.01 sys=0.00, real=0.00 secs] 
1897.609: [GC (Allocation Failure) [PSYoungGen: 69472K->1408K(70144K)] 438616K->370552K(534528K), 0.0116324 secs] [Times: user=0.06 sys=0.00, real=0.01 secs] 
1897.902: [GC (Allocation Failure) [PSYoungGen: 69504K->1408K(76288K)] 438648K->370552K(540672K), 0.0017732 secs] [Times: user=0.00 sys=0.00, real=0.00 secs] 
1898.211: [GC (Allocation Failure) [PSYoungGen: 75648K->1376K(76288K)] 444792K->370544K(540672K), 0.0019904 secs] [Times: user=0.00 sys=0.00, real=0.00 secs] 
1898.575: [GC (Allocation Failure) [PSYoungGen: 75616K->1376K(82432K)] 444784K->370544K(546816K), 0.0019053 secs] [Times: user=0.01 sys=0.00, real=0.01 secs] 
1899.387: [GC (Allocation Failure) [PSYoungGen: 81760K->1392K(81408K)] 450928K->370560K(545792K), 0.0016406 secs] [Times: user=0.01 sys=0.00, real=0.00 secs] 
1899.719: [GC (Allocation Failure) [PSYoungGen: 81264K->1376K(80896K)] 450432K->370544K(545280K), 0.0017152 secs] [Times: user=0.01 sys=0.01, real=0.00 secs] 
1900.054: [GC (Allocation Failure) [PSYoungGen: 80736K->1344K(81408K)] 449904K->370528K(545792K), 0.0029905 secs] [Times: user=0.02 sys=0.00, real=0.01 secs] 
1900.471: [GC (Allocation Failure) [PSYoungGen: 80704K->1344K(80384K)] 449888K->370528K(544768K), 0.0019267 secs] [Times: user=0.01 sys=0.00, real=0.00 secs] 
1901.574: [GC (Allocation Failure) [PSYoungGen: 80192K->1376K(79872K)] 449376K->370560K(544256K), 0.0021067 secs] [Times: user=0.01 sys=0.00, real=0.01 secs] 
1902.565: [GC (Allocation Failure) [PSYoungGen: 79712K->1312K(79360K)] 448896K->370496K(543744K), 0.0028493 secs] [Times: user=0.01 sys=0.00, real=0.01 secs] 
1903.498: [GC (Allocation Failure) [PSYoungGen: 79136K->1312K(78848K)] 448320K->370496K(543232K), 0.0022664 secs] [Times: user=0.00 sys=0.00, real=0.00 secs] 
1904.394: [GC (Allocation Failure) [PSYoungGen: 78624K->1376K(78336K)] 447808K->370560K(542720K), 0.0018618 secs] [Times: user=0.01 sys=0.00, real=0.00 secs] 
1905.368: [GC (Allocation Failure) [PSYoungGen: 78176K->1344K(77824K)] 447360K->370528K(542208K), 0.0022528 secs] [Times: user=0.01 sys=0.00, real=0.00 secs] 
1905.691: [GC (Allocation Failure) [PSYoungGen: 77632K->1376K(77312K)] 446816K->370560K(541696K), 0.0021088 secs] [Times: user=0.01 sys=0.00, real=0.00 secs] 
1906.006: [GC (Allocation Failure) [PSYoungGen: 77152K->1376K(76800K)] 446336K->370560K(541184K), 0.0020559 secs] [Times: user=0.01 sys=0.00, real=0.00 secs] 
1906.330: [GC (Allocation Failure) [PSYoungGen: 76628K->240K(75264K)] 445812K->369424K(539648K), 0.0020735 secs] [Times: user=0.01 sys=0.00, real=0.00 secs] 
1907.099: [GC (Allocation Failure) [PSYoungGen: 74992K->1440K(76288K)] 444176K->370624K(540672K), 0.0016857 secs] [Times: user=0.01 sys=0.00, real=0.00 secs] 
1907.448: [GC (Allocation Failure) [PSYoungGen: 75680K->1344K(75264K)] 444864K->370528K(539648K), 0.0016930 secs] [Times: user=0.00 sys=0.00, real=0.00 secs] 
1907.774: [GC (Allocation Failure) [PSYoungGen: 75072K->1312K(74752K)] 444256K->370496K(539136K), 0.0017069 secs] [Times: user=0.01 sys=0.00, real=0.00 secs] 
1908.176: [GC (Allocation Failure) [PSYoungGen: 74528K->1344K(74240K)] 443712K->370528K(538624K), 0.0015490 secs] [Times: user=0.01 sys=0.00, real=0.00 secs] 
1909.471: [GC (Allocation Failure) [PSYoungGen: 74048K->1376K(73728K)] 443232K->370560K(538112K), 0.0018772 secs] [Times: user=0.01 sys=0.00, real=0.00 secs] 
1909.939: [GC (Allocation Failure) [PSYoungGen: 73568K->1344K(73216K)] 442752K->370552K(537600K), 0.0020087 secs] [Times: user=0.00 sys=0.00, real=0.00 secs] 
1910.239: [GC (Allocation Failure) [PSYoungGen: 73024K->1344K(72704K)] 442232K->370552K(537088K), 0.0023714 secs] [Times: user=0.01 sys=0.00, real=0.00 secs] 
1910.535: [GC (Allocation Failure) [PSYoungGen: 72512K->1376K(72192K)] 441720K->370584K(536576K), 0.0020201 secs] [Times: user=0.01 sys=0.00, real=0.01 secs] 
1912.237: [GC (Allocation Failure) [PSYoungGen: 72032K->1408K(71680K)] 441240K->370616K(536064K), 0.0042660 secs] [Times: user=0.02 sys=0.00, real=0.00 secs] 
1913.420: [GC (Allocation Failure) [PSYoungGen: 71552K->1376K(71168K)] 440760K->370584K(535552K), 0.0039660 secs] [Times: user=0.01 sys=0.00, real=0.00 secs] 
1914.425: [GC (Allocation Failure) [PSYoungGen: 71008K->1376K(70656K)] 440216K->370584K(535040K), 0.0033178 secs] [Times: user=0.01 sys=0.00, real=0.01 secs] 
1915.320: [GC (Allocation Failure) [PSYoungGen: 70496K->1344K(70144K)] 439704K->370552K(534528K), 0.0037362 secs] [Times: user=0.01 sys=0.00, real=0.00 secs] 
1916.313: [GC (Allocation Failure) [PSYoungGen: 69952K->1408K(70144K)] 439160K->370616K(534528K), 0.0018691 secs] [Times: user=0.01 sys=0.00, real=0.00 secs] 
1916.936: [GC (Allocation Failure) [PSYoungGen: 70016K->1376K(70144K)] 439224K->370584K(534528K), 0.0022689 secs] [Times: user=0.01 sys=0.00, real=0.00 secs] 
1917.649: [GC (Allocation Failure) [PSYoungGen: 69984K->1376K(70144K)] 439192K->370584K(534528K), 0.0034023 secs] [Times: user=0.02 sys=0.00, real=0.00 secs] 
1918.261: [GC (Allocation Failure) [PSYoungGen: 69984K->1376K(70144K)] 439192K->370584K(534528K), 0.0025054 secs] [Times: user=0.00 sys=0.01, real=0.00 secs] 
1919.215: [GC (Allocation Failure) [PSYoungGen: 69984K->1344K(70144K)] 439192K->370552K(534528K), 0.0016273 secs] [Times: user=0.01 sys=0.00, real=0.01 secs] 
1920.141: [GC (Allocation Failure) [PSYoungGen: 69952K->1408K(70144K)] 439160K->370616K(534528K), 0.0047309 secs] [Times: user=0.02 sys=0.00, real=0.01 secs] 
1920.806: [GC (Allocation Failure) [PSYoungGen: 70016K->1376K(70144K)] 439224K->370584K(534528K), 0.0027136 secs] [Times: user=0.01 sys=0.00, real=0.00 secs] 
1921.523: [GC (Allocation Failure) [PSYoungGen: 69984K->1392K(70144K)] 439192K->370600K(534528K), 0.0027783 secs] [Times: user=0.02 sys=0.00, real=0.00 secs] 
1922.344: [GC (Allocation Failure) [PSYoungGen: 70000K->1376K(70144K)] 439208K->370584K(534528K), 0.0050462 secs] [Times: user=0.02 sys=0.00, real=0.01 secs] 
1923.473: [GC (Allocation Failure) [PSYoungGen: 69984K->352K(69120K)] 439192K->370600K(533504K), 0.0017491 secs] [Times: user=0.01 sys=0.00, real=0.00 secs] 
1923.792: [GC (Allocation Failure) [PSYoungGen: 68960K->352K(70656K)] 439208K->370600K(535040K), 0.0017810 secs] [Times: user=0.01 sys=0.00, real=0.00 secs] 
1924.080: [GC (Allocation Failure) [PSYoungGen: 68960K->320K(69632K)] 439208K->370568K(534016K), 0.0022660 secs] [Times: user=0.01 sys=0.00, real=0.00 secs] 
1924.379: [GC (Allocation Failure) [PSYoungGen: 68928K->320K(70656K)] 439176K->370568K(535040K), 0.0021844 secs] [Times: user=0.01 sys=0.00, real=0.00 secs] 
1925.222: [GC (Allocation Failure) [PSYoungGen: 68928K->1408K(70656K)] 439176K->372680K(535040K), 0.0017940 secs] [Times: user=0.00 sys=0.00, real=0.00 secs] 
1925.507: [GC (Allocation Failure) [PSYoungGen: 70016K->352K(70656K)] 441288K->371624K(535040K), 0.0023726 secs] [Times: user=0.01 sys=0.00, real=0.00 secs] 
1925.792: [GC (Allocation Failure) [PSYoungGen: 68960K->320K(70656K)] 440232K->371592K(535040K), 0.0017564 secs] [Times: user=0.01 sys=0.00, real=0.00 secs] 
1926.077: [GC (Allocation Failure) [PSYoungGen: 68928K->320K(70656K)] 440200K->371592K(535040K), 0.0021231 secs] [Times: user=0.01 sys=0.00, real=0.00 secs] 
1926.521: [GC (Allocation Failure) [PSYoungGen: 68928K->1405K(70144K)] 440200K->372677K(534528K), 0.0015416 secs] [Times: user=0.01 sys=0.00, real=0.00 secs] 
1927.184: [GC (Allocation Failure) [PSYoungGen: 70013K->1344K(70144K)] 441285K->372616K(534528K), 0.0020582 secs] [Times: user=0.01 sys=0.00, real=0.01 secs] 
1927.631: [GC (Allocation Failure) [PSYoungGen: 69952K->1376K(70144K)] 441224K->372648K(534528K), 0.0021853 secs] [Times: user=0.01 sys=0.00, real=0.00 secs] 
1928.095: [GC (Allocation Failure) [PSYoungGen: 69984K->1344K(70144K)] 441256K->372640K(534528K), 0.0031148 secs] [Times: user=0.01 sys=0.00, real=0.01 secs] 
1928.607: [GC (Allocation Failure) [PSYoungGen: 69952K->1360K(70144K)] 441248K->372656K(534528K), 0.0037600 secs] [Times: user=0.01 sys=0.00, real=0.00 secs] 
1930.008: [GC (Allocation Failure) [PSYoungGen: 69968K->1392K(71168K)] 441264K->372688K(535552K), 0.0031981 secs] [Times: user=0.01 sys=0.00, real=0.00 secs] 
1931.041: [GC (Allocation Failure) [PSYoungGen: 70000K->1376K(71168K)] 441296K->372680K(535552K), 0.0048160 secs] [Times: user=0.02 sys=0.00, real=0.01 secs] 
1932.043: [GC (Allocation Failure) [PSYoungGen: 69984K->1408K(71168K)] 441288K->372720K(535552K), 0.0042336 secs] [Times: user=0.01 sys=0.00, real=0.01 secs] 
1932.816: [GC (Allocation Failure) [PSYoungGen: 70016K->1376K(71168K)] 441328K->372688K(535552K), 0.0034595 secs] [Times: user=0.02 sys=0.00, real=0.01 secs] 
1934.042: [GC (Allocation Failure) [PSYoungGen: 69984K->1952K(71168K)] 441296K->373264K(535552K), 0.0018869 secs] [Times: user=0.01 sys=0.00, real=0.00 secs] 
1934.355: [GC (Allocation Failure) [PSYoungGen: 70560K->1408K(71168K)] 441872K->372720K(535552K), 0.0020018 secs] [Times: user=0.00 sys=0.00, real=0.01 secs] 
1934.695: [GC (Allocation Failure) [PSYoungGen: 70016K->1408K(71168K)] 441328K->372720K(535552K), 0.0019687 secs] [Times: user=0.01 sys=0.00, real=0.01 secs] 
1934.995: [GC (Allocation Failure) [PSYoungGen: 70016K->1392K(71168K)] 441328K->372704K(535552K), 0.0019395 secs] [Times: user=0.01 sys=0.00, real=0.01 secs] 
1935.332: [GC (Allocation Failure) [PSYoungGen: 70000K->1373K(71168K)] 441312K->372685K(535552K), 0.0019560 secs] [Times: user=0.01 sys=0.00, real=0.00 secs] 
1937.458: [GC (Allocation Failure) [PSYoungGen: 69981K->1440K(71168K)] 441293K->372752K(535552K), 0.0041053 secs] [Times: user=0.02 sys=0.00, real=0.00 secs] 
1938.226: [GC (Allocation Failure) [PSYoungGen: 70048K->1408K(71168K)] 441360K->372720K(535552K), 0.0022210 secs] [Times: user=0.01 sys=0.00, real=0.00 secs] 
1938.630: [GC (Allocation Failure) [PSYoungGen: 70016K->1376K(70144K)] 441328K->372688K(534528K), 0.0019879 secs] [Times: user=0.01 sys=0.00, real=0.00 secs] 
1939.113: [GC (Allocation Failure) [PSYoungGen: 69984K->1408K(70656K)] 441296K->372728K(535040K), 0.0123763 secs] [Times: user=0.06 sys=0.00, real=0.01 secs] 
1940.070: [GC (Allocation Failure) [PSYoungGen: 70016K->1440K(76800K)] 441336K->372760K(541184K), 0.0019390 secs] [Times: user=0.01 sys=0.01, real=0.00 secs] 
1940.822: [GC (Allocation Failure) [PSYoungGen: 76704K->1376K(77312K)] 448024K->372696K(541696K), 0.0022540 secs] [Times: user=0.01 sys=0.00, real=0.00 secs] 
1941.711: [GC (Allocation Failure) [PSYoungGen: 76640K->1376K(76288K)] 447960K->372704K(540672K), 0.0019538 secs] [Times: user=0.01 sys=0.00, real=0.00 secs] 
1942.607: [GC (Allocation Failure) [PSYoungGen: 76128K->1376K(75776K)] 447456K->372720K(540160K), 0.0022561 secs] [Times: user=0.01 sys=0.00, real=0.00 secs] 
1943.767: [GC (Allocation Failure) [PSYoungGen: 75616K->1376K(75264K)] 446960K->372720K(539648K), 0.0017622 secs] [Times: user=0.01 sys=0.01, real=0.00 secs] 
1944.386: [GC (Allocation Failure) [PSYoungGen: 75104K->1344K(74752K)] 446448K->372688K(539136K), 0.0036401 secs] [Times: user=0.01 sys=0.00, real=0.00 secs] 
1945.175: [GC (Allocation Failure) [PSYoungGen: 74560K->1344K(74240K)] 445904K->372696K(538624K), 0.0031268 secs] [Times: user=0.01 sys=0.00, real=0.01 secs] 
1945.851: [GC (Allocation Failure) [PSYoungGen: 74048K->1376K(73728K)] 445400K->372728K(538112K), 0.0029203 secs] [Times: user=0.01 sys=0.00, real=0.00 secs] 
1947.615: [GC (Allocation Failure) [PSYoungGen: 73568K->1408K(73216K)] 444920K->372760K(537600K), 0.0040701 secs] [Times: user=0.02 sys=0.00, real=0.01 secs] 
1948.697: [GC (Allocation Failure) [PSYoungGen: 73088K->1376K(72704K)] 444440K->372728K(537088K), 0.0025793 secs] [Times: user=0.01 sys=0.00, real=0.00 secs] 
1950.324: [GC (Allocation Failure) [PSYoungGen: 72544K->1312K(72192K)] 443896K->372664K(536576K), 0.0029555 secs] [Times: user=0.02 sys=0.00, real=0.01 secs] 
1952.001: [GC (Allocation Failure) [PSYoungGen: 71968K->1328K(71680K)] 443320K->372680K(536064K), 0.0032670 secs] [Times: user=0.02 sys=0.00, real=0.00 secs] 
1953.680: [GC (Allocation Failure) [PSYoungGen: 71472K->864K(70656K)] 442824K->373240K(535040K), 0.0019281 secs] [Times: user=0.01 sys=0.00, real=0.00 secs] 
1955.218: [GC (Allocation Failure) [PSYoungGen: 70496K->320K(69632K)] 442872K->372696K(534016K), 0.0048649 secs] [Times: user=0.02 sys=0.00, real=0.00 secs] 
1956.275: [GC (Allocation Failure) [PSYoungGen: 69440K->352K(69120K)] 441816K->372728K(533504K), 0.0040472 secs] [Times: user=0.02 sys=0.00, real=0.01 secs] 
1957.141: [GC (Allocation Failure) [PSYoungGen: 68960K->352K(70656K)] 441336K->372736K(535040K), 0.0030577 secs] [Times: user=0.01 sys=0.00, real=0.00 secs] 
1957.735: [GC (Allocation Failure) [PSYoungGen: 68951K->288K(69120K)] 441335K->372672K(533504K), 0.0026235 secs] [Times: user=0.01 sys=0.00, real=0.01 secs] 
1958.853: [GC (Allocation Failure) [PSYoungGen: 68896K->1376K(70656K)] 441280K->373760K(535040K), 0.0018688 secs] [Times: user=0.01 sys=0.00, real=0.00 secs] 
1959.498: [GC (Allocation Failure) [PSYoungGen: 69984K->1376K(70144K)] 442368K->373760K(534528K), 0.0024854 secs] [Times: user=0.01 sys=0.00, real=0.00 secs] 
1960.087: [GC (Allocation Failure) [PSYoungGen: 69984K->1344K(70144K)] 442368K->373728K(534528K), 0.0027972 secs] [Times: user=0.01 sys=0.00, real=0.00 secs] 
1960.718: [GC (Allocation Failure) [PSYoungGen: 69952K->1376K(70144K)] 442336K->373760K(534528K), 0.0032507 secs] [Times: user=0.02 sys=0.00, real=0.00 secs] 
1961.739: [GC (Allocation Failure) [PSYoungGen: 69984K->1376K(71168K)] 442368K->373760K(535552K), 0.0019273 secs] [Times: user=0.00 sys=0.00, real=0.00 secs] 
1962.354: [GC (Allocation Failure) [PSYoungGen: 69984K->1376K(71168K)] 442368K->373760K(535552K), 0.0022040 secs] [Times: user=0.01 sys=0.00, real=0.01 secs] 
1962.671: [GC (Allocation Failure) [PSYoungGen: 69984K->1344K(71168K)] 442368K->373728K(535552K), 0.0024989 secs] [Times: user=0.01 sys=0.00, real=0.00 secs] 
1963.018: [GC (Allocation Failure) [PSYoungGen: 69952K->1344K(70144K)] 442336K->373728K(534528K), 0.0021411 secs] [Times: user=0.01 sys=0.00, real=0.00 secs] 
1963.933: [GC (Allocation Failure) [PSYoungGen: 69952K->1376K(70656K)] 442336K->373768K(535040K), 0.0016916 secs] [Times: user=0.00 sys=0.00, real=0.00 secs] 
1964.276: [GC (Allocation Failure) [PSYoungGen: 69984K->1376K(70656K)] 442376K->373768K(535040K), 0.0016478 secs] [Times: user=0.01 sys=0.00, real=0.00 secs] 
1964.840: [GC (Allocation Failure) [PSYoungGen: 69984K->1376K(70656K)] 442376K->373768K(535040K), 0.0038852 secs] [Times: user=0.02 sys=0.00, real=0.00 secs] 
1965.479: [GC (Allocation Failure) [PSYoungGen: 69984K->1376K(70656K)] 442376K->373768K(535040K), 0.0041517 secs] [Times: user=0.01 sys=0.00, real=0.00 secs] 
1966.014: [GC (Allocation Failure) [PSYoungGen: 69984K->1376K(70656K)] 442376K->373768K(535040K), 0.0027599 secs] [Times: user=0.01 sys=0.00, real=0.01 secs] 
1967.046: [GC (Allocation Failure) [PSYoungGen: 69984K->1408K(70656K)] 442376K->373800K(535040K), 0.0017218 secs] [Times: user=0.01 sys=0.00, real=0.00 secs] 
1967.693: [GC (Allocation Failure) [PSYoungGen: 70016K->1312K(70656K)] 442408K->373704K(535040K), 0.0039844 secs] [Times: user=0.02 sys=0.00, real=0.01 secs] 
1968.424: [GC (Allocation Failure) [PSYoungGen: 69920K->1376K(70656K)] 442312K->373768K(535040K), 0.0026061 secs] [Times: user=0.01 sys=0.00, real=0.01 secs] 
1969.064: [GC (Allocation Failure) [PSYoungGen: 69984K->1312K(70656K)] 442376K->373704K(535040K), 0.0022568 secs] [Times: user=0.01 sys=0.00, real=0.01 secs] 
1970.109: [GC (Allocation Failure) [PSYoungGen: 69920K->1376K(70656K)] 442312K->373776K(535040K), 0.0018621 secs] [Times: user=0.00 sys=0.01, real=0.00 secs] 
1970.803: [GC (Allocation Failure) [PSYoungGen: 69984K->1360K(70656K)] 442384K->373760K(535040K), 0.0039786 secs] [Times: user=0.01 sys=0.01, real=0.01 secs] 
1971.380: [GC (Allocation Failure) [PSYoungGen: 69968K->1360K(70656K)] 442368K->373760K(535040K), 0.0031703 secs] [Times: user=0.01 sys=0.00, real=0.00 secs] 
1971.985: [GC (Allocation Failure) [PSYoungGen: 69968K->1392K(70656K)] 442368K->373792K(535040K), 0.0031510 secs] [Times: user=0.01 sys=0.00, real=0.01 secs] 
1972.806: [GC (Allocation Failure) [PSYoungGen: 70000K->1376K(70656K)] 442400K->373776K(535040K), 0.0016199 secs] [Times: user=0.01 sys=0.00, real=0.00 secs] 
1974.441: [GC (Allocation Failure) [PSYoungGen: 69984K->1408K(70656K)] 442384K->373808K(535040K), 0.0040335 secs] [Times: user=0.02 sys=0.00, real=0.00 secs] 
1975.017: [GC (Allocation Failure) [PSYoungGen: 70016K->1392K(70656K)] 442416K->373792K(535040K), 0.0023414 secs] [Times: user=0.01 sys=0.00, real=0.00 secs] 
1975.637: [GC (Allocation Failure) [PSYoungGen: 70000K->1360K(70656K)] 442400K->373760K(535040K), 0.0021091 secs] [Times: user=0.01 sys=0.00, real=0.00 secs] 
1976.190: [GC (Allocation Failure) [PSYoungGen: 69968K->1360K(70656K)] 442368K->373760K(535040K), 0.0023637 secs] [Times: user=0.01 sys=0.00, real=0.00 secs] 
1977.728: [GC (Allocation Failure) [PSYoungGen: 69968K->1408K(70656K)] 442368K->373808K(535040K), 0.0042847 secs] [Times: user=0.01 sys=0.00, real=0.00 secs] 
1978.720: [GC (Allocation Failure) [PSYoungGen: 70016K->1376K(70656K)] 442416K->373776K(535040K), 0.0033162 secs] [Times: user=0.01 sys=0.00, real=0.00 secs] 
1979.155: [GC (Allocation Failure) [PSYoungGen: 69984K->1344K(70656K)] 442384K->373744K(535040K), 0.0021083 secs] [Times: user=0.01 sys=0.01, real=0.01 secs] 
1979.731: [GC (Allocation Failure) [PSYoungGen: 69952K->1344K(70656K)] 442352K->373744K(535040K), 0.0025617 secs] [Times: user=0.01 sys=0.00, real=0.00 secs] 
1980.685: [GC (Allocation Failure) [PSYoungGen: 69952K->1408K(70656K)] 442352K->374840K(535040K), 0.0019078 secs] [Times: user=0.01 sys=0.00, real=0.01 secs] 
1980.970: [GC (Allocation Failure) [PSYoungGen: 70016K->352K(70656K)] 443448K->373784K(535040K), 0.0016942 secs] [Times: user=0.00 sys=0.00, real=0.00 secs] 
1981.255: [GC (Allocation Failure) [PSYoungGen: 68960K->352K(70656K)] 442392K->373792K(535040K), 0.0018588 secs] [Times: user=0.01 sys=0.00, real=0.01 secs] 
1981.540: [GC (Allocation Failure) [PSYoungGen: 68960K->336K(70656K)] 442400K->373776K(535040K), 0.0016079 secs] [Times: user=0.00 sys=0.00, real=0.00 secs] 
1982.038: [GC (Allocation Failure) [PSYoungGen: 68944K->1344K(70656K)] 442384K->374784K(535040K), 0.0014456 secs] [Times: user=0.01 sys=0.00, real=0.00 secs] 
1983.350: [GC (Allocation Failure) [PSYoungGen: 69952K->1376K(70656K)] 443392K->374816K(535040K), 0.0027707 secs] [Times: user=0.01 sys=0.00, real=0.00 secs] 
1984.044: [GC (Allocation Failure) [PSYoungGen: 69984K->1312K(70656K)] 443424K->374752K(535040K), 0.0027643 secs] [Times: user=0.01 sys=0.00, real=0.01 secs] 
1984.647: [GC (Allocation Failure) [PSYoungGen: 69920K->1376K(70656K)] 443360K->374816K(535040K), 0.0033596 secs] [Times: user=0.01 sys=0.00, real=0.00 secs] 
1985.220: [GC (Allocation Failure) [PSYoungGen: 69984K->1344K(70656K)] 443424K->374784K(535040K), 0.0023184 secs] [Times: user=0.01 sys=0.00, real=0.00 secs] 
1986.431: [GC (Allocation Failure) [PSYoungGen: 69952K->1408K(70656K)] 443392K->374848K(535040K), 0.0022821 secs] [Times: user=0.01 sys=0.00, real=0.00 secs] 
1987.159: [GC (Allocation Failure) [PSYoungGen: 70016K->1344K(70656K)] 443456K->374784K(535040K), 0.0045845 secs] [Times: user=0.02 sys=0.00, real=0.00 secs] 
1988.071: [GC (Allocation Failure) [PSYoungGen: 69952K->1344K(70656K)] 443392K->374784K(535040K), 0.0034056 secs] [Times: user=0.02 sys=0.00, real=0.00 secs] 
1989.113: [GC (Allocation Failure) [PSYoungGen: 69952K->1344K(70656K)] 443392K->374784K(535040K), 0.0033817 secs] [Times: user=0.01 sys=0.00, real=0.01 secs] 
1990.431: [GC (Allocation Failure) [PSYoungGen: 69350K->1952K(70656K)] 442791K->375904K(535040K), 0.0021784 secs] [Times: user=0.01 sys=0.00, real=0.00 secs] 
1991.057: [GC (Allocation Failure) [PSYoungGen: 70560K->1360K(70656K)] 444512K->375312K(535040K), 0.0033551 secs] [Times: user=0.01 sys=0.00, real=0.00 secs] 
1991.648: [GC (Allocation Failure) [PSYoungGen: 69968K->1376K(70656K)] 443920K->375344K(535040K), 0.0031418 secs] [Times: user=0.02 sys=0.00, real=0.00 secs] 
1992.081: [GC (Allocation Failure) [PSYoungGen: 69984K->1360K(70656K)] 443952K->375328K(535040K), 0.0020254 secs] [Times: user=0.01 sys=0.00, real=0.00 secs] 
1992.491: [GC (Allocation Failure) [PSYoungGen: 69968K->1376K(70656K)] 443936K->375344K(535040K), 0.0014971 secs] [Times: user=0.01 sys=0.00, real=0.00 secs] 
1993.529: [GC (Allocation Failure) [PSYoungGen: 69984K->1376K(70656K)] 443952K->375344K(535040K), 0.0021630 secs] [Times: user=0.01 sys=0.00, real=0.00 secs] 
1994.281: [GC (Allocation Failure) [PSYoungGen: 69984K->1376K(70656K)] 443952K->375344K(535040K), 0.0032440 secs] [Times: user=0.01 sys=0.00, real=0.00 secs] 
1995.047: [GC (Allocation Failure) [PSYoungGen: 69984K->1344K(70656K)] 443952K->375312K(535040K), 0.0027545 secs] [Times: user=0.01 sys=0.00, real=0.00 secs] 
1995.895: [GC (Allocation Failure) [PSYoungGen: 69952K->1376K(70656K)] 443920K->375344K(535040K), 0.0038756 secs] [Times: user=0.01 sys=0.00, real=0.01 secs] 
1997.458: [GC (Allocation Failure) [PSYoungGen: 69984K->1344K(70656K)] 443952K->375312K(535040K), 0.0022136 secs] [Times: user=0.01 sys=0.01, real=0.00 secs] 
1998.638: [GC (Allocation Failure) [PSYoungGen: 69952K->1344K(70656K)] 443920K->375312K(535040K), 0.0039425 secs] [Times: user=0.02 sys=0.00, real=0.00 secs] 
1999.425: [GC (Allocation Failure) [PSYoungGen: 69952K->1344K(70656K)] 443920K->375312K(535040K), 0.0031456 secs] [Times: user=0.01 sys=0.00, real=0.01 secs] 
2000.025: [GC (Allocation Failure) [PSYoungGen: 69952K->1376K(70656K)] 443920K->375344K(535040K), 0.0036473 secs] [Times: user=0.01 sys=0.00, real=0.01 secs] 
2001.126: [GC (Allocation Failure) [PSYoungGen: 69984K->1664K(70656K)] 443952K->375632K(535040K), 0.0018952 secs] [Times: user=0.00 sys=0.00, real=0.01 secs] 
2001.712: [GC (Allocation Failure) [PSYoungGen: 70272K->1376K(70656K)] 444240K->375344K(535040K), 0.0023234 secs] [Times: user=0.01 sys=0.00, real=0.00 secs] 
2002.390: [GC (Allocation Failure) [PSYoungGen: 69984K->1376K(70656K)] 443952K->375352K(535040K), 0.0027166 secs] [Times: user=0.01 sys=0.00, real=0.00 secs] 
2002.967: [GC (Allocation Failure) [PSYoungGen: 69984K->1312K(70656K)] 443960K->375288K(535040K), 0.0030853 secs] [Times: user=0.01 sys=0.00, real=0.00 secs] 
2003.682: [GC (Allocation Failure) [PSYoungGen: 69920K->1344K(70656K)] 443896K->375320K(535040K), 0.0033795 secs] [Times: user=0.01 sys=0.00, real=0.00 secs] 
2004.769: [GC (Allocation Failure) [PSYoungGen: 69952K->1408K(70656K)] 443928K->375384K(535040K), 0.0019698 secs] [Times: user=0.01 sys=0.00, real=0.00 secs] 
2005.087: [GC (Allocation Failure) [PSYoungGen: 70016K->1376K(70656K)] 443992K->375352K(535040K), 0.0019136 secs] [Times: user=0.01 sys=0.00, real=0.00 secs] 
2005.372: [GC (Allocation Failure) [PSYoungGen: 69984K->1344K(70656K)] 443960K->375320K(535040K), 0.0019378 secs] [Times: user=0.01 sys=0.00, real=0.00 secs] 
2005.657: [GC (Allocation Failure) [PSYoungGen: 69952K->1344K(70656K)] 443928K->375320K(535040K), 0.0019307 secs] [Times: user=0.01 sys=0.00, real=0.00 secs] 
2006.573: [GC (Allocation Failure) [PSYoungGen: 69952K->1376K(70144K)] 443928K->375352K(534528K), 0.0019975 secs] [Times: user=0.01 sys=0.00, real=0.00 secs] 
2007.655: [GC (Allocation Failure) [PSYoungGen: 69984K->1344K(70144K)] 443960K->375320K(534528K), 0.0031866 secs] [Times: user=0.01 sys=0.00, real=0.01 secs] 
2008.849: [GC (Allocation Failure) [PSYoungGen: 69952K->352K(69632K)] 443928K->375352K(534016K), 0.0032143 secs] [Times: user=0.01 sys=0.00, real=0.00 secs] 
2010.269: [GC (Allocation Failure) [PSYoungGen: 68960K->336K(70656K)] 443960K->375336K(535040K), 0.0035423 secs] [Times: user=0.01 sys=0.00, real=0.00 secs] 
2011.506: [GC (Allocation Failure) [PSYoungGen: 68944K->1373K(70656K)] 443944K->376373K(535040K), 0.0014372 secs] [Times: user=0.00 sys=0.00, real=0.01 secs] 
2012.854: [GC (Allocation Failure) [PSYoungGen: 69981K->1376K(70656K)] 444981K->376376K(535040K), 0.0032786 secs] [Times: user=0.01 sys=0.00, real=0.01 secs] 
2013.424: [GC (Allocation Failure) [PSYoungGen: 69984K->1376K(70656K)] 444984K->376392K(535040K), 0.0022200 secs] [Times: user=0.01 sys=0.00, real=0.01 secs] 
2014.009: [GC (Allocation Failure) [PSYoungGen: 69984K->1376K(70656K)] 445000K->376392K(535040K), 0.0021413 secs] [Times: user=0.01 sys=0.00, real=0.00 secs] 
2014.439: [GC (Allocation Failure) [PSYoungGen: 69984K->1376K(70656K)] 445000K->376392K(535040K), 0.0019684 secs] [Times: user=0.01 sys=0.00, real=0.00 secs] 
2015.173: [GC (Allocation Failure) [PSYoungGen: 69984K->1376K(70656K)] 445000K->376392K(535040K), 0.0017996 secs] [Times: user=0.01 sys=0.00, real=0.00 secs] 
2015.467: [GC (Allocation Failure) [PSYoungGen: 69984K->1344K(70656K)] 445000K->376360K(535040K), 0.0017564 secs] [Times: user=0.01 sys=0.00, real=0.00 secs] 
2015.752: [GC (Allocation Failure) [PSYoungGen: 69952K->1344K(70656K)] 444968K->376360K(535040K), 0.0015907 secs] [Times: user=0.01 sys=0.00, real=0.00 secs] 
2016.172: [GC (Allocation Failure) [PSYoungGen: 69952K->1344K(70656K)] 444968K->376360K(535040K), 0.0029692 secs] [Times: user=0.01 sys=0.00, real=0.00 secs] 
2017.137: [GC (Allocation Failure) [PSYoungGen: 69952K->1408K(70656K)] 444968K->376424K(535040K), 0.0019880 secs] [Times: user=0.00 sys=0.00, real=0.00 secs] 
2017.704: [GC (Allocation Failure) [PSYoungGen: 70016K->1344K(70656K)] 445032K->376360K(535040K), 0.0022096 secs] [Times: user=0.01 sys=0.00, real=0.01 secs] 
2018.558: [GC (Allocation Failure) [PSYoungGen: 69952K->1376K(70656K)] 444968K->376392K(535040K), 0.0039244 secs] [Times: user=0.01 sys=0.00, real=0.00 secs] 
2019.416: [GC (Allocation Failure) [PSYoungGen: 69984K->1376K(70656K)] 445000K->376392K(535040K), 0.0039684 secs] [Times: user=0.02 sys=0.00, real=0.00 secs] 
2020.503: [GC (Allocation Failure) [PSYoungGen: 69984K->1373K(70656K)] 445000K->376389K(535040K), 0.0015461 secs] [Times: user=0.01 sys=0.00, real=0.00 secs] 
2021.200: [GC (Allocation Failure) [PSYoungGen: 69981K->1408K(70656K)] 444997K->376432K(535040K), 0.0024279 secs] [Times: user=0.01 sys=0.00, real=0.00 secs] 
2021.652: [GC (Allocation Failure) [PSYoungGen: 70016K->1376K(70656K)] 445040K->376400K(535040K), 0.0020902 secs] [Times: user=0.00 sys=0.00, real=0.00 secs] 
2022.310: [GC (Allocation Failure) [PSYoungGen: 69984K->1376K(70656K)] 445008K->376400K(535040K), 0.0034138 secs] [Times: user=0.01 sys=0.00, real=0.00 secs] 
2022.862: [GC (Allocation Failure) [PSYoungGen: 69984K->1376K(70656K)] 445008K->376400K(535040K), 0.0028429 secs] [Times: user=0.01 sys=0.00, real=0.00 secs] 
2023.744: [GC (Allocation Failure) [PSYoungGen: 69984K->1376K(70656K)] 445008K->376400K(535040K), 0.0024614 secs] [Times: user=0.01 sys=0.00, real=0.01 secs] 
2024.031: [GC (Allocation Failure) [PSYoungGen: 69984K->1344K(70656K)] 445008K->376368K(535040K), 0.0020163 secs] [Times: user=0.01 sys=0.00, real=0.00 secs] 
2024.336: [GC (Allocation Failure) [PSYoungGen: 69952K->1376K(70656K)] 444976K->376400K(535040K), 0.0019975 secs] [Times: user=0.01 sys=0.00, real=0.00 secs] 
2024.799: [GC (Allocation Failure) [PSYoungGen: 69984K->1392K(70656K)] 445008K->376416K(535040K), 0.0019022 secs] [Times: user=0.01 sys=0.00, real=0.00 secs] 
2025.824: [GC (Allocation Failure) [PSYoungGen: 70000K->1408K(70656K)] 445024K->377456K(535040K), 0.0019929 secs] [Times: user=0.01 sys=0.00, real=0.01 secs] 
2026.366: [GC (Allocation Failure) [PSYoungGen: 70016K->320K(70656K)] 446064K->376368K(535040K), 0.0020738 secs] [Times: user=0.01 sys=0.00, real=0.00 secs] 
2026.661: [GC (Allocation Failure) [PSYoungGen: 68928K->352K(70656K)] 444976K->376400K(535040K), 0.0019525 secs] [Times: user=0.01 sys=0.00, real=0.00 secs] 
2027.055: [GC (Allocation Failure) [PSYoungGen: 68960K->352K(70656K)] 445008K->376400K(535040K), 0.0018297 secs] [Times: user=0.01 sys=0.00, real=0.01 secs] 
2027.811: [GC (Allocation Failure) [PSYoungGen: 68960K->1373K(70656K)] 445008K->377421K(535040K), 0.0015553 secs] [Times: user=0.01 sys=0.00, real=0.00 secs] 
2028.482: [GC (Allocation Failure) [PSYoungGen: 69981K->1408K(70656K)] 446029K->377456K(535040K), 0.0018384 secs] [Times: user=0.01 sys=0.00, real=0.00 secs] 
2028.767: [GC (Allocation Failure) [PSYoungGen: 70016K->1344K(70656K)] 446064K->377416K(535040K), 0.0017463 secs] [Times: user=0.01 sys=0.00, real=0.00 secs] 
2029.290: [GC (Allocation Failure) [PSYoungGen: 69952K->1376K(70656K)] 446024K->377448K(535040K), 0.0024838 secs] [Times: user=0.01 sys=0.00, real=0.00 secs] 
2029.932: [GC (Allocation Failure) [PSYoungGen: 69984K->1344K(70656K)] 446056K->377416K(535040K), 0.0027736 secs] [Times: user=0.01 sys=0.00, real=0.00 secs] 
2030.803: [GC (Allocation Failure) [PSYoungGen: 69952K->1408K(70656K)] 446024K->377480K(535040K), 0.0018645 secs] [Times: user=0.01 sys=0.00, real=0.00 secs] 
2031.088: [GC (Allocation Failure) [PSYoungGen: 70016K->1312K(70656K)] 446088K->377384K(535040K), 0.0018822 secs] [Times: user=0.01 sys=0.00, real=0.00 secs] 
2031.373: [GC (Allocation Failure) [PSYoungGen: 69920K->1344K(70656K)] 445992K->377416K(535040K), 0.0017681 secs] [Times: user=0.01 sys=0.00, real=0.00 secs] 
2031.658: [GC (Allocation Failure) [PSYoungGen: 69952K->1376K(70656K)] 446024K->377448K(535040K), 0.0017272 secs] [Times: user=0.01 sys=0.00, real=0.00 secs] 
2032.473: [GC (Allocation Failure) [PSYoungGen: 69858K->1904K(70656K)] 445931K->378488K(535040K), 0.0017110 secs] [Times: user=0.01 sys=0.00, real=0.00 secs] 
2033.492: [GC (Allocation Failure) [PSYoungGen: 70512K->1344K(70656K)] 447096K->377928K(535040K), 0.0027962 secs] [Times: user=0.01 sys=0.00, real=0.00 secs] 
2034.128: [GC (Allocation Failure) [PSYoungGen: 69952K->1312K(70656K)] 446536K->377896K(535040K), 0.0032297 secs] [Times: user=0.01 sys=0.00, real=0.00 secs] 
2035.182: [GC (Allocation Failure) [PSYoungGen: 69920K->1344K(70656K)] 446504K->377928K(535040K), 0.0026475 secs] [Times: user=0.01 sys=0.00, real=0.00 secs] 
2036.299: [GC (Allocation Failure) [PSYoungGen: 69952K->1357K(70656K)] 446536K->377941K(535040K), 0.0030636 secs] [Times: user=0.02 sys=0.00, real=0.00 secs] 
2037.847: [GC (Allocation Failure) [PSYoungGen: 69965K->1408K(70656K)] 446549K->378000K(535040K), 0.0041075 secs] [Times: user=0.01 sys=0.00, real=0.00 secs] 
2038.469: [GC (Allocation Failure) [PSYoungGen: 70016K->1376K(70656K)] 446608K->377968K(535040K), 0.0021576 secs] [Times: user=0.01 sys=0.00, real=0.00 secs] 
2038.802: [GC (Allocation Failure) [PSYoungGen: 69984K->1312K(70656K)] 446576K->377904K(535040K), 0.0019279 secs] [Times: user=0.01 sys=0.00, real=0.00 secs] 
2039.414: [GC (Allocation Failure) [PSYoungGen: 69920K->1344K(70656K)] 446512K->377936K(535040K), 0.0020091 secs] [Times: user=0.00 sys=0.00, real=0.01 secs] 
2040.501: [GC (Allocation Failure) [PSYoungGen: 69952K->1408K(70656K)] 446544K->378000K(535040K), 0.0018305 secs] [Times: user=0.00 sys=0.00, real=0.00 secs] 
2041.086: [GC (Allocation Failure) [PSYoungGen: 70016K->1376K(70656K)] 446608K->377968K(535040K), 0.0018636 secs] [Times: user=0.01 sys=0.00, real=0.00 secs] 
2041.622: [GC (Allocation Failure) [PSYoungGen: 69984K->1376K(70656K)] 446576K->377976K(535040K), 0.0028062 secs] [Times: user=0.01 sys=0.00, real=0.00 secs] 
2041.894: [GC (Allocation Failure) [PSYoungGen: 69984K->1376K(70656K)] 446584K->377976K(535040K), 0.0027934 secs] [Times: user=0.02 sys=0.00, real=0.01 secs] 
2042.651: [GC (Allocation Failure) [PSYoungGen: 69984K->1680K(70656K)] 446584K->378280K(535040K), 0.0016809 secs] [Times: user=0.01 sys=0.00, real=0.00 secs] 
2042.935: [GC (Allocation Failure) [PSYoungGen: 70288K->1376K(70656K)] 446888K->377976K(535040K), 0.0016110 secs] [Times: user=0.01 sys=0.00, real=0.01 secs] 
2043.219: [GC (Allocation Failure) [PSYoungGen: 69984K->1376K(70656K)] 446584K->377976K(535040K), 0.0018952 secs] [Times: user=0.00 sys=0.00, real=0.00 secs] 
2043.505: [GC (Allocation Failure) [PSYoungGen: 69984K->1344K(70656K)] 446584K->377944K(535040K), 0.0022324 secs] [Times: user=0.01 sys=0.00, real=0.01 secs] 
2043.791: [GC (Allocation Failure) [PSYoungGen: 69952K->1344K(70656K)] 446552K->377944K(535040K), 0.0029677 secs] [Times: user=0.02 sys=0.00, real=0.00 secs] 
2045.696: [GC (Allocation Failure) [PSYoungGen: 69952K->1408K(70656K)] 446552K->378008K(535040K), 0.0041572 secs] [Times: user=0.02 sys=0.00, real=0.00 secs] 
2046.278: [GC (Allocation Failure) [PSYoungGen: 70016K->1376K(70656K)] 446616K->377976K(535040K), 0.0031409 secs] [Times: user=0.02 sys=0.00, real=0.00 secs] 
2046.876: [GC (Allocation Failure) [PSYoungGen: 69984K->1344K(70656K)] 446584K->377952K(535040K), 0.0024180 secs] [Times: user=0.01 sys=0.00, real=0.00 secs] 
2047.482: [GC (Allocation Failure) [PSYoungGen: 69952K->1344K(70656K)] 446560K->377952K(535040K), 0.0022395 secs] [Times: user=0.01 sys=0.00, real=0.00 secs] 
2048.928: [GC (Allocation Failure) [PSYoungGen: 69952K->1408K(70656K)] 446560K->378016K(535040K), 0.0022384 secs] [Times: user=0.01 sys=0.00, real=0.00 secs] 
2049.567: [GC (Allocation Failure) [PSYoungGen: 70016K->1376K(70144K)] 446624K->377984K(534528K), 0.0036056 secs] [Times: user=0.02 sys=0.00, real=0.00 secs] 
2050.431: [GC (Allocation Failure) [PSYoungGen: 69984K->1344K(70144K)] 446592K->377960K(534528K), 0.0044062 secs] [Times: user=0.02 sys=0.00, real=0.00 secs] 
2051.268: [GC (Allocation Failure) [PSYoungGen: 69952K->352K(69632K)] 446568K->377992K(534016K), 0.0040843 secs] [Times: user=0.02 sys=0.00, real=0.00 secs] 
2052.281: [GC (Allocation Failure) [PSYoungGen: 68960K->1373K(70656K)] 446600K->379013K(535040K), 0.0015146 secs] [Times: user=0.01 sys=0.00, real=0.00 secs] 
2053.136: [GC (Allocation Failure) [PSYoungGen: 69981K->1392K(70656K)] 447621K->379032K(535040K), 0.0022635 secs] [Times: user=0.01 sys=0.00, real=0.00 secs] 
2054.063: [GC (Allocation Failure) [PSYoungGen: 70000K->1344K(70656K)] 447640K->378984K(535040K), 0.0032797 secs] [Times: user=0.02 sys=0.00, real=0.01 secs] 
2054.830: [GC (Allocation Failure) [PSYoungGen: 69952K->1344K(70656K)] 447592K->378984K(535040K), 0.0024035 secs] [Times: user=0.01 sys=0.00, real=0.00 secs] 
2055.458: [GC (Allocation Failure) [PSYoungGen: 69952K->1328K(70656K)] 447592K->378968K(535040K), 0.0039774 secs] [Times: user=0.01 sys=0.00, real=0.00 secs] 
2056.338: [GC (Allocation Failure) [PSYoungGen: 69936K->1408K(70656K)] 447576K->379048K(535040K), 0.0029248 secs] [Times: user=0.01 sys=0.00, real=0.00 secs] 
2056.662: [GC (Allocation Failure) [PSYoungGen: 70016K->1344K(70656K)] 447656K->378984K(535040K), 0.0022227 secs] [Times: user=0.00 sys=0.00, real=0.00 secs] 
2056.986: [GC (Allocation Failure) [PSYoungGen: 69952K->1344K(70656K)] 447592K->378984K(535040K), 0.0020147 secs] [Times: user=0.01 sys=0.00, real=0.00 secs] 
2057.271: [GC (Allocation Failure) [PSYoungGen: 69952K->1328K(70656K)] 447592K->378968K(535040K), 0.0019189 secs] [Times: user=0.01 sys=0.00, real=0.00 secs] 
2058.817: [GC (Allocation Failure) [PSYoungGen: 69936K->1408K(70656K)] 447576K->379048K(535040K), 0.0053475 secs] [Times: user=0.02 sys=0.00, real=0.00 secs] 
2059.480: [GC (Allocation Failure) [PSYoungGen: 70016K->1408K(70656K)] 447656K->379056K(535040K), 0.0028554 secs] [Times: user=0.01 sys=0.00, real=0.00 secs] 
2059.759: [GC (Allocation Failure) [PSYoungGen: 70016K->1408K(70656K)] 447664K->379056K(535040K), 0.0019071 secs] [Times: user=0.01 sys=0.00, real=0.00 secs] 
2060.039: [GC (Allocation Failure) [PSYoungGen: 70016K->1392K(70656K)] 447664K->379048K(535040K), 0.0019989 secs] [Times: user=0.01 sys=0.00, real=0.00 secs] 
2060.612: [GC (Allocation Failure) [PSYoungGen: 70000K->1341K(70656K)] 447656K->379005K(535040K), 0.0015257 secs] [Times: user=0.01 sys=0.00, real=0.00 secs] 
2061.043: [GC (Allocation Failure) [PSYoungGen: 69949K->1392K(70656K)] 447613K->379056K(535040K), 0.0016472 secs] [Times: user=0.01 sys=0.00, real=0.00 secs] 
2061.327: [GC (Allocation Failure) [PSYoungGen: 70000K->1376K(70144K)] 447664K->379040K(534528K), 0.0017592 secs] [Times: user=0.00 sys=0.00, real=0.00 secs] 
2061.615: [GC (Allocation Failure) [PSYoungGen: 69984K->1408K(70144K)] 447648K->379072K(534528K), 0.0026637 secs] [Times: user=0.01 sys=0.00, real=0.01 secs] 
2061.897: [GC (Allocation Failure) [PSYoungGen: 70016K->1408K(70656K)] 447680K->379072K(535040K), 0.0023169 secs] [Times: user=0.01 sys=0.00, real=0.00 secs] 
2063.173: [GC (Allocation Failure) [PSYoungGen: 70016K->1408K(70144K)] 447680K->379072K(534528K), 0.0041831 secs] [Times: user=0.02 sys=0.00, real=0.01 secs] 
2063.798: [GC (Allocation Failure) [PSYoungGen: 70016K->1376K(70144K)] 447680K->379040K(534528K), 0.0032153 secs] [Times: user=0.01 sys=0.00, real=0.00 secs] 
2064.387: [GC (Allocation Failure) [PSYoungGen: 69984K->1408K(70144K)] 447648K->379080K(534528K), 0.0027421 secs] [Times: user=0.01 sys=0.00, real=0.00 secs] 
2065.009: [GC (Allocation Failure) [PSYoungGen: 70016K->1408K(70144K)] 447688K->379080K(534528K), 0.0023560 secs] [Times: user=0.01 sys=0.00, real=0.00 secs] 
2065.895: [GC (Allocation Failure) [PSYoungGen: 70016K->1440K(70144K)] 447688K->380136K(534528K), 0.0017565 secs] [Times: user=0.01 sys=0.00, real=0.01 secs] 
2066.607: [GC (Allocation Failure) [PSYoungGen: 70048K->384K(69632K)] 448744K->379080K(534016K), 0.0020489 secs] [Times: user=0.01 sys=0.00, real=0.00 secs] 
2067.241: [GC (Allocation Failure) [PSYoungGen: 68480K->336K(70144K)] 447176K->379048K(534528K), 0.0019732 secs] [Times: user=0.01 sys=0.00, real=0.00 secs] 
2067.560: [GC (Allocation Failure) [PSYoungGen: 68432K->320K(70144K)] 447144K->379032K(534528K), 0.0020254 secs] [Times: user=0.01 sys=0.00, real=0.00 secs] 
2067.975: [GC (Allocation Failure) [PSYoungGen: 68416K->1373K(70144K)] 447128K->380085K(534528K), 0.0015461 secs] [Times: user=0.01 sys=0.00, real=0.01 secs] 
2069.055: [GC (Allocation Failure) [PSYoungGen: 69469K->1408K(70144K)] 448181K->380128K(534528K), 0.0057523 secs] [Times: user=0.02 sys=0.00, real=0.01 secs] 
2069.895: [GC (Allocation Failure) [PSYoungGen: 69504K->1344K(70144K)] 448224K->380072K(534528K), 0.0028209 secs] [Times: user=0.01 sys=0.00, real=0.01 secs] 
2070.831: [GC (Allocation Failure) [PSYoungGen: 69440K->1344K(70144K)] 448168K->380072K(534528K), 0.0028214 secs] [Times: user=0.01 sys=0.00, real=0.00 secs] 
2071.642: [GC (Allocation Failure) [PSYoungGen: 69440K->1360K(70144K)] 448168K->380088K(534528K), 0.0027950 secs] [Times: user=0.01 sys=0.00, real=0.00 secs] 
2072.718: [GC (Allocation Failure) [PSYoungGen: 69456K->1408K(70144K)] 448184K->380136K(534528K), 0.0018912 secs] [Times: user=0.01 sys=0.00, real=0.00 secs] 
2073.457: [GC (Allocation Failure) [PSYoungGen: 69504K->1344K(70144K)] 448232K->380072K(534528K), 0.0024714 secs] [Times: user=0.01 sys=0.00, real=0.00 secs] 
2074.144: [GC (Allocation Failure) [PSYoungGen: 69440K->1376K(70144K)] 448168K->380104K(534528K), 0.0022134 secs] [Times: user=0.01 sys=0.01, real=0.01 secs] 
2074.819: [GC (Allocation Failure) [PSYoungGen: 69472K->1376K(70144K)] 448200K->380104K(534528K), 0.0023205 secs] [Times: user=0.01 sys=0.00, real=0.00 secs] 
2075.980: [GC (Allocation Failure) [PSYoungGen: 69170K->256K(70144K)] 447898K->378984K(534528K), 0.0016149 secs] [Times: user=0.01 sys=0.00, real=0.00 secs] 
2076.759: [GC (Allocation Failure) [PSYoungGen: 68352K->1344K(70144K)] 447080K->380072K(534528K), 0.0019367 secs] [Times: user=0.01 sys=0.00, real=0.00 secs] 
2077.667: [GC (Allocation Failure) [PSYoungGen: 69440K->1344K(70144K)] 448168K->380072K(534528K), 0.0032102 secs] [Times: user=0.02 sys=0.00, real=0.00 secs] 
2078.470: [GC (Allocation Failure) [PSYoungGen: 69440K->1360K(70144K)] 448168K->380088K(534528K), 0.0061385 secs] [Times: user=0.03 sys=0.00, real=0.01 secs] 
2079.254: [GC (Allocation Failure) [PSYoungGen: 69456K->1376K(70144K)] 448184K->380104K(534528K), 0.0034137 secs] [Times: user=0.02 sys=0.01, real=0.01 secs] 
2080.172: [GC (Allocation Failure) [PSYoungGen: 69472K->1392K(70144K)] 448200K->380120K(534528K), 0.0017968 secs] [Times: user=0.01 sys=0.00, real=0.00 secs] 
2080.622: [GC (Allocation Failure) [PSYoungGen: 69488K->1376K(70144K)] 448216K->380104K(534528K), 0.0017521 secs] [Times: user=0.01 sys=0.00, real=0.00 secs] 
2081.193: [GC (Allocation Failure) [PSYoungGen: 69472K->1344K(70144K)] 448200K->380072K(534528K), 0.0022157 secs] [Times: user=0.01 sys=0.00, real=0.00 secs] 
2081.807: [GC (Allocation Failure) [PSYoungGen: 69440K->1376K(70144K)] 448168K->380104K(534528K), 0.0027511 secs] [Times: user=0.02 sys=0.00, real=0.00 secs] 
2083.125: [GC (Allocation Failure) [PSYoungGen: 69472K->1408K(70144K)] 448200K->381168K(534528K), 0.0035408 secs] [Times: user=0.01 sys=0.00, real=0.01 secs] 
2084.183: [GC (Allocation Failure) [PSYoungGen: 69504K->352K(70144K)] 449264K->380112K(534528K), 0.0039540 secs] [Times: user=0.02 sys=0.00, real=0.01 secs] 
2085.364: [GC (Allocation Failure) [PSYoungGen: 68448K->384K(70144K)] 448208K->380144K(534528K), 0.0027981 secs] [Times: user=0.01 sys=0.00, real=0.01 secs] 
2085.714: [GC (Allocation Failure) [PSYoungGen: 68480K->352K(70144K)] 448240K->380112K(534528K), 0.0019861 secs] [Times: user=0.01 sys=0.00, real=0.01 secs] 
2086.267: [GC (Allocation Failure) [PSYoungGen: 68448K->1373K(70144K)] 448208K->381133K(534528K), 0.0015525 secs] [Times: user=0.01 sys=0.00, real=0.00 secs] 
2087.605: [GC (Allocation Failure) [PSYoungGen: 69469K->1408K(70656K)] 449229K->381168K(535040K), 0.0026300 secs] [Times: user=0.01 sys=0.00, real=0.01 secs] 
2088.558: [GC (Allocation Failure) [PSYoungGen: 69504K->1376K(70656K)] 449264K->381136K(535040K), 0.0040159 secs] [Times: user=0.01 sys=0.00, real=0.00 secs] 
2089.246: [GC (Allocation Failure) [PSYoungGen: 69472K->1376K(70656K)] 449232K->381136K(535040K), 0.0032261 secs] [Times: user=0.01 sys=0.00, real=0.01 secs] 
2089.815: [GC (Allocation Failure) [PSYoungGen: 69472K->1376K(70656K)] 449232K->381136K(535040K), 0.0029744 secs] [Times: user=0.01 sys=0.00, real=0.01 secs] 
2091.110: [GC (Allocation Failure) [PSYoungGen: 69472K->1344K(69632K)] 449232K->381104K(534016K), 0.0017931 secs] [Times: user=0.01 sys=0.00, real=0.00 secs] 
2091.392: [GC (Allocation Failure) [PSYoungGen: 69440K->1344K(70144K)] 449200K->381104K(534528K), 0.0017725 secs] [Times: user=0.01 sys=0.00, real=0.00 secs] 
2091.686: [GC (Allocation Failure) [PSYoungGen: 69440K->1360K(70144K)] 449200K->381128K(534528K), 0.0019263 secs] [Times: user=0.00 sys=0.00, real=0.00 secs] 
2092.044: [GC (Allocation Failure) [PSYoungGen: 69456K->1376K(70144K)] 449224K->381144K(534528K), 0.0018519 secs] [Times: user=0.01 sys=0.00, real=0.01 secs] 
2092.841: [GC (Allocation Failure) [PSYoungGen: 69472K->1504K(70144K)] 449240K->381272K(534528K), 0.0016689 secs] [Times: user=0.01 sys=0.00, real=0.00 secs] 
2093.117: [GC (Allocation Failure) [PSYoungGen: 69600K->1392K(70144K)] 449368K->381160K(534528K), 0.0018723 secs] [Times: user=0.01 sys=0.00, real=0.00 secs] 
2093.439: [GC (Allocation Failure) [PSYoungGen: 69488K->1344K(70144K)] 449256K->381112K(534528K), 0.0016256 secs] [Times: user=0.00 sys=0.00, real=0.00 secs] 
2093.721: [GC (Allocation Failure) [PSYoungGen: 69440K->1376K(70144K)] 449208K->381144K(534528K), 0.0022330 secs] [Times: user=0.01 sys=0.00, real=0.00 secs] 
2094.034: [GC (Allocation Failure) [PSYoungGen: 69472K->1376K(70144K)] 449240K->381144K(534528K), 0.0022238 secs] [Times: user=0.01 sys=0.00, real=0.01 secs] 
2095.151: [GC (Allocation Failure) [PSYoungGen: 69472K->1376K(70144K)] 449240K->381144K(534528K), 0.0018699 secs] [Times: user=0.01 sys=0.00, real=0.00 secs] 
2095.442: [GC (Allocation Failure) [PSYoungGen: 69472K->1344K(70144K)] 449240K->381112K(534528K), 0.0018550 secs] [Times: user=0.01 sys=0.00, real=0.00 secs] 
2095.725: [GC (Allocation Failure) [PSYoungGen: 69440K->1312K(70144K)] 449208K->381080K(534528K), 0.0019103 secs] [Times: user=0.01 sys=0.00, real=0.01 secs] 
2096.008: [GC (Allocation Failure) [PSYoungGen: 69408K->1344K(70144K)] 449176K->381112K(534528K), 0.0017117 secs] [Times: user=0.01 sys=0.00, real=0.00 secs] 
2096.739: [GC (Allocation Failure) [PSYoungGen: 69440K->1376K(70144K)] 449208K->381144K(534528K), 0.0017752 secs] [Times: user=0.01 sys=0.00, real=0.00 secs] 
2097.025: [GC (Allocation Failure) [PSYoungGen: 69472K->1376K(70144K)] 449240K->381144K(534528K), 0.0017846 secs] [Times: user=0.00 sys=0.00, real=0.01 secs] 
2097.307: [GC (Allocation Failure) [PSYoungGen: 69472K->1376K(70144K)] 449240K->381168K(534528K), 0.0016514 secs] [Times: user=0.00 sys=0.00, real=0.00 secs] 
2097.589: [GC (Allocation Failure) [PSYoungGen: 69472K->1360K(70144K)] 449264K->381152K(534528K), 0.0018568 secs] [Times: user=0.01 sys=0.00, real=0.00 secs] 
2098.131: [GC (Allocation Failure) [PSYoungGen: 69456K->1309K(70144K)] 449248K->381101K(534528K), 0.0014208 secs] [Times: user=0.01 sys=0.00, real=0.00 secs] 
2098.657: [GC (Allocation Failure) [PSYoungGen: 69405K->1376K(70144K)] 449197K->381168K(534528K), 0.0017576 secs] [Times: user=0.01 sys=0.00, real=0.00 secs] 
2098.944: [GC (Allocation Failure) [PSYoungGen: 69472K->1408K(70144K)] 449264K->381208K(534528K), 0.0016560 secs] [Times: user=0.01 sys=0.00, real=0.01 secs] 
2099.347: [GC (Allocation Failure) [PSYoungGen: 69504K->1328K(70144K)] 449304K->381128K(534528K), 0.0018795 secs] [Times: user=0.01 sys=0.00, real=0.00 secs] 
2099.877: [GC (Allocation Failure) [PSYoungGen: 69424K->1360K(70144K)] 449224K->381160K(534528K), 0.0020201 secs] [Times: user=0.00 sys=0.00, real=0.00 secs] 
2100.839: [GC (Allocation Failure) [PSYoungGen: 69456K->1408K(70144K)] 449256K->381208K(534528K), 0.0019255 secs] [Times: user=0.00 sys=0.00, real=0.00 secs] 
2101.255: [GC (Allocation Failure) [PSYoungGen: 69504K->1344K(70144K)] 449304K->381144K(534528K), 0.0020188 secs] [Times: user=0.00 sys=0.00, real=0.01 secs] 
2101.647: [GC (Allocation Failure) [PSYoungGen: 69440K->1312K(69632K)] 449240K->381112K(534016K), 0.0019156 secs] [Times: user=0.01 sys=0.00, real=0.00 secs] 
2102.305: [GC (Allocation Failure) [PSYoungGen: 69408K->1376K(69632K)] 449208K->381176K(534016K), 0.0019568 secs] [Times: user=0.01 sys=0.00, real=0.01 secs] 
2103.356: [GC (Allocation Failure) [PSYoungGen: 69472K->896K(69120K)] 449272K->381720K(533504K), 0.0018679 secs] [Times: user=0.01 sys=0.00, real=0.00 secs] 
2104.055: [GC (Allocation Failure) [PSYoungGen: 68992K->320K(70144K)] 449816K->381144K(534528K), 0.0019721 secs] [Times: user=0.00 sys=0.00, real=0.01 secs] 
2104.701: [GC (Allocation Failure) [PSYoungGen: 68416K->320K(70144K)] 449240K->381144K(534528K), 0.0019741 secs] [Times: user=0.00 sys=0.00, real=0.00 secs] 
2105.229: [GC (Allocation Failure) [PSYoungGen: 68416K->352K(70144K)] 449240K->381176K(534528K), 0.0019937 secs] [Times: user=0.01 sys=0.00, real=0.00 secs] 
2105.762: [GC (Allocation Failure) [PSYoungGen: 68448K->352K(70144K)] 449272K->381176K(534528K), 0.0019424 secs] [Times: user=0.01 sys=0.00, real=0.00 secs] 
2107.012: [GC (Allocation Failure) [PSYoungGen: 68448K->1408K(70144K)] 449272K->382232K(534528K), 0.0018774 secs] [Times: user=0.01 sys=0.00, real=0.00 secs] 
2107.307: [GC (Allocation Failure) [PSYoungGen: 69504K->1376K(70144K)] 450328K->382200K(534528K), 0.0019564 secs] [Times: user=0.00 sys=0.01, real=0.00 secs] 
2107.667: [GC (Allocation Failure) [PSYoungGen: 69472K->1376K(70144K)] 450296K->382200K(534528K), 0.0022227 secs] [Times: user=0.01 sys=0.00, real=0.00 secs] 
2108.242: [GC (Allocation Failure) [PSYoungGen: 69472K->1376K(69632K)] 450296K->382200K(534016K), 0.0020732 secs] [Times: user=0.00 sys=0.00, real=0.00 secs] 
2109.235: [GC (Allocation Failure) [PSYoungGen: 68960K->1344K(69120K)] 449784K->382168K(533504K), 0.0019852 secs] [Times: user=0.01 sys=0.00, real=0.01 secs] 
2109.563: [GC (Allocation Failure) [PSYoungGen: 68928K->1376K(69632K)] 449752K->382200K(534016K), 0.0016688 secs] [Times: user=0.00 sys=0.00, real=0.00 secs] 
2109.913: [GC (Allocation Failure) [PSYoungGen: 68960K->1376K(69632K)] 449784K->382208K(534016K), 0.0031733 secs] [Times: user=0.01 sys=0.01, real=0.00 secs] 
2110.404: [GC (Allocation Failure) [PSYoungGen: 68960K->1376K(69632K)] 449792K->382208K(534016K), 0.0028012 secs] [Times: user=0.01 sys=0.00, real=0.01 secs] 
2111.319: [GC (Allocation Failure) [PSYoungGen: 68960K->1373K(69632K)] 449792K->382205K(534016K), 0.0015588 secs] [Times: user=0.00 sys=0.00, real=0.00 secs] 
2112.203: [GC (Allocation Failure) [PSYoungGen: 68957K->1408K(69632K)] 449789K->382240K(534016K), 0.0021832 secs] [Times: user=0.01 sys=0.00, real=0.00 secs] 
2112.688: [GC (Allocation Failure) [PSYoungGen: 68992K->1360K(69632K)] 449824K->382192K(534016K), 0.0020401 secs] [Times: user=0.01 sys=0.00, real=0.00 secs] 
2112.970: [GC (Allocation Failure) [PSYoungGen: 68944K->1344K(69632K)] 449776K->382176K(534016K), 0.0023085 secs] [Times: user=0.01 sys=0.00, real=0.00 secs] 
2113.330: [GC (Allocation Failure) [PSYoungGen: 68928K->1344K(69632K)] 449760K->382176K(534016K), 0.0022466 secs] [Times: user=0.01 sys=0.00, real=0.00 secs] 
2115.376: [GC (Allocation Failure) [PSYoungGen: 68928K->1376K(69632K)] 449760K->382208K(534016K), 0.0043521 secs] [Times: user=0.01 sys=0.00, real=0.01 secs] 
2116.183: [GC (Allocation Failure) [PSYoungGen: 68960K->1312K(69632K)] 449792K->382144K(534016K), 0.0026859 secs] [Times: user=0.01 sys=0.00, real=0.00 secs] 
2116.462: [GC (Allocation Failure) [PSYoungGen: 68896K->1376K(69632K)] 449728K->382208K(534016K), 0.0022275 secs] [Times: user=0.00 sys=0.00, real=0.00 secs] 
2116.743: [GC (Allocation Failure) [PSYoungGen: 68960K->1344K(69632K)] 449792K->382176K(534016K), 0.0019248 secs] [Times: user=0.01 sys=0.00, real=0.00 secs] 
2117.648: [GC (Allocation Failure) [PSYoungGen: 68928K->1536K(69632K)] 449760K->382368K(534016K), 0.0018302 secs] [Times: user=0.01 sys=0.00, real=0.00 secs] 
2118.214: [GC (Allocation Failure) [PSYoungGen: 69120K->1376K(69632K)] 449952K->382208K(534016K), 0.0019793 secs] [Times: user=0.01 sys=0.00, real=0.01 secs] 
2118.495: [GC (Allocation Failure) [PSYoungGen: 68960K->1360K(69632K)] 449792K->382192K(534016K), 0.0019414 secs] [Times: user=0.01 sys=0.00, real=0.01 secs] 
2118.882: [GC (Allocation Failure) [PSYoungGen: 68944K->1312K(69632K)] 449776K->382144K(534016K), 0.0022562 secs] [Times: user=0.00 sys=0.01, real=0.00 secs] 
2119.453: [GC (Allocation Failure) [PSYoungGen: 68896K->1344K(69632K)] 449728K->382176K(534016K), 0.0025375 secs] [Times: user=0.01 sys=0.00, real=0.01 secs] 
2120.376: [GC (Allocation Failure) [PSYoungGen: 68928K->1424K(69632K)] 449760K->382264K(534016K), 0.0019726 secs] [Times: user=0.01 sys=0.00, real=0.00 secs] 
2120.925: [GC (Allocation Failure) [PSYoungGen: 69008K->1376K(69632K)] 449848K->382216K(534016K), 0.0032204 secs] [Times: user=0.01 sys=0.00, real=0.01 secs] 
2121.306: [GC (Allocation Failure) [PSYoungGen: 68960K->1344K(69632K)] 449800K->382184K(534016K), 0.0021681 secs] [Times: user=0.01 sys=0.00, real=0.00 secs] 
2121.582: [GC (Allocation Failure) [PSYoungGen: 68928K->1376K(69632K)] 449768K->382216K(534016K), 0.0019260 secs] [Times: user=0.00 sys=0.01, real=0.00 secs] 
2122.482: [GC (Allocation Failure) [PSYoungGen: 68960K->1408K(69632K)] 449800K->383272K(534016K), 0.0021773 secs] [Times: user=0.01 sys=0.00, real=0.00 secs] 
2123.630: [GC (Allocation Failure) [PSYoungGen: 68992K->320K(69632K)] 450856K->382184K(534016K), 0.0030890 secs] [Times: user=0.01 sys=0.00, real=0.00 secs] 
2124.763: [GC (Allocation Failure) [PSYoungGen: 67904K->320K(69632K)] 449768K->382192K(534016K), 0.0033162 secs] [Times: user=0.01 sys=0.00, real=0.01 secs] 
2125.591: [GC (Allocation Failure) [PSYoungGen: 67904K->320K(69632K)] 449776K->382192K(534016K), 0.0030347 secs] [Times: user=0.01 sys=0.00, real=0.00 secs] 
2126.344: [GC (Allocation Failure) [PSYoungGen: 67904K->1373K(69632K)] 449776K->383245K(534016K), 0.0027467 secs] [Times: user=0.01 sys=0.00, real=0.01 secs] 
2127.468: [GC (Allocation Failure) [PSYoungGen: 68957K->1376K(69632K)] 450829K->383248K(534016K), 0.0021794 secs] [Times: user=0.01 sys=0.00, real=0.00 secs] 
2128.106: [GC (Allocation Failure) [PSYoungGen: 68960K->1344K(69632K)] 450832K->383224K(534016K), 0.0032135 secs] [Times: user=0.01 sys=0.01, real=0.00 secs] 
2128.460: [GC (Allocation Failure) [PSYoungGen: 68928K->1344K(69632K)] 450808K->383224K(534016K), 0.0019995 secs] [Times: user=0.01 sys=0.00, real=0.00 secs] 
2128.848: [GC (Allocation Failure) [PSYoungGen: 68928K->1376K(69632K)] 450808K->383256K(534016K), 0.0021136 secs] [Times: user=0.00 sys=0.00, real=0.00 secs] 
2130.830: [GC (Allocation Failure) [PSYoungGen: 68960K->1344K(69632K)] 450840K->383224K(534016K), 0.0035641 secs] [Times: user=0.02 sys=0.00, real=0.00 secs] 
2131.557: [GC (Allocation Failure) [PSYoungGen: 68928K->1376K(69632K)] 450808K->383256K(534016K), 0.0032972 secs] [Times: user=0.02 sys=0.00, real=0.00 secs] 
2132.054: [GC (Allocation Failure) [PSYoungGen: 68960K->1376K(69632K)] 450840K->383264K(534016K), 0.0028308 secs] [Times: user=0.02 sys=0.00, real=0.01 secs] 
2132.682: [GC (Allocation Failure) [PSYoungGen: 68960K->1344K(69632K)] 450848K->383232K(534016K), 0.0025813 secs] [Times: user=0.01 sys=0.00, real=0.00 secs] 
2133.578: [GC (Allocation Failure) [PSYoungGen: 68928K->1373K(69632K)] 450816K->383261K(534016K), 0.0016573 secs] [Times: user=0.01 sys=0.00, real=0.00 secs] 
2134.213: [GC (Allocation Failure) [PSYoungGen: 68957K->1440K(69632K)] 450845K->383328K(534016K), 0.0017858 secs] [Times: user=0.01 sys=0.00, real=0.00 secs] 
2135.049: [GC (Allocation Failure) [PSYoungGen: 69024K->1376K(69632K)] 450912K->383264K(534016K), 0.0027513 secs] [Times: user=0.01 sys=0.00, real=0.00 secs] 
2135.819: [GC (Allocation Failure) [PSYoungGen: 68960K->1360K(69632K)] 450848K->383248K(534016K), 0.0035178 secs] [Times: user=0.02 sys=0.00, real=0.00 secs] 
2136.381: [GC (Allocation Failure) [PSYoungGen: 68944K->1312K(69632K)] 450832K->383200K(534016K), 0.0030240 secs] [Times: user=0.02 sys=0.00, real=0.00 secs] 
2137.399: [GC (Allocation Failure) [PSYoungGen: 68896K->1376K(69632K)] 450784K->383264K(534016K), 0.0017958 secs] [Times: user=0.00 sys=0.00, real=0.00 secs] 
2137.712: [GC (Allocation Failure) [PSYoungGen: 68960K->1344K(69632K)] 450848K->383232K(534016K), 0.0019425 secs] [Times: user=0.01 sys=0.00, real=0.00 secs] 
2138.023: [GC (Allocation Failure) [PSYoungGen: 68928K->1376K(69632K)] 450816K->383264K(534016K), 0.0020966 secs] [Times: user=0.01 sys=0.00, real=0.00 secs] 
2138.305: [GC (Allocation Failure) [PSYoungGen: 68960K->1376K(69632K)] 450848K->383264K(534016K), 0.0020152 secs] [Times: user=0.00 sys=0.00, real=0.01 secs] 
2139.169: [GC (Allocation Failure) [PSYoungGen: 68960K->1632K(69632K)] 450848K->383520K(534016K), 0.0018176 secs] [Times: user=0.00 sys=0.00, real=0.00 secs] 
2139.760: [GC (Allocation Failure) [PSYoungGen: 69216K->1376K(69632K)] 451104K->383264K(534016K), 0.0022969 secs] [Times: user=0.01 sys=0.00, real=0.00 secs] 
2140.363: [GC (Allocation Failure) [PSYoungGen: 68960K->1376K(69632K)] 450848K->383272K(534016K), 0.0032304 secs] [Times: user=0.01 sys=0.00, real=0.01 secs] 
2141.146: [GC (Allocation Failure) [PSYoungGen: 68960K->1376K(69632K)] 450856K->383272K(534016K), 0.0040843 secs] [Times: user=0.02 sys=0.00, real=0.01 secs] 
2141.659: [GC (Allocation Failure) [PSYoungGen: 68960K->1376K(69632K)] 450856K->383272K(534016K), 0.0026552 secs] [Times: user=0.01 sys=0.00, real=0.00 secs] 
2142.935: [GC (Allocation Failure) [PSYoungGen: 68960K->1344K(69632K)] 450856K->383240K(534016K), 0.0032675 secs] [Times: user=0.01 sys=0.00, real=0.01 secs] 
2143.671: [GC (Allocation Failure) [PSYoungGen: 68928K->1376K(69632K)] 450824K->383272K(534016K), 0.0023771 secs] [Times: user=0.00 sys=0.00, real=0.00 secs] 
2144.506: [GC (Allocation Failure) [PSYoungGen: 68960K->1328K(69632K)] 450856K->383224K(534016K), 0.0035635 secs] [Times: user=0.02 sys=0.00, real=0.01 secs] 
2145.194: [GC (Allocation Failure) [PSYoungGen: 68912K->1376K(69632K)] 450808K->383272K(534016K), 0.0029043 secs] [Times: user=0.02 sys=0.00, real=0.01 secs] 
2146.536: [GC (Allocation Failure) [PSYoungGen: 68960K->1408K(69632K)] 450856K->384328K(534016K), 0.0026158 secs] [Times: user=0.02 sys=0.00, real=0.00 secs] 
2147.296: [GC (Allocation Failure) [PSYoungGen: 68992K->352K(69632K)] 451912K->383272K(534016K), 0.0032444 secs] [Times: user=0.02 sys=0.00, real=0.00 secs] 
2147.861: [GC (Allocation Failure) [PSYoungGen: 67936K->320K(69632K)] 450856K->383240K(534016K), 0.0028181 secs] [Times: user=0.01 sys=0.00, real=0.00 secs] 
2148.594: [GC (Allocation Failure) [PSYoungGen: 67904K->320K(69632K)] 450824K->383240K(534016K), 0.0027907 secs] [Times: user=0.01 sys=0.00, real=0.01 secs] 
2149.623: [GC (Allocation Failure) [PSYoungGen: 67904K->1373K(69632K)] 450824K->384293K(534016K), 0.0016859 secs] [Times: user=0.01 sys=0.00, real=0.00 secs] 
2150.609: [GC (Allocation Failure) [PSYoungGen: 68957K->1376K(69632K)] 451877K->384296K(534016K), 0.0023959 secs] [Times: user=0.01 sys=0.00, real=0.00 secs] 
2151.218: [GC (Allocation Failure) [PSYoungGen: 68960K->1344K(69632K)] 451880K->384264K(534016K), 0.0023310 secs] [Times: user=0.01 sys=0.00, real=0.00 secs] 
2151.792: [GC (Allocation Failure) [PSYoungGen: 68928K->1344K(69632K)] 451848K->384264K(534016K), 0.0027941 secs] [Times: user=0.02 sys=0.00, real=0.00 secs] 
2152.567: [GC (Allocation Failure) [PSYoungGen: 68928K->1344K(69632K)] 451848K->384272K(534016K), 0.0028932 secs] [Times: user=0.01 sys=0.00, real=0.00 secs] 
2153.652: [GC (Allocation Failure) [PSYoungGen: 68928K->1376K(69632K)] 451856K->384304K(534016K), 0.0019033 secs] [Times: user=0.00 sys=0.00, real=0.00 secs] 
2153.933: [GC (Allocation Failure) [PSYoungGen: 68960K->1328K(69632K)] 451888K->384256K(534016K), 0.0018085 secs] [Times: user=0.00 sys=0.00, real=0.00 secs] 
2154.214: [GC (Allocation Failure) [PSYoungGen: 68912K->1344K(69632K)] 451840K->384272K(534016K), 0.0017253 secs] [Times: user=0.01 sys=0.00, real=0.01 secs] 
2154.495: [GC (Allocation Failure) [PSYoungGen: 68928K->1376K(69632K)] 451856K->384304K(534016K), 0.0018896 secs] [Times: user=0.01 sys=0.00, real=0.01 secs] 
2155.237: [GC (Allocation Failure) [PSYoungGen: 68960K->1373K(69632K)] 451888K->384301K(534016K), 0.0014595 secs] [Times: user=0.01 sys=0.00, real=0.00 secs] 
2155.824: [GC (Allocation Failure) [PSYoungGen: 68957K->1408K(69632K)] 451885K->384336K(534016K), 0.0017032 secs] [Times: user=0.01 sys=0.00, real=0.00 secs] 
2156.458: [GC (Allocation Failure) [PSYoungGen: 68992K->1312K(69632K)] 451920K->384240K(534016K), 0.0019493 secs] [Times: user=0.01 sys=0.00, real=0.00 secs] 
2157.018: [GC (Allocation Failure) [PSYoungGen: 68896K->1312K(69632K)] 451824K->384240K(534016K), 0.0034170 secs] [Times: user=0.02 sys=0.00, real=0.00 secs] 
2157.610: [GC (Allocation Failure) [PSYoungGen: 68896K->1344K(69632K)] 451824K->384272K(534016K), 0.0039914 secs] [Times: user=0.01 sys=0.00, real=0.00 secs] 
2158.798: [GC (Allocation Failure) [PSYoungGen: 68928K->1408K(69632K)] 451856K->384336K(534016K), 0.0020479 secs] [Times: user=0.01 sys=0.00, real=0.00 secs] 
2159.746: [GC (Allocation Failure) [PSYoungGen: 68992K->1344K(69632K)] 451920K->384272K(534016K), 0.0039258 secs] [Times: user=0.02 sys=0.00, real=0.01 secs] 
2160.223: [GC (Allocation Failure) [PSYoungGen: 68928K->1376K(69632K)] 451856K->384320K(534016K), 0.0020206 secs] [Times: user=0.01 sys=0.00, real=0.00 secs] 
2160.504: [GC (Allocation Failure) [PSYoungGen: 68960K->1376K(69632K)] 451904K->384320K(534016K), 0.0020887 secs] [Times: user=0.01 sys=0.00, real=0.01 secs] 
2161.382: [GC (Allocation Failure) [PSYoungGen: 68960K->1920K(69632K)] 451904K->384864K(534016K), 0.0019700 secs] [Times: user=0.00 sys=0.00, real=0.00 secs] 
2161.660: [GC (Allocation Failure) [PSYoungGen: 69504K->1312K(69632K)] 452448K->384256K(534016K), 0.0020050 secs] [Times: user=0.01 sys=0.00, real=0.00 secs] 
2161.960: [GC (Allocation Failure) [PSYoungGen: 68896K->1360K(69632K)] 451840K->384312K(534016K), 0.0020112 secs] [Times: user=0.01 sys=0.00, real=0.00 secs] 
2162.241: [GC (Allocation Failure) [PSYoungGen: 68944K->1376K(69632K)] 451896K->384328K(534016K), 0.0019608 secs] [Times: user=0.01 sys=0.00, real=0.00 secs] 
2162.559: [GC (Allocation Failure) [PSYoungGen: 68960K->1360K(69632K)] 451912K->384312K(534016K), 0.0019863 secs] [Times: user=0.01 sys=0.00, real=0.00 secs] 
2163.494: [GC (Allocation Failure) [PSYoungGen: 68944K->1408K(69632K)] 451896K->384360K(534016K), 0.0019986 secs] [Times: user=0.01 sys=0.00, real=0.01 secs] 
2164.024: [GC (Allocation Failure) [PSYoungGen: 68992K->1392K(69632K)] 451944K->384344K(534016K), 0.0023569 secs] [Times: user=0.01 sys=0.00, real=0.01 secs] 
2164.597: [GC (Allocation Failure) [PSYoungGen: 68976K->1376K(69632K)] 451928K->384328K(534016K), 0.0019585 secs] [Times: user=0.01 sys=0.00, real=0.00 secs] 
2165.210: [GC (Allocation Failure) [PSYoungGen: 68960K->1376K(69632K)] 451912K->384328K(534016K), 0.0042463 secs] [Times: user=0.01 sys=0.00, real=0.00 secs] 
2166.242: [GC (Allocation Failure) [PSYoungGen: 68960K->1392K(69632K)] 451912K->384344K(534016K), 0.0023513 secs] [Times: user=0.01 sys=0.00, real=0.00 secs] 
2166.650: [GC (Allocation Failure) [PSYoungGen: 68976K->1360K(69632K)] 451928K->384312K(534016K), 0.0020083 secs] [Times: user=0.01 sys=0.00, real=0.00 secs] 
2166.974: [GC (Allocation Failure) [PSYoungGen: 68944K->1344K(69632K)] 451896K->384304K(534016K), 0.0022381 secs] [Times: user=0.01 sys=0.00, real=0.01 secs] 
2167.360: [GC (Allocation Failure) [PSYoungGen: 68928K->1360K(69632K)] 451888K->384320K(534016K), 0.0018324 secs] [Times: user=0.01 sys=0.00, real=0.00 secs] 
2168.011: [GC (Allocation Failure) [PSYoungGen: 68944K->1325K(69120K)] 451904K->384309K(533504K), 0.0016741 secs] [Times: user=0.01 sys=0.00, real=0.00 secs] 
2168.994: [GC (Allocation Failure) [PSYoungGen: 68909K->1376K(69120K)] 451893K->384360K(533504K), 0.0028920 secs] [Times: user=0.02 sys=0.00, real=0.01 secs] 
2169.860: [GC (Allocation Failure) [PSYoungGen: 68960K->1344K(69120K)] 451944K->384328K(533504K), 0.0034332 secs] [Times: user=0.01 sys=0.00, real=0.00 secs] 
2170.672: [GC (Allocation Failure) [PSYoungGen: 68928K->1376K(69120K)] 451912K->384360K(533504K), 0.0034678 secs] [Times: user=0.01 sys=0.00, real=0.01 secs] 
2171.633: [GC (Allocation Failure) [PSYoungGen: 68960K->1344K(69120K)] 451944K->384328K(533504K), 0.0035329 secs] [Times: user=0.02 sys=0.00, real=0.01 secs] 
2172.576: [GC (Allocation Failure) [PSYoungGen: 68928K->1344K(69120K)] 451912K->384328K(533504K), 0.0018708 secs] [Times: user=0.01 sys=0.00, real=0.00 secs] 
2172.857: [GC (Allocation Failure) [PSYoungGen: 68928K->1344K(69120K)] 451912K->384328K(533504K), 0.0018632 secs] [Times: user=0.01 sys=0.00, real=0.00 secs] 
2173.137: [GC (Allocation Failure) [PSYoungGen: 68928K->1344K(69120K)] 451912K->384328K(533504K), 0.0016250 secs] [Times: user=0.01 sys=0.00, real=0.00 secs] 
2173.439: [GC (Allocation Failure) [PSYoungGen: 68928K->1376K(69120K)] 451912K->384360K(533504K), 0.0018030 secs] [Times: user=0.01 sys=0.00, real=0.00 secs] 
2174.256: [GC (Allocation Failure) [PSYoungGen: 68960K->1280K(69120K)] 451944K->384264K(533504K), 0.0015849 secs] [Times: user=0.01 sys=0.00, real=0.00 secs] 
2174.920: [GC (Allocation Failure) [PSYoungGen: 68864K->1344K(69120K)] 451848K->384328K(533504K), 0.0017958 secs] [Times: user=0.01 sys=0.00, real=0.00 secs] 
2175.390: [GC (Allocation Failure) [PSYoungGen: 68928K->1312K(69120K)] 451912K->384296K(533504K), 0.0022828 secs] [Times: user=0.01 sys=0.01, real=0.00 secs] 
2175.952: [GC (Allocation Failure) [PSYoungGen: 68896K->1344K(69120K)] 451880K->384328K(533504K), 0.0022741 secs] [Times: user=0.00 sys=0.00, real=0.00 secs] 
2176.627: [GC (Allocation Failure) [PSYoungGen: 68928K->1344K(69120K)] 451912K->384328K(533504K), 0.0021303 secs] [Times: user=0.01 sys=0.00, real=0.00 secs] 
2177.762: [GC (Allocation Failure) [PSYoungGen: 68928K->1408K(69120K)] 451912K->384392K(533504K), 0.0019479 secs] [Times: user=0.01 sys=0.00, real=0.00 secs] 
2178.525: [GC (Allocation Failure) [PSYoungGen: 68992K->1344K(69120K)] 451976K->384336K(533504K), 0.0031704 secs] [Times: user=0.01 sys=0.00, real=0.01 secs] 
2179.124: [GC (Allocation Failure) [PSYoungGen: 68928K->1344K(69120K)] 451920K->384336K(533504K), 0.0024369 secs] [Times: user=0.01 sys=0.00, real=0.01 secs] 
2179.641: [GC (Allocation Failure) [PSYoungGen: 68928K->1376K(69120K)] 451920K->384384K(533504K), 0.0025725 secs] [Times: user=0.01 sys=0.00, real=0.00 secs] 
2180.937: [GC (Allocation Failure) [PSYoungGen: 68960K->1424K(69120K)] 451968K->386488K(533504K), 0.0021450 secs] [Times: user=0.01 sys=0.00, real=0.00 secs] 
2181.234: [GC (Allocation Failure) [PSYoungGen: 69008K->352K(68608K)] 454072K->385416K(532992K), 0.0020801 secs] [Times: user=0.01 sys=0.00, real=0.01 secs] 
2181.566: [GC (Allocation Failure) [PSYoungGen: 67424K->320K(69120K)] 452488K->385384K(533504K), 0.0021157 secs] [Times: user=0.01 sys=0.00, real=0.00 secs] 
2181.845: [GC (Allocation Failure) [PSYoungGen: 67392K->320K(69120K)] 452456K->385384K(533504K), 0.0019804 secs] [Times: user=0.00 sys=0.00, real=0.01 secs] 
2182.124: [GC (Allocation Failure) [PSYoungGen: 67392K->352K(69120K)] 452456K->385416K(533504K), 0.0018889 secs] [Times: user=0.01 sys=0.00, real=0.00 secs] 
2183.316: [GC (Allocation Failure) [PSYoungGen: 67424K->1376K(69120K)] 452488K->386440K(533504K), 0.0022036 secs] [Times: user=0.01 sys=0.00, real=0.00 secs] 
2183.591: [GC (Allocation Failure) [PSYoungGen: 68448K->1376K(69120K)] 453512K->386440K(533504K), 0.0020077 secs] [Times: user=0.01 sys=0.00, real=0.00 secs] 
2184.088: [GC (Allocation Failure) [PSYoungGen: 68448K->1312K(69120K)] 453512K->386376K(533504K), 0.0021140 secs] [Times: user=0.01 sys=0.00, real=0.00 secs] 
2184.639: [GC (Allocation Failure) [PSYoungGen: 68384K->1376K(69120K)] 453448K->386440K(533504K), 0.0019705 secs] [Times: user=0.01 sys=0.00, real=0.00 secs] 
2185.646: [GC (Allocation Failure) [PSYoungGen: 68448K->1344K(69120K)] 453512K->386408K(533504K), 0.0020436 secs] [Times: user=0.01 sys=0.00, real=0.00 secs] 
2186.255: [GC (Allocation Failure) [PSYoungGen: 68416K->1360K(69120K)] 453480K->386424K(533504K), 0.0023754 secs] [Times: user=0.01 sys=0.00, real=0.01 secs] 
2187.015: [GC (Allocation Failure) [PSYoungGen: 68432K->1376K(69120K)] 453496K->386440K(533504K), 0.0027126 secs] [Times: user=0.01 sys=0.00, real=0.01 secs] 
2188.004: [GC (Allocation Failure) [PSYoungGen: 68448K->1344K(69120K)] 453512K->386408K(533504K), 0.0028100 secs] [Times: user=0.01 sys=0.00, real=0.01 secs] 
2188.953: [GC (Allocation Failure) [PSYoungGen: 68416K->1360K(69120K)] 453480K->386424K(533504K), 0.0015343 secs] [Times: user=0.00 sys=0.00, real=0.00 secs] 
2190.157: [GC (Allocation Failure) [PSYoungGen: 68432K->1376K(69120K)] 453496K->386440K(533504K), 0.0023611 secs] [Times: user=0.01 sys=0.00, real=0.00 secs] 
2190.840: [GC (Allocation Failure) [PSYoungGen: 68448K->1376K(69120K)] 453512K->386448K(533504K), 0.0026075 secs] [Times: user=0.01 sys=0.00, real=0.00 secs] 
2191.660: [GC (Allocation Failure) [PSYoungGen: 68448K->1360K(69120K)] 453520K->386432K(533504K), 0.0031832 secs] [Times: user=0.01 sys=0.00, real=0.00 secs] 
2192.490: [GC (Allocation Failure) [PSYoungGen: 68432K->1312K(69120K)] 453504K->386384K(533504K), 0.0024193 secs] [Times: user=0.01 sys=0.00, real=0.00 secs] 
2193.492: [GC (Allocation Failure) [PSYoungGen: 68384K->1408K(69120K)] 453456K->386480K(533504K), 0.0018696 secs] [Times: user=0.01 sys=0.00, real=0.00 secs] 
2194.109: [GC (Allocation Failure) [PSYoungGen: 68480K->1312K(69120K)] 453552K->386384K(533504K), 0.0017708 secs] [Times: user=0.01 sys=0.00, real=0.00 secs] 
2194.651: [GC (Allocation Failure) [PSYoungGen: 68384K->1328K(69120K)] 453456K->386400K(533504K), 0.0025423 secs] [Times: user=0.01 sys=0.00, real=0.00 secs] 
2195.426: [GC (Allocation Failure) [PSYoungGen: 68400K->1360K(69120K)] 453472K->386432K(533504K), 0.0040613 secs] [Times: user=0.02 sys=0.00, real=0.00 secs] 
2196.598: [GC (Allocation Failure) [PSYoungGen: 68432K->1360K(69120K)] 453504K->386432K(533504K), 0.0015007 secs] [Times: user=0.00 sys=0.00, real=0.00 secs] 
2198.283: [GC (Allocation Failure) [PSYoungGen: 68432K->1392K(69120K)] 453504K->386464K(533504K), 0.0044130 secs] [Times: user=0.01 sys=0.00, real=0.01 secs] 
2199.057: [GC (Allocation Failure) [PSYoungGen: 68464K->1312K(69120K)] 453536K->386384K(533504K), 0.0034395 secs] [Times: user=0.02 sys=0.00, real=0.00 secs] 
2199.647: [GC (Allocation Failure) [PSYoungGen: 68384K->1312K(69120K)] 453456K->386384K(533504K), 0.0031308 secs] [Times: user=0.02 sys=0.00, real=0.00 secs] 
2200.232: [GC (Allocation Failure) [PSYoungGen: 68384K->1312K(69120K)] 453456K->386384K(533504K), 0.0032301 secs] [Times: user=0.01 sys=0.00, real=0.00 secs] 
2201.428: [GC (Allocation Failure) [PSYoungGen: 68384K->1408K(69120K)] 453456K->386480K(533504K), 0.0027779 secs] [Times: user=0.01 sys=0.00, real=0.00 secs] 
2202.445: [GC (Allocation Failure) [PSYoungGen: 68480K->1344K(69120K)] 453552K->386416K(533504K), 0.0031052 secs] [Times: user=0.01 sys=0.00, real=0.01 secs] 
2203.129: [GC (Allocation Failure) [PSYoungGen: 68416K->1344K(69120K)] 453488K->386424K(533504K), 0.0033573 secs] [Times: user=0.01 sys=0.00, real=0.00 secs] 
2203.642: [GC (Allocation Failure) [PSYoungGen: 68416K->1376K(69120K)] 453496K->386456K(533504K), 0.0029286 secs] [Times: user=0.01 sys=0.00, real=0.00 secs] 
2204.543: [GC (Allocation Failure) [PSYoungGen: 68448K->1344K(69120K)] 453528K->386424K(533504K), 0.0015319 secs] [Times: user=0.00 sys=0.00, real=0.00 secs] 
2205.749: [GC (Allocation Failure) [PSYoungGen: 68416K->1408K(69120K)] 453496K->386488K(533504K), 0.0042277 secs] [Times: user=0.02 sys=0.00, real=0.00 secs] 
2207.311: [GC (Allocation Failure) [PSYoungGen: 68480K->1376K(69120K)] 453560K->386456K(533504K), 0.0043167 secs] [Times: user=0.02 sys=0.00, real=0.00 secs] 
2208.636: [GC (Allocation Failure) [PSYoungGen: 68448K->1344K(68608K)] 453528K->386424K(532992K), 0.0046303 secs] [Times: user=0.02 sys=0.00, real=0.00 secs] 
2209.087: [GC (Allocation Failure) [PSYoungGen: 68416K->1376K(68608K)] 453496K->386456K(532992K), 0.0028712 secs] [Times: user=0.01 sys=0.00, real=0.00 secs] 
2211.472: [GC (Allocation Failure) [PSYoungGen: 68448K->1376K(68608K)] 453528K->386456K(532992K), 0.0032656 secs] [Times: user=0.01 sys=0.00, real=0.00 secs] 
2211.757: [GC (Allocation Failure) [PSYoungGen: 68448K->1344K(68608K)] 453528K->386424K(532992K), 0.0022397 secs] [Times: user=0.01 sys=0.00, real=0.00 secs] 
2212.036: [GC (Allocation Failure) [PSYoungGen: 68416K->1376K(68608K)] 453496K->386456K(532992K), 0.0018561 secs] [Times: user=0.01 sys=0.00, real=0.00 secs] 
2212.337: [GC (Allocation Failure) [PSYoungGen: 68448K->1344K(68608K)] 453528K->386424K(532992K), 0.0020748 secs] [Times: user=0.01 sys=0.00, real=0.00 secs] 
2213.137: [GC (Allocation Failure) [PSYoungGen: 68416K->1504K(68608K)] 453496K->386592K(532992K), 0.0018541 secs] [Times: user=0.01 sys=0.00, real=0.00 secs] 
2214.658: [GC (Allocation Failure) [PSYoungGen: 68576K->1312K(68608K)] 453664K->386408K(532992K), 0.0048791 secs] [Times: user=0.02 sys=0.00, real=0.00 secs] 
2215.313: [GC (Allocation Failure) [PSYoungGen: 68384K->1344K(68608K)] 453480K->386440K(532992K), 0.0027354 secs] [Times: user=0.01 sys=0.00, real=0.00 secs] 
2215.872: [GC (Allocation Failure) [PSYoungGen: 68416K->1376K(68608K)] 453512K->386472K(532992K), 0.0024094 secs] [Times: user=0.01 sys=0.00, real=0.00 secs] 
2216.467: [GC (Allocation Failure) [PSYoungGen: 68448K->1376K(68608K)] 453544K->386472K(532992K), 0.0025221 secs] [Times: user=0.01 sys=0.00, real=0.00 secs] 
2217.730: [GC (Allocation Failure) [PSYoungGen: 68448K->1408K(68608K)] 453544K->386504K(532992K), 0.0041214 secs] [Times: user=0.02 sys=0.00, real=0.00 secs] 
2218.326: [GC (Allocation Failure) [PSYoungGen: 68480K->1376K(68608K)] 453576K->386472K(532992K), 0.0031780 secs] [Times: user=0.01 sys=0.00, real=0.01 secs] 
2218.629: [GC (Allocation Failure) [PSYoungGen: 68448K->1344K(68608K)] 453544K->386440K(532992K), 0.0022859 secs] [Times: user=0.01 sys=0.00, real=0.00 secs] 
2218.907: [GC (Allocation Failure) [PSYoungGen: 68416K->1344K(68608K)] 453512K->386440K(532992K), 0.0019473 secs] [Times: user=0.01 sys=0.00, real=0.00 secs] 
2219.638: [GC (Allocation Failure) [PSYoungGen: 68416K->896K(68096K)] 453512K->387016K(532480K), 0.0018045 secs] [Times: user=0.00 sys=0.00, real=0.00 secs] 
2219.910: [GC (Allocation Failure) [PSYoungGen: 67456K->320K(68608K)] 453576K->386440K(532992K), 0.0017832 secs] [Times: user=0.00 sys=0.00, real=0.00 secs] 
2220.186: [GC (Allocation Failure) [PSYoungGen: 66880K->320K(68608K)] 453000K->386448K(532992K), 0.0018387 secs] [Times: user=0.01 sys=0.00, real=0.00 secs] 
2220.463: [GC (Allocation Failure) [PSYoungGen: 66880K->352K(68608K)] 453008K->386480K(532992K), 0.0017101 secs] [Times: user=0.01 sys=0.00, real=0.00 secs] 
2220.768: [GC (Allocation Failure) [PSYoungGen: 66912K->288K(68608K)] 453040K->386416K(532992K), 0.0017770 secs] [Times: user=0.01 sys=0.00, real=0.00 secs] 
2221.485: [GC (Allocation Failure) [PSYoungGen: 66848K->1440K(68608K)] 452976K->387568K(532992K), 0.0017791 secs] [Times: user=0.01 sys=0.00, real=0.01 secs] 
2221.789: [GC (Allocation Failure) [PSYoungGen: 68000K->1376K(68608K)] 454128K->387504K(532992K), 0.0016323 secs] [Times: user=0.01 sys=0.00, real=0.00 secs] 
2222.258: [GC (Allocation Failure) [PSYoungGen: 67936K->1344K(68608K)] 454064K->387472K(532992K), 0.0015771 secs] [Times: user=0.01 sys=0.00, real=0.00 secs] 
2222.805: [GC (Allocation Failure) [PSYoungGen: 67904K->1376K(68608K)] 454032K->387504K(532992K), 0.0016351 secs] [Times: user=0.01 sys=0.00, real=0.01 secs] 
2223.817: [GC (Allocation Failure) [PSYoungGen: 67936K->1920K(68608K)] 454064K->388048K(532992K), 0.0019224 secs] [Times: user=0.00 sys=0.00, real=0.00 secs] 
2224.396: [GC (Allocation Failure) [PSYoungGen: 68480K->1376K(69120K)] 454608K->387504K(533504K), 0.0018849 secs] [Times: user=0.01 sys=0.00, real=0.01 secs] 
2224.947: [GC (Allocation Failure) [PSYoungGen: 67936K->1344K(69120K)] 454064K->387472K(533504K), 0.0035007 secs] [Times: user=0.02 sys=0.00, real=0.00 secs] 
2225.502: [GC (Allocation Failure) [PSYoungGen: 67904K->1344K(69120K)] 454032K->387472K(533504K), 0.0031475 secs] [Times: user=0.01 sys=0.00, real=0.00 secs] 
2225.945: [GC (Allocation Failure) [PSYoungGen: 67904K->1376K(69120K)] 454032K->387504K(533504K), 0.0019875 secs] [Times: user=0.01 sys=0.00, real=0.01 secs] 
2227.311: [GC (Allocation Failure) [PSYoungGen: 67936K->1408K(69120K)] 454064K->387536K(533504K), 0.0027696 secs] [Times: user=0.01 sys=0.00, real=0.00 secs] 
2227.817: [GC (Allocation Failure) [PSYoungGen: 67968K->1392K(68096K)] 454096K->387520K(532480K), 0.0028679 secs] [Times: user=0.01 sys=0.00, real=0.00 secs] 
2228.752: [GC (Allocation Failure) [PSYoungGen: 67952K->1344K(68608K)] 454080K->387472K(532992K), 0.0036533 secs] [Times: user=0.02 sys=0.00, real=0.01 secs] 
2229.492: [GC (Allocation Failure) [PSYoungGen: 67904K->1408K(68608K)] 454032K->387560K(532992K), 0.0038988 secs] [Times: user=0.01 sys=0.00, real=0.00 secs] 
2230.854: [GC (Allocation Failure) [PSYoungGen: 67968K->1936K(68096K)] 454120K->388600K(532480K), 0.0021325 secs] [Times: user=0.01 sys=0.00, real=0.01 secs] 
2231.743: [GC (Allocation Failure) [PSYoungGen: 67984K->1312K(68608K)] 454648K->387976K(532992K), 0.0040231 secs] [Times: user=0.01 sys=0.00, real=0.01 secs] 
2232.726: [GC (Allocation Failure) [PSYoungGen: 67360K->1344K(67584K)] 454024K->388008K(531968K), 0.0034488 secs] [Times: user=0.02 sys=0.00, real=0.00 secs] 
2233.396: [GC (Allocation Failure) [PSYoungGen: 67392K->1376K(68096K)] 454056K->388040K(532480K), 0.0030257 secs] [Times: user=0.01 sys=0.00, real=0.00 secs] 
2233.988: [GC (Allocation Failure) [PSYoungGen: 67424K->1376K(68096K)] 454088K->388040K(532480K), 0.0029717 secs] [Times: user=0.01 sys=0.00, real=0.00 secs] 
2234.810: [GC (Allocation Failure) [PSYoungGen: 67424K->1408K(68096K)] 454088K->388072K(532480K), 0.0017897 secs] [Times: user=0.00 sys=0.00, real=0.00 secs] 
2235.269: [GC (Allocation Failure) [PSYoungGen: 67456K->1344K(68096K)] 454120K->388008K(532480K), 0.0018812 secs] [Times: user=0.00 sys=0.00, real=0.00 secs] 
2235.994: [GC (Allocation Failure) [PSYoungGen: 67392K->1344K(68096K)] 454056K->388008K(532480K), 0.0033664 secs] [Times: user=0.01 sys=0.00, real=0.01 secs] 
2236.819: [GC (Allocation Failure) [PSYoungGen: 67392K->1376K(68096K)] 454056K->388040K(532480K), 0.0041794 secs] [Times: user=0.02 sys=0.00, real=0.00 secs] 
2238.738: [GC (Allocation Failure) [PSYoungGen: 67424K->1600K(68096K)] 454088K->388264K(532480K), 0.0045274 secs] [Times: user=0.02 sys=0.00, real=0.00 secs] 
2242.237: [GC (Allocation Failure) [PSYoungGen: 67648K->1344K(68096K)] 454312K->388008K(532480K), 0.0042394 secs] [Times: user=0.01 sys=0.00, real=0.00 secs] 
2243.172: [GC (Allocation Failure) [PSYoungGen: 67392K->1376K(68096K)] 454056K->388040K(532480K), 0.0034390 secs] [Times: user=0.01 sys=0.00, real=0.00 secs] 
2243.626: [GC (Allocation Failure) [PSYoungGen: 67424K->1344K(68096K)] 454088K->388008K(532480K), 0.0020144 secs] [Times: user=0.01 sys=0.00, real=0.00 secs] 
2244.068: [GC (Allocation Failure) [PSYoungGen: 67392K->1376K(68096K)] 454056K->388040K(532480K), 0.0021891 secs] [Times: user=0.01 sys=0.00, real=0.00 secs] 
2245.110: [GC (Allocation Failure) [PSYoungGen: 67424K->1424K(68096K)] 454088K->388088K(532480K), 0.0021882 secs] [Times: user=0.01 sys=0.00, real=0.00 secs] 
2245.874: [GC (Allocation Failure) [PSYoungGen: 67472K->1328K(68096K)] 454136K->388000K(532480K), 0.0044866 secs] [Times: user=0.02 sys=0.00, real=0.01 secs] 
2246.751: [GC (Allocation Failure) [PSYoungGen: 67376K->1376K(68096K)] 454048K->388048K(532480K), 0.0041193 secs] [Times: user=0.02 sys=0.00, real=0.00 secs] 
2247.544: [GC (Allocation Failure) [PSYoungGen: 67424K->1376K(68096K)] 454096K->388048K(532480K), 0.0032223 secs] [Times: user=0.01 sys=0.00, real=0.01 secs] 
2248.556: [GC (Allocation Failure) [PSYoungGen: 67152K->224K(68096K)] 453824K->386896K(532480K), 0.0016103 secs] [Times: user=0.00 sys=0.00, real=0.01 secs] 
2249.019: [GC (Allocation Failure) [PSYoungGen: 66272K->1376K(68096K)] 452944K->388048K(532480K), 0.0019883 secs] [Times: user=0.01 sys=0.00, real=0.00 secs] 
2249.294: [GC (Allocation Failure) [PSYoungGen: 67424K->1312K(68096K)] 454096K->387984K(532480K), 0.0019461 secs] [Times: user=0.01 sys=0.00, real=0.01 secs] 
2249.568: [GC (Allocation Failure) [PSYoungGen: 67360K->1344K(68096K)] 454032K->388016K(532480K), 0.0019551 secs] [Times: user=0.01 sys=0.00, real=0.00 secs] 
2249.843: [GC (Allocation Failure) [PSYoungGen: 67392K->1328K(68096K)] 454064K->388000K(532480K), 0.0031100 secs] [Times: user=0.02 sys=0.00, real=0.01 secs] 
2251.043: [GC (Allocation Failure) [PSYoungGen: 67376K->1376K(68096K)] 454048K->388048K(532480K), 0.0024027 secs] [Times: user=0.01 sys=0.00, real=0.00 secs] 
2251.688: [GC (Allocation Failure) [PSYoungGen: 67424K->1376K(68096K)] 454096K->388048K(532480K), 0.0024836 secs] [Times: user=0.01 sys=0.00, real=0.00 secs] 
2252.486: [GC (Allocation Failure) [PSYoungGen: 67424K->1312K(68096K)] 454096K->387992K(532480K), 0.0041390 secs] [Times: user=0.02 sys=0.00, real=0.00 secs] 
2253.279: [GC (Allocation Failure) [PSYoungGen: 67360K->1376K(68096K)] 454040K->388056K(532480K), 0.0028550 secs] [Times: user=0.02 sys=0.00, real=0.00 secs] 
2254.468: [GC (Allocation Failure) [PSYoungGen: 67424K->1373K(68096K)] 454104K->388053K(532480K), 0.0015631 secs] [Times: user=0.01 sys=0.00, real=0.00 secs] 
2255.832: [GC (Allocation Failure) [PSYoungGen: 67421K->1376K(68096K)] 454101K->388056K(532480K), 0.0030072 secs] [Times: user=0.02 sys=0.00, real=0.00 secs] 
2256.660: [GC (Allocation Failure) [PSYoungGen: 67424K->1344K(68096K)] 454104K->388024K(532480K), 0.0032048 secs] [Times: user=0.01 sys=0.00, real=0.00 secs] 
2257.397: [GC (Allocation Failure) [PSYoungGen: 67392K->1376K(68096K)] 454072K->388056K(532480K), 0.0033855 secs] [Times: user=0.01 sys=0.00, real=0.00 secs] 
2257.887: [GC (Allocation Failure) [PSYoungGen: 67424K->1376K(68096K)] 454104K->388056K(532480K), 0.0024660 secs] [Times: user=0.01 sys=0.00, real=0.00 secs] 
2258.899: [GC (Allocation Failure) [PSYoungGen: 67424K->1376K(68096K)] 454104K->388056K(532480K), 0.0017306 secs] [Times: user=0.01 sys=0.00, real=0.00 secs] 
2259.489: [GC (Allocation Failure) [PSYoungGen: 67424K->1344K(68096K)] 454104K->388024K(532480K), 0.0034567 secs] [Times: user=0.01 sys=0.00, real=0.00 secs] 
2260.012: [GC (Allocation Failure) [PSYoungGen: 67392K->1376K(67584K)] 454072K->388056K(531968K), 0.0027557 secs] [Times: user=0.01 sys=0.00, real=0.00 secs] 
2260.506: [GC (Allocation Failure) [PSYoungGen: 67424K->1344K(67584K)] 454104K->388024K(531968K), 0.0026640 secs] [Times: user=0.01 sys=0.00, real=0.01 secs] 
2261.469: [GC (Allocation Failure) [PSYoungGen: 67392K->365K(67072K)] 454072K->388069K(531456K), 0.0014908 secs] [Times: user=0.01 sys=0.00, real=0.00 secs] 
2262.756: [GC (Allocation Failure) [PSYoungGen: 66413K->1376K(68096K)] 454117K->389080K(532480K), 0.0025656 secs] [Times: user=0.01 sys=0.00, real=0.01 secs] 
2263.031: [GC (Allocation Failure) [PSYoungGen: 67424K->1376K(68096K)] 455128K->389088K(532480K), 0.0020047 secs] [Times: user=0.00 sys=0.00, real=0.00 secs] 
2263.545: [GC (Allocation Failure) [PSYoungGen: 67424K->1376K(68096K)] 455136K->389088K(532480K), 0.0019539 secs] [Times: user=0.01 sys=0.00, real=0.01 secs] 
2264.043: [GC (Allocation Failure) [PSYoungGen: 67424K->1376K(68096K)] 455136K->389088K(532480K), 0.0021695 secs] [Times: user=0.01 sys=0.00, real=0.00 secs] 
2265.335: [GC (Allocation Failure) [PSYoungGen: 67424K->1408K(68096K)] 455136K->389120K(532480K), 0.0031753 secs] [Times: user=0.02 sys=0.00, real=0.01 secs] 
2265.995: [GC (Allocation Failure) [PSYoungGen: 67456K->1360K(68096K)] 455168K->389072K(532480K), 0.0040971 secs] [Times: user=0.01 sys=0.00, real=0.01 secs] 
2266.596: [GC (Allocation Failure) [PSYoungGen: 67408K->1344K(68096K)] 455120K->389056K(532480K), 0.0032765 secs] [Times: user=0.01 sys=0.00, real=0.00 secs] 
2266.982: [GC (Allocation Failure) [PSYoungGen: 67392K->1376K(68096K)] 455104K->389088K(532480K), 0.0019920 secs] [Times: user=0.00 sys=0.00, real=0.00 secs] 
2267.592: [GC (Allocation Failure) [PSYoungGen: 67424K->1357K(68096K)] 455136K->389069K(532480K), 0.0016103 secs] [Times: user=0.01 sys=0.01, real=0.00 secs] 
2270.356: [GC (Allocation Failure) [PSYoungGen: 67405K->1408K(68096K)] 455117K->389120K(532480K), 0.0044755 secs] [Times: user=0.01 sys=0.00, real=0.01 secs] 
2271.422: [GC (Allocation Failure) [PSYoungGen: 67456K->1328K(68096K)] 455168K->389040K(532480K), 0.0033382 secs] [Times: user=0.01 sys=0.00, real=0.00 secs] 
2272.018: [GC (Allocation Failure) [PSYoungGen: 67376K->1376K(68096K)] 455088K->389088K(532480K), 0.0027910 secs] [Times: user=0.01 sys=0.00, real=0.00 secs] 
2272.532: [GC (Allocation Failure) [PSYoungGen: 67424K->1376K(68096K)] 455136K->389088K(532480K), 0.0025366 secs] [Times: user=0.01 sys=0.00, real=0.00 secs] 
2273.587: [GC (Allocation Failure) [PSYoungGen: 67424K->1408K(68096K)] 455136K->389128K(532480K), 0.0018985 secs] [Times: user=0.01 sys=0.00, real=0.00 secs] 
2274.445: [GC (Allocation Failure) [PSYoungGen: 67456K->1408K(68096K)] 455176K->389128K(532480K), 0.0018501 secs] [Times: user=0.00 sys=0.00, real=0.01 secs] 
2275.359: [GC (Allocation Failure) [PSYoungGen: 67456K->1376K(68096K)] 455176K->389096K(532480K), 0.0024211 secs] [Times: user=0.01 sys=0.00, real=0.00 secs] 
2275.924: [GC (Allocation Failure) [PSYoungGen: 67424K->1344K(68096K)] 455144K->389064K(532480K), 0.0024624 secs] [Times: user=0.01 sys=0.00, real=0.01 secs] 
2276.426: [GC (GCLocker Initiated GC) [PSYoungGen: 67392K->1341K(67584K)] 455112K->389061K(531968K), 0.0034838 secs] [Times: user=0.01 sys=0.00, real=0.00 secs] 
2277.341: [GC (Allocation Failure) [PSYoungGen: 67389K->1408K(67584K)] 455112K->389131K(531968K), 0.0042233 secs] [Times: user=0.02 sys=0.00, real=0.00 secs] 
2277.622: [GC (Allocation Failure) [PSYoungGen: 67456K->336K(67072K)] 455179K->389083K(531456K), 0.0022873 secs] [Times: user=0.01 sys=0.00, real=0.00 secs] 
2277.897: [GC (Allocation Failure) [PSYoungGen: 66384K->368K(68096K)] 455131K->389115K(532480K), 0.0018976 secs] [Times: user=0.01 sys=0.00, real=0.00 secs] 
2278.174: [GC (Allocation Failure) [PSYoungGen: 66416K->368K(68096K)] 455163K->389115K(532480K), 0.0017652 secs] [Times: user=0.01 sys=0.00, real=0.00 secs] 
2279.235: [GC (Allocation Failure) [PSYoungGen: 66416K->1424K(68096K)] 455163K->391195K(532480K), 0.0033619 secs] [Times: user=0.01 sys=0.00, real=0.01 secs] 
2280.144: [GC (Allocation Failure) [PSYoungGen: 67472K->400K(68096K)] 457243K->390171K(532480K), 0.0031789 secs] [Times: user=0.01 sys=0.00, real=0.01 secs] 
2280.984: [GC (Allocation Failure) [PSYoungGen: 66448K->416K(68096K)] 456219K->390203K(532480K), 0.0043450 secs] [Times: user=0.02 sys=0.00, real=0.01 secs] 
2281.598: [GC (Allocation Failure) [PSYoungGen: 66464K->416K(68096K)] 456251K->390203K(532480K), 0.0032619 secs] [Times: user=0.02 sys=0.00, real=0.00 secs] 
2282.149: [GC (Allocation Failure) [PSYoungGen: 66464K->352K(68096K)] 456251K->390139K(532480K), 0.0024750 secs] [Times: user=0.01 sys=0.00, real=0.00 secs] 
2283.115: [GC (Allocation Failure) [PSYoungGen: 66400K->1472K(67584K)] 456187K->391259K(531968K), 0.0020381 secs] [Times: user=0.01 sys=0.00, real=0.01 secs] 
2283.848: [GC (Allocation Failure) [PSYoungGen: 67008K->1424K(68096K)] 456795K->391211K(532480K), 0.0050392 secs] [Times: user=0.02 sys=0.00, real=0.00 secs] 
2284.450: [GC (Allocation Failure) [PSYoungGen: 66960K->1392K(68096K)] 456747K->391179K(532480K), 0.0028067 secs] [Times: user=0.01 sys=0.00, real=0.00 secs] 
2285.051: [GC (Allocation Failure) [PSYoungGen: 66928K->1392K(68096K)] 456715K->391179K(532480K), 0.0030264 secs] [Times: user=0.02 sys=0.00, real=0.00 secs] 
2286.364: [GC (Allocation Failure) [PSYoungGen: 66471K->2480K(67584K)] 456259K->392267K(531968K), 0.0029535 secs] [Times: user=0.01 sys=0.00, real=0.01 secs] 
2287.204: [GC (Allocation Failure) [PSYoungGen: 67504K->1392K(66560K)] 457291K->391179K(530944K), 0.0046750 secs] [Times: user=0.02 sys=0.00, real=0.01 secs] 
2287.836: [GC (Allocation Failure) [PSYoungGen: 66416K->1392K(67584K)] 456203K->391251K(531968K), 0.0032180 secs] [Times: user=0.01 sys=0.00, real=0.00 secs] 
2288.512: [GC (Allocation Failure) [PSYoungGen: 66416K->1376K(67584K)] 456275K->391235K(531968K), 0.0034783 secs] [Times: user=0.02 sys=0.00, real=0.01 secs] 
2289.358: [GC (Allocation Failure) [PSYoungGen: 66400K->1312K(67584K)] 456259K->391171K(531968K), 0.0033764 secs] [Times: user=0.02 sys=0.00, real=0.00 secs] 
2290.446: [GC (Allocation Failure) [PSYoungGen: 66336K->1440K(67584K)] 456195K->391299K(531968K), 0.0019890 secs] [Times: user=0.01 sys=0.00, real=0.00 secs] 
2291.037: [GC (Allocation Failure) [PSYoungGen: 66464K->1376K(67584K)] 456323K->391235K(531968K), 0.0020345 secs] [Times: user=0.01 sys=0.00, real=0.00 secs] 
2291.474: [GC (Allocation Failure) [PSYoungGen: 66400K->1392K(67584K)] 456259K->391259K(531968K), 0.0022966 secs] [Times: user=0.01 sys=0.00, real=0.01 secs] 
2291.850: [GC (Allocation Failure) [PSYoungGen: 66416K->1344K(67584K)] 456283K->391211K(531968K), 0.0021564 secs] [Times: user=0.01 sys=0.00, real=0.00 secs] 
2292.727: [GC (Allocation Failure) [PSYoungGen: 66368K->1373K(66560K)] 456235K->391240K(530944K), 0.0016266 secs] [Times: user=0.01 sys=0.00, real=0.00 secs] 
2293.104: [GC (Allocation Failure) [PSYoungGen: 66397K->1408K(67072K)] 456264K->391275K(531456K), 0.0019093 secs] [Times: user=0.01 sys=0.00, real=0.01 secs] 
2293.374: [GC (Allocation Failure) [PSYoungGen: 66432K->1376K(67072K)] 456299K->391251K(531456K), 0.0017955 secs] [Times: user=0.01 sys=0.00, real=0.01 secs] 
2293.644: [GC (Allocation Failure) [PSYoungGen: 66400K->1376K(67072K)] 456275K->391251K(531456K), 0.0018014 secs] [Times: user=0.01 sys=0.00, real=0.01 secs] 
2293.913: [GC (Allocation Failure) [PSYoungGen: 66400K->1312K(67072K)] 456275K->391187K(531456K), 0.0018594 secs] [Times: user=0.00 sys=0.00, real=0.00 secs] 
2294.703: [GC (Allocation Failure) [PSYoungGen: 66336K->1408K(67072K)] 456211K->391283K(531456K), 0.0017591 secs] [Times: user=0.00 sys=0.00, real=0.00 secs] 
2294.973: [GC (Allocation Failure) [PSYoungGen: 66432K->1408K(67072K)] 456307K->391283K(531456K), 0.0018855 secs] [Times: user=0.00 sys=0.00, real=0.00 secs] 
2295.243: [GC (Allocation Failure) [PSYoungGen: 66432K->1328K(67072K)] 456307K->391203K(531456K), 0.0019408 secs] [Times: user=0.01 sys=0.00, real=0.00 secs] 
2295.513: [GC (Allocation Failure) [PSYoungGen: 66352K->1344K(67072K)] 456227K->391227K(531456K), 0.0017118 secs] [Times: user=0.01 sys=0.00, real=0.00 secs] 
2295.878: [GC (Allocation Failure) [PSYoungGen: 66368K->1360K(67072K)] 456251K->391243K(531456K), 0.0015388 secs] [Times: user=0.01 sys=0.00, real=0.00 secs] 
2296.750: [GC (Allocation Failure) [PSYoungGen: 66384K->1408K(67072K)] 456267K->391299K(531456K), 0.0019499 secs] [Times: user=0.01 sys=0.00, real=0.00 secs] 
2297.325: [GC (Allocation Failure) [PSYoungGen: 66432K->1344K(67072K)] 456323K->391251K(531456K), 0.0020087 secs] [Times: user=0.01 sys=0.00, real=0.01 secs] 
2297.874: [GC (Allocation Failure) [PSYoungGen: 66368K->1376K(67072K)] 456275K->391283K(531456K), 0.0032624 secs] [Times: user=0.01 sys=0.00, real=0.01 secs] 
2298.327: [GC (Allocation Failure) [PSYoungGen: 66400K->1328K(67072K)] 456307K->391235K(531456K), 0.0021816 secs] [Times: user=0.01 sys=0.00, real=0.00 secs] 
2299.291: [GC (Allocation Failure) [PSYoungGen: 66110K->1920K(67072K)] 456017K->392339K(531456K), 0.0027377 secs] [Times: user=0.01 sys=0.00, real=0.00 secs] 
2300.552: [GC (Allocation Failure) [PSYoungGen: 66944K->1376K(67072K)] 457363K->391795K(531456K), 0.0033470 secs] [Times: user=0.01 sys=0.00, real=0.00 secs] 
2301.130: [GC (Allocation Failure) [PSYoungGen: 66400K->1376K(67072K)] 456819K->391795K(531456K), 0.0026901 secs] [Times: user=0.01 sys=0.00, real=0.00 secs] 
2301.619: [GC (Allocation Failure) [PSYoungGen: 66400K->1376K(67072K)] 456819K->391795K(531456K), 0.0024650 secs] [Times: user=0.01 sys=0.00, real=0.00 secs] 
2301.890: [GC (Allocation Failure) [PSYoungGen: 66400K->1376K(67072K)] 456819K->391795K(531456K), 0.0022141 secs] [Times: user=0.01 sys=0.00, real=0.00 secs] 
2302.589: [GC (Allocation Failure) [PSYoungGen: 66400K->1440K(67072K)] 456819K->391859K(531456K), 0.0016407 secs] [Times: user=0.01 sys=0.00, real=0.00 secs] 
2302.864: [GC (Allocation Failure) [PSYoungGen: 66464K->1408K(67072K)] 456883K->391827K(531456K), 0.0017072 secs] [Times: user=0.00 sys=0.00, real=0.01 secs] 
2303.134: [GC (Allocation Failure) [PSYoungGen: 66432K->1376K(67072K)] 456851K->391795K(531456K), 0.0015875 secs] [Times: user=0.01 sys=0.00, real=0.00 secs] 
2303.403: [GC (Allocation Failure) [PSYoungGen: 66400K->1344K(67072K)] 456819K->391763K(531456K), 0.0014913 secs] [Times: user=0.01 sys=0.00, real=0.00 secs] 
2304.023: [GC (Allocation Failure) [PSYoungGen: 66368K->1357K(67072K)] 456787K->391777K(531456K), 0.0015628 secs] [Times: user=0.01 sys=0.00, real=0.00 secs] 
2304.402: [GC (Allocation Failure) [PSYoungGen: 66381K->1376K(67072K)] 456801K->391795K(531456K), 0.0018204 secs] [Times: user=0.00 sys=0.00, real=0.00 secs] 
2304.672: [GC (Allocation Failure) [PSYoungGen: 66400K->1376K(67072K)] 456819K->391795K(531456K), 0.0018156 secs] [Times: user=0.01 sys=0.00, real=0.00 secs] 
2304.942: [GC (Allocation Failure) [PSYoungGen: 66400K->1376K(67072K)] 456819K->391795K(531456K), 0.0018325 secs] [Times: user=0.01 sys=0.00, real=0.00 secs] 
2305.211: [GC (Allocation Failure) [PSYoungGen: 66400K->1424K(67072K)] 456819K->391843K(531456K), 0.0018434 secs] [Times: user=0.01 sys=0.00, real=0.00 secs] 
2305.927: [GC (Allocation Failure) [PSYoungGen: 66448K->1408K(66560K)] 456867K->391827K(530944K), 0.0018634 secs] [Times: user=0.00 sys=0.00, real=0.00 secs] 
2306.197: [GC (Allocation Failure) [PSYoungGen: 66432K->1408K(66560K)] 456851K->391827K(530944K), 0.0018540 secs] [Times: user=0.01 sys=0.00, real=0.00 secs] 
2306.468: [GC (Allocation Failure) [PSYoungGen: 66432K->1376K(66560K)] 456851K->391819K(530944K), 0.0018926 secs] [Times: user=0.01 sys=0.00, real=0.00 secs] 
2306.743: [GC (Allocation Failure) [PSYoungGen: 66400K->1408K(66560K)] 456843K->391851K(530944K), 0.0026851 secs] [Times: user=0.01 sys=0.00, real=0.01 secs] 
2307.073: [GC (Allocation Failure) [PSYoungGen: 66432K->1389K(66560K)] 456875K->391833K(530944K), 0.0018477 secs] [Times: user=0.00 sys=0.00, real=0.00 secs] 
2308.261: [GC (Allocation Failure) [PSYoungGen: 66413K->1408K(66560K)] 456857K->391851K(530944K), 0.0026096 secs] [Times: user=0.01 sys=0.00, real=0.00 secs] 
2309.051: [GC (Allocation Failure) [PSYoungGen: 66432K->1344K(66560K)] 456875K->391787K(530944K), 0.0033058 secs] [Times: user=0.01 sys=0.01, real=0.00 secs] 
2309.844: [GC (Allocation Failure) [PSYoungGen: 66368K->1328K(66560K)] 456811K->391771K(530944K), 0.0032837 secs] [Times: user=0.01 sys=0.00, real=0.01 secs] 
2310.701: [GC (Allocation Failure) [PSYoungGen: 66352K->1376K(66560K)] 456795K->391819K(530944K), 0.0043415 secs] [Times: user=0.01 sys=0.00, real=0.00 secs] 
2311.888: [GC (Allocation Failure) [PSYoungGen: 66400K->1424K(66560K)] 456843K->392891K(530944K), 0.0018479 secs] [Times: user=0.01 sys=0.00, real=0.00 secs] 
2312.154: [GC (Allocation Failure) [PSYoungGen: 66448K->1408K(66560K)] 457915K->392875K(530944K), 0.0018703 secs] [Times: user=0.01 sys=0.00, real=0.00 secs] 
2312.424: [GC (Allocation Failure) [PSYoungGen: 66432K->1344K(66560K)] 457899K->392811K(530944K), 0.0018192 secs] [Times: user=0.00 sys=0.00, real=0.00 secs] 
2312.700: [GC (Allocation Failure) [PSYoungGen: 66368K->1344K(66560K)] 457835K->392811K(530944K), 0.0027631 secs] [Times: user=0.02 sys=0.00, real=0.00 secs] 
2312.975: [GC (Allocation Failure) [PSYoungGen: 66368K->1376K(66560K)] 457835K->392843K(530944K), 0.0025962 secs] [Times: user=0.01 sys=0.00, real=0.01 secs] 
2314.106: [GC (Allocation Failure) [PSYoungGen: 66400K->1376K(66560K)] 457867K->392843K(530944K), 0.0021110 secs] [Times: user=0.01 sys=0.00, real=0.00 secs] 
2314.985: [GC (Allocation Failure) [PSYoungGen: 66400K->1344K(66560K)] 457867K->392811K(530944K), 0.0063225 secs] [Times: user=0.02 sys=0.01, real=0.01 secs] 
2315.548: [GC (Allocation Failure) [PSYoungGen: 66368K->1376K(66560K)] 457835K->392843K(530944K), 0.0032589 secs] [Times: user=0.01 sys=0.00, real=0.00 secs] 
2316.238: [GC (Allocation Failure) [PSYoungGen: 66400K->1376K(66560K)] 457867K->392843K(530944K), 0.0029451 secs] [Times: user=0.01 sys=0.00, real=0.00 secs] 
2317.328: [GC (Allocation Failure) [PSYoungGen: 66400K->1373K(66560K)] 457867K->392841K(530944K), 0.0015946 secs] [Times: user=0.00 sys=0.00, real=0.00 secs] 
2318.407: [GC (Allocation Failure) [PSYoungGen: 66397K->1408K(66560K)] 457865K->392875K(530944K), 0.0021787 secs] [Times: user=0.01 sys=0.00, real=0.00 secs] 
2319.299: [GC (Allocation Failure) [PSYoungGen: 66432K->1376K(66560K)] 457899K->392851K(530944K), 0.0040356 secs] [Times: user=0.02 sys=0.00, real=0.00 secs] 
2320.028: [GC (Allocation Failure) [PSYoungGen: 66400K->1376K(66560K)] 457875K->392851K(530944K), 0.0030648 secs] [Times: user=0.01 sys=0.00, real=0.00 secs] 
2320.705: [GC (Allocation Failure) [PSYoungGen: 66400K->1344K(66560K)] 457875K->392819K(530944K), 0.0030042 secs] [Times: user=0.02 sys=0.00, real=0.01 secs] 
2321.709: [GC (Allocation Failure) [PSYoungGen: 66368K->1376K(66560K)] 457843K->392859K(530944K), 0.0018374 secs] [Times: user=0.01 sys=0.00, real=0.00 secs] 
2322.192: [GC (Allocation Failure) [PSYoungGen: 66400K->1376K(66560K)] 457883K->392859K(530944K), 0.0029990 secs] [Times: user=0.01 sys=0.00, real=0.00 secs] 
2322.718: [GC (Allocation Failure) [PSYoungGen: 66400K->1344K(66560K)] 457883K->392827K(530944K), 0.0020750 secs] [Times: user=0.01 sys=0.00, real=0.00 secs] 
2323.247: [GC (Allocation Failure) [PSYoungGen: 66368K->1376K(66560K)] 457851K->392859K(530944K), 0.0021684 secs] [Times: user=0.01 sys=0.00, real=0.00 secs] 
2323.865: [GC (Allocation Failure) [PSYoungGen: 66392K->256K(66048K)] 457876K->391739K(530432K), 0.0021986 secs] [Times: user=0.01 sys=0.00, real=0.01 secs] 
2324.612: [GC (Allocation Failure) [PSYoungGen: 64768K->1440K(66560K)] 456251K->392923K(530944K), 0.0019290 secs] [Times: user=0.00 sys=0.00, real=0.00 secs] 
2324.880: [GC (Allocation Failure) [PSYoungGen: 65952K->1344K(66560K)] 457435K->392827K(530944K), 0.0020291 secs] [Times: user=0.01 sys=0.00, real=0.00 secs] 
2325.149: [GC (Allocation Failure) [PSYoungGen: 65856K->1376K(66560K)] 457339K->392859K(530944K), 0.0020279 secs] [Times: user=0.01 sys=0.00, real=0.00 secs] 
2325.417: [GC (Allocation Failure) [PSYoungGen: 65888K->1376K(66560K)] 457371K->392859K(530944K), 0.0018520 secs] [Times: user=0.01 sys=0.00, real=0.00 secs] 
2326.770: [GC (Allocation Failure) [PSYoungGen: 65888K->1888K(66560K)] 457371K->393371K(530944K), 0.0019830 secs] [Times: user=0.00 sys=0.00, real=0.00 secs] 
2327.040: [GC (Allocation Failure) [PSYoungGen: 66400K->1376K(66560K)] 457883K->392859K(530944K), 0.0018526 secs] [Times: user=0.01 sys=0.00, real=0.00 secs] 
2327.315: [GC (Allocation Failure) [PSYoungGen: 65888K->1344K(66560K)] 457371K->392827K(530944K), 0.0018148 secs] [Times: user=0.00 sys=0.00, real=0.01 secs] 
2327.767: [GC (Allocation Failure) [PSYoungGen: 65856K->1344K(66560K)] 457339K->392827K(530944K), 0.0020641 secs] [Times: user=0.00 sys=0.00, real=0.00 secs] 
2328.316: [GC (Allocation Failure) [PSYoungGen: 65856K->1376K(66560K)] 457339K->392859K(530944K), 0.0023887 secs] [Times: user=0.01 sys=0.00, real=0.00 secs] 
2329.370: [GC (Allocation Failure) [PSYoungGen: 65888K->1376K(66560K)] 457371K->392883K(530944K), 0.0017490 secs] [Times: user=0.00 sys=0.00, real=0.00 secs] 
2329.744: [GC (Allocation Failure) [PSYoungGen: 65888K->1344K(66560K)] 457395K->392851K(530944K), 0.0023060 secs] [Times: user=0.01 sys=0.00, real=0.01 secs] 
2330.013: [GC (Allocation Failure) [PSYoungGen: 65856K->1376K(66560K)] 457363K->392883K(530944K), 0.0022029 secs] [Times: user=0.01 sys=0.00, real=0.00 secs] 
2330.282: [GC (Allocation Failure) [PSYoungGen: 65888K->1344K(66560K)] 457395K->392851K(530944K), 0.0020144 secs] [Times: user=0.01 sys=0.00, real=0.00 secs] 
2330.776: [GC (Allocation Failure) [PSYoungGen: 65856K->1373K(66560K)] 457363K->392881K(530944K), 0.0014954 secs] [Times: user=0.01 sys=0.00, real=0.00 secs] 
2332.950: [GC (Allocation Failure) [PSYoungGen: 65885K->1376K(66560K)] 457393K->392883K(530944K), 0.0041710 secs] [Times: user=0.01 sys=0.00, real=0.00 secs] 
2333.853: [GC (Allocation Failure) [PSYoungGen: 65888K->1376K(66048K)] 457395K->392883K(530432K), 0.0025056 secs] [Times: user=0.01 sys=0.00, real=0.01 secs] 
2334.232: [GC (Allocation Failure) [PSYoungGen: 65888K->1360K(66048K)] 457395K->392867K(530432K), 0.0022735 secs] [Times: user=0.01 sys=0.00, real=0.00 secs] 
2334.526: [GC (Allocation Failure) [PSYoungGen: 65872K->352K(65536K)] 457379K->392883K(529920K), 0.0022390 secs] [Times: user=0.01 sys=0.00, real=0.00 secs] 
2335.872: [GC (Allocation Failure) [PSYoungGen: 64864K->1376K(66560K)] 457395K->394931K(530944K), 0.0042717 secs] [Times: user=0.02 sys=0.00, real=0.01 secs] 
2336.982: [GC (Allocation Failure) [PSYoungGen: 65888K->384K(66560K)] 459443K->393939K(530944K), 0.0044717 secs] [Times: user=0.01 sys=0.00, real=0.01 secs] 
2337.732: [GC (Allocation Failure) [PSYoungGen: 64896K->352K(66560K)] 458451K->393907K(530944K), 0.0033688 secs] [Times: user=0.02 sys=0.00, real=0.00 secs] 
2338.033: [GC (Allocation Failure) [PSYoungGen: 64864K->352K(66560K)] 458419K->393907K(530944K), 0.0020922 secs] [Times: user=0.01 sys=0.00, real=0.00 secs] 
2338.493: [GC (Allocation Failure) [PSYoungGen: 64864K->352K(66560K)] 458419K->393907K(530944K), 0.0022391 secs] [Times: user=0.01 sys=0.00, real=0.00 secs] 
2339.418: [GC (Allocation Failure) [PSYoungGen: 64864K->1440K(66560K)] 458419K->394995K(530944K), 0.0019247 secs] [Times: user=0.00 sys=0.00, real=0.00 secs] 
2339.945: [GC (Allocation Failure) [PSYoungGen: 65952K->1344K(66560K)] 459507K->394899K(530944K), 0.0031796 secs] [Times: user=0.01 sys=0.00, real=0.01 secs] 
2340.257: [GC (Allocation Failure) [PSYoungGen: 65856K->1312K(66560K)] 459411K->394867K(530944K), 0.0025134 secs] [Times: user=0.01 sys=0.00, real=0.00 secs] 
2340.544: [GC (Allocation Failure) [PSYoungGen: 65824K->1344K(66560K)] 459379K->394899K(530944K), 0.0019351 secs] [Times: user=0.01 sys=0.00, real=0.00 secs] 
2341.203: [GC (Allocation Failure) [PSYoungGen: 65856K->1405K(67072K)] 459411K->394969K(531456K), 0.0016251 secs] [Times: user=0.01 sys=0.00, real=0.00 secs] 
2342.616: [GC (Allocation Failure) [PSYoungGen: 65917K->1392K(67072K)] 459481K->394955K(531456K), 0.0042012 secs] [Times: user=0.02 sys=0.00, real=0.00 secs] 
2343.551: [GC (Allocation Failure) [PSYoungGen: 65904K->1344K(67072K)] 459467K->394907K(531456K), 0.0033859 secs] [Times: user=0.02 sys=0.00, real=0.00 secs] 
2344.101: [GC (Allocation Failure) [PSYoungGen: 65856K->1312K(66048K)] 459419K->394875K(530432K), 0.0041762 secs] [Times: user=0.02 sys=0.00, real=0.00 secs] 
2344.491: [GC (Allocation Failure) [PSYoungGen: 65824K->1376K(66560K)] 459387K->394939K(530944K), 0.0027837 secs] [Times: user=0.01 sys=0.00, real=0.00 secs] 
2345.480: [GC (Allocation Failure) [PSYoungGen: 65888K->1424K(66560K)] 459451K->394987K(530944K), 0.0018271 secs] [Times: user=0.01 sys=0.00, real=0.00 secs] 
2346.073: [GC (Allocation Failure) [PSYoungGen: 65936K->1344K(66560K)] 459499K->394907K(530944K), 0.0033370 secs] [Times: user=0.01 sys=0.00, real=0.01 secs] 
2346.342: [GC (Allocation Failure) [PSYoungGen: 65856K->1344K(66560K)] 459419K->394907K(530944K), 0.0028729 secs] [Times: user=0.01 sys=0.00, real=0.00 secs] 
2346.704: [GC (Allocation Failure) [PSYoungGen: 65856K->1344K(66560K)] 459419K->394907K(530944K), 0.0023038 secs] [Times: user=0.01 sys=0.00, real=0.01 secs] 
2347.186: [GC (Allocation Failure) [PSYoungGen: 65856K->1344K(66560K)] 459419K->394907K(530944K), 0.0020109 secs] [Times: user=0.01 sys=0.00, real=0.00 secs] 
2348.570: [GC (Allocation Failure) [PSYoungGen: 65856K->1408K(66560K)] 459419K->394971K(530944K), 0.0035297 secs] [Times: user=0.01 sys=0.00, real=0.00 secs] 
2349.208: [GC (Allocation Failure) [PSYoungGen: 65920K->1344K(66560K)] 459483K->394907K(530944K), 0.0029247 secs] [Times: user=0.01 sys=0.00, real=0.00 secs] 
2349.867: [GC (Allocation Failure) [PSYoungGen: 65856K->1376K(66560K)] 459419K->394939K(530944K), 0.0028585 secs] [Times: user=0.01 sys=0.00, real=0.00 secs] 
2350.297: [GC (Allocation Failure) [PSYoungGen: 65888K->1376K(66560K)] 459451K->394947K(530944K), 0.0022761 secs] [Times: user=0.01 sys=0.00, real=0.00 secs] 
2351.399: [GC (Allocation Failure) [PSYoungGen: 65888K->1472K(66560K)] 459459K->395043K(530944K), 0.0017617 secs] [Times: user=0.01 sys=0.00, real=0.00 secs] 
2352.182: [GC (Allocation Failure) [PSYoungGen: 65984K->1376K(66560K)] 459555K->394947K(530944K), 0.0021246 secs] [Times: user=0.01 sys=0.00, real=0.00 secs] 
2352.590: [GC (Allocation Failure) [PSYoungGen: 65888K->1312K(66560K)] 459459K->394883K(530944K), 0.0020149 secs] [Times: user=0.01 sys=0.00, real=0.00 secs] 
2353.140: [GC (Allocation Failure) [PSYoungGen: 65824K->1328K(66560K)] 459395K->394899K(530944K), 0.0020889 secs] [Times: user=0.01 sys=0.00, real=0.00 secs] 
2353.762: [GC (Allocation Failure) [PSYoungGen: 65840K->1344K(66560K)] 459411K->394915K(530944K), 0.0022481 secs] [Times: user=0.01 sys=0.00, real=0.00 secs] 
2355.044: [GC (Allocation Failure) [PSYoungGen: 65856K->1424K(66560K)] 459427K->394995K(530944K), 0.0024789 secs] [Times: user=0.01 sys=0.00, real=0.01 secs] 
2355.769: [GC (Allocation Failure) [PSYoungGen: 65936K->1344K(66560K)] 459507K->394915K(530944K), 0.0025961 secs] [Times: user=0.01 sys=0.00, real=0.00 secs] 
2356.352: [GC (Allocation Failure) [PSYoungGen: 65856K->1376K(66560K)] 459427K->394947K(530944K), 0.0027703 secs] [Times: user=0.01 sys=0.00, real=0.00 secs] 
2356.696: [GC (Allocation Failure) [PSYoungGen: 65888K->1376K(66560K)] 459459K->394947K(530944K), 0.0019796 secs] [Times: user=0.01 sys=0.00, real=0.00 secs] 
2357.055: [GC (Allocation Failure) [PSYoungGen: 65888K->1341K(66560K)] 459459K->394913K(530944K), 0.0017853 secs] [Times: user=0.00 sys=0.00, real=0.01 secs] 
2357.983: [GC (Allocation Failure) [PSYoungGen: 65853K->1408K(66560K)] 459425K->394979K(530944K), 0.0020583 secs] [Times: user=0.01 sys=0.00, real=0.00 secs] 
2358.628: [GC (Allocation Failure) [PSYoungGen: 65920K->1376K(66560K)] 459491K->394947K(530944K), 0.0022066 secs] [Times: user=0.01 sys=0.00, real=0.00 secs] 
2359.035: [GC (Allocation Failure) [PSYoungGen: 65888K->1376K(66560K)] 459459K->394947K(530944K), 0.0020781 secs] [Times: user=0.01 sys=0.00, real=0.01 secs] 
2359.865: [GC (Allocation Failure) [PSYoungGen: 65888K->1344K(66048K)] 459459K->394915K(530432K), 0.0037656 secs] [Times: user=0.01 sys=0.00, real=0.01 secs] 
2361.317: [GC (Allocation Failure) [PSYoungGen: 65856K->896K(65536K)] 459427K->395499K(529920K), 0.0022239 secs] [Times: user=0.01 sys=0.00, real=0.00 secs] 
2362.372: [GC (Allocation Failure) [PSYoungGen: 64896K->384K(66048K)] 459499K->394987K(530432K), 0.0040396 secs] [Times: user=0.02 sys=0.00, real=0.01 secs] 
2363.437: [GC (Allocation Failure) [PSYoungGen: 64384K->352K(66048K)] 458987K->394955K(530432K), 0.0036677 secs] [Times: user=0.02 sys=0.00, real=0.00 secs] 
2364.141: [GC (Allocation Failure) [PSYoungGen: 64352K->320K(66048K)] 458955K->394923K(530432K), 0.0022707 secs] [Times: user=0.01 sys=0.00, real=0.00 secs] 
2364.846: [GC (Allocation Failure) [PSYoungGen: 64320K->352K(66048K)] 458923K->394955K(530432K), 0.0023280 secs] [Times: user=0.01 sys=0.00, real=0.00 secs] 
2365.889: [GC (Allocation Failure) [PSYoungGen: 64352K->1376K(66048K)] 458955K->395979K(530432K), 0.0032785 secs] [Times: user=0.01 sys=0.00, real=0.00 secs] 
2366.350: [GC (Allocation Failure) [PSYoungGen: 65376K->1344K(66048K)] 459979K->395947K(530432K), 0.0023280 secs] [Times: user=0.01 sys=0.00, real=0.00 secs] 
2366.986: [GC (Allocation Failure) [PSYoungGen: 65344K->1376K(66048K)] 459947K->395979K(530432K), 0.0028302 secs] [Times: user=0.01 sys=0.00, real=0.01 secs] 
2367.826: [GC (Allocation Failure) [PSYoungGen: 65376K->1312K(66048K)] 459979K->395915K(530432K), 0.0041313 secs] [Times: user=0.02 sys=0.00, real=0.00 secs] 
2368.752: [GC (Allocation Failure) [PSYoungGen: 65312K->1373K(66048K)] 459915K->395977K(530432K), 0.0021448 secs] [Times: user=0.01 sys=0.00, real=0.00 secs] 
2370.141: [GC (Allocation Failure) [PSYoungGen: 65373K->1408K(66048K)] 459977K->396019K(530432K), 0.0041254 secs] [Times: user=0.01 sys=0.00, real=0.00 secs] 
2370.629: [GC (Allocation Failure) [PSYoungGen: 65408K->1344K(66048K)] 460019K->395955K(530432K), 0.0027367 secs] [Times: user=0.01 sys=0.00, real=0.00 secs] 
2371.126: [GC (Allocation Failure) [PSYoungGen: 65344K->1376K(66048K)] 459955K->395987K(530432K), 0.0047240 secs] [Times: user=0.02 sys=0.00, real=0.01 secs] 
2371.451: [GC (Allocation Failure) [PSYoungGen: 65376K->1376K(66048K)] 459987K->395987K(530432K), 0.0026966 secs] [Times: user=0.01 sys=0.00, real=0.00 secs] 
2372.188: [GC (Allocation Failure) [PSYoungGen: 65376K->1920K(65536K)] 459987K->396531K(529920K), 0.0017928 secs] [Times: user=0.00 sys=0.00, real=0.00 secs] 
2372.455: [GC (Allocation Failure) [PSYoungGen: 65408K->1328K(66048K)] 460019K->395947K(530432K), 0.0020556 secs] [Times: user=0.01 sys=0.00, real=0.01 secs] 
2372.820: [GC (Allocation Failure) [PSYoungGen: 64816K->1408K(66048K)] 459435K->396027K(530432K), 0.0018914 secs] [Times: user=0.01 sys=0.00, real=0.00 secs] 
2373.321: [GC (Allocation Failure) [PSYoungGen: 64896K->1344K(65024K)] 459515K->395963K(529408K), 0.0042258 secs] [Times: user=0.02 sys=0.00, real=0.00 secs] 
2373.784: [GC (Allocation Failure) [PSYoungGen: 64832K->1344K(65536K)] 459451K->395963K(529920K), 0.0027197 secs] [Times: user=0.01 sys=0.00, real=0.01 secs] 
2374.680: [GC (Allocation Failure) [PSYoungGen: 64832K->1376K(65536K)] 459451K->395995K(529920K), 0.0020639 secs] [Times: user=0.01 sys=0.00, real=0.00 secs] 
2374.970: [GC (Allocation Failure) [PSYoungGen: 64864K->1376K(65536K)] 459483K->395995K(529920K), 0.0020126 secs] [Times: user=0.01 sys=0.00, real=0.00 secs] 
2375.248: [GC (Allocation Failure) [PSYoungGen: 64864K->1376K(65536K)] 459483K->395995K(529920K), 0.0027043 secs] [Times: user=0.02 sys=0.00, real=0.00 secs] 
2375.577: [GC (Allocation Failure) [PSYoungGen: 64864K->1376K(65536K)] 459483K->395995K(529920K), 0.0031241 secs] [Times: user=0.01 sys=0.00, real=0.00 secs] 
2376.058: [GC (Allocation Failure) [PSYoungGen: 64864K->1344K(65536K)] 459483K->395963K(529920K), 0.0026387 secs] [Times: user=0.01 sys=0.00, real=0.00 secs] 
2377.081: [GC (Allocation Failure) [PSYoungGen: 64832K->1376K(65024K)] 459451K->395995K(529408K), 0.0022720 secs] [Times: user=0.01 sys=0.00, real=0.00 secs] 
2377.346: [GC (Allocation Failure) [PSYoungGen: 64864K->1344K(65024K)] 459483K->395987K(529408K), 0.0022592 secs] [Times: user=0.01 sys=0.00, real=0.00 secs] 
2377.867: [GC (Allocation Failure) [PSYoungGen: 64832K->1376K(65024K)] 459475K->396019K(529408K), 0.0021630 secs] [Times: user=0.01 sys=0.00, real=0.00 secs] 
2378.506: [GC (Allocation Failure) [PSYoungGen: 64864K->1376K(65024K)] 459507K->396019K(529408K), 0.0030107 secs] [Times: user=0.02 sys=0.00, real=0.00 secs] 
2379.478: [GC (Allocation Failure) [PSYoungGen: 64649K->224K(64000K)] 459293K->394867K(528384K), 0.0015184 secs] [Times: user=0.01 sys=0.00, real=0.00 secs] 
2380.084: [GC (Allocation Failure) [PSYoungGen: 63712K->1376K(65536K)] 458355K->396019K(529920K), 0.0019226 secs] [Times: user=0.01 sys=0.00, real=0.00 secs] 
2380.643: [GC (Allocation Failure) [PSYoungGen: 64864K->1344K(65024K)] 459507K->395987K(529408K), 0.0030154 secs] [Times: user=0.02 sys=0.00, real=0.01 secs] 
2381.116: [GC (Allocation Failure) [PSYoungGen: 64832K->1344K(65024K)] 459475K->395987K(529408K), 0.0027490 secs] [Times: user=0.01 sys=0.00, real=0.00 secs] 
2381.636: [GC (Allocation Failure) [PSYoungGen: 64832K->1344K(65024K)] 459475K->395987K(529408K), 0.0032574 secs] [Times: user=0.01 sys=0.00, real=0.00 secs] 
2382.579: [GC (Allocation Failure) [PSYoungGen: 64832K->1408K(65024K)] 459475K->396051K(529408K), 0.0017873 secs] [Times: user=0.00 sys=0.00, real=0.00 secs] 
2383.147: [GC (Allocation Failure) [PSYoungGen: 64896K->1344K(65536K)] 459539K->395987K(529920K), 0.0020392 secs] [Times: user=0.01 sys=0.00, real=0.00 secs] 
2383.525: [GC (Allocation Failure) [PSYoungGen: 64832K->1376K(65536K)] 459475K->396019K(529920K), 0.0024932 secs] [Times: user=0.01 sys=0.00, real=0.01 secs] 
2383.785: [GC (Allocation Failure) [PSYoungGen: 64864K->1376K(65536K)] 459507K->396019K(529920K), 0.0029158 secs] [Times: user=0.01 sys=0.00, real=0.01 secs] 
2384.119: [GC (Allocation Failure) [PSYoungGen: 64864K->1376K(65536K)] 459507K->396019K(529920K), 0.0021069 secs] [Times: user=0.01 sys=0.00, real=0.00 secs] 
2385.153: [GC (Allocation Failure) [PSYoungGen: 64864K->1408K(65536K)] 459507K->396051K(529920K), 0.0021383 secs] [Times: user=0.00 sys=0.00, real=0.00 secs] 
2385.635: [GC (Allocation Failure) [PSYoungGen: 64896K->1408K(65536K)] 459539K->396051K(529920K), 0.0021064 secs] [Times: user=0.01 sys=0.00, real=0.01 secs] 
2386.220: [GC (Allocation Failure) [PSYoungGen: 64896K->1344K(65536K)] 459539K->395987K(529920K), 0.0022650 secs] [Times: user=0.01 sys=0.00, real=0.00 secs] 
2386.838: [GC (Allocation Failure) [PSYoungGen: 64832K->1376K(65536K)] 459475K->396019K(529920K), 0.0032234 secs] [Times: user=0.01 sys=0.00, real=0.00 secs] 
2387.776: [GC (Allocation Failure) [PSYoungGen: 64864K->1373K(65536K)] 459507K->396017K(529920K), 0.0015740 secs] [Times: user=0.00 sys=0.00, real=0.01 secs] 
2388.883: [GC (Allocation Failure) [PSYoungGen: 64861K->1440K(65536K)] 459505K->396083K(529920K), 0.0022165 secs] [Times: user=0.01 sys=0.00, real=0.00 secs] 
2389.661: [GC (Allocation Failure) [PSYoungGen: 64928K->1376K(65536K)] 459571K->396035K(529920K), 0.0025546 secs] [Times: user=0.01 sys=0.00, real=0.00 secs] 
2390.184: [GC (Allocation Failure) [PSYoungGen: 64864K->1376K(65536K)] 459523K->396035K(529920K), 0.0024668 secs] [Times: user=0.01 sys=0.00, real=0.01 secs] 
2390.713: [GC (Allocation Failure) [PSYoungGen: 64864K->1408K(65536K)] 459523K->396067K(529920K), 0.0026251 secs] [Times: user=0.01 sys=0.00, real=0.00 secs] 
2391.958: [GC (Allocation Failure) [PSYoungGen: 64896K->1968K(65536K)] 459555K->397139K(529920K), 0.0018699 secs] [Times: user=0.00 sys=0.00, real=0.00 secs] 
2392.662: [GC (Allocation Failure) [PSYoungGen: 65456K->1376K(65536K)] 460627K->396547K(529920K), 0.0032675 secs] [Times: user=0.01 sys=0.00, real=0.00 secs] 
2392.995: [GC (Allocation Failure) [PSYoungGen: 64864K->1376K(65536K)] 460035K->396547K(529920K), 0.0021177 secs] [Times: user=0.01 sys=0.00, real=0.01 secs] 
2393.368: [GC (Allocation Failure) [PSYoungGen: 64864K->1376K(65536K)] 460035K->396547K(529920K), 0.0019526 secs] [Times: user=0.01 sys=0.00, real=0.00 secs] 
2393.631: [GC (Allocation Failure) [PSYoungGen: 64864K->1344K(65536K)] 460035K->396515K(529920K), 0.0020246 secs] [Times: user=0.01 sys=0.00, real=0.00 secs] 
2394.743: [GC (Allocation Failure) [PSYoungGen: 64832K->1408K(65536K)] 460003K->396579K(529920K), 0.0022727 secs] [Times: user=0.01 sys=0.00, real=0.00 secs] 
2395.354: [GC (Allocation Failure) [PSYoungGen: 64896K->1376K(65536K)] 460067K->396547K(529920K), 0.0030319 secs] [Times: user=0.01 sys=0.00, real=0.01 secs] 
2396.010: [GC (Allocation Failure) [PSYoungGen: 64864K->1344K(65536K)] 460035K->396515K(529920K), 0.0030959 secs] [Times: user=0.01 sys=0.00, real=0.00 secs] 
2396.371: [GC (Allocation Failure) [PSYoungGen: 64832K->1376K(65536K)] 460003K->396547K(529920K), 0.0024548 secs] [Times: user=0.01 sys=0.00, real=0.00 secs] 
2396.828: [GC (Allocation Failure) [PSYoungGen: 64846K->256K(65536K)] 460018K->395427K(529920K), 0.0023139 secs] [Times: user=0.01 sys=0.00, real=0.00 secs] 
2398.126: [GC (Allocation Failure) [PSYoungGen: 63744K->1392K(65536K)] 458915K->396563K(529920K), 0.0022019 secs] [Times: user=0.01 sys=0.00, real=0.00 secs] 
2398.922: [GC (Allocation Failure) [PSYoungGen: 64880K->1360K(65536K)] 460051K->396531K(529920K), 0.0031790 secs] [Times: user=0.01 sys=0.00, real=0.00 secs] 
2399.929: [GC (Allocation Failure) [PSYoungGen: 64848K->1360K(65536K)] 460019K->396531K(529920K), 0.0035011 secs] [Times: user=0.02 sys=0.00, real=0.00 secs] 
2400.777: [GC (Allocation Failure) [PSYoungGen: 64848K->1376K(65536K)] 460019K->396555K(529920K), 0.0044820 secs] [Times: user=0.02 sys=0.00, real=0.00 secs] 
2401.908: [GC (Allocation Failure) [PSYoungGen: 64570K->192K(65536K)] 459750K->395371K(529920K), 0.0015323 secs] [Times: user=0.01 sys=0.00, real=0.00 secs] 
2402.201: [GC (Allocation Failure) [PSYoungGen: 63680K->1392K(65536K)] 458859K->396571K(529920K), 0.0019910 secs] [Times: user=0.01 sys=0.00, real=0.00 secs] 
2402.465: [GC (Allocation Failure) [PSYoungGen: 64880K->1376K(65536K)] 460059K->396555K(529920K), 0.0018811 secs] [Times: user=0.01 sys=0.00, real=0.01 secs] 
2402.759: [GC (Allocation Failure) [PSYoungGen: 64864K->1376K(65536K)] 460043K->396555K(529920K), 0.0019896 secs] [Times: user=0.01 sys=0.00, real=0.00 secs] 
2403.236: [GC (Allocation Failure) [PSYoungGen: 64864K->1376K(65536K)] 460043K->396555K(529920K), 0.0020553 secs] [Times: user=0.01 sys=0.00, real=0.00 secs] 
2404.150: [GC (Allocation Failure) [PSYoungGen: 64864K->1344K(65536K)] 460043K->396523K(529920K), 0.0016614 secs] [Times: user=0.00 sys=0.00, real=0.00 secs] 
2404.610: [GC (Allocation Failure) [PSYoungGen: 64832K->1376K(65536K)] 460011K->396555K(529920K), 0.0028453 secs] [Times: user=0.01 sys=0.00, real=0.00 secs] 
2404.869: [GC (Allocation Failure) [PSYoungGen: 64864K->1376K(65536K)] 460043K->396555K(529920K), 0.0021709 secs] [Times: user=0.01 sys=0.00, real=0.00 secs] 
2405.133: [GC (Allocation Failure) [PSYoungGen: 64864K->1376K(65536K)] 460043K->396555K(529920K), 0.0024347 secs] [Times: user=0.01 sys=0.00, real=0.00 secs] 
2405.397: [GC (Allocation Failure) [PSYoungGen: 64864K->1344K(65536K)] 460043K->396523K(529920K), 0.0019495 secs] [Times: user=0.00 sys=0.00, real=0.00 secs] 
2406.630: [GC (Allocation Failure) [PSYoungGen: 64832K->1376K(65536K)] 460011K->396555K(529920K), 0.0043266 secs] [Times: user=0.02 sys=0.00, real=0.00 secs] 
2407.361: [GC (Allocation Failure) [PSYoungGen: 64864K->1376K(65536K)] 460043K->396555K(529920K), 0.0052782 secs] [Times: user=0.02 sys=0.00, real=0.01 secs] 
2408.014: [GC (Allocation Failure) [PSYoungGen: 64864K->1344K(65536K)] 460043K->396523K(529920K), 0.0036621 secs] [Times: user=0.02 sys=0.00, real=0.01 secs] 
2408.535: [GC (Allocation Failure) [PSYoungGen: 64832K->1344K(65536K)] 460011K->396523K(529920K), 0.0027078 secs] [Times: user=0.01 sys=0.00, real=0.01 secs] 
2409.272: [GC (Allocation Failure) [PSYoungGen: 64832K->1373K(65536K)] 460011K->396577K(529920K), 0.0015687 secs] [Times: user=0.01 sys=0.00, real=0.00 secs] 
2410.171: [GC (Allocation Failure) [PSYoungGen: 64861K->1376K(65536K)] 460065K->396579K(529920K), 0.0020020 secs] [Times: user=0.01 sys=0.00, real=0.00 secs] 
2410.786: [GC (Allocation Failure) [PSYoungGen: 64864K->1376K(65536K)] 460067K->396579K(529920K), 0.0031125 secs] [Times: user=0.01 sys=0.00, real=0.00 secs] 
2411.605: [GC (Allocation Failure) [PSYoungGen: 64864K->1344K(65536K)] 460067K->396547K(529920K), 0.0042517 secs] [Times: user=0.02 sys=0.00, real=0.01 secs] 
2412.395: [GC (Allocation Failure) [PSYoungGen: 64832K->1312K(65536K)] 460035K->396515K(529920K), 0.0039698 secs] [Times: user=0.01 sys=0.00, real=0.01 secs] 
2413.492: [GC (Allocation Failure) [PSYoungGen: 64625K->1936K(65536K)] 459828K->397651K(529920K), 0.0021025 secs] [Times: user=0.00 sys=0.00, real=0.00 secs] 
2414.245: [GC (Allocation Failure) [PSYoungGen: 65424K->1360K(65536K)] 461139K->397075K(529920K), 0.0024513 secs] [Times: user=0.01 sys=0.00, real=0.01 secs] 
2414.962: [GC (Allocation Failure) [PSYoungGen: 64848K->1344K(65536K)] 460563K->397059K(529920K), 0.0037807 secs] [Times: user=0.02 sys=0.00, real=0.01 secs] 
2415.668: [GC (Allocation Failure) [PSYoungGen: 64832K->1344K(65536K)] 460547K->397059K(529920K), 0.0041082 secs] [Times: user=0.02 sys=0.00, real=0.00 secs] 
2416.278: [GC (Allocation Failure) [PSYoungGen: 64832K->1344K(65536K)] 460547K->397059K(529920K), 0.0032281 secs] [Times: user=0.01 sys=0.00, real=0.00 secs] 
2417.324: [GC (Allocation Failure) [PSYoungGen: 64832K->1376K(65536K)] 460547K->397091K(529920K), 0.0032837 secs] [Times: user=0.01 sys=0.00, real=0.01 secs] 
2418.035: [GC (Allocation Failure) [PSYoungGen: 64864K->1376K(65536K)] 460579K->397099K(529920K), 0.0032481 secs] [Times: user=0.02 sys=0.00, real=0.01 secs] 
2418.827: [GC (Allocation Failure) [PSYoungGen: 64864K->1376K(65536K)] 460587K->397099K(529920K), 0.0044458 secs] [Times: user=0.02 sys=0.00, real=0.00 secs] 
2419.800: [GC (Allocation Failure) [PSYoungGen: 64864K->1344K(65536K)] 460587K->397075K(529920K), 0.0035016 secs] [Times: user=0.02 sys=0.00, real=0.00 secs] 
2420.882: [GC (Allocation Failure) [PSYoungGen: 64832K->272K(65536K)] 460563K->396003K(529920K), 0.0047580 secs] [Times: user=0.02 sys=0.00, real=0.01 secs] 
2422.028: [GC (Allocation Failure) [PSYoungGen: 63760K->1392K(65536K)] 459491K->397139K(529920K), 0.0021610 secs] [Times: user=0.00 sys=0.00, real=0.00 secs] 
2422.292: [GC (Allocation Failure) [PSYoungGen: 64880K->1360K(65536K)] 460627K->397115K(529920K), 0.0022761 secs] [Times: user=0.01 sys=0.00, real=0.00 secs] 
2422.588: [GC (Allocation Failure) [PSYoungGen: 64848K->1376K(65536K)] 460603K->397131K(529920K), 0.0028215 secs] [Times: user=0.02 sys=0.00, real=0.00 secs] 
2422.909: [GC (Allocation Failure) [PSYoungGen: 64864K->1328K(65536K)] 460619K->397083K(529920K), 0.0020339 secs] [Times: user=0.01 sys=0.00, real=0.00 secs] 
2423.668: [GC (Allocation Failure) [PSYoungGen: 64816K->1408K(65536K)] 460571K->397163K(529920K), 0.0018006 secs] [Times: user=0.01 sys=0.01, real=0.00 secs] 
2424.005: [GC (Allocation Failure) [PSYoungGen: 64896K->1344K(65536K)] 460651K->397099K(529920K), 0.0018497 secs] [Times: user=0.01 sys=0.00, real=0.01 secs] 
2424.269: [GC (Allocation Failure) [PSYoungGen: 64832K->1376K(65536K)] 460587K->397131K(529920K), 0.0060951 secs] [Times: user=0.03 sys=0.00, real=0.00 secs] 
2424.585: [GC (Allocation Failure) [PSYoungGen: 64864K->1376K(65536K)] 460619K->397131K(529920K), 0.0024315 secs] [Times: user=0.00 sys=0.01, real=0.01 secs] 
2424.877: [GC (Allocation Failure) [PSYoungGen: 64864K->1344K(72192K)] 460619K->397099K(536576K), 0.0021901 secs] [Times: user=0.01 sys=0.00, real=0.00 secs] 
2426.007: [GC (Allocation Failure) [PSYoungGen: 71488K->1376K(72192K)] 467243K->397139K(536576K), 0.0019022 secs] [Times: user=0.01 sys=0.00, real=0.00 secs] 
2426.309: [GC (Allocation Failure) [PSYoungGen: 71520K->1392K(71168K)] 467283K->397155K(535552K), 0.0019295 secs] [Times: user=0.01 sys=0.00, real=0.00 secs] 
2426.725: [GC (Allocation Failure) [PSYoungGen: 71024K->1376K(78336K)] 466787K->397139K(542720K), 0.0034465 secs] [Times: user=0.01 sys=0.00, real=0.01 secs] 
2427.357: [GC (Allocation Failure) [PSYoungGen: 77664K->1376K(77312K)] 473427K->397139K(541696K), 0.0026580 secs] [Times: user=0.01 sys=0.00, real=0.00 secs] 
2428.489: [GC (Allocation Failure) [PSYoungGen: 77152K->1408K(76800K)] 472915K->397179K(541184K), 0.0022035 secs] [Times: user=0.01 sys=0.00, real=0.00 secs] 
2428.867: [GC (Allocation Failure) [PSYoungGen: 76672K->1344K(76288K)] 472443K->397131K(540672K), 0.0022486 secs] [Times: user=0.01 sys=0.00, real=0.00 secs] 
2429.194: [GC (Allocation Failure) [PSYoungGen: 76096K->1344K(75776K)] 471883K->397131K(540160K), 0.0022572 secs] [Times: user=0.01 sys=0.00, real=0.01 secs] 
2429.835: [GC (Allocation Failure) [PSYoungGen: 75584K->1376K(75264K)] 471371K->397163K(539648K), 0.0036781 secs] [Times: user=0.01 sys=0.00, real=0.01 secs] 
2430.906: [GC (Allocation Failure) [PSYoungGen: 75104K->1376K(74752K)] 470891K->397163K(539136K), 0.0021066 secs] [Times: user=0.01 sys=0.00, real=0.00 secs] 
2431.888: [GC (Allocation Failure) [PSYoungGen: 74592K->384K(73216K)] 470379K->397195K(537600K), 0.0045359 secs] [Times: user=0.02 sys=0.00, real=0.00 secs] 
2432.715: [GC (Allocation Failure) [PSYoungGen: 73088K->352K(74240K)] 469899K->397163K(538624K), 0.0040443 secs] [Times: user=0.02 sys=0.00, real=0.01 secs] 
2433.389: [GC (Allocation Failure) [PSYoungGen: 72544K->288K(72704K)] 469355K->397107K(537088K), 0.0030842 secs] [Times: user=0.01 sys=0.00, real=0.00 secs] 
2434.926: [GC (Allocation Failure) [PSYoungGen: 71968K->1904K(73216K)] 468787K->398724K(537600K), 0.0044572 secs] [Times: user=0.02 sys=0.00, real=0.00 secs] 
2436.887: [GC (Allocation Failure) [PSYoungGen: 73072K->1376K(72704K)] 469892K->398195K(537088K), 0.0041948 secs] [Times: user=0.02 sys=0.00, real=0.00 secs] 
2437.531: [GC (Allocation Failure) [PSYoungGen: 72032K->1344K(71680K)] 468851K->398163K(536064K), 0.0022709 secs] [Times: user=0.00 sys=0.01, real=0.00 secs] 
2437.922: [GC (Allocation Failure) [PSYoungGen: 71488K->1344K(71168K)] 468307K->398179K(535552K), 0.0021468 secs] [Times: user=0.01 sys=0.00, real=0.00 secs] 
2438.837: [GC (Allocation Failure) [PSYoungGen: 70976K->1389K(70656K)] 467811K->398225K(535040K), 0.0015902 secs] [Times: user=0.00 sys=0.00, real=0.00 secs] 
2440.352: [GC (Allocation Failure) [PSYoungGen: 70509K->1376K(70144K)] 467345K->398211K(534528K), 0.0041621 secs] [Times: user=0.02 sys=0.00, real=0.01 secs] 
2441.125: [GC (Allocation Failure) [PSYoungGen: 69984K->1376K(70144K)] 466819K->398211K(534528K), 0.0027969 secs] [Times: user=0.02 sys=0.00, real=0.01 secs] 
2441.977: [GC (Allocation Failure) [PSYoungGen: 69984K->1344K(70656K)] 466819K->398187K(535040K), 0.0024255 secs] [Times: user=0.01 sys=0.00, real=0.00 secs] 
2442.972: [GC (Allocation Failure) [PSYoungGen: 69952K->1376K(70656K)] 466795K->398219K(535040K), 0.0040908 secs] [Times: user=0.01 sys=0.00, real=0.01 secs] 
2444.244: [GC (Allocation Failure) [PSYoungGen: 69984K->1392K(70656K)] 466827K->398235K(535040K), 0.0021550 secs] [Times: user=0.01 sys=0.00, real=0.01 secs] 
2444.968: [GC (Allocation Failure) [PSYoungGen: 70000K->1344K(70656K)] 466843K->398187K(535040K), 0.0042126 secs] [Times: user=0.02 sys=0.00, real=0.00 secs] 
2445.832: [GC (Allocation Failure) [PSYoungGen: 69952K->1344K(70656K)] 466795K->398195K(535040K), 0.0039453 secs] [Times: user=0.02 sys=0.00, real=0.01 secs] 
2446.762: [GC (Allocation Failure) [PSYoungGen: 69952K->1344K(70656K)] 466803K->398195K(535040K), 0.0041961 secs] [Times: user=0.02 sys=0.00, real=0.01 secs] 
2447.743: [GC (Allocation Failure) [PSYoungGen: 69828K->1904K(70656K)] 466679K->399268K(535040K), 0.0016909 secs] [Times: user=0.00 sys=0.00, real=0.00 secs] 
2448.023: [GC (Allocation Failure) [PSYoungGen: 70512K->1344K(70656K)] 467876K->398707K(535040K), 0.0018323 secs] [Times: user=0.01 sys=0.00, real=0.00 secs] 
2448.317: [GC (Allocation Failure) [PSYoungGen: 69952K->1344K(70656K)] 467315K->398707K(535040K), 0.0018348 secs] [Times: user=0.00 sys=0.00, real=0.00 secs] 
2448.611: [GC (Allocation Failure) [PSYoungGen: 69952K->1344K(70656K)] 467315K->398707K(535040K), 0.0018896 secs] [Times: user=0.00 sys=0.00, real=0.00 secs] 
2449.039: [GC (Allocation Failure) [PSYoungGen: 69952K->1344K(70656K)] 467315K->398708K(535040K), 0.0015666 secs] [Times: user=0.01 sys=0.00, real=0.00 secs] 
2450.184: [GC (Allocation Failure) [PSYoungGen: 69952K->1408K(70656K)] 467316K->398771K(535040K), 0.0018874 secs] [Times: user=0.01 sys=0.00, real=0.01 secs] 
2450.572: [GC (Allocation Failure) [PSYoungGen: 70016K->1344K(70656K)] 467379K->398707K(535040K), 0.0019929 secs] [Times: user=0.01 sys=0.00, real=0.00 secs] 
2450.886: [GC (Allocation Failure) [PSYoungGen: 69952K->1328K(70656K)] 467315K->398700K(535040K), 0.0022285 secs] [Times: user=0.00 sys=0.00, real=0.00 secs] 
2451.414: [GC (Allocation Failure) [PSYoungGen: 69936K->1344K(70656K)] 467308K->398715K(535040K), 0.0033055 secs] [Times: user=0.02 sys=0.00, real=0.01 secs] 
2452.705: [GC (Allocation Failure) [PSYoungGen: 69952K->1376K(70656K)] 467323K->398747K(535040K), 0.0026155 secs] [Times: user=0.01 sys=0.00, real=0.01 secs] 
2453.464: [GC (Allocation Failure) [PSYoungGen: 69984K->1376K(70656K)] 467355K->398747K(535040K), 0.0024962 secs] [Times: user=0.01 sys=0.00, real=0.01 secs] 
2454.198: [GC (Allocation Failure) [PSYoungGen: 69984K->1344K(70656K)] 467355K->398715K(535040K), 0.0033112 secs] [Times: user=0.01 sys=0.00, real=0.00 secs] 
2455.079: [GC (Allocation Failure) [PSYoungGen: 69952K->1376K(70656K)] 467323K->398747K(535040K), 0.0034509 secs] [Times: user=0.02 sys=0.00, real=0.00 secs] 
2456.480: [GC (Allocation Failure) [PSYoungGen: 69984K->1504K(70656K)] 467355K->398876K(535040K), 0.0021336 secs] [Times: user=0.00 sys=0.00, real=0.00 secs] 
2457.923: [GC (Allocation Failure) [PSYoungGen: 70112K->1344K(70656K)] 467484K->398715K(535040K), 0.0032748 secs] [Times: user=0.01 sys=0.00, real=0.01 secs] 
2458.248: [GC (Allocation Failure) [PSYoungGen: 69952K->1376K(70656K)] 467323K->398747K(535040K), 0.0020882 secs] [Times: user=0.01 sys=0.00, real=0.00 secs] 
2458.989: [GC (Allocation Failure) [PSYoungGen: 69984K->1376K(70656K)] 467355K->398747K(535040K), 0.0023246 secs] [Times: user=0.01 sys=0.00, real=0.00 secs] 
2459.862: [GC (Allocation Failure) [PSYoungGen: 69984K->1376K(70144K)] 467355K->398747K(534528K), 0.0038661 secs] [Times: user=0.02 sys=0.00, real=0.00 secs] 
2461.159: [GC (Allocation Failure) [PSYoungGen: 69984K->1344K(70144K)] 467355K->398715K(534528K), 0.0031898 secs] [Times: user=0.01 sys=0.00, real=0.00 secs] 
2461.756: [GC (Allocation Failure) [PSYoungGen: 69952K->1360K(70144K)] 467323K->398732K(534528K), 0.0028549 secs] [Times: user=0.01 sys=0.00, real=0.01 secs] 
2462.083: [GC (Allocation Failure) [PSYoungGen: 69968K->1344K(70144K)] 467340K->398723K(534528K), 0.0019620 secs] [Times: user=0.01 sys=0.00, real=0.00 secs] 
2462.424: [GC (Allocation Failure) [PSYoungGen: 69952K->1344K(70144K)] 467331K->398723K(534528K), 0.0017624 secs] [Times: user=0.01 sys=0.00, real=0.00 secs] 
2463.998: [GC (Allocation Failure) [PSYoungGen: 69952K->1376K(70144K)] 467331K->398755K(534528K), 0.0041321 secs] [Times: user=0.01 sys=0.00, real=0.00 secs] 
2464.518: [GC (Allocation Failure) [PSYoungGen: 69984K->1376K(70144K)] 467363K->398755K(534528K), 0.0028758 secs] [Times: user=0.01 sys=0.00, real=0.00 secs] 
2464.988: [GC (Allocation Failure) [PSYoungGen: 69984K->1360K(70144K)] 467363K->398740K(534528K), 0.0027844 secs] [Times: user=0.01 sys=0.00, real=0.00 secs] 
2465.520: [GC (Allocation Failure) [PSYoungGen: 69968K->1344K(70144K)] 467348K->398723K(534528K), 0.0026961 secs] [Times: user=0.01 sys=0.00, real=0.00 secs] 
2466.411: [GC (Allocation Failure) [PSYoungGen: 69952K->1360K(70144K)] 467331K->398740K(534528K), 0.0015671 secs] [Times: user=0.01 sys=0.00, real=0.00 secs] 
2467.258: [GC (Allocation Failure) [PSYoungGen: 69968K->1408K(70144K)] 467348K->398787K(534528K), 0.0036910 secs] [Times: user=0.01 sys=0.00, real=0.00 secs] 
2467.899: [GC (Allocation Failure) [PSYoungGen: 70016K->1408K(70144K)] 467395K->398787K(534528K), 0.0023908 secs] [Times: user=0.01 sys=0.00, real=0.00 secs] 
2468.501: [GC (Allocation Failure) [PSYoungGen: 70016K->1344K(70144K)] 467395K->398723K(534528K), 0.0023329 secs] [Times: user=0.01 sys=0.00, real=0.00 secs] 
2468.975: [GC (Allocation Failure) [PSYoungGen: 69952K->1376K(70144K)] 467331K->398755K(534528K), 0.0022418 secs] [Times: user=0.01 sys=0.00, real=0.01 secs] 
2470.175: [GC (Allocation Failure) [PSYoungGen: 69984K->1408K(70144K)] 467363K->398787K(534528K), 0.0021460 secs] [Times: user=0.01 sys=0.01, real=0.01 secs] 
2471.103: [GC (Allocation Failure) [PSYoungGen: 70016K->1376K(70144K)] 467395K->398755K(534528K), 0.0043712 secs] [Times: user=0.02 sys=0.00, real=0.01 secs] 
2472.072: [GC (Allocation Failure) [PSYoungGen: 69984K->1360K(70144K)] 467363K->398756K(534528K), 0.0040127 secs] [Times: user=0.02 sys=0.00, real=0.01 secs] 
2472.677: [GC (Allocation Failure) [PSYoungGen: 69968K->1360K(70144K)] 467364K->398756K(534528K), 0.0032488 secs] [Times: user=0.02 sys=0.00, real=0.00 secs] 
2473.693: [GC (Allocation Failure) [PSYoungGen: 69968K->1408K(70144K)] 467364K->398803K(534528K), 0.0019462 secs] [Times: user=0.00 sys=0.00, real=0.00 secs] 
2473.991: [GC (Allocation Failure) [PSYoungGen: 70016K->1376K(70144K)] 467411K->398771K(534528K), 0.0017410 secs] [Times: user=0.00 sys=0.00, real=0.00 secs] 
2474.493: [GC (Allocation Failure) [PSYoungGen: 69984K->1424K(70144K)] 467379K->398820K(534528K), 0.0020140 secs] [Times: user=0.01 sys=0.00, real=0.00 secs] 
2475.055: [GC (Allocation Failure) [PSYoungGen: 70032K->1344K(70144K)] 467428K->398739K(534528K), 0.0019547 secs] [Times: user=0.01 sys=0.00, real=0.01 secs] 
2476.025: [GC (Allocation Failure) [PSYoungGen: 69952K->1357K(70144K)] 467347K->398753K(534528K), 0.0015078 secs] [Times: user=0.01 sys=0.00, real=0.01 secs] 
2476.530: [GC (Allocation Failure) [PSYoungGen: 69965K->1424K(70144K)] 467361K->398820K(534528K), 0.0019442 secs] [Times: user=0.00 sys=0.00, real=0.00 secs] 
2476.867: [GC (Allocation Failure) [PSYoungGen: 70032K->1344K(70144K)] 467428K->398739K(534528K), 0.0017606 secs] [Times: user=0.01 sys=0.00, real=0.00 secs] 
2477.183: [GC (Allocation Failure) [PSYoungGen: 69952K->1376K(70144K)] 467347K->398771K(534528K), 0.0019281 secs] [Times: user=0.00 sys=0.00, real=0.00 secs] 
2477.779: [GC (Allocation Failure) [PSYoungGen: 69984K->1376K(70144K)] 467379K->398771K(534528K), 0.0020565 secs] [Times: user=0.01 sys=0.00, real=0.00 secs] 
2479.032: [GC (Allocation Failure) [PSYoungGen: 69984K->1408K(70144K)] 467379K->398803K(534528K), 0.0035848 secs] [Times: user=0.02 sys=0.00, real=0.00 secs] 
2480.372: [GC (Allocation Failure) [PSYoungGen: 70016K->1376K(70144K)] 467411K->398771K(534528K), 0.0028713 secs] [Times: user=0.01 sys=0.00, real=0.00 secs] 
2481.118: [GC (Allocation Failure) [PSYoungGen: 69984K->1344K(70144K)] 467379K->398747K(534528K), 0.0028172 secs] [Times: user=0.01 sys=0.00, real=0.00 secs] 
2481.832: [GC (Allocation Failure) [PSYoungGen: 69952K->1328K(70144K)] 467355K->398732K(534528K), 0.0027305 secs] [Times: user=0.01 sys=0.00, real=0.00 secs] 
2482.769: [GC (Allocation Failure) [PSYoungGen: 69936K->1376K(70144K)] 467340K->399804K(534528K), 0.0018545 secs] [Times: user=0.01 sys=0.00, real=0.00 secs] 
2483.093: [GC (Allocation Failure) [PSYoungGen: 69984K->320K(70144K)] 468412K->398747K(534528K), 0.0020134 secs] [Times: user=0.01 sys=0.00, real=0.00 secs] 
2483.518: [GC (Allocation Failure) [PSYoungGen: 68928K->336K(70656K)] 467355K->398764K(535040K), 0.0020854 secs] [Times: user=0.01 sys=0.00, real=0.00 secs] 
2483.816: [GC (Allocation Failure) [PSYoungGen: 68944K->320K(70656K)] 467372K->398747K(535040K), 0.0020263 secs] [Times: user=0.00 sys=0.00, real=0.00 secs] 
2484.239: [GC (Allocation Failure) [PSYoungGen: 68928K->1373K(70656K)] 467355K->399801K(535040K), 0.0014904 secs] [Times: user=0.01 sys=0.00, real=0.00 secs] 
2486.234: [GC (Allocation Failure) [PSYoungGen: 69981K->1408K(70656K)] 468409K->399836K(535040K), 0.0042042 secs] [Times: user=0.02 sys=0.00, real=0.01 secs] 
2487.022: [GC (Allocation Failure) [PSYoungGen: 70016K->1376K(70656K)] 468444K->399804K(535040K), 0.0032880 secs] [Times: user=0.01 sys=0.00, real=0.00 secs] 
2487.558: [GC (Allocation Failure) [PSYoungGen: 69984K->1376K(70656K)] 468412K->399804K(535040K), 0.0023075 secs] [Times: user=0.01 sys=0.00, real=0.00 secs] 
2487.888: [GC (Allocation Failure) [PSYoungGen: 69984K->1376K(70656K)] 468412K->399804K(535040K), 0.0021361 secs] [Times: user=0.01 sys=0.00, real=0.00 secs] 
2488.825: [GC (Allocation Failure) [PSYoungGen: 69984K->1376K(70656K)] 468412K->399804K(535040K), 0.0018377 secs] [Times: user=0.01 sys=0.00, real=0.01 secs] 
2489.383: [GC (Allocation Failure) [PSYoungGen: 69984K->1344K(70656K)] 468412K->399772K(535040K), 0.0019949 secs] [Times: user=0.00 sys=0.00, real=0.00 secs] 
2489.871: [GC (Allocation Failure) [PSYoungGen: 69952K->1376K(70656K)] 468380K->399804K(535040K), 0.0019194 secs] [Times: user=0.01 sys=0.00, real=0.00 secs] 
2490.304: [GC (Allocation Failure) [PSYoungGen: 69984K->1376K(70656K)] 468412K->399812K(535040K), 0.0021664 secs] [Times: user=0.00 sys=0.00, real=0.01 secs] 
2491.447: [GC (Allocation Failure) [PSYoungGen: 69984K->1920K(70656K)] 468420K->400868K(535040K), 0.0020998 secs] [Times: user=0.01 sys=0.00, real=0.00 secs] 
2492.556: [GC (Allocation Failure) [PSYoungGen: 70528K->1344K(70656K)] 469476K->400292K(535040K), 0.0033199 secs] [Times: user=0.01 sys=0.00, real=0.01 secs] 
2493.576: [GC (Allocation Failure) [PSYoungGen: 69952K->1344K(70656K)] 468900K->400292K(535040K), 0.0033257 secs] [Times: user=0.02 sys=0.00, real=0.00 secs] 
2494.083: [GC (Allocation Failure) [PSYoungGen: 69952K->1344K(70656K)] 468900K->400292K(535040K), 0.0029087 secs] [Times: user=0.01 sys=0.01, real=0.01 secs] 
2494.580: [GC (Allocation Failure) [PSYoungGen: 69952K->1344K(70656K)] 468900K->400292K(535040K), 0.0024896 secs] [Times: user=0.02 sys=0.00, real=0.00 secs] 
2495.556: [GC (Allocation Failure) [PSYoungGen: 69952K->1408K(70656K)] 468900K->400356K(535040K), 0.0020204 secs] [Times: user=0.00 sys=0.00, real=0.01 secs] 
2495.860: [GC (Allocation Failure) [PSYoungGen: 70016K->1344K(70656K)] 468964K->400292K(535040K), 0.0020612 secs] [Times: user=0.00 sys=0.00, real=0.00 secs] 
2496.169: [GC (Allocation Failure) [PSYoungGen: 69952K->1344K(70656K)] 468900K->400292K(535040K), 0.0027390 secs] [Times: user=0.01 sys=0.01, real=0.00 secs] 
2496.463: [GC (Allocation Failure) [PSYoungGen: 69952K->1376K(70656K)] 468900K->400324K(535040K), 0.0019491 secs] [Times: user=0.01 sys=0.00, real=0.00 secs] 
2497.257: [GC (Allocation Failure) [PSYoungGen: 69984K->1392K(70656K)] 468932K->400340K(535040K), 0.0019840 secs] [Times: user=0.01 sys=0.00, real=0.00 secs] 
2497.661: [GC (Allocation Failure) [PSYoungGen: 70000K->1376K(70656K)] 468948K->400324K(535040K), 0.0022225 secs] [Times: user=0.01 sys=0.00, real=0.00 secs] 
2497.954: [GC (Allocation Failure) [PSYoungGen: 69984K->1312K(70656K)] 468932K->400260K(535040K), 0.0021770 secs] [Times: user=0.01 sys=0.00, real=0.01 secs] 
2498.305: [GC (Allocation Failure) [PSYoungGen: 69920K->1344K(70656K)] 468868K->400292K(535040K), 0.0019658 secs] [Times: user=0.01 sys=0.00, real=0.01 secs] 
2499.091: [GC (Allocation Failure) [PSYoungGen: 69952K->1424K(70656K)] 468900K->400372K(535040K), 0.0019007 secs] [Times: user=0.00 sys=0.00, real=0.00 secs] 
2499.442: [GC (Allocation Failure) [PSYoungGen: 70032K->1392K(70656K)] 468980K->400364K(535040K), 0.0020882 secs] [Times: user=0.01 sys=0.00, real=0.00 secs] 
2499.728: [GC (Allocation Failure) [PSYoungGen: 70000K->1344K(70656K)] 468972K->400316K(535040K), 0.0018091 secs] [Times: user=0.01 sys=0.01, real=0.00 secs] 
2500.070: [GC (Allocation Failure) [PSYoungGen: 69952K->1360K(70656K)] 468924K->400332K(535040K), 0.0019898 secs] [Times: user=0.01 sys=0.00, real=0.00 secs] 
2500.355: [GC (Allocation Failure) [PSYoungGen: 69968K->1344K(70144K)] 468940K->400316K(534528K), 0.0020892 secs] [Times: user=0.00 sys=0.00, real=0.01 secs] 
2501.680: [GC (Allocation Failure) [PSYoungGen: 69952K->1408K(70144K)] 468924K->400380K(534528K), 0.0037663 secs] [Times: user=0.02 sys=0.00, real=0.00 secs] 
2502.183: [GC (Allocation Failure) [PSYoungGen: 70016K->352K(69632K)] 468988K->400348K(534016K), 0.0028097 secs] [Times: user=0.01 sys=0.01, real=0.01 secs] 
2502.462: [GC (Allocation Failure) [PSYoungGen: 68960K->352K(70656K)] 468956K->400348K(535040K), 0.0020653 secs] [Times: user=0.01 sys=0.00, real=0.00 secs] 
2502.787: [GC (Allocation Failure) [PSYoungGen: 68960K->352K(70656K)] 468956K->400348K(535040K), 0.0021028 secs] [Times: user=0.01 sys=0.00, real=0.00 secs] 
2503.880: [GC (Allocation Failure) [PSYoungGen: 68960K->1408K(70656K)] 468956K->401404K(535040K), 0.0025314 secs] [Times: user=0.01 sys=0.00, real=0.00 secs] 
2504.504: [GC (Allocation Failure) [PSYoungGen: 70016K->1312K(70656K)] 470012K->401308K(535040K), 0.0031345 secs] [Times: user=0.01 sys=0.00, real=0.01 secs] 
2504.793: [GC (Allocation Failure) [PSYoungGen: 69920K->1376K(70656K)] 469916K->401372K(535040K), 0.0023195 secs] [Times: user=0.01 sys=0.00, real=0.00 secs] 
2505.352: [GC (Allocation Failure) [PSYoungGen: 69984K->1360K(70656K)] 469980K->401356K(535040K), 0.0027239 secs] [Times: user=0.01 sys=0.00, real=0.00 secs] 
2506.376: [GC (Allocation Failure) [PSYoungGen: 69968K->1341K(70656K)] 469964K->401337K(535040K), 0.0015034 secs] [Times: user=0.01 sys=0.00, real=0.00 secs] 
2507.124: [GC (Allocation Failure) [PSYoungGen: 69949K->1376K(70656K)] 469945K->401372K(535040K), 0.0023825 secs] [Times: user=0.01 sys=0.00, real=0.01 secs] 
2507.765: [GC (Allocation Failure) [PSYoungGen: 69984K->1376K(70656K)] 469980K->401372K(535040K), 0.0039236 secs] [Times: user=0.02 sys=0.00, real=0.01 secs] 
2508.498: [GC (Allocation Failure) [PSYoungGen: 69984K->1376K(70656K)] 469980K->401372K(535040K), 0.0040689 secs] [Times: user=0.02 sys=0.00, real=0.00 secs] 
2509.320: [GC (Allocation Failure) [PSYoungGen: 69984K->1376K(70656K)] 469980K->401372K(535040K), 0.0035517 secs] [Times: user=0.01 sys=0.00, real=0.00 secs] 
2510.650: [GC (Allocation Failure) [PSYoungGen: 69984K->1376K(70656K)] 469980K->401380K(535040K), 0.0019099 secs] [Times: user=0.00 sys=0.00, real=0.00 secs] 
2511.338: [GC (Allocation Failure) [PSYoungGen: 69984K->1376K(70656K)] 469988K->401380K(535040K), 0.0019714 secs] [Times: user=0.01 sys=0.00, real=0.00 secs] 
2511.914: [GC (Allocation Failure) [PSYoungGen: 69984K->1344K(70656K)] 469988K->401356K(535040K), 0.0020861 secs] [Times: user=0.00 sys=0.00, real=0.01 secs] 
2512.441: [GC (Allocation Failure) [PSYoungGen: 69952K->1376K(70656K)] 469964K->401388K(535040K), 0.0022652 secs] [Times: user=0.01 sys=0.00, real=0.00 secs] 
2513.301: [GC (Allocation Failure) [PSYoungGen: 69984K->1376K(70656K)] 469996K->401388K(535040K), 0.0018494 secs] [Times: user=0.00 sys=0.00, real=0.00 secs] 
2513.655: [GC (Allocation Failure) [PSYoungGen: 69984K->1376K(70656K)] 469996K->401388K(535040K), 0.0018174 secs] [Times: user=0.01 sys=0.00, real=0.01 secs] 
2513.943: [GC (Allocation Failure) [PSYoungGen: 69984K->1344K(70656K)] 469996K->401356K(535040K), 0.0020230 secs] [Times: user=0.01 sys=0.00, real=0.00 secs] 
2514.228: [GC (Allocation Failure) [PSYoungGen: 69952K->1360K(70656K)] 469964K->401372K(535040K), 0.0020175 secs] [Times: user=0.01 sys=0.00, real=0.00 secs] 
2514.795: [GC (Allocation Failure) [PSYoungGen: 69968K->1373K(70656K)] 469980K->401385K(535040K), 0.0014849 secs] [Times: user=0.01 sys=0.01, real=0.01 secs] 
2515.492: [GC (Allocation Failure) [PSYoungGen: 69981K->1376K(70656K)] 469993K->401388K(535040K), 0.0019318 secs] [Times: user=0.01 sys=0.00, real=0.00 secs] 
2516.217: [GC (Allocation Failure) [PSYoungGen: 69984K->1376K(70656K)] 469996K->401388K(535040K), 0.0026231 secs] [Times: user=0.01 sys=0.00, real=0.00 secs] 
2516.782: [GC (Allocation Failure) [PSYoungGen: 69984K->1376K(70656K)] 469996K->401396K(535040K), 0.0025458 secs] [Times: user=0.01 sys=0.00, real=0.00 secs] 
2517.371: [GC (Allocation Failure) [PSYoungGen: 69984K->1328K(70656K)] 470004K->401348K(535040K), 0.0024910 secs] [Times: user=0.01 sys=0.01, real=0.00 secs] 
2518.630: [GC (Allocation Failure) [PSYoungGen: 69936K->1408K(70656K)] 469956K->401428K(535040K), 0.0022923 secs] [Times: user=0.01 sys=0.00, real=0.00 secs] 
2519.377: [GC (Allocation Failure) [PSYoungGen: 70016K->1376K(70656K)] 470036K->401396K(535040K), 0.0024019 secs] [Times: user=0.01 sys=0.00, real=0.00 secs] 
2520.120: [GC (Allocation Failure) [PSYoungGen: 69984K->1408K(70656K)] 470004K->401436K(535040K), 0.0025624 secs] [Times: user=0.01 sys=0.00, real=0.00 secs] 
2520.842: [GC (Allocation Failure) [PSYoungGen: 70016K->1344K(70656K)] 470044K->401372K(535040K), 0.0025892 secs] [Times: user=0.01 sys=0.00, real=0.00 secs] 
2521.956: [GC (Allocation Failure) [PSYoungGen: 69952K->1440K(70656K)] 469980K->402492K(535040K), 0.0019381 secs] [Times: user=0.01 sys=0.00, real=0.00 secs] 
2522.413: [GC (Allocation Failure) [PSYoungGen: 70048K->352K(70656K)] 471100K->401404K(535040K), 0.0018369 secs] [Times: user=0.00 sys=0.00, real=0.00 secs] 
2522.966: [GC (Allocation Failure) [PSYoungGen: 68960K->320K(70656K)] 470012K->401372K(535040K), 0.0019075 secs] [Times: user=0.01 sys=0.00, real=0.00 secs] 
2523.581: [GC (Allocation Failure) [PSYoungGen: 68928K->352K(70656K)] 469980K->401404K(535040K), 0.0019298 secs] [Times: user=0.01 sys=0.00, real=0.00 secs] 
2524.325: [GC (Allocation Failure) [PSYoungGen: 68960K->1341K(70656K)] 470012K->402393K(535040K), 0.0015825 secs] [Times: user=0.00 sys=0.00, real=0.01 secs] 
2525.615: [GC (Allocation Failure) [PSYoungGen: 69949K->1408K(70656K)] 471001K->402460K(535040K), 0.0022143 secs] [Times: user=0.01 sys=0.00, real=0.01 secs] 
2525.987: [GC (Allocation Failure) [PSYoungGen: 70016K->1376K(70656K)] 471068K->402428K(535040K), 0.0022119 secs] [Times: user=0.00 sys=0.00, real=0.00 secs] 
2526.316: [GC (Allocation Failure) [PSYoungGen: 69984K->1376K(70656K)] 471036K->402428K(535040K), 0.0020895 secs] [Times: user=0.01 sys=0.00, real=0.00 secs] 
2526.600: [GC (Allocation Failure) [PSYoungGen: 69984K->1376K(70656K)] 471036K->402428K(535040K), 0.0020570 secs] [Times: user=0.01 sys=0.00, real=0.00 secs] 
2528.320: [GC (Allocation Failure) [PSYoungGen: 69984K->1408K(70656K)] 471036K->402460K(535040K), 0.0040855 secs] [Times: user=0.02 sys=0.00, real=0.00 secs] 
2530.231: [GC (Allocation Failure) [PSYoungGen: 70016K->1376K(70656K)] 471068K->402428K(535040K), 0.0044523 secs] [Times: user=0.02 sys=0.00, real=0.00 secs] 
2530.899: [GC (Allocation Failure) [PSYoungGen: 69984K->1344K(70656K)] 471036K->402396K(535040K), 0.0027602 secs] [Times: user=0.01 sys=0.00, real=0.00 secs] 
2531.474: [GC (Allocation Failure) [PSYoungGen: 69952K->1328K(70656K)] 471004K->402380K(535040K), 0.0027473 secs] [Times: user=0.01 sys=0.00, real=0.01 secs] 
2532.558: [GC (Allocation Failure) [PSYoungGen: 69936K->1696K(70656K)] 470988K->402756K(535040K), 0.0019324 secs] [Times: user=0.01 sys=0.00, real=0.00 secs] 
2533.233: [GC (Allocation Failure) [PSYoungGen: 70304K->1344K(70656K)] 471364K->402404K(535040K), 0.0020243 secs] [Times: user=0.01 sys=0.00, real=0.00 secs] 
2533.551: [GC (Allocation Failure) [PSYoungGen: 69952K->1376K(70656K)] 471012K->402436K(535040K), 0.0021736 secs] [Times: user=0.01 sys=0.00, real=0.00 secs] 
2534.013: [GC (Allocation Failure) [PSYoungGen: 69984K->1376K(70656K)] 471044K->402436K(535040K), 0.0023884 secs] [Times: user=0.01 sys=0.00, real=0.00 secs] 
2534.668: [GC (Allocation Failure) [PSYoungGen: 69984K->1344K(70656K)] 471044K->402404K(535040K), 0.0029561 secs] [Times: user=0.01 sys=0.00, real=0.00 secs] 
2535.684: [GC (Allocation Failure) [PSYoungGen: 69952K->1440K(70656K)] 471012K->402500K(535040K), 0.0020792 secs] [Times: user=0.01 sys=0.00, real=0.01 secs] 
2536.316: [GC (Allocation Failure) [PSYoungGen: 70048K->1376K(70656K)] 471108K->402436K(535040K), 0.0022189 secs] [Times: user=0.00 sys=0.00, real=0.00 secs] 
2537.023: [GC (Allocation Failure) [PSYoungGen: 69984K->1376K(70656K)] 471044K->402436K(535040K), 0.0025004 secs] [Times: user=0.01 sys=0.00, real=0.00 secs] 
2537.766: [GC (Allocation Failure) [PSYoungGen: 69984K->1312K(70656K)] 471044K->402372K(535040K), 0.0026439 secs] [Times: user=0.01 sys=0.00, real=0.01 secs] 
2538.981: [GC (Allocation Failure) [PSYoungGen: 69920K->1408K(70656K)] 470980K->402468K(535040K), 0.0021331 secs] [Times: user=0.01 sys=0.00, real=0.00 secs] 
2539.830: [GC (Allocation Failure) [PSYoungGen: 70016K->1376K(70656K)] 471076K->402436K(535040K), 0.0049064 secs] [Times: user=0.02 sys=0.00, real=0.00 secs] 
2540.630: [GC (Allocation Failure) [PSYoungGen: 69984K->1344K(70656K)] 471044K->402412K(535040K), 0.0035881 secs] [Times: user=0.02 sys=0.00, real=0.00 secs] 
2541.215: [GC (Allocation Failure) [PSYoungGen: 69952K->1344K(70656K)] 471020K->402420K(535040K), 0.0033100 secs] [Times: user=0.01 sys=0.00, real=0.01 secs] 
2542.236: [GC (Allocation Failure) [PSYoungGen: 69952K->304K(70656K)] 471028K->401380K(535040K), 0.0021869 secs] [Times: user=0.00 sys=0.00, real=0.00 secs] 
2542.822: [GC (Allocation Failure) [PSYoungGen: 68912K->1408K(70656K)] 469988K->402484K(535040K), 0.0028207 secs] [Times: user=0.02 sys=0.00, real=0.00 secs] 
2543.464: [GC (Allocation Failure) [PSYoungGen: 70016K->1344K(70656K)] 471092K->402420K(535040K), 0.0028112 secs] [Times: user=0.01 sys=0.00, real=0.01 secs] 
2544.094: [GC (Allocation Failure) [PSYoungGen: 69952K->1376K(70656K)] 471028K->402452K(535040K), 0.0029366 secs] [Times: user=0.01 sys=0.00, real=0.01 secs] 
2544.722: [GC (Allocation Failure) [PSYoungGen: 69984K->1344K(70656K)] 471060K->402420K(535040K), 0.0053710 secs] [Times: user=0.01 sys=0.00, real=0.01 secs] 
2545.873: [GC (Allocation Failure) [PSYoungGen: 69952K->1376K(70656K)] 471028K->402452K(535040K), 0.0017924 secs] [Times: user=0.01 sys=0.00, real=0.00 secs] 
2546.158: [GC (Allocation Failure) [PSYoungGen: 69984K->1376K(70656K)] 471060K->402452K(535040K), 0.0019237 secs] [Times: user=0.01 sys=0.00, real=0.00 secs] 
2546.443: [GC (Allocation Failure) [PSYoungGen: 69984K->1344K(70656K)] 471060K->402420K(535040K), 0.0019293 secs] [Times: user=0.01 sys=0.00, real=0.00 secs] 
2546.810: [GC (Allocation Failure) [PSYoungGen: 69952K->1376K(70656K)] 471028K->402452K(535040K), 0.0026901 secs] [Times: user=0.01 sys=0.00, real=0.00 secs] 
2547.819: [GC (Allocation Failure) [PSYoungGen: 69984K->1376K(70656K)] 471060K->402452K(535040K), 0.0017485 secs] [Times: user=0.01 sys=0.00, real=0.00 secs] 
2548.645: [GC (Allocation Failure) [PSYoungGen: 69984K->1376K(70656K)] 471060K->402452K(535040K), 0.0024380 secs] [Times: user=0.01 sys=0.00, real=0.01 secs] 
2549.455: [GC (Allocation Failure) [PSYoungGen: 69984K->1344K(70656K)] 471060K->402420K(535040K), 0.0035603 secs] [Times: user=0.01 sys=0.00, real=0.01 secs] 
2550.193: [GC (Allocation Failure) [PSYoungGen: 69952K->1408K(70656K)] 471028K->402484K(535040K), 0.0055210 secs] [Times: user=0.02 sys=0.00, real=0.01 secs] 
2551.324: [GC (Allocation Failure) [PSYoungGen: 70016K->1392K(70656K)] 471092K->402476K(535040K), 0.0015020 secs] [Times: user=0.00 sys=0.00, real=0.00 secs] 
2551.775: [GC (Allocation Failure) [PSYoungGen: 70000K->1376K(70656K)] 471084K->402460K(535040K), 0.0025278 secs] [Times: user=0.01 sys=0.00, real=0.01 secs] 
2552.055: [GC (Allocation Failure) [PSYoungGen: 69984K->1376K(70656K)] 471068K->402460K(535040K), 0.0020715 secs] [Times: user=0.01 sys=0.01, real=0.01 secs] 
2552.340: [GC (Allocation Failure) [PSYoungGen: 69984K->1344K(70656K)] 471068K->402428K(535040K), 0.0021566 secs] [Times: user=0.01 sys=0.00, real=0.00 secs] 
2552.625: [GC (Allocation Failure) [PSYoungGen: 69952K->1344K(70656K)] 471036K->402428K(535040K), 0.0026193 secs] [Times: user=0.01 sys=0.00, real=0.01 secs] 
2553.454: [GC (Allocation Failure) [PSYoungGen: 69952K->1376K(70144K)] 471036K->402460K(534528K), 0.0023785 secs] [Times: user=0.01 sys=0.00, real=0.01 secs] 
2553.740: [GC (Allocation Failure) [PSYoungGen: 69984K->1376K(70144K)] 471068K->402460K(534528K), 0.0021091 secs] [Times: user=0.01 sys=0.00, real=0.00 secs] 
2554.126: [GC (Allocation Failure) [PSYoungGen: 69984K->1312K(70144K)] 471068K->402396K(534528K), 0.0021075 secs] [Times: user=0.00 sys=0.00, real=0.00 secs] 
2554.411: [GC (Allocation Failure) [PSYoungGen: 69920K->1376K(70144K)] 471004K->402460K(534528K), 0.0020745 secs] [Times: user=0.01 sys=0.00, real=0.00 secs] 
2555.290: [GC (Allocation Failure) [PSYoungGen: 69984K->1408K(70144K)] 471068K->403516K(534528K), 0.0021735 secs] [Times: user=0.01 sys=0.00, real=0.00 secs] 
2556.156: [GC (Allocation Failure) [PSYoungGen: 70016K->320K(69632K)] 472124K->402428K(534016K), 0.0029221 secs] [Times: user=0.02 sys=0.00, real=0.00 secs] 
2556.953: [GC (Allocation Failure) [PSYoungGen: 68416K->352K(70144K)] 470524K->402460K(534528K), 0.0048552 secs] [Times: user=0.02 sys=0.00, real=0.01 secs] 
2557.767: [GC (Allocation Failure) [PSYoungGen: 68448K->352K(70144K)] 470556K->402460K(534528K), 0.0048099 secs] [Times: user=0.02 sys=0.00, real=0.00 secs] 
2558.612: [GC (Allocation Failure) [PSYoungGen: 68448K->1360K(70144K)] 470556K->403468K(534528K), 0.0015039 secs] [Times: user=0.01 sys=0.00, real=0.00 secs] 
2559.195: [GC (Allocation Failure) [PSYoungGen: 69456K->1376K(70144K)] 471564K->403500K(534528K), 0.0018562 secs] [Times: user=0.01 sys=0.00, real=0.01 secs] 
2559.478: [GC (Allocation Failure) [PSYoungGen: 69472K->1344K(70144K)] 471596K->403468K(534528K), 0.0018566 secs] [Times: user=0.00 sys=0.00, real=0.00 secs] 
2559.778: [GC (Allocation Failure) [PSYoungGen: 69440K->1328K(70144K)] 471564K->403452K(534528K), 0.0033838 secs] [Times: user=0.02 sys=0.00, real=0.00 secs] 
2560.113: [GC (Allocation Failure) [PSYoungGen: 69424K->1344K(70144K)] 471548K->403476K(534528K), 0.0022871 secs] [Times: user=0.01 sys=0.00, real=0.00 secs] 
2560.900: [GC (Allocation Failure) [PSYoungGen: 69440K->1376K(70144K)] 471572K->403508K(534528K), 0.0018729 secs] [Times: user=0.01 sys=0.00, real=0.00 secs] 
2561.183: [GC (Allocation Failure) [PSYoungGen: 69472K->1344K(70144K)] 471604K->403476K(534528K), 0.0019862 secs] [Times: user=0.00 sys=0.00, real=0.00 secs] 
2561.512: [GC (Allocation Failure) [PSYoungGen: 69440K->1344K(70144K)] 471572K->403476K(534528K), 0.0018816 secs] [Times: user=0.01 sys=0.00, real=0.00 secs] 
2561.795: [GC (Allocation Failure) [PSYoungGen: 69440K->1376K(70144K)] 471572K->403508K(534528K), 0.0019480 secs] [Times: user=0.01 sys=0.00, real=0.01 secs] 
2562.622: [GC (Allocation Failure) [PSYoungGen: 69472K->1680K(70144K)] 471604K->403812K(534528K), 0.0020533 secs] [Times: user=0.00 sys=0.00, real=0.00 secs] 
2563.604: [GC (Allocation Failure) [PSYoungGen: 69776K->1344K(70144K)] 471908K->403476K(534528K), 0.0030383 secs] [Times: user=0.01 sys=0.00, real=0.01 secs] 
2564.674: [GC (Allocation Failure) [PSYoungGen: 69440K->1360K(70144K)] 471572K->403492K(534528K), 0.0041440 secs] [Times: user=0.02 sys=0.00, real=0.01 secs] 
2565.650: [GC (Allocation Failure) [PSYoungGen: 69456K->1344K(70144K)] 471588K->403476K(534528K), 0.0032911 secs] [Times: user=0.01 sys=0.00, real=0.00 secs] 
2566.327: [GC (Allocation Failure) [PSYoungGen: 69440K->1328K(70144K)] 471572K->403460K(534528K), 0.0034700 secs] [Times: user=0.02 sys=0.00, real=0.00 secs] 
2567.820: [GC (Allocation Failure) [PSYoungGen: 69424K->1440K(70144K)] 471556K->403572K(534528K), 0.0040632 secs] [Times: user=0.01 sys=0.00, real=0.00 secs] 
2568.892: [GC (Allocation Failure) [PSYoungGen: 69536K->1344K(70144K)] 471668K->403476K(534528K), 0.0028792 secs] [Times: user=0.01 sys=0.00, real=0.00 secs] 
2569.487: [GC (Allocation Failure) [PSYoungGen: 69440K->1376K(70144K)] 471572K->403508K(534528K), 0.0028713 secs] [Times: user=0.01 sys=0.00, real=0.00 secs] 
2570.087: [GC (Allocation Failure) [PSYoungGen: 69472K->1376K(70144K)] 471604K->403516K(534528K), 0.0027965 secs] [Times: user=0.02 sys=0.00, real=0.00 secs] 
2571.374: [GC (Allocation Failure) [PSYoungGen: 69472K->1408K(70144K)] 471612K->403548K(534528K), 0.0029678 secs] [Times: user=0.01 sys=0.00, real=0.01 secs] 
2571.968: [GC (Allocation Failure) [PSYoungGen: 69504K->1408K(70144K)] 471644K->403564K(534528K), 0.0025045 secs] [Times: user=0.01 sys=0.00, real=0.00 secs] 
2572.249: [GC (Allocation Failure) [PSYoungGen: 69504K->1376K(70144K)] 471660K->403532K(534528K), 0.0022162 secs] [Times: user=0.01 sys=0.00, real=0.00 secs] 
2572.532: [GC (Allocation Failure) [PSYoungGen: 69472K->1408K(70144K)] 471628K->403564K(534528K), 0.0021249 secs] [Times: user=0.01 sys=0.00, real=0.00 secs] 
2573.197: [GC (Allocation Failure) [PSYoungGen: 69504K->1389K(70144K)] 471660K->403545K(534528K), 0.0014348 secs] [Times: user=0.00 sys=0.00, real=0.00 secs] 
2574.937: [GC (Allocation Failure) [PSYoungGen: 69485K->1440K(70144K)] 471641K->403596K(534528K), 0.0043083 secs] [Times: user=0.02 sys=0.00, real=0.00 secs] 
2575.722: [GC (Allocation Failure) [PSYoungGen: 69536K->1392K(70144K)] 471692K->403548K(534528K), 0.0050300 secs] [Times: user=0.02 sys=0.00, real=0.01 secs] 
2576.575: [GC (Allocation Failure) [PSYoungGen: 69488K->1360K(70144K)] 471644K->403516K(534528K), 0.0032621 secs] [Times: user=0.02 sys=0.00, real=0.01 secs] 
2577.106: [GC (Allocation Failure) [PSYoungGen: 69456K->1344K(70144K)] 471612K->403500K(534528K), 0.0028518 secs] [Times: user=0.01 sys=0.00, real=0.01 secs] 
2578.090: [GC (Allocation Failure) [PSYoungGen: 69440K->1440K(70144K)] 471596K->403596K(534528K), 0.0021490 secs] [Times: user=0.01 sys=0.00, real=0.00 secs] 
2578.380: [GC (Allocation Failure) [PSYoungGen: 69536K->1344K(70144K)] 471692K->403500K(534528K), 0.0019475 secs] [Times: user=0.01 sys=0.00, real=0.00 secs] 
2578.700: [GC (Allocation Failure) [PSYoungGen: 69440K->1408K(70144K)] 471596K->403564K(534528K), 0.0022296 secs] [Times: user=0.01 sys=0.00, real=0.00 secs] 
2578.984: [GC (Allocation Failure) [PSYoungGen: 69504K->1376K(70144K)] 471660K->403532K(534528K), 0.0019116 secs] [Times: user=0.01 sys=0.00, real=0.00 secs] 
2579.981: [GC (Allocation Failure) [PSYoungGen: 69472K->1952K(70144K)] 471628K->404108K(534528K), 0.0023960 secs] [Times: user=0.01 sys=0.00, real=0.00 secs] 
2582.511: [GC (Allocation Failure) [PSYoungGen: 70048K->1376K(70144K)] 472204K->403548K(534528K), 0.0043466 secs] [Times: user=0.02 sys=0.00, real=0.00 secs] 
2583.222: [GC (Allocation Failure) [PSYoungGen: 69472K->1376K(70144K)] 471644K->403548K(534528K), 0.0021849 secs] [Times: user=0.01 sys=0.00, real=0.00 secs] 
2583.505: [GC (Allocation Failure) [PSYoungGen: 69472K->1344K(70144K)] 471644K->403516K(534528K), 0.0020067 secs] [Times: user=0.01 sys=0.00, real=0.01 secs] 
2583.787: [GC (Allocation Failure) [PSYoungGen: 69440K->1360K(70144K)] 471612K->403532K(534528K), 0.0020713 secs] [Times: user=0.01 sys=0.00, real=0.00 secs] 
2584.578: [GC (Allocation Failure) [PSYoungGen: 69456K->1408K(70144K)] 471628K->403580K(534528K), 0.0019890 secs] [Times: user=0.01 sys=0.00, real=0.00 secs] 
2584.861: [GC (Allocation Failure) [PSYoungGen: 69504K->1376K(70144K)] 471676K->403548K(534528K), 0.0018723 secs] [Times: user=0.00 sys=0.00, real=0.00 secs] 
2585.143: [GC (Allocation Failure) [PSYoungGen: 69472K->1328K(70144K)] 471644K->403500K(534528K), 0.0017058 secs] [Times: user=0.01 sys=0.00, real=0.00 secs] 
2585.426: [GC (Allocation Failure) [PSYoungGen: 69424K->1376K(70144K)] 471596K->403548K(534528K), 0.0019691 secs] [Times: user=0.01 sys=0.00, real=0.00 secs] 
2586.792: [GC (Allocation Failure) [PSYoungGen: 69472K->1408K(70144K)] 471644K->403580K(534528K), 0.0028288 secs] [Times: user=0.01 sys=0.01, real=0.00 secs] 
2587.602: [GC (Allocation Failure) [PSYoungGen: 69504K->1376K(70144K)] 471676K->403548K(534528K), 0.0031125 secs] [Times: user=0.01 sys=0.00, real=0.00 secs] 
2588.037: [GC (Allocation Failure) [PSYoungGen: 69472K->1344K(70144K)] 471644K->403516K(534528K), 0.0022530 secs] [Times: user=0.01 sys=0.00, real=0.00 secs] 
2588.399: [GC (Allocation Failure) [PSYoungGen: 69440K->1328K(70144K)] 471612K->403500K(534528K), 0.0022014 secs] [Times: user=0.01 sys=0.00, real=0.00 secs] 
2589.142: [GC (Allocation Failure) [PSYoungGen: 69424K->1360K(70144K)] 471596K->403532K(534528K), 0.0015279 secs] [Times: user=0.01 sys=0.00, real=0.00 secs] 
2589.586: [GC (Allocation Failure) [PSYoungGen: 69456K->1408K(69632K)] 471628K->403580K(534016K), 0.0028616 secs] [Times: user=0.01 sys=0.00, real=0.01 secs] 
2590.123: [GC (Allocation Failure) [PSYoungGen: 69504K->1376K(69632K)] 471676K->403548K(534016K), 0.0040139 secs] [Times: user=0.02 sys=0.00, real=0.01 secs] 
2590.725: [GC (Allocation Failure) [PSYoungGen: 69472K->320K(69120K)] 471644K->403524K(533504K), 0.0024952 secs] [Times: user=0.01 sys=0.00, real=0.01 secs] 
2591.493: [GC (Allocation Failure) [PSYoungGen: 68416K->320K(70144K)] 471620K->403524K(534528K), 0.0034018 secs] [Times: user=0.01 sys=0.00, real=0.01 secs] 
2592.410: [GC (Allocation Failure) [PSYoungGen: 68416K->1408K(70144K)] 471620K->404612K(534528K), 0.0017728 secs] [Times: user=0.00 sys=0.00, real=0.00 secs] 
2592.693: [GC (Allocation Failure) [PSYoungGen: 69504K->1376K(70144K)] 472708K->404580K(534528K), 0.0019286 secs] [Times: user=0.01 sys=0.01, real=0.00 secs] 
2592.976: [GC (Allocation Failure) [PSYoungGen: 69472K->1408K(70144K)] 472676K->404612K(534528K), 0.0019644 secs] [Times: user=0.01 sys=0.00, real=0.01 secs] 
2593.260: [GC (Allocation Failure) [PSYoungGen: 69504K->1344K(70144K)] 472708K->404548K(534528K), 0.0023248 secs] [Times: user=0.01 sys=0.00, real=0.00 secs] 
2594.020: [GC (Allocation Failure) [PSYoungGen: 69440K->1424K(70144K)] 472644K->406676K(534528K), 0.0020102 secs] [Times: user=0.01 sys=0.00, real=0.00 secs] 
2594.313: [GC (Allocation Failure) [PSYoungGen: 69520K->320K(70144K)] 474772K->405572K(534528K), 0.0017674 secs] [Times: user=0.01 sys=0.00, real=0.00 secs] 
2594.596: [GC (Allocation Failure) [PSYoungGen: 68416K->320K(70144K)] 473668K->405588K(534528K), 0.0017308 secs] [Times: user=0.01 sys=0.00, real=0.01 secs] 
2594.878: [GC (Allocation Failure) [PSYoungGen: 68416K->352K(70144K)] 473684K->405620K(534528K), 0.0017462 secs] [Times: user=0.01 sys=0.00, real=0.00 secs] 
2595.456: [GC (Allocation Failure) [PSYoungGen: 68448K->1373K(69632K)] 473716K->406641K(534016K), 0.0020495 secs] [Times: user=0.01 sys=0.00, real=0.00 secs] 
2596.320: [GC (Allocation Failure) [PSYoungGen: 68957K->1408K(70144K)] 474225K->406676K(534528K), 0.0019501 secs] [Times: user=0.01 sys=0.00, real=0.00 secs] 
2596.861: [GC (Allocation Failure) [PSYoungGen: 68992K->1344K(70144K)] 474260K->406612K(534528K), 0.0018126 secs] [Times: user=0.00 sys=0.00, real=0.00 secs] 
2597.385: [GC (Allocation Failure) [PSYoungGen: 68928K->1376K(70144K)] 474196K->406644K(534528K), 0.0029602 secs] [Times: user=0.01 sys=0.01, real=0.01 secs] 
2597.908: [GC (Allocation Failure) [PSYoungGen: 68960K->1376K(70144K)] 474228K->406660K(534528K), 0.0024889 secs] [Times: user=0.01 sys=0.01, real=0.00 secs] 
2598.868: [GC (Allocation Failure) [PSYoungGen: 68960K->1376K(70144K)] 474244K->406660K(534528K), 0.0022464 secs] [Times: user=0.01 sys=0.00, real=0.00 secs] 
2599.150: [GC (Allocation Failure) [PSYoungGen: 68960K->1376K(70144K)] 474244K->406660K(534528K), 0.0020443 secs] [Times: user=0.00 sys=0.00, real=0.00 secs] 
2599.431: [GC (Allocation Failure) [PSYoungGen: 68960K->1344K(69120K)] 474244K->406628K(533504K), 0.0021812 secs] [Times: user=0.01 sys=0.00, real=0.00 secs] 
2599.712: [GC (Allocation Failure) [PSYoungGen: 68928K->1360K(69632K)] 474212K->406644K(534016K), 0.0021541 secs] [Times: user=0.01 sys=0.00, real=0.00 secs] 
2600.351: [GC (Allocation Failure) [PSYoungGen: 68944K->1389K(69632K)] 474228K->406673K(534016K), 0.0016051 secs] [Times: user=0.01 sys=0.00, real=0.00 secs] 
2600.736: [GC (Allocation Failure) [PSYoungGen: 68973K->1392K(69632K)] 474257K->406676K(534016K), 0.0018905 secs] [Times: user=0.01 sys=0.00, real=0.01 secs] 
2601.016: [GC (Allocation Failure) [PSYoungGen: 68976K->1344K(69632K)] 474260K->406628K(534016K), 0.0017991 secs] [Times: user=0.01 sys=0.00, real=0.00 secs] 
2601.296: [GC (Allocation Failure) [PSYoungGen: 68928K->1376K(69632K)] 474212K->406660K(534016K), 0.0018073 secs] [Times: user=0.00 sys=0.00, real=0.00 secs] 
2601.576: [GC (Allocation Failure) [PSYoungGen: 68960K->1376K(69632K)] 474244K->406660K(534016K), 0.0018384 secs] [Times: user=0.01 sys=0.00, real=0.00 secs] 
2603.030: [GC (Allocation Failure) [PSYoungGen: 68960K->1376K(69632K)] 474244K->406660K(534016K), 0.0040598 secs] [Times: user=0.01 sys=0.00, real=0.00 secs] 
2603.942: [GC (Allocation Failure) [PSYoungGen: 68960K->1344K(69632K)] 474244K->406628K(534016K), 0.0032930 secs] [Times: user=0.02 sys=0.00, real=0.00 secs] 
2604.675: [GC (Allocation Failure) [PSYoungGen: 68928K->1344K(69632K)] 474212K->406628K(534016K), 0.0041547 secs] [Times: user=0.02 sys=0.00, real=0.01 secs] 
2605.574: [GC (Allocation Failure) [PSYoungGen: 68928K->1344K(69632K)] 474212K->406628K(534016K), 0.0049062 secs] [Times: user=0.02 sys=0.00, real=0.01 secs] 
2607.126: [GC (Allocation Failure) [PSYoungGen: 68928K->1920K(69632K)] 474212K->407204K(534016K), 0.0022517 secs] [Times: user=0.01 sys=0.00, real=0.00 secs] 
2607.404: [GC (Allocation Failure) [PSYoungGen: 69504K->1344K(69632K)] 474788K->406628K(534016K), 0.0022587 secs] [Times: user=0.01 sys=0.01, real=0.01 secs] 
2607.715: [GC (Allocation Failure) [PSYoungGen: 68928K->1344K(69632K)] 474212K->406628K(534016K), 0.0020670 secs] [Times: user=0.01 sys=0.00, real=0.01 secs] 
2608.155: [GC (Allocation Failure) [PSYoungGen: 68928K->1344K(69632K)] 474212K->406628K(534016K), 0.0021152 secs] [Times: user=0.01 sys=0.00, real=0.01 secs] 
2608.683: [GC (Allocation Failure) [PSYoungGen: 68928K->1376K(69632K)] 474212K->406660K(534016K), 0.0021301 secs] [Times: user=0.01 sys=0.00, real=0.00 secs] 
2609.811: [GC (Allocation Failure) [PSYoungGen: 68960K->1408K(69632K)] 474244K->406692K(534016K), 0.0019822 secs] [Times: user=0.01 sys=0.01, real=0.00 secs] 
2610.453: [GC (Allocation Failure) [PSYoungGen: 68992K->1360K(69632K)] 474276K->406652K(534016K), 0.0024953 secs] [Times: user=0.01 sys=0.00, real=0.00 secs] 
2610.735: [GC (Allocation Failure) [PSYoungGen: 68944K->1376K(69632K)] 474236K->406668K(534016K), 0.0021979 secs] [Times: user=0.00 sys=0.00, real=0.01 secs] 
2611.096: [GC (Allocation Failure) [PSYoungGen: 68960K->1376K(69632K)] 474252K->406668K(534016K), 0.0021237 secs] [Times: user=0.01 sys=0.00, real=0.00 secs] 
2612.263: [GC (Allocation Failure) [PSYoungGen: 68960K->1376K(69632K)] 474252K->406668K(534016K), 0.0037643 secs] [Times: user=0.02 sys=0.01, real=0.01 secs] 
2613.336: [GC (Allocation Failure) [PSYoungGen: 68960K->1376K(69632K)] 474252K->406668K(534016K), 0.0032936 secs] [Times: user=0.01 sys=0.00, real=0.00 secs] 
2613.747: [GC (Allocation Failure) [PSYoungGen: 68960K->1376K(69632K)] 474252K->406668K(534016K), 0.0021402 secs] [Times: user=0.01 sys=0.00, real=0.00 secs] 
2614.028: [GC (Allocation Failure) [PSYoungGen: 68960K->1344K(69632K)] 474252K->406636K(534016K), 0.0021114 secs] [Times: user=0.01 sys=0.00, real=0.00 secs] 
2614.462: [GC (GCLocker Initiated GC) [PSYoungGen: 68928K->1341K(69632K)] 474220K->406633K(534016K), 0.0015743 secs] [Times: user=0.01 sys=0.00, real=0.00 secs] 
2616.378: [GC (Allocation Failure) [PSYoungGen: 68925K->1344K(69120K)] 474220K->406639K(533504K), 0.0051344 secs] [Times: user=0.01 sys=0.00, real=0.00 secs] 
2617.468: [GC (Allocation Failure) [PSYoungGen: 68928K->1312K(69120K)] 474223K->406607K(533504K), 0.0033943 secs] [Times: user=0.02 sys=0.00, real=0.00 secs] 
2618.118: [GC (Allocation Failure) [PSYoungGen: 68896K->288K(68608K)] 474191K->406607K(532992K), 0.0037027 secs] [Times: user=0.01 sys=0.00, real=0.00 secs] 
2618.721: [GC (Allocation Failure) [PSYoungGen: 67872K->320K(69632K)] 474191K->406639K(534016K), 0.0030332 secs] [Times: user=0.01 sys=0.00, real=0.00 secs] 
2619.671: [GC (Allocation Failure) [PSYoungGen: 67904K->1440K(69632K)] 474223K->407759K(534016K), 0.0018304 secs] [Times: user=0.01 sys=0.00, real=0.00 secs] 
2619.952: [GC (Allocation Failure) [PSYoungGen: 69024K->1440K(69632K)] 475343K->407759K(534016K), 0.0019051 secs] [Times: user=0.01 sys=0.00, real=0.00 secs] 
2620.367: [GC (Allocation Failure) [PSYoungGen: 69024K->1408K(69632K)] 475343K->407727K(534016K), 0.0020993 secs] [Times: user=0.01 sys=0.00, real=0.00 secs] 
2620.943: [GC (Allocation Failure) [PSYoungGen: 68992K->1440K(69632K)] 475311K->407767K(534016K), 0.0036633 secs] [Times: user=0.01 sys=0.00, real=0.01 secs] 
2621.964: [GC (Allocation Failure) [PSYoungGen: 69024K->1405K(69632K)] 475351K->407732K(534016K), 0.0014561 secs] [Times: user=0.01 sys=0.00, real=0.00 secs] 
2622.695: [GC (Allocation Failure) [PSYoungGen: 68989K->1440K(69632K)] 475316K->407767K(534016K), 0.0032898 secs] [Times: user=0.01 sys=0.00, real=0.01 secs] 
2623.133: [GC (Allocation Failure) [PSYoungGen: 69024K->1392K(69632K)] 475351K->407719K(534016K), 0.0021293 secs] [Times: user=0.01 sys=0.00, real=0.00 secs] 
2623.705: [GC (Allocation Failure) [PSYoungGen: 68976K->1440K(69632K)] 475303K->407767K(534016K), 0.0022048 secs] [Times: user=0.01 sys=0.00, real=0.01 secs] 
2624.238: [GC (Allocation Failure) [PSYoungGen: 69024K->1408K(69632K)] 475351K->407735K(534016K), 0.0021791 secs] [Times: user=0.01 sys=0.01, real=0.00 secs] 
2625.179: [GC (Allocation Failure) [PSYoungGen: 68992K->1440K(69632K)] 475319K->407767K(534016K), 0.0019900 secs] [Times: user=0.01 sys=0.00, real=0.00 secs] 
2625.599: [GC (Allocation Failure) [PSYoungGen: 69024K->1408K(69632K)] 475351K->407735K(534016K), 0.0020196 secs] [Times: user=0.00 sys=0.00, real=0.00 secs] 
2625.890: [GC (Allocation Failure) [PSYoungGen: 68992K->1344K(69632K)] 475319K->407719K(534016K), 0.0023475 secs] [Times: user=0.01 sys=0.00, real=0.00 secs] 
2626.288: [GC (Allocation Failure) [PSYoungGen: 68928K->1376K(69632K)] 475303K->407751K(534016K), 0.0020117 secs] [Times: user=0.00 sys=0.00, real=0.00 secs] 
2627.427: [GC (Allocation Failure) [PSYoungGen: 68960K->1920K(69632K)] 475335K->408295K(534016K), 0.0019858 secs] [Times: user=0.01 sys=0.00, real=0.00 secs] 
2628.028: [GC (Allocation Failure) [PSYoungGen: 69504K->1408K(69632K)] 475879K->407783K(534016K), 0.0020638 secs] [Times: user=0.01 sys=0.00, real=0.00 secs] 
2628.412: [GC (Allocation Failure) [PSYoungGen: 68992K->1312K(69632K)] 475367K->407687K(534016K), 0.0022972 secs] [Times: user=0.01 sys=0.00, real=0.00 secs] 
2628.751: [GC (Allocation Failure) [PSYoungGen: 68896K->1344K(69632K)] 475271K->407719K(534016K), 0.0018710 secs] [Times: user=0.00 sys=0.00, real=0.00 secs] 
2629.295: [GC (Allocation Failure) [PSYoungGen: 68928K->1328K(69632K)] 475303K->407719K(534016K), 0.0020417 secs] [Times: user=0.01 sys=0.00, real=0.01 secs] 
2630.466: [GC (Allocation Failure) [PSYoungGen: 68912K->1376K(69632K)] 475303K->407767K(534016K), 0.0021696 secs] [Times: user=0.01 sys=0.00, real=0.00 secs] 
2631.068: [GC (Allocation Failure) [PSYoungGen: 68960K->1344K(69632K)] 475351K->407735K(534016K), 0.0021995 secs] [Times: user=0.01 sys=0.00, real=0.00 secs] 
2631.588: [GC (Allocation Failure) [PSYoungGen: 68928K->1344K(69632K)] 475319K->407735K(534016K), 0.0023840 secs] [Times: user=0.01 sys=0.00, real=0.00 secs] 
2632.120: [GC (Allocation Failure) [PSYoungGen: 68928K->1344K(69632K)] 475319K->407735K(534016K), 0.0024017 secs] [Times: user=0.01 sys=0.00, real=0.00 secs] 
2633.015: [GC (Allocation Failure) [PSYoungGen: 68928K->1408K(69632K)] 475319K->407799K(534016K), 0.0018910 secs] [Times: user=0.01 sys=0.00, real=0.01 secs] 
2633.299: [GC (Allocation Failure) [PSYoungGen: 68992K->1344K(69632K)] 475383K->407735K(534016K), 0.0018075 secs] [Times: user=0.01 sys=0.00, real=0.00 secs] 
2633.580: [GC (Allocation Failure) [PSYoungGen: 68928K->1376K(69632K)] 475319K->407767K(534016K), 0.0018066 secs] [Times: user=0.01 sys=0.00, real=0.00 secs] 
2633.913: [GC (Allocation Failure) [PSYoungGen: 68960K->1376K(69632K)] 475351K->407767K(534016K), 0.0019391 secs] [Times: user=0.01 sys=0.00, real=0.00 secs] 
2634.408: [GC (Allocation Failure) [PSYoungGen: 68960K->1389K(69632K)] 475351K->407780K(534016K), 0.0015676 secs] [Times: user=0.00 sys=0.00, real=0.00 secs] 
2636.226: [GC (Allocation Failure) [PSYoungGen: 68973K->1376K(69632K)] 475364K->407767K(534016K), 0.0033207 secs] [Times: user=0.01 sys=0.00, real=0.00 secs] 
2636.863: [GC (Allocation Failure) [PSYoungGen: 68960K->1328K(69120K)] 475351K->407719K(533504K), 0.0041937 secs] [Times: user=0.01 sys=0.01, real=0.01 secs] 
2637.670: [GC (Allocation Failure) [PSYoungGen: 68912K->1344K(69120K)] 475303K->407735K(533504K), 0.0044047 secs] [Times: user=0.02 sys=0.01, real=0.00 secs] 
2638.338: [GC (Allocation Failure) [PSYoungGen: 68928K->320K(68608K)] 475319K->407735K(532992K), 0.0032796 secs] [Times: user=0.01 sys=0.00, real=0.00 secs] 
2639.337: [GC (Allocation Failure) [PSYoungGen: 67904K->1408K(69632K)] 475319K->408823K(534016K), 0.0019375 secs] [Times: user=0.01 sys=0.00, real=0.00 secs] 
2639.640: [GC (Allocation Failure) [PSYoungGen: 68992K->1344K(69632K)] 476407K->408759K(534016K), 0.0020474 secs] [Times: user=0.01 sys=0.00, real=0.00 secs] 
2640.103: [GC (Allocation Failure) [PSYoungGen: 68928K->1376K(69632K)] 476343K->408799K(534016K), 0.0019863 secs] [Times: user=0.01 sys=0.00, real=0.00 secs] 
2640.660: [GC (Allocation Failure) [PSYoungGen: 68960K->1344K(69632K)] 476383K->408767K(534016K), 0.0041221 secs] [Times: user=0.02 sys=0.00, real=0.00 secs] 
2641.709: [GC (Allocation Failure) [PSYoungGen: 68928K->160K(69632K)] 476351K->407583K(534016K), 0.0016372 secs] [Times: user=0.00 sys=0.00, real=0.00 secs] 
2642.712: [GC (Allocation Failure) [PSYoungGen: 67744K->1376K(69632K)] 475167K->408799K(534016K), 0.0054288 secs] [Times: user=0.03 sys=0.00, real=0.01 secs] 
2643.390: [GC (Allocation Failure) [PSYoungGen: 68960K->1376K(69632K)] 476383K->408799K(534016K), 0.0034274 secs] [Times: user=0.01 sys=0.00, real=0.00 secs] 
2644.027: [GC (Allocation Failure) [PSYoungGen: 68960K->1376K(69632K)] 476383K->408799K(534016K), 0.0034164 secs] [Times: user=0.01 sys=0.00, real=0.00 secs] 
2644.798: [GC (Allocation Failure) [PSYoungGen: 68960K->1344K(69632K)] 476383K->408767K(534016K), 0.0033299 secs] [Times: user=0.01 sys=0.00, real=0.00 secs] 
2645.940: [GC (Allocation Failure) [PSYoungGen: 68928K->1408K(69632K)] 476351K->408831K(534016K), 0.0018508 secs] [Times: user=0.00 sys=0.00, real=0.00 secs] 
2646.638: [GC (Allocation Failure) [PSYoungGen: 68992K->1344K(69632K)] 476415K->408767K(534016K), 0.0018659 secs] [Times: user=0.01 sys=0.00, real=0.00 secs] 
2647.239: [GC (Allocation Failure) [PSYoungGen: 68928K->1344K(69632K)] 476351K->408767K(534016K), 0.0020009 secs] [Times: user=0.01 sys=0.00, real=0.00 secs] 
2647.997: [GC (Allocation Failure) [PSYoungGen: 68928K->1376K(69632K)] 476351K->408799K(534016K), 0.0020458 secs] [Times: user=0.01 sys=0.00, real=0.00 secs] 
2649.227: [GC (Allocation Failure) [PSYoungGen: 68960K->1920K(69632K)] 476383K->409343K(534016K), 0.0018877 secs] [Times: user=0.01 sys=0.00, real=0.00 secs] 
2649.511: [GC (Allocation Failure) [PSYoungGen: 69504K->1408K(69632K)] 476927K->408831K(534016K), 0.0017720 secs] [Times: user=0.00 sys=0.00, real=0.00 secs] 
2649.791: [GC (Allocation Failure) [PSYoungGen: 68992K->1344K(69632K)] 476415K->408767K(534016K), 0.0017702 secs] [Times: user=0.01 sys=0.00, real=0.00 secs] 
2650.072: [GC (Allocation Failure) [PSYoungGen: 68928K->1376K(69632K)] 476351K->408799K(534016K), 0.0018153 secs] [Times: user=0.00 sys=0.00, real=0.00 secs] 
2650.392: [GC (Allocation Failure) [PSYoungGen: 68960K->1344K(69632K)] 476383K->408775K(534016K), 0.0020063 secs] [Times: user=0.00 sys=0.00, real=0.00 secs] 
2651.448: [GC (Allocation Failure) [PSYoungGen: 68928K->1376K(69632K)] 476359K->408807K(534016K), 0.0016475 secs] [Times: user=0.01 sys=0.00, real=0.00 secs] 
2652.485: [GC (Allocation Failure) [PSYoungGen: 68960K->1344K(69632K)] 476391K->408775K(534016K), 0.0050157 secs] [Times: user=0.02 sys=0.01, real=0.01 secs] 
2653.321: [GC (Allocation Failure) [PSYoungGen: 68928K->1376K(69632K)] 476359K->408815K(534016K), 0.0046723 secs] [Times: user=0.02 sys=0.00, real=0.00 secs] 
2654.136: [GC (Allocation Failure) [PSYoungGen: 68960K->1344K(69632K)] 476399K->408783K(534016K), 0.0042768 secs] [Times: user=0.02 sys=0.00, real=0.00 secs] 
2655.087: [GC (Allocation Failure) [PSYoungGen: 68928K->1440K(69632K)] 476367K->408879K(534016K), 0.0019915 secs] [Times: user=0.01 sys=0.00, real=0.00 secs] 
2655.529: [GC (Allocation Failure) [PSYoungGen: 69024K->1344K(69632K)] 476463K->408783K(534016K), 0.0022230 secs] [Times: user=0.01 sys=0.00, real=0.00 secs] 
2655.932: [GC (Allocation Failure) [PSYoungGen: 68928K->1328K(69632K)] 476367K->408767K(534016K), 0.0020176 secs] [Times: user=0.01 sys=0.00, real=0.00 secs] 
2656.249: [GC (Allocation Failure) [PSYoungGen: 68912K->1312K(69632K)] 476351K->408751K(534016K), 0.0020634 secs] [Times: user=0.01 sys=0.00, real=0.00 secs] 
2656.954: [GC (Allocation Failure) [PSYoungGen: 68896K->1373K(69632K)] 476335K->408812K(534016K), 0.0015320 secs] [Times: user=0.01 sys=0.00, real=0.00 secs] 
2658.383: [GC (Allocation Failure) [PSYoungGen: 68957K->1344K(69632K)] 476396K->408791K(534016K), 0.0042085 secs] [Times: user=0.01 sys=0.00, real=0.01 secs] 
2659.125: [GC (Allocation Failure) [PSYoungGen: 68928K->1312K(69120K)] 476375K->408767K(533504K), 0.0038420 secs] [Times: user=0.02 sys=0.00, real=0.01 secs] 
2659.613: [GC (Allocation Failure) [PSYoungGen: 68896K->1360K(69120K)] 476351K->408815K(533504K), 0.0021539 secs] [Times: user=0.01 sys=0.00, real=0.00 secs] 
2659.913: [GC (Allocation Failure) [PSYoungGen: 68944K->1376K(69120K)] 476399K->408831K(533504K), 0.0021560 secs] [Times: user=0.01 sys=0.00, real=0.00 secs] 
2660.757: [GC (Allocation Failure) [PSYoungGen: 68960K->1344K(69120K)] 476415K->408815K(533504K), 0.0018500 secs] [Times: user=0.00 sys=0.00, real=0.00 secs] 
2661.359: [GC (Allocation Failure) [PSYoungGen: 68928K->1408K(69120K)] 476399K->408879K(533504K), 0.0019800 secs] [Times: user=0.01 sys=0.00, real=0.00 secs] 
2661.955: [GC (Allocation Failure) [PSYoungGen: 68992K->1376K(69120K)] 476463K->408847K(533504K), 0.0019730 secs] [Times: user=0.01 sys=0.00, real=0.01 secs] 
2662.452: [GC (Allocation Failure) [PSYoungGen: 68960K->1344K(69120K)] 476431K->408815K(533504K), 0.0019481 secs] [Times: user=0.01 sys=0.00, real=0.00 secs] 
2663.347: [GC (Allocation Failure) [PSYoungGen: 68928K->160K(68608K)] 476399K->407631K(532992K), 0.0015586 secs] [Times: user=0.01 sys=0.00, real=0.00 secs] 
2664.352: [GC (Allocation Failure) [PSYoungGen: 67232K->1376K(69120K)] 474703K->408847K(533504K), 0.0033213 secs] [Times: user=0.01 sys=0.00, real=0.00 secs] 
2664.922: [GC (Allocation Failure) [PSYoungGen: 68448K->1392K(69120K)] 475919K->408863K(533504K), 0.0028865 secs] [Times: user=0.02 sys=0.00, real=0.00 secs] 
2665.498: [GC (Allocation Failure) [PSYoungGen: 68464K->1344K(69120K)] 475935K->408815K(533504K), 0.0030486 secs] [Times: user=0.01 sys=0.00, real=0.00 secs] 
2665.866: [GC (Allocation Failure) [PSYoungGen: 68416K->1376K(69120K)] 475887K->408847K(533504K), 0.0019886 secs] [Times: user=0.00 sys=0.00, real=0.00 secs] 
2666.938: [GC (Allocation Failure) [PSYoungGen: 68448K->1376K(69120K)] 475919K->408847K(533504K), 0.0024690 secs] [Times: user=0.02 sys=0.00, real=0.00 secs] 
2667.361: [GC (Allocation Failure) [PSYoungGen: 68448K->1312K(69120K)] 475919K->408783K(533504K), 0.0020375 secs] [Times: user=0.01 sys=0.00, real=0.00 secs] 
2668.112: [GC (Allocation Failure) [PSYoungGen: 68384K->1344K(69120K)] 475855K->408815K(533504K), 0.0029810 secs] [Times: user=0.02 sys=0.01, real=0.00 secs] 
2668.912: [GC (Allocation Failure) [PSYoungGen: 68416K->1376K(69120K)] 475887K->408847K(533504K), 0.0032822 secs] [Times: user=0.02 sys=0.00, real=0.00 secs] 
2670.177: [GC (Allocation Failure) [PSYoungGen: 68448K->1664K(69120K)] 475919K->409135K(533504K), 0.0017247 secs] [Times: user=0.01 sys=0.00, real=0.00 secs] 
2670.782: [GC (Allocation Failure) [PSYoungGen: 68736K->1376K(69120K)] 476207K->408847K(533504K), 0.0022489 secs] [Times: user=0.01 sys=0.00, real=0.00 secs] 
2671.693: [GC (Allocation Failure) [PSYoungGen: 68448K->1344K(69120K)] 475919K->408823K(533504K), 0.0034163 secs] [Times: user=0.02 sys=0.00, real=0.01 secs] 
2672.420: [GC (Allocation Failure) [PSYoungGen: 68416K->1344K(69120K)] 475895K->408823K(533504K), 0.0033049 secs] [Times: user=0.02 sys=0.00, real=0.00 secs] 
2673.255: [GC (Allocation Failure) [PSYoungGen: 68416K->1376K(69120K)] 475895K->408855K(533504K), 0.0036512 secs] [Times: user=0.01 sys=0.00, real=0.01 secs] 
2674.623: [GC (Allocation Failure) [PSYoungGen: 68448K->1408K(69120K)] 475927K->408887K(533504K), 0.0023470 secs] [Times: user=0.01 sys=0.00, real=0.01 secs] 
2675.703: [GC (Allocation Failure) [PSYoungGen: 68480K->1376K(69120K)] 475959K->408855K(533504K), 0.0041067 secs] [Times: user=0.02 sys=0.00, real=0.01 secs] 
2676.502: [GC (Allocation Failure) [PSYoungGen: 68448K->1344K(69120K)] 475927K->408823K(533504K), 0.0032724 secs] [Times: user=0.01 sys=0.00, real=0.00 secs] 
2676.993: [GC (Allocation Failure) [PSYoungGen: 68416K->1344K(69120K)] 475895K->408823K(533504K), 0.0028811 secs] [Times: user=0.01 sys=0.00, real=0.01 secs] 
2678.182: [GC (Allocation Failure) [PSYoungGen: 68416K->1376K(69120K)] 475895K->409879K(533504K), 0.0022276 secs] [Times: user=0.01 sys=0.00, real=0.00 secs] 
2679.534: [GC (Allocation Failure) [PSYoungGen: 68448K->320K(69120K)] 476951K->408823K(533504K), 0.0032709 secs] [Times: user=0.01 sys=0.00, real=0.01 secs] 
2680.000: [GC (Allocation Failure) [PSYoungGen: 67392K->352K(69120K)] 475895K->408863K(533504K), 0.0022720 secs] [Times: user=0.01 sys=0.00, real=0.00 secs] 
2680.476: [GC (Allocation Failure) [PSYoungGen: 67424K->320K(69120K)] 475935K->408831K(533504K), 0.0022735 secs] [Times: user=0.01 sys=0.00, real=0.00 secs] 
2680.999: [GC (Allocation Failure) [PSYoungGen: 67392K->320K(69120K)] 475903K->408831K(533504K), 0.0040165 secs] [Times: user=0.02 sys=0.00, real=0.00 secs] 
2681.951: [GC (Allocation Failure) [PSYoungGen: 67392K->1408K(69120K)] 475903K->409919K(533504K), 0.0027768 secs] [Times: user=0.01 sys=0.00, real=0.00 secs] 
2682.229: [GC (Allocation Failure) [PSYoungGen: 68480K->1344K(69120K)] 476991K->409863K(533504K), 0.0020533 secs] [Times: user=0.01 sys=0.00, real=0.00 secs] 
2682.697: [GC (Allocation Failure) [PSYoungGen: 68416K->1376K(69120K)] 476935K->409895K(533504K), 0.0022241 secs] [Times: user=0.01 sys=0.00, real=0.00 secs] 
2683.200: [GC (Allocation Failure) [PSYoungGen: 68448K->1344K(69120K)] 476967K->409863K(533504K), 0.0028181 secs] [Times: user=0.01 sys=0.00, real=0.00 secs] 
2684.211: [GC (Allocation Failure) [PSYoungGen: 68416K->1408K(69120K)] 476935K->410951K(533504K), 0.0020580 secs] [Times: user=0.01 sys=0.00, real=0.00 secs] 
2685.010: [GC (Allocation Failure) [PSYoungGen: 68480K->336K(68608K)] 478023K->409879K(532992K), 0.0032273 secs] [Times: user=0.01 sys=0.00, real=0.00 secs] 
2685.659: [GC (Allocation Failure) [PSYoungGen: 66896K->320K(69120K)] 476439K->409863K(533504K), 0.0040589 secs] [Times: user=0.02 sys=0.00, real=0.00 secs] 
2686.353: [GC (Allocation Failure) [PSYoungGen: 66880K->320K(69120K)] 476423K->409863K(533504K), 0.0041017 secs] [Times: user=0.01 sys=0.00, real=0.01 secs] 
2686.956: [GC (Allocation Failure) [PSYoungGen: 66880K->1341K(69120K)] 476423K->410884K(533504K), 0.0028589 secs] [Times: user=0.01 sys=0.00, real=0.00 secs] 
2687.994: [GC (Allocation Failure) [PSYoungGen: 67901K->1408K(69120K)] 477444K->410951K(533504K), 0.0022892 secs] [Times: user=0.01 sys=0.00, real=0.01 secs] 
2688.737: [GC (Allocation Failure) [PSYoungGen: 67968K->1328K(69120K)] 477511K->410879K(533504K), 0.0029284 secs] [Times: user=0.02 sys=0.00, real=0.00 secs] 
2689.287: [GC (Allocation Failure) [PSYoungGen: 67888K->1344K(69120K)] 477439K->410895K(533504K), 0.0024775 secs] [Times: user=0.01 sys=0.00, real=0.00 secs] 
2689.896: [GC (Allocation Failure) [PSYoungGen: 67904K->1376K(69120K)] 477455K->410927K(533504K), 0.0029373 secs] [Times: user=0.01 sys=0.01, real=0.01 secs] 
2690.927: [GC (Allocation Failure) [PSYoungGen: 67936K->1408K(69120K)] 477487K->410967K(533504K), 0.0020023 secs] [Times: user=0.01 sys=0.01, real=0.00 secs] 
2691.269: [GC (Allocation Failure) [PSYoungGen: 67968K->1344K(69120K)] 477527K->410903K(533504K), 0.0021491 secs] [Times: user=0.01 sys=0.00, real=0.00 secs] 
2691.588: [GC (Allocation Failure) [PSYoungGen: 67904K->1312K(69120K)] 477463K->410871K(533504K), 0.0021331 secs] [Times: user=0.01 sys=0.00, real=0.00 secs] 
2691.864: [GC (Allocation Failure) [PSYoungGen: 67872K->1328K(69120K)] 477431K->410887K(533504K), 0.0020336 secs] [Times: user=0.01 sys=0.00, real=0.01 secs] 
2692.370: [GC (Allocation Failure) [PSYoungGen: 67888K->1341K(69120K)] 477447K->410900K(533504K), 0.0022866 secs] [Times: user=0.01 sys=0.00, real=0.00 secs] 
2693.121: [GC (Allocation Failure) [PSYoungGen: 67901K->1408K(68096K)] 477460K->410967K(532480K), 0.0024655 secs] [Times: user=0.01 sys=0.00, real=0.00 secs] 
2693.488: [GC (Allocation Failure) [PSYoungGen: 67968K->1344K(68608K)] 477527K->410903K(532992K), 0.0020130 secs] [Times: user=0.00 sys=0.00, real=0.00 secs] 
2693.979: [GC (Allocation Failure) [PSYoungGen: 67904K->1344K(68608K)] 477463K->410903K(532992K), 0.0021744 secs] [Times: user=0.00 sys=0.00, real=0.00 secs] 
2694.458: [GC (Allocation Failure) [PSYoungGen: 67904K->1344K(68608K)] 477463K->410903K(532992K), 0.0019751 secs] [Times: user=0.01 sys=0.00, real=0.00 secs] 
2695.438: [GC (Allocation Failure) [PSYoungGen: 67904K->1408K(68608K)] 477463K->410967K(532992K), 0.0020919 secs] [Times: user=0.01 sys=0.00, real=0.00 secs] 
2696.049: [GC (Allocation Failure) [PSYoungGen: 67968K->1344K(68608K)] 477527K->410903K(532992K), 0.0029852 secs] [Times: user=0.01 sys=0.00, real=0.00 secs] 
2696.665: [GC (Allocation Failure) [PSYoungGen: 67904K->1376K(68608K)] 477463K->410935K(532992K), 0.0033388 secs] [Times: user=0.01 sys=0.00, real=0.01 secs] 
2697.040: [GC (Allocation Failure) [PSYoungGen: 67936K->1344K(68608K)] 477495K->410903K(532992K), 0.0019927 secs] [Times: user=0.01 sys=0.00, real=0.00 secs] 
2697.420: [GC (Allocation Failure) [PSYoungGen: 67904K->1373K(68608K)] 477463K->410932K(532992K), 0.0014535 secs] [Times: user=0.01 sys=0.00, real=0.00 secs] 
2698.445: [GC (Allocation Failure) [PSYoungGen: 67933K->1408K(68608K)] 477492K->410967K(532992K), 0.0026527 secs] [Times: user=0.01 sys=0.00, real=0.01 secs] 
2699.164: [GC (Allocation Failure) [PSYoungGen: 67968K->1344K(68608K)] 477527K->410927K(532992K), 0.0043586 secs] [Times: user=0.01 sys=0.00, real=0.01 secs] 
2699.877: [GC (Allocation Failure) [PSYoungGen: 67904K->1376K(68608K)] 477487K->410959K(532992K), 0.0031948 secs] [Times: user=0.01 sys=0.01, real=0.00 secs] 
2700.563: [GC (Allocation Failure) [PSYoungGen: 67936K->1344K(68608K)] 477519K->410927K(532992K), 0.0030445 secs] [Times: user=0.01 sys=0.00, real=0.01 secs] 
2701.867: [GC (Allocation Failure) [PSYoungGen: 67904K->1408K(68608K)] 477487K->410991K(532992K), 0.0024874 secs] [Times: user=0.01 sys=0.00, real=0.00 secs] 
2702.514: [GC (Allocation Failure) [PSYoungGen: 67968K->1376K(68608K)] 477551K->410959K(532992K), 0.0028949 secs] [Times: user=0.01 sys=0.00, real=0.01 secs] 
2703.008: [GC (Allocation Failure) [PSYoungGen: 67936K->1376K(68608K)] 477519K->410959K(532992K), 0.0024829 secs] [Times: user=0.01 sys=0.00, real=0.00 secs] 
2703.303: [GC (Allocation Failure) [PSYoungGen: 67936K->1312K(68608K)] 477519K->410895K(532992K), 0.0022800 secs] [Times: user=0.01 sys=0.00, real=0.00 secs] 
2703.892: [GC (Allocation Failure) [PSYoungGen: 67872K->1389K(68608K)] 477455K->410972K(532992K), 0.0014871 secs] [Times: user=0.01 sys=0.00, real=0.00 secs] 
2704.966: [GC (Allocation Failure) [PSYoungGen: 67949K->1376K(68608K)] 477532K->410959K(532992K), 0.0023087 secs] [Times: user=0.01 sys=0.00, real=0.00 secs] 
2705.927: [GC (Allocation Failure) [PSYoungGen: 67936K->1312K(68608K)] 477519K->410895K(532992K), 0.0041558 secs] [Times: user=0.02 sys=0.00, real=0.00 secs] 
2706.647: [GC (Allocation Failure) [PSYoungGen: 67872K->1344K(68608K)] 477455K->410927K(532992K), 0.0033048 secs] [Times: user=0.02 sys=0.00, real=0.00 secs] 
2707.370: [GC (Allocation Failure) [PSYoungGen: 67904K->1344K(68608K)] 477487K->410927K(532992K), 0.0030238 secs] [Times: user=0.01 sys=0.00, real=0.00 secs] 
2708.484: [GC (Allocation Failure) [PSYoungGen: 67904K->1376K(68096K)] 477487K->410959K(532480K), 0.0019432 secs] [Times: user=0.01 sys=0.00, real=0.01 secs] 
2708.995: [GC (Allocation Failure) [PSYoungGen: 67936K->1344K(68096K)] 477519K->410927K(532480K), 0.0020994 secs] [Times: user=0.01 sys=0.00, real=0.01 secs] 
2709.677: [GC (Allocation Failure) [PSYoungGen: 67904K->1344K(68096K)] 477487K->410927K(532480K), 0.0040896 secs] [Times: user=0.02 sys=0.00, real=0.00 secs] 
2710.445: [GC (Allocation Failure) [PSYoungGen: 67904K->1344K(68096K)] 477487K->410927K(532480K), 0.0037105 secs] [Times: user=0.01 sys=0.00, real=0.01 secs] 
2711.563: [GC (Allocation Failure) [PSYoungGen: 67904K->1373K(68096K)] 477487K->410956K(532480K), 0.0019871 secs] [Times: user=0.01 sys=0.00, real=0.00 secs] 
2713.493: [GC (Allocation Failure) [PSYoungGen: 67933K->1408K(68096K)] 477516K->410999K(532480K), 0.0037350 secs] [Times: user=0.02 sys=0.00, real=0.01 secs] 
2714.218: [GC (Allocation Failure) [PSYoungGen: 67968K->1344K(68096K)] 477559K->410935K(532480K), 0.0035672 secs] [Times: user=0.02 sys=0.00, real=0.00 secs] 
2715.172: [GC (Allocation Failure) [PSYoungGen: 67904K->1312K(68096K)] 477495K->410903K(532480K), 0.0041672 secs] [Times: user=0.02 sys=0.00, real=0.01 secs] 
2716.338: [GC (Allocation Failure) [PSYoungGen: 67872K->1376K(68096K)] 477463K->410967K(532480K), 0.0036817 secs] [Times: user=0.02 sys=0.00, real=0.00 secs] 
2719.148: [GC (Allocation Failure) [PSYoungGen: 67936K->1408K(68096K)] 477527K->410999K(532480K), 0.0027242 secs] [Times: user=0.01 sys=0.00, real=0.00 secs] 
2719.652: [GC (Allocation Failure) [PSYoungGen: 67968K->1376K(68096K)] 477559K->410967K(532480K), 0.0021730 secs] [Times: user=0.01 sys=0.00, real=0.00 secs] 
2720.338: [GC (Allocation Failure) [PSYoungGen: 67936K->1376K(68096K)] 477527K->410967K(532480K), 0.0027025 secs] [Times: user=0.01 sys=0.00, real=0.00 secs] 
2721.022: [GC (Allocation Failure) [PSYoungGen: 67936K->1360K(68096K)] 477527K->410951K(532480K), 0.0028282 secs] [Times: user=0.01 sys=0.00, real=0.00 secs] 
2721.892: [GC (Allocation Failure) [PSYoungGen: 67920K->1360K(68096K)] 477511K->410951K(532480K), 0.0014665 secs] [Times: user=0.00 sys=0.00, real=0.00 secs] 
2722.434: [GC (Allocation Failure) [PSYoungGen: 67920K->1408K(68096K)] 477511K->410999K(532480K), 0.0017598 secs] [Times: user=0.01 sys=0.00, real=0.01 secs] 
2722.751: [GC (Allocation Failure) [PSYoungGen: 67968K->1376K(68096K)] 477559K->410967K(532480K), 0.0019979 secs] [Times: user=0.01 sys=0.00, real=0.00 secs] 
2723.028: [GC (Allocation Failure) [PSYoungGen: 67936K->1360K(68096K)] 477527K->410951K(532480K), 0.0019927 secs] [Times: user=0.00 sys=0.00, real=0.00 secs] 
2723.305: [GC (Allocation Failure) [PSYoungGen: 67920K->1408K(68096K)] 477511K->410999K(532480K), 0.0017244 secs] [Times: user=0.01 sys=0.00, real=0.01 secs] 
2724.084: [GC (Allocation Failure) [PSYoungGen: 67968K->1376K(68096K)] 477559K->410983K(532480K), 0.0020280 secs] [Times: user=0.01 sys=0.00, real=0.01 secs] 
2724.405: [GC (Allocation Failure) [PSYoungGen: 67936K->1344K(68096K)] 477543K->410951K(532480K), 0.0020624 secs] [Times: user=0.01 sys=0.00, real=0.01 secs] 
2724.682: [GC (Allocation Failure) [PSYoungGen: 67904K->1344K(68096K)] 477511K->410951K(532480K), 0.0026571 secs] [Times: user=0.01 sys=0.00, real=0.00 secs] 
2724.960: [GC (Allocation Failure) [PSYoungGen: 67904K->1344K(68096K)] 477511K->410951K(532480K), 0.0022687 secs] [Times: user=0.01 sys=0.00, real=0.00 secs] 
2725.515: [GC (Allocation Failure) [PSYoungGen: 67904K->1373K(68096K)] 477511K->410980K(532480K), 0.0015239 secs] [Times: user=0.00 sys=0.00, real=0.01 secs] 
2726.766: [GC (Allocation Failure) [PSYoungGen: 67933K->1376K(68096K)] 477540K->410983K(532480K), 0.0042717 secs] [Times: user=0.02 sys=0.00, real=0.00 secs] 
2727.569: [GC (Allocation Failure) [PSYoungGen: 67936K->1376K(68096K)] 477543K->410983K(532480K), 0.0036833 secs] [Times: user=0.02 sys=0.01, real=0.00 secs] 
2728.363: [GC (Allocation Failure) [PSYoungGen: 67936K->1312K(68096K)] 477543K->410919K(532480K), 0.0042240 secs] [Times: user=0.02 sys=0.00, real=0.01 secs] 
2728.956: [GC (Allocation Failure) [PSYoungGen: 67872K->1376K(68096K)] 477479K->411007K(532480K), 0.0042543 secs] [Times: user=0.02 sys=0.00, real=0.00 secs] 
2729.887: [GC (Allocation Failure) [PSYoungGen: 67936K->1440K(68096K)] 477567K->411071K(532480K), 0.0019688 secs] [Times: user=0.01 sys=0.00, real=0.00 secs] 
2730.260: [GC (Allocation Failure) [PSYoungGen: 68000K->1376K(68096K)] 477631K->411007K(532480K), 0.0019058 secs] [Times: user=0.01 sys=0.00, real=0.00 secs] 
2730.769: [GC (Allocation Failure) [PSYoungGen: 67936K->1376K(68096K)] 477567K->411015K(532480K), 0.0027479 secs] [Times: user=0.01 sys=0.00, real=0.00 secs] 
2731.315: [GC (Allocation Failure) [PSYoungGen: 67936K->1376K(68096K)] 477575K->411015K(532480K), 0.0024746 secs] [Times: user=0.01 sys=0.00, real=0.01 secs] 
2732.143: [GC (Allocation Failure) [PSYoungGen: 67936K->1357K(68096K)] 477575K->410996K(532480K), 0.0015372 secs] [Times: user=0.00 sys=0.00, real=0.00 secs] 
2733.766: [GC (Allocation Failure) [PSYoungGen: 67917K->1376K(68096K)] 477556K->411015K(532480K), 0.0035786 secs] [Times: user=0.02 sys=0.00, real=0.00 secs] 
2734.606: [GC (Allocation Failure) [PSYoungGen: 67936K->1344K(68096K)] 477575K->410983K(532480K), 0.0037012 secs] [Times: user=0.01 sys=0.00, real=0.00 secs] 
2735.502: [GC (Allocation Failure) [PSYoungGen: 67904K->1360K(68096K)] 477543K->410999K(532480K), 0.0035471 secs] [Times: user=0.01 sys=0.00, real=0.00 secs] 
2736.100: [GC (Allocation Failure) [PSYoungGen: 67920K->1344K(68096K)] 477559K->410983K(532480K), 0.0037083 secs] [Times: user=0.01 sys=0.00, real=0.00 secs] 
2736.917: [GC (Allocation Failure) [PSYoungGen: 67904K->1376K(68096K)] 477543K->411015K(532480K), 0.0019066 secs] [Times: user=0.01 sys=0.00, real=0.00 secs] 
2737.483: [GC (Allocation Failure) [PSYoungGen: 67936K->1376K(68096K)] 477575K->411015K(532480K), 0.0018706 secs] [Times: user=0.01 sys=0.00, real=0.00 secs] 
2738.276: [GC (Allocation Failure) [PSYoungGen: 67936K->1328K(68096K)] 477575K->410967K(532480K), 0.0042679 secs] [Times: user=0.02 sys=0.00, real=0.00 secs] 
2739.119: [GC (Allocation Failure) [PSYoungGen: 67888K->1344K(68096K)] 477527K->410983K(532480K), 0.0044779 secs] [Times: user=0.02 sys=0.00, real=0.00 secs] 
2740.269: [GC (Allocation Failure) [PSYoungGen: 67904K->1389K(68096K)] 477543K->411028K(532480K), 0.0015981 secs] [Times: user=0.01 sys=0.00, real=0.00 secs] 
2741.366: [GC (Allocation Failure) [PSYoungGen: 67949K->1376K(68096K)] 477588K->411015K(532480K), 0.0041713 secs] [Times: user=0.02 sys=0.00, real=0.00 secs] 
2742.344: [GC (Allocation Failure) [PSYoungGen: 67936K->1376K(68096K)] 477575K->411015K(532480K), 0.0048258 secs] [Times: user=0.02 sys=0.00, real=0.01 secs] 
2743.452: [GC (Allocation Failure) [PSYoungGen: 67936K->1360K(68096K)] 477575K->411007K(532480K), 0.0039805 secs] [Times: user=0.02 sys=0.00, real=0.00 secs] 
2744.317: [GC (Allocation Failure) [PSYoungGen: 67920K->1344K(68096K)] 477567K->410991K(532480K), 0.0045786 secs] [Times: user=0.02 sys=0.00, real=0.00 secs] 
2745.587: [GC (Allocation Failure) [PSYoungGen: 67904K->1408K(68096K)] 477551K->411055K(532480K), 0.0019950 secs] [Times: user=0.01 sys=0.00, real=0.00 secs] 
2745.864: [GC (Allocation Failure) [PSYoungGen: 67968K->1344K(68096K)] 477615K->410991K(532480K), 0.0019675 secs] [Times: user=0.01 sys=0.00, real=0.00 secs] 
2746.147: [GC (Allocation Failure) [PSYoungGen: 67904K->1344K(68096K)] 477551K->410991K(532480K), 0.0020460 secs] [Times: user=0.01 sys=0.00, real=0.00 secs] 
2746.423: [GC (Allocation Failure) [PSYoungGen: 67904K->1392K(68096K)] 477551K->411039K(532480K), 0.0019655 secs] [Times: user=0.01 sys=0.00, real=0.00 secs] 
2747.088: [GC (Allocation Failure) [PSYoungGen: 67952K->1421K(68096K)] 477599K->411068K(532480K), 0.0016204 secs] [Times: user=0.00 sys=0.00, real=0.00 secs] 
2747.949: [GC (Allocation Failure) [PSYoungGen: 67981K->1360K(68096K)] 477628K->411007K(532480K), 0.0025772 secs] [Times: user=0.02 sys=0.00, real=0.00 secs] 
2748.538: [GC (Allocation Failure) [PSYoungGen: 67920K->1344K(68096K)] 477567K->410991K(532480K), 0.0028072 secs] [Times: user=0.01 sys=0.00, real=0.00 secs] 
2749.054: [GC (Allocation Failure) [PSYoungGen: 67904K->1344K(68096K)] 477551K->410991K(532480K), 0.0022749 secs] [Times: user=0.01 sys=0.00, real=0.01 secs] 
2749.770: [GC (Allocation Failure) [PSYoungGen: 67904K->1312K(68096K)] 477551K->410959K(532480K), 0.0024142 secs] [Times: user=0.01 sys=0.00, real=0.00 secs] 
2751.226: [GC (Allocation Failure) [PSYoungGen: 67872K->1408K(68096K)] 477519K->411055K(532480K), 0.0044932 secs] [Times: user=0.01 sys=0.00, real=0.00 secs] 
2751.871: [GC (Allocation Failure) [PSYoungGen: 67968K->1376K(68096K)] 477615K->411031K(532480K), 0.0028787 secs] [Times: user=0.01 sys=0.00, real=0.00 secs] 
2752.415: [GC (Allocation Failure) [PSYoungGen: 67936K->1376K(68096K)] 477591K->411031K(532480K), 0.0021710 secs] [Times: user=0.01 sys=0.00, real=0.01 secs] 
2752.937: [GC (Allocation Failure) [PSYoungGen: 67936K->1376K(68096K)] 477591K->411031K(532480K), 0.0022204 secs] [Times: user=0.01 sys=0.00, real=0.00 secs] 
2753.744: [GC (Allocation Failure) [PSYoungGen: 67936K->1344K(68096K)] 477591K->410999K(532480K), 0.0015133 secs] [Times: user=0.00 sys=0.00, real=0.01 secs] 
2754.514: [GC (Allocation Failure) [PSYoungGen: 67904K->1376K(68096K)] 477559K->411031K(532480K), 0.0026804 secs] [Times: user=0.01 sys=0.01, real=0.01 secs] 
2755.247: [GC (Allocation Failure) [PSYoungGen: 67936K->1376K(68096K)] 477591K->411031K(532480K), 0.0025904 secs] [Times: user=0.01 sys=0.00, real=0.00 secs] 
2756.066: [GC (Allocation Failure) [PSYoungGen: 67936K->1344K(68096K)] 477591K->410999K(532480K), 0.0024194 secs] [Times: user=0.01 sys=0.00, real=0.00 secs] 
2756.984: [GC (Allocation Failure) [PSYoungGen: 67904K->1376K(68096K)] 477559K->411031K(532480K), 0.0028345 secs] [Times: user=0.01 sys=0.00, real=0.01 secs] 
2758.217: [GC (Allocation Failure) [PSYoungGen: 67936K->1360K(68096K)] 477591K->411015K(532480K), 0.0023979 secs] [Times: user=0.01 sys=0.00, real=0.00 secs] 
2758.985: [GC (Allocation Failure) [PSYoungGen: 67920K->1376K(68096K)] 477575K->411031K(532480K), 0.0025127 secs] [Times: user=0.01 sys=0.00, real=0.01 secs] 
2759.571: [GC (Allocation Failure) [PSYoungGen: 67936K->1360K(68096K)] 477591K->411015K(532480K), 0.0025151 secs] [Times: user=0.01 sys=0.00, real=0.00 secs] 
2760.139: [GC (Allocation Failure) [PSYoungGen: 67920K->1344K(68096K)] 477575K->410999K(532480K), 0.0028894 secs] [Times: user=0.01 sys=0.00, real=0.00 secs] 
2761.050: [GC (Allocation Failure) [PSYoungGen: 67904K->1357K(68096K)] 477559K->411012K(532480K), 0.0016021 secs] [Times: user=0.01 sys=0.00, real=0.00 secs] 
2761.884: [GC (Allocation Failure) [PSYoungGen: 67917K->1392K(68096K)] 477572K->411047K(532480K), 0.0021454 secs] [Times: user=0.01 sys=0.00, real=0.01 secs] 
2762.521: [GC (Allocation Failure) [PSYoungGen: 67952K->1344K(68096K)] 477607K->411015K(532480K), 0.0028455 secs] [Times: user=0.01 sys=0.00, real=0.00 secs] 
2763.223: [GC (Allocation Failure) [PSYoungGen: 67904K->1376K(68096K)] 477575K->411047K(532480K), 0.0049555 secs] [Times: user=0.02 sys=0.00, real=0.01 secs] 
2763.938: [GC (Allocation Failure) [PSYoungGen: 67936K->1344K(68096K)] 477607K->411015K(532480K), 0.0034973 secs] [Times: user=0.01 sys=0.00, real=0.00 secs] 
2765.205: [GC (Allocation Failure) [PSYoungGen: 67904K->1408K(68096K)] 477575K->411079K(532480K), 0.0037731 secs] [Times: user=0.02 sys=0.00, real=0.01 secs] 
2765.509: [GC (Allocation Failure) [PSYoungGen: 67968K->1344K(68096K)] 477639K->411015K(532480K), 0.0021754 secs] [Times: user=0.01 sys=0.00, real=0.00 secs] 
2765.786: [GC (Allocation Failure) [PSYoungGen: 67904K->1344K(68096K)] 477575K->411015K(532480K), 0.0019899 secs] [Times: user=0.01 sys=0.01, real=0.01 secs] 
2766.062: [GC (Allocation Failure) [PSYoungGen: 67904K->1344K(68096K)] 477575K->411015K(532480K), 0.0018044 secs] [Times: user=0.00 sys=0.00, real=0.00 secs] 
2766.672: [GC (Allocation Failure) [PSYoungGen: 67904K->1341K(68096K)] 477575K->411012K(532480K), 0.0016159 secs] [Times: user=0.00 sys=0.00, real=0.00 secs] 
2768.099: [GC (Allocation Failure) [PSYoungGen: 67901K->1408K(68096K)] 477572K->411079K(532480K), 0.0022235 secs] [Times: user=0.01 sys=0.00, real=0.00 secs] 
2769.045: [GC (Allocation Failure) [PSYoungGen: 67968K->1408K(68096K)] 477639K->411079K(532480K), 0.0030501 secs] [Times: user=0.01 sys=0.00, real=0.01 secs] 
2769.820: [GC (Allocation Failure) [PSYoungGen: 67968K->1344K(68096K)] 477639K->411015K(532480K), 0.0033146 secs] [Times: user=0.01 sys=0.00, real=0.00 secs] 
2770.614: [GC (Allocation Failure) [PSYoungGen: 67904K->1344K(68096K)] 477575K->411015K(532480K), 0.0033072 secs] [Times: user=0.02 sys=0.00, real=0.01 secs] 
2771.715: [GC (Allocation Failure) [PSYoungGen: 67904K->1408K(68096K)] 477575K->411087K(532480K), 0.0020716 secs] [Times: user=0.01 sys=0.00, real=0.01 secs] 
2772.020: [GC (Allocation Failure) [PSYoungGen: 67968K->1360K(68096K)] 477647K->411039K(532480K), 0.0020749 secs] [Times: user=0.01 sys=0.00, real=0.00 secs] 
2772.328: [GC (Allocation Failure) [PSYoungGen: 67920K->1376K(68096K)] 477599K->411055K(532480K), 0.0022877 secs] [Times: user=0.01 sys=0.00, real=0.00 secs] 
2772.796: [GC (Allocation Failure) [PSYoungGen: 67936K->1376K(68096K)] 477615K->411055K(532480K), 0.0020953 secs] [Times: user=0.01 sys=0.00, real=0.00 secs] 
2773.723: [GC (Allocation Failure) [PSYoungGen: 67936K->1357K(68096K)] 477615K->411036K(532480K), 0.0015379 secs] [Times: user=0.00 sys=0.00, real=0.00 secs] 
2774.668: [GC (Allocation Failure) [PSYoungGen: 67917K->1376K(68096K)] 477596K->411055K(532480K), 0.0042287 secs] [Times: user=0.02 sys=0.00, real=0.00 secs] 
2775.433: [GC (Allocation Failure) [PSYoungGen: 67936K->1376K(68096K)] 477615K->411055K(532480K), 0.0031881 secs] [Times: user=0.01 sys=0.01, real=0.01 secs] 
2776.143: [GC (Allocation Failure) [PSYoungGen: 67936K->1376K(68096K)] 477615K->411055K(532480K), 0.0028641 secs] [Times: user=0.02 sys=0.00, real=0.01 secs] 
2776.746: [GC (Allocation Failure) [PSYoungGen: 67936K->1312K(68096K)] 477615K->410991K(532480K), 0.0025926 secs] [Times: user=0.01 sys=0.00, real=0.00 secs] 
2777.858: [GC (Allocation Failure) [PSYoungGen: 67872K->1408K(68096K)] 477551K->411087K(532480K), 0.0022547 secs] [Times: user=0.01 sys=0.00, real=0.00 secs] 
2778.642: [GC (Allocation Failure) [PSYoungGen: 67968K->1344K(68096K)] 477647K->411023K(532480K), 0.0037444 secs] [Times: user=0.01 sys=0.00, real=0.01 secs] 
2779.242: [GC (Allocation Failure) [PSYoungGen: 67904K->1344K(68096K)] 477583K->411031K(532480K), 0.0032849 secs] [Times: user=0.01 sys=0.00, real=0.00 secs] 
2779.774: [GC (Allocation Failure) [PSYoungGen: 67904K->1344K(68096K)] 477591K->411031K(532480K), 0.0027493 secs] [Times: user=0.01 sys=0.00, real=0.01 secs] 
2780.644: [GC (Allocation Failure) [PSYoungGen: 67904K->1373K(68096K)] 477591K->411076K(532480K), 0.0015957 secs] [Times: user=0.00 sys=0.00, real=0.00 secs] 
2781.237: [GC (Allocation Failure) [PSYoungGen: 67933K->1472K(68096K)] 477636K->411183K(532480K), 0.0019383 secs] [Times: user=0.01 sys=0.00, real=0.00 secs] 
2781.628: [GC (Allocation Failure) [PSYoungGen: 68032K->1408K(68096K)] 477743K->411127K(532480K), 0.0022540 secs] [Times: user=0.01 sys=0.00, real=0.00 secs] 
2782.006: [GC (Allocation Failure) [PSYoungGen: 67968K->1408K(68096K)] 477687K->411127K(532480K), 0.0020444 secs] [Times: user=0.01 sys=0.00, real=0.01 secs] 
2782.434: [GC (Allocation Failure) [PSYoungGen: 67968K->1392K(68096K)] 477687K->411111K(532480K), 0.0020775 secs] [Times: user=0.01 sys=0.00, real=0.01 secs] 
2783.702: [GC (Allocation Failure) [PSYoungGen: 67952K->1440K(68096K)] 477671K->411159K(532480K), 0.0025322 secs] [Times: user=0.01 sys=0.00, real=0.00 secs] 
2784.460: [GC (Allocation Failure) [PSYoungGen: 68000K->1408K(68096K)] 477719K->411127K(532480K), 0.0024007 secs] [Times: user=0.01 sys=0.00, real=0.00 secs] 
2785.157: [GC (Allocation Failure) [PSYoungGen: 67968K->1376K(68096K)] 477687K->411095K(532480K), 0.0028267 secs] [Times: user=0.01 sys=0.00, real=0.00 secs] 
2785.786: [GC (Allocation Failure) [PSYoungGen: 67936K->1376K(68096K)] 477655K->411095K(532480K), 0.0028680 secs] [Times: user=0.01 sys=0.00, real=0.01 secs] 
2786.883: [GC (Allocation Failure) [PSYoungGen: 67936K->1373K(68096K)] 477655K->411092K(532480K), 0.0016029 secs] [Times: user=0.00 sys=0.00, real=0.00 secs] 
2787.242: [GC (Allocation Failure) [PSYoungGen: 67933K->1440K(68096K)] 477652K->411159K(532480K), 0.0016657 secs] [Times: user=0.01 sys=0.00, real=0.00 secs] 
2787.593: [GC (Allocation Failure) [PSYoungGen: 68000K->1376K(68096K)] 477719K->411095K(532480K), 0.0018972 secs] [Times: user=0.01 sys=0.00, real=0.00 secs] 
2788.116: [GC (Allocation Failure) [PSYoungGen: 67936K->1376K(68096K)] 477655K->411095K(532480K), 0.0018058 secs] [Times: user=0.00 sys=0.00, real=0.00 secs] 
2788.696: [GC (Allocation Failure) [PSYoungGen: 67936K->1408K(68096K)] 477655K->411127K(532480K), 0.0017934 secs] [Times: user=0.01 sys=0.00, real=0.01 secs] 
2789.841: [GC (Allocation Failure) [PSYoungGen: 67968K->1440K(68096K)] 477687K->411159K(532480K), 0.0018518 secs] [Times: user=0.00 sys=0.00, real=0.00 secs] 
2790.779: [GC (Allocation Failure) [PSYoungGen: 68000K->1344K(68096K)] 477719K->411079K(532480K), 0.0027834 secs] [Times: user=0.01 sys=0.00, real=0.00 secs] 
2791.542: [GC (Allocation Failure) [PSYoungGen: 67904K->1344K(68096K)] 477639K->411079K(532480K), 0.0041804 secs] [Times: user=0.02 sys=0.00, real=0.01 secs] 
2792.177: [GC (Allocation Failure) [PSYoungGen: 67904K->1376K(68096K)] 477639K->411111K(532480K), 0.0029710 secs] [Times: user=0.01 sys=0.01, real=0.00 secs] 
2793.351: [GC (Allocation Failure) [PSYoungGen: 67936K->1341K(68096K)] 477671K->411076K(532480K), 0.0016212 secs] [Times: user=0.00 sys=0.00, real=0.00 secs] 
2794.018: [GC (Allocation Failure) [PSYoungGen: 67901K->1424K(68096K)] 477636K->411159K(532480K), 0.0019384 secs] [Times: user=0.01 sys=0.00, real=0.00 secs] 
2794.579: [GC (Allocation Failure) [PSYoungGen: 67984K->1376K(68096K)] 477719K->411111K(532480K), 0.0028361 secs] [Times: user=0.02 sys=0.00, real=0.00 secs] 
2795.125: [GC (Allocation Failure) [PSYoungGen: 67936K->1344K(68096K)] 477671K->411079K(532480K), 0.0027357 secs] [Times: user=0.01 sys=0.00, real=0.01 secs] 
2795.825: [GC (Allocation Failure) [PSYoungGen: 67904K->1328K(68096K)] 477639K->411063K(532480K), 0.0027185 secs] [Times: user=0.01 sys=0.00, real=0.01 secs] 
2796.788: [GC (Allocation Failure) [PSYoungGen: 67888K->1408K(68096K)] 477623K->411143K(532480K), 0.0021570 secs] [Times: user=0.00 sys=0.00, real=0.00 secs] 
2797.081: [GC (Allocation Failure) [PSYoungGen: 67968K->1328K(68096K)] 477703K->411063K(532480K), 0.0020894 secs] [Times: user=0.01 sys=0.00, real=0.00 secs] 
2797.366: [GC (Allocation Failure) [PSYoungGen: 67888K->1328K(68096K)] 477623K->411071K(532480K), 0.0021515 secs] [Times: user=0.01 sys=0.00, real=0.00 secs] 
2797.691: [GC (Allocation Failure) [PSYoungGen: 67888K->1344K(68096K)] 477631K->411087K(532480K), 0.0028868 secs] [Times: user=0.02 sys=0.00, real=0.00 secs] 
2798.522: [GC (Allocation Failure) [PSYoungGen: 67904K->1360K(68096K)] 477647K->411103K(532480K), 0.0015321 secs] [Times: user=0.01 sys=0.00, real=0.00 secs] 
2798.939: [GC (Allocation Failure) [PSYoungGen: 67920K->1392K(68096K)] 477663K->411135K(532480K), 0.0022664 secs] [Times: user=0.01 sys=0.00, real=0.00 secs] 
2799.215: [GC (Allocation Failure) [PSYoungGen: 67952K->1376K(68096K)] 477695K->411119K(532480K), 0.0021040 secs] [Times: user=0.00 sys=0.00, real=0.01 secs] 
2799.554: [GC (Allocation Failure) [PSYoungGen: 67936K->1376K(68096K)] 477679K->411135K(532480K), 0.0032813 secs] [Times: user=0.02 sys=0.01, real=0.01 secs] 
2799.856: [GC (Allocation Failure) [PSYoungGen: 67936K->1360K(68096K)] 477695K->411119K(532480K), 0.0023148 secs] [Times: user=0.01 sys=0.00, real=0.01 secs] 
2800.706: [GC (Allocation Failure) [PSYoungGen: 67920K->1408K(68096K)] 477679K->411167K(532480K), 0.0020056 secs] [Times: user=0.01 sys=0.00, real=0.00 secs] 
2800.983: [GC (Allocation Failure) [PSYoungGen: 67968K->1376K(68096K)] 477727K->411135K(532480K), 0.0049494 secs] [Times: user=0.02 sys=0.00, real=0.01 secs] 
2801.335: [GC (Allocation Failure) [PSYoungGen: 67936K->1344K(68096K)] 477695K->411103K(532480K), 0.0021334 secs] [Times: user=0.01 sys=0.00, real=0.01 secs] 
2801.618: [GC (Allocation Failure) [PSYoungGen: 67904K->1376K(74752K)] 477663K->411135K(539136K), 0.0020311 secs] [Times: user=0.01 sys=0.00, real=0.00 secs] 
2802.553: [GC (Allocation Failure) [PSYoungGen: 74592K->864K(73728K)] 484351K->411647K(538112K), 0.0020214 secs] [Times: user=0.01 sys=0.00, real=0.00 secs] 
2803.296: [GC (Allocation Failure) [PSYoungGen: 73568K->320K(73728K)] 484351K->411103K(538112K), 0.0020283 secs] [Times: user=0.01 sys=0.00, real=0.00 secs] 
2803.863: [GC (Allocation Failure) [PSYoungGen: 72512K->352K(72192K)] 483295K->411135K(536576K), 0.0024156 secs] [Times: user=0.00 sys=0.01, real=0.00 secs] 
2804.161: [GC (Allocation Failure) [PSYoungGen: 72032K->336K(72704K)] 482815K->411119K(537088K), 0.0021531 secs] [Times: user=0.01 sys=0.00, real=0.00 secs] 
2804.806: [GC (Allocation Failure) [PSYoungGen: 71504K->1389K(72192K)] 482287K->412172K(536576K), 0.0015342 secs] [Times: user=0.00 sys=0.00, real=0.00 secs] 
2805.261: [GC (Allocation Failure) [PSYoungGen: 72045K->1440K(71680K)] 482828K->412223K(536064K), 0.0018627 secs] [Times: user=0.01 sys=0.00, real=0.00 secs] 
2805.552: [GC (Allocation Failure) [PSYoungGen: 71584K->1376K(71168K)] 482367K->412159K(535552K), 0.0021170 secs] [Times: user=0.01 sys=0.00, real=0.00 secs] 
2805.870: [GC (Allocation Failure) [PSYoungGen: 71008K->1376K(70656K)] 481791K->412159K(535040K), 0.0019601 secs] [Times: user=0.01 sys=0.00, real=0.00 secs] 
2806.230: [GC (Allocation Failure) [PSYoungGen: 70496K->1344K(70144K)] 481279K->412127K(534528K), 0.0021702 secs] [Times: user=0.01 sys=0.00, real=0.00 secs] 
2807.408: [GC (Allocation Failure) [PSYoungGen: 69952K->1408K(70656K)] 480735K->412191K(535040K), 0.0027923 secs] [Times: user=0.01 sys=0.00, real=0.00 secs] 
2808.442: [GC (Allocation Failure) [PSYoungGen: 70016K->1344K(70656K)] 480799K->412127K(535040K), 0.0027361 secs] [Times: user=0.01 sys=0.00, real=0.00 secs] 
2809.576: [GC (Allocation Failure) [PSYoungGen: 69952K->1376K(70656K)] 480735K->412175K(535040K), 0.0041403 secs] [Times: user=0.02 sys=0.00, real=0.01 secs] 
2810.430: [GC (Allocation Failure) [PSYoungGen: 69984K->1376K(70656K)] 480783K->412175K(535040K), 0.0064924 secs] [Times: user=0.03 sys=0.00, real=0.01 secs] 
2811.786: [GC (Allocation Failure) [PSYoungGen: 69984K->1440K(70656K)] 480783K->412239K(535040K), 0.0018959 secs] [Times: user=0.01 sys=0.00, real=0.00 secs] 
2812.867: [GC (Allocation Failure) [PSYoungGen: 70048K->1344K(70656K)] 480847K->412143K(535040K), 0.0021468 secs] [Times: user=0.01 sys=0.00, real=0.00 secs] 
2814.058: [GC (Allocation Failure) [PSYoungGen: 69952K->1344K(70656K)] 480751K->412143K(535040K), 0.0029270 secs] [Times: user=0.01 sys=0.00, real=0.00 secs] 
2815.070: [GC (Allocation Failure) [PSYoungGen: 69952K->1376K(70656K)] 480751K->412175K(535040K), 0.0043967 secs] [Times: user=0.02 sys=0.00, real=0.00 secs] 
2816.214: [GC (Allocation Failure) [PSYoungGen: 69984K->1392K(70656K)] 480783K->412191K(535040K), 0.0014484 secs] [Times: user=0.00 sys=0.00, real=0.00 secs] 
2817.406: [GC (Allocation Failure) [PSYoungGen: 70000K->1408K(70656K)] 480799K->412207K(535040K), 0.0024625 secs] [Times: user=0.00 sys=0.00, real=0.00 secs] 
2817.691: [GC (Allocation Failure) [PSYoungGen: 70016K->1392K(70656K)] 480815K->412191K(535040K), 0.0021858 secs] [Times: user=0.01 sys=0.00, real=0.00 secs] 
2817.976: [GC (Allocation Failure) [PSYoungGen: 70000K->1376K(70656K)] 480799K->412175K(535040K), 0.0021296 secs] [Times: user=0.01 sys=0.01, real=0.00 secs] 
2818.261: [GC (Allocation Failure) [PSYoungGen: 69984K->1376K(70656K)] 480783K->412175K(535040K), 0.0021348 secs] [Times: user=0.01 sys=0.00, real=0.00 secs] 
2819.000: [GC (Allocation Failure) [PSYoungGen: 69984K->1376K(70656K)] 480783K->412175K(535040K), 0.0018161 secs] [Times: user=0.01 sys=0.00, real=0.00 secs] 
2819.285: [GC (Allocation Failure) [PSYoungGen: 69984K->1408K(70656K)] 480783K->412207K(535040K), 0.0021758 secs] [Times: user=0.01 sys=0.00, real=0.01 secs] 
2819.570: [GC (Allocation Failure) [PSYoungGen: 70016K->1344K(70656K)] 480815K->412143K(535040K), 0.0019362 secs] [Times: user=0.01 sys=0.00, real=0.00 secs] 
2819.861: [GC (Allocation Failure) [PSYoungGen: 69952K->1376K(70656K)] 480751K->412175K(535040K), 0.0031219 secs] [Times: user=0.01 sys=0.00, real=0.00 secs] 
2820.590: [GC (Allocation Failure) [PSYoungGen: 69984K->1408K(70656K)] 480783K->413231K(535040K), 0.0017295 secs] [Times: user=0.01 sys=0.00, real=0.00 secs] 
2820.875: [GC (Allocation Failure) [PSYoungGen: 70016K->320K(70656K)] 481839K->412151K(535040K), 0.0017802 secs] [Times: user=0.01 sys=0.00, real=0.01 secs] 
2821.160: [GC (Allocation Failure) [PSYoungGen: 68928K->336K(70656K)] 480759K->412167K(535040K), 0.0017935 secs] [Times: user=0.01 sys=0.00, real=0.00 secs] 
2821.446: [GC (Allocation Failure) [PSYoungGen: 68944K->288K(70656K)] 480775K->412119K(535040K), 0.0018865 secs] [Times: user=0.01 sys=0.00, real=0.00 secs] 
2822.008: [GC (Allocation Failure) [PSYoungGen: 68896K->1376K(70656K)] 480727K->413207K(535040K), 0.0018474 secs] [Times: user=0.01 sys=0.00, real=0.00 secs] 
2822.538: [GC (Allocation Failure) [PSYoungGen: 69984K->1408K(70656K)] 481815K->413239K(535040K), 0.0022481 secs] [Times: user=0.01 sys=0.00, real=0.00 secs] 
2822.823: [GC (Allocation Failure) [PSYoungGen: 70016K->1344K(70656K)] 481847K->413175K(535040K), 0.0020960 secs] [Times: user=0.01 sys=0.00, real=0.00 secs] 
2823.108: [GC (Allocation Failure) [PSYoungGen: 69952K->1376K(70656K)] 481783K->413207K(535040K), 0.0021364 secs] [Times: user=0.01 sys=0.00, real=0.00 secs] 
2823.393: [GC (Allocation Failure) [PSYoungGen: 69984K->1376K(70656K)] 481815K->413207K(535040K), 0.0022582 secs] [Times: user=0.01 sys=0.00, real=0.00 secs] 
2824.701: [GC (Allocation Failure) [PSYoungGen: 69984K->1408K(70656K)] 481815K->413247K(535040K), 0.0030107 secs] [Times: user=0.02 sys=0.00, real=0.00 secs] 
2825.372: [GC (Allocation Failure) [PSYoungGen: 70016K->1312K(70656K)] 481855K->413151K(535040K), 0.0025210 secs] [Times: user=0.01 sys=0.00, real=0.00 secs] 
2825.675: [GC (Allocation Failure) [PSYoungGen: 69920K->1344K(70656K)] 481759K->413183K(535040K), 0.0022611 secs] [Times: user=0.01 sys=0.00, real=0.01 secs] 
2825.985: [GC (Allocation Failure) [PSYoungGen: 69952K->1344K(70656K)] 481791K->413183K(535040K), 0.0021362 secs] [Times: user=0.01 sys=0.00, real=0.01 secs] 
2826.760: [GC (Allocation Failure) [PSYoungGen: 69952K->1376K(70656K)] 481791K->414239K(535040K), 0.0025121 secs] [Times: user=0.01 sys=0.00, real=0.00 secs] 
2827.091: [GC (Allocation Failure) [PSYoungGen: 69984K->352K(70656K)] 482847K->413215K(535040K), 0.0018425 secs] [Times: user=0.01 sys=0.00, real=0.00 secs] 
2827.395: [GC (Allocation Failure) [PSYoungGen: 68960K->320K(70656K)] 481823K->413207K(535040K), 0.0019330 secs] [Times: user=0.01 sys=0.00, real=0.01 secs] 
2827.680: [GC (Allocation Failure) [PSYoungGen: 68928K->352K(70656K)] 481815K->413239K(535040K), 0.0019429 secs] [Times: user=0.00 sys=0.00, real=0.00 secs] 
2828.179: [GC (Allocation Failure) [PSYoungGen: 68960K->1373K(71168K)] 481847K->414260K(535552K), 0.0023412 secs] [Times: user=0.01 sys=0.00, real=0.00 secs] 
2829.466: [GC (Allocation Failure) [PSYoungGen: 69981K->1392K(71168K)] 482868K->414279K(535552K), 0.0021544 secs] [Times: user=0.01 sys=0.00, real=0.00 secs] 
2829.751: [GC (Allocation Failure) [PSYoungGen: 70000K->1312K(71168K)] 482887K->414199K(535552K), 0.0021465 secs] [Times: user=0.01 sys=0.00, real=0.00 secs] 
2830.037: [GC (Allocation Failure) [PSYoungGen: 69920K->1376K(71168K)] 482807K->414279K(535552K), 0.0020940 secs] [Times: user=0.01 sys=0.00, real=0.00 secs] 
2830.322: [GC (Allocation Failure) [PSYoungGen: 69984K->1360K(71168K)] 482887K->414263K(535552K), 0.0022957 secs] [Times: user=0.01 sys=0.00, real=0.00 secs] 
2832.411: [GC (Allocation Failure) [PSYoungGen: 69968K->1344K(71168K)] 482871K->414247K(535552K), 0.0046373 secs] [Times: user=0.02 sys=0.00, real=0.00 secs] 
2833.784: [GC (Allocation Failure) [PSYoungGen: 69952K->1376K(70144K)] 482855K->414279K(534528K), 0.0034201 secs] [Times: user=0.02 sys=0.00, real=0.01 secs] 
2834.699: [GC (Allocation Failure) [PSYoungGen: 69984K->1376K(70656K)] 482887K->414287K(535040K), 0.0041998 secs] [Times: user=0.02 sys=0.00, real=0.00 secs] 
2835.451: [GC (Allocation Failure) [PSYoungGen: 69984K->1312K(70656K)] 482895K->414223K(535040K), 0.0033175 secs] [Times: user=0.01 sys=0.00, real=0.00 secs] 
2836.465: [GC (Allocation Failure) [PSYoungGen: 69920K->1872K(70656K)] 482831K->414783K(535040K), 0.0018804 secs] [Times: user=0.00 sys=0.00, real=0.01 secs] 
2837.109: [GC (Allocation Failure) [PSYoungGen: 70480K->1344K(71168K)] 483391K->414255K(535552K), 0.0021878 secs] [Times: user=0.01 sys=0.00, real=0.00 secs] 
2837.433: [GC (Allocation Failure) [PSYoungGen: 69952K->1376K(70144K)] 482863K->414287K(534528K), 0.0033878 secs] [Times: user=0.02 sys=0.00, real=0.01 secs] 
2837.904: [GC (Allocation Failure) [PSYoungGen: 69984K->1376K(70656K)] 482895K->414287K(535040K), 0.0025215 secs] [Times: user=0.01 sys=0.00, real=0.01 secs] 
2838.330: [GC (Allocation Failure) [PSYoungGen: 69984K->1312K(70656K)] 482895K->414223K(535040K), 0.0027648 secs] [Times: user=0.01 sys=0.00, real=0.00 secs] 
2839.523: [GC (Allocation Failure) [PSYoungGen: 69920K->1392K(70656K)] 482831K->414303K(535040K), 0.0042853 secs] [Times: user=0.02 sys=0.00, real=0.01 secs] 
2839.865: [GC (Allocation Failure) [PSYoungGen: 70000K->1344K(70656K)] 482911K->414255K(535040K), 0.0022175 secs] [Times: user=0.01 sys=0.00, real=0.01 secs] 
2840.236: [GC (Allocation Failure) [PSYoungGen: 69952K->1344K(70656K)] 482863K->414255K(535040K), 0.0019777 secs] [Times: user=0.01 sys=0.00, real=0.00 secs] 
2840.765: [GC (Allocation Failure) [PSYoungGen: 69952K->1376K(70656K)] 482863K->414287K(535040K), 0.0035255 secs] [Times: user=0.01 sys=0.00, real=0.01 secs] 
2841.768: [GC (Allocation Failure) [PSYoungGen: 69984K->1408K(70656K)] 482895K->414319K(535040K), 0.0019648 secs] [Times: user=0.01 sys=0.00, real=0.00 secs] 
2842.119: [GC (Allocation Failure) [PSYoungGen: 70016K->1376K(70656K)] 482927K->414295K(535040K), 0.0019470 secs] [Times: user=0.01 sys=0.00, real=0.00 secs] 
2842.404: [GC (Allocation Failure) [PSYoungGen: 69984K->1344K(70656K)] 482903K->414263K(535040K), 0.0026599 secs] [Times: user=0.01 sys=0.00, real=0.01 secs] 
2842.896: [GC (Allocation Failure) [PSYoungGen: 69952K->1344K(70656K)] 482871K->414263K(535040K), 0.0028051 secs] [Times: user=0.02 sys=0.00, real=0.00 secs] 
2843.818: [GC (Allocation Failure) [PSYoungGen: 69952K->1408K(70656K)] 482871K->414327K(535040K), 0.0016810 secs] [Times: user=0.00 sys=0.00, real=0.00 secs] 
2844.992: [GC (Allocation Failure) [PSYoungGen: 70016K->1344K(70656K)] 482935K->414263K(535040K), 0.0036884 secs] [Times: user=0.02 sys=0.00, real=0.00 secs] 
2845.746: [GC (Allocation Failure) [PSYoungGen: 69952K->1376K(70656K)] 482871K->414295K(535040K), 0.0041500 secs] [Times: user=0.01 sys=0.01, real=0.01 secs] 
2846.503: [GC (Allocation Failure) [PSYoungGen: 69984K->1376K(70656K)] 482903K->414295K(535040K), 0.0049661 secs] [Times: user=0.02 sys=0.00, real=0.01 secs] 
2847.523: [GC (Allocation Failure) [PSYoungGen: 69984K->1344K(70656K)] 482903K->414263K(535040K), 0.0039840 secs] [Times: user=0.02 sys=0.00, real=0.01 secs] 
2848.554: [GC (Allocation Failure) [PSYoungGen: 69952K->1392K(70656K)] 482871K->414311K(535040K), 0.0033536 secs] [Times: user=0.01 sys=0.00, real=0.01 secs] 
2848.837: [GC (Allocation Failure) [PSYoungGen: 70000K->1344K(70656K)] 482919K->414263K(535040K), 0.0020792 secs] [Times: user=0.01 sys=0.00, real=0.00 secs] 
2849.122: [GC (Allocation Failure) [PSYoungGen: 69952K->1392K(70656K)] 482871K->414311K(535040K), 0.0019785 secs] [Times: user=0.01 sys=0.00, real=0.00 secs] 
2849.407: [GC (Allocation Failure) [PSYoungGen: 70000K->1344K(70144K)] 482919K->414263K(534528K), 0.0020738 secs] [Times: user=0.01 sys=0.00, real=0.00 secs] 
2850.317: [GC (Allocation Failure) [PSYoungGen: 69952K->1408K(70144K)] 482871K->414343K(534528K), 0.0020731 secs] [Times: user=0.01 sys=0.00, real=0.00 secs] 
2851.151: [GC (Allocation Failure) [PSYoungGen: 70016K->320K(69632K)] 482951K->414279K(534016K), 0.0034915 secs] [Times: user=0.01 sys=0.00, real=0.00 secs] 
2852.034: [GC (Allocation Failure) [PSYoungGen: 68928K->320K(70656K)] 482887K->414279K(535040K), 0.0033922 secs] [Times: user=0.01 sys=0.00, real=0.01 secs] 
2852.927: [GC (Allocation Failure) [PSYoungGen: 68928K->352K(70656K)] 482887K->414311K(535040K), 0.0034481 secs] [Times: user=0.01 sys=0.00, real=0.00 secs] 
2854.401: [GC (Allocation Failure) [PSYoungGen: 68960K->1373K(70656K)] 482919K->415332K(535040K), 0.0014807 secs] [Times: user=0.00 sys=0.00, real=0.00 secs] 
2855.049: [GC (Allocation Failure) [PSYoungGen: 69981K->1360K(70656K)] 483940K->415319K(535040K), 0.0019960 secs] [Times: user=0.01 sys=0.00, real=0.00 secs] 
2855.533: [GC (Allocation Failure) [PSYoungGen: 69968K->1376K(70656K)] 483927K->415335K(535040K), 0.0020439 secs] [Times: user=0.01 sys=0.00, real=0.00 secs] 
2855.817: [GC (Allocation Failure) [PSYoungGen: 69984K->1376K(70656K)] 483943K->415343K(535040K), 0.0021081 secs] [Times: user=0.01 sys=0.00, real=0.00 secs] 
2856.252: [GC (Allocation Failure) [PSYoungGen: 69984K->1328K(70656K)] 483951K->415295K(535040K), 0.0020420 secs] [Times: user=0.01 sys=0.00, real=0.00 secs] 
2857.430: [GC (Allocation Failure) [PSYoungGen: 69936K->1408K(70656K)] 483903K->415375K(535040K), 0.0022356 secs] [Times: user=0.01 sys=0.00, real=0.00 secs] 
2858.386: [GC (Allocation Failure) [PSYoungGen: 70016K->1376K(70656K)] 483983K->415343K(535040K), 0.0034906 secs] [Times: user=0.01 sys=0.00, real=0.00 secs] 
2859.023: [GC (Allocation Failure) [PSYoungGen: 69984K->1344K(70656K)] 483951K->415311K(535040K), 0.0027337 secs] [Times: user=0.01 sys=0.01, real=0.01 secs] 
2859.566: [GC (Allocation Failure) [PSYoungGen: 69952K->1360K(70656K)] 483919K->415327K(535040K), 0.0034916 secs] [Times: user=0.02 sys=0.00, real=0.00 secs] 
2860.616: [GC (Allocation Failure) [PSYoungGen: 69968K->1440K(70656K)] 483935K->416431K(535040K), 0.0025292 secs] [Times: user=0.01 sys=0.00, real=0.01 secs] 
2861.732: [GC (Allocation Failure) [PSYoungGen: 70048K->352K(70656K)] 485039K->415343K(535040K), 0.0032122 secs] [Times: user=0.01 sys=0.00, real=0.00 secs] 
2862.300: [GC (Allocation Failure) [PSYoungGen: 68960K->320K(70656K)] 483951K->415319K(535040K), 0.0026487 secs] [Times: user=0.01 sys=0.00, real=0.00 secs] 
2862.945: [GC (Allocation Failure) [PSYoungGen: 68928K->336K(70656K)] 483927K->415335K(535040K), 0.0043843 secs] [Times: user=0.01 sys=0.00, real=0.01 secs] 
2863.840: [GC (Allocation Failure) [PSYoungGen: 68944K->1373K(71168K)] 483943K->416372K(535552K), 0.0015326 secs] [Times: user=0.01 sys=0.00, real=0.00 secs] 
2864.950: [GC (Allocation Failure) [PSYoungGen: 69981K->1376K(71168K)] 484980K->416375K(535552K), 0.0033904 secs] [Times: user=0.02 sys=0.00, real=0.00 secs] 
2865.575: [GC (Allocation Failure) [PSYoungGen: 69984K->1344K(71168K)] 484983K->416343K(535552K), 0.0033658 secs] [Times: user=0.01 sys=0.00, real=0.01 secs] 
2866.137: [GC (Allocation Failure) [PSYoungGen: 69952K->1376K(71168K)] 484951K->416375K(535552K), 0.0025010 secs] [Times: user=0.01 sys=0.00, real=0.00 secs] 
2866.796: [GC (Allocation Failure) [PSYoungGen: 69984K->1376K(71168K)] 484983K->416375K(535552K), 0.0025088 secs] [Times: user=0.01 sys=0.00, real=0.01 secs] 
2868.075: [GC (Allocation Failure) [PSYoungGen: 69984K->1408K(71168K)] 484983K->416407K(535552K), 0.0025826 secs] [Times: user=0.01 sys=0.00, real=0.01 secs] 
2868.840: [GC (Allocation Failure) [PSYoungGen: 70016K->1344K(71168K)] 485015K->416343K(535552K), 0.0024161 secs] [Times: user=0.01 sys=0.00, real=0.00 secs] 
2869.643: [GC (Allocation Failure) [PSYoungGen: 69952K->1344K(70144K)] 484951K->416343K(534528K), 0.0023189 secs] [Times: user=0.01 sys=0.00, real=0.00 secs] 
2870.424: [GC (Allocation Failure) [PSYoungGen: 69952K->1376K(70656K)] 484951K->416375K(535040K), 0.0022533 secs] [Times: user=0.01 sys=0.00, real=0.01 secs] 
2871.593: [GC (Allocation Failure) [PSYoungGen: 69852K->1920K(70656K)] 484851K->417431K(535040K), 0.0021285 secs] [Times: user=0.01 sys=0.01, real=0.00 secs] 
2872.564: [GC (Allocation Failure) [PSYoungGen: 70528K->1376K(71168K)] 486039K->416887K(535552K), 0.0050576 secs] [Times: user=0.02 sys=0.01, real=0.01 secs] 
2873.162: [GC (Allocation Failure) [PSYoungGen: 69984K->1344K(71168K)] 485495K->416863K(535552K), 0.0027587 secs] [Times: user=0.01 sys=0.00, real=0.00 secs] 
2873.680: [GC (Allocation Failure) [PSYoungGen: 69952K->1344K(70144K)] 485471K->416863K(534528K), 0.0025069 secs] [Times: user=0.01 sys=0.00, real=0.00 secs] 
2874.334: [GC (Allocation Failure) [PSYoungGen: 69952K->1373K(70656K)] 485471K->416892K(535040K), 0.0023327 secs] [Times: user=0.01 sys=0.00, real=0.01 secs] 
2875.108: [GC (Allocation Failure) [PSYoungGen: 69981K->1408K(70656K)] 485500K->416927K(535040K), 0.0018805 secs] [Times: user=0.01 sys=0.00, real=0.00 secs] 
2875.624: [GC (Allocation Failure) [PSYoungGen: 70016K->1408K(70656K)] 485535K->416927K(535040K), 0.0017756 secs] [Times: user=0.01 sys=0.00, real=0.00 secs] 
2876.183: [GC (Allocation Failure) [PSYoungGen: 70016K->1408K(70656K)] 485535K->416935K(535040K), 0.0020537 secs] [Times: user=0.01 sys=0.00, real=0.00 secs] 
2876.812: [GC (Allocation Failure) [PSYoungGen: 70016K->1376K(70656K)] 485543K->416903K(535040K), 0.0024617 secs] [Times: user=0.01 sys=0.00, real=0.00 secs] 
2877.804: [GC (Allocation Failure) [PSYoungGen: 69984K->1408K(70656K)] 485511K->416935K(535040K), 0.0019666 secs] [Times: user=0.01 sys=0.00, real=0.00 secs] 
2878.495: [GC (Allocation Failure) [PSYoungGen: 70016K->1344K(70656K)] 485543K->416871K(535040K), 0.0021568 secs] [Times: user=0.01 sys=0.00, real=0.01 secs] 
2879.585: [GC (Allocation Failure) [PSYoungGen: 69952K->1344K(70656K)] 485479K->416871K(535040K), 0.0023411 secs] [Times: user=0.01 sys=0.01, real=0.01 secs] 
2880.599: [GC (Allocation Failure) [PSYoungGen: 69952K->1376K(70656K)] 485479K->416903K(535040K), 0.0022614 secs] [Times: user=0.01 sys=0.00, real=0.00 secs] 
2881.794: [GC (Allocation Failure) [PSYoungGen: 69984K->1568K(70656K)] 485511K->417095K(535040K), 0.0018580 secs] [Times: user=0.01 sys=0.00, real=0.01 secs] 
2882.399: [GC (Allocation Failure) [PSYoungGen: 70176K->1376K(70656K)] 485703K->416919K(535040K), 0.0022007 secs] [Times: user=0.01 sys=0.00, real=0.00 secs] 
2882.695: [GC (Allocation Failure) [PSYoungGen: 69984K->1344K(70656K)] 485527K->416887K(535040K), 0.0021426 secs] [Times: user=0.01 sys=0.01, real=0.01 secs] 
2882.980: [GC (Allocation Failure) [PSYoungGen: 69952K->1344K(70656K)] 485495K->416887K(535040K), 0.0021146 secs] [Times: user=0.01 sys=0.00, real=0.00 secs] 
2883.265: [GC (Allocation Failure) [PSYoungGen: 69952K->1376K(70656K)] 485495K->416919K(535040K), 0.0019889 secs] [Times: user=0.01 sys=0.00, real=0.01 secs] 
2885.064: [GC (Allocation Failure) [PSYoungGen: 69984K->1408K(70656K)] 485527K->416951K(535040K), 0.0035915 secs] [Times: user=0.01 sys=0.00, real=0.01 secs] 
2885.927: [GC (Allocation Failure) [PSYoungGen: 70016K->1376K(70656K)] 485559K->416919K(535040K), 0.0035153 secs] [Times: user=0.02 sys=0.00, real=0.00 secs] 
2886.513: [GC (Allocation Failure) [PSYoungGen: 69984K->1376K(70656K)] 485527K->416919K(535040K), 0.0035739 secs] [Times: user=0.02 sys=0.00, real=0.01 secs] 
2886.895: [GC (Allocation Failure) [PSYoungGen: 69984K->1344K(70656K)] 485527K->416887K(535040K), 0.0020363 secs] [Times: user=0.01 sys=0.00, real=0.01 secs] 
2887.781: [GC (Allocation Failure) [PSYoungGen: 69952K->1376K(70144K)] 485495K->416919K(534528K), 0.0021614 secs] [Times: user=0.01 sys=0.00, real=0.00 secs] 
2888.683: [GC (Allocation Failure) [PSYoungGen: 69984K->1376K(70144K)] 485527K->416919K(534528K), 0.0025180 secs] [Times: user=0.01 sys=0.00, real=0.00 secs] 
2889.245: [GC (Allocation Failure) [PSYoungGen: 69984K->1328K(70144K)] 485527K->416871K(534528K), 0.0022869 secs] [Times: user=0.01 sys=0.00, real=0.01 secs] 
2890.002: [GC (Allocation Failure) [PSYoungGen: 69936K->1344K(70144K)] 485479K->416887K(534528K), 0.0023382 secs] [Times: user=0.01 sys=0.00, real=0.00 secs] 
2891.105: [GC (Allocation Failure) [PSYoungGen: 69952K->1373K(70144K)] 485495K->416916K(534528K), 0.0014971 secs] [Times: user=0.01 sys=0.00, real=0.01 secs] 
2891.897: [GC (Allocation Failure) [PSYoungGen: 69981K->1376K(70144K)] 485524K->416927K(534528K), 0.0020869 secs] [Times: user=0.01 sys=0.00, real=0.00 secs] 
2892.884: [GC (Allocation Failure) [PSYoungGen: 69984K->1344K(70144K)] 485535K->416895K(534528K), 0.0042600 secs] [Times: user=0.02 sys=0.00, real=0.01 secs] 
2893.679: [GC (Allocation Failure) [PSYoungGen: 69952K->1376K(70144K)] 485503K->416927K(534528K), 0.0038085 secs] [Times: user=0.01 sys=0.00, real=0.00 secs] 
2894.039: [GC (Allocation Failure) [PSYoungGen: 69984K->1408K(70144K)] 485535K->416959K(534528K), 0.0020808 secs] [Times: user=0.01 sys=0.00, real=0.00 secs] 
2895.364: [GC (Allocation Failure) [PSYoungGen: 70016K->1408K(70144K)] 485567K->416959K(534528K), 0.0022639 secs] [Times: user=0.00 sys=0.00, real=0.01 secs] 
2896.534: [GC (Allocation Failure) [PSYoungGen: 70016K->1344K(70144K)] 485567K->416895K(534528K), 0.0028874 secs] [Times: user=0.01 sys=0.00, real=0.01 secs] 
2897.711: [GC (Allocation Failure) [PSYoungGen: 69952K->1344K(70144K)] 485503K->416895K(534528K), 0.0035088 secs] [Times: user=0.01 sys=0.00, real=0.00 secs] 
2898.709: [GC (Allocation Failure) [PSYoungGen: 69952K->1392K(70144K)] 485503K->416943K(534528K), 0.0045884 secs] [Times: user=0.02 sys=0.00, real=0.00 secs] 
2900.027: [GC (Allocation Failure) [PSYoungGen: 70000K->1408K(70144K)] 485551K->419007K(534528K), 0.0020347 secs] [Times: user=0.00 sys=0.00, real=0.00 secs] 
2900.652: [GC (Allocation Failure) [PSYoungGen: 70016K->320K(70144K)] 487615K->417919K(534528K), 0.0020814 secs] [Times: user=0.01 sys=0.00, real=0.00 secs] 
2901.217: [GC (Allocation Failure) [PSYoungGen: 68928K->320K(70656K)] 486527K->417935K(535040K), 0.0022186 secs] [Times: user=0.01 sys=0.00, real=0.00 secs] 
2901.533: [GC (Allocation Failure) [PSYoungGen: 68928K->320K(70656K)] 486543K->417935K(535040K), 0.0020892 secs] [Times: user=0.01 sys=0.00, real=0.00 secs] 
2902.199: [GC (Allocation Failure) [PSYoungGen: 68928K->1405K(70656K)] 486543K->419020K(535040K), 0.0015790 secs] [Times: user=0.00 sys=0.00, real=0.00 secs] 
2903.092: [GC (Allocation Failure) [PSYoungGen: 70013K->1392K(70656K)] 487628K->419015K(535040K), 0.0019923 secs] [Times: user=0.01 sys=0.00, real=0.00 secs] 
2903.991: [GC (Allocation Failure) [PSYoungGen: 70000K->1328K(70656K)] 487623K->418959K(535040K), 0.0022239 secs] [Times: user=0.01 sys=0.01, real=0.00 secs] 
2904.810: [GC (Allocation Failure) [PSYoungGen: 69936K->1328K(70656K)] 487567K->418959K(535040K), 0.0027199 secs] [Times: user=0.01 sys=0.00, real=0.00 secs] 
2905.504: [GC (Allocation Failure) [PSYoungGen: 69936K->1408K(70656K)] 487567K->419039K(535040K), 0.0022661 secs] [Times: user=0.01 sys=0.00, real=0.01 secs] 
2906.910: [GC (Allocation Failure) [PSYoungGen: 70016K->1408K(70656K)] 487647K->419039K(535040K), 0.0025894 secs] [Times: user=0.01 sys=0.00, real=0.00 secs] 
2907.196: [GC (Allocation Failure) [PSYoungGen: 70016K->1376K(70656K)] 487647K->419007K(535040K), 0.0021676 secs] [Times: user=0.01 sys=0.00, real=0.00 secs] 
2907.492: [GC (Allocation Failure) [PSYoungGen: 69984K->1344K(70656K)] 487615K->418975K(535040K), 0.0021390 secs] [Times: user=0.01 sys=0.00, real=0.00 secs] 
2907.830: [GC (Allocation Failure) [PSYoungGen: 69952K->1344K(70656K)] 487583K->418975K(535040K), 0.0021869 secs] [Times: user=0.01 sys=0.00, real=0.00 secs] 
2908.586: [GC (Allocation Failure) [PSYoungGen: 69317K->1920K(70656K)] 486949K->420063K(535040K), 0.0019513 secs] [Times: user=0.01 sys=0.00, real=0.00 secs] 
2909.022: [GC (Allocation Failure) [PSYoungGen: 70528K->1376K(70656K)] 488671K->419519K(535040K), 0.0018564 secs] [Times: user=0.01 sys=0.00, real=0.00 secs] 
2909.317: [GC (Allocation Failure) [PSYoungGen: 69984K->1376K(70656K)] 488127K->419519K(535040K), 0.0029633 secs] [Times: user=0.01 sys=0.00, real=0.00 secs] 
2909.613: [GC (Allocation Failure) [PSYoungGen: 69984K->1408K(70656K)] 488127K->419575K(535040K), 0.0025344 secs] [Times: user=0.01 sys=0.00, real=0.01 secs] 
2910.003: [GC (Allocation Failure) [PSYoungGen: 70016K->1357K(70656K)] 488183K->419524K(535040K), 0.0019764 secs] [Times: user=0.01 sys=0.00, real=0.00 secs] 
2910.697: [GC (Allocation Failure) [PSYoungGen: 69965K->1392K(70656K)] 488132K->419559K(535040K), 0.0019239 secs] [Times: user=0.01 sys=0.00, real=0.00 secs] 
2911.116: [GC (Allocation Failure) [PSYoungGen: 70000K->1344K(70656K)] 488167K->419511K(535040K), 0.0019952 secs] [Times: user=0.01 sys=0.00, real=0.00 secs] 
2911.598: [GC (Allocation Failure) [PSYoungGen: 69952K->1376K(70656K)] 488119K->419543K(535040K), 0.0040977 secs] [Times: user=0.01 sys=0.00, real=0.00 secs] 
2912.246: [GC (Allocation Failure) [PSYoungGen: 69984K->1360K(70656K)] 488151K->419527K(535040K), 0.0035476 secs] [Times: user=0.01 sys=0.00, real=0.00 secs] 
2913.573: [GC (Allocation Failure) [PSYoungGen: 69968K->1408K(70656K)] 488135K->419575K(535040K), 0.0028857 secs] [Times: user=0.01 sys=0.00, real=0.01 secs] 
2914.354: [GC (Allocation Failure) [PSYoungGen: 70016K->1312K(70656K)] 488183K->419479K(535040K), 0.0034234 secs] [Times: user=0.02 sys=0.00, real=0.01 secs] 
2915.295: [GC (Allocation Failure) [PSYoungGen: 69920K->1376K(70656K)] 488087K->419551K(535040K), 0.0028114 secs] [Times: user=0.01 sys=0.00, real=0.01 secs] 
2915.963: [GC (Allocation Failure) [PSYoungGen: 69984K->1376K(70656K)] 488159K->419551K(535040K), 0.0028712 secs] [Times: user=0.02 sys=0.00, real=0.01 secs] 
2916.977: [GC (Allocation Failure) [PSYoungGen: 69984K->1936K(70656K)] 488159K->420111K(535040K), 0.0018006 secs] [Times: user=0.01 sys=0.00, real=0.00 secs] 
2917.397: [GC (Allocation Failure) [PSYoungGen: 70544K->1376K(70656K)] 488719K->419551K(535040K), 0.0027891 secs] [Times: user=0.01 sys=0.00, real=0.00 secs] 
2917.948: [GC (Allocation Failure) [PSYoungGen: 69984K->1344K(70656K)] 488159K->419519K(535040K), 0.0023150 secs] [Times: user=0.01 sys=0.00, real=0.00 secs] 
2918.536: [GC (Allocation Failure) [PSYoungGen: 69952K->1376K(70656K)] 488127K->419551K(535040K), 0.0041244 secs] [Times: user=0.02 sys=0.00, real=0.00 secs] 
2919.235: [GC (Allocation Failure) [PSYoungGen: 69984K->1408K(70656K)] 488159K->419583K(535040K), 0.0025471 secs] [Times: user=0.01 sys=0.01, real=0.01 secs] 
2920.321: [GC (Allocation Failure) [PSYoungGen: 70016K->1392K(70656K)] 488191K->419567K(535040K), 0.0019357 secs] [Times: user=0.01 sys=0.00, real=0.00 secs] 
2921.254: [GC (Allocation Failure) [PSYoungGen: 70000K->1376K(70656K)] 488175K->419551K(535040K), 0.0035627 secs] [Times: user=0.02 sys=0.00, real=0.01 secs] 
2922.111: [GC (Allocation Failure) [PSYoungGen: 69984K->1376K(70656K)] 488159K->419559K(535040K), 0.0037202 secs] [Times: user=0.01 sys=0.00, real=0.00 secs] 
2922.888: [GC (Allocation Failure) [PSYoungGen: 69984K->1344K(70656K)] 488167K->419527K(535040K), 0.0044660 secs] [Times: user=0.02 sys=0.00, real=0.00 secs] 
2923.966: [GC (Allocation Failure) [PSYoungGen: 69952K->1376K(70656K)] 488135K->419559K(535040K), 0.0021018 secs] [Times: user=0.01 sys=0.00, real=0.00 secs] 
2924.591: [GC (Allocation Failure) [PSYoungGen: 69984K->1344K(70656K)] 488167K->419527K(535040K), 0.0041546 secs] [Times: user=0.01 sys=0.01, real=0.00 secs] 
2924.931: [GC (Allocation Failure) [PSYoungGen: 69952K->1344K(70656K)] 488135K->419527K(535040K), 0.0030072 secs] [Times: user=0.02 sys=0.00, real=0.00 secs] 
2925.257: [GC (Allocation Failure) [PSYoungGen: 69952K->1376K(70656K)] 488135K->419559K(535040K), 0.0021878 secs] [Times: user=0.01 sys=0.00, real=0.00 secs] 
2926.812: [GC (Allocation Failure) [PSYoungGen: 69984K->224K(70656K)] 488167K->418415K(535040K), 0.0022712 secs] [Times: user=0.02 sys=0.00, real=0.00 secs] 
2927.206: [GC (Allocation Failure) [PSYoungGen: 68832K->2016K(70144K)] 487023K->421708K(534528K), 0.0021747 secs] [Times: user=0.01 sys=0.01, real=0.00 secs] 
2929.836: [GC (Allocation Failure) [PSYoungGen: 70112K->2528K(70656K)] 489804K->432766K(535040K), 0.0099169 secs] [Times: user=0.06 sys=0.00, real=0.01 secs] 
2934.533: [GC (Allocation Failure) [PSYoungGen: 70624K->7136K(65024K)] 500862K->462310K(529408K), 0.0217586 secs] [Times: user=0.09 sys=0.03, real=0.02 secs] 
2934.555: [Full GC (Ergonomics) [PSYoungGen: 7136K->0K(65024K)] [ParOldGen: 455174K->54774K(557568K)] 462310K->54774K(622592K), [Metaspace: 59813K->59724K(1105920K)], 0.1248353 secs] [Times: user=0.53 sys=0.00, real=0.13 secs] 
2935.512: [GC (Allocation Failure) [PSYoungGen: 57856K->17376K(75264K)] 112630K->84142K(632832K), 0.0199137 secs] [Times: user=0.11 sys=0.00, real=0.02 secs] 
2935.802: [GC (Allocation Failure) [PSYoungGen: 75232K->25056K(77312K)] 141998K->112694K(634880K), 0.0299188 secs] [Times: user=0.10 sys=0.07, real=0.03 secs] 
2936.798: [GC (Allocation Failure) [PSYoungGen: 77280K->37344K(89600K)] 164918K->144750K(647168K), 0.0258949 secs] [Times: user=0.15 sys=0.01, real=0.02 secs] 
2942.075: [GC (GCLocker Initiated GC) [PSYoungGen: 89568K->51680K(102912K)] 196975K->160983K(660480K), 0.0467103 secs] [Times: user=0.23 sys=0.03, real=0.05 secs] 
2942.219: [GC (Allocation Failure) [PSYoungGen: 102880K->61920K(113152K)] 212185K->185897K(670720K), 0.0302534 secs] [Times: user=0.18 sys=0.01, real=0.03 secs] 
2942.445: [GC (Allocation Failure) [PSYoungGen: 98538K->78816K(125440K)] 222515K->203585K(683008K), 0.0348311 secs] [Times: user=0.15 sys=0.05, real=0.04 secs] 
2946.006: [GC (Allocation Failure) [PSYoungGen: 125408K->93152K(139776K)] 250177K->223329K(697344K), 0.0705782 secs] [Times: user=0.41 sys=0.01, real=0.08 secs] 
2949.263: [GC (GCLocker Initiated GC) [PSYoungGen: 139744K->112096K(147968K)] 269922K->242386K(705536K), 0.0976271 secs] [Times: user=0.44 sys=0.14, real=0.10 secs] 
2953.217: [GC (Allocation Failure) [PSYoungGen: 147936K->98656K(167936K)] 278226K->276218K(725504K), 0.0831898 secs] [Times: user=0.50 sys=0.00, real=0.08 secs] 
2954.197: [GC (Allocation Failure) [PSYoungGen: 134496K->36929K(171520K)] 312058K->260028K(729088K), 0.0356034 secs] [Times: user=0.21 sys=0.00, real=0.03 secs] 
2954.338: [GC (Allocation Failure) [PSYoungGen: 79425K->640K(178688K)] 302524K->260650K(736256K), 0.0524113 secs] [Times: user=0.31 sys=0.00, real=0.05 secs] 
2954.972: [GC (Allocation Failure) [PSYoungGen: 43136K->7808K(180224K)] 303146K->268343K(737792K), 0.0070782 secs] [Times: user=0.03 sys=0.00, real=0.01 secs] 
2956.251: [GC (Allocation Failure) [PSYoungGen: 58496K->17472K(183808K)] 319031K->284899K(741376K), 0.0224538 secs] [Times: user=0.12 sys=0.00, real=0.02 secs] 
2958.173: [GC (Allocation Failure) [PSYoungGen: 68160K->24480K(175104K)] 335587K->308239K(732672K), 0.0337650 secs] [Times: user=0.18 sys=0.00, real=0.04 secs] 
2958.309: [GC (Allocation Failure) [PSYoungGen: 84896K->30880K(181760K)] 368655K->336931K(739328K), 0.0234892 secs] [Times: user=0.14 sys=0.00, real=0.02 secs] 
2958.396: [GC (Allocation Failure) [PSYoungGen: 91296K->32960K(172544K)] 397347K->365667K(730112K), 0.0203527 secs] [Times: user=0.12 sys=0.00, real=0.02 secs] 
2958.478: [GC (Allocation Failure) [PSYoungGen: 105152K->33952K(179200K)] 437859K->399519K(736768K), 0.0291637 secs] [Times: user=0.17 sys=0.01, real=0.03 secs] 
2958.590: [GC (Allocation Failure) [PSYoungGen: 106144K->35712K(175104K)] 471711K->434983K(732672K), 0.1134158 secs] [Times: user=0.67 sys=0.00, real=0.11 secs] 
2959.109: [GC (GCLocker Initiated GC) [PSYoungGen: 122752K->49824K(180736K)] 522024K->484824K(738304K), 0.0403659 secs] [Times: user=0.23 sys=0.00, real=0.04 secs] 
2960.316: [GC (Allocation Failure) [PSYoungGen: 136864K->23936K(189440K)] 571865K->508745K(747008K), 0.0323827 secs] [Times: user=0.19 sys=0.00, real=0.03 secs] 
2960.542: [GC (Allocation Failure) [PSYoungGen: 127872K->20096K(193536K)] 612681K->528873K(751104K), 0.0402106 secs] [Times: user=0.22 sys=0.02, real=0.04 secs] 
2960.582: [Full GC (Ergonomics) [PSYoungGen: 20096K->0K(193536K)] [ParOldGen: 508777K->41325K(595968K)] 528873K->41325K(789504K), [Metaspace: 59970K->59970K(1105920K)], 0.0676669 secs] [Times: user=0.27 sys=0.00, real=0.07 secs] 
2960.958: [GC (Allocation Failure) [PSYoungGen: 103936K->49408K(210944K)] 145261K->90733K(806912K), 0.0131545 secs] [Times: user=0.08 sys=0.00, real=0.01 secs] 
2961.051: [GC (Allocation Failure) [PSYoungGen: 173312K->59552K(211456K)] 214637K->145993K(807424K), 0.0268101 secs] [Times: user=0.15 sys=0.01, real=0.03 secs] 
2961.170: [GC (Allocation Failure) [PSYoungGen: 183456K->61504K(236544K)] 269897K->207441K(832512K), 0.0361854 secs] [Times: user=0.20 sys=0.01, real=0.04 secs] 
2963.801: [GC (Allocation Failure) [PSYoungGen: 206912K->64736K(239616K)] 352849K->272217K(835584K), 0.0448861 secs] [Times: user=0.26 sys=0.00, real=0.04 secs] 
2964.430: [GC (Allocation Failure) [PSYoungGen: 210144K->31936K(264192K)] 417625K->304265K(860160K), 0.0920952 secs] [Times: user=0.54 sys=0.00, real=0.09 secs] 
2964.978: [GC (Allocation Failure) [PSYoungGen: 205504K->83136K(267776K)] 477833K->384106K(863744K), 0.0334705 secs] [Times: user=0.20 sys=0.00, real=0.03 secs] 
2965.130: [GC (Allocation Failure) [PSYoungGen: 256704K->93472K(300032K)] 557674K->468654K(896000K), 0.0505320 secs] [Times: user=0.27 sys=0.03, real=0.05 secs] 
2966.692: [GC (Allocation Failure) [PSYoungGen: 289056K->46304K(311808K)] 664238K->514966K(907776K), 0.0455451 secs] [Times: user=0.27 sys=0.00, real=0.05 secs] 
2967.149: [GC (Allocation Failure) [PSYoungGen: 241888K->87808K(336384K)] 710550K->602148K(932352K), 0.0389430 secs] [Times: user=0.20 sys=0.03, real=0.04 secs] 
2967.188: [Full GC (Ergonomics) [PSYoungGen: 87808K->0K(336384K)] [ParOldGen: 514340K->112182K(726528K)] 602148K->112182K(1062912K), [Metaspace: 59978K->59978K(1105920K)], 0.2455192 secs] [Times: user=1.09 sys=0.00, real=0.24 secs] 
2967.886: [GC (Allocation Failure) [PSYoungGen: 225792K->111008K(344064K)] 337974K->223190K(1070592K), 0.0472938 secs] [Times: user=0.26 sys=0.01, real=0.04 secs] 
2971.440: [GC (Allocation Failure) [PSYoungGen: 336800K->58016K(383488K)] 448982K->280846K(1110016K), 0.1460977 secs] [Times: user=0.85 sys=0.02, real=0.15 secs] 
2973.521: [GC (Allocation Failure) [PSYoungGen: 323744K->123040K(391680K)] 546574K->401514K(1118208K), 0.0417086 secs] [Times: user=0.25 sys=0.00, real=0.04 secs] 
2975.345: [GC (Allocation Failure) [PSYoungGen: 388768K->112960K(444416K)] 667242K->504526K(1170944K), 0.0688376 secs] [Times: user=0.37 sys=0.03, real=0.07 secs] 
2975.752: [GC (Allocation Failure) [PSYoungGen: 414528K->117792K(454144K)] 806094K->622470K(1180672K), 0.0528131 secs] [Times: user=0.31 sys=0.00, real=0.05 secs] 
2979.812: [GC (Allocation Failure) [PSYoungGen: 419360K->131104K(503296K)] 924038K->742523K(1229824K), 0.1011661 secs] [Times: user=0.35 sys=0.25, real=0.10 secs] 
2979.913: [Full GC (Ergonomics) [PSYoungGen: 131104K->0K(503296K)] [ParOldGen: 611419K->252716K(958464K)] 742523K->252716K(1461760K), [Metaspace: 59981K->59981K(1105920K)], 0.5383984 secs] [Times: user=2.38 sys=0.01, real=0.54 secs] 
2982.592: [GC (Allocation Failure) [PSYoungGen: 341504K->128768K(515584K)] 594220K->381484K(1474048K), 0.0259298 secs] [Times: user=0.15 sys=0.00, real=0.03 secs] 
2984.422: [GC (Allocation Failure) [PSYoungGen: 470272K->4064K(508416K)] 722988K->256852K(1466880K), 0.0019315 secs] [Times: user=0.00 sys=0.00, real=0.00 secs] 
2985.235: [GC (GCLocker Initiated GC) [PSYoungGen: 330208K->152000K(478208K)] 582996K->407985K(1436672K), 0.0301539 secs] [Times: user=0.18 sys=0.00, real=0.03 secs] 
2988.690: [GC (Allocation Failure) [PSYoungGen: 478144K->111520K(497664K)] 734131K->511115K(1456128K), 0.1134130 secs] [Times: user=0.67 sys=0.00, real=0.11 secs] 
2990.280: [GC (Allocation Failure) [PSYoungGen: 405920K->139008K(433664K)] 805515K->647292K(1392128K), 0.0530582 secs] [Times: user=0.31 sys=0.00, real=0.05 secs] 
2991.621: [GC (Allocation Failure) [PSYoungGen: 433408K->100512K(498688K)] 941692K->738816K(1457152K), 0.0743026 secs] [Times: user=0.43 sys=0.00, real=0.07 secs] 
2992.373: [GC (Allocation Failure) [PSYoungGen: 390304K->135488K(489984K)] 1028608K->873359K(1448448K), 0.0626634 secs] [Times: user=0.30 sys=0.07, real=0.07 secs] 
2995.926: [GC (Allocation Failure) [PSYoungGen: 425280K->106176K(488448K)] 1163151K->971087K(1446912K), 0.0697373 secs] [Times: user=0.37 sys=0.04, real=0.07 secs] 
2995.996: [Full GC (Ergonomics) [PSYoungGen: 106176K->0K(488448K)] [ParOldGen: 864911K->17323K(807424K)] 971087K->17323K(1295872K), [Metaspace: 60002K->60002K(1105920K)], 0.0302567 secs] [Times: user=0.07 sys=0.00, real=0.03 secs] 
2996.911: [GC (Allocation Failure) [PSYoungGen: 293376K->127456K(491008K)] 310699K->144779K(1298432K), 0.0255271 secs] [Times: user=0.15 sys=0.00, real=0.03 secs] 
2998.641: [GC (Allocation Failure) [PSYoungGen: 420832K->119936K(496640K)] 438155K->254895K(1304064K), 0.0622655 secs] [Times: user=0.37 sys=0.00, real=0.06 secs] 
2999.068: [GC (Allocation Failure) [PSYoungGen: 423040K->123232K(498688K)] 557999K->378275K(1306112K), 0.0784037 secs] [Times: user=0.46 sys=0.00, real=0.08 secs] 
3001.498: [GC (Allocation Failure) [PSYoungGen: 426336K->125056K(500224K)] 681379K->493256K(1307648K), 0.0615278 secs] [Times: user=0.37 sys=0.00, real=0.06 secs] 
3005.328: [GC (Allocation Failure) [PSYoungGen: 434816K->123008K(501760K)] 803016K->615440K(1309184K), 0.0597311 secs] [Times: user=0.35 sys=0.00, real=0.06 secs] 
3007.273: [GC (Allocation Failure) [PSYoungGen: 432768K->124576K(503808K)] 925200K->729965K(1311232K), 0.0625973 secs] [Times: user=0.37 sys=0.00, real=0.07 secs] 
3007.336: [Full GC (Ergonomics) [PSYoungGen: 124576K->0K(503808K)] [ParOldGen: 605388K->252797K(1098240K)] 729965K->252797K(1602048K), [Metaspace: 60011K->60011K(1105920K)], 0.5486247 secs] [Times: user=2.45 sys=0.00, real=0.54 secs] 
3008.723: [GC (Allocation Failure) [PSYoungGen: 317440K->130592K(504832K)] 570237K->383389K(1603072K), 0.0352248 secs] [Times: user=0.20 sys=0.00, real=0.04 secs] 
3010.160: [GC (Allocation Failure) [PSYoungGen: 448032K->3296K(489472K)] 700829K->256125K(1587712K), 0.0017988 secs] [Times: user=0.01 sys=0.00, real=0.00 secs] 
3012.574: [GC (Allocation Failure) [PSYoungGen: 305888K->133120K(436224K)] 558717K->387322K(1534464K), 0.0264064 secs] [Times: user=0.15 sys=0.00, real=0.03 secs] 
3014.265: [GC (Allocation Failure) [PSYoungGen: 435712K->114368K(504320K)] 689914K->492770K(1602560K), 0.0632953 secs] [Times: user=0.37 sys=0.00, real=0.07 secs] 
3015.896: [GC (Allocation Failure) [PSYoungGen: 418496K->131392K(498688K)] 796898K->623659K(1596928K), 0.0533653 secs] [Times: user=0.32 sys=0.00, real=0.05 secs] 
3017.613: [GC (Allocation Failure) [PSYoungGen: 435520K->116448K(498176K)] 927787K->730339K(1596416K), 0.0634525 secs] [Times: user=0.38 sys=0.00, real=0.07 secs] 
3020.496: [GC (Allocation Failure) [PSYoungGen: 425696K->132128K(498688K)] 1039587K->861795K(1596928K), 0.0543886 secs] [Times: user=0.33 sys=0.00, real=0.05 secs] 
3021.715: [GC (Allocation Failure) [PSYoungGen: 441376K->1984K(487424K)] 1171043K->731735K(1585664K), 0.0021394 secs] [Times: user=0.01 sys=0.00, real=0.01 secs] 
3024.249: [GC (Allocation Failure) [PSYoungGen: 299456K->126784K(498176K)] 1029207K->857168K(1596416K), 0.0257976 secs] [Times: user=0.15 sys=0.00, real=0.02 secs] 
3026.404: [GC (Allocation Failure) [PSYoungGen: 424256K->200160K(433152K)] 1154640K->967296K(1531392K), 0.0737256 secs] [Times: user=0.36 sys=0.08, real=0.08 secs] 
3028.715: [GC (Allocation Failure) [PSYoungGen: 433120K->86240K(465920K)] 1200256K->853472K(1564160K), 0.0261984 secs] [Times: user=0.15 sys=0.01, real=0.03 secs] 
3028.920: [GC (Allocation Failure) [PSYoungGen: 319200K->198240K(465920K)] 1086432K->965472K(1564160K), 0.0395770 secs] [Times: user=0.23 sys=0.00, real=0.04 secs] 
3030.043: [GC (Allocation Failure) [PSYoungGen: 431200K->21024K(465920K)] 1198432K->788384K(1564160K), 0.0064160 secs] [Times: user=0.04 sys=0.00, real=0.01 secs] 
3030.485: [GC (Allocation Failure) [PSYoungGen: 253984K->112160K(465920K)] 1021344K->898613K(1564160K), 0.0339572 secs] [Times: user=0.19 sys=0.00, real=0.04 secs] 
3032.530: [GC (Allocation Failure) [PSYoungGen: 345120K->148992K(465920K)] 1131573K->1039365K(1564160K), 0.0938147 secs] [Times: user=0.51 sys=0.03, real=0.09 secs] 
3036.098: [GC (Allocation Failure) [PSYoungGen: 381952K->54368K(465920K)] 1272325K->1060637K(1564160K), 0.1219638 secs] [Times: user=0.59 sys=0.13, real=0.12 secs] 
3036.220: [Full GC (Ergonomics) [PSYoungGen: 54368K->0K(465920K)] [ParOldGen: 1006269K->70565K(947200K)] 1060637K->70565K(1413120K), [Metaspace: 60063K->60063K(1105920K)], 0.1824710 secs] [Times: user=0.83 sys=0.01, real=0.18 secs] 
3036.568: [GC (Allocation Failure) [PSYoungGen: 232960K->118496K(351744K)] 303525K->189061K(1298944K), 0.0326254 secs] [Times: user=0.20 sys=0.00, real=0.03 secs] 
3037.641: [GC (Allocation Failure) [PSYoungGen: 351456K->81568K(471040K)] 422021K->262633K(1418240K), 0.0587916 secs] [Times: user=0.35 sys=0.00, real=0.06 secs] 
3038.678: [GC (Allocation Failure) [PSYoungGen: 321696K->107936K(348160K)] 502761K->369951K(1295360K), 0.0496691 secs] [Times: user=0.29 sys=0.00, real=0.05 secs] 
3040.575: [GC (Allocation Failure) [PSYoungGen: 348064K->125088K(460800K)] 610079K->477679K(1408000K), 0.1022085 secs] [Times: user=0.61 sys=0.00, real=0.11 secs] 
3042.842: [GC (GCLocker Initiated GC) [PSYoungGen: 373408K->62784K(456704K)] 725999K->540551K(1403904K), 0.1444276 secs] [Times: user=0.78 sys=0.00, real=0.15 secs] 
3043.271: [GC (Allocation Failure) [PSYoungGen: 311104K->122400K(486912K)] 788923K->659572K(1434112K), 0.0401787 secs] [Times: user=0.24 sys=0.00, real=0.04 secs] 
3044.835: [GC (Allocation Failure) [PSYoungGen: 404000K->95776K(484352K)] 941172K->747052K(1431552K), 0.0617068 secs] [Times: user=0.36 sys=0.00, real=0.07 secs] 
3046.075: [GC (Allocation Failure) [PSYoungGen: 377376K->128800K(486400K)] 1028652K->874853K(1433600K), 0.0492840 secs] [Times: user=0.29 sys=0.00, real=0.05 secs] 
3047.892: [GC (Allocation Failure) [PSYoungGen: 420128K->111392K(485888K)] 1166181K->978013K(1433088K), 0.0628140 secs] [Times: user=0.37 sys=0.00, real=0.06 secs] 
3047.955: [Full GC (Ergonomics) [PSYoungGen: 111392K->0K(485888K)] [ParOldGen: 866621K->17765K(923648K)] 978013K->17765K(1409536K), [Metaspace: 60067K->60067K(1105920K)], 0.0264486 secs] [Times: user=0.06 sys=0.00, real=0.03 secs] 
3049.749: [GC (Allocation Failure) [PSYoungGen: 291328K->121376K(499712K)] 309093K->139149K(1423360K), 0.0292431 secs] [Times: user=0.17 sys=0.00, real=0.03 secs] 
3051.375: [GC (Allocation Failure) [PSYoungGen: 433696K->126272K(496640K)] 451469K->255689K(1420288K), 0.0615700 secs] [Times: user=0.37 sys=0.00, real=0.07 secs] 
3052.727: [GC (Allocation Failure) [PSYoungGen: 438592K->125824K(512512K)] 568009K->381169K(1436160K), 0.0559535 secs] [Times: user=0.34 sys=0.00, real=0.05 secs] 
3054.608: [GC (Allocation Failure) [PSYoungGen: 455040K->2752K(332288K)] 710385K->258129K(1255936K), 0.0017314 secs] [Times: user=0.01 sys=0.00, real=0.00 secs] 
3056.542: [GC (Allocation Failure) [PSYoungGen: 331968K->146336K(491008K)] 587345K->402717K(1414656K), 0.0285164 secs] [Times: user=0.16 sys=0.00, real=0.03 secs] 
3057.745: [GC (Allocation Failure) [PSYoungGen: 443808K->104512K(402432K)] 700189K->498261K(1326080K), 0.0695380 secs] [Times: user=0.41 sys=0.00, real=0.07 secs] 
3058.930: [GC (Allocation Failure) [PSYoungGen: 401984K->134816K(494080K)] 795733K->631962K(1417728K), 0.0509345 secs] [Times: user=0.31 sys=0.00, real=0.05 secs] 
3061.657: [GC (Allocation Failure) [PSYoungGen: 437408K->111712K(496128K)] 934554K->734210K(1419776K), 0.0635874 secs] [Times: user=0.38 sys=0.00, real=0.06 secs] 
3062.456: [GC (GCLocker Initiated GC) [PSYoungGen: 414304K->134752K(498688K)] 1036804K->869010K(1422336K), 0.0752648 secs] [Times: user=0.45 sys=0.00, real=0.08 secs] 
3062.531: [Full GC (Ergonomics) [PSYoungGen: 134752K->0K(498688K)] [ParOldGen: 734258K->152502K(1117184K)] 869010K->152502K(1615872K), [Metaspace: 60072K->60072K(1105920K)], 0.3587781 secs] [Times: user=1.66 sys=0.00, real=0.36 secs] 
3066.159: [GC (Allocation Failure) [PSYoungGen: 312320K->111840K(500224K)] 464824K->264344K(1617408K), 0.0399809 secs] [Times: user=0.23 sys=0.01, real=0.04 secs] 
3068.712: [GC (Allocation Failure) [PSYoungGen: 424160K->133792K(504320K)] 576664K->397544K(1621504K), 0.0561538 secs] [Times: user=0.33 sys=0.00, real=0.06 secs] 
3071.604: [GC (Allocation Failure) [PSYoungGen: 457376K->3648K(327680K)] 721128K->267444K(1444864K), 0.0022913 secs] [Times: user=0.01 sys=0.00, real=0.01 secs] 
3073.604: [GC (Allocation Failure) [PSYoungGen: 327232K->146016K(491520K)] 591028K->411949K(1608704K), 0.0290855 secs] [Times: user=0.17 sys=0.00, real=0.03 secs] 
3074.789: [GC (Allocation Failure) [PSYoungGen: 443488K->107072K(404992K)] 709421K->509933K(1522176K), 0.0662299 secs] [Times: user=0.40 sys=0.00, real=0.06 secs] 
3075.470: [GC (Allocation Failure) [PSYoungGen: 404544K->140672K(491520K)] 807405K->649574K(1608704K), 0.0528003 secs] [Times: user=0.31 sys=0.01, real=0.05 secs] 
3078.805: [GC (Allocation Failure) [PSYoungGen: 440704K->103744K(495616K)] 949606K->744718K(1612800K), 0.0649474 secs] [Times: user=0.38 sys=0.00, real=0.07 secs] 
3080.997: [GC (Allocation Failure) [PSYoungGen: 403776K->131616K(499200K)] 1044750K->874815K(1616384K), 0.0507191 secs] [Times: user=0.30 sys=0.00, real=0.05 secs] 
3082.444: [GC (Allocation Failure) [PSYoungGen: 442912K->117088K(499712K)] 1186111K->982479K(1616896K), 0.0636274 secs] [Times: user=0.38 sys=0.00, real=0.07 secs] 
3083.453: [GC (Allocation Failure) [PSYoungGen: 428384K->140704K(502272K)] 1293775K->1122937K(1619456K), 0.0847351 secs] [Times: user=0.39 sys=0.09, real=0.09 secs] 
3083.537: [Full GC (Ergonomics) [PSYoungGen: 140704K->0K(502272K)] [ParOldGen: 982233K->159133K(1168384K)] 1122937K->159133K(1670656K), [Metaspace: 60083K->60083K(1105920K)], 0.3795547 secs] [Times: user=1.70 sys=0.00, real=0.38 secs] 
3085.763: [GC (Allocation Failure) [PSYoungGen: 319488K->112672K(505344K)] 478621K->271805K(1673728K), 0.0575438 secs] [Times: user=0.34 sys=0.01, real=0.06 secs] 
3086.896: [GC (Allocation Failure) [PSYoungGen: 432160K->165216K(495616K)] 591293K->435414K(1664000K), 0.0576391 secs] [Times: user=0.34 sys=0.00, real=0.05 secs] 
3088.717: [GC (Allocation Failure) [PSYoungGen: 481120K->108352K(507392K)] 751318K->518814K(1675776K), 0.0667688 secs] [Times: user=0.39 sys=0.01, real=0.06 secs] 
3089.773: [GC (Allocation Failure) [PSYoungGen: 424256K->151008K(502272K)] 834718K->666727K(1670656K), 0.0701443 secs] [Times: user=0.41 sys=0.00, real=0.07 secs] 
3092.705: [GC (Allocation Failure) [PSYoungGen: 466912K->105056K(507392K)] 982631K->763643K(1675776K), 0.1492074 secs] [Times: user=0.89 sys=0.00, real=0.15 secs] 
3093.306: [GC (Allocation Failure) [PSYoungGen: 420960K->149600K(503296K)] 1079547K->910868K(1671680K), 0.0529429 secs] [Times: user=0.31 sys=0.00, real=0.06 secs] 
3096.321: [GC (Allocation Failure) [PSYoungGen: 465504K->110528K(426496K)] 1226772K->1012228K(1594880K), 0.0846256 secs] [Times: user=0.50 sys=0.00, real=0.08 secs] 
3096.813: [GC (Allocation Failure) [PSYoungGen: 426056K->153856K(500736K)] 1327756K->1162893K(1669120K), 0.0555857 secs] [Times: user=0.31 sys=0.02, real=0.06 secs] 
3096.868: [Full GC (Ergonomics) [PSYoungGen: 153856K->0K(500736K)] [ParOldGen: 1009037K->197990K(1233920K)] 1162893K->197990K(1734656K), [Metaspace: 60098K->60098K(1105920K)], 0.4809599 secs] [Times: user=2.25 sys=0.00, real=0.48 secs] 
3100.307: [GC (Allocation Failure) [PSYoungGen: 313856K->101024K(506368K)] 511846K->299014K(1740288K), 0.0953174 secs] [Times: user=0.57 sys=0.00, real=0.09 secs] 
3100.747: [GC (Allocation Failure) [PSYoungGen: 406396K->149408K(502784K)] 604387K->445156K(1736704K), 0.0490901 secs] [Times: user=0.29 sys=0.01, real=0.05 secs] 
3102.927: [GC (GCLocker Initiated GC) [PSYoungGen: 462240K->103904K(505856K)] 757988K->540932K(1739776K), 0.1682643 secs] [Times: user=1.00 sys=0.00, real=0.16 secs] 
3103.551: [GC (Allocation Failure) [PSYoungGen: 416736K->143680K(504832K)] 870196K->696831K(1738752K), 0.2322428 secs] [Times: user=1.39 sys=0.00, real=0.23 secs] 
3107.303: [GC (Allocation Failure) [PSYoungGen: 458560K->96672K(505856K)] 1011711K->793407K(1739776K), 0.3825227 secs] [Times: user=2.29 sys=0.00, real=0.38 secs] 
3107.907: [GC (Allocation Failure) [PSYoungGen: 411552K->158080K(496640K)] 1108287K->945640K(1730560K), 0.0557412 secs] [Times: user=0.33 sys=0.00, real=0.05 secs] 
3109.350: [GC (Allocation Failure) [PSYoungGen: 465792K->94016K(503296K)] 1253352K->1039864K(1737216K), 0.1124591 secs] [Times: user=0.67 sys=0.00, real=0.11 secs] 
3109.691: [GC (Allocation Failure) [PSYoungGen: 401728K->154624K(495616K)] 1347576K->1188878K(1729536K), 0.0570819 secs] [Times: user=0.34 sys=0.00, real=0.06 secs] 
3109.749: [Full GC (Ergonomics) [PSYoungGen: 154624K->0K(495616K)] [ParOldGen: 1034254K->224921K(1280000K)] 1188878K->224921K(1775616K), [Metaspace: 60125K->60125K(1105920K)], 0.5254264 secs] [Times: user=2.44 sys=0.00, real=0.52 secs] 
3113.156: [GC (GCLocker Initiated GC) [PSYoungGen: 301568K->85376K(500224K)] 526489K->310298K(1780224K), 0.0960597 secs] [Times: user=0.57 sys=0.00, real=0.09 secs] 
3113.546: [GC (Allocation Failure) [PSYoungGen: 386944K->148064K(496128K)] 611918K->452371K(1776128K), 0.0525840 secs] [Times: user=0.31 sys=0.01, real=0.05 secs] 
3116.022: [GC (Allocation Failure) [PSYoungGen: 445536K->91584K(498176K)] 749843K->542959K(1778176K), 0.1177549 secs] [Times: user=0.70 sys=0.00, real=0.12 secs] 
3116.438: [GC (Allocation Failure) [PSYoungGen: 389056K->163360K(484864K)] 840431K->700876K(1764864K), 0.0539071 secs] [Times: user=0.32 sys=0.00, real=0.05 secs] 
3120.360: [GC (Allocation Failure) [PSYoungGen: 449568K->79744K(492544K)] 987084K->764076K(1772544K), 0.1678514 secs] [Times: user=1.00 sys=0.00, real=0.17 secs] 
3121.278: [GC (Allocation Failure) [PSYoungGen: 365952K->140704K(489472K)] 1050284K->901313K(1769472K), 0.0480230 secs] [Times: user=0.29 sys=0.00, real=0.04 secs] 
3124.435: [GC (Allocation Failure) [PSYoungGen: 426912K->91488K(491008K)] 1187521K->984577K(1771008K), 0.1271507 secs] [Times: user=0.76 sys=0.00, real=0.13 secs] 
3125.880: [GC (Allocation Failure) [PSYoungGen: 377696K->135776K(489984K)] 1270785K->1118473K(1769984K), 0.0483604 secs] [Times: user=0.29 sys=0.00, real=0.05 secs] 
3128.376: [GC (Allocation Failure) [PSYoungGen: 427616K->102464K(491520K)] 1410313K->1212321K(1771520K), 0.0863120 secs] [Times: user=0.35 sys=0.16, real=0.08 secs] 
3128.463: [Full GC (Ergonomics) [PSYoungGen: 102464K->0K(491520K)] [ParOldGen: 1109857K->20062K(1113600K)] 1212321K->20062K(1605120K), [Metaspace: 60128K->60128K(1105920K)], 0.0309536 secs] [Times: user=0.08 sys=0.01, real=0.03 secs] 
3130.586: [GC (Allocation Failure) [PSYoungGen: 291840K->129376K(495104K)] 311902K->149438K(1608704K), 0.0253624 secs] [Times: user=0.15 sys=0.00, real=0.02 secs] 
3132.453: [GC (Allocation Failure) [PSYoungGen: 433504K->116832K(495616K)] 453566K->257086K(1609216K), 0.0624051 secs] [Times: user=0.37 sys=0.00, real=0.06 secs] 
3133.742: [GC (Allocation Failure) [PSYoungGen: 420960K->129760K(503808K)] 561214K->386774K(1617408K), 0.0540335 secs] [Times: user=0.32 sys=0.00, real=0.06 secs] 
3136.122: [GC (Allocation Failure) [PSYoungGen: 448736K->2912K(501248K)] 705750K->259958K(1614848K), 0.0018376 secs] [Times: user=0.00 sys=0.00, real=0.00 secs] 
3138.902: [GC (Allocation Failure) [PSYoungGen: 321888K->139840K(497664K)] 578934K->398066K(1611264K), 0.0275669 secs] [Times: user=0.16 sys=0.00, real=0.03 secs] 
3140.332: [GC (Allocation Failure) [PSYoungGen: 441408K->109408K(411136K)] 699634K->498490K(1524736K), 0.0644687 secs] [Times: user=0.38 sys=0.00, real=0.07 secs] 
3142.335: [GC (Allocation Failure) [PSYoungGen: 410976K->133120K(494592K)] 800058K->630167K(1608192K), 0.0517466 secs] [Times: user=0.30 sys=0.00, real=0.06 secs] 
3143.519: [GC (Allocation Failure) [PSYoungGen: 437248K->115392K(494592K)] 934295K->736267K(1608192K), 0.0638619 secs] [Times: user=0.37 sys=0.00, real=0.06 secs] 
3146.556: [GC (Allocation Failure) [PSYoungGen: 419520K->126560K(503296K)] 1040395K->861960K(1616896K), 0.0553091 secs] [Times: user=0.33 sys=0.00, real=0.05 secs] 
3147.760: [GC (Allocation Failure) [PSYoungGen: 446560K->2592K(501248K)] 1181960K->738132K(1614848K), 0.0024179 secs] [Times: user=0.01 sys=0.00, real=0.00 secs] 
3148.574: [GC (Allocation Failure) [PSYoungGen: 322592K->146176K(492032K)] 1058132K->883310K(1605632K), 0.0289967 secs] [Times: user=0.17 sys=0.00, real=0.03 secs] 
3150.180: [GC (Allocation Failure) [PSYoungGen: 444672K->104064K(402944K)] 1181806K->978754K(1516544K), 0.0658489 secs] [Times: user=0.39 sys=0.00, real=0.06 secs] 
3151.754: [GC (Allocation Failure) [PSYoungGen: 402560K->136704K(495104K)] 1277250K->1114139K(1608704K), 0.0910183 secs] [Times: user=0.54 sys=0.00, real=0.09 secs] 
3151.845: [Full GC (Ergonomics) [PSYoungGen: 136704K->0K(495104K)] [ParOldGen: 977435K->156062K(1331200K)] 1114139K->156062K(1826304K), [Metaspace: 60132K->60132K(1105920K)], 0.3782249 secs] [Times: user=1.77 sys=0.00, real=0.38 secs] 
3154.731: [GC (Allocation Failure) [PSYoungGen: 303104K->109824K(497152K)] 459166K->265886K(1828352K), 0.0397685 secs] [Times: user=0.23 sys=0.00, real=0.04 secs] 
3155.779: [GC (Allocation Failure) [PSYoungGen: 412928K->132448K(498176K)] 568990K->397587K(1829376K), 0.0560506 secs] [Times: user=0.33 sys=0.00, real=0.05 secs] 
3157.045: [GC (Allocation Failure) [PSYoungGen: 444768K->2528K(498688K)] 709907K->267831K(1829888K), 0.0019937 secs] [Times: user=0.01 sys=0.00, real=0.01 secs] 
3158.464: [GC (Allocation Failure) [PSYoungGen: 314848K->139872K(492544K)] 580151K->406639K(1823744K), 0.0277131 secs] [Times: user=0.17 sys=0.00, real=0.03 secs] 
3160.247: [GC (Allocation Failure) [PSYoungGen: 434272K->108256K(402944K)] 701039K->506155K(1734144K), 0.0646243 secs] [Times: user=0.38 sys=0.01, real=0.06 secs] 
3161.528: [GC (Allocation Failure) [PSYoungGen: 402656K->130912K(491520K)] 800555K->636264K(1822720K), 0.0519689 secs] [Times: user=0.31 sys=0.00, real=0.05 secs] 
3163.489: [GC (Allocation Failure) [PSYoungGen: 428896K->115520K(492032K)] 934248K->742800K(1823232K), 0.0629566 secs] [Times: user=0.38 sys=0.00, real=0.06 secs] 
3165.792: [GC (Allocation Failure) [PSYoungGen: 413504K->119744K(500736K)] 1040784K->862296K(1831936K), 0.0576549 secs] [Times: user=0.31 sys=0.00, real=0.06 secs] 
3167.034: [GC (Allocation Failure) [PSYoungGen: 435136K->128800K(499712K)] 1177688K->980472K(1830912K), 0.0618704 secs] [Times: user=0.37 sys=0.00, real=0.07 secs] 
3169.227: [GC (Allocation Failure) [PSYoungGen: 444192K->128288K(513536K)] 1295864K->1108576K(1844736K), 0.0570346 secs] [Times: user=0.34 sys=0.00, real=0.05 secs] 
3170.434: [GC (Allocation Failure) [PSYoungGen: 458528K->4768K(335360K)] 1438816K->985140K(1666560K), 0.0048601 secs] [Times: user=0.02 sys=0.00, real=0.01 secs] 
3171.600: [GC (Allocation Failure) [PSYoungGen: 335008K->152064K(486912K)] 1315380K->1135816K(1818112K), 0.0317509 secs] [Times: user=0.18 sys=0.00, real=0.03 secs] 
3173.582: [GC (Allocation Failure) [PSYoungGen: 444416K->101504K(495616K)] 1428168K->1227437K(1826816K), 0.0828847 secs] [Times: user=0.47 sys=0.02, real=0.08 secs] 
3173.665: [Full GC (Ergonomics) [PSYoungGen: 101504K->0K(495616K)] [ParOldGen: 1125933K->25247K(1280512K)] 1227437K->25247K(1776128K), [Metaspace: 60132K->60132K(1105920K)], 0.0361270 secs] [Times: user=0.10 sys=0.00, real=0.04 secs] 
3174.503: [GC (Allocation Failure) [PSYoungGen: 292352K->138304K(493568K)] 317599K->163552K(1774080K), 0.0277534 secs] [Times: user=0.16 sys=0.00, real=0.03 secs] 
3176.014: [GC (Allocation Failure) [PSYoungGen: 436800K->105536K(496128K)] 462048K->260396K(1776640K), 0.0680912 secs] [Times: user=0.35 sys=0.00, real=0.07 secs] 
3177.472: [GC (Allocation Failure) [PSYoungGen: 404032K->135072K(495104K)] 558892K->394392K(1775616K), 0.0508813 secs] [Times: user=0.30 sys=0.00, real=0.05 secs] 
3178.806: [GC (Allocation Failure) [PSYoungGen: 440224K->113216K(496128K)] 699544K->498764K(1776640K), 0.0638945 secs] [Times: user=0.38 sys=0.00, real=0.07 secs] 
3180.402: [GC (Allocation Failure) [PSYoungGen: 418368K->134912K(500736K)] 803916K->632461K(1781248K), 0.0531720 secs] [Times: user=0.31 sys=0.00, real=0.05 secs] 
3181.931: [GC (Allocation Failure) [PSYoungGen: 451840K->114496K(501760K)] 949389K->738209K(1782272K), 0.0725901 secs] [Times: user=0.44 sys=0.00, real=0.07 secs] 
3183.512: [GC (Allocation Failure) [PSYoungGen: 431424K->143008K(504320K)] 1055137K->879810K(1784832K), 0.0544218 secs] [Times: user=0.32 sys=0.00, real=0.06 secs] 
3185.067: [GC (Allocation Failure) [PSYoungGen: 469152K->117280K(508416K)] 1205954K->987850K(1788928K), 0.1042342 secs] [Times: user=0.62 sys=0.01, real=0.10 secs] 
3186.449: [GC (GCLocker Initiated GC) [PSYoungGen: 443424K->155616K(505856K)] 1313994K->1141299K(1786368K), 0.1232132 secs] [Times: user=0.73 sys=0.01, real=0.12 secs] 
3189.347: [GC (Allocation Failure) [PSYoungGen: 485856K->111424K(514048K)] 1471543K->1244479K(1794560K), 0.1629088 secs] [Times: user=0.96 sys=0.01, real=0.16 secs] 
3189.510: [Full GC (Ergonomics) [PSYoungGen: 111424K->0K(514048K)] [ParOldGen: 1133055K->49189K(1335296K)] 1244479K->49189K(1849344K), [Metaspace: 60158K->60158K(1105920K)], 0.1399474 secs] [Times: user=0.60 sys=0.00, real=0.14 secs] 
3190.239: [GC (Allocation Failure) [PSYoungGen: 314483K->154240K(505856K)] 363673K->203429K(1841152K), 0.0301965 secs] [Times: user=0.18 sys=0.00, real=0.03 secs] 
3194.077: [GC (Allocation Failure) [PSYoungGen: 480384K->106432K(512512K)] 529573K->301394K(1847808K), 0.1615768 secs] [Times: user=0.96 sys=0.00, real=0.16 secs] 
3194.509: [GC (Allocation Failure) [PSYoungGen: 432576K->160672K(499712K)] 627538K->458202K(1835008K), 0.0520936 secs] [Times: user=0.31 sys=0.00, real=0.05 secs] 
3197.713: [GC (Allocation Failure) [PSYoungGen: 477600K->94304K(507904K)] 775130K->552498K(1843200K), 0.1360465 secs] [Times: user=0.81 sys=0.01, real=0.14 secs] 
3198.099: [GC (Allocation Failure) [PSYoungGen: 411232K->189920K(422912K)] 869426K->738195K(1758208K), 0.0595121 secs] [Times: user=0.33 sys=0.03, real=0.06 secs] 
3200.222: [GC (Allocation Failure) [PSYoungGen: 422880K->58048K(465920K)] 971155K->763747K(1801216K), 0.1569070 secs] [Times: user=0.93 sys=0.00, real=0.16 secs] 
3201.102: [GC (Allocation Failure) [PSYoungGen: 291008K->112288K(465920K)] 996707K->872548K(1801216K), 0.0358686 secs] [Times: user=0.21 sys=0.00, real=0.04 secs] 
3202.866: [GC (Allocation Failure) [PSYoungGen: 343676K->149344K(465920K)] 1103937K->1012652K(1801216K), 0.0660646 secs] [Times: user=0.39 sys=0.00, real=0.06 secs] 
3204.349: [GC (Allocation Failure) [PSYoungGen: 382304K->62848K(465920K)] 1245612K->1038388K(1801216K), 0.0961710 secs] [Times: user=0.57 sys=0.00, real=0.09 secs] 
3204.693: [GC (Allocation Failure) [PSYoungGen: 295808K->125184K(358400K)] 1271348K->1158073K(1693696K), 0.0418721 secs] [Times: user=0.25 sys=0.00, real=0.04 secs] 
3206.603: [GC (Allocation Failure) [PSYoungGen: 358144K->75712K(459264K)] 1391033K->1216993K(1794560K), 0.0555452 secs] [Times: user=0.33 sys=0.00, real=0.06 secs] 
3206.658: [Full GC (Ergonomics) [PSYoungGen: 75712K->0K(459264K)] [ParOldGen: 1141281K->19715K(1307136K)] 1216993K->19715K(1766400K), [Metaspace: 60161K->60161K(1105920K)], 0.0285437 secs] [Times: user=0.07 sys=0.00, real=0.03 secs] 
3207.437: [GC (Allocation Failure) [PSYoungGen: 235008K->106016K(457216K)] 254723K->125731K(1764352K), 0.0297008 secs] [Times: user=0.17 sys=0.00, real=0.03 secs] 
3207.699: [GC (Allocation Failure) [PSYoungGen: 341024K->120960K(467968K)] 360739K->237879K(1775104K), 0.0621146 secs] [Times: user=0.37 sys=0.00, real=0.06 secs] 
3209.988: [GC (Allocation Failure) [PSYoungGen: 382080K->71584K(466944K)] 498999K->309599K(1774080K), 0.0953330 secs] [Times: user=0.57 sys=0.00, real=0.09 secs] 
3210.610: [GC (Allocation Failure) [PSYoungGen: 332704K->128160K(487936K)] 570719K->432727K(1795072K), 0.0620831 secs] [Times: user=0.36 sys=0.00, real=0.06 secs] 
3213.222: [GC (Allocation Failure) [PSYoungGen: 416416K->91648K(489472K)] 720983K->515984K(1796608K), 0.1452649 secs] [Times: user=0.87 sys=0.00, real=0.15 secs] 
3214.505: [GC (Allocation Failure) [PSYoungGen: 379904K->135360K(494592K)] 804240K->648688K(1801728K), 0.0464870 secs] [Times: user=0.27 sys=0.00, real=0.05 secs] 
3215.791: [GC (Allocation Failure) [PSYoungGen: 433344K->103680K(494592K)] 946672K->743240K(1801728K), 0.0713891 secs] [Times: user=0.42 sys=0.00, real=0.07 secs] 
3217.539: [GC (Allocation Failure) [PSYoungGen: 401664K->137728K(495104K)] 1041224K->878925K(1802240K), 0.0512905 secs] [Times: user=0.31 sys=0.00, real=0.05 secs] 
3218.796: [GC (Allocation Failure) [PSYoungGen: 442368K->108608K(496128K)] 1183565K->977981K(1803264K), 0.0672754 secs] [Times: user=0.40 sys=0.00, real=0.06 secs] 
3220.196: [GC (Allocation Failure) [PSYoungGen: 413248K->141312K(499712K)] 1282621K->1117934K(1806848K), 0.0528958 secs] [Times: user=0.31 sys=0.00, real=0.06 secs] 
3221.525: [GC (Allocation Failure) [PSYoungGen: 455680K->110336K(502272K)] 1432302K->1218950K(1809408K), 0.0814365 secs] [Times: user=0.49 sys=0.00, real=0.09 secs] 
3223.660: [GC (Allocation Failure) [PSYoungGen: 424704K->145920K(503808K)] 1533318K->1363279K(1810944K), 0.0593480 secs] [Times: user=0.31 sys=0.03, real=0.06 secs] 
3223.719: [Full GC (Ergonomics) [PSYoungGen: 145920K->0K(503808K)] [ParOldGen: 1217359K->168530K(1398272K)] 1363279K->168530K(1902080K), [Metaspace: 60163K->60163K(1105920K)], 0.3985540 secs] [Times: user=1.85 sys=0.00, real=0.40 secs] 
3225.795: [GC (Allocation Failure) [PSYoungGen: 321536K->111520K(507904K)] 490066K->280050K(1906176K), 0.0817077 secs] [Times: user=0.48 sys=0.00, real=0.09 secs] 
3226.821: [GC (Allocation Failure) [PSYoungGen: 433056K->154240K(504320K)] 601586K->431939K(1902592K), 0.0563188 secs] [Times: user=0.33 sys=0.01, real=0.06 secs] 
3229.325: [GC (Allocation Failure) [PSYoungGen: 477312K->109312K(510976K)] 755011K->532395K(1909248K), 0.1609177 secs] [Times: user=0.96 sys=0.00, real=0.17 secs] 
3230.796: [GC (Allocation Failure) [PSYoungGen: 432384K->156192K(501760K)] 855467K->682175K(1900032K), 0.0528714 secs] [Times: user=0.31 sys=0.00, real=0.05 secs] 
3232.475: [GC (Allocation Failure) [PSYoungGen: 474144K->110336K(508416K)] 1000127K->783599K(1906688K), 0.1422154 secs] [Times: user=0.85 sys=0.00, real=0.15 secs] 
3232.902: [GC (Allocation Failure) [PSYoungGen: 428288K->154656K(502272K)] 1101551K->934936K(1900544K), 0.0532512 secs] [Times: user=0.32 sys=0.00, real=0.05 secs] 
3235.517: [GC (Allocation Failure) [PSYoungGen: 470560K->95904K(507392K)] 1250840K->1030508K(1905664K), 0.1540697 secs] [Times: user=0.91 sys=0.01, real=0.15 secs] 
3236.170: [GC (Allocation Failure) [PSYoungGen: 411808K->153472K(499200K)] 1346412K->1178737K(1897472K), 0.0778744 secs] [Times: user=0.46 sys=0.00, real=0.08 secs] 
3239.893: [GC (Allocation Failure) [PSYoungGen: 462208K->91456K(503808K)] 1487473K->1269993K(1902080K), 0.1329924 secs] [Times: user=0.79 sys=0.01, real=0.14 secs] 
3240.304: [GC (Allocation Failure) [PSYoungGen: 400192K->153312K(496640K)] 1578729K->1417790K(1894912K), 0.0682283 secs] [Times: user=0.30 sys=0.10, real=0.07 secs] 
3240.373: [Full GC (Ergonomics) [PSYoungGen: 153312K->0K(496640K)] [ParOldGen: 1264478K->214534K(1398272K)] 1417790K->214534K(1894912K), [Metaspace: 60167K->60167K(1105920K)], 0.5022352 secs] [Times: user=2.36 sys=0.00, real=0.50 secs] 
3242.156: [GC (Allocation Failure) [PSYoungGen: 302592K->91968K(500736K)] 517126K->306502K(1899008K), 0.1131687 secs] [Times: user=0.67 sys=0.00, real=0.11 secs] 
3242.643: [GC (Allocation Failure) [PSYoungGen: 394560K->151456K(495104K)] 609094K->452480K(1893376K), 0.0588937 secs] [Times: user=0.35 sys=0.00, real=0.06 secs] 
3245.657: [GC (Allocation Failure) [PSYoungGen: 449952K->88160K(498688K)] 750976K->540844K(1896960K), 0.1505248 secs] [Times: user=0.90 sys=0.00, real=0.15 secs] 
3246.076: [GC (Allocation Failure) [PSYoungGen: 376585K->139968K(495616K)] 829269K->677489K(1893888K), 0.0488733 secs] [Times: user=0.29 sys=0.00, real=0.04 secs] 
3248.736: [GC (GCLocker Initiated GC) [PSYoungGen: 439488K->98272K(497664K)] 977009K->767237K(1895936K), 0.1384874 secs] [Times: user=0.82 sys=0.00, real=0.14 secs] 
3249.186: [GC (Allocation Failure) [PSYoungGen: 397792K->145600K(498176K)] 1066760K->909317K(1896448K), 0.0498286 secs] [Times: user=0.29 sys=0.01, real=0.04 secs] 
3252.153: [GC (Allocation Failure) [PSYoungGen: 448704K->100288K(499712K)] 1212421K->1000993K(1897984K), 0.1504910 secs] [Times: user=0.89 sys=0.00, real=0.15 secs] 
3253.105: [GC (Allocation Failure) [PSYoungGen: 403392K->145824K(498176K)] 1304097K->1142529K(1896448K), 0.0504512 secs] [Times: user=0.30 sys=0.00, real=0.05 secs] 
3255.671: [GC (Allocation Failure) [PSYoungGen: 450976K->104672K(500224K)] 1447681K->1237698K(1898496K), 0.1639872 secs] [Times: user=0.98 sys=0.00, real=0.16 secs] 
3257.002: [GC (Allocation Failure) [PSYoungGen: 409824K->145568K(500736K)] 1542850K->1379102K(1899008K), 0.0519920 secs] [Times: user=0.31 sys=0.00, real=0.05 secs] 
3257.054: [Full GC (Ergonomics) [PSYoungGen: 145568K->0K(500736K)] [ParOldGen: 1233534K->182537K(1398272K)] 1379102K->182537K(1899008K), [Metaspace: 60179K->60179K(1105920K)], 0.4594444 secs] [Times: user=2.14 sys=0.00, real=0.46 secs] 
3261.092: [GC (Allocation Failure) [PSYoungGen: 309139K->104544K(502272K)] 491676K->287081K(1900544K), 0.0985880 secs] [Times: user=0.59 sys=0.00, real=0.10 secs] 
3262.483: [GC (Allocation Failure) [PSYoungGen: 413792K->145248K(501760K)] 596329K->430298K(1900032K), 0.0518310 secs] [Times: user=0.31 sys=0.00, real=0.05 secs] 
3264.757: [GC (Allocation Failure) [PSYoungGen: 457568K->104160K(503808K)] 742618K->525794K(1902080K), 0.1214286 secs] [Times: user=0.73 sys=0.00, real=0.12 secs] 
3266.244: [GC (GCLocker Initiated GC) [PSYoungGen: 416480K->149856K(502784K)] 838114K->673407K(1901056K), 0.1235348 secs] [Times: user=0.74 sys=0.00, real=0.13 secs] 
3269.118: [GC (Allocation Failure) [PSYoungGen: 464224K->103808K(506368K)] 987777K->769049K(1904640K), 0.1578171 secs] [Times: user=0.94 sys=0.00, real=0.15 secs] 
3270.153: [GC (Allocation Failure) [PSYoungGen: 418176K->154016K(500736K)] 1083417K->919306K(1899008K), 0.0517916 secs] [Times: user=0.30 sys=0.01, real=0.05 secs] 
3271.724: [GC (Allocation Failure) [PSYoungGen: 465824K->107904K(505344K)] 1231114K->1018802K(1903616K), 0.0983128 secs] [Times: user=0.58 sys=0.00, real=0.10 secs] 
3272.931: [GC (Allocation Failure) [PSYoungGen: 409516K->144288K(505344K)] 1320415K->1160247K(1903616K), 0.0919851 secs] [Times: user=0.55 sys=0.00, real=0.09 secs] 
3275.785: [GC (Allocation Failure) [PSYoungGen: 459680K->106272K(421888K)] 1475639K->1258439K(1820160K), 0.1032623 secs] [Times: user=0.61 sys=0.01, real=0.11 secs] 
3276.301: [GC (Allocation Failure) [PSYoungGen: 407469K->144896K(504320K)] 1559636K->1399696K(1902592K), 0.0507906 secs] [Times: user=0.30 sys=0.00, real=0.05 secs] 
3276.352: [Full GC (Ergonomics) [PSYoungGen: 144896K->0K(504320K)] [ParOldGen: 1254800K->196981K(1398272K)] 1399696K->196981K(1902592K), [Metaspace: 60180K->60180K(1105920K)], 0.4850155 secs] [Times: user=2.27 sys=0.00, real=0.49 secs] 
3279.557: [GC (Allocation Failure) [PSYoungGen: 316416K->100960K(505856K)] 513397K->297941K(1904128K), 0.0729628 secs] [Times: user=0.42 sys=0.01, real=0.07 secs] 
3281.086: [GC (Allocation Failure) [PSYoungGen: 412590K->149440K(505344K)] 609571K->444135K(1903616K), 0.1106832 secs] [Times: user=0.66 sys=0.00, real=0.11 secs] 
3283.403: [GC (Allocation Failure) [PSYoungGen: 467392K->105248K(508416K)] 762087K->541327K(1906688K), 0.1130207 secs] [Times: user=0.68 sys=0.00, real=0.12 secs] 
3283.856: [GC (Allocation Failure) [PSYoungGen: 408099K->145248K(506880K)] 844178K->683301K(1905152K), 0.0519999 secs] [Times: user=0.31 sys=0.01, real=0.05 secs] 
3286.262: [GC (Allocation Failure) [PSYoungGen: 464736K->108480K(508416K)] 1002789K->783325K(1906688K), 0.1216712 secs] [Times: user=0.72 sys=0.00, real=0.12 secs] 
3287.323: [GC (Allocation Failure) [PSYoungGen: 427968K->152192K(504320K)] 1102813K->932555K(1902592K), 0.1278779 secs] [Times: user=0.75 sys=0.02, real=0.13 secs] 
3291.380: [GC (Allocation Failure) [PSYoungGen: 470656K->97152K(508416K)] 1251019K->1029723K(1906688K), 0.1608579 secs] [Times: user=0.95 sys=0.01, real=0.16 secs] 
3291.821: [GC (Allocation Failure) [PSYoungGen: 415616K->158912K(497664K)] 1348187K->1182287K(1895936K), 0.0562134 secs] [Times: user=0.34 sys=0.00, real=0.06 secs] 
3294.300: [GC (Allocation Failure) [PSYoungGen: 467648K->92832K(503808K)] 1491023K->1275167K(1902080K), 0.0970655 secs] [Times: user=0.58 sys=0.00, real=0.10 secs] 
3294.618: [GC (Allocation Failure) [PSYoungGen: 401568K->154944K(496128K)] 1583903K->1423857K(1894400K), 0.0558511 secs] [Times: user=0.32 sys=0.02, real=0.05 secs] 
3294.674: [Full GC (Ergonomics) [PSYoungGen: 154944K->0K(496128K)] [ParOldGen: 1268913K->221843K(1398272K)] 1423857K->221843K(1894400K), [Metaspace: 60190K->60190K(1105920K)], 0.5224980 secs] [Times: user=2.46 sys=0.00, real=0.53 secs] 
3296.973: [GC (Allocation Failure) [PSYoungGen: 301568K->91904K(500224K)] 523411K->313747K(1898496K), 0.0836956 secs] [Times: user=0.49 sys=0.00, real=0.09 secs] 
3297.297: [GC (Allocation Failure) [PSYoungGen: 393472K->149824K(496128K)] 615315K->457876K(1894400K), 0.0542726 secs] [Times: user=0.33 sys=0.00, real=0.05 secs] 
3300.660: [GC (Allocation Failure) [PSYoungGen: 448320K->84960K(498688K)] 756372K->542596K(1896960K), 0.1469302 secs] [Times: user=0.88 sys=0.00, real=0.15 secs] 
3301.049: [GC (Allocation Failure) [PSYoungGen: 383456K->149696K(494080K)] 841092K->686241K(1892352K), 0.0523673 secs] [Times: user=0.31 sys=0.00, real=0.05 secs] 
3304.433: [GC (Allocation Failure) [PSYoungGen: 444096K->86304K(496640K)] 980641K->772661K(1894912K), 0.1547771 secs] [Times: user=0.92 sys=0.00, real=0.16 secs] 
3304.978: [GC (Allocation Failure) [PSYoungGen: 380704K->143712K(495616K)] 1067061K->912326K(1893888K), 0.0482376 secs] [Times: user=0.28 sys=0.00, real=0.05 secs] 
3306.628: [GC (Allocation Failure) [PSYoungGen: 439136K->99424K(395264K)] 1207750K->1002914K(1793536K), 0.1163438 secs] [Times: user=0.69 sys=0.00, real=0.11 secs] 
3307.808: [GC (Allocation Failure) [PSYoungGen: 394848K->141024K(495104K)] 1298338K->1140723K(1893376K), 0.0496653 secs] [Times: user=0.30 sys=0.00, real=0.05 secs] 
3309.568: [GC (Allocation Failure) [PSYoungGen: 438496K->101376K(495104K)] 1438195K->1233139K(1893376K), 0.1633837 secs] [Times: user=0.98 sys=0.00, real=0.16 secs] 
3310.316: [GC (Allocation Failure) [PSYoungGen: 398848K->142880K(496128K)] 1530611K->1373577K(1894400K), 0.0712349 secs] [Times: user=0.42 sys=0.00, real=0.07 secs] 
3310.388: [Full GC (Ergonomics) [PSYoungGen: 142880K->0K(496128K)] [ParOldGen: 1230697K->180673K(1398272K)] 1373577K->180673K(1894400K), [Metaspace: 60193K->60193K(1105920K)], 0.4334696 secs] [Times: user=2.01 sys=0.00, real=0.43 secs] 
3314.001: [GC (Allocation Failure) [PSYoungGen: 302592K->93888K(497152K)] 483265K->274561K(1895424K), 0.0850139 secs] [Times: user=0.50 sys=0.00, real=0.08 secs] 
3315.879: [GC (Allocation Failure) [PSYoungGen: 396480K->142592K(502272K)] 577153K->414226K(1900544K), 0.0488013 secs] [Times: user=0.29 sys=0.00, real=0.05 secs] 
3317.151: [GC (Allocation Failure) [PSYoungGen: 452352K->109472K(419328K)] 723986K->514522K(1817600K), 0.0918116 secs] [Times: user=0.55 sys=0.00, real=0.09 secs] 
3317.936: [GC (Allocation Failure) [PSYoungGen: 419232K->149344K(497152K)] 824282K->662232K(1895424K), 0.0535533 secs] [Times: user=0.32 sys=0.00, real=0.05 secs] 
3320.583: [GC (Allocation Failure) [PSYoungGen: 458080K->101216K(501248K)] 970968K->755232K(1899520K), 0.1667786 secs] [Times: user=1.00 sys=0.00, real=0.17 secs] 
3322.152: [GC (Allocation Failure) [PSYoungGen: 409952K->152800K(500224K)] 1063968K->905293K(1898496K), 0.0516303 secs] [Times: user=0.31 sys=0.00, real=0.05 secs] 
3324.564: [GC (Allocation Failure) [PSYoungGen: 463584K->108512K(504832K)] 1216077K->996445K(1903104K), 0.0755139 secs] [Times: user=0.45 sys=0.00, real=0.08 secs] 
3325.952: [GC (Allocation Failure) [PSYoungGen: 419296K->145760K(503808K)] 1307229K->1139910K(1902080K), 0.0535948 secs] [Times: user=0.32 sys=0.00, real=0.05 secs] 
3327.541: [GC (Allocation Failure) [PSYoungGen: 459616K->111840K(425984K)] 1453766K->1242830K(1824256K), 0.1205849 secs] [Times: user=0.72 sys=0.00, real=0.12 secs] 
3328.739: [GC (Allocation Failure) [PSYoungGen: 425696K->148672K(501760K)] 1556686K->1387371K(1900032K), 0.0543424 secs] [Times: user=0.32 sys=0.00, real=0.05 secs] 
3328.794: [Full GC (Ergonomics) [PSYoungGen: 148672K->0K(501760K)] [ParOldGen: 1238698K->185669K(1398272K)] 1387371K->185669K(1900032K), [Metaspace: 60197K->60197K(1105920K)], 0.4496025 secs] [Times: user=2.11 sys=0.00, real=0.45 secs] 
3331.094: [GC (Allocation Failure) [PSYoungGen: 314368K->110176K(504832K)] 500037K->295845K(1903104K), 0.0818373 secs] [Times: user=0.48 sys=0.00, real=0.09 secs] 
3331.610: [GC (Allocation Failure) [PSYoungGen: 423527K->152480K(503808K)] 609196K->444883K(1902080K), 0.0534773 secs] [Times: user=0.32 sys=0.00, real=0.05 secs] 
3334.374: [GC (Allocation Failure) [PSYoungGen: 469408K->102624K(507904K)] 761811K->539043K(1906176K), 0.1436097 secs] [Times: user=0.84 sys=0.01, real=0.15 secs] 
3334.885: [GC (Allocation Failure) [PSYoungGen: 407367K->148416K(505856K)] 843786K->683304K(1904128K), 0.0492572 secs] [Times: user=0.29 sys=0.00, real=0.05 secs] 
3337.478: [GC (Allocation Failure) [PSYoungGen: 465344K->104256K(421376K)] 1000232K->779108K(1819648K), 0.1610894 secs] [Times: user=0.96 sys=0.00, real=0.16 secs] 
3338.133: [GC (Allocation Failure) [PSYoungGen: 405632K->146528K(505856K)] 1080485K->921961K(1904128K), 0.0501534 secs] [Times: user=0.30 sys=0.00, real=0.05 secs] 
3340.156: [GC (Allocation Failure) [PSYoungGen: 463968K->106336K(507392K)] 1239401K->1019785K(1905664K), 0.1597833 secs] [Times: user=0.94 sys=0.00, real=0.15 secs] 
3340.681: [GC (Allocation Failure) [PSYoungGen: 423776K->154208K(502272K)] 1337225K->1170584K(1900544K), 0.0562240 secs] [Times: user=0.34 sys=0.00, real=0.06 secs] 
3344.005: [GC (Allocation Failure) [PSYoungGen: 469088K->94784K(506880K)] 1485464K->1265512K(1905152K), 0.1561710 secs] [Times: user=0.93 sys=0.00, real=0.16 secs] 
3344.475: [GC (Allocation Failure) [PSYoungGen: 409664K->154688K(499200K)] 1580392K->1416749K(1897472K), 0.0629198 secs] [Times: user=0.37 sys=0.00, real=0.07 secs] 
3344.538: [Full GC (Ergonomics) [PSYoungGen: 154688K->0K(499200K)] [ParOldGen: 1262061K->213305K(1398272K)] 1416749K->213305K(1897472K), [Metaspace: 60199K->60199K(1105920K)], 0.5049774 secs] [Times: user=2.37 sys=0.00, real=0.50 secs] 
3347.837: [GC (Allocation Failure) [PSYoungGen: 307712K->91328K(503296K)] 521017K->304633K(1901568K), 0.1106399 secs] [Times: user=0.66 sys=0.00, real=0.11 secs] 
3348.232: [GC (Allocation Failure) [PSYoungGen: 399040K->152672K(496640K)] 612345K->451821K(1894912K), 0.0530879 secs] [Times: user=0.32 sys=0.00, real=0.05 secs] 
3351.556: [GC (Allocation Failure) [PSYoungGen: 454240K->98496K(500224K)] 753389K->549966K(1898496K), 0.1513721 secs] [Times: user=0.90 sys=0.00, real=0.16 secs] 
3352.183: [GC (Allocation Failure) [PSYoungGen: 400064K->146944K(500224K)] 851534K->683558K(1898496K), 0.0773011 secs] [Times: user=0.46 sys=0.00, real=0.08 secs] 
3355.268: [GC (Allocation Failure) [PSYoungGen: 450560K->91264K(501248K)] 987174K->774542K(1899520K), 0.1412104 secs] [Times: user=0.84 sys=0.00, real=0.14 secs] 
3355.679: [GC (Allocation Failure) [PSYoungGen: 386353K->142016K(500224K)] 1069632K->912894K(1898496K), 0.0494108 secs] [Times: user=0.29 sys=0.00, real=0.05 secs] 
3357.622: [GC (Allocation Failure) [PSYoungGen: 446656K->102272K(407040K)] 1217534K->1006526K(1805312K), 0.1454064 secs] [Times: user=0.87 sys=0.00, real=0.15 secs] 
3358.464: [GC (Allocation Failure) [PSYoungGen: 406912K->154912K(495104K)] 1311166K->1157475K(1893376K), 0.0500606 secs] [Times: user=0.30 sys=0.00, real=0.05 secs] 
3360.737: [GC (Allocation Failure) [PSYoungGen: 456992K->101504K(500224K)] 1459555K->1241727K(1898496K), 0.1592241 secs] [Times: user=0.95 sys=0.00, real=0.16 secs] 
3361.946: [GC (Allocation Failure) [PSYoungGen: 403584K->145280K(499712K)] 1543807K->1383308K(1897984K), 0.0501817 secs] [Times: user=0.30 sys=0.00, real=0.05 secs] 
3361.997: [Full GC (Ergonomics) [PSYoungGen: 145280K->0K(499712K)] [ParOldGen: 1238028K->190322K(1398272K)] 1383308K->190322K(1897984K), [Metaspace: 60207K->60207K(1105920K)], 0.4590924 secs] [Times: user=2.15 sys=0.00, real=0.45 secs] 
3364.282: [GC (Allocation Failure) [PSYoungGen: 305664K->100416K(501248K)] 495986K->290738K(1899520K), 0.0705483 secs] [Times: user=0.42 sys=0.00, real=0.07 secs] 
3365.187: [GC (Allocation Failure) [PSYoungGen: 406080K->150400K(499200K)] 596402K->436890K(1897472K), 0.0499201 secs] [Times: user=0.30 sys=0.00, real=0.05 secs] 
3367.558: [GC (Allocation Failure) [PSYoungGen: 456576K->100960K(502272K)] 743066K->529342K(1900544K), 0.0773308 secs] [Times: user=0.46 sys=0.00, real=0.07 secs] 
3369.214: [GC (Allocation Failure) [PSYoungGen: 407136K->147520K(501248K)] 835518K->673231K(1899520K), 0.1019403 secs] [Times: user=0.61 sys=0.00, real=0.11 secs] 
3371.476: [GC (Allocation Failure) [PSYoungGen: 455232K->102176K(410112K)] 980943K->767175K(1808384K), 0.1403140 secs] [Times: user=0.83 sys=0.01, real=0.14 secs] 
3372.876: [GC (Allocation Failure) [PSYoungGen: 409888K->157504K(495104K)] 1074887K->920744K(1893376K), 0.0510825 secs] [Times: user=0.30 sys=0.00, real=0.06 secs] 
3375.159: [GC (Allocation Failure) [PSYoungGen: 460096K->100480K(500736K)] 1223336K->1004152K(1899008K), 0.1388372 secs] [Times: user=0.82 sys=0.00, real=0.14 secs] 
3375.841: [GC (Allocation Failure) [PSYoungGen: 403072K->145280K(499200K)] 1306744K->1146041K(1897472K), 0.0509472 secs] [Times: user=0.30 sys=0.00, real=0.05 secs] 
3377.450: [GC (Allocation Failure) [PSYoungGen: 450432K->106880K(501248K)] 1451193K->1243597K(1899520K), 0.1099995 secs] [Times: user=0.66 sys=0.00, real=0.11 secs] 
3378.509: [GC (Allocation Failure) [PSYoungGen: 412032K->145600K(500224K)] 1548749K->1386230K(1898496K), 0.0530682 secs] [Times: user=0.32 sys=0.00, real=0.05 secs] 
3378.562: [Full GC (Ergonomics) [PSYoungGen: 145600K->0K(500224K)] [ParOldGen: 1240630K->184285K(1398272K)] 1386230K->184285K(1898496K), [Metaspace: 60211K->60211K(1105920K)], 0.4442835 secs] [Times: user=2.06 sys=0.00, real=0.45 secs] 
3381.130: [GC (Allocation Failure) [PSYoungGen: 307712K->102976K(501248K)] 491997K->287261K(1899520K), 0.0801980 secs] [Times: user=0.48 sys=0.00, real=0.08 secs] 
3381.988: [GC (Allocation Failure) [PSYoungGen: 410688K->155552K(497664K)] 594973K->440122K(1895936K), 0.0516396 secs] [Times: user=0.30 sys=0.00, real=0.05 secs] 
3384.349: [GC (Allocation Failure) [PSYoungGen: 462240K->100832K(502784K)] 746810K->524250K(1901056K), 0.1650861 secs] [Times: user=0.97 sys=0.00, real=0.16 secs] 
3385.450: [GC (Allocation Failure) [PSYoungGen: 407520K->147616K(502272K)] 830938K->669619K(1900544K), 0.0511815 secs] [Times: user=0.30 sys=0.00, real=0.05 secs] 
3387.933: [GC (Allocation Failure) [PSYoungGen: 455246K->103968K(413184K)] 977250K->765151K(1811456K), 0.1625741 secs] [Times: user=0.97 sys=0.00, real=0.16 secs] 
3389.439: [GC (Allocation Failure) [PSYoungGen: 412704K->145440K(502272K)] 1073887K->907884K(1900544K), 0.0517717 secs] [Times: user=0.31 sys=0.01, real=0.05 secs] 
3391.215: [GC (Allocation Failure) [PSYoungGen: 455200K->106720K(502784K)] 1217644K->1005636K(1901056K), 0.1287679 secs] [Times: user=0.70 sys=0.00, real=0.13 secs] 
3391.820: [GC (Allocation Failure) [PSYoungGen: 416480K->152192K(499712K)] 1315396K->1154749K(1897984K), 0.0537836 secs] [Times: user=0.32 sys=0.00, real=0.05 secs] 
3394.670: [GC (Allocation Failure) [PSYoungGen: 461952K->101024K(503296K)] 1464509K->1247629K(1901568K), 0.1584582 secs] [Times: user=0.95 sys=0.00, real=0.16 secs] 
3395.242: [GC (Allocation Failure) [PSYoungGen: 410784K->152864K(500224K)] 1557389K->1397001K(1898496K), 0.0521030 secs] [Times: user=0.31 sys=0.00, real=0.05 secs] 
3395.295: [Full GC (Ergonomics) [PSYoungGen: 152864K->0K(500224K)] [ParOldGen: 1244137K->194400K(1398272K)] 1397001K->194400K(1898496K), [Metaspace: 60215K->60215K(1105920K)], 0.4692627 secs] [Times: user=2.18 sys=0.00, real=0.47 secs] 
3399.001: [GC (Allocation Failure) [PSYoungGen: 308736K->98368K(503808K)] 503136K->292768K(1902080K), 0.0899619 secs] [Times: user=0.53 sys=0.01, real=0.09 secs] 
3400.099: [GC (Allocation Failure) [PSYoungGen: 407104K->148704K(501248K)] 601504K->437768K(1899520K), 0.0484963 secs] [Times: user=0.29 sys=0.00, real=0.05 secs] 
3402.768: [GC (GCLocker Initiated GC) [PSYoungGen: 456416K->104384K(412160K)] 745481K->533189K(1810432K), 0.1352370 secs] [Times: user=0.80 sys=0.00, real=0.13 secs] 
3403.831: [GC (Allocation Failure) [PSYoungGen: 412096K->148448K(500224K)] 840949K->677682K(1898496K), 0.0507178 secs] [Times: user=0.30 sys=0.00, real=0.05 secs] 
3407.115: [GC (Allocation Failure) [PSYoungGen: 456160K->104768K(502272K)] 985394K->773210K(1900544K), 0.1512296 secs] [Times: user=0.91 sys=0.00, real=0.16 secs] 
3408.054: [GC (Allocation Failure) [PSYoungGen: 412480K->148320K(501248K)] 1080922K->917727K(1899520K), 0.0516249 secs] [Times: user=0.31 sys=0.00, real=0.06 secs] 
3410.275: [GC (Allocation Failure) [PSYoungGen: 458080K->106944K(503296K)] 1227487K->1015711K(1901568K), 0.1517270 secs] [Times: user=0.89 sys=0.01, real=0.16 secs] 
3410.800: [GC (Allocation Failure) [PSYoungGen: 414161K->147808K(502272K)] 1322928K->1159588K(1900544K), 0.0523072 secs] [Times: user=0.32 sys=0.00, real=0.05 secs] 
3413.751: [GC (Allocation Failure) [PSYoungGen: 459616K->103552K(504320K)] 1471396K->1254336K(1902592K), 0.1304057 secs] [Times: user=0.77 sys=0.01, real=0.13 secs] 
3414.189: [GC (Allocation Failure) [PSYoungGen: 406135K->146944K(504320K)] 1556919K->1397421K(1902592K), 0.0519583 secs] [Times: user=0.30 sys=0.00, real=0.05 secs] 
3414.241: [Full GC (Ergonomics) [PSYoungGen: 146944K->0K(504320K)] [ParOldGen: 1250476K->196528K(1398272K)] 1397421K->196528K(1902592K), [Metaspace: 60232K->60232K(1105920K)], 0.4771993 secs] [Times: user=2.22 sys=0.00, real=0.48 secs] 
3417.497: [GC (Allocation Failure) [PSYoungGen: 314368K->103552K(505856K)] 510896K->300080K(1904128K), 0.0992834 secs] [Times: user=0.58 sys=0.00, real=0.10 secs] 
3418.302: [GC (Allocation Failure) [PSYoungGen: 406150K->147744K(504832K)] 602678K->443873K(1903104K), 0.0492619 secs] [Times: user=0.29 sys=0.00, real=0.05 secs] 
3420.454: [GC (Allocation Failure) [PSYoungGen: 463136K->105600K(421376K)] 759265K->540957K(1819648K), 0.1531344 secs] [Times: user=0.90 sys=0.00, real=0.16 secs] 
3421.011: [GC (Allocation Failure) [PSYoungGen: 420992K->171456K(488960K)] 856349K->708330K(1887232K), 0.0524968 secs] [Times: user=0.30 sys=0.01, real=0.05 secs] 
3422.955: [GC (Allocation Failure) [PSYoungGen: 472000K->94432K(499712K)] 1008874K->785722K(1897984K), 0.1349159 secs] [Times: user=0.80 sys=0.00, real=0.14 secs] 
3423.354: [GC (Allocation Failure) [PSYoungGen: 380806K->138976K(494080K)] 1072097K->921604K(1892352K), 0.0519869 secs] [Times: user=0.30 sys=0.01, real=0.06 secs] 
3425.381: [GC (Allocation Failure) [PSYoungGen: 440032K->101472K(497152K)] 1222660K->1014688K(1895424K), 0.1025167 secs] [Times: user=0.61 sys=0.00, real=0.10 secs] 
3425.766: [GC (Allocation Failure) [PSYoungGen: 402528K->147136K(501760K)] 1315744K->1158670K(1900032K), 0.0503562 secs] [Times: user=0.30 sys=0.00, real=0.05 secs] 
3428.188: [GC (Allocation Failure) [PSYoungGen: 455360K->102144K(410624K)] 1466894K->1252166K(1808896K), 0.1551753 secs] [Times: user=0.92 sys=0.01, real=0.15 secs] 
3429.284: [GC (Allocation Failure) [PSYoungGen: 410368K->148832K(500736K)] 1560390K->1396835K(1899008K), 0.0509801 secs] [Times: user=0.30 sys=0.00, real=0.05 secs] 
3429.335: [Full GC (Ergonomics) [PSYoungGen: 148832K->0K(500736K)] [ParOldGen: 1248003K->194517K(1398272K)] 1396835K->194517K(1899008K), [Metaspace: 60232K->60232K(1105920K)], 0.4722093 secs] [Times: user=2.21 sys=0.00, real=0.48 secs] 
3431.692: [GC (Allocation Failure) [PSYoungGen: 308224K->105280K(502784K)] 502741K->299797K(1901056K), 0.0689654 secs] [Times: user=0.41 sys=0.00, real=0.07 secs] 
3432.136: [GC (Allocation Failure) [PSYoungGen: 405903K->147776K(501248K)] 600420K->444327K(1899520K), 0.0506504 secs] [Times: user=0.31 sys=0.00, real=0.06 secs] 
3435.720: [GC (Allocation Failure) [PSYoungGen: 457536K->98656K(503296K)] 754087K->534695K(1901568K), 0.1571237 secs] [Times: user=0.93 sys=0.00, real=0.16 secs] 
3436.486: [GC (Allocation Failure) [PSYoungGen: 408416K->152032K(500224K)] 844455K->683260K(1898496K), 0.0491924 secs] [Times: user=0.29 sys=0.00, real=0.04 secs] 
3438.392: [GC (Allocation Failure) [PSYoungGen: 460768K->102560K(503808K)] 991996K->777732K(1902080K), 0.1668377 secs] [Times: user=0.99 sys=0.00, real=0.17 secs] 
3439.014: [GC (Allocation Failure) [PSYoungGen: 411296K->148704K(502272K)] 1086468K->922456K(1900544K), 0.0496287 secs] [Times: user=0.29 sys=0.00, real=0.05 secs] 
3441.601: [GC (Allocation Failure) [PSYoungGen: 458464K->103616K(413696K)] 1232216K->1017397K(1811968K), 0.1602214 secs] [Times: user=0.96 sys=0.00, real=0.16 secs] 
3442.235: [GC (Allocation Failure) [PSYoungGen: 405182K->146464K(502272K)] 1318963K->1160810K(1900544K), 0.0530029 secs] [Times: user=0.32 sys=0.00, real=0.06 secs] 
3446.484: [GC (Allocation Failure) [PSYoungGen: 456736K->99296K(503808K)] 1471082K->1251978K(1902080K), 0.1469112 secs] [Times: user=0.87 sys=0.00, real=0.15 secs] 
3447.560: [GC (Allocation Failure) [PSYoungGen: 409568K->150816K(501248K)] 1562250K->1398739K(1899520K), 0.0498436 secs] [Times: user=0.29 sys=0.00, real=0.05 secs] 
3447.609: [Full GC (Ergonomics) [PSYoungGen: 150816K->0K(501248K)] [ParOldGen: 1247923K->195686K(1398272K)] 1398739K->195686K(1899520K), [Metaspace: 60232K->60232K(1105920K)], 0.4765463 secs] [Times: user=2.23 sys=0.00, real=0.48 secs] 
3449.556: [GC (Allocation Failure) [PSYoungGen: 309760K->106016K(504320K)] 505446K->301702K(1902592K), 0.0533341 secs] [Times: user=0.31 sys=0.00, real=0.05 secs] 
3450.280: [GC (Allocation Failure) [PSYoungGen: 405832K->145760K(503296K)] 601519K->444580K(1901568K), 0.0882484 secs] [Times: user=0.52 sys=0.00, real=0.09 secs] 
3453.383: [GC (Allocation Failure) [PSYoungGen: 457568K->99680K(504320K)] 756388K->535780K(1902592K), 0.1570843 secs] [Times: user=0.93 sys=0.00, real=0.16 secs] 
3454.209: [GC (Allocation Failure) [PSYoungGen: 411488K->151840K(501248K)] 847588K->683469K(1899520K), 0.0499944 secs] [Times: user=0.30 sys=0.00, real=0.05 secs] 
3456.203: [GC (Allocation Failure) [PSYoungGen: 462624K->105760K(504832K)] 994253K->780461K(1903104K), 0.1715824 secs] [Times: user=1.02 sys=0.01, real=0.17 secs] 
3456.915: [GC (Allocation Failure) [PSYoungGen: 405601K->145824K(503808K)] 1080302K->922086K(1902080K), 0.0510505 secs] [Times: user=0.31 sys=0.00, real=0.06 secs] 
3461.217: [GC (Allocation Failure) [PSYoungGen: 458656K->99904K(505344K)] 1234918K->1013350K(1903616K), 0.1590013 secs] [Times: user=0.95 sys=0.00, real=0.16 secs] 
3462.196: [GC (Allocation Failure) [PSYoungGen: 409526K->150976K(502272K)] 1322973K->1160715K(1900544K), 0.0502041 secs] [Times: user=0.30 sys=0.00, real=0.05 secs] 
3463.932: [GC (Allocation Failure) [PSYoungGen: 462784K->105696K(505344K)] 1472523K->1257931K(1903616K), 0.1268644 secs] [Times: user=0.76 sys=0.01, real=0.13 secs] 
3464.451: [GC (Allocation Failure) [PSYoungGen: 402634K->144608K(504320K)] 1554870K->1399408K(1902592K), 0.0540221 secs] [Times: user=0.32 sys=0.00, real=0.05 secs] 
3464.505: [Full GC (Ergonomics) [PSYoungGen: 144608K->0K(504320K)] [ParOldGen: 1254800K->197034K(1398272K)] 1399408K->197034K(1902592K), [Metaspace: 60233K->60233K(1105920K)], 0.4825616 secs] [Times: user=2.26 sys=0.00, real=0.49 secs] 
3468.008: [GC (Allocation Failure) [PSYoungGen: 313856K->103040K(505344K)] 510890K->300074K(1903616K), 0.0961293 secs] [Times: user=0.57 sys=0.00, real=0.09 secs] 
3469.128: [GC (Allocation Failure) [PSYoungGen: 413442K->148256K(503296K)] 610476K->444539K(1901568K), 0.0495597 secs] [Times: user=0.29 sys=0.00, real=0.05 secs] 
3472.380: [GC (Allocation Failure) [PSYoungGen: 462624K->103744K(505856K)] 758907K->539723K(1904128K), 0.1159847 secs] [Times: user=0.68 sys=0.00, real=0.11 secs] 
3473.078: [GC (Allocation Failure) [PSYoungGen: 402166K->146688K(505856K)] 838145K->683189K(1904128K), 0.0946078 secs] [Times: user=0.56 sys=0.00, real=0.09 secs] 
3475.503: [GC (Allocation Failure) [PSYoungGen: 463616K->109568K(427008K)] 1000117K->784601K(1825280K), 0.1573952 secs] [Times: user=0.93 sys=0.01, real=0.16 secs] 
3476.050: [GC (Allocation Failure) [PSYoungGen: 426496K->153792K(502784K)] 1101529K->935014K(1901056K), 0.0540157 secs] [Times: user=0.32 sys=0.00, real=0.05 secs] 
3479.571: [GC (Allocation Failure) [PSYoungGen: 469184K->96448K(506880K)] 1250406K->1031238K(1905152K), 0.1350789 secs] [Times: user=0.81 sys=0.00, real=0.14 secs] 
3479.986: [GC (Allocation Failure) [PSYoungGen: 411840K->156704K(497152K)] 1346630K->1182315K(1895424K), 0.0558221 secs] [Times: user=0.33 sys=0.01, real=0.05 secs] 
3482.503: [GC (Allocation Failure) [PSYoungGen: 463392K->92384K(502784K)] 1489003K->1274483K(1901056K), 0.1504930 secs] [Times: user=0.90 sys=0.00, real=0.15 secs] 
3482.899: [GC (Allocation Failure) [PSYoungGen: 399072K->154144K(495616K)] 1581171K->1422892K(1893888K), 0.0556599 secs] [Times: user=0.33 sys=0.00, real=0.05 secs] 
3482.955: [Full GC (Ergonomics) [PSYoungGen: 154144K->0K(495616K)] [ParOldGen: 1268748K->219426K(1398272K)] 1422892K->219426K(1893888K), [Metaspace: 60238K->60238K(1105920K)], 0.5187192 secs] [Times: user=2.44 sys=0.00, real=0.52 secs] 
3486.408: [GC (Allocation Failure) [PSYoungGen: 300544K->87200K(499712K)] 519970K->306626K(1897984K), 0.1207059 secs] [Times: user=0.71 sys=0.00, real=0.12 secs] 
3486.801: [GC (Allocation Failure) [PSYoungGen: 387744K->149024K(496128K)] 607170K->450097K(1894400K), 0.0516003 secs] [Times: user=0.30 sys=0.00, real=0.05 secs] 
3489.129: [GC (Allocation Failure) [PSYoungGen: 446496K->88384K(498176K)] 747569K->538089K(1896448K), 0.1732521 secs] [Times: user=1.03 sys=0.01, real=0.17 secs] 
3489.559: [GC (Allocation Failure) [PSYoungGen: 375598K->139776K(495104K)] 825303K->674090K(1893376K), 0.0488695 secs] [Times: user=0.29 sys=0.00, real=0.05 secs] 
3492.548: [GC (Allocation Failure) [PSYoungGen: 438272K->97280K(497152K)] 972586K->763026K(1895424K), 0.1324802 secs] [Times: user=0.79 sys=0.00, real=0.13 secs] 
3493.293: [GC (Allocation Failure) [PSYoungGen: 395776K->144736K(497664K)] 1061522K->904003K(1895936K), 0.0483227 secs] [Times: user=0.29 sys=0.01, real=0.05 secs] 
3495.175: [GC (Allocation Failure) [PSYoungGen: 446816K->102752K(499200K)] 1206083K->998183K(1897472K), 0.1390352 secs] [Times: user=0.83 sys=0.00, real=0.14 secs] 
3495.810: [GC (Allocation Failure) [PSYoungGen: 404832K->148288K(496128K)] 1300263K->1143348K(1894400K), 0.0511906 secs] [Times: user=0.30 sys=0.00, real=0.05 secs] 
3498.501: [GC (Allocation Failure) [PSYoungGen: 451392K->99008K(499200K)] 1446452K->1233980K(1897472K), 0.1729795 secs] [Times: user=1.03 sys=0.00, real=0.17 secs] 
3499.381: [GC (Allocation Failure) [PSYoungGen: 402112K->147488K(500224K)] 1537084K->1378272K(1898496K), 0.0550803 secs] [Times: user=0.33 sys=0.00, real=0.06 secs] 
3499.436: [Full GC (Ergonomics) [PSYoungGen: 147488K->0K(500224K)] [ParOldGen: 1230784K->185320K(1398272K)] 1378272K->185320K(1898496K), [Metaspace: 60238K->60238K(1105920K)], 0.4508590 secs] [Times: user=2.11 sys=0.00, real=0.45 secs] 
3502.904: [GC (Allocation Failure) [PSYoungGen: 307200K->99840K(502784K)] 492520K->285160K(1901056K), 0.0910276 secs] [Times: user=0.54 sys=0.01, real=0.09 secs] 
3504.650: [GC (Allocation Failure) [PSYoungGen: 407040K->146528K(500736K)] 592360K->428641K(1899008K), 0.0499834 secs] [Times: user=0.30 sys=0.00, real=0.05 secs] 
3506.554: [GC (Allocation Failure) [PSYoungGen: 454752K->107168K(415744K)] 736865K->527069K(1814016K), 0.1528836 secs] [Times: user=0.91 sys=0.00, real=0.16 secs] 
3508.015: [GC (Allocation Failure) [PSYoungGen: 415392K->148960K(499200K)] 835293K->671970K(1897472K), 0.0521898 secs] [Times: user=0.30 sys=0.00, real=0.06 secs] 
3509.451: [GC (Allocation Failure) [PSYoungGen: 457696K->106144K(502272K)] 980706K->769150K(1900544K), 0.1346163 secs] [Times: user=0.80 sys=0.00, real=0.13 secs] 
3510.121: [GC (GCLocker Initiated GC) [PSYoungGen: 414880K->151648K(500736K)] 1077888K->917802K(1899008K), 0.0524463 secs] [Times: user=0.31 sys=0.00, real=0.05 secs] 
3513.102: [GC (Allocation Failure) [PSYoungGen: 462432K->101344K(504832K)] 1228586K->1010970K(1903104K), 0.1505986 secs] [Times: user=0.89 sys=0.00, real=0.15 secs] 
3513.793: [GC (Allocation Failure) [PSYoungGen: 412128K->151360K(501248K)] 1321754K->1158247K(1899520K), 0.0504585 secs] [Times: user=0.30 sys=0.00, real=0.05 secs] 
3516.292: [GC (Allocation Failure) [PSYoungGen: 461120K->103328K(504320K)] 1468007K->1252843K(1902592K), 0.1556478 secs] [Times: user=0.93 sys=0.00, real=0.16 secs] 
3516.777: [GC (Allocation Failure) [PSYoungGen: 410269K->149696K(501760K)] 1559784K->1399117K(1900032K), 0.0511690 secs] [Times: user=0.31 sys=0.00, real=0.05 secs] 
3516.828: [Full GC (Ergonomics) [PSYoungGen: 149696K->0K(501760K)] [ParOldGen: 1249421K->198097K(1398272K)] 1399117K->198097K(1900032K), [Metaspace: 60241K->60241K(1105920K)], 0.4708120 secs] [Times: user=2.18 sys=0.00, real=0.47 secs] 
3519.274: [GC (Allocation Failure) [PSYoungGen: 309760K->107136K(417280K)] 507857K->305233K(1815552K), 0.0615852 secs] [Times: user=0.36 sys=0.00, real=0.07 secs] 
3519.651: [GC (Allocation Failure) [PSYoungGen: 402068K->143456K(502784K)] 600165K->444818K(1901056K), 0.0499551 secs] [Times: user=0.30 sys=0.00, real=0.05 secs] 
3522.324: [GC (Allocation Failure) [PSYoungGen: 455264K->102304K(503296K)] 756626K->538974K(1901568K), 0.1524309 secs] [Times: user=0.90 sys=0.00, real=0.16 secs] 
3523.022: [GC (Allocation Failure) [PSYoungGen: 408798K->148672K(502272K)] 845469K->683855K(1900544K), 0.0495646 secs] [Times: user=0.29 sys=0.00, real=0.05 secs] 
3524.781: [GC (Allocation Failure) [PSYoungGen: 462016K->108608K(505344K)] 997199K->783763K(1903616K), 0.1088648 secs] [Times: user=0.64 sys=0.00, real=0.11 secs] 
3525.228: [GC (Allocation Failure) [PSYoungGen: 421952K->169920K(489984K)] 1097107K->950067K(1888256K), 0.0536184 secs] [Times: user=0.32 sys=0.00, real=0.05 secs] 
3528.533: [GC (Allocation Failure) [PSYoungGen: 471488K->91616K(500224K)] 1251635K->1025163K(1898496K), 0.1666683 secs] [Times: user=1.00 sys=0.00, real=0.17 secs] 
3528.948: [GC (Allocation Failure) [PSYoungGen: 379137K->139488K(495616K)] 1312685K->1161148K(1893888K), 0.0517860 secs] [Times: user=0.31 sys=0.00, real=0.05 secs] 
3531.224: [GC (Allocation Failure) [PSYoungGen: 441568K->99392K(498176K)] 1463228K->1252460K(1896448K), 0.1549298 secs] [Times: user=0.92 sys=0.01, real=0.16 secs] 
3531.863: [GC (Allocation Failure) [PSYoungGen: 401472K->147104K(501760K)] 1554540K->1395953K(1900032K), 0.0500141 secs] [Times: user=0.30 sys=0.00, real=0.05 secs] 
3531.913: [Full GC (Ergonomics) [PSYoungGen: 147104K->0K(501760K)] [ParOldGen: 1248849K->193215K(1398272K)] 1395953K->193215K(1900032K), [Metaspace: 60246K->60246K(1105920K)], 0.4648981 secs] [Times: user=2.16 sys=0.00, real=0.47 secs] 
3535.151: [GC (Allocation Failure) [PSYoungGen: 307712K->102656K(410624K)] 500927K->295871K(1808896K), 0.0804259 secs] [Times: user=0.48 sys=0.00, real=0.08 secs] 
3535.744: [GC (Allocation Failure) [PSYoungGen: 410368K->150144K(498688K)] 603583K->441987K(1896960K), 0.0500271 secs] [Times: user=0.30 sys=0.00, real=0.05 secs] 
3538.161: [GC (Allocation Failure) [PSYoungGen: 456320K->102048K(501760K)] 748163K->534931K(1900032K), 0.1504789 secs] [Times: user=0.88 sys=0.01, real=0.15 secs] 
3538.762: [GC (Allocation Failure) [PSYoungGen: 408224K->150752K(500224K)] 841107K->682448K(1898496K), 0.0503028 secs] [Times: user=0.30 sys=0.00, real=0.05 secs] 
3541.536: [GC (Allocation Failure) [PSYoungGen: 458464K->100352K(503296K)] 990160K->774572K(1901568K), 0.1754398 secs] [Times: user=1.05 sys=0.00, real=0.18 secs] 
3542.161: [GC (Allocation Failure) [PSYoungGen: 408064K->150752K(500224K)] 1082284K->921705K(1898496K), 0.0498721 secs] [Times: user=0.29 sys=0.00, real=0.05 secs] 
3545.258: [GC (Allocation Failure) [PSYoungGen: 457440K->100032K(502784K)] 1228393K->1013561K(1901056K), 0.1615749 secs] [Times: user=0.96 sys=0.00, real=0.16 secs] 
3545.963: [GC (Allocation Failure) [PSYoungGen: 406720K->157184K(494592K)] 1320249K->1166918K(1892864K), 0.0503246 secs] [Times: user=0.30 sys=0.00, real=0.05 secs] 
3548.974: [GC (Allocation Failure) [PSYoungGen: 457728K->100768K(499712K)] 1467462K->1250974K(1897984K), 0.1631732 secs] [Times: user=0.98 sys=0.00, real=0.17 secs] 
3550.018: [GC (Allocation Failure) [PSYoungGen: 401312K->145120K(498176K)] 1551518K->1392411K(1896448K), 0.0500250 secs] [Times: user=0.30 sys=0.00, real=0.05 secs] 
3550.068: [Full GC (Ergonomics) [PSYoungGen: 145120K->0K(498176K)] [ParOldGen: 1247291K->191016K(1398272K)] 1392411K->191016K(1896448K), [Metaspace: 60246K->60246K(1105920K)], 0.4627796 secs] [Times: user=2.17 sys=0.00, real=0.46 secs] 
3552.659: [GC (Allocation Failure) [PSYoungGen: 303104K->101696K(500224K)] 494120K->292720K(1898496K), 0.0839695 secs] [Times: user=0.50 sys=0.00, real=0.08 secs] 
3553.981: [GC (Allocation Failure) [PSYoungGen: 404800K->145664K(499712K)] 595824K->434873K(1897984K), 0.0496664 secs] [Times: user=0.30 sys=0.00, real=0.05 secs] 
3555.471: [GC (Allocation Failure) [PSYoungGen: 451328K->104832K(500736K)] 740537K->531049K(1899008K), 0.1396522 secs] [Times: user=0.83 sys=0.00, real=0.14 secs] 
3556.276: [GC (Allocation Failure) [PSYoungGen: 410496K->148512K(499712K)] 836713K->676563K(1897984K), 0.0515773 secs] [Times: user=0.31 sys=0.00, real=0.05 secs] 
3558.491: [GC (Allocation Failure) [PSYoungGen: 456224K->102752K(501760K)] 984275K->770987K(1900032K), 0.1258191 secs] [Times: user=0.75 sys=0.00, real=0.13 secs] 
3559.643: [GC (Allocation Failure) [PSYoungGen: 410464K->151520K(500224K)] 1078699K->919360K(1898496K), 0.0731533 secs] [Times: user=0.43 sys=0.00, real=0.08 secs] 
3562.297: [GC (GCLocker Initiated GC) [PSYoungGen: 460256K->100736K(503808K)] 1228096K->1011936K(1902080K), 0.1501074 secs] [Times: user=0.89 sys=0.00, real=0.15 secs] 
3563.616: [GC (Allocation Failure) [PSYoungGen: 409472K->149280K(501248K)] 1320675K->1158465K(1899520K), 0.0937998 secs] [Times: user=0.54 sys=0.00, real=0.09 secs] 
3566.140: [GC (GCLocker Initiated GC) [PSYoungGen: 458016K->103648K(412672K)] 1467201K->1253673K(1810944K), 0.1711623 secs] [Times: user=1.02 sys=0.00, real=0.17 secs] 
3567.201: [GC (Allocation Failure) [PSYoungGen: 412384K->149088K(500736K)] 1562443K->1398676K(1899008K), 0.0517697 secs] [Times: user=0.30 sys=0.00, real=0.05 secs] 
3567.253: [Full GC (Ergonomics) [PSYoungGen: 149088K->0K(500736K)] [ParOldGen: 1249588K->195489K(1398272K)] 1398676K->195489K(1899008K), [Metaspace: 60249K->60249K(1105920K)], 0.4789805 secs] [Times: user=2.25 sys=0.00, real=0.48 secs] 
3569.755: [GC (Allocation Failure) [PSYoungGen: 308736K->102656K(503296K)] 504225K->298145K(1901568K), 0.0723208 secs] [Times: user=0.42 sys=0.01, real=0.08 secs] 
3570.583: [GC (Allocation Failure) [PSYoungGen: 411392K->148288K(502272K)] 606881K->442598K(1900544K), 0.0496235 secs] [Times: user=0.29 sys=0.00, real=0.05 secs] 
3572.522: [GC (Allocation Failure) [PSYoungGen: 458560K->105920K(416256K)] 752870K->539082K(1814528K), 0.1381491 secs] [Times: user=0.81 sys=0.02, real=0.14 secs] 
3573.251: [GC (Allocation Failure) [PSYoungGen: 406956K->147776K(501760K)] 840118K->683094K(1900032K), 0.0511275 secs] [Times: user=0.31 sys=0.01, real=0.05 secs] 
3576.558: [GC (Allocation Failure) [PSYoungGen: 458560K->100992K(503808K)] 993878K->775810K(1902080K), 0.1524204 secs] [Times: user=0.91 sys=0.00, real=0.15 secs] 
3577.315: [GC (Allocation Failure) [PSYoungGen: 408791K->149504K(502784K)] 1083610K->921456K(1901056K), 0.0508322 secs] [Times: user=0.30 sys=0.00, real=0.05 secs] 
3580.965: [GC (Allocation Failure) [PSYoungGen: 461312K->102240K(505344K)] 1233264K->1015548K(1903616K), 0.1488736 secs] [Times: user=0.89 sys=0.00, real=0.15 secs] 
3582.339: [GC (Allocation Failure) [PSYoungGen: 413637K->148960K(502784K)] 1326945K->1160861K(1901056K), 0.0514038 secs] [Times: user=0.30 sys=0.00, real=0.05 secs] 
3584.510: [GC (Allocation Failure) [PSYoungGen: 460768K->106272K(418304K)] 1472669K->1258345K(1816576K), 0.1446201 secs] [Times: user=0.86 sys=0.00, real=0.14 secs] 
3584.987: [GC (Allocation Failure) [PSYoungGen: 408971K->144671K(504320K)] 1561044K->1398930K(1902592K), 0.0519704 secs] [Times: user=0.31 sys=0.00, real=0.05 secs] 
3585.039: [Full GC (Ergonomics) [PSYoungGen: 144671K->0K(504320K)] [ParOldGen: 1254258K->197462K(1398272K)] 1398930K->197462K(1902592K), [Metaspace: 60249K->60249K(1105920K)], 0.4777414 secs] [Times: user=2.22 sys=0.00, real=0.48 secs] 
3588.335: [GC (Allocation Failure) [PSYoungGen: 313856K->103264K(504832K)] 511318K->300726K(1903104K), 0.0937478 secs] [Times: user=0.55 sys=0.01, real=0.10 secs] 
3589.120: [GC (Allocation Failure) [PSYoungGen: 407001K->147488K(504320K)] 604463K->444363K(1902592K), 0.0499611 secs] [Times: user=0.30 sys=0.00, real=0.05 secs] 
3592.149: [GC (GCLocker Initiated GC) [PSYoungGen: 462880K->104064K(506368K)] 759755K->540171K(1904640K), 0.1659043 secs] [Times: user=0.99 sys=0.01, real=0.16 secs] 
3592.983: [GC (Allocation Failure) [PSYoungGen: 419456K->144352K(506368K)] 871950K->697198K(1904640K), 0.2136128 secs] [Times: user=1.28 sys=0.00, real=0.22 secs] 
3595.264: [GC (Allocation Failure) [PSYoungGen: 462304K->101344K(507392K)] 1015150K->798594K(1905664K), 0.3501817 secs] [Times: user=2.09 sys=0.01, real=0.35 secs] 
3596.512: [GC (Allocation Failure) [PSYoungGen: 419296K->156000K(500224K)] 1116546K->949287K(1898496K), 0.1401433 secs] [Times: user=0.84 sys=0.00, real=0.14 secs] 
3598.990: [GC (Allocation Failure) [PSYoungGen: 468832K->96512K(505856K)] 1262119K->1045947K(1904128K), 0.1202923 secs] [Times: user=0.72 sys=0.00, real=0.12 secs] 
3599.866: [GC (Allocation Failure) [PSYoungGen: 409344K->153152K(499200K)] 1358779K->1193664K(1897472K), 0.1008439 secs] [Times: user=0.60 sys=0.00, real=0.10 secs] 
3603.439: [GC (Allocation Failure) [PSYoungGen: 460864K->87424K(503296K)] 1501376K->1280904K(1901568K), 0.1309174 secs] [Times: user=0.77 sys=0.00, real=0.13 secs] 
3603.811: [GC (Allocation Failure) [PSYoungGen: 395136K->154656K(495104K)] 1588616K->1429277K(1893376K), 0.0539085 secs] [Times: user=0.32 sys=0.00, real=0.05 secs] 
3603.865: [Full GC (Ergonomics) [PSYoungGen: 154656K->0K(495104K)] [ParOldGen: 1274621K->226706K(1398272K)] 1429277K->226706K(1893376K), [Metaspace: 60370K->60370K(1105920K)], 0.5455277 secs] [Times: user=2.55 sys=0.00, real=0.55 secs] 
3607.808: [GC (Allocation Failure) [PSYoungGen: 299520K->85376K(499200K)] 526226K->312082K(1897472K), 0.0918665 secs] [Times: user=0.54 sys=0.00, real=0.09 secs] 
3608.376: [GC (Allocation Failure) [PSYoungGen: 384896K->150304K(494080K)] 611602K->456855K(1892352K), 0.0852197 secs] [Times: user=0.51 sys=0.00, real=0.08 secs] 
3610.449: [GC (Allocation Failure) [PSYoungGen: 444704K->89952K(496640K)] 751255K->546951K(1894912K), 0.1319903 secs] [Times: user=0.78 sys=0.01, real=0.13 secs] 
3610.818: [GC (Allocation Failure) [PSYoungGen: 384352K->147488K(495104K)] 841351K->688969K(1893376K), 0.0531076 secs] [Times: user=0.31 sys=0.00, real=0.05 secs] 
3614.483: [GC (Allocation Failure) [PSYoungGen: 441888K->82944K(496640K)] 983369K->771989K(1894912K), 0.1666525 secs] [Times: user=0.99 sys=0.00, real=0.17 secs] 
3615.065: [GC (Allocation Failure) [PSYoungGen: 377344K->143744K(495616K)] 1066389K->911654K(1893888K), 0.0485495 secs] [Times: user=0.28 sys=0.01, real=0.05 secs] 
3617.420: [GC (Allocation Failure) [PSYoungGen: 438144K->97600K(392192K)] 1206054K->1000590K(1790464K), 0.1696735 secs] [Times: user=1.00 sys=0.00, real=0.17 secs] 
3618.319: [GC (Allocation Failure) [PSYoungGen: 392000K->142816K(492544K)] 1294990K->1139719K(1890816K), 0.0493050 secs] [Times: user=0.30 sys=0.00, real=0.05 secs] 
3620.509: [GC (Allocation Failure) [PSYoungGen: 437216K->98048K(493568K)] 1434119K->1229139K(1891840K), 0.1422925 secs] [Times: user=0.85 sys=0.00, real=0.14 secs] 
3622.133: [GC (Allocation Failure) [PSYoungGen: 392448K->140416K(497152K)] 1523539K->1366832K(1895424K), 0.0510951 secs] [Times: user=0.30 sys=0.00, real=0.05 secs] 
3622.184: [Full GC (Ergonomics) [PSYoungGen: 140416K->0K(497152K)] [ParOldGen: 1226416K->172794K(1398272K)] 1366832K->172794K(1895424K), [Metaspace: 60372K->60372K(1105920K)], 0.4220228 secs] [Times: user=1.97 sys=0.00, real=0.43 secs] 
3623.834: [GC (Allocation Failure) [PSYoungGen: 301568K->104640K(497152K)] 474362K->277434K(1895424K), 0.0436500 secs] [Times: user=0.26 sys=0.00, real=0.05 secs] 
3626.504: [GC (Allocation Failure) [PSYoungGen: 406208K->140608K(498176K)] 579002K->415551K(1896448K), 0.0520928 secs] [Times: user=0.31 sys=0.00, real=0.06 secs] 
3628.088: [GC (Allocation Failure) [PSYoungGen: 447808K->106240K(498688K)] 722751K->512847K(1896960K), 0.1152795 secs] [Times: user=0.68 sys=0.01, real=0.11 secs] 
3630.158: [GC (Allocation Failure) [PSYoungGen: 413440K->142336K(502272K)] 820047K->653084K(1900544K), 0.0527667 secs] [Times: user=0.31 sys=0.00, real=0.05 secs] 
3631.849: [GC (Allocation Failure) [PSYoungGen: 457216K->111072K(503808K)] 967964K->754880K(1902080K), 0.1399424 secs] [Times: user=0.83 sys=0.01, real=0.14 secs] 
3634.533: [GC (Allocation Failure) [PSYoungGen: 425952K->155840K(500736K)] 1069760K->907765K(1899008K), 0.0552897 secs] [Times: user=0.33 sys=0.00, real=0.06 secs] 
3636.091: [GC (Allocation Failure) [PSYoungGen: 472256K->111648K(506880K)] 1224181K->1002369K(1905152K), 0.1662395 secs] [Times: user=0.99 sys=0.00, real=0.17 secs] 
3637.656: [GC (Allocation Failure) [PSYoungGen: 428064K->148576K(506368K)] 1318785K->1148009K(1904640K), 0.0552875 secs] [Times: user=0.33 sys=0.00, real=0.05 secs] 
3639.766: [GC (GCLocker Initiated GC) [PSYoungGen: 468576K->110688K(431104K)] 1468009K->1249594K(1829376K), 0.1695314 secs] [Times: user=1.01 sys=0.00, real=0.16 secs] 
3640.995: [GC (Allocation Failure) [PSYoungGen: 430688K->147264K(506880K)] 1586012K->1409184K(1905152K), 0.2500474 secs] [Times: user=1.49 sys=0.00, real=0.25 secs] 
3641.245: [Full GC (Ergonomics) [PSYoungGen: 147264K->0K(506880K)] [ParOldGen: 1261920K->208063K(1398272K)] 1409184K->208063K(1905152K), [Metaspace: 60386K->60386K(1105920K)], 0.4203722 secs] [Times: user=1.85 sys=0.00, real=0.42 secs] 
3645.188: [GC (Allocation Failure) [PSYoungGen: 321024K->97120K(508928K)] 529087K->305183K(1907200K), 0.1572060 secs] [Times: user=0.94 sys=0.00, real=0.15 secs] 
3645.621: [GC (Allocation Failure) [PSYoungGen: 418144K->159456K(497664K)] 626207K->458796K(1895936K), 0.0563974 secs] [Times: user=0.34 sys=0.00, real=0.06 secs] 
3648.878: [GC (GCLocker Initiated GC) [PSYoungGen: 470240K->90816K(504832K)] 769581K->549377K(1903104K), 0.1313932 secs] [Times: user=0.77 sys=0.01, real=0.13 secs] 
3649.255: [GC (Allocation Failure) [PSYoungGen: 401600K->156032K(495104K)] 860164K->699629K(1893376K), 0.0546194 secs] [Times: user=0.32 sys=0.00, real=0.06 secs] 
3651.166: [GC (Allocation Failure) [PSYoungGen: 457600K->93664K(500224K)] 1001197K->793213K(1898496K), 0.1018236 secs] [Times: user=0.61 sys=0.00, real=0.11 secs] 
3652.052: [GC (Allocation Failure) [PSYoungGen: 395232K->149216K(497664K)] 1094781K->937057K(1895936K), 0.1099337 secs] [Times: user=0.66 sys=0.00, real=0.11 secs] 
3655.016: [GC (Allocation Failure) [PSYoungGen: 449760K->88480K(499712K)] 1237601K->1025697K(1897984K), 0.1490329 secs] [Times: user=0.87 sys=0.01, real=0.14 secs] 
3655.415: [GC (Allocation Failure) [PSYoungGen: 389024K->150592K(494592K)] 1326241K->1170486K(1892864K), 0.0532020 secs] [Times: user=0.31 sys=0.01, real=0.06 secs] 
3658.385: [GC (Allocation Failure) [PSYoungGen: 446256K->85664K(497664K)] 1466151K->1256254K(1895936K), 0.1559812 secs] [Times: user=0.92 sys=0.00, real=0.16 secs] 
3658.879: [GC (Allocation Failure) [PSYoungGen: 369064K->138400K(493568K)] 1539655K->1390862K(1891840K), 0.0488411 secs] [Times: user=0.29 sys=0.00, real=0.05 secs] 
3658.928: [Full GC (Ergonomics) [PSYoungGen: 138400K->0K(493568K)] [ParOldGen: 1252462K->197209K(1398272K)] 1390862K->197209K(1891840K), [Metaspace: 60390K->60390K(1105920K)], 0.4775764 secs] [Times: user=2.22 sys=0.00, real=0.47 secs] 
3660.965: [GC (Allocation Failure) [PSYoungGen: 297472K->101184K(496128K)] 494681K->298393K(1894400K), 0.0736425 secs] [Times: user=0.43 sys=0.01, real=0.08 secs] 
3661.524: [GC (Allocation Failure) [PSYoungGen: 398656K->144320K(498176K)] 595865K->439506K(1896448K), 0.0489655 secs] [Times: user=0.29 sys=0.00, real=0.05 secs] 
3664.240: [GC (Allocation Failure) [PSYoungGen: 447424K->100896K(499200K)] 742610K->531762K(1897472K), 0.0945530 secs] [Times: user=0.56 sys=0.00, real=0.09 secs] 
3664.932: [GC (Allocation Failure) [PSYoungGen: 404000K->148640K(497152K)] 834866K->677612K(1895424K), 0.0585516 secs] [Times: user=0.35 sys=0.00, real=0.06 secs] 
3667.110: [GC (Allocation Failure) [PSYoungGen: 453280K->101152K(500224K)] 982252K->770652K(1898496K), 0.1547871 secs] [Times: user=0.92 sys=0.00, real=0.15 secs] 
3668.375: [GC (Allocation Failure) [PSYoungGen: 405792K->155936K(495104K)] 1075292K->921116K(1893376K), 0.0503549 secs] [Times: user=0.30 sys=0.00, real=0.05 secs] 
3671.743: [GC (Allocation Failure) [PSYoungGen: 458528K->98848K(500736K)] 1223708K->1003592K(1899008K), 0.1177993 secs] [Times: user=0.70 sys=0.00, real=0.12 secs] 
3672.738: [GC (Allocation Failure) [PSYoungGen: 401440K->146336K(499712K)] 1306184K->1148335K(1897984K), 0.0570596 secs] [Times: user=0.34 sys=0.00, real=0.05 secs] 
3675.306: [GC (Allocation Failure) [PSYoungGen: 450976K->100896K(406016K)] 1452975K->1241127K(1804288K), 0.1543616 secs] [Times: user=0.91 sys=0.00, real=0.15 secs] 
3676.523: [GC (Allocation Failure) [PSYoungGen: 405536K->154560K(495104K)] 1545767K->1392732K(1893376K), 0.0515626 secs] [Times: user=0.31 sys=0.00, real=0.05 secs] 
3676.574: [Full GC (Ergonomics) [PSYoungGen: 154560K->0K(495104K)] [ParOldGen: 1238172K->180692K(1398272K)] 1392732K->180692K(1893376K), [Metaspace: 60399K->60399K(1105920K)], 0.4378399 secs] [Times: user=2.05 sys=0.00, real=0.44 secs] 
3678.530: [GC (Allocation Failure) [PSYoungGen: 301568K->101504K(500224K)] 482260K->282196K(1898496K), 0.0533047 secs] [Times: user=0.31 sys=0.00, real=0.05 secs] 
3679.864: [GC (Allocation Failure) [PSYoungGen: 403072K->142784K(498176K)] 583764K->421897K(1896448K), 0.0506832 secs] [Times: user=0.29 sys=0.01, real=0.05 secs] 
3681.448: [GC (Allocation Failure) [PSYoungGen: 447424K->108000K(500224K)] 726537K->520717K(1898496K), 0.1251585 secs] [Times: user=0.74 sys=0.01, real=0.12 secs] 
3682.516: [GC (Allocation Failure) [PSYoungGen: 412640K->146912K(499200K)] 825357K->665538K(1897472K), 0.0528715 secs] [Times: user=0.32 sys=0.00, real=0.05 secs] 
3684.847: [GC (Allocation Failure) [PSYoungGen: 454624K->102656K(501248K)] 973250K->759738K(1899520K), 0.1550532 secs] [Times: user=0.92 sys=0.00, real=0.15 secs] 
3687.039: [GC (Allocation Failure) [PSYoungGen: 410368K->145824K(502784K)] 1067450K->902791K(1901056K), 0.0512656 secs] [Times: user=0.31 sys=0.00, real=0.05 secs] 
3688.940: [GC (GCLocker Initiated GC) [PSYoungGen: 458144K->108288K(504320K)] 1215111K->1002255K(1902592K), 0.1375750 secs] [Times: user=0.81 sys=0.01, real=0.14 secs] 
3690.056: [GC (Allocation Failure) [PSYoungGen: 420608K->149920K(501760K)] 1314578K->1150015K(1900032K), 0.0537750 secs] [Times: user=0.32 sys=0.00, real=0.05 secs] 
3693.018: [GC (Allocation Failure) [PSYoungGen: 463264K->105344K(504832K)] 1463359K->1246831K(1903104K), 0.1232057 secs] [Times: user=0.73 sys=0.01, real=0.12 secs] 
3694.393: [GC (Allocation Failure) [PSYoungGen: 418688K->149824K(504832K)] 1560175K->1393155K(1903104K), 0.0552092 secs] [Times: user=0.32 sys=0.01, real=0.06 secs] 
3694.448: [Full GC (Ergonomics) [PSYoungGen: 149824K->0K(504832K)] [ParOldGen: 1243331K->190688K(1398272K)] 1393155K->190688K(1903104K), [Metaspace: 60407K->60407K(1105920K)], 0.4673076 secs] [Times: user=2.19 sys=0.00, real=0.46 secs] 
3698.559: [GC (Allocation Failure) [PSYoungGen: 315904K->100992K(507392K)] 506592K->291680K(1905664K), 0.0692975 secs] [Times: user=0.41 sys=0.00, real=0.07 secs] 
3699.827: [GC (Allocation Failure) [PSYoungGen: 416896K->153120K(500224K)] 607584K->441013K(1898496K), 0.0502616 secs] [Times: user=0.29 sys=0.00, real=0.05 secs] 
3701.742: [GC (Allocation Failure) [PSYoungGen: 463904K->105408K(504832K)] 751797K->537397K(1903104K), 0.1586140 secs] [Times: user=0.94 sys=0.00, real=0.16 secs] 
3702.737: [GC (Allocation Failure) [PSYoungGen: 405602K->147680K(504832K)] 837591K->682086K(1903104K), 0.1023805 secs] [Times: user=0.60 sys=0.00, real=0.10 secs] 
3705.607: [GC (Allocation Failure) [PSYoungGen: 461536K->103232K(417280K)] 995942K->777238K(1815552K), 0.1273504 secs] [Times: user=0.76 sys=0.00, real=0.12 secs] 
3706.287: [GC (Allocation Failure) [PSYoungGen: 404264K->147232K(504320K)] 1078270K->921704K(1902592K), 0.0600621 secs] [Times: user=0.34 sys=0.00, real=0.06 secs] 
3709.350: [GC (GCLocker Initiated GC) [PSYoungGen: 461088K->103168K(505856K)] 1235560K->1016824K(1904128K), 0.1261073 secs] [Times: user=0.68 sys=0.01, real=0.12 secs] 
3710.117: [GC (Allocation Failure) [PSYoungGen: 417024K->144768K(504832K)] 1347067K->1174592K(1903104K), 0.2117975 secs] [Times: user=1.27 sys=0.00, real=0.21 secs] 
3713.712: [GC (Allocation Failure) [PSYoungGen: 460160K->94720K(505856K)] 1489984K->1269864K(1904128K), 0.3675809 secs] [Times: user=2.21 sys=0.00, real=0.37 secs] 
3714.329: [GC (Allocation Failure) [PSYoungGen: 410112K->156064K(498176K)] 1585256K->1420421K(1896448K), 0.0556332 secs] [Times: user=0.33 sys=0.00, real=0.05 secs] 
3714.385: [Full GC (Ergonomics) [PSYoungGen: 156064K->0K(498176K)] [ParOldGen: 1264357K->216797K(1398272K)] 1420421K->216797K(1896448K), [Metaspace: 60407K->60407K(1105920K)], 0.5055118 secs] [Times: user=2.36 sys=0.00, real=0.51 secs] 
3717.653: [GC (Allocation Failure) [PSYoungGen: 308736K->92704K(503808K)] 525533K->309501K(1902080K), 0.1050425 secs] [Times: user=0.62 sys=0.01, real=0.11 secs] 
3718.008: [GC (Allocation Failure) [PSYoungGen: 401440K->154784K(495616K)] 618237K->458178K(1893888K), 0.0544123 secs] [Times: user=0.32 sys=0.01, real=0.05 secs] 
3721.131: [GC (Allocation Failure) [PSYoungGen: 456352K->88320K(500224K)] 759746K->546434K(1898496K), 0.1536550 secs] [Times: user=0.91 sys=0.00, real=0.15 secs] 
3721.532: [GC (Allocation Failure) [PSYoungGen: 389888K->149920K(495616K)] 848002K->690727K(1893888K), 0.0531453 secs] [Times: user=0.32 sys=0.00, real=0.05 secs] 
3723.333: [GC (Allocation Failure) [PSYoungGen: 447392K->91712K(498176K)] 988199K->782131K(1896448K), 0.1516002 secs] [Times: user=0.89 sys=0.00, real=0.15 secs] 
3723.769: [GC (Allocation Failure) [PSYoungGen: 389184K->163776K(484864K)] 1079603K->940652K(1883136K), 0.0630945 secs] [Times: user=0.37 sys=0.00, real=0.06 secs] 
3726.541: [GC (Allocation Failure) [PSYoungGen: 449984K->82912K(492544K)] 1226860K->1006852K(1890816K), 0.1593684 secs] [Times: user=0.94 sys=0.01, real=0.16 secs] 
3727.229: [GC (Allocation Failure) [PSYoungGen: 369120K->139424K(488960K)] 1293060K->1143073K(1887232K), 0.0508970 secs] [Times: user=0.30 sys=0.00, real=0.05 secs] 
3728.915: [GC (Allocation Failure) [PSYoungGen: 426144K->96736K(491008K)] 1429793K->1230993K(1889280K), 0.1404125 secs] [Times: user=0.83 sys=0.00, real=0.14 secs] 
3730.277: [GC (Allocation Failure) [PSYoungGen: 383456K->136160K(491008K)] 1517713K->1364718K(1889280K), 0.0507037 secs] [Times: user=0.30 sys=0.00, real=0.05 secs] 
3730.328: [Full GC (Ergonomics) [PSYoungGen: 136160K->0K(491008K)] [ParOldGen: 1228558K->171130K(1398272K)] 1364718K->171130K(1889280K), [Metaspace: 60407K->60407K(1105920K)], 0.4142638 secs] [Times: user=1.92 sys=0.00, real=0.41 secs] 
3732.713: [GC (Allocation Failure) [PSYoungGen: 293888K->99680K(492032K)] 465018K->270810K(1890304K), 0.0613921 secs] [Times: user=0.36 sys=0.00, real=0.06 secs] 
3734.098: [GC (Allocation Failure) [PSYoungGen: 393568K->137280K(499200K)] 564698K->406102K(1897472K), 0.0509074 secs] [Times: user=0.30 sys=0.00, real=0.05 secs] 
3735.449: [GC (Allocation Failure) [PSYoungGen: 441920K->109568K(498176K)] 710742K->506419K(1896448K), 0.0732935 secs] [Times: user=0.43 sys=0.00, real=0.07 secs] 
3736.681: [GC (Allocation Failure) [PSYoungGen: 414208K->142496K(497664K)] 811059K->647283K(1895936K), 0.0533839 secs] [Times: user=0.31 sys=0.01, real=0.05 secs] 
3738.031: [GC (Allocation Failure) [PSYoungGen: 451744K->108736K(499200K)] 956531K->747163K(1897472K), 0.0865174 secs] [Times: user=0.51 sys=0.00, real=0.09 secs] 
3740.428: [GC (Allocation Failure) [PSYoungGen: 417984K->150112K(501248K)] 1056411K->895744K(1899520K), 0.0535019 secs] [Times: user=0.32 sys=0.00, real=0.05 secs] 
3742.125: [GC (Allocation Failure) [PSYoungGen: 466016K->110944K(505856K)] 1211648K->989160K(1904128K), 0.1566252 secs] [Times: user=0.93 sys=0.00, real=0.16 secs] 
3743.934: [GC (Allocation Failure) [PSYoungGen: 426848K->146560K(506368K)] 1305064K->1133549K(1904640K), 0.0542474 secs] [Times: user=0.32 sys=0.00, real=0.06 secs] 
3745.345: [GC (Allocation Failure) [PSYoungGen: 467584K->116192K(508928K)] 1454573K->1240429K(1907200K), 0.0828107 secs] [Times: user=0.49 sys=0.00, real=0.09 secs] 
3745.990: [GC (Allocation Failure) [PSYoungGen: 437216K->153568K(503808K)] 1561453K->1391926K(1902080K), 0.0563507 secs] [Times: user=0.34 sys=0.00, real=0.06 secs] 
3746.047: [Full GC (Ergonomics) [PSYoungGen: 153568K->0K(503808K)] [ParOldGen: 1238358K->189788K(1398272K)] 1391926K->189788K(1902080K), [Metaspace: 60413K->60413K(1105920K)], 0.4516838 secs] [Times: user=2.09 sys=0.00, real=0.45 secs] 
3749.229: [GC (Allocation Failure) [PSYoungGen: 320512K->108832K(508928K)] 510300K->298620K(1907200K), 0.0897271 secs] [Times: user=0.53 sys=0.00, real=0.09 secs] 
3750.228: [GC (Allocation Failure) [PSYoungGen: 418495K->149152K(508416K)] 608284K->444669K(1906688K), 0.1082890 secs] [Times: user=0.59 sys=0.00, real=0.11 secs] 
3752.998: [GC (Allocation Failure) [PSYoungGen: 472224K->111584K(434688K)] 767741K->547789K(1832960K), 0.1524985 secs] [Times: user=0.90 sys=0.01, real=0.15 secs] 
3753.617: [GC (Allocation Failure) [PSYoungGen: 434656K->156640K(502784K)] 870861K->698858K(1901056K), 0.0530854 secs] [Times: user=0.32 sys=0.00, real=0.05 secs] 
3757.374: [GC (Allocation Failure) [PSYoungGen: 474592K->95328K(508416K)] 1016810K->793846K(1906688K), 0.1653540 secs] [Times: user=0.98 sys=0.00, real=0.17 secs] 
3757.977: [GC (Allocation Failure) [PSYoungGen: 413280K->159232K(496640K)] 1111798K->947607K(1894912K), 0.0563256 secs] [Times: user=0.34 sys=0.00, real=0.05 secs] 
3761.205: [GC (Allocation Failure) [PSYoungGen: 465920K->93152K(502784K)] 1254295K->1040743K(1901056K), 0.1482287 secs] [Times: user=0.89 sys=0.00, real=0.15 secs] 
3761.603: [GC (Allocation Failure) [PSYoungGen: 399840K->154240K(496128K)] 1347431K->1189300K(1894400K), 0.0562853 secs] [Times: user=0.34 sys=0.00, real=0.06 secs] 
3763.346: [GC (Allocation Failure) [PSYoungGen: 454784K->90816K(499712K)] 1489844K->1280284K(1897984K), 0.1079270 secs] [Times: user=0.64 sys=0.00, real=0.11 secs] 
3763.858: [GC (Allocation Failure) [PSYoungGen: 391360K->149920K(497152K)] 1580828K->1424813K(1895424K), 0.0750995 secs] [Times: user=0.44 sys=0.01, real=0.07 secs] 
3763.933: [Full GC (Ergonomics) [PSYoungGen: 149920K->0K(497152K)] [ParOldGen: 1274893K->221267K(1398272K)] 1424813K->221267K(1895424K), [Metaspace: 60414K->60414K(1105920K)], 0.5289780 secs] [Times: user=2.49 sys=0.00, real=0.53 secs] 
3767.454: [GC (GCLocker Initiated GC) [PSYoungGen: 298496K->87520K(498688K)] 519763K->308787K(1896960K), 0.0959378 secs] [Times: user=0.56 sys=0.00, real=0.10 secs] 
3767.863: [GC (Allocation Failure) [PSYoungGen: 386016K->146368K(497152K)] 607285K->449382K(1895424K), 0.0538176 secs] [Times: user=0.31 sys=0.00, real=0.06 secs] 
3770.491: [GC (Allocation Failure) [PSYoungGen: 443840K->90112K(388096K)] 746854K->539386K(1786368K), 0.1406061 secs] [Times: user=0.84 sys=0.00, real=0.14 secs] 
3771.842: [GC (Allocation Failure) [PSYoungGen: 380056K->137952K(499200K)] 829331K->674115K(1897472K), 0.1279633 secs] [Times: user=0.75 sys=0.00, real=0.13 secs] 
3774.328: [GC (Allocation Failure) [PSYoungGen: 437984K->99072K(399360K)] 974147K->764843K(1797632K), 0.1068124 secs] [Times: user=0.64 sys=0.00, real=0.10 secs] 
3775.379: [GC (Allocation Failure) [PSYoungGen: 399104K->144896K(495616K)] 1064875K->906897K(1893888K), 0.0687482 secs] [Times: user=0.41 sys=0.00, real=0.07 secs] 
3779.395: [GC (Allocation Failure) [PSYoungGen: 445952K->97344K(496640K)] 1207953K->995849K(1894912K), 0.0899052 secs] [Times: user=0.54 sys=0.00, real=0.09 secs] 
3780.903: [GC (Allocation Failure) [PSYoungGen: 398400K->145440K(499712K)] 1296905K->1137709K(1897984K), 0.0493365 secs] [Times: user=0.29 sys=0.00, real=0.05 secs] 
3782.673: [GC (Allocation Failure) [PSYoungGen: 452128K->104608K(501760K)] 1444397K->1233309K(1900032K), 0.1234453 secs] [Times: user=0.74 sys=0.00, real=0.13 secs] 
3783.834: [GC (Allocation Failure) [PSYoungGen: 411296K->146048K(499712K)] 1539997K->1377286K(1897984K), 0.0767594 secs] [Times: user=0.45 sys=0.00, real=0.08 secs] 
3783.911: [Full GC (Ergonomics) [PSYoungGen: 146048K->0K(499712K)] [ParOldGen: 1231238K->183727K(1398272K)] 1377286K->183727K(1897984K), [Metaspace: 60415K->60415K(1105920K)], 0.4495838 secs] [Times: user=2.10 sys=0.00, real=0.45 secs] 
3787.367: [GC (Allocation Failure) [PSYoungGen: 308736K->102560K(501760K)] 492463K->286287K(1900032K), 0.1003683 secs] [Times: user=0.59 sys=0.00, real=0.10 secs] 
3789.369: [GC (Allocation Failure) [PSYoungGen: 411296K->147808K(502272K)] 595023K->431728K(1900544K), 0.1035487 secs] [Times: user=0.62 sys=0.00, real=0.10 secs] 
3792.645: [GC (Allocation Failure) [PSYoungGen: 458419K->102176K(504832K)] 742340K->525696K(1903104K), 0.1434063 secs] [Times: user=0.86 sys=0.00, real=0.15 secs] 
3793.704: [GC (Allocation Failure) [PSYoungGen: 414496K->150656K(501760K)] 838016K->674493K(1900032K), 0.0866109 secs] [Times: user=0.51 sys=0.00, real=0.09 secs] 
3796.676: [GC (Allocation Failure) [PSYoungGen: 462464K->102496K(505344K)] 986301K->768813K(1903616K), 0.1244178 secs] [Times: user=0.75 sys=0.00, real=0.12 secs] 
3797.646: [GC (Allocation Failure) [PSYoungGen: 414304K->153120K(499200K)] 1080621K->918998K(1897472K), 0.0734897 secs] [Times: user=0.44 sys=0.00, real=0.07 secs] 
3800.750: [GC (GCLocker Initiated GC) [PSYoungGen: 461856K->100800K(503808K)] 1227734K->1011638K(1902080K), 0.1678057 secs] [Times: user=1.00 sys=0.00, real=0.17 secs] 
3802.009: [GC (Allocation Failure) [PSYoungGen: 409536K->150496K(500224K)] 1320377K->1157874K(1898496K), 0.0500784 secs] [Times: user=0.29 sys=0.00, real=0.05 secs] 
3804.495: [GC (Allocation Failure) [PSYoungGen: 458208K->101920K(503296K)] 1465586K->1250874K(1901568K), 0.1418764 secs] [Times: user=0.85 sys=0.00, real=0.15 secs] 
3805.731: [GC (Allocation Failure) [PSYoungGen: 409632K->150624K(500224K)] 1558586K->1397847K(1898496K), 0.0512066 secs] [Times: user=0.30 sys=0.00, real=0.05 secs] 
3805.782: [Full GC (Ergonomics) [PSYoungGen: 150624K->0K(500224K)] [ParOldGen: 1247223K->195757K(1398272K)] 1397847K->195757K(1898496K), [Metaspace: 60415K->60415K(1105920K)], 0.4754064 secs] [Times: user=2.23 sys=0.00, real=0.48 secs] 
3808.817: [GC (Allocation Failure) [PSYoungGen: 307712K->100768K(503296K)] 503469K->296525K(1901568K), 0.0831826 secs] [Times: user=0.49 sys=0.00, real=0.08 secs] 
3809.318: [GC (Allocation Failure) [PSYoungGen: 408480K->150272K(499712K)] 604237K->443047K(1897984K), 0.0487795 secs] [Times: user=0.29 sys=0.00, real=0.05 secs] 
3811.244: [GC (Allocation Failure) [PSYoungGen: 456960K->105088K(502784K)] 749735K->539583K(1901056K), 0.1270386 secs] [Times: user=0.76 sys=0.01, real=0.13 secs] 
3812.218: [GC (Allocation Failure) [PSYoungGen: 410962K->146368K(501760K)] 845457K->682852K(1900032K), 0.0708947 secs] [Times: user=0.42 sys=0.00, real=0.07 secs] 
3815.918: [GC (Allocation Failure) [PSYoungGen: 455104K->100320K(502784K)] 991588K->774660K(1901056K), 0.1500488 secs] [Times: user=0.89 sys=0.01, real=0.15 secs] 
3816.656: [GC (Allocation Failure) [PSYoungGen: 409056K->150944K(500736K)] 1083396K->921449K(1899008K), 0.0493401 secs] [Times: user=0.29 sys=0.00, real=0.04 secs] 
3819.670: [GC (Allocation Failure) [PSYoungGen: 459680K->100704K(503808K)] 1230185K->1013501K(1902080K), 0.1671498 secs] [Times: user=0.99 sys=0.00, real=0.17 secs] 
3820.718: [GC (Allocation Failure) [PSYoungGen: 404825K->149856K(500224K)] 1317622K->1159879K(1898496K), 0.0993519 secs] [Times: user=0.59 sys=0.00, real=0.10 secs] 
3823.847: [GC (Allocation Failure) [PSYoungGen: 457568K->99872K(503296K)] 1467591K->1251655K(1901568K), 0.1543727 secs] [Times: user=0.92 sys=0.00, real=0.15 secs] 
3825.024: [GC (Allocation Failure) [PSYoungGen: 407584K->150048K(499712K)] 1559367K->1397624K(1897984K), 0.0493346 secs] [Times: user=0.30 sys=0.00, real=0.05 secs] 
3825.073: [Full GC (Ergonomics) [PSYoungGen: 150048K->0K(499712K)] [ParOldGen: 1247576K->195519K(1398272K)] 1397624K->195519K(1897984K), [Metaspace: 60421K->60421K(1105920K)], 0.4779964 secs] [Times: user=2.23 sys=0.00, real=0.48 secs] 
3828.196: [GC (Allocation Failure) [PSYoungGen: 306688K->99008K(502784K)] 502207K->294527K(1901056K), 0.0993440 secs] [Times: user=0.59 sys=0.01, real=0.10 secs] 
3829.638: [GC (Allocation Failure) [PSYoungGen: 405696K->157376K(494080K)] 601215K->447498K(1892352K), 0.0491058 secs] [Times: user=0.29 sys=0.00, real=0.05 secs] 
3831.406: [GC (Allocation Failure) [PSYoungGen: 457920K->103776K(499712K)] 748042K->534210K(1897984K), 0.1455545 secs] [Times: user=0.87 sys=0.00, real=0.14 secs] 
3832.138: [GC (Allocation Failure) [PSYoungGen: 404320K->146784K(499200K)] 834754K->675139K(1897472K), 0.0503295 secs] [Times: user=0.30 sys=0.00, real=0.05 secs] 
3834.464: [GC (Allocation Failure) [PSYoungGen: 450400K->101824K(405504K)] 978755K->768127K(1803776K), 0.1549932 secs] [Times: user=0.91 sys=0.00, real=0.16 secs] 
3835.812: [GC (Allocation Failure) [PSYoungGen: 405440K->146272K(498688K)] 1071743K->910248K(1896960K), 0.0500395 secs] [Times: user=0.29 sys=0.00, real=0.05 secs] 
3837.433: [GC (Allocation Failure) [PSYoungGen: 450912K->104576K(500224K)] 1214888K->1005704K(1898496K), 0.1228494 secs] [Times: user=0.73 sys=0.01, real=0.12 secs] 
3838.997: [GC (Allocation Failure) [PSYoungGen: 409216K->145632K(500736K)] 1310344K->1147477K(1899008K), 0.0515746 secs] [Times: user=0.30 sys=0.00, real=0.05 secs] 
3840.810: [GC (Allocation Failure) [PSYoungGen: 453856K->106144K(501760K)] 1455701K->1244541K(1900032K), 0.1112656 secs] [Times: user=0.66 sys=0.00, real=0.11 secs] 
3841.742: [GC (GCLocker Initiated GC) [PSYoungGen: 414368K->150368K(499712K)] 1552765K->1392126K(1897984K), 0.0533152 secs] [Times: user=0.31 sys=0.00, real=0.05 secs] 
3841.795: [Full GC (Ergonomics) [PSYoungGen: 150368K->0K(499712K)] [ParOldGen: 1241758K->190684K(1398272K)] 1392126K->190684K(1897984K), [Metaspace: 60429K->60429K(1105920K)], 0.4629076 secs] [Times: user=2.15 sys=0.00, real=0.47 secs] 
3846.245: [GC (Allocation Failure) [PSYoungGen: 309760K->98560K(502784K)] 500447K->289247K(1901056K), 0.0978549 secs] [Times: user=0.58 sys=0.00, real=0.10 secs] 
3848.073: [GC (Allocation Failure) [PSYoungGen: 408320K->148192K(503296K)] 599007K->433703K(1901568K), 0.0489473 secs] [Times: user=0.29 sys=0.00, real=0.05 secs] 
3849.495: [GC (Allocation Failure) [PSYoungGen: 460000K->108000K(419840K)] 745511K->532639K(1818112K), 0.1203563 secs] [Times: user=0.71 sys=0.00, real=0.12 secs] 
3851.185: [GC (Allocation Failure) [PSYoungGen: 419808K->150144K(500736K)] 844447K->678492K(1899008K), 0.0523314 secs] [Times: user=0.31 sys=0.00, real=0.06 secs] 
3853.071: [GC (GCLocker Initiated GC) [PSYoungGen: 460928K->107776K(503808K)] 989277K->776709K(1902080K), 0.1255987 secs] [Times: user=0.74 sys=0.01, real=0.13 secs] 
3853.579: [GC (Allocation Failure) [PSYoungGen: 418560K->144224K(505344K)] 1103880K->934197K(1903616K), 0.2501548 secs] [Times: user=1.50 sys=0.01, real=0.25 secs] 
3856.977: [GC (Allocation Failure) [PSYoungGen: 459616K->94240K(505856K)] 1249589K->1028885K(1904128K), 0.4413033 secs] [Times: user=2.65 sys=0.01, real=0.44 secs] 
3857.908: [GC (Allocation Failure) [PSYoungGen: 409632K->153952K(500224K)] 1344277K->1177427K(1898496K), 0.1111754 secs] [Times: user=0.67 sys=0.00, real=0.11 secs] 
3861.768: [GC (Allocation Failure) [PSYoungGen: 464736K->92128K(504832K)] 1488211K->1269275K(1903104K), 0.1681774 secs] [Times: user=1.01 sys=0.00, real=0.17 secs] 
3862.270: [GC (Allocation Failure) [PSYoungGen: 402912K->155936K(495104K)] 1580059K->1419720K(1893376K), 0.0545898 secs] [Times: user=0.33 sys=0.00, real=0.05 secs] 
3862.325: [Full GC (Ergonomics) [PSYoungGen: 155936K->0K(495104K)] [ParOldGen: 1263784K->217480K(1398272K)] 1419720K->217480K(1893376K), [Metaspace: 60459K->60459K(1105920K)], 0.5136409 secs] [Times: user=2.41 sys=0.00, real=0.52 secs] 
3865.493: [GC (GCLocker Initiated GC) [PSYoungGen: 301568K->86496K(500224K)] 519048K->303976K(1898496K), 0.1257107 secs] [Times: user=0.74 sys=0.00, real=0.13 secs] 
3865.949: [GC (Allocation Failure) [PSYoungGen: 388064K->149888K(495616K)] 605592K->447945K(1893888K), 0.0514806 secs] [Times: user=0.31 sys=0.01, real=0.05 secs] 
3868.870: [GC (Allocation Failure) [PSYoungGen: 447360K->90112K(498176K)] 745417K->537469K(1896448K), 0.1639424 secs] [Times: user=0.98 sys=0.00, real=0.16 secs] 
3869.482: [GC (Allocation Failure) [PSYoungGen: 378466K->140224K(495104K)] 825823K->674146K(1893376K), 0.0490805 secs] [Times: user=0.29 sys=0.00, real=0.05 secs] 
3872.075: [GC (Allocation Failure) [PSYoungGen: 439232K->101120K(497152K)] 973154K->766834K(1895424K), 0.0932495 secs] [Times: user=0.55 sys=0.00, real=0.10 secs] 
3872.867: [GC (Allocation Failure) [PSYoungGen: 400128K->144736K(497664K)] 1065842K->906599K(1895936K), 0.0795878 secs] [Times: user=0.47 sys=0.00, real=0.08 secs] 
3876.034: [GC (Allocation Failure) [PSYoungGen: 447840K->98656K(499200K)] 1209703K->996847K(1897472K), 0.1376326 secs] [Times: user=0.82 sys=0.00, real=0.14 secs] 
3876.691: [GC (Allocation Failure) [PSYoungGen: 401760K->146784K(498688K)] 1299951K->1140248K(1896960K), 0.0498512 secs] [Times: user=0.29 sys=0.01, real=0.05 secs] 
3878.976: [GC (Allocation Failure) [PSYoungGen: 452448K->102656K(501248K)] 1445912K->1234144K(1899520K), 0.1326277 secs] [Times: user=0.79 sys=0.00, real=0.13 secs] 
3880.555: [GC (Allocation Failure) [PSYoungGen: 408320K->149600K(499200K)] 1539808K->1380654K(1897472K), 0.0939593 secs] [Times: user=0.55 sys=0.00, real=0.10 secs] 
3880.649: [Full GC (Ergonomics) [PSYoungGen: 149600K->0K(499200K)] [ParOldGen: 1231054K->187311K(1398272K)] 1380654K->187311K(1897472K), [Metaspace: 60463K->60463K(1105920K)], 0.4743258 secs] [Times: user=2.23 sys=0.00, real=0.47 secs] 
3884.001: [GC (Allocation Failure) [PSYoungGen: 307200K->100224K(502272K)] 494511K->287535K(1900544K), 0.0911727 secs] [Times: user=0.54 sys=0.00, real=0.09 secs] 
3884.735: [GC (Allocation Failure) [PSYoungGen: 407424K->150912K(499200K)] 594735K->434796K(1897472K), 0.0504631 secs] [Times: user=0.30 sys=0.00, real=0.05 secs] 
3887.552: [GC (Allocation Failure) [PSYoungGen: 457600K->100544K(502784K)] 741484K->526620K(1901056K), 0.1657812 secs] [Times: user=0.99 sys=0.00, real=0.17 secs] 
3889.131: [GC (Allocation Failure) [PSYoungGen: 407232K->148480K(500736K)] 833308K->671241K(1899008K), 0.0497707 secs] [Times: user=0.30 sys=0.00, real=0.05 secs] 
3893.742: [GC (Allocation Failure) [PSYoungGen: 455573K->100352K(503296K)] 978334K->763177K(1901568K), 0.1746217 secs] [Times: user=0.90 sys=0.01, real=0.18 secs] 
3894.943: [GC (Allocation Failure) [PSYoungGen: 408064K->146944K(501760K)] 1070889K->907485K(1900032K), 0.0516068 secs] [Times: user=0.30 sys=0.00, real=0.05 secs] 
3896.658: [GC (Allocation Failure) [PSYoungGen: 455680K->108544K(417792K)] 1216221K->1007118K(1816064K), 0.1746860 secs] [Times: user=1.04 sys=0.01, real=0.17 secs] 
3897.608: [GC (Allocation Failure) [PSYoungGen: 417280K->149760K(498688K)] 1315854K->1153538K(1896960K), 0.0538705 secs] [Times: user=0.32 sys=0.00, real=0.05 secs] 
3900.099: [GC (Allocation Failure) [PSYoungGen: 457984K->102048K(501760K)] 1461762K->1246794K(1900032K), 0.1627819 secs] [Times: user=0.96 sys=0.01, real=0.16 secs] 
3901.168: [GC (Allocation Failure) [PSYoungGen: 410272K->150048K(501760K)] 1555018K->1393187K(1900032K), 0.0516898 secs] [Times: user=0.31 sys=0.01, real=0.05 secs] 
3901.219: [Full GC (Ergonomics) [PSYoungGen: 150048K->0K(501760K)] [ParOldGen: 1243139K->192801K(1398272K)] 1393187K->192801K(1900032K), [Metaspace: 60463K->60463K(1105920K)], 0.4685873 secs] [Times: user=2.20 sys=0.00, real=0.47 secs] 
3903.404: [GC (Allocation Failure) [PSYoungGen: 310784K->104224K(504832K)] 503585K->297025K(1903104K), 0.0749969 secs] [Times: user=0.44 sys=0.00, real=0.08 secs] 
3904.117: [GC (Allocation Failure) [PSYoungGen: 411946K->150592K(501760K)] 604748K->444338K(1900032K), 0.0634219 secs] [Times: user=0.38 sys=0.00, real=0.06 secs] 
3906.311: [GC (Allocation Failure) [PSYoungGen: 461376K->102816K(504832K)] 755122K->539074K(1903104K), 0.1354772 secs] [Times: user=0.80 sys=0.00, real=0.14 secs] 
3907.136: [GC (Allocation Failure) [PSYoungGen: 411789K->147360K(503296K)] 848048K->683640K(1901568K), 0.0781104 secs] [Times: user=0.46 sys=0.00, real=0.07 secs] 
3909.935: [GC (Allocation Failure) [PSYoungGen: 459168K->105280K(417280K)] 995448K->780432K(1815552K), 0.1310961 secs] [Times: user=0.78 sys=0.00, real=0.14 secs] 
3910.987: [GC (Allocation Failure) [PSYoungGen: 410880K->146240K(502784K)] 1086032K->922873K(1901056K), 0.0508958 secs] [Times: user=0.30 sys=0.00, real=0.05 secs] 
3913.098: [GC (Allocation Failure) [PSYoungGen: 458560K->107808K(504320K)] 1235193K->1021633K(1902592K), 0.1309017 secs] [Times: user=0.78 sys=0.00, real=0.13 secs] 
3913.891: [GC (Allocation Failure) [PSYoungGen: 420128K->184736K(478720K)] 1333953K->1203198K(1876992K), 0.0770049 secs] [Times: user=0.37 sys=0.07, real=0.08 secs] 
3916.892: [GC (Allocation Failure) [PSYoungGen: 475040K->84448K(374784K)] 1493502K->1254958K(1773056K), 0.1749829 secs] [Times: user=1.05 sys=0.00, real=0.18 secs] 
3917.923: [GC (Allocation Failure) [PSYoungGen: 374752K->142208K(495616K)] 1545262K->1393856K(1893888K), 0.0525881 secs] [Times: user=0.32 sys=0.00, real=0.06 secs] 
3917.976: [Full GC (Ergonomics) [PSYoungGen: 142208K->0K(495616K)] [ParOldGen: 1251648K->190942K(1398272K)] 1393856K->190942K(1893888K), [Metaspace: 60463K->60463K(1105920K)], 0.4637819 secs] [Times: user=2.15 sys=0.00, real=0.46 secs] 
3920.713: [GC (Allocation Failure) [PSYoungGen: 290816K->93664K(384512K)] 481758K->284606K(1782784K), 0.0838047 secs] [Times: user=0.49 sys=0.00, real=0.09 secs] 
3922.638: [GC (Allocation Failure) [PSYoungGen: 384480K->137664K(494592K)] 575422K->419591K(1892864K), 0.0470339 secs] [Times: user=0.28 sys=0.00, real=0.04 secs] 
3925.069: [GC (Allocation Failure) [PSYoungGen: 431040K->99872K(492032K)] 712967K->510443K(1890304K), 0.0966618 secs] [Times: user=0.58 sys=0.00, real=0.09 secs] 
3928.285: [GC (Allocation Failure) [PSYoungGen: 393248K->135008K(497152K)] 803819K->643132K(1895424K), 0.0508120 secs] [Times: user=0.30 sys=0.01, real=0.05 secs] 
3929.467: [GC (Allocation Failure) [PSYoungGen: 436576K->108736K(494592K)] 944700K->742488K(1892864K), 0.0633374 secs] [Times: user=0.38 sys=0.00, real=0.06 secs] 
3931.864: [GC (GCLocker Initiated GC) [PSYoungGen: 410304K->135776K(501248K)] 1044056K->877237K(1899520K), 0.0532890 secs] [Times: user=0.32 sys=0.00, real=0.06 secs] 
3933.853: [GC (Allocation Failure) [PSYoungGen: 448096K->112384K(499200K)] 1189561K->981049K(1897472K), 0.0706349 secs] [Times: user=0.42 sys=0.00, real=0.07 secs] 
3935.973: [GC (Allocation Failure) [PSYoungGen: 424704K->141856K(504832K)] 1293369K->1122041K(1903104K), 0.0541201 secs] [Times: user=0.32 sys=0.00, real=0.06 secs] 
3937.503: [GC (Allocation Failure) [PSYoungGen: 463904K->114240K(505856K)] 1444089K->1227401K(1904128K), 0.0757833 secs] [Times: user=0.45 sys=0.00, real=0.08 secs] 
3939.372: [GC (Allocation Failure) [PSYoungGen: 436288K->160384K(503808K)] 1549449K->1385778K(1902080K), 0.0563226 secs] [Times: user=0.33 sys=0.00, real=0.06 secs] 
3940.801: [GC (Allocation Failure) [PSYoungGen: 484480K->114496K(511488K)] 1709874K->1483406K(1909760K), 0.1027488 secs] [Times: user=0.50 sys=0.12, real=0.10 secs] 
3940.904: [Full GC (Ergonomics) [PSYoungGen: 114496K->0K(511488K)] [ParOldGen: 1368910K->43787K(1398272K)] 1483406K->43787K(1909760K), [Metaspace: 60470K->60470K(1105920K)], 0.0917936 secs] [Times: user=0.34 sys=0.00, real=0.09 secs] 
3941.750: [GC (Allocation Failure) [PSYoungGen: 324096K->155424K(504832K)] 367883K->199211K(1903104K), 0.0337977 secs] [Times: user=0.20 sys=0.00, real=0.03 secs] 
3944.588: [GC (Allocation Failure) [PSYoungGen: 476448K->109248K(509952K)] 520235K->300139K(1908224K), 0.1585232 secs] [Times: user=0.94 sys=0.01, real=0.16 secs] 
3945.464: [GC (GCLocker Initiated GC) [PSYoungGen: 430272K->153248K(505344K)] 621163K->450544K(1903616K), 0.1021098 secs] [Times: user=0.61 sys=0.00, real=0.11 secs] 
3947.774: [GC (Allocation Failure) [PSYoungGen: 472224K->99712K(508928K)] 769523K->549907K(1907200K), 0.1261243 secs] [Times: user=0.75 sys=0.00, real=0.13 secs] 
3949.003: [GC (Allocation Failure) [PSYoungGen: 418688K->158560K(499200K)] 868883K->703552K(1897472K), 0.0917077 secs] [Times: user=0.54 sys=0.01, real=0.09 secs] 
3952.145: [GC (Allocation Failure) [PSYoungGen: 468320K->93248K(504320K)] 1013312K->796960K(1902592K), 0.1274507 secs] [Times: user=0.76 sys=0.00, real=0.13 secs] 
3952.700: [GC (GCLocker Initiated GC) [PSYoungGen: 403008K->154400K(497152K)] 1106721K->945613K(1895424K), 0.0740099 secs] [Times: user=0.44 sys=0.00, real=0.07 secs] 
3956.514: [GC (Allocation Failure) [PSYoungGen: 456992K->88256K(500736K)] 1248208K->1033928K(1899008K), 0.1316600 secs] [Times: user=0.77 sys=0.00, real=0.14 secs] 
3956.922: [GC (Allocation Failure) [PSYoungGen: 390848K->152256K(494592K)] 1336520K->1180017K(1892864K), 0.0540618 secs] [Times: user=0.33 sys=0.00, real=0.06 secs] 
3959.822: [GC (GCLocker Initiated GC) [PSYoungGen: 448704K->88192K(497664K)] 1476465K->1268233K(1895936K), 0.1798261 secs] [Times: user=1.07 sys=0.01, real=0.18 secs] 
3960.322: [GC (Allocation Failure) [PSYoungGen: 384640K->147456K(495616K)] 1564684K->1409753K(1893888K), 0.0530717 secs] [Times: user=0.32 sys=0.01, real=0.05 secs] 
3960.375: [Full GC (Ergonomics) [PSYoungGen: 147456K->0K(495616K)] [ParOldGen: 1262297K->211897K(1398272K)] 1409753K->211897K(1893888K), [Metaspace: 60472K->60472K(1105920K)], 0.4983011 secs] [Times: user=2.33 sys=0.00, real=0.50 secs] 
3964.646: [GC (GCLocker Initiated GC) [PSYoungGen: 295424K->85152K(497152K)] 507322K->297050K(1895424K), 0.1463717 secs] [Times: user=0.87 sys=0.01, real=0.14 secs] 
3965.215: [GC (Allocation Failure) [PSYoungGen: 380576K->135360K(490496K)] 608861K->444968K(1888768K), 0.2834627 secs] [Times: user=1.69 sys=0.00, real=0.29 secs] 
3967.843: [GC (Allocation Failure) [PSYoungGen: 431296K->91840K(494080K)] 740904K->536544K(1892352K), 0.3964153 secs] [Times: user=2.37 sys=0.01, real=0.40 secs] 
3969.321: [GC (Allocation Failure) [PSYoungGen: 387776K->142944K(500224K)] 832480K->675433K(1898496K), 0.0503093 secs] [Times: user=0.30 sys=0.00, real=0.05 secs] 
3971.710: [GC (Allocation Failure) [PSYoungGen: 447584K->103136K(408064K)] 980073K->769641K(1806336K), 0.1496065 secs] [Times: user=0.89 sys=0.01, real=0.15 secs] 
3972.670: [GC (Allocation Failure) [PSYoungGen: 403062K->147680K(496128K)] 1069568K->913414K(1894400K), 0.0505874 secs] [Times: user=0.30 sys=0.00, real=0.05 secs] 
3975.663: [GC (Allocation Failure) [PSYoungGen: 451296K->97728K(499200K)] 1217030K->1002482K(1897472K), 0.1830817 secs] [Times: user=0.95 sys=0.01, real=0.19 secs] 
3977.205: [GC (Allocation Failure) [PSYoungGen: 401344K->146560K(500736K)] 1306098K->1145367K(1899008K), 0.0511221 secs] [Times: user=0.30 sys=0.00, real=0.06 secs] 
3978.810: [GC (Allocation Failure) [PSYoungGen: 454784K->105888K(414208K)] 1453591K->1242467K(1812480K), 0.0807603 secs] [Times: user=0.47 sys=0.01, real=0.08 secs] 
3979.326: [GC (Allocation Failure) [PSYoungGen: 414112K->150624K(498688K)] 1550691K->1389372K(1896960K), 0.0527195 secs] [Times: user=0.31 sys=0.00, real=0.05 secs] 
3979.379: [Full GC (Ergonomics) [PSYoungGen: 150624K->0K(498688K)] [ParOldGen: 1238748K->195802K(1398272K)] 1389372K->195802K(1896960K), [Metaspace: 60474K->60474K(1105920K)], 0.4741815 secs] [Times: user=2.22 sys=0.01, real=0.47 secs] 
3981.878: [GC (Allocation Failure) [PSYoungGen: 307712K->103648K(502272K)] 503514K->299450K(1900544K), 0.0998565 secs] [Times: user=0.59 sys=0.00, real=0.10 secs] 
3982.363: [GC (Allocation Failure) [PSYoungGen: 408311K->148096K(502272K)] 604114K->444416K(1900544K), 0.0544526 secs] [Times: user=0.32 sys=0.00, real=0.06 secs] 
3986.060: [GC (Allocation Failure) [PSYoungGen: 458880K->102048K(413184K)] 755200K->538112K(1811456K), 0.1481909 secs] [Times: user=0.75 sys=0.00, real=0.15 secs] 
3988.046: [GC (Allocation Failure) [PSYoungGen: 412832K->146624K(502272K)] 848896K->681021K(1900544K), 0.0830638 secs] [Times: user=0.49 sys=0.00, real=0.08 secs] 
3991.059: [GC (Allocation Failure) [PSYoungGen: 457920K->102176K(504320K)] 992317K->774397K(1902592K), 0.1714544 secs] [Times: user=1.02 sys=0.01, real=0.17 secs] 
3992.658: [GC (Allocation Failure) [PSYoungGen: 413472K->151520K(500736K)] 1085693K->921978K(1899008K), 0.0504039 secs] [Times: user=0.30 sys=0.00, real=0.05 secs] 
3994.150: [GC (Allocation Failure) [PSYoungGen: 462304K->104736K(504832K)] 1232762K->1018070K(1903104K), 0.1783651 secs] [Times: user=1.06 sys=0.00, real=0.18 secs] 
3995.280: [GC (Allocation Failure) [PSYoungGen: 405195K->145344K(504832K)] 1318529K->1160099K(1903104K), 0.1168100 secs] [Times: user=0.69 sys=0.00, real=0.12 secs] 
3998.732: [GC (Allocation Failure) [PSYoungGen: 459200K->105408K(419328K)] 1473955K->1256955K(1817600K), 0.1344475 secs] [Times: user=0.80 sys=0.00, real=0.14 secs] 
3999.422: [GC (Allocation Failure) [PSYoungGen: 404882K->145120K(503296K)] 1556429K->1398616K(1901568K), 0.0503052 secs] [Times: user=0.30 sys=0.00, real=0.05 secs] 
3999.473: [Full GC (Ergonomics) [PSYoungGen: 145120K->0K(503296K)] [ParOldGen: 1253496K->197382K(1398272K)] 1398616K->197382K(1901568K), [Metaspace: 60474K->60474K(1105920K)], 0.4790529 secs] [Times: user=2.24 sys=0.00, real=0.48 secs] 
4002.170: [GC (Allocation Failure) [PSYoungGen: 314368K->108288K(504832K)] 511750K->305670K(1903104K), 0.0876178 secs] [Times: user=0.52 sys=0.00, real=0.09 secs] 
4002.704: [GC (Allocation Failure) [PSYoungGen: 422656K->185600K(479232K)] 620038K->487274K(1877504K), 0.0531250 secs] [Times: user=0.31 sys=0.00, real=0.06 secs] 
4005.917: [GC (Allocation Failure) [PSYoungGen: 477952K->85344K(377856K)] 779626K->539235K(1776128K), 0.1717400 secs] [Times: user=1.03 sys=0.00, real=0.17 secs] 
4007.368: [GC (GCLocker Initiated GC) [PSYoungGen: 377696K->141280K(497152K)] 831587K->676800K(1895424K), 0.0833255 secs] [Times: user=0.49 sys=0.00, real=0.08 secs] 
4010.031: [GC (Allocation Failure) [PSYoungGen: 434656K->97120K(390656K)] 970179K->765459K(1788928K), 0.1163854 secs] [Times: user=0.70 sys=0.00, real=0.12 secs] 
4011.918: [GC (Allocation Failure) [PSYoungGen: 390496K->138400K(495616K)] 1058835K->900816K(1893888K), 0.0495758 secs] [Times: user=0.29 sys=0.00, real=0.05 secs] 
4014.369: [GC (Allocation Failure) [PSYoungGen: 434336K->100448K(493056K)] 1196752K->991756K(1891328K), 0.0954108 secs] [Times: user=0.57 sys=0.00, real=0.09 secs] 
4017.356: [GC (Allocation Failure) [PSYoungGen: 396384K->136224K(499200K)] 1287692K->1125421K(1897472K), 0.0527339 secs] [Times: user=0.31 sys=0.00, real=0.05 secs] 
4018.575: [GC (Allocation Failure) [PSYoungGen: 440864K->109792K(496640K)] 1430061K->1226069K(1894912K), 0.0645000 secs] [Times: user=0.39 sys=0.00, real=0.07 secs] 
4019.398: [GC (Allocation Failure) [PSYoungGen: 414432K->143840K(499200K)] 1530709K->1368348K(1897472K), 0.0545545 secs] [Times: user=0.32 sys=0.01, real=0.05 secs] 
4021.600: [GC (Allocation Failure) [PSYoungGen: 455136K->108416K(500224K)] 1679644K->1467660K(1898496K), 0.1311194 secs] [Times: user=0.79 sys=0.00, real=0.13 secs] 
4021.731: [Full GC (Ergonomics) [PSYoungGen: 108416K->0K(500224K)] [ParOldGen: 1359244K->26840K(1398272K)] 1467660K->26840K(1898496K), [Metaspace: 60474K->60474K(1105920K)], 0.0682509 secs] [Times: user=0.22 sys=0.00, real=0.07 secs] 
4024.192: [GC (Allocation Failure) [PSYoungGen: 311296K->143360K(505856K)] 338136K->170200K(1904128K), 0.0283601 secs] [Times: user=0.17 sys=0.00, real=0.03 secs] 
4025.435: [GC (Allocation Failure) [PSYoungGen: 463872K->113920K(507392K)] 490712K->274965K(1905664K), 0.0676667 secs] [Times: user=0.40 sys=0.00, real=0.07 secs] 
4026.993: [GC (Allocation Failure) [PSYoungGen: 434432K->153120K(504832K)] 595477K->426337K(1903104K), 0.0972651 secs] [Times: user=0.58 sys=0.01, real=0.10 secs] 
4030.840: [GC (Allocation Failure) [PSYoungGen: 475168K->106784K(509440K)] 748385K->524881K(1907712K), 0.1729137 secs] [Times: user=1.03 sys=0.00, real=0.17 secs] 
4032.737: [GC (Allocation Failure) [PSYoungGen: 428832K->154720K(503808K)] 846929K->675746K(1902080K), 0.0522355 secs] [Times: user=0.31 sys=0.00, real=0.05 secs] 
4035.176: [GC (Allocation Failure) [PSYoungGen: 473696K->105408K(508928K)] 994722K->772170K(1907200K), 0.1767138 secs] [Times: user=1.04 sys=0.01, real=0.17 secs] 
4036.164: [GC (Allocation Failure) [PSYoungGen: 411499K->147296K(507392K)] 1078262K->915483K(1905664K), 0.0507319 secs] [Times: user=0.30 sys=0.00, real=0.05 secs] 
4039.583: [GC (Allocation Failure) [PSYoungGen: 467296K->106624K(427008K)] 1235483K->1013507K(1825280K), 0.1584953 secs] [Times: user=0.94 sys=0.00, real=0.16 secs] 
4040.652: [GC (Allocation Failure) [PSYoungGen: 426624K->155680K(501760K)] 1333507K->1165872K(1900032K), 0.0520392 secs] [Times: user=0.31 sys=0.00, real=0.05 secs] 
4046.499: [GC (Allocation Failure) [PSYoungGen: 470560K->92352K(506880K)] 1480752K->1258008K(1905152K), 0.1717895 secs] [Times: user=1.03 sys=0.00, real=0.17 secs] 
4047.474: [GC (Allocation Failure) [PSYoungGen: 407232K->152928K(499712K)] 1572888K->1406997K(1897984K), 0.0551203 secs] [Times: user=0.33 sys=0.00, real=0.06 secs] 
4047.529: [Full GC (Ergonomics) [PSYoungGen: 152928K->0K(499712K)] [ParOldGen: 1254069K->211411K(1398272K)] 1406997K->211411K(1897984K), [Metaspace: 60474K->60474K(1105920K)], 0.5014092 secs] [Times: user=2.26 sys=0.00, real=0.50 secs] 
4050.221: [GC (Allocation Failure) [PSYoungGen: 307712K->92512K(503296K)] 519123K->303923K(1901568K), 0.1494562 secs] [Times: user=0.88 sys=0.00, real=0.15 secs] 
4050.776: [GC (Allocation Failure) [PSYoungGen: 400224K->154144K(496128K)] 611635K->452172K(1894400K), 0.0537124 secs] [Times: user=0.31 sys=0.00, real=0.05 secs] 
4052.700: [GC (Allocation Failure) [PSYoungGen: 455712K->91904K(500224K)] 753740K->544044K(1898496K), 0.1398322 secs] [Times: user=0.83 sys=0.00, real=0.14 secs] 
4053.669: [GC (Allocation Failure) [PSYoungGen: 393472K->148416K(498176K)] 845612K->687261K(1896448K), 0.0788466 secs] [Times: user=0.47 sys=0.00, real=0.08 secs] 
4055.971: [GC (Allocation Failure) [PSYoungGen: 446162K->91360K(499712K)] 985007K->778413K(1897984K), 0.1133981 secs] [Times: user=0.68 sys=0.00, real=0.11 secs] 
4057.071: [GC (Allocation Failure) [PSYoungGen: 377818K->138112K(495104K)] 1064871K->913486K(1893376K), 0.1361447 secs] [Times: user=0.81 sys=0.00, real=0.14 secs] 
4059.817: [GC (Allocation Failure) [PSYoungGen: 439680K->99904K(497664K)] 1215054K->1004878K(1895936K), 0.1672351 secs] [Times: user=0.99 sys=0.00, real=0.16 secs] 
4061.022: [GC (Allocation Failure) [PSYoungGen: 401472K->147808K(499712K)] 1306446K->1149651K(1897984K), 0.0806384 secs] [Times: user=0.47 sys=0.01, real=0.08 secs] 
4064.279: [GC (GCLocker Initiated GC) [PSYoungGen: 454496K->98848K(502272K)] 1456339K->1240387K(1900544K), 0.1721925 secs] [Times: user=1.02 sys=0.00, real=0.17 secs] 
4065.710: [GC (Allocation Failure) [PSYoungGen: 405536K->158496K(493568K)] 1547110K->1394835K(1891840K), 0.0505594 secs] [Times: user=0.30 sys=0.00, real=0.05 secs] 
4065.760: [Full GC (Ergonomics) [PSYoungGen: 158496K->0K(493568K)] [ParOldGen: 1236339K->192911K(1398272K)] 1394835K->192911K(1891840K), [Metaspace: 60474K->60474K(1105920K)], 0.4734286 secs] [Times: user=2.22 sys=0.00, real=0.47 secs] 
4068.676: [GC (GCLocker Initiated GC) [PSYoungGen: 300544K->96640K(499712K)] 493455K->289551K(1897984K), 0.0987310 secs] [Times: user=0.58 sys=0.01, real=0.09 secs] 
4069.993: [GC (Allocation Failure) [PSYoungGen: 397184K->147264K(498688K)] 590098K->432511K(1896960K), 0.0479994 secs] [Times: user=0.29 sys=0.00, real=0.05 secs] 
4072.565: [GC (Allocation Failure) [PSYoungGen: 448832K->99936K(401920K)] 734079K->523631K(1800192K), 0.1765252 secs] [Times: user=1.06 sys=0.00, real=0.18 secs] 
4074.535: [GC (Allocation Failure) [PSYoungGen: 401504K->142976K(498176K)] 825199K->663856K(1896448K), 0.0495392 secs] [Times: user=0.29 sys=0.00, real=0.05 secs] 
4076.986: [GC (Allocation Failure) [PSYoungGen: 445568K->102976K(498688K)] 966448K->757996K(1896960K), 0.1664952 secs] [Times: user=0.99 sys=0.00, real=0.16 secs] 
4079.344: [GC (Allocation Failure) [PSYoungGen: 405568K->141504K(499712K)] 1060588K->897000K(1897984K), 0.0515250 secs] [Times: user=0.31 sys=0.00, real=0.05 secs] 
4081.486: [GC (Allocation Failure) [PSYoungGen: 448704K->105184K(499712K)] 1204200K->993397K(1897984K), 0.1348977 secs] [Times: user=0.80 sys=0.00, real=0.14 secs] 
4083.431: [GC (Allocation Failure) [PSYoungGen: 412384K->144960K(501248K)] 1300597K->1135805K(1899520K), 0.0528703 secs] [Times: user=0.32 sys=0.00, real=0.05 secs] 
4086.117: [GC (Allocation Failure) [PSYoungGen: 457280K->106752K(502784K)] 1448125K->1233641K(1901056K), 0.1606392 secs] [Times: user=0.96 sys=0.00, real=0.16 secs] 
4087.795: [GC (Allocation Failure) [PSYoungGen: 419072K->148320K(504320K)] 1545961K->1379422K(1902592K), 0.0538092 secs] [Times: user=0.32 sys=0.00, real=0.06 secs] 
4087.849: [Full GC (Ergonomics) [PSYoungGen: 148320K->0K(504320K)] [ParOldGen: 1231102K->178662K(1398272K)] 1379422K->178662K(1902592K), [Metaspace: 60474K->60474K(1105920K)], 0.4273252 secs] [Times: user=1.99 sys=0.00, real=0.43 secs] 
4090.713: [GC (Allocation Failure) [PSYoungGen: 316928K->107200K(506880K)] 495590K->285863K(1905152K), 0.0916400 secs] [Times: user=0.53 sys=0.01, real=0.09 secs] 
4092.534: [GC (Allocation Failure) [PSYoungGen: 424128K->160064K(497664K)] 602791K->442703K(1895936K), 0.0534411 secs] [Times: user=0.31 sys=0.00, real=0.06 secs] 
4094.965: [GC (Allocation Failure) [PSYoungGen: 470848K->103936K(504832K)] 753487K->529543K(1903104K), 0.1666325 secs] [Times: user=0.99 sys=0.00, real=0.17 secs] 
4096.578: [GC (Allocation Failure) [PSYoungGen: 414720K->150912K(501248K)] 840327K->676408K(1899520K), 0.0509172 secs] [Times: user=0.30 sys=0.00, real=0.05 secs] 
4098.560: [GC (Allocation Failure) [PSYoungGen: 460672K->105920K(504320K)] 986168K->773472K(1902592K), 0.1506125 secs] [Times: user=0.89 sys=0.00, real=0.15 secs] 
4099.526: [GC (Allocation Failure) [PSYoungGen: 415680K->150784K(501760K)] 1083232K->920921K(1900032K), 0.0517304 secs] [Times: user=0.30 sys=0.00, real=0.05 secs] 
4102.746: [GC (Allocation Failure) [PSYoungGen: 461056K->103104K(504320K)] 1231193K->1015581K(1902592K), 0.1583033 secs] [Times: user=0.95 sys=0.00, real=0.15 secs] 
4104.779: [GC (Allocation Failure) [PSYoungGen: 413376K->147232K(504320K)] 1325853K->1159470K(1902592K), 0.1341118 secs] [Times: user=0.79 sys=0.00, real=0.13 secs] 
4107.342: [GC (Allocation Failure) [PSYoungGen: 459552K->107008K(419840K)] 1471790K->1257974K(1818112K), 0.1481373 secs] [Times: user=0.88 sys=0.00, real=0.15 secs] 
4108.080: [GC (Allocation Failure) [PSYoungGen: 403620K->143680K(504320K)] 1554586K->1398151K(1902592K), 0.0511036 secs] [Times: user=0.30 sys=0.00, real=0.05 secs] 
4108.131: [Full GC (Ergonomics) [PSYoungGen: 143680K->0K(504320K)] [ParOldGen: 1254471K->196846K(1398272K)] 1398151K->196846K(1902592K), [Metaspace: 60474K->60474K(1105920K)], 0.4806678 secs] [Times: user=2.25 sys=0.00, real=0.48 secs] 
4111.932: [GC (Allocation Failure) [PSYoungGen: 313856K->103424K(504320K)] 510702K->300270K(1902592K), 0.0724321 secs] [Times: user=0.43 sys=0.01, real=0.07 secs] 
4113.308: [GC (Allocation Failure) [PSYoungGen: 402843K->146752K(504832K)] 599690K->443911K(1903104K), 0.1265614 secs] [Times: user=0.75 sys=0.00, real=0.12 secs] 
4116.505: [GC (GCLocker Initiated GC) [PSYoungGen: 463168K->103744K(506368K)] 760327K->539511K(1904640K), 0.1351248 secs] [Times: user=0.81 sys=0.00, real=0.14 secs] 
4117.278: [GC (Allocation Failure) [PSYoungGen: 420160K->144512K(507392K)] 872313K->697550K(1905664K), 0.2336564 secs] [Times: user=1.40 sys=0.00, real=0.23 secs] 
4121.154: [GC (Allocation Failure) [PSYoungGen: 464000K->98752K(508416K)] 1017038K->796454K(1906688K), 0.4353081 secs] [Times: user=2.61 sys=0.00, real=0.44 secs] 
4121.983: [GC (Allocation Failure) [PSYoungGen: 418240K->158944K(498176K)] 1115942K->949703K(1896448K), 0.0566103 secs] [Times: user=0.34 sys=0.00, real=0.06 secs] 
4124.905: [GC (Allocation Failure) [PSYoungGen: 469728K->97120K(504832K)] 1260487K->1046447K(1903104K), 0.1296114 secs] [Times: user=0.78 sys=0.00, real=0.13 secs] 
4125.317: [GC (Allocation Failure) [PSYoungGen: 407904K->153824K(498176K)] 1357231K->1194620K(1896448K), 0.0564226 secs] [Times: user=0.33 sys=0.00, real=0.05 secs] 
4128.970: [GC (Allocation Failure) [PSYoungGen: 459488K->91680K(502272K)] 1500284K->1286100K(1900544K), 0.1354764 secs] [Times: user=0.80 sys=0.00, real=0.13 secs] 
4129.365: [GC (Allocation Failure) [PSYoungGen: 397344K->150720K(497152K)] 1591764K->1430812K(1895424K), 0.0568772 secs] [Times: user=0.34 sys=0.01, real=0.06 secs] 
4129.422: [Full GC (Ergonomics) [PSYoungGen: 150720K->0K(497152K)] [ParOldGen: 1280092K->227625K(1398272K)] 1430812K->227625K(1895424K), [Metaspace: 60477K->60477K(1105920K)], 0.5461645 secs] [Times: user=2.48 sys=0.00, real=0.55 secs] 
4133.843: [GC (Allocation Failure) [PSYoungGen: 301568K->87680K(500224K)] 529193K->315305K(1898496K), 0.1085070 secs] [Times: user=0.64 sys=0.00, real=0.11 secs] 
4134.246: [GC (Allocation Failure) [PSYoungGen: 389248K->149984K(495616K)] 616873K->459641K(1893888K), 0.0529514 secs] [Times: user=0.31 sys=0.00, real=0.05 secs] 
4137.695: [GC (Allocation Failure) [PSYoungGen: 447456K->86816K(498176K)] 757113K->546281K(1896448K), 0.1480269 secs] [Times: user=0.87 sys=0.01, real=0.15 secs] 
4138.139: [GC (Allocation Failure) [PSYoungGen: 384288K->149056K(494080K)] 843753K->689434K(1892352K), 0.0520764 secs] [Times: user=0.31 sys=0.00, real=0.05 secs] 
4141.019: [GC (GCLocker Initiated GC) [PSYoungGen: 443456K->87424K(496640K)] 983834K->776858K(1894912K), 0.1580639 secs] [Times: user=0.94 sys=0.00, real=0.16 secs] 
4142.530: [GC (Allocation Failure) [PSYoungGen: 381824K->133760K(489472K)] 1087677K->923576K(1887744K), 0.2426238 secs] [Times: user=1.46 sys=0.00, real=0.24 secs] 
4145.407: [GC (Allocation Failure) [PSYoungGen: 429696K->87840K(493568K)] 1219512K->1011653K(1891840K), 0.4374109 secs] [Times: user=2.62 sys=0.00, real=0.43 secs] 
4146.653: [GC (Allocation Failure) [PSYoungGen: 383776K->143232K(500224K)] 1307589K->1151441K(1898496K), 0.0486886 secs] [Times: user=0.28 sys=0.00, real=0.05 secs] 
4149.577: [GC (Allocation Failure) [PSYoungGen: 447872K->102816K(407552K)] 1456081K->1245381K(1805824K), 0.1511504 secs] [Times: user=0.88 sys=0.00, real=0.15 secs] 
4151.452: [GC (Allocation Failure) [PSYoungGen: 407456K->146208K(495616K)] 1550021K->1387598K(1893888K), 0.0503606 secs] [Times: user=0.30 sys=0.00, real=0.05 secs] 
4151.502: [Full GC (Ergonomics) [PSYoungGen: 146208K->0K(495616K)] [ParOldGen: 1241390K->194149K(1398272K)] 1387598K->194149K(1893888K), [Metaspace: 60477K->60477K(1105920K)], 0.4737596 secs] [Times: user=2.22 sys=0.00, real=0.48 secs] 
4154.483: [GC (Allocation Failure) [PSYoungGen: 303104K->98752K(498688K)] 497253K->292902K(1896960K), 0.0890456 secs] [Times: user=0.52 sys=0.00, real=0.09 secs] 
4156.809: [GC (Allocation Failure) [PSYoungGen: 401856K->147136K(499712K)] 596006K->436278K(1897984K), 0.0484228 secs] [Times: user=0.29 sys=0.00, real=0.05 secs] 
4158.383: [GC (Allocation Failure) [PSYoungGen: 454848K->102720K(502784K)] 743990K->530338K(1901056K), 0.1293481 secs] [Times: user=0.77 sys=0.00, real=0.13 secs] 
4159.570: [GC (Allocation Failure) [PSYoungGen: 410432K->148832K(499200K)] 838050K->676080K(1897472K), 0.0506304 secs] [Times: user=0.30 sys=0.00, real=0.05 secs] 
4162.200: [GC (Allocation Failure) [PSYoungGen: 457056K->103200K(502784K)] 984304K->770596K(1901056K), 0.1612640 secs] [Times: user=0.96 sys=0.00, real=0.16 secs] 
4163.460: [GC (Allocation Failure) [PSYoungGen: 411424K->147712K(501760K)] 1078820K->915345K(1900032K), 0.1373370 secs] [Times: user=0.81 sys=0.00, real=0.14 secs] 
4166.191: [GC (Allocation Failure) [PSYoungGen: 458496K->104480K(504320K)] 1226129K->1011545K(1902592K), 0.1339248 secs] [Times: user=0.79 sys=0.00, real=0.13 secs] 
4167.651: [GC (GCLocker Initiated GC) [PSYoungGen: 415264K->149216K(500736K)] 1322329K->1157735K(1899008K), 0.1405822 secs] [Times: user=0.82 sys=0.00, real=0.14 secs] 
4170.903: [GC (Allocation Failure) [PSYoungGen: 460000K->103680K(504320K)] 1468521K->1252905K(1902592K), 0.1469662 secs] [Times: user=0.86 sys=0.00, real=0.15 secs] 
4171.914: [GC (Allocation Failure) [PSYoungGen: 414464K->150080K(501760K)] 1563689K->1398678K(1900032K), 0.0510223 secs] [Times: user=0.31 sys=0.00, real=0.05 secs] 
4171.965: [Full GC (Ergonomics) [PSYoungGen: 150080K->0K(501760K)] [ParOldGen: 1248598K->196856K(1398272K)] 1398678K->196856K(1900032K), [Metaspace: 60478K->60478K(1105920K)], 0.4702151 secs] [Times: user=2.19 sys=0.00, real=0.47 secs] 
4174.695: [GC (Allocation Failure) [PSYoungGen: 311808K->105472K(505344K)] 508664K->302328K(1903616K), 0.0665153 secs] [Times: user=0.39 sys=0.00, real=0.07 secs] 
4175.140: [GC (Allocation Failure) [PSYoungGen: 403611K->145536K(503808K)] 600468K->444498K(1902080K), 0.0496705 secs] [Times: user=0.29 sys=0.00, real=0.05 secs] 
4177.643: [GC (Allocation Failure) [PSYoungGen: 459392K->103040K(505344K)] 758354K->538778K(1903616K), 0.1560881 secs] [Times: user=0.92 sys=0.01, real=0.16 secs] 
4180.535: [GC (Allocation Failure) [PSYoungGen: 411859K->147680K(503808K)] 847597K->682575K(1902080K), 0.1252766 secs] [Times: user=0.74 sys=0.00, real=0.13 secs] 
4183.869: [GC (Allocation Failure) [PSYoungGen: 462560K->103232K(506368K)] 997455K->777631K(1904640K), 0.1638364 secs] [Times: user=0.98 sys=0.01, real=0.16 secs] 
4185.025: [GC (Allocation Failure) [PSYoungGen: 412993K->147616K(505344K)] 1087393K->921841K(1903616K), 0.0499707 secs] [Times: user=0.29 sys=0.00, real=0.05 secs] 
4188.752: [GC (Allocation Failure) [PSYoungGen: 464032K->106368K(422912K)] 1238257K->1019661K(1821184K), 0.1657361 secs] [Times: user=0.99 sys=0.00, real=0.17 secs] 
4190.042: [GC (Allocation Failure) [PSYoungGen: 422784K->186368K(477184K)] 1336077K->1201733K(1875456K), 0.0537107 secs] [Times: user=0.32 sys=0.01, real=0.05 secs] 
4191.737: [GC (GCLocker Initiated GC) [PSYoungGen: 475648K->90304K(494080K)] 1491015K->1258535K(1892352K), 0.1396943 secs] [Times: user=0.83 sys=0.01, real=0.14 secs] 
4193.032: [GC (Allocation Failure) [PSYoungGen: 379584K->139520K(487936K)] 1547850K->1394347K(1886208K), 0.0506152 secs] [Times: user=0.30 sys=0.00, real=0.05 secs] 
4193.083: [Full GC (Ergonomics) [PSYoungGen: 139520K->0K(487936K)] [ParOldGen: 1254827K->192682K(1398272K)] 1394347K->192682K(1886208K), [Metaspace: 60478K->60478K(1105920K)], 0.4596777 secs] [Times: user=2.15 sys=0.00, real=0.46 secs] 
4197.311: [GC (Allocation Failure) [PSYoungGen: 290304K->94912K(491520K)] 482986K->287594K(1889792K), 0.0852251 secs] [Times: user=0.50 sys=0.00, real=0.09 secs] 
4198.613: [GC (Allocation Failure) [PSYoungGen: 385216K->139168K(493056K)] 577898K->423996K(1891328K), 0.0502157 secs] [Times: user=0.30 sys=0.00, real=0.05 secs] 
4201.104: [GC (Allocation Failure) [PSYoungGen: 437664K->98752K(496128K)] 722492K->514684K(1894400K), 0.1024718 secs] [Times: user=0.61 sys=0.00, real=0.11 secs] 
4202.956: [GC (Allocation Failure) [PSYoungGen: 397248K->139360K(497664K)] 813180K->652493K(1895936K), 0.0504148 secs] [Times: user=0.29 sys=0.01, real=0.05 secs] 
4204.689: [GC (Allocation Failure) [PSYoungGen: 445536K->106304K(499712K)] 958669K->750125K(1897984K), 0.0742922 secs] [Times: user=0.45 sys=0.00, real=0.07 secs] 
4206.454: [GC (Allocation Failure) [PSYoungGen: 412480K->143232K(502784K)] 1056301K->891990K(1901056K), 0.0530318 secs] [Times: user=0.32 sys=0.00, real=0.06 secs] 
4209.465: [GC (Allocation Failure) [PSYoungGen: 456064K->110112K(503808K)] 1204822K->993430K(1902080K), 0.1793430 secs] [Times: user=1.06 sys=0.00, real=0.18 secs] 
4212.038: [GC (Allocation Failure) [PSYoungGen: 422944K->144160K(503808K)] 1306262K->1135699K(1902080K), 0.0538401 secs] [Times: user=0.32 sys=0.00, real=0.05 secs] 
4214.757: [GC (Allocation Failure) [PSYoungGen: 461088K->110400K(504832K)] 1452627K->1237363K(1903104K), 0.0854845 secs] [Times: user=0.50 sys=0.00, real=0.08 secs] 
4216.253: [GC (Allocation Failure) [PSYoungGen: 427328K->150656K(504320K)] 1554291K->1385916K(1902592K), 0.0552847 secs] [Times: user=0.33 sys=0.00, real=0.06 secs] 
4216.308: [Full GC (Ergonomics) [PSYoungGen: 150656K->0K(504320K)] [ParOldGen: 1235260K->182473K(1398272K)] 1385916K->182473K(1902592K), [Metaspace: 60478K->60478K(1105920K)], 0.4348186 secs] [Times: user=2.01 sys=0.00, real=0.43 secs] 
4218.417: [GC (Allocation Failure) [PSYoungGen: 320000K->109408K(508416K)] 502473K->291881K(1906688K), 0.0816355 secs] [Times: user=0.48 sys=0.00, real=0.08 secs] 
4219.632: [GC (Allocation Failure) [PSYoungGen: 429408K->156448K(502272K)] 611881K->444070K(1900544K), 0.0535840 secs] [Times: user=0.32 sys=0.00, real=0.05 secs] 
4222.512: [GC (Allocation Failure) [PSYoungGen: 473376K->104864K(507904K)] 760998K->540310K(1906176K), 0.1692191 secs] [Times: user=1.01 sys=0.00, real=0.17 secs] 
4223.466: [GC (Allocation Failure) [PSYoungGen: 408969K->146976K(507392K)] 844415K->682783K(1905664K), 0.0502883 secs] [Times: user=0.30 sys=0.00, real=0.05 secs] 
4225.230: [GC (Allocation Failure) [PSYoungGen: 465952K->111584K(430592K)] 1001759K->785403K(1828864K), 0.1276299 secs] [Times: user=0.76 sys=0.01, real=0.13 secs] 
4225.817: [GC (Allocation Failure) [PSYoungGen: 430560K->156096K(502784K)] 1104379K->938353K(1901056K), 0.0531661 secs] [Times: user=0.32 sys=0.00, real=0.05 secs] 
4228.324: [GC (Allocation Failure) [PSYoungGen: 472000K->96192K(507392K)] 1254257K->1034609K(1905664K), 0.1478542 secs] [Times: user=0.88 sys=0.01, real=0.15 secs] 
4229.332: [GC (GCLocker Initiated GC) [PSYoungGen: 412096K->156832K(497664K)] 1350513K->1186142K(1895936K), 0.0971861 secs] [Times: user=0.57 sys=0.01, real=0.10 secs] 
4232.106: [GC (Allocation Failure) [PSYoungGen: 463520K->90656K(502784K)] 1492832K->1276896K(1901056K), 0.1359467 secs] [Times: user=0.80 sys=0.00, real=0.13 secs] 
4232.799: [GC (Allocation Failure) [PSYoungGen: 397344K->153440K(496640K)] 1583584K->1424473K(1894912K), 0.0546778 secs] [Times: user=0.32 sys=0.00, real=0.05 secs] 
4232.853: [Full GC (Ergonomics) [PSYoungGen: 153440K->0K(496640K)] [ParOldGen: 1271033K->222537K(1398272K)] 1424473K->222537K(1894912K), [Metaspace: 60478K->60478K(1105920K)], 0.5311160 secs] [Times: user=2.49 sys=0.00, real=0.53 secs] 
4235.384: [GC (Allocation Failure) [PSYoungGen: 300544K->92960K(499712K)] 523081K->315497K(1897984K), 0.0730766 secs] [Times: user=0.44 sys=0.00, real=0.08 secs] 
4236.232: [GC (Allocation Failure) [PSYoungGen: 393504K->145760K(499712K)] 616041K->455866K(1897984K), 0.1356444 secs] [Times: user=0.81 sys=0.00, real=0.14 secs] 
4239.856: [GC (Allocation Failure) [PSYoungGen: 447328K->91232K(393216K)] 757434K->547178K(1791488K), 0.1709392 secs] [Times: user=1.01 sys=0.00, real=0.17 secs] 
4240.793: [GC (Allocation Failure) [PSYoungGen: 392800K->148736K(497152K)] 848746K->690188K(1895424K), 0.0949001 secs] [Times: user=0.56 sys=0.00, real=0.10 secs] 
4244.000: [GC (Allocation Failure) [PSYoungGen: 448256K->94336K(499200K)] 989708K->784636K(1897472K), 0.1487124 secs] [Times: user=0.88 sys=0.01, real=0.15 secs] 
4244.746: [GC (Allocation Failure) [PSYoungGen: 393856K->147680K(497664K)] 1084156K->922717K(1895936K), 0.1014825 secs] [Times: user=0.60 sys=0.00, real=0.10 secs] 
4248.977: [GC (GCLocker Initiated GC) [PSYoungGen: 447712K->87168K(499200K)] 1222750K->1009814K(1897472K), 0.1604400 secs] [Times: user=0.95 sys=0.00, real=0.16 secs] 
4249.659: [GC (Allocation Failure) [PSYoungGen: 387200K->139232K(496128K)] 1326264K->1161824K(1894400K), 0.2339611 secs] [Times: user=1.40 sys=0.00, real=0.23 secs] 
4252.731: [GC (Allocation Failure) [PSYoungGen: 440288K->91840K(498176K)] 1462880K->1254024K(1896448K), 0.4342380 secs] [Times: user=2.49 sys=0.00, real=0.43 secs] 
4255.086: [GC (Allocation Failure) [PSYoungGen: 388759K->139136K(501760K)] 1550944K->1390209K(1900032K), 0.1397810 secs] [Times: user=0.83 sys=0.00, real=0.14 secs] 
4255.226: [Full GC (Ergonomics) [PSYoungGen: 139136K->0K(501760K)] [ParOldGen: 1251073K->197170K(1398272K)] 1390209K->197170K(1900032K), [Metaspace: 60479K->60479K(1105920K)], 0.5410249 secs] [Times: user=2.61 sys=0.00, real=0.54 secs] 
4258.466: [GC (Allocation Failure) [PSYoungGen: 306688K->100768K(407552K)] 503858K->297938K(1805824K), 0.0589523 secs] [Times: user=0.34 sys=0.00, real=0.05 secs] 
4259.526: [GC (Allocation Failure) [PSYoungGen: 407456K->146464K(496640K)] 604626K->441067K(1894912K), 0.1197547 secs] [Times: user=0.71 sys=0.00, real=0.12 secs] 
4262.353: [GC (Allocation Failure) [PSYoungGen: 452128K->101664K(499712K)] 746731K->534395K(1897984K), 0.0948894 secs] [Times: user=0.56 sys=0.00, real=0.10 secs] 
4263.082: [GC (Allocation Failure) [PSYoungGen: 407328K->148992K(500736K)] 840059K->680264K(1899008K), 0.0492853 secs] [Times: user=0.29 sys=0.00, real=0.05 secs] 
4265.732: [GC (Allocation Failure) [PSYoungGen: 459264K->102912K(504320K)] 990536K->774456K(1902592K), 0.1610184 secs] [Times: user=0.95 sys=0.00, real=0.16 secs] 
4266.977: [GC (Allocation Failure) [PSYoungGen: 413184K->151072K(500224K)] 1084728K->921316K(1898496K), 0.0505110 secs] [Times: user=0.30 sys=0.00, real=0.05 secs] 
4269.400: [GC (Allocation Failure) [PSYoungGen: 460832K->106400K(504320K)] 1231076K->1018828K(1902592K), 0.1619261 secs] [Times: user=0.96 sys=0.00, real=0.16 secs] 
4270.049: [GC (Allocation Failure) [PSYoungGen: 403077K->144672K(502784K)] 1315506K->1160105K(1901056K), 0.0505739 secs] [Times: user=0.30 sys=0.00, real=0.05 secs] 
4274.636: [GC (Allocation Failure) [PSYoungGen: 456992K->99808K(504320K)] 1472425K->1251833K(1902592K), 0.1715527 secs] [Times: user=1.02 sys=0.01, real=0.18 secs] 
4276.054: [GC (Allocation Failure) [PSYoungGen: 407040K->150592K(501248K)] 1559066K->1398562K(1899520K), 0.0494651 secs] [Times: user=0.29 sys=0.00, real=0.05 secs] 
4276.104: [Full GC (Ergonomics) [PSYoungGen: 150592K->0K(501248K)] [ParOldGen: 1247970K->196546K(1398272K)] 1398562K->196546K(1899520K), [Metaspace: 60479K->60479K(1105920K)], 0.4750014 secs] [Times: user=2.22 sys=0.00, real=0.48 secs] 
4279.309: [GC (Allocation Failure) [PSYoungGen: 311808K->102528K(505344K)] 508354K->299074K(1903616K), 0.0954521 secs] [Times: user=0.57 sys=0.00, real=0.09 secs] 
4280.675: [GC (Allocation Failure) [PSYoungGen: 414336K->148544K(503296K)] 610882K->444111K(1901568K), 0.0491992 secs] [Times: user=0.29 sys=0.00, real=0.05 secs] 
4283.187: [GC (GCLocker Initiated GC) [PSYoungGen: 461376K->103360K(416256K)] 756946K->538858K(1814528K), 0.1262825 secs] [Times: user=0.75 sys=0.01, real=0.12 secs] 
4285.306: [GC (Allocation Failure) [PSYoungGen: 416192K->142272K(504832K)] 868109K->693541K(1903104K), 0.2288784 secs] [Times: user=1.38 sys=0.00, real=0.22 secs] 
4288.732: [GC (Allocation Failure) [PSYoungGen: 457152K->93856K(505344K)] 1008421K->787389K(1903616K), 0.4513886 secs] [Times: user=2.71 sys=0.00, real=0.45 secs] 
4289.625: [GC (Allocation Failure) [PSYoungGen: 408736K->171296K(486912K)] 1102269K->954862K(1885184K), 0.0557202 secs] [Times: user=0.33 sys=0.00, real=0.06 secs] 
4292.327: [GC (Allocation Failure) [PSYoungGen: 465523K->87616K(498176K)] 1249090K->1026234K(1896448K), 0.1577903 secs] [Times: user=0.94 sys=0.00, real=0.15 secs] 
4293.346: [GC (Allocation Failure) [PSYoungGen: 372760K->137952K(493568K)] 1311379K->1160731K(1891840K), 0.1376602 secs] [Times: user=0.82 sys=0.00, real=0.13 secs] 
4296.552: [GC (Allocation Failure) [PSYoungGen: 435936K->96640K(496128K)] 1458715K->1249019K(1894400K), 0.1599693 secs] [Times: user=0.95 sys=0.01, real=0.16 secs] 
4297.822: [GC (Allocation Failure) [PSYoungGen: 394624K->144992K(499712K)] 1547003K->1390116K(1897984K), 0.0489286 secs] [Times: user=0.29 sys=0.00, real=0.05 secs] 
4297.871: [Full GC (Ergonomics) [PSYoungGen: 144992K->0K(499712K)] [ParOldGen: 1245124K->187628K(1398272K)] 1390116K->187628K(1897984K), [Metaspace: 60479K->60479K(1105920K)], 0.4497578 secs] [Times: user=2.10 sys=0.00, real=0.45 secs] 
4300.591: [GC (Allocation Failure) [PSYoungGen: 304128K->101792K(406016K)] 491756K->289420K(1804288K), 0.0597166 secs] [Times: user=0.35 sys=0.00, real=0.06 secs] 
4301.990: [GC (Allocation Failure) [PSYoungGen: 405920K->146464K(497664K)] 593548K->433110K(1895936K), 0.0660688 secs] [Times: user=0.39 sys=0.00, real=0.07 secs] 
4306.293: [GC (Allocation Failure) [PSYoungGen: 451104K->102112K(499712K)] 737750K->527098K(1897984K), 0.1523235 secs] [Times: user=0.90 sys=0.00, real=0.15 secs] 
4308.734: [GC (Allocation Failure) [PSYoungGen: 406752K->144352K(501760K)] 831738K->667727K(1900032K), 0.0500154 secs] [Times: user=0.29 sys=0.00, real=0.05 secs] 
4310.806: [GC (Allocation Failure) [PSYoungGen: 454112K->103168K(502784K)] 977487K->761811K(1901056K), 0.1672901 secs] [Times: user=0.99 sys=0.01, real=0.16 secs] 
4312.475: [GC (Allocation Failure) [PSYoungGen: 412928K->148192K(500736K)] 1071571K->907352K(1899008K), 0.0516118 secs] [Times: user=0.30 sys=0.00, real=0.06 secs] 
4317.265: [GC (Allocation Failure) [PSYoungGen: 458976K->102368K(503808K)] 1218136K->1001072K(1902080K), 0.1677379 secs] [Times: user=1.00 sys=0.00, real=0.17 secs] 
4319.553: [GC (Allocation Failure) [PSYoungGen: 413152K->146624K(503808K)] 1311856K->1144609K(1902080K), 0.0512243 secs] [Times: user=0.31 sys=0.00, real=0.05 secs] 
4321.113: [GC (Allocation Failure) [PSYoungGen: 460480K->109760K(423936K)] 1458465K->1245209K(1822208K), 0.1165165 secs] [Times: user=0.69 sys=0.00, real=0.12 secs] 
4322.549: [GC (Allocation Failure) [PSYoungGen: 423616K->153952K(499712K)] 1559065K->1395530K(1897984K), 0.0540165 secs] [Times: user=0.32 sys=0.00, real=0.05 secs] 
4322.603: [Full GC (Ergonomics) [PSYoungGen: 153952K->0K(499712K)] [ParOldGen: 1241578K->194175K(1398272K)] 1395530K->194175K(1897984K), [Metaspace: 60479K->60479K(1105920K)], 0.4753222 secs] [Times: user=2.22 sys=0.00, real=0.48 secs] 
4328.400: [GC (Allocation Failure) [PSYoungGen: 311808K->97120K(504832K)] 505983K->291295K(1903104K), 0.0902748 secs] [Times: user=0.53 sys=0.00, real=0.09 secs] 
4329.057: [GC (Allocation Failure) [PSYoungGen: 408928K->152704K(499712K)] 603103K->440653K(1897984K), 0.0490306 secs] [Times: user=0.29 sys=0.00, real=0.05 secs] 
4331.823: [GC (Allocation Failure) [PSYoungGen: 461440K->100608K(503808K)] 749389K->532777K(1902080K), 0.1588566 secs] [Times: user=0.95 sys=0.00, real=0.16 secs] 
4333.121: [GC (Allocation Failure) [PSYoungGen: 409344K->151136K(499712K)] 841513K->680474K(1897984K), 0.0499416 secs] [Times: user=0.29 sys=0.00, real=0.05 secs] 
4336.533: [GC (Allocation Failure) [PSYoungGen: 457824K->100800K(502784K)] 987162K->772866K(1901056K), 0.1418909 secs] [Times: user=0.85 sys=0.00, real=0.14 secs] 
4337.852: [GC (Allocation Failure) [PSYoungGen: 407488K->147104K(501760K)] 1079554K->916560K(1900032K), 0.0580798 secs] [Times: user=0.35 sys=0.00, real=0.06 secs] 
4340.005: [GC (Allocation Failure) [PSYoungGen: 455328K->102912K(411648K)] 1224784K->1011136K(1809920K), 0.1442092 secs] [Times: user=0.86 sys=0.00, real=0.15 secs] 
4341.635: [GC (Allocation Failure) [PSYoungGen: 411136K->150464K(499200K)] 1319360K->1157673K(1897472K), 0.0512187 secs] [Times: user=0.30 sys=0.00, real=0.06 secs] 
4343.180: [GC (Allocation Failure) [PSYoungGen: 457664K->104576K(502272K)] 1464873K->1253749K(1900544K), 0.1045732 secs] [Times: user=0.62 sys=0.00, real=0.10 secs] 
4344.446: [GC (Allocation Failure) [PSYoungGen: 411776K->148064K(501760K)] 1560949K->1398626K(1900032K), 0.0623736 secs] [Times: user=0.37 sys=0.00, real=0.06 secs] 
4344.508: [Full GC (Ergonomics) [PSYoungGen: 148064K->0K(501760K)] [ParOldGen: 1250562K->196847K(1398272K)] 1398626K->196847K(1900032K), [Metaspace: 60479K->60479K(1105920K)], 0.4793206 secs] [Times: user=2.23 sys=0.00, real=0.48 secs] 
4347.245: [GC (Allocation Failure) [PSYoungGen: 309760K->103360K(503808K)] 506607K->300207K(1902080K), 0.0469764 secs] [Times: user=0.28 sys=0.00, real=0.05 secs] 
4348.423: [GC (Allocation Failure) [PSYoungGen: 411013K->146944K(502784K)] 607861K->443944K(1901056K), 0.1222450 secs] [Times: user=0.72 sys=0.00, real=0.12 secs] 
4350.851: [GC (Allocation Failure) [PSYoungGen: 458240K->102976K(504320K)] 755240K->538512K(1902592K), 0.1732774 secs] [Times: user=1.03 sys=0.01, real=0.17 secs] 
4352.108: [GC (Allocation Failure) [PSYoungGen: 409804K->147488K(502784K)] 845341K->682942K(1901056K), 0.0891718 secs] [Times: user=0.53 sys=0.00, real=0.09 secs] 
4356.044: [GC (Allocation Failure) [PSYoungGen: 459808K->102912K(504832K)] 995262K->777374K(1903104K), 0.1691432 secs] [Times: user=1.00 sys=0.01, real=0.17 secs] 
4356.794: [GC (Allocation Failure) [PSYoungGen: 409030K->147328K(503808K)] 1083493K->921487K(1902080K), 0.0749375 secs] [Times: user=0.45 sys=0.00, real=0.08 secs] 
4359.724: [GC (Allocation Failure) [PSYoungGen: 461184K->105472K(505856K)] 1235343K->1018495K(1904128K), 0.1468368 secs] [Times: user=0.88 sys=0.00, real=0.15 secs] 
4360.492: [GC (Allocation Failure) [PSYoungGen: 419328K->170080K(488448K)] 1332351K->1185436K(1886720K), 0.0683010 secs] [Times: user=0.41 sys=0.00, real=0.07 secs] 
4363.930: [GC (GCLocker Initiated GC) [PSYoungGen: 469600K->88160K(499200K)] 1484956K->1257340K(1897472K), 0.1460653 secs] [Times: user=0.87 sys=0.00, real=0.15 secs] 
4364.563: [GC (Allocation Failure) [PSYoungGen: 387680K->138912K(494592K)] 1573247K->1409241K(1892864K), 0.2459938 secs] [Times: user=1.48 sys=0.00, real=0.25 secs] 
4364.809: [Full GC (Ergonomics) [PSYoungGen: 138912K->0K(494592K)] [ParOldGen: 1270329K->207580K(1398272K)] 1409241K->207580K(1892864K), [Metaspace: 60479K->60479K(1105920K)], 0.4279894 secs] [Times: user=1.86 sys=0.00, real=0.43 secs] 
4368.507: [GC (Allocation Failure) [PSYoungGen: 300032K->86528K(497152K)] 507612K->294108K(1895424K), 0.1707113 secs] [Times: user=1.01 sys=0.01, real=0.17 secs] 
4369.917: [GC (Allocation Failure) [PSYoungGen: 386560K->145504K(499200K)] 594140K->435889K(1897472K), 0.0478320 secs] [Times: user=0.29 sys=0.00, real=0.04 secs] 
4371.864: [GC (Allocation Failure) [PSYoungGen: 448096K->102048K(404992K)] 738481K->529753K(1803264K), 0.1547552 secs] [Times: user=0.91 sys=0.01, real=0.16 secs] 
4373.169: [GC (Allocation Failure) [PSYoungGen: 404640K->143936K(498176K)] 832345K->669486K(1896448K), 0.0489195 secs] [Times: user=0.29 sys=0.00, real=0.05 secs] 
4375.739: [GC (Allocation Failure) [PSYoungGen: 447552K->102336K(498688K)] 973102K->762342K(1896960K), 0.1687752 secs] [Times: user=1.01 sys=0.00, real=0.17 secs] 
4377.307: [GC (Allocation Failure) [PSYoungGen: 405952K->147712K(498688K)] 1065958K->906127K(1896960K), 0.0500517 secs] [Times: user=0.30 sys=0.00, real=0.05 secs] 
4379.278: [GC (Allocation Failure) [PSYoungGen: 454400K->103808K(501248K)] 1212815K->1000955K(1899520K), 0.1318469 secs] [Times: user=0.78 sys=0.00, real=0.13 secs] 
4380.748: [GC (Allocation Failure) [PSYoungGen: 410496K->149888K(499712K)] 1307643K->1147972K(1897984K), 0.1351060 secs] [Times: user=0.80 sys=0.00, real=0.13 secs] 
4383.147: [GC (Allocation Failure) [PSYoungGen: 458624K->102048K(503296K)] 1456708K->1241892K(1901568K), 0.1373538 secs] [Times: user=0.82 sys=0.01, real=0.13 secs] 
4384.518: [GC (Allocation Failure) [PSYoungGen: 410784K->150016K(501248K)] 1550628K->1387957K(1899520K), 0.0508238 secs] [Times: user=0.30 sys=0.00, real=0.05 secs] 
4384.569: [Full GC (Ergonomics) [PSYoungGen: 150016K->0K(501248K)] [ParOldGen: 1237941K->195181K(1398272K)] 1387957K->195181K(1899520K), [Metaspace: 60483K->60483K(1105920K)], 0.4786319 secs] [Times: user=2.23 sys=0.00, real=0.48 secs] 
4387.106: [GC (Allocation Failure) [PSYoungGen: 309760K->101664K(504320K)] 504941K->296845K(1902592K), 0.0886597 secs] [Times: user=0.52 sys=0.00, real=0.08 secs] 
4387.987: [GC (Allocation Failure) [PSYoungGen: 411424K->150848K(500736K)] 606605K->443438K(1899008K), 0.0493230 secs] [Times: user=0.29 sys=0.00, real=0.05 secs] 
4390.841: [GC (Allocation Failure) [PSYoungGen: 459584K->103424K(503808K)] 752174K->538030K(1902080K), 0.1595965 secs] [Times: user=0.95 sys=0.00, real=0.16 secs] 
4392.236: [GC (Allocation Failure) [PSYoungGen: 408677K->147712K(501760K)] 843283K->682315K(1900032K), 0.0498738 secs] [Times: user=0.30 sys=0.00, real=0.05 secs] 
4394.891: [GC (Allocation Failure) [PSYoungGen: 457472K->102272K(503808K)] 992075K->776315K(1902080K), 0.1106337 secs] [Times: user=0.66 sys=0.00, real=0.11 secs] 
4396.227: [GC (Allocation Failure) [PSYoungGen: 408386K->147552K(502272K)] 1082429K->920647K(1900544K), 0.1311546 secs] [Times: user=0.78 sys=0.00, real=0.13 secs] 
4399.174: [GC (Allocation Failure) [PSYoungGen: 458336K->104000K(504320K)] 1231431K->1016511K(1902592K), 0.1482742 secs] [Times: user=0.89 sys=0.00, real=0.15 secs] 
4400.808: [GC (Allocation Failure) [PSYoungGen: 409274K->146048K(502784K)] 1321786K->1159248K(1901056K), 0.1318609 secs] [Times: user=0.78 sys=0.01, real=0.13 secs] 
4405.166: [GC (Allocation Failure) [PSYoungGen: 458368K->101056K(504320K)] 1471568K->1251744K(1902592K), 0.1038253 secs] [Times: user=0.62 sys=0.00, real=0.10 secs] 
4406.373: [GC (Allocation Failure) [PSYoungGen: 411499K->149472K(502784K)] 1562188K->1397957K(1901056K), 0.0882981 secs] [Times: user=0.52 sys=0.00, real=0.09 secs] 
4406.461: [Full GC (Ergonomics) [PSYoungGen: 149472K->0K(502784K)] [ParOldGen: 1248485K->197387K(1398272K)] 1397957K->197387K(1901056K), [Metaspace: 60498K->60498K(1105920K)], 0.5077176 secs] [Times: user=2.33 sys=0.00, real=0.51 secs] 
4409.960: [GC (Allocation Failure) [PSYoungGen: 312832K->105312K(505856K)] 510219K->302699K(1904128K), 0.0994074 secs] [Times: user=0.58 sys=0.01, real=0.10 secs] 
4411.023: [GC (Allocation Failure) [PSYoungGen: 409012K->145632K(504832K)] 606399K->444965K(1903104K), 0.1153127 secs] [Times: user=0.69 sys=0.00, real=0.12 secs] 
4414.195: [GC (Allocation Failure) [PSYoungGen: 460512K->106656K(505856K)] 759845K->542829K(1904128K), 0.1631554 secs] [Times: user=0.97 sys=0.00, real=0.17 secs] 
4416.036: [GC (Allocation Failure) [PSYoungGen: 406538K->144096K(504832K)] 842712K->683102K(1903104K), 0.1275746 secs] [Times: user=0.76 sys=0.00, real=0.12 secs] 
4420.390: [GC (Allocation Failure) [PSYoungGen: 461024K->102752K(505856K)] 1000030K->777462K(1904128K), 0.1635209 secs] [Times: user=0.97 sys=0.00, real=0.16 secs] 
4421.154: [GC (Allocation Failure) [PSYoungGen: 406961K->147744K(506368K)] 1081671K->921979K(1904640K), 0.0502235 secs] [Times: user=0.30 sys=0.00, real=0.05 secs] 
4423.819: [GC (Allocation Failure) [PSYoungGen: 467232K->108800K(428544K)] 1241467K->1022179K(1826816K), 0.1393553 secs] [Times: user=0.83 sys=0.00, real=0.14 secs] 
4425.480: [GC (GCLocker Initiated GC) [PSYoungGen: 428288K->155072K(502784K)] 1341667K->1174180K(1901056K), 0.1299545 secs] [Times: user=0.77 sys=0.01, real=0.13 secs] 
4429.773: [GC (Allocation Failure) [PSYoungGen: 472000K->96352K(507904K)] 1491110K->1270398K(1906176K), 0.1556528 secs] [Times: user=0.92 sys=0.00, real=0.16 secs] 
4430.971: [GC (Allocation Failure) [PSYoungGen: 413280K->158144K(496640K)] 1587326K->1423147K(1894912K), 0.1190747 secs] [Times: user=0.71 sys=0.00, real=0.12 secs] 
4431.091: [Full GC (Ergonomics) [PSYoungGen: 158144K->0K(496640K)] [ParOldGen: 1265003K->221567K(1398272K)] 1423147K->221567K(1894912K), [Metaspace: 60498K->60498K(1105920K)], 0.5628750 secs] [Times: user=2.68 sys=0.00, real=0.56 secs] 
4436.167: [GC (Allocation Failure) [PSYoungGen: 306688K->88032K(502784K)] 528255K->309599K(1901056K), 0.1247010 secs] [Times: user=0.74 sys=0.00, real=0.12 secs] 
4436.604: [GC (Allocation Failure) [PSYoungGen: 394720K->152576K(495616K)] 616287K->456376K(1893888K), 0.0526793 secs] [Times: user=0.32 sys=0.00, real=0.06 secs] 
4439.393: [GC (GCLocker Initiated GC) [PSYoungGen: 452096K->88832K(499200K)] 755897K->544833K(1897472K), 0.1513076 secs] [Times: user=0.90 sys=0.00, real=0.15 secs] 
4439.796: [GC (Allocation Failure) [PSYoungGen: 388352K->166880K(482816K)] 844388K->706167K(1881088K), 0.0535317 secs] [Times: user=0.32 sys=0.00, real=0.06 secs] 
4442.340: [GC (Allocation Failure) [PSYoungGen: 451040K->82752K(491520K)] 990327K->772595K(1889792K), 0.1578646 secs] [Times: user=0.94 sys=0.00, real=0.16 secs] 
4442.920: [GC (Allocation Failure) [PSYoungGen: 366912K->140128K(486912K)] 1056755K->909504K(1885184K), 0.0472719 secs] [Times: user=0.29 sys=0.00, real=0.05 secs] 
4447.668: [GC (GCLocker Initiated GC) [PSYoungGen: 424800K->86688K(489472K)] 1194176K->988156K(1887744K), 0.1173662 secs] [Times: user=0.66 sys=0.01, real=0.11 secs] 
4449.083: [GC (Allocation Failure) [PSYoungGen: 371360K->143776K(494080K)] 1272863K->1130084K(1892352K), 0.0805411 secs] [Times: user=0.48 sys=0.00, real=0.08 secs] 
4451.158: [GC (Allocation Failure) [PSYoungGen: 434592K->100288K(391168K)] 1420900K->1213708K(1789440K), 0.0698480 secs] [Times: user=0.42 sys=0.00, real=0.07 secs] 
4452.544: [GC (Allocation Failure) [PSYoungGen: 391104K->133152K(495104K)] 1504524K->1345845K(1893376K), 0.0690659 secs] [Times: user=0.41 sys=0.00, real=0.07 secs] 
4455.234: [GC (Allocation Failure) [PSYoungGen: 428576K->110368K(491520K)] 1641269K->1447965K(1889792K), 0.0647007 secs] [Times: user=0.38 sys=0.01, real=0.07 secs] 
4455.299: [Full GC (Ergonomics) [PSYoungGen: 110368K->0K(491520K)] [ParOldGen: 1337597K->252122K(1398272K)] 1447965K->252122K(1889792K), [Metaspace: 60498K->60498K(1105920K)], 0.5391734 secs] [Times: user=2.37 sys=0.00, real=0.54 secs] 
4456.956: [GC (Allocation Failure) [PSYoungGen: 295424K->127040K(498176K)] 547546K->379162K(1896448K), 0.0254157 secs] [Times: user=0.14 sys=0.00, real=0.02 secs] 
4461.988: [GC (Allocation Failure) [PSYoungGen: 434752K->120480K(494080K)] 686874K->489542K(1892352K), 0.0623192 secs] [Times: user=0.37 sys=0.00, real=0.06 secs] 
4462.559: [GC (Allocation Failure) [PSYoungGen: 428192K->127360K(505344K)] 797254K->617047K(1903616K), 0.0624793 secs] [Times: user=0.37 sys=0.00, real=0.06 secs] 
4465.789: [GC (Allocation Failure) [PSYoungGen: 452992K->1984K(501760K)] 942679K->491686K(1900032K), 0.0026739 secs] [Times: user=0.01 sys=0.01, real=0.00 secs] 
4466.847: [GC (Allocation Failure) [PSYoungGen: 327616K->146720K(497152K)] 817318K->637887K(1895424K), 0.0674017 secs] [Times: user=0.40 sys=0.00, real=0.06 secs] 
4469.144: [GC (Allocation Failure) [PSYoungGen: 452384K->7936K(313856K)] 943551K->499183K(1712128K), 0.0036476 secs] [Times: user=0.02 sys=0.00, real=0.01 secs] 
4471.345: [GC (Allocation Failure) [PSYoungGen: 313600K->139168K(486400K)] 804847K->636284K(1884672K), 0.0291573 secs] [Times: user=0.17 sys=0.00, real=0.03 secs] 
4472.486: [GC (Allocation Failure) [PSYoungGen: 419232K->104864K(385024K)] 916348K->731664K(1783296K), 0.0632946 secs] [Times: user=0.38 sys=0.01, real=0.06 secs] 
4475.157: [GC (Allocation Failure) [PSYoungGen: 384928K->120736K(486912K)] 1011728K->851117K(1885184K), 0.0649000 secs] [Times: user=0.39 sys=0.00, real=0.06 secs] 
4476.316: [GC (Allocation Failure) [PSYoungGen: 407968K->126592K(482816K)] 1138349K->968193K(1881088K), 0.0622107 secs] [Times: user=0.37 sys=0.01, real=0.06 secs] 
4479.378: [GC (Allocation Failure) [PSYoungGen: 413824K->99520K(496128K)] 1255425K->1067585K(1894400K), 0.0851105 secs] [Times: user=0.50 sys=0.01, real=0.08 secs] 
4482.080: [GC (Allocation Failure) [PSYoungGen: 406030K->185984K(496128K)] 1374095K->1243214K(1894400K), 0.0688577 secs] [Times: user=0.41 sys=0.00, real=0.07 secs] 
4484.139: [GC (Allocation Failure) [PSYoungGen: 495744K->99168K(497152K)] 1552974K->1305326K(1895424K), 0.0951349 secs] [Times: user=0.56 sys=0.00, real=0.09 secs] 
4484.234: [Full GC (Ergonomics) [PSYoungGen: 99168K->0K(497152K)] [ParOldGen: 1206158K->113802K(1398272K)] 1305326K->113802K(1895424K), [Metaspace: 60499K->60499K(1105920K)], 0.2594279 secs] [Times: user=1.19 sys=0.00, real=0.26 secs] 
4484.828: [GC (Allocation Failure) [PSYoungGen: 292827K->182560K(477184K)] 406629K->296362K(1875456K), 0.0432964 secs] [Times: user=0.26 sys=0.00, real=0.04 secs] 
4487.393: [GC (Allocation Failure) [PSYoungGen: 476960K->88096K(484864K)] 590762K->350630K(1883136K), 0.0911494 secs] [Times: user=0.54 sys=0.01, real=0.09 secs] 
4488.420: [GC (Allocation Failure) [PSYoungGen: 354848K->129792K(396800K)] 617382K->474611K(1795072K), 0.1506553 secs] [Times: user=0.89 sys=0.00, real=0.15 secs] 
4491.553: [GC (Allocation Failure) [PSYoungGen: 396544K->73408K(476672K)] 741363K->547787K(1874944K), 0.1506750 secs] [Times: user=0.90 sys=0.00, real=0.15 secs] 
4492.205: [GC (Allocation Failure) [PSYoungGen: 341184K->130816K(475648K)] 815563K->674760K(1873920K), 0.0433725 secs] [Times: user=0.26 sys=0.00, real=0.05 secs] 
4493.565: [GC (Allocation Failure) [PSYoungGen: 398592K->88160K(486912K)] 942536K->754308K(1885184K), 0.0834401 secs] [Times: user=0.49 sys=0.00, real=0.09 secs] 
4495.047: [GC (Allocation Failure) [PSYoungGen: 374368K->135296K(486400K)] 1040516K->887894K(1884672K), 0.0493228 secs] [Times: user=0.29 sys=0.00, real=0.05 secs] 
4496.843: [GC (Allocation Failure) [PSYoungGen: 421504K->101824K(488448K)] 1174102K->981414K(1886720K), 0.0634038 secs] [Times: user=0.38 sys=0.00, real=0.07 secs] 
4498.749: [GC (Allocation Failure) [PSYoungGen: 400832K->134720K(493056K)] 1280422K->1114562K(1891328K), 0.0557158 secs] [Times: user=0.33 sys=0.00, real=0.05 secs] 
4499.959: [GC (Allocation Failure) [PSYoungGen: 433728K->112704K(489984K)] 1413570K->1217722K(1888256K), 0.0650762 secs] [Times: user=0.39 sys=0.00, real=0.06 secs] 
4502.441: [GC (Allocation Failure) [PSYoungGen: 424000K->141216K(497664K)] 1529018K->1358543K(1895936K), 0.0610172 secs] [Times: user=0.36 sys=0.01, real=0.06 secs] 
4502.502: [Full GC (Ergonomics) [PSYoungGen: 141216K->0K(497664K)] [ParOldGen: 1217327K->148665K(1398272K)] 1358543K->148665K(1895936K), [Metaspace: 60507K->60507K(1105920K)], 0.3499819 secs] [Times: user=1.60 sys=0.00, real=0.35 secs] 
4503.969: [GC (Allocation Failure) [PSYoungGen: 311296K->116928K(500736K)] 459961K->265593K(1899008K), 0.0407146 secs] [Times: user=0.24 sys=0.00, real=0.04 secs] 
4505.411: [GC (Allocation Failure) [PSYoungGen: 440512K->146720K(505344K)] 589177K->411914K(1903616K), 0.0603996 secs] [Times: user=0.36 sys=0.00, real=0.06 secs] 
4507.554: [GC (Allocation Failure) [PSYoungGen: 470304K->113152K(511488K)] 735498K->516874K(1909760K), 0.0926372 secs] [Times: user=0.55 sys=0.00, real=0.10 secs] 
4508.863: [GC (Allocation Failure) [PSYoungGen: 443904K->156448K(487424K)] 847626K->671334K(1885696K), 0.0550640 secs] [Times: user=0.33 sys=0.00, real=0.06 secs] 
4512.047: [GC (Allocation Failure) [PSYoungGen: 487200K->112352K(515072K)] 1002086K->775159K(1913344K), 0.0900496 secs] [Times: user=0.53 sys=0.00, real=0.09 secs] 
4513.494: [GC (Allocation Failure) [PSYoungGen: 427691K->151840K(510464K)] 1090498K->923999K(1908736K), 0.1429194 secs] [Times: user=0.85 sys=0.00, real=0.15 secs] 
4516.786: [GC (GCLocker Initiated GC) [PSYoungGen: 478496K->110048K(511488K)] 1250656K->1025520K(1909760K), 0.1380026 secs] [Times: user=0.82 sys=0.00, real=0.13 secs] 
4517.694: [GC (Allocation Failure) [PSYoungGen: 435680K->159520K(485376K)] 1351200K->1182133K(1883648K), 0.0836584 secs] [Times: user=0.50 sys=0.00, real=0.09 secs] 
4521.291: [GC (Allocation Failure) [PSYoungGen: 485152K->99520K(508416K)] 1507765K->1281789K(1906688K), 0.1481202 secs] [Times: user=0.89 sys=0.00, real=0.15 secs] 
4522.769: [GC (Allocation Failure) [PSYoungGen: 415936K->156480K(473088K)] 1598205K->1432726K(1871360K), 0.1535798 secs] [Times: user=0.91 sys=0.00, real=0.15 secs] 
4522.922: [Full GC (Ergonomics) [PSYoungGen: 156480K->0K(473088K)] [ParOldGen: 1276246K->228139K(1398272K)] 1432726K->228139K(1871360K), [Metaspace: 60507K->60507K(1105920K)], 0.5925698 secs] [Times: user=2.85 sys=0.00, real=0.59 secs] 
4526.529: [GC (Allocation Failure) [PSYoungGen: 316416K->95616K(504320K)] 544555K->323755K(1902592K), 0.0654447 secs] [Times: user=0.39 sys=0.00, real=0.06 secs] 
4529.417: [GC (GCLocker Initiated GC) [PSYoungGen: 404352K->147808K(456704K)] 632491K->466108K(1854976K), 0.1493531 secs] [Times: user=0.90 sys=0.00, real=0.15 secs] 
4533.807: [GC (GCLocker Initiated GC) [PSYoungGen: 456544K->91264K(503808K)] 774846K->557534K(1902080K), 0.1531216 secs] [Times: user=0.92 sys=0.00, real=0.15 secs] 
4534.344: [GC (Allocation Failure) [PSYoungGen: 398976K->154496K(462336K)] 865299K->706644K(1860608K), 0.0567682 secs] [Times: user=0.34 sys=0.01, real=0.06 secs] 
4538.806: [GC (Allocation Failure) [PSYoungGen: 462208K->87936K(500224K)] 1014356K->794836K(1898496K), 0.1685572 secs] [Times: user=1.00 sys=0.00, real=0.16 secs] 
4539.225: [GC (Allocation Failure) [PSYoungGen: 388480K->167712K(468480K)] 1095380K->956957K(1866752K), 0.0556200 secs] [Times: user=0.33 sys=0.00, real=0.06 secs] 
4544.726: [GC (Allocation Failure) [PSYoungGen: 468256K->83360K(491520K)] 1257501K->1024077K(1889792K), 0.1664826 secs] [Times: user=0.99 sys=0.01, real=0.17 secs] 
4545.376: [GC (Allocation Failure) [PSYoungGen: 367008K->142240K(425984K)] 1307725K->1160801K(1824256K), 0.0525909 secs] [Times: user=0.31 sys=0.01, real=0.06 secs] 
4548.731: [GC (Allocation Failure) [PSYoungGen: 425888K->83168K(490496K)] 1444449K->1244134K(1888768K), 0.1294835 secs] [Times: user=0.78 sys=0.00, real=0.13 secs] 
4549.260: [GC (Allocation Failure) [PSYoungGen: 367840K->139808K(489472K)] 1528806K->1380918K(1887744K), 0.0483280 secs] [Times: user=0.28 sys=0.00, real=0.05 secs] 
4549.308: [Full GC (Ergonomics) [PSYoungGen: 139808K->0K(489472K)] [ParOldGen: 1241110K->187798K(1398272K)] 1380918K->187798K(1887744K), [Metaspace: 60507K->60507K(1105920K)], 0.4593137 secs] [Times: user=2.14 sys=0.00, real=0.46 secs] 
4553.081: [GC (Allocation Failure) [PSYoungGen: 284672K->90688K(491008K)] 472470K->278486K(1889280K), 0.0583185 secs] [Times: user=0.35 sys=0.00, real=0.06 secs] 
4554.241: [GC (Allocation Failure) [PSYoungGen: 380992K->136160K(491520K)] 568790K->412812K(1889792K), 0.0474484 secs] [Times: user=0.28 sys=0.01, real=0.05 secs] 
4558.116: [GC (Allocation Failure) [PSYoungGen: 426464K->99968K(491008K)] 703116K->503868K(1889280K), 0.0627231 secs] [Times: user=0.37 sys=0.00, real=0.06 secs] 
4561.004: [GC (Allocation Failure) [PSYoungGen: 398464K->134336K(493568K)] 802364K->636617K(1891840K), 0.0550859 secs] [Times: user=0.33 sys=0.00, real=0.06 secs] 
4562.384: [GC (Allocation Failure) [PSYoungGen: 432832K->113472K(491008K)] 935113K->740969K(1889280K), 0.0642849 secs] [Times: user=0.38 sys=0.00, real=0.07 secs] 
4565.908: [GC (Allocation Failure) [PSYoungGen: 424256K->131328K(497664K)] 1051753K->871054K(1895936K), 0.0635293 secs] [Times: user=0.38 sys=0.00, real=0.06 secs] 
4567.118: [GC (Allocation Failure) [PSYoungGen: 442112K->2592K(486912K)] 1181838K->742422K(1885184K), 0.0027918 secs] [Times: user=0.02 sys=0.00, real=0.00 secs] 
4568.893: [GC (Allocation Failure) [PSYoungGen: 305184K->135200K(438272K)] 1045014K->876707K(1836544K), 0.0306437 secs] [Times: user=0.18 sys=0.00, real=0.03 secs] 
4572.027: [GC (Allocation Failure) [PSYoungGen: 437792K->110944K(508416K)] 1179299K->978759K(1906688K), 0.0646600 secs] [Times: user=0.39 sys=0.00, real=0.06 secs] 
4574.329: [GC (Allocation Failure) [PSYoungGen: 420192K->130592K(440320K)] 1288007K->1109311K(1838592K), 0.0629954 secs] [Times: user=0.37 sys=0.00, real=0.06 secs] 
4576.883: [GC (Allocation Failure) [PSYoungGen: 439840K->1856K(485888K)] 1418559K->980615K(1884160K), 0.0025559 secs] [Times: user=0.01 sys=0.00, real=0.01 secs] 
4580.376: [GC (Allocation Failure) [PSYoungGen: 298304K->125568K(497664K)] 1277063K->1105128K(1895936K), 0.0356668 secs] [Times: user=0.20 sys=0.00, real=0.04 secs] 
4581.533: [GC (Allocation Failure) [PSYoungGen: 422016K->199648K(432640K)] 1401576K->1216816K(1830912K), 0.0616630 secs] [Times: user=0.37 sys=0.01, real=0.06 secs] 
4583.887: [GC (Allocation Failure) [PSYoungGen: 432608K->87360K(465920K)] 1449776K->1104672K(1864192K), 0.0328201 secs] [Times: user=0.18 sys=0.00, real=0.03 secs] 
4584.120: [GC (Allocation Failure) [PSYoungGen: 320320K->117664K(443904K)] 1337632K->1216761K(1842176K), 0.0507379 secs] [Times: user=0.30 sys=0.00, real=0.05 secs] 
4586.137: [GC (Allocation Failure) [PSYoungGen: 351136K->60896K(455168K)] 1450233K->1277657K(1853440K), 0.1127003 secs] [Times: user=0.67 sys=0.00, real=0.11 secs] 
4586.250: [Full GC (Ergonomics) [PSYoungGen: 60896K->0K(455168K)] [ParOldGen: 1216761K->37318K(1398272K)] 1277657K->37318K(1853440K), [Metaspace: 60507K->60507K(1105920K)], 0.1086724 secs] [Times: user=0.43 sys=0.00, real=0.11 secs] 
4587.340: [GC (Allocation Failure) [PSYoungGen: 233472K->111200K(455168K)] 270790K->148518K(1853440K), 0.0250035 secs] [Times: user=0.15 sys=0.00, real=0.02 secs] 
4589.121: [GC (Allocation Failure) [PSYoungGen: 368224K->116480K(466944K)] 405542K->256782K(1865216K), 0.0590724 secs] [Times: user=0.36 sys=0.00, real=0.06 secs] 
4591.894: [GC (Allocation Failure) [PSYoungGen: 373504K->82176K(476672K)] 513806K->338262K(1874944K), 0.0793156 secs] [Times: user=0.47 sys=0.00, real=0.08 secs] 
4592.241: [GC (Allocation Failure) [PSYoungGen: 368896K->143904K(484864K)] 624982K->476331K(1883136K), 0.0526667 secs] [Times: user=0.31 sys=0.00, real=0.05 secs] 
4595.766: [GC (Allocation Failure) [PSYoungGen: 430624K->82880K(496640K)] 763051K->559211K(1894912K), 0.1410916 secs] [Times: user=0.84 sys=0.00, real=0.15 secs] 
4596.150: [GC (Allocation Failure) [PSYoungGen: 381376K->164800K(463360K)] 857707K->718175K(1861632K), 0.0534808 secs] [Times: user=0.32 sys=0.00, real=0.05 secs] 
4598.538: [GC (Allocation Failure) [PSYoungGen: 463296K->91200K(494592K)] 1016671K->792719K(1892864K), 0.1286662 secs] [Times: user=0.77 sys=0.00, real=0.13 secs] 
4598.907: [GC (Allocation Failure) [PSYoungGen: 375872K->141632K(488960K)] 1077391K->928564K(1887232K), 0.0526071 secs] [Times: user=0.31 sys=0.00, real=0.05 secs] 
4601.533: [GC (Allocation Failure) [PSYoungGen: 426304K->83360K(489984K)] 1213236K->1011520K(1888256K), 0.1486438 secs] [Times: user=0.82 sys=0.00, real=0.15 secs] 
4602.354: [GC (Allocation Failure) [PSYoungGen: 371616K->140896K(490496K)] 1299776K->1148569K(1888768K), 0.0471627 secs] [Times: user=0.28 sys=0.00, real=0.05 secs] 
4603.908: [GC (Allocation Failure) [PSYoungGen: 429152K->96832K(486400K)] 1436825K->1236653K(1884672K), 0.0730973 secs] [Times: user=0.43 sys=0.00, real=0.07 secs] 
4605.535: [GC (GCLocker Initiated GC) [PSYoungGen: 389184K->139008K(490496K)] 1529005K->1372482K(1888768K), 0.0804432 secs] [Times: user=0.47 sys=0.00, real=0.08 secs] 
4605.615: [Full GC (Ergonomics) [PSYoungGen: 139008K->0K(490496K)] [ParOldGen: 1233473K->176824K(1398272K)] 1372482K->176824K(1888768K), [Metaspace: 60509K->60509K(1105920K)], 0.4420650 secs] [Times: user=2.07 sys=0.00, real=0.45 secs] 
4608.528: [GC (Allocation Failure) [PSYoungGen: 292352K->95328K(492032K)] 469178K->272154K(1890304K), 0.0351975 secs] [Times: user=0.21 sys=0.00, real=0.03 secs] 
4611.224: [GC (Allocation Failure) [PSYoungGen: 396384K->139008K(495616K)] 573210K->409635K(1893888K), 0.0506146 secs] [Times: user=0.30 sys=0.00, real=0.05 secs] 
4612.986: [GC (Allocation Failure) [PSYoungGen: 440064K->106208K(492544K)] 710691K->506683K(1890816K), 0.0647401 secs] [Times: user=0.39 sys=0.00, real=0.06 secs] 
4615.140: [GC (Allocation Failure) [PSYoungGen: 414432K->140960K(497664K)] 814907K->646488K(1895936K), 0.0530231 secs] [Times: user=0.31 sys=0.00, real=0.05 secs] 
4616.342: [GC (Allocation Failure) [PSYoungGen: 449184K->110176K(500224K)] 954712K->747336K(1898496K), 0.0645986 secs] [Times: user=0.39 sys=0.01, real=0.07 secs] 
4617.665: [GC (Allocation Failure) [PSYoungGen: 428128K->148800K(503808K)] 1065288K->895107K(1902080K), 0.0715255 secs] [Times: user=0.42 sys=0.00, real=0.08 secs] 
4620.873: [GC (Allocation Failure) [PSYoungGen: 466752K->109248K(507392K)] 1213059K->995955K(1905664K), 0.0754915 secs] [Times: user=0.45 sys=0.00, real=0.08 secs] 
4622.128: [GC (Allocation Failure) [PSYoungGen: 431808K->153664K(476672K)] 1318515K->1147825K(1874944K), 0.0561849 secs] [Times: user=0.33 sys=0.00, real=0.05 secs] 
4624.824: [GC (Allocation Failure) [PSYoungGen: 476224K->112288K(512512K)] 1470385K->1251577K(1910784K), 0.0785399 secs] [Times: user=0.47 sys=0.00, real=0.08 secs] 
4625.541: [GC (Allocation Failure) [PSYoungGen: 424052K->151488K(507392K)] 1563341K->1400022K(1905664K), 0.0608853 secs] [Times: user=0.36 sys=0.00, real=0.06 secs] 
4625.602: [Full GC (Ergonomics) [PSYoungGen: 151488K->0K(507392K)] [ParOldGen: 1248534K->197491K(1398272K)] 1400022K->197491K(1905664K), [Metaspace: 60509K->60509K(1105920K)], 0.4845693 secs] [Times: user=2.26 sys=0.00, real=0.49 secs] 
4629.909: [GC (Allocation Failure) [PSYoungGen: 321024K->106112K(508928K)] 518515K->303603K(1907200K), 0.0681938 secs] [Times: user=0.40 sys=0.00, real=0.07 secs] 
4630.497: [GC (Allocation Failure) [PSYoungGen: 426624K->187360K(507904K)] 624115K->488367K(1906176K), 0.0649861 secs] [Times: user=0.39 sys=0.00, real=0.06 secs] 
4634.571: [GC (GCLocker Initiated GC) [PSYoungGen: 507872K->96736K(423936K)] 808880K->552172K(1822208K), 0.1790985 secs] [Times: user=1.07 sys=0.00, real=0.18 secs] 
4635.602: [GC (Allocation Failure) [PSYoungGen: 329696K->124192K(465920K)] 785167K->670571K(1864192K), 0.0507695 secs] [Times: user=0.30 sys=0.00, real=0.05 secs] 
4638.032: [GC (Allocation Failure) [PSYoungGen: 357152K->85376K(462336K)] 903531K->738879K(1860608K), 0.0550514 secs] [Times: user=0.33 sys=0.00, real=0.06 secs] 
4638.740: [GC (Allocation Failure) [PSYoungGen: 311846K->92736K(464896K)] 965349K->831711K(1863168K), 0.0721561 secs] [Times: user=0.42 sys=0.00, real=0.07 secs] 
4639.286: [GC (Allocation Failure) [PSYoungGen: 327232K->117984K(452608K)] 1066207K->944244K(1850880K), 0.0683618 secs] [Times: user=0.40 sys=0.01, real=0.06 secs] 
4641.698: [GC (Allocation Failure) [PSYoungGen: 360160K->61952K(459776K)] 1186420K->1006324K(1858048K), 0.1406009 secs] [Times: user=0.83 sys=0.01, real=0.14 secs] 
4642.861: [GC (Allocation Failure) [PSYoungGen: 304128K->118336K(462336K)] 1248500K->1121329K(1860608K), 0.0382842 secs] [Times: user=0.23 sys=0.00, real=0.04 secs] 
4644.775: [GC (Allocation Failure) [PSYoungGen: 380480K->104000K(471040K)] 1383473K->1216913K(1869312K), 0.0589781 secs] [Times: user=0.35 sys=0.00, real=0.06 secs] 
4647.020: [GC (Allocation Failure) [PSYoungGen: 366144K->98112K(477696K)] 1479057K->1315033K(1875968K), 0.0809688 secs] [Times: user=0.48 sys=0.00, real=0.08 secs] 
4647.384: [GC (Allocation Failure) [PSYoungGen: 385856K->149664K(484864K)] 1602777K->1454874K(1883136K), 0.0573178 secs] [Times: user=0.34 sys=0.00, real=0.06 secs] 
4647.441: [Full GC (Ergonomics) [PSYoungGen: 149664K->0K(484864K)] [ParOldGen: 1305210K->252139K(1398272K)] 1454874K->252139K(1883136K), [Metaspace: 60509K->60509K(1105920K)], 0.6087323 secs] [Times: user=2.86 sys=0.00, real=0.61 secs] 
4652.041: [GC (Allocation Failure) [PSYoungGen: 287744K->78624K(498688K)] 539883K->330763K(1896960K), 0.0332108 secs] [Times: user=0.20 sys=0.00, real=0.03 secs] 
4652.335: [GC (Allocation Failure) [PSYoungGen: 375584K->149280K(446464K)] 627723K->474392K(1844736K), 0.0519823 secs] [Times: user=0.31 sys=0.00, real=0.06 secs] 
4655.043: [GC (Allocation Failure) [PSYoungGen: 446240K->90848K(498176K)] 771352K->565408K(1896448K), 0.1036506 secs] [Times: user=0.62 sys=0.00, real=0.11 secs] 
4656.209: [GC (Allocation Failure) [PSYoungGen: 384736K->144768K(494592K)] 859296K->704556K(1892864K), 0.1057563 secs] [Times: user=0.63 sys=0.01, real=0.10 secs] 
4659.778: [GC (Allocation Failure) [PSYoungGen: 438656K->86464K(494080K)] 998444K->791173K(1892352K), 0.1690209 secs] [Times: user=1.00 sys=0.00, real=0.17 secs] 
4660.211: [GC (Allocation Failure) [PSYoungGen: 381888K->146880K(495104K)] 1086597K->932101K(1893376K), 0.0544747 secs] [Times: user=0.32 sys=0.00, real=0.05 secs] 
4662.700: [GC (Allocation Failure) [PSYoungGen: 442304K->94784K(493568K)] 1227525K->1026613K(1891840K), 0.1490519 secs] [Times: user=0.89 sys=0.00, real=0.15 secs] 
4663.460: [GC (Allocation Failure) [PSYoungGen: 390720K->145504K(494592K)] 1322549K->1161690K(1892864K), 0.0539786 secs] [Times: user=0.32 sys=0.00, real=0.05 secs] 
4665.965: [GC (GCLocker Initiated GC) [PSYoungGen: 441440K->91712K(495616K)] 1457626K->1252770K(1893888K), 0.1658410 secs] [Times: user=0.99 sys=0.01, real=0.17 secs] 
4667.107: [GC (Allocation Failure) [PSYoungGen: 390720K->136512K(496640K)] 1568165K->1402114K(1894912K), 0.2113956 secs] [Times: user=1.27 sys=0.00, real=0.21 secs] 
4667.319: [Full GC (Ergonomics) [PSYoungGen: 136512K->0K(496640K)] [ParOldGen: 1265602K->209187K(1398272K)] 1402114K->209187K(1894912K), [Metaspace: 60509K->60509K(1105920K)], 0.4283913 secs] [Times: user=1.85 sys=0.00, real=0.43 secs] 
4669.975: [GC (Allocation Failure) [PSYoungGen: 299008K->90816K(494592K)] 508195K->300003K(1892864K), 0.1188454 secs] [Times: user=0.71 sys=0.00, real=0.12 secs] 
4670.456: [GC (Allocation Failure) [PSYoungGen: 394944K->149408K(498176K)] 604131K->446057K(1896448K), 0.0522481 secs] [Times: user=0.31 sys=0.00, real=0.06 secs] 
4673.650: [GC (Allocation Failure) [PSYoungGen: 453536K->91072K(501760K)] 750185K->537213K(1900032K), 0.1321575 secs] [Times: user=0.78 sys=0.00, real=0.13 secs] 
4674.553: [GC (Allocation Failure) [PSYoungGen: 379900K->139968K(500224K)] 826041K->673366K(1898496K), 0.0689346 secs] [Times: user=0.41 sys=0.00, real=0.07 secs] 
4677.676: [GC (Allocation Failure) [PSYoungGen: 444608K->98784K(495104K)] 978006K->764078K(1893376K), 0.1473804 secs] [Times: user=0.88 sys=0.00, real=0.14 secs] 
4678.488: [GC (Allocation Failure) [PSYoungGen: 405472K->150400K(498688K)] 1070766K->911523K(1896960K), 0.0701627 secs] [Times: user=0.42 sys=0.00, real=0.07 secs] 
4681.385: [GC (Allocation Failure) [PSYoungGen: 457088K->101056K(502272K)] 1218211K->1004451K(1900544K), 0.1701199 secs] [Times: user=1.02 sys=0.00, real=0.17 secs] 
4683.317: [GC (Allocation Failure) [PSYoungGen: 410304K->149024K(501760K)] 1313699K->1149320K(1900032K), 0.0486910 secs] [Times: user=0.29 sys=0.00, real=0.05 secs] 
4685.573: [GC (Allocation Failure) [PSYoungGen: 458272K->105152K(501248K)] 1458568K->1245656K(1899520K), 0.1738146 secs] [Times: user=1.03 sys=0.00, real=0.18 secs] 
4686.680: [GC (Allocation Failure) [PSYoungGen: 414912K->148032K(501760K)] 1555416K->1389717K(1900032K), 0.0517496 secs] [Times: user=0.31 sys=0.00, real=0.05 secs] 
4686.732: [Full GC (Ergonomics) [PSYoungGen: 148032K->0K(501760K)] [ParOldGen: 1241685K->197310K(1398272K)] 1389717K->197310K(1900032K), [Metaspace: 60511K->60511K(1105920K)], 0.4797546 secs] [Times: user=2.25 sys=0.00, real=0.48 secs] 
4690.335: [GC (Allocation Failure) [PSYoungGen: 309760K->102400K(502784K)] 507070K->299710K(1901056K), 0.0998401 secs] [Times: user=0.59 sys=0.00, real=0.10 secs] 
4691.884: [GC (Allocation Failure) [PSYoungGen: 412770K->148512K(503296K)] 610080K->444163K(1901568K), 0.0490745 secs] [Times: user=0.29 sys=0.01, real=0.05 secs] 
4693.784: [GC (Allocation Failure) [PSYoungGen: 460320K->105440K(502272K)] 755971K->540995K(1900544K), 0.1499127 secs] [Times: user=0.89 sys=0.01, real=0.15 secs] 
4694.953: [GC (Allocation Failure) [PSYoungGen: 402892K->145504K(503296K)] 838447K->682964K(1901568K), 0.0503451 secs] [Times: user=0.30 sys=0.00, real=0.05 secs] 
4697.207: [GC (Allocation Failure) [PSYoungGen: 458336K->103712K(503296K)] 995796K->778188K(1901568K), 0.1438472 secs] [Times: user=0.85 sys=0.00, real=0.14 secs] 
4698.417: [GC (Allocation Failure) [PSYoungGen: 407721K->146624K(504832K)] 1082197K->921225K(1903104K), 0.0496344 secs] [Times: user=0.30 sys=0.00, real=0.05 secs] 
4701.093: [GC (Allocation Failure) [PSYoungGen: 462528K->106560K(505344K)] 1237129K->1019373K(1903616K), 0.1539416 secs] [Times: user=0.91 sys=0.01, real=0.16 secs] 
4702.105: [GC (Allocation Failure) [PSYoungGen: 410125K->144544K(506368K)] 1322938K->1159834K(1904640K), 0.0503919 secs] [Times: user=0.30 sys=0.00, real=0.05 secs] 
4705.196: [GC (Allocation Failure) [PSYoungGen: 463008K->106784K(506368K)] 1478298K->1258194K(1904640K), 0.1617564 secs] [Times: user=0.97 sys=0.00, real=0.16 secs] 
4707.122: [GC (Allocation Failure) [PSYoungGen: 428320K->153600K(507904K)] 1579730K->1407999K(1906176K), 0.1268300 secs] [Times: user=0.75 sys=0.00, real=0.13 secs] 
4707.249: [Full GC (Ergonomics) [PSYoungGen: 153600K->0K(507904K)] [ParOldGen: 1254399K->206070K(1398272K)] 1407999K->206070K(1906176K), [Metaspace: 60511K->60511K(1105920K)], 0.5286604 secs] [Times: user=2.53 sys=0.00, real=0.53 secs] 
4710.839: [GC (Allocation Failure) [PSYoungGen: 321536K->98464K(509440K)] 527606K->304534K(1907712K), 0.1309917 secs] [Times: user=0.78 sys=0.00, real=0.13 secs] 
4711.860: [GC (Allocation Failure) [PSYoungGen: 416928K->156576K(475136K)] 622998K->455503K(1873408K), 0.0597293 secs] [Times: user=0.36 sys=0.00, real=0.06 secs] 
4715.029: [GC (Allocation Failure) [PSYoungGen: 475040K->96576K(505344K)] 773967K->552075K(1903616K), 0.1220019 secs] [Times: user=0.72 sys=0.00, real=0.12 secs] 
4716.339: [GC (Allocation Failure) [PSYoungGen: 406848K->150208K(460800K)] 862347K->696663K(1859072K), 0.1434972 secs] [Times: user=0.85 sys=0.00, real=0.14 secs] 
4720.114: [GC (Allocation Failure) [PSYoungGen: 460480K->99680K(504832K)] 1006935K->796247K(1903104K), 0.1492472 secs] [Times: user=0.88 sys=0.00, real=0.15 secs] 
4721.499: [GC (Allocation Failure) [PSYoungGen: 408416K->150720K(459776K)] 1104983K->936928K(1858048K), 0.1234458 secs] [Times: user=0.73 sys=0.01, real=0.12 secs] 
4723.958: [GC (Allocation Failure) [PSYoungGen: 459456K->94592K(503808K)] 1245664K->1031272K(1902080K), 0.1495917 secs] [Times: user=0.89 sys=0.00, real=0.15 secs] 
4725.630: [GC (Allocation Failure) [PSYoungGen: 401280K->149024K(456192K)] 1337960K->1174489K(1854464K), 0.1465352 secs] [Times: user=0.87 sys=0.00, real=0.15 secs] 
4728.362: [GC (Allocation Failure) [PSYoungGen: 455712K->94528K(503296K)] 1481177K->1268905K(1901568K), 0.1364903 secs] [Times: user=0.81 sys=0.01, real=0.14 secs] 
4728.742: [GC (Allocation Failure) [PSYoungGen: 400192K->153376K(459264K)] 1574569K->1416639K(1857536K), 0.0560351 secs] [Times: user=0.33 sys=0.00, real=0.06 secs] 
4728.798: [Full GC (Ergonomics) [PSYoungGen: 153376K->0K(459264K)] [ParOldGen: 1263263K->223166K(1398272K)] 1416639K->223166K(1857536K), [Metaspace: 60513K->60513K(1105920K)], 0.5348836 secs] [Times: user=2.51 sys=0.00, real=0.53 secs] 
4732.231: [GC (Allocation Failure) [PSYoungGen: 305664K->89440K(500224K)] 528830K->312606K(1898496K), 0.0447342 secs] [Times: user=0.26 sys=0.01, real=0.04 secs] 
4732.874: [GC (Allocation Failure) [PSYoungGen: 389984K->150272K(451072K)] 613150K->456911K(1849344K), 0.1068141 secs] [Times: user=0.63 sys=0.00, real=0.11 secs] 
4737.251: [GC (Allocation Failure) [PSYoungGen: 450816K->87552K(498688K)] 757455K->544591K(1896960K), 0.1509877 secs] [Times: user=0.90 sys=0.00, real=0.15 secs] 
4738.092: [GC (Allocation Failure) [PSYoungGen: 385024K->147136K(444928K)] 842063K->685696K(1843200K), 0.0519486 secs] [Times: user=0.31 sys=0.00, real=0.05 secs] 
4741.530: [GC (Allocation Failure) [PSYoungGen: 444608K->87424K(498688K)] 983168K->772944K(1896960K), 0.1600701 secs] [Times: user=0.96 sys=0.00, real=0.16 secs] 
4742.376: [GC (Allocation Failure) [PSYoungGen: 382752K->143232K(497152K)] 1068272K->912381K(1895424K), 0.0488829 secs] [Times: user=0.29 sys=0.00, real=0.05 secs] 
4745.253: [GC (Allocation Failure) [PSYoungGen: 440192K->97568K(492544K)] 1209341K->1001785K(1890816K), 0.1610353 secs] [Times: user=0.96 sys=0.01, real=0.16 secs] 
4746.634: [GC (Allocation Failure) [PSYoungGen: 395552K->144160K(495104K)] 1299769K->1142002K(1893376K), 0.0484635 secs] [Times: user=0.28 sys=0.00, real=0.05 secs] 
4748.729: [GC (Allocation Failure) [PSYoungGen: 442144K->101216K(495104K)] 1439986K->1234298K(1893376K), 0.1647215 secs] [Times: user=0.98 sys=0.00, real=0.16 secs] 
4750.749: [GC (Allocation Failure) [PSYoungGen: 404320K->145152K(497664K)] 1537402K->1375467K(1895936K), 0.0509304 secs] [Times: user=0.31 sys=0.00, real=0.05 secs] 
4750.800: [Full GC (Ergonomics) [PSYoungGen: 145152K->0K(497664K)] [ParOldGen: 1230315K->182670K(1398272K)] 1375467K->182670K(1895936K), [Metaspace: 60513K->60513K(1105920K)], 0.4421745 secs] [Times: user=2.06 sys=0.00, real=0.44 secs] 
4753.003: [GC (Allocation Failure) [PSYoungGen: 303104K->103744K(497664K)] 485774K->286414K(1895936K), 0.1005736 secs] [Times: user=0.59 sys=0.00, real=0.10 secs] 
4755.351: [GC (Allocation Failure) [PSYoungGen: 411968K->146240K(500224K)] 594638K->429963K(1898496K), 0.0517983 secs] [Times: user=0.31 sys=0.00, real=0.05 secs] 
4757.068: [GC (Allocation Failure) [PSYoungGen: 454464K->104608K(501248K)] 738187K->525827K(1899520K), 0.1556777 secs] [Times: user=0.93 sys=0.00, real=0.15 secs] 
4759.758: [GC (Allocation Failure) [PSYoungGen: 416928K->147456K(502784K)] 838147K->670120K(1901056K), 0.0514045 secs] [Times: user=0.30 sys=0.00, real=0.05 secs] 
4761.834: [GC (Allocation Failure) [PSYoungGen: 459776K->105152K(503296K)] 982440K->766080K(1901568K), 0.1613267 secs] [Times: user=0.96 sys=0.00, real=0.17 secs] 
4763.795: [GC (Allocation Failure) [PSYoungGen: 420032K->151456K(504320K)] 1080960K->913500K(1902592K), 0.0530682 secs] [Times: user=0.31 sys=0.01, real=0.06 secs] 
4766.682: [GC (Allocation Failure) [PSYoungGen: 466336K->105056K(506368K)] 1228380K->1009828K(1904640K), 0.1744048 secs] [Times: user=1.04 sys=0.01, real=0.18 secs] 
4768.638: [GC (Allocation Failure) [PSYoungGen: 419936K->150112K(505344K)] 1324708K->1156498K(1903616K), 0.0523871 secs] [Times: user=0.31 sys=0.00, real=0.05 secs] 
4771.083: [GC (GCLocker Initiated GC) [PSYoungGen: 464992K->107872K(504320K)] 1471379K->1255671K(1902592K), 0.1602026 secs] [Times: user=0.96 sys=0.00, real=0.16 secs] 
4772.213: [GC (Allocation Failure) [PSYoungGen: 422752K->143616K(504832K)] 1586969K->1412228K(1903104K), 0.2475030 secs] [Times: user=1.47 sys=0.00, real=0.25 secs] 
4772.460: [Full GC (Ergonomics) [PSYoungGen: 143616K->0K(504832K)] [ParOldGen: 1268612K->211157K(1398272K)] 1412228K->211157K(1903104K), [Metaspace: 60513K->60513K(1105920K)], 0.4371866 secs] [Times: user=1.94 sys=0.00, real=0.44 secs] 
4777.222: [GC (Allocation Failure) [PSYoungGen: 314880K->93408K(508416K)] 526037K->304565K(1906688K), 0.1574455 secs] [Times: user=0.94 sys=0.00, real=0.16 secs] 
4777.960: [GC (Allocation Failure) [PSYoungGen: 411872K->159008K(477696K)] 623029K->457638K(1875968K), 0.0541291 secs] [Times: user=0.32 sys=0.00, real=0.05 secs] 
4780.918: [GC (Allocation Failure) [PSYoungGen: 477472K->98464K(504832K)] 776102K->556174K(1903104K), 0.1334074 secs] [Times: user=0.80 sys=0.00, real=0.13 secs] 
4781.297: [GC (Allocation Failure) [PSYoungGen: 406688K->154912K(463360K)] 864398K->705479K(1861632K), 0.0562186 secs] [Times: user=0.34 sys=0.00, real=0.05 secs] 
4784.803: [GC (Allocation Failure) [PSYoungGen: 463136K->90592K(501248K)] 1013703K->796199K(1899520K), 0.1062055 secs] [Times: user=0.63 sys=0.00, real=0.11 secs] 
4785.988: [GC (Allocation Failure) [PSYoungGen: 393184K->166912K(470016K)] 1098791K->957164K(1868288K), 0.1433449 secs] [Times: user=0.86 sys=0.00, real=0.14 secs] 
4788.750: [GC (Allocation Failure) [PSYoungGen: 469504K->90944K(494080K)] 1259756K->1031836K(1892352K), 0.1545299 secs] [Times: user=0.93 sys=0.00, real=0.15 secs] 
4790.120: [GC (Allocation Failure) [PSYoungGen: 378688K->142144K(430080K)] 1319580K->1168553K(1828352K), 0.1310918 secs] [Times: user=0.78 sys=0.00, real=0.13 secs] 
4793.355: [GC (Allocation Failure) [PSYoungGen: 429888K->84416K(492544K)] 1456297K->1253065K(1890816K), 0.1681880 secs] [Times: user=1.00 sys=0.00, real=0.17 secs] 
4794.171: [GC (Allocation Failure) [PSYoungGen: 373184K->140896K(491520K)] 1541833K->1390122K(1889792K), 0.0485153 secs] [Times: user=0.29 sys=0.00, real=0.05 secs] 
4794.219: [Full GC (Ergonomics) [PSYoungGen: 140896K->0K(491520K)] [ParOldGen: 1249226K->196868K(1398272K)] 1390122K->196868K(1889792K), [Metaspace: 60514K->59606K(1105920K)], 0.4844354 secs] [Times: user=2.24 sys=0.00, real=0.48 secs] 
4796.601: [GC (Allocation Failure) [PSYoungGen: 288768K->94432K(493056K)] 485636K->291300K(1891328K), 0.0959967 secs] [Times: user=0.56 sys=0.00, real=0.10 secs] 
4798.307: [GC (Allocation Failure) [PSYoungGen: 388832K->141120K(493568K)] 585700K->428221K(1891840K), 0.0464123 secs] [Times: user=0.27 sys=0.00, real=0.04 secs] 
4799.814: [GC (Allocation Failure) [PSYoungGen: 435520K->100384K(492544K)] 722621K->519549K(1890816K), 0.1130415 secs] [Times: user=0.67 sys=0.00, real=0.12 secs] 
4802.300: [GC (Allocation Failure) [PSYoungGen: 401440K->141728K(496128K)] 820605K->657953K(1894400K), 0.0495263 secs] [Times: user=0.29 sys=0.00, real=0.05 secs] 
4803.551: [GC (Allocation Failure) [PSYoungGen: 442784K->105152K(495104K)] 959009K->753754K(1893376K), 0.0673247 secs] [Times: user=0.40 sys=0.00, real=0.07 secs] 
4805.420: [GC (Allocation Failure) [PSYoungGen: 413376K->143648K(499200K)] 1061978K->894694K(1897472K), 0.0517826 secs] [Times: user=0.31 sys=0.00, real=0.05 secs] 
4806.790: [GC (Allocation Failure) [PSYoungGen: 451872K->109312K(500224K)] 1202918K->994434K(1898496K), 0.0873786 secs] [Times: user=0.52 sys=0.00, real=0.09 secs] 
4808.736: [GC (Allocation Failure) [PSYoungGen: 424704K->148032K(503296K)] 1309826K->1140411K(1901568K), 0.0544708 secs] [Times: user=0.33 sys=0.00, real=0.05 secs] 
4811.775: [GC (Allocation Failure) [PSYoungGen: 463424K->108000K(506880K)] 1455803K->1239483K(1905152K), 0.1652627 secs] [Times: user=0.98 sys=0.01, real=0.17 secs] 
4813.731: [GC (Allocation Failure) [PSYoungGen: 428000K->152192K(507392K)] 1559483K->1388420K(1905664K), 0.0541257 secs] [Times: user=0.32 sys=0.00, real=0.05 secs] 
4813.785: [Full GC (Ergonomics) [PSYoungGen: 152192K->0K(507392K)] [ParOldGen: 1236228K->188246K(1398272K)] 1388420K->188246K(1905664K), [Metaspace: 59609K->59609K(1105920K)], 0.4564056 secs] [Times: user=2.14 sys=0.00, real=0.46 secs] 
4815.610: [GC (Allocation Failure) [PSYoungGen: 320000K->112192K(507392K)] 508246K->300438K(1905664K), 0.0650458 secs] [Times: user=0.38 sys=0.00, real=0.06 secs] 
4816.219: [GC (GCLocker Initiated GC) [PSYoungGen: 432192K->156576K(476672K)] 620438K->453759K(1874944K), 0.0550884 secs] [Times: user=0.32 sys=0.00, real=0.05 secs] 
4820.115: [GC (Allocation Failure) [PSYoungGen: 476576K->101568K(507904K)] 773794K->555346K(1906176K), 0.1655153 secs] [Times: user=0.98 sys=0.00, real=0.17 secs] 
4820.908: [GC (Allocation Failure) [PSYoungGen: 416448K->155968K(471040K)] 870226K->701335K(1869312K), 0.0554655 secs] [Times: user=0.33 sys=0.00, real=0.05 secs] 
4823.291: [GC (Allocation Failure) [PSYoungGen: 470848K->97920K(504832K)] 1016215K->798751K(1903104K), 0.1056315 secs] [Times: user=0.63 sys=0.00, real=0.11 secs] 
4823.672: [GC (GCLocker Initiated GC) [PSYoungGen: 406656K->152160K(461312K)] 1107493K->945118K(1859584K), 0.0553614 secs] [Times: user=0.32 sys=0.00, real=0.06 secs] 
4827.003: [GC (Allocation Failure) [PSYoungGen: 460896K->95232K(502784K)] 1253888K->1040192K(1901056K), 0.1460387 secs] [Times: user=0.87 sys=0.01, real=0.15 secs] 
4827.419: [GC (Allocation Failure) [PSYoungGen: 400384K->151744K(457216K)] 1345344K->1186057K(1855488K), 0.0556671 secs] [Times: user=0.33 sys=0.01, real=0.05 secs] 
4830.494: [GC (Allocation Failure) [PSYoungGen: 456896K->90624K(500736K)] 1491209K->1276409K(1899008K), 0.1505855 secs] [Times: user=0.89 sys=0.00, real=0.15 secs] 
4830.984: [GC (Allocation Failure) [PSYoungGen: 392192K->151360K(453120K)] 1577977K->1421598K(1851392K), 0.0545996 secs] [Times: user=0.33 sys=0.00, real=0.06 secs] 
4831.039: [Full GC (Ergonomics) [PSYoungGen: 151360K->0K(453120K)] [ParOldGen: 1270238K->219245K(1398272K)] 1421598K->219245K(1851392K), [Metaspace: 59609K->59609K(1105920K)], 0.5165711 secs] [Times: user=2.40 sys=0.00, real=0.51 secs] 
4834.206: [GC (Allocation Failure) [PSYoungGen: 301568K->89536K(499200K)] 520813K->308781K(1897472K), 0.1318840 secs] [Times: user=0.78 sys=0.00, real=0.13 secs] 
4835.207: [GC (Allocation Failure) [PSYoungGen: 388032K->147776K(446464K)] 607277K->450610K(1844736K), 0.1266603 secs] [Times: user=0.75 sys=0.00, real=0.12 secs] 
4839.031: [GC (Allocation Failure) [PSYoungGen: 446272K->87968K(498688K)] 749106K->538298K(1896960K), 0.1217316 secs] [Times: user=0.72 sys=0.00, real=0.12 secs] 
4840.373: [GC (Allocation Failure) [PSYoungGen: 375515K->139488K(437248K)] 825846K->673603K(1835520K), 0.0488219 secs] [Times: user=0.29 sys=0.01, real=0.05 secs] 
4842.329: [GC (Allocation Failure) [PSYoungGen: 436960K->99968K(499712K)] 971075K->764675K(1897984K), 0.1621213 secs] [Times: user=0.97 sys=0.00, real=0.16 secs] 
4843.081: [GC (Allocation Failure) [PSYoungGen: 401024K->148032K(496128K)] 1065731K->909700K(1894400K), 0.0494771 secs] [Times: user=0.29 sys=0.00, real=0.05 secs] 
4845.084: [GC (Allocation Failure) [PSYoungGen: 449088K->99616K(499712K)] 1210756K->1000988K(1897984K), 0.1301488 secs] [Times: user=0.77 sys=0.01, real=0.13 secs] 
4846.569: [GC (Allocation Failure) [PSYoungGen: 405280K->145728K(500224K)] 1306652K->1143373K(1898496K), 0.0495064 secs] [Times: user=0.29 sys=0.00, real=0.05 secs] 
4849.366: [GC (Allocation Failure) [PSYoungGen: 451392K->103776K(498176K)] 1449037K->1238561K(1896448K), 0.0994842 secs] [Times: user=0.59 sys=0.00, real=0.09 secs] 
4850.760: [GC (Allocation Failure) [PSYoungGen: 411488K->149024K(500224K)] 1546273K->1384282K(1898496K), 0.0519821 secs] [Times: user=0.31 sys=0.00, real=0.05 secs] 
4850.812: [Full GC (Ergonomics) [PSYoungGen: 149024K->0K(500224K)] [ParOldGen: 1235258K->191882K(1398272K)] 1384282K->191882K(1898496K), [Metaspace: 59610K->59610K(1105920K)], 0.4724686 secs] [Times: user=2.20 sys=0.00, real=0.47 secs] 
4854.646: [GC (Allocation Failure) [PSYoungGen: 307712K->99008K(503808K)] 499594K->290890K(1902080K), 0.0446874 secs] [Times: user=0.26 sys=0.00, real=0.05 secs] 
4856.429: [GC (Allocation Failure) [PSYoungGen: 409280K->148416K(503296K)] 601162K->435947K(1901568K), 0.0702589 secs] [Times: user=0.42 sys=0.00, real=0.07 secs] 
4858.425: [GC (Allocation Failure) [PSYoungGen: 458688K->104512K(501248K)] 746219K->532159K(1899520K), 0.1005559 secs] [Times: user=0.59 sys=0.00, real=0.10 secs] 
4859.659: [GC (Allocation Failure) [PSYoungGen: 414784K->149440K(502272K)] 842431K->678508K(1900544K), 0.0527597 secs] [Times: user=0.31 sys=0.00, real=0.05 secs] 
4862.310: [GC (Allocation Failure) [PSYoungGen: 459712K->102784K(503808K)] 988780K->772860K(1902080K), 0.1681161 secs] [Times: user=1.00 sys=0.00, real=0.17 secs] 
4864.010: [GC (Allocation Failure) [PSYoungGen: 414592K->148576K(503808K)] 1084668K->918068K(1902080K), 0.0773868 secs] [Times: user=0.46 sys=0.00, real=0.08 secs] 
4866.825: [GC (Allocation Failure) [PSYoungGen: 460384K->102368K(503296K)] 1229876K->1011996K(1901568K), 0.1701311 secs] [Times: user=1.01 sys=0.00, real=0.17 secs] 
4868.063: [GC (Allocation Failure) [PSYoungGen: 414123K->151072K(503808K)] 1323752K->1160127K(1902080K), 0.0517172 secs] [Times: user=0.31 sys=0.00, real=0.05 secs] 
4870.270: [GC (GCLocker Initiated GC) [PSYoungGen: 463392K->102816K(504320K)] 1472448K->1254537K(1902592K), 0.1654657 secs] [Times: user=0.99 sys=0.00, real=0.17 secs] 
4871.636: [GC (Allocation Failure) [PSYoungGen: 414624K->142400K(503808K)] 1582762K->1409649K(1902080K), 0.3732224 secs] [Times: user=2.23 sys=0.01, real=0.37 secs] 
4872.009: [Full GC (Ergonomics) [PSYoungGen: 142400K->0K(503808K)] [ParOldGen: 1267249K->207808K(1398272K)] 1409649K->207808K(1902080K), [Metaspace: 59611K->59611K(1105920K)], 0.4195548 secs] [Times: user=1.87 sys=0.00, real=0.42 secs] 
4876.150: [GC (Allocation Failure) [PSYoungGen: 311808K->93184K(505344K)] 519616K->300992K(1903616K), 0.1731496 secs] [Times: user=1.04 sys=0.00, real=0.17 secs] 
4877.047: [GC (Allocation Failure) [PSYoungGen: 408064K->153696K(468992K)] 615872K->451541K(1867264K), 0.0544803 secs] [Times: user=0.33 sys=0.01, real=0.05 secs] 
4880.367: [GC (Allocation Failure) [PSYoungGen: 468576K->95200K(504832K)] 766421K->546917K(1903104K), 0.1290930 secs] [Times: user=0.77 sys=0.00, real=0.13 secs] 
4881.595: [GC (GCLocker Initiated GC) [PSYoungGen: 404448K->153792K(463360K)] 856165K->695154K(1861632K), 0.0892084 secs] [Times: user=0.54 sys=0.01, real=0.09 secs] 
4885.595: [GC (Allocation Failure) [PSYoungGen: 463040K->88864K(501248K)] 1004404K->784140K(1899520K), 0.1626949 secs] [Times: user=0.97 sys=0.00, real=0.17 secs] 
4886.772: [GC (Allocation Failure) [PSYoungGen: 391456K->151616K(454656K)] 1086732K->930105K(1852928K), 0.0527073 secs] [Times: user=0.31 sys=0.00, real=0.05 secs] 
4890.016: [GC (Allocation Failure) [PSYoungGen: 452601K->87264K(499200K)] 1231091K->1017357K(1897472K), 0.1614527 secs] [Times: user=0.95 sys=0.01, real=0.16 secs] 
4890.575: [GC (Allocation Failure) [PSYoungGen: 371040K->138336K(437248K)] 1301134K->1152282K(1835520K), 0.0488497 secs] [Times: user=0.29 sys=0.00, real=0.05 secs] 
4893.646: [GC (Allocation Failure) [PSYoungGen: 436832K->96544K(499712K)] 1450778K->1240142K(1897984K), 0.1635366 secs] [Times: user=0.97 sys=0.00, real=0.17 secs] 
4894.686: [GC (Allocation Failure) [PSYoungGen: 398112K->146432K(496640K)] 1541710K->1382907K(1894912K), 0.0487105 secs] [Times: user=0.29 sys=0.00, real=0.04 secs] 
4894.735: [Full GC (Ergonomics) [PSYoungGen: 146432K->0K(496640K)] [ParOldGen: 1236475K->189326K(1398272K)] 1382907K->189326K(1894912K), [Metaspace: 59611K->59611K(1105920K)], 0.4567463 secs] [Times: user=2.14 sys=0.00, real=0.46 secs] 
4897.822: [GC (GCLocker Initiated GC) [PSYoungGen: 301568K->99808K(499200K)] 490895K->289135K(1897472K), 0.0422245 secs] [Times: user=0.25 sys=0.00, real=0.04 secs] 
4899.692: [GC (Allocation Failure) [PSYoungGen: 405984K->155040K(461312K)] 595314K->439994K(1859584K), 0.0500564 secs] [Times: user=0.29 sys=0.00, real=0.05 secs] 
4901.209: [GC (Allocation Failure) [PSYoungGen: 461216K->106560K(504320K)] 746170K->528830K(1902592K), 0.1099718 secs] [Times: user=0.65 sys=0.00, real=0.11 secs] 
4901.967: [GC (Allocation Failure) [PSYoungGen: 411712K->148768K(499712K)] 833982K->674388K(1897984K), 0.0529208 secs] [Times: user=0.31 sys=0.00, real=0.05 secs] 
4904.802: [GC (Allocation Failure) [PSYoungGen: 453902K->101472K(500224K)] 979523K->767108K(1898496K), 0.1405421 secs] [Times: user=0.83 sys=0.00, real=0.14 secs] 
4905.647: [GC (Allocation Failure) [PSYoungGen: 408160K->148096K(500736K)] 1073796K->912281K(1899008K), 0.0545016 secs] [Times: user=0.33 sys=0.00, real=0.05 secs] 
4908.286: [GC (Allocation Failure) [PSYoungGen: 454784K->100640K(501248K)] 1218969K->1004397K(1899520K), 0.1390577 secs] [Times: user=0.82 sys=0.00, real=0.13 secs] 
4909.754: [GC (Allocation Failure) [PSYoungGen: 408864K->148672K(501760K)] 1312621K->1149318K(1900032K), 0.0520085 secs] [Times: user=0.30 sys=0.00, real=0.06 secs] 
4912.195: [GC (Allocation Failure) [PSYoungGen: 456896K->105664K(500736K)] 1457542K->1246206K(1899008K), 0.1102234 secs] [Times: user=0.66 sys=0.00, real=0.11 secs] 
4913.781: [GC (Allocation Failure) [PSYoungGen: 414912K->146464K(501760K)] 1555454K->1388843K(1900032K), 0.0529235 secs] [Times: user=0.31 sys=0.00, real=0.05 secs] 
4913.834: [Full GC (Ergonomics) [PSYoungGen: 146464K->0K(501760K)] [ParOldGen: 1242379K->186818K(1398272K)] 1388843K->186818K(1900032K), [Metaspace: 59611K->59611K(1105920K)], 0.4481808 secs] [Times: user=2.09 sys=0.00, real=0.45 secs] 
4915.809: [GC (Allocation Failure) [PSYoungGen: 309248K->107424K(500736K)] 496066K->294242K(1899008K), 0.0754906 secs] [Times: user=0.44 sys=0.01, real=0.07 secs] 
4916.700: [GC (Allocation Failure) [PSYoungGen: 419744K->152320K(502784K)] 606562K->442515K(1901056K), 0.0526645 secs] [Times: user=0.31 sys=0.00, real=0.05 secs] 
4918.968: [GC (Allocation Failure) [PSYoungGen: 464640K->105856K(505344K)] 754835K->539351K(1903616K), 0.1678987 secs] [Times: user=0.99 sys=0.01, real=0.17 secs] 
4920.359: [GC (Allocation Failure) [PSYoungGen: 414339K->147680K(504832K)] 847834K->683112K(1903104K), 0.0502041 secs] [Times: user=0.30 sys=0.00, real=0.05 secs] 
4922.910: [GC (Allocation Failure) [PSYoungGen: 461536K->105792K(503808K)] 996968K->779924K(1902080K), 0.1556807 secs] [Times: user=0.93 sys=0.01, real=0.15 secs] 
4923.609: [GC (Allocation Failure) [PSYoungGen: 406676K->145184K(504832K)] 1080809K->921575K(1903104K), 0.0511348 secs] [Times: user=0.30 sys=0.01, real=0.05 secs] 
4928.320: [GC (Allocation Failure) [PSYoungGen: 460064K->101728K(505856K)] 1236455K->1014615K(1904128K), 0.1575647 secs] [Times: user=0.93 sys=0.00, real=0.16 secs] 
4929.601: [GC (Allocation Failure) [PSYoungGen: 416793K->149024K(506880K)] 1329681K->1159956K(1905152K), 0.0503647 secs] [Times: user=0.29 sys=0.01, real=0.05 secs] 
4931.883: [GC (Allocation Failure) [PSYoungGen: 466976K->108480K(506368K)] 1477908K->1259596K(1904640K), 0.1726474 secs] [Times: user=1.03 sys=0.01, real=0.17 secs] 
4932.854: [GC (Allocation Failure) [PSYoungGen: 426944K->155456K(474112K)] 1578060K->1411265K(1872384K), 0.0528629 secs] [Times: user=0.32 sys=0.00, real=0.06 secs] 
4932.907: [Full GC (Ergonomics) [PSYoungGen: 155456K->0K(474112K)] [ParOldGen: 1255809K->208827K(1398272K)] 1411265K->208827K(1872384K), [Metaspace: 59676K->59676K(1105920K)], 0.5208374 secs] [Times: user=2.42 sys=0.00, real=0.52 secs] 
4936.610: [GC (Allocation Failure) [PSYoungGen: 318464K->95584K(506368K)] 527291K->304411K(1904640K), 0.1282599 secs] [Times: user=0.76 sys=0.00, real=0.13 secs] 
4937.434: [GC (Allocation Failure) [PSYoungGen: 408928K->169696K(483328K)] 617755K->468162K(1881600K), 0.0545254 secs] [Times: user=0.32 sys=0.00, real=0.06 secs] 
4939.699: [GC (Allocation Failure) [PSYoungGen: 483040K->101056K(499200K)] 781506K->551810K(1897472K), 0.1318015 secs] [Times: user=0.78 sys=0.00, real=0.13 secs] 
4940.233: [GC (GCLocker Initiated GC) [PSYoungGen: 398016K->149088K(496640K)] 848770K->695631K(1894912K), 0.0640214 secs] [Times: user=0.33 sys=0.00, real=0.07 secs] 
4943.533: [GC (Allocation Failure) [PSYoungGen: 446048K->87776K(497664K)] 992605K->783581K(1895936K), 0.1525891 secs] [Times: user=0.91 sys=0.00, real=0.16 secs] 
4944.331: [GC (Allocation Failure) [PSYoungGen: 384736K->147552K(497664K)] 1080541K->925498K(1895936K), 0.0531984 secs] [Times: user=0.32 sys=0.00, real=0.05 secs] 
4945.916: [GC (Allocation Failure) [PSYoungGen: 440921K->89856K(496640K)] 1218868K->1014962K(1894912K), 0.0913739 secs] [Times: user=0.54 sys=0.00, real=0.10 secs] 
4946.564: [GC (Allocation Failure) [PSYoungGen: 375055K->137728K(497152K)] 1300161K->1149603K(1895424K), 0.0717581 secs] [Times: user=0.43 sys=0.01, real=0.07 secs] 
4949.094: [GC (Allocation Failure) [PSYoungGen: 434688K->93760K(496128K)] 1446563K->1235235K(1894400K), 0.1471099 secs] [Times: user=0.88 sys=0.00, real=0.15 secs] 
4950.721: [GC (Allocation Failure) [PSYoungGen: 394304K->145472K(496640K)] 1535779K->1377000K(1894912K), 0.0486838 secs] [Times: user=0.29 sys=0.00, real=0.05 secs] 
4950.770: [Full GC (Ergonomics) [PSYoungGen: 145472K->0K(496640K)] [ParOldGen: 1231528K->184294K(1398272K)] 1377000K->184294K(1894912K), [Metaspace: 59694K->59694K(1105920K)], 0.4450671 secs] [Times: user=2.07 sys=0.00, real=0.44 secs] 
4953.155: [GC (Allocation Failure) [PSYoungGen: 300544K->100896K(497152K)] 484838K->285190K(1895424K), 0.0977312 secs] [Times: user=0.58 sys=0.01, real=0.10 secs] 
4954.520: [GC (Allocation Failure) [PSYoungGen: 406048K->146048K(499200K)] 590342K->428391K(1897472K), 0.0502829 secs] [Times: user=0.30 sys=0.01, real=0.05 secs] 
4956.288: [GC (Allocation Failure) [PSYoungGen: 450758K->105408K(499200K)] 733101K->524599K(1897472K), 0.1432977 secs] [Times: user=0.85 sys=0.00, real=0.14 secs] 
4958.011: [GC (Allocation Failure) [PSYoungGen: 414656K->146912K(501248K)] 833847K->669251K(1899520K), 0.0671379 secs] [Times: user=0.40 sys=0.00, real=0.07 secs] 
4961.971: [GC (Allocation Failure) [PSYoungGen: 455887K->102240K(502784K)] 978227K->763131K(1901056K), 0.1182855 secs] [Times: user=0.70 sys=0.00, real=0.12 secs] 
4963.702: [GC (Allocation Failure) [PSYoungGen: 415072K->150496K(503808K)] 1075963K->911516K(1902080K), 0.1268707 secs] [Times: user=0.75 sys=0.00, real=0.13 secs] 
4965.851: [GC (Allocation Failure) [PSYoungGen: 463328K->103648K(504832K)] 1224348K->1007004K(1903104K), 0.1056606 secs] [Times: user=0.63 sys=0.00, real=0.11 secs] 
4967.437: [GC (Allocation Failure) [PSYoungGen: 416480K->151072K(464384K)] 1319836K->1154361K(1862656K), 0.0515805 secs] [Times: user=0.30 sys=0.00, real=0.05 secs] 
4971.303: [GC (Allocation Failure) [PSYoungGen: 463904K->106176K(507392K)] 1467193K->1251825K(1905664K), 0.1708824 secs] [Times: user=1.02 sys=0.00, real=0.17 secs] 
4972.691: [GC (Allocation Failure) [PSYoungGen: 418496K->149632K(503808K)] 1564145K->1397470K(1902080K), 0.0520258 secs] [Times: user=0.30 sys=0.00, real=0.05 secs] 
4972.743: [Full GC (Ergonomics) [PSYoungGen: 149632K->0K(503808K)] [ParOldGen: 1247838K->195922K(1398272K)] 1397470K->195922K(1902080K), [Metaspace: 59697K->59697K(1105920K)], 0.4720332 secs] [Times: user=2.21 sys=0.00, real=0.47 secs] 
4975.519: [GC (Allocation Failure) [PSYoungGen: 312320K->103872K(503808K)] 508242K->299794K(1902080K), 0.0759947 secs] [Times: user=0.45 sys=0.00, real=0.07 secs] 
4976.587: [GC (Allocation Failure) [PSYoungGen: 408281K->147680K(504320K)] 604204K->443565K(1902592K), 0.0495003 secs] [Times: user=0.30 sys=0.00, real=0.05 secs] 
4978.703: [GC (Allocation Failure) [PSYoungGen: 461024K->107840K(503808K)] 756909K->542977K(1902080K), 0.0940971 secs] [Times: user=0.56 sys=0.00, real=0.10 secs] 
4979.379: [GC (Allocation Failure) [PSYoungGen: 422720K->152160K(504832K)] 857857K->692163K(1903104K), 0.0525754 secs] [Times: user=0.31 sys=0.01, real=0.05 secs] 
4982.132: [GC (Allocation Failure) [PSYoungGen: 467040K->97600K(506880K)] 1007043K->789643K(1905152K), 0.1442821 secs] [Times: user=0.86 sys=0.00, real=0.15 secs] 
4983.129: [GC (Allocation Failure) [PSYoungGen: 410944K->154592K(467968K)] 1102987K->939036K(1866240K), 0.1033358 secs] [Times: user=0.62 sys=0.01, real=0.10 secs] 
4987.334: [GC (Allocation Failure) [PSYoungGen: 467936K->92544K(503296K)] 1252380K->1031316K(1901568K), 0.1767970 secs] [Times: user=1.05 sys=0.00, real=0.18 secs] 
4987.922: [GC (Allocation Failure) [PSYoungGen: 399232K->153920K(460800K)] 1338004K->1179425K(1859072K), 0.0544428 secs] [Times: user=0.32 sys=0.00, real=0.06 secs] 
4991.333: [GC (Allocation Failure) [PSYoungGen: 460608K->90528K(500736K)] 1486113K->1270109K(1899008K), 0.1656082 secs] [Times: user=0.99 sys=0.00, real=0.17 secs] 
4991.911: [GC (Allocation Failure) [PSYoungGen: 392096K->151584K(453632K)] 1571677K->1415786K(1851904K), 0.0545909 secs] [Times: user=0.32 sys=0.00, real=0.06 secs] 
4991.966: [Full GC (Ergonomics) [PSYoungGen: 151584K->0K(453632K)] [ParOldGen: 1264202K->212812K(1398272K)] 1415786K->212812K(1851904K), [Metaspace: 59697K->59697K(1105920K)], 0.5077556 secs] [Times: user=2.39 sys=0.00, real=0.50 secs] 
4995.972: [GC (Allocation Failure) [PSYoungGen: 298665K->87232K(498176K)] 511477K->300044K(1896448K), 0.1496533 secs] [Times: user=0.89 sys=0.00, real=0.15 secs] 
4996.982: [GC (Allocation Failure) [PSYoungGen: 372673K->138592K(435712K)] 585486K->434453K(1833984K), 0.0479490 secs] [Times: user=0.29 sys=0.01, real=0.05 secs] 
4999.463: [GC (Allocation Failure) [PSYoungGen: 435552K->96704K(498176K)] 731413K->522189K(1896448K), 0.1529290 secs] [Times: user=0.91 sys=0.00, real=0.16 secs] 
5000.284: [GC (Allocation Failure) [PSYoungGen: 396224K->146944K(495616K)] 821709K->665714K(1893888K), 0.0483832 secs] [Times: user=0.29 sys=0.00, real=0.05 secs] 
5003.375: [GC (Allocation Failure) [PSYoungGen: 446464K->95648K(499712K)] 965234K->753170K(1897984K), 0.1614690 secs] [Times: user=0.96 sys=0.00, real=0.17 secs] 
5004.555: [GC (Allocation Failure) [PSYoungGen: 400288K->145888K(500224K)] 1057810K->896783K(1898496K), 0.0493882 secs] [Times: user=0.29 sys=0.00, real=0.05 secs] 
5006.512: [GC (Allocation Failure) [PSYoungGen: 450528K->103552K(496640K)] 1201423K->991655K(1894912K), 0.0867467 secs] [Times: user=0.52 sys=0.00, real=0.09 secs] 
5007.728: [GC (Allocation Failure) [PSYoungGen: 409728K->147328K(499200K)] 1297831K->1136984K(1897472K), 0.0613015 secs] [Times: user=0.36 sys=0.00, real=0.06 secs] 
5010.089: [GC (Allocation Failure) [PSYoungGen: 453504K->102784K(501248K)] 1443160K->1231656K(1899520K), 0.1653759 secs] [Times: user=0.98 sys=0.01, real=0.16 secs] 
5012.076: [GC (Allocation Failure) [PSYoungGen: 413056K->154240K(464896K)] 1541928K->1382989K(1863168K), 0.0530788 secs] [Times: user=0.32 sys=0.00, real=0.05 secs] 
5012.129: [Full GC (Ergonomics) [PSYoungGen: 154240K->0K(464896K)] [ParOldGen: 1228749K->181859K(1398272K)] 1382989K->181859K(1863168K), [Metaspace: 59697K->59697K(1105920K)], 0.4244273 secs] [Times: user=1.88 sys=0.00, real=0.42 secs] 
5013.981: [GC (Allocation Failure) [PSYoungGen: 310272K->106144K(505856K)] 492131K->288003K(1904128K), 0.0467879 secs] [Times: user=0.27 sys=0.00, real=0.05 secs] 
5016.477: [GC (Allocation Failure) [PSYoungGen: 414880K->147392K(501760K)] 596739K->431020K(1900032K), 0.0519743 secs] [Times: user=0.31 sys=0.00, real=0.05 secs] 
5018.184: [GC (GCLocker Initiated GC) [PSYoungGen: 456128K->105856K(500736K)] 739756K->527736K(1899008K), 0.1272632 secs] [Times: user=0.76 sys=0.00, real=0.13 secs] 
5019.612: [GC (Allocation Failure) [PSYoungGen: 416640K->149120K(502272K)] 838555K->672868K(1900544K), 0.0520465 secs] [Times: user=0.31 sys=0.00, real=0.05 secs] 
5021.350: [GC (Allocation Failure) [PSYoungGen: 459904K->107136K(502784K)] 983652K->770972K(1901056K), 0.1275786 secs] [Times: user=0.76 sys=0.00, real=0.13 secs] 
5022.265: [GC (Allocation Failure) [PSYoungGen: 420480K->152256K(503808K)] 1084316K->919897K(1902080K), 0.0524505 secs] [Times: user=0.31 sys=0.00, real=0.06 secs] 
5024.654: [GC (Allocation Failure) [PSYoungGen: 465600K->105248K(505344K)] 1233241K->1016285K(1903616K), 0.1670590 secs] [Times: user=0.99 sys=0.00, real=0.17 secs] 
5026.015: [GC (Allocation Failure) [PSYoungGen: 408047K->146272K(504320K)] 1319085K->1159034K(1902592K), 0.0642550 secs] [Times: user=0.38 sys=0.00, real=0.07 secs] 
5029.489: [GC (GCLocker Initiated GC) [PSYoungGen: 459104K->103264K(503296K)] 1471866K->1253618K(1901568K), 0.1653306 secs] [Times: user=0.98 sys=0.01, real=0.16 secs] 
5030.835: [GC (Allocation Failure) [PSYoungGen: 418144K->142848K(504832K)] 1584885K->1408437K(1903104K), 0.2339773 secs] [Times: user=1.40 sys=0.00, real=0.24 secs] 
5031.069: [Full GC (Ergonomics) [PSYoungGen: 142848K->0K(504832K)] [ParOldGen: 1265589K->206747K(1398272K)] 1408437K->206747K(1903104K), [Metaspace: 59697K->59697K(1105920K)], 0.4186703 secs] [Times: user=1.85 sys=0.00, real=0.42 secs] 
5033.225: [GC (Allocation Failure) [PSYoungGen: 314880K->99328K(505344K)] 521627K->306075K(1903616K), 0.1380013 secs] [Times: user=0.82 sys=0.00, real=0.14 secs] 
5033.772: [GC (Allocation Failure) [PSYoungGen: 417792K->159008K(477696K)] 624539K->459664K(1875968K), 0.0550823 secs] [Times: user=0.33 sys=0.00, real=0.06 secs] 
5037.346: [GC (Allocation Failure) [PSYoungGen: 477472K->96576K(505344K)] 778128K->556260K(1903616K), 0.1609040 secs] [Times: user=0.96 sys=0.00, real=0.17 secs] 
5037.774: [GC (Allocation Failure) [PSYoungGen: 406848K->153888K(464384K)] 866532K->704425K(1862656K), 0.0563653 secs] [Times: user=0.34 sys=0.01, real=0.06 secs] 
5041.205: [GC (GCLocker Initiated GC) [PSYoungGen: 464160K->91360K(502272K)] 1014697K->795589K(1900544K), 0.1576307 secs] [Times: user=0.93 sys=0.01, real=0.16 secs] 
5041.614: [GC (Allocation Failure) [PSYoungGen: 396000K->152544K(457216K)] 1100231K->942328K(1855488K), 0.0545756 secs] [Times: user=0.32 sys=0.00, real=0.06 secs] 
5044.558: [GC (Allocation Failure) [PSYoungGen: 457184K->94080K(500736K)] 1246968K->1036448K(1899008K), 0.1382584 secs] [Times: user=0.82 sys=0.00, real=0.14 secs] 
5044.959: [GC (Allocation Failure) [PSYoungGen: 394624K->147968K(498688K)] 1336992K->1178693K(1896960K), 0.0559137 secs] [Times: user=0.34 sys=0.00, real=0.05 secs] 
5047.128: [GC (GCLocker Initiated GC) [PSYoungGen: 448512K->93216K(498688K)] 1479237K->1271433K(1896960K), 0.1034056 secs] [Times: user=0.61 sys=0.00, real=0.10 secs] 
5047.511: [GC (Allocation Failure) [PSYoungGen: 393760K->165824K(466432K)] 1571980K->1431501K(1864704K), 0.0559136 secs] [Times: user=0.34 sys=0.00, real=0.06 secs] 
5047.567: [Full GC (Ergonomics) [PSYoungGen: 165824K->0K(466432K)] [ParOldGen: 1265677K->221083K(1398272K)] 1431501K->221083K(1864704K), [Metaspace: 59698K->59698K(1105920K)], 0.5314704 secs] [Times: user=2.49 sys=0.00, real=0.53 secs] 
5050.846: [GC (Allocation Failure) [PSYoungGen: 300544K->88352K(493568K)] 521627K->309435K(1891840K), 0.1337744 secs] [Times: user=0.79 sys=0.00, real=0.13 secs] 
5051.569: [GC (Allocation Failure) [PSYoungGen: 375072K->144064K(431104K)] 596155K->447312K(1829376K), 0.0517704 secs] [Times: user=0.31 sys=0.00, real=0.05 secs] 
5054.478: [GC (Allocation Failure) [PSYoungGen: 430784K->84288K(492544K)] 734032K->531608K(1890816K), 0.1533561 secs] [Times: user=0.90 sys=0.00, real=0.15 secs] 
5056.128: [GC (Allocation Failure) [PSYoungGen: 372032K->139072K(491520K)] 819352K->666969K(1889792K), 0.1218477 secs] [Times: user=0.72 sys=0.00, real=0.12 secs] 
5059.407: [GC (Allocation Failure) [PSYoungGen: 426816K->89312K(493056K)] 954713K->747745K(1891328K), 0.0761362 secs] [Times: user=0.45 sys=0.00, real=0.07 secs] 
5060.273: [GC (Allocation Failure) [PSYoungGen: 381664K->141024K(492544K)] 1040097K->886922K(1890816K), 0.0469334 secs] [Times: user=0.28 sys=0.00, real=0.05 secs] 
5062.741: [GC (Allocation Failure) [PSYoungGen: 433376K->96864K(492032K)] 1179274K->975370K(1890304K), 0.0632517 secs] [Times: user=0.38 sys=0.00, real=0.06 secs] 
5064.027: [GC (Allocation Failure) [PSYoungGen: 395360K->140960K(495104K)] 1273866K->1115458K(1893376K), 0.0498472 secs] [Times: user=0.29 sys=0.00, real=0.05 secs] 
5066.890: [GC (Allocation Failure) [PSYoungGen: 439456K->104416K(493056K)] 1413954K->1211403K(1891328K), 0.0647288 secs] [Times: user=0.39 sys=0.00, real=0.06 secs] 
5069.420: [GC (Allocation Failure) [PSYoungGen: 410080K->138144K(497664K)] 1517067K->1348436K(1895936K), 0.0583350 secs] [Times: user=0.35 sys=0.00, real=0.06 secs] 
5071.566: [GC (Allocation Failure) [PSYoungGen: 443808K->109824K(497152K)] 1654100K->1448876K(1895424K), 0.0652893 secs] [Times: user=0.39 sys=0.00, real=0.06 secs] 
5071.632: [Full GC (Ergonomics) [PSYoungGen: 109824K->0K(497152K)] [ParOldGen: 1339052K->16839K(1398272K)] 1448876K->16839K(1895424K), [Metaspace: 59699K->59699K(1105920K)], 0.0277338 secs] [Times: user=0.06 sys=0.00, real=0.03 secs] 
5074.201: [GC (Allocation Failure) [PSYoungGen: 315392K->142816K(502272K)] 332231K->159655K(1900544K), 0.0292639 secs] [Times: user=0.17 sys=0.00, real=0.03 secs] 
5076.463: [GC (Allocation Failure) [PSYoungGen: 458208K->109888K(504320K)] 475047K->260963K(1902592K), 0.0657890 secs] [Times: user=0.39 sys=0.01, real=0.07 secs] 
5079.020: [GC (Allocation Failure) [PSYoungGen: 433472K->149664K(507392K)] 584547K->408912K(1905664K), 0.0530434 secs] [Times: user=0.31 sys=0.00, real=0.05 secs] 
5080.537: [GC (Allocation Failure) [PSYoungGen: 473248K->113376K(510464K)] 732496K->513360K(1908736K), 0.1108735 secs] [Times: user=0.66 sys=0.00, real=0.11 secs] 
5082.399: [GC (Allocation Failure) [PSYoungGen: 440032K->153664K(480768K)] 840016K->664501K(1879040K), 0.0560901 secs] [Times: user=0.34 sys=0.00, real=0.05 secs] 
5086.662: [GC (Allocation Failure) [PSYoungGen: 480320K->107808K(513024K)] 991157K->763249K(1911296K), 0.1505713 secs] [Times: user=0.89 sys=0.00, real=0.15 secs] 
5087.608: [GC (Allocation Failure) [PSYoungGen: 424885K->153664K(478208K)] 1080327K->913750K(1876480K), 0.0880317 secs] [Times: user=0.51 sys=0.01, real=0.09 secs] 
5091.128: [GC (Allocation Failure) [PSYoungGen: 477760K->110752K(512000K)] 1237846K->1016014K(1910272K), 0.1606487 secs] [Times: user=0.95 sys=0.01, real=0.16 secs] 
5092.247: [GC (Allocation Failure) [PSYoungGen: 432288K->156160K(478208K)] 1337550K->1167350K(1876480K), 0.0537857 secs] [Times: user=0.32 sys=0.00, real=0.05 secs] 
5095.167: [GC (Allocation Failure) [PSYoungGen: 477696K->100256K(507904K)] 1488886K->1267215K(1906176K), 0.1702545 secs] [Times: user=1.01 sys=0.00, real=0.17 secs] 
5096.199: [GC (Allocation Failure) [PSYoungGen: 415648K->154048K(469504K)] 1582607K->1415543K(1867776K), 0.1153952 secs] [Times: user=0.68 sys=0.00, real=0.11 secs] 
5096.315: [Full GC (Ergonomics) [PSYoungGen: 154048K->0K(469504K)] [ParOldGen: 1261495K->220125K(1398272K)] 1415543K->220125K(1867776K), [Metaspace: 59699K->59699K(1105920K)], 0.5550687 secs] [Times: user=2.63 sys=0.00, real=0.56 secs] 
5100.725: [GC (Allocation Failure) [PSYoungGen: 315392K->91648K(504320K)] 535517K->311773K(1902592K), 0.1277769 secs] [Times: user=0.76 sys=0.00, real=0.13 secs] 
5101.352: [GC (Allocation Failure) [PSYoungGen: 401408K->153568K(463360K)] 621533K->459032K(1861632K), 0.0538197 secs] [Times: user=0.32 sys=0.00, real=0.06 secs] 
5103.716: [GC (Allocation Failure) [PSYoungGen: 463328K->95776K(502272K)] 768792K->554336K(1900544K), 0.1497097 secs] [Times: user=0.89 sys=0.00, real=0.14 secs] 
5104.140: [GC (GCLocker Initiated GC) [PSYoungGen: 399904K->151392K(455680K)] 858465K->699701K(1853952K), 0.0556180 secs] [Times: user=0.33 sys=0.00, real=0.06 secs] 
5106.599: [GC (Allocation Failure) [PSYoungGen: 455520K->97920K(501760K)] 1003864K->797728K(1900032K), 0.1378334 secs] [Times: user=0.82 sys=0.00, real=0.14 secs] 
5107.271: [GC (Allocation Failure) [PSYoungGen: 400512K->151872K(454656K)] 1100320K->939905K(1852928K), 0.0859513 secs] [Times: user=0.51 sys=0.00, real=0.09 secs] 
5110.755: [GC (Allocation Failure) [PSYoungGen: 454464K->88736K(499712K)] 1242497K->1028885K(1897984K), 0.1322727 secs] [Times: user=0.79 sys=0.00, real=0.14 secs] 
5111.602: [GC (Allocation Failure) [PSYoungGen: 388256K->147232K(446976K)] 1328405K->1170338K(1845248K), 0.1055174 secs] [Times: user=0.63 sys=0.01, real=0.11 secs] 
5114.712: [GC (Allocation Failure) [PSYoungGen: 446752K->87904K(499200K)] 1469858K->1257994K(1897472K), 0.1261671 secs] [Times: user=0.70 sys=0.00, real=0.13 secs] 
5115.494: [GC (Allocation Failure) [PSYoungGen: 386400K->147296K(445952K)] 1556490K->1399971K(1844224K), 0.0839473 secs] [Times: user=0.50 sys=0.01, real=0.09 secs] 
5115.578: [Full GC (Ergonomics) [PSYoungGen: 147296K->0K(445952K)] [ParOldGen: 1252675K->206969K(1398272K)] 1399971K->206969K(1844224K), [Metaspace: 59699K->59699K(1105920K)], 0.5014829 secs] [Times: user=2.36 sys=0.00, real=0.50 secs] 
5118.580: [GC (Allocation Failure) [PSYoungGen: 298496K->90336K(499712K)] 505465K->297306K(1897984K), 0.1544927 secs] [Times: user=0.93 sys=0.00, real=0.15 secs] 
5119.132: [GC (Allocation Failure) [PSYoungGen: 384043K->141088K(497664K)] 591013K->434926K(1895936K), 0.0514512 secs] [Times: user=0.30 sys=0.00, real=0.05 secs] 
5122.373: [GC (Allocation Failure) [PSYoungGen: 439584K->96128K(495616K)] 733422K->522622K(1893888K), 0.1054890 secs] [Times: user=0.63 sys=0.00, real=0.11 secs] 
5124.064: [GC (Allocation Failure) [PSYoungGen: 396672K->141344K(496640K)] 823166K->661171K(1894912K), 0.1277797 secs] [Times: user=0.76 sys=0.00, real=0.13 secs] 
5126.555: [GC (Allocation Failure) [PSYoungGen: 441888K->102688K(494592K)] 961715K->755475K(1892864K), 0.1503546 secs] [Times: user=0.90 sys=0.00, real=0.15 secs] 
5127.803: [GC (Allocation Failure) [PSYoungGen: 409376K->144320K(498688K)] 1062163K->897436K(1896960K), 0.0526902 secs] [Times: user=0.31 sys=0.00, real=0.05 secs] 
5130.165: [GC (Allocation Failure) [PSYoungGen: 450174K->105184K(500736K)] 1203290K->993756K(1899008K), 0.0700308 secs] [Times: user=0.41 sys=0.01, real=0.07 secs] 
5130.831: [GC (Allocation Failure) [PSYoungGen: 418016K->151392K(502784K)] 1306588K->1143093K(1901056K), 0.0569454 secs] [Times: user=0.34 sys=0.00, real=0.06 secs] 
5133.684: [GC (GCLocker Initiated GC) [PSYoungGen: 464224K->101504K(505856K)] 1455927K->1236455K(1904128K), 0.0830133 secs] [Times: user=0.49 sys=0.00, real=0.09 secs] 
5134.906: [GC (Allocation Failure) [PSYoungGen: 415360K->153696K(467968K)] 1550311K->1387256K(1866240K), 0.0876284 secs] [Times: user=0.52 sys=0.00, real=0.09 secs] 
5134.993: [Full GC (Ergonomics) [PSYoungGen: 153696K->0K(467968K)] [ParOldGen: 1233560K->192866K(1398272K)] 1387256K->192866K(1866240K), [Metaspace: 59729K->59729K(1105920K)], 0.4829875 secs] [Times: user=2.20 sys=0.00, real=0.49 secs] 
5137.928: [GC (Allocation Failure) [PSYoungGen: 313856K->103072K(506368K)] 506722K->295938K(1904640K), 0.0962807 secs] [Times: user=0.57 sys=0.00, real=0.09 secs] 
5139.209: [GC (Allocation Failure) [PSYoungGen: 413344K->150848K(502784K)] 606210K->442538K(1901056K), 0.0497919 secs] [Times: user=0.29 sys=0.00, real=0.05 secs] 
5141.595: [GC (Allocation Failure) [PSYoungGen: 461120K->103648K(502784K)] 752810K->537618K(1901056K), 0.1634939 secs] [Times: user=0.98 sys=0.00, real=0.17 secs] 
5142.839: [GC (Allocation Failure) [PSYoungGen: 409510K->147680K(502784K)] 843480K->681267K(1901056K), 0.0498469 secs] [Times: user=0.30 sys=0.00, real=0.05 secs] 
5144.519: [GC (Allocation Failure) [PSYoungGen: 457952K->102912K(503296K)] 991539K->775535K(1901568K), 0.1712187 secs] [Times: user=1.02 sys=0.01, real=0.17 secs] 
5146.065: [GC (Allocation Failure) [PSYoungGen: 413117K->148896K(503808K)] 1085740K->920340K(1902080K), 0.0504876 secs] [Times: user=0.30 sys=0.00, real=0.05 secs] 
5147.852: [GC (Allocation Failure) [PSYoungGen: 460704K->109184K(501248K)] 1232148K->1020272K(1899520K), 0.1034798 secs] [Times: user=0.61 sys=0.00, real=0.10 secs] 
5148.555: [GC (Allocation Failure) [PSYoungGen: 421504K->152544K(502784K)] 1332592K->1169472K(1901056K), 0.0731872 secs] [Times: user=0.44 sys=0.00, real=0.08 secs] 
5151.436: [GC (Allocation Failure) [PSYoungGen: 464864K->94272K(505856K)] 1481792K->1263808K(1904128K), 0.1400492 secs] [Times: user=0.83 sys=0.00, real=0.14 secs] 
5152.322: [GC (Allocation Failure) [PSYoungGen: 405568K->152288K(463872K)] 1575104K->1410577K(1862144K), 0.0926876 secs] [Times: user=0.55 sys=0.00, real=0.09 secs] 
5152.415: [Full GC (Ergonomics) [PSYoungGen: 152288K->0K(463872K)] [ParOldGen: 1258289K->209904K(1398272K)] 1410577K->209904K(1862144K), [Metaspace: 59730K->59730K(1105920K)], 0.5143422 secs] [Times: user=2.43 sys=0.00, real=0.52 secs] 
5156.100: [GC (Allocation Failure) [PSYoungGen: 311296K->95520K(503808K)] 521200K->305425K(1902080K), 0.1288978 secs] [Times: user=0.77 sys=0.01, real=0.13 secs] 
5156.521: [GC (Allocation Failure) [PSYoungGen: 402720K->152416K(459776K)] 612625K->452373K(1858048K), 0.0548456 secs] [Times: user=0.32 sys=0.00, real=0.06 secs] 
5159.451: [GC (GCLocker Initiated GC) [PSYoungGen: 459616K->92224K(501760K)] 759573K->544282K(1900032K), 0.1536049 secs] [Times: user=0.91 sys=0.01, real=0.15 secs] 
5159.915: [GC (Allocation Failure) [PSYoungGen: 395328K->166496K(470016K)] 847420K->705273K(1868288K), 0.0553603 secs] [Times: user=0.33 sys=0.00, real=0.06 secs] 
5163.217: [GC (Allocation Failure) [PSYoungGen: 467154K->89344K(494080K)] 1005932K->777681K(1892352K), 0.1391271 secs] [Times: user=0.82 sys=0.01, real=0.14 secs] 
5163.766: [GC (Allocation Failure) [PSYoungGen: 376059K->138176K(426496K)] 1064397K->911958K(1824768K), 0.0493387 secs] [Times: user=0.30 sys=0.00, real=0.04 secs] 
5165.653: [GC (Allocation Failure) [PSYoungGen: 426432K->95232K(492544K)] 1200214K->998638K(1890816K), 0.1468144 secs] [Times: user=0.86 sys=0.01, real=0.15 secs] 
5167.313: [GC (Allocation Failure) [PSYoungGen: 386048K->147488K(489984K)] 1289454K->1142176K(1888256K), 0.0484320 secs] [Times: user=0.29 sys=0.00, real=0.05 secs] 
5168.467: [GC (Allocation Failure) [PSYoungGen: 438304K->99552K(494592K)] 1432992K->1224424K(1892864K), 0.0625208 secs] [Times: user=0.37 sys=0.00, real=0.06 secs] 
5170.220: [GC (Allocation Failure) [PSYoungGen: 398048K->141312K(496128K)] 1522920K->1363077K(1894400K), 0.0519019 secs] [Times: user=0.30 sys=0.01, real=0.05 secs] 
5170.272: [Full GC (Ergonomics) [PSYoungGen: 141312K->0K(496128K)] [ParOldGen: 1221765K->170413K(1398272K)] 1363077K->170413K(1894400K), [Metaspace: 59730K->59730K(1105920K)], 0.4203418 secs] [Times: user=1.96 sys=0.00, real=0.42 secs] 
5171.769: [GC (Allocation Failure) [PSYoungGen: 298496K->102912K(493568K)] 468909K->273325K(1891840K), 0.0351411 secs] [Times: user=0.20 sys=0.00, real=0.03 secs] 
5173.975: [GC (Allocation Failure) [PSYoungGen: 407040K->142208K(497664K)] 577453K->413406K(1895936K), 0.0521321 secs] [Times: user=0.31 sys=0.00, real=0.06 secs] 
5175.749: [GC (Allocation Failure) [PSYoungGen: 446336K->106976K(497664K)] 717534K->511390K(1895936K), 0.0647414 secs] [Times: user=0.38 sys=0.00, real=0.06 secs] 
5178.716: [GC (Allocation Failure) [PSYoungGen: 418272K->141408K(501248K)] 822686K->651027K(1899520K), 0.0525225 secs] [Times: user=0.32 sys=0.00, real=0.06 secs] 
5179.892: [GC (Allocation Failure) [PSYoungGen: 452704K->112032K(500736K)] 962323K->753699K(1899008K), 0.0667602 secs] [Times: user=0.39 sys=0.00, real=0.07 secs] 
5181.845: [GC (Allocation Failure) [PSYoungGen: 431008K->149536K(504832K)] 1072675K->900856K(1903104K), 0.0544987 secs] [Times: user=0.33 sys=0.00, real=0.06 secs] 
5183.170: [GC (Allocation Failure) [PSYoungGen: 468512K->111840K(508416K)] 1219832K->1003376K(1906688K), 0.0802898 secs] [Times: user=0.48 sys=0.01, real=0.08 secs] 
5185.229: [GC (Allocation Failure) [PSYoungGen: 435424K->153920K(508928K)] 1326960K->1153765K(1907200K), 0.0549225 secs] [Times: user=0.33 sys=0.00, real=0.05 secs] 
5186.973: [GC (Allocation Failure) [PSYoungGen: 477504K->112768K(509952K)] 1477349K->1257529K(1908224K), 0.1684612 secs] [Times: user=1.01 sys=0.01, real=0.17 secs] 
5188.103: [GC (Allocation Failure) [PSYoungGen: 435328K->155360K(478208K)] 1580089K->1408448K(1876480K), 0.0545104 secs] [Times: user=0.32 sys=0.00, real=0.06 secs] 
5188.157: [Full GC (Ergonomics) [PSYoungGen: 155360K->0K(478208K)] [ParOldGen: 1253088K->206769K(1398272K)] 1408448K->206769K(1876480K), [Metaspace: 59730K->59730K(1105920K)], 0.4906078 secs] [Times: user=2.30 sys=0.00, real=0.49 secs] 
5190.570: [GC (Allocation Failure) [PSYoungGen: 322560K->102912K(509440K)] 529329K->309681K(1907712K), 0.1180841 secs] [Times: user=0.71 sys=0.00, real=0.12 secs] 
5190.927: [GC (Allocation Failure) [PSYoungGen: 420864K->159328K(477696K)] 627633K->463177K(1875968K), 0.0570964 secs] [Times: user=0.34 sys=0.00, real=0.05 secs] 
5193.724: [GC (Allocation Failure) [PSYoungGen: 477280K->97632K(504832K)] 781129K->560805K(1903104K), 0.1097267 secs] [Times: user=0.66 sys=0.00, real=0.11 secs] 
5194.510: [GC (Allocation Failure) [PSYoungGen: 406880K->152832K(462336K)] 870053K->708106K(1860608K), 0.1231357 secs] [Times: user=0.73 sys=0.00, real=0.12 secs] 
5197.474: [GC (GCLocker Initiated GC) [PSYoungGen: 462080K->93952K(502272K)] 1017354K->801874K(1900544K), 0.1241927 secs] [Times: user=0.73 sys=0.00, real=0.13 secs] 
5198.736: [GC (GCLocker Initiated GC) [PSYoungGen: 399104K->146848K(501760K)] 1107029K->943098K(1900032K), 0.1361773 secs] [Times: user=0.82 sys=0.00, real=0.13 secs] 
5201.538: [GC (Allocation Failure) [PSYoungGen: 452000K->94880K(500736K)] 1248252K->1037697K(1899008K), 0.1361259 secs] [Times: user=0.80 sys=0.01, real=0.13 secs] 
5202.103: [GC (Allocation Failure) [PSYoungGen: 400032K->150304K(455680K)] 1342849K->1182546K(1853952K), 0.0608139 secs] [Times: user=0.36 sys=0.00, real=0.06 secs] 
5205.415: [GC (Allocation Failure) [PSYoungGen: 455456K->91648K(501760K)] 1487698K->1273850K(1900032K), 0.1312990 secs] [Times: user=0.78 sys=0.00, real=0.14 secs] 
5205.785: [GC (Allocation Failure) [PSYoungGen: 395264K->152736K(456704K)] 1577466K->1420895K(1854976K), 0.0553693 secs] [Times: user=0.33 sys=0.00, real=0.06 secs] 
5205.841: [Full GC (Ergonomics) [PSYoungGen: 152736K->0K(456704K)] [ParOldGen: 1268159K->227291K(1398272K)] 1420895K->227291K(1854976K), [Metaspace: 59730K->59730K(1105920K)], 0.5429049 secs] [Times: user=2.55 sys=0.00, real=0.54 secs] 
5209.706: [GC (Allocation Failure) [PSYoungGen: 303616K->89344K(499200K)] 530907K->316635K(1897472K), 0.0924509 secs] [Times: user=0.55 sys=0.00, real=0.09 secs] 
5210.099: [GC (Allocation Failure) [PSYoungGen: 387840K->148160K(446976K)] 615131K->459012K(1845248K), 0.0533405 secs] [Times: user=0.32 sys=0.00, real=0.05 secs] 
5214.413: [GC (Allocation Failure) [PSYoungGen: 446656K->85952K(498176K)] 757508K->544620K(1896448K), 0.1735010 secs] [Times: user=1.03 sys=0.00, real=0.18 secs] 
5214.948: [GC (Allocation Failure) [PSYoungGen: 382912K->147712K(444928K)] 841580K->686581K(1843200K), 0.0529613 secs] [Times: user=0.31 sys=0.00, real=0.05 secs] 
5217.063: [GC (Allocation Failure) [PSYoungGen: 444672K->90464K(498688K)] 983541K->776781K(1896960K), 0.1541731 secs] [Times: user=0.91 sys=0.00, real=0.16 secs] 
5217.669: [GC (Allocation Failure) [PSYoungGen: 374166K->138048K(434688K)] 1060484K->911374K(1832960K), 0.0493023 secs] [Times: user=0.29 sys=0.00, real=0.05 secs] 
5220.585: [GC (Allocation Failure) [PSYoungGen: 434496K->93536K(497664K)] 1207822K->996602K(1895936K), 0.1735228 secs] [Times: user=1.03 sys=0.00, real=0.18 secs] 
5221.828: [GC (Allocation Failure) [PSYoungGen: 392544K->143328K(495104K)] 1295610K->1136119K(1893376K), 0.0475141 secs] [Times: user=0.28 sys=0.00, real=0.04 secs] 
5223.482: [GC (Allocation Failure) [PSYoungGen: 442336K->102976K(496128K)] 1435127K->1229807K(1894400K), 0.1443104 secs] [Times: user=0.86 sys=0.00, real=0.15 secs] 
5225.281: [GC (Allocation Failure) [PSYoungGen: 408640K->144160K(498688K)] 1535471K->1371368K(1896960K), 0.0516033 secs] [Times: user=0.30 sys=0.00, real=0.05 secs] 
5225.333: [Full GC (Ergonomics) [PSYoungGen: 144160K->0K(498688K)] [ParOldGen: 1227208K->178454K(1398272K)] 1371368K->178454K(1896960K), [Metaspace: 59730K->59730K(1105920K)], 0.4300943 secs] [Times: user=1.99 sys=0.00, real=0.43 secs] 
5227.059: [GC (Allocation Failure) [PSYoungGen: 305664K->106752K(498176K)] 484118K->285206K(1896448K), 0.0479610 secs] [Times: user=0.29 sys=0.00, real=0.05 secs] 
5229.115: [GC (Allocation Failure) [PSYoungGen: 418048K->145440K(501248K)] 596502K->428579K(1899520K), 0.0530699 secs] [Times: user=0.32 sys=0.00, real=0.06 secs] 
5232.021: [GC (Allocation Failure) [PSYoungGen: 456180K->105888K(503296K)] 739319K->525571K(1901568K), 0.0956951 secs] [Times: user=0.57 sys=0.01, real=0.10 secs] 
5233.205: [GC (Allocation Failure) [PSYoungGen: 422304K->150784K(504832K)] 841987K->673699K(1903104K), 0.0523437 secs] [Times: user=0.31 sys=0.00, real=0.06 secs] 
5235.597: [GC (Allocation Failure) [PSYoungGen: 467200K->107072K(506880K)] 990115K->772123K(1905152K), 0.1768132 secs] [Times: user=1.06 sys=0.00, real=0.17 secs] 
5236.442: [GC (Allocation Failure) [PSYoungGen: 421359K->152544K(470016K)] 1086411K->921132K(1868288K), 0.0527072 secs] [Times: user=0.31 sys=0.00, real=0.05 secs] 
5239.121: [GC (Allocation Failure) [PSYoungGen: 469984K->104448K(508928K)] 1238572K->1017044K(1907200K), 0.1525128 secs] [Times: user=0.90 sys=0.00, real=0.15 secs] 
5240.296: [GC (Allocation Failure) [PSYoungGen: 420352K->187936K(504320K)] 1332948K->1200943K(1902592K), 0.0522577 secs] [Times: user=0.31 sys=0.00, real=0.05 secs] 
5241.915: [GC (Allocation Failure) [PSYoungGen: 503840K->100128K(483840K)] 1516847K->1268015K(1882112K), 0.0985298 secs] [Times: user=0.58 sys=0.01, real=0.10 secs] 
5242.338: [GC (Allocation Failure) [PSYoungGen: 377164K->136288K(494080K)] 1545052K->1398840K(1892352K), 0.0512737 secs] [Times: user=0.30 sys=0.00, real=0.05 secs] 
5242.389: [Full GC (Ergonomics) [PSYoungGen: 136288K->0K(494080K)] [ParOldGen: 1262552K->195929K(1398272K)] 1398840K->195929K(1892352K), [Metaspace: 59730K->59730K(1105920K)], 0.4816587 secs] [Times: user=2.25 sys=0.00, real=0.48 secs] 
5244.949: [GC (Allocation Failure) [PSYoungGen: 289280K->93664K(487424K)] 485209K->289593K(1885696K), 0.0406691 secs] [Times: user=0.23 sys=0.00, real=0.04 secs] 
5246.034: [GC (Allocation Failure) [PSYoungGen: 387552K->142496K(493056K)] 583481K->428629K(1891328K), 0.0466461 secs] [Times: user=0.27 sys=0.00, real=0.05 secs] 
5248.702: [GC (GCLocker Initiated GC) [PSYoungGen: 436384K->96608K(494592K)] 722517K->516578K(1892864K), 0.0744428 secs] [Times: user=0.44 sys=0.00, real=0.08 secs] 
5249.741: [GC (Allocation Failure) [PSYoungGen: 398176K->143744K(497664K)] 818148K->658621K(1895936K), 0.0625163 secs] [Times: user=0.37 sys=0.00, real=0.06 secs] 
5252.528: [GC (Allocation Failure) [PSYoungGen: 445312K->99232K(497152K)] 960189K->749333K(1895424K), 0.0651954 secs] [Times: user=0.39 sys=0.01, real=0.06 secs] 
5253.296: [GC (Allocation Failure) [PSYoungGen: 405408K->144224K(499712K)] 1055509K->891997K(1897984K), 0.0512582 secs] [Times: user=0.29 sys=0.01, real=0.06 secs] 
5256.262: [GC (GCLocker Initiated GC) [PSYoungGen: 450400K->104320K(499200K)] 1198175K->987323K(1897472K), 0.0667901 secs] [Times: user=0.40 sys=0.01, real=0.07 secs] 
5257.064: [GC (Allocation Failure) [PSYoungGen: 415104K->146912K(501760K)] 1298140K->1133041K(1900032K), 0.0533675 secs] [Times: user=0.32 sys=0.00, real=0.06 secs] 
5259.848: [GC (GCLocker Initiated GC) [PSYoungGen: 457696K->106688K(502784K)] 1443825K->1230865K(1901056K), 0.0706977 secs] [Times: user=0.42 sys=0.00, real=0.07 secs] 
5260.792: [GC (Allocation Failure) [PSYoungGen: 421568K->150016K(504320K)] 1545793K->1379166K(1902592K), 0.0543591 secs] [Times: user=0.32 sys=0.00, real=0.06 secs] 
5260.846: [Full GC (Ergonomics) [PSYoungGen: 150016K->0K(504320K)] [ParOldGen: 1229150K->176850K(1398272K)] 1379166K->176850K(1902592K), [Metaspace: 59730K->59730K(1105920K)], 0.4242525 secs] [Times: user=1.96 sys=0.01, real=0.42 secs] 
5262.695: [GC (Allocation Failure) [PSYoungGen: 314880K->106176K(505856K)] 491730K->283026K(1904128K), 0.0570334 secs] [Times: user=0.34 sys=0.00, real=0.06 secs] 
5264.170: [GC (Allocation Failure) [PSYoungGen: 422592K->149888K(505856K)] 599442K->430710K(1904128K), 0.0531036 secs] [Times: user=0.31 sys=0.00, real=0.05 secs] 
5266.740: [GC (Allocation Failure) [PSYoungGen: 466304K->107584K(506368K)] 747126K->530043K(1904640K), 0.1302444 secs] [Times: user=0.77 sys=0.01, real=0.13 secs] 
5268.544: [GC (Allocation Failure) [PSYoungGen: 424512K->152864K(470016K)] 846971K->677131K(1868288K), 0.0529016 secs] [Times: user=0.28 sys=0.00, real=0.06 secs] 
5271.286: [GC (Allocation Failure) [PSYoungGen: 469792K->107488K(508928K)] 994059K->776147K(1907200K), 0.1718944 secs] [Times: user=1.02 sys=0.00, real=0.17 secs] 
5272.210: [GC (Allocation Failure) [PSYoungGen: 413345K->149088K(505856K)] 1082005K->922068K(1904128K), 0.0551493 secs] [Times: user=0.32 sys=0.00, real=0.05 secs] 
5275.504: [GC (Allocation Failure) [PSYoungGen: 464992K->103680K(506368K)] 1237972K->1017552K(1904640K), 0.1684928 secs] [Times: user=1.01 sys=0.00, real=0.17 secs] 
5276.844: [GC (Allocation Failure) [PSYoungGen: 408366K->146976K(506368K)] 1322239K->1160729K(1904640K), 0.0504287 secs] [Times: user=0.30 sys=0.00, real=0.05 secs] 
5278.723: [GC (Allocation Failure) [PSYoungGen: 463392K->105376K(505344K)] 1477145K->1257569K(1903616K), 0.1670555 secs] [Times: user=0.92 sys=0.01, real=0.17 secs] 
5280.203: [GC (Allocation Failure) [PSYoungGen: 411747K->145536K(506368K)] 1563941K->1399318K(1904640K), 0.0518525 secs] [Times: user=0.31 sys=0.00, real=0.05 secs] 
5280.255: [Full GC (Ergonomics) [PSYoungGen: 145536K->0K(506368K)] [ParOldGen: 1253782K->195812K(1398272K)] 1399318K->195812K(1904640K), [Metaspace: 59730K->59730K(1105920K)], 0.4772573 secs] [Times: user=2.21 sys=0.00, real=0.48 secs] 
5283.702: [GC (Allocation Failure) [PSYoungGen: 317440K->103328K(506880K)] 513252K->299140K(1905152K), 0.0975124 secs] [Times: user=0.57 sys=0.00, real=0.10 secs] 
5285.082: [GC (Allocation Failure) [PSYoungGen: 409312K->148064K(507904K)] 605124K->442969K(1906176K), 0.0493364 secs] [Times: user=0.30 sys=0.00, real=0.05 secs] 
5287.887: [GC (Allocation Failure) [PSYoungGen: 468064K->106688K(507392K)] 762969K->540633K(1905664K), 0.1663342 secs] [Times: user=1.00 sys=0.00, real=0.16 secs] 
5288.813: [GC (Allocation Failure) [PSYoungGen: 427200K->155360K(476160K)] 861145K->692510K(1874432K), 0.0519768 secs] [Times: user=0.31 sys=0.00, real=0.05 secs] 
5292.496: [GC (Allocation Failure) [PSYoungGen: 475872K->96832K(507392K)] 1013022K->789238K(1905664K), 0.1342983 secs] [Times: user=0.80 sys=0.00, real=0.14 secs] 
5293.796: [GC (Allocation Failure) [PSYoungGen: 411712K->155488K(470528K)] 1104118K->938753K(1868800K), 0.0550853 secs] [Times: user=0.33 sys=0.00, real=0.06 secs] 
5295.896: [GC (GCLocker Initiated GC) [PSYoungGen: 470368K->98720K(504832K)] 1253633K->1037417K(1903104K), 0.1527873 secs] [Times: user=0.91 sys=0.01, real=0.15 secs] 
5296.321: [GC (Allocation Failure) [PSYoungGen: 407456K->153920K(462848K)] 1346156K->1185363K(1861120K), 0.0559870 secs] [Times: user=0.33 sys=0.00, real=0.06 secs] 
5298.926: [GC (Allocation Failure) [PSYoungGen: 462656K->96480K(502272K)] 1494099K->1281383K(1900544K), 0.1351034 secs] [Times: user=0.80 sys=0.01, real=0.14 secs] 
5299.306: [GC (Allocation Failure) [PSYoungGen: 400608K->152768K(457216K)] 1585511K->1428184K(1855488K), 0.0564237 secs] [Times: user=0.34 sys=0.00, real=0.06 secs] 
5299.362: [Full GC (Ergonomics) [PSYoungGen: 152768K->0K(457216K)] [ParOldGen: 1275416K->226515K(1398272K)] 1428184K->226515K(1855488K), [Metaspace: 59730K->59730K(1105920K)], 0.5378012 secs] [Times: user=2.51 sys=0.00, real=0.54 secs] 
5303.418: [GC (Allocation Failure) [PSYoungGen: 304128K->89440K(499712K)] 530643K->315955K(1897984K), 0.0856114 secs] [Times: user=0.51 sys=0.00, real=0.08 secs] 
5303.783: [GC (Allocation Failure) [PSYoungGen: 389472K->150912K(451072K)] 615987K->461008K(1849344K), 0.0534624 secs] [Times: user=0.32 sys=0.00, real=0.06 secs] 
5307.375: [GC (Allocation Failure) [PSYoungGen: 450944K->87200K(498176K)] 761040K->548248K(1896448K), 0.1477125 secs] [Times: user=0.87 sys=0.00, real=0.15 secs] 
5307.852: [GC (Allocation Failure) [PSYoungGen: 384160K->149376K(446464K)] 845208K->691797K(1844736K), 0.0541571 secs] [Times: user=0.32 sys=0.00, real=0.06 secs] 
5309.819: [GC (Allocation Failure) [PSYoungGen: 446336K->91232K(498176K)] 988757K->783213K(1896448K), 0.1594842 secs] [Times: user=0.96 sys=0.00, real=0.16 secs] 
5310.447: [GC (Allocation Failure) [PSYoungGen: 386656K->145408K(496128K)] 1078637K->922417K(1894400K), 0.0528309 secs] [Times: user=0.31 sys=0.00, real=0.05 secs] 
5312.543: [GC (Allocation Failure) [PSYoungGen: 440832K->91136K(495104K)] 1217841K->1012729K(1893376K), 0.1449157 secs] [Times: user=0.85 sys=0.00, real=0.15 secs] 
5313.024: [GC (Allocation Failure) [PSYoungGen: 385198K->141024K(496128K)] 1306791K->1150026K(1894400K), 0.0502599 secs] [Times: user=0.30 sys=0.00, real=0.05 secs] 
5315.089: [GC (Allocation Failure) [PSYoungGen: 437472K->97472K(492544K)] 1446474K->1238642K(1890816K), 0.1739098 secs] [Times: user=1.04 sys=0.00, real=0.17 secs] 
5316.559: [GC (Allocation Failure) [PSYoungGen: 397504K->144768K(496128K)] 1538674K->1379555K(1894400K), 0.0492246 secs] [Times: user=0.29 sys=0.00, real=0.05 secs] 
5316.608: [Full GC (Ergonomics) [PSYoungGen: 144768K->0K(496128K)] [ParOldGen: 1234787K->187097K(1398272K)] 1379555K->187097K(1894400K), [Metaspace: 59730K->59730K(1105920K)], 0.4495984 secs] [Times: user=2.10 sys=0.00, real=0.45 secs] 
5318.796: [GC (Allocation Failure) [PSYoungGen: 300032K->100864K(496128K)] 487129K->287962K(1894400K), 0.0952358 secs] [Times: user=0.56 sys=0.00, real=0.09 secs] 
5321.064: [GC (Allocation Failure) [PSYoungGen: 406016K->147264K(498688K)] 593114K->430804K(1896960K), 0.0498821 secs] [Times: user=0.29 sys=0.00, real=0.05 secs] 
5322.848: [GC (Allocation Failure) [PSYoungGen: 452416K->106880K(499712K)] 735956K->528748K(1897984K), 0.1558069 secs] [Times: user=0.93 sys=0.00, real=0.15 secs] 
5324.779: [GC (Allocation Failure) [PSYoungGen: 416128K->148192K(501248K)] 837996K->670673K(1899520K), 0.0512154 secs] [Times: user=0.30 sys=0.00, real=0.05 secs] 
5326.591: [GC (GCLocker Initiated GC) [PSYoungGen: 457440K->106016K(502272K)] 979921K->767437K(1900544K), 0.1663681 secs] [Times: user=0.99 sys=0.01, real=0.17 secs] 
5328.195: [GC (Allocation Failure) [PSYoungGen: 418336K->149984K(503296K)] 1079760K->913785K(1901568K), 0.0525214 secs] [Times: user=0.31 sys=0.00, real=0.06 secs] 
5330.476: [GC (Allocation Failure) [PSYoungGen: 462304K->106368K(503808K)] 1226105K->1011197K(1902080K), 0.1087684 secs] [Times: user=0.64 sys=0.00, real=0.11 secs] 
5332.096: [GC (Allocation Failure) [PSYoungGen: 420224K->148384K(504320K)] 1325053K->1155942K(1902592K), 0.0525197 secs] [Times: user=0.31 sys=0.00, real=0.05 secs] 
5334.341: [GC (Allocation Failure) [PSYoungGen: 462240K->109440K(502784K)] 1469798K->1255750K(1901056K), 0.1632622 secs] [Times: user=0.96 sys=0.01, real=0.16 secs] 
5335.425: [GC (Allocation Failure) [PSYoungGen: 410929K->144672K(504320K)] 1557239K->1396703K(1902592K), 0.0548430 secs] [Times: user=0.32 sys=0.00, real=0.06 secs] 
5335.480: [Full GC (Ergonomics) [PSYoungGen: 144672K->0K(504320K)] [ParOldGen: 1252031K->195254K(1398272K)] 1396703K->195254K(1902592K), [Metaspace: 59730K->59730K(1105920K)], 0.4803682 secs] [Times: user=2.25 sys=0.00, real=0.48 secs] 
5338.349: [GC (GCLocker Initiated GC) [PSYoungGen: 315392K->105824K(505344K)] 510646K->301078K(1903616K), 0.0803623 secs] [Times: user=0.47 sys=0.01, real=0.08 secs] 
5339.564: [GC (Allocation Failure) [PSYoungGen: 425312K->171200K(491008K)] 620601K->468380K(1889280K), 0.0521488 secs] [Times: user=0.31 sys=0.00, real=0.05 secs] 
5342.220: [GC (Allocation Failure) [PSYoungGen: 490688K->97696K(502272K)] 787868K->549648K(1900544K), 0.1593876 secs] [Times: user=0.95 sys=0.00, real=0.16 secs] 
5343.030: [GC (Allocation Failure) [PSYoungGen: 401312K->152096K(456192K)] 853264K->695569K(1854464K), 0.0556581 secs] [Times: user=0.33 sys=0.00, real=0.05 secs] 
5344.712: [GC (Allocation Failure) [PSYoungGen: 455712K->95072K(500736K)] 999185K->790641K(1899008K), 0.0744577 secs] [Times: user=0.44 sys=0.00, real=0.08 secs] 
5345.097: [GC (Allocation Failure) [PSYoungGen: 396128K->182336K(483840K)] 1091697K->967323K(1882112K), 0.0559519 secs] [Times: user=0.33 sys=0.00, real=0.05 secs] 
5347.602: [GC (Allocation Failure) [PSYoungGen: 483392K->91808K(488448K)] 1268379K->1026015K(1886720K), 0.1672949 secs] [Times: user=1.00 sys=0.00, real=0.17 secs] 
5348.696: [GC (Allocation Failure) [PSYoungGen: 368288K->137024K(413696K)] 1302495K->1157160K(1811968K), 0.0486568 secs] [Times: user=0.29 sys=0.00, real=0.04 secs] 
5350.242: [GC (Allocation Failure) [PSYoungGen: 413504K->90752K(483840K)] 1433640K->1239056K(1882112K), 0.0601369 secs] [Times: user=0.36 sys=0.00, real=0.06 secs] 
5350.966: [GC (Allocation Failure) [PSYoungGen: 368768K->131040K(482304K)] 1517072K->1368273K(1880576K), 0.0508361 secs] [Times: user=0.30 sys=0.00, real=0.05 secs] 
5351.017: [Full GC (Ergonomics) [PSYoungGen: 131040K->0K(482304K)] [ParOldGen: 1237233K->167532K(1398272K)] 1368273K->167532K(1880576K), [Metaspace: 59730K->59730K(1105920K)], 0.4054616 secs] [Times: user=1.87 sys=0.01, real=0.40 secs] 
5353.791: [GC (Allocation Failure) [PSYoungGen: 278016K->95728K(490496K)] 445548K->263260K(1888768K), 0.0364404 secs] [Times: user=0.21 sys=0.00, real=0.04 secs] 
5354.666: [GC (Allocation Failure) [PSYoungGen: 387056K->132928K(487936K)] 554588K->395505K(1886208K), 0.0547936 secs] [Times: user=0.32 sys=0.00, real=0.05 secs] 
5356.891: [GC (Allocation Failure) [PSYoungGen: 424256K->113664K(497152K)] 686833K->500289K(1895424K), 0.0629937 secs] [Times: user=0.38 sys=0.00, real=0.06 secs] 
5358.308: [GC (Allocation Failure) [PSYoungGen: 421888K->126176K(496128K)] 808513K->626033K(1894400K), 0.0698778 secs] [Times: user=0.41 sys=0.00, real=0.07 secs] 
5359.996: [GC (Allocation Failure) [PSYoungGen: 434400K->122016K(504832K)] 934257K->737348K(1903104K), 0.0632126 secs] [Times: user=0.38 sys=0.00, real=0.06 secs] 
5360.692: [GC (Allocation Failure) [PSYoungGen: 450208K->142848K(504832K)] 1065540K->880372K(1903104K), 0.0614421 secs] [Times: user=0.35 sys=0.00, real=0.06 secs] 
5362.577: [GC (Allocation Failure) [PSYoungGen: 471040K->11392K(492032K)] 1208564K->748940K(1890304K), 0.0037862 secs] [Times: user=0.01 sys=0.00, real=0.00 secs] 
5363.999: [GC (Allocation Failure) [PSYoungGen: 324224K->146816K(459776K)] 1061772K->893885K(1858048K), 0.0316486 secs] [Times: user=0.19 sys=0.00, real=0.03 secs] 
5365.193: [GC (Allocation Failure) [PSYoungGen: 459648K->108032K(508416K)] 1206717K->992981K(1906688K), 0.0659244 secs] [Times: user=0.39 sys=0.00, real=0.07 secs] 
5366.671: [GC (Allocation Failure) [PSYoungGen: 419328K->150016K(501760K)] 1304277K->1141055K(1900032K), 0.0537251 secs] [Times: user=0.32 sys=0.00, real=0.05 secs] 
5369.919: [GC (Allocation Failure) [PSYoungGen: 461312K->104832K(502784K)] 1452351K->1237723K(1901056K), 0.0667465 secs] [Times: user=0.39 sys=0.00, real=0.06 secs] 
5372.308: [GC (Allocation Failure) [PSYoungGen: 417152K->147872K(502784K)] 1550043K->1382576K(1901056K), 0.0521375 secs] [Times: user=0.31 sys=0.00, real=0.05 secs] 
5372.360: [Full GC (Ergonomics) [PSYoungGen: 147872K->0K(502784K)] [ParOldGen: 1234704K->180766K(1398272K)] 1382576K->180766K(1901056K), [Metaspace: 59730K->59730K(1105920K)], 0.4419672 secs] [Times: user=2.05 sys=0.00, real=0.44 secs] 
5374.506: [GC (Allocation Failure) [PSYoungGen: 312320K->108384K(502272K)] 493086K->289150K(1900544K), 0.0676914 secs] [Times: user=0.39 sys=0.00, real=0.06 secs] 
5376.630: [GC (Allocation Failure) [PSYoungGen: 422240K->149632K(503296K)] 603006K->432731K(1901568K), 0.0525507 secs] [Times: user=0.31 sys=0.00, real=0.05 secs] 
5378.592: [GC (Allocation Failure) [PSYoungGen: 463488K->105504K(505344K)] 746587K->529115K(1903616K), 0.1660813 secs] [Times: user=0.99 sys=0.01, real=0.17 secs] 
5380.238: [GC (Allocation Failure) [PSYoungGen: 421408K->153472K(469504K)] 845019K->678488K(1867776K), 0.0514949 secs] [Times: user=0.31 sys=0.00, real=0.05 secs] 
5382.666: [GC (Allocation Failure) [PSYoungGen: 469376K->105344K(507904K)] 994392K->775192K(1906176K), 0.1365965 secs] [Times: user=0.81 sys=0.00, real=0.14 secs] 
5384.126: [GC (Allocation Failure) [PSYoungGen: 414527K->149408K(504320K)] 1084375K->920245K(1902592K), 0.0512574 secs] [Times: user=0.31 sys=0.00, real=0.05 secs] 
5386.339: [GC (Allocation Failure) [PSYoungGen: 462752K->105920K(503808K)] 1233589K->1017629K(1902080K), 0.1622030 secs] [Times: user=0.97 sys=0.01, real=0.16 secs] 
5387.406: [GC (Allocation Failure) [PSYoungGen: 404272K->145440K(504320K)] 1315982K->1158858K(1902592K), 0.0504274 secs] [Times: user=0.30 sys=0.00, real=0.05 secs] 
5389.345: [GC (Allocation Failure) [PSYoungGen: 459296K->107552K(502784K)] 1472714K->1257434K(1901056K), 0.1464008 secs] [Times: user=0.87 sys=0.01, real=0.15 secs] 
5390.323: [GC (Allocation Failure) [PSYoungGen: 409774K->144320K(504832K)] 1559657K->1398048K(1903104K), 0.0509680 secs] [Times: user=0.30 sys=0.00, real=0.05 secs] 
5390.374: [Full GC (Ergonomics) [PSYoungGen: 144320K->0K(504832K)] [ParOldGen: 1253728K->196623K(1398272K)] 1398048K->196623K(1903104K), [Metaspace: 59730K->59730K(1105920K)], 0.4827796 secs] [Times: user=2.26 sys=0.00, real=0.49 secs] 
5393.558: [GC (Allocation Failure) [PSYoungGen: 316416K->106208K(505344K)] 513039K->302831K(1903616K), 0.0999983 secs] [Times: user=0.59 sys=0.00, real=0.10 secs] 
5395.413: [GC (Allocation Failure) [PSYoungGen: 427232K->153280K(507392K)] 623855K->452431K(1905664K), 0.0503506 secs] [Times: user=0.30 sys=0.00, real=0.05 secs] 
5397.556: [GC (Allocation Failure) [PSYoungGen: 474304K->100928K(509952K)] 773455K->553347K(1908224K), 0.1175477 secs] [Times: user=0.69 sys=0.00, real=0.11 secs] 
5398.123: [GC (Allocation Failure) [PSYoungGen: 419904K->159680K(478720K)] 872323K->707228K(1876992K), 0.0562211 secs] [Times: user=0.33 sys=0.00, real=0.06 secs] 
5400.254: [GC (Allocation Failure) [PSYoungGen: 478656K->99776K(505344K)] 1026204K->806957K(1903616K), 0.1210010 secs] [Times: user=0.72 sys=0.00, real=0.12 secs] 
5400.701: [GC (Allocation Failure) [PSYoungGen: 409536K->155488K(465408K)] 1116717K->956418K(1863680K), 0.0603721 secs] [Times: user=0.36 sys=0.00, real=0.06 secs] 
5403.264: [GC (Allocation Failure) [PSYoungGen: 465248K->94624K(501760K)] 1266178K->1051098K(1900032K), 0.1144128 secs] [Times: user=0.68 sys=0.00, real=0.12 secs] 
5403.849: [GC (Allocation Failure) [PSYoungGen: 398240K->149152K(453120K)] 1354714K->1194168K(1851392K), 0.0599377 secs] [Times: user=0.35 sys=0.00, real=0.06 secs] 
5406.860: [GC (GCLocker Initiated GC) [PSYoungGen: 452768K->89280K(500736K)] 1497784K->1283496K(1899008K), 0.1354966 secs] [Times: user=0.81 sys=0.00, real=0.13 secs] 
5406.996: [Full GC (Ergonomics) [PSYoungGen: 89280K->0K(500736K)] [ParOldGen: 1194216K->81872K(1398272K)] 1283496K->81872K(1899008K), [Metaspace: 59733K->59733K(1105920K)], 0.2182228 secs] [Times: user=1.01 sys=0.00, real=0.22 secs] 
5407.430: [GC (Allocation Failure) [PSYoungGen: 302080K->150112K(452608K)] 383987K->232019K(1850880K), 0.0329608 secs] [Times: user=0.19 sys=0.00, real=0.03 secs] 
5410.944: [GC (Allocation Failure) [PSYoungGen: 452192K->87616K(499200K)] 534099K->319287K(1897472K), 0.1428468 secs] [Times: user=0.85 sys=0.01, real=0.15 secs] 
5411.332: [GC (Allocation Failure) [PSYoungGen: 386112K->150016K(449024K)] 617783K->463056K(1847296K), 0.0530007 secs] [Times: user=0.31 sys=0.01, real=0.05 secs] 
5414.240: [GC (Allocation Failure) [PSYoungGen: 448512K->88992K(498176K)] 761552K->551968K(1896448K), 0.1581849 secs] [Times: user=0.94 sys=0.00, real=0.16 secs] 
5414.951: [GC (Allocation Failure) [PSYoungGen: 384928K->148192K(444416K)] 847904K->694135K(1842688K), 0.0521939 secs] [Times: user=0.31 sys=0.00, real=0.05 secs] 
5418.125: [GC (Allocation Failure) [PSYoungGen: 444128K->88096K(498176K)] 990071K->782007K(1896448K), 0.1432818 secs] [Times: user=0.84 sys=0.01, real=0.15 secs] 
5419.498: [GC (Allocation Failure) [PSYoungGen: 380287K->140960K(496128K)] 1074198K->918748K(1894400K), 0.0486012 secs] [Times: user=0.29 sys=0.00, real=0.05 secs] 
5421.980: [GC (Allocation Failure) [PSYoungGen: 436384K->97376K(493056K)] 1214172K->1007676K(1891328K), 0.1569664 secs] [Times: user=0.93 sys=0.00, real=0.16 secs] 
5423.649: [GC (Allocation Failure) [PSYoungGen: 394848K->143200K(494592K)] 1305148K->1146365K(1892864K), 0.0487441 secs] [Times: user=0.29 sys=0.00, real=0.05 secs] 
5425.145: [GC (Allocation Failure) [PSYoungGen: 440672K->102656K(493568K)] 1443837K->1239673K(1891840K), 0.0634626 secs] [Times: user=0.37 sys=0.00, real=0.07 secs] 
5427.438: [GC (Allocation Failure) [PSYoungGen: 406272K->142272K(497152K)] 1543289K->1378269K(1895424K), 0.0514334 secs] [Times: user=0.30 sys=0.00, real=0.05 secs] 
5427.489: [Full GC (Ergonomics) [PSYoungGen: 142272K->0K(497152K)] [ParOldGen: 1235997K->178564K(1398272K)] 1378269K->178564K(1895424K), [Metaspace: 59733K->59733K(1105920K)], 0.4323958 secs] [Times: user=2.02 sys=0.00, real=0.43 secs] 
5429.049: [GC (Allocation Failure) [PSYoungGen: 303616K->107136K(497152K)] 482180K->285700K(1895424K), 0.0370876 secs] [Times: user=0.22 sys=0.00, real=0.03 secs] 
5430.605: [GC (Allocation Failure) [PSYoungGen: 417920K->148512K(500736K)] 596484K->431416K(1899008K), 0.0523542 secs] [Times: user=0.31 sys=0.00, real=0.06 secs] 
5431.780: [GC (Allocation Failure) [PSYoungGen: 459296K->106272K(504832K)] 742200K->528772K(1903104K), 0.0658475 secs] [Times: user=0.39 sys=0.00, real=0.07 secs] 
5433.738: [GC (Allocation Failure) [PSYoungGen: 422176K->152032K(505344K)] 844676K->677025K(1903616K), 0.0520801 secs] [Times: user=0.31 sys=0.00, real=0.05 secs] 
5436.087: [GC (GCLocker Initiated GC) [PSYoungGen: 467936K->105376K(505856K)] 992929K->773569K(1904128K), 0.1577488 secs] [Times: user=0.94 sys=0.00, real=0.15 secs] 
5437.933: [GC (Allocation Failure) [PSYoungGen: 420768K->143552K(505344K)] 1105347K->929640K(1903616K), 0.2365974 secs] [Times: user=1.42 sys=0.00, real=0.24 secs] 
5440.518: [GC (Allocation Failure) [PSYoungGen: 455424K->95392K(506880K)] 1241513K->1025036K(1905152K), 0.4453785 secs] [Times: user=2.67 sys=0.00, real=0.44 secs] 
5441.672: [GC (Allocation Failure) [PSYoungGen: 413344K->152896K(471040K)] 1342988K->1174242K(1869312K), 0.0536470 secs] [Times: user=0.32 sys=0.00, real=0.05 secs] 
5445.514: [GC (Allocation Failure) [PSYoungGen: 470848K->97120K(506880K)] 1492194K->1270774K(1905152K), 0.1684302 secs] [Times: user=1.00 sys=0.00, real=0.17 secs] 
5446.262: [GC (Allocation Failure) [PSYoungGen: 409952K->155360K(468480K)] 1583606K->1420099K(1866752K), 0.0563441 secs] [Times: user=0.34 sys=0.00, real=0.06 secs] 
5446.318: [Full GC (Ergonomics) [PSYoungGen: 155360K->0K(468480K)] [ParOldGen: 1264739K->217761K(1398272K)] 1420099K->217761K(1866752K), [Metaspace: 59733K->59733K(1105920K)], 0.5225216 secs] [Times: user=2.45 sys=0.00, real=0.52 secs] 
5448.786: [GC (GCLocker Initiated GC) [PSYoungGen: 312832K->97312K(503808K)] 530593K->315073K(1902080K), 0.1139576 secs] [Times: user=0.67 sys=0.00, real=0.11 secs] 
5449.196: [GC (Allocation Failure) [PSYoungGen: 403488K->153824K(460288K)] 621252K->462759K(1858560K), 0.0569130 secs] [Times: user=0.34 sys=0.00, real=0.05 secs] 
5452.749: [GC (Allocation Failure) [PSYoungGen: 460000K->91744K(501248K)] 768935K->554683K(1899520K), 0.1449937 secs] [Times: user=0.86 sys=0.00, real=0.14 secs] 
5453.155: [GC (Allocation Failure) [PSYoungGen: 393824K->150048K(452608K)] 856763K->698584K(1850880K), 0.0544670 secs] [Times: user=0.33 sys=0.00, real=0.06 secs] 
5455.369: [GC (Allocation Failure) [PSYoungGen: 452128K->93760K(500736K)] 1000664K->792016K(1899008K), 0.1422934 secs] [Times: user=0.84 sys=0.00, real=0.14 secs] 
5455.881: [GC (Allocation Failure) [PSYoungGen: 393792K->148384K(498176K)] 1092048K->934809K(1896448K), 0.0563770 secs] [Times: user=0.34 sys=0.00, real=0.06 secs] 
5458.844: [GC (Allocation Failure) [PSYoungGen: 448416K->88096K(499200K)] 1234841K->1023005K(1897472K), 0.1434843 secs] [Times: user=0.85 sys=0.01, real=0.15 secs] 
5459.786: [GC (Allocation Failure) [PSYoungGen: 387104K->148096K(447488K)] 1322013K->1164502K(1845760K), 0.0530603 secs] [Times: user=0.32 sys=0.00, real=0.05 secs] 
5462.442: [GC (Allocation Failure) [PSYoungGen: 447104K->88576K(499200K)] 1463510K->1252514K(1897472K), 0.1565933 secs] [Times: user=0.93 sys=0.01, real=0.16 secs] 
5463.008: [GC (Allocation Failure) [PSYoungGen: 375300K->139840K(438272K)] 1539238K->1388915K(1836544K), 0.0493659 secs] [Times: user=0.29 sys=0.00, real=0.05 secs] 
5463.058: [Full GC (Ergonomics) [PSYoungGen: 139840K->0K(438272K)] [ParOldGen: 1249075K->195666K(1398272K)] 1388915K->195666K(1836544K), [Metaspace: 59733K->59713K(1105920K)], 0.4771020 secs] [Times: user=2.12 sys=0.00, real=0.47 secs] 
5465.360: [GC (Allocation Failure) [PSYoungGen: 297984K->96864K(500736K)] 493650K->292530K(1899008K), 0.0838276 secs] [Times: user=0.49 sys=0.00, real=0.08 secs] 
5467.323: [GC (Allocation Failure) [PSYoungGen: 398432K->144096K(497152K)] 594098K->432751K(1895424K), 0.0470376 secs] [Times: user=0.27 sys=0.00, real=0.05 secs] 
5469.083: [GC (Allocation Failure) [PSYoungGen: 445664K->102464K(497152K)] 734319K->525995K(1895424K), 0.0999411 secs] [Times: user=0.60 sys=0.01, real=0.10 secs] 
5471.500: [GC (Allocation Failure) [PSYoungGen: 408640K->145824K(499200K)] 832171K->667756K(1897472K), 0.0501839 secs] [Times: user=0.30 sys=0.00, real=0.05 secs] 
5472.759: [GC (Allocation Failure) [PSYoungGen: 452000K->104000K(499712K)] 973932K->762820K(1897984K), 0.0777491 secs] [Times: user=0.46 sys=0.00, real=0.08 secs] 
5474.747: [GC (Allocation Failure) [PSYoungGen: 414784K->148000K(501760K)] 1073604K->908241K(1900032K), 0.0514818 secs] [Times: user=0.30 sys=0.00, real=0.05 secs] 
5476.097: [GC (Allocation Failure) [PSYoungGen: 458784K->106336K(502784K)] 1219025K->1005585K(1901056K), 0.0855184 secs] [Times: user=0.51 sys=0.00, real=0.08 secs] 
5476.810: [GC (Allocation Failure) [PSYoungGen: 420192K->154208K(503808K)] 1319441K->1156746K(1902080K), 0.0528447 secs] [Times: user=0.31 sys=0.00, real=0.05 secs] 
5479.436: [GC (Allocation Failure) [PSYoungGen: 468064K->102784K(505856K)] 1470602K->1251242K(1904128K), 0.1659153 secs] [Times: user=0.98 sys=0.00, real=0.16 secs] 
5480.553: [GC (Allocation Failure) [PSYoungGen: 414592K->150560K(462848K)] 1563050K->1398115K(1861120K), 0.0508591 secs] [Times: user=0.30 sys=0.00, real=0.05 secs] 
5480.604: [Full GC (Ergonomics) [PSYoungGen: 150560K->0K(462848K)] [ParOldGen: 1247555K->195984K(1398272K)] 1398115K->195984K(1861120K), [Metaspace: 59713K->59713K(1105920K)], 0.4772263 secs] [Times: user=2.22 sys=0.00, real=0.48 secs] 
5483.840: [GC (Allocation Failure) [PSYoungGen: 311808K->102496K(506368K)] 507792K->298480K(1904640K), 0.0585168 secs] [Times: user=0.32 sys=0.00, real=0.06 secs] 
5484.656: [GC (Allocation Failure) [PSYoungGen: 411739K->149440K(503296K)] 607723K->443301K(1901568K), 0.0494976 secs] [Times: user=0.29 sys=0.01, real=0.04 secs] 
5486.618: [GC (Allocation Failure) [PSYoungGen: 460224K->106816K(501760K)] 754085K->541009K(1900032K), 0.1418781 secs] [Times: user=0.84 sys=0.01, real=0.14 secs] 
5487.394: [GC (Allocation Failure) [PSYoungGen: 403085K->143584K(502784K)] 837279K->681354K(1901056K), 0.0646814 secs] [Times: user=0.38 sys=0.00, real=0.07 secs] 
5491.369: [GC (Allocation Failure) [PSYoungGen: 454880K->101952K(502784K)] 992650K->775022K(1901056K), 0.0735287 secs] [Times: user=0.43 sys=0.00, real=0.07 secs] 
5492.086: [GC (Allocation Failure) [PSYoungGen: 411919K->148544K(504832K)] 1084989K->920254K(1903104K), 0.0500453 secs] [Times: user=0.30 sys=0.00, real=0.05 secs] 
5495.544: [GC (Allocation Failure) [PSYoungGen: 463936K->104544K(506880K)] 1235646K->1016282K(1905152K), 0.1596980 secs] [Times: user=0.95 sys=0.00, real=0.16 secs] 
5497.532: [GC (Allocation Failure) [PSYoungGen: 405811K->147104K(506880K)] 1317550K->1158847K(1905152K), 0.0501714 secs] [Times: user=0.29 sys=0.00, real=0.05 secs] 
5500.037: [GC (Allocation Failure) [PSYoungGen: 464544K->104992K(505344K)] 1476287K->1255163K(1903616K), 0.1625955 secs] [Times: user=0.98 sys=0.00, real=0.16 secs] 
5500.544: [GC (Allocation Failure) [PSYoungGen: 408638K->146432K(506368K)] 1558810K->1397608K(1904640K), 0.0503347 secs] [Times: user=0.29 sys=0.00, real=0.05 secs] 
5500.594: [Full GC (Ergonomics) [PSYoungGen: 146432K->0K(506368K)] [ParOldGen: 1251176K->196354K(1398272K)] 1397608K->196354K(1904640K), [Metaspace: 59713K->59713K(1105920K)], 0.4704290 secs] [Times: user=2.19 sys=0.00, real=0.47 secs] 
5503.425: [GC (Allocation Failure) [PSYoungGen: 317952K->111616K(504320K)] 514306K->307970K(1902592K), 0.0645127 secs] [Times: user=0.38 sys=0.00, real=0.07 secs] 
5503.970: [GC (Allocation Failure) [PSYoungGen: 431616K->154208K(506368K)] 627970K->458011K(1904640K), 0.0528827 secs] [Times: user=0.31 sys=0.00, real=0.05 secs] 
5507.098: [GC (Allocation Failure) [PSYoungGen: 474208K->101504K(509440K)] 778011K->558287K(1907712K), 0.1501814 secs] [Times: user=0.89 sys=0.00, real=0.15 secs] 
5507.651: [GC (Allocation Failure) [PSYoungGen: 419968K->158656K(477184K)] 876751K->711437K(1875456K), 0.0590399 secs] [Times: user=0.35 sys=0.00, real=0.06 secs] 
5510.794: [GC (Allocation Failure) [PSYoungGen: 477120K->95232K(504320K)] 1029901K->806833K(1902592K), 0.1438515 secs] [Times: user=0.85 sys=0.00, real=0.15 secs] 
5511.391: [GC (GCLocker Initiated GC) [PSYoungGen: 403968K->150272K(459264K)] 1115569K->951231K(1857536K), 0.0602898 secs] [Times: user=0.35 sys=0.01, real=0.06 secs] 
5514.873: [GC (Allocation Failure) [PSYoungGen: 459008K->91744K(502784K)] 1259970K->1043082K(1901056K), 0.1332282 secs] [Times: user=0.79 sys=0.01, real=0.14 secs] 
5515.247: [GC (Allocation Failure) [PSYoungGen: 397920K->153920K(460288K)] 1349258K->1191034K(1858560K), 0.0560529 secs] [Times: user=0.34 sys=0.00, real=0.05 secs] 
5519.498: [GC (Allocation Failure) [PSYoungGen: 460096K->87520K(499712K)] 1497210K->1278666K(1897984K), 0.1615291 secs] [Times: user=0.96 sys=0.00, real=0.16 secs] 
5519.931: [GC (Allocation Failure) [PSYoungGen: 387552K->150880K(451072K)] 1578698K->1423723K(1849344K), 0.0554369 secs] [Times: user=0.33 sys=0.00, real=0.06 secs] 
5519.987: [Full GC (Ergonomics) [PSYoungGen: 150880K->0K(451072K)] [ParOldGen: 1272843K->221143K(1398272K)] 1423723K->221143K(1849344K), [Metaspace: 59713K->59713K(1105920K)], 0.5246302 secs] [Times: user=2.46 sys=0.00, real=0.52 secs] 
5523.753: [GC (Allocation Failure) [PSYoungGen: 300032K->87648K(498176K)] 521175K->308792K(1896448K), 0.1270533 secs] [Times: user=0.75 sys=0.00, real=0.13 secs] 
5524.702: [GC (Allocation Failure) [PSYoungGen: 383584K->162880K(459264K)] 604728K->465536K(1857536K), 0.0537975 secs] [Times: user=0.30 sys=0.00, real=0.06 secs] 
5526.793: [GC (Allocation Failure) [PSYoungGen: 458816K->88064K(492544K)] 761472K->537192K(1890816K), 0.1287867 secs] [Times: user=0.76 sys=0.00, real=0.13 secs] 
5528.258: [GC (Allocation Failure) [PSYoungGen: 372224K->137472K(421888K)] 821352K->671178K(1820160K), 0.1273476 secs] [Times: user=0.75 sys=0.01, real=0.12 secs] 
5530.197: [GC (Allocation Failure) [PSYoungGen: 421632K->93952K(491008K)] 955338K->756754K(1889280K), 0.1019173 secs] [Times: user=0.61 sys=0.00, real=0.10 secs] 
5531.436: [GC (GCLocker Initiated GC) [PSYoungGen: 381184K->136576K(487936K)] 1043987K->890440K(1886208K), 0.0473106 secs] [Times: user=0.28 sys=0.00, real=0.05 secs] 
5534.075: [GC (Allocation Failure) [PSYoungGen: 423808K->95776K(495104K)] 1177674K->977914K(1893376K), 0.0626817 secs] [Times: user=0.37 sys=0.00, real=0.07 secs] 
5534.699: [GC (Allocation Failure) [PSYoungGen: 393248K->140224K(493056K)] 1275386K->1116919K(1891328K), 0.0497871 secs] [Times: user=0.29 sys=0.00, real=0.05 secs] 
5536.406: [GC (Allocation Failure) [PSYoungGen: 437696K->104640K(496128K)] 1414391K->1212415K(1894400K), 0.0679695 secs] [Times: user=0.41 sys=0.00, real=0.06 secs] 
5538.219: [GC (Allocation Failure) [PSYoungGen: 412352K->143136K(498688K)] 1520127K->1354064K(1896960K), 0.0524243 secs] [Times: user=0.31 sys=0.00, real=0.05 secs] 
5540.782: [GC (Allocation Failure) [PSYoungGen: 450848K->106272K(501248K)] 1661776K->1452096K(1899520K), 0.0653721 secs] [Times: user=0.39 sys=0.00, real=0.07 secs] 
5540.848: [Full GC (Ergonomics) [PSYoungGen: 106272K->0K(501248K)] [ParOldGen: 1345824K->20305K(1398272K)] 1452096K->20305K(1899520K), [Metaspace: 59713K->59713K(1105920K)], 0.0287110 secs] [Times: user=0.07 sys=0.00, real=0.03 secs] 
5542.428: [GC (Allocation Failure) [PSYoungGen: 315392K->146304K(503808K)] 335697K->166609K(1902080K), 0.0287707 secs] [Times: user=0.16 sys=0.00, real=0.03 secs] 
5543.980: [GC (Allocation Failure) [PSYoungGen: 461696K->112960K(502784K)] 482001K->270361K(1901056K), 0.0657824 secs] [Times: user=0.39 sys=0.00, real=0.07 secs] 
5546.081: [GC (Allocation Failure) [PSYoungGen: 432448K->148672K(505344K)] 589849K->415890K(1903616K), 0.0540565 secs] [Times: user=0.32 sys=0.00, real=0.05 secs] 
5547.387: [GC (Allocation Failure) [PSYoungGen: 468160K->115456K(507392K)] 735378K->522338K(1905664K), 0.0661353 secs] [Times: user=0.39 sys=0.00, real=0.06 secs] 
5549.892: [GC (Allocation Failure) [PSYoungGen: 439040K->152704K(508416K)] 845922K->669547K(1906688K), 0.0542576 secs] [Times: user=0.32 sys=0.00, real=0.06 secs] 
5553.040: [GC (Allocation Failure) [PSYoungGen: 476288K->107552K(510976K)] 993131K->768431K(1909248K), 0.1729353 secs] [Times: user=1.03 sys=0.01, real=0.17 secs] 
5555.252: [GC (Allocation Failure) [PSYoungGen: 415907K->150784K(474112K)] 1076786K->914536K(1872384K), 0.0518732 secs] [Times: user=0.31 sys=0.00, real=0.05 secs] 
5558.140: [GC (Allocation Failure) [PSYoungGen: 473856K->108544K(512000K)] 1237608K->1014504K(1910272K), 0.1602581 secs] [Times: user=0.96 sys=0.00, real=0.16 secs] 
5559.123: [GC (Allocation Failure) [PSYoungGen: 430592K->156384K(478720K)] 1336552K->1166665K(1876992K), 0.0530740 secs] [Times: user=0.31 sys=0.00, real=0.06 secs] 
5561.961: [GC (Allocation Failure) [PSYoungGen: 478432K->99616K(508416K)] 1488713K->1265661K(1906688K), 0.1636995 secs] [Times: user=0.97 sys=0.00, real=0.16 secs] 
5562.574: [GC (Allocation Failure) [PSYoungGen: 416032K->156992K(473600K)] 1582077K->1417082K(1871872K), 0.0581737 secs] [Times: user=0.34 sys=0.00, real=0.06 secs] 
5562.632: [Full GC (Ergonomics) [PSYoungGen: 156992K->0K(473600K)] [ParOldGen: 1260090K->221160K(1398272K)] 1417082K->221160K(1871872K), [Metaspace: 59713K->59713K(1105920K)], 0.5331752 secs] [Times: user=2.52 sys=0.00, real=0.53 secs] 
5565.567: [GC (Allocation Failure) [PSYoungGen: 316416K->95712K(504320K)] 537576K->316872K(1902592K), 0.0830124 secs] [Times: user=0.49 sys=0.00, real=0.08 secs] 
5565.903: [GC (Allocation Failure) [PSYoungGen: 404448K->155008K(463872K)] 625608K->465919K(1862144K), 0.0561810 secs] [Times: user=0.33 sys=0.01, real=0.06 secs] 
5568.848: [GC (Allocation Failure) [PSYoungGen: 463744K->97632K(501760K)] 774655K->563615K(1900032K), 0.1257389 secs] [Times: user=0.75 sys=0.00, real=0.12 secs] 
5569.207: [GC (Allocation Failure) [PSYoungGen: 400736K->152576K(456192K)] 866719K->706412K(1854464K), 0.0563374 secs] [Times: user=0.34 sys=0.00, real=0.05 secs] 
5573.014: [GC (Allocation Failure) [PSYoungGen: 455680K->88640K(499200K)] 1009516K->795148K(1897472K), 0.1326392 secs] [Times: user=0.79 sys=0.00, real=0.14 secs] 
5573.387: [GC (Allocation Failure) [PSYoungGen: 388160K->150784K(450560K)] 1094668K->940081K(1848832K), 0.0547120 secs] [Times: user=0.33 sys=0.00, real=0.05 secs] 
5576.855: [GC (Allocation Failure) [PSYoungGen: 450304K->87744K(497664K)] 1239601K->1028037K(1895936K), 0.1617222 secs] [Times: user=0.96 sys=0.00, real=0.17 secs] 
5577.325: [GC (Allocation Failure) [PSYoungGen: 383680K->148608K(444928K)] 1323973K->1170171K(1843200K), 0.0533317 secs] [Times: user=0.32 sys=0.00, real=0.06 secs] 
5580.266: [GC (Allocation Failure) [PSYoungGen: 444544K->86496K(497152K)] 1466107K->1256619K(1895424K), 0.1454082 secs] [Times: user=0.86 sys=0.01, real=0.15 secs] 
5581.274: [GC (Allocation Failure) [PSYoungGen: 372034K->138304K(433152K)] 1542158K->1388796K(1831424K), 0.0474474 secs] [Times: user=0.28 sys=0.00, real=0.05 secs] 
5581.322: [Full GC (Ergonomics) [PSYoungGen: 138304K->0K(433152K)] [ParOldGen: 1250492K->195619K(1398272K)] 1388796K->195619K(1831424K), [Metaspace: 59713K->59713K(1105920K)], 0.4800311 secs] [Times: user=2.25 sys=0.00, real=0.48 secs] 
5583.643: [GC (Allocation Failure) [PSYoungGen: 294400K->94976K(496640K)] 490019K->290596K(1894912K), 0.0961942 secs] [Times: user=0.56 sys=0.01, real=0.10 secs] 
5584.540: [GC (Allocation Failure) [PSYoungGen: 391936K->143776K(494080K)] 587556K->430684K(1892352K), 0.0469173 secs] [Times: user=0.27 sys=0.00, real=0.05 secs] 
5587.149: [GC (Allocation Failure) [PSYoungGen: 440736K->99008K(496128K)] 727644K->521060K(1894400K), 0.0674486 secs] [Times: user=0.40 sys=0.00, real=0.07 secs] 
5587.919: [GC (Allocation Failure) [PSYoungGen: 402624K->146976K(498176K)] 824676K->666169K(1896448K), 0.0777781 secs] [Times: user=0.46 sys=0.00, real=0.08 secs] 
5590.077: [GC (Allocation Failure) [PSYoungGen: 450592K->99648K(499712K)] 969785K->757713K(1897984K), 0.0695866 secs] [Times: user=0.42 sys=0.00, real=0.07 secs] 
5591.444: [GC (Allocation Failure) [PSYoungGen: 406848K->147424K(500736K)] 1064913K->902990K(1899008K), 0.0504297 secs] [Times: user=0.30 sys=0.00, real=0.05 secs] 
5592.872: [GC (Allocation Failure) [PSYoungGen: 454624K->104704K(499712K)] 1210190K->999222K(1897984K), 0.0660880 secs] [Times: user=0.39 sys=0.00, real=0.07 secs] 
5594.952: [GC (Allocation Failure) [PSYoungGen: 413952K->144416K(501248K)] 1308470K->1141635K(1899520K), 0.0518294 secs] [Times: user=0.31 sys=0.00, real=0.05 secs] 
5597.551: [GC (Allocation Failure) [PSYoungGen: 453664K->106112K(500224K)] 1450883K->1239371K(1898496K), 0.0655300 secs] [Times: user=0.39 sys=0.00, real=0.07 secs] 
5599.957: [GC (Allocation Failure) [PSYoungGen: 419456K->146304K(502784K)] 1552715K->1382952K(1901056K), 0.0526007 secs] [Times: user=0.31 sys=0.00, real=0.05 secs] 
5600.010: [Full GC (Ergonomics) [PSYoungGen: 146304K->0K(502784K)] [ParOldGen: 1236648K->181568K(1398272K)] 1382952K->181568K(1901056K), [Metaspace: 59713K->59713K(1105920K)], 0.4404285 secs] [Times: user=2.06 sys=0.00, real=0.44 secs] 
5601.748: [GC (Allocation Failure) [PSYoungGen: 313344K->108672K(503808K)] 494912K->290240K(1902080K), 0.0566872 secs] [Times: user=0.34 sys=0.00, real=0.05 secs] 
5603.637: [GC (Allocation Failure) [PSYoungGen: 426112K->151488K(505344K)] 607680K->437421K(1903616K), 0.0531889 secs] [Times: user=0.31 sys=0.00, real=0.05 secs] 
5605.293: [GC (Allocation Failure) [PSYoungGen: 468928K->109600K(506880K)] 754861K->537897K(1905152K), 0.1438015 secs] [Times: user=0.85 sys=0.01, real=0.15 secs] 
5606.948: [GC (Allocation Failure) [PSYoungGen: 425057K->148032K(506880K)] 853354K->682134K(1905152K), 0.0531638 secs] [Times: user=0.30 sys=0.00, real=0.05 secs] 
5609.131: [GC (Allocation Failure) [PSYoungGen: 467008K->110848K(506368K)] 1001110K->784202K(1904640K), 0.1353912 secs] [Times: user=0.81 sys=0.00, real=0.14 secs] 
5610.048: [GC (Allocation Failure) [PSYoungGen: 431360K->153184K(507392K)] 1104714K->933431K(1905664K), 0.0526995 secs] [Times: user=0.31 sys=0.00, real=0.05 secs] 
5612.654: [GC (Allocation Failure) [PSYoungGen: 473696K->102304K(509952K)] 1253943K->1035035K(1908224K), 0.1449890 secs] [Times: user=0.86 sys=0.01, real=0.15 secs] 
5613.152: [GC (Allocation Failure) [PSYoungGen: 421280K->160064K(479232K)] 1354011K->1189191K(1877504K), 0.0579306 secs] [Times: user=0.35 sys=0.01, real=0.06 secs] 
5616.001: [GC (Allocation Failure) [PSYoungGen: 479040K->96864K(504320K)] 1508167K->1286079K(1902592K), 0.1414522 secs] [Times: user=0.83 sys=0.00, real=0.14 secs] 
5616.561: [GC (Allocation Failure) [PSYoungGen: 405600K->153664K(462848K)] 1594815K->1433896K(1861120K), 0.0681107 secs] [Times: user=0.40 sys=0.00, real=0.07 secs] 
5616.630: [Full GC (Ergonomics) [PSYoungGen: 153664K->0K(462848K)] [ParOldGen: 1280232K->232319K(1398272K)] 1433896K->232319K(1861120K), [Metaspace: 59713K->59713K(1105920K)], 0.5666369 secs] [Times: user=2.68 sys=0.00, real=0.57 secs] 
5621.425: [GC (Allocation Failure) [PSYoungGen: 308736K->89088K(501248K)] 541055K->321407K(1899520K), 0.0655564 secs] [Times: user=0.38 sys=0.00, real=0.07 secs] 
5621.813: [GC (Allocation Failure) [PSYoungGen: 392192K->152320K(455680K)] 624511K->467916K(1853952K), 0.0553299 secs] [Times: user=0.33 sys=0.00, real=0.06 secs] 
5625.114: [GC (Allocation Failure) [PSYoungGen: 455424K->86688K(498688K)] 771020K->554748K(1896960K), 0.1518954 secs] [Times: user=0.90 sys=0.00, real=0.16 secs] 
5625.509: [GC (Allocation Failure) [PSYoungGen: 384672K->149696K(448000K)] 852732K->698405K(1846272K), 0.0547515 secs] [Times: user=0.33 sys=0.00, real=0.05 secs] 
5628.705: [GC (Allocation Failure) [PSYoungGen: 447680K->88000K(497664K)] 996389K->786437K(1895936K), 0.1459480 secs] [Times: user=0.87 sys=0.00, real=0.15 secs] 
5629.333: [GC (Allocation Failure) [PSYoungGen: 383424K->147936K(443392K)] 1081861K->928258K(1841664K), 0.0528240 secs] [Times: user=0.31 sys=0.00, real=0.06 secs] 
5631.504: [GC (Allocation Failure) [PSYoungGen: 443360K->90304K(498176K)] 1223682K->1018446K(1896448K), 0.1549845 secs] [Times: user=0.92 sys=0.00, real=0.16 secs] 
5632.534: [GC (Allocation Failure) [PSYoungGen: 373088K->137632K(433152K)] 1301231K->1150243K(1831424K), 0.0497190 secs] [Times: user=0.30 sys=0.00, real=0.05 secs] 
5634.649: [GC (Allocation Failure) [PSYoungGen: 433056K->96864K(497664K)] 1445667K->1238951K(1895936K), 0.1607748 secs] [Times: user=0.96 sys=0.00, real=0.16 secs] 
5636.260: [GC (Allocation Failure) [PSYoungGen: 395360K->142336K(494592K)] 1537447K->1377732K(1892864K), 0.0496090 secs] [Times: user=0.29 sys=0.00, real=0.05 secs] 
5636.310: [Full GC (Ergonomics) [PSYoungGen: 142336K->0K(494592K)] [ParOldGen: 1235396K->184446K(1398272K)] 1377732K->184446K(1892864K), [Metaspace: 59713K->59713K(1105920K)], 0.4444986 secs] [Times: user=2.07 sys=0.00, real=0.44 secs] 
5638.052: [GC (Allocation Failure) [PSYoungGen: 298496K->101664K(497152K)] 482942K->286110K(1895424K), 0.0516252 secs] [Times: user=0.30 sys=0.00, real=0.05 secs] 
5639.800: [GC (GCLocker Initiated GC) [PSYoungGen: 407840K->145504K(498688K)] 592288K->429629K(1896960K), 0.0543572 secs] [Times: user=0.32 sys=0.00, real=0.05 secs] 
5642.897: [GC (Allocation Failure) [PSYoungGen: 451680K->100928K(502272K)] 735807K->522423K(1900544K), 0.0642028 secs] [Times: user=0.38 sys=0.00, real=0.06 secs] 
5644.260: [GC (Allocation Failure) [PSYoungGen: 412736K->148320K(503296K)] 834231K->668352K(1901568K), 0.0506022 secs] [Times: user=0.30 sys=0.00, real=0.05 secs] 
5645.894: [GC (Allocation Failure) [PSYoungGen: 460128K->105984K(502272K)] 980160K->765748K(1900544K), 0.0657658 secs] [Times: user=0.39 sys=0.00, real=0.07 secs] 
5646.807: [GC (Allocation Failure) [PSYoungGen: 418816K->152960K(503296K)] 1078580K->915969K(1901568K), 0.0838015 secs] [Times: user=0.49 sys=0.00, real=0.08 secs] 
5649.320: [GC (Allocation Failure) [PSYoungGen: 465792K->105120K(504832K)] 1228801K->1012921K(1903104K), 0.1422597 secs] [Times: user=0.85 sys=0.00, real=0.14 secs] 
5651.012: [GC (Allocation Failure) [PSYoungGen: 417440K->149792K(503808K)] 1325241K->1158686K(1902080K), 0.0517124 secs] [Times: user=0.31 sys=0.00, real=0.05 secs] 
5652.902: [GC (GCLocker Initiated GC) [PSYoungGen: 462112K->106720K(503296K)] 1471006K->1256478K(1901568K), 0.1732694 secs] [Times: user=1.03 sys=0.01, real=0.17 secs] 
5653.719: [GC (Allocation Failure) [PSYoungGen: 419552K->141664K(503808K)] 1585742K->1410729K(1902080K), 0.2399020 secs] [Times: user=1.43 sys=0.00, real=0.24 secs] 
5653.959: [Full GC (Ergonomics) [PSYoungGen: 141664K->0K(503808K)] [ParOldGen: 1269065K->208415K(1398272K)] 1410729K->208415K(1902080K), [Metaspace: 59713K->59713K(1105920K)], 0.4197375 secs] [Times: user=1.86 sys=0.00, real=0.42 secs] 
5657.421: [GC (Allocation Failure) [PSYoungGen: 312832K->99104K(503808K)] 521247K->307519K(1902080K), 0.1651295 secs] [Times: user=0.98 sys=0.00, real=0.17 secs] 
5658.327: [GC (Allocation Failure) [PSYoungGen: 416032K->156480K(473600K)] 624447K->454002K(1871872K), 0.0537968 secs] [Times: user=0.32 sys=0.00, real=0.05 secs] 
5661.412: [GC (Allocation Failure) [PSYoungGen: 473408K->98304K(506368K)] 770930K->551886K(1904640K), 0.1554491 secs] [Times: user=0.93 sys=0.00, real=0.16 secs] 
5661.825: [GC (Allocation Failure) [PSYoungGen: 410112K->156576K(468480K)] 863694K->702543K(1866752K), 0.0554227 secs] [Times: user=0.33 sys=0.00, real=0.06 secs] 
5665.666: [GC (Allocation Failure) [PSYoungGen: 468384K->93024K(502272K)] 1014351K->795535K(1900544K), 0.1363273 secs] [Times: user=0.81 sys=0.00, real=0.13 secs] 
5666.043: [GC (Allocation Failure) [PSYoungGen: 397152K->151232K(455680K)] 1099663K->940984K(1853952K), 0.0548512 secs] [Times: user=0.33 sys=0.00, real=0.06 secs] 
5668.282: [GC (Allocation Failure) [PSYoungGen: 455360K->93792K(501248K)] 1245112K->1034504K(1899520K), 0.1347185 secs] [Times: user=0.80 sys=0.01, real=0.14 secs] 
5668.694: [GC (Allocation Failure) [PSYoungGen: 395360K->149728K(451584K)] 1336072K->1178443K(1849856K), 0.0555163 secs] [Times: user=0.33 sys=0.01, real=0.06 secs] 
5671.246: [GC (Allocation Failure) [PSYoungGen: 451296K->89024K(499712K)] 1480011K->1267515K(1897984K), 0.1458436 secs] [Times: user=0.87 sys=0.00, real=0.14 secs] 
5672.022: [GC (Allocation Failure) [PSYoungGen: 388544K->149696K(449536K)] 1567035K->1411628K(1847808K), 0.0858033 secs] [Times: user=0.51 sys=0.01, real=0.09 secs] 
5672.108: [Full GC (Ergonomics) [PSYoungGen: 149696K->0K(449536K)] [ParOldGen: 1261932K->217185K(1398272K)] 1411628K->217185K(1847808K), [Metaspace: 59713K->59713K(1105920K)], 0.5408393 secs] [Times: user=2.55 sys=0.00, real=0.54 secs] 
5675.572: [GC (Allocation Failure) [PSYoungGen: 299520K->87392K(498688K)] 516705K->304577K(1896960K), 0.0821447 secs] [Times: user=0.49 sys=0.00, real=0.08 secs] 
5676.014: [GC (Allocation Failure) [PSYoungGen: 384352K->149152K(446464K)] 601537K->447934K(1844736K), 0.0524880 secs] [Times: user=0.31 sys=0.01, real=0.06 secs] 
5678.637: [GC (Allocation Failure) [PSYoungGen: 446112K->86816K(497664K)] 744894K->534598K(1895936K), 0.1719866 secs] [Times: user=0.99 sys=0.01, real=0.17 secs] 
5679.778: [GC (Allocation Failure) [PSYoungGen: 381728K->142016K(496128K)] 829510K->672950K(1894400K), 0.0487999 secs] [Times: user=0.29 sys=0.00, real=0.05 secs] 
5681.842: [GC (Allocation Failure) [PSYoungGen: 436928K->94240K(493056K)] 967862K->758539K(1891328K), 0.0676017 secs] [Times: user=0.40 sys=0.00, real=0.07 secs] 
5683.150: [GC (Allocation Failure) [PSYoungGen: 390688K->142624K(494592K)] 1054987K->897939K(1892864K), 0.0480327 secs] [Times: user=0.28 sys=0.00, real=0.05 secs] 
5684.920: [GC (Allocation Failure) [PSYoungGen: 439072K->99648K(494080K)] 1194387K->989227K(1892352K), 0.0655921 secs] [Times: user=0.39 sys=0.00, real=0.06 secs] 
5686.902: [GC (Allocation Failure) [PSYoungGen: 401728K->142688K(497152K)] 1291307K->1129516K(1895424K), 0.0522287 secs] [Times: user=0.31 sys=0.00, real=0.05 secs] 
5688.110: [GC (Allocation Failure) [PSYoungGen: 444768K->105184K(495616K)] 1431596K->1225892K(1893888K), 0.0682516 secs] [Times: user=0.41 sys=0.00, real=0.07 secs] 
5690.469: [GC (Allocation Failure) [PSYoungGen: 412896K->143040K(499200K)] 1533604K->1366473K(1897472K), 0.0527958 secs] [Times: user=0.32 sys=0.00, real=0.05 secs] 
5690.522: [Full GC (Ergonomics) [PSYoungGen: 143040K->0K(499200K)] [ParOldGen: 1223433K->174167K(1398272K)] 1366473K->174167K(1897472K), [Metaspace: 59713K->59713K(1105920K)], 0.4160922 secs] [Times: user=1.93 sys=0.00, real=0.42 secs] 
5692.007: [GC (Allocation Failure) [PSYoungGen: 307712K->108064K(499712K)] 481879K->282231K(1897984K), 0.0449489 secs] [Times: user=0.26 sys=0.01, real=0.04 secs] 
5694.408: [GC (Allocation Failure) [PSYoungGen: 422432K->147520K(502784K)] 596599K->427360K(1901056K), 0.0534048 secs] [Times: user=0.32 sys=0.00, real=0.05 secs] 
5695.720: [GC (Allocation Failure) [PSYoungGen: 461888K->109568K(504320K)] 741728K->527720K(1902592K), 0.0662462 secs] [Times: user=0.40 sys=0.00, real=0.07 secs] 
5697.984: [GC (Allocation Failure) [PSYoungGen: 428544K->153504K(505856K)] 846696K->677661K(1904128K), 0.0535650 secs] [Times: user=0.32 sys=0.00, real=0.06 secs] 
5699.133: [GC (Allocation Failure) [PSYoungGen: 472480K->108832K(508416K)] 996637K->777805K(1906688K), 0.0680405 secs] [Times: user=0.40 sys=0.00, real=0.07 secs] 
5700.379: [GC (Allocation Failure) [PSYoungGen: 417498K->147200K(506880K)] 1086472K->921443K(1905152K), 0.0916571 secs] [Times: user=0.54 sys=0.00, real=0.09 secs] 
5703.174: [GC (Allocation Failure) [PSYoungGen: 465664K->105760K(506368K)] 1239907K->1018435K(1904640K), 0.0923871 secs] [Times: user=0.55 sys=0.00, real=0.10 secs] 
5704.001: [GC (Allocation Failure) [PSYoungGen: 425760K->187360K(507392K)] 1338435K->1202521K(1905664K), 0.0536785 secs] [Times: user=0.32 sys=0.00, real=0.05 secs] 
5706.294: [GC (Allocation Failure) [PSYoungGen: 507360K->101664K(424448K)] 1522521K->1270717K(1822720K), 0.1365320 secs] [Times: user=0.81 sys=0.00, real=0.14 secs] 
5706.722: [GC (Allocation Failure) [PSYoungGen: 334624K->116704K(465920K)] 1503677K->1381899K(1864192K), 0.0529609 secs] [Times: user=0.31 sys=0.00, real=0.05 secs] 
5706.775: [Full GC (Ergonomics) [PSYoungGen: 116704K->0K(465920K)] [ParOldGen: 1265195K->179499K(1398272K)] 1381899K->179499K(1864192K), [Metaspace: 59713K->59713K(1105920K)], 0.4343648 secs] [Times: user=2.01 sys=0.01, real=0.44 secs] 
5708.213: [GC (Allocation Failure) [PSYoungGen: 232960K->82272K(463360K)] 412459K->261771K(1861632K), 0.0315984 secs] [Times: user=0.18 sys=0.00, real=0.03 secs] 
5710.676: [GC (Allocation Failure) [PSYoungGen: 314266K->93248K(464896K)] 493766K->354183K(1863168K), 0.0705786 secs] [Times: user=0.41 sys=0.00, real=0.07 secs] 
5710.925: [GC (Allocation Failure) [PSYoungGen: 326720K->118048K(452608K)] 587655K->466584K(1850880K), 0.0508725 secs] [Times: user=0.30 sys=0.00, real=0.06 secs] 
5712.286: [GC (Allocation Failure) [PSYoungGen: 358176K->60608K(458752K)] 706712K->527264K(1857024K), 0.0825228 secs] [Times: user=0.49 sys=0.01, real=0.08 secs] 
5713.833: [GC (Allocation Failure) [PSYoungGen: 300736K->116160K(462336K)] 767392K->640008K(1860608K), 0.0362492 secs] [Times: user=0.21 sys=0.00, real=0.04 secs] 
5715.603: [GC (Allocation Failure) [PSYoungGen: 376256K->108000K(470528K)] 900104K->739232K(1868800K), 0.0593295 secs] [Times: user=0.35 sys=0.00, real=0.06 secs] 
5717.335: [GC (Allocation Failure) [PSYoungGen: 365663K->93376K(478208K)] 996895K->832612K(1876480K), 0.0835099 secs] [Times: user=0.50 sys=0.00, real=0.09 secs] 
5717.688: [GC (Allocation Failure) [PSYoungGen: 378560K->141760K(483840K)] 1117796K->968336K(1882112K), 0.0555040 secs] [Times: user=0.33 sys=0.00, real=0.05 secs] 
5719.708: [GC (Allocation Failure) [PSYoungGen: 426944K->84800K(496640K)] 1253520K->1052568K(1894912K), 0.1260992 secs] [Times: user=0.69 sys=0.01, real=0.12 secs] 
5720.284: [GC (GCLocker Initiated GC) [PSYoungGen: 384832K->149344K(449536K)] 1352601K->1195837K(1847808K), 0.0798072 secs] [Times: user=0.48 sys=0.00, real=0.08 secs] 
5723.645: [GC (Allocation Failure) [PSYoungGen: 449376K->87200K(499712K)] 1495872K->1283216K(1897984K), 0.1435921 secs] [Times: user=0.85 sys=0.00, real=0.15 secs] 
5724.030: [GC (Allocation Failure) [PSYoungGen: 384672K->148032K(445952K)] 1580688K->1425173K(1844224K), 0.0554532 secs] [Times: user=0.33 sys=0.01, real=0.05 secs] 
5724.086: [Full GC (Ergonomics) [PSYoungGen: 148032K->0K(445952K)] [ParOldGen: 1277141K->222250K(1398272K)] 1425173K->222250K(1844224K), [Metaspace: 59713K->59713K(1105920K)], 0.5504719 secs] [Times: user=2.58 sys=0.00, real=0.56 secs] 
5727.749: [GC (Allocation Failure) [PSYoungGen: 297472K->86240K(499200K)] 519722K->308490K(1897472K), 0.1095085 secs] [Times: user=0.65 sys=0.00, real=0.11 secs] 
5728.299: [GC (Allocation Failure) [PSYoungGen: 382688K->148672K(445440K)] 604938K->451111K(1843712K), 0.0518071 secs] [Times: user=0.31 sys=0.00, real=0.05 secs] 
5730.891: [GC (Allocation Failure) [PSYoungGen: 441486K->87712K(498176K)] 743925K->538895K(1896448K), 0.1499821 secs] [Times: user=0.89 sys=0.00, real=0.15 secs] 
5732.083: [GC (Allocation Failure) [PSYoungGen: 377196K->138176K(495104K)] 828380K->672924K(1893376K), 0.0487179 secs] [Times: user=0.29 sys=0.00, real=0.05 secs] 
5733.529: [GC (Allocation Failure) [PSYoungGen: 432576K->100128K(489984K)] 967324K->764484K(1888256K), 0.0627631 secs] [Times: user=0.37 sys=0.00, real=0.06 secs] 
5735.255: [GC (Allocation Failure) [PSYoungGen: 397600K->141024K(492544K)] 1061956K->901281K(1890816K), 0.0485334 secs] [Times: user=0.28 sys=0.00, real=0.05 secs] 
5736.434: [GC (Allocation Failure) [PSYoungGen: 438496K->101472K(495104K)] 1198753K->993473K(1893376K), 0.0710433 secs] [Times: user=0.42 sys=0.00, real=0.07 secs] 
5738.324: [GC (Allocation Failure) [PSYoungGen: 408672K->145600K(498688K)] 1300673K->1135321K(1896960K), 0.0511673 secs] [Times: user=0.30 sys=0.00, real=0.05 secs] 
5739.585: [GC (Allocation Failure) [PSYoungGen: 452800K->106144K(500736K)] 1442521K->1232273K(1899008K), 0.0818307 secs] [Times: user=0.48 sys=0.00, real=0.09 secs] 
5740.732: [GC (Allocation Failure) [PSYoungGen: 418464K->149664K(502272K)] 1544593K->1378454K(1900544K), 0.0539520 secs] [Times: user=0.32 sys=0.00, real=0.06 secs] 
5740.786: [Full GC (Ergonomics) [PSYoungGen: 149664K->0K(502272K)] [ParOldGen: 1228790K->186274K(1398272K)] 1378454K->186274K(1900544K), [Metaspace: 59713K->59713K(1105920K)], 0.4569738 secs] [Times: user=2.14 sys=0.00, real=0.45 secs] 
5742.785: [GC (Allocation Failure) [PSYoungGen: 312320K->104288K(504832K)] 498594K->290562K(1903104K), 0.0519021 secs] [Times: user=0.30 sys=0.02, real=0.06 secs] 
5744.831: [GC (Allocation Failure) [PSYoungGen: 419168K->150272K(504832K)] 605442K->436367K(1903104K), 0.0511158 secs] [Times: user=0.31 sys=0.00, real=0.05 secs] 
5746.539: [GC (Allocation Failure) [PSYoungGen: 465152K->109728K(503808K)] 751247K->537063K(1902080K), 0.1155259 secs] [Times: user=0.68 sys=0.00, real=0.11 secs] 
5748.340: [GC (Allocation Failure) [PSYoungGen: 424605K->148576K(504320K)] 851941K->681940K(1902592K), 0.0525997 secs] [Times: user=0.31 sys=0.00, real=0.05 secs] 
5749.772: [GC (Allocation Failure) [PSYoungGen: 463456K->108288K(504320K)] 996820K->781240K(1902592K), 0.0932658 secs] [Times: user=0.55 sys=0.00, real=0.09 secs] 
5750.513: [GC (GCLocker Initiated GC) [PSYoungGen: 425216K->153696K(505344K)] 1098168K->931889K(1903616K), 0.0964674 secs] [Times: user=0.48 sys=0.00, real=0.10 secs] 
5753.388: [GC (Allocation Failure) [PSYoungGen: 470624K->95680K(506880K)] 1248820K->1027660K(1905152K), 0.1576556 secs] [Times: user=0.94 sys=0.00, real=0.15 secs] 
5753.895: [GC (Allocation Failure) [PSYoungGen: 409024K->157184K(471040K)] 1341004K->1179141K(1869312K), 0.0565211 secs] [Times: user=0.34 sys=0.00, real=0.06 secs] 
5757.319: [GC (Allocation Failure) [PSYoungGen: 470528K->92448K(502784K)] 1492485K->1271797K(1901056K), 0.1636235 secs] [Times: user=0.97 sys=0.00, real=0.16 secs] 
5757.955: [GC (Allocation Failure) [PSYoungGen: 397600K->151840K(457216K)] 1576949K->1417685K(1855488K), 0.0550269 secs] [Times: user=0.33 sys=0.00, real=0.06 secs] 
5758.010: [Full GC (Ergonomics) [PSYoungGen: 151840K->0K(457216K)] [ParOldGen: 1265845K->215889K(1398272K)] 1417685K->215889K(1855488K), [Metaspace: 59715K->59715K(1105920K)], 0.5112151 secs] [Times: user=2.40 sys=0.00, real=0.51 secs] 
5760.857: [GC (Allocation Failure) [PSYoungGen: 305152K->92320K(500736K)] 521041K->308209K(1899008K), 0.1283227 secs] [Times: user=0.69 sys=0.00, real=0.12 secs] 
5761.308: [GC (Allocation Failure) [PSYoungGen: 393376K->147904K(499200K)] 609265K->450625K(1897472K), 0.0532723 secs] [Times: user=0.31 sys=0.01, real=0.05 secs] 
5763.280: [GC (Allocation Failure) [PSYoungGen: 448960K->102912K(495104K)] 751681K->552569K(1893376K), 0.1570623 secs] [Times: user=0.92 sys=0.00, real=0.16 secs] 
5763.767: [GC (Allocation Failure) [PSYoungGen: 403968K->149824K(497152K)] 853625K->688566K(1895424K), 0.0544942 secs] [Times: user=0.33 sys=0.00, real=0.05 secs] 
5766.358: [GC (Allocation Failure) [PSYoungGen: 448859K->90112K(501248K)] 987602K->778342K(1899520K), 0.1482667 secs] [Times: user=0.88 sys=0.00, real=0.15 secs] 
5767.005: [GC (Allocation Failure) [PSYoungGen: 392704K->147072K(450048K)] 1080934K->921551K(1848320K), 0.0535560 secs] [Times: user=0.32 sys=0.01, real=0.06 secs] 
5770.659: [GC (Allocation Failure) [PSYoungGen: 449664K->90240K(501248K)] 1224143K->1011439K(1899520K), 0.1678289 secs] [Times: user=1.00 sys=0.00, real=0.17 secs] 
5772.298: [GC (Allocation Failure) [PSYoungGen: 389151K->143488K(499712K)] 1310350K->1151380K(1897984K), 0.0496939 secs] [Times: user=0.30 sys=0.00, real=0.05 secs] 
5774.032: [GC (Allocation Failure) [PSYoungGen: 445568K->99968K(496128K)] 1453460K->1242908K(1894400K), 0.1097436 secs] [Times: user=0.64 sys=0.01, real=0.11 secs] 
5775.468: [GC (Allocation Failure) [PSYoungGen: 403072K->145632K(498176K)] 1546012K->1384545K(1896448K), 0.0494654 secs] [Times: user=0.30 sys=0.00, real=0.05 secs] 
5775.518: [Full GC (Ergonomics) [PSYoungGen: 145632K->0K(498176K)] [ParOldGen: 1238913K->190068K(1398272K)] 1384545K->190068K(1896448K), [Metaspace: 59715K->59715K(1105920K)], 0.4618307 secs] [Times: user=2.15 sys=0.00, real=0.46 secs] 
5777.437: [GC (Allocation Failure) [PSYoungGen: 303104K->104288K(497152K)] 493172K->294356K(1895424K), 0.0503821 secs] [Times: user=0.29 sys=0.00, real=0.05 secs] 
5778.075: [GC (Allocation Failure) [PSYoungGen: 411488K->149856K(499712K)] 601556K->440495K(1897984K), 0.0506224 secs] [Times: user=0.30 sys=0.00, real=0.06 secs] 
5780.011: [GC (Allocation Failure) [PSYoungGen: 457056K->103488K(502784K)] 747695K->535047K(1901056K), 0.1416232 secs] [Times: user=0.84 sys=0.00, real=0.14 secs] 
5781.416: [GC (Allocation Failure) [PSYoungGen: 413760K->151424K(502784K)] 845319K->682568K(1901056K), 0.0501460 secs] [Times: user=0.30 sys=0.00, real=0.05 secs] 
5783.761: [GC (Allocation Failure) [PSYoungGen: 461696K->102400K(503296K)] 992840K->776600K(1901568K), 0.1596726 secs] [Times: user=0.94 sys=0.01, real=0.16 secs] 
5785.856: [GC (Allocation Failure) [PSYoungGen: 411175K->148768K(502784K)] 1085376K->921149K(1901056K), 0.0500966 secs] [Times: user=0.30 sys=0.00, real=0.06 secs] 
5788.351: [GC (Allocation Failure) [PSYoungGen: 458528K->104448K(501248K)] 1230909K->1016917K(1899520K), 0.1781086 secs] [Times: user=1.06 sys=0.00, real=0.18 secs] 
5789.711: [GC (Allocation Failure) [PSYoungGen: 410195K->146144K(502272K)] 1322664K->1159471K(1900544K), 0.1184917 secs] [Times: user=0.69 sys=0.00, real=0.12 secs] 
5793.068: [GC (Allocation Failure) [PSYoungGen: 456416K->102240K(503296K)] 1469743K->1253395K(1901568K), 0.1672186 secs] [Times: user=0.99 sys=0.00, real=0.16 secs] 
5794.392: [GC (Allocation Failure) [PSYoungGen: 406321K->148960K(504320K)] 1557477K->1397767K(1902592K), 0.0497206 secs] [Times: user=0.30 sys=0.00, real=0.05 secs] 
5794.442: [Full GC (Ergonomics) [PSYoungGen: 148960K->0K(504320K)] [ParOldGen: 1248807K->195576K(1398272K)] 1397767K->195576K(1902592K), [Metaspace: 59715K->59715K(1105920K)], 0.4780145 secs] [Times: user=2.23 sys=0.00, real=0.48 secs] 
5797.109: [GC (Allocation Failure) [PSYoungGen: 313344K->103808K(504320K)] 508920K->299384K(1902592K), 0.0871607 secs] [Times: user=0.51 sys=0.00, real=0.09 secs] 
5798.216: [GC (Allocation Failure) [PSYoungGen: 407793K->147712K(504832K)] 603369K->442669K(1903104K), 0.0492281 secs] [Times: user=0.29 sys=0.00, real=0.04 secs] 
5800.278: [GC (Allocation Failure) [PSYoungGen: 462080K->105888K(503808K)] 757037K->539605K(1902080K), 0.1730846 secs] [Times: user=1.03 sys=0.00, real=0.17 secs] 
5801.817: [GC (Allocation Failure) [PSYoungGen: 409179K->145216K(504832K)] 842896K->680926K(1903104K), 0.0505147 secs] [Times: user=0.30 sys=0.00, real=0.05 secs] 
5803.940: [GC (Allocation Failure) [PSYoungGen: 460608K->108480K(503808K)] 996318K->780702K(1902080K), 0.1493448 secs] [Times: user=0.89 sys=0.00, real=0.15 secs] 
5804.655: [GC (Allocation Failure) [PSYoungGen: 426944K->154048K(505856K)] 1099166K->931111K(1904128K), 0.0533111 secs] [Times: user=0.31 sys=0.00, real=0.06 secs] 
5807.183: [GC (Allocation Failure) [PSYoungGen: 472512K->99232K(508416K)] 1249575K->1030247K(1906688K), 0.1491525 secs] [Times: user=0.88 sys=0.00, real=0.15 secs] 
5807.621: [GC (Allocation Failure) [PSYoungGen: 415648K->158720K(475648K)] 1346663K->1183060K(1873920K), 0.0570830 secs] [Times: user=0.34 sys=0.00, real=0.06 secs] 
5811.014: [GC (Allocation Failure) [PSYoungGen: 475136K->93632K(503296K)] 1499476K->1276660K(1901568K), 0.1688735 secs] [Times: user=1.01 sys=0.00, real=0.17 secs] 
5811.436: [GC (Allocation Failure) [PSYoungGen: 400320K->153632K(460800K)] 1583348K->1423864K(1859072K), 0.0554669 secs] [Times: user=0.32 sys=0.00, real=0.05 secs] 
5811.492: [Full GC (Ergonomics) [PSYoungGen: 153632K->0K(460800K)] [ParOldGen: 1270232K->223243K(1398272K)] 1423864K->223243K(1859072K), [Metaspace: 59715K->59715K(1105920K)], 0.5330567 secs] [Times: user=2.51 sys=0.00, real=0.53 secs] 
5815.516: [GC (Allocation Failure) [PSYoungGen: 306688K->87904K(500224K)] 529931K->311147K(1898496K), 0.1216347 secs] [Times: user=0.72 sys=0.00, real=0.12 secs] 
5816.160: [GC (Allocation Failure) [PSYoungGen: 388960K->149728K(451072K)] 612203K->454580K(1849344K), 0.0532828 secs] [Times: user=0.31 sys=0.00, real=0.05 secs] 
5818.545: [GC (Allocation Failure) [PSYoungGen: 450784K->91072K(499200K)] 755636K->545360K(1897472K), 0.1250056 secs] [Times: user=0.74 sys=0.00, real=0.13 secs] 
5819.248: [GC (Allocation Failure) [PSYoungGen: 389056K->147104K(497664K)] 843344K->686689K(1895936K), 0.1009367 secs] [Times: user=0.60 sys=0.00, real=0.10 secs] 
5822.101: [GC (Allocation Failure) [PSYoungGen: 445088K->90144K(497152K)] 984673K->776525K(1895424K), 0.1272776 secs] [Times: user=0.75 sys=0.00, real=0.13 secs] 
5822.860: [GC (Allocation Failure) [PSYoungGen: 379105K->138304K(497664K)] 1065487K->911254K(1895936K), 0.1213948 secs] [Times: user=0.72 sys=0.00, real=0.12 secs] 
5825.932: [GC (Allocation Failure) [PSYoungGen: 436800K->98016K(494592K)] 1209750K->1000818K(1892864K), 0.0708454 secs] [Times: user=0.42 sys=0.00, real=0.07 secs] 
5826.631: [GC (Allocation Failure) [PSYoungGen: 400096K->148224K(496640K)] 1302898K->1145947K(1894912K), 0.0497540 secs] [Times: user=0.30 sys=0.00, real=0.05 secs] 
5828.624: [GC (Allocation Failure) [PSYoungGen: 450304K->100512K(500224K)] 1448027K->1238331K(1898496K), 0.0655524 secs] [Times: user=0.39 sys=0.01, real=0.07 secs] 
5830.033: [GC (Allocation Failure) [PSYoungGen: 407200K->147168K(500736K)] 1545019K->1382660K(1899008K), 0.0513069 secs] [Times: user=0.30 sys=0.00, real=0.05 secs] 
5830.084: [Full GC (Ergonomics) [PSYoungGen: 147168K->0K(500736K)] [ParOldGen: 1235492K->189864K(1398272K)] 1382660K->189864K(1899008K), [Metaspace: 59715K->59715K(1105920K)], 0.4615173 secs] [Times: user=2.15 sys=0.00, real=0.46 secs] 
5832.075: [GC (Allocation Failure) [PSYoungGen: 306688K->103232K(499712K)] 496552K->293096K(1897984K), 0.0314779 secs] [Times: user=0.19 sys=0.00, real=0.04 secs] 
5833.947: [GC (Allocation Failure) [PSYoungGen: 411968K->146560K(501248K)] 601832K->436337K(1899520K), 0.0500198 secs] [Times: user=0.30 sys=0.00, real=0.05 secs] 
5836.191: [GC (Allocation Failure) [PSYoungGen: 455296K->101888K(502272K)] 745073K->529525K(1900544K), 0.0645683 secs] [Times: user=0.38 sys=0.01, real=0.06 secs] 
5838.020: [GC (Allocation Failure) [PSYoungGen: 413696K->150112K(503296K)] 841333K->675842K(1901568K), 0.0504527 secs] [Times: user=0.29 sys=0.00, real=0.05 secs] 
5841.310: [GC (Allocation Failure) [PSYoungGen: 461920K->107008K(502784K)] 987650K->774234K(1901056K), 0.1371165 secs] [Times: user=0.81 sys=0.01, real=0.14 secs] 
5842.348: [GC (Allocation Failure) [PSYoungGen: 419328K->148672K(503296K)] 1086554K->919250K(1901568K), 0.0522663 secs] [Times: user=0.31 sys=0.00, real=0.05 secs] 
5844.746: [GC (Allocation Failure) [PSYoungGen: 460992K->106848K(503296K)] 1231570K->1017318K(1901568K), 0.1002932 secs] [Times: user=0.59 sys=0.00, real=0.10 secs] 
5845.142: [GC (Allocation Failure) [PSYoungGen: 409898K->145376K(504320K)] 1320368K->1159431K(1902592K), 0.0511802 secs] [Times: user=0.31 sys=0.00, real=0.05 secs] 
5847.269: [GC (Allocation Failure) [PSYoungGen: 459744K->107840K(503296K)] 1473799K->1258807K(1901568K), 0.1339735 secs] [Times: user=0.80 sys=0.01, real=0.13 secs] 
5847.965: [GC (Allocation Failure) [PSYoungGen: 425280K->155744K(505344K)] 1576247K->1411184K(1903616K), 0.0527137 secs] [Times: user=0.31 sys=0.00, real=0.06 secs] 
5848.018: [Full GC (Ergonomics) [PSYoungGen: 155744K->0K(505344K)] [ParOldGen: 1255440K->209026K(1398272K)] 1411184K->209026K(1903616K), [Metaspace: 59715K->59715K(1105920K)], 0.4921572 secs] [Times: user=2.30 sys=0.00, real=0.49 secs] 
5851.484: [GC (Allocation Failure) [PSYoungGen: 317440K->95648K(506880K)] 526466K->304674K(1905152K), 0.1645779 secs] [Times: user=0.97 sys=0.00, real=0.17 secs] 
5852.174: [GC (Allocation Failure) [PSYoungGen: 408992K->154912K(468480K)] 618018K->453747K(1866752K), 0.0552791 secs] [Times: user=0.33 sys=0.00, real=0.06 secs] 
5854.732: [GC (Allocation Failure) [PSYoungGen: 468256K->99040K(504320K)] 767091K->552619K(1902592K), 0.1781887 secs] [Times: user=1.06 sys=0.00, real=0.18 secs] 
5855.175: [GC (Allocation Failure) [PSYoungGen: 406752K->154656K(462848K)] 860331K->697476K(1861120K), 0.0553972 secs] [Times: user=0.33 sys=0.00, real=0.06 secs] 
5858.698: [GC (Allocation Failure) [PSYoungGen: 462368K->88608K(500736K)] 1005188K->786024K(1899008K), 0.1706648 secs] [Times: user=1.01 sys=0.01, real=0.17 secs] 
5859.406: [GC (Allocation Failure) [PSYoungGen: 390688K->151488K(453632K)] 1088104K->931229K(1851904K), 0.0544759 secs] [Times: user=0.32 sys=0.00, real=0.06 secs] 
5861.633: [GC (Allocation Failure) [PSYoungGen: 453568K->91360K(499200K)] 1233309K->1022621K(1897472K), 0.1526536 secs] [Times: user=0.91 sys=0.00, real=0.16 secs] 
5862.127: [GC (Allocation Failure) [PSYoungGen: 389344K->166112K(464384K)] 1320605K->1182974K(1862656K), 0.0543700 secs] [Times: user=0.33 sys=0.00, real=0.05 secs] 
5865.015: [GC (Allocation Failure) [PSYoungGen: 464096K->87232K(492032K)] 1480958K->1253822K(1890304K), 0.1616757 secs] [Times: user=0.96 sys=0.00, real=0.17 secs] 
5865.897: [GC (Allocation Failure) [PSYoungGen: 371392K->138496K(422912K)] 1537982K->1388279K(1821184K), 0.0485635 secs] [Times: user=0.29 sys=0.00, real=0.04 secs] 
5865.945: [Full GC (Ergonomics) [PSYoungGen: 138496K->0K(422912K)] [ParOldGen: 1249783K->195430K(1398272K)] 1388279K->195430K(1821184K), [Metaspace: 59715K->59715K(1105920K)], 0.4823623 secs] [Times: user=2.26 sys=0.00, real=0.49 secs] 
5867.454: [GC (Allocation Failure) [PSYoungGen: 284160K->93152K(491008K)] 479590K->288582K(1889280K), 0.0291908 secs] [Times: user=0.17 sys=0.00, real=0.03 secs] 
5869.369: [GC (Allocation Failure) [PSYoungGen: 379868K->135520K(488448K)] 575299K->418371K(1886720K), 0.0451511 secs] [Times: user=0.27 sys=0.00, real=0.04 secs] 
5870.935: [GC (Allocation Failure) [PSYoungGen: 422240K->98400K(494080K)] 705091K->507579K(1892352K), 0.0620612 secs] [Times: user=0.37 sys=0.00, real=0.07 secs] 
5872.699: [GC (Allocation Failure) [PSYoungGen: 394336K->136672K(491520K)] 803515K->643032K(1889792K), 0.0512339 secs] [Times: user=0.30 sys=0.00, real=0.05 secs] 
5875.293: [GC (Allocation Failure) [PSYoungGen: 432608K->106016K(498176K)] 938968K->739960K(1896448K), 0.0627790 secs] [Times: user=0.37 sys=0.00, real=0.07 secs] 
5877.602: [GC (Allocation Failure) [PSYoungGen: 415264K->136320K(498688K)] 1049208K->875141K(1896960K), 0.0582279 secs] [Times: user=0.35 sys=0.00, real=0.06 secs] 
5878.857: [GC (Allocation Failure) [PSYoungGen: 445568K->113952K(499712K)] 1184389K->979581K(1897984K), 0.0651930 secs] [Times: user=0.39 sys=0.00, real=0.06 secs] 
5881.004: [GC (Allocation Failure) [PSYoungGen: 434976K->145952K(504320K)] 1300605K->1124154K(1902592K), 0.0550924 secs] [Times: user=0.33 sys=0.00, real=0.06 secs] 
5882.432: [GC (Allocation Failure) [PSYoungGen: 466976K->112960K(509440K)] 1445178K->1228042K(1907712K), 0.0679842 secs] [Times: user=0.40 sys=0.00, real=0.07 secs] 
5883.457: [GC (Allocation Failure) [PSYoungGen: 442176K->156896K(486400K)] 1557258K->1384051K(1884672K), 0.0570210 secs] [Times: user=0.33 sys=0.00, real=0.05 secs] 
5883.514: [Full GC (Ergonomics) [PSYoungGen: 156896K->0K(486400K)] [ParOldGen: 1227155K->182507K(1398272K)] 1384051K->182507K(1884672K), [Metaspace: 59716K->59716K(1105920K)], 0.4423958 secs] [Times: user=2.05 sys=0.00, real=0.45 secs] 
5885.793: [GC (Allocation Failure) [PSYoungGen: 329216K->110080K(514048K)] 511723K->292587K(1912320K), 0.0701583 secs] [Times: user=0.41 sys=0.00, real=0.07 secs] 
5887.405: [GC (Allocation Failure) [PSYoungGen: 435712K->154400K(480256K)] 618219K->443360K(1878528K), 0.0534658 secs] [Times: user=0.32 sys=0.00, real=0.06 secs] 
5890.162: [GC (Allocation Failure) [PSYoungGen: 480032K->108672K(512000K)] 768992K->543408K(1910272K), 0.1501312 secs] [Times: user=0.89 sys=0.01, real=0.15 secs] 
5891.064: [GC (Allocation Failure) [PSYoungGen: 430720K->158272K(480768K)] 865456K->697493K(1879040K), 0.0528441 secs] [Times: user=0.31 sys=0.00, real=0.06 secs] 
5895.219: [GC (Allocation Failure) [PSYoungGen: 480320K->93664K(506368K)] 1019541K->791129K(1904640K), 0.1737696 secs] [Times: user=1.03 sys=0.00, real=0.17 secs] 
5895.663: [GC (Allocation Failure) [PSYoungGen: 407008K->157120K(470528K)] 1104473K->942670K(1868800K), 0.0550883 secs] [Times: user=0.32 sys=0.00, real=0.06 secs] 
5900.257: [GC (Allocation Failure) [PSYoungGen: 470464K->90944K(501760K)] 1256014K->1033694K(1900032K), 0.1741794 secs] [Times: user=1.04 sys=0.01, real=0.17 secs] 
5900.853: [GC (Allocation Failure) [PSYoungGen: 395072K->167232K(471552K)] 1337822K->1194783K(1869824K), 0.0544286 secs] [Times: user=0.32 sys=0.00, real=0.06 secs] 
5902.365: [GC (Allocation Failure) [PSYoungGen: 471360K->97088K(495616K)] 1498911K->1275199K(1893888K), 0.0808329 secs] [Times: user=0.47 sys=0.00, real=0.08 secs] 
5902.733: [GC (Allocation Failure) [PSYoungGen: 386880K->142272K(432128K)] 1564991K->1411588K(1830400K), 0.0552018 secs] [Times: user=0.32 sys=0.01, real=0.06 secs] 
5902.788: [Full GC (Ergonomics) [PSYoungGen: 142272K->0K(432128K)] [ParOldGen: 1269316K->209452K(1398272K)] 1411588K->209452K(1830400K), [Metaspace: 59716K->59716K(1105920K)], 0.4945637 secs] [Times: user=2.32 sys=0.00, real=0.49 secs] 
5905.368: [GC (Allocation Failure) [PSYoungGen: 289792K->86624K(492032K)] 499244K->296076K(1890304K), 0.1618882 secs] [Times: user=0.96 sys=0.00, real=0.16 secs] 
5906.386: [GC (Allocation Failure) [PSYoungGen: 376928K->141472K(491520K)] 586380K->433249K(1889792K), 0.0476725 secs] [Times: user=0.28 sys=0.01, real=0.04 secs] 
5908.086: [GC (Allocation Failure) [PSYoungGen: 431776K->94464K(495104K)] 723553K->518625K(1893376K), 0.1157727 secs] [Times: user=0.69 sys=0.00, real=0.11 secs] 
5909.959: [GC (Allocation Failure) [PSYoungGen: 391936K->142848K(495616K)] 816097K->657318K(1893888K), 0.0485986 secs] [Times: user=0.29 sys=0.00, real=0.05 secs] 
5911.187: [GC (Allocation Failure) [PSYoungGen: 440320K->102464K(493568K)] 954790K->750806K(1891840K), 0.0637565 secs] [Times: user=0.38 sys=0.00, real=0.06 secs] 
5912.767: [GC (Allocation Failure) [PSYoungGen: 405056K->141600K(497152K)] 1053398K->890111K(1895424K), 0.0510780 secs] [Times: user=0.30 sys=0.00, real=0.05 secs] 
5913.955: [GC (Allocation Failure) [PSYoungGen: 444192K->105184K(496128K)] 1192703K->986159K(1894400K), 0.0640060 secs] [Times: user=0.38 sys=0.00, real=0.07 secs] 
5915.243: [GC (Allocation Failure) [PSYoungGen: 414944K->149184K(500224K)] 1295919K->1133284K(1898496K), 0.0537793 secs] [Times: user=0.32 sys=0.00, real=0.06 secs] 
5918.040: [GC (Allocation Failure) [PSYoungGen: 458944K->104096K(504832K)] 1443044K->1228868K(1903104K), 0.0679035 secs] [Times: user=0.40 sys=0.00, real=0.07 secs] 
5920.482: [GC (Allocation Failure) [PSYoungGen: 418464K->148704K(504832K)] 1543236K->1375037K(1903104K), 0.0530006 secs] [Times: user=0.32 sys=0.00, real=0.05 secs] 
5920.535: [Full GC (Ergonomics) [PSYoungGen: 148704K->0K(504832K)] [ParOldGen: 1226333K->181855K(1398272K)] 1375037K->181855K(1903104K), [Metaspace: 59716K->59716K(1105920K)], 0.4386468 secs] [Times: user=2.03 sys=0.00, real=0.44 secs] 
5923.112: [GC (Allocation Failure) [PSYoungGen: 314368K->107360K(503296K)] 496223K->289215K(1901568K), 0.0416372 secs] [Times: user=0.24 sys=0.00, real=0.04 secs] 
5924.590: [GC (Allocation Failure) [PSYoungGen: 422240K->151648K(504320K)] 604095K->435003K(1902592K), 0.0524538 secs] [Times: user=0.31 sys=0.00, real=0.05 secs] 
5926.411: [GC (Allocation Failure) [PSYoungGen: 466528K->107008K(505856K)] 749883K->533111K(1904128K), 0.1039090 secs] [Times: user=0.61 sys=0.00, real=0.10 secs] 
5927.491: [GC (Allocation Failure) [PSYoungGen: 422400K->152352K(467968K)] 848503K->681560K(1866240K), 0.0522468 secs] [Times: user=0.31 sys=0.00, real=0.05 secs] 
5930.087: [GC (GCLocker Initiated GC) [PSYoungGen: 467744K->106016K(507904K)] 996953K->778577K(1906176K), 0.1489436 secs] [Times: user=0.89 sys=0.01, real=0.15 secs] 
5930.590: [GC (Allocation Failure) [PSYoungGen: 419872K->170560K(484864K)] 1092436K->945313K(1883136K), 0.0525503 secs] [Times: user=0.31 sys=0.00, real=0.05 secs] 
5933.875: [GC (Allocation Failure) [PSYoungGen: 484416K->94688K(499200K)] 1259169K->1023753K(1897472K), 0.1630016 secs] [Times: user=0.97 sys=0.00, real=0.17 secs] 
5934.326: [GC (Allocation Failure) [PSYoungGen: 376658K->138016K(436224K)] 1305723K->1158278K(1834496K), 0.0514249 secs] [Times: user=0.30 sys=0.00, real=0.05 secs] 
5936.306: [GC (Allocation Failure) [PSYoungGen: 436000K->96736K(497152K)] 1456262K->1246630K(1895424K), 0.0960415 secs] [Times: user=0.57 sys=0.00, real=0.09 secs] 
5938.182: [GC (Allocation Failure) [PSYoungGen: 396768K->143008K(495104K)] 1546662K->1386154K(1893376K), 0.0492500 secs] [Times: user=0.29 sys=0.00, real=0.05 secs] 
5938.232: [Full GC (Ergonomics) [PSYoungGen: 143008K->0K(495104K)] [ParOldGen: 1243146K->184837K(1398272K)] 1386154K->184837K(1893376K), [Metaspace: 59716K->59716K(1105920K)], 0.4462570 secs] [Times: user=2.07 sys=0.00, real=0.45 secs] 
5939.834: [GC (Allocation Failure) [PSYoungGen: 300032K->101248K(500736K)] 484869K->286085K(1899008K), 0.0320602 secs] [Times: user=0.19 sys=0.00, real=0.03 secs] 
5941.846: [GC (Allocation Failure) [PSYoungGen: 409984K->145952K(501248K)] 594821K->429702K(1899520K), 0.0505860 secs] [Times: user=0.30 sys=0.00, real=0.06 secs] 
5943.593: [GC (Allocation Failure) [PSYoungGen: 454688K->106816K(500736K)] 738438K->527822K(1899008K), 0.0676946 secs] [Times: user=0.39 sys=0.01, real=0.07 secs] 
5945.319: [GC (Allocation Failure) [PSYoungGen: 419136K->150016K(502784K)] 840142K->673351K(1901056K), 0.0520216 secs] [Times: user=0.31 sys=0.00, real=0.05 secs] 
5947.573: [GC (Allocation Failure) [PSYoungGen: 462336K->109440K(503296K)] 985671K->773379K(1901568K), 0.1000795 secs] [Times: user=0.59 sys=0.00, real=0.10 secs] 
5948.788: [GC (Allocation Failure) [PSYoungGen: 424320K->151520K(504320K)] 1088259K->920760K(1902592K), 0.0525453 secs] [Times: user=0.31 sys=0.00, real=0.05 secs] 
5953.194: [GC (Allocation Failure) [PSYoungGen: 466400K->102048K(507392K)] 1235640K->1013680K(1905664K), 0.1621462 secs] [Times: user=0.97 sys=0.00, real=0.17 secs] 
5955.073: [GC (Allocation Failure) [PSYoungGen: 413176K->149664K(464896K)] 1324808K->1158924K(1863168K), 0.0502580 secs] [Times: user=0.30 sys=0.00, real=0.05 secs] 
5957.538: [GC (Allocation Failure) [PSYoungGen: 464544K->104704K(508416K)] 1473804K->1255084K(1906688K), 0.1431687 secs] [Times: user=0.84 sys=0.00, real=0.14 secs] 
5959.076: [GC (Allocation Failure) [PSYoungGen: 408846K->147488K(505344K)] 1559227K->1397901K(1903616K), 0.0506950 secs] [Times: user=0.30 sys=0.00, real=0.05 secs] 
5959.126: [Full GC (Ergonomics) [PSYoungGen: 147488K->0K(505344K)] [ParOldGen: 1250413K->196133K(1398272K)] 1397901K->196133K(1903616K), [Metaspace: 59716K->59716K(1105920K)], 0.4795568 secs] [Times: user=2.24 sys=0.00, real=0.48 secs] 
5961.260: [GC (Allocation Failure) [PSYoungGen: 314880K->107648K(504320K)] 511013K->303781K(1902592K), 0.0559016 secs] [Times: user=0.32 sys=0.01, real=0.05 secs] 
5962.352: [GC (Allocation Failure) [PSYoungGen: 423552K->185824K(501760K)] 619685K->485862K(1900032K), 0.0526623 secs] [Times: user=0.31 sys=0.00, real=0.05 secs] 
5964.536: [GC (GCLocker Initiated GC) [PSYoungGen: 501728K->97152K(488448K)] 801767K->550239K(1886720K), 0.1731973 secs] [Times: user=1.03 sys=0.00, real=0.17 secs] 
5965.145: [GC (Allocation Failure) [PSYoungGen: 388480K->136064K(495104K)] 857952K->697236K(1893376K), 0.2436723 secs] [Times: user=1.46 sys=0.01, real=0.25 secs] 
5967.915: [GC (Allocation Failure) [PSYoungGen: 427392K->87264K(493056K)] 988564K->784500K(1891328K), 0.4212533 secs] [Times: user=2.52 sys=0.01, real=0.43 secs] 
5968.980: [GC (Allocation Failure) [PSYoungGen: 380309K->140096K(495104K)] 1077545K->920515K(1893376K), 0.0488440 secs] [Times: user=0.29 sys=0.00, real=0.05 secs] 
5970.176: [GC (Allocation Failure) [PSYoungGen: 436032K->99840K(494080K)] 1216451K->1011635K(1892352K), 0.0663665 secs] [Times: user=0.39 sys=0.00, real=0.06 secs] 
5971.541: [GC (Allocation Failure) [PSYoungGen: 401920K->143712K(497152K)] 1313715K->1152212K(1895424K), 0.0495825 secs] [Times: user=0.29 sys=0.00, real=0.05 secs] 
5973.141: [GC (Allocation Failure) [PSYoungGen: 445792K->101440K(498688K)] 1454292K->1244732K(1896960K), 0.0755696 secs] [Times: user=0.46 sys=0.00, real=0.08 secs] 
5974.750: [GC (Allocation Failure) [PSYoungGen: 410176K->146624K(501248K)] 1553468K->1388117K(1899520K), 0.0512229 secs] [Times: user=0.30 sys=0.00, real=0.05 secs] 
5974.801: [Full GC (Ergonomics) [PSYoungGen: 146624K->0K(501248K)] [ParOldGen: 1241493K->186142K(1398272K)] 1388117K->186142K(1899520K), [Metaspace: 59716K->59716K(1105920K)], 0.4506009 secs] [Times: user=2.11 sys=0.00, real=0.45 secs] 
5976.990: [GC (Allocation Failure) [PSYoungGen: 308736K->106144K(500736K)] 494878K->292286K(1899008K), 0.0484435 secs] [Times: user=0.29 sys=0.00, real=0.05 secs] 
5978.707: [GC (Allocation Failure) [PSYoungGen: 418464K->148544K(502784K)] 604606K->437467K(1901056K), 0.0518807 secs] [Times: user=0.30 sys=0.00, real=0.05 secs] 
5981.149: [GC (Allocation Failure) [PSYoungGen: 460864K->105088K(504832K)] 749787K->533571K(1903104K), 0.1000707 secs] [Times: user=0.60 sys=0.00, real=0.10 secs] 
5981.865: [GC (Allocation Failure) [PSYoungGen: 419069K->151456K(505344K)] 847553K->682072K(1903616K), 0.0517710 secs] [Times: user=0.31 sys=0.00, real=0.06 secs] 
5984.643: [GC (Allocation Failure) [PSYoungGen: 466848K->104256K(506368K)] 997464K->778012K(1904640K), 0.0922920 secs] [Times: user=0.55 sys=0.00, real=0.09 secs] 
5985.292: [GC (Allocation Failure) [PSYoungGen: 402527K->146016K(505344K)] 1076283K->920849K(1903616K), 0.0541814 secs] [Times: user=0.32 sys=0.00, real=0.06 secs] 
5988.147: [GC (Allocation Failure) [PSYoungGen: 460384K->103296K(503808K)] 1235217K->1016057K(1902080K), 0.1568929 secs] [Times: user=0.93 sys=0.00, real=0.15 secs] 
5989.233: [GC (Allocation Failure) [PSYoungGen: 410250K->147680K(505344K)] 1323011K->1159858K(1903616K), 0.0507369 secs] [Times: user=0.31 sys=0.00, real=0.05 secs] 
5991.456: [GC (Allocation Failure) [PSYoungGen: 463584K->109664K(503808K)] 1475762K->1260926K(1902080K), 0.1642840 secs] [Times: user=0.97 sys=0.00, real=0.17 secs] 
5992.938: [GC (Allocation Failure) [PSYoungGen: 427104K->152064K(505344K)] 1578366K->1408935K(1903616K), 0.0529554 secs] [Times: user=0.31 sys=0.00, real=0.05 secs] 
5992.991: [Full GC (Ergonomics) [PSYoungGen: 152064K->0K(505344K)] [ParOldGen: 1256871K->206469K(1398272K)] 1408935K->206469K(1903616K), [Metaspace: 59716K->59716K(1105920K)], 0.4863026 secs] [Times: user=2.27 sys=0.00, real=0.49 secs] 
5997.218: [GC (Allocation Failure) [PSYoungGen: 314939K->94944K(507904K)] 521409K->301413K(1906176K), 0.1445867 secs] [Times: user=0.83 sys=0.00, real=0.14 secs] 
5998.051: [GC (Allocation Failure) [PSYoungGen: 410848K->155136K(471552K)] 617317K->452270K(1869824K), 0.0540071 secs] [Times: user=0.32 sys=0.00, real=0.05 secs] 
6001.389: [GC (Allocation Failure) [PSYoungGen: 471040K->95712K(504320K)] 768174K->547782K(1902592K), 0.1438410 secs] [Times: user=0.85 sys=0.01, real=0.14 secs] 
6002.229: [GC (Allocation Failure) [PSYoungGen: 404448K->154880K(463872K)] 856518K->696375K(1862144K), 0.0549981 secs] [Times: user=0.32 sys=0.00, real=0.05 secs] 
6005.949: [GC (Allocation Failure) [PSYoungGen: 463616K->92096K(501248K)] 1005111K->788535K(1899520K), 0.1540270 secs] [Times: user=0.91 sys=0.00, real=0.15 secs] 
6006.759: [GC (Allocation Failure) [PSYoungGen: 394688K->149568K(452608K)] 1091127K->932220K(1850880K), 0.0538367 secs] [Times: user=0.32 sys=0.00, real=0.05 secs] 
6009.148: [GC (Allocation Failure) [PSYoungGen: 452160K->91712K(500736K)] 1234812K->1023732K(1899008K), 0.1340446 secs] [Times: user=0.80 sys=0.00, real=0.13 secs] 
6009.635: [GC (Allocation Failure) [PSYoungGen: 392768K->166368K(467456K)] 1324788K->1184817K(1865728K), 0.0538194 secs] [Times: user=0.32 sys=0.00, real=0.06 secs] 
6013.095: [GC (Allocation Failure) [PSYoungGen: 467424K->87680K(493056K)] 1485873K->1256021K(1891328K), 0.0977224 secs] [Times: user=0.58 sys=0.00, real=0.10 secs] 
6013.623: [GC (Allocation Failure) [PSYoungGen: 373888K->138432K(424960K)] 1542229K->1390714K(1823232K), 0.0492452 secs] [Times: user=0.28 sys=0.00, real=0.05 secs] 
6013.672: [Full GC (Ergonomics) [PSYoungGen: 138432K->0K(424960K)] [ParOldGen: 1252282K->195971K(1398272K)] 1390714K->195971K(1823232K), [Metaspace: 59716K->59716K(1105920K)], 0.4769463 secs] [Times: user=2.22 sys=0.01, real=0.48 secs] 
6016.360: [GC (Allocation Failure) [PSYoungGen: 286208K->93600K(492032K)] 482179K->289571K(1890304K), 0.0298166 secs] [Times: user=0.18 sys=0.01, real=0.03 secs] 
6017.261: [GC (Allocation Failure) [PSYoungGen: 382368K->139264K(489472K)] 578339K->425208K(1887744K), 0.0460840 secs] [Times: user=0.28 sys=0.00, real=0.05 secs] 
6018.543: [GC (Allocation Failure) [PSYoungGen: 428032K->98464K(495104K)] 713976K->514840K(1893376K), 0.0778201 secs] [Times: user=0.46 sys=0.01, real=0.08 secs] 
6020.536: [GC (GCLocker Initiated GC) [PSYoungGen: 396448K->137056K(494080K)] 812826K->649947K(1892352K), 0.0497093 secs] [Times: user=0.29 sys=0.00, real=0.05 secs] 
6022.429: [GC (Allocation Failure) [PSYoungGen: 435040K->104768K(497152K)] 948451K->746171K(1895424K), 0.0685566 secs] [Times: user=0.41 sys=0.00, real=0.07 secs] 
6023.947: [GC (Allocation Failure) [PSYoungGen: 412992K->143904K(498688K)] 1054395K->889436K(1896960K), 0.0525363 secs] [Times: user=0.31 sys=0.01, real=0.05 secs] 
6026.375: [GC (Allocation Failure) [PSYoungGen: 452128K->105792K(501760K)] 1197660K->986492K(1900032K), 0.0682768 secs] [Times: user=0.41 sys=0.00, real=0.07 secs] 
6027.804: [GC (Allocation Failure) [PSYoungGen: 422208K->147264K(504320K)] 1302908K->1132105K(1902592K), 0.0530992 secs] [Times: user=0.31 sys=0.00, real=0.06 secs] 
6029.301: [GC (Allocation Failure) [PSYoungGen: 463680K->111520K(504832K)] 1448521K->1233865K(1903104K), 0.0670972 secs] [Times: user=0.40 sys=0.01, real=0.07 secs] 
6030.286: [GC (Allocation Failure) [PSYoungGen: 431520K->152544K(506368K)] 1553865K->1384499K(1904640K), 0.0558915 secs] [Times: user=0.33 sys=0.00, real=0.05 secs] 
6030.342: [Full GC (Ergonomics) [PSYoungGen: 152544K->0K(506368K)] [ParOldGen: 1231954K->181710K(1398272K)] 1384499K->181710K(1904640K), [Metaspace: 59716K->59716K(1105920K)], 0.4457658 secs] [Times: user=2.07 sys=0.00, real=0.45 secs] 
6032.524: [GC (Allocation Failure) [PSYoungGen: 320000K->109248K(508928K)] 501710K->290958K(1907200K), 0.0332543 secs] [Times: user=0.20 sys=0.00, real=0.04 secs] 
6035.607: [GC (Allocation Failure) [PSYoungGen: 429760K->151648K(472576K)] 611470K->439179K(1870848K), 0.0532835 secs] [Times: user=0.32 sys=0.00, real=0.05 secs] 
6037.755: [GC (Allocation Failure) [PSYoungGen: 472160K->107520K(510976K)] 759691K->537951K(1909248K), 0.1532291 secs] [Times: user=0.91 sys=0.00, real=0.16 secs] 
6038.962: [GC (Allocation Failure) [PSYoungGen: 416288K->148000K(507392K)] 846719K->682180K(1905664K), 0.0516098 secs] [Times: user=0.30 sys=0.00, real=0.05 secs] 
6041.360: [GC (Allocation Failure) [PSYoungGen: 467488K->106336K(507392K)] 1001668K->779800K(1905664K), 0.1585330 secs] [Times: user=0.92 sys=0.02, real=0.16 secs] 
6042.829: [GC (Allocation Failure) [PSYoungGen: 426848K->155072K(475648K)] 1100312K->930863K(1873920K), 0.0522439 secs] [Times: user=0.31 sys=0.00, real=0.05 secs] 
6044.287: [GC (Allocation Failure) [PSYoungGen: 475584K->103488K(508416K)] 1251375K->1033871K(1906688K), 0.0714751 secs] [Times: user=0.42 sys=0.00, real=0.07 secs] 
6045.113: [GC (Allocation Failure) [PSYoungGen: 419392K->154400K(470528K)] 1349775K->1182708K(1868800K), 0.0948903 secs] [Times: user=0.57 sys=0.00, real=0.10 secs] 
6047.785: [GC (Allocation Failure) [PSYoungGen: 470304K->97376K(505856K)] 1498612K->1279852K(1904128K), 0.1390745 secs] [Times: user=0.82 sys=0.00, real=0.14 secs] 
6048.216: [GC (Allocation Failure) [PSYoungGen: 408672K->155328K(466944K)] 1591148K->1429277K(1865216K), 0.0587000 secs] [Times: user=0.35 sys=0.00, real=0.05 secs] 
6048.275: [Full GC (Ergonomics) [PSYoungGen: 155328K->0K(466944K)] [ParOldGen: 1273949K->227385K(1398272K)] 1429277K->227385K(1865216K), [Metaspace: 59716K->59716K(1105920K)], 0.5454062 secs] [Times: user=2.55 sys=0.00, real=0.55 secs] 
6051.861: [GC (Allocation Failure) [PSYoungGen: 311296K->92512K(502272K)] 538681K->319897K(1900544K), 0.0825871 secs] [Times: user=0.48 sys=0.00, real=0.08 secs] 
6052.340: [GC (Allocation Failure) [PSYoungGen: 397152K->151232K(456192K)] 624537K->465582K(1854464K), 0.0798127 secs] [Times: user=0.48 sys=0.00, real=0.08 secs] 
6056.616: [GC (Allocation Failure) [PSYoungGen: 455872K->83520K(498688K)] 770222K->548894K(1896960K), 0.1375848 secs] [Times: user=0.82 sys=0.01, real=0.13 secs] 
6057.107: [GC (Allocation Failure) [PSYoungGen: 383040K->150560K(450560K)] 848414K->693569K(1848832K), 0.0532979 secs] [Times: user=0.31 sys=0.00, real=0.05 secs] 
6058.948: [GC (Allocation Failure) [PSYoungGen: 450080K->89920K(498176K)] 993089K->783537K(1896448K), 0.0937539 secs] [Times: user=0.56 sys=0.00, real=0.09 secs] 
6059.819: [GC (Allocation Failure) [PSYoungGen: 385856K->145184K(496640K)] 1079473K->923062K(1894912K), 0.0530010 secs] [Times: user=0.32 sys=0.00, real=0.05 secs] 
6061.760: [GC (Allocation Failure) [PSYoungGen: 441120K->92480K(495104K)] 1218998K->1015002K(1893376K), 0.1684742 secs] [Times: user=1.00 sys=0.01, real=0.17 secs] 
6062.321: [GC (Allocation Failure) [PSYoungGen: 375904K->138048K(496128K)] 1298426K->1149219K(1894400K), 0.0500035 secs] [Times: user=0.30 sys=0.00, real=0.05 secs] 
6064.463: [GC (Allocation Failure) [PSYoungGen: 435008K->96256K(494080K)] 1446179K->1237043K(1892352K), 0.1012820 secs] [Times: user=0.60 sys=0.00, real=0.10 secs] 
6065.934: [GC (Allocation Failure) [PSYoungGen: 398336K->148064K(496640K)] 1539123K->1381705K(1894912K), 0.0494544 secs] [Times: user=0.29 sys=0.00, real=0.05 secs] 
6065.984: [Full GC (Ergonomics) [PSYoungGen: 148064K->0K(496640K)] [ParOldGen: 1233641K->189622K(1398272K)] 1381705K->189622K(1894912K), [Metaspace: 59716K->59716K(1105920K)], 0.4608053 secs] [Times: user=2.14 sys=0.00, real=0.46 secs] 
6067.550: [GC (Allocation Failure) [PSYoungGen: 302080K->99488K(500224K)] 491702K->289110K(1898496K), 0.0380936 secs] [Times: user=0.22 sys=0.00, real=0.04 secs] 
6070.081: [GC (Allocation Failure) [PSYoungGen: 406176K->148800K(500736K)] 595798K->434203K(1899008K), 0.0497563 secs] [Times: user=0.30 sys=0.00, real=0.05 secs] 
6071.395: [GC (Allocation Failure) [PSYoungGen: 455488K->105792K(499712K)] 740891K->531423K(1897984K), 0.0642498 secs] [Times: user=0.38 sys=0.00, real=0.07 secs] 
6074.043: [GC (Allocation Failure) [PSYoungGen: 413504K->145472K(500736K)] 839135K->673340K(1899008K), 0.0517383 secs] [Times: user=0.30 sys=0.01, real=0.05 secs] 
6075.243: [GC (Allocation Failure) [PSYoungGen: 453184K->104512K(500224K)] 981052K->769036K(1898496K), 0.0894441 secs] [Times: user=0.53 sys=0.01, real=0.09 secs] 
6077.106: [GC (Allocation Failure) [PSYoungGen: 415808K->147424K(502272K)] 1080332K->912757K(1900544K), 0.0516915 secs] [Times: user=0.31 sys=0.00, real=0.05 secs] 
6079.550: [GC (Allocation Failure) [PSYoungGen: 458720K->106848K(502272K)] 1224053K->1009949K(1900544K), 0.1117037 secs] [Times: user=0.65 sys=0.00, real=0.11 secs] 
6080.516: [GC (Allocation Failure) [PSYoungGen: 421216K->149696K(503808K)] 1324317K->1156178K(1902080K), 0.0527155 secs] [Times: user=0.31 sys=0.00, real=0.05 secs] 
6082.866: [GC (Allocation Failure) [PSYoungGen: 464064K->109568K(504832K)] 1470546K->1256734K(1903104K), 0.1156934 secs] [Times: user=0.69 sys=0.00, real=0.11 secs] 
6083.521: [GC (Allocation Failure) [PSYoungGen: 413831K->144032K(505344K)] 1560998K->1397131K(1903616K), 0.0536202 secs] [Times: user=0.31 sys=0.00, real=0.05 secs] 
6083.575: [Full GC (Ergonomics) [PSYoungGen: 144032K->0K(505344K)] [ParOldGen: 1253099K->196570K(1398272K)] 1397131K->196570K(1903616K), [Metaspace: 59716K->59716K(1105920K)], 0.4778218 secs] [Times: user=2.23 sys=0.00, real=0.48 secs] 
6085.833: [GC (Allocation Failure) [PSYoungGen: 316416K->109632K(503808K)] 512986K->306202K(1902080K), 0.0818235 secs] [Times: user=0.48 sys=0.01, real=0.08 secs] 
6086.690: [GC (Allocation Failure) [PSYoungGen: 429632K->156704K(506368K)] 626202K->458595K(1904640K), 0.0525089 secs] [Times: user=0.31 sys=0.00, real=0.05 secs] 
6089.830: [GC (Allocation Failure) [PSYoungGen: 476704K->96864K(507904K)] 778595K->555163K(1906176K), 0.1583561 secs] [Times: user=0.93 sys=0.00, real=0.16 secs] 
6090.685: [GC (Allocation Failure) [PSYoungGen: 412768K->173600K(489984K)] 871067K->722228K(1888256K), 0.0566693 secs] [Times: user=0.33 sys=0.01, real=0.06 secs] 
6094.417: [GC (Allocation Failure) [PSYoungGen: 489504K->95744K(498176K)] 1038132K->801488K(1896448K), 0.1617904 secs] [Times: user=0.96 sys=0.00, real=0.16 secs] 
6094.830: [GC (Allocation Failure) [PSYoungGen: 391680K->148768K(496640K)] 1097424K->944711K(1894912K), 0.0550750 secs] [Times: user=0.33 sys=0.00, real=0.05 secs] 
6097.114: [GC (Allocation Failure) [PSYoungGen: 444704K->87552K(497664K)] 1240647K->1032407K(1895936K), 0.1375410 secs] [Times: user=0.82 sys=0.00, real=0.14 secs] 
6097.970: [GC (Allocation Failure) [PSYoungGen: 383488K->161472K(457728K)] 1328343K->1188016K(1856000K), 0.0533414 secs] [Times: user=0.32 sys=0.00, real=0.05 secs] 
6099.813: [GC (Allocation Failure) [PSYoungGen: 457408K->93216K(493568K)] 1483952K->1264152K(1891840K), 0.1593517 secs] [Times: user=0.94 sys=0.00, real=0.16 secs] 
6100.618: [GC (Allocation Failure) [PSYoungGen: 379424K->138176K(424448K)] 1550360K->1398553K(1822720K), 0.0501489 secs] [Times: user=0.30 sys=0.00, real=0.05 secs] 
6100.669: [Full GC (Ergonomics) [PSYoungGen: 138176K->0K(424448K)] [ParOldGen: 1260377K->195662K(1398272K)] 1398553K->195662K(1822720K), [Metaspace: 59716K->59716K(1105920K)], 0.4817632 secs] [Times: user=2.26 sys=0.00, real=0.48 secs] 
6102.469: [GC (GCLocker Initiated GC) [PSYoungGen: 286208K->94816K(490496K)] 481871K->290479K(1888768K), 0.0433314 secs] [Times: user=0.25 sys=0.00, real=0.04 secs] 
6103.770: [GC (Allocation Failure) [PSYoungGen: 383072K->146880K(488448K)] 578770K->433377K(1886720K), 0.0467328 secs] [Times: user=0.28 sys=0.00, real=0.05 secs] 
6104.946: [GC (Allocation Failure) [PSYoungGen: 435136K->97696K(494592K)] 721633K->513977K(1892864K), 0.0617085 secs] [Times: user=0.37 sys=0.00, real=0.06 secs] 
6106.556: [GC (Allocation Failure) [PSYoungGen: 395168K->138656K(496128K)] 811449K->649486K(1894400K), 0.0490992 secs] [Times: user=0.29 sys=0.00, real=0.04 secs] 
6108.734: [GC (GCLocker Initiated GC) [PSYoungGen: 436128K->101120K(494592K)] 946958K->741850K(1892864K), 0.0637189 secs] [Times: user=0.37 sys=0.01, real=0.07 secs] 
6111.328: [GC (Allocation Failure) [PSYoungGen: 404736K->135328K(497152K)] 1045518K->875911K(1895424K), 0.0548090 secs] [Times: user=0.33 sys=0.01, real=0.05 secs] 
6112.589: [GC (Allocation Failure) [PSYoungGen: 438944K->112576K(494592K)] 1179527K->979135K(1892864K), 0.0645688 secs] [Times: user=0.38 sys=0.00, real=0.06 secs] 
6114.179: [GC (Allocation Failure) [PSYoungGen: 426432K->139904K(500224K)] 1292991K->1117851K(1898496K), 0.0608752 secs] [Times: user=0.36 sys=0.00, real=0.06 secs] 
6115.488: [GC (Allocation Failure) [PSYoungGen: 453760K->114624K(503296K)] 1431707K->1222612K(1901568K), 0.0659859 secs] [Times: user=0.39 sys=0.00, real=0.06 secs] 
6116.508: [GC (Allocation Failure) [PSYoungGen: 440768K->154560K(507904K)] 1548756K->1376236K(1906176K), 0.0562870 secs] [Times: user=0.33 sys=0.01, real=0.05 secs] 
6118.848: [GC (Allocation Failure) [PSYoungGen: 480704K->110688K(513536K)] 1702380K->1478636K(1911808K), 0.0838542 secs] [Times: user=0.50 sys=0.00, real=0.08 secs] 
6118.932: [Full GC (Ergonomics) [PSYoungGen: 110688K->0K(513536K)] [ParOldGen: 1367948K->38750K(1398272K)] 1478636K->38750K(1911808K), [Metaspace: 59716K->59716K(1105920K)], 0.0782830 secs] [Times: user=0.30 sys=0.00, real=0.08 secs] 
6120.880: [GC (Allocation Failure) [PSYoungGen: 326656K->154912K(481792K)] 365406K->193662K(1880064K), 0.0297624 secs] [Times: user=0.17 sys=0.00, real=0.03 secs] 
6123.171: [GC (Allocation Failure) [PSYoungGen: 481568K->108832K(512512K)] 520318K->293866K(1910784K), 0.1468432 secs] [Times: user=0.87 sys=0.00, real=0.15 secs] 
6124.443: [GC (Allocation Failure) [PSYoungGen: 419480K->147264K(509440K)] 604515K->436731K(1907712K), 0.0514085 secs] [Times: user=0.31 sys=0.00, real=0.05 secs] 
6126.146: [GC (Allocation Failure) [PSYoungGen: 470336K->112768K(507392K)] 759803K->540831K(1905664K), 0.1458681 secs] [Times: user=0.88 sys=0.00, real=0.14 secs] 
6126.997: [GC (Allocation Failure) [PSYoungGen: 436864K->156992K(481280K)] 864927K->693788K(1879552K), 0.0538034 secs] [Times: user=0.32 sys=0.00, real=0.05 secs] 
6129.979: [GC (Allocation Failure) [PSYoungGen: 481088K->101504K(509952K)] 1017884K->795164K(1908224K), 0.1465272 secs] [Times: user=0.86 sys=0.01, real=0.15 secs] 
6130.423: [GC (Allocation Failure) [PSYoungGen: 420992K->158016K(477696K)] 1114652K->947213K(1875968K), 0.0580676 secs] [Times: user=0.35 sys=0.00, real=0.06 secs] 
6134.171: [GC (Allocation Failure) [PSYoungGen: 477504K->100064K(505856K)] 1266701K->1047261K(1904128K), 0.1374914 secs] [Times: user=0.82 sys=0.00, real=0.14 secs] 
6134.558: [GC (Allocation Failure) [PSYoungGen: 411360K->156480K(467968K)] 1358557K->1193656K(1866240K), 0.0576432 secs] [Times: user=0.34 sys=0.00, real=0.06 secs] 
6136.309: [GC (Allocation Failure) [PSYoungGen: 467776K->100000K(503296K)] 1504952K->1293776K(1901568K), 0.1127920 secs] [Times: user=0.66 sys=0.01, real=0.11 secs] 
6136.421: [Full GC (Ergonomics) [PSYoungGen: 100000K->0K(503296K)] [ParOldGen: 1193776K->98435K(1398272K)] 1293776K->98435K(1901568K), [Metaspace: 59716K->59716K(1105920K)], 0.2426834 secs] [Times: user=1.11 sys=0.00, real=0.24 secs] 
6136.876: [GC (Allocation Failure) [PSYoungGen: 305664K->152800K(458752K)] 404099K->251235K(1857024K), 0.0324080 secs] [Times: user=0.19 sys=0.00, real=0.04 secs] 
6140.365: [GC (Allocation Failure) [PSYoungGen: 458464K->87360K(500224K)] 556899K->338779K(1898496K), 0.1119698 secs] [Times: user=0.66 sys=0.01, real=0.12 secs] 
6140.704: [GC (Allocation Failure) [PSYoungGen: 388928K->151456K(453120K)] 640347K->484096K(1851392K), 0.0552437 secs] [Times: user=0.33 sys=0.00, real=0.06 secs] 
6143.713: [GC (Allocation Failure) [PSYoungGen: 453024K->89184K(498176K)] 785664K->573456K(1896448K), 0.1214951 secs] [Times: user=0.72 sys=0.00, real=0.12 secs] 
6144.067: [GC (Allocation Failure) [PSYoungGen: 386144K->149088K(446464K)] 870416K->716345K(1844736K), 0.0551928 secs] [Times: user=0.33 sys=0.00, real=0.05 secs] 
6146.284: [GC (Allocation Failure) [PSYoungGen: 446048K->88480K(497664K)] 1013305K->804721K(1895936K), 0.0984068 secs] [Times: user=0.58 sys=0.00, real=0.10 secs] 
6146.674: [GC (Allocation Failure) [PSYoungGen: 383904K->148384K(443904K)] 1100145K->946714K(1842176K), 0.0546962 secs] [Times: user=0.32 sys=0.00, real=0.06 secs] 
6148.388: [GC (Allocation Failure) [PSYoungGen: 443808K->90464K(498176K)] 1242138K->1037218K(1896448K), 0.1428230 secs] [Times: user=0.85 sys=0.00, real=0.14 secs] 
6148.800: [GC (Allocation Failure) [PSYoungGen: 385888K->146592K(496128K)] 1332642K->1178176K(1894400K), 0.0533066 secs] [Times: user=0.31 sys=0.00, real=0.05 secs] 
6151.639: [GC (Allocation Failure) [PSYoungGen: 442016K->83680K(497152K)] 1473600K->1261944K(1895424K), 0.1487574 secs] [Times: user=0.81 sys=0.00, real=0.15 secs] 
6152.328: [GC (Allocation Failure) [PSYoungGen: 379104K->147456K(443392K)] 1557368K->1403162K(1841664K), 0.0509571 secs] [Times: user=0.30 sys=0.00, real=0.05 secs] 
6152.379: [Full GC (Ergonomics) [PSYoungGen: 147456K->0K(443392K)] [ParOldGen: 1255706K->205306K(1398272K)] 1403162K->205306K(1841664K), [Metaspace: 59716K->59716K(1105920K)], 0.4838270 secs] [Times: user=2.26 sys=0.00, real=0.48 secs] 
6155.412: [GC (Allocation Failure) [PSYoungGen: 295424K->84832K(497152K)] 500730K->290138K(1895424K), 0.1158916 secs] [Times: user=0.69 sys=0.00, real=0.12 secs] 
6156.644: [GC (Allocation Failure) [PSYoungGen: 378720K->142112K(495616K)] 584026K->428225K(1893888K), 0.0461530 secs] [Times: user=0.27 sys=0.00, real=0.05 secs] 
6157.940: [GC (Allocation Failure) [PSYoungGen: 436000K->99744K(488960K)] 722113K->519309K(1887232K), 0.0674480 secs] [Times: user=0.40 sys=0.00, real=0.07 secs] 
6158.715: [GC (Allocation Failure) [PSYoungGen: 394656K->142976K(492544K)] 814221K->659522K(1890816K), 0.0505932 secs] [Times: user=0.29 sys=0.01, real=0.06 secs] 
6160.883: [GC (Allocation Failure) [PSYoungGen: 437888K->95808K(496128K)] 954434K->747086K(1894400K), 0.0638470 secs] [Times: user=0.38 sys=0.00, real=0.07 secs] 
6162.087: [GC (Allocation Failure) [PSYoungGen: 398400K->143744K(498176K)] 1049678K->888795K(1896448K), 0.0496663 secs] [Times: user=0.29 sys=0.00, real=0.05 secs] 
6163.844: [GC (Allocation Failure) [PSYoungGen: 446336K->104832K(494592K)] 1191387K->984427K(1892864K), 0.0651910 secs] [Times: user=0.38 sys=0.00, real=0.07 secs] 
6165.461: [GC (Allocation Failure) [PSYoungGen: 411008K->143616K(498176K)] 1290603K->1126191K(1896448K), 0.0524901 secs] [Times: user=0.32 sys=0.00, real=0.05 secs] 
6167.467: [GC (Allocation Failure) [PSYoungGen: 449792K->105024K(499712K)] 1432367K->1222104K(1897984K), 0.0662539 secs] [Times: user=0.40 sys=0.00, real=0.06 secs] 
6169.136: [GC (Allocation Failure) [PSYoungGen: 417856K->148128K(502272K)] 1534936K->1367780K(1900544K), 0.0556181 secs] [Times: user=0.33 sys=0.01, real=0.05 secs] 
6169.192: [Full GC (Ergonomics) [PSYoungGen: 148128K->0K(502272K)] [ParOldGen: 1219652K->173649K(1398272K)] 1367780K->173649K(1900544K), [Metaspace: 59716K->59716K(1105920K)], 0.4239832 secs] [Times: user=1.97 sys=0.00, real=0.42 secs] 
6170.780: [GC (Allocation Failure) [PSYoungGen: 312832K->108448K(503808K)] 486481K->282097K(1902080K), 0.0349468 secs] [Times: user=0.21 sys=0.00, real=0.03 secs] 
6172.703: [GC (Allocation Failure) [PSYoungGen: 424864K->149600K(504832K)] 598513K->429222K(1903104K), 0.0539984 secs] [Times: user=0.32 sys=0.00, real=0.06 secs] 
6174.268: [GC (Allocation Failure) [PSYoungGen: 466016K->108256K(506880K)] 745638K->528566K(1905152K), 0.0657716 secs] [Times: user=0.39 sys=0.00, real=0.06 secs] 
6176.304: [GC (Allocation Failure) [PSYoungGen: 426720K->151168K(506880K)] 847030K->676027K(1905152K), 0.0532784 secs] [Times: user=0.31 sys=0.00, real=0.06 secs] 
6177.925: [GC (Allocation Failure) [PSYoungGen: 469632K->107744K(506880K)] 994491K->774915K(1905152K), 0.1152278 secs] [Times: user=0.68 sys=0.00, real=0.12 secs] 
6178.972: [GC (Allocation Failure) [PSYoungGen: 419998K->149728K(506880K)] 1087169K->920568K(1905152K), 0.0524741 secs] [Times: user=0.31 sys=0.00, real=0.05 secs] 
6182.117: [GC (Allocation Failure) [PSYoungGen: 468192K->107296K(507392K)] 1239032K->1019056K(1905664K), 0.1620713 secs] [Times: user=0.95 sys=0.00, real=0.16 secs] 
6183.835: [GC (Allocation Failure) [PSYoungGen: 426272K->154560K(473600K)] 1338032K->1169349K(1871872K), 0.0538445 secs] [Times: user=0.33 sys=0.00, real=0.06 secs] 
6185.683: [GC (Allocation Failure) [PSYoungGen: 473536K->101120K(507904K)] 1488325K->1269721K(1906176K), 0.1412975 secs] [Times: user=0.83 sys=0.01, real=0.14 secs] 
6186.455: [GC (Allocation Failure) [PSYoungGen: 416000K->156032K(471040K)] 1584601K->1419386K(1869312K), 0.0577097 secs] [Times: user=0.34 sys=0.00, real=0.06 secs] 
6186.513: [Full GC (Ergonomics) [PSYoungGen: 156032K->0K(471040K)] [ParOldGen: 1263354K->217249K(1398272K)] 1419386K->217249K(1869312K), [Metaspace: 59716K->59716K(1105920K)], 0.5182355 secs] [Times: user=2.43 sys=0.00, real=0.52 secs] 
6189.027: [GC (Allocation Failure) [PSYoungGen: 314880K->99200K(504832K)] 532129K->316449K(1903104K), 0.1264324 secs] [Times: user=0.75 sys=0.00, real=0.12 secs] 
6189.422: [GC (Allocation Failure) [PSYoungGen: 407936K->153248K(462336K)] 625185K->463998K(1860608K), 0.0562472 secs] [Times: user=0.33 sys=0.00, real=0.06 secs] 
6192.395: [GC (Allocation Failure) [PSYoungGen: 461984K->93344K(502272K)] 772734K->557110K(1900544K), 0.1434468 secs] [Times: user=0.81 sys=0.00, real=0.15 secs] 
6192.814: [GC (Allocation Failure) [PSYoungGen: 397984K->151712K(456704K)] 861750K->703067K(1854976K), 0.0556586 secs] [Times: user=0.33 sys=0.00, real=0.06 secs] 
6195.329: [GC (Allocation Failure) [PSYoungGen: 456352K->91904K(500736K)] 1007707K->794715K(1899008K), 0.1547518 secs] [Times: user=0.92 sys=0.01, real=0.15 secs] 
6195.731: [GC (Allocation Failure) [PSYoungGen: 392960K->165952K(467456K)] 1095771K->954624K(1865728K), 0.0553915 secs] [Times: user=0.33 sys=0.01, real=0.06 secs] 
6198.122: [GC (Allocation Failure) [PSYoungGen: 467008K->89984K(493568K)] 1255680K->1027792K(1891840K), 0.1555268 secs] [Times: user=0.91 sys=0.01, real=0.16 secs] 
6198.529: [GC (Allocation Failure) [PSYoungGen: 377216K->144448K(432128K)] 1315024K->1166065K(1830400K), 0.0523518 secs] [Times: user=0.31 sys=0.00, real=0.05 secs] 
6202.113: [GC (Allocation Failure) [PSYoungGen: 431680K->82688K(492544K)] 1453297K->1248873K(1890816K), 0.1481241 secs] [Times: user=0.87 sys=0.01, real=0.15 secs] 
6203.432: [GC (Allocation Failure) [PSYoungGen: 370432K->139264K(492032K)] 1536617K->1383902K(1890304K), 0.0477292 secs] [Times: user=0.28 sys=0.00, real=0.05 secs] 
6203.480: [Full GC (Ergonomics) [PSYoungGen: 139264K->0K(492032K)] [ParOldGen: 1244638K->190617K(1398272K)] 1383902K->190617K(1890304K), [Metaspace: 59716K->59716K(1105920K)], 0.4692141 secs] [Times: user=2.20 sys=0.00, real=0.47 secs] 
6204.991: [GC (Allocation Failure) [PSYoungGen: 287744K->96576K(491008K)] 478361K->287193K(1889280K), 0.0305268 secs] [Times: user=0.18 sys=0.00, real=0.03 secs] 
6206.724: [GC (Allocation Failure) [PSYoungGen: 388928K->138176K(491520K)] 579545K->422194K(1889792K), 0.0477806 secs] [Times: user=0.28 sys=0.00, real=0.05 secs] 
6208.383: [GC (Allocation Failure) [PSYoungGen: 430528K->100480K(493568K)] 714546K->513722K(1891840K), 0.0623875 secs] [Times: user=0.37 sys=0.00, real=0.06 secs] 
6210.534: [GC (Allocation Failure) [PSYoungGen: 402560K->140576K(496128K)] 815802K->652227K(1894400K), 0.0506133 secs] [Times: user=0.30 sys=0.00, real=0.05 secs] 
6211.814: [GC (Allocation Failure) [PSYoungGen: 442656K->106368K(496640K)] 954307K->749435K(1894912K), 0.0654060 secs] [Times: user=0.39 sys=0.00, real=0.07 secs] 
6214.040: [GC (Allocation Failure) [PSYoungGen: 417152K->149536K(500736K)] 1060219K->896952K(1899008K), 0.0524737 secs] [Times: user=0.30 sys=0.00, real=0.05 secs] 
6215.214: [GC (GCLocker Initiated GC) [PSYoungGen: 460320K->111168K(502272K)] 1207736K->990596K(1900544K), 0.0662170 secs] [Times: user=0.40 sys=0.00, real=0.07 secs] 
6217.798: [GC (Allocation Failure) [PSYoungGen: 426560K->144576K(503808K)] 1306023K->1133259K(1902080K), 0.0543796 secs] [Times: user=0.32 sys=0.00, real=0.05 secs] 
6219.039: [GC (GCLocker Initiated GC) [PSYoungGen: 459968K->111616K(503296K)] 1448652K->1235716K(1901568K), 0.0673902 secs] [Times: user=0.40 sys=0.00, real=0.07 secs] 
6220.196: [GC (Allocation Failure) [PSYoungGen: 431616K->149824K(505856K)] 1555719K->1382827K(1904128K), 0.0558917 secs] [Times: user=0.33 sys=0.00, real=0.05 secs] 
6220.252: [Full GC (Ergonomics) [PSYoungGen: 149824K->0K(505856K)] [ParOldGen: 1233003K->181714K(1398272K)] 1382827K->181714K(1904128K), [Metaspace: 59718K->59718K(1105920K)], 0.4410011 secs] [Times: user=2.06 sys=0.00, real=0.44 secs] 
6221.777: [GC (Allocation Failure) [PSYoungGen: 320000K->111616K(509440K)] 501714K->293330K(1907712K), 0.0337255 secs] [Times: user=0.20 sys=0.00, real=0.03 secs] 
6223.600: [GC (Allocation Failure) [PSYoungGen: 430776K->154176K(478208K)] 612491K->443911K(1876480K), 0.0539657 secs] [Times: user=0.32 sys=0.00, real=0.05 secs] 
6226.247: [GC (Allocation Failure) [PSYoungGen: 477760K->107392K(511488K)] 767495K->542711K(1909760K), 0.1696089 secs] [Times: user=1.01 sys=0.00, real=0.17 secs] 
6227.146: [GC (Allocation Failure) [PSYoungGen: 428416K->172608K(494080K)] 863735K->711156K(1892352K), 0.0535997 secs] [Times: user=0.32 sys=0.00, real=0.05 secs] 
6229.196: [GC (Allocation Failure) [PSYoungGen: 493632K->100256K(501760K)] 1032180K->794460K(1900032K), 0.1195049 secs] [Times: user=0.71 sys=0.01, real=0.12 secs] 
6229.638: [GC (Allocation Failure) [PSYoungGen: 403360K->150496K(500224K)] 1097564K->939445K(1898496K), 0.0559991 secs] [Times: user=0.33 sys=0.01, real=0.05 secs] 
6231.925: [GC (GCLocker Initiated GC) [PSYoungGen: 453600K->91968K(500736K)] 1242549K->1030637K(1899008K), 0.1573174 secs] [Times: user=0.94 sys=0.00, real=0.16 secs] 
6232.672: [GC (Allocation Failure) [PSYoungGen: 394048K->151040K(453632K)] 1332720K->1175397K(1851904K), 0.0543091 secs] [Times: user=0.32 sys=0.00, real=0.06 secs] 
6234.714: [GC (Allocation Failure) [PSYoungGen: 453120K->91392K(499200K)] 1477477K->1266717K(1897472K), 0.1528957 secs] [Times: user=0.90 sys=0.01, real=0.16 secs] 
6235.841: [GC (Allocation Failure) [PSYoungGen: 390400K->146400K(498688K)] 1565725K->1407423K(1896960K), 0.0552028 secs] [Times: user=0.33 sys=0.00, real=0.06 secs] 
6235.897: [Full GC (Ergonomics) [PSYoungGen: 146400K->0K(498688K)] [ParOldGen: 1261023K->204917K(1398272K)] 1407423K->204917K(1896960K), [Metaspace: 59718K->59718K(1105920K)], 0.4871646 secs] [Times: user=2.27 sys=0.00, real=0.48 secs] 
6239.475: [GC (Allocation Failure) [PSYoungGen: 299008K->86176K(498688K)] 503925K->291093K(1896960K), 0.1782917 secs] [Times: user=1.06 sys=0.00, real=0.18 secs] 
6241.522: [GC (Allocation Failure) [PSYoungGen: 385184K->143520K(498688K)] 590101K->430662K(1896960K), 0.0469323 secs] [Times: user=0.27 sys=0.00, real=0.05 secs] 
6242.744: [GC (GCLocker Initiated GC) [PSYoungGen: 442528K->100800K(492032K)] 729670K->522630K(1890304K), 0.0669536 secs] [Times: user=0.40 sys=0.00, real=0.07 secs] 
6244.727: [GC (Allocation Failure) [PSYoungGen: 400320K->144064K(495616K)] 822153K->663186K(1893888K), 0.0494958 secs] [Times: user=0.30 sys=0.00, real=0.05 secs] 
6246.054: [GC (Allocation Failure) [PSYoungGen: 443584K->103200K(496640K)] 962706K->757514K(1894912K), 0.0648208 secs] [Times: user=0.39 sys=0.00, real=0.07 secs] 
6247.741: [GC (Allocation Failure) [PSYoungGen: 408864K->146592K(499200K)] 1063178K->898111K(1897472K), 0.0515850 secs] [Times: user=0.30 sys=0.00, real=0.05 secs] 
6248.946: [GC (Allocation Failure) [PSYoungGen: 452256K->105472K(499712K)] 1203775K->994423K(1897984K), 0.0804291 secs] [Times: user=0.48 sys=0.00, real=0.08 secs] 
6250.351: [GC (Allocation Failure) [PSYoungGen: 415744K->149216K(501760K)] 1304695K->1140307K(1900032K), 0.0527402 secs] [Times: user=0.31 sys=0.00, real=0.05 secs] 
6251.515: [GC (Allocation Failure) [PSYoungGen: 459488K->103296K(504320K)] 1450579K->1234683K(1902592K), 0.0663259 secs] [Times: user=0.40 sys=0.00, real=0.07 secs] 
6253.030: [GC (Allocation Failure) [PSYoungGen: 416128K->151520K(464384K)] 1547515K->1382524K(1862656K), 0.0526412 secs] [Times: user=0.31 sys=0.00, real=0.05 secs] 
6253.083: [Full GC (Ergonomics) [PSYoungGen: 151520K->0K(464384K)] [ParOldGen: 1231004K->190072K(1398272K)] 1382524K->190072K(1862656K), [Metaspace: 59718K->59718K(1105920K)], 0.4625345 secs] [Times: user=2.16 sys=0.00, real=0.46 secs] 
6255.458: [GC (Allocation Failure) [PSYoungGen: 312832K->106464K(507392K)] 502904K->296536K(1905664K), 0.0875862 secs] [Times: user=0.52 sys=0.00, real=0.09 secs] 
6256.722: [GC (Allocation Failure) [PSYoungGen: 418784K->149792K(503808K)] 608856K->442185K(1902080K), 0.0510171 secs] [Times: user=0.30 sys=0.00, real=0.05 secs] 
6258.613: [GC (Allocation Failure) [PSYoungGen: 462112K->103488K(504832K)] 754505K->536601K(1903104K), 0.1434540 secs] [Times: user=0.85 sys=0.01, real=0.15 secs] 
6260.083: [GC (Allocation Failure) [PSYoungGen: 414474K->148288K(504832K)] 847588K->681374K(1903104K), 0.0500612 secs] [Times: user=0.30 sys=0.00, real=0.05 secs] 
6263.378: [GC (Allocation Failure) [PSYoungGen: 461632K->104608K(504320K)] 994718K->777466K(1902592K), 0.0767881 secs] [Times: user=0.46 sys=0.00, real=0.07 secs] 
6264.069: [GC (Allocation Failure) [PSYoungGen: 406352K->146080K(504832K)] 1079210K->919731K(1903104K), 0.0504827 secs] [Times: user=0.30 sys=0.00, real=0.05 secs] 
6266.307: [GC (Allocation Failure) [PSYoungGen: 459936K->106176K(502784K)] 1233587K->1017283K(1901056K), 0.1572585 secs] [Times: user=0.93 sys=0.00, real=0.15 secs] 
6267.179: [GC (Allocation Failure) [PSYoungGen: 422080K->154944K(504832K)] 1333187K->1168080K(1903104K), 0.0517297 secs] [Times: user=0.31 sys=0.00, real=0.05 secs] 
6269.845: [GC (Allocation Failure) [PSYoungGen: 470848K->96128K(506368K)] 1483984K->1264016K(1904640K), 0.1368809 secs] [Times: user=0.81 sys=0.01, real=0.14 secs] 
6271.000: [GC (Allocation Failure) [PSYoungGen: 408448K->153824K(466432K)] 1576336K->1411661K(1864704K), 0.0558659 secs] [Times: user=0.33 sys=0.00, real=0.06 secs] 
6271.056: [Full GC (Ergonomics) [PSYoungGen: 153824K->0K(466432K)] [ParOldGen: 1257837K->211372K(1398272K)] 1411661K->211372K(1864704K), [Metaspace: 59718K->59718K(1105920K)], 0.5039929 secs] [Times: user=2.37 sys=0.00, real=0.50 secs] 
6274.183: [GC (Allocation Failure) [PSYoungGen: 312320K->94784K(503296K)] 523692K->306156K(1901568K), 0.1603230 secs] [Times: user=0.95 sys=0.00, real=0.16 secs] 
6275.002: [GC (Allocation Failure) [PSYoungGen: 401472K->153248K(460288K)] 612844K->452661K(1858560K), 0.0545484 secs] [Times: user=0.32 sys=0.00, real=0.06 secs] 
6278.112: [GC (Allocation Failure) [PSYoungGen: 459936K->91424K(500736K)] 759349K->543769K(1899008K), 0.1322570 secs] [Times: user=0.78 sys=0.01, real=0.13 secs] 
6278.914: [GC (Allocation Failure) [PSYoungGen: 392992K->149696K(451584K)] 845337K->687345K(1849856K), 0.0534208 secs] [Times: user=0.32 sys=0.01, real=0.06 secs] 
6281.727: [GC (Allocation Failure) [PSYoungGen: 451264K->90144K(499712K)] 988913K->777001K(1897984K), 0.1547074 secs] [Times: user=0.92 sys=0.00, real=0.15 secs] 
6282.466: [GC (Allocation Failure) [PSYoungGen: 375286K->138240K(438272K)] 1062144K->911090K(1836544K), 0.0485013 secs] [Times: user=0.29 sys=0.00, real=0.05 secs] 
6284.532: [GC (Allocation Failure) [PSYoungGen: 437760K->99808K(499712K)] 1210610K->1002578K(1897984K), 0.1061902 secs] [Times: user=0.63 sys=0.00, real=0.11 secs] 
6286.147: [GC (Allocation Failure) [PSYoungGen: 402400K->146176K(496640K)] 1305170K->1144594K(1894912K), 0.0496607 secs] [Times: user=0.30 sys=0.00, real=0.05 secs] 
6288.036: [GC (Allocation Failure) [PSYoungGen: 448768K->103008K(500224K)] 1447186K->1239047K(1898496K), 0.0647272 secs] [Times: user=0.38 sys=0.01, real=0.07 secs] 
6290.514: [GC (Allocation Failure) [PSYoungGen: 412256K->147360K(501760K)] 1548295K->1382723K(1900032K), 0.0801011 secs] [Times: user=0.48 sys=0.00, real=0.08 secs] 
6290.594: [Full GC (Ergonomics) [PSYoungGen: 147360K->0K(501760K)] [ParOldGen: 1235363K->190024K(1398272K)] 1382723K->190024K(1900032K), [Metaspace: 59718K->59718K(1105920K)], 0.4775272 secs] [Times: user=2.25 sys=0.00, real=0.48 secs] 
6292.445: [GC (Allocation Failure) [PSYoungGen: 309248K->106144K(501248K)] 499272K->296168K(1899520K), 0.0494401 secs] [Times: user=0.29 sys=0.00, real=0.05 secs] 
6293.657: [GC (Allocation Failure) [PSYoungGen: 417952K->150240K(502784K)] 607976K->441766K(1901056K), 0.0510456 secs] [Times: user=0.30 sys=0.00, real=0.05 secs] 
6295.681: [GC (Allocation Failure) [PSYoungGen: 462048K->107744K(503808K)] 753574K->540034K(1902080K), 0.1599877 secs] [Times: user=0.95 sys=0.00, real=0.16 secs] 
6296.439: [GC (Allocation Failure) [PSYoungGen: 421600K->154592K(468480K)] 853890K->690825K(1866752K), 0.0522325 secs] [Times: user=0.31 sys=0.00, real=0.05 secs] 
6299.138: [GC (Allocation Failure) [PSYoungGen: 468448K->94432K(504832K)] 1004681K->785201K(1903104K), 0.1730941 secs] [Times: user=1.02 sys=0.01, real=0.17 secs] 
6299.667: [GC (Allocation Failure) [PSYoungGen: 404192K->150560K(460800K)] 1094961K->932327K(1859072K), 0.0537504 secs] [Times: user=0.32 sys=0.00, real=0.05 secs] 
6302.408: [GC (Allocation Failure) [PSYoungGen: 458874K->93152K(503296K)] 1240641K->1025007K(1901568K), 0.1434715 secs] [Times: user=0.85 sys=0.01, real=0.14 secs] 
6302.917: [GC (Allocation Failure) [PSYoungGen: 399840K->150848K(457728K)] 1331695K->1172440K(1856000K), 0.0542497 secs] [Times: user=0.33 sys=0.00, real=0.05 secs] 
6306.760: [GC (Allocation Failure) [PSYoungGen: 457536K->91552K(501760K)] 1479128K->1264044K(1900032K), 0.1729820 secs] [Times: user=1.03 sys=0.00, real=0.17 secs] 
6307.651: [GC (Allocation Failure) [PSYoungGen: 394656K->148800K(452096K)] 1567148K->1408921K(1850368K), 0.0541201 secs] [Times: user=0.32 sys=0.00, real=0.05 secs] 
6307.705: [Full GC (Ergonomics) [PSYoungGen: 148800K->0K(452096K)] [ParOldGen: 1260121K->206396K(1398272K)] 1408921K->206396K(1850368K), [Metaspace: 59718K->59718K(1105920K)], 0.4850876 secs] [Times: user=2.26 sys=0.00, real=0.49 secs] 
6310.096: [GC (Allocation Failure) [PSYoungGen: 303104K->93472K(501760K)] 509500K->299868K(1900032K), 0.1545323 secs] [Times: user=0.92 sys=0.00, real=0.15 secs] 
6310.611: [GC (Allocation Failure) [PSYoungGen: 381451K->139232K(441344K)] 587848K->435689K(1839616K), 0.0490805 secs] [Times: user=0.29 sys=0.00, real=0.05 secs] 
6312.460: [GC (Allocation Failure) [PSYoungGen: 441312K->100704K(501248K)] 737769K->527617K(1899520K), 0.0627188 secs] [Times: user=0.38 sys=0.00, real=0.06 secs] 
6313.759: [GC (Allocation Failure) [PSYoungGen: 405856K->145248K(498176K)] 832769K->669246K(1896448K), 0.0501292 secs] [Times: user=0.30 sys=0.00, real=0.05 secs] 
6315.185: [GC (Allocation Failure) [PSYoungGen: 450400K->104032K(500224K)] 974398K->764258K(1898496K), 0.0652091 secs] [Times: user=0.39 sys=0.00, real=0.07 secs] 
6316.119: [GC (Allocation Failure) [PSYoungGen: 413128K->151936K(502272K)] 1073355K->912427K(1900544K), 0.0515472 secs] [Times: user=0.31 sys=0.01, real=0.05 secs] 
6317.866: [GC (Allocation Failure) [PSYoungGen: 463232K->101536K(504832K)] 1223723K->1005323K(1903104K), 0.0700446 secs] [Times: user=0.41 sys=0.01, real=0.07 secs] 
6319.571: [GC (Allocation Failure) [PSYoungGen: 411783K->148608K(503808K)] 1315570K->1150584K(1902080K), 0.0499141 secs] [Times: user=0.29 sys=0.00, real=0.05 secs] 
6322.405: [GC (Allocation Failure) [PSYoungGen: 460416K->102240K(503808K)] 1462392K->1244396K(1902080K), 0.1211170 secs] [Times: user=0.71 sys=0.01, real=0.13 secs] 
6323.046: [GC (Allocation Failure) [PSYoungGen: 411906K->149184K(503808K)] 1554062K->1389529K(1902080K), 0.0503186 secs] [Times: user=0.30 sys=0.00, real=0.06 secs] 
6323.096: [Full GC (Ergonomics) [PSYoungGen: 149184K->0K(503808K)] [ParOldGen: 1240345K->196394K(1398272K)] 1389529K->196394K(1902080K), [Metaspace: 59718K->59718K(1105920K)], 0.4828719 secs] [Times: user=2.25 sys=0.00, real=0.48 secs] 
6325.228: [GC (Allocation Failure) [PSYoungGen: 311808K->105664K(502272K)] 508202K->302058K(1900544K), 0.0747487 secs] [Times: user=0.44 sys=0.00, real=0.07 secs] 
6326.997: [GC (Allocation Failure) [PSYoungGen: 413494K->145792K(503296K)] 609888K->443519K(1901568K), 0.0494704 secs] [Times: user=0.30 sys=0.00, real=0.05 secs] 
6328.456: [GC (Allocation Failure) [PSYoungGen: 458112K->106144K(503296K)] 755839K->540987K(1901568K), 0.0844117 secs] [Times: user=0.51 sys=0.00, real=0.09 secs] 
6329.476: [GC (Allocation Failure) [PSYoungGen: 412627K->145472K(504832K)] 847470K->682068K(1903104K), 0.0504554 secs] [Times: user=0.30 sys=0.00, real=0.05 secs] 
6331.742: [GC (Allocation Failure) [PSYoungGen: 460864K->108128K(503808K)] 997460K->781372K(1902080K), 0.1701891 secs] [Times: user=1.01 sys=0.00, real=0.17 secs] 
6333.300: [GC (Allocation Failure) [PSYoungGen: 426592K->152448K(505856K)] 1099836K->929964K(1904128K), 0.0526578 secs] [Times: user=0.31 sys=0.00, real=0.05 secs] 
6334.880: [GC (Allocation Failure) [PSYoungGen: 470912K->101024K(509440K)] 1248428K->1030316K(1907712K), 0.1158089 secs] [Times: user=0.69 sys=0.00, real=0.12 secs] 
6335.735: [GC (Allocation Failure) [PSYoungGen: 418976K->155648K(474112K)] 1348268K->1180917K(1872384K), 0.0838358 secs] [Times: user=0.50 sys=0.00, real=0.09 secs] 
6338.061: [GC (Allocation Failure) [PSYoungGen: 473600K->98752K(505856K)] 1498869K->1279837K(1904128K), 0.1430569 secs] [Times: user=0.85 sys=0.00, real=0.14 secs] 
6338.650: [GC (Allocation Failure) [PSYoungGen: 410048K->156096K(467456K)] 1591133K->1430254K(1865728K), 0.0569354 secs] [Times: user=0.34 sys=0.00, real=0.06 secs] 
6338.707: [Full GC (Ergonomics) [PSYoungGen: 156096K->0K(467456K)] [ParOldGen: 1274158K->228327K(1398272K)] 1430254K->228327K(1865728K), [Metaspace: 59718K->59718K(1105920K)], 0.5521206 secs] [Times: user=2.59 sys=0.00, real=0.55 secs] 
6342.785: [GC (Allocation Failure) [PSYoungGen: 311296K->90112K(501760K)] 539623K->318439K(1900032K), 0.0834615 secs] [Times: user=0.50 sys=0.00, real=0.09 secs] 
6343.147: [GC (Allocation Failure) [PSYoungGen: 394240K->153088K(457728K)] 622567K->465536K(1856000K), 0.0543798 secs] [Times: user=0.32 sys=0.00, real=0.05 secs] 
6345.604: [GC (Allocation Failure) [PSYoungGen: 457216K->90208K(499200K)] 769664K->555901K(1897472K), 0.1586116 secs] [Times: user=0.94 sys=0.00, real=0.16 secs] 
6346.009: [GC (Allocation Failure) [PSYoungGen: 388704K->150144K(449024K)] 854397K->700129K(1847296K), 0.0551625 secs] [Times: user=0.33 sys=0.00, real=0.05 secs] 
6349.555: [GC (Allocation Failure) [PSYoungGen: 448640K->84928K(497664K)] 998625K->785129K(1895936K), 0.1601448 secs] [Times: user=0.95 sys=0.01, real=0.16 secs] 
6350.628: [GC (Allocation Failure) [PSYoungGen: 380864K->148352K(444416K)] 1081065K->927210K(1842688K), 0.0525396 secs] [Times: user=0.32 sys=0.00, real=0.05 secs] 
6352.637: [GC (Allocation Failure) [PSYoungGen: 443683K->88576K(497664K)] 1222542K->1015910K(1895936K), 0.1587466 secs] [Times: user=0.94 sys=0.00, real=0.15 secs] 
6353.488: [GC (Allocation Failure) [PSYoungGen: 376686K->138080K(432640K)] 1304021K->1149843K(1830912K), 0.0493590 secs] [Times: user=0.29 sys=0.00, real=0.05 secs] 
6355.414: [GC (Allocation Failure) [PSYoungGen: 432480K->98048K(497664K)] 1444243K->1239435K(1895936K), 0.0642157 secs] [Times: user=0.39 sys=0.00, real=0.07 secs] 
6356.856: [GC (Allocation Failure) [PSYoungGen: 396032K->140448K(494080K)] 1537419K->1376332K(1892352K), 0.0506401 secs] [Times: user=0.30 sys=0.00, real=0.05 secs] 
6356.907: [Full GC (Ergonomics) [PSYoungGen: 140448K->0K(494080K)] [ParOldGen: 1235884K->183981K(1398272K)] 1376332K->183981K(1892352K), [Metaspace: 59718K->59718K(1105920K)], 0.4393998 secs] [Times: user=2.04 sys=0.00, real=0.44 secs] 
6358.593: [GC (Allocation Failure) [PSYoungGen: 297984K->105632K(497152K)] 481965K->289613K(1895424K), 0.0479016 secs] [Times: user=0.29 sys=0.00, real=0.05 secs] 
6359.501: [GC (Allocation Failure) [PSYoungGen: 412320K->149792K(498176K)] 596301K->434140K(1896448K), 0.0517909 secs] [Times: user=0.30 sys=0.00, real=0.05 secs] 
6360.833: [GC (Allocation Failure) [PSYoungGen: 456480K->103936K(503296K)] 740828K->529252K(1901568K), 0.0803095 secs] [Times: user=0.47 sys=0.01, real=0.08 secs] 
6363.027: [GC (Allocation Failure) [PSYoungGen: 415744K->149760K(503296K)] 841060K->675433K(1901568K), 0.0510761 secs] [Times: user=0.31 sys=0.00, real=0.05 secs] 
6364.734: [GC (Allocation Failure) [PSYoungGen: 461568K->104544K(503808K)] 987241K->771513K(1902080K), 0.0649735 secs] [Times: user=0.39 sys=0.00, real=0.07 secs] 
6367.260: [GC (Allocation Failure) [PSYoungGen: 416864K->149664K(503808K)] 1083833K->917282K(1902080K), 0.0512900 secs] [Times: user=0.30 sys=0.00, real=0.05 secs] 
6369.199: [GC (Allocation Failure) [PSYoungGen: 461984K->104448K(503296K)] 1229602K->1013210K(1901568K), 0.0978568 secs] [Times: user=0.58 sys=0.01, real=0.10 secs] 
6370.702: [GC (Allocation Failure) [PSYoungGen: 417280K->150336K(503808K)] 1326042K->1159571K(1902080K), 0.0513032 secs] [Times: user=0.30 sys=0.00, real=0.05 secs] 
6373.359: [GC (Allocation Failure) [PSYoungGen: 463168K->104192K(504832K)] 1472403K->1255215K(1903104K), 0.1724574 secs] [Times: user=1.03 sys=0.01, real=0.17 secs] 
6374.435: [GC (Allocation Failure) [PSYoungGen: 412084K->147392K(504320K)] 1563107K->1398287K(1902592K), 0.0501483 secs] [Times: user=0.30 sys=0.00, real=0.05 secs] 
6374.485: [Full GC (Ergonomics) [PSYoungGen: 147392K->0K(504320K)] [ParOldGen: 1250895K->196374K(1398272K)] 1398287K->196374K(1902592K), [Metaspace: 59718K->59718K(1105920K)], 0.4812636 secs] [Times: user=2.25 sys=0.00, real=0.49 secs] 
6376.464: [GC (Allocation Failure) [PSYoungGen: 312832K->106336K(502272K)] 509206K->302710K(1900544K), 0.0426478 secs] [Times: user=0.25 sys=0.00, real=0.05 secs] 
6376.872: [GC (Allocation Failure) [PSYoungGen: 408400K->144864K(503808K)] 604775K->443423K(1902080K), 0.0493216 secs] [Times: user=0.28 sys=0.00, real=0.05 secs] 
6378.777: [GC (Allocation Failure) [PSYoungGen: 458720K->105984K(503808K)] 757279K->540695K(1902080K), 0.1584815 secs] [Times: user=0.95 sys=0.00, real=0.15 secs] 
6379.781: [GC (Allocation Failure) [PSYoungGen: 407953K->144960K(505856K)] 842665K->682036K(1904128K), 0.0502347 secs] [Times: user=0.30 sys=0.00, real=0.05 secs] 
6382.454: [GC (Allocation Failure) [PSYoungGen: 462912K->103840K(507392K)] 999988K->777276K(1905664K), 0.1434195 secs] [Times: user=0.85 sys=0.00, real=0.15 secs] 
6383.366: [GC (Allocation Failure) [PSYoungGen: 412978K->148128K(508416K)] 1086415K->920939K(1906688K), 0.0501332 secs] [Times: user=0.29 sys=0.00, real=0.05 secs] 
6385.811: [GC (Allocation Failure) [PSYoungGen: 469664K->111392K(507392K)] 1242475K->1023284K(1905664K), 0.1057463 secs] [Times: user=0.63 sys=0.00, real=0.11 secs] 
6387.134: [GC (Allocation Failure) [PSYoungGen: 433952K->154144K(508416K)] 1345844K->1173636K(1906688K), 0.0540790 secs] [Times: user=0.32 sys=0.01, real=0.06 secs] 
6389.848: [GC (Allocation Failure) [PSYoungGen: 476704K->100768K(509952K)] 1496196K->1273672K(1908224K), 0.1572814 secs] [Times: user=0.93 sys=0.01, real=0.15 secs] 
6390.320: [GC (Allocation Failure) [PSYoungGen: 420256K->156832K(476672K)] 1593160K->1424305K(1874944K), 0.0585189 secs] [Times: user=0.34 sys=0.01, real=0.06 secs] 
6390.378: [Full GC (Ergonomics) [PSYoungGen: 156832K->0K(476672K)] [ParOldGen: 1267473K->223054K(1398272K)] 1424305K->223054K(1874944K), [Metaspace: 59718K->59718K(1105920K)], 0.5253799 secs] [Times: user=2.46 sys=0.00, real=0.52 secs] 
6392.899: [GC (Allocation Failure) [PSYoungGen: 319488K->99840K(506368K)] 542542K->322894K(1904640K), 0.0733282 secs] [Times: user=0.44 sys=0.00, real=0.07 secs] 
6393.222: [GC (Allocation Failure) [PSYoungGen: 411648K->155168K(467456K)] 634702K->472023K(1865728K), 0.0572636 secs] [Times: user=0.34 sys=0.00, real=0.06 secs] 
6396.636: [GC (Allocation Failure) [PSYoungGen: 466976K->92832K(502784K)] 783831K->564735K(1901056K), 0.1311816 secs] [Times: user=0.78 sys=0.00, real=0.13 secs] 
6397.036: [GC (Allocation Failure) [PSYoungGen: 398496K->153824K(459776K)] 870399K->712256K(1858048K), 0.0562842 secs] [Times: user=0.34 sys=0.00, real=0.05 secs] 
6399.774: [GC (GCLocker Initiated GC) [PSYoungGen: 459488K->89056K(499712K)] 1017920K->801440K(1897984K), 0.1221637 secs] [Times: user=0.71 sys=0.01, real=0.13 secs] 
6400.134: [GC (Allocation Failure) [PSYoungGen: 389088K->150720K(451072K)] 1101475K->946238K(1849344K), 0.0555842 secs] [Times: user=0.33 sys=0.00, real=0.06 secs] 
6403.431: [GC (Allocation Failure) [PSYoungGen: 450752K->87328K(498176K)] 1246270K->1033686K(1896448K), 0.1245215 secs] [Times: user=0.74 sys=0.00, real=0.12 secs] 
6403.783: [GC (Allocation Failure) [PSYoungGen: 383776K->147200K(443904K)] 1330134K->1175287K(1842176K), 0.0538927 secs] [Times: user=0.32 sys=0.00, real=0.06 secs] 
6407.555: [GC (Allocation Failure) [PSYoungGen: 443648K->85216K(497664K)] 1471735K->1260327K(1895936K), 0.1578061 secs] [Times: user=0.93 sys=0.00, real=0.16 secs] 
6408.132: [GC (Allocation Failure) [PSYoungGen: 380640K->148064K(443904K)] 1555751K->1402683K(1842176K), 0.0523819 secs] [Times: user=0.31 sys=0.00, real=0.05 secs] 
6408.184: [Full GC (Ergonomics) [PSYoungGen: 148064K->0K(443904K)] [ParOldGen: 1254618K->209291K(1398272K)] 1402683K->209291K(1842176K), [Metaspace: 59718K->59718K(1105920K)], 0.4959917 secs] [Times: user=2.31 sys=0.00, real=0.50 secs] 
6411.216: [GC (Allocation Failure) [PSYoungGen: 295424K->89568K(497664K)] 504715K->298859K(1895936K), 0.1606693 secs] [Times: user=0.96 sys=0.00, real=0.17 secs] 
6412.522: [GC (GCLocker Initiated GC) [PSYoungGen: 383968K->139008K(433664K)] 593259K->434248K(1831936K), 0.1108738 secs] [Times: user=0.66 sys=0.00, real=0.11 secs] 
6414.613: [GC (Allocation Failure) [PSYoungGen: 433408K->99200K(497664K)] 728683K->525303K(1895936K), 0.0617690 secs] [Times: user=0.36 sys=0.00, real=0.06 secs] 
6416.221: [GC (Allocation Failure) [PSYoungGen: 397184K->141440K(494080K)] 823287K->663828K(1892352K), 0.0491043 secs] [Times: user=0.29 sys=0.00, real=0.05 secs] 
6418.316: [GC (Allocation Failure) [PSYoungGen: 438304K->100736K(497664K)] 960693K->755693K(1895936K), 0.0645207 secs] [Times: user=0.38 sys=0.00, real=0.06 secs] 
6418.768: [GC (Allocation Failure) [PSYoungGen: 406912K->146208K(498688K)] 1061869K->900013K(1896960K), 0.0520356 secs] [Times: user=0.30 sys=0.00, real=0.05 secs] 
6421.588: [GC (GCLocker Initiated GC) [PSYoungGen: 452384K->102592K(501760K)] 1206190K->994138K(1900032K), 0.0816506 secs] [Times: user=0.49 sys=0.00, real=0.08 secs] 
6422.816: [GC (Allocation Failure) [PSYoungGen: 413888K->146592K(502784K)] 1305469K->1138549K(1901056K), 0.0527803 secs] [Times: user=0.31 sys=0.00, real=0.05 secs] 
6425.621: [GC (Allocation Failure) [PSYoungGen: 457888K->106560K(500736K)] 1449845K->1236385K(1899008K), 0.0657977 secs] [Times: user=0.39 sys=0.01, real=0.07 secs] 
6426.350: [GC (Allocation Failure) [PSYoungGen: 419904K->158240K(472064K)] 1549729K->1390978K(1870336K), 0.0535181 secs] [Times: user=0.32 sys=0.00, real=0.05 secs] 
6426.404: [Full GC (Ergonomics) [PSYoungGen: 158240K->0K(472064K)] [ParOldGen: 1232738K->187462K(1398272K)] 1390978K->187462K(1870336K), [Metaspace: 59718K->59718K(1105920K)], 0.4502745 secs] [Times: user=2.09 sys=0.00, real=0.45 secs] 
6428.167: [GC (Allocation Failure) [PSYoungGen: 313344K->108672K(506880K)] 500806K->296134K(1905152K), 0.0352373 secs] [Times: user=0.21 sys=0.00, real=0.03 secs] 
6429.496: [GC (Allocation Failure) [PSYoungGen: 418944K->150688K(502272K)] 606406K->443329K(1900544K), 0.0521652 secs] [Times: user=0.31 sys=0.00, real=0.05 secs] 
6432.080: [GC (Allocation Failure) [PSYoungGen: 460960K->101888K(503808K)] 753601K->536913K(1902080K), 0.0971410 secs] [Times: user=0.58 sys=0.00, real=0.10 secs] 
6433.235: [GC (Allocation Failure) [PSYoungGen: 409506K->149024K(503296K)] 844532K->681998K(1901568K), 0.0497164 secs] [Times: user=0.30 sys=0.00, real=0.05 secs] 
6435.336: [GC (Allocation Failure) [PSYoungGen: 459808K->102080K(503808K)] 992782K->775674K(1902080K), 0.1733090 secs] [Times: user=1.03 sys=0.01, real=0.17 secs] 
6436.569: [GC (Allocation Failure) [PSYoungGen: 404619K->148128K(503808K)] 1078214K->920463K(1902080K), 0.0499282 secs] [Times: user=0.30 sys=0.00, real=0.05 secs] 
6438.784: [GC (Allocation Failure) [PSYoungGen: 459424K->102912K(502272K)] 1231759K->1015063K(1900544K), 0.1680740 secs] [Times: user=1.01 sys=0.00, real=0.17 secs] 
6440.112: [GC (Allocation Failure) [PSYoungGen: 410658K->148480K(503296K)] 1322810K->1159797K(1901568K), 0.0511287 secs] [Times: user=0.30 sys=0.00, real=0.05 secs] 
6442.376: [GC (Allocation Failure) [PSYoungGen: 460288K->104544K(503808K)] 1471605K->1255653K(1902080K), 0.1425981 secs] [Times: user=0.85 sys=0.00, real=0.14 secs] 
6444.256: [GC (Allocation Failure) [PSYoungGen: 412873K->146976K(504320K)] 1563982K->1398238K(1902592K), 0.0508774 secs] [Times: user=0.30 sys=0.00, real=0.06 secs] 
6444.307: [Full GC (Ergonomics) [PSYoungGen: 146976K->0K(504320K)] [ParOldGen: 1251262K->196460K(1398272K)] 1398238K->196460K(1902592K), [Metaspace: 59718K->59718K(1105920K)], 0.4760866 secs] [Times: user=2.23 sys=0.00, real=0.47 secs] 
6446.572: [GC (Allocation Failure) [PSYoungGen: 313344K->106080K(502784K)] 509804K->302540K(1901056K), 0.0891601 secs] [Times: user=0.53 sys=0.00, real=0.09 secs] 
6447.855: [GC (Allocation Failure) [PSYoungGen: 413383K->145568K(504320K)] 609844K->444309K(1902592K), 0.0499282 secs] [Times: user=0.29 sys=0.01, real=0.05 secs] 
6450.079: [GC (GCLocker Initiated GC) [PSYoungGen: 460448K->105856K(504832K)] 759193K->540857K(1903104K), 0.1698728 secs] [Times: user=1.01 sys=0.01, real=0.17 secs] 
6451.829: [GC (Allocation Failure) [PSYoungGen: 424320K->143776K(506368K)] 875708K->696633K(1904640K), 0.2415017 secs] [Times: user=1.45 sys=0.00, real=0.24 secs] 
6454.788: [GC (Allocation Failure) [PSYoungGen: 462240K->97600K(508928K)] 1015097K->794085K(1907200K), 0.4464534 secs] [Times: user=2.68 sys=0.00, real=0.44 secs] 
6455.691: [GC (Allocation Failure) [PSYoungGen: 419648K->161536K(483840K)] 1116133K->949860K(1882112K), 0.0564841 secs] [Times: user=0.34 sys=0.00, real=0.06 secs] 
6457.738: [GC (Allocation Failure) [PSYoungGen: 483584K->102656K(506368K)] 1271908K->1052736K(1904640K), 0.1011854 secs] [Times: user=0.61 sys=0.00, real=0.10 secs] 
6458.058: [GC (Allocation Failure) [PSYoungGen: 413952K->170368K(481792K)] 1364032K->1217085K(1880064K), 0.0592542 secs] [Times: user=0.35 sys=0.00, real=0.06 secs] 
6460.611: [GC (Allocation Failure) [PSYoungGen: 481664K->97952K(498176K)] 1528381K->1298605K(1896448K), 0.0813760 secs] [Times: user=0.48 sys=0.00, real=0.08 secs] 
6460.692: [Full GC (Ergonomics) [PSYoungGen: 97952K->0K(498176K)] [ParOldGen: 1200653K->95899K(1398272K)] 1298605K->95899K(1896448K), [Metaspace: 59718K->59718K(1105920K)], 0.2296174 secs] [Times: user=1.02 sys=0.00, real=0.23 secs] 
6461.348: [GC (Allocation Failure) [PSYoungGen: 295424K->145440K(496128K)] 391323K->241339K(1894400K), 0.0407732 secs] [Times: user=0.24 sys=0.00, real=0.04 secs] 
6465.100: [GC (Allocation Failure) [PSYoungGen: 440864K->84928K(496128K)] 536763K->326395K(1894400K), 0.1251521 secs] [Times: user=0.74 sys=0.00, real=0.12 secs] 
6465.457: [GC (Allocation Failure) [PSYoungGen: 380352K->146208K(496128K)] 621819K->466768K(1894400K), 0.0523014 secs] [Times: user=0.31 sys=0.00, real=0.05 secs] 
6467.889: [GC (Allocation Failure) [PSYoungGen: 441632K->88800K(496640K)] 762192K->555500K(1894912K), 0.1421695 secs] [Times: user=0.84 sys=0.01, real=0.14 secs] 
6468.301: [GC (Allocation Failure) [PSYoungGen: 385760K->148896K(445952K)] 852460K->697925K(1844224K), 0.0537936 secs] [Times: user=0.32 sys=0.00, real=0.05 secs] 
6470.635: [GC (Allocation Failure) [PSYoungGen: 445856K->87968K(498176K)] 994885K->785829K(1896448K), 0.1392726 secs] [Times: user=0.83 sys=0.00, real=0.14 secs] 
6471.998: [GC (Allocation Failure) [PSYoungGen: 368443K->137408K(433664K)] 1066304K->917250K(1831936K), 0.0482636 secs] [Times: user=0.29 sys=0.00, real=0.05 secs] 
6473.729: [GC (Allocation Failure) [PSYoungGen: 433344K->99328K(498176K)] 1213186K->1007762K(1896448K), 0.0640246 secs] [Times: user=0.38 sys=0.00, real=0.06 secs] 
6474.683: [GC (Allocation Failure) [PSYoungGen: 398848K->147296K(494592K)] 1307282K->1151615K(1892864K), 0.0488830 secs] [Times: user=0.29 sys=0.00, real=0.05 secs] 
6475.828: [GC (Allocation Failure) [PSYoungGen: 446816K->100736K(499200K)] 1451135K->1243727K(1897472K), 0.0634993 secs] [Times: user=0.38 sys=0.00, real=0.06 secs] 
6478.465: [GC (Allocation Failure) [PSYoungGen: 406912K->144576K(500224K)] 1549903K->1384620K(1898496K), 0.0505279 secs] [Times: user=0.29 sys=0.01, real=0.05 secs] 
6478.516: [Full GC (Ergonomics) [PSYoungGen: 144576K->0K(500224K)] [ParOldGen: 1240044K->186540K(1398272K)] 1384620K->186540K(1898496K), [Metaspace: 59718K->59718K(1105920K)], 0.4555348 secs] [Times: user=2.14 sys=0.00, real=0.46 secs] 
6480.055: [GC (Allocation Failure) [PSYoungGen: 306176K->103168K(499200K)] 492716K->289708K(1897472K), 0.0320053 secs] [Times: user=0.19 sys=0.00, real=0.04 secs] 
6481.036: [GC (Allocation Failure) [PSYoungGen: 412416K->150208K(501248K)] 598956K->436562K(1899520K), 0.0512481 secs] [Times: user=0.31 sys=0.00, real=0.05 secs] 
6482.350: [GC (Allocation Failure) [PSYoungGen: 459456K->105024K(502272K)] 745810K->532498K(1900544K), 0.0653098 secs] [Times: user=0.39 sys=0.00, real=0.06 secs] 
6483.737: [GC (Allocation Failure) [PSYoungGen: 416320K->150592K(502784K)] 843794K->679779K(1901056K), 0.0512977 secs] [Times: user=0.30 sys=0.00, real=0.05 secs] 
6485.663: [GC (Allocation Failure) [PSYoungGen: 461888K->103680K(504320K)] 991075K->774939K(1902592K), 0.0662945 secs] [Times: user=0.39 sys=0.00, real=0.07 secs] 
6486.842: [GC (Allocation Failure) [PSYoungGen: 415413K->148736K(503808K)] 1086672K->919939K(1902080K), 0.0695360 secs] [Times: user=0.42 sys=0.00, real=0.07 secs] 
6489.158: [GC (Allocation Failure) [PSYoungGen: 460544K->104288K(503296K)] 1231747K->1016155K(1901568K), 0.1037528 secs] [Times: user=0.61 sys=0.00, real=0.10 secs] 
6489.999: [GC (Allocation Failure) [PSYoungGen: 410696K->146336K(503808K)] 1322564K->1158960K(1902080K), 0.0504511 secs] [Times: user=0.30 sys=0.00, real=0.05 secs] 
6492.359: [GC (Allocation Failure) [PSYoungGen: 458656K->105152K(502784K)] 1471280K->1255752K(1901056K), 0.0897774 secs] [Times: user=0.54 sys=0.00, real=0.09 secs] 
6493.001: [GC (Allocation Failure) [PSYoungGen: 419520K->154112K(504320K)] 1570120K->1406849K(1902592K), 0.0642269 secs] [Times: user=0.38 sys=0.00, real=0.06 secs] 
6493.065: [Full GC (Ergonomics) [PSYoungGen: 154112K->0K(504320K)] [ParOldGen: 1252737K->205016K(1398272K)] 1406849K->205016K(1902592K), [Metaspace: 59718K->59718K(1105920K)], 0.4886743 secs] [Times: user=2.28 sys=0.00, real=0.49 secs] 
6495.383: [GC (Allocation Failure) [PSYoungGen: 314368K->94656K(505856K)] 519384K->299672K(1904128K), 0.1116131 secs] [Times: user=0.66 sys=0.00, real=0.11 secs] 
6495.809: [GC (Allocation Failure) [PSYoungGen: 405952K->152224K(463872K)] 610968K->448432K(1862144K), 0.0541927 secs] [Times: user=0.33 sys=0.00, real=0.05 secs] 
6497.752: [GC (Allocation Failure) [PSYoungGen: 463520K->89888K(502784K)] 759728K->538313K(1901056K), 0.1009692 secs] [Times: user=0.60 sys=0.00, real=0.10 secs] 
6498.305: [GC (Allocation Failure) [PSYoungGen: 396064K->150368K(456704K)] 844489K->684065K(1854976K), 0.0526420 secs] [Times: user=0.32 sys=0.00, real=0.06 secs] 
Heap
 PSYoungGen      total 456704K, used 3518