1.062: [GC (Allocation Failure) [PSYoungGen: 128000K->12977K(148992K)] 128000K->13001K(488960K), 0.1045121 secs] [Times: user=0.02 sys=0.01, real=0.11 secs] 
1.296: [GC (Metadata GC Threshold) [PSYoungGen: 49377K->6129K(148992K)] 49401K->6225K(488960K), 0.0041657 secs] [Times: user=0.01 sys=0.00, real=0.01 secs] 
1.301: [Full GC (Metadata GC Threshold) [PSYoungGen: 6129K->0K(148992K)] [ParOldGen: 96K->5943K(197632K)] 6225K->5943K(346624K), [Metaspace: 20455K->20455K(1067008K)], 0.0152930 secs] [Times: user=0.05 sys=0.00, real=0.01 secs] 
1.866: [GC (Allocation Failure) [PSYoungGen: 128000K->9835K(148992K)] 133943K->15786K(346624K), 0.0033284 secs] [Times: user=0.01 sys=0.00, real=0.01 secs] 
2.920: [GC (Metadata GC Threshold) [PSYoungGen: 40196K->4770K(195584K)] 46148K->10729K(393216K), 0.0030984 secs] [Times: user=0.01 sys=0.00, real=0.00 secs] 
2.923: [Full GC (Metadata GC Threshold) [PSYoungGen: 4770K->0K(195584K)] [ParOldGen: 5959K->8924K(315904K)] 10729K->8924K(511488K), [Metaspace: 33724K->33724K(1079296K)], 0.0209765 secs] [Times: user=0.07 sys=0.00, real=0.02 secs] 
3.928: [GC (Allocation Failure) [PSYoungGen: 180736K->18319K(201728K)] 189660K->27252K(517632K), 0.0061795 secs] [Times: user=0.03 sys=0.00, real=0.00 secs] 
4.490: [GC (Allocation Failure) [PSYoungGen: 199055K->13497K(270336K)] 207988K->96174K(586240K), 0.0103238 secs] [Times: user=0.04 sys=0.00, real=0.01 secs] 
5.086: [GC (Allocation Failure) [PSYoungGen: 263865K->4583K(270336K)] 346542K->218340K(586240K), 0.0131979 secs] [Times: user=0.07 sys=0.00, real=0.02 secs] 
7.294: [GC (Allocation Failure) [PSYoungGen: 254951K->19945K(387072K)] 468708K->252112K(702976K), 0.0068205 secs] [Times: user=0.03 sys=0.00, real=0.01 secs] 
7.301: [Full GC (Ergonomics) [PSYoungGen: 19945K->0K(387072K)] [ParOldGen: 232167K->94981K(597504K)] 252112K->94981K(984576K), [Metaspace: 52927K->52927K(1097728K)], 0.0753004 secs] [Times: user=0.33 sys=0.01, real=0.07 secs] 
9.061: [GC (Allocation Failure) [PSYoungGen: 367104K->10000K(398336K)] 462085K->104989K(995840K), 0.0019579 secs] [Times: user=0.00 sys=0.00, real=0.00 secs] 
10.355: [GC (Allocation Failure) [PSYoungGen: 377104K->1728K(480256K)] 472093K->260557K(1077760K), 0.0126903 secs] [Times: user=0.07 sys=0.00, real=0.02 secs] 
15.608: [GC (Allocation Failure) [PSYoungGen: 451776K->1757K(480256K)] 710605K->260594K(1077760K), 0.0020329 secs] [Times: user=0.01 sys=0.00, real=0.00 secs] 
19.474: [GC (Allocation Failure) [PSYoungGen: 451805K->2117K(536576K)] 710642K->260963K(1134080K), 0.0017354 secs] [Times: user=0.00 sys=0.00, real=0.00 secs] 
24.764: [GC (Allocation Failure) [PSYoungGen: 524357K->1981K(551936K)] 783203K->260834K(1149440K), 0.0020575 secs] [Times: user=0.01 sys=0.00, real=0.00 secs] 
29.354: [GC (Allocation Failure) [PSYoungGen: 524221K->1917K(594432K)] 783074K->260778K(1191936K), 0.0020325 secs] [Times: user=0.00 sys=0.00, real=0.00 secs] 
36.503: [GC (Allocation Failure) [PSYoungGen: 580477K->1949K(607232K)] 839338K->260818K(1204736K), 0.0022698 secs] [Times: user=0.01 sys=0.00, real=0.00 secs] 
41.819: [GC (Allocation Failure) [PSYoungGen: 580509K->1933K(638976K)] 839378K->260810K(1236480K), 0.0038343 secs] [Times: user=0.02 sys=0.00, real=0.00 secs] 
48.400: [GC (Allocation Failure) [PSYoungGen: 622989K->1981K(604672K)] 881866K->260866K(1202176K), 0.0027643 secs] [Times: user=0.01 sys=0.00, real=0.00 secs] 
53.889: [GC (Allocation Failure) [PSYoungGen: 604605K->1965K(588288K)] 863490K->260850K(1185792K), 0.0023608 secs] [Times: user=0.01 sys=0.00, real=0.00 secs] 
62.223: [GC (Allocation Failure) [PSYoungGen: 587181K->1997K(570368K)] 846066K->260882K(1167872K), 0.0039056 secs] [Times: user=0.01 sys=0.01, real=0.01 secs] 
71.221: [GC (Allocation Failure) [PSYoungGen: 570317K->1981K(553984K)] 829202K->260874K(1151488K), 0.0022901 secs] [Times: user=0.01 sys=0.00, real=0.00 secs] 
79.334: [GC (Allocation Failure) [PSYoungGen: 553917K->1965K(538624K)] 812810K->260866K(1136128K), 0.0032558 secs] [Times: user=0.02 sys=0.00, real=0.01 secs] 
86.509: [GC (Allocation Failure) [PSYoungGen: 538541K->1981K(523776K)] 797442K->260890K(1121280K), 0.0029423 secs] [Times: user=0.01 sys=0.00, real=0.00 secs] 
91.615: [GC (Allocation Failure) [PSYoungGen: 523709K->18397K(525824K)] 782618K->277315K(1123328K), 0.0026754 secs] [Times: user=0.01 sys=0.00, real=0.01 secs] 
95.260: [GC (Allocation Failure) [PSYoungGen: 525789K->2176K(496128K)] 784707K->261467K(1093632K), 0.0018560 secs] [Times: user=0.01 sys=0.00, real=0.00 secs] 
98.905: [GC (Allocation Failure) [PSYoungGen: 495744K->1680K(482304K)] 755035K->261011K(1079808K), 0.0023740 secs] [Times: user=0.01 sys=0.00, real=0.01 secs] 
105.533: [GC (Allocation Failure) [PSYoungGen: 481936K->18016K(485888K)] 741267K->277395K(1083392K), 0.0043214 secs] [Times: user=0.02 sys=0.00, real=0.01 secs] 
111.428: [GC (Allocation Failure) [PSYoungGen: 485472K->368K(455680K)] 744851K->259923K(1053184K), 0.0019256 secs] [Times: user=0.00 sys=0.00, real=0.00 secs] 
116.572: [GC (Allocation Failure) [PSYoungGen: 455536K->1440K(444928K)] 715091K->261035K(1042432K), 0.0034686 secs] [Times: user=0.01 sys=0.00, real=0.00 secs] 
122.247: [GC (Allocation Failure) [PSYoungGen: 444832K->3536K(455168K)] 704427K->263171K(1052672K), 0.0026238 secs] [Times: user=0.01 sys=0.00, real=0.00 secs] 
126.525: [GC (Allocation Failure) [PSYoungGen: 435664K->1472K(422912K)] 695299K->261131K(1020416K), 0.0022859 secs] [Times: user=0.01 sys=0.00, real=0.01 secs] 
130.948: [GC (Allocation Failure) [PSYoungGen: 422848K->1520K(412672K)] 682507K->261211K(1010176K), 0.0039285 secs] [Times: user=0.01 sys=0.00, real=0.00 secs] 
135.951: [GC (Allocation Failure) [PSYoungGen: 412656K->17872K(418816K)] 672347K->277603K(1016320K), 0.0029816 secs] [Times: user=0.01 sys=0.00, real=0.00 secs] 
138.652: [GC (Allocation Failure) [PSYoungGen: 418768K->1456K(392704K)] 678499K->261195K(990208K), 0.0021795 secs] [Times: user=0.00 sys=0.00, real=0.00 secs] 
144.011: [GC (Allocation Failure) [PSYoungGen: 392624K->5584K(387584K)] 652363K->265371K(985088K), 0.0018968 secs] [Times: user=0.00 sys=0.00, real=0.00 secs] 
149.313: [GC (Allocation Failure) [PSYoungGen: 387536K->1424K(374784K)] 647323K->261227K(972288K), 0.0032093 secs] [Times: user=0.01 sys=0.00, real=0.00 secs] 
154.383: [GC (Allocation Failure) [PSYoungGen: 374672K->1408K(366080K)] 634475K->261227K(963584K), 0.0024029 secs] [Times: user=0.01 sys=0.00, real=0.00 secs] 
156.943: [GC (Allocation Failure) [PSYoungGen: 365952K->1488K(375296K)] 625771K->261331K(972800K), 0.0018040 secs] [Times: user=0.00 sys=0.00, real=0.00 secs] 
161.920: [GC (Allocation Failure) [PSYoungGen: 357840K->9664K(357888K)] 617683K->269531K(955392K), 0.0024765 secs] [Times: user=0.01 sys=0.00, real=0.00 secs] 
164.218: [GC (Allocation Failure) [PSYoungGen: 357824K->17792K(358400K)] 617691K->277667K(955904K), 0.0024454 secs] [Times: user=0.01 sys=0.01, real=0.00 secs] 
167.401: [GC (Allocation Failure) [PSYoungGen: 358272K->1408K(334336K)] 618147K->261291K(931840K), 0.0028429 secs] [Times: user=0.00 sys=0.01, real=0.00 secs] 
171.788: [GC (Allocation Failure) [PSYoungGen: 334208K->1440K(347136K)] 594091K->261347K(944640K), 0.0038443 secs] [Times: user=0.01 sys=0.00, real=0.00 secs] 
174.443: [GC (Allocation Failure) [PSYoungGen: 327072K->1472K(320000K)] 586979K->261387K(917504K), 0.0021269 secs] [Times: user=0.00 sys=0.01, real=0.00 secs] 
176.869: [GC (Allocation Failure) [PSYoungGen: 319936K->1488K(331776K)] 579851K->261411K(929280K), 0.0020031 secs] [Times: user=0.00 sys=0.00, real=0.00 secs] 
178.823: [GC (Allocation Failure) [PSYoungGen: 313296K->1424K(306688K)] 573219K->261371K(904192K), 0.0025380 secs] [Times: user=0.01 sys=0.00, real=0.00 secs] 
180.901: [GC (Allocation Failure) [PSYoungGen: 306576K->1504K(316928K)] 566523K->261459K(914432K), 0.0019998 secs] [Times: user=0.01 sys=0.00, real=0.00 secs] 
182.930: [GC (Allocation Failure) [PSYoungGen: 300512K->1424K(294400K)] 560467K->261411K(891904K), 0.0020892 secs] [Times: user=0.01 sys=0.00, real=0.00 secs] 
184.926: [GC (Allocation Failure) [PSYoungGen: 294288K->1424K(303616K)] 554275K->261419K(901120K), 0.0020388 secs] [Times: user=0.01 sys=0.01, real=0.01 secs] 
188.202: [GC (Allocation Failure) [PSYoungGen: 288656K->1504K(283136K)] 548651K->261507K(880640K), 0.0024140 secs] [Times: user=0.01 sys=0.00, real=0.00 secs] 
191.471: [GC (Allocation Failure) [PSYoungGen: 283104K->1376K(290816K)] 543107K->261403K(888320K), 0.0022131 secs] [Times: user=0.01 sys=0.00, real=0.00 secs] 
194.626: [GC (Allocation Failure) [PSYoungGen: 277344K->1488K(272384K)] 537371K->261523K(869888K), 0.0021627 secs] [Times: user=0.01 sys=0.00, real=0.01 secs] 
197.940: [GC (Allocation Failure) [PSYoungGen: 272336K->1440K(267264K)] 532371K->261483K(864768K), 0.0029919 secs] [Times: user=0.01 sys=0.00, real=0.00 secs] 
201.231: [GC (Allocation Failure) [PSYoungGen: 267168K->1456K(262144K)] 527211K->261499K(859648K), 0.0020007 secs] [Times: user=0.01 sys=0.00, real=0.00 secs] 
204.240: [GC (Allocation Failure) [PSYoungGen: 262064K->9696K(265728K)] 522107K->277947K(863232K), 0.0051556 secs] [Times: user=0.02 sys=0.00, real=0.00 secs] 
206.063: [GC (Allocation Failure) [PSYoungGen: 265696K->9632K(261120K)] 533947K->286083K(858624K), 0.0029895 secs] [Times: user=0.01 sys=0.00, real=0.00 secs] 
208.244: [GC (Allocation Failure) [PSYoungGen: 261024K->5552K(252416K)] 537475K->282019K(849920K), 0.0024326 secs] [Times: user=0.01 sys=0.00, real=0.01 secs] 
210.095: [GC (Allocation Failure) [PSYoungGen: 252336K->1344K(243712K)] 528803K->277819K(841216K), 0.0021022 secs] [Times: user=0.01 sys=0.00, real=0.01 secs] 
214.159: [GC (Allocation Failure) [PSYoungGen: 243520K->1408K(239616K)] 519995K->277883K(837120K), 0.0029240 secs] [Times: user=0.00 sys=0.00, real=0.00 secs] 
217.810: [GC (Allocation Failure) [PSYoungGen: 239488K->1440K(235520K)] 515963K->277931K(833024K), 0.0024204 secs] [Times: user=0.01 sys=0.00, real=0.00 secs] 
221.835: [GC (Allocation Failure) [PSYoungGen: 235424K->9696K(239616K)] 511915K->294387K(837120K), 0.0035997 secs] [Times: user=0.01 sys=0.01, real=0.01 secs] 
225.711: [GC (Allocation Failure) [PSYoungGen: 239584K->3408K(229376K)] 524275K->288107K(826880K), 0.0030742 secs] [Times: user=0.01 sys=0.00, real=0.00 secs] 
228.662: [GC (Allocation Failure) [PSYoungGen: 229200K->1344K(223744K)] 513899K->286051K(821248K), 0.0027019 secs] [Times: user=0.01 sys=0.00, real=0.00 secs] 
232.447: [GC (Allocation Failure) [PSYoungGen: 223552K->1440K(220160K)] 508259K->286163K(817664K), 0.0026054 secs] [Times: user=0.01 sys=0.00, real=0.00 secs] 
235.949: [GC (Allocation Failure) [PSYoungGen: 220064K->9600K(224768K)] 504787K->302515K(822272K), 0.0085124 secs] [Times: user=0.04 sys=0.00, real=0.01 secs] 
239.520: [GC (Allocation Failure) [PSYoungGen: 224640K->2400K(214016K)] 517555K->295331K(811520K), 0.0020749 secs] [Times: user=0.01 sys=0.00, real=0.00 secs] 
241.005: [GC (Allocation Failure) [PSYoungGen: 213856K->1360K(209408K)] 506787K->294291K(806912K), 0.0035536 secs] [Times: user=0.01 sys=0.00, real=0.01 secs] 
243.447: [GC (Allocation Failure) [PSYoungGen: 209232K->1408K(206336K)] 502163K->294347K(803840K), 0.0021004 secs] [Times: user=0.01 sys=0.00, real=0.00 secs] 
245.395: [GC (Allocation Failure) [PSYoungGen: 206208K->9600K(211456K)] 499147K->302555K(808960K), 0.0020743 secs] [Times: user=0.01 sys=0.00, real=0.01 secs] 
246.249: [GC (Allocation Failure) [PSYoungGen: 211328K->1312K(208384K)] 504283K->294275K(805888K), 0.0018671 secs] [Times: user=0.00 sys=0.00, real=0.00 secs] 
248.731: [GC (Allocation Failure) [PSYoungGen: 199968K->1392K(197120K)] 492931K->294371K(794624K), 0.0025388 secs] [Times: user=0.01 sys=0.00, real=0.00 secs] 
251.063: [GC (Allocation Failure) [PSYoungGen: 196976K->9664K(204288K)] 489955K->302651K(801792K), 0.0021315 secs] [Times: user=0.01 sys=0.00, real=0.00 secs] 
251.908: [GC (Allocation Failure) [PSYoungGen: 202176K->1344K(191488K)] 495163K->294331K(788992K), 0.0020460 secs] [Times: user=0.01 sys=0.00, real=0.00 secs] 
253.413: [GC (Allocation Failure) [PSYoungGen: 191296K->1408K(197120K)] 484283K->294395K(794624K), 0.0019771 secs] [Times: user=0.00 sys=0.00, real=0.00 secs] 
255.629: [GC (Allocation Failure) [PSYoungGen: 188800K->3424K(188416K)] 481787K->296419K(785920K), 0.0030361 secs] [Times: user=0.01 sys=0.00, real=0.00 secs] 
257.864: [GC (Allocation Failure) [PSYoungGen: 188256K->1376K(190976K)] 481251K->294379K(788480K), 0.0033622 secs] [Times: user=0.02 sys=0.00, real=0.01 secs] 
261.332: [GC (Allocation Failure) [PSYoungGen: 183648K->9632K(189440K)] 476651K->310835K(786944K), 0.0056773 secs] [Times: user=0.02 sys=0.00, real=0.01 secs] 
263.270: [GC (Allocation Failure) [PSYoungGen: 189344K->1376K(186880K)] 490547K->302579K(784384K), 0.0036733 secs] [Times: user=0.01 sys=0.00, real=0.00 secs] 
265.083: [GC (Allocation Failure) [PSYoungGen: 178528K->1408K(176128K)] 479731K->302619K(773632K), 0.0018827 secs] [Times: user=0.01 sys=0.00, real=0.00 secs] 
267.253: [GC (Allocation Failure) [PSYoungGen: 176000K->3456K(179712K)] 477211K->304675K(777216K), 0.0021500 secs] [Times: user=0.01 sys=0.01, real=0.00 secs] 
268.328: [GC (Allocation Failure) [PSYoungGen: 175488K->1376K(171520K)] 476707K->302603K(769024K), 0.0039041 secs] [Times: user=0.02 sys=0.00, real=0.00 secs] 
270.120: [GC (Allocation Failure) [PSYoungGen: 169148K->9648K(178688K)] 470375K->310883K(776192K), 0.0020171 secs] [Times: user=0.01 sys=0.00, real=0.00 secs] 
271.437: [GC (Allocation Failure) [PSYoungGen: 177584K->1344K(167424K)] 478819K->302587K(764928K), 0.0039543 secs] [Times: user=0.01 sys=0.00, real=0.00 secs] 
274.124: [GC (Allocation Failure) [PSYoungGen: 167232K->9600K(176128K)] 468475K->319051K(773632K), 0.0041746 secs] [Times: user=0.02 sys=0.00, real=0.01 secs] 
276.214: [GC (Allocation Failure) [PSYoungGen: 173440K->1344K(163328K)] 482891K->310795K(760832K), 0.0029933 secs] [Times: user=0.01 sys=0.00, real=0.01 secs] 
278.405: [GC (Allocation Failure) [PSYoungGen: 163136K->1440K(169984K)] 472587K->310899K(767488K), 0.0035128 secs] [Times: user=0.01 sys=0.00, real=0.01 secs] 
279.438: [GC (Allocation Failure) [PSYoungGen: 161184K->1376K(159232K)] 470643K->310843K(756736K), 0.0022196 secs] [Times: user=0.01 sys=0.00, real=0.00 secs] 
281.875: [GC (Allocation Failure) [PSYoungGen: 159072K->1408K(164864K)] 468539K->310875K(762368K), 0.0037212 secs] [Times: user=0.01 sys=0.00, real=0.01 secs] 
283.971: [GC (Allocation Failure) [PSYoungGen: 157056K->1632K(155648K)] 466523K->311099K(753152K), 0.0019369 secs] [Times: user=0.01 sys=0.00, real=0.00 secs] 
284.569: [GC (Allocation Failure) [PSYoungGen: 155232K->1376K(159744K)] 464699K->310851K(757248K), 0.0023243 secs] [Times: user=0.01 sys=0.00, real=0.00 secs] 
286.051: [GC (Allocation Failure) [PSYoungGen: 152928K->2368K(152576K)] 462403K->311843K(750080K), 0.0020762 secs] [Times: user=0.00 sys=0.00, real=0.00 secs] 
287.520: [GC (Allocation Failure) [PSYoungGen: 152384K->1344K(156160K)] 461859K->310819K(753664K), 0.0029368 secs] [Times: user=0.00 sys=0.00, real=0.00 secs] 
289.607: [GC (Allocation Failure) [PSYoungGen: 149824K->3488K(150528K)] 459299K->312963K(748032K), 0.0021452 secs] [Times: user=0.01 sys=0.01, real=0.00 secs] 
290.978: [GC (Allocation Failure) [PSYoungGen: 150432K->1344K(152064K)] 459907K->310827K(749568K), 0.0029815 secs] [Times: user=0.01 sys=0.00, real=0.00 secs] 
292.978: [GC (Allocation Failure) [PSYoungGen: 146752K->1888K(145920K)] 456235K->311379K(743424K), 0.0017082 secs] [Times: user=0.00 sys=0.00, real=0.00 secs] 
293.511: [GC (Allocation Failure) [PSYoungGen: 145760K->1344K(148992K)] 455251K->310835K(746496K), 0.0018598 secs] [Times: user=0.01 sys=0.00, real=0.00 secs] 
294.102: [GC (Allocation Failure) [PSYoungGen: 143680K->1312K(142336K)] 453171K->310811K(739840K), 0.0017511 secs] [Times: user=0.00 sys=0.00, real=0.00 secs] 
295.786: [GC (Allocation Failure) [PSYoungGen: 142112K->1408K(144384K)] 451611K->310907K(741888K), 0.0022697 secs] [Times: user=0.01 sys=0.00, real=0.01 secs] 
296.454: [GC (Allocation Failure) [PSYoungGen: 140672K->1376K(139264K)] 450171K->310875K(736768K), 0.0021316 secs] [Times: user=0.01 sys=0.00, real=0.00 secs] 
297.671: [GC (Allocation Failure) [PSYoungGen: 139104K->1488K(140800K)] 448603K->327371K(738304K), 0.0035043 secs] [Times: user=0.02 sys=0.00, real=0.00 secs] 
298.480: [GC (Allocation Failure) [PSYoungGen: 137680K->1376K(136192K)] 463563K->327275K(733696K), 0.0019795 secs] [Times: user=0.00 sys=0.00, real=0.00 secs] 
300.214: [GC (Allocation Failure) [PSYoungGen: 136032K->1408K(137728K)] 461931K->327307K(735232K), 0.0020764 secs] [Times: user=0.01 sys=0.00, real=0.00 secs] 
301.338: [GC (Allocation Failure) [PSYoungGen: 134528K->1360K(133120K)] 460427K->327259K(730624K), 0.0024201 secs] [Times: user=0.01 sys=0.00, real=0.00 secs] 
303.976: [GC (Allocation Failure) [PSYoungGen: 132944K->1440K(134144K)] 458843K->327347K(731648K), 0.0033129 secs] [Times: user=0.01 sys=0.00, real=0.01 secs] 
305.419: [GC (Allocation Failure) [PSYoungGen: 131488K->1376K(130048K)] 457395K->327283K(727552K), 0.0030862 secs] [Times: user=0.01 sys=0.00, real=0.00 secs] 
307.487: [GC (Allocation Failure) [PSYoungGen: 128879K->3504K(132608K)] 454786K->331467K(730112K), 0.0022550 secs] [Times: user=0.01 sys=0.00, real=0.00 secs] 
308.346: [GC (Allocation Failure) [PSYoungGen: 130992K->1376K(128000K)] 458955K->329339K(725504K), 0.0023302 secs] [Times: user=0.01 sys=0.00, real=0.01 secs] 
309.337: [GC (Allocation Failure) [PSYoungGen: 127840K->1408K(129536K)] 455803K->329387K(727040K), 0.0023441 secs] [Times: user=0.01 sys=0.00, real=0.00 secs] 
311.588: [GC (Allocation Failure) [PSYoungGen: 126848K->1440K(125952K)] 454827K->329419K(723456K), 0.0037663 secs] [Times: user=0.01 sys=0.00, real=0.00 secs] 
312.949: [GC (Allocation Failure) [PSYoungGen: 125856K->1408K(126464K)] 453835K->329387K(723968K), 0.0027019 secs] [Times: user=0.01 sys=0.00, real=0.00 secs] 
314.842: [GC (Allocation Failure) [PSYoungGen: 124800K->1408K(123904K)] 452779K->329395K(721408K), 0.0040458 secs] [Times: user=0.01 sys=0.00, real=0.00 secs] 
315.867: [GC (Allocation Failure) [PSYoungGen: 123776K->1440K(123904K)] 451763K->329427K(721408K), 0.0025261 secs] [Times: user=0.01 sys=0.00, real=0.00 secs] 
317.840: [GC (Allocation Failure) [PSYoungGen: 121993K->3472K(123904K)] 449981K->333507K(721408K), 0.0081807 secs] [Times: user=0.03 sys=0.00, real=0.01 secs] 
319.188: [GC (Allocation Failure) [PSYoungGen: 123792K->1408K(122880K)] 453827K->331443K(720384K), 0.0031860 secs] [Times: user=0.01 sys=0.00, real=0.00 secs] 
320.336: [GC (Allocation Failure) [PSYoungGen: 120704K->1408K(119808K)] 450739K->331443K(717312K), 0.0033278 secs] [Times: user=0.01 sys=0.00, real=0.01 secs] 
323.792: [GC (Allocation Failure) [PSYoungGen: 119680K->1440K(120320K)] 449715K->331483K(717824K), 0.0031534 secs] [Times: user=0.01 sys=0.00, real=0.00 secs] 
324.807: [GC (Allocation Failure) [PSYoungGen: 118688K->1440K(117760K)] 448731K->331483K(715264K), 0.0027935 secs] [Times: user=0.01 sys=0.00, real=0.00 secs] 
326.376: [GC (Allocation Failure) [PSYoungGen: 117664K->1440K(118272K)] 447707K->339675K(715776K), 0.0023743 secs] [Times: user=0.01 sys=0.01, real=0.01 secs] 
327.343: [GC (Allocation Failure) [PSYoungGen: 116640K->1440K(115712K)] 454875K->339683K(713216K), 0.0023143 secs] [Times: user=0.01 sys=0.00, real=0.00 secs] 
328.583: [GC (Allocation Failure) [PSYoungGen: 115616K->1376K(115712K)] 453859K->339619K(713216K), 0.0035355 secs] [Times: user=0.01 sys=0.00, real=0.00 secs] 
330.290: [GC (Allocation Failure) [PSYoungGen: 114528K->1344K(113664K)] 452771K->339603K(711168K), 0.0019538 secs] [Times: user=0.01 sys=0.00, real=0.00 secs] 
330.755: [GC (Allocation Failure) [PSYoungGen: 113472K->1344K(113664K)] 451731K->339603K(711168K), 0.0019704 secs] [Times: user=0.01 sys=0.00, real=0.01 secs] 
332.013: [GC (Allocation Failure) [PSYoungGen: 112448K->1360K(111616K)] 450707K->339627K(709120K), 0.0018936 secs] [Times: user=0.00 sys=0.00, real=0.00 secs] 
332.937: [GC (Allocation Failure) [PSYoungGen: 111440K->1312K(111104K)] 449707K->339579K(708608K), 0.0021657 secs] [Times: user=0.01 sys=0.01, real=0.00 secs] 
333.754: [GC (Allocation Failure) [PSYoungGen: 110368K->1424K(109568K)] 448635K->339691K(707072K), 0.0028781 secs] [Times: user=0.01 sys=0.00, real=0.00 secs] 
335.493: [GC (Allocation Failure) [PSYoungGen: 109456K->1408K(109056K)] 447723K->339691K(706560K), 0.0019394 secs] [Times: user=0.01 sys=0.00, real=0.00 secs] 
336.498: [GC (Allocation Failure) [PSYoungGen: 108416K->1408K(107520K)] 446699K->339691K(705024K), 0.0027634 secs] [Times: user=0.01 sys=0.00, real=0.00 secs] 
338.270: [GC (Allocation Failure) [PSYoungGen: 107392K->1632K(107008K)] 445675K->339915K(704512K), 0.0018037 secs] [Times: user=0.01 sys=0.00, real=0.00 secs] 
338.966: [GC (Allocation Failure) [PSYoungGen: 106592K->1344K(105472K)] 444875K->339627K(702976K), 0.0030064 secs] [Times: user=0.01 sys=0.00, real=0.01 secs] 
339.413: [GC (Allocation Failure) [PSYoungGen: 105280K->1408K(104448K)] 443563K->339699K(701952K), 0.0022796 secs] [Times: user=0.01 sys=0.00, real=0.00 secs] 
341.177: [GC (Allocation Failure) [PSYoungGen: 104320K->2464K(104448K)] 442611K->343827K(701952K), 0.0044554 secs] [Times: user=0.02 sys=0.01, real=0.00 secs] 
343.275: [GC (Allocation Failure) [PSYoungGen: 104352K->288K(102400K)] 445715K->341651K(699904K), 0.0032987 secs] [Times: user=0.01 sys=0.00, real=0.01 secs] 
344.235: [GC (Allocation Failure) [PSYoungGen: 101664K->320K(101376K)] 443027K->341683K(698880K), 0.0051671 secs] [Times: user=0.03 sys=0.01, real=0.01 secs] 
346.042: [GC (Allocation Failure) [PSYoungGen: 101184K->1376K(102912K)] 442547K->342747K(700416K), 0.0044409 secs] [Times: user=0.02 sys=0.00, real=0.00 secs] 
347.447: [GC (Allocation Failure) [PSYoungGen: 101728K->1344K(101376K)] 443099K->342715K(698880K), 0.0027712 secs] [Times: user=0.01 sys=0.00, real=0.00 secs] 
348.347: [GC (Allocation Failure) [PSYoungGen: 101184K->1376K(101376K)] 442555K->342763K(698880K), 0.0026738 secs] [Times: user=0.01 sys=0.00, real=0.00 secs] 
349.669: [GC (Allocation Failure) [PSYoungGen: 100704K->1376K(100352K)] 442091K->342763K(697856K), 0.0017729 secs] [Times: user=0.01 sys=0.00, real=0.00 secs] 
350.079: [GC (Allocation Failure) [PSYoungGen: 100192K->1344K(100352K)] 441579K->342739K(697856K), 0.0018352 secs] [Times: user=0.01 sys=0.00, real=0.00 secs] 
350.506: [GC (Allocation Failure) [PSYoungGen: 99648K->1344K(99328K)] 441043K->342739K(696832K), 0.0018932 secs] [Times: user=0.01 sys=0.00, real=0.01 secs] 
352.261: [GC (Allocation Failure) [PSYoungGen: 99136K->1376K(99328K)] 440531K->342779K(696832K), 0.0029116 secs] [Times: user=0.01 sys=0.00, real=0.00 secs] 
353.064: [GC (Allocation Failure) [PSYoungGen: 98656K->1408K(98304K)] 440059K->342811K(695808K), 0.0023359 secs] [Times: user=0.01 sys=0.00, real=0.00 secs] 
353.508: [GC (Allocation Failure) [PSYoungGen: 98176K->1376K(97792K)] 439579K->342779K(695296K), 0.0021310 secs] [Times: user=0.00 sys=0.00, real=0.00 secs] 
355.528: [GC (Allocation Failure) [PSYoungGen: 97632K->1424K(97280K)] 439035K->342835K(694784K), 0.0022549 secs] [Times: user=0.01 sys=0.00, real=0.00 secs] 
356.075: [GC (Allocation Failure) [PSYoungGen: 97168K->1424K(96768K)] 438579K->342835K(694272K), 0.0023480 secs] [Times: user=0.01 sys=0.00, real=0.01 secs] 
356.879: [GC (Allocation Failure) [PSYoungGen: 96656K->1376K(96256K)] 438067K->342787K(693760K), 0.0023301 secs] [Times: user=0.01 sys=0.00, real=0.00 secs] 
358.063: [GC (Allocation Failure) [PSYoungGen: 96096K->1408K(95744K)] 437507K->342827K(693248K), 0.0018677 secs] [Times: user=0.01 sys=0.00, real=0.00 secs] 
358.667: [GC (Allocation Failure) [PSYoungGen: 95616K->1392K(95232K)] 437035K->342811K(692736K), 0.0023633 secs] [Times: user=0.01 sys=0.00, real=0.00 secs] 
359.423: [GC (Allocation Failure) [PSYoungGen: 95087K->1360K(94720K)] 436506K->342779K(692224K), 0.0021406 secs] [Times: user=0.01 sys=0.00, real=0.00 secs] 
360.838: [GC (Allocation Failure) [PSYoungGen: 94544K->1376K(94208K)] 435963K->342803K(691712K), 0.0021850 secs] [Times: user=0.01 sys=0.00, real=0.00 secs] 
361.269: [GC (Allocation Failure) [PSYoungGen: 94048K->1376K(93696K)] 435475K->342803K(691200K), 0.0021192 secs] [Times: user=0.01 sys=0.00, real=0.00 secs] 
361.877: [GC (Allocation Failure) [PSYoungGen: 93536K->1408K(93184K)] 434963K->342835K(690688K), 0.0022326 secs] [Times: user=0.01 sys=0.01, real=0.00 secs] 
363.361: [GC (Allocation Failure) [PSYoungGen: 93056K->1472K(92672K)] 434483K->342907K(690176K), 0.0025209 secs] [Times: user=0.01 sys=0.00, real=0.00 secs] 
363.849: [GC (Allocation Failure) [PSYoungGen: 92608K->1440K(92160K)] 434043K->342875K(689664K), 0.0021921 secs] [Times: user=0.00 sys=0.00, real=0.00 secs] 
364.838: [GC (Allocation Failure) [PSYoungGen: 92064K->1376K(91648K)] 433499K->342811K(689152K), 0.0035799 secs] [Times: user=0.01 sys=0.00, real=0.00 secs] 
366.799: [GC (Allocation Failure) [PSYoungGen: 91488K->1440K(91136K)] 432923K->342899K(688640K), 0.0021633 secs] [Times: user=0.01 sys=0.00, real=0.00 secs] 
367.583: [GC (Allocation Failure) [PSYoungGen: 91040K->1408K(90624K)] 432499K->342867K(688128K), 0.0026398 secs] [Times: user=0.01 sys=0.00, real=0.00 secs] 
368.686: [GC (Allocation Failure) [PSYoungGen: 90496K->1408K(90112K)] 431955K->342867K(687616K), 0.0040480 secs] [Times: user=0.01 sys=0.00, real=0.01 secs] 
370.768: [GC (Allocation Failure) [PSYoungGen: 89984K->1408K(89600K)] 431443K->346987K(687104K), 0.0031619 secs] [Times: user=0.01 sys=0.00, real=0.00 secs] 
371.681: [GC (Allocation Failure) [PSYoungGen: 89472K->1408K(89088K)] 435051K->346987K(686592K), 0.0030194 secs] [Times: user=0.01 sys=0.00, real=0.00 secs] 
372.279: [GC (Allocation Failure) [PSYoungGen: 88960K->1344K(88576K)] 434539K->346923K(686080K), 0.0024669 secs] [Times: user=0.01 sys=0.01, real=0.00 secs] 
373.624: [GC (Allocation Failure) [PSYoungGen: 88384K->1888K(88576K)] 433963K->347979K(686080K), 0.0019372 secs] [Times: user=0.01 sys=0.00, real=0.00 secs] 
375.282: [GC (Allocation Failure) [PSYoungGen: 88416K->1376K(87552K)] 434507K->347467K(685056K), 0.0041669 secs] [Times: user=0.02 sys=0.00, real=0.00 secs] 
376.370: [GC (Allocation Failure) [PSYoungGen: 87392K->1408K(87040K)] 433483K->347499K(684544K), 0.0032801 secs] [Times: user=0.01 sys=0.00, real=0.00 secs] 
377.339: [GC (Allocation Failure) [PSYoungGen: 86912K->1408K(86528K)] 433003K->347507K(684032K), 0.0029159 secs] [Times: user=0.01 sys=0.00, real=0.00 secs] 
378.606: [GC (Allocation Failure) [PSYoungGen: 86400K->1408K(86016K)] 432499K->347507K(683520K), 0.0018572 secs] [Times: user=0.01 sys=0.00, real=0.01 secs] 
379.434: [GC (Allocation Failure) [PSYoungGen: 85888K->1440K(85504K)] 431987K->347547K(683008K), 0.0078899 secs] [Times: user=0.03 sys=0.00, real=0.01 secs] 
380.358: [GC (Allocation Failure) [PSYoungGen: 85408K->1376K(84992K)] 431515K->347483K(682496K), 0.0035975 secs] [Times: user=0.01 sys=0.00, real=0.00 secs] 
381.976: [GC (Allocation Failure) [PSYoungGen: 84832K->1408K(84480K)] 430939K->347523K(681984K), 0.0017741 secs] [Times: user=0.01 sys=0.00, real=0.01 secs] 
382.407: [GC (Allocation Failure) [PSYoungGen: 84352K->1376K(83968K)] 430467K->347491K(681472K), 0.0020657 secs] [Times: user=0.01 sys=0.00, real=0.00 secs] 
382.934: [GC (Allocation Failure) [PSYoungGen: 83808K->1328K(83456K)] 429923K->347475K(680960K), 0.0018779 secs] [Times: user=0.01 sys=0.00, real=0.00 secs] 
384.482: [GC (Allocation Failure) [PSYoungGen: 83244K->128K(81920K)] 429391K->346275K(679424K), 0.0015415 secs] [Times: user=0.01 sys=0.00, real=0.00 secs] 
385.839: [GC (Allocation Failure) [PSYoungGen: 81536K->1344K(82432K)] 427683K->347491K(679936K), 0.0036879 secs] [Times: user=0.01 sys=0.00, real=0.00 secs] 
386.773: [GC (Allocation Failure) [PSYoungGen: 82240K->1344K(81920K)] 428387K->347499K(679424K), 0.0031492 secs] [Times: user=0.02 sys=0.00, real=0.00 secs] 
387.480: [GC (Allocation Failure) [PSYoungGen: 81728K->1344K(81408K)] 427883K->347507K(678912K), 0.0028325 secs] [Times: user=0.01 sys=0.00, real=0.00 secs] 
389.298: [GC (Allocation Failure) [PSYoungGen: 81216K->1344K(80896K)] 427379K->347507K(678400K), 0.0021188 secs] [Times: user=0.01 sys=0.00, real=0.00 secs] 
390.261: [GC (Allocation Failure) [PSYoungGen: 80704K->1376K(80384K)] 426867K->347539K(677888K), 0.0031378 secs] [Times: user=0.02 sys=0.00, real=0.00 secs] 
391.941: [GC (Allocation Failure) [PSYoungGen: 80224K->1952K(80384K)] 426387K->348115K(677888K), 0.0019427 secs] [Times: user=0.01 sys=0.00, real=0.00 secs] 
393.175: [GC (Allocation Failure) [PSYoungGen: 80288K->1328K(79360K)] 426451K->347491K(676864K), 0.0032085 secs] [Times: user=0.01 sys=0.01, real=0.01 secs] 
394.767: [GC (Allocation Failure) [PSYoungGen: 79152K->1344K(78848K)] 425315K->347507K(676352K), 0.0028493 secs] [Times: user=0.01 sys=0.00, real=0.00 secs] 
396.668: [GC (Allocation Failure) [PSYoungGen: 78656K->1312K(78336K)] 424819K->347483K(675840K), 0.0023239 secs] [Times: user=0.01 sys=0.00, real=0.00 secs] 
398.707: [GC (Allocation Failure) [PSYoungGen: 78112K->1344K(77824K)] 424283K->347523K(675328K), 0.0028725 secs] [Times: user=0.01 sys=0.00, real=0.00 secs] 
399.624: [GC (Allocation Failure) [PSYoungGen: 77632K->1328K(77312K)] 423811K->347507K(674816K), 0.0026997 secs] [Times: user=0.01 sys=0.00, real=0.00 secs] 
400.575: [GC (Allocation Failure) [PSYoungGen: 77104K->1312K(76800K)] 423283K->347491K(674304K), 0.0030468 secs] [Times: user=0.01 sys=0.00, real=0.01 secs] 
401.413: [GC (Allocation Failure) [PSYoungGen: 76576K->1328K(76288K)] 422755K->347507K(673792K), 0.0026914 secs] [Times: user=0.01 sys=0.00, real=0.00 secs] 
403.023: [GC (Allocation Failure) [PSYoungGen: 76080K->1376K(75776K)] 422259K->347555K(673280K), 0.0023444 secs] [Times: user=0.01 sys=0.00, real=0.00 secs] 
403.980: [GC (Allocation Failure) [PSYoungGen: 75616K->1376K(75264K)] 421795K->347563K(672768K), 0.0027928 secs] [Times: user=0.01 sys=0.00, real=0.00 secs] 
404.945: [GC (Allocation Failure) [PSYoungGen: 75104K->1312K(74752K)] 421291K->347499K(672256K), 0.0029659 secs] [Times: user=0.01 sys=0.00, real=0.01 secs] 
405.935: [GC (Allocation Failure) [PSYoungGen: 74528K->1344K(74240K)] 420715K->347531K(671744K), 0.0024836 secs] [Times: user=0.01 sys=0.00, real=0.01 secs] 
406.981: [GC (Allocation Failure) [PSYoungGen: 74048K->1376K(73728K)] 420235K->347563K(671232K), 0.0018133 secs] [Times: user=0.01 sys=0.00, real=0.00 secs] 
407.280: [GC (Allocation Failure) [PSYoungGen: 73568K->1376K(73216K)] 419755K->347563K(670720K), 0.0016830 secs] [Times: user=0.01 sys=0.00, real=0.00 secs] 
407.578: [GC (Allocation Failure) [PSYoungGen: 73056K->1344K(72704K)] 419243K->347539K(670208K), 0.0028138 secs] [Times: user=0.01 sys=0.01, real=0.00 secs] 
408.219: [GC (Allocation Failure) [PSYoungGen: 72504K->272K(71680K)] 418699K->346467K(669184K), 0.0024470 secs] [Times: user=0.01 sys=0.00, real=0.00 secs] 
409.189: [GC (Allocation Failure) [PSYoungGen: 70928K->1376K(71680K)] 417123K->347571K(669184K), 0.0019237 secs] [Times: user=0.01 sys=0.00, real=0.00 secs] 
409.480: [GC (Allocation Failure) [PSYoungGen: 71520K->1344K(72192K)] 417715K->347539K(669696K), 0.0018632 secs] [Times: user=0.01 sys=0.00, real=0.00 secs] 
409.778: [GC (Allocation Failure) [PSYoungGen: 71488K->1344K(72192K)] 417683K->347539K(669696K), 0.0021960 secs] [Times: user=0.01 sys=0.00, real=0.00 secs] 
410.071: [GC (Allocation Failure) [PSYoungGen: 71488K->1376K(72192K)] 417683K->347595K(669696K), 0.0022007 secs] [Times: user=0.01 sys=0.00, real=0.00 secs] 
411.206: [GC (Allocation Failure) [PSYoungGen: 71520K->1440K(72192K)] 417739K->347675K(669696K), 0.0015690 secs] [Times: user=0.00 sys=0.00, real=0.01 secs] 
411.497: [GC (Allocation Failure) [PSYoungGen: 71584K->1312K(72192K)] 417819K->347547K(669696K), 0.0018545 secs] [Times: user=0.00 sys=0.00, real=0.01 secs] 
411.972: [GC (Allocation Failure) [PSYoungGen: 71456K->1344K(72192K)] 417691K->347579K(669696K), 0.0032242 secs] [Times: user=0.02 sys=0.00, real=0.00 secs] 
412.603: [GC (Allocation Failure) [PSYoungGen: 71488K->1328K(72192K)] 417723K->347563K(669696K), 0.0033837 secs] [Times: user=0.02 sys=0.00, real=0.00 secs] 
414.161: [GC (Allocation Failure) [PSYoungGen: 71472K->1408K(72192K)] 417707K->347643K(669696K), 0.0036230 secs] [Times: user=0.01 sys=0.00, real=0.00 secs] 
414.728: [GC (Allocation Failure) [PSYoungGen: 71552K->1376K(72192K)] 417787K->347611K(669696K), 0.0022855 secs] [Times: user=0.01 sys=0.00, real=0.00 secs] 
415.201: [GC (Allocation Failure) [PSYoungGen: 71520K->1344K(72192K)] 417755K->347579K(669696K), 0.0021616 secs] [Times: user=0.01 sys=0.00, real=0.00 secs] 
415.786: [GC (Allocation Failure) [PSYoungGen: 71488K->1360K(72192K)] 417723K->347603K(669696K), 0.0023473 secs] [Times: user=0.01 sys=0.00, real=0.01 secs] 
417.347: [GC (Allocation Failure) [PSYoungGen: 71504K->1344K(72192K)] 417747K->347595K(669696K), 0.0017712 secs] [Times: user=0.01 sys=0.00, real=0.01 secs] 
417.999: [GC (Allocation Failure) [PSYoungGen: 71488K->1408K(72192K)] 417739K->347659K(669696K), 0.0032852 secs] [Times: user=0.01 sys=0.00, real=0.00 secs] 
418.772: [GC (Allocation Failure) [PSYoungGen: 71552K->1408K(72192K)] 417803K->347659K(669696K), 0.0030219 secs] [Times: user=0.02 sys=0.00, real=0.00 secs] 
419.623: [GC (Allocation Failure) [PSYoungGen: 71552K->1408K(72192K)] 417803K->347659K(669696K), 0.0030062 secs] [Times: user=0.01 sys=0.00, real=0.00 secs] 
421.165: [GC (Allocation Failure) [PSYoungGen: 71552K->1440K(72192K)] 417803K->347699K(669696K), 0.0017931 secs] [Times: user=0.01 sys=0.00, real=0.00 secs] 
422.006: [GC (Allocation Failure) [PSYoungGen: 71584K->1376K(72192K)] 417843K->347635K(669696K), 0.0018080 secs] [Times: user=0.01 sys=0.00, real=0.01 secs] 
422.664: [GC (Allocation Failure) [PSYoungGen: 71520K->1408K(72192K)] 417779K->347667K(669696K), 0.0020917 secs] [Times: user=0.01 sys=0.00, real=0.00 secs] 
423.439: [GC (Allocation Failure) [PSYoungGen: 71552K->1408K(72192K)] 417811K->347667K(669696K), 0.0023503 secs] [Times: user=0.01 sys=0.00, real=0.00 secs] 
424.655: [GC (Allocation Failure) [PSYoungGen: 71552K->1440K(72192K)] 417811K->347699K(669696K), 0.0018063 secs] [Times: user=0.01 sys=0.00, real=0.00 secs] 
425.037: [GC (Allocation Failure) [PSYoungGen: 71584K->1408K(72192K)] 417843K->347667K(669696K), 0.0019963 secs] [Times: user=0.01 sys=0.00, real=0.00 secs] 
425.333: [GC (Allocation Failure) [PSYoungGen: 71552K->1376K(72192K)] 417811K->347635K(669696K), 0.0020483 secs] [Times: user=0.01 sys=0.00, real=0.00 secs] 
425.687: [GC (Allocation Failure) [PSYoungGen: 71520K->1376K(71680K)] 417779K->347643K(669184K), 0.0025004 secs] [Times: user=0.01 sys=0.00, real=0.00 secs] 
426.990: [GC (Allocation Failure) [PSYoungGen: 71520K->1472K(71680K)] 417787K->347747K(669184K), 0.0018560 secs] [Times: user=0.01 sys=0.00, real=0.00 secs] 
427.557: [GC (Allocation Failure) [PSYoungGen: 71616K->1376K(71680K)] 417891K->347651K(669184K), 0.0019873 secs] [Times: user=0.00 sys=0.00, real=0.00 secs] 
427.850: [GC (Allocation Failure) [PSYoungGen: 71520K->1408K(71680K)] 417795K->347683K(669184K), 0.0018874 secs] [Times: user=0.01 sys=0.00, real=0.00 secs] 
428.172: [GC (Allocation Failure) [PSYoungGen: 71552K->320K(71168K)] 417827K->347627K(668672K), 0.0020678 secs] [Times: user=0.01 sys=0.00, real=0.00 secs] 
430.812: [GC (Allocation Failure) [PSYoungGen: 70464K->1408K(72192K)] 417771K->348715K(669696K), 0.0032456 secs] [Times: user=0.02 sys=0.00, real=0.00 secs] 
431.212: [GC (Allocation Failure) [PSYoungGen: 71552K->1408K(72192K)] 418859K->348715K(669696K), 0.0026058 secs] [Times: user=0.01 sys=0.00, real=0.00 secs] 
431.796: [GC (Allocation Failure) [PSYoungGen: 71552K->1392K(72192K)] 418859K->348707K(669696K), 0.0028145 secs] [Times: user=0.02 sys=0.00, real=0.01 secs] 
432.556: [GC (Allocation Failure) [PSYoungGen: 71536K->1376K(72192K)] 418851K->348691K(669696K), 0.0028508 secs] [Times: user=0.01 sys=0.00, real=0.01 secs] 
434.715: [GC (Allocation Failure) [PSYoungGen: 71520K->1424K(72192K)] 418835K->348739K(669696K), 0.0039163 secs] [Times: user=0.02 sys=0.00, real=0.01 secs] 
435.393: [GC (Allocation Failure) [PSYoungGen: 71568K->1440K(72192K)] 418883K->348755K(669696K), 0.0028563 secs] [Times: user=0.01 sys=0.00, real=0.00 secs] 
436.207: [GC (Allocation Failure) [PSYoungGen: 71584K->1344K(72192K)] 418899K->348659K(669696K), 0.0032959 secs] [Times: user=0.01 sys=0.00, real=0.00 secs] 
437.034: [GC (Allocation Failure) [PSYoungGen: 71488K->1376K(72192K)] 418803K->348691K(669696K), 0.0038384 secs] [Times: user=0.01 sys=0.00, real=0.01 secs] 
438.788: [GC (Allocation Failure) [PSYoungGen: 71520K->1440K(72192K)] 418835K->348755K(669696K), 0.0040209 secs] [Times: user=0.02 sys=0.00, real=0.00 secs] 
439.510: [GC (Allocation Failure) [PSYoungGen: 71584K->1344K(72192K)] 418899K->348667K(669696K), 0.0034687 secs] [Times: user=0.01 sys=0.00, real=0.00 secs] 
440.276: [GC (Allocation Failure) [PSYoungGen: 71488K->1344K(72192K)] 418811K->348667K(669696K), 0.0034682 secs] [Times: user=0.01 sys=0.00, real=0.01 secs] 
440.995: [GC (Allocation Failure) [PSYoungGen: 71488K->1376K(72192K)] 418811K->348707K(669696K), 0.0030573 secs] [Times: user=0.02 sys=0.00, real=0.01 secs] 
442.379: [GC (Allocation Failure) [PSYoungGen: 71520K->1344K(72192K)] 418851K->348675K(669696K), 0.0017142 secs] [Times: user=0.01 sys=0.00, real=0.00 secs] 
443.251: [GC (Allocation Failure) [PSYoungGen: 71488K->1376K(72192K)] 418819K->348707K(669696K), 0.0033546 secs] [Times: user=0.01 sys=0.00, real=0.00 secs] 
444.078: [GC (Allocation Failure) [PSYoungGen: 71520K->1376K(71680K)] 418851K->348707K(669184K), 0.0031867 secs] [Times: user=0.01 sys=0.00, real=0.00 secs] 
444.796: [GC (Allocation Failure) [PSYoungGen: 71520K->1344K(71680K)] 418851K->348683K(669184K), 0.0033199 secs] [Times: user=0.01 sys=0.00, real=0.01 secs] 
446.151: [GC (Allocation Failure) [PSYoungGen: 71488K->1408K(71680K)] 418827K->348747K(669184K), 0.0018950 secs] [Times: user=0.01 sys=0.00, real=0.00 secs] 
446.800: [GC (Allocation Failure) [PSYoungGen: 71552K->1328K(71680K)] 418891K->348667K(669184K), 0.0019221 secs] [Times: user=0.01 sys=0.00, real=0.00 secs] 
447.226: [GC (Allocation Failure) [PSYoungGen: 71472K->1376K(71680K)] 418811K->348715K(669184K), 0.0019832 secs] [Times: user=0.01 sys=0.00, real=0.01 secs] 
447.518: [GC (Allocation Failure) [PSYoungGen: 71520K->1344K(71680K)] 418859K->348683K(669184K), 0.0019197 secs] [Times: user=0.01 sys=0.00, real=0.00 secs] 
448.820: [GC (Allocation Failure) [PSYoungGen: 71488K->1408K(71680K)] 418827K->348747K(669184K), 0.0038427 secs] [Times: user=0.02 sys=0.00, real=0.00 secs] 
449.682: [GC (Allocation Failure) [PSYoungGen: 71552K->1392K(71680K)] 418891K->348731K(669184K), 0.0032614 secs] [Times: user=0.01 sys=0.00, real=0.00 secs] 
450.499: [GC (Allocation Failure) [PSYoungGen: 71536K->1376K(71680K)] 418875K->348715K(669184K), 0.0038441 secs] [Times: user=0.01 sys=0.00, real=0.00 secs] 
451.130: [GC (Allocation Failure) [PSYoungGen: 71520K->1376K(71680K)] 418859K->348723K(669184K), 0.0025842 secs] [Times: user=0.01 sys=0.00, real=0.00 secs] 
452.547: [GC (Allocation Failure) [PSYoungGen: 71520K->1408K(71680K)] 418867K->348771K(669184K), 0.0019293 secs] [Times: user=0.00 sys=0.00, real=0.00 secs] 
453.062: [GC (Allocation Failure) [PSYoungGen: 71552K->1376K(71680K)] 418915K->348739K(669184K), 0.0022713 secs] [Times: user=0.01 sys=0.00, real=0.00 secs] 
453.868: [GC (Allocation Failure) [PSYoungGen: 71520K->1344K(71680K)] 418883K->348707K(669184K), 0.0026628 secs] [Times: user=0.01 sys=0.00, real=0.00 secs] 
454.643: [GC (Allocation Failure) [PSYoungGen: 71488K->1312K(71680K)] 418851K->348683K(669184K), 0.0038605 secs] [Times: user=0.01 sys=0.00, real=0.01 secs] 
456.031: [GC (Allocation Failure) [PSYoungGen: 71456K->1408K(71680K)] 418827K->348779K(669184K), 0.0018299 secs] [Times: user=0.01 sys=0.00, real=0.00 secs] 
456.331: [GC (Allocation Failure) [PSYoungGen: 71552K->1312K(71680K)] 418923K->348683K(669184K), 0.0018583 secs] [Times: user=0.00 sys=0.00, real=0.00 secs] 
456.637: [GC (Allocation Failure) [PSYoungGen: 71456K->1376K(71680K)] 418827K->348747K(669184K), 0.0019637 secs] [Times: user=0.01 sys=0.00, real=0.00 secs] 
457.045: [GC (Allocation Failure) [PSYoungGen: 71520K->1344K(71680K)] 418891K->348715K(669184K), 0.0020477 secs] [Times: user=0.00 sys=0.00, real=0.01 secs] 
458.720: [GC (Allocation Failure) [PSYoungGen: 71488K->1408K(71680K)] 418859K->348779K(669184K), 0.0031123 secs] [Times: user=0.01 sys=0.00, real=0.00 secs] 
459.763: [GC (Allocation Failure) [PSYoungGen: 71552K->1312K(71680K)] 418923K->348683K(669184K), 0.0024465 secs] [Times: user=0.01 sys=0.00, real=0.00 secs] 
460.047: [GC (Allocation Failure) [PSYoungGen: 71456K->1376K(71680K)] 418827K->348747K(669184K), 0.0020195 secs] [Times: user=0.00 sys=0.00, real=0.00 secs] 
460.570: [GC (Allocation Failure) [PSYoungGen: 71520K->1312K(71680K)] 418891K->348691K(669184K), 0.0021848 secs] [Times: user=0.01 sys=0.00, real=0.00 secs] 
461.843: [GC (Allocation Failure) [PSYoungGen: 71456K->1344K(71680K)] 418835K->348731K(669184K), 0.0019871 secs] [Times: user=0.01 sys=0.00, real=0.00 secs] 
462.183: [GC (Allocation Failure) [PSYoungGen: 71488K->1360K(71680K)] 418875K->348747K(669184K), 0.0022004 secs] [Times: user=0.00 sys=0.00, real=0.00 secs] 
462.659: [GC (Allocation Failure) [PSYoungGen: 71504K->1312K(71680K)] 418891K->348699K(669184K), 0.0020089 secs] [Times: user=0.00 sys=0.00, real=0.00 secs] 
463.224: [GC (Allocation Failure) [PSYoungGen: 71456K->1344K(71680K)] 418843K->348731K(669184K), 0.0035051 secs] [Times: user=0.02 sys=0.00, real=0.01 secs] 
465.340: [GC (Allocation Failure) [PSYoungGen: 71488K->1376K(71680K)] 418875K->348763K(669184K), 0.0015085 secs] [Times: user=0.01 sys=0.00, real=0.00 secs] 
466.281: [GC (Allocation Failure) [PSYoungGen: 71520K->1344K(71680K)] 418907K->348731K(669184K), 0.0037094 secs] [Times: user=0.01 sys=0.00, real=0.00 secs] 
467.016: [GC (Allocation Failure) [PSYoungGen: 71488K->1344K(71680K)] 418875K->348731K(669184K), 0.0030114 secs] [Times: user=0.01 sys=0.00, real=0.01 secs] 
467.645: [GC (Allocation Failure) [PSYoungGen: 71488K->1344K(71680K)] 418875K->348731K(669184K), 0.0027490 secs] [Times: user=0.01 sys=0.00, real=0.01 secs] 
468.906: [GC (Allocation Failure) [PSYoungGen: 71488K->1376K(71680K)] 418875K->349787K(669184K), 0.0017858 secs] [Times: user=0.01 sys=0.00, real=0.01 secs] 
469.375: [GC (Allocation Failure) [PSYoungGen: 71520K->320K(71168K)] 419931K->348731K(668672K), 0.0024829 secs] [Times: user=0.01 sys=0.00, real=0.01 secs] 
469.666: [GC (Allocation Failure) [PSYoungGen: 69952K->320K(71680K)] 418363K->348731K(669184K), 0.0021335 secs] [Times: user=0.01 sys=0.00, real=0.01 secs] 
469.986: [GC (Allocation Failure) [PSYoungGen: 69952K->288K(71680K)] 418363K->348699K(669184K), 0.0023423 secs] [Times: user=0.01 sys=0.00, real=0.01 secs] 
471.229: [GC (Allocation Failure) [PSYoungGen: 69920K->1440K(71680K)] 418331K->351915K(669184K), 0.0017857 secs] [Times: user=0.00 sys=0.00, real=0.00 secs] 
471.642: [GC (Allocation Failure) [PSYoungGen: 71072K->1312K(71680K)] 421547K->351787K(669184K), 0.0018172 secs] [Times: user=0.01 sys=0.00, real=0.00 secs] 
472.235: [GC (Allocation Failure) [PSYoungGen: 70944K->1344K(71680K)] 421419K->351819K(669184K), 0.0020986 secs] [Times: user=0.01 sys=0.00, real=0.01 secs] 
472.980: [GC (Allocation Failure) [PSYoungGen: 70976K->1344K(71680K)] 421451K->351819K(669184K), 0.0020665 secs] [Times: user=0.01 sys=0.00, real=0.00 secs] 
474.369: [GC (Allocation Failure) [PSYoungGen: 70655K->1648K(71680K)] 421130K->352123K(669184K), 0.0017346 secs] [Times: user=0.01 sys=0.00, real=0.00 secs] 
474.665: [GC (Allocation Failure) [PSYoungGen: 71280K->1344K(71680K)] 421755K->351819K(669184K), 0.0018452 secs] [Times: user=0.01 sys=0.00, real=0.01 secs] 
474.954: [GC (Allocation Failure) [PSYoungGen: 70976K->1376K(71680K)] 421451K->351851K(669184K), 0.0020822 secs] [Times: user=0.01 sys=0.01, real=0.00 secs] 
475.244: [GC (Allocation Failure) [PSYoungGen: 71008K->1376K(71680K)] 421483K->351851K(669184K), 0.0017389 secs] [Times: user=0.01 sys=0.00, real=0.00 secs] 
476.289: [GC (Allocation Failure) [PSYoungGen: 71008K->1456K(71680K)] 421483K->351931K(669184K), 0.0017305 secs] [Times: user=0.01 sys=0.00, real=0.00 secs] 
477.059: [GC (Allocation Failure) [PSYoungGen: 71088K->1376K(71680K)] 421563K->351851K(669184K), 0.0023553 secs] [Times: user=0.01 sys=0.00, real=0.00 secs] 
477.996: [GC (Allocation Failure) [PSYoungGen: 71008K->1376K(71680K)] 421483K->351851K(669184K), 0.0027461 secs] [Times: user=0.01 sys=0.00, real=0.01 secs] 
478.681: [GC (Allocation Failure) [PSYoungGen: 71008K->1376K(71680K)] 421483K->351859K(669184K), 0.0023696 secs] [Times: user=0.01 sys=0.01, real=0.00 secs] 
479.266: [GC (Allocation Failure) [PSYoungGen: 71008K->1408K(71680K)] 421491K->351891K(669184K), 0.0026362 secs] [Times: user=0.01 sys=0.00, real=0.01 secs] 
480.377: [GC (Allocation Failure) [PSYoungGen: 71040K->1408K(71680K)] 421523K->351907K(669184K), 0.0022884 secs] [Times: user=0.01 sys=0.00, real=0.00 secs] 
480.665: [GC (Allocation Failure) [PSYoungGen: 71040K->1344K(71680K)] 421539K->351843K(669184K), 0.0020056 secs] [Times: user=0.01 sys=0.00, real=0.01 secs] 
480.961: [GC (Allocation Failure) [PSYoungGen: 70976K->1344K(71680K)] 421475K->351851K(669184K), 0.0019262 secs] [Times: user=0.00 sys=0.00, real=0.00 secs] 
481.250: [GC (Allocation Failure) [PSYoungGen: 70976K->1312K(71680K)] 421483K->351827K(669184K), 0.0018435 secs] [Times: user=0.01 sys=0.00, real=0.00 secs] 
483.148: [GC (Allocation Failure) [PSYoungGen: 70944K->1440K(71680K)] 421459K->351955K(669184K), 0.0028826 secs] [Times: user=0.01 sys=0.00, real=0.00 secs] 
483.730: [GC (Allocation Failure) [PSYoungGen: 71072K->1408K(71680K)] 421587K->351923K(669184K), 0.0024911 secs] [Times: user=0.01 sys=0.00, real=0.00 secs] 
484.359: [GC (Allocation Failure) [PSYoungGen: 71040K->1376K(71680K)] 421555K->351891K(669184K), 0.0030584 secs] [Times: user=0.01 sys=0.00, real=0.00 secs] 
484.951: [GC (Allocation Failure) [PSYoungGen: 71008K->1376K(71680K)] 421523K->351891K(669184K), 0.0025657 secs] [Times: user=0.01 sys=0.00, real=0.00 secs] 
486.370: [GC (Allocation Failure) [PSYoungGen: 71008K->1440K(71680K)] 421523K->351955K(669184K), 0.0021160 secs] [Times: user=0.01 sys=0.00, real=0.00 secs] 
486.941: [GC (Allocation Failure) [PSYoungGen: 71072K->1376K(71680K)] 421587K->351891K(669184K), 0.0027991 secs] [Times: user=0.01 sys=0.00, real=0.00 secs] 
487.445: [GC (Allocation Failure) [PSYoungGen: 71008K->1376K(71680K)] 421523K->351907K(669184K), 0.0020853 secs] [Times: user=0.01 sys=0.00, real=0.01 secs] 
487.734: [GC (Allocation Failure) [PSYoungGen: 71008K->1376K(71680K)] 421539K->351907K(669184K), 0.0023917 secs] [Times: user=0.01 sys=0.00, real=0.01 secs] 
488.828: [GC (Allocation Failure) [PSYoungGen: 71008K->1408K(71680K)] 421539K->351939K(669184K), 0.0017046 secs] [Times: user=0.01 sys=0.00, real=0.00 secs] 
489.305: [GC (Allocation Failure) [PSYoungGen: 71040K->1376K(71680K)] 421571K->351907K(669184K), 0.0017784 secs] [Times: user=0.01 sys=0.00, real=0.00 secs] 
489.845: [GC (Allocation Failure) [PSYoungGen: 71008K->1408K(71680K)] 421539K->351939K(669184K), 0.0030934 secs] [Times: user=0.01 sys=0.00, real=0.01 secs] 
490.424: [GC (Allocation Failure) [PSYoungGen: 71040K->1408K(71680K)] 421571K->351947K(669184K), 0.0030621 secs] [Times: user=0.02 sys=0.00, real=0.01 secs] 
492.917: [GC (Allocation Failure) [PSYoungGen: 71040K->1440K(71680K)] 421579K->351979K(669184K), 0.0038551 secs] [Times: user=0.01 sys=0.00, real=0.00 secs] 
493.985: [GC (Allocation Failure) [PSYoungGen: 71072K->1376K(71680K)] 421611K->351915K(669184K), 0.0033412 secs] [Times: user=0.02 sys=0.00, real=0.01 secs] 
494.604: [GC (Allocation Failure) [PSYoungGen: 71008K->1376K(71168K)] 421547K->351915K(668672K), 0.0031071 secs] [Times: user=0.01 sys=0.00, real=0.01 secs] 
495.322: [GC (Allocation Failure) [PSYoungGen: 71008K->1376K(71168K)] 421547K->351923K(668672K), 0.0028714 secs] [Times: user=0.01 sys=0.00, real=0.00 secs] 
496.975: [GC (Allocation Failure) [PSYoungGen: 71008K->400K(70656K)] 421555K->351979K(668160K), 0.0021871 secs] [Times: user=0.00 sys=0.00, real=0.01 secs] 
497.796: [GC (Allocation Failure) [PSYoungGen: 70032K->400K(71680K)] 421611K->351979K(669184K), 0.0022238 secs] [Times: user=0.01 sys=0.00, real=0.01 secs] 
498.466: [GC (Allocation Failure) [PSYoungGen: 70032K->336K(71680K)] 421611K->351915K(669184K), 0.0021593 secs] [Times: user=0.01 sys=0.01, real=0.01 secs] 
499.129: [GC (Allocation Failure) [PSYoungGen: 69968K->400K(71680K)] 421547K->351979K(669184K), 0.0022710 secs] [Times: user=0.01 sys=0.00, real=0.00 secs] 
500.295: [GC (Allocation Failure) [PSYoungGen: 70032K->1424K(71680K)] 421611K->353003K(669184K), 0.0018167 secs] [Times: user=0.01 sys=0.01, real=0.01 secs] 
500.584: [GC (Allocation Failure) [PSYoungGen: 71056K->1392K(71680K)] 422635K->352971K(669184K), 0.0018668 secs] [Times: user=0.01 sys=0.00, real=0.00 secs] 
500.943: [GC (Allocation Failure) [PSYoungGen: 71024K->1360K(71680K)] 422603K->352939K(669184K), 0.0019131 secs] [Times: user=0.01 sys=0.00, real=0.00 secs] 
501.237: [GC (Allocation Failure) [PSYoungGen: 70992K->1360K(71680K)] 422571K->352939K(669184K), 0.0018907 secs] [Times: user=0.00 sys=0.00, real=0.00 secs] 
502.495: [GC (Allocation Failure) [PSYoungGen: 70992K->1392K(71680K)] 422571K->352979K(669184K), 0.0017149 secs] [Times: user=0.01 sys=0.00, real=0.01 secs] 
503.106: [GC (Allocation Failure) [PSYoungGen: 71024K->1424K(71680K)] 422611K->353027K(669184K), 0.0020043 secs] [Times: user=0.01 sys=0.00, real=0.01 secs] 
503.683: [GC (Allocation Failure) [PSYoungGen: 71056K->1360K(71680K)] 422659K->352963K(669184K), 0.0019067 secs] [Times: user=0.00 sys=0.00, real=0.00 secs] 
504.220: [GC (Allocation Failure) [PSYoungGen: 70992K->1360K(71680K)] 422595K->352963K(669184K), 0.0020606 secs] [Times: user=0.01 sys=0.00, real=0.00 secs] 
505.852: [GC (Allocation Failure) [PSYoungGen: 70992K->1392K(71680K)] 422595K->352995K(669184K), 0.0040354 secs] [Times: user=0.02 sys=0.01, real=0.00 secs] 
506.312: [GC (Allocation Failure) [PSYoungGen: 71024K->1392K(71680K)] 422627K->352995K(669184K), 0.0020206 secs] [Times: user=0.00 sys=0.00, real=0.00 secs] 
506.634: [GC (Allocation Failure) [PSYoungGen: 71024K->1392K(71680K)] 422627K->352995K(669184K), 0.0020780 secs] [Times: user=0.01 sys=0.00, real=0.00 secs] 
507.143: [GC (Allocation Failure) [PSYoungGen: 71024K->1424K(71680K)] 422627K->353059K(669184K), 0.0021492 secs] [Times: user=0.01 sys=0.00, real=0.00 secs] 
508.485: [GC (Allocation Failure) [PSYoungGen: 71056K->1408K(71680K)] 422691K->353051K(669184K), 0.0019649 secs] [Times: user=0.01 sys=0.00, real=0.00 secs] 
508.864: [GC (Allocation Failure) [PSYoungGen: 71040K->1408K(71680K)] 422683K->353051K(669184K), 0.0018453 secs] [Times: user=0.01 sys=0.00, real=0.00 secs] 
509.423: [GC (Allocation Failure) [PSYoungGen: 71040K->1424K(71680K)] 422683K->353067K(669184K), 0.0019644 secs] [Times: user=0.01 sys=0.00, real=0.00 secs] 
509.951: [GC (Allocation Failure) [PSYoungGen: 71056K->1376K(71680K)] 422699K->353027K(669184K), 0.0025602 secs] [Times: user=0.01 sys=0.00, real=0.00 secs] 
511.297: [GC (Allocation Failure) [PSYoungGen: 71008K->1408K(71680K)] 422659K->353059K(669184K), 0.0022887 secs] [Times: user=0.01 sys=0.00, real=0.00 secs] 
511.657: [GC (Allocation Failure) [PSYoungGen: 71040K->1376K(71680K)] 422691K->353027K(669184K), 0.0024854 secs] [Times: user=0.01 sys=0.00, real=0.00 secs] 
512.218: [GC (Allocation Failure) [PSYoungGen: 71008K->1376K(71680K)] 422659K->353027K(669184K), 0.0022533 secs] [Times: user=0.01 sys=0.00, real=0.00 secs] 
512.754: [GC (Allocation Failure) [PSYoungGen: 71008K->1344K(71680K)] 422659K->352995K(669184K), 0.0034506 secs] [Times: user=0.01 sys=0.00, real=0.01 secs] 
514.277: [GC (Allocation Failure) [PSYoungGen: 70976K->1440K(71680K)] 422627K->353091K(669184K), 0.0019407 secs] [Times: user=0.01 sys=0.00, real=0.00 secs] 
514.907: [GC (Allocation Failure) [PSYoungGen: 71072K->1408K(71680K)] 422723K->353059K(669184K), 0.0033567 secs] [Times: user=0.02 sys=0.00, real=0.00 secs] 
515.737: [GC (Allocation Failure) [PSYoungGen: 71040K->1408K(71680K)] 422691K->353059K(669184K), 0.0031480 secs] [Times: user=0.01 sys=0.00, real=0.00 secs] 
516.485: [GC (Allocation Failure) [PSYoungGen: 71040K->1376K(71680K)] 422691K->353027K(669184K), 0.0027910 secs] [Times: user=0.02 sys=0.00, real=0.01 secs] 
518.147: [GC (Allocation Failure) [PSYoungGen: 71008K->1440K(71680K)] 422659K->353091K(669184K), 0.0019187 secs] [Times: user=0.01 sys=0.00, real=0.00 secs] 
518.470: [GC (Allocation Failure) [PSYoungGen: 71072K->1408K(71680K)] 422723K->353059K(669184K), 0.0018798 secs] [Times: user=0.01 sys=0.00, real=0.00 secs] 
518.777: [GC (Allocation Failure) [PSYoungGen: 71040K->1344K(71680K)] 422691K->352995K(669184K), 0.0018749 secs] [Times: user=0.00 sys=0.00, real=0.00 secs] 
519.093: [GC (Allocation Failure) [PSYoungGen: 70976K->1408K(71680K)] 422627K->353067K(669184K), 0.0019156 secs] [Times: user=0.01 sys=0.00, real=0.00 secs] 
520.412: [GC (Allocation Failure) [PSYoungGen: 71040K->1376K(71680K)] 422699K->353043K(669184K), 0.0019330 secs] [Times: user=0.01 sys=0.00, real=0.00 secs] 
521.618: [GC (Allocation Failure) [PSYoungGen: 71008K->1376K(71680K)] 422675K->353043K(669184K), 0.0033284 secs] [Times: user=0.01 sys=0.00, real=0.00 secs] 
522.417: [GC (Allocation Failure) [PSYoungGen: 71008K->1408K(71680K)] 422675K->353083K(669184K), 0.0030677 secs] [Times: user=0.02 sys=0.00, real=0.00 secs] 
523.113: [GC (Allocation Failure) [PSYoungGen: 71040K->1376K(71168K)] 422715K->353051K(668672K), 0.0027036 secs] [Times: user=0.01 sys=0.00, real=0.00 secs] 
524.381: [GC (Allocation Failure) [PSYoungGen: 71008K->1424K(71168K)] 422683K->353099K(668672K), 0.0018795 secs] [Times: user=0.01 sys=0.00, real=0.00 secs] 
524.707: [GC (Allocation Failure) [PSYoungGen: 71056K->1408K(71168K)] 422731K->353083K(668672K), 0.0034607 secs] [Times: user=0.01 sys=0.00, real=0.00 secs] 
525.008: [GC (Allocation Failure) [PSYoungGen: 71040K->1344K(71168K)] 422715K->353019K(668672K), 0.0019339 secs] [Times: user=0.01 sys=0.00, real=0.00 secs] 
525.530: [GC (Allocation Failure) [PSYoungGen: 70976K->1360K(71168K)] 422651K->353035K(668672K), 0.0018494 secs] [Times: user=0.00 sys=0.00, real=0.00 secs] 
526.867: [GC (Allocation Failure) [PSYoungGen: 70992K->944K(70656K)] 422667K->353643K(668160K), 0.0019507 secs] [Times: user=0.01 sys=0.00, real=0.00 secs] 
527.399: [GC (Allocation Failure) [PSYoungGen: 70064K->400K(71168K)] 422763K->353099K(668672K), 0.0021383 secs] [Times: user=0.01 sys=0.00, real=0.00 secs] 
527.993: [GC (Allocation Failure) [PSYoungGen: 69520K->352K(71168K)] 422219K->353051K(668672K), 0.0026771 secs] [Times: user=0.01 sys=0.00, real=0.00 secs] 
528.689: [GC (Allocation Failure) [PSYoungGen: 69472K->352K(71168K)] 422171K->353051K(668672K), 0.0031557 secs] [Times: user=0.01 sys=0.00, real=0.00 secs] 
530.236: [GC (Allocation Failure) [PSYoungGen: 69472K->1472K(71168K)] 422171K->354171K(668672K), 0.0018842 secs] [Times: user=0.00 sys=0.00, real=0.01 secs] 
530.847: [GC (Allocation Failure) [PSYoungGen: 70592K->1392K(71168K)] 423291K->354091K(668672K), 0.0022854 secs] [Times: user=0.01 sys=0.00, real=0.00 secs] 
531.451: [GC (Allocation Failure) [PSYoungGen: 70512K->1360K(71168K)] 423211K->354059K(668672K), 0.0024590 secs] [Times: user=0.01 sys=0.00, real=0.00 secs] 
532.130: [GC (Allocation Failure) [PSYoungGen: 70480K->1376K(71168K)] 423179K->354091K(668672K), 0.0025773 secs] [Times: user=0.01 sys=0.00, real=0.00 secs] 
532.781: [GC (Allocation Failure) [PSYoungGen: 70496K->1408K(71168K)] 423211K->354123K(668672K), 0.0027774 secs] [Times: user=0.01 sys=0.00, real=0.00 secs] 
534.153: [GC (Allocation Failure) [PSYoungGen: 70528K->1440K(71168K)] 423243K->354155K(668672K), 0.0020258 secs] [Times: user=0.01 sys=0.00, real=0.00 secs] 
534.772: [GC (Allocation Failure) [PSYoungGen: 70560K->1408K(71168K)] 423275K->354123K(668672K), 0.0019260 secs] [Times: user=0.00 sys=0.00, real=0.00 secs] 
535.495: [GC (Allocation Failure) [PSYoungGen: 70528K->1344K(71168K)] 423243K->354059K(668672K), 0.0020165 secs] [Times: user=0.01 sys=0.00, real=0.01 secs] 
536.180: [GC (Allocation Failure) [PSYoungGen: 70464K->1376K(71168K)] 423179K->354091K(668672K), 0.0025162 secs] [Times: user=0.01 sys=0.00, real=0.00 secs] 
537.360: [GC (Allocation Failure) [PSYoungGen: 70496K->1408K(71168K)] 423211K->354123K(668672K), 0.0017593 secs] [Times: user=0.01 sys=0.00, real=0.00 secs] 
537.696: [GC (Allocation Failure) [PSYoungGen: 70528K->1408K(71168K)] 423243K->354123K(668672K), 0.0017271 secs] [Times: user=0.01 sys=0.00, real=0.01 secs] 
538.008: [GC (Allocation Failure) [PSYoungGen: 70528K->1408K(71168K)] 423243K->354131K(668672K), 0.0022803 secs] [Times: user=0.01 sys=0.00, real=0.00 secs] 
538.422: [GC (Allocation Failure) [PSYoungGen: 70528K->1408K(71168K)] 423251K->354131K(668672K), 0.0027509 secs] [Times: user=0.01 sys=0.00, real=0.00 secs] 
540.027: [GC (Allocation Failure) [PSYoungGen: 70528K->1440K(71168K)] 423251K->354163K(668672K), 0.0031753 secs] [Times: user=0.02 sys=0.00, real=0.00 secs] 
540.794: [GC (Allocation Failure) [PSYoungGen: 70560K->1408K(71168K)] 423283K->354131K(668672K), 0.0027330 secs] [Times: user=0.01 sys=0.00, real=0.00 secs] 
541.502: [GC (Allocation Failure) [PSYoungGen: 70528K->1376K(71168K)] 423251K->354107K(668672K), 0.0030819 secs] [Times: user=0.01 sys=0.00, real=0.00 secs] 
542.291: [GC (Allocation Failure) [PSYoungGen: 70496K->1408K(71168K)] 423227K->354139K(668672K), 0.0032652 secs] [Times: user=0.01 sys=0.00, real=0.00 secs] 
543.856: [GC (Allocation Failure) [PSYoungGen: 70528K->1440K(71168K)] 423259K->354171K(668672K), 0.0029877 secs] [Times: user=0.02 sys=0.00, real=0.01 secs] 
544.394: [GC (Allocation Failure) [PSYoungGen: 70560K->1376K(71168K)] 423291K->354107K(668672K), 0.0022500 secs] [Times: user=0.01 sys=0.00, real=0.00 secs] 
544.719: [GC (Allocation Failure) [PSYoungGen: 70496K->1408K(71168K)] 423227K->354139K(668672K), 0.0019894 secs] [Times: user=0.01 sys=0.00, real=0.00 secs] 
545.020: [GC (Allocation Failure) [PSYoungGen: 70528K->1376K(71168K)] 423259K->354107K(668672K), 0.0019292 secs] [Times: user=0.01 sys=0.00, real=0.00 secs] 
546.761: [GC (Allocation Failure) [PSYoungGen: 70496K->1376K(71168K)] 423227K->354107K(668672K), 0.0052260 secs] [Times: user=0.02 sys=0.00, real=0.00 secs] 
547.501: [GC (Allocation Failure) [PSYoungGen: 70496K->1376K(71168K)] 423227K->354107K(668672K), 0.0035209 secs] [Times: user=0.02 sys=0.00, real=0.00 secs] 
548.278: [GC (Allocation Failure) [PSYoungGen: 70496K->1360K(71168K)] 423227K->354091K(668672K), 0.0025954 secs] [Times: user=0.01 sys=0.00, real=0.00 secs] 
548.964: [GC (Allocation Failure) [PSYoungGen: 70480K->1392K(71168K)] 423211K->354139K(668672K), 0.0028893 secs] [Times: user=0.01 sys=0.00, real=0.01 secs] 
550.271: [GC (Allocation Failure) [PSYoungGen: 70512K->1440K(71168K)] 423259K->354187K(668672K), 0.0019018 secs] [Times: user=0.00 sys=0.00, real=0.00 secs] 
550.949: [GC (Allocation Failure) [PSYoungGen: 70560K->1408K(71168K)] 423307K->354155K(668672K), 0.0038381 secs] [Times: user=0.02 sys=0.00, real=0.00 secs] 
551.814: [GC (Allocation Failure) [PSYoungGen: 70528K->1376K(71168K)] 423275K->354139K(668672K), 0.0038738 secs] [Times: user=0.02 sys=0.00, real=0.01 secs] 
552.795: [GC (Allocation Failure) [PSYoungGen: 70496K->1408K(71168K)] 423259K->354179K(668672K), 0.0033337 secs] [Times: user=0.02 sys=0.00, real=0.01 secs] 
554.245: [GC (Allocation Failure) [PSYoungGen: 70528K->1440K(71168K)] 423299K->354211K(668672K), 0.0018414 secs] [Times: user=0.00 sys=0.00, real=0.00 secs] 
554.547: [GC (Allocation Failure) [PSYoungGen: 70560K->1376K(71168K)] 423331K->354147K(668672K), 0.0019687 secs] [Times: user=0.01 sys=0.00, real=0.00 secs] 
554.834: [GC (Allocation Failure) [PSYoungGen: 70496K->1376K(70656K)] 423267K->354147K(668160K), 0.0020681 secs] [Times: user=0.01 sys=0.00, real=0.00 secs] 
555.122: [GC (Allocation Failure) [PSYoungGen: 70496K->1408K(70656K)] 423267K->354179K(668160K), 0.0021629 secs] [Times: user=0.01 sys=0.00, real=0.00 secs] 
556.689: [GC (Allocation Failure) [PSYoungGen: 70528K->1440K(70656K)] 423299K->354211K(668160K), 0.0026336 secs] [Times: user=0.01 sys=0.00, real=0.00 secs] 
557.608: [GC (Allocation Failure) [PSYoungGen: 70560K->1360K(70656K)] 423331K->354131K(668160K), 0.0023624 secs] [Times: user=0.01 sys=0.01, real=0.00 secs] 
557.949: [GC (Allocation Failure) [PSYoungGen: 70480K->1408K(70656K)] 423251K->354179K(668160K), 0.0027429 secs] [Times: user=0.01 sys=0.01, real=0.00 secs] 
558.424: [GC (Allocation Failure) [PSYoungGen: 70528K->1408K(70656K)] 423299K->354179K(668160K), 0.0027057 secs] [Times: user=0.01 sys=0.00, real=0.01 secs] 
559.788: [GC (Allocation Failure) [PSYoungGen: 70528K->1456K(70656K)] 423299K->354227K(668160K), 0.0020743 secs] [Times: user=0.01 sys=0.00, real=0.00 secs] 
560.139: [GC (Allocation Failure) [PSYoungGen: 70576K->1376K(70656K)] 423347K->354147K(668160K), 0.0020367 secs] [Times: user=0.00 sys=0.00, real=0.00 secs] 
560.439: [GC (Allocation Failure) [PSYoungGen: 70496K->1408K(70656K)] 423267K->354179K(668160K), 0.0020135 secs] [Times: user=0.00 sys=0.00, real=0.00 secs] 
560.968: [GC (Allocation Failure) [PSYoungGen: 70528K->1360K(70656K)] 423299K->354155K(668160K), 0.0021258 secs] [Times: user=0.01 sys=0.00, real=0.00 secs] 
562.352: [GC (Allocation Failure) [PSYoungGen: 70480K->1360K(70656K)] 423275K->354155K(668160K), 0.0018241 secs] [Times: user=0.00 sys=0.00, real=0.00 secs] 
562.661: [GC (Allocation Failure) [PSYoungGen: 70480K->1376K(70656K)] 423275K->354171K(668160K), 0.0017950 secs] [Times: user=0.01 sys=0.00, real=0.00 secs] 
562.948: [GC (Allocation Failure) [PSYoungGen: 70496K->1344K(70656K)] 423291K->354139K(668160K), 0.0017798 secs] [Times: user=0.01 sys=0.00, real=0.00 secs] 
563.235: [GC (Allocation Failure) [PSYoungGen: 70464K->1344K(70656K)] 423259K->354139K(668160K), 0.0017684 secs] [Times: user=0.01 sys=0.00, real=0.01 secs] 
564.294: [GC (Allocation Failure) [PSYoungGen: 70464K->1408K(70656K)] 423259K->355227K(668160K), 0.0019694 secs] [Times: user=0.01 sys=0.00, real=0.00 secs] 
564.822: [GC (Allocation Failure) [PSYoungGen: 70528K->1376K(70656K)] 424347K->355195K(668160K), 0.0019601 secs] [Times: user=0.01 sys=0.00, real=0.00 secs] 
565.351: [GC (Allocation Failure) [PSYoungGen: 70496K->1376K(70656K)] 424315K->355195K(668160K), 0.0030561 secs] [Times: user=0.01 sys=0.00, real=0.00 secs] 
565.828: [GC (Allocation Failure) [PSYoungGen: 70496K->1408K(70656K)] 424315K->355235K(668160K), 0.0024441 secs] [Times: user=0.01 sys=0.00, real=0.00 secs] 
567.346: [GC (Allocation Failure) [PSYoungGen: 70528K->1408K(70656K)] 424355K->355235K(668160K), 0.0017929 secs] [Times: user=0.01 sys=0.00, real=0.01 secs] 
567.652: [GC (Allocation Failure) [PSYoungGen: 70528K->1376K(70656K)] 424355K->355203K(668160K), 0.0018372 secs] [Times: user=0.01 sys=0.00, real=0.00 secs] 
567.939: [GC (Allocation Failure) [PSYoungGen: 70496K->1408K(70656K)] 424323K->355235K(668160K), 0.0018957 secs] [Times: user=0.01 sys=0.00, real=0.00 secs] 
568.227: [GC (Allocation Failure) [PSYoungGen: 70528K->1408K(70656K)] 424355K->355267K(668160K), 0.0018521 secs] [Times: user=0.01 sys=0.00, real=0.00 secs] 
568.563: [GC (Allocation Failure) [PSYoungGen: 70528K->1376K(70656K)] 424387K->355235K(668160K), 0.0019838 secs] [Times: user=0.00 sys=0.00, real=0.00 secs] 
569.768: [GC (Allocation Failure) [PSYoungGen: 70496K->1376K(70656K)] 424355K->355235K(668160K), 0.0018203 secs] [Times: user=0.01 sys=0.00, real=0.00 secs] 
570.342: [GC (Allocation Failure) [PSYoungGen: 70496K->1376K(70656K)] 424355K->355235K(668160K), 0.0038918 secs] [Times: user=0.02 sys=0.00, real=0.00 secs] 
571.006: [GC (Allocation Failure) [PSYoungGen: 70496K->1408K(70656K)] 424355K->355267K(668160K), 0.0030283 secs] [Times: user=0.01 sys=0.00, real=0.01 secs] 
571.680: [GC (Allocation Failure) [PSYoungGen: 70528K->1440K(70656K)] 424387K->355299K(668160K), 0.0031294 secs] [Times: user=0.01 sys=0.00, real=0.00 secs] 
573.756: [GC (Allocation Failure) [PSYoungGen: 70560K->1408K(70656K)] 424419K->355275K(668160K), 0.0041441 secs] [Times: user=0.02 sys=0.00, real=0.01 secs] 
575.096: [GC (Allocation Failure) [PSYoungGen: 70528K->1376K(70656K)] 424395K->355243K(668160K), 0.0042158 secs] [Times: user=0.02 sys=0.00, real=0.01 secs] 
575.811: [GC (Allocation Failure) [PSYoungGen: 70496K->1376K(70656K)] 424363K->355243K(668160K), 0.0031027 secs] [Times: user=0.01 sys=0.00, real=0.00 secs] 
576.137: [GC (Allocation Failure) [PSYoungGen: 70496K->1408K(70656K)] 424363K->355275K(668160K), 0.0019275 secs] [Times: user=0.00 sys=0.00, real=0.00 secs] 
577.617: [GC (Allocation Failure) [PSYoungGen: 70528K->1440K(70656K)] 424395K->355307K(668160K), 0.0017400 secs] [Times: user=0.00 sys=0.00, real=0.00 secs] 
577.994: [GC (Allocation Failure) [PSYoungGen: 70560K->1376K(70656K)] 424427K->355243K(668160K), 0.0019070 secs] [Times: user=0.00 sys=0.00, real=0.00 secs] 
578.348: [GC (Allocation Failure) [PSYoungGen: 70496K->1408K(70656K)] 424363K->355275K(668160K), 0.0020515 secs] [Times: user=0.00 sys=0.00, real=0.00 secs] 
578.652: [GC (Allocation Failure) [PSYoungGen: 70528K->1408K(70656K)] 424395K->355275K(668160K), 0.0020422 secs] [Times: user=0.01 sys=0.00, real=0.00 secs] 
580.534: [GC (Allocation Failure) [PSYoungGen: 70528K->1408K(70656K)] 424395K->355275K(668160K), 0.0035968 secs] [Times: user=0.01 sys=0.00, real=0.01 secs] 
581.100: [GC (Allocation Failure) [PSYoungGen: 70528K->1408K(70656K)] 424395K->355275K(668160K), 0.0026223 secs] [Times: user=0.01 sys=0.00, real=0.00 secs] 
581.732: [GC (Allocation Failure) [PSYoungGen: 70528K->1408K(70656K)] 424395K->355275K(668160K), 0.0025436 secs] [Times: user=0.02 sys=0.00, real=0.00 secs] 
582.228: [GC (Allocation Failure) [PSYoungGen: 70528K->1408K(70656K)] 424395K->355283K(668160K), 0.0021696 secs] [Times: user=0.01 sys=0.00, real=0.00 secs] 
583.356: [GC (Allocation Failure) [PSYoungGen: 70528K->1360K(70656K)] 424403K->355235K(668160K), 0.0020000 secs] [Times: user=0.01 sys=0.00, real=0.01 secs] 
583.652: [GC (Allocation Failure) [PSYoungGen: 70480K->1376K(70656K)] 424355K->355251K(668160K), 0.0019611 secs] [Times: user=0.01 sys=0.00, real=0.00 secs] 
583.947: [GC (Allocation Failure) [PSYoungGen: 70496K->1424K(70656K)] 424371K->355299K(668160K), 0.0019075 secs] [Times: user=0.01 sys=0.00, real=0.00 secs] 
584.279: [GC (Allocation Failure) [PSYoungGen: 70544K->1440K(70656K)] 424419K->355331K(668160K), 0.0018882 secs] [Times: user=0.01 sys=0.00, real=0.00 secs] 
585.512: [GC (Allocation Failure) [PSYoungGen: 70560K->1408K(70656K)] 424451K->355299K(668160K), 0.0017345 secs] [Times: user=0.01 sys=0.00, real=0.00 secs] 
586.439: [GC (Allocation Failure) [PSYoungGen: 70528K->1376K(70656K)] 424419K->355267K(668160K), 0.0025414 secs] [Times: user=0.01 sys=0.00, real=0.00 secs] 
587.276: [GC (Allocation Failure) [PSYoungGen: 70496K->1408K(70656K)] 424387K->355299K(668160K), 0.0027445 secs] [Times: user=0.01 sys=0.00, real=0.01 secs] 
587.858: [GC (Allocation Failure) [PSYoungGen: 70528K->1376K(70656K)] 424419K->355267K(668160K), 0.0026504 secs] [Times: user=0.01 sys=0.00, real=0.00 secs] 
589.240: [GC (Allocation Failure) [PSYoungGen: 70496K->1376K(70656K)] 424387K->355275K(668160K), 0.0018626 secs] [Times: user=0.01 sys=0.00, real=0.00 secs] 
589.728: [GC (Allocation Failure) [PSYoungGen: 70496K->1408K(70656K)] 424395K->355307K(668160K), 0.0018584 secs] [Times: user=0.01 sys=0.00, real=0.00 secs] 
590.015: [GC (Allocation Failure) [PSYoungGen: 70528K->1392K(70656K)] 424427K->355291K(668160K), 0.0019996 secs] [Times: user=0.00 sys=0.00, real=0.01 secs] 
590.304: [GC (Allocation Failure) [PSYoungGen: 70512K->1408K(70656K)] 424411K->355315K(668160K), 0.0057043 secs] [Times: user=0.03 sys=0.00, real=0.01 secs] 
591.324: [GC (Allocation Failure) [PSYoungGen: 70528K->1408K(70656K)] 424435K->355315K(668160K), 0.0017248 secs] [Times: user=0.01 sys=0.00, real=0.00 secs] 
591.611: [GC (Allocation Failure) [PSYoungGen: 70528K->1376K(70656K)] 424435K->355283K(668160K), 0.0017168 secs] [Times: user=0.01 sys=0.01, real=0.00 secs] 
591.955: [GC (Allocation Failure) [PSYoungGen: 70496K->1376K(70656K)] 424403K->355283K(668160K), 0.0017919 secs] [Times: user=0.01 sys=0.00, real=0.00 secs] 
592.243: [GC (Allocation Failure) [PSYoungGen: 70496K->1440K(70656K)] 424403K->355359K(668160K), 0.0018819 secs] [Times: user=0.00 sys=0.00, real=0.00 secs] 
593.296: [GC (Allocation Failure) [PSYoungGen: 70560K->1376K(70656K)] 424479K->355295K(668160K), 0.0016634 secs] [Times: user=0.01 sys=0.00, real=0.01 secs] 
593.618: [GC (Allocation Failure) [PSYoungGen: 70496K->1376K(70656K)] 424415K->355295K(668160K), 0.0017663 secs] [Times: user=0.01 sys=0.00, real=0.00 secs] 
593.998: [GC (Allocation Failure) [PSYoungGen: 70496K->1408K(70656K)] 424415K->355327K(668160K), 0.0016785 secs] [Times: user=0.01 sys=0.00, real=0.00 secs] 
594.560: [GC (Allocation Failure) [PSYoungGen: 70528K->1376K(70656K)] 424447K->355295K(668160K), 0.0016956 secs] [Times: user=0.00 sys=0.00, real=0.00 secs] 
596.007: [GC (Allocation Failure) [PSYoungGen: 70496K->1408K(70656K)] 424415K->355335K(668160K), 0.0019171 secs] [Times: user=0.01 sys=0.00, real=0.00 secs] 
596.493: [GC (Allocation Failure) [PSYoungGen: 70528K->1408K(70656K)] 424455K->355335K(668160K), 0.0017536 secs] [Times: user=0.01 sys=0.00, real=0.00 secs] 
596.780: [GC (Allocation Failure) [PSYoungGen: 70528K->1376K(70656K)] 424455K->355303K(668160K), 0.0017815 secs] [Times: user=0.01 sys=0.00, real=0.00 secs] 
597.068: [GC (Allocation Failure) [PSYoungGen: 70496K->1344K(70656K)] 424423K->355287K(668160K), 0.0017862 secs] [Times: user=0.01 sys=0.00, real=0.00 secs] 
598.058: [GC (Allocation Failure) [PSYoungGen: 70464K->928K(70656K)] 424407K->355911K(668160K), 0.0016664 secs] [Times: user=0.01 sys=0.00, real=0.00 secs] 
598.762: [GC (Allocation Failure) [PSYoungGen: 70048K->352K(70656K)] 425031K->355335K(668160K), 0.0021879 secs] [Times: user=0.01 sys=0.00, real=0.00 secs] 
599.341: [GC (Allocation Failure) [PSYoungGen: 69472K->320K(71168K)] 424455K->355303K(668672K), 0.0022052 secs] [Times: user=0.01 sys=0.00, real=0.00 secs] 
599.716: [GC (Allocation Failure) [PSYoungGen: 69440K->320K(71168K)] 424423K->355303K(668672K), 0.0019647 secs] [Times: user=0.01 sys=0.00, real=0.01 secs] 
600.718: [GC (Allocation Failure) [PSYoungGen: 69437K->128K(71168K)] 424420K->355111K(668672K), 0.0016675 secs] [Times: user=0.00 sys=0.00, real=0.00 secs] 
601.327: [GC (Allocation Failure) [PSYoungGen: 69248K->1376K(71168K)] 424231K->356359K(668672K), 0.0018934 secs] [Times: user=0.00 sys=0.00, real=0.00 secs] 
601.919: [GC (Allocation Failure) [PSYoungGen: 70496K->1408K(71168K)] 425479K->356391K(668672K), 0.0020932 secs] [Times: user=0.01 sys=0.00, real=0.00 secs] 
602.214: [GC (Allocation Failure) [PSYoungGen: 70528K->1360K(71168K)] 425511K->356343K(668672K), 0.0020165 secs] [Times: user=0.01 sys=0.00, real=0.00 secs] 
602.502: [GC (Allocation Failure) [PSYoungGen: 70480K->1408K(71680K)] 425463K->356391K(669184K), 0.0022042 secs] [Times: user=0.01 sys=0.00, real=0.00 secs] 
603.755: [GC (Allocation Failure) [PSYoungGen: 70528K->1408K(71680K)] 425511K->356391K(669184K), 0.0020073 secs] [Times: user=0.01 sys=0.00, real=0.01 secs] 
604.080: [GC (Allocation Failure) [PSYoungGen: 70528K->1408K(71680K)] 425511K->356391K(669184K), 0.0018671 secs] [Times: user=0.01 sys=0.00, real=0.00 secs] 
604.405: [GC (Allocation Failure) [PSYoungGen: 70528K->1376K(71680K)] 425511K->356367K(669184K), 0.0030378 secs] [Times: user=0.01 sys=0.00, real=0.01 secs] 
604.693: [GC (Allocation Failure) [PSYoungGen: 70496K->1344K(70656K)] 425487K->356335K(668160K), 0.0019530 secs] [Times: user=0.01 sys=0.00, real=0.00 secs] 
606.188: [GC (Allocation Failure) [PSYoungGen: 70464K->1440K(71168K)] 425455K->356431K(668672K), 0.0017718 secs] [Times: user=0.00 sys=0.00, real=0.00 secs] 
606.670: [GC (Allocation Failure) [PSYoungGen: 70560K->1376K(71168K)] 425551K->356367K(668672K), 0.0022062 secs] [Times: user=0.01 sys=0.00, real=0.00 secs] 
606.957: [GC (Allocation Failure) [PSYoungGen: 70496K->1376K(71168K)] 425487K->356367K(668672K), 0.0020680 secs] [Times: user=0.01 sys=0.00, real=0.00 secs] 
607.440: [GC (Allocation Failure) [PSYoungGen: 70496K->1408K(71168K)] 425487K->356399K(668672K), 0.0030423 secs] [Times: user=0.01 sys=0.00, real=0.00 secs] 
609.237: [GC (Allocation Failure) [PSYoungGen: 70528K->1440K(71168K)] 425519K->356439K(668672K), 0.0023801 secs] [Times: user=0.01 sys=0.00, real=0.00 secs] 
609.855: [GC (Allocation Failure) [PSYoungGen: 70560K->1376K(71168K)] 425559K->356391K(668672K), 0.0039489 secs] [Times: user=0.01 sys=0.00, real=0.01 secs] 
610.150: [GC (Allocation Failure) [PSYoungGen: 70496K->1376K(71168K)] 425511K->356391K(668672K), 0.0019279 secs] [Times: user=0.01 sys=0.00, real=0.00 secs] 
610.485: [GC (Allocation Failure) [PSYoungGen: 70496K->1376K(71168K)] 425511K->356399K(668672K), 0.0019236 secs] [Times: user=0.01 sys=0.00, real=0.00 secs] 
612.138: [GC (Allocation Failure) [PSYoungGen: 70496K->1376K(71168K)] 425519K->356407K(668672K), 0.0028014 secs] [Times: user=0.01 sys=0.00, real=0.00 secs] 
612.775: [GC (Allocation Failure) [PSYoungGen: 70496K->1392K(71168K)] 425527K->356423K(668672K), 0.0034361 secs] [Times: user=0.01 sys=0.00, real=0.01 secs] 
613.412: [GC (Allocation Failure) [PSYoungGen: 70512K->1376K(71168K)] 425543K->356407K(668672K), 0.0025882 secs] [Times: user=0.01 sys=0.00, real=0.00 secs] 
614.179: [GC (Allocation Failure) [PSYoungGen: 70496K->1408K(71168K)] 425527K->356455K(668672K), 0.0027652 secs] [Times: user=0.01 sys=0.00, real=0.00 secs] 
616.031: [GC (Allocation Failure) [PSYoungGen: 70528K->1440K(71168K)] 425575K->356487K(668672K), 0.0042404 secs] [Times: user=0.01 sys=0.00, real=0.00 secs] 
616.963: [GC (Allocation Failure) [PSYoungGen: 70560K->1408K(71168K)] 425607K->356455K(668672K), 0.0040319 secs] [Times: user=0.02 sys=0.00, real=0.00 secs] 
617.867: [GC (Allocation Failure) [PSYoungGen: 70528K->1376K(71168K)] 425575K->356423K(668672K), 0.0039557 secs] [Times: user=0.02 sys=0.00, real=0.00 secs] 
618.557: [GC (Allocation Failure) [PSYoungGen: 70496K->1376K(71168K)] 425543K->356423K(668672K), 0.0032990 secs] [Times: user=0.02 sys=0.00, real=0.00 secs] 
619.942: [GC (Allocation Failure) [PSYoungGen: 70496K->1440K(71168K)] 425543K->356487K(668672K), 0.0017192 secs] [Times: user=0.00 sys=0.00, real=0.00 secs] 
620.578: [GC (Allocation Failure) [PSYoungGen: 70560K->1408K(71168K)] 425607K->356455K(668672K), 0.0041679 secs] [Times: user=0.02 sys=0.00, real=0.00 secs] 
620.992: [GC (Allocation Failure) [PSYoungGen: 70528K->1408K(71168K)] 425575K->356455K(668672K), 0.0020256 secs] [Times: user=0.01 sys=0.00, real=0.00 secs] 
621.297: [GC (Allocation Failure) [PSYoungGen: 70528K->1408K(71168K)] 425575K->356471K(668672K), 0.0018546 secs] [Times: user=0.01 sys=0.00, real=0.00 secs] 
622.621: [GC (Allocation Failure) [PSYoungGen: 70528K->1408K(71168K)] 425591K->356479K(668672K), 0.0034072 secs] [Times: user=0.02 sys=0.00, real=0.00 secs] 
623.513: [GC (Allocation Failure) [PSYoungGen: 70528K->1408K(71168K)] 425599K->356479K(668672K), 0.0039232 secs] [Times: user=0.01 sys=0.00, real=0.01 secs] 
624.409: [GC (Allocation Failure) [PSYoungGen: 70528K->1408K(71168K)] 425599K->356479K(668672K), 0.0030965 secs] [Times: user=0.01 sys=0.00, real=0.00 secs] 
624.872: [GC (Allocation Failure) [PSYoungGen: 70528K->1408K(71168K)] 425599K->356479K(668672K), 0.0019765 secs] [Times: user=0.01 sys=0.00, real=0.00 secs] 
625.869: [GC (Allocation Failure) [PSYoungGen: 70528K->1376K(71168K)] 425599K->356455K(668672K), 0.0017039 secs] [Times: user=0.01 sys=0.00, real=0.00 secs] 
626.162: [GC (Allocation Failure) [PSYoungGen: 70496K->1392K(71168K)] 425575K->356471K(668672K), 0.0015219 secs] [Times: user=0.01 sys=0.00, real=0.00 secs] 
626.485: [GC (Allocation Failure) [PSYoungGen: 70512K->1376K(70656K)] 425591K->356455K(668160K), 0.0020794 secs] [Times: user=0.01 sys=0.00, real=0.01 secs] 
626.773: [GC (Allocation Failure) [PSYoungGen: 70496K->1376K(70656K)] 425575K->356455K(668160K), 0.0024176 secs] [Times: user=0.00 sys=0.00, real=0.00 secs] 
627.897: [GC (Allocation Failure) [PSYoungGen: 70496K->1408K(70656K)] 425575K->356487K(668160K), 0.0018662 secs] [Times: user=0.01 sys=0.00, real=0.00 secs] 
628.541: [GC (Allocation Failure) [PSYoungGen: 70528K->1376K(70656K)] 425607K->356455K(668160K), 0.0027380 secs] [Times: user=0.01 sys=0.00, real=0.00 secs] 
629.147: [GC (Allocation Failure) [PSYoungGen: 70496K->1376K(70656K)] 425575K->356455K(668160K), 0.0030182 secs] [Times: user=0.01 sys=0.00, real=0.00 secs] 
629.589: [GC (Allocation Failure) [PSYoungGen: 70496K->1376K(70656K)] 425575K->356463K(668160K), 0.0019300 secs] [Times: user=0.01 sys=0.00, real=0.00 secs] 
630.634: [GC (Allocation Failure) [PSYoungGen: 70496K->1408K(70656K)] 425583K->356495K(668160K), 0.0017148 secs] [Times: user=0.01 sys=0.00, real=0.00 secs] 
631.156: [GC (Allocation Failure) [PSYoungGen: 70528K->1408K(70656K)] 425615K->356495K(668160K), 0.0019292 secs] [Times: user=0.01 sys=0.00, real=0.01 secs] 
631.444: [GC (Allocation Failure) [PSYoungGen: 70528K->1376K(70656K)] 425615K->356463K(668160K), 0.0019160 secs] [Times: user=0.01 sys=0.00, real=0.00 secs] 
631.731: [GC (Allocation Failure) [PSYoungGen: 70496K->1360K(70656K)] 425583K->356447K(668160K), 0.0022026 secs] [Times: user=0.01 sys=0.00, real=0.00 secs] 
633.033: [GC (Allocation Failure) [PSYoungGen: 70480K->912K(70656K)] 425567K->357023K(668160K), 0.0028359 secs] [Times: user=0.01 sys=0.00, real=0.00 secs] 
633.694: [GC (Allocation Failure) [PSYoungGen: 70032K->352K(71168K)] 426143K->356463K(668672K), 0.0038553 secs] [Times: user=0.02 sys=0.00, real=0.01 secs] 
634.469: [GC (Allocation Failure) [PSYoungGen: 69472K->320K(71168K)] 425583K->356431K(668672K), 0.0030056 secs] [Times: user=0.01 sys=0.00, real=0.00 secs] 
635.157: [GC (Allocation Failure) [PSYoungGen: 69440K->352K(71168K)] 425551K->356471K(668672K), 0.0026824 secs] [Times: user=0.01 sys=0.00, real=0.00 secs] 
636.481: [GC (Allocation Failure) [PSYoungGen: 69472K->160K(71168K)] 425591K->356279K(668672K), 0.0018267 secs] [Times: user=0.01 sys=0.00, real=0.00 secs] 
637.081: [GC (Allocation Failure) [PSYoungGen: 69280K->1440K(71168K)] 425399K->357559K(668672K), 0.0020347 secs] [Times: user=0.00 sys=0.00, real=0.00 secs] 
637.369: [GC (Allocation Failure) [PSYoungGen: 70560K->1344K(71168K)] 426679K->357463K(668672K), 0.0020336 secs] [Times: user=0.01 sys=0.00, real=0.00 secs] 
637.704: [GC (Allocation Failure) [PSYoungGen: 70464K->1408K(70656K)] 426583K->357535K(668160K), 0.0020594 secs] [Times: user=0.01 sys=0.00, real=0.00 secs] 
638.292: [GC (Allocation Failure) [PSYoungGen: 70016K->1408K(71168K)] 426143K->357535K(668672K), 0.0022531 secs] [Times: user=0.01 sys=0.00, real=0.00 secs] 
640.010: [GC (Allocation Failure) [PSYoungGen: 70016K->1408K(71168K)] 426143K->357535K(668672K), 0.0040178 secs] [Times: user=0.02 sys=0.00, real=0.00 secs] 
640.866: [GC (Allocation Failure) [PSYoungGen: 70016K->1376K(71168K)] 426143K->357519K(668672K), 0.0027411 secs] [Times: user=0.02 sys=0.00, real=0.01 secs] 
641.537: [GC (Allocation Failure) [PSYoungGen: 69984K->1376K(71168K)] 426127K->357527K(668672K), 0.0027324 secs] [Times: user=0.01 sys=0.00, real=0.00 secs] 
642.120: [GC (Allocation Failure) [PSYoungGen: 69984K->1424K(71168K)] 426135K->357575K(668672K), 0.0020620 secs] [Times: user=0.00 sys=0.00, real=0.00 secs] 
643.351: [GC (Allocation Failure) [PSYoungGen: 70032K->1408K(71168K)] 426183K->357559K(668672K), 0.0018585 secs] [Times: user=0.01 sys=0.00, real=0.00 secs] 
643.992: [GC (Allocation Failure) [PSYoungGen: 70016K->1376K(70144K)] 426167K->357527K(667648K), 0.0035244 secs] [Times: user=0.02 sys=0.01, real=0.00 secs] 
644.761: [GC (Allocation Failure) [PSYoungGen: 69984K->1328K(70656K)] 426135K->357479K(668160K), 0.0029928 secs] [Times: user=0.01 sys=0.00, real=0.00 secs] 
645.459: [GC (Allocation Failure) [PSYoungGen: 69936K->1376K(70656K)] 426087K->357527K(668160K), 0.0033170 secs] [Times: user=0.01 sys=0.00, real=0.00 secs] 
647.499: [GC (Allocation Failure) [PSYoungGen: 69984K->1408K(70656K)] 426135K->357567K(668160K), 0.0034562 secs] [Times: user=0.02 sys=0.00, real=0.00 secs] 
648.286: [GC (Allocation Failure) [PSYoungGen: 70016K->1360K(70656K)] 426175K->357519K(668160K), 0.0031157 secs] [Times: user=0.01 sys=0.00, real=0.01 secs] 
648.936: [GC (Allocation Failure) [PSYoungGen: 69968K->1392K(70656K)] 426127K->357551K(668160K), 0.0030552 secs] [Times: user=0.01 sys=0.00, real=0.01 secs] 
649.507: [GC (Allocation Failure) [PSYoungGen: 70000K->1440K(70656K)] 426159K->357599K(668160K), 0.0027709 secs] [Times: user=0.01 sys=0.00, real=0.00 secs] 
651.101: [GC (Allocation Failure) [PSYoungGen: 70048K->1440K(70656K)] 426207K->357599K(668160K), 0.0039036 secs] [Times: user=0.02 sys=0.00, real=0.00 secs] 
651.797: [GC (Allocation Failure) [PSYoungGen: 70048K->1376K(70656K)] 426207K->357535K(668160K), 0.0031970 secs] [Times: user=0.01 sys=0.00, real=0.00 secs] 
652.568: [GC (Allocation Failure) [PSYoungGen: 69984K->1376K(70656K)] 426143K->357535K(668160K), 0.0034704 secs] [Times: user=0.02 sys=0.00, real=0.00 secs] 
653.276: [GC (Allocation Failure) [PSYoungGen: 69984K->1408K(70656K)] 426143K->357575K(668160K), 0.0030123 secs] [Times: user=0.01 sys=0.00, real=0.01 secs] 
654.955: [GC (Allocation Failure) [PSYoungGen: 70016K->1408K(70656K)] 426183K->357575K(668160K), 0.0018336 secs] [Times: user=0.01 sys=0.00, real=0.01 secs] 
655.538: [GC (Allocation Failure) [PSYoungGen: 70016K->1376K(70656K)] 426183K->357543K(668160K), 0.0017900 secs] [Times: user=0.01 sys=0.00, real=0.00 secs] 
656.038: [GC (Allocation Failure) [PSYoungGen: 69984K->1408K(70656K)] 426151K->357575K(668160K), 0.0022360 secs] [Times: user=0.01 sys=0.00, real=0.00 secs] 
656.650: [GC (Allocation Failure) [PSYoungGen: 70016K->1392K(70656K)] 426183K->357559K(668160K), 0.0031070 secs] [Times: user=0.01 sys=0.00, real=0.00 secs] 
657.967: [GC (Allocation Failure) [PSYoungGen: 70000K->1424K(70656K)] 426167K->357591K(668160K), 0.0018153 secs] [Times: user=0.01 sys=0.00, real=0.00 secs] 
658.511: [GC (Allocation Failure) [PSYoungGen: 70032K->1408K(70656K)] 426199K->357575K(668160K), 0.0018003 secs] [Times: user=0.00 sys=0.00, real=0.00 secs] 
659.331: [GC (Allocation Failure) [PSYoungGen: 70016K->1376K(70656K)] 426183K->357543K(668160K), 0.0019926 secs] [Times: user=0.01 sys=0.00, real=0.00 secs] 
659.907: [GC (Allocation Failure) [PSYoungGen: 69984K->1392K(70656K)] 426151K->357583K(668160K), 0.0024869 secs] [Times: user=0.01 sys=0.00, real=0.00 secs] 
661.187: [GC (Allocation Failure) [PSYoungGen: 70000K->1408K(70656K)] 426191K->357599K(668160K), 0.0017370 secs] [Times: user=0.01 sys=0.01, real=0.00 secs] 
661.495: [GC (Allocation Failure) [PSYoungGen: 70016K->1360K(70656K)] 426207K->357551K(668160K), 0.0018117 secs] [Times: user=0.01 sys=0.00, real=0.01 secs] 
661.854: [GC (Allocation Failure) [PSYoungGen: 69968K->1408K(70656K)] 426159K->357615K(668160K), 0.0018190 secs] [Times: user=0.00 sys=0.00, real=0.00 secs] 
662.317: [GC (Allocation Failure) [PSYoungGen: 70016K->1376K(70656K)] 426223K->357583K(668160K), 0.0023295 secs] [Times: user=0.01 sys=0.00, real=0.00 secs] 
663.662: [GC (Allocation Failure) [PSYoungGen: 69984K->1904K(70656K)] 426191K->358111K(668160K), 0.0016826 secs] [Times: user=0.01 sys=0.00, real=0.00 secs] 
664.008: [GC (Allocation Failure) [PSYoungGen: 70512K->1376K(70656K)] 426719K->357583K(668160K), 0.0016027 secs] [Times: user=0.01 sys=0.00, real=0.00 secs] 
664.587: [GC (Allocation Failure) [PSYoungGen: 69984K->1376K(70656K)] 426191K->357583K(668160K), 0.0025522 secs] [Times: user=0.00 sys=0.00, real=0.00 secs] 
665.172: [GC (Allocation Failure) [PSYoungGen: 69984K->1408K(70656K)] 426191K->357615K(668160K), 0.0024272 secs] [Times: user=0.01 sys=0.00, real=0.00 secs] 
666.359: [GC (Allocation Failure) [PSYoungGen: 70016K->1325K(70656K)] 426223K->357532K(668160K), 0.0014152 secs] [Times: user=0.01 sys=0.00, real=0.00 secs] 
667.376: [GC (Allocation Failure) [PSYoungGen: 69933K->1408K(70656K)] 426140K->357615K(668160K), 0.0040605 secs] [Times: user=0.02 sys=0.00, real=0.01 secs] 
668.593: [GC (Allocation Failure) [PSYoungGen: 70016K->1408K(70656K)] 426223K->357615K(668160K), 0.0039235 secs] [Times: user=0.02 sys=0.00, real=0.01 secs] 
669.848: [GC (Allocation Failure) [PSYoungGen: 70016K->1376K(70656K)] 426223K->357583K(668160K), 0.0054312 secs] [Times: user=0.03 sys=0.00, real=0.00 secs] 
670.588: [GC (Allocation Failure) [PSYoungGen: 69984K->1344K(70656K)] 426191K->357551K(668160K), 0.0025990 secs] [Times: user=0.01 sys=0.00, real=0.00 secs] 
671.973: [GC (Allocation Failure) [PSYoungGen: 69952K->1376K(70656K)] 426159K->357583K(668160K), 0.0022604 secs] [Times: user=0.01 sys=0.00, real=0.00 secs] 
672.617: [GC (Allocation Failure) [PSYoungGen: 69984K->1376K(70656K)] 426191K->357591K(668160K), 0.0037993 secs] [Times: user=0.02 sys=0.00, real=0.00 secs] 
673.160: [GC (Allocation Failure) [PSYoungGen: 69984K->1408K(70656K)] 426199K->357623K(668160K), 0.0019908 secs] [Times: user=0.01 sys=0.00, real=0.00 secs] 
673.786: [GC (Allocation Failure) [PSYoungGen: 70016K->1408K(70656K)] 426231K->357623K(668160K), 0.0020917 secs] [Times: user=0.01 sys=0.00, real=0.01 secs] 
675.096: [GC (Allocation Failure) [PSYoungGen: 70016K->1408K(70144K)] 426231K->357623K(667648K), 0.0020180 secs] [Times: user=0.01 sys=0.00, real=0.01 secs] 
675.386: [GC (Allocation Failure) [PSYoungGen: 70016K->1408K(70144K)] 426231K->357623K(667648K), 0.0023793 secs] [Times: user=0.01 sys=0.00, real=0.01 secs] 
675.724: [GC (Allocation Failure) [PSYoungGen: 70016K->1392K(70144K)] 426231K->357607K(667648K), 0.0023024 secs] [Times: user=0.01 sys=0.00, real=0.00 secs] 
676.250: [GC (Allocation Failure) [PSYoungGen: 70000K->1376K(70144K)] 426215K->357591K(667648K), 0.0027771 secs] [Times: user=0.01 sys=0.00, real=0.00 secs] 
677.836: [GC (Allocation Failure) [PSYoungGen: 69984K->1456K(70144K)] 426199K->357679K(667648K), 0.0018350 secs] [Times: user=0.01 sys=0.00, real=0.01 secs] 
678.920: [GC (Allocation Failure) [PSYoungGen: 70064K->1408K(70144K)] 426287K->357631K(667648K), 0.0017712 secs] [Times: user=0.00 sys=0.00, real=0.00 secs] 
679.829: [GC (Allocation Failure) [PSYoungGen: 70016K->1376K(70144K)] 426239K->357607K(667648K), 0.0019248 secs] [Times: user=0.00 sys=0.00, real=0.00 secs] 
680.521: [GC (Allocation Failure) [PSYoungGen: 69984K->1408K(70144K)] 426215K->357639K(667648K), 0.0020419 secs] [Times: user=0.01 sys=0.00, real=0.00 secs] 
681.575: [GC (Allocation Failure) [PSYoungGen: 70016K->1440K(70144K)] 426247K->357679K(667648K), 0.0016580 secs] [Times: user=0.01 sys=0.00, real=0.01 secs] 
681.859: [GC (Allocation Failure) [PSYoungGen: 70048K->1440K(70144K)] 426287K->357695K(667648K), 0.0015705 secs] [Times: user=0.00 sys=0.00, real=0.00 secs] 
682.229: [GC (Allocation Failure) [PSYoungGen: 70048K->1408K(70144K)] 426303K->357663K(667648K), 0.0017399 secs] [Times: user=0.01 sys=0.00, real=0.00 secs] 
682.719: [GC (Allocation Failure) [PSYoungGen: 70016K->1440K(70144K)] 426271K->357695K(667648K), 0.0022211 secs] [Times: user=0.01 sys=0.00, real=0.00 secs] 
683.898: [GC (Allocation Failure) [PSYoungGen: 70048K->1456K(70144K)] 426303K->357711K(667648K), 0.0017998 secs] [Times: user=0.01 sys=0.00, real=0.00 secs] 
684.328: [GC (Allocation Failure) [PSYoungGen: 70064K->1376K(70144K)] 426319K->357631K(667648K), 0.0023601 secs] [Times: user=0.01 sys=0.00, real=0.00 secs] 
684.817: [GC (Allocation Failure) [PSYoungGen: 69984K->1376K(70144K)] 426239K->357631K(667648K), 0.0041026 secs] [Times: user=0.01 sys=0.00, real=0.00 secs] 
685.390: [GC (Allocation Failure) [PSYoungGen: 69984K->1376K(70144K)] 426239K->357647K(667648K), 0.0023579 secs] [Times: user=0.01 sys=0.00, real=0.00 secs] 
686.746: [GC (Allocation Failure) [PSYoungGen: 69984K->1408K(70144K)] 426255K->357687K(667648K), 0.0021591 secs] [Times: user=0.01 sys=0.00, real=0.01 secs] 
687.435: [GC (Allocation Failure) [PSYoungGen: 70016K->1376K(70144K)] 426295K->357655K(667648K), 0.0035875 secs] [Times: user=0.02 sys=0.00, real=0.01 secs] 
688.012: [GC (Allocation Failure) [PSYoungGen: 69984K->1440K(70144K)] 426263K->357719K(667648K), 0.0031050 secs] [Times: user=0.01 sys=0.00, real=0.00 secs] 
688.629: [GC (Allocation Failure) [PSYoungGen: 70048K->1328K(70144K)] 426327K->357615K(667648K), 0.0031009 secs] [Times: user=0.01 sys=0.00, real=0.00 secs] 
690.057: [GC (Allocation Failure) [PSYoungGen: 69936K->1376K(70144K)] 426223K->357663K(667648K), 0.0018844 secs] [Times: user=0.01 sys=0.00, real=0.00 secs] 
690.348: [GC (Allocation Failure) [PSYoungGen: 69984K->1408K(70144K)] 426271K->357711K(667648K), 0.0020012 secs] [Times: user=0.01 sys=0.00, real=0.00 secs] 
690.633: [GC (Allocation Failure) [PSYoungGen: 70016K->1408K(70144K)] 426319K->357711K(667648K), 0.0019837 secs] [Times: user=0.01 sys=0.00, real=0.00 secs] 
690.923: [GC (Allocation Failure) [PSYoungGen: 70016K->1376K(70144K)] 426319K->357687K(667648K), 0.0019547 secs] [Times: user=0.00 sys=0.00, real=0.00 secs] 
692.092: [GC (Allocation Failure) [PSYoungGen: 69984K->1504K(70144K)] 426295K->357823K(667648K), 0.0017139 secs] [Times: user=0.01 sys=0.00, real=0.00 secs] 
692.397: [GC (Allocation Failure) [PSYoungGen: 70112K->1392K(70144K)] 426431K->357711K(667648K), 0.0017756 secs] [Times: user=0.01 sys=0.00, real=0.00 secs] 
692.889: [GC (Allocation Failure) [PSYoungGen: 70000K->1376K(70144K)] 426319K->357695K(667648K), 0.0018867 secs] [Times: user=0.01 sys=0.00, real=0.00 secs] 
693.401: [GC (Allocation Failure) [PSYoungGen: 69984K->1344K(70144K)] 426303K->357663K(667648K), 0.0021394 secs] [Times: user=0.01 sys=0.00, real=0.00 secs] 
693.945: [GC (Allocation Failure) [PSYoungGen: 69952K->1408K(70144K)] 426271K->357727K(667648K), 0.0035500 secs] [Times: user=0.02 sys=0.00, real=0.01 secs] 
695.647: [GC (Allocation Failure) [PSYoungGen: 70016K->1408K(70144K)] 426335K->357727K(667648K), 0.0023112 secs] [Times: user=0.01 sys=0.00, real=0.00 secs] 
696.478: [GC (Allocation Failure) [PSYoungGen: 70016K->1408K(70144K)] 426335K->357727K(667648K), 0.0027965 secs] [Times: user=0.01 sys=0.00, real=0.00 secs] 
697.340: [GC (Allocation Failure) [PSYoungGen: 70016K->1408K(70144K)] 426335K->357735K(667648K), 0.0025714 secs] [Times: user=0.02 sys=0.00, real=0.00 secs] 
697.942: [GC (Allocation Failure) [PSYoungGen: 70016K->1408K(70144K)] 426343K->357735K(667648K), 0.0020169 secs] [Times: user=0.01 sys=0.00, real=0.00 secs] 
699.403: [GC (Allocation Failure) [PSYoungGen: 70016K->1408K(70144K)] 426343K->357735K(667648K), 0.0022738 secs] [Times: user=0.01 sys=0.00, real=0.00 secs] 
700.270: [GC (Allocation Failure) [PSYoungGen: 70016K->1408K(70144K)] 426343K->357735K(667648K), 0.0024560 secs] [Times: user=0.01 sys=0.00, real=0.00 secs] 
700.966: [GC (Allocation Failure) [PSYoungGen: 70016K->1440K(70144K)] 426343K->357783K(667648K), 0.0031425 secs] [Times: user=0.01 sys=0.00, real=0.01 secs] 
701.719: [GC (Allocation Failure) [PSYoungGen: 70048K->1408K(70144K)] 426391K->357751K(667648K), 0.0032197 secs] [Times: user=0.01 sys=0.00, real=0.00 secs] 
702.831: [GC (Allocation Failure) [PSYoungGen: 70016K->1440K(70144K)] 426359K->357791K(667648K), 0.0017644 secs] [Times: user=0.00 sys=0.01, real=0.00 secs] 
703.116: [GC (Allocation Failure) [PSYoungGen: 70048K->1408K(70144K)] 426399K->357759K(667648K), 0.0018947 secs] [Times: user=0.01 sys=0.00, real=0.01 secs] 
703.400: [GC (Allocation Failure) [PSYoungGen: 70016K->1376K(70144K)] 426367K->357727K(667648K), 0.0017728 secs] [Times: user=0.01 sys=0.00, real=0.00 secs] 
703.717: [GC (Allocation Failure) [PSYoungGen: 69984K->1344K(70144K)] 426335K->357695K(667648K), 0.0018717 secs] [Times: user=0.00 sys=0.00, real=0.00 secs] 
704.865: [GC (Allocation Failure) [PSYoungGen: 69952K->1376K(70144K)] 426303K->357735K(667648K), 0.0018735 secs] [Times: user=0.01 sys=0.00, real=0.01 secs] 
705.476: [GC (Allocation Failure) [PSYoungGen: 69984K->1376K(70144K)] 426343K->357735K(667648K), 0.0024459 secs] [Times: user=0.01 sys=0.00, real=0.01 secs] 
705.911: [GC (Allocation Failure) [PSYoungGen: 69984K->1376K(70144K)] 426343K->357735K(667648K), 0.0024502 secs] [Times: user=0.01 sys=0.00, real=0.00 secs] 
706.204: [GC (Allocation Failure) [PSYoungGen: 69984K->1376K(70144K)] 426343K->357743K(667648K), 0.0020236 secs] [Times: user=0.01 sys=0.00, real=0.00 secs] 
707.183: [GC (Allocation Failure) [PSYoungGen: 69984K->1440K(70144K)] 426351K->357807K(667648K), 0.0018989 secs] [Times: user=0.01 sys=0.00, real=0.00 secs] 
707.469: [GC (Allocation Failure) [PSYoungGen: 70048K->1408K(70144K)] 426415K->357775K(667648K), 0.0022123 secs] [Times: user=0.01 sys=0.00, real=0.00 secs] 
707.917: [GC (Allocation Failure) [PSYoungGen: 70016K->1408K(70144K)] 426383K->357775K(667648K), 0.0025663 secs] [Times: user=0.02 sys=0.00, real=0.00 secs] 
708.473: [GC (Allocation Failure) [PSYoungGen: 70016K->1376K(70144K)] 426383K->357743K(667648K), 0.0031657 secs] [Times: user=0.01 sys=0.00, real=0.00 secs] 
709.747: [GC (Allocation Failure) [PSYoungGen: 69984K->1376K(70144K)] 426351K->357751K(667648K), 0.0018820 secs] [Times: user=0.01 sys=0.00, real=0.00 secs] 
710.034: [GC (Allocation Failure) [PSYoungGen: 69984K->1360K(70144K)] 426359K->357735K(667648K), 0.0019652 secs] [Times: user=0.01 sys=0.00, real=0.00 secs] 
710.382: [GC (Allocation Failure) [PSYoungGen: 69968K->1344K(70144K)] 426343K->357719K(667648K), 0.0019375 secs] [Times: user=0.01 sys=0.00, real=0.00 secs] 
710.672: [GC (Allocation Failure) [PSYoungGen: 69952K->1312K(70144K)] 426327K->357695K(667648K), 0.0020205 secs] [Times: user=0.01 sys=0.00, real=0.00 secs] 
711.769: [GC (Allocation Failure) [PSYoungGen: 69920K->1408K(70144K)] 426303K->357791K(667648K), 0.0019245 secs] [Times: user=0.01 sys=0.00, real=0.00 secs] 
712.054: [GC (Allocation Failure) [PSYoungGen: 70016K->1344K(70144K)] 426399K->357727K(667648K), 0.0020885 secs] [Times: user=0.01 sys=0.00, real=0.00 secs] 
712.441: [GC (Allocation Failure) [PSYoungGen: 69952K->1408K(70144K)] 426335K->357791K(667648K), 0.0020227 secs] [Times: user=0.01 sys=0.00, real=0.00 secs] 
712.965: [GC (Allocation Failure) [PSYoungGen: 70016K->1408K(70144K)] 426399K->357799K(667648K), 0.0027415 secs] [Times: user=0.01 sys=0.00, real=0.01 secs] 
714.181: [GC (Allocation Failure) [PSYoungGen: 70016K->1408K(70144K)] 426407K->357799K(667648K), 0.0017901 secs] [Times: user=0.00 sys=0.00, real=0.00 secs] 
715.108: [GC (Allocation Failure) [PSYoungGen: 70016K->1408K(70144K)] 426407K->357799K(667648K), 0.0038932 secs] [Times: user=0.02 sys=0.01, real=0.00 secs] 
716.132: [GC (Allocation Failure) [PSYoungGen: 70016K->1408K(70144K)] 426407K->357799K(667648K), 0.0040345 secs] [Times: user=0.01 sys=0.00, real=0.00 secs] 
716.721: [GC (Allocation Failure) [PSYoungGen: 70016K->1376K(70144K)] 426407K->357775K(667648K), 0.0022812 secs] [Times: user=0.01 sys=0.00, real=0.00 secs] 
718.008: [GC (Allocation Failure) [PSYoungGen: 69984K->1504K(70144K)] 426383K->357903K(667648K), 0.0018688 secs] [Times: user=0.00 sys=0.00, real=0.00 secs] 
718.711: [GC (Allocation Failure) [PSYoungGen: 70112K->1440K(70144K)] 426511K->357839K(667648K), 0.0032492 secs] [Times: user=0.01 sys=0.00, real=0.00 secs] 
719.357: [GC (Allocation Failure) [PSYoungGen: 70048K->1408K(70144K)] 426447K->357807K(667648K), 0.0022432 secs] [Times: user=0.01 sys=0.00, real=0.00 secs] 
719.965: [GC (Allocation Failure) [PSYoungGen: 70016K->1344K(70144K)] 426415K->357759K(667648K), 0.0032620 secs] [Times: user=0.01 sys=0.00, real=0.01 secs] 
720.479: [GC (Allocation Failure) [PSYoungGen: 69952K->1408K(70144K)] 426367K->357823K(667648K), 0.0023897 secs] [Times: user=0.01 sys=0.00, real=0.00 secs] 
721.885: [GC (Allocation Failure) [PSYoungGen: 70016K->1408K(70144K)] 426431K->357823K(667648K), 0.0031517 secs] [Times: user=0.01 sys=0.00, real=0.01 secs] 
722.400: [GC (Allocation Failure) [PSYoungGen: 70016K->1344K(70144K)] 426431K->357759K(667648K), 0.0020255 secs] [Times: user=0.00 sys=0.00, real=0.00 secs] 
722.684: [GC (Allocation Failure) [PSYoungGen: 69952K->1344K(70144K)] 426367K->357759K(667648K), 0.0021615 secs] [Times: user=0.01 sys=0.00, real=0.01 secs] 
722.970: [GC (Allocation Failure) [PSYoungGen: 69952K->1408K(70144K)] 426367K->357823K(667648K), 0.0019209 secs] [Times: user=0.00 sys=0.00, real=0.00 secs] 
725.283: [GC (Allocation Failure) [PSYoungGen: 70016K->1488K(70144K)] 426431K->357911K(667648K), 0.0042283 secs] [Times: user=0.02 sys=0.00, real=0.01 secs] 
726.008: [GC (Allocation Failure) [PSYoungGen: 70096K->1408K(70144K)] 426519K->357831K(667648K), 0.0023573 secs] [Times: user=0.00 sys=0.01, real=0.00 secs] 
726.486: [GC (Allocation Failure) [PSYoungGen: 70016K->1408K(70144K)] 426439K->357831K(667648K), 0.0020607 secs] [Times: user=0.00 sys=0.00, real=0.01 secs] 
726.875: [GC (Allocation Failure) [PSYoungGen: 70016K->1440K(70144K)] 426439K->357863K(667648K), 0.0020424 secs] [Times: user=0.01 sys=0.00, real=0.01 secs] 
728.704: [GC (Allocation Failure) [PSYoungGen: 70048K->1472K(70144K)] 426471K->357895K(667648K), 0.0043927 secs] [Times: user=0.02 sys=0.00, real=0.01 secs] 
729.188: [GC (Allocation Failure) [PSYoungGen: 70080K->1408K(70144K)] 426503K->357831K(667648K), 0.0021240 secs] [Times: user=0.01 sys=0.00, real=0.00 secs] 
729.473: [GC (Allocation Failure) [PSYoungGen: 70016K->1360K(70144K)] 426439K->357783K(667648K), 0.0019894 secs] [Times: user=0.01 sys=0.00, real=0.00 secs] 
729.801: [GC (Allocation Failure) [PSYoungGen: 69968K->1376K(70144K)] 426391K->357799K(667648K), 0.0032202 secs] [Times: user=0.01 sys=0.00, real=0.00 secs] 
731.508: [GC (Allocation Failure) [PSYoungGen: 69984K->1408K(70144K)] 426407K->357839K(667648K), 0.0023133 secs] [Times: user=0.01 sys=0.00, real=0.00 secs] 
732.004: [GC (Allocation Failure) [PSYoungGen: 70016K->1376K(70144K)] 426447K->357823K(667648K), 0.0028688 secs] [Times: user=0.01 sys=0.00, real=0.01 secs] 
732.503: [GC (Allocation Failure) [PSYoungGen: 69984K->1440K(70144K)] 426431K->357887K(667648K), 0.0024341 secs] [Times: user=0.01 sys=0.00, real=0.00 secs] 
733.016: [GC (Allocation Failure) [PSYoungGen: 70048K->1440K(70144K)] 426495K->357895K(667648K), 0.0035410 secs] [Times: user=0.02 sys=0.01, real=0.01 secs] 
734.252: [GC (Allocation Failure) [PSYoungGen: 70048K->1408K(70144K)] 426503K->357863K(667648K), 0.0016988 secs] [Times: user=0.00 sys=0.00, real=0.00 secs] 
734.536: [GC (Allocation Failure) [PSYoungGen: 70016K->1472K(70144K)] 426471K->357927K(667648K), 0.0017331 secs] [Times: user=0.01 sys=0.00, real=0.01 secs] 
734.837: [GC (Allocation Failure) [PSYoungGen: 70080K->1360K(70144K)] 426535K->357815K(667648K), 0.0030581 secs] [Times: user=0.01 sys=0.00, real=0.00 secs] 
735.136: [GC (Allocation Failure) [PSYoungGen: 69968K->1376K(70144K)] 426423K->357855K(667648K), 0.0022568 secs] [Times: user=0.01 sys=0.00, real=0.01 secs] 
736.845: [GC (Allocation Failure) [PSYoungGen: 69984K->1408K(70144K)] 426463K->357895K(667648K), 0.0020422 secs] [Times: user=0.01 sys=0.00, real=0.01 secs] 
737.150: [GC (Allocation Failure) [PSYoungGen: 70016K->1376K(70144K)] 426503K->357863K(667648K), 0.0020638 secs] [Times: user=0.01 sys=0.00, real=0.00 secs] 
737.478: [GC (Allocation Failure) [PSYoungGen: 69984K->1344K(70144K)] 426471K->357831K(667648K), 0.0019898 secs] [Times: user=0.01 sys=0.00, real=0.00 secs] 
737.763: [GC (Allocation Failure) [PSYoungGen: 69952K->1360K(70144K)] 426439K->357847K(667648K), 0.0019660 secs] [Times: user=0.01 sys=0.00, real=0.00 secs] 
739.348: [GC (Allocation Failure) [PSYoungGen: 69968K->1440K(70144K)] 426455K->357927K(667648K), 0.0035656 secs] [Times: user=0.01 sys=0.00, real=0.00 secs] 
740.861: [GC (Allocation Failure) [PSYoungGen: 70048K->1376K(70144K)] 426535K->357879K(667648K), 0.0033950 secs] [Times: user=0.01 sys=0.00, real=0.00 secs] 
742.181: [GC (Allocation Failure) [PSYoungGen: 69984K->1408K(70144K)] 426487K->357911K(667648K), 0.0033144 secs] [Times: user=0.02 sys=0.00, real=0.00 secs] 
743.056: [GC (Allocation Failure) [PSYoungGen: 70016K->1408K(70144K)] 426519K->357919K(667648K), 0.0029548 secs] [Times: user=0.01 sys=0.00, real=0.01 secs] 
744.366: [GC (Allocation Failure) [PSYoungGen: 70016K->896K(70144K)] 426527K->358431K(667648K), 0.0017715 secs] [Times: user=0.00 sys=0.00, real=0.01 secs] 
744.695: [GC (Allocation Failure) [PSYoungGen: 69504K->384K(70656K)] 427039K->357927K(668160K), 0.0019445 secs] [Times: user=0.01 sys=0.00, real=0.01 secs] 
745.015: [GC (Allocation Failure) [PSYoungGen: 68992K->352K(70656K)] 426535K->357895K(668160K), 0.0020073 secs] [Times: user=0.01 sys=0.00, real=0.01 secs] 
745.302: [GC (Allocation Failure) [PSYoungGen: 68960K->352K(70656K)] 426503K->357903K(668160K), 0.0019569 secs] [Times: user=0.00 sys=0.00, real=0.00 secs] 
746.361: [GC (Allocation Failure) [PSYoungGen: 68960K->1456K(70656K)] 426511K->359007K(668160K), 0.0018129 secs] [Times: user=0.00 sys=0.00, real=0.00 secs] 
748.313: [GC (Allocation Failure) [PSYoungGen: 70064K->1376K(70656K)] 427615K->358927K(668160K), 0.0030690 secs] [Times: user=0.01 sys=0.00, real=0.00 secs] 
749.214: [GC (Allocation Failure) [PSYoungGen: 69984K->1408K(70656K)] 427535K->358959K(668160K), 0.0027028 secs] [Times: user=0.01 sys=0.00, real=0.01 secs] 
750.191: [GC (Allocation Failure) [PSYoungGen: 70016K->1376K(70656K)] 427567K->358943K(668160K), 0.0040639 secs] [Times: user=0.01 sys=0.00, real=0.00 secs] 
751.048: [GC (Allocation Failure) [PSYoungGen: 69984K->1376K(70656K)] 427551K->358943K(668160K), 0.0034491 secs] [Times: user=0.01 sys=0.00, real=0.00 secs] 
752.680: [GC (Allocation Failure) [PSYoungGen: 69984K->1408K(70656K)] 427551K->358975K(668160K), 0.0024244 secs] [Times: user=0.01 sys=0.00, real=0.00 secs] 
753.382: [GC (Allocation Failure) [PSYoungGen: 70016K->1360K(70656K)] 427583K->358927K(668160K), 0.0019090 secs] [Times: user=0.01 sys=0.00, real=0.00 secs] 
754.500: [GC (Allocation Failure) [PSYoungGen: 69968K->1344K(70656K)] 427535K->358911K(668160K), 0.0017332 secs] [Times: user=0.01 sys=0.00, real=0.00 secs] 
754.785: [GC (Allocation Failure) [PSYoungGen: 69952K->1344K(70656K)] 427519K->358919K(668160K), 0.0016719 secs] [Times: user=0.01 sys=0.00, real=0.00 secs] 
755.169: [GC (Allocation Failure) [PSYoungGen: 69952K->1312K(70656K)] 427527K->358887K(668160K), 0.0016793 secs] [Times: user=0.00 sys=0.00, real=0.00 secs] 
755.682: [GC (Allocation Failure) [PSYoungGen: 69920K->1344K(70656K)] 427495K->358919K(668160K), 0.0019968 secs] [Times: user=0.01 sys=0.00, real=0.00 secs] 
756.868: [GC (Allocation Failure) [PSYoungGen: 69952K->1520K(70656K)] 427527K->359095K(668160K), 0.0019110 secs] [Times: user=0.01 sys=0.00, real=0.00 secs] 
757.518: [GC (Allocation Failure) [PSYoungGen: 70128K->1360K(70656K)] 427703K->358935K(668160K), 0.0021067 secs] [Times: user=0.01 sys=0.00, real=0.00 secs] 
758.545: [GC (Allocation Failure) [PSYoungGen: 69968K->1344K(70656K)] 427543K->358919K(668160K), 0.0033717 secs] [Times: user=0.02 sys=0.00, real=0.01 secs] 
759.256: [GC (Allocation Failure) [PSYoungGen: 69952K->1376K(70656K)] 427527K->358951K(668160K), 0.0030063 secs] [Times: user=0.02 sys=0.00, real=0.01 secs] 
759.837: [GC (Allocation Failure) [PSYoungGen: 69984K->1376K(70656K)] 427559K->358959K(668160K), 0.0028594 secs] [Times: user=0.02 sys=0.00, real=0.00 secs] 
760.871: [GC (Allocation Failure) [PSYoungGen: 69984K->1408K(70656K)] 427567K->358991K(668160K), 0.0016998 secs] [Times: user=0.01 sys=0.00, real=0.00 secs] 
761.280: [GC (Allocation Failure) [PSYoungGen: 70016K->1360K(70656K)] 427599K->358943K(668160K), 0.0017764 secs] [Times: user=0.01 sys=0.00, real=0.00 secs] 
761.815: [GC (Allocation Failure) [PSYoungGen: 69968K->1344K(70656K)] 427551K->358943K(668160K), 0.0030839 secs] [Times: user=0.01 sys=0.00, real=0.01 secs] 
762.349: [GC (Allocation Failure) [PSYoungGen: 69952K->1376K(70656K)] 427551K->358975K(668160K), 0.0022944 secs] [Times: user=0.01 sys=0.00, real=0.00 secs] 
763.478: [GC (Allocation Failure) [PSYoungGen: 69984K->1376K(70656K)] 427583K->358983K(668160K), 0.0019211 secs] [Times: user=0.01 sys=0.00, real=0.00 secs] 
764.026: [GC (Allocation Failure) [PSYoungGen: 69984K->1408K(70656K)] 427591K->359015K(668160K), 0.0019137 secs] [Times: user=0.01 sys=0.00, real=0.01 secs] 
764.561: [GC (Allocation Failure) [PSYoungGen: 70016K->1408K(70656K)] 427623K->359023K(668160K), 0.0026042 secs] [Times: user=0.01 sys=0.00, real=0.00 secs] 
765.078: [GC (Allocation Failure) [PSYoungGen: 70016K->1408K(70656K)] 427631K->359023K(668160K), 0.0028092 secs] [Times: user=0.01 sys=0.00, real=0.00 secs] 
766.452: [GC (Allocation Failure) [PSYoungGen: 70016K->1408K(70656K)] 427631K->359023K(668160K), 0.0031322 secs] [Times: user=0.01 sys=0.00, real=0.00 secs] 
766.980: [GC (Allocation Failure) [PSYoungGen: 70016K->1376K(70656K)] 427631K->358991K(668160K), 0.0028271 secs] [Times: user=0.01 sys=0.00, real=0.00 secs] 
767.617: [GC (Allocation Failure) [PSYoungGen: 69984K->1376K(70656K)] 427599K->358991K(668160K), 0.0024959 secs] [Times: user=0.01 sys=0.00, real=0.00 secs] 
768.442: [GC (Allocation Failure) [PSYoungGen: 69984K->1344K(70656K)] 427599K->358959K(668160K), 0.0037002 secs] [Times: user=0.02 sys=0.00, real=0.00 secs] 
770.096: [GC (Allocation Failure) [PSYoungGen: 69952K->1408K(70656K)] 427567K->359023K(668160K), 0.0022950 secs] [Times: user=0.01 sys=0.00, real=0.01 secs] 
770.983: [GC (Allocation Failure) [PSYoungGen: 70016K->1376K(70144K)] 427631K->358991K(667648K), 0.0026097 secs] [Times: user=0.01 sys=0.00, real=0.00 secs] 
771.669: [GC (Allocation Failure) [PSYoungGen: 69984K->1408K(70144K)] 427599K->359031K(667648K), 0.0034146 secs] [Times: user=0.01 sys=0.00, real=0.00 secs] 
772.362: [GC (Allocation Failure) [PSYoungGen: 70016K->320K(69632K)] 427639K->358967K(667136K), 0.0027733 secs] [Times: user=0.01 sys=0.00, real=0.00 secs] 
774.078: [GC (Allocation Failure) [PSYoungGen: 68928K->1376K(70656K)] 427575K->360023K(668160K), 0.0032673 secs] [Times: user=0.01 sys=0.00, real=0.00 secs] 
774.668: [GC (Allocation Failure) [PSYoungGen: 69984K->1408K(70656K)] 428631K->360055K(668160K), 0.0025835 secs] [Times: user=0.01 sys=0.00, real=0.00 secs] 
775.239: [GC (Allocation Failure) [PSYoungGen: 70016K->1408K(70656K)] 428663K->360055K(668160K), 0.0025995 secs] [Times: user=0.02 sys=0.00, real=0.00 secs] 
775.695: [GC (Allocation Failure) [PSYoungGen: 70016K->1408K(70656K)] 428663K->360055K(668160K), 0.0022459 secs] [Times: user=0.00 sys=0.01, real=0.01 secs] 
776.703: [GC (Allocation Failure) [PSYoungGen: 70016K->1440K(70656K)] 428663K->360087K(668160K), 0.0020822 secs] [Times: user=0.01 sys=0.00, real=0.00 secs] 
777.020: [GC (Allocation Failure) [PSYoungGen: 70048K->1360K(70656K)] 428695K->360007K(668160K), 0.0019281 secs] [Times: user=0.00 sys=0.00, real=0.00 secs] 
777.376: [GC (Allocation Failure) [PSYoungGen: 69968K->1408K(70656K)] 428615K->360055K(668160K), 0.0018450 secs] [Times: user=0.01 sys=0.00, real=0.01 secs] 
778.033: [GC (Allocation Failure) [PSYoungGen: 70016K->1376K(70656K)] 428663K->360023K(668160K), 0.0021158 secs] [Times: user=0.01 sys=0.00, real=0.00 secs] 
779.232: [GC (Allocation Failure) [PSYoungGen: 69984K->1408K(70656K)] 428631K->360055K(668160K), 0.0018112 secs] [Times: user=0.01 sys=0.00, real=0.00 secs] 
779.628: [GC (Allocation Failure) [PSYoungGen: 70016K->1376K(70656K)] 428663K->360023K(668160K), 0.0018544 secs] [Times: user=0.01 sys=0.00, real=0.00 secs] 
780.159: [GC (Allocation Failure) [PSYoungGen: 69984K->1344K(70656K)] 428631K->359991K(668160K), 0.0030754 secs] [Times: user=0.01 sys=0.00, real=0.00 secs] 
780.743: [GC (Allocation Failure) [PSYoungGen: 69952K->1408K(70656K)] 428599K->360063K(668160K), 0.0031730 secs] [Times: user=0.02 sys=0.00, real=0.01 secs] 
782.083: [GC (Allocation Failure) [PSYoungGen: 70016K->1888K(70656K)] 428671K->360543K(668160K), 0.0018018 secs] [Times: user=0.00 sys=0.00, real=0.00 secs] 
782.377: [GC (Allocation Failure) [PSYoungGen: 70496K->1344K(70656K)] 429151K->359999K(668160K), 0.0018490 secs] [Times: user=0.01 sys=0.00, real=0.01 secs] 
782.778: [GC (Allocation Failure) [PSYoungGen: 69952K->1376K(70656K)] 428607K->360031K(668160K), 0.0020422 secs] [Times: user=0.01 sys=0.00, real=0.00 secs] 
783.135: [GC (Allocation Failure) [PSYoungGen: 69984K->1408K(70656K)] 428639K->360063K(668160K), 0.0020601 secs] [Times: user=0.00 sys=0.00, real=0.01 secs] 
784.122: [GC (Allocation Failure) [PSYoungGen: 70016K->160K(70656K)] 428671K->358815K(668160K), 0.0015972 secs] [Times: user=0.01 sys=0.00, real=0.00 secs] 
784.465: [GC (Allocation Failure) [PSYoungGen: 68768K->1408K(70656K)] 427423K->360063K(668160K), 0.0017912 secs] [Times: user=0.01 sys=0.00, real=0.00 secs] 
784.758: [GC (Allocation Failure) [PSYoungGen: 70016K->1408K(70656K)] 428671K->360063K(668160K), 0.0019172 secs] [Times: user=0.00 sys=0.00, real=0.00 secs] 
785.215: [GC (Allocation Failure) [PSYoungGen: 70016K->1408K(70656K)] 428671K->360063K(668160K), 0.0028422 secs] [Times: user=0.01 sys=0.00, real=0.01 secs] 
785.797: [GC (Allocation Failure) [PSYoungGen: 70016K->1376K(70656K)] 428671K->360031K(668160K), 0.0025446 secs] [Times: user=0.01 sys=0.00, real=0.00 secs] 
786.882: [GC (Allocation Failure) [PSYoungGen: 69984K->1440K(70656K)] 428639K->360095K(668160K), 0.0018124 secs] [Times: user=0.01 sys=0.00, real=0.00 secs] 
787.450: [GC (Allocation Failure) [PSYoungGen: 70048K->1360K(70656K)] 428703K->360015K(668160K), 0.0018436 secs] [Times: user=0.00 sys=0.00, real=0.00 secs] 
788.028: [GC (Allocation Failure) [PSYoungGen: 69968K->1344K(70656K)] 428623K->359999K(668160K), 0.0018150 secs] [Times: user=0.01 sys=0.00, real=0.00 secs] 
788.581: [GC (Allocation Failure) [PSYoungGen: 69952K->1376K(70656K)] 428607K->360063K(668160K), 0.0018525 secs] [Times: user=0.01 sys=0.00, real=0.00 secs] 
789.782: [GC (Allocation Failure) [PSYoungGen: 69984K->1408K(70656K)] 428671K->360095K(668160K), 0.0018626 secs] [Times: user=0.01 sys=0.01, real=0.00 secs] 
790.393: [GC (Allocation Failure) [PSYoungGen: 70016K->1408K(70656K)] 428703K->360095K(668160K), 0.0021081 secs] [Times: user=0.00 sys=0.00, real=0.00 secs] 
791.201: [GC (Allocation Failure) [PSYoungGen: 70016K->1312K(70656K)] 428703K->360007K(668160K), 0.0022575 secs] [Times: user=0.00 sys=0.00, real=0.00 secs] 
792.275: [GC (Allocation Failure) [PSYoungGen: 69920K->1344K(70656K)] 428615K->360039K(668160K), 0.0039669 secs] [Times: user=0.02 sys=0.00, real=0.01 secs] 
794.179: [GC (Allocation Failure) [PSYoungGen: 69952K->1408K(70656K)] 428647K->360111K(668160K), 0.0021291 secs] [Times: user=0.01 sys=0.00, real=0.00 secs] 
795.154: [GC (Allocation Failure) [PSYoungGen: 70016K->1376K(70656K)] 428719K->360079K(668160K), 0.0026598 secs] [Times: user=0.01 sys=0.00, real=0.01 secs] 
795.867: [GC (Allocation Failure) [PSYoungGen: 69984K->1424K(70656K)] 428687K->360127K(668160K), 0.0026212 secs] [Times: user=0.01 sys=0.01, real=0.01 secs] 
796.940: [GC (Allocation Failure) [PSYoungGen: 70032K->1408K(70656K)] 428735K->360111K(668160K), 0.0040984 secs] [Times: user=0.02 sys=0.00, real=0.00 secs] 
798.719: [GC (Allocation Failure) [PSYoungGen: 70016K->1408K(70656K)] 428719K->360111K(668160K), 0.0017174 secs] [Times: user=0.01 sys=0.00, real=0.00 secs] 
799.648: [GC (Allocation Failure) [PSYoungGen: 70016K->1376K(70656K)] 428719K->360079K(668160K), 0.0023924 secs] [Times: user=0.01 sys=0.00, real=0.00 secs] 
799.957: [GC (Allocation Failure) [PSYoungGen: 69984K->1376K(70656K)] 428687K->360079K(668160K), 0.0020111 secs] [Times: user=0.01 sys=0.00, real=0.00 secs] 
800.242: [GC (Allocation Failure) [PSYoungGen: 69984K->1360K(70144K)] 428687K->360063K(667648K), 0.0026253 secs] [Times: user=0.01 sys=0.00, real=0.00 secs] 
801.561: [GC (Allocation Failure) [PSYoungGen: 69968K->1392K(70144K)] 428671K->360103K(667648K), 0.0021962 secs] [Times: user=0.01 sys=0.00, real=0.00 secs] 
802.337: [GC (Allocation Failure) [PSYoungGen: 70000K->1440K(70144K)] 428711K->360151K(667648K), 0.0027278 secs] [Times: user=0.01 sys=0.00, real=0.00 secs] 
802.969: [GC (Allocation Failure) [PSYoungGen: 70048K->1344K(70144K)] 428759K->360055K(667648K), 0.0060565 secs] [Times: user=0.03 sys=0.00, real=0.00 secs] 
803.596: [GC (Allocation Failure) [PSYoungGen: 69952K->1440K(70144K)] 428663K->360159K(667648K), 0.0026249 secs] [Times: user=0.02 sys=0.00, real=0.01 secs] 
805.462: [GC (Allocation Failure) [PSYoungGen: 70048K->1424K(70144K)] 428767K->360151K(667648K), 0.0043768 secs] [Times: user=0.02 sys=0.00, real=0.01 secs] 
806.626: [GC (Allocation Failure) [PSYoungGen: 70032K->1472K(70144K)] 428759K->360199K(667648K), 0.0035811 secs] [Times: user=0.01 sys=0.00, real=0.01 secs] 
807.445: [GC (Allocation Failure) [PSYoungGen: 70080K->1440K(70656K)] 428807K->360167K(668160K), 0.0043473 secs] [Times: user=0.01 sys=0.00, real=0.01 secs] 
808.442: [GC (Allocation Failure) [PSYoungGen: 70048K->1440K(70656K)] 428775K->360175K(668160K), 0.0043224 secs] [Times: user=0.02 sys=0.00, real=0.00 secs] 
809.776: [GC (Allocation Failure) [PSYoungGen: 70048K->1440K(70656K)] 428783K->360175K(668160K), 0.0022044 secs] [Times: user=0.01 sys=0.00, real=0.01 secs] 
810.118: [GC (Allocation Failure) [PSYoungGen: 70048K->1392K(70656K)] 428783K->360127K(668160K), 0.0017374 secs] [Times: user=0.00 sys=0.00, real=0.00 secs] 
810.428: [GC (Allocation Failure) [PSYoungGen: 70000K->1392K(70144K)] 428735K->360127K(667648K), 0.0018855 secs] [Times: user=0.01 sys=0.00, real=0.00 secs] 
810.779: [GC (Allocation Failure) [PSYoungGen: 70000K->1376K(70144K)] 428735K->360111K(667648K), 0.0021366 secs] [Times: user=0.01 sys=0.00, real=0.00 secs] 
812.005: [GC (Allocation Failure) [PSYoungGen: 69984K->672K(69632K)] 428719K->360447K(667136K), 0.0018322 secs] [Times: user=0.01 sys=0.00, real=0.01 secs] 
812.840: [GC (Allocation Failure) [PSYoungGen: 69280K->352K(70656K)] 429055K->360127K(668160K), 0.0021354 secs] [Times: user=0.01 sys=0.00, real=0.00 secs] 
813.623: [GC (Allocation Failure) [PSYoungGen: 68960K->384K(70656K)] 428735K->360159K(668160K), 0.0023071 secs] [Times: user=0.00 sys=0.01, real=0.00 secs] 
814.471: [GC (Allocation Failure) [PSYoungGen: 68992K->384K(70656K)] 428767K->360167K(668160K), 0.0041616 secs] [Times: user=0.02 sys=0.00, real=0.00 secs] 
815.238: [GC (Allocation Failure) [PSYoungGen: 68992K->320K(70656K)] 428775K->360103K(668160K), 0.0027645 secs] [Times: user=0.01 sys=0.00, real=0.00 secs] 
816.781: [GC (Allocation Failure) [PSYoungGen: 68928K->1344K(70656K)] 428711K->361127K(668160K), 0.0016798 secs] [Times: user=0.01 sys=0.00, real=0.00 secs] 
817.910: [GC (Allocation Failure) [PSYoungGen: 69952K->1376K(70656K)] 429735K->361159K(668160K), 0.0031904 secs] [Times: user=0.01 sys=0.00, real=0.00 secs] 
818.981: [GC (Allocation Failure) [PSYoungGen: 69984K->1376K(70656K)] 429767K->361175K(668160K), 0.0030587 secs] [Times: user=0.01 sys=0.00, real=0.00 secs] 
820.002: [GC (Allocation Failure) [PSYoungGen: 69984K->1344K(70656K)] 429783K->361143K(668160K), 0.0032995 secs] [Times: user=0.02 sys=0.00, real=0.00 secs] 
823.722: [GC (Allocation Failure) [PSYoungGen: 69952K->1408K(70656K)] 429751K->361215K(668160K), 0.0033068 secs] [Times: user=0.01 sys=0.00, real=0.00 secs] 
824.709: [GC (Allocation Failure) [PSYoungGen: 70016K->1408K(71168K)] 429823K->361215K(668672K), 0.0023034 secs] [Times: user=0.01 sys=0.00, real=0.00 secs] 
825.180: [GC (Allocation Failure) [PSYoungGen: 70016K->1344K(70144K)] 429823K->361159K(667648K), 0.0020618 secs] [Times: user=0.00 sys=0.00, real=0.00 secs] 
825.764: [GC (Allocation Failure) [PSYoungGen: 69952K->1408K(70656K)] 429767K->361223K(668160K), 0.0021498 secs] [Times: user=0.01 sys=0.00, real=0.00 secs] 
828.018: [GC (Allocation Failure) [PSYoungGen: 70016K->1408K(70656K)] 429831K->361231K(668160K), 0.0029583 secs] [Times: user=0.01 sys=0.00, real=0.00 secs] 
828.382: [GC (Allocation Failure) [PSYoungGen: 70016K->1408K(70656K)] 429839K->361231K(668160K), 0.0022791 secs] [Times: user=0.01 sys=0.00, real=0.00 secs] 
828.697: [GC (Allocation Failure) [PSYoungGen: 70016K->1408K(70656K)] 429839K->361231K(668160K), 0.0020297 secs] [Times: user=0.01 sys=0.00, real=0.01 secs] 
829.423: [GC (Allocation Failure) [PSYoungGen: 70016K->1408K(70656K)] 429839K->361231K(668160K), 0.0026070 secs] [Times: user=0.01 sys=0.00, real=0.00 secs] 
831.090: [GC (Allocation Failure) [PSYoungGen: 70016K->1440K(70656K)] 429839K->361263K(668160K), 0.0020146 secs] [Times: user=0.01 sys=0.00, real=0.00 secs] 
831.976: [GC (Allocation Failure) [PSYoungGen: 70048K->1408K(70656K)] 429871K->361231K(668160K), 0.0034444 secs] [Times: user=0.01 sys=0.00, real=0.01 secs] 
832.394: [GC (Allocation Failure) [PSYoungGen: 70016K->1408K(70656K)] 429839K->361231K(668160K), 0.0020105 secs] [Times: user=0.01 sys=0.00, real=0.00 secs] 
832.709: [GC (Allocation Failure) [PSYoungGen: 70016K->1344K(70656K)] 429839K->361167K(668160K), 0.0018529 secs] [Times: user=0.00 sys=0.00, real=0.00 secs] 
834.776: [GC (Allocation Failure) [PSYoungGen: 69952K->1456K(70656K)] 429775K->361279K(668160K), 0.0039621 secs] [Times: user=0.02 sys=0.00, real=0.01 secs] 
835.648: [GC (Allocation Failure) [PSYoungGen: 70064K->1408K(70656K)] 429887K->361231K(668160K), 0.0031143 secs] [Times: user=0.01 sys=0.00, real=0.00 secs] 
836.234: [GC (Allocation Failure) [PSYoungGen: 70016K->1408K(70656K)] 429839K->361239K(668160K), 0.0026863 secs] [Times: user=0.00 sys=0.01, real=0.01 secs] 
836.876: [GC (Allocation Failure) [PSYoungGen: 70016K->1408K(70656K)] 429847K->361247K(668160K), 0.0025852 secs] [Times: user=0.01 sys=0.00, real=0.01 secs] 
838.744: [GC (Allocation Failure) [PSYoungGen: 70016K->1408K(70656K)] 429855K->361255K(668160K), 0.0030280 secs] [Times: user=0.01 sys=0.00, real=0.01 secs] 
839.731: [GC (Allocation Failure) [PSYoungGen: 70016K->1440K(70656K)] 429863K->361287K(668160K), 0.0027941 secs] [Times: user=0.01 sys=0.00, real=0.00 secs] 
840.367: [GC (Allocation Failure) [PSYoungGen: 70048K->1440K(70656K)] 429895K->361287K(668160K), 0.0023877 secs] [Times: user=0.01 sys=0.00, real=0.00 secs] 
840.645: [GC (Allocation Failure) [PSYoungGen: 70048K->1424K(70656K)] 429895K->361279K(668160K), 0.0019166 secs] [Times: user=0.00 sys=0.00, real=0.01 secs] 
841.780: [GC (Allocation Failure) [PSYoungGen: 70032K->1408K(70656K)] 429887K->361263K(668160K), 0.0019790 secs] [Times: user=0.01 sys=0.00, real=0.00 secs] 
842.414: [GC (Allocation Failure) [PSYoungGen: 70016K->1408K(70656K)] 429871K->361263K(668160K), 0.0025526 secs] [Times: user=0.01 sys=0.00, real=0.00 secs] 
842.856: [GC (Allocation Failure) [PSYoungGen: 70016K->1408K(70656K)] 429871K->361263K(668160K), 0.0020284 secs] [Times: user=0.01 sys=0.00, real=0.01 secs] 
843.137: [GC (Allocation Failure) [PSYoungGen: 70016K->1408K(70656K)] 429871K->361279K(668160K), 0.0018935 secs] [Times: user=0.01 sys=0.01, real=0.00 secs] 
844.143: [GC (Allocation Failure) [PSYoungGen: 70016K->1696K(70656K)] 429887K->361567K(668160K), 0.0018739 secs] [Times: user=0.00 sys=0.00, real=0.00 secs] 
844.866: [GC (Allocation Failure) [PSYoungGen: 70304K->1424K(70656K)] 430175K->361295K(668160K), 0.0035827 secs] [Times: user=0.02 sys=0.00, real=0.01 secs] 
845.554: [GC (Allocation Failure) [PSYoungGen: 70032K->1408K(70656K)] 429903K->361279K(668160K), 0.0031349 secs] [Times: user=0.01 sys=0.01, real=0.01 secs] 
846.102: [GC (Allocation Failure) [PSYoungGen: 70016K->1344K(70656K)] 429887K->361215K(668160K), 0.0025653 secs] [Times: user=0.01 sys=0.00, real=0.00 secs] 
846.491: [GC (Allocation Failure) [PSYoungGen: 69952K->1440K(70656K)] 429823K->361311K(668160K), 0.0020328 secs] [Times: user=0.01 sys=0.00, real=0.00 secs] 
848.394: [GC (Allocation Failure) [PSYoungGen: 70048K->1440K(70656K)] 429919K->361311K(668160K), 0.0024049 secs] [Times: user=0.01 sys=0.00, real=0.00 secs] 
849.345: [GC (Allocation Failure) [PSYoungGen: 70048K->1408K(70656K)] 429919K->361279K(668160K), 0.0027735 secs] [Times: user=0.01 sys=0.00, real=0.01 secs] 
849.793: [GC (Allocation Failure) [PSYoungGen: 70016K->1376K(70656K)] 429887K->361255K(668160K), 0.0020719 secs] [Times: user=0.01 sys=0.00, real=0.00 secs] 
850.087: [GC (Allocation Failure) [PSYoungGen: 69984K->1408K(70656K)] 429863K->361303K(668160K), 0.0019698 secs] [Times: user=0.01 sys=0.00, real=0.00 secs] 
851.161: [GC (Allocation Failure) [PSYoungGen: 70016K->1440K(70656K)] 429911K->361343K(668160K), 0.0018242 secs] [Times: user=0.00 sys=0.00, real=0.00 secs] 
851.446: [GC (Allocation Failure) [PSYoungGen: 70048K->1408K(70656K)] 429951K->361311K(668160K), 0.0019678 secs] [Times: user=0.00 sys=0.00, real=0.01 secs] 
851.741: [GC (Allocation Failure) [PSYoungGen: 70016K->1376K(70656K)] 429919K->361279K(668160K), 0.0020116 secs] [Times: user=0.01 sys=0.00, real=0.00 secs] 
852.026: [GC (Allocation Failure) [PSYoungGen: 69984K->1408K(70656K)] 429887K->361319K(668160K), 0.0019661 secs] [Times: user=0.01 sys=0.01, real=0.01 secs] 
853.078: [GC (Allocation Failure) [PSYoungGen: 70016K->1360K(70144K)] 429927K->361271K(667648K), 0.0018840 secs] [Times: user=0.00 sys=0.01, real=0.00 secs] 
853.390: [GC (Allocation Failure) [PSYoungGen: 69968K->1408K(70144K)] 429879K->361319K(667648K), 0.0018809 secs] [Times: user=0.01 sys=0.00, real=0.00 secs] 
853.685: [GC (Allocation Failure) [PSYoungGen: 70016K->352K(69632K)] 429927K->361295K(667136K), 0.0026642 secs] [Times: user=0.01 sys=0.00, real=0.01 secs] 
853.988: [GC (Allocation Failure) [PSYoungGen: 68960K->352K(70656K)] 429903K->361295K(668160K), 0.0027347 secs] [Times: user=0.02 sys=0.00, real=0.00 secs] 
855.808: [GC (Allocation Failure) [PSYoungGen: 68960K->1376K(70656K)] 429903K->362327K(668160K), 0.0040593 secs] [Times: user=0.02 sys=0.01, real=0.00 secs] 
856.440: [GC (Allocation Failure) [PSYoungGen: 69984K->1376K(70656K)] 430935K->362327K(668160K), 0.0019336 secs] [Times: user=0.01 sys=0.00, real=0.00 secs] 
856.724: [GC (Allocation Failure) [PSYoungGen: 69984K->1440K(70656K)] 430935K->362391K(668160K), 0.0018497 secs] [Times: user=0.01 sys=0.00, real=0.00 secs] 
857.009: [GC (Allocation Failure) [PSYoungGen: 70048K->1344K(70656K)] 430999K->362295K(668160K), 0.0020480 secs] [Times: user=0.01 sys=0.00, real=0.00 secs] 
857.961: [GC (Allocation Failure) [PSYoungGen: 69952K->1424K(70656K)] 430903K->362383K(668160K), 0.0017388 secs] [Times: user=0.00 sys=0.00, real=0.00 secs] 
858.245: [GC (Allocation Failure) [PSYoungGen: 70032K->1408K(70656K)] 430991K->362383K(668160K), 0.0017845 secs] [Times: user=0.01 sys=0.00, real=0.01 secs] 
858.530: [GC (Allocation Failure) [PSYoungGen: 70016K->1376K(70656K)] 430991K->362351K(668160K), 0.0017807 secs] [Times: user=0.00 sys=0.00, real=0.00 secs] 
858.814: [GC (Allocation Failure) [PSYoungGen: 69984K->1376K(70656K)] 430959K->362359K(668160K), 0.0018165 secs] [Times: user=0.01 sys=0.00, real=0.00 secs] 
859.826: [GC (Allocation Failure) [PSYoungGen: 69984K->1408K(70656K)] 430967K->362391K(668160K), 0.0017366 secs] [Times: user=0.00 sys=0.00, real=0.01 secs] 
860.110: [GC (Allocation Failure) [PSYoungGen: 70016K->1376K(70656K)] 430999K->362359K(668160K), 0.0017032 secs] [Times: user=0.01 sys=0.00, real=0.00 secs] 
860.395: [GC (Allocation Failure) [PSYoungGen: 69984K->1344K(70656K)] 430967K->362327K(668160K), 0.0016344 secs] [Times: user=0.01 sys=0.00, real=0.00 secs] 
860.689: [GC (Allocation Failure) [PSYoungGen: 69952K->1344K(70656K)] 430935K->362327K(668160K), 0.0024633 secs] [Times: user=0.01 sys=0.00, real=0.00 secs] 
862.483: [GC (Allocation Failure) [PSYoungGen: 69952K->1440K(70656K)] 430935K->362423K(668160K), 0.0037517 secs] [Times: user=0.01 sys=0.00, real=0.01 secs] 
863.759: [GC (Allocation Failure) [PSYoungGen: 70048K->1376K(70656K)] 431031K->362359K(668160K), 0.0034868 secs] [Times: user=0.01 sys=0.00, real=0.00 secs] 
864.719: [GC (Allocation Failure) [PSYoungGen: 69984K->1376K(70656K)] 430967K->362359K(668160K), 0.0032190 secs] [Times: user=0.01 sys=0.00, real=0.00 secs] 
865.091: [GC (Allocation Failure) [PSYoungGen: 69984K->1360K(70656K)] 430967K->362351K(668160K), 0.0020525 secs] [Times: user=0.01 sys=0.00, real=0.00 secs] 
867.278: [GC (Allocation Failure) [PSYoungGen: 69968K->1408K(70656K)] 430959K->362399K(668160K), 0.0033038 secs] [Times: user=0.01 sys=0.00, real=0.00 secs] 
868.623: [GC (Allocation Failure) [PSYoungGen: 70016K->1376K(70656K)] 431007K->362367K(668160K), 0.0026444 secs] [Times: user=0.01 sys=0.00, real=0.00 secs] 
869.424: [GC (Allocation Failure) [PSYoungGen: 69984K->1424K(70656K)] 430975K->362415K(668160K), 0.0028457 secs] [Times: user=0.01 sys=0.00, real=0.00 secs] 
870.085: [GC (Allocation Failure) [PSYoungGen: 70032K->1408K(70656K)] 431023K->362399K(668160K), 0.0032753 secs] [Times: user=0.01 sys=0.00, real=0.01 secs] 
871.565: [GC (Allocation Failure) [PSYoungGen: 70016K->1600K(70656K)] 431007K->362591K(668160K), 0.0037722 secs] [Times: user=0.02 sys=0.00, real=0.01 secs] 
872.256: [GC (Allocation Failure) [PSYoungGen: 70208K->1376K(70656K)] 431199K->362367K(668160K), 0.0026396 secs] [Times: user=0.01 sys=0.00, real=0.01 secs] 
872.861: [GC (Allocation Failure) [PSYoungGen: 69984K->1408K(70656K)] 430975K->362399K(668160K), 0.0037630 secs] [Times: user=0.02 sys=0.00, real=0.00 secs] 
873.793: [GC (Allocation Failure) [PSYoungGen: 70016K->1344K(70656K)] 431007K->362343K(668160K), 0.0044890 secs] [Times: user=0.02 sys=0.00, real=0.01 secs] 
874.619: [GC (Allocation Failure) [PSYoungGen: 69952K->1344K(70656K)] 430951K->362343K(668160K), 0.0026225 secs] [Times: user=0.01 sys=0.00, real=0.00 secs] 
875.691: [GC (Allocation Failure) [PSYoungGen: 69952K->1376K(70656K)] 430951K->362375K(668160K), 0.0019211 secs] [Times: user=0.01 sys=0.00, real=0.00 secs] 
876.207: [GC (Allocation Failure) [PSYoungGen: 69984K->1376K(70656K)] 430983K->362375K(668160K), 0.0017739 secs] [Times: user=0.01 sys=0.00, real=0.00 secs] 
876.735: [GC (Allocation Failure) [PSYoungGen: 69984K->1440K(70656K)] 430983K->362439K(668160K), 0.0019959 secs] [Times: user=0.01 sys=0.00, real=0.01 secs] 
877.414: [GC (Allocation Failure) [PSYoungGen: 70048K->1408K(70656K)] 431047K->362407K(668160K), 0.0022161 secs] [Times: user=0.01 sys=0.00, real=0.01 secs] 
878.581: [GC (Allocation Failure) [PSYoungGen: 70016K->1408K(70144K)] 431015K->362407K(667648K), 0.0016879 secs] [Times: user=0.01 sys=0.00, real=0.00 secs] 
879.086: [GC (Allocation Failure) [PSYoungGen: 70016K->1376K(70144K)] 431015K->362375K(667648K), 0.0023561 secs] [Times: user=0.01 sys=0.00, real=0.01 secs] 
879.685: [GC (Allocation Failure) [PSYoungGen: 69984K->1408K(70144K)] 430983K->362423K(667648K), 0.0024437 secs] [Times: user=0.01 sys=0.00, real=0.01 secs] 
880.408: [GC (Allocation Failure) [PSYoungGen: 70016K->1424K(70144K)] 431031K->362439K(667648K), 0.0035262 secs] [Times: user=0.01 sys=0.00, real=0.00 secs] 
881.950: [GC (Allocation Failure) [PSYoungGen: 70032K->1408K(70144K)] 431047K->362423K(667648K), 0.0019816 secs] [Times: user=0.01 sys=0.00, real=0.00 secs] 
882.791: [GC (Allocation Failure) [PSYoungGen: 70016K->1408K(70144K)] 431031K->362431K(667648K), 0.0023296 secs] [Times: user=0.01 sys=0.00, real=0.00 secs] 
883.422: [GC (Allocation Failure) [PSYoungGen: 70016K->1408K(70144K)] 431039K->362431K(667648K), 0.0022299 secs] [Times: user=0.01 sys=0.00, real=0.00 secs] 
884.002: [GC (Allocation Failure) [PSYoungGen: 70016K->1376K(70144K)] 431039K->362399K(667648K), 0.0023010 secs] [Times: user=0.01 sys=0.00, real=0.00 secs] 
886.112: [GC (Allocation Failure) [PSYoungGen: 69984K->1440K(70144K)] 431007K->362463K(667648K), 0.0028749 secs] [Times: user=0.01 sys=0.00, real=0.00 secs] 
888.181: [GC (Allocation Failure) [PSYoungGen: 70048K->1440K(70144K)] 431071K->362463K(667648K), 0.0019950 secs] [Times: user=0.00 sys=0.00, real=0.00 secs] 
888.466: [GC (Allocation Failure) [PSYoungGen: 70048K->1344K(70144K)] 431071K->362367K(667648K), 0.0020187 secs] [Times: user=0.01 sys=0.00, real=0.01 secs] 
888.751: [GC (Allocation Failure) [PSYoungGen: 69952K->1376K(70144K)] 430975K->362399K(667648K), 0.0020844 secs] [Times: user=0.01 sys=0.00, real=0.00 secs] 
889.965: [GC (Allocation Failure) [PSYoungGen: 69984K->1440K(70144K)] 431007K->362463K(667648K), 0.0031442 secs] [Times: user=0.01 sys=0.00, real=0.01 secs] 
890.492: [GC (Allocation Failure) [PSYoungGen: 70048K->1376K(70144K)] 431071K->362399K(667648K), 0.0022915 secs] [Times: user=0.01 sys=0.00, real=0.00 secs] 
890.778: [GC (Allocation Failure) [PSYoungGen: 69984K->1408K(70144K)] 431007K->362431K(667648K), 0.0019984 secs] [Times: user=0.01 sys=0.00, real=0.00 secs] 
891.063: [GC (Allocation Failure) [PSYoungGen: 70016K->1440K(70144K)] 431039K->362463K(667648K), 0.0027195 secs] [Times: user=0.01 sys=0.00, real=0.00 secs] 
892.392: [GC (Allocation Failure) [PSYoungGen: 70048K->1440K(70144K)] 431071K->362463K(667648K), 0.0020720 secs] [Times: user=0.01 sys=0.00, real=0.00 secs] 
892.967: [GC (Allocation Failure) [PSYoungGen: 70048K->1408K(70144K)] 431071K->362455K(667648K), 0.0023259 secs] [Times: user=0.01 sys=0.00, real=0.00 secs] 
893.544: [GC (Allocation Failure) [PSYoungGen: 70016K->1376K(70144K)] 431063K->362423K(667648K), 0.0027190 secs] [Times: user=0.01 sys=0.00, real=0.01 secs] 
894.125: [GC (Allocation Failure) [PSYoungGen: 69984K->1376K(70144K)] 431031K->362423K(667648K), 0.0025368 secs] [Times: user=0.01 sys=0.00, real=0.01 secs] 
895.388: [GC (Allocation Failure) [PSYoungGen: 69984K->1408K(70144K)] 431031K->362455K(667648K), 0.0018600 secs] [Times: user=0.01 sys=0.00, real=0.00 secs] 
895.743: [GC (Allocation Failure) [PSYoungGen: 70016K->1376K(70144K)] 431063K->362423K(667648K), 0.0016409 secs] [Times: user=0.00 sys=0.00, real=0.00 secs] 
896.316: [GC (Allocation Failure) [PSYoungGen: 69984K->1392K(70144K)] 431031K->362439K(667648K), 0.0039166 secs] [Times: user=0.01 sys=0.00, real=0.01 secs] 
896.888: [GC (Allocation Failure) [PSYoungGen: 70000K->1360K(70144K)] 431047K->362407K(667648K), 0.0032571 secs] [Times: user=0.02 sys=0.00, real=0.00 secs] 
898.230: [GC (Allocation Failure) [PSYoungGen: 69968K->864K(70144K)] 431015K->362935K(667648K), 0.0017059 secs] [Times: user=0.01 sys=0.00, real=0.00 secs] 
898.540: [GC (Allocation Failure) [PSYoungGen: 69472K->320K(70656K)] 431543K->362391K(668160K), 0.0017716 secs] [Times: user=0.01 sys=0.00, real=0.00 secs] 
898.876: [GC (Allocation Failure) [PSYoungGen: 68928K->320K(70656K)] 430999K->362391K(668160K), 0.0019121 secs] [Times: user=0.01 sys=0.00, real=0.01 secs] 
899.165: [GC (Allocation Failure) [PSYoungGen: 68928K->352K(70656K)] 430999K->362447K(668160K), 0.0032856 secs] [Times: user=0.01 sys=0.01, real=0.01 secs] 
900.860: [GC (Allocation Failure) [PSYoungGen: 68960K->1440K(70656K)] 431055K->363535K(668160K), 0.0031907 secs] [Times: user=0.01 sys=0.00, real=0.00 secs] 
901.594: [GC (Allocation Failure) [PSYoungGen: 70048K->1360K(70656K)] 432143K->363455K(668160K), 0.0023104 secs] [Times: user=0.01 sys=0.00, real=0.00 secs] 
901.945: [GC (Allocation Failure) [PSYoungGen: 69968K->1376K(70656K)] 432063K->363471K(668160K), 0.0020664 secs] [Times: user=0.01 sys=0.00, real=0.01 secs] 
902.683: [GC (Allocation Failure) [PSYoungGen: 69984K->1376K(70656K)] 432079K->363471K(668160K), 0.0039626 secs] [Times: user=0.01 sys=0.00, real=0.01 secs] 
903.584: [GC (Allocation Failure) [PSYoungGen: 69984K->1360K(70656K)] 432079K->363455K(668160K), 0.0039633 secs] [Times: user=0.02 sys=0.00, real=0.01 secs] 
905.174: [GC (Allocation Failure) [PSYoungGen: 69968K->1440K(70656K)] 432063K->363535K(668160K), 0.0027962 secs] [Times: user=0.01 sys=0.00, real=0.00 secs] 
905.616: [GC (Allocation Failure) [PSYoungGen: 70048K->1376K(70656K)] 432143K->363471K(668160K), 0.0027795 secs] [Times: user=0.01 sys=0.00, real=0.01 secs] 
906.224: [GC (Allocation Failure) [PSYoungGen: 69984K->1424K(70656K)] 432079K->363519K(668160K), 0.0033724 secs] [Times: user=0.02 sys=0.01, real=0.01 secs] 
907.042: [GC (Allocation Failure) [PSYoungGen: 70032K->1408K(70656K)] 432127K->363503K(668160K), 0.0030238 secs] [Times: user=0.02 sys=0.00, real=0.00 secs] 
908.772: [GC (Allocation Failure) [PSYoungGen: 70016K->1440K(70656K)] 432111K->363535K(668160K), 0.0045831 secs] [Times: user=0.02 sys=0.00, real=0.00 secs] 
909.329: [GC (Allocation Failure) [PSYoungGen: 70048K->1344K(70656K)] 432143K->363439K(668160K), 0.0026581 secs] [Times: user=0.01 sys=0.00, real=0.00 secs] 
909.866: [GC (Allocation Failure) [PSYoungGen: 69952K->1344K(70656K)] 432047K->363439K(668160K), 0.0025870 secs] [Times: user=0.01 sys=0.00, real=0.01 secs] 
910.408: [GC (Allocation Failure) [PSYoungGen: 69952K->1376K(70656K)] 432047K->363471K(668160K), 0.0027588 secs] [Times: user=0.01 sys=0.00, real=0.00 secs] 
911.770: [GC (Allocation Failure) [PSYoungGen: 69984K->1440K(70656K)] 432079K->363535K(668160K), 0.0017822 secs] [Times: user=0.00 sys=0.00, real=0.00 secs] 
912.194: [GC (Allocation Failure) [PSYoungGen: 70048K->1344K(70656K)] 432143K->363439K(668160K), 0.0021161 secs] [Times: user=0.01 sys=0.00, real=0.00 secs] 
912.479: [GC (Allocation Failure) [PSYoungGen: 69952K->1376K(70656K)] 432047K->363479K(668160K), 0.0022557 secs] [Times: user=0.01 sys=0.00, real=0.00 secs] 
912.764: [GC (Allocation Failure) [PSYoungGen: 69984K->1376K(70656K)] 432087K->363479K(668160K), 0.0020227 secs] [Times: user=0.01 sys=0.00, real=0.00 secs] 
914.173: [GC (Allocation Failure) [PSYoungGen: 69984K->1408K(70656K)] 432087K->363511K(668160K), 0.0028352 secs] [Times: user=0.01 sys=0.00, real=0.00 secs] 
914.590: [GC (Allocation Failure) [PSYoungGen: 70016K->1360K(70656K)] 432119K->363463K(668160K), 0.0020449 secs] [Times: user=0.01 sys=0.00, real=0.00 secs] 
915.145: [GC (Allocation Failure) [PSYoungGen: 69968K->1376K(70656K)] 432071K->363479K(668160K), 0.0027023 secs] [Times: user=0.01 sys=0.00, real=0.01 secs] 
915.871: [GC (Allocation Failure) [PSYoungGen: 69984K->1408K(70656K)] 432087K->363511K(668160K), 0.0023896 secs] [Times: user=0.01 sys=0.00, real=0.00 secs] 
918.506: [GC (Allocation Failure) [PSYoungGen: 70016K->1440K(70656K)] 432119K->363543K(668160K), 0.0028775 secs] [Times: user=0.01 sys=0.00, real=0.01 secs] 
919.288: [GC (Allocation Failure) [PSYoungGen: 70048K->1344K(70656K)] 432151K->363447K(668160K), 0.0022738 secs] [Times: user=0.01 sys=0.00, real=0.00 secs] 
919.886: [GC (Allocation Failure) [PSYoungGen: 69952K->1344K(70656K)] 432055K->363447K(668160K), 0.0023178 secs] [Times: user=0.01 sys=0.00, real=0.01 secs] 
920.370: [GC (Allocation Failure) [PSYoungGen: 69952K->1408K(70656K)] 432055K->363511K(668160K), 0.0020067 secs] [Times: user=0.01 sys=0.00, real=0.00 secs] 
921.616: [GC (Allocation Failure) [PSYoungGen: 70016K->1376K(70656K)] 432119K->363479K(668160K), 0.0020142 secs] [Times: user=0.01 sys=0.00, real=0.01 secs] 
922.160: [GC (Allocation Failure) [PSYoungGen: 69984K->1376K(70656K)] 432087K->363487K(668160K), 0.0020660 secs] [Times: user=0.01 sys=0.00, real=0.00 secs] 
922.854: [GC (Allocation Failure) [PSYoungGen: 69984K->1376K(70656K)] 432095K->363487K(668160K), 0.0026138 secs] [Times: user=0.01 sys=0.00, real=0.00 secs] 
923.771: [GC (Allocation Failure) [PSYoungGen: 69984K->1408K(70656K)] 432095K->363519K(668160K), 0.0030606 secs] [Times: user=0.01 sys=0.00, real=0.00 secs] 
925.588: [GC (Allocation Failure) [PSYoungGen: 70016K->1408K(70656K)] 432127K->363519K(668160K), 0.0022978 secs] [Times: user=0.01 sys=0.00, real=0.00 secs] 
926.218: [GC (Allocation Failure) [PSYoungGen: 70016K->1408K(70656K)] 432127K->363519K(668160K), 0.0018767 secs] [Times: user=0.00 sys=0.01, real=0.00 secs] 
926.505: [GC (Allocation Failure) [PSYoungGen: 70016K->1408K(70144K)] 432127K->363519K(667648K), 0.0020038 secs] [Times: user=0.00 sys=0.00, real=0.01 secs] 
926.791: [GC (Allocation Failure) [PSYoungGen: 70016K->1328K(70144K)] 432127K->363455K(667648K), 0.0020432 secs] [Times: user=0.00 sys=0.00, real=0.00 secs] 
927.886: [GC (Allocation Failure) [PSYoungGen: 69936K->896K(69632K)] 432063K->364047K(667136K), 0.0021187 secs] [Times: user=0.01 sys=0.00, real=0.01 secs] 
928.767: [GC (Allocation Failure) [PSYoungGen: 69504K->320K(70656K)] 432655K->363471K(668160K), 0.0034029 secs] [Times: user=0.01 sys=0.00, real=0.00 secs] 
929.444: [GC (Allocation Failure) [PSYoungGen: 68928K->384K(70656K)] 432079K->363535K(668160K), 0.0038876 secs] [Times: user=0.02 sys=0.00, real=0.01 secs] 
930.050: [GC (Allocation Failure) [PSYoungGen: 68992K->320K(70656K)] 432143K->363471K(668160K), 0.0025434 secs] [Times: user=0.01 sys=0.00, real=0.00 secs] 
931.235: [GC (Allocation Failure) [PSYoungGen: 68928K->304K(70656K)] 432079K->363455K(668160K), 0.0016605 secs] [Times: user=0.01 sys=0.00, real=0.01 secs] 
931.914: [GC (Allocation Failure) [PSYoungGen: 68912K->1376K(70656K)] 432063K->364535K(668160K), 0.0019416 secs] [Times: user=0.01 sys=0.01, real=0.00 secs] 
932.419: [GC (Allocation Failure) [PSYoungGen: 69984K->1376K(70656K)] 433143K->364535K(668160K), 0.0020038 secs] [Times: user=0.01 sys=0.00, real=0.00 secs] 
932.705: [GC (Allocation Failure) [PSYoungGen: 69984K->1312K(70656K)] 433143K->364471K(668160K), 0.0021000 secs] [Times: user=0.01 sys=0.01, real=0.01 secs] 
932.990: [GC (Allocation Failure) [PSYoungGen: 69920K->1344K(70656K)] 433079K->364503K(668160K), 0.0020109 secs] [Times: user=0.01 sys=0.00, real=0.00 secs] 
935.308: [GC (Allocation Failure) [PSYoungGen: 69952K->1408K(70656K)] 433111K->364567K(668160K), 0.0042923 secs] [Times: user=0.02 sys=0.00, real=0.00 secs] 
935.995: [GC (Allocation Failure) [PSYoungGen: 70016K->1408K(70144K)] 433175K->364567K(667648K), 0.0022183 secs] [Times: user=0.01 sys=0.00, real=0.01 secs] 
936.276: [GC (Allocation Failure) [PSYoungGen: 69504K->1376K(69632K)] 432663K->364543K(667136K), 0.0019248 secs] [Times: user=0.01 sys=0.00, real=0.01 secs] 
936.662: [GC (Allocation Failure) [PSYoungGen: 69472K->1344K(70144K)] 432639K->364511K(667648K), 0.0017962 secs] [Times: user=0.01 sys=0.00, real=0.00 secs] 
937.852: [GC (Allocation Failure) [PSYoungGen: 69440K->1440K(70144K)] 432607K->364607K(667648K), 0.0018966 secs] [Times: user=0.01 sys=0.00, real=0.00 secs] 
938.135: [GC (Allocation Failure) [PSYoungGen: 69536K->1408K(70144K)] 432703K->364575K(667648K), 0.0018725 secs] [Times: user=0.01 sys=0.01, real=0.01 secs] 
938.418: [GC (Allocation Failure) [PSYoungGen: 69504K->1408K(70144K)] 432671K->364575K(667648K), 0.0019482 secs] [Times: user=0.01 sys=0.00, real=0.00 secs] 
938.702: [GC (Allocation Failure) [PSYoungGen: 69504K->1344K(70144K)] 432671K->364511K(667648K), 0.0021514 secs] [Times: user=0.01 sys=0.00, real=0.00 secs] 
939.736: [GC (Allocation Failure) [PSYoungGen: 69440K->1408K(70144K)] 432607K->364591K(667648K), 0.0016616 secs] [Times: user=0.01 sys=0.00, real=0.01 secs] 
940.018: [GC (Allocation Failure) [PSYoungGen: 69504K->1312K(70144K)] 432687K->364495K(667648K), 0.0015982 secs] [Times: user=0.01 sys=0.00, real=0.00 secs] 
940.516: [GC (Allocation Failure) [PSYoungGen: 69408K->1376K(70144K)] 432591K->364559K(667648K), 0.0024508 secs] [Times: user=0.01 sys=0.00, real=0.01 secs] 
941.062: [GC (Allocation Failure) [PSYoungGen: 69472K->1376K(70144K)] 432655K->364567K(667648K), 0.0030917 secs] [Times: user=0.01 sys=0.00, real=0.00 secs] 
942.411: [GC (Allocation Failure) [PSYoungGen: 69472K->1440K(70144K)] 432663K->364631K(667648K), 0.0019996 secs] [Times: user=0.01 sys=0.00, real=0.00 secs] 
943.005: [GC (Allocation Failure) [PSYoungGen: 69536K->1376K(70144K)] 432727K->364567K(667648K), 0.0019961 secs] [Times: user=0.01 sys=0.00, real=0.01 secs] 
943.798: [GC (Allocation Failure) [PSYoungGen: 69472K->1344K(70144K)] 432663K->364535K(667648K), 0.0023337 secs] [Times: user=0.01 sys=0.00, real=0.00 secs] 
944.551: [GC (Allocation Failure) [PSYoungGen: 69440K->1328K(70144K)] 432631K->364519K(667648K), 0.0037251 secs] [Times: user=0.01 sys=0.00, real=0.00 secs] 
945.754: [GC (Allocation Failure) [PSYoungGen: 69424K->1376K(70144K)] 432615K->364567K(667648K), 0.0021180 secs] [Times: user=0.01 sys=0.00, real=0.00 secs] 
946.038: [GC (Allocation Failure) [PSYoungGen: 69472K->1344K(70144K)] 432663K->364535K(667648K), 0.0020823 secs] [Times: user=0.01 sys=0.00, real=0.00 secs] 
946.524: [GC (Allocation Failure) [PSYoungGen: 69440K->1376K(70144K)] 432631K->364567K(667648K), 0.0067646 secs] [Times: user=0.03 sys=0.00, real=0.01 secs] 
947.081: [GC (Allocation Failure) [PSYoungGen: 69472K->1408K(70144K)] 432663K->364599K(667648K), 0.0021516 secs] [Times: user=0.01 sys=0.00, real=0.00 secs] 
948.290: [GC (Allocation Failure) [PSYoungGen: 69504K->1408K(70144K)] 432695K->364599K(667648K), 0.0018353 secs] [Times: user=0.00 sys=0.00, real=0.00 secs] 
948.791: [GC (Allocation Failure) [PSYoungGen: 69504K->1376K(70144K)] 432695K->364567K(667648K), 0.0016042 secs] [Times: user=0.00 sys=0.00, real=0.00 secs] 
949.355: [GC (Allocation Failure) [PSYoungGen: 69472K->1344K(70144K)] 432663K->364535K(667648K), 0.0018493 secs] [Times: user=0.01 sys=0.00, real=0.00 secs] 
949.936: [GC (Allocation Failure) [PSYoungGen: 69440K->1408K(70144K)] 432631K->364607K(667648K), 0.0018752 secs] [Times: user=0.01 sys=0.00, real=0.01 secs] 
951.165: [GC (Allocation Failure) [PSYoungGen: 69504K->288K(70144K)] 432703K->363487K(667648K), 0.0014706 secs] [Times: user=0.01 sys=0.01, real=0.00 secs] 
951.473: [GC (Allocation Failure) [PSYoungGen: 68384K->1408K(70144K)] 431583K->364607K(667648K), 0.0017371 secs] [Times: user=0.00 sys=0.00, real=0.00 secs] 
951.755: [GC (Allocation Failure) [PSYoungGen: 69504K->1376K(70144K)] 432703K->364575K(667648K), 0.0017704 secs] [Times: user=0.01 sys=0.00, real=0.01 secs] 
952.038: [GC (Allocation Failure) [PSYoungGen: 69472K->1376K(70144K)] 432671K->364575K(667648K), 0.0017252 secs] [Times: user=0.01 sys=0.00, real=0.00 secs] 
952.320: [GC (Allocation Failure) [PSYoungGen: 69472K->1440K(70144K)] 432671K->364639K(667648K), 0.0016749 secs] [Times: user=0.01 sys=0.00, real=0.00 secs] 
953.383: [GC (Allocation Failure) [PSYoungGen: 69536K->1392K(70144K)] 432735K->364591K(667648K), 0.0022795 secs] [Times: user=0.01 sys=0.00, real=0.00 secs] 
953.666: [GC (Allocation Failure) [PSYoungGen: 69488K->1344K(70144K)] 432687K->364543K(667648K), 0.0020161 secs] [Times: user=0.01 sys=0.00, real=0.01 secs] 
953.949: [GC (Allocation Failure) [PSYoungGen: 69440K->1376K(70144K)] 432639K->364575K(667648K), 0.0020261 secs] [Times: user=0.01 sys=0.00, real=0.00 secs] 
954.232: [GC (Allocation Failure) [PSYoungGen: 69472K->1360K(70144K)] 432671K->364559K(667648K), 0.0019365 secs] [Times: user=0.01 sys=0.00, real=0.00 secs] 
955.351: [GC (Allocation Failure) [PSYoungGen: 69456K->1376K(70144K)] 432655K->364575K(667648K), 0.0018944 secs] [Times: user=0.00 sys=0.01, real=0.00 secs] 
956.283: [GC (Allocation Failure) [PSYoungGen: 69472K->1424K(70144K)] 432671K->364623K(667648K), 0.0027844 secs] [Times: user=0.01 sys=0.00, real=0.00 secs] 
957.282: [GC (Allocation Failure) [PSYoungGen: 69520K->1376K(70144K)] 432719K->364575K(667648K), 0.0026556 secs] [Times: user=0.01 sys=0.00, real=0.00 secs] 
958.471: [GC (Allocation Failure) [PSYoungGen: 69472K->1408K(70144K)] 432671K->364607K(667648K), 0.0034486 secs] [Times: user=0.02 sys=0.00, real=0.00 secs] 
960.107: [GC (Allocation Failure) [PSYoungGen: 69504K->1392K(70144K)] 432703K->364591K(667648K), 0.0019824 secs] [Times: user=0.01 sys=0.00, real=0.00 secs] 
960.702: [GC (Allocation Failure) [PSYoungGen: 69488K->1376K(70144K)] 432687K->364583K(667648K), 0.0038857 secs] [Times: user=0.02 sys=0.00, real=0.00 secs] 
961.410: [GC (Allocation Failure) [PSYoungGen: 69472K->1408K(70144K)] 432679K->364615K(667648K), 0.0031592 secs] [Times: user=0.01 sys=0.00, real=0.00 secs] 
962.330: [GC (Allocation Failure) [PSYoungGen: 69504K->1376K(70144K)] 432711K->364599K(667648K), 0.0039613 secs] [Times: user=0.02 sys=0.00, real=0.00 secs] 
964.073: [GC (Allocation Failure) [PSYoungGen: 69472K->1408K(70144K)] 432695K->364631K(667648K), 0.0020049 secs] [Times: user=0.01 sys=0.00, real=0.00 secs] 
965.129: [GC (Allocation Failure) [PSYoungGen: 69504K->1408K(70144K)] 432727K->364631K(667648K), 0.0039541 secs] [Times: user=0.01 sys=0.00, real=0.00 secs] 
966.236: [GC (Allocation Failure) [PSYoungGen: 69504K->1376K(70144K)] 432727K->364599K(667648K), 0.0035693 secs] [Times: user=0.01 sys=0.00, real=0.01 secs] 
967.281: [GC (Allocation Failure) [PSYoungGen: 69472K->1376K(69632K)] 432695K->364599K(667136K), 0.0046900 secs] [Times: user=0.02 sys=0.00, real=0.00 secs] 
968.877: [GC (Allocation Failure) [PSYoungGen: 69472K->1424K(69120K)] 432695K->364647K(666624K), 0.0022106 secs] [Times: user=0.01 sys=0.00, real=0.00 secs] 
970.279: [GC (Allocation Failure) [PSYoungGen: 69008K->1392K(69120K)] 432231K->364615K(666624K), 0.0032354 secs] [Times: user=0.01 sys=0.00, real=0.00 secs] 
971.463: [GC (Allocation Failure) [PSYoungGen: 68976K->1408K(69120K)] 432199K->364631K(666624K), 0.0035284 secs] [Times: user=0.01 sys=0.00, real=0.00 secs] 
972.557: [GC (Allocation Failure) [PSYoungGen: 68992K->1392K(69120K)] 432215K->364615K(666624K), 0.0044147 secs] [Times: user=0.01 sys=0.00, real=0.00 secs] 
973.710: [GC (Allocation Failure) [PSYoungGen: 68976K->1504K(68608K)] 432199K->364839K(666112K), 0.0017674 secs] [Times: user=0.00 sys=0.00, real=0.00 secs] 
974.340: [GC (Allocation Failure) [PSYoungGen: 68576K->1264K(69120K)] 431911K->364599K(666624K), 0.0022146 secs] [Times: user=0.01 sys=0.00, real=0.00 secs] 
974.928: [GC (Allocation Failure) [PSYoungGen: 68336K->1280K(69120K)] 431671K->364615K(666624K), 0.0021444 secs] [Times: user=0.00 sys=0.00, real=0.00 secs] 
975.482: [GC (Allocation Failure) [PSYoungGen: 68352K->1296K(69120K)] 431687K->364639K(666624K), 0.0022561 secs] [Times: user=0.01 sys=0.00, real=0.00 secs] 
975.850: [GC (Allocation Failure) [PSYoungGen: 68368K->1328K(69120K)] 431711K->364671K(666624K), 0.0021265 secs] [Times: user=0.01 sys=0.01, real=0.00 secs] 
977.330: [GC (Allocation Failure) [PSYoungGen: 68400K->1472K(69120K)] 431743K->364815K(666624K), 0.0021418 secs] [Times: user=0.01 sys=0.00, real=0.00 secs] 
978.196: [GC (Allocation Failure) [PSYoungGen: 68544K->1440K(69120K)] 431887K->364791K(666624K), 0.0021739 secs] [Times: user=0.01 sys=0.00, real=0.01 secs] 
979.388: [GC (Allocation Failure) [PSYoungGen: 68512K->1392K(69120K)] 431863K->364751K(666624K), 0.0036444 secs] [Times: user=0.01 sys=0.00, real=0.00 secs] 
980.402: [GC (Allocation Failure) [PSYoungGen: 68464K->1424K(69120K)] 431823K->364783K(666624K), 0.0034650 secs] [Times: user=0.02 sys=0.00, real=0.00 secs] 
982.123: [GC (Allocation Failure) [PSYoungGen: 68496K->1392K(69120K)] 431855K->364751K(666624K), 0.0035658 secs] [Times: user=0.01 sys=0.00, real=0.01 secs] 
983.747: [GC (Allocation Failure) [PSYoungGen: 68464K->1440K(69120K)] 431823K->364799K(666624K), 0.0039169 secs] [Times: user=0.01 sys=0.00, real=0.00 secs] 
984.631: [GC (Allocation Failure) [PSYoungGen: 68512K->1440K(69120K)] 431871K->364799K(666624K), 0.0039254 secs] [Times: user=0.01 sys=0.00, real=0.00 secs] 
985.292: [GC (Allocation Failure) [PSYoungGen: 68512K->1440K(69120K)] 431871K->364815K(666624K), 0.0026124 secs] [Times: user=0.01 sys=0.00, real=0.00 secs] 
986.666: [GC (Allocation Failure) [PSYoungGen: 68512K->1504K(69120K)] 431887K->364879K(666624K), 0.0023645 secs] [Times: user=0.01 sys=0.00, real=0.01 secs] 
987.343: [GC (Allocation Failure) [PSYoungGen: 68576K->1440K(69120K)] 431951K->364815K(666624K), 0.0026896 secs] [Times: user=0.01 sys=0.00, real=0.00 secs] 
988.105: [GC (Allocation Failure) [PSYoungGen: 68512K->1376K(69120K)] 431887K->364807K(666624K), 0.0024861 secs] [Times: user=0.01 sys=0.00, real=0.01 secs] 
988.868: [GC (Allocation Failure) [PSYoungGen: 68448K->1408K(69120K)] 431879K->364839K(666624K), 0.0030594 secs] [Times: user=0.01 sys=0.00, real=0.00 secs] 
990.215: [GC (Allocation Failure) [PSYoungGen: 68480K->1344K(69120K)] 431911K->364775K(666624K), 0.0020442 secs] [Times: user=0.01 sys=0.00, real=0.01 secs] 
990.538: [GC (Allocation Failure) [PSYoungGen: 68416K->1360K(69120K)] 431847K->364791K(666624K), 0.0020027 secs] [Times: user=0.01 sys=0.00, real=0.00 secs] 
990.817: [GC (Allocation Failure) [PSYoungGen: 68432K->1392K(68608K)] 431863K->364823K(666112K), 0.0020059 secs] [Times: user=0.01 sys=0.00, real=0.00 secs] 
991.096: [GC (Allocation Failure) [PSYoungGen: 68464K->1376K(68608K)] 431895K->364807K(666112K), 0.0019635 secs] [Times: user=0.01 sys=0.00, real=0.01 secs] 
992.113: [GC (Allocation Failure) [PSYoungGen: 68155K->256K(68608K)] 431587K->363687K(666112K), 0.0014317 secs] [Times: user=0.01 sys=0.00, real=0.00 secs] 
994.293: [GC (Allocation Failure) [PSYoungGen: 67328K->1376K(69120K)] 430759K->364807K(666624K), 0.0035072 secs] [Times: user=0.02 sys=0.00, real=0.00 secs] 
995.301: [GC (Allocation Failure) [PSYoungGen: 68448K->1376K(69120K)] 431879K->364815K(666624K), 0.0042772 secs] [Times: user=0.02 sys=0.00, real=0.00 secs] 
996.288: [GC (Allocation Failure) [PSYoungGen: 68448K->1312K(69120K)] 431887K->364751K(666624K), 0.0041967 secs] [Times: user=0.02 sys=0.01, real=0.00 secs] 
997.289: [GC (Allocation Failure) [PSYoungGen: 68384K->1376K(69120K)] 431823K->364815K(666624K), 0.0034275 secs] [Times: user=0.02 sys=0.00, real=0.00 secs] 
998.715: [GC (Allocation Failure) [PSYoungGen: 68448K->1408K(69120K)] 431887K->364847K(666624K), 0.0022339 secs] [Times: user=0.01 sys=0.00, real=0.01 secs] 
999.545: [GC (Allocation Failure) [PSYoungGen: 68480K->1376K(69120K)] 431919K->364815K(666624K), 0.0040402 secs] [Times: user=0.01 sys=0.00, real=0.01 secs] 
1000.522: [GC (Allocation Failure) [PSYoungGen: 68448K->1408K(69120K)] 431887K->364847K(666624K), 0.0039242 secs] [Times: user=0.02 sys=0.00, real=0.00 secs] 
1001.103: [GC (Allocation Failure) [PSYoungGen: 68480K->1376K(69120K)] 431919K->364815K(666624K), 0.0031166 secs] [Times: user=0.01 sys=0.00, real=0.00 secs] 
1002.400: [GC (Allocation Failure) [PSYoungGen: 68448K->1408K(69120K)] 431887K->364847K(666624K), 0.0017105 secs] [Times: user=0.00 sys=0.00, real=0.00 secs] 
1003.171: [GC (Allocation Failure) [PSYoungGen: 68480K->1360K(69120K)] 431919K->364799K(666624K), 0.0031034 secs] [Times: user=0.01 sys=0.00, real=0.00 secs] 
1003.808: [GC (Allocation Failure) [PSYoungGen: 68432K->1376K(69120K)] 431871K->364823K(666624K), 0.0039585 secs] [Times: user=0.02 sys=0.00, real=0.00 secs] 
1004.373: [GC (Allocation Failure) [PSYoungGen: 68448K->1376K(69120K)] 431895K->364823K(666624K), 0.0026208 secs] [Times: user=0.01 sys=0.00, real=0.00 secs] 
1005.487: [GC (Allocation Failure) [PSYoungGen: 68448K->1392K(69120K)] 431895K->364839K(666624K), 0.0016145 secs] [Times: user=0.01 sys=0.00, real=0.00 secs] 
1005.827: [GC (Allocation Failure) [PSYoungGen: 68464K->1376K(69120K)] 431911K->364823K(666624K), 0.0018045 secs] [Times: user=0.01 sys=0.00, real=0.00 secs] 
1006.410: [GC (Allocation Failure) [PSYoungGen: 68448K->1376K(69120K)] 431895K->364823K(666624K), 0.0037503 secs] [Times: user=0.01 sys=0.00, real=0.00 secs] 
1006.952: [GC (Allocation Failure) [PSYoungGen: 68448K->1360K(68608K)] 431895K->364807K(666112K), 0.0033018 secs] [Times: user=0.02 sys=0.00, real=0.00 secs] 
1008.255: [GC (Allocation Failure) [PSYoungGen: 68432K->1376K(68608K)] 431879K->364823K(666112K), 0.0016481 secs] [Times: user=0.00 sys=0.00, real=0.01 secs] 
1008.991: [GC (Allocation Failure) [PSYoungGen: 68448K->1408K(68608K)] 431895K->364855K(666112K), 0.0017105 secs] [Times: user=0.00 sys=0.00, real=0.00 secs] 
1009.925: [GC (Allocation Failure) [PSYoungGen: 68480K->1376K(68608K)] 431927K->364823K(666112K), 0.0035285 secs] [Times: user=0.02 sys=0.00, real=0.01 secs] 
1010.488: [GC (Allocation Failure) [PSYoungGen: 68448K->1376K(68608K)] 431895K->364823K(666112K), 0.0032889 secs] [Times: user=0.01 sys=0.00, real=0.00 secs] 
1011.074: [GC (Allocation Failure) [PSYoungGen: 68448K->1376K(68608K)] 431895K->364831K(666112K), 0.0039015 secs] [Times: user=0.01 sys=0.00, real=0.01 secs] 
1012.340: [GC (Allocation Failure) [PSYoungGen: 68448K->1440K(68608K)] 431903K->364895K(666112K), 0.0024954 secs] [Times: user=0.01 sys=0.00, real=0.00 secs] 
1012.659: [GC (Allocation Failure) [PSYoungGen: 68512K->1344K(68608K)] 431967K->364799K(666112K), 0.0018566 secs] [Times: user=0.01 sys=0.00, real=0.00 secs] 
1012.943: [GC (Allocation Failure) [PSYoungGen: 68416K->1344K(68608K)] 431871K->364799K(666112K), 0.0019269 secs] [Times: user=0.01 sys=0.00, real=0.00 secs] 
1013.226: [GC (Allocation Failure) [PSYoungGen: 68416K->1376K(68608K)] 431871K->364831K(666112K), 0.0028040 secs] [Times: user=0.02 sys=0.00, real=0.01 secs] 
1014.700: [GC (Allocation Failure) [PSYoungGen: 68448K->1408K(68608K)] 431903K->364863K(666112K), 0.0031609 secs] [Times: user=0.01 sys=0.00, real=0.00 secs] 
1015.266: [GC (Allocation Failure) [PSYoungGen: 68480K->1376K(68608K)] 431935K->364831K(666112K), 0.0031240 secs] [Times: user=0.01 sys=0.00, real=0.01 secs] 
1015.545: [GC (Allocation Failure) [PSYoungGen: 68448K->1376K(68608K)] 431903K->364831K(666112K), 0.0020823 secs] [Times: user=0.01 sys=0.00, real=0.01 secs] 
1015.824: [GC (Allocation Failure) [PSYoungGen: 68448K->1344K(68608K)] 431903K->364799K(666112K), 0.0019572 secs] [Times: user=0.01 sys=0.00, real=0.00 secs] 
1016.928: [GC (Allocation Failure) [PSYoungGen: 68416K->1408K(68608K)] 431871K->364871K(666112K), 0.0017268 secs] [Times: user=0.01 sys=0.00, real=0.00 secs] 
1017.488: [GC (Allocation Failure) [PSYoungGen: 68480K->1344K(68608K)] 431943K->364807K(666112K), 0.0035632 secs] [Times: user=0.01 sys=0.01, real=0.00 secs] 
1017.914: [GC (Allocation Failure) [PSYoungGen: 68416K->1408K(68608K)] 431879K->364871K(666112K), 0.0028060 secs] [Times: user=0.01 sys=0.00, real=0.01 secs] 
1018.458: [GC (Allocation Failure) [PSYoungGen: 68480K->1392K(68608K)] 431943K->364855K(666112K), 0.0023007 secs] [Times: user=0.01 sys=0.00, real=0.00 secs] 
1019.945: [GC (Allocation Failure) [PSYoungGen: 68464K->1440K(68608K)] 431927K->364911K(666112K), 0.0018383 secs] [Times: user=0.01 sys=0.00, real=0.01 secs] 
1020.532: [GC (Allocation Failure) [PSYoungGen: 68512K->1344K(68608K)] 431983K->364815K(666112K), 0.0020631 secs] [Times: user=0.01 sys=0.00, real=0.00 secs] 
1021.206: [GC (Allocation Failure) [PSYoungGen: 68416K->1376K(68608K)] 431887K->364847K(666112K), 0.0032124 secs] [Times: user=0.01 sys=0.00, real=0.01 secs] 
1021.921: [GC (Allocation Failure) [PSYoungGen: 68448K->1376K(68608K)] 431919K->364847K(666112K), 0.0039484 secs] [Times: user=0.01 sys=0.00, real=0.00 secs] 
1023.452: [GC (Allocation Failure) [PSYoungGen: 68448K->928K(68608K)] 431919K->365423K(666112K), 0.0017830 secs] [Times: user=0.01 sys=0.00, real=0.00 secs] 
1024.258: [GC (Allocation Failure) [PSYoungGen: 68000K->352K(68096K)] 432495K->364847K(665600K), 0.0039611 secs] [Times: user=0.02 sys=0.00, real=0.00 secs] 
1025.122: [GC (Allocation Failure) [PSYoungGen: 66912K->336K(68608K)] 431407K->364831K(666112K), 0.0037351 secs] [Times: user=0.01 sys=0.00, real=0.00 secs] 
1026.005: [GC (Allocation Failure) [PSYoungGen: 66896K->352K(68608K)] 431391K->364847K(666112K), 0.0032627 secs] [Times: user=0.01 sys=0.00, real=0.01 secs] 
1026.858: [GC (Allocation Failure) [PSYoungGen: 66912K->320K(68608K)] 431407K->364815K(666112K), 0.0030775 secs] [Times: user=0.01 sys=0.00, real=0.00 secs] 
1028.264: [GC (Allocation Failure) [PSYoungGen: 66880K->1408K(68608K)] 431375K->365903K(666112K), 0.0021989 secs] [Times: user=0.01 sys=0.00, real=0.00 secs] 
1028.816: [GC (Allocation Failure) [PSYoungGen: 67968K->1440K(68608K)] 432463K->365935K(666112K), 0.0022415 secs] [Times: user=0.01 sys=0.00, real=0.01 secs] 
1029.353: [GC (Allocation Failure) [PSYoungGen: 68000K->1376K(68608K)] 432495K->365871K(666112K), 0.0030080 secs] [Times: user=0.01 sys=0.00, real=0.00 secs] 
1029.896: [GC (Allocation Failure) [PSYoungGen: 67936K->1376K(68608K)] 432431K->365871K(666112K), 0.0023001 secs] [Times: user=0.01 sys=0.00, real=0.01 secs] 
1031.199: [GC (Allocation Failure) [PSYoungGen: 67936K->1344K(68608K)] 432431K->365839K(666112K), 0.0025430 secs] [Times: user=0.01 sys=0.00, real=0.00 secs] 
1031.602: [GC (Allocation Failure) [PSYoungGen: 67904K->1328K(68608K)] 432399K->365823K(666112K), 0.0023257 secs] [Times: user=0.01 sys=0.00, real=0.00 secs] 
1032.252: [GC (Allocation Failure) [PSYoungGen: 67888K->1408K(68608K)] 432383K->365911K(666112K), 0.0024492 secs] [Times: user=0.01 sys=0.00, real=0.00 secs] 
1032.961: [GC (Allocation Failure) [PSYoungGen: 67968K->1408K(68608K)] 432471K->365911K(666112K), 0.0019721 secs] [Times: user=0.01 sys=0.00, real=0.00 secs] 
1034.343: [GC (Allocation Failure) [PSYoungGen: 67968K->1440K(68608K)] 432471K->365943K(666112K), 0.0018883 secs] [Times: user=0.01 sys=0.00, real=0.00 secs] 
1035.158: [GC (Allocation Failure) [PSYoungGen: 68000K->1344K(68608K)] 432503K->365847K(666112K), 0.0021783 secs] [Times: user=0.01 sys=0.00, real=0.00 secs] 
1035.979: [GC (Allocation Failure) [PSYoungGen: 67904K->1376K(68608K)] 432407K->365879K(666112K), 0.0022402 secs] [Times: user=0.01 sys=0.00, real=0.00 secs] 
1036.789: [GC (Allocation Failure) [PSYoungGen: 67936K->1344K(68608K)] 432439K->365847K(666112K), 0.0025703 secs] [Times: user=0.01 sys=0.00, real=0.00 secs] 
1038.093: [GC (Allocation Failure) [PSYoungGen: 67904K->1376K(68608K)] 432407K->365887K(666112K), 0.0017384 secs] [Times: user=0.01 sys=0.00, real=0.00 secs] 
1038.391: [GC (Allocation Failure) [PSYoungGen: 67936K->1376K(68608K)] 432447K->365895K(666112K), 0.0018082 secs] [Times: user=0.00 sys=0.00, real=0.00 secs] 
1038.667: [GC (Allocation Failure) [PSYoungGen: 67936K->1408K(68608K)] 432455K->365927K(666112K), 0.0017809 secs] [Times: user=0.01 sys=0.00, real=0.00 secs] 
1038.997: [GC (Allocation Failure) [PSYoungGen: 67968K->1376K(68608K)] 432487K->365895K(666112K), 0.0020004 secs] [Times: user=0.01 sys=0.00, real=0.00 secs] 
1039.273: [GC (Allocation Failure) [PSYoungGen: 67936K->1376K(68608K)] 432455K->365895K(666112K), 0.0019155 secs] [Times: user=0.01 sys=0.00, real=0.00 secs] 
1040.465: [GC (Allocation Failure) [PSYoungGen: 67936K->1408K(68608K)] 432455K->365927K(666112K), 0.0018943 secs] [Times: user=0.01 sys=0.00, real=0.00 secs] 
1040.927: [GC (Allocation Failure) [PSYoungGen: 67968K->1376K(68608K)] 432487K->365903K(666112K), 0.0018531 secs] [Times: user=0.01 sys=0.00, real=0.00 secs] 
1041.462: [GC (Allocation Failure) [PSYoungGen: 67936K->1392K(68608K)] 432463K->365927K(666112K), 0.0018554 secs] [Times: user=0.01 sys=0.00, real=0.00 secs] 
1041.991: [GC (Allocation Failure) [PSYoungGen: 67952K->1440K(68608K)] 432487K->365975K(666112K), 0.0018408 secs] [Times: user=0.01 sys=0.00, real=0.00 secs] 
1043.032: [GC (Allocation Failure) [PSYoungGen: 68000K->1408K(68608K)] 432535K->365943K(666112K), 0.0017873 secs] [Times: user=0.01 sys=0.00, real=0.00 secs] 
1043.309: [GC (Allocation Failure) [PSYoungGen: 67968K->1408K(68608K)] 432503K->365943K(666112K), 0.0018150 secs] [Times: user=0.01 sys=0.00, real=0.00 secs] 
1043.585: [GC (Allocation Failure) [PSYoungGen: 67968K->1376K(68608K)] 432503K->365911K(666112K), 0.0016856 secs] [Times: user=0.01 sys=0.00, real=0.01 secs] 
1043.960: [GC (Allocation Failure) [PSYoungGen: 67936K->1376K(68608K)] 432471K->365911K(666112K), 0.0018408 secs] [Times: user=0.00 sys=0.00, real=0.00 secs] 
1045.153: [GC (Allocation Failure) [PSYoungGen: 67936K->1456K(68608K)] 432471K->365991K(666112K), 0.0018456 secs] [Times: user=0.01 sys=0.00, real=0.00 secs] 
1045.431: [GC (Allocation Failure) [PSYoungGen: 68016K->1376K(68608K)] 432551K->365911K(666112K), 0.0018803 secs] [Times: user=0.00 sys=0.00, real=0.00 secs] 
1045.708: [GC (Allocation Failure) [PSYoungGen: 67936K->1440K(68608K)] 432471K->365983K(666112K), 0.0018726 secs] [Times: user=0.01 sys=0.00, real=0.00 secs] 
1046.069: [GC (Allocation Failure) [PSYoungGen: 68000K->1376K(68608K)] 432543K->365919K(666112K), 0.0021920 secs] [Times: user=0.00 sys=0.00, real=0.00 secs] 
1047.347: [GC (Allocation Failure) [PSYoungGen: 67936K->1408K(68608K)] 432479K->365951K(666112K), 0.0020048 secs] [Times: user=0.01 sys=0.00, real=0.00 secs] 
1047.968: [GC (Allocation Failure) [PSYoungGen: 67968K->1360K(68608K)] 432511K->365903K(666112K), 0.0020518 secs] [Times: user=0.00 sys=0.00, real=0.00 secs] 
1048.483: [GC (Allocation Failure) [PSYoungGen: 67920K->1376K(68608K)] 432463K->365919K(666112K), 0.0022076 secs] [Times: user=0.01 sys=0.00, real=0.00 secs] 
1048.998: [GC (Allocation Failure) [PSYoungGen: 67936K->1360K(68608K)] 432479K->365919K(666112K), 0.0046769 secs] [Times: user=0.02 sys=0.01, real=0.00 secs] 
1049.495: [GC (Allocation Failure) [PSYoungGen: 67920K->1344K(68096K)] 432479K->365903K(665600K), 0.0024384 secs] [Times: user=0.01 sys=0.00, real=0.01 secs] 
1050.573: [GC (Allocation Failure) [PSYoungGen: 67904K->1408K(68096K)] 432463K->365967K(665600K), 0.0021277 secs] [Times: user=0.01 sys=0.00, real=0.00 secs] 
1050.850: [GC (Allocation Failure) [PSYoungGen: 67968K->1408K(68096K)] 432527K->365967K(665600K), 0.0020185 secs] [Times: user=0.01 sys=0.00, real=0.00 secs] 
1051.294: [GC (Allocation Failure) [PSYoungGen: 67968K->1408K(68096K)] 432527K->365975K(665600K), 0.0022730 secs] [Times: user=0.01 sys=0.00, real=0.00 secs] 
1051.887: [GC (Allocation Failure) [PSYoungGen: 67968K->1360K(68096K)] 432535K->365927K(665600K), 0.0023665 secs] [Times: user=0.01 sys=0.00, real=0.00 secs] 
1053.804: [GC (Allocation Failure) [PSYoungGen: 67920K->1408K(68096K)] 432487K->365975K(665600K), 0.0041391 secs] [Times: user=0.02 sys=0.00, real=0.01 secs] 
1054.436: [GC (Allocation Failure) [PSYoungGen: 67968K->1376K(68096K)] 432535K->365943K(665600K), 0.0031887 secs] [Times: user=0.01 sys=0.00, real=0.01 secs] 
1055.017: [GC (Allocation Failure) [PSYoungGen: 67936K->1408K(68096K)] 432503K->365975K(665600K), 0.0025777 secs] [Times: user=0.01 sys=0.00, real=0.00 secs] 
1055.615: [GC (Allocation Failure) [PSYoungGen: 67968K->1408K(68096K)] 432535K->365975K(665600K), 0.0030386 secs] [Times: user=0.01 sys=0.00, real=0.01 secs] 
1057.056: [GC (Allocation Failure) [PSYoungGen: 67968K->1440K(68096K)] 432535K->366007K(665600K), 0.0020450 secs] [Times: user=0.01 sys=0.00, real=0.01 secs] 
1057.618: [GC (Allocation Failure) [PSYoungGen: 68000K->1408K(68096K)] 432567K->365975K(665600K), 0.0028137 secs] [Times: user=0.01 sys=0.00, real=0.00 secs] 
1058.202: [GC (Allocation Failure) [PSYoungGen: 67968K->1376K(68096K)] 432535K->365943K(665600K), 0.0027997 secs] [Times: user=0.01 sys=0.00, real=0.00 secs] 
1058.661: [GC (Allocation Failure) [PSYoungGen: 67936K->1376K(68096K)] 432503K->365943K(665600K), 0.0020731 secs] [Times: user=0.01 sys=0.00, real=0.00 secs] 
1059.935: [GC (Allocation Failure) [PSYoungGen: 67936K->1408K(68096K)] 432503K->365975K(665600K), 0.0020070 secs] [Times: user=0.01 sys=0.00, real=0.01 secs] 
1061.004: [GC (Allocation Failure) [PSYoungGen: 67968K->1376K(68096K)] 432535K->365943K(665600K), 0.0039191 secs] [Times: user=0.01 sys=0.00, real=0.01 secs] 
1062.924: [GC (Allocation Failure) [PSYoungGen: 67936K->1376K(68096K)] 432503K->365951K(665600K), 0.0039917 secs] [Times: user=0.01 sys=0.00, real=0.01 secs] 
1063.400: [GC (Allocation Failure) [PSYoungGen: 67936K->1344K(68096K)] 432511K->365919K(665600K), 0.0022186 secs] [Times: user=0.01 sys=0.00, real=0.00 secs] 
1063.685: [GC (Allocation Failure) [PSYoungGen: 67896K->336K(67584K)] 432471K->364919K(665088K), 0.0020059 secs] [Times: user=0.01 sys=0.00, real=0.01 secs] 
1064.933: [GC (Allocation Failure) [PSYoungGen: 66384K->1440K(68096K)] 430967K->366031K(665600K), 0.0020430 secs] [Times: user=0.01 sys=0.00, real=0.00 secs] 
1065.552: [GC (Allocation Failure) [PSYoungGen: 67488K->1408K(68096K)] 432079K->365999K(665600K), 0.0021861 secs] [Times: user=0.01 sys=0.00, real=0.00 secs] 
1065.848: [GC (Allocation Failure) [PSYoungGen: 67456K->1344K(68096K)] 432047K->365943K(665600K), 0.0019688 secs] [Times: user=0.01 sys=0.00, real=0.00 secs] 
1066.123: [GC (Allocation Failure) [PSYoungGen: 67392K->1344K(68096K)] 431991K->365943K(665600K), 0.0020417 secs] [Times: user=0.01 sys=0.00, real=0.00 secs] 
1067.538: [GC (Allocation Failure) [PSYoungGen: 67392K->1408K(68096K)] 431991K->366007K(665600K), 0.0042850 secs] [Times: user=0.02 sys=0.00, real=0.00 secs] 
1068.313: [GC (Allocation Failure) [PSYoungGen: 67456K->1344K(68096K)] 432055K->365943K(665600K), 0.0037428 secs] [Times: user=0.01 sys=0.00, real=0.01 secs] 
1068.879: [GC (Allocation Failure) [PSYoungGen: 67392K->1376K(68096K)] 431991K->365975K(665600K), 0.0028607 secs] [Times: user=0.01 sys=0.01, real=0.00 secs] 
1069.530: [GC (Allocation Failure) [PSYoungGen: 67424K->1344K(68096K)] 432023K->365943K(665600K), 0.0043372 secs] [Times: user=0.01 sys=0.00, real=0.00 secs] 
1070.760: [GC (Allocation Failure) [PSYoungGen: 67392K->1408K(68096K)] 431991K->366007K(665600K), 0.0016437 secs] [Times: user=0.00 sys=0.00, real=0.00 secs] 
1071.047: [GC (Allocation Failure) [PSYoungGen: 67456K->1360K(68096K)] 432055K->365959K(665600K), 0.0016774 secs] [Times: user=0.00 sys=0.00, real=0.00 secs] 
1071.528: [GC (Allocation Failure) [PSYoungGen: 67408K->1408K(68096K)] 432007K->366015K(665600K), 0.0023304 secs] [Times: user=0.01 sys=0.00, real=0.00 secs] 
1072.190: [GC (Allocation Failure) [PSYoungGen: 67456K->1376K(68096K)] 432063K->365983K(665600K), 0.0034086 secs] [Times: user=0.01 sys=0.00, real=0.00 secs] 
1073.793: [GC (Allocation Failure) [PSYoungGen: 67424K->1920K(68096K)] 432031K->366527K(665600K), 0.0017642 secs] [Times: user=0.01 sys=0.00, real=0.00 secs] 
1074.315: [GC (Allocation Failure) [PSYoungGen: 67968K->1408K(68096K)] 432575K->366015K(665600K), 0.0017647 secs] [Times: user=0.00 sys=0.00, real=0.01 secs] 
1074.590: [GC (Allocation Failure) [PSYoungGen: 67456K->1392K(68096K)] 432063K->366007K(665600K), 0.0030849 secs] [Times: user=0.01 sys=0.00, real=0.00 secs] 
1074.890: [GC (Allocation Failure) [PSYoungGen: 67440K->1408K(68096K)] 432055K->366031K(665600K), 0.0023590 secs] [Times: user=0.01 sys=0.00, real=0.00 secs] 
1075.404: [GC (Allocation Failure) [PSYoungGen: 67456K->1344K(68096K)] 432079K->365967K(665600K), 0.0022311 secs] [Times: user=0.01 sys=0.00, real=0.00 secs] 
1076.669: [GC (Allocation Failure) [PSYoungGen: 67392K->1376K(68096K)] 432015K->365999K(665600K), 0.0019561 secs] [Times: user=0.01 sys=0.00, real=0.00 secs] 
1076.944: [GC (Allocation Failure) [PSYoungGen: 67424K->1408K(68096K)] 432047K->366031K(665600K), 0.0020644 secs] [Times: user=0.01 sys=0.00, real=0.00 secs] 
1077.219: [GC (Allocation Failure) [PSYoungGen: 67456K->1376K(68096K)] 432079K->365999K(665600K), 0.0020733 secs] [Times: user=0.01 sys=0.00, real=0.00 secs] 
1077.494: [GC (Allocation Failure) [PSYoungGen: 67424K->1408K(68096K)] 432047K->366031K(665600K), 0.0019756 secs] [Times: user=0.01 sys=0.00, real=0.00 secs] 
1078.944: [GC (Allocation Failure) [PSYoungGen: 67456K->1424K(68096K)] 432079K->366047K(665600K), 0.0024586 secs] [Times: user=0.01 sys=0.00, real=0.00 secs] 
1079.799: [GC (Allocation Failure) [PSYoungGen: 67472K->1344K(68096K)] 432095K->365983K(665600K), 0.0029131 secs] [Times: user=0.01 sys=0.00, real=0.00 secs] 
1080.885: [GC (Allocation Failure) [PSYoungGen: 67392K->1376K(68096K)] 432031K->366015K(665600K), 0.0028325 secs] [Times: user=0.01 sys=0.00, real=0.01 secs] 
1081.492: [GC (Allocation Failure) [PSYoungGen: 67424K->1376K(67584K)] 432063K->366015K(665088K), 0.0027187 secs] [Times: user=0.01 sys=0.00, real=0.00 secs] 
1082.954: [GC (Allocation Failure) [PSYoungGen: 67424K->1456K(67072K)] 432063K->366095K(664576K), 0.0019101 secs] [Times: user=0.01 sys=0.00, real=0.00 secs] 
1083.226: [GC (Allocation Failure) [PSYoungGen: 66992K->1408K(67072K)] 431631K->366047K(664576K), 0.0021343 secs] [Times: user=0.01 sys=0.00, real=0.01 secs] 
1083.499: [GC (Allocation Failure) [PSYoungGen: 66944K->1376K(67072K)] 431583K->366015K(664576K), 0.0020296 secs] [Times: user=0.00 sys=0.00, real=0.00 secs] 
1083.771: [GC (Allocation Failure) [PSYoungGen: 66912K->1376K(67072K)] 431551K->366015K(664576K), 0.0024393 secs] [Times: user=0.01 sys=0.00, real=0.00 secs] 
1085.016: [GC (Allocation Failure) [PSYoungGen: 66912K->1424K(67072K)] 431551K->366063K(664576K), 0.0016497 secs] [Times: user=0.01 sys=0.01, real=0.01 secs] 
1085.342: [GC (Allocation Failure) [PSYoungGen: 66960K->1376K(67072K)] 431599K->366015K(664576K), 0.0015928 secs] [Times: user=0.01 sys=0.00, real=0.00 secs] 
1085.653: [GC (Allocation Failure) [PSYoungGen: 66912K->1376K(67072K)] 431551K->366015K(664576K), 0.0026525 secs] [Times: user=0.01 sys=0.01, real=0.00 secs] 
1086.055: [GC (Allocation Failure) [PSYoungGen: 66912K->1408K(67072K)] 431551K->366047K(664576K), 0.0022664 secs] [Times: user=0.01 sys=0.00, real=0.01 secs] 
1086.584: [GC (Allocation Failure) [PSYoungGen: 66944K->1376K(67072K)] 431583K->366015K(664576K), 0.0028955 secs] [Times: user=0.01 sys=0.00, real=0.01 secs] 
1087.858: [GC (Allocation Failure) [PSYoungGen: 66912K->1440K(67072K)] 431551K->366079K(664576K), 0.0018768 secs] [Times: user=0.01 sys=0.00, real=0.00 secs] 
1088.134: [GC (Allocation Failure) [PSYoungGen: 66976K->1376K(67072K)] 431615K->366015K(664576K), 0.0018838 secs] [Times: user=0.01 sys=0.00, real=0.00 secs] 
1088.434: [GC (Allocation Failure) [PSYoungGen: 66912K->1376K(67072K)] 431551K->366015K(664576K), 0.0020247 secs] [Times: user=0.01 sys=0.00, real=0.00 secs] 
1088.972: [GC (Allocation Failure) [PSYoungGen: 66912K->1344K(67072K)] 431551K->365999K(664576K), 0.0022649 secs] [Times: user=0.01 sys=0.00, real=0.00 secs] 
1090.292: [GC (Allocation Failure) [PSYoungGen: 66880K->1456K(67072K)] 431535K->366111K(664576K), 0.0018613 secs] [Times: user=0.01 sys=0.00, real=0.00 secs] 
1090.579: [GC (Allocation Failure) [PSYoungGen: 66992K->1376K(67072K)] 431647K->366031K(664576K), 0.0017711 secs] [Times: user=0.00 sys=0.00, real=0.00 secs] 
1090.986: [GC (Allocation Failure) [PSYoungGen: 66912K->1376K(67072K)] 431567K->366039K(664576K), 0.0018326 secs] [Times: user=0.01 sys=0.00, real=0.01 secs] 
1091.417: [GC (Allocation Failure) [PSYoungGen: 66912K->1376K(67072K)] 431575K->366039K(664576K), 0.0020798 secs] [Times: user=0.01 sys=0.00, real=0.00 secs] 
1092.721: [GC (Allocation Failure) [PSYoungGen: 66912K->896K(67072K)] 431575K->366583K(664576K), 0.0016664 secs] [Times: user=0.01 sys=0.00, real=0.00 secs] 
1093.001: [GC (Allocation Failure) [PSYoungGen: 66432K->352K(67584K)] 432119K->366039K(665088K), 0.0016515 secs] [Times: user=0.01 sys=0.00, real=0.00 secs] 
1093.273: [GC (Allocation Failure) [PSYoungGen: 65888K->320K(67584K)] 431575K->366015K(665088K), 0.0017800 secs] [Times: user=0.01 sys=0.00, real=0.00 secs] 
1093.724: [GC (Allocation Failure) [PSYoungGen: 65856K->320K(67584K)] 431551K->366015K(665088K), 0.0020339 secs] [Times: user=0.01 sys=0.00, real=0.00 secs] 
1094.254: [GC (Allocation Failure) [PSYoungGen: 65856K->416K(67584K)] 431551K->366111K(665088K), 0.0019896 secs] [Times: user=0.00 sys=0.00, real=0.00 secs] 
1096.262: [GC (Allocation Failure) [PSYoungGen: 65952K->1408K(67584K)] 431647K->367103K(665088K), 0.0044724 secs] [Times: user=0.01 sys=0.00, real=0.00 secs] 
1097.449: [GC (Allocation Failure) [PSYoungGen: 66944K->1408K(67584K)] 432639K->367111K(665088K), 0.0032892 secs] [Times: user=0.01 sys=0.00, real=0.00 secs] 
1098.359: [GC (Allocation Failure) [PSYoungGen: 66944K->1360K(67584K)] 432647K->367071K(665088K), 0.0039020 secs] [Times: user=0.02 sys=0.00, real=0.00 secs] 
1099.244: [GC (Allocation Failure) [PSYoungGen: 66896K->1360K(67584K)] 432607K->367071K(665088K), 0.0035515 secs] [Times: user=0.02 sys=0.00, real=0.01 secs] 
1100.501: [GC (Allocation Failure) [PSYoungGen: 66896K->1440K(67072K)] 432607K->367151K(664576K), 0.0016239 secs] [Times: user=0.00 sys=0.00, real=0.00 secs] 
1100.806: [GC (Allocation Failure) [PSYoungGen: 66464K->1312K(66560K)] 432175K->367023K(664064K), 0.0027811 secs] [Times: user=0.01 sys=0.00, real=0.01 secs] 
1101.130: [GC (Allocation Failure) [PSYoungGen: 66336K->1376K(67072K)] 432047K->367095K(664576K), 0.0022698 secs] [Times: user=0.01 sys=0.00, real=0.00 secs] 
1101.417: [GC (Allocation Failure) [PSYoungGen: 66400K->1408K(67072K)] 432119K->367127K(664576K), 0.0025202 secs] [Times: user=0.01 sys=0.00, real=0.00 secs] 
1103.090: [GC (Allocation Failure) [PSYoungGen: 66432K->1408K(67072K)] 432151K->367127K(664576K), 0.0034715 secs] [Times: user=0.02 sys=0.00, real=0.00 secs] 
1103.818: [GC (Allocation Failure) [PSYoungGen: 66432K->1376K(67072K)] 432151K->367095K(664576K), 0.0020865 secs] [Times: user=0.01 sys=0.00, real=0.00 secs] 
1104.088: [GC (Allocation Failure) [PSYoungGen: 66400K->1360K(67072K)] 432119K->367079K(664576K), 0.0019694 secs] [Times: user=0.01 sys=0.00, real=0.00 secs] 
1104.402: [GC (Allocation Failure) [PSYoungGen: 66384K->1344K(67072K)] 432103K->367063K(664576K), 0.0020053 secs] [Times: user=0.01 sys=0.00, real=0.00 secs] 
1104.837: [GC (Allocation Failure) [PSYoungGen: 66368K->1344K(67072K)] 432087K->367063K(664576K), 0.0019534 secs] [Times: user=0.00 sys=0.00, real=0.00 secs] 
1106.263: [GC (Allocation Failure) [PSYoungGen: 66368K->1408K(67072K)] 432087K->367127K(664576K), 0.0031408 secs] [Times: user=0.02 sys=0.00, real=0.00 secs] 
1106.876: [GC (Allocation Failure) [PSYoungGen: 66432K->1376K(67072K)] 432151K->367095K(664576K), 0.0026753 secs] [Times: user=0.01 sys=0.00, real=0.01 secs] 
1107.434: [GC (Allocation Failure) [PSYoungGen: 66400K->1408K(67072K)] 432119K->367127K(664576K), 0.0025408 secs] [Times: user=0.01 sys=0.00, real=0.00 secs] 
1108.077: [GC (Allocation Failure) [PSYoungGen: 66432K->1360K(67072K)] 432151K->367079K(664576K), 0.0026830 secs] [Times: user=0.01 sys=0.00, real=0.00 secs] 
1109.486: [GC (Allocation Failure) [PSYoungGen: 66384K->1392K(67072K)] 432103K->367111K(664576K), 0.0022007 secs] [Times: user=0.01 sys=0.01, real=0.01 secs] 
1109.769: [GC (Allocation Failure) [PSYoungGen: 66416K->1344K(67072K)] 432135K->367063K(664576K), 0.0019710 secs] [Times: user=0.01 sys=0.00, real=0.00 secs] 
1110.077: [GC (Allocation Failure) [PSYoungGen: 66368K->1344K(67072K)] 432087K->367079K(664576K), 0.0020859 secs] [Times: user=0.00 sys=0.00, real=0.00 secs] 
1110.347: [GC (Allocation Failure) [PSYoungGen: 66368K->1344K(67072K)] 432103K->367079K(664576K), 0.0021471 secs] [Times: user=0.00 sys=0.00, real=0.00 secs] 
1111.507: [GC (Allocation Failure) [PSYoungGen: 66368K->1936K(67072K)] 432103K->367671K(664576K), 0.0025804 secs] [Times: user=0.01 sys=0.00, real=0.01 secs] 
1112.439: [GC (Allocation Failure) [PSYoungGen: 66960K->1408K(67072K)] 432695K->367143K(664576K), 0.0040096 secs] [Times: user=0.02 sys=0.00, real=0.00 secs] 
1113.090: [GC (Allocation Failure) [PSYoungGen: 66432K->1360K(67072K)] 432167K->367095K(664576K), 0.0027644 secs] [Times: user=0.01 sys=0.00, real=0.00 secs] 
1113.918: [GC (Allocation Failure) [PSYoungGen: 66384K->1392K(67072K)] 432119K->367127K(664576K), 0.0034270 secs] [Times: user=0.01 sys=0.00, real=0.00 secs] 
1114.657: [GC (Allocation Failure) [PSYoungGen: 66416K->1408K(67072K)] 432151K->367143K(664576K), 0.0033174 secs] [Times: user=0.01 sys=0.00, real=0.00 secs] 
1115.815: [GC (Allocation Failure) [PSYoungGen: 66432K->1472K(67072K)] 432167K->367207K(664576K), 0.0018280 secs] [Times: user=0.01 sys=0.00, real=0.00 secs] 
1116.085: [GC (Allocation Failure) [PSYoungGen: 66496K->1408K(67072K)] 432231K->367143K(664576K), 0.0022404 secs] [Times: user=0.01 sys=0.00, real=0.01 secs] 
1116.388: [GC (Allocation Failure) [PSYoungGen: 66432K->1376K(67072K)] 432167K->367111K(664576K), 0.0023302 secs] [Times: user=0.01 sys=0.00, real=0.00 secs] 
1116.869: [GC (Allocation Failure) [PSYoungGen: 66400K->1376K(67072K)] 432135K->367111K(664576K), 0.0024567 secs] [Times: user=0.01 sys=0.00, real=0.00 secs] 
1118.029: [GC (Allocation Failure) [PSYoungGen: 66400K->1440K(67072K)] 432135K->367175K(664576K), 0.0017324 secs] [Times: user=0.01 sys=0.00, real=0.00 secs] 
1118.352: [GC (Allocation Failure) [PSYoungGen: 66464K->1344K(67072K)] 432199K->367079K(664576K), 0.0018478 secs] [Times: user=0.00 sys=0.00, real=0.00 secs] 
1118.622: [GC (Allocation Failure) [PSYoungGen: 66368K->1408K(67072K)] 432103K->367167K(664576K), 0.0017954 secs] [Times: user=0.01 sys=0.00, real=0.00 secs] 
1118.970: [GC (Allocation Failure) [PSYoungGen: 66432K->1376K(67072K)] 432191K->367135K(664576K), 0.0017954 secs] [Times: user=0.01 sys=0.00, real=0.00 secs] 
1121.155: [GC (Allocation Failure) [PSYoungGen: 66400K->1952K(67072K)] 432159K->367711K(664576K), 0.0101167 secs] [Times: user=0.04 sys=0.00, real=0.01 secs] 
1122.318: [GC (Allocation Failure) [PSYoungGen: 66976K->1344K(67072K)] 432735K->367103K(664576K), 0.0031529 secs] [Times: user=0.02 sys=0.00, real=0.00 secs] 
1122.922: [GC (Allocation Failure) [PSYoungGen: 66368K->1376K(67072K)] 432127K->367135K(664576K), 0.0028967 secs] [Times: user=0.01 sys=0.00, real=0.00 secs] 
1123.636: [GC (Allocation Failure) [PSYoungGen: 66400K->1376K(67072K)] 432159K->367135K(664576K), 0.0027524 secs] [Times: user=0.01 sys=0.00, real=0.01 secs] 
1124.463: [GC (Allocation Failure) [PSYoungGen: 66400K->1376K(67072K)] 432159K->367135K(664576K), 0.0025360 secs] [Times: user=0.01 sys=0.00, real=0.00 secs] 
1125.617: [GC (Allocation Failure) [PSYoungGen: 66400K->1376K(67072K)] 432159K->367135K(664576K), 0.0017731 secs] [Times: user=0.00 sys=0.00, real=0.00 secs] 
1125.886: [GC (Allocation Failure) [PSYoungGen: 66400K->1344K(67072K)] 432159K->367103K(664576K), 0.0018467 secs] [Times: user=0.01 sys=0.00, real=0.01 secs] 
1126.161: [GC (Allocation Failure) [PSYoungGen: 66368K->1408K(67072K)] 432127K->367167K(664576K), 0.0029777 secs] [Times: user=0.01 sys=0.00, real=0.00 secs] 
1126.434: [GC (Allocation Failure) [PSYoungGen: 66432K->1376K(67072K)] 432191K->367135K(664576K), 0.0033662 secs] [Times: user=0.02 sys=0.00, real=0.01 secs] 
1127.953: [GC (Allocation Failure) [PSYoungGen: 66400K->1440K(67072K)] 432159K->367199K(664576K), 0.0031518 secs] [Times: user=0.01 sys=0.00, real=0.00 secs] 
1128.497: [GC (Allocation Failure) [PSYoungGen: 66464K->1440K(67072K)] 432223K->367199K(664576K), 0.0023965 secs] [Times: user=0.01 sys=0.00, real=0.00 secs] 
1129.104: [GC (Allocation Failure) [PSYoungGen: 66464K->1408K(67072K)] 432223K->367167K(664576K), 0.0027889 secs] [Times: user=0.01 sys=0.00, real=0.00 secs] 
1129.660: [GC (Allocation Failure) [PSYoungGen: 66432K->1440K(67072K)] 432191K->367199K(664576K), 0.0022564 secs] [Times: user=0.01 sys=0.00, real=0.00 secs] 
1131.311: [GC (Allocation Failure) [PSYoungGen: 66464K->1840K(67072K)] 432223K->367599K(664576K), 0.0023654 secs] [Times: user=0.01 sys=0.00, real=0.00 secs] 
1131.621: [GC (Allocation Failure) [PSYoungGen: 66864K->1344K(67072K)] 432623K->367103K(664576K), 0.0020571 secs] [Times: user=0.00 sys=0.00, real=0.00 secs] 
1131.965: [GC (Allocation Failure) [PSYoungGen: 66368K->1328K(67072K)] 432127K->367095K(664576K), 0.0020408 secs] [Times: user=0.00 sys=0.00, real=0.01 secs] 
1132.443: [GC (Allocation Failure) [PSYoungGen: 66352K->1328K(67072K)] 432119K->367095K(664576K), 0.0024802 secs] [Times: user=0.01 sys=0.00, real=0.00 secs] 
1132.923: [GC (Allocation Failure) [PSYoungGen: 66352K->1408K(67072K)] 432119K->367175K(664576K), 0.0031298 secs] [Times: user=0.02 sys=0.00, real=0.01 secs] 
1134.561: [GC (Allocation Failure) [PSYoungGen: 66432K->1376K(67072K)] 432199K->367143K(664576K), 0.0022549 secs] [Times: user=0.01 sys=0.00, real=0.00 secs] 
1135.489: [GC (Allocation Failure) [PSYoungGen: 66400K->1376K(67072K)] 432167K->367143K(664576K), 0.0021511 secs] [Times: user=0.01 sys=0.00, real=0.00 secs] 
1136.250: [GC (Allocation Failure) [PSYoungGen: 66400K->1408K(67072K)] 432167K->367175K(664576K), 0.0025115 secs] [Times: user=0.01 sys=0.00, real=0.00 secs] 
1136.718: [GC (Allocation Failure) [PSYoungGen: 66432K->1376K(67072K)] 432199K->367143K(664576K), 0.0024597 secs] [Times: user=0.01 sys=0.00, real=0.00 secs] 
1138.318: [GC (Allocation Failure) [PSYoungGen: 66400K->1376K(67072K)] 432167K->367143K(664576K), 0.0018795 secs] [Times: user=0.01 sys=0.00, real=0.00 secs] 
1139.351: [GC (Allocation Failure) [PSYoungGen: 66400K->1376K(67072K)] 432167K->367143K(664576K), 0.0023013 secs] [Times: user=0.00 sys=0.00, real=0.00 secs] 
1140.374: [GC (Allocation Failure) [PSYoungGen: 66400K->1376K(67072K)] 432167K->367143K(664576K), 0.0030961 secs] [Times: user=0.02 sys=0.00, real=0.01 secs] 
1141.453: [GC (Allocation Failure) [PSYoungGen: 66400K->1360K(67072K)] 432167K->367127K(664576K), 0.0033918 secs] [Times: user=0.02 sys=0.00, real=0.01 secs] 
1143.323: [GC (Allocation Failure) [PSYoungGen: 65888K->1648K(67072K)] 431656K->367415K(664576K), 0.0033331 secs] [Times: user=0.01 sys=0.00, real=0.00 secs] 
1144.010: [GC (Allocation Failure) [PSYoungGen: 66672K->1360K(67072K)] 432439K->367143K(664576K), 0.0026966 secs] [Times: user=0.01 sys=0.00, real=0.00 secs] 
1144.830: [GC (Allocation Failure) [PSYoungGen: 66384K->1408K(67072K)] 432167K->367191K(664576K), 0.0038676 secs] [Times: user=0.02 sys=0.00, real=0.00 secs] 
1145.675: [GC (Allocation Failure) [PSYoungGen: 66432K->1376K(67072K)] 432215K->367159K(664576K), 0.0035967 secs] [Times: user=0.01 sys=0.00, real=0.01 secs] 
1146.524: [GC (Allocation Failure) [PSYoungGen: 66400K->1376K(67072K)] 432183K->367159K(664576K), 0.0033820 secs] [Times: user=0.02 sys=0.00, real=0.01 secs] 
1147.800: [GC (Allocation Failure) [PSYoungGen: 66400K->1440K(67072K)] 432183K->367223K(664576K), 0.0019623 secs] [Times: user=0.01 sys=0.00, real=0.00 secs] 
1148.131: [GC (Allocation Failure) [PSYoungGen: 66464K->1360K(67072K)] 432247K->367143K(664576K), 0.0021428 secs] [Times: user=0.01 sys=0.00, real=0.00 secs] 
1148.477: [GC (Allocation Failure) [PSYoungGen: 66384K->1360K(67072K)] 432167K->367143K(664576K), 0.0019872 secs] [Times: user=0.01 sys=0.00, real=0.01 secs] 
1148.825: [GC (Allocation Failure) [PSYoungGen: 66384K->1408K(67072K)] 432167K->367191K(664576K), 0.0019109 secs] [Times: user=0.01 sys=0.00, real=0.00 secs] 
1150.140: [GC (Allocation Failure) [PSYoungGen: 66432K->1440K(67072K)] 432215K->367223K(664576K), 0.0016643 secs] [Times: user=0.00 sys=0.00, real=0.00 secs] 
1150.692: [GC (Allocation Failure) [PSYoungGen: 66464K->1392K(66560K)] 432247K->367175K(664064K), 0.0030662 secs] [Times: user=0.01 sys=0.00, real=0.00 secs] 
1151.079: [GC (Allocation Failure) [PSYoungGen: 66416K->1392K(66560K)] 432199K->367175K(664064K), 0.0031144 secs] [Times: user=0.01 sys=0.00, real=0.00 secs] 
1151.428: [GC (Allocation Failure) [PSYoungGen: 66416K->352K(66048K)] 432199K->367159K(663552K), 0.0019283 secs] [Times: user=0.01 sys=0.00, real=0.00 secs] 
1152.665: [GC (Allocation Failure) [PSYoungGen: 65376K->1632K(67072K)] 432183K->368447K(664576K), 0.0016940 secs] [Times: user=0.01 sys=0.00, real=0.01 secs] 
1153.220: [GC (Allocation Failure) [PSYoungGen: 66656K->1376K(67072K)] 433471K->368191K(664576K), 0.0019229 secs] [Times: user=0.01 sys=0.00, real=0.00 secs] 
1153.844: [GC (Allocation Failure) [PSYoungGen: 66400K->1408K(67072K)] 433215K->368223K(664576K), 0.0035949 secs] [Times: user=0.01 sys=0.00, real=0.01 secs] 
1154.382: [GC (Allocation Failure) [PSYoungGen: 66432K->1424K(67072K)] 433247K->368239K(664576K), 0.0028304 secs] [Times: user=0.01 sys=0.00, real=0.00 secs] 
1154.747: [GC (Allocation Failure) [PSYoungGen: 66448K->1344K(67072K)] 433263K->368159K(664576K), 0.0021003 secs] [Times: user=0.01 sys=0.00, real=0.00 secs] 
1155.718: [GC (Allocation Failure) [PSYoungGen: 66368K->1392K(67072K)] 433183K->368207K(664576K), 0.0018404 secs] [Times: user=0.01 sys=0.00, real=0.00 secs] 
1155.995: [GC (Allocation Failure) [PSYoungGen: 66416K->1376K(67072K)] 433231K->368191K(664576K), 0.0017838 secs] [Times: user=0.01 sys=0.00, real=0.01 secs] 
1156.267: [GC (Allocation Failure) [PSYoungGen: 66400K->1312K(67072K)] 433215K->368127K(664576K), 0.0017669 secs] [Times: user=0.01 sys=0.00, real=0.00 secs] 
1156.577: [GC (Allocation Failure) [PSYoungGen: 66336K->1408K(67072K)] 433151K->368223K(664576K), 0.0021584 secs] [Times: user=0.00 sys=0.00, real=0.00 secs] 
1157.811: [GC (Allocation Failure) [PSYoungGen: 66432K->1424K(67072K)] 433247K->368239K(664576K), 0.0020989 secs] [Times: user=0.01 sys=0.00, real=0.00 secs] 
1158.969: [GC (Allocation Failure) [PSYoungGen: 66448K->1408K(67072K)] 433263K->368223K(664576K), 0.0041342 secs] [Times: user=0.02 sys=0.00, real=0.00 secs] 
1160.163: [GC (Allocation Failure) [PSYoungGen: 66432K->1376K(67072K)] 433247K->368199K(664576K), 0.0032801 secs] [Times: user=0.02 sys=0.00, real=0.00 secs] 
1161.500: [GC (Allocation Failure) [PSYoungGen: 66400K->1408K(67072K)] 433223K->368231K(664576K), 0.0027536 secs] [Times: user=0.02 sys=0.00, real=0.00 secs] 
1163.340: [GC (Allocation Failure) [PSYoungGen: 66432K->1664K(67072K)] 433255K->368487K(664576K), 0.0017218 secs] [Times: user=0.01 sys=0.00, real=0.00 secs] 
1163.616: [GC (Allocation Failure) [PSYoungGen: 66688K->1408K(67072K)] 433511K->368231K(664576K), 0.0017985 secs] [Times: user=0.01 sys=0.00, real=0.01 secs] 
1163.889: [GC (Allocation Failure) [PSYoungGen: 66432K->1392K(67072K)] 433255K->368215K(664576K), 0.0026122 secs] [Times: user=0.01 sys=0.00, real=0.00 secs] 
1164.158: [GC (Allocation Failure) [PSYoungGen: 66416K->1376K(67072K)] 433239K->368199K(664576K), 0.0022866 secs] [Times: user=0.01 sys=0.00, real=0.00 secs] 
1164.431: [GC (Allocation Failure) [PSYoungGen: 66400K->1392K(67072K)] 433223K->368215K(664576K), 0.0028492 secs] [Times: user=0.01 sys=0.00, real=0.00 secs] 
1166.550: [GC (Allocation Failure) [PSYoungGen: 66416K->1440K(67072K)] 433239K->368263K(664576K), 0.0025919 secs] [Times: user=0.01 sys=0.00, real=0.00 secs] 
1167.186: [GC (Allocation Failure) [PSYoungGen: 66464K->1440K(67072K)] 433287K->368263K(664576K), 0.0025970 secs] [Times: user=0.01 sys=0.00, real=0.01 secs] 
1167.524: [GC (Allocation Failure) [PSYoungGen: 66464K->1424K(67072K)] 433287K->368247K(664576K), 0.0020850 secs] [Times: user=0.01 sys=0.00, real=0.00 secs] 
1167.915: [GC (Allocation Failure) [PSYoungGen: 66448K->1392K(67072K)] 433271K->368215K(664576K), 0.0019840 secs] [Times: user=0.00 sys=0.00, real=0.01 secs] 
1169.292: [GC (Allocation Failure) [PSYoungGen: 66416K->1408K(67072K)] 433239K->368231K(664576K), 0.0020790 secs] [Times: user=0.01 sys=0.00, real=0.00 secs] 
1169.563: [GC (Allocation Failure) [PSYoungGen: 66432K->1360K(66560K)] 433255K->368183K(664064K), 0.0020934 secs] [Times: user=0.01 sys=0.00, real=0.00 secs] 
1169.834: [GC (Allocation Failure) [PSYoungGen: 66384K->1376K(66560K)] 433207K->368223K(664064K), 0.0021050 secs] [Times: user=0.01 sys=0.00, real=0.00 secs] 
1170.310: [GC (Allocation Failure) [PSYoungGen: 66400K->352K(66048K)] 433247K->368223K(663552K), 0.0025515 secs] [Times: user=0.01 sys=0.00, real=0.00 secs] 
1171.628: [GC (Allocation Failure) [PSYoungGen: 65376K->1552K(67072K)] 433247K->369431K(664576K), 0.0018676 secs] [Times: user=0.00 sys=0.00, real=0.00 secs] 
1172.245: [GC (Allocation Failure) [PSYoungGen: 66576K->1408K(67072K)] 434455K->369287K(664576K), 0.0025874 secs] [Times: user=0.01 sys=0.00, real=0.01 secs] 
1172.794: [GC (Allocation Failure) [PSYoungGen: 66432K->1376K(67072K)] 434311K->369255K(664576K), 0.0027677 secs] [Times: user=0.01 sys=0.00, real=0.00 secs] 
1173.065: [GC (Allocation Failure) [PSYoungGen: 66400K->1376K(67072K)] 434279K->369255K(664576K), 0.0020520 secs] [Times: user=0.01 sys=0.00, real=0.01 secs] 
1173.442: [GC (Allocation Failure) [PSYoungGen: 66400K->1408K(67072K)] 434279K->369287K(664576K), 0.0020156 secs] [Times: user=0.01 sys=0.00, real=0.00 secs] 
1174.463: [GC (Allocation Failure) [PSYoungGen: 66432K->1344K(67072K)] 434311K->369223K(664576K), 0.0018071 secs] [Times: user=0.01 sys=0.00, real=0.00 secs] 
1174.733: [GC (Allocation Failure) [PSYoungGen: 66368K->1376K(67072K)] 434247K->369255K(664576K), 0.0018555 secs] [Times: user=0.00 sys=0.00, real=0.00 secs] 
1175.064: [GC (Allocation Failure) [PSYoungGen: 66400K->1376K(67072K)] 434279K->369255K(664576K), 0.0018462 secs] [Times: user=0.00 sys=0.00, real=0.00 secs] 
1175.430: [GC (Allocation Failure) [PSYoungGen: 66400K->1344K(67072K)] 434279K->369223K(664576K), 0.0020771 secs] [Times: user=0.01 sys=0.00, real=0.00 secs] 
1176.436: [GC (Allocation Failure) [PSYoungGen: 66368K->1440K(67072K)] 434247K->369319K(664576K), 0.0018907 secs] [Times: user=0.01 sys=0.00, real=0.01 secs] 
1176.712: [GC (Allocation Failure) [PSYoungGen: 66464K->1408K(67072K)] 434343K->369287K(664576K), 0.0018467 secs] [Times: user=0.01 sys=0.00, real=0.00 secs] 
1177.015: [GC (Allocation Failure) [PSYoungGen: 66432K->1376K(67072K)] 434311K->369263K(664576K), 0.0018250 secs] [Times: user=0.01 sys=0.00, real=0.01 secs] 
1177.335: [GC (Allocation Failure) [PSYoungGen: 66400K->1328K(67072K)] 434287K->369239K(664576K), 0.0023676 secs] [Times: user=0.01 sys=0.00, real=0.01 secs] 
1178.362: [GC (Allocation Failure) [PSYoungGen: 66352K->1472K(67072K)] 434263K->369383K(664576K), 0.0017526 secs] [Times: user=0.01 sys=0.00, real=0.00 secs] 
1179.421: [GC (Allocation Failure) [PSYoungGen: 66496K->1376K(67072K)] 434407K->369287K(664576K), 0.0022655 secs] [Times: user=0.01 sys=0.00, real=0.00 secs] 
1180.110: [GC (Allocation Failure) [PSYoungGen: 66400K->1344K(67072K)] 434311K->369263K(664576K), 0.0023271 secs] [Times: user=0.01 sys=0.00, real=0.00 secs] 
1180.809: [GC (Allocation Failure) [PSYoungGen: 66368K->1408K(67072K)] 434287K->369327K(664576K), 0.0030706 secs] [Times: user=0.01 sys=0.00, real=0.00 secs] 
1181.362: [GC (Allocation Failure) [PSYoungGen: 66432K->1408K(67072K)] 434351K->369327K(664576K), 0.0029964 secs] [Times: user=0.01 sys=0.00, real=0.00 secs] 
1182.526: [GC (Allocation Failure) [PSYoungGen: 66432K->1376K(66560K)] 434351K->369295K(664064K), 0.0020119 secs] [Times: user=0.01 sys=0.00, real=0.01 secs] 
1182.832: [GC (Allocation Failure) [PSYoungGen: 66400K->1344K(66560K)] 434319K->369263K(664064K), 0.0019916 secs] [Times: user=0.01 sys=0.00, real=0.00 secs] 
1183.287: [GC (Allocation Failure) [PSYoungGen: 66368K->1376K(66560K)] 434287K->369295K(664064K), 0.0019228 secs] [Times: user=0.00 sys=0.00, real=0.00 secs] 
1183.844: [GC (Allocation Failure) [PSYoungGen: 66400K->1376K(66560K)] 434319K->369295K(664064K), 0.0023094 secs] [Times: user=0.01 sys=0.00, real=0.00 secs] 
1185.198: [GC (Allocation Failure) [PSYoungGen: 66400K->1440K(66560K)] 434319K->369359K(664064K), 0.0021779 secs] [Times: user=0.01 sys=0.00, real=0.00 secs] 
1185.990: [GC (Allocation Failure) [PSYoungGen: 66464K->1392K(66560K)] 434383K->369311K(664064K), 0.0024177 secs] [Times: user=0.01 sys=0.00, real=0.00 secs] 
1186.936: [GC (Allocation Failure) [PSYoungGen: 66416K->1376K(66560K)] 434335K->369295K(664064K), 0.0039210 secs] [Times: user=0.01 sys=0.00, real=0.01 secs] 
1188.029: [GC (Allocation Failure) [PSYoungGen: 66400K->1408K(66560K)] 434319K->369327K(664064K), 0.0038885 secs] [Times: user=0.02 sys=0.00, real=0.00 secs] 
1189.856: [GC (Allocation Failure) [PSYoungGen: 66432K->224K(66560K)] 434351K->368143K(664064K), 0.0014814 secs] [Times: user=0.01 sys=0.00, real=0.01 secs] 
1191.374: [GC (Allocation Failure) [PSYoungGen: 65248K->1344K(67072K)] 433167K->369263K(664576K), 0.0024377 secs] [Times: user=0.01 sys=0.00, real=0.00 secs] 
1191.898: [GC (Allocation Failure) [PSYoungGen: 66368K->1376K(67072K)] 434287K->369295K(664576K), 0.0022002 secs] [Times: user=0.01 sys=0.00, real=0.00 secs] 
1192.434: [GC (Allocation Failure) [PSYoungGen: 66400K->1344K(67072K)] 434319K->369263K(664576K), 0.0023106 secs] [Times: user=0.01 sys=0.00, real=0.00 secs] 
1193.009: [GC (Allocation Failure) [PSYoungGen: 66368K->1408K(67072K)] 434287K->369335K(664576K), 0.0022891 secs] [Times: user=0.01 sys=0.00, real=0.00 secs] 
1194.679: [GC (Allocation Failure) [PSYoungGen: 66432K->1440K(67072K)] 434359K->369367K(664576K), 0.0024627 secs] [Times: user=0.01 sys=0.00, real=0.00 secs] 
1195.632: [GC (Allocation Failure) [PSYoungGen: 66464K->1376K(67072K)] 434391K->369303K(664576K), 0.0031031 secs] [Times: user=0.02 sys=0.00, real=0.00 secs] 
1196.414: [GC (Allocation Failure) [PSYoungGen: 66400K->1376K(67072K)] 434327K->369303K(664576K), 0.0033314 secs] [Times: user=0.02 sys=0.00, real=0.01 secs] 
1197.269: [GC (Allocation Failure) [PSYoungGen: 66400K->1376K(67072K)] 434327K->369303K(664576K), 0.0032546 secs] [Times: user=0.01 sys=0.00, real=0.00 secs] 
1198.695: [GC (Allocation Failure) [PSYoungGen: 66400K->1344K(67072K)] 434327K->369271K(664576K), 0.0018029 secs] [Times: user=0.01 sys=0.01, real=0.01 secs] 
1199.281: [GC (Allocation Failure) [PSYoungGen: 66368K->1344K(67072K)] 434295K->369271K(664576K), 0.0021531 secs] [Times: user=0.00 sys=0.00, real=0.00 secs] 
1199.785: [GC (Allocation Failure) [PSYoungGen: 66368K->1344K(67072K)] 434295K->369271K(664576K), 0.0021825 secs] [Times: user=0.01 sys=0.00, real=0.01 secs] 
1200.069: [GC (Allocation Failure) [PSYoungGen: 66368K->1408K(67072K)] 434295K->369335K(664576K), 0.0020757 secs] [Times: user=0.00 sys=0.00, real=0.00 secs] 
1200.526: [GC (Allocation Failure) [PSYoungGen: 66432K->1344K(67072K)] 434359K->369271K(664576K), 0.0028183 secs] [Times: user=0.02 sys=0.00, real=0.01 secs] 
1202.170: [GC (Allocation Failure) [PSYoungGen: 66368K->1392K(67072K)] 434295K->369319K(664576K), 0.0018125 secs] [Times: user=0.01 sys=0.00, real=0.00 secs] 
1203.085: [GC (Allocation Failure) [PSYoungGen: 66416K->1376K(66560K)] 434343K->369311K(664064K), 0.0020627 secs] [Times: user=0.01 sys=0.00, real=0.01 secs] 
1203.572: [GC (Allocation Failure) [PSYoungGen: 66400K->1376K(66560K)] 434335K->369311K(664064K), 0.0029348 secs] [Times: user=0.01 sys=0.00, real=0.00 secs] 
1204.054: [GC (Allocation Failure) [PSYoungGen: 66400K->352K(66048K)] 434335K->369311K(663552K), 0.0027092 secs] [Times: user=0.01 sys=0.00, real=0.00 secs] 
1205.477: [GC (Allocation Failure) [PSYoungGen: 65376K->1440K(67072K)] 434335K->370399K(664576K), 0.0020501 secs] [Times: user=0.01 sys=0.00, real=0.01 secs] 
1205.747: [GC (Allocation Failure) [PSYoungGen: 66464K->1408K(67072K)] 435423K->370367K(664576K), 0.0020692 secs] [Times: user=0.01 sys=0.00, real=0.00 secs] 
1206.057: [GC (Allocation Failure) [PSYoungGen: 66432K->1344K(67072K)] 435391K->370303K(664576K), 0.0020439 secs] [Times: user=0.01 sys=0.00, real=0.00 secs] 
1206.328: [GC (Allocation Failure) [PSYoungGen: 66368K->1328K(67072K)] 435327K->370287K(664576K), 0.0021284 secs] [Times: user=0.01 sys=0.00, real=0.00 secs] 
1207.567: [GC (Allocation Failure) [PSYoungGen: 66352K->1376K(67072K)] 435311K->370335K(664576K), 0.0024197 secs] [Times: user=0.01 sys=0.00, real=0.00 secs] 
1208.789: [GC (Allocation Failure) [PSYoungGen: 66400K->1376K(67072K)] 435359K->370335K(664576K), 0.0042320 secs] [Times: user=0.02 sys=0.00, real=0.00 secs] 
1209.903: [GC (Allocation Failure) [PSYoungGen: 66400K->1408K(67072K)] 435359K->370375K(664576K), 0.0042884 secs] [Times: user=0.01 sys=0.00, real=0.01 secs] 
1210.515: [GC (Allocation Failure) [PSYoungGen: 66432K->1376K(67072K)] 435399K->370343K(664576K), 0.0031755 secs] [Times: user=0.01 sys=0.00, real=0.01 secs] 
1210.810: [GC (Allocation Failure) [PSYoungGen: 66400K->1376K(67072K)] 435367K->370351K(664576K), 0.0020395 secs] [Times: user=0.01 sys=0.00, real=0.00 secs] 
1213.407: [GC (Allocation Failure) [PSYoungGen: 66400K->1408K(67072K)] 435375K->370383K(664576K), 0.0031816 secs] [Times: user=0.02 sys=0.00, real=0.00 secs] 
1213.832: [GC (Allocation Failure) [PSYoungGen: 66432K->1360K(67072K)] 435407K->370335K(664576K), 0.0020292 secs] [Times: user=0.01 sys=0.01, real=0.00 secs] 
1214.126: [GC (Allocation Failure) [PSYoungGen: 66384K->1392K(67072K)] 435359K->370375K(664576K), 0.0019989 secs] [Times: user=0.01 sys=0.00, real=0.01 secs] 
1214.586: [GC (Allocation Failure) [PSYoungGen: 66416K->1408K(67072K)] 435399K->370391K(664576K), 0.0022381 secs] [Times: user=0.01 sys=0.00, real=0.01 secs] 
1215.989: [GC (Allocation Failure) [PSYoungGen: 66432K->1440K(67072K)] 435415K->370431K(664576K), 0.0020227 secs] [Times: user=0.01 sys=0.00, real=0.00 secs] 
1216.427: [GC (Allocation Failure) [PSYoungGen: 66464K->1392K(67072K)] 435455K->370391K(664576K), 0.0020581 secs] [Times: user=0.00 sys=0.00, real=0.01 secs] 
1216.759: [GC (Allocation Failure) [PSYoungGen: 66416K->1408K(67072K)] 435415K->370407K(664576K), 0.0019492 secs] [Times: user=0.01 sys=0.00, real=0.00 secs] 
1217.152: [GC (Allocation Failure) [PSYoungGen: 66432K->1376K(67072K)] 435431K->370375K(664576K), 0.0019696 secs] [Times: user=0.01 sys=0.00, real=0.00 secs] 
1218.459: [GC (Allocation Failure) [PSYoungGen: 66400K->1408K(67072K)] 435399K->370407K(664576K), 0.0022415 secs] [Times: user=0.01 sys=0.00, real=0.00 secs] 
1218.756: [GC (Allocation Failure) [PSYoungGen: 66432K->1344K(67072K)] 435431K->370343K(664576K), 0.0025678 secs] [Times: user=0.01 sys=0.00, real=0.01 secs] 
1219.019: [GC (Allocation Failure) [PSYoungGen: 66368K->1376K(66560K)] 435367K->370375K(664064K), 0.0020075 secs] [Times: user=0.01 sys=0.00, real=0.00 secs] 
1219.486: [GC (Allocation Failure) [PSYoungGen: 66400K->1408K(66560K)] 435399K->370407K(664064K), 0.0020949 secs] [Times: user=0.00 sys=0.00, real=0.01 secs] 
1220.027: [GC (Allocation Failure) [PSYoungGen: 66432K->416K(66048K)] 435431K->370447K(663552K), 0.0022477 secs] [Times: user=0.01 sys=0.00, real=0.00 secs] 
1221.036: [GC (Allocation Failure) [PSYoungGen: 65440K->1408K(67072K)] 435471K->371439K(664576K), 0.0017615 secs] [Times: user=0.01 sys=0.00, real=0.01 secs] 
1221.306: [GC (Allocation Failure) [PSYoungGen: 66432K->1440K(67072K)] 436463K->371471K(664576K), 0.0017531 secs] [Times: user=0.01 sys=0.01, real=0.01 secs] 
1221.576: [GC (Allocation Failure) [PSYoungGen: 66464K->1392K(67072K)] 436495K->371423K(664576K), 0.0018880 secs] [Times: user=0.01 sys=0.00, real=0.01 secs] 
1221.855: [GC (Allocation Failure) [PSYoungGen: 66416K->1408K(67072K)] 436447K->371439K(664576K), 0.0023781 secs] [Times: user=0.00 sys=0.00, real=0.01 secs] 
1222.805: [GC (Allocation Failure) [PSYoungGen: 66432K->1408K(67072K)] 436463K->371439K(664576K), 0.0017318 secs] [Times: user=0.01 sys=0.00, real=0.00 secs] 
1223.074: [GC (Allocation Failure) [PSYoungGen: 66432K->1376K(67072K)] 436463K->371407K(664576K), 0.0018220 secs] [Times: user=0.01 sys=0.00, real=0.00 secs] 
1223.344: [GC (Allocation Failure) [PSYoungGen: 66400K->1344K(67072K)] 436431K->371383K(664576K), 0.0017291 secs] [Times: user=0.01 sys=0.00, real=0.00 secs] 
1223.614: [GC (Allocation Failure) [PSYoungGen: 66368K->1408K(67072K)] 436407K->371447K(664576K), 0.0020116 secs] [Times: user=0.01 sys=0.00, real=0.00 secs] 
1224.783: [GC (Allocation Failure) [PSYoungGen: 66432K->1392K(67072K)] 436471K->371439K(664576K), 0.0025162 secs] [Times: user=0.01 sys=0.00, real=0.00 secs] 
1225.495: [GC (Allocation Failure) [PSYoungGen: 66416K->1408K(67072K)] 436463K->371455K(664576K), 0.0027641 secs] [Times: user=0.02 sys=0.00, real=0.01 secs] 
1226.004: [GC (Allocation Failure) [PSYoungGen: 66432K->1408K(67072K)] 436479K->371455K(664576K), 0.0033431 secs] [Times: user=0.01 sys=0.00, real=0.01 secs] 
1226.804: [GC (Allocation Failure) [PSYoungGen: 66432K->1376K(67072K)] 436479K->371423K(664576K), 0.0032456 secs] [Times: user=0.02 sys=0.00, real=0.01 secs] 
1227.626: [GC (Allocation Failure) [PSYoungGen: 66400K->1376K(67072K)] 436447K->371423K(664576K), 0.0037598 secs] [Times: user=0.02 sys=0.00, real=0.01 secs] 
1228.828: [GC (Allocation Failure) [PSYoungGen: 66400K->1456K(67072K)] 436447K->371519K(664576K), 0.0043436 secs] [Times: user=0.02 sys=0.00, real=0.00 secs] 
1229.247: [GC (Allocation Failure) [PSYoungGen: 66480K->1376K(67072K)] 436543K->371439K(664576K), 0.0024802 secs] [Times: user=0.01 sys=0.00, real=0.00 secs] 
1229.518: [GC (Allocation Failure) [PSYoungGen: 66400K->1408K(67072K)] 436463K->371479K(664576K), 0.0021208 secs] [Times: user=0.01 sys=0.00, real=0.00 secs] 
1229.788: [GC (Allocation Failure) [PSYoungGen: 66432K->1344K(67072K)] 436503K->371415K(664576K), 0.0018801 secs] [Times: user=0.01 sys=0.00, real=0.00 secs] 
1231.118: [GC (Allocation Failure) [PSYoungGen: 66368K->1408K(67072K)] 436439K->371479K(664576K), 0.0021615 secs] [Times: user=0.01 sys=0.00, real=0.00 secs] 
1232.058: [GC (Allocation Failure) [PSYoungGen: 66432K->1360K(66560K)] 436503K->371431K(664064K), 0.0029286 secs] [Times: user=0.01 sys=0.00, real=0.00 secs] 
1232.917: [GC (Allocation Failure) [PSYoungGen: 66384K->1408K(66560K)] 436455K->371479K(664064K), 0.0028218 secs] [Times: user=0.02 sys=0.00, real=0.00 secs] 
1233.640: [GC (Allocation Failure) [PSYoungGen: 66432K->1408K(66560K)] 436503K->371479K(664064K), 0.0027220 secs] [Times: user=0.01 sys=0.00, real=0.00 secs] 
1235.370: [GC (Allocation Failure) [PSYoungGen: 66432K->1360K(66560K)] 436503K->371439K(664064K), 0.0019562 secs] [Times: user=0.01 sys=0.00, real=0.00 secs] 
1236.412: [GC (Allocation Failure) [PSYoungGen: 66384K->1424K(66560K)] 436463K->371503K(664064K), 0.0026200 secs] [Times: user=0.01 sys=0.00, real=0.00 secs] 
1236.670: [GC (Allocation Failure) [PSYoungGen: 66448K->1408K(66560K)] 436527K->371495K(664064K), 0.0020111 secs] [Times: user=0.00 sys=0.00, real=0.00 secs] 
1236.984: [GC (Allocation Failure) [PSYoungGen: 66432K->1408K(66560K)] 436519K->371495K(664064K), 0.0019851 secs] [Times: user=0.01 sys=0.00, real=0.00 secs] 
1237.391: [GC (Allocation Failure) [PSYoungGen: 66432K->1408K(66560K)] 436519K->371495K(664064K), 0.0018935 secs] [Times: user=0.01 sys=0.00, real=0.00 secs] 
1239.067: [GC (Allocation Failure) [PSYoungGen: 66432K->1440K(66560K)] 436519K->371535K(664064K), 0.0028381 secs] [Times: user=0.01 sys=0.00, real=0.00 secs] 
1239.966: [GC (Allocation Failure) [PSYoungGen: 66464K->1408K(66560K)] 436559K->371503K(664064K), 0.0041263 secs] [Times: user=0.02 sys=0.00, real=0.01 secs] 
1240.672: [GC (Allocation Failure) [PSYoungGen: 66432K->1376K(66560K)] 436527K->371471K(664064K), 0.0040903 secs] [Times: user=0.02 sys=0.00, real=0.00 secs] 
1241.205: [GC (Allocation Failure) [PSYoungGen: 66400K->1440K(66560K)] 436495K->371535K(664064K), 0.0027316 secs] [Times: user=0.01 sys=0.00, real=0.01 secs] 
1242.711: [GC (Allocation Failure) [PSYoungGen: 66464K->1392K(66560K)] 436559K->371503K(664064K), 0.0025645 secs] [Times: user=0.01 sys=0.00, real=0.00 secs] 
1243.297: [GC (Allocation Failure) [PSYoungGen: 66416K->1408K(66560K)] 436527K->371519K(664064K), 0.0028075 secs] [Times: user=0.01 sys=0.00, real=0.01 secs] 
1243.980: [GC (Allocation Failure) [PSYoungGen: 66432K->1376K(66560K)] 436543K->371487K(664064K), 0.0026730 secs] [Times: user=0.01 sys=0.00, real=0.00 secs] 
1244.729: [GC (Allocation Failure) [PSYoungGen: 66400K->1376K(66560K)] 436511K->371487K(664064K), 0.0026361 secs] [Times: user=0.01 sys=0.00, real=0.00 secs] 
1246.049: [GC (Allocation Failure) [PSYoungGen: 66400K->1408K(66560K)] 436511K->371519K(664064K), 0.0019154 secs] [Times: user=0.01 sys=0.00, real=0.00 secs] 
1246.334: [GC (Allocation Failure) [PSYoungGen: 66432K->1440K(66560K)] 436543K->371551K(664064K), 0.0023091 secs] [Times: user=0.01 sys=0.00, real=0.00 secs] 
1246.597: [GC (Allocation Failure) [PSYoungGen: 66464K->1440K(66560K)] 436575K->371559K(664064K), 0.0020008 secs] [Times: user=0.01 sys=0.00, real=0.00 secs] 
1246.867: [GC (Allocation Failure) [PSYoungGen: 66464K->1456K(66560K)] 436583K->371575K(664064K), 0.0021175 secs] [Times: user=0.01 sys=0.01, real=0.00 secs] 
1247.138: [GC (Allocation Failure) [PSYoungGen: 66480K->1440K(66560K)] 436599K->371559K(664064K), 0.0019018 secs] [Times: user=0.01 sys=0.00, real=0.00 secs] 
1248.114: [GC (Allocation Failure) [PSYoungGen: 66464K->1440K(66560K)] 436583K->371559K(664064K), 0.0016916 secs] [Times: user=0.00 sys=0.00, real=0.00 secs] 
1248.446: [GC (Allocation Failure) [PSYoungGen: 66464K->1408K(66560K)] 436583K->371527K(664064K), 0.0017612 secs] [Times: user=0.00 sys=0.00, real=0.01 secs] 
1248.716: [GC (Allocation Failure) [PSYoungGen: 66432K->1360K(66560K)] 436551K->371487K(664064K), 0.0018918 secs] [Times: user=0.01 sys=0.00, real=0.01 secs] 
1248.985: [GC (Allocation Failure) [PSYoungGen: 66384K->1376K(66560K)] 436511K->371527K(664064K), 0.0020491 secs] [Times: user=0.01 sys=0.00, real=0.01 secs] 
1250.548: [GC (Allocation Failure) [PSYoungGen: 66400K->1392K(66560K)] 436551K->371543K(664064K), 0.0024865 secs] [Times: user=0.01 sys=0.00, real=0.00 secs] 
1251.261: [GC (Allocation Failure) [PSYoungGen: 66416K->1408K(66560K)] 436567K->371559K(664064K), 0.0027147 secs] [Times: user=0.01 sys=0.00, real=0.00 secs] 
1251.737: [GC (Allocation Failure) [PSYoungGen: 66432K->1344K(66560K)] 436583K->371511K(664064K), 0.0022384 secs] [Times: user=0.01 sys=0.00, real=0.00 secs] 
1252.277: [GC (Allocation Failure) [PSYoungGen: 66368K->1344K(66560K)] 436535K->371511K(664064K), 0.0022826 secs] [Times: user=0.01 sys=0.00, real=0.00 secs] 
1253.532: [GC (Allocation Failure) [PSYoungGen: 66368K->896K(66048K)] 436535K->372095K(663552K), 0.0018875 secs] [Times: user=0.01 sys=0.00, real=0.00 secs] 
1253.822: [GC (Allocation Failure) [PSYoungGen: 65408K->384K(66560K)] 436607K->371583K(664064K), 0.0019545 secs] [Times: user=0.01 sys=0.00, real=0.00 secs] 
1254.135: [GC (Allocation Failure) [PSYoungGen: 64896K->320K(66560K)] 436095K->371519K(664064K), 0.0020010 secs] [Times: user=0.00 sys=0.00, real=0.01 secs] 
1254.787: [GC (Allocation Failure) [PSYoungGen: 64832K->352K(66560K)] 436031K->371551K(664064K), 0.0024938 secs] [Times: user=0.00 sys=0.00, real=0.00 secs] 
1255.387: [GC (Allocation Failure) [PSYoungGen: 64864K->320K(66560K)] 436063K->371519K(664064K), 0.0030240 secs] [Times: user=0.02 sys=0.00, real=0.00 secs] 
1256.543: [GC (Allocation Failure) [PSYoungGen: 64832K->1376K(66560K)] 436031K->372575K(664064K), 0.0018819 secs] [Times: user=0.01 sys=0.00, real=0.00 secs] 
1256.844: [GC (Allocation Failure) [PSYoungGen: 65888K->1360K(66560K)] 437087K->372559K(664064K), 0.0019963 secs] [Times: user=0.01 sys=0.00, real=0.00 secs] 
1257.130: [GC (Allocation Failure) [PSYoungGen: 65872K->1376K(66560K)] 437071K->372583K(664064K), 0.0018837 secs] [Times: user=0.00 sys=0.00, real=0.00 secs] 
1257.453: [GC (Allocation Failure) [PSYoungGen: 65888K->1408K(66560K)] 437095K->372615K(664064K), 0.0018220 secs] [Times: user=0.00 sys=0.00, real=0.00 secs] 
1258.508: [GC (Allocation Failure) [PSYoungGen: 65920K->1408K(66560K)] 437127K->372615K(664064K), 0.0018261 secs] [Times: user=0.01 sys=0.00, real=0.00 secs] 
1258.776: [GC (Allocation Failure) [PSYoungGen: 65920K->1424K(67072K)] 437127K->372631K(664576K), 0.0016765 secs] [Times: user=0.00 sys=0.00, real=0.01 secs] 
1259.222: [GC (Allocation Failure) [PSYoungGen: 65936K->1376K(66048K)] 437143K->372607K(663552K), 0.0018326 secs] [Times: user=0.01 sys=0.00, real=0.00 secs] 
1259.731: [GC (Allocation Failure) [PSYoungGen: 65888K->1376K(66560K)] 437119K->372615K(664064K), 0.0018798 secs] [Times: user=0.01 sys=0.00, real=0.00 secs] 
1260.983: [GC (Allocation Failure) [PSYoungGen: 65888K->1344K(66560K)] 437127K->372591K(664064K), 0.0014853 secs] [Times: user=0.01 sys=0.00, real=0.00 secs] 
1261.363: [GC (Allocation Failure) [PSYoungGen: 65856K->1376K(66560K)] 437103K->372623K(664064K), 0.0019810 secs] [Times: user=0.01 sys=0.00, real=0.00 secs] 
1261.677: [GC (Allocation Failure) [PSYoungGen: 65888K->1408K(66560K)] 437135K->372663K(664064K), 0.0020133 secs] [Times: user=0.01 sys=0.00, real=0.00 secs] 
1261.981: [GC (Allocation Failure) [PSYoungGen: 65920K->1392K(66560K)] 437175K->372647K(664064K), 0.0034526 secs] [Times: user=0.01 sys=0.00, real=0.00 secs] 
1262.303: [GC (Allocation Failure) [PSYoungGen: 65904K->1408K(66560K)] 437159K->372663K(664064K), 0.0022996 secs] [Times: user=0.01 sys=0.00, real=0.00 secs] 
1264.071: [GC (Allocation Failure) [PSYoungGen: 65920K->1408K(66560K)] 437175K->372663K(664064K), 0.0037644 secs] [Times: user=0.01 sys=0.00, real=0.00 secs] 
1264.860: [GC (Allocation Failure) [PSYoungGen: 65920K->1376K(66560K)] 437175K->372631K(664064K), 0.0038929 secs] [Times: user=0.02 sys=0.00, real=0.00 secs] 
1265.527: [GC (Allocation Failure) [PSYoungGen: 65888K->1408K(66560K)] 437143K->372663K(664064K), 0.0030877 secs] [Times: user=0.01 sys=0.00, real=0.00 secs] 
1266.377: [GC (Allocation Failure) [PSYoungGen: 65920K->1392K(66560K)] 437175K->372647K(664064K), 0.0039950 secs] [Times: user=0.01 sys=0.01, real=0.00 secs] 
1268.037: [GC (Allocation Failure) [PSYoungGen: 65904K->1440K(66560K)] 437159K->372703K(664064K), 0.0018185 secs] [Times: user=0.01 sys=0.00, real=0.00 secs] 
1268.320: [GC (Allocation Failure) [PSYoungGen: 65952K->1408K(66560K)] 437215K->372671K(664064K), 0.0019969 secs] [Times: user=0.01 sys=0.00, real=0.00 secs] 
1268.673: [GC (Allocation Failure) [PSYoungGen: 65920K->1408K(66560K)] 437183K->372671K(664064K), 0.0019199 secs] [Times: user=0.01 sys=0.00, real=0.00 secs] 
1269.137: [GC (Allocation Failure) [PSYoungGen: 65920K->1408K(66560K)] 437183K->372671K(664064K), 0.0023439 secs] [Times: user=0.01 sys=0.00, real=0.00 secs] 
1269.619: [GC (Allocation Failure) [PSYoungGen: 65920K->1376K(66560K)] 437183K->372639K(664064K), 0.0023865 secs] [Times: user=0.01 sys=0.00, real=0.00 secs] 
1270.825: [GC (Allocation Failure) [PSYoungGen: 65888K->1472K(66560K)] 437151K->372759K(664064K), 0.0018213 secs] [Times: user=0.01 sys=0.00, real=0.00 secs] 
1271.126: [GC (Allocation Failure) [PSYoungGen: 65984K->1376K(66560K)] 437271K->372663K(664064K), 0.0021990 secs] [Times: user=0.01 sys=0.00, real=0.01 secs] 
1271.436: [GC (Allocation Failure) [PSYoungGen: 65888K->1408K(66560K)] 437175K->372695K(664064K), 0.0022153 secs] [Times: user=0.01 sys=0.00, real=0.01 secs] 
1271.990: [GC (Allocation Failure) [PSYoungGen: 65920K->1376K(66560K)] 437207K->372663K(664064K), 0.0025967 secs] [Times: user=0.01 sys=0.00, real=0.00 secs] 
1273.364: [GC (Allocation Failure) [PSYoungGen: 65888K->1440K(66560K)] 437175K->372727K(664064K), 0.0036473 secs] [Times: user=0.02 sys=0.00, real=0.01 secs] 
1274.101: [GC (Allocation Failure) [PSYoungGen: 65952K->1408K(66560K)] 437239K->372695K(664064K), 0.0026913 secs] [Times: user=0.01 sys=0.00, real=0.00 secs] 
1274.660: [GC (Allocation Failure) [PSYoungGen: 65920K->1408K(66560K)] 437207K->372695K(664064K), 0.0026114 secs] [Times: user=0.01 sys=0.00, real=0.00 secs] 
1275.175: [GC (Allocation Failure) [PSYoungGen: 65920K->1408K(66560K)] 437207K->372695K(664064K), 0.0025882 secs] [Times: user=0.01 sys=0.00, real=0.01 secs] 
1276.416: [GC (Allocation Failure) [PSYoungGen: 65920K->1408K(66560K)] 437207K->372695K(664064K), 0.0019968 secs] [Times: user=0.00 sys=0.00, real=0.01 secs] 
1276.832: [GC (Allocation Failure) [PSYoungGen: 65920K->1408K(66560K)] 437207K->372695K(664064K), 0.0020538 secs] [Times: user=0.01 sys=0.00, real=0.00 secs] 
1277.100: [GC (Allocation Failure) [PSYoungGen: 65920K->1344K(66560K)] 437207K->372647K(664064K), 0.0019686 secs] [Times: user=0.01 sys=0.00, real=0.00 secs] 
1277.368: [GC (Allocation Failure) [PSYoungGen: 65856K->1344K(66560K)] 437159K->372647K(664064K), 0.0022357 secs] [Times: user=0.01 sys=0.00, real=0.00 secs] 
1277.721: [GC (Allocation Failure) [PSYoungGen: 65856K->1376K(66048K)] 437159K->372679K(663552K), 0.0021865 secs] [Times: user=0.01 sys=0.00, real=0.00 secs] 
1280.022: [GC (Allocation Failure) [PSYoungGen: 65888K->1376K(66048K)] 437191K->372679K(663552K), 0.0039889 secs] [Times: user=0.01 sys=0.00, real=0.00 secs] 
1280.674: [GC (Allocation Failure) [PSYoungGen: 65888K->1408K(66048K)] 437191K->372719K(663552K), 0.0023724 secs] [Times: user=0.01 sys=0.00, real=0.00 secs] 
1281.368: [GC (Allocation Failure) [PSYoungGen: 65920K->1376K(66048K)] 437231K->372687K(663552K), 0.0023575 secs] [Times: user=0.01 sys=0.00, real=0.00 secs] 
1282.056: [GC (Allocation Failure) [PSYoungGen: 65888K->1376K(66048K)] 437199K->372687K(663552K), 0.0028533 secs] [Times: user=0.01 sys=0.00, real=0.01 secs] 
1283.526: [GC (Allocation Failure) [PSYoungGen: 65888K->1376K(66048K)] 437199K->372687K(663552K), 0.0017650 secs] [Times: user=0.00 sys=0.00, real=0.01 secs] 
1284.137: [GC (Allocation Failure) [PSYoungGen: 65888K->1344K(66048K)] 437199K->372655K(663552K), 0.0021660 secs] [Times: user=0.01 sys=0.00, real=0.00 secs] 
1284.761: [GC (Allocation Failure) [PSYoungGen: 65856K->1440K(66048K)] 437167K->372751K(663552K), 0.0062660 secs] [Times: user=0.03 sys=0.00, real=0.01 secs] 
1285.524: [GC (Allocation Failure) [PSYoungGen: 65952K->1376K(66048K)] 437263K->372687K(663552K), 0.0031667 secs] [Times: user=0.01 sys=0.00, real=0.01 secs] 
1287.040: [GC (Allocation Failure) [PSYoungGen: 65649K->192K(65536K)] 436960K->371503K(663040K), 0.0016648 secs] [Times: user=0.01 sys=0.00, real=0.00 secs] 
1287.773: [GC (Allocation Failure) [PSYoungGen: 64192K->1376K(66048K)] 435503K->372687K(663552K), 0.0020559 secs] [Times: user=0.01 sys=0.00, real=0.00 secs] 
1288.454: [GC (Allocation Failure) [PSYoungGen: 65376K->1392K(66048K)] 436687K->372703K(663552K), 0.0028116 secs] [Times: user=0.01 sys=0.00, real=0.01 secs] 
1289.238: [GC (Allocation Failure) [PSYoungGen: 65392K->1376K(66048K)] 436703K->372687K(663552K), 0.0030839 secs] [Times: user=0.02 sys=0.00, real=0.00 secs] 
1290.001: [GC (Allocation Failure) [PSYoungGen: 65376K->1376K(66048K)] 436687K->372687K(663552K), 0.0032052 secs] [Times: user=0.01 sys=0.00, real=0.00 secs] 
1292.912: [GC (Allocation Failure) [PSYoungGen: 65376K->1408K(66048K)] 436687K->372719K(663552K), 0.0034303 secs] [Times: user=0.02 sys=0.00, real=0.00 secs] 
1294.081: [GC (Allocation Failure) [PSYoungGen: 65408K->1408K(66048K)] 436719K->372719K(663552K), 0.0027930 secs] [Times: user=0.01 sys=0.00, real=0.00 secs] 
1295.195: [GC (Allocation Failure) [PSYoungGen: 65408K->1360K(66048K)] 436719K->372687K(663552K), 0.0033332 secs] [Times: user=0.01 sys=0.01, real=0.01 secs] 
1295.922: [GC (Allocation Failure) [PSYoungGen: 65360K->1376K(66048K)] 436687K->372703K(663552K), 0.0031605 secs] [Times: user=0.02 sys=0.00, real=0.00 secs] 
1297.172: [GC (Allocation Failure) [PSYoungGen: 65376K->1408K(66048K)] 436703K->372735K(663552K), 0.0017120 secs] [Times: user=0.01 sys=0.00, real=0.00 secs] 
1297.438: [GC (Allocation Failure) [PSYoungGen: 65408K->1376K(66048K)] 436735K->372703K(663552K), 0.0016240 secs] [Times: user=0.01 sys=0.00, real=0.00 secs] 
1297.793: [GC (Allocation Failure) [PSYoungGen: 65376K->1344K(66048K)] 436703K->372671K(663552K), 0.0018262 secs] [Times: user=0.01 sys=0.00, real=0.00 secs] 
1298.350: [GC (Allocation Failure) [PSYoungGen: 65344K->1376K(66048K)] 436671K->372703K(663552K), 0.0018318 secs] [Times: user=0.01 sys=0.00, real=0.00 secs] 
1298.934: [GC (Allocation Failure) [PSYoungGen: 65376K->1408K(66048K)] 436703K->372735K(663552K), 0.0019318 secs] [Times: user=0.01 sys=0.00, real=0.00 secs] 
1300.350: [GC (Allocation Failure) [PSYoungGen: 65408K->1408K(66048K)] 436735K->372735K(663552K), 0.0022795 secs] [Times: user=0.01 sys=0.00, real=0.00 secs] 
1300.742: [GC (Allocation Failure) [PSYoungGen: 65408K->1328K(66048K)] 436735K->372655K(663552K), 0.0021546 secs] [Times: user=0.01 sys=0.00, real=0.00 secs] 
1301.040: [GC (Allocation Failure) [PSYoungGen: 65328K->1408K(66048K)] 436655K->372735K(663552K), 0.0022280 secs] [Times: user=0.01 sys=0.00, real=0.00 secs] 
1301.401: [GC (Allocation Failure) [PSYoungGen: 65408K->1344K(66048K)] 436735K->372671K(663552K), 0.0026106 secs] [Times: user=0.01 sys=0.00, real=0.00 secs] 
1302.765: [GC (Allocation Failure) [PSYoungGen: 65344K->1408K(66048K)] 436671K->372735K(663552K), 0.0019999 secs] [Times: user=0.01 sys=0.00, real=0.01 secs] 
1303.301: [GC (Allocation Failure) [PSYoungGen: 65408K->1376K(65536K)] 436735K->372711K(663040K), 0.0022777 secs] [Times: user=0.00 sys=0.00, real=0.00 secs] 
1304.099: [GC (Allocation Failure) [PSYoungGen: 65376K->1376K(65536K)] 436711K->372711K(663040K), 0.0028198 secs] [Times: user=0.01 sys=0.00, real=0.00 secs] 
1304.720: [GC (Allocation Failure) [PSYoungGen: 65376K->1376K(65536K)] 436711K->372711K(663040K), 0.0029595 secs] [Times: user=0.01 sys=0.00, real=0.00 secs] 
1305.306: [GC (Allocation Failure) [PSYoungGen: 65376K->1344K(65536K)] 436711K->372679K(663040K), 0.0024519 secs] [Times: user=0.01 sys=0.00, real=0.01 secs] 
1307.222: [GC (Allocation Failure) [PSYoungGen: 65344K->1408K(65536K)] 436679K->372743K(663040K), 0.0033091 secs] [Times: user=0.01 sys=0.00, real=0.00 secs] 
1308.072: [GC (Allocation Failure) [PSYoungGen: 65408K->1344K(65536K)] 436743K->372679K(663040K), 0.0040273 secs] [Times: user=0.02 sys=0.00, real=0.00 secs] 
1308.802: [GC (Allocation Failure) [PSYoungGen: 65344K->1376K(65536K)] 436679K->372711K(663040K), 0.0029616 secs] [Times: user=0.01 sys=0.00, real=0.00 secs] 
1309.313: [GC (Allocation Failure) [PSYoungGen: 65376K->1376K(65536K)] 436711K->372711K(663040K), 0.0031651 secs] [Times: user=0.01 sys=0.00, real=0.00 secs] 
1310.532: [GC (Allocation Failure) [PSYoungGen: 65376K->1408K(65536K)] 436711K->372743K(663040K), 0.0019880 secs] [Times: user=0.00 sys=0.00, real=0.00 secs] 
1310.940: [GC (Allocation Failure) [PSYoungGen: 65408K->1376K(65536K)] 436743K->372711K(663040K), 0.0017658 secs] [Times: user=0.01 sys=0.00, real=0.00 secs] 
1311.465: [GC (Allocation Failure) [PSYoungGen: 65376K->1408K(65536K)] 436711K->372751K(663040K), 0.0020320 secs] [Times: user=0.00 sys=0.00, real=0.01 secs] 
1311.973: [GC (Allocation Failure) [PSYoungGen: 65408K->1392K(65536K)] 436751K->372735K(663040K), 0.0020298 secs] [Times: user=0.00 sys=0.00, real=0.00 secs] 
1313.358: [GC (Allocation Failure) [PSYoungGen: 65392K->896K(65536K)] 436735K->373263K(663040K), 0.0018202 secs] [Times: user=0.01 sys=0.00, real=0.00 secs] 
1314.142: [GC (Allocation Failure) [PSYoungGen: 64896K->384K(66048K)] 437263K->372751K(663552K), 0.0021334 secs] [Times: user=0.01 sys=0.00, real=0.00 secs] 
1315.026: [GC (Allocation Failure) [PSYoungGen: 64384K->320K(66048K)] 436751K->372695K(663552K), 0.0021579 secs] [Times: user=0.01 sys=0.00, real=0.01 secs] 
1315.588: [GC (Allocation Failure) [PSYoungGen: 64320K->352K(66048K)] 436695K->372727K(663552K), 0.0026515 secs] [Times: user=0.01 sys=0.00, real=0.00 secs] 
1316.385: [GC (Allocation Failure) [PSYoungGen: 64352K->320K(66048K)] 436727K->372695K(663552K), 0.0031589 secs] [Times: user=0.02 sys=0.00, real=0.01 secs] 
1317.656: [GC (Allocation Failure) [PSYoungGen: 64320K->1440K(66048K)] 436695K->373815K(663552K), 0.0017035 secs] [Times: user=0.01 sys=0.00, real=0.01 secs] 
1317.995: [GC (Allocation Failure) [PSYoungGen: 65440K->1376K(66048K)] 437815K->373751K(663552K), 0.0017611 secs] [Times: user=0.01 sys=0.00, real=0.01 secs] 
1318.484: [GC (Allocation Failure) [PSYoungGen: 65376K->1408K(66048K)] 437751K->373783K(663552K), 0.0017429 secs] [Times: user=0.01 sys=0.00, real=0.00 secs] 
1319.049: [GC (Allocation Failure) [PSYoungGen: 65408K->1376K(66048K)] 437783K->373751K(663552K), 0.0020975 secs] [Times: user=0.00 sys=0.00, real=0.00 secs] 
1320.436: [GC (Allocation Failure) [PSYoungGen: 65376K->1424K(66560K)] 437751K->373799K(664064K), 0.0023552 secs] [Times: user=0.01 sys=0.01, real=0.01 secs] 
1321.113: [GC (Allocation Failure) [PSYoungGen: 65424K->1312K(65536K)] 437799K->373687K(663040K), 0.0022903 secs] [Times: user=0.01 sys=0.00, real=0.00 secs] 
1321.865: [GC (Allocation Failure) [PSYoungGen: 65312K->1392K(66048K)] 437687K->373783K(663552K), 0.0025331 secs] [Times: user=0.01 sys=0.00, real=0.01 secs] 
1322.414: [GC (Allocation Failure) [PSYoungGen: 65392K->1344K(66048K)] 437783K->373735K(663552K), 0.0023361 secs] [Times: user=0.01 sys=0.00, real=0.00 secs] 
1322.987: [GC (Allocation Failure) [PSYoungGen: 65344K->1376K(66048K)] 437735K->373767K(663552K), 0.0025143 secs] [Times: user=0.01 sys=0.00, real=0.00 secs] 
1324.286: [GC (Allocation Failure) [PSYoungGen: 65376K->1408K(66048K)] 437767K->373799K(663552K), 0.0030202 secs] [Times: user=0.01 sys=0.00, real=0.01 secs] 
1324.846: [GC (Allocation Failure) [PSYoungGen: 65408K->1376K(66048K)] 437799K->373767K(663552K), 0.0035138 secs] [Times: user=0.01 sys=0.00, real=0.01 secs] 
1325.632: [GC (Allocation Failure) [PSYoungGen: 65376K->1408K(66048K)] 437767K->373799K(663552K), 0.0024962 secs] [Times: user=0.01 sys=0.00, real=0.00 secs] 
1326.622: [GC (Allocation Failure) [PSYoungGen: 65408K->1344K(66048K)] 437799K->373735K(663552K), 0.0038779 secs] [Times: user=0.01 sys=0.00, real=0.00 secs] 
1328.821: [GC (Allocation Failure) [PSYoungGen: 65344K->1376K(66048K)] 437735K->373767K(663552K), 0.0022620 secs] [Times: user=0.01 sys=0.00, real=0.00 secs] 
1330.152: [GC (Allocation Failure) [PSYoungGen: 65376K->1408K(66048K)] 437767K->373799K(663552K), 0.0033624 secs] [Times: user=0.01 sys=0.00, real=0.00 secs] 
1331.042: [GC (Allocation Failure) [PSYoungGen: 65408K->1376K(66048K)] 437799K->373767K(663552K), 0.0034924 secs] [Times: user=0.01 sys=0.00, real=0.00 secs] 
1332.057: [GC (Allocation Failure) [PSYoungGen: 65376K->1376K(66048K)] 437767K->373767K(663552K), 0.0027019 secs] [Times: user=0.01 sys=0.00, real=0.00 secs] 
1333.657: [GC (Allocation Failure) [PSYoungGen: 65376K->1376K(66048K)] 437767K->373767K(663552K), 0.0016463 secs] [Times: user=0.01 sys=0.00, real=0.00 secs] 
1334.012: [GC (Allocation Failure) [PSYoungGen: 65376K->1376K(66048K)] 437767K->373767K(663552K), 0.0020328 secs] [Times: user=0.00 sys=0.00, real=0.00 secs] 
1334.290: [GC (Allocation Failure) [PSYoungGen: 65376K->1376K(66048K)] 437767K->373783K(663552K), 0.0018966 secs] [Times: user=0.01 sys=0.00, real=0.00 secs] 
1334.560: [GC (Allocation Failure) [PSYoungGen: 65376K->1360K(66048K)] 437783K->373767K(663552K), 0.0018035 secs] [Times: user=0.01 sys=0.00, real=0.00 secs] 
1334.882: [GC (Allocation Failure) [PSYoungGen: 65360K->1440K(66048K)] 437767K->373855K(663552K), 0.0020823 secs] [Times: user=0.00 sys=0.00, real=0.00 secs] 
1335.846: [GC (Allocation Failure) [PSYoungGen: 65440K->1440K(66048K)] 437855K->373855K(663552K), 0.0017408 secs] [Times: user=0.01 sys=0.00, real=0.01 secs] 
1336.134: [GC (Allocation Failure) [PSYoungGen: 65440K->1376K(66048K)] 437855K->373791K(663552K), 0.0018587 secs] [Times: user=0.00 sys=0.00, real=0.00 secs] 
1336.400: [GC (Allocation Failure) [PSYoungGen: 65376K->1376K(66048K)] 437791K->373799K(663552K), 0.0018773 secs] [Times: user=0.00 sys=0.00, real=0.00 secs] 
1336.666: [GC (Allocation Failure) [PSYoungGen: 65376K->1376K(66048K)] 437799K->373799K(663552K), 0.0019068 secs] [Times: user=0.01 sys=0.00, real=0.01 secs] 
1337.760: [GC (Allocation Failure) [PSYoungGen: 65376K->1376K(66048K)] 437799K->373799K(663552K), 0.0018873 secs] [Times: user=0.01 sys=0.00, real=0.00 secs] 
1338.108: [GC (Allocation Failure) [PSYoungGen: 65376K->1408K(66048K)] 437799K->373831K(663552K), 0.0018114 secs] [Times: user=0.00 sys=0.00, real=0.00 secs] 
1338.514: [GC (Allocation Failure) [PSYoungGen: 65408K->1344K(66048K)] 437831K->373767K(663552K), 0.0019985 secs] [Times: user=0.00 sys=0.00, real=0.00 secs] 
1339.379: [GC (Allocation Failure) [PSYoungGen: 65344K->1408K(66048K)] 437767K->373855K(663552K), 0.0023925 secs] [Times: user=0.01 sys=0.00, real=0.00 secs] 
1340.216: [GC (Allocation Failure) [PSYoungGen: 65408K->1408K(66048K)] 437855K->373855K(663552K), 0.0025733 secs] [Times: user=0.01 sys=0.00, real=0.01 secs] 
1341.422: [GC (Allocation Failure) [PSYoungGen: 65408K->1360K(66048K)] 437855K->373807K(663552K), 0.0017875 secs] [Times: user=0.01 sys=0.00, real=0.00 secs] 
1341.688: [GC (Allocation Failure) [PSYoungGen: 65360K->1408K(66048K)] 437807K->373855K(663552K), 0.0021645 secs] [Times: user=0.01 sys=0.00, real=0.00 secs] 
1342.300: [GC (Allocation Failure) [PSYoungGen: 65408K->1376K(65536K)] 437855K->373823K(663040K), 0.0038512 secs] [Times: user=0.02 sys=0.00, real=0.00 secs] 
1343.020: [GC (Allocation Failure) [PSYoungGen: 65376K->1408K(65536K)] 437823K->373855K(663040K), 0.0042189 secs] [Times: user=0.01 sys=0.00, real=0.00 secs] 
1344.513: [GC (Allocation Failure) [PSYoungGen: 65408K->1424K(65536K)] 437855K->373871K(663040K), 0.0018233 secs] [Times: user=0.01 sys=0.00, real=0.00 secs] 
1344.780: [GC (Allocation Failure) [PSYoungGen: 65424K->1360K(65536K)] 437871K->373807K(663040K), 0.0017844 secs] [Times: user=0.00 sys=0.00, real=0.00 secs] 
1345.046: [GC (Allocation Failure) [PSYoungGen: 65360K->1376K(65536K)] 437807K->373823K(663040K), 0.0018213 secs] [Times: user=0.00 sys=0.00, real=0.01 secs] 
1345.312: [GC (Allocation Failure) [PSYoungGen: 65376K->1312K(65536K)] 437823K->373759K(663040K), 0.0018500 secs] [Times: user=0.01 sys=0.00, real=0.00 secs] 
1345.606: [GC (Allocation Failure) [PSYoungGen: 65304K->288K(65536K)] 437752K->372735K(663040K), 0.0018814 secs] [Times: user=0.00 sys=0.00, real=0.01 secs] 
1346.584: [GC (Allocation Failure) [PSYoungGen: 64288K->1408K(66048K)] 436735K->373855K(663552K), 0.0019217 secs] [Times: user=0.01 sys=0.00, real=0.00 secs] 
1347.103: [GC (Allocation Failure) [PSYoungGen: 65408K->1376K(66048K)] 437855K->373823K(663552K), 0.0020795 secs] [Times: user=0.00 sys=0.00, real=0.00 secs] 
1347.603: [GC (Allocation Failure) [PSYoungGen: 65376K->1408K(66048K)] 437823K->373855K(663552K), 0.0021927 secs] [Times: user=0.01 sys=0.00, real=0.00 secs] 
1348.114: [GC (Allocation Failure) [PSYoungGen: 65408K->1376K(66048K)] 437855K->373823K(663552K), 0.0022532 secs] [Times: user=0.01 sys=0.00, real=0.01 secs] 
1349.439: [GC (Allocation Failure) [PSYoungGen: 65376K->1408K(66048K)] 437823K->373855K(663552K), 0.0036816 secs] [Times: user=0.01 sys=0.00, real=0.00 secs] 
1350.040: [GC (Allocation Failure) [PSYoungGen: 65408K->1344K(66048K)] 437855K->373799K(663552K), 0.0027616 secs] [Times: user=0.01 sys=0.00, real=0.00 secs] 
1350.780: [GC (Allocation Failure) [PSYoungGen: 65344K->1376K(66048K)] 437799K->373831K(663552K), 0.0030292 secs] [Times: user=0.02 sys=0.00, real=0.00 secs] 
1351.555: [GC (Allocation Failure) [PSYoungGen: 65376K->1408K(66048K)] 437831K->373863K(663552K), 0.0033005 secs] [Times: user=0.01 sys=0.00, real=0.01 secs] 
1353.183: [GC (Allocation Failure) [PSYoungGen: 65408K->1920K(66048K)] 437863K->374375K(663552K), 0.0024216 secs] [Times: user=0.01 sys=0.00, real=0.00 secs] 
1354.016: [GC (Allocation Failure) [PSYoungGen: 65920K->1408K(66048K)] 438375K->373863K(663552K), 0.0031125 secs] [Times: user=0.01 sys=0.00, real=0.01 secs] 
1354.709: [GC (Allocation Failure) [PSYoungGen: 65408K->1408K(66048K)] 437863K->373863K(663552K), 0.0031264 secs] [Times: user=0.01 sys=0.00, real=0.00 secs] 
1355.246: [GC (Allocation Failure) [PSYoungGen: 65408K->1344K(66048K)] 437863K->373799K(663552K), 0.0026308 secs] [Times: user=0.01 sys=0.00, real=0.01 secs] 
1355.762: [GC (Allocation Failure) [PSYoungGen: 65344K->1376K(66048K)] 437799K->373831K(663552K), 0.0028016 secs] [Times: user=0.01 sys=0.00, real=0.00 secs] 
1356.932: [GC (Allocation Failure) [PSYoungGen: 65376K->1440K(66048K)] 437831K->373895K(663552K), 0.0019282 secs] [Times: user=0.01 sys=0.00, real=0.00 secs] 
1357.199: [GC (Allocation Failure) [PSYoungGen: 65440K->1408K(66048K)] 437895K->373863K(663552K), 0.0019914 secs] [Times: user=0.01 sys=0.00, real=0.00 secs] 
1357.484: [GC (Allocation Failure) [PSYoungGen: 65408K->1408K(66048K)] 437863K->373863K(663552K), 0.0019999 secs] [Times: user=0.01 sys=0.00, real=0.00 secs] 
1357.750: [GC (Allocation Failure) [PSYoungGen: 65408K->1376K(66048K)] 437863K->373831K(663552K), 0.0019413 secs] [Times: user=0.01 sys=0.00, real=0.00 secs] 
1358.972: [GC (Allocation Failure) [PSYoungGen: 65376K->1408K(66048K)] 437831K->373863K(663552K), 0.0020509 secs] [Times: user=0.01 sys=0.00, real=0.00 secs] 
1359.611: [GC (Allocation Failure) [PSYoungGen: 65408K->1376K(66048K)] 437863K->373831K(663552K), 0.0021850 secs] [Times: user=0.01 sys=0.00, real=0.00 secs] 
1360.093: [GC (Allocation Failure) [PSYoungGen: 65376K->1360K(66048K)] 437831K->373831K(663552K), 0.0027276 secs] [Times: user=0.01 sys=0.00, real=0.00 secs] 
1360.434: [GC (Allocation Failure) [PSYoungGen: 65360K->1376K(66048K)] 437831K->373847K(663552K), 0.0020684 secs] [Times: user=0.01 sys=0.00, real=0.00 secs] 
1360.709: [GC (Allocation Failure) [PSYoungGen: 65376K->1376K(66048K)] 437847K->373847K(663552K), 0.0020390 secs] [Times: user=0.01 sys=0.00, real=0.00 secs] 
1362.784: [GC (Allocation Failure) [PSYoungGen: 65376K->1392K(65536K)] 437847K->373863K(663040K), 0.0034310 secs] [Times: user=0.01 sys=0.00, real=0.01 secs] 
1363.587: [GC (Allocation Failure) [PSYoungGen: 65392K->1408K(65536K)] 437863K->373879K(663040K), 0.0035150 secs] [Times: user=0.01 sys=0.00, real=0.00 secs] 
1364.193: [GC (Allocation Failure) [PSYoungGen: 65408K->368K(65024K)] 437879K->373863K(662528K), 0.0023354 secs] [Times: user=0.01 sys=0.00, real=0.00 secs] 
1364.678: [GC (Allocation Failure) [PSYoungGen: 64368K->352K(66048K)] 437863K->373847K(663552K), 0.0020661 secs] [Times: user=0.01 sys=0.00, real=0.00 secs] 
1366.106: [GC (Allocation Failure) [PSYoungGen: 64352K->1408K(66048K)] 437847K->374903K(663552K), 0.0018981 secs] [Times: user=0.01 sys=0.00, real=0.01 secs] 
1367.137: [GC (Allocation Failure) [PSYoungGen: 65408K->1408K(66048K)] 438903K->374903K(663552K), 0.0021553 secs] [Times: user=0.01 sys=0.00, real=0.00 secs] 
1368.379: [GC (Allocation Failure) [PSYoungGen: 65408K->1344K(66048K)] 438903K->374839K(663552K), 0.0056931 secs] [Times: user=0.02 sys=0.00, real=0.00 secs] 
1369.153: [GC (Allocation Failure) [PSYoungGen: 65344K->1376K(66048K)] 438839K->374871K(663552K), 0.0030405 secs] [Times: user=0.01 sys=0.00, real=0.00 secs] 
1370.451: [GC (Allocation Failure) [PSYoungGen: 65376K->1664K(66048K)] 438871K->375159K(663552K), 0.0017395 secs] [Times: user=0.01 sys=0.00, real=0.00 secs] 
1371.165: [GC (Allocation Failure) [PSYoungGen: 65664K->1408K(66048K)] 439159K->374903K(663552K), 0.0036266 secs] [Times: user=0.02 sys=0.00, real=0.01 secs] 
1371.686: [GC (Allocation Failure) [PSYoungGen: 65408K->1344K(66048K)] 438903K->374839K(663552K), 0.0028315 secs] [Times: user=0.02 sys=0.00, real=0.01 secs] 
1372.212: [GC (Allocation Failure) [PSYoungGen: 65344K->1376K(66048K)] 438839K->374879K(663552K), 0.0020973 secs] [Times: user=0.01 sys=0.00, real=0.00 secs] 
1372.729: [GC (Allocation Failure) [PSYoungGen: 65376K->1376K(66048K)] 438879K->374879K(663552K), 0.0023504 secs] [Times: user=0.01 sys=0.00, real=0.00 secs] 
1374.181: [GC (Allocation Failure) [PSYoungGen: 65376K->1440K(66048K)] 438879K->374943K(663552K), 0.0038658 secs] [Times: user=0.01 sys=0.00, real=0.00 secs] 
1374.494: [GC (Allocation Failure) [PSYoungGen: 65440K->1376K(66048K)] 438943K->374879K(663552K), 0.0022530 secs] [Times: user=0.01 sys=0.00, real=0.00 secs] 
1374.797: [GC (Allocation Failure) [PSYoungGen: 65376K->1376K(66048K)] 438879K->374879K(663552K), 0.0028457 secs] [Times: user=0.01 sys=0.00, real=0.00 secs] 
1375.468: [GC (Allocation Failure) [PSYoungGen: 65376K->1344K(66048K)] 438879K->374847K(663552K), 0.0024707 secs] [Times: user=0.01 sys=0.00, real=0.00 secs] 
1377.053: [GC (Allocation Failure) [PSYoungGen: 65344K->1408K(66048K)] 438847K->374911K(663552K), 0.0018606 secs] [Times: user=0.01 sys=0.00, real=0.00 secs] 
1377.507: [GC (Allocation Failure) [PSYoungGen: 65408K->1360K(66048K)] 438911K->374863K(663552K), 0.0019906 secs] [Times: user=0.01 sys=0.00, real=0.00 secs] 
1378.061: [GC (Allocation Failure) [PSYoungGen: 65360K->1344K(66048K)] 438863K->374847K(663552K), 0.0022828 secs] [Times: user=0.01 sys=0.00, real=0.00 secs] 
1378.613: [GC (Allocation Failure) [PSYoungGen: 65344K->1376K(66048K)] 438847K->374879K(663552K), 0.0022911 secs] [Times: user=0.01 sys=0.00, real=0.00 secs] 
1379.166: [GC (Allocation Failure) [PSYoungGen: 65376K->1376K(66048K)] 438879K->374879K(663552K), 0.0034079 secs] [Times: user=0.01 sys=0.00, real=0.01 secs] 
1381.422: [GC (Allocation Failure) [PSYoungGen: 65376K->1360K(66048K)] 438879K->374863K(663552K), 0.0030313 secs] [Times: user=0.01 sys=0.00, real=0.00 secs] 
1381.964: [GC (Allocation Failure) [PSYoungGen: 65360K->1376K(66048K)] 438863K->374887K(663552K), 0.0031228 secs] [Times: user=0.01 sys=0.00, real=0.01 secs] 
1382.592: [GC (Allocation Failure) [PSYoungGen: 65376K->1376K(65536K)] 438887K->374887K(663040K), 0.0028622 secs] [Times: user=0.01 sys=0.00, real=0.00 secs] 
1383.259: [GC (Allocation Failure) [PSYoungGen: 65376K->1408K(65536K)] 438887K->374919K(663040K), 0.0028531 secs] [Times: user=0.01 sys=0.00, real=0.00 secs] 
1384.788: [GC (Allocation Failure) [PSYoungGen: 65408K->384K(65024K)] 438919K->374919K(662528K), 0.0022414 secs] [Times: user=0.01 sys=0.00, real=0.00 secs] 
1385.570: [GC (Allocation Failure) [PSYoungGen: 64384K->320K(66048K)] 438919K->374855K(663552K), 0.0041194 secs] [Times: user=0.02 sys=0.00, real=0.00 secs] 
1386.173: [GC (Allocation Failure) [PSYoungGen: 64320K->352K(66048K)] 438855K->374887K(663552K), 0.0040189 secs] [Times: user=0.01 sys=0.00, real=0.01 secs] 
1386.695: [GC (Allocation Failure) [PSYoungGen: 64352K->352K(66048K)] 438887K->374887K(663552K), 0.0026414 secs] [Times: user=0.01 sys=0.00, real=0.01 secs] 
1387.986: [GC (Allocation Failure) [PSYoungGen: 64124K->224K(66048K)] 438660K->374759K(663552K), 0.0015573 secs] [Times: user=0.01 sys=0.00, real=0.01 secs] 
1388.305: [GC (Allocation Failure) [PSYoungGen: 64224K->1376K(66048K)] 438759K->375911K(663552K), 0.0019781 secs] [Times: user=0.01 sys=0.00, real=0.01 secs] 
1388.607: [GC (Allocation Failure) [PSYoungGen: 65376K->1312K(66048K)] 439911K->375847K(663552K), 0.0020696 secs] [Times: user=0.01 sys=0.00, real=0.00 secs] 
1388.874: [GC (Allocation Failure) [PSYoungGen: 65312K->1376K(66048K)] 439847K->375911K(663552K), 0.0020344 secs] [Times: user=0.01 sys=0.00, real=0.00 secs] 
1389.140: [GC (Allocation Failure) [PSYoungGen: 65376K->1344K(66560K)] 439911K->375879K(664064K), 0.0020253 secs] [Times: user=0.01 sys=0.00, real=0.00 secs] 
1390.151: [GC (Allocation Failure) [PSYoungGen: 65344K->1408K(66560K)] 439879K->375943K(664064K), 0.0017669 secs] [Times: user=0.01 sys=0.00, real=0.00 secs] 
1390.421: [GC (Allocation Failure) [PSYoungGen: 65408K->1344K(66560K)] 439943K->375879K(664064K), 0.0018436 secs] [Times: user=0.01 sys=0.01, real=0.00 secs] 
1390.686: [GC (Allocation Failure) [PSYoungGen: 65344K->1312K(66560K)] 439879K->375855K(664064K), 0.0018646 secs] [Times: user=0.00 sys=0.00, real=0.01 secs] 
1390.952: [GC (Allocation Failure) [PSYoungGen: 65312K->1408K(66560K)] 439855K->375951K(664064K), 0.0018245 secs] [Times: user=0.01 sys=0.00, real=0.00 secs] 
1392.630: [GC (Allocation Failure) [PSYoungGen: 65408K->1408K(66560K)] 439951K->375951K(664064K), 0.0045045 secs] [Times: user=0.02 sys=0.00, real=0.00 secs] 
1393.821: [GC (Allocation Failure) [PSYoungGen: 65408K->1408K(66560K)] 439951K->375951K(664064K), 0.0042474 secs] [Times: user=0.02 sys=0.01, real=0.00 secs] 
1394.243: [GC (Allocation Failure) [PSYoungGen: 65408K->1344K(65536K)] 439951K->375887K(663040K), 0.0022540 secs] [Times: user=0.01 sys=0.00, real=0.00 secs] 
1394.809: [GC (Allocation Failure) [PSYoungGen: 65344K->1360K(66048K)] 439887K->375903K(663552K), 0.0022473 secs] [Times: user=0.01 sys=0.00, real=0.00 secs] 
1395.590: [GC (Allocation Failure) [PSYoungGen: 65360K->1376K(66048K)] 439903K->375919K(663552K), 0.0029511 secs] [Times: user=0.02 sys=0.00, real=0.00 secs] 
1396.890: [GC (Allocation Failure) [PSYoungGen: 65376K->1408K(66048K)] 439919K->375951K(663552K), 0.0018578 secs] [Times: user=0.01 sys=0.01, real=0.00 secs] 
1397.498: [GC (Allocation Failure) [PSYoungGen: 65408K->1408K(66048K)] 439951K->375951K(663552K), 0.0049306 secs] [Times: user=0.02 sys=0.00, real=0.00 secs] 
1398.193: [GC (Allocation Failure) [PSYoungGen: 65408K->1376K(66048K)] 439951K->375919K(663552K), 0.0024781 secs] [Times: user=0.01 sys=0.00, real=0.00 secs] 
1398.745: [GC (Allocation Failure) [PSYoungGen: 65376K->1376K(66048K)] 439919K->375919K(663552K), 0.0028615 secs] [Times: user=0.01 sys=0.00, real=0.01 secs] 
1400.220: [GC (Allocation Failure) [PSYoungGen: 65376K->1376K(66048K)] 439919K->375919K(663552K), 0.0018760 secs] [Times: user=0.01 sys=0.00, real=0.00 secs] 
1400.943: [GC (Allocation Failure) [PSYoungGen: 65376K->1408K(66048K)] 439919K->375951K(663552K), 0.0031958 secs] [Times: user=0.02 sys=0.00, real=0.01 secs] 
1401.659: [GC (Allocation Failure) [PSYoungGen: 65408K->1344K(66048K)] 439951K->375895K(663552K), 0.0028691 secs] [Times: user=0.01 sys=0.01, real=0.00 secs] 
1402.597: [GC (Allocation Failure) [PSYoungGen: 65344K->1392K(66048K)] 439895K->375943K(663552K), 0.0032485 secs] [Times: user=0.01 sys=0.00, real=0.01 secs] 
1403.558: [GC (Allocation Failure) [PSYoungGen: 65392K->1376K(66048K)] 439943K->375927K(663552K), 0.0034845 secs] [Times: user=0.02 sys=0.00, real=0.00 secs] 
1405.400: [GC (Allocation Failure) [PSYoungGen: 65376K->1440K(66048K)] 439927K->375991K(663552K), 0.0021352 secs] [Times: user=0.01 sys=0.00, real=0.00 secs] 
1405.680: [GC (Allocation Failure) [PSYoungGen: 65440K->1376K(66048K)] 439991K->375935K(663552K), 0.0019271 secs] [Times: user=0.01 sys=0.00, real=0.00 secs] 
1405.946: [GC (Allocation Failure) [PSYoungGen: 65376K->1376K(66048K)] 439935K->375935K(663552K), 0.0018662 secs] [Times: user=0.01 sys=0.00, real=0.01 secs] 
1406.236: [GC (Allocation Failure) [PSYoungGen: 65376K->1344K(66048K)] 439935K->375903K(663552K), 0.0019625 secs] [Times: user=0.01 sys=0.00, real=0.01 secs] 
1407.823: [GC (Allocation Failure) [PSYoungGen: 65344K->1424K(66048K)] 439903K->375991K(663552K), 0.0021620 secs] [Times: user=0.01 sys=0.00, real=0.00 secs] 
1408.440: [GC (Allocation Failure) [PSYoungGen: 65424K->1376K(66048K)] 439991K->375943K(663552K), 0.0026324 secs] [Times: user=0.01 sys=0.00, real=0.00 secs] 
1408.970: [GC (Allocation Failure) [PSYoungGen: 65376K->1376K(66048K)] 439943K->375943K(663552K), 0.0025692 secs] [Times: user=0.01 sys=0.00, real=0.00 secs] 
1409.681: [GC (Allocation Failure) [PSYoungGen: 65376K->1344K(66048K)] 439943K->375911K(663552K), 0.0029589 secs] [Times: user=0.01 sys=0.00, real=0.00 secs] 
1410.916: [GC (Allocation Failure) [PSYoungGen: 65344K->1888K(66048K)] 439911K->376455K(663552K), 0.0018346 secs] [Times: user=0.01 sys=0.00, real=0.01 secs] 
1411.217: [GC (Allocation Failure) [PSYoungGen: 65888K->1376K(66048K)] 440455K->375943K(663552K), 0.0016367 secs] [Times: user=0.00 sys=0.00, real=0.00 secs] 
1411.554: [GC (Allocation Failure) [PSYoungGen: 65376K->1408K(66048K)] 439943K->375983K(663552K), 0.0019190 secs] [Times: user=0.01 sys=0.00, real=0.00 secs] 
1411.821: [GC (Allocation Failure) [PSYoungGen: 65408K->1376K(66048K)] 439983K->375951K(663552K), 0.0018253 secs] [Times: user=0.01 sys=0.00, real=0.00 secs] 
1412.091: [GC (Allocation Failure) [PSYoungGen: 65376K->1344K(66048K)] 439951K->375919K(663552K), 0.0020098 secs] [Times: user=0.01 sys=0.00, real=0.00 secs] 
1413.081: [GC (Allocation Failure) [PSYoungGen: 65344K->1408K(66048K)] 439919K->375983K(663552K), 0.0016741 secs] [Times: user=0.00 sys=0.00, real=0.00 secs] 
1413.485: [GC (Allocation Failure) [PSYoungGen: 65408K->1376K(66048K)] 439983K->375951K(663552K), 0.0017166 secs] [Times: user=0.01 sys=0.00, real=0.00 secs] 
1414.004: [GC (Allocation Failure) [PSYoungGen: 65376K->1344K(66048K)] 439951K->375919K(663552K), 0.0019855 secs] [Times: user=0.01 sys=0.00, real=0.00 secs] 
1414.477: [GC (Allocation Failure) [PSYoungGen: 65344K->1376K(66048K)] 439919K->375951K(663552K), 0.0020372 secs] [Times: user=0.01 sys=0.00, real=0.00 secs] 
1415.747: [GC (Allocation Failure) [PSYoungGen: 65376K->1440K(66048K)] 439951K->376015K(663552K), 0.0019717 secs] [Times: user=0.01 sys=0.00, real=0.00 secs] 
1416.013: [GC (Allocation Failure) [PSYoungGen: 65440K->1408K(66048K)] 440015K->375983K(663552K), 0.0020856 secs] [Times: user=0.01 sys=0.00, real=0.00 secs] 
1416.279: [GC (Allocation Failure) [PSYoungGen: 65408K->1344K(66048K)] 439983K->375935K(663552K), 0.0021727 secs] [Times: user=0.01 sys=0.00, real=0.00 secs] 
1416.546: [GC (Allocation Failure) [PSYoungGen: 65344K->1376K(66048K)] 439935K->375967K(663552K), 0.0019922 secs] [Times: user=0.01 sys=0.00, real=0.01 secs] 
1416.818: [GC (Allocation Failure) [PSYoungGen: 65376K->1376K(65536K)] 439967K->375967K(663040K), 0.0021010 secs] [Times: user=0.01 sys=0.01, real=0.00 secs] 
1417.771: [GC (Allocation Failure) [PSYoungGen: 65376K->1376K(65536K)] 439967K->375983K(663040K), 0.0019696 secs] [Times: user=0.01 sys=0.00, real=0.00 secs] 
1418.036: [GC (Allocation Failure) [PSYoungGen: 65376K->320K(65024K)] 439983K->375951K(662528K), 0.0016435 secs] [Times: user=0.00 sys=0.00, real=0.01 secs] 
1418.301: [GC (Allocation Failure) [PSYoungGen: 64320K->368K(66048K)] 439951K->375999K(663552K), 0.0017193 secs] [Times: user=0.01 sys=0.00, real=0.00 secs] 
1418.566: [GC (Allocation Failure) [PSYoungGen: 64368K->352K(66048K)] 439999K->375983K(663552K), 0.0018609 secs] [Times: user=0.01 sys=0.00, real=0.01 secs] 
1419.780: [GC (Allocation Failure) [PSYoungGen: 64352K->1408K(66048K)] 439983K->377039K(663552K), 0.0018350 secs] [Times: user=0.01 sys=0.00, real=0.00 secs] 
1420.330: [GC (Allocation Failure) [PSYoungGen: 65408K->1344K(66048K)] 441039K->376975K(663552K), 0.0021935 secs] [Times: user=0.01 sys=0.00, real=0.00 secs] 
1420.946: [GC (Allocation Failure) [PSYoungGen: 65344K->1408K(66048K)] 440975K->377039K(663552K), 0.0027698 secs] [Times: user=0.02 sys=0.00, real=0.01 secs] 
1421.214: [GC (Allocation Failure) [PSYoungGen: 65408K->1408K(66048K)] 441039K->377039K(663552K), 0.0019726 secs] [Times: user=0.00 sys=0.00, real=0.00 secs] 
1422.178: [GC (Allocation Failure) [PSYoungGen: 65408K->1664K(66048K)] 441039K->377295K(663552K), 0.0018346 secs] [Times: user=0.00 sys=0.00, real=0.00 secs] 
1422.450: [GC (Allocation Failure) [PSYoungGen: 65664K->1408K(66048K)] 441295K->377039K(663552K), 0.0016956 secs] [Times: user=0.00 sys=0.00, real=0.00 secs] 
1422.716: [GC (Allocation Failure) [PSYoungGen: 65408K->1408K(66048K)] 441039K->377039K(663552K), 0.0021410 secs] [Times: user=0.01 sys=0.00, real=0.01 secs] 
1422.983: [GC (Allocation Failure) [PSYoungGen: 65408K->1376K(66048K)] 441039K->377007K(663552K), 0.0021182 secs] [Times: user=0.01 sys=0.00, real=0.00 secs] 
1423.249: [GC (Allocation Failure) [PSYoungGen: 65376K->1360K(66048K)] 441007K->376991K(663552K), 0.0019991 secs] [Times: user=0.01 sys=0.00, real=0.00 secs] 
1424.207: [GC (Allocation Failure) [PSYoungGen: 65360K->1376K(66048K)] 440991K->377007K(663552K), 0.0017485 secs] [Times: user=0.01 sys=0.00, real=0.01 secs] 
1424.472: [GC (Allocation Failure) [PSYoungGen: 65376K->1408K(66048K)] 441007K->377039K(663552K), 0.0018496 secs] [Times: user=0.00 sys=0.00, real=0.00 secs] 
1424.748: [GC (Allocation Failure) [PSYoungGen: 65408K->1344K(66048K)] 441039K->376975K(663552K), 0.0017274 secs] [Times: user=0.00 sys=0.00, real=0.00 secs] 
1425.014: [GC (Allocation Failure) [PSYoungGen: 65344K->1344K(66048K)] 440975K->376975K(663552K), 0.0019108 secs] [Times: user=0.00 sys=0.00, real=0.00 secs] 
1426.098: [GC (Allocation Failure) [PSYoungGen: 65344K->1408K(66048K)] 440975K->377039K(663552K), 0.0018234 secs] [Times: user=0.00 sys=0.00, real=0.00 secs] 
1426.634: [GC (Allocation Failure) [PSYoungGen: 65408K->1344K(66048K)] 441039K->376975K(663552K), 0.0025249 secs] [Times: user=0.01 sys=0.00, real=0.00 secs] 
1427.190: [GC (Allocation Failure) [PSYoungGen: 65344K->1344K(66048K)] 440975K->376999K(663552K), 0.0033214 secs] [Times: user=0.01 sys=0.00, real=0.00 secs] 
1427.877: [GC (Allocation Failure) [PSYoungGen: 65344K->1376K(66048K)] 440999K->377031K(663552K), 0.0027716 secs] [Times: user=0.01 sys=0.00, real=0.00 secs] 
1428.362: [GC (Allocation Failure) [PSYoungGen: 65376K->1376K(66048K)] 441031K->377031K(663552K), 0.0025329 secs] [Times: user=0.01 sys=0.00, real=0.00 secs] 
1429.868: [GC (Allocation Failure) [PSYoungGen: 65376K->1408K(66048K)] 441031K->377063K(663552K), 0.0128993 secs] [Times: user=0.06 sys=0.00, real=0.01 secs] 
1430.803: [GC (Allocation Failure) [PSYoungGen: 65408K->1344K(66048K)] 441063K->376999K(663552K), 0.0031151 secs] [Times: user=0.01 sys=0.00, real=0.00 secs] 
1431.371: [GC (Allocation Failure) [PSYoungGen: 65344K->1344K(66048K)] 440999K->376999K(663552K), 0.0028142 secs] [Times: user=0.01 sys=0.00, real=0.00 secs] 
1432.262: [GC (Allocation Failure) [PSYoungGen: 65344K->1344K(66048K)] 440999K->376999K(663552K), 0.0031320 secs] [Times: user=0.02 sys=0.00, real=0.00 secs] 
1433.871: [GC (Allocation Failure) [PSYoungGen: 65344K->1392K(66048K)] 440999K->377047K(663552K), 0.0019217 secs] [Times: user=0.01 sys=0.00, real=0.00 secs] 
1434.221: [GC (Allocation Failure) [PSYoungGen: 65392K->1392K(66048K)] 441047K->377047K(663552K), 0.0020775 secs] [Times: user=0.01 sys=0.00, real=0.00 secs] 
1434.487: [GC (Allocation Failure) [PSYoungGen: 65392K->1376K(66048K)] 441047K->377031K(663552K), 0.0020602 secs] [Times: user=0.01 sys=0.00, real=0.00 secs] 
1434.843: [GC (Allocation Failure) [PSYoungGen: 65376K->1408K(66048K)] 441031K->377063K(663552K), 0.0022014 secs] [Times: user=0.01 sys=0.00, real=0.00 secs] 
1436.090: [GC (Allocation Failure) [PSYoungGen: 65408K->1376K(65536K)] 441063K->377031K(663040K), 0.0017783 secs] [Times: user=0.01 sys=0.00, real=0.00 secs] 
1436.393: [GC (Allocation Failure) [PSYoungGen: 65376K->1408K(65536K)] 441031K->377063K(663040K), 0.0018293 secs] [Times: user=0.01 sys=0.00, real=0.00 secs] 
1436.673: [GC (Allocation Failure) [PSYoungGen: 65408K->1344K(65536K)] 441063K->377023K(663040K), 0.0019621 secs] [Times: user=0.01 sys=0.00, real=0.00 secs] 
1436.939: [GC (Allocation Failure) [PSYoungGen: 65344K->1376K(65536K)] 441023K->377055K(663040K), 0.0017877 secs] [Times: user=0.01 sys=0.00, real=0.00 secs] 
1437.205: [GC (Allocation Failure) [PSYoungGen: 65376K->1344K(65536K)] 441055K->377023K(663040K), 0.0017610 secs] [Times: user=0.00 sys=0.00, real=0.01 secs] 
1439.194: [GC (Allocation Failure) [PSYoungGen: 65344K->1408K(65536K)] 441023K->377087K(663040K), 0.0045723 secs] [Times: user=0.01 sys=0.01, real=0.01 secs] 
1440.134: [GC (Allocation Failure) [PSYoungGen: 65408K->1360K(65536K)] 441087K->377039K(663040K), 0.0032156 secs] [Times: user=0.01 sys=0.00, real=0.01 secs] 
1440.884: [GC (Allocation Failure) [PSYoungGen: 65360K->1376K(65536K)] 441039K->377079K(663040K), 0.0032675 secs] [Times: user=0.02 sys=0.00, real=0.01 secs] 
1441.551: [GC (Allocation Failure) [PSYoungGen: 65376K->1376K(65536K)] 441079K->377079K(663040K), 0.0031429 secs] [Times: user=0.02 sys=0.00, real=0.00 secs] 
1442.874: [GC (Allocation Failure) [PSYoungGen: 65376K->1408K(65536K)] 441079K->377111K(663040K), 0.0022659 secs] [Times: user=0.01 sys=0.00, real=0.00 secs] 
1443.523: [GC (Allocation Failure) [PSYoungGen: 65408K->1344K(65536K)] 441111K->377047K(663040K), 0.0024852 secs] [Times: user=0.01 sys=0.00, real=0.00 secs] 
1443.933: [GC (Allocation Failure) [PSYoungGen: 65344K->1376K(65536K)] 441047K->377079K(663040K), 0.0020939 secs] [Times: user=0.01 sys=0.00, real=0.00 secs] 
1444.338: [GC (Allocation Failure) [PSYoungGen: 65376K->1376K(65536K)] 441079K->377079K(663040K), 0.0020591 secs] [Times: user=0.01 sys=0.00, real=0.00 secs] 
1444.952: [GC (Allocation Failure) [PSYoungGen: 65376K->1376K(65536K)] 441079K->377079K(663040K), 0.0023033 secs] [Times: user=0.01 sys=0.00, real=0.00 secs] 
1446.573: [GC (Allocation Failure) [PSYoungGen: 65376K->1408K(65536K)] 441079K->377111K(663040K), 0.0017297 secs] [Times: user=0.01 sys=0.00, real=0.00 secs] 
1446.840: [GC (Allocation Failure) [PSYoungGen: 65408K->1376K(65536K)] 441111K->377079K(663040K), 0.0022700 secs] [Times: user=0.01 sys=0.00, real=0.00 secs] 
1447.113: [GC (Allocation Failure) [PSYoungGen: 65376K->1408K(65536K)] 441079K->377111K(663040K), 0.0021989 secs] [Times: user=0.01 sys=0.00, real=0.00 secs] 
1447.383: [GC (Allocation Failure) [PSYoungGen: 65408K->1376K(65536K)] 441111K->377079K(663040K), 0.0025750 secs] [Times: user=0.01 sys=0.00, real=0.00 secs] 
1448.559: [GC (Allocation Failure) [PSYoungGen: 65376K->1392K(65536K)] 441079K->377095K(663040K), 0.0018955 secs] [Times: user=0.01 sys=0.00, real=0.00 secs] 
1449.117: [GC (Allocation Failure) [PSYoungGen: 65392K->1376K(65536K)] 441095K->377079K(663040K), 0.0020427 secs] [Times: user=0.01 sys=0.00, real=0.00 secs] 
1449.580: [GC (Allocation Failure) [PSYoungGen: 65376K->1344K(65536K)] 441079K->377055K(663040K), 0.0021262 secs] [Times: user=0.01 sys=0.00, real=0.00 secs] 
1449.856: [GC (Allocation Failure) [PSYoungGen: 65344K->1376K(65536K)] 441055K->377095K(663040K), 0.0027731 secs] [Times: user=0.00 sys=0.00, real=0.01 secs] 
1450.150: [GC (Allocation Failure) [PSYoungGen: 65364K->288K(65536K)] 441083K->376007K(663040K), 0.0021565 secs] [Times: user=0.01 sys=0.00, real=0.00 secs] 
1452.118: [GC (Allocation Failure) [PSYoungGen: 64288K->1408K(66048K)] 440007K->377127K(663552K), 0.0036422 secs] [Times: user=0.01 sys=0.00, real=0.00 secs] 
1452.901: [GC (Allocation Failure) [PSYoungGen: 65408K->1408K(66048K)] 441127K->377135K(663552K), 0.0024962 secs] [Times: user=0.01 sys=0.00, real=0.00 secs] 
1453.431: [GC (Allocation Failure) [PSYoungGen: 65408K->1408K(66048K)] 441135K->377135K(663552K), 0.0020922 secs] [Times: user=0.01 sys=0.00, real=0.00 secs] 
1453.957: [GC (Allocation Failure) [PSYoungGen: 65408K->1376K(66048K)] 441135K->377103K(663552K), 0.0022979 secs] [Times: user=0.01 sys=0.00, real=0.00 secs] 
1454.988: [GC (Allocation Failure) [PSYoungGen: 65376K->1376K(66048K)] 441103K->377111K(663552K), 0.0015552 secs] [Times: user=0.00 sys=0.00, real=0.00 secs] 
1455.534: [GC (Allocation Failure) [PSYoungGen: 65376K->1376K(66048K)] 441111K->377111K(663552K), 0.0023198 secs] [Times: user=0.01 sys=0.00, real=0.01 secs] 
1456.086: [GC (Allocation Failure) [PSYoungGen: 65376K->1376K(66048K)] 441111K->377111K(663552K), 0.0025538 secs] [Times: user=0.01 sys=0.00, real=0.01 secs] 
1456.616: [GC (Allocation Failure) [PSYoungGen: 65376K->1328K(66048K)] 441111K->377063K(663552K), 0.0020526 secs] [Times: user=0.01 sys=0.00, real=0.01 secs] 
1457.937: [GC (Allocation Failure) [PSYoungGen: 65328K->1952K(66048K)] 441063K->377687K(663552K), 0.0018513 secs] [Times: user=0.01 sys=0.00, real=0.00 secs] 
1458.391: [GC (Allocation Failure) [PSYoungGen: 65952K->1440K(66048K)] 441687K->377175K(663552K), 0.0018171 secs] [Times: user=0.00 sys=0.00, real=0.00 secs] 
1458.681: [GC (Allocation Failure) [PSYoungGen: 65440K->1376K(66048K)] 441175K->377111K(663552K), 0.0018859 secs] [Times: user=0.01 sys=0.00, real=0.00 secs] 
1459.016: [GC (Allocation Failure) [PSYoungGen: 65376K->1376K(66048K)] 441111K->377111K(663552K), 0.0024584 secs] [Times: user=0.01 sys=0.00, real=0.01 secs] 
1459.282: [GC (Allocation Failure) [PSYoungGen: 65376K->1408K(66048K)] 441111K->377167K(663552K), 0.0019959 secs] [Times: user=0.01 sys=0.00, real=0.00 secs] 
1461.137: [GC (Allocation Failure) [PSYoungGen: 65408K->1408K(66048K)] 441167K->377167K(663552K), 0.0033068 secs] [Times: user=0.02 sys=0.00, real=0.00 secs] 
1461.927: [GC (Allocation Failure) [PSYoungGen: 65408K->1376K(66048K)] 441167K->377135K(663552K), 0.0040307 secs] [Times: user=0.01 sys=0.00, real=0.00 secs] 
1462.511: [GC (Allocation Failure) [PSYoungGen: 65376K->1376K(66048K)] 441135K->377135K(663552K), 0.0027219 secs] [Times: user=0.01 sys=0.00, real=0.00 secs] 
1463.041: [GC (Allocation Failure) [PSYoungGen: 65376K->1360K(66048K)] 441135K->377119K(663552K), 0.0022949 secs] [Times: user=0.01 sys=0.00, real=0.00 secs] 
1464.393: [GC (Allocation Failure) [PSYoungGen: 65360K->1408K(66048K)] 441119K->377167K(663552K), 0.0018883 secs] [Times: user=0.01 sys=0.00, real=0.00 secs] 
1465.042: [GC (Allocation Failure) [PSYoungGen: 65408K->1376K(66048K)] 441167K->377135K(663552K), 0.0035550 secs] [Times: user=0.02 sys=0.00, real=0.00 secs] 
1465.573: [GC (Allocation Failure) [PSYoungGen: 65376K->1360K(66048K)] 441135K->377119K(663552K), 0.0021861 secs] [Times: user=0.01 sys=0.00, real=0.00 secs] 
1466.018: [GC (Allocation Failure) [PSYoungGen: 65360K->1376K(66048K)] 441119K->377135K(663552K), 0.0022946 secs] [Times: user=0.01 sys=0.01, real=0.00 secs] 
1466.506: [GC (Allocation Failure) [PSYoungGen: 65376K->1344K(65536K)] 441135K->377103K(663040K), 0.0023533 secs] [Times: user=0.01 sys=0.00, real=0.01 secs] 
1468.121: [GC (Allocation Failure) [PSYoungGen: 65344K->1408K(65536K)] 441103K->377167K(663040K), 0.0042308 secs] [Times: user=0.02 sys=0.00, real=0.00 secs] 
1469.070: [GC (Allocation Failure) [PSYoungGen: 65408K->1376K(65536K)] 441167K->377135K(663040K), 0.0038435 secs] [Times: user=0.02 sys=0.00, real=0.00 secs] 
1469.553: [GC (Allocation Failure) [PSYoungGen: 65376K->1344K(65536K)] 441135K->377103K(663040K), 0.0028183 secs] [Times: user=0.01 sys=0.00, real=0.00 secs] 
1470.048: [GC (Allocation Failure) [PSYoungGen: 65344K->1376K(65536K)] 441103K->377135K(663040K), 0.0038437 secs] [Times: user=0.02 sys=0.00, real=0.00 secs] 
1471.497: [GC (Allocation Failure) [PSYoungGen: 65376K->1408K(65536K)] 441135K->377167K(663040K), 0.0019556 secs] [Times: user=0.01 sys=0.00, real=0.00 secs] 
1471.805: [GC (Allocation Failure) [PSYoungGen: 65408K->1376K(65536K)] 441167K->377135K(663040K), 0.0019415 secs] [Times: user=0.00 sys=0.00, real=0.01 secs] 
1472.141: [GC (Allocation Failure) [PSYoungGen: 65376K->1376K(65536K)] 441135K->377143K(663040K), 0.0032442 secs] [Times: user=0.01 sys=0.00, real=0.00 secs] 
1472.452: [GC (Allocation Failure) [PSYoungGen: 65376K->1344K(65536K)] 441143K->377111K(663040K), 0.0022932 secs] [Times: user=0.01 sys=0.00, real=0.00 secs] 
1473.495: [GC (Allocation Failure) [PSYoungGen: 64884K->1408K(65536K)] 440652K->377687K(663040K), 0.0018822 secs] [Times: user=0.01 sys=0.00, real=0.01 secs] 
1474.068: [GC (Allocation Failure) [PSYoungGen: 65408K->1376K(65536K)] 441687K->377655K(663040K), 0.0034134 secs] [Times: user=0.01 sys=0.00, real=0.00 secs] 
1474.646: [GC (Allocation Failure) [PSYoungGen: 65376K->1408K(65536K)] 441655K->377687K(663040K), 0.0032252 secs] [Times: user=0.02 sys=0.00, real=0.01 secs] 
1475.072: [GC (Allocation Failure) [PSYoungGen: 65408K->1344K(65536K)] 441687K->377623K(663040K), 0.0023180 secs] [Times: user=0.01 sys=0.00, real=0.00 secs] 
1475.555: [GC (Allocation Failure) [PSYoungGen: 65344K->1376K(65536K)] 441623K->377655K(663040K), 0.0022263 secs] [Times: user=0.01 sys=0.00, real=0.01 secs] 
1477.070: [GC (Allocation Failure) [PSYoungGen: 65376K->1440K(65536K)] 441655K->377719K(663040K), 0.0022433 secs] [Times: user=0.01 sys=0.00, real=0.00 secs] 
1477.969: [GC (Allocation Failure) [PSYoungGen: 65440K->1408K(65536K)] 441719K->377687K(663040K), 0.0024778 secs] [Times: user=0.01 sys=0.00, real=0.00 secs] 
1478.673: [GC (Allocation Failure) [PSYoungGen: 65408K->1376K(65536K)] 441687K->377663K(663040K), 0.0030328 secs] [Times: user=0.01 sys=0.00, real=0.00 secs] 
1479.088: [GC (Allocation Failure) [PSYoungGen: 65376K->1376K(65536K)] 441663K->377663K(663040K), 0.0021445 secs] [Times: user=0.00 sys=0.00, real=0.00 secs] 
1480.926: [GC (Allocation Failure) [PSYoungGen: 65376K->1440K(65536K)] 441663K->377751K(663040K), 0.0032913 secs] [Times: user=0.01 sys=0.00, real=0.01 secs] 
1481.496: [GC (Allocation Failure) [PSYoungGen: 65440K->1344K(65536K)] 441751K->377655K(663040K), 0.0022781 secs] [Times: user=0.01 sys=0.00, real=0.01 secs] 
1482.014: [GC (Allocation Failure) [PSYoungGen: 65344K->1344K(65536K)] 441655K->377655K(663040K), 0.0020870 secs] [Times: user=0.00 sys=0.00, real=0.00 secs] 
1482.454: [GC (Allocation Failure) [PSYoungGen: 65344K->1408K(65536K)] 441655K->377719K(663040K), 0.0025214 secs] [Times: user=0.01 sys=0.00, real=0.00 secs] 
1482.962: [GC (Allocation Failure) [PSYoungGen: 65408K->1344K(65536K)] 441719K->377655K(663040K), 0.0019478 secs] [Times: user=0.01 sys=0.00, real=0.00 secs] 
1484.722: [GC (Allocation Failure) [PSYoungGen: 65344K->1440K(65536K)] 441655K->377751K(663040K), 0.0040885 secs] [Times: user=0.01 sys=0.00, real=0.00 secs] 
1485.436: [GC (Allocation Failure) [PSYoungGen: 65440K->1392K(65536K)] 441751K->377703K(663040K), 0.0040043 secs] [Times: user=0.02 sys=0.00, real=0.01 secs] 
1486.238: [GC (Allocation Failure) [PSYoungGen: 65392K->1376K(65536K)] 441703K->377687K(663040K), 0.0040814 secs] [Times: user=0.02 sys=0.00, real=0.00 secs] 
1486.962: [GC (Allocation Failure) [PSYoungGen: 65376K->1312K(65536K)] 441687K->377623K(663040K), 0.0033628 secs] [Times: user=0.02 sys=0.00, real=0.00 secs] 
1488.451: [GC (Allocation Failure) [PSYoungGen: 65312K->1408K(65536K)] 441623K->377719K(663040K), 0.0017882 secs] [Times: user=0.01 sys=0.00, real=0.00 secs] 
1488.893: [GC (Allocation Failure) [PSYoungGen: 65408K->1376K(65536K)] 441719K->377687K(663040K), 0.0020476 secs] [Times: user=0.01 sys=0.00, real=0.00 secs] 
1489.205: [GC (Allocation Failure) [PSYoungGen: 65376K->1344K(65536K)] 441687K->377655K(663040K), 0.0033188 secs] [Times: user=0.01 sys=0.00, real=0.01 secs] 
1489.681: [GC (Allocation Failure) [PSYoungGen: 65344K->1408K(65536K)] 441655K->377719K(663040K), 0.0028689 secs] [Times: user=0.01 sys=0.00, real=0.00 secs] 
1490.988: [GC (Allocation Failure) [PSYoungGen: 65408K->1440K(65536K)] 441719K->377751K(663040K), 0.0017175 secs] [Times: user=0.00 sys=0.00, real=0.00 secs] 
1491.316: [GC (Allocation Failure) [PSYoungGen: 65440K->1376K(65536K)] 441751K->377687K(663040K), 0.0028977 secs] [Times: user=0.01 sys=0.00, real=0.01 secs] 
1491.579: [GC (Allocation Failure) [PSYoungGen: 65376K->1376K(65536K)] 441687K->377703K(663040K), 0.0022775 secs] [Times: user=0.01 sys=0.00, real=0.00 secs] 
1492.043: [GC (Allocation Failure) [PSYoungGen: 65376K->1408K(65536K)] 441703K->377735K(663040K), 0.0020356 secs] [Times: user=0.01 sys=0.00, real=0.00 secs] 
1492.524: [GC (Allocation Failure) [PSYoungGen: 65408K->1376K(65536K)] 441735K->377703K(663040K), 0.0031259 secs] [Times: user=0.01 sys=0.00, real=0.01 secs] 
1494.117: [GC (Allocation Failure) [PSYoungGen: 65376K->1408K(65536K)] 441703K->377735K(663040K), 0.0021634 secs] [Times: user=0.01 sys=0.00, real=0.01 secs] 
1494.739: [GC (Allocation Failure) [PSYoungGen: 65408K->1408K(65536K)] 441735K->377735K(663040K), 0.0044105 secs] [Times: user=0.02 sys=0.00, real=0.00 secs] 
1495.255: [GC (Allocation Failure) [PSYoungGen: 65408K->1376K(65536K)] 441735K->377703K(663040K), 0.0030141 secs] [Times: user=0.01 sys=0.00, real=0.01 secs] 
1495.805: [GC (Allocation Failure) [PSYoungGen: 65376K->1344K(65536K)] 441703K->377671K(663040K), 0.0025853 secs] [Times: user=0.01 sys=0.00, real=0.01 secs] 
1497.150: [GC (Allocation Failure) [PSYoungGen: 65344K->1376K(65536K)] 441671K->377703K(663040K), 0.0020219 secs] [Times: user=0.00 sys=0.00, real=0.00 secs] 
1497.481: [GC (Allocation Failure) [PSYoungGen: 65376K->1376K(65536K)] 441703K->377703K(663040K), 0.0023483 secs] [Times: user=0.01 sys=0.00, real=0.00 secs] 
1498.112: [GC (Allocation Failure) [PSYoungGen: 65376K->1376K(65536K)] 441703K->377703K(663040K), 0.0023103 secs] [Times: user=0.01 sys=0.01, real=0.00 secs] 
1498.696: [GC (Allocation Failure) [PSYoungGen: 65376K->1376K(65536K)] 441703K->377703K(663040K), 0.0028340 secs] [Times: user=0.01 sys=0.00, real=0.01 secs] 
1499.682: [GC (Allocation Failure) [PSYoungGen: 65376K->1408K(65536K)] 441703K->377735K(663040K), 0.0044040 secs] [Times: user=0.02 sys=0.00, real=0.00 secs] 
1500.878: [GC (Allocation Failure) [PSYoungGen: 65408K->1360K(65536K)] 441735K->377695K(663040K), 0.0017570 secs] [Times: user=0.01 sys=0.00, real=0.00 secs] 
1501.319: [GC (Allocation Failure) [PSYoungGen: 65360K->1376K(65536K)] 441695K->377711K(663040K), 0.0021347 secs] [Times: user=0.01 sys=0.00, real=0.00 secs] 
1502.026: [GC (Allocation Failure) [PSYoungGen: 65376K->1376K(65536K)] 441711K->377711K(663040K), 0.0023410 secs] [Times: user=0.01 sys=0.00, real=0.01 secs] 
1502.911: [GC (Allocation Failure) [PSYoungGen: 65376K->1408K(65536K)] 441711K->377743K(663040K), 0.0039438 secs] [Times: user=0.02 sys=0.00, real=0.00 secs] 
1504.800: [GC (Allocation Failure) [PSYoungGen: 65408K->1392K(65536K)] 441743K->377727K(663040K), 0.0025402 secs] [Times: user=0.01 sys=0.00, real=0.00 secs] 
1506.677: [GC (Allocation Failure) [PSYoungGen: 65392K->1360K(65536K)] 441727K->377695K(663040K), 0.0030617 secs] [Times: user=0.01 sys=0.00, real=0.00 secs] 
1507.406: [GC (Allocation Failure) [PSYoungGen: 65360K->1376K(65536K)] 441695K->377711K(663040K), 0.0028816 secs] [Times: user=0.01 sys=0.01, real=0.01 secs] 
1508.456: [GC (Allocation Failure) [PSYoungGen: 65376K->1344K(65536K)] 441711K->377679K(663040K), 0.0019740 secs] [Times: user=0.01 sys=0.00, real=0.01 secs] 
1509.001: [GC (Allocation Failure) [PSYoungGen: 65344K->1328K(65536K)] 441679K->377663K(663040K), 0.0021435 secs] [Times: user=0.01 sys=0.00, real=0.00 secs] 
1509.558: [GC (Allocation Failure) [PSYoungGen: 65328K->1360K(65536K)] 441663K->377695K(663040K), 0.0020620 secs] [Times: user=0.01 sys=0.00, real=0.00 secs] 
1510.105: [GC (Allocation Failure) [PSYoungGen: 65360K->1344K(65536K)] 441695K->377679K(663040K), 0.0023202 secs] [Times: user=0.01 sys=0.00, real=0.01 secs] 
1511.456: [GC (Allocation Failure) [PSYoungGen: 65344K->1504K(65536K)] 441679K->377919K(663040K), 0.0016352 secs] [Times: user=0.01 sys=0.00, real=0.01 secs] 
1512.258: [GC (Allocation Failure) [PSYoungGen: 65504K->1248K(65536K)] 441919K->377663K(663040K), 0.0019969 secs] [Times: user=0.01 sys=0.00, real=0.00 secs] 
1512.968: [GC (Allocation Failure) [PSYoungGen: 65248K->1312K(65536K)] 441663K->377727K(663040K), 0.0027164 secs] [Times: user=0.01 sys=0.00, real=0.00 secs] 
1513.671: [GC (Allocation Failure) [PSYoungGen: 65312K->1296K(65536K)] 441727K->377719K(663040K), 0.0022560 secs] [Times: user=0.01 sys=0.00, real=0.00 secs] 
1514.421: [GC (Allocation Failure) [PSYoungGen: 65296K->1344K(65536K)] 441719K->377767K(663040K), 0.0026656 secs] [Times: user=0.01 sys=0.00, real=0.00 secs] 
1515.840: [GC (Allocation Failure) [PSYoungGen: 65344K->1376K(65536K)] 441767K->377815K(663040K), 0.0017860 secs] [Times: user=0.00 sys=0.00, real=0.00 secs] 
1516.395: [GC (Allocation Failure) [PSYoungGen: 65376K->1408K(65536K)] 441815K->377847K(663040K), 0.0018109 secs] [Times: user=0.01 sys=0.00, real=0.01 secs] 
1517.346: [GC (Allocation Failure) [PSYoungGen: 65408K->1360K(65536K)] 441847K->377799K(663040K), 0.0026015 secs] [Times: user=0.01 sys=0.00, real=0.01 secs] 
1518.408: [GC (Allocation Failure) [PSYoungGen: 65360K->1360K(65536K)] 441799K->377799K(663040K), 0.0072384 secs] [Times: user=0.02 sys=0.00, real=0.00 secs] 
1520.410: [GC (Allocation Failure) [PSYoungGen: 65360K->1472K(65536K)] 441799K->377911K(663040K), 0.0032433 secs] [Times: user=0.01 sys=0.00, real=0.00 secs] 
1520.689: [GC (Allocation Failure) [PSYoungGen: 65472K->1408K(65536K)] 441911K->377847K(663040K), 0.0020951 secs] [Times: user=0.01 sys=0.00, real=0.00 secs] 
1521.141: [GC (Allocation Failure) [PSYoungGen: 65408K->1376K(65536K)] 441847K->377815K(663040K), 0.0021480 secs] [Times: user=0.01 sys=0.00, real=0.00 secs] 
1522.115: [GC (Allocation Failure) [PSYoungGen: 65376K->1408K(65536K)] 441815K->377847K(663040K), 0.0042388 secs] [Times: user=0.01 sys=0.00, real=0.01 secs] 
1522.977: [GC (Allocation Failure) [PSYoungGen: 65408K->1408K(65536K)] 441847K->377863K(663040K), 0.0040400 secs] [Times: user=0.02 sys=0.00, real=0.00 secs] 
1524.395: [GC (Allocation Failure) [PSYoungGen: 65408K->1408K(65536K)] 441863K->377863K(663040K), 0.0033551 secs] [Times: user=0.01 sys=0.00, real=0.01 secs] 
1524.919: [GC (Allocation Failure) [PSYoungGen: 65408K->1376K(65536K)] 441863K->377847K(663040K), 0.0025253 secs] [Times: user=0.01 sys=0.00, real=0.00 secs] 
1525.499: [GC (Allocation Failure) [PSYoungGen: 65376K->1376K(65536K)] 441847K->377847K(663040K), 0.0023929 secs] [Times: user=0.02 sys=0.00, real=0.00 secs] 
1526.150: [GC (Allocation Failure) [PSYoungGen: 65376K->1376K(65536K)] 441847K->377847K(663040K), 0.0037165 secs] [Times: user=0.01 sys=0.00, real=0.00 secs] 
1527.768: [GC (Allocation Failure) [PSYoungGen: 65376K->1408K(65536K)] 441847K->377879K(663040K), 0.0042467 secs] [Times: user=0.02 sys=0.00, real=0.00 secs] 
1528.538: [GC (Allocation Failure) [PSYoungGen: 65408K->1376K(65536K)] 441879K->377847K(663040K), 0.0035116 secs] [Times: user=0.01 sys=0.00, real=0.00 secs] 
1529.139: [GC (Allocation Failure) [PSYoungGen: 65376K->1376K(65536K)] 441847K->377863K(663040K), 0.0029225 secs] [Times: user=0.01 sys=0.00, real=0.00 secs] 
1529.406: [GC (Allocation Failure) [PSYoungGen: 65376K->1328K(65536K)] 441863K->377815K(663040K), 0.0020632 secs] [Times: user=0.01 sys=0.00, real=0.01 secs] 
1529.802: [GC (Allocation Failure) [PSYoungGen: 65328K->1312K(65536K)] 441815K->377799K(663040K), 0.0036251 secs] [Times: user=0.02 sys=0.00, real=0.00 secs] 
1531.162: [GC (Allocation Failure) [PSYoungGen: 65312K->1408K(65536K)] 441799K->377895K(663040K), 0.0028252 secs] [Times: user=0.02 sys=0.00, real=0.00 secs] 
1531.466: [GC (Allocation Failure) [PSYoungGen: 65408K->1376K(65536K)] 441895K->377871K(663040K), 0.0021198 secs] [Times: user=0.01 sys=0.00, real=0.01 secs] 
1531.732: [GC (Allocation Failure) [PSYoungGen: 65376K->1376K(65536K)] 441871K->377871K(663040K), 0.0020002 secs] [Times: user=0.00 sys=0.00, real=0.00 secs] 
1531.998: [GC (Allocation Failure) [PSYoungGen: 65376K->1376K(65536K)] 441871K->377871K(663040K), 0.0019895 secs] [Times: user=0.01 sys=0.00, real=0.00 secs] 
1533.859: [GC (Allocation Failure) [PSYoungGen: 65376K->1408K(65536K)] 441871K->377903K(663040K), 0.0039138 secs] [Times: user=0.01 sys=0.00, real=0.00 secs] 
1534.534: [GC (Allocation Failure) [PSYoungGen: 65408K->1408K(65536K)] 441903K->377903K(663040K), 0.0031465 secs] [Times: user=0.01 sys=0.00, real=0.01 secs] 
1534.930: [GC (Allocation Failure) [PSYoungGen: 65408K->1408K(65536K)] 441903K->377903K(663040K), 0.0031466 secs] [Times: user=0.01 sys=0.00, real=0.00 secs] 
1535.377: [GC (Allocation Failure) [PSYoungGen: 65408K->1344K(65536K)] 441903K->377839K(663040K), 0.0025209 secs] [Times: user=0.01 sys=0.00, real=0.00 secs] 
1536.895: [GC (Allocation Failure) [PSYoungGen: 65344K->864K(65536K)] 441839K->378383K(663040K), 0.0019612 secs] [Times: user=0.01 sys=0.00, real=0.01 secs] 
1537.680: [GC (Allocation Failure) [PSYoungGen: 64864K->352K(65536K)] 442383K->377871K(663040K), 0.0017302 secs] [Times: user=0.01 sys=0.00, real=0.00 secs] 
1538.042: [GC (Allocation Failure) [PSYoungGen: 64352K->368K(66048K)] 441871K->377887K(663552K), 0.0020728 secs] [Times: user=0.01 sys=0.00, real=0.00 secs] 
1538.440: [GC (Allocation Failure) [PSYoungGen: 64368K->352K(66048K)] 441887K->377871K(663552K), 0.0019194 secs] [Times: user=0.01 sys=0.00, real=0.00 secs] 
1538.952: [GC (Allocation Failure) [PSYoungGen: 64352K->320K(66048K)] 441871K->377839K(663552K), 0.0028277 secs] [Times: user=0.02 sys=0.00, real=0.00 secs] 
1541.313: [GC (Allocation Failure) [PSYoungGen: 64320K->1376K(66048K)] 441839K->378895K(663552K), 0.0040292 secs] [Times: user=0.02 sys=0.00, real=0.01 secs] 
1541.887: [GC (Allocation Failure) [PSYoungGen: 65376K->1312K(66048K)] 442895K->378839K(663552K), 0.0036754 secs] [Times: user=0.02 sys=0.00, real=0.00 secs] 
1542.420: [GC (Allocation Failure) [PSYoungGen: 65312K->1376K(66048K)] 442839K->378903K(663552K), 0.0031720 secs] [Times: user=0.01 sys=0.00, real=0.00 secs] 
1542.949: [GC (Allocation Failure) [PSYoungGen: 65376K->1376K(66048K)] 442903K->378903K(663552K), 0.0033705 secs] [Times: user=0.01 sys=0.00, real=0.00 secs] 
1544.312: [GC (Allocation Failure) [PSYoungGen: 65376K->1408K(66048K)] 442903K->378935K(663552K), 0.0026148 secs] [Times: user=0.01 sys=0.00, real=0.00 secs] 
1544.930: [GC (Allocation Failure) [PSYoungGen: 65408K->1376K(66048K)] 442935K->378903K(663552K), 0.0027177 secs] [Times: user=0.01 sys=0.01, real=0.00 secs] 
1545.582: [GC (Allocation Failure) [PSYoungGen: 65376K->1376K(66048K)] 442903K->378903K(663552K), 0.0025003 secs] [Times: user=0.01 sys=0.00, real=0.00 secs] 
1546.267: [GC (Allocation Failure) [PSYoungGen: 65376K->1376K(66048K)] 442903K->378903K(663552K), 0.0040661 secs] [Times: user=0.02 sys=0.00, real=0.00 secs] 
1547.151: [GC (Allocation Failure) [PSYoungGen: 65376K->1376K(66048K)] 442903K->378903K(663552K), 0.0041753 secs] [Times: user=0.01 sys=0.01, real=0.00 secs] 
1548.274: [GC (Allocation Failure) [PSYoungGen: 65376K->1376K(66048K)] 442903K->378903K(663552K), 0.0017679 secs] [Times: user=0.01 sys=0.00, real=0.00 secs] 
1548.661: [GC (Allocation Failure) [PSYoungGen: 65376K->1376K(66048K)] 442903K->378903K(663552K), 0.0020792 secs] [Times: user=0.00 sys=0.00, real=0.00 secs] 
1549.240: [GC (Allocation Failure) [PSYoungGen: 65376K->1408K(66048K)] 442903K->378935K(663552K), 0.0026506 secs] [Times: user=0.01 sys=0.00, real=0.00 secs] 
1549.782: [GC (Allocation Failure) [PSYoungGen: 65408K->1344K(66048K)] 442935K->378871K(663552K), 0.0028711 secs] [Times: user=0.02 sys=0.00, real=0.00 secs] 
1551.147: [GC (Allocation Failure) [PSYoungGen: 65344K->1440K(66048K)] 442871K->378967K(663552K), 0.0018269 secs] [Times: user=0.01 sys=0.00, real=0.00 secs] 
1551.660: [GC (Allocation Failure) [PSYoungGen: 65440K->1376K(66048K)] 442967K->378903K(663552K), 0.0017264 secs] [Times: user=0.00 sys=0.00, real=0.00 secs] 
1552.205: [GC (Allocation Failure) [PSYoungGen: 65376K->1312K(66048K)] 442903K->378847K(663552K), 0.0037683 secs] [Times: user=0.02 sys=0.00, real=0.01 secs] 
1552.534: [GC (Allocation Failure) [PSYoungGen: 65312K->1344K(66048K)] 442847K->378879K(663552K), 0.0020355 secs] [Times: user=0.01 sys=0.00, real=0.00 secs] 
1553.658: [GC (Allocation Failure) [PSYoungGen: 65344K->1536K(66048K)] 442879K->379071K(663552K), 0.0020278 secs] [Times: user=0.01 sys=0.00, real=0.00 secs] 
1555.008: [GC (Allocation Failure) [PSYoungGen: 65536K->1376K(66048K)] 443071K->378911K(663552K), 0.0030207 secs] [Times: user=0.02 sys=0.00, real=0.00 secs] 
1555.696: [GC (Allocation Failure) [PSYoungGen: 65376K->1344K(66048K)] 442911K->378879K(663552K), 0.0034797 secs] [Times: user=0.02 sys=0.00, real=0.01 secs] 
1556.369: [GC (Allocation Failure) [PSYoungGen: 65344K->1344K(66048K)] 442879K->378879K(663552K), 0.0032516 secs] [Times: user=0.02 sys=0.00, real=0.00 secs] 
1556.935: [GC (Allocation Failure) [PSYoungGen: 65344K->1312K(66048K)] 442879K->378847K(663552K), 0.0026292 secs] [Times: user=0.01 sys=0.00, real=0.01 secs] 
1559.082: [GC (Allocation Failure) [PSYoungGen: 65312K->1344K(66048K)] 442847K->378879K(663552K), 0.0033265 secs] [Times: user=0.02 sys=0.00, real=0.00 secs] 
1559.937: [GC (Allocation Failure) [PSYoungGen: 65344K->1344K(66048K)] 442879K->378879K(663552K), 0.0030988 secs] [Times: user=0.02 sys=0.00, real=0.00 secs] 
1560.712: [GC (Allocation Failure) [PSYoungGen: 65344K->1392K(66048K)] 442879K->378927K(663552K), 0.0030794 secs] [Times: user=0.01 sys=0.00, real=0.00 secs] 
1561.102: [GC (Allocation Failure) [PSYoungGen: 65392K->1344K(66048K)] 442927K->378879K(663552K), 0.0021857 secs] [Times: user=0.00 sys=0.00, real=0.00 secs] 
1562.204: [GC (Allocation Failure) [PSYoungGen: 65344K->1408K(66048K)] 442879K->378943K(663552K), 0.0016924 secs] [Times: user=0.01 sys=0.00, real=0.00 secs] 
1563.132: [GC (Allocation Failure) [PSYoungGen: 65408K->1408K(66048K)] 442943K->378951K(663552K), 0.0040966 secs] [Times: user=0.02 sys=0.00, real=0.00 secs] 
1564.009: [GC (Allocation Failure) [PSYoungGen: 65408K->1376K(66048K)] 442951K->378919K(663552K), 0.0034892 secs] [Times: user=0.01 sys=0.00, real=0.00 secs] 
1564.526: [GC (Allocation Failure) [PSYoungGen: 65376K->1376K(66048K)] 442919K->378919K(663552K), 0.0032302 secs] [Times: user=0.01 sys=0.00, real=0.01 secs] 
1564.950: [GC (Allocation Failure) [PSYoungGen: 65376K->1376K(66048K)] 442919K->378919K(663552K), 0.0021020 secs] [Times: user=0.01 sys=0.00, real=0.00 secs] 
1566.195: [GC (Allocation Failure) [PSYoungGen: 65376K->1408K(66048K)] 442919K->378951K(663552K), 0.0019368 secs] [Times: user=0.01 sys=0.00, real=0.01 secs] 
1566.709: [GC (Allocation Failure) [PSYoungGen: 65408K->1376K(65536K)] 442951K->378919K(663040K), 0.0038837 secs] [Times: user=0.01 sys=0.00, real=0.00 secs] 
1567.098: [GC (Allocation Failure) [PSYoungGen: 65376K->1408K(65536K)] 442919K->378951K(663040K), 0.0022623 secs] [Times: user=0.01 sys=0.00, real=0.00 secs] 
1567.395: [GC (Allocation Failure) [PSYoungGen: 65408K->1376K(65536K)] 442951K->378919K(663040K), 0.0020916 secs] [Times: user=0.01 sys=0.00, real=0.01 secs] 
1568.442: [GC (Allocation Failure) [PSYoungGen: 65376K->1408K(65536K)] 442919K->378951K(663040K), 0.0016964 secs] [Times: user=0.01 sys=0.00, real=0.00 secs] 
1568.961: [GC (Allocation Failure) [PSYoungGen: 65408K->1376K(65536K)] 442951K->378919K(663040K), 0.0016934 secs] [Times: user=0.00 sys=0.00, real=0.00 secs] 
1569.520: [GC (Allocation Failure) [PSYoungGen: 65376K->1408K(65536K)] 442919K->378959K(663040K), 0.0019125 secs] [Times: user=0.01 sys=0.00, real=0.00 secs] 
1570.043: [GC (Allocation Failure) [PSYoungGen: 65408K->1376K(65536K)] 442959K->378935K(663040K), 0.0018935 secs] [Times: user=0.01 sys=0.00, real=0.00 secs] 
1570.581: [GC (Allocation Failure) [PSYoungGen: 65361K->256K(65024K)] 442920K->377815K(662528K), 0.0020669 secs] [Times: user=0.01 sys=0.00, real=0.00 secs] 
1571.807: [GC (Allocation Failure) [PSYoungGen: 63744K->1376K(65536K)] 441303K->378935K(663040K), 0.0018979 secs] [Times: user=0.01 sys=0.00, real=0.00 secs] 
1572.272: [GC (Allocation Failure) [PSYoungGen: 64864K->1408K(65536K)] 442423K->378975K(663040K), 0.0021471 secs] [Times: user=0.01 sys=0.00, real=0.00 secs] 
1572.538: [GC (Allocation Failure) [PSYoungGen: 64896K->1360K(65536K)] 442463K->378927K(663040K), 0.0021084 secs] [Times: user=0.01 sys=0.00, real=0.00 secs] 
1572.802: [GC (Allocation Failure) [PSYoungGen: 64848K->1408K(65536K)] 442415K->378975K(663040K), 0.0019875 secs] [Times: user=0.01 sys=0.00, real=0.00 secs] 
1574.130: [GC (Allocation Failure) [PSYoungGen: 64896K->1344K(65536K)] 442463K->378927K(663040K), 0.0022862 secs] [Times: user=0.01 sys=0.00, real=0.00 secs] 
1574.650: [GC (Allocation Failure) [PSYoungGen: 64832K->1376K(65536K)] 442415K->378959K(663040K), 0.0028518 secs] [Times: user=0.01 sys=0.00, real=0.00 secs] 
1574.963: [GC (Allocation Failure) [PSYoungGen: 64864K->1344K(65536K)] 442447K->378927K(663040K), 0.0021127 secs] [Times: user=0.00 sys=0.00, real=0.00 secs] 
1575.304: [GC (Allocation Failure) [PSYoungGen: 64832K->1440K(65536K)] 442415K->379023K(663040K), 0.0020345 secs] [Times: user=0.01 sys=0.00, real=0.00 secs] 
1576.610: [GC (Allocation Failure) [PSYoungGen: 64928K->1664K(65536K)] 442511K->379247K(663040K), 0.0017884 secs] [Times: user=0.01 sys=0.00, real=0.00 secs] 
1577.692: [GC (Allocation Failure) [PSYoungGen: 65152K->1344K(65536K)] 442735K->378927K(663040K), 0.0035973 secs] [Times: user=0.02 sys=0.00, real=0.00 secs] 
1578.339: [GC (Allocation Failure) [PSYoungGen: 64832K->1376K(65536K)] 442415K->378959K(663040K), 0.0033927 secs] [Times: user=0.01 sys=0.00, real=0.00 secs] 
1579.207: [GC (Allocation Failure) [PSYoungGen: 64864K->1376K(65536K)] 442447K->378959K(663040K), 0.0030643 secs] [Times: user=0.02 sys=0.00, real=0.01 secs] 
1579.898: [GC (Allocation Failure) [PSYoungGen: 64864K->1408K(65536K)] 442447K->378999K(663040K), 0.0032344 secs] [Times: user=0.02 sys=0.00, real=0.00 secs] 
1582.173: [GC (Allocation Failure) [PSYoungGen: 64896K->1440K(65536K)] 442487K->379039K(663040K), 0.0016168 secs] [Times: user=0.00 sys=0.00, real=0.00 secs] 
1583.099: [GC (Allocation Failure) [PSYoungGen: 64928K->1408K(65536K)] 442527K->379007K(663040K), 0.0037939 secs] [Times: user=0.01 sys=0.00, real=0.00 secs] 
1583.595: [GC (Allocation Failure) [PSYoungGen: 64896K->1376K(65536K)] 442495K->378975K(663040K), 0.0038903 secs] [Times: user=0.02 sys=0.00, real=0.01 secs] 
1584.090: [GC (Allocation Failure) [PSYoungGen: 64864K->1376K(65536K)] 442463K->378975K(663040K), 0.0032453 secs] [Times: user=0.01 sys=0.00, real=0.00 secs] 
1585.367: [GC (Allocation Failure) [PSYoungGen: 64864K->1408K(65536K)] 442463K->379007K(663040K), 0.0018678 secs] [Times: user=0.01 sys=0.00, real=0.00 secs] 
1585.820: [GC (Allocation Failure) [PSYoungGen: 64896K->1296K(65536K)] 442495K->378895K(663040K), 0.0028688 secs] [Times: user=0.01 sys=0.00, real=0.00 secs] 
1586.084: [GC (Allocation Failure) [PSYoungGen: 64784K->1344K(65536K)] 442383K->378943K(663040K), 0.0021979 secs] [Times: user=0.01 sys=0.00, real=0.00 secs] 
1586.399: [GC (Allocation Failure) [PSYoungGen: 64832K->1376K(65024K)] 442431K->378975K(662528K), 0.0029147 secs] [Times: user=0.01 sys=0.00, real=0.00 secs] 
1586.658: [GC (Allocation Failure) [PSYoungGen: 64864K->1376K(65024K)] 442463K->378975K(662528K), 0.0021601 secs] [Times: user=0.01 sys=0.00, real=0.00 secs] 
1589.633: [GC (Allocation Failure) [PSYoungGen: 64864K->1376K(65024K)] 442463K->378975K(662528K), 0.0040154 secs] [Times: user=0.01 sys=0.00, real=0.01 secs] 
1590.218: [GC (Allocation Failure) [PSYoungGen: 64864K->1312K(65024K)] 442463K->378911K(662528K), 0.0034125 secs] [Times: user=0.01 sys=0.00, real=0.00 secs] 
1590.765: [GC (Allocation Failure) [PSYoungGen: 64800K->1344K(65024K)] 442399K->378943K(662528K), 0.0026948 secs] [Times: user=0.01 sys=0.00, real=0.01 secs] 
1591.371: [GC (Allocation Failure) [PSYoungGen: 64832K->1376K(65024K)] 442431K->378975K(662528K), 0.0026811 secs] [Times: user=0.01 sys=0.00, real=0.00 secs] 
1593.174: [GC (Allocation Failure) [PSYoungGen: 64864K->1360K(65024K)] 442463K->378959K(662528K), 0.0017644 secs] [Times: user=0.01 sys=0.00, real=0.00 secs] 
1594.315: [GC (Allocation Failure) [PSYoungGen: 64848K->1360K(65024K)] 442447K->378967K(662528K), 0.0042621 secs] [Times: user=0.02 sys=0.00, real=0.01 secs] 
1594.934: [GC (Allocation Failure) [PSYoungGen: 64848K->1344K(65024K)] 442455K->378951K(662528K), 0.0031907 secs] [Times: user=0.01 sys=0.00, real=0.01 secs] 
1595.629: [GC (Allocation Failure) [PSYoungGen: 64832K->1344K(65024K)] 442439K->378951K(662528K), 0.0032196 secs] [Times: user=0.01 sys=0.00, real=0.00 secs] 
1596.210: [GC (Allocation Failure) [PSYoungGen: 64832K->1376K(65024K)] 442439K->378983K(662528K), 0.0033258 secs] [Times: user=0.01 sys=0.00, real=0.00 secs] 
1597.897: [GC (Allocation Failure) [PSYoungGen: 64864K->1408K(65024K)] 442471K->379015K(662528K), 0.0036845 secs] [Times: user=0.01 sys=0.00, real=0.00 secs] 
1598.594: [GC (Allocation Failure) [PSYoungGen: 64896K->1328K(65024K)] 442503K->378935K(662528K), 0.0034001 secs] [Times: user=0.01 sys=0.00, real=0.01 secs] 
1599.034: [GC (Allocation Failure) [PSYoungGen: 64816K->1344K(65024K)] 442423K->378951K(662528K), 0.0027635 secs] [Times: user=0.01 sys=0.00, real=0.00 secs] 
1599.532: [GC (Allocation Failure) [PSYoungGen: 64832K->1360K(65024K)] 442439K->378967K(662528K), 0.0023780 secs] [Times: user=0.01 sys=0.00, real=0.00 secs] 
1600.868: [GC (Allocation Failure) [PSYoungGen: 64848K->1376K(65024K)] 442455K->378983K(662528K), 0.0019405 secs] [Times: user=0.01 sys=0.00, real=0.00 secs] 
1601.427: [GC (Allocation Failure) [PSYoungGen: 64864K->1344K(65024K)] 442471K->378951K(662528K), 0.0024055 secs] [Times: user=0.01 sys=0.00, real=0.01 secs] 
1602.047: [GC (Allocation Failure) [PSYoungGen: 64832K->1344K(65024K)] 442439K->378967K(662528K), 0.0018763 secs] [Times: user=0.00 sys=0.00, real=0.00 secs] 
1602.742: [GC (Allocation Failure) [PSYoungGen: 64832K->1376K(65024K)] 442455K->378999K(662528K), 0.0024758 secs] [Times: user=0.00 sys=0.00, real=0.00 secs] 
1603.232: [GC (Allocation Failure) [PSYoungGen: 64864K->1344K(65024K)] 442487K->378967K(662528K), 0.0020595 secs] [Times: user=0.01 sys=0.00, real=0.00 secs] 
1604.741: [GC (Allocation Failure) [PSYoungGen: 64832K->1456K(65024K)] 442455K->379079K(662528K), 0.0020619 secs] [Times: user=0.01 sys=0.00, real=0.00 secs] 
1605.541: [GC (Allocation Failure) [PSYoungGen: 64944K->1344K(65024K)] 442567K->378967K(662528K), 0.0031132 secs] [Times: user=0.01 sys=0.00, real=0.00 secs] 
1605.848: [GC (Allocation Failure) [PSYoungGen: 64832K->1344K(65024K)] 442455K->378967K(662528K), 0.0022923 secs] [Times: user=0.01 sys=0.00, real=0.00 secs] 
1606.324: [GC (Allocation Failure) [PSYoungGen: 64832K->1376K(65024K)] 442455K->378999K(662528K), 0.0024159 secs] [Times: user=0.01 sys=0.00, real=0.00 secs] 
1608.359: [GC (Allocation Failure) [PSYoungGen: 64864K->1408K(65024K)] 442487K->379031K(662528K), 0.0044752 secs] [Times: user=0.01 sys=0.00, real=0.00 secs] 
1609.459: [GC (Allocation Failure) [PSYoungGen: 64896K->1376K(65024K)] 442519K->378999K(662528K), 0.0033899 secs] [Times: user=0.01 sys=0.00, real=0.00 secs] 
1610.135: [GC (Allocation Failure) [PSYoungGen: 64864K->1360K(65024K)] 442487K->378983K(662528K), 0.0034246 secs] [Times: user=0.01 sys=0.00, real=0.01 secs] 
1610.735: [GC (Allocation Failure) [PSYoungGen: 64848K->1376K(65024K)] 442471K->378999K(662528K), 0.0027203 secs] [Times: user=0.02 sys=0.00, real=0.01 secs] 
1612.254: [GC (Allocation Failure) [PSYoungGen: 64642K->192K(65024K)] 442265K->377815K(662528K), 0.0016149 secs] [Times: user=0.00 sys=0.00, real=0.00 secs] 
1612.558: [GC (Allocation Failure) [PSYoungGen: 63680K->1392K(65536K)] 441303K->379023K(663040K), 0.0018716 secs] [Times: user=0.01 sys=0.00, real=0.00 secs] 
1612.822: [GC (Allocation Failure) [PSYoungGen: 64880K->1376K(65536K)] 442511K->379007K(663040K), 0.0018930 secs] [Times: user=0.01 sys=0.00, real=0.00 secs] 
1613.086: [GC (Allocation Failure) [PSYoungGen: 64864K->1344K(65536K)] 442495K->378975K(663040K), 0.0019239 secs] [Times: user=0.00 sys=0.00, real=0.01 secs] 
1613.354: [GC (Allocation Failure) [PSYoungGen: 64832K->1376K(65536K)] 442463K->379007K(663040K), 0.0019690 secs] [Times: user=0.00 sys=0.00, real=0.00 secs] 
1614.451: [GC (Allocation Failure) [PSYoungGen: 64864K->1376K(65536K)] 442495K->379007K(663040K), 0.0018058 secs] [Times: user=0.01 sys=0.00, real=0.00 secs] 
1614.714: [GC (Allocation Failure) [PSYoungGen: 64864K->1344K(65536K)] 442495K->378975K(663040K), 0.0018103 secs] [Times: user=0.00 sys=0.00, real=0.00 secs] 
1614.982: [GC (Allocation Failure) [PSYoungGen: 64832K->1344K(65536K)] 442463K->378975K(663040K), 0.0028540 secs] [Times: user=0.02 sys=0.00, real=0.00 secs] 
1615.255: [GC (Allocation Failure) [PSYoungGen: 64832K->1344K(65536K)] 442463K->378975K(663040K), 0.0021672 secs] [Times: user=0.01 sys=0.00, real=0.01 secs] 
1616.494: [GC (Allocation Failure) [PSYoungGen: 64832K->1920K(65536K)] 442463K->379551K(663040K), 0.0017875 secs] [Times: user=0.01 sys=0.00, real=0.00 secs] 
1616.994: [GC (Allocation Failure) [PSYoungGen: 65408K->1344K(65536K)] 443039K->378975K(663040K), 0.0027414 secs] [Times: user=0.01 sys=0.00, real=0.00 secs] 
1617.511: [GC (Allocation Failure) [PSYoungGen: 64832K->1408K(65536K)] 442463K->379039K(663040K), 0.0026318 secs] [Times: user=0.01 sys=0.00, real=0.00 secs] 
1618.134: [GC (Allocation Failure) [PSYoungGen: 64896K->1344K(65536K)] 442527K->378991K(663040K), 0.0025952 secs] [Times: user=0.01 sys=0.00, real=0.01 secs] 
1618.651: [GC (Allocation Failure) [PSYoungGen: 64832K->1344K(65536K)] 442479K->378991K(663040K), 0.0026364 secs] [Times: user=0.01 sys=0.00, real=0.00 secs] 
1620.247: [GC (Allocation Failure) [PSYoungGen: 64832K->1392K(65536K)] 442479K->379039K(663040K), 0.0025363 secs] [Times: user=0.01 sys=0.00, real=0.00 secs] 
1620.900: [GC (Allocation Failure) [PSYoungGen: 64880K->1360K(65536K)] 442527K->379007K(663040K), 0.0025422 secs] [Times: user=0.01 sys=0.00, real=0.00 secs] 
1621.595: [GC (Allocation Failure) [PSYoungGen: 64848K->1408K(65536K)] 442495K->379063K(663040K), 0.0027443 secs] [Times: user=0.01 sys=0.00, real=0.01 secs] 
1622.381: [GC (Allocation Failure) [PSYoungGen: 64896K->1408K(65536K)] 442551K->379063K(663040K), 0.0031639 secs] [Times: user=0.01 sys=0.00, real=0.00 secs] 
1623.948: [GC (Allocation Failure) [PSYoungGen: 64896K->1408K(65536K)] 442551K->379063K(663040K), 0.0023549 secs] [Times: user=0.01 sys=0.00, real=0.00 secs] 
1624.539: [GC (Allocation Failure) [PSYoungGen: 64896K->1344K(65536K)] 442551K->378999K(663040K), 0.0023517 secs] [Times: user=0.01 sys=0.00, real=0.00 secs] 
1625.046: [GC (Allocation Failure) [PSYoungGen: 64832K->1376K(65536K)] 442487K->379031K(663040K), 0.0022989 secs] [Times: user=0.01 sys=0.00, real=0.01 secs] 
1625.586: [GC (Allocation Failure) [PSYoungGen: 64864K->1376K(65024K)] 442519K->379031K(662528K), 0.0023916 secs] [Times: user=0.01 sys=0.00, real=0.01 secs] 
1626.120: [GC (Allocation Failure) [PSYoungGen: 64864K->1344K(65024K)] 442519K->378999K(662528K), 0.0022795 secs] [Times: user=0.01 sys=0.00, real=0.00 secs] 
1627.352: [GC (Allocation Failure) [PSYoungGen: 64832K->384K(64512K)] 442487K->379063K(662016K), 0.0019885 secs] [Times: user=0.00 sys=0.00, real=0.00 secs] 
1627.616: [GC (Allocation Failure) [PSYoungGen: 63872K->320K(65536K)] 442551K->378999K(663040K), 0.0018041 secs] [Times: user=0.01 sys=0.00, real=0.01 secs] 
1627.880: [GC (Allocation Failure) [PSYoungGen: 63808K->352K(65536K)] 442487K->379031K(663040K), 0.0018806 secs] [Times: user=0.01 sys=0.00, real=0.00 secs] 
1628.280: [GC (Allocation Failure) [PSYoungGen: 63840K->352K(65536K)] 442519K->379031K(663040K), 0.0021761 secs] [Times: user=0.01 sys=0.00, real=0.00 secs] 
1629.581: [GC (Allocation Failure) [PSYoungGen: 63840K->1344K(65536K)] 442519K->380023K(663040K), 0.0020417 secs] [Times: user=0.01 sys=0.00, real=0.00 secs] 
1630.059: [GC (Allocation Failure) [PSYoungGen: 64832K->1408K(65536K)] 443511K->380087K(663040K), 0.0029877 secs] [Times: user=0.01 sys=0.00, real=0.00 secs] 
1630.486: [GC (Allocation Failure) [PSYoungGen: 64896K->1344K(65536K)] 443575K->380031K(663040K), 0.0020794 secs] [Times: user=0.01 sys=0.00, real=0.01 secs] 
1630.755: [GC (Allocation Failure) [PSYoungGen: 64832K->1408K(65536K)] 443519K->380095K(663040K), 0.0021618 secs] [Times: user=0.01 sys=0.00, real=0.01 secs] 
1631.053: [GC (Allocation Failure) [PSYoungGen: 64896K->1360K(65536K)] 443583K->380047K(663040K), 0.0022675 secs] [Times: user=0.01 sys=0.00, real=0.00 secs] 
1634.083: [GC (Allocation Failure) [PSYoungGen: 64848K->1344K(65536K)] 443535K->380031K(663040K), 0.0029379 secs] [Times: user=0.01 sys=0.00, real=0.00 secs] 
1634.752: [GC (Allocation Failure) [PSYoungGen: 64832K->1344K(65536K)] 443519K->380031K(663040K), 0.0032810 secs] [Times: user=0.01 sys=0.00, real=0.00 secs] 
1635.367: [GC (Allocation Failure) [PSYoungGen: 64832K->1376K(65536K)] 443519K->380063K(663040K), 0.0028726 secs] [Times: user=0.02 sys=0.00, real=0.00 secs] 
1635.908: [GC (Allocation Failure) [PSYoungGen: 64864K->1376K(65536K)] 443551K->380063K(663040K), 0.0027947 secs] [Times: user=0.01 sys=0.00, real=0.00 secs] 
1637.185: [GC (Allocation Failure) [PSYoungGen: 64864K->1392K(65536K)] 443551K->380079K(663040K), 0.0017761 secs] [Times: user=0.01 sys=0.00, real=0.01 secs] 
1637.765: [GC (Allocation Failure) [PSYoungGen: 64880K->1440K(65536K)] 443567K->380127K(663040K), 0.0025791 secs] [Times: user=0.01 sys=0.00, real=0.01 secs] 
1638.404: [GC (Allocation Failure) [PSYoungGen: 64928K->1344K(65536K)] 443615K->380031K(663040K), 0.0032391 secs] [Times: user=0.02 sys=0.00, real=0.01 secs] 
1638.996: [GC (Allocation Failure) [PSYoungGen: 64832K->1392K(65536K)] 443519K->380079K(663040K), 0.0040970 secs] [Times: user=0.02 sys=0.00, real=0.01 secs] 
1639.480: [GC (Allocation Failure) [PSYoungGen: 64880K->1408K(65536K)] 443567K->380095K(663040K), 0.0026273 secs] [Times: user=0.01 sys=0.00, real=0.00 secs] 
1640.478: [GC (Allocation Failure) [PSYoungGen: 64896K->1408K(65536K)] 443583K->380095K(663040K), 0.0016401 secs] [Times: user=0.01 sys=0.00, real=0.00 secs] 
1640.741: [GC (Allocation Failure) [PSYoungGen: 64896K->1392K(65536K)] 443583K->380087K(663040K), 0.0017667 secs] [Times: user=0.01 sys=0.00, real=0.00 secs] 
1641.005: [GC (Allocation Failure) [PSYoungGen: 64880K->1376K(65536K)] 443575K->380071K(663040K), 0.0027364 secs] [Times: user=0.01 sys=0.00, real=0.01 secs] 
1641.270: [GC (Allocation Failure) [PSYoungGen: 64864K->1408K(65536K)] 443559K->380103K(663040K), 0.0023213 secs] [Times: user=0.01 sys=0.00, real=0.00 secs] 
1642.363: [GC (Allocation Failure) [PSYoungGen: 64896K->1408K(65536K)] 443591K->380103K(663040K), 0.0019418 secs] [Times: user=0.00 sys=0.00, real=0.00 secs] 
1642.943: [GC (Allocation Failure) [PSYoungGen: 64896K->1376K(65536K)] 443591K->380071K(663040K), 0.0024783 secs] [Times: user=0.01 sys=0.00, real=0.00 secs] 
1643.477: [GC (Allocation Failure) [PSYoungGen: 64864K->1344K(65536K)] 443559K->380039K(663040K), 0.0051332 secs] [Times: user=0.02 sys=0.00, real=0.00 secs] 
1643.835: [GC (Allocation Failure) [PSYoungGen: 64832K->1376K(65536K)] 443527K->380071K(663040K), 0.0021179 secs] [Times: user=0.00 sys=0.00, real=0.01 secs] 
1644.983: [GC (Allocation Failure) [PSYoungGen: 64864K->1664K(65536K)] 443559K->380359K(663040K), 0.0018979 secs] [Times: user=0.00 sys=0.00, real=0.00 secs] 
1645.569: [GC (Allocation Failure) [PSYoungGen: 65152K->1408K(65536K)] 443847K->380103K(663040K), 0.0019895 secs] [Times: user=0.00 sys=0.00, real=0.00 secs] 
1645.863: [GC (Allocation Failure) [PSYoungGen: 64896K->1408K(65536K)] 443591K->380103K(663040K), 0.0024005 secs] [Times: user=0.01 sys=0.00, real=0.00 secs] 
1646.166: [GC (Allocation Failure) [PSYoungGen: 64896K->1344K(65536K)] 443591K->380039K(663040K), 0.0024407 secs] [Times: user=0.01 sys=0.00, real=0.01 secs] 
1646.434: [GC (Allocation Failure) [PSYoungGen: 64832K->1376K(65536K)] 443527K->380071K(663040K), 0.0023233 secs] [Times: user=0.01 sys=0.00, real=0.01 secs] 
1647.523: [GC (Allocation Failure) [PSYoungGen: 64864K->1440K(65536K)] 443559K->380143K(663040K), 0.0018508 secs] [Times: user=0.01 sys=0.00, real=0.00 secs] 
1648.024: [GC (Allocation Failure) [PSYoungGen: 64928K->1360K(65536K)] 443631K->380087K(663040K), 0.0022459 secs] [Times: user=0.01 sys=0.00, real=0.00 secs] 
1648.529: [GC (Allocation Failure) [PSYoungGen: 64848K->1408K(65536K)] 443575K->380135K(663040K), 0.0031428 secs] [Times: user=0.02 sys=0.00, real=0.00 secs] 
1649.013: [GC (Allocation Failure) [PSYoungGen: 64896K->1344K(65536K)] 443623K->380071K(663040K), 0.0028647 secs] [Times: user=0.01 sys=0.00, real=0.00 secs] 
1650.458: [GC (Allocation Failure) [PSYoungGen: 64832K->1376K(65536K)] 443559K->380103K(663040K), 0.0020160 secs] [Times: user=0.01 sys=0.00, real=0.00 secs] 
1651.814: [GC (Allocation Failure) [PSYoungGen: 64864K->1376K(65536K)] 443591K->380103K(663040K), 0.0042214 secs] [Times: user=0.02 sys=0.00, real=0.01 secs] 
1652.873: [GC (Allocation Failure) [PSYoungGen: 64864K->1376K(65536K)] 443591K->380103K(663040K), 0.0042494 secs] [Times: user=0.01 sys=0.01, real=0.01 secs] 
1653.422: [GC (Allocation Failure) [PSYoungGen: 64864K->1344K(65024K)] 443591K->380071K(662528K), 0.0028675 secs] [Times: user=0.02 sys=0.00, real=0.00 secs] 
1654.083: [GC (Allocation Failure) [PSYoungGen: 64832K->1392K(65024K)] 443559K->380119K(662528K), 0.0042383 secs] [Times: user=0.01 sys=0.00, real=0.01 secs] 
1655.508: [GC (Allocation Failure) [PSYoungGen: 64880K->352K(64512K)] 443607K->380103K(662016K), 0.0038531 secs] [Times: user=0.01 sys=0.00, real=0.00 secs] 
1656.096: [GC (Allocation Failure) [PSYoungGen: 63840K->352K(65536K)] 443591K->380103K(663040K), 0.0039979 secs] [Times: user=0.01 sys=0.00, real=0.01 secs] 
1656.604: [GC (Allocation Failure) [PSYoungGen: 63840K->352K(65536K)] 443591K->380103K(663040K), 0.0026663 secs] [Times: user=0.01 sys=0.00, real=0.01 secs] 
1657.210: [GC (Allocation Failure) [PSYoungGen: 63840K->288K(65536K)] 443591K->380039K(663040K), 0.0028096 secs] [Times: user=0.01 sys=0.00, real=0.00 secs] 
1659.767: [GC (Allocation Failure) [PSYoungGen: 63776K->1440K(65536K)] 443527K->381199K(663040K), 0.0042039 secs] [Times: user=0.01 sys=0.00, real=0.00 secs] 
1661.161: [GC (Allocation Failure) [PSYoungGen: 64928K->1408K(65536K)] 444687K->381167K(663040K), 0.0032033 secs] [Times: user=0.01 sys=0.00, real=0.00 secs] 
1661.454: [GC (Allocation Failure) [PSYoungGen: 64896K->1376K(65536K)] 444655K->381143K(663040K), 0.0021689 secs] [Times: user=0.01 sys=0.00, real=0.00 secs] 
1661.895: [GC (Allocation Failure) [PSYoungGen: 64864K->1344K(65536K)] 444631K->381111K(663040K), 0.0020548 secs] [Times: user=0.01 sys=0.00, real=0.01 secs] 
1662.529: [GC (Allocation Failure) [PSYoungGen: 64832K->1376K(65536K)] 444599K->381143K(663040K), 0.0037455 secs] [Times: user=0.02 sys=0.00, real=0.00 secs] 
1663.652: [GC (Allocation Failure) [PSYoungGen: 64864K->1440K(65536K)] 444631K->381215K(663040K), 0.0019083 secs] [Times: user=0.01 sys=0.00, real=0.00 secs] 
1663.919: [GC (Allocation Failure) [PSYoungGen: 64928K->1312K(65536K)] 444703K->381103K(663040K), 0.0020520 secs] [Times: user=0.01 sys=0.00, real=0.00 secs] 
1664.183: [GC (Allocation Failure) [PSYoungGen: 64800K->1376K(65536K)] 444591K->381175K(663040K), 0.0021476 secs] [Times: user=0.01 sys=0.01, real=0.00 secs] 
1664.447: [GC (Allocation Failure) [PSYoungGen: 64864K->1376K(65536K)] 444663K->381183K(663040K), 0.0024302 secs] [Times: user=0.01 sys=0.00, real=0.00 secs] 
1665.531: [GC (Allocation Failure) [PSYoungGen: 64864K->1408K(65536K)] 444671K->381223K(663040K), 0.0016405 secs] [Times: user=0.00 sys=0.00, real=0.00 secs] 
1666.133: [GC (Allocation Failure) [PSYoungGen: 64896K->1376K(65536K)] 444711K->381191K(663040K), 0.0023244 secs] [Times: user=0.01 sys=0.00, real=0.00 secs] 
1666.690: [GC (Allocation Failure) [PSYoungGen: 64864K->1408K(65536K)] 444679K->381223K(663040K), 0.0032388 secs] [Times: user=0.01 sys=0.00, real=0.00 secs] 
1667.210: [GC (Allocation Failure) [PSYoungGen: 64896K->1408K(65536K)] 444711K->381223K(663040K), 0.0024693 secs] [Times: user=0.01 sys=0.00, real=0.00 secs] 
1667.830: [GC (Allocation Failure) [PSYoungGen: 64896K->1440K(65536K)] 444711K->381255K(663040K), 0.0022758 secs] [Times: user=0.01 sys=0.00, real=0.00 secs] 
1669.565: [GC (Allocation Failure) [PSYoungGen: 64928K->1472K(65536K)] 444743K->381287K(663040K), 0.0040346 secs] [Times: user=0.02 sys=0.00, real=0.01 secs] 
1670.550: [GC (Allocation Failure) [PSYoungGen: 64960K->1408K(65536K)] 444775K->381239K(663040K), 0.0044799 secs] [Times: user=0.02 sys=0.00, real=0.00 secs] 
1671.372: [GC (Allocation Failure) [PSYoungGen: 64896K->1424K(65536K)] 444727K->381255K(663040K), 0.0032722 secs] [Times: user=0.02 sys=0.00, real=0.00 secs] 
1672.246: [GC (Allocation Failure) [PSYoungGen: 64912K->1376K(65536K)] 444743K->381207K(663040K), 0.0030166 secs] [Times: user=0.02 sys=0.00, real=0.01 secs] 
1673.721: [GC (Allocation Failure) [PSYoungGen: 64864K->1440K(65536K)] 444695K->381271K(663040K), 0.0021169 secs] [Times: user=0.01 sys=0.00, real=0.00 secs] 
1674.432: [GC (Allocation Failure) [PSYoungGen: 64928K->1376K(65536K)] 444759K->381207K(663040K), 0.0028535 secs] [Times: user=0.01 sys=0.00, real=0.00 secs] 
1675.150: [GC (Allocation Failure) [PSYoungGen: 64864K->1376K(65536K)] 444695K->381223K(663040K), 0.0025985 secs] [Times: user=0.01 sys=0.00, real=0.00 secs] 
1675.933: [GC (Allocation Failure) [PSYoungGen: 64864K->1344K(65536K)] 444711K->381191K(663040K), 0.0033090 secs] [Times: user=0.01 sys=0.00, real=0.00 secs] 
1677.198: [GC (Allocation Failure) [PSYoungGen: 64832K->1472K(65536K)] 444679K->381319K(663040K), 0.0018072 secs] [Times: user=0.00 sys=0.00, real=0.00 secs] 
1677.863: [GC (Allocation Failure) [PSYoungGen: 64960K->1344K(65536K)] 444807K->381191K(663040K), 0.0033155 secs] [Times: user=0.02 sys=0.00, real=0.00 secs] 
1678.391: [GC (Allocation Failure) [PSYoungGen: 64832K->1376K(65536K)] 444679K->381223K(663040K), 0.0023484 secs] [Times: user=0.01 sys=0.00, real=0.00 secs] 
1678.655: [GC (Allocation Failure) [PSYoungGen: 64864K->1408K(65536K)] 444711K->381255K(663040K), 0.0021026 secs] [Times: user=0.01 sys=0.00, real=0.01 secs] 
1678.919: [GC (Allocation Failure) [PSYoungGen: 64896K->1376K(65536K)] 444743K->381223K(663040K), 0.0019986 secs] [Times: user=0.01 sys=0.00, real=0.00 secs] 
1680.140: [GC (Allocation Failure) [PSYoungGen: 64864K->1408K(65536K)] 444711K->381255K(663040K), 0.0018057 secs] [Times: user=0.01 sys=0.00, real=0.00 secs] 
1680.734: [GC (Allocation Failure) [PSYoungGen: 64896K->1376K(65536K)] 444743K->381223K(663040K), 0.0034144 secs] [Times: user=0.01 sys=0.00, real=0.01 secs] 
1681.150: [GC (Allocation Failure) [PSYoungGen: 64864K->1376K(65536K)] 444711K->381239K(663040K), 0.0027093 secs] [Times: user=0.01 sys=0.00, real=0.00 secs] 
1681.704: [GC (Allocation Failure) [PSYoungGen: 64864K->1376K(65536K)] 444727K->381239K(663040K), 0.0022500 secs] [Times: user=0.01 sys=0.00, real=0.01 secs] 
1684.156: [GC (Allocation Failure) [PSYoungGen: 64864K->1408K(65024K)] 444727K->381271K(662528K), 0.0042830 secs] [Times: user=0.02 sys=0.00, real=0.01 secs] 
1686.006: [GC (Allocation Failure) [PSYoungGen: 64896K->1376K(65024K)] 444759K->381239K(662528K), 0.0026767 secs] [Times: user=0.01 sys=0.00, real=0.01 secs] 
1687.230: [GC (Allocation Failure) [PSYoungGen: 64864K->1344K(65024K)] 444727K->381207K(662528K), 0.0031414 secs] [Times: user=0.01 sys=0.00, real=0.00 secs] 
1688.136: [GC (Allocation Failure) [PSYoungGen: 64832K->1376K(65024K)] 444695K->381239K(662528K), 0.0029596 secs] [Times: user=0.01 sys=0.00, real=0.01 secs] 
1688.943: [GC (Allocation Failure) [PSYoungGen: 64864K->1376K(65024K)] 444727K->381239K(662528K), 0.0027976 secs] [Times: user=0.01 sys=0.00, real=0.00 secs] 
1690.214: [GC (Allocation Failure) [PSYoungGen: 64864K->1376K(65024K)] 444727K->381239K(662528K), 0.0019028 secs] [Times: user=0.00 sys=0.00, real=0.00 secs] 
1690.946: [GC (Allocation Failure) [PSYoungGen: 64864K->1344K(65024K)] 444727K->381207K(662528K), 0.0031685 secs] [Times: user=0.01 sys=0.00, real=0.01 secs] 
1691.810: [GC (Allocation Failure) [PSYoungGen: 64832K->1376K(65024K)] 444695K->381239K(662528K), 0.0042799 secs] [Times: user=0.02 sys=0.00, real=0.00 secs] 
1692.567: [GC (Allocation Failure) [PSYoungGen: 64864K->1344K(65024K)] 444727K->381207K(662528K), 0.0042916 secs] [Times: user=0.02 sys=0.00, real=0.00 secs] 
1693.869: [GC (Allocation Failure) [PSYoungGen: 64832K->1440K(65024K)] 444695K->381303K(662528K), 0.0019014 secs] [Times: user=0.01 sys=0.00, real=0.00 secs] 
1694.483: [GC (Allocation Failure) [PSYoungGen: 64928K->1344K(65024K)] 444791K->381207K(662528K), 0.0023556 secs] [Times: user=0.01 sys=0.00, real=0.00 secs] 
1695.172: [GC (Allocation Failure) [PSYoungGen: 64832K->1376K(65024K)] 444695K->381255K(662528K), 0.0032167 secs] [Times: user=0.01 sys=0.00, real=0.00 secs] 
1695.882: [GC (Allocation Failure) [PSYoungGen: 64864K->1376K(65024K)] 444743K->381255K(662528K), 0.0041376 secs] [Times: user=0.01 sys=0.00, real=0.00 secs] 
1696.399: [GC (Allocation Failure) [PSYoungGen: 64864K->1392K(65024K)] 444743K->381271K(662528K), 0.0027540 secs] [Times: user=0.01 sys=0.00, real=0.00 secs] 
1697.744: [GC (Allocation Failure) [PSYoungGen: 64880K->1408K(65024K)] 444759K->381287K(662528K), 0.0020212 secs] [Times: user=0.01 sys=0.00, real=0.00 secs] 
1698.319: [GC (Allocation Failure) [PSYoungGen: 64896K->1408K(65024K)] 444775K->381303K(662528K), 0.0021551 secs] [Times: user=0.01 sys=0.00, real=0.00 secs] 
1698.854: [GC (Allocation Failure) [PSYoungGen: 64896K->1344K(65024K)] 444791K->381239K(662528K), 0.0024408 secs] [Times: user=0.01 sys=0.00, real=0.01 secs] 
1699.119: [GC (Allocation Failure) [PSYoungGen: 64832K->1376K(65024K)] 444727K->381271K(662528K), 0.0020560 secs] [Times: user=0.01 sys=0.00, real=0.00 secs] 
1700.369: [GC (Allocation Failure) [PSYoungGen: 64864K->1376K(65024K)] 444759K->381271K(662528K), 0.0022907 secs] [Times: user=0.01 sys=0.00, real=0.00 secs] 
1701.186: [GC (Allocation Failure) [PSYoungGen: 64864K->1376K(65024K)] 444759K->381271K(662528K), 0.0028844 secs] [Times: user=0.01 sys=0.00, real=0.01 secs] 
1701.971: [GC (Allocation Failure) [PSYoungGen: 64864K->1376K(65024K)] 444759K->381279K(662528K), 0.0029692 secs] [Times: user=0.01 sys=0.00, real=0.00 secs] 
1702.940: [GC (Allocation Failure) [PSYoungGen: 64864K->1360K(65024K)] 444767K->381263K(662528K), 0.0035152 secs] [Times: user=0.01 sys=0.00, real=0.00 secs] 
1703.509: [GC (Allocation Failure) [PSYoungGen: 64848K->1408K(65024K)] 444751K->381311K(662528K), 0.0022156 secs] [Times: user=0.01 sys=0.00, real=0.00 secs] 
1704.508: [GC (Allocation Failure) [PSYoungGen: 64896K->1376K(65024K)] 444799K->381279K(662528K), 0.0018338 secs] [Times: user=0.01 sys=0.00, real=0.00 secs] 
1704.772: [GC (Allocation Failure) [PSYoungGen: 64864K->1408K(65024K)] 444767K->381311K(662528K), 0.0019308 secs] [Times: user=0.01 sys=0.00, real=0.00 secs] 
1705.035: [GC (Allocation Failure) [PSYoungGen: 64896K->1392K(65024K)] 444799K->381295K(662528K), 0.0018958 secs] [Times: user=0.01 sys=0.00, real=0.01 secs] 
1705.299: [GC (Allocation Failure) [PSYoungGen: 64880K->1312K(65024K)] 444783K->381215K(662528K), 0.0017171 secs] [Times: user=0.01 sys=0.00, real=0.00 secs] 
1707.013: [GC (Allocation Failure) [PSYoungGen: 64800K->1408K(65024K)] 444703K->381311K(662528K), 0.0044263 secs] [Times: user=0.01 sys=0.00, real=0.01 secs] 
1707.687: [GC (Allocation Failure) [PSYoungGen: 64896K->1408K(65024K)] 444799K->381311K(662528K), 0.0029457 secs] [Times: user=0.02 sys=0.00, real=0.00 secs] 
1708.356: [GC (Allocation Failure) [PSYoungGen: 64896K->1344K(65024K)] 444799K->381247K(662528K), 0.0027938 secs] [Times: user=0.01 sys=0.00, real=0.01 secs] 
1709.073: [GC (Allocation Failure) [PSYoungGen: 64832K->1344K(65024K)] 444735K->381247K(662528K), 0.0029040 secs] [Times: user=0.01 sys=0.00, real=0.00 secs] 
1710.424: [GC (Allocation Failure) [PSYoungGen: 64832K->224K(64512K)] 444735K->380127K(662016K), 0.0014461 secs] [Times: user=0.00 sys=0.00, real=0.00 secs] 
1711.162: [GC (Allocation Failure) [PSYoungGen: 63200K->1376K(65024K)] 443103K->381279K(662528K), 0.0023676 secs] [Times: user=0.01 sys=0.00, real=0.00 secs] 
1712.045: [GC (Allocation Failure) [PSYoungGen: 64352K->1376K(65024K)] 444255K->381287K(662528K), 0.0025676 secs] [Times: user=0.01 sys=0.00, real=0.01 secs] 
1712.998: [GC (Allocation Failure) [PSYoungGen: 64352K->1376K(65024K)] 444263K->381287K(662528K), 0.0024796 secs] [Times: user=0.01 sys=0.00, real=0.00 secs] 
1713.751: [GC (Allocation Failure) [PSYoungGen: 64352K->1376K(65024K)] 444263K->381287K(662528K), 0.0026149 secs] [Times: user=0.02 sys=0.00, real=0.00 secs] 
1715.179: [GC (Allocation Failure) [PSYoungGen: 64352K->1408K(65024K)] 444263K->381319K(662528K), 0.0019333 secs] [Times: user=0.01 sys=0.00, real=0.00 secs] 
1715.441: [GC (Allocation Failure) [PSYoungGen: 64384K->1376K(65024K)] 444295K->381287K(662528K), 0.0018608 secs] [Times: user=0.01 sys=0.00, real=0.00 secs] 
1715.715: [GC (Allocation Failure) [PSYoungGen: 64352K->1408K(65024K)] 444263K->381319K(662528K), 0.0026407 secs] [Times: user=0.01 sys=0.00, real=0.01 secs] 
1716.009: [GC (Allocation Failure) [PSYoungGen: 64384K->1408K(65024K)] 444295K->381319K(662528K), 0.0023517 secs] [Times: user=0.01 sys=0.00, real=0.00 secs] 
1716.936: [GC (Allocation Failure) [PSYoungGen: 64384K->1376K(65024K)] 444295K->381287K(662528K), 0.0014825 secs] [Times: user=0.00 sys=0.00, real=0.01 secs] 
1717.235: [GC (Allocation Failure) [PSYoungGen: 64352K->1408K(65024K)] 444263K->381319K(662528K), 0.0020783 secs] [Times: user=0.01 sys=0.00, real=0.01 secs] 
1717.528: [GC (Allocation Failure) [PSYoungGen: 64384K->1344K(65024K)] 444295K->381255K(662528K), 0.0018388 secs] [Times: user=0.01 sys=0.00, real=0.00 secs] 
1717.829: [GC (Allocation Failure) [PSYoungGen: 64320K->1376K(65024K)] 444231K->381287K(662528K), 0.0033740 secs] [Times: user=0.01 sys=0.00, real=0.00 secs] 
1718.088: [GC (Allocation Failure) [PSYoungGen: 64352K->1376K(65024K)] 444263K->381287K(662528K), 0.0023913 secs] [Times: user=0.01 sys=0.00, real=0.00 secs] 
1719.701: [GC (Allocation Failure) [PSYoungGen: 64352K->1376K(65024K)] 444263K->381287K(662528K), 0.0018199 secs] [Times: user=0.01 sys=0.00, real=0.00 secs] 
1720.333: [GC (Allocation Failure) [PSYoungGen: 64352K->1392K(65024K)] 444263K->381319K(662528K), 0.0025426 secs] [Times: user=0.01 sys=0.00, real=0.00 secs] 
1720.981: [GC (Allocation Failure) [PSYoungGen: 64368K->1344K(64512K)] 444295K->381271K(662016K), 0.0028711 secs] [Times: user=0.02 sys=0.00, real=0.00 secs] 
1721.703: [GC (Allocation Failure) [PSYoungGen: 64320K->1312K(64512K)] 444247K->381239K(662016K), 0.0037012 secs] [Times: user=0.01 sys=0.00, real=0.01 secs] 
1723.235: [GC (Allocation Failure) [PSYoungGen: 64104K->576K(64000K)] 444031K->381527K(661504K), 0.0018610 secs] [Times: user=0.00 sys=0.00, real=0.01 secs] 
1723.501: [GC (Allocation Failure) [PSYoungGen: 63552K->352K(65024K)] 444503K->381303K(662528K), 0.0016362 secs] [Times: user=0.01 sys=0.00, real=0.00 secs] 
1723.762: [GC (Allocation Failure) [PSYoungGen: 63328K->384K(65024K)] 444279K->381351K(662528K), 0.0016858 secs] [Times: user=0.01 sys=0.00, real=0.00 secs] 
1724.114: [GC (Allocation Failure) [PSYoungGen: 63360K->352K(65024K)] 444327K->381319K(662528K), 0.0039979 secs] [Times: user=0.02 sys=0.00, real=0.01 secs] 
1724.623: [GC (Allocation Failure) [PSYoungGen: 63328K->384K(65024K)] 444295K->381351K(662528K), 0.0025819 secs] [Times: user=0.01 sys=0.00, real=0.00 secs] 
1726.092: [GC (Allocation Failure) [PSYoungGen: 63360K->1392K(65024K)] 444327K->382359K(662528K), 0.0022218 secs] [Times: user=0.01 sys=0.00, real=0.00 secs] 
1726.597: [GC (Allocation Failure) [PSYoungGen: 64368K->1408K(65024K)] 445335K->382375K(662528K), 0.0023065 secs] [Times: user=0.00 sys=0.00, real=0.01 secs] 
1727.128: [GC (Allocation Failure) [PSYoungGen: 64384K->1376K(65024K)] 445351K->382343K(662528K), 0.0023265 secs] [Times: user=0.01 sys=0.00, real=0.00 secs] 
1727.724: [GC (Allocation Failure) [PSYoungGen: 64352K->1408K(65536K)] 445319K->382375K(663040K), 0.0026900 secs] [Times: user=0.01 sys=0.00, real=0.00 secs] 
1729.011: [GC (Allocation Failure) [PSYoungGen: 64384K->1632K(65536K)] 445351K->382599K(663040K), 0.0018718 secs] [Times: user=0.01 sys=0.00, real=0.00 secs] 
1729.646: [GC (Allocation Failure) [PSYoungGen: 64608K->1376K(65536K)] 445575K->382343K(663040K), 0.0021748 secs] [Times: user=0.01 sys=0.00, real=0.01 secs] 
1730.202: [GC (Allocation Failure) [PSYoungGen: 64352K->1376K(65536K)] 445319K->382351K(663040K), 0.0021334 secs] [Times: user=0.01 sys=0.00, real=0.00 secs] 
1731.081: [GC (Allocation Failure) [PSYoungGen: 64352K->1408K(65536K)] 445327K->382383K(663040K), 0.0027280 secs] [Times: user=0.01 sys=0.00, real=0.00 secs] 
1731.709: [GC (Allocation Failure) [PSYoungGen: 64384K->1376K(65536K)] 445359K->382351K(663040K), 0.0028360 secs] [Times: user=0.01 sys=0.00, real=0.00 secs] 
1733.329: [GC (Allocation Failure) [PSYoungGen: 64352K->1408K(65536K)] 445327K->382383K(663040K), 0.0018058 secs] [Times: user=0.01 sys=0.00, real=0.00 secs] 
1734.407: [GC (Allocation Failure) [PSYoungGen: 64384K->1344K(64512K)] 445359K->382319K(662016K), 0.0028653 secs] [Times: user=0.01 sys=0.00, real=0.01 secs] 
1735.198: [GC (Allocation Failure) [PSYoungGen: 64320K->1344K(65024K)] 445295K->382319K(662528K), 0.0032657 secs] [Times: user=0.01 sys=0.00, real=0.00 secs] 
1735.794: [GC (Allocation Failure) [PSYoungGen: 64320K->1376K(65024K)] 445295K->382351K(662528K), 0.0050313 secs] [Times: user=0.02 sys=0.00, real=0.01 secs] 
1736.851: [GC (Allocation Failure) [PSYoungGen: 63933K->1696K(65024K)] 444909K->382671K(662528K), 0.0019132 secs] [Times: user=0.00 sys=0.00, real=0.00 secs] 
1737.575: [GC (Allocation Failure) [PSYoungGen: 64672K->1376K(65024K)] 445647K->382351K(662528K), 0.0020723 secs] [Times: user=0.01 sys=0.00, real=0.01 secs] 
1738.191: [GC (Allocation Failure) [PSYoungGen: 64352K->1408K(65024K)] 445327K->382383K(662528K), 0.0019129 secs] [Times: user=0.01 sys=0.00, real=0.00 secs] 
1738.591: [GC (Allocation Failure) [PSYoungGen: 64384K->1408K(65024K)] 445359K->382383K(662528K), 0.0020623 secs] [Times: user=0.01 sys=0.00, real=0.00 secs] 
1738.912: [GC (Allocation Failure) [PSYoungGen: 64384K->1408K(65024K)] 445359K->382383K(662528K), 0.0023009 secs] [Times: user=0.01 sys=0.00, real=0.00 secs] 
1740.116: [GC (Allocation Failure) [PSYoungGen: 64384K->1440K(65024K)] 445359K->382415K(662528K), 0.0020346 secs] [Times: user=0.01 sys=0.00, real=0.01 secs] 
1740.693: [GC (Allocation Failure) [PSYoungGen: 64416K->1376K(65024K)] 445391K->382351K(662528K), 0.0019713 secs] [Times: user=0.00 sys=0.00, real=0.00 secs] 
1741.254: [GC (Allocation Failure) [PSYoungGen: 64352K->1408K(65024K)] 445327K->382399K(662528K), 0.0021267 secs] [Times: user=0.00 sys=0.00, real=0.00 secs] 
1741.853: [GC (Allocation Failure) [PSYoungGen: 64384K->1376K(65024K)] 445375K->382367K(662528K), 0.0028785 secs] [Times: user=0.02 sys=0.00, real=0.00 secs] 
1743.158: [GC (Allocation Failure) [PSYoungGen: 64352K->1984K(65024K)] 445343K->382975K(662528K), 0.0016791 secs] [Times: user=0.01 sys=0.00, real=0.00 secs] 
1743.424: [GC (Allocation Failure) [PSYoungGen: 64960K->1440K(65024K)] 445951K->382431K(662528K), 0.0016791 secs] [Times: user=0.01 sys=0.00, real=0.00 secs] 
1743.783: [GC (Allocation Failure) [PSYoungGen: 64416K->1408K(65024K)] 445407K->382399K(662528K), 0.0016391 secs] [Times: user=0.00 sys=0.00, real=0.00 secs] 
1744.241: [GC (Allocation Failure) [PSYoungGen: 64384K->1408K(65024K)] 445375K->382399K(662528K), 0.0021943 secs] [Times: user=0.01 sys=0.00, real=0.00 secs] 
1744.873: [GC (Allocation Failure) [PSYoungGen: 64384K->1376K(65024K)] 445375K->382367K(662528K), 0.0022147 secs] [Times: user=0.01 sys=0.00, real=0.00 secs] 
1746.642: [GC (Allocation Failure) [PSYoungGen: 64352K->1440K(65024K)] 445343K->382431K(662528K), 0.0034712 secs] [Times: user=0.01 sys=0.00, real=0.00 secs] 
1747.361: [GC (Allocation Failure) [PSYoungGen: 64416K->1344K(65024K)] 445407K->382335K(662528K), 0.0043935 secs] [Times: user=0.01 sys=0.00, real=0.00 secs] 
1747.879: [GC (Allocation Failure) [PSYoungGen: 64320K->1376K(65024K)] 445311K->382367K(662528K), 0.0033022 secs] [Times: user=0.02 sys=0.00, real=0.00 secs] 
1748.367: [GC (Allocation Failure) [PSYoungGen: 64352K->1408K(65024K)] 445343K->382399K(662528K), 0.0024896 secs] [Times: user=0.01 sys=0.00, real=0.00 secs] 
1749.714: [GC (Allocation Failure) [PSYoungGen: 64384K->1856K(65024K)] 445375K->382847K(662528K), 0.0016484 secs] [Times: user=0.01 sys=0.00, real=0.00 secs] 
1750.352: [GC (Allocation Failure) [PSYoungGen: 64832K->1376K(65024K)] 445823K->382367K(662528K), 0.0034453 secs] [Times: user=0.02 sys=0.00, real=0.00 secs] 
1750.826: [GC (Allocation Failure) [PSYoungGen: 64352K->1376K(65024K)] 445343K->382375K(662528K), 0.0027764 secs] [Times: user=0.01 sys=0.00, real=0.01 secs] 
1751.380: [GC (Allocation Failure) [PSYoungGen: 64352K->1376K(65024K)] 445351K->382375K(662528K), 0.0029942 secs] [Times: user=0.01 sys=0.00, real=0.00 secs] 
1752.047: [GC (Allocation Failure) [PSYoungGen: 64352K->1376K(65024K)] 445351K->382375K(662528K), 0.0029829 secs] [Times: user=0.01 sys=0.00, real=0.00 secs] 
1753.893: [GC (Allocation Failure) [PSYoungGen: 64352K->1440K(65024K)] 445351K->382439K(662528K), 0.0043524 secs] [Times: user=0.01 sys=0.00, real=0.01 secs] 
1754.499: [GC (Allocation Failure) [PSYoungGen: 64416K->1376K(65024K)] 445415K->382375K(662528K), 0.0026858 secs] [Times: user=0.01 sys=0.00, real=0.00 secs] 
1755.119: [GC (Allocation Failure) [PSYoungGen: 64352K->1408K(65024K)] 445351K->382407K(662528K), 0.0027699 secs] [Times: user=0.02 sys=0.00, real=0.00 secs] 
1755.767: [GC (Allocation Failure) [PSYoungGen: 64384K->1408K(65024K)] 445383K->382407K(662528K), 0.0036845 secs] [Times: user=0.01 sys=0.01, real=0.00 secs] 
1757.258: [GC (Allocation Failure) [PSYoungGen: 64384K->1392K(65024K)] 445383K->382391K(662528K), 0.0018089 secs] [Times: user=0.01 sys=0.00, real=0.00 secs] 
1757.520: [GC (Allocation Failure) [PSYoungGen: 64368K->1360K(65024K)] 445367K->382359K(662528K), 0.0017718 secs] [Times: user=0.01 sys=0.00, real=0.00 secs] 
1757.782: [GC (Allocation Failure) [PSYoungGen: 64336K->1344K(65024K)] 445335K->382343K(662528K), 0.0019468 secs] [Times: user=0.01 sys=0.00, real=0.00 secs] 
1758.044: [GC (Allocation Failure) [PSYoungGen: 64320K->1376K(65024K)] 445319K->382375K(662528K), 0.0019586 secs] [Times: user=0.00 sys=0.00, real=0.00 secs] 
1758.305: [GC (Allocation Failure) [PSYoungGen: 64352K->1376K(65024K)] 445351K->382375K(662528K), 0.0020100 secs] [Times: user=0.00 sys=0.00, real=0.01 secs] 
1759.258: [GC (Allocation Failure) [PSYoungGen: 64352K->1408K(65024K)] 445351K->382407K(662528K), 0.0018599 secs] [Times: user=0.01 sys=0.01, real=0.00 secs] 
1759.520: [GC (Allocation Failure) [PSYoungGen: 64384K->1312K(65024K)] 445383K->382319K(662528K), 0.0019281 secs] [Times: user=0.00 sys=0.00, real=0.00 secs] 
1759.782: [GC (Allocation Failure) [PSYoungGen: 64288K->1344K(65024K)] 445295K->382351K(662528K), 0.0017928 secs] [Times: user=0.01 sys=0.00, real=0.00 secs] 
1760.044: [GC (Allocation Failure) [PSYoungGen: 64320K->1376K(64512K)] 445327K->382383K(662016K), 0.0020180 secs] [Times: user=0.01 sys=0.00, real=0.00 secs] 
1761.554: [GC (Allocation Failure) [PSYoungGen: 64352K->1408K(64512K)] 445359K->382415K(662016K), 0.0045869 secs] [Times: user=0.01 sys=0.00, real=0.01 secs] 
1762.405: [GC (Allocation Failure) [PSYoungGen: 64384K->1376K(64512K)] 445391K->382383K(662016K), 0.0028746 secs] [Times: user=0.01 sys=0.00, real=0.01 secs] 
1762.873: [GC (Allocation Failure) [PSYoungGen: 64352K->1408K(64512K)] 445359K->382415K(662016K), 0.0021743 secs] [Times: user=0.01 sys=0.00, real=0.00 secs] 
1763.150: [GC (Allocation Failure) [PSYoungGen: 64384K->1424K(64512K)] 445391K->382431K(662016K), 0.0021647 secs] [Times: user=0.01 sys=0.00, real=0.00 secs] 
1763.444: [GC (Allocation Failure) [PSYoungGen: 64400K->1408K(64512K)] 445407K->382415K(662016K), 0.0020901 secs] [Times: user=0.00 sys=0.00, real=0.00 secs] 
1765.811: [GC (Allocation Failure) [PSYoungGen: 64384K->1424K(64512K)] 445391K->382431K(662016K), 0.0044944 secs] [Times: user=0.01 sys=0.00, real=0.00 secs] 
1766.389: [GC (Allocation Failure) [PSYoungGen: 64400K->1440K(64512K)] 445407K->382455K(662016K), 0.0027903 secs] [Times: user=0.01 sys=0.00, real=0.00 secs] 
1766.724: [GC (Allocation Failure) [PSYoungGen: 64416K->1376K(64512K)] 445431K->382391K(662016K), 0.0020930 secs] [Times: user=0.01 sys=0.00, real=0.00 secs] 
1767.172: [GC (Allocation Failure) [PSYoungGen: 64352K->1408K(64512K)] 445367K->382423K(662016K), 0.0020673 secs] [Times: user=0.01 sys=0.01, real=0.00 secs] 
1768.451: [GC (Allocation Failure) [PSYoungGen: 64384K->1440K(64512K)] 445399K->382455K(662016K), 0.0021314 secs] [Times: user=0.00 sys=0.00, real=0.00 secs] 
1769.312: [GC (Allocation Failure) [PSYoungGen: 64416K->1376K(64512K)] 445431K->382391K(662016K), 0.0038812 secs] [Times: user=0.01 sys=0.00, real=0.00 secs] 
1770.026: [GC (Allocation Failure) [PSYoungGen: 64352K->1408K(64512K)] 445367K->382431K(662016K), 0.0032534 secs] [Times: user=0.01 sys=0.00, real=0.01 secs] 
1770.895: [GC (Allocation Failure) [PSYoungGen: 64384K->1376K(64512K)] 445407K->382415K(662016K), 0.0036246 secs] [Times: user=0.02 sys=0.00, real=0.01 secs] 
1771.407: [GC (Allocation Failure) [PSYoungGen: 64352K->1344K(64512K)] 445391K->382391K(662016K), 0.0025794 secs] [Times: user=0.01 sys=0.00, real=0.00 secs] 
1772.706: [GC (Allocation Failure) [PSYoungGen: 64320K->1376K(64512K)] 445367K->382423K(662016K), 0.0025113 secs] [Times: user=0.01 sys=0.00, real=0.01 secs] 
1773.251: [GC (Allocation Failure) [PSYoungGen: 64352K->1344K(64512K)] 445399K->382407K(662016K), 0.0028308 secs] [Times: user=0.01 sys=0.00, real=0.00 secs] 
1773.565: [GC (Allocation Failure) [PSYoungGen: 64320K->1376K(64512K)] 445383K->382439K(662016K), 0.0020540 secs] [Times: user=0.00 sys=0.00, real=0.01 secs] 
1773.827: [GC (Allocation Failure) [PSYoungGen: 64352K->1376K(64512K)] 445415K->382439K(662016K), 0.0018630 secs] [Times: user=0.00 sys=0.00, real=0.00 secs] 
1775.327: [GC (Allocation Failure) [PSYoungGen: 64352K->1408K(64512K)] 445415K->382471K(662016K), 0.0040426 secs] [Times: user=0.02 sys=0.00, real=0.00 secs] 
1776.323: [GC (Allocation Failure) [PSYoungGen: 64384K->1376K(64512K)] 445447K->382439K(662016K), 0.0037823 secs] [Times: user=0.02 sys=0.00, real=0.01 secs] 
1777.066: [GC (Allocation Failure) [PSYoungGen: 64352K->1376K(64512K)] 445415K->382439K(662016K), 0.0034208 secs] [Times: user=0.01 sys=0.00, real=0.01 secs] 
1777.560: [GC (Allocation Failure) [PSYoungGen: 64352K->1376K(64512K)] 445415K->382439K(662016K), 0.0026563 secs] [Times: user=0.02 sys=0.00, real=0.00 secs] 
1778.083: [GC (Allocation Failure) [PSYoungGen: 64352K->1360K(64512K)] 445415K->382423K(662016K), 0.0027233 secs] [Times: user=0.01 sys=0.00, real=0.00 secs] 
1779.188: [GC (Allocation Failure) [PSYoungGen: 64336K->1376K(64512K)] 445399K->382439K(662016K), 0.0014837 secs] [Times: user=0.01 sys=0.00, real=0.00 secs] 
1779.580: [GC (Allocation Failure) [PSYoungGen: 64352K->1344K(64512K)] 445415K->382415K(662016K), 0.0019176 secs] [Times: user=0.00 sys=0.00, real=0.00 secs] 
1780.346: [GC (Allocation Failure) [PSYoungGen: 64320K->1376K(64512K)] 445391K->382447K(662016K), 0.0030285 secs] [Times: user=0.01 sys=0.00, real=0.01 secs] 
1781.187: [GC (Allocation Failure) [PSYoungGen: 64352K->1408K(64512K)] 445423K->382495K(662016K), 0.0043172 secs] [Times: user=0.02 sys=0.00, real=0.00 secs] 
1782.873: [GC (Allocation Failure) [PSYoungGen: 64384K->1408K(64512K)] 445471K->382495K(662016K), 0.0018933 secs] [Times: user=0.01 sys=0.00, real=0.00 secs] 
1783.431: [GC (Allocation Failure) [PSYoungGen: 64384K->1376K(64512K)] 445471K->382463K(662016K), 0.0019298 secs] [Times: user=0.01 sys=0.00, real=0.00 secs] 
1784.000: [GC (Allocation Failure) [PSYoungGen: 64352K->1408K(64512K)] 445439K->382495K(662016K), 0.0023125 secs] [Times: user=0.01 sys=0.00, real=0.00 secs] 
1784.506: [GC (Allocation Failure) [PSYoungGen: 64384K->1344K(64512K)] 445471K->382431K(662016K), 0.0024093 secs] [Times: user=0.01 sys=0.00, real=0.01 secs] 
1784.768: [GC (Allocation Failure) [PSYoungGen: 64320K->1408K(64512K)] 445407K->382495K(662016K), 0.0020857 secs] [Times: user=0.01 sys=0.00, real=0.00 secs] 
1786.418: [GC (Allocation Failure) [PSYoungGen: 64384K->1456K(64512K)] 445471K->382543K(662016K), 0.0022641 secs] [Times: user=0.01 sys=0.00, real=0.00 secs] 
1787.046: [GC (Allocation Failure) [PSYoungGen: 64432K->1408K(64512K)] 445519K->382495K(662016K), 0.0054593 secs] [Times: user=0.01 sys=0.00, real=0.01 secs] 
1787.609: [GC (Allocation Failure) [PSYoungGen: 64384K->1312K(64512K)] 445471K->382399K(662016K), 0.0027838 secs] [Times: user=0.01 sys=0.00, real=0.00 secs] 
1788.174: [GC (Allocation Failure) [PSYoungGen: 64288K->1376K(64512K)] 445375K->382463K(662016K), 0.0027170 secs] [Times: user=0.02 sys=0.00, real=0.01 secs] 
1789.602: [GC (Allocation Failure) [PSYoungGen: 64352K->1408K(64512K)] 445439K->382495K(662016K), 0.0031983 secs] [Times: user=0.01 sys=0.00, real=0.00 secs] 
1790.466: [GC (Allocation Failure) [PSYoungGen: 64384K->1344K(64512K)] 445471K->382431K(662016K), 0.0029764 secs] [Times: user=0.02 sys=0.00, real=0.01 secs] 
1791.533: [GC (Allocation Failure) [PSYoungGen: 64320K->1344K(64512K)] 445407K->382431K(662016K), 0.0028998 secs] [Times: user=0.01 sys=0.01, real=0.00 secs] 
1792.417: [GC (Allocation Failure) [PSYoungGen: 64320K->1376K(64512K)] 445407K->382471K(662016K), 0.0041984 secs] [Times: user=0.02 sys=0.00, real=0.01 secs] 
1793.426: [GC (Allocation Failure) [PSYoungGen: 64352K->1408K(64512K)] 445447K->382503K(662016K), 0.0057951 secs] [Times: user=0.02 sys=0.00, real=0.01 secs] 
1795.263: [GC (Allocation Failure) [PSYoungGen: 64384K->1376K(64512K)] 445479K->382471K(662016K), 0.0033967 secs] [Times: user=0.02 sys=0.00, real=0.00 secs] 
1795.900: [GC (Allocation Failure) [PSYoungGen: 64352K->1344K(64512K)] 445447K->382439K(662016K), 0.0034112 secs] [Times: user=0.01 sys=0.00, real=0.00 secs] 
1796.474: [GC (Allocation Failure) [PSYoungGen: 64320K->1312K(64512K)] 445415K->382407K(662016K), 0.0029695 secs] [Times: user=0.02 sys=0.00, real=0.00 secs] 
1797.133: [GC (Allocation Failure) [PSYoungGen: 64288K->1344K(64512K)] 445383K->382439K(662016K), 0.0034078 secs] [Times: user=0.01 sys=0.00, real=0.00 secs] 
1798.644: [GC (Allocation Failure) [PSYoungGen: 64320K->1440K(64512K)] 445415K->382535K(662016K), 0.0021652 secs] [Times: user=0.01 sys=0.00, real=0.00 secs] 
1799.869: [GC (Allocation Failure) [PSYoungGen: 64416K->1376K(64512K)] 445511K->382471K(662016K), 0.0036561 secs] [Times: user=0.02 sys=0.01, real=0.00 secs] 
1800.837: [GC (Allocation Failure) [PSYoungGen: 64352K->1344K(64512K)] 445447K->382439K(662016K), 0.0044244 secs] [Times: user=0.01 sys=0.00, real=0.00 secs] 
1801.737: [GC (Allocation Failure) [PSYoungGen: 64320K->1408K(64512K)] 445415K->382503K(662016K), 0.0029660 secs] [Times: user=0.01 sys=0.00, real=0.00 secs] 
1802.709: [GC (Allocation Failure) [PSYoungGen: 64384K->1376K(64512K)] 445479K->382471K(662016K), 0.0034997 secs] [Times: user=0.02 sys=0.00, real=0.00 secs] 
1804.500: [GC (Allocation Failure) [PSYoungGen: 64352K->1408K(64512K)] 445447K->382503K(662016K), 0.0041156 secs] [Times: user=0.02 sys=0.00, real=0.00 secs] 
1805.090: [GC (Allocation Failure) [PSYoungGen: 64384K->1376K(64512K)] 445479K->382479K(662016K), 0.0052377 secs] [Times: user=0.02 sys=0.00, real=0.00 secs] 
1805.598: [GC (Allocation Failure) [PSYoungGen: 64352K->1376K(64512K)] 445455K->382479K(662016K), 0.0028196 secs] [Times: user=0.01 sys=0.00, real=0.00 secs] 
1806.114: [GC (Allocation Failure) [PSYoungGen: 64352K->1376K(64512K)] 445455K->382479K(662016K), 0.0028460 secs] [Times: user=0.01 sys=0.00, real=0.01 secs] 
1808.405: [GC (Allocation Failure) [PSYoungGen: 64352K->1408K(64512K)] 445455K->382511K(662016K), 0.0044524 secs] [Times: user=0.02 sys=0.00, real=0.01 secs] 
1809.509: [GC (Allocation Failure) [PSYoungGen: 64384K->1376K(64512K)] 445487K->382479K(662016K), 0.0046075 secs] [Times: user=0.02 sys=0.00, real=0.00 secs] 
1810.379: [GC (Allocation Failure) [PSYoungGen: 64352K->1376K(64512K)] 445455K->382479K(662016K), 0.0042780 secs] [Times: user=0.01 sys=0.00, real=0.00 secs] 
1810.863: [GC (Allocation Failure) [PSYoungGen: 64352K->1376K(64512K)] 445455K->382479K(662016K), 0.0021373 secs] [Times: user=0.01 sys=0.00, real=0.00 secs] 
1811.126: [GC (Allocation Failure) [PSYoungGen: 64352K->1344K(64512K)] 445455K->382447K(662016K), 0.0020406 secs] [Times: user=0.01 sys=0.00, real=0.01 secs] 
1812.550: [GC (Allocation Failure) [PSYoungGen: 64320K->1376K(64512K)] 445423K->382479K(662016K), 0.0028623 secs] [Times: user=0.01 sys=0.00, real=0.00 secs] 
1813.398: [GC (Allocation Failure) [PSYoungGen: 64352K->1344K(64512K)] 445455K->382447K(662016K), 0.0045695 secs] [Times: user=0.02 sys=0.00, real=0.00 secs] 
1813.920: [GC (Allocation Failure) [PSYoungGen: 64320K->1376K(64512K)] 445423K->382495K(662016K), 0.0025550 secs] [Times: user=0.01 sys=0.00, real=0.00 secs] 
1814.518: [GC (Allocation Failure) [PSYoungGen: 64352K->1344K(64512K)] 445471K->382463K(662016K), 0.0025980 secs] [Times: user=0.01 sys=0.00, real=0.00 secs] 
1815.950: [GC (Allocation Failure) [PSYoungGen: 64320K->1408K(64512K)] 445439K->382527K(662016K), 0.0018455 secs] [Times: user=0.01 sys=0.00, real=0.00 secs] 
1816.455: [GC (Allocation Failure) [PSYoungGen: 64384K->1344K(64512K)] 445503K->382471K(662016K), 0.0027656 secs] [Times: user=0.01 sys=0.00, real=0.01 secs] 
1816.899: [GC (Allocation Failure) [PSYoungGen: 64320K->1312K(64512K)] 445447K->382455K(662016K), 0.0029065 secs] [Times: user=0.01 sys=0.00, real=0.00 secs] 
1817.399: [GC (Allocation Failure) [PSYoungGen: 64288K->1344K(64512K)] 445431K->382487K(662016K), 0.0029536 secs] [Times: user=0.01 sys=0.00, real=0.00 secs] 
1817.899: [GC (Allocation Failure) [PSYoungGen: 64320K->1376K(64512K)] 445463K->382519K(662016K), 0.0027640 secs] [Times: user=0.01 sys=0.00, real=0.00 secs] 
1819.101: [GC (Allocation Failure) [PSYoungGen: 64352K->1440K(64512K)] 445495K->382583K(662016K), 0.0016567 secs] [Times: user=0.01 sys=0.00, real=0.00 secs] 
1819.594: [GC (Allocation Failure) [PSYoungGen: 64416K->1408K(64512K)] 445559K->382559K(662016K), 0.0027811 secs] [Times: user=0.01 sys=0.00, real=0.00 secs] 
1820.097: [GC (Allocation Failure) [PSYoungGen: 64384K->1408K(64512K)] 445535K->382575K(662016K), 0.0027801 secs] [Times: user=0.01 sys=0.00, real=0.00 secs] 
1820.354: [GC (Allocation Failure) [PSYoungGen: 64384K->1376K(64512K)] 445551K->382551K(662016K), 0.0019936 secs] [Times: user=0.01 sys=0.00, real=0.00 secs] 
1821.485: [GC (Allocation Failure) [PSYoungGen: 64352K->1392K(64512K)] 445527K->382567K(662016K), 0.0019316 secs] [Times: user=0.01 sys=0.00, real=0.01 secs] 
1822.018: [GC (Allocation Failure) [PSYoungGen: 64368K->1344K(64512K)] 445543K->382519K(662016K), 0.0024462 secs] [Times: user=0.01 sys=0.00, real=0.00 secs] 
1822.536: [GC (Allocation Failure) [PSYoungGen: 64320K->1328K(64512K)] 445495K->382503K(662016K), 0.0020875 secs] [Times: user=0.01 sys=0.00, real=0.01 secs] 
1822.804: [GC (Allocation Failure) [PSYoungGen: 64304K->1344K(64512K)] 445479K->382519K(662016K), 0.0021938 secs] [Times: user=0.00 sys=0.00, real=0.00 secs] 
1823.066: [GC (Allocation Failure) [PSYoungGen: 64320K->1376K(64512K)] 445495K->382551K(662016K), 0.0020861 secs] [Times: user=0.01 sys=0.00, real=0.01 secs] 
1824.881: [GC (Allocation Failure) [PSYoungGen: 64352K->1440K(64512K)] 445527K->382615K(662016K), 0.0042588 secs] [Times: user=0.02 sys=0.00, real=0.00 secs] 
1825.582: [GC (Allocation Failure) [PSYoungGen: 64416K->1376K(64512K)] 445591K->382551K(662016K), 0.0039259 secs] [Times: user=0.02 sys=0.00, real=0.00 secs] 
1826.154: [GC (Allocation Failure) [PSYoungGen: 64352K->1408K(64512K)] 445527K->382583K(662016K), 0.0030400 secs] [Times: user=0.01 sys=0.00, real=0.01 secs] 
1826.846: [GC (Allocation Failure) [PSYoungGen: 64384K->1376K(64512K)] 445559K->382551K(662016K), 0.0031187 secs] [Times: user=0.01 sys=0.00, real=0.01 secs] 
1828.151: [GC (Allocation Failure) [PSYoungGen: 64352K->1376K(64512K)] 445527K->382551K(662016K), 0.0018760 secs] [Times: user=0.00 sys=0.00, real=0.00 secs] 
1828.589: [GC (Allocation Failure) [PSYoungGen: 64352K->1392K(64512K)] 445527K->382567K(662016K), 0.0020679 secs] [Times: user=0.01 sys=0.00, real=0.00 secs] 
1828.851: [GC (Allocation Failure) [PSYoungGen: 64368K->1344K(64512K)] 445543K->382519K(662016K), 0.0029467 secs] [Times: user=0.02 sys=0.00, real=0.00 secs] 
1829.156: [GC (Allocation Failure) [PSYoungGen: 64320K->1312K(64512K)] 445495K->382503K(662016K), 0.0017785 secs] [Times: user=0.01 sys=0.00, real=0.01 secs] 
1830.548: [GC (Allocation Failure) [PSYoungGen: 64288K->128K(64512K)] 445479K->381319K(662016K), 0.0017007 secs] [Times: user=0.01 sys=0.00, real=0.00 secs] 
1831.179: [GC (Allocation Failure) [PSYoungGen: 63104K->1376K(65024K)] 444295K->382567K(662528K), 0.0021226 secs] [Times: user=0.01 sys=0.00, real=0.00 secs] 
1831.961: [GC (Allocation Failure) [PSYoungGen: 64352K->1360K(65024K)] 445543K->382551K(662528K), 0.0026789 secs] [Times: user=0.01 sys=0.00, real=0.00 secs] 
1832.508: [GC (Allocation Failure) [PSYoungGen: 64336K->1344K(65024K)] 445527K->382535K(662528K), 0.0024159 secs] [Times: user=0.01 sys=0.00, real=0.00 secs] 
1833.097: [GC (Allocation Failure) [PSYoungGen: 64320K->1408K(65024K)] 445511K->382599K(662528K), 0.0022886 secs] [Times: user=0.01 sys=0.00, real=0.00 secs] 
1834.464: [GC (Allocation Failure) [PSYoungGen: 64384K->1440K(65024K)] 445575K->382631K(662528K), 0.0020734 secs] [Times: user=0.01 sys=0.00, real=0.00 secs] 
1835.023: [GC (Allocation Failure) [PSYoungGen: 64416K->1376K(65024K)] 445607K->382567K(662528K), 0.0031680 secs] [Times: user=0.01 sys=0.01, real=0.00 secs] 
1835.551: [GC (Allocation Failure) [PSYoungGen: 64352K->1376K(65024K)] 445543K->382567K(662528K), 0.0032621 secs] [Times: user=0.01 sys=0.00, real=0.00 secs] 
1835.857: [GC (Allocation Failure) [PSYoungGen: 64352K->1408K(65024K)] 445543K->382599K(662528K), 0.0021448 secs] [Times: user=0.01 sys=0.00, real=0.00 secs] 
1836.898: [GC (Allocation Failure) [PSYoungGen: 64384K->1472K(65024K)] 445575K->382663K(662528K), 0.0016238 secs] [Times: user=0.01 sys=0.00, real=0.00 secs] 
1837.157: [GC (Allocation Failure) [PSYoungGen: 64448K->1408K(65024K)] 445639K->382599K(662528K), 0.0017282 secs] [Times: user=0.00 sys=0.00, real=0.00 secs] 
1837.441: [GC (Allocation Failure) [PSYoungGen: 64384K->1376K(65024K)] 445575K->382567K(662528K), 0.0016824 secs] [Times: user=0.01 sys=0.00, real=0.00 secs] 
1838.104: [GC (Allocation Failure) [PSYoungGen: 64352K->1408K(65024K)] 445543K->382599K(662528K), 0.0040500 secs] [Times: user=0.01 sys=0.00, real=0.01 secs] 
1838.779: [GC (Allocation Failure) [PSYoungGen: 64384K->1408K(65024K)] 445575K->382599K(662528K), 0.0027205 secs] [Times: user=0.01 sys=0.00, real=0.00 secs] 
1839.909: [GC (Allocation Failure) [PSYoungGen: 64384K->1408K(65024K)] 445575K->382599K(662528K), 0.0019032 secs] [Times: user=0.01 sys=0.00, real=0.00 secs] 
1840.171: [GC (Allocation Failure) [PSYoungGen: 64384K->1376K(65024K)] 445575K->382575K(662528K), 0.0017706 secs] [Times: user=0.01 sys=0.00, real=0.00 secs] 
1840.433: [GC (Allocation Failure) [PSYoungGen: 64352K->1376K(65024K)] 445551K->382575K(662528K), 0.0018860 secs] [Times: user=0.01 sys=0.00, real=0.00 secs] 
1840.730: [GC (Allocation Failure) [PSYoungGen: 64352K->1376K(65024K)] 445551K->382575K(662528K), 0.0022920 secs] [Times: user=0.01 sys=0.00, real=0.00 secs] 
1841.971: [GC (Allocation Failure) [PSYoungGen: 64352K->1664K(65024K)] 445551K->382863K(662528K), 0.0020164 secs] [Times: user=0.00 sys=0.00, real=0.00 secs] 
1843.232: [GC (Allocation Failure) [PSYoungGen: 64640K->1376K(65024K)] 445839K->382575K(662528K), 0.0039625 secs] [Times: user=0.01 sys=0.00, real=0.00 secs] 
1844.043: [GC (Allocation Failure) [PSYoungGen: 64352K->1376K(65024K)] 445551K->382575K(662528K), 0.0033010 secs] [Times: user=0.01 sys=0.00, real=0.00 secs] 
1844.375: [GC (Allocation Failure) [PSYoungGen: 64352K->1408K(65024K)] 445551K->382607K(662528K), 0.0021175 secs] [Times: user=0.01 sys=0.00, real=0.01 secs] 
1844.637: [GC (Allocation Failure) [PSYoungGen: 64384K->1376K(65024K)] 445583K->382575K(662528K), 0.0021147 secs] [Times: user=0.01 sys=0.00, real=0.00 secs] 
1846.495: [GC (Allocation Failure) [PSYoungGen: 64352K->1408K(65024K)] 445551K->382607K(662528K), 0.0022697 secs] [Times: user=0.01 sys=0.00, real=0.01 secs] 
1847.132: [GC (Allocation Failure) [PSYoungGen: 64384K->1376K(65024K)] 445583K->382575K(662528K), 0.0024209 secs] [Times: user=0.01 sys=0.00, real=0.00 secs] 
1847.885: [GC (Allocation Failure) [PSYoungGen: 64352K->1344K(65024K)] 445551K->382543K(662528K), 0.0022036 secs] [Times: user=0.01 sys=0.00, real=0.01 secs] 
1848.362: [GC (Allocation Failure) [PSYoungGen: 64320K->1376K(64512K)] 445519K->382575K(662016K), 0.0022983 secs] [Times: user=0.01 sys=0.01, real=0.00 secs] 
1849.578: [GC (Allocation Failure) [PSYoungGen: 64352K->1440K(64512K)] 445551K->383663K(662016K), 0.0017957 secs] [Times: user=0.01 sys=0.00, real=0.00 secs] 
1850.228: [GC (Allocation Failure) [PSYoungGen: 64416K->1344K(64512K)] 446639K->383567K(662016K), 0.0020347 secs] [Times: user=0.01 sys=0.00, real=0.00 secs] 
1850.689: [GC (Allocation Failure) [PSYoungGen: 64320K->1376K(64512K)] 446543K->383607K(662016K), 0.0020777 secs] [Times: user=0.01 sys=0.00, real=0.00 secs] 
1850.958: [GC (Allocation Failure) [PSYoungGen: 64352K->1392K(64512K)] 446583K->383623K(662016K), 0.0020409 secs] [Times: user=0.01 sys=0.00, real=0.00 secs] 
1851.310: [GC (Allocation Failure) [PSYoungGen: 64368K->1360K(64512K)] 446599K->383591K(662016K), 0.0021936 secs] [Times: user=0.01 sys=0.00, real=0.00 secs] 
1852.277: [GC (Allocation Failure) [PSYoungGen: 64336K->1408K(64512K)] 446567K->383639K(662016K), 0.0016567 secs] [Times: user=0.01 sys=0.00, real=0.00 secs] 
1852.577: [GC (Allocation Failure) [PSYoungGen: 64384K->1360K(64512K)] 446615K->383607K(662016K), 0.0015207 secs] [Times: user=0.01 sys=0.00, real=0.00 secs] 
1852.909: [GC (Allocation Failure) [PSYoungGen: 64336K->1360K(64512K)] 446583K->383607K(662016K), 0.0017401 secs] [Times: user=0.00 sys=0.00, real=0.00 secs] 
1853.170: [GC (Allocation Failure) [PSYoungGen: 64336K->1344K(64512K)] 446583K->383591K(662016K), 0.0018134 secs] [Times: user=0.01 sys=0.00, real=0.00 secs] 
1854.566: [GC (Allocation Failure) [PSYoungGen: 64320K->896K(64512K)] 446567K->384167K(662016K), 0.0041190 secs] [Times: user=0.02 sys=0.00, real=0.01 secs] 
1855.177: [GC (Allocation Failure) [PSYoungGen: 63872K->384K(65024K)] 447143K->383655K(662528K), 0.0039099 secs] [Times: user=0.02 sys=0.00, real=0.00 secs] 
1856.114: [GC (Allocation Failure) [PSYoungGen: 63360K->352K(65024K)] 446631K->383623K(662528K), 0.0029051 secs] [Times: user=0.02 sys=0.00, real=0.01 secs] 
1856.979: [GC (Allocation Failure) [PSYoungGen: 63328K->352K(65024K)] 446599K->383623K(662528K), 0.0032731 secs] [Times: user=0.01 sys=0.00, real=0.00 secs] 
1857.530: [GC (Allocation Failure) [PSYoungGen: 63328K->384K(65024K)] 446599K->383655K(662528K), 0.0022683 secs] [Times: user=0.01 sys=0.00, real=0.00 secs] 
1859.063: [GC (Allocation Failure) [PSYoungGen: 63360K->1408K(65024K)] 446631K->384679K(662528K), 0.0019091 secs] [Times: user=0.01 sys=0.00, real=0.00 secs] 
1859.821: [GC (Allocation Failure) [PSYoungGen: 64384K->1376K(65024K)] 447655K->384655K(662528K), 0.0034472 secs] [Times: user=0.01 sys=0.00, real=0.00 secs] 
1860.348: [GC (Allocation Failure) [PSYoungGen: 64352K->1344K(65024K)] 447631K->384623K(662528K), 0.0028544 secs] [Times: user=0.01 sys=0.00, real=0.00 secs] 
1860.932: [GC (Allocation Failure) [PSYoungGen: 64320K->1376K(65024K)] 447599K->384655K(662528K), 0.0030949 secs] [Times: user=0.01 sys=0.00, real=0.00 secs] 
1862.394: [GC (Allocation Failure) [PSYoungGen: 64352K->1424K(65024K)] 447631K->384703K(662528K), 0.0017591 secs] [Times: user=0.01 sys=0.00, real=0.00 secs] 
1863.102: [GC (Allocation Failure) [PSYoungGen: 64400K->1376K(65024K)] 447679K->384655K(662528K), 0.0019684 secs] [Times: user=0.01 sys=0.00, real=0.00 secs] 
1863.647: [GC (Allocation Failure) [PSYoungGen: 64352K->1376K(65024K)] 447631K->384655K(662528K), 0.0024965 secs] [Times: user=0.01 sys=0.00, real=0.00 secs] 
1864.243: [GC (Allocation Failure) [PSYoungGen: 64352K->1376K(65024K)] 447631K->384655K(662528K), 0.0035955 secs] [Times: user=0.01 sys=0.00, real=0.01 secs] 
1864.765: [GC (Allocation Failure) [PSYoungGen: 64352K->1408K(65024K)] 447631K->384687K(662528K), 0.0025714 secs] [Times: user=0.01 sys=0.00, real=0.01 secs] 
1866.406: [GC (Allocation Failure) [PSYoungGen: 64384K->1376K(65024K)] 447663K->384655K(662528K), 0.0044067 secs] [Times: user=0.02 sys=0.00, real=0.01 secs] 
1867.592: [GC (Allocation Failure) [PSYoungGen: 64352K->1376K(65024K)] 447631K->384655K(662528K), 0.0044543 secs] [Times: user=0.02 sys=0.00, real=0.01 secs] 
1868.591: [GC (Allocation Failure) [PSYoungGen: 64352K->1344K(65024K)] 447631K->384623K(662528K), 0.0037750 secs] [Times: user=0.01 sys=0.00, real=0.00 secs] 
1869.116: [GC (Allocation Failure) [PSYoungGen: 64320K->1376K(65024K)] 447599K->384655K(662528K), 0.0022645 secs] [Times: user=0.01 sys=0.00, real=0.01 secs] 
1870.506: [GC (Allocation Failure) [PSYoungGen: 64352K->1344K(65024K)] 447631K->384623K(662528K), 0.0023105 secs] [Times: user=0.01 sys=0.00, real=0.01 secs] 
1871.449: [GC (Allocation Failure) [PSYoungGen: 64320K->1344K(65024K)] 447599K->384623K(662528K), 0.0029151 secs] [Times: user=0.01 sys=0.00, real=0.00 secs] 
1872.597: [GC (Allocation Failure) [PSYoungGen: 64320K->1376K(65024K)] 447599K->384655K(662528K), 0.0042059 secs] [Times: user=0.02 sys=0.00, real=0.00 secs] 
1873.547: [GC (Allocation Failure) [PSYoungGen: 64352K->1376K(65024K)] 447631K->384663K(662528K), 0.0041443 secs] [Times: user=0.01 sys=0.00, real=0.00 secs] 
1874.128: [GC (Allocation Failure) [PSYoungGen: 64352K->1328K(65024K)] 447639K->384615K(662528K), 0.0024370 secs] [Times: user=0.01 sys=0.00, real=0.00 secs] 
1875.839: [GC (Allocation Failure) [PSYoungGen: 64304K->1344K(65024K)] 447591K->384631K(662528K), 0.0029168 secs] [Times: user=0.01 sys=0.00, real=0.00 secs] 
1876.981: [GC (Allocation Failure) [PSYoungGen: 64320K->1376K(65024K)] 447607K->384671K(662528K), 0.0032104 secs] [Times: user=0.02 sys=0.00, real=0.00 secs] 
1877.863: [GC (Allocation Failure) [PSYoungGen: 64352K->1376K(65024K)] 447647K->384671K(662528K), 0.0036718 secs] [Times: user=0.01 sys=0.00, real=0.00 secs] 
1878.566: [GC (Allocation Failure) [PSYoungGen: 64352K->1344K(65024K)] 447647K->384639K(662528K), 0.0033993 secs] [Times: user=0.02 sys=0.00, real=0.01 secs] 
1880.106: [GC (Allocation Failure) [PSYoungGen: 64320K->1408K(65024K)] 447615K->384703K(662528K), 0.0022270 secs] [Times: user=0.01 sys=0.00, real=0.01 secs] 
1880.719: [GC (Allocation Failure) [PSYoungGen: 64384K->1344K(65024K)] 447679K->384639K(662528K), 0.0025302 secs] [Times: user=0.01 sys=0.00, real=0.00 secs] 
1881.161: [GC (Allocation Failure) [PSYoungGen: 64320K->1344K(65024K)] 447615K->384639K(662528K), 0.0025232 secs] [Times: user=0.02 sys=0.00, real=0.00 secs] 
1881.718: [GC (Allocation Failure) [PSYoungGen: 64320K->1376K(65024K)] 447615K->384671K(662528K), 0.0026744 secs] [Times: user=0.01 sys=0.00, real=0.00 secs] 
1882.248: [GC (Allocation Failure) [PSYoungGen: 64352K->1408K(65024K)] 447647K->384703K(662528K), 0.0023528 secs] [Times: user=0.01 sys=0.00, real=0.00 secs] 
1883.346: [GC (Allocation Failure) [PSYoungGen: 64384K->1376K(65024K)] 447679K->384671K(662528K), 0.0017268 secs] [Times: user=0.01 sys=0.00, real=0.01 secs] 
1883.607: [GC (Allocation Failure) [PSYoungGen: 64352K->1376K(65024K)] 447647K->384679K(662528K), 0.0019067 secs] [Times: user=0.01 sys=0.00, real=0.00 secs] 
1883.869: [GC (Allocation Failure) [PSYoungGen: 64352K->1312K(65024K)] 447655K->384615K(662528K), 0.0017771 secs] [Times: user=0.00 sys=0.00, real=0.00 secs] 
1884.130: [GC (Allocation Failure) [PSYoungGen: 64288K->1408K(65024K)] 447591K->384711K(662528K), 0.0018449 secs] [Times: user=0.01 sys=0.00, real=0.00 secs] 
1885.762: [GC (Allocation Failure) [PSYoungGen: 64384K->1392K(65024K)] 447687K->384695K(662528K), 0.0046509 secs] [Times: user=0.02 sys=0.00, real=0.00 secs] 
1886.836: [GC (Allocation Failure) [PSYoungGen: 64368K->1344K(64512K)] 447671K->384647K(662016K), 0.0041041 secs] [Times: user=0.01 sys=0.00, real=0.01 secs] 
1887.636: [GC (Allocation Failure) [PSYoungGen: 64320K->1344K(64512K)] 447623K->384647K(662016K), 0.0044082 secs] [Times: user=0.02 sys=0.00, real=0.01 secs] 
1888.175: [GC (Allocation Failure) [PSYoungGen: 64320K->352K(64000K)] 447623K->384679K(661504K), 0.0030080 secs] [Times: user=0.01 sys=0.00, real=0.01 secs] 
1888.598: [GC (Allocation Failure) [PSYoungGen: 63328K->368K(65024K)] 447655K->384695K(662528K), 0.0022940 secs] [Times: user=0.01 sys=0.00, real=0.00 secs] 
1889.658: [GC (Allocation Failure) [PSYoungGen: 63344K->1424K(65024K)] 447671K->385751K(662528K), 0.0018971 secs] [Times: user=0.01 sys=0.00, real=0.00 secs] 
1889.920: [GC (Allocation Failure) [PSYoungGen: 64400K->1312K(65024K)] 448727K->385655K(662528K), 0.0019499 secs] [Times: user=0.00 sys=0.00, real=0.00 secs] 
1890.182: [GC (Allocation Failure) [PSYoungGen: 64288K->1344K(65024K)] 448631K->385687K(662528K), 0.0018107 secs] [Times: user=0.00 sys=0.00, real=0.00 secs] 
1890.444: [GC (Allocation Failure) [PSYoungGen: 64320K->1344K(65024K)] 448663K->385687K(662528K), 0.0023201 secs] [Times: user=0.01 sys=0.00, real=0.00 secs] 
1891.459: [GC (Allocation Failure) [PSYoungGen: 64320K->1440K(65024K)] 448663K->385783K(662528K), 0.0018902 secs] [Times: user=0.01 sys=0.00, real=0.00 secs] 
1891.873: [GC (Allocation Failure) [PSYoungGen: 64416K->1376K(65024K)] 448759K->385719K(662528K), 0.0020766 secs] [Times: user=0.01 sys=0.00, real=0.00 secs] 
1892.655: [GC (Allocation Failure) [PSYoungGen: 64352K->1344K(65024K)] 448695K->385687K(662528K), 0.0028667 secs] [Times: user=0.02 sys=0.00, real=0.01 secs] 
1892.979: [GC (Allocation Failure) [PSYoungGen: 64320K->1408K(65024K)] 448663K->385751K(662528K), 0.0022369 secs] [Times: user=0.01 sys=0.00, real=0.00 secs] 
1893.326: [GC (Allocation Failure) [PSYoungGen: 64384K->1376K(65024K)] 448727K->385719K(662528K), 0.0022878 secs] [Times: user=0.01 sys=0.00, real=0.01 secs] 
1894.632: [GC (Allocation Failure) [PSYoungGen: 64352K->1376K(65024K)] 448695K->385719K(662528K), 0.0037340 secs] [Times: user=0.01 sys=0.00, real=0.00 secs] 
1894.899: [GC (Allocation Failure) [PSYoungGen: 64352K->1392K(65024K)] 448695K->385735K(662528K), 0.0026736 secs] [Times: user=0.01 sys=0.00, real=0.00 secs] 
1895.158: [GC (Allocation Failure) [PSYoungGen: 64368K->1360K(65024K)] 448711K->385703K(662528K), 0.0021616 secs] [Times: user=0.01 sys=0.00, real=0.00 secs] 
1895.534: [GC (Allocation Failure) [PSYoungGen: 64336K->1344K(65024K)] 448679K->385687K(662528K), 0.0024185 secs] [Times: user=0.01 sys=0.00, real=0.00 secs] 
1896.764: [GC (Allocation Failure) [PSYoungGen: 64320K->1440K(65024K)] 448663K->385783K(662528K), 0.0018684 secs] [Times: user=0.01 sys=0.00, real=0.00 secs] 
1897.392: [GC (Allocation Failure) [PSYoungGen: 64416K->1376K(65024K)] 448759K->385719K(662528K), 0.0029865 secs] [Times: user=0.01 sys=0.00, real=0.00 secs] 
1898.067: [GC (Allocation Failure) [PSYoungGen: 64352K->1344K(65024K)] 448695K->385703K(662528K), 0.0023615 secs] [Times: user=0.01 sys=0.00, real=0.00 secs] 
1898.581: [GC (Allocation Failure) [PSYoungGen: 64320K->1344K(65024K)] 448679K->385703K(662528K), 0.0027544 secs] [Times: user=0.01 sys=0.00, real=0.00 secs] 
1899.190: [GC (Allocation Failure) [PSYoungGen: 64320K->1328K(65024K)] 448679K->385687K(662528K), 0.0030675 secs] [Times: user=0.01 sys=0.00, real=0.00 secs] 
1900.722: [GC (Allocation Failure) [PSYoungGen: 64304K->1392K(65024K)] 448663K->385759K(662528K), 0.0042335 secs] [Times: user=0.02 sys=0.00, real=0.00 secs] 
1901.299: [GC (Allocation Failure) [PSYoungGen: 64368K->1376K(65024K)] 448735K->385751K(662528K), 0.0027498 secs] [Times: user=0.02 sys=0.00, real=0.00 secs] 
1901.966: [GC (Allocation Failure) [PSYoungGen: 64352K->1344K(65024K)] 448727K->385719K(662528K), 0.0030492 secs] [Times: user=0.01 sys=0.00, real=0.01 secs] 
1904.572: [GC (Allocation Failure) [PSYoungGen: 64320K->1376K(65024K)] 448695K->385751K(662528K), 0.0033732 secs] [Times: user=0.02 sys=0.00, real=0.00 secs] 
1906.830: [GC (Allocation Failure) [PSYoungGen: 64352K->1408K(65024K)] 448727K->385783K(662528K), 0.0030710 secs] [Times: user=0.01 sys=0.00, real=0.00 secs] 
1907.618: [GC (Allocation Failure) [PSYoungGen: 64384K->1376K(64512K)] 448759K->385751K(662016K), 0.0029585 secs] [Times: user=0.02 sys=0.00, real=0.00 secs] 
1908.533: [GC (Allocation Failure) [PSYoungGen: 64352K->1376K(64512K)] 448727K->385751K(662016K), 0.0030157 secs] [Times: user=0.02 sys=0.00, real=0.00 secs] 
1909.420: [GC (Allocation Failure) [PSYoungGen: 64352K->1344K(64512K)] 448727K->385719K(662016K), 0.0025241 secs] [Times: user=0.01 sys=0.00, real=0.00 secs] 
1910.216: [GC (Allocation Failure) [PSYoungGen: 64320K->1360K(64512K)] 448695K->385735K(662016K), 0.0028826 secs] [Times: user=0.01 sys=0.00, real=0.01 secs] 
1911.272: [GC (Allocation Failure) [PSYoungGen: 64336K->1408K(64512K)] 448711K->385783K(662016K), 0.0017626 secs] [Times: user=0.01 sys=0.00, real=0.00 secs] 
1911.560: [GC (Allocation Failure) [PSYoungGen: 64384K->1408K(64512K)] 448759K->385783K(662016K), 0.0018611 secs] [Times: user=0.01 sys=0.00, real=0.00 secs] 
1911.921: [GC (Allocation Failure) [PSYoungGen: 64384K->1360K(64512K)] 448759K->385735K(662016K), 0.0017019 secs] [Times: user=0.01 sys=0.00, real=0.00 secs] 
1912.214: [GC (Allocation Failure) [PSYoungGen: 64336K->1376K(64512K)] 448711K->385751K(662016K), 0.0018839 secs] [Times: user=0.01 sys=0.00, real=0.00 secs] 
1913.812: [GC (Allocation Failure) [PSYoungGen: 64352K->1376K(64512K)] 448727K->385751K(662016K), 0.0046284 secs] [Times: user=0.02 sys=0.00, real=0.00 secs] 
1914.383: [GC (Allocation Failure) [PSYoungGen: 64352K->1376K(64512K)] 448727K->385751K(662016K), 0.0032642 secs] [Times: user=0.01 sys=0.00, real=0.00 secs] 
1914.953: [GC (Allocation Failure) [PSYoungGen: 64352K->1376K(64512K)] 448727K->385759K(662016K), 0.0028500 secs] [Times: user=0.01 sys=0.01, real=0.00 secs] 
1915.517: [GC (Allocation Failure) [PSYoungGen: 64352K->1344K(64512K)] 448735K->385727K(662016K), 0.0028501 secs] [Times: user=0.01 sys=0.00, real=0.00 secs] 
1916.101: [GC (Allocation Failure) [PSYoungGen: 64320K->1376K(64512K)] 448703K->385759K(662016K), 0.0027449 secs] [Times: user=0.01 sys=0.00, real=0.00 secs] 
1917.883: [GC (Allocation Failure) [PSYoungGen: 64352K->1376K(64512K)] 448735K->385759K(662016K), 0.0043205 secs] [Times: user=0.02 sys=0.00, real=0.01 secs] 
1918.370: [GC (Allocation Failure) [PSYoungGen: 64352K->1376K(64512K)] 448735K->385759K(662016K), 0.0028167 secs] [Times: user=0.01 sys=0.00, real=0.00 secs] 
1918.880: [GC (Allocation Failure) [PSYoungGen: 64352K->1360K(64512K)] 448735K->385743K(662016K), 0.0024249 secs] [Times: user=0.01 sys=0.00, real=0.00 secs] 
1919.553: [GC (Allocation Failure) [PSYoungGen: 64336K->1344K(64512K)] 448719K->385727K(662016K), 0.0036163 secs] [Times: user=0.01 sys=0.00, real=0.01 secs] 
1920.820: [GC (Allocation Failure) [PSYoungGen: 64320K->1408K(64512K)] 448703K->385791K(662016K), 0.0018417 secs] [Times: user=0.01 sys=0.00, real=0.00 secs] 
1921.241: [GC (Allocation Failure) [PSYoungGen: 64384K->1344K(64512K)] 448767K->385743K(662016K), 0.0018022 secs] [Times: user=0.01 sys=0.00, real=0.00 secs] 
1921.850: [GC (Allocation Failure) [PSYoungGen: 64320K->1360K(64512K)] 448719K->385759K(662016K), 0.0035830 secs] [Times: user=0.01 sys=0.00, real=0.00 secs] 
1922.533: [GC (Allocation Failure) [PSYoungGen: 64336K->1344K(64512K)] 448735K->385743K(662016K), 0.0033509 secs] [Times: user=0.01 sys=0.00, real=0.01 secs] 
1923.253: [GC (Allocation Failure) [PSYoungGen: 64320K->1376K(64512K)] 448719K->385775K(662016K), 0.0033288 secs] [Times: user=0.02 sys=0.00, real=0.01 secs] 
1924.474: [GC (Allocation Failure) [PSYoungGen: 64352K->1408K(64512K)] 448751K->385807K(662016K), 0.0031900 secs] [Times: user=0.01 sys=0.00, real=0.01 secs] 
1924.734: [GC (Allocation Failure) [PSYoungGen: 64384K->1376K(64512K)] 448783K->385775K(662016K), 0.0026242 secs] [Times: user=0.01 sys=0.00, real=0.01 secs] 
1925.032: [GC (Allocation Failure) [PSYoungGen: 64352K->1376K(64512K)] 448751K->385775K(662016K), 0.0023719 secs] [Times: user=0.01 sys=0.00, real=0.00 secs] 
1925.534: [GC (Allocation Failure) [PSYoungGen: 64352K->1376K(64512K)] 448751K->385775K(662016K), 0.0034890 secs] [Times: user=0.01 sys=0.00, real=0.01 secs] 
1926.773: [GC (Allocation Failure) [PSYoungGen: 64352K->1408K(64512K)] 448751K->385807K(662016K), 0.0019393 secs] [Times: user=0.00 sys=0.00, real=0.00 secs] 
1927.043: [GC (Allocation Failure) [PSYoungGen: 64384K->1376K(64512K)] 448783K->385775K(662016K), 0.0019237 secs] [Times: user=0.01 sys=0.00, real=0.00 secs] 
1927.406: [GC (Allocation Failure) [PSYoungGen: 64352K->1344K(64512K)] 448751K->385743K(662016K), 0.0019731 secs] [Times: user=0.01 sys=0.00, real=0.01 secs] 
1927.916: [GC (Allocation Failure) [PSYoungGen: 64320K->1344K(64512K)] 448719K->385743K(662016K), 0.0027416 secs] [Times: user=0.02 sys=0.00, real=0.01 secs] 
1929.337: [GC (Allocation Failure) [PSYoungGen: 64320K->224K(64512K)] 448719K->384623K(662016K), 0.0016130 secs] [Times: user=0.01 sys=0.00, real=0.00 secs] 
1930.209: [GC (Allocation Failure) [PSYoungGen: 63200K->1376K(65024K)] 447599K->385791K(662528K), 0.0028506 secs] [Times: user=0.01 sys=0.00, real=0.00 secs] 
1930.981: [GC (Allocation Failure) [PSYoungGen: 64352K->1408K(65024K)] 448767K->385823K(662528K), 0.0030359 secs] [Times: user=0.02 sys=0.00, real=0.00 secs] 
1931.847: [GC (Allocation Failure) [PSYoungGen: 64384K->1360K(65024K)] 448799K->385775K(662528K), 0.0037135 secs] [Times: user=0.01 sys=0.00, real=0.00 secs] 
1932.598: [GC (Allocation Failure) [PSYoungGen: 64336K->1376K(65024K)] 448751K->385791K(662528K), 0.0040863 secs] [Times: user=0.02 sys=0.00, real=0.00 secs] 
1934.183: [GC (Allocation Failure) [PSYoungGen: 64352K->1440K(65024K)] 448767K->385871K(662528K), 0.0018448 secs] [Times: user=0.01 sys=0.00, real=0.00 secs] 
1934.579: [GC (Allocation Failure) [PSYoungGen: 64416K->1408K(65024K)] 448847K->385847K(662528K), 0.0036282 secs] [Times: user=0.01 sys=0.00, real=0.00 secs] 
1934.843: [GC (Allocation Failure) [PSYoungGen: 64384K->1408K(65024K)] 448823K->385855K(662528K), 0.0027785 secs] [Times: user=0.01 sys=0.00, real=0.00 secs] 
1935.196: [GC (Allocation Failure) [PSYoungGen: 64384K->1408K(65024K)] 448831K->385855K(662528K), 0.0021236 secs] [Times: user=0.01 sys=0.00, real=0.01 secs] 
1936.477: [GC (Allocation Failure) [PSYoungGen: 64384K->1472K(65024K)] 448831K->385919K(662528K), 0.0018074 secs] [Times: user=0.01 sys=0.00, real=0.00 secs] 
1937.113: [GC (Allocation Failure) [PSYoungGen: 64448K->1392K(65024K)] 448895K->385839K(662528K), 0.0021246 secs] [Times: user=0.01 sys=0.00, real=0.00 secs] 
1937.655: [GC (Allocation Failure) [PSYoungGen: 64368K->1376K(65024K)] 448815K->385823K(662528K), 0.0023129 secs] [Times: user=0.01 sys=0.00, real=0.01 secs] 
1938.159: [GC (Allocation Failure) [PSYoungGen: 64352K->1424K(65024K)] 448799K->385871K(662528K), 0.0023419 secs] [Times: user=0.01 sys=0.00, real=0.00 secs] 
1938.668: [GC (Allocation Failure) [PSYoungGen: 64400K->1408K(65024K)] 448847K->385855K(662528K), 0.0026297 secs] [Times: user=0.01 sys=0.00, real=0.00 secs] 
1940.004: [GC (Allocation Failure) [PSYoungGen: 64384K->1440K(65024K)] 448831K->385887K(662528K), 0.0020713 secs] [Times: user=0.01 sys=0.00, real=0.00 secs] 
1940.685: [GC (Allocation Failure) [PSYoungGen: 64416K->1408K(65024K)] 448863K->385855K(662528K), 0.0027075 secs] [Times: user=0.01 sys=0.00, real=0.01 secs] 
1941.216: [GC (Allocation Failure) [PSYoungGen: 64384K->1376K(65024K)] 448831K->385855K(662528K), 0.0022642 secs] [Times: user=0.01 sys=0.00, real=0.01 secs] 
1941.983: [GC (Allocation Failure) [PSYoungGen: 64352K->1408K(65024K)] 448831K->385887K(662528K), 0.0037382 secs] [Times: user=0.02 sys=0.00, real=0.01 secs] 
1943.607: [GC (Allocation Failure) [PSYoungGen: 64384K->1696K(65024K)] 448863K->386175K(662528K), 0.0018468 secs] [Times: user=0.01 sys=0.00, real=0.00 secs] 
1944.414: [GC (Allocation Failure) [PSYoungGen: 64672K->1408K(65024K)] 449151K->385887K(662528K), 0.0020716 secs] [Times: user=0.01 sys=0.00, real=0.00 secs] 
1945.232: [GC (Allocation Failure) [PSYoungGen: 64384K->1360K(65024K)] 448863K->385847K(662528K), 0.0042021 secs] [Times: user=0.02 sys=0.01, real=0.00 secs] 
1946.087: [GC (Allocation Failure) [PSYoungGen: 64336K->1376K(65024K)] 448823K->385863K(662528K), 0.0040719 secs] [Times: user=0.01 sys=0.00, real=0.00 secs] 
1946.944: [GC (Allocation Failure) [PSYoungGen: 64352K->1376K(65024K)] 448839K->385863K(662528K), 0.0042305 secs] [Times: user=0.02 sys=0.00, real=0.01 secs] 
1948.393: [GC (Allocation Failure) [PSYoungGen: 64352K->1408K(65024K)] 448839K->385895K(662528K), 0.0019027 secs] [Times: user=0.00 sys=0.00, real=0.00 secs] 
1948.836: [GC (Allocation Failure) [PSYoungGen: 64384K->1344K(65024K)] 448871K->385831K(662528K), 0.0033126 secs] [Times: user=0.01 sys=0.00, real=0.01 secs] 
1949.094: [GC (Allocation Failure) [PSYoungGen: 64320K->1392K(65024K)] 448807K->385879K(662528K), 0.0022368 secs] [Times: user=0.01 sys=0.00, real=0.00 secs] 
1949.417: [GC (Allocation Failure) [PSYoungGen: 64368K->1344K(65024K)] 448855K->385831K(662528K), 0.0021632 secs] [Times: user=0.00 sys=0.00, real=0.00 secs] 
1950.722: [GC (Allocation Failure) [PSYoungGen: 64320K->1920K(65024K)] 448807K->386407K(662528K), 0.0016174 secs] [Times: user=0.01 sys=0.00, real=0.00 secs] 
1951.364: [GC (Allocation Failure) [PSYoungGen: 64896K->1376K(65024K)] 449383K->385863K(662528K), 0.0016553 secs] [Times: user=0.01 sys=0.00, real=0.00 secs] 
1951.699: [GC (Allocation Failure) [PSYoungGen: 64352K->1376K(65024K)] 448839K->385871K(662528K), 0.0022242 secs] [Times: user=0.01 sys=0.00, real=0.00 secs] 
1951.962: [GC (Allocation Failure) [PSYoungGen: 64352K->1344K(65024K)] 448847K->385839K(662528K), 0.0020600 secs] [Times: user=0.01 sys=0.00, real=0.00 secs] 
1952.437: [GC (Allocation Failure) [PSYoungGen: 64320K->1408K(65024K)] 448815K->385903K(662528K), 0.0020564 secs] [Times: user=0.01 sys=0.00, real=0.00 secs] 
1954.623: [GC (Allocation Failure) [PSYoungGen: 64384K->1408K(65024K)] 448879K->385903K(662528K), 0.0043442 secs] [Times: user=0.02 sys=0.00, real=0.01 secs] 
1955.076: [GC (Allocation Failure) [PSYoungGen: 64384K->1344K(65024K)] 448879K->385839K(662528K), 0.0020712 secs] [Times: user=0.01 sys=0.00, real=0.01 secs] 
1955.465: [GC (Allocation Failure) [PSYoungGen: 64320K->1376K(65024K)] 448815K->385871K(662528K), 0.0019906 secs] [Times: user=0.01 sys=0.00, real=0.01 secs] 
1955.951: [GC (Allocation Failure) [PSYoungGen: 64352K->1344K(65024K)] 448847K->385839K(662528K), 0.0033182 secs] [Times: user=0.02 sys=0.00, real=0.00 secs] 
1957.557: [GC (Allocation Failure) [PSYoungGen: 64320K->1920K(65024K)] 448815K->386415K(662528K), 0.0029103 secs] [Times: user=0.01 sys=0.00, real=0.00 secs] 
1958.366: [GC (Allocation Failure) [PSYoungGen: 64896K->1376K(65024K)] 449391K->385871K(662528K), 0.0029148 secs] [Times: user=0.01 sys=0.00, real=0.01 secs] 
1958.642: [GC (Allocation Failure) [PSYoungGen: 64352K->1312K(65024K)] 448847K->385807K(662528K), 0.0021190 secs] [Times: user=0.01 sys=0.00, real=0.00 secs] 
1959.114: [GC (Allocation Failure) [PSYoungGen: 64288K->1424K(65024K)] 448783K->385919K(662528K), 0.0020187 secs] [Times: user=0.01 sys=0.00, real=0.00 secs] 
1959.631: [GC (Allocation Failure) [PSYoungGen: 64400K->1376K(65024K)] 448895K->385871K(662528K), 0.0025830 secs] [Times: user=0.01 sys=0.00, real=0.00 secs] 
1960.811: [GC (Allocation Failure) [PSYoungGen: 64352K->1440K(65024K)] 448847K->385935K(662528K), 0.0017553 secs] [Times: user=0.01 sys=0.00, real=0.00 secs] 
1961.073: [GC (Allocation Failure) [PSYoungGen: 64416K->1424K(65024K)] 448911K->385927K(662528K), 0.0018043 secs] [Times: user=0.01 sys=0.00, real=0.00 secs] 
1961.334: [GC (Allocation Failure) [PSYoungGen: 64400K->1376K(65024K)] 448903K->385879K(662528K), 0.0017651 secs] [Times: user=0.01 sys=0.00, real=0.00 secs] 
1961.595: [GC (Allocation Failure) [PSYoungGen: 64352K->1408K(65024K)] 448855K->385911K(662528K), 0.0018032 secs] [Times: user=0.00 sys=0.00, real=0.01 secs] 
1962.550: [GC (Allocation Failure) [PSYoungGen: 64384K->1952K(65024K)] 448887K->386455K(662528K), 0.0016987 secs] [Times: user=0.01 sys=0.00, real=0.00 secs] 
1962.819: [GC (Allocation Failure) [PSYoungGen: 64928K->1376K(65024K)] 449431K->385879K(662528K), 0.0017351 secs] [Times: user=0.00 sys=0.00, real=0.00 secs] 
1963.260: [GC (Allocation Failure) [PSYoungGen: 64352K->1376K(65024K)] 448855K->385879K(662528K), 0.0017397 secs] [Times: user=0.01 sys=0.00, real=0.00 secs] 
1963.766: [GC (Allocation Failure) [PSYoungGen: 64352K->1376K(65024K)] 448855K->385879K(662528K), 0.0019509 secs] [Times: user=0.01 sys=0.00, real=0.01 secs] 
1964.362: [GC (Allocation Failure) [PSYoungGen: 64352K->1376K(65024K)] 448855K->385879K(662528K), 0.0023913 secs] [Times: user=0.01 sys=0.00, real=0.00 secs] 
1965.788: [GC (Allocation Failure) [PSYoungGen: 64352K->1376K(65024K)] 448855K->385879K(662528K), 0.0025543 secs] [Times: user=0.01 sys=0.00, real=0.00 secs] 
1966.570: [GC (Allocation Failure) [PSYoungGen: 64352K->1328K(65024K)] 448855K->385831K(662528K), 0.0044380 secs] [Times: user=0.02 sys=0.00, real=0.00 secs] 
1967.460: [GC (Allocation Failure) [PSYoungGen: 64304K->1376K(65024K)] 448807K->385879K(662528K), 0.0046915 secs] [Times: user=0.01 sys=0.00, real=0.00 secs] 
1967.982: [GC (Allocation Failure) [PSYoungGen: 64352K->1408K(65024K)] 448855K->385911K(662528K), 0.0032251 secs] [Times: user=0.01 sys=0.00, real=0.00 secs] 
1969.463: [GC (Allocation Failure) [PSYoungGen: 64384K->1408K(65024K)] 448887K->385911K(662528K), 0.0021829 secs] [Times: user=0.01 sys=0.00, real=0.00 secs] 
1969.879: [GC (Allocation Failure) [PSYoungGen: 64384K->1376K(65024K)] 448887K->385887K(662528K), 0.0028518 secs] [Times: user=0.01 sys=0.00, real=0.00 secs] 
1970.167: [GC (Allocation Failure) [PSYoungGen: 64352K->1408K(65024K)] 448863K->385927K(662528K), 0.0024184 secs] [Times: user=0.01 sys=0.00, real=0.00 secs] 
1970.495: [GC (Allocation Failure) [PSYoungGen: 64384K->1328K(65024K)] 448903K->385847K(662528K), 0.0027996 secs] [Times: user=0.01 sys=0.00, real=0.01 secs] 
1970.879: [GC (Allocation Failure) [PSYoungGen: 64304K->1376K(65024K)] 448823K->385895K(662528K), 0.0025263 secs] [Times: user=0.01 sys=0.00, real=0.00 secs] 
1972.451: [GC (Allocation Failure) [PSYoungGen: 64352K->1408K(65024K)] 448871K->385927K(662528K), 0.0023817 secs] [Times: user=0.01 sys=0.00, real=0.00 secs] 
1973.139: [GC (Allocation Failure) [PSYoungGen: 64384K->1344K(65024K)] 448903K->385863K(662528K), 0.0025994 secs] [Times: user=0.01 sys=0.01, real=0.00 secs] 
1973.729: [GC (Allocation Failure) [PSYoungGen: 64320K->1408K(65024K)] 448839K->385927K(662528K), 0.0023357 secs] [Times: user=0.01 sys=0.00, real=0.00 secs] 
1974.400: [GC (Allocation Failure) [PSYoungGen: 64384K->1376K(64512K)] 448903K->385895K(662016K), 0.0027231 secs] [Times: user=0.01 sys=0.00, real=0.00 secs] 
1975.794: [GC (Allocation Failure) [PSYoungGen: 64352K->1408K(64512K)] 448871K->385927K(662016K), 0.0016561 secs] [Times: user=0.00 sys=0.00, real=0.00 secs] 
1976.470: [GC (Allocation Failure) [PSYoungGen: 64384K->1360K(64512K)] 448903K->385879K(662016K), 0.0018077 secs] [Times: user=0.01 sys=0.00, real=0.00 secs] 
1977.206: [GC (Allocation Failure) [PSYoungGen: 64336K->1376K(64512K)] 448855K->385895K(662016K), 0.0020664 secs] [Times: user=0.01 sys=0.00, real=0.01 secs] 
1977.983: [GC (Allocation Failure) [PSYoungGen: 64352K->1424K(64512K)] 448871K->385943K(662016K), 0.0019668 secs] [Times: user=0.01 sys=0.00, real=0.00 secs] 
1978.864: [GC (Allocation Failure) [PSYoungGen: 64400K->1344K(64512K)] 448919K->385863K(662016K), 0.0034472 secs] [Times: user=0.02 sys=0.00, real=0.01 secs] 
1980.181: [GC (Allocation Failure) [PSYoungGen: 64320K->1440K(64512K)] 448839K->385967K(662016K), 0.0020509 secs] [Times: user=0.01 sys=0.00, real=0.00 secs] 
1980.857: [GC (Allocation Failure) [PSYoungGen: 64416K->1360K(64512K)] 448943K->385903K(662016K), 0.0033651 secs] [Times: user=0.01 sys=0.01, real=0.01 secs] 
1981.371: [GC (Allocation Failure) [PSYoungGen: 64336K->1376K(64512K)] 448879K->385919K(662016K), 0.0029949 secs] [Times: user=0.01 sys=0.00, real=0.00 secs] 
1981.935: [GC (Allocation Failure) [PSYoungGen: 64352K->1376K(64512K)] 448895K->385919K(662016K), 0.0025887 secs] [Times: user=0.02 sys=0.00, real=0.01 secs] 
1983.134: [GC (Allocation Failure) [PSYoungGen: 64352K->1440K(64512K)] 448895K->385983K(662016K), 0.0015782 secs] [Times: user=0.01 sys=0.00, real=0.00 secs] 
1983.426: [GC (Allocation Failure) [PSYoungGen: 64416K->1344K(64512K)] 448959K->385887K(662016K), 0.0018141 secs] [Times: user=0.00 sys=0.00, real=0.01 secs] 
1983.687: [GC (Allocation Failure) [PSYoungGen: 64320K->1312K(64512K)] 448863K->385855K(662016K), 0.0018981 secs] [Times: user=0.01 sys=0.00, real=0.00 secs] 
1983.972: [GC (Allocation Failure) [PSYoungGen: 64288K->1376K(64512K)] 448831K->385919K(662016K), 0.0031319 secs] [Times: user=0.02 sys=0.00, real=0.00 secs] 
1984.278: [GC (Allocation Failure) [PSYoungGen: 64352K->1376K(64512K)] 448895K->385919K(662016K), 0.0021219 secs] [Times: user=0.01 sys=0.00, real=0.00 secs] 
1985.688: [GC (Allocation Failure) [PSYoungGen: 64352K->1440K(64512K)] 448895K->385983K(662016K), 0.0023321 secs] [Times: user=0.01 sys=0.00, real=0.00 secs] 
1985.998: [GC (Allocation Failure) [PSYoungGen: 64416K->1360K(64512K)] 448959K->385903K(662016K), 0.0020111 secs] [Times: user=0.01 sys=0.00, real=0.00 secs] 
1986.318: [GC (Allocation Failure) [PSYoungGen: 64336K->1376K(64512K)] 448879K->385919K(662016K), 0.0019063 secs] [Times: user=0.01 sys=0.00, real=0.00 secs] 
1986.598: [GC (Allocation Failure) [PSYoungGen: 64352K->1376K(64512K)] 448895K->385919K(662016K), 0.0020579 secs] [Times: user=0.01 sys=0.00, real=0.00 secs] 
1987.612: [GC (Allocation Failure) [PSYoungGen: 64352K->1440K(64512K)] 448895K->385983K(662016K), 0.0020098 secs] [Times: user=0.01 sys=0.00, real=0.00 secs] 
1987.937: [GC (Allocation Failure) [PSYoungGen: 64416K->1344K(64512K)] 448959K->385887K(662016K), 0.0021335 secs] [Times: user=0.00 sys=0.00, real=0.00 secs] 
1988.199: [GC (Allocation Failure) [PSYoungGen: 64320K->1312K(64512K)] 448863K->385879K(662016K), 0.0019971 secs] [Times: user=0.00 sys=0.00, real=0.00 secs] 
1988.461: [GC (Allocation Failure) [PSYoungGen: 64288K->1344K(64512K)] 448855K->385911K(662016K), 0.0020585 secs] [Times: user=0.01 sys=0.00, real=0.00 secs] 
1988.884: [GC (Allocation Failure) [PSYoungGen: 64320K->1344K(64512K)] 448887K->385911K(662016K), 0.0020730 secs] [Times: user=0.01 sys=0.00, real=0.00 secs] 
1990.004: [GC (Allocation Failure) [PSYoungGen: 64320K->1440K(64512K)] 448887K->386007K(662016K), 0.0017831 secs] [Times: user=0.01 sys=0.00, real=0.00 secs] 
1990.265: [GC (Allocation Failure) [PSYoungGen: 64416K->1344K(64512K)] 448983K->385919K(662016K), 0.0016877 secs] [Times: user=0.01 sys=0.00, real=0.00 secs] 
1990.527: [GC (Allocation Failure) [PSYoungGen: 64320K->1408K(64512K)] 448895K->385983K(662016K), 0.0018618 secs] [Times: user=0.01 sys=0.00, real=0.00 secs] 
1991.067: [GC (Allocation Failure) [PSYoungGen: 64384K->1408K(64512K)] 448959K->385983K(662016K), 0.0019733 secs] [Times: user=0.01 sys=0.00, real=0.00 secs] 
1992.213: [GC (Allocation Failure) [PSYoungGen: 64384K->1344K(64512K)] 448959K->385919K(662016K), 0.0018326 secs] [Times: user=0.01 sys=0.00, real=0.00 secs] 
1992.475: [GC (Allocation Failure) [PSYoungGen: 64320K->1408K(64512K)] 448895K->385983K(662016K), 0.0018414 secs] [Times: user=0.01 sys=0.00, real=0.00 secs] 
1992.737: [GC (Allocation Failure) [PSYoungGen: 64384K->1408K(64512K)] 448959K->385983K(662016K), 0.0016731 secs] [Times: user=0.01 sys=0.00, real=0.00 secs] 
1992.998: [GC (Allocation Failure) [PSYoungGen: 64384K->1376K(64512K)] 448959K->385951K(662016K), 0.0028186 secs] [Times: user=0.01 sys=0.00, real=0.00 secs] 
1993.266: [GC (Allocation Failure) [PSYoungGen: 64352K->1376K(64512K)] 448927K->385951K(662016K), 0.0026810 secs] [Times: user=0.01 sys=0.00, real=0.01 secs] 
1994.440: [GC (Allocation Failure) [PSYoungGen: 64352K->1408K(64512K)] 448927K->385983K(662016K), 0.0018524 secs] [Times: user=0.01 sys=0.00, real=0.00 secs] 
1994.971: [GC (Allocation Failure) [PSYoungGen: 64384K->1344K(64512K)] 448959K->385927K(662016K), 0.0025185 secs] [Times: user=0.01 sys=0.00, real=0.00 secs] 
1995.261: [GC (Allocation Failure) [PSYoungGen: 64320K->1376K(64512K)] 448903K->385959K(662016K), 0.0023717 secs] [Times: user=0.01 sys=0.00, real=0.00 secs] 
1995.523: [GC (Allocation Failure) [PSYoungGen: 64352K->1408K(64512K)] 448935K->385991K(662016K), 0.0019965 secs] [Times: user=0.01 sys=0.00, real=0.00 secs] 
1996.704: [GC (Allocation Failure) [PSYoungGen: 64384K->1408K(64512K)] 448967K->385991K(662016K), 0.0021186 secs] [Times: user=0.01 sys=0.00, real=0.00 secs] 
1997.560: [GC (Allocation Failure) [PSYoungGen: 64384K->1376K(64512K)] 448967K->385959K(662016K), 0.0032680 secs] [Times: user=0.01 sys=0.00, real=0.00 secs] 
1998.200: [GC (Allocation Failure) [PSYoungGen: 64352K->1376K(64512K)] 448935K->385975K(662016K), 0.0030022 secs] [Times: user=0.01 sys=0.00, real=0.00 secs] 
1998.890: [GC (Allocation Failure) [PSYoungGen: 64352K->1376K(64512K)] 448951K->385975K(662016K), 0.0028382 secs] [Times: user=0.01 sys=0.00, real=0.00 secs] 
1999.654: [GC (Allocation Failure) [PSYoungGen: 64352K->1376K(64512K)] 448951K->385975K(662016K), 0.0028112 secs] [Times: user=0.01 sys=0.00, real=0.01 secs] 
2001.144: [GC (Allocation Failure) [PSYoungGen: 64352K->1408K(64512K)] 448951K->386007K(662016K), 0.0025645 secs] [Times: user=0.01 sys=0.00, real=0.00 secs] 
2001.790: [GC (Allocation Failure) [PSYoungGen: 64384K->1344K(64512K)] 448983K->385951K(662016K), 0.0026064 secs] [Times: user=0.01 sys=0.00, real=0.00 secs] 
2002.509: [GC (Allocation Failure) [PSYoungGen: 64320K->1408K(64512K)] 448927K->386015K(662016K), 0.0034404 secs] [Times: user=0.01 sys=0.01, real=0.00 secs] 
2003.606: [GC (Allocation Failure) [PSYoungGen: 64384K->1376K(64512K)] 448991K->385983K(662016K), 0.0031745 secs] [Times: user=0.01 sys=0.00, real=0.01 secs] 
2005.040: [GC (Allocation Failure) [PSYoungGen: 64352K->1408K(64512K)] 448959K->386015K(662016K), 0.0020536 secs] [Times: user=0.01 sys=0.00, real=0.00 secs] 
2005.310: [GC (Allocation Failure) [PSYoungGen: 64384K->1376K(64512K)] 448991K->385983K(662016K), 0.0019458 secs] [Times: user=0.01 sys=0.00, real=0.00 secs] 
2005.582: [GC (Allocation Failure) [PSYoungGen: 64352K->1376K(64512K)] 448959K->385983K(662016K), 0.0020158 secs] [Times: user=0.01 sys=0.00, real=0.00 secs] 
2005.961: [GC (Allocation Failure) [PSYoungGen: 64352K->1376K(64512K)] 448959K->385983K(662016K), 0.0020839 secs] [Times: user=0.00 sys=0.01, real=0.00 secs] 
2006.484: [GC (Allocation Failure) [PSYoungGen: 64352K->1344K(64512K)] 448959K->385951K(662016K), 0.0025521 secs] [Times: user=0.01 sys=0.00, real=0.00 secs] 
2007.832: [GC (Allocation Failure) [PSYoungGen: 64320K->1376K(64512K)] 448927K->385983K(662016K), 0.0022929 secs] [Times: user=0.01 sys=0.00, real=0.00 secs] 
2008.565: [GC (Allocation Failure) [PSYoungGen: 64352K->1376K(64512K)] 448959K->385983K(662016K), 0.0028152 secs] [Times: user=0.01 sys=0.00, real=0.01 secs] 
2009.308: [GC (Allocation Failure) [PSYoungGen: 64352K->1376K(64512K)] 448959K->385983K(662016K), 0.0021078 secs] [Times: user=0.01 sys=0.00, real=0.00 secs] 
2009.955: [GC (Allocation Failure) [PSYoungGen: 64352K->1376K(64512K)] 448959K->385983K(662016K), 0.0020135 secs] [Times: user=0.01 sys=0.00, real=0.01 secs] 
2011.461: [GC (Allocation Failure) [PSYoungGen: 64352K->1408K(64512K)] 448959K->386015K(662016K), 0.0023442 secs] [Times: user=0.01 sys=0.00, real=0.00 secs] 
2012.200: [GC (Allocation Failure) [PSYoungGen: 64384K->1360K(64512K)] 448991K->385975K(662016K), 0.0027782 secs] [Times: user=0.02 sys=0.00, real=0.00 secs] 
2012.775: [GC (Allocation Failure) [PSYoungGen: 64336K->1408K(64512K)] 448951K->386023K(662016K), 0.0023234 secs] [Times: user=0.01 sys=0.00, real=0.01 secs] 
2013.389: [GC (Allocation Failure) [PSYoungGen: 64384K->1376K(64512K)] 448999K->385991K(662016K), 0.0030570 secs] [Times: user=0.01 sys=0.00, real=0.00 secs] 
2013.957: [GC (Allocation Failure) [PSYoungGen: 64352K->1376K(64512K)] 448967K->385991K(662016K), 0.0028897 secs] [Times: user=0.01 sys=0.00, real=0.00 secs] 
2015.861: [GC (Allocation Failure) [PSYoungGen: 64352K->1408K(64512K)] 448967K->386023K(662016K), 0.0043595 secs] [Times: user=0.02 sys=0.00, real=0.00 secs] 
2017.094: [GC (Allocation Failure) [PSYoungGen: 64384K->1392K(64512K)] 448999K->386007K(662016K), 0.0045476 secs] [Times: user=0.01 sys=0.01, real=0.01 secs] 
2018.088: [GC (Allocation Failure) [PSYoungGen: 64368K->1344K(64512K)] 448983K->385959K(662016K), 0.0044945 secs] [Times: user=0.02 sys=0.01, real=0.00 secs] 
2018.754: [GC (Allocation Failure) [PSYoungGen: 64320K->1392K(64512K)] 448935K->386007K(662016K), 0.0033227 secs] [Times: user=0.01 sys=0.00, real=0.01 secs] 
2020.576: [GC (Allocation Failure) [PSYoungGen: 64368K->1376K(64512K)] 448983K->385991K(662016K), 0.0044410 secs] [Times: user=0.02 sys=0.01, real=0.01 secs] 
2021.861: [GC (Allocation Failure) [PSYoungGen: 64352K->1376K(64512K)] 448967K->385991K(662016K), 0.0041882 secs] [Times: user=0.02 sys=0.00, real=0.00 secs] 
2022.477: [GC (Allocation Failure) [PSYoungGen: 64352K->1376K(64512K)] 448967K->385991K(662016K), 0.0028386 secs] [Times: user=0.01 sys=0.00, real=0.00 secs] 
2023.008: [GC (Allocation Failure) [PSYoungGen: 64352K->1344K(64512K)] 448967K->385959K(662016K), 0.0028941 secs] [Times: user=0.01 sys=0.01, real=0.00 secs] 
2023.528: [GC (Allocation Failure) [PSYoungGen: 64320K->1408K(64512K)] 448935K->386023K(662016K), 0.0023145 secs] [Times: user=0.01 sys=0.00, real=0.00 secs] 
2025.002: [GC (Allocation Failure) [PSYoungGen: 64384K->1408K(64512K)] 448999K->386039K(662016K), 0.0022172 secs] [Times: user=0.01 sys=0.00, real=0.00 secs] 
2025.341: [GC (Allocation Failure) [PSYoungGen: 64384K->1376K(64512K)] 449015K->386007K(662016K), 0.0021686 secs] [Times: user=0.01 sys=0.00, real=0.00 secs] 
2025.608: [GC (Allocation Failure) [PSYoungGen: 64352K->1392K(64512K)] 448983K->386023K(662016K), 0.0020520 secs] [Times: user=0.01 sys=0.00, real=0.00 secs] 
2025.991: [GC (Allocation Failure) [PSYoungGen: 64368K->1344K(64512K)] 448999K->385975K(662016K), 0.0019896 secs] [Times: user=0.01 sys=0.00, real=0.00 secs] 
2027.311: [GC (Allocation Failure) [PSYoungGen: 64320K->1392K(64512K)] 448951K->386023K(662016K), 0.0048124 secs] [Times: user=0.02 sys=0.00, real=0.00 secs] 
2027.831: [GC (Allocation Failure) [PSYoungGen: 64368K->1344K(64512K)] 448999K->385975K(662016K), 0.0024523 secs] [Times: user=0.01 sys=0.00, real=0.00 secs] 
2028.316: [GC (Allocation Failure) [PSYoungGen: 64320K->1376K(64512K)] 448951K->386007K(662016K), 0.0028709 secs] [Times: user=0.01 sys=0.00, real=0.01 secs] 
2028.837: [GC (Allocation Failure) [PSYoungGen: 64352K->1408K(64512K)] 448983K->386039K(662016K), 0.0028563 secs] [Times: user=0.01 sys=0.00, real=0.00 secs] 
2030.103: [GC (Allocation Failure) [PSYoungGen: 64384K->1376K(64512K)] 449015K->386007K(662016K), 0.0016099 secs] [Times: user=0.00 sys=0.00, real=0.00 secs] 
2030.796: [GC (Allocation Failure) [PSYoungGen: 64352K->1424K(64512K)] 448983K->386055K(662016K), 0.0023466 secs] [Times: user=0.01 sys=0.00, real=0.01 secs] 
2031.515: [GC (Allocation Failure) [PSYoungGen: 64400K->1344K(64512K)] 449031K->385983K(662016K), 0.0031744 secs] [Times: user=0.01 sys=0.00, real=0.01 secs] 
2031.930: [GC (Allocation Failure) [PSYoungGen: 64320K->1376K(64512K)] 448959K->386015K(662016K), 0.0022252 secs] [Times: user=0.01 sys=0.00, real=0.00 secs] 
2032.224: [GC (Allocation Failure) [PSYoungGen: 64352K->1344K(64512K)] 448991K->385983K(662016K), 0.0020058 secs] [Times: user=0.01 sys=0.00, real=0.00 secs] 
2033.216: [GC (Allocation Failure) [PSYoungGen: 64320K->1408K(64512K)] 448959K->386047K(662016K), 0.0016620 secs] [Times: user=0.00 sys=0.00, real=0.01 secs] 
2033.478: [GC (Allocation Failure) [PSYoungGen: 64384K->1392K(64512K)] 449023K->386031K(662016K), 0.0017613 secs] [Times: user=0.01 sys=0.00, real=0.00 secs] 
2033.740: [GC (Allocation Failure) [PSYoungGen: 64368K->1392K(64512K)] 449007K->386039K(662016K), 0.0019466 secs] [Times: user=0.01 sys=0.00, real=0.00 secs] 
2034.001: [GC (Allocation Failure) [PSYoungGen: 64368K->1360K(64512K)] 449015K->386007K(662016K), 0.0018667 secs] [Times: user=0.01 sys=0.00, real=0.00 secs] 
2035.063: [GC (Allocation Failure) [PSYoungGen: 64336K->1472K(64512K)] 448983K->386119K(662016K), 0.0018073 secs] [Times: user=0.01 sys=0.00, real=0.00 secs] 
2036.387: [GC (Allocation Failure) [PSYoungGen: 64448K->1312K(64512K)] 449095K->385959K(662016K), 0.0024809 secs] [Times: user=0.02 sys=0.00, real=0.00 secs] 
2036.979: [GC (Allocation Failure) [PSYoungGen: 64288K->1376K(64512K)] 448935K->386023K(662016K), 0.0023908 secs] [Times: user=0.01 sys=0.00, real=0.00 secs] 
2037.467: [GC (Allocation Failure) [PSYoungGen: 64352K->1376K(64512K)] 448999K->386023K(662016K), 0.0024004 secs] [Times: user=0.01 sys=0.00, real=0.00 secs] 
2038.006: [GC (Allocation Failure) [PSYoungGen: 64352K->1312K(64512K)] 448999K->385959K(662016K), 0.0024015 secs] [Times: user=0.01 sys=0.00, real=0.01 secs] 
2039.541: [GC (Allocation Failure) [PSYoungGen: 64288K->1408K(64512K)] 448935K->386055K(662016K), 0.0023196 secs] [Times: user=0.01 sys=0.00, real=0.00 secs] 
2040.230: [GC (Allocation Failure) [PSYoungGen: 64384K->1376K(64512K)] 449031K->386031K(662016K), 0.0028802 secs] [Times: user=0.02 sys=0.00, real=0.00 secs] 
2040.788: [GC (Allocation Failure) [PSYoungGen: 64352K->1344K(64512K)] 449007K->385999K(662016K), 0.0023274 secs] [Times: user=0.01 sys=0.00, real=0.00 secs] 
2041.467: [GC (Allocation Failure) [PSYoungGen: 64320K->1344K(64512K)] 448975K->385999K(662016K), 0.0030866 secs] [Times: user=0.01 sys=0.00, real=0.00 secs] 
2043.069: [GC (Allocation Failure) [PSYoungGen: 64320K->1504K(64512K)] 448975K->386167K(662016K), 0.0018542 secs] [Times: user=0.01 sys=0.00, real=0.00 secs] 
2043.734: [GC (Allocation Failure) [PSYoungGen: 64480K->1344K(64512K)] 449143K->386007K(662016K), 0.0043006 secs] [Times: user=0.01 sys=0.01, real=0.01 secs] 
2044.203: [GC (Allocation Failure) [PSYoungGen: 64320K->1376K(64512K)] 448983K->386039K(662016K), 0.0022603 secs] [Times: user=0.01 sys=0.00, real=0.00 secs] 
2044.584: [GC (Allocation Failure) [PSYoungGen: 64352K->1408K(64512K)] 449015K->386071K(662016K), 0.0021359 secs] [Times: user=0.01 sys=0.00, real=0.00 secs] 
2045.115: [GC (Allocation Failure) [PSYoungGen: 64384K->1376K(64512K)] 449047K->386039K(662016K), 0.0022535 secs] [Times: user=0.01 sys=0.00, real=0.01 secs] 
2046.217: [GC (Allocation Failure) [PSYoungGen: 64352K->1472K(64512K)] 449015K->386135K(662016K), 0.0015682 secs] [Times: user=0.01 sys=0.00, real=0.00 secs] 
2046.520: [GC (Allocation Failure) [PSYoungGen: 64448K->1376K(64512K)] 449111K->386039K(662016K), 0.0018163 secs] [Times: user=0.01 sys=0.00, real=0.00 secs] 
2046.988: [GC (Allocation Failure) [PSYoungGen: 64352K->1376K(64512K)] 449015K->386039K(662016K), 0.0018149 secs] [Times: user=0.00 sys=0.00, real=0.00 secs] 
2047.562: [GC (Allocation Failure) [PSYoungGen: 64352K->1376K(64512K)] 449015K->386039K(662016K), 0.0020547 secs] [Times: user=0.01 sys=0.00, real=0.00 secs] 
2049.001: [GC (Allocation Failure) [PSYoungGen: 64352K->1440K(64512K)] 449015K->386615K(662016K), 0.0018203 secs] [Times: user=0.01 sys=0.00, real=0.00 secs] 
2049.263: [GC (Allocation Failure) [PSYoungGen: 64416K->1376K(64512K)] 449591K->386551K(662016K), 0.0020105 secs] [Times: user=0.01 sys=0.00, real=0.00 secs] 
2049.524: [GC (Allocation Failure) [PSYoungGen: 64352K->1344K(64512K)] 449527K->386535K(662016K), 0.0019319 secs] [Times: user=0.01 sys=0.00, real=0.00 secs] 
2049.786: [GC (Allocation Failure) [PSYoungGen: 64320K->1408K(64512K)] 449511K->386599K(662016K), 0.0019499 secs] [Times: user=0.00 sys=0.00, real=0.01 secs] 
2050.048: [GC (Allocation Failure) [PSYoungGen: 64384K->1376K(64512K)] 449575K->386567K(662016K), 0.0019313 secs] [Times: user=0.01 sys=0.00, real=0.00 secs] 
2051.865: [GC (Allocation Failure) [PSYoungGen: 64352K->1360K(64512K)] 449543K->386551K(662016K), 0.0036389 secs] [Times: user=0.01 sys=0.00, real=0.01 secs] 
2052.687: [GC (Allocation Failure) [PSYoungGen: 64336K->1376K(64512K)] 449527K->386575K(662016K), 0.0041621 secs] [Times: user=0.02 sys=0.00, real=0.00 secs] 
2053.588: [GC (Allocation Failure) [PSYoungGen: 64352K->1376K(64512K)] 449551K->386575K(662016K), 0.0042224 secs] [Times: user=0.02 sys=0.00, real=0.00 secs] 
2054.268: [GC (Allocation Failure) [PSYoungGen: 64352K->1344K(64512K)] 449551K->386543K(662016K), 0.0030608 secs] [Times: user=0.01 sys=0.00, real=0.00 secs] 
2055.452: [GC (Allocation Failure) [PSYoungGen: 64320K->1440K(64512K)] 449519K->387671K(662016K), 0.0019637 secs] [Times: user=0.01 sys=0.00, real=0.00 secs] 
2056.348: [GC (Allocation Failure) [PSYoungGen: 64416K->1344K(64512K)] 450647K->387575K(662016K), 0.0022613 secs] [Times: user=0.01 sys=0.00, real=0.00 secs] 
2057.315: [GC (Allocation Failure) [PSYoungGen: 64320K->1376K(64512K)] 450551K->387607K(662016K), 0.0040782 secs] [Times: user=0.01 sys=0.00, real=0.01 secs] 
2057.950: [GC (Allocation Failure) [PSYoungGen: 64352K->1392K(64512K)] 450583K->387623K(662016K), 0.0029176 secs] [Times: user=0.01 sys=0.00, real=0.00 secs] 
2058.526: [GC (Allocation Failure) [PSYoungGen: 64368K->1376K(64512K)] 450599K->387607K(662016K), 0.0030114 secs] [Times: user=0.01 sys=0.00, real=0.01 secs] 
2061.342: [GC (Allocation Failure) [PSYoungGen: 64352K->1408K(64512K)] 450583K->387639K(662016K), 0.0044665 secs] [Times: user=0.02 sys=0.00, real=0.01 secs] 
2062.286: [GC (Allocation Failure) [PSYoungGen: 64384K->1408K(64512K)] 450615K->387639K(662016K), 0.0032472 secs] [Times: user=0.01 sys=0.00, real=0.01 secs] 
2062.723: [GC (Allocation Failure) [PSYoungGen: 64384K->1376K(64512K)] 450615K->387607K(662016K), 0.0028939 secs] [Times: user=0.01 sys=0.00, real=0.00 secs] 
2063.233: [GC (Allocation Failure) [PSYoungGen: 64352K->1376K(64512K)] 450583K->387615K(662016K), 0.0025390 secs] [Times: user=0.00 sys=0.01, real=0.00 secs] 
2064.508: [GC (Allocation Failure) [PSYoungGen: 64352K->896K(64512K)] 450591K->388159K(662016K), 0.0026360 secs] [Times: user=0.01 sys=0.00, real=0.00 secs] 
2064.816: [GC (Allocation Failure) [PSYoungGen: 63872K->336K(64000K)] 451135K->387607K(661504K), 0.0019881 secs] [Times: user=0.01 sys=0.00, real=0.01 secs] 
2065.082: [GC (Allocation Failure) [PSYoungGen: 62800K->320K(64512K)] 450071K->387591K(662016K), 0.0019407 secs] [Times: user=0.01 sys=0.01, real=0.00 secs] 
2065.342: [GC (Allocation Failure) [PSYoungGen: 62784K->352K(64512K)] 450055K->387623K(662016K), 0.0018668 secs] [Times: user=0.01 sys=0.00, real=0.00 secs] 
2065.601: [GC (Allocation Failure) [PSYoungGen: 62816K->384K(64512K)] 450087K->387655K(662016K), 0.0019668 secs] [Times: user=0.01 sys=0.00, real=0.00 secs] 
2066.779: [GC (Allocation Failure) [PSYoungGen: 62848K->1408K(64512K)] 450119K->388679K(662016K), 0.0017818 secs] [Times: user=0.01 sys=0.00, real=0.00 secs] 
2067.719: [GC (Allocation Failure) [PSYoungGen: 63872K->1408K(64512K)] 451143K->388679K(662016K), 0.0020670 secs] [Times: user=0.01 sys=0.00, real=0.00 secs] 
2068.314: [GC (Allocation Failure) [PSYoungGen: 63872K->1344K(64512K)] 451143K->388615K(662016K), 0.0025506 secs] [Times: user=0.01 sys=0.00, real=0.00 secs] 
2069.022: [GC (Allocation Failure) [PSYoungGen: 63808K->1376K(64512K)] 451079K->388647K(662016K), 0.0024762 secs] [Times: user=0.01 sys=0.00, real=0.00 secs] 
2070.615: [GC (Allocation Failure) [PSYoungGen: 63476K->1632K(64000K)] 450748K->388903K(661504K), 0.0017344 secs] [Times: user=0.01 sys=0.00, real=0.00 secs] 
2071.509: [GC (Allocation Failure) [PSYoungGen: 63584K->1344K(64512K)] 450855K->388615K(662016K), 0.0023988 secs] [Times: user=0.01 sys=0.01, real=0.00 secs] 
2072.060: [GC (Allocation Failure) [PSYoungGen: 63296K->1408K(64512K)] 450567K->388695K(662016K), 0.0022418 secs] [Times: user=0.01 sys=0.00, real=0.00 secs] 
2072.720: [GC (Allocation Failure) [PSYoungGen: 63360K->1312K(63488K)] 450647K->388599K(660992K), 0.0026063 secs] [Times: user=0.01 sys=0.00, real=0.00 secs] 
2073.346: [GC (Allocation Failure) [PSYoungGen: 63264K->1376K(64000K)] 450551K->388663K(661504K), 0.0024152 secs] [Times: user=0.01 sys=0.00, real=0.01 secs] 
2074.961: [GC (Allocation Failure) [PSYoungGen: 63328K->1408K(64000K)] 450615K->388695K(661504K), 0.0018232 secs] [Times: user=0.01 sys=0.00, real=0.00 secs] 
2075.554: [GC (Allocation Failure) [PSYoungGen: 63360K->1344K(64000K)] 450647K->388631K(661504K), 0.0023104 secs] [Times: user=0.01 sys=0.00, real=0.01 secs] 
2076.120: [GC (Allocation Failure) [PSYoungGen: 63296K->1312K(64000K)] 450583K->388599K(661504K), 0.0022446 secs] [Times: user=0.01 sys=0.00, real=0.00 secs] 
2076.543: [GC (Allocation Failure) [PSYoungGen: 63264K->1376K(64000K)] 450551K->388663K(661504K), 0.0023293 secs] [Times: user=0.01 sys=0.00, real=0.00 secs] 
2076.945: [GC (Allocation Failure) [PSYoungGen: 63328K->1408K(64000K)] 450615K->388695K(661504K), 0.0021159 secs] [Times: user=0.01 sys=0.00, real=0.01 secs] 
2078.405: [GC (Allocation Failure) [PSYoungGen: 63360K->1408K(64000K)] 450647K->388695K(661504K), 0.0019067 secs] [Times: user=0.01 sys=0.00, real=0.01 secs] 
2078.753: [GC (Allocation Failure) [PSYoungGen: 63360K->1376K(64000K)] 450647K->388663K(661504K), 0.0020750 secs] [Times: user=0.01 sys=0.00, real=0.00 secs] 
2079.087: [GC (Allocation Failure) [PSYoungGen: 63328K->1376K(64000K)] 450615K->388663K(661504K), 0.0019599 secs] [Times: user=0.01 sys=0.01, real=0.01 secs] 
2079.472: [GC (Allocation Failure) [PSYoungGen: 63328K->1376K(64000K)] 450615K->388663K(661504K), 0.0021345 secs] [Times: user=0.01 sys=0.00, real=0.00 secs] 
2080.768: [GC (Allocation Failure) [PSYoungGen: 63328K->1440K(64000K)] 450615K->388727K(661504K), 0.0019490 secs] [Times: user=0.01 sys=0.00, real=0.00 secs] 
2081.559: [GC (Allocation Failure) [PSYoungGen: 63392K->1376K(64000K)] 450679K->388687K(661504K), 0.0018675 secs] [Times: user=0.01 sys=0.00, real=0.00 secs] 
2082.067: [GC (Allocation Failure) [PSYoungGen: 63328K->1344K(64000K)] 450639K->388655K(661504K), 0.0021529 secs] [Times: user=0.00 sys=0.00, real=0.00 secs] 
2082.636: [GC (Allocation Failure) [PSYoungGen: 63296K->1376K(64000K)] 450607K->388687K(661504K), 0.0019175 secs] [Times: user=0.01 sys=0.00, real=0.01 secs] 
2083.444: [GC (Allocation Failure) [PSYoungGen: 63328K->1376K(64000K)] 450639K->388687K(661504K), 0.0022964 secs] [Times: user=0.01 sys=0.00, real=0.00 secs] 
2084.620: [GC (Allocation Failure) [PSYoungGen: 63328K->1376K(64000K)] 450639K->388687K(661504K), 0.0020262 secs] [Times: user=0.01 sys=0.00, real=0.00 secs] 
2084.891: [GC (Allocation Failure) [PSYoungGen: 63328K->1376K(64000K)] 450639K->388687K(661504K), 0.0018763 secs] [Times: user=0.01 sys=0.00, real=0.00 secs] 
2085.148: [GC (Allocation Failure) [PSYoungGen: 63328K->1344K(64000K)] 450639K->388655K(661504K), 0.0018444 secs] [Times: user=0.01 sys=0.00, real=0.00 secs] 
2085.444: [GC (Allocation Failure) [PSYoungGen: 63296K->1392K(64000K)] 450607K->388703K(661504K), 0.0019553 secs] [Times: user=0.01 sys=0.00, real=0.00 secs] 
2086.669: [GC (Allocation Failure) [PSYoungGen: 63344K->1408K(64000K)] 450655K->388719K(661504K), 0.0018404 secs] [Times: user=0.01 sys=0.00, real=0.00 secs] 
2087.179: [GC (Allocation Failure) [PSYoungGen: 63360K->1408K(64000K)] 450671K->388719K(661504K), 0.0018961 secs] [Times: user=0.01 sys=0.00, real=0.00 secs] 
2087.460: [GC (Allocation Failure) [PSYoungGen: 63360K->1360K(64000K)] 450671K->388671K(661504K), 0.0017707 secs] [Times: user=0.00 sys=0.00, real=0.00 secs] 
2087.718: [GC (Allocation Failure) [PSYoungGen: 63312K->1344K(64000K)] 450623K->388655K(661504K), 0.0019166 secs] [Times: user=0.00 sys=0.00, real=0.00 secs] 
2088.007: [GC (Allocation Failure) [PSYoungGen: 63296K->1408K(64000K)] 450607K->388719K(661504K), 0.0018021 secs] [Times: user=0.01 sys=0.00, real=0.00 secs] 
2089.165: [GC (Allocation Failure) [PSYoungGen: 63360K->1376K(63488K)] 450671K->388711K(660992K), 0.0021545 secs] [Times: user=0.01 sys=0.00, real=0.01 secs] 
2089.634: [GC (Allocation Failure) [PSYoungGen: 63328K->1312K(63488K)] 450663K->388655K(660992K), 0.0020955 secs] [Times: user=0.01 sys=0.00, real=0.00 secs] 
2089.891: [GC (Allocation Failure) [PSYoungGen: 63264K->320K(62976K)] 450607K->388687K(660480K), 0.0022229 secs] [Times: user=0.01 sys=0.00, real=0.00 secs] 
2090.175: [GC (Allocation Failure) [PSYoungGen: 62272K->384K(64000K)] 450639K->388751K(661504K), 0.0020663 secs] [Times: user=0.01 sys=0.00, real=0.00 secs] 
2091.281: [GC (Allocation Failure) [PSYoungGen: 62336K->1408K(64000K)] 450703K->389783K(661504K), 0.0023043 secs] [Times: user=0.01 sys=0.00, real=0.00 secs] 
2092.237: [GC (Allocation Failure) [PSYoungGen: 63360K->1376K(64000K)] 451735K->389751K(661504K), 0.0042792 secs] [Times: user=0.02 sys=0.00, real=0.00 secs] 
2092.967: [GC (Allocation Failure) [PSYoungGen: 63328K->1376K(64000K)] 451703K->389751K(661504K), 0.0033006 secs] [Times: user=0.01 sys=0.00, real=0.00 secs] 
2093.403: [GC (Allocation Failure) [PSYoungGen: 63328K->1344K(64000K)] 451703K->389719K(661504K), 0.0021081 secs] [Times: user=0.01 sys=0.00, real=0.00 secs] 
2093.793: [GC (Allocation Failure) [PSYoungGen: 63296K->1376K(64000K)] 451671K->389751K(661504K), 0.0022499 secs] [Times: user=0.01 sys=0.00, real=0.00 secs] 
2095.014: [GC (Allocation Failure) [PSYoungGen: 63328K->1408K(64000K)] 451703K->389791K(661504K), 0.0032165 secs] [Times: user=0.01 sys=0.00, real=0.01 secs] 
2095.287: [GC (Allocation Failure) [PSYoungGen: 63360K->1376K(64000K)] 451743K->389759K(661504K), 0.0021107 secs] [Times: user=0.01 sys=0.00, real=0.00 secs] 
2095.545: [GC (Allocation Failure) [PSYoungGen: 63328K->1328K(64000K)] 451711K->389711K(661504K), 0.0022629 secs] [Times: user=0.00 sys=0.00, real=0.01 secs] 
2095.803: [GC (Allocation Failure) [PSYoungGen: 63280K->1376K(64000K)] 451663K->389759K(661504K), 0.0020906 secs] [Times: user=0.00 sys=0.00, real=0.00 secs] 
2096.868: [GC (Allocation Failure) [PSYoungGen: 63328K->1696K(64000K)] 451711K->390079K(661504K), 0.0019585 secs] [Times: user=0.01 sys=0.00, real=0.00 secs] 
2097.530: [GC (Allocation Failure) [PSYoungGen: 63648K->1376K(64000K)] 452031K->389759K(661504K), 0.0028982 secs] [Times: user=0.01 sys=0.00, real=0.00 secs] 
2098.071: [GC (Allocation Failure) [PSYoungGen: 63328K->1360K(64000K)] 451711K->389751K(661504K), 0.0027544 secs] [Times: user=0.01 sys=0.00, real=0.00 secs] 
2098.434: [GC (Allocation Failure) [PSYoungGen: 63312K->1376K(64000K)] 451703K->389783K(661504K), 0.0021942 secs] [Times: user=0.01 sys=0.00, real=0.00 secs] 
2098.691: [GC (Allocation Failure) [PSYoungGen: 63328K->1344K(64000K)] 451735K->389751K(661504K), 0.0020533 secs] [Times: user=0.01 sys=0.00, real=0.00 secs] 
2099.912: [GC (Allocation Failure) [PSYoungGen: 63296K->1376K(64000K)] 451703K->389783K(661504K), 0.0023031 secs] [Times: user=0.01 sys=0.00, real=0.00 secs] 
2100.583: [GC (Allocation Failure) [PSYoungGen: 63328K->1376K(64000K)] 451735K->389799K(661504K), 0.0023737 secs] [Times: user=0.01 sys=0.00, real=0.00 secs] 
2101.247: [GC (Allocation Failure) [PSYoungGen: 63328K->1376K(64000K)] 451751K->389799K(661504K), 0.0023893 secs] [Times: user=0.01 sys=0.00, real=0.00 secs] 
2101.979: [GC (Allocation Failure) [PSYoungGen: 63328K->1376K(64000K)] 451751K->389799K(661504K), 0.0042775 secs] [Times: user=0.02 sys=0.00, real=0.00 secs] 
2102.552: [GC (Allocation Failure) [PSYoungGen: 63328K->1344K(64000K)] 451751K->389767K(661504K), 0.0047784 secs] [Times: user=0.02 sys=0.00, real=0.01 secs] 
2103.849: [GC (Allocation Failure) [PSYoungGen: 63296K->1376K(64000K)] 451719K->389799K(661504K), 0.0019686 secs] [Times: user=0.01 sys=0.00, real=0.00 secs] 
2104.384: [GC (Allocation Failure) [PSYoungGen: 63328K->1376K(64000K)] 451751K->389807K(661504K), 0.0019156 secs] [Times: user=0.01 sys=0.00, real=0.00 secs] 
2104.740: [GC (Allocation Failure) [PSYoungGen: 63328K->1440K(64000K)] 451759K->389871K(661504K), 0.0018448 secs] [Times: user=0.00 sys=0.00, real=0.00 secs] 
2104.998: [GC (Allocation Failure) [PSYoungGen: 63392K->1312K(64000K)] 451823K->389743K(661504K), 0.0018408 secs] [Times: user=0.01 sys=0.00, real=0.00 secs] 
2105.935: [GC (Allocation Failure) [PSYoungGen: 63264K->1376K(64000K)] 451695K->389807K(661504K), 0.0017659 secs] [Times: user=0.01 sys=0.00, real=0.00 secs] 
2106.192: [GC (Allocation Failure) [PSYoungGen: 63328K->1376K(63488K)] 451759K->389807K(660992K), 0.0020054 secs] [Times: user=0.01 sys=0.00, real=0.00 secs] 
2106.450: [GC (Allocation Failure) [PSYoungGen: 63328K->1392K(63488K)] 451759K->389823K(660992K), 0.0020825 secs] [Times: user=0.01 sys=0.00, real=0.00 secs] 
2106.708: [GC (Allocation Failure) [PSYoungGen: 63344K->352K(62976K)] 451775K->389807K(660480K), 0.0018311 secs] [Times: user=0.01 sys=0.01, real=0.00 secs] 
2106.965: [GC (Allocation Failure) [PSYoungGen: 62304K->384K(64000K)] 451759K->389839K(661504K), 0.0018670 secs] [Times: user=0.00 sys=0.00, real=0.01 secs] 
2109.122: [GC (Allocation Failure) [PSYoungGen: 62336K->1408K(64000K)] 451791K->390863K(661504K), 0.0042835 secs] [Times: user=0.02 sys=0.00, real=0.00 secs] 
2109.790: [GC (Allocation Failure) [PSYoungGen: 63360K->1376K(64000K)] 452815K->390839K(661504K), 0.0030381 secs] [Times: user=0.02 sys=0.00, real=0.00 secs] 
2110.261: [GC (Allocation Failure) [PSYoungGen: 63328K->1376K(64000K)] 452791K->390839K(661504K), 0.0027350 secs] [Times: user=0.01 sys=0.00, real=0.00 secs] 
2110.808: [GC (Allocation Failure) [PSYoungGen: 63328K->1344K(64000K)] 452791K->390807K(661504K), 0.0028587 secs] [Times: user=0.01 sys=0.00, real=0.00 secs] 
2112.039: [GC (Allocation Failure) [PSYoungGen: 63296K->1440K(64000K)] 452759K->390903K(661504K), 0.0018096 secs] [Times: user=0.01 sys=0.00, real=0.00 secs] 
2112.509: [GC (Allocation Failure) [PSYoungGen: 63392K->1344K(64000K)] 452855K->390807K(661504K), 0.0019917 secs] [Times: user=0.01 sys=0.00, real=0.00 secs] 
2113.028: [GC (Allocation Failure) [PSYoungGen: 63296K->1376K(64000K)] 452759K->390839K(661504K), 0.0022139 secs] [Times: user=0.01 sys=0.00, real=0.00 secs] 
2113.540: [GC (Allocation Failure) [PSYoungGen: 63328K->1328K(64000K)] 452791K->390791K(661504K), 0.0020988 secs] [Times: user=0.00 sys=0.01, real=0.00 secs] 
2114.056: [GC (Allocation Failure) [PSYoungGen: 63280K->1376K(64000K)] 452743K->390839K(661504K), 0.0021018 secs] [Times: user=0.01 sys=0.00, real=0.01 secs] 
2115.304: [GC (Allocation Failure) [PSYoungGen: 63328K->1408K(64000K)] 452791K->390871K(661504K), 0.0021222 secs] [Times: user=0.01 sys=0.00, real=0.00 secs] 
2115.841: [GC (Allocation Failure) [PSYoungGen: 63360K->1376K(64000K)] 452823K->390839K(661504K), 0.0020385 secs] [Times: user=0.01 sys=0.00, real=0.00 secs] 
2116.284: [GC (Allocation Failure) [PSYoungGen: 63328K->1344K(64000K)] 452791K->390807K(661504K), 0.0022564 secs] [Times: user=0.01 sys=0.00, real=0.00 secs] 
2116.543: [GC (Allocation Failure) [PSYoungGen: 63296K->1312K(64000K)] 452759K->390775K(661504K), 0.0021371 secs] [Times: user=0.01 sys=0.00, real=0.00 secs] 
2117.539: [GC (Allocation Failure) [PSYoungGen: 63264K->1968K(64000K)] 452727K->391431K(661504K), 0.0020098 secs] [Times: user=0.01 sys=0.01, real=0.00 secs] 
2118.263: [GC (Allocation Failure) [PSYoungGen: 63920K->1344K(64000K)] 453383K->390807K(661504K), 0.0029884 secs] [Times: user=0.02 sys=0.00, real=0.00 secs] 
2118.902: [GC (Allocation Failure) [PSYoungGen: 63296K->1376K(64000K)] 452759K->390839K(661504K), 0.0030359 secs] [Times: user=0.01 sys=0.00, real=0.00 secs] 
2119.410: [GC (Allocation Failure) [PSYoungGen: 63328K->1312K(64000K)] 452791K->390791K(661504K), 0.0022750 secs] [Times: user=0.01 sys=0.00, real=0.00 secs] 
2119.973: [GC (Allocation Failure) [PSYoungGen: 63264K->1344K(64000K)] 452743K->390823K(661504K), 0.0024981 secs] [Times: user=0.01 sys=0.00, real=0.00 secs] 
2121.310: [GC (Allocation Failure) [PSYoungGen: 63296K->1376K(64000K)] 452775K->390855K(661504K), 0.0036321 secs] [Times: user=0.02 sys=0.00, real=0.00 secs] 
2121.859: [GC (Allocation Failure) [PSYoungGen: 63328K->1376K(64000K)] 452807K->390863K(661504K), 0.0032871 secs] [Times: user=0.01 sys=0.00, real=0.00 secs] 
2122.309: [GC (Allocation Failure) [PSYoungGen: 63328K->1376K(64000K)] 452815K->390863K(661504K), 0.0023747 secs] [Times: user=0.01 sys=0.00, real=0.00 secs] 
2122.559: [GC (Allocation Failure) [PSYoungGen: 63328K->1376K(64000K)] 452815K->390863K(661504K), 0.0020954 secs] [Times: user=0.01 sys=0.00, real=0.00 secs] 
2123.504: [GC (Allocation Failure) [PSYoungGen: 63328K->1504K(64000K)] 452815K->390991K(661504K), 0.0017321 secs] [Times: user=0.01 sys=0.00, real=0.00 secs] 
2123.756: [GC (Allocation Failure) [PSYoungGen: 63456K->1344K(64000K)] 452943K->390831K(661504K), 0.0016994 secs] [Times: user=0.01 sys=0.00, real=0.01 secs] 
2124.016: [GC (Allocation Failure) [PSYoungGen: 63296K->1312K(64000K)] 452783K->390799K(661504K), 0.0019382 secs] [Times: user=0.01 sys=0.00, real=0.01 secs] 
2124.281: [GC (Allocation Failure) [PSYoungGen: 63264K->1408K(64000K)] 452751K->390895K(661504K), 0.0026794 secs] [Times: user=0.01 sys=0.00, real=0.00 secs] 
2124.538: [GC (Allocation Failure) [PSYoungGen: 63360K->1344K(64000K)] 452847K->390831K(661504K), 0.0023623 secs] [Times: user=0.01 sys=0.00, real=0.00 secs] 
2125.691: [GC (Allocation Failure) [PSYoungGen: 63296K->1376K(64000K)] 452783K->390863K(661504K), 0.0018119 secs] [Times: user=0.00 sys=0.00, real=0.00 secs] 
2126.237: [GC (Allocation Failure) [PSYoungGen: 63328K->1376K(64000K)] 452815K->390863K(661504K), 0.0022002 secs] [Times: user=0.01 sys=0.00, real=0.00 secs] 
2126.495: [GC (Allocation Failure) [PSYoungGen: 63328K->1360K(63488K)] 452815K->390847K(660992K), 0.0021637 secs] [Times: user=0.01 sys=0.00, real=0.01 secs] 
2126.754: [GC (Allocation Failure) [PSYoungGen: 63312K->1376K(63488K)] 452799K->390863K(660992K), 0.0020115 secs] [Times: user=0.01 sys=0.00, real=0.00 secs] 
2127.105: [GC (Allocation Failure) [PSYoungGen: 63328K->1344K(63488K)] 452815K->390831K(660992K), 0.0025744 secs] [Times: user=0.01 sys=0.00, real=0.01 secs] 
2128.531: [GC (Allocation Failure) [PSYoungGen: 63296K->1408K(63488K)] 452783K->390919K(660992K), 0.0026757 secs] [Times: user=0.01 sys=0.00, real=0.00 secs] 
2129.083: [GC (Allocation Failure) [PSYoungGen: 63360K->1408K(63488K)] 452871K->390919K(660992K), 0.0025905 secs] [Times: user=0.02 sys=0.00, real=0.00 secs] 
2129.852: [GC (Allocation Failure) [PSYoungGen: 63360K->1312K(63488K)] 452871K->390823K(660992K), 0.0034749 secs] [Times: user=0.02 sys=0.00, real=0.00 secs] 
2130.432: [GC (Allocation Failure) [PSYoungGen: 63264K->1376K(63488K)] 452775K->390887K(660992K), 0.0033041 secs] [Times: user=0.01 sys=0.00, real=0.00 secs] 
2131.741: [GC (Allocation Failure) [PSYoungGen: 63328K->1408K(63488K)] 452839K->390919K(660992K), 0.0018382 secs] [Times: user=0.00 sys=0.00, real=0.00 secs] 
2132.257: [GC (Allocation Failure) [PSYoungGen: 63360K->1376K(63488K)] 452871K->390887K(660992K), 0.0033102 secs] [Times: user=0.02 sys=0.00, real=0.00 secs] 
2132.897: [GC (Allocation Failure) [PSYoungGen: 63328K->1344K(63488K)] 452839K->390855K(660992K), 0.0028961 secs] [Times: user=0.01 sys=0.00, real=0.00 secs] 
2134.135: [GC (Allocation Failure) [PSYoungGen: 63296K->1408K(63488K)] 452807K->390919K(660992K), 0.0045618 secs] [Times: user=0.02 sys=0.00, real=0.01 secs] 
2135.088: [GC (Allocation Failure) [PSYoungGen: 63360K->1344K(63488K)] 452871K->390855K(660992K), 0.0029856 secs] [Times: user=0.01 sys=0.00, real=0.00 secs] 
2136.299: [GC (Allocation Failure) [PSYoungGen: 63296K->1392K(63488K)] 452807K->390903K(660992K), 0.0018599 secs] [Times: user=0.01 sys=0.00, real=0.00 secs] 
2136.579: [GC (Allocation Failure) [PSYoungGen: 63344K->1344K(63488K)] 452855K->390855K(660992K), 0.0020967 secs] [Times: user=0.01 sys=0.00, real=0.00 secs] 
2136.837: [GC (Allocation Failure) [PSYoungGen: 63296K->1376K(63488K)] 452807K->390887K(660992K), 0.0020213 secs] [Times: user=0.01 sys=0.00, real=0.00 secs] 
2137.158: [GC (Allocation Failure) [PSYoungGen: 63328K->1376K(63488K)] 452839K->390887K(660992K), 0.0021496 secs] [Times: user=0.01 sys=0.00, real=0.00 secs] 
2138.405: [GC (Allocation Failure) [PSYoungGen: 63328K->1376K(63488K)] 452839K->390887K(660992K), 0.0018171 secs] [Times: user=0.00 sys=0.00, real=0.01 secs] 
2138.897: [GC (Allocation Failure) [PSYoungGen: 63328K->1312K(63488K)] 452839K->390823K(660992K), 0.0019395 secs] [Times: user=0.01 sys=0.00, real=0.00 secs] 
2139.170: [GC (Allocation Failure) [PSYoungGen: 63264K->1376K(63488K)] 452775K->390887K(660992K), 0.0018792 secs] [Times: user=0.00 sys=0.00, real=0.00 secs] 
2139.550: [GC (Allocation Failure) [PSYoungGen: 63328K->1360K(63488K)] 452839K->390871K(660992K), 0.0023190 secs] [Times: user=0.01 sys=0.00, real=0.00 secs] 
2140.292: [GC (Allocation Failure) [PSYoungGen: 63312K->1376K(63488K)] 452823K->390895K(660992K), 0.0030230 secs] [Times: user=0.01 sys=0.00, real=0.00 secs] 
2141.875: [GC (Allocation Failure) [PSYoungGen: 63328K->1408K(63488K)] 452847K->390927K(660992K), 0.0021422 secs] [Times: user=0.01 sys=0.00, real=0.01 secs] 
2142.754: [GC (Allocation Failure) [PSYoungGen: 63360K->1344K(63488K)] 452879K->390863K(660992K), 0.0034618 secs] [Times: user=0.01 sys=0.00, real=0.01 secs] 
2143.323: [GC (Allocation Failure) [PSYoungGen: 63296K->1376K(63488K)] 452815K->390895K(660992K), 0.0033350 secs] [Times: user=0.01 sys=0.00, real=0.00 secs] 
2144.053: [GC (Allocation Failure) [PSYoungGen: 63328K->1376K(63488K)] 452847K->390895K(660992K), 0.0032832 secs] [Times: user=0.02 sys=0.00, real=0.01 secs] 
2145.593: [GC (Allocation Failure) [PSYoungGen: 63328K->896K(63488K)] 452847K->391439K(660992K), 0.0018669 secs] [Times: user=0.00 sys=0.00, real=0.00 secs] 
2146.184: [GC (Allocation Failure) [PSYoungGen: 62848K->320K(63488K)] 453391K->390863K(660992K), 0.0022703 secs] [Times: user=0.01 sys=0.00, real=0.00 secs] 
2146.673: [GC (Allocation Failure) [PSYoungGen: 62272K->320K(64000K)] 452815K->390863K(661504K), 0.0031563 secs] [Times: user=0.02 sys=0.00, real=0.00 secs] 
2147.239: [GC (Allocation Failure) [PSYoungGen: 62272K->384K(64000K)] 452815K->390927K(661504K), 0.0034532 secs] [Times: user=0.01 sys=0.00, real=0.00 secs] 
2147.730: [GC (Allocation Failure) [PSYoungGen: 62336K->352K(64000K)] 452879K->390895K(661504K), 0.0033972 secs] [Times: user=0.01 sys=0.00, real=0.00 secs] 
2148.878: [GC (Allocation Failure) [PSYoungGen: 62304K->1376K(64000K)] 452847K->391919K(661504K), 0.0016848 secs] [Times: user=0.01 sys=0.00, real=0.00 secs] 
2149.136: [GC (Allocation Failure) [PSYoungGen: 63328K->1440K(64000K)] 453871K->391991K(661504K), 0.0017720 secs] [Times: user=0.01 sys=0.00, real=0.01 secs] 
2149.394: [GC (Allocation Failure) [PSYoungGen: 63392K->1376K(64000K)] 453943K->391927K(661504K), 0.0023196 secs] [Times: user=0.01 sys=0.00, real=0.01 secs] 
2149.659: [GC (Allocation Failure) [PSYoungGen: 63328K->1376K(64000K)] 453879K->391927K(661504K), 0.0024077 secs] [Times: user=0.01 sys=0.00, real=0.00 secs] 
2150.597: [GC (Allocation Failure) [PSYoungGen: 63328K->1392K(64000K)] 453879K->391951K(661504K), 0.0016006 secs] [Times: user=0.01 sys=0.00, real=0.00 secs] 
2151.290: [GC (Allocation Failure) [PSYoungGen: 63344K->1376K(64000K)] 453903K->391935K(661504K), 0.0019769 secs] [Times: user=0.01 sys=0.00, real=0.00 secs] 
2151.854: [GC (Allocation Failure) [PSYoungGen: 63328K->1376K(64000K)] 453887K->391935K(661504K), 0.0030739 secs] [Times: user=0.02 sys=0.00, real=0.01 secs] 
2152.352: [GC (Allocation Failure) [PSYoungGen: 63328K->1328K(64000K)] 453887K->391887K(661504K), 0.0027784 secs] [Times: user=0.01 sys=0.00, real=0.00 secs] 
2152.991: [GC (Allocation Failure) [PSYoungGen: 63280K->1408K(64000K)] 453839K->391967K(661504K), 0.0033966 secs] [Times: user=0.01 sys=0.00, real=0.00 secs] 
2154.374: [GC (Allocation Failure) [PSYoungGen: 63360K->1408K(64000K)] 453919K->391967K(661504K), 0.0032353 secs] [Times: user=0.01 sys=0.00, real=0.01 secs] 
2154.884: [GC (Allocation Failure) [PSYoungGen: 63360K->1376K(64000K)] 453919K->391935K(661504K), 0.0033703 secs] [Times: user=0.01 sys=0.00, real=0.01 secs] 
2155.383: [GC (Allocation Failure) [PSYoungGen: 63328K->1376K(64000K)] 453887K->391935K(661504K), 0.0028865 secs] [Times: user=0.01 sys=0.00, real=0.00 secs] 
2155.931: [GC (Allocation Failure) [PSYoungGen: 63328K->1344K(64000K)] 453887K->391903K(661504K), 0.0025732 secs] [Times: user=0.01 sys=0.00, real=0.00 secs] 
2156.776: [GC (Allocation Failure) [PSYoungGen: 63296K->1344K(64000K)] 453855K->391903K(661504K), 0.0037071 secs] [Times: user=0.02 sys=0.00, real=0.01 secs] 
2158.238: [GC (Allocation Failure) [PSYoungGen: 63296K->1376K(64000K)] 453855K->391935K(661504K), 0.0022851 secs] [Times: user=0.01 sys=0.00, real=0.00 secs] 
2158.925: [GC (Allocation Failure) [PSYoungGen: 63328K->1344K(64000K)] 453887K->391903K(661504K), 0.0044457 secs] [Times: user=0.02 sys=0.00, real=0.01 secs] 
2159.594: [GC (Allocation Failure) [PSYoungGen: 63296K->1344K(64000K)] 453855K->391903K(661504K), 0.0041661 secs] [Times: user=0.02 sys=0.00, real=0.01 secs] 
2160.220: [GC (Allocation Failure) [PSYoungGen: 63296K->1376K(64000K)] 453855K->391935K(661504K), 0.0032717 secs] [Times: user=0.01 sys=0.00, real=0.00 secs] 
2161.730: [GC (Allocation Failure) [PSYoungGen: 63328K->1440K(64000K)] 453887K->392007K(661504K), 0.0023468 secs] [Times: user=0.01 sys=0.00, real=0.00 secs] 
2162.242: [GC (Allocation Failure) [PSYoungGen: 63392K->1376K(64000K)] 453959K->391943K(661504K), 0.0024890 secs] [Times: user=0.01 sys=0.00, real=0.00 secs] 
2162.964: [GC (Allocation Failure) [PSYoungGen: 63328K->1344K(64000K)] 453895K->391911K(661504K), 0.0026538 secs] [Times: user=0.01 sys=0.00, real=0.01 secs] 
2163.706: [GC (Allocation Failure) [PSYoungGen: 63296K->1344K(64000K)] 453863K->391911K(661504K), 0.0028176 secs] [Times: user=0.02 sys=0.00, real=0.01 secs] 
2164.291: [GC (Allocation Failure) [PSYoungGen: 63296K->1344K(64000K)] 453863K->391911K(661504K), 0.0027415 secs] [Times: user=0.01 sys=0.00, real=0.00 secs] 
2165.614: [GC (Allocation Failure) [PSYoungGen: 63296K->1376K(64000K)] 453863K->391943K(661504K), 0.0037018 secs] [Times: user=0.02 sys=0.00, real=0.01 secs] 
2166.302: [GC (Allocation Failure) [PSYoungGen: 63328K->1408K(64000K)] 453895K->391975K(661504K), 0.0018100 secs] [Times: user=0.01 sys=0.00, real=0.00 secs] 
2166.965: [GC (Allocation Failure) [PSYoungGen: 63360K->1344K(64000K)] 453927K->391911K(661504K), 0.0036918 secs] [Times: user=0.02 sys=0.00, real=0.01 secs] 
2167.448: [GC (Allocation Failure) [PSYoungGen: 63296K->1312K(64000K)] 453863K->391879K(661504K), 0.0031682 secs] [Times: user=0.01 sys=0.00, real=0.00 secs] 
2168.808: [GC (Allocation Failure) [PSYoungGen: 63264K->1440K(64000K)] 453831K->392007K(661504K), 0.0016872 secs] [Times: user=0.01 sys=0.00, real=0.00 secs] 
2169.127: [GC (Allocation Failure) [PSYoungGen: 63392K->1376K(64000K)] 453959K->391943K(661504K), 0.0019450 secs] [Times: user=0.00 sys=0.00, real=0.00 secs] 
2169.387: [GC (Allocation Failure) [PSYoungGen: 63328K->1376K(64000K)] 453895K->391943K(661504K), 0.0019029 secs] [Times: user=0.01 sys=0.00, real=0.00 secs] 
2169.652: [GC (Allocation Failure) [PSYoungGen: 63328K->1344K(64000K)] 453895K->391911K(661504K), 0.0021960 secs] [Times: user=0.01 sys=0.00, real=0.00 secs] 
2169.999: [GC (Allocation Failure) [PSYoungGen: 63296K->1376K(63488K)] 453863K->391959K(660992K), 0.0021262 secs] [Times: user=0.01 sys=0.00, real=0.00 secs] 
2171.187: [GC (Allocation Failure) [PSYoungGen: 63328K->1344K(63488K)] 453911K->391927K(660992K), 0.0021798 secs] [Times: user=0.01 sys=0.00, real=0.00 secs] 
2171.721: [GC (Allocation Failure) [PSYoungGen: 63296K->336K(62976K)] 453879K->391943K(660480K), 0.0022597 secs] [Times: user=0.01 sys=0.00, real=0.00 secs] 
2172.406: [GC (Allocation Failure) [PSYoungGen: 62288K->320K(64000K)] 453895K->391935K(661504K), 0.0022514 secs] [Times: user=0.01 sys=0.00, real=0.01 secs] 
2173.208: [GC (Allocation Failure) [PSYoungGen: 62272K->352K(64000K)] 453887K->391967K(661504K), 0.0027703 secs] [Times: user=0.01 sys=0.00, real=0.00 secs] 
2174.648: [GC (Allocation Failure) [PSYoungGen: 62304K->1888K(64000K)] 453919K->393503K(661504K), 0.0018063 secs] [Times: user=0.01 sys=0.00, real=0.00 secs] 
2174.930: [GC (Allocation Failure) [PSYoungGen: 63840K->1408K(64512K)] 455455K->393023K(662016K), 0.0019611 secs] [Times: user=0.01 sys=0.00, real=0.00 secs] 
2175.187: [GC (Allocation Failure) [PSYoungGen: 63360K->1376K(64512K)] 454975K->393007K(662016K), 0.0018630 secs] [Times: user=0.01 sys=0.00, real=0.00 secs] 
2175.460: [GC (Allocation Failure) [PSYoungGen: 63328K->1408K(64512K)] 454959K->393039K(662016K), 0.0019356 secs] [Times: user=0.01 sys=0.00, real=0.00 secs] 
2175.809: [GC (Allocation Failure) [PSYoungGen: 63360K->1344K(63488K)] 454991K->392975K(660992K), 0.0025387 secs] [Times: user=0.01 sys=0.00, real=0.00 secs] 
2177.216: [GC (Allocation Failure) [PSYoungGen: 63296K->1408K(64000K)] 454927K->393039K(661504K), 0.0022117 secs] [Times: user=0.01 sys=0.00, real=0.01 secs] 
2177.699: [GC (Allocation Failure) [PSYoungGen: 63360K->1376K(64000K)] 454991K->393007K(661504K), 0.0021514 secs] [Times: user=0.01 sys=0.00, real=0.00 secs] 
2178.253: [GC (Allocation Failure) [PSYoungGen: 63328K->1408K(64000K)] 454959K->393039K(661504K), 0.0022049 secs] [Times: user=0.01 sys=0.00, real=0.00 secs] 
2178.725: [GC (Allocation Failure) [PSYoungGen: 63360K->1408K(64000K)] 454991K->393039K(661504K), 0.0027656 secs] [Times: user=0.01 sys=0.00, real=0.01 secs] 
2180.056: [GC (Allocation Failure) [PSYoungGen: 63207K->224K(63488K)] 454839K->391871K(660992K), 0.0017181 secs] [Times: user=0.01 sys=0.00, real=0.01 secs] 
2180.376: [GC (Allocation Failure) [PSYoungGen: 61664K->1376K(62976K)] 453311K->393031K(660480K), 0.0020510 secs] [Times: user=0.01 sys=0.00, real=0.01 secs] 
2180.890: [GC (Allocation Failure) [PSYoungGen: 62816K->1344K(63488K)] 454471K->392999K(660992K), 0.0041636 secs] [Times: user=0.01 sys=0.00, real=0.00 secs] 
2181.362: [GC (Allocation Failure) [PSYoungGen: 62784K->1376K(63488K)] 454439K->393031K(660992K), 0.0031703 secs] [Times: user=0.02 sys=0.00, real=0.00 secs] 
2181.880: [GC (Allocation Failure) [PSYoungGen: 62816K->1344K(63488K)] 454471K->392999K(660992K), 0.0027860 secs] [Times: user=0.01 sys=0.00, real=0.00 secs] 
2183.035: [GC (Allocation Failure) [PSYoungGen: 62784K->1440K(63488K)] 454439K->393095K(660992K), 0.0016658 secs] [Times: user=0.01 sys=0.00, real=0.00 secs] 
2183.290: [GC (Allocation Failure) [PSYoungGen: 62880K->1376K(63488K)] 454535K->393031K(660992K), 0.0017939 secs] [Times: user=0.00 sys=0.00, real=0.00 secs] 
2183.568: [GC (Allocation Failure) [PSYoungGen: 62816K->1376K(63488K)] 454471K->393031K(660992K), 0.0018573 secs] [Times: user=0.01 sys=0.00, real=0.00 secs] 
2183.876: [GC (Allocation Failure) [PSYoungGen: 62816K->1312K(63488K)] 454471K->392967K(660992K), 0.0018638 secs] [Times: user=0.01 sys=0.00, real=0.01 secs] 
2184.153: [GC (Allocation Failure) [PSYoungGen: 62752K->1344K(63488K)] 454407K->392999K(660992K), 0.0019111 secs] [Times: user=0.01 sys=0.00, real=0.00 secs] 
2185.243: [GC (Allocation Failure) [PSYoungGen: 62784K->1408K(63488K)] 454439K->393063K(660992K), 0.0020512 secs] [Times: user=0.01 sys=0.00, real=0.00 secs] 
2185.498: [GC (Allocation Failure) [PSYoungGen: 62848K->1376K(63488K)] 454503K->393031K(660992K), 0.0018879 secs] [Times: user=0.01 sys=0.00, real=0.00 secs] 
2185.754: [GC (Allocation Failure) [PSYoungGen: 62816K->1376K(63488K)] 454471K->393031K(660992K), 0.0019739 secs] [Times: user=0.00 sys=0.00, real=0.00 secs] 
2186.040: [GC (Allocation Failure) [PSYoungGen: 62816K->1344K(63488K)] 454471K->392999K(660992K), 0.0022770 secs] [Times: user=0.01 sys=0.00, real=0.00 secs] 
2187.222: [GC (Allocation Failure) [PSYoungGen: 62784K->1376K(63488K)] 454439K->393031K(660992K), 0.0019887 secs] [Times: user=0.01 sys=0.00, real=0.00 secs] 
2187.771: [GC (Allocation Failure) [PSYoungGen: 62816K->1344K(63488K)] 454471K->393023K(660992K), 0.0028607 secs] [Times: user=0.01 sys=0.00, real=0.00 secs] 
2188.028: [GC (Allocation Failure) [PSYoungGen: 62784K->1376K(63488K)] 454463K->393063K(660992K), 0.0023066 secs] [Times: user=0.00 sys=0.01, real=0.00 secs] 
2188.293: [GC (Allocation Failure) [PSYoungGen: 62816K->1344K(63488K)] 454503K->393031K(660992K), 0.0022636 secs] [Times: user=0.01 sys=0.00, real=0.00 secs] 
2188.602: [GC (Allocation Failure) [PSYoungGen: 62784K->1376K(63488K)] 454471K->393063K(660992K), 0.0019818 secs] [Times: user=0.01 sys=0.00, real=0.00 secs] 
2189.914: [GC (Allocation Failure) [PSYoungGen: 62816K->1376K(63488K)] 454503K->393063K(660992K), 0.0036204 secs] [Times: user=0.02 sys=0.00, real=0.01 secs] 
2190.600: [GC (Allocation Failure) [PSYoungGen: 62816K->1376K(63488K)] 454503K->393063K(660992K), 0.0049713 secs] [Times: user=0.02 sys=0.00, real=0.00 secs] 
2191.087: [GC (Allocation Failure) [PSYoungGen: 62816K->1376K(63488K)] 454503K->393063K(660992K), 0.0033360 secs] [Times: user=0.02 sys=0.00, real=0.00 secs] 
2191.661: [GC (Allocation Failure) [PSYoungGen: 62816K->1360K(63488K)] 454503K->393047K(660992K), 0.0025103 secs] [Times: user=0.01 sys=0.00, real=0.00 secs] 
2193.259: [GC (Allocation Failure) [PSYoungGen: 62800K->1536K(63488K)] 454487K->393223K(660992K), 0.0019215 secs] [Times: user=0.01 sys=0.00, real=0.00 secs] 
2193.535: [GC (Allocation Failure) [PSYoungGen: 62976K->1376K(63488K)] 454663K->393063K(660992K), 0.0019167 secs] [Times: user=0.01 sys=0.00, real=0.00 secs] 
2193.801: [GC (Allocation Failure) [PSYoungGen: 62816K->1360K(63488K)] 454503K->393047K(660992K), 0.0018431 secs] [Times: user=0.00 sys=0.00, real=0.00 secs] 
2194.092: [GC (Allocation Failure) [PSYoungGen: 62800K->1344K(63488K)] 454487K->393031K(660992K), 0.0019814 secs] [Times: user=0.01 sys=0.00, real=0.00 secs] 
2194.374: [GC (Allocation Failure) [PSYoungGen: 62784K->1376K(62976K)] 454471K->393063K(660480K), 0.0021447 secs] [Times: user=0.01 sys=0.01, real=0.00 secs] 
2195.451: [GC (Allocation Failure) [PSYoungGen: 62816K->1344K(62976K)] 454503K->393031K(660480K), 0.0017809 secs] [Times: user=0.00 sys=0.00, real=0.00 secs] 
2195.971: [GC (Allocation Failure) [PSYoungGen: 62784K->1344K(62976K)] 454471K->393039K(660480K), 0.0022248 secs] [Times: user=0.01 sys=0.00, real=0.00 secs] 
2196.342: [GC (Allocation Failure) [PSYoungGen: 62784K->1376K(62976K)] 454479K->393071K(660480K), 0.0020758 secs] [Times: user=0.01 sys=0.00, real=0.00 secs] 
2196.597: [GC (Allocation Failure) [PSYoungGen: 62816K->1344K(62976K)] 454511K->393039K(660480K), 0.0021292 secs] [Times: user=0.01 sys=0.00, real=0.00 secs] 
2196.852: [GC (Allocation Failure) [PSYoungGen: 62784K->1376K(62976K)] 454479K->393071K(660480K), 0.0020646 secs] [Times: user=0.01 sys=0.00, real=0.00 secs] 
2197.972: [GC (Allocation Failure) [PSYoungGen: 62816K->1408K(62976K)] 454511K->393103K(660480K), 0.0017302 secs] [Times: user=0.01 sys=0.00, real=0.00 secs] 
2198.507: [GC (Allocation Failure) [PSYoungGen: 62848K->1344K(62976K)] 454543K->393063K(660480K), 0.0018040 secs] [Times: user=0.01 sys=0.00, real=0.00 secs] 
2198.940: [GC (Allocation Failure) [PSYoungGen: 62784K->1312K(62976K)] 454503K->393031K(660480K), 0.0022147 secs] [Times: user=0.01 sys=0.00, real=0.00 secs] 
2199.364: [GC (Allocation Failure) [PSYoungGen: 62752K->1376K(62976K)] 454471K->393095K(660480K), 0.0032317 secs] [Times: user=0.02 sys=0.00, real=0.01 secs] 
2201.031: [GC (Allocation Failure) [PSYoungGen: 62816K->1344K(62976K)] 454535K->393063K(660480K), 0.0031251 secs] [Times: user=0.01 sys=0.00, real=0.00 secs] 
2202.467: [GC (Allocation Failure) [PSYoungGen: 62784K->1392K(62976K)] 454503K->393111K(660480K), 0.0045489 secs] [Times: user=0.02 sys=0.00, real=0.00 secs] 
2203.550: [GC (Allocation Failure) [PSYoungGen: 62832K->1376K(62976K)] 454551K->393095K(660480K), 0.0029235 secs] [Times: user=0.01 sys=0.00, real=0.00 secs] 
2204.058: [GC (Allocation Failure) [PSYoungGen: 62816K->1376K(62976K)] 454535K->393095K(660480K), 0.0026723 secs] [Times: user=0.01 sys=0.00, real=0.00 secs] 
2204.557: [GC (Allocation Failure) [PSYoungGen: 62816K->1376K(62976K)] 454535K->393095K(660480K), 0.0025772 secs] [Times: user=0.01 sys=0.00, real=0.00 secs] 
2205.938: [GC (Allocation Failure) [PSYoungGen: 62816K->1376K(62976K)] 454535K->393095K(660480K), 0.0024771 secs] [Times: user=0.01 sys=0.00, real=0.00 secs] 
2206.899: [GC (Allocation Failure) [PSYoungGen: 62816K->1376K(62976K)] 454535K->393095K(660480K), 0.0043884 secs] [Times: user=0.02 sys=0.00, real=0.00 secs] 
2207.598: [GC (Allocation Failure) [PSYoungGen: 62816K->1376K(62976K)] 454535K->393095K(660480K), 0.0025531 secs] [Times: user=0.01 sys=0.00, real=0.00 secs] 
2208.470: [GC (Allocation Failure) [PSYoungGen: 62816K->1376K(62976K)] 454535K->393095K(660480K), 0.0032238 secs] [Times: user=0.02 sys=0.00, real=0.00 secs] 
2210.200: [GC (Allocation Failure) [PSYoungGen: 62816K->1504K(62976K)] 454535K->393327K(660480K), 0.0017754 secs] [Times: user=0.00 sys=0.00, real=0.00 secs] 
2210.514: [GC (Allocation Failure) [PSYoungGen: 62944K->1280K(62976K)] 454767K->393103K(660480K), 0.0020276 secs] [Times: user=0.01 sys=0.00, real=0.00 secs] 
2210.814: [GC (Allocation Failure) [PSYoungGen: 62720K->1296K(62976K)] 454543K->393119K(660480K), 0.0021107 secs] [Times: user=0.01 sys=0.00, real=0.00 secs] 
2211.072: [GC (Allocation Failure) [PSYoungGen: 62736K->1312K(62976K)] 454559K->393135K(660480K), 0.0041087 secs] [Times: user=0.02 sys=0.00, real=0.00 secs] 
2211.362: [GC (Allocation Failure) [PSYoungGen: 62752K->1312K(62976K)] 454575K->393135K(660480K), 0.0020865 secs] [Times: user=0.01 sys=0.00, real=0.00 secs] 
2212.685: [GC (Allocation Failure) [PSYoungGen: 62752K->1440K(62976K)] 454575K->393263K(660480K), 0.0019189 secs] [Times: user=0.01 sys=0.00, real=0.01 secs] 
2213.245: [GC (Allocation Failure) [PSYoungGen: 62880K->1376K(62976K)] 454703K->393207K(660480K), 0.0034968 secs] [Times: user=0.02 sys=0.00, real=0.01 secs] 
2213.641: [GC (Allocation Failure) [PSYoungGen: 62816K->1408K(62976K)] 454647K->393239K(660480K), 0.0024045 secs] [Times: user=0.01 sys=0.00, real=0.00 secs] 
2214.331: [GC (Allocation Failure) [PSYoungGen: 62848K->1376K(62976K)] 454679K->393207K(660480K), 0.0024211 secs] [Times: user=0.01 sys=0.00, real=0.00 secs] 
2215.065: [GC (Allocation Failure) [PSYoungGen: 62816K->1392K(62976K)] 454647K->393223K(660480K), 0.0029174 secs] [Times: user=0.01 sys=0.00, real=0.01 secs] 
2216.187: [GC (Allocation Failure) [PSYoungGen: 62832K->1440K(62976K)] 454663K->393271K(660480K), 0.0021575 secs] [Times: user=0.01 sys=0.00, real=0.00 secs] 
2216.449: [GC (Allocation Failure) [PSYoungGen: 62880K->1408K(62976K)] 454711K->393239K(660480K), 0.0020615 secs] [Times: user=0.01 sys=0.00, real=0.00 secs] 
2216.704: [GC (Allocation Failure) [PSYoungGen: 62848K->1360K(62976K)] 454679K->393191K(660480K), 0.0020972 secs] [Times: user=0.01 sys=0.00, real=0.00 secs] 
2216.960: [GC (Allocation Failure) [PSYoungGen: 62800K->1392K(62976K)] 454631K->393223K(660480K), 0.0019335 secs] [Times: user=0.01 sys=0.01, real=0.00 secs] 
2218.103: [GC (Allocation Failure) [PSYoungGen: 62832K->1440K(62976K)] 454663K->393271K(660480K), 0.0018942 secs] [Times: user=0.00 sys=0.00, real=0.00 secs] 
2218.622: [GC (Allocation Failure) [PSYoungGen: 62880K->1376K(62976K)] 454711K->393231K(660480K), 0.0023953 secs] [Times: user=0.01 sys=0.00, real=0.00 secs] 
2219.056: [GC (Allocation Failure) [PSYoungGen: 62816K->1408K(62976K)] 454671K->393263K(660480K), 0.0022600 secs] [Times: user=0.01 sys=0.00, real=0.01 secs] 
2219.552: [GC (Allocation Failure) [PSYoungGen: 62848K->1376K(62976K)] 454703K->393231K(660480K), 0.0020901 secs] [Times: user=0.01 sys=0.00, real=0.00 secs] 
2220.050: [GC (Allocation Failure) [PSYoungGen: 62816K->1424K(62976K)] 454671K->393279K(660480K), 0.0021065 secs] [Times: user=0.01 sys=0.00, real=0.00 secs] 
2221.120: [GC (Allocation Failure) [PSYoungGen: 62864K->1440K(62976K)] 454719K->393295K(660480K), 0.0017621 secs] [Times: user=0.01 sys=0.00, real=0.00 secs] 
2221.375: [GC (Allocation Failure) [PSYoungGen: 62880K->1344K(62976K)] 454735K->393207K(660480K), 0.0017217 secs] [Times: user=0.01 sys=0.00, real=0.01 secs] 
2221.630: [GC (Allocation Failure) [PSYoungGen: 62784K->1376K(62976K)] 454647K->393239K(660480K), 0.0019937 secs] [Times: user=0.00 sys=0.00, real=0.00 secs] 
2221.885: [GC (Allocation Failure) [PSYoungGen: 62816K->1344K(62976K)] 454679K->393207K(660480K), 0.0017573 secs] [Times: user=0.01 sys=0.00, real=0.01 secs] 
2223.417: [GC (Allocation Failure) [PSYoungGen: 62430K->1408K(62976K)] 454293K->393783K(660480K), 0.0022879 secs] [Times: user=0.01 sys=0.00, real=0.00 secs] 
2224.552: [GC (Allocation Failure) [PSYoungGen: 62848K->1376K(62976K)] 455223K->393751K(660480K), 0.0028929 secs] [Times: user=0.01 sys=0.00, real=0.00 secs] 
2225.125: [GC (Allocation Failure) [PSYoungGen: 62816K->1344K(62976K)] 455191K->393727K(660480K), 0.0030011 secs] [Times: user=0.01 sys=0.00, real=0.01 secs] 
2225.707: [GC (Allocation Failure) [PSYoungGen: 62784K->1376K(62976K)] 455167K->393759K(660480K), 0.0028058 secs] [Times: user=0.01 sys=0.00, real=0.00 secs] 
2226.313: [GC (Allocation Failure) [PSYoungGen: 62816K->1344K(62976K)] 455199K->393727K(660480K), 0.0022009 secs] [Times: user=0.01 sys=0.00, real=0.00 secs] 
2227.872: [GC (Allocation Failure) [PSYoungGen: 62784K->1376K(62976K)] 455167K->393759K(660480K), 0.0023777 secs] [Times: user=0.01 sys=0.00, real=0.00 secs] 
2228.519: [GC (Allocation Failure) [PSYoungGen: 62816K->1344K(62976K)] 455199K->393735K(660480K), 0.0027149 secs] [Times: user=0.01 sys=0.00, real=0.00 secs] 
2229.251: [GC (Allocation Failure) [PSYoungGen: 62784K->1376K(62976K)] 455175K->393767K(660480K), 0.0027978 secs] [Times: user=0.01 sys=0.00, real=0.00 secs] 
2229.874: [GC (Allocation Failure) [PSYoungGen: 62816K->1344K(62976K)] 455207K->393735K(660480K), 0.0028241 secs] [Times: user=0.01 sys=0.00, real=0.01 secs] 
2230.376: [GC (Allocation Failure) [PSYoungGen: 62784K->1344K(62976K)] 455175K->393743K(660480K), 0.0023400 secs] [Times: user=0.01 sys=0.00, real=0.01 secs] 
2231.530: [GC (Allocation Failure) [PSYoungGen: 62784K->1408K(62976K)] 455183K->393807K(660480K), 0.0028980 secs] [Times: user=0.01 sys=0.00, real=0.00 secs] 
2231.785: [GC (Allocation Failure) [PSYoungGen: 62848K->1376K(62976K)] 455247K->393775K(660480K), 0.0020542 secs] [Times: user=0.01 sys=0.00, real=0.01 secs] 
2232.210: [GC (Allocation Failure) [PSYoungGen: 62816K->1344K(62976K)] 455215K->393743K(660480K), 0.0020193 secs] [Times: user=0.01 sys=0.00, real=0.00 secs] 
2232.769: [GC (Allocation Failure) [PSYoungGen: 62784K->1312K(62976K)] 455183K->393711K(660480K), 0.0021017 secs] [Times: user=0.01 sys=0.00, real=0.00 secs] 
2234.225: [GC (Allocation Failure) [PSYoungGen: 62752K->1408K(62976K)] 455151K->393807K(660480K), 0.0018406 secs] [Times: user=0.01 sys=0.00, real=0.00 secs] 
2234.870: [GC (Allocation Failure) [PSYoungGen: 62848K->1312K(62976K)] 455247K->393711K(660480K), 0.0036683 secs] [Times: user=0.02 sys=0.00, real=0.00 secs] 
2235.445: [GC (Allocation Failure) [PSYoungGen: 62752K->1376K(62976K)] 455151K->393775K(660480K), 0.0026390 secs] [Times: user=0.01 sys=0.00, real=0.01 secs] 
2235.923: [GC (Allocation Failure) [PSYoungGen: 62816K->1376K(62976K)] 455215K->393775K(660480K), 0.0021186 secs] [Times: user=0.01 sys=0.00, real=0.00 secs] 
2236.438: [GC (Allocation Failure) [PSYoungGen: 62816K->1344K(62976K)] 455215K->393743K(660480K), 0.0021057 secs] [Times: user=0.01 sys=0.00, real=0.00 secs] 
2238.655: [GC (Allocation Failure) [PSYoungGen: 62784K->1408K(62976K)] 455183K->393807K(660480K), 0.0044479 secs] [Times: user=0.02 sys=0.00, real=0.01 secs] 
2238.977: [GC (Allocation Failure) [PSYoungGen: 62848K->1376K(62976K)] 455247K->393775K(660480K), 0.0020843 secs] [Times: user=0.01 sys=0.00, real=0.00 secs] 
2239.232: [GC (Allocation Failure) [PSYoungGen: 62816K->1344K(62976K)] 455215K->393743K(660480K), 0.0021114 secs] [Times: user=0.01 sys=0.00, real=0.00 secs] 
2239.496: [GC (Allocation Failure) [PSYoungGen: 62784K->1344K(62976K)] 455183K->393743K(660480K), 0.0018506 secs] [Times: user=0.00 sys=0.00, real=0.01 secs] 
2240.647: [GC (Allocation Failure) [PSYoungGen: 62784K->1472K(62976K)] 455183K->394911K(660480K), 0.0017732 secs] [Times: user=0.00 sys=0.00, real=0.00 secs] 
2241.148: [GC (Allocation Failure) [PSYoungGen: 62912K->1376K(62976K)] 456351K->394815K(660480K), 0.0020060 secs] [Times: user=0.01 sys=0.00, real=0.00 secs] 
2241.412: [GC (Allocation Failure) [PSYoungGen: 62816K->1408K(62976K)] 456255K->394847K(660480K), 0.0018795 secs] [Times: user=0.01 sys=0.00, real=0.00 secs] 
2241.667: [GC (Allocation Failure) [PSYoungGen: 62848K->1312K(62976K)] 456287K->394751K(660480K), 0.0022727 secs] [Times: user=0.01 sys=0.00, real=0.00 secs] 
2241.934: [GC (Allocation Failure) [PSYoungGen: 62752K->1376K(62976K)] 456191K->394815K(660480K), 0.0021503 secs] [Times: user=0.01 sys=0.00, real=0.00 secs] 
2243.191: [GC (Allocation Failure) [PSYoungGen: 62816K->1376K(62976K)] 456255K->394815K(660480K), 0.0021575 secs] [Times: user=0.01 sys=0.00, real=0.00 secs] 
2243.824: [GC (Allocation Failure) [PSYoungGen: 62816K->1344K(62976K)] 456255K->394783K(660480K), 0.0044470 secs] [Times: user=0.02 sys=0.01, real=0.01 secs] 
2244.520: [GC (Allocation Failure) [PSYoungGen: 62784K->1344K(62976K)] 456223K->394783K(660480K), 0.0042352 secs] [Times: user=0.02 sys=0.00, real=0.00 secs] 
2245.172: [GC (Allocation Failure) [PSYoungGen: 62784K->1376K(62976K)] 456223K->394815K(660480K), 0.0033307 secs] [Times: user=0.01 sys=0.00, real=0.00 secs] 
2245.501: [GC (Allocation Failure) [PSYoungGen: 62816K->1344K(62976K)] 456255K->394783K(660480K), 0.0020444 secs] [Times: user=0.01 sys=0.00, real=0.00 secs] 
2246.612: [GC (Allocation Failure) [PSYoungGen: 62784K->1376K(62976K)] 456223K->394815K(660480K), 0.0021458 secs] [Times: user=0.00 sys=0.00, real=0.00 secs] 
2247.177: [GC (Allocation Failure) [PSYoungGen: 62816K->1440K(62976K)] 456255K->394887K(660480K), 0.0023529 secs] [Times: user=0.01 sys=0.00, real=0.00 secs] 
2247.679: [GC (Allocation Failure) [PSYoungGen: 62880K->1360K(62976K)] 456327K->394807K(660480K), 0.0022789 secs] [Times: user=0.01 sys=0.00, real=0.00 secs] 
2248.177: [GC (Allocation Failure) [PSYoungGen: 62800K->1344K(62976K)] 456247K->394791K(660480K), 0.0022682 secs] [Times: user=0.01 sys=0.00, real=0.00 secs] 
2249.460: [GC (Allocation Failure) [PSYoungGen: 62784K->1408K(62976K)] 456231K->394863K(660480K), 0.0021185 secs] [Times: user=0.00 sys=0.00, real=0.00 secs] 
2250.068: [GC (Allocation Failure) [PSYoungGen: 62848K->1344K(62976K)] 456303K->394799K(660480K), 0.0032591 secs] [Times: user=0.01 sys=0.00, real=0.00 secs] 
2250.587: [GC (Allocation Failure) [PSYoungGen: 62784K->1376K(62976K)] 456239K->394831K(660480K), 0.0022388 secs] [Times: user=0.01 sys=0.00, real=0.00 secs] 
2251.087: [GC (Allocation Failure) [PSYoungGen: 62816K->1344K(62976K)] 456271K->394799K(660480K), 0.0023046 secs] [Times: user=0.01 sys=0.00, real=0.00 secs] 
2251.532: [GC (Allocation Failure) [PSYoungGen: 62784K->1408K(62976K)] 456239K->394863K(660480K), 0.0022357 secs] [Times: user=0.01 sys=0.00, real=0.00 secs] 
2252.839: [GC (Allocation Failure) [PSYoungGen: 62848K->1360K(62976K)] 456303K->394815K(660480K), 0.0020797 secs] [Times: user=0.01 sys=0.00, real=0.00 secs] 
2253.374: [GC (Allocation Failure) [PSYoungGen: 62800K->1328K(62976K)] 456255K->394783K(660480K), 0.0023614 secs] [Times: user=0.01 sys=0.00, real=0.00 secs] 
2253.986: [GC (Allocation Failure) [PSYoungGen: 62768K->1392K(62976K)] 456223K->394847K(660480K), 0.0027348 secs] [Times: user=0.01 sys=0.00, real=0.01 secs] 
2254.438: [GC (Allocation Failure) [PSYoungGen: 62832K->1360K(62976K)] 456287K->394815K(660480K), 0.0023713 secs] [Times: user=0.01 sys=0.00, real=0.00 secs] 
2255.451: [GC (Allocation Failure) [PSYoungGen: 62800K->864K(62976K)] 456255K->395343K(660480K), 0.0018353 secs] [Times: user=0.01 sys=0.00, real=0.00 secs] 
2255.728: [GC (Allocation Failure) [PSYoungGen: 62304K->320K(62464K)] 456783K->394799K(659968K), 0.0019479 secs] [Times: user=0.01 sys=0.00, real=0.00 secs] 
2255.981: [GC (Allocation Failure) [PSYoungGen: 61248K->320K(62976K)] 455727K->394807K(660480K), 0.0017500 secs] [Times: user=0.01 sys=0.00, real=0.00 secs] 
2256.272: [GC (Allocation Failure) [PSYoungGen: 61248K->352K(62976K)] 455735K->394839K(660480K), 0.0019343 secs] [Times: user=0.01 sys=0.00, real=0.00 secs] 
2256.525: [GC (Allocation Failure) [PSYoungGen: 61280K->384K(62976K)] 455767K->394871K(660480K), 0.0020005 secs] [Times: user=0.01 sys=0.00, real=0.01 secs] 
2257.888: [GC (Allocation Failure) [PSYoungGen: 61312K->1360K(62976K)] 455799K->395847K(660480K), 0.0021103 secs] [Times: user=0.01 sys=0.00, real=0.00 secs] 
2258.469: [GC (Allocation Failure) [PSYoungGen: 62288K->1312K(62976K)] 456775K->395815K(660480K), 0.0020162 secs] [Times: user=0.01 sys=0.00, real=0.00 secs] 
2259.039: [GC (Allocation Failure) [PSYoungGen: 62240K->1312K(62976K)] 456743K->395815K(660480K), 0.0022130 secs] [Times: user=0.01 sys=0.00, real=0.00 secs] 
2259.876: [GC (Allocation Failure) [PSYoungGen: 62240K->1392K(62976K)] 456743K->395895K(660480K), 0.0032419 secs] [Times: user=0.02 sys=0.00, real=0.01 secs] 
2260.510: [GC (Allocation Failure) [PSYoungGen: 62320K->1392K(62976K)] 456823K->395895K(660480K), 0.0032375 secs] [Times: user=0.02 sys=0.00, real=0.00 secs] 
2262.974: [GC (Allocation Failure) [PSYoungGen: 62320K->1408K(62976K)] 456823K->395911K(660480K), 0.0062620 secs] [Times: user=0.03 sys=0.00, real=0.01 secs] 
2263.713: [GC (Allocation Failure) [PSYoungGen: 62336K->1376K(62976K)] 456839K->395887K(660480K), 0.0023495 secs] [Times: user=0.01 sys=0.00, real=0.00 secs] 
2263.964: [GC (Allocation Failure) [PSYoungGen: 62304K->1376K(62976K)] 456815K->395887K(660480K), 0.0020530 secs] [Times: user=0.01 sys=0.00, real=0.00 secs] 
2264.218: [GC (Allocation Failure) [PSYoungGen: 62304K->1408K(62976K)] 456815K->395919K(660480K), 0.0020523 secs] [Times: user=0.01 sys=0.00, real=0.00 secs] 
2265.349: [GC (Allocation Failure) [PSYoungGen: 62336K->1408K(62976K)] 456847K->395919K(660480K), 0.0044235 secs] [Times: user=0.02 sys=0.00, real=0.00 secs] 
2265.863: [GC (Allocation Failure) [PSYoungGen: 62336K->1344K(62976K)] 456847K->395855K(660480K), 0.0034711 secs] [Times: user=0.02 sys=0.00, real=0.00 secs] 
2266.118: [GC (Allocation Failure) [PSYoungGen: 62272K->1376K(62976K)] 456783K->395887K(660480K), 0.0022989 secs] [Times: user=0.01 sys=0.00, real=0.00 secs] 
2266.371: [GC (Allocation Failure) [PSYoungGen: 62304K->1376K(62976K)] 456815K->395887K(660480K), 0.0023127 secs] [Times: user=0.01 sys=0.00, real=0.00 secs] 
2266.627: [GC (Allocation Failure) [PSYoungGen: 62304K->1376K(62976K)] 456815K->395887K(660480K), 0.0024898 secs] [Times: user=0.01 sys=0.00, real=0.00 secs] 
2268.321: [GC (Allocation Failure) [PSYoungGen: 62304K->1392K(62976K)] 456815K->395903K(660480K), 0.0028925 secs] [Times: user=0.02 sys=0.00, real=0.00 secs] 
2269.581: [GC (Allocation Failure) [PSYoungGen: 62320K->1376K(62976K)] 456831K->395887K(660480K), 0.0038572 secs] [Times: user=0.02 sys=0.00, real=0.00 secs] 
2270.472: [GC (Allocation Failure) [PSYoungGen: 62304K->1360K(62976K)] 456815K->395871K(660480K), 0.0038248 secs] [Times: user=0.02 sys=0.00, real=0.00 secs] 
2271.166: [GC (Allocation Failure) [PSYoungGen: 62288K->1344K(62976K)] 456799K->395855K(660480K), 0.0032808 secs] [Times: user=0.02 sys=0.00, real=0.01 secs] 
2271.694: [GC (Allocation Failure) [PSYoungGen: 62272K->1408K(62976K)] 456783K->395927K(660480K), 0.0033546 secs] [Times: user=0.02 sys=0.00, real=0.01 secs] 
2272.826: [GC (Allocation Failure) [PSYoungGen: 62336K->1408K(62976K)] 456855K->395927K(660480K), 0.0017447 secs] [Times: user=0.01 sys=0.00, real=0.01 secs] 
2273.239: [GC (Allocation Failure) [PSYoungGen: 62336K->1376K(62976K)] 456855K->395895K(660480K), 0.0019644 secs] [Times: user=0.01 sys=0.00, real=0.00 secs] 
2273.813: [GC (Allocation Failure) [PSYoungGen: 62304K->1344K(62976K)] 456823K->395863K(660480K), 0.0019747 secs] [Times: user=0.01 sys=0.00, real=0.00 secs] 
2274.685: [GC (Allocation Failure) [PSYoungGen: 62272K->1376K(62976K)] 456791K->395895K(660480K), 0.0028002 secs] [Times: user=0.01 sys=0.00, real=0.01 secs] 
2276.044: [GC (Allocation Failure) [PSYoungGen: 62304K->1408K(62976K)] 456823K->395927K(660480K), 0.0018783 secs] [Times: user=0.01 sys=0.00, real=0.00 secs] 
2276.534: [GC (Allocation Failure) [PSYoungGen: 62336K->1376K(62976K)] 456855K->395895K(660480K), 0.0018769 secs] [Times: user=0.01 sys=0.01, real=0.00 secs] 
2277.260: [GC (Allocation Failure) [PSYoungGen: 62304K->1344K(62976K)] 456823K->395863K(660480K), 0.0038426 secs] [Times: user=0.02 sys=0.00, real=0.00 secs] 
2278.137: [GC (Allocation Failure) [PSYoungGen: 62272K->1344K(62976K)] 456791K->395863K(660480K), 0.0045093 secs] [Times: user=0.02 sys=0.00, real=0.00 secs] 
2278.953: [GC (Allocation Failure) [PSYoungGen: 62272K->1408K(62976K)] 456791K->395927K(660480K), 0.0085436 secs] [Times: user=0.03 sys=0.00, real=0.01 secs] 
2280.657: [GC (Allocation Failure) [PSYoungGen: 62336K->1376K(62976K)] 456855K->395895K(660480K), 0.0022271 secs] [Times: user=0.01 sys=0.00, real=0.00 secs] 
2281.525: [GC (Allocation Failure) [PSYoungGen: 62304K->1360K(62976K)] 456823K->395879K(660480K), 0.0041657 secs] [Times: user=0.02 sys=0.00, real=0.01 secs] 
2282.190: [GC (Allocation Failure) [PSYoungGen: 62288K->1376K(62464K)] 456807K->395911K(659968K), 0.0028233 secs] [Times: user=0.01 sys=0.00, real=0.00 secs] 
2282.772: [GC (Allocation Failure) [PSYoungGen: 62304K->1376K(62464K)] 456839K->395911K(659968K), 0.0029466 secs] [Times: user=0.01 sys=0.00, real=0.00 secs] 
2284.224: [GC (Allocation Failure) [PSYoungGen: 62304K->512K(61952K)] 456839K->396071K(659456K), 0.0015819 secs] [Times: user=0.00 sys=0.00, real=0.00 secs] 
2284.610: [GC (Allocation Failure) [PSYoungGen: 61440K->352K(62976K)] 456999K->395911K(660480K), 0.0018914 secs] [Times: user=0.01 sys=0.00, real=0.00 secs] 
2285.290: [GC (Allocation Failure) [PSYoungGen: 61280K->352K(62976K)] 456839K->395911K(660480K), 0.0039690 secs] [Times: user=0.02 sys=0.00, real=0.00 secs] 
2285.975: [GC (Allocation Failure) [PSYoungGen: 61280K->384K(62976K)] 456839K->395943K(660480K), 0.0041063 secs] [Times: user=0.02 sys=0.00, real=0.01 secs] 
2286.696: [GC (Allocation Failure) [PSYoungGen: 61312K->352K(62976K)] 456871K->395911K(660480K), 0.0041286 secs] [Times: user=0.02 sys=0.00, real=0.01 secs] 
2288.252: [GC (Allocation Failure) [PSYoungGen: 61280K->1440K(62976K)] 456839K->396999K(660480K), 0.0018467 secs] [Times: user=0.01 sys=0.00, real=0.00 secs] 
2288.934: [GC (Allocation Failure) [PSYoungGen: 62368K->1344K(62976K)] 457927K->396903K(660480K), 0.0023000 secs] [Times: user=0.01 sys=0.00, real=0.00 secs] 
2289.189: [GC (Allocation Failure) [PSYoungGen: 62272K->1376K(62976K)] 457831K->396935K(660480K), 0.0022176 secs] [Times: user=0.01 sys=0.00, real=0.00 secs] 
2289.443: [GC (Allocation Failure) [PSYoungGen: 62304K->1344K(63488K)] 457863K->396903K(660992K), 0.0021974 secs] [Times: user=0.01 sys=0.01, real=0.00 secs] 
2289.919: [GC (Allocation Failure) [PSYoungGen: 62272K->1376K(63488K)] 457831K->396935K(660992K), 0.0022229 secs] [Times: user=0.01 sys=0.00, real=0.00 secs] 
2291.191: [GC (Allocation Failure) [PSYoungGen: 62304K->1376K(63488K)] 457863K->396935K(660992K), 0.0019002 secs] [Times: user=0.01 sys=0.00, real=0.00 secs] 
2291.781: [GC (Allocation Failure) [PSYoungGen: 62304K->1344K(62464K)] 457863K->396911K(659968K), 0.0019617 secs] [Times: user=0.00 sys=0.00, real=0.00 secs] 
2292.134: [GC (Allocation Failure) [PSYoungGen: 62272K->1408K(62976K)] 457839K->396975K(660480K), 0.0020816 secs] [Times: user=0.01 sys=0.00, real=0.00 secs] 
2292.388: [GC (Allocation Failure) [PSYoungGen: 62336K->1376K(62976K)] 457903K->396951K(660480K), 0.0021043 secs] [Times: user=0.01 sys=0.00, real=0.00 secs] 
2293.314: [GC (Allocation Failure) [PSYoungGen: 62304K->1920K(62464K)] 457879K->397495K(659968K), 0.0018630 secs] [Times: user=0.01 sys=0.00, real=0.00 secs] 
2293.565: [GC (Allocation Failure) [PSYoungGen: 62336K->1360K(62976K)] 457911K->396935K(660480K), 0.0019746 secs] [Times: user=0.01 sys=0.00, real=0.01 secs] 
2293.816: [GC (Allocation Failure) [PSYoungGen: 61776K->1344K(62976K)] 457351K->396927K(660480K), 0.0017790 secs] [Times: user=0.01 sys=0.00, real=0.01 secs] 
2294.207: [GC (Allocation Failure) [PSYoungGen: 61760K->1376K(61952K)] 457343K->396959K(659456K), 0.0040144 secs] [Times: user=0.01 sys=0.01, real=0.00 secs] 
2294.650: [GC (Allocation Failure) [PSYoungGen: 61792K->1360K(62464K)] 457375K->396943K(659968K), 0.0028080 secs] [Times: user=0.01 sys=0.00, real=0.00 secs] 
2296.285: [GC (Allocation Failure) [PSYoungGen: 61776K->1376K(62464K)] 457359K->396959K(659968K), 0.0040613 secs] [Times: user=0.01 sys=0.00, real=0.01 secs] 
2297.328: [GC (Allocation Failure) [PSYoungGen: 61792K->1344K(62464K)] 457375K->396927K(659968K), 0.0031955 secs] [Times: user=0.01 sys=0.00, real=0.00 secs] 
2298.047: [GC (Allocation Failure) [PSYoungGen: 61760K->1376K(62464K)] 457343K->396959K(659968K), 0.0027747 secs] [Times: user=0.01 sys=0.00, real=0.00 secs] 
2298.582: [GC (Allocation Failure) [PSYoungGen: 61792K->1408K(62464K)] 457375K->396991K(659968K), 0.0025883 secs] [Times: user=0.01 sys=0.00, real=0.00 secs] 
2299.490: [GC (Allocation Failure) [PSYoungGen: 61824K->1376K(62464K)] 457407K->396967K(659968K), 0.0036672 secs] [Times: user=0.01 sys=0.00, real=0.00 secs] 
2300.774: [GC (Allocation Failure) [PSYoungGen: 61792K->1360K(62464K)] 457383K->396951K(659968K), 0.0024311 secs] [Times: user=0.01 sys=0.00, real=0.00 secs] 
2301.285: [GC (Allocation Failure) [PSYoungGen: 61776K->1376K(62464K)] 457367K->396983K(659968K), 0.0021639 secs] [Times: user=0.01 sys=0.00, real=0.01 secs] 
2301.536: [GC (Allocation Failure) [PSYoungGen: 61792K->1360K(62464K)] 457399K->396967K(659968K), 0.0018818 secs] [Times: user=0.01 sys=0.00, real=0.01 secs] 
2301.800: [GC (Allocation Failure) [PSYoungGen: 61776K->1328K(62464K)] 457383K->396935K(659968K), 0.0019025 secs] [Times: user=0.00 sys=0.00, real=0.00 secs] 
2303.477: [GC (Allocation Failure) [PSYoungGen: 61744K->1920K(62464K)] 457351K->397527K(659968K), 0.0041769 secs] [Times: user=0.02 sys=0.00, real=0.00 secs] 
2304.643: [GC (Allocation Failure) [PSYoungGen: 62336K->1408K(62464K)] 457943K->397015K(659968K), 0.0037829 secs] [Times: user=0.01 sys=0.00, real=0.01 secs] 
2305.366: [GC (Allocation Failure) [PSYoungGen: 61824K->1376K(62464K)] 457431K->396983K(659968K), 0.0037349 secs] [Times: user=0.01 sys=0.00, real=0.01 secs] 
2306.175: [GC (Allocation Failure) [PSYoungGen: 61792K->1312K(62464K)] 457399K->396919K(659968K), 0.0037126 secs] [Times: user=0.01 sys=0.00, real=0.01 secs] 
2307.008: [GC (Allocation Failure) [PSYoungGen: 61728K->1376K(62464K)] 457335K->396983K(659968K), 0.0047818 secs] [Times: user=0.02 sys=0.00, real=0.00 secs] 
2308.393: [GC (Allocation Failure) [PSYoungGen: 61792K->1408K(62464K)] 457399K->397015K(659968K), 0.0021211 secs] [Times: user=0.01 sys=0.00, real=0.00 secs] 
2308.654: [GC (Allocation Failure) [PSYoungGen: 61824K->1408K(62464K)] 457431K->397015K(659968K), 0.0019725 secs] [Times: user=0.01 sys=0.00, real=0.00 secs] 
2308.946: [GC (Allocation Failure) [PSYoungGen: 61824K->1312K(62464K)] 457431K->396919K(659968K), 0.0018233 secs] [Times: user=0.01 sys=0.00, real=0.01 secs] 
2309.208: [GC (Allocation Failure) [PSYoungGen: 61728K->1344K(62464K)] 457335K->396951K(659968K), 0.0019884 secs] [Times: user=0.01 sys=0.00, real=0.00 secs] 
2309.469: [GC (Allocation Failure) [PSYoungGen: 61760K->1344K(62464K)] 457367K->396951K(659968K), 0.0021136 secs] [Times: user=0.01 sys=0.00, real=0.00 secs] 
2310.692: [GC (Allocation Failure) [PSYoungGen: 61760K->1408K(62464K)] 457367K->397023K(659968K), 0.0021582 secs] [Times: user=0.01 sys=0.00, real=0.00 secs] 
2311.210: [GC (Allocation Failure) [PSYoungGen: 61824K->1344K(62464K)] 457439K->396959K(659968K), 0.0024839 secs] [Times: user=0.01 sys=0.00, real=0.00 secs] 
2311.857: [GC (Allocation Failure) [PSYoungGen: 61760K->1376K(62464K)] 457375K->396991K(659968K), 0.0029018 secs] [Times: user=0.01 sys=0.00, real=0.00 secs] 
2312.500: [GC (Allocation Failure) [PSYoungGen: 61792K->1376K(62464K)] 457407K->396991K(659968K), 0.0038373 secs] [Times: user=0.01 sys=0.00, real=0.00 secs] 
2314.259: [GC (Allocation Failure) [PSYoungGen: 61792K->1920K(62464K)] 457407K->397535K(659968K), 0.0029164 secs] [Times: user=0.01 sys=0.00, real=0.00 secs] 
2315.701: [GC (Allocation Failure) [PSYoungGen: 62336K->1376K(62464K)] 457951K->396991K(659968K), 0.0041006 secs] [Times: user=0.01 sys=0.01, real=0.00 secs] 
2316.251: [GC (Allocation Failure) [PSYoungGen: 61792K->1344K(62464K)] 457407K->396959K(659968K), 0.0028979 secs] [Times: user=0.01 sys=0.00, real=0.00 secs] 
2317.053: [GC (Allocation Failure) [PSYoungGen: 61760K->1360K(62464K)] 457375K->396975K(659968K), 0.0032876 secs] [Times: user=0.01 sys=0.00, real=0.00 secs] 
2317.889: [GC (Allocation Failure) [PSYoungGen: 61776K->1376K(62464K)] 457391K->396991K(659968K), 0.0045619 secs] [Times: user=0.02 sys=0.00, real=0.00 secs] 
2319.877: [GC (Allocation Failure) [PSYoungGen: 61792K->1408K(62464K)] 457407K->397023K(659968K), 0.0035197 secs] [Times: user=0.01 sys=0.00, real=0.00 secs] 
2320.464: [GC (Allocation Failure) [PSYoungGen: 61824K->1344K(62464K)] 457439K->396959K(659968K), 0.0023176 secs] [Times: user=0.01 sys=0.00, real=0.00 secs] 
2321.027: [GC (Allocation Failure) [PSYoungGen: 61760K->1360K(62464K)] 457375K->396975K(659968K), 0.0024092 secs] [Times: user=0.01 sys=0.00, real=0.00 secs] 
2321.519: [GC (Allocation Failure) [PSYoungGen: 61776K->1360K(62464K)] 457391K->396975K(659968K), 0.0025575 secs] [Times: user=0.01 sys=0.00, real=0.00 secs] 
2322.015: [GC (Allocation Failure) [PSYoungGen: 61776K->1376K(62464K)] 457391K->396991K(659968K), 0.0023183 secs] [Times: user=0.01 sys=0.00, real=0.01 secs] 
2323.253: [GC (Allocation Failure) [PSYoungGen: 61792K->1408K(62464K)] 457407K->397031K(659968K), 0.0020820 secs] [Times: user=0.01 sys=0.00, real=0.00 secs] 
2323.834: [GC (Allocation Failure) [PSYoungGen: 61824K->1376K(62464K)] 457447K->396999K(659968K), 0.0041772 secs] [Times: user=0.02 sys=0.01, real=0.01 secs] 
2324.515: [GC (Allocation Failure) [PSYoungGen: 61792K->1408K(62464K)] 457415K->397031K(659968K), 0.0041415 secs] [Times: user=0.02 sys=0.00, real=0.01 secs] 
2325.200: [GC (Allocation Failure) [PSYoungGen: 61824K->1376K(61952K)] 457447K->396999K(659456K), 0.0044560 secs] [Times: user=0.01 sys=0.00, real=0.00 secs] 
2326.498: [GC (Allocation Failure) [PSYoungGen: 61792K->1504K(61440K)] 457415K->397223K(658944K), 0.0019338 secs] [Times: user=0.00 sys=0.00, real=0.00 secs] 
2327.039: [GC (Allocation Failure) [PSYoungGen: 61408K->1264K(61952K)] 457127K->396983K(659456K), 0.0020141 secs] [Times: user=0.01 sys=0.00, real=0.00 secs] 
2327.563: [GC (Allocation Failure) [PSYoungGen: 61168K->1264K(61952K)] 456887K->396983K(659456K), 0.0028420 secs] [Times: user=0.01 sys=0.00, real=0.00 secs] 
2328.150: [GC (Allocation Failure) [PSYoungGen: 61168K->1280K(61952K)] 456887K->396999K(659456K), 0.0031265 secs] [Times: user=0.01 sys=0.00, real=0.00 secs] 
2328.803: [GC (Allocation Failure) [PSYoungGen: 61184K->1296K(61952K)] 456903K->397015K(659456K), 0.0034395 secs] [Times: user=0.01 sys=0.00, real=0.00 secs] 
2330.499: [GC (Allocation Failure) [PSYoungGen: 61200K->1408K(61952K)] 456919K->398151K(659456K), 0.0039165 secs] [Times: user=0.01 sys=0.00, real=0.00 secs] 
2331.664: [GC (Allocation Failure) [PSYoungGen: 61312K->1408K(61952K)] 458055K->398159K(659456K), 0.0041743 secs] [Times: user=0.02 sys=0.00, real=0.01 secs] 
2332.461: [GC (Allocation Failure) [PSYoungGen: 61312K->1360K(61952K)] 458063K->398111K(659456K), 0.0032423 secs] [Times: user=0.01 sys=0.00, real=0.00 secs] 
2333.087: [GC (Allocation Failure) [PSYoungGen: 61264K->1376K(61952K)] 458015K->398127K(659456K), 0.0029359 secs] [Times: user=0.01 sys=0.00, real=0.00 secs] 
2333.782: [GC (Allocation Failure) [PSYoungGen: 61280K->1360K(61440K)] 458031K->398111K(658944K), 0.0035718 secs] [Times: user=0.02 sys=0.00, real=0.00 secs] 
2335.178: [GC (Allocation Failure) [PSYoungGen: 61264K->1440K(61440K)] 458015K->399215K(658944K), 0.0022679 secs] [Times: user=0.01 sys=0.00, real=0.00 secs] 
2335.698: [GC (Allocation Failure) [PSYoungGen: 61344K->1376K(61440K)] 459119K->399151K(658944K), 0.0020934 secs] [Times: user=0.01 sys=0.00, real=0.00 secs] 
2336.197: [GC (Allocation Failure) [PSYoungGen: 61280K->1392K(61440K)] 459055K->399167K(658944K), 0.0020982 secs] [Times: user=0.01 sys=0.00, real=0.00 secs] 
2336.573: [GC (Allocation Failure) [PSYoungGen: 61296K->1392K(61440K)] 459071K->399167K(658944K), 0.0028693 secs] [Times: user=0.01 sys=0.00, real=0.00 secs] 
2336.883: [GC (Allocation Failure) [PSYoungGen: 61296K->1408K(61440K)] 459071K->399183K(658944K), 0.0039497 secs] [Times: user=0.01 sys=0.00, real=0.01 secs] 
2338.295: [GC (Allocation Failure) [PSYoungGen: 61312K->1424K(61440K)] 459087K->400239K(658944K), 0.0020609 secs] [Times: user=0.01 sys=0.00, real=0.01 secs] 
2338.573: [GC (Allocation Failure) [PSYoungGen: 61328K->1360K(61440K)] 460143K->400175K(658944K), 0.0026759 secs] [Times: user=0.01 sys=0.00, real=0.00 secs] 
2338.865: [GC (Allocation Failure) [PSYoungGen: 61264K->1376K(61440K)] 460079K->400191K(658944K), 0.0025001 secs] [Times: user=0.01 sys=0.00, real=0.01 secs] 
2339.425: [GC (Allocation Failure) [PSYoungGen: 61280K->1376K(61440K)] 460095K->400191K(658944K), 0.0035060 secs] [Times: user=0.02 sys=0.00, real=0.01 secs] 
2340.791: [GC (Allocation Failure) [PSYoungGen: 61280K->1408K(61440K)] 460095K->400223K(658944K), 0.0018564 secs] [Times: user=0.00 sys=0.00, real=0.00 secs] 
2341.464: [GC (Allocation Failure) [PSYoungGen: 61312K->1392K(61440K)] 460127K->400215K(658944K), 0.0022182 secs] [Times: user=0.01 sys=0.00, real=0.00 secs] 
2342.063: [GC (Allocation Failure) [PSYoungGen: 61296K->1408K(61440K)] 460119K->400231K(658944K), 0.0032921 secs] [Times: user=0.02 sys=0.00, real=0.00 secs] 
2342.381: [GC (Allocation Failure) [PSYoungGen: 61312K->1360K(61440K)] 460135K->400183K(658944K), 0.0020899 secs] [Times: user=0.01 sys=0.00, real=0.00 secs] 
2342.630: [GC (Allocation Failure) [PSYoungGen: 61264K->1376K(61440K)] 460087K->400199K(658944K), 0.0020437 secs] [Times: user=0.01 sys=0.00, real=0.00 secs] 
2343.655: [GC (Allocation Failure) [PSYoungGen: 61280K->1488K(61440K)] 460103K->400311K(658944K), 0.0017240 secs] [Times: user=0.01 sys=0.00, real=0.01 secs] 
2343.904: [GC (Allocation Failure) [PSYoungGen: 61392K->1392K(61440K)] 460215K->400215K(658944K), 0.0017179 secs] [Times: user=0.01 sys=0.00, real=0.00 secs] 
2344.191: [GC (Allocation Failure) [PSYoungGen: 61296K->1392K(61440K)] 460119K->400215K(658944K), 0.0016991 secs] [Times: user=0.01 sys=0.00, real=0.00 secs] 
2344.440: [GC (Allocation Failure) [PSYoungGen: 61296K->1376K(61440K)] 460119K->400199K(658944K), 0.0018515 secs] [Times: user=0.00 sys=0.00, real=0.00 secs] 
2344.695: [GC (Allocation Failure) [PSYoungGen: 61280K->1344K(61440K)] 460103K->400167K(658944K), 0.0026416 secs] [Times: user=0.01 sys=0.00, real=0.01 secs] 
2345.739: [GC (Allocation Failure) [PSYoungGen: 61248K->1408K(61440K)] 460071K->400231K(658944K), 0.0017854 secs] [Times: user=0.01 sys=0.00, real=0.00 secs] 
2345.987: [GC (Allocation Failure) [PSYoungGen: 61312K->1376K(61440K)] 460135K->400231K(658944K), 0.0016817 secs] [Times: user=0.01 sys=0.00, real=0.00 secs] 
2346.290: [GC (Allocation Failure) [PSYoungGen: 61280K->1408K(61440K)] 460135K->400263K(658944K), 0.0018754 secs] [Times: user=0.01 sys=0.00, real=0.00 secs] 
2346.596: [GC (Allocation Failure) [PSYoungGen: 61312K->1408K(61440K)] 460167K->400263K(658944K), 0.0026443 secs] [Times: user=0.01 sys=0.00, real=0.01 secs] 
2347.843: [GC (Allocation Failure) [PSYoungGen: 61312K->1504K(61440K)] 460167K->400575K(658944K), 0.0019399 secs] [Times: user=0.01 sys=0.00, real=0.00 secs] 
2348.487: [GC (Allocation Failure) [PSYoungGen: 61408K->1264K(61952K)] 460479K->400343K(659456K), 0.0039954 secs] [Times: user=0.02 sys=0.00, real=0.00 secs] 
2349.224: [GC (Allocation Failure) [PSYoungGen: 61168K->1280K(61952K)] 460247K->400359K(659456K), 0.0032279 secs] [Times: user=0.01 sys=0.00, real=0.01 secs] 
2349.872: [GC (Allocation Failure) [PSYoungGen: 61184K->1312K(61952K)] 460263K->400391K(659456K), 0.0030872 secs] [Times: user=0.01 sys=0.00, real=0.00 secs] 
2350.606: [GC (Allocation Failure) [PSYoungGen: 61216K->1264K(61952K)] 460295K->400343K(659456K), 0.0042465 secs] [Times: user=0.02 sys=0.00, real=0.01 secs] 
2351.934: [GC (Allocation Failure) [PSYoungGen: 61168K->1616K(61952K)] 460247K->400695K(659456K), 0.0020329 secs] [Times: user=0.01 sys=0.00, real=0.00 secs] 
2352.686: [GC (Allocation Failure) [PSYoungGen: 61520K->1616K(61952K)] 460599K->400703K(659456K), 0.0030053 secs] [Times: user=0.01 sys=0.00, real=0.01 secs] 
2353.374: [GC (Allocation Failure) [PSYoungGen: 61520K->1552K(61952K)] 460607K->400639K(659456K), 0.0032367 secs] [Times: user=0.02 sys=0.00, real=0.01 secs] 
2353.691: [GC (Allocation Failure) [PSYoungGen: 61456K->1616K(61952K)] 460543K->400703K(659456K), 0.0031055 secs] [Times: user=0.01 sys=0.00, real=0.00 secs] 
2354.112: [GC (Allocation Failure) [PSYoungGen: 61520K->1600K(61952K)] 460607K->400687K(659456K), 0.0029927 secs] [Times: user=0.01 sys=0.00, real=0.00 secs] 
2355.455: [GC (Allocation Failure) [PSYoungGen: 61504K->1616K(61952K)] 460591K->400703K(659456K), 0.0021324 secs] [Times: user=0.01 sys=0.00, real=0.01 secs] 
2355.819: [GC (Allocation Failure) [PSYoungGen: 61520K->1600K(61952K)] 460607K->400687K(659456K), 0.0025608 secs] [Times: user=0.01 sys=0.00, real=0.00 secs] 
2356.126: [GC (Allocation Failure) [PSYoungGen: 61504K->1632K(61952K)] 460591K->400719K(659456K), 0.0023034 secs] [Times: user=0.01 sys=0.00, real=0.01 secs] 
2356.379: [GC (Allocation Failure) [PSYoungGen: 61536K->1584K(61952K)] 460623K->400671K(659456K), 0.0021790 secs] [Times: user=0.01 sys=0.00, real=0.00 secs] 
2356.753: [GC (Allocation Failure) [PSYoungGen: 61488K->1600K(61952K)] 460575K->400687K(659456K), 0.0020823 secs] [Times: user=0.01 sys=0.00, real=0.00 secs] 
2358.796: [GC (Allocation Failure) [PSYoungGen: 61504K->1392K(61952K)] 460591K->400672K(659456K), 0.0039587 secs] [Times: user=0.02 sys=0.00, real=0.01 secs] 
2359.333: [GC (Allocation Failure) [PSYoungGen: 61296K->1392K(61952K)] 460576K->400672K(659456K), 0.0027622 secs] [Times: user=0.01 sys=0.00, real=0.00 secs] 
2359.798: [GC (Allocation Failure) [PSYoungGen: 61296K->1344K(61952K)] 460576K->400624K(659456K), 0.0028246 secs] [Times: user=0.01 sys=0.00, real=0.00 secs] 
2360.417: [GC (Allocation Failure) [PSYoungGen: 61248K->1312K(61952K)] 460528K->400600K(659456K), 0.0027403 secs] [Times: user=0.01 sys=0.00, real=0.00 secs] 
2361.859: [GC (Allocation Failure) [PSYoungGen: 61216K->1392K(61952K)] 460504K->400680K(659456K), 0.0019097 secs] [Times: user=0.00 sys=0.00, real=0.00 secs] 
2362.385: [GC (Allocation Failure) [PSYoungGen: 61296K->1376K(61952K)] 460584K->400672K(659456K), 0.0021429 secs] [Times: user=0.01 sys=0.00, real=0.01 secs] 
2362.634: [GC (Allocation Failure) [PSYoungGen: 61280K->1344K(61952K)] 460576K->400640K(659456K), 0.0022269 secs] [Times: user=0.01 sys=0.00, real=0.01 secs] 
2362.943: [GC (Allocation Failure) [PSYoungGen: 61248K->1344K(61952K)] 460544K->400640K(659456K), 0.0021098 secs] [Times: user=0.01 sys=0.00, real=0.00 secs] 
2363.444: [GC (Allocation Failure) [PSYoungGen: 61248K->1376K(61952K)] 460544K->400672K(659456K), 0.0022709 secs] [Times: user=0.00 sys=0.00, real=0.00 secs] 
2365.112: [GC (Allocation Failure) [PSYoungGen: 61280K->1376K(61952K)] 460576K->400672K(659456K), 0.0026366 secs] [Times: user=0.01 sys=0.00, real=0.00 secs] 
2365.420: [GC (Allocation Failure) [PSYoungGen: 61280K->1376K(61952K)] 460576K->400672K(659456K), 0.0022687 secs] [Times: user=0.01 sys=0.00, real=0.00 secs] 
2365.945: [GC (Allocation Failure) [PSYoungGen: 61280K->1344K(61952K)] 460576K->400640K(659456K), 0.0023747 secs] [Times: user=0.01 sys=0.00, real=0.01 secs] 
2366.569: [GC (Allocation Failure) [PSYoungGen: 61248K->1376K(61952K)] 460544K->400672K(659456K), 0.0023692 secs] [Times: user=0.01 sys=0.00, real=0.00 secs] 
2367.205: [GC (Allocation Failure) [PSYoungGen: 61280K->1344K(61952K)] 460576K->400640K(659456K), 0.0022704 secs] [Times: user=0.01 sys=0.00, real=0.01 secs] 
2368.307: [GC (Allocation Failure) [PSYoungGen: 61248K->1408K(61952K)] 460544K->400704K(659456K), 0.0019446 secs] [Times: user=0.01 sys=0.00, real=0.00 secs] 
2368.611: [GC (Allocation Failure) [PSYoungGen: 61312K->1344K(61952K)] 460608K->400640K(659456K), 0.0020608 secs] [Times: user=0.00 sys=0.00, real=0.00 secs] 
2368.881: [GC (Allocation Failure) [PSYoungGen: 61248K->1344K(61952K)] 460544K->400640K(659456K), 0.0028239 secs] [Times: user=0.02 sys=0.00, real=0.00 secs] 
2369.236: [GC (Allocation Failure) [PSYoungGen: 61248K->1408K(61952K)] 460544K->400728K(659456K), 0.0026545 secs] [Times: user=0.01 sys=0.00, real=0.01 secs] 
2370.408: [GC (Allocation Failure) [PSYoungGen: 61312K->1632K(61952K)] 460632K->400960K(659456K), 0.0029959 secs] [Times: user=0.01 sys=0.00, real=0.00 secs] 
2372.356: [GC (Allocation Failure) [PSYoungGen: 61536K->1376K(61952K)] 460864K->400712K(659456K), 0.0046848 secs] [Times: user=0.02 sys=0.00, real=0.01 secs] 
2373.497: [GC (Allocation Failure) [PSYoungGen: 61280K->1440K(61952K)] 460616K->400776K(659456K), 0.0040229 secs] [Times: user=0.02 sys=0.00, real=0.00 secs] 
2373.973: [GC (Allocation Failure) [PSYoungGen: 61344K->1376K(61952K)] 460680K->400712K(659456K), 0.0029348 secs] [Times: user=0.01 sys=0.00, real=0.00 secs] 
2374.260: [GC (Allocation Failure) [PSYoungGen: 61280K->1376K(61952K)] 460616K->400712K(659456K), 0.0023057 secs] [Times: user=0.01 sys=0.00, real=0.00 secs] 
2375.501: [GC (Allocation Failure) [PSYoungGen: 61280K->1408K(61952K)] 460616K->400744K(659456K), 0.0018960 secs] [Times: user=0.01 sys=0.00, real=0.00 secs] 
2376.351: [GC (Allocation Failure) [PSYoungGen: 61312K->1376K(61952K)] 460648K->400712K(659456K), 0.0035988 secs] [Times: user=0.01 sys=0.00, real=0.00 secs] 
2377.267: [GC (Allocation Failure) [PSYoungGen: 61280K->1376K(61952K)] 460616K->400712K(659456K), 0.0032357 secs] [Times: user=0.02 sys=0.00, real=0.00 secs] 
2377.987: [GC (Allocation Failure) [PSYoungGen: 61280K->1376K(61952K)] 460616K->400712K(659456K), 0.0047324 secs] [Times: user=0.02 sys=0.00, real=0.00 secs] 
2378.491: [GC (Allocation Failure) [PSYoungGen: 61280K->1344K(61440K)] 460616K->400680K(658944K), 0.0035428 secs] [Times: user=0.01 sys=0.00, real=0.00 secs] 
2379.768: [GC (Allocation Failure) [PSYoungGen: 61248K->1408K(61440K)] 460584K->400744K(658944K), 0.0019804 secs] [Times: user=0.00 sys=0.00, real=0.00 secs] 
2380.315: [GC (Allocation Failure) [PSYoungGen: 61312K->1376K(61440K)] 460648K->400712K(658944K), 0.0038235 secs] [Times: user=0.02 sys=0.00, real=0.01 secs] 
2380.803: [GC (Allocation Failure) [PSYoungGen: 61280K->1376K(61440K)] 460616K->400712K(658944K), 0.0033245 secs] [Times: user=0.02 sys=0.00, real=0.00 secs] 
2381.329: [GC (Allocation Failure) [PSYoungGen: 61280K->1376K(61440K)] 460616K->400712K(658944K), 0.0028637 secs] [Times: user=0.01 sys=0.00, real=0.00 secs] 
2381.621: [GC (Allocation Failure) [PSYoungGen: 61280K->1376K(61440K)] 460616K->400712K(658944K), 0.0020520 secs] [Times: user=0.00 sys=0.00, real=0.00 secs] 
2383.176: [GC (Allocation Failure) [PSYoungGen: 61280K->1376K(61440K)] 460616K->400736K(658944K), 0.0044584 secs] [Times: user=0.02 sys=0.00, real=0.01 secs] 
2384.147: [GC (Allocation Failure) [PSYoungGen: 61280K->1376K(61440K)] 460640K->400736K(658944K), 0.0033435 secs] [Times: user=0.01 sys=0.00, real=0.01 secs] 
2384.881: [GC (Allocation Failure) [PSYoungGen: 61280K->1376K(61440K)] 460640K->400736K(658944K), 0.0032777 secs] [Times: user=0.01 sys=0.00, real=0.00 secs] 
2385.352: [GC (Allocation Failure) [PSYoungGen: 61280K->1344K(61440K)] 460640K->400704K(658944K), 0.0033484 secs] [Times: user=0.01 sys=0.00, real=0.00 secs] 
2386.498: [GC (Allocation Failure) [PSYoungGen: 61248K->1392K(61440K)] 460608K->400752K(658944K), 0.0018838 secs] [Times: user=0.01 sys=0.00, real=0.00 secs] 
2387.085: [GC (Allocation Failure) [PSYoungGen: 61296K->1360K(61440K)] 460656K->400720K(658944K), 0.0034162 secs] [Times: user=0.01 sys=0.00, real=0.01 secs] 
2387.729: [GC (Allocation Failure) [PSYoungGen: 61264K->1376K(61440K)] 460624K->400736K(658944K), 0.0033496 secs] [Times: user=0.01 sys=0.00, real=0.00 secs] 
2388.217: [GC (Allocation Failure) [PSYoungGen: 61280K->1344K(61440K)] 460640K->400704K(658944K), 0.0028627 secs] [Times: user=0.01 sys=0.00, real=0.00 secs] 
2388.562: [GC (Allocation Failure) [PSYoungGen: 61248K->1344K(61440K)] 460608K->400704K(658944K), 0.0026289 secs] [Times: user=0.01 sys=0.00, real=0.00 secs] 
2389.852: [GC (Allocation Failure) [PSYoungGen: 61248K->1376K(61440K)] 460608K->400736K(658944K), 0.0021000 secs] [Times: user=0.00 sys=0.00, real=0.00 secs] 
2390.421: [GC (Allocation Failure) [PSYoungGen: 61280K->1376K(61440K)] 460640K->400744K(658944K), 0.0023461 secs] [Times: user=0.01 sys=0.00, real=0.00 secs] 
2390.690: [GC (Allocation Failure) [PSYoungGen: 61280K->1360K(61440K)] 460648K->400728K(658944K), 0.0022086 secs] [Times: user=0.00 sys=0.00, real=0.00 secs] 
2390.940: [GC (Allocation Failure) [PSYoungGen: 61264K->1376K(61440K)] 460632K->400744K(658944K), 0.0020484 secs] [Times: user=0.01 sys=0.00, real=0.00 secs] 
2391.189: [GC (Allocation Failure) [PSYoungGen: 61280K->1344K(61440K)] 460648K->400712K(658944K), 0.0018807 secs] [Times: user=0.01 sys=0.00, real=0.00 secs] 
2393.276: [GC (Allocation Failure) [PSYoungGen: 61248K->1408K(61440K)] 460616K->400776K(658944K), 0.0037289 secs] [Times: user=0.02 sys=0.00, real=0.01 secs] 
2393.783: [GC (Allocation Failure) [PSYoungGen: 61312K->1376K(61440K)] 460680K->400744K(658944K), 0.0026218 secs] [Times: user=0.01 sys=0.00, real=0.00 secs] 
2394.025: [GC (Allocation Failure) [PSYoungGen: 61280K->1344K(61440K)] 460648K->400712K(658944K), 0.0021299 secs] [Times: user=0.01 sys=0.00, real=0.01 secs] 
2394.274: [GC (Allocation Failure) [PSYoungGen: 61248K->1376K(61440K)] 460616K->400744K(658944K), 0.0020066 secs] [Times: user=0.01 sys=0.00, real=0.00 secs] 
2395.361: [GC (Allocation Failure) [PSYoungGen: 61280K->1504K(61440K)] 460648K->401008K(658944K), 0.0019629 secs] [Times: user=0.01 sys=0.01, real=0.00 secs] 
2396.091: [GC (Allocation Failure) [PSYoungGen: 61408K->1376K(61440K)] 460912K->400880K(658944K), 0.0035281 secs] [Times: user=0.02 sys=0.00, real=0.00 secs] 
2396.404: [GC (Allocation Failure) [PSYoungGen: 61280K->1344K(61440K)] 460784K->400848K(658944K), 0.0026140 secs] [Times: user=0.01 sys=0.01, real=0.01 secs] 
2396.654: [GC (Allocation Failure) [PSYoungGen: 61248K->1360K(61440K)] 460752K->400864K(658944K), 0.0020508 secs] [Times: user=0.01 sys=0.00, real=0.00 secs] 
2396.903: [GC (Allocation Failure) [PSYoungGen: 61264K->1344K(61440K)] 460768K->400848K(658944K), 0.0020210 secs] [Times: user=0.01 sys=0.00, real=0.00 secs] 
2397.851: [GC (Allocation Failure) [PSYoungGen: 61248K->1376K(61440K)] 460752K->400880K(658944K), 0.0018604 secs] [Times: user=0.01 sys=0.00, real=0.00 secs] 
2398.116: [GC (Allocation Failure) [PSYoungGen: 61280K->1344K(61440K)] 460784K->400872K(658944K), 0.0017845 secs] [Times: user=0.01 sys=0.00, real=0.01 secs] 
2398.395: [GC (Allocation Failure) [PSYoungGen: 61248K->1376K(61440K)] 460776K->400904K(658944K), 0.0018836 secs] [Times: user=0.01 sys=0.00, real=0.01 secs] 
2398.643: [GC (Allocation Failure) [PSYoungGen: 61280K->1344K(61440K)] 460808K->400872K(658944K), 0.0018202 secs] [Times: user=0.00 sys=0.00, real=0.00 secs] 
2398.891: [GC (Allocation Failure) [PSYoungGen: 61248K->1312K(61440K)] 460776K->400840K(658944K), 0.0018141 secs] [Times: user=0.01 sys=0.00, real=0.00 secs] 
2400.127: [GC (Allocation Failure) [PSYoungGen: 61216K->1376K(61440K)] 460744K->400904K(658944K), 0.0021594 secs] [Times: user=0.01 sys=0.00, real=0.01 secs] 
2400.825: [GC (Allocation Failure) [PSYoungGen: 61280K->1344K(61440K)] 460808K->400872K(658944K), 0.0025987 secs] [Times: user=0.02 sys=0.00, real=0.01 secs] 
2401.493: [GC (Allocation Failure) [PSYoungGen: 61248K->1344K(61440K)] 460776K->400872K(658944K), 0.0025749 secs] [Times: user=0.02 sys=0.00, real=0.00 secs] 
2402.105: [GC (Allocation Failure) [PSYoungGen: 61248K->1360K(61440K)] 460776K->400888K(658944K), 0.0028641 secs] [Times: user=0.01 sys=0.00, real=0.01 secs] 
2402.625: [GC (Allocation Failure) [PSYoungGen: 61264K->1408K(61440K)] 460792K->400936K(658944K), 0.0029800 secs] [Times: user=0.01 sys=0.00, real=0.01 secs] 
2403.740: [GC (Allocation Failure) [PSYoungGen: 61312K->1376K(61440K)] 460840K->400904K(658944K), 0.0021323 secs] [Times: user=0.01 sys=0.00, real=0.00 secs] 
2404.127: [GC (Allocation Failure) [PSYoungGen: 61280K->1344K(61440K)] 460808K->400872K(658944K), 0.0025140 secs] [Times: user=0.01 sys=0.00, real=0.00 secs] 
2404.577: [GC (Allocation Failure) [PSYoungGen: 61248K->1344K(61440K)] 460776K->400872K(658944K), 0.0026914 secs] [Times: user=0.01 sys=0.01, real=0.01 secs] 
2405.028: [GC (Allocation Failure) [PSYoungGen: 61248K->1408K(61440K)] 460776K->400936K(658944K), 0.0025845 secs] [Times: user=0.01 sys=0.00, real=0.00 secs] 
2406.358: [GC (Allocation Failure) [PSYoungGen: 61312K->1408K(61440K)] 460840K->400936K(658944K), 0.0020133 secs] [Times: user=0.00 sys=0.00, real=0.00 secs] 
2406.913: [GC (Allocation Failure) [PSYoungGen: 61312K->1376K(61440K)] 460840K->400904K(658944K), 0.0020521 secs] [Times: user=0.01 sys=0.00, real=0.00 secs] 
2407.362: [GC (Allocation Failure) [PSYoungGen: 61280K->1328K(61440K)] 460808K->400856K(658944K), 0.0034806 secs] [Times: user=0.02 sys=0.00, real=0.00 secs] 
2407.615: [GC (Allocation Failure) [PSYoungGen: 61232K->1376K(61440K)] 460760K->400904K(658944K), 0.0026341 secs] [Times: user=0.01 sys=0.00, real=0.01 secs] 
2407.950: [GC (Allocation Failure) [PSYoungGen: 61280K->1408K(61440K)] 460808K->400936K(658944K), 0.0033183 secs] [Times: user=0.01 sys=0.00, real=0.00 secs] 
2408.904: [GC (Allocation Failure) [PSYoungGen: 61312K->1408K(61440K)] 460840K->400936K(658944K), 0.0019009 secs] [Times: user=0.01 sys=0.00, real=0.00 secs] 
2409.153: [GC (Allocation Failure) [PSYoungGen: 61312K->1344K(61440K)] 460840K->400896K(658944K), 0.0018896 secs] [Times: user=0.00 sys=0.00, real=0.00 secs] 
2409.402: [GC (Allocation Failure) [PSYoungGen: 61248K->1312K(61440K)] 460800K->400864K(658944K), 0.0019203 secs] [Times: user=0.01 sys=0.00, real=0.00 secs] 
2409.731: [GC (Allocation Failure) [PSYoungGen: 61216K->1408K(61440K)] 460768K->400960K(658944K), 0.0020559 secs] [Times: user=0.01 sys=0.00, real=0.00 secs] 
2410.021: [GC (Allocation Failure) [PSYoungGen: 61312K->1376K(61440K)] 460864K->400936K(658944K), 0.0019793 secs] [Times: user=0.01 sys=0.00, real=0.00 secs] 
2411.231: [GC (Allocation Failure) [PSYoungGen: 61280K->1408K(61440K)] 460840K->400968K(658944K), 0.0029522 secs] [Times: user=0.01 sys=0.00, real=0.00 secs] 
2411.795: [GC (Allocation Failure) [PSYoungGen: 61312K->1376K(61440K)] 460872K->400936K(658944K), 0.0028658 secs] [Times: user=0.02 sys=0.00, real=0.01 secs] 
2412.453: [GC (Allocation Failure) [PSYoungGen: 61280K->1360K(61440K)] 460840K->400920K(658944K), 0.0025906 secs] [Times: user=0.01 sys=0.00, real=0.00 secs] 
2412.922: [GC (Allocation Failure) [PSYoungGen: 61264K->1376K(61440K)] 460824K->400936K(658944K), 0.0025428 secs] [Times: user=0.01 sys=0.00, real=0.00 secs] 
2414.227: [GC (Allocation Failure) [PSYoungGen: 61280K->1504K(61440K)] 460840K->401168K(658944K), 0.0017905 secs] [Times: user=0.01 sys=0.00, real=0.00 secs] 
2414.799: [GC (Allocation Failure) [PSYoungGen: 61408K->1280K(61440K)] 461072K->400944K(658944K), 0.0021126 secs] [Times: user=0.01 sys=0.00, real=0.00 secs] 
2415.049: [GC (Allocation Failure) [PSYoungGen: 61184K->1280K(61440K)] 460848K->400944K(658944K), 0.0019824 secs] [Times: user=0.01 sys=0.01, real=0.00 secs] 
2415.489: [GC (Allocation Failure) [PSYoungGen: 61184K->1280K(61440K)] 460848K->400944K(658944K), 0.0023821 secs] [Times: user=0.01 sys=0.00, real=0.00 secs] 
2415.911: [GC (Allocation Failure) [PSYoungGen: 61184K->1296K(61440K)] 460848K->400960K(658944K), 0.0023510 secs] [Times: user=0.01 sys=0.00, real=0.00 secs] 
2419.040: [GC (Allocation Failure) [PSYoungGen: 61200K->1408K(61440K)] 460864K->402096K(658944K), 0.0050950 secs] [Times: user=0.02 sys=0.00, real=0.00 secs] 
2419.651: [GC (Allocation Failure) [PSYoungGen: 61312K->1376K(61440K)] 462000K->402064K(658944K), 0.0020779 secs] [Times: user=0.01 sys=0.00, real=0.00 secs] 
2419.900: [GC (Allocation Failure) [PSYoungGen: 61280K->1360K(61440K)] 461968K->402048K(658944K), 0.0021250 secs] [Times: user=0.01 sys=0.00, real=0.00 secs] 
2420.411: [GC (Allocation Failure) [PSYoungGen: 61264K->1360K(61440K)] 461952K->402048K(658944K), 0.0021513 secs] [Times: user=0.01 sys=0.00, real=0.00 secs] 
2420.878: [GC (Allocation Failure) [PSYoungGen: 61264K->1408K(61440K)] 461952K->402112K(658944K), 0.0020569 secs] [Times: user=0.01 sys=0.00, real=0.00 secs] 
2422.830: [GC (Allocation Failure) [PSYoungGen: 61312K->1440K(61440K)] 462016K->403168K(658944K), 0.0029927 secs] [Times: user=0.01 sys=0.00, real=0.00 secs] 
2423.430: [GC (Allocation Failure) [PSYoungGen: 61344K->1440K(61440K)] 463072K->403176K(658944K), 0.0032330 secs] [Times: user=0.02 sys=0.01, real=0.00 secs] 
2424.240: [GC (Allocation Failure) [PSYoungGen: 61344K->1376K(61440K)] 463080K->403112K(658944K), 0.0039090 secs] [Times: user=0.01 sys=0.00, real=0.00 secs] 
2424.920: [GC (Allocation Failure) [PSYoungGen: 61280K->1376K(61440K)] 463016K->403112K(658944K), 0.0034776 secs] [Times: user=0.01 sys=0.00, real=0.00 secs] 
2425.579: [GC (Allocation Failure) [PSYoungGen: 61280K->1408K(61440K)] 463016K->403144K(658944K), 0.0027945 secs] [Times: user=0.01 sys=0.00, real=0.00 secs] 
2427.140: [GC (Allocation Failure) [PSYoungGen: 61312K->1440K(61440K)] 463048K->404240K(658944K), 0.0028984 secs] [Times: user=0.01 sys=0.00, real=0.00 secs] 
2427.611: [GC (Allocation Failure) [PSYoungGen: 61344K->1376K(61440K)] 464144K->404176K(658944K), 0.0029773 secs] [Times: user=0.01 sys=0.00, real=0.00 secs] 
2428.086: [GC (Allocation Failure) [PSYoungGen: 61280K->1344K(61440K)] 464080K->404144K(658944K), 0.0028557 secs] [Times: user=0.01 sys=0.00, real=0.01 secs] 
2428.589: [GC (Allocation Failure) [PSYoungGen: 61248K->1360K(61440K)] 464048K->404160K(658944K), 0.0029685 secs] [Times: user=0.01 sys=0.00, real=0.00 secs] 
2429.879: [GC (Allocation Failure) [PSYoungGen: 61264K->1376K(61440K)] 464064K->404184K(658944K), 0.0018432 secs] [Times: user=0.00 sys=0.00, real=0.00 secs] 
2430.551: [GC (Allocation Failure) [PSYoungGen: 61280K->1344K(61440K)] 464088K->404168K(658944K), 0.0036194 secs] [Times: user=0.02 sys=0.00, real=0.00 secs] 
2431.300: [GC (Allocation Failure) [PSYoungGen: 61248K->1312K(61440K)] 464072K->404144K(658944K), 0.0033320 secs] [Times: user=0.01 sys=0.00, real=0.00 secs] 
2432.115: [GC (Allocation Failure) [PSYoungGen: 61216K->1344K(61440K)] 464048K->404176K(658944K), 0.0032947 secs] [Times: user=0.01 sys=0.00, real=0.01 secs] 
2433.003: [GC (Allocation Failure) [PSYoungGen: 61248K->1360K(61440K)] 464080K->404192K(658944K), 0.0032350 secs] [Times: user=0.02 sys=0.01, real=0.00 secs] 
2434.425: [GC (Allocation Failure) [PSYoungGen: 61264K->1408K(61440K)] 464096K->404240K(658944K), 0.0018315 secs] [Times: user=0.00 sys=0.00, real=0.01 secs] 
2434.953: [GC (Allocation Failure) [PSYoungGen: 61312K->1408K(61440K)] 464144K->404240K(658944K), 0.0016646 secs] [Times: user=0.01 sys=0.00, real=0.00 secs] 
2435.450: [GC (Allocation Failure) [PSYoungGen: 61312K->1376K(61440K)] 464144K->404208K(658944K), 0.0019314 secs] [Times: user=0.00 sys=0.00, real=0.00 secs] 
2436.001: [GC (Allocation Failure) [PSYoungGen: 61280K->1344K(61440K)] 464112K->404176K(658944K), 0.0019815 secs] [Times: user=0.01 sys=0.00, real=0.00 secs] 
2436.450: [GC (Allocation Failure) [PSYoungGen: 61248K->1312K(61440K)] 464080K->404144K(658944K), 0.0019739 secs] [Times: user=0.00 sys=0.01, real=0.00 secs] 
2437.899: [GC (Allocation Failure) [PSYoungGen: 61216K->1408K(61440K)] 464048K->404240K(658944K), 0.0019686 secs] [Times: user=0.01 sys=0.00, real=0.00 secs] 
2438.636: [GC (Allocation Failure) [PSYoungGen: 61312K->1344K(61440K)] 464144K->404176K(658944K), 0.0017994 secs] [Times: user=0.01 sys=0.00, real=0.01 secs] 
2439.171: [GC (Allocation Failure) [PSYoungGen: 61248K->1408K(61440K)] 464080K->404240K(658944K), 0.0018722 secs] [Times: user=0.00 sys=0.00, real=0.00 secs] 
2439.584: [GC (Allocation Failure) [PSYoungGen: 61312K->1408K(61440K)] 464144K->404240K(658944K), 0.0019995 secs] [Times: user=0.01 sys=0.00, real=0.00 secs] 
2440.539: [GC (Allocation Failure) [PSYoungGen: 61312K->1472K(61440K)] 464144K->404304K(658944K), 0.0017477 secs] [Times: user=0.01 sys=0.00, real=0.00 secs] 
2441.222: [GC (Allocation Failure) [PSYoungGen: 61376K->1376K(61440K)] 464208K->404216K(658944K), 0.0022838 secs] [Times: user=0.01 sys=0.00, real=0.00 secs] 
2442.019: [GC (Allocation Failure) [PSYoungGen: 61280K->1344K(61440K)] 464120K->404184K(658944K), 0.0032680 secs] [Times: user=0.01 sys=0.00, real=0.00 secs] 
2442.644: [GC (Allocation Failure) [PSYoungGen: 61248K->1408K(61440K)] 464088K->404248K(658944K), 0.0030902 secs] [Times: user=0.01 sys=0.00, real=0.01 secs] 
2443.642: [GC (Allocation Failure) [PSYoungGen: 61312K->1360K(61440K)] 464152K->404200K(658944K), 0.0037279 secs] [Times: user=0.02 sys=0.00, real=0.00 secs] 
2445.372: [GC (Allocation Failure) [PSYoungGen: 61264K->1408K(61440K)] 464104K->404248K(658944K), 0.0019440 secs] [Times: user=0.00 sys=0.00, real=0.00 secs] 
2446.128: [GC (Allocation Failure) [PSYoungGen: 61312K->1376K(61440K)] 464152K->404216K(658944K), 0.0041544 secs] [Times: user=0.01 sys=0.00, real=0.00 secs] 
2446.707: [GC (Allocation Failure) [PSYoungGen: 61280K->1392K(61440K)] 464120K->404232K(658944K), 0.0034764 secs] [Times: user=0.01 sys=0.00, real=0.00 secs] 
2447.235: [GC (Allocation Failure) [PSYoungGen: 61296K->1376K(61440K)] 464136K->404216K(658944K), 0.0027819 secs] [Times: user=0.01 sys=0.00, real=0.01 secs] 
2447.813: [GC (Allocation Failure) [PSYoungGen: 61280K->1376K(61440K)] 464120K->404216K(658944K), 0.0030224 secs] [Times: user=0.01 sys=0.00, real=0.00 secs] 
2448.911: [GC (Allocation Failure) [PSYoungGen: 61280K->1392K(61440K)] 464120K->404232K(658944K), 0.0017788 secs] [Times: user=0.01 sys=0.00, real=0.00 secs] 
2449.181: [GC (Allocation Failure) [PSYoungGen: 61296K->1344K(61440K)] 464136K->404184K(658944K), 0.0018962 secs] [Times: user=0.01 sys=0.00, real=0.00 secs] 
2449.606: [GC (Allocation Failure) [PSYoungGen: 61248K->1360K(61440K)] 464088K->404200K(658944K), 0.0023579 secs] [Times: user=0.01 sys=0.00, real=0.01 secs] 
2450.083: [GC (Allocation Failure) [PSYoungGen: 61264K->1376K(61440K)] 464104K->404216K(658944K), 0.0024274 secs] [Times: user=0.01 sys=0.00, real=0.00 secs] 
2450.791: [GC (Allocation Failure) [PSYoungGen: 61280K->1376K(61440K)] 464120K->404224K(658944K), 0.0035264 secs] [Times: user=0.02 sys=0.00, real=0.00 secs] 
2452.308: [GC (Allocation Failure) [PSYoungGen: 61280K->1408K(61440K)] 464128K->404256K(658944K), 0.0019157 secs] [Times: user=0.00 sys=0.00, real=0.00 secs] 
2452.745: [GC (Allocation Failure) [PSYoungGen: 61312K->1376K(61440K)] 464160K->404224K(658944K), 0.0030986 secs] [Times: user=0.01 sys=0.00, real=0.01 secs] 
2452.995: [GC (Allocation Failure) [PSYoungGen: 61280K->1344K(61440K)] 464128K->404192K(658944K), 0.0021265 secs] [Times: user=0.01 sys=0.00, real=0.01 secs] 
2453.338: [GC (Allocation Failure) [PSYoungGen: 61248K->1376K(61440K)] 464096K->404224K(658944K), 0.0020738 secs] [Times: user=0.00 sys=0.00, real=0.00 secs] 
2454.567: [GC (Allocation Failure) [PSYoungGen: 61280K->1408K(61440K)] 464128K->404256K(658944K), 0.0018192 secs] [Times: user=0.01 sys=0.00, real=0.00 secs] 
2454.885: [GC (Allocation Failure) [PSYoungGen: 61312K->1376K(61440K)] 464160K->404224K(658944K), 0.0028884 secs] [Times: user=0.01 sys=0.00, real=0.01 secs] 
2455.272: [GC (Allocation Failure) [PSYoungGen: 61280K->1344K(61440K)] 464128K->404192K(658944K), 0.0028192 secs] [Times: user=0.01 sys=0.00, real=0.00 secs] 
2455.867: [GC (Allocation Failure) [PSYoungGen: 61248K->1376K(61440K)] 464096K->404224K(658944K), 0.0032579 secs] [Times: user=0.01 sys=0.00, real=0.00 secs] 
2456.355: [GC (Allocation Failure) [PSYoungGen: 61280K->1376K(61440K)] 464128K->404224K(658944K), 0.0025926 secs] [Times: user=0.01 sys=0.00, real=0.01 secs] 
2458.586: [GC (Allocation Failure) [PSYoungGen: 61280K->1408K(61440K)] 464128K->404256K(658944K), 0.0038481 secs] [Times: user=0.01 sys=0.00, real=0.01 secs] 
2459.087: [GC (Allocation Failure) [PSYoungGen: 61312K->1376K(61440K)] 464160K->404224K(658944K), 0.0024270 secs] [Times: user=0.01 sys=0.00, real=0.00 secs] 
2459.337: [GC (Allocation Failure) [PSYoungGen: 61280K->1376K(61440K)] 464128K->404224K(658944K), 0.0021915 secs] [Times: user=0.01 sys=0.00, real=0.01 secs] 
2459.586: [GC (Allocation Failure) [PSYoungGen: 61280K->1408K(61440K)] 464128K->404264K(658944K), 0.0020866 secs] [Times: user=0.00 sys=0.00, real=0.01 secs] 
2459.966: [GC (Allocation Failure) [PSYoungGen: 61312K->1376K(61440K)] 464168K->404232K(658944K), 0.0028819 secs] [Times: user=0.01 sys=0.00, real=0.01 secs] 
2462.416: [GC (Allocation Failure) [PSYoungGen: 61280K->1408K(61440K)] 464136K->404264K(658944K), 0.0046791 secs] [Times: user=0.02 sys=0.00, real=0.01 secs] 
2462.711: [GC (Allocation Failure) [PSYoungGen: 61312K->1376K(61440K)] 464168K->404232K(658944K), 0.0023878 secs] [Times: user=0.01 sys=0.00, real=0.00 secs] 
2463.024: [GC (Allocation Failure) [PSYoungGen: 61280K->1376K(61440K)] 464136K->404232K(658944K), 0.0020821 secs] [Times: user=0.01 sys=0.00, real=0.00 secs] 
2463.522: [GC (Allocation Failure) [PSYoungGen: 61280K->1376K(61440K)] 464136K->404232K(658944K), 0.0019216 secs] [Times: user=0.01 sys=0.00, real=0.00 secs] 
2464.862: [GC (Allocation Failure) [PSYoungGen: 61280K->1504K(61440K)] 464136K->404376K(658944K), 0.0018556 secs] [Times: user=0.01 sys=0.00, real=0.00 secs] 
2465.149: [GC (Allocation Failure) [PSYoungGen: 61408K->1408K(61440K)] 464280K->404280K(658944K), 0.0015746 secs] [Times: user=0.01 sys=0.00, real=0.00 secs] 
2465.397: [GC (Allocation Failure) [PSYoungGen: 61312K->1344K(61440K)] 464184K->404216K(658944K), 0.0017105 secs] [Times: user=0.01 sys=0.00, real=0.00 secs] 
2465.646: [GC (Allocation Failure) [PSYoungGen: 61248K->1344K(61440K)] 464120K->404216K(658944K), 0.0016637 secs] [Times: user=0.01 sys=0.00, real=0.01 secs] 
2465.894: [GC (Allocation Failure) [PSYoungGen: 61248K->1344K(61440K)] 464120K->404216K(658944K), 0.0022789 secs] [Times: user=0.01 sys=0.00, real=0.00 secs] 
2466.908: [GC (Allocation Failure) [PSYoungGen: 61248K->1376K(61440K)] 464120K->404248K(658944K), 0.0017850 secs] [Times: user=0.01 sys=0.00, real=0.00 secs] 
2467.252: [GC (Allocation Failure) [PSYoungGen: 61280K->1408K(61440K)] 464152K->404280K(658944K), 0.0019592 secs] [Times: user=0.01 sys=0.00, real=0.00 secs] 
2467.681: [GC (Allocation Failure) [PSYoungGen: 61312K->1376K(61440K)] 464184K->404248K(658944K), 0.0018970 secs] [Times: user=0.01 sys=0.00, real=0.00 secs] 
2468.162: [GC (Allocation Failure) [PSYoungGen: 61280K->1376K(61440K)] 464152K->404248K(658944K), 0.0024154 secs] [Times: user=0.01 sys=0.01, real=0.00 secs] 
2468.680: [GC (Allocation Failure) [PSYoungGen: 61280K->1344K(61440K)] 464152K->404240K(658944K), 0.0023349 secs] [Times: user=0.01 sys=0.00, real=0.00 secs] 
2470.745: [GC (Allocation Failure) [PSYoungGen: 61248K->1376K(61440K)] 464144K->404280K(658944K), 0.0048191 secs] [Times: user=0.02 sys=0.00, real=0.01 secs] 
2471.721: [GC (Allocation Failure) [PSYoungGen: 61280K->1312K(61440K)] 464184K->404216K(658944K), 0.0049178 secs] [Times: user=0.02 sys=0.00, real=0.00 secs] 
2472.496: [GC (Allocation Failure) [PSYoungGen: 61216K->1376K(61440K)] 464120K->404280K(658944K), 0.0041575 secs] [Times: user=0.02 sys=0.00, real=0.01 secs] 
2473.110: [GC (Allocation Failure) [PSYoungGen: 61280K->1376K(61440K)] 464184K->404280K(658944K), 0.0029373 secs] [Times: user=0.01 sys=0.00, real=0.00 secs] 
2473.714: [GC (Allocation Failure) [PSYoungGen: 61280K->1408K(61440K)] 464184K->404312K(658944K), 0.0061182 secs] [Times: user=0.02 sys=0.00, real=0.01 secs] 
2474.916: [GC (Allocation Failure) [PSYoungGen: 61312K->1408K(61440K)] 464216K->404312K(658944K), 0.0020813 secs] [Times: user=0.01 sys=0.00, real=0.01 secs] 
2475.165: [GC (Allocation Failure) [PSYoungGen: 61312K->1344K(61440K)] 464216K->404248K(658944K), 0.0020162 secs] [Times: user=0.01 sys=0.00, real=0.01 secs] 
2475.428: [GC (Allocation Failure) [PSYoungGen: 61248K->1376K(61440K)] 464152K->404280K(658944K), 0.0019908 secs] [Times: user=0.01 sys=0.00, real=0.00 secs] 
2475.676: [GC (Allocation Failure) [PSYoungGen: 61280K->1344K(61440K)] 464184K->404248K(658944K), 0.0025431 secs] [Times: user=0.01 sys=0.00, real=0.01 secs] 
2476.630: [GC (Allocation Failure) [PSYoungGen: 61248K->1408K(61440K)] 464152K->404312K(658944K), 0.0019592 secs] [Times: user=0.01 sys=0.00, real=0.00 secs] 
2476.928: [GC (Allocation Failure) [PSYoungGen: 61312K->1344K(61440K)] 464216K->404248K(658944K), 0.0019335 secs] [Times: user=0.01 sys=0.00, real=0.00 secs] 
2477.177: [GC (Allocation Failure) [PSYoungGen: 61248K->1344K(61440K)] 464152K->404248K(658944K), 0.0019887 secs] [Times: user=0.01 sys=0.00, real=0.00 secs] 
2477.447: [GC (Allocation Failure) [PSYoungGen: 61248K->1376K(61440K)] 464152K->404280K(658944K), 0.0018348 secs] [Times: user=0.01 sys=0.00, real=0.00 secs] 
2477.710: [GC (Allocation Failure) [PSYoungGen: 61280K->1344K(61440K)] 464184K->404248K(658944K), 0.0020207 secs] [Times: user=0.01 sys=0.00, real=0.00 secs] 
2478.930: [GC (Allocation Failure) [PSYoungGen: 61248K->1376K(61440K)] 464152K->404280K(658944K), 0.0021451 secs] [Times: user=0.01 sys=0.00, real=0.00 secs] 
2479.812: [GC (Allocation Failure) [PSYoungGen: 61280K->1344K(61440K)] 464184K->404256K(658944K), 0.0027590 secs] [Times: user=0.01 sys=0.00, real=0.00 secs] 
2480.400: [GC (Allocation Failure) [PSYoungGen: 61248K->1376K(61440K)] 464160K->404288K(658944K), 0.0029230 secs] [Times: user=0.01 sys=0.00, real=0.00 secs] 
2480.907: [GC (Allocation Failure) [PSYoungGen: 61280K->1376K(61440K)] 464192K->404288K(658944K), 0.0029325 secs] [Times: user=0.01 sys=0.00, real=0.00 secs] 
2481.415: [GC (Allocation Failure) [PSYoungGen: 61280K->1376K(61440K)] 464192K->404288K(658944K), 0.0029266 secs] [Times: user=0.01 sys=0.00, real=0.01 secs] 
2483.012: [GC (Allocation Failure) [PSYoungGen: 61280K->1408K(61440K)] 464192K->404320K(658944K), 0.0044107 secs] [Times: user=0.02 sys=0.00, real=0.00 secs] 
2483.787: [GC (Allocation Failure) [PSYoungGen: 61312K->1440K(61440K)] 464224K->404352K(658944K), 0.0048466 secs] [Times: user=0.02 sys=0.00, real=0.01 secs] 
2484.555: [GC (Allocation Failure) [PSYoungGen: 61344K->1360K(61440K)] 464256K->404272K(658944K), 0.0043382 secs] [Times: user=0.01 sys=0.01, real=0.01 secs] 
2485.074: [GC (Allocation Failure) [PSYoungGen: 61264K->1376K(61440K)] 464176K->404288K(658944K), 0.0025805 secs] [Times: user=0.01 sys=0.00, real=0.01 secs] 
2486.582: [GC (Allocation Failure) [PSYoungGen: 61280K->1504K(61440K)] 464192K->404416K(658944K), 0.0020201 secs] [Times: user=0.01 sys=0.00, real=0.00 secs] 
2487.399: [GC (Allocation Failure) [PSYoungGen: 61408K->1376K(61440K)] 464320K->404288K(658944K), 0.0029368 secs] [Times: user=0.01 sys=0.00, real=0.00 secs] 
2488.024: [GC (Allocation Failure) [PSYoungGen: 61280K->1376K(61440K)] 464192K->404288K(658944K), 0.0033773 secs] [Times: user=0.02 sys=0.00, real=0.01 secs] 
2488.629: [GC (Allocation Failure) [PSYoungGen: 61280K->1376K(61440K)] 464192K->404288K(658944K), 0.0032891 secs] [Times: user=0.02 sys=0.00, real=0.00 secs] 
2489.496: [GC (Allocation Failure) [PSYoungGen: 61280K->1360K(61440K)] 464192K->404272K(658944K), 0.0041590 secs] [Times: user=0.02 sys=0.00, real=0.01 secs] 
2491.029: [GC (Allocation Failure) [PSYoungGen: 61264K->1408K(61440K)] 464176K->404320K(658944K), 0.0022412 secs] [Times: user=0.01 sys=0.00, real=0.00 secs] 
2491.279: [GC (Allocation Failure) [PSYoungGen: 61312K->1344K(61440K)] 464224K->404256K(658944K), 0.0021159 secs] [Times: user=0.01 sys=0.00, real=0.00 secs] 
2491.528: [GC (Allocation Failure) [PSYoungGen: 61248K->1408K(61440K)] 464160K->404328K(658944K), 0.0021650 secs] [Times: user=0.01 sys=0.00, real=0.00 secs] 
2491.777: [GC (Allocation Failure) [PSYoungGen: 61312K->1344K(61440K)] 464232K->404264K(658944K), 0.0019924 secs] [Times: user=0.00 sys=0.00, real=0.00 secs] 
2492.026: [GC (Allocation Failure) [PSYoungGen: 61248K->1408K(61440K)] 464168K->404328K(658944K), 0.0021091 secs] [Times: user=0.01 sys=0.00, real=0.01 secs] 
2493.345: [GC (Allocation Failure) [PSYoungGen: 61312K->1408K(61440K)] 464232K->404328K(658944K), 0.0019601 secs] [Times: user=0.01 sys=0.00, real=0.01 secs] 
2493.746: [GC (Allocation Failure) [PSYoungGen: 61312K->1408K(61440K)] 464232K->404328K(658944K), 0.0020850 secs] [Times: user=0.01 sys=0.00, real=0.01 secs] 
2494.288: [GC (Allocation Failure) [PSYoungGen: 61312K->1344K(61440K)] 464232K->404264K(658944K), 0.0028044 secs] [Times: user=0.01 sys=0.00, real=0.00 secs] 
2494.909: [GC (Allocation Failure) [PSYoungGen: 61248K->1376K(61440K)] 464168K->404296K(658944K), 0.0026541 secs] [Times: user=0.01 sys=0.00, real=0.00 secs] 
2495.559: [GC (Allocation Failure) [PSYoungGen: 61280K->1344K(61440K)] 464200K->404264K(658944K), 0.0028601 secs] [Times: user=0.01 sys=0.00, real=0.00 secs] 
2497.039: [GC (Allocation Failure) [PSYoungGen: 61248K->1408K(61440K)] 464168K->404328K(658944K), 0.0020367 secs] [Times: user=0.00 sys=0.00, real=0.00 secs] 
2497.752: [GC (Allocation Failure) [PSYoungGen: 61312K->1376K(61440K)] 464232K->404296K(658944K), 0.0027927 secs] [Times: user=0.02 sys=0.00, real=0.00 secs] 
2498.208: [GC (Allocation Failure) [PSYoungGen: 61280K->1376K(61440K)] 464200K->404296K(658944K), 0.0029072 secs] [Times: user=0.01 sys=0.00, real=0.00 secs] 
2498.761: [GC (Allocation Failure) [PSYoungGen: 61280K->1344K(61440K)] 464200K->404264K(658944K), 0.0029161 secs] [Times: user=0.02 sys=0.00, real=0.00 secs] 
2500.288: [GC (Allocation Failure) [PSYoungGen: 61248K->1408K(61440K)] 464168K->404344K(658944K), 0.0020058 secs] [Times: user=0.01 sys=0.00, real=0.00 secs] 
2500.853: [GC (Allocation Failure) [PSYoungGen: 61312K->1408K(61440K)] 464248K->404344K(658944K), 0.0023319 secs] [Times: user=0.00 sys=0.00, real=0.00 secs] 
2501.157: [GC (Allocation Failure) [PSYoungGen: 61312K->1408K(61440K)] 464248K->404344K(658944K), 0.0027182 secs] [Times: user=0.01 sys=0.00, real=0.00 secs] 
2501.629: [GC (Allocation Failure) [PSYoungGen: 61312K->1408K(61440K)] 464248K->404344K(658944K), 0.0033279 secs] [Times: user=0.02 sys=0.00, real=0.00 secs] 
2502.138: [GC (Allocation Failure) [PSYoungGen: 61312K->1376K(61440K)] 464248K->404312K(658944K), 0.0029659 secs] [Times: user=0.01 sys=0.00, real=0.00 secs] 
2503.222: [GC (Allocation Failure) [PSYoungGen: 61280K->1392K(61440K)] 464216K->404328K(658944K), 0.0018885 secs] [Times: user=0.01 sys=0.00, real=0.00 secs] 
2503.473: [GC (Allocation Failure) [PSYoungGen: 61296K->1344K(61440K)] 464232K->404288K(658944K), 0.0019274 secs] [Times: user=0.01 sys=0.00, real=0.00 secs] 
2503.722: [GC (Allocation Failure) [PSYoungGen: 61248K->1376K(61440K)] 464192K->404320K(658944K), 0.0019800 secs] [Times: user=0.01 sys=0.00, real=0.00 secs] 
2503.971: [GC (Allocation Failure) [PSYoungGen: 61280K->1376K(61440K)] 464224K->404320K(658944K), 0.0018899 secs] [Times: user=0.01 sys=0.00, real=0.00 secs] 
2504.220: [GC (Allocation Failure) [PSYoungGen: 61280K->1360K(61440K)] 464224K->404304K(658944K), 0.0020146 secs] [Times: user=0.01 sys=0.00, real=0.00 secs] 
2505.171: [GC (Allocation Failure) [PSYoungGen: 61264K->1440K(61440K)] 464208K->404384K(658944K), 0.0014671 secs] [Times: user=0.00 sys=0.00, real=0.00 secs] 
2505.419: [GC (Allocation Failure) [PSYoungGen: 61344K->1376K(61440K)] 464288K->404320K(658944K), 0.0017387 secs] [Times: user=0.01 sys=0.00, real=0.00 secs] 
2505.667: [GC (Allocation Failure) [PSYoungGen: 61280K->1376K(61440K)] 464224K->404320K(658944K), 0.0016479 secs] [Times: user=0.01 sys=0.00, real=0.00 secs] 
2505.915: [GC (Allocation Failure) [PSYoungGen: 61280K->1408K(61440K)] 464224K->404352K(658944K), 0.0017140 secs] [Times: user=0.01 sys=0.00, real=0.00 secs] 
2506.958: [GC (Allocation Failure) [PSYoungGen: 61312K->1504K(61440K)] 464256K->404584K(658944K), 0.0019634 secs] [Times: user=0.01 sys=0.00, real=0.00 secs] 
2507.492: [GC (Allocation Failure) [PSYoungGen: 61408K->1376K(61440K)] 464488K->404480K(658944K), 0.0019334 secs] [Times: user=0.01 sys=0.00, real=0.00 secs] 
2507.814: [GC (Allocation Failure) [PSYoungGen: 61280K->1376K(61440K)] 464384K->404480K(658944K), 0.0020502 secs] [Times: user=0.01 sys=0.00, real=0.00 secs] 
2508.065: [GC (Allocation Failure) [PSYoungGen: 61280K->1360K(61440K)] 464384K->404464K(658944K), 0.0019474 secs] [Times: user=0.01 sys=0.00, real=0.01 secs] 
2508.315: [GC (Allocation Failure) [PSYoungGen: 61264K->1408K(61440K)] 464368K->404512K(658944K), 0.0019939 secs] [Times: user=0.01 sys=0.00, real=0.01 secs] 
2509.505: [GC (Allocation Failure) [PSYoungGen: 61312K->1408K(61440K)] 464416K->404512K(658944K), 0.0019859 secs] [Times: user=0.01 sys=0.00, real=0.01 secs] 
2510.088: [GC (Allocation Failure) [PSYoungGen: 61312K->1376K(61440K)] 464416K->404480K(658944K), 0.0020505 secs] [Times: user=0.01 sys=0.00, real=0.00 secs] 
2510.514: [GC (Allocation Failure) [PSYoungGen: 61280K->1312K(61440K)] 464384K->404416K(658944K), 0.0030864 secs] [Times: user=0.02 sys=0.00, real=0.01 secs] 
2511.107: [GC (Allocation Failure) [PSYoungGen: 61216K->1344K(61440K)] 464320K->404448K(658944K), 0.0025435 secs] [Times: user=0.01 sys=0.00, real=0.01 secs] 
2511.729: [GC (Allocation Failure) [PSYoungGen: 61248K->1376K(61440K)] 464352K->404480K(658944K), 0.0024997 secs] [Times: user=0.01 sys=0.00, real=0.00 secs] 
2513.720: [GC (Allocation Failure) [PSYoungGen: 61280K->1408K(61440K)] 464384K->404512K(658944K), 0.0041983 secs] [Times: user=0.01 sys=0.00, real=0.00 secs] 
2513.995: [GC (Allocation Failure) [PSYoungGen: 61312K->1344K(61440K)] 464416K->404448K(658944K), 0.0020658 secs] [Times: user=0.01 sys=0.00, real=0.01 secs] 
2514.293: [GC (Allocation Failure) [PSYoungGen: 61248K->1376K(61440K)] 464352K->404480K(658944K), 0.0020895 secs] [Times: user=0.01 sys=0.00, real=0.00 secs] 
2514.677: [GC (Allocation Failure) [PSYoungGen: 61280K->1344K(61440K)] 464384K->404448K(658944K), 0.0021380 secs] [Times: user=0.01 sys=0.00, real=0.00 secs] 
2515.288: [GC (Allocation Failure) [PSYoungGen: 61248K->1376K(61440K)] 464352K->404480K(658944K), 0.0023376 secs] [Times: user=0.01 sys=0.00, real=0.00 secs] 
2516.611: [GC (Allocation Failure) [PSYoungGen: 61280K->1376K(61440K)] 464384K->404480K(658944K), 0.0037398 secs] [Times: user=0.02 sys=0.00, real=0.00 secs] 
2517.126: [GC (Allocation Failure) [PSYoungGen: 61280K->1376K(61440K)] 464384K->404480K(658944K), 0.0034696 secs] [Times: user=0.02 sys=0.00, real=0.01 secs] 
2517.654: [GC (Allocation Failure) [PSYoungGen: 61280K->1344K(61440K)] 464384K->404448K(658944K), 0.0033541 secs] [Times: user=0.02 sys=0.00, real=0.01 secs] 
2518.175: [GC (Allocation Failure) [PSYoungGen: 61248K->1376K(61440K)] 464352K->404480K(658944K), 0.0035265 secs] [Times: user=0.02 sys=0.00, real=0.01 secs] 
2519.293: [GC (Allocation Failure) [PSYoungGen: 61280K->1376K(61440K)] 464384K->404480K(658944K), 0.0018280 secs] [Times: user=0.01 sys=0.00, real=0.00 secs] 
2519.561: [GC (Allocation Failure) [PSYoungGen: 61280K->1344K(61440K)] 464384K->404456K(658944K), 0.0017264 secs] [Times: user=0.00 sys=0.00, real=0.00 secs] 
2519.810: [GC (Allocation Failure) [PSYoungGen: 61248K->1376K(61440K)] 464360K->404488K(658944K), 0.0017458 secs] [Times: user=0.01 sys=0.00, real=0.00 secs] 
2520.058: [GC (Allocation Failure) [PSYoungGen: 61280K->1376K(61440K)] 464392K->404488K(658944K), 0.0018684 secs] [Times: user=0.00 sys=0.00, real=0.00 secs] 
2520.306: [GC (Allocation Failure) [PSYoungGen: 61280K->1328K(61440K)] 464392K->404440K(658944K), 0.0018423 secs] [Times: user=0.00 sys=0.00, real=0.01 secs] 
2522.118: [GC (Allocation Failure) [PSYoungGen: 61232K->1408K(61440K)] 464344K->404520K(658944K), 0.0031189 secs] [Times: user=0.01 sys=0.00, real=0.00 secs] 
2523.077: [GC (Allocation Failure) [PSYoungGen: 61312K->1376K(61440K)] 464424K->404488K(658944K), 0.0031493 secs] [Times: user=0.01 sys=0.00, real=0.00 secs] 
2523.668: [GC (Allocation Failure) [PSYoungGen: 61280K->1376K(61440K)] 464392K->404488K(658944K), 0.0021716 secs] [Times: user=0.01 sys=0.00, real=0.00 secs] 
2523.984: [GC (Allocation Failure) [PSYoungGen: 61280K->1376K(61440K)] 464392K->404488K(658944K), 0.0022062 secs] [Times: user=0.01 sys=0.00, real=0.00 secs] 
2524.408: [GC (Allocation Failure) [PSYoungGen: 61280K->1376K(61440K)] 464392K->404488K(658944K), 0.0020882 secs] [Times: user=0.01 sys=0.00, real=0.00 secs] 
2525.804: [GC (Allocation Failure) [PSYoungGen: 61280K->1376K(61440K)] 464392K->404488K(658944K), 0.0019261 secs] [Times: user=0.01 sys=0.00, real=0.00 secs] 
2526.663: [GC (Allocation Failure) [PSYoungGen: 61280K->1344K(61440K)] 464392K->404456K(658944K), 0.0020870 secs] [Times: user=0.01 sys=0.00, real=0.00 secs] 
2527.392: [GC (Allocation Failure) [PSYoungGen: 61248K->1344K(61440K)] 464360K->404456K(658944K), 0.0024261 secs] [Times: user=0.01 sys=0.00, real=0.00 secs] 
2527.683: [GC (Allocation Failure) [PSYoungGen: 61248K->1376K(61440K)] 464360K->404488K(658944K), 0.0020343 secs] [Times: user=0.01 sys=0.00, real=0.00 secs] 
2528.769: [GC (Allocation Failure) [PSYoungGen: 61280K->1504K(61440K)] 464392K->404624K(658944K), 0.0022923 secs] [Times: user=0.01 sys=0.00, real=0.00 secs] 
2531.290: [GC (Allocation Failure) [PSYoungGen: 61408K->1376K(61440K)] 464528K->404504K(658944K), 0.0029056 secs] [Times: user=0.01 sys=0.00, real=0.00 secs] 
2531.756: [GC (Allocation Failure) [PSYoungGen: 61280K->1344K(61440K)] 464408K->404472K(658944K), 0.0032584 secs] [Times: user=0.01 sys=0.00, real=0.01 secs] 
2532.161: [GC (Allocation Failure) [PSYoungGen: 61248K->1376K(61440K)] 464376K->404504K(658944K), 0.0025765 secs] [Times: user=0.01 sys=0.00, real=0.00 secs] 
2532.581: [GC (Allocation Failure) [PSYoungGen: 61280K->1376K(61440K)] 464408K->404504K(658944K), 0.0025818 secs] [Times: user=0.01 sys=0.00, real=0.00 secs] 
2534.832: [GC (Allocation Failure) [PSYoungGen: 61280K->1408K(61440K)] 464408K->404536K(658944K), 0.0045063 secs] [Times: user=0.01 sys=0.00, real=0.00 secs] 
2535.248: [GC (Allocation Failure) [PSYoungGen: 61312K->1376K(61440K)] 464440K->404512K(658944K), 0.0021470 secs] [Times: user=0.01 sys=0.00, real=0.00 secs] 
2535.498: [GC (Allocation Failure) [PSYoungGen: 61280K->1344K(61440K)] 464416K->404480K(658944K), 0.0025594 secs] [Times: user=0.01 sys=0.00, real=0.00 secs] 
2535.918: [GC (Allocation Failure) [PSYoungGen: 61248K->1376K(61440K)] 464384K->404512K(658944K), 0.0033444 secs] [Times: user=0.01 sys=0.00, real=0.00 secs] 
2536.347: [GC (Allocation Failure) [PSYoungGen: 61280K->1376K(61440K)] 464416K->404512K(658944K), 0.0028155 secs] [Times: user=0.01 sys=0.00, real=0.00 secs] 
2538.345: [GC (Allocation Failure) [PSYoungGen: 61280K->1408K(61440K)] 464416K->404544K(658944K), 0.0038381 secs] [Times: user=0.01 sys=0.00, real=0.01 secs] 
2538.857: [GC (Allocation Failure) [PSYoungGen: 61312K->1376K(61440K)] 464448K->404520K(658944K), 0.0032804 secs] [Times: user=0.01 sys=0.00, real=0.00 secs] 
2539.425: [GC (Allocation Failure) [PSYoungGen: 61280K->1344K(61440K)] 464424K->404488K(658944K), 0.0029245 secs] [Times: user=0.01 sys=0.00, real=0.01 secs] 
2540.202: [GC (Allocation Failure) [PSYoungGen: 61248K->1360K(61440K)] 464392K->404504K(658944K), 0.0029055 secs] [Times: user=0.01 sys=0.00, real=0.00 secs] 
2540.968: [GC (Allocation Failure) [PSYoungGen: 61264K->1376K(61440K)] 464408K->404520K(658944K), 0.0045190 secs] [Times: user=0.02 sys=0.00, real=0.00 secs] 
2542.080: [GC (Allocation Failure) [PSYoungGen: 61280K->1408K(61440K)] 464424K->404552K(658944K), 0.0018739 secs] [Times: user=0.01 sys=0.00, real=0.00 secs] 
2542.328: [GC (Allocation Failure) [PSYoungGen: 61312K->1376K(61440K)] 464456K->404528K(658944K), 0.0020061 secs] [Times: user=0.01 sys=0.00, real=0.00 secs] 
2542.577: [GC (Allocation Failure) [PSYoungGen: 61280K->1376K(61440K)] 464432K->404528K(658944K), 0.0018191 secs] [Times: user=0.01 sys=0.01, real=0.00 secs] 
2542.829: [GC (Allocation Failure) [PSYoungGen: 61280K->1376K(61440K)] 464432K->404528K(658944K), 0.0028777 secs] [Times: user=0.02 sys=0.00, real=0.00 secs] 
2544.201: [GC (Allocation Failure) [PSYoungGen: 61280K->1344K(61440K)] 464432K->404496K(658944K), 0.0038757 secs] [Times: user=0.01 sys=0.00, real=0.00 secs] 
2545.830: [GC (Allocation Failure) [PSYoungGen: 61248K->1376K(61440K)] 464400K->404528K(658944K), 0.0035521 secs] [Times: user=0.02 sys=0.00, real=0.00 secs] 
2546.656: [GC (Allocation Failure) [PSYoungGen: 61280K->1360K(61440K)] 464432K->404512K(658944K), 0.0034654 secs] [Times: user=0.01 sys=0.00, real=0.01 secs] 
2547.246: [GC (Allocation Failure) [PSYoungGen: 61264K->1376K(61440K)] 464416K->404528K(658944K), 0.0032693 secs] [Times: user=0.01 sys=0.00, real=0.01 secs] 
2548.149: [GC (Allocation Failure) [PSYoungGen: 61280K->1344K(61440K)] 464432K->404496K(658944K), 0.0038692 secs] [Times: user=0.01 sys=0.00, real=0.00 secs] 
2549.753: [GC (Allocation Failure) [PSYoungGen: 61248K->1392K(61440K)] 464400K->404544K(658944K), 0.0022343 secs] [Times: user=0.01 sys=0.00, real=0.00 secs] 
2550.010: [GC (Allocation Failure) [PSYoungGen: 61296K->1312K(61440K)] 464448K->404464K(658944K), 0.0020942 secs] [Times: user=0.01 sys=0.00, real=0.00 secs] 
2550.330: [GC (Allocation Failure) [PSYoungGen: 61216K->1376K(61440K)] 464368K->404528K(658944K), 0.0020233 secs] [Times: user=0.00 sys=0.00, real=0.00 secs] 
2550.784: [GC (Allocation Failure) [PSYoungGen: 61280K->1328K(61440K)] 464432K->404488K(658944K), 0.0023316 secs] [Times: user=0.01 sys=0.00, real=0.01 secs] 
2551.249: [GC (Allocation Failure) [PSYoungGen: 61232K->1344K(61440K)] 464392K->404512K(658944K), 0.0023529 secs] [Times: user=0.01 sys=0.00, real=0.00 secs] 
2552.691: [GC (Allocation Failure) [PSYoungGen: 61248K->1440K(61440K)] 464416K->404608K(658944K), 0.0023930 secs] [Times: user=0.01 sys=0.00, real=0.00 secs] 
2552.963: [GC (Allocation Failure) [PSYoungGen: 61344K->1376K(61440K)] 464512K->404544K(658944K), 0.0023344 secs] [Times: user=0.01 sys=0.01, real=0.00 secs] 
2553.214: [GC (Allocation Failure) [PSYoungGen: 61280K->1376K(61440K)] 464448K->404544K(658944K), 0.0029750 secs] [Times: user=0.01 sys=0.00, real=0.01 secs] 
2553.729: [GC (Allocation Failure) [PSYoungGen: 61280K->1376K(61440K)] 464448K->404544K(658944K), 0.0026070 secs] [Times: user=0.01 sys=0.00, real=0.00 secs] 
2555.032: [GC (Allocation Failure) [PSYoungGen: 61280K->1408K(61440K)] 464448K->404576K(658944K), 0.0019805 secs] [Times: user=0.00 sys=0.00, real=0.00 secs] 
2556.065: [GC (Allocation Failure) [PSYoungGen: 61312K->1376K(61440K)] 464480K->404544K(658944K), 0.0035993 secs] [Times: user=0.01 sys=0.00, real=0.01 secs] 
2556.943: [GC (Allocation Failure) [PSYoungGen: 61280K->1360K(61440K)] 464448K->404528K(658944K), 0.0042809 secs] [Times: user=0.02 sys=0.00, real=0.01 secs] 
2557.608: [GC (Allocation Failure) [PSYoungGen: 61264K->1376K(61440K)] 464432K->404544K(658944K), 0.0033139 secs] [Times: user=0.01 sys=0.00, real=0.00 secs] 
2558.283: [GC (Allocation Failure) [PSYoungGen: 61280K->1344K(61440K)] 464448K->404512K(658944K), 0.0035425 secs] [Times: user=0.02 sys=0.00, real=0.01 secs] 
2559.839: [GC (Allocation Failure) [PSYoungGen: 61248K->1408K(61440K)] 464416K->404584K(658944K), 0.0022059 secs] [Times: user=0.01 sys=0.00, real=0.00 secs] 
2560.439: [GC (Allocation Failure) [PSYoungGen: 61312K->1344K(61440K)] 464488K->404528K(658944K), 0.0042107 secs] [Times: user=0.01 sys=0.00, real=0.00 secs] 
2560.995: [GC (Allocation Failure) [PSYoungGen: 61248K->1344K(61440K)] 464432K->404528K(658944K), 0.0032342 secs] [Times: user=0.02 sys=0.00, real=0.01 secs] 
2561.764: [GC (Allocation Failure) [PSYoungGen: 61248K->1376K(61440K)] 464432K->404560K(658944K), 0.0035429 secs] [Times: user=0.01 sys=0.00, real=0.01 secs] 
2562.512: [GC (Allocation Failure) [PSYoungGen: 61280K->1376K(61440K)] 464464K->404560K(658944K), 0.0035241 secs] [Times: user=0.02 sys=0.00, real=0.00 secs] 
2563.878: [GC (Allocation Failure) [PSYoungGen: 61280K->1408K(61440K)] 464464K->404592K(658944K), 0.0017935 secs] [Times: user=0.01 sys=0.00, real=0.00 secs] 
2564.544: [GC (Allocation Failure) [PSYoungGen: 61312K->1376K(61440K)] 464496K->404560K(658944K), 0.0020116 secs] [Times: user=0.01 sys=0.00, real=0.00 secs] 
2565.277: [GC (Allocation Failure) [PSYoungGen: 61280K->1376K(61440K)] 464464K->404560K(658944K), 0.0020850 secs] [Times: user=0.01 sys=0.00, real=0.00 secs] 
2566.024: [GC (Allocation Failure) [PSYoungGen: 61280K->1408K(61440K)] 464464K->404592K(658944K), 0.0029761 secs] [Times: user=0.02 sys=0.00, real=0.01 secs] 
2566.851: [GC (Allocation Failure) [PSYoungGen: 61312K->1344K(61440K)] 464496K->404528K(658944K), 0.0028502 secs] [Times: user=0.01 sys=0.00, real=0.00 secs] 
2568.247: [GC (Allocation Failure) [PSYoungGen: 61248K->1376K(61440K)] 464432K->404560K(658944K), 0.0024149 secs] [Times: user=0.01 sys=0.01, real=0.00 secs] 
2568.748: [GC (Allocation Failure) [PSYoungGen: 61280K->1376K(61440K)] 464464K->404560K(658944K), 0.0023417 secs] [Times: user=0.01 sys=0.00, real=0.00 secs] 
2569.284: [GC (Allocation Failure) [PSYoungGen: 61280K->1376K(61440K)] 464464K->404560K(658944K), 0.0026483 secs] [Times: user=0.01 sys=0.00, real=0.01 secs] 
2569.757: [GC (Allocation Failure) [PSYoungGen: 61280K->1344K(61440K)] 464464K->404536K(658944K), 0.0022011 secs] [Times: user=0.01 sys=0.00, real=0.00 secs] 
2570.928: [GC (Allocation Failure) [PSYoungGen: 61248K->896K(61440K)] 464440K->405112K(658944K), 0.0019065 secs] [Times: user=0.01 sys=0.00, real=0.00 secs] 
2571.177: [GC (Allocation Failure) [PSYoungGen: 60800K->384K(60928K)] 465016K->404608K(658432K), 0.0020944 secs] [Times: user=0.01 sys=0.00, real=0.00 secs] 
2571.544: [GC (Allocation Failure) [PSYoungGen: 59776K->320K(61440K)] 464000K->404544K(658944K), 0.0020337 secs] [Times: user=0.01 sys=0.00, real=0.00 secs] 
2571.791: [GC (Allocation Failure) [PSYoungGen: 59712K->320K(61440K)] 463936K->404544K(658944K), 0.0019622 secs] [Times: user=0.01 sys=0.00, real=0.00 secs] 
2572.038: [GC (Allocation Failure) [PSYoungGen: 59712K->352K(61440K)] 463936K->404576K(658944K), 0.0022696 secs] [Times: user=0.01 sys=0.00, real=0.00 secs] 
2573.139: [GC (Allocation Failure) [PSYoungGen: 59744K->1376K(61440K)] 463968K->405600K(658944K), 0.0018016 secs] [Times: user=0.01 sys=0.00, real=0.00 secs] 
2573.685: [GC (Allocation Failure) [PSYoungGen: 60768K->1376K(61440K)] 464992K->405600K(658944K), 0.0021161 secs] [Times: user=0.01 sys=0.00, real=0.01 secs] 
2574.375: [GC (Allocation Failure) [PSYoungGen: 60768K->1344K(61440K)] 464992K->405568K(658944K), 0.0026642 secs] [Times: user=0.01 sys=0.00, real=0.01 secs] 
2575.158: [GC (Allocation Failure) [PSYoungGen: 60736K->1344K(61440K)] 464960K->405568K(658944K), 0.0029448 secs] [Times: user=0.01 sys=0.00, real=0.00 secs] 
2575.889: [GC (Allocation Failure) [PSYoungGen: 60736K->1376K(61440K)] 464960K->405600K(658944K), 0.0030937 secs] [Times: user=0.01 sys=0.00, real=0.00 secs] 
2577.280: [GC (Allocation Failure) [PSYoungGen: 60768K->1408K(61440K)] 464992K->405632K(658944K), 0.0024676 secs] [Times: user=0.01 sys=0.00, real=0.00 secs] 
2577.806: [GC (Allocation Failure) [PSYoungGen: 60800K->1376K(61440K)] 465024K->405600K(658944K), 0.0023199 secs] [Times: user=0.01 sys=0.00, real=0.01 secs] 
2578.314: [GC (Allocation Failure) [PSYoungGen: 60768K->1376K(61440K)] 464992K->405600K(658944K), 0.0023737 secs] [Times: user=0.01 sys=0.00, real=0.01 secs] 
2579.100: [GC (Allocation Failure) [PSYoungGen: 60768K->1376K(61440K)] 464992K->405600K(658944K), 0.0036081 secs] [Times: user=0.01 sys=0.00, real=0.00 secs] 
2579.854: [GC (Allocation Failure) [PSYoungGen: 60768K->1344K(61440K)] 464992K->405584K(658944K), 0.0024543 secs] [Times: user=0.01 sys=0.00, real=0.01 secs] 
2582.153: [GC (Allocation Failure) [PSYoungGen: 60736K->1408K(61440K)] 464976K->405648K(658944K), 0.0028918 secs] [Times: user=0.02 sys=0.00, real=0.00 secs] 
2583.200: [GC (Allocation Failure) [PSYoungGen: 60800K->1312K(61440K)] 465040K->405552K(658944K), 0.0035346 secs] [Times: user=0.01 sys=0.00, real=0.00 secs] 
2584.345: [GC (Allocation Failure) [PSYoungGen: 60704K->1344K(61440K)] 464944K->405584K(658944K), 0.0042251 secs] [Times: user=0.02 sys=0.00, real=0.01 secs] 
2585.063: [GC (Allocation Failure) [PSYoungGen: 60736K->1360K(61440K)] 464976K->405600K(658944K), 0.0038519 secs] [Times: user=0.02 sys=0.00, real=0.01 secs] 
2586.396: [GC (Allocation Failure) [PSYoungGen: 60752K->1984K(61440K)] 464992K->406224K(658944K), 0.0019000 secs] [Times: user=0.01 sys=0.00, real=0.01 secs] 
2586.664: [GC (Allocation Failure) [PSYoungGen: 61376K->1376K(61440K)] 465616K->405616K(658944K), 0.0018165 secs] [Times: user=0.01 sys=0.00, real=0.00 secs] 
2586.931: [GC (Allocation Failure) [PSYoungGen: 60768K->1328K(61440K)] 465008K->405568K(658944K), 0.0020147 secs] [Times: user=0.01 sys=0.00, real=0.00 secs] 
2587.198: [GC (Allocation Failure) [PSYoungGen: 60720K->1376K(61440K)] 464960K->405616K(658944K), 0.0018852 secs] [Times: user=0.01 sys=0.00, real=0.00 secs] 
2587.582: [GC (Allocation Failure) [PSYoungGen: 60768K->1392K(61440K)] 465008K->405632K(658944K), 0.0019936 secs] [Times: user=0.01 sys=0.00, real=0.00 secs] 
2588.660: [GC (Allocation Failure) [PSYoungGen: 60784K->1408K(61440K)] 465024K->405648K(658944K), 0.0019416 secs] [Times: user=0.01 sys=0.00, real=0.00 secs] 
2588.907: [GC (Allocation Failure) [PSYoungGen: 60800K->1408K(61440K)] 465040K->405648K(658944K), 0.0019550 secs] [Times: user=0.01 sys=0.00, real=0.00 secs] 
2589.154: [GC (Allocation Failure) [PSYoungGen: 60800K->1344K(61440K)] 465040K->405584K(658944K), 0.0020488 secs] [Times: user=0.01 sys=0.00, real=0.00 secs] 
2589.423: [GC (Allocation Failure) [PSYoungGen: 60736K->1376K(61440K)] 464976K->405616K(658944K), 0.0019536 secs] [Times: user=0.01 sys=0.00, real=0.00 secs] 
2589.881: [GC (Allocation Failure) [PSYoungGen: 60768K->1376K(61440K)] 465008K->405616K(658944K), 0.0022276 secs] [Times: user=0.01 sys=0.00, real=0.00 secs] 
2590.993: [GC (Allocation Failure) [PSYoungGen: 60768K->1376K(61440K)] 465008K->405624K(658944K), 0.0019776 secs] [Times: user=0.01 sys=0.00, real=0.00 secs] 
2591.273: [GC (Allocation Failure) [PSYoungGen: 60768K->1376K(61440K)] 465016K->405632K(658944K), 0.0018599 secs] [Times: user=0.00 sys=0.00, real=0.00 secs] 
2591.843: [GC (Allocation Failure) [PSYoungGen: 60768K->1376K(61440K)] 465024K->405632K(658944K), 0.0025958 secs] [Times: user=0.01 sys=0.00, real=0.00 secs] 
2592.315: [GC (Allocation Failure) [PSYoungGen: 60768K->1376K(61440K)] 465024K->405632K(658944K), 0.0026175 secs] [Times: user=0.01 sys=0.00, real=0.01 secs] 
2592.842: [GC (Allocation Failure) [PSYoungGen: 60768K->1376K(61440K)] 465024K->405632K(658944K), 0.0037213 secs] [Times: user=0.02 sys=0.00, real=0.00 secs] 
2594.463: [GC (Allocation Failure) [PSYoungGen: 60768K->1376K(61440K)] 465024K->405632K(658944K), 0.0026326 secs] [Times: user=0.01 sys=0.00, real=0.00 secs] 
2595.398: [GC (Allocation Failure) [PSYoungGen: 60768K->1312K(61440K)] 465024K->405568K(658944K), 0.0042695 secs] [Times: user=0.02 sys=0.00, real=0.00 secs] 
2596.270: [GC (Allocation Failure) [PSYoungGen: 60704K->1376K(60928K)] 464960K->405632K(658432K), 0.0043909 secs] [Times: user=0.01 sys=0.00, real=0.00 secs] 
2596.937: [GC (Allocation Failure) [PSYoungGen: 60768K->1376K(60928K)] 465024K->405632K(658432K), 0.0035628 secs] [Times: user=0.02 sys=0.00, real=0.01 secs] 
2598.373: [GC (Allocation Failure) [PSYoungGen: 60768K->896K(60928K)] 465024K->406176K(658432K), 0.0028123 secs] [Times: user=0.01 sys=0.00, real=0.00 secs] 
2599.319: [GC (Allocation Failure) [PSYoungGen: 60288K->320K(61440K)] 465568K->405600K(658944K), 0.0032393 secs] [Times: user=0.02 sys=0.01, real=0.00 secs] 
2600.151: [GC (Allocation Failure) [PSYoungGen: 59712K->320K(61440K)] 464992K->405600K(658944K), 0.0032395 secs] [Times: user=0.02 sys=0.00, real=0.00 secs] 
2601.018: [GC (Allocation Failure) [PSYoungGen: 59712K->336K(61440K)] 464992K->405616K(658944K), 0.0032552 secs] [Times: user=0.01 sys=0.00, real=0.00 secs] 
2601.626: [GC (Allocation Failure) [PSYoungGen: 59728K->352K(61440K)] 465008K->405632K(658944K), 0.0033500 secs] [Times: user=0.01 sys=0.00, real=0.01 secs] 
2603.053: [GC (Allocation Failure) [PSYoungGen: 59744K->1440K(61440K)] 465024K->406728K(658944K), 0.0019634 secs] [Times: user=0.01 sys=0.00, real=0.00 secs] 
2603.633: [GC (Allocation Failure) [PSYoungGen: 60832K->1376K(61440K)] 466120K->406664K(658944K), 0.0028472 secs] [Times: user=0.01 sys=0.00, real=0.00 secs] 
2604.171: [GC (Allocation Failure) [PSYoungGen: 60768K->1376K(60928K)] 466056K->406664K(658432K), 0.0029263 secs] [Times: user=0.01 sys=0.01, real=0.00 secs] 
2604.839: [GC (Allocation Failure) [PSYoungGen: 60256K->1376K(61440K)] 465544K->406664K(658944K), 0.0028826 secs] [Times: user=0.01 sys=0.00, real=0.00 secs] 
2605.451: [GC (Allocation Failure) [PSYoungGen: 60256K->1376K(61440K)] 465544K->406664K(658944K), 0.0027230 secs] [Times: user=0.01 sys=0.00, real=0.00 secs] 
2607.072: [GC (Allocation Failure) [PSYoungGen: 60256K->1408K(61440K)] 465544K->406696K(658944K), 0.0029280 secs] [Times: user=0.02 sys=0.00, real=0.00 secs] 
2607.334: [GC (Allocation Failure) [PSYoungGen: 60288K->1344K(60416K)] 465576K->406632K(657920K), 0.0022180 secs] [Times: user=0.01 sys=0.00, real=0.00 secs] 
2607.591: [GC (Allocation Failure) [PSYoungGen: 60224K->1344K(60928K)] 465512K->406632K(658432K), 0.0021932 secs] [Times: user=0.01 sys=0.00, real=0.00 secs] 
2607.867: [GC (Allocation Failure) [PSYoungGen: 60224K->1376K(60928K)] 465512K->406664K(658432K), 0.0020693 secs] [Times: user=0.01 sys=0.00, real=0.00 secs] 
2608.112: [GC (Allocation Failure) [PSYoungGen: 60256K->1376K(60928K)] 465544K->406664K(658432K), 0.0020696 secs] [Times: user=0.01 sys=0.00, real=0.00 secs] 
2609.193: [GC (Allocation Failure) [PSYoungGen: 60256K->1376K(60928K)] 465544K->406664K(658432K), 0.0018680 secs] [Times: user=0.01 sys=0.00, real=0.00 secs] 
2609.676: [GC (Allocation Failure) [PSYoungGen: 60256K->1376K(60928K)] 465544K->406664K(658432K), 0.0020520 secs] [Times: user=0.01 sys=0.00, real=0.01 secs] 
2610.168: [GC (Allocation Failure) [PSYoungGen: 60256K->1344K(60928K)] 465544K->406640K(658432K), 0.0035403 secs] [Times: user=0.02 sys=0.00, real=0.00 secs] 
2610.592: [GC (Allocation Failure) [PSYoungGen: 60224K->1376K(60928K)] 465520K->406672K(658432K), 0.0026360 secs] [Times: user=0.01 sys=0.00, real=0.00 secs] 
2611.468: [GC (Allocation Failure) [PSYoungGen: 60256K->1373K(60928K)] 465552K->406670K(658432K), 0.0016771 secs] [Times: user=0.00 sys=0.00, real=0.00 secs] 
2613.201: [GC (Allocation Failure) [PSYoungGen: 60253K->1440K(60928K)] 465550K->406736K(658432K), 0.0034786 secs] [Times: user=0.01 sys=0.00, real=0.00 secs] 
2613.591: [GC (Allocation Failure) [PSYoungGen: 60320K->1408K(60928K)] 465616K->406704K(658432K), 0.0022895 secs] [Times: user=0.01 sys=0.00, real=0.00 secs] 
2613.837: [GC (Allocation Failure) [PSYoungGen: 60288K->1376K(60928K)] 465584K->406672K(658432K), 0.0030387 secs] [Times: user=0.01 sys=0.00, real=0.00 secs] 
2614.165: [GC (Allocation Failure) [PSYoungGen: 60256K->1344K(60928K)] 465552K->406640K(658432K), 0.0023053 secs] [Times: user=0.01 sys=0.00, real=0.01 secs] 
2615.545: [GC (Allocation Failure) [PSYoungGen: 60224K->1408K(60928K)] 465520K->406704K(658432K), 0.0045866 secs] [Times: user=0.01 sys=0.00, real=0.01 secs] 
2616.483: [GC (Allocation Failure) [PSYoungGen: 60288K->1376K(60928K)] 465584K->406672K(658432K), 0.0040921 secs] [Times: user=0.01 sys=0.00, real=0.01 secs] 
2617.044: [GC (Allocation Failure) [PSYoungGen: 60256K->1376K(60928K)] 465552K->406672K(658432K), 0.0030644 secs] [Times: user=0.02 sys=0.00, real=0.01 secs] 
2617.549: [GC (Allocation Failure) [PSYoungGen: 60256K->1344K(60928K)] 465552K->406640K(658432K), 0.0027406 secs] [Times: user=0.02 sys=0.00, real=0.00 secs] 
2617.830: [GC (Allocation Failure) [PSYoungGen: 60224K->1376K(60928K)] 465520K->406672K(658432K), 0.0021382 secs] [Times: user=0.01 sys=0.00, real=0.00 secs] 
2618.969: [GC (Allocation Failure) [PSYoungGen: 60256K->1376K(60928K)] 465552K->406672K(658432K), 0.0028661 secs] [Times: user=0.01 sys=0.00, real=0.00 secs] 
2619.464: [GC (Allocation Failure) [PSYoungGen: 60256K->1344K(60928K)] 465552K->406640K(658432K), 0.0029072 secs] [Times: user=0.01 sys=0.00, real=0.00 secs] 
2619.962: [GC (Allocation Failure) [PSYoungGen: 60224K->1360K(60928K)] 465520K->406664K(658432K), 0.0034536 secs] [Times: user=0.01 sys=0.00, real=0.00 secs] 
2620.220: [GC (Allocation Failure) [PSYoungGen: 60240K->1376K(60928K)] 465544K->406680K(658432K), 0.0021403 secs] [Times: user=0.01 sys=0.00, real=0.00 secs] 
2620.467: [GC (Allocation Failure) [PSYoungGen: 60256K->1376K(60928K)] 465560K->406680K(658432K), 0.0021548 secs] [Times: user=0.01 sys=0.00, real=0.00 secs] 
2621.689: [GC (Allocation Failure) [PSYoungGen: 60256K->1408K(60928K)] 465560K->406712K(658432K), 0.0016908 secs] [Times: user=0.01 sys=0.00, real=0.00 secs] 
2622.274: [GC (Allocation Failure) [PSYoungGen: 60288K->1344K(60416K)] 465592K->406648K(657920K), 0.0034786 secs] [Times: user=0.01 sys=0.00, real=0.01 secs] 
2622.630: [GC (Allocation Failure) [PSYoungGen: 60224K->1376K(60416K)] 465528K->406680K(657920K), 0.0022247 secs] [Times: user=0.00 sys=0.00, real=0.00 secs] 
2622.875: [GC (Allocation Failure) [PSYoungGen: 60256K->320K(59904K)] 465560K->406648K(657408K), 0.0020457 secs] [Times: user=0.01 sys=0.00, real=0.01 secs] 
2623.165: [GC (Allocation Failure) [PSYoungGen: 59200K->384K(60928K)] 465528K->406712K(658432K), 0.0020534 secs] [Times: user=0.00 sys=0.00, real=0.01 secs] 
2624.098: [GC (Allocation Failure) [PSYoungGen: 59264K->1440K(60928K)] 465592K->407768K(658432K), 0.0019020 secs] [Times: user=0.01 sys=0.00, real=0.00 secs] 
2624.445: [GC (Allocation Failure) [PSYoungGen: 60320K->1376K(60928K)] 466648K->407704K(658432K), 0.0019225 secs] [Times: user=0.00 sys=0.00, real=0.01 secs] 
2624.866: [GC (Allocation Failure) [PSYoungGen: 60256K->1344K(60928K)] 466584K->407672K(658432K), 0.0025074 secs] [Times: user=0.01 sys=0.00, real=0.01 secs] 
2625.310: [GC (Allocation Failure) [PSYoungGen: 60224K->1376K(60928K)] 466552K->407704K(658432K), 0.0026477 secs] [Times: user=0.02 sys=0.00, real=0.00 secs] 
2626.529: [GC (Allocation Failure) [PSYoungGen: 60256K->1440K(60928K)] 466584K->407768K(658432K), 0.0022172 secs] [Times: user=0.01 sys=0.00, real=0.00 secs] 
2627.418: [GC (Allocation Failure) [PSYoungGen: 60320K->1328K(60928K)] 466648K->407656K(658432K), 0.0026419 secs] [Times: user=0.01 sys=0.00, real=0.00 secs] 
2628.144: [GC (Allocation Failure) [PSYoungGen: 60208K->1344K(60928K)] 466536K->407688K(658432K), 0.0028556 secs] [Times: user=0.01 sys=0.00, real=0.00 secs] 
2629.022: [GC (Allocation Failure) [PSYoungGen: 60224K->1344K(60928K)] 466568K->407688K(658432K), 0.0033488 secs] [Times: user=0.01 sys=0.00, real=0.00 secs] 
2631.184: [GC (Allocation Failure) [PSYoungGen: 60224K->1376K(60928K)] 466568K->407720K(658432K), 0.0031577 secs] [Times: user=0.02 sys=0.00, real=0.01 secs] 
2632.050: [GC (Allocation Failure) [PSYoungGen: 60256K->1312K(60928K)] 466600K->407656K(658432K), 0.0032381 secs] [Times: user=0.01 sys=0.00, real=0.00 secs] 
2632.716: [GC (Allocation Failure) [PSYoungGen: 60192K->1280K(60928K)] 466536K->407624K(658432K), 0.0032819 secs] [Times: user=0.01 sys=0.00, real=0.01 secs] 
2633.270: [GC (Allocation Failure) [PSYoungGen: 60160K->1312K(60928K)] 466504K->407656K(658432K), 0.0035680 secs] [Times: user=0.01 sys=0.00, real=0.00 secs] 
2634.455: [GC (Allocation Failure) [PSYoungGen: 60192K->1408K(60928K)] 466536K->407752K(658432K), 0.0019638 secs] [Times: user=0.01 sys=0.00, real=0.01 secs] 
2634.902: [GC (Allocation Failure) [PSYoungGen: 60288K->1360K(60928K)] 466632K->407704K(658432K), 0.0033192 secs] [Times: user=0.01 sys=0.00, real=0.00 secs] 
2635.382: [GC (Allocation Failure) [PSYoungGen: 60240K->1344K(60928K)] 466584K->407688K(658432K), 0.0031066 secs] [Times: user=0.01 sys=0.00, real=0.00 secs] 
2635.931: [GC (Allocation Failure) [PSYoungGen: 60224K->1344K(60928K)] 466568K->407688K(658432K), 0.0033486 secs] [Times: user=0.01 sys=0.01, real=0.00 secs] 
2636.607: [GC (Allocation Failure) [PSYoungGen: 60224K->1360K(60928K)] 466568K->407704K(658432K), 0.0025717 secs] [Times: user=0.01 sys=0.00, real=0.00 secs] 
2637.996: [GC (Allocation Failure) [PSYoungGen: 60240K->1440K(60928K)] 466584K->407784K(658432K), 0.0017151 secs] [Times: user=0.01 sys=0.00, real=0.01 secs] 
2638.240: [GC (Allocation Failure) [PSYoungGen: 60320K->1328K(60928K)] 466664K->407672K(658432K), 0.0018494 secs] [Times: user=0.00 sys=0.00, real=0.00 secs] 
2638.485: [GC (Allocation Failure) [PSYoungGen: 60208K->1408K(60928K)] 466552K->407768K(658432K), 0.0043905 secs] [Times: user=0.02 sys=0.00, real=0.01 secs] 
2638.732: [GC (Allocation Failure) [PSYoungGen: 60288K->1392K(60928K)] 466648K->407752K(658432K), 0.0017606 secs] [Times: user=0.01 sys=0.00, real=0.00 secs] 
2638.982: [GC (Allocation Failure) [PSYoungGen: 60272K->1344K(60928K)] 466632K->407704K(658432K), 0.0026395 secs] [Times: user=0.01 sys=0.00, real=0.00 secs] 
2640.576: [GC (Allocation Failure) [PSYoungGen: 60224K->1408K(60928K)] 466584K->407768K(658432K), 0.0038879 secs] [Times: user=0.02 sys=0.00, real=0.01 secs] 
2641.175: [GC (Allocation Failure) [PSYoungGen: 60288K->1392K(60928K)] 466648K->407760K(658432K), 0.0034424 secs] [Times: user=0.01 sys=0.01, real=0.01 secs] 
2641.761: [GC (Allocation Failure) [PSYoungGen: 60272K->1360K(60416K)] 466640K->407728K(657920K), 0.0036259 secs] [Times: user=0.01 sys=0.00, real=0.00 secs] 
2642.512: [GC (Allocation Failure) [PSYoungGen: 60240K->1408K(60416K)] 466608K->407776K(657920K), 0.0036603 secs] [Times: user=0.02 sys=0.00, real=0.00 secs] 
2643.163: [GC (Allocation Failure) [PSYoungGen: 60288K->352K(59904K)] 466656K->407744K(657408K), 0.0039026 secs] [Times: user=0.02 sys=0.00, real=0.01 secs] 
2645.527: [GC (Allocation Failure) [PSYoungGen: 59232K->1408K(60928K)] 466624K->408800K(658432K), 0.0026397 secs] [Times: user=0.01 sys=0.00, real=0.00 secs] 
2646.085: [GC (Allocation Failure) [PSYoungGen: 60288K->1344K(60928K)] 467680K->408736K(658432K), 0.0028650 secs] [Times: user=0.02 sys=0.00, real=0.01 secs] 
2646.737: [GC (Allocation Failure) [PSYoungGen: 60224K->1376K(60928K)] 467616K->408768K(658432K), 0.0026890 secs] [Times: user=0.01 sys=0.00, real=0.00 secs] 
2647.510: [GC (Allocation Failure) [PSYoungGen: 60256K->1376K(60928K)] 467648K->408768K(658432K), 0.0025666 secs] [Times: user=0.01 sys=0.00, real=0.00 secs] 
2648.482: [GC (Allocation Failure) [PSYoungGen: 60256K->1408K(60928K)] 467648K->408800K(658432K), 0.0026055 secs] [Times: user=0.01 sys=0.00, real=0.00 secs] 
2649.523: [GC (Allocation Failure) [PSYoungGen: 60288K->1408K(60928K)] 467680K->408800K(658432K), 0.0019803 secs] [Times: user=0.01 sys=0.00, real=0.00 secs] 
2649.768: [GC (Allocation Failure) [PSYoungGen: 60288K->1376K(60928K)] 467680K->408768K(658432K), 0.0019144 secs] [Times: user=0.00 sys=0.00, real=0.00 secs] 
2650.013: [GC (Allocation Failure) [PSYoungGen: 60256K->1408K(60928K)] 467648K->408800K(658432K), 0.0019853 secs] [Times: user=0.01 sys=0.00, real=0.00 secs] 
2650.258: [GC (Allocation Failure) [PSYoungGen: 60288K->1344K(60928K)] 467680K->408736K(658432K), 0.0018095 secs] [Times: user=0.00 sys=0.00, real=0.00 secs] 
2651.312: [GC (Allocation Failure) [PSYoungGen: 60224K->1696K(60928K)] 467616K->409088K(658432K), 0.0016952 secs] [Times: user=0.01 sys=0.00, real=0.00 secs] 
2651.601: [GC (Allocation Failure) [PSYoungGen: 60576K->1408K(60928K)] 467968K->408808K(658432K), 0.0017104 secs] [Times: user=0.00 sys=0.01, real=0.00 secs] 
2651.885: [GC (Allocation Failure) [PSYoungGen: 60288K->1376K(60928K)] 467688K->408776K(658432K), 0.0021037 secs] [Times: user=0.01 sys=0.00, real=0.01 secs] 
2652.131: [GC (Allocation Failure) [PSYoungGen: 60256K->1360K(60928K)] 467656K->408760K(658432K), 0.0022872 secs] [Times: user=0.01 sys=0.00, real=0.00 secs] 
2652.419: [GC (Allocation Failure) [PSYoungGen: 60240K->1344K(60928K)] 467640K->408752K(658432K), 0.0022832 secs] [Times: user=0.01 sys=0.00, real=0.00 secs] 
2653.433: [GC (Allocation Failure) [PSYoungGen: 60224K->1408K(60928K)] 467632K->408816K(658432K), 0.0019341 secs] [Times: user=0.01 sys=0.00, real=0.00 secs] 
2653.685: [GC (Allocation Failure) [PSYoungGen: 60288K->1376K(60928K)] 467696K->408792K(658432K), 0.0019705 secs] [Times: user=0.00 sys=0.00, real=0.01 secs] 
2653.990: [GC (Allocation Failure) [PSYoungGen: 60256K->1376K(60928K)] 467672K->408792K(658432K), 0.0025974 secs] [Times: user=0.01 sys=0.00, real=0.00 secs] 
2654.236: [GC (Allocation Failure) [PSYoungGen: 60256K->1376K(60928K)] 467672K->408792K(658432K), 0.0025732 secs] [Times: user=0.01 sys=0.00, real=0.01 secs] 
2654.515: [GC (Allocation Failure) [PSYoungGen: 60256K->1408K(60928K)] 467672K->408824K(658432K), 0.0020984 secs] [Times: user=0.01 sys=0.00, real=0.01 secs] 
2655.770: [GC (Allocation Failure) [PSYoungGen: 60288K->1376K(60416K)] 467704K->408792K(657920K), 0.0022743 secs] [Times: user=0.01 sys=0.00, real=0.00 secs] 
2656.775: [GC (Allocation Failure) [PSYoungGen: 60256K->1344K(60416K)] 467672K->408784K(657920K), 0.0048876 secs] [Times: user=0.02 sys=0.01, real=0.01 secs] 
2657.409: [GC (Allocation Failure) [PSYoungGen: 60224K->352K(59904K)] 467664K->408816K(657408K), 0.0037332 secs] [Times: user=0.01 sys=0.00, real=0.00 secs] 
2658.003: [GC (Allocation Failure) [PSYoungGen: 59232K->320K(60928K)] 467696K->408784K(658432K), 0.0034374 secs] [Times: user=0.01 sys=0.00, real=0.00 secs] 
2658.604: [GC (Allocation Failure) [PSYoungGen: 59200K->352K(60928K)] 467664K->408824K(658432K), 0.0034853 secs] [Times: user=0.01 sys=0.00, real=0.01 secs] 
2659.754: [GC (Allocation Failure) [PSYoungGen: 59232K->1408K(60928K)] 467704K->409880K(658432K), 0.0018929 secs] [Times: user=0.01 sys=0.00, real=0.00 secs] 
2659.998: [GC (Allocation Failure) [PSYoungGen: 60288K->1376K(60928K)] 468760K->409848K(658432K), 0.0018269 secs] [Times: user=0.00 sys=0.00, real=0.00 secs] 
2660.243: [GC (Allocation Failure) [PSYoungGen: 60256K->1376K(60928K)] 468728K->409848K(658432K), 0.0019045 secs] [Times: user=0.01 sys=0.00, real=0.00 secs] 
2660.629: [GC (Allocation Failure) [PSYoungGen: 60256K->1360K(60928K)] 468728K->409832K(658432K), 0.0017209 secs] [Times: user=0.01 sys=0.00, real=0.00 secs] 
2661.070: [GC (Allocation Failure) [PSYoungGen: 60240K->1376K(60928K)] 468712K->409848K(658432K), 0.0025735 secs] [Times: user=0.01 sys=0.00, real=0.00 secs] 
2662.334: [GC (Allocation Failure) [PSYoungGen: 60256K->1408K(60928K)] 468728K->409880K(658432K), 0.0026752 secs] [Times: user=0.01 sys=0.00, real=0.00 secs] 
2662.826: [GC (Allocation Failure) [PSYoungGen: 60288K->1376K(60928K)] 468760K->409848K(658432K), 0.0026390 secs] [Times: user=0.01 sys=0.00, real=0.01 secs] 
2663.277: [GC (Allocation Failure) [PSYoungGen: 60256K->1376K(60928K)] 468728K->409848K(658432K), 0.0026365 secs] [Times: user=0.01 sys=0.00, real=0.01 secs] 
2663.749: [GC (Allocation Failure) [PSYoungGen: 60256K->1408K(60928K)] 468728K->409880K(658432K), 0.0026943 secs] [Times: user=0.01 sys=0.00, real=0.00 secs] 
2664.970: [GC (Allocation Failure) [PSYoungGen: 60099K->1952K(60416K)] 468572K->410424K(657920K), 0.0019069 secs] [Times: user=0.00 sys=0.01, real=0.00 secs] 
2665.219: [GC (Allocation Failure) [PSYoungGen: 60320K->1344K(59904K)] 468792K->409816K(657408K), 0.0019928 secs] [Times: user=0.01 sys=0.00, real=0.00 secs] 
2665.462: [GC (Allocation Failure) [PSYoungGen: 59712K->1376K(60416K)] 468184K->409848K(657920K), 0.0017752 secs] [Times: user=0.01 sys=0.00, real=0.00 secs] 
2665.703: [GC (Allocation Failure) [PSYoungGen: 59744K->1376K(60416K)] 468216K->409848K(657920K), 0.0017139 secs] [Times: user=0.01 sys=0.00, real=0.00 secs] 
2666.084: [GC (Allocation Failure) [PSYoungGen: 59744K->1344K(60416K)] 468216K->409816K(657920K), 0.0020436 secs] [Times: user=0.01 sys=0.00, real=0.00 secs] 
2667.253: [GC (Allocation Failure) [PSYoungGen: 59712K->1440K(60416K)] 468184K->409912K(657920K), 0.0018331 secs] [Times: user=0.01 sys=0.00, real=0.00 secs] 
2667.602: [GC (Allocation Failure) [PSYoungGen: 59808K->1392K(60416K)] 468280K->409880K(657920K), 0.0016426 secs] [Times: user=0.01 sys=0.00, real=0.00 secs] 
2668.007: [GC (Allocation Failure) [PSYoungGen: 59760K->1408K(60416K)] 468248K->409896K(657920K), 0.0019171 secs] [Times: user=0.01 sys=0.01, real=0.00 secs] 
2668.492: [GC (Allocation Failure) [PSYoungGen: 59776K->1376K(60416K)] 468264K->409864K(657920K), 0.0020808 secs] [Times: user=0.01 sys=0.00, real=0.00 secs] 
2668.999: [GC (Allocation Failure) [PSYoungGen: 59744K->1344K(60416K)] 468232K->409832K(657920K), 0.0022336 secs] [Times: user=0.01 sys=0.00, real=0.00 secs] 
2670.470: [GC (Allocation Failure) [PSYoungGen: 59712K->1424K(60416K)] 468200K->409912K(657920K), 0.0017463 secs] [Times: user=0.01 sys=0.00, real=0.00 secs] 
2671.367: [GC (Allocation Failure) [PSYoungGen: 59792K->1312K(60416K)] 468280K->409800K(657920K), 0.0025795 secs] [Times: user=0.01 sys=0.00, real=0.00 secs] 
2672.279: [GC (Allocation Failure) [PSYoungGen: 59680K->1344K(60416K)] 468168K->409832K(657920K), 0.0044076 secs] [Times: user=0.02 sys=0.00, real=0.00 secs] 
2673.080: [GC (Allocation Failure) [PSYoungGen: 59712K->1344K(60416K)] 468200K->409832K(657920K), 0.0043561 secs] [Times: user=0.02 sys=0.00, real=0.00 secs] 
2674.103: [GC (Allocation Failure) [PSYoungGen: 59712K->1376K(60416K)] 468200K->409864K(657920K), 0.0042862 secs] [Times: user=0.02 sys=0.00, real=0.01 secs] 
2675.621: [GC (Allocation Failure) [PSYoungGen: 59744K->1408K(60416K)] 468232K->409896K(657920K), 0.0017098 secs] [Times: user=0.00 sys=0.00, real=0.00 secs] 
2676.080: [GC (Allocation Failure) [PSYoungGen: 59776K->1344K(60416K)] 468264K->409832K(657920K), 0.0022517 secs] [Times: user=0.01 sys=0.00, real=0.00 secs] 
2676.492: [GC (Allocation Failure) [PSYoungGen: 59712K->1376K(60416K)] 468200K->409864K(657920K), 0.0033474 secs] [Times: user=0.01 sys=0.00, real=0.00 secs] 
2677.010: [GC (Allocation Failure) [PSYoungGen: 59744K->1376K(60416K)] 468232K->409864K(657920K), 0.0030189 secs] [Times: user=0.01 sys=0.00, real=0.00 secs] 
2677.563: [GC (Allocation Failure) [PSYoungGen: 59744K->1344K(59904K)] 468232K->409832K(657408K), 0.0045964 secs] [Times: user=0.02 sys=0.00, real=0.01 secs] 
2678.712: [GC (Allocation Failure) [PSYoungGen: 59712K->1408K(59904K)] 468200K->409904K(657408K), 0.0018997 secs] [Times: user=0.00 sys=0.00, real=0.00 secs] 
2678.962: [GC (Allocation Failure) [PSYoungGen: 59776K->1376K(59904K)] 468272K->409872K(657408K), 0.0018509 secs] [Times: user=0.00 sys=0.00, real=0.00 secs] 
2679.217: [GC (Allocation Failure) [PSYoungGen: 59744K->1376K(59904K)] 468240K->409872K(657408K), 0.0027878 secs] [Times: user=0.01 sys=0.00, real=0.00 secs] 
2679.461: [GC (Allocation Failure) [PSYoungGen: 59744K->1376K(59904K)] 468240K->409872K(657408K), 0.0028547 secs] [Times: user=0.01 sys=0.00, real=0.00 secs] 
2679.837: [GC (Allocation Failure) [PSYoungGen: 59744K->1344K(59904K)] 468240K->409840K(657408K), 0.0029794 secs] [Times: user=0.01 sys=0.00, real=0.00 secs] 
2680.812: [GC (Allocation Failure) [PSYoungGen: 59712K->1440K(59904K)] 468208K->409944K(657408K), 0.0018235 secs] [Times: user=0.00 sys=0.00, real=0.00 secs] 
2681.054: [GC (Allocation Failure) [PSYoungGen: 59808K->1344K(59904K)] 468312K->409848K(657408K), 0.0018174 secs] [Times: user=0.01 sys=0.00, real=0.00 secs] 
2681.300: [GC (Allocation Failure) [PSYoungGen: 59712K->1376K(59904K)] 468216K->409880K(657408K), 0.0033196 secs] [Times: user=0.01 sys=0.00, real=0.00 secs] 
2681.539: [GC (Allocation Failure) [PSYoungGen: 59744K->1376K(59904K)] 468248K->409880K(657408K), 0.0025040 secs] [Times: user=0.01 sys=0.01, real=0.00 secs] 
2682.482: [GC (Allocation Failure) [PSYoungGen: 59683K->1504K(59904K)] 468188K->410008K(657408K), 0.0017264 secs] [Times: user=0.00 sys=0.00, real=0.00 secs] 
2682.721: [GC (Allocation Failure) [PSYoungGen: 59872K->1376K(59904K)] 468376K->409880K(657408K), 0.0018492 secs] [Times: user=0.01 sys=0.00, real=0.00 secs] 
2683.033: [GC (Allocation Failure) [PSYoungGen: 59744K->1344K(59904K)] 468248K->409848K(657408K), 0.0019297 secs] [Times: user=0.00 sys=0.00, real=0.00 secs] 
2683.420: [GC (Allocation Failure) [PSYoungGen: 59712K->1376K(59904K)] 468216K->409880K(657408K), 0.0018507 secs] [Times: user=0.00 sys=0.00, real=0.00 secs] 
2683.813: [GC (Allocation Failure) [PSYoungGen: 59744K->1344K(59904K)] 468248K->409848K(657408K), 0.0022876 secs] [Times: user=0.01 sys=0.00, real=0.00 secs] 
2685.108: [GC (Allocation Failure) [PSYoungGen: 59712K->1376K(59904K)] 468216K->409880K(657408K), 0.0021008 secs] [Times: user=0.01 sys=0.00, real=0.00 secs] 
2685.435: [GC (Allocation Failure) [PSYoungGen: 59744K->1376K(59904K)] 468248K->409880K(657408K), 0.0023665 secs] [Times: user=0.01 sys=0.00, real=0.01 secs] 
2685.689: [GC (Allocation Failure) [PSYoungGen: 59744K->1376K(59904K)] 468248K->409880K(657408K), 0.0020385 secs] [Times: user=0.01 sys=0.00, real=0.00 secs] 
2686.043: [GC (Allocation Failure) [PSYoungGen: 59744K->1408K(59904K)] 468248K->409912K(657408K), 0.0021214 secs] [Times: user=0.01 sys=0.00, real=0.00 secs] 
2686.558: [GC (Allocation Failure) [PSYoungGen: 59776K->1312K(59904K)] 468280K->409832K(657408K), 0.0029412 secs] [Times: user=0.01 sys=0.00, real=0.00 secs] 
2687.850: [GC (Allocation Failure) [PSYoungGen: 59680K->1424K(59904K)] 468200K->409944K(657408K), 0.0019773 secs] [Times: user=0.01 sys=0.00, real=0.00 secs] 
2688.150: [GC (Allocation Failure) [PSYoungGen: 59792K->1312K(59904K)] 468312K->409832K(657408K), 0.0020173 secs] [Times: user=0.00 sys=0.00, real=0.00 secs] 
2688.396: [GC (Allocation Failure) [PSYoungGen: 59680K->1376K(59904K)] 468200K->409896K(657408K), 0.0019565 secs] [Times: user=0.01 sys=0.00, real=0.01 secs] 
2688.645: [GC (Allocation Failure) [PSYoungGen: 59744K->1376K(59904K)] 468264K->409896K(657408K), 0.0020159 secs] [Times: user=0.00 sys=0.00, real=0.01 secs] 
2688.888: [GC (Allocation Failure) [PSYoungGen: 59744K->1328K(59904K)] 468264K->409848K(657408K), 0.0019777 secs] [Times: user=0.00 sys=0.00, real=0.00 secs] 
2690.016: [GC (Allocation Failure) [PSYoungGen: 59696K->1408K(59904K)] 468216K->409928K(657408K), 0.0028942 secs] [Times: user=0.01 sys=0.00, real=0.01 secs] 
2690.528: [GC (Allocation Failure) [PSYoungGen: 59776K->1408K(59904K)] 468296K->409928K(657408K), 0.0027465 secs] [Times: user=0.01 sys=0.00, real=0.00 secs] 
2690.873: [GC (Allocation Failure) [PSYoungGen: 59776K->1376K(59904K)] 468296K->409896K(657408K), 0.0022476 secs] [Times: user=0.01 sys=0.00, real=0.00 secs] 
2691.115: [GC (Allocation Failure) [PSYoungGen: 59744K->1376K(59904K)] 468264K->409896K(657408K), 0.0022442 secs] [Times: user=0.01 sys=0.01, real=0.01 secs] 
2691.484: [GC (Allocation Failure) [PSYoungGen: 59744K->1376K(59904K)] 468264K->409896K(657408K), 0.0022988 secs] [Times: user=0.01 sys=0.00, real=0.00 secs] 
2692.750: [GC (Allocation Failure) [PSYoungGen: 59744K->1392K(59904K)] 468264K->409920K(657408K), 0.0018712 secs] [Times: user=0.01 sys=0.00, real=0.00 secs] 
2693.220: [GC (Allocation Failure) [PSYoungGen: 59760K->1408K(59904K)] 468288K->409936K(657408K), 0.0021330 secs] [Times: user=0.00 sys=0.00, real=0.00 secs] 
2693.463: [GC (Allocation Failure) [PSYoungGen: 59776K->1408K(59904K)] 468304K->409936K(657408K), 0.0021405 secs] [Times: user=0.01 sys=0.00, real=0.00 secs] 
2693.706: [GC (Allocation Failure) [PSYoungGen: 59776K->1360K(59904K)] 468304K->409888K(657408K), 0.0021252 secs] [Times: user=0.01 sys=0.00, real=0.01 secs] 
2693.949: [GC (Allocation Failure) [PSYoungGen: 59728K->1376K(59904K)] 468256K->409904K(657408K), 0.0019380 secs] [Times: user=0.01 sys=0.00, real=0.00 secs] 
2696.063: [GC (Allocation Failure) [PSYoungGen: 59744K->1392K(59904K)] 468272K->409920K(657408K), 0.0044168 secs] [Times: user=0.01 sys=0.00, real=0.01 secs] 
2696.930: [GC (Allocation Failure) [PSYoungGen: 59760K->1376K(59904K)] 468288K->409904K(657408K), 0.0034523 secs] [Times: user=0.02 sys=0.00, real=0.00 secs] 
2697.181: [GC (Allocation Failure) [PSYoungGen: 59744K->1344K(59904K)] 468272K->409872K(657408K), 0.0022536 secs] [Times: user=0.01 sys=0.00, real=0.00 secs] 
2697.513: [GC (Allocation Failure) [PSYoungGen: 59712K->1376K(59904K)] 468240K->409904K(657408K), 0.0022423 secs] [Times: user=0.01 sys=0.00, real=0.00 secs] 
2698.897: [GC (Allocation Failure) [PSYoungGen: 59744K->1440K(59904K)] 468272K->409968K(657408K), 0.0021611 secs] [Times: user=0.01 sys=0.00, real=0.00 secs] 
2700.231: [GC (Allocation Failure) [PSYoungGen: 59808K->1344K(59904K)] 468336K->409880K(657408K), 0.0040675 secs] [Times: user=0.01 sys=0.00, real=0.00 secs] 
2700.696: [GC (Allocation Failure) [PSYoungGen: 59712K->1376K(59904K)] 468248K->409912K(657408K), 0.0027949 secs] [Times: user=0.01 sys=0.00, real=0.01 secs] 
2701.064: [GC (Allocation Failure) [PSYoungGen: 59744K->1376K(59904K)] 468280K->409912K(657408K), 0.0021775 secs] [Times: user=0.01 sys=0.00, real=0.00 secs] 
2701.408: [GC (Allocation Failure) [PSYoungGen: 59744K->1376K(59904K)] 468280K->409912K(657408K), 0.0021305 secs] [Times: user=0.01 sys=0.00, real=0.00 secs] 
2702.837: [GC (Allocation Failure) [PSYoungGen: 59744K->1408K(59904K)] 468280K->409944K(657408K), 0.0018091 secs] [Times: user=0.00 sys=0.00, real=0.00 secs] 
2703.322: [GC (Allocation Failure) [PSYoungGen: 59776K->1376K(59904K)] 468312K->409912K(657408K), 0.0023783 secs] [Times: user=0.01 sys=0.00, real=0.00 secs] 
2703.918: [GC (Allocation Failure) [PSYoungGen: 59744K->1344K(59904K)] 468280K->409880K(657408K), 0.0039225 secs] [Times: user=0.02 sys=0.00, real=0.00 secs] 
2704.455: [GC (Allocation Failure) [PSYoungGen: 59712K->1344K(59904K)] 468248K->409880K(657408K), 0.0026449 secs] [Times: user=0.01 sys=0.00, real=0.01 secs] 
2704.884: [GC (Allocation Failure) [PSYoungGen: 59712K->1344K(59904K)] 468248K->409880K(657408K), 0.0027186 secs] [Times: user=0.01 sys=0.00, real=0.00 secs] 
2706.578: [GC (Allocation Failure) [PSYoungGen: 59712K->1376K(59904K)] 468248K->409912K(657408K), 0.0043963 secs] [Times: user=0.02 sys=0.00, real=0.00 secs] 
2707.465: [GC (Allocation Failure) [PSYoungGen: 59744K->1312K(59904K)] 468280K->409848K(657408K), 0.0035020 secs] [Times: user=0.02 sys=0.00, real=0.01 secs] 
2707.987: [GC (Allocation Failure) [PSYoungGen: 59680K->1376K(59904K)] 468216K->409912K(657408K), 0.0032707 secs] [Times: user=0.01 sys=0.00, real=0.00 secs] 
2708.797: [GC (Allocation Failure) [PSYoungGen: 59744K->1344K(59904K)] 468280K->409880K(657408K), 0.0034200 secs] [Times: user=0.01 sys=0.00, real=0.00 secs] 
2709.622: [GC (Allocation Failure) [PSYoungGen: 59712K->1344K(59904K)] 468248K->409880K(657408K), 0.0029203 secs] [Times: user=0.01 sys=0.00, real=0.00 secs] 
2711.025: [GC (Allocation Failure) [PSYoungGen: 59712K->1376K(59904K)] 468248K->409912K(657408K), 0.0039776 secs] [Times: user=0.02 sys=0.00, real=0.01 secs] 
2711.566: [GC (Allocation Failure) [PSYoungGen: 59744K->1376K(59904K)] 468280K->409920K(657408K), 0.0020380 secs] [Times: user=0.01 sys=0.00, real=0.01 secs] 
2712.118: [GC (Allocation Failure) [PSYoungGen: 59744K->1376K(59904K)] 468288K->409920K(657408K), 0.0020625 secs] [Times: user=0.01 sys=0.00, real=0.00 secs] 
2712.466: [GC (Allocation Failure) [PSYoungGen: 59744K->1344K(59904K)] 468288K->409888K(657408K), 0.0029397 secs] [Times: user=0.01 sys=0.00, real=0.01 secs] 
2712.704: [GC (Allocation Failure) [PSYoungGen: 59712K->1376K(59904K)] 468256K->409920K(657408K), 0.0027604 secs] [Times: user=0.01 sys=0.00, real=0.01 secs] 
2714.257: [GC (Allocation Failure) [PSYoungGen: 59744K->1408K(59904K)] 468288K->409952K(657408K), 0.0022855 secs] [Times: user=0.01 sys=0.00, real=0.01 secs] 
2714.765: [GC (Allocation Failure) [PSYoungGen: 59776K->1312K(59904K)] 468320K->409856K(657408K), 0.0033964 secs] [Times: user=0.02 sys=0.00, real=0.01 secs] 
2715.210: [GC (Allocation Failure) [PSYoungGen: 59680K->1376K(59904K)] 468224K->409920K(657408K), 0.0032772 secs] [Times: user=0.01 sys=0.00, real=0.00 secs] 
2715.661: [GC (Allocation Failure) [PSYoungGen: 59744K->1360K(59904K)] 468288K->409904K(657408K), 0.0028573 secs] [Times: user=0.01 sys=0.00, real=0.00 secs] 
2716.008: [GC (Allocation Failure) [PSYoungGen: 59728K->1376K(59904K)] 468272K->409920K(657408K), 0.0021990 secs] [Times: user=0.01 sys=0.00, real=0.00 secs] 
2717.168: [GC (Allocation Failure) [PSYoungGen: 59744K->1408K(59904K)] 468288K->409952K(657408K), 0.0021740 secs] [Times: user=0.01 sys=0.00, real=0.00 secs] 
2717.445: [GC (Allocation Failure) [PSYoungGen: 59776K->1376K(59904K)] 468320K->409920K(657408K), 0.0029441 secs] [Times: user=0.01 sys=0.00, real=0.01 secs] 
2717.693: [GC (Allocation Failure) [PSYoungGen: 59744K->1376K(59904K)] 468288K->409920K(657408K), 0.0023833 secs] [Times: user=0.01 sys=0.00, real=0.00 secs] 
2718.254: [GC (Allocation Failure) [PSYoungGen: 59744K->1344K(59904K)] 468288K->409888K(657408K), 0.0029450 secs] [Times: user=0.02 sys=0.00, real=0.01 secs] 
2719.567: [GC (Allocation Failure) [PSYoungGen: 59628K->224K(59904K)] 468173K->408776K(657408K), 0.0016202 secs] [Times: user=0.01 sys=0.00, real=0.00 secs] 
2720.031: [GC (Allocation Failure) [PSYoungGen: 58592K->1344K(60416K)] 467144K->409896K(657920K), 0.0020219 secs] [Times: user=0.01 sys=0.00, real=0.00 secs] 
2720.665: [GC (Allocation Failure) [PSYoungGen: 59712K->1376K(60416K)] 468264K->409928K(657920K), 0.0042897 secs] [Times: user=0.02 sys=0.00, real=0.01 secs] 
2721.393: [GC (Allocation Failure) [PSYoungGen: 59744K->1376K(60416K)] 468296K->409928K(657920K), 0.0035300 secs] [Times: user=0.01 sys=0.00, real=0.01 secs] 
2722.192: [GC (Allocation Failure) [PSYoungGen: 59744K->1376K(60416K)] 468296K->409928K(657920K), 0.0037800 secs] [Times: user=0.02 sys=0.00, real=0.00 secs] 
2723.756: [GC (Allocation Failure) [PSYoungGen: 59744K->1440K(60416K)] 468296K->409992K(657920K), 0.0020199 secs] [Times: user=0.01 sys=0.00, real=0.01 secs] 
2724.265: [GC (Allocation Failure) [PSYoungGen: 59808K->1376K(60416K)] 468360K->409928K(657920K), 0.0021424 secs] [Times: user=0.01 sys=0.00, real=0.01 secs] 
2724.868: [GC (Allocation Failure) [PSYoungGen: 59744K->1376K(60416K)] 468296K->409928K(657920K), 0.0041025 secs] [Times: user=0.01 sys=0.00, real=0.00 secs] 
2725.424: [GC (Allocation Failure) [PSYoungGen: 59744K->1376K(60416K)] 468296K->409928K(657920K), 0.0037113 secs] [Times: user=0.02 sys=0.00, real=0.01 secs] 
2725.939: [GC (Allocation Failure) [PSYoungGen: 59744K->1376K(60416K)] 468296K->409928K(657920K), 0.0034127 secs] [Times: user=0.01 sys=0.00, real=0.00 secs] 
2727.514: [GC (Allocation Failure) [PSYoungGen: 59744K->1376K(60416K)] 468296K->409928K(657920K), 0.0033379 secs] [Times: user=0.01 sys=0.00, real=0.01 secs] 
2728.082: [GC (Allocation Failure) [PSYoungGen: 59744K->1344K(60416K)] 468296K->409904K(657920K), 0.0035717 secs] [Times: user=0.02 sys=0.00, real=0.00 secs] 
2728.594: [GC (Allocation Failure) [PSYoungGen: 59712K->1328K(60416K)] 468272K->409888K(657920K), 0.0036048 secs] [Times: user=0.01 sys=0.00, real=0.01 secs] 
2729.112: [GC (Allocation Failure) [PSYoungGen: 59696K->1376K(60416K)] 468256K->409936K(657920K), 0.0022126 secs] [Times: user=0.01 sys=0.00, real=0.00 secs] 
2729.355: [GC (Allocation Failure) [PSYoungGen: 59744K->1376K(59904K)] 468304K->409936K(657408K), 0.0022607 secs] [Times: user=0.00 sys=0.00, real=0.01 secs] 
2730.492: [GC (Allocation Failure) [PSYoungGen: 59744K->1440K(59392K)] 468304K->410008K(656896K), 0.0022463 secs] [Times: user=0.01 sys=0.00, real=0.00 secs] 
2730.778: [GC (Allocation Failure) [PSYoungGen: 59296K->1312K(59904K)] 467864K->409880K(657408K), 0.0021976 secs] [Times: user=0.01 sys=0.00, real=0.00 secs] 
2731.020: [GC (Allocation Failure) [PSYoungGen: 59168K->1376K(59392K)] 467736K->409944K(656896K), 0.0020308 secs] [Times: user=0.00 sys=0.00, real=0.00 secs] 
2731.260: [GC (Allocation Failure) [PSYoungGen: 59232K->1344K(59392K)] 467800K->409912K(656896K), 0.0022868 secs] [Times: user=0.01 sys=0.01, real=0.00 secs] 
2731.501: [GC (Allocation Failure) [PSYoungGen: 59200K->288K(58880K)] 467768K->409880K(656384K), 0.0021116 secs] [Times: user=0.01 sys=0.00, real=0.00 secs] 
2732.782: [GC (Allocation Failure) [PSYoungGen: 58144K->1392K(59904K)] 467736K->410992K(657408K), 0.0020389 secs] [Times: user=0.01 sys=0.00, real=0.00 secs] 
2733.151: [GC (Allocation Failure) [PSYoungGen: 59248K->1344K(59904K)] 468848K->410944K(657408K), 0.0020556 secs] [Times: user=0.01 sys=0.00, real=0.00 secs] 
2733.392: [GC (Allocation Failure) [PSYoungGen: 59200K->1376K(59904K)] 468800K->410976K(657408K), 0.0019666 secs] [Times: user=0.01 sys=0.00, real=0.00 secs] 
2733.658: [GC (Allocation Failure) [PSYoungGen: 59232K->1312K(59904K)] 468832K->410912K(657408K), 0.0018943 secs] [Times: user=0.01 sys=0.00, real=0.00 secs] 
2734.024: [GC (Allocation Failure) [PSYoungGen: 59168K->1312K(59904K)] 468768K->410912K(657408K), 0.0020217 secs] [Times: user=0.01 sys=0.00, real=0.00 secs] 
2735.029: [GC (Allocation Failure) [PSYoungGen: 59168K->1376K(59904K)] 468768K->410976K(657408K), 0.0020797 secs] [Times: user=0.01 sys=0.00, real=0.00 secs] 
2735.295: [GC (Allocation Failure) [PSYoungGen: 59232K->1312K(59904K)] 468832K->410912K(657408K), 0.0018967 secs] [Times: user=0.00 sys=0.00, real=0.01 secs] 
2735.550: [GC (Allocation Failure) [PSYoungGen: 59168K->1360K(59904K)] 468768K->410960K(657408K), 0.0027663 secs] [Times: user=0.01 sys=0.00, real=0.00 secs] 
2735.792: [GC (Allocation Failure) [PSYoungGen: 59216K->1376K(59904K)] 468816K->410976K(657408K), 0.0022967 secs] [Times: user=0.01 sys=0.00, real=0.00 secs] 
2736.062: [GC (Allocation Failure) [PSYoungGen: 59232K->1392K(59904K)] 468832K->410992K(657408K), 0.0022077 secs] [Times: user=0.01 sys=0.00, real=0.00 secs] 
2737.169: [GC (Allocation Failure) [PSYoungGen: 59248K->1376K(59904K)] 468848K->410992K(657408K), 0.0017950 secs] [Times: user=0.01 sys=0.00, real=0.00 secs] 
2737.545: [GC (Allocation Failure) [PSYoungGen: 59232K->1344K(59904K)] 468848K->410960K(657408K), 0.0022983 secs] [Times: user=0.01 sys=0.00, real=0.01 secs] 
2738.190: [GC (Allocation Failure) [PSYoungGen: 59200K->1376K(59904K)] 468816K->410992K(657408K), 0.0036753 secs] [Times: user=0.01 sys=0.00, real=0.00 secs] 
2738.992: [GC (Allocation Failure) [PSYoungGen: 59232K->1344K(59904K)] 468848K->410960K(657408K), 0.0035864 secs] [Times: user=0.02 sys=0.00, real=0.00 secs] 
2740.557: [GC (Allocation Failure) [PSYoungGen: 59200K->1341K(59392K)] 468816K->410958K(656896K), 0.0017493 secs] [Times: user=0.01 sys=0.00, real=0.00 secs] 
2740.945: [GC (Allocation Failure) [PSYoungGen: 59197K->1408K(59392K)] 468814K->411024K(656896K), 0.0020230 secs] [Times: user=0.01 sys=0.00, real=0.01 secs] 
2741.230: [GC (Allocation Failure) [PSYoungGen: 59264K->1360K(59392K)] 468880K->410976K(656896K), 0.0030531 secs] [Times: user=0.01 sys=0.00, real=0.00 secs] 
2741.663: [GC (Allocation Failure) [PSYoungGen: 59216K->1312K(59392K)] 468832K->410928K(656896K), 0.0041022 secs] [Times: user=0.02 sys=0.00, real=0.01 secs] 
2742.130: [GC (Allocation Failure) [PSYoungGen: 59168K->1376K(59392K)] 468784K->410992K(656896K), 0.0033472 secs] [Times: user=0.01 sys=0.00, real=0.00 secs] 
2743.501: [GC (Allocation Failure) [PSYoungGen: 59232K->1440K(59392K)] 468848K->412081K(656896K), 0.0020935 secs] [Times: user=0.01 sys=0.00, real=0.00 secs] 
2743.768: [GC (Allocation Failure) [PSYoungGen: 59296K->1344K(59392K)] 469937K->411985K(656896K), 0.0019483 secs] [Times: user=0.01 sys=0.00, real=0.00 secs] 
2744.044: [GC (Allocation Failure) [PSYoungGen: 59200K->1344K(59392K)] 469841K->411985K(656896K), 0.0019283 secs] [Times: user=0.01 sys=0.00, real=0.00 secs] 
2744.285: [GC (Allocation Failure) [PSYoungGen: 59200K->1360K(59392K)] 469841K->412001K(656896K), 0.0019478 secs] [Times: user=0.01 sys=0.00, real=0.01 secs] 
2744.624: [GC (Allocation Failure) [PSYoungGen: 59216K->1376K(59392K)] 469857K->412017K(656896K), 0.0021981 secs] [Times: user=0.01 sys=0.00, real=0.00 secs] 
2745.801: [GC (Allocation Failure) [PSYoungGen: 59232K->1440K(59392K)] 469873K->412081K(656896K), 0.0018957 secs] [Times: user=0.01 sys=0.00, real=0.00 secs] 
2746.041: [GC (Allocation Failure) [PSYoungGen: 59296K->1344K(59392K)] 469937K->411985K(656896K), 0.0029256 secs] [Times: user=0.00 sys=0.00, real=0.00 secs] 
2746.295: [GC (Allocation Failure) [PSYoungGen: 59200K->1344K(59392K)] 469841K->411985K(656896K), 0.0018763 secs] [Times: user=0.01 sys=0.00, real=0.01 secs] 
2746.657: [GC (Allocation Failure) [PSYoungGen: 59200K->1344K(59392K)] 469841K->411985K(656896K), 0.0020612 secs] [Times: user=0.00 sys=0.01, real=0.01 secs] 
2747.139: [GC (Allocation Failure) [PSYoungGen: 59200K->1344K(59392K)] 469841K->411985K(656896K), 0.0029091 secs] [Times: user=0.01 sys=0.00, real=0.00 secs] 
2749.012: [GC (Allocation Failure) [PSYoungGen: 59200K->1408K(59392K)] 469841K->412065K(656896K), 0.0045151 secs] [Times: user=0.02 sys=0.00, real=0.01 secs] 
2750.611: [GC (Allocation Failure) [PSYoungGen: 59264K->1376K(59392K)] 469921K->412033K(656896K), 0.0048748 secs] [Times: user=0.02 sys=0.00, real=0.00 secs] 
2751.354: [GC (Allocation Failure) [PSYoungGen: 59232K->1376K(59392K)] 469889K->412033K(656896K), 0.0030954 secs] [Times: user=0.01 sys=0.00, real=0.01 secs] 
2751.980: [GC (Allocation Failure) [PSYoungGen: 59232K->1376K(59392K)] 469889K->412033K(656896K), 0.0033305 secs] [Times: user=0.01 sys=0.00, real=0.00 secs] 
2752.439: [GC (Allocation Failure) [PSYoungGen: 59232K->1392K(59392K)] 469889K->412049K(656896K), 0.0035232 secs] [Times: user=0.02 sys=0.00, real=0.00 secs] 
2753.695: [GC (Allocation Failure) [PSYoungGen: 59248K->1408K(59392K)] 469905K->412065K(656896K), 0.0021847 secs] [Times: user=0.01 sys=0.00, real=0.01 secs] 
2754.234: [GC (Allocation Failure) [PSYoungGen: 59264K->1408K(59392K)] 469921K->412065K(656896K), 0.0020694 secs] [Times: user=0.01 sys=0.00, real=0.00 secs] 
2754.729: [GC (Allocation Failure) [PSYoungGen: 59264K->1376K(59392K)] 469921K->412033K(656896K), 0.0020858 secs] [Times: user=0.01 sys=0.00, real=0.00 secs] 
2755.025: [GC (Allocation Failure) [PSYoungGen: 59232K->1344K(59392K)] 469889K->412001K(656896K), 0.0020792 secs] [Times: user=0.01 sys=0.00, real=0.01 secs] 
2755.266: [GC (Allocation Failure) [PSYoungGen: 59200K->1392K(59392K)] 469857K->412049K(656896K), 0.0022056 secs] [Times: user=0.01 sys=0.00, real=0.01 secs] 
2756.192: [GC (Allocation Failure) [PSYoungGen: 59248K->1376K(59392K)] 469905K->412033K(656896K), 0.0018141 secs] [Times: user=0.00 sys=0.00, real=0.00 secs] 
2756.432: [GC (Allocation Failure) [PSYoungGen: 59232K->1344K(59392K)] 469889K->412001K(656896K), 0.0018630 secs] [Times: user=0.01 sys=0.00, real=0.00 secs] 
2756.672: [GC (Allocation Failure) [PSYoungGen: 59200K->1376K(59392K)] 469857K->412033K(656896K), 0.0021255 secs] [Times: user=0.00 sys=0.00, real=0.00 secs] 
2756.913: [GC (Allocation Failure) [PSYoungGen: 59232K->1344K(59392K)] 469889K->412001K(656896K), 0.0025815 secs] [Times: user=0.01 sys=0.00, real=0.00 secs] 
2757.158: [GC (Allocation Failure) [PSYoungGen: 59200K->1344K(59392K)] 469857K->412001K(656896K), 0.0029715 secs] [Times: user=0.02 sys=0.00, real=0.00 secs] 
2758.108: [GC (Allocation Failure) [PSYoungGen: 59200K->1408K(59392K)] 469857K->412065K(656896K), 0.0015046 secs] [Times: user=0.00 sys=0.00, real=0.00 secs] 
2758.348: [GC (Allocation Failure) [PSYoungGen: 59264K->1344K(59392K)] 469921K->412025K(656896K), 0.0016919 secs] [Times: user=0.01 sys=0.00, real=0.00 secs] 
2758.588: [GC (Allocation Failure) [PSYoungGen: 59200K->1440K(59392K)] 469881K->412121K(656896K), 0.0017270 secs] [Times: user=0.01 sys=0.00, real=0.00 secs] 
2758.828: [GC (Allocation Failure) [PSYoungGen: 59296K->1360K(59392K)] 469977K->412041K(656896K), 0.0028252 secs] [Times: user=0.01 sys=0.00, real=0.00 secs] 
2759.070: [GC (Allocation Failure) [PSYoungGen: 59216K->1376K(59392K)] 469897K->412057K(656896K), 0.0025925 secs] [Times: user=0.01 sys=0.00, real=0.00 secs] 
2760.093: [GC (Allocation Failure) [PSYoungGen: 59232K->1440K(59392K)] 469913K->412121K(656896K), 0.0016519 secs] [Times: user=0.01 sys=0.00, real=0.00 secs] 
2760.332: [GC (Allocation Failure) [PSYoungGen: 59296K->1376K(59392K)] 469977K->412057K(656896K), 0.0016570 secs] [Times: user=0.01 sys=0.00, real=0.00 secs] 
2760.611: [GC (Allocation Failure) [PSYoungGen: 59232K->1440K(59392K)] 469913K->412121K(656896K), 0.0015464 secs] [Times: user=0.00 sys=0.00, real=0.00 secs] 
2761.053: [GC (Allocation Failure) [PSYoungGen: 59296K->1376K(59392K)] 469977K->412057K(656896K), 0.0041503 secs] [Times: user=0.02 sys=0.00, real=0.01 secs] 
2761.574: [GC (Allocation Failure) [PSYoungGen: 59221K->288K(58880K)] 469902K->410968K(656384K), 0.0033872 secs] [Times: user=0.01 sys=0.00, real=0.01 secs] 
2762.567: [GC (Allocation Failure) [PSYoungGen: 57632K->1408K(59392K)] 468312K->412089K(656896K), 0.0018002 secs] [Times: user=0.01 sys=0.00, real=0.00 secs] 
2762.966: [GC (Allocation Failure) [PSYoungGen: 58752K->1376K(59392K)] 469433K->412057K(656896K), 0.0038098 secs] [Times: user=0.01 sys=0.00, real=0.01 secs] 
2763.416: [GC (Allocation Failure) [PSYoungGen: 58720K->1376K(59392K)] 469401K->412057K(656896K), 0.0036712 secs] [Times: user=0.02 sys=0.00, real=0.01 secs] 
2763.906: [GC (Allocation Failure) [PSYoungGen: 58720K->1376K(59392K)] 469401K->412057K(656896K), 0.0033988 secs] [Times: user=0.02 sys=0.00, real=0.01 secs] 
2765.205: [GC (Allocation Failure) [PSYoungGen: 58720K->1440K(59392K)] 469401K->412121K(656896K), 0.0018344 secs] [Times: user=0.01 sys=0.00, real=0.01 secs] 
2765.594: [GC (Allocation Failure) [PSYoungGen: 58784K->1344K(59392K)] 469465K->412025K(656896K), 0.0021390 secs] [Times: user=0.01 sys=0.00, real=0.00 secs] 
2765.832: [GC (Allocation Failure) [PSYoungGen: 58688K->1376K(59392K)] 469369K->412057K(656896K), 0.0021533 secs] [Times: user=0.01 sys=0.00, real=0.00 secs] 
2766.071: [GC (Allocation Failure) [PSYoungGen: 58720K->1344K(59392K)] 469401K->412025K(656896K), 0.0022343 secs] [Times: user=0.01 sys=0.00, real=0.00 secs] 
2766.522: [GC (Allocation Failure) [PSYoungGen: 58688K->1376K(59392K)] 469369K->412057K(656896K), 0.0022638 secs] [Times: user=0.01 sys=0.00, real=0.00 secs] 
2767.909: [GC (Allocation Failure) [PSYoungGen: 58720K->1920K(59392K)] 469401K->412601K(656896K), 0.0018814 secs] [Times: user=0.01 sys=0.00, real=0.00 secs] 
2768.401: [GC (Allocation Failure) [PSYoungGen: 59264K->1408K(59392K)] 469945K->412105K(656896K), 0.0040508 secs] [Times: user=0.01 sys=0.00, real=0.00 secs] 
2768.887: [GC (Allocation Failure) [PSYoungGen: 58752K->1312K(59392K)] 469449K->412009K(656896K), 0.0023205 secs] [Times: user=0.01 sys=0.00, real=0.00 secs] 
2769.398: [GC (Allocation Failure) [PSYoungGen: 58656K->1344K(59392K)] 469353K->412041K(656896K), 0.0023669 secs] [Times: user=0.01 sys=0.00, real=0.00 secs] 
2770.101: [GC (Allocation Failure) [PSYoungGen: 58688K->1376K(59392K)] 469385K->412073K(656896K), 0.0046787 secs] [Times: user=0.02 sys=0.00, real=0.00 secs] 
2771.415: [GC (Allocation Failure) [PSYoungGen: 58720K->1408K(59392K)] 469417K->412105K(656896K), 0.0018754 secs] [Times: user=0.01 sys=0.00, real=0.01 secs] 
2772.052: [GC (Allocation Failure) [PSYoungGen: 58752K->1392K(59392K)] 469449K->412097K(656896K), 0.0050473 secs] [Times: user=0.01 sys=0.00, real=0.01 secs] 
2772.648: [GC (Allocation Failure) [PSYoungGen: 58736K->1376K(59392K)] 469441K->412081K(656896K), 0.0042214 secs] [Times: user=0.01 sys=0.01, real=0.00 secs] 
2773.232: [GC (Allocation Failure) [PSYoungGen: 58720K->1408K(59392K)] 469425K->412113K(656896K), 0.0037630 secs] [Times: user=0.01 sys=0.00, real=0.00 secs] 
2773.753: [GC (Allocation Failure) [PSYoungGen: 58752K->1360K(59392K)] 469457K->412065K(656896K), 0.0029023 secs] [Times: user=0.01 sys=0.00, real=0.00 secs] 
2775.181: [GC (Allocation Failure) [PSYoungGen: 58704K->1408K(59392K)] 469409K->412121K(656896K), 0.0025921 secs] [Times: user=0.01 sys=0.00, real=0.00 secs] 
2775.951: [GC (Allocation Failure) [PSYoungGen: 58752K->1376K(59392K)] 469465K->412089K(656896K), 0.0026384 secs] [Times: user=0.01 sys=0.00, real=0.00 secs] 
2776.644: [GC (Allocation Failure) [PSYoungGen: 58720K->1344K(59392K)] 469433K->412057K(656896K), 0.0026527 secs] [Times: user=0.01 sys=0.00, real=0.01 secs] 
2777.403: [GC (Allocation Failure) [PSYoungGen: 58688K->1376K(58880K)] 469401K->412089K(656384K), 0.0042827 secs] [Times: user=0.02 sys=0.00, real=0.01 secs] 
2778.094: [GC (Allocation Failure) [PSYoungGen: 58720K->1376K(58880K)] 469433K->412089K(656384K), 0.0035284 secs] [Times: user=0.01 sys=0.00, real=0.01 secs] 
2779.393: [GC (Allocation Failure) [PSYoungGen: 58720K->1408K(58880K)] 469433K->412121K(656384K), 0.0021192 secs] [Times: user=0.01 sys=0.00, real=0.00 secs] 
2780.504: [GC (Allocation Failure) [PSYoungGen: 58752K->1328K(58880K)] 469465K->412041K(656384K), 0.0033880 secs] [Times: user=0.02 sys=0.00, real=0.01 secs] 
2781.331: [GC (Allocation Failure) [PSYoungGen: 58672K->1328K(58880K)] 469385K->412041K(656384K), 0.0037244 secs] [Times: user=0.02 sys=0.00, real=0.00 secs] 
2782.121: [GC (Allocation Failure) [PSYoungGen: 58672K->1376K(58880K)] 469385K->412089K(656384K), 0.0039132 secs] [Times: user=0.01 sys=0.00, real=0.00 secs] 
2782.932: [GC (Allocation Failure) [PSYoungGen: 58720K->1376K(58880K)] 469433K->412113K(656384K), 0.0041167 secs] [Times: user=0.02 sys=0.00, real=0.00 secs] 
2784.190: [GC (Allocation Failure) [PSYoungGen: 58720K->1408K(58880K)] 469457K->412153K(656384K), 0.0018643 secs] [Times: user=0.01 sys=0.00, real=0.00 secs] 
2784.780: [GC (Allocation Failure) [PSYoungGen: 58752K->1344K(58880K)] 469497K->412089K(656384K), 0.0023395 secs] [Times: user=0.01 sys=0.00, real=0.00 secs] 
2785.287: [GC (Allocation Failure) [PSYoungGen: 58688K->1376K(58880K)] 469433K->412121K(656384K), 0.0030372 secs] [Times: user=0.01 sys=0.00, real=0.00 secs] 
2785.785: [GC (Allocation Failure) [PSYoungGen: 58720K->1376K(58880K)] 469465K->412121K(656384K), 0.0022288 secs] [Times: user=0.01 sys=0.00, real=0.01 secs] 
2786.179: [GC (Allocation Failure) [PSYoungGen: 58720K->1376K(58880K)] 469465K->412121K(656384K), 0.0042129 secs] [Times: user=0.01 sys=0.00, real=0.00 secs] 
2787.668: [GC (Allocation Failure) [PSYoungGen: 58720K->1392K(58880K)] 469465K->412137K(656384K), 0.0044551 secs] [Times: user=0.02 sys=0.00, real=0.00 secs] 
2788.481: [GC (Allocation Failure) [PSYoungGen: 58736K->1376K(58880K)] 469481K->412121K(656384K), 0.0041809 secs] [Times: user=0.02 sys=0.00, real=0.00 secs] 
2788.982: [GC (Allocation Failure) [PSYoungGen: 58720K->1344K(58880K)] 469465K->412089K(656384K), 0.0033555 secs] [Times: user=0.01 sys=0.00, real=0.00 secs] 
2789.440: [GC (Allocation Failure) [PSYoungGen: 58688K->1376K(58880K)] 469433K->412121K(656384K), 0.0028932 secs] [Times: user=0.01 sys=0.00, real=0.00 secs] 
2789.679: [GC (Allocation Failure) [PSYoungGen: 58720K->1360K(58880K)] 469465K->412105K(656384K), 0.0021522 secs] [Times: user=0.01 sys=0.00, real=0.00 secs] 
2791.009: [GC (Allocation Failure) [PSYoungGen: 58704K->1376K(58880K)] 469449K->412121K(656384K), 0.0028747 secs] [Times: user=0.01 sys=0.00, real=0.00 secs] 
2791.840: [GC (Allocation Failure) [PSYoungGen: 58720K->1376K(58880K)] 469465K->412129K(656384K), 0.0034996 secs] [Times: user=0.01 sys=0.00, real=0.00 secs] 
2792.782: [GC (Allocation Failure) [PSYoungGen: 58720K->1376K(58880K)] 469473K->412129K(656384K), 0.0040786 secs] [Times: user=0.02 sys=0.00, real=0.00 secs] 
2793.732: [GC (Allocation Failure) [PSYoungGen: 58720K->1344K(58880K)] 469473K->412097K(656384K), 0.0037956 secs] [Times: user=0.02 sys=0.00, real=0.00 secs] 
2794.379: [GC (Allocation Failure) [PSYoungGen: 58688K->1376K(58880K)] 469441K->412129K(656384K), 0.0034714 secs] [Times: user=0.02 sys=0.00, real=0.00 secs] 
2795.735: [GC (Allocation Failure) [PSYoungGen: 58720K->1408K(58880K)] 469473K->412161K(656384K), 0.0021395 secs] [Times: user=0.00 sys=0.00, real=0.01 secs] 
2796.574: [GC (Allocation Failure) [PSYoungGen: 58752K->1312K(58880K)] 469505K->412065K(656384K), 0.0025864 secs] [Times: user=0.01 sys=0.00, real=0.00 secs] 
2797.137: [GC (Allocation Failure) [PSYoungGen: 58656K->1376K(58880K)] 469409K->412129K(656384K), 0.0023505 secs] [Times: user=0.01 sys=0.00, real=0.00 secs] 
2797.820: [GC (Allocation Failure) [PSYoungGen: 58720K->1344K(58880K)] 469473K->412097K(656384K), 0.0033605 secs] [Times: user=0.02 sys=0.00, real=0.00 secs] 
2798.612: [GC (Allocation Failure) [PSYoungGen: 58688K->1408K(58880K)] 469441K->412161K(656384K), 0.0033442 secs] [Times: user=0.01 sys=0.00, real=0.00 secs] 
2800.080: [GC (Allocation Failure) [PSYoungGen: 58752K->1408K(58880K)] 469505K->412161K(656384K), 0.0020583 secs] [Times: user=0.01 sys=0.00, real=0.00 secs] 
2800.614: [GC (Allocation Failure) [PSYoungGen: 58752K->1376K(58880K)] 469505K->412129K(656384K), 0.0041245 secs] [Times: user=0.01 sys=0.01, real=0.01 secs] 
2801.118: [GC (Allocation Failure) [PSYoungGen: 58720K->1376K(58880K)] 469473K->412129K(656384K), 0.0029781 secs] [Times: user=0.01 sys=0.00, real=0.00 secs] 
2801.654: [GC (Allocation Failure) [PSYoungGen: 58720K->1376K(58880K)] 469473K->412137K(656384K), 0.0029288 secs] [Times: user=0.01 sys=0.00, real=0.01 secs] 
2802.185: [GC (Allocation Failure) [PSYoungGen: 58720K->1408K(58880K)] 469481K->412169K(656384K), 0.0024298 secs] [Times: user=0.01 sys=0.00, real=0.01 secs] 
2805.925: [GC (Allocation Failure) [PSYoungGen: 58752K->1376K(58880K)] 469513K->412137K(656384K), 0.0043198 secs] [Times: user=0.02 sys=0.00, real=0.01 secs] 
2806.646: [GC (Allocation Failure) [PSYoungGen: 58720K->1376K(58880K)] 469481K->412137K(656384K), 0.0042184 secs] [Times: user=0.02 sys=0.00, real=0.01 secs] 
2807.137: [GC (Allocation Failure) [PSYoungGen: 58720K->1360K(58880K)] 469481K->412121K(656384K), 0.0035227 secs] [Times: user=0.02 sys=0.00, real=0.01 secs] 
2807.867: [GC (Allocation Failure) [PSYoungGen: 58704K->1376K(58880K)] 469465K->412137K(656384K), 0.0028873 secs] [Times: user=0.01 sys=0.00, real=0.00 secs] 
2808.739: [GC (Allocation Failure) [PSYoungGen: 58720K->1344K(58880K)] 469481K->412105K(656384K), 0.0029945 secs] [Times: user=0.01 sys=0.00, real=0.00 secs] 
2809.884: [GC (Allocation Failure) [PSYoungGen: 58688K->1408K(58880K)] 469449K->412169K(656384K), 0.0017372 secs] [Times: user=0.01 sys=0.00, real=0.00 secs] 
2810.151: [GC (Allocation Failure) [PSYoungGen: 58752K->1360K(58880K)] 469513K->412121K(656384K), 0.0020824 secs] [Times: user=0.01 sys=0.01, real=0.00 secs] 
2810.622: [GC (Allocation Failure) [PSYoungGen: 58704K->1376K(58880K)] 469465K->412137K(656384K), 0.0023939 secs] [Times: user=0.01 sys=0.00, real=0.00 secs] 
2811.144: [GC (Allocation Failure) [PSYoungGen: 58720K->1344K(58880K)] 469481K->412105K(656384K), 0.0025878 secs] [Times: user=0.01 sys=0.00, real=0.00 secs] 
2811.645: [GC (Allocation Failure) [PSYoungGen: 58688K->1376K(58880K)] 469449K->412137K(656384K), 0.0026066 secs] [Times: user=0.01 sys=0.00, real=0.01 secs] 
2812.591: [GC (Allocation Failure) [PSYoungGen: 58720K->1376K(58880K)] 469481K->412145K(656384K), 0.0019485 secs] [Times: user=0.01 sys=0.00, real=0.00 secs] 
2812.829: [GC (Allocation Failure) [PSYoungGen: 58720K->1344K(58880K)] 469489K->412113K(656384K), 0.0019732 secs] [Times: user=0.01 sys=0.00, real=0.00 secs] 
2813.436: [GC (Allocation Failure) [PSYoungGen: 58688K->1376K(58880K)] 469457K->412145K(656384K), 0.0047511 secs] [Times: user=0.01 sys=0.01, real=0.01 secs] 
2814.230: [GC (Allocation Failure) [PSYoungGen: 58720K->1344K(58880K)] 469489K->412113K(656384K), 0.0042603 secs] [Times: user=0.02 sys=0.00, real=0.00 secs] 
2815.102: [GC (Allocation Failure) [PSYoungGen: 58682K->288K(58880K)] 469451K->411056K(656384K), 0.0040305 secs] [Times: user=0.02 sys=0.01, real=0.00 secs] 
2816.934: [GC (Allocation Failure) [PSYoungGen: 57632K->1376K(59392K)] 468400K->412145K(656896K), 0.0028332 secs] [Times: user=0.01 sys=0.00, real=0.00 secs] 
2817.732: [GC (Allocation Failure) [PSYoungGen: 58720K->1376K(59392K)] 469489K->412145K(656896K), 0.0036477 secs] [Times: user=0.02 sys=0.00, real=0.00 secs] 
2818.344: [GC (Allocation Failure) [PSYoungGen: 58720K->1360K(59392K)] 469489K->412129K(656896K), 0.0022852 secs] [Times: user=0.01 sys=0.00, real=0.00 secs] 
2818.842: [GC (Allocation Failure) [PSYoungGen: 58704K->1344K(59392K)] 469473K->412113K(656896K), 0.0023223 secs] [Times: user=0.01 sys=0.00, real=0.00 secs] 
2820.199: [GC (Allocation Failure) [PSYoungGen: 58688K->1568K(59392K)] 469457K->412337K(656896K), 0.0017274 secs] [Times: user=0.01 sys=0.00, real=0.00 secs] 
2821.510: [GC (Allocation Failure) [PSYoungGen: 58912K->1392K(59392K)] 469681K->412185K(656896K), 0.0041604 secs] [Times: user=0.02 sys=0.00, real=0.00 secs] 
2822.099: [GC (Allocation Failure) [PSYoungGen: 58736K->1344K(59392K)] 469529K->412137K(656896K), 0.0035107 secs] [Times: user=0.01 sys=0.01, real=0.00 secs] 
2822.580: [GC (Allocation Failure) [PSYoungGen: 58688K->1376K(59392K)] 469481K->412169K(656896K), 0.0027549 secs] [Times: user=0.01 sys=0.00, real=0.00 secs] 
2823.042: [GC (Allocation Failure) [PSYoungGen: 58720K->1312K(59392K)] 469513K->412105K(656896K), 0.0026531 secs] [Times: user=0.01 sys=0.00, real=0.00 secs] 
2824.313: [GC (Allocation Failure) [PSYoungGen: 58656K->1920K(59392K)] 469449K->413225K(656896K), 0.0020127 secs] [Times: user=0.00 sys=0.00, real=0.00 secs] 
2824.883: [GC (Allocation Failure) [PSYoungGen: 59264K->1408K(59392K)] 470569K->412721K(656896K), 0.0020273 secs] [Times: user=0.01 sys=0.00, real=0.00 secs] 
2825.224: [GC (Allocation Failure) [PSYoungGen: 58752K->1312K(59392K)] 470065K->412625K(656896K), 0.0020354 secs] [Times: user=0.01 sys=0.00, real=0.00 secs] 
2825.495: [GC (Allocation Failure) [PSYoungGen: 58656K->1344K(59392K)] 469969K->412657K(656896K), 0.0022754 secs] [Times: user=0.01 sys=0.00, real=0.01 secs] 
2826.074: [GC (Allocation Failure) [PSYoungGen: 58688K->1344K(59392K)] 470001K->412657K(656896K), 0.0026295 secs] [Times: user=0.01 sys=0.00, real=0.00 secs] 
2827.362: [GC (Allocation Failure) [PSYoungGen: 58688K->1440K(59392K)] 470001K->412753K(656896K), 0.0018494 secs] [Times: user=0.00 sys=0.00, real=0.00 secs] 
2827.601: [GC (Allocation Failure) [PSYoungGen: 58784K->1392K(59392K)] 470097K->412705K(656896K), 0.0017217 secs] [Times: user=0.00 sys=0.00, real=0.00 secs] 
2827.839: [GC (Allocation Failure) [PSYoungGen: 58736K->1344K(59392K)] 470049K->412657K(656896K), 0.0017524 secs] [Times: user=0.01 sys=0.00, real=0.00 secs] 
2828.076: [GC (Allocation Failure) [PSYoungGen: 58688K->1344K(59392K)] 470001K->412657K(656896K), 0.0019946 secs] [Times: user=0.01 sys=0.00, real=0.01 secs] 
2828.320: [GC (Allocation Failure) [PSYoungGen: 58688K->1360K(59392K)] 470001K->412673K(656896K), 0.0018730 secs] [Times: user=0.00 sys=0.00, real=0.00 secs] 
2829.268: [GC (Allocation Failure) [PSYoungGen: 58704K->1408K(59392K)] 470017K->412745K(656896K), 0.0019412 secs] [Times: user=0.01 sys=0.00, real=0.00 secs] 
2829.738: [GC (Allocation Failure) [PSYoungGen: 58752K->1360K(59392K)] 470089K->412697K(656896K), 0.0019301 secs] [Times: user=0.01 sys=0.00, real=0.00 secs] 
2830.207: [GC (Allocation Failure) [PSYoungGen: 58704K->1376K(59392K)] 470041K->412713K(656896K), 0.0020737 secs] [Times: user=0.01 sys=0.00, real=0.01 secs] 
2830.680: [GC (Allocation Failure) [PSYoungGen: 58720K->1376K(58880K)] 470057K->412713K(656384K), 0.0019480 secs] [Times: user=0.01 sys=0.00, real=0.00 secs] 
2831.204: [GC (Allocation Failure) [PSYoungGen: 58720K->1376K(58880K)] 470057K->412713K(656384K), 0.0020721 secs] [Times: user=0.01 sys=0.00, real=0.00 secs] 
2832.378: [GC (Allocation Failure) [PSYoungGen: 58720K->416K(58368K)] 470057K->412777K(655872K), 0.0020782 secs] [Times: user=0.01 sys=0.00, real=0.00 secs] 
2833.213: [GC (Allocation Failure) [PSYoungGen: 57760K->320K(59392K)] 470121K->412681K(656896K), 0.0020655 secs] [Times: user=0.01 sys=0.00, real=0.00 secs] 
2833.839: [GC (Allocation Failure) [PSYoungGen: 57664K->384K(59392K)] 470025K->412745K(656896K), 0.0023404 secs] [Times: user=0.01 sys=0.00, real=0.00 secs] 
2834.618: [GC (Allocation Failure) [PSYoungGen: 57728K->320K(59392K)] 470089K->412681K(656896K), 0.0026601 secs] [Times: user=0.01 sys=0.00, real=0.00 secs] 
2835.262: [GC (Allocation Failure) [PSYoungGen: 57664K->288K(59392K)] 470025K->412649K(656896K), 0.0029561 secs] [Times: user=0.01 sys=0.00, real=0.00 secs] 
2836.695: [GC (Allocation Failure) [PSYoungGen: 57632K->1408K(59392K)] 469993K->413769K(656896K), 0.0017196 secs] [Times: user=0.00 sys=0.00, real=0.01 secs] 
2837.440: [GC (Allocation Failure) [PSYoungGen: 58752K->1408K(58880K)] 471113K->413769K(656384K), 0.0018263 secs] [Times: user=0.00 sys=0.00, real=0.00 secs] 
2837.706: [GC (Allocation Failure) [PSYoungGen: 58240K->1344K(59392K)] 470601K->413705K(656896K), 0.0020432 secs] [Times: user=0.00 sys=0.00, real=0.01 secs] 
2838.005: [GC (Allocation Failure) [PSYoungGen: 58176K->1376K(59392K)] 470537K->413737K(656896K), 0.0019563 secs] [Times: user=0.01 sys=0.00, real=0.01 secs] 
2838.513: [GC (Allocation Failure) [PSYoungGen: 58208K->1344K(59392K)] 470569K->413705K(656896K), 0.0019775 secs] [Times: user=0.01 sys=0.00, real=0.00 secs] 
2839.604: [GC (Allocation Failure) [PSYoungGen: 58176K->1408K(59392K)] 470537K->413769K(656896K), 0.0019131 secs] [Times: user=0.00 sys=0.00, real=0.00 secs] 
2839.840: [GC (Allocation Failure) [PSYoungGen: 58240K->1344K(59392K)] 470601K->413713K(656896K), 0.0019748 secs] [Times: user=0.01 sys=0.00, real=0.00 secs] 
2840.077: [GC (Allocation Failure) [PSYoungGen: 58176K->1376K(59392K)] 470545K->413745K(656896K), 0.0019642 secs] [Times: user=0.01 sys=0.00, real=0.00 secs] 
2840.371: [GC (Allocation Failure) [PSYoungGen: 58208K->1376K(58368K)] 470577K->413745K(655872K), 0.0017835 secs] [Times: user=0.01 sys=0.00, real=0.00 secs] 
2840.767: [GC (Allocation Failure) [PSYoungGen: 58208K->1376K(58880K)] 470577K->413745K(656384K), 0.0021280 secs] [Times: user=0.01 sys=0.00, real=0.00 secs] 
2842.130: [GC (Allocation Failure) [PSYoungGen: 58208K->1440K(58880K)] 470577K->413809K(656384K), 0.0021488 secs] [Times: user=0.00 sys=0.00, real=0.00 secs] 
2842.730: [GC (Allocation Failure) [PSYoungGen: 58272K->1408K(58880K)] 470641K->413777K(656384K), 0.0032504 secs] [Times: user=0.01 sys=0.00, real=0.00 secs] 
2843.033: [GC (Allocation Failure) [PSYoungGen: 58240K->1360K(58880K)] 470609K->413729K(656384K), 0.0021764 secs] [Times: user=0.01 sys=0.00, real=0.00 secs] 
2843.331: [GC (Allocation Failure) [PSYoungGen: 58192K->1408K(58880K)] 470561K->413777K(656384K), 0.0020942 secs] [Times: user=0.01 sys=0.00, real=0.00 secs] 
2843.620: [GC (Allocation Failure) [PSYoungGen: 58240K->1408K(58880K)] 470609K->413777K(656384K), 0.0033197 secs] [Times: user=0.01 sys=0.00, real=0.00 secs] 
2845.203: [GC (Allocation Failure) [PSYoungGen: 58240K->1408K(58880K)] 470609K->413777K(656384K), 0.0021526 secs] [Times: user=0.01 sys=0.00, real=0.00 secs] 
2845.810: [GC (Allocation Failure) [PSYoungGen: 58240K->1328K(58880K)] 470609K->413697K(656384K), 0.0022626 secs] [Times: user=0.01 sys=0.00, real=0.00 secs] 
2846.458: [GC (Allocation Failure) [PSYoungGen: 58160K->1344K(58880K)] 470529K->413713K(656384K), 0.0024737 secs] [Times: user=0.01 sys=0.00, real=0.00 secs] 
2846.992: [GC (Allocation Failure) [PSYoungGen: 58176K->1344K(58880K)] 470545K->413713K(656384K), 0.0029592 secs] [Times: user=0.01 sys=0.00, real=0.00 secs] 
2847.545: [GC (Allocation Failure) [PSYoungGen: 58176K->1376K(58880K)] 470545K->413745K(656384K), 0.0022443 secs] [Times: user=0.01 sys=0.00, real=0.01 secs] 
2848.791: [GC (Allocation Failure) [PSYoungGen: 58208K->1408K(58880K)] 470577K->413785K(656384K), 0.0020375 secs] [Times: user=0.01 sys=0.00, real=0.00 secs] 
2849.345: [GC (Allocation Failure) [PSYoungGen: 58240K->1408K(58880K)] 470617K->413785K(656384K), 0.0023227 secs] [Times: user=0.01 sys=0.00, real=0.01 secs] 
2850.191: [GC (Allocation Failure) [PSYoungGen: 58240K->1344K(58880K)] 470617K->413721K(656384K), 0.0034251 secs] [Times: user=0.01 sys=0.00, real=0.00 secs] 
2850.868: [GC (Allocation Failure) [PSYoungGen: 58176K->1376K(58880K)] 470553K->413753K(656384K), 0.0035968 secs] [Times: user=0.02 sys=0.00, real=0.00 secs] 
2851.448: [GC (Allocation Failure) [PSYoungGen: 58208K->1408K(58880K)] 470585K->413785K(656384K), 0.0033608 secs] [Times: user=0.02 sys=0.00, real=0.00 secs] 
2852.810: [GC (Allocation Failure) [PSYoungGen: 58240K->1408K(58880K)] 470617K->413785K(656384K), 0.0021684 secs] [Times: user=0.01 sys=0.00, real=0.00 secs] 
2853.352: [GC (Allocation Failure) [PSYoungGen: 58240K->1360K(58880K)] 470617K->413737K(656384K), 0.0023066 secs] [Times: user=0.01 sys=0.00, real=0.00 secs] 
2854.230: [GC (Allocation Failure) [PSYoungGen: 58192K->1360K(58880K)] 470569K->413737K(656384K), 0.0044736 secs] [Times: user=0.01 sys=0.00, real=0.00 secs] 
2854.823: [GC (Allocation Failure) [PSYoungGen: 58192K->1376K(58880K)] 470569K->413753K(656384K), 0.0032965 secs] [Times: user=0.01 sys=0.00, real=0.01 secs] 
2855.379: [GC (Allocation Failure) [PSYoungGen: 58208K->1376K(58880K)] 470585K->413753K(656384K), 0.0034040 secs] [Times: user=0.02 sys=0.00, real=0.00 secs] 
2856.521: [GC (Allocation Failure) [PSYoungGen: 58208K->1440K(58880K)] 470585K->413817K(656384K), 0.0020163 secs] [Times: user=0.01 sys=0.00, real=0.00 secs] 
2856.758: [GC (Allocation Failure) [PSYoungGen: 58272K->1312K(58880K)] 470649K->413689K(656384K), 0.0019777 secs] [Times: user=0.01 sys=0.00, real=0.00 secs] 
2856.994: [GC (Allocation Failure) [PSYoungGen: 58144K->1392K(58880K)] 470521K->413769K(656384K), 0.0019280 secs] [Times: user=0.01 sys=0.00, real=0.00 secs] 
2857.231: [GC (Allocation Failure) [PSYoungGen: 58224K->1408K(58880K)] 470601K->413785K(656384K), 0.0019263 secs] [Times: user=0.01 sys=0.00, real=0.00 secs] 
2857.467: [GC (Allocation Failure) [PSYoungGen: 58240K->1376K(58368K)] 470617K->413753K(655872K), 0.0020122 secs] [Times: user=0.01 sys=0.01, real=0.00 secs] 
2858.523: [GC (Allocation Failure) [PSYoungGen: 58208K->1408K(58368K)] 470585K->413785K(655872K), 0.0018185 secs] [Times: user=0.01 sys=0.00, real=0.00 secs] 
2859.001: [GC (Allocation Failure) [PSYoungGen: 58240K->1376K(58368K)] 470617K->413753K(655872K), 0.0019258 secs] [Times: user=0.00 sys=0.00, real=0.00 secs] 
2859.487: [GC (Allocation Failure) [PSYoungGen: 58208K->1376K(58368K)] 470585K->413761K(655872K), 0.0019432 secs] [Times: user=0.01 sys=0.00, real=0.00 secs] 
2859.841: [GC (Allocation Failure) [PSYoungGen: 58208K->1376K(58368K)] 470593K->413761K(655872K), 0.0021486 secs] [Times: user=0.01 sys=0.00, real=0.00 secs] 
2860.078: [GC (Allocation Failure) [PSYoungGen: 58208K->1376K(58368K)] 470593K->413761K(655872K), 0.0022849 secs] [Times: user=0.01 sys=0.00, real=0.00 secs] 
2862.080: [GC (Allocation Failure) [PSYoungGen: 58208K->1408K(58368K)] 470593K->413793K(655872K), 0.0034468 secs] [Times: user=0.01 sys=0.00, real=0.00 secs] 
2862.765: [GC (Allocation Failure) [PSYoungGen: 58240K->1376K(58368K)] 470625K->413761K(655872K), 0.0037222 secs] [Times: user=0.01 sys=0.00, real=0.01 secs] 
2863.173: [GC (Allocation Failure) [PSYoungGen: 58208K->1376K(58368K)] 470593K->413761K(655872K), 0.0024301 secs] [Times: user=0.01 sys=0.00, real=0.00 secs] 
2863.540: [GC (Allocation Failure) [PSYoungGen: 58208K->1360K(58368K)] 470593K->413745K(655872K), 0.0026448 secs] [Times: user=0.01 sys=0.00, real=0.00 secs] 
2864.127: [GC (Allocation Failure) [PSYoungGen: 58192K->1360K(58368K)] 470577K->413745K(655872K), 0.0029244 secs] [Times: user=0.02 sys=0.00, real=0.00 secs] 
2865.556: [GC (Allocation Failure) [PSYoungGen: 58192K->1408K(58368K)] 470577K->413793K(655872K), 0.0019370 secs] [Times: user=0.01 sys=0.00, real=0.01 secs] 
2866.041: [GC (Allocation Failure) [PSYoungGen: 58240K->1312K(58368K)] 470625K->413697K(655872K), 0.0039510 secs] [Times: user=0.02 sys=0.00, real=0.00 secs] 
2866.515: [GC (Allocation Failure) [PSYoungGen: 58144K->1344K(58368K)] 470529K->413729K(655872K), 0.0035381 secs] [Times: user=0.01 sys=0.00, real=0.01 secs] 
2867.039: [GC (Allocation Failure) [PSYoungGen: 58176K->1344K(58368K)] 470561K->413729K(655872K), 0.0032854 secs] [Times: user=0.01 sys=0.00, real=0.00 secs] 
2867.405: [GC (Allocation Failure) [PSYoungGen: 58176K->1408K(58368K)] 470561K->413793K(655872K), 0.0026688 secs] [Times: user=0.02 sys=0.00, real=0.01 secs] 
2868.387: [GC (Allocation Failure) [PSYoungGen: 58240K->1408K(58368K)] 470625K->413793K(655872K), 0.0020202 secs] [Times: user=0.01 sys=0.00, real=0.00 secs] 
2868.624: [GC (Allocation Failure) [PSYoungGen: 58240K->1360K(58368K)] 470625K->413745K(655872K), 0.0020801 secs] [Times: user=0.01 sys=0.00, real=0.00 secs] 
2868.998: [GC (Allocation Failure) [PSYoungGen: 58192K->1376K(58368K)] 470577K->413785K(655872K), 0.0019333 secs] [Times: user=0.00 sys=0.00, real=0.00 secs] 
2869.423: [GC (Allocation Failure) [PSYoungGen: 58208K->1376K(58368K)] 470617K->413785K(655872K), 0.0020363 secs] [Times: user=0.01 sys=0.00, real=0.00 secs] 
2869.899: [GC (Allocation Failure) [PSYoungGen: 58208K->1376K(58368K)] 470617K->413785K(655872K), 0.0032224 secs] [Times: user=0.01 sys=0.01, real=0.00 secs] 
2871.432: [GC (Allocation Failure) [PSYoungGen: 58208K->1408K(58368K)] 470617K->413817K(655872K), 0.0022294 secs] [Times: user=0.01 sys=0.00, real=0.00 secs] 
2871.968: [GC (Allocation Failure) [PSYoungGen: 58240K->1408K(58368K)] 470649K->413817K(655872K), 0.0033781 secs] [Times: user=0.01 sys=0.00, real=0.00 secs] 
2872.387: [GC (Allocation Failure) [PSYoungGen: 58240K->1408K(58368K)] 470649K->413817K(655872K), 0.0026541 secs] [Times: user=0.02 sys=0.00, real=0.01 secs] 
2872.835: [GC (Allocation Failure) [PSYoungGen: 58240K->1408K(58368K)] 470649K->413817K(655872K), 0.0029498 secs] [Times: user=0.02 sys=0.00, real=0.01 secs] 
2873.321: [GC (Allocation Failure) [PSYoungGen: 58240K->1376K(58368K)] 470649K->413785K(655872K), 0.0030179 secs] [Times: user=0.01 sys=0.00, real=0.00 secs] 
2874.431: [GC (Allocation Failure) [PSYoungGen: 58208K->1440K(58368K)] 470617K->413849K(655872K), 0.0015752 secs] [Times: user=0.00 sys=0.00, real=0.00 secs] 
2874.714: [GC (Allocation Failure) [PSYoungGen: 58272K->1376K(58368K)] 470681K->413785K(655872K), 0.0045987 secs] [Times: user=0.02 sys=0.00, real=0.01 secs] 
2875.019: [GC (Allocation Failure) [PSYoungGen: 58208K->1376K(58368K)] 470617K->413785K(655872K), 0.0016724 secs] [Times: user=0.01 sys=0.00, real=0.00 secs] 
2875.538: [GC (Allocation Failure) [PSYoungGen: 58208K->1376K(58368K)] 470617K->413785K(655872K), 0.0019539 secs] [Times: user=0.01 sys=0.00, real=0.00 secs] 
2876.184: [GC (Allocation Failure) [PSYoungGen: 58208K->1344K(58368K)] 470617K->413753K(655872K), 0.0044171 secs] [Times: user=0.02 sys=0.00, real=0.01 secs] 
2877.310: [GC (Allocation Failure) [PSYoungGen: 58176K->1376K(58368K)] 470585K->413785K(655872K), 0.0020512 secs] [Times: user=0.01 sys=0.01, real=0.00 secs] 
2877.547: [GC (Allocation Failure) [PSYoungGen: 58208K->1344K(58368K)] 470617K->413753K(655872K), 0.0019226 secs] [Times: user=0.01 sys=0.00, real=0.00 secs] 
2877.783: [GC (Allocation Failure) [PSYoungGen: 58176K->1344K(58368K)] 470585K->413753K(655872K), 0.0019878 secs] [Times: user=0.01 sys=0.00, real=0.00 secs] 
2878.020: [GC (Allocation Failure) [PSYoungGen: 58176K->1344K(58368K)] 470585K->413769K(655872K), 0.0022337 secs] [Times: user=0.01 sys=0.00, real=0.00 secs] 
2878.256: [GC (Allocation Failure) [PSYoungGen: 58176K->1392K(58368K)] 470601K->413833K(655872K), 0.0022193 secs] [Times: user=0.00 sys=0.00, real=0.01 secs] 
2879.497: [GC (Allocation Failure) [PSYoungGen: 58224K->1408K(58368K)] 470665K->413849K(655872K), 0.0018893 secs] [Times: user=0.01 sys=0.00, real=0.00 secs] 
2879.891: [GC (Allocation Failure) [PSYoungGen: 58240K->1344K(58368K)] 470681K->413785K(655872K), 0.0025217 secs] [Times: user=0.01 sys=0.00, real=0.00 secs] 
2880.425: [GC (Allocation Failure) [PSYoungGen: 58176K->1376K(58368K)] 470617K->413817K(655872K), 0.0033119 secs] [Times: user=0.01 sys=0.00, real=0.01 secs] 
2881.094: [GC (Allocation Failure) [PSYoungGen: 58208K->1312K(58368K)] 470649K->413753K(655872K), 0.0025059 secs] [Times: user=0.01 sys=0.00, real=0.01 secs] 
2881.816: [GC (Allocation Failure) [PSYoungGen: 58144K->1376K(58368K)] 470585K->413817K(655872K), 0.0028450 secs] [Times: user=0.01 sys=0.00, real=0.01 secs] 
2883.503: [GC (Allocation Failure) [PSYoungGen: 58208K->1376K(58368K)] 470649K->413817K(655872K), 0.0042933 secs] [Times: user=0.02 sys=0.00, real=0.01 secs] 
2884.098: [GC (Allocation Failure) [PSYoungGen: 58208K->1360K(58368K)] 470649K->413801K(655872K), 0.0031337 secs] [Times: user=0.01 sys=0.00, real=0.00 secs] 
2884.720: [GC (Allocation Failure) [PSYoungGen: 58192K->1376K(58368K)] 470633K->413817K(655872K), 0.0028977 secs] [Times: user=0.01 sys=0.00, real=0.00 secs] 
2885.351: [GC (Allocation Failure) [PSYoungGen: 58208K->1376K(58368K)] 470649K->413817K(655872K), 0.0032188 secs] [Times: user=0.01 sys=0.00, real=0.00 secs] 
2886.026: [GC (Allocation Failure) [PSYoungGen: 58208K->1344K(58368K)] 470649K->413785K(655872K), 0.0029405 secs] [Times: user=0.01 sys=0.00, real=0.01 secs] 
2887.126: [GC (Allocation Failure) [PSYoungGen: 58176K->1440K(58368K)] 470617K->413881K(655872K), 0.0018713 secs] [Times: user=0.00 sys=0.00, real=0.01 secs] 
2887.582: [GC (Allocation Failure) [PSYoungGen: 58272K->1344K(58368K)] 470713K->413785K(655872K), 0.0018846 secs] [Times: user=0.01 sys=0.00, real=0.00 secs] 
2888.143: [GC (Allocation Failure) [PSYoungGen: 58176K->1376K(58368K)] 470617K->413817K(655872K), 0.0021418 secs] [Times: user=0.01 sys=0.00, real=0.00 secs] 
2888.875: [GC (Allocation Failure) [PSYoungGen: 58208K->1344K(58368K)] 470649K->413785K(655872K), 0.0023527 secs] [Times: user=0.01 sys=0.00, real=0.01 secs] 
2889.594: [GC (Allocation Failure) [PSYoungGen: 58176K->1344K(58368K)] 470617K->413785K(655872K), 0.0024242 secs] [Times: user=0.01 sys=0.00, real=0.01 secs] 
2890.596: [GC (Allocation Failure) [PSYoungGen: 58176K->1376K(58368K)] 470617K->413825K(655872K), 0.0017181 secs] [Times: user=0.01 sys=0.00, real=0.01 secs] 
2890.832: [GC (Allocation Failure) [PSYoungGen: 58208K->1376K(58368K)] 470657K->413825K(655872K), 0.0017982 secs] [Times: user=0.01 sys=0.00, real=0.00 secs] 
2891.068: [GC (Allocation Failure) [PSYoungGen: 58208K->1376K(58368K)] 470657K->413825K(655872K), 0.0028989 secs] [Times: user=0.01 sys=0.00, real=0.00 secs] 
2891.306: [GC (Allocation Failure) [PSYoungGen: 58208K->1408K(58368K)] 470657K->413857K(655872K), 0.0023538 secs] [Times: user=0.01 sys=0.00, real=0.01 secs] 
2891.546: [GC (Allocation Failure) [PSYoungGen: 58240K->1312K(58368K)] 470689K->413761K(655872K), 0.0024857 secs] [Times: user=0.02 sys=0.00, real=0.01 secs] 
2892.487: [GC (Allocation Failure) [PSYoungGen: 58144K->1376K(58368K)] 470593K->413833K(655872K), 0.0017633 secs] [Times: user=0.01 sys=0.00, real=0.00 secs] 
2892.723: [GC (Allocation Failure) [PSYoungGen: 58208K->1408K(58368K)] 470665K->413865K(655872K), 0.0017590 secs] [Times: user=0.00 sys=0.01, real=0.00 secs] 
2892.958: [GC (Allocation Failure) [PSYoungGen: 58240K->1376K(58368K)] 470697K->413833K(655872K), 0.0018605 secs] [Times: user=0.00 sys=0.00, real=0.00 secs] 
2893.198: [GC (Allocation Failure) [PSYoungGen: 58208K->1344K(58368K)] 470665K->413809K(655872K), 0.0028914 secs] [Times: user=0.01 sys=0.00, real=0.00 secs] 
2893.600: [GC (Allocation Failure) [PSYoungGen: 58176K->1341K(58368K)] 470641K->413806K(655872K), 0.0023007 secs] [Times: user=0.01 sys=0.00, real=0.00 secs] 
2895.196: [GC (Allocation Failure) [PSYoungGen: 58173K->1392K(58368K)] 470638K->413865K(655872K), 0.0045527 secs] [Times: user=0.02 sys=0.00, real=0.01 secs] 
2895.714: [GC (Allocation Failure) [PSYoungGen: 58224K->1376K(58368K)] 470697K->413849K(655872K), 0.0030149 secs] [Times: user=0.02 sys=0.00, real=0.01 secs] 
2896.004: [GC (Allocation Failure) [PSYoungGen: 58208K->1376K(58368K)] 470681K->413849K(655872K), 0.0020819 secs] [Times: user=0.00 sys=0.00, real=0.00 secs] 
2896.400: [GC (Allocation Failure) [PSYoungGen: 58208K->1376K(58368K)] 470681K->413849K(655872K), 0.0021661 secs] [Times: user=0.01 sys=0.01, real=0.00 secs] 
2897.571: [GC (Allocation Failure) [PSYoungGen: 58125K->224K(57856K)] 470598K->412713K(655360K), 0.0016332 secs] [Times: user=0.01 sys=0.00, real=0.00 secs] 
2897.835: [GC (Allocation Failure) [PSYoungGen: 56544K->1312K(58368K)] 469033K->413809K(655872K), 0.0018975 secs] [Times: user=0.01 sys=0.00, real=0.01 secs] 
2898.069: [GC (Allocation Failure) [PSYoungGen: 57632K->1344K(58368K)] 470129K->413841K(655872K), 0.0018922 secs] [Times: user=0.01 sys=0.00, real=0.00 secs] 
2898.303: [GC (Allocation Failure) [PSYoungGen: 57664K->1424K(58368K)] 470161K->413921K(655872K), 0.0017467 secs] [Times: user=0.00 sys=0.00, real=0.00 secs] 
2898.536: [GC (Allocation Failure) [PSYoungGen: 57744K->1312K(58368K)] 470241K->413809K(655872K), 0.0018807 secs] [Times: user=0.01 sys=0.00, real=0.01 secs] 
2899.063: [GC (Allocation Failure) [PSYoungGen: 57632K->1309K(58368K)] 470129K->413806K(655872K), 0.0016141 secs] [Times: user=0.01 sys=0.00, real=0.00 secs] 
2899.905: [GC (Allocation Failure) [PSYoungGen: 57629K->1408K(58368K)] 470126K->413905K(655872K), 0.0019783 secs] [Times: user=0.00 sys=0.00, real=0.01 secs] 
2900.390: [GC (Allocation Failure) [PSYoungGen: 57728K->1360K(58368K)] 470225K->413857K(655872K), 0.0037911 secs] [Times: user=0.02 sys=0.00, real=0.00 secs] 
2900.819: [GC (Allocation Failure) [PSYoungGen: 57680K->1312K(58368K)] 470177K->413809K(655872K), 0.0028494 secs] [Times: user=0.01 sys=0.00, real=0.00 secs] 
2901.083: [GC (Allocation Failure) [PSYoungGen: 57632K->1312K(57856K)] 470129K->413809K(655360K), 0.0022481 secs] [Times: user=0.01 sys=0.00, real=0.00 secs] 
2901.383: [GC (Allocation Failure) [PSYoungGen: 57612K->272K(57344K)] 470109K->412769K(654848K), 0.0022255 secs] [Times: user=0.01 sys=0.00, real=0.00 secs] 
2902.551: [GC (Allocation Failure) [PSYoungGen: 56080K->1376K(57856K)] 468577K->413873K(655360K), 0.0021471 secs] [Times: user=0.01 sys=0.01, real=0.00 secs] 
2903.075: [GC (Allocation Failure) [PSYoungGen: 57184K->1344K(57856K)] 469681K->413841K(655360K), 0.0026484 secs] [Times: user=0.02 sys=0.00, real=0.01 secs] 
2903.470: [GC (Allocation Failure) [PSYoungGen: 57152K->1376K(57856K)] 469649K->413873K(655360K), 0.0023943 secs] [Times: user=0.01 sys=0.00, real=0.00 secs] 
2903.729: [GC (Allocation Failure) [PSYoungGen: 57184K->1376K(57856K)] 469681K->413873K(655360K), 0.0021640 secs] [Times: user=0.01 sys=0.00, real=0.00 secs] 
2903.978: [GC (Allocation Failure) [PSYoungGen: 57184K->1376K(57856K)] 469681K->413873K(655360K), 0.0021347 secs] [Times: user=0.01 sys=0.00, real=0.00 secs] 
2905.485: [GC (Allocation Failure) [PSYoungGen: 57184K->1376K(57856K)] 469681K->413873K(655360K), 0.0034631 secs] [Times: user=0.02 sys=0.00, real=0.01 secs] 
2906.135: [GC (Allocation Failure) [PSYoungGen: 57184K->1376K(57856K)] 469681K->413873K(655360K), 0.0037600 secs] [Times: user=0.02 sys=0.00, real=0.01 secs] 
2906.763: [GC (Allocation Failure) [PSYoungGen: 57184K->1376K(57856K)] 469681K->413873K(655360K), 0.0036072 secs] [Times: user=0.02 sys=0.00, real=0.01 secs] 
2907.333: [GC (Allocation Failure) [PSYoungGen: 57184K->1344K(57856K)] 469681K->413841K(655360K), 0.0028612 secs] [Times: user=0.01 sys=0.00, real=0.00 secs] 
2907.780: [GC (Allocation Failure) [PSYoungGen: 57152K->1408K(57856K)] 469649K->413905K(655360K), 0.0028679 secs] [Times: user=0.01 sys=0.00, real=0.00 secs] 
2909.546: [GC (Allocation Failure) [PSYoungGen: 57216K->1408K(57856K)] 469713K->413921K(655360K), 0.0043710 secs] [Times: user=0.02 sys=0.00, real=0.01 secs] 
2910.039: [GC (Allocation Failure) [PSYoungGen: 57216K->1376K(57856K)] 469729K->413889K(655360K), 0.0028061 secs] [Times: user=0.01 sys=0.00, real=0.00 secs] 
2910.583: [GC (Allocation Failure) [PSYoungGen: 57184K->1344K(57856K)] 469697K->413857K(655360K), 0.0026556 secs] [Times: user=0.01 sys=0.00, real=0.00 secs] 
2911.105: [GC (Allocation Failure) [PSYoungGen: 57152K->1376K(57856K)] 469665K->413889K(655360K), 0.0025904 secs] [Times: user=0.01 sys=0.00, real=0.01 secs] 
2911.505: [GC (Allocation Failure) [PSYoungGen: 57184K->1376K(57856K)] 469697K->413889K(655360K), 0.0029301 secs] [Times: user=0.01 sys=0.01, real=0.01 secs] 
2912.885: [GC (Allocation Failure) [PSYoungGen: 57184K->1408K(57856K)] 469697K->413921K(655360K), 0.0022202 secs] [Times: user=0.01 sys=0.00, real=0.01 secs] 
2913.423: [GC (Allocation Failure) [PSYoungGen: 57216K->1440K(57856K)] 469729K->413953K(655360K), 0.0035359 secs] [Times: user=0.01 sys=0.00, real=0.00 secs] 
2913.905: [GC (Allocation Failure) [PSYoungGen: 57248K->1440K(57856K)] 469761K->413953K(655360K), 0.0031079 secs] [Times: user=0.02 sys=0.00, real=0.01 secs] 
2914.422: [GC (Allocation Failure) [PSYoungGen: 57248K->1376K(57856K)] 469761K->413889K(655360K), 0.0042111 secs] [Times: user=0.02 sys=0.00, real=0.00 secs] 
2914.804: [GC (Allocation Failure) [PSYoungGen: 57184K->1408K(57856K)] 469697K->413921K(655360K), 0.0024103 secs] [Times: user=0.01 sys=0.00, real=0.00 secs] 
2915.886: [GC (Allocation Failure) [PSYoungGen: 57216K->1408K(57856K)] 469729K->413921K(655360K), 0.0020182 secs] [Times: user=0.01 sys=0.00, real=0.01 secs] 
2916.118: [GC (Allocation Failure) [PSYoungGen: 57216K->1376K(57856K)] 469729K->413889K(655360K), 0.0019979 secs] [Times: user=0.01 sys=0.00, real=0.00 secs] 
2916.543: [GC (Allocation Failure) [PSYoungGen: 57184K->1344K(57856K)] 469697K->413857K(655360K), 0.0042450 secs] [Times: user=0.02 sys=0.00, real=0.01 secs] 
2917.011: [GC (Allocation Failure) [PSYoungGen: 57152K->1408K(57856K)] 469665K->413921K(655360K), 0.0033093 secs] [Times: user=0.02 sys=0.00, real=0.00 secs] 
2917.481: [GC (Allocation Failure) [PSYoungGen: 57216K->1360K(57344K)] 469729K->413873K(654848K), 0.0034984 secs] [Times: user=0.01 sys=0.00, real=0.00 secs] 
2918.969: [GC (Allocation Failure) [PSYoungGen: 57168K->1376K(57344K)] 469681K->413913K(654848K), 0.0018384 secs] [Times: user=0.01 sys=0.00, real=0.00 secs] 
2919.719: [GC (Allocation Failure) [PSYoungGen: 57184K->1408K(57344K)] 469721K->413945K(654848K), 0.0047026 secs] [Times: user=0.02 sys=0.00, real=0.00 secs] 
2920.432: [GC (Allocation Failure) [PSYoungGen: 57216K->1344K(57344K)] 469753K->413881K(654848K), 0.0033007 secs] [Times: user=0.01 sys=0.00, real=0.00 secs] 
2920.930: [GC (Allocation Failure) [PSYoungGen: 57152K->1344K(57344K)] 469689K->413881K(654848K), 0.0026867 secs] [Times: user=0.02 sys=0.00, real=0.00 secs] 
2921.466: [GC (Allocation Failure) [PSYoungGen: 57152K->1376K(57344K)] 469689K->413913K(654848K), 0.0036558 secs] [Times: user=0.02 sys=0.00, real=0.01 secs] 
2922.741: [GC (Allocation Failure) [PSYoungGen: 57184K->1392K(57344K)] 469721K->413929K(654848K), 0.0020545 secs] [Times: user=0.01 sys=0.00, real=0.00 secs] 
2923.229: [GC (Allocation Failure) [PSYoungGen: 57200K->1408K(57344K)] 469737K->413945K(654848K), 0.0026017 secs] [Times: user=0.01 sys=0.00, real=0.00 secs] 
2923.720: [GC (Allocation Failure) [PSYoungGen: 57216K->1376K(57344K)] 469753K->413913K(654848K), 0.0033627 secs] [Times: user=0.02 sys=0.00, real=0.00 secs] 
2923.969: [GC (Allocation Failure) [PSYoungGen: 57184K->1376K(57344K)] 469721K->413913K(654848K), 0.0020995 secs] [Times: user=0.01 sys=0.00, real=0.00 secs] 
2924.212: [GC (Allocation Failure) [PSYoungGen: 57184K->1376K(57344K)] 469721K->413913K(654848K), 0.0021011 secs] [Times: user=0.00 sys=0.00, real=0.00 secs] 
2925.614: [GC (Allocation Failure) [PSYoungGen: 57184K->1408K(57344K)] 469721K->413953K(654848K), 0.0023237 secs] [Times: user=0.00 sys=0.00, real=0.00 secs] 
2926.097: [GC (Allocation Failure) [PSYoungGen: 57216K->1360K(57344K)] 469761K->413905K(654848K), 0.0023942 secs] [Times: user=0.01 sys=0.01, real=0.00 secs] 
2926.720: [GC (Allocation Failure) [PSYoungGen: 57168K->1344K(57344K)] 469713K->413889K(654848K), 0.0024205 secs] [Times: user=0.01 sys=0.00, real=0.00 secs] 
2927.226: [GC (Allocation Failure) [PSYoungGen: 57152K->1376K(57344K)] 469697K->413921K(654848K), 0.0023674 secs] [Times: user=0.00 sys=0.00, real=0.01 secs] 
2927.672: [GC (Allocation Failure) [PSYoungGen: 57184K->1344K(57344K)] 469729K->413889K(654848K), 0.0024297 secs] [Times: user=0.01 sys=0.00, real=0.00 secs] 
2928.841: [GC (Allocation Failure) [PSYoungGen: 57152K->1408K(57344K)] 469697K->413953K(654848K), 0.0019825 secs] [Times: user=0.00 sys=0.00, real=0.00 secs] 
2929.139: [GC (Allocation Failure) [PSYoungGen: 57216K->1392K(57344K)] 469761K->413969K(654848K), 0.0019483 secs] [Times: user=0.01 sys=0.00, real=0.00 secs] 
2929.387: [GC (Allocation Failure) [PSYoungGen: 57200K->1376K(57344K)] 469777K->413953K(654848K), 0.0021188 secs] [Times: user=0.01 sys=0.00, real=0.00 secs] 
2929.683: [GC (Allocation Failure) [PSYoungGen: 57184K->1376K(57344K)] 469761K->413953K(654848K), 0.0021281 secs] [Times: user=0.01 sys=0.00, real=0.00 secs] 
2929.922: [GC (Allocation Failure) [PSYoungGen: 57184K->1360K(57344K)] 469761K->413937K(654848K), 0.0022486 secs] [Times: user=0.01 sys=0.00, real=0.00 secs] 
2930.831: [GC (Allocation Failure) [PSYoungGen: 57168K->1376K(57344K)] 469745K->413953K(654848K), 0.0019002 secs] [Times: user=0.01 sys=0.00, real=0.00 secs] 
2931.102: [GC (Allocation Failure) [PSYoungGen: 57184K->1376K(57344K)] 469761K->413953K(654848K), 0.0019397 secs] [Times: user=0.01 sys=0.00, real=0.00 secs] 
2931.471: [GC (Allocation Failure) [PSYoungGen: 57184K->1376K(57344K)] 469761K->413953K(654848K), 0.0035297 secs] [Times: user=0.01 sys=0.00, real=0.00 secs] 
2931.945: [GC (Allocation Failure) [PSYoungGen: 57184K->1376K(57344K)] 469761K->413953K(654848K), 0.0032552 secs] [Times: user=0.01 sys=0.00, real=0.01 secs] 
2932.450: [GC (Allocation Failure) [PSYoungGen: 57184K->1312K(57344K)] 469761K->413889K(654848K), 0.0030955 secs] [Times: user=0.01 sys=0.00, real=0.00 secs] 
2933.946: [GC (Allocation Failure) [PSYoungGen: 57120K->1408K(57344K)] 469697K->413993K(654848K), 0.0034074 secs] [Times: user=0.01 sys=0.00, real=0.01 secs] 
2934.572: [GC (Allocation Failure) [PSYoungGen: 57216K->1344K(57344K)] 469801K->413929K(654848K), 0.0042098 secs] [Times: user=0.02 sys=0.00, real=0.00 secs] 
2935.499: [GC (Allocation Failure) [PSYoungGen: 57152K->1376K(57344K)] 469737K->413961K(654848K), 0.0042748 secs] [Times: user=0.02 sys=0.00, real=0.00 secs] 
2936.170: [GC (Allocation Failure) [PSYoungGen: 57184K->1344K(57344K)] 469769K->413929K(654848K), 0.0041442 secs] [Times: user=0.02 sys=0.00, real=0.00 secs] 
2936.837: [GC (Allocation Failure) [PSYoungGen: 57152K->1344K(57344K)] 469737K->413929K(654848K), 0.0044162 secs] [Times: user=0.01 sys=0.00, real=0.01 secs] 
2938.338: [GC (Allocation Failure) [PSYoungGen: 57152K->1376K(57344K)] 469737K->413961K(654848K), 0.0025600 secs] [Times: user=0.01 sys=0.00, real=0.00 secs] 
2938.956: [GC (Allocation Failure) [PSYoungGen: 57184K->1328K(57344K)] 469769K->413913K(654848K), 0.0045534 secs] [Times: user=0.01 sys=0.00, real=0.01 secs] 
2939.548: [GC (Allocation Failure) [PSYoungGen: 57136K->1376K(57344K)] 469721K->413961K(654848K), 0.0036025 secs] [Times: user=0.01 sys=0.00, real=0.00 secs] 
2939.970: [GC (Allocation Failure) [PSYoungGen: 57184K->1408K(57344K)] 469769K->414001K(654848K), 0.0034248 secs] [Times: user=0.01 sys=0.00, real=0.00 secs] 
2940.384: [GC (Allocation Failure) [PSYoungGen: 57216K->1376K(57344K)] 469809K->413969K(654848K), 0.0034178 secs] [Times: user=0.02 sys=0.00, real=0.01 secs] 
2941.788: [GC (Allocation Failure) [PSYoungGen: 57184K->1408K(57344K)] 469777K->414001K(654848K), 0.0026707 secs] [Times: user=0.01 sys=0.00, real=0.00 secs] 
2942.865: [GC (Allocation Failure) [PSYoungGen: 57216K->1376K(57344K)] 469809K->413969K(654848K), 0.0029719 secs] [Times: user=0.01 sys=0.00, real=0.01 secs] 
2943.103: [GC (Allocation Failure) [PSYoungGen: 57184K->1376K(57344K)] 469777K->413969K(654848K), 0.0023987 secs] [Times: user=0.01 sys=0.00, real=0.00 secs] 
2943.344: [GC (Allocation Failure) [PSYoungGen: 57184K->1408K(57344K)] 469777K->414001K(654848K), 0.0021313 secs] [Times: user=0.01 sys=0.00, real=0.00 secs] 
2943.669: [GC (Allocation Failure) [PSYoungGen: 57216K->1376K(57344K)] 469809K->413969K(654848K), 0.0023985 secs] [Times: user=0.01 sys=0.00, real=0.00 secs] 
2944.855: [GC (Allocation Failure) [PSYoungGen: 57184K->1408K(57344K)] 469777K->414001K(654848K), 0.0019636 secs] [Times: user=0.01 sys=0.00, real=0.01 secs] 
2945.614: [GC (Allocation Failure) [PSYoungGen: 57216K->1376K(57344K)] 469809K->413969K(654848K), 0.0045322 secs] [Times: user=0.02 sys=0.00, real=0.01 secs] 
2946.351: [GC (Allocation Failure) [PSYoungGen: 57184K->1376K(57344K)] 469777K->413969K(654848K), 0.0039345 secs] [Times: user=0.02 sys=0.00, real=0.00 secs] 
2946.856: [GC (Allocation Failure) [PSYoungGen: 57184K->1376K(57344K)] 469777K->413969K(654848K), 0.0042845 secs] [Times: user=0.01 sys=0.00, real=0.01 secs] 
2947.137: [GC (Allocation Failure) [PSYoungGen: 57184K->1408K(57344K)] 469777K->414001K(654848K), 0.0021443 secs] [Times: user=0.01 sys=0.00, real=0.00 secs] 
2948.196: [GC (Allocation Failure) [PSYoungGen: 57216K->864K(57344K)] 469809K->414481K(654848K), 0.0018141 secs] [Times: user=0.00 sys=0.00, real=0.01 secs] 
2948.817: [GC (Allocation Failure) [PSYoungGen: 56672K->352K(56832K)] 470289K->413969K(654336K), 0.0023391 secs] [Times: user=0.01 sys=0.00, real=0.00 secs] 
2949.227: [GC (Allocation Failure) [PSYoungGen: 55648K->320K(57344K)] 469265K->413945K(654848K), 0.0021191 secs] [Times: user=0.00 sys=0.01, real=0.00 secs] 
2949.519: [GC (Allocation Failure) [PSYoungGen: 55616K->352K(57344K)] 469241K->413977K(654848K), 0.0020539 secs] [Times: user=0.01 sys=0.00, real=0.00 secs] 
2949.751: [GC (Allocation Failure) [PSYoungGen: 55648K->384K(57344K)] 469273K->414009K(654848K), 0.0020442 secs] [Times: user=0.01 sys=0.00, real=0.00 secs] 
2950.666: [GC (Allocation Failure) [PSYoungGen: 55680K->1440K(57344K)] 469305K->415065K(654848K), 0.0017171 secs] [Times: user=0.00 sys=0.00, real=0.01 secs] 
2951.126: [GC (Allocation Failure) [PSYoungGen: 56736K->1344K(57344K)] 470361K->414969K(654848K), 0.0018532 secs] [Times: user=0.01 sys=0.01, real=0.01 secs] 
2951.618: [GC (Allocation Failure) [PSYoungGen: 56640K->1376K(57344K)] 470265K->415001K(654848K), 0.0029666 secs] [Times: user=0.01 sys=0.00, real=0.00 secs] 
2951.960: [GC (Allocation Failure) [PSYoungGen: 56672K->1376K(57344K)] 470297K->415001K(654848K), 0.0021794 secs] [Times: user=0.01 sys=0.00, real=0.00 secs] 
2952.190: [GC (Allocation Failure) [PSYoungGen: 56672K->1376K(57344K)] 470297K->415001K(654848K), 0.0021856 secs] [Times: user=0.01 sys=0.00, real=0.00 secs] 
2952.445: [GC (Allocation Failure) [PSYoungGen: 56672K->1376K(57344K)] 470297K->415001K(654848K), 0.0022694 secs] [Times: user=0.01 sys=0.00, real=0.01 secs] 
2954.522: [GC (Allocation Failure) [PSYoungGen: 56672K->1376K(57344K)] 470297K->415001K(654848K), 0.0042178 secs] [Times: user=0.02 sys=0.00, real=0.01 secs] 
2955.149: [GC (Allocation Failure) [PSYoungGen: 56672K->1344K(57344K)] 470297K->414969K(654848K), 0.0033901 secs] [Times: user=0.02 sys=0.00, real=0.00 secs] 
2955.678: [GC (Allocation Failure) [PSYoungGen: 56640K->1376K(57344K)] 470265K->415001K(654848K), 0.0032185 secs] [Times: user=0.02 sys=0.00, real=0.00 secs] 
2956.029: [GC (Allocation Failure) [PSYoungGen: 56672K->1344K(57344K)] 470297K->414969K(654848K), 0.0022135 secs] [Times: user=0.01 sys=0.00, real=0.00 secs] 
2956.259: [GC (Allocation Failure) [PSYoungGen: 56640K->1376K(57344K)] 470265K->415009K(654848K), 0.0021796 secs] [Times: user=0.01 sys=0.00, real=0.00 secs] 
2957.535: [GC (Allocation Failure) [PSYoungGen: 56672K->1376K(57344K)] 470305K->415009K(654848K), 0.0026411 secs] [Times: user=0.01 sys=0.00, real=0.01 secs] 
2958.159: [GC (Allocation Failure) [PSYoungGen: 56672K->1344K(57344K)] 470305K->414977K(654848K), 0.0035008 secs] [Times: user=0.02 sys=0.00, real=0.00 secs] 
2958.883: [GC (Allocation Failure) [PSYoungGen: 56640K->1376K(57344K)] 470273K->415017K(654848K), 0.0035197 secs] [Times: user=0.01 sys=0.00, real=0.00 secs] 
2959.414: [GC (Allocation Failure) [PSYoungGen: 56672K->1344K(57344K)] 470313K->414985K(654848K), 0.0033811 secs] [Times: user=0.01 sys=0.00, real=0.01 secs] 
2959.890: [GC (Allocation Failure) [PSYoungGen: 56640K->1376K(57344K)] 470281K->415017K(654848K), 0.0033960 secs] [Times: user=0.02 sys=0.00, real=0.00 secs] 
2961.514: [GC (Allocation Failure) [PSYoungGen: 56672K->1376K(57344K)] 470313K->415017K(654848K), 0.0024221 secs] [Times: user=0.00 sys=0.00, real=0.00 secs] 
2962.483: [GC (Allocation Failure) [PSYoungGen: 56672K->1344K(57344K)] 470313K->414985K(654848K), 0.0045391 secs] [Times: user=0.02 sys=0.00, real=0.01 secs] 
2963.155: [GC (Allocation Failure) [PSYoungGen: 56640K->1376K(57344K)] 470281K->415017K(654848K), 0.0035605 secs] [Times: user=0.02 sys=0.00, real=0.01 secs] 
2963.516: [GC (Allocation Failure) [PSYoungGen: 56672K->1344K(57344K)] 470313K->414985K(654848K), 0.0023506 secs] [Times: user=0.01 sys=0.00, real=0.01 secs] 
2963.840: [GC (Allocation Failure) [PSYoungGen: 56640K->1376K(57344K)] 470281K->415017K(654848K), 0.0021714 secs] [Times: user=0.01 sys=0.00, real=0.00 secs] 
2964.857: [GC (Allocation Failure) [PSYoungGen: 56672K->1408K(57344K)] 470313K->415049K(654848K), 0.0019975 secs] [Times: user=0.01 sys=0.00, real=0.00 secs] 
2965.141: [GC (Allocation Failure) [PSYoungGen: 56704K->1376K(57344K)] 470345K->415017K(654848K), 0.0019779 secs] [Times: user=0.01 sys=0.00, real=0.00 secs] 
2965.683: [GC (Allocation Failure) [PSYoungGen: 56672K->1392K(57344K)] 470313K->415033K(654848K), 0.0029481 secs] [Times: user=0.01 sys=0.00, real=0.00 secs] 
2966.177: [GC (Allocation Failure) [PSYoungGen: 56688K->1376K(57344K)] 470329K->415017K(654848K), 0.0030823 secs] [Times: user=0.01 sys=0.00, real=0.00 secs] 
2966.629: [GC (Allocation Failure) [PSYoungGen: 56672K->1344K(57344K)] 470313K->414985K(654848K), 0.0036972 secs] [Times: user=0.01 sys=0.00, real=0.00 secs] 
2967.879: [GC (Allocation Failure) [PSYoungGen: 56640K->1408K(57344K)] 470281K->415049K(654848K), 0.0018418 secs] [Times: user=0.01 sys=0.00, real=0.00 secs] 
2968.253: [GC (Allocation Failure) [PSYoungGen: 56704K->1344K(57344K)] 470345K->414985K(654848K), 0.0017852 secs] [Times: user=0.01 sys=0.00, real=0.00 secs] 
2968.652: [GC (Allocation Failure) [PSYoungGen: 56640K->1376K(57344K)] 470281K->415017K(654848K), 0.0022294 secs] [Times: user=0.01 sys=0.00, real=0.00 secs] 
2969.079: [GC (Allocation Failure) [PSYoungGen: 56672K->1344K(57344K)] 470313K->414985K(654848K), 0.0026218 secs] [Times: user=0.01 sys=0.00, real=0.00 secs] 
2969.573: [GC (Allocation Failure) [PSYoungGen: 56640K->1344K(56832K)] 470281K->414993K(654336K), 0.0026117 secs] [Times: user=0.01 sys=0.00, real=0.00 secs] 
2970.682: [GC (Allocation Failure) [PSYoungGen: 56640K->1408K(56832K)] 470289K->415057K(654336K), 0.0019103 secs] [Times: user=0.01 sys=0.00, real=0.00 secs] 
2971.068: [GC (Allocation Failure) [PSYoungGen: 56704K->352K(56320K)] 470353K->415025K(653824K), 0.0022275 secs] [Times: user=0.01 sys=0.00, real=0.00 secs] 
2971.500: [GC (Allocation Failure) [PSYoungGen: 55648K->352K(57344K)] 470321K->415025K(654848K), 0.0023338 secs] [Times: user=0.01 sys=0.00, real=0.00 secs] 
2971.919: [GC (Allocation Failure) [PSYoungGen: 55648K->384K(57344K)] 470321K->415057K(654848K), 0.0032974 secs] [Times: user=0.01 sys=0.00, real=0.00 secs] 
2972.356: [GC (Allocation Failure) [PSYoungGen: 55680K->352K(57344K)] 470353K->415025K(654848K), 0.0030694 secs] [Times: user=0.01 sys=0.00, real=0.01 secs] 
2973.494: [GC (Allocation Failure) [PSYoungGen: 55648K->1440K(57344K)] 470321K->416113K(654848K), 0.0017989 secs] [Times: user=0.00 sys=0.00, real=0.00 secs] 
2973.746: [GC (Allocation Failure) [PSYoungGen: 56736K->1376K(57344K)] 471409K->416049K(654848K), 0.0018961 secs] [Times: user=0.01 sys=0.00, real=0.01 secs] 
2973.976: [GC (Allocation Failure) [PSYoungGen: 56672K->1376K(57344K)] 471345K->416049K(654848K), 0.0019992 secs] [Times: user=0.01 sys=0.00, real=0.01 secs] 
2974.205: [GC (Allocation Failure) [PSYoungGen: 56672K->1376K(57344K)] 471345K->416049K(654848K), 0.0018274 secs] [Times: user=0.01 sys=0.01, real=0.01 secs] 
2974.478: [GC (Allocation Failure) [PSYoungGen: 56672K->1376K(57344K)] 471345K->416049K(654848K), 0.0019433 secs] [Times: user=0.01 sys=0.00, real=0.00 secs] 
2975.750: [GC (Allocation Failure) [PSYoungGen: 56672K->1952K(57344K)] 471345K->416633K(654848K), 0.0018714 secs] [Times: user=0.00 sys=0.00, real=0.00 secs] 
2975.979: [GC (Allocation Failure) [PSYoungGen: 57248K->1408K(57856K)] 471929K->416089K(655360K), 0.0018942 secs] [Times: user=0.00 sys=0.00, real=0.00 secs] 
2976.209: [GC (Allocation Failure) [PSYoungGen: 56704K->1392K(57856K)] 471385K->416073K(655360K), 0.0017667 secs] [Times: user=0.00 sys=0.00, real=0.00 secs] 
2976.439: [GC (Allocation Failure) [PSYoungGen: 56688K->1344K(57856K)] 471369K->416025K(655360K), 0.0019456 secs] [Times: user=0.01 sys=0.00, real=0.00 secs] 
2976.705: [GC (Allocation Failure) [PSYoungGen: 56640K->1328K(56832K)] 471321K->416033K(654336K), 0.0024454 secs] [Times: user=0.01 sys=0.00, real=0.01 secs] 
2977.733: [GC (Allocation Failure) [PSYoungGen: 56624K->1504K(57344K)] 471329K->416209K(654848K), 0.0015804 secs] [Times: user=0.00 sys=0.00, real=0.00 secs] 
2978.452: [GC (Allocation Failure) [PSYoungGen: 56800K->1376K(57344K)] 471505K->416081K(654848K), 0.0018473 secs] [Times: user=0.01 sys=0.00, real=0.00 secs] 
2979.049: [GC (Allocation Failure) [PSYoungGen: 56672K->1344K(57344K)] 471377K->416049K(654848K), 0.0020484 secs] [Times: user=0.01 sys=0.00, real=0.00 secs] 
2979.569: [GC (Allocation Failure) [PSYoungGen: 56640K->1312K(57344K)] 471345K->416017K(654848K), 0.0021145 secs] [Times: user=0.01 sys=0.00, real=0.00 secs] 
2980.027: [GC (Allocation Failure) [PSYoungGen: 56608K->1344K(57344K)] 471313K->416049K(654848K), 0.0026448 secs] [Times: user=0.01 sys=0.00, real=0.00 secs] 
2980.478: [GC (Allocation Failure) [PSYoungGen: 56640K->1392K(57344K)] 471345K->416105K(654848K), 0.0026534 secs] [Times: user=0.01 sys=0.00, real=0.00 secs] 
2981.911: [GC (Allocation Failure) [PSYoungGen: 56688K->1408K(57344K)] 471401K->416121K(654848K), 0.0042236 secs] [Times: user=0.02 sys=0.00, real=0.00 secs] 
2982.500: [GC (Allocation Failure) [PSYoungGen: 56704K->1376K(57344K)] 471417K->416089K(654848K), 0.0041839 secs] [Times: user=0.01 sys=0.00, real=0.00 secs] 
2983.107: [GC (Allocation Failure) [PSYoungGen: 56672K->1344K(57344K)] 471385K->416057K(654848K), 0.0029205 secs] [Times: user=0.02 sys=0.00, real=0.00 secs] 
2983.452: [GC (Allocation Failure) [PSYoungGen: 56640K->1376K(57344K)] 471353K->416089K(654848K), 0.0029708 secs] [Times: user=0.02 sys=0.00, real=0.00 secs] 
2983.851: [GC (Allocation Failure) [PSYoungGen: 56672K->1344K(57344K)] 471385K->416057K(654848K), 0.0035742 secs] [Times: user=0.02 sys=0.00, real=0.00 secs] 
2985.140: [GC (Allocation Failure) [PSYoungGen: 56640K->1408K(57344K)] 471353K->416121K(654848K), 0.0022125 secs] [Times: user=0.01 sys=0.00, real=0.00 secs] 
2985.480: [GC (Allocation Failure) [PSYoungGen: 56704K->1376K(57344K)] 471417K->416089K(654848K), 0.0022606 secs] [Times: user=0.01 sys=0.00, real=0.00 secs] 
2985.711: [GC (Allocation Failure) [PSYoungGen: 56672K->1376K(57344K)] 471385K->416089K(654848K), 0.0026271 secs] [Times: user=0.01 sys=0.00, real=0.00 secs] 
2985.942: [GC (Allocation Failure) [PSYoungGen: 56672K->1408K(57344K)] 471385K->416121K(654848K), 0.0026313 secs] [Times: user=0.01 sys=0.00, real=0.00 secs] 
2986.197: [GC (Allocation Failure) [PSYoungGen: 56704K->1376K(57344K)] 471417K->416089K(654848K), 0.0021985 secs] [Times: user=0.01 sys=0.00, real=0.01 secs] 
2987.312: [GC (Allocation Failure) [PSYoungGen: 56672K->1344K(57344K)] 471385K->416057K(654848K), 0.0017036 secs] [Times: user=0.00 sys=0.00, real=0.00 secs] 
2987.789: [GC (Allocation Failure) [PSYoungGen: 56640K->1344K(57344K)] 471353K->416057K(654848K), 0.0024098 secs] [Times: user=0.01 sys=0.00, real=0.00 secs] 
2988.072: [GC (Allocation Failure) [PSYoungGen: 56640K->1376K(56832K)] 471353K->416105K(654336K), 0.0034016 secs] [Times: user=0.01 sys=0.00, real=0.00 secs] 
2988.300: [GC (Allocation Failure) [PSYoungGen: 56672K->1312K(56832K)] 471401K->416041K(654336K), 0.0024102 secs] [Times: user=0.01 sys=0.00, real=0.00 secs] 
2988.553: [GC (Allocation Failure) [PSYoungGen: 56608K->352K(56320K)] 471337K->416105K(653824K), 0.0022261 secs] [Times: user=0.01 sys=0.00, real=0.00 secs] 
2989.703: [GC (Allocation Failure) [PSYoungGen: 55648K->1376K(57344K)] 471401K->417129K(654848K), 0.0021396 secs] [Times: user=0.01 sys=0.00, real=0.00 secs] 
2990.212: [GC (Allocation Failure) [PSYoungGen: 56672K->1360K(57344K)] 472425K->417113K(654848K), 0.0024505 secs] [Times: user=0.01 sys=0.00, real=0.00 secs] 
2990.701: [GC (Allocation Failure) [PSYoungGen: 56656K->1376K(57344K)] 472409K->417129K(654848K), 0.0023135 secs] [Times: user=0.01 sys=0.00, real=0.00 secs] 
2991.232: [GC (Allocation Failure) [PSYoungGen: 56672K->1344K(57344K)] 472425K->417097K(654848K), 0.0029754 secs] [Times: user=0.01 sys=0.00, real=0.00 secs] 
2991.808: [GC (Allocation Failure) [PSYoungGen: 56640K->1376K(57344K)] 472393K->417129K(654848K), 0.0034282 secs] [Times: user=0.01 sys=0.00, real=0.00 secs] 
2993.690: [GC (Allocation Failure) [PSYoungGen: 56672K->1344K(57344K)] 472425K->417097K(654848K), 0.0033535 secs] [Times: user=0.01 sys=0.00, real=0.00 secs] 
2994.330: [GC (Allocation Failure) [PSYoungGen: 56640K->1344K(57344K)] 472393K->417097K(654848K), 0.0033533 secs] [Times: user=0.01 sys=0.00, real=0.00 secs] 
2994.874: [GC (Allocation Failure) [PSYoungGen: 56640K->1312K(57344K)] 472393K->417065K(654848K), 0.0033239 secs] [Times: user=0.01 sys=0.00, real=0.01 secs] 
2995.711: [GC (Allocation Failure) [PSYoungGen: 56608K->992K(57344K)] 472361K->416753K(654848K), 0.0028622 secs] [Times: user=0.02 sys=0.00, real=0.00 secs] 
2995.890: [GC (Allocation Failure) [PSYoungGen: 56288K->2016K(56832K)] 472049K->418810K(654336K), 0.0035950 secs] [Times: user=0.02 sys=0.00, real=0.00 secs] 
2997.875: [GC (Allocation Failure) [PSYoungGen: 56800K->2528K(57344K)] 473594K->425435K(654848K), 0.0042246 secs] [Times: user=0.02 sys=0.00, real=0.01 secs] 
3003.934: [GC (Allocation Failure) [PSYoungGen: 57312K->5088K(49664K)] 480219K->454227K(647168K), 0.0467838 secs] [Times: user=0.23 sys=0.03, real=0.05 secs] 
3007.367: [GC (Allocation Failure) [PSYoungGen: 49632K->15328K(59904K)] 498771K->484523K(657408K), 0.0388978 secs] [Times: user=0.15 sys=0.07, real=0.03 secs] 
3007.517: [GC (Allocation Failure) [PSYoungGen: 56930K->25568K(56832K)] 526125K->517123K(654336K), 0.0348404 secs] [Times: user=0.15 sys=0.06, real=0.03 secs] 
3007.601: [GC (Allocation Failure) [PSYoungGen: 56800K->38880K(70144K)] 548355K->537595K(667648K), 0.0181231 secs] [Times: user=0.10 sys=0.00, real=0.02 secs] 
3007.675: [GC (Allocation Failure) [PSYoungGen: 70112K->48608K(71168K)] 568827K->562483K(668672K), 0.0278755 secs] [Times: user=0.14 sys=0.01, real=0.03 secs] 
3007.746: [GC (Allocation Failure) [PSYoungGen: 71136K->63456K(86016K)] 585011K->588591K(683520K), 0.0312055 secs] [Times: user=0.14 sys=0.04, real=0.04 secs] 
3007.824: [GC (Allocation Failure) [PSYoungGen: 85984K->71712K(95232K)] 611119K->598472K(692736K), 0.0389812 secs] [Times: user=0.15 sys=0.09, real=0.04 secs] 
3007.902: [GC (Allocation Failure) [PSYoungGen: 87584K->73984K(106496K)] 630728K->617664K(704000K), 0.1159012 secs] [Times: user=0.65 sys=0.00, real=0.12 secs] 
3009.999: [GC (Allocation Failure) [PSYoungGen: 89856K->84544K(108544K)] 633536K->629732K(706048K), 0.2780555 secs] [Times: user=1.64 sys=0.02, real=0.28 secs] 
3011.487: [GC (Allocation Failure) [PSYoungGen: 92224K->47456K(55296K)] 637412K->635916K(652800K), 0.2926128 secs] [Times: user=1.52 sys=0.11, real=0.29 secs] 
3011.780: [Full GC (Ergonomics) [PSYoungGen: 47456K->0K(55296K)] [ParOldGen: 588460K->226632K(680448K)] 635916K->226632K(735744K), [Metaspace: 59880K->59784K(1105920K)], 0.5212985 secs] [Times: user=2.29 sys=0.04, real=0.52 secs] 
3013.194: [GC (Allocation Failure) [PSYoungGen: 7680K->5952K(115712K)] 234312K->232584K(796160K), 0.0352881 secs] [Times: user=0.20 sys=0.00, real=0.04 secs] 
3015.980: [GC (Allocation Failure) [PSYoungGen: 15168K->11040K(20480K)] 241800K->237672K(700928K), 0.0565047 secs] [Times: user=0.33 sys=0.00, real=0.05 secs] 
3019.349: [GC (Allocation Failure) [PSYoungGen: 20256K->6208K(111104K)] 246888K->243792K(791552K), 0.0602070 secs] [Times: user=0.35 sys=0.00, real=0.06 secs] 
3021.429: [GC (Allocation Failure) [PSYoungGen: 17472K->4960K(113664K)] 255056K->248552K(794112K), 0.0387333 secs] [Times: user=0.21 sys=0.00, real=0.04 secs] 
3022.270: [GC (Allocation Failure) [PSYoungGen: 16081K->7104K(107520K)] 259674K->255192K(787968K), 0.0238882 secs] [Times: user=0.14 sys=0.00, real=0.02 secs] 
3023.088: [GC (Allocation Failure) [PSYoungGen: 20928K->220K(110592K)] 269016K->255013K(791040K), 0.0103127 secs] [Times: user=0.06 sys=0.00, real=0.01 secs] 
3023.146: [GC (Allocation Failure) [PSYoungGen: 14044K->128K(104960K)] 268837K->254960K(785408K), 0.0015255 secs] [Times: user=0.00 sys=0.00, real=0.01 secs] 
3023.182: [GC (Allocation Failure) [PSYoungGen: 17024K->64K(108032K)] 271856K->254912K(788480K), 0.0013807 secs] [Times: user=0.00 sys=0.00, real=0.00 secs] 
3023.217: [GC (Allocation Failure) [PSYoungGen: 16960K->64K(100864K)] 271808K->254912K(781312K), 0.0012628 secs] [Times: user=0.00 sys=0.00, real=0.00 secs] 
3023.307: [GC (Allocation Failure) [PSYoungGen: 20032K->1376K(104448K)] 274880K->256224K(784896K), 0.0019285 secs] [Times: user=0.01 sys=0.00, real=0.00 secs] 
3023.361: [GC (Allocation Failure) [PSYoungGen: 21344K->3328K(95232K)] 276192K->259463K(775680K), 0.0065654 secs] [Times: user=0.03 sys=0.00, real=0.01 secs] 
3023.481: [GC (Allocation Failure) [PSYoungGen: 26880K->12160K(35840K)] 283015K->271219K(716288K), 0.0080200 secs] [Times: user=0.03 sys=0.00, real=0.01 secs] 
3023.930: [GC (Allocation Failure) [PSYoungGen: 35712K->15712K(88576K)] 294771K->285848K(769024K), 0.0146204 secs] [Times: user=0.08 sys=0.00, real=0.01 secs] 
3024.230: [GC (Allocation Failure) [PSYoungGen: 41856K->18464K(93696K)] 311992K->304136K(774144K), 0.0400391 secs] [Times: user=0.23 sys=0.00, real=0.04 secs] 
3024.355: [GC (Allocation Failure) [PSYoungGen: 46624K->21120K(90112K)] 332296K->325144K(770560K), 0.0207226 secs] [Times: user=0.12 sys=0.00, real=0.02 secs] 
3024.449: [GC (Allocation Failure) [PSYoungGen: 54400K->26336K(92672K)] 358424K->351400K(773120K), 0.0261559 secs] [Times: user=0.15 sys=0.00, real=0.02 secs] 
3024.529: [GC (Allocation Failure) [PSYoungGen: 59616K->26304K(97792K)] 384680K->377696K(778240K), 0.0245130 secs] [Times: user=0.14 sys=0.00, real=0.02 secs] 
3024.619: [GC (Allocation Failure) [PSYoungGen: 66240K->32096K(98304K)] 417632K->409784K(778752K), 0.0191818 secs] [Times: user=0.11 sys=0.00, real=0.02 secs] 
3026.467: [GC (Allocation Failure) [PSYoungGen: 72032K->31520K(107520K)] 449720K->441388K(787968K), 0.1708457 secs] [Times: user=1.02 sys=0.01, real=0.17 secs] 
3026.776: [GC (Allocation Failure) [PSYoungGen: 79136K->39072K(108032K)] 489004K->480448K(788480K), 0.0362978 secs] [Times: user=0.21 sys=0.00, real=0.04 secs] 
3027.536: [GC (Allocation Failure) [PSYoungGen: 86688K->38432K(118784K)] 528064K->551648K(799232K), 0.0240180 secs] [Times: user=0.13 sys=0.01, real=0.03 secs] 
3027.800: [GC (Allocation Failure) [PSYoungGen: 93728K->416K(120320K)] 606944K->543784K(800768K), 0.0471427 secs] [Times: user=0.28 sys=0.00, real=0.05 secs] 
3027.946: [GC (Allocation Failure) [PSYoungGen: 55712K->11328K(125952K)] 599080K->554928K(806400K), 0.0050818 secs] [Times: user=0.03 sys=0.00, real=0.01 secs] 
3028.028: [GC (Allocation Failure) [PSYoungGen: 77376K->44416K(128512K)] 620976K->598475K(808960K), 0.0155209 secs] [Times: user=0.07 sys=0.00, real=0.01 secs] 
3028.113: [GC (Allocation Failure) [PSYoungGen: 110464K->52192K(139264K)] 664523K->646307K(819712K), 0.0294960 secs] [Times: user=0.13 sys=0.02, real=0.03 secs] 
3028.495: [GC (Allocation Failure) [PSYoungGen: 124384K->52736K(145920K)] 718499K->698875K(826368K), 0.0394613 secs] [Times: user=0.16 sys=0.01, real=0.04 secs] 
3028.535: [Full GC (Ergonomics) [PSYoungGen: 52736K->0K(145920K)] [ParOldGen: 646139K->170517K(676864K)] 698875K->170517K(822784K), [Metaspace: 60010K->60010K(1105920K)], 0.3811173 secs] [Times: user=1.44 sys=0.01, real=0.38 secs] 
3029.153: [GC (Allocation Failure) [PSYoungGen: 72192K->58880K(159232K)] 242709K->229397K(836096K), 0.0290703 secs] [Times: user=0.13 sys=0.01, real=0.03 secs] 
3030.938: [GC (Allocation Failure) [PSYoungGen: 139264K->33664K(165376K)] 309781K->263141K(842240K), 0.0368043 secs] [Times: user=0.22 sys=0.00, real=0.03 secs] 
3031.134: [GC (Allocation Failure) [PSYoungGen: 114048K->8128K(175616K)] 343525K->271338K(852480K), 0.0535064 secs] [Times: user=0.31 sys=0.01, real=0.06 secs] 
3031.344: [GC (Allocation Failure) [PSYoungGen: 103872K->65792K(175616K)] 367082K->336159K(852480K), 0.0170841 secs] [Times: user=0.10 sys=0.00, real=0.02 secs] 
3031.510: [GC (Allocation Failure) [PSYoungGen: 161536K->71936K(192512K)] 431903K->403511K(869376K), 0.0436295 secs] [Times: user=0.21 sys=0.04, real=0.04 secs] 
3032.830: [GC (Allocation Failure) [PSYoungGen: 176384K->76896K(201728K)] 507959K->471855K(878592K), 0.1126558 secs] [Times: user=0.67 sys=0.00, real=0.11 secs] 
3036.182: [GC (Allocation Failure) [PSYoungGen: 181344K->31136K(218624K)] 576303K->502191K(895488K), 0.0390591 secs] [Times: user=0.24 sys=0.00, real=0.04 secs] 
3036.616: [GC (Allocation Failure) [PSYoungGen: 154528K->60416K(224256K)] 625583K->562719K(901120K), 0.0707295 secs] [Times: user=0.42 sys=0.00, real=0.08 secs] 
3036.915: [GC (Allocation Failure) [PSYoungGen: 183808K->97472K(233472K)] 686111K->654716K(910336K), 0.0476321 secs] [Times: user=0.21 sys=0.06, real=0.05 secs] 
3037.748: [GC (Allocation Failure) [PSYoungGen: 228544K->117216K(248320K)] 785788K->782156K(925184K), 0.0536814 secs] [Times: user=0.32 sys=0.01, real=0.05 secs] 
3037.802: [Full GC (Ergonomics) [PSYoungGen: 117216K->0K(248320K)] [ParOldGen: 664940K->258649K(842752K)] 782156K->258649K(1091072K), [Metaspace: 60014K->60014K(1105920K)], 0.5448817 secs] [Times: user=2.24 sys=0.00, real=0.54 secs] 
3038.767: [GC (Allocation Failure) [PSYoungGen: 131072K->25310K(316416K)] 389721K->283960K(1159168K), 0.0077640 secs] [Times: user=0.03 sys=0.00, real=0.00 secs] 
3039.041: [GC (Allocation Failure) [PSYoungGen: 177374K->109472K(323584K)] 436024K->391627K(1166336K), 0.0345952 secs] [Times: user=0.20 sys=0.00, real=0.03 secs] 
3039.691: [GC (Allocation Failure) [PSYoungGen: 261536K->118144K(346624K)] 543691K->501363K(1189376K), 0.0882075 secs] [Times: user=0.47 sys=0.05, real=0.09 secs] 
3044.123: [GC (Allocation Failure) [PSYoungGen: 286592K->39392K(354816K)] 669811K->540251K(1197568K), 0.1441939 secs] [Times: user=0.85 sys=0.00, real=0.15 secs] 
3045.321: [GC (Allocation Failure) [PSYoungGen: 207840K->128512K(364032K)] 708699K->664830K(1206784K), 0.0375032 secs] [Times: user=0.21 sys=0.01, real=0.04 secs] 
3046.413: [GC (Allocation Failure) [PSYoungGen: 312320K->86336K(375296K)] 848638K->742818K(1218048K), 0.0594789 secs] [Times: user=0.36 sys=0.00, real=0.06 secs] 
3046.950: [GC (Allocation Failure) [PSYoungGen: 270144K->106752K(394752K)] 926626K->849306K(1237504K), 0.0502843 secs] [Times: user=0.26 sys=0.04, real=0.05 secs] 
3047.000: [Full GC (Ergonomics) [PSYoungGen: 106752K->0K(394752K)] [ParOldGen: 742554K->123899K(784896K)] 849306K->123899K(1179648K), [Metaspace: 60028K->60028K(1105920K)], 0.2725947 secs] [Times: user=1.24 sys=0.00, real=0.27 secs] 
3048.716: [GC (Allocation Failure) [PSYoungGen: 210432K->142208K(395264K)] 334331K->266107K(1180160K), 0.0532425 secs] [Times: user=0.32 sys=0.00, real=0.06 secs] 
3052.640: [GC (Allocation Failure) [PSYoungGen: 352640K->88736K(416256K)] 476539K->354763K(1201152K), 0.1065381 secs] [Times: user=0.62 sys=0.01, real=0.11 secs] 
3053.896: [GC (Allocation Failure) [PSYoungGen: 328352K->156064K(427520K)] 594379K->504202K(1212416K), 0.0609843 secs] [Times: user=0.36 sys=0.00, real=0.07 secs] 
3054.412: [GC (Allocation Failure) [PSYoungGen: 395680K->117536K(478208K)] 743818K->621290K(1263104K), 0.0820173 secs] [Times: user=0.43 sys=0.05, real=0.08 secs] 
3056.281: [GC (Allocation Failure) [PSYoungGen: 391968K->6720K(476672K)] 895722K->510506K(1261568K), 0.0038789 secs] [Times: user=0.02 sys=0.00, real=0.00 secs] 
3057.188: [GC (Allocation Failure) [PSYoungGen: 281152K->206304K(439296K)] 784938K->717767K(1224192K), 0.0459851 secs] [Times: user=0.24 sys=0.03, real=0.04 secs] 
3060.789: [GC (Allocation Failure) [PSYoungGen: 439264K->88736K(465920K)] 950727K->789983K(1250816K), 0.1839654 secs] [Times: user=1.09 sys=0.00, real=0.18 secs] 
3060.973: [Full GC (Ergonomics) [PSYoungGen: 88736K->0K(465920K)] [ParOldGen: 701247K->65313K(842752K)] 789983K->65313K(1308672K), [Metaspace: 60037K->60037K(1105920K)], 0.1698094 secs] [Times: user=0.79 sys=0.00, real=0.17 secs] 
3061.369: [GC (Allocation Failure) [PSYoungGen: 232960K->166496K(462336K)] 298273K->231809K(1305088K), 0.0342166 secs] [Times: user=0.20 sys=0.00, real=0.03 secs] 
3062.957: [GC (Allocation Failure) [PSYoungGen: 399456K->92128K(465920K)] 464769K->323725K(1308672K), 0.1194017 secs] [Times: user=0.71 sys=0.00, real=0.11 secs] 
3063.891: [GC (Allocation Failure) [PSYoungGen: 325088K->174336K(462848K)] 556685K->492398K(1305600K), 0.1470811 secs] [Times: user=0.87 sys=0.00, real=0.15 secs] 
3067.604: [GC (Allocation Failure) [PSYoungGen: 407296K->82176K(465920K)] 725358K->574462K(1308672K), 0.0943678 secs] [Times: user=0.56 sys=0.00, real=0.10 secs] 
3068.547: [GC (Allocation Failure) [PSYoungGen: 315136K->209632K(465920K)] 807422K->777869K(1308672K), 0.0662071 secs] [Times: user=0.39 sys=0.00, real=0.06 secs] 
3069.294: [GC (Allocation Failure) [PSYoungGen: 435913K->92576K(465920K)] 1004151K->829069K(1308672K), 0.0891244 secs] [Times: user=0.53 sys=0.00, real=0.09 secs] 
3069.383: [Full GC (Ergonomics) [PSYoungGen: 92576K->0K(465920K)] [ParOldGen: 736493K->110750K(944640K)] 829069K->110750K(1410560K), [Metaspace: 60050K->60050K(1105920K)], 0.2492308 secs] [Times: user=1.03 sys=0.00, real=0.25 secs] 
3074.378: [GC (Allocation Failure) [PSYoungGen: 232960K->150976K(465920K)] 343710K->261726K(1410560K), 0.0432895 secs] [Times: user=0.25 sys=0.00, real=0.04 secs] 
3075.228: [GC (Allocation Failure) [PSYoungGen: 377130K->93728K(465920K)] 487880K->355694K(1410560K), 0.0779167 secs] [Times: user=0.46 sys=0.00, real=0.07 secs] 
3077.548: [GC (Allocation Failure) [PSYoungGen: 326688K->150848K(465920K)] 588654K->499345K(1410560K), 0.0604035 secs] [Times: user=0.36 sys=0.00, real=0.06 secs] 
3077.969: [GC (Allocation Failure) [PSYoungGen: 383808K->132544K(465920K)] 732305K->632097K(1410560K), 0.0615740 secs] [Times: user=0.36 sys=0.00, real=0.06 secs] 
3079.185: [GC (Allocation Failure) [PSYoungGen: 365504K->133120K(454656K)] 865057K->737984K(1399296K), 0.0621351 secs] [Times: user=0.36 sys=0.00, real=0.07 secs] 
3083.160: [GC (Allocation Failure) [PSYoungGen: 366080K->133024K(460288K)] 970944K->870368K(1404928K), 0.0610270 secs] [Times: user=0.35 sys=0.00, real=0.06 secs] 
3083.221: [Full GC (Ergonomics) [PSYoungGen: 133024K->0K(460288K)] [ParOldGen: 737344K->150646K(1011200K)] 870368K->150646K(1471488K), [Metaspace: 60063K->60063K(1105920K)], 0.3384593 secs] [Times: user=1.55 sys=0.00, real=0.34 secs] 
3084.654: [GC (Allocation Failure) [PSYoungGen: 232960K->115072K(456192K)] 383606K->265718K(1467392K), 0.0418659 secs] [Times: user=0.24 sys=0.00, real=0.04 secs] 
3084.993: [GC (Allocation Failure) [PSYoungGen: 365952K->165056K(463360K)] 516598K->430778K(1474560K), 0.0612772 secs] [Times: user=0.36 sys=0.00, real=0.06 secs] 
3088.714: [GC (Allocation Failure) [PSYoungGen: 415936K->24352K(463360K)] 681658K->290210K(1474560K), 0.0186262 secs] [Times: user=0.10 sys=0.00, real=0.02 secs] 
3090.544: [GC (Allocation Failure) [PSYoungGen: 268576K->192352K(436736K)] 534434K->479243K(1447936K), 0.0421888 secs] [Times: user=0.25 sys=0.00, real=0.04 secs] 
3091.788: [GC (Allocation Failure) [PSYoungGen: 436576K->105120K(465920K)] 723467K->567531K(1477120K), 0.1039070 secs] [Times: user=0.62 sys=0.00, real=0.10 secs] 
3093.227: [GC (Allocation Failure) [PSYoungGen: 338080K->165696K(465920K)] 800491K->727520K(1477120K), 0.1466334 secs] [Times: user=0.88 sys=0.01, real=0.14 secs] 
3095.386: [GC (Allocation Failure) [PSYoungGen: 398656K->92288K(465920K)] 960480K->820064K(1477120K), 0.1098494 secs] [Times: user=0.65 sys=0.00, real=0.11 secs] 
3096.524: [GC (Allocation Failure) [PSYoungGen: 325248K->209184K(465920K)] 1053024K->1022965K(1477120K), 0.0789500 secs] [Times: user=0.38 sys=0.09, real=0.08 secs] 
3096.603: [Full GC (Ergonomics) [PSYoungGen: 209184K->0K(465920K)] [ParOldGen: 813781K->259203K(1162752K)] 1022965K->259203K(1628672K), [Metaspace: 60092K->60092K(1105920K)], 0.5292094 secs] [Times: user=2.15 sys=0.00, real=0.53 secs] 
3099.427: [GC (Allocation Failure) [PSYoungGen: 232076K->98202K(465920K)] 491279K->357405K(1628672K), 0.0309370 secs] [Times: user=0.18 sys=0.00, real=0.03 secs] 
3100.583: [GC (Allocation Failure) [PSYoungGen: 331162K->151552K(465920K)] 590365K->502826K(1628672K), 0.0612561 secs] [Times: user=0.37 sys=0.00, real=0.06 secs] 
3102.252: [GC (Allocation Failure) [PSYoungGen: 384512K->106304K(465920K)] 735786K->608450K(1628672K), 0.0763643 secs] [Times: user=0.45 sys=0.00, real=0.08 secs] 
3105.616: [GC (Allocation Failure) [PSYoungGen: 339264K->142016K(375296K)] 841410K->740179K(1538048K), 0.0616592 secs] [Times: user=0.37 sys=0.00, real=0.07 secs] 
3107.071: [GC (Allocation Failure) [PSYoungGen: 374976K->124256K(475136K)] 973139K->863803K(1637888K), 0.0645508 secs] [Times: user=0.38 sys=0.00, real=0.06 secs] 
3108.306: [GC (Allocation Failure) [PSYoungGen: 366944K->800K(465408K)] 1106491K->740535K(1628160K), 0.0018151 secs] [Times: user=0.01 sys=0.00, real=0.01 secs] 
3109.429: [GC (Allocation Failure) [PSYoungGen: 243488K->158976K(465920K)] 983223K->898735K(1628672K), 0.0455389 secs] [Times: user=0.26 sys=0.00, real=0.04 secs] 
3112.484: [GC (Allocation Failure) [PSYoungGen: 391936K->9440K(465920K)] 1131695K->749239K(1628672K), 0.0096435 secs] [Times: user=0.05 sys=0.00, real=0.01 secs] 
3114.449: [GC (Allocation Failure) [PSYoungGen: 242400K->162112K(465920K)] 982199K->908544K(1628672K), 0.0337248 secs] [Times: user=0.20 sys=0.00, real=0.03 secs] 
3115.631: [GC (Allocation Failure) [PSYoungGen: 395072K->102880K(465920K)] 1141504K->1002112K(1628672K), 0.0913356 secs] [Times: user=0.34 sys=0.17, real=0.09 secs] 
3116.245: [GC (Allocation Failure) [PSYoungGen: 330792K->162304K(465920K)] 1230025K->1161825K(1628672K), 0.0631745 secs] [Times: user=0.29 sys=0.09, real=0.07 secs] 
3116.308: [Full GC (Ergonomics) [PSYoungGen: 162304K->0K(465920K)] [ParOldGen: 999521K->200257K(1147904K)] 1161825K->200257K(1613824K), [Metaspace: 60100K->60100K(1105920K)], 0.4746117 secs] [Times: user=2.21 sys=0.00, real=0.47 secs] 
3120.084: [GC (Allocation Failure) [PSYoungGen: 232960K->91712K(465920K)] 433217K->291969K(1613824K), 0.0953003 secs] [Times: user=0.56 sys=0.00, real=0.10 secs] 
3121.794: [GC (Allocation Failure) [PSYoungGen: 324672K->169312K(465920K)] 524929K->457194K(1613824K), 0.0486989 secs] [Times: user=0.29 sys=0.00, real=0.05 secs] 
3124.097: [GC (Allocation Failure) [PSYoungGen: 402272K->84352K(465920K)] 690154K->541498K(1613824K), 0.1820728 secs] [Times: user=1.08 sys=0.01, real=0.18 secs] 
3124.589: [GC (Allocation Failure) [PSYoungGen: 317312K->172000K(465920K)] 774458K->709735K(1613824K), 0.0545307 secs] [Times: user=0.32 sys=0.00, real=0.05 secs] 
3127.658: [GC (Allocation Failure) [PSYoungGen: 404960K->86816K(465920K)] 942695K->796239K(1613824K), 0.1372078 secs] [Times: user=0.82 sys=0.00, real=0.13 secs] 
3128.102: [GC (Allocation Failure) [PSYoungGen: 319776K->179392K(465920K)] 1029199K->969384K(1613824K), 0.0577350 secs] [Times: user=0.34 sys=0.00, real=0.06 secs] 
3130.223: [GC (Allocation Failure) [PSYoungGen: 412352K->84000K(465920K)] 1202344K->1053560K(1613824K), 0.1235136 secs] [Times: user=0.72 sys=0.00, real=0.13 secs] 
3130.347: [Full GC (Ergonomics) [PSYoungGen: 84000K->0K(465920K)] [ParOldGen: 969560K->90531K(1088512K)] 1053560K->90531K(1554432K), [Metaspace: 60106K->60106K(1105920K)], 0.2072028 secs] [Times: user=0.95 sys=0.00, real=0.20 secs] 
3131.130: [GC (Allocation Failure) [PSYoungGen: 232105K->206528K(465920K)] 322636K->297059K(1554432K), 0.0378049 secs] [Times: user=0.22 sys=0.00, real=0.04 secs] 
3134.748: [GC (Allocation Failure) [PSYoungGen: 439488K->86816K(465920K)] 530019K->348887K(1554432K), 0.0983138 secs] [Times: user=0.59 sys=0.00, real=0.09 secs] 
3135.956: [GC (Allocation Failure) [PSYoungGen: 319776K->157824K(465920K)] 581847K->499636K(1554432K), 0.0598752 secs] [Times: user=0.36 sys=0.00, real=0.06 secs] 
3136.489: [GC (Allocation Failure) [PSYoungGen: 390784K->112256K(465920K)] 732596K->612156K(1554432K), 0.0633784 secs] [Times: user=0.37 sys=0.00, real=0.06 secs] 
3138.254: [GC (Allocation Failure) [PSYoungGen: 345216K->135872K(465920K)] 845116K->737745K(1554432K), 0.0615888 secs] [Times: user=0.37 sys=0.00, real=0.06 secs] 
3141.809: [GC (Allocation Failure) [PSYoungGen: 368832K->112864K(346112K)] 970705K->850369K(1434624K), 0.0750428 secs] [Times: user=0.44 sys=0.00, real=0.07 secs] 
3143.067: [GC (Allocation Failure) [PSYoungGen: 345824K->135136K(470016K)] 1083329K->975044K(1558528K), 0.0620370 secs] [Times: user=0.37 sys=0.00, real=0.06 secs] 
3143.717: [GC (Allocation Failure) [PSYoungGen: 375264K->142432K(462848K)] 1215172K->1117644K(1551360K), 0.0606039 secs] [Times: user=0.36 sys=0.01, real=0.06 secs] 
3143.778: [Full GC (Ergonomics) [PSYoungGen: 142432K->0K(462848K)] [ParOldGen: 975212K->160050K(1179136K)] 1117644K->160050K(1641984K), [Metaspace: 60113K->60113K(1105920K)], 0.3689397 secs] [Times: user=1.69 sys=0.00, real=0.37 secs] 
3145.761: [GC (Allocation Failure) [PSYoungGen: 240128K->109888K(470016K)] 400178K->269938K(1649152K), 0.0591399 secs] [Times: user=0.35 sys=0.00, real=0.06 secs] 
3148.849: [GC (Allocation Failure) [PSYoungGen: 362304K->182656K(465408K)] 522354K->450607K(1644544K), 0.0590690 secs] [Times: user=0.35 sys=0.01, real=0.06 secs] 
3150.368: [GC (Allocation Failure) [PSYoungGen: 435072K->107712K(478720K)] 703023K->540959K(1657856K), 0.1137521 secs] [Times: user=0.68 sys=0.00, real=0.11 secs] 
3151.324: [GC (Allocation Failure) [PSYoungGen: 361152K->184384K(438272K)] 794399K->722172K(1617408K), 0.0809601 secs] [Times: user=0.48 sys=0.00, real=0.08 secs] 
3154.982: [GC (Allocation Failure) [PSYoungGen: 437824K->102016K(471552K)] 975612K->823996K(1650688K), 0.1145559 secs] [Times: user=0.68 sys=0.00, real=0.11 secs] 
3156.244: [GC (Allocation Failure) [PSYoungGen: 342144K->162272K(467456K)] 1064124K->979703K(1646592K), 0.0659921 secs] [Times: user=0.40 sys=0.00, real=0.07 secs] 
3156.814: [GC (Allocation Failure) [PSYoungGen: 402400K->111808K(463872K)] 1219831K->1091759K(1643008K), 0.0719797 secs] [Times: user=0.43 sys=0.00, real=0.07 secs] 
3156.886: [Full GC (Ergonomics) [PSYoungGen: 111808K->0K(463872K)] [ParOldGen: 979951K->129414K(1198592K)] 1091759K->129414K(1662464K), [Metaspace: 60124K->60124K(1105920K)], 0.2909731 secs] [Times: user=1.32 sys=0.01, real=0.30 secs] 
3158.923: [GC (Allocation Failure) [PSYoungGen: 242688K->136352K(466432K)] 372102K->265766K(1665024K), 0.0505402 secs] [Times: user=0.30 sys=0.00, real=0.05 secs] 
3161.714: [GC (Allocation Failure) [PSYoungGen: 379040K->144896K(471040K)] 508454K->410590K(1669632K), 0.0718194 secs] [Times: user=0.35 sys=0.01, real=0.07 secs] 
3163.658: [GC (Allocation Failure) [PSYoungGen: 402944K->8800K(470016K)] 668638K->274530K(1668608K), 0.0029243 secs] [Times: user=0.01 sys=0.00, real=0.00 secs] 
3165.019: [GC (Allocation Failure) [PSYoungGen: 253257K->175456K(458752K)] 518987K->448179K(1657344K), 0.0360198 secs] [Times: user=0.21 sys=0.00, real=0.03 secs] 
3167.881: [GC (Allocation Failure) [PSYoungGen: 408416K->94880K(465920K)] 681139K->534555K(1664512K), 0.1511566 secs] [Times: user=0.90 sys=0.00, real=0.15 secs] 
3168.734: [GC (Allocation Failure) [PSYoungGen: 327840K->165984K(462848K)] 767515K->697114K(1661440K), 0.0881349 secs] [Times: user=0.52 sys=0.01, real=0.09 secs] 
3172.088: [GC (Allocation Failure) [PSYoungGen: 398944K->89760K(465920K)] 930074K->786034K(1664512K), 0.1519684 secs] [Times: user=0.90 sys=0.01, real=0.15 secs] 
3172.552: [GC (Allocation Failure) [PSYoungGen: 322720K->173216K(463872K)] 1018994K->955003K(1662464K), 0.0569355 secs] [Times: user=0.34 sys=0.00, real=0.06 secs] 
3175.864: [GC (Allocation Failure) [PSYoungGen: 406176K->83424K(465920K)] 1187963K->1038495K(1664512K), 0.1189529 secs] [Times: user=0.71 sys=0.00, real=0.12 secs] 
3175.983: [Full GC (Ergonomics) [PSYoungGen: 83424K->0K(465920K)] [ParOldGen: 955071K->74716K(1200128K)] 1038495K->74716K(1666048K), [Metaspace: 60165K->60165K(1105920K)], 0.1717427 secs] [Times: user=0.78 sys=0.00, real=0.17 secs] 
3177.858: [GC (Allocation Failure) [PSYoungGen: 232960K->169440K(465920K)] 307676K->244156K(1666048K), 0.1040896 secs] [Times: user=0.62 sys=0.00, real=0.10 secs] 
3179.648: [GC (Allocation Failure) [PSYoungGen: 402400K->89280K(465920K)] 477116K->333436K(1666048K), 0.1252278 secs] [Times: user=0.74 sys=0.01, real=0.12 secs] 
3180.392: [GC (Allocation Failure) [PSYoungGen: 319933K->208064K(465920K)] 564089K->534609K(1666048K), 0.0622532 secs] [Times: user=0.37 sys=0.00, real=0.06 secs] 
3183.552: [GC (Allocation Failure) [PSYoungGen: 441024K->86624K(465920K)] 767569K->586709K(1666048K), 0.1059181 secs] [Times: user=0.63 sys=0.00, real=0.11 secs] 
3184.832: [GC (Allocation Failure) [PSYoungGen: 319584K->157952K(465920K)] 819669K->737809K(1666048K), 0.0602310 secs] [Times: user=0.36 sys=0.00, real=0.06 secs] 
3186.189: [GC (Allocation Failure) [PSYoungGen: 390912K->103424K(465920K)] 970769K->841033K(1666048K), 0.0872337 secs] [Times: user=0.52 sys=0.00, real=0.08 secs] 
3187.399: [GC (Allocation Failure) [PSYoungGen: 336384K->144960K(465920K)] 1073993K->975690K(1666048K), 0.0612654 secs] [Times: user=0.36 sys=0.00, real=0.06 secs] 
3189.878: [GC (Allocation Failure) [PSYoungGen: 377920K->115552K(348672K)] 1208650K->1091002K(1548800K), 0.0744094 secs] [Times: user=0.44 sys=0.01, real=0.07 secs] 
3189.953: [Full GC (Ergonomics) [PSYoungGen: 115552K->0K(348672K)] [ParOldGen: 975450K->133269K(1300992K)] 1091002K->133269K(1649664K), [Metaspace: 60165K->60165K(1105920K)], 0.3040778 secs] [Times: user=1.39 sys=0.00, real=0.31 secs] 
3191.387: [GC (Allocation Failure) [PSYoungGen: 232960K->132800K(470528K)] 366229K->266069K(1771520K), 0.0490432 secs] [Times: user=0.30 sys=0.00, real=0.04 secs] 
3192.123: [GC (Allocation Failure) [PSYoungGen: 373952K->158688K(462336K)] 507221K->425021K(1763328K), 0.0690823 secs] [Times: user=0.41 sys=0.00, real=0.07 secs] 
3193.669: [GC (Allocation Failure) [PSYoungGen: 399840K->6752K(455680K)] 666173K->273201K(1756672K), 0.0035732 secs] [Times: user=0.02 sys=0.00, real=0.00 secs] 
3197.051: [GC (Allocation Failure) [PSYoungGen: 239712K->158848K(465920K)] 506161K->430006K(1766912K), 0.0323694 secs] [Times: user=0.19 sys=0.00, real=0.03 secs] 
3198.469: [GC (Allocation Failure) [PSYoungGen: 391808K->99712K(460800K)] 662966K->520070K(1761792K), 0.1302233 secs] [Times: user=0.77 sys=0.00, real=0.13 secs] 
3199.764: [GC (Allocation Failure) [PSYoungGen: 332672K->169760K(463360K)] 753030K->687291K(1764352K), 0.0532825 secs] [Times: user=0.32 sys=0.00, real=0.06 secs] 
3202.514: [GC (Allocation Failure) [PSYoungGen: 402720K->90464K(466432K)] 920251K->769223K(1767424K), 0.1717005 secs] [Times: user=1.02 sys=0.01, real=0.17 secs] 
3203.737: [GC (Allocation Failure) [PSYoungGen: 310167K->159968K(465920K)] 988927K->926064K(1766912K), 0.0482050 secs] [Times: user=0.29 sys=0.00, real=0.04 secs] 
3204.951: [GC (Allocation Failure) [PSYoungGen: 393440K->98144K(459776K)] 1159536K->1015548K(1760768K), 0.0769851 secs] [Times: user=0.46 sys=0.00, real=0.08 secs] 
3205.507: [GC (Allocation Failure) [PSYoungGen: 331616K->168992K(462848K)] 1249020K->1181369K(1763840K), 0.0764127 secs] [Times: user=0.44 sys=0.02, real=0.07 secs] 
3208.917: [GC (Allocation Failure) [PSYoungGen: 402464K->83648K(466432K)] 1414841K->1264769K(1767424K), 0.1879254 secs] [Times: user=0.93 sys=0.15, real=0.18 secs] 
3209.105: [Full GC (Ergonomics) [PSYoungGen: 83648K->0K(466432K)] [ParOldGen: 1181121K->62226K(1264640K)] 1264769K->62226K(1731072K), [Metaspace: 60169K->60169K(1105920K)], 0.1569358 secs] [Times: user=0.70 sys=0.01, real=0.16 secs] 
3209.886: [GC (Allocation Failure) [PSYoungGen: 233472K->174176K(465920K)] 295698K->236410K(1730560K), 0.0366981 secs] [Times: user=0.21 sys=0.00, real=0.04 secs] 
3211.950: [GC (Allocation Failure) [PSYoungGen: 407648K->86944K(465920K)] 469882K->323574K(1730560K), 0.0781988 secs] [Times: user=0.46 sys=0.00, real=0.08 secs] 
3212.673: [GC (Allocation Failure) [PSYoungGen: 319904K->175360K(465920K)] 556534K->492466K(1730560K), 0.1004665 secs] [Times: user=0.60 sys=0.00, real=0.10 secs] 
3215.181: [GC (Allocation Failure) [PSYoungGen: 408320K->87776K(465920K)] 725426K->580086K(1730560K), 0.1083487 secs] [Times: user=0.65 sys=0.00, real=0.11 secs] 
3217.298: [GC (Allocation Failure) [PSYoungGen: 317559K->198720K(465920K)] 809870K->772195K(1730560K), 0.0615203 secs] [Times: user=0.37 sys=0.00, real=0.06 secs] 
3218.484: [GC (Allocation Failure) [PSYoungGen: 426286K->92768K(465920K)] 999762K->830395K(1730560K), 0.1002807 secs] [Times: user=0.59 sys=0.00, real=0.10 secs] 
3220.036: [GC (Allocation Failure) [PSYoungGen: 325728K->151104K(465920K)] 1063355K->975264K(1730560K), 0.0609055 secs] [Times: user=0.36 sys=0.00, real=0.07 secs] 
3223.192: [GC (Allocation Failure) [PSYoungGen: 380379K->93536K(465920K)] 1204540K->1068632K(1730560K), 0.0908852 secs] [Times: user=0.49 sys=0.00, real=0.09 secs] 
3224.453: [GC (Allocation Failure) [PSYoungGen: 326496K->151008K(465920K)] 1301592K->1212801K(1730560K), 0.0614173 secs] [Times: user=0.36 sys=0.00, real=0.06 secs] 
3224.515: [Full GC (Ergonomics) [PSYoungGen: 151008K->0K(465920K)] [ParOldGen: 1061793K->254508K(1398272K)] 1212801K->254508K(1864192K), [Metaspace: 60175K->60175K(1105920K)], 0.5408186 secs] [Times: user=2.39 sys=0.00, real=0.54 secs] 
3226.259: [GC (Allocation Failure) [PSYoungGen: 232960K->107328K(462848K)] 487468K->361836K(1861120K), 0.0322789 secs] [Times: user=0.19 sys=0.00, real=0.03 secs] 
3227.450: [GC (Allocation Failure) [PSYoungGen: 340288K->141280K(374272K)] 594796K->492225K(1772544K), 0.0613664 secs] [Times: user=0.37 sys=0.01, real=0.06 secs] 
3230.038: [GC (Allocation Failure) [PSYoungGen: 374240K->128256K(473600K)] 725185K->620669K(1871872K), 0.0684126 secs] [Times: user=0.40 sys=0.01, real=0.07 secs] 
3231.399: [GC (Allocation Failure) [PSYoungGen: 375552K->2880K(463872K)] 867965K->495325K(1862144K), 0.0029598 secs] [Times: user=0.01 sys=0.00, real=0.00 secs] 
3232.314: [GC (Allocation Failure) [PSYoungGen: 250176K->167744K(462336K)] 742621K->661959K(1860608K), 0.0331240 secs] [Times: user=0.19 sys=0.00, real=0.04 secs] 
3235.189: [GC (Allocation Failure) [PSYoungGen: 400704K->97248K(465920K)] 894919K->750367K(1864192K), 0.0991827 secs] [Times: user=0.59 sys=0.00, real=0.10 secs] 
3236.237: [GC (Allocation Failure) [PSYoungGen: 330208K->166368K(462336K)] 983327K->914761K(1860608K), 0.0651714 secs] [Times: user=0.38 sys=0.01, real=0.06 secs] 
3238.638: [GC (Allocation Failure) [PSYoungGen: 399328K->95136K(465920K)] 1147721K->1001113K(1864192K), 0.1576863 secs] [Times: user=0.93 sys=0.01, real=0.15 secs] 
3239.497: [GC (Allocation Failure) [PSYoungGen: 328096K->172960K(462848K)] 1234073K->1170338K(1861120K), 0.0553747 secs] [Times: user=0.33 sys=0.00, real=0.05 secs] 
3243.019: [GC (Allocation Failure) [PSYoungGen: 405920K->82304K(465920K)] 1403298K->1252746K(1864192K), 0.1824114 secs] [Times: user=1.08 sys=0.00, real=0.18 secs] 
3243.202: [Full GC (Ergonomics) [PSYoungGen: 82304K->0K(465920K)] [ParOldGen: 1170442K->61360K(1378304K)] 1252746K->61360K(1844224K), [Metaspace: 60186K->60186K(1105920K)], 0.1682980 secs] [Times: user=0.79 sys=0.00, real=0.17 secs] 
3243.613: [GC (Allocation Failure) [PSYoungGen: 232960K->168160K(465920K)] 294320K->229520K(1844224K), 0.0354449 secs] [Times: user=0.20 sys=0.00, real=0.04 secs] 
3245.516: [GC (Allocation Failure) [PSYoungGen: 401120K->91968K(465920K)] 462480K->320784K(1844224K), 0.1359421 secs] [Times: user=0.81 sys=0.00, real=0.14 secs] 
3246.230: [GC (Allocation Failure) [PSYoungGen: 324928K->173440K(465920K)] 553744K->488357K(1844224K), 0.0858961 secs] [Times: user=0.51 sys=0.00, real=0.08 secs] 
3250.012: [GC (Allocation Failure) [PSYoungGen: 406400K->81824K(465920K)] 721317K->570397K(1844224K), 0.1114849 secs] [Times: user=0.65 sys=0.01, real=0.11 secs] 
3250.679: [GC (Allocation Failure) [PSYoungGen: 314784K->207232K(465920K)] 803357K->771434K(1844224K), 0.0614904 secs] [Times: user=0.37 sys=0.00, real=0.06 secs] 
3253.591: [GC (Allocation Failure) [PSYoungGen: 440192K->85792K(465920K)] 1004394K->822234K(1844224K), 0.0994631 secs] [Times: user=0.59 sys=0.01, real=0.10 secs] 
3254.805: [GC (Allocation Failure) [PSYoungGen: 318752K->158592K(465920K)] 1055194K->974139K(1844224K), 0.0602246 secs] [Times: user=0.36 sys=0.00, real=0.06 secs] 
3257.341: [GC (Allocation Failure) [PSYoungGen: 391552K->107968K(465920K)] 1207099K->1081955K(1844224K), 0.0903194 secs] [Times: user=0.54 sys=0.00, real=0.09 secs] 
3259.272: [GC (Allocation Failure) [PSYoungGen: 340928K->148544K(465920K)] 1314915K->1211534K(1844224K), 0.0612242 secs] [Times: user=0.37 sys=0.00, real=0.06 secs] 
3260.023: [GC (Allocation Failure) [PSYoungGen: 381504K->119200K(352256K)] 1444494K->1330974K(1730560K), 0.0668743 secs] [Times: user=0.37 sys=0.02, real=0.07 secs] 
3260.090: [Full GC (Ergonomics) [PSYoungGen: 119200K->0K(352256K)] [ParOldGen: 1211774K->136868K(1398272K)] 1330974K->136868K(1750528K), [Metaspace: 60191K->60191K(1105920K)], 0.3102203 secs] [Times: user=1.41 sys=0.00, real=0.31 secs] 
3262.231: [GC (Allocation Failure) [PSYoungGen: 232960K->128864K(474112K)] 369828K->265733K(1872384K), 0.0474037 secs] [Times: user=0.28 sys=0.00, real=0.05 secs] 
3263.518: [GC (Allocation Failure) [PSYoungGen: 372064K->144992K(463872K)] 508933K->410957K(1862144K), 0.0681366 secs] [Times: user=0.40 sys=0.00, real=0.06 secs] 
3265.473: [GC (Allocation Failure) [PSYoungGen: 388192K->8544K(452608K)] 654157K->274525K(1850880K), 0.0037489 secs] [Times: user=0.02 sys=0.00, real=0.01 secs] 
3266.266: [GC (Allocation Failure) [PSYoungGen: 243552K->173216K(464896K)] 509533K->446409K(1863168K), 0.0355378 secs] [Times: user=0.21 sys=0.00, real=0.04 secs] 
3268.037: [GC (Allocation Failure) [PSYoungGen: 408224K->95456K(466432K)] 681417K->533793K(1864704K), 0.1055560 secs] [Times: user=0.63 sys=0.00, real=0.10 secs] 
3269.930: [GC (Allocation Failure) [PSYoungGen: 328928K->166240K(465920K)] 767265K->696770K(1864192K), 0.0610108 secs] [Times: user=0.36 sys=0.00, real=0.06 secs] 
3273.527: [GC (Allocation Failure) [PSYoungGen: 399712K->83552K(465920K)] 930242K->780378K(1864192K), 0.1732616 secs] [Times: user=1.03 sys=0.00, real=0.17 secs] 
3274.354: [GC (Allocation Failure) [PSYoungGen: 316512K->170016K(465920K)] 1013338K->947419K(1864192K), 0.0766513 secs] [Times: user=0.45 sys=0.00, real=0.08 secs] 
3278.287: [GC (Allocation Failure) [PSYoungGen: 402976K->81344K(465920K)] 1180379K->1028547K(1864192K), 0.1344853 secs] [Times: user=0.80 sys=0.00, real=0.13 secs] 
3278.823: [GC (Allocation Failure) [PSYoungGen: 314304K->173280K(465920K)] 1261507K->1198002K(1864192K), 0.0561360 secs] [Times: user=0.33 sys=0.00, real=0.06 secs] 
3280.795: [GC (Allocation Failure) [PSYoungGen: 406240K->91648K(465920K)] 1430962K->1289714K(1864192K), 0.1124846 secs] [Times: user=0.66 sys=0.00, real=0.12 secs] 
3280.907: [Full GC (Ergonomics) [PSYoungGen: 91648K->0K(465920K)] [ParOldGen: 1198066K->86250K(1398272K)] 1289714K->86250K(1864192K), [Metaspace: 60192K->60192K(1105920K)], 0.1990331 secs] [Times: user=0.88 sys=0.00, real=0.19 secs] 
3281.562: [GC (Allocation Failure) [PSYoungGen: 232960K->170624K(465920K)] 319210K->256874K(1864192K), 0.0485098 secs] [Times: user=0.29 sys=0.00, real=0.05 secs] 
3284.513: [GC (Allocation Failure) [PSYoungGen: 403584K->86848K(465920K)] 489834K->343922K(1864192K), 0.1081198 secs] [Times: user=0.64 sys=0.00, real=0.11 secs] 
3286.041: [GC (Allocation Failure) [PSYoungGen: 315990K->198752K(465920K)] 573065K->536823K(1864192K), 0.0674033 secs] [Times: user=0.40 sys=0.01, real=0.07 secs] 
3288.464: [GC (Allocation Failure) [PSYoungGen: 431712K->92160K(465920K)] 769783K->591919K(1864192K), 0.0955372 secs] [Times: user=0.56 sys=0.00, real=0.10 secs] 
3289.664: [GC (Allocation Failure) [PSYoungGen: 325120K->151968K(465920K)] 824879K->737672K(1864192K), 0.0615999 secs] [Times: user=0.37 sys=0.00, real=0.06 secs] 
3291.812: [GC (Allocation Failure) [PSYoungGen: 384928K->103552K(465920K)] 970632K->841088K(1864192K), 0.0844280 secs] [Times: user=0.50 sys=0.00, real=0.08 secs] 
3293.599: [GC (Allocation Failure) [PSYoungGen: 336512K->145600K(465920K)] 1074048K->975773K(1864192K), 0.0625157 secs] [Times: user=0.37 sys=0.00, real=0.06 secs] 
3294.796: [GC (Allocation Failure) [PSYoungGen: 378560K->121984K(452608K)] 1208733K->1097565K(1850880K), 0.0705432 secs] [Times: user=0.41 sys=0.00, real=0.07 secs] 
3296.585: [GC (Allocation Failure) [PSYoungGen: 354944K->126368K(459264K)] 1330525K->1213450K(1857536K), 0.0638990 secs] [Times: user=0.39 sys=0.00, real=0.07 secs] 
3297.838: [GC (Allocation Failure) [PSYoungGen: 359328K->140416K(467456K)] 1446410K->1353674K(1865728K), 0.0600085 secs] [Times: user=0.36 sys=0.00, real=0.06 secs] 
3297.898: [Full GC (Ergonomics) [PSYoungGen: 140416K->0K(467456K)] [ParOldGen: 1213258K->158032K(1398272K)] 1353674K->158032K(1865728K), [Metaspace: 60196K->60196K(1105920K)], 0.3662363 secs] [Times: user=1.68 sys=0.00, real=0.36 secs] 
3301.170: [GC (Allocation Failure) [PSYoungGen: 256000K->116448K(468480K)] 414032K->274480K(1866752K), 0.0412357 secs] [Times: user=0.25 sys=0.00, real=0.04 secs] 
3301.857: [GC (Allocation Failure) [PSYoungGen: 358083K->174592K(472064K)] 516115K->448216K(1870336K), 0.0611939 secs] [Times: user=0.36 sys=0.00, real=0.06 secs] 
3305.944: [GC (Allocation Failure) [PSYoungGen: 440320K->111360K(481280K)] 713944K->551357K(1879552K), 0.1624108 secs] [Times: user=0.96 sys=0.00, real=0.16 secs] 
3306.578: [GC (Allocation Failure) [PSYoungGen: 377088K->192960K(457216K)] 817085K->740558K(1855488K), 0.0879548 secs] [Times: user=0.53 sys=0.00, real=0.08 secs] 
3308.774: [GC (Allocation Failure) [PSYoungGen: 432144K->96160K(472576K)] 979743K->836110K(1870848K), 0.0973767 secs] [Times: user=0.58 sys=0.00, real=0.10 secs] 
3310.300: [GC (Allocation Failure) [PSYoungGen: 342432K->151296K(465408K)] 1082382K->981035K(1863680K), 0.0627678 secs] [Times: user=0.37 sys=0.00, real=0.06 secs] 
3312.450: [GC (Allocation Failure) [PSYoungGen: 399616K->124512K(470016K)] 1229355K->1105339K(1868288K), 0.0628938 secs] [Times: user=0.37 sys=0.00, real=0.06 secs] 
3314.337: [GC (Allocation Failure) [PSYoungGen: 372832K->2752K(456192K)] 1353659K->983655K(1854464K), 0.0031209 secs] [Times: user=0.01 sys=0.00, real=0.00 secs] 
3317.156: [GC (Allocation Failure) [PSYoungGen: 243904K->164416K(406016K)] 1224807K->1146350K(1804288K), 0.0315911 secs] [Times: user=0.19 sys=0.00, real=0.04 secs] 
3318.873: [GC (Allocation Failure) [PSYoungGen: 405568K->108576K(472576K)] 1387502K->1237819K(1870848K), 0.1509866 secs] [Times: user=0.90 sys=0.00, real=0.15 secs] 
3320.630: [GC (Allocation Failure) [PSYoungGen: 343956K->166944K(465920K)] 1473199K->1402027K(1864192K), 0.0576021 secs] [Times: user=0.33 sys=0.00, real=0.06 secs] 
3320.687: [Full GC (Ergonomics) [PSYoungGen: 166944K->0K(465920K)] [ParOldGen: 1235083K->197130K(1398272K)] 1402027K->197130K(1864192K), [Metaspace: 60206K->60206K(1105920K)], 0.4997694 secs] [Times: user=2.33 sys=0.00, real=0.50 secs] 
3323.837: [GC (Allocation Failure) [PSYoungGen: 239616K->93952K(467968K)] 436746K->291082K(1866240K), 0.0904354 secs] [Times: user=0.53 sys=0.00, real=0.09 secs] 
3325.777: [GC (Allocation Failure) [PSYoungGen: 333568K->175392K(415232K)] 530698K->462078K(1813504K), 0.0500623 secs] [Times: user=0.29 sys=0.00, real=0.05 secs] 
3328.281: [GC (Allocation Failure) [PSYoungGen: 415008K->94208K(467456K)] 701694K->556014K(1865728K), 0.1817703 secs] [Times: user=1.09 sys=0.00, real=0.18 secs] 
3328.876: [GC (Allocation Failure) [PSYoungGen: 328704K->175136K(465920K)] 790510K->724835K(1864192K), 0.0615870 secs] [Times: user=0.36 sys=0.00, real=0.07 secs] 
3331.205: [GC (Allocation Failure) [PSYoungGen: 409632K->96032K(465920K)] 959331K->820659K(1864192K), 0.1156062 secs] [Times: user=0.68 sys=0.00, real=0.12 secs] 
3332.816: [GC (Allocation Failure) [PSYoungGen: 328992K->203648K(465920K)] 1053619K->1018664K(1864192K), 0.0695090 secs] [Times: user=0.41 sys=0.01, real=0.07 secs] 
3335.654: [GC (Allocation Failure) [PSYoungGen: 436608K->93120K(465920K)] 1251624K->1069976K(1864192K), 0.0934711 secs] [Times: user=0.55 sys=0.00, real=0.10 secs] 
3336.877: [GC (Allocation Failure) [PSYoungGen: 326080K->151584K(465920K)] 1302936K->1215015K(1864192K), 0.0610227 secs] [Times: user=0.37 sys=0.00, real=0.06 secs] 
3339.581: [GC (Allocation Failure) [PSYoungGen: 384544K->102752K(465920K)] 1447975K->1317599K(1864192K), 0.0804514 secs] [Times: user=0.48 sys=0.00, real=0.08 secs] 
3339.661: [Full GC (Ergonomics) [PSYoungGen: 102752K->0K(465920K)] [ParOldGen: 1214847K->117844K(1398272K)] 1317599K->117844K(1864192K), [Metaspace: 60207K->60207K(1105920K)], 0.2715570 secs] [Times: user=1.24 sys=0.00, real=0.27 secs] 
3341.043: [GC (Allocation Failure) [PSYoungGen: 232960K->145536K(378880K)] 350804K->263380K(1777152K), 0.0516452 secs] [Times: user=0.31 sys=0.00, real=0.05 secs] 
3343.436: [GC (Allocation Failure) [PSYoungGen: 378496K->120832K(473600K)] 496340K->384172K(1871872K), 0.0871105 secs] [Times: user=0.52 sys=0.00, real=0.09 secs] 
3344.679: [GC (Allocation Failure) [PSYoungGen: 361984K->1408K(465408K)] 625324K->264828K(1863680K), 0.0023064 secs] [Times: user=0.01 sys=0.00, real=0.00 secs] 
3345.833: [GC (Allocation Failure) [PSYoungGen: 242560K->154816K(465920K)] 505980K->418824K(1864192K), 0.0306227 secs] [Times: user=0.18 sys=0.00, real=0.03 secs] 
3347.380: [GC (Allocation Failure) [PSYoungGen: 387776K->8800K(465920K)] 651784K->272948K(1864192K), 0.0086378 secs] [Times: user=0.05 sys=0.00, real=0.01 secs] 
3348.982: [GC (Allocation Failure) [PSYoungGen: 241760K->172480K(465920K)] 505908K->443257K(1864192K), 0.0345046 secs] [Times: user=0.19 sys=0.00, real=0.03 secs] 
3351.213: [GC (Allocation Failure) [PSYoungGen: 405440K->95936K(465920K)] 676217K->521405K(1864192K), 0.1728458 secs] [Times: user=1.03 sys=0.00, real=0.17 secs] 
3352.648: [GC (Allocation Failure) [PSYoungGen: 324905K->166560K(465920K)] 750375K->685058K(1864192K), 0.0517536 secs] [Times: user=0.31 sys=0.00, real=0.05 secs] 
3354.929: [GC (Allocation Failure) [PSYoungGen: 399520K->90400K(465920K)] 918018K->766654K(1864192K), 0.1634119 secs] [Times: user=0.97 sys=0.01, real=0.16 secs] 
3355.926: [GC (Allocation Failure) [PSYoungGen: 323360K->202080K(465920K)] 999614K->965715K(1864192K), 0.0521362 secs] [Times: user=0.31 sys=0.00, real=0.06 secs] 
3358.713: [GC (Allocation Failure) [PSYoungGen: 435040K->89984K(465920K)] 1198675K->1022687K(1864192K), 0.1828051 secs] [Times: user=1.09 sys=0.00, real=0.18 secs] 
3359.334: [GC (Allocation Failure) [PSYoungGen: 322944K->173888K(465920K)] 1255647K->1192808K(1864192K), 0.0575125 secs] [Times: user=0.34 sys=0.00, real=0.06 secs] 
3362.409: [GC (Allocation Failure) [PSYoungGen: 406848K->79616K(465920K)] 1425768K->1272644K(1864192K), 0.1648891 secs] [Times: user=0.99 sys=0.00, real=0.16 secs] 
3362.574: [Full GC (Ergonomics) [PSYoungGen: 79616K->0K(465920K)] [ParOldGen: 1193028K->69859K(1398272K)] 1272644K->69859K(1864192K), [Metaspace: 60218K->60218K(1105920K)], 0.1780846 secs] [Times: user=0.82 sys=0.00, real=0.18 secs] 
3362.988: [GC (Allocation Failure) [PSYoungGen: 232960K->192064K(465920K)] 302819K->261923K(1864192K), 0.0391682 secs] [Times: user=0.23 sys=0.01, real=0.04 secs] 
3367.273: [GC (Allocation Failure) [PSYoungGen: 425024K->79104K(465920K)] 494883K->324615K(1864192K), 0.1392396 secs] [Times: user=0.83 sys=0.00, real=0.14 secs] 
3367.678: [GC (Allocation Failure) [PSYoungGen: 312064K->179584K(465920K)] 557575K->498096K(1864192K), 0.0567740 secs] [Times: user=0.33 sys=0.00, real=0.05 secs] 
3370.155: [GC (Allocation Failure) [PSYoungGen: 412544K->84672K(465920K)] 731056K->583072K(1864192K), 0.1100957 secs] [Times: user=0.65 sys=0.00, real=0.11 secs] 
3372.551: [GC (Allocation Failure) [PSYoungGen: 317632K->159584K(465920K)] 816032K->736033K(1864192K), 0.0601131 secs] [Times: user=0.35 sys=0.00, real=0.06 secs] 
3373.916: [GC (Allocation Failure) [PSYoungGen: 385551K->93024K(465920K)] 962001K->828849K(1864192K), 0.0832258 secs] [Times: user=0.50 sys=0.00, real=0.09 secs] 
3375.775: [GC (Allocation Failure) [PSYoungGen: 325984K->151168K(465920K)] 1061809K->973534K(1864192K), 0.0606565 secs] [Times: user=0.36 sys=0.00, real=0.06 secs] 
3376.774: [GC (Allocation Failure) [PSYoungGen: 384128K->111904K(465920K)] 1206494K->1085246K(1864192K), 0.0764917 secs] [Times: user=0.45 sys=0.00, real=0.08 secs] 
3378.837: [GC (Allocation Failure) [PSYoungGen: 344864K->136032K(465920K)] 1318206K->1211165K(1864192K), 0.0621146 secs] [Times: user=0.37 sys=0.00, real=0.06 secs] 
3380.965: [GC (Allocation Failure) [PSYoungGen: 368992K->129248K(362496K)] 1444125K->1340149K(1760768K), 0.0662624 secs] [Times: user=0.39 sys=0.01, real=0.07 secs] 
3381.031: [Full GC (Ergonomics) [PSYoungGen: 129248K->0K(362496K)] [ParOldGen: 1210901K->144802K(1398272K)] 1340149K->144802K(1760768K), [Metaspace: 60229K->60229K(1105920K)], 0.3372331 secs] [Times: user=1.54 sys=0.00, real=0.34 secs] 
3383.220: [GC (Allocation Failure) [PSYoungGen: 232960K->118432K(465408K)] 377762K->263234K(1863680K), 0.0415293 secs] [Times: user=0.24 sys=0.00, real=0.04 secs] 
3386.179: [GC (Allocation Failure) [PSYoungGen: 359584K->142560K(457216K)] 504386K->405586K(1855488K), 0.0612713 secs] [Times: user=0.36 sys=0.00, real=0.06 secs] 
3387.389: [GC (Allocation Failure) [PSYoungGen: 383712K->5632K(459264K)] 646738K->268722K(1857536K), 0.0022419 secs] [Times: user=0.01 sys=0.00, real=0.00 secs] 
3389.660: [GC (Allocation Failure) [PSYoungGen: 251904K->174304K(420864K)] 514994K->441326K(1819136K), 0.0346549 secs] [Times: user=0.21 sys=0.00, real=0.03 secs] 
3391.855: [GC (Allocation Failure) [PSYoungGen: 420576K->103104K(471040K)] 687598K->535822K(1869312K), 0.1748391 secs] [Times: user=1.05 sys=0.00, real=0.18 secs] 
3392.854: [GC (Allocation Failure) [PSYoungGen: 341184K->173824K(465920K)] 773902K->706159K(1864192K), 0.0832476 secs] [Times: user=0.49 sys=0.00, real=0.09 secs] 
3395.695: [GC (Allocation Failure) [PSYoungGen: 411904K->88032K(466944K)] 944239K->793987K(1865216K), 0.1752338 secs] [Times: user=1.04 sys=0.01, real=0.18 secs] 
3396.162: [GC (Allocation Failure) [PSYoungGen: 322016K->179808K(465920K)] 1027971K->967824K(1864192K), 0.0573633 secs] [Times: user=0.34 sys=0.00, real=0.06 secs] 
3397.950: [GC (Allocation Failure) [PSYoungGen: 413792K->91872K(465920K)] 1201808K->1059896K(1864192K), 0.0933906 secs] [Times: user=0.56 sys=0.00, real=0.09 secs] 
3400.609: [GC (Allocation Failure) [PSYoungGen: 323854K->199328K(465920K)] 1291879K->1253493K(1864192K), 0.0695708 secs] [Times: user=0.42 sys=0.00, real=0.07 secs] 
3402.847: [GC (Allocation Failure) [PSYoungGen: 432288K->90144K(465920K)] 1486453K->1307029K(1864192K), 0.1029708 secs] [Times: user=0.61 sys=0.00, real=0.10 secs] 
3402.950: [Full GC (Ergonomics) [PSYoungGen: 90144K->0K(465920K)] [ParOldGen: 1216885K->106304K(1398272K)] 1307029K->106304K(1864192K), [Metaspace: 60232K->60232K(1105920K)], 0.2497111 secs] [Times: user=1.14 sys=0.00, real=0.25 secs] 
3404.274: [GC (Allocation Failure) [PSYoungGen: 232960K->154016K(465920K)] 339264K->260320K(1864192K), 0.0445782 secs] [Times: user=0.27 sys=0.00, real=0.05 secs] 
3405.597: [GC (Allocation Failure) [PSYoungGen: 386976K->111008K(465920K)] 493280K->371616K(1864192K), 0.0751057 secs] [Times: user=0.44 sys=0.00, real=0.07 secs] 
3406.884: [GC (Allocation Failure) [PSYoungGen: 343968K->137184K(370176K)] 604576K->498347K(1768448K), 0.0615145 secs] [Times: user=0.37 sys=0.00, real=0.06 secs] 
3408.839: [GC (Allocation Failure) [PSYoungGen: 370144K->129216K(473600K)] 731307K->627403K(1871872K), 0.0669016 secs] [Times: user=0.39 sys=0.00, real=0.06 secs] 
3410.049: [GC (Allocation Failure) [PSYoungGen: 372416K->2784K(463360K)] 870603K->501087K(1861632K), 0.0029367 secs] [Times: user=0.02 sys=0.00, real=0.00 secs] 
3412.276: [GC (Allocation Failure) [PSYoungGen: 245984K->159552K(465920K)] 744287K->659136K(1864192K), 0.0347264 secs] [Times: user=0.20 sys=0.00, real=0.04 secs] 
3414.228: [GC (Allocation Failure) [PSYoungGen: 392512K->101248K(334336K)] 892096K->751208K(1732608K), 0.0777247 secs] [Times: user=0.46 sys=0.01, real=0.07 secs] 
3415.182: [GC (Allocation Failure) [PSYoungGen: 331189K->170400K(457728K)] 981149K->919145K(1856000K), 0.0542137 secs] [Times: user=0.32 sys=0.00, real=0.06 secs] 
3417.289: [GC (Allocation Failure) [PSYoungGen: 399016K->90272K(461824K)] 1147761K->1000861K(1860096K), 0.1673138 secs] [Times: user=0.99 sys=0.00, real=0.16 secs] 
3418.446: [GC (Allocation Failure) [PSYoungGen: 306558K->159264K(464384K)] 1217147K->1157810K(1862656K), 0.0495194 secs] [Times: user=0.29 sys=0.00, real=0.05 secs] 
3421.447: [GC (Allocation Failure) [PSYoungGen: 392224K->87904K(321024K)] 1390770K->1237642K(1719296K), 0.1619958 secs] [Times: user=0.96 sys=0.01, real=0.16 secs] 
3423.963: [GC (Allocation Failure) [PSYoungGen: 317867K->163008K(461312K)] 1467605K->1397187K(1859584K), 0.0495653 secs] [Times: user=0.29 sys=0.00, real=0.05 secs] 
3424.013: [Full GC (Ergonomics) [PSYoungGen: 163008K->0K(461312K)] [ParOldGen: 1234179K->198213K(1398272K)] 1397187K->198213K(1859584K), [Metaspace: 60232K->60232K(1105920K)], 0.4786364 secs] [Times: user=2.24 sys=0.00, real=0.48 secs] 
3426.294: [GC (Allocation Failure) [PSYoungGen: 231424K->92800K(464384K)] 429637K->291013K(1862656K), 0.0922877 secs] [Times: user=0.54 sys=0.00, real=0.09 secs] 
3427.274: [GC (Allocation Failure) [PSYoungGen: 324224K->167680K(461824K)] 522437K->455682K(1860096K), 0.0496028 secs] [Times: user=0.30 sys=0.00, real=0.05 secs] 
3430.158: [GC (Allocation Failure) [PSYoungGen: 400128K->86624K(465408K)] 688130K->542070K(1863680K), 0.1683919 secs] [Times: user=1.00 sys=0.00, real=0.17 secs] 
3431.064: [GC (Allocation Failure) [PSYoungGen: 319072K->172832K(464384K)] 774518K->710799K(1862656K), 0.0548023 secs] [Times: user=0.33 sys=0.00, real=0.06 secs] 
3433.953: [GC (Allocation Failure) [PSYoungGen: 405792K->85120K(465920K)] 943759K->795895K(1864192K), 0.1740020 secs] [Times: user=1.03 sys=0.00, real=0.18 secs] 
3435.817: [GC (Allocation Failure) [PSYoungGen: 318080K->170944K(465920K)] 1028855K->960760K(1864192K), 0.1446645 secs] [Times: user=0.85 sys=0.01, real=0.14 secs] 
3439.545: [GC (Allocation Failure) [PSYoungGen: 403904K->82976K(465920K)] 1193720K->1043616K(1864192K), 0.1330684 secs] [Times: user=0.79 sys=0.00, real=0.14 secs] 
3439.940: [GC (Allocation Failure) [PSYoungGen: 315936K->179680K(465920K)] 1276576K->1217112K(1864192K), 0.0594054 secs] [Times: user=0.35 sys=0.00, real=0.06 secs] 
3442.058: [GC (Allocation Failure) [PSYoungGen: 412640K->92480K(465920K)] 1450072K->1309840K(1864192K), 0.1061820 secs] [Times: user=0.63 sys=0.00, real=0.10 secs] 
3442.164: [Full GC (Ergonomics) [PSYoungGen: 92480K->0K(465920K)] [ParOldGen: 1217360K->107601K(1398272K)] 1309840K->107601K(1864192K), [Metaspace: 60233K->60233K(1105920K)], 0.2459436 secs] [Times: user=1.11 sys=0.00, real=0.25 secs] 
3444.748: [GC (Allocation Failure) [PSYoungGen: 232960K->152256K(465920K)] 340561K->259857K(1864192K), 0.0434964 secs] [Times: user=0.25 sys=0.00, real=0.04 secs] 
3445.960: [GC (Allocation Failure) [PSYoungGen: 385216K->108288K(341504K)] 492817K->368241K(1739776K), 0.0813176 secs] [Times: user=0.48 sys=0.01, real=0.08 secs] 
3448.170: [GC (Allocation Failure) [PSYoungGen: 341248K->148800K(467968K)] 601201K->497872K(1866240K), 0.0604815 secs] [Times: user=0.36 sys=0.00, real=0.06 secs] 
3449.762: [GC (Allocation Failure) [PSYoungGen: 384320K->120928K(356864K)] 733392K->619032K(1755136K), 0.0737759 secs] [Times: user=0.44 sys=0.00, real=0.07 secs] 
3452.550: [GC (Allocation Failure) [PSYoungGen: 356448K->126464K(466944K)] 854552K->735395K(1865216K), 0.0623549 secs] [Times: user=0.37 sys=0.00, real=0.06 secs] 
3453.506: [GC (Allocation Failure) [PSYoungGen: 372224K->149632K(457728K)] 981155K->885147K(1856000K), 0.0601286 secs] [Times: user=0.35 sys=0.00, real=0.06 secs] 
3455.869: [GC (Allocation Failure) [PSYoungGen: 394627K->13792K(464384K)] 1130143K->749355K(1862656K), 0.0057726 secs] [Times: user=0.03 sys=0.00, real=0.00 secs] 
3457.023: [GC (Allocation Failure) [PSYoungGen: 251641K->170080K(422912K)] 987205K->917836K(1821184K), 0.0613048 secs] [Times: user=0.37 sys=0.00, real=0.06 secs] 
3461.545: [GC (Allocation Failure) [PSYoungGen: 422496K->99456K(473600K)] 1170252K->1009204K(1871872K), 0.1599701 secs] [Times: user=0.95 sys=0.01, real=0.16 secs] 
3462.159: [GC (Allocation Failure) [PSYoungGen: 341120K->175040K(416768K)] 1250868K->1180621K(1815040K), 0.0531267 secs] [Times: user=0.31 sys=0.00, real=0.05 secs] 
3464.261: [GC (Allocation Failure) [PSYoungGen: 416704K->101952K(470528K)] 1422285K->1281957K(1868800K), 0.0724970 secs] [Times: user=0.44 sys=0.00, real=0.07 secs] 
3464.334: [Full GC (Ergonomics) [PSYoungGen: 101952K->0K(470528K)] [ParOldGen: 1180005K->84561K(1398272K)] 1281957K->84561K(1868800K), [Metaspace: 60237K->60237K(1105920K)], 0.2051206 secs] [Times: user=0.86 sys=0.00, real=0.21 secs] 
3465.949: [GC (Allocation Failure) [PSYoungGen: 237568K->207648K(465920K)] 322129K->292209K(1864192K), 0.1106038 secs] [Times: user=0.66 sys=0.00, real=0.11 secs] 
3468.570: [GC (Allocation Failure) [PSYoungGen: 445216K->92768K(465920K)] 529777K->352041K(1864192K), 0.1050240 secs] [Times: user=0.62 sys=0.00, real=0.10 secs] 
3470.918: [GC (Allocation Failure) [PSYoungGen: 325728K->150688K(465920K)] 585001K->496517K(1864192K), 0.0603943 secs] [Times: user=0.36 sys=0.00, real=0.06 secs] 
3473.331: [GC (Allocation Failure) [PSYoungGen: 383648K->106016K(465920K)] 729477K->602753K(1864192K), 0.0846996 secs] [Times: user=0.51 sys=0.00, real=0.08 secs] 
3474.544: [GC (Allocation Failure) [PSYoungGen: 338976K->141696K(374784K)] 835713K->733926K(1773056K), 0.0610279 secs] [Times: user=0.36 sys=0.00, real=0.06 secs] 
3476.232: [GC (Allocation Failure) [PSYoungGen: 374656K->129088K(471040K)] 966886K->863182K(1869312K), 0.0698738 secs] [Times: user=0.42 sys=0.00, real=0.07 secs] 
3477.451: [GC (Allocation Failure) [PSYoungGen: 371776K->2576K(461312K)] 1105870K->736774K(1859584K), 0.0024932 secs] [Times: user=0.01 sys=0.00, real=0.00 secs] 
3478.359: [GC (Allocation Failure) [PSYoungGen: 245264K->164896K(464384K)] 979462K->900972K(1862656K), 0.0723838 secs] [Times: user=0.43 sys=0.00, real=0.07 secs] 
3480.782: [GC (Allocation Failure) [PSYoungGen: 397856K->96224K(329216K)] 1133932K->988652K(1727488K), 0.0704376 secs] [Times: user=0.42 sys=0.00, real=0.07 secs] 
3481.938: [GC (Allocation Failure) [PSYoungGen: 328082K->169024K(462336K)] 1220511K->1156037K(1860608K), 0.0600422 secs] [Times: user=0.35 sys=0.00, real=0.06 secs] 
3484.343: [GC (Allocation Failure) [PSYoungGen: 400960K->92064K(464896K)] 1387973K->1239949K(1863168K), 0.1674425 secs] [Times: user=1.00 sys=0.01, real=0.17 secs] 
3484.510: [Full GC (Ergonomics) [PSYoungGen: 92064K->0K(464896K)] [ParOldGen: 1147885K->43753K(1398272K)] 1239949K->43753K(1863168K), [Metaspace: 60251K->60251K(1105920K)], 0.1241956 secs] [Times: user=0.51 sys=0.00, real=0.12 secs] 
3485.237: [GC (Allocation Failure) [PSYoungGen: 231936K->169184K(464896K)] 275689K->212937K(1863168K), 0.0366357 secs] [Times: user=0.21 sys=0.00, real=0.03 secs] 
3487.286: [GC (Allocation Failure) [PSYoungGen: 402144K->92320K(465920K)] 445897K->304985K(1864192K), 0.1410036 secs] [Times: user=0.84 sys=0.00, real=0.15 secs] 
3487.750: [GC (Allocation Failure) [PSYoungGen: 325280K->169728K(465920K)] 537945K->471106K(1864192K), 0.0561432 secs] [Times: user=0.33 sys=0.00, real=0.05 secs] 
3490.623: [GC (Allocation Failure) [PSYoungGen: 402688K->86880K(465920K)] 704066K->557858K(1864192K), 0.1356878 secs] [Times: user=0.81 sys=0.00, real=0.14 secs] 
3491.046: [GC (Allocation Failure) [PSYoungGen: 319840K->175616K(465920K)] 790818K->727787K(1864192K), 0.0586128 secs] [Times: user=0.35 sys=0.00, real=0.06 secs] 
3495.280: [GC (Allocation Failure) [PSYoungGen: 408576K->81760K(465920K)] 960747K->809627K(1864192K), 0.1302479 secs] [Times: user=0.77 sys=0.01, real=0.13 secs] 
3496.109: [GC (Allocation Failure) [PSYoungGen: 314720K->210784K(465920K)] 1042587K->1014376K(1864192K), 0.0624758 secs] [Times: user=0.37 sys=0.00, real=0.06 secs] 
3500.268: [GC (Allocation Failure) [PSYoungGen: 443744K->85536K(465920K)] 1247336K->1058960K(1864192K), 0.1069908 secs] [Times: user=0.58 sys=0.00, real=0.10 secs] 
3501.622: [GC (Allocation Failure) [PSYoungGen: 318496K->158752K(465920K)] 1291920K->1211021K(1864192K), 0.0607040 secs] [Times: user=0.36 sys=0.00, real=0.06 secs] 
3502.359: [GC (Allocation Failure) [PSYoungGen: 391712K->105248K(465920K)] 1443981K->1316493K(1864192K), 0.0780214 secs] [Times: user=0.46 sys=0.00, real=0.08 secs] 
3502.437: [Full GC (Ergonomics) [PSYoungGen: 105248K->0K(465920K)] [ParOldGen: 1211245K->121400K(1398272K)] 1316493K->121400K(1864192K), [Metaspace: 60252K->60252K(1105920K)], 0.2750662 secs] [Times: user=1.25 sys=0.01, real=0.27 secs] 
3503.821: [GC (Allocation Failure) [PSYoungGen: 232960K->143584K(465920K)] 354360K->264984K(1864192K), 0.0516709 secs] [Times: user=0.31 sys=0.00, real=0.05 secs] 
3506.514: [GC (Allocation Failure) [PSYoungGen: 376544K->117696K(350720K)] 497944K->382192K(1748992K), 0.0814363 secs] [Times: user=0.48 sys=0.00, real=0.08 secs] 
3507.777: [GC (Allocation Failure) [PSYoungGen: 350656K->130592K(474112K)] 615152K->502433K(1872384K), 0.0618272 secs] [Times: user=0.37 sys=0.00, real=0.06 secs] 
3509.335: [GC (Allocation Failure) [PSYoungGen: 373280K->149088K(464384K)] 745121K->651297K(1862656K), 0.0594684 secs] [Times: user=0.35 sys=0.00, real=0.06 secs] 
3511.104: [GC (Allocation Failure) [PSYoungGen: 391776K->9152K(454144K)] 893985K->511429K(1852416K), 0.0075914 secs] [Times: user=0.04 sys=0.00, real=0.01 secs] 
3513.725: [GC (Allocation Failure) [PSYoungGen: 243136K->160768K(465920K)] 745413K->669730K(1864192K), 0.0333667 secs] [Times: user=0.20 sys=0.00, real=0.04 secs] 
3515.485: [GC (Allocation Failure) [PSYoungGen: 394752K->100448K(459776K)] 903714K->761018K(1858048K), 0.1423306 secs] [Times: user=0.84 sys=0.01, real=0.15 secs] 
3516.307: [GC (Allocation Failure) [PSYoungGen: 319844K->163744K(462848K)] 980415K->922963K(1861120K), 0.0532101 secs] [Times: user=0.31 sys=0.00, real=0.06 secs] 
3518.661: [GC (Allocation Failure) [PSYoungGen: 397728K->92896K(464896K)] 1156947K->1007803K(1863168K), 0.1678121 secs] [Times: user=0.99 sys=0.00, real=0.17 secs] 
3519.955: [GC (Allocation Failure) [PSYoungGen: 329952K->189248K(465408K)] 1244859K->1193332K(1863680K), 0.0519267 secs] [Times: user=0.31 sys=0.00, real=0.06 secs] 
3522.355: [GC (Allocation Failure) [PSYoungGen: 426304K->92576K(465920K)] 1430388K->1269400K(1864192K), 0.1494755 secs] [Times: user=0.88 sys=0.01, real=0.15 secs] 
3522.504: [Full GC (Ergonomics) [PSYoungGen: 92576K->0K(465920K)] [ParOldGen: 1176824K->67074K(1398272K)] 1269400K->67074K(1864192K), [Metaspace: 60252K->60252K(1105920K)], 0.1715987 secs] [Times: user=0.78 sys=0.00, real=0.17 secs] 
3523.049: [GC (Allocation Failure) [PSYoungGen: 232960K->178464K(465920K)] 300034K->245538K(1864192K), 0.0391154 secs] [Times: user=0.23 sys=0.00, real=0.04 secs] 
3526.049: [GC (Allocation Failure) [PSYoungGen: 411424K->82880K(465920K)] 478498K->328566K(1864192K), 0.1263694 secs] [Times: user=0.75 sys=0.00, real=0.12 secs] 
3526.787: [GC (Allocation Failure) [PSYoungGen: 315723K->210592K(465920K)] 561409K->533023K(1864192K), 0.0619218 secs] [Times: user=0.37 sys=0.00, real=0.06 secs] 
3529.104: [GC (Allocation Failure) [PSYoungGen: 443552K->87552K(465920K)] 765983K->586047K(1864192K), 0.1023074 secs] [Times: user=0.60 sys=0.00, real=0.10 secs] 
3531.515: [GC (Allocation Failure) [PSYoungGen: 320512K->156256K(465920K)] 819007K->735700K(1864192K), 0.0604573 secs] [Times: user=0.36 sys=0.00, real=0.06 secs] 
3532.409: [GC (Allocation Failure) [PSYoungGen: 389216K->105088K(465920K)] 968660K->841020K(1864192K), 0.0790984 secs] [Times: user=0.47 sys=0.00, real=0.08 secs] 
3533.866: [GC (Allocation Failure) [PSYoungGen: 338048K->143296K(465920K)] 1073980K->973923K(1864192K), 0.0612675 secs] [Times: user=0.36 sys=0.00, real=0.07 secs] 
3536.241: [GC (Allocation Failure) [PSYoungGen: 376256K->122560K(461824K)] 1206883K->1096283K(1860096K), 0.0728110 secs] [Times: user=0.44 sys=0.00, real=0.07 secs] 
3537.748: [GC (Allocation Failure) [PSYoungGen: 355520K->125056K(358400K)] 1329243K->1211216K(1756672K), 0.0625727 secs] [Times: user=0.37 sys=0.00, real=0.06 secs] 
3539.761: [GC (Allocation Failure) [PSYoungGen: 358016K->141088K(465920K)] 1444176K->1352312K(1864192K), 0.0582394 secs] [Times: user=0.34 sys=0.00, real=0.06 secs] 
3539.820: [Full GC (Ergonomics) [PSYoungGen: 141088K->0K(465920K)] [ParOldGen: 1211224K->156595K(1398272K)] 1352312K->156595K(1864192K), [Metaspace: 60254K->60254K(1105920K)], 0.3674992 secs] [Times: user=1.69 sys=0.00, real=0.37 secs] 
3541.825: [GC (Allocation Failure) [PSYoungGen: 244224K->112544K(460800K)] 400819K->269139K(1859072K), 0.0878125 secs] [Times: user=0.52 sys=0.01, real=0.09 secs] 
3544.508: [GC (Allocation Failure) [PSYoungGen: 356768K->168768K(465920K)] 513363K->436108K(1864192K), 0.0588729 secs] [Times: user=0.35 sys=0.00, real=0.06 secs] 
3547.143: [GC (Allocation Failure) [PSYoungGen: 423232K->104736K(472064K)] 690572K->531844K(1870336K), 0.1609319 secs] [Times: user=0.94 sys=0.00, real=0.16 secs] 
3548.916: [GC (Allocation Failure) [PSYoungGen: 359200K->187136K(459264K)] 786308K->714969K(1857536K), 0.0558246 secs] [Times: user=0.33 sys=0.00, real=0.06 secs] 
3551.562: [GC (Allocation Failure) [PSYoungGen: 432384K->93888K(472064K)] 960217K->808737K(1870336K), 0.1304629 secs] [Times: user=0.72 sys=0.00, real=0.13 secs] 
3554.170: [GC (Allocation Failure) [PSYoungGen: 338018K->210592K(457728K)] 1052867K->1012942K(1856000K), 0.0650911 secs] [Times: user=0.39 sys=0.01, real=0.06 secs] 
3556.189: [GC (Allocation Failure) [PSYoungGen: 443552K->92384K(465920K)] 1245902K->1070310K(1864192K), 0.0941672 secs] [Times: user=0.56 sys=0.00, real=0.09 secs] 
3557.648: [GC (Allocation Failure) [PSYoungGen: 325344K->151136K(465920K)] 1303270K->1215163K(1864192K), 0.0609726 secs] [Times: user=0.36 sys=0.00, real=0.06 secs] 
3560.193: [GC (Allocation Failure) [PSYoungGen: 384096K->112768K(346112K)] 1448123K->1328043K(1744384K), 0.0920579 secs] [Times: user=0.54 sys=0.00, real=0.09 secs] 
3560.285: [Full GC (Ergonomics) [PSYoungGen: 112768K->0K(346112K)] [ParOldGen: 1215275K->119582K(1398272K)] 1328043K->119582K(1744384K), [Metaspace: 60254K->60254K(1105920K)], 0.2667700 secs] [Times: user=1.21 sys=0.00, real=0.27 secs] 
3561.661: [GC (Allocation Failure) [PSYoungGen: 232960K->143360K(470528K)] 352542K->262942K(1868800K), 0.0530231 secs] [Times: user=0.31 sys=0.00, real=0.05 secs] 
3562.386: [GC (Allocation Failure) [PSYoungGen: 382464K->133888K(373248K)] 502046K->397154K(1771520K), 0.0744053 secs] [Times: user=0.44 sys=0.00, real=0.08 secs] 
3565.484: [GC (Allocation Failure) [PSYoungGen: 372992K->1888K(444416K)] 636258K->265290K(1842688K), 0.0018142 secs] [Times: user=0.01 sys=0.00, real=0.00 secs] 
3567.258: [GC (Allocation Failure) [PSYoungGen: 229728K->143296K(458752K)] 493130K->407307K(1857024K), 0.0283960 secs] [Times: user=0.17 sys=0.00, real=0.02 secs] 
3569.481: [GC (Allocation Failure) [PSYoungGen: 371136K->2736K(460800K)] 635147K->266963K(1859072K), 0.0021031 secs] [Times: user=0.01 sys=0.00, real=0.00 secs] 
3570.437: [GC (Allocation Failure) [PSYoungGen: 235696K->160160K(465920K)] 499923K->425996K(1864192K), 0.0316221 secs] [Times: user=0.18 sys=0.00, real=0.03 secs] 
3572.607: [GC (Allocation Failure) [PSYoungGen: 393120K->98496K(465920K)] 658956K->515772K(1864192K), 0.0786582 secs] [Times: user=0.47 sys=0.00, real=0.07 secs] 
3573.773: [GC (Allocation Failure) [PSYoungGen: 331456K->165760K(465920K)] 748732K->680001K(1864192K), 0.0615084 secs] [Times: user=0.37 sys=0.00, real=0.06 secs] 
3576.599: [GC (Allocation Failure) [PSYoungGen: 397992K->95680K(465920K)] 912234K->767066K(1864192K), 0.1566662 secs] [Times: user=0.93 sys=0.00, real=0.15 secs] 
3577.458: [GC (Allocation Failure) [PSYoungGen: 314790K->159712K(465920K)] 986176K->924469K(1864192K), 0.0507573 secs] [Times: user=0.30 sys=0.00, real=0.05 secs] 
3580.090: [GC (Allocation Failure) [PSYoungGen: 392672K->92032K(460800K)] 1157429K->1008017K(1859072K), 0.1580323 secs] [Times: user=0.94 sys=0.00, real=0.16 secs] 
3581.256: [GC (Allocation Failure) [PSYoungGen: 324992K->216608K(463360K)] 1240977K->1220534K(1861632K), 0.0520813 secs] [Times: user=0.31 sys=0.00, real=0.06 secs] 
3583.349: [GC (Allocation Failure) [PSYoungGen: 449568K->95648K(465920K)] 1453494K->1266562K(1864192K), 0.1642457 secs] [Times: user=0.98 sys=0.01, real=0.16 secs] 
3583.514: [Full GC (Ergonomics) [PSYoungGen: 95648K->0K(465920K)] [ParOldGen: 1170914K->63084K(1398272K)] 1266562K->63084K(1864192K), [Metaspace: 60255K->60255K(1105920K)], 0.1720158 secs] [Times: user=0.79 sys=0.00, real=0.17 secs] 
3584.319: [GC (Allocation Failure) [PSYoungGen: 232960K->169664K(465920K)] 296044K->232748K(1864192K), 0.0511744 secs] [Times: user=0.30 sys=0.00, real=0.05 secs] 
3587.753: [GC (Allocation Failure) [PSYoungGen: 402624K->86240K(465920K)] 465708K->318784K(1864192K), 0.1569700 secs] [Times: user=0.93 sys=0.00, real=0.16 secs] 
3588.178: [GC (Allocation Failure) [PSYoungGen: 319200K->174016K(465920K)] 551744K->486621K(1864192K), 0.0578262 secs] [Times: user=0.34 sys=0.00, real=0.05 secs] 
3590.053: [GC (Allocation Failure) [PSYoungGen: 406976K->94688K(465920K)] 719581K->580717K(1864192K), 0.0852296 secs] [Times: user=0.51 sys=0.00, real=0.09 secs] 
3592.181: [GC (Allocation Failure) [PSYoungGen: 324805K->195872K(465920K)] 810834K->770921K(1864192K), 0.0693531 secs] [Times: user=0.41 sys=0.00, real=0.07 secs] 
3594.574: [GC (Allocation Failure) [PSYoungGen: 423944K->92800K(465920K)] 998994K->826297K(1864192K), 0.0935928 secs] [Times: user=0.55 sys=0.00, real=0.10 secs] 
3595.805: [GC (Allocation Failure) [PSYoungGen: 325760K->152032K(465920K)] 1059257K->972114K(1864192K), 0.0610190 secs] [Times: user=0.36 sys=0.00, real=0.06 secs] 
3597.827: [GC (Allocation Failure) [PSYoungGen: 384992K->104448K(465920K)] 1205074K->1075882K(1864192K), 0.0788186 secs] [Times: user=0.47 sys=0.01, real=0.08 secs] 
3599.933: [GC (Allocation Failure) [PSYoungGen: 337408K->144224K(465920K)] 1308842K->1209047K(1864192K), 0.0615437 secs] [Times: user=0.37 sys=0.00, real=0.06 secs] 
3601.823: [GC (Allocation Failure) [PSYoungGen: 377184K->117952K(458752K)] 1442007K->1327103K(1857024K), 0.0797705 secs] [Times: user=0.47 sys=0.00, real=0.08 secs] 
3601.903: [Full GC (Ergonomics) [PSYoungGen: 117952K->0K(458752K)] [ParOldGen: 1209151K->133076K(1398272K)] 1327103K->133076K(1857024K), [Metaspace: 60382K->60382K(1105920K)], 0.3100840 secs] [Times: user=1.43 sys=0.00, real=0.31 secs] 
3603.311: [GC (Allocation Failure) [PSYoungGen: 232960K->129760K(462336K)] 366036K->262836K(1860608K), 0.0460363 secs] [Times: user=0.27 sys=0.00, real=0.05 secs] 
3603.901: [GC (Allocation Failure) [PSYoungGen: 362720K->142560K(465408K)] 495796K->405692K(1863680K), 0.0672644 secs] [Times: user=0.40 sys=0.00, real=0.07 secs] 
3606.506: [GC (Allocation Failure) [PSYoungGen: 390368K->7104K(463360K)] 653500K->270260K(1861632K), 0.0031641 secs] [Times: user=0.01 sys=0.00, real=0.01 secs] 
3607.922: [GC (Allocation Failure) [PSYoungGen: 250733K->176736K(460800K)] 513890K->445705K(1859072K), 0.0357642 secs] [Times: user=0.21 sys=0.01, real=0.04 secs] 
3610.687: [GC (Allocation Failure) [PSYoungGen: 409696K->93344K(465920K)] 678665K->530977K(1864192K), 0.1674334 secs] [Times: user=0.99 sys=0.00, real=0.16 secs] 
3613.024: [GC (Allocation Failure) [PSYoungGen: 314009K->159136K(465408K)] 751642K->684254K(1863680K), 0.1033931 secs] [Times: user=0.56 sys=0.00, real=0.11 secs] 
3616.336: [GC (Allocation Failure) [PSYoungGen: 392096K->90688K(324096K)] 917214K->766718K(1722368K), 0.1273619 secs] [Times: user=0.75 sys=0.00, real=0.13 secs] 
3617.140: [GC (Allocation Failure) [PSYoungGen: 323648K->171264K(461312K)] 999678K->934555K(1859584K), 0.0502660 secs] [Times: user=0.30 sys=0.00, real=0.05 secs] 
3619.698: [GC (Allocation Failure) [PSYoungGen: 402176K->86080K(463872K)] 1165467K->1020563K(1862144K), 0.1709433 secs] [Times: user=1.02 sys=0.00, real=0.17 secs] 
3620.967: [GC (Allocation Failure) [PSYoungGen: 316992K->167936K(465920K)] 1251475K->1185436K(1864192K), 0.1502482 secs] [Times: user=0.90 sys=0.00, real=0.16 secs] 
3624.006: [GC (Allocation Failure) [PSYoungGen: 400896K->87584K(465920K)] 1418396K->1272820K(1864192K), 0.1538807 secs] [Times: user=0.92 sys=0.00, real=0.16 secs] 
3624.160: [Full GC (Ergonomics) [PSYoungGen: 87584K->0K(465920K)] [ParOldGen: 1185236K->66833K(1398272K)] 1272820K->66833K(1864192K), [Metaspace: 60385K->60385K(1105920K)], 0.1722522 secs] [Times: user=0.78 sys=0.00, real=0.17 secs] 
3624.688: [GC (Allocation Failure) [PSYoungGen: 232960K->178944K(465920K)] 299793K->245777K(1864192K), 0.0395559 secs] [Times: user=0.24 sys=0.00, real=0.04 secs] 
3626.512: [GC (Allocation Failure) [PSYoungGen: 411904K->87648K(465920K)] 478737K->333741K(1864192K), 0.1357780 secs] [Times: user=0.81 sys=0.01, real=0.14 secs] 
3627.256: [GC (Allocation Failure) [PSYoungGen: 319863K->206400K(465920K)] 565956K->533570K(1864192K), 0.0620172 secs] [Times: user=0.37 sys=0.00, real=0.07 secs] 
3629.818: [GC (Allocation Failure) [PSYoungGen: 437993K->92640K(465920K)] 765163K->591362K(1864192K), 0.1124645 secs] [Times: user=0.61 sys=0.00, real=0.11 secs] 
3633.838: [GC (Allocation Failure) [PSYoungGen: 325600K->193994K(465920K)] 824322K->779828K(1864192K), 0.0672037 secs] [Times: user=0.40 sys=0.00, real=0.06 secs] 
3635.450: [GC (Allocation Failure) [PSYoungGen: 426954K->98496K(465920K)] 1012788K->835257K(1864192K), 0.0854301 secs] [Times: user=0.51 sys=0.00, real=0.08 secs] 
3637.578: [GC (Allocation Failure) [PSYoungGen: 331456K->149312K(465920K)] 1068217K->974170K(1864192K), 0.0608120 secs] [Times: user=0.36 sys=0.01, real=0.06 secs] 
3638.615: [GC (Allocation Failure) [PSYoungGen: 382272K->116288K(465920K)] 1207130K->1090442K(1864192K), 0.0694585 secs] [Times: user=0.41 sys=0.00, real=0.07 secs] 
3640.009: [GC (Allocation Failure) [PSYoungGen: 349248K->131872K(463872K)] 1323402K->1211899K(1862144K), 0.0624906 secs] [Times: user=0.37 sys=0.00, real=0.06 secs] 
3642.120: [GC (Allocation Failure) [PSYoungGen: 364832K->133952K(367104K)] 1444859K->1345763K(1765376K), 0.1221708 secs] [Times: user=0.73 sys=0.01, real=0.12 secs] 
3642.242: [Full GC (Ergonomics) [PSYoungGen: 133952K->0K(367104K)] [ParOldGen: 1211811K->149438K(1398272K)] 1345763K->149438K(1765376K), [Metaspace: 60387K->60387K(1105920K)], 0.3771593 secs] [Times: user=1.76 sys=0.00, real=0.38 secs] 
3644.628: [GC (Allocation Failure) [PSYoungGen: 232960K->114912K(464896K)] 382398K->264350K(1863168K), 0.0402115 secs] [Times: user=0.23 sys=0.00, real=0.04 secs] 
3646.321: [GC (Allocation Failure) [PSYoungGen: 357088K->158336K(458752K)] 506526K->421971K(1857024K), 0.0603237 secs] [Times: user=0.36 sys=0.00, real=0.06 secs] 
3648.543: [GC (Allocation Failure) [PSYoungGen: 400512K->16704K(457728K)] 664147K->280571K(1856000K), 0.0047574 secs] [Times: user=0.03 sys=0.00, real=0.01 secs] 
3650.020: [GC (Allocation Failure) [PSYoungGen: 252898K->168960K(408576K)] 516766K->446540K(1806848K), 0.0368951 secs] [Times: user=0.22 sys=0.00, real=0.03 secs] 
3652.482: [GC (Allocation Failure) [PSYoungGen: 408064K->94272K(467968K)] 685644K->531944K(1866240K), 0.1770423 secs] [Times: user=1.05 sys=0.01, real=0.18 secs] 
3654.403: [GC (Allocation Failure) [PSYoungGen: 329280K->172032K(465920K)] 766952K->699349K(1864192K), 0.0509111 secs] [Times: user=0.30 sys=0.00, real=0.05 secs] 
3657.503: [GC (Allocation Failure) [PSYoungGen: 407040K->87488K(465920K)] 934357K->786545K(1864192K), 0.1682164 secs] [Times: user=1.00 sys=0.00, real=0.17 secs] 
3658.158: [GC (Allocation Failure) [PSYoungGen: 320448K->171520K(465920K)] 1019505K->954070K(1864192K), 0.0561477 secs] [Times: user=0.33 sys=0.00, real=0.05 secs] 
3661.413: [GC (Allocation Failure) [PSYoungGen: 404480K->84480K(465920K)] 1187030K->1038182K(1864192K), 0.1607911 secs] [Times: user=0.96 sys=0.00, real=0.16 secs] 
3661.872: [GC (Allocation Failure) [PSYoungGen: 317440K->179104K(465920K)] 1271142K->1211219K(1864192K), 0.0582878 secs] [Times: user=0.35 sys=0.00, real=0.06 secs] 
3664.333: [GC (Allocation Failure) [PSYoungGen: 412064K->90080K(465920K)] 1444179K->1301531K(1864192K), 0.1233366 secs] [Times: user=0.68 sys=0.00, real=0.12 secs] 
3664.456: [Full GC (Ergonomics) [PSYoungGen: 90080K->0K(465920K)] [ParOldGen: 1211451K->99307K(1398272K)] 1301531K->99307K(1864192K), [Metaspace: 60397K->60397K(1105920K)], 0.2389981 secs] [Times: user=1.10 sys=0.00, real=0.24 secs] 
3665.761: [GC (Allocation Failure) [PSYoungGen: 232960K->160544K(465920K)] 332267K->259851K(1864192K), 0.0465202 secs] [Times: user=0.27 sys=0.01, real=0.05 secs] 
3669.434: [GC (Allocation Failure) [PSYoungGen: 390941K->92960K(465920K)] 490249K->352811K(1864192K), 0.1024657 secs] [Times: user=0.61 sys=0.00, real=0.10 secs] 
3671.644: [GC (Allocation Failure) [PSYoungGen: 325920K->150880K(465920K)] 585771K->497256K(1864192K), 0.0609760 secs] [Times: user=0.36 sys=0.00, real=0.06 secs] 
3673.852: [GC (Allocation Failure) [PSYoungGen: 383840K->103488K(457728K)] 730216K->600984K(1856000K), 0.0895884 secs] [Times: user=0.53 sys=0.00, real=0.09 secs] 
3675.133: [GC (Allocation Failure) [PSYoungGen: 336448K->144128K(461824K)] 833944K->734181K(1860096K), 0.0606094 secs] [Times: user=0.37 sys=0.00, real=0.06 secs] 
3676.167: [GC (Allocation Failure) [PSYoungGen: 377088K->129888K(450560K)] 967141K->864293K(1848832K), 0.0616477 secs] [Times: user=0.37 sys=0.00, real=0.06 secs] 
3677.403: [GC (Allocation Failure) [PSYoungGen: 374112K->2848K(460800K)] 1108517K->737293K(1859072K), 0.0021364 secs] [Times: user=0.01 sys=0.00, real=0.00 secs] 
3680.439: [GC (Allocation Failure) [PSYoungGen: 247072K->157664K(461824K)] 981517K->892938K(1860096K), 0.0314854 secs] [Times: user=0.18 sys=0.00, real=0.03 secs] 
3682.071: [GC (Allocation Failure) [PSYoungGen: 390624K->14144K(465920K)] 1125898K->749602K(1864192K), 0.0079994 secs] [Times: user=0.04 sys=0.00, real=0.01 secs] 
3683.887: [GC (Allocation Failure) [PSYoungGen: 247104K->166816K(465920K)] 982562K->913999K(1864192K), 0.0365330 secs] [Times: user=0.21 sys=0.00, real=0.04 secs] 
3685.797: [GC (Allocation Failure) [PSYoungGen: 399776K->94784K(465920K)] 1146959K->1000231K(1864192K), 0.1494852 secs] [Times: user=0.89 sys=0.00, real=0.14 secs] 
3687.340: [GC (Allocation Failure) [PSYoungGen: 313463K->159648K(465920K)] 1218910K->1156315K(1864192K), 0.0496460 secs] [Times: user=0.29 sys=0.00, real=0.05 secs] 
3689.932: [GC (Allocation Failure) [PSYoungGen: 392608K->93376K(465920K)] 1389275K->1240968K(1864192K), 0.1269063 secs] [Times: user=0.76 sys=0.00, real=0.13 secs] 
3690.059: [Full GC (Ergonomics) [PSYoungGen: 93376K->0K(465920K)] [ParOldGen: 1147591K->44558K(1398272K)] 1240968K->44558K(1864192K), [Metaspace: 60407K->60407K(1105920K)], 0.1205632 secs] [Times: user=0.49 sys=0.00, real=0.12 secs] 
3691.185: [GC (Allocation Failure) [PSYoungGen: 232960K->169024K(465920K)] 277518K->213582K(1864192K), 0.0552679 secs] [Times: user=0.33 sys=0.00, real=0.06 secs] 
3694.101: [GC (Allocation Failure) [PSYoungGen: 401984K->86272K(465920K)] 446542K->299678K(1864192K), 0.1265549 secs] [Times: user=0.75 sys=0.01, real=0.13 secs] 
3694.658: [GC (Allocation Failure) [PSYoungGen: 319232K->170592K(465920K)] 532638K->466602K(1864192K), 0.0552543 secs] [Times: user=0.33 sys=0.00, real=0.05 secs] 
3697.462: [GC (Allocation Failure) [PSYoungGen: 403552K->94592K(465920K)] 699562K->560931K(1864192K), 0.1369871 secs] [Times: user=0.82 sys=0.00, real=0.14 secs] 
3697.858: [GC (Allocation Failure) [PSYoungGen: 327552K->176288K(465920K)] 793891K->727171K(1864192K), 0.0587341 secs] [Times: user=0.35 sys=0.00, real=0.06 secs] 
3701.503: [GC (Allocation Failure) [PSYoungGen: 409248K->87040K(465920K)] 960131K->814091K(1864192K), 0.1306178 secs] [Times: user=0.78 sys=0.00, real=0.13 secs] 
3702.647: [GC (Allocation Failure) [PSYoungGen: 315761K->201824K(465920K)] 1042813K->1009672K(1864192K), 0.0678578 secs] [Times: user=0.41 sys=0.00, real=0.06 secs] 
3704.405: [GC (Allocation Failure) [PSYoungGen: 429478K->93280K(465920K)] 1237327K->1066348K(1864192K), 0.1041347 secs] [Times: user=0.62 sys=0.00, real=0.11 secs] 
3705.629: [GC (Allocation Failure) [PSYoungGen: 326240K->150944K(465920K)] 1299308K->1210585K(1864192K), 0.0611411 secs] [Times: user=0.36 sys=0.00, real=0.06 secs] 
3707.217: [GC (Allocation Failure) [PSYoungGen: 383904K->112288K(465920K)] 1443545K->1322461K(1864192K), 0.0767008 secs] [Times: user=0.45 sys=0.00, real=0.07 secs] 
3707.294: [Full GC (Ergonomics) [PSYoungGen: 112288K->0K(465920K)] [ParOldGen: 1210173K->127964K(1398272K)] 1322461K->127964K(1864192K), [Metaspace: 60418K->60418K(1105920K)], 0.2903892 secs] [Times: user=1.31 sys=0.00, real=0.29 secs] 
3708.893: [GC (Allocation Failure) [PSYoungGen: 232960K->136608K(462848K)] 360924K->264572K(1861120K), 0.0489934 secs] [Times: user=0.29 sys=0.00, real=0.05 secs] 
3711.428: [GC (Allocation Failure) [PSYoungGen: 369568K->125504K(358912K)] 497532K->389572K(1757184K), 0.0804828 secs] [Times: user=0.48 sys=0.00, real=0.08 secs] 
3712.649: [GC (Allocation Failure) [PSYoungGen: 358464K->1088K(448000K)] 622532K->265220K(1846272K), 0.0018176 secs] [Times: user=0.01 sys=0.00, real=0.00 secs] 
3713.861: [GC (Allocation Failure) [PSYoungGen: 227392K->140000K(459264K)] 491524K->404745K(1857536K), 0.0299575 secs] [Times: user=0.17 sys=0.00, real=0.03 secs] 
3715.842: [GC (Allocation Failure) [PSYoungGen: 366304K->1888K(463872K)] 631049K->266729K(1862144K), 0.0024065 secs] [Times: user=0.01 sys=0.00, real=0.00 secs] 
3717.492: [GC (Allocation Failure) [PSYoungGen: 234848K->148832K(465920K)] 499689K->414722K(1864192K), 0.0295082 secs] [Times: user=0.17 sys=0.00, real=0.03 secs] 
3719.759: [GC (Allocation Failure) [PSYoungGen: 381792K->5984K(465920K)] 647682K->271962K(1864192K), 0.0029423 secs] [Times: user=0.02 sys=0.00, real=0.00 secs] 
3720.701: [GC (Allocation Failure) [PSYoungGen: 238944K->165568K(465920K)] 504922K->436359K(1864192K), 0.0335251 secs] [Times: user=0.20 sys=0.00, real=0.03 secs] 
3723.609: [GC (Allocation Failure) [PSYoungGen: 398528K->94080K(465920K)] 669319K->521839K(1864192K), 0.0987569 secs] [Times: user=0.59 sys=0.00, real=0.10 secs] 
3724.961: [GC (Allocation Failure) [PSYoungGen: 327040K->168000K(465920K)] 754799K->687340K(1864192K), 0.0518482 secs] [Times: user=0.31 sys=0.01, real=0.05 secs] 
3727.083: [GC (Allocation Failure) [PSYoungGen: 400960K->94240K(465920K)] 920300K->772692K(1864192K), 0.1678261 secs] [Times: user=1.00 sys=0.01, real=0.17 secs] 
3728.015: [GC (Allocation Failure) [PSYoungGen: 327200K->171680K(465920K)] 1005652K->940741K(1864192K), 0.0513595 secs] [Times: user=0.30 sys=0.00, real=0.05 secs] 
3730.784: [GC (Allocation Failure) [PSYoungGen: 404640K->85600K(465920K)] 1173701K->1026185K(1864192K), 0.1662995 secs] [Times: user=0.99 sys=0.00, real=0.17 secs] 
3731.833: [GC (Allocation Failure) [PSYoungGen: 318560K->170048K(465920K)] 1259145K->1191966K(1864192K), 0.0557900 secs] [Times: user=0.32 sys=0.01, real=0.06 secs] 
3735.806: [GC (Allocation Failure) [PSYoungGen: 403008K->82976K(465920K)] 1424926K->1274434K(1864192K), 0.1654741 secs] [Times: user=0.97 sys=0.00, real=0.17 secs] 
3735.971: [Full GC (Ergonomics) [PSYoungGen: 82976K->0K(465920K)] [ParOldGen: 1191458K->69766K(1398272K)] 1274434K->69766K(1864192K), [Metaspace: 60418K->60418K(1105920K)], 0.1776500 secs] [Times: user=0.74 sys=0.00, real=0.18 secs] 
3736.572: [GC (Allocation Failure) [PSYoungGen: 232960K->179200K(465920K)] 302726K->248966K(1864192K), 0.0387936 secs] [Times: user=0.22 sys=0.00, real=0.04 secs] 
3739.937: [GC (Allocation Failure) [PSYoungGen: 412160K->83424K(465920K)] 481926K->332722K(1864192K), 0.1414951 secs] [Times: user=0.85 sys=0.00, real=0.14 secs] 
3740.653: [GC (Allocation Failure) [PSYoungGen: 313390K->207296K(465920K)] 562689K->533679K(1864192K), 0.0616630 secs] [Times: user=0.37 sys=0.00, real=0.06 secs] 
3744.639: [GC (Allocation Failure) [PSYoungGen: 440256K->82656K(465920K)] 766639K->581783K(1864192K), 0.1209830 secs] [Times: user=0.72 sys=0.00, real=0.12 secs] 
3745.885: [GC (Allocation Failure) [PSYoungGen: 315616K->161632K(465920K)] 814743K->736643K(1864192K), 0.0601067 secs] [Times: user=0.36 sys=0.00, real=0.06 secs] 
3747.295: [GC (Allocation Failure) [PSYoungGen: 394592K->101568K(465920K)] 969603K->838147K(1864192K), 0.0937594 secs] [Times: user=0.56 sys=0.00, real=0.10 secs] 
3748.640: [GC (Allocation Failure) [PSYoungGen: 334528K->146816K(465920K)] 1071107K->973856K(1864192K), 0.0609933 secs] [Times: user=0.36 sys=0.00, real=0.06 secs] 
3751.632: [GC (Allocation Failure) [PSYoungGen: 379776K->119648K(465920K)] 1206816K->1093400K(1864192K), 0.0834622 secs] [Times: user=0.50 sys=0.00, real=0.08 secs] 
3755.263: [GC (Allocation Failure) [PSYoungGen: 352608K->128384K(361472K)] 1326360K->1211335K(1759744K), 0.0624072 secs] [Times: user=0.37 sys=0.00, real=0.06 secs] 
3756.753: [GC (Allocation Failure) [PSYoungGen: 361344K->158048K(458240K)] 1444295K->1369519K(1856512K), 0.0808994 secs] [Times: user=0.48 sys=0.01, real=0.08 secs] 
3756.834: [Full GC (Ergonomics) [PSYoungGen: 158048K->0K(458240K)] [ParOldGen: 1211471K->148217K(1398272K)] 1369519K->148217K(1856512K), [Metaspace: 60419K->60419K(1105920K)], 0.3679316 secs] [Times: user=1.69 sys=0.00, real=0.37 secs] 
3760.403: [GC (Allocation Failure) [PSYoungGen: 230912K->115264K(460288K)] 379129K->263481K(1858560K), 0.0404252 secs] [Times: user=0.24 sys=0.00, real=0.04 secs] 
3761.646: [GC (Allocation Failure) [PSYoungGen: 346176K->147968K(465920K)] 494393K->411542K(1864192K), 0.0590691 secs] [Times: user=0.35 sys=0.00, real=0.06 secs] 
3764.393: [GC (Allocation Failure) [PSYoungGen: 392192K->9344K(463872K)] 655766K->273022K(1862144K), 0.0039183 secs] [Times: user=0.02 sys=0.00, real=0.01 secs] 
3765.691: [GC (Allocation Failure) [PSYoungGen: 253033K->175296K(463872K)] 516712K->446371K(1862144K), 0.0359131 secs] [Times: user=0.21 sys=0.00, real=0.04 secs] 
3768.517: [GC (Allocation Failure) [PSYoungGen: 408256K->91456K(465920K)] 679331K->529047K(1864192K), 0.0978787 secs] [Times: user=0.58 sys=0.00, real=0.09 secs] 
3769.413: [GC (Allocation Failure) [PSYoungGen: 309844K->160032K(465920K)] 747435K->685223K(1864192K), 0.0484054 secs] [Times: user=0.28 sys=0.00, real=0.05 secs] 
3771.623: [GC (Allocation Failure) [PSYoungGen: 392992K->98048K(331264K)] 918183K->774396K(1729536K), 0.1177545 secs] [Times: user=0.70 sys=0.00, real=0.12 secs] 
3772.571: [GC (Allocation Failure) [PSYoungGen: 331008K->171552K(462848K)] 1007356K->942592K(1861120K), 0.0522226 secs] [Times: user=0.31 sys=0.00, real=0.05 secs] 
3775.501: [GC (Allocation Failure) [PSYoungGen: 402976K->84448K(464384K)] 1174016K->1027160K(1862656K), 0.1458454 secs] [Times: user=0.87 sys=0.00, real=0.14 secs] 
3776.809: [GC (Allocation Failure) [PSYoungGen: 315872K->166976K(465920K)] 1258584K->1190673K(1864192K), 0.1191333 secs] [Times: user=0.71 sys=0.00, real=0.12 secs] 
3781.168: [GC (Allocation Failure) [PSYoungGen: 399936K->83392K(465920K)] 1423633K->1274105K(1864192K), 0.1727461 secs] [Times: user=1.03 sys=0.00, real=0.17 secs] 
3781.341: [Full GC (Ergonomics) [PSYoungGen: 83392K->0K(465920K)] [ParOldGen: 1190713K->71084K(1398272K)] 1274105K->71084K(1864192K), [Metaspace: 60419K->60419K(1105920K)], 0.1927225 secs] [Times: user=0.90 sys=0.01, real=0.19 secs] 
3782.326: [GC (Allocation Failure) [PSYoungGen: 232960K->172288K(465920K)] 304044K->243372K(1864192K), 0.0727385 secs] [Times: user=0.43 sys=0.00, real=0.08 secs] 
3784.210: [GC (Allocation Failure) [PSYoungGen: 405248K->93952K(465920K)] 476332K->337228K(1864192K), 0.0701830 secs] [Times: user=0.41 sys=0.00, real=0.07 secs] 
3785.152: [GC (Allocation Failure) [PSYoungGen: 323201K->202240K(465920K)] 566477K->533409K(1864192K), 0.0624536 secs] [Times: user=0.37 sys=0.00, real=0.06 secs] 
3789.283: [GC (Allocation Failure) [PSYoungGen: 435200K->82944K(465920K)] 766369K->581577K(1864192K), 0.1101702 secs] [Times: user=0.65 sys=0.00, real=0.11 secs] 
3790.514: [GC (Allocation Failure) [PSYoungGen: 315904K->160512K(465920K)] 814537K->735494K(1864192K), 0.0596367 secs] [Times: user=0.36 sys=0.00, real=0.06 secs] 
3793.772: [GC (Allocation Failure) [PSYoungGen: 385595K->92896K(465920K)] 960577K->828686K(1864192K), 0.1032814 secs] [Times: user=0.62 sys=0.00, real=0.10 secs] 
3794.966: [GC (Allocation Failure) [PSYoungGen: 325856K->151104K(465920K)] 1061646K->973458K(1864192K), 0.0604680 secs] [Times: user=0.36 sys=0.00, real=0.07 secs] 
3798.532: [GC (Allocation Failure) [PSYoungGen: 384064K->108192K(465920K)] 1206418K->1081434K(1864192K), 0.0910876 secs] [Times: user=0.54 sys=0.00, real=0.09 secs] 
3799.824: [GC (Allocation Failure) [PSYoungGen: 341152K->140992K(458752K)] 1314394K->1211747K(1857024K), 0.0616160 secs] [Times: user=0.37 sys=0.00, real=0.06 secs] 
3801.018: [GC (Allocation Failure) [PSYoungGen: 373952K->130208K(462336K)] 1444707K->1341739K(1860608K), 0.0683057 secs] [Times: user=0.41 sys=0.00, real=0.07 secs] 
3801.087: [Full GC (Ergonomics) [PSYoungGen: 130208K->0K(462336K)] [ParOldGen: 1211531K->145636K(1398272K)] 1341739K->145636K(1860608K), [Metaspace: 60420K->60420K(1105920K)], 0.3418331 secs] [Times: user=1.56 sys=0.00, real=0.34 secs] 
3803.356: [GC (Allocation Failure) [PSYoungGen: 232960K->117824K(461312K)] 378596K->263460K(1859584K), 0.0416798 secs] [Times: user=0.24 sys=0.00, real=0.05 secs] 
3805.720: [GC (Allocation Failure) [PSYoungGen: 367680K->156160K(462336K)] 513316K->419436K(1860608K), 0.0609852 secs] [Times: user=0.36 sys=0.00, real=0.06 secs] 
3807.402: [GC (Allocation Failure) [PSYoungGen: 406016K->19392K(462848K)] 669292K->282744K(1861120K), 0.0155085 secs] [Times: user=0.08 sys=0.00, real=0.02 secs] 
3808.824: [GC (Allocation Failure) [PSYoungGen: 267712K->176160K(424960K)] 531064K->456453K(1823232K), 0.1035038 secs] [Times: user=0.61 sys=0.00, real=0.11 secs] 
3813.194: [GC (Allocation Failure) [PSYoungGen: 424480K->94048K(468992K)] 704773K->550229K(1867264K), 0.1758082 secs] [Times: user=1.05 sys=0.00, real=0.18 secs] 
3814.335: [GC (Allocation Failure) [PSYoungGen: 330080K->173152K(465920K)] 786261K->719466K(1864192K), 0.0577209 secs] [Times: user=0.34 sys=0.00, real=0.06 secs] 
3816.645: [GC (Allocation Failure) [PSYoungGen: 409184K->87712K(465920K)] 955498K->807114K(1864192K), 0.1553359 secs] [Times: user=0.93 sys=0.00, real=0.16 secs] 
3818.558: [GC (Allocation Failure) [PSYoungGen: 320672K->176032K(465920K)] 1040074K->976595K(1864192K), 0.1238426 secs] [Times: user=0.73 sys=0.00, real=0.12 secs] 
3821.941: [GC (Allocation Failure) [PSYoungGen: 408992K->76512K(465920K)] 1209555K->1053307K(1864192K), 0.1385108 secs] [Times: user=0.82 sys=0.00, real=0.14 secs] 
3823.107: [GC (Allocation Failure) [PSYoungGen: 307704K->206464K(465920K)] 1284500K->1253488K(1864192K), 0.0668576 secs] [Times: user=0.40 sys=0.00, real=0.06 secs] 
3823.756: [GC (Allocation Failure) [PSYoungGen: 439424K->97120K(465920K)] 1486448K->1314016K(1864192K), 0.0964829 secs] [Times: user=0.57 sys=0.00, real=0.10 secs] 
3823.852: [Full GC (Ergonomics) [PSYoungGen: 97120K->0K(465920K)] [ParOldGen: 1216896K->112183K(1398272K)] 1314016K->112183K(1864192K), [Metaspace: 60421K->60421K(1105920K)], 0.2530221 secs] [Times: user=1.13 sys=0.01, real=0.25 secs] 
3826.452: [GC (Allocation Failure) [PSYoungGen: 232960K->151424K(465920K)] 345143K->263608K(1864192K), 0.0536836 secs] [Times: user=0.32 sys=0.00, real=0.05 secs] 
3827.750: [GC (Allocation Failure) [PSYoungGen: 384384K->110784K(465920K)] 496568K->374408K(1864192K), 0.0905954 secs] [Times: user=0.54 sys=0.00, real=0.09 secs] 
3829.145: [GC (Allocation Failure) [PSYoungGen: 343744K->137280K(370688K)] 607368K->501060K(1768960K), 0.0615867 secs] [Times: user=0.36 sys=0.00, real=0.07 secs] 
3831.364: [GC (Allocation Failure) [PSYoungGen: 370240K->131680K(474112K)] 734020K->632804K(1872384K), 0.0599007 secs] [Times: user=0.35 sys=0.00, real=0.06 secs] 
3833.402: [GC (Allocation Failure) [PSYoungGen: 373856K->2656K(464896K)] 874980K->503812K(1863168K), 0.0022206 secs] [Times: user=0.01 sys=0.00, real=0.00 secs] 
3837.095: [GC (Allocation Failure) [PSYoungGen: 244832K->156000K(465920K)] 745988K->658233K(1864192K), 0.0311151 secs] [Times: user=0.18 sys=0.00, real=0.03 secs] 
3838.648: [GC (Allocation Failure) [PSYoungGen: 388960K->103872K(336896K)] 891193K->752873K(1735168K), 0.1260165 secs] [Times: user=0.70 sys=0.00, real=0.12 secs] 
3840.553: [GC (Allocation Failure) [PSYoungGen: 336832K->167264K(457728K)] 985833K->918070K(1856000K), 0.0545326 secs] [Times: user=0.32 sys=0.00, real=0.06 secs] 
3843.031: [GC (Allocation Failure) [PSYoungGen: 396128K->93600K(461824K)] 1146934K->1003014K(1860096K), 0.1641668 secs] [Times: user=0.98 sys=0.01, real=0.16 secs] 
3844.875: [GC (Allocation Failure) [PSYoungGen: 320913K->159840K(462848K)] 1230327K->1160635K(1861120K), 0.0501106 secs] [Times: user=0.29 sys=0.00, real=0.05 secs] 
3847.088: [GC (Allocation Failure) [PSYoungGen: 392800K->93312K(326656K)] 1393595K->1245307K(1724928K), 0.0693023 secs] [Times: user=0.42 sys=0.00, real=0.07 secs] 
3847.157: [Full GC (Ergonomics) [PSYoungGen: 93312K->0K(326656K)] [ParOldGen: 1151995K->44031K(1398272K)] 1245307K->44031K(1724928K), [Metaspace: 60421K->60421K(1105920K)], 0.0852067 secs] [Times: user=0.32 sys=0.00, real=0.08 secs] 
3848.429: [GC (Allocation Failure) [PSYoungGen: 232960K->169984K(458752K)] 276991K->214015K(1857024K), 0.0671990 secs] [Times: user=0.40 sys=0.00, real=0.06 secs] 
3852.521: [GC (Allocation Failure) [PSYoungGen: 400896K->82784K(463872K)] 444927K->296919K(1862144K), 0.1637644 secs] [Times: user=0.97 sys=0.00, real=0.16 secs] 
3853.221: [GC (Allocation Failure) [PSYoungGen: 313696K->188256K(464896K)] 527831K->481436K(1863168K), 0.0548512 secs] [Times: user=0.33 sys=0.00, real=0.05 secs] 
3856.247: [GC (Allocation Failure) [PSYoungGen: 421216K->83168K(465920K)] 714396K->548116K(1864192K), 0.1357497 secs] [Times: user=0.80 sys=0.00, real=0.13 secs] 
3857.228: [GC (Allocation Failure) [PSYoungGen: 316128K->172928K(465920K)] 781076K->715017K(1864192K), 0.0559805 secs] [Times: user=0.33 sys=0.00, real=0.05 secs] 
3860.188: [GC (Allocation Failure) [PSYoungGen: 405888K->86880K(465920K)] 947977K->801597K(1864192K), 0.1443749 secs] [Times: user=0.86 sys=0.00, real=0.14 secs] 
3860.636: [GC (Allocation Failure) [PSYoungGen: 319840K->176768K(465920K)] 1034557K->972214K(1864192K), 0.0589053 secs] [Times: user=0.35 sys=0.00, real=0.06 secs] 
3863.360: [GC (Allocation Failure) [PSYoungGen: 409728K->89632K(465920K)] 1205174K->1061702K(1864192K), 0.1166150 secs] [Times: user=0.69 sys=0.01, real=0.11 secs] 
3864.650: [GC (Allocation Failure) [PSYoungGen: 322592K->155680K(465920K)] 1294662K->1210819K(1864192K), 0.0612116 secs] [Times: user=0.36 sys=0.00, real=0.06 secs] 
3867.937: [GC (Allocation Failure) [PSYoungGen: 388640K->99520K(465920K)] 1443779K->1310163K(1864192K), 0.1015904 secs] [Times: user=0.61 sys=0.00, real=0.10 secs] 
3868.038: [Full GC (Ergonomics) [PSYoungGen: 99520K->0K(465920K)] [ParOldGen: 1210643K->114580K(1398272K)] 1310163K->114580K(1864192K), [Metaspace: 60432K->60432K(1105920K)], 0.2674869 secs] [Times: user=1.23 sys=0.00, real=0.26 secs] 
3869.384: [GC (Allocation Failure) [PSYoungGen: 232960K->148576K(465920K)] 347540K->263156K(1864192K), 0.0535475 secs] [Times: user=0.32 sys=0.00, real=0.06 secs] 
3872.065: [GC (Allocation Failure) [PSYoungGen: 381536K->114176K(347648K)] 496116K->377288K(1745920K), 0.0998329 secs] [Times: user=0.59 sys=0.00, real=0.10 secs] 
3873.322: [GC (Allocation Failure) [PSYoungGen: 347136K->133600K(467456K)] 610248K->500521K(1865728K), 0.0612510 secs] [Times: user=0.36 sys=0.00, real=0.06 secs] 
3876.059: [GC (Allocation Failure) [PSYoungGen: 374240K->138656K(459776K)] 741161K->639265K(1858048K), 0.0665539 secs] [Times: user=0.39 sys=0.00, real=0.06 secs] 
3877.303: [GC (Allocation Failure) [PSYoungGen: 379296K->5536K(455168K)] 879905K->506241K(1853440K), 0.0028203 secs] [Times: user=0.01 sys=0.00, real=0.00 secs] 
3878.701: [GC (Allocation Failure) [PSYoungGen: 246176K->170176K(411136K)] 746881K->675382K(1809408K), 0.0499224 secs] [Times: user=0.29 sys=0.00, real=0.05 secs] 
3881.444: [GC (Allocation Failure) [PSYoungGen: 410816K->99296K(471040K)] 916022K->766262K(1869312K), 0.1366197 secs] [Times: user=0.81 sys=0.01, real=0.14 secs] 
3883.657: [GC (Allocation Failure) [PSYoungGen: 337376K->168672K(465920K)] 1004342K->931459K(1864192K), 0.0533138 secs] [Times: user=0.32 sys=0.00, real=0.05 secs] 
3886.259: [GC (Allocation Failure) [PSYoungGen: 406752K->93440K(467456K)] 1169539K->1024195K(1865728K), 0.1710162 secs] [Times: user=1.01 sys=0.00, real=0.17 secs] 
3886.971: [GC (Allocation Failure) [PSYoungGen: 329984K->173600K(465920K)] 1260739K->1194160K(1864192K), 0.0570330 secs] [Times: user=0.34 sys=0.00, real=0.06 secs] 
3890.508: [GC (Allocation Failure) [PSYoungGen: 410144K->88928K(465920K)] 1430704K->1282776K(1864192K), 0.1633168 secs] [Times: user=0.97 sys=0.00, real=0.16 secs] 
3890.671: [Full GC (Ergonomics) [PSYoungGen: 88928K->0K(465920K)] [ParOldGen: 1193848K->80518K(1398272K)] 1282776K->80518K(1864192K), [Metaspace: 60432K->60432K(1105920K)], 0.2184460 secs] [Times: user=1.03 sys=0.00, real=0.22 secs] 
3891.125: [GC (Allocation Failure) [PSYoungGen: 232960K->176832K(465920K)] 313478K->257350K(1864192K), 0.0374144 secs] [Times: user=0.22 sys=0.00, real=0.04 secs] 
3894.001: [GC (Allocation Failure) [PSYoungGen: 409792K->90048K(465920K)] 490310K->347358K(1864192K), 0.1143079 secs] [Times: user=0.67 sys=0.00, real=0.11 secs] 
3895.237: [GC (Allocation Failure) [PSYoungGen: 323008K->155840K(465920K)] 580318K->496787K(1864192K), 0.0614648 secs] [Times: user=0.37 sys=0.00, real=0.06 secs] 
3896.887: [GC (Allocation Failure) [PSYoungGen: 388800K->106464K(460800K)] 729747K->603515K(1859072K), 0.0881787 secs] [Times: user=0.52 sys=0.00, real=0.08 secs] 
3898.123: [GC (Allocation Failure) [PSYoungGen: 339424K->141760K(463360K)] 836475K->734592K(1861632K), 0.0609430 secs] [Times: user=0.36 sys=0.00, real=0.06 secs] 
3900.994: [GC (Allocation Failure) [PSYoungGen: 374720K->132288K(455168K)] 967552K->866808K(1853440K), 0.0682389 secs] [Times: user=0.41 sys=0.00, real=0.07 secs] 
3902.216: [GC (Allocation Failure) [PSYoungGen: 374976K->2048K(460800K)] 1109496K->736652K(1859072K), 0.0019134 secs] [Times: user=0.01 sys=0.00, real=0.01 secs] 
3904.618: [GC (Allocation Failure) [PSYoungGen: 244736K->156736K(463360K)] 979340K->892361K(1861632K), 0.0313079 secs] [Times: user=0.18 sys=0.00, real=0.03 secs] 
3905.806: [GC (Allocation Failure) [PSYoungGen: 389696K->13824K(465920K)] 1125321K->749569K(1864192K), 0.0047948 secs] [Times: user=0.03 sys=0.00, real=0.01 secs] 
3907.290: [GC (Allocation Failure) [PSYoungGen: 246784K->165440K(465920K)] 982529K->913290K(1864192K), 0.1087164 secs] [Times: user=0.64 sys=0.00, real=0.11 secs] 
3909.594: [GC (Allocation Failure) [PSYoungGen: 398400K->97184K(465920K)] 1146250K->1002002K(1864192K), 0.0972867 secs] [Times: user=0.58 sys=0.00, real=0.10 secs] 
3911.030: [GC (Allocation Failure) [PSYoungGen: 330144K->168256K(465920K)] 1234962K->1167015K(1864192K), 0.1418040 secs] [Times: user=0.85 sys=0.00, real=0.14 secs] 
3914.594: [GC (Allocation Failure) [PSYoungGen: 401216K->85536K(465920K)] 1399975K->1252671K(1864192K), 0.1827383 secs] [Times: user=1.09 sys=0.00, real=0.18 secs] 
3914.776: [Full GC (Ergonomics) [PSYoungGen: 85536K->0K(465920K)] [ParOldGen: 1167135K->55083K(1398272K)] 1252671K->55083K(1864192K), [Metaspace: 60434K->60434K(1105920K)], 0.1555401 secs] [Times: user=0.71 sys=0.00, real=0.16 secs] 
3915.339: [GC (Allocation Failure) [PSYoungGen: 232960K->173728K(465920K)] 288043K->228811K(1864192K), 0.0363819 secs] [Times: user=0.21 sys=0.00, real=0.03 secs] 
3918.448: [GC (Allocation Failure) [PSYoungGen: 406688K->81248K(465920K)] 461771K->310195K(1864192K), 0.1532156 secs] [Times: user=0.91 sys=0.01, real=0.15 secs] 
3919.249: [GC (Allocation Failure) [PSYoungGen: 314208K->178208K(465920K)] 543155K->482332K(1864192K), 0.0562363 secs] [Times: user=0.33 sys=0.00, real=0.05 secs] 
3923.353: [GC (Allocation Failure) [PSYoungGen: 411168K->82848K(465920K)] 715292K->565308K(1864192K), 0.1435822 secs] [Times: user=0.86 sys=0.00, real=0.14 secs] 
3923.909: [GC (Allocation Failure) [PSYoungGen: 314263K->209728K(465920K)] 796723K->768857K(1864192K), 0.0573239 secs] [Times: user=0.34 sys=0.00, real=0.05 secs] 
3926.165: [GC (Allocation Failure) [PSYoungGen: 442688K->83488K(465920K)] 1001817K->818825K(1864192K), 0.1074609 secs] [Times: user=0.63 sys=0.01, real=0.11 secs] 
3928.085: [GC (Allocation Failure) [PSYoungGen: 316448K->160800K(465920K)] 1051785K->972861K(1864192K), 0.0598971 secs] [Times: user=0.36 sys=0.00, real=0.06 secs] 
3931.075: [GC (Allocation Failure) [PSYoungGen: 388945K->93056K(465920K)] 1201007K->1065893K(1864192K), 0.1050071 secs] [Times: user=0.59 sys=0.00, real=0.11 secs] 
3932.297: [GC (Allocation Failure) [PSYoungGen: 326016K->150624K(465920K)] 1298853K->1210026K(1864192K), 0.0612507 secs] [Times: user=0.37 sys=0.00, real=0.06 secs] 
3934.618: [GC (Allocation Failure) [PSYoungGen: 383584K->105472K(465920K)] 1442986K->1315562K(1864192K), 0.0900308 secs] [Times: user=0.53 sys=0.00, real=0.09 secs] 
3934.708: [Full GC (Ergonomics) [PSYoungGen: 105472K->0K(465920K)] [ParOldGen: 1210090K->121039K(1398272K)] 1315562K->121039K(1864192K), [Metaspace: 60440K->60440K(1105920K)], 0.2804661 secs] [Times: user=1.29 sys=0.00, real=0.28 secs] 
3936.080: [GC (Allocation Failure) [PSYoungGen: 232960K->142848K(465920K)] 353999K->263887K(1864192K), 0.0525355 secs] [Times: user=0.31 sys=0.00, real=0.05 secs] 
3939.115: [GC (Allocation Failure) [PSYoungGen: 375808K->124256K(357376K)] 496847K->388067K(1755648K), 0.0880808 secs] [Times: user=0.52 sys=0.00, real=0.09 secs] 
3940.378: [GC (Allocation Failure) [PSYoungGen: 357216K->124096K(468992K)] 621027K->501668K(1867264K), 0.0626501 secs] [Times: user=0.38 sys=0.00, real=0.06 secs] 
3941.730: [GC (Allocation Failure) [PSYoungGen: 366784K->157792K(459264K)] 744356K->659148K(1857536K), 0.0591417 secs] [Times: user=0.35 sys=0.00, real=0.06 secs] 
3943.841: [GC (Allocation Failure) [PSYoungGen: 400357K->14368K(458240K)] 901714K->515788K(1856512K), 0.0162516 secs] [Times: user=0.08 sys=0.00, real=0.02 secs] 
3945.732: [GC (Allocation Failure) [PSYoungGen: 251522K->170912K(410112K)] 752942K->684073K(1808384K), 0.0367979 secs] [Times: user=0.21 sys=0.00, real=0.04 secs] 
3948.487: [GC (Allocation Failure) [PSYoungGen: 410016K->98880K(467968K)] 923177K->774041K(1866240K), 0.1653051 secs] [Times: user=0.98 sys=0.00, real=0.16 secs] 
3949.989: [GC (Allocation Failure) [PSYoungGen: 333888K->171584K(465920K)] 1009049K->941710K(1864192K), 0.0526157 secs] [Times: user=0.31 sys=0.00, real=0.05 secs] 
3953.876: [GC (Allocation Failure) [PSYoungGen: 406592K->88800K(465920K)] 1176718K->1030182K(1864192K), 0.1714246 secs] [Times: user=1.02 sys=0.01, real=0.18 secs] 
3954.567: [GC (Allocation Failure) [PSYoungGen: 321760K->175712K(465920K)] 1263142K->1199887K(1864192K), 0.0572850 secs] [Times: user=0.34 sys=0.00, real=0.05 secs] 
3958.691: [GC (Allocation Failure) [PSYoungGen: 408672K->82720K(465920K)] 1432847K->1282263K(1864192K), 0.1623750 secs] [Times: user=0.97 sys=0.00, real=0.16 secs] 
3958.853: [Full GC (Ergonomics) [PSYoungGen: 82720K->0K(465920K)] [ParOldGen: 1199543K->81248K(1398272K)] 1282263K->81248K(1864192K), [Metaspace: 60458K->60458K(1105920K)], 0.2102022 secs] [Times: user=0.98 sys=0.00, real=0.21 secs] 
3959.341: [GC (Allocation Failure) [PSYoungGen: 232960K->195264K(465920K)] 314208K->276512K(1864192K), 0.0379472 secs] [Times: user=0.23 sys=0.00, real=0.04 secs] 
3963.542: [GC (Allocation Failure) [PSYoungGen: 428224K->79296K(465920K)] 509472K->339244K(1864192K), 0.1297416 secs] [Times: user=0.77 sys=0.00, real=0.13 secs] 
3964.691: [GC (Allocation Failure) [PSYoungGen: 307725K->201792K(465920K)] 567673K->534753K(1864192K), 0.0655732 secs] [Times: user=0.39 sys=0.00, real=0.06 secs] 
3966.742: [GC (Allocation Failure) [PSYoungGen: 434752K->93152K(465920K)] 767713K->591305K(1864192K), 0.1087778 secs] [Times: user=0.65 sys=0.00, real=0.11 secs] 
3967.977: [GC (Allocation Failure) [PSYoungGen: 326112K->150496K(465920K)] 824265K->735213K(1864192K), 0.0606834 secs] [Times: user=0.36 sys=0.00, real=0.06 secs] 
3969.378: [GC (Allocation Failure) [PSYoungGen: 383456K->112544K(465920K)] 968173K->847785K(1864192K), 0.1290875 secs] [Times: user=0.76 sys=0.01, real=0.13 secs] 
3972.347: [GC (Allocation Failure) [PSYoungGen: 345504K->135584K(465920K)] 1080745K->972902K(1864192K), 0.0617993 secs] [Times: user=0.37 sys=0.00, real=0.07 secs] 
3974.212: [GC (Allocation Failure) [PSYoungGen: 368544K->128448K(451584K)] 1205862K->1101310K(1849856K), 0.0683826 secs] [Times: user=0.40 sys=0.00, real=0.07 secs] 
3975.541: [GC (Allocation Failure) [PSYoungGen: 361408K->1728K(458752K)] 1334270K->974682K(1857024K), 0.0024608 secs] [Times: user=0.01 sys=0.00, real=0.00 secs] 
3977.491: [GC (Allocation Failure) [PSYoungGen: 234688K->148352K(465920K)] 1207642K->1121895K(1864192K), 0.0301476 secs] [Times: user=0.17 sys=0.00, real=0.03 secs] 
3978.747: [GC (Allocation Failure) [PSYoungGen: 381312K->7392K(465920K)] 1354855K->981167K(1864192K), 0.0038533 secs] [Times: user=0.02 sys=0.00, real=0.00 secs] 
3981.252: [GC (Allocation Failure) [PSYoungGen: 240352K->161216K(465920K)] 1214127K->1140324K(1864192K), 0.0337027 secs] [Times: user=0.19 sys=0.00, real=0.03 secs] 
3982.941: [GC (Allocation Failure) [PSYoungGen: 394176K->98272K(465920K)] 1373284K->1229604K(1864192K), 0.1490356 secs] [Times: user=0.89 sys=0.00, real=0.15 secs] 
3984.763: [GC (Allocation Failure) [PSYoungGen: 328670K->167072K(465920K)] 1460002K->1394225K(1864192K), 0.0528393 secs] [Times: user=0.32 sys=0.00, real=0.05 secs] 
3984.816: [Full GC (Ergonomics) [PSYoungGen: 167072K->0K(465920K)] [ParOldGen: 1227153K->197227K(1398272K)] 1394225K->197227K(1864192K), [Metaspace: 60462K->60462K(1105920K)], 0.4763003 secs] [Times: user=2.21 sys=0.00, real=0.48 secs] 
3987.247: [GC (Allocation Failure) [PSYoungGen: 232960K->92064K(465920K)] 430187K->289291K(1864192K), 0.0857732 secs] [Times: user=0.50 sys=0.00, real=0.08 secs] 
3989.192: [GC (Allocation Failure) [PSYoungGen: 325024K->168224K(465920K)] 522251K->453416K(1864192K), 0.0489495 secs] [Times: user=0.29 sys=0.00, real=0.05 secs] 
3991.121: [GC (Allocation Failure) [PSYoungGen: 401184K->95264K(465920K)] 686376K->547928K(1864192K), 0.1650361 secs] [Times: user=0.98 sys=0.00, real=0.16 secs] 
3992.338: [GC (Allocation Failure) [PSYoungGen: 328224K->168864K(465920K)] 780888K->713389K(1864192K), 0.1527930 secs] [Times: user=0.88 sys=0.01, real=0.15 secs] 
3995.447: [GC (Allocation Failure) [PSYoungGen: 401824K->82784K(465920K)] 946349K->796269K(1864192K), 0.1639190 secs] [Times: user=0.98 sys=0.00, real=0.16 secs] 
3996.058: [GC (Allocation Failure) [PSYoungGen: 315744K->176704K(465920K)] 1029229K->967070K(1864192K), 0.0817862 secs] [Times: user=0.48 sys=0.00, real=0.08 secs] 
3998.749: [GC (Allocation Failure) [PSYoungGen: 409664K->90688K(465920K)] 1200030K->1057766K(1864192K), 0.1207171 secs] [Times: user=0.71 sys=0.00, real=0.12 secs] 
4000.153: [GC (Allocation Failure) [PSYoungGen: 322076K->200448K(465920K)] 1289155K->1252511K(1864192K), 0.0694352 secs] [Times: user=0.41 sys=0.00, real=0.07 secs] 
4001.716: [GC (Allocation Failure) [PSYoungGen: 431102K->93088K(465920K)] 1483166K->1308599K(1864192K), 0.1115900 secs] [Times: user=0.67 sys=0.00, real=0.12 secs] 
4001.828: [Full GC (Ergonomics) [PSYoungGen: 93088K->0K(465920K)] [ParOldGen: 1215511K->108224K(1398272K)] 1308599K->108224K(1864192K), [Metaspace: 60464K->60464K(1105920K)], 0.2652660 secs] [Times: user=1.22 sys=0.00, real=0.26 secs] 
4004.114: [GC (Allocation Failure) [PSYoungGen: 232960K->150720K(465920K)] 341184K->258944K(1864192K), 0.0428551 secs] [Times: user=0.25 sys=0.00, real=0.04 secs] 
4005.686: [GC (Allocation Failure) [PSYoungGen: 383680K->110816K(465920K)] 491904K->369992K(1864192K), 0.0788877 secs] [Times: user=0.47 sys=0.00, real=0.08 secs] 
4007.437: [GC (Allocation Failure) [PSYoungGen: 343776K->137760K(465920K)] 602952K->497133K(1864192K), 0.0611942 secs] [Times: user=0.36 sys=0.00, real=0.06 secs] 
4008.529: [GC (Allocation Failure) [PSYoungGen: 370720K->133152K(366592K)] 730093K->630053K(1764864K), 0.0601050 secs] [Times: user=0.35 sys=0.00, real=0.06 secs] 
4010.919: [GC (Allocation Failure) [PSYoungGen: 366112K->1280K(448512K)] 863013K->498197K(1846784K), 0.0016326 secs] [Times: user=0.01 sys=0.00, real=0.00 secs] 
4012.672: [GC (Allocation Failure) [PSYoungGen: 225536K->140032K(457216K)] 722453K->637818K(1855488K), 0.0412019 secs] [Times: user=0.23 sys=0.00, real=0.04 secs] 
4015.597: [GC (Allocation Failure) [PSYoungGen: 364288K->1184K(465920K)] 862074K->499079K(1864192K), 0.0018458 secs] [Times: user=0.00 sys=0.00, real=0.00 secs] 
4016.687: [GC (Allocation Failure) [PSYoungGen: 234144K->153536K(465920K)] 732039K->652272K(1864192K), 0.0658570 secs] [Times: user=0.38 sys=0.00, real=0.06 secs] 
4020.846: [GC (Allocation Failure) [PSYoungGen: 386496K->3616K(465920K)] 885232K->502448K(1864192K), 0.0022422 secs] [Times: user=0.02 sys=0.00, real=0.01 secs] 
4022.547: [GC (Allocation Failure) [PSYoungGen: 236576K->161312K(465920K)] 735408K->662433K(1864192K), 0.0321911 secs] [Times: user=0.19 sys=0.00, real=0.03 secs] 
4024.927: [GC (Allocation Failure) [PSYoungGen: 394272K->100512K(465920K)] 895393K->754241K(1864192K), 0.0837473 secs] [Times: user=0.50 sys=0.00, real=0.09 secs] 
4026.511: [GC (Allocation Failure) [PSYoungGen: 333472K->166944K(465920K)] 987201K->918750K(1864192K), 0.0533558 secs] [Times: user=0.32 sys=0.00, real=0.05 secs] 
4028.589: [GC (Allocation Failure) [PSYoungGen: 399904K->94336K(465920K)] 1151710K->1004166K(1864192K), 0.1750344 secs] [Times: user=1.04 sys=0.01, real=0.17 secs] 
4030.059: [GC (Allocation Failure) [PSYoungGen: 327296K->168096K(465920K)] 1237126K->1168961K(1864192K), 0.0548475 secs] [Times: user=0.33 sys=0.01, real=0.05 secs] 
4033.768: [GC (Allocation Failure) [PSYoungGen: 401056K->90528K(465920K)] 1401921K->1259237K(1864192K), 0.0741015 secs] [Times: user=0.44 sys=0.00, real=0.07 secs] 
4033.842: [Full GC (Ergonomics) [PSYoungGen: 90528K->0K(465920K)] [ParOldGen: 1168709K->59028K(1398272K)] 1259237K->59028K(1864192K), [Metaspace: 60464K->60464K(1105920K)], 0.1283293 secs] [Times: user=0.54 sys=0.00, real=0.13 secs] 
4035.013: [GC (Allocation Failure) [PSYoungGen: 232960K->183520K(465920K)] 291988K->242548K(1864192K), 0.0819719 secs] [Times: user=0.49 sys=0.01, real=0.08 secs] 
4037.992: [GC (Allocation Failure) [PSYoungGen: 416480K->86528K(465920K)] 475508K->312460K(1864192K), 0.1488979 secs] [Times: user=0.88 sys=0.00, real=0.15 secs] 
4040.302: [GC (Allocation Failure) [PSYoungGen: 319488K->171744K(465920K)] 545420K->478200K(1864192K), 0.1244804 secs] [Times: user=0.75 sys=0.00, real=0.12 secs] 
4042.411: [GC (Allocation Failure) [PSYoungGen: 404704K->96320K(465920K)] 711160K->574280K(1864192K), 0.0721905 secs] [Times: user=0.42 sys=0.01, real=0.07 secs] 
4044.285: [GC (Allocation Failure) [PSYoungGen: 329280K->205632K(465920K)] 807240K->770165K(1864192K), 0.0601053 secs] [Times: user=0.36 sys=0.00, real=0.06 secs] 
4047.200: [GC (Allocation Failure) [PSYoungGen: 438592K->90720K(465920K)] 1003125K->824205K(1864192K), 0.1211888 secs] [Times: user=0.73 sys=0.00, real=0.12 secs] 
4051.909: [GC (Allocation Failure) [PSYoungGen: 323680K->153088K(465920K)] 1057165K->971050K(1864192K), 0.0608498 secs] [Times: user=0.36 sys=0.00, real=0.06 secs] 
4053.815: [GC (Allocation Failure) [PSYoungGen: 380696K->93472K(465920K)] 1198658K->1064730K(1864192K), 0.0903134 secs] [Times: user=0.53 sys=0.00, real=0.09 secs] 
4056.066: [GC (Allocation Failure) [PSYoungGen: 326432K->150304K(465920K)] 1297690K->1208079K(1864192K), 0.0608021 secs] [Times: user=0.37 sys=0.00, real=0.07 secs] 
4056.849: [GC (Allocation Failure) [PSYoungGen: 383264K->115360K(465920K)] 1441039K->1323711K(1864192K), 0.0785451 secs] [Times: user=0.47 sys=0.00, real=0.08 secs] 
4056.928: [Full GC (Ergonomics) [PSYoungGen: 115360K->0K(465920K)] [ParOldGen: 1208351K->130889K(1398272K)] 1323711K->130889K(1864192K), [Metaspace: 60466K->60466K(1105920K)], 0.3031047 secs] [Times: user=1.38 sys=0.01, real=0.30 secs] 
4060.560: [GC (Allocation Failure) [PSYoungGen: 232960K->132704K(366080K)] 363849K->263593K(1764352K), 0.0450896 secs] [Times: user=0.27 sys=0.00, real=0.04 secs] 
4061.939: [GC (Allocation Failure) [PSYoungGen: 365664K->128992K(468992K)] 496553K->392881K(1867264K), 0.0799418 secs] [Times: user=0.46 sys=0.00, real=0.08 secs] 
4063.173: [GC (Allocation Failure) [PSYoungGen: 371168K->2848K(459776K)] 635057K->266785K(1858048K), 0.0021318 secs] [Times: user=0.01 sys=0.00, real=0.00 secs] 
4064.615: [GC (Allocation Failure) [PSYoungGen: 245024K->166656K(462848K)] 508961K->432440K(1861120K), 0.0443939 secs] [Times: user=0.26 sys=0.00, real=0.05 secs] 
4067.606: [GC (Allocation Failure) [PSYoungGen: 399616K->96800K(465920K)] 665400K->521112K(1864192K), 0.1754896 secs] [Times: user=1.04 sys=0.00, real=0.18 secs] 
4070.391: [GC (Allocation Failure) [PSYoungGen: 329760K->165856K(462848K)] 754072K->684493K(1861120K), 0.0521890 secs] [Times: user=0.31 sys=0.00, real=0.05 secs] 
4072.682: [GC (Allocation Failure) [PSYoungGen: 398082K->91680K(465920K)] 916719K->767577K(1864192K), 0.1786614 secs] [Times: user=1.07 sys=0.00, real=0.18 secs] 
4074.536: [GC (Allocation Failure) [PSYoungGen: 324640K->169504K(463360K)] 1000537K->934206K(1861632K), 0.0507096 secs] [Times: user=0.30 sys=0.00, real=0.06 secs] 
4078.097: [GC (Allocation Failure) [PSYoungGen: 402464K->86656K(465920K)] 1167166K->1020974K(1864192K), 0.1704135 secs] [Times: user=1.02 sys=0.00, real=0.17 secs] 
4080.229: [GC (Allocation Failure) [PSYoungGen: 319616K->166400K(465920K)] 1253934K->1183879K(1864192K), 0.0548011 secs] [Times: user=0.32 sys=0.00, real=0.05 secs] 
4083.790: [GC (Allocation Failure) [PSYoungGen: 395460K->82816K(465920K)] 1412939K->1266879K(1864192K), 0.1603645 secs] [Times: user=0.95 sys=0.01, real=0.16 secs] 
4083.950: [Full GC (Ergonomics) [PSYoungGen: 82816K->0K(465920K)] [ParOldGen: 1184063K->63333K(1398272K)] 1266879K->63333K(1864192K), [Metaspace: 60466K->60466K(1105920K)], 0.1724961 secs] [Times: user=0.79 sys=0.00, real=0.17 secs] 
4085.222: [GC (Allocation Failure) [PSYoungGen: 232960K->168832K(465920K)] 296293K->232165K(1864192K), 0.0568238 secs] [Times: user=0.33 sys=0.00, real=0.06 secs] 
4088.296: [GC (Allocation Failure) [PSYoungGen: 401792K->84288K(465920K)] 465125K->316409K(1864192K), 0.1676313 secs] [Times: user=0.99 sys=0.01, real=0.17 secs] 
4088.812: [GC (Allocation Failure) [PSYoungGen: 317248K->179136K(465920K)] 549369K->489474K(1864192K), 0.0573071 secs] [Times: user=0.34 sys=0.00, real=0.06 secs] 
4092.180: [GC (Allocation Failure) [PSYoungGen: 412096K->85888K(465920K)] 722434K->575506K(1864192K), 0.1396697 secs] [Times: user=0.84 sys=0.00, real=0.14 secs] 
4093.445: [GC (Allocation Failure) [PSYoungGen: 318848K->165248K(465920K)] 808466K->733975K(1864192K), 0.0626745 secs] [Times: user=0.37 sys=0.00, real=0.07 secs] 
4094.847: [GC (Allocation Failure) [PSYoungGen: 398208K->101952K(465920K)] 966935K->835903K(1864192K), 0.0965908 secs] [Times: user=0.57 sys=0.00, real=0.09 secs] 
4096.741: [GC (Allocation Failure) [PSYoungGen: 334912K->146304K(465920K)] 1068863K->972163K(1864192K), 0.0613729 secs] [Times: user=0.37 sys=0.00, real=0.06 secs] 
4099.479: [GC (Allocation Failure) [PSYoungGen: 379264K->117664K(350720K)] 1205123K->1089219K(1748992K), 0.0747627 secs] [Times: user=0.45 sys=0.00, real=0.07 secs] 
4101.764: [GC (Allocation Failure) [PSYoungGen: 350624K->129920K(466432K)] 1322179K->1208752K(1864704K), 0.0623046 secs] [Times: user=0.37 sys=0.00, real=0.06 secs] 
4103.310: [GC (Allocation Failure) [PSYoungGen: 371072K->145664K(458240K)] 1449904K->1354560K(1856512K), 0.0642047 secs] [Times: user=0.38 sys=0.00, real=0.06 secs] 
4103.375: [Full GC (Ergonomics) [PSYoungGen: 145664K->0K(458240K)] [ParOldGen: 1208896K->161123K(1398272K)] 1354560K->161123K(1856512K), [Metaspace: 60466K->60466K(1105920K)], 0.3840746 secs] [Times: user=1.78 sys=0.00, real=0.39 secs] 
4105.354: [GC (Allocation Failure) [PSYoungGen: 241152K->108832K(476160K)] 402275K->269955K(1874432K), 0.0718685 secs] [Times: user=0.43 sys=0.00, real=0.07 secs] 
4107.719: [GC (Allocation Failure) [PSYoungGen: 362031K->177888K(471552K)] 523154K->445904K(1869824K), 0.0583562 secs] [Times: user=0.35 sys=0.00, real=0.06 secs] 
4110.984: [GC (Allocation Failure) [PSYoungGen: 438400K->112320K(483840K)] 706416K->549292K(1882112K), 0.1873680 secs] [Times: user=1.11 sys=0.00, real=0.19 secs] 
4112.680: [GC (Allocation Failure) [PSYoungGen: 376000K->190432K(454144K)] 812972K->736160K(1852416K), 0.1612969 secs] [Times: user=0.96 sys=0.00, real=0.16 secs] 
4115.673: [GC (Allocation Failure) [PSYoungGen: 454112K->106144K(474112K)] 999840K->842104K(1872384K), 0.1116491 secs] [Times: user=0.66 sys=0.00, real=0.11 secs] 
4116.986: [GC (Allocation Failure) [PSYoungGen: 351392K->146368K(391680K)] 1087352K->977469K(1789952K), 0.0636408 secs] [Times: user=0.38 sys=0.00, real=0.07 secs] 
4118.520: [GC (Allocation Failure) [PSYoungGen: 391616K->143808K(471040K)] 1222717K->1121389K(1869312K), 0.1125722 secs] [Times: user=0.67 sys=0.00, real=0.11 secs] 
4121.744: [GC (Allocation Failure) [PSYoungGen: 394176K->8640K(465920K)] 1371757K->986237K(1864192K), 0.0042894 secs] [Times: user=0.02 sys=0.00, real=0.01 secs] 
4122.798: [GC (Allocation Failure) [PSYoungGen: 252817K->175552K(461824K)] 1230414K->1160210K(1860096K), 0.0438220 secs] [Times: user=0.25 sys=0.00, real=0.04 secs] 
4125.672: [GC (Allocation Failure) [PSYoungGen: 408512K->91328K(465920K)] 1393170K->1243170K(1864192K), 0.1892625 secs] [Times: user=0.97 sys=0.01, real=0.19 secs] 
4125.861: [Full GC (Ergonomics) [PSYoungGen: 91328K->0K(465920K)] [ParOldGen: 1151842K->42507K(1398272K)] 1243170K->42507K(1864192K), [Metaspace: 60466K->60466K(1105920K)], 0.1238406 secs] [Times: user=0.47 sys=0.00, real=0.12 secs] 
4127.360: [GC (Allocation Failure) [PSYoungGen: 217578K->159392K(465920K)] 260085K->201899K(1864192K), 0.0315689 secs] [Times: user=0.19 sys=0.00, real=0.03 secs] 
4129.423: [GC (Allocation Failure) [PSYoungGen: 392352K->99008K(332288K)] 434859K->292315K(1730560K), 0.1634778 secs] [Times: user=0.97 sys=0.00, real=0.16 secs] 
4130.278: [GC (Allocation Failure) [PSYoungGen: 331968K->169344K(458752K)] 525275K->458408K(1857024K), 0.0530473 secs] [Times: user=0.31 sys=0.01, real=0.05 secs] 
4134.412: [GC (Allocation Failure) [PSYoungGen: 398720K->82656K(462336K)] 687784K->540796K(1860608K), 0.1733055 secs] [Times: user=1.03 sys=0.00, real=0.17 secs] 
4135.301: [GC (Allocation Failure) [PSYoungGen: 312032K->163264K(465920K)] 770172K->700689K(1864192K), 0.0538881 secs] [Times: user=0.32 sys=0.00, real=0.05 secs] 
4139.514: [GC (Allocation Failure) [PSYoungGen: 396224K->89792K(323072K)] 933649K->790065K(1721344K), 0.1361352 secs] [Times: user=0.81 sys=0.00, real=0.14 secs] 
4140.159: [GC (Allocation Failure) [PSYoungGen: 322752K->175232K(463872K)] 1023025K->959778K(1862144K), 0.0772649 secs] [Times: user=0.45 sys=0.00, real=0.08 secs] 
4143.467: [GC (Allocation Failure) [PSYoungGen: 407168K->85376K(464896K)] 1191714K->1045002K(1863168K), 0.1439992 secs] [Times: user=0.86 sys=0.00, real=0.14 secs] 
4145.761: [GC (Allocation Failure) [PSYoungGen: 317312K->169408K(465920K)] 1276938K->1208451K(1864192K), 0.1609790 secs] [Times: user=0.96 sys=0.00, real=0.16 secs] 
4148.259: [GC (Allocation Failure) [PSYoungGen: 402368K->91520K(465920K)] 1441411K->1300235K(1864192K), 0.1092497 secs] [Times: user=0.65 sys=0.01, real=0.11 secs] 
4148.369: [Full GC (Ergonomics) [PSYoungGen: 91520K->0K(465920K)] [ParOldGen: 1208715K->103238K(1398272K)] 1300235K->103238K(1864192K), [Metaspace: 60466K->60466K(1105920K)], 0.2395867 secs] [Times: user=1.08 sys=0.00, real=0.24 secs] 
4150.935: [GC (Allocation Failure) [PSYoungGen: 232960K->155872K(465920K)] 336198K->259110K(1864192K), 0.0451891 secs] [Times: user=0.27 sys=0.00, real=0.05 secs] 
4152.613: [GC (Allocation Failure) [PSYoungGen: 388832K->109920K(343040K)] 492070K->368894K(1741312K), 0.0964093 secs] [Times: user=0.57 sys=0.00, real=0.10 secs] 
4157.360: [GC (Allocation Failure) [PSYoungGen: 342880K->146016K(465408K)] 601854K->496461K(1863680K), 0.0606236 secs] [Times: user=0.36 sys=0.00, real=0.06 secs] 
4159.147: [GC (Allocation Failure) [PSYoungGen: 382048K->115040K(462336K)] 732493K->611429K(1860608K), 0.0786782 secs] [Times: user=0.47 sys=0.00, real=0.07 secs] 
4160.950: [GC (Allocation Failure) [PSYoungGen: 351072K->133056K(465408K)] 847461K->733934K(1863680K), 0.0615368 secs] [Times: user=0.37 sys=0.00, real=0.06 secs] 
4162.807: [GC (Allocation Failure) [PSYoungGen: 383424K->149024K(462336K)] 984302K->883150K(1860608K), 0.0606553 secs] [Times: user=0.36 sys=0.00, real=0.06 secs] 
4164.560: [GC (Allocation Failure) [PSYoungGen: 399392K->18080K(465920K)] 1133518K->752306K(1864192K), 0.0098509 secs] [Times: user=0.05 sys=0.00, real=0.01 secs] 
4166.566: [GC (Allocation Failure) [PSYoungGen: 272544K->181792K(436736K)] 1006770K->932027K(1835008K), 0.0826196 secs] [Times: user=0.49 sys=0.00, real=0.09 secs] 
4170.691: [GC (Allocation Failure) [PSYoungGen: 436256K->102912K(471040K)] 1186491K->1034619K(1869312K), 0.1816381 secs] [Times: user=1.07 sys=0.01, real=0.18 secs] 
4171.201: [GC (Allocation Failure) [PSYoungGen: 340992K->178688K(465920K)] 1272699K->1207351K(1864192K), 0.0636627 secs] [Times: user=0.38 sys=0.00, real=0.06 secs] 
4175.374: [GC (Allocation Failure) [PSYoungGen: 416768K->86432K(465920K)] 1445431K->1293744K(1864192K), 0.1172759 secs] [Times: user=0.70 sys=0.01, real=0.12 secs] 
4175.492: [Full GC (Ergonomics) [PSYoungGen: 86432K->0K(465920K)] [ParOldGen: 1207311K->97420K(1398272K)] 1293744K->97420K(1864192K), [Metaspace: 60466K->60466K(1105920K)], 0.2344476 secs] [Times: user=1.07 sys=0.00, real=0.23 secs] 
4177.621: [GC (Allocation Failure) [PSYoungGen: 228331K->198592K(465920K)] 325751K->296012K(1864192K), 0.0487750 secs] [Times: user=0.29 sys=0.01, real=0.05 secs] 
4180.041: [GC (Allocation Failure) [PSYoungGen: 431552K->92032K(465920K)] 528972K->351052K(1864192K), 0.1084365 secs] [Times: user=0.65 sys=0.00, real=0.11 secs] 
4181.740: [GC (Allocation Failure) [PSYoungGen: 324992K->152640K(465920K)] 584012K->496775K(1864192K), 0.0601655 secs] [Times: user=0.36 sys=0.00, real=0.06 secs] 
4183.024: [GC (Allocation Failure) [PSYoungGen: 385600K->119040K(465920K)] 729735K->615659K(1864192K), 0.0886404 secs] [Times: user=0.52 sys=0.00, real=0.09 secs] 
4185.737: [GC (Allocation Failure) [PSYoungGen: 352000K->136864K(370176K)] 848619K->734408K(1768448K), 0.0615294 secs] [Times: user=0.36 sys=0.00, real=0.06 secs] 
4188.246: [GC (Allocation Failure) [PSYoungGen: 369824K->124704K(467968K)] 967368K->858880K(1866240K), 0.0693930 secs] [Times: user=0.41 sys=0.00, real=0.07 secs] 
4190.263: [GC (Allocation Failure) [PSYoungGen: 366368K->1984K(459264K)] 1100544K->736228K(1857536K), 0.0024341 secs] [Times: user=0.01 sys=0.00, real=0.00 secs] 
4192.155: [GC (Allocation Failure) [PSYoungGen: 243648K->167808K(463360K)] 977892K->903285K(1861632K), 0.0321372 secs] [Times: user=0.18 sys=0.00, real=0.04 secs] 
4195.260: [GC (Allocation Failure) [PSYoungGen: 400768K->10112K(465920K)] 1136245K->745685K(1864192K), 0.0040127 secs] [Times: user=0.02 sys=0.00, real=0.00 secs] 
4196.722: [GC (Allocation Failure) [PSYoungGen: 243072K->168032K(465920K)] 978645K->912151K(1864192K), 0.0501622 secs] [Times: user=0.30 sys=0.00, real=0.05 secs] 
4198.999: [GC (Allocation Failure) [PSYoungGen: 400992K->97280K(465920K)] 1145111K->1000927K(1864192K), 0.1289444 secs] [Times: user=0.77 sys=0.00, real=0.13 secs] 
4200.674: [GC (Allocation Failure) [PSYoungGen: 330240K->171968K(465920K)] 1233887K->1169768K(1864192K), 0.1125568 secs] [Times: user=0.67 sys=0.00, real=0.12 secs] 
4204.429: [GC (Allocation Failure) [PSYoungGen: 404928K->85792K(465920K)] 1402728K->1255680K(1864192K), 0.1738838 secs] [Times: user=1.03 sys=0.00, real=0.17 secs] 
4204.603: [Full GC (Ergonomics) [PSYoungGen: 85792K->0K(465920K)] [ParOldGen: 1169888K->58187K(1398272K)] 1255680K->58187K(1864192K), [Metaspace: 60466K->60466K(1105920K)], 0.1628409 secs] [Times: user=0.76 sys=0.00, real=0.16 secs] 
4206.490: [GC (Allocation Failure) [PSYoungGen: 232960K->182976K(465920K)] 291147K->241163K(1864192K), 0.0353569 secs] [Times: user=0.21 sys=0.00, real=0.03 secs] 
4208.859: [GC (Allocation Failure) [PSYoungGen: 415936K->88736K(465920K)] 474123K->312720K(1864192K), 0.1593405 secs] [Times: user=0.95 sys=0.00, real=0.16 secs] 
4209.752: [GC (Allocation Failure) [PSYoungGen: 321696K->176160K(465920K)] 545680K->482624K(1864192K), 0.0662051 secs] [Times: user=0.39 sys=0.00, real=0.07 secs] 
4212.034: [GC (Allocation Failure) [PSYoungGen: 409120K->91936K(465920K)] 715584K->574764K(1864192K), 0.1071453 secs] [Times: user=0.64 sys=0.00, real=0.11 secs] 
4214.347: [GC (Allocation Failure) [PSYoungGen: 324896K->199936K(465920K)] 807724K->768921K(1864192K), 0.0586171 secs] [Times: user=0.35 sys=0.00, real=0.05 secs] 
4217.541: [GC (Allocation Failure) [PSYoungGen: 432896K->92448K(465920K)] 1001881K->826073K(1864192K), 0.1052460 secs] [Times: user=0.62 sys=0.00, real=0.10 secs] 
4220.136: [GC (Allocation Failure) [PSYoungGen: 325408K->151040K(465920K)] 1059033K->970770K(1864192K), 0.0608557 secs] [Times: user=0.36 sys=0.00, real=0.07 secs] 
4221.288: [GC (Allocation Failure) [PSYoungGen: 384000K->118560K(465920K)] 1203730K->1089530K(1864192K), 0.0929518 secs] [Times: user=0.55 sys=0.00, real=0.09 secs] 
4223.255: [GC (Allocation Failure) [PSYoungGen: 351520K->137984K(465920K)] 1322490K->1208647K(1864192K), 0.0613297 secs] [Times: user=0.37 sys=0.00, real=0.06 secs] 
4224.935: [GC (Allocation Failure) [PSYoungGen: 370944K->133088K(366080K)] 1441607K->1341395K(1764352K), 0.0687440 secs] [Times: user=0.41 sys=0.00, real=0.07 secs] 
4225.004: [Full GC (Ergonomics) [PSYoungGen: 133088K->0K(366080K)] [ParOldGen: 1208307K->148098K(1398272K)] 1341395K->148098K(1764352K), [Metaspace: 60468K->60468K(1105920K)], 0.3480213 secs] [Times: user=1.60 sys=0.00, real=0.35 secs] 
4227.272: [GC (Allocation Failure) [PSYoungGen: 232960K->115648K(466432K)] 381058K->263746K(1864704K), 0.0404557 secs] [Times: user=0.24 sys=0.00, real=0.04 secs] 
4229.436: [GC (Allocation Failure) [PSYoungGen: 355776K->156416K(459264K)] 503874K->419923K(1857536K), 0.0623159 secs] [Times: user=0.32 sys=0.00, real=0.07 secs] 
4231.707: [GC (Allocation Failure) [PSYoungGen: 396544K->14528K(456704K)] 660051K->278131K(1854976K), 0.0067207 secs] [Times: user=0.04 sys=0.00, real=0.00 secs] 
4234.290: [GC (Allocation Failure) [PSYoungGen: 250560K->167904K(403968K)] 514163K->444040K(1802240K), 0.0360414 secs] [Times: user=0.21 sys=0.00, real=0.03 secs] 
4237.094: [GC (Allocation Failure) [PSYoungGen: 403936K->95424K(466944K)] 680072K->531088K(1865216K), 0.1578207 secs] [Times: user=0.94 sys=0.00, real=0.16 secs] 
4237.866: [GC (Allocation Failure) [PSYoungGen: 329408K->169856K(465920K)] 765072K->697712K(1864192K), 0.0513119 secs] [Times: user=0.29 sys=0.00, real=0.06 secs] 
4241.354: [GC (Allocation Failure) [PSYoungGen: 403840K->89760K(465920K)] 931696K->787120K(1864192K), 0.1593855 secs] [Times: user=0.95 sys=0.00, real=0.16 secs] 
4241.999: [GC (Allocation Failure) [PSYoungGen: 322720K->168384K(465920K)] 1020080K->952049K(1864192K), 0.0688745 secs] [Times: user=0.41 sys=0.00, real=0.07 secs] 
4245.675: [GC (Allocation Failure) [PSYoungGen: 401344K->85952K(465920K)] 1185009K->1037889K(1864192K), 0.1689533 secs] [Times: user=1.01 sys=0.00, real=0.17 secs] 
4246.835: [GC (Allocation Failure) [PSYoungGen: 318912K->175680K(465920K)] 1270849K->1207822K(1864192K), 0.1066439 secs] [Times: user=0.63 sys=0.00, real=0.11 secs] 
4251.048: [GC (Allocation Failure) [PSYoungGen: 408640K->83776K(465920K)] 1440782K->1291838K(1864192K), 0.1356516 secs] [Times: user=0.80 sys=0.00, real=0.13 secs] 
4251.183: [Full GC (Ergonomics) [PSYoungGen: 83776K->0K(465920K)] [ParOldGen: 1208062K->88581K(1398272K)] 1291838K->88581K(1864192K), [Metaspace: 60468K->60468K(1105920K)], 0.2257742 secs] [Times: user=1.04 sys=0.00, real=0.23 secs] 
4251.966: [GC (Allocation Failure) [PSYoungGen: 230871K->205504K(465920K)] 319453K->294085K(1864192K), 0.0371552 secs] [Times: user=0.22 sys=0.00, real=0.04 secs] 
4253.827: [GC (Allocation Failure) [PSYoungGen: 436148K->92960K(465920K)] 524730K->352185K(1864192K), 0.1105720 secs] [Times: user=0.66 sys=0.00, real=0.11 secs] 
4255.399: [GC (Allocation Failure) [PSYoungGen: 325920K->151520K(465920K)] 585145K->497270K(1864192K), 0.0607296 secs] [Times: user=0.36 sys=0.00, real=0.06 secs] 
4257.987: [GC (Allocation Failure) [PSYoungGen: 384480K->106080K(465920K)] 730230K->603198K(1864192K), 0.0919804 secs] [Times: user=0.55 sys=0.00, real=0.10 secs] 
4259.559: [GC (Allocation Failure) [PSYoungGen: 339040K->142336K(465920K)] 836158K->735005K(1864192K), 0.0612937 secs] [Times: user=0.36 sys=0.00, real=0.06 secs] 
4262.497: [GC (Allocation Failure) [PSYoungGen: 375296K->121408K(451584K)] 967965K->856317K(1849856K), 0.0820484 secs] [Times: user=0.48 sys=0.00, real=0.08 secs] 
4264.973: [GC (Allocation Failure) [PSYoungGen: 354368K->126112K(458752K)] 1089277K->972122K(1857024K), 0.0625403 secs] [Times: user=0.37 sys=0.00, real=0.06 secs] 
4266.428: [GC (Allocation Failure) [PSYoungGen: 359072K->141504K(466944K)] 1205082K->1113786K(1865216K), 0.0580049 secs] [Times: user=0.34 sys=0.00, real=0.05 secs] 
4269.675: [GC (Allocation Failure) [PSYoungGen: 397796K->13856K(468992K)] 1370078K->986154K(1867264K), 0.0053636 secs] [Times: user=0.02 sys=0.00, real=0.01 secs] 
4271.833: [GC (Allocation Failure) [PSYoungGen: 254209K->170496K(457216K)] 1226507K->1154995K(1855488K), 0.0371694 secs] [Times: user=0.21 sys=0.00, real=0.04 secs] 
4275.479: [GC (Allocation Failure) [PSYoungGen: 403456K->91040K(465920K)] 1387955K->1237531K(1864192K), 0.1831469 secs] [Times: user=1.09 sys=0.00, real=0.18 secs] 
4277.670: [GC (Allocation Failure) [PSYoungGen: 310794K->160000K(463360K)] 1457285K->1393647K(1861632K), 0.0480286 secs] [Times: user=0.29 sys=0.00, real=0.05 secs] 
4277.718: [Full GC (Ergonomics) [PSYoungGen: 160000K->0K(463360K)] [ParOldGen: 1233647K->197274K(1398272K)] 1393647K->197274K(1861632K), [Metaspace: 60468K->60468K(1105920K)], 0.4670231 secs] [Times: user=2.17 sys=0.00, real=0.46 secs] 
4280.218: [GC (Allocation Failure) [PSYoungGen: 236032K->96384K(332800K)] 433306K->293658K(1731072K), 0.0764590 secs] [Times: user=0.45 sys=0.01, real=0.07 secs] 
4281.868: [GC (Allocation Failure) [PSYoungGen: 332416K->171520K(457728K)] 529690K->461627K(1856000K), 0.0849864 secs] [Times: user=0.50 sys=0.00, real=0.08 secs] 
4283.654: [GC (Allocation Failure) [PSYoungGen: 403968K->92096K(465408K)] 694075K->553483K(1863680K), 0.1523477 secs] [Times: user=0.90 sys=0.00, real=0.15 secs] 
4285.399: [GC (Allocation Failure) [PSYoungGen: 324544K->171264K(461824K)] 785931K->719312K(1860096K), 0.1569167 secs] [Times: user=0.93 sys=0.00, real=0.15 secs] 
4287.973: [GC (Allocation Failure) [PSYoungGen: 404224K->89536K(465920K)] 952272K->809040K(1864192K), 0.1297530 secs] [Times: user=0.77 sys=0.00, real=0.13 secs] 
4290.188: [GC (Allocation Failure) [PSYoungGen: 322496K->172768K(464896K)] 1042000K->971757K(1863168K), 0.1495396 secs] [Times: user=0.81 sys=0.00, real=0.15 secs] 
4291.882: [GC (Allocation Failure) [PSYoungGen: 405728K->92672K(465920K)] 1204717K->1064741K(1864192K), 0.1093527 secs] [Times: user=0.65 sys=0.00, real=0.11 secs] 
4293.886: [GC (Allocation Failure) [PSYoungGen: 325632K->156096K(465920K)] 1297701K->1213970K(1864192K), 0.0628266 secs] [Times: user=0.37 sys=0.00, real=0.07 secs] 
4295.528: [GC (Allocation Failure) [PSYoungGen: 389056K->105184K(338432K)] 1446930K->1319138K(1736704K), 0.1103031 secs] [Times: user=0.65 sys=0.00, real=0.11 secs] 
4295.639: [Full GC (Ergonomics) [PSYoungGen: 105184K->0K(338432K)] [ParOldGen: 1213954K->120234K(1398272K)] 1319138K->120234K(1736704K), [Metaspace: 60468K->60468K(1105920K)], 0.2870443 secs] [Times: user=1.32 sys=0.00, real=0.28 secs] 
4298.730: [GC (Allocation Failure) [PSYoungGen: 232960K->142912K(464384K)] 353194K->263146K(1862656K), 0.0495122 secs] [Times: user=0.29 sys=0.00, real=0.05 secs] 
4300.918: [GC (Allocation Failure) [PSYoungGen: 379456K->125472K(460800K)] 499690K->388122K(1859072K), 0.0871207 secs] [Times: user=0.52 sys=0.00, real=0.08 secs] 
4302.617: [GC (Allocation Failure) [PSYoungGen: 362016K->122432K(466432K)] 624666K->500273K(1864704K), 0.0628891 secs] [Times: user=0.37 sys=0.00, real=0.06 secs] 
4306.098: [GC (Allocation Failure) [PSYoungGen: 377408K->160384K(461824K)] 755249K->660393K(1860096K), 0.0586421 secs] [Times: user=0.35 sys=0.00, real=0.05 secs] 
4307.983: [GC (Allocation Failure) [PSYoungGen: 415360K->28544K(468992K)] 915369K->528630K(1867264K), 0.0098880 secs] [Times: user=0.05 sys=0.00, real=0.01 secs] 
4310.984: [GC (Allocation Failure) [PSYoungGen: 286080K->177152K(435200K)] 786166K->702322K(1833472K), 0.1181129 secs] [Times: user=0.57 sys=0.01, real=0.12 secs] 
4314.030: [GC (Allocation Failure) [PSYoungGen: 434688K->108320K(474624K)] 959858K->810714K(1872896K), 0.1305618 secs] [Times: user=0.77 sys=0.01, real=0.13 secs] 
4318.241: [GC (Allocation Failure) [PSYoungGen: 351008K->206016K(449024K)] 1053402K->1010495K(1847296K), 0.0959054 secs] [Times: user=0.57 sys=0.00, real=0.10 secs] 
4322.270: [GC (Allocation Failure) [PSYoungGen: 448704K->90368K(465920K)] 1253183K->1067479K(1864192K), 0.1179665 secs] [Times: user=0.71 sys=0.00, real=0.12 secs] 
4323.592: [GC (Allocation Failure) [PSYoungGen: 323328K->153824K(465920K)] 1300439K->1214490K(1864192K), 0.0609596 secs] [Times: user=0.37 sys=0.00, real=0.06 secs] 
4325.862: [GC (Allocation Failure) [PSYoungGen: 386784K->105280K(464896K)] 1447450K->1319994K(1863168K), 0.0954293 secs] [Times: user=0.56 sys=0.00, real=0.10 secs] 
4325.958: [Full GC (Ergonomics) [PSYoungGen: 105280K->0K(464896K)] [ParOldGen: 1214714K->120407K(1398272K)] 1319994K->120407K(1863168K), [Metaspace: 60470K->60470K(1105920K)], 0.2769479 secs] [Times: user=1.27 sys=0.00, real=0.27 secs] 
4327.360: [GC (Allocation Failure) [PSYoungGen: 232960K->142976K(376320K)] 353367K->263383K(1774592K), 0.0528479 secs] [Times: user=0.31 sys=0.00, real=0.05 secs] 
4328.292: [GC (Allocation Failure) [PSYoungGen: 375936K->131648K(470528K)] 496343K->395359K(1868800K), 0.0773322 secs] [Times: user=0.46 sys=0.00, real=0.08 secs] 
4329.975: [GC (Allocation Failure) [PSYoungGen: 374848K->3104K(461824K)] 638559K->266871K(1860096K), 0.0021571 secs] [Times: user=0.01 sys=0.00, real=0.01 secs] 
4332.593: [GC (Allocation Failure) [PSYoungGen: 246304K->163808K(463872K)] 510071K->429276K(1862144K), 0.0871397 secs] [Times: user=0.51 sys=0.00, real=0.09 secs] 
4335.481: [GC (Allocation Failure) [PSYoungGen: 396768K->96192K(329216K)] 662236K->517324K(1727488K), 0.0950525 secs] [Times: user=0.56 sys=0.01, real=0.09 secs] 
4337.826: [GC (Allocation Failure) [PSYoungGen: 329152K->170016K(461824K)] 750284K->685276K(1860096K), 0.1357031 secs] [Times: user=0.81 sys=0.00, real=0.14 secs] 
4340.625: [GC (Allocation Failure) [PSYoungGen: 401952K->93376K(464896K)] 917212K->770332K(1863168K), 0.1369820 secs] [Times: user=0.81 sys=0.00, real=0.14 secs] 
4342.195: [GC (Allocation Failure) [PSYoungGen: 308988K->157248K(464384K)] 985945K->924481K(1862656K), 0.0490428 secs] [Times: user=0.29 sys=0.00, real=0.05 secs] 
4346.758: [GC (Allocation Failure) [PSYoungGen: 390208K->89344K(322560K)] 1157441K->1005065K(1720832K), 0.1773524 secs] [Times: user=1.05 sys=0.01, real=0.17 secs] 
4348.545: [GC (Allocation Failure) [PSYoungGen: 314792K->160512K(459264K)] 1230513K->1163210K(1857536K), 0.0495379 secs] [Times: user=0.29 sys=0.00, real=0.05 secs] 
4349.899: [GC (Allocation Failure) [PSYoungGen: 390912K->99744K(463360K)] 1393610K->1254102K(1861632K), 0.0704629 secs] [Times: user=0.42 sys=0.00, real=0.07 secs] 
4351.688: [GC (Allocation Failure) [PSYoungGen: 330144K->160128K(459776K)] 1484502K->1411307K(1858048K), 0.1339019 secs] [Times: user=0.77 sys=0.02, real=0.13 secs] 
4351.822: [Full GC (Ergonomics) [PSYoungGen: 160128K->0K(459776K)] [ParOldGen: 1251179K->206783K(1398272K)] 1411307K->206783K(1858048K), [Metaspace: 60470K->60470K(1105920K)], 0.5047375 secs] [Times: user=2.30 sys=0.00, real=0.51 secs] 
4354.120: [GC (Allocation Failure) [PSYoungGen: 233472K->93952K(463360K)] 440255K->300735K(1861632K), 0.1269660 secs] [Times: user=0.75 sys=0.00, real=0.13 secs] 
4355.975: [GC (Allocation Failure) [PSYoungGen: 327424K->163872K(463360K)] 534207K->461420K(1861632K), 0.1274135 secs] [Times: user=0.76 sys=0.01, real=0.13 secs] 
4358.418: [GC (Allocation Failure) [PSYoungGen: 401952K->96512K(467968K)] 699500K->557860K(1866240K), 0.1215777 secs] [Times: user=0.72 sys=0.00, real=0.12 secs] 
4360.696: [GC (Allocation Failure) [PSYoungGen: 334592K->171040K(458752K)] 795940K->723613K(1857024K), 0.1552535 secs] [Times: user=0.93 sys=0.01, real=0.16 secs] 
4363.308: [GC (Allocation Failure) [PSYoungGen: 405024K->91552K(466432K)] 957597K->815149K(1864704K), 0.1066615 secs] [Times: user=0.64 sys=0.00, real=0.10 secs] 
4366.607: [GC (Allocation Failure) [PSYoungGen: 325298K->196864K(461312K)] 1048895K->1006042K(1859584K), 0.0692024 secs] [Times: user=0.41 sys=0.00, real=0.07 secs] 
4367.297: [GC (Allocation Failure) [PSYoungGen: 429824K->97952K(465920K)] 1239002K->1067258K(1864192K), 0.0657610 secs] [Times: user=0.39 sys=0.00, real=0.06 secs] 
4370.908: [GC (Allocation Failure) [PSYoungGen: 330912K->149632K(465920K)] 1300218K->1206710K(1864192K), 0.0604973 secs] [Times: user=0.36 sys=0.00, real=0.06 secs] 
4373.221: [GC (Allocation Failure) [PSYoungGen: 382592K->110336K(343552K)] 1439670K->1317294K(1741824K), 0.0883915 secs] [Times: user=0.53 sys=0.00, real=0.09 secs] 
4373.309: [Full GC (Ergonomics) [PSYoungGen: 110336K->0K(343552K)] [ParOldGen: 1206958K->125905K(1398272K)] 1317294K->125905K(1741824K), [Metaspace: 60471K->60471K(1105920K)], 0.2855176 secs] [Times: user=1.30 sys=0.00, real=0.28 secs] 
4374.834: [GC (Allocation Failure) [PSYoungGen: 232960K->137664K(468480K)] 358865K->263569K(1866752K), 0.0517390 secs] [Times: user=0.31 sys=0.00, real=0.05 secs] 
4377.550: [GC (Allocation Failure) [PSYoungGen: 377280K->132832K(461824K)] 503185K->396537K(1860096K), 0.0806104 secs] [Times: user=0.48 sys=0.00, real=0.08 secs] 
4378.814: [GC (Allocation Failure) [PSYoungGen: 372448K->2816K(448512K)] 636153K->266577K(1846784K), 0.0028628 secs] [Times: user=0.01 sys=0.00, real=0.01 secs] 
4380.316: [GC (Allocation Failure) [PSYoungGen: 237312K->159744K(461824K)] 501073K->425558K(1860096K), 0.0621737 secs] [Times: user=0.35 sys=0.01, real=0.07 secs] 
4383.599: [GC (Allocation Failure) [PSYoungGen: 394240K->99360K(461824K)] 660054K->516370K(1860096K), 0.0739395 secs] [Times: user=0.44 sys=0.01, real=0.07 secs] 
4385.370: [GC (Allocation Failure) [PSYoungGen: 337248K->170528K(464384K)] 754259K->685499K(1862656K), 0.0541579 secs] [Times: user=0.32 sys=0.00, real=0.05 secs] 
4388.889: [GC (Allocation Failure) [PSYoungGen: 410144K->94912K(468480K)] 925115K->772235K(1866752K), 0.1198623 secs] [Times: user=0.72 sys=0.00, real=0.12 secs] 
4389.994: [GC (Allocation Failure) [PSYoungGen: 333504K->173600K(465920K)] 1010827K->942853K(1864192K), 0.0661608 secs] [Times: user=0.39 sys=0.00, real=0.07 secs] 
4392.610: [GC (Allocation Failure) [PSYoungGen: 412192K->93216K(467968K)] 1181445K->1036237K(1866240K), 0.1780390 secs] [Times: user=1.06 sys=0.00, real=0.18 secs] 
4393.923: [GC (Allocation Failure) [PSYoungGen: 328224K->178368K(465920K)] 1271245K->1208946K(1864192K), 0.1381372 secs] [Times: user=0.83 sys=0.00, real=0.14 secs] 
4397.149: [GC (Allocation Failure) [PSYoungGen: 413376K->83744K(465920K)] 1443954K->1292890K(1864192K), 0.1287291 secs] [Times: user=0.76 sys=0.00, real=0.13 secs] 
4397.278: [Full GC (Ergonomics) [PSYoungGen: 83744K->0K(465920K)] [ParOldGen: 1209146K->88750K(1398272K)] 1292890K->88750K(1864192K), [Metaspace: 60471K->60471K(1105920K)], 0.2119191 secs] [Times: user=0.96 sys=0.00, real=0.21 secs] 
4398.782: [GC (Allocation Failure) [PSYoungGen: 232145K->204992K(465920K)] 320895K->293742K(1864192K), 0.0366956 secs] [Times: user=0.22 sys=0.00, real=0.04 secs] 
4402.719: [GC (Allocation Failure) [PSYoungGen: 437952K->82528K(465920K)] 526702K->341722K(1864192K), 0.1185050 secs] [Times: user=0.71 sys=0.00, real=0.12 secs] 
4403.967: [GC (Allocation Failure) [PSYoungGen: 315488K->161056K(465920K)] 574682K->495925K(1864192K), 0.0595686 secs] [Times: user=0.35 sys=0.00, real=0.06 secs] 
4406.147: [GC (Allocation Failure) [PSYoungGen: 394016K->101856K(465920K)] 728885K->597997K(1864192K), 0.0958159 secs] [Times: user=0.57 sys=0.00, real=0.10 secs] 
4407.378: [GC (Allocation Failure) [PSYoungGen: 334816K->146688K(465920K)] 830957K->733818K(1864192K), 0.0608530 secs] [Times: user=0.36 sys=0.00, real=0.06 secs] 
4409.964: [GC (Allocation Failure) [PSYoungGen: 379648K->120128K(460800K)] 966778K->853850K(1859072K), 0.0797010 secs] [Times: user=0.47 sys=0.00, real=0.08 secs] 
4411.876: [GC (Allocation Failure) [PSYoungGen: 353088K->128032K(361472K)] 1086810K->971426K(1759744K), 0.0626046 secs] [Times: user=0.37 sys=0.00, real=0.07 secs] 
4412.936: [GC (Allocation Failure) [PSYoungGen: 360992K->140704K(465920K)] 1204386K->1112274K(1864192K), 0.1159751 secs] [Times: user=0.68 sys=0.01, real=0.12 secs] 
4415.700: [GC (Allocation Failure) [PSYoungGen: 385952K->4736K(461312K)] 1357522K->976346K(1859584K), 0.0030056 secs] [Times: user=0.02 sys=0.00, real=0.00 secs] 
4417.847: [GC (Allocation Failure) [PSYoungGen: 249984K->185344K(461312K)] 1221594K->1160636K(1859584K), 0.0762752 secs] [Times: user=0.45 sys=0.00, real=0.07 secs] 
4420.640: [GC (Allocation Failure) [PSYoungGen: 418304K->90720K(465920K)] 1393596K->1235068K(1864192K), 0.1751845 secs] [Times: user=1.04 sys=0.00, real=0.17 secs] 
4420.815: [Full GC (Ergonomics) [PSYoungGen: 90720K->0K(465920K)] [ParOldGen: 1144348K->40096K(1398272K)] 1235068K->40096K(1864192K), [Metaspace: 60471K->60471K(1105920K)], 0.1191111 secs] [Times: user=0.48 sys=0.01, real=0.12 secs] 
4421.988: [GC (Allocation Failure) [PSYoungGen: 219384K->159552K(465920K)] 259481K->199648K(1864192K), 0.0353876 secs] [Times: user=0.21 sys=0.00, real=0.03 secs] 
4425.057: [GC (Allocation Failure) [PSYoungGen: 392512K->93760K(465920K)] 432608K->285192K(1864192K), 0.1519455 secs] [Times: user=0.91 sys=0.00, real=0.15 secs] 
4427.054: [GC (Allocation Failure) [PSYoungGen: 326720K->214080K(465920K)] 518152K->496340K(1864192K), 0.0520183 secs] [Times: user=0.30 sys=0.01, real=0.05 secs] 
4429.412: [GC (Allocation Failure) [PSYoungGen: 447040K->89888K(465920K)] 729300K->536724K(1864192K), 0.1838502 secs] [Times: user=1.09 sys=0.00, real=0.18 secs] 
4430.942: [GC (Allocation Failure) [PSYoungGen: 322848K->166688K(465920K)] 769684K->699757K(1864192K), 0.1507957 secs] [Times: user=0.90 sys=0.00, real=0.15 secs] 
4434.765: [GC (Allocation Failure) [PSYoungGen: 399648K->87392K(465920K)] 932717K->786893K(1864192K), 0.1534008 secs] [Times: user=0.91 sys=0.00, real=0.16 secs] 
4435.527: [GC (Allocation Failure) [PSYoungGen: 320352K->172896K(465920K)] 1019853K->953966K(1864192K), 0.0844226 secs] [Times: user=0.50 sys=0.00, real=0.08 secs] 
4438.090: [GC (Allocation Failure) [PSYoungGen: 405856K->92576K(465920K)] 1186926K->1045942K(1864192K), 0.1259443 secs] [Times: user=0.75 sys=0.00, real=0.12 secs] 
4441.603: [GC (Allocation Failure) [PSYoungGen: 325536K->164288K(465920K)] 1278902K->1204659K(1864192K), 0.1617882 secs] [Times: user=0.96 sys=0.01, real=0.16 secs] 
4443.557: [GC (Allocation Failure) [PSYoungGen: 397248K->92064K(465920K)] 1437619K->1296667K(1864192K), 0.1143156 secs] [Times: user=0.68 sys=0.00, real=0.11 secs] 
4443.672: [Full GC (Ergonomics) [PSYoungGen: 92064K->0K(465920K)] [ParOldGen: 1204603K->101812K(1398272K)] 1296667K->101812K(1864192K), [Metaspace: 60473K->60473K(1105920K)], 0.2494138 secs] [Times: user=1.13 sys=0.00, real=0.25 secs] 
4445.782: [GC (Allocation Failure) [PSYoungGen: 232960K->157344K(465920K)] 334772K->259156K(1864192K), 0.0456962 secs] [Times: user=0.27 sys=0.00, real=0.05 secs] 
4446.892: [GC (Allocation Failure) [PSYoungGen: 390304K->105408K(465920K)] 492116K->364588K(1864192K), 0.0868207 secs] [Times: user=0.52 sys=0.00, real=0.09 secs] 
4449.866: [GC (Allocation Failure) [PSYoungGen: 338368K->142624K(462848K)] 597548K->497145K(1861120K), 0.0609349 secs] [Times: user=0.37 sys=0.00, real=0.07 secs] 
4451.681: [GC (Allocation Failure) [PSYoungGen: 375584K->122240K(355328K)] 730105K->619193K(1753600K), 0.0794862 secs] [Times: user=0.47 sys=0.01, real=0.08 secs] 
4453.602: [GC (Allocation Failure) [PSYoungGen: 355200K->126048K(468992K)] 852153K->734946K(1867264K), 0.0627593 secs] [Times: user=0.37 sys=0.00, real=0.06 secs] 
4456.558: [GC (Allocation Failure) [PSYoungGen: 372832K->147040K(459776K)] 981730K->881730K(1858048K), 0.0611801 secs] [Times: user=0.36 sys=0.00, real=0.06 secs] 
4458.668: [GC (Allocation Failure) [PSYoungGen: 393824K->11296K(463360K)] 1128514K->746050K(1861632K), 0.0043703 secs] [Times: user=0.02 sys=0.00, real=0.00 secs] 
4460.832: [GC (Allocation Failure) [PSYoungGen: 248537K->172992K(424448K)] 983291K->917243K(1822720K), 0.0365124 secs] [Times: user=0.21 sys=0.00, real=0.04 secs] 
4464.223: [GC (Allocation Failure) [PSYoungGen: 424384K->104096K(473088K)] 1168635K->1013043K(1871360K), 0.1606692 secs] [Times: user=0.96 sys=0.00, real=0.16 secs] 
4465.394: [GC (Allocation Failure) [PSYoungGen: 344224K->173984K(465920K)] 1253171K->1183636K(1864192K), 0.0892836 secs] [Times: user=0.53 sys=0.00, real=0.09 secs] 
4468.517: [GC (Allocation Failure) [PSYoungGen: 414112K->93088K(468992K)] 1423764K->1276868K(1867264K), 0.1416044 secs] [Times: user=0.84 sys=0.00, real=0.14 secs] 
4468.659: [Full GC (Ergonomics) [PSYoungGen: 93088K->0K(468992K)] [ParOldGen: 1183780K->80555K(1398272K)] 1276868K->80555K(1867264K), [Metaspace: 60476K->60476K(1105920K)], 0.2029222 secs] [Times: user=0.92 sys=0.00, real=0.20 secs] 
4473.330: [GC (Allocation Failure) [PSYoungGen: 236032K->164864K(465920K)] 316587K->245419K(1864192K), 0.0866953 secs] [Times: user=0.51 sys=0.00, real=0.09 secs] 
4476.126: [GC (Allocation Failure) [PSYoungGen: 400896K->89568K(466432K)] 481451K->335179K(1864704K), 0.1316588 secs] [Times: user=0.78 sys=0.00, real=0.14 secs] 
4478.282: [GC (Allocation Failure) [PSYoungGen: 323947K->202272K(465920K)] 569559K->531664K(1864192K), 0.0611563 secs] [Times: user=0.36 sys=0.00, real=0.06 secs] 
4479.912: [GC (Allocation Failure) [PSYoungGen: 435398K->93472K(465920K)] 764790K->590588K(1864192K), 0.0989210 secs] [Times: user=0.59 sys=0.01, real=0.10 secs] 
4481.291: [GC (Allocation Failure) [PSYoungGen: 326432K->151072K(465920K)] 823548K->734747K(1864192K), 0.0608012 secs] [Times: user=0.36 sys=0.00, real=0.06 secs] 
4482.740: [GC (Allocation Failure) [PSYoungGen: 384032K->108896K(465920K)] 967707K->843527K(1864192K), 0.1090821 secs] [Times: user=0.65 sys=0.00, real=0.11 secs] 
4484.749: [GC (Allocation Failure) [PSYoungGen: 341856K->138912K(372224K)] 1076487K->971998K(1770496K), 0.0616738 secs] [Times: user=0.37 sys=0.00, real=0.06 secs] 
4487.872: [GC (Allocation Failure) [PSYoungGen: 371872K->125952K(468992K)] 1204958K->1098134K(1867264K), 0.0761407 secs] [Times: user=0.45 sys=0.00, real=0.08 secs] 
4490.328: [GC (Allocation Failure) [PSYoungGen: 368128K->1632K(459776K)] 1340310K->973830K(1858048K), 0.0034462 secs] [Times: user=0.01 sys=0.00, real=0.00 secs] 
4491.949: [GC (Allocation Failure) [PSYoungGen: 243808K->158592K(463360K)] 1216006K->1131631K(1861632K), 0.0911157 secs] [Times: user=0.53 sys=0.00, real=0.09 secs] 
4495.689: [GC (Allocation Failure) [PSYoungGen: 391552K->9088K(465920K)] 1364591K->982239K(1864192K), 0.0046241 secs] [Times: user=0.03 sys=0.00, real=0.00 secs] 
4498.000: [GC (Allocation Failure) [PSYoungGen: 242048K->167424K(465920K)] 1215199K->1148120K(1864192K), 0.0848848 secs] [Times: user=0.50 sys=0.00, real=0.08 secs] 
4502.497: [GC (Allocation Failure) [PSYoungGen: 400384K->90976K(465920K)] 1381080K->1230688K(1864192K), 0.0959767 secs] [Times: user=0.57 sys=0.00, real=0.09 secs] 
4502.593: [Full GC (Ergonomics) [PSYoungGen: 90976K->0K(465920K)] [ParOldGen: 1139712K->34151K(1398272K)] 1230688K->34151K(1864192K), [Metaspace: 60503K->60503K(1105920K)], 0.0617312 secs] [Times: user=0.22 sys=0.00, real=0.06 secs] 
4504.254: [GC (Allocation Failure) [PSYoungGen: 228235K->166464K(465920K)] 262387K->200615K(1864192K), 0.0323041 secs] [Times: user=0.20 sys=0.00, real=0.04 secs] 
4505.763: [GC (Allocation Failure) [PSYoungGen: 399424K->98592K(465920K)] 433575K->290351K(1864192K), 0.1042169 secs] [Times: user=0.63 sys=0.00, real=0.11 secs] 
4507.567: [GC (Allocation Failure) [PSYoungGen: 331552K->171808K(465920K)] 523311K->459064K(1864192K), 0.1053125 secs] [Times: user=0.63 sys=0.00, real=0.10 secs] 
4510.426: [GC (Allocation Failure) [PSYoungGen: 402109K->84160K(465920K)] 689365K->543336K(1864192K), 0.1737533 secs] [Times: user=1.03 sys=0.00, real=0.18 secs] 
4511.588: [GC (Allocation Failure) [PSYoungGen: 317120K->169248K(465920K)] 776296K->708804K(1864192K), 0.0555177 secs] [Times: user=0.33 sys=0.00, real=0.05 secs] 
4515.031: [GC (Allocation Failure) [PSYoungGen: 402208K->85056K(465920K)] 941764K->793565K(1864192K), 0.1626980 secs] [Times: user=0.97 sys=0.00, real=0.16 secs] 
4515.629: [GC (Allocation Failure) [PSYoungGen: 318016K->176000K(465920K)] 1026525K->963369K(1864192K), 0.0576327 secs] [Times: user=0.34 sys=0.00, real=0.05 secs] 
4518.088: [GC (Allocation Failure) [PSYoungGen: 408960K->91968K(465920K)] 1196329K->1055089K(1864192K), 0.1204819 secs] [Times: user=0.71 sys=0.01, real=0.12 secs] 
4521.653: [GC (Allocation Failure) [PSYoungGen: 323555K->196032K(465920K)] 1286677K->1244902K(1864192K), 0.0625155 secs] [Times: user=0.37 sys=0.00, real=0.06 secs] 
4524.181: [GC (Allocation Failure) [PSYoungGen: 428992K->88960K(465920K)] 1477862K->1299070K(1864192K), 0.1112580 secs] [Times: user=0.66 sys=0.00, real=0.11 secs] 
4524.293: [Full GC (Ergonomics) [PSYoungGen: 88960K->0K(465920K)] [ParOldGen: 1210110K->104076K(1398272K)] 1299070K->104076K(1864192K), [Metaspace: 60504K->60504K(1105920K)], 0.2480220 secs] [Times: user=1.12 sys=0.01, real=0.25 secs] 
4526.593: [GC (Allocation Failure) [PSYoungGen: 232960K->154976K(465920K)] 337036K->259052K(1864192K), 0.0453307 secs] [Times: user=0.27 sys=0.00, real=0.05 secs] 
4529.105: [GC (Allocation Failure) [PSYoungGen: 387936K->102496K(465920K)] 492012K->361796K(1864192K), 0.0937865 secs] [Times: user=0.56 sys=0.00, real=0.10 secs] 
4531.273: [GC (Allocation Failure) [PSYoungGen: 335456K->146016K(465920K)] 594756K->496641K(1864192K), 0.0605959 secs] [Times: user=0.36 sys=0.00, real=0.06 secs] 
4533.816: [GC (Allocation Failure) [PSYoungGen: 378976K->115040K(348160K)] 729601K->611877K(1746432K), 0.0910395 secs] [Times: user=0.53 sys=0.00, real=0.10 secs] 
4535.097: [GC (Allocation Failure) [PSYoungGen: 348000K->132736K(470528K)] 844837K->733994K(1868800K), 0.0618774 secs] [Times: user=0.36 sys=0.00, real=0.06 secs] 
4536.421: [GC (Allocation Failure) [PSYoungGen: 373376K->152352K(462848K)] 974634K->886530K(1861120K), 0.0620291 secs] [Times: user=0.36 sys=0.00, real=0.06 secs] 
4540.634: [GC (Allocation Failure) [PSYoungGen: 392992K->8064K(454656K)] 1127170K->742274K(1852928K), 0.0036477 secs] [Times: user=0.02 sys=0.00, real=0.01 secs] 
4542.300: [GC (Allocation Failure) [PSYoungGen: 241024K->162176K(465920K)] 975234K->902743K(1864192K), 0.0335661 secs] [Times: user=0.20 sys=0.00, real=0.03 secs] 
4544.016: [GC (Allocation Failure) [PSYoungGen: 395136K->101312K(460800K)] 1135703K->994951K(1859072K), 0.1671324 secs] [Times: user=1.00 sys=0.00, real=0.17 secs] 
4545.606: [GC (Allocation Failure) [PSYoungGen: 320396K->161920K(463360K)] 1214036K->1154872K(1861632K), 0.1009582 secs] [Times: user=0.60 sys=0.00, real=0.11 secs] 
4549.228: [GC (Allocation Failure) [PSYoungGen: 394880K->90688K(463872K)] 1387832K->1237480K(1862144K), 0.0693931 secs] [Times: user=0.40 sys=0.00, real=0.07 secs] 
4550.808: [GC (Allocation Failure) [PSYoungGen: 313274K->159872K(464896K)] 1460066K->1393933K(1863168K), 0.0492757 secs] [Times: user=0.29 sys=0.00, real=0.05 secs] 
4550.857: [Full GC (Ergonomics) [PSYoungGen: 159872K->0K(464896K)] [ParOldGen: 1234061K->197399K(1398272K)] 1393933K->197399K(1863168K), [Metaspace: 60504K->60504K(1105920K)], 0.4788936 secs] [Times: user=2.22 sys=0.00, real=0.47 secs] 
4554.826: [GC (Allocation Failure) [PSYoungGen: 235520K->94816K(461824K)] 432919K->292215K(1860096K), 0.0640149 secs] [Times: user=0.37 sys=0.00, real=0.07 secs] 
4556.089: [GC (Allocation Failure) [PSYoungGen: 331360K->171328K(463872K)] 528759K->460304K(1862144K), 0.0501691 secs] [Times: user=0.30 sys=0.00, real=0.05 secs] 
4558.420: [GC (Allocation Failure) [PSYoungGen: 407872K->91168K(468480K)] 696848K->551160K(1866752K), 0.1442134 secs] [Times: user=0.86 sys=0.00, real=0.14 secs] 
4561.427: [GC (Allocation Failure) [PSYoungGen: 326688K->170688K(465920K)] 786680K->716549K(1864192K), 0.1081643 secs] [Times: user=0.65 sys=0.00, real=0.10 secs] 
4567.049: [GC (Allocation Failure) [PSYoungGen: 406208K->80128K(465920K)] 952069K->796845K(1864192K), 0.1518519 secs] [Times: user=0.90 sys=0.00, real=0.15 secs] 
4567.522: [GC (Allocation Failure) [PSYoungGen: 313088K->196064K(465920K)] 1029805K->986806K(1864192K), 0.0584395 secs] [Times: user=0.35 sys=0.00, real=0.06 secs] 
4569.516: [GC (Allocation Failure) [PSYoungGen: 429024K->89344K(465920K)] 1219766K->1060014K(1864192K), 0.1192958 secs] [Times: user=0.71 sys=0.01, real=0.12 secs] 
4571.783: [GC (Allocation Failure) [PSYoungGen: 322275K->197984K(465920K)] 1292946K->1251499K(1864192K), 0.0694303 secs] [Times: user=0.42 sys=0.00, real=0.07 secs] 
4572.730: [GC (Allocation Failure) [PSYoungGen: 430944K->98624K(465920K)] 1484459K->1313475K(1864192K), 0.1025525 secs] [Times: user=0.60 sys=0.00, real=0.10 secs] 
4572.832: [Full GC (Ergonomics) [PSYoungGen: 98624K->0K(465920K)] [ParOldGen: 1214851K->114212K(1398272K)] 1313475K->114212K(1864192K), [Metaspace: 60505K->60505K(1105920K)], 0.2586942 secs] [Times: user=1.17 sys=0.00, real=0.26 secs] 
4577.170: [GC (Allocation Failure) [PSYoungGen: 232960K->148320K(465920K)] 347172K->262532K(1864192K), 0.0543911 secs] [Times: user=0.33 sys=0.00, real=0.05 secs] 
4578.961: [GC (Allocation Failure) [PSYoungGen: 381280K->109088K(465920K)] 495492K->371940K(1864192K), 0.1085068 secs] [Times: user=0.64 sys=0.00, real=0.11 secs] 
4581.526: [GC (Allocation Failure) [PSYoungGen: 342048K->139008K(372224K)] 604900K->500057K(1770496K), 0.0614272 secs] [Times: user=0.36 sys=0.00, real=0.07 secs] 
4583.551: [GC (Allocation Failure) [PSYoungGen: 371968K->126080K(474624K)] 733017K->626305K(1872896K), 0.0762960 secs] [Times: user=0.45 sys=0.00, real=0.08 secs] 
4585.074: [GC (Allocation Failure) [PSYoungGen: 368256K->2272K(465408K)] 868481K->502541K(1863680K), 0.0023849 secs] [Times: user=0.01 sys=0.00, real=0.00 secs] 
4586.592: [GC (Allocation Failure) [PSYoungGen: 244448K->160864K(465920K)] 744717K->662762K(1864192K), 0.0884447 secs] [Times: user=0.53 sys=0.00, real=0.09 secs] 
4588.505: [GC (Allocation Failure) [PSYoungGen: 393824K->99520K(332800K)] 895722K->754122K(1731072K), 0.0794993 secs] [Times: user=0.48 sys=0.00, real=0.08 secs] 
4590.667: [GC (Allocation Failure) [PSYoungGen: 332480K->168768K(463872K)] 987082K->920095K(1862144K), 0.0535059 secs] [Times: user=0.32 sys=0.00, real=0.05 secs] 
4592.402: [GC (Allocation Failure) [PSYoungGen: 400704K->95872K(464896K)] 1152031K->1007027K(1863168K), 0.1375360 secs] [Times: user=0.82 sys=0.00, real=0.14 secs] 
4595.090: [GC (Allocation Failure) [PSYoungGen: 312427K->157696K(465408K)] 1223582K->1160771K(1863680K), 0.0501731 secs] [Times: user=0.29 sys=0.00, real=0.05 secs] 
4597.643: [GC (Allocation Failure) [PSYoungGen: 390656K->93888K(327168K)] 1393731K->1245627K(1725440K), 0.1641732 secs] [Times: user=0.98 sys=0.01, real=0.17 secs] 
4599.221: [GC (Allocation Failure) [PSYoungGen: 326848K->186144K(458240K)] 1478587K->1427920K(1856512K), 0.0513763 secs] [Times: user=0.31 sys=0.00, real=0.05 secs] 
4599.273: [Full GC (Ergonomics) [PSYoungGen: 186144K->0K(458240K)] [ParOldGen: 1241776K->209602K(1398272K)] 1427920K->209602K(1856512K), [Metaspace: 60505K->60505K(1105920K)], 0.4828287 secs] [Times: user=2.22 sys=0.00, real=0.48 secs] 
4602.586: [GC (Allocation Failure) [PSYoungGen: 229376K->84928K(462336K)] 438978K->294530K(1860608K), 0.0889863 secs] [Times: user=0.53 sys=0.00, real=0.09 secs] 
4604.463: [GC (Allocation Failure) [PSYoungGen: 314304K->164512K(465920K)] 523906K->455811K(1864192K), 0.1381898 secs] [Times: user=0.82 sys=0.00, real=0.14 secs] 
4607.417: [GC (Allocation Failure) [PSYoungGen: 394986K->84608K(465920K)] 686285K->540515K(1864192K), 0.1573444 secs] [Times: user=0.94 sys=0.01, real=0.15 secs] 
4609.943: [GC (Allocation Failure) [PSYoungGen: 317568K->165120K(465920K)] 773475K->701683K(1864192K), 0.1411012 secs] [Times: user=0.83 sys=0.00, real=0.14 secs] 
4612.723: [GC (Allocation Failure) [PSYoungGen: 398080K->88320K(465920K)] 934643K->790200K(1864192K), 0.1507551 secs] [Times: user=0.89 sys=0.00, real=0.15 secs] 
4614.741: [GC (Allocation Failure) [PSYoungGen: 321280K->172256K(465920K)] 1023160K->956748K(1864192K), 0.1575906 secs] [Times: user=0.93 sys=0.00, real=0.16 secs] 
4616.706: [GC (Allocation Failure) [PSYoungGen: 405216K->91264K(465920K)] 1189708K->1048260K(1864192K), 0.1299855 secs] [Times: user=0.77 sys=0.01, real=0.13 secs] 
4617.812: [GC (Allocation Failure) [PSYoungGen: 324224K->206176K(465920K)] 1281220K->1248361K(1864192K), 0.0638101 secs] [Times: user=0.38 sys=0.00, real=0.06 secs] 
4620.628: [GC (Allocation Failure) [PSYoungGen: 439136K->92960K(465920K)] 1481321K->1300169K(1864192K), 0.1098503 secs] [Times: user=0.66 sys=0.00, real=0.11 secs] 
4620.738: [Full GC (Ergonomics) [PSYoungGen: 92960K->0K(465920K)] [ParOldGen: 1207209K->108024K(1398272K)] 1300169K->108024K(1864192K), [Metaspace: 60505K->60505K(1105920K)], 0.2526802 secs] [Times: user=1.13 sys=0.00, real=0.25 secs] 
4622.445: [GC (Allocation Failure) [PSYoungGen: 232960K->151136K(465920K)] 340984K->259160K(1864192K), 0.0432945 secs] [Times: user=0.26 sys=0.00, real=0.05 secs] 
4624.354: [GC (Allocation Failure) [PSYoungGen: 384096K->107776K(465920K)] 492120K->367132K(1864192K), 0.0959577 secs] [Times: user=0.57 sys=0.00, real=0.10 secs] 
4626.521: [GC (Allocation Failure) [PSYoungGen: 340736K->140576K(465920K)] 600092K->496795K(1864192K), 0.0609809 secs] [Times: user=0.36 sys=0.00, real=0.06 secs] 
4627.883: [GC (Allocation Failure) [PSYoungGen: 373536K->137696K(370688K)] 729755K->634339K(1768960K), 0.0669123 secs] [Times: user=0.39 sys=0.00, real=0.07 secs] 
4630.152: [GC (Allocation Failure) [PSYoungGen: 370656K->118016K(465920K)] 867299K->734267K(1864192K), 0.0631391 secs] [Times: user=0.38 sys=0.00, real=0.06 secs] 
4632.429: [GC (Allocation Failure) [PSYoungGen: 358144K->153376K(458752K)] 974395K->887483K(1857024K), 0.1092027 secs] [Times: user=0.65 sys=0.00, real=0.11 secs] 
4635.032: [GC (Allocation Failure) [PSYoungGen: 393504K->10816K(456704K)] 1127611K->744947K(1854976K), 0.0039523 secs] [Times: user=0.02 sys=0.00, real=0.00 secs] 
4636.848: [GC (Allocation Failure) [PSYoungGen: 248896K->167680K(406016K)] 983027K->910655K(1804288K), 0.0353795 secs] [Times: user=0.21 sys=0.00, real=0.03 secs] 
4638.960: [GC (Allocation Failure) [PSYoungGen: 405760K->100640K(468992K)] 1148735K->1002267K(1867264K), 0.1596571 secs] [Times: user=0.95 sys=0.00, real=0.16 secs] 
4641.123: [GC (Allocation Failure) [PSYoungGen: 336672K->170816K(465920K)] 1238299K->1169968K(1864192K), 0.0529230 secs] [Times: user=0.32 sys=0.00, real=0.05 secs] 
4645.086: [GC (Allocation Failure) [PSYoungGen: 406848K->88832K(466432K)] 1406000K->1258848K(1864704K), 0.1754757 secs] [Times: user=1.05 sys=0.00, real=0.18 secs] 
4645.262: [Full GC (Ergonomics) [PSYoungGen: 88832K->0K(466432K)] [ParOldGen: 1170016K->63556K(1398272K)] 1258848K->63556K(1864704K), [Metaspace: 60505K->60505K(1105920K)], 0.1753242 secs] [Times: user=0.81 sys=0.00, real=0.18 secs] 
4647.201: [GC (Allocation Failure) [PSYoungGen: 233472K->169024K(465920K)] 297028K->232580K(1864192K), 0.0341431 secs] [Times: user=0.20 sys=0.00, real=0.03 secs] 
4650.170: [GC (Allocation Failure) [PSYoungGen: 402496K->83232K(465920K)] 466052K->315744K(1864192K), 0.1691714 secs] [Times: user=0.99 sys=0.01, real=0.17 secs] 
4650.794: [GC (Allocation Failure) [PSYoungGen: 316192K->178912K(465920K)] 548704K->488553K(1864192K), 0.0570005 secs] [Times: user=0.34 sys=0.00, real=0.06 secs] 
4654.148: [GC (Allocation Failure) [PSYoungGen: 411872K->86208K(465920K)] 721513K->574961K(1864192K), 0.1269940 secs] [Times: user=0.75 sys=0.00, real=0.12 secs] 
4655.276: [GC (Allocation Failure) [PSYoungGen: 314993K->202176K(465920K)] 803747K->771186K(1864192K), 0.0680899 secs] [Times: user=0.41 sys=0.00, real=0.07 secs] 
4656.395: [GC (Allocation Failure) [PSYoungGen: 435136K->99104K(465920K)] 1004146K->833634K(1864192K), 0.0880336 secs] [Times: user=0.52 sys=0.00, real=0.09 secs] 
4659.280: [GC (Allocation Failure) [PSYoungGen: 332064K->148672K(465920K)] 1066594K->972215K(1864192K), 0.0610799 secs] [Times: user=0.36 sys=0.00, real=0.06 secs] 
4660.115: [GC (Allocation Failure) [PSYoungGen: 381632K->116704K(465920K)] 1205175K->1089111K(1864192K), 0.0761811 secs] [Times: user=0.45 sys=0.00, real=0.08 secs] 
4662.370: [GC (Allocation Failure) [PSYoungGen: 349664K->130752K(364032K)] 1322071K->1209923K(1762304K), 0.0627354 secs] [Times: user=0.37 sys=0.00, real=0.06 secs] 
4665.909: [GC (Allocation Failure) [PSYoungGen: 363712K->129728K(468480K)] 1442883K->1339747K(1866752K), 0.0759869 secs] [Times: user=0.45 sys=0.01, real=0.07 secs] 
4665.985: [Full GC (Ergonomics) [PSYoungGen: 129728K->0K(468480K)] [ParOldGen: 1210019K->144745K(1398272K)] 1339747K->144745K(1866752K), [Metaspace: 60506K->60506K(1105920K)], 0.3315908 secs] [Times: user=1.52 sys=0.00, real=0.34 secs] 
4667.410: [GC (Allocation Failure) [PSYoungGen: 242176K->121536K(459264K)] 386921K->266281K(1857536K), 0.0427789 secs] [Times: user=0.25 sys=0.00, real=0.04 secs] 
4669.232: [GC (Allocation Failure) [PSYoungGen: 363712K->165856K(459264K)] 508457K->431338K(1857536K), 0.0619560 secs] [Times: user=0.37 sys=0.00, real=0.06 secs] 
4673.939: [GC (Allocation Failure) [PSYoungGen: 415712K->104768K(464896K)] 681194K->527122K(1863168K), 0.1604309 secs] [Times: user=0.96 sys=0.00, real=0.16 secs] 
4676.027: [GC (Allocation Failure) [PSYoungGen: 354624K->173664K(471040K)] 776978K->698854K(1869312K), 0.1507289 secs] [Times: user=0.89 sys=0.00, real=0.15 secs] 
4679.765: [GC (Allocation Failure) [PSYoungGen: 433248K->105056K(479232K)] 958438K->803910K(1877504K), 0.1698222 secs] [Times: user=1.00 sys=0.01, real=0.17 secs] 
4683.105: [GC (Allocation Failure) [PSYoungGen: 361137K->216032K(449024K)] 1059992K->1015587K(1847296K), 0.0753396 secs] [Times: user=0.44 sys=0.01, real=0.08 secs] 
4684.861: [GC (Allocation Failure) [PSYoungGen: 444216K->92960K(465920K)] 1243771K->1072043K(1864192K), 0.1100252 secs] [Times: user=0.65 sys=0.00, real=0.11 secs] 
4686.413: [GC (Allocation Failure) [PSYoungGen: 325920K->151264K(465920K)] 1305003K->1216864K(1864192K), 0.0610074 secs] [Times: user=0.36 sys=0.00, real=0.06 secs] 
4687.921: [GC (Allocation Failure) [PSYoungGen: 384224K->110848K(465920K)] 1449824K->1327416K(1864192K), 0.0806665 secs] [Times: user=0.49 sys=0.00, real=0.08 secs] 
4688.001: [Full GC (Ergonomics) [PSYoungGen: 110848K->0K(465920K)] [ParOldGen: 1216568K->125951K(1398272K)] 1327416K->125951K(1864192K), [Metaspace: 60508K->60508K(1105920K)], 0.2818224 secs] [Times: user=1.27 sys=0.00, real=0.28 secs] 
4690.609: [GC (Allocation Failure) [PSYoungGen: 232960K->136864K(465920K)] 358911K->262815K(1864192K), 0.0508604 secs] [Times: user=0.31 sys=0.00, real=0.05 secs] 
4691.472: [GC (Allocation Failure) [PSYoungGen: 369824K->134016K(465920K)] 495775K->397115K(1864192K), 0.0795026 secs] [Times: user=0.47 sys=0.00, real=0.08 secs] 
4694.179: [GC (Allocation Failure) [PSYoungGen: 366976K->1600K(465920K)] 630075K->264723K(1864192K), 0.0018991 secs] [Times: user=0.01 sys=0.00, real=0.00 secs] 
4695.152: [GC (Allocation Failure) [PSYoungGen: 234560K->150240K(465920K)] 497683K->414244K(1864192K), 0.0299315 secs] [Times: user=0.18 sys=0.00, real=0.03 secs] 
4697.349: [GC (Allocation Failure) [PSYoungGen: 383200K->5984K(465920K)] 647204K->270076K(1864192K), 0.0023687 secs] [Times: user=0.01 sys=0.01, real=0.00 secs] 
4699.120: [GC (Allocation Failure) [PSYoungGen: 238944K->165600K(465920K)] 503036K->434445K(1864192K), 0.0646192 secs] [Times: user=0.38 sys=0.00, real=0.06 secs] 
4701.747: [GC (Allocation Failure) [PSYoungGen: 398560K->96512K(465920K)] 667405K->522413K(1864192K), 0.0921078 secs] [Times: user=0.55 sys=0.00, real=0.09 secs] 
4703.160: [GC (Allocation Failure) [PSYoungGen: 321551K->164544K(465920K)] 747453K->685090K(1864192K), 0.0953826 secs] [Times: user=0.57 sys=0.00, real=0.09 secs] 
4705.899: [GC (Allocation Failure) [PSYoungGen: 397504K->91264K(465920K)] 918050K->768282K(1864192K), 0.1674620 secs] [Times: user=0.98 sys=0.01, real=0.16 secs] 
4707.337: [GC (Allocation Failure) [PSYoungGen: 324224K->171136K(465920K)] 1001242K->935415K(1864192K), 0.0496006 secs] [Times: user=0.29 sys=0.00, real=0.05 secs] 
4711.027: [GC (Allocation Failure) [PSYoungGen: 404096K->88096K(465920K)] 1168375K->1023543K(1864192K), 0.1491893 secs] [Times: user=0.79 sys=0.00, real=0.15 secs] 
4711.687: [GC (Allocation Failure) [PSYoungGen: 321056K->170272K(465920K)] 1256503K->1189959K(1864192K), 0.0662652 secs] [Times: user=0.39 sys=0.00, real=0.06 secs] 
4714.276: [GC (Allocation Failure) [PSYoungGen: 403232K->88640K(465920K)] 1422919K->1278867K(1864192K), 0.1501754 secs] [Times: user=0.90 sys=0.00, real=0.15 secs] 
4714.426: [Full GC (Ergonomics) [PSYoungGen: 88640K->0K(465920K)] [ParOldGen: 1190227K->75199K(1398272K)] 1278867K->75199K(1864192K), [Metaspace: 60508K->60508K(1105920K)], 0.1938747 secs] [Times: user=0.89 sys=0.00, real=0.20 secs] 
4715.602: [GC (Allocation Failure) [PSYoungGen: 232960K->173792K(465920K)] 308159K->248991K(1864192K), 0.0687547 secs] [Times: user=0.40 sys=0.00, real=0.07 secs] 
4718.500: [GC (Allocation Failure) [PSYoungGen: 406752K->91968K(465920K)] 481951K->340783K(1864192K), 0.1141587 secs] [Times: user=0.68 sys=0.00, real=0.11 secs] 
4720.322: [GC (Allocation Failure) [PSYoungGen: 323495K->200992K(465920K)] 572310K->531980K(1864192K), 0.0619381 secs] [Times: user=0.37 sys=0.01, real=0.06 secs] 
4722.699: [GC (Allocation Failure) [PSYoungGen: 433952K->90880K(465920K)] 764940K->587940K(1864192K), 0.1076660 secs] [Times: user=0.63 sys=0.00, real=0.10 secs] 
4724.731: [GC (Allocation Failure) [PSYoungGen: 323840K->153184K(465920K)] 820900K->734299K(1864192K), 0.0605826 secs] [Times: user=0.36 sys=0.00, real=0.06 secs] 
4725.835: [GC (Allocation Failure) [PSYoungGen: 386144K->112064K(465920K)] 967259K->846463K(1864192K), 0.0767999 secs] [Times: user=0.46 sys=0.00, real=0.08 secs] 
4728.131: [GC (Allocation Failure) [PSYoungGen: 345024K->135776K(465920K)] 1079423K->972062K(1864192K), 0.0617504 secs] [Times: user=0.37 sys=0.00, real=0.06 secs] 
4729.170: [GC (Allocation Failure) [PSYoungGen: 368736K->131136K(450560K)] 1205022K->1103390K(1848832K), 0.0650288 secs] [Times: user=0.37 sys=0.01, real=0.06 secs] 
4732.311: [GC (Allocation Failure) [PSYoungGen: 364096K->160K(458240K)] 1336350K->972438K(1856512K), 0.0021280 secs] [Times: user=0.01 sys=0.00, real=0.00 secs] 
4734.310: [GC (Allocation Failure) [PSYoungGen: 233120K->147392K(465920K)] 1205398K->1119686K(1864192K), 0.0297667 secs] [Times: user=0.18 sys=0.00, real=0.03 secs] 
4736.415: [GC (Allocation Failure) [PSYoungGen: 380352K->3936K(465920K)] 1352646K->976246K(1864192K), 0.0031565 secs] [Times: user=0.01 sys=0.00, real=0.01 secs] 
4737.922: [GC (Allocation Failure) [PSYoungGen: 236896K->163264K(465920K)] 1209206K->1138736K(1864192K), 0.0837393 secs] [Times: user=0.49 sys=0.01, real=0.08 secs] 
4739.916: [GC (Allocation Failure) [PSYoungGen: 396224K->96544K(465920K)] 1371696K->1226924K(1864192K), 0.0705061 secs] [Times: user=0.42 sys=0.00, real=0.07 secs] 
4741.960: [GC (Allocation Failure) [PSYoungGen: 329504K->168576K(465920K)] 1459884K->1393614K(1864192K), 0.1201522 secs] [Times: user=0.71 sys=0.00, real=0.12 secs] 
4742.080: [Full GC (Ergonomics) [PSYoungGen: 168576K->0K(465920K)] [ParOldGen: 1225038K->197259K(1398272K)] 1393614K->197259K(1864192K), [Metaspace: 60508K->60508K(1105920K)], 0.5051600 secs] [Times: user=2.37 sys=0.01, real=0.50 secs] 
4746.580: [GC (Allocation Failure) [PSYoungGen: 232960K->89024K(465920K)] 430219K->286283K(1864192K), 0.0494374 secs] [Times: user=0.29 sys=0.00, real=0.05 secs] 
4748.833: [GC (Allocation Failure) [PSYoungGen: 315912K->161088K(465920K)] 513171K->444836K(1864192K), 0.0475822 secs] [Times: user=0.28 sys=0.00, real=0.05 secs] 
4750.722: [GC (Allocation Failure) [PSYoungGen: 394048K->98016K(465920K)] 677796K->533996K(1864192K), 0.1449175 secs] [Times: user=0.87 sys=0.00, real=0.15 secs] 
4752.971: [GC (Allocation Failure) [PSYoungGen: 330976K->164800K(465920K)] 766956K->695692K(1864192K), 0.1216478 secs] [Times: user=0.72 sys=0.00, real=0.12 secs] 
4755.160: [GC (Allocation Failure) [PSYoungGen: 395487K->92032K(465920K)] 926380K->787404K(1864192K), 0.1191478 secs] [Times: user=0.71 sys=0.00, real=0.12 secs] 
4755.915: [GC (Allocation Failure) [PSYoungGen: 324992K->173120K(465920K)] 1020364K->956353K(1864192K), 0.0572834 secs] [Times: user=0.34 sys=0.00, real=0.06 secs] 
4758.703: [GC (Allocation Failure) [PSYoungGen: 406080K->85600K(465920K)] 1189313K->1042053K(1864192K), 0.1577518 secs] [Times: user=0.93 sys=0.01, real=0.16 secs] 
4761.384: [GC (Allocation Failure) [PSYoungGen: 318560K->166976K(465920K)] 1275013K->1202850K(1864192K), 0.1570616 secs] [Times: user=0.93 sys=0.00, real=0.16 secs] 
4764.333: [GC (Allocation Failure) [PSYoungGen: 399936K->87488K(465920K)] 1435810K->1290610K(1864192K), 0.1314180 secs] [Times: user=0.79 sys=0.00, real=0.13 secs] 
4764.465: [Full GC (Ergonomics) [PSYoungGen: 87488K->0K(465920K)] [ParOldGen: 1203122K->90242K(1398272K)] 1290610K->90242K(1864192K), [Metaspace: 60508K->60508K(1105920K)], 0.2209905 secs] [Times: user=1.00 sys=0.00, real=0.22 secs] 
4766.919: [GC (Allocation Failure) [PSYoungGen: 232960K->202464K(465920K)] 323202K->292706K(1864192K), 0.0437724 secs] [Times: user=0.26 sys=0.00, real=0.04 secs] 
4770.312: [GC (Allocation Failure) [PSYoungGen: 435424K->85056K(465920K)] 525666K->344266K(1864192K), 0.1152155 secs] [Times: user=0.68 sys=0.02, real=0.12 secs] 
4772.327: [GC (Allocation Failure) [PSYoungGen: 318016K->159328K(465920K)] 577226K->496623K(1864192K), 0.0602356 secs] [Times: user=0.36 sys=0.01, real=0.06 secs] 
4774.735: [GC (Allocation Failure) [PSYoungGen: 387728K->93376K(465920K)] 725023K->589943K(1864192K), 0.1014766 secs] [Times: user=0.60 sys=0.00, real=0.10 secs] 
4776.438: [GC (Allocation Failure) [PSYoungGen: 326336K->151328K(465920K)] 822903K->734411K(1864192K), 0.0607197 secs] [Times: user=0.36 sys=0.00, real=0.06 secs] 
4777.958: [GC (Allocation Failure) [PSYoungGen: 384288K->114944K(465920K)] 967371K->849147K(1864192K), 0.0834843 secs] [Times: user=0.50 sys=0.00, real=0.08 secs] 
4779.922: [GC (Allocation Failure) [PSYoungGen: 347904K->132768K(450560K)] 1082107K->971752K(1848832K), 0.0618154 secs] [Times: user=0.36 sys=0.01, real=0.06 secs] 
4781.671: [GC (Allocation Failure) [PSYoungGen: 365728K->131744K(458240K)] 1204712K->1103624K(1856512K), 0.0748722 secs] [Times: user=0.44 sys=0.00, real=0.07 secs] 
4782.954: [GC (Allocation Failure) [PSYoungGen: 364704K->2080K(457216K)] 1336584K->973984K(1855488K), 0.0025826 secs] [Times: user=0.01 sys=0.00, real=0.00 secs] 
4784.348: [GC (Allocation Failure) [PSYoungGen: 242208K->159456K(399872K)] 1214112K->1132753K(1798144K), 0.0319868 secs] [Times: user=0.19 sys=0.00, real=0.03 secs] 
4787.946: [GC (Allocation Failure) [PSYoungGen: 399584K->14752K(465920K)] 1372881K->988129K(1864192K), 0.0045975 secs] [Times: user=0.02 sys=0.00, real=0.01 secs] 
4789.646: [GC (Allocation Failure) [PSYoungGen: 247712K->163680K(465920K)] 1221089K->1149102K(1864192K), 0.0359606 secs] [Times: user=0.21 sys=0.00, real=0.04 secs] 
4790.927: [GC (Allocation Failure) [PSYoungGen: 396640K->102560K(465920K)] 1382062K->1242298K(1864192K), 0.0996111 secs] [Times: user=0.60 sys=0.00, real=0.10 secs] 
4792.264: [GC (Allocation Failure) [PSYoungGen: 335520K->169696K(465920K)] 1475258K->1409236K(1864192K), 0.0921306 secs] [Times: user=0.55 sys=0.00, real=0.09 secs] 
4792.356: [Full GC (Ergonomics) [PSYoungGen: 169696K->0K(465920K)] [ParOldGen: 1239540K->212567K(1398272K)] 1409236K->212567K(1864192K), [Metaspace: 60511K->60511K(1105920K)], 0.5233679 secs] [Times: user=2.46 sys=0.00, real=0.53 secs] 
4795.829: [GC (Allocation Failure) [PSYoungGen: 232960K->84928K(465920K)] 445527K->297495K(1864192K), 0.1442788 secs] [Times: user=0.86 sys=0.00, real=0.14 secs] 
4797.068: [GC (Allocation Failure) [PSYoungGen: 317888K->168960K(465920K)] 530455K->462348K(1864192K), 0.0550275 secs] [Times: user=0.32 sys=0.00, real=0.05 secs] 
4799.594: [GC (Allocation Failure) [PSYoungGen: 401920K->88320K(465920K)] 695308K->550420K(1864192K), 0.1605989 secs] [Times: user=0.96 sys=0.00, real=0.16 secs] 
4800.261: [GC (Allocation Failure) [PSYoungGen: 321280K->173984K(465920K)] 783380K->718577K(1864192K), 0.0819958 secs] [Times: user=0.48 sys=0.00, real=0.08 secs] 
4803.120: [GC (Allocation Failure) [PSYoungGen: 406944K->89600K(465920K)] 951537K->808029K(1864192K), 0.1321007 secs] [Times: user=0.77 sys=0.00, real=0.13 secs] 
4804.961: [GC (Allocation Failure) [PSYoungGen: 322560K->199840K(465920K)] 1040989K->1002170K(1864192K), 0.0983109 secs] [Times: user=0.59 sys=0.00, real=0.10 secs] 
4806.894: [GC (Allocation Failure) [PSYoungGen: 430801K->92896K(465920K)] 1233131K->1061474K(1864192K), 0.1082850 secs] [Times: user=0.64 sys=0.00, real=0.11 secs] 
4809.346: [GC (Allocation Failure) [PSYoungGen: 325856K->150912K(465920K)] 1294434K->1206015K(1864192K), 0.0610034 secs] [Times: user=0.36 sys=0.00, real=0.07 secs] 
4812.174: [GC (Allocation Failure) [PSYoungGen: 383872K->101472K(465920K)] 1438975K->1307551K(1864192K), 0.0953952 secs] [Times: user=0.56 sys=0.00, real=0.10 secs] 
4812.269: [Full GC (Ergonomics) [PSYoungGen: 101472K->0K(465920K)] [ParOldGen: 1206079K->116523K(1398272K)] 1307551K->116523K(1864192K), [Metaspace: 60515K->60515K(1105920K)], 0.2682630 secs] [Times: user=1.23 sys=0.00, real=0.27 secs] 
4813.621: [GC (Allocation Failure) [PSYoungGen: 232960K->147072K(465920K)] 349483K->263595K(1864192K), 0.0544017 secs] [Times: user=0.30 sys=0.00, real=0.05 secs] 
4815.915: [GC (Allocation Failure) [PSYoungGen: 380032K->116928K(456704K)] 496555K->380439K(1854976K), 0.0938136 secs] [Times: user=0.56 sys=0.00, real=0.10 secs] 
4817.317: [GC (Allocation Failure) [PSYoungGen: 349888K->131744K(461312K)] 613399K->501331K(1859584K), 0.0620093 secs] [Times: user=0.37 sys=0.00, real=0.07 secs] 
4818.798: [GC (Allocation Failure) [PSYoungGen: 364704K->140608K(465920K)] 734291K->641803K(1864192K), 0.0674323 secs] [Times: user=0.40 sys=0.01, real=0.06 secs] 
4821.237: [GC (Allocation Failure) [PSYoungGen: 390976K->6336K(466432K)] 892171K->507583K(1864704K), 0.0027207 secs] [Times: user=0.01 sys=0.00, real=0.00 secs] 
4823.784: [GC (Allocation Failure) [PSYoungGen: 256704K->177376K(460800K)] 757951K->683228K(1859072K), 0.0366116 secs] [Times: user=0.20 sys=0.00, real=0.04 secs] 
4826.520: [GC (Allocation Failure) [PSYoungGen: 410336K->93664K(465920K)] 916188K->768468K(1864192K), 0.1173362 secs] [Times: user=0.70 sys=0.00, real=0.12 secs] 
4827.528: [GC (Allocation Failure) [PSYoungGen: 326624K->168544K(465408K)] 1001428K->934045K(1863680K), 0.0547483 secs] [Times: user=0.32 sys=0.00, real=0.05 secs] 
4830.516: [GC (Allocation Failure) [PSYoungGen: 401504K->89792K(465920K)] 1167005K->1023733K(1864192K), 0.1739892 secs] [Times: user=1.00 sys=0.01, real=0.18 secs] 
4831.291: [GC (Allocation Failure) [PSYoungGen: 322752K->171232K(465920K)] 1256693K->1191754K(1864192K), 0.0711415 secs] [Times: user=0.42 sys=0.00, real=0.07 secs] 
4834.993: [GC (Allocation Failure) [PSYoungGen: 404192K->84064K(465920K)] 1424714K->1276038K(1864192K), 0.1640822 secs] [Times: user=0.98 sys=0.01, real=0.17 secs] 
4835.157: [Full GC (Ergonomics) [PSYoungGen: 84064K->0K(465920K)] [ParOldGen: 1191974K->72831K(1398272K)] 1276038K->72831K(1864192K), [Metaspace: 60515K->60515K(1105920K)], 0.1917777 secs] [Times: user=0.88 sys=0.00, real=0.19 secs] 
4836.020: [GC (Allocation Failure) [PSYoungGen: 232960K->173920K(465920K)] 305791K->246751K(1864192K), 0.0591715 secs] [Times: user=0.35 sys=0.01, real=0.06 secs] 
4839.333: [GC (Allocation Failure) [PSYoungGen: 406880K->83808K(465920K)] 479711K->330867K(1864192K), 0.1405891 secs] [Times: user=0.84 sys=0.00, real=0.14 secs] 
4842.528: [GC (Allocation Failure) [PSYoungGen: 316768K->165312K(465920K)] 563827K->490456K(1864192K), 0.1539739 secs] [Times: user=0.92 sys=0.00, real=0.15 secs] 
4844.091: [GC (Allocation Failure) [PSYoungGen: 398272K->94752K(465920K)] 723416K->585132K(1864192K), 0.1100261 secs] [Times: user=0.66 sys=0.00, real=0.11 secs] 
4846.397: [GC (Allocation Failure) [PSYoungGen: 323168K->193856K(465920K)] 813549K->773289K(1864192K), 0.0693938 secs] [Times: user=0.42 sys=0.00, real=0.06 secs] 
4848.134: [GC (Allocation Failure) [PSYoungGen: 419759K->92768K(465920K)] 999193K->828633K(1864192K), 0.0924201 secs] [Times: user=0.55 sys=0.00, real=0.09 secs] 
4851.088: [GC (Allocation Failure) [PSYoungGen: 325728K->150368K(465920K)] 1061593K->972750K(1864192K), 0.0610283 secs] [Times: user=0.36 sys=0.00, real=0.06 secs] 
4853.003: [GC (Allocation Failure) [PSYoungGen: 383328K->110912K(465920K)] 1205710K->1083886K(1864192K), 0.0982750 secs] [Times: user=0.59 sys=0.00, real=0.10 secs] 
4854.235: [GC (Allocation Failure) [PSYoungGen: 343872K->145696K(462848K)] 1316846K->1210667K(1861120K), 0.0618585 secs] [Times: user=0.37 sys=0.00, real=0.07 secs] 
4855.758: [GC (Allocation Failure) [PSYoungGen: 378656K->137216K(370688K)] 1443627K->1347811K(1768960K), 0.0773781 secs] [Times: user=0.46 sys=0.01, real=0.07 secs] 
4855.835: [Full GC (Ergonomics) [PSYoungGen: 137216K->0K(370688K)] [ParOldGen: 1210595K->144556K(1398272K)] 1347811K->144556K(1768960K), [Metaspace: 60515K->60515K(1105920K)], 0.3371475 secs] [Times: user=1.53 sys=0.00, real=0.34 secs] 
4858.003: [GC (Allocation Failure) [PSYoungGen: 232960K->118848K(469504K)] 377516K->263404K(1867776K), 0.0413592 secs] [Times: user=0.25 sys=0.00, real=0.04 secs] 
4859.777: [GC (Allocation Failure) [PSYoungGen: 364096K->151712K(461824K)] 508652K->414980K(1860096K), 0.0636120 secs] [Times: user=0.38 sys=0.01, real=0.06 secs] 
4862.642: [GC (Allocation Failure) [PSYoungGen: 396960K->12032K(459776K)] 660228K->275340K(1858048K), 0.0043160 secs] [Times: user=0.02 sys=0.00, real=0.00 secs] 
4864.423: [GC (Allocation Failure) [PSYoungGen: 252095K->172352K(415744K)] 515404K->445845K(1814016K), 0.0364077 secs] [Times: user=0.21 sys=0.00, real=0.04 secs] 
4866.506: [GC (Allocation Failure) [PSYoungGen: 415552K->104160K(469504K)] 689045K->541421K(1867776K), 0.1813630 secs] [Times: user=1.08 sys=0.01, real=0.19 secs] 
4867.739: [GC (Allocation Failure) [PSYoungGen: 340704K->172448K(465920K)] 777965K->710254K(1864192K), 0.0535246 secs] [Times: user=0.32 sys=0.00, real=0.05 secs] 
4870.322: [GC (Allocation Failure) [PSYoungGen: 408992K->91520K(466944K)] 946798K->801734K(1865216K), 0.1574220 secs] [Times: user=0.93 sys=0.01, real=0.16 secs] 
4870.936: [GC (Allocation Failure) [PSYoungGen: 325504K->177952K(465920K)] 1035718K->969275K(1864192K), 0.0794093 secs] [Times: user=0.48 sys=0.00, real=0.08 secs] 
4872.776: [GC (Allocation Failure) [PSYoungGen: 411936K->93504K(465920K)] 1203259K->1062907K(1864192K), 0.1262937 secs] [Times: user=0.75 sys=0.00, real=0.13 secs] 
4875.675: [GC (Allocation Failure) [PSYoungGen: 324373K->194720K(465920K)] 1293777K->1252168K(1864192K), 0.0622329 secs] [Times: user=0.37 sys=0.00, real=0.07 secs] 
4877.117: [GC (Allocation Failure) [PSYoungGen: 421377K->92704K(465920K)] 1478825K->1309912K(1864192K), 0.1246606 secs] [Times: user=0.74 sys=0.01, real=0.12 secs] 
4877.241: [Full GC (Ergonomics) [PSYoungGen: 92704K->0K(465920K)] [ParOldGen: 1217208K->108295K(1398272K)] 1309912K->108295K(1864192K), [Metaspace: 60515K->60515K(1105920K)], 0.2704045 secs] [Times: user=1.25 sys=0.00, real=0.27 secs] 
4879.266: [GC (Allocation Failure) [PSYoungGen: 232960K->151808K(465920K)] 341255K->260103K(1864192K), 0.0430461 secs] [Times: user=0.25 sys=0.00, real=0.05 secs] 
4881.207: [GC (Allocation Failure) [PSYoungGen: 384768K->103744K(465920K)] 493063K->363415K(1864192K), 0.0852266 secs] [Times: user=0.50 sys=0.01, real=0.08 secs] 
4883.424: [GC (Allocation Failure) [PSYoungGen: 336704K->144576K(377856K)] 596375K->497183K(1776128K), 0.0608250 secs] [Times: user=0.36 sys=0.00, real=0.06 secs] 
4885.029: [GC (Allocation Failure) [PSYoungGen: 377536K->116224K(472064K)] 730143K->613599K(1870336K), 0.0842779 secs] [Times: user=0.50 sys=0.00, real=0.08 secs] 
4886.301: [GC (Allocation Failure) [PSYoungGen: 356864K->160K(464384K)] 854239K->497733K(1862656K), 0.0027025 secs] [Times: user=0.02 sys=0.00, real=0.00 secs] 
4887.594: [GC (Allocation Failure) [PSYoungGen: 240800K->154720K(465920K)] 738373K->652333K(1864192K), 0.0756588 secs] [Times: user=0.44 sys=0.00, real=0.08 secs] 
4890.344: [GC (Allocation Failure) [PSYoungGen: 387680K->7936K(465920K)] 885293K->505565K(1864192K), 0.0030520 secs] [Times: user=0.01 sys=0.00, real=0.01 secs] 
4891.995: [GC (Allocation Failure) [PSYoungGen: 240896K->184128K(465920K)] 738525K->688562K(1864192K), 0.0558961 secs] [Times: user=0.33 sys=0.00, real=0.06 secs] 
4894.598: [GC (Allocation Failure) [PSYoungGen: 417088K->95456K(465920K)] 921522K->759482K(1864192K), 0.1159820 secs] [Times: user=0.69 sys=0.00, real=0.11 secs] 
4897.447: [GC (Allocation Failure) [PSYoungGen: 327343K->162112K(465920K)] 991370K->919063K(1864192K), 0.0508911 secs] [Times: user=0.30 sys=0.00, real=0.06 secs] 
4899.333: [GC (Allocation Failure) [PSYoungGen: 395072K->96320K(465920K)] 1152023K->1006387K(1864192K), 0.1709062 secs] [Times: user=1.01 sys=0.00, real=0.17 secs] 
4900.893: [GC (Allocation Failure) [PSYoungGen: 329280K->164960K(465920K)] 1239347K->1167924K(1864192K), 0.0507249 secs] [Times: user=0.30 sys=0.01, real=0.05 secs] 
4903.034: [GC (Allocation Failure) [PSYoungGen: 397920K->90144K(465920K)] 1400884K->1257488K(1864192K), 0.1577487 secs] [Times: user=0.94 sys=0.00, real=0.16 secs] 
4903.192: [Full GC (Ergonomics) [PSYoungGen: 90144K->0K(465920K)] [ParOldGen: 1167344K->59269K(1398272K)] 1257488K->59269K(1864192K), [Metaspace: 60515K->60515K(1105920K)], 0.1613491 secs] [Times: user=0.74 sys=0.00, real=0.16 secs] 
4904.951: [GC (Allocation Failure) [PSYoungGen: 232960K->216608K(465920K)] 292229K->275877K(1864192K), 0.0892998 secs] [Times: user=0.53 sys=0.01, real=0.09 secs] 
4909.825: [GC (Allocation Failure) [PSYoungGen: 449568K->85824K(465920K)] 508837K->312365K(1864192K), 0.1745857 secs] [Times: user=1.03 sys=0.00, real=0.18 secs] 
4910.574: [GC (Allocation Failure) [PSYoungGen: 318784K->172640K(465920K)] 545325K->479458K(1864192K), 0.0695968 secs] [Times: user=0.42 sys=0.00, real=0.07 secs] 
4913.278: [GC (Allocation Failure) [PSYoungGen: 405600K->91104K(465920K)] 712418K->570366K(1864192K), 0.1161806 secs] [Times: user=0.69 sys=0.00, real=0.11 secs] 
4915.001: [GC (Allocation Failure) [PSYoungGen: 324064K->202784K(465920K)] 803326K->767323K(1864192K), 0.1128045 secs] [Times: user=0.67 sys=0.00, real=0.11 secs] 
4917.241: [GC (Allocation Failure) [PSYoungGen: 435744K->90976K(465920K)] 1000283K->825171K(1864192K), 0.1145010 secs] [Times: user=0.68 sys=0.00, real=0.11 secs] 
4919.677: [GC (Allocation Failure) [PSYoungGen: 323936K->152672K(465920K)] 1058131K->971534K(1864192K), 0.0605514 secs] [Times: user=0.36 sys=0.00, real=0.06 secs] 
4921.139: [GC (Allocation Failure) [PSYoungGen: 385632K->113184K(465920K)] 1204494K->1084894K(1864192K), 0.0818874 secs] [Times: user=0.49 sys=0.00, real=0.08 secs] 
4923.452: [GC (Allocation Failure) [PSYoungGen: 346144K->142848K(465920K)] 1317854K->1209291K(1864192K), 0.0619909 secs] [Times: user=0.37 sys=0.00, real=0.06 secs] 
4925.257: [GC (Allocation Failure) [PSYoungGen: 375808K->121504K(465920K)] 1442251K->1330531K(1864192K), 0.1122272 secs] [Times: user=0.66 sys=0.00, real=0.11 secs] 
4925.369: [Full GC (Ergonomics) [PSYoungGen: 121504K->0K(465920K)] [ParOldGen: 1209027K->136616K(1398272K)] 1330531K->136616K(1864192K), [Metaspace: 60517K->60517K(1105920K)], 0.3348385 secs] [Times: user=1.55 sys=0.00, real=0.33 secs] 
4927.245: [GC (Allocation Failure) [PSYoungGen: 232960K->126400K(448512K)] 369576K->263016K(1846784K), 0.0462282 secs] [Times: user=0.28 sys=0.00, real=0.05 secs] 
4929.797: [GC (Allocation Failure) [PSYoungGen: 359360K->143776K(457216K)] 495976K->406185K(1855488K), 0.0780241 secs] [Times: user=0.46 sys=0.00, real=0.07 secs] 
4931.213: [GC (Allocation Failure) [PSYoungGen: 376736K->2880K(453120K)] 639145K->265389K(1851392K), 0.0021284 secs] [Times: user=0.01 sys=0.01, real=0.00 secs] 
4933.745: [GC (Allocation Failure) [PSYoungGen: 235840K->155936K(465920K)] 498349K->419876K(1864192K), 0.0310875 secs] [Times: user=0.18 sys=0.00, real=0.03 secs] 
4934.880: [GC (Allocation Failure) [PSYoungGen: 388843K->103680K(454656K)] 652783K->514376K(1852928K), 0.0662999 secs] [Times: user=0.39 sys=0.01, real=0.06 secs] 
4936.857: [GC (Allocation Failure) [PSYoungGen: 336640K->163008K(460288K)] 747336K->675549K(1858560K), 0.0541246 secs] [Times: user=0.31 sys=0.01, real=0.05 secs] 
4938.382: [GC (Allocation Failure) [PSYoungGen: 394171K->97472K(464384K)] 906712K->763997K(1862656K), 0.1288362 secs] [Times: user=0.77 sys=0.00, real=0.13 secs] 
4940.218: [GC (Allocation Failure) [PSYoungGen: 336576K->168640K(465408K)] 1003101K->930874K(1863680K), 0.1310880 secs] [Times: user=0.78 sys=0.00, real=0.13 secs] 
4943.766: [GC (Allocation Failure) [PSYoungGen: 407744K->90848K(467968K)] 1169978K->1021850K(1866240K), 0.1781198 secs] [Times: user=1.05 sys=0.00, real=0.18 secs] 
4944.805: [GC (Allocation Failure) [PSYoungGen: 328416K->172768K(465920K)] 1259418K->1191316K(1864192K), 0.0610714 secs] [Times: user=0.36 sys=0.00, real=0.06 secs] 
4947.011: [GC (Allocation Failure) [PSYoungGen: 410336K->94848K(467456K)] 1428884K->1286068K(1865728K), 0.1552848 secs] [Times: user=0.77 sys=0.01, real=0.15 secs] 
4947.166: [Full GC (Ergonomics) [PSYoungGen: 94848K->0K(467456K)] [ParOldGen: 1191220K->84827K(1398272K)] 1286068K->84827K(1865728K), [Metaspace: 60535K->59628K(1105920K)], 0.2145830 secs] [Times: user=0.96 sys=0.00, real=0.22 secs] 
4949.200: [GC (Allocation Failure) [PSYoungGen: 234496K->170016K(465920K)] 319323K->254843K(1864192K), 0.0861947 secs] [Times: user=0.51 sys=0.00, real=0.08 secs] 
4950.674: [GC (Allocation Failure) [PSYoungGen: 404512K->93856K(466432K)] 489339K->348791K(1864704K), 0.1205349 secs] [Times: user=0.72 sys=0.00, real=0.12 secs] 
4953.109: [GC (Allocation Failure) [PSYoungGen: 327328K->154560K(465920K)] 582263K->497260K(1864192K), 0.0626706 secs] [Times: user=0.38 sys=0.00, real=0.06 secs] 
4954.980: [GC (Allocation Failure) [PSYoungGen: 388032K->100544K(455680K)] 730732K->597340K(1853952K), 0.0946473 secs] [Times: user=0.57 sys=0.00, real=0.09 secs] 
4958.177: [GC (Allocation Failure) [PSYoungGen: 334528K->147040K(460800K)] 831324K->733873K(1859072K), 0.0609908 secs] [Times: user=0.37 sys=0.00, real=0.06 secs] 
4959.636: [GC (Allocation Failure) [PSYoungGen: 381024K->117824K(453632K)] 967857K->851857K(1851904K), 0.0756639 secs] [Times: user=0.45 sys=0.00, real=0.08 secs] 
4961.999: [GC (Allocation Failure) [PSYoungGen: 365120K->96K(463872K)] 1099153K->734161K(1862144K), 0.0018401 secs] [Times: user=0.01 sys=0.00, real=0.00 secs] 
4963.378: [GC (Allocation Failure) [PSYoungGen: 247392K->162240K(462336K)] 981457K->896313K(1860608K), 0.0787867 secs] [Times: user=0.47 sys=0.00, real=0.07 secs] 
4966.049: [GC (Allocation Failure) [PSYoungGen: 395200K->10816K(465920K)] 1129273K->744905K(1864192K), 0.0044499 secs] [Times: user=0.02 sys=0.01, real=0.00 secs] 
4967.325: [GC (Allocation Failure) [PSYoungGen: 243776K->165952K(465920K)] 977865K->909562K(1864192K), 0.0481137 secs] [Times: user=0.28 sys=0.00, real=0.05 secs] 
4970.130: [GC (Allocation Failure) [PSYoungGen: 398912K->93632K(465920K)] 1142522K->995082K(1864192K), 0.0783346 secs] [Times: user=0.47 sys=0.00, real=0.08 secs] 
4971.239: [GC (Allocation Failure) [PSYoungGen: 318154K->162368K(465920K)] 1219604K->1155255K(1864192K), 0.1067060 secs] [Times: user=0.63 sys=0.01, real=0.10 secs] 
4973.253: [GC (Allocation Failure) [PSYoungGen: 395328K->95296K(465920K)] 1388215K->1242407K(1864192K), 0.1073675 secs] [Times: user=0.64 sys=0.00, real=0.11 secs] 
4973.361: [Full GC (Ergonomics) [PSYoungGen: 95296K->0K(465920K)] [ParOldGen: 1147111K->46654K(1398272K)] 1242407K->46654K(1864192K), [Metaspace: 59630K->59630K(1105920K)], 0.1020224 secs] [Times: user=0.42 sys=0.00, real=0.10 secs] 
4974.825: [GC (Allocation Failure) [PSYoungGen: 232960K->170816K(465920K)] 279614K->217470K(1864192K), 0.0511177 secs] [Times: user=0.30 sys=0.01, real=0.05 secs] 
4977.650: [GC (Allocation Failure) [PSYoungGen: 403776K->87968K(465920K)] 450430K->305574K(1864192K), 0.1408616 secs] [Times: user=0.84 sys=0.00, real=0.14 secs] 
4979.209: [GC (Allocation Failure) [PSYoungGen: 320928K->170496K(465920K)] 538534K->472631K(1864192K), 0.1288428 secs] [Times: user=0.77 sys=0.00, real=0.13 secs] 
4982.625: [GC (Allocation Failure) [PSYoungGen: 403456K->82176K(465920K)] 705591K->554975K(1864192K), 0.1526010 secs] [Times: user=0.90 sys=0.01, real=0.16 secs] 
4983.214: [GC (Allocation Failure) [PSYoungGen: 315136K->178176K(465920K)] 787935K->727436K(1864192K), 0.0610823 secs] [Times: user=0.36 sys=0.00, real=0.06 secs] 
4987.311: [GC (Allocation Failure) [PSYoungGen: 411136K->82784K(465920K)] 960396K->810480K(1864192K), 0.1411940 secs] [Times: user=0.84 sys=0.00, real=0.14 secs] 
4988.483: [GC (Allocation Failure) [PSYoungGen: 315090K->205056K(465920K)] 1042786K->1009213K(1864192K), 0.0683517 secs] [Times: user=0.41 sys=0.00, real=0.07 secs] 
4990.011: [GC (Allocation Failure) [PSYoungGen: 434129K->92928K(465920K)] 1238286K->1065549K(1864192K), 0.1097308 secs] [Times: user=0.65 sys=0.00, real=0.11 secs] 
4992.972: [GC (Allocation Failure) [PSYoungGen: 325888K->150656K(465920K)] 1298509K->1209829K(1864192K), 0.0611250 secs] [Times: user=0.36 sys=0.00, real=0.06 secs] 
4995.842: [GC (Allocation Failure) [PSYoungGen: 375692K->93056K(465920K)] 1434866K->1302941K(1864192K), 0.1039475 secs] [Times: user=0.62 sys=0.00, real=0.10 secs] 
4995.946: [Full GC (Ergonomics) [PSYoungGen: 93056K->0K(465920K)] [ParOldGen: 1209885K->108227K(1398272K)] 1302941K->108227K(1864192K), [Metaspace: 59630K->59630K(1105920K)], 0.2593104 secs] [Times: user=1.18 sys=0.00, real=0.26 secs] 
4997.759: [GC (Allocation Failure) [PSYoungGen: 232960K->150976K(465920K)] 341187K->259203K(1864192K), 0.0430172 secs] [Times: user=0.25 sys=0.00, real=0.04 secs] 
5001.290: [GC (Allocation Failure) [PSYoungGen: 383936K->102144K(465920K)] 492163K->361567K(1864192K), 0.0953523 secs] [Times: user=0.56 sys=0.00, real=0.09 secs] 
5002.550: [GC (Allocation Failure) [PSYoungGen: 335104K->145696K(465920K)] 594527K->496739K(1864192K), 0.0607044 secs] [Times: user=0.36 sys=0.00, real=0.06 secs] 
5005.653: [GC (Allocation Failure) [PSYoungGen: 378656K->116064K(349184K)] 729699K->613011K(1747456K), 0.0904979 secs] [Times: user=0.53 sys=0.00, real=0.09 secs] 
5006.863: [GC (Allocation Failure) [PSYoungGen: 349024K->131552K(464896K)] 845971K->734144K(1863168K), 0.0620365 secs] [Times: user=0.37 sys=0.00, real=0.06 secs] 
5009.139: [GC (Allocation Failure) [PSYoungGen: 372192K->148480K(457216K)] 974784K->882808K(1855488K), 0.0627160 secs] [Times: user=0.37 sys=0.00, real=0.06 secs] 
5010.339: [GC (Allocation Failure) [PSYoungGen: 389120K->8768K(460288K)] 1123448K->743156K(1858560K), 0.0040088 secs] [Times: user=0.02 sys=0.00, real=0.00 secs] 
5012.624: [GC (Allocation Failure) [PSYoungGen: 252992K->183328K(428032K)] 987380K->924305K(1826304K), 0.0370123 secs] [Times: user=0.22 sys=0.00, real=0.04 secs] 
5014.977: [GC (Allocation Failure) [PSYoungGen: 427552K->100256K(465920K)] 1168529K->1007837K(1864192K), 0.1882718 secs] [Times: user=1.12 sys=0.01, real=0.18 secs] 
5016.571: [GC (Allocation Failure) [PSYoungGen: 333216K->170944K(465920K)] 1240797K->1174862K(1864192K), 0.0534568 secs] [Times: user=0.31 sys=0.00, real=0.05 secs] 
5019.432: [GC (Allocation Failure) [PSYoungGen: 402748K->85024K(465920K)] 1406667K->1259886K(1864192K), 0.1573052 secs] [Times: user=0.85 sys=0.00, real=0.16 secs] 
5019.589: [Full GC (Ergonomics) [PSYoungGen: 85024K->0K(465920K)] [ParOldGen: 1174862K->63376K(1398272K)] 1259886K->63376K(1864192K), [Metaspace: 59692K->59692K(1105920K)], 0.1653981 secs] [Times: user=0.75 sys=0.01, real=0.16 secs] 
5020.746: [GC (Allocation Failure) [PSYoungGen: 232960K->167488K(465920K)] 296336K->230864K(1864192K), 0.0586253 secs] [Times: user=0.34 sys=0.00, real=0.06 secs] 
5025.428: [GC (Allocation Failure) [PSYoungGen: 400448K->80096K(465920K)] 463824K->310772K(1864192K), 0.1848492 secs] [Times: user=1.11 sys=0.00, real=0.18 secs] 
5026.978: [GC (Allocation Failure) [PSYoungGen: 313056K->178816K(465920K)] 543732K->483537K(1864192K), 0.1354940 secs] [Times: user=0.81 sys=0.00, real=0.13 secs] 
5030.614: [GC (Allocation Failure) [PSYoungGen: 411776K->85984K(465920K)] 716497K->569769K(1864192K), 0.1517895 secs] [Times: user=0.90 sys=0.00, real=0.15 secs] 
5031.347: [GC (Allocation Failure) [PSYoungGen: 318085K->205952K(465920K)] 801870K->769458K(1864192K), 0.0631171 secs] [Times: user=0.37 sys=0.00, real=0.06 secs] 
5032.879: [GC (Allocation Failure) [PSYoungGen: 438912K->93312K(465920K)] 1002418K->828090K(1864192K), 0.1155053 secs] [Times: user=0.69 sys=0.01, real=0.11 secs] 
5034.108: [GC (Allocation Failure) [PSYoungGen: 326272K->151488K(465920K)] 1061050K->972905K(1864192K), 0.0615950 secs] [Times: user=0.37 sys=0.00, real=0.06 secs] 
5035.569: [GC (Allocation Failure) [PSYoungGen: 384448K->111648K(465920K)] 1205865K->1084257K(1864192K), 0.0917562 secs] [Times: user=0.55 sys=0.00, real=0.09 secs] 
5037.910: [GC (Allocation Failure) [PSYoungGen: 344608K->136032K(465920K)] 1317217K->1210222K(1864192K), 0.0627487 secs] [Times: user=0.37 sys=0.00, real=0.06 secs] 
5040.949: [GC (Allocation Failure) [PSYoungGen: 368992K->124064K(447488K)] 1443182K->1334014K(1845760K), 0.0758182 secs] [Times: user=0.45 sys=0.00, real=0.07 secs] 
5041.025: [Full GC (Ergonomics) [PSYoungGen: 124064K->0K(447488K)] [ParOldGen: 1209950K->139188K(1398272K)] 1334014K->139188K(1845760K), [Metaspace: 59692K->59692K(1105920K)], 0.3191406 secs] [Times: user=1.45 sys=0.00, real=0.32 secs] 
5042.643: [GC (Allocation Failure) [PSYoungGen: 232960K->123680K(456704K)] 372148K->262868K(1854976K), 0.0446499 secs] [Times: user=0.27 sys=0.00, real=0.05 secs] 
5044.161: [GC (Allocation Failure) [PSYoungGen: 356640K->143968K(469504K)] 495828K->406892K(1867776K), 0.1640472 secs] [Times: user=0.98 sys=0.00, real=0.16 secs] 
5046.610: [GC (Allocation Failure) [PSYoungGen: 404064K->18560K(472576K)] 666988K->281508K(1870848K), 0.0058825 secs] [Times: user=0.03 sys=0.00, real=0.00 secs] 
5048.859: [GC (Allocation Failure) [PSYoungGen: 278656K->181472K(456192K)] 541604K->460345K(1854464K), 0.0412710 secs] [Times: user=0.24 sys=0.00, real=0.04 secs] 
5050.923: [GC (Allocation Failure) [PSYoungGen: 414432K->96608K(465920K)] 693305K->556217K(1864192K), 0.1510293 secs] [Times: user=0.90 sys=0.00, real=0.15 secs] 
5052.074: [GC (Allocation Failure) [PSYoungGen: 329568K->170368K(462848K)] 789177K->716666K(1861120K), 0.0570901 secs] [Times: user=0.34 sys=0.00, real=0.06 secs] 
5053.770: [GC (Allocation Failure) [PSYoungGen: 403328K->93248K(465920K)] 949626K->809538K(1864192K), 0.1191079 secs] [Times: user=0.71 sys=0.00, real=0.12 secs] 
5054.861: [GC (Allocation Failure) [PSYoungGen: 326208K->173792K(464384K)] 1042498K->977135K(1862656K), 0.1430635 secs] [Times: user=0.85 sys=0.00, real=0.14 secs] 
5056.843: [GC (Allocation Failure) [PSYoungGen: 406752K->92576K(465920K)] 1210095K->1069503K(1864192K), 0.1212051 secs] [Times: user=0.72 sys=0.00, real=0.12 secs] 
5060.040: [GC (Allocation Failure) [PSYoungGen: 325536K->152992K(465920K)] 1302463K->1216048K(1864192K), 0.0612735 secs] [Times: user=0.37 sys=0.00, real=0.06 secs] 
5060.973: [GC (Allocation Failure) [PSYoungGen: 385952K->104064K(337408K)] 1449008K->1320304K(1735680K), 0.1008962 secs] [Times: user=0.51 sys=0.00, real=0.10 secs] 
5061.074: [Full GC (Ergonomics) [PSYoungGen: 104064K->0K(337408K)] [ParOldGen: 1216240K->119154K(1398272K)] 1320304K->119154K(1735680K), [Metaspace: 59692K->59692K(1105920K)], 0.2679602 secs] [Times: user=1.16 sys=0.01, real=0.27 secs] 
5064.065: [GC (Allocation Failure) [PSYoungGen: 232960K->144000K(463360K)] 352114K->263154K(1861632K), 0.0512989 secs] [Times: user=0.30 sys=0.01, real=0.05 secs] 
5066.234: [GC (Allocation Failure) [PSYoungGen: 380032K->119456K(460288K)] 499186K->382562K(1858560K), 0.0938341 secs] [Times: user=0.56 sys=0.00, real=0.10 secs] 
5067.465: [GC (Allocation Failure) [PSYoungGen: 355488K->128512K(466432K)] 618594K->500545K(1864704K), 0.0617875 secs] [Times: user=0.37 sys=0.00, real=0.07 secs] 
5068.549: [GC (Allocation Failure) [PSYoungGen: 384000K->164992K(462848K)] 756033K->665713K(1861120K), 0.0764233 secs] [Times: user=0.45 sys=0.00, real=0.07 secs] 
5071.765: [GC (Allocation Failure) [PSYoungGen: 420480K->26816K(465920K)] 921201K->527589K(1864192K), 0.0202810 secs] [Times: user=0.11 sys=0.00, real=0.02 secs] 
5073.299: [GC (Allocation Failure) [PSYoungGen: 279232K->179488K(432128K)] 780005K->703450K(1830400K), 0.0430588 secs] [Times: user=0.26 sys=0.00, real=0.04 secs] 
5076.101: [GC (Allocation Failure) [PSYoungGen: 431904K->105888K(471552K)] 955866K->809066K(1869824K), 0.1427036 secs] [Times: user=0.85 sys=0.00, real=0.14 secs] 
5077.241: [GC (Allocation Failure) [PSYoungGen: 344480K->208192K(465920K)] 1047658K->1011151K(1864192K), 0.1015157 secs] [Times: user=0.61 sys=0.00, real=0.10 secs] 
5079.097: [GC (Allocation Failure) [PSYoungGen: 446784K->104832K(465920K)] 1249743K->1082607K(1864192K), 0.1110437 secs] [Times: user=0.66 sys=0.00, real=0.11 secs] 
5081.839: [GC (Allocation Failure) [PSYoungGen: 337792K->150944K(465920K)] 1315567K->1215299K(1864192K), 0.0612688 secs] [Times: user=0.36 sys=0.00, real=0.06 secs] 
5083.063: [GC (Allocation Failure) [PSYoungGen: 383904K->113984K(460800K)] 1448259K->1329371K(1859072K), 0.0810459 secs] [Times: user=0.48 sys=0.00, real=0.08 secs] 
5083.144: [Full GC (Ergonomics) [PSYoungGen: 113984K->0K(460800K)] [ParOldGen: 1215387K->129070K(1398272K)] 1329371K->129070K(1859072K), [Metaspace: 59692K->59692K(1105920K)], 0.2990575 secs] [Times: user=1.36 sys=0.00, real=0.30 secs] 
5085.466: [GC (Allocation Failure) [PSYoungGen: 232960K->134496K(367616K)] 362030K->263566K(1765888K), 0.0495610 secs] [Times: user=0.30 sys=0.00, real=0.05 secs] 
5088.856: [GC (Allocation Failure) [PSYoungGen: 367456K->125056K(471040K)] 496526K->388102K(1869312K), 0.0815538 secs] [Times: user=0.48 sys=0.00, real=0.09 secs] 
5090.139: [GC (Allocation Failure) [PSYoungGen: 373888K->3168K(462848K)] 636934K->266322K(1861120K), 0.0021226 secs] [Times: user=0.01 sys=0.00, real=0.00 secs] 
5093.100: [GC (Allocation Failure) [PSYoungGen: 252000K->166624K(459776K)] 515154K->431443K(1858048K), 0.0328453 secs] [Times: user=0.19 sys=0.00, real=0.03 secs] 
5094.945: [GC (Allocation Failure) [PSYoungGen: 399584K->99808K(465920K)] 664403K->522663K(1864192K), 0.1000692 secs] [Times: user=0.60 sys=0.00, real=0.10 secs] 
5097.897: [GC (Allocation Failure) [PSYoungGen: 328730K->164544K(459776K)] 751585K->684220K(1858048K), 0.0527589 secs] [Times: user=0.30 sys=0.00, real=0.05 secs] 
5099.857: [GC (Allocation Failure) [PSYoungGen: 397504K->97280K(465920K)] 917180K->772788K(1864192K), 0.1604950 secs] [Times: user=0.96 sys=0.00, real=0.16 secs] 
5101.836: [GC (Allocation Failure) [PSYoungGen: 330240K->165664K(460288K)] 1005748K->934305K(1858560K), 0.0515579 secs] [Times: user=0.30 sys=0.01, real=0.06 secs] 
5103.488: [GC (Allocation Failure) [PSYoungGen: 399136K->96512K(465920K)] 1167777K->1030073K(1864192K), 0.1412325 secs] [Times: user=0.85 sys=0.00, real=0.14 secs] 
5104.108: [GC (Allocation Failure) [PSYoungGen: 329984K->175840K(459776K)] 1263545K->1200278K(1858048K), 0.0820893 secs] [Times: user=0.48 sys=0.00, real=0.08 secs] 
5107.471: [GC (Allocation Failure) [PSYoungGen: 408800K->84256K(465920K)] 1433238K->1284614K(1864192K), 0.1353722 secs] [Times: user=0.80 sys=0.00, real=0.13 secs] 
5107.606: [Full GC (Ergonomics) [PSYoungGen: 84256K->0K(465920K)] [ParOldGen: 1200358K->82375K(1398272K)] 1284614K->82375K(1864192K), [Metaspace: 59692K->59692K(1105920K)], 0.2052490 secs] [Times: user=0.93 sys=0.00, real=0.21 secs] 
5108.709: [GC (Allocation Failure) [PSYoungGen: 232960K->170176K(465920K)] 315335K->252551K(1864192K), 0.1080988 secs] [Times: user=0.64 sys=0.00, real=0.11 secs] 
5110.864: [GC (Allocation Failure) [PSYoungGen: 403136K->87872K(465920K)] 485511K->340335K(1864192K), 0.1240889 secs] [Times: user=0.74 sys=0.00, real=0.13 secs] 
5112.866: [GC (Allocation Failure) [PSYoungGen: 320832K->204288K(465920K)] 573295K->538924K(1864192K), 0.0611040 secs] [Times: user=0.36 sys=0.00, real=0.07 secs] 
5115.010: [GC (Allocation Failure) [PSYoungGen: 431968K->92512K(465920K)] 766605K->590268K(1864192K), 0.1034432 secs] [Times: user=0.61 sys=0.00, real=0.10 secs] 
5117.715: [GC (Allocation Failure) [PSYoungGen: 325472K->151648K(465920K)] 823228K->735931K(1864192K), 0.0610807 secs] [Times: user=0.36 sys=0.00, real=0.06 secs] 
5119.520: [GC (Allocation Failure) [PSYoungGen: 384608K->101792K(465920K)] 968891K->837259K(1864192K), 0.0940553 secs] [Times: user=0.56 sys=0.00, real=0.09 secs] 
5121.477: [GC (Allocation Failure) [PSYoungGen: 334752K->145984K(465920K)] 1070219K->972888K(1864192K), 0.0609710 secs] [Times: user=0.36 sys=0.00, real=0.06 secs] 
5123.237: [GC (Allocation Failure) [PSYoungGen: 378944K->120416K(353792K)] 1205848K->1093312K(1752064K), 0.0741913 secs] [Times: user=0.44 sys=0.00, real=0.07 secs] 
5124.442: [GC (Allocation Failure) [PSYoungGen: 353376K->127808K(467968K)] 1326272K->1210449K(1866240K), 0.0626437 secs] [Times: user=0.37 sys=0.00, real=0.06 secs] 
5125.658: [GC (Allocation Failure) [PSYoungGen: 370496K->154464K(458240K)] 1453137K->1365137K(1856512K), 0.0608177 secs] [Times: user=0.36 sys=0.00, real=0.06 secs] 
5125.719: [Full GC (Ergonomics) [PSYoungGen: 154464K->0K(458240K)] [ParOldGen: 1210673K->169903K(1398272K)] 1365137K->169903K(1856512K), [Metaspace: 59692K->59692K(1105920K)], 0.3951606 secs] [Times: user=1.81 sys=0.00, real=0.39 secs] 
5128.225: [GC (Allocation Failure) [PSYoungGen: 242688K->104512K(478720K)] 412591K->274415K(1876992K), 0.0372276 secs] [Times: user=0.22 sys=0.00, real=0.04 secs] 
5129.426: [GC (Allocation Failure) [PSYoungGen: 366656K->201568K(463872K)] 536559K->474654K(1862144K), 0.0633772 secs] [Times: user=0.38 sys=0.00, real=0.07 secs] 
5133.010: [GC (Allocation Failure) [PSYoungGen: 463712K->109376K(472576K)] 736798K->567450K(1870848K), 0.1508561 secs] [Times: user=0.90 sys=0.00, real=0.15 secs] 
5134.599: [GC (Allocation Failure) [PSYoungGen: 350528K->176192K(417792K)] 808602K->738175K(1816064K), 0.1701627 secs] [Times: user=1.01 sys=0.00, real=0.17 secs] 
5136.575: [GC (Allocation Failure) [PSYoungGen: 417344K->95488K(468480K)] 979327K->833695K(1866752K), 0.0913452 secs] [Times: user=0.54 sys=0.00, real=0.09 secs] 
5138.610: [GC (Allocation Failure) [PSYoungGen: 331008K->150720K(386560K)] 1069215K->977654K(1784832K), 0.0619977 secs] [Times: user=0.37 sys=0.00, real=0.06 secs] 
5139.612: [GC (Allocation Failure) [PSYoungGen: 386240K->113952K(468480K)] 1213174K->1091726K(1866752K), 0.0854396 secs] [Times: user=0.51 sys=0.00, real=0.09 secs] 
5141.623: [GC (Allocation Failure) [PSYoungGen: 355104K->134048K(462848K)] 1332878K->1215587K(1861120K), 0.0623814 secs] [Times: user=0.37 sys=0.00, real=0.06 secs] 
5143.165: [GC (Allocation Failure) [PSYoungGen: 375200K->144928K(466432K)] 1456739K->1360251K(1864704K), 0.0868983 secs] [Times: user=0.49 sys=0.00, real=0.09 secs] 
5143.252: [Full GC (Ergonomics) [PSYoungGen: 144928K->0K(466432K)] [ParOldGen: 1215323K->160424K(1398272K)] 1360251K->160424K(1864704K), [Metaspace: 59727K->59727K(1105920K)], 0.3678639 secs] [Times: user=1.61 sys=0.00, real=0.37 secs] 
5145.509: [GC (Allocation Failure) [PSYoungGen: 253440K->113920K(462848K)] 413864K->274344K(1861120K), 0.0398425 secs] [Times: user=0.24 sys=0.00, real=0.04 secs] 
5148.476: [GC (Allocation Failure) [PSYoungGen: 361675K->173728K(473600K)] 522099K->445420K(1871872K), 0.0601794 secs] [Times: user=0.36 sys=0.00, real=0.06 secs] 
5150.258: [GC (Allocation Failure) [PSYoungGen: 442016K->122176K(481792K)] 713708K->558828K(1880064K), 0.1895667 secs] [Times: user=1.13 sys=0.00, real=0.19 secs] 
5152.363: [GC (Allocation Failure) [PSYoungGen: 389003K->208352K(441344K)] 825655K->775881K(1839616K), 0.0756198 secs] [Times: user=0.43 sys=0.01, real=0.08 secs] 
5155.267: [GC (Allocation Failure) [PSYoungGen: 441312K->89504K(465920K)] 1008841K->828873K(1864192K), 0.1176696 secs] [Times: user=0.70 sys=0.00, real=0.11 secs] 
5157.094: [GC (Allocation Failure) [PSYoungGen: 322464K->154688K(465920K)] 1061833K->976846K(1864192K), 0.0606497 secs] [Times: user=0.36 sys=0.00, real=0.06 secs] 
5158.113: [GC (Allocation Failure) [PSYoungGen: 387648K->108320K(465920K)] 1209806K->1085390K(1864192K), 0.0927117 secs] [Times: user=0.55 sys=0.01, real=0.09 secs] 
5161.682: [GC (Allocation Failure) [PSYoungGen: 341280K->139776K(465920K)] 1318350K->1214715K(1864192K), 0.0623766 secs] [Times: user=0.37 sys=0.00, real=0.06 secs] 
5163.345: [GC (Allocation Failure) [PSYoungGen: 372736K->124704K(465920K)] 1447675K->1339131K(1864192K), 0.0715849 secs] [Times: user=0.42 sys=0.00, real=0.08 secs] 
5163.417: [Full GC (Ergonomics) [PSYoungGen: 124704K->0K(465920K)] [ParOldGen: 1214427K->140211K(1398272K)] 1339131K->140211K(1864192K), [Metaspace: 59728K->59728K(1105920K)], 0.3241055 secs] [Times: user=1.47 sys=0.00, real=0.32 secs] 
5165.223: [GC (Allocation Failure) [PSYoungGen: 232960K->123872K(465920K)] 373171K->264083K(1864192K), 0.0418990 secs] [Times: user=0.24 sys=0.00, real=0.04 secs] 
5168.040: [GC (Allocation Failure) [PSYoungGen: 356832K->135488K(368640K)] 497043K->398971K(1766912K), 0.0690387 secs] [Times: user=0.41 sys=0.00, real=0.07 secs] 
5170.206: [GC (Allocation Failure) [PSYoungGen: 368448K->2432K(454656K)] 631931K->266015K(1852928K), 0.0018974 secs] [Times: user=0.01 sys=0.00, real=0.01 secs] 
5171.057: [GC (Allocation Failure) [PSYoungGen: 229760K->153824K(460288K)] 493343K->419093K(1858560K), 0.0309678 secs] [Times: user=0.18 sys=0.00, real=0.03 secs] 
5173.424: [GC (Allocation Failure) [PSYoungGen: 381152K->95488K(465920K)] 646421K->506433K(1864192K), 0.0663345 secs] [Times: user=0.40 sys=0.00, real=0.07 secs] 
5174.786: [GC (Allocation Failure) [PSYoungGen: 328448K->161344K(465920K)] 739393K->667058K(1864192K), 0.0787752 secs] [Times: user=0.47 sys=0.00, real=0.08 secs] 
5177.686: [GC (Allocation Failure) [PSYoungGen: 394220K->96448K(464896K)] 899935K->755026K(1863168K), 0.0689590 secs] [Times: user=0.41 sys=0.00, real=0.07 secs] 
5178.687: [GC (Allocation Failure) [PSYoungGen: 329408K->167936K(465408K)] 987986K->921331K(1863680K), 0.0530190 secs] [Times: user=0.31 sys=0.00, real=0.06 secs] 
5180.640: [GC (Allocation Failure) [PSYoungGen: 400896K->94432K(465920K)] 1154291K->1006895K(1864192K), 0.1281275 secs] [Times: user=0.75 sys=0.02, real=0.13 secs] 
5182.215: [GC (Allocation Failure) [PSYoungGen: 327392K->183552K(465920K)] 1239855K->1187073K(1864192K), 0.0791629 secs] [Times: user=0.48 sys=0.00, real=0.08 secs] 
5185.500: [GC (Allocation Failure) [PSYoungGen: 416512K->87552K(465920K)] 1420033K->1258289K(1864192K), 0.1211125 secs] [Times: user=0.72 sys=0.00, real=0.12 secs] 
5185.621: [Full GC (Ergonomics) [PSYoungGen: 87552K->0K(465920K)] [ParOldGen: 1170737K->54649K(1398272K)] 1258289K->54649K(1864192K), [Metaspace: 59728K->59728K(1105920K)], 0.1304633 secs] [Times: user=0.56 sys=0.00, real=0.13 secs] 
5186.517: [GC (Allocation Failure) [PSYoungGen: 232960K->169664K(465920K)] 287609K->224313K(1864192K), 0.0357204 secs] [Times: user=0.21 sys=0.00, real=0.04 secs] 
5189.048: [GC (Allocation Failure) [PSYoungGen: 402624K->88576K(465920K)] 457273K->312793K(1864192K), 0.1629442 secs] [Times: user=0.97 sys=0.00, real=0.16 secs] 
5190.401: [GC (Allocation Failure) [PSYoungGen: 321536K->173024K(465920K)] 545753K->480455K(1864192K), 0.1348891 secs] [Times: user=0.80 sys=0.00, real=0.13 secs] 
5193.567: [GC (Allocation Failure) [PSYoungGen: 405984K->86304K(465920K)] 713415K->566927K(1864192K), 0.1335962 secs] [Times: user=0.79 sys=0.01, real=0.13 secs] 
5194.609: [GC (Allocation Failure) [PSYoungGen: 319264K->206720K(465920K)] 799887K->767548K(1864192K), 0.1088686 secs] [Times: user=0.65 sys=0.00, real=0.11 secs] 
5197.223: [GC (Allocation Failure) [PSYoungGen: 439680K->87712K(465920K)] 1000508K->822488K(1864192K), 0.1060718 secs] [Times: user=0.63 sys=0.00, real=0.11 secs] 
5199.357: [GC (Allocation Failure) [PSYoungGen: 320672K->155936K(465920K)] 1055448K->971887K(1864192K), 0.0607101 secs] [Times: user=0.36 sys=0.00, real=0.06 secs] 
5201.651: [GC (Allocation Failure) [PSYoungGen: 382290K->93216K(465920K)] 1198242K->1065367K(1864192K), 0.1008597 secs] [Times: user=0.60 sys=0.01, real=0.10 secs] 
5202.900: [GC (Allocation Failure) [PSYoungGen: 326176K->150816K(465920K)] 1298327K->1209546K(1864192K), 0.0613332 secs] [Times: user=0.37 sys=0.00, real=0.06 secs] 
5204.871: [GC (Allocation Failure) [PSYoungGen: 383776K->106528K(465920K)] 1442506K->1316346K(1864192K), 0.0970809 secs] [Times: user=0.57 sys=0.00, real=0.10 secs] 
5204.968: [Full GC (Ergonomics) [PSYoungGen: 106528K->0K(465920K)] [ParOldGen: 1209818K->121583K(1398272K)] 1316346K->121583K(1864192K), [Metaspace: 59728K->59728K(1105920K)], 0.2819581 secs] [Times: user=1.29 sys=0.00, real=0.28 secs] 
5206.336: [GC (Allocation Failure) [PSYoungGen: 232960K->141344K(374784K)] 354543K->262927K(1773056K), 0.0522446 secs] [Times: user=0.31 sys=0.00, real=0.06 secs] 
5208.558: [GC (Allocation Failure) [PSYoungGen: 374304K->125248K(472576K)] 495887K->388523K(1870848K), 0.0920213 secs] [Times: user=0.55 sys=0.00, real=0.09 secs] 
5209.847: [GC (Allocation Failure) [PSYoungGen: 367424K->2080K(463360K)] 630699K->265411K(1861632K), 0.0018655 secs] [Times: user=0.01 sys=0.00, real=0.00 secs] 
5211.849: [GC (Allocation Failure) [PSYoungGen: 244256K->156864K(465920K)] 507587K->421243K(1864192K), 0.0313484 secs] [Times: user=0.18 sys=0.00, real=0.03 secs] 
5213.580: [GC (Allocation Failure) [PSYoungGen: 389824K->13696K(465920K)] 654203K->278176K(1864192K), 0.0039415 secs] [Times: user=0.02 sys=0.00, real=0.00 secs] 
5215.201: [GC (Allocation Failure) [PSYoungGen: 246656K->167840K(465920K)] 511136K->444632K(1864192K), 0.0537493 secs] [Times: user=0.31 sys=0.00, real=0.05 secs] 
5217.698: [GC (Allocation Failure) [PSYoungGen: 400800K->94016K(465920K)] 677592K->530444K(1864192K), 0.1313910 secs] [Times: user=0.78 sys=0.00, real=0.13 secs] 
5219.852: [GC (Allocation Failure) [PSYoungGen: 311908K->159616K(465920K)] 748337K->686346K(1864192K), 0.0497245 secs] [Times: user=0.29 sys=0.00, real=0.05 secs] 
5221.907: [GC (Allocation Failure) [PSYoungGen: 392576K->92192K(465920K)] 919306K->770218K(1864192K), 0.0835583 secs] [Times: user=0.50 sys=0.00, real=0.08 secs] 
5224.633: [GC (Allocation Failure) [PSYoungGen: 309383K->158688K(465920K)] 987410K->925195K(1864192K), 0.0491671 secs] [Times: user=0.29 sys=0.00, real=0.05 secs] 
5226.374: [GC (Allocation Failure) [PSYoungGen: 391648K->94624K(465920K)] 1158155K->1011435K(1864192K), 0.1148043 secs] [Times: user=0.68 sys=0.00, real=0.12 secs] 
5228.610: [GC (Allocation Failure) [PSYoungGen: 327584K->166080K(465920K)] 1244395K->1174684K(1864192K), 0.1388526 secs] [Times: user=0.82 sys=0.01, real=0.14 secs] 
5230.582: [GC (Allocation Failure) [PSYoungGen: 399040K->90976K(465920K)] 1407644K->1265700K(1864192K), 0.1071753 secs] [Times: user=0.63 sys=0.01, real=0.11 secs] 
5230.689: [Full GC (Ergonomics) [PSYoungGen: 90976K->0K(465920K)] [ParOldGen: 1174724K->59779K(1398272K)] 1265700K->59779K(1864192K), [Metaspace: 59728K->59728K(1105920K)], 0.1806649 secs] [Times: user=0.81 sys=0.00, real=0.18 secs] 
5231.817: [GC (Allocation Failure) [PSYoungGen: 232960K->168320K(465920K)] 292739K->228099K(1864192K), 0.0681995 secs] [Times: user=0.41 sys=0.00, real=0.06 secs] 
5234.102: [GC (Allocation Failure) [PSYoungGen: 401280K->85472K(465920K)] 461059K->313419K(1864192K), 0.1290944 secs] [Times: user=0.76 sys=0.01, real=0.13 secs] 
5235.449: [GC (Allocation Failure) [PSYoungGen: 318432K->170624K(465920K)] 546379K->478476K(1864192K), 0.1486052 secs] [Times: user=0.81 sys=0.01, real=0.15 secs] 
5238.435: [GC (Allocation Failure) [PSYoungGen: 403584K->87808K(465920K)] 711436K->565764K(1864192K), 0.1508301 secs] [Times: user=0.90 sys=0.00, real=0.15 secs] 
5239.555: [GC (Allocation Failure) [PSYoungGen: 318759K->207744K(465920K)] 796715K->767365K(1864192K), 0.0631099 secs] [Times: user=0.37 sys=0.00, real=0.07 secs] 
5242.124: [GC (Allocation Failure) [PSYoungGen: 440704K->86752K(465920K)] 1000325K->819533K(1864192K), 0.1283472 secs] [Times: user=0.76 sys=0.00, real=0.13 secs] 
5243.383: [GC (Allocation Failure) [PSYoungGen: 319712K->157248K(465920K)] 1052493K->970094K(1864192K), 0.0601703 secs] [Times: user=0.36 sys=0.00, real=0.06 secs] 
5246.051: [GC (Allocation Failure) [PSYoungGen: 390208K->101568K(465920K)] 1203054K->1071502K(1864192K), 0.0976188 secs] [Times: user=0.57 sys=0.01, real=0.10 secs] 
5247.669: [GC (Allocation Failure) [PSYoungGen: 334528K->146368K(465920K)] 1304462K->1207039K(1864192K), 0.0608993 secs] [Times: user=0.36 sys=0.00, real=0.06 secs] 
5248.600: [GC (Allocation Failure) [PSYoungGen: 379328K->123392K(356864K)] 1439999K->1330663K(1755136K), 0.0739483 secs] [Times: user=0.44 sys=0.00, real=0.07 secs] 
5248.674: [Full GC (Ergonomics) [PSYoungGen: 123392K->0K(356864K)] [ParOldGen: 1207271K->137444K(1398272K)] 1330663K->137444K(1755136K), [Metaspace: 59728K->59728K(1105920K)], 0.3189919 secs] [Times: user=1.46 sys=0.00, real=0.32 secs] 
5251.551: [GC (Allocation Failure) [PSYoungGen: 232960K->124448K(472064K)] 370404K->261892K(1870336K), 0.0429791 secs] [Times: user=0.25 sys=0.00, real=0.04 secs] 
5252.979: [GC (Allocation Failure) [PSYoungGen: 367136K->147840K(462336K)] 504580K->409980K(1860608K), 0.0644957 secs] [Times: user=0.38 sys=0.00, real=0.06 secs] 
5255.501: [GC (Allocation Failure) [PSYoungGen: 390528K->8320K(456192K)] 652668K->270508K(1854464K), 0.0033095 secs] [Times: user=0.01 sys=0.00, real=0.00 secs] 
5256.587: [GC (Allocation Failure) [PSYoungGen: 246400K->171360K(409600K)] 508588K->440553K(1807872K), 0.0349572 secs] [Times: user=0.21 sys=0.00, real=0.03 secs] 
5259.029: [GC (Allocation Failure) [PSYoungGen: 409440K->98144K(467968K)] 678633K->530201K(1866240K), 0.1058428 secs] [Times: user=0.63 sys=0.00, real=0.10 secs] 
5260.303: [GC (Allocation Failure) [PSYoungGen: 333152K->169632K(465920K)] 765209K->696566K(1864192K), 0.0837367 secs] [Times: user=0.50 sys=0.00, real=0.09 secs] 
5263.813: [GC (Allocation Failure) [PSYoungGen: 404640K->91168K(465920K)] 931574K->787406K(1864192K), 0.1722950 secs] [Times: user=1.02 sys=0.00, real=0.17 secs] 
5264.646: [GC (Allocation Failure) [PSYoungGen: 324128K->168864K(465920K)] 1020366K->952783K(1864192K), 0.0571279 secs] [Times: user=0.34 sys=0.00, real=0.06 secs] 
5267.221: [GC (Allocation Failure) [PSYoungGen: 401824K->85472K(465920K)] 1185743K->1038355K(1864192K), 0.1568995 secs] [Times: user=0.93 sys=0.01, real=0.16 secs] 
5268.483: [GC (Allocation Failure) [PSYoungGen: 318432K->169600K(465920K)] 1271315K->1202500K(1864192K), 0.1363951 secs] [Times: user=0.79 sys=0.01, real=0.14 secs] 
5271.193: [GC (Allocation Failure) [PSYoungGen: 402560K->89504K(465920K)] 1435460K->1291844K(1864192K), 0.1337445 secs] [Times: user=0.79 sys=0.01, real=0.14 secs] 
5271.327: [Full GC (Ergonomics) [PSYoungGen: 89504K->0K(465920K)] [ParOldGen: 1202340K->89177K(1398272K)] 1291844K->89177K(1864192K), [Metaspace: 59728K->59728K(1105920K)], 0.2237505 secs] [Times: user=1.01 sys=0.00, real=0.22 secs] 
5272.662: [GC (Allocation Failure) [PSYoungGen: 232960K->205728K(465920K)] 322137K->294905K(1864192K), 0.0377548 secs] [Times: user=0.22 sys=0.01, real=0.04 secs] 
5275.653: [GC (Allocation Failure) [PSYoungGen: 438688K->93024K(465920K)] 527865K->350609K(1864192K), 0.1087100 secs] [Times: user=0.64 sys=0.00, real=0.11 secs] 
5277.650: [GC (Allocation Failure) [PSYoungGen: 325984K->151296K(465920K)] 583569K->495398K(1864192K), 0.0606778 secs] [Times: user=0.37 sys=0.00, real=0.06 secs] 
5279.591: [GC (Allocation Failure) [PSYoungGen: 384256K->106368K(465920K)] 728358K->601606K(1864192K), 0.0908915 secs] [Times: user=0.54 sys=0.00, real=0.09 secs] 
5280.874: [GC (Allocation Failure) [PSYoungGen: 339328K->141920K(465920K)] 834566K->732565K(1864192K), 0.0612415 secs] [Times: user=0.36 sys=0.00, real=0.06 secs] 
5282.788: [GC (Allocation Failure) [PSYoungGen: 374880K->123936K(446464K)] 965525K->856589K(1844736K), 0.0787880 secs] [Times: user=0.46 sys=0.00, real=0.07 secs] 
5283.994: [GC (Allocation Failure) [PSYoungGen: 356896K->123648K(456192K)] 1089549K->969945K(1854464K), 0.0627148 secs] [Times: user=0.38 sys=0.00, real=0.06 secs] 
5285.977: [GC (Allocation Failure) [PSYoungGen: 356608K->146464K(471552K)] 1202905K->1116561K(1869824K), 0.0609940 secs] [Times: user=0.36 sys=0.00, real=0.07 secs] 
5287.288: [GC (Allocation Failure) [PSYoungGen: 407584K->23104K(474112K)] 1377681K->993217K(1872384K), 0.0060569 secs] [Times: user=0.03 sys=0.00, real=0.00 secs] 
5288.720: [GC (Allocation Failure) [PSYoungGen: 284224K->180128K(455680K)] 1254337K->1170725K(1853952K), 0.0431031 secs] [Times: user=0.25 sys=0.00, real=0.04 secs] 
5290.215: [GC (Allocation Failure) [PSYoungGen: 413088K->95264K(465920K)] 1403685K->1264989K(1864192K), 0.1553263 secs] [Times: user=0.92 sys=0.00, real=0.16 secs] 
5290.371: [Full GC (Ergonomics) [PSYoungGen: 95264K->0K(465920K)] [ParOldGen: 1169725K->70670K(1398272K)] 1264989K->70670K(1864192K), [Metaspace: 59728K->59728K(1105920K)], 0.1853117 secs] [Times: user=0.85 sys=0.00, real=0.18 secs] 
5292.286: [GC (Allocation Failure) [PSYoungGen: 232960K->185312K(462336K)] 303630K->255982K(1860608K), 0.0839761 secs] [Times: user=0.50 sys=0.00, real=0.09 secs] 
5294.337: [GC (Allocation Failure) [PSYoungGen: 418272K->92800K(465920K)] 488942K->332486K(1864192K), 0.1383789 secs] [Times: user=0.83 sys=0.00, real=0.13 secs] 
5296.304: [GC (Allocation Failure) [PSYoungGen: 325760K->168800K(465920K)] 565446K->495975K(1864192K), 0.1506596 secs] [Times: user=0.90 sys=0.00, real=0.15 secs] 
5298.569: [GC (Allocation Failure) [PSYoungGen: 401760K->87520K(465920K)] 728935K->583439K(1864192K), 0.1035711 secs] [Times: user=0.62 sys=0.00, real=0.10 secs] 
5302.645: [GC (Allocation Failure) [PSYoungGen: 318821K->193472K(465920K)] 814740K->770772K(1864192K), 0.0679713 secs] [Times: user=0.40 sys=0.00, real=0.07 secs] 
5303.388: [GC (Allocation Failure) [PSYoungGen: 426432K->105696K(465920K)] 1003732K->839788K(1864192K), 0.0969606 secs] [Times: user=0.57 sys=0.00, real=0.09 secs] 
5305.365: [GC (Allocation Failure) [PSYoungGen: 338656K->150400K(465920K)] 1072748K->971475K(1864192K), 0.0607866 secs] [Times: user=0.36 sys=0.01, real=0.06 secs] 
5306.339: [GC (Allocation Failure) [PSYoungGen: 383360K->116192K(349184K)] 1204435K->1087819K(1747456K), 0.0826132 secs] [Times: user=0.49 sys=0.00, real=0.08 secs] 
5308.424: [GC (Allocation Failure) [PSYoungGen: 349152K->131840K(475136K)] 1320779K->1209058K(1873408K), 0.0624996 secs] [Times: user=0.37 sys=0.00, real=0.06 secs] 
5311.517: [GC (Allocation Failure) [PSYoungGen: 374528K->139328K(382464K)] 1451746K->1348474K(1780736K), 0.0676757 secs] [Times: user=0.40 sys=0.00, real=0.06 secs] 
5311.584: [Full GC (Ergonomics) [PSYoungGen: 139328K->0K(382464K)] [ParOldGen: 1209146K->153349K(1398272K)] 1348474K->153349K(1780736K), [Metaspace: 59728K->59728K(1105920K)], 0.3606173 secs] [Times: user=1.66 sys=0.00, real=0.36 secs] 
5314.355: [GC (Allocation Failure) [PSYoungGen: 242688K->111328K(466432K)] 396037K->264677K(1864704K), 0.0398149 secs] [Times: user=0.24 sys=0.01, real=0.04 secs] 
5315.780: [GC (Allocation Failure) [PSYoungGen: 360672K->173088K(460800K)] 514021K->437066K(1859072K), 0.1124466 secs] [Times: user=0.67 sys=0.00, real=0.11 secs] 
5319.024: [GC (Allocation Failure) [PSYoungGen: 422432K->105984K(483328K)] 686410K->534646K(1881600K), 0.0906213 secs] [Times: user=0.54 sys=0.00, real=0.09 secs] 
5320.213: [GC (Allocation Failure) [PSYoungGen: 369664K->192576K(456704K)] 798326K->723851K(1854976K), 0.1410031 secs] [Times: user=0.84 sys=0.00, real=0.14 secs] 
5322.554: [GC (Allocation Failure) [PSYoungGen: 451911K->108288K(473088K)] 983186K->832379K(1871360K), 0.1204336 secs] [Times: user=0.71 sys=0.01, real=0.12 secs] 
5324.405: [GC (Allocation Failure) [PSYoungGen: 350976K->150784K(393728K)] 1075067K->976680K(1792000K), 0.0653936 secs] [Times: user=0.39 sys=0.00, real=0.07 secs] 
5327.048: [GC (Allocation Failure) [PSYoungGen: 393472K->116896K(471040K)] 1219368K->1093648K(1869312K), 0.0857313 secs] [Times: user=0.51 sys=0.00, real=0.08 secs] 
5328.316: [GC (Allocation Failure) [PSYoungGen: 365216K->2176K(465408K)] 1341968K->978984K(1863680K), 0.0026450 secs] [Times: user=0.01 sys=0.00, real=0.01 secs] 
5330.879: [GC (Allocation Failure) [PSYoungGen: 250496K->159136K(464384K)] 1227304K->1136801K(1862656K), 0.0318181 secs] [Times: user=0.19 sys=0.00, real=0.03 secs] 
5332.975: [GC (Allocation Failure) [PSYoungGen: 392096K->13472K(465920K)] 1369761K->991249K(1864192K), 0.0043931 secs] [Times: user=0.03 sys=0.00, real=0.01 secs] 
5334.751: [GC (Allocation Failure) [PSYoungGen: 246432K->166720K(465920K)] 1224209K->1156186K(1864192K), 0.0362055 secs] [Times: user=0.21 sys=0.00, real=0.04 secs] 
5337.490: [GC (Allocation Failure) [PSYoungGen: 399680K->95168K(465920K)] 1389146K->1242978K(1864192K), 0.0701227 secs] [Times: user=0.42 sys=0.00, real=0.07 secs] 
5337.560: [Full GC (Ergonomics) [PSYoungGen: 95168K->0K(465920K)] [ParOldGen: 1147810K->40424K(1398272K)] 1242978K->40424K(1864192K), [Metaspace: 59728K->59728K(1105920K)], 0.0797892 secs] [Times: user=0.30 sys=0.00, real=0.08 secs] 
5338.273: [GC (Allocation Failure) [PSYoungGen: 222941K->160352K(465920K)] 263365K->200776K(1864192K), 0.0318388 secs] [Times: user=0.19 sys=0.00, real=0.03 secs] 
5341.204: [GC (Allocation Failure) [PSYoungGen: 393312K->96640K(465920K)] 433736K->288280K(1864192K), 0.1062079 secs] [Times: user=0.63 sys=0.00, real=0.11 secs] 
5342.659: [GC (Allocation Failure) [PSYoungGen: 329600K->164736K(465920K)] 521240K->449798K(1864192K), 0.0504008 secs] [Times: user=0.30 sys=0.00, real=0.05 secs] 
5345.035: [GC (Allocation Failure) [PSYoungGen: 396824K->92896K(465920K)] 681886K->542182K(1864192K), 0.1707960 secs] [Times: user=1.02 sys=0.00, real=0.17 secs] 
5345.909: [GC (Allocation Failure) [PSYoungGen: 325856K->167808K(465920K)] 775142K->706763K(1864192K), 0.1067085 secs] [Times: user=0.64 sys=0.01, real=0.10 secs] 
5349.406: [GC (Allocation Failure) [PSYoungGen: 400768K->84704K(465920K)] 939723K->791388K(1864192K), 0.1743840 secs] [Times: user=1.03 sys=0.01, real=0.18 secs] 
5349.927: [GC (Allocation Failure) [PSYoungGen: 317664K->175392K(465920K)] 1024348K->960772K(1864192K), 0.0570420 secs] [Times: user=0.34 sys=0.00, real=0.05 secs] 
5352.881: [GC (Allocation Failure) [PSYoungGen: 408352K->84192K(465920K)] 1193732K->1044952K(1864192K), 0.1364071 secs] [Times: user=0.81 sys=0.00, real=0.14 secs] 
5355.882: [GC (Allocation Failure) [PSYoungGen: 317152K->169696K(465920K)] 1277912K->1208701K(1864192K), 0.1628608 secs] [Times: user=0.97 sys=0.00, real=0.16 secs] 
5358.254: [GC (Allocation Failure) [PSYoungGen: 402656K->85024K(465920K)] 1441661K->1293917K(1864192K), 0.1166493 secs] [Times: user=0.69 sys=0.00, real=0.12 secs] 
5358.371: [Full GC (Ergonomics) [PSYoungGen: 85024K->0K(465920K)] [ParOldGen: 1208893K->97936K(1398272K)] 1293917K->97936K(1864192K), [Metaspace: 59728K->59728K(1105920K)], 0.2320621 secs] [Times: user=1.00 sys=0.00, real=0.23 secs] 
5360.208: [GC (Allocation Failure) [PSYoungGen: 232960K->161376K(465920K)] 330896K->259312K(1864192K), 0.0469972 secs] [Times: user=0.28 sys=0.00, real=0.04 secs] 
5361.586: [GC (Allocation Failure) [PSYoungGen: 394336K->102336K(465920K)] 492272K->361932K(1864192K), 0.0963254 secs] [Times: user=0.57 sys=0.01, real=0.10 secs] 
5365.163: [GC (Allocation Failure) [PSYoungGen: 335296K->145504K(465920K)] 594892K->496619K(1864192K), 0.0607183 secs] [Times: user=0.37 sys=0.00, real=0.06 secs] 
5368.727: [GC (Allocation Failure) [PSYoungGen: 378464K->112288K(345600K)] 729579K->609083K(1743872K), 0.0938779 secs] [Times: user=0.51 sys=0.00, real=0.09 secs] 
5369.938: [GC (Allocation Failure) [PSYoungGen: 345248K->135680K(463872K)] 842043K->734560K(1862144K), 0.0614540 secs] [Times: user=0.36 sys=0.01, real=0.06 secs] 
5371.557: [GC (Allocation Failure) [PSYoungGen: 374784K->137824K(457728K)] 973664K->872128K(1856000K), 0.0671412 secs] [Times: user=0.40 sys=0.01, real=0.06 secs] 
5375.041: [GC (Allocation Failure) [PSYoungGen: 376928K->2848K(457216K)] 1111232K->737236K(1855488K), 0.0025939 secs] [Times: user=0.01 sys=0.00, real=0.00 secs] 
5375.941: [GC (Allocation Failure) [PSYoungGen: 246048K->164288K(407552K)] 980436K->900141K(1805824K), 0.0326185 secs] [Times: user=0.19 sys=0.00, real=0.03 secs] 
5377.440: [GC (Allocation Failure) [PSYoungGen: 407488K->112352K(475648K)] 1143341K->1003053K(1873920K), 0.0764261 secs] [Times: user=0.45 sys=0.00, real=0.07 secs] 
5379.673: [GC (Allocation Failure) [PSYoungGen: 355040K->171808K(465920K)] 1245741K->1167699K(1864192K), 0.1288042 secs] [Times: user=0.77 sys=0.00, real=0.13 secs] 
5382.876: [GC (Allocation Failure) [PSYoungGen: 414496K->95552K(470016K)] 1410387K->1263411K(1868288K), 0.1741300 secs] [Times: user=1.03 sys=0.00, real=0.18 secs] 
5383.050: [Full GC (Ergonomics) [PSYoungGen: 95552K->0K(470016K)] [ParOldGen: 1167859K->66057K(1398272K)] 1263411K->66057K(1868288K), [Metaspace: 59728K->59728K(1105920K)], 0.1805711 secs] [Times: user=0.83 sys=0.00, real=0.18 secs] 
5384.269: [GC (Allocation Failure) [PSYoungGen: 239616K->176192K(416256K)] 305673K->242249K(1814528K), 0.0609023 secs] [Times: user=0.36 sys=0.00, real=0.06 secs] 
5386.930: [GC (Allocation Failure) [PSYoungGen: 415808K->90176K(466944K)] 481865K->332421K(1865216K), 0.1350155 secs] [Times: user=0.80 sys=0.00, real=0.13 secs] 
5388.327: [GC (Allocation Failure) [PSYoungGen: 324160K->204032K(465920K)] 566405K->530214K(1864192K), 0.0634419 secs] [Times: user=0.37 sys=0.00, real=0.06 secs] 
5390.542: [GC (Allocation Failure) [PSYoungGen: 438016K->93280K(465920K)] 764198K->589534K(1864192K), 0.1020782 secs] [Times: user=0.60 sys=0.00, real=0.10 secs] 
5392.151: [GC (Allocation Failure) [PSYoungGen: 326240K->151040K(465920K)] 822494K->733891K(1864192K), 0.0609137 secs] [Times: user=0.36 sys=0.00, real=0.06 secs] 
5393.127: [GC (Allocation Failure) [PSYoungGen: 384000K->119776K(465920K)] 966851K->853759K(1864192K), 0.0920934 secs] [Times: user=0.54 sys=0.00, real=0.09 secs] 
5396.096: [GC (Allocation Failure) [PSYoungGen: 352736K->135904K(369152K)] 1086719K->971269K(1767424K), 0.0620378 secs] [Times: user=0.37 sys=0.00, real=0.07 secs] 
5397.403: [GC (Allocation Failure) [PSYoungGen: 368864K->129952K(467968K)] 1204229K->1101357K(1866240K), 0.0789454 secs] [Times: user=0.47 sys=0.00, real=0.08 secs] 
5399.411: [GC (Allocation Failure) [PSYoungGen: 372640K->2400K(458240K)] 1344045K->973845K(1856512K), 0.0027388 secs] [Times: user=0.01 sys=0.00, real=0.00 secs] 
5401.448: [GC (Allocation Failure) [PSYoungGen: 245088K->158656K(461824K)] 1216533K->1130806K(1860096K), 0.0316128 secs] [Times: user=0.19 sys=0.00, real=0.03 secs] 
5403.150: [GC (Allocation Failure) [PSYoungGen: 391616K->14176K(465920K)] 1363766K->986426K(1864192K), 0.0043522 secs] [Times: user=0.02 sys=0.00, real=0.00 secs] 
5405.666: [GC (Allocation Failure) [PSYoungGen: 247136K->173216K(465920K)] 1219386K->1157426K(1864192K), 0.0366274 secs] [Times: user=0.21 sys=0.01, real=0.04 secs] 
5406.802: [GC (Allocation Failure) [PSYoungGen: 406176K->99776K(465920K)] 1390386K->1240154K(1864192K), 0.0806101 secs] [Times: user=0.49 sys=0.00, real=0.08 secs] 
5406.883: [Full GC (Ergonomics) [PSYoungGen: 99776K->0K(465920K)] [ParOldGen: 1140378K->43644K(1398272K)] 1240154K->43644K(1864192K), [Metaspace: 59728K->59728K(1105920K)], 0.0949560 secs] [Times: user=0.35 sys=0.00, real=0.10 secs] 
5408.941: [GC (Allocation Failure) [PSYoungGen: 217842K->157600K(465920K)] 261487K->201244K(1864192K), 0.0312023 secs] [Times: user=0.19 sys=0.00, real=0.03 secs] 
5410.510: [GC (Allocation Failure) [PSYoungGen: 390560K->97120K(465920K)] 434204K->289228K(1864192K), 0.1813678 secs] [Times: user=1.08 sys=0.00, real=0.18 secs] 
5412.163: [GC (Allocation Failure) [PSYoungGen: 330080K->167968K(465920K)] 522188K->453433K(1864192K), 0.0504779 secs] [Times: user=0.30 sys=0.00, real=0.05 secs] 
5414.389: [GC (Allocation Failure) [PSYoungGen: 397803K->90368K(465920K)] 683268K->543329K(1864192K), 0.0981481 secs] [Times: user=0.59 sys=0.00, real=0.10 secs] 
5414.789: [GC (Allocation Failure) [PSYoungGen: 323328K->172736K(465920K)] 776289K->712414K(1864192K), 0.0572687 secs] [Times: user=0.34 sys=0.00, real=0.05 secs] 
5417.339: [GC (Allocation Failure) [PSYoungGen: 405696K->84512K(465920K)] 945374K->797102K(1864192K), 0.1588170 secs] [Times: user=0.95 sys=0.00, real=0.16 secs] 
5419.679: [GC (Allocation Failure) [PSYoungGen: 317472K->170432K(465920K)] 1030062K->961631K(1864192K), 0.1480791 secs] [Times: user=0.88 sys=0.01, real=0.15 secs] 
5422.108: [GC (Allocation Failure) [PSYoungGen: 403392K->91328K(465920K)] 1194591K->1052831K(1864192K), 0.1059279 secs] [Times: user=0.63 sys=0.00, real=0.10 secs] 
5424.732: [GC (Allocation Failure) [PSYoungGen: 324288K->203552K(465920K)] 1285791K->1250612K(1864192K), 0.0651422 secs] [Times: user=0.39 sys=0.00, real=0.07 secs] 
5426.852: [GC (Allocation Failure) [PSYoungGen: 436512K->91680K(465920K)] 1483572K->1301468K(1864192K), 0.1035221 secs] [Times: user=0.62 sys=0.00, real=0.10 secs] 
5426.956: [Full GC (Ergonomics) [PSYoungGen: 91680K->0K(465920K)] [ParOldGen: 1209788K->106256K(1398272K)] 1301468K->106256K(1864192K), [Metaspace: 59728K->59728K(1105920K)], 0.2518641 secs] [Times: user=1.14 sys=0.00, real=0.26 secs] 
5429.684: [GC (Allocation Failure) [PSYoungGen: 232960K->152448K(465920K)] 339216K->258704K(1864192K), 0.0467817 secs] [Times: user=0.24 sys=0.00, real=0.05 secs] 
5432.185: [GC (Allocation Failure) [PSYoungGen: 385408K->101120K(465920K)] 491664K->360096K(1864192K), 0.0952255 secs] [Times: user=0.56 sys=0.00, real=0.10 secs] 
5434.247: [GC (Allocation Failure) [PSYoungGen: 334080K->147008K(465920K)] 593056K->496351K(1864192K), 0.0603047 secs] [Times: user=0.36 sys=0.00, real=0.06 secs] 
5435.206: [GC (Allocation Failure) [PSYoungGen: 379968K->123840K(356864K)] 729311K->620359K(1755136K), 0.0608673 secs] [Times: user=0.36 sys=0.00, real=0.07 secs] 
5438.259: [GC (Allocation Failure) [PSYoungGen: 356800K->124160K(469504K)] 853319K->734050K(1867776K), 0.0625604 secs] [Times: user=0.37 sys=0.00, real=0.06 secs] 
5439.006: [GC (Allocation Failure) [PSYoungGen: 366336K->152736K(460288K)] 976226K->886938K(1858560K), 0.0596816 secs] [Times: user=0.35 sys=0.00, real=0.06 secs] 
5441.110: [GC (Allocation Failure) [PSYoungGen: 394912K->11712K(457216K)] 1129114K->746010K(1855488K), 0.0037743 secs] [Times: user=0.02 sys=0.00, real=0.00 secs] 
5442.006: [GC (Allocation Failure) [PSYoungGen: 250816K->171072K(410624K)] 985114K->915535K(1808896K), 0.0407631 secs] [Times: user=0.24 sys=0.00, real=0.04 secs] 
5446.464: [GC (Allocation Failure) [PSYoungGen: 410176K->96576K(467456K)] 1154639K->1004019K(1865728K), 0.0758043 secs] [Times: user=0.45 sys=0.00, real=0.08 secs] 
5447.265: [GC (Allocation Failure) [PSYoungGen: 331072K->173824K(465920K)] 1238515K->1173760K(1864192K), 0.0513928 secs] [Times: user=0.31 sys=0.00, real=0.05 secs] 
5450.105: [GC (Allocation Failure) [PSYoungGen: 405467K->85984K(465920K)] 1405403K->1259516K(1864192K), 0.1803635 secs] [Times: user=1.08 sys=0.01, real=0.18 secs] 
5450.286: [Full GC (Ergonomics) [PSYoungGen: 85984K->0K(465920K)] [ParOldGen: 1173532K->62688K(1398272K)] 1259516K->62688K(1864192K), [Metaspace: 59728K->59728K(1105920K)], 0.1764607 secs] [Times: user=0.81 sys=0.00, real=0.18 secs] 
5450.885: [GC (Allocation Failure) [PSYoungGen: 232960K->170784K(465920K)] 295648K->233472K(1864192K), 0.0471785 secs] [Times: user=0.28 sys=0.01, real=0.05 secs] 
5454.276: [GC (Allocation Failure) [PSYoungGen: 403744K->78272K(465920K)] 466432K->311960K(1864192K), 0.1551193 secs] [Times: user=0.92 sys=0.00, real=0.16 secs] 
5455.519: [GC (Allocation Failure) [PSYoungGen: 311232K->174688K(465920K)] 544920K->480313K(1864192K), 0.0552310 secs] [Times: user=0.33 sys=0.00, real=0.05 secs] 
5458.663: [GC (Allocation Failure) [PSYoungGen: 407648K->84416K(465920K)] 713273K->564593K(1864192K), 0.1551523 secs] [Times: user=0.93 sys=0.00, real=0.16 secs] 
5460.644: [GC (Allocation Failure) [PSYoungGen: 316415K->209504K(465920K)] 796592K->767257K(1864192K), 0.0627339 secs] [Times: user=0.37 sys=0.00, real=0.07 secs] 
5465.075: [GC (Allocation Failure) [PSYoungGen: 442464K->80256K(465920K)] 1000217K->813993K(1864192K), 0.1230617 secs] [Times: user=0.73 sys=0.00, real=0.13 secs] 
5466.340: [GC (Allocation Failure) [PSYoungGen: 313216K->163680K(465920K)] 1046953K->971005K(1864192K), 0.0599907 secs] [Times: user=0.36 sys=0.00, real=0.06 secs] 
5469.310: [GC (Allocation Failure) [PSYoungGen: 393863K->93056K(465920K)] 1201189K->1064313K(1864192K), 0.1038393 secs] [Times: user=0.62 sys=0.00, real=0.10 secs] 
5470.559: [GC (Allocation Failure) [PSYoungGen: 326016K->150656K(465920K)] 1297273K->1208572K(1864192K), 0.0609616 secs] [Times: user=0.36 sys=0.00, real=0.06 secs] 
5473.208: [GC (Allocation Failure) [PSYoungGen: 383616K->108608K(465920K)] 1441532K->1317372K(1864192K), 0.0925507 secs] [Times: user=0.55 sys=0.00, real=0.09 secs] 
5473.301: [Full GC (Ergonomics) [PSYoungGen: 108608K->0K(465920K)] [ParOldGen: 1208764K->123178K(1398272K)] 1317372K->123178K(1864192K), [Metaspace: 59728K->59728K(1105920K)], 0.2798719 secs] [Times: user=1.27 sys=0.00, real=0.28 secs] 
5474.684: [GC (Allocation Failure) [PSYoungGen: 232960K->139488K(465920K)] 356138K->262666K(1864192K), 0.0514056 secs] [Times: user=0.30 sys=0.00, real=0.05 secs] 
5476.289: [GC (Allocation Failure) [PSYoungGen: 372448K->127232K(446464K)] 495626K->390054K(1844736K), 0.0879145 secs] [Times: user=0.51 sys=0.01, real=0.09 secs] 
5478.475: [GC (Allocation Failure) [PSYoungGen: 360192K->64K(456192K)] 623014K->262902K(1854464K), 0.0019195 secs] [Times: user=0.00 sys=0.00, real=0.01 secs] 
5479.362: [GC (Allocation Failure) [PSYoungGen: 233024K->148544K(465920K)] 495862K->411390K(1864192K), 0.0297095 secs] [Times: user=0.17 sys=0.00, real=0.03 secs] 
5481.313: [GC (Allocation Failure) [PSYoungGen: 381504K->4768K(465920K)] 644350K->267630K(1864192K), 0.0021354 secs] [Times: user=0.01 sys=0.00, real=0.00 secs] 
5482.861: [GC (Allocation Failure) [PSYoungGen: 237728K->166048K(465920K)] 500590K->432577K(1864192K), 0.0641146 secs] [Times: user=0.38 sys=0.00, real=0.06 secs] 
5485.189: [GC (Allocation Failure) [PSYoungGen: 399008K->93984K(465920K)] 665537K->518457K(1864192K), 0.0687263 secs] [Times: user=0.41 sys=0.00, real=0.07 secs] 
5486.996: [GC (Allocation Failure) [PSYoungGen: 323616K->167872K(465920K)] 748090K->684398K(1864192K), 0.0646849 secs] [Times: user=0.38 sys=0.00, real=0.07 secs] 
5489.037: [GC (Allocation Failure) [PSYoungGen: 400832K->91488K(465920K)] 917358K->767806K(1864192K), 0.1029942 secs] [Times: user=0.61 sys=0.00, real=0.10 secs] 
5490.268: [GC (Allocation Failure) [PSYoungGen: 324448K->170688K(465920K)] 1000766K->934963K(1864192K), 0.0506813 secs] [Times: user=0.31 sys=0.00, real=0.05 secs] 
5493.563: [GC (Allocation Failure) [PSYoungGen: 403648K->87392K(465920K)] 1167923K->1022363K(1864192K), 0.1682812 secs] [Times: user=1.01 sys=0.00, real=0.17 secs] 
5494.796: [GC (Allocation Failure) [PSYoungGen: 320352K->168064K(465920K)] 1255323K->1186828K(1864192K), 0.0564767 secs] [Times: user=0.33 sys=0.00, real=0.06 secs] 
5497.246: [GC (Allocation Failure) [PSYoungGen: 401024K->88096K(465920K)] 1419788K->1274864K(1864192K), 0.1421884 secs] [Times: user=0.84 sys=0.00, real=0.15 secs] 
5497.388: [Full GC (Ergonomics) [PSYoungGen: 88096K->0K(465920K)] [ParOldGen: 1186768K->71955K(1398272K)] 1274864K->71955K(1864192K), [Metaspace: 59731K->59731K(1105920K)], 0.1892846 secs] [Times: user=0.87 sys=0.00, real=0.19 secs] 
5498.387: [GC (Allocation Failure) [PSYoungGen: 232960K->170272K(465920K)] 304915K->242227K(1864192K), 0.0693790 secs] [Times: user=0.41 sys=0.00, real=0.06 secs] 
5501.519: [GC (Allocation Failure) [PSYoungGen: 403232K->86624K(465920K)] 475187K->328751K(1864192K), 0.1542615 secs] [Times: user=0.92 sys=0.00, real=0.15 secs] 
5502.581: [GC (Allocation Failure) [PSYoungGen: 319584K->171552K(465920K)] 561711K->494104K(1864192K), 0.1207345 secs] [Times: user=0.72 sys=0.00, real=0.12 secs] 
5505.180: [GC (Allocation Failure) [PSYoungGen: 404512K->86880K(465920K)] 727064K->580840K(1864192K), 0.1198470 secs] [Times: user=0.71 sys=0.00, real=0.12 secs] 
5506.438: [GC (Allocation Failure) [PSYoungGen: 319840K->161024K(465920K)] 813800K->734937K(1864192K), 0.0620515 secs] [Times: user=0.37 sys=0.00, real=0.06 secs] 
5508.052: [GC (Allocation Failure) [PSYoungGen: 393984K->109344K(465920K)] 967897K->844505K(1864192K), 0.0988668 secs] [Times: user=0.59 sys=0.01, real=0.10 secs] 
5510.261: [GC (Allocation Failure) [PSYoungGen: 342304K->146496K(465920K)] 1077465K->972375K(1864192K), 0.0605333 secs] [Times: user=0.36 sys=0.00, real=0.06 secs] 
5511.872: [GC (Allocation Failure) [PSYoungGen: 379456K->120160K(353280K)] 1205335K->1092479K(1751552K), 0.0845097 secs] [Times: user=0.50 sys=0.00, real=0.08 secs] 
5513.578: [GC (Allocation Failure) [PSYoungGen: 353120K->128000K(465408K)] 1325439K->1209880K(1863680K), 0.0625547 secs] [Times: user=0.37 sys=0.00, real=0.06 secs] 
5514.957: [GC (Allocation Failure) [PSYoungGen: 369664K->147264K(456704K)] 1451544K->1357324K(1854976K), 0.0614364 secs] [Times: user=0.36 sys=0.00, real=0.06 secs] 
5515.018: [Full GC (Ergonomics) [PSYoungGen: 147264K->0K(456704K)] [ParOldGen: 1210060K->161778K(1398272K)] 1357324K->161778K(1854976K), [Metaspace: 59731K->59731K(1105920K)], 0.3797419 secs] [Times: user=1.75 sys=0.00, real=0.38 secs] 
5516.926: [GC (Allocation Failure) [PSYoungGen: 241664K->108320K(478208K)] 403442K->270098K(1876480K), 0.0385897 secs] [Times: user=0.22 sys=0.00, real=0.04 secs] 
5518.938: [GC (Allocation Failure) [PSYoungGen: 359133K->175968K(474112K)] 520912K->444243K(1872384K), 0.0586352 secs] [Times: user=0.35 sys=0.00, real=0.05 secs] 
5521.686: [GC (Allocation Failure) [PSYoungGen: 439453K->112992K(484352K)] 707728K->548643K(1882624K), 0.1723654 secs] [Times: user=1.02 sys=0.01, real=0.18 secs] 
5523.721: [GC (Allocation Failure) [PSYoungGen: 378906K->212960K(479744K)] 814557K->771296K(1878016K), 0.0960598 secs] [Times: user=0.57 sys=0.01, real=0.10 secs] 
5526.040: [GC (Allocation Failure) [PSYoungGen: 479712K->110048K(452096K)] 1038048K->848432K(1850368K), 0.0991220 secs] [Times: user=0.59 sys=0.01, real=0.10 secs] 
5527.769: [GC (Allocation Failure) [PSYoungGen: 343008K->137664K(465920K)] 1081392K->976017K(1864192K), 0.0620235 secs] [Times: user=0.36 sys=0.00, real=0.06 secs] 
5528.869: [GC (Allocation Failure) [PSYoungGen: 370624K->129120K(465920K)] 1208977K->1105201K(1864192K), 0.0767302 secs] [Times: user=0.45 sys=0.00, real=0.07 secs] 
5531.545: [GC (Allocation Failure) [PSYoungGen: 362080K->118944K(465920K)] 1338161K->1213576K(1864192K), 0.0635964 secs] [Times: user=0.37 sys=0.00, real=0.07 secs] 
5532.456: [GC (Allocation Failure) [PSYoungGen: 351904K->149024K(465920K)] 1446536K->1362760K(1864192K), 0.0884527 secs] [Times: user=0.52 sys=0.00, real=0.09 secs] 
5532.544: [Full GC (Ergonomics) [PSYoungGen: 149024K->0K(465920K)] [ParOldGen: 1213736K->164005K(1398272K)] 1362760K->164005K(1864192K), [Metaspace: 59731K->59711K(1105920K)], 0.3970283 secs] [Times: user=1.72 sys=0.00, real=0.40 secs] 
5535.140: [GC (Allocation Failure) [PSYoungGen: 232960K->101120K(465920K)] 396965K->265125K(1864192K), 0.0373329 secs] [Times: user=0.22 sys=0.00, real=0.04 secs] 
5535.920: [GC (Allocation Failure) [PSYoungGen: 334080K->163808K(465920K)] 498085K->428426K(1864192K), 0.0586431 secs] [Times: user=0.35 sys=0.00, real=0.06 secs] 
5538.378: [GC (Allocation Failure) [PSYoungGen: 396768K->96512K(465920K)] 661386K->516747K(1864192K), 0.0719695 secs] [Times: user=0.43 sys=0.00, real=0.07 secs] 
5540.131: [GC (Allocation Failure) [PSYoungGen: 329472K->170048K(465920K)] 749707K->683848K(1864192K), 0.0518702 secs] [Times: user=0.31 sys=0.00, real=0.05 secs] 
5541.683: [GC (Allocation Failure) [PSYoungGen: 403008K->92096K(465920K)] 916808K->767888K(1864192K), 0.0689030 secs] [Times: user=0.41 sys=0.00, real=0.07 secs] 
5543.553: [GC (Allocation Failure) [PSYoungGen: 325056K->170048K(465920K)] 1000848K->934429K(1864192K), 0.0504936 secs] [Times: user=0.30 sys=0.00, real=0.05 secs] 
5546.821: [GC (Allocation Failure) [PSYoungGen: 403008K->88832K(465920K)] 1167389K->1023261K(1864192K), 0.1697695 secs] [Times: user=1.01 sys=0.01, real=0.17 secs] 
5548.177: [GC (Allocation Failure) [PSYoungGen: 321792K->167904K(465920K)] 1256221K->1186650K(1864192K), 0.0564319 secs] [Times: user=0.33 sys=0.00, real=0.05 secs] 
5550.585: [GC (Allocation Failure) [PSYoungGen: 400864K->89888K(465920K)] 1419610K->1275594K(1864192K), 0.1758041 secs] [Times: user=1.05 sys=0.00, real=0.18 secs] 
5550.761: [Full GC (Ergonomics) [PSYoungGen: 89888K->0K(465920K)] [ParOldGen: 1185706K->72998K(1398272K)] 1275594K->72998K(1864192K), [Metaspace: 59711K->59711K(1105920K)], 0.1989015 secs] [Times: user=0.93 sys=0.00, real=0.20 secs] 
5551.304: [GC (Allocation Failure) [PSYoungGen: 232960K->173312K(465920K)] 305958K->246310K(1864192K), 0.0390930 secs] [Times: user=0.23 sys=0.01, real=0.04 secs] 
5553.371: [GC (Allocation Failure) [PSYoungGen: 406272K->91744K(465920K)] 479270K->337318K(1864192K), 0.1351796 secs] [Times: user=0.71 sys=0.00, real=0.13 secs] 
5555.800: [GC (Allocation Failure) [PSYoungGen: 324571K->200768K(465920K)] 570146K->531715K(1864192K), 0.0619978 secs] [Times: user=0.37 sys=0.00, real=0.06 secs] 
5558.359: [GC (Allocation Failure) [PSYoungGen: 433728K->94496K(465920K)] 764675K->591587K(1864192K), 0.1142766 secs] [Times: user=0.67 sys=0.01, real=0.11 secs] 
5560.202: [GC (Allocation Failure) [PSYoungGen: 327456K->153728K(465920K)] 824547K->734614K(1864192K), 0.0603333 secs] [Times: user=0.36 sys=0.00, real=0.06 secs] 
5562.009: [GC (Allocation Failure) [PSYoungGen: 386688K->104448K(465920K)] 967574K->839262K(1864192K), 0.0925595 secs] [Times: user=0.54 sys=0.00, real=0.09 secs] 
5564.743: [GC (Allocation Failure) [PSYoungGen: 337408K->143520K(465920K)] 1072222K->972211K(1864192K), 0.0621523 secs] [Times: user=0.37 sys=0.01, real=0.06 secs] 
5566.364: [GC (Allocation Failure) [PSYoungGen: 376480K->117856K(351232K)] 1205171K->1090027K(1749504K), 0.0878506 secs] [Times: user=0.52 sys=0.00, real=0.09 secs] 
5567.687: [GC (Allocation Failure) [PSYoungGen: 350816K->130496K(467456K)] 1322987K->1210036K(1865728K), 0.0630984 secs] [Times: user=0.37 sys=0.00, real=0.06 secs] 
5570.649: [GC (Allocation Failure) [PSYoungGen: 372160K->139552K(458752K)] 1451700K->1349348K(1857024K), 0.0649130 secs] [Times: user=0.39 sys=0.00, real=0.06 secs] 
5570.714: [Full GC (Ergonomics) [PSYoungGen: 139552K->0K(458752K)] [ParOldGen: 1209796K->154559K(1398272K)] 1349348K->154559K(1857024K), [Metaspace: 59711K->59711K(1105920K)], 0.3680096 secs] [Times: user=1.70 sys=0.00, real=0.37 secs] 
5572.168: [GC (Allocation Failure) [PSYoungGen: 241664K->115520K(472576K)] 396223K->270079K(1870848K), 0.0404745 secs] [Times: user=0.24 sys=0.00, real=0.04 secs] 
5573.047: [GC (Allocation Failure) [PSYoungGen: 367244K->176928K(467456K)] 521804K->445628K(1865728K), 0.0614772 secs] [Times: user=0.37 sys=0.00, real=0.06 secs] 
5575.183: [GC (Allocation Failure) [PSYoungGen: 438048K->114464K(487424K)] 706748K->551392K(1885696K), 0.1495088 secs] [Times: user=0.89 sys=0.00, real=0.15 secs] 
5577.208: [GC (Allocation Failure) [PSYoungGen: 385268K->211424K(482816K)] 822196K->773721K(1881088K), 0.1005718 secs] [Times: user=0.60 sys=0.00, real=0.10 secs] 
5579.768: [GC (Allocation Failure) [PSYoungGen: 482784K->120160K(449024K)] 1045081K->860057K(1847296K), 0.0892375 secs] [Times: user=0.54 sys=0.00, real=0.09 secs] 
5581.761: [GC (Allocation Failure) [PSYoungGen: 353120K->128288K(465920K)] 1093017K->977974K(1864192K), 0.0626089 secs] [Times: user=0.38 sys=0.00, real=0.06 secs] 
5582.982: [GC (Allocation Failure) [PSYoungGen: 361248K->137344K(465920K)] 1210934K->1115110K(1864192K), 0.0650386 secs] [Times: user=0.38 sys=0.00, real=0.07 secs] 
5585.163: [GC (Allocation Failure) [PSYoungGen: 370304K->2304K(465920K)] 1348070K->980118K(1864192K), 0.0025092 secs] [Times: user=0.01 sys=0.00, real=0.00 secs] 
5586.951: [GC (Allocation Failure) [PSYoungGen: 235264K->153952K(465920K)] 1213078K->1133307K(1864192K), 0.0311099 secs] [Times: user=0.18 sys=0.00, real=0.03 secs] 
5588.640: [GC (Allocation Failure) [PSYoungGen: 386912K->100576K(465920K)] 1366267K->1225363K(1864192K), 0.0690524 secs] [Times: user=0.41 sys=0.00, real=0.07 secs] 
5590.767: [GC (Allocation Failure) [PSYoungGen: 333536K->161856K(465920K)] 1458323K->1385519K(1864192K), 0.0533856 secs] [Times: user=0.32 sys=0.00, real=0.05 secs] 
5590.820: [Full GC (Ergonomics) [PSYoungGen: 161856K->0K(465920K)] [ParOldGen: 1223663K->182616K(1398272K)] 1385519K->182616K(1864192K), [Metaspace: 59711K->59711K(1105920K)], 0.4394676 secs] [Times: user=2.03 sys=0.00, real=0.44 secs] 
5593.242: [GC (Allocation Failure) [PSYoungGen: 232960K->98304K(465920K)] 415576K->280920K(1864192K), 0.0321859 secs] [Times: user=0.19 sys=0.00, real=0.03 secs] 
5595.143: [GC (Allocation Failure) [PSYoungGen: 331264K->165760K(465920K)] 513880K->444313K(1864192K), 0.0520987 secs] [Times: user=0.31 sys=0.00, real=0.05 secs] 
5596.496: [GC (Allocation Failure) [PSYoungGen: 398720K->101216K(465920K)] 677273K->536273K(1864192K), 0.0967225 secs] [Times: user=0.58 sys=0.01, real=0.10 secs] 
5597.382: [GC (Allocation Failure) [PSYoungGen: 334176K->167776K(465920K)] 769233K->700866K(1864192K), 0.0524734 secs] [Times: user=0.31 sys=0.00, real=0.05 secs] 
5601.897: [GC (Allocation Failure) [PSYoungGen: 400736K->80480K(465920K)] 933826K->781410K(1864192K), 0.1570563 secs] [Times: user=0.92 sys=0.01, real=0.15 secs] 
5603.855: [GC (Allocation Failure) [PSYoungGen: 313440K->197952K(465920K)] 1014370K->975771K(1864192K), 0.1004899 secs] [Times: user=0.60 sys=0.00, real=0.10 secs] 
5606.752: [GC (Allocation Failure) [PSYoungGen: 430912K->87744K(465920K)] 1208731K->1030651K(1864192K), 0.1618055 secs] [Times: user=0.96 sys=0.00, real=0.16 secs] 
5608.393: [GC (Allocation Failure) [PSYoungGen: 320704K->171232K(465920K)] 1263611K->1195923K(1864192K), 0.1139851 secs] [Times: user=0.67 sys=0.00, real=0.12 secs] 
5610.659: [GC (Allocation Failure) [PSYoungGen: 404192K->91232K(465920K)] 1428883K->1287019K(1864192K), 0.1235183 secs] [Times: user=0.74 sys=0.00, real=0.12 secs] 
5610.783: [Full GC (Ergonomics) [PSYoungGen: 91232K->0K(465920K)] [ParOldGen: 1195787K->86146K(1398272K)] 1287019K->86146K(1864192K), [Metaspace: 59711K->59711K(1105920K)], 0.2073667 secs] [Times: user=0.92 sys=0.00, real=0.21 secs] 
5613.000: [GC (Allocation Failure) [PSYoungGen: 232960K->206496K(465920K)] 319106K->292642K(1864192K), 0.0442349 secs] [Times: user=0.26 sys=0.00, real=0.04 secs] 
5615.562: [GC (Allocation Failure) [PSYoungGen: 439456K->84800K(465920K)] 525602K->343930K(1864192K), 0.1198937 secs] [Times: user=0.72 sys=0.00, real=0.12 secs] 
5618.258: [GC (Allocation Failure) [PSYoungGen: 317760K->202577K(465920K)] 576890K->540477K(1864192K), 0.0655582 secs] [Times: user=0.39 sys=0.00, real=0.06 secs] 
5620.339: [GC (Allocation Failure) [PSYoungGen: 430453K->93088K(465920K)] 768352K->590395K(1864192K), 0.1018986 secs] [Times: user=0.61 sys=0.00, real=0.10 secs] 
5622.969: [GC (Allocation Failure) [PSYoungGen: 326048K->151136K(465920K)] 823355K->735084K(1864192K), 0.0607437 secs] [Times: user=0.36 sys=0.00, real=0.06 secs] 
5625.708: [GC (Allocation Failure) [PSYoungGen: 384096K->98592K(465920K)] 968044K->833648K(1864192K), 0.1010021 secs] [Times: user=0.60 sys=0.00, real=0.10 secs] 
5626.928: [GC (Allocation Failure) [PSYoungGen: 331552K->149344K(465920K)] 1066608K->972551K(1864192K), 0.0603830 secs] [Times: user=0.36 sys=0.00, real=0.06 secs] 
5627.794: [GC (Allocation Failure) [PSYoungGen: 382304K->126144K(465920K)] 1205511K->1098943K(1864192K), 0.0619811 secs] [Times: user=0.37 sys=0.00, real=0.06 secs] 
5629.022: [GC (Allocation Failure) [PSYoungGen: 359104K->122944K(463872K)] 1331903K->1210768K(1862144K), 0.0627992 secs] [Times: user=0.38 sys=0.00, real=0.06 secs] 
5630.673: [GC (Allocation Failure) [PSYoungGen: 355904K->147840K(380928K)] 1443728K->1358240K(1779200K), 0.0579267 secs] [Times: user=0.34 sys=0.00, real=0.06 secs] 
5630.731: [Full GC (Ergonomics) [PSYoungGen: 147840K->0K(380928K)] [ParOldGen: 1210400K->162348K(1398272K)] 1358240K->162348K(1779200K), [Metaspace: 59711K->59711K(1105920K)], 0.3897419 secs] [Times: user=1.79 sys=0.01, real=0.39 secs] 
5634.262: [GC (Allocation Failure) [PSYoungGen: 232960K->102336K(467968K)] 395308K->264685K(1866240K), 0.0377479 secs] [Times: user=0.22 sys=0.00, real=0.04 secs] 
5636.087: [GC (Allocation Failure) [PSYoungGen: 342464K->160960K(463872K)] 504813K->424425K(1862144K), 0.0550688 secs] [Times: user=0.33 sys=0.00, real=0.05 secs] 
5637.238: [GC (Allocation Failure) [PSYoungGen: 401088K->106944K(467968K)] 664553K->522329K(1866240K), 0.0685909 secs] [Times: user=0.41 sys=0.01, real=0.07 secs] 
5638.336: [GC (Allocation Failure) [PSYoungGen: 356288K->178496K(428032K)] 771673K->698838K(1826304K), 0.0786101 secs] [Times: user=0.46 sys=0.00, real=0.08 secs] 
5641.497: [GC (Allocation Failure) [PSYoungGen: 427840K->99168K(472576K)] 948182K->797734K(1870848K), 0.1760564 secs] [Times: user=1.04 sys=0.00, real=0.17 secs] 
5643.006: [GC (Allocation Failure) [PSYoungGen: 342368K->177888K(421376K)] 1040934K->969919K(1819648K), 0.1308007 secs] [Times: user=0.78 sys=0.00, real=0.14 secs] 
5646.074: [GC (Allocation Failure) [PSYoungGen: 421088K->90624K(466944K)] 1213119K->1060407K(1865216K), 0.1251606 secs] [Times: user=0.75 sys=0.00, real=0.13 secs] 
5647.485: [GC (Allocation Failure) [PSYoungGen: 324608K->161344K(465920K)] 1294391K->1214730K(1864192K), 0.0637254 secs] [Times: user=0.38 sys=0.00, real=0.07 secs] 
5649.865: [GC (Allocation Failure) [PSYoungGen: 395328K->98176K(460800K)] 1448714K->1313182K(1859072K), 0.1009377 secs] [Times: user=0.60 sys=0.00, real=0.10 secs] 
5649.966: [Full GC (Ergonomics) [PSYoungGen: 98176K->0K(460800K)] [ParOldGen: 1215006K->112792K(1398272K)] 1313182K->112792K(1859072K), [Metaspace: 59711K->59711K(1105920K)], 0.2607151 secs] [Times: user=1.19 sys=0.00, real=0.27 secs] 
5651.330: [GC (Allocation Failure) [PSYoungGen: 233984K->149856K(463360K)] 346776K->262648K(1861632K), 0.0541194 secs] [Times: user=0.32 sys=0.00, real=0.05 secs] 
5653.503: [GC (Allocation Failure) [PSYoungGen: 383840K->117152K(457728K)] 496632K->380144K(1856000K), 0.0992565 secs] [Times: user=0.59 sys=0.01, real=0.10 secs] 
5654.782: [GC (Allocation Failure) [PSYoungGen: 360352K->1024K(463360K)] 623344K->264096K(1861632K), 0.0015922 secs] [Times: user=0.01 sys=0.00, real=0.00 secs] 
5655.891: [GC (Allocation Failure) [PSYoungGen: 244224K->158240K(465920K)] 507296K->422049K(1864192K), 0.0312110 secs] [Times: user=0.18 sys=0.00, real=0.03 secs] 
5658.116: [GC (Allocation Failure) [PSYoungGen: 391200K->10048K(465920K)] 655009K->273945K(1864192K), 0.0031663 secs] [Times: user=0.02 sys=0.00, real=0.01 secs] 
5659.275: [GC (Allocation Failure) [PSYoungGen: 243008K->167104K(465920K)] 506905K->439506K(1864192K), 0.0350834 secs] [Times: user=0.20 sys=0.00, real=0.04 secs] 
5660.694: [GC (Allocation Failure) [PSYoungGen: 400064K->95520K(465920K)] 672466K->526470K(1864192K), 0.0702450 secs] [Times: user=0.41 sys=0.01, real=0.07 secs] 
5662.842: [GC (Allocation Failure) [PSYoungGen: 315934K->161152K(465920K)] 746884K->685223K(1864192K), 0.0505312 secs] [Times: user=0.30 sys=0.00, real=0.05 secs] 
5664.685: [GC (Allocation Failure) [PSYoungGen: 394112K->94464K(465920K)] 918183K->771419K(1864192K), 0.0681455 secs] [Times: user=0.40 sys=0.00, real=0.07 secs] 
5666.054: [GC (Allocation Failure) [PSYoungGen: 327424K->184064K(465920K)] 1004379K->952487K(1864192K), 0.0837155 secs] [Times: user=0.50 sys=0.00, real=0.09 secs] 
5668.416: [GC (Allocation Failure) [PSYoungGen: 417024K->91296K(465920K)] 1185447K->1027543K(1864192K), 0.1284813 secs] [Times: user=0.77 sys=0.00, real=0.13 secs] 
5669.723: [GC (Allocation Failure) [PSYoungGen: 324256K->168704K(465920K)] 1260503K->1192836K(1864192K), 0.1352175 secs] [Times: user=0.81 sys=0.00, real=0.14 secs] 
5672.740: [GC (Allocation Failure) [PSYoungGen: 401664K->83232K(465920K)] 1425796K->1276228K(1864192K), 0.1377171 secs] [Times: user=0.82 sys=0.01, real=0.14 secs] 
5672.878: [Full GC (Ergonomics) [PSYoungGen: 83232K->0K(465920K)] [ParOldGen: 1192996K->70725K(1398272K)] 1276228K->70725K(1864192K), [Metaspace: 59711K->59711K(1105920K)], 0.2041484 secs] [Times: user=0.93 sys=0.00, real=0.20 secs] 
5673.639: [GC (Allocation Failure) [PSYoungGen: 232960K->176192K(465920K)] 303685K->246917K(1864192K), 0.0564061 secs] [Times: user=0.34 sys=0.00, real=0.05 secs] 
5676.415: [GC (Allocation Failure) [PSYoungGen: 409152K->87104K(465920K)] 479877K->333973K(1864192K), 0.1442121 secs] [Times: user=0.82 sys=0.00, real=0.15 secs] 
5678.944: [GC (Allocation Failure) [PSYoungGen: 319800K->202080K(465920K)] 566670K->529710K(1864192K), 0.0586886 secs] [Times: user=0.34 sys=0.00, real=0.06 secs] 
5681.758: [GC (Allocation Failure) [PSYoungGen: 435040K->84544K(465920K)] 762670K->580750K(1864192K), 0.1208235 secs] [Times: user=0.72 sys=0.01, real=0.12 secs] 
5683.019: [GC (Allocation Failure) [PSYoungGen: 317504K->159552K(465920K)] 813710K->733379K(1864192K), 0.0600166 secs] [Times: user=0.36 sys=0.00, real=0.06 secs] 
5684.830: [GC (Allocation Failure) [PSYoungGen: 392512K->102816K(465920K)] 966339K->836435K(1864192K), 0.0992076 secs] [Times: user=0.59 sys=0.00, real=0.10 secs] 
5686.061: [GC (Allocation Failure) [PSYoungGen: 335776K->145312K(465920K)] 1069395K->970908K(1864192K), 0.0608940 secs] [Times: user=0.37 sys=0.00, real=0.06 secs] 
5687.699: [GC (Allocation Failure) [PSYoungGen: 378272K->124576K(465920K)] 1203868K->1095596K(1864192K), 0.0745218 secs] [Times: user=0.45 sys=0.00, real=0.07 secs] 
5689.231: [GC (Allocation Failure) [PSYoungGen: 357536K->123008K(446464K)] 1328556K->1208517K(1844736K), 0.0635314 secs] [Times: user=0.38 sys=0.00, real=0.06 secs] 
5690.157: [GC (Allocation Failure) [PSYoungGen: 355968K->156160K(456192K)] 1441477K->1364797K(1854464K), 0.0663216 secs] [Times: user=0.39 sys=0.00, real=0.06 secs] 
5690.224: [Full GC (Ergonomics) [PSYoungGen: 156160K->0K(456192K)] [ParOldGen: 1208637K->162084K(1398272K)] 1364797K->162084K(1854464K), [Metaspace: 59711K->59711K(1105920K)], 0.3860428 secs] [Times: user=1.77 sys=0.00, real=0.39 secs] 
5692.590: [GC (Allocation Failure) [PSYoungGen: 232960K->102976K(467456K)] 395044K->265060K(1865728K), 0.0375924 secs] [Times: user=0.22 sys=0.00, real=0.04 secs] 
5694.966: [GC (Allocation Failure) [PSYoungGen: 354368K->174848K(471040K)] 516452K->438418K(1869312K), 0.0568135 secs] [Times: user=0.34 sys=0.00, real=0.06 secs] 
5697.604: [GC (Allocation Failure) [PSYoungGen: 426240K->110048K(473600K)] 689810K->539754K(1871872K), 0.1839106 secs] [Times: user=1.10 sys=0.00, real=0.19 secs] 
5698.393: [GC (Allocation Failure) [PSYoungGen: 358880K->182368K(431616K)] 788586K->716691K(1829888K), 0.0651739 secs] [Times: user=0.39 sys=0.00, real=0.07 secs] 
5701.683: [GC (Allocation Failure) [PSYoungGen: 431200K->90720K(468480K)] 965523K->807627K(1866752K), 0.1430630 secs] [Times: user=0.84 sys=0.00, real=0.14 secs] 
5702.883: [GC (Allocation Failure) [PSYoungGen: 325766K->209440K(445952K)] 1042674K->1010844K(1844224K), 0.0779458 secs] [Times: user=0.46 sys=0.00, real=0.08 secs] 
5704.881: [GC (Allocation Failure) [PSYoungGen: 445472K->92768K(465920K)] 1246876K->1070172K(1864192K), 0.1115847 secs] [Times: user=0.66 sys=0.00, real=0.11 secs] 
5706.981: [GC (Allocation Failure) [PSYoungGen: 325728K->150624K(465920K)] 1303132K->1214597K(1864192K), 0.0617399 secs] [Times: user=0.37 sys=0.00, real=0.06 secs] 
5709.145: [GC (Allocation Failure) [PSYoungGen: 383584K->106656K(465920K)] 1447557K->1321429K(1864192K), 0.0937751 secs] [Times: user=0.55 sys=0.00, real=0.10 secs] 
5709.239: [Full GC (Ergonomics) [PSYoungGen: 106656K->0K(465920K)] [ParOldGen: 1214773K->121266K(1398272K)] 1321429K->121266K(1864192K), [Metaspace: 59711K->59711K(1105920K)], 0.2823964 secs] [Times: user=1.29 sys=0.01, real=0.28 secs] 
5711.904: [GC (Allocation Failure) [PSYoungGen: 232960K->141024K(374272K)] 354226K->262290K(1772544K), 0.0524192 secs] [Times: user=0.31 sys=0.00, real=0.05 secs] 
5713.043: [GC (Allocation Failure) [PSYoungGen: 373984K->121216K(468480K)] 495250K->383658K(1866752K), 0.0911273 secs] [Times: user=0.53 sys=0.00, real=0.09 secs] 
5714.896: [GC (Allocation Failure) [PSYoungGen: 361344K->127296K(461312K)] 623786K->500270K(1859584K), 0.0623885 secs] [Times: user=0.38 sys=0.00, real=0.07 secs] 
5716.817: [GC (Allocation Failure) [PSYoungGen: 367424K->153696K(462336K)] 740398K->653763K(1860608K), 0.0806877 secs] [Times: user=0.48 sys=0.00, real=0.08 secs] 
5718.459: [GC (Allocation Failure) [PSYoungGen: 403040K->15264K(462336K)] 903107K->515355K(1860608K), 0.0054727 secs] [Times: user=0.03 sys=0.00, real=0.00 secs] 
5720.666: [GC (Allocation Failure) [PSYoungGen: 253188K->170144K(458240K)] 753279K->682759K(1856512K), 0.0366822 secs] [Times: user=0.22 sys=0.00, real=0.04 secs] 
5721.944: [GC (Allocation Failure) [PSYoungGen: 403104K->96384K(465920K)] 915719K->770215K(1864192K), 0.0804986 secs] [Times: user=0.48 sys=0.01, real=0.08 secs] 
5724.325: [GC (Allocation Failure) [PSYoungGen: 329344K->169344K(460288K)] 1003175K->936072K(1858560K), 0.0511094 secs] [Times: user=0.30 sys=0.00, real=0.05 secs] 
5726.204: [GC (Allocation Failure) [PSYoungGen: 402304K->88192K(465920K)] 1169032K->1024192K(1864192K), 0.1339338 secs] [Times: user=0.80 sys=0.00, real=0.14 secs] 
5727.485: [GC (Allocation Failure) [PSYoungGen: 321152K->167648K(463360K)] 1257152K->1188105K(1861632K), 0.0556390 secs] [Times: user=0.33 sys=0.00, real=0.06 secs] 
5730.569: [GC (Allocation Failure) [PSYoungGen: 400608K->84832K(465920K)] 1421065K->1272609K(1864192K), 0.1620298 secs] [Times: user=0.97 sys=0.00, real=0.16 secs] 
5730.731: [Full GC (Ergonomics) [PSYoungGen: 84832K->0K(465920K)] [ParOldGen: 1187777K->71549K(1398272K)] 1272609K->71549K(1864192K), [Metaspace: 59711K->59711K(1105920K)], 0.1929910 secs] [Times: user=0.89 sys=0.00, real=0.19 secs] 
5732.473: [GC (Allocation Failure) [PSYoungGen: 232960K->175040K(465408K)] 304509K->246589K(1863680K), 0.0693790 secs] [Times: user=0.41 sys=0.00, real=0.07 secs] 
5735.410: [GC (Allocation Failure) [PSYoungGen: 408000K->83488K(465920K)] 479549K->330389K(1864192K), 0.1529376 secs] [Times: user=0.90 sys=0.01, real=0.15 secs] 
5736.518: [GC (Allocation Failure) [PSYoungGen: 316219K->205984K(465920K)] 563121K->529882K(1864192K), 0.0776451 secs] [Times: user=0.46 sys=0.00, real=0.07 secs] 
5739.964: [GC (Allocation Failure) [PSYoungGen: 438944K->83008K(465920K)] 762842K->579362K(1864192K), 0.1265112 secs] [Times: user=0.76 sys=0.01, real=0.13 secs] 
5741.259: [GC (Allocation Failure) [PSYoungGen: 315968K->160992K(465920K)] 812322K->733711K(1864192K), 0.0600889 secs] [Times: user=0.35 sys=0.00, real=0.06 secs] 
5743.925: [GC (Allocation Failure) [PSYoungGen: 392832K->93120K(465920K)] 965552K->826927K(1864192K), 0.1046852 secs] [Times: user=0.62 sys=0.00, real=0.11 secs] 
5745.150: [GC (Allocation Failure) [PSYoungGen: 326080K->150784K(465920K)] 1059887K->971200K(1864192K), 0.0606116 secs] [Times: user=0.36 sys=0.00, real=0.06 secs] 
5746.924: [GC (Allocation Failure) [PSYoungGen: 383744K->111264K(465920K)] 1204160K->1082592K(1864192K), 0.0867604 secs] [Times: user=0.51 sys=0.00, real=0.09 secs] 
5748.743: [GC (Allocation Failure) [PSYoungGen: 344224K->135840K(454656K)] 1315552K->1208363K(1852928K), 0.0616923 secs] [Times: user=0.36 sys=0.00, real=0.06 secs] 
5749.963: [GC (Allocation Failure) [PSYoungGen: 368800K->130304K(460288K)] 1441323K->1338859K(1858560K), 0.0723933 secs] [Times: user=0.43 sys=0.00, real=0.07 secs] 
5750.036: [Full GC (Ergonomics) [PSYoungGen: 130304K->0K(460288K)] [ParOldGen: 1208555K->144766K(1398272K)] 1338859K->144766K(1858560K), [Metaspace: 59711K->59711K(1105920K)], 0.3310220 secs] [Times: user=1.50 sys=0.00, real=0.34 secs] 
5753.135: [GC (Allocation Failure) [PSYoungGen: 232960K->117696K(460800K)] 377726K->262462K(1859072K), 0.0416035 secs] [Times: user=0.25 sys=0.00, real=0.04 secs] 
5755.395: [GC (Allocation Failure) [PSYoungGen: 371136K->156768K(464384K)] 515902K->419411K(1862656K), 0.0612071 secs] [Times: user=0.36 sys=0.00, real=0.06 secs] 
5757.132: [GC (Allocation Failure) [PSYoungGen: 410208K->27712K(466944K)] 672851K->290531K(1865216K), 0.0065103 secs] [Times: user=0.04 sys=0.01, real=0.01 secs] 
5757.897: [GC (Allocation Failure) [PSYoungGen: 281152K->184256K(437760K)] 543971K->471252K(1836032K), 0.0444202 secs] [Times: user=0.26 sys=0.00, real=0.04 secs] 
5760.590: [GC (Allocation Failure) [PSYoungGen: 437696K->108832K(470528K)] 724692K->579748K(1868800K), 0.1340622 secs] [Times: user=0.80 sys=0.01, real=0.13 secs] 
5762.159: [GC (Allocation Failure) [PSYoungGen: 345335K->204576K(465920K)] 816251K->774440K(1864192K), 0.0652081 secs] [Times: user=0.38 sys=0.00, real=0.06 secs] 
5764.394: [GC (Allocation Failure) [PSYoungGen: 440587K->92800K(465920K)] 1010452K->832272K(1864192K), 0.1032382 secs] [Times: user=0.61 sys=0.00, real=0.11 secs] 
5766.361: [GC (Allocation Failure) [PSYoungGen: 325760K->151488K(465920K)] 1065232K->977485K(1864192K), 0.0611669 secs] [Times: user=0.36 sys=0.00, real=0.06 secs] 
5768.996: [GC (Allocation Failure) [PSYoungGen: 384448K->102624K(465920K)] 1210445K->1079549K(1864192K), 0.1010446 secs] [Times: user=0.60 sys=0.00, real=0.11 secs] 
5770.309: [GC (Allocation Failure) [PSYoungGen: 335584K->145376K(378368K)] 1312509K->1214402K(1776640K), 0.0620159 secs] [Times: user=0.37 sys=0.01, real=0.06 secs] 
5771.823: [GC (Allocation Failure) [PSYoungGen: 378336K->125344K(471040K)] 1447362K->1339562K(1869312K), 0.0733198 secs] [Times: user=0.43 sys=0.01, real=0.07 secs] 
5771.896: [Full GC (Ergonomics) [PSYoungGen: 125344K->0K(471040K)] [ParOldGen: 1214218K->139841K(1398272K)] 1339562K->139841K(1869312K), [Metaspace: 59711K->59711K(1105920K)], 0.3252290 secs] [Times: user=1.49 sys=0.00, real=0.33 secs] 
5773.480: [GC (Allocation Failure) [PSYoungGen: 241664K->123968K(366080K)] 381505K->263809K(1764352K), 0.0442480 secs] [Times: user=0.26 sys=0.00, real=0.04 secs] 
5775.766: [GC (Allocation Failure) [PSYoungGen: 365632K->152928K(460800K)] 505473K->415950K(1859072K), 0.0631632 secs] [Times: user=0.38 sys=0.00, real=0.07 secs] 
5776.958: [GC (Allocation Failure) [PSYoungGen: 401248K->18656K(461312K)] 664270K->281802K(1859584K), 0.0047866 secs] [Times: user=0.03 sys=0.00, real=0.00 secs] 
5778.051: [GC (Allocation Failure) [PSYoungGen: 266976K->176896K(456704K)] 530122K->456451K(1854976K), 0.0405684 secs] [Times: user=0.24 sys=0.00, real=0.04 secs] 
5780.691: [GC (Allocation Failure) [PSYoungGen: 409856K->89568K(465920K)] 689411K->545723K(1864192K), 0.1460130 secs] [Times: user=0.87 sys=0.00, real=0.15 secs] 
5781.802: [GC (Allocation Failure) [PSYoungGen: 322528K->168608K(462848K)] 778683K->711060K(1861120K), 0.1339170 secs] [Times: user=0.80 sys=0.00, real=0.13 secs] 
5784.795: [GC (Allocation Failure) [PSYoungGen: 401568K->84448K(465920K)] 944020K->795676K(1864192K), 0.1603909 secs] [Times: user=0.96 sys=0.00, real=0.16 secs] 
5786.199: [GC (Allocation Failure) [PSYoungGen: 317408K->177632K(465408K)] 1028636K->967649K(1863680K), 0.0824481 secs] [Times: user=0.49 sys=0.00, real=0.08 secs] 
5789.738: [GC (Allocation Failure) [PSYoungGen: 410592K->77632K(465920K)] 1200609K->1045521K(1864192K), 0.1588976 secs] [Times: user=0.94 sys=0.00, real=0.15 secs] 
5790.237: [GC (Allocation Failure) [PSYoungGen: 310592K->211008K(465920K)] 1278481K->1249966K(1864192K), 0.0586481 secs] [Times: user=0.34 sys=0.01, real=0.05 secs] 
5792.787: [GC (Allocation Failure) [PSYoungGen: 443968K->82912K(465920K)] 1482926K->1300050K(1864192K), 0.1287399 secs] [Times: user=0.76 sys=0.01, real=0.12 secs] 
5792.915: [Full GC (Ergonomics) [PSYoungGen: 82912K->0K(465920K)] [ParOldGen: 1217138K->97590K(1398272K)] 1300050K->97590K(1864192K), [Metaspace: 59711K->59711K(1105920K)], 0.2426934 secs] [Times: user=1.12 sys=0.00, real=0.25 secs] 
5796.355: [GC (Allocation Failure) [PSYoungGen: 230266K->198752K(465920K)] 327856K->296342K(1864192K), 0.0496243 secs] [Times: user=0.29 sys=0.01, real=0.05 secs] 
5798.555: [GC (Allocation Failure) [PSYoungGen: 431712K->93088K(465920K)] 529302K->352430K(1864192K), 0.0979856 secs] [Times: user=0.58 sys=0.00, real=0.10 secs] 
5801.084: [GC (Allocation Failure) [PSYoungGen: 326048K->151616K(465920K)] 585390K->497483K(1864192K), 0.0612606 secs] [Times: user=0.35 sys=0.01, real=0.06 secs] 
5803.652: [GC (Allocation Failure) [PSYoungGen: 384576K->105248K(465920K)] 730443K->602155K(1864192K), 0.0916419 secs] [Times: user=0.55 sys=0.00, real=0.09 secs] 
5805.507: [GC (Allocation Failure) [PSYoungGen: 338208K->143136K(465920K)] 835115K->734994K(1864192K), 0.0611031 secs] [Times: user=0.36 sys=0.00, real=0.06 secs] 
5807.330: [GC (Allocation Failure) [PSYoungGen: 376096K->123072K(465920K)] 967954K->857434K(1864192K), 0.0705970 secs] [Times: user=0.41 sys=0.00, real=0.07 secs] 
5808.564: [GC (Allocation Failure) [PSYoungGen: 356032K->124864K(447488K)] 1090394K->972187K(1845760K), 0.0635408 secs] [Times: user=0.37 sys=0.00, real=0.07 secs] 
5809.878: [GC (Allocation Failure) [PSYoungGen: 357824K->142304K(456704K)] 1205147K->1114323K(1854976K), 0.0659902 secs] [Times: user=0.39 sys=0.01, real=0.06 secs] 
5812.251: [GC (Allocation Failure) [PSYoungGen: 375264K->3456K(453632K)] 1347283K->975543K(1851904K), 0.0023726 secs] [Times: user=0.01 sys=0.00, real=0.00 secs] 
5814.303: [GC (Allocation Failure) [PSYoungGen: 238464K->156640K(391680K)] 1210551K->1130740K(1789952K), 0.0314968 secs] [Times: user=0.18 sys=0.00, real=0.03 secs] 
5816.374: [GC (Allocation Failure) [PSYoungGen: 391648K->104128K(472576K)] 1365748K->1225856K(1870848K), 0.0672362 secs] [Times: user=0.40 sys=0.00, real=0.07 secs] 
5817.793: [GC (Allocation Failure) [PSYoungGen: 341050K->170048K(465920K)] 1462778K->1393573K(1864192K), 0.0551161 secs] [Times: user=0.32 sys=0.00, real=0.06 secs] 
5817.848: [Full GC (Ergonomics) [PSYoungGen: 170048K->0K(465920K)] [ParOldGen: 1223525K->196915K(1398272K)] 1393573K->196915K(1864192K), [Metaspace: 59711K->59711K(1105920K)], 0.4768949 secs] [Times: user=2.22 sys=0.00, real=0.47 secs] 
5820.777: [GC (Allocation Failure) [PSYoungGen: 239616K->98496K(467456K)] 436531K->295411K(1865728K), 0.0375455 secs] [Times: user=0.22 sys=0.00, real=0.03 secs] 
5822.002: [GC (Allocation Failure) [PSYoungGen: 336576K->168832K(465920K)] 533491K->461257K(1864192K), 0.0512660 secs] [Times: user=0.30 sys=0.00, real=0.05 secs] 
5825.198: [GC (Allocation Failure) [PSYoungGen: 406912K->94816K(467456K)] 699337K->555561K(1865728K), 0.1474009 secs] [Times: user=0.87 sys=0.00, real=0.14 secs] 
5825.660: [GC (Allocation Failure) [PSYoungGen: 331360K->175872K(465920K)] 792105K->725262K(1864192K), 0.0590205 secs] [Times: user=0.35 sys=0.01, real=0.06 secs] 
5829.662: [GC (Allocation Failure) [PSYoungGen: 412416K->88320K(465920K)] 961806K->813166K(1864192K), 0.1232078 secs] [Times: user=0.73 sys=0.00, real=0.12 secs] 
5831.570: [GC (Allocation Failure) [PSYoungGen: 321280K->203008K(465920K)] 1046126K->1010239K(1864192K), 0.1030963 secs] [Times: user=0.61 sys=0.00, real=0.10 secs] 
5833.362: [GC (Allocation Failure) [PSYoungGen: 435968K->89760K(465920K)] 1243199K->1067463K(1864192K), 0.1070250 secs] [Times: user=0.63 sys=0.00, real=0.11 secs] 
5835.669: [GC (Allocation Failure) [PSYoungGen: 322720K->154016K(465920K)] 1300423K->1215020K(1864192K), 0.0612713 secs] [Times: user=0.37 sys=0.00, real=0.06 secs] 
5836.546: [GC (Allocation Failure) [PSYoungGen: 386976K->104800K(465920K)] 1447980K->1319996K(1864192K), 0.0943457 secs] [Times: user=0.56 sys=0.00, real=0.10 secs] 
5836.641: [Full GC (Ergonomics) [PSYoungGen: 104800K->0K(465920K)] [ParOldGen: 1215196K->119924K(1398272K)] 1319996K->119924K(1864192K), [Metaspace: 59711K->59711K(1105920K)], 0.2755702 secs] [Times: user=1.25 sys=0.00, real=0.27 secs] 
5839.387: [GC (Allocation Failure) [PSYoungGen: 232960K->143328K(465920K)] 352884K->263252K(1864192K), 0.0524473 secs] [Times: user=0.32 sys=0.00, real=0.05 secs] 
5840.446: [GC (Allocation Failure) [PSYoungGen: 376288K->122048K(447488K)] 496212K->385284K(1845760K), 0.0828342 secs] [Times: user=0.49 sys=0.00, real=0.09 secs] 
5843.408: [GC (Allocation Failure) [PSYoungGen: 355008K->125280K(456704K)] 618244K->500491K(1854976K), 0.0626047 secs] [Times: user=0.37 sys=0.00, real=0.06 secs] 
5844.049: [GC (Allocation Failure) [PSYoungGen: 358240K->140576K(466432K)] 733451K->641267K(1864704K), 0.0622771 secs] [Times: user=0.37 sys=0.00, real=0.06 secs] 
5845.952: [GC (Allocation Failure) [PSYoungGen: 400672K->11040K(471040K)] 901363K->511755K(1869312K), 0.0036724 secs] [Times: user=0.02 sys=0.00, real=0.00 secs] 
5847.296: [GC (Allocation Failure) [PSYoungGen: 271136K->184864K(455680K)] 771851K->695032K(1853952K), 0.0566541 secs] [Times: user=0.34 sys=0.00, real=0.06 secs] 
5850.464: [GC (Allocation Failure) [PSYoungGen: 417824K->86816K(465920K)] 927992K->782000K(1864192K), 0.1694404 secs] [Times: user=1.01 sys=0.00, real=0.17 secs] 
5851.731: [GC (Allocation Failure) [PSYoungGen: 319776K->166560K(465408K)] 1014960K->944284K(1863680K), 0.0561335 secs] [Times: user=0.33 sys=0.00, real=0.06 secs] 
5853.458: [GC (Allocation Failure) [PSYoungGen: 399520K->91744K(465920K)] 1177244K->1035417K(1864192K), 0.1373380 secs] [Times: user=0.81 sys=0.00, real=0.13 secs] 
5854.098: [GC (Allocation Failure) [PSYoungGen: 324704K->175360K(465408K)] 1268377K->1204961K(1863680K), 0.0584458 secs] [Times: user=0.35 sys=0.00, real=0.05 secs] 
5857.185: [GC (Allocation Failure) [PSYoungGen: 408320K->87392K(465920K)] 1437921K->1292429K(1864192K), 0.1385486 secs] [Times: user=0.83 sys=0.00, real=0.14 secs] 
5857.324: [Full GC (Ergonomics) [PSYoungGen: 87392K->0K(465920K)] [ParOldGen: 1205037K->91533K(1398272K)] 1292429K->91533K(1864192K), [Metaspace: 59711K->59711K(1105920K)], 0.2294418 secs] [Times: user=1.05 sys=0.00, real=0.23 secs] 
5858.590: [GC (Allocation Failure) [PSYoungGen: 231506K->201440K(465920K)] 323040K->292973K(1864192K), 0.0408868 secs] [Times: user=0.24 sys=0.00, real=0.04 secs] 
5860.989: [GC (Allocation Failure) [PSYoungGen: 434400K->85856K(465920K)] 525933K->345053K(1864192K), 0.1219528 secs] [Times: user=0.73 sys=0.00, real=0.12 secs] 
5862.247: [GC (Allocation Failure) [PSYoungGen: 318816K->158464K(465920K)] 578013K->496365K(1864192K), 0.0599997 secs] [Times: user=0.36 sys=0.00, real=0.06 secs] 
5863.045: [GC (Allocation Failure) [PSYoungGen: 391424K->111040K(465920K)] 729325K->607677K(1864192K), 0.0680509 secs] [Times: user=0.40 sys=0.00, real=0.07 secs] 
5865.198: [GC (Allocation Failure) [PSYoungGen: 344000K->137280K(465920K)] 840637K->734449K(1864192K), 0.0612116 secs] [Times: user=0.36 sys=0.00, real=0.06 secs] 
5866.634: [GC (Allocation Failure) [PSYoungGen: 370240K->124896K(357888K)] 967409K->859073K(1756160K), 0.0741979 secs] [Times: user=0.43 sys=0.01, real=0.08 secs] 
5868.503: [GC (Allocation Failure) [PSYoungGen: 357856K->123296K(464896K)] 1092033K->971958K(1863168K), 0.0628677 secs] [Times: user=0.37 sys=0.00, real=0.06 secs] 
5869.685: [GC (Allocation Failure) [PSYoungGen: 364960K->153856K(456192K)] 1213622K->1125830K(1854464K), 0.0639590 secs] [Times: user=0.38 sys=0.01, real=0.07 secs] 
5871.991: [GC (Allocation Failure) [PSYoungGen: 395520K->9376K(458752K)] 1367494K->981374K(1857024K), 0.0035744 secs] [Times: user=0.01 sys=0.00, real=0.00 secs] 
5872.928: [GC (Allocation Failure) [PSYoungGen: 247861K->174496K(417792K)] 1219860K->1154420K(1816064K), 0.0362695 secs] [Times: user=0.22 sys=0.00, real=0.03 secs] 
5875.246: [GC (Allocation Failure) [PSYoungGen: 417696K->101120K(468992K)] 1397620K->1247460K(1867264K), 0.1171469 secs] [Times: user=0.70 sys=0.01, real=0.12 secs] 
5876.064: [GC (Allocation Failure) [PSYoungGen: 337152K->171040K(465920K)] 1483492K->1414909K(1864192K), 0.0533744 secs] [Times: user=0.32 sys=0.00, real=0.06 secs] 
5876.118: [Full GC (Ergonomics) [PSYoungGen: 171040K->0K(465920K)] [ParOldGen: 1243869K->218125K(1398272K)] 1414909K->218125K(1864192K), [Metaspace: 59713K->59713K(1105920K)], 0.5194592 secs] [Times: user=2.43 sys=0.00, real=0.52 secs] 
5879.385: [GC (Allocation Failure) [PSYoungGen: 236032K->88672K(465920K)] 454157K->306797K(1864192K), 0.1357288 secs] [Times: user=0.80 sys=0.00, real=0.14 secs] 
5880.432: [GC (Allocation Failure) [PSYoungGen: 321632K->172480K(465920K)] 539757K->473478K(1864192K), 0.0565751 secs] [Times: user=0.34 sys=0.00, real=0.06 secs] 
5882.722: [GC (Allocation Failure) [PSYoungGen: 405440K->91168K(465920K)] 706438K->564414K(1864192K), 0.1467837 secs] [Times: user=0.88 sys=0.00, real=0.15 secs] 
5883.624: [GC (Allocation Failure) [PSYoungGen: 324128K->204160K(465920K)] 797374K->762667K(1864192K), 0.0966918 secs] [Times: user=0.57 sys=0.00, real=0.10 secs] 
5886.124: [GC (Allocation Failure) [PSYoungGen: 437120K->89920K(465920K)] 995627K->818859K(1864192K), 0.1127220 secs] [Times: user=0.68 sys=0.00, real=0.12 secs] 
5887.718: [GC (Allocation Failure) [PSYoungGen: 322880K->153920K(465920K)] 1051819K->966411K(1864192K), 0.0606436 secs] [Times: user=0.36 sys=0.00, real=0.06 secs] 
5889.415: [GC (Allocation Failure) [PSYoungGen: 386880K->105152K(465920K)] 1199371K->1071803K(1864192K), 0.0918174 secs] [Times: user=0.55 sys=0.00, real=0.10 secs] 
5890.685: [GC (Allocation Failure) [PSYoungGen: 338112K->143712K(465920K)] 1304763K->1204659K(1864192K), 0.0617824 secs] [Times: user=0.37 sys=0.00, real=0.07 secs] 
5891.867: [GC (Allocation Failure) [PSYoungGen: 376672K->132768K(449536K)] 1437619K->1337499K(1847808K), 0.0674269 secs] [Times: user=0.40 sys=0.00, real=0.06 secs] 
5891.935: [Full GC (Ergonomics) [PSYoungGen: 132768K->0K(449536K)] [ParOldGen: 1204731K->147281K(1398272K)] 1337499K->147281K(1847808K), [Metaspace: 59713K->59713K(1105920K)], 0.3493946 secs] [Times: user=1.50 sys=0.00, real=0.35 secs] 
5893.353: [GC (Allocation Failure) [PSYoungGen: 232960K->115584K(457728K)] 380241K->262865K(1856000K), 0.0412215 secs] [Times: user=0.24 sys=0.00, real=0.04 secs] 
5895.430: [GC (Allocation Failure) [PSYoungGen: 348544K->147456K(468992K)] 495825K->409742K(1867264K), 0.0588878 secs] [Times: user=0.35 sys=0.00, real=0.06 secs] 
5896.624: [GC (Allocation Failure) [PSYoungGen: 403968K->18816K(472064K)] 666254K->281230K(1870336K), 0.0050647 secs] [Times: user=0.02 sys=0.00, real=0.01 secs] 
5899.025: [GC (Allocation Failure) [PSYoungGen: 275328K->180928K(459264K)] 537742K->459250K(1857536K), 0.0412951 secs] [Times: user=0.24 sys=0.00, real=0.04 secs] 
5901.979: [GC (Allocation Failure) [PSYoungGen: 413888K->89888K(465920K)] 692210K->548946K(1864192K), 0.1637237 secs] [Times: user=0.98 sys=0.00, real=0.16 secs] 
5902.898: [GC (Allocation Failure) [PSYoungGen: 322848K->169280K(465920K)] 781906K->714335K(1864192K), 0.0565122 secs] [Times: user=0.34 sys=0.00, real=0.05 secs] 
5906.358: [GC (Allocation Failure) [PSYoungGen: 402240K->85120K(465920K)] 947295K->799503K(1864192K), 0.1781330 secs] [Times: user=1.06 sys=0.00, real=0.17 secs] 
5906.824: [GC (Allocation Failure) [PSYoungGen: 318080K->176608K(465920K)] 1032463K->970036K(1864192K), 0.0584820 secs] [Times: user=0.34 sys=0.00, real=0.06 secs] 
5910.771: [GC (Allocation Failure) [PSYoungGen: 409568K->78048K(465920K)] 1202996K->1048044K(1864192K), 0.1446166 secs] [Times: user=0.86 sys=0.00, real=0.14 secs] 
5911.512: [GC (Allocation Failure) [PSYoungGen: 307142K->207936K(465920K)] 1277139K->1249657K(1864192K), 0.0615629 secs] [Times: user=0.37 sys=0.00, real=0.06 secs] 
5913.611: [GC (Allocation Failure) [PSYoungGen: 440896K->86880K(465920K)] 1482617K->1301997K(1864192K), 0.1202018 secs] [Times: user=0.71 sys=0.01, real=0.12 secs] 
5913.731: [Full GC (Ergonomics) [PSYoungGen: 86880K->0K(465920K)] [ParOldGen: 1215117K->101974K(1398272K)] 1301997K->101974K(1864192K), [Metaspace: 59713K->59713K(1105920K)], 0.2465389 secs] [Times: user=1.12 sys=0.00, real=0.25 secs] 
5915.970: [GC (Allocation Failure) [PSYoungGen: 232960K->157312K(465920K)] 334934K->259286K(1864192K), 0.0458722 secs] [Times: user=0.27 sys=0.00, real=0.04 secs] 
5917.497: [GC (Allocation Failure) [PSYoungGen: 390272K->114720K(465920K)] 492246K->374254K(1864192K), 0.0957874 secs] [Times: user=0.57 sys=0.00, real=0.09 secs] 
5919.115: [GC (Allocation Failure) [PSYoungGen: 347680K->150624K(465920K)] 607214K->496957K(1864192K), 0.0604267 secs] [Times: user=0.36 sys=0.00, real=0.06 secs] 
5920.571: [GC (Allocation Failure) [PSYoungGen: 383584K->121792K(354816K)] 729917K->618921K(1753088K), 0.0783239 secs] [Times: user=0.47 sys=0.00, real=0.08 secs] 
5922.948: [GC (Allocation Failure) [PSYoungGen: 354752K->126048K(474112K)] 851881K->734898K(1872384K), 0.0645188 secs] [Times: user=0.37 sys=0.00, real=0.06 secs] 
5924.436: [GC (Allocation Failure) [PSYoungGen: 368736K->148320K(464384K)] 977586K->882970K(1862656K), 0.0588638 secs] [Times: user=0.34 sys=0.01, real=0.06 secs] 
5926.136: [GC (Allocation Failure) [PSYoungGen: 391008K->8832K(453632K)] 1125658K->743534K(1851904K), 0.0033371 secs] [Times: user=0.02 sys=0.01, real=0.01 secs] 
5927.208: [GC (Allocation Failure) [PSYoungGen: 242816K->168064K(465408K)] 977518K->910056K(1863680K), 0.0351350 secs] [Times: user=0.20 sys=0.00, real=0.03 secs] 
5928.909: [GC (Allocation Failure) [PSYoungGen: 402048K->96864K(465920K)] 1144040K->998552K(1864192K), 0.0683973 secs] [Times: user=0.41 sys=0.00, real=0.07 secs] 
5930.692: [GC (Allocation Failure) [PSYoungGen: 317664K->159776K(465920K)] 1219352K->1156089K(1864192K), 0.0510370 secs] [Times: user=0.30 sys=0.00, real=0.05 secs] 
5931.951: [GC (Allocation Failure) [PSYoungGen: 394272K->99392K(459776K)] 1390585K->1246897K(1858048K), 0.0713907 secs] [Times: user=0.42 sys=0.00, real=0.07 secs] 
5933.954: [GC (Allocation Failure) [PSYoungGen: 333888K->165504K(462848K)] 1481393K->1408710K(1861120K), 0.0519344 secs] [Times: user=0.31 sys=0.00, real=0.05 secs] 
5934.006: [Full GC (Ergonomics) [PSYoungGen: 165504K->0K(462848K)] [ParOldGen: 1243206K->210886K(1398272K)] 1408710K->210886K(1861120K), [Metaspace: 59713K->59713K(1105920K)], 0.4994058 secs] [Times: user=2.33 sys=0.00, real=0.50 secs] 
5936.355: [GC (Allocation Failure) [PSYoungGen: 233857K->91232K(466432K)] 444743K->302118K(1864704K), 0.1650437 secs] [Times: user=0.99 sys=0.00, real=0.17 secs] 
5936.916: [GC (Allocation Failure) [PSYoungGen: 328288K->174240K(465920K)] 539174K->471887K(1864192K), 0.0574003 secs] [Times: user=0.34 sys=0.00, real=0.06 secs] 
5939.002: [GC (Allocation Failure) [PSYoungGen: 411296K->92768K(466432K)] 708943K->564399K(1864704K), 0.1391876 secs] [Times: user=0.82 sys=0.01, real=0.14 secs] 
5940.392: [GC (Allocation Failure) [PSYoungGen: 326240K->170688K(465920K)] 797871K->729079K(1864192K), 0.1366183 secs] [Times: user=0.81 sys=0.02, real=0.14 secs] 
5941.992: [GC (Allocation Failure) [PSYoungGen: 404160K->94080K(465920K)] 962551K->823087K(1864192K), 0.1088558 secs] [Times: user=0.65 sys=0.00, real=0.11 secs] 
5943.996: [GC (Allocation Failure) [PSYoungGen: 327040K->151264K(384512K)] 1056047K->968004K(1782784K), 0.0620000 secs] [Times: user=0.37 sys=0.00, real=0.07 secs] 
5945.322: [GC (Allocation Failure) [PSYoungGen: 384224K->105088K(471552K)] 1200964K->1072884K(1869824K), 0.0948782 secs] [Times: user=0.56 sys=0.01, real=0.10 secs] 
5947.534: [GC (Allocation Failure) [PSYoungGen: 344192K->142816K(381952K)] 1311988K->1205321K(1780224K), 0.0617411 secs] [Times: user=0.37 sys=0.00, real=0.06 secs] 
5948.854: [GC (Allocation Failure) [PSYoungGen: 381920K->130656K(470528K)] 1444425K->1336169K(1868800K), 0.0622358 secs] [Times: user=0.36 sys=0.00, real=0.06 secs] 
5948.916: [Full GC (Ergonomics) [PSYoungGen: 130656K->0K(470528K)] [ParOldGen: 1205513K->145167K(1398272K)] 1336169K->145167K(1868800K), [Metaspace: 59714K->59714K(1105920K)], 0.3401834 secs] [Times: user=1.55 sys=0.00, real=0.35 secs] 
5951.805: [GC (Allocation Failure) [PSYoungGen: 248320K->119696K(462336K)] 393487K->264863K(1860608K), 0.0423249 secs] [Times: user=0.25 sys=0.00, real=0.05 secs] 
5953.486: [GC (Allocation Failure) [PSYoungGen: 368016K->165568K(463360K)] 513183K->429500K(1861632K), 0.0621657 secs] [Times: user=0.36 sys=0.00, real=0.07 secs] 
5954.875: [GC (Allocation Failure) [PSYoungGen: 422080K->116192K(469504K)] 686012K->536828K(1867776K), 0.0750899 secs] [Times: user=0.45 sys=0.00, real=0.08 secs] 
5955.952: [GC (Allocation Failure) [PSYoungGen: 372704K->189312K(462848K)] 793340K->722941K(1861120K), 0.0741810 secs] [Times: user=0.44 sys=0.01, real=0.07 secs] 
5959.539: [GC (Allocation Failure) [PSYoungGen: 444800K->99968K(477184K)] 978429K->823101K(1875456K), 0.1235942 secs] [Times: user=0.74 sys=0.00, real=0.12 secs] 
5960.816: [GC (Allocation Failure) [PSYoungGen: 355456K->160800K(475648K)] 1078589K->977474K(1873920K), 0.0649001 secs] [Times: user=0.39 sys=0.00, real=0.07 secs] 
5963.510: [GC (Allocation Failure) [PSYoungGen: 417312K->128768K(385536K)] 1233986K->1106026K(1783808K), 0.0809224 secs] [Times: user=0.48 sys=0.00, real=0.08 secs] 
5964.806: [GC (Allocation Failure) [PSYoungGen: 385280K->5536K(457728K)] 1362538K->982846K(1856000K), 0.0027380 secs] [Times: user=0.02 sys=0.00, real=0.01 secs] 
5966.807: [GC (Allocation Failure) [PSYoungGen: 249760K->178848K(423424K)] 1227070K->1160179K(1821696K), 0.0355724 secs] [Times: user=0.21 sys=0.01, real=0.03 secs] 
5968.436: [GC (Allocation Failure) [PSYoungGen: 423072K->104640K(467968K)] 1404403K->1248155K(1866240K), 0.0720295 secs] [Times: user=0.42 sys=0.01, real=0.08 secs] 
5968.508: [Full GC (Ergonomics) [PSYoungGen: 104640K->0K(467968K)] [ParOldGen: 1143515K->47391K(1398272K)] 1248155K->47391K(1866240K), [Metaspace: 59714K->59714K(1105920K)], 0.0953207 secs] [Times: user=0.38 sys=0.00, real=0.09 secs] 
5969.841: [GC (Allocation Failure) [PSYoungGen: 235008K->171840K(465920K)] 282399K->219231K(1864192K), 0.0367356 secs] [Times: user=0.22 sys=0.00, real=0.04 secs] 
5973.076: [GC (Allocation Failure) [PSYoungGen: 406848K->85216K(465920K)] 454239K->304547K(1864192K), 0.1696854 secs] [Times: user=1.01 sys=0.00, real=0.17 secs] 
5973.726: [GC (Allocation Failure) [PSYoungGen: 318176K->172768K(465920K)] 537507K->474108K(1864192K), 0.0606557 secs] [Times: user=0.36 sys=0.00, real=0.07 secs] 
5977.155: [GC (Allocation Failure) [PSYoungGen: 405728K->81184K(465920K)] 707068K->555276K(1864192K), 0.1613699 secs] [Times: user=0.97 sys=0.00, real=0.16 secs] 
5978.106: [GC (Allocation Failure) [PSYoungGen: 314144K->174720K(465920K)] 788236K->723585K(1864192K), 0.1075444 secs] [Times: user=0.64 sys=0.00, real=0.11 secs] 
5980.666: [GC (Allocation Failure) [PSYoungGen: 407680K->90176K(465920K)] 956545K->813605K(1864192K), 0.1283430 secs] [Times: user=0.76 sys=0.00, real=0.13 secs] 
5981.929: [GC (Allocation Failure) [PSYoungGen: 323136K->168480K(465920K)] 1046565K->971148K(1864192K), 0.0633488 secs] [Times: user=0.37 sys=0.00, real=0.06 secs] 
5983.185: [GC (Allocation Failure) [PSYoungGen: 394349K->93120K(465920K)] 1197017K->1064516K(1864192K), 0.1159219 secs] [Times: user=0.69 sys=0.01, real=0.12 secs] 
5984.442: [GC (Allocation Failure) [PSYoungGen: 326080K->151168K(465920K)] 1297476K->1209125K(1864192K), 0.0638709 secs] [Times: user=0.35 sys=0.00, real=0.06 secs] 
5985.802: [GC (Allocation Failure) [PSYoungGen: 384128K->111936K(459776K)] 1442085K->1320709K(1858048K), 0.0900497 secs] [Times: user=0.52 sys=0.01, real=0.09 secs] 
5985.892: [Full GC (Ergonomics) [PSYoungGen: 111936K->0K(459776K)] [ParOldGen: 1208773K->126566K(1398272K)] 1320709K->126566K(1858048K), [Metaspace: 59714K->59714K(1105920K)], 0.2910240 secs] [Times: user=1.32 sys=0.00, real=0.29 secs] 
5987.509: [GC (Allocation Failure) [PSYoungGen: 232960K->136288K(462848K)] 359526K->262854K(1861120K), 0.0502220 secs] [Times: user=0.30 sys=0.00, real=0.05 secs] 
5989.123: [GC (Allocation Failure) [PSYoungGen: 369248K->130144K(455680K)] 495814K->392494K(1853952K), 0.0799192 secs] [Times: user=0.48 sys=0.00, real=0.08 secs] 
5991.442: [GC (Allocation Failure) [PSYoungGen: 376416K->2208K(460288K)] 638766K->264614K(1858560K), 0.0020210 secs] [Times: user=0.01 sys=0.00, real=0.00 secs] 
5992.735: [GC (Allocation Failure) [PSYoungGen: 248480K->164096K(459776K)] 510886K->427695K(1858048K), 0.0323131 secs] [Times: user=0.19 sys=0.00, real=0.04 secs] 
5994.075: [GC (Allocation Failure) [PSYoungGen: 397056K->19392K(465920K)] 660655K->283079K(1864192K), 0.0049325 secs] [Times: user=0.03 sys=0.00, real=0.01 secs] 
5995.648: [GC (Allocation Failure) [PSYoungGen: 252352K->165440K(465920K)] 516039K->446412K(1864192K), 0.0378006 secs] [Times: user=0.22 sys=0.00, real=0.03 secs] 
5997.374: [GC (Allocation Failure) [PSYoungGen: 398400K->96896K(465920K)] 679372K->534644K(1864192K), 0.0699602 secs] [Times: user=0.42 sys=0.00, real=0.07 secs] 
5999.199: [GC (Allocation Failure) [PSYoungGen: 329856K->163072K(465920K)] 767604K->694169K(1864192K), 0.0506823 secs] [Times: user=0.30 sys=0.00, real=0.05 secs] 
6001.040: [GC (Allocation Failure) [PSYoungGen: 396032K->93056K(465920K)] 927129K->786701K(1864192K), 0.1458709 secs] [Times: user=0.87 sys=0.00, real=0.14 secs] 
6002.250: [GC (Allocation Failure) [PSYoungGen: 326016K->171680K(465920K)] 1019661K->954474K(1864192K), 0.0583582 secs] [Times: user=0.35 sys=0.00, real=0.06 secs] 
6005.436: [GC (Allocation Failure) [PSYoungGen: 404640K->81344K(465920K)] 1187434K->1035950K(1864192K), 0.1405377 secs] [Times: user=0.83 sys=0.00, real=0.14 secs] 
6006.501: [GC (Allocation Failure) [PSYoungGen: 314304K->174432K(465920K)] 1268910K->1204346K(1864192K), 0.0844795 secs] [Times: user=0.51 sys=0.00, real=0.08 secs] 
6008.715: [GC (Allocation Failure) [PSYoungGen: 407392K->87904K(465920K)] 1437306K->1292383K(1864192K), 0.1412443 secs] [Times: user=0.84 sys=0.00, real=0.14 secs] 
6008.857: [Full GC (Ergonomics) [PSYoungGen: 87904K->0K(465920K)] [ParOldGen: 1204479K->89868K(1398272K)] 1292383K->89868K(1864192K), [Metaspace: 59715K->59715K(1105920K)], 0.2261617 secs] [Times: user=1.04 sys=0.00, real=0.23 secs] 
6011.096: [GC (Allocation Failure) [PSYoungGen: 232960K->166720K(465920K)] 322828K->256588K(1864192K), 0.1045024 secs] [Times: user=0.61 sys=0.01, real=0.11 secs] 
6012.705: [GC (Allocation Failure) [PSYoungGen: 399680K->94912K(465920K)] 489548K->351412K(1864192K), 0.1058168 secs] [Times: user=0.62 sys=0.01, real=0.11 secs] 
6014.611: [GC (Allocation Failure) [PSYoungGen: 327872K->152000K(465920K)] 584372K->496771K(1864192K), 0.0614738 secs] [Times: user=0.36 sys=0.00, real=0.06 secs] 
6015.605: [GC (Allocation Failure) [PSYoungGen: 384960K->104768K(337920K)] 729731K->601587K(1736192K), 0.0981969 secs] [Times: user=0.58 sys=0.00, real=0.10 secs] 
6017.374: [GC (Allocation Failure) [PSYoungGen: 337728K->143488K(466944K)] 834547K->734776K(1865216K), 0.0610023 secs] [Times: user=0.37 sys=0.00, real=0.06 secs] 
6019.551: [GC (Allocation Failure) [PSYoungGen: 379520K->124352K(360448K)] 970808K->858576K(1758720K), 0.0756118 secs] [Times: user=0.45 sys=0.00, real=0.08 secs] 
6021.004: [GC (Allocation Failure) [PSYoungGen: 360384K->124384K(466944K)] 1094608K->972481K(1865216K), 0.0629615 secs] [Times: user=0.37 sys=0.00, real=0.07 secs] 
6024.157: [GC (Allocation Failure) [PSYoungGen: 373728K->149600K(457728K)] 1221825K->1121269K(1856000K), 0.0608102 secs] [Times: user=0.35 sys=0.01, real=0.06 secs] 
6025.344: [GC (Allocation Failure) [PSYoungGen: 398944K->16960K(468480K)] 1370613K->988669K(1866752K), 0.0047971 secs] [Times: user=0.02 sys=0.00, real=0.01 secs] 
6027.159: [GC (Allocation Failure) [PSYoungGen: 276544K->181664K(441344K)] 1248253K->1167705K(1839616K), 0.0413870 secs] [Times: user=0.25 sys=0.00, real=0.04 secs] 
6029.032: [GC (Allocation Failure) [PSYoungGen: 441248K->112544K(474624K)] 1427289K->1279513K(1872896K), 0.1403591 secs] [Times: user=0.84 sys=0.00, real=0.14 secs] 
6029.173: [Full GC (Ergonomics) [PSYoungGen: 112544K->0K(474624K)] [ParOldGen: 1166969K->84012K(1398272K)] 1279513K->84012K(1872896K), [Metaspace: 59717K->59717K(1105920K)], 0.2086846 secs] [Times: user=0.95 sys=0.00, real=0.21 secs] 
6030.533: [GC (Allocation Failure) [PSYoungGen: 238226K->209696K(465920K)] 322238K->293708K(1864192K), 0.0408689 secs] [Times: user=0.24 sys=0.00, real=0.04 secs] 
6031.721: [GC (Allocation Failure) [PSYoungGen: 451360K->99168K(465920K)] 535372K->358348K(1864192K), 0.0836773 secs] [Times: user=0.49 sys=0.00, real=0.08 secs] 
6034.816: [GC (Allocation Failure) [PSYoungGen: 332128K->148480K(465920K)] 591308K->496657K(1864192K), 0.0609186 secs] [Times: user=0.36 sys=0.00, real=0.07 secs] 
6036.012: [GC (Allocation Failure) [PSYoungGen: 381440K->113056K(457728K)] 729617K->609905K(1856000K), 0.0872822 secs] [Times: user=0.44 sys=0.00, real=0.09 secs] 
6037.549: [GC (Allocation Failure) [PSYoungGen: 346016K->134688K(461824K)] 842865K->734212K(1860096K), 0.0618875 secs] [Times: user=0.37 sys=0.00, real=0.06 secs] 
6038.230: [GC (Allocation Failure) [PSYoungGen: 367648K->136192K(461312K)] 967172K->870596K(1859584K), 0.0600895 secs] [Times: user=0.35 sys=0.00, real=0.06 secs] 
6040.559: [GC (Allocation Failure) [PSYoungGen: 385024K->3872K(463872K)] 1119428K->738300K(1862144K), 0.0027094 secs] [Times: user=0.02 sys=0.00, real=0.00 secs] 
6041.834: [GC (Allocation Failure) [PSYoungGen: 252704K->171040K(460800K)] 987132K->908261K(1859072K), 0.0339048 secs] [Times: user=0.20 sys=0.00, real=0.04 secs] 
6044.198: [GC (Allocation Failure) [PSYoungGen: 404000K->96832K(465920K)] 1141221K->996373K(1864192K), 0.0714971 secs] [Times: user=0.43 sys=0.00, real=0.07 secs] 
6044.842: [GC (Allocation Failure) [PSYoungGen: 318304K->162016K(462848K)] 1217846K->1156402K(1861120K), 0.0528693 secs] [Times: user=0.31 sys=0.01, real=0.05 secs] 
6046.213: [GC (Allocation Failure) [PSYoungGen: 394976K->95040K(328192K)] 1389362K->1242694K(1726464K), 0.0703538 secs] [Times: user=0.40 sys=0.00, real=0.07 secs] 
6046.284: [Full GC (Ergonomics) [PSYoungGen: 95040K->0K(328192K)] [ParOldGen: 1147654K->45872K(1398272K)] 1242694K->45872K(1726464K), [Metaspace: 59717K->59717K(1105920K)], 0.0970014 secs] [Times: user=0.36 sys=0.00, real=0.10 secs] 
6048.138: [GC (Allocation Failure) [PSYoungGen: 232960K->167840K(459776K)] 278832K->213712K(1858048K), 0.0359894 secs] [Times: user=0.22 sys=0.00, real=0.03 secs] 
6051.249: [GC (Allocation Failure) [PSYoungGen: 399264K->87328K(464384K)] 445136K->300784K(1862656K), 0.1479995 secs] [Times: user=0.88 sys=0.00, real=0.15 secs] 
6052.906: [GC (Allocation Failure) [PSYoungGen: 318752K->166560K(463360K)] 532208K->463301K(1861632K), 0.0913176 secs] [Times: user=0.54 sys=0.00, real=0.10 secs] 
6055.355: [GC (Allocation Failure) [PSYoungGen: 399520K->86912K(465920K)] 696261K->550030K(1864192K), 0.1694269 secs] [Times: user=1.00 sys=0.00, real=0.17 secs] 
6055.874: [GC (Allocation Failure) [PSYoungGen: 319872K->173248K(464896K)] 782990K->717346K(1863168K), 0.0569477 secs] [Times: user=0.34 sys=0.00, real=0.06 secs] 
6058.662: [GC (Allocation Failure) [PSYoungGen: 406208K->89152K(465920K)] 950306K->805594K(1864192K), 0.1373638 secs] [Times: user=0.82 sys=0.01, real=0.14 secs] 
6059.395: [GC (Allocation Failure) [PSYoungGen: 320158K->208064K(465920K)] 1036600K->1007591K(1864192K), 0.0621555 secs] [Times: user=0.37 sys=0.00, real=0.07 secs] 
6061.872: [GC (Allocation Failure) [PSYoungGen: 441024K->86336K(465920K)] 1240551K->1059399K(1864192K), 0.1233189 secs] [Times: user=0.72 sys=0.00, real=0.12 secs] 
6063.893: [GC (Allocation Failure) [PSYoungGen: 319296K->157920K(465920K)] 1292359K->1210566K(1864192K), 0.0606916 secs] [Times: user=0.36 sys=0.00, real=0.06 secs] 
6067.398: [GC (Allocation Failure) [PSYoungGen: 383020K->92896K(465920K)] 1435667K->1303758K(1864192K), 0.1076990 secs] [Times: user=0.64 sys=0.00, real=0.10 secs] 
6067.506: [Full GC (Ergonomics) [PSYoungGen: 92896K->0K(465920K)] [ParOldGen: 1210862K->108459K(1398272K)] 1303758K->108459K(1864192K), [Metaspace: 59717K->59717K(1105920K)], 0.2639020 secs] [Times: user=1.21 sys=0.00, real=0.27 secs] 
6068.832: [GC (Allocation Failure) [PSYoungGen: 232960K->150976K(465920K)] 341419K->259435K(1864192K), 0.0431557 secs] [Times: user=0.25 sys=0.00, real=0.04 secs] 
6070.910: [GC (Allocation Failure) [PSYoungGen: 383936K->104576K(465920K)] 492395K->363931K(1864192K), 0.0916071 secs] [Times: user=0.55 sys=0.00, real=0.09 secs] 
6072.338: [GC (Allocation Failure) [PSYoungGen: 337536K->143712K(459776K)] 596891K->496564K(1858048K), 0.0607408 secs] [Times: user=0.36 sys=0.00, real=0.06 secs] 
6073.748: [GC (Allocation Failure) [PSYoungGen: 376672K->125728K(358912K)] 729524K->622396K(1757184K), 0.0713641 secs] [Times: user=0.42 sys=0.00, real=0.07 secs] 
6074.960: [GC (Allocation Failure) [PSYoungGen: 358688K->128K(449536K)] 855356K->496828K(1847808K), 0.0017056 secs] [Times: user=0.01 sys=0.00, real=0.00 secs] 
6076.445: [GC (Allocation Failure) [PSYoungGen: 229504K->152448K(462336K)] 726204K->649160K(1860608K), 0.0299992 secs] [Times: user=0.18 sys=0.00, real=0.03 secs] 
6078.871: [GC (Allocation Failure) [PSYoungGen: 381824K->2656K(465920K)] 878536K->499392K(1864192K), 0.0022115 secs] [Times: user=0.01 sys=0.00, real=0.00 secs] 
6080.628: [GC (Allocation Failure) [PSYoungGen: 235616K->152128K(465920K)] 732352K->650037K(1864192K), 0.0307320 secs] [Times: user=0.18 sys=0.00, real=0.03 secs] 
6081.768: [GC (Allocation Failure) [PSYoungGen: 385088K->106464K(465920K)] 882997K->746797K(1864192K), 0.0676827 secs] [Times: user=0.40 sys=0.00, real=0.06 secs] 
6082.911: [GC (Allocation Failure) [PSYoungGen: 339424K->170528K(465920K)] 979757K->916038K(1864192K), 0.0655084 secs] [Times: user=0.38 sys=0.00, real=0.06 secs] 
6084.850: [GC (Allocation Failure) [PSYoungGen: 403488K->92320K(465920K)] 1148998K->1000294K(1864192K), 0.0696508 secs] [Times: user=0.42 sys=0.00, real=0.07 secs] 
6086.763: [GC (Allocation Failure) [PSYoungGen: 325280K->169600K(465920K)] 1233254K->1166346K(1864192K), 0.0505871 secs] [Times: user=0.30 sys=0.00, real=0.05 secs] 
6089.629: [GC (Allocation Failure) [PSYoungGen: 402560K->87552K(465920K)] 1399306K->1253903K(1864192K), 0.1748170 secs] [Times: user=1.04 sys=0.00, real=0.17 secs] 
6089.804: [Full GC (Ergonomics) [PSYoungGen: 87552K->0K(465920K)] [ParOldGen: 1166350K->55403K(1398272K)] 1253903K->55403K(1864192K), [Metaspace: 59717K->59717K(1105920K)], 0.1579108 secs] [Times: user=0.72 sys=0.01, real=0.16 secs] 
6090.994: [GC (Allocation Failure) [PSYoungGen: 232960K->171136K(465920K)] 288363K->226539K(1864192K), 0.0360250 secs] [Times: user=0.21 sys=0.00, real=0.04 secs] 
6093.980: [GC (Allocation Failure) [PSYoungGen: 404096K->81280K(465920K)] 459499K->307707K(1864192K), 0.1662784 secs] [Times: user=0.99 sys=0.00, real=0.16 secs] 
6094.769: [GC (Allocation Failure) [PSYoungGen: 314240K->177536K(465920K)] 540667K->478764K(1864192K), 0.0561499 secs] [Times: user=0.33 sys=0.01, real=0.05 secs] 
6097.031: [GC (Allocation Failure) [PSYoungGen: 410496K->92384K(465920K)] 711724K->571212K(1864192K), 0.1275939 secs] [Times: user=0.76 sys=0.00, real=0.13 secs] 
6098.998: [GC (Allocation Failure) [PSYoungGen: 325344K->187904K(465920K)] 804172K->749065K(1864192K), 0.1193258 secs] [Times: user=0.72 sys=0.00, real=0.12 secs] 
6101.178: [GC (Allocation Failure) [PSYoungGen: 420864K->85696K(465920K)] 982025K->818201K(1864192K), 0.1134208 secs] [Times: user=0.68 sys=0.00, real=0.11 secs] 
6103.356: [GC (Allocation Failure) [PSYoungGen: 318656K->158656K(465920K)] 1051161K->970040K(1864192K), 0.0601849 secs] [Times: user=0.35 sys=0.00, real=0.06 secs] 
6105.787: [GC (Allocation Failure) [PSYoungGen: 391616K->97888K(465920K)] 1203000K->1068072K(1864192K), 0.1035746 secs] [Times: user=0.61 sys=0.00, real=0.10 secs] 
6107.313: [GC (Allocation Failure) [PSYoungGen: 330848K->150048K(465920K)] 1301032K->1207487K(1864192K), 0.0609618 secs] [Times: user=0.37 sys=0.00, real=0.06 secs] 
6109.047: [GC (Allocation Failure) [PSYoungGen: 383008K->112192K(462848K)] 1440447K->1319807K(1861120K), 0.0926819 secs] [Times: user=0.54 sys=0.00, real=0.09 secs] 
6109.140: [Full GC (Ergonomics) [PSYoungGen: 112192K->0K(462848K)] [ParOldGen: 1207615K->126176K(1398272K)] 1319807K->126176K(1861120K), [Metaspace: 59717K->59717K(1105920K)], 0.2917049 secs] [Times: user=1.33 sys=0.00, real=0.29 secs] 
6110.837: [GC (Allocation Failure) [PSYoungGen: 232960K->135648K(368640K)] 359136K->261824K(1766912K), 0.0500852 secs] [Times: user=0.30 sys=0.00, real=0.05 secs] 
6112.181: [GC (Allocation Failure) [PSYoungGen: 368608K->131840K(470016K)] 494784K->393968K(1868288K), 0.0761022 secs] [Times: user=0.45 sys=0.00, real=0.08 secs] 
6114.555: [GC (Allocation Failure) [PSYoungGen: 377088K->2944K(462336K)] 639216K->265148K(1860608K), 0.0022111 secs] [Times: user=0.01 sys=0.00, real=0.01 secs] 
6115.333: [GC (Allocation Failure) [PSYoungGen: 248192K->169536K(461824K)] 510396K->433597K(1860096K), 0.0334291 secs] [Times: user=0.19 sys=0.00, real=0.03 secs] 
6117.108: [GC (Allocation Failure) [PSYoungGen: 402496K->97568K(465920K)] 666557K->522461K(1864192K), 0.0702596 secs] [Times: user=0.42 sys=0.00, real=0.07 secs] 
6118.481: [GC (Allocation Failure) [PSYoungGen: 323531K->162880K(462848K)] 748425K->683530K(1861120K), 0.0835031 secs] [Times: user=0.50 sys=0.00, real=0.08 secs] 
6121.348: [GC (Allocation Failure) [PSYoungGen: 395840K->92800K(326144K)] 916490K->768258K(1724416K), 0.0779206 secs] [Times: user=0.46 sys=0.00, real=0.07 secs] 
6122.046: [GC (Allocation Failure) [PSYoungGen: 325760K->167840K(461824K)] 1001218K->932930K(1860096K), 0.0503949 secs] [Times: user=0.30 sys=0.00, real=0.05 secs] 
6124.232: [GC (Allocation Failure) [PSYoungGen: 400288K->91136K(465408K)] 1165378K->1023850K(1863680K), 0.1426492 secs] [Times: user=0.85 sys=0.00, real=0.14 secs] 
6125.496: [GC (Allocation Failure) [PSYoungGen: 323584K->172384K(463360K)] 1256298K->1192867K(1861632K), 0.0873545 secs] [Times: user=0.52 sys=0.00, real=0.09 secs] 
6128.679: [GC (Allocation Failure) [PSYoungGen: 405344K->82048K(465920K)] 1425827K->1275131K(1864192K), 0.1711425 secs] [Times: user=1.01 sys=0.01, real=0.17 secs] 
6128.850: [Full GC (Ergonomics) [PSYoungGen: 82048K->0K(465920K)] [ParOldGen: 1193083K->71952K(1398272K)] 1275131K->71952K(1864192K), [Metaspace: 59717K->59717K(1105920K)], 0.1928283 secs] [Times: user=0.89 sys=0.00, real=0.19 secs] 
6129.464: [GC (Allocation Failure) [PSYoungGen: 232960K->175520K(465920K)] 304912K->247472K(1864192K), 0.0422265 secs] [Times: user=0.23 sys=0.00, real=0.04 secs] 
6132.101: [GC (Allocation Failure) [PSYoungGen: 408480K->86624K(465920K)] 480432K->334360K(1864192K), 0.1364491 secs] [Times: user=0.81 sys=0.00, real=0.14 secs] 
6132.826: [GC (Allocation Failure) [PSYoungGen: 317951K->203264K(465920K)] 565687K->531443K(1864192K), 0.0620025 secs] [Times: user=0.37 sys=0.00, real=0.07 secs] 
6134.940: [GC (Allocation Failure) [PSYoungGen: 436224K->93120K(465920K)] 764403K->589499K(1864192K), 0.1136810 secs] [Times: user=0.67 sys=0.00, real=0.11 secs] 
6136.155: [GC (Allocation Failure) [PSYoungGen: 326080K->150944K(465920K)] 822459K->733906K(1864192K), 0.0604133 secs] [Times: user=0.36 sys=0.00, real=0.06 secs] 
6138.111: [GC (Allocation Failure) [PSYoungGen: 383904K->109312K(465920K)] 966866K->843270K(1864192K), 0.0922132 secs] [Times: user=0.54 sys=0.00, real=0.09 secs] 
6140.414: [GC (Allocation Failure) [PSYoungGen: 342272K->138880K(463872K)] 1076230K->971157K(1862144K), 0.0615566 secs] [Times: user=0.37 sys=0.00, real=0.06 secs] 
6142.959: [GC (Allocation Failure) [PSYoungGen: 371840K->120768K(353792K)] 1204117K->1091718K(1752064K), 0.0808712 secs] [Times: user=0.48 sys=0.00, real=0.08 secs] 
6144.709: [GC (Allocation Failure) [PSYoungGen: 353728K->127680K(468992K)] 1324678K->1208850K(1867264K), 0.0628419 secs] [Times: user=0.37 sys=0.00, real=0.06 secs] 
6146.326: [GC (Allocation Failure) [PSYoungGen: 373440K->160544K(459264K)] 1454610K->1369154K(1857536K), 0.0608656 secs] [Times: user=0.37 sys=0.00, real=0.07 secs] 
6146.387: [Full GC (Ergonomics) [PSYoungGen: 160544K->0K(459264K)] [ParOldGen: 1208610K->166247K(1398272K)] 1369154K->166247K(1857536K), [Metaspace: 59717K->59717K(1105920K)], 0.4014746 secs] [Times: user=1.85 sys=0.00, real=0.40 secs] 
6148.359: [GC (Allocation Failure) [PSYoungGen: 245760K->107680K(480768K)] 412007K->273927K(1879040K), 0.0380250 secs] [Times: user=0.22 sys=0.00, real=0.04 secs] 
6150.175: [GC (Allocation Failure) [PSYoungGen: 374432K->185024K(452096K)] 540679K->457191K(1850368K), 0.0595358 secs] [Times: user=0.36 sys=0.00, real=0.06 secs] 
6153.286: [GC (Allocation Failure) [PSYoungGen: 451776K->113088K(479232K)] 723943K->569527K(1877504K), 0.1605632 secs] [Times: user=0.96 sys=0.00, real=0.16 secs] 
6155.132: [GC (Allocation Failure) [PSYoungGen: 363542K->211616K(465920K)] 819982K->775016K(1864192K), 0.0735329 secs] [Times: user=0.44 sys=0.00, real=0.07 secs] 
6156.708: [GC (Allocation Failure) [PSYoungGen: 465568K->110848K(465920K)] 1028968K->848912K(1864192K), 0.0926421 secs] [Times: user=0.55 sys=0.00, real=0.09 secs] 
6158.481: [GC (Allocation Failure) [PSYoungGen: 343808K->137632K(370688K)] 1081872K->975769K(1768960K), 0.0619905 secs] [Times: user=0.36 sys=0.00, real=0.06 secs] 
6159.573: [GC (Allocation Failure) [PSYoungGen: 370592K->139776K(466944K)] 1208729K->1115741K(1865216K), 0.0605665 secs] [Times: user=0.36 sys=0.00, real=0.06 secs] 
6162.787: [GC (Allocation Failure) [PSYoungGen: 380928K->2112K(458752K)] 1356893K->978117K(1857024K), 0.0034815 secs] [Times: user=0.02 sys=0.00, real=0.01 secs] 
6164.076: [GC (Allocation Failure) [PSYoungGen: 243264K->156736K(465920K)] 1219269K->1133674K(1864192K), 0.0314895 secs] [Times: user=0.19 sys=0.00, real=0.04 secs] 
6165.216: [GC (Allocation Failure) [PSYoungGen: 389696K->13664K(465920K)] 1366634K->990714K(1864192K), 0.0050595 secs] [Times: user=0.03 sys=0.00, real=0.01 secs] 
6166.359: [GC (Allocation Failure) [PSYoungGen: 246624K->165056K(465920K)] 1223674K->1154280K(1864192K), 0.0358928 secs] [Times: user=0.21 sys=0.01, real=0.03 secs] 
6168.564: [GC (Allocation Failure) [PSYoungGen: 398016K->98240K(465920K)] 1387240K->1244108K(1864192K), 0.0699929 secs] [Times: user=0.41 sys=0.00, real=0.07 secs] 
6168.634: [Full GC (Ergonomics) [PSYoungGen: 98240K->0K(465920K)] [ParOldGen: 1145868K->42202K(1398272K)] 1244108K->42202K(1864192K), [Metaspace: 59717K->59717K(1105920K)], 0.0853554 secs] [Times: user=0.33 sys=0.00, real=0.09 secs] 
6170.731: [GC (Allocation Failure) [PSYoungGen: 219154K->157824K(465920K)] 261357K->200026K(1864192K), 0.0314307 secs] [Times: user=0.19 sys=0.00, real=0.03 secs] 
6172.361: [GC (Allocation Failure) [PSYoungGen: 390784K->96128K(465920K)] 432986K->287771K(1864192K), 0.0859236 secs] [Times: user=0.51 sys=0.00, real=0.09 secs] 
6174.056: [GC (Allocation Failure) [PSYoungGen: 329088K->180448K(465920K)] 520731K->464403K(1864192K), 0.0752218 secs] [Times: user=0.43 sys=0.01, real=0.08 secs] 
6176.871: [GC (Allocation Failure) [PSYoungGen: 413408K->87360K(465920K)] 697363K->535307K(1864192K), 0.1711158 secs] [Times: user=1.02 sys=0.00, real=0.17 secs] 
6178.595: [GC (Allocation Failure) [PSYoungGen: 320320K->168800K(465920K)] 768267K->699552K(1864192K), 0.0540703 secs] [Times: user=0.32 sys=0.00, real=0.06 secs] 
6179.964: [GC (Allocation Failure) [PSYoungGen: 401760K->92768K(465920K)] 932512K->792000K(1864192K), 0.0742241 secs] [Times: user=0.44 sys=0.00, real=0.08 secs] 
6180.487: [GC (Allocation Failure) [PSYoungGen: 325728K->171328K(465920K)] 1024960K->957753K(1864192K), 0.0632438 secs] [Times: user=0.38 sys=0.00, real=0.06 secs] 
6183.117: [GC (Allocation Failure) [PSYoungGen: 404288K->91392K(465920K)] 1190713K->1048641K(1864192K), 0.1302447 secs] [Times: user=0.78 sys=0.00, real=0.13 secs] 
6185.309: [GC (Allocation Failure) [PSYoungGen: 324352K->200608K(465920K)] 1281601K->1243198K(1864192K), 0.0914867 secs] [Times: user=0.55 sys=0.00, real=0.09 secs] 
6186.844: [GC (Allocation Failure) [PSYoungGen: 433568K->93152K(465920K)] 1476158K->1302522K(1864192K), 0.1199699 secs] [Times: user=0.71 sys=0.00, real=0.12 secs] 
6186.964: [Full GC (Ergonomics) [PSYoungGen: 93152K->0K(465920K)] [ParOldGen: 1209370K->107240K(1398272K)] 1302522K->107240K(1864192K), [Metaspace: 59717K->59717K(1105920K)], 0.2685072 secs] [Times: user=1.24 sys=0.00, real=0.27 secs] 
6189.079: [GC (Allocation Failure) [PSYoungGen: 232960K->151104K(465920K)] 340200K->258344K(1864192K), 0.0430382 secs] [Times: user=0.25 sys=0.00, real=0.04 secs] 
6190.353: [GC (Allocation Failure) [PSYoungGen: 384064K->115520K(465920K)] 491304K->373752K(1864192K), 0.0944762 secs] [Times: user=0.56 sys=0.00, real=0.10 secs] 
6192.143: [GC (Allocation Failure) [PSYoungGen: 348480K->141216K(463872K)] 606712K->496505K(1862144K), 0.0610353 secs] [Times: user=0.36 sys=0.00, real=0.06 secs] 
6193.843: [GC (Allocation Failure) [PSYoungGen: 374176K->124064K(357376K)] 729465K->620045K(1755648K), 0.0731428 secs] [Times: user=0.43 sys=0.00, real=0.07 secs] 
6195.557: [GC (Allocation Failure) [PSYoungGen: 357024K->123840K(466944K)] 853005K->733605K(1865216K), 0.0630022 secs] [Times: user=0.38 sys=0.00, real=0.06 secs] 
6198.217: [GC (Allocation Failure) [PSYoungGen: 368064K->149760K(458752K)] 977829K->883333K(1857024K), 0.0603822 secs] [Times: user=0.36 sys=0.00, real=0.06 secs] 
6199.643: [GC (Allocation Failure) [PSYoungGen: 393984K->11808K(460800K)] 1127557K->745413K(1859072K), 0.0045911 secs] [Times: user=0.03 sys=0.00, real=0.01 secs] 
6201.645: [GC (Allocation Failure) [PSYoungGen: 255883K->172608K(420352K)] 989489K->916046K(1818624K), 0.0370270 secs] [Times: user=0.22 sys=0.00, real=0.04 secs] 
6203.892: [GC (Allocation Failure) [PSYoungGen: 419904K->99520K(471040K)] 1163342K->1007038K(1869312K), 0.1543690 secs] [Times: user=0.91 sys=0.01, real=0.15 secs] 
6205.673: [GC (Allocation Failure) [PSYoungGen: 337600K->172224K(465920K)] 1245118K->1175095K(1864192K), 0.0524751 secs] [Times: user=0.31 sys=0.00, real=0.05 secs] 
6207.536: [GC (Allocation Failure) [PSYoungGen: 410304K->96608K(468480K)] 1413175K->1271407K(1866752K), 0.1327280 secs] [Times: user=0.77 sys=0.00, real=0.14 secs] 
6207.669: [Full GC (Ergonomics) [PSYoungGen: 96608K->0K(468480K)] [ParOldGen: 1174799K->74929K(1398272K)] 1271407K->74929K(1866752K), [Metaspace: 59717K->59717K(1105920K)], 0.1900776 secs] [Times: user=0.86 sys=0.00, real=0.19 secs] 
6208.213: [GC (Allocation Failure) [PSYoungGen: 235520K->174816K(465920K)] 310449K->249745K(1864192K), 0.0377100 secs] [Times: user=0.22 sys=0.00, real=0.04 secs] 
6210.401: [GC (Allocation Failure) [PSYoungGen: 410336K->96192K(465920K)] 485265K->345133K(1864192K), 0.1301329 secs] [Times: user=0.78 sys=0.00, real=0.13 secs] 
6211.930: [GC (Allocation Failure) [PSYoungGen: 326662K->195392K(465920K)] 575603K->534594K(1864192K), 0.0703612 secs] [Times: user=0.41 sys=0.01, real=0.07 secs] 
6213.426: [GC (Allocation Failure) [PSYoungGen: 420206K->93024K(465920K)] 759408K->590490K(1864192K), 0.0889160 secs] [Times: user=0.53 sys=0.00, real=0.09 secs] 
6215.294: [GC (Allocation Failure) [PSYoungGen: 325984K->150816K(465920K)] 823450K->734807K(1864192K), 0.0607467 secs] [Times: user=0.36 sys=0.00, real=0.06 secs] 
6216.756: [GC (Allocation Failure) [PSYoungGen: 383776K->106400K(465920K)] 967767K->841279K(1864192K), 0.0826700 secs] [Times: user=0.49 sys=0.01, real=0.09 secs] 
6218.930: [GC (Allocation Failure) [PSYoungGen: 339360K->141952K(375296K)] 1074239K->972535K(1773568K), 0.0617112 secs] [Times: user=0.36 sys=0.00, real=0.06 secs] 
6219.717: [GC (Allocation Failure) [PSYoungGen: 374912K->125024K(469504K)] 1205495K->1097775K(1867776K), 0.0627787 secs] [Times: user=0.37 sys=0.00, real=0.06 secs] 
6221.545: [GC (Allocation Failure) [PSYoungGen: 366688K->288K(460800K)] 1339439K->973087K(1859072K), 0.0034652 secs] [Times: user=0.02 sys=0.00, real=0.01 secs] 
6222.835: [GC (Allocation Failure) [PSYoungGen: 241952K->158688K(464896K)] 1214751K->1131495K(1863168K), 0.0315819 secs] [Times: user=0.19 sys=0.00, real=0.04 secs] 
6224.758: [GC (Allocation Failure) [PSYoungGen: 391648K->10752K(465920K)] 1364455K->983583K(1864192K), 0.0041568 secs] [Times: user=0.03 sys=0.00, real=0.00 secs] 
6227.268: [GC (Allocation Failure) [PSYoungGen: 243712K->159328K(465920K)] 1216543K->1141059K(1864192K), 0.0348023 secs] [Times: user=0.20 sys=0.00, real=0.03 secs] 
6228.446: [GC (Allocation Failure) [PSYoungGen: 391570K->104224K(465920K)] 1373302K->1236144K(1864192K), 0.0776159 secs] [Times: user=0.46 sys=0.00, real=0.08 secs] 
6230.315: [GC (Allocation Failure) [PSYoungGen: 336198K->160160K(465920K)] 1468118K->1394384K(1864192K), 0.0540512 secs] [Times: user=0.32 sys=0.00, real=0.06 secs] 
6230.369: [Full GC (Ergonomics) [PSYoungGen: 160160K->0K(465920K)] [ParOldGen: 1234224K->196958K(1398272K)] 1394384K->196958K(1864192K), [Metaspace: 59720K->59720K(1105920K)], 0.4862488 secs] [Times: user=2.22 sys=0.00, real=0.48 secs] 
6232.063: [GC (Allocation Failure) [PSYoungGen: 232960K->99200K(332288K)] 429918K->296158K(1730560K), 0.0365436 secs] [Times: user=0.22 sys=0.00, real=0.04 secs] 
6233.900: [GC (Allocation Failure) [PSYoungGen: 332160K->162272K(464896K)] 529118K->455335K(1863168K), 0.0506483 secs] [Times: user=0.30 sys=0.00, real=0.05 secs] 
6236.829: [GC (Allocation Failure) [PSYoungGen: 394720K->86560K(465408K)] 687783K->541247K(1863680K), 0.1473464 secs] [Times: user=0.86 sys=0.01, real=0.14 secs] 
6238.658: [GC (Allocation Failure) [PSYoungGen: 319008K->185920K(464384K)] 773695K->722140K(1862656K), 0.0554579 secs] [Times: user=0.33 sys=0.00, real=0.05 secs] 
6240.818: [GC (Allocation Failure) [PSYoungGen: 418368K->86304K(465408K)] 954588K->792080K(1863680K), 0.1574477 secs] [Times: user=0.92 sys=0.01, real=0.15 secs] 
6241.857: [GC (Allocation Failure) [PSYoungGen: 318752K->175648K(465920K)] 1024528K->961405K(1864192K), 0.0624499 secs] [Times: user=0.37 sys=0.00, real=0.06 secs] 
6243.516: [GC (Allocation Failure) [PSYoungGen: 408608K->91168K(465920K)] 1194365K->1052765K(1864192K), 0.0791723 secs] [Times: user=0.47 sys=0.00, real=0.08 secs] 
6244.313: [GC (Allocation Failure) [PSYoungGen: 324128K->204224K(465920K)] 1285725K->1250738K(1864192K), 0.0618265 secs] [Times: user=0.37 sys=0.00, real=0.06 secs] 
6246.827: [GC (Allocation Failure) [PSYoungGen: 437184K->92256K(465920K)] 1483698K->1308078K(1864192K), 0.1128972 secs] [Times: user=0.67 sys=0.00, real=0.11 secs] 
6246.940: [Full GC (Ergonomics) [PSYoungGen: 92256K->0K(465920K)] [ParOldGen: 1215822K->106312K(1398272K)] 1308078K->106312K(1864192K), [Metaspace: 59720K->59720K(1105920K)], 0.2585468 secs] [Times: user=1.17 sys=0.00, real=0.26 secs] 
6248.296: [GC (Allocation Failure) [PSYoungGen: 232960K->151424K(465920K)] 339272K->257736K(1864192K), 0.0434452 secs] [Times: user=0.26 sys=0.00, real=0.05 secs] 
6250.402: [GC (Allocation Failure) [PSYoungGen: 384384K->103840K(465920K)] 490696K->361804K(1864192K), 0.0939460 secs] [Times: user=0.56 sys=0.00, real=0.09 secs] 
6251.969: [GC (Allocation Failure) [PSYoungGen: 336800K->145152K(465920K)] 594764K->495523K(1864192K), 0.0615948 secs] [Times: user=0.37 sys=0.00, real=0.06 secs] 
6254.592: [GC (Allocation Failure) [PSYoungGen: 378112K->116640K(349696K)] 728483K->611995K(1747968K), 0.0842432 secs] [Times: user=0.49 sys=0.00, real=0.08 secs] 
6256.099: [GC (Allocation Failure) [PSYoungGen: 349600K->131744K(471040K)] 844955K->732794K(1869312K), 0.0621624 secs] [Times: user=0.37 sys=0.00, real=0.06 secs] 
6257.622: [GC (Allocation Failure) [PSYoungGen: 373408K->143136K(462336K)] 974458K->876122K(1860608K), 0.0660638 secs] [Times: user=0.39 sys=0.00, real=0.07 secs] 
6259.346: [GC (Allocation Failure) [PSYoungGen: 384800K->8608K(454144K)] 1117786K->741742K(1852416K), 0.0036521 secs] [Times: user=0.02 sys=0.00, real=0.01 secs] 
6260.287: [GC (Allocation Failure) [PSYoungGen: 245664K->169472K(465920K)] 978798K->909391K(1864192K), 0.0352031 secs] [Times: user=0.21 sys=0.00, real=0.03 secs] 
6261.821: [GC (Allocation Failure) [PSYoungGen: 406528K->99104K(466432K)] 1146447K->999339K(1864704K), 0.0882186 secs] [Times: user=0.53 sys=0.00, real=0.09 secs] 
6264.014: [GC (Allocation Failure) [PSYoungGen: 335648K->171520K(465920K)] 1235883K->1167416K(1864192K), 0.0927481 secs] [Times: user=0.55 sys=0.00, real=0.10 secs] 
6266.833: [GC (Allocation Failure) [PSYoungGen: 408064K->85568K(465920K)] 1403960K->1253096K(1864192K), 0.1609606 secs] [Times: user=0.96 sys=0.00, real=0.16 secs] 
6266.994: [Full GC (Ergonomics) [PSYoungGen: 85568K->0K(465920K)] [ParOldGen: 1167528K->56849K(1398272K)] 1253096K->56849K(1864192K), [Metaspace: 59720K->59720K(1105920K)], 0.1605747 secs] [Times: user=0.74 sys=0.00, real=0.16 secs] 
6268.141: [GC (Allocation Failure) [PSYoungGen: 232960K->172416K(465920K)] 289809K->229265K(1864192K), 0.0362204 secs] [Times: user=0.22 sys=0.00, real=0.04 secs] 
6270.663: [GC (Allocation Failure) [PSYoungGen: 405376K->89152K(465920K)] 462225K->318273K(1864192K), 0.1426552 secs] [Times: user=0.85 sys=0.00, real=0.14 secs] 
6271.441: [GC (Allocation Failure) [PSYoungGen: 322112K->177856K(465920K)] 551233K->485926K(1864192K), 0.0578319 secs] [Times: user=0.34 sys=0.00, real=0.06 secs] 
6274.000: [GC (Allocation Failure) [PSYoungGen: 410816K->86656K(465920K)] 718886K->572734K(1864192K), 0.1230313 secs] [Times: user=0.73 sys=0.00, real=0.12 secs] 
6275.383: [GC (Allocation Failure) [PSYoungGen: 318682K->201952K(465920K)] 804761K->768331K(1864192K), 0.0618015 secs] [Times: user=0.37 sys=0.00, real=0.06 secs] 
6276.654: [GC (Allocation Failure) [PSYoungGen: 434554K->93280K(465920K)] 1000934K->826747K(1864192K), 0.1226240 secs] [Times: user=0.73 sys=0.00, real=0.13 secs] 
6279.110: [GC (Allocation Failure) [PSYoungGen: 326240K->150688K(465920K)] 1059707K->970682K(1864192K), 0.0607404 secs] [Times: user=0.37 sys=0.00, real=0.06 secs] 
6280.049: [GC (Allocation Failure) [PSYoungGen: 383648K->106080K(465920K)] 1203642K->1077034K(1864192K), 0.0961729 secs] [Times: user=0.57 sys=0.00, real=0.09 secs] 
6282.249: [GC (Allocation Failure) [PSYoungGen: 339040K->142368K(465920K)] 1309994K->1208626K(1864192K), 0.0635319 secs] [Times: user=0.36 sys=0.00, real=0.06 secs] 
6283.327: [GC (Allocation Failure) [PSYoungGen: 375328K->124128K(449536K)] 1441586K->1332922K(1847808K), 0.0857655 secs] [Times: user=0.50 sys=0.00, real=0.08 secs] 
6283.413: [Full GC (Ergonomics) [PSYoungGen: 124128K->0K(449536K)] [ParOldGen: 1208794K->138624K(1398272K)] 1332922K->138624K(1847808K), [Metaspace: 59720K->59720K(1105920K)], 0.3279818 secs] [Times: user=1.50 sys=0.00, real=0.33 secs] 
6286.767: [GC (Allocation Failure) [PSYoungGen: 232960K->124032K(457728K)] 371584K->262656K(1856000K), 0.0437728 secs] [Times: user=0.26 sys=0.00, real=0.04 secs] 
6288.118: [GC (Allocation Failure) [PSYoungGen: 356992K->135360K(462336K)] 495616K->398224K(1860608K), 0.0634077 secs] [Times: user=0.37 sys=0.00, real=0.06 secs] 
6290.677: [GC (Allocation Failure) [PSYoungGen: 393408K->8448K(467968K)] 656272K->271396K(1866240K), 0.0030417 secs] [Times: user=0.02 sys=0.00, real=0.00 secs] 
6291.393: [GC (Allocation Failure) [PSYoungGen: 266496K->184544K(455168K)] 529444K->454157K(1853440K), 0.0391592 secs] [Times: user=0.23 sys=0.00, real=0.04 secs] 
6293.586: [GC (Allocation Failure) [PSYoungGen: 417504K->88128K(465920K)] 687117K->542029K(1864192K), 0.1336419 secs] [Times: user=0.80 sys=0.00, real=0.14 secs] 
6294.606: [GC (Allocation Failure) [PSYoungGen: 321088K->171808K(464384K)] 774989K->710774K(1862656K), 0.0823144 secs] [Times: user=0.49 sys=0.00, real=0.09 secs] 
6298.031: [GC (Allocation Failure) [PSYoungGen: 404768K->80352K(465920K)] 943734K->791326K(1864192K), 0.1741384 secs] [Times: user=1.03 sys=0.00, real=0.17 secs] 
6299.232: [GC (Allocation Failure) [PSYoungGen: 313312K->177984K(465920K)] 1024286K->962747K(1864192K), 0.0565450 secs] [Times: user=0.33 sys=0.00, real=0.06 secs] 
6302.348: [GC (Allocation Failure) [PSYoungGen: 410944K->83488K(465920K)] 1195707K->1046315K(1864192K), 0.1563193 secs] [Times: user=0.93 sys=0.00, real=0.15 secs] 
6302.802: [GC (Allocation Failure) [PSYoungGen: 316448K->209344K(465920K)] 1279275K->1249456K(1864192K), 0.0593925 secs] [Times: user=0.35 sys=0.00, real=0.06 secs] 
6304.420: [GC (Allocation Failure) [PSYoungGen: 442304K->92096K(465920K)] 1482416K->1308544K(1864192K), 0.1158222 secs] [Times: user=0.69 sys=0.01, real=0.11 secs] 
6304.536: [Full GC (Ergonomics) [PSYoungGen: 92096K->0K(465920K)] [ParOldGen: 1216448K->106705K(1398272K)] 1308544K->106705K(1864192K), [Metaspace: 59720K->59720K(1105920K)], 0.2604024 secs] [Times: user=1.19 sys=0.00, real=0.26 secs] 
6305.969: [GC (Allocation Failure) [PSYoungGen: 232960K->152224K(465920K)] 339665K->258929K(1864192K), 0.0431065 secs] [Times: user=0.26 sys=0.00, real=0.04 secs] 
6307.621: [GC (Allocation Failure) [PSYoungGen: 385184K->114368K(465920K)] 491889K->372937K(1864192K), 0.0880647 secs] [Times: user=0.53 sys=0.01, real=0.09 secs] 
6309.387: [GC (Allocation Failure) [PSYoungGen: 347328K->141536K(465920K)] 605897K->495846K(1864192K), 0.0605709 secs] [Times: user=0.36 sys=0.00, real=0.06 secs] 
6310.910: [GC (Allocation Failure) [PSYoungGen: 374496K->122368K(355840K)] 728806K->618470K(1754112K), 0.0762327 secs] [Times: user=0.45 sys=0.00, real=0.07 secs] 
6312.561: [GC (Allocation Failure) [PSYoungGen: 355328K->126112K(468992K)] 851430K->733305K(1867264K), 0.0623787 secs] [Times: user=0.37 sys=0.00, real=0.06 secs] 
6313.432: [GC (Allocation Failure) [PSYoungGen: 368800K->166400K(459264K)] 975993K->899881K(1857536K), 0.0599477 secs] [Times: user=0.35 sys=0.00, real=0.06 secs] 
6316.083: [GC (Allocation Failure) [PSYoungGen: 409088K->11072K(455168K)] 1142569K->744605K(1853440K), 0.0035459 secs] [Times: user=0.02 sys=0.01, real=0.00 secs] 
6317.783: [GC (Allocation Failure) [PSYoungGen: 244032K->163584K(465920K)] 977565K->906214K(1864192K), 0.0347539 secs] [Times: user=0.21 sys=0.00, real=0.04 secs] 
6319.333: [GC (Allocation Failure) [PSYoungGen: 396544K->99840K(462848K)] 1139174K->996850K(1861120K), 0.0696416 secs] [Times: user=0.41 sys=0.00, real=0.07 secs] 
6320.691: [GC (Allocation Failure) [PSYoungGen: 322163K->159360K(464384K)] 1219174K->1154419K(1862656K), 0.0867563 secs] [Times: user=0.52 sys=0.00, real=0.09 secs] 
6322.890: [GC (Allocation Failure) [PSYoungGen: 392320K->95392K(459776K)] 1387379K->1241659K(1858048K), 0.0676912 secs] [Times: user=0.40 sys=0.00, real=0.07 secs] 
6324.715: [GC (Allocation Failure) [PSYoungGen: 329888K->164608K(462848K)] 1476155K->1402696K(1861120K), 0.0508186 secs] [Times: user=0.30 sys=0.00, real=0.05 secs] 
6324.766: [Full GC (Ergonomics) [PSYoungGen: 164608K->0K(462848K)] [ParOldGen: 1238088K->205514K(1398272K)] 1402696K->205514K(1861120K), [Metaspace: 59720K->59720K(1105920K)], 0.4779223 secs] [Times: user=2.21 sys=0.00, real=0.48 secs] 
6327.167: [GC (Allocation Failure) [PSYoungGen: 234496K->94976K(465920K)] 440010K->300490K(1864192K), 0.1388154 secs] [Times: user=0.82 sys=0.00, real=0.13 secs] 
6328.547: [GC (Allocation Failure) [PSYoungGen: 332544K->169056K(465920K)] 538058K->466199K(1864192K), 0.1213436 secs] [Times: user=0.72 sys=0.00, real=0.12 secs] 
6331.270: [GC (Allocation Failure) [PSYoungGen: 406624K->90592K(467968K)] 703767K->556607K(1866240K), 0.1509433 secs] [Times: user=0.89 sys=0.00, real=0.15 secs] 
6332.410: [GC (Allocation Failure) [PSYoungGen: 326112K->177280K(465920K)] 792127K->727600K(1864192K), 0.1562632 secs] [Times: user=0.93 sys=0.00, real=0.16 secs] 
6334.017: [GC (Allocation Failure) [PSYoungGen: 412800K->94752K(465920K)] 963120K->822524K(1864192K), 0.1263375 secs] [Times: user=0.75 sys=0.01, real=0.12 secs] 
6336.488: [GC (Allocation Failure) [PSYoungGen: 327712K->151392K(465920K)] 1055484K->967705K(1864192K), 0.0623056 secs] [Times: user=0.37 sys=0.00, real=0.06 secs] 
6337.786: [GC (Allocation Failure) [PSYoungGen: 384352K->98656K(455680K)] 1200665K->1066321K(1853952K), 0.0859289 secs] [Times: user=0.51 sys=0.00, real=0.09 secs] 
6340.063: [GC (Allocation Failure) [PSYoungGen: 331616K->149632K(460800K)] 1299281K->1205266K(1859072K), 0.0617821 secs] [Times: user=0.37 sys=0.00, real=0.06 secs] 
6340.832: [GC (Allocation Failure) [PSYoungGen: 382592K->115808K(454144K)] 1438226K->1321282K(1852416K), 0.0782837 secs] [Times: user=0.46 sys=0.00, real=0.08 secs] 
6340.910: [Full GC (Ergonomics) [PSYoungGen: 115808K->0K(454144K)] [ParOldGen: 1205474K->130420K(1398272K)] 1321282K->130420K(1852416K), [Metaspace: 59720K->59720K(1105920K)], 0.2988940 secs] [Times: user=1.36 sys=0.00, real=0.30 secs] 
6344.981: [GC (Allocation Failure) [PSYoungGen: 244736K->132320K(463360K)] 375156K->262740K(1861632K), 0.0475087 secs] [Times: user=0.28 sys=0.00, real=0.05 secs] 
6347.499: [GC (Allocation Failure) [PSYoungGen: 377056K->139360K(470016K)] 507476K->402300K(1868288K), 0.0752019 secs] [Times: user=0.44 sys=0.01, real=0.07 secs] 
6349.194: [GC (Allocation Failure) [PSYoungGen: 408160K->22112K(476160K)] 671100K->285128K(1874432K), 0.0054022 secs] [Times: user=0.03 sys=0.00, real=0.01 secs] 
6350.982: [GC (Allocation Failure) [PSYoungGen: 290912K->188992K(450560K)] 553928K->471913K(1848832K), 0.0436514 secs] [Times: user=0.26 sys=0.00, real=0.04 secs] 
6354.488: [GC (Allocation Failure) [PSYoungGen: 421952K->83680K(465920K)] 704873K->555161K(1864192K), 0.1822204 secs] [Times: user=1.08 sys=0.01, real=0.18 secs] 
6355.580: [GC (Allocation Failure) [PSYoungGen: 316640K->174208K(463360K)] 788121K->722834K(1861632K), 0.0561623 secs] [Times: user=0.33 sys=0.00, real=0.05 secs] 
6357.509: [GC (Allocation Failure) [PSYoungGen: 407168K->89184K(465920K)] 955794K->811962K(1864192K), 0.1452326 secs] [Times: user=0.86 sys=0.01, real=0.14 secs] 
6357.981: [GC (Allocation Failure) [PSYoungGen: 322144K->206304K(465920K)] 1044922K->1011951K(1864192K), 0.0590439 secs] [Times: user=0.34 sys=0.00, real=0.06 secs] 
6360.572: [GC (Allocation Failure) [PSYoungGen: 439264K->87808K(465920K)] 1244911K->1066287K(1864192K), 0.1046197 secs] [Times: user=0.63 sys=0.00, real=0.11 secs] 
6362.359: [GC (Allocation Failure) [PSYoungGen: 320768K->156512K(465920K)] 1299247K->1216248K(1864192K), 0.0606725 secs] [Times: user=0.36 sys=0.00, real=0.06 secs] 
6364.116: [GC (Allocation Failure) [PSYoungGen: 389472K->100544K(465920K)] 1449208K->1316800K(1864192K), 0.1003369 secs] [Times: user=0.60 sys=0.00, real=0.11 secs] 
6364.217: [Full GC (Ergonomics) [PSYoungGen: 100544K->0K(465920K)] [ParOldGen: 1216256K->115706K(1398272K)] 1316800K->115706K(1864192K), [Metaspace: 59724K->59724K(1105920K)], 0.2724008 secs] [Times: user=1.23 sys=0.00, real=0.27 secs] 
6365.576: [GC (Allocation Failure) [PSYoungGen: 232960K->147680K(465920K)] 348666K->263386K(1864192K), 0.0545072 secs] [Times: user=0.33 sys=0.00, real=0.06 secs] 
6366.971: [GC (Allocation Failure) [PSYoungGen: 380640K->119072K(352256K)] 496346K->382378K(1750528K), 0.0975578 secs] [Times: user=0.58 sys=0.00, real=0.10 secs] 
6368.314: [GC (Allocation Failure) [PSYoungGen: 352032K->128512K(471040K)] 615338K->500497K(1869312K), 0.0617042 secs] [Times: user=0.36 sys=0.00, real=0.06 secs] 
6370.196: [GC (Allocation Failure) [PSYoungGen: 371200K->144640K(461312K)] 743185K->645281K(1859584K), 0.0612022 secs] [Times: user=0.36 sys=0.01, real=0.07 secs] 
6371.378: [GC (Allocation Failure) [PSYoungGen: 387328K->9888K(455680K)] 887969K->510561K(1853952K), 0.0031162 secs] [Times: user=0.02 sys=0.00, real=0.00 secs] 
6372.379: [GC (Allocation Failure) [PSYoungGen: 249431K->173920K(414208K)] 750105K->682870K(1812480K), 0.0358936 secs] [Times: user=0.21 sys=0.01, real=0.03 secs] 
6374.314: [GC (Allocation Failure) [PSYoungGen: 414048K->99232K(468992K)] 922998K->774006K(1867264K), 0.0990700 secs] [Times: user=0.59 sys=0.00, real=0.10 secs] 
6376.013: [GC (Allocation Failure) [PSYoungGen: 335264K->167072K(465920K)] 1010038K->937959K(1864192K), 0.0515748 secs] [Times: user=0.31 sys=0.00, real=0.05 secs] 
6379.534: [GC (Allocation Failure) [PSYoungGen: 403104K->88128K(467456K)] 1173991K->1026023K(1865728K), 0.1473858 secs] [Times: user=0.87 sys=0.00, real=0.15 secs] 
6381.123: [GC (Allocation Failure) [PSYoungGen: 322624K->167552K(465920K)] 1260519K->1189072K(1864192K), 0.0553549 secs] [Times: user=0.33 sys=0.00, real=0.06 secs] 
6383.571: [GC (Allocation Failure) [PSYoungGen: 402048K->87840K(465920K)] 1423568K->1276756K(1864192K), 0.1736265 secs] [Times: user=1.04 sys=0.00, real=0.17 secs] 
6383.744: [Full GC (Ergonomics) [PSYoungGen: 87840K->0K(465920K)] [ParOldGen: 1188916K->74979K(1398272K)] 1276756K->74979K(1864192K), [Metaspace: 59724K->59724K(1105920K)], 0.2013599 secs] [Times: user=0.94 sys=0.00, real=0.20 secs] 
6384.504: [GC (Allocation Failure) [PSYoungGen: 232960K->174400K(465920K)] 307939K->249379K(1864192K), 0.0383188 secs] [Times: user=0.21 sys=0.01, real=0.04 secs] 
6386.890: [GC (Allocation Failure) [PSYoungGen: 407360K->82944K(465920K)] 482339K->332119K(1864192K), 0.1411093 secs] [Times: user=0.84 sys=0.00, real=0.14 secs] 
6387.693: [GC (Allocation Failure) [PSYoungGen: 315144K->207328K(465920K)] 564319K->532684K(1864192K), 0.0617881 secs] [Times: user=0.37 sys=0.00, real=0.06 secs] 
6389.095: [GC (Allocation Failure) [PSYoungGen: 440288K->93408K(465920K)] 765644K->591308K(1864192K), 0.1107789 secs] [Times: user=0.66 sys=0.00, real=0.11 secs] 
6391.576: [GC (Allocation Failure) [PSYoungGen: 326368K->150784K(465920K)] 824268K->735211K(1864192K), 0.0606664 secs] [Times: user=0.36 sys=0.00, real=0.06 secs] 
6392.566: [GC (Allocation Failure) [PSYoungGen: 383744K->104896K(465920K)] 968171K->840347K(1864192K), 0.0971634 secs] [Times: user=0.58 sys=0.00, real=0.10 secs] 
6394.406: [GC (Allocation Failure) [PSYoungGen: 337856K->143232K(465920K)] 1073307K->972890K(1864192K), 0.0615087 secs] [Times: user=0.36 sys=0.00, real=0.07 secs] 
6395.615: [GC (Allocation Failure) [PSYoungGen: 376192K->123744K(449536K)] 1205850K->1096858K(1847808K), 0.0753026 secs] [Times: user=0.44 sys=0.00, real=0.08 secs] 
6397.340: [GC (Allocation Failure) [PSYoungGen: 356704K->123744K(457728K)] 1329818K->1210495K(1856000K), 0.0628041 secs] [Times: user=0.38 sys=0.00, real=0.06 secs] 
6398.797: [GC (Allocation Failure) [PSYoungGen: 356704K->143424K(468480K)] 1443455K->1353815K(1866752K), 0.0601465 secs] [Times: user=0.36 sys=0.00, real=0.06 secs] 
6398.857: [Full GC (Ergonomics) [PSYoungGen: 143424K->0K(468480K)] [ParOldGen: 1210391K->158985K(1398272K)] 1353815K->158985K(1866752K), [Metaspace: 59724K->59724K(1105920K)], 0.3750152 secs] [Times: user=1.72 sys=0.00, real=0.37 secs] 
6401.222: [GC (Allocation Failure) [PSYoungGen: 258048K->115648K(471040K)] 417033K->274633K(1869312K), 0.0394468 secs] [Times: user=0.22 sys=0.01, real=0.04 secs] 
6402.637: [GC (Allocation Failure) [PSYoungGen: 360383K->173216K(473088K)] 519368K->446118K(1871360K), 0.0606263 secs] [Times: user=0.35 sys=0.00, real=0.06 secs] 
6405.102: [GC (Allocation Failure) [PSYoungGen: 439456K->118240K(482304K)] 712358K->554890K(1880576K), 0.1609598 secs] [Times: user=0.96 sys=0.00, real=0.16 secs] 
6406.813: [GC (Allocation Failure) [PSYoungGen: 380828K->209888K(442880K)] 817478K->773614K(1841152K), 0.0677016 secs] [Times: user=0.39 sys=0.00, real=0.07 secs] 
6408.868: [GC (Allocation Failure) [PSYoungGen: 442848K->91168K(465920K)] 1006574K->830206K(1864192K), 0.1130249 secs] [Times: user=0.67 sys=0.00, real=0.11 secs] 
6410.520: [GC (Allocation Failure) [PSYoungGen: 324128K->153248K(465920K)] 1063166K->976390K(1864192K), 0.0608499 secs] [Times: user=0.36 sys=0.00, real=0.06 secs] 
6412.567: [GC (Allocation Failure) [PSYoungGen: 386208K->101920K(465920K)] 1209350K->1078518K(1864192K), 0.0977525 secs] [Times: user=0.57 sys=0.00, real=0.09 secs] 
6414.529: [GC (Allocation Failure) [PSYoungGen: 334880K->147008K(465920K)] 1311478K->1214194K(1864192K), 0.0614215 secs] [Times: user=0.36 sys=0.00, real=0.06 secs] 
6416.665: [GC (Allocation Failure) [PSYoungGen: 379968K->119392K(465920K)] 1447154K->1333434K(1864192K), 0.0727484 secs] [Times: user=0.43 sys=0.00, real=0.08 secs] 
6416.738: [Full GC (Ergonomics) [PSYoungGen: 119392K->0K(465920K)] [ParOldGen: 1214042K->134518K(1398272K)] 1333434K->134518K(1864192K), [Metaspace: 59724K->59724K(1105920K)], 0.3073275 secs] [Times: user=1.40 sys=0.00, real=0.30 secs] 
6418.148: [GC (Allocation Failure) [PSYoungGen: 232960K->128832K(465920K)] 367478K->263350K(1864192K), 0.0473605 secs] [Times: user=0.28 sys=0.00, real=0.04 secs] 
6419.928: [GC (Allocation Failure) [PSYoungGen: 361792K->136928K(370176K)] 496310K->400486K(1768448K), 0.0759348 secs] [Times: user=0.45 sys=0.00, real=0.07 secs] 
6423.011: [GC (Allocation Failure) [PSYoungGen: 369888K->1600K(453632K)] 633446K->265222K(1851904K), 0.0017533 secs] [Times: user=0.01 sys=0.00, real=0.00 secs] 
6424.180: [GC (Allocation Failure) [PSYoungGen: 228416K->146560K(459776K)] 492038K->410951K(1858048K), 0.0436888 secs] [Times: user=0.25 sys=0.00, real=0.04 secs] 
6426.357: [GC (Allocation Failure) [PSYoungGen: 373376K->2832K(465920K)] 637767K->267516K(1864192K), 0.0020450 secs] [Times: user=0.01 sys=0.00, real=0.00 secs] 
6428.534: [GC (Allocation Failure) [PSYoungGen: 235792K->153728K(465920K)] 500476K->420129K(1864192K), 0.0305482 secs] [Times: user=0.18 sys=0.00, real=0.03 secs] 
6430.082: [GC (Allocation Failure) [PSYoungGen: 386688K->103808K(465920K)] 653089K->515253K(1864192K), 0.0679586 secs] [Times: user=0.40 sys=0.00, real=0.07 secs] 
6431.574: [GC (Allocation Failure) [PSYoungGen: 336768K->166816K(465920K)] 748213K->680546K(1864192K), 0.0540949 secs] [Times: user=0.32 sys=0.00, real=0.06 secs] 
6432.821: [GC (Allocation Failure) [PSYoungGen: 399776K->96800K(465920K)] 913506K->768762K(1864192K), 0.0716764 secs] [Times: user=0.43 sys=0.00, real=0.07 secs] 
6434.282: [GC (Allocation Failure) [PSYoungGen: 315578K->159040K(465920K)] 987540K->924544K(1864192K), 0.0501207 secs] [Times: user=0.29 sys=0.00, real=0.05 secs] 
6436.059: [GC (Allocation Failure) [PSYoungGen: 392000K->94208K(465920K)] 1157504K->1010176K(1864192K), 0.0660777 secs] [Times: user=0.39 sys=0.00, real=0.06 secs] 
6437.955: [GC (Allocation Failure) [PSYoungGen: 327168K->165088K(465920K)] 1243136K->1171984K(1864192K), 0.0742237 secs] [Times: user=0.44 sys=0.00, real=0.08 secs] 
6440.280: [GC (Allocation Failure) [PSYoungGen: 398048K->89472K(465920K)] 1404944K->1261488K(1864192K), 0.0802151 secs] [Times: user=0.48 sys=0.01, real=0.08 secs] 
6440.360: [Full GC (Ergonomics) [PSYoungGen: 89472K->0K(465920K)] [ParOldGen: 1172016K->57897K(1398272K)] 1261488K->57897K(1864192K), [Metaspace: 59724K->59724K(1105920K)], 0.1272897 secs] [Times: user=0.53 sys=0.00, real=0.13 secs] 
6441.016: [GC (Allocation Failure) [PSYoungGen: 232960K->170592K(465920K)] 290857K->228489K(1864192K), 0.0388959 secs] [Times: user=0.23 sys=0.01, real=0.04 secs] 
6443.731: [GC (Allocation Failure) [PSYoungGen: 403552K->84160K(465920K)] 461449K->312877K(1864192K), 0.1719311 secs] [Times: user=1.03 sys=0.00, real=0.17 secs] 
6444.585: [GC (Allocation Failure) [PSYoungGen: 317120K->175616K(465920K)] 545837K->482642K(1864192K), 0.0808815 secs] [Times: user=0.48 sys=0.00, real=0.08 secs] 
6447.400: [GC (Allocation Failure) [PSYoungGen: 408576K->80928K(465920K)] 715602K->563810K(1864192K), 0.1383481 secs] [Times: user=0.82 sys=0.00, real=0.14 secs] 
6447.931: [GC (Allocation Failure) [PSYoungGen: 313386K->210176K(465920K)] 796269K->767307K(1864192K), 0.0573952 secs] [Times: user=0.34 sys=0.00, real=0.06 secs] 
6450.225: [GC (Allocation Failure) [PSYoungGen: 443136K->88992K(465920K)] 1000267K->822683K(1864192K), 0.1154107 secs] [Times: user=0.69 sys=0.00, real=0.12 secs] 
6452.204: [GC (Allocation Failure) [PSYoungGen: 321952K->155264K(465920K)] 1055643K->970994K(1864192K), 0.0606432 secs] [Times: user=0.36 sys=0.00, real=0.06 secs] 
6453.179: [GC (Allocation Failure) [PSYoungGen: 388224K->114272K(465920K)] 1203954K->1085474K(1864192K), 0.0903050 secs] [Times: user=0.53 sys=0.00, real=0.09 secs] 
6454.554: [GC (Allocation Failure) [PSYoungGen: 347232K->142688K(465920K)] 1318434K->1209095K(1864192K), 0.0614917 secs] [Times: user=0.37 sys=0.00, real=0.06 secs] 
6456.424: [GC (Allocation Failure) [PSYoungGen: 375648K->132224K(454656K)] 1442055K->1340791K(1852928K), 0.0792170 secs] [Times: user=0.47 sys=0.00, real=0.08 secs] 
6456.503: [Full GC (Ergonomics) [PSYoungGen: 132224K->0K(454656K)] [ParOldGen: 1208567K->139160K(1398272K)] 1340791K->139160K(1852928K), [Metaspace: 59733K->59733K(1105920K)], 0.3255158 secs] [Times: user=1.49 sys=0.00, real=0.33 secs] 
6457.937: [GC (Allocation Failure) [PSYoungGen: 232960K->123680K(460288K)] 372120K->262840K(1858560K), 0.0432323 secs] [Times: user=0.26 sys=0.00, real=0.05 secs] 
6460.832: [GC (Allocation Failure) [PSYoungGen: 356640K->137792K(463360K)] 495800K->400664K(1861632K), 0.0695356 secs] [Times: user=0.41 sys=0.00, real=0.07 secs] 
6462.037: [GC (Allocation Failure) [PSYoungGen: 390720K->8608K(465920K)] 653592K->271540K(1864192K), 0.0033168 secs] [Times: user=0.02 sys=0.00, real=0.01 secs] 
6464.233: [GC (Allocation Failure) [PSYoungGen: 261536K->176736K(458240K)] 524468K->446048K(1856512K), 0.0359919 secs] [Times: user=0.21 sys=0.00, real=0.04 secs] 
6465.491: [GC (Allocation Failure) [PSYoungGen: 409696K->96672K(465920K)] 679008K->533473K(1864192K), 0.0931694 secs] [Times: user=0.55 sys=0.00, real=0.09 secs] 
6466.903: [GC (Allocation Failure) [PSYoungGen: 329632K->167136K(462848K)] 766433K->697277K(1861120K), 0.0517637 secs] [Times: user=0.30 sys=0.01, real=0.05 secs] 
6470.124: [GC (Allocation Failure) [PSYoungGen: 400096K->86784K(465920K)] 930237K->783677K(1864192K), 0.1781443 secs] [Times: user=1.05 sys=0.02, real=0.18 secs] 
6470.983: [GC (Allocation Failure) [PSYoungGen: 319744K->167424K(464384K)] 1016637K->947654K(1862656K), 0.0733986 secs] [Times: user=0.43 sys=0.01, real=0.08 secs] 
6473.570: [GC (Allocation Failure) [PSYoungGen: 400384K->90400K(465920K)] 1180614K->1037522K(1864192K), 0.1324242 secs] [Times: user=0.79 sys=0.01, real=0.13 secs] 
6474.106: [GC (Allocation Failure) [PSYoungGen: 323360K->173632K(465408K)] 1270482K->1205479K(1863680K), 0.0749764 secs] [Times: user=0.45 sys=0.01, real=0.08 secs] 
6476.521: [GC (Allocation Failure) [PSYoungGen: 406592K->87296K(465920K)] 1438439K->1292715K(1864192K), 0.1318300 secs] [Times: user=0.78 sys=0.01, real=0.13 secs] 
6476.653: [Full GC (Ergonomics) [PSYoungGen: 87296K->0K(465920K)] [ParOldGen: 1205419K->91042K(1398272K)] 1292715K->91042K(1864192K), [Metaspace: 59733K->59733K(1105920K)], 0.2248617 secs] [Times: user=1.02 sys=0.00, real=0.23 secs] 
6479.710: [GC (Allocation Failure) [PSYoungGen: 232960K->182624K(465920K)] 324002K->273666K(1864192K), 0.1059729 secs] [Times: user=0.63 sys=0.01, real=0.10 secs] 
6482.972: [GC (Allocation Failure) [PSYoungGen: 415584K->83680K(465920K)] 506626K->341106K(1864192K), 0.1281410 secs] [Times: user=0.76 sys=0.00, real=0.13 secs] 
6484.892: [GC (Allocation Failure) [PSYoungGen: 316640K->200800K(465920K)] 574066K->535119K(1864192K), 0.0675402 secs] [Times: user=0.40 sys=0.00, real=0.07 secs] 
6487.476: [GC (Allocation Failure) [PSYoungGen: 431192K->92864K(465920K)] 765511K->590863K(1864192K), 0.1041528 secs] [Times: user=0.62 sys=0.00, real=0.11 secs] 
6488.989: [GC (Allocation Failure) [PSYoungGen: 325824K->150784K(465920K)] 823823K->735334K(1864192K), 0.0603207 secs] [Times: user=0.36 sys=0.00, real=0.06 secs] 
6490.539: [GC (Allocation Failure) [PSYoungGen: 383744K->107296K(465920K)] 968294K->842802K(1864192K), 0.0942375 secs] [Times: user=0.56 sys=0.00, real=0.09 secs] 
6491.797: [GC (Allocation Failure) [PSYoungGen: 340256K->141152K(465920K)] 1075762K->973223K(1864192K), 0.0611388 secs] [Times: user=0.36 sys=0.00, real=0.06 secs] 
6492.759: [GC (Allocation Failure) [PSYoungGen: 374112K->128608K(361984K)] 1206183K->1102047K(1760256K), 0.0739420 secs] [Times: user=0.44 sys=0.00, real=0.07 secs] 
6494.888: [GC (Allocation Failure) [PSYoungGen: 361568K->119168K(464896K)] 1335007K->1210806K(1863168K), 0.0639410 secs] [Times: user=0.38 sys=0.00, real=0.06 secs] 
6496.010: [GC (Allocation Failure) [PSYoungGen: 359808K->152576K(457216K)] 1451446K->1363422K(1855488K), 0.0582375 secs] [Times: user=0.34 sys=0.00, real=0.06 secs] 
6496.068: [Full GC (Ergonomics) [PSYoungGen: 152576K->0K(457216K)] [ParOldGen: 1210846K->166380K(1398272K)] 1363422K->166380K(1855488K), [Metaspace: 59733K->59733K(1105920K)], 0.4076757 secs] [Times: user=1.88 sys=0.00, real=0.40 secs] 
6498.751: [GC (Allocation Failure) [PSYoungGen: 240640K->108416K(477696K)] 407020K->274796K(1875968K), 0.0371561 secs] [Times: user=0.22 sys=0.00, real=0.04 secs] 
6500.653: [GC (Allocation Failure) [PSYoungGen: 358455K->172320K(474624K)] 524836K->445209K(1872896K), 0.0573283 secs] [Times: user=0.34 sys=0.00, real=0.06 secs] 
6502.239: [GC (Allocation Failure) [PSYoungGen: 434976K->119808K(480768K)] 707865K->555573K(1879040K), 0.1445784 secs] [Times: user=0.86 sys=0.00, real=0.14 secs] 
6505.247: [GC (Allocation Failure) [PSYoungGen: 385536K->213472K(479232K)] 821301K->772537K(1877504K), 0.0628797 secs] [Times: user=0.37 sys=0.00, real=0.06 secs] 
6507.220: [GC (Allocation Failure) [PSYoungGen: 479200K->114656K(452608K)] 1038265K->853781K(1850880K), 0.1022014 secs] [Times: user=0.61 sys=0.00, real=0.10 secs] 
6509.629: [GC (Allocation Failure) [PSYoungGen: 347616K->133728K(465920K)] 1086741K->976890K(1864192K), 0.0625277 secs] [Times: user=0.37 sys=0.00, real=0.06 secs] 
6510.925: [GC (Allocation Failure) [PSYoungGen: 366688K->128384K(465920K)] 1209850K->1105066K(1864192K), 0.0644514 secs] [Times: user=0.38 sys=0.00, real=0.07 secs] 
6512.334: [GC (Allocation Failure) [PSYoungGen: 361344K->1312K(465920K)] 1338026K->978038K(1864192K), 0.0036290 secs] [Times: user=0.01 sys=0.00, real=0.01 secs] 
6513.948: [GC (Allocation Failure) [PSYoungGen: 234272K->149440K(465920K)] 1210998K->1126747K(1864192K), 0.0306141 secs] [Times: user=0.18 sys=0.00, real=0.03 secs] 
6515.083: [GC (Allocation Failure) [PSYoungGen: 382400K->6784K(465920K)] 1359707K->984267K(1864192K), 0.0041245 secs] [Times: user=0.02 sys=0.00, real=0.01 secs] 
6517.147: [GC (Allocation Failure) [PSYoungGen: 239744K->163904K(465920K)] 1217227K->1146028K(1864192K), 0.0342219 secs] [Times: user=0.20 sys=0.00, real=0.03 secs] 
6518.284: [GC (Allocation Failure) [PSYoungGen: 396864K->101600K(465920K)] 1378988K->1238668K(1864192K), 0.0823124 secs] [Times: user=0.49 sys=0.00, real=0.08 secs] 
6519.875: [GC (Allocation Failure) [PSYoungGen: 334390K->162240K(465920K)] 1471459K->1398693K(1864192K), 0.0543103 secs] [Times: user=0.32 sys=0.00, real=0.06 secs] 
6519.929: [Full GC (Ergonomics) [PSYoungGen: 162240K->0K(465920K)] [ParOldGen: 1236453K->196890K(1398272K)] 1398693K->196890K(1864192K), [Metaspace: 59733K->59733K(1105920K)], 0.4791490 secs] [Times: user=2.23 sys=0.00, real=0.48 secs] 
6521.744: [GC (Allocation Failure) [PSYoungGen: 232960K->99776K(465920K)] 429850K->296666K(1864192K), 0.0310242 secs] [Times: user=0.18 sys=0.00, real=0.03 secs] 
6523.068: [GC (Allocation Failure) [PSYoungGen: 332736K->166016K(465920K)] 529626K->459583K(1864192K), 0.0512583 secs] [Times: user=0.30 sys=0.01, real=0.05 secs] 
6525.589: [GC (Allocation Failure) [PSYoungGen: 398976K->88160K(465920K)] 692543K->547147K(1864192K), 0.1041456 secs] [Times: user=0.62 sys=0.00, real=0.10 secs] 
6526.770: [GC (Allocation Failure) [PSYoungGen: 321120K->166720K(465920K)] 780107K->709952K(1864192K), 0.1109743 secs] [Times: user=0.65 sys=0.01, real=0.11 secs] 
6529.910: [GC (Allocation Failure) [PSYoungGen: 399680K->86560K(465920K)] 942912K->796244K(1864192K), 0.1611205 secs] [Times: user=0.96 sys=0.00, real=0.16 secs] 
6530.370: [GC (Allocation Failure) [PSYoungGen: 319520K->175744K(465920K)] 1029204K->965997K(1864192K), 0.0584572 secs] [Times: user=0.35 sys=0.00, real=0.06 secs] 
6533.719: [GC (Allocation Failure) [PSYoungGen: 408704K->82304K(465920K)] 1198957K->1048117K(1864192K), 0.1313949 secs] [Times: user=0.77 sys=0.00, real=0.13 secs] 
6534.269: [GC (Allocation Failure) [PSYoungGen: 314032K->208128K(465920K)] 1279845K->1250026K(1864192K), 0.0586449 secs] [Times: user=0.35 sys=0.00, real=0.06 secs] 
6536.852: [GC (Allocation Failure) [PSYoungGen: 441088K->87392K(465920K)] 1482986K->1303482K(1864192K), 0.1188341 secs] [Times: user=0.71 sys=0.00, real=0.12 secs] 
6536.971: [Full GC (Ergonomics) [PSYoungGen: 87392K->0K(465920K)] [ParOldGen: 1216090K->101547K(1398272K)] 1303482K->101547K(1864192K), [Metaspace: 59733K->59733K(1105920K)], 0.2449419 secs] [Times: user=1.12 sys=0.00, real=0.24 secs] 
6538.301: [GC (Allocation Failure) [PSYoungGen: 232960K->156992K(465920K)] 334507K->258540K(1864192K), 0.0456957 secs] [Times: user=0.27 sys=0.00, real=0.05 secs] 
6539.945: [GC (Allocation Failure) [PSYoungGen: 389952K->110272K(465920K)] 491500K->368836K(1864192K), 0.0993563 secs] [Times: user=0.58 sys=0.02, real=0.10 secs] 
6541.911: [GC (Allocation Failure) [PSYoungGen: 343232K->146080K(465920K)] 601796K->495995K(1864192K), 0.0608285 secs] [Times: user=0.36 sys=0.00, real=0.06 secs] 
6542.510: [GC (Allocation Failure) [PSYoungGen: 379040K->123008K(465920K)] 728955K->619203K(1864192K), 0.0781617 secs] [Times: user=0.46 sys=0.00, real=0.08 secs] 
6543.727: [GC (Allocation Failure) [PSYoungGen: 355968K->124768K(450560K)] 852163K->733690K(1848832K), 0.0624825 secs] [Times: user=0.37 sys=0.00, real=0.06 secs] 
6544.266: [GC (Allocation Failure) [PSYoungGen: 357728K->140672K(458240K)] 966650K->874538K(1856512K), 0.0761823 secs] [Times: user=0.46 sys=0.00, real=0.08 secs] 
6547.649: n: 357728K->140672K(458240K)] 966650K->874538K(1856512K), 0.0761823 secs] [Times: user=0.46 sys=0.00, real=0.08 secs] 
