1.028: [GC (Allocation Failure) [PSYoungGen: 128000K->13003K(148992K)] 128000K->13027K(488960K), 0.1148379 secs] [Times: user=0.01 sys=0.01, real=0.11 secs] 
1.278: [GC (Metadata GC Threshold) [PSYoungGen: 51959K->6040K(148992K)] 51983K->6136K(488960K), 0.0050970 secs] [Times: user=0.02 sys=0.00, real=0.00 secs] 
1.283: [Full GC (Metadata GC Threshold) [PSYoungGen: 6040K->0K(148992K)] [ParOldGen: 96K->5938K(197632K)] 6136K->5938K(346624K), [Metaspace: 20447K->20447K(1067008K)], 0.0160294 secs] [Times: user=0.04 sys=0.00, real=0.02 secs] 
1.989: [GC (Allocation Failure) [PSYoungGen: 128000K->10050K(148992K)] 133938K->15997K(346624K), 0.0040489 secs] [Times: user=0.01 sys=0.00, real=0.00 secs] 
2.933: [GC (Metadata GC Threshold) [PSYoungGen: 39354K->4724K(193024K)] 45301K->10678K(390656K), 0.0021781 secs] [Times: user=0.01 sys=0.00, real=0.00 secs] 
2.935: [Full GC (Metadata GC Threshold) [PSYoungGen: 4724K->0K(193024K)] [ParOldGen: 5954K->8945K(308736K)] 10678K->8945K(501760K), [Metaspace: 33718K->33718K(1079296K)], 0.0151481 secs] [Times: user=0.04 sys=0.00, real=0.02 secs] 
3.931: [GC (Allocation Failure) [PSYoungGen: 179200K->18016K(200192K)] 188145K->26969K(508928K), 0.0056840 secs] [Times: user=0.00 sys=0.01, real=0.00 secs] 
4.497: [GC (Allocation Failure) [PSYoungGen: 197216K->13671K(273920K)] 206169K->96361K(582656K), 0.0111451 secs] [Times: user=0.06 sys=0.01, real=0.02 secs] 
5.082: [GC (Allocation Failure) [PSYoungGen: 267623K->4471K(273920K)] 350313K->218241K(582656K), 0.0124936 secs] [Times: user=0.06 sys=0.01, real=0.01 secs] 
5.094: [Full GC (Ergonomics) [PSYoungGen: 4471K->0K(273920K)] [ParOldGen: 213769K->175902K(671232K)] 218241K->175902K(945152K), [Metaspace: 52277K->52277K(1097728K)], 0.0574357 secs] [Times: user=0.25 sys=0.01, real=0.06 secs] 
6.071: [GC (Allocation Failure) [PSYoungGen: 253952K->1552K(359936K)] 429854K->210231K(1031168K), 0.0039799 secs] [Times: user=0.02 sys=0.00, real=0.00 secs] 
7.326: [GC (Allocation Failure) [PSYoungGen: 359440K->18458K(395264K)] 568119K->243528K(1066496K), 0.0051334 secs] [Times: user=0.02 sys=0.00, real=0.01 secs] 
8.434: [GC (Allocation Failure) [PSYoungGen: 392730K->10141K(462336K)] 617800K->235219K(1133568K), 0.0029899 secs] [Times: user=0.01 sys=0.01, real=0.00 secs] 
9.959: [GC (Allocation Failure) [PSYoungGen: 448925K->2282K(460800K)] 674003K->227360K(1132032K), 0.0023556 secs] [Times: user=0.01 sys=0.00, real=0.00 secs] 
11.458: [GC (Allocation Failure) [PSYoungGen: 441066K->2122K(511488K)] 666144K->227200K(1182720K), 0.0018587 secs] [Times: user=0.01 sys=0.00, real=0.00 secs] 
16.050: [GC (Allocation Failure) [PSYoungGen: 502858K->2221K(522752K)] 727936K->227299K(1193984K), 0.0025077 secs] [Times: user=0.00 sys=0.00, real=0.00 secs] 
19.021: [GC (Allocation Failure) [PSYoungGen: 502957K->19077K(574464K)] 728035K->260548K(1245696K), 0.0061715 secs] [Times: user=0.02 sys=0.01, real=0.01 secs] 
22.508: [GC (Allocation Failure) [PSYoungGen: 572037K->18829K(577536K)] 813508K->276683K(1248768K), 0.0101053 secs] [Times: user=0.04 sys=0.01, real=0.01 secs] 
27.322: [GC (Allocation Failure) [PSYoungGen: 571789K->18797K(631808K)] 829643K->293035K(1303040K), 0.0113266 secs] [Times: user=0.04 sys=0.01, real=0.01 secs] 
33.367: [GC (Allocation Failure) [PSYoungGen: 624493K->18765K(633856K)] 898731K->309387K(1305088K), 0.0099465 secs] [Times: user=0.05 sys=0.00, real=0.01 secs] 
37.881: [GC (Allocation Failure) [PSYoungGen: 624461K->2429K(658944K)] 915083K->293051K(1330176K), 0.0027840 secs] [Times: user=0.01 sys=0.00, real=0.00 secs] 
40.307: [GC (Allocation Failure) [PSYoungGen: 637309K->2458K(617984K)] 927931K->293081K(1289216K), 0.0032302 secs] [Times: user=0.01 sys=0.00, real=0.00 secs] 
43.588: [GC (Allocation Failure) [PSYoungGen: 617882K->2522K(606208K)] 908505K->293145K(1277440K), 0.0020496 secs] [Times: user=0.01 sys=0.00, real=0.00 secs] 
45.841: [GC (Allocation Failure) [PSYoungGen: 599514K->2522K(582144K)] 890137K->293145K(1253376K), 0.0022739 secs] [Times: user=0.00 sys=0.00, real=0.00 secs] 
48.842: [GC (Allocation Failure) [PSYoungGen: 582106K->2522K(565248K)] 872729K->293145K(1236480K), 0.0020673 secs] [Times: user=0.00 sys=0.01, real=0.00 secs] 
50.568: [GC (Allocation Failure) [PSYoungGen: 565210K->2429K(548864K)] 855833K->293137K(1220096K), 0.0021560 secs] [Times: user=0.01 sys=0.00, real=0.00 secs] 
52.201: [GC (Allocation Failure) [PSYoungGen: 548733K->2189K(533504K)] 839441K->293167K(1204736K), 0.0023552 secs] [Times: user=0.01 sys=0.00, real=0.00 secs] 
56.276: [GC (Allocation Failure) [PSYoungGen: 533133K->2093K(518656K)] 824111K->293127K(1189888K), 0.0022296 secs] [Times: user=0.01 sys=0.00, real=0.01 secs] 
59.294: [GC (Allocation Failure) [PSYoungGen: 518189K->1837K(503808K)] 809223K->293207K(1175040K), 0.0029804 secs] [Times: user=0.01 sys=0.00, real=0.01 secs] 
62.526: [GC (Allocation Failure) [PSYoungGen: 503597K->18272K(506368K)] 794967K->326049K(1177600K), 0.0095763 secs] [Times: user=0.04 sys=0.01, real=0.01 secs] 
64.432: [GC (Allocation Failure) [PSYoungGen: 506208K->18208K(493056K)] 813985K->342417K(1164288K), 0.0054041 secs] [Times: user=0.02 sys=0.01, real=0.01 secs] 
65.941: [GC (Allocation Failure) [PSYoungGen: 492832K->18080K(480256K)] 817041K->342473K(1151488K), 0.0032651 secs] [Times: user=0.02 sys=0.00, real=0.00 secs] 
68.671: [GC (Allocation Failure) [PSYoungGen: 479904K->1680K(451584K)] 804297K->326090K(1122816K), 0.0019719 secs] [Times: user=0.01 sys=0.00, real=0.00 secs] 
71.272: [GC (Allocation Failure) [PSYoungGen: 451216K->1616K(439808K)] 775626K->326066K(1111040K), 0.0017816 secs] [Times: user=0.00 sys=0.00, real=0.00 secs] 
73.764: [GC (Allocation Failure) [PSYoungGen: 439376K->1584K(428544K)] 763826K->326073K(1099776K), 0.0051656 secs] [Times: user=0.02 sys=0.01, real=0.01 secs] 
75.718: [GC (Allocation Failure) [PSYoungGen: 428080K->18064K(434176K)] 752569K->358953K(1105408K), 0.0126956 secs] [Times: user=0.06 sys=0.00, real=0.01 secs] 
77.477: [GC (Allocation Failure) [PSYoungGen: 433808K->384K(406016K)] 774697K->341305K(1077248K), 0.0020315 secs] [Times: user=0.01 sys=0.00, real=0.00 secs] 
79.447: [GC (Allocation Failure) [PSYoungGen: 405888K->1581K(424448K)] 746809K->342527K(1095680K), 0.0015438 secs] [Times: user=0.01 sys=0.00, real=0.01 secs] 
81.697: [GC (Allocation Failure) [PSYoungGen: 397357K->18016K(404480K)] 738303K->375361K(1075712K), 0.0092894 secs] [Times: user=0.04 sys=0.00, real=0.00 secs] 
83.321: [GC (Allocation Failure) [PSYoungGen: 404064K->5728K(382976K)] 761409K->363113K(1054208K), 0.0032631 secs] [Times: user=0.02 sys=0.00, real=0.00 secs] 
84.681: [GC (Allocation Failure) [PSYoungGen: 382560K->1581K(376320K)] 739945K->358975K(1047552K), 0.0017336 secs] [Times: user=0.00 sys=0.00, real=0.00 secs] 
86.610: [GC (Allocation Failure) [PSYoungGen: 369709K->17952K(377856K)] 727103K->391777K(1049088K), 0.0129446 secs] [Times: user=0.06 sys=0.01, real=0.01 secs] 
88.359: [GC (Allocation Failure) [PSYoungGen: 377376K->2688K(369664K)] 751201K->376521K(1040896K), 0.0025286 secs] [Times: user=0.00 sys=0.00, real=0.00 secs] 
90.422: [GC (Allocation Failure) [PSYoungGen: 353920K->1517K(344576K)] 727753K->375383K(1015808K), 0.0056491 secs] [Times: user=0.03 sys=0.00, real=0.01 secs] 
91.306: [GC (Allocation Failure) [PSYoungGen: 336898K->18032K(359424K)] 710763K->391897K(1030656K), 0.0028583 secs] [Times: user=0.02 sys=0.00, real=0.01 secs] 
92.320: [GC (Allocation Failure) [PSYoungGen: 353392K->1584K(330240K)] 727257K->375482K(1001472K), 0.0017608 secs] [Times: user=0.00 sys=0.00, real=0.00 secs] 
93.602: [GC (Allocation Failure) [PSYoungGen: 329776K->17952K(345088K)] 703674K->408265K(1016320K), 0.0048390 secs] [Times: user=0.02 sys=0.01, real=0.00 secs] 
94.774: [GC (Allocation Failure) [PSYoungGen: 338976K->1680K(315904K)] 729289K->391994K(987136K), 0.0019297 secs] [Times: user=0.01 sys=0.00, real=0.00 secs] 
97.042: [GC (Allocation Failure) [PSYoungGen: 315536K->1424K(327680K)] 705850K->391753K(998912K), 0.0033214 secs] [Times: user=0.01 sys=0.00, real=0.00 secs] 
98.247: [GC (Allocation Failure) [PSYoungGen: 308624K->3712K(304640K)] 698953K->394065K(975872K), 0.0027067 secs] [Times: user=0.01 sys=0.00, real=0.00 secs] 
99.452: [GC (Allocation Failure) [PSYoungGen: 304256K->1488K(312832K)] 694609K->391850K(984064K), 0.0020099 secs] [Times: user=0.01 sys=0.00, real=0.00 secs] 
100.249: [GC (Allocation Failure) [PSYoungGen: 295888K->9856K(298496K)] 686250K->400225K(969728K), 0.0025186 secs] [Times: user=0.01 sys=0.00, real=0.00 secs] 
102.238: [GC (Allocation Failure) [PSYoungGen: 298112K->1485K(300032K)] 688481K->391863K(971264K), 0.0022842 secs] [Times: user=0.01 sys=0.01, real=0.00 secs] 
103.411: [GC (Allocation Failure) [PSYoungGen: 284109K->9824K(287232K)] 674487K->400209K(958464K), 0.0026505 secs] [Times: user=0.01 sys=0.00, real=0.00 secs] 
106.777: [GC (Allocation Failure) [PSYoungGen: 286816K->1472K(287232K)] 677201K->391874K(958464K), 0.0022212 secs] [Times: user=0.01 sys=0.00, real=0.00 secs] 
108.488: [GC (Allocation Failure) [PSYoungGen: 272832K->3696K(270336K)] 663234K->394097K(941568K), 0.0047453 secs] [Times: user=0.01 sys=0.01, real=0.00 secs] 
112.144: [GC (Allocation Failure) [PSYoungGen: 269936K->1408K(275456K)] 660337K->391809K(946688K), 0.0022931 secs] [Times: user=0.00 sys=0.00, real=0.00 secs] 
112.669: [GC (Allocation Failure) [PSYoungGen: 262528K->1677K(258048K)] 652929K->392095K(929280K), 0.0019403 secs] [Times: user=0.01 sys=0.00, real=0.00 secs] 
114.889: [GC (Allocation Failure) [PSYoungGen: 257677K->17840K(271360K)] 648095K->424641K(942592K), 0.0066795 secs] [Times: user=0.04 sys=0.01, real=0.00 secs] 
115.582: [GC (Allocation Failure) [PSYoungGen: 269232K->1645K(248832K)] 676033K->408447K(920064K), 0.0018300 secs] [Times: user=0.01 sys=0.00, real=0.00 secs] 
116.662: [GC (Allocation Failure) [PSYoungGen: 248429K->17872K(264192K)] 655231K->441065K(935424K), 0.0050022 secs] [Times: user=0.03 sys=0.00, real=0.01 secs] 
118.094: [GC (Allocation Failure) [PSYoungGen: 260048K->1581K(240128K)] 683241K->424775K(911360K), 0.0018193 secs] [Times: user=0.01 sys=0.00, real=0.00 secs] 
118.703: [GC (Allocation Failure) [PSYoungGen: 239661K->17952K(258048K)] 662855K->441145K(929280K), 0.0027660 secs] [Times: user=0.02 sys=0.00, real=0.00 secs] 
120.417: [GC (Allocation Failure) [PSYoungGen: 251936K->1376K(231424K)] 675129K->424593K(902656K), 0.0043168 secs] [Times: user=0.02 sys=0.00, real=0.01 secs] 
120.878: [GC (Allocation Failure) [PSYoungGen: 231264K->1677K(245760K)] 654481K->424903K(916992K), 0.0019616 secs] [Times: user=0.01 sys=0.00, real=0.00 secs] 
123.370: [GC (Allocation Failure) [PSYoungGen: 227469K->17856K(240128K)] 650695K->457473K(911360K), 0.0078465 secs] [Times: user=0.04 sys=0.00, real=0.01 secs] 
125.463: [GC (Allocation Failure) [PSYoungGen: 240064K->1520K(241152K)] 679681K->441146K(912384K), 0.0019513 secs] [Times: user=0.00 sys=0.00, real=0.00 secs] 
126.253: [GC (Allocation Failure) [PSYoungGen: 220144K->9744K(225280K)] 659770K->449369K(896512K), 0.0029689 secs] [Times: user=0.01 sys=0.00, real=0.00 secs] 
127.889: [GC (Allocation Failure) [PSYoungGen: 224784K->1376K(231424K)] 664409K->441009K(902656K), 0.0025935 secs] [Times: user=0.01 sys=0.00, real=0.00 secs] 
128.514: [GC (Allocation Failure) [PSYoungGen: 212832K->1645K(209920K)] 652465K->441279K(881152K), 0.0018076 secs] [Times: user=0.00 sys=0.01, real=0.00 secs] 
130.891: [GC (Allocation Failure) [PSYoungGen: 209517K->17872K(228352K)] 649151K->457513K(899584K), 0.0036140 secs] [Times: user=0.02 sys=0.00, real=0.00 secs] 
132.970: [GC (Allocation Failure) [PSYoungGen: 222672K->1472K(203264K)] 662313K->441114K(874496K), 0.0024027 secs] [Times: user=0.01 sys=0.00, real=0.00 secs] 
133.368: [GC (Allocation Failure) [PSYoungGen: 203200K->1645K(219136K)] 642842K->441287K(890368K), 0.0025866 secs] [Times: user=0.01 sys=0.00, real=0.00 secs] 
134.070: [GC (Allocation Failure) [PSYoungGen: 200301K->17840K(213504K)] 639943K->473873K(884736K), 0.0042790 secs] [Times: user=0.02 sys=0.00, real=0.00 secs] 
135.137: [GC (Allocation Failure) [PSYoungGen: 213424K->1485K(214528K)] 669457K->457519K(885760K), 0.0024964 secs] [Times: user=0.01 sys=0.00, real=0.00 secs] 
135.514: [GC (Allocation Failure) [PSYoungGen: 193997K->1645K(191488K)] 650031K->457687K(862720K), 0.0018419 secs] [Times: user=0.01 sys=0.00, real=0.00 secs] 
136.885: [GC (Allocation Failure) [PSYoungGen: 191085K->17840K(211968K)] 647127K->490273K(883200K), 0.0074769 secs] [Times: user=0.04 sys=0.00, real=0.01 secs] 
138.667: [GC (Allocation Failure) [PSYoungGen: 204720K->1453K(185856K)] 677153K->473895K(857088K), 0.0025678 secs] [Times: user=0.01 sys=0.00, real=0.00 secs] 
139.025: [GC (Allocation Failure) [PSYoungGen: 185773K->1632K(203776K)] 658215K->474074K(875008K), 0.0020501 secs] [Times: user=0.00 sys=0.00, real=0.00 secs] 
139.625: [GC (Allocation Failure) [PSYoungGen: 183392K->17856K(197120K)] 655834K->506689K(868352K), 0.0047455 secs] [Times: user=0.03 sys=0.00, real=0.01 secs] 
140.427: [GC (Allocation Failure) [PSYoungGen: 197056K->1456K(199680K)] 685889K->490314K(870912K), 0.0021403 secs] [Times: user=0.01 sys=0.00, real=0.00 secs] 
140.818: [GC (Allocation Failure) [PSYoungGen: 178096K->1584K(176128K)] 666954K->490458K(847360K), 0.0020062 secs] [Times: user=0.01 sys=0.00, real=0.00 secs] 
141.436: [GC (Allocation Failure) [PSYoungGen: 175664K->17872K(197120K)] 664538K->506754K(868352K), 0.0029852 secs] [Times: user=0.01 sys=0.00, real=0.01 secs] 
142.608: [GC (Allocation Failure) [PSYoungGen: 189392K->1360K(170496K)] 678274K->490249K(841728K), 0.0022248 secs] [Times: user=0.00 sys=0.00, real=0.00 secs] 
143.117: [GC (Allocation Failure) [PSYoungGen: 170320K->1552K(189952K)] 659209K->490442K(861184K), 0.0018585 secs] [Times: user=0.01 sys=0.00, real=0.00 secs] 
143.737: [GC (Allocation Failure) [PSYoungGen: 168464K->9728K(175104K)] 657354K->498634K(846336K), 0.0028386 secs] [Times: user=0.01 sys=0.00, real=0.00 secs] 
145.436: [GC (Allocation Failure) [PSYoungGen: 174592K->17792K(188416K)] 663498K->523090K(859648K), 0.0118347 secs] [Times: user=0.06 sys=0.01, real=0.02 secs] 
147.194: [GC (Allocation Failure) [PSYoungGen: 180608K->1424K(162304K)] 685906K->506722K(833536K), 0.0022773 secs] [Times: user=0.01 sys=0.00, real=0.01 secs] 
147.486: [GC (Allocation Failure) [PSYoungGen: 162192K->1584K(181248K)] 667490K->506890K(852480K), 0.0018935 secs] [Times: user=0.01 sys=0.00, real=0.01 secs] 
148.374: [GC (Allocation Failure) [PSYoungGen: 160304K->17872K(182272K)] 665610K->523178K(853504K), 0.0030965 secs] [Times: user=0.01 sys=0.00, real=0.01 secs] 
150.062: [GC (Allocation Failure) [PSYoungGen: 174544K->1360K(178688K)] 679850K->506666K(849920K), 0.0034934 secs] [Times: user=0.02 sys=0.00, real=0.00 secs] 
150.825: [GC (Allocation Failure) [PSYoungGen: 155984K->1552K(154624K)] 661290K->506866K(825856K), 0.0021071 secs] [Times: user=0.01 sys=0.00, real=0.01 secs] 
151.299: [GC (Allocation Failure) [PSYoungGen: 152381K->3568K(171520K)] 657695K->508898K(842752K), 0.0030510 secs] [Times: user=0.01 sys=0.00, real=0.00 secs] 
152.254: [GC (Allocation Failure) [PSYoungGen: 154096K->17792K(173056K)] 659426K->539506K(844288K), 0.0060176 secs] [Times: user=0.03 sys=0.00, real=0.01 secs] 
153.649: [GC (Allocation Failure) [PSYoungGen: 166272K->1392K(170496K)] 687986K->523114K(841728K), 0.0028539 secs] [Times: user=0.01 sys=0.00, real=0.00 secs] 
153.978: [GC (Allocation Failure) [PSYoungGen: 148336K->1584K(147456K)] 670058K->523306K(818688K), 0.0019849 secs] [Times: user=0.01 sys=0.00, real=0.00 secs] 
154.469: [GC (Allocation Failure) [PSYoungGen: 146992K->9728K(166400K)] 668714K->531450K(837632K), 0.0025688 secs] [Times: user=0.01 sys=0.00, real=0.00 secs] 
155.631: [GC (Allocation Failure) [PSYoungGen: 153600K->17792K(166912K)] 675322K->555898K(838144K), 0.0061114 secs] [Times: user=0.03 sys=0.01, real=0.01 secs] 
156.866: [GC (Allocation Failure) [PSYoungGen: 160128K->1424K(164352K)] 698234K->539530K(835584K), 0.0024818 secs] [Times: user=0.01 sys=0.00, real=0.01 secs] 
157.226: [GC (Allocation Failure) [PSYoungGen: 142224K->1584K(141312K)] 680330K->539690K(812544K), 0.0020442 secs] [Times: user=0.01 sys=0.00, real=0.01 secs] 
157.920: [GC (Allocation Failure) [PSYoungGen: 139151K->5552K(158208K)] 677257K->543682K(829440K), 0.0044782 secs] [Times: user=0.01 sys=0.00, real=0.00 secs] 
158.643: [GC (Allocation Failure) [PSYoungGen: 143280K->17824K(159744K)] 681410K->572338K(830976K), 0.0059114 secs] [Times: user=0.03 sys=0.00, real=0.01 secs] 
160.688: [GC (Allocation Failure) [PSYoungGen: 154016K->1408K(157184K)] 708530K->555922K(828416K), 0.0030356 secs] [Times: user=0.01 sys=0.00, real=0.00 secs] 
161.162: [GC (Allocation Failure) [PSYoungGen: 136064K->1520K(134656K)] 690578K->556050K(805888K), 0.0020906 secs] [Times: user=0.01 sys=0.00, real=0.00 secs] 
161.462: [GC (Allocation Failure) [PSYoungGen: 134640K->1760K(152576K)] 689170K->556298K(823808K), 0.0021520 secs] [Times: user=0.01 sys=0.00, real=0.00 secs] 
162.002: [GC (Allocation Failure) [PSYoungGen: 126762K->17808K(153600K)] 681300K->572346K(824832K), 0.0026120 secs] [Times: user=0.01 sys=0.00, real=0.00 secs] 
162.500: [GC (Allocation Failure) [PSYoungGen: 147856K->1376K(151040K)] 702394K->555914K(822272K), 0.0017374 secs] [Times: user=0.00 sys=0.00, real=0.00 secs] 
162.930: [GC (Allocation Failure) [PSYoungGen: 129888K->1517K(128512K)] 684426K->556055K(799744K), 0.0018596 secs] [Times: user=0.01 sys=0.00, real=0.00 secs] 
163.154: [GC (Allocation Failure) [PSYoungGen: 128493K->1517K(145920K)] 683031K->556055K(817152K), 0.0020528 secs] [Times: user=0.01 sys=0.00, real=0.00 secs] 
163.920: [GC (Allocation Failure) [PSYoungGen: 125658K->9680K(134144K)] 680196K->564226K(805376K), 0.0025502 secs] [Times: user=0.01 sys=0.00, real=0.00 secs] 
164.409: [GC (Allocation Failure) [PSYoungGen: 134096K->17792K(144896K)] 688642K->588722K(816128K), 0.0053704 secs] [Times: user=0.02 sys=0.00, real=0.00 secs] 
165.226: [GC (Allocation Failure) [PSYoungGen: 139648K->1376K(122368K)] 710578K->572306K(793600K), 0.0022530 secs] [Times: user=0.01 sys=0.00, real=0.01 secs] 
165.617: [GC (Allocation Failure) [PSYoungGen: 122208K->1549K(142336K)] 693138K->572479K(813568K), 0.0020161 secs] [Times: user=0.00 sys=0.00, real=0.00 secs] 
165.832: [GC (Allocation Failure) [PSYoungGen: 121357K->1533K(120320K)] 692287K->572463K(791552K), 0.0020236 secs] [Times: user=0.00 sys=0.00, real=0.00 secs] 
166.326: [GC (Allocation Failure) [PSYoungGen: 120317K->17840K(139264K)] 691247K->588770K(810496K), 0.0031001 secs] [Times: user=0.01 sys=0.00, real=0.01 secs] 
166.759: [GC (Allocation Failure) [PSYoungGen: 134064K->17792K(140800K)] 704994K->605114K(812032K), 0.0059527 secs] [Times: user=0.03 sys=0.00, real=0.00 secs] 
167.636: [GC (Allocation Failure) [PSYoungGen: 132992K->1408K(139264K)] 720314K->588730K(810496K), 0.0025243 secs] [Times: user=0.01 sys=0.00, real=0.01 secs] 
167.873: [GC (Allocation Failure) [PSYoungGen: 115584K->1552K(115200K)] 702906K->588874K(786432K), 0.0018873 secs] [Times: user=0.01 sys=0.01, real=0.00 secs] 
168.073: [GC (Allocation Failure) [PSYoungGen: 114704K->1520K(135168K)] 702026K->588850K(806400K), 0.0018886 secs] [Times: user=0.01 sys=0.00, real=0.00 secs] 
169.042: [GC (Allocation Failure) [PSYoungGen: 113648K->17808K(136192K)] 700978K->605146K(807424K), 0.0034896 secs] [Times: user=0.02 sys=0.00, real=0.00 secs] 
169.810: [GC (Allocation Failure) [PSYoungGen: 128912K->17808K(137216K)] 716250K->621530K(808448K), 0.0123697 secs] [Times: user=0.06 sys=0.01, real=0.01 secs] 
170.668: [GC (Allocation Failure) [PSYoungGen: 127376K->1392K(110080K)] 731098K->605114K(781312K), 0.0030349 secs] [Times: user=0.01 sys=0.00, real=0.00 secs] 
170.919: [GC (Allocation Failure) [PSYoungGen: 109936K->1520K(133120K)] 713658K->605242K(804352K), 0.0018505 secs] [Times: user=0.00 sys=0.00, real=0.00 secs] 
171.111: [GC (Allocation Failure) [PSYoungGen: 109040K->1517K(108032K)] 712762K->605239K(779264K), 0.0019282 secs] [Times: user=0.00 sys=0.00, real=0.00 secs] 
171.794: [GC (Allocation Failure) [PSYoungGen: 103296K->9584K(129024K)] 707018K->613314K(800256K), 0.0043826 secs] [Times: user=0.01 sys=0.00, real=0.01 secs] 
172.555: [GC (Allocation Failure) [PSYoungGen: 115056K->17776K(130048K)] 718786K->637890K(801280K), 0.0054935 secs] [Times: user=0.02 sys=0.01, real=0.01 secs] 
173.678: [GC (Allocation Failure) [PSYoungGen: 122224K->1360K(129024K)] 742338K->621474K(800256K), 0.0050568 secs] [Times: user=0.03 sys=0.00, real=0.00 secs] 
174.414: [GC (Allocation Failure) [PSYoungGen: 104784K->1456K(103936K)] 724898K->621578K(775168K), 0.0022869 secs] [Times: user=0.01 sys=0.00, real=0.00 secs] 
174.598: [GC (Allocation Failure) [PSYoungGen: 103856K->1488K(124416K)] 723978K->621610K(795648K), 0.0019922 secs] [Times: user=0.01 sys=0.00, real=0.00 secs] 
174.856: [GC (Allocation Failure) [PSYoungGen: 102864K->1968K(102400K)] 722986K->622090K(773632K), 0.0025603 secs] [Times: user=0.01 sys=0.00, real=0.01 secs] 
175.276: [GC (Allocation Failure) [PSYoungGen: 102320K->17792K(121856K)] 722442K->637914K(793088K), 0.0028916 secs] [Times: user=0.01 sys=0.00, real=0.01 secs] 
175.621: [GC (Allocation Failure) [PSYoungGen: 115584K->17792K(124416K)] 735706K->654314K(795648K), 0.0051253 secs] [Times: user=0.03 sys=0.01, real=0.00 secs] 
176.040: [GC (Allocation Failure) [PSYoungGen: 115584K->1376K(115712K)] 752106K->637898K(786944K), 0.0022720 secs] [Times: user=0.01 sys=0.00, real=0.00 secs] 
176.259: [GC (Allocation Failure) [PSYoungGen: 98656K->1485K(98304K)] 735178K->638007K(769536K), 0.0018698 secs] [Times: user=0.00 sys=0.00, real=0.00 secs] 
176.432: [GC (Allocation Failure) [PSYoungGen: 98253K->1517K(124416K)] 734775K->638047K(795648K), 0.0018263 secs] [Times: user=0.01 sys=0.00, real=0.00 secs] 
176.913: [GC (Allocation Failure) [PSYoungGen: 99309K->5568K(102912K)] 735839K->642098K(774144K), 0.0026515 secs] [Times: user=0.01 sys=0.00, real=0.00 secs] 
177.948: [GC (Allocation Failure) [PSYoungGen: 102848K->17824K(118784K)] 739378K->654354K(790016K), 0.0030343 secs] [Times: user=0.01 sys=0.00, real=0.00 secs] 
178.611: [GC (Allocation Failure) [PSYoungGen: 112544K->17792K(120832K)] 749074K->670706K(792064K), 0.0065047 secs] [Times: user=0.03 sys=0.00, real=0.01 secs] 
178.617: [Full GC (Ergonomics) [PSYoungGen: 17792K->0K(120832K)] [ParOldGen: 652914K->127681K(700416K)] 670706K->127681K(821248K), [Metaspace: 54631K->54623K(1099776K)], 0.0434167 secs] [Times: user=0.12 sys=0.00, real=0.04 secs] 
178.937: [GC (Allocation Failure) [PSYoungGen: 66591K->96K(122880K)] 194272K->160545K(823296K), 0.0057617 secs] [Times: user=0.03 sys=0.00, real=0.00 secs] 
179.218: [GC (Allocation Failure) [PSYoungGen: 68439K->96K(122368K)] 228888K->226081K(822784K), 0.0060016 secs] [Times: user=0.03 sys=0.00, real=0.00 secs] 
179.580: [GC (Allocation Failure) [PSYoungGen: 94816K->1312K(130048K)] 320801K->260065K(830464K), 0.0055196 secs] [Times: user=0.03 sys=0.00, real=0.00 secs] 
179.780: [GC (Allocation Failure) [PSYoungGen: 106272K->1376K(131072K)] 365025K->260129K(831488K), 0.0015275 secs] [Times: user=0.01 sys=0.00, real=0.00 secs] 
179.963: [GC (Allocation Failure) [PSYoungGen: 106336K->1376K(136704K)] 365089K->260129K(837120K), 0.0014886 secs] [Times: user=0.00 sys=0.00, real=0.00 secs] 
180.632: [GC (Allocation Failure) [PSYoungGen: 116576K->17856K(138752K)] 375329K->276609K(839168K), 0.0029933 secs] [Times: user=0.01 sys=0.00, real=0.00 secs] 
181.643: [GC (Allocation Failure) [PSYoungGen: 133056K->1344K(147968K)] 391809K->260097K(848384K), 0.0031299 secs] [Times: user=0.01 sys=0.00, real=0.00 secs] 
182.728: [GC (Allocation Failure) [PSYoungGen: 125760K->1517K(150016K)] 384513K->260270K(850432K), 0.0019398 secs] [Times: user=0.01 sys=0.00, real=0.00 secs] 
182.964: [GC (Allocation Failure) [PSYoungGen: 125933K->1581K(155648K)] 384686K->260334K(856064K), 0.0018892 secs] [Times: user=0.01 sys=0.00, real=0.00 secs] 
183.341: [GC (Allocation Failure) [PSYoungGen: 135213K->9696K(156672K)] 393966K->268449K(857088K), 0.0020603 secs] [Times: user=0.00 sys=0.00, real=0.00 secs] 
184.324: [GC (Allocation Failure) [PSYoungGen: 143328K->1469K(162304K)] 402081K->260222K(862720K), 0.0021604 secs] [Times: user=0.01 sys=0.00, real=0.00 secs] 
185.351: [GC (Allocation Failure) [PSYoungGen: 143805K->1469K(164352K)] 402558K->260222K(864768K), 0.0022054 secs] [Times: user=0.01 sys=0.00, real=0.00 secs] 
185.632: [GC (Allocation Failure) [PSYoungGen: 143805K->1581K(170496K)] 402558K->260334K(870912K), 0.0018588 secs] [Times: user=0.01 sys=0.00, real=0.00 secs] 
186.098: [GC (Allocation Failure) [PSYoungGen: 152621K->9696K(171008K)] 411374K->268457K(871424K), 0.0023115 secs] [Times: user=0.01 sys=0.00, real=0.00 secs] 
186.729: [GC (Allocation Failure) [PSYoungGen: 160736K->1421K(176640K)] 419497K->260182K(877056K), 0.0019757 secs] [Times: user=0.00 sys=0.00, real=0.00 secs] 
187.300: [GC (Allocation Failure) [PSYoungGen: 160653K->1533K(178688K)] 419414K->260294K(879104K), 0.0015712 secs] [Times: user=0.00 sys=0.00, real=0.00 secs] 
187.584: [GC (Allocation Failure) [PSYoungGen: 160765K->1658K(185856K)] 419526K->260427K(886272K), 0.0020267 secs] [Times: user=0.00 sys=0.00, real=0.00 secs] 
189.664: [GC (Allocation Failure) [PSYoungGen: 170106K->1440K(185856K)] 428875K->260246K(886272K), 0.0036921 secs] [Times: user=0.01 sys=0.00, real=0.01 secs] 
191.924: [GC (Allocation Failure) [PSYoungGen: 169888K->1517K(189952K)] 428694K->260323K(890368K), 0.0029231 secs] [Times: user=0.02 sys=0.00, real=0.01 secs] 
192.296: [GC (Allocation Failure) [PSYoungGen: 177645K->1581K(192000K)] 436451K->260387K(892416K), 0.0018010 secs] [Times: user=0.01 sys=0.00, real=0.01 secs] 
193.547: [GC (Allocation Failure) [PSYoungGen: 177709K->9680K(198144K)] 436515K->276702K(898560K), 0.0055886 secs] [Times: user=0.03 sys=0.00, real=0.00 secs] 
195.289: [GC (Allocation Failure) [PSYoungGen: 192976K->1408K(199680K)] 459998K->268430K(900096K), 0.0025431 secs] [Times: user=0.01 sys=0.00, real=0.00 secs] 
195.755: [GC (Allocation Failure) [PSYoungGen: 184704K->1597K(205824K)] 451726K->268619K(906240K), 0.0018373 secs] [Times: user=0.01 sys=0.00, real=0.00 secs] 
196.996: [GC (Allocation Failure) [PSYoungGen: 193085K->1456K(206336K)] 460107K->268478K(906752K), 0.0029326 secs] [Times: user=0.01 sys=0.00, real=0.01 secs] 
198.356: [GC (Allocation Failure) [PSYoungGen: 192944K->1501K(210432K)] 459966K->268531K(910848K), 0.0023774 secs] [Times: user=0.01 sys=0.00, real=0.01 secs] 
198.751: [GC (Allocation Failure) [PSYoungGen: 200157K->1680K(211968K)] 467187K->268710K(912384K), 0.0017608 secs] [Times: user=0.00 sys=0.00, real=0.00 secs] 
200.958: [GC (Allocation Failure) [PSYoungGen: 200336K->1440K(217600K)] 467366K->268470K(918016K), 0.0046847 secs] [Times: user=0.02 sys=0.01, real=0.00 secs] 
202.447: [GC (Allocation Failure) [PSYoungGen: 208288K->1504K(218624K)] 475318K->268542K(919040K), 0.0014513 secs] [Times: user=0.01 sys=0.00, real=0.01 secs] 
203.492: [GC (Allocation Failure) [PSYoungGen: 208352K->5664K(225280K)] 475390K->272718K(925696K), 0.0035730 secs] [Times: user=0.01 sys=0.00, real=0.00 secs] 
207.296: [GC (Allocation Failure) [PSYoungGen: 219680K->1376K(225280K)] 486734K->268430K(925696K), 0.0030995 secs] [Times: user=0.02 sys=0.00, real=0.01 secs] 
208.258: [GC (Allocation Failure) [PSYoungGen: 215392K->1581K(230400K)] 482446K->268643K(930816K), 0.0018785 secs] [Times: user=0.01 sys=0.00, real=0.00 secs] 
209.755: [GC (Allocation Failure) [PSYoungGen: 222253K->1520K(230912K)] 489315K->268598K(931328K), 0.0023142 secs] [Times: user=0.01 sys=0.00, real=0.01 secs] 
212.464: [GC (Allocation Failure) [PSYoungGen: 222192K->1469K(233984K)] 489270K->268547K(934400K), 0.0024929 secs] [Times: user=0.01 sys=0.00, real=0.00 secs] 
212.979: [GC (Allocation Failure) [PSYoungGen: 227773K->5696K(235520K)] 494851K->272774K(935936K), 0.0026379 secs] [Times: user=0.01 sys=0.00, real=0.00 secs] 
215.441: [GC (Allocation Failure) [PSYoungGen: 232000K->1376K(241152K)] 499078K->268454K(941568K), 0.0032330 secs] [Times: user=0.01 sys=0.00, real=0.00 secs] 
216.557: [GC (Allocation Failure) [PSYoungGen: 234848K->1661K(242688K)] 501926K->268747K(943104K), 0.0019094 secs] [Times: user=0.01 sys=0.00, real=0.00 secs] 
218.485: [GC (Allocation Failure) [PSYoungGen: 235133K->1504K(248320K)] 502219K->268606K(948736K), 0.0026918 secs] [Times: user=0.01 sys=0.01, real=0.01 secs] 
219.752: [GC (Allocation Failure) [PSYoungGen: 241632K->1613K(248832K)] 508734K->268715K(949248K), 0.0019483 secs] [Times: user=0.00 sys=0.00, real=0.00 secs] 
221.858: [GC (Allocation Failure) [PSYoungGen: 241741K->1552K(253952K)] 508843K->268662K(954368K), 0.0042733 secs] [Times: user=0.01 sys=0.00, real=0.00 secs] 
224.409: [GC (Allocation Failure) [PSYoungGen: 248336K->1501K(254464K)] 515446K->268627K(954880K), 0.0015755 secs] [Times: user=0.01 sys=0.00, real=0.00 secs] 
225.691: [GC (Allocation Failure) [PSYoungGen: 248285K->5728K(258560K)] 515411K->276950K(958976K), 0.0039536 secs] [Times: user=0.01 sys=0.01, real=0.00 secs] 
227.794: [GC (Allocation Failure) [PSYoungGen: 257120K->1440K(259584K)] 528342K->272662K(960000K), 0.0020132 secs] [Times: user=0.00 sys=0.01, real=0.00 secs] 
228.418: [GC (Allocation Failure) [PSYoungGen: 252832K->2608K(266240K)] 524054K->273838K(966656K), 0.0023401 secs] [Times: user=0.01 sys=0.00, real=0.00 secs] 
230.004: [GC (Allocation Failure) [PSYoungGen: 261168K->1424K(265728K)] 532398K->272686K(966144K), 0.0018757 secs] [Times: user=0.01 sys=0.00, real=0.00 secs] 
230.553: [GC (Allocation Failure) [PSYoungGen: 259984K->1661K(273408K)] 531246K->272923K(973824K), 0.0021573 secs] [Times: user=0.01 sys=0.01, real=0.00 secs] 
232.483: [GC (Allocation Failure) [PSYoungGen: 267901K->1440K(272896K)] 539163K->272710K(973312K), 0.0018069 secs] [Times: user=0.01 sys=0.00, real=0.00 secs] 
233.124: [GC (Allocation Failure) [PSYoungGen: 267680K->1709K(281088K)] 538950K->272979K(981504K), 0.0020645 secs] [Times: user=0.01 sys=0.00, real=0.00 secs] 
236.501: [GC (Allocation Failure) [PSYoungGen: 276141K->1392K(280576K)] 547411K->272662K(980992K), 0.0047706 secs] [Times: user=0.02 sys=0.00, real=0.00 secs] 
237.303: [GC (Allocation Failure) [PSYoungGen: 275824K->1677K(288768K)] 547094K->272947K(989184K), 0.0021207 secs] [Times: user=0.01 sys=0.00, real=0.00 secs] 
240.339: [GC (Allocation Failure) [PSYoungGen: 284813K->1408K(288768K)] 556083K->272678K(989184K), 0.0025164 secs] [Times: user=0.00 sys=0.00, real=0.00 secs] 
241.092: [GC (Allocation Failure) [PSYoungGen: 284544K->2624K(296960K)] 555814K->273894K(997376K), 0.0024114 secs] [Times: user=0.01 sys=0.00, real=0.00 secs] 
243.225: [GC (Allocation Failure) [PSYoungGen: 293952K->1501K(296448K)] 565222K->272803K(996864K), 0.0021109 secs] [Times: user=0.01 sys=0.00, real=0.01 secs] 
243.894: [GC (Allocation Failure) [PSYoungGen: 292829K->1664K(304640K)] 564131K->272974K(1005056K), 0.0023226 secs] [Times: user=0.01 sys=0.01, real=0.00 secs] 
245.078: [GC (Allocation Failure) [PSYoungGen: 301184K->1437K(304640K)] 572494K->272755K(1005056K), 0.0017121 secs] [Times: user=0.01 sys=0.00, real=0.00 secs] 
245.995: [GC (Allocation Failure) [PSYoungGen: 300957K->1600K(312832K)] 572275K->272926K(1013248K), 0.0027383 secs] [Times: user=0.01 sys=0.00, real=0.01 secs] 
247.051: [GC (Allocation Failure) [PSYoungGen: 309824K->1565K(312832K)] 581150K->272899K(1013248K), 0.0017964 secs] [Times: user=0.00 sys=0.00, real=0.00 secs] 
249.145: [GC (Allocation Failure) [PSYoungGen: 309789K->1504K(321024K)] 581123K->272854K(1021440K), 0.0038148 secs] [Times: user=0.01 sys=0.00, real=0.01 secs] 
250.461: [GC (Allocation Failure) [PSYoungGen: 318944K->1645K(321536K)] 590294K->272995K(1021952K), 0.0020356 secs] [Times: user=0.01 sys=0.00, real=0.00 secs] 
253.541: [GC (Allocation Failure) [PSYoungGen: 319085K->272K(329216K)] 590435K->271622K(1029632K), 0.0039516 secs] [Times: user=0.01 sys=0.00, real=0.00 secs] 
254.937: [GC (Allocation Failure) [PSYoungGen: 325904K->1696K(329728K)] 597254K->273046K(1030144K), 0.0035411 secs] [Times: user=0.01 sys=0.00, real=0.01 secs] 
257.478: [GC (Allocation Failure) [PSYoungGen: 327328K->1565K(336384K)] 598678K->272923K(1036800K), 0.0017941 secs] [Times: user=0.00 sys=0.00, real=0.00 secs] 
259.968: [GC (Allocation Failure) [PSYoungGen: 335389K->1552K(337408K)] 606747K->272918K(1037824K), 0.0024122 secs] [Times: user=0.01 sys=0.00, real=0.00 secs] 
261.850: [GC (Allocation Failure) [PSYoungGen: 335376K->1661K(344576K)] 606742K->273027K(1044992K), 0.0019937 secs] [Times: user=0.01 sys=0.00, real=0.00 secs] 
264.010: [GC (Allocation Failure) [PSYoungGen: 342653K->1501K(344576K)] 614019K->272875K(1044992K), 0.0016626 secs] [Times: user=0.00 sys=0.00, real=0.00 secs] 
266.327: [GC (Allocation Failure) [PSYoungGen: 342493K->1664K(350720K)] 613867K->273062K(1051136K), 0.0033317 secs] [Times: user=0.01 sys=0.00, real=0.00 secs] 
268.120: [GC (Allocation Failure) [PSYoungGen: 349312K->1565K(350720K)] 620710K->272979K(1051136K), 0.0020326 secs] [Times: user=0.01 sys=0.00, real=0.00 secs] 
270.344: [GC (Allocation Failure) [PSYoungGen: 349213K->1472K(357376K)] 620627K->272894K(1057792K), 0.0027178 secs] [Times: user=0.00 sys=0.00, real=0.01 secs] 
272.176: [GC (Allocation Failure) [PSYoungGen: 355776K->1632K(357376K)] 627198K->273078K(1057792K), 0.0057848 secs] [Times: user=0.02 sys=0.00, real=0.01 secs] 
274.278: [GC (Allocation Failure) [PSYoungGen: 355936K->1597K(364544K)] 627382K->273043K(1064960K), 0.0018337 secs] [Times: user=0.01 sys=0.00, real=0.00 secs] 
276.130: [GC (Allocation Failure) [PSYoungGen: 364093K->1504K(365056K)] 635539K->272950K(1065472K), 0.0027598 secs] [Times: user=0.00 sys=0.00, real=0.00 secs] 
277.583: [GC (Allocation Failure) [PSYoungGen: 364000K->1632K(372224K)] 635446K->273078K(1072640K), 0.0019797 secs] [Times: user=0.01 sys=0.00, real=0.00 secs] 
279.142: [GC (Allocation Failure) [PSYoungGen: 371808K->1565K(372736K)] 643254K->273019K(1073152K), 0.0019916 secs] [Times: user=0.01 sys=0.00, real=0.00 secs] 
281.464: [GC (Allocation Failure) [PSYoungGen: 371741K->1504K(379392K)] 643195K->272966K(1079808K), 0.0021955 secs] [Times: user=0.01 sys=0.00, real=0.00 secs] 
282.911: [GC (Allocation Failure) [PSYoungGen: 378848K->1632K(379904K)] 650310K->273094K(1080320K), 0.0023838 secs] [Times: user=0.01 sys=0.01, real=0.00 secs] 
285.046: [GC (Allocation Failure) [PSYoungGen: 378976K->1613K(386560K)] 650438K->273075K(1086976K), 0.0019998 secs] [Times: user=0.00 sys=0.00, real=0.01 secs] 
287.442: [GC (Allocation Failure) [PSYoungGen: 386125K->1533K(387072K)] 657587K->272995K(1087488K), 0.0023083 secs] [Times: user=0.01 sys=0.00, real=0.00 secs] 
289.480: [GC (Allocation Failure) [PSYoungGen: 386045K->1600K(394240K)] 657507K->273078K(1094656K), 0.0033142 secs] [Times: user=0.01 sys=0.00, real=0.00 secs] 
292.056: [GC (Allocation Failure) [PSYoungGen: 393792K->1632K(394240K)] 665270K->277206K(1094656K), 0.0022567 secs] [Times: user=0.01 sys=0.00, real=0.01 secs] 
294.824: [GC (Allocation Failure) [PSYoungGen: 393824K->1632K(400896K)] 669398K->277214K(1101312K), 0.0017899 secs] [Times: user=0.00 sys=0.01, real=0.00 secs] 
296.223: [GC (Allocation Failure) [PSYoungGen: 400480K->1504K(401408K)] 676062K->277102K(1101824K), 0.0021603 secs] [Times: user=0.01 sys=0.00, real=0.00 secs] 
298.984: [GC (Allocation Failure) [PSYoungGen: 400864K->1632K(408064K)] 676462K->277230K(1108480K), 0.0041368 secs] [Times: user=0.01 sys=0.00, real=0.01 secs] 
300.601: [GC (Allocation Failure) [PSYoungGen: 407648K->416K(408064K)] 683246K->276014K(1108480K), 0.0018798 secs] [Times: user=0.01 sys=0.00, real=0.00 secs] 
305.080: [GC (Allocation Failure) [PSYoungGen: 406432K->1616K(414720K)] 682030K->277222K(1115136K), 0.0019912 secs] [Times: user=0.01 sys=0.00, real=0.00 secs] 
306.636: [GC (Allocation Failure) [PSYoungGen: 414288K->1536K(415744K)] 689894K->277158K(1116160K), 0.0021386 secs] [Times: user=0.01 sys=0.00, real=0.01 secs] 
309.186: [GC (Allocation Failure) [PSYoungGen: 414720K->1664K(421376K)] 690342K->277294K(1121792K), 0.0050480 secs] [Times: user=0.01 sys=0.01, real=0.01 secs] 
311.065: [GC (Allocation Failure) [PSYoungGen: 420992K->1632K(421888K)] 696622K->277270K(1122304K), 0.0019157 secs] [Times: user=0.00 sys=0.00, real=0.01 secs] 
312.937: [GC (Allocation Failure) [PSYoungGen: 420960K->1597K(429056K)] 696598K->277235K(1129472K), 0.0019815 secs] [Times: user=0.01 sys=0.00, real=0.00 secs] 
316.085: [GC (Allocation Failure) [PSYoungGen: 428605K->1597K(429568K)] 704243K->277235K(1129984K), 0.0016344 secs] [Times: user=0.01 sys=0.00, real=0.01 secs] 
319.806: [GC (Allocation Failure) [PSYoungGen: 429117K->1584K(435712K)] 704755K->277238K(1136128K), 0.0051934 secs] [Times: user=0.01 sys=0.01, real=0.01 secs] 
322.523: [GC (Allocation Failure) [PSYoungGen: 435248K->1616K(435712K)] 710902K->277270K(1136128K), 0.0027398 secs] [Times: user=0.01 sys=0.00, real=0.00 secs] 
324.491: [GC (Allocation Failure) [PSYoungGen: 435280K->1648K(442880K)] 710934K->277318K(1143296K), 0.0023463 secs] [Times: user=0.01 sys=0.00, real=0.00 secs] 
326.433: [GC (Allocation Failure) [PSYoungGen: 442452K->1629K(442880K)] 718122K->277299K(1143296K), 0.0020425 secs] [Times: user=0.01 sys=0.00, real=0.00 secs] 
328.221: [GC (Allocation Failure) [PSYoungGen: 442461K->1629K(450560K)] 718131K->277299K(1150976K), 0.0018832 secs] [Times: user=0.01 sys=0.00, real=0.00 secs] 
332.644: [GC (Allocation Failure) [PSYoungGen: 450141K->1536K(450560K)] 725811K->277214K(1150976K), 0.0028300 secs] [Times: user=0.01 sys=0.00, real=0.01 secs] 
337.642: [GC (Allocation Failure) [PSYoungGen: 450048K->1664K(457216K)] 725726K->277342K(1157632K), 0.0042384 secs] [Times: user=0.02 sys=0.00, real=0.00 secs] 
339.805: [GC (Allocation Failure) [PSYoungGen: 456832K->1680K(457216K)] 732510K->277366K(1157632K), 0.0024574 secs] [Times: user=0.01 sys=0.00, real=0.01 secs] 
341.270: [GC (Allocation Failure) [PSYoungGen: 456848K->1632K(464384K)] 732534K->279366K(1164800K), 0.0024620 secs] [Times: user=0.00 sys=0.00, real=0.00 secs] 
342.943: [GC (Allocation Failure) [PSYoungGen: 463968K->1664K(464384K)] 741702K->279406K(1164800K), 0.0016429 secs] [Times: user=0.01 sys=0.00, real=0.00 secs] 
347.263: [GC (Allocation Failure) [PSYoungGen: 464000K->1632K(471552K)] 741742K->279382K(1171968K), 0.0019479 secs] [Times: user=0.00 sys=0.00, real=0.00 secs] 
350.003: [GC (Allocation Failure) [PSYoungGen: 471136K->1613K(472576K)] 748886K->279379K(1172992K), 0.0020418 secs] [Times: user=0.00 sys=0.00, real=0.00 secs] 
353.147: [GC (Allocation Failure) [PSYoungGen: 472141K->1536K(478208K)] 749907K->279302K(1178624K), 0.0040799 secs] [Times: user=0.02 sys=0.00, real=0.00 secs] 
356.425: [GC (Allocation Failure) [PSYoungGen: 477696K->1600K(478208K)] 755462K->279366K(1178624K), 0.0052525 secs] [Times: user=0.02 sys=0.00, real=0.01 secs] 
359.080: [GC (Allocation Failure) [PSYoungGen: 477760K->1664K(486400K)] 755526K->279438K(1186816K), 0.0025903 secs] [Times: user=0.01 sys=0.00, real=0.00 secs] 
361.311: [GC (Allocation Failure) [PSYoungGen: 486016K->1664K(486400K)] 763790K->279446K(1186816K), 0.0037703 secs] [Times: user=0.02 sys=0.00, real=0.00 secs] 
363.724: [GC (Allocation Failure) [PSYoungGen: 486016K->1648K(495104K)] 763798K->279438K(1195520K), 0.0023140 secs] [Times: user=0.01 sys=0.00, real=0.00 secs] 
365.370: [GC (Allocation Failure) [PSYoungGen: 494704K->1693K(495616K)] 772494K->279507K(1196032K), 0.0017651 secs] [Times: user=0.01 sys=0.00, real=0.00 secs] 
368.918: [GC (Allocation Failure) [PSYoungGen: 495261K->1677K(503296K)] 773075K->279491K(1203712K), 0.0017692 secs] [Times: user=0.01 sys=0.00, real=0.00 secs] 
373.762: [GC (Allocation Failure) [PSYoungGen: 502925K->1680K(503808K)] 780739K->279494K(1204224K), 0.0017405 secs] [Times: user=0.01 sys=0.00, real=0.00 secs] 
377.195: [GC (Allocation Failure) [PSYoungGen: 503440K->1677K(509952K)] 781254K->279491K(1210368K), 0.0017949 secs] [Times: user=0.01 sys=0.00, real=0.01 secs] 
380.241: [GC (Allocation Failure) [PSYoungGen: 509581K->1600K(509952K)] 787395K->279414K(1210368K), 0.0015961 secs] [Times: user=0.01 sys=0.00, real=0.00 secs] 
384.042: [GC (Allocation Failure) [PSYoungGen: 509504K->1792K(515584K)] 787318K->279614K(1216000K), 0.0022000 secs] [Times: user=0.00 sys=0.00, real=0.00 secs] 
389.534: [GC (Allocation Failure) [PSYoungGen: 515328K->1664K(515584K)] 793150K->279494K(1216000K), 0.0015646 secs] [Times: user=0.01 sys=0.00, real=0.00 secs] 
393.173: [GC (Allocation Failure) [PSYoungGen: 515200K->1661K(520192K)] 793030K->279491K(1220608K), 0.0018429 secs] [Times: user=0.01 sys=0.00, real=0.00 secs] 
397.324: [GC (Allocation Failure) [PSYoungGen: 519805K->1677K(520192K)] 797635K->279523K(1220608K), 0.0018517 secs] [Times: user=0.01 sys=0.00, real=0.00 secs] 
401.750: [GC (Allocation Failure) [PSYoungGen: 519821K->1661K(524800K)] 797667K->279531K(1225216K), 0.0024809 secs] [Times: user=0.01 sys=0.00, real=0.00 secs] 
404.785: [GC (Allocation Failure) [PSYoungGen: 524413K->1725K(524800K)] 802283K->279595K(1225216K), 0.0019275 secs] [Times: user=0.01 sys=0.00, real=0.01 secs] 
406.991: [GC (Allocation Failure) [PSYoungGen: 524477K->1616K(529408K)] 802347K->279486K(1229824K), 0.0019192 secs] [Times: user=0.01 sys=0.00, real=0.00 secs] 
412.420: [GC (Allocation Failure) [PSYoungGen: 528976K->1661K(529408K)] 806846K->279539K(1229824K), 0.0025132 secs] [Times: user=0.00 sys=0.00, real=0.00 secs] 
414.181: [GC (Allocation Failure) [PSYoungGen: 529021K->1661K(534528K)] 806899K->279555K(1234944K), 0.0025524 secs] [Times: user=0.01 sys=0.00, real=0.00 secs] 
415.888: [GC (Allocation Failure) [PSYoungGen: 534141K->1629K(534528K)] 812035K->279539K(1234944K), 0.0022892 secs] [Times: user=0.01 sys=0.00, real=0.00 secs] 
419.827: [GC (Allocation Failure) [PSYoungGen: 534109K->1632K(542208K)] 812019K->279542K(1242624K), 0.0050015 secs] [Times: user=0.01 sys=0.00, real=0.00 secs] 
421.634: [GC (Allocation Failure) [PSYoungGen: 541792K->1664K(542208K)] 819702K->279590K(1242624K), 0.0018485 secs] [Times: user=0.01 sys=0.00, real=0.00 secs] 
423.310: [GC (Allocation Failure) [PSYoungGen: 541824K->1632K(550912K)] 819750K->279574K(1251328K), 0.0023664 secs] [Times: user=0.01 sys=0.00, real=0.00 secs] 
425.373: [GC (Allocation Failure) [PSYoungGen: 550496K->1680K(550912K)] 828438K->279630K(1251328K), 0.0025186 secs] [Times: user=0.01 sys=0.00, real=0.00 secs] 
429.924: [GC (Allocation Failure) [PSYoungGen: 550544K->1709K(559616K)] 828494K->279667K(1260032K), 0.0029410 secs] [Times: user=0.01 sys=0.00, real=0.01 secs] 
433.942: [GC (Allocation Failure) [PSYoungGen: 559277K->1693K(560640K)] 837235K->279651K(1261056K), 0.0035815 secs] [Times: user=0.02 sys=0.00, real=0.00 secs] 
436.728: [GC (Allocation Failure) [PSYoungGen: 560285K->1693K(568320K)] 838243K->279659K(1268736K), 0.0027728 secs] [Times: user=0.01 sys=0.00, real=0.00 secs] 
439.514: [GC (Allocation Failure) [PSYoungGen: 567965K->1744K(568320K)] 845931K->279718K(1268736K), 0.0022504 secs] [Times: user=0.01 sys=0.01, real=0.00 secs] 
442.905: [GC (Allocation Failure) [PSYoungGen: 568016K->1693K(576000K)] 845990K->279667K(1276416K), 0.0020773 secs] [Times: user=0.01 sys=0.00, real=0.01 secs] 
446.421: [GC (Allocation Failure) [PSYoungGen: 575645K->1725K(576512K)] 853619K->279707K(1276928K), 0.0020266 secs] [Times: user=0.00 sys=0.00, real=0.00 secs] 
452.327: [GC (Allocation Failure) [PSYoungGen: 576189K->1709K(582656K)] 854171K->279699K(1283072K), 0.0020563 secs] [Times: user=0.01 sys=0.00, real=0.01 secs] 
454.083: [GC (Allocation Failure) [PSYoungGen: 582317K->1757K(583168K)] 860307K->279763K(1283584K), 0.0018913 secs] [Times: user=0.01 sys=0.00, real=0.00 secs] 
458.872: [GC (Allocation Failure) [PSYoungGen: 582877K->1725K(589824K)] 860883K->279739K(1290240K), 0.0020621 secs] [Times: user=0.00 sys=0.00, real=0.00 secs] 
464.819: [GC (Allocation Failure) [PSYoungGen: 589501K->1616K(589824K)] 867515K->279638K(1290240K), 0.0019783 secs] [Times: user=0.01 sys=0.00, real=0.00 secs] 
469.507: [GC (Allocation Failure) [PSYoungGen: 589392K->1648K(595456K)] 867414K->279670K(1295872K), 0.0052255 secs] [Times: user=0.01 sys=0.01, real=0.00 secs] 
474.763: [GC (Allocation Failure) [PSYoungGen: 595056K->1632K(595456K)] 873078K->279654K(1295872K), 0.0033375 secs] [Times: user=0.01 sys=0.00, real=0.00 secs] 
477.575: [GC (Allocation Failure) [PSYoungGen: 595040K->1680K(602112K)] 873062K->279710K(1302528K), 0.0025949 secs] [Times: user=0.01 sys=0.00, real=0.01 secs] 
481.019: [GC (Allocation Failure) [PSYoungGen: 601744K->1600K(602112K)] 879774K->279638K(1302528K), 0.0037016 secs] [Times: user=0.01 sys=0.00, real=0.00 secs] 
484.247: [GC (Allocation Failure) [PSYoungGen: 601664K->1725K(609792K)] 879702K->279771K(1310208K), 0.0025966 secs] [Times: user=0.01 sys=0.01, real=0.00 secs] 
486.925: [GC (Allocation Failure) [PSYoungGen: 609469K->1757K(610304K)] 887515K->279803K(1310720K), 0.0020205 secs] [Times: user=0.01 sys=0.00, real=0.01 secs] 
492.062: [GC (Allocation Failure) [PSYoungGen: 610013K->1741K(617472K)] 888059K->279787K(1317888K), 0.0022053 secs] [Times: user=0.01 sys=0.00, real=0.00 secs] 
493.988: [GC (Allocation Failure) [PSYoungGen: 617165K->416K(617472K)] 895211K->278462K(1317888K), 0.0020368 secs] [Times: user=0.01 sys=0.00, real=0.00 secs] 
497.853: [GC (Allocation Failure) [PSYoungGen: 615840K->1664K(624640K)] 893886K->279718K(1325056K), 0.0022436 secs] [Times: user=0.01 sys=0.00, real=0.00 secs] 
500.874: [GC (Allocation Failure) [PSYoungGen: 624256K->1664K(625152K)] 902310K->279718K(1325568K), 0.0025816 secs] [Times: user=0.00 sys=0.00, real=0.00 secs] 
504.038: [GC (Allocation Failure) [PSYoungGen: 624768K->1664K(632320K)] 902822K->279726K(1332736K), 0.0025995 secs] [Times: user=0.01 sys=0.00, real=0.00 secs] 
506.740: [GC (Allocation Failure) [PSYoungGen: 631936K->1757K(632320K)] 909998K->279819K(1332736K), 0.0019067 secs] [Times: user=0.01 sys=0.00, real=0.00 secs] 
512.150: [GC (Allocation Failure) [PSYoungGen: 632029K->1792K(640000K)] 910091K->279854K(1340416K), 0.0039032 secs] [Times: user=0.01 sys=0.00, real=0.00 secs] 
516.001: [GC (Allocation Failure) [PSYoungGen: 639744K->1808K(640000K)] 917806K->279870K(1340416K), 0.0017715 secs] [Times: user=0.01 sys=0.00, real=0.00 secs] 
520.233: [GC (Allocation Failure) [PSYoungGen: 639760K->1696K(647168K)] 917822K->279766K(1347584K), 0.0030456 secs] [Times: user=0.01 sys=0.00, real=0.00 secs] 
523.965: [GC (Allocation Failure) [PSYoungGen: 646816K->1632K(647680K)] 924886K->279702K(1348096K), 0.0030175 secs] [Times: user=0.01 sys=0.00, real=0.01 secs] 
526.902: [GC (Allocation Failure) [PSYoungGen: 647264K->1712K(654336K)] 925334K->279782K(1354752K), 0.0018227 secs] [Times: user=0.01 sys=0.00, real=0.00 secs] 
528.928: [GC (Allocation Failure) [PSYoungGen: 654000K->1840K(654336K)] 932070K->279926K(1354752K), 0.0018327 secs] [Times: user=0.00 sys=0.00, real=0.00 secs] 
531.705: [GC (Allocation Failure) [PSYoungGen: 654128K->1776K(662016K)] 932214K->279870K(1362432K), 0.0019671 secs] [Times: user=0.00 sys=0.00, real=0.01 secs] 
536.449: [GC (Allocation Failure) [PSYoungGen: 661744K->1616K(662016K)] 939838K->279726K(1362432K), 0.0028036 secs] [Times: user=0.01 sys=0.00, real=0.00 secs] 
539.841: [GC (Allocation Failure) [PSYoungGen: 661584K->1600K(669184K)] 939694K->279710K(1369600K), 0.0024320 secs] [Times: user=0.01 sys=0.00, real=0.00 secs] 
544.683: [GC (Allocation Failure) [PSYoungGen: 668736K->1760K(669184K)] 946846K->279878K(1369600K), 0.0018284 secs] [Times: user=0.00 sys=0.00, real=0.00 secs] 
547.267: [GC (Allocation Failure) [PSYoungGen: 668896K->1856K(675840K)] 947014K->280006K(1376256K), 0.0019998 secs] [Times: user=0.01 sys=0.00, real=0.00 secs] 
550.543: [GC (Allocation Failure) [PSYoungGen: 675648K->1728K(675840K)] 953798K->279886K(1376256K), 0.0032379 secs] [Times: user=0.01 sys=0.00, real=0.00 secs] 
554.697: [GC (Allocation Failure) [PSYoungGen: 675520K->1632K(683520K)] 953678K->279790K(1383936K), 0.0028413 secs] [Times: user=0.01 sys=0.01, real=0.00 secs] 
557.647: [GC (Allocation Failure) [PSYoungGen: 683104K->1712K(684032K)] 961262K->279886K(1384448K), 0.0018710 secs] [Times: user=0.01 sys=0.00, real=0.01 secs] 
561.012: [GC (Allocation Failure) [PSYoungGen: 683696K->1869K(691200K)] 961870K->280043K(1391616K), 0.0021608 secs] [Times: user=0.01 sys=0.00, real=0.00 secs] 
565.840: [GC (Allocation Failure) [PSYoungGen: 691021K->1728K(691200K)] 969195K->279902K(1391616K), 0.0040983 secs] [Times: user=0.02 sys=0.00, real=0.00 secs] 
571.874: [GC (Allocation Failure) [PSYoungGen: 690880K->1632K(696832K)] 969054K->279814K(1397248K), 0.0033666 secs] [Times: user=0.01 sys=0.00, real=0.01 secs] 
574.449: [GC (Allocation Failure) [PSYoungGen: 696416K->1853K(696832K)] 974598K->280051K(1397248K), 0.0022412 secs] [Times: user=0.00 sys=0.00, real=0.00 secs] 
577.912: [GC (Allocation Failure) [PSYoungGen: 696637K->1792K(696832K)] 974835K->280006K(1397248K), 0.0022801 secs] [Times: user=0.01 sys=0.00, real=0.00 secs] 
583.439: [GC (Allocation Failure) [PSYoungGen: 696576K->1664K(696832K)] 974790K->279878K(1397248K), 0.0034920 secs] [Times: user=0.01 sys=0.00, real=0.00 secs] 
586.491: [GC (Allocation Failure) [PSYoungGen: 696448K->1792K(696832K)] 974662K->280006K(1397248K), 0.0023734 secs] [Times: user=0.01 sys=0.00, real=0.00 secs] 
589.694: [GC (Allocation Failure) [PSYoungGen: 696576K->1840K(696832K)] 974790K->280062K(1397248K), 0.0018864 secs] [Times: user=0.01 sys=0.00, real=0.00 secs] 
593.303: [GC (Allocation Failure) [PSYoungGen: 696624K->1696K(696832K)] 974846K->279926K(1397248K), 0.0034762 secs] [Times: user=0.01 sys=0.00, real=0.00 secs] 
598.278: [GC (Allocation Failure) [PSYoungGen: 696480K->1712K(696832K)] 974710K->279942K(1397248K), 0.0023034 secs] [Times: user=0.01 sys=0.00, real=0.00 secs] 
600.634: [GC (Allocation Failure) [PSYoungGen: 696496K->1821K(696832K)] 974726K->280059K(1397248K), 0.0020588 secs] [Times: user=0.00 sys=0.00, real=0.00 secs] 
604.578: [GC (Allocation Failure) [PSYoungGen: 696605K->1728K(696832K)] 974843K->279974K(1397248K), 0.0033640 secs] [Times: user=0.01 sys=0.00, real=0.00 secs] 
610.029: [GC (Allocation Failure) [PSYoungGen: 696512K->1696K(696832K)] 974758K->279942K(1397248K), 0.0027252 secs] [Times: user=0.01 sys=0.00, real=0.00 secs] 
614.109: [GC (Allocation Failure) [PSYoungGen: 696480K->1792K(696832K)] 974726K->280038K(1397248K), 0.0019937 secs] [Times: user=0.01 sys=0.00, real=0.00 secs] 
618.293: [GC (Allocation Failure) [PSYoungGen: 696576K->1840K(696832K)] 974822K->280086K(1397248K), 0.0017913 secs] [Times: user=0.01 sys=0.00, real=0.00 secs] 
620.680: [GC (Allocation Failure) [PSYoungGen: 696624K->1664K(696832K)] 974870K->279918K(1397248K), 0.0020666 secs] [Times: user=0.00 sys=0.00, real=0.00 secs] 
624.509: [GC (Allocation Failure) [PSYoungGen: 696448K->1760K(696832K)] 974702K->280022K(1397248K), 0.0024392 secs] [Times: user=0.01 sys=0.00, real=0.00 secs] 
626.590: [GC (Allocation Failure) [PSYoungGen: 696544K->1837K(696832K)] 974806K->280107K(1397248K), 0.0020038 secs] [Times: user=0.01 sys=0.00, real=0.00 secs] 
630.520: [GC (Allocation Failure) [PSYoungGen: 696621K->1696K(696832K)] 974891K->279966K(1397248K), 0.0028049 secs] [Times: user=0.01 sys=0.00, real=0.00 secs] 
634.465: [GC (Allocation Failure) [PSYoungGen: 696480K->1632K(696832K)] 974750K->279910K(1397248K), 0.0024213 secs] [Times: user=0.01 sys=0.00, real=0.01 secs] 
637.082: [GC (Allocation Failure) [PSYoungGen: 696416K->1805K(696832K)] 974694K->280083K(1397248K), 0.0018036 secs] [Times: user=0.00 sys=0.00, real=0.00 secs] 
639.090: [GC (Allocation Failure) [PSYoungGen: 696589K->512K(695296K)] 974867K->278790K(1395712K), 0.0017816 secs] [Times: user=0.00 sys=0.00, real=0.00 secs] 
644.095: [GC (Allocation Failure) [PSYoungGen: 695296K->1664K(696320K)] 973574K->279950K(1396736K), 0.0023163 secs] [Times: user=0.00 sys=0.00, real=0.01 secs] 
649.114: [GC (Allocation Failure) [PSYoungGen: 695424K->1744K(696320K)] 973710K->280030K(1396736K), 0.0028418 secs] [Times: user=0.01 sys=0.00, real=0.01 secs] 
653.835: [GC (Allocation Failure) [PSYoungGen: 695504K->1837K(696320K)] 973790K->280123K(1396736K), 0.0019073 secs] [Times: user=0.01 sys=0.00, real=0.01 secs] 
658.350: [GC (Allocation Failure) [PSYoungGen: 695597K->1696K(696320K)] 973883K->279990K(1396736K), 0.0038932 secs] [Times: user=0.02 sys=0.00, real=0.00 secs] 
661.974: [GC (Allocation Failure) [PSYoungGen: 695456K->1600K(696320K)] 973750K->279902K(1396736K), 0.0024263 secs] [Times: user=0.00 sys=0.00, real=0.00 secs] 
666.868: [GC (Allocation Failure) [PSYoungGen: 695360K->1821K(696320K)] 973662K->280139K(1396736K), 0.0018401 secs] [Times: user=0.00 sys=0.00, real=0.00 secs] 
670.635: [GC (Allocation Failure) [PSYoungGen: 695581K->512K(696320K)] 973899K->278830K(1396736K), 0.0024024 secs] [Times: user=0.01 sys=0.00, real=0.01 secs] 
674.307: [GC (Allocation Failure) [PSYoungGen: 694272K->1632K(696320K)] 972590K->279958K(1396736K), 0.0026805 secs] [Times: user=0.01 sys=0.00, real=0.00 secs] 
680.090: [GC (Allocation Failure) [PSYoungGen: 695392K->1725K(696320K)] 973718K->280067K(1396736K), 0.0026950 secs] [Times: user=0.01 sys=0.00, real=0.00 secs] 
682.419: [GC (Allocation Failure) [PSYoungGen: 695485K->1840K(696320K)] 973827K->280198K(1396736K), 0.0020058 secs] [Times: user=0.01 sys=0.00, real=0.00 secs] 
687.546: [GC (Allocation Failure) [PSYoungGen: 695600K->1696K(696320K)] 973958K->280070K(1396736K), 0.0040540 secs] [Times: user=0.01 sys=0.00, real=0.01 secs] 
691.713: [GC (Allocation Failure) [PSYoungGen: 695456K->1664K(696320K)] 973830K->280038K(1396736K), 0.0025571 secs] [Times: user=0.01 sys=0.00, real=0.00 secs] 
694.099: [GC (Allocation Failure) [PSYoungGen: 695424K->1837K(696320K)] 973798K->280211K(1396736K), 0.0018653 secs] [Times: user=0.01 sys=0.00, real=0.00 secs] 
698.856: [GC (Allocation Failure) [PSYoungGen: 695597K->512K(696320K)] 973971K->278894K(1396736K), 0.0019118 secs] [Times: user=0.00 sys=0.00, real=0.01 secs] 
703.632: [GC (Allocation Failure) [PSYoungGen: 694272K->1664K(696320K)] 972654K->280054K(1396736K), 0.0028787 secs] [Times: user=0.02 sys=0.00, real=0.00 secs] 
707.139: [GC (Allocation Failure) [PSYoungGen: 695424K->1741K(696320K)] 973814K->280139K(1396736K), 0.0017577 secs] [Times: user=0.01 sys=0.00, real=0.00 secs] 
711.837: [GC (Allocation Failure) [PSYoungGen: 695501K->1837K(696320K)] 973899K->280243K(1396736K), 0.0020358 secs] [Times: user=0.01 sys=0.00, real=0.01 secs] 
716.743: [GC (Allocation Failure) [PSYoungGen: 695597K->1696K(696320K)] 974003K->280102K(1396736K), 0.0027080 secs] [Times: user=0.01 sys=0.00, real=0.00 secs] 
720.546: [GC (Allocation Failure) [PSYoungGen: 695456K->1664K(696320K)] 973862K->280078K(1396736K), 0.0036623 secs] [Times: user=0.01 sys=0.00, real=0.01 secs] 
723.271: [GC (Allocation Failure) [PSYoungGen: 695424K->1792K(696320K)] 973838K->280206K(1396736K), 0.0021609 secs] [Times: user=0.01 sys=0.00, real=0.00 secs] 
727.074: [GC (Allocation Failure) [PSYoungGen: 695552K->544K(696320K)] 973966K->278974K(1396736K), 0.0019137 secs] [Times: user=0.01 sys=0.00, real=0.00 secs] 
732.009: [GC (Allocation Failure) [PSYoungGen: 694304K->1616K(696320K)] 972734K->280054K(1396736K), 0.0047956 secs] [Times: user=0.02 sys=0.00, real=0.00 secs] 
735.891: [GC (Allocation Failure) [PSYoungGen: 695376K->1757K(696320K)] 973814K->280203K(1396736K), 0.0023182 secs] [Times: user=0.01 sys=0.00, real=0.00 secs] 
737.928: [GC (Allocation Failure) [PSYoungGen: 695517K->1856K(696320K)] 973963K->280310K(1396736K), 0.0017630 secs] [Times: user=0.00 sys=0.00, real=0.00 secs] 
740.808: [GC (Allocation Failure) [PSYoungGen: 695616K->1664K(696320K)] 974070K->280126K(1396736K), 0.0021785 secs] [Times: user=0.01 sys=0.00, real=0.00 secs] 
744.348: [GC (Allocation Failure) [PSYoungGen: 695424K->1648K(696320K)] 973886K->280118K(1396736K), 0.0030262 secs] [Times: user=0.01 sys=0.00, real=0.00 secs] 
746.677: [GC (Allocation Failure) [PSYoungGen: 695408K->1824K(696320K)] 973878K->280294K(1396736K), 0.0018560 secs] [Times: user=0.01 sys=0.00, real=0.00 secs] 
748.856: [GC (Allocation Failure) [PSYoungGen: 695584K->512K(696320K)] 974054K->278982K(1396736K), 0.0023741 secs] [Times: user=0.00 sys=0.00, real=0.01 secs] 
751.772: [GC (Allocation Failure) [PSYoungGen: 694272K->1664K(696320K)] 972742K->280142K(1396736K), 0.0023924 secs] [Times: user=0.01 sys=0.00, real=0.00 secs] 
756.432: [GC (Allocation Failure) [PSYoungGen: 695424K->1776K(676864K)] 973902K->280262K(1377280K), 0.0023778 secs] [Times: user=0.01 sys=0.00, real=0.00 secs] 
759.359: [GC (Allocation Failure) [PSYoungGen: 676592K->829K(657408K)] 955078K->280339K(1357824K), 0.0019878 secs] [Times: user=0.01 sys=0.00, real=0.00 secs] 
765.888: [GC (Allocation Failure) [PSYoungGen: 657213K->1760K(641024K)] 936723K->281278K(1341440K), 0.0022600 secs] [Times: user=0.00 sys=0.00, real=0.00 secs] 
769.440: [GC (Allocation Failure) [PSYoungGen: 640736K->1696K(624128K)] 920254K->281222K(1324544K), 0.0035072 secs] [Times: user=0.02 sys=0.00, real=0.00 secs] 
773.450: [GC (Allocation Failure) [PSYoungGen: 623776K->1696K(607744K)] 903302K->281238K(1308160K), 0.0033434 secs] [Times: user=0.01 sys=0.01, real=0.00 secs] 
777.119: [GC (Allocation Failure) [PSYoungGen: 607392K->1504K(591360K)] 886934K->281150K(1291776K), 0.0036076 secs] [Times: user=0.02 sys=0.00, real=0.00 secs] 
781.490: [GC (Allocation Failure) [PSYoungGen: 591328K->1725K(577024K)] 870974K->281395K(1277440K), 0.0025143 secs] [Times: user=0.01 sys=0.00, real=0.00 secs] 
786.654: [GC (Allocation Failure) [PSYoungGen: 576701K->1757K(562688K)] 856371K->281435K(1263104K), 0.0018416 secs] [Times: user=0.00 sys=0.00, real=0.00 secs] 
790.219: [GC (Allocation Failure) [PSYoungGen: 562397K->1773K(548864K)] 842075K->281451K(1249280K), 0.0019249 secs] [Times: user=0.00 sys=0.00, real=0.00 secs] 
794.658: [GC (Allocation Failure) [PSYoungGen: 548589K->1517K(535040K)] 828267K->281315K(1235456K), 0.0016937 secs] [Times: user=0.01 sys=0.00, real=0.00 secs] 
796.809: [GC (Allocation Failure) [PSYoungGen: 535021K->1725K(522752K)] 814819K->281539K(1223168K), 0.0018546 secs] [Times: user=0.01 sys=0.00, real=0.00 secs] 
800.270: [GC (Allocation Failure) [PSYoungGen: 522429K->1693K(510464K)] 802243K->281507K(1210880K), 0.0016586 secs] [Times: user=0.01 sys=0.00, real=0.00 secs] 
802.808: [GC (Allocation Failure) [PSYoungGen: 510109K->1661K(498688K)] 789923K->281483K(1199104K), 0.0024534 secs] [Times: user=0.01 sys=0.01, real=0.00 secs] 
808.729: [GC (Allocation Failure) [PSYoungGen: 498301K->1533K(486400K)] 778123K->281443K(1186816K), 0.0024309 secs] [Times: user=0.01 sys=0.00, real=0.00 secs] 
810.918: [GC (Allocation Failure) [PSYoungGen: 486397K->1680K(475648K)] 766307K->281598K(1176064K), 0.0039470 secs] [Times: user=0.01 sys=0.00, real=0.00 secs] 
812.565: [GC (Allocation Failure) [PSYoungGen: 475280K->1664K(464896K)] 755198K->281590K(1165312K), 0.0019953 secs] [Times: user=0.01 sys=0.00, real=0.01 secs] 
815.680: [GC (Allocation Failure) [PSYoungGen: 464512K->1664K(454656K)] 744438K->281590K(1155072K), 0.0051423 secs] [Times: user=0.02 sys=0.00, real=0.00 secs] 
818.034: [GC (Allocation Failure) [PSYoungGen: 454272K->496K(442880K)] 734198K->281574K(1143296K), 0.0020507 secs] [Times: user=0.01 sys=0.00, real=0.00 secs] 
819.691: [GC (Allocation Failure) [PSYoungGen: 442864K->1645K(434688K)] 723942K->282731K(1135104K), 0.0017146 secs] [Times: user=0.01 sys=0.00, real=0.00 secs] 
823.195: [GC (Allocation Failure) [PSYoungGen: 434277K->1597K(425472K)] 715364K->282683K(1125888K), 0.0018026 secs] [Times: user=0.01 sys=0.00, real=0.01 secs] 
826.986: [GC (Allocation Failure) [PSYoungGen: 425021K->1648K(416256K)] 706107K->282742K(1116672K), 0.0026950 secs] [Times: user=0.01 sys=0.00, real=0.01 secs] 
829.820: [GC (Allocation Failure) [PSYoungGen: 415856K->496K(406016K)] 696950K->282718K(1106432K), 0.0022763 secs] [Times: user=0.00 sys=0.00, real=0.00 secs] 
832.047: [GC (Allocation Failure) [PSYoungGen: 406000K->1680K(399360K)] 688222K->283910K(1099776K), 0.0017627 secs] [Times: user=0.01 sys=0.00, real=0.00 secs] 
833.603: [GC (Allocation Failure) [PSYoungGen: 398992K->1565K(391168K)] 681222K->283795K(1091584K), 0.0015530 secs] [Times: user=0.00 sys=0.00, real=0.00 secs] 
837.423: [GC (Allocation Failure) [PSYoungGen: 390685K->1568K(383488K)] 672915K->283830K(1083904K), 0.0039429 secs] [Times: user=0.01 sys=0.00, real=0.00 secs] 
838.871: [GC (Allocation Failure) [PSYoungGen: 383008K->512K(374272K)] 665270K->283934K(1074688K), 0.0023348 secs] [Times: user=0.01 sys=0.00, real=0.00 secs] 
841.370: [GC (Allocation Failure) [PSYoungGen: 374272K->1517K(368640K)] 657694K->284947K(1069056K), 0.0017368 secs] [Times: user=0.01 sys=0.00, real=0.00 secs] 
843.791: [GC (Allocation Failure) [PSYoungGen: 368109K->1552K(361472K)] 651539K->284982K(1061888K), 0.0031332 secs] [Times: user=0.01 sys=0.00, real=0.00 secs] 
844.911: [GC (Allocation Failure) [PSYoungGen: 360976K->1664K(354816K)] 644406K->285118K(1055232K), 0.0023345 secs] [Times: user=0.01 sys=0.00, real=0.00 secs] 
846.049: [GC (Allocation Failure) [PSYoungGen: 354432K->493K(346624K)] 637886K->285043K(1047040K), 0.0016292 secs] [Times: user=0.01 sys=0.00, real=0.00 secs] 
847.309: [GC (Allocation Failure) [PSYoungGen: 346605K->1536K(341504K)] 631155K->286094K(1041920K), 0.0020784 secs] [Times: user=0.01 sys=0.00, real=0.00 secs] 
848.287: [GC (Allocation Failure) [PSYoungGen: 340992K->1664K(335360K)] 625550K->286222K(1035776K), 0.0020215 secs] [Times: user=0.01 sys=0.00, real=0.00 secs] 
849.764: [GC (Allocation Failure) [PSYoungGen: 334976K->1565K(329216K)] 619534K->286131K(1029632K), 0.0016835 secs] [Times: user=0.01 sys=0.00, real=0.00 secs] 
850.817: [GC (Allocation Failure) [PSYoungGen: 328733K->480K(322048K)] 613299K->286094K(1022464K), 0.0021551 secs] [Times: user=0.01 sys=0.00, real=0.00 secs] 
851.958: [GC (Allocation Failure) [PSYoungGen: 322016K->1664K(317952K)] 607630K->287294K(1018368K), 0.0016524 secs] [Times: user=0.01 sys=0.00, real=0.00 secs] 
854.928: [GC (Allocation Failure) [PSYoungGen: 317568K->1472K(311808K)] 603198K->287102K(1012224K), 0.0044523 secs] [Times: user=0.02 sys=0.00, real=0.00 secs] 
855.859: [GC (Allocation Failure) [PSYoungGen: 311744K->1600K(307200K)] 597374K->287254K(1007616K), 0.0023039 secs] [Times: user=0.01 sys=0.00, real=0.00 secs] 
857.663: [GC (Allocation Failure) [PSYoungGen: 306752K->512K(301056K)] 592406K->287190K(1001472K), 0.0019668 secs] [Times: user=0.01 sys=0.00, real=0.00 secs] 
859.628: [GC (Allocation Failure) [PSYoungGen: 300544K->1632K(296960K)] 587222K->288310K(997376K), 0.0035985 secs] [Times: user=0.01 sys=0.00, real=0.00 secs] 
861.987: [GC (Allocation Failure) [PSYoungGen: 296544K->1533K(291328K)] 583222K->288259K(991744K), 0.0016591 secs] [Times: user=0.01 sys=0.00, real=0.00 secs] 
864.062: [GC (Allocation Failure) [PSYoungGen: 291325K->1504K(286720K)] 578051K->288238K(987136K), 0.0023535 secs] [Times: user=0.01 sys=0.00, real=0.00 secs] 
866.118: [GC (Allocation Failure) [PSYoungGen: 286682K->1520K(282112K)] 573416K->288310K(982528K), 0.0016904 secs] [Times: user=0.01 sys=0.00, real=0.00 secs] 
867.780: [GC (Allocation Failure) [PSYoungGen: 282096K->1584K(278016K)] 568886K->288390K(978432K), 0.0027954 secs] [Times: user=0.01 sys=0.00, real=0.00 secs] 
870.082: [GC (Allocation Failure) [PSYoungGen: 277552K->573K(272384K)] 564358K->288403K(972800K), 0.0018711 secs] [Times: user=0.00 sys=0.00, real=0.00 secs] 
872.036: [GC (Allocation Failure) [PSYoungGen: 271933K->1408K(268800K)] 559763K->289278K(969216K), 0.0026382 secs] [Times: user=0.01 sys=0.01, real=0.01 secs] 
872.875: [GC (Allocation Failure) [PSYoungGen: 268672K->1565K(265216K)] 556542K->289435K(965632K), 0.0017865 secs] [Times: user=0.01 sys=0.00, real=0.01 secs] 
874.673: [GC (Allocation Failure) [PSYoungGen: 264733K->1472K(260608K)] 552603K->289342K(961024K), 0.0023406 secs] [Times: user=0.01 sys=0.00, real=0.00 secs] 
876.220: [GC (Allocation Failure) [PSYoungGen: 260544K->637K(256000K)] 548414K->289539K(956416K), 0.0017225 secs] [Times: user=0.01 sys=0.00, real=0.00 secs] 
877.078: [GC (Allocation Failure) [PSYoungGen: 255613K->1504K(252928K)] 544515K->290414K(953344K), 0.0021031 secs] [Times: user=0.01 sys=0.00, real=0.00 secs] 
877.837: [GC (Allocation Failure) [PSYoungGen: 252896K->1565K(249856K)] 541806K->290475K(950272K), 0.0016733 secs] [Times: user=0.00 sys=0.00, real=0.01 secs] 
878.579: [GC (Allocation Failure) [PSYoungGen: 249373K->1536K(246272K)] 538283K->290446K(946688K), 0.0018938 secs] [Times: user=0.01 sys=0.00, real=0.00 secs] 
879.435: [GC (Allocation Failure) [PSYoungGen: 245760K->493K(241152K)] 534670K->290459K(941568K), 0.0016222 secs] [Times: user=0.01 sys=0.00, real=0.00 secs] 
880.215: [GC (Allocation Failure) [PSYoungGen: 241133K->1584K(239104K)] 531099K->291550K(939520K), 0.0021482 secs] [Times: user=0.01 sys=0.00, real=0.01 secs] 
882.113: [GC (Allocation Failure) [PSYoungGen: 238640K->1485K(235008K)] 528606K->291451K(935424K), 0.0019540 secs] [Times: user=0.01 sys=0.00, real=0.00 secs] 
882.538: [GC (Allocation Failure) [PSYoungGen: 234957K->1693K(232448K)] 524923K->291675K(932864K), 0.0017820 secs] [Times: user=0.01 sys=0.00, real=0.00 secs] 
884.516: [GC (Allocation Failure) [PSYoungGen: 232093K->384K(227840K)] 522075K->291390K(928256K), 0.0025181 secs] [Times: user=0.01 sys=0.00, real=0.01 secs] 
885.451: [GC (Allocation Failure) [PSYoungGen: 227712K->1600K(226816K)] 518718K->292606K(927232K), 0.0017092 secs] [Times: user=0.01 sys=0.00, real=0.00 secs] 
887.637: [GC (Allocation Failure) [PSYoungGen: 225856K->1472K(222720K)] 516862K->292494K(923136K), 0.0030869 secs] [Times: user=0.01 sys=0.00, real=0.00 secs] 
889.412: [GC (Allocation Failure) [PSYoungGen: 222656K->1440K(219648K)] 513678K->292462K(920064K), 0.0016239 secs] [Times: user=0.01 sys=0.00, real=0.00 secs] 
890.041: [GC (Allocation Failure) [PSYoungGen: 219552K->1536K(217088K)] 510574K->292558K(917504K), 0.0026927 secs] [Times: user=0.00 sys=0.00, real=0.00 secs] 
891.365: [GC (Allocation Failure) [PSYoungGen: 216576K->1408K(214016K)] 507598K->292430K(914432K), 0.0022143 secs] [Times: user=0.01 sys=0.00, real=0.01 secs] 
891.847: [GC (Allocation Failure) [PSYoungGen: 213888K->541K(210944K)] 504910K->292587K(911360K), 0.0018096 secs] [Times: user=0.01 sys=0.00, real=0.00 secs] 
894.174: [GC (Allocation Failure) [PSYoungGen: 210461K->1440K(209920K)] 502507K->293486K(910336K), 0.0035458 secs] [Times: user=0.01 sys=0.00, real=0.01 secs] 
895.263: [GC (Allocation Failure) [PSYoungGen: 208800K->1533K(206336K)] 500846K->293579K(906752K), 0.0017240 secs] [Times: user=0.00 sys=0.00, real=0.00 secs] 
895.693: [GC (Allocation Failure) [PSYoungGen: 206333K->1792K(214528K)] 498379K->293846K(914944K), 0.0020028 secs] [Times: user=0.01 sys=0.00, real=0.00 secs] 
897.408: [GC (Allocation Failure) [PSYoungGen: 214272K->384K(210432K)] 506326K->293462K(910848K), 0.0021060 secs] [Times: user=0.00 sys=0.00, real=0.00 secs] 
898.137: [GC (Allocation Failure) [PSYoungGen: 210304K->1629K(209920K)] 503382K->294707K(910336K), 0.0016717 secs] [Times: user=0.00 sys=0.00, real=0.00 secs] 
899.522: [GC (Allocation Failure) [PSYoungGen: 208989K->1504K(206336K)] 502067K->294582K(906752K), 0.0037747 secs] [Times: user=0.01 sys=0.00, real=0.00 secs] 
901.835: [GC (Allocation Failure) [PSYoungGen: 206304K->1424K(203776K)] 499382K->294502K(904192K), 0.0024837 secs] [Times: user=0.01 sys=0.00, real=0.01 secs] 
902.235: [GC (Allocation Failure) [PSYoungGen: 203664K->1664K(201728K)] 496742K->294742K(902144K), 0.0018552 secs] [Times: user=0.00 sys=0.00, real=0.01 secs] 
903.266: [GC (Allocation Failure) [PSYoungGen: 201344K->1472K(198656K)] 494422K->294550K(899072K), 0.0023371 secs] [Times: user=0.01 sys=0.00, real=0.01 secs] 
904.006: [GC (Allocation Failure) [PSYoungGen: 198592K->1533K(196096K)] 491670K->294611K(896512K), 0.0015857 secs] [Times: user=0.01 sys=0.00, real=0.01 secs] 
904.421: [GC (Allocation Failure) [PSYoungGen: 196093K->2528K(204800K)] 489171K->295686K(905216K), 0.0020628 secs] [Times: user=0.00 sys=0.00, real=0.00 secs] 
905.370: [GC (Allocation Failure) [PSYoungGen: 204768K->1360K(201216K)] 497926K->294518K(901632K), 0.0018873 secs] [Times: user=0.01 sys=0.00, real=0.00 secs] 
906.399: [GC (Allocation Failure) [PSYoungGen: 201040K->1565K(199168K)] 494198K->294723K(899584K), 0.0018451 secs] [Times: user=0.01 sys=0.00, real=0.00 secs] 
907.253: [GC (Allocation Failure) [PSYoungGen: 198685K->1536K(196608K)] 491843K->294694K(897024K), 0.0022087 secs] [Times: user=0.01 sys=0.00, real=0.00 secs] 
908.493: [GC (Allocation Failure) [PSYoungGen: 196096K->1376K(194048K)] 489254K->294534K(894464K), 0.0033017 secs] [Times: user=0.01 sys=0.00, real=0.00 secs] 
909.005: [GC (Allocation Failure) [PSYoungGen: 193888K->1597K(192512K)] 487046K->294763K(892928K), 0.0017435 secs] [Times: user=0.01 sys=0.00, real=0.00 secs] 
910.013: [GC (Allocation Failure) [PSYoungGen: 192061K->1472K(189952K)] 485227K->294638K(890368K), 0.0022957 secs] [Times: user=0.01 sys=0.00, real=0.00 secs] 
910.864: [GC (Allocation Failure) [PSYoungGen: 189888K->1469K(187904K)] 483054K->294635K(888320K), 0.0016055 secs] [Times: user=0.01 sys=0.00, real=0.00 secs] 
911.192: [GC (Allocation Failure) [PSYoungGen: 187837K->1597K(196096K)] 481003K->294763K(896512K), 0.0017927 secs] [Times: user=0.01 sys=0.00, real=0.00 secs] 
913.484: [GC (Allocation Failure) [PSYoungGen: 195645K->1408K(193536K)] 488811K->294582K(893952K), 0.0033388 secs] [Times: user=0.01 sys=0.00, real=0.01 secs] 
914.910: [GC (Allocation Failure) [PSYoungGen: 193397K->1565K(192000K)] 486571K->294739K(892416K), 0.0016091 secs] [Times: user=0.01 sys=0.00, real=0.00 secs] 
915.243: [GC (Allocation Failure) [PSYoungGen: 191517K->621K(198656K)] 484691K->294819K(899072K), 0.0017408 secs] [Times: user=0.01 sys=0.00, real=0.00 secs] 
916.156: [GC (Allocation Failure) [PSYoungGen: 198253K->1424K(197632K)] 492451K->295622K(898048K), 0.0020747 secs] [Times: user=0.01 sys=0.00, real=0.01 secs] 
916.881: [GC (Allocation Failure) [PSYoungGen: 196496K->1565K(194560K)] 490694K->295771K(894976K), 0.0015106 secs] [Times: user=0.01 sys=0.00, real=0.00 secs] 
917.361: [GC (Allocation Failure) [PSYoungGen: 194077K->1536K(202240K)] 488283K->295742K(902656K), 0.0019883 secs] [Times: user=0.00 sys=0.00, real=0.00 secs] 
918.946: [GC (Allocation Failure) [PSYoungGen: 201728K->384K(198144K)] 495934K->295622K(898560K), 0.0027358 secs] [Times: user=0.01 sys=0.00, real=0.01 secs] 
919.858: [GC (Allocation Failure) [PSYoungGen: 198016K->1565K(197632K)] 493254K->296803K(898048K), 0.0016302 secs] [Times: user=0.01 sys=0.00, real=0.00 secs] 
921.069: [GC (Allocation Failure) [PSYoungGen: 196637K->1440K(194048K)] 491875K->296678K(894464K), 0.0022796 secs] [Times: user=0.01 sys=0.00, real=0.00 secs] 
922.160: [GC (Allocation Failure) [PSYoungGen: 193952K->1424K(192000K)] 489190K->296662K(892416K), 0.0022658 secs] [Times: user=0.01 sys=0.00, real=0.00 secs] 
922.623: [GC (Allocation Failure) [PSYoungGen: 191888K->1629K(190464K)] 487126K->296883K(890880K), 0.0018046 secs] [Times: user=0.01 sys=0.00, real=0.00 secs] 
923.952: [GC (Allocation Failure) [PSYoungGen: 190045K->1472K(187904K)] 485299K->296726K(888320K), 0.0030772 secs] [Times: user=0.01 sys=0.00, real=0.00 secs] 
924.993: [GC (Allocation Failure) [PSYoungGen: 187840K->1424K(185856K)] 483094K->296678K(886272K), 0.0015969 secs] [Times: user=0.01 sys=0.00, real=0.00 secs] 
925.318: [GC (Allocation Failure) [PSYoungGen: 185744K->1613K(194048K)] 480998K->296867K(894464K), 0.0018144 secs] [Times: user=0.00 sys=0.00, real=0.00 secs] 
926.864: [GC (Allocation Failure) [PSYoungGen: 193613K->416K(190464K)] 488867K->296694K(890880K), 0.0034638 secs] [Times: user=0.01 sys=0.00, real=0.01 secs] 
928.318: [GC (Allocation Failure) [PSYoungGen: 190368K->1504K(190464K)] 486646K->297782K(890880K), 0.0021733 secs] [Times: user=0.01 sys=0.00, real=0.00 secs] 
928.658: [GC (Allocation Failure) [PSYoungGen: 189408K->1648K(198144K)] 485686K->297926K(898560K), 0.0018228 secs] [Times: user=0.00 sys=0.00, real=0.00 secs] 
931.350: [GC (Allocation Failure) [PSYoungGen: 197744K->1440K(195072K)] 494022K->297718K(895488K), 0.0029562 secs] [Times: user=0.01 sys=0.00, real=0.00 secs] 
932.855: [GC (Allocation Failure) [PSYoungGen: 194976K->1533K(193024K)] 491254K->297820K(893440K), 0.0016067 secs] [Times: user=0.01 sys=0.00, real=0.00 secs] 
933.646: [GC (Allocation Failure) [PSYoungGen: 193021K->1568K(203776K)] 489308K->297854K(904192K), 0.0088478 secs] [Times: user=0.03 sys=0.00, real=0.01 secs] 
935.768: [GC (Allocation Failure) [PSYoungGen: 203296K->1408K(212992K)] 499582K->297694K(913408K), 0.0031982 secs] [Times: user=0.00 sys=0.01, real=0.00 secs] 
936.405: [GC (Allocation Failure) [PSYoungGen: 212864K->1661K(223232K)] 509150K->297956K(923648K), 0.0018423 secs] [Times: user=0.01 sys=0.00, real=0.00 secs] 
938.913: [GC (Allocation Failure) [PSYoungGen: 222845K->448K(218624K)] 519140K->297766K(919040K), 0.0048385 secs] [Times: user=0.02 sys=0.00, real=0.01 secs] 
941.631: [GC (Allocation Failure) [PSYoungGen: 218560K->1504K(217600K)] 515878K->298822K(918016K), 0.0019625 secs] [Times: user=0.00 sys=0.00, real=0.00 secs] 
942.128: [GC (Allocation Failure) [PSYoungGen: 216544K->2528K(215040K)] 513862K->299926K(915456K), 0.0021349 secs] [Times: user=0.01 sys=0.00, real=0.00 secs] 
943.705: [GC (Allocation Failure) [PSYoungGen: 215008K->1376K(211456K)] 512406K->298774K(911872K), 0.0020926 secs] [Times: user=0.00 sys=0.00, real=0.01 secs] 
944.327: [GC (Allocation Failure) [PSYoungGen: 211296K->1520K(208896K)] 508694K->299004K(909312K), 0.0017004 secs] [Times: user=0.01 sys=0.00, real=0.00 secs] 
945.840: [GC (Allocation Failure) [PSYoungGen: 208880K->1520K(206336K)] 506364K->299003K(906752K), 0.0049890 secs] [Times: user=0.01 sys=0.00, real=0.00 secs] 
948.530: [GC (Allocation Failure) [PSYoungGen: 206320K->1488K(203776K)] 503803K->298972K(904192K), 0.0023454 secs] [Times: user=0.01 sys=0.00, real=0.00 secs] 
948.962: [GC (Allocation Failure) [PSYoungGen: 203728K->1648K(201728K)] 501212K->299132K(902144K), 0.0019353 secs] [Times: user=0.00 sys=0.00, real=0.00 secs] 
950.119: [GC (Allocation Failure) [PSYoungGen: 201328K->1440K(198656K)] 498812K->298923K(899072K), 0.0021082 secs] [Times: user=0.01 sys=0.00, real=0.00 secs] 
951.457: [GC (Allocation Failure) [PSYoungGen: 198560K->1533K(196096K)] 496043K->299017K(896512K), 0.0016486 secs] [Times: user=0.01 sys=0.00, real=0.00 secs] 
951.854: [GC (Allocation Failure) [PSYoungGen: 196093K->1584K(194560K)] 493577K->299067K(894976K), 0.0025971 secs] [Times: user=0.01 sys=0.00, real=0.00 secs] 
952.654: [GC (Allocation Failure) [PSYoungGen: 194096K->1344K(192000K)] 491579K->298835K(892416K), 0.0018628 secs] [Times: user=0.01 sys=0.00, real=0.00 secs] 
953.183: [GC (Allocation Failure) [PSYoungGen: 191808K->1597K(190464K)] 489299K->299089K(890880K), 0.0016925 secs] [Times: user=0.01 sys=0.00, real=0.00 secs] 
954.149: [GC (Allocation Failure) [PSYoungGen: 190013K->1488K(187904K)] 487505K->298979K(888320K), 0.0025090 secs] [Times: user=0.01 sys=0.00, real=0.00 secs] 
955.162: [GC (Allocation Failure) [PSYoungGen: 187856K->352K(184832K)] 485347K->298867K(885248K), 0.0020700 secs] [Times: user=0.01 sys=0.00, real=0.00 secs] 
955.695: [GC (Allocation Failure) [PSYoungGen: 184672K->1568K(184832K)] 483187K->300092K(885248K), 0.0016012 secs] [Times: user=0.00 sys=0.00, real=0.00 secs] 
957.696: [GC (Allocation Failure) [PSYoungGen: 183840K->1568K(182272K)] 482364K->300091K(882688K), 0.0049316 secs] [Times: user=0.02 sys=0.00, real=0.01 secs] 
960.407: [GC (Allocation Failure) [PSYoungGen: 181792K->1408K(179712K)] 480315K->299939K(880128K), 0.0022611 secs] [Times: user=0.01 sys=0.00, real=0.00 secs] 
960.824: [GC (Allocation Failure) [PSYoungGen: 179584K->1533K(177664K)] 478115K->300065K(878080K), 0.0017080 secs] [Times: user=0.00 sys=0.00, real=0.00 secs] 
961.360: [GC (Allocation Failure) [PSYoungGen: 177661K->1472K(175616K)] 476193K->300003K(876032K), 0.0023138 secs] [Times: user=0.01 sys=0.00, real=0.00 secs] 
962.226: [GC (Allocation Failure) [PSYoungGen: 175552K->1376K(173568K)] 474083K->299907K(873984K), 0.0020699 secs] [Times: user=0.01 sys=0.00, real=0.01 secs] 
962.693: [GC (Allocation Failure) [PSYoungGen: 173408K->1597K(172032K)] 471939K->300137K(872448K), 0.0016851 secs] [Times: user=0.00 sys=0.00, real=0.00 secs] 
963.147: [GC (Allocation Failure) [PSYoungGen: 171581K->464K(178176K)] 470121K->300027K(878592K), 0.0021602 secs] [Times: user=0.01 sys=0.00, real=0.00 secs] 
963.983: [GC (Allocation Failure) [PSYoungGen: 178128K->320K(178176K)] 477691K->299891K(878592K), 0.0020904 secs] [Times: user=0.01 sys=0.00, real=0.00 secs] 
964.551: [GC (Allocation Failure) [PSYoungGen: 175936K->1565K(175616K)] 475507K->301137K(876032K), 0.0016123 secs] [Times: user=0.01 sys=0.00, real=0.00 secs] 
965.070: [GC (Allocation Failure) [PSYoungGen: 175133K->1536K(183296K)] 474705K->301107K(883712K), 0.0023176 secs] [Times: user=0.01 sys=0.00, real=0.00 secs] 
966.552: [GC (Allocation Failure) [PSYoungGen: 182784K->1408K(180736K)] 482355K->300979K(881152K), 0.0024657 secs] [Times: user=0.01 sys=0.00, real=0.00 secs] 
967.332: [GC (Allocation Failure) [PSYoungGen: 180608K->1613K(179200K)] 480179K->301185K(879616K), 0.0016207 secs] [Times: user=0.00 sys=0.00, real=0.00 secs] 
967.888: [GC (Allocation Failure) [PSYoungGen: 178765K->1536K(177152K)] 478337K->301123K(877568K), 0.0019694 secs] [Times: user=0.00 sys=0.00, real=0.00 secs] 
969.779: [GC (Allocation Failure) [PSYoungGen: 176640K->1376K(174592K)] 476227K->300963K(875008K), 0.0042093 secs] [Times: user=0.02 sys=0.00, real=0.00 secs] 
970.672: [GC (Allocation Failure) [PSYoungGen: 174432K->1504K(172544K)] 474019K->301092K(872960K), 0.0015578 secs] [Times: user=0.01 sys=0.00, real=0.00 secs] 
970.968: [GC (Allocation Failure) [PSYoungGen: 172512K->1568K(171520K)] 472100K->301163K(871936K), 0.0018260 secs] [Times: user=0.01 sys=0.00, real=0.00 secs] 
972.852: [GC (Allocation Failure) [PSYoungGen: 171040K->1408K(169472K)] 470635K->301011K(869888K), 0.0032944 secs] [Times: user=0.01 sys=0.00, real=0.00 secs] 
974.101: [GC (Allocation Failure) [PSYoungGen: 169344K->1472K(167936K)] 468947K->301076K(868352K), 0.0015632 secs] [Times: user=0.01 sys=0.00, real=0.00 secs] 
974.394: [GC (Allocation Failure) [PSYoungGen: 167872K->1533K(166400K)] 467476K->301217K(866816K), 0.0017380 secs] [Times: user=0.00 sys=0.00, real=0.00 secs] 
975.211: [GC (Allocation Failure) [PSYoungGen: 166397K->1440K(164864K)] 466081K->301131K(865280K), 0.0019100 secs] [Times: user=0.01 sys=0.00, real=0.00 secs] 
976.267: [GC (Allocation Failure) [PSYoungGen: 164768K->1469K(163328K)] 464459K->301161K(863744K), 0.0018523 secs] [Times: user=0.01 sys=0.00, real=0.00 secs] 
976.558: [GC (Allocation Failure) [PSYoungGen: 163261K->1629K(171520K)] 462953K->301321K(871936K), 0.0017475 secs] [Times: user=0.01 sys=0.00, real=0.00 secs] 
977.121: [GC (Allocation Failure) [PSYoungGen: 171101K->448K(168448K)] 470793K->301171K(868864K), 0.0018450 secs] [Times: user=0.01 sys=0.00, real=0.00 secs] 
978.878: [GC (Allocation Failure) [PSYoungGen: 168384K->352K(168960K)] 469107K->301075K(869376K), 0.0040193 secs] [Times: user=0.02 sys=0.00, real=0.00 secs] 
979.593: [GC (Allocation Failure) [PSYoungGen: 166752K->1568K(166912K)] 467475K->302292K(867328K), 0.0017308 secs] [Times: user=0.01 sys=0.00, real=0.00 secs] 
980.290: [GC (Allocation Failure) [PSYoungGen: 166432K->1504K(164864K)] 467156K->302227K(865280K), 0.0022963 secs] [Times: user=0.00 sys=0.00, real=0.00 secs] 
981.829: [GC (Allocation Failure) [PSYoungGen: 164832K->1440K(163328K)] 465555K->302163K(863744K), 0.0040475 secs] [Times: user=0.01 sys=0.00, real=0.00 secs] 
982.927: [GC (Allocation Failure) [PSYoungGen: 163232K->1565K(162304K)] 463955K->302297K(862720K), 0.0017347 secs] [Times: user=0.01 sys=0.00, real=0.01 secs] 
983.209: [GC (Allocation Failure) [PSYoungGen: 161821K->1645K(160768K)] 462553K->302385K(861184K), 0.0017629 secs] [Times: user=0.00 sys=0.00, real=0.00 secs] 
985.610: [GC (Allocation Failure) [PSYoungGen: 160365K->1408K(158720K)] 461105K->302147K(859136K), 0.0049995 secs] [Times: user=0.02 sys=0.01, real=0.00 secs] 
987.492: [GC (Allocation Failure) [PSYoungGen: 158576K->1472K(157184K)] 459315K->302212K(857600K), 0.0023487 secs] [Times: user=0.00 sys=0.01, real=0.00 secs] 
987.805: [GC (Allocation Failure) [PSYoungGen: 157120K->1597K(156160K)] 457860K->302345K(856576K), 0.0018557 secs] [Times: user=0.01 sys=0.00, real=0.01 secs] 
989.352: [GC (Allocation Failure) [PSYoungGen: 155709K->1472K(154112K)] 456457K->302219K(854528K), 0.0036156 secs] [Times: user=0.01 sys=0.00, real=0.00 secs] 
991.288: [GC (Allocation Failure) [PSYoungGen: 154048K->1376K(152576K)] 454795K->302131K(852992K), 0.0033382 secs] [Times: user=0.01 sys=0.00, real=0.00 secs] 
992.005: [GC (Allocation Failure) [PSYoungGen: 152416K->1533K(151040K)] 453171K->302297K(851456K), 0.0015736 secs] [Times: user=0.01 sys=0.00, real=0.00 secs] 
992.267: [GC (Allocation Failure) [PSYoungGen: 151037K->1533K(158208K)] 451801K->302297K(858624K), 0.0018146 secs] [Times: user=0.00 sys=0.00, real=0.00 secs] 
993.196: [GC (Allocation Failure) [PSYoungGen: 158205K->1472K(156672K)] 458969K->302235K(857088K), 0.0020449 secs] [Times: user=0.01 sys=0.00, real=0.01 secs] 
994.696: [GC (Allocation Failure) [PSYoungGen: 156608K->1472K(155136K)] 457371K->302236K(855552K), 0.0022911 secs] [Times: user=0.01 sys=0.00, real=0.01 secs] 
994.987: [GC (Allocation Failure) [PSYoungGen: 155072K->1504K(162304K)] 455836K->302332K(862720K), 0.0017511 secs] [Times: user=0.01 sys=0.00, real=0.00 secs] 
995.742: [GC (Allocation Failure) [PSYoungGen: 162272K->1456K(160768K)] 463100K->302283K(861184K), 0.0019481 secs] [Times: user=0.01 sys=0.00, real=0.00 secs] 
997.504: [GC (Allocation Failure) [PSYoungGen: 160688K->1392K(159232K)] 461515K->302219K(859648K), 0.0044872 secs] [Times: user=0.02 sys=0.00, real=0.01 secs] 
998.154: [GC (Allocation Failure) [PSYoungGen: 159088K->1613K(158208K)] 459915K->302441K(858624K), 0.0017212 secs] [Times: user=0.00 sys=0.00, real=0.00 secs] 
998.490: [GC (Allocation Failure) [PSYoungGen: 157773K->992K(155648K)] 458601K->302899K(856064K), 0.0017784 secs] [Times: user=0.01 sys=0.00, real=0.00 secs] 
999.179: [GC (Allocation Failure) [PSYoungGen: 155616K->352K(153600K)] 457523K->302259K(854016K), 0.0018606 secs] [Times: user=0.01 sys=0.00, real=0.00 secs] 
999.864: [GC (Allocation Failure) [PSYoungGen: 153440K->1533K(153088K)] 455347K->303441K(853504K), 0.0019413 secs] [Times: user=0.01 sys=0.00, real=0.00 secs] 
1000.132: [GC (Allocation Failure) [PSYoungGen: 153085K->1632K(161280K)] 454993K->303548K(861696K), 0.0017939 secs] [Times: user=0.01 sys=0.00, real=0.00 secs] 
1001.659: [GC (Allocation Failure) [PSYoungGen: 160864K->1424K(159232K)] 462780K->303339K(859648K), 0.0035421 secs] [Times: user=0.01 sys=0.00, real=0.00 secs] 
1003.764: [GC (Allocation Failure) [PSYoungGen: 159120K->1344K(157696K)] 461035K->303259K(858112K), 0.0027661 secs] [Times: user=0.01 sys=0.00, real=0.00 secs] 
1004.610: [GC (Allocation Failure) [PSYoungGen: 157504K->1568K(156672K)] 459419K->303484K(857088K), 0.0016701 secs] [Times: user=0.01 sys=0.00, real=0.00 secs] 
1005.136: [GC (Allocation Failure) [PSYoungGen: 156192K->1568K(155136K)] 458108K->305531K(855552K), 0.0028171 secs] [Times: user=0.01 sys=0.00, real=0.01 secs] 
1006.945: [GC (Allocation Failure) [PSYoungGen: 154656K->384K(152064K)] 458619K->305371K(852480K), 0.0028511 secs] [Times: user=0.02 sys=0.00, real=0.01 secs] 
1008.381: [GC (Allocation Failure) [PSYoungGen: 151936K->1469K(152576K)] 456923K->306457K(852992K), 0.0023189 secs] [Times: user=0.01 sys=0.00, real=0.00 secs] 
1008.656: [GC (Allocation Failure) [PSYoungGen: 151485K->1600K(150528K)] 456473K->306588K(850944K), 0.0016583 secs] [Times: user=0.01 sys=0.00, real=0.01 secs] 
1009.522: [GC (Allocation Failure) [PSYoungGen: 150080K->1488K(148480K)] 455068K->306483K(848896K), 0.0022224 secs] [Times: user=0.00 sys=0.00, real=0.00 secs] 
1010.772: [GC (Allocation Failure) [PSYoungGen: 148432K->1392K(146944K)] 453427K->306387K(847360K), 0.0023297 secs] [Times: user=0.01 sys=0.00, real=0.00 secs] 
1011.416: [GC (Allocation Failure) [PSYoungGen: 146800K->1565K(146432K)] 451795K->306569K(846848K), 0.0016085 secs] [Times: user=0.00 sys=0.00, real=0.01 secs] 
1011.671: [GC (Allocation Failure) [PSYoungGen: 145949K->573K(152576K)] 450953K->306601K(852992K), 0.0017178 secs] [Times: user=0.01 sys=0.00, real=0.00 secs] 
1014.248: [GC (Allocation Failure) [PSYoungGen: 152125K->1440K(151552K)] 458153K->307475K(851968K), 0.0023811 secs] [Times: user=0.01 sys=0.00, real=0.00 secs] 
1014.972: [GC (Allocation Failure) [PSYoungGen: 151456K->1408K(150016K)] 457491K->307443K(850432K), 0.0020203 secs] [Times: user=0.01 sys=0.00, real=0.00 secs] 
1015.274: [GC (Allocation Failure) [PSYoungGen: 149888K->1597K(148992K)] 455923K->307633K(849408K), 0.0018355 secs] [Times: user=0.01 sys=0.00, real=0.00 secs] 
1015.778: [GC (Allocation Failure) [PSYoungGen: 148541K->448K(145920K)] 454577K->307507K(846336K), 0.0017393 secs] [Times: user=0.00 sys=0.00, real=0.00 secs] 
1016.805: [GC (Allocation Failure) [PSYoungGen: 145856K->384K(146944K)] 452915K->307443K(847360K), 0.0020470 secs] [Times: user=0.01 sys=0.00, real=0.01 secs] 
1017.337: [GC (Allocation Failure) [PSYoungGen: 144768K->1501K(144896K)] 451827K->308561K(845312K), 0.0015398 secs] [Times: user=0.00 sys=0.00, real=0.00 secs] 
1017.591: [GC (Allocation Failure) [PSYoungGen: 144861K->1597K(153088K)] 451921K->308657K(853504K), 0.0018624 secs] [Times: user=0.00 sys=0.00, real=0.00 secs] 
1018.958: [GC (Allocation Failure) [PSYoungGen: 152637K->1440K(151040K)] 459697K->308507K(851456K), 0.0035698 secs] [Times: user=0.01 sys=0.00, real=0.00 secs] 
1021.027: [GC (Allocation Failure) [PSYoungGen: 150944K->1376K(149504K)] 458011K->308451K(849920K), 0.0033154 secs] [Times: user=0.01 sys=0.00, real=0.00 secs] 
1021.986: [GC (Allocation Failure) [PSYoungGen: 149344K->1552K(148480K)] 456419K->308644K(848896K), 0.0016444 secs] [Times: user=0.01 sys=0.00, real=0.01 secs] 
1022.244: [GC (Allocation Failure) [PSYoungGen: 147984K->1600K(146944K)] 455076K->308692K(847360K), 0.0018539 secs] [Times: user=0.01 sys=0.00, real=0.00 secs] 
1023.582: [GC (Allocation Failure) [PSYoungGen: 146496K->1440K(145408K)] 453588K->308547K(845824K), 0.0032997 secs] [Times: user=0.02 sys=0.00, real=0.00 secs] 
1025.180: [GC (Allocation Failure) [PSYoungGen: 145312K->1376K(144384K)] 452419K->308491K(844800K), 0.0033981 secs] [Times: user=0.02 sys=0.00, real=0.00 secs] 
1025.770: [GC (Allocation Failure) [PSYoungGen: 144224K->1536K(143872K)] 451339K->308652K(844288K), 0.0018688 secs] [Times: user=0.00 sys=0.00, real=0.00 secs] 
1026.503: [GC (Allocation Failure) [PSYoungGen: 143360K->1568K(142848K)] 450476K->308683K(843264K), 0.0039154 secs] [Times: user=0.02 sys=0.01, real=0.01 secs] 
1028.359: [GC (Allocation Failure) [PSYoungGen: 142368K->1424K(141312K)] 449483K->308555K(841728K), 0.0030071 secs] [Times: user=0.02 sys=0.00, real=0.00 secs] 
1029.515: [GC (Allocation Failure) [PSYoungGen: 141200K->1408K(140288K)] 448331K->308540K(840704K), 0.0027396 secs] [Times: user=0.01 sys=0.00, real=0.01 secs] 
1029.851: [GC (Allocation Failure) [PSYoungGen: 140160K->1533K(139264K)] 447292K->308713K(839680K), 0.0017214 secs] [Times: user=0.01 sys=0.00, real=0.00 secs] 
1030.463: [GC (Allocation Failure) [PSYoungGen: 139261K->1472K(146432K)] 446441K->308659K(846848K), 0.0044385 secs] [Times: user=0.02 sys=0.00, real=0.01 secs] 
1031.897: [GC (Allocation Failure) [PSYoungGen: 146368K->1408K(145408K)] 453555K->308595K(845824K), 0.0020355 secs] [Times: user=0.01 sys=0.00, real=0.00 secs] 
1032.421: [GC (Allocation Failure) [PSYoungGen: 145280K->1501K(144384K)] 452467K->308689K(844800K), 0.0016415 secs] [Times: user=0.00 sys=0.00, real=0.00 secs] 
1032.722: [GC (Allocation Failure) [PSYoungGen: 144349K->1504K(151552K)] 451537K->308756K(851968K), 0.0018174 secs] [Times: user=0.01 sys=0.00, real=0.00 secs] 
1033.576: [GC (Allocation Failure) [PSYoungGen: 151520K->1456K(159744K)] 458772K->308723K(860160K), 0.0041178 secs] [Times: user=0.01 sys=0.01, real=0.01 secs] 
1035.049: [GC (Allocation Failure) [PSYoungGen: 159664K->1440K(158208K)] 466931K->308707K(858624K), 0.0038720 secs] [Times: user=0.01 sys=0.00, real=0.00 secs] 
1035.742: [GC (Allocation Failure) [PSYoungGen: 158112K->1565K(157184K)] 465379K->308833K(857600K), 0.0018382 secs] [Times: user=0.01 sys=0.00, real=0.00 secs] 
1036.172: [GC (Allocation Failure) [PSYoungGen: 156701K->480K(164864K)] 463969K->308771K(865280K), 0.0040945 secs] [Times: user=0.01 sys=0.00, real=0.00 secs] 
1037.489: [GC (Allocation Failure) [PSYoungGen: 164832K->384K(173568K)] 473123K->308683K(873984K), 0.0019336 secs] [Times: user=0.01 sys=0.00, real=0.00 secs] 
1038.165: [GC (Allocation Failure) [PSYoungGen: 173440K->1533K(172544K)] 481739K->309833K(872960K), 0.0016575 secs] [Times: user=0.01 sys=0.00, real=0.00 secs] 
1038.466: [GC (Allocation Failure) [PSYoungGen: 172541K->1600K(182272K)] 480841K->309900K(882688K), 0.0019048 secs] [Times: user=0.01 sys=0.00, real=0.01 secs] 
1040.760: [GC (Allocation Failure) [PSYoungGen: 181824K->1408K(179712K)] 490124K->309707K(880128K), 0.0033265 secs] [Times: user=0.02 sys=0.01, real=0.00 secs] 
1042.079: [GC (Allocation Failure) [PSYoungGen: 179584K->1488K(177664K)] 487883K->309796K(878080K), 0.0023180 secs] [Times: user=0.01 sys=0.00, real=0.00 secs] 
1042.465: [GC (Allocation Failure) [PSYoungGen: 177616K->1584K(176128K)] 485924K->309892K(876544K), 0.0018079 secs] [Times: user=0.01 sys=0.00, real=0.01 secs] 
1043.550: [GC (Allocation Failure) [PSYoungGen: 175664K->1440K(173568K)] 483972K->309747K(873984K), 0.0027277 secs] [Times: user=0.01 sys=0.00, real=0.00 secs] 
1044.453: [GC (Allocation Failure) [PSYoungGen: 173472K->1485K(171520K)] 481779K->309793K(871936K), 0.0015812 secs] [Times: user=0.00 sys=0.00, real=0.00 secs] 
1044.752: [GC (Allocation Failure) [PSYoungGen: 171469K->1597K(170496K)] 479777K->309905K(870912K), 0.0018571 secs] [Times: user=0.01 sys=0.00, real=0.00 secs] 
1046.159: [GC (Allocation Failure) [PSYoungGen: 170045K->416K(167424K)] 478353K->309747K(867840K), 0.0031681 secs] [Times: user=0.01 sys=0.01, real=0.00 secs] 
1047.569: [GC (Allocation Failure) [PSYoungGen: 167328K->1469K(167936K)] 476659K->310801K(868352K), 0.0021456 secs] [Times: user=0.01 sys=0.00, real=0.00 secs] 
1047.890: [GC (Allocation Failure) [PSYoungGen: 166845K->1597K(165888K)] 476177K->310937K(866304K), 0.0018347 secs] [Times: user=0.01 sys=0.00, real=0.00 secs] 
1049.409: [GC (Allocation Failure) [PSYoungGen: 165437K->1488K(163840K)] 474777K->310827K(864256K), 0.0047491 secs] [Times: user=0.01 sys=0.01, real=0.00 secs] 
1051.418: [GC (Allocation Failure) [PSYoungGen: 163792K->1376K(162304K)] 473131K->310715K(862720K), 0.0040884 secs] [Times: user=0.02 sys=0.00, real=0.00 secs] 
1052.217: [GC (Allocation Failure) [PSYoungGen: 162144K->1597K(161280K)] 471483K->310937K(861696K), 0.0017717 secs] [Times: user=0.01 sys=0.00, real=0.00 secs] 
1052.781: [GC (Allocation Failure) [PSYoungGen: 160829K->480K(158208K)] 470169K->310851K(858624K), 0.0018609 secs] [Times: user=0.01 sys=0.00, real=0.00 secs] 
1054.134: [GC (Allocation Failure) [PSYoungGen: 158176K->352K(158720K)] 468547K->310723K(859136K), 0.0020025 secs] [Times: user=0.00 sys=0.00, real=0.00 secs] 
1054.901: [GC (Allocation Failure) [PSYoungGen: 156512K->1504K(156160K)] 466883K->311876K(856576K), 0.0016767 secs] [Times: user=0.00 sys=0.00, real=0.00 secs] 
1055.173: [GC (Allocation Failure) [PSYoungGen: 156128K->1632K(155136K)] 466500K->312004K(855552K), 0.0018576 secs] [Times: user=0.01 sys=0.00, real=0.00 secs] 
1056.308: [GC (Allocation Failure) [PSYoungGen: 154720K->1440K(153088K)] 465092K->311811K(853504K), 0.0024138 secs] [Times: user=0.01 sys=0.00, real=0.00 secs] 
1057.241: [GC (Allocation Failure) [PSYoungGen: 152992K->1408K(151552K)] 463363K->311779K(851968K), 0.0021597 secs] [Times: user=0.01 sys=0.00, real=0.00 secs] 
1057.661: [GC (Allocation Failure) [PSYoungGen: 151424K->1536K(150528K)] 461795K->311908K(850944K), 0.0017344 secs] [Times: user=0.01 sys=0.00, real=0.00 secs] 
1058.058: [GC (Allocation Failure) [PSYoungGen: 150016K->1536K(148992K)] 460388K->311907K(849408K), 0.0020083 secs] [Times: user=0.01 sys=0.00, real=0.00 secs] 
1058.762: [GC (Allocation Failure) [PSYoungGen: 148480K->1376K(146944K)] 458851K->311747K(847360K), 0.0019510 secs] [Times: user=0.01 sys=0.01, real=0.00 secs] 
1059.385: [GC (Allocation Failure) [PSYoungGen: 146784K->1536K(146432K)] 457155K->311908K(846848K), 0.0016545 secs] [Times: user=0.01 sys=0.00, real=0.01 secs] 
1059.642: [GC (Allocation Failure) [PSYoungGen: 145920K->1565K(145408K)] 456292K->311945K(845824K), 0.0017164 secs] [Times: user=0.01 sys=0.00, real=0.00 secs] 
1060.671: [GC (Allocation Failure) [PSYoungGen: 144925K->1424K(143872K)] 455305K->311803K(844288K), 0.0031227 secs] [Times: user=0.01 sys=0.00, real=0.00 secs] 
1061.683: [GC (Allocation Failure) [PSYoungGen: 143760K->1376K(142848K)] 454139K->311755K(843264K), 0.0019923 secs] [Times: user=0.01 sys=0.00, real=0.00 secs] 
1062.136: [GC (Allocation Failure) [PSYoungGen: 142688K->1520K(141824K)] 453067K->311900K(842240K), 0.0016110 secs] [Times: user=0.01 sys=0.00, real=0.01 secs] 
1062.381: [GC (Allocation Failure) [PSYoungGen: 141808K->1504K(148992K)] 452188K->311932K(849408K), 0.0015935 secs] [Times: user=0.01 sys=0.00, real=0.00 secs] 
1064.244: [GC (Allocation Failure) [PSYoungGen: 148960K->1440K(147456K)] 459388K->311867K(847872K), 0.0030971 secs] [Times: user=0.01 sys=0.00, real=0.01 secs] 
1065.434: [GC (Allocation Failure) [PSYoungGen: 147360K->1392K(145920K)] 457787K->311819K(846336K), 0.0024960 secs] [Times: user=0.01 sys=0.00, real=0.01 secs] 
1066.023: [GC (Allocation Failure) [PSYoungGen: 145776K->1549K(145408K)] 456203K->311977K(845824K), 0.0018556 secs] [Times: user=0.01 sys=0.00, real=0.00 secs] 
1066.329: [GC (Allocation Failure) [PSYoungGen: 144909K->509K(142848K)] 455337K->311961K(843264K), 0.0017381 secs] [Times: user=0.00 sys=0.00, real=0.00 secs] 
1067.371: [GC (Allocation Failure) [PSYoungGen: 142845K->1440K(143360K)] 454297K->312891K(843776K), 0.0019914 secs] [Times: user=0.00 sys=0.00, real=0.00 secs] 
1068.518: [GC (Allocation Failure) [PSYoungGen: 142752K->1344K(141824K)] 454203K->312795K(842240K), 0.0028482 secs] [Times: user=0.02 sys=0.00, real=0.00 secs] 
1068.898: [GC (Allocation Failure) [PSYoungGen: 141632K->1568K(141312K)] 453083K->313028K(841728K), 0.0017438 secs] [Times: user=0.01 sys=0.00, real=0.00 secs] 
1069.229: [GC (Allocation Failure) [PSYoungGen: 140832K->464K(138752K)] 452292K->312948K(839168K), 0.0020232 secs] [Times: user=0.01 sys=0.00, real=0.00 secs] 
1069.843: [GC (Allocation Failure) [PSYoungGen: 138704K->352K(137728K)] 451188K->312851K(838144K), 0.0022653 secs] [Times: user=0.01 sys=0.00, real=0.00 secs] 
1070.456: [GC (Allocation Failure) [PSYoungGen: 137568K->1437K(137728K)] 450067K->313937K(838144K), 0.0019950 secs] [Times: user=0.01 sys=0.00, real=0.01 secs] 
1070.699: [GC (Allocation Failure) [PSYoungGen: 137629K->1536K(145920K)] 450129K->314036K(846336K), 0.0016859 secs] [Times: user=0.00 sys=0.00, real=0.00 secs] 
1071.330: [GC (Allocation Failure) [PSYoungGen: 145408K->1520K(153088K)] 457908K->314020K(853504K), 0.0024754 secs] [Times: user=0.01 sys=0.00, real=0.00 secs] 
1072.160: [GC (Allocation Failure) [PSYoungGen: 153072K->1360K(151552K)] 465572K->313860K(851968K), 0.0023333 secs] [Times: user=0.01 sys=0.00, real=0.00 secs] 
1073.037: [GC (Allocation Failure) [PSYoungGen: 151376K->1440K(150016K)] 463876K->313940K(850432K), 0.0023785 secs] [Times: user=0.01 sys=0.00, real=0.00 secs] 
1073.326: [GC (Allocation Failure) [PSYoungGen: 149920K->1568K(148992K)] 462420K->314068K(849408K), 0.0016745 secs] [Times: user=0.01 sys=0.00, real=0.01 secs] 
1075.059: [GC (Allocation Failure) [PSYoungGen: 148512K->1440K(146944K)] 461012K->313940K(847360K), 0.0027514 secs] [Times: user=0.01 sys=0.00, real=0.00 secs] 
1076.125: [GC (Allocation Failure) [PSYoungGen: 146848K->1344K(145920K)] 459348K->313844K(846336K), 0.0020130 secs] [Times: user=0.01 sys=0.00, real=0.01 secs] 
1076.834: [GC (Allocation Failure) [PSYoungGen: 145728K->1568K(145408K)] 458228K->314068K(845824K), 0.0015629 secs] [Times: user=0.01 sys=0.00, real=0.00 secs] 
1077.136: [GC (Allocation Failure) [PSYoungGen: 144928K->1520K(143872K)] 457428K->314020K(844288K), 0.0018790 secs] [Times: user=0.00 sys=0.00, real=0.01 secs] 
1078.165: [GC (Allocation Failure) [PSYoungGen: 143856K->416K(141824K)] 456356K->313940K(842240K), 0.0019317 secs] [Times: user=0.01 sys=0.00, real=0.00 secs] 
1079.349: [GC (Allocation Failure) [PSYoungGen: 141728K->384K(142848K)] 455252K->313916K(843264K), 0.0026888 secs] [Times: user=0.01 sys=0.01, real=0.00 secs] 
1079.695: [GC (Allocation Failure) [PSYoungGen: 140672K->1565K(141312K)] 454204K->315097K(841728K), 0.0017510 secs] [Times: user=0.01 sys=0.00, real=0.01 secs] 
1080.106: [GC (Allocation Failure) [PSYoungGen: 140829K->1536K(140288K)] 454361K->315068K(840704K), 0.0021797 secs] [Times: user=0.01 sys=0.00, real=0.01 secs] 
1081.581: [GC (Allocation Failure) [PSYoungGen: 139776K->1408K(138752K)] 453308K->314940K(839168K), 0.0031484 secs] [Times: user=0.01 sys=0.00, real=0.00 secs] 
1082.780: [GC (Allocation Failure) [PSYoungGen: 138624K->1405K(137728K)] 452156K->314937K(838144K), 0.0025802 secs] [Times: user=0.01 sys=0.00, real=0.00 secs] 
1083.136: [GC (Allocation Failure) [PSYoungGen: 137597K->1597K(137216K)] 451129K->315129K(837632K), 0.0019350 secs] [Times: user=0.00 sys=0.00, real=0.01 secs] 
1083.458: [GC (Allocation Failure) [PSYoungGen: 136765K->1520K(144384K)] 450297K->315052K(844800K), 0.0024309 secs] [Times: user=0.01 sys=0.00, real=0.00 secs] 
1084.052: [GC (Allocation Failure) [PSYoungGen: 144368K->1408K(143360K)] 457900K->314940K(843776K), 0.0021352 secs] [Times: user=0.01 sys=0.00, real=0.00 secs] 
1084.613: [GC (Allocation Failure) [PSYoungGen: 143232K->1453K(142336K)] 456764K->314985K(842752K), 0.0016608 secs] [Times: user=0.01 sys=0.00, real=0.00 secs] 
1084.860: [GC (Allocation Failure) [PSYoungGen: 142253K->1568K(151040K)] 455785K->315100K(851456K), 0.0017693 secs] [Times: user=0.01 sys=0.00, real=0.00 secs] 
1085.947: [GC (Allocation Failure) [PSYoungGen: 150560K->1536K(149504K)] 464092K->315068K(849920K), 0.0029660 secs] [Times: user=0.01 sys=0.00, real=0.00 secs] 
1087.971: [GC (Allocation Failure) [PSYoungGen: 148992K->1408K(147456K)] 462524K->314940K(847872K), 0.0029799 secs] [Times: user=0.01 sys=0.01, real=0.00 secs] 
1089.095: [GC (Allocation Failure) [PSYoungGen: 147328K->1533K(145920K)] 460860K->315065K(846336K), 0.0016255 secs] [Times: user=0.01 sys=0.00, real=0.01 secs] 
1089.350: [GC (Allocation Failure) [PSYoungGen: 145917K->1504K(144896K)] 459449K->315060K(845312K), 0.0018141 secs] [Times: user=0.01 sys=0.00, real=0.00 secs] 
1090.901: [GC (Allocation Failure) [PSYoungGen: 144864K->1472K(143872K)] 458420K->315044K(844288K), 0.0042615 secs] [Times: user=0.01 sys=0.00, real=0.00 secs] 
1092.653: [GC (Allocation Failure) [PSYoungGen: 143808K->1360K(142848K)] 457380K->314932K(843264K), 0.0034265 secs] [Times: user=0.01 sys=0.00, real=0.01 secs] 
1093.460: [GC (Allocation Failure) [PSYoungGen: 142672K->1565K(142336K)] 456244K->315137K(842752K), 0.0016913 secs] [Times: user=0.00 sys=0.00, real=0.00 secs] 
1093.708: [GC (Allocation Failure) [PSYoungGen: 141853K->541K(148992K)] 455425K->315145K(849408K), 0.0022666 secs] [Times: user=0.01 sys=0.00, real=0.00 secs] 
1095.056: [GC (Allocation Failure) [PSYoungGen: 148509K->1408K(147968K)] 463113K->316012K(848384K), 0.0025478 secs] [Times: user=0.01 sys=0.00, real=0.01 secs] 
1095.960: [GC (Allocation Failure) [PSYoungGen: 147840K->1376K(146432K)] 462444K->315988K(846848K), 0.0018790 secs] [Times: user=0.00 sys=0.00, real=0.00 secs] 
1096.345: [GC (Allocation Failure) [PSYoungGen: 146272K->1600K(145920K)] 460884K->316212K(846336K), 0.0019326 secs] [Times: user=0.00 sys=0.00, real=0.01 secs] 
1096.721: [GC (Allocation Failure) [PSYoungGen: 145472K->480K(143360K)] 460084K->316132K(843776K), 0.0023643 secs] [Times: user=0.01 sys=0.00, real=0.00 secs] 
1097.909: [GC (Allocation Failure) [PSYoungGen: 143328K->384K(142336K)] 458980K->316044K(842752K), 0.0025499 secs] [Times: user=0.01 sys=0.00, real=0.00 secs] 
1098.935: [GC (Allocation Failure) [PSYoungGen: 142208K->1517K(142336K)] 457868K->317177K(842752K), 0.0015961 secs] [Times: user=0.01 sys=0.00, real=0.00 secs] 
1099.182: [GC (Allocation Failure) [PSYoungGen: 142317K->1565K(141824K)] 457977K->317225K(842240K), 0.0018239 secs] [Times: user=0.00 sys=0.00, real=0.00 secs] 
1099.670: [GC (Allocation Failure) [PSYoungGen: 141341K->1504K(140288K)] 457001K->317164K(840704K), 0.0018403 secs] [Times: user=0.00 sys=0.00, real=0.00 secs] 
1101.304: [GC (Allocation Failure) [PSYoungGen: 140256K->1392K(139264K)] 455916K->317060K(839680K), 0.0022874 secs] [Times: user=0.01 sys=0.00, real=0.00 secs] 
1102.766: [GC (Allocation Failure) [PSYoungGen: 139120K->1437K(138240K)] 454788K->317113K(838656K), 0.0022397 secs] [Times: user=0.00 sys=0.00, real=0.01 secs] 
1103.027: [GC (Allocation Failure) [PSYoungGen: 138141K->1568K(137728K)] 453817K->317252K(838144K), 0.0018900 secs] [Times: user=0.00 sys=0.00, real=0.01 secs] 
1103.521: [GC (Allocation Failure) [PSYoungGen: 137248K->1440K(136192K)] 452932K->317124K(836608K), 0.0021820 secs] [Times: user=0.01 sys=0.00, real=0.00 secs] 
1104.103: [GC (Allocation Failure) [PSYoungGen: 136096K->1344K(135168K)] 451780K->317028K(835584K), 0.0022630 secs] [Times: user=0.01 sys=0.00, real=0.00 secs] 
1104.642: [GC (Allocation Failure) [PSYoungGen: 134976K->1504K(134144K)] 450660K->317188K(834560K), 0.0016018 secs] [Times: user=0.00 sys=0.00, real=0.00 secs] 
1104.877: [GC (Allocation Failure) [PSYoungGen: 134112K->1597K(142336K)] 449796K->317281K(842752K), 0.0017708 secs] [Times: user=0.00 sys=0.00, real=0.00 secs] 
1106.666: [GC (Allocation Failure) [PSYoungGen: 141885K->432K(139776K)] 457569K->317140K(840192K), 0.0036808 secs] [Times: user=0.01 sys=0.00, real=0.01 secs] 
1107.567: [GC (Allocation Failure) [PSYoungGen: 139696K->352K(140800K)] 456404K->317060K(841216K), 0.0020589 secs] [Times: user=0.01 sys=0.00, real=0.01 secs] 
1108.692: [GC (Allocation Failure) [PSYoungGen: 138592K->1456K(138752K)] 455300K->318164K(839168K), 0.0021479 secs] [Times: user=0.01 sys=0.00, real=0.00 secs] 
1108.939: [GC (Allocation Failure) [PSYoungGen: 138672K->1565K(138240K)] 455380K->318273K(838656K), 0.0017592 secs] [Times: user=0.01 sys=0.00, real=0.00 secs] 
1110.231: [GC (Allocation Failure) [PSYoungGen: 137757K->1424K(136704K)] 454465K->318140K(837120K), 0.0021247 secs] [Times: user=0.01 sys=0.00, real=0.00 secs] 
1112.148: [GC (Allocation Failure) [PSYoungGen: 136592K->1328K(135680K)] 453308K->318044K(836096K), 0.0050146 secs] [Times: user=0.02 sys=0.00, real=0.00 secs] 
1113.455: [GC (Allocation Failure) [PSYoungGen: 135472K->1504K(134656K)] 452188K->318220K(835072K), 0.0021211 secs] [Times: user=0.00 sys=0.00, real=0.01 secs] 
1113.696: [GC (Allocation Failure) [PSYoungGen: 134624K->1616K(134144K)] 451340K->318332K(834560K), 0.0019158 secs] [Times: user=0.01 sys=0.00, real=0.01 secs] 
1114.527: [GC (Allocation Failure) [PSYoungGen: 133712K->1488K(132608K)] 450428K->318204K(833024K), 0.0018466 secs] [Times: user=0.01 sys=0.00, real=0.00 secs] 
1115.669: [GC (Allocation Failure) [PSYoungGen: 132560K->1408K(131584K)] 449276K->318124K(832000K), 0.0020367 secs] [Times: user=0.01 sys=0.00, real=0.00 secs] 
1116.477: [GC (Allocation Failure) [PSYoungGen: 131456K->1565K(131072K)] 448172K->318281K(831488K), 0.0016857 secs] [Times: user=0.01 sys=0.00, real=0.01 secs] 
1116.705: [GC (Allocation Failure) [PSYoungGen: 130589K->1565K(130048K)] 447305K->318281K(830464K), 0.0018458 secs] [Times: user=0.01 sys=0.00, real=0.01 secs] 
1117.378: [GC (Allocation Failure) [PSYoungGen: 129565K->1472K(128512K)] 446281K->318188K(828928K), 0.0020658 secs] [Times: user=0.01 sys=0.00, real=0.00 secs] 
1118.369: [GC (Allocation Failure) [PSYoungGen: 128448K->1344K(127488K)] 445164K->318060K(827904K), 0.0022004 secs] [Times: user=0.00 sys=0.00, real=0.00 secs] 
1118.908: [GC (Allocation Failure) [PSYoungGen: 127296K->1421K(126464K)] 444012K->318137K(826880K), 0.0020034 secs] [Times: user=0.01 sys=0.00, real=0.00 secs] 
1119.141: [GC (Allocation Failure) [PSYoungGen: 126349K->1568K(125952K)] 443065K->318284K(826368K), 0.0016979 secs] [Times: user=0.01 sys=0.00, real=0.00 secs] 
1119.711: [GC (Allocation Failure) [PSYoungGen: 125472K->448K(131584K)] 442188K->318196K(832000K), 0.0030731 secs] [Times: user=0.01 sys=0.00, real=0.00 secs] 
1121.877: [GC (Allocation Failure) [PSYoungGen: 131520K->352K(132608K)] 449268K->318100K(833024K), 0.0041231 secs] [Times: user=0.02 sys=0.00, real=0.00 secs] 
1123.335: [GC (Allocation Failure) [PSYoungGen: 130400K->352K(129536K)] 448148K->318100K(829952K), 0.0035192 secs] [Times: user=0.01 sys=0.00, real=0.01 secs] 
1123.819: [GC (Allocation Failure) [PSYoungGen: 129376K->1568K(130560K)] 447124K->319316K(830976K), 0.0016574 secs] [Times: user=0.00 sys=0.00, real=0.00 secs] 
1124.045: [GC (Allocation Failure) [PSYoungGen: 129568K->1536K(137216K)] 447316K->319284K(837632K), 0.0018750 secs] [Times: user=0.01 sys=0.00, real=0.01 secs] 
1126.310: [GC (Allocation Failure) [PSYoungGen: 136704K->1408K(135680K)] 454452K->319156K(836096K), 0.0042914 secs] [Times: user=0.02 sys=0.00, real=0.00 secs] 
1127.923: [GC (Allocation Failure) [PSYoungGen: 135552K->1312K(134656K)] 453300K->319060K(835072K), 0.0023454 secs] [Times: user=0.01 sys=0.00, real=0.00 secs] 
1128.454: [GC (Allocation Failure) [PSYoungGen: 134432K->1568K(134144K)] 452180K->319316K(834560K), 0.0016735 secs] [Times: user=0.01 sys=0.00, real=0.00 secs] 
1128.734: [GC (Allocation Failure) [PSYoungGen: 133664K->1568K(133120K)] 451412K->319316K(833536K), 0.0016508 secs] [Times: user=0.00 sys=0.00, real=0.00 secs] 
1129.736: [GC (Allocation Failure) [PSYoungGen: 132640K->1440K(131584K)] 450388K->319188K(832000K), 0.0023722 secs] [Times: user=0.00 sys=0.00, real=0.01 secs] 
1131.065: [GC (Allocation Failure) [PSYoungGen: 131488K->1344K(130560K)] 449236K->319092K(830976K), 0.0027586 secs] [Times: user=0.02 sys=0.00, real=0.01 secs] 
1131.689: [GC (Allocation Failure) [PSYoungGen: 130368K->1485K(129536K)] 448116K->319233K(829952K), 0.0016788 secs] [Times: user=0.01 sys=0.00, real=0.00 secs] 
1131.914: [GC (Allocation Failure) [PSYoungGen: 129485K->1568K(129024K)] 447233K->319324K(829440K), 0.0016989 secs] [Times: user=0.01 sys=0.00, real=0.00 secs] 
1132.791: [GC (Allocation Failure) [PSYoungGen: 128544K->1472K(127488K)] 446300K->319228K(827904K), 0.0020545 secs] [Times: user=0.01 sys=0.00, real=0.00 secs] 
1133.784: [GC (Allocation Failure) [PSYoungGen: 127424K->1376K(126464K)] 445180K->319132K(826880K), 0.0023897 secs] [Times: user=0.00 sys=0.00, real=0.00 secs] 
1134.487: [GC (Allocation Failure) [PSYoungGen: 126304K->1533K(125440K)] 444060K->319289K(825856K), 0.0016275 secs] [Times: user=0.01 sys=0.00, real=0.00 secs] 
1134.708: [GC (Allocation Failure) [PSYoungGen: 125437K->1504K(124416K)] 443193K->319308K(824832K), 0.0015866 secs] [Times: user=0.01 sys=0.00, real=0.00 secs] 
1135.310: [GC (Allocation Failure) [PSYoungGen: 124384K->1488K(123392K)] 442188K->319292K(823808K), 0.0018200 secs] [Times: user=0.01 sys=0.00, real=0.00 secs] 
1136.545: [GC (Allocation Failure) [PSYoungGen: 123344K->1408K(122368K)] 441148K->319212K(822784K), 0.0017998 secs] [Times: user=0.01 sys=0.00, real=0.01 secs] 
1137.551: [GC (Allocation Failure) [PSYoungGen: 122217K->1437K(121344K)] 440021K->319241K(821760K), 0.0021371 secs] [Times: user=0.01 sys=0.00, real=0.00 secs] 
1137.784: [GC (Allocation Failure) [PSYoungGen: 121245K->1520K(120320K)] 439049K->319380K(820736K), 0.0017655 secs] [Times: user=0.00 sys=0.00, real=0.00 secs] 
1138.036: [GC (Allocation Failure) [PSYoungGen: 120304K->1533K(127488K)] 438164K->319417K(827904K), 0.0022223 secs] [Times: user=0.00 sys=0.00, real=0.01 secs] 
1138.592: [GC (Allocation Failure) [PSYoungGen: 127485K->1408K(134656K)] 445369K->319292K(835072K), 0.0020077 secs] [Times: user=0.00 sys=0.00, real=0.00 secs] 
1139.213: [GC (Allocation Failure) [PSYoungGen: 134528K->1408K(133632K)] 452412K->319292K(834048K), 0.0021780 secs] [Times: user=0.01 sys=0.00, real=0.00 secs] 
1139.562: [GC (Allocation Failure) [PSYoungGen: 133504K->1533K(132608K)] 451388K->319425K(833024K), 0.0015667 secs] [Times: user=0.00 sys=0.00, real=0.00 secs] 
1139.795: [GC (Allocation Failure) [PSYoungGen: 132605K->1661K(141312K)] 450497K->319553K(841728K), 0.0018446 secs] [Times: user=0.00 sys=0.00, real=0.01 secs] 
1141.071: [GC (Allocation Failure) [PSYoungGen: 140925K->448K(138752K)] 458817K->319364K(839168K), 0.0021500 secs] [Times: user=0.01 sys=0.00, real=0.00 secs] 
1142.299: [GC (Allocation Failure) [PSYoungGen: 138688K->368K(137728K)] 457604K->319284K(838144K), 0.0018032 secs] [Times: user=0.01 sys=0.00, real=0.00 secs] 
1142.749: [GC (Allocation Failure) [PSYoungGen: 137584K->1568K(138240K)] 456500K->320508K(838656K), 0.0016316 secs] [Times: user=0.00 sys=0.00, real=0.00 secs] 
1142.992: [GC (Allocation Failure) [PSYoungGen: 137760K->1533K(136704K)] 456700K->320473K(837120K), 0.0018548 secs] [Times: user=0.00 sys=0.00, real=0.00 secs] 
1144.473: [GC (Allocation Failure) [PSYoungGen: 136701K->1392K(135680K)] 455641K->320332K(836096K), 0.0020273 secs] [Times: user=0.01 sys=0.00, real=0.00 secs] 
1146.446: [GC (Allocation Failure) [PSYoungGen: 135536K->1376K(134656K)] 454476K->320316K(835072K), 0.0025515 secs] [Times: user=0.01 sys=0.00, real=0.01 secs] 
1146.922: [GC (Allocation Failure) [PSYoungGen: 134496K->1568K(134144K)] 453436K->320508K(834560K), 0.0016874 secs] [Times: user=0.01 sys=0.00, real=0.00 secs] 
1147.203: [GC (Allocation Failure) [PSYoungGen: 133664K->1565K(133120K)] 452604K->320505K(833536K), 0.0018031 secs] [Times: user=0.01 sys=0.00, real=0.00 secs] 
1147.913: [GC (Allocation Failure) [PSYoungGen: 132637K->384K(130560K)] 451577K->320364K(830976K), 0.0021691 secs] [Times: user=0.01 sys=0.00, real=0.00 secs] 
1148.519: [GC (Allocation Failure) [PSYoungGen: 130432K->352K(131584K)] 450412K->320332K(832000K), 0.0018303 secs] [Times: user=0.00 sys=0.00, real=0.00 secs] 
1148.898: [GC (Allocation Failure) [PSYoungGen: 129376K->1469K(138240K)] 449356K->321449K(838656K), 0.0031348 secs] [Times: user=0.02 sys=0.00, real=0.00 secs] 
1149.146: [GC (Allocation Failure) [PSYoungGen: 138173K->1565K(147456K)] 458153K->321545K(847872K), 0.0017484 secs] [Times: user=0.00 sys=0.00, real=0.01 secs] 
1150.394: [GC (Allocation Failure) [PSYoungGen: 146973K->1408K(145920K)] 466953K->321388K(846336K), 0.0020162 secs] [Times: user=0.01 sys=0.00, real=0.00 secs] 
1151.183: [GC (Allocation Failure) [PSYoungGen: 145792K->1344K(144896K)] 465772K->321324K(845312K), 0.0021995 secs] [Times: user=0.00 sys=0.00, real=0.00 secs] 
1151.508: [GC (Allocation Failure) [PSYoungGen: 144704K->1565K(144384K)] 464684K->321545K(844800K), 0.0017804 secs] [Times: user=0.01 sys=0.00, real=0.00 secs] 
1152.071: [GC (Allocation Failure) [PSYoungGen: 143901K->2528K(143872K)] 463881K->322556K(844288K), 0.0034415 secs] [Times: user=0.01 sys=0.00, real=0.00 secs] 
1153.739: [GC (Allocation Failure) [PSYoungGen: 143840K->352K(140800K)] 463868K->321404K(841216K), 0.0028592 secs] [Times: user=0.01 sys=0.01, real=0.00 secs] 
1155.102: [GC (Allocation Failure) [PSYoungGen: 140640K->1469K(142336K)] 461692K->322521K(842752K), 0.0024666 secs] [Times: user=0.01 sys=0.00, real=0.00 secs] 
1155.392: [GC (Allocation Failure) [PSYoungGen: 140733K->1581K(140288K)] 461785K->322633K(840704K), 0.0018143 secs] [Times: user=0.01 sys=0.00, real=0.00 secs] 
1155.911: [GC (Allocation Failure) [PSYoungGen: 139821K->1520K(138752K)] 460873K->322572K(839168K), 0.0021147 secs] [Times: user=0.00 sys=0.00, real=0.00 secs] 
1156.887: [GC (Allocation Failure) [PSYoungGen: 138736K->1408K(137728K)] 459788K->322460K(838144K), 0.0021938 secs] [Times: user=0.01 sys=0.00, real=0.00 secs] 
1157.441: [GC (GCLocker Initiated GC) [PSYoungGen: 137600K->1421K(136704K)] 458652K->322473K(837120K), 0.0019966 secs] [Times: user=0.01 sys=0.00, real=0.00 secs] 
1157.684: [GC (Allocation Failure) [PSYoungGen: 136589K->1485K(135680K)] 457708K->322604K(836096K), 0.0017400 secs] [Times: user=0.01 sys=0.00, real=0.00 secs] 
1158.294: [GC (Allocation Failure) [PSYoungGen: 135629K->1520K(134656K)] 456748K->322647K(835072K), 0.0021134 secs] [Times: user=0.01 sys=0.00, real=0.00 secs] 
1159.666: [GC (Allocation Failure) [PSYoungGen: 134640K->1408K(133632K)] 455767K->322535K(834048K), 0.0026500 secs] [Times: user=0.01 sys=0.01, real=0.01 secs] 
1161.185: [GC (Allocation Failure) [PSYoungGen: 133504K->1405K(132608K)] 454631K->322532K(833024K), 0.0024162 secs] [Times: user=0.01 sys=0.00, real=0.01 secs] 
1161.450: [GC (Allocation Failure) [PSYoungGen: 132477K->1597K(132096K)] 453604K->322724K(832512K), 0.0016572 secs] [Times: user=0.00 sys=0.00, real=0.00 secs] 
1161.924: [GC (Allocation Failure) [PSYoungGen: 131645K->1536K(131072K)] 452772K->322663K(831488K), 0.0020888 secs] [Times: user=0.01 sys=0.00, real=0.00 secs] 
1163.648: [GC (Allocation Failure) [PSYoungGen: 130560K->1376K(129536K)] 451687K->322503K(829952K), 0.0044278 secs] [Times: user=0.02 sys=0.00, real=0.00 secs] 
1165.423: [GC (Allocation Failure) [PSYoungGen: 129376K->1408K(128512K)] 450503K->322535K(828928K), 0.0043370 secs] [Times: user=0.02 sys=0.01, real=0.01 secs] 
1165.794: [GC (Allocation Failure) [PSYoungGen: 128384K->1533K(127488K)] 449511K->322692K(827904K), 0.0016813 secs] [Times: user=0.00 sys=0.00, real=0.00 secs] 
1166.020: [GC (Allocation Failure) [PSYoungGen: 127485K->1613K(126976K)] 448644K->322780K(827392K), 0.0018191 secs] [Times: user=0.01 sys=0.00, real=0.00 secs] 
1167.562: [GC (Allocation Failure) [PSYoungGen: 126541K->416K(124416K)] 447708K->322607K(824832K), 0.0024627 secs] [Times: user=0.01 sys=0.00, real=0.00 secs] 
1168.479: [GC (Allocation Failure) [PSYoungGen: 124320K->352K(125440K)] 446511K->322543K(825856K), 0.0020226 secs] [Times: user=0.01 sys=0.00, real=0.00 secs] 
1169.002: [GC (Allocation Failure) [PSYoungGen: 123232K->1565K(123904K)] 445423K->323756K(824320K), 0.0015801 secs] [Times: user=0.00 sys=0.00, real=0.00 secs] 
1169.259: [GC (Allocation Failure) [PSYoungGen: 123421K->1581K(122880K)] 445612K->323772K(823296K), 0.0023415 secs] [Times: user=0.00 sys=0.00, real=0.00 secs] 
1169.640: [GC (Allocation Failure) [PSYoungGen: 122413K->1456K(121344K)] 444604K->323663K(821760K), 0.0019388 secs] [Times: user=0.01 sys=0.00, real=0.00 secs] 
1170.138: [GC (Allocation Failure) [PSYoungGen: 121264K->1408K(120320K)] 443471K->323623K(820736K), 0.0021145 secs] [Times: user=0.00 sys=0.00, real=0.00 secs] 
1170.618: [GC (Allocation Failure) [PSYoungGen: 120182K->1408K(119296K)] 442397K->323639K(819712K), 0.0020843 secs] [Times: user=0.01 sys=0.00, real=0.00 secs] 
1170.889: [GC (Allocation Failure) [PSYoungGen: 119168K->1552K(126976K)] 441399K->323783K(827392K), 0.0022204 secs] [Times: user=0.01 sys=0.00, real=0.00 secs] 
1171.945: [GC (Allocation Failure) [PSYoungGen: 126480K->1488K(134144K)] 448711K->323719K(834560K), 0.0046727 secs] [Times: user=0.02 sys=0.00, real=0.01 secs] 
1173.815: [GC (Allocation Failure) [PSYoungGen: 134096K->1456K(133120K)] 456327K->323687K(833536K), 0.0021665 secs] [Times: user=0.01 sys=0.00, real=0.01 secs] 
1174.738: [GC (Allocation Failure) [PSYoungGen: 133040K->1344K(132096K)] 455271K->323575K(832512K), 0.0025978 secs] [Times: user=0.01 sys=0.00, real=0.00 secs] 
1175.094: [GC (Allocation Failure) [PSYoungGen: 131904K->1581K(131584K)] 454135K->323812K(832000K), 0.0017630 secs] [Times: user=0.01 sys=0.00, real=0.00 secs] 
1175.323: [GC (Allocation Failure) [PSYoungGen: 131117K->576K(138240K)] 453348K->323831K(838656K), 0.0017411 secs] [Times: user=0.01 sys=0.00, real=0.00 secs] 
1177.476: [GC (Allocation Failure) [PSYoungGen: 137792K->1440K(138752K)] 461047K->324695K(839168K), 0.0043460 secs] [Times: user=0.02 sys=0.00, real=0.01 secs] 
1179.029: [GC (Allocation Failure) [PSYoungGen: 137632K->1360K(136704K)] 460887K->324615K(837120K), 0.0027526 secs] [Times: user=0.01 sys=0.00, real=0.00 secs] 
1179.450: [GC (Allocation Failure) [PSYoungGen: 136528K->1597K(136192K)] 459783K->324860K(836608K), 0.0018255 secs] [Times: user=0.01 sys=0.00, real=0.00 secs] 
1179.693: [GC (Allocation Failure) [PSYoungGen: 135741K->544K(134144K)] 459004K->324831K(834560K), 0.0016624 secs] [Times: user=0.00 sys=0.00, real=0.00 secs] 
1181.084: [GC (Allocation Failure) [PSYoungGen: 133664K->1472K(133632K)] 457951K->325759K(834048K), 0.0025361 secs] [Times: user=0.02 sys=0.00, real=0.00 secs] 
1182.303: [GC (Allocation Failure) [PSYoungGen: 133568K->1408K(132608K)] 457855K->325695K(833024K), 0.0035327 secs] [Times: user=0.01 sys=0.00, real=0.00 secs] 
1182.830: [GC (Allocation Failure) [PSYoungGen: 132480K->1584K(132096K)] 456767K->325871K(832512K), 0.0018773 secs] [Times: user=0.00 sys=0.00, real=0.00 secs] 
1183.059: [GC (Allocation Failure) [PSYoungGen: 131632K->608K(130048K)] 455919K->325919K(830464K), 0.0016654 secs] [Times: user=0.01 sys=0.00, real=0.00 secs] 
1183.800: [GC (Allocation Failure) [PSYoungGen: 129632K->1424K(129536K)] 454943K->326735K(829952K), 0.0035054 secs] [Times: user=0.02 sys=0.00, real=0.00 secs] 
1184.866: [GC (Allocation Failure) [PSYoungGen: 129424K->1376K(128512K)] 454735K->326687K(828928K), 0.0034931 secs] [Times: user=0.02 sys=0.00, real=0.01 secs] 
1185.540: [GC (Allocation Failure) [PSYoungGen: 128352K->1533K(127488K)] 453663K->326844K(827904K), 0.0017550 secs] [Times: user=0.00 sys=0.00, real=0.00 secs] 
1185.765: [GC (Allocation Failure) [PSYoungGen: 127485K->1520K(126464K)] 452796K->326879K(826880K), 0.0016911 secs] [Times: user=0.00 sys=0.00, real=0.00 secs] 
1186.217: [GC (Allocation Failure) [PSYoungGen: 126448K->1472K(125440K)] 451807K->326831K(825856K), 0.0019395 secs] [Times: user=0.01 sys=0.00, real=0.01 secs] 
1186.731: [GC (Allocation Failure) [PSYoungGen: 125376K->1392K(124416K)] 450735K->326751K(824832K), 0.0019803 secs] [Times: user=0.00 sys=0.00, real=0.00 secs] 
1187.164: [GC (Allocation Failure) [PSYoungGen: 124272K->1533K(123392K)] 449631K->326892K(823808K), 0.0018238 secs] [Times: user=0.01 sys=0.00, real=0.00 secs] 
1187.423: [GC (Allocation Failure) [PSYoungGen: 123389K->1504K(131072K)] 448748K->326879K(831488K), 0.0021300 secs] [Times: user=0.01 sys=0.00, real=0.00 secs] 
1188.257: [GC (Allocation Failure) [PSYoungGen: 131040K->1456K(138752K)] 456415K->326831K(839168K), 0.0033469 secs] [Times: user=0.02 sys=0.00, real=0.01 secs] 
1189.989: [GC (Allocation Failure) [PSYoungGen: 138672K->1376K(137728K)] 464047K->326751K(838144K), 0.0047493 secs] [Times: user=0.02 sys=0.00, real=0.00 secs] 
1190.972: [GC (Allocation Failure) [PSYoungGen: 137568K->1440K(136704K)] 462943K->326815K(837120K), 0.0021794 secs] [Times: user=0.00 sys=0.00, real=0.00 secs] 
1191.293: [GC (Allocation Failure) [PSYoungGen: 136608K->1533K(135680K)] 461983K->326956K(836096K), 0.0018798 secs] [Times: user=0.01 sys=0.00, real=0.00 secs] 
1191.796: [GC (Allocation Failure) [PSYoungGen: 135677K->1520K(134656K)] 461100K->326943K(835072K), 0.0032162 secs] [Times: user=0.01 sys=0.01, real=0.01 secs] 
1192.456: [GC (Allocation Failure) [PSYoungGen: 134640K->1360K(133632K)] 460063K->326783K(834048K), 0.0018310 secs] [Times: user=0.01 sys=0.00, real=0.01 secs] 
1193.381: [GC (Allocation Failure) [PSYoungGen: 133456K->1469K(132608K)] 458879K->326892K(833024K), 0.0020511 secs] [Times: user=0.01 sys=0.01, real=0.00 secs] 
1193.615: [GC (Allocation Failure) [PSYoungGen: 132541K->1504K(131584K)] 457964K->326983K(832000K), 0.0017355 secs] [Times: user=0.01 sys=0.00, real=0.01 secs] 
1194.175: [GC (Allocation Failure) [PSYoungGen: 131552K->1536K(131072K)] 457031K->327015K(831488K), 0.0024311 secs] [Times: user=0.01 sys=0.00, real=0.01 secs] 
1195.284: [GC (Allocation Failure) [PSYoungGen: 130560K->384K(128512K)] 456039K->326887K(828928K), 0.0030416 secs] [Times: user=0.01 sys=0.00, real=0.01 secs] 
1195.979: [GC (Allocation Failure) [PSYoungGen: 128384K->1440K(129024K)] 454887K->327943K(829440K), 0.0026529 secs] [Times: user=0.01 sys=0.00, real=0.00 secs] 
1196.217: [GC (Allocation Failure) [PSYoungGen: 128416K->1565K(128000K)] 454919K->328076K(828416K), 0.0016868 secs] [Times: user=0.01 sys=0.00, real=0.00 secs] 
1196.495: [GC (Allocation Failure) [PSYoungGen: 127517K->1344K(135680K)] 454028K->327855K(836096K), 0.0021324 secs] [Times: user=0.00 sys=0.00, real=0.01 secs] 
1198.453: [GC (Allocation Failure) [PSYoungGen: 135488K->384K(133632K)] 461999K->327927K(834048K), 0.0034878 secs] [Times: user=0.01 sys=0.00, real=0.00 secs] 
1200.011: [GC (Allocation Failure) [PSYoungGen: 133504K->320K(132608K)] 461047K->327863K(833024K), 0.0022282 secs] [Times: user=0.01 sys=0.00, real=0.00 secs] 
1200.507: [GC (Allocation Failure) [PSYoungGen: 132416K->1597K(133120K)] 459959K->329148K(833536K), 0.0017412 secs] [Times: user=0.01 sys=0.00, real=0.00 secs] 
1200.739: [GC (Allocation Failure) [PSYoungGen: 132669K->1581K(132096K)] 460220K->329132K(832512K), 0.0018910 secs] [Times: user=0.00 sys=0.00, real=0.00 secs] 
1202.024: [GC (Allocation Failure) [PSYoungGen: 131629K->1440K(130560K)] 459180K->328991K(830976K), 0.0025566 secs] [Times: user=0.01 sys=0.00, real=0.00 secs] 
1203.226: [GC (Allocation Failure) [PSYoungGen: 130464K->1408K(129536K)] 458015K->328959K(829952K), 0.0028207 secs] [Times: user=0.02 sys=0.00, real=0.01 secs] 
1203.683: [GC (Allocation Failure) [PSYoungGen: 129408K->1549K(129024K)] 456959K->329100K(829440K), 0.0016233 secs] [Times: user=0.00 sys=0.00, real=0.00 secs] 
1203.907: [GC (Allocation Failure) [PSYoungGen: 128525K->1613K(128000K)] 456076K->329164K(828416K), 0.0018297 secs] [Times: user=0.01 sys=0.00, real=0.00 secs] 
1205.381: [GC (Allocation Failure) [PSYoungGen: 127565K->1472K(126464K)] 455116K->329023K(826880K), 0.0044872 secs] [Times: user=0.02 sys=0.00, real=0.00 secs] 
1206.688: [GC (Allocation Failure) [PSYoungGen: 126400K->1440K(125440K)] 453951K->328999K(825856K), 0.0030020 secs] [Times: user=0.02 sys=0.00, real=0.00 secs] 
1207.443: [GC (Allocation Failure) [PSYoungGen: 125344K->1504K(124416K)] 452903K->329079K(824832K), 0.0021071 secs] [Times: user=0.01 sys=0.00, real=0.00 secs] 
1207.661: [GC (Allocation Failure) [PSYoungGen: 124384K->1597K(123904K)] 451959K->329172K(824320K), 0.0018290 secs] [Times: user=0.01 sys=0.00, real=0.00 secs] 
1208.312: [GC (Allocation Failure) [PSYoungGen: 123453K->1424K(122368K)] 451028K->329007K(822784K), 0.0020856 secs] [Times: user=0.01 sys=0.00, real=0.00 secs] 
1209.112: [GC (Allocation Failure) [PSYoungGen: 122256K->1408K(121344K)] 449839K->328991K(821760K), 0.0023705 secs] [Times: user=0.00 sys=0.00, real=0.00 secs] 
1209.827: [GC (Allocation Failure) [PSYoungGen: 121216K->1437K(120320K)] 448799K->329020K(820736K), 0.0022367 secs] [Times: user=0.01 sys=0.00, real=0.00 secs] 
1210.148: [GC (Allocation Failure) [PSYoungGen: 120221K->1549K(119808K)] 447804K->329156K(820224K), 0.0020691 secs] [Times: user=0.01 sys=0.00, real=0.00 secs] 
1210.356: [GC (Allocation Failure) [PSYoungGen: 119309K->573K(125952K)] 446916K->329204K(826368K), 0.0017060 secs] [Times: user=0.01 sys=0.00, real=0.01 secs] 
1212.044: [GC (Allocation Failure) [PSYoungGen: 125501K->1472K(125440K)] 454132K->330111K(825856K), 0.0031908 secs] [Times: user=0.02 sys=0.00, real=0.01 secs] 
1213.607: [GC (Allocation Failure) [PSYoungGen: 125376K->1376K(124416K)] 454015K->330015K(824832K), 0.0033860 secs] [Times: user=0.02 sys=0.00, real=0.00 secs] 
1214.269: [GC (Allocation Failure) [PSYoungGen: 124256K->1533K(123392K)] 452895K->330180K(823808K), 0.0017681 secs] [Times: user=0.01 sys=0.00, real=0.00 secs] 
1214.485: [GC (Allocation Failure) [PSYoungGen: 123389K->1517K(122368K)] 452036K->330212K(822784K), 0.0016194 secs] [Times: user=0.01 sys=0.00, real=0.00 secs] 
1215.117: [GC (Allocation Failure) [PSYoungGen: 122349K->1472K(121344K)] 451044K->330175K(821760K), 0.0020976 secs] [Times: user=0.01 sys=0.00, real=0.00 secs] 
1216.391: [GC (Allocation Failure) [PSYoungGen: 121280K->1408K(120320K)] 449983K->330111K(820736K), 0.0033635 secs] [Times: user=0.01 sys=0.00, real=0.00 secs] 
1217.281: [GC (Allocation Failure) [PSYoungGen: 120192K->1520K(119296K)] 448895K->330231K(819712K), 0.0023665 secs] [Times: user=0.01 sys=0.01, real=0.00 secs] 
1217.511: [GC (Allocation Failure) [PSYoungGen: 119280K->1533K(118272K)] 447991K->330260K(818688K), 0.0017287 secs] [Times: user=0.01 sys=0.00, real=0.00 secs] 
1217.716: [GC (Allocation Failure) [PSYoungGen: 118269K->1597K(126464K)] 446996K->330332K(826880K), 0.0018176 secs] [Times: user=0.01 sys=0.00, real=0.01 secs] 
1219.338: [GC (Allocation Failure) [PSYoungGen: 126013K->480K(123904K)] 454748K->330239K(824320K), 0.0031880 secs] [Times: user=0.01 sys=0.01, real=0.00 secs] 
1220.830: [GC (Allocation Failure) [PSYoungGen: 123872K->416K(122880K)] 453631K->330183K(823296K), 0.0029293 secs] [Times: user=0.01 sys=0.00, real=0.00 secs] 
1221.427: [GC (Allocation Failure) [PSYoungGen: 122784K->1533K(122880K)] 452551K->331308K(823296K), 0.0016930 secs] [Times: user=0.00 sys=0.00, real=0.00 secs] 
1221.643: [GC (Allocation Failure) [PSYoungGen: 122877K->1565K(122368K)] 452652K->331348K(822784K), 0.0018745 secs] [Times: user=0.01 sys=0.00, real=0.00 secs] 
1222.688: [GC (Allocation Failure) [PSYoungGen: 121885K->1472K(120832K)] 451668K->331255K(821248K), 0.0023802 secs] [Times: user=0.01 sys=0.00, real=0.00 secs] 
1224.286: [GC (Allocation Failure) [PSYoungGen: 120768K->1424K(119808K)] 450551K->331207K(820224K), 0.0042815 secs] [Times: user=0.02 sys=0.00, real=0.01 secs] 
1225.186: [GC (Allocation Failure) [PSYoungGen: 119696K->1501K(118784K)] 449479K->331292K(819200K), 0.0023283 secs] [Times: user=0.01 sys=0.00, real=0.01 secs] 
1225.419: [GC (Allocation Failure) [PSYoungGen: 118749K->1565K(118272K)] 448540K->331356K(818688K), 0.0018319 secs] [Times: user=0.00 sys=0.00, real=0.00 secs] 
1225.624: [GC (Allocation Failure) [PSYoungGen: 117789K->1629K(125952K)] 447580K->331420K(826368K), 0.0016840 secs] [Times: user=0.01 sys=0.00, real=0.00 secs] 
1226.169: [GC (Allocation Failure) [PSYoungGen: 125533K->1440K(124416K)] 455324K->331239K(824832K), 0.0021721 secs] [Times: user=0.01 sys=0.00, real=0.00 secs] 
1226.679: [GC (Allocation Failure) [PSYoungGen: 124320K->1376K(123392K)] 454119K->331191K(823808K), 0.0018484 secs] [Times: user=0.00 sys=0.00, real=0.00 secs] 
1227.006: [GC (Allocation Failure) [PSYoungGen: 123232K->1533K(122368K)] 453047K->331348K(822784K), 0.0017159 secs] [Times: user=0.00 sys=0.00, real=0.01 secs] 
1227.221: [GC (Allocation Failure) [PSYoungGen: 122365K->1520K(130048K)] 452180K->331383K(830464K), 0.0016538 secs] [Times: user=0.01 sys=0.00, real=0.00 secs] 
1228.091: [GC (Allocation Failure) [PSYoungGen: 130032K->1504K(129024K)] 459895K->331375K(829440K), 0.0023923 secs] [Times: user=0.00 sys=0.00, real=0.00 secs] 
1229.082: [GC (Allocation Failure) [PSYoungGen: 128992K->1408K(128000K)] 458863K->331279K(828416K), 0.0020949 secs] [Times: user=0.01 sys=0.00, real=0.00 secs] 
1229.540: [GC (Allocation Failure) [PSYoungGen: 127872K->1488K(126976K)] 457743K->331367K(827392K), 0.0016450 secs] [Times: user=0.01 sys=0.00, real=0.00 secs] 
1229.762: [GC (Allocation Failure) [PSYoungGen: 126928K->1517K(125952K)] 456807K->331412K(826368K), 0.0017641 secs] [Times: user=0.01 sys=0.00, real=0.00 secs] 
1230.379: [GC (Allocation Failure) [PSYoungGen: 125933K->1488K(124928K)] 455828K->331391K(825344K), 0.0022918 secs] [Times: user=0.01 sys=0.00, real=0.00 secs] 
1231.896: [GC (Allocation Failure) [PSYoungGen: 124880K->1408K(123904K)] 454783K->331311K(824320K), 0.0022723 secs] [Times: user=0.01 sys=0.00, real=0.01 secs] 
1233.183: [GC (Allocation Failure) [PSYoungGen: 123776K->1405K(122880K)] 453679K->331316K(823296K), 0.0024936 secs] [Times: user=0.01 sys=0.00, real=0.00 secs] 
1233.440: [GC (Allocation Failure) [PSYoungGen: 122749K->1533K(121856K)] 452660K->331492K(822272K), 0.0017715 secs] [Times: user=0.01 sys=0.00, real=0.00 secs] 
1233.656: [GC (Allocation Failure) [PSYoungGen: 121853K->1613K(130048K)] 451812K->331572K(830464K), 0.0020938 secs] [Times: user=0.01 sys=0.00, real=0.01 secs] 
1234.479: [GC (Allocation Failure) [PSYoungGen: 129613K->416K(127488K)] 459572K->331399K(827904K), 0.0020327 secs] [Times: user=0.01 sys=0.00, real=0.00 secs] 
1235.737: [GC (Allocation Failure) [PSYoungGen: 127392K->352K(126464K)] 458375K->331335K(826880K), 0.0022379 secs] [Times: user=0.01 sys=0.00, real=0.00 secs] 
1236.348: [GC (Allocation Failure) [PSYoungGen: 126304K->1533K(126464K)] 457287K->332516K(826880K), 0.0018089 secs] [Times: user=0.01 sys=0.00, real=0.00 secs] 
1236.568: [GC (Allocation Failure) [PSYoungGen: 126461K->1549K(125952K)] 457444K->332532K(826368K), 0.0018714 secs] [Times: user=0.01 sys=0.00, real=0.00 secs] 
1237.431: [GC (Allocation Failure) [PSYoungGen: 125453K->1440K(124416K)] 456436K->332423K(824832K), 0.0021213 secs] [Times: user=0.01 sys=0.00, real=0.00 secs] 
1237.942: [GC (Allocation Failure) [PSYoungGen: 124320K->1360K(123392K)] 455303K->332343K(823808K), 0.0022198 secs] [Times: user=0.01 sys=0.00, real=0.00 secs] 
1238.386: [GC (Allocation Failure) [PSYoungGen: 123184K->1533K(122368K)] 454168K->332532K(822784K), 0.0016452 secs] [Times: user=0.01 sys=0.00, real=0.01 secs] 
1238.602: [GC (Allocation Failure) [PSYoungGen: 122365K->1565K(121856K)] 453364K->332564K(822272K), 0.0018285 secs] [Times: user=0.01 sys=0.00, real=0.00 secs] 
1238.912: [GC (Allocation Failure) [PSYoungGen: 121373K->512K(128000K)] 452372K->332535K(828416K), 0.0017083 secs] [Times: user=0.01 sys=0.00, real=0.00 secs] 
1239.439: [GC (Allocation Failure) [PSYoungGen: 127488K->384K(126464K)] 459511K->332407K(826880K), 0.0016471 secs] [Times: user=0.00 sys=0.00, real=0.00 secs] 
1239.961: [GC (Allocation Failure) [PSYoungGen: 126336K->352K(125440K)] 458359K->332383K(825856K), 0.0015774 secs] [Times: user=0.00 sys=0.00, real=0.00 secs] 
1240.213: [GC (Allocation Failure) [PSYoungGen: 125280K->1581K(126464K)] 457311K->333612K(826880K), 0.0017062 secs] [Times: user=0.00 sys=0.00, real=0.00 secs] 
1240.483: [GC (Allocation Failure) [PSYoungGen: 125485K->1520K(133632K)] 457516K->333551K(834048K), 0.0023867 secs] [Times: user=0.01 sys=0.00, real=0.00 secs] 
1242.301: [GC (Allocation Failure) [PSYoungGen: 133616K->1440K(132608K)] 465647K->333471K(833024K), 0.0027149 secs] [Times: user=0.01 sys=0.00, real=0.00 secs] 
1243.355: [GC (Allocation Failure) [PSYoungGen: 132512K->1376K(131584K)] 464543K->333407K(832000K), 0.0024556 secs] [Times: user=0.01 sys=0.00, real=0.01 secs] 
1243.846: [GC (Allocation Failure) [PSYoungGen: 131424K->1581K(131072K)] 463455K->333612K(831488K), 0.0016222 secs] [Times: user=0.01 sys=0.00, real=0.01 secs] 
1244.074: [GC (Allocation Failure) [PSYoungGen: 130605K->1597K(130048K)] 462636K->333628K(830464K), 0.0017479 secs] [Times: user=0.01 sys=0.00, real=0.00 secs] 
1245.037: [GC (Allocation Failure) [PSYoungGen: 129597K->1376K(128512K)] 461628K->333407K(828928K), 0.0019465 secs] [Times: user=0.01 sys=0.00, real=0.00 secs] 
1246.395: [GC (Allocation Failure) [PSYoungGen: 128352K->1376K(127488K)] 460383K->333407K(827904K), 0.0031028 secs] [Times: user=0.01 sys=0.00, real=0.01 secs] 
1247.296: [GC (Allocation Failure) [PSYoungGen: 127328K->1581K(126976K)] 459359K->333636K(827392K), 0.0016091 secs] [Times: user=0.00 sys=0.00, real=0.01 secs] 
1247.516: [GC (Allocation Failure) [PSYoungGen: 126509K->1520K(125440K)] 458564K->333575K(825856K), 0.0016796 secs] [Times: user=0.00 sys=0.00, real=0.01 secs] 
1247.904: [GC (Allocation Failure) [PSYoungGen: 125424K->1472K(124416K)] 457479K->333527K(824832K), 0.0017342 secs] [Times: user=0.00 sys=0.00, real=0.00 secs] 
1248.780: [GC (Allocation Failure) [PSYoungGen: 124352K->1424K(123392K)] 456407K->333479K(823808K), 0.0034700 secs] [Times: user=0.01 sys=0.00, real=0.00 secs] 
1249.682: [GC (Allocation Failure) [PSYoungGen: 123280K->1440K(122368K)] 455335K->333495K(822784K), 0.0021943 secs] [Times: user=0.00 sys=0.00, real=0.00 secs] 
1249.909: [GC (Allocation Failure) [PSYoungGen: 122272K->1600K(121856K)] 454327K->333655K(822272K), 0.0018280 secs] [Times: user=0.01 sys=0.00, real=0.00 secs] 
1250.192: [GC (Allocation Failure) [PSYoungGen: 121408K->1760K(129536K)] 453463K->333815K(829952K), 0.0023363 secs] [Times: user=0.01 sys=0.00, real=0.00 secs] 
1251.125: [GC (Allocation Failure) [PSYoungGen: 129248K->336K(126976K)] 461303K->333415K(827392K), 0.0021692 secs] [Times: user=0.01 sys=0.00, real=0.01 secs] 
1252.280: [GC (Allocation Failure) [PSYoungGen: 126800K->352K(128000K)] 459879K->333431K(828416K), 0.0021410 secs] [Times: user=0.01 sys=0.00, real=0.00 secs] 
1252.727: [GC (Allocation Failure) [PSYoungGen: 125792K->1549K(126464K)] 458871K->334628K(826880K), 0.0016590 secs] [Times: user=0.01 sys=0.00, real=0.01 secs] 
1252.991: [GC (Allocation Failure) [PSYoungGen: 125965K->1504K(124928K)] 459044K->334583K(825344K), 0.0021209 secs] [Times: user=0.01 sys=0.00, real=0.00 secs] 
1253.489: [GC (Allocation Failure) [PSYoungGen: 124896K->1440K(123904K)] 457975K->334519K(824320K), 0.0022097 secs] [Times: user=0.01 sys=0.00, real=0.00 secs] 
1254.352: [GC (Allocation Failure) [PSYoungGen: 123808K->1392K(122880K)] 456887K->334471K(823296K), 0.0022917 secs] [Times: user=0.00 sys=0.00, real=0.00 secs] 
1255.125: [GC (Allocation Failure) [PSYoungGen: 122736K->1533K(121856K)] 455815K->334612K(822272K), 0.0017289 secs] [Times: user=0.00 sys=0.00, real=0.01 secs] 
1255.342: [GC (Allocation Failure) [PSYoungGen: 121853K->1533K(120832K)] 454932K->334612K(821248K), 0.0018825 secs] [Times: user=0.01 sys=0.00, real=0.00 secs] 
1256.222: [GC (Allocation Failure) [PSYoungGen: 120829K->1440K(119808K)] 453908K->334519K(820224K), 0.0031635 secs] [Times: user=0.02 sys=0.00, real=0.00 secs] 
1257.684: [GC (Allocation Failure) [PSYoungGen: 119712K->1408K(118784K)] 452791K->334503K(819200K), 0.0033843 secs] [Times: user=0.01 sys=0.00, real=0.01 secs] 
1258.945: [GC (Allocation Failure) [PSYoungGen: 118656K->1360K(117760K)] 451751K->334455K(818176K), 0.0035066 secs] [Times: user=0.02 sys=0.00, real=0.01 secs] 
1259.346: [GC (Allocation Failure) [PSYoungGen: 117584K->1565K(117760K)] 450679K->334660K(818176K), 0.0017393 secs] [Times: user=0.01 sys=0.00, real=0.01 secs] 
1259.550: [GC (Allocation Failure) [PSYoungGen: 117277K->541K(116224K)] 450372K->334660K(816640K), 0.0017779 secs] [Times: user=0.01 sys=0.00, real=0.00 secs] 
1260.571: [GC (Allocation Failure) [PSYoungGen: 115741K->1472K(116224K)] 449860K->335591K(816640K), 0.0038349 secs] [Times: user=0.01 sys=0.00, real=0.00 secs] 
1262.406: [GC (Allocation Failure) [PSYoungGen: 116160K->1408K(115712K)] 450279K->335527K(816128K), 0.0048896 secs] [Times: user=0.02 sys=0.00, real=0.01 secs] 
1263.844: [GC (Allocation Failure) [PSYoungGen: 115584K->1424K(115200K)] 449703K->335543K(815616K), 0.0025656 secs] [Times: user=0.01 sys=0.00, real=0.01 secs] 
1264.088: [GC (Allocation Failure) [PSYoungGen: 115088K->1517K(114688K)] 449207K->335676K(815104K), 0.0016741 secs] [Times: user=0.01 sys=0.00, real=0.00 secs] 
1264.286: [GC (Allocation Failure) [PSYoungGen: 114669K->1565K(122368K)] 448828K->335724K(822784K), 0.0018613 secs] [Times: user=0.01 sys=0.00, real=0.01 secs] 
1265.452: [GC (Allocation Failure) [PSYoungGen: 121885K->416K(119808K)] 456044K->335599K(820224K), 0.0046044 secs] [Times: user=0.01 sys=0.00, real=0.00 secs] 
1266.658: [GC (Allocation Failure) [PSYoungGen: 119712K->352K(120832K)] 454895K->335535K(821248K), 0.0026095 secs] [Times: user=0.01 sys=0.00, real=0.00 secs] 
1267.439: [GC (Allocation Failure) [PSYoungGen: 118624K->1552K(119296K)] 453807K->336735K(819712K), 0.0021585 secs] [Times: user=0.01 sys=0.00, real=0.00 secs] 
1267.655: [GC (Allocation Failure) [PSYoungGen: 118800K->1565K(118272K)] 453983K->336748K(818688K), 0.0018205 secs] [Times: user=0.01 sys=0.00, real=0.00 secs] 
1269.024: [GC (Allocation Failure) [PSYoungGen: 117789K->1456K(117248K)] 452972K->336639K(817664K), 0.0035384 secs] [Times: user=0.01 sys=0.00, real=0.01 secs] 
1269.941: [GC (Allocation Failure) [PSYoungGen: 117168K->1376K(116736K)] 452351K->336559K(817152K), 0.0021957 secs] [Times: user=0.01 sys=0.00, real=0.00 secs] 
1270.440: [GC (Allocation Failure) [PSYoungGen: 116576K->1405K(116224K)] 451759K->336604K(816640K), 0.0021700 secs] [Times: user=0.01 sys=0.00, real=0.00 secs] 
1270.657: [GC (Allocation Failure) [PSYoungGen: 116093K->1568K(116224K)] 451292K->336767K(816640K), 0.0017605 secs] [Times: user=0.01 sys=0.00, real=0.01 secs] 
1270.860: [GC (Allocation Failure) [PSYoungGen: 115744K->1613K(123904K)] 450943K->336812K(824320K), 0.0016103 secs] [Times: user=0.00 sys=0.00, real=0.00 secs] 
1272.154: [GC (Allocation Failure) [PSYoungGen: 123469K->1408K(122368K)] 458668K->336607K(822784K), 0.0033534 secs] [Times: user=0.02 sys=0.00, real=0.01 secs] 
1273.292: [GC (Allocation Failure) [PSYoungGen: 122240K->1360K(121344K)] 457439K->336559K(821760K), 0.0031298 secs] [Times: user=0.01 sys=0.00, real=0.00 secs] 
1274.112: [GC (Allocation Failure) [PSYoungGen: 121168K->1488K(120320K)] 456367K->336687K(820736K), 0.0020865 secs] [Times: user=0.01 sys=0.00, real=0.00 secs] 
1274.326: [GC (Allocation Failure) [PSYoungGen: 120272K->1533K(119296K)] 455471K->336748K(819712K), 0.0017716 secs] [Times: user=0.00 sys=0.00, real=0.01 secs] 
1274.662: [GC (Allocation Failure) [PSYoungGen: 119293K->1504K(118272K)] 454508K->336719K(818688K), 0.0022007 secs] [Times: user=0.01 sys=0.00, real=0.00 secs] 
1275.440: [GC (Allocation Failure) [PSYoungGen: 118240K->1408K(117248K)] 453455K->336623K(817664K), 0.0021887 secs] [Times: user=0.01 sys=0.00, real=0.00 secs] 
1276.337: [GC (Allocation Failure) [PSYoungGen: 117120K->1424K(116736K)] 452335K->336639K(817152K), 0.0022745 secs] [Times: user=0.01 sys=0.00, real=0.01 secs] 
1276.711: [GC (Allocation Failure) [PSYoungGen: 116624K->1517K(116224K)] 451839K->336740K(816640K), 0.0016014 secs] [Times: user=0.01 sys=0.00, real=0.00 secs] 
1276.957: [GC (Allocation Failure) [PSYoungGen: 116205K->1533K(123392K)] 451428K->336772K(823808K), 0.0023539 secs] [Times: user=0.00 sys=0.00, real=0.01 secs] 
1277.533: [GC (Allocation Failure) [PSYoungGen: 123389K->1440K(122368K)] 458628K->336679K(822784K), 0.0021008 secs] [Times: user=0.01 sys=0.00, real=0.00 secs] 
1278.113: [GC (Allocation Failure) [PSYoungGen: 122272K->1392K(121344K)] 457511K->336631K(821760K), 0.0020448 secs] [Times: user=0.01 sys=0.00, real=0.00 secs] 
1278.633: [GC (Allocation Failure) [PSYoungGen: 121200K->1472K(120320K)] 456439K->336711K(820736K), 0.0015908 secs] [Times: user=0.01 sys=0.00, real=0.00 secs] 
1278.844: [GC (Allocation Failure) [PSYoungGen: 120256K->1565K(119808K)] 455495K->336804K(820224K), 0.0018722 secs] [Times: user=0.01 sys=0.00, real=0.00 secs] 
1279.333: [GC (Allocation Failure) [PSYoungGen: 119325K->416K(117248K)] 454564K->336679K(817664K), 0.0025253 secs] [Times: user=0.01 sys=0.00, real=0.00 secs] 
1280.979: [GC (Allocation Failure) [PSYoungGen: 117152K->336K(116224K)] 453415K->336599K(816640K), 0.0032999 secs] [Times: user=0.02 sys=0.00, real=0.00 secs] 
1282.203: [GC (Allocation Failure) [PSYoungGen: 116048K->320K(115712K)] 452311K->336583K(816128K), 0.0045760 secs] [Times: user=0.02 sys=0.00, real=0.01 secs] 
1282.736: [GC (Allocation Failure) [PSYoungGen: 115520K->1581K(117248K)] 451783K->337844K(817664K), 0.0016141 secs] [Times: user=0.01 sys=0.00, real=0.01 secs] 
1282.977: [GC (Allocation Failure) [PSYoungGen: 116269K->1584K(116224K)] 452532K->337847K(816640K), 0.0020500 secs] [Times: user=0.01 sys=0.00, real=0.00 secs] 
1283.335: [GC (Allocation Failure) [PSYoungGen: 115760K->1440K(115200K)] 452023K->337703K(815616K), 0.0021949 secs] [Times: user=0.01 sys=0.00, real=0.01 secs] 
1283.811: [GC (Allocation Failure) [PSYoungGen: 115104K->1376K(114688K)] 451367K->337639K(815104K), 0.0022023 secs] [Times: user=0.01 sys=0.00, real=0.00 secs] 
1284.281: [GC (Allocation Failure) [PSYoungGen: 114528K->1376K(114176K)] 450791K->337639K(814592K), 0.0022778 secs] [Times: user=0.01 sys=0.00, real=0.00 secs] 
1284.885: [GC (Allocation Failure) [PSYoungGen: 114016K->1584K(114176K)] 450279K->337847K(814592K), 0.0018409 secs] [Times: user=0.01 sys=0.00, real=0.01 secs] 
1285.084: [GC (Allocation Failure) [PSYoungGen: 113712K->1565K(121344K)] 449975K->337828K(821760K), 0.0018958 secs] [Times: user=0.01 sys=0.00, real=0.00 secs] 
1285.617: [GC (Allocation Failure) [PSYoungGen: 120861K->1456K(128512K)] 457124K->337719K(828928K), 0.0026685 secs] [Times: user=0.02 sys=0.00, real=0.00 secs] 
1286.533: [GC (Allocation Failure) [PSYoungGen: 128432K->1344K(127488K)] 464695K->337631K(827904K), 0.0019702 secs] [Times: user=0.01 sys=0.00, real=0.00 secs] 
1287.441: [GC (Allocation Failure) [PSYoungGen: 127296K->1533K(126464K)] 463583K->337820K(826880K), 0.0024210 secs] [Times: user=0.01 sys=0.00, real=0.00 secs] 
1287.706: [GC (Allocation Failure) [PSYoungGen: 126461K->1581K(125952K)] 462748K->337868K(826368K), 0.0018524 secs] [Times: user=0.01 sys=0.00, real=0.01 secs] 
1288.175: [GC (Allocation Failure) [PSYoungGen: 125485K->432K(123392K)] 461772K->337743K(823808K), 0.0026184 secs] [Times: user=0.01 sys=0.00, real=0.01 secs] 
1288.726: [GC (Allocation Failure) [PSYoungGen: 123312K->320K(124416K)] 460623K->337631K(824832K), 0.0019120 secs] [Times: user=0.00 sys=0.00, real=0.01 secs] 
1289.221: [GC (Allocation Failure) [PSYoungGen: 122176K->1501K(122368K)] 459487K->338812K(822784K), 0.0020637 secs] [Times: user=0.01 sys=0.00, real=0.00 secs] 
1289.438: [GC (Allocation Failure) [PSYoungGen: 122333K->1565K(121856K)] 459644K->338876K(822272K), 0.0017848 secs] [Times: user=0.01 sys=0.00, real=0.00 secs] 
1289.649: [GC (Allocation Failure) [PSYoungGen: 121373K->1533K(129536K)] 458684K->338844K(829952K), 0.0018343 secs] [Times: user=0.01 sys=0.00, real=0.00 secs] 
1291.607: [GC (Allocation Failure) [PSYoungGen: 129533K->1408K(128512K)] 466844K->338719K(828928K), 0.0031044 secs] [Times: user=0.01 sys=0.00, real=0.00 secs] 
1292.833: [GC (Allocation Failure) [PSYoungGen: 128384K->1408K(127488K)] 465695K->338719K(827904K), 0.0031094 secs] [Times: user=0.01 sys=0.00, real=0.00 secs] 
1293.423: [GC (Allocation Failure) [PSYoungGen: 127360K->1565K(126976K)] 464671K->338876K(827392K), 0.0017329 secs] [Times: user=0.01 sys=0.00, real=0.00 secs] 
1293.644: [GC (Allocation Failure) [PSYoungGen: 126493K->1597K(125952K)] 463804K->338908K(826368K), 0.0016074 secs] [Times: user=0.00 sys=0.00, real=0.00 secs] 
1294.689: [GC (Allocation Failure) [PSYoungGen: 125501K->1408K(124416K)] 462812K->338719K(824832K), 0.0026111 secs] [Times: user=0.01 sys=0.00, real=0.00 secs] 
1295.810: [GC (Allocation Failure) [PSYoungGen: 124288K->1376K(123392K)] 461599K->338687K(823808K), 0.0021893 secs] [Times: user=0.00 sys=0.00, real=0.00 secs] 
1296.552: [GC (Allocation Failure) [PSYoungGen: 123232K->1533K(122368K)] 460543K->338844K(822784K), 0.0016762 secs] [Times: user=0.00 sys=0.00, real=0.00 secs] 
1296.767: [GC (Allocation Failure) [PSYoungGen: 122365K->1597K(121856K)] 459676K->338908K(822272K), 0.0018169 secs] [Times: user=0.01 sys=0.00, real=0.00 secs] 
1297.263: [GC (Allocation Failure) [PSYoungGen: 121405K->1472K(120320K)] 458716K->338807K(820736K), 0.0022146 secs] [Times: user=0.01 sys=0.00, real=0.00 secs] 
1298.236: [GC (Allocation Failure) [PSYoungGen: 120256K->1344K(119296K)] 457591K->338679K(819712K), 0.0045595 secs] [Times: user=0.02 sys=0.00, real=0.01 secs] 
1299.219: [GC (Allocation Failure) [PSYoungGen: 119104K->1424K(118272K)] 456439K->338759K(818688K), 0.0032716 secs] [Times: user=0.01 sys=0.00, real=0.00 secs] 
1299.612: [GC (Allocation Failure) [PSYoungGen: 118160K->1533K(117248K)] 455495K->338908K(817664K), 0.0016675 secs] [Times: user=0.00 sys=0.00, real=0.00 secs] 
1299.818: [GC (Allocation Failure) [PSYoungGen: 117245K->1533K(116736K)] 454620K->338908K(817152K), 0.0018325 secs] [Times: user=0.01 sys=0.00, real=0.00 secs] 
1300.682: [GC (Allocation Failure) [PSYoungGen: 116733K->1408K(116224K)] 454108K->338783K(816640K), 0.0018116 secs] [Times: user=0.01 sys=0.00, real=0.00 secs] 
1302.126: [GC (Allocation Failure) [PSYoungGen: 116096K->1344K(115712K)] 453471K->338719K(816128K), 0.0035602 secs] [Times: user=0.01 sys=0.00, real=0.01 secs] 
1302.869: [GC (Allocation Failure) [PSYoungGen: 115520K->1469K(115200K)] 452895K->338844K(815616K), 0.0020718 secs] [Times: user=0.01 sys=0.00, real=0.00 secs] 
1303.150: [GC (Allocation Failure) [PSYoungGen: 115133K->1565K(115200K)] 452508K->338940K(815616K), 0.0018221 secs] [Times: user=0.00 sys=0.00, real=0.00 secs] 
1303.348: [GC (Allocation Failure) [PSYoungGen: 114717K->512K(122368K)] 452092K->338911K(822784K), 0.0024218 secs] [Times: user=0.01 sys=0.00, real=0.00 secs] 
1303.860: [GC (Allocation Failure) [PSYoungGen: 121856K->1376K(131072K)] 460255K->339775K(831488K), 0.0022604 secs] [Times: user=0.00 sys=0.00, real=0.00 secs] 
1304.398: [GC (Allocation Failure) [PSYoungGen: 130912K->1424K(130048K)] 469311K->339823K(830464K), 0.0020543 secs] [Times: user=0.01 sys=0.00, real=0.00 secs] 
1304.753: [GC (Allocation Failure) [PSYoungGen: 129936K->1565K(129536K)] 468335K->339964K(829952K), 0.0017120 secs] [Times: user=0.00 sys=0.00, real=0.00 secs] 
1304.979: [GC (Allocation Failure) [PSYoungGen: 129053K->541K(136704K)] 467452K->339964K(837120K), 0.0017416 secs] [Times: user=0.01 sys=0.00, real=0.00 secs] 
1306.736: [GC (Allocation Failure) [PSYoungGen: 136221K->1440K(136192K)] 475644K->340863K(836608K), 0.0031913 secs] [Times: user=0.01 sys=0.00, real=0.01 secs] 
1308.077: [GC (Allocation Failure) [PSYoungGen: 136096K->1376K(135168K)] 475519K->340799K(835584K), 0.0028557 secs] [Times: user=0.01 sys=0.00, real=0.00 secs] 
1309.009: [GC (Allocation Failure) [PSYoungGen: 135008K->1565K(134656K)] 474431K->340996K(835072K), 0.0016654 secs] [Times: user=0.01 sys=0.00, real=0.00 secs] 
1309.245: [GC (Allocation Failure) [PSYoungGen: 134173K->592K(132608K)] 473604K->341047K(833024K), 0.0016819 secs] [Times: user=0.01 sys=0.00, real=0.01 secs] 
1309.731: [GC (Allocation Failure) [PSYoungGen: 132176K->1504K(132096K)] 472631K->341959K(832512K), 0.0020224 secs] [Times: user=0.01 sys=0.00, real=0.00 secs] 
1310.274: [GC (Allocation Failure) [PSYoungGen: 132064K->1424K(131072K)] 472519K->341879K(831488K), 0.0018359 secs] [Times: user=0.01 sys=0.00, real=0.00 secs] 
1310.671: [GC (Allocation Failure) [PSYoungGen: 130960K->1565K(130560K)] 471415K->342020K(830976K), 0.0015305 secs] [Times: user=0.01 sys=0.00, real=0.00 secs] 
1310.897: [GC (Allocation Failure) [PSYoungGen: 130077K->544K(128512K)] 470532K->342023K(828928K), 0.0017075 secs] [Times: user=0.01 sys=0.00, real=0.00 secs] 
1311.430: [GC (Allocation Failure) [PSYoungGen: 128032K->1456K(128000K)] 469511K->342935K(828416K), 0.0019640 secs] [Times: user=0.00 sys=0.00, real=0.00 secs] 
1312.417: [GC (Allocation Failure) [PSYoungGen: 127920K->1440K(126976K)] 469399K->342919K(827392K), 0.0043818 secs] [Times: user=0.01 sys=0.00, real=0.00 secs] 
1313.332: [GC (Allocation Failure) [PSYoungGen: 126880K->1504K(125952K)] 468359K->342983K(826368K), 0.0022862 secs] [Times: user=0.01 sys=0.01, real=0.00 secs] 
1313.570: [GC (Allocation Failure) [PSYoungGen: 125920K->1565K(125440K)] 467399K->343044K(825856K), 0.0019051 secs] [Times: user=0.01 sys=0.00, real=0.00 secs] 
1313.883: [GC (Allocation Failure) [PSYoungGen: 124957K->1504K(123904K)] 466436K->342983K(824320K), 0.0020280 secs] [Times: user=0.01 sys=0.00, real=0.00 secs] 
1314.655: [GC (Allocation Failure) [PSYoungGen: 123872K->1392K(122880K)] 465351K->342871K(823296K), 0.0020390 secs] [Times: user=0.01 sys=0.00, real=0.01 secs] 
1315.666: [GC (Allocation Failure) [PSYoungGen: 122736K->1440K(121856K)] 464215K->342919K(822272K), 0.0021423 secs] [Times: user=0.01 sys=0.00, real=0.01 secs] 
1315.983: [GC (Allocation Failure) [PSYoungGen: 121760K->1533K(120832K)] 463239K->343060K(821248K), 0.0017250 secs] [Times: user=0.01 sys=0.00, real=0.00 secs] 
1316.194: [GC (Allocation Failure) [PSYoungGen: 120829K->1533K(119808K)] 462356K->343084K(820224K), 0.0018347 secs] [Times: user=0.00 sys=0.00, real=0.00 secs] 
1317.245: [GC (Allocation Failure) [PSYoungGen: 119805K->1408K(118784K)] 461356K->342959K(819200K), 0.0020283 secs] [Times: user=0.01 sys=0.00, real=0.01 secs] 
1318.977: [GC (Allocation Failure) [PSYoungGen: 118656K->1408K(117760K)] 460207K->342959K(818176K), 0.0026618 secs] [Times: user=0.01 sys=0.00, real=0.00 secs] 
1319.831: [GC (Allocation Failure) [PSYoungGen: 117632K->1472K(117248K)] 459183K->343023K(817664K), 0.0020710 secs] [Times: user=0.01 sys=0.00, real=0.00 secs] 
1320.045: [GC (Allocation Failure) [PSYoungGen: 117184K->1565K(117248K)] 458735K->343116K(817664K), 0.0017240 secs] [Times: user=0.01 sys=0.00, real=0.01 secs] 
1320.329: [GC (Allocation Failure) [PSYoungGen: 116765K->480K(115200K)] 458316K->343055K(815616K), 0.0021127 secs] [Times: user=0.01 sys=0.00, real=0.00 secs] 
1320.806: [GC (Allocation Failure) [PSYoungGen: 115168K->352K(114688K)] 457743K->342927K(815104K), 0.0018683 secs] [Times: user=0.01 sys=0.00, real=0.01 secs] 
1321.280: [GC (Allocation Failure) [PSYoungGen: 114528K->368K(114176K)] 457103K->342943K(814592K), 0.0020337 secs] [Times: user=0.01 sys=0.00, real=0.00 secs] 
1321.646: [GC (Allocation Failure) [PSYoungGen: 114032K->1565K(115712K)] 456607K->344140K(816128K), 0.0016211 secs] [Times: user=0.01 sys=0.00, real=0.01 secs] 
1321.845: [GC (Allocation Failure) [PSYoungGen: 114717K->1565K(122880K)] 457292K->344140K(823296K), 0.0016972 secs] [Times: user=0.01 sys=0.00, real=0.01 secs] 
1322.216: [GC (Allocation Failure) [PSYoungGen: 122397K->1456K(121344K)] 464972K->344031K(821760K), 0.0020763 secs] [Times: user=0.01 sys=0.00, real=0.01 secs] 
1322.714: [GC (Allocation Failure) [PSYoungGen: 121264K->1424K(120320K)] 463839K->343999K(820736K), 0.0019593 secs] [Times: user=0.01 sys=0.00, real=0.00 secs] 
1323.211: [GC (Allocation Failure) [PSYoungGen: 120208K->1437K(119296K)] 462783K->344012K(819712K), 0.0019362 secs] [Times: user=0.00 sys=0.00, real=0.00 secs] 
1323.427: [GC (Allocation Failure) [PSYoungGen: 119197K->1565K(118784K)] 461772K->344140K(819200K), 0.0017081 secs] [Times: user=0.00 sys=0.00, real=0.00 secs] 
1323.685: [GC (Allocation Failure) [PSYoungGen: 118301K->1552K(126976K)] 460876K->344127K(827392K), 0.0024000 secs] [Times: user=0.01 sys=0.00, real=0.01 secs] 
1326.148: [GC (Allocation Failure) [PSYoungGen: 126480K->1472K(125440K)] 469055K->344047K(825856K), 0.0034314 secs] [Times: user=0.01 sys=0.00, real=0.00 secs] 
1327.532: [GC (Allocation Failure) [PSYoungGen: 125376K->1392K(124416K)] 467951K->343983K(824832K), 0.0033123 secs] [Times: user=0.01 sys=0.00, real=0.00 secs] 
1328.237: [GC (Allocation Failure) [PSYoungGen: 124272K->1533K(123392K)] 466863K->344140K(823808K), 0.0017856 secs] [Times: user=0.00 sys=0.00, real=0.00 secs] 
1328.452: [GC (Allocation Failure) [PSYoungGen: 123389K->1552K(122880K)] 465996K->344159K(823296K), 0.0017832 secs] [Times: user=0.01 sys=0.00, real=0.00 secs] 
1329.164: [GC (Allocation Failure) [PSYoungGen: 122384K->1440K(121344K)] 464991K->344047K(821760K), 0.0021111 secs] [Times: user=0.01 sys=0.00, real=0.00 secs] 
1329.979: [GC (Allocation Failure) [PSYoungGen: 121248K->1392K(120320K)] 463855K->343999K(820736K), 0.0022355 secs] [Times: user=0.01 sys=0.00, real=0.00 secs] 
1330.599: [GC (Allocation Failure) [PSYoungGen: 120176K->1485K(119296K)] 462783K->344092K(819712K), 0.0028533 secs] [Times: user=0.01 sys=0.00, real=0.00 secs] 
1330.871: [GC (Allocation Failure) [PSYoungGen: 119245K->1613K(118784K)] 461852K->344220K(819200K), 0.0017661 secs] [Times: user=0.01 sys=0.00, real=0.00 secs] 
1331.077: [GC (Allocation Failure) [PSYoungGen: 118349K->509K(116224K)] 460956K->344140K(816640K), 0.0017540 secs] [Times: user=0.00 sys=0.00, real=0.01 secs] 
1331.632: [GC (Allocation Failure) [PSYoungGen: 116221K->1408K(117760K)] 459852K->345039K(818176K), 0.0021439 secs] [Times: user=0.01 sys=0.00, real=0.00 secs] 
1332.111: [GC (Allocation Failure) [PSYoungGen: 116608K->1376K(116224K)] 460239K->345015K(816640K), 0.0020504 secs] [Times: user=0.00 sys=0.00, real=0.00 secs] 
1332.576: [GC (Allocation Failure) [PSYoungGen: 116064K->1469K(115712K)] 459703K->345108K(816128K), 0.0025339 secs] [Times: user=0.00 sys=0.00, real=0.01 secs] 
1332.807: [GC (Allocation Failure) [PSYoungGen: 115645K->1517K(115200K)] 459284K->345196K(815616K), 0.0016363 secs] [Times: user=0.01 sys=0.00, real=0.00 secs] 
1333.706: [GC (Allocation Failure) [PSYoungGen: 115181K->1472K(114688K)] 458860K->345151K(815104K), 0.0037557 secs] [Times: user=0.01 sys=0.00, real=0.01 secs] 
1334.192: [GC (Allocation Failure) [PSYoungGen: 114624K->1408K(114176K)] 458303K->345087K(814592K), 0.0020158 secs] [Times: user=0.01 sys=0.00, real=0.00 secs] 
1334.666: [GC (Allocation Failure) [PSYoungGen: 114048K->1376K(113664K)] 457727K->345063K(814080K), 0.0022879 secs] [Times: user=0.01 sys=0.00, real=0.01 secs] 
1334.954: [GC (Allocation Failure) [PSYoungGen: 113504K->1501K(113152K)] 457191K->345220K(813568K), 0.0015809 secs] [Times: user=0.01 sys=0.00, real=0.00 secs] 
1335.182: [GC (Allocation Failure) [PSYoungGen: 113117K->1520K(120832K)] 456836K->345239K(821248K), 0.0022674 secs] [Times: user=0.01 sys=0.00, real=0.00 secs] 
1337.020: [GC (Allocation Failure) [PSYoungGen: 120816K->1424K(119808K)] 464535K->345143K(820224K), 0.0044586 secs] [Times: user=0.01 sys=0.00, real=0.00 secs] 
1338.432: [GC (Allocation Failure) [PSYoungGen: 119696K->1408K(118784K)] 463415K->345135K(819200K), 0.0023114 secs] [Times: user=0.01 sys=0.01, real=0.00 secs] 
1339.386: [GC (Allocation Failure) [PSYoungGen: 118656K->1408K(117760K)] 462383K->345143K(818176K), 0.0026630 secs] [Times: user=0.01 sys=0.00, real=0.01 secs] 
1339.642: [GC (Allocation Failure) [PSYoungGen: 117632K->1565K(117760K)] 461367K->345300K(818176K), 0.0017278 secs] [Times: user=0.00 sys=0.00, real=0.00 secs] 
1339.848: [GC (Allocation Failure) [PSYoungGen: 117277K->544K(116224K)] 461012K->345303K(816640K), 0.0016953 secs] [Times: user=0.01 sys=0.00, real=0.00 secs] 
1341.343: [GC (Allocation Failure) [PSYoungGen: 115744K->1408K(116224K)] 460503K->346167K(816640K), 0.0042149 secs] [Times: user=0.02 sys=0.00, real=0.01 secs] 
1342.586: [GC (Allocation Failure) [PSYoungGen: 116096K->1392K(115712K)] 460855K->346151K(816128K), 0.0036230 secs] [Times: user=0.01 sys=0.00, real=0.01 secs] 
1343.309: [GC (Allocation Failure) [PSYoungGen: 115568K->1504K(115200K)] 460327K->346263K(815616K), 0.0020196 secs] [Times: user=0.00 sys=0.00, real=0.00 secs] 
1343.516: [GC (Allocation Failure) [PSYoungGen: 115168K->1504K(114688K)] 459927K->346303K(815104K), 0.0016134 secs] [Times: user=0.01 sys=0.00, real=0.01 secs] 
1343.807: [GC (Allocation Failure) [PSYoungGen: 114656K->1456K(114176K)] 459455K->346255K(814592K), 0.0019902 secs] [Times: user=0.01 sys=0.00, real=0.00 secs] 
1344.275: [GC (Allocation Failure) [PSYoungGen: 114096K->1408K(113664K)] 458895K->346207K(814080K), 0.0019052 secs] [Times: user=0.01 sys=0.00, real=0.01 secs] 
1344.935: [GC (Allocation Failure) [PSYoungGen: 113536K->1408K(113152K)] 458335K->346207K(813568K), 0.0022191 secs] [Times: user=0.01 sys=0.00, real=0.01 secs] 
1345.402: [GC (Allocation Failure) [PSYoungGen: 113024K->1501K(112640K)] 457823K->346300K(813056K), 0.0015309 secs] [Times: user=0.01 sys=0.00, real=0.00 secs] 
1345.599: [GC (Allocation Failure) [PSYoungGen: 112605K->1565K(112640K)] 457404K->346364K(813056K), 0.0017712 secs] [Times: user=0.01 sys=0.00, real=0.00 secs] 
1346.254: [GC (Allocation Failure) [PSYoungGen: 112157K->448K(110592K)] 456956K->346271K(811008K), 0.0021233 secs] [Times: user=0.01 sys=0.00, real=0.00 secs] 
1347.256: [GC (Allocation Failure) [PSYoungGen: 110528K->352K(111616K)] 456351K->346175K(812032K), 0.0034304 secs] [Times: user=0.01 sys=0.00, real=0.01 secs] 
1348.514: [GC (Allocation Failure) [PSYoungGen: 109920K->352K(109568K)] 455743K->346191K(809984K), 0.0044626 secs] [Times: user=0.02 sys=0.00, real=0.01 secs] 
1349.097: [GC (Allocation Failure) [PSYoungGen: 109408K->1501K(111104K)] 455247K->347340K(811520K), 0.0016493 secs] [Times: user=0.01 sys=0.00, real=0.00 secs] 
1349.289: [GC (Allocation Failure) [PSYoungGen: 110045K->1616K(110080K)] 455884K->347455K(810496K), 0.0018532 secs] [Times: user=0.00 sys=0.00, real=0.00 secs] 
1349.836: [GC (Allocation Failure) [PSYoungGen: 109648K->1440K(109056K)] 455487K->347279K(809472K), 0.0019970 secs] [Times: user=0.00 sys=0.00, real=0.01 secs] 
1350.826: [GC (Allocation Failure) [PSYoungGen: 108960K->1376K(108544K)] 454799K->347215K(808960K), 0.0022749 secs] [Times: user=0.01 sys=0.00, real=0.01 secs] 
1351.904: [GC (Allocation Failure) [PSYoungGen: 108384K->1408K(108032K)] 454223K->347247K(808448K), 0.0022722 secs] [Times: user=0.01 sys=0.00, real=0.00 secs] 
1352.433: [GC (Allocation Failure) [PSYoungGen: 107904K->1565K(108032K)] 453743K->347404K(808448K), 0.0016845 secs] [Times: user=0.01 sys=0.00, real=0.00 secs] 
1352.620: [GC (Allocation Failure) [PSYoungGen: 107549K->1581K(107520K)] 453388K->347420K(807936K), 0.0017825 secs] [Times: user=0.01 sys=0.00, real=0.00 secs] 
1352.986: [GC (Allocation Failure) [PSYoungGen: 107053K->1472K(106496K)] 452892K->347311K(806912K), 0.0026789 secs] [Times: user=0.01 sys=0.00, real=0.01 secs] 
1353.460: [GC (Allocation Failure) [PSYoungGen: 106432K->1392K(105984K)] 452271K->347231K(806400K), 0.0021300 secs] [Times: user=0.01 sys=0.00, real=0.00 secs] 
1353.895: [GC (Allocation Failure) [PSYoungGen: 105840K->1408K(105472K)] 451679K->347247K(805888K), 0.0021719 secs] [Times: user=0.01 sys=0.00, real=0.01 secs] 
1354.176: [GC (Allocation Failure) [PSYoungGen: 105344K->1549K(105472K)] 451183K->347388K(805888K), 0.0017449 secs] [Times: user=0.01 sys=0.00, real=0.01 secs] 
1354.360: [GC (Allocation Failure) [PSYoungGen: 104973K->525K(111616K)] 450812K->347388K(812032K), 0.0017534 secs] [Times: user=0.00 sys=0.00, real=0.00 secs] 
1356.010: [GC (Allocation Failure) [PSYoungGen: 111117K->1472K(111616K)] 457980K->348335K(812032K), 0.0053428 secs] [Times: user=0.02 sys=0.00, real=0.00 secs] 
1357.557: [GC (Allocation Failure) [PSYoungGen: 111552K->1408K(111104K)] 458415K->348271K(811520K), 0.0036690 secs] [Times: user=0.01 sys=0.00, real=0.00 secs] 
1359.265: [GC (Allocation Failure) [PSYoungGen: 110976K->1376K(110592K)] 457839K->348255K(811008K), 0.0045290 secs] [Times: user=0.02 sys=0.00, real=0.01 secs] 
1359.892: [GC (Allocation Failure) [PSYoungGen: 110432K->1533K(110080K)] 457311K->348444K(810496K), 0.0016545 secs] [Times: user=0.01 sys=0.00, real=0.00 secs] 
1360.086: [GC (Allocation Failure) [PSYoungGen: 110077K->1613K(110080K)] 456988K->348524K(810496K), 0.0018212 secs] [Times: user=0.01 sys=0.00, real=0.01 secs] 
1360.597: [GC (Allocation Failure) [PSYoungGen: 109645K->448K(108032K)] 456556K->348383K(808448K), 0.0019100 secs] [Times: user=0.01 sys=0.00, real=0.00 secs] 
1361.628: [GC (Allocation Failure) [PSYoungGen: 107968K->352K(109568K)] 455903K->348287K(809984K), 0.0033884 secs] [Times: user=0.01 sys=0.00, real=0.00 secs] 
1362.564: [GC (Allocation Failure) [PSYoungGen: 107360K->304K(107008K)] 455295K->348239K(807424K), 0.0032111 secs] [Times: user=0.01 sys=0.00, real=0.01 secs] 
1363.112: [GC (Allocation Failure) [PSYoungGen: 106800K->1533K(108544K)] 454735K->349468K(808960K), 0.0020132 secs] [Times: user=0.01 sys=0.00, real=0.00 secs] 
1363.304: [GC (Allocation Failure) [PSYoungGen: 107517K->1613K(107520K)] 455452K->349548K(807936K), 0.0017313 secs] [Times: user=0.00 sys=0.00, real=0.00 secs] 
1363.961: [GC (Allocation Failure) [PSYoungGen: 107085K->1456K(114176K)] 455020K->349399K(814592K), 0.0054931 secs] [Times: user=0.02 sys=0.00, real=0.00 secs] 
1366.035: [GC (Allocation Failure) [PSYoungGen: 114096K->1376K(113664K)] 462039K->349319K(814080K), 0.0040944 secs] [Times: user=0.02 sys=0.00, real=0.01 secs] 
1367.401: [GC (Allocation Failure) [PSYoungGen: 113504K->1408K(113152K)] 461447K->349351K(813568K), 0.0036454 secs] [Times: user=0.01 sys=0.00, real=0.00 secs] 
1367.813: [GC (Allocation Failure) [PSYoungGen: 113024K->1472K(112640K)] 460967K->349415K(813056K), 0.0017770 secs] [Times: user=0.01 sys=0.00, real=0.00 secs] 
1368.011: [GC (Allocation Failure) [PSYoungGen: 112576K->1533K(112128K)] 460519K->349476K(812544K), 0.0018765 secs] [Times: user=0.00 sys=0.00, real=0.00 secs] 
1369.886: [GC (Allocation Failure) [PSYoungGen: 112125K->1472K(111616K)] 460068K->349415K(812032K), 0.0052870 secs] [Times: user=0.02 sys=0.00, real=0.01 secs] 
1371.726: [GC (Allocation Failure) [PSYoungGen: 111552K->1376K(111104K)] 459495K->349335K(811520K), 0.0030524 secs] [Times: user=0.01 sys=0.00, real=0.01 secs] 
1372.435: [GC (Allocation Failure) [PSYoungGen: 110944K->1376K(110592K)] 458903K->349335K(811008K), 0.0021374 secs] [Times: user=0.01 sys=0.00, real=0.01 secs] 
1372.835: [GC (Allocation Failure) [PSYoungGen: 110432K->1565K(110592K)] 458391K->349524K(811008K), 0.0017686 secs] [Times: user=0.00 sys=0.00, real=0.01 secs] 
1373.065: [GC (Allocation Failure) [PSYoungGen: 110109K->1504K(109568K)] 458068K->349463K(809984K), 0.0022206 secs] [Times: user=0.01 sys=0.00, real=0.01 secs] 
1373.422: [GC (Allocation Failure) [PSYoungGen: 109536K->1440K(109056K)] 457495K->349399K(809472K), 0.0021514 secs] [Times: user=0.01 sys=0.00, real=0.00 secs] 
1373.879: [GC (Allocation Failure) [PSYoungGen: 108960K->1376K(108544K)] 456919K->349335K(808960K), 0.0022912 secs] [Times: user=0.01 sys=0.00, real=0.00 secs] 
1374.432: [GC (Allocation Failure) [PSYoungGen: 108384K->1376K(108032K)] 456343K->349335K(808448K), 0.0022009 secs] [Times: user=0.01 sys=0.00, real=0.00 secs] 
1374.703: [GC (Allocation Failure) [PSYoungGen: 107872K->1517K(107520K)] 455831K->349524K(807936K), 0.0015608 secs] [Times: user=0.01 sys=0.00, real=0.00 secs] 
1374.889: [GC (Allocation Failure) [PSYoungGen: 107501K->1597K(115712K)] 455508K->349604K(816128K), 0.0018519 secs] [Times: user=0.01 sys=0.01, real=0.00 secs] 
1375.511: [GC (Allocation Failure) [PSYoungGen: 115261K->416K(113664K)] 463268K->349447K(814080K), 0.0022480 secs] [Times: user=0.01 sys=0.00, real=0.00 secs] 
1376.484: [GC (Allocation Failure) [PSYoungGen: 113568K->384K(115200K)] 462599K->349415K(815616K), 0.0041050 secs] [Times: user=0.01 sys=0.00, real=0.01 secs] 
1377.525: [GC (Allocation Failure) [PSYoungGen: 113024K->1437K(113664K)] 462055K->350468K(814080K), 0.0026959 secs] [Times: user=0.01 sys=0.00, real=0.01 secs] 
1377.776: [GC (Allocation Failure) [PSYoungGen: 113565K->1536K(113664K)] 462596K->350575K(814080K), 0.0018330 secs] [Times: user=0.01 sys=0.00, real=0.01 secs] 
1377.972: [GC (Allocation Failure) [PSYoungGen: 113152K->1536K(121344K)] 462191K->350575K(821760K), 0.0016789 secs] [Times: user=0.01 sys=0.00, real=0.00 secs] 
1378.965: [GC (Allocation Failure) [PSYoungGen: 120832K->1456K(119808K)] 469871K->350495K(820224K), 0.0020480 secs] [Times: user=0.01 sys=0.00, real=0.00 secs] 
1380.594: [GC (Allocation Failure) [PSYoungGen: 119728K->1312K(118784K)] 468767K->350351K(819200K), 0.0047109 secs] [Times: user=0.02 sys=0.01, real=0.01 secs] 
1381.716: [GC (Allocation Failure) [PSYoungGen: 118560K->1472K(117760K)] 467599K->350511K(818176K), 0.0023480 secs] [Times: user=0.01 sys=0.00, real=0.01 secs] 
1382.007: [GC (Allocation Failure) [PSYoungGen: 117696K->1597K(117760K)] 466735K->350636K(818176K), 0.0017213 secs] [Times: user=0.01 sys=0.00, real=0.00 secs] 
1382.320: [GC (Allocation Failure) [PSYoungGen: 117309K->1552K(117248K)] 466348K->350591K(817664K), 0.0024839 secs] [Times: user=0.01 sys=0.00, real=0.00 secs] 
1383.330: [GC (Allocation Failure) [PSYoungGen: 116752K->1408K(116224K)] 465791K->350447K(816640K), 0.0024870 secs] [Times: user=0.01 sys=0.00, real=0.00 secs] 
1384.189: [GC (Allocation Failure) [PSYoungGen: 116096K->1408K(115712K)] 465135K->350447K(816128K), 0.0024082 secs] [Times: user=0.01 sys=0.00, real=0.00 secs] 
1384.701: [GC (Allocation Failure) [PSYoungGen: 115584K->1520K(115200K)] 464623K->350559K(815616K), 0.0015412 secs] [Times: user=0.01 sys=0.00, real=0.00 secs] 
1384.906: [GC (Allocation Failure) [PSYoungGen: 115184K->1581K(115200K)] 464223K->350636K(815616K), 0.0017244 secs] [Times: user=0.01 sys=0.00, real=0.01 secs] 
1386.556: [GC (Allocation Failure) [PSYoungGen: 114733K->448K(113152K)] 463788K->350527K(813568K), 0.0042797 secs] [Times: user=0.02 sys=0.00, real=0.01 secs] 
1387.576: [GC (Allocation Failure) [PSYoungGen: 113088K->352K(114688K)] 463167K->350431K(815104K), 0.0027653 secs] [Times: user=0.00 sys=0.01, real=0.01 secs] 
1388.584: [GC (Allocation Failure) [PSYoungGen: 112480K->352K(112128K)] 462559K->350431K(812544K), 0.0029909 secs] [Times: user=0.01 sys=0.00, real=0.00 secs] 
1388.950: [GC (Allocation Failure) [PSYoungGen: 111968K->1517K(113664K)] 462047K->351604K(814080K), 0.0016006 secs] [Times: user=0.00 sys=0.00, real=0.00 secs] 
1389.191: [GC (Allocation Failure) [PSYoungGen: 112621K->1568K(112640K)] 462708K->351655K(813056K), 0.0023467 secs] [Times: user=0.00 sys=0.00, real=0.00 secs] 
1390.291: [GC (Allocation Failure) [PSYoungGen: 112160K->1472K(111616K)] 462247K->351559K(812032K), 0.0046876 secs] [Times: user=0.02 sys=0.00, real=0.00 secs] 
1392.242: [GC (Allocation Failure) [PSYoungGen: 111552K->1376K(111104K)] 461639K->351463K(811520K), 0.0049997 secs] [Times: user=0.02 sys=0.00, real=0.01 secs] 
1393.531: [GC (Allocation Failure) [PSYoungGen: 110944K->1440K(110592K)] 461031K->351527K(811008K), 0.0026065 secs] [Times: user=0.01 sys=0.00, real=0.00 secs] 
1393.774: [GC (Allocation Failure) [PSYoungGen: 110496K->1536K(110592K)] 460583K->351623K(811008K), 0.0017398 secs] [Times: user=0.01 sys=0.00, real=0.00 secs] 
1393.968: [GC (Allocation Failure) [PSYoungGen: 110080K->1568K(110080K)] 460167K->351655K(810496K), 0.0017574 secs] [Times: user=0.01 sys=0.00, real=0.00 secs] 
1394.364: [GC (Allocation Failure) [PSYoungGen: 109600K->1440K(109056K)] 459687K->351527K(809472K), 0.0019057 secs] [Times: user=0.01 sys=0.00, real=0.00 secs] 
1394.811: [GC (Allocation Failure) [PSYoungGen: 108960K->1408K(108544K)] 459047K->351495K(808960K), 0.0019561 secs] [Times: user=0.01 sys=0.00, real=0.00 secs] 
1395.280: [GC (Allocation Failure) [PSYoungGen: 108416K->1405K(108032K)] 458503K->351492K(808448K), 0.0032955 secs] [Times: user=0.01 sys=0.00, real=0.00 secs] 
1395.567: [GC (Allocation Failure) [PSYoungGen: 107901K->1568K(108032K)] 457988K->351655K(808448K), 0.0017403 secs] [Times: user=0.00 sys=0.00, real=0.00 secs] 
1395.753: [GC (Allocation Failure) [PSYoungGen: 107552K->1584K(115712K)] 457639K->351671K(816128K), 0.0017080 secs] [Times: user=0.00 sys=0.00, real=0.00 secs] 
1396.280: [GC (Allocation Failure) [PSYoungGen: 115248K->1472K(123392K)] 465335K->351559K(823808K), 0.0031083 secs] [Times: user=0.01 sys=0.00, real=0.00 secs] 
1397.236: [GC (Allocation Failure) [PSYoungGen: 123328K->1344K(122368K)] 473415K->351447K(822784K), 0.0029482 secs] [Times: user=0.01 sys=0.00, real=0.01 secs] 
1398.066: [GC (Allocation Failure) [PSYoungGen: 122176K->1453K(121344K)] 472279K->351556K(821760K), 0.0027393 secs] [Times: user=0.01 sys=0.00, real=0.01 secs] 
1398.290: [GC (Allocation Failure) [PSYoungGen: 121261K->1533K(120320K)] 471364K->351692K(820736K), 0.0017235 secs] [Times: user=0.01 sys=0.00, real=0.00 secs] 
1398.568: [GC (Allocation Failure) [PSYoungGen: 120317K->1504K(128512K)] 470476K->351663K(828928K), 0.0020732 secs] [Times: user=0.00 sys=0.00, real=0.00 secs] 
1399.096: [GC (Allocation Failure) [PSYoungGen: 128480K->1376K(127488K)] 478639K->351535K(827904K), 0.0017599 secs] [Times: user=0.01 sys=0.00, real=0.01 secs] 
1399.619: [GC (Allocation Failure) [PSYoungGen: 127328K->1376K(126464K)] 477487K->351535K(826880K), 0.0019365 secs] [Times: user=0.00 sys=0.00, real=0.00 secs] 
1399.904: [GC (Allocation Failure) [PSYoungGen: 126304K->1517K(125440K)] 476463K->351716K(825856K), 0.0017203 secs] [Times: user=0.00 sys=0.00, real=0.00 secs] 
1400.121: [GC (Allocation Failure) [PSYoungGen: 125421K->1552K(134144K)] 475620K->351751K(834560K), 0.0018108 secs] [Times: user=0.01 sys=0.00, real=0.00 secs] 
1402.015: [GC (Allocation Failure) [PSYoungGen: 133648K->448K(131584K)] 483847K->351671K(832000K), 0.0028900 secs] [Times: user=0.01 sys=0.00, real=0.01 secs] 
1403.612: [GC (Allocation Failure) [PSYoungGen: 131520K->352K(130560K)] 482743K->351575K(830976K), 0.0030646 secs] [Times: user=0.01 sys=0.00, real=0.00 secs] 
1404.225: [GC (Allocation Failure) [PSYoungGen: 130400K->1549K(131072K)] 481623K->352772K(831488K), 0.0017160 secs] [Times: user=0.00 sys=0.00, real=0.00 secs] 
1404.454: [GC (Allocation Failure) [PSYoungGen: 130573K->1581K(130048K)] 481796K->352804K(830464K), 0.0019588 secs] [Times: user=0.01 sys=0.00, real=0.00 secs] 
1404.967: [GC (Allocation Failure) [PSYoungGen: 129581K->1440K(128512K)] 480804K->352663K(828928K), 0.0019001 secs] [Times: user=0.01 sys=0.00, real=0.00 secs] 
1405.602: [GC (Allocation Failure) [PSYoungGen: 128416K->1344K(127488K)] 479639K->352567K(827904K), 0.0020432 secs] [Times: user=0.01 sys=0.00, real=0.00 secs] 
1405.994: [GC (Allocation Failure) [PSYoungGen: 127296K->1520K(126464K)] 478519K->352759K(826880K), 0.0018036 secs] [Times: user=0.01 sys=0.00, real=0.00 secs] 
1406.214: [GC (Allocation Failure) [PSYoungGen: 126448K->1597K(125952K)] 477687K->352836K(826368K), 0.0017483 secs] [Times: user=0.00 sys=0.00, real=0.00 secs] 
1406.586: [GC (Allocation Failure) [PSYoungGen: 125501K->464K(123392K)] 476740K->352751K(823808K), 0.0020042 secs] [Times: user=0.01 sys=0.00, real=0.01 secs] 
1407.161: [GC (Allocation Failure) [PSYoungGen: 123344K->320K(124416K)] 475631K->352615K(824832K), 0.0019075 secs] [Times: user=0.01 sys=0.00, real=0.00 secs] 
1408.118: [GC (Allocation Failure) [PSYoungGen: 122176K->1453K(122368K)] 474471K->353748K(822784K), 0.0024182 secs] [Times: user=0.01 sys=0.00, real=0.00 secs] 
1408.349: [GC (Allocation Failure) [PSYoungGen: 122285K->1552K(121856K)] 474580K->353847K(822272K), 0.0018239 secs] [Times: user=0.01 sys=0.00, real=0.00 secs] 
1408.563: [GC (Allocation Failure) [PSYoungGen: 121360K->1565K(130048K)] 473655K->353860K(830464K), 0.0018016 secs] [Times: user=0.00 sys=0.00, real=0.00 secs] 
1410.168: [GC (Allocation Failure) [PSYoungGen: 129565K->1408K(128512K)] 481860K->353711K(828928K), 0.0038902 secs] [Times: user=0.01 sys=0.00, real=0.00 secs] 
1411.463: [GC (Allocation Failure) [PSYoungGen: 128384K->1408K(127488K)] 480687K->353711K(827904K), 0.0036388 secs] [Times: user=0.02 sys=0.00, real=0.01 secs] 
1411.983: [GC (Allocation Failure) [PSYoungGen: 127360K->1613K(126976K)] 479663K->353916K(827392K), 0.0017189 secs] [Times: user=0.00 sys=0.00, real=0.00 secs] 
1412.205: [GC (Allocation Failure) [PSYoungGen: 126541K->1581K(125952K)] 478844K->353884K(826368K), 0.0017184 secs] [Times: user=0.01 sys=0.00, real=0.01 secs] 
1412.670: [GC (Allocation Failure) [PSYoungGen: 125485K->1440K(124416K)] 477788K->353743K(824832K), 0.0020616 secs] [Times: user=0.01 sys=0.00, real=0.00 secs] 
1413.181: [GC (Allocation Failure) [PSYoungGen: 124320K->1424K(123392K)] 476623K->353727K(823808K), 0.0019348 secs] [Times: user=0.00 sys=0.00, real=0.00 secs] 
1413.588: [GC (Allocation Failure) [PSYoungGen: 123280K->1517K(122368K)] 475583K->353820K(822784K), 0.0016562 secs] [Times: user=0.01 sys=0.00, real=0.00 secs] 
1413.804: [GC (Allocation Failure) [PSYoungGen: 122349K->1549K(121856K)] 474652K->353852K(822272K), 0.0018843 secs] [Times: user=0.01 sys=0.00, real=0.00 secs] 
1414.914: [GC (Allocation Failure) [PSYoungGen: 121357K->1440K(120320K)] 473660K->353743K(820736K), 0.0053710 secs] [Times: user=0.02 sys=0.00, real=0.01 secs] 
1415.549: [GC (Allocation Failure) [PSYoungGen: 120224K->1344K(119296K)] 472527K->353647K(819712K), 0.0020869 secs] [Times: user=0.01 sys=0.00, real=0.00 secs] 
1416.260: [GC (Allocation Failure) [PSYoungGen: 119104K->1376K(118272K)] 471407K->353695K(818688K), 0.0023226 secs] [Times: user=0.01 sys=0.00, real=0.00 secs] 
1416.555: [GC (Allocation Failure) [PSYoungGen: 118112K->1517K(117248K)] 470431K->353844K(817664K), 0.0017135 secs] [Times: user=0.01 sys=0.00, real=0.00 secs] 
1416.759: [GC (Allocation Failure) [PSYoungGen: 117229K->1581K(117248K)] 469556K->353932K(817664K), 0.0017113 secs] [Times: user=0.00 sys=0.00, real=0.00 secs] 
1418.565: [GC (Allocation Failure) [PSYoungGen: 116781K->416K(115200K)] 469132K->353791K(815616K), 0.0052682 secs] [Times: user=0.02 sys=0.00, real=0.01 secs] 
1419.513: [GC (Allocation Failure) [PSYoungGen: 115104K->304K(114688K)] 468479K->353679K(815104K), 0.0023112 secs] [Times: user=0.01 sys=0.00, real=0.00 secs] 
1420.213: [GC (Allocation Failure) [PSYoungGen: 114480K->1485K(115200K)] 467855K->354868K(815616K), 0.0020373 secs] [Times: user=0.01 sys=0.00, real=0.00 secs] 
1420.419: [GC (Allocation Failure) [PSYoungGen: 115149K->1581K(115200K)] 468532K->354964K(815616K), 0.0018464 secs] [Times: user=0.01 sys=0.00, real=0.00 secs] 
1420.618: [GC (Allocation Failure) [PSYoungGen: 114733K->1584K(122880K)] 468116K->354967K(823296K), 0.0017076 secs] [Times: user=0.00 sys=0.00, real=0.00 secs] 
1422.298: [GC (Allocation Failure) [PSYoungGen: 122416K->1424K(121344K)] 475799K->354807K(821760K), 0.0049442 secs] [Times: user=0.01 sys=0.00, real=0.00 secs] 
1423.438: [GC (Allocation Failure) [PSYoungGen: 121232K->1408K(120320K)] 474615K->354791K(820736K), 0.0029584 secs] [Times: user=0.02 sys=0.00, real=0.00 secs] 
1423.910: [GC (Allocation Failure) [PSYoungGen: 120192K->1517K(119296K)] 473575K->354900K(819712K), 0.0016546 secs] [Times: user=0.01 sys=0.00, real=0.00 secs] 
1424.120: [GC (Allocation Failure) [PSYoungGen: 119277K->1565K(118784K)] 472660K->354948K(819200K), 0.0017706 secs] [Times: user=0.01 sys=0.00, real=0.00 secs] 
1425.915: [GC (Allocation Failure) [PSYoungGen: 118301K->1424K(117248K)] 471684K->354807K(817664K), 0.0042572 secs] [Times: user=0.02 sys=0.00, real=0.01 secs] 
1426.752: [GC (Allocation Failure) [PSYoungGen: 117136K->1408K(116736K)] 470519K->354791K(817152K), 0.0021969 secs] [Times: user=0.01 sys=0.00, real=0.00 secs] 
1427.928: [GC (Allocation Failure) [PSYoungGen: 116608K->1408K(116224K)] 469991K->354791K(816640K), 0.0043715 secs] [Times: user=0.02 sys=0.00, real=0.00 secs] 
1428.237: [GC (Allocation Failure) [PSYoungGen: 116096K->1520K(115712K)] 469479K->354943K(816128K), 0.0017977 secs] [Times: user=0.01 sys=0.00, real=0.01 secs] 
1428.477: [GC (Allocation Failure) [PSYoungGen: 115696K->1520K(115200K)] 469119K->354943K(815616K), 0.0019216 secs] [Times: user=0.00 sys=0.00, real=0.00 secs] 
1428.917: [GC (Allocation Failure) [PSYoungGen: 115184K->1456K(114688K)] 468607K->354879K(815104K), 0.0021865 secs] [Times: user=0.01 sys=0.00, real=0.00 secs] 
1429.388: [GC (Allocation Failure) [PSYoungGen: 114608K->1408K(114176K)] 468031K->354847K(814592K), 0.0020812 secs] [Times: user=0.01 sys=0.00, real=0.00 secs] 
1429.810: [GC (Allocation Failure) [PSYoungGen: 114048K->1520K(113664K)] 467487K->354959K(814080K), 0.0015225 secs] [Times: user=0.01 sys=0.00, real=0.00 secs] 
1430.009: [GC (Allocation Failure) [PSYoungGen: 113648K->1613K(113664K)] 467087K->355052K(814080K), 0.0018517 secs] [Times: user=0.01 sys=0.00, real=0.00 secs] 
1430.207: [GC (Allocation Failure) [PSYoungGen: 113229K->525K(120832K)] 466668K->354988K(821248K), 0.0017486 secs] [Times: user=0.01 sys=0.00, real=0.00 secs] 
1431.312: [GC (Allocation Failure) [PSYoungGen: 120333K->1392K(120320K)] 474796K->355855K(820736K), 0.0020455 secs] [Times: user=0.01 sys=0.00, real=0.00 secs] 
1432.042: [GC (Allocation Failure) [PSYoungGen: 120176K->1344K(119296K)] 474639K->355807K(819712K), 0.0021528 secs] [Times: user=0.01 sys=0.00, real=0.00 secs] 
1432.427: [GC (Allocation Failure) [PSYoungGen: 119104K->1488K(118272K)] 473567K->355951K(818688K), 0.0017613 secs] [Times: user=0.00 sys=0.00, real=0.00 secs] 
1432.632: [GC (Allocation Failure) [PSYoungGen: 118224K->1520K(117248K)] 472687K->355991K(817664K), 0.0018350 secs] [Times: user=0.01 sys=0.00, real=0.00 secs] 
1433.323: [GC (Allocation Failure) [PSYoungGen: 117232K->1472K(116736K)] 471703K->355943K(817152K), 0.0021320 secs] [Times: user=0.01 sys=0.00, real=0.00 secs] 
1434.573: [GC (Allocation Failure) [PSYoungGen: 116672K->1408K(116224K)] 471143K->355879K(816640K), 0.0032717 secs] [Times: user=0.01 sys=0.00, real=0.00 secs] 
1435.801: [GC (Allocation Failure) [PSYoungGen: 116096K->1408K(115712K)] 470567K->355879K(816128K), 0.0052819 secs] [Times: user=0.02 sys=0.00, real=0.00 secs] 
1436.213: [GC (Allocation Failure) [PSYoungGen: 115584K->1520K(115200K)] 470055K->356015K(815616K), 0.0016878 secs] [Times: user=0.00 sys=0.00, real=0.00 secs] 
1436.415: [GC (Allocation Failure) [PSYoungGen: 115184K->1613K(115200K)] 469679K->356109K(815616K), 0.0017896 secs] [Times: user=0.00 sys=0.00, real=0.01 secs] 
1437.713: [GC (Allocation Failure) [PSYoungGen: 114765K->448K(113152K)] 469261K->355967K(813568K), 0.0023575 secs] [Times: user=0.01 sys=0.00, real=0.00 secs] 
1438.257: [GC (Allocation Failure) [PSYoungGen: 113088K->320K(112640K)] 468607K->355839K(813056K), 0.0019334 secs] [Times: user=0.01 sys=0.00, real=0.00 secs] 
1438.763: [GC (Allocation Failure) [PSYoungGen: 112448K->1453K(113152K)] 467967K->356973K(813568K), 0.0021200 secs] [Times: user=0.01 sys=0.00, real=0.00 secs] 
1438.962: [GC (Allocation Failure) [PSYoungGen: 113069K->1552K(113152K)] 468589K->357071K(813568K), 0.0018309 secs] [Times: user=0.01 sys=0.00, real=0.00 secs] 
1439.160: [GC (Allocation Failure) [PSYoungGen: 112656K->1584K(120832K)] 468175K->357103K(821248K), 0.0017347 secs] [Times: user=0.00 sys=0.00, real=0.00 secs] 
1440.171: [GC (Allocation Failure) [PSYoungGen: 120368K->1472K(119296K)] 475887K->356999K(819712K), 0.0025296 secs] [Times: user=0.01 sys=0.00, real=0.00 secs] 
1440.995: [GC (Allocation Failure) [PSYoungGen: 119232K->1424K(118272K)] 474759K->356951K(818688K), 0.0023499 secs] [Times: user=0.01 sys=0.00, real=0.01 secs] 
1441.435: [GC (Allocation Failure) [PSYoungGen: 118160K->1488K(117248K)] 473687K->357015K(817664K), 0.0023448 secs] [Times: user=0.00 sys=0.00, real=0.01 secs] 
1441.670: [GC (Allocation Failure) [PSYoungGen: 117200K->1552K(117248K)] 472727K->357079K(817664K), 0.0017660 secs] [Times: user=0.00 sys=0.00, real=0.00 secs] 
1442.939: [GC (Allocation Failure) [PSYoungGen: 116752K->1456K(116224K)] 472279K->356983K(816640K), 0.0051439 secs] [Times: user=0.02 sys=0.01, real=0.00 secs] 
1445.660: [GC (Allocation Failure) [PSYoungGen: 116144K->1360K(115712K)] 471671K->356895K(816128K), 0.0023157 secs] [Times: user=0.01 sys=0.00, real=0.00 secs] 
1446.523: [GC (Allocation Failure) [PSYoungGen: 115536K->1376K(115200K)] 471071K->356911K(815616K), 0.0022753 secs] [Times: user=0.01 sys=0.00, real=0.00 secs] 
1446.951: [GC (Allocation Failure) [PSYoungGen: 115040K->1520K(114688K)] 470575K->357055K(815104K), 0.0015806 secs] [Times: user=0.01 sys=0.00, real=0.00 secs] 
1447.151: [GC (Allocation Failure) [PSYoungGen: 114672K->1568K(114688K)] 470207K->357103K(815104K), 0.0016939 secs] [Times: user=0.00 sys=0.00, real=0.00 secs] 
1448.202: [GC (Allocation Failure) [PSYoungGen: 114208K->448K(112640K)] 469743K->357007K(813056K), 0.0045425 secs] [Times: user=0.02 sys=0.00, real=0.00 secs] 
1449.590: [GC (Allocation Failure) [PSYoungGen: 112576K->368K(112128K)] 469135K->356943K(812544K), 0.0034913 secs] [Times: user=0.01 sys=0.00, real=0.00 secs] 
1451.107: [GC (Allocation Failure) [PSYoungGen: 111984K->1437K(112640K)] 468559K->358013K(813056K), 0.0044285 secs] [Times: user=0.01 sys=0.00, real=0.01 secs] 
1451.423: [GC (Allocation Failure) [PSYoungGen: 112541K->1536K(112640K)] 469117K->358111K(813056K), 0.0018173 secs] [Times: user=0.01 sys=0.00, real=0.00 secs] 
1451.619: [GC (Allocation Failure) [PSYoungGen: 112128K->1581K(112128K)] 468703K->358157K(812544K), 0.0017702 secs] [Times: user=0.01 sys=0.00, real=0.00 secs] 
1452.139: [GC (Allocation Failure) [PSYoungGen: 111661K->1456K(111104K)] 468237K->358031K(811520K), 0.0021736 secs] [Times: user=0.01 sys=0.00, real=0.00 secs] 
1453.054: [GC (Allocation Failure) [PSYoungGen: 111024K->1376K(110592K)] 467599K->357967K(811008K), 0.0029584 secs] [Times: user=0.02 sys=0.00, real=0.01 secs] 
1454.307: [GC (Allocation Failure) [PSYoungGen: 110432K->1424K(110080K)] 467023K->358015K(810496K), 0.0028036 secs] [Times: user=0.01 sys=0.00, real=0.01 secs] 
1454.622: [GC (Allocation Failure) [PSYoungGen: 109968K->1584K(110080K)] 466559K->358175K(810496K), 0.0016621 secs] [Times: user=0.00 sys=0.00, real=0.00 secs] 
1454.812: [GC (Allocation Failure) [PSYoungGen: 109616K->1501K(109056K)] 466207K->358093K(809472K), 0.0017778 secs] [Times: user=0.00 sys=0.00, real=0.00 secs] 
1455.249: [GC (Allocation Failure) [PSYoungGen: 109021K->1408K(108544K)] 465613K->358007K(808960K), 0.0024396 secs] [Times: user=0.00 sys=0.01, real=0.00 secs] 
1455.787: [GC (Allocation Failure) [PSYoungGen: 108416K->1408K(108032K)] 465015K->358015K(808448K), 0.0020941 secs] [Times: user=0.01 sys=0.00, real=0.00 secs] 
1456.599: [GC (Allocation Failure) [PSYoungGen: 107904K->1437K(107520K)] 464511K->358045K(807936K), 0.0023682 secs] [Times: user=0.01 sys=0.00, real=0.00 secs] 
1456.821: [GC (Allocation Failure) [PSYoungGen: 107421K->1584K(107520K)] 464029K->358191K(807936K), 0.0017294 secs] [Times: user=0.00 sys=0.00, real=0.00 secs] 
1457.008: [GC (Allocation Failure) [PSYoungGen: 107056K->560K(114176K)] 463663K->358191K(814592K), 0.0017335 secs] [Times: user=0.01 sys=0.00, real=0.00 secs] 
1458.106: [GC (Allocation Failure) [PSYoungGen: 113712K->1424K(114176K)] 471343K->359071K(814592K), 0.0034705 secs] [Times: user=0.01 sys=0.00, real=0.01 secs] 
1459.555: [GC (Allocation Failure) [PSYoungGen: 114064K->1408K(113664K)] 471711K->359063K(814080K), 0.0040356 secs] [Times: user=0.01 sys=0.00, real=0.01 secs] 
1460.384: [GC (Allocation Failure) [PSYoungGen: 113536K->1456K(113152K)] 471191K->359111K(813568K), 0.0022069 secs] [Times: user=0.01 sys=0.00, real=0.00 secs] 
1460.599: [GC (Allocation Failure) [PSYoungGen: 113072K->1520K(112640K)] 470727K->359215K(813056K), 0.0016643 secs] [Times: user=0.01 sys=0.00, real=0.00 secs] 
1460.794: [GC (Allocation Failure) [PSYoungGen: 112624K->1581K(120832K)] 470319K->359277K(821248K), 0.0017964 secs] [Times: user=0.01 sys=0.00, real=0.00 secs] 
1461.657: [GC (Allocation Failure) [PSYoungGen: 120365K->416K(118272K)] 478061K->359135K(818688K), 0.0020427 secs] [Times: user=0.01 sys=0.00, real=0.00 secs] 
1462.215: [GC (Allocation Failure) [PSYoungGen: 118176K->352K(119296K)] 476895K->359071K(819712K), 0.0023974 secs] [Times: user=0.01 sys=0.00, real=0.01 secs] 
1462.745: [GC (Allocation Failure) [PSYoungGen: 117088K->1485K(117248K)] 475807K->360205K(817664K), 0.0017271 secs] [Times: user=0.01 sys=0.00, real=0.01 secs] 
1462.949: [GC (Allocation Failure) [PSYoungGen: 117197K->1552K(117248K)] 475917K->360271K(817664K), 0.0017485 secs] [Times: user=0.01 sys=0.00, real=0.00 secs] 
1463.412: [GC (Allocation Failure) [PSYoungGen: 116752K->1456K(116224K)] 475471K->360175K(816640K), 0.0021742 secs] [Times: user=0.01 sys=0.00, real=0.00 secs] 
1464.352: [GC (Allocation Failure) [PSYoungGen: 116144K->1408K(115712K)] 474863K->360135K(816128K), 0.0022417 secs] [Times: user=0.01 sys=0.00, real=0.00 secs] 
1464.826: [GC (Allocation Failure) [PSYoungGen: 115584K->1376K(115200K)] 474311K->360103K(815616K), 0.0021751 secs] [Times: user=0.01 sys=0.00, real=0.01 secs] 
1465.211: [GC (Allocation Failure) [PSYoungGen: 115040K->1552K(115200K)] 473767K->360279K(815616K), 0.0022892 secs] [Times: user=0.01 sys=0.00, real=0.00 secs] 
1465.480: [GC (Allocation Failure) [PSYoungGen: 114704K->1565K(114688K)] 473431K->360293K(815104K), 0.0020531 secs] [Times: user=0.01 sys=0.00, real=0.00 secs] 
1466.006: [GC (Allocation Failure) [PSYoungGen: 114205K->1440K(113664K)] 472933K->360167K(814080K), 0.0029884 secs] [Times: user=0.01 sys=0.00, real=0.01 secs] 
1467.040: [GC (Allocation Failure) [PSYoungGen: 113568K->1392K(113152K)] 472295K->360143K(813568K), 0.0026536 secs] [Times: user=0.01 sys=0.00, real=0.00 secs] 
1468.123: [GC (Allocation Failure) [PSYoungGen: 113008K->1376K(112640K)] 471759K->360127K(813056K), 0.0045147 secs] [Times: user=0.02 sys=0.00, real=0.01 secs] 
1468.428: [GC (Allocation Failure) [PSYoungGen: 112480K->1520K(112128K)] 471231K->360341K(812544K), 0.0016577 secs] [Times: user=0.00 sys=0.00, real=0.00 secs] 
1468.624: [GC (Allocation Failure) [PSYoungGen: 112112K->1552K(112128K)] 470933K->360373K(812544K), 0.0018940 secs] [Times: user=0.00 sys=0.00, real=0.00 secs] 
1469.040: [GC (Allocation Failure) [PSYoungGen: 111632K->464K(110080K)] 470453K->360308K(810496K), 0.0025180 secs] [Times: user=0.01 sys=0.01, real=0.00 secs] 
1469.494: [GC (Allocation Failure) [PSYoungGen: 110032K->320K(111616K)] 469876K->360164K(812032K), 0.0021124 secs] [Times: user=0.01 sys=0.00, real=0.00 secs] 
1469.946: [GC (Allocation Failure) [PSYoungGen: 109376K->1421K(110080K)] 469220K->361266K(810496K), 0.0020273 secs] [Times: user=0.01 sys=0.00, real=0.01 secs] 
1470.140: [GC (Allocation Failure) [PSYoungGen: 109965K->1581K(118272K)] 469810K->361426K(818688K), 0.0017803 secs] [Times: user=0.01 sys=0.00, real=0.00 secs] 
1470.345: [GC (Allocation Failure) [PSYoungGen: 117805K->1613K(126976K)] 477650K->361458K(827392K), 0.0016977 secs] [Times: user=0.00 sys=0.00, real=0.01 secs] 
1472.368: [GC (Allocation Failure) [PSYoungGen: 126541K->1408K(125440K)] 486386K->361252K(825856K), 0.0030781 secs] [Times: user=0.01 sys=0.00, real=0.00 secs] 
1473.399: [GC (Allocation Failure) [PSYoungGen: 125312K->1376K(124416K)] 485156K->361220K(824832K), 0.0033060 secs] [Times: user=0.01 sys=0.00, real=0.00 secs] 
1474.103: [GC (Allocation Failure) [PSYoungGen: 124256K->1552K(123904K)] 484100K->361397K(824320K), 0.0017589 secs] [Times: user=0.00 sys=0.00, real=0.00 secs] 
1474.317: [GC (Allocation Failure) [PSYoungGen: 123408K->1600K(122880K)] 483253K->361445K(823296K), 0.0017263 secs] [Times: user=0.01 sys=0.00, real=0.00 secs] 
1475.426: [GC (Allocation Failure) [PSYoungGen: 122432K->1440K(121344K)] 482277K->361284K(821760K), 0.0034850 secs] [Times: user=0.01 sys=0.00, real=0.01 secs] 
1476.990: [GC (Allocation Failure) [PSYoungGen: 121248K->1408K(120320K)] 481092K->361268K(820736K), 0.0041841 secs] [Times: user=0.02 sys=0.00, real=0.00 secs] 
1478.093: [GC (Allocation Failure) [PSYoungGen: 120192K->1456K(119296K)] 480052K->361317K(819712K), 0.0029716 secs] [Times: user=0.01 sys=0.00, real=0.00 secs] 
1478.357: [GC (Allocation Failure) [PSYoungGen: 119216K->1520K(118272K)] 479077K->361466K(818688K), 0.0018879 secs] [Times: user=0.00 sys=0.00, real=0.00 secs] 
1478.563: [GC (Allocation Failure) [PSYoungGen: 118256K->1520K(128512K)] 478202K->361466K(828928K), 0.0045548 secs] [Times: user=0.02 sys=0.00, real=0.01 secs] 
1479.446: [GC (Allocation Failure) [PSYoungGen: 128496K->1440K(138240K)] 488442K->361385K(838656K), 0.0023791 secs] [Times: user=0.01 sys=0.00, real=0.01 secs] 
1480.212: [GC (Allocation Failure) [PSYoungGen: 138144K->1376K(147968K)] 498089K->361321K(848384K), 0.0025013 secs] [Times: user=0.01 sys=0.00, real=0.00 secs] 
1480.665: [GC (Allocation Failure) [PSYoungGen: 147808K->1520K(146432K)] 507753K->361514K(846848K), 0.0016924 secs] [Times: user=0.01 sys=0.00, real=0.00 secs] 
1480.979: [GC (Allocation Failure) [PSYoungGen: 146416K->2016K(145920K)] 506410K->362010K(846336K), 0.0021237 secs] [Times: user=0.01 sys=0.00, real=0.00 secs] 
1482.091: [GC (Allocation Failure) [PSYoungGen: 145888K->352K(143360K)] 505882K->361369K(843776K), 0.0023270 secs] [Times: user=0.01 sys=0.00, real=0.00 secs] 
1482.735: [GC (Allocation Failure) [PSYoungGen: 143200K->1517K(144384K)] 504217K->362535K(844800K), 0.0022300 secs] [Times: user=0.01 sys=0.00, real=0.01 secs] 
1483.000: [GC (Allocation Failure) [PSYoungGen: 143341K->1584K(142848K)] 504359K->362602K(843264K), 0.0018017 secs] [Times: user=0.01 sys=0.00, real=0.00 secs] 
1485.224: [GC (Allocation Failure) [PSYoungGen: 142384K->1520K(141312K)] 503402K->362538K(841728K), 0.0048839 secs] [Times: user=0.02 sys=0.00, real=0.01 secs] 
1486.738: [GC (Allocation Failure) [PSYoungGen: 141296K->1408K(140288K)] 502314K->362426K(840704K), 0.0025232 secs] [Times: user=0.01 sys=0.00, real=0.00 secs] 
1488.033: [GC (Allocation Failure) [PSYoungGen: 140160K->1472K(139264K)] 501178K->362490K(839680K), 0.0026643 secs] [Times: user=0.01 sys=0.00, real=0.00 secs] 
1488.309: [GC (Allocation Failure) [PSYoungGen: 139200K->1517K(138240K)] 500218K->362535K(838656K), 0.0018356 secs] [Times: user=0.01 sys=0.00, real=0.00 secs] 
1488.748: [GC (Allocation Failure) [PSYoungGen: 138221K->1472K(137216K)] 499239K->362490K(837632K), 0.0022419 secs] [Times: user=0.01 sys=0.00, real=0.00 secs] 
1489.410: [GC (Allocation Failure) [PSYoungGen: 137152K->1376K(136192K)] 498170K->362410K(836608K), 0.0019610 secs] [Times: user=0.00 sys=0.00, real=0.00 secs] 
1490.218: [GC (Allocation Failure) [PSYoungGen: 136032K->1485K(135168K)] 497066K->362519K(835584K), 0.0018843 secs] [Times: user=0.01 sys=0.00, real=0.00 secs] 
1490.453: [GC (Allocation Failure) [PSYoungGen: 135117K->1520K(134144K)] 496151K->362570K(834560K), 0.0017518 secs] [Times: user=0.01 sys=0.00, real=0.00 secs] 
1491.203: [GC (Allocation Failure) [PSYoungGen: 134128K->1456K(133120K)] 495178K->362506K(833536K), 0.0031940 secs] [Times: user=0.01 sys=0.00, real=0.00 secs] 
1492.416: [GC (Allocation Failure) [PSYoungGen: 133040K->1360K(132096K)] 494090K->362410K(832512K), 0.0025217 secs] [Times: user=0.01 sys=0.00, real=0.01 secs] 
1493.767: [GC (Allocation Failure) [PSYoungGen: 131920K->1392K(131072K)] 492970K->362442K(831488K), 0.0024757 secs] [Times: user=0.01 sys=0.00, real=0.00 secs] 
1494.038: [GC (Allocation Failure) [PSYoungGen: 130928K->1517K(130048K)] 491978K->362615K(830464K), 0.0017366 secs] [Times: user=0.01 sys=0.00, real=0.00 secs] 
1495.111: [GC (Allocation Failure) [PSYoungGen: 130029K->1472K(129024K)] 491127K->362570K(829440K), 0.0039263 secs] [Times: user=0.01 sys=0.00, real=0.00 secs] 
1496.253: [GC (Allocation Failure) [PSYoungGen: 128960K->1408K(128000K)] 490058K->362506K(828416K), 0.0023921 secs] [Times: user=0.01 sys=0.00, real=0.00 secs] 
1498.026: [GC (Allocation Failure) [PSYoungGen: 127872K->1437K(126976K)] 488970K->362535K(827392K), 0.0037454 secs] [Times: user=0.01 sys=0.00, real=0.01 secs] 
1498.344: [GC (Allocation Failure) [PSYoungGen: 126877K->1520K(125952K)] 487975K->362634K(826368K), 0.0018180 secs] [Times: user=0.01 sys=0.00, real=0.00 secs] 
1498.568: [GC (Allocation Failure) [PSYoungGen: 125936K->1581K(125440K)] 487050K->362703K(825856K), 0.0018610 secs] [Times: user=0.01 sys=0.00, real=0.00 secs] 
1499.618: [GC (Allocation Failure) [PSYoungGen: 124973K->352K(122880K)] 486095K->362498K(823296K), 0.0021934 secs] [Times: user=0.01 sys=0.00, real=0.00 secs] 
1500.127: [GC (Allocation Failure) [PSYoungGen: 122720K->288K(123392K)] 484866K->362434K(823808K), 0.0019996 secs] [Times: user=0.01 sys=0.00, real=0.00 secs] 
1500.821: [GC (Allocation Failure) [PSYoungGen: 121632K->1520K(121856K)] 483778K->363666K(822272K), 0.0018499 secs] [Times: user=0.00 sys=0.00, real=0.00 secs] 
1501.034: [GC (Allocation Failure) [PSYoungGen: 121840K->1613K(121344K)] 483986K->363759K(821760K), 0.0019096 secs] [Times: user=0.01 sys=0.00, real=0.00 secs] 
1501.677: [GC (Allocation Failure) [PSYoungGen: 120909K->1424K(119808K)] 483055K->363570K(820224K), 0.0018193 secs] [Times: user=0.00 sys=0.00, real=0.00 secs] 
1502.734: [GC (Allocation Failure) [PSYoungGen: 119696K->1376K(118784K)] 481842K->363522K(819200K), 0.0020310 secs] [Times: user=0.01 sys=0.00, real=0.00 secs] 
1503.656: [GC (Allocation Failure) [PSYoungGen: 118624K->1517K(117760K)] 480770K->363663K(818176K), 0.0016417 secs] [Times: user=0.01 sys=0.00, real=0.01 secs] 
1503.863: [GC (Allocation Failure) [PSYoungGen: 117741K->1597K(117760K)] 479887K->363743K(818176K), 0.0017465 secs] [Times: user=0.01 sys=0.00, real=0.00 secs] 
1504.069: [GC (Allocation Failure) [PSYoungGen: 117309K->557K(116224K)] 479455K->363727K(816640K), 0.0016764 secs] [Times: user=0.01 sys=0.00, real=0.00 secs] 
1505.157: [GC (Allocation Failure) [PSYoungGen: 115757K->1344K(116224K)] 478927K->364514K(816640K), 0.0021781 secs] [Times: user=0.00 sys=0.00, real=0.01 secs] 
1506.513: [GC (Allocation Failure) [PSYoungGen: 116032K->1344K(115712K)] 479202K->364514K(816128K), 0.0031777 secs] [Times: user=0.01 sys=0.01, real=0.00 secs] 
1507.544: [GC (Allocation Failure) [PSYoungGen: 115520K->1520K(115200K)] 478690K->364690K(815616K), 0.0020914 secs] [Times: user=0.00 sys=0.00, real=0.00 secs] 
1507.759: [GC (Allocation Failure) [PSYoungGen: 115184K->1520K(114688K)] 478354K->364706K(815104K), 0.0016683 secs] [Times: user=0.00 sys=0.00, real=0.00 secs] 
1508.342: [GC (Allocation Failure) [PSYoungGen: 114672K->1472K(114176K)] 477858K->364658K(814592K), 0.0021958 secs] [Times: user=0.01 sys=0.00, real=0.00 secs] 
1509.555: [GC (Allocation Failure) [PSYoungGen: 114112K->1376K(113664K)] 477298K->364562K(814080K), 0.0027938 secs] [Times: user=0.01 sys=0.00, real=0.01 secs] 
1511.051: [GC (Allocation Failure) [PSYoungGen: 113504K->1376K(113152K)] 476690K->364562K(813568K), 0.0025908 secs] [Times: user=0.01 sys=0.00, real=0.00 secs] 
1511.741: [GC (Allocation Failure) [PSYoungGen: 112992K->1520K(112640K)] 476178K->364738K(813056K), 0.0016217 secs] [Times: user=0.01 sys=0.00, real=0.00 secs] 
1511.938: [GC (Allocation Failure) [PSYoungGen: 112624K->1584K(112640K)] 475842K->364802K(813056K), 0.0019321 secs] [Times: user=0.01 sys=0.00, real=0.00 secs] 
1512.264: [GC (Allocation Failure) [PSYoungGen: 112176K->464K(110592K)] 475394K->364706K(811008K), 0.0019759 secs] [Times: user=0.01 sys=0.00, real=0.00 secs] 
1512.796: [GC (Allocation Failure) [PSYoungGen: 110544K->352K(110080K)] 474786K->364594K(810496K), 0.0019595 secs] [Times: user=0.01 sys=0.00, real=0.01 secs] 
1513.252: [GC (Allocation Failure) [PSYoungGen: 109920K->352K(109568K)] 474162K->364594K(809984K), 0.0021824 secs] [Times: user=0.00 sys=0.00, real=0.00 secs] 
1513.592: [GC (Allocation Failure) [PSYoungGen: 109408K->1517K(111104K)] 473650K->365759K(811520K), 0.0015870 secs] [Times: user=0.00 sys=0.00, real=0.00 secs] 
1513.785: [GC (Allocation Failure) [PSYoungGen: 110061K->1520K(109568K)] 474303K->365762K(809984K), 0.0018613 secs] [Times: user=0.01 sys=0.00, real=0.01 secs] 
1514.763: [GC (Allocation Failure) [PSYoungGen: 109552K->1472K(109056K)] 473794K->365714K(809472K), 0.0033554 secs] [Times: user=0.01 sys=0.00, real=0.00 secs] 
1515.885: [GC (Allocation Failure) [PSYoungGen: 108992K->1408K(108544K)] 473234K->365650K(808960K), 0.0029037 secs] [Times: user=0.01 sys=0.00, real=0.01 secs] 
1517.306: [GC (Allocation Failure) [PSYoungGen: 108416K->1376K(108032K)] 472658K->365618K(808448K), 0.0024751 secs] [Times: user=0.01 sys=0.00, real=0.01 secs] 
1517.817: [GC (Allocation Failure) [PSYoungGen: 107872K->1552K(108032K)] 472114K->365802K(808448K), 0.0017372 secs] [Times: user=0.01 sys=0.00, real=0.00 secs] 
1518.039: [GC (Allocation Failure) [PSYoungGen: 107536K->1584K(107520K)] 471786K->365834K(807936K), 0.0022124 secs] [Times: user=0.01 sys=0.00, real=0.00 secs] 
1518.405: [GC (Allocation Failure) [PSYoungGen: 107056K->1488K(106496K)] 471306K->365738K(806912K), 0.0022871 secs] [Times: user=0.01 sys=0.00, real=0.01 secs] 
1518.842: [GC (Allocation Failure) [PSYoungGen: 106448K->1424K(105984K)] 470698K->365674K(806400K), 0.0020910 secs] [Times: user=0.01 sys=0.00, real=0.00 secs] 
1519.276: [GC (Allocation Failure) [PSYoungGen: 105872K->1408K(105472K)] 470122K->365658K(805888K), 0.0021460 secs] [Times: user=0.01 sys=0.00, real=0.01 secs] 
1519.551: [GC (Allocation Failure) [PSYoungGen: 105344K->1549K(105472K)] 469594K->365799K(805888K), 0.0017875 secs] [Times: user=0.00 sys=0.00, real=0.00 secs] 
1519.737: [GC (Allocation Failure) [PSYoungGen: 104973K->1533K(112640K)] 469223K->365783K(813056K), 0.0022003 secs] [Times: user=0.01 sys=0.00, real=0.00 secs] 
1520.050: [GC (Allocation Failure) [PSYoungGen: 112637K->1472K(115712K)] 476887K->365722K(816128K), 0.0019046 secs] [Times: user=0.01 sys=0.00, real=0.00 secs] 
1520.520: [GC (Allocation Failure) [PSYoungGen: 114624K->1408K(114176K)] 478874K->365658K(814592K), 0.0019337 secs] [Times: user=0.01 sys=0.00, real=0.00 secs] 
1521.191: [GC (Allocation Failure) [PSYoungGen: 114048K->1376K(113664K)] 478298K->365626K(814080K), 0.0019813 secs] [Times: user=0.00 sys=0.00, real=0.00 secs] 
1521.586: [GC (Allocation Failure) [PSYoungGen: 113504K->1517K(113152K)] 477754K->365799K(813568K), 0.0015689 secs] [Times: user=0.01 sys=0.00, real=0.01 secs] 
1521.782: [GC (Allocation Failure) [PSYoungGen: 113133K->1533K(112640K)] 477415K->365815K(813056K), 0.0018040 secs] [Times: user=0.01 sys=0.00, real=0.00 secs] 
1522.401: [GC (Allocation Failure) [PSYoungGen: 112637K->1472K(112128K)] 476919K->365754K(812544K), 0.0019647 secs] [Times: user=0.01 sys=0.00, real=0.00 secs] 
1522.994: [GC (Allocation Failure) [PSYoungGen: 112064K->1376K(111616K)] 476346K->365658K(812032K), 0.0020770 secs] [Times: user=0.01 sys=0.00, real=0.00 secs] 
1523.452: [GC (Allocation Failure) [PSYoungGen: 111456K->1408K(111104K)] 475738K->365690K(811520K), 0.0019654 secs] [Times: user=0.01 sys=0.00, real=0.00 secs] 
1523.682: [GC (Allocation Failure) [PSYoungGen: 110976K->1565K(111104K)] 475258K->365879K(811520K), 0.0016983 secs] [Times: user=0.01 sys=0.01, real=0.00 secs] 
1523.911: [GC (Allocation Failure) [PSYoungGen: 110621K->528K(109568K)] 474935K->365866K(809984K), 0.0019391 secs] [Times: user=0.01 sys=0.00, real=0.00 secs] 
1524.324: [GC (Allocation Failure) [PSYoungGen: 109072K->1456K(109568K)] 474410K->366794K(809984K), 0.0023355 secs] [Times: user=0.01 sys=0.00, real=0.00 secs] 
1524.800: [GC (Allocation Failure) [PSYoungGen: 109488K->1376K(109056K)] 474826K->366714K(809472K), 0.0021858 secs] [Times: user=0.01 sys=0.00, real=0.00 secs] 
1525.271: [GC (Allocation Failure) [PSYoungGen: 108611K->288K(107520K)] 473949K->365626K(807936K), 0.0022363 secs] [Times: user=0.01 sys=0.00, real=0.00 secs] 
1525.474: [GC (Allocation Failure) [PSYoungGen: 107296K->1613K(108544K)] 472634K->366951K(808960K), 0.0016039 secs] [Times: user=0.00 sys=0.00, real=0.00 secs] 
1525.661: [GC (Allocation Failure) [PSYoungGen: 108109K->1520K(114176K)] 473447K->366858K(814592K), 0.0016969 secs] [Times: user=0.01 sys=0.00, real=0.00 secs] 
1527.294: [GC (Allocation Failure) [PSYoungGen: 113136K->1472K(112640K)] 478474K->366810K(813056K), 0.0037377 secs] [Times: user=0.01 sys=0.00, real=0.01 secs] 
1528.622: [GC (Allocation Failure) [PSYoungGen: 112576K->1408K(112128K)] 477914K->366746K(812544K), 0.0039058 secs] [Times: user=0.02 sys=0.00, real=0.00 secs] 
1529.571: [GC (Allocation Failure) [PSYoungGen: 112000K->1437K(111616K)] 477338K->366775K(812032K), 0.0022669 secs] [Times: user=0.01 sys=0.00, real=0.00 secs] 
1529.799: [GC (Allocation Failure) [PSYoungGen: 111517K->1581K(111616K)] 476855K->366919K(812032K), 0.0018349 secs] [Times: user=0.01 sys=0.00, real=0.00 secs] 
1529.995: [GC (Allocation Failure) [PSYoungGen: 111149K->544K(110080K)] 476487K->366906K(810496K), 0.0016150 secs] [Times: user=0.00 sys=0.00, real=0.00 secs] 
1532.062: [GC (Allocation Failure) [PSYoungGen: 109600K->1504K(110080K)] 475962K->367866K(810496K), 0.0045248 secs] [Times: user=0.02 sys=0.00, real=0.00 secs] 
1533.260: [GC (Allocation Failure) [PSYoungGen: 110048K->1344K(109568K)] 476410K->367706K(809984K), 0.0030655 secs] [Times: user=0.01 sys=0.00, real=0.00 secs] 
1534.121: [GC (Allocation Failure) [PSYoungGen: 109376K->1453K(109056K)] 475738K->367815K(809472K), 0.0025208 secs] [Times: user=0.01 sys=0.00, real=0.00 secs] 
1534.337: [GC (Allocation Failure) [PSYoungGen: 108973K->1533K(108544K)] 475335K->367935K(808960K), 0.0016471 secs] [Times: user=0.01 sys=0.00, real=0.00 secs] 
1534.527: [GC (Allocation Failure) [PSYoungGen: 108541K->1517K(108032K)] 474943K->367919K(808448K), 0.0017304 secs] [Times: user=0.00 sys=0.00, real=0.00 secs] 
1535.252: [GC (Allocation Failure) [PSYoungGen: 108013K->1392K(107520K)] 474415K->367794K(807936K), 0.0021316 secs] [Times: user=0.01 sys=0.00, real=0.00 secs] 
1536.213: [GC (Allocation Failure) [PSYoungGen: 107376K->1408K(107008K)] 473778K->367810K(807424K), 0.0025626 secs] [Times: user=0.01 sys=0.00, real=0.00 secs] 
1537.614: [GC (Allocation Failure) [PSYoungGen: 106880K->1453K(106496K)] 473282K->367855K(806912K), 0.0040895 secs] [Times: user=0.01 sys=0.00, real=0.01 secs] 
1537.917: [GC (Allocation Failure) [PSYoungGen: 106413K->1581K(106496K)] 472815K->367983K(806912K), 0.0017589 secs] [Times: user=0.00 sys=0.00, real=0.00 secs] 
1538.103: [GC (Allocation Failure) [PSYoungGen: 106029K->557K(104960K)] 472431K->367983K(805376K), 0.0017212 secs] [Times: user=0.01 sys=0.00, real=0.00 secs] 
1538.989: [GC (Allocation Failure) [PSYoungGen: 104493K->1472K(104960K)] 471919K->368898K(805376K), 0.0037413 secs] [Times: user=0.01 sys=0.00, real=0.00 secs] 
1539.940: [GC (Allocation Failure) [PSYoungGen: 104896K->1360K(104448K)] 472322K->368802K(804864K), 0.0031453 secs] [Times: user=0.02 sys=0.00, real=0.00 secs] 
1540.735: [GC (Allocation Failure) [PSYoungGen: 104272K->1376K(103936K)] 471714K->368818K(804352K), 0.0027656 secs] [Times: user=0.01 sys=0.00, real=0.01 secs] 
1541.073: [GC (Allocation Failure) [PSYoungGen: 103776K->1517K(103424K)] 471218K->368991K(803840K), 0.0016899 secs] [Times: user=0.01 sys=0.00, real=0.00 secs] 
1541.254: [GC (Allocation Failure) [PSYoungGen: 103405K->1565K(103424K)] 470879K->369039K(803840K), 0.0016982 secs] [Times: user=0.01 sys=0.00, real=0.00 secs] 
1541.748: [GC (Allocation Failure) [PSYoungGen: 102941K->432K(101376K)] 470415K->368930K(801792K), 0.0022566 secs] [Times: user=0.00 sys=0.00, real=0.00 secs] 
1542.633: [GC (Allocation Failure) [PSYoungGen: 101296K->352K(100864K)] 469794K->368850K(801280K), 0.0021662 secs] [Times: user=0.01 sys=0.00, real=0.00 secs] 
1543.103: [GC (Allocation Failure) [PSYoungGen: 100704K->352K(100864K)] 469202K->368850K(801280K), 0.0024400 secs] [Times: user=0.01 sys=0.00, real=0.00 secs] 
1543.794: [GC (Allocation Failure) [PSYoungGen: 100192K->1565K(101376K)] 468690K->370063K(801792K), 0.0017962 secs] [Times: user=0.01 sys=0.00, real=0.00 secs] 
1543.968: [GC (Allocation Failure) [PSYoungGen: 100893K->1584K(100864K)] 469391K->370082K(801280K), 0.0017136 secs] [Times: user=0.00 sys=0.00, real=0.00 secs] 
1544.144: [GC (Allocation Failure) [PSYoungGen: 100400K->1581K(101376K)] 468898K->370079K(801792K), 0.0017265 secs] [Times: user=0.00 sys=0.00, real=0.00 secs] 
1544.984: [GC (Allocation Failure) [PSYoungGen: 100397K->1472K(99840K)] 468895K->369970K(800256K), 0.0022532 secs] [Times: user=0.01 sys=0.00, real=0.00 secs] 
1545.438: [GC (Allocation Failure) [PSYoungGen: 99776K->1376K(99328K)] 468274K->369890K(799744K), 0.0021399 secs] [Times: user=0.01 sys=0.00, real=0.00 secs] 
1545.876: [GC (Allocation Failure) [PSYoungGen: 99168K->1533K(98816K)] 467682K->370047K(799232K), 0.0024545 secs] [Times: user=0.01 sys=0.00, real=0.01 secs] 
1546.063: [GC (Allocation Failure) [PSYoungGen: 98813K->1581K(98816K)] 467327K->370095K(799232K), 0.0017216 secs] [Times: user=0.01 sys=0.00, real=0.00 secs] 
1546.235: [GC (Allocation Failure) [PSYoungGen: 98349K->1565K(104448K)] 466863K->370079K(804864K), 0.0017679 secs] [Times: user=0.00 sys=0.00, real=0.00 secs] 
1546.557: [GC (Allocation Failure) [PSYoungGen: 103965K->1408K(104960K)] 472479K->369922K(805376K), 0.0018218 secs] [Times: user=0.00 sys=0.00, real=0.00 secs] 
1547.093: [GC (Allocation Failure) [PSYoungGen: 103808K->1312K(103424K)] 472322K->369826K(803840K), 0.0020640 secs] [Times: user=0.00 sys=0.00, real=0.00 secs] 
1547.766: [GC (Allocation Failure) [PSYoungGen: 103200K->1440K(102912K)] 471714K->369954K(803328K), 0.0020974 secs] [Times: user=0.01 sys=0.00, real=0.01 secs] 
1548.180: [GC (Allocation Failure) [PSYoungGen: 102816K->1581K(102912K)] 471330K->370095K(803328K), 0.0015980 secs] [Times: user=0.00 sys=0.00, real=0.00 secs] 
1548.358: [GC (Allocation Failure) [PSYoungGen: 102445K->1581K(102400K)] 470959K->370103K(802816K), 0.0017217 secs] [Times: user=0.01 sys=0.00, real=0.00 secs] 
1548.994: [GC (Allocation Failure) [PSYoungGen: 101933K->1456K(109056K)] 470455K->369978K(809472K), 0.0057860 secs] [Times: user=0.02 sys=0.00, real=0.01 secs] 
1550.837: [GC (Allocation Failure) [PSYoungGen: 108976K->1392K(108544K)] 477498K->369914K(808960K), 0.0028925 secs] [Times: user=0.01 sys=0.00, real=0.01 secs] 
1551.910: [GC (Allocation Failure) [PSYoungGen: 108400K->1328K(108032K)] 476922K->369850K(808448K), 0.0024430 secs] [Times: user=0.01 sys=0.00, real=0.00 secs] 
1552.660: [GC (Allocation Failure) [PSYoungGen: 107824K->1517K(107520K)] 476346K->370039K(807936K), 0.0021969 secs] [Times: user=0.01 sys=0.00, real=0.00 secs] 
1552.915: [GC (Allocation Failure) [PSYoungGen: 107501K->1549K(107520K)] 476023K->370071K(807936K), 0.0021514 secs] [Times: user=0.01 sys=0.00, real=0.01 secs] 
1553.158: [GC (Allocation Failure) [PSYoungGen: 107021K->1776K(107008K)] 475543K->370306K(807424K), 0.0019712 secs] [Times: user=0.01 sys=0.00, real=0.00 secs] 
1553.641: [GC (Allocation Failure) [PSYoungGen: 106736K->352K(105472K)] 475266K->369906K(805888K), 0.0020969 secs] [Times: user=0.01 sys=0.00, real=0.00 secs] 
1554.600: [GC (Allocation Failure) [PSYoungGen: 104800K->320K(104448K)] 474354K->369874K(804864K), 0.0027606 secs] [Times: user=0.01 sys=0.00, real=0.00 secs] 
1555.323: [GC (Allocation Failure) [PSYoungGen: 104256K->1517K(105472K)] 473810K->371071K(805888K), 0.0023149 secs] [Times: user=0.00 sys=0.00, real=0.00 secs] 
1555.519: [GC (Allocation Failure) [PSYoungGen: 104941K->1613K(104960K)] 474495K->371167K(805376K), 0.0016374 secs] [Times: user=0.01 sys=0.00, real=0.00 secs] 
1555.735: [GC (Allocation Failure) [PSYoungGen: 104525K->1488K(105472K)] 474079K->371042K(805888K), 0.0022494 secs] [Times: user=0.01 sys=0.00, real=0.01 secs] 
1556.607: [GC (Allocation Failure) [PSYoungGen: 104400K->1440K(103936K)] 473954K->370994K(804352K), 0.0023514 secs] [Times: user=0.01 sys=0.00, real=0.01 secs] 
1557.784: [GC (Allocation Failure) [PSYoungGen: 103840K->1344K(103936K)] 473394K->370914K(804352K), 0.0028093 secs] [Times: user=0.01 sys=0.00, real=0.01 secs] 
1558.917: [GC (Allocation Failure) [PSYoungGen: 103232K->1485K(102912K)] 472802K->371055K(803328K), 0.0029565 secs] [Times: user=0.01 sys=0.00, real=0.00 secs] 
1559.156: [GC (Allocation Failure) [PSYoungGen: 102861K->1469K(102912K)] 472431K->371039K(803328K), 0.0017218 secs] [Times: user=0.00 sys=0.00, real=0.01 secs] 
1559.341: [GC (Allocation Failure) [PSYoungGen: 102333K->1533K(101888K)] 471903K->371103K(802304K), 0.0018241 secs] [Times: user=0.01 sys=0.00, real=0.00 secs] 
1559.978: [GC (Allocation Failure) [PSYoungGen: 101885K->1504K(101376K)] 471455K->371074K(801792K), 0.0021159 secs] [Times: user=0.01 sys=0.00, real=0.00 secs] 
1560.804: [GC (Allocation Failure) [PSYoungGen: 101344K->1376K(100864K)] 470914K->370946K(801280K), 0.0023745 secs] [Times: user=0.01 sys=0.00, real=0.00 secs] 
1561.414: [GC (Allocation Failure) [PSYoungGen: 100704K->1376K(100352K)] 470274K->370946K(800768K), 0.0022493 secs] [Times: user=0.01 sys=0.00, real=0.00 secs] 
1561.683: [GC (Allocation Failure) [PSYoungGen: 100182K->1517K(99840K)] 469752K->371087K(800256K), 0.0017523 secs] [Times: user=0.01 sys=0.00, real=0.00 secs] 
1561.861: [GC (Allocation Failure) [PSYoungGen: 99821K->1504K(99328K)] 469391K->371082K(799744K), 0.0017210 secs] [Times: user=0.01 sys=0.00, real=0.00 secs] 
1562.112: [GC (Allocation Failure) [PSYoungGen: 99296K->1440K(98816K)] 468874K->371018K(799232K), 0.0019054 secs] [Times: user=0.01 sys=0.00, real=0.00 secs] 
1563.293: [GC (Allocation Failure) [PSYoungGen: 98720K->1376K(98304K)] 468298K->370954K(798720K), 0.0051973 secs] [Times: user=0.02 sys=0.00, real=0.01 secs] 
1564.362: [GC (Allocation Failure) [PSYoungGen: 98144K->1408K(97792K)] 467722K->370986K(798208K), 0.0033763 secs] [Times: user=0.01 sys=0.00, real=0.00 secs] 
1565.107: [GC (Allocation Failure) [PSYoungGen: 97664K->1453K(97280K)] 467242K->371031K(797696K), 0.0026961 secs] [Times: user=0.01 sys=0.00, real=0.00 secs] 
1565.325: [GC (Allocation Failure) [PSYoungGen: 97197K->1584K(97280K)] 466775K->371162K(797696K), 0.0017154 secs] [Times: user=0.01 sys=0.00, real=0.00 secs] 
1565.526: [GC (Allocation Failure) [PSYoungGen: 96816K->1504K(97280K)] 466394K->371090K(797696K), 0.0020603 secs] [Times: user=0.00 sys=0.00, real=0.01 secs] 
1565.869: [GC (Allocation Failure) [PSYoungGen: 97248K->1456K(97792K)] 466834K->371058K(798208K), 0.0030362 secs] [Times: user=0.01 sys=0.00, real=0.00 secs] 
1566.456: [GC (Allocation Failure) [PSYoungGen: 97200K->1376K(96768K)] 466802K->370978K(797184K), 0.0020384 secs] [Times: user=0.00 sys=0.00, real=0.01 secs] 
1567.254: [GC (Allocation Failure) [PSYoungGen: 96608K->1408K(96256K)] 466210K->371010K(796672K), 0.0030574 secs] [Times: user=0.01 sys=0.00, real=0.01 secs] 
1567.855: [GC (Allocation Failure) [PSYoungGen: 96128K->1472K(95744K)] 465730K->371074K(796160K), 0.0021075 secs] [Times: user=0.01 sys=0.01, real=0.01 secs] 
1568.081: [GC (Allocation Failure) [PSYoungGen: 95680K->1549K(95744K)] 465282K->371151K(796160K), 0.0022021 secs] [Times: user=0.01 sys=0.00, real=0.00 secs] 
1568.265: [GC (Allocation Failure) [PSYoungGen: 95245K->496K(101888K)] 464847K->371122K(802304K), 0.0016894 secs] [Times: user=0.01 sys=0.00, real=0.00 secs] 
1569.069: [GC (Allocation Failure) [PSYoungGen: 101360K->1440K(102912K)] 471986K->372066K(803328K), 0.0040511 secs] [Times: user=0.02 sys=0.00, real=0.00 secs] 
1570.307: [GC (Allocation Failure) [PSYoungGen: 102304K->1408K(101888K)] 472930K->372034K(802304K), 0.0040890 secs] [Times: user=0.02 sys=0.00, real=0.00 secs] 
1571.215: [GC (Allocation Failure) [PSYoungGen: 101760K->1501K(101376K)] 472386K->372127K(801792K), 0.0031071 secs] [Times: user=0.01 sys=0.00, real=0.01 secs] 
1571.514: [GC (Allocation Failure) [PSYoungGen: 101341K->1517K(100864K)] 471967K->372199K(801280K), 0.0017296 secs] [Times: user=0.01 sys=0.00, real=0.00 secs] 
1571.721: [GC (Allocation Failure) [PSYoungGen: 100845K->1584K(108544K)] 471527K->372274K(808960K), 0.0021587 secs] [Times: user=0.00 sys=0.00, real=0.00 secs] 
1572.233: [GC (Allocation Failure) [PSYoungGen: 108080K->1392K(108544K)] 478770K->372082K(808960K), 0.0037291 secs] [Times: user=0.01 sys=0.00, real=0.00 secs] 
1573.094: [GC (Allocation Failure) [PSYoungGen: 107888K->1408K(107520K)] 478578K->372098K(807936K), 0.0031983 secs] [Times: user=0.01 sys=0.00, real=0.01 secs] 
1573.871: [GC (Allocation Failure) [PSYoungGen: 107392K->1408K(107008K)] 478082K->372098K(807424K), 0.0016553 secs] [Times: user=0.01 sys=0.00, real=0.00 secs] 
1574.183: [GC (Allocation Failure) [PSYoungGen: 106880K->1488K(106496K)] 477570K->372178K(806912K), 0.0021109 secs] [Times: user=0.00 sys=0.00, real=0.00 secs] 
1574.373: [GC (Allocation Failure) [PSYoungGen: 106448K->1552K(107008K)] 477138K->372242K(807424K), 0.0052564 secs] [Times: user=0.02 sys=0.01, real=0.01 secs] 
1574.919: [GC (Allocation Failure) [PSYoungGen: 106512K->1472K(107008K)] 477202K->372162K(807424K), 0.0017308 secs] [Times: user=0.00 sys=0.00, real=0.00 secs] 
1575.800: [GC (Allocation Failure) [PSYoungGen: 106432K->1408K(114688K)] 477122K->372098K(815104K), 0.0027661 secs] [Times: user=0.02 sys=0.00, real=0.00 secs] 
1576.816: [GC (Allocation Failure) [PSYoungGen: 114560K->1408K(114176K)] 485250K->372114K(814592K), 0.0027667 secs] [Times: user=0.01 sys=0.00, real=0.01 secs] 
1577.396: [GC (Allocation Failure) [PSYoungGen: 114048K->1520K(113664K)] 484754K->372258K(814080K), 0.0016316 secs] [Times: user=0.01 sys=0.00, real=0.01 secs] 
1577.634: [GC (Allocation Failure) [PSYoungGen: 113648K->1549K(113664K)] 484386K->372287K(814080K), 0.0021619 secs] [Times: user=0.01 sys=0.00, real=0.00 secs] 
1579.102: [GC (Allocation Failure) [PSYoungGen: 113165K->464K(111616K)] 483903K->372226K(812032K), 0.0043971 secs] [Times: user=0.02 sys=0.00, real=0.00 secs] 
1580.277: [GC (Allocation Failure) [PSYoungGen: 111568K->368K(112640K)] 483330K->372138K(813056K), 0.0043497 secs] [Times: user=0.02 sys=0.01, real=0.00 secs] 
1581.507: [GC (Allocation Failure) [PSYoungGen: 110960K->352K(112128K)] 482730K->372122K(812544K), 0.0034827 secs] [Times: user=0.01 sys=0.00, real=0.00 secs] 
1581.861: [GC (Allocation Failure) [PSYoungGen: 110432K->1581K(111616K)] 482202K->373351K(812032K), 0.0018336 secs] [Times: user=0.00 sys=0.00, real=0.00 secs] 
1582.053: [GC (Allocation Failure) [PSYoungGen: 111149K->1552K(111104K)] 482919K->373322K(811520K), 0.0017014 secs] [Times: user=0.01 sys=0.00, real=0.00 secs] 
1582.517: [GC (Allocation Failure) [PSYoungGen: 110608K->1472K(110080K)] 482378K->373242K(810496K), 0.0020961 secs] [Times: user=0.01 sys=0.00, real=0.01 secs] 
1583.017: [GC (Allocation Failure) [PSYoungGen: 110016K->1392K(110080K)] 481786K->373162K(810496K), 0.0021152 secs] [Times: user=0.00 sys=0.00, real=0.00 secs] 
1583.548: [GC (Allocation Failure) [PSYoungGen: 109424K->1501K(109056K)] 481194K->373271K(809472K), 0.0021735 secs] [Times: user=0.01 sys=0.00, real=0.00 secs] 
1583.751: [GC (Allocation Failure) [PSYoungGen: 109021K->1581K(109056K)] 480791K->373351K(809472K), 0.0016891 secs] [Times: user=0.01 sys=0.00, real=0.00 secs] 
1583.940: [GC (Allocation Failure) [PSYoungGen: 108589K->1536K(109568K)] 480359K->373306K(809984K), 0.0017077 secs] [Times: user=0.01 sys=0.00, real=0.00 secs] 
1584.633: [GC (Allocation Failure) [PSYoungGen: 108544K->1472K(108032K)] 480314K->373258K(808448K), 0.0021626 secs] [Times: user=0.01 sys=0.00, real=0.00 secs] 
1586.030: [GC (Allocation Failure) [PSYoungGen: 107968K->1408K(107520K)] 479754K->373194K(807936K), 0.0045501 secs] [Times: user=0.02 sys=0.01, real=0.00 secs] 
1587.392: [GC (Allocation Failure) [PSYoungGen: 107392K->1392K(107008K)] 479178K->373178K(807424K), 0.0051411 secs] [Times: user=0.02 sys=0.00, real=0.01 secs] 
1587.909: [GC (Allocation Failure) [PSYoungGen: 106864K->1613K(107008K)] 478650K->373399K(807424K), 0.0018219 secs] [Times: user=0.01 sys=0.00, real=0.00 secs] 
1588.099: [GC (Allocation Failure) [PSYoungGen: 106573K->560K(105472K)] 478359K->373378K(805888K), 0.0016740 secs] [Times: user=0.00 sys=0.00, real=0.00 secs] 
1588.956: [GC (Allocation Failure) [PSYoungGen: 105008K->1440K(105472K)] 477826K->374258K(805888K), 0.0022213 secs] [Times: user=0.01 sys=0.00, real=0.01 secs] 
1589.926: [GC (Allocation Failure) [PSYoungGen: 105376K->1360K(104960K)] 478194K->374178K(805376K), 0.0039632 secs] [Times: user=0.02 sys=0.00, real=0.01 secs] 
1591.291: [GC (Allocation Failure) [PSYoungGen: 104784K->1344K(104448K)] 477602K->374162K(804864K), 0.0038247 secs] [Times: user=0.01 sys=0.00, real=0.00 secs] 
1591.740: [GC (Allocation Failure) [PSYoungGen: 104256K->1504K(103936K)] 477074K->374322K(804352K), 0.0017928 secs] [Times: user=0.01 sys=0.00, real=0.00 secs] 
1591.957: [GC (Allocation Failure) [PSYoungGen: 103904K->1552K(103936K)] 476722K->374370K(804352K), 0.0023692 secs] [Times: user=0.01 sys=0.00, real=0.00 secs] 
1592.445: [GC (Allocation Failure) [PSYoungGen: 103440K->432K(101888K)] 476258K->374290K(802304K), 0.0031583 secs] [Times: user=0.01 sys=0.00, real=0.01 secs] 
1593.379: [GC (Allocation Failure) [PSYoungGen: 101808K->320K(103424K)] 475666K->374178K(803840K), 0.0027868 secs] [Times: user=0.01 sys=0.00, real=0.00 secs] 
1594.253: [GC (Allocation Failure) [PSYoungGen: 101184K->352K(100864K)] 475042K->374210K(801280K), 0.0028156 secs] [Times: user=0.01 sys=0.00, real=0.00 secs] 
1594.789: [GC (Allocation Failure) [PSYoungGen: 100704K->1517K(102400K)] 474562K->375375K(802816K), 0.0016656 secs] [Times: user=0.01 sys=0.00, real=0.00 secs] 
1594.967: [GC (Allocation Failure) [PSYoungGen: 101357K->1565K(101376K)] 475215K->375423K(801792K), 0.0016768 secs] [Times: user=0.01 sys=0.00, real=0.00 secs] 
1595.141: [GC (Allocation Failure) [PSYoungGen: 100893K->1581K(107008K)] 474751K->375439K(807424K), 0.0016372 secs] [Times: user=0.00 sys=0.00, real=0.00 secs] 
1595.915: [GC (Allocation Failure) [PSYoungGen: 106029K->1456K(105472K)] 479887K->375314K(805888K), 0.0019782 secs] [Times: user=0.01 sys=0.00, real=0.00 secs] 
1596.515: [GC (Allocation Failure) [PSYoungGen: 105392K->1408K(104960K)] 479250K->375266K(805376K), 0.0021832 secs] [Times: user=0.01 sys=0.00, real=0.01 secs] 
1597.249: [GC (Allocation Failure) [PSYoungGen: 104832K->1517K(104448K)] 478690K->375399K(804864K), 0.0018293 secs] [Times: user=0.01 sys=0.00, real=0.00 secs] 
1597.432: [GC (Allocation Failure) [PSYoungGen: 104429K->1581K(104448K)] 478311K->375463K(804864K), 0.0017286 secs] [Times: user=0.01 sys=0.00, real=0.00 secs] 
1597.614: [GC (Allocation Failure) [PSYoungGen: 103981K->1584K(104960K)] 477863K->375466K(805376K), 0.0019728 secs] [Times: user=0.01 sys=0.01, real=0.00 secs] 
1598.559: [GC (Allocation Failure) [PSYoungGen: 104496K->1472K(103936K)] 478378K->375354K(804352K), 0.0043442 secs] [Times: user=0.02 sys=0.00, real=0.00 secs] 
1599.432: [GC (Allocation Failure) [PSYoungGen: 103872K->1376K(103936K)] 477754K->375258K(804352K), 0.0029431 secs] [Times: user=0.01 sys=0.00, real=0.00 secs] 
1600.265: [GC (Allocation Failure) [PSYoungGen: 103264K->1376K(102912K)] 477146K->375258K(803328K), 0.0024931 secs] [Times: user=0.01 sys=0.00, real=0.01 secs] 
1600.566: [GC (Allocation Failure) [PSYoungGen: 102752K->1581K(102912K)] 476634K->375463K(803328K), 0.0017644 secs] [Times: user=0.01 sys=0.00, real=0.01 secs] 
1600.744: [GC (Allocation Failure) [PSYoungGen: 102445K->1581K(102400K)] 476327K->375463K(802816K), 0.0017084 secs] [Times: user=0.01 sys=0.00, real=0.00 secs] 
1601.663: [GC (Allocation Failure) [PSYoungGen: 101933K->1440K(101376K)] 475815K->375330K(801792K), 0.0052886 secs] [Times: user=0.02 sys=0.01, real=0.01 secs] 
1602.662: [GC (Allocation Failure) [PSYoungGen: 101280K->1408K(100864K)] 475170K->375298K(801280K), 0.0035739 secs] [Times: user=0.01 sys=0.00, real=0.00 secs] 
1603.457: [GC (Allocation Failure) [PSYoungGen: 100736K->1360K(100352K)] 474626K->375250K(800768K), 0.0028235 secs] [Times: user=0.01 sys=0.00, real=0.00 secs] 
1603.886: [GC (Allocation Failure) [PSYoungGen: 100176K->1533K(99840K)] 474066K->375423K(800256K), 0.0017091 secs] [Times: user=0.01 sys=0.00, real=0.01 secs] 
1604.063: [GC (Allocation Failure) [PSYoungGen: 99837K->1517K(99328K)] 473727K->375447K(799744K), 0.0015790 secs] [Times: user=0.01 sys=0.00, real=0.00 secs] 
1604.234: [GC (Allocation Failure) [PSYoungGen: 99309K->1549K(100352K)] 473239K->375479K(800768K), 0.0017488 secs] [Times: user=0.01 sys=0.00, real=0.00 secs] 
1605.567: [GC (Allocation Failure) [PSYoungGen: 99853K->1440K(99328K)] 473783K->375370K(799744K), 0.0020569 secs] [Times: user=0.01 sys=0.00, real=0.00 secs] 
1606.651: [GC (Allocation Failure) [PSYoungGen: 99232K->1424K(98816K)] 473162K->375354K(799232K), 0.0027426 secs] [Times: user=0.01 sys=0.00, real=0.00 secs] 
1607.774: [GC (Allocation Failure) [PSYoungGen: 98704K->1469K(98304K)] 472634K->375407K(798720K), 0.0027354 secs] [Times: user=0.01 sys=0.00, real=0.00 secs] 
1608.002: [GC (Allocation Failure) [PSYoungGen: 98237K->1533K(97792K)] 472175K->375471K(798208K), 0.0017265 secs] [Times: user=0.01 sys=0.00, real=0.00 secs] 
1608.173: [GC (Allocation Failure) [PSYoungGen: 97789K->1520K(97280K)] 471727K->375527K(797696K), 0.0017042 secs] [Times: user=0.01 sys=0.00, real=0.00 secs] 
1608.655: [GC (Allocation Failure) [PSYoungGen: 97264K->1504K(96768K)] 471271K->375511K(797184K), 0.0019641 secs] [Times: user=0.01 sys=0.00, real=0.01 secs] 
1609.495: [GC (Allocation Failure) [PSYoungGen: 96736K->1376K(96256K)] 470743K->375383K(796672K), 0.0020285 secs] [Times: user=0.01 sys=0.00, real=0.01 secs] 
1610.453: [GC (Allocation Failure) [PSYoungGen: 96096K->1392K(95744K)] 470103K->375399K(796160K), 0.0019463 secs] [Times: user=0.01 sys=0.00, real=0.00 secs] 
1611.124: [GC (Allocation Failure) [PSYoungGen: 95600K->1472K(95232K)] 469607K->375479K(795648K), 0.0016933 secs] [Times: user=0.01 sys=0.00, real=0.00 secs] 
1611.292: [GC (Allocation Failure) [PSYoungGen: 95168K->1520K(94720K)] 469175K->375535K(795136K), 0.0017201 secs] [Times: user=0.01 sys=0.00, real=0.00 secs] 
1611.458: [GC (Allocation Failure) [PSYoungGen: 94704K->1520K(94208K)] 468719K->375535K(794624K), 0.0016514 secs] [Times: user=0.01 sys=0.00, real=0.00 secs] 
1611.814: [GC (Allocation Failure) [PSYoungGen: 94192K->1440K(93696K)] 468207K->375463K(794112K), 0.0018779 secs] [Times: user=0.01 sys=0.00, real=0.00 secs] 
1612.197: [GC (Allocation Failure) [PSYoungGen: 93600K->1376K(93184K)] 467623K->375399K(793600K), 0.0018607 secs] [Times: user=0.01 sys=0.00, real=0.01 secs] 
1612.640: [GC (Allocation Failure) [PSYoungGen: 93024K->1424K(92672K)] 467047K->375447K(793088K), 0.0024530 secs] [Times: user=0.01 sys=0.00, real=0.00 secs] 
1612.958: [GC (Allocation Failure) [PSYoungGen: 92560K->1517K(92160K)] 466583K->375540K(792576K), 0.0017157 secs] [Times: user=0.01 sys=0.00, real=0.00 secs] 
1613.145: [GC (Allocation Failure) [PSYoungGen: 92141K->1552K(99328K)] 466164K->375575K(799744K), 0.0021427 secs] [Times: user=0.01 sys=0.00, real=0.01 secs] 
1613.380: [GC (Allocation Failure) [PSYoungGen: 98832K->1552K(99840K)] 472855K->375575K(800256K), 0.0020704 secs] [Times: user=0.01 sys=0.00, real=0.00 secs] 
1613.817: [GC (Allocation Failure) [PSYoungGen: 99344K->1408K(99840K)] 473367K->375447K(800256K), 0.0021655 secs] [Times: user=0.01 sys=0.00, real=0.00 secs] 
1614.238: [GC (Allocation Failure) [PSYoungGen: 99200K->1408K(98816K)] 473239K->375447K(799232K), 0.0019678 secs] [Times: user=0.01 sys=0.00, real=0.00 secs] 
1614.817: [GC (Allocation Failure) [PSYoungGen: 98688K->1408K(98304K)] 472727K->375447K(798720K), 0.0026801 secs] [Times: user=0.01 sys=0.00, real=0.01 secs] 
1615.064: [GC (Allocation Failure) [PSYoungGen: 98176K->1501K(97792K)] 472215K->375540K(798208K), 0.0015684 secs] [Times: user=0.00 sys=0.00, real=0.00 secs] 
1615.235: [GC (Allocation Failure) [PSYoungGen: 97757K->1581K(105472K)] 471796K->375620K(805888K), 0.0017885 secs] [Times: user=0.01 sys=0.00, real=0.01 secs] 
1615.693: [GC (Allocation Failure) [PSYoungGen: 105005K->1440K(105472K)] 479044K->375479K(805888K), 0.0023228 secs] [Times: user=0.01 sys=0.00, real=0.00 secs] 
1616.672: [GC (Allocation Failure) [PSYoungGen: 104864K->1392K(104448K)] 478903K->375431K(804864K), 0.0026908 secs] [Times: user=0.01 sys=0.00, real=0.00 secs] 
1617.619: [GC (Allocation Failure) [PSYoungGen: 104304K->1408K(103936K)] 478343K->375447K(804352K), 0.0037947 secs] [Times: user=0.02 sys=0.00, real=0.00 secs] 
1618.303: [GC (Allocation Failure) [PSYoungGen: 103808K->1549K(103936K)] 477847K->375588K(804352K), 0.0022092 secs] [Times: user=0.00 sys=0.00, real=0.00 secs] 
1618.490: [GC (Allocation Failure) [PSYoungGen: 103437K->1533K(102912K)] 477476K->375628K(803328K), 0.0016873 secs] [Times: user=0.01 sys=0.00, real=0.00 secs] 
1618.997: [GC (Allocation Failure) [PSYoungGen: 102909K->2016K(102912K)] 477004K->376119K(803328K), 0.0025363 secs] [Times: user=0.01 sys=0.00, real=0.00 secs] 
1620.073: [GC (Allocation Failure) [PSYoungGen: 102880K->352K(100864K)] 476983K->375479K(801280K), 0.0035071 secs] [Times: user=0.01 sys=0.00, real=0.01 secs] 
1621.120: [GC (Allocation Failure) [PSYoungGen: 100704K->352K(101888K)] 475831K->375479K(802304K), 0.0029534 secs] [Times: user=0.02 sys=0.00, real=0.00 secs] 
1622.235: [GC (Allocation Failure) [PSYoungGen: 100192K->1485K(101376K)] 475319K->376612K(801792K), 0.0022789 secs] [Times: user=0.01 sys=0.00, real=0.01 secs] 
1622.437: [GC (Allocation Failure) [PSYoungGen: 100813K->1565K(100864K)] 475940K->376692K(801280K), 0.0019227 secs] [Times: user=0.01 sys=0.00, real=0.00 secs] 
1622.612: [GC (Allocation Failure) [PSYoungGen: 100381K->1552K(100352K)] 475508K->376687K(800768K), 0.0017949 secs] [Times: user=0.01 sys=0.00, real=0.00 secs] 
1623.030: [GC (Allocation Failure) [PSYoungGen: 99856K->1392K(99328K)] 474991K->376527K(799744K), 0.0021233 secs] [Times: user=0.01 sys=0.00, real=0.00 secs] 
1623.437: [GC (Allocation Failure) [PSYoungGen: 99184K->1376K(98816K)] 474319K->376511K(799232K), 0.0021104 secs] [Times: user=0.01 sys=0.00, real=0.00 secs] 
1623.841: [GC (Allocation Failure) [PSYoungGen: 98656K->1360K(98304K)] 473791K->376495K(798720K), 0.0020736 secs] [Times: user=0.01 sys=0.00, real=0.00 secs] 
1624.088: [GC (Allocation Failure) [PSYoungGen: 98128K->1517K(97792K)] 473263K->376652K(798208K), 0.0017696 secs] [Times: user=0.00 sys=0.00, real=0.00 secs] 
1624.260: [GC (Allocation Failure) [PSYoungGen: 97773K->1613K(98816K)] 472908K->376748K(799232K), 0.0018132 secs] [Times: user=0.01 sys=0.00, real=0.00 secs] 
1624.489: [GC (Allocation Failure) [PSYoungGen: 98381K->1504K(105472K)] 473516K->376639K(805888K), 0.0019995 secs] [Times: user=0.01 sys=0.00, real=0.00 secs] 
1625.095: [GC (Allocation Failure) [PSYoungGen: 104928K->1376K(104448K)] 480063K->376527K(804864K), 0.0020550 secs] [Times: user=0.01 sys=0.01, real=0.01 secs] 
1625.888: [GC (Allocation Failure) [PSYoungGen: 104288K->1408K(103936K)] 479439K->376559K(804352K), 0.0033189 secs] [Times: user=0.02 sys=0.00, real=0.00 secs] 
1626.512: [GC (Allocation Failure) [PSYoungGen: 103808K->1485K(103424K)] 478959K->376636K(803840K), 0.0021900 secs] [Times: user=0.01 sys=0.00, real=0.00 secs] 
1626.702: [GC (Allocation Failure) [PSYoungGen: 103373K->1581K(103424K)] 478524K->376732K(803840K), 0.0018459 secs] [Times: user=0.01 sys=0.00, real=0.00 secs] 
1626.881: [GC (Allocation Failure) [PSYoungGen: 102957K->1549K(103936K)] 478108K->376700K(804352K), 0.0018051 secs] [Times: user=0.01 sys=0.00, real=0.00 secs] 
1627.302: [GC (Allocation Failure) [PSYoungGen: 103437K->1376K(111104K)] 478588K->376527K(811520K), 0.0021072 secs] [Times: user=0.01 sys=0.01, real=0.00 secs] 
1627.756: [GC (Allocation Failure) [PSYoungGen: 110432K->1408K(111104K)] 485583K->376559K(811520K), 0.0029913 secs] [Times: user=0.01 sys=0.00, real=0.01 secs] 
1628.208: [GC (Allocation Failure) [PSYoungGen: 110464K->1485K(110080K)] 485615K->376636K(810496K), 0.0020927 secs] [Times: user=0.01 sys=0.00, real=0.00 secs] 
1628.471: [GC (Allocation Failure) [PSYoungGen: 110029K->1581K(118272K)] 485180K->376732K(818688K), 0.0020537 secs] [Times: user=0.01 sys=0.00, real=0.00 secs] 
1628.681: [GC (Allocation Failure) [PSYoungGen: 117805K->1520K(118272K)] 492956K->376740K(818688K), 0.0019511 secs] [Times: user=0.01 sys=0.00, real=0.00 secs] 
1629.947: [GC (Allocation Failure) [PSYoungGen: 118256K->1472K(117248K)] 493476K->376692K(817664K), 0.0043576 secs] [Times: user=0.02 sys=0.00, real=0.00 secs] 
1631.339: [GC (Allocation Failure) [PSYoungGen: 117184K->1376K(116736K)] 492404K->376596K(817152K), 0.0026094 secs] [Times: user=0.02 sys=0.00, real=0.00 secs] 
1632.168: [GC (Allocation Failure) [PSYoungGen: 116576K->1549K(116736K)] 491796K->376769K(817152K), 0.0021961 secs] [Times: user=0.01 sys=0.00, real=0.00 secs] 
1632.375: [GC (Allocation Failure) [PSYoungGen: 116237K->525K(115200K)] 491457K->376769K(815616K), 0.0017509 secs] [Times: user=0.00 sys=0.00, real=0.00 secs] 
1633.919: [GC (Allocation Failure) [PSYoungGen: 114701K->1456K(115200K)] 490945K->377700K(815616K), 0.0053100 secs] [Times: user=0.02 sys=0.00, real=0.00 secs] 
1636.022: [GC (Allocation Failure) [PSYoungGen: 115120K->1376K(114688K)] 491364K->377620K(815104K), 0.0048363 secs] [Times: user=0.02 sys=0.00, real=0.00 secs] 
1637.371: [GC (Allocation Failure) [PSYoungGen: 114528K->1360K(114176K)] 490772K->377604K(814592K), 0.0026988 secs] [Times: user=0.01 sys=0.00, real=0.00 secs] 
1637.860: [GC (Allocation Failure) [PSYoungGen: 114000K->1520K(113664K)] 490244K->377825K(814080K), 0.0017573 secs] [Times: user=0.00 sys=0.00, real=0.00 secs] 
1638.059: [GC (Allocation Failure) [PSYoungGen: 113648K->1536K(113664K)] 489953K->377841K(814080K), 0.0019472 secs] [Times: user=0.01 sys=0.00, real=0.00 secs] 
1638.759: [GC (Allocation Failure) [PSYoungGen: 113152K->432K(111616K)] 489457K->377761K(812032K), 0.0024542 secs] [Times: user=0.01 sys=0.00, real=0.00 secs] 
1639.658: [GC (Allocation Failure) [PSYoungGen: 111536K->384K(112640K)] 488865K->377729K(813056K), 0.0027434 secs] [Times: user=0.01 sys=0.00, real=0.00 secs] 
1640.536: [GC (Allocation Failure) [PSYoungGen: 110976K->320K(112128K)] 488321K->377673K(812544K), 0.0026082 secs] [Times: user=0.01 sys=0.00, real=0.01 secs] 
1640.909: [GC (Allocation Failure) [PSYoungGen: 110400K->1613K(111616K)] 487753K->378967K(812032K), 0.0019180 secs] [Times: user=0.01 sys=0.00, real=0.00 secs] 
1641.102: [GC (Allocation Failure) [PSYoungGen: 111181K->1600K(111104K)] 488535K->378953K(811520K), 0.0018673 secs] [Times: user=0.01 sys=0.00, real=0.00 secs] 
1641.466: [GC (Allocation Failure) [PSYoungGen: 110656K->1408K(110080K)] 488009K->378761K(810496K), 0.0020078 secs] [Times: user=0.01 sys=0.00, real=0.01 secs] 
1641.917: [GC (Allocation Failure) [PSYoungGen: 109952K->1344K(110080K)] 487305K->378697K(810496K), 0.0020653 secs] [Times: user=0.01 sys=0.00, real=0.00 secs] 
1642.431: [GC (Allocation Failure) [PSYoungGen: 109087K->288K(108032K)] 486441K->377641K(808448K), 0.0020240 secs] [Times: user=0.00 sys=0.01, real=0.00 secs] 
1642.635: [GC (Allocation Failure) [PSYoungGen: 107808K->1520K(109056K)] 485161K->378873K(809472K), 0.0017613 secs] [Times: user=0.01 sys=0.00, real=0.01 secs] 
1642.826: [GC (Allocation Failure) [PSYoungGen: 108528K->1581K(109568K)] 485881K->378935K(809984K), 0.0018176 secs] [Times: user=0.01 sys=0.00, real=0.01 secs] 
1644.211: [GC (Allocation Failure) [PSYoungGen: 108589K->1440K(108032K)] 485943K->378793K(808448K), 0.0053516 secs] [Times: user=0.02 sys=0.00, real=0.00 secs] 
1645.465: [GC (Allocation Failure) [PSYoungGen: 107936K->1376K(107520K)] 485289K->378729K(807936K), 0.0033967 secs] [Times: user=0.02 sys=0.00, real=0.01 secs] 
1646.668: [GC (Allocation Failure) [PSYoungGen: 107360K->1408K(107008K)] 484713K->378761K(807424K), 0.0029200 secs] [Times: user=0.02 sys=0.00, real=0.00 secs] 
1646.945: [GC (Allocation Failure) [PSYoungGen: 106880K->1597K(107008K)] 484233K->378975K(807424K), 0.0018331 secs] [Times: user=0.01 sys=0.00, real=0.01 secs] 
1647.133: [GC (Allocation Failure) [PSYoungGen: 106557K->1584K(106496K)] 483935K->378961K(806912K), 0.0016358 secs] [Times: user=0.01 sys=0.00, real=0.00 secs] 
1647.466: [GC (Allocation Failure) [PSYoungGen: 106032K->1456K(105472K)] 483409K->378833K(805888K), 0.0020063 secs] [Times: user=0.01 sys=0.00, real=0.01 secs] 
1647.987: [GC (Allocation Failure) [PSYoungGen: 105392K->1440K(104960K)] 482769K->378817K(805376K), 0.0021916 secs] [Times: user=0.01 sys=0.00, real=0.00 secs] 
1648.845: [GC (Allocation Failure) [PSYoungGen: 104864K->1440K(104448K)] 482241K->378817K(804864K), 0.0021020 secs] [Times: user=0.00 sys=0.00, real=0.01 secs] 
1649.317: [GC (Allocation Failure) [PSYoungGen: 104352K->1517K(103936K)] 481729K->378895K(804352K), 0.0022689 secs] [Times: user=0.01 sys=0.00, real=0.00 secs] 
1649.559: [GC (Allocation Failure) [PSYoungGen: 103917K->1517K(103424K)] 481295K->378895K(803840K), 0.0020163 secs] [Times: user=0.01 sys=0.00, real=0.00 secs] 
1649.886: [GC (Allocation Failure) [PSYoungGen: 103405K->1424K(102912K)] 480783K->378801K(803328K), 0.0024214 secs] [Times: user=0.00 sys=0.00, real=0.01 secs] 
1650.402: [GC (Allocation Failure) [PSYoungGen: 102800K->1344K(102400K)] 480177K->378721K(802816K), 0.0023443 secs] [Times: user=0.01 sys=0.00, real=0.00 secs] 
1650.855: [GC (Allocation Failure) [PSYoungGen: 102208K->1376K(101888K)] 479585K->378753K(802304K), 0.0021035 secs] [Times: user=0.01 sys=0.00, real=0.01 secs] 
1651.225: [GC (Allocation Failure) [PSYoungGen: 101728K->1485K(101376K)] 479105K->378863K(801792K), 0.0018151 secs] [Times: user=0.01 sys=0.00, real=0.01 secs] 
1651.406: [GC (Allocation Failure) [PSYoungGen: 101325K->1517K(100864K)] 478703K->378935K(801280K), 0.0017580 secs] [Times: user=0.00 sys=0.00, real=0.01 secs] 
1651.584: [GC (Allocation Failure) [PSYoungGen: 100845K->1552K(105984K)] 478263K->378969K(806400K), 0.0034803 secs] [Times: user=0.01 sys=0.00, real=0.01 secs] 
1654.042: [GC (Allocation Failure) [PSYoungGen: 105488K->1408K(110592K)] 482905K->378825K(811008K), 0.0043753 secs] [Times: user=0.01 sys=0.00, real=0.00 secs] 
1655.491: [GC (Allocation Failure) [PSYoungGen: 109952K->1408K(109568K)] 487369K->378825K(809984K), 0.0035498 secs] [Times: user=0.01 sys=0.00, real=0.00 secs] 
1656.725: [GC (Allocation Failure) [PSYoungGen: 109440K->1485K(109056K)] 486857K->378903K(809472K), 0.0029516 secs] [Times: user=0.01 sys=0.00, real=0.01 secs] 
1656.967: [GC (Allocation Failure) [PSYoungGen: 109005K->1613K(109056K)] 486423K->379031K(809472K), 0.0017899 secs] [Times: user=0.01 sys=0.00, real=0.00 secs] 
1657.159: [GC (Allocation Failure) [PSYoungGen: 108621K->1517K(109056K)] 486039K->378967K(809472K), 0.0018399 secs] [Times: user=0.01 sys=0.00, real=0.00 secs] 
1658.544: [GC (Allocation Failure) [PSYoungGen: 109037K->1408K(108544K)] 486487K->378857K(808960K), 0.0030777 secs] [Times: user=0.01 sys=0.00, real=0.01 secs] 
1658.986: [GC (Allocation Failure) [PSYoungGen: 108416K->1344K(108032K)] 485865K->378793K(808448K), 0.0021899 secs] [Times: user=0.01 sys=0.00, real=0.01 secs] 
1659.742: [GC (Allocation Failure) [PSYoungGen: 107833K->1485K(107520K)] 485283K->378935K(807936K), 0.0022256 secs] [Times: user=0.01 sys=0.00, real=0.00 secs] 
1659.947: [GC (Allocation Failure) [PSYoungGen: 107469K->1581K(107520K)] 484919K->379031K(807936K), 0.0017328 secs] [Times: user=0.01 sys=0.00, real=0.00 secs] 
1660.134: [GC (Allocation Failure) [PSYoungGen: 107053K->1597K(107008K)] 484503K->379047K(807424K), 0.0017846 secs] [Times: user=0.01 sys=0.00, real=0.00 secs] 
1661.132: [GC (Allocation Failure) [PSYoungGen: 106557K->368K(104960K)] 484007K->378841K(805376K), 0.0027229 secs] [Times: user=0.01 sys=0.00, real=0.00 secs] 
1662.078: [GC (Allocation Failure) [PSYoungGen: 104816K->320K(105984K)] 483289K->378793K(806400K), 0.0034147 secs] [Times: user=0.02 sys=0.00, real=0.00 secs] 
1663.178: [GC (Allocation Failure) [PSYoungGen: 104256K->1485K(105472K)] 482729K->379959K(805888K), 0.0033228 secs] [Times: user=0.01 sys=0.00, real=0.00 secs] 
1663.437: [GC (Allocation Failure) [PSYoungGen: 104909K->1581K(104960K)] 483383K->380055K(805376K), 0.0018889 secs] [Times: user=0.01 sys=0.00, real=0.01 secs] 
1663.617: [GC (Allocation Failure) [PSYoungGen: 104493K->1581K(104448K)] 482967K->380055K(804864K), 0.0016704 secs] [Times: user=0.00 sys=0.00, real=0.01 secs] 
1664.403: [GC (Allocation Failure) [PSYoungGen: 103981K->1472K(103424K)] 482455K->379945K(803840K), 0.0044988 secs] [Times: user=0.02 sys=0.00, real=0.01 secs] 
1664.944: [GC (Allocation Failure) [PSYoungGen: 103360K->1376K(102912K)] 481833K->379849K(803328K), 0.0024232 secs] [Times: user=0.01 sys=0.00, real=0.00 secs] 
1665.419: [GC (Allocation Failure) [PSYoungGen: 102752K->1376K(102400K)] 481225K->379849K(802816K), 0.0020995 secs] [Times: user=0.00 sys=0.00, real=0.00 secs] 
1665.677: [GC (Allocation Failure) [PSYoungGen: 102240K->1520K(101888K)] 480713K->379993K(802304K), 0.0017139 secs] [Times: user=0.01 sys=0.00, real=0.00 secs] 
1665.854: [GC (Allocation Failure) [PSYoungGen: 101872K->1613K(101888K)] 480345K->380087K(802304K), 0.0017613 secs] [Times: user=0.01 sys=0.00, real=0.00 secs] 
1666.605: [GC (Allocation Failure) [PSYoungGen: 101453K->464K(100352K)] 479927K->379985K(800768K), 0.0028025 secs] [Times: user=0.01 sys=0.00, real=0.01 secs] 
1668.608: [GC (Allocation Failure) [PSYoungGen: 99792K->352K(99328K)] 479313K->379873K(799744K), 0.0043825 secs] [Times: user=0.02 sys=0.00, real=0.00 secs] 
1669.449: [GC (Allocation Failure) [PSYoungGen: 99168K->320K(100352K)] 478689K->379841K(800768K), 0.0029509 secs] [Times: user=0.02 sys=0.00, real=0.00 secs] 
1670.044: [GC (Allocation Failure) [PSYoungGen: 98624K->1485K(99328K)] 478145K->381007K(799744K), 0.0023702 secs] [Times: user=0.01 sys=0.00, real=0.00 secs] 
1670.229: [GC (Allocation Failure) [PSYoungGen: 99277K->1613K(99328K)] 478799K->381135K(799744K), 0.0017632 secs] [Times: user=0.01 sys=0.00, real=0.00 secs] 
1670.400: [GC (Allocation Failure) [PSYoungGen: 98893K->1552K(99840K)] 478415K->381073K(800256K), 0.0016432 secs] [Times: user=0.00 sys=0.00, real=0.00 secs] 
1671.397: [GC (Allocation Failure) [PSYoungGen: 98832K->1424K(98304K)] 478353K->380945K(798720K), 0.0051345 secs] [Times: user=0.02 sys=0.00, real=0.00 secs] 
1672.549: [GC (Allocation Failure) [PSYoungGen: 98192K->1376K(97792K)] 477713K->380897K(798208K), 0.0049712 secs] [Times: user=0.01 sys=0.00, real=0.00 secs] 
1673.752: [GC (Allocation Failure) [PSYoungGen: 97632K->1408K(97280K)] 477153K->380929K(797696K), 0.0031235 secs] [Times: user=0.01 sys=0.00, real=0.00 secs] 
1674.295: [GC (Allocation Failure) [PSYoungGen: 97152K->1517K(96768K)] 476673K->381039K(797184K), 0.0018567 secs] [Times: user=0.01 sys=0.00, real=0.01 secs] 
1674.464: [GC (Allocation Failure) [PSYoungGen: 96749K->1597K(96768K)] 476271K->381119K(797184K), 0.0018728 secs] [Times: user=0.01 sys=0.00, real=0.00 secs] 
1674.874: [GC (Allocation Failure) [PSYoungGen: 96317K->1488K(95744K)] 475839K->381009K(796160K), 0.0020605 secs] [Times: user=0.01 sys=0.00, real=0.00 secs] 
1676.001: [GC (Allocation Failure) [PSYoungGen: 95696K->1344K(95232K)] 475217K->380865K(795648K), 0.0029530 secs] [Times: user=0.01 sys=0.00, real=0.00 secs] 
1676.788: [GC (Allocation Failure) [PSYoungGen: 95040K->1376K(94720K)] 474561K->380897K(795136K), 0.0024226 secs] [Times: user=0.01 sys=0.00, real=0.00 secs] 
1677.558: [GC (Allocation Failure) [PSYoungGen: 94560K->1453K(94208K)] 474081K->380975K(794624K), 0.0034575 secs] [Times: user=0.01 sys=0.00, real=0.00 secs] 
1677.796: [GC (Allocation Failure) [PSYoungGen: 94125K->1517K(93696K)] 473647K->381039K(794112K), 0.0018081 secs] [Times: user=0.01 sys=0.00, real=0.01 secs] 
1677.961: [GC (Allocation Failure) [PSYoungGen: 93677K->1520K(93184K)] 473199K->381049K(793600K), 0.0018457 secs] [Times: user=0.01 sys=0.00, real=0.00 secs] 
1678.248: [GC (Allocation Failure) [PSYoungGen: 93168K->1456K(98304K)] 472697K->380985K(798720K), 0.0029029 secs] [Times: user=0.01 sys=0.00, real=0.00 secs] 
1678.649: [GC (Allocation Failure) [PSYoungGen: 97712K->1360K(100864K)] 477241K->380889K(801280K), 0.0022942 secs] [Times: user=0.01 sys=0.00, real=0.00 secs] 
1679.433: [GC (Allocation Failure) [PSYoungGen: 100176K->1408K(100864K)] 479705K->380937K(801280K), 0.0045932 secs] [Times: user=0.02 sys=0.00, real=0.01 secs] 
1680.000: [GC (Allocation Failure) [PSYoungGen: 100224K->1517K(99840K)] 479753K->381047K(800256K), 0.0018932 secs] [Times: user=0.01 sys=0.00, real=0.00 secs] 
1680.235: [GC (Allocation Failure) [PSYoungGen: 99821K->1549K(99840K)] 479351K->381087K(800256K), 0.0021002 secs] [Times: user=0.00 sys=0.00, real=0.01 secs] 
1680.415: [GC (Allocation Failure) [PSYoungGen: 99341K->525K(106496K)] 478879K->381087K(806912K), 0.0018495 secs] [Times: user=0.01 sys=0.00, real=0.01 secs] 
1681.631: [GC (Allocation Failure) [PSYoungGen: 105997K->1408K(106496K)] 486559K->381969K(806912K), 0.0048473 secs] [Times: user=0.02 sys=0.00, real=0.00 secs] 
1682.722: [GC (Allocation Failure) [PSYoungGen: 106368K->1392K(105984K)] 486929K->381953K(806400K), 0.0033645 secs] [Times: user=0.02 sys=0.00, real=0.00 secs] 
1683.672: [GC (Allocation Failure) [PSYoungGen: 105840K->1469K(105472K)] 486401K->382031K(805888K), 0.0026282 secs] [Times: user=0.01 sys=0.00, real=0.00 secs] 
1683.940: [GC (Allocation Failure) [PSYoungGen: 105405K->1552K(105472K)] 485967K->382121K(805888K), 0.0017742 secs] [Times: user=0.01 sys=0.00, real=0.00 secs] 
1684.124: [GC (Allocation Failure) [PSYoungGen: 104976K->1584K(104960K)] 485545K->382153K(805376K), 0.0017072 secs] [Times: user=0.00 sys=0.00, real=0.00 secs] 
1685.010: [GC (Allocation Failure) [PSYoungGen: 104496K->432K(102912K)] 485065K->382025K(803328K), 0.0020253 secs] [Times: user=0.01 sys=0.01, real=0.00 secs] 
1686.003: [GC (Allocation Failure) [PSYoungGen: 102832K->352K(103936K)] 484425K->381961K(804352K), 0.0019751 secs] [Times: user=0.01 sys=0.00, real=0.00 secs] 
1687.417: [GC (Allocation Failure) [PSYoungGen: 102240K->368K(103424K)] 483849K->381977K(803840K), 0.0028289 secs] [Times: user=0.01 sys=0.00, real=0.00 secs] 
1687.769: [GC (Allocation Failure) [PSYoungGen: 101744K->1581K(102912K)] 483353K->383191K(803328K), 0.0018225 secs] [Times: user=0.01 sys=0.00, real=0.00 secs] 
1687.947: [GC (Allocation Failure) [PSYoungGen: 102445K->1517K(103424K)] 484055K->383127K(803840K), 0.0025803 secs] [Times: user=0.01 sys=0.00, real=0.00 secs] 
1688.582: [GC (Allocation Failure) [PSYoungGen: 102381K->1424K(101888K)] 483991K->383033K(802304K), 0.0024057 secs] [Times: user=0.01 sys=0.00, real=0.00 secs] 
1689.063: [GC (Allocation Failure) [PSYoungGen: 101776K->1376K(101888K)] 483385K->382985K(802304K), 0.0022091 secs] [Times: user=0.01 sys=0.00, real=0.00 secs] 
1689.853: [GC (Allocation Failure) [PSYoungGen: 101216K->1408K(100864K)] 482825K->383017K(801280K), 0.0024509 secs] [Times: user=0.01 sys=0.00, real=0.00 secs] 
1690.374: [GC (Allocation Failure) [PSYoungGen: 100736K->1517K(100864K)] 482345K->383127K(801280K), 0.0017662 secs] [Times: user=0.01 sys=0.00, real=0.00 secs] 
1690.548: [GC (Allocation Failure) [PSYoungGen: 100333K->1597K(100352K)] 481943K->383207K(800768K), 0.0018378 secs] [Times: user=0.00 sys=0.00, real=0.00 secs] 
1690.724: [GC (Allocation Failure) [PSYoungGen: 99901K->1533K(100864K)] 481511K->383143K(801280K), 0.0018255 secs] [Times: user=0.01 sys=0.00, real=0.00 secs] 
1691.384: [GC (Allocation Failure) [PSYoungGen: 99837K->1440K(99328K)] 481447K->383057K(799744K), 0.0022233 secs] [Times: user=0.01 sys=0.00, real=0.00 secs] 
1692.205: [GC (Allocation Failure) [PSYoungGen: 99232K->1392K(99328K)] 480849K->383009K(799744K), 0.0023488 secs] [Times: user=0.01 sys=0.00, real=0.01 secs] 
1692.966: [GC (Allocation Failure) [PSYoungGen: 98643K->1453K(98304K)] 480261K->383071K(798720K), 0.0023087 secs] [Times: user=0.01 sys=0.00, real=0.01 secs] 
1693.156: [GC (Allocation Failure) [PSYoungGen: 98221K->1568K(98304K)] 479839K->383185K(798720K), 0.0017832 secs] [Times: user=0.01 sys=0.00, real=0.01 secs] 
1693.329: [GC (Allocation Failure) [PSYoungGen: 97824K->1549K(98816K)] 479441K->383175K(799232K), 0.0017775 secs] [Times: user=0.01 sys=0.00, real=0.00 secs] 
1694.182: [GC (Allocation Failure) [PSYoungGen: 97805K->1456K(97280K)] 479431K->383081K(797696K), 0.0022999 secs] [Times: user=0.01 sys=0.00, real=0.00 secs] 
1695.029: [GC (Allocation Failure) [PSYoungGen: 97200K->1408K(96768K)] 478825K->383033K(797184K), 0.0026778 secs] [Times: user=0.01 sys=0.00, real=0.00 secs] 
1695.772: [GC (Allocation Failure) [PSYoungGen: 96640K->1392K(96256K)] 478265K->383041K(796672K), 0.0023291 secs] [Times: user=0.01 sys=0.00, real=0.00 secs] 
1696.362: [GC (Allocation Failure) [PSYoungGen: 96112K->1517K(95744K)] 477761K->383167K(796160K), 0.0027474 secs] [Times: user=0.01 sys=0.00, real=0.00 secs] 
1696.570: [GC (Allocation Failure) [PSYoungGen: 95725K->1517K(95232K)] 477375K->383199K(795648K), 0.0017804 secs] [Times: user=0.01 sys=0.00, real=0.00 secs] 
1696.767: [GC (Allocation Failure) [PSYoungGen: 95213K->1517K(102912K)] 476895K->383207K(803328K), 0.0020123 secs] [Times: user=0.01 sys=0.00, real=0.00 secs] 
1697.572: [GC (Allocation Failure) [PSYoungGen: 102381K->1440K(101888K)] 484071K->383129K(802304K), 0.0037294 secs] [Times: user=0.02 sys=0.00, real=0.00 secs] 
1698.185: [GC (Allocation Failure) [PSYoungGen: 101792K->1344K(101376K)] 483481K->383033K(801792K), 0.0021707 secs] [Times: user=0.00 sys=0.00, real=0.01 secs] 
1698.773: [GC (Allocation Failure) [PSYoungGen: 101184K->1408K(100864K)] 482873K->383097K(801280K), 0.0023636 secs] [Times: user=0.01 sys=0.00, real=0.00 secs] 
1699.021: [GC (Allocation Failure) [PSYoungGen: 100736K->1581K(100864K)] 482425K->383271K(801280K), 0.0017354 secs] [Times: user=0.01 sys=0.00, real=0.00 secs] 
1699.196: [GC (Allocation Failure) [PSYoungGen: 100397K->1517K(99840K)] 482087K->383247K(800256K), 0.0017113 secs] [Times: user=0.01 sys=0.00, real=0.01 secs] 
1699.620: [GC (Allocation Failure) [PSYoungGen: 99821K->1392K(99328K)] 481551K->383121K(799744K), 0.0019695 secs] [Times: user=0.01 sys=0.00, real=0.00 secs] 
1700.429: [GC (Allocation Failure) [PSYoungGen: 99184K->1408K(98816K)] 480913K->383137K(799232K), 0.0022714 secs] [Times: user=0.01 sys=0.00, real=0.00 secs] 
1700.881: [GC (Allocation Failure) [PSYoungGen: 98688K->1376K(98304K)] 480417K->383105K(798720K), 0.0022306 secs] [Times: user=0.01 sys=0.00, real=0.00 secs] 
1701.229: [GC (Allocation Failure) [PSYoungGen: 98144K->1517K(97792K)] 479873K->383247K(798208K), 0.0017019 secs] [Times: user=0.01 sys=0.00, real=0.00 secs] 
1701.400: [GC (Allocation Failure) [PSYoungGen: 97773K->1536K(97792K)] 479503K->383265K(798208K), 0.0018605 secs] [Times: user=0.01 sys=0.00, real=0.00 secs] 
1701.568: [GC (Allocation Failure) [PSYoungGen: 97280K->541K(97792K)] 479009K->383295K(798208K), 0.0018238 secs] [Times: user=0.01 sys=0.00, real=0.00 secs] 
1703.764: [GC (Allocation Failure) [PSYoungGen: 97309K->1456K(97792K)] 480063K->384209K(798208K), 0.0049004 secs] [Times: user=0.02 sys=0.00, real=0.01 secs] 
1705.017: [GC (Allocation Failure) [PSYoungGen: 97712K->1424K(97280K)] 480465K->384177K(797696K), 0.0032793 secs] [Times: user=0.02 sys=0.00, real=0.00 secs] 
1705.833: [GC (Allocation Failure) [PSYoungGen: 97168K->1376K(96768K)] 479921K->384129K(797184K), 0.0025187 secs] [Times: user=0.01 sys=0.00, real=0.00 secs] 
1706.192: [GC (Allocation Failure) [PSYoungGen: 96608K->1520K(96256K)] 479361K->384273K(796672K), 0.0019126 secs] [Times: user=0.01 sys=0.00, real=0.00 secs] 
1706.362: [GC (Allocation Failure) [PSYoungGen: 96240K->1533K(95744K)] 478993K->384319K(796160K), 0.0018707 secs] [Times: user=0.01 sys=0.00, real=0.00 secs] 
1706.685: [GC (Allocation Failure) [PSYoungGen: 95741K->1424K(95232K)] 478527K->384209K(795648K), 0.0019911 secs] [Times: user=0.01 sys=0.00, real=0.01 secs] 
1707.833: [GC (Allocation Failure) [PSYoungGen: 95120K->1424K(94720K)] 477905K->384209K(795136K), 0.0020275 secs] [Times: user=0.01 sys=0.00, real=0.00 secs] 
1709.125: [GC (Allocation Failure) [PSYoungGen: 94608K->1344K(94208K)] 477393K->384129K(794624K), 0.0020881 secs] [Times: user=0.01 sys=0.00, real=0.01 secs] 
1710.141: [GC (Allocation Failure) [PSYoungGen: 94016K->1405K(93696K)] 476801K->384191K(794112K), 0.0023637 secs] [Times: user=0.01 sys=0.00, real=0.00 secs] 
1710.331: [GC (Allocation Failure) [PSYoungGen: 93565K->1504K(93184K)] 476351K->384289K(793600K), 0.0018055 secs] [Times: user=0.01 sys=0.00, real=0.00 secs] 
1710.494: [GC (Allocation Failure) [PSYoungGen: 93152K->1581K(93184K)] 475937K->384367K(793600K), 0.0017087 secs] [Times: user=0.01 sys=0.00, real=0.00 secs] 
1710.787: [GC (Allocation Failure) [PSYoungGen: 92717K->1488K(92160K)] 475503K->384273K(792576K), 0.0021150 secs] [Times: user=0.01 sys=0.00, real=0.01 secs] 
1711.240: [GC (Allocation Failure) [PSYoungGen: 92112K->1344K(91648K)] 474897K->384129K(792064K), 0.0023509 secs] [Times: user=0.01 sys=0.00, real=0.00 secs] 
1711.615: [GC (Allocation Failure) [PSYoungGen: 91456K->1408K(91136K)] 474241K->384193K(791552K), 0.0020894 secs] [Times: user=0.01 sys=0.00, real=0.01 secs] 
1712.005: [GC (Allocation Failure) [PSYoungGen: 91008K->1469K(90624K)] 473793K->384255K(791040K), 0.0021867 secs] [Times: user=0.01 sys=0.00, real=0.01 secs] 
1712.164: [GC (Allocation Failure) [PSYoungGen: 90557K->1520K(91136K)] 473343K->384375K(791552K), 0.0018792 secs] [Times: user=0.01 sys=0.00, real=0.00 secs] 
1712.324: [GC (Allocation Failure) [PSYoungGen: 91120K->1552K(91648K)] 473975K->384407K(792064K), 0.0016348 secs] [Times: user=0.00 sys=0.00, real=0.00 secs] 
1712.636: [GC (Allocation Failure) [PSYoungGen: 91152K->1488K(98816K)] 474007K->384342K(799232K), 0.0020395 secs] [Times: user=0.01 sys=0.00, real=0.01 secs] 
1713.041: [GC (Allocation Failure) [PSYoungGen: 98256K->1376K(98816K)] 481110K->384230K(799232K), 0.0020195 secs] [Times: user=0.01 sys=0.00, real=0.00 secs] 
1713.443: [GC (Allocation Failure) [PSYoungGen: 98144K->1440K(97792K)] 480998K->384294K(798208K), 0.0020073 secs] [Times: user=0.00 sys=0.00, real=0.00 secs] 
1713.824: [GC (Allocation Failure) [PSYoungGen: 97696K->1453K(97280K)] 480550K->384308K(797696K), 0.0017949 secs] [Times: user=0.00 sys=0.00, real=0.00 secs] 
1713.999: [GC (Allocation Failure) [PSYoungGen: 97197K->1517K(104448K)] 480052K->384404K(804864K), 0.0016310 secs] [Times: user=0.01 sys=0.00, real=0.00 secs] 
1714.217: [GC (Allocation Failure) [PSYoungGen: 104429K->1533K(104960K)] 487316K->384420K(805376K), 0.0021781 secs] [Times: user=0.00 sys=0.00, real=0.01 secs] 
1715.260: [GC (Allocation Failure) [PSYoungGen: 104445K->1440K(103936K)] 487332K->384326K(804352K), 0.0026652 secs] [Times: user=0.01 sys=0.00, real=0.00 secs] 
1716.130: [GC (Allocation Failure) [PSYoungGen: 103840K->1424K(103424K)] 486726K->384310K(803840K), 0.0027122 secs] [Times: user=0.01 sys=0.00, real=0.00 secs] 
1716.776: [GC (Allocation Failure) [PSYoungGen: 103312K->1469K(102912K)] 486198K->384356K(803328K), 0.0022515 secs] [Times: user=0.01 sys=0.00, real=0.01 secs] 
1716.977: [GC (Allocation Failure) [PSYoungGen: 102845K->1533K(102400K)] 485732K->384444K(802816K), 0.0017464 secs] [Times: user=0.01 sys=0.01, real=0.01 secs] 
1717.155: [GC (Allocation Failure) [PSYoungGen: 102397K->1533K(110080K)] 485308K->384452K(810496K), 0.0018029 secs] [Times: user=0.01 sys=0.00, real=0.00 secs] 
1717.836: [GC (Allocation Failure) [PSYoungGen: 110077K->1488K(109568K)] 492996K->384406K(809984K), 0.0021245 secs] [Times: user=0.00 sys=0.00, real=0.01 secs] 
1718.865: [GC (Allocation Failure) [PSYoungGen: 109520K->1408K(109056K)] 492438K->384326K(809472K), 0.0022583 secs] [Times: user=0.01 sys=0.00, real=0.01 secs] 
1719.702: [GC (Allocation Failure) [PSYoungGen: 108928K->1408K(108544K)] 491846K->384326K(808960K), 0.0023748 secs] [Times: user=0.01 sys=0.00, real=0.00 secs] 
1720.149: [GC (Allocation Failure) [PSYoungGen: 108416K->1584K(108544K)] 491334K->384503K(808960K), 0.0018709 secs] [Times: user=0.01 sys=0.00, real=0.00 secs] 
1720.336: [GC (Allocation Failure) [PSYoungGen: 108080K->1613K(108032K)] 490999K->384548K(808448K), 0.0019915 secs] [Times: user=0.01 sys=0.00, real=0.01 secs] 
1720.994: [GC (Allocation Failure) [PSYoungGen: 107597K->432K(105984K)] 490532K->384390K(806400K), 0.0020105 secs] [Times: user=0.01 sys=0.00, real=0.00 secs] 
1721.663: [GC (Allocation Failure) [PSYoungGen: 105904K->352K(107008K)] 489862K->384310K(807424K), 0.0020661 secs] [Times: user=0.01 sys=0.00, real=0.00 secs] 
1722.101: [GC (Allocation Failure) [PSYoungGen: 105312K->336K(106496K)] 489270K->384294K(806912K), 0.0020434 secs] [Times: user=0.01 sys=0.01, real=0.00 secs] 
1722.372: [GC (Allocation Failure) [PSYoungGen: 104784K->1549K(105984K)] 488742K->385508K(806400K), 0.0017429 secs] [Times: user=0.00 sys=0.00, real=0.00 secs] 
1722.556: [GC (Allocation Failure) [PSYoungGen: 105485K->1565K(105472K)] 489444K->385524K(805888K), 0.0017699 secs] [Times: user=0.00 sys=0.00, real=0.01 secs] 
1723.604: [GC (Allocation Failure) [PSYoungGen: 104989K->1488K(104448K)] 488948K->385446K(804864K), 0.0041457 secs] [Times: user=0.02 sys=0.01, real=0.01 secs] 
1725.097: [GC (Allocation Failure) [PSYoungGen: 104400K->1376K(104448K)] 488358K->385334K(804864K), 0.0030412 secs] [Times: user=0.01 sys=0.00, real=0.00 secs] 
1726.306: [GC (Allocation Failure) [PSYoungGen: 103776K->1392K(103424K)] 487734K->385350K(803840K), 0.0034227 secs] [Times: user=0.01 sys=0.00, real=0.01 secs] 
1727.031: [GC (Allocation Failure) [PSYoungGen: 103280K->1549K(103424K)] 487238K->385508K(803840K), 0.0021326 secs] [Times: user=0.01 sys=0.00, real=0.00 secs] 
1727.215: [GC (Allocation Failure) [PSYoungGen: 102925K->1565K(102912K)] 486884K->385524K(803328K), 0.0017093 secs] [Times: user=0.01 sys=0.00, real=0.00 secs] 
1727.391: [GC (Allocation Failure) [PSYoungGen: 101705K->224K(102400K)] 485664K->384214K(802816K), 0.0016936 secs] [Times: user=0.01 sys=0.00, real=0.00 secs] 
1728.320: [GC (Allocation Failure) [PSYoungGen: 100576K->1408K(101376K)] 484566K->385398K(801792K), 0.0022320 secs] [Times: user=0.00 sys=0.00, real=0.00 secs] 
1728.825: [GC (Allocation Failure) [PSYoungGen: 101248K->1376K(101376K)] 485238K->385366K(801792K), 0.0021954 secs] [Times: user=0.01 sys=0.00, real=0.01 secs] 
1729.866: [GC (Allocation Failure) [PSYoungGen: 100704K->1437K(100352K)] 484694K->385428K(800768K), 0.0024337 secs] [Times: user=0.01 sys=0.00, real=0.01 secs] 
1730.074: [GC (Allocation Failure) [PSYoungGen: 100253K->1584K(100352K)] 484244K->385575K(800768K), 0.0017922 secs] [Times: user=0.01 sys=0.00, real=0.00 secs] 
1730.251: [GC (Allocation Failure) [PSYoungGen: 99888K->1581K(99840K)] 483879K->385572K(800256K), 0.0017339 secs] [Times: user=0.01 sys=0.00, real=0.00 secs] 
1731.229: [GC (Allocation Failure) [PSYoungGen: 99373K->1440K(99328K)] 483364K->385430K(799744K), 0.0021878 secs] [Times: user=0.00 sys=0.00, real=0.00 secs] 
1732.303: [GC (Allocation Failure) [PSYoungGen: 98720K->1376K(98304K)] 482710K->385366K(798720K), 0.0028057 secs] [Times: user=0.01 sys=0.00, real=0.00 secs] 
1733.419: [GC (Allocation Failure) [PSYoungGen: 98144K->1408K(97792K)] 482134K->385398K(798208K), 0.0036469 secs] [Times: user=0.01 sys=0.00, real=0.00 secs] 
1734.092: [GC (Allocation Failure) [PSYoungGen: 97664K->1552K(97792K)] 481654K->385543K(798208K), 0.0022038 secs] [Times: user=0.01 sys=0.00, real=0.00 secs] 
1734.265: [GC (Allocation Failure) [PSYoungGen: 97296K->1520K(96768K)] 481287K->385551K(797184K), 0.0018097 secs] [Times: user=0.01 sys=0.00, real=0.01 secs] 
1734.439: [GC (Allocation Failure) [PSYoungGen: 96752K->1565K(96768K)] 480783K->385596K(797184K), 0.0016820 secs] [Times: user=0.01 sys=0.00, real=0.00 secs] 
1735.301: [GC (Allocation Failure) [PSYoungGen: 96285K->352K(95232K)] 480316K->385406K(795648K), 0.0023255 secs] [Times: user=0.01 sys=0.00, real=0.00 secs] 
1736.106: [GC (Allocation Failure) [PSYoungGen: 94560K->320K(94208K)] 479614K->385374K(794624K), 0.0025312 secs] [Times: user=0.01 sys=0.00, real=0.01 secs] 
1737.001: [GC (Allocation Failure) [PSYoungGen: 94016K->352K(95232K)] 479070K->385406K(795648K), 0.0028964 secs] [Times: user=0.01 sys=0.00, real=0.00 secs] 
1737.238: [GC (Allocation Failure) [PSYoungGen: 93536K->1581K(94720K)] 478590K->386636K(795136K), 0.0018569 secs] [Times: user=0.00 sys=0.00, real=0.00 secs] 
1737.401: [GC (Allocation Failure) [PSYoungGen: 94253K->1565K(94208K)] 479308K->386644K(794624K), 0.0018409 secs] [Times: user=0.01 sys=0.00, real=0.00 secs] 
1737.661: [GC (Allocation Failure) [PSYoungGen: 93725K->1456K(94720K)] 478804K->386534K(795136K), 0.0020591 secs] [Times: user=0.01 sys=0.00, real=0.00 secs] 
1738.118: [GC (Allocation Failure) [PSYoungGen: 93616K->1376K(93184K)] 478694K->386454K(793600K), 0.0020342 secs] [Times: user=0.00 sys=0.00, real=0.00 secs] 
1738.562: [GC (Allocation Failure) [PSYoungGen: 93024K->1392K(92672K)] 478102K->386470K(793088K), 0.0021842 secs] [Times: user=0.01 sys=0.00, real=0.00 secs] 
1738.978: [GC (Allocation Failure) [PSYoungGen: 92528K->1485K(92160K)] 477606K->386564K(792576K), 0.0022876 secs] [Times: user=0.01 sys=0.00, real=0.00 secs] 
1739.211: [GC (Allocation Failure) [PSYoungGen: 92109K->1549K(92160K)] 477188K->386628K(792576K), 0.0021450 secs] [Times: user=0.00 sys=0.00, real=0.00 secs] 
1739.381: [GC (Allocation Failure) [PSYoungGen: 91661K->1549K(97280K)] 476740K->386628K(797696K), 0.0019020 secs] [Times: user=0.01 sys=0.00, real=0.00 secs] 
1739.942: [GC (Allocation Failure) [PSYoungGen: 96781K->1424K(97792K)] 481860K->386502K(798208K), 0.0024898 secs] [Times: user=0.01 sys=0.00, real=0.00 secs] 
1741.276: [GC (Allocation Failure) [PSYoungGen: 96656K->1440K(96256K)] 481734K->386518K(796672K), 0.0042269 secs] [Times: user=0.02 sys=0.00, real=0.01 secs] 
1742.466: [GC (Allocation Failure) [PSYoungGen: 96160K->1376K(95744K)] 481238K->386454K(796160K), 0.0034254 secs] [Times: user=0.01 sys=0.00, real=0.01 secs] 
1743.409: [GC (Allocation Failure) [PSYoungGen: 95584K->1517K(95232K)] 480662K->386596K(795648K), 0.0024075 secs] [Times: user=0.01 sys=0.00, real=0.00 secs] 
1743.614: [GC (Allocation Failure) [PSYoungGen: 95213K->1568K(95232K)] 480292K->386647K(795648K), 0.0018278 secs] [Times: user=0.01 sys=0.00, real=0.00 secs] 
1743.780: [GC (Allocation Failure) [PSYoungGen: 94752K->557K(101376K)] 479831K->386660K(801792K), 0.0017958 secs] [Times: user=0.01 sys=0.00, real=0.00 secs] 
1744.465: [GC (Allocation Failure) [PSYoungGen: 100909K->1440K(101376K)] 487012K->387542K(801792K), 0.0020674 secs] [Times: user=0.01 sys=0.00, real=0.01 secs] 
1745.321: [GC (Allocation Failure) [PSYoungGen: 101280K->1376K(100864K)] 487382K->387478K(801280K), 0.0022440 secs] [Times: user=0.01 sys=0.00, real=0.00 secs] 
1746.145: [GC (Allocation Failure) [PSYoungGen: 100704K->1376K(100352K)] 486806K->387478K(800768K), 0.0026127 secs] [Times: user=0.01 sys=0.00, real=0.01 secs] 
1746.572: [GC (Allocation Failure) [PSYoungGen: 100192K->1517K(99840K)] 486294K->387676K(800256K), 0.0017223 secs] [Times: user=0.00 sys=0.01, real=0.00 secs] 
1746.779: [GC (Allocation Failure) [PSYoungGen: 99821K->1613K(99840K)] 485980K->387772K(800256K), 0.0021543 secs] [Times: user=0.01 sys=0.00, real=0.00 secs] 
1747.084: [GC (Allocation Failure) [PSYoungGen: 99405K->400K(98304K)] 485564K->387582K(798720K), 0.0023396 secs] [Times: user=0.01 sys=0.00, real=0.01 secs] 
1747.654: [GC (Allocation Failure) [PSYoungGen: 97680K->368K(97280K)] 484862K->387550K(797696K), 0.0019162 secs] [Times: user=0.01 sys=0.00, real=0.00 secs] 
1748.426: [GC (Allocation Failure) [PSYoungGen: 97136K->352K(98304K)] 484318K->387534K(798720K), 0.0020984 secs] [Times: user=0.01 sys=0.00, real=0.01 secs] 
1749.092: [GC (Allocation Failure) [PSYoungGen: 96608K->1485K(97280K)] 483790K->388668K(797696K), 0.0017786 secs] [Times: user=0.01 sys=0.00, real=0.00 secs] 
1749.262: [GC (Allocation Failure) [PSYoungGen: 97229K->1613K(97280K)] 484412K->388796K(797696K), 0.0019139 secs] [Times: user=0.01 sys=0.00, real=0.00 secs] 
1749.431: [GC (Allocation Failure) [PSYoungGen: 96845K->1549K(97792K)] 484028K->388732K(798208K), 0.0018813 secs] [Times: user=0.01 sys=0.00, real=0.00 secs] 
1749.763: [GC (Allocation Failure) [PSYoungGen: 96781K->1440K(104448K)] 483964K->388622K(804864K), 0.0021233 secs] [Times: user=0.01 sys=0.00, real=0.00 secs] 
1750.857: [GC (Allocation Failure) [PSYoungGen: 103840K->1440K(103424K)] 491022K->388622K(803840K), 0.0027063 secs] [Times: user=0.02 sys=0.00, real=0.00 secs] 
1752.111: [GC (Allocation Failure) [PSYoungGen: 103328K->1376K(103424K)] 490510K->388558K(803840K), 0.0034427 secs] [Times: user=0.02 sys=0.00, real=0.00 secs] 
1752.628: [GC (Allocation Failure) [PSYoungGen: 102752K->1552K(102912K)] 489934K->388735K(803328K), 0.0018850 secs] [Times: user=0.01 sys=0.00, real=0.00 secs] 
1752.806: [GC (Allocation Failure) [PSYoungGen: 102416K->1581K(102400K)] 489599K->388764K(802816K), 0.0019174 secs] [Times: user=0.01 sys=0.00, real=0.01 secs] 
1753.056: [GC (Allocation Failure) [PSYoungGen: 101933K->1488K(101376K)] 489116K->388670K(801792K), 0.0018634 secs] [Times: user=0.01 sys=0.00, real=0.01 secs] 
1753.959: [GC (Allocation Failure) [PSYoungGen: 101328K->1408K(101376K)] 488510K->388590K(801792K), 0.0024693 secs] [Times: user=0.01 sys=0.00, real=0.00 secs] 
1755.362: [GC (Allocation Failure) [PSYoungGen: 100736K->1408K(100352K)] 487918K->388590K(800768K), 0.0031425 secs] [Times: user=0.02 sys=0.00, real=0.00 secs] 
1756.365: [GC (Allocation Failure) [PSYoungGen: 100224K->1453K(99840K)] 487406K->388636K(800256K), 0.0024641 secs] [Times: user=0.01 sys=0.00, real=0.01 secs] 
1756.620: [GC (Allocation Failure) [PSYoungGen: 99757K->1581K(99840K)] 486940K->388764K(800256K), 0.0022255 secs] [Times: user=0.01 sys=0.00, real=0.00 secs] 
1756.853: [GC (Allocation Failure) [PSYoungGen: 99373K->1613K(99328K)] 486556K->388828K(799744K), 0.0018558 secs] [Times: user=0.01 sys=0.00, real=0.00 secs] 
1757.294: [GC (Allocation Failure) [PSYoungGen: 98893K->1408K(98304K)] 486108K->388622K(798720K), 0.0024331 secs] [Times: user=0.01 sys=0.00, real=0.00 secs] 
1758.135: [GC (Allocation Failure) [PSYoungGen: 98176K->1376K(97792K)] 485390K->388590K(798208K), 0.0023857 secs] [Times: user=0.01 sys=0.01, real=0.01 secs] 
1759.405: [GC (Allocation Failure) [PSYoungGen: 97632K->1408K(97280K)] 484846K->388622K(797696K), 0.0032314 secs] [Times: user=0.01 sys=0.00, real=0.01 secs] 
1759.891: [GC (Allocation Failure) [PSYoungGen: 97152K->1520K(96768K)] 484366K->388796K(797184K), 0.0017147 secs] [Times: user=0.00 sys=0.00, real=0.00 secs] 
1760.060: [GC (Allocation Failure) [PSYoungGen: 96752K->1552K(96768K)] 484028K->388828K(797184K), 0.0018777 secs] [Times: user=0.01 sys=0.00, real=0.00 secs] 
1760.461: [GC (Allocation Failure) [PSYoungGen: 96272K->464K(94720K)] 483548K->388764K(795136K), 0.0022039 secs] [Times: user=0.01 sys=0.00, real=0.00 secs] 
1761.801: [GC (Allocation Failure) [PSYoungGen: 94672K->352K(95744K)] 482972K->388652K(796160K), 0.0029047 secs] [Times: user=0.01 sys=0.00, real=0.00 secs] 
1762.623: [GC (Allocation Failure) [PSYoungGen: 94048K->320K(95232K)] 482348K->388620K(795648K), 0.0023001 secs] [Times: user=0.01 sys=0.00, real=0.00 secs] 
1763.100: [GC (Allocation Failure) [PSYoungGen: 93504K->1437K(94208K)] 481804K->389737K(794624K), 0.0023059 secs] [Times: user=0.01 sys=0.00, real=0.00 secs] 
1763.279: [GC (Allocation Failure) [PSYoungGen: 94109K->1549K(94208K)] 482409K->389849K(794624K), 0.0017266 secs] [Times: user=0.01 sys=0.00, real=0.00 secs] 
1763.441: [GC (Allocation Failure) [PSYoungGen: 93709K->1520K(94720K)] 482009K->389820K(795136K), 0.0018044 secs] [Times: user=0.01 sys=0.00, real=0.00 secs] 
1764.551: [GC (Allocation Failure) [PSYoungGen: 93680K->1456K(93184K)] 481980K->389756K(793600K), 0.0062405 secs] [Times: user=0.02 sys=0.00, real=0.01 secs] 
1765.632: [GC (Allocation Failure) [PSYoungGen: 93104K->1408K(92672K)] 481404K->389708K(793088K), 0.0037960 secs] [Times: user=0.02 sys=0.01, real=0.00 secs] 
1766.105: [GC (Allocation Failure) [PSYoungGen: 92544K->1408K(92160K)] 480844K->389708K(792576K), 0.0022093 secs] [Times: user=0.00 sys=0.01, real=0.01 secs] 
1766.478: [GC (Allocation Failure) [PSYoungGen: 92032K->1485K(91648K)] 480332K->389785K(792064K), 0.0017262 secs] [Times: user=0.01 sys=0.00, real=0.00 secs] 
1766.638: [GC (Allocation Failure) [PSYoungGen: 91597K->1536K(91648K)] 479897K->389836K(792064K), 0.0018018 secs] [Times: user=0.01 sys=0.00, real=0.00 secs] 
1766.798: [GC (Allocation Failure) [PSYoungGen: 91136K->1517K(96768K)] 479436K->389849K(797184K), 0.0017899 secs] [Times: user=0.01 sys=0.00, real=0.00 secs] 
1767.246: [GC (Allocation Failure) [PSYoungGen: 95725K->1472K(99328K)] 484057K->389804K(799744K), 0.0020209 secs] [Times: user=0.00 sys=0.00, real=0.01 secs] 
1768.165: [GC (Allocation Failure) [PSYoungGen: 98240K->1408K(97792K)] 486572K->389748K(798208K), 0.0029391 secs] [Times: user=0.02 sys=0.00, real=0.01 secs] 
1769.285: [GC (Allocation Failure) [PSYoungGen: 97664K->1392K(97280K)] 486004K->389732K(797696K), 0.0032222 secs] [Times: user=0.01 sys=0.00, real=0.01 secs] 
1770.159: [GC (Allocation Failure) [PSYoungGen: 97136K->1485K(96768K)] 485476K->389825K(797184K), 0.0023956 secs] [Times: user=0.01 sys=0.00, real=0.00 secs] 
1770.341: [GC (Allocation Failure) [PSYoungGen: 96717K->1613K(96768K)] 485057K->389953K(797184K), 0.0017249 secs] [Times: user=0.00 sys=0.00, real=0.00 secs] 
1770.509: [GC (Allocation Failure) [PSYoungGen: 96333K->1581K(97280K)] 484673K->389921K(797696K), 0.0017910 secs] [Times: user=0.01 sys=0.00, real=0.00 secs] 
1770.980: [GC (Allocation Failure) [PSYoungGen: 96813K->1456K(96256K)] 485153K->389796K(796672K), 0.0019706 secs] [Times: user=0.01 sys=0.00, real=0.00 secs] 
1771.390: [GC (Allocation Failure) [PSYoungGen: 96176K->1424K(95744K)] 484516K->389764K(796160K), 0.0020865 secs] [Times: user=0.01 sys=0.00, real=0.00 secs] 
1771.819: [GC (Allocation Failure) [PSYoungGen: 95632K->1344K(95232K)] 483972K->389684K(795648K), 0.0020794 secs] [Times: user=0.01 sys=0.00, real=0.00 secs] 
1772.073: [GC (Allocation Failure) [PSYoungGen: 95040K->1533K(94720K)] 483380K->389873K(795136K), 0.0017717 secs] [Times: user=0.01 sys=0.00, real=0.00 secs] 
1772.241: [GC (Allocation Failure) [PSYoungGen: 94717K->1533K(101376K)] 483057K->389905K(801792K), 0.0018685 secs] [Times: user=0.01 sys=0.00, real=0.00 secs] 
1772.598: [GC (Allocation Failure) [PSYoungGen: 101373K->1472K(101888K)] 489745K->389844K(802304K), 0.0021832 secs] [Times: user=0.00 sys=0.00, real=0.00 secs] 
1774.262: [GC (Allocation Failure) [PSYoungGen: 101312K->1360K(100864K)] 489684K->389732K(801280K), 0.0051202 secs] [Times: user=0.02 sys=0.00, real=0.01 secs] 
1775.637: [GC (Allocation Failure) [PSYoungGen: 100688K->1408K(100352K)] 489060K->389780K(800768K), 0.0029506 secs] [Times: user=0.01 sys=0.01, real=0.01 secs] 
1776.290: [GC (Allocation Failure) [PSYoungGen: 100224K->1517K(99840K)] 488596K->389889K(800256K), 0.0020294 secs] [Times: user=0.00 sys=0.00, real=0.00 secs] 
1776.468: [GC (Allocation Failure) [PSYoungGen: 99821K->1613K(99840K)] 488193K->389985K(800256K), 0.0017403 secs] [Times: user=0.01 sys=0.00, real=0.00 secs] 
1776.642: [GC (Allocation Failure) [PSYoungGen: 99405K->525K(98304K)] 487777K->389953K(798720K), 0.0017091 secs] [Times: user=0.01 sys=0.00, real=0.00 secs] 
1777.893: [GC (Allocation Failure) [PSYoungGen: 97805K->1424K(98304K)] 487233K->390852K(798720K), 0.0053602 secs] [Times: user=0.02 sys=0.00, real=0.01 secs] 
1779.371: [GC (Allocation Failure) [PSYoungGen: 98192K->1408K(97792K)] 487620K->390836K(798208K), 0.0038843 secs] [Times: user=0.02 sys=0.00, real=0.00 secs] 
1780.587: [GC (Allocation Failure) [PSYoungGen: 97664K->1376K(97280K)] 487092K->390804K(797696K), 0.0038048 secs] [Times: user=0.01 sys=0.00, real=0.00 secs] 
1781.206: [GC (Allocation Failure) [PSYoungGen: 97120K->1517K(96768K)] 486548K->390945K(797184K), 0.0022284 secs] [Times: user=0.01 sys=0.00, real=0.01 secs] 
1781.381: [GC (Allocation Failure) [PSYoungGen: 96749K->1613K(96768K)] 486177K->391041K(797184K), 0.0020617 secs] [Times: user=0.01 sys=0.00, real=0.00 secs] 
1781.737: [GC (Allocation Failure) [PSYoungGen: 96333K->592K(95232K)] 485761K->391044K(795648K), 0.0022017 secs] [Times: user=0.01 sys=0.00, real=0.00 secs] 
1782.685: [GC (Allocation Failure) [PSYoungGen: 94800K->352K(94208K)] 485252K->390804K(794624K), 0.0026132 secs] [Times: user=0.01 sys=0.00, real=0.01 secs] 
1784.106: [GC (Allocation Failure) [PSYoungGen: 94048K->336K(93696K)] 484500K->390788K(794112K), 0.0046288 secs] [Times: user=0.02 sys=0.00, real=0.01 secs] 
1785.409: [GC (Allocation Failure) [PSYoungGen: 93520K->1437K(95232K)] 483972K->391889K(795648K), 0.0041711 secs] [Times: user=0.02 sys=0.00, real=0.00 secs] 
1785.718: [GC (Allocation Failure) [PSYoungGen: 94109K->1501K(93696K)] 484561K->391953K(794112K), 0.0022915 secs] [Times: user=0.01 sys=0.00, real=0.00 secs] 
1785.911: [GC (Allocation Failure) [PSYoungGen: 93661K->1485K(93184K)] 484113K->391937K(793600K), 0.0021230 secs] [Times: user=0.01 sys=0.00, real=0.00 secs] 
1786.281: [GC (Allocation Failure) [PSYoungGen: 93133K->1488K(92672K)] 483585K->391940K(793088K), 0.0031022 secs] [Times: user=0.02 sys=0.00, real=0.00 secs] 
1787.144: [GC (Allocation Failure) [PSYoungGen: 92624K->1408K(92160K)] 483076K->391860K(792576K), 0.0032990 secs] [Times: user=0.01 sys=0.00, real=0.01 secs] 
1787.915: [GC (Allocation Failure) [PSYoungGen: 92032K->1344K(91648K)] 482484K->391796K(792064K), 0.0044517 secs] [Times: user=0.01 sys=0.01, real=0.01 secs] 
1788.857: [GC (Allocation Failure) [PSYoungGen: 91456K->1453K(91136K)] 481908K->391905K(791552K), 0.0037669 secs] [Times: user=0.02 sys=0.00, real=0.01 secs] 
1789.093: [GC (Allocation Failure) [PSYoungGen: 91053K->1552K(91136K)] 481505K->392020K(791552K), 0.0018290 secs] [Times: user=0.01 sys=0.00, real=0.00 secs] 
1789.277: [GC (Allocation Failure) [PSYoungGen: 90640K->1549K(94208K)] 481108K->392017K(794624K), 0.0020658 secs] [Times: user=0.01 sys=0.00, real=0.00 secs] 
1789.677: [GC (Allocation Failure) [PSYoungGen: 93197K->1440K(98816K)] 483665K->391908K(799232K), 0.0027343 secs] [Times: user=0.01 sys=0.00, real=0.00 secs] 
1790.678: [GC (Allocation Failure) [PSYoungGen: 97696K->1408K(97280K)] 488164K->391876K(797696K), 0.0033969 secs] [Times: user=0.01 sys=0.00, real=0.00 secs] 
1791.655: [GC (Allocation Failure) [PSYoungGen: 97152K->1408K(96768K)] 487620K->391876K(797184K), 0.0035329 secs] [Times: user=0.01 sys=0.00, real=0.01 secs] 
1792.166: [GC (Allocation Failure) [PSYoungGen: 96640K->1485K(96256K)] 487108K->391953K(796672K), 0.0017261 secs] [Times: user=0.01 sys=0.00, real=0.01 secs] 
1792.334: [GC (Allocation Failure) [PSYoungGen: 96205K->1552K(96256K)] 486673K->392020K(796672K), 0.0016954 secs] [Times: user=0.01 sys=0.00, real=0.00 secs] 
1792.500: [GC (Allocation Failure) [PSYoungGen: 95760K->1517K(96768K)] 486228K->391985K(797184K), 0.0018390 secs] [Times: user=0.01 sys=0.00, real=0.00 secs] 
1793.353: [GC (Allocation Failure) [PSYoungGen: 96237K->1456K(95744K)] 486705K->391924K(796160K), 0.0025718 secs] [Times: user=0.01 sys=0.00, real=0.00 secs] 
1794.794: [GC (Allocation Failure) [PSYoungGen: 95664K->1408K(95232K)] 486132K->391876K(795648K), 0.0038221 secs] [Times: user=0.01 sys=0.00, real=0.01 secs] 
1796.088: [GC (Allocation Failure) [PSYoungGen: 95104K->1408K(94720K)] 485572K->391876K(795136K), 0.0037184 secs] [Times: user=0.01 sys=0.00, real=0.00 secs] 
1796.759: [GC (Allocation Failure) [PSYoungGen: 94592K->1517K(94208K)] 485060K->391993K(794624K), 0.0020651 secs] [Times: user=0.01 sys=0.00, real=0.00 secs] 
1796.931: [GC (Allocation Failure) [PSYoungGen: 94189K->1520K(93696K)] 484665K->392057K(794112K), 0.0017904 secs] [Times: user=0.01 sys=0.00, real=0.00 secs] 
1797.126: [GC (Allocation Failure) [PSYoungGen: 93680K->1520K(100864K)] 484217K->392081K(801280K), 0.0024165 secs] [Times: user=0.01 sys=0.00, real=0.01 secs] 
1797.999: [GC (Allocation Failure) [PSYoungGen: 100336K->1392K(99840K)] 490897K->391953K(800256K), 0.0031221 secs] [Times: user=0.01 sys=0.00, real=0.00 secs] 
1798.912: [GC (Allocation Failure) [PSYoungGen: 99696K->1376K(99328K)] 490257K->391937K(799744K), 0.0030901 secs] [Times: user=0.01 sys=0.00, real=0.00 secs] 
1799.408: [GC (Allocation Failure) [PSYoungGen: 99168K->1376K(98816K)] 489729K->391937K(799232K), 0.0022917 secs] [Times: user=0.01 sys=0.00, real=0.00 secs] 
1799.628: [GC (Allocation Failure) [PSYoungGen: 98656K->1581K(98816K)] 489217K->392142K(799232K), 0.0019261 secs] [Times: user=0.01 sys=0.00, real=0.00 secs] 
1799.831: [GC (Allocation Failure) [PSYoungGen: 98349K->493K(98816K)] 488910K->392078K(799232K), 0.0019874 secs] [Times: user=0.01 sys=0.00, real=0.00 secs] 
1800.325: [GC (Allocation Failure) [PSYoungGen: 98285K->1456K(98816K)] 489870K->393041K(799232K), 0.0024980 secs] [Times: user=0.01 sys=0.00, real=0.01 secs] 
1802.910: [GC (Allocation Failure) [PSYoungGen: 98736K->1376K(98304K)] 490321K->392961K(798720K), 0.0028548 secs] [Times: user=0.01 sys=0.00, real=0.00 secs] 
1803.804: [GC (Allocation Failure) [PSYoungGen: 98144K->1376K(97792K)] 489729K->392961K(798208K), 0.0025824 secs] [Times: user=0.01 sys=0.00, real=0.01 secs] 
1804.477: [GC (Allocation Failure) [PSYoungGen: 97610K->1485K(97280K)] 489195K->393070K(797696K), 0.0021953 secs] [Times: user=0.01 sys=0.00, real=0.00 secs] 
1804.707: [GC (Allocation Failure) [PSYoungGen: 97229K->1581K(97280K)] 488814K->393166K(797696K), 0.0020070 secs] [Times: user=0.01 sys=0.00, real=0.00 secs] 
1804.940: [GC (Allocation Failure) [PSYoungGen: 96813K->1517K(96256K)] 488398K->393142K(796672K), 0.0023147 secs] [Times: user=0.00 sys=0.00, real=0.00 secs] 
1805.316: [GC (Allocation Failure) [PSYoungGen: 96237K->1472K(95744K)] 487862K->393097K(796160K), 0.0023954 secs] [Times: user=0.01 sys=0.00, real=0.01 secs] 
1805.708: [GC (Allocation Failure) [PSYoungGen: 95680K->1328K(95232K)] 487305K->392953K(795648K), 0.0022960 secs] [Times: user=0.01 sys=0.00, real=0.00 secs] 
1806.098: [GC (Allocation Failure) [PSYoungGen: 95024K->1376K(94720K)] 486649K->393001K(795136K), 0.0022658 secs] [Times: user=0.01 sys=0.00, real=0.00 secs] 
1806.366: [GC (Allocation Failure) [PSYoungGen: 94560K->1517K(94208K)] 486185K->393142K(794624K), 0.0017281 secs] [Times: user=0.01 sys=0.00, real=0.01 secs] 
1806.529: [GC (Allocation Failure) [PSYoungGen: 94189K->1549K(95232K)] 485814K->393206K(795648K), 0.0018231 secs] [Times: user=0.01 sys=0.00, real=0.00 secs] 
1806.694: [GC (Allocation Failure) [PSYoungGen: 94733K->1549K(101888K)] 486390K->393206K(802304K), 0.0016406 secs] [Times: user=0.00 sys=0.00, real=0.00 secs] 
1808.223: [GC (Allocation Failure) [PSYoungGen: 101389K->1440K(100864K)] 493046K->393097K(801280K), 0.0034659 secs] [Times: user=0.02 sys=0.00, real=0.01 secs] 
1809.461: [GC (Allocation Failure) [PSYoungGen: 100768K->1376K(100352K)] 492425K->393033K(800768K), 0.0037079 secs] [Times: user=0.02 sys=0.00, real=0.00 secs] 
1810.869: [GC (Allocation Failure) [PSYoungGen: 100192K->1437K(99840K)] 491849K->393094K(800256K), 0.0031498 secs] [Times: user=0.01 sys=0.00, real=0.00 secs] 
1811.113: [GC (Allocation Failure) [PSYoungGen: 99741K->1581K(99840K)] 491398K->393238K(800256K), 0.0018217 secs] [Times: user=0.01 sys=0.00, real=0.00 secs] 
1811.285: [GC (Allocation Failure) [PSYoungGen: 99373K->1616K(99328K)] 491030K->393281K(799744K), 0.0018273 secs] [Times: user=0.01 sys=0.00, real=0.01 secs] 
1811.868: [GC (Allocation Failure) [PSYoungGen: 98896K->400K(97280K)] 490561K->393089K(797696K), 0.0023742 secs] [Times: user=0.01 sys=0.00, real=0.00 secs] 
1812.289: [GC (Allocation Failure) [PSYoungGen: 97168K->336K(98304K)] 489857K->393033K(798720K), 0.0027583 secs] [Times: user=0.01 sys=0.00, real=0.00 secs] 
1812.699: [GC (Allocation Failure) [PSYoungGen: 96592K->320K(97792K)] 489289K->393017K(798208K), 0.0020844 secs] [Times: user=0.00 sys=0.00, real=0.00 secs] 
1813.202: [GC (Allocation Failure) [PSYoungGen: 96064K->1517K(96768K)] 488761K->394214K(797184K), 0.0022214 secs] [Times: user=0.01 sys=0.00, real=0.00 secs] 
1813.416: [GC (Allocation Failure) [PSYoungGen: 96749K->1568K(96768K)] 489446K->394265K(797184K), 0.0019821 secs] [Times: user=0.01 sys=0.00, real=0.01 secs] 
1813.603: [GC (Allocation Failure) [PSYoungGen: 96288K->1581K(97280K)] 488985K->394278K(797696K), 0.0019667 secs] [Times: user=0.01 sys=0.00, real=0.00 secs] 
1814.457: [GC (Allocation Failure) [PSYoungGen: 96301K->1408K(95744K)] 488998K->394105K(796160K), 0.0030849 secs] [Times: user=0.01 sys=0.00, real=0.00 secs] 
1815.820: [GC (Allocation Failure) [PSYoungGen: 95616K->1344K(95232K)] 488313K->394041K(795648K), 0.0047359 secs] [Times: user=0.01 sys=0.00, real=0.00 secs] 
1817.166: [GC (Allocation Failure) [PSYoungGen: 95040K->1408K(94720K)] 487737K->394105K(795136K), 0.0048064 secs] [Times: user=0.02 sys=0.00, real=0.01 secs] 
1817.629: [GC (Allocation Failure) [PSYoungGen: 94592K->1520K(94208K)] 487289K->394217K(794624K), 0.0019550 secs] [Times: user=0.01 sys=0.00, real=0.00 secs] 
1817.825: [GC (Allocation Failure) [PSYoungGen: 94192K->1549K(94208K)] 486889K->394254K(794624K), 0.0020951 secs] [Times: user=0.01 sys=0.00, real=0.01 secs] 
1818.188: [GC (Allocation Failure) [PSYoungGen: 93709K->1968K(93696K)] 486414K->394689K(794112K), 0.0030276 secs] [Times: user=0.01 sys=0.00, real=0.00 secs] 
1819.680: [GC (Allocation Failure) [PSYoungGen: 93616K->1408K(92672K)] 486337K->394129K(793088K), 0.0037038 secs] [Times: user=0.02 sys=0.00, real=0.00 secs] 
1821.004: [GC (Allocation Failure) [PSYoungGen: 92544K->1376K(92160K)] 485265K->394097K(792576K), 0.0045966 secs] [Times: user=0.02 sys=0.00, real=0.01 secs] 
1821.960: [GC (Allocation Failure) [PSYoungGen: 92000K->1408K(91648K)] 484721K->394129K(792064K), 0.0025883 secs] [Times: user=0.01 sys=0.00, real=0.00 secs] 
1822.188: [GC (Allocation Failure) [PSYoungGen: 91520K->1552K(91648K)] 484241K->394273K(792064K), 0.0018645 secs] [Times: user=0.00 sys=0.00, real=0.00 secs] 
1822.349: [GC (Allocation Failure) [PSYoungGen: 91152K->557K(90112K)] 483873K->394302K(790528K), 0.0017819 secs] [Times: user=0.00 sys=0.00, real=0.00 secs] 
1822.705: [GC (Allocation Failure) [PSYoungGen: 89645K->1488K(90112K)] 483390K->395233K(790528K), 0.0021253 secs] [Times: user=0.01 sys=0.00, real=0.01 secs] 
1824.064: [GC (Allocation Failure) [PSYoungGen: 90064K->1376K(89600K)] 483809K->395121K(790016K), 0.0047928 secs] [Times: user=0.02 sys=0.00, real=0.01 secs] 
1825.041: [GC (Allocation Failure) [PSYoungGen: 89440K->1344K(89088K)] 483185K->395089K(789504K), 0.0028371 secs] [Times: user=0.01 sys=0.00, real=0.00 secs] 
1825.792: [GC (Allocation Failure) [PSYoungGen: 88896K->1424K(88576K)] 482641K->395169K(788992K), 0.0020924 secs] [Times: user=0.01 sys=0.00, real=0.00 secs] 
1826.057: [GC (Allocation Failure) [PSYoungGen: 88464K->1581K(88576K)] 482209K->395334K(788992K), 0.0019784 secs] [Times: user=0.01 sys=0.00, real=0.00 secs] 
1826.212: [GC (Allocation Failure) [PSYoungGen: 88109K->557K(87040K)] 481862K->395334K(787456K), 0.0017219 secs] [Times: user=0.01 sys=0.00, real=0.00 secs] 
1826.404: [GC (Allocation Failure) [PSYoungGen: 86549K->461K(92160K)] 481326K->395238K(792576K), 0.0022748 secs] [Times: user=0.00 sys=0.00, real=0.00 secs] 
1826.823: [GC (Allocation Failure) [PSYoungGen: 90573K->1456K(95744K)] 485350K->396249K(796160K), 0.0021991 secs] [Times: user=0.01 sys=0.00, real=0.00 secs] 
1827.239: [GC (Allocation Failure) [PSYoungGen: 94640K->1408K(94208K)] 489433K->396201K(794624K), 0.0022246 secs] [Times: user=0.01 sys=0.00, real=0.00 secs] 
1827.662: [GC (Allocation Failure) [PSYoungGen: 94080K->1376K(93696K)] 488873K->396177K(794112K), 0.0022383 secs] [Times: user=0.00 sys=0.00, real=0.00 secs] 
1827.910: [GC (Allocation Failure) [PSYoungGen: 93536K->1549K(93696K)] 488337K->396350K(794112K), 0.0017006 secs] [Times: user=0.01 sys=0.00, real=0.00 secs] 
1828.074: [GC (Allocation Failure) [PSYoungGen: 93197K->1504K(94208K)] 487998K->396305K(794624K), 0.0021275 secs] [Times: user=0.01 sys=0.00, real=0.00 secs] 
1828.285: [GC (Allocation Failure) [PSYoungGen: 93664K->1968K(94720K)] 488465K->396769K(795136K), 0.0019578 secs] [Times: user=0.01 sys=0.00, real=0.01 secs] 
1828.683: [GC (Allocation Failure) [PSYoungGen: 94128K->1392K(101376K)] 488929K->396193K(801792K), 0.0020165 secs] [Times: user=0.00 sys=0.00, real=0.00 secs] 
1829.114: [GC (Allocation Failure) [PSYoungGen: 100720K->1408K(100352K)] 495521K->396209K(800768K), 0.0021178 secs] [Times: user=0.01 sys=0.00, real=0.00 secs] 
1829.824: [GC (Allocation Failure) [PSYoungGen: 100200K->1501K(100352K)] 495001K->396302K(800768K), 0.0036033 secs] [Times: user=0.01 sys=0.00, real=0.01 secs] 
1830.083: [GC (Allocation Failure) [PSYoungGen: 99805K->1565K(99840K)] 494606K->396366K(800256K), 0.0018816 secs] [Times: user=0.01 sys=0.01, real=0.00 secs] 
1830.256: [GC (Allocation Failure) [PSYoungGen: 99357K->1613K(100352K)] 494158K->396414K(800768K), 0.0017499 secs] [Times: user=0.00 sys=0.00, real=0.01 secs] 
1830.834: [GC (Allocation Failure) [PSYoungGen: 99405K->1488K(98816K)] 494206K->396289K(799232K), 0.0024178 secs] [Times: user=0.01 sys=0.00, real=0.00 secs] 
1831.623: [GC (Allocation Failure) [PSYoungGen: 98768K->1408K(98304K)] 493569K->396209K(798720K), 0.0032355 secs] [Times: user=0.02 sys=0.00, real=0.00 secs] 
1832.428: [GC (Allocation Failure) [PSYoungGen: 98176K->1376K(97792K)] 492977K->396177K(798208K), 0.0022279 secs] [Times: user=0.01 sys=0.00, real=0.00 secs] 
1832.913: [GC (Allocation Failure) [PSYoungGen: 97632K->1485K(97280K)] 492433K->396286K(797696K), 0.0018226 secs] [Times: user=0.00 sys=0.00, real=0.00 secs] 
1833.082: [GC (Allocation Failure) [PSYoungGen: 97229K->1552K(97280K)] 492030K->396353K(797696K), 0.0018193 secs] [Times: user=0.01 sys=0.00, real=0.00 secs] 
1833.253: [GC (Allocation Failure) [PSYoungGen: 96784K->1517K(97280K)] 491585K->396358K(797696K), 0.0018280 secs] [Times: user=0.01 sys=0.00, real=0.00 secs] 
1834.539: [GC (Allocation Failure) [PSYoungGen: 97261K->1408K(96768K)] 492102K->396257K(797184K), 0.0024416 secs] [Times: user=0.01 sys=0.00, real=0.00 secs] 
1835.279: [GC (Allocation Failure) [PSYoungGen: 96640K->1408K(96256K)] 491489K->396257K(796672K), 0.0024228 secs] [Times: user=0.01 sys=0.00, real=0.00 secs] 
1836.081: [GC (Allocation Failure) [PSYoungGen: 95917K->256K(94720K)] 490766K->395105K(795136K), 0.0025183 secs] [Times: user=0.01 sys=0.00, real=0.00 secs] 
1836.273: [GC (Allocation Failure) [PSYoungGen: 94464K->1581K(95744K)] 489313K->396430K(796160K), 0.0017462 secs] [Times: user=0.01 sys=0.00, real=0.00 secs] 
1836.440: [GC (Allocation Failure) [PSYoungGen: 95277K->1581K(96256K)] 490126K->396430K(796672K), 0.0018648 secs] [Times: user=0.00 sys=0.00, real=0.00 secs] 
1836.805: [GC (Allocation Failure) [PSYoungGen: 95789K->1424K(95232K)] 490638K->396273K(795648K), 0.0020092 secs] [Times: user=0.01 sys=0.00, real=0.00 secs] 
1837.716: [GC (Allocation Failure) [PSYoungGen: 95120K->1424K(94720K)] 489969K->396273K(795136K), 0.0028758 secs] [Times: user=0.01 sys=0.00, real=0.01 secs] 
1838.899: [GC (Allocation Failure) [PSYoungGen: 94608K->1376K(94208K)] 489457K->396225K(794624K), 0.0042192 secs] [Times: user=0.02 sys=0.00, real=0.00 secs] 
1839.913: [GC (Allocation Failure) [PSYoungGen: 94048K->1517K(93696K)] 488897K->396366K(794112K), 0.0029871 secs] [Times: user=0.02 sys=0.00, real=0.00 secs] 
1840.143: [GC (Allocation Failure) [PSYoungGen: 93677K->1485K(93184K)] 488526K->396334K(793600K), 0.0018771 secs] [Times: user=0.01 sys=0.00, real=0.00 secs] 
1840.306: [GC (Allocation Failure) [PSYoungGen: 93133K->1565K(93184K)] 487982K->396414K(793600K), 0.0017947 secs] [Times: user=0.01 sys=0.00, real=0.01 secs] 
1840.786: [GC (Allocation Failure) [PSYoungGen: 92701K->464K(91136K)] 487550K->396337K(791552K), 0.0036417 secs] [Times: user=0.01 sys=0.00, real=0.01 secs] 
1841.798: [GC (Allocation Failure) [PSYoungGen: 91088K->336K(90624K)] 486961K->396209K(791040K), 0.0030094 secs] [Times: user=0.02 sys=0.00, real=0.00 secs] 
1842.755: [GC (Allocation Failure) [PSYoungGen: 90448K->352K(90112K)] 486321K->396225K(790528K), 0.0047641 secs] [Times: user=0.02 sys=0.00, real=0.01 secs] 
1843.734: [GC (Allocation Failure) [PSYoungGen: 89952K->1453K(91648K)] 485825K->397326K(792064K), 0.0024741 secs] [Times: user=0.01 sys=0.00, real=0.00 secs] 
1843.929: [GC (Allocation Failure) [PSYoungGen: 90541K->1517K(90112K)] 486414K->397390K(790528K), 0.0019268 secs] [Times: user=0.01 sys=0.00, real=0.00 secs] 
1844.089: [GC (Allocation Failure) [PSYoungGen: 90093K->1517K(95232K)] 485966K->397390K(795648K), 0.0017782 secs] [Times: user=0.01 sys=0.00, real=0.00 secs] 
1844.804: [GC (Allocation Failure) [PSYoungGen: 94189K->1456K(93696K)] 490062K->397329K(794112K), 0.0021828 secs] [Times: user=0.01 sys=0.00, real=0.00 secs] 
1845.990: [GC (Allocation Failure) [PSYoungGen: 93616K->1408K(93184K)] 489489K->397281K(793600K), 0.0021552 secs] [Times: user=0.01 sys=0.00, real=0.00 secs] 
1846.799: [GC (Allocation Failure) [PSYoungGen: 93056K->1376K(92672K)] 488929K->397249K(793088K), 0.0024874 secs] [Times: user=0.01 sys=0.00, real=0.00 secs] 
1847.310: [GC (Allocation Failure) [PSYoungGen: 92512K->1549K(92672K)] 488385K->397422K(793088K), 0.0016622 secs] [Times: user=0.01 sys=0.00, real=0.00 secs] 
1847.474: [GC (Allocation Failure) [PSYoungGen: 92173K->1549K(92160K)] 488046K->397438K(792576K), 0.0017478 secs] [Times: user=0.01 sys=0.00, real=0.00 secs] 
1847.635: [GC (Allocation Failure) [PSYoungGen: 91661K->1520K(94208K)] 487550K->397409K(794624K), 0.0018898 secs] [Times: user=0.01 sys=0.00, real=0.01 secs] 
1847.960: [GC (Allocation Failure) [PSYoungGen: 93168K->1472K(92672K)] 489057K->397361K(793088K), 0.0017258 secs] [Times: user=0.01 sys=0.00, real=0.00 secs] 
1848.390: [GC (Allocation Failure) [PSYoungGen: 92608K->1408K(92160K)] 488497K->397297K(792576K), 0.0017646 secs] [Times: user=0.01 sys=0.00, real=0.00 secs] 
1848.793: [GC (Allocation Failure) [PSYoungGen: 92032K->1376K(91648K)] 487921K->397265K(792064K), 0.0017767 secs] [Times: user=0.01 sys=0.00, real=0.00 secs] 
1849.156: [GC (Allocation Failure) [PSYoungGen: 91488K->1421K(91136K)] 487377K->397318K(791552K), 0.0018213 secs] [Times: user=0.00 sys=0.00, real=0.01 secs] 
1849.316: [GC (Allocation Failure) [PSYoungGen: 91021K->1520K(90624K)] 486918K->397449K(791040K), 0.0015679 secs] [Times: user=0.01 sys=0.00, real=0.01 secs] 
1849.473: [GC (Allocation Failure) [PSYoungGen: 90608K->1520K(96768K)] 486537K->397449K(797184K), 0.0018107 secs] [Times: user=0.00 sys=0.00, real=0.00 secs] 
1849.980: [GC (Allocation Failure) [PSYoungGen: 96240K->1472K(95744K)] 492169K->397401K(796160K), 0.0021395 secs] [Times: user=0.01 sys=0.00, real=0.00 secs] 
1850.802: [GC (Allocation Failure) [PSYoungGen: 95680K->1376K(95232K)] 491609K->397305K(795648K), 0.0036792 secs] [Times: user=0.01 sys=0.00, real=0.00 secs] 
1851.626: [GC (Allocation Failure) [PSYoungGen: 95072K->1408K(94720K)] 491001K->397337K(795136K), 0.0037048 secs] [Times: user=0.02 sys=0.00, real=0.01 secs] 
1852.208: [GC (Allocation Failure) [PSYoungGen: 94592K->1549K(94720K)] 490521K->397478K(795136K), 0.0022277 secs] [Times: user=0.00 sys=0.00, real=0.00 secs] 
1852.395: [GC (Allocation Failure) [PSYoungGen: 94221K->525K(93184K)] 490150K->397478K(793600K), 0.0017575 secs] [Times: user=0.00 sys=0.00, real=0.01 secs] 
1852.588: [GC (Allocation Failure) [PSYoungGen: 92685K->461K(95744K)] 489638K->397414K(796160K), 0.0020650 secs] [Times: user=0.01 sys=0.00, real=0.00 secs] 
1853.220: [GC (Allocation Failure) [PSYoungGen: 94157K->1408K(94720K)] 491110K->398361K(795136K), 0.0031616 secs] [Times: user=0.01 sys=0.00, real=0.00 secs] 
1854.021: [GC (Allocation Failure) [PSYoungGen: 94592K->1376K(94208K)] 491545K->398353K(794624K), 0.0031062 secs] [Times: user=0.01 sys=0.00, real=0.00 secs] 
1854.724: [GC (Allocation Failure) [PSYoungGen: 94048K->1408K(93696K)] 491025K->398385K(794112K), 0.0032998 secs] [Times: user=0.01 sys=0.00, real=0.01 secs] 
1855.159: [GC (Allocation Failure) [PSYoungGen: 93568K->1549K(93696K)] 490545K->398526K(794112K), 0.0019288 secs] [Times: user=0.01 sys=0.00, real=0.00 secs] 
1855.325: [GC (Allocation Failure) [PSYoungGen: 93197K->493K(91648K)] 490174K->398494K(792064K), 0.0018805 secs] [Times: user=0.00 sys=0.00, real=0.01 secs] 
1855.488: [GC (Allocation Failure) [PSYoungGen: 91629K->525K(97792K)] 489630K->398526K(798208K), 0.0016507 secs] [Times: user=0.01 sys=0.00, real=0.00 secs] 
1855.960: [GC (Allocation Failure) [PSYoungGen: 95757K->1408K(96256K)] 493758K->399409K(796672K), 0.0019237 secs] [Times: user=0.01 sys=0.01, real=0.00 secs] 
1856.386: [GC (Allocation Failure) [PSYoungGen: 96128K->1360K(95744K)] 494129K->399361K(796160K), 0.0020585 secs] [Times: user=0.01 sys=0.00, real=0.01 secs] 
1856.778: [GC (Allocation Failure) [PSYoungGen: 95568K->1344K(95232K)] 493569K->399345K(795648K), 0.0024639 secs] [Times: user=0.01 sys=0.00, real=0.00 secs] 
1856.997: [GC (Allocation Failure) [PSYoungGen: 95040K->1549K(95232K)] 493041K->399550K(795648K), 0.0018836 secs] [Times: user=0.01 sys=0.00, real=0.00 secs] 
1857.163: [GC (Allocation Failure) [PSYoungGen: 94733K->512K(96768K)] 492734K->399537K(797184K), 0.0018787 secs] [Times: user=0.01 sys=0.01, real=0.00 secs] 
1857.429: [GC (Allocation Failure) [PSYoungGen: 96256K->1488K(98304K)] 495281K->400513K(798720K), 0.0019624 secs] [Times: user=0.01 sys=0.00, real=0.00 secs] 
1857.865: [GC (Allocation Failure) [PSYoungGen: 97232K->1408K(96768K)] 496257K->400433K(797184K), 0.0020189 secs] [Times: user=0.01 sys=0.00, real=0.00 secs] 
1858.267: [GC (Allocation Failure) [PSYoungGen: 96640K->1424K(96256K)] 495665K->400449K(796672K), 0.0022024 secs] [Times: user=0.01 sys=0.00, real=0.00 secs] 
1859.041: [GC (Allocation Failure) [PSYoungGen: 96144K->1485K(95744K)] 495169K->400510K(796160K), 0.0026766 secs] [Times: user=0.01 sys=0.00, real=0.00 secs] 
1859.288: [GC (Allocation Failure) [PSYoungGen: 95693K->1517K(95232K)] 494718K->400542K(795648K), 0.0018235 secs] [Times: user=0.00 sys=0.00, real=0.00 secs] 
1859.455: [GC (Allocation Failure) [PSYoungGen: 95213K->1552K(101888K)] 494238K->400577K(802304K), 0.0019026 secs] [Times: user=0.01 sys=0.00, real=0.00 secs] 
1860.185: [GC (Allocation Failure) [PSYoungGen: 100880K->1472K(100352K)] 499905K->400505K(800768K), 0.0037915 secs] [Times: user=0.02 sys=0.00, real=0.01 secs] 
1860.997: [GC (Allocation Failure) [PSYoungGen: 100288K->1408K(100352K)] 499321K->400441K(800768K), 0.0024666 secs] [Times: user=0.01 sys=0.00, real=0.00 secs] 
1861.650: [GC (Allocation Failure) [PSYoungGen: 99712K->1408K(99328K)] 498745K->400441K(799744K), 0.0033665 secs] [Times: user=0.01 sys=0.00, real=0.00 secs] 
1861.983: [GC (Allocation Failure) [PSYoungGen: 99200K->1520K(98816K)] 498233K->400553K(799232K), 0.0018546 secs] [Times: user=0.01 sys=0.00, real=0.00 secs] 
1862.156: [GC (Allocation Failure) [PSYoungGen: 98800K->1613K(98816K)] 497833K->400646K(799232K), 0.0018636 secs] [Times: user=0.00 sys=0.00, real=0.01 secs] 
1862.368: [GC (Allocation Failure) [PSYoungGen: 98381K->976K(98816K)] 497414K->401033K(799232K), 0.0019914 secs] [Times: user=0.00 sys=0.00, real=0.00 secs] 
1862.772: [GC (Allocation Failure) [PSYoungGen: 98256K->352K(98816K)] 498313K->400409K(799232K), 0.0018926 secs] [Times: user=0.01 sys=0.00, real=0.00 secs] 
1863.410: [GC (Allocation Failure) [PSYoungGen: 97120K->320K(98304K)] 497177K->400377K(798720K), 0.0023816 secs] [Times: user=0.01 sys=0.01, real=0.00 secs] 
1864.086: [GC (Allocation Failure) [PSYoungGen: 96576K->1485K(97280K)] 496633K->401542K(797696K), 0.0029238 secs] [Times: user=0.01 sys=0.00, real=0.01 secs] 
1864.287: [GC (Allocation Failure) [PSYoungGen: 97229K->1565K(97280K)] 497286K->401654K(797696K), 0.0017435 secs] [Times: user=0.01 sys=0.00, real=0.00 secs] 
1864.459: [GC (Allocation Failure) [PSYoungGen: 96797K->1549K(97792K)] 496886K->401638K(798208K), 0.0017930 secs] [Times: user=0.01 sys=0.00, real=0.00 secs] 
1865.010: [GC (Allocation Failure) [PSYoungGen: 96781K->1456K(96256K)] 496870K->401545K(796672K), 0.0020761 secs] [Times: user=0.01 sys=0.00, real=0.00 secs] 
1865.479: [GC (Allocation Failure) [PSYoungGen: 96176K->1392K(95744K)] 496265K->401481K(796160K), 0.0021900 secs] [Times: user=0.01 sys=0.00, real=0.00 secs] 
1866.732: [GC (Allocation Failure) [PSYoungGen: 95600K->1344K(95232K)] 495689K->401433K(795648K), 0.0024611 secs] [Times: user=0.01 sys=0.00, real=0.00 secs] 
1867.491: [GC (Allocation Failure) [PSYoungGen: 95040K->1488K(94720K)] 495129K->401577K(795136K), 0.0018009 secs] [Times: user=0.01 sys=0.00, real=0.00 secs] 
1867.660: [GC (Allocation Failure) [PSYoungGen: 94672K->1501K(101376K)] 494761K->401598K(801792K), 0.0041529 secs] [Times: user=0.02 sys=0.00, real=0.00 secs] 
1867.870: [GC (Allocation Failure) [PSYoungGen: 100317K->1613K(101376K)] 500414K->401710K(801792K), 0.0020899 secs] [Times: user=0.01 sys=0.00, real=0.00 secs] 
1869.728: [GC (Allocation Failure) [PSYoungGen: 100429K->1440K(108032K)] 500526K->401537K(808448K), 0.0031154 secs] [Times: user=0.02 sys=0.00, real=0.00 secs] 
1870.756: [GC (Allocation Failure) [PSYoungGen: 107936K->1328K(107520K)] 508033K->401425K(807936K), 0.0050990 secs] [Times: user=0.02 sys=0.00, real=0.01 secs] 
1871.784: [GC (Allocation Failure) [PSYoungGen: 107312K->1469K(107008K)] 507409K->401566K(807424K), 0.0021534 secs] [Times: user=0.01 sys=0.00, real=0.00 secs] 
1872.039: [GC (Allocation Failure) [PSYoungGen: 106941K->1581K(107008K)] 507038K->401678K(807424K), 0.0024006 secs] [Times: user=0.00 sys=0.00, real=0.00 secs] 
1872.241: [GC (Allocation Failure) [PSYoungGen: 106541K->589K(105472K)] 506638K->401710K(805888K), 0.0017029 secs] [Times: user=0.01 sys=0.00, real=0.00 secs] 
1872.865: [GC (Allocation Failure) [PSYoungGen: 105037K->1424K(105472K)] 506158K->402545K(805888K), 0.0032117 secs] [Times: user=0.02 sys=0.00, real=0.01 secs] 
1873.658: [GC (Allocation Failure) [PSYoungGen: 105360K->1376K(104960K)] 506481K->402497K(805376K), 0.0027347 secs] [Times: user=0.01 sys=0.00, real=0.00 secs] 
1874.459: [GC (Allocation Failure) [PSYoungGen: 104800K->1344K(104448K)] 505921K->402465K(804864K), 0.0031476 secs] [Times: user=0.01 sys=0.00, real=0.00 secs] 
1874.753: [GC (Allocation Failure) [PSYoungGen: 104256K->1533K(103936K)] 505377K->402662K(804352K), 0.0019658 secs] [Times: user=0.00 sys=0.00, real=0.00 secs] 
1874.937: [GC (Allocation Failure) [PSYoungGen: 103933K->1584K(103936K)] 505062K->402713K(804352K), 0.0020163 secs] [Times: user=0.01 sys=0.00, real=0.00 secs] 
1876.170: [GC (Allocation Failure) [PSYoungGen: 103472K->416K(102400K)] 504601K->402569K(802816K), 0.0073261 secs] [Times: user=0.03 sys=0.00, real=0.01 secs] 
1877.331: [GC (Allocation Failure) [PSYoungGen: 101792K->352K(101376K)] 503945K->402505K(801792K), 0.0034270 secs] [Times: user=0.02 sys=0.00, real=0.00 secs] 
1878.370: [GC (Allocation Failure) [PSYoungGen: 101216K->384K(102400K)] 503369K->402545K(802816K), 0.0035553 secs] [Times: user=0.01 sys=0.01, real=0.00 secs] 
1878.957: [GC (Allocation Failure) [PSYoungGen: 100736K->1549K(101888K)] 502897K->403710K(802304K), 0.0021722 secs] [Times: user=0.01 sys=0.00, real=0.00 secs] 
1879.151: [GC (Allocation Failure) [PSYoungGen: 101389K->1581K(101376K)] 503550K->403742K(801792K), 0.0018550 secs] [Times: user=0.01 sys=0.00, real=0.00 secs] 
1879.452: [GC (Allocation Failure) [PSYoungGen: 100909K->2032K(100864K)] 503070K->404193K(801280K), 0.0025981 secs] [Times: user=0.01 sys=0.00, real=0.00 secs] 
1880.037: [GC (Allocation Failure) [PSYoungGen: 100848K->1408K(100352K)] 503009K->403569K(800768K), 0.0023524 secs] [Times: user=0.01 sys=0.00, real=0.00 secs] 
1880.722: [GC (Allocation Failure) [PSYoungGen: 99712K->1408K(99328K)] 501873K->403569K(799744K), 0.0024019 secs] [Times: user=0.01 sys=0.01, real=0.00 secs] 
1881.736: [GC (Allocation Failure) [PSYoungGen: 99200K->1469K(99328K)] 501361K->403630K(799744K), 0.0023652 secs] [Times: user=0.01 sys=0.00, real=0.01 secs] 
1881.925: [GC (Allocation Failure) [PSYoungGen: 98749K->1584K(98816K)] 500910K->403745K(799232K), 0.0018044 secs] [Times: user=0.00 sys=0.00, real=0.00 secs] 
1882.098: [GC (Allocation Failure) [PSYoungGen: 98352K->1616K(98304K)] 500513K->403777K(798720K), 0.0017312 secs] [Times: user=0.00 sys=0.00, real=0.00 secs] 
1884.263: [GC (Allocation Failure) [PSYoungGen: 97872K->1440K(97280K)] 500033K->403601K(797696K), 0.0029606 secs] [Times: user=0.01 sys=0.00, real=0.00 secs] 
1885.165: [GC (Allocation Failure) [PSYoungGen: 97184K->1424K(97280K)] 499345K->403585K(797696K), 0.0023184 secs] [Times: user=0.01 sys=0.00, real=0.01 secs] 
1885.577: [GC (Allocation Failure) [PSYoungGen: 96656K->1376K(96256K)] 498817K->403537K(796672K), 0.0022001 secs] [Times: user=0.01 sys=0.00, real=0.00 secs] 
1885.891: [GC (Allocation Failure) [PSYoungGen: 96096K->1485K(96256K)] 498257K->403646K(796672K), 0.0017470 secs] [Times: user=0.00 sys=0.00, real=0.00 secs] 
1886.057: [GC (Allocation Failure) [PSYoungGen: 95693K->1533K(95232K)] 497854K->403694K(795648K), 0.0019177 secs] [Times: user=0.01 sys=0.00, real=0.00 secs] 
1886.225: [GC (Allocation Failure) [PSYoungGen: 95229K->1469K(95744K)] 497390K->403630K(796160K), 0.0020019 secs] [Times: user=0.01 sys=0.00, real=0.01 secs] 
1886.658: [GC (Allocation Failure) [PSYoungGen: 95165K->1392K(94720K)] 497326K->403577K(795136K), 0.0021031 secs] [Times: user=0.01 sys=0.00, real=0.00 secs] 
1887.100: [GC (Allocation Failure) [PSYoungGen: 94576K->1344K(94208K)] 496761K->403529K(794624K), 0.0021022 secs] [Times: user=0.01 sys=0.00, real=0.00 secs] 
1887.506: [GC (Allocation Failure) [PSYoungGen: 94016K->1392K(93696K)] 496201K->403577K(794112K), 0.0023657 secs] [Times: user=0.01 sys=0.00, real=0.01 secs] 
1887.752: [GC (Allocation Failure) [PSYoungGen: 93552K->1549K(93696K)] 495737K->403734K(794112K), 0.0017660 secs] [Times: user=0.01 sys=0.00, real=0.00 secs] 
1887.916: [GC (Allocation Failure) [PSYoungGen: 93197K->1549K(94208K)] 495382K->403734K(794624K), 0.0017521 secs] [Times: user=0.01 sys=0.00, real=0.01 secs] 
1888.178: [GC (Allocation Failure) [PSYoungGen: 93709K->1712K(100864K)] 495894K->403897K(801280K), 0.0023112 secs] [Times: user=0.00 sys=0.00, real=0.00 secs] 
1891.394: [GC (Allocation Failure) [PSYoungGen: 100528K->1408K(99840K)] 502713K->403593K(800256K), 0.0055527 secs] [Times: user=0.02 sys=0.01, real=0.01 secs] 
1892.641: [GC (Allocation Failure) [PSYoungGen: 99712K->1440K(99328K)] 501897K->403625K(799744K), 0.0046697 secs] [Times: user=0.01 sys=0.00, real=0.00 secs] 
1893.500: [GC (Allocation Failure) [PSYoungGen: 99232K->1501K(98816K)] 501417K->403686K(799232K), 0.0025814 secs] [Times: user=0.01 sys=0.00, real=0.00 secs] 
1893.708: [GC (Allocation Failure) [PSYoungGen: 98781K->1581K(98816K)] 500966K->403766K(799232K), 0.0018134 secs] [Times: user=0.01 sys=0.00, real=0.00 secs] 
1893.882: [GC (Allocation Failure) [PSYoungGen: 98349K->1613K(98304K)] 500534K->403798K(798720K), 0.0019041 secs] [Times: user=0.01 sys=0.00, real=0.00 secs] 
1894.278: [GC (Allocation Failure) [PSYoungGen: 97869K->448K(96256K)] 500054K->403657K(796672K), 0.0021681 secs] [Times: user=0.01 sys=0.00, real=0.00 secs] 
1894.688: [GC (Allocation Failure) [PSYoungGen: 96192K->352K(97280K)] 499401K->403561K(797696K), 0.0020434 secs] [Times: user=0.01 sys=0.00, real=0.00 secs] 
1895.174: [GC (Allocation Failure) [PSYoungGen: 95584K->368K(96768K)] 498793K->403577K(797184K), 0.0021265 secs] [Times: user=0.01 sys=0.01, real=0.00 secs] 
1895.507: [GC (Allocation Failure) [PSYoungGen: 95088K->1552K(96256K)] 498297K->404761K(796672K), 0.0018518 secs] [Times: user=0.01 sys=0.00, real=0.00 secs] 
1895.674: [GC (Allocation Failure) [PSYoungGen: 95760K->1520K(95744K)] 498969K->404729K(796160K), 0.0018931 secs] [Times: user=0.01 sys=0.00, real=0.00 secs] 
1895.841: [GC (Allocation Failure) [PSYoungGen: 95216K->1488K(96256K)] 498425K->404697K(796672K), 0.0018779 secs] [Times: user=0.01 sys=0.00, real=0.00 secs] 
1897.227: [GC (Allocation Failure) [PSYoungGen: 95184K->1440K(94720K)] 498393K->404673K(795136K), 0.0024450 secs] [Times: user=0.01 sys=0.00, real=0.00 secs] 
1898.359: [GC (Allocation Failure) [PSYoungGen: 94624K->1456K(94208K)] 497857K->404697K(794624K), 0.0031916 secs] [Times: user=0.02 sys=0.00, real=0.00 secs] 
1899.238: [GC (Allocation Failure) [PSYoungGen: 94128K->1376K(93696K)] 497369K->404617K(794112K), 0.0026948 secs] [Times: user=0.01 sys=0.00, real=0.00 secs] 
1899.570: [GC (Allocation Failure) [PSYoungGen: 93536K->1533K(93184K)] 496777K->404782K(793600K), 0.0018651 secs] [Times: user=0.01 sys=0.00, real=0.00 secs] 
1899.733: [GC (Allocation Failure) [PSYoungGen: 93181K->1581K(93184K)] 496430K->404830K(793600K), 0.0018774 secs] [Times: user=0.00 sys=0.00, real=0.00 secs] 
1899.895: [GC (Allocation Failure) [PSYoungGen: 92717K->1549K(99328K)] 495966K->404798K(799744K), 0.0017755 secs] [Times: user=0.01 sys=0.00, real=0.00 secs] 
1901.492: [GC (Allocation Failure) [PSYoungGen: 98317K->1440K(97792K)] 501566K->404689K(798208K), 0.0027986 secs] [Times: user=0.01 sys=0.00, real=0.00 secs] 
1903.299: [GC (Allocation Failure) [PSYoungGen: 97696K->1408K(97280K)] 500945K->404657K(797696K), 0.0048725 secs] [Times: user=0.02 sys=0.00, real=0.00 secs] 
1904.410: [GC (Allocation Failure) [PSYoungGen: 97152K->1501K(96768K)] 500401K->404750K(797184K), 0.0026973 secs] [Times: user=0.01 sys=0.00, real=0.00 secs] 
1904.618: [GC (Allocation Failure) [PSYoungGen: 96733K->1549K(96768K)] 499982K->404798K(797184K), 0.0019224 secs] [Times: user=0.01 sys=0.00, real=0.00 secs] 
1904.788: [GC (Allocation Failure) [PSYoungGen: 96269K->557K(95232K)] 499518K->404830K(795648K), 0.0017823 secs] [Times: user=0.01 sys=0.00, real=0.00 secs] 
1906.470: [GC (Allocation Failure) [PSYoungGen: 94765K->1440K(96256K)] 499038K->405713K(796672K), 0.0040261 secs] [Times: user=0.02 sys=0.00, real=0.00 secs] 
1908.452: [GC (Allocation Failure) [PSYoungGen: 95136K->1344K(94720K)] 499409K->405617K(795136K), 0.0045590 secs] [Times: user=0.02 sys=0.00, real=0.00 secs] 
1910.071: [GC (Allocation Failure) [PSYoungGen: 94528K->1376K(94208K)] 498801K->405649K(794624K), 0.0037726 secs] [Times: user=0.02 sys=0.00, real=0.00 secs] 
1911.171: [GC (Allocation Failure) [PSYoungGen: 94048K->1485K(93696K)] 498321K->405758K(794112K), 0.0027147 secs] [Times: user=0.01 sys=0.00, real=0.00 secs] 
1911.383: [GC (Allocation Failure) [PSYoungGen: 93645K->1549K(93696K)] 497918K->405822K(794112K), 0.0018425 secs] [Times: user=0.00 sys=0.00, real=0.00 secs] 
1911.547: [GC (Allocation Failure) [PSYoungGen: 93197K->496K(91648K)] 497470K->405817K(792064K), 0.0018195 secs] [Times: user=0.01 sys=0.00, real=0.00 secs] 
1911.896: [GC (Allocation Failure) [PSYoungGen: 91632K->1392K(92672K)] 496953K->406713K(793088K), 0.0030510 secs] [Times: user=0.01 sys=0.00, real=0.01 secs] 
1912.416: [GC (Allocation Failure) [PSYoungGen: 92016K->1392K(91648K)] 497337K->406713K(792064K), 0.0025809 secs] [Times: user=0.01 sys=0.00, real=0.01 secs] 
1912.878: [GC (Allocation Failure) [PSYoungGen: 91504K->1392K(91136K)] 496825K->406713K(791552K), 0.0022660 secs] [Times: user=0.01 sys=0.00, real=0.00 secs] 
1913.448: [GC (Allocation Failure) [PSYoungGen: 90992K->1485K(90624K)] 496313K->406806K(791040K), 0.0039595 secs] [Times: user=0.02 sys=0.00, real=0.00 secs] 
1913.647: [GC (Allocation Failure) [PSYoungGen: 90573K->1581K(90624K)] 495894K->406902K(791040K), 0.0019041 secs] [Times: user=0.01 sys=0.00, real=0.00 secs] 
1913.807: [GC (Allocation Failure) [PSYoungGen: 90157K->525K(91648K)] 495478K->406870K(792064K), 0.0018486 secs] [Times: user=0.01 sys=0.00, real=0.00 secs] 
1914.689: [GC (Allocation Failure) [PSYoungGen: 91149K->1456K(91648K)] 497494K->407801K(792064K), 0.0025594 secs] [Times: user=0.01 sys=0.00, real=0.00 secs] 
1915.450: [GC (Allocation Failure) [PSYoungGen: 91568K->1408K(91136K)] 497913K->407753K(791552K), 0.0037026 secs] [Times: user=0.02 sys=0.00, real=0.00 secs] 
1916.198: [GC (Allocation Failure) [PSYoungGen: 91008K->1360K(90624K)] 497353K->407705K(791040K), 0.0037314 secs] [Times: user=0.02 sys=0.00, real=0.00 secs] 
1916.587: [GC (Allocation Failure) [PSYoungGen: 90448K->1472K(90112K)] 496793K->407817K(790528K), 0.0025329 secs] [Times: user=0.00 sys=0.00, real=0.00 secs] 
1916.777: [GC (Allocation Failure) [PSYoungGen: 90048K->1581K(90112K)] 496393K->407966K(790528K), 0.0018643 secs] [Times: user=0.01 sys=0.00, real=0.01 secs] 
1916.934: [GC (Allocation Failure) [PSYoungGen: 89645K->1517K(90112K)] 496030K->407950K(790528K), 0.0017729 secs] [Times: user=0.01 sys=0.00, real=0.00 secs] 
1917.360: [GC (Allocation Failure) [PSYoungGen: 90093K->1456K(90624K)] 496526K->407889K(791040K), 0.0020036 secs] [Times: user=0.01 sys=0.00, real=0.00 secs] 
1918.073: [GC (Allocation Failure) [PSYoungGen: 90032K->1408K(89600K)] 496465K->407841K(790016K), 0.0023607 secs] [Times: user=0.01 sys=0.00, real=0.00 secs] 
1918.833: [GC (Allocation Failure) [PSYoungGen: 89472K->1376K(89088K)] 495905K->407809K(789504K), 0.0037942 secs] [Times: user=0.01 sys=0.00, real=0.01 secs] 
1919.456: [GC (Allocation Failure) [PSYoungGen: 88928K->1469K(88576K)] 495361K->407902K(788992K), 0.0023597 secs] [Times: user=0.01 sys=0.00, real=0.01 secs] 
1919.638: [GC (Allocation Failure) [PSYoungGen: 88509K->1533K(88064K)] 494942K->407966K(788480K), 0.0017329 secs] [Times: user=0.01 sys=0.00, real=0.00 secs] 
1919.793: [GC (Allocation Failure) [PSYoungGen: 88061K->1533K(94720K)] 494494K->407998K(795136K), 0.0019995 secs] [Times: user=0.00 sys=0.00, real=0.00 secs] 
1920.241: [GC (Allocation Failure) [PSYoungGen: 94717K->1504K(95232K)] 501182K->407969K(795648K), 0.0022419 secs] [Times: user=0.01 sys=0.00, real=0.00 secs] 
1921.029: [GC (Allocation Failure) [PSYoungGen: 94688K->1472K(102400K)] 501153K->407937K(802816K), 0.0342945 secs] [Times: user=0.09 sys=0.06, real=0.03 secs] 
1921.945: [GC (Allocation Failure) [PSYoungGen: 101824K->1344K(102400K)] 508289K->407809K(802816K), 0.0029686 secs] [Times: user=0.01 sys=0.00, real=0.01 secs] 
1922.597: [GC (Allocation Failure) [PSYoungGen: 101696K->1536K(112128K)] 508161K->408001K(812544K), 0.0032590 secs] [Times: user=0.01 sys=0.01, real=0.00 secs] 
1922.798: [GC (Allocation Failure) [PSYoungGen: 111616K->1565K(113152K)] 518081K->408030K(813568K), 0.0018588 secs] [Times: user=0.01 sys=0.00, real=0.00 secs] 
1923.289: [GC (Allocation Failure) [PSYoungGen: 112669K->2016K(121856K)] 519134K->409001K(822272K), 0.0026406 secs] [Times: user=0.01 sys=0.00, real=0.00 secs] 
1924.447: [GC (Allocation Failure) [PSYoungGen: 121824K->1376K(122368K)] 528809K->408361K(822784K), 0.0022886 secs] [Times: user=0.01 sys=0.00, real=0.01 secs] 
1925.475: [GC (Allocation Failure) [PSYoungGen: 121184K->1408K(120320K)] 528169K->408393K(820736K), 0.0025771 secs] [Times: user=0.01 sys=0.00, real=0.01 secs] 
1925.813: [GC (Allocation Failure) [PSYoungGen: 120192K->1549K(130560K)] 527177K->408550K(830976K), 0.0223908 secs] [Times: user=0.04 sys=0.05, real=0.02 secs] 
1926.061: [GC (Allocation Failure) [PSYoungGen: 129549K->1533K(137216K)] 536550K->408574K(837632K), 0.0017384 secs] [Times: user=0.00 sys=0.00, real=0.00 secs] 
1926.827: [GC (Allocation Failure) [PSYoungGen: 136189K->1456K(136704K)] 543230K->408497K(837120K), 0.0022869 secs] [Times: user=0.01 sys=0.00, real=0.00 secs] 
1928.094: [GC (Allocation Failure) [PSYoungGen: 136112K->1408K(148992K)] 543153K->408457K(849408K), 0.0031503 secs] [Times: user=0.01 sys=0.00, real=0.01 secs] 
1928.822: [GC (Allocation Failure) [PSYoungGen: 148864K->1533K(150528K)] 555913K->408582K(850944K), 0.0017243 secs] [Times: user=0.01 sys=0.01, real=0.00 secs] 
1929.088: [GC (Allocation Failure) [PSYoungGen: 150013K->1597K(162304K)] 557062K->408646K(862720K), 0.0017970 secs] [Times: user=0.01 sys=0.00, real=0.00 secs] 
1930.982: [GC (Allocation Failure) [PSYoungGen: 161853K->1440K(160256K)] 568902K->408489K(860672K), 0.0042331 secs] [Times: user=0.01 sys=0.00, real=0.00 secs] 
1932.297: [GC (Allocation Failure) [PSYoungGen: 160160K->477K(157696K)] 567209K->408550K(858112K), 0.0024699 secs] [Times: user=0.01 sys=0.00, real=0.00 secs] 
1932.597: [GC (Allocation Failure) [PSYoungGen: 157661K->592K(156672K)] 565734K->408665K(857088K), 0.0018130 secs] [Times: user=0.01 sys=0.00, real=0.01 secs] 
1933.735: [GC (Allocation Failure) [PSYoungGen: 156240K->1424K(155648K)] 564313K->409497K(856064K), 0.0051585 secs] [Times: user=0.02 sys=0.00, real=0.01 secs] 
1935.788: [GC (Allocation Failure) [PSYoungGen: 155536K->1440K(154112K)] 563609K->409521K(854528K), 0.0041031 secs] [Times: user=0.02 sys=0.00, real=0.00 secs] 
1936.803: [GC (Allocation Failure) [PSYoungGen: 154016K->1597K(153088K)] 562097K->409678K(853504K), 0.0018505 secs] [Times: user=0.01 sys=0.00, real=0.00 secs] 
1937.069: [GC (Allocation Failure) [PSYoungGen: 152637K->1597K(151552K)] 560718K->409678K(851968K), 0.0020307 secs] [Times: user=0.01 sys=0.00, real=0.00 secs] 
1938.747: [GC (Allocation Failure) [PSYoungGen: 151101K->368K(148480K)] 559182K->409473K(848896K), 0.0029465 secs] [Times: user=0.01 sys=0.00, real=0.00 secs] 
1940.122: [GC (Allocation Failure) [PSYoungGen: 148336K->1469K(148992K)] 557441K->410582K(849408K), 0.0028513 secs] [Times: user=0.01 sys=0.00, real=0.00 secs] 
1940.434: [GC (Allocation Failure) [PSYoungGen: 147901K->1597K(146944K)] 557014K->410710K(847360K), 0.0018903 secs] [Times: user=0.01 sys=0.00, real=0.00 secs] 
1940.831: [GC (Allocation Failure) [PSYoungGen: 146493K->1456K(145408K)] 555606K->410569K(845824K), 0.0023783 secs] [Times: user=0.01 sys=0.00, real=0.00 secs] 
1942.115: [GC (Allocation Failure) [PSYoungGen: 145328K->1376K(144384K)] 554441K->410489K(844800K), 0.0024735 secs] [Times: user=0.01 sys=0.00, real=0.01 secs] 
1943.297: [GC (Allocation Failure) [PSYoungGen: 144224K->1533K(143360K)] 553337K->410662K(843776K), 0.0025250 secs] [Times: user=0.01 sys=0.00, real=0.00 secs] 
1943.633: [GC (Allocation Failure) [PSYoungGen: 143357K->1597K(142848K)] 552486K->410726K(843264K), 0.0019629 secs] [Times: user=0.00 sys=0.00, real=0.00 secs] 
1944.161: [GC (Allocation Failure) [PSYoungGen: 142397K->1472K(141312K)] 551526K->410601K(841728K), 0.0023885 secs] [Times: user=0.01 sys=0.00, real=0.00 secs] 
1944.769: [GC (Allocation Failure) [PSYoungGen: 141248K->1376K(140288K)] 550377K->410513K(840704K), 0.0022975 secs] [Times: user=0.01 sys=0.00, real=0.00 secs] 
1945.206: [GC (Allocation Failure) [PSYoungGen: 140128K->1469K(139264K)] 549265K->410606K(839680K), 0.0018175 secs] [Times: user=0.01 sys=0.00, real=0.01 secs] 
1945.533: [GC (Allocation Failure) [PSYoungGen: 139197K->1533K(138240K)] 548334K->410726K(838656K), 0.0019880 secs] [Times: user=0.01 sys=0.00, real=0.00 secs] 
1947.350: [GC (Allocation Failure) [PSYoungGen: 138237K->1472K(137216K)] 547430K->410673K(837632K), 0.0039580 secs] [Times: user=0.02 sys=0.00, real=0.00 secs] 
1948.405: [GC (Allocation Failure) [PSYoungGen: 137152K->1408K(136192K)] 546353K->410609K(836608K), 0.0031179 secs] [Times: user=0.01 sys=0.00, real=0.01 secs] 
1949.071: [GC (Allocation Failure) [PSYoungGen: 136064K->1565K(135680K)] 545265K->410766K(836096K), 0.0019134 secs] [Times: user=0.01 sys=0.00, real=0.00 secs] 
1949.307: [GC (Allocation Failure) [PSYoungGen: 135197K->605K(133632K)] 544398K->410830K(834048K), 0.0018260 secs] [Times: user=0.01 sys=0.00, real=0.01 secs] 
1950.452: [GC (Allocation Failure) [PSYoungGen: 133213K->1424K(133120K)] 543438K->411665K(833536K), 0.0037866 secs] [Times: user=0.01 sys=0.00, real=0.00 secs] 
1951.656: [GC (Allocation Failure) [PSYoungGen: 133008K->1408K(132096K)] 543249K->411649K(832512K), 0.0045569 secs] [Times: user=0.02 sys=0.00, real=0.01 secs] 
1952.493: [GC (Allocation Failure) [PSYoungGen: 131968K->1533K(131072K)] 542209K->411774K(831488K), 0.0020147 secs] [Times: user=0.01 sys=0.00, real=0.00 secs] 
1952.724: [GC (Allocation Failure) [PSYoungGen: 131069K->1533K(130048K)] 541310K->411830K(830464K), 0.0017470 secs] [Times: user=0.01 sys=0.00, real=0.00 secs] 
1953.523: [GC (Allocation Failure) [PSYoungGen: 130045K->1472K(129024K)] 540342K->411769K(829440K), 0.0026424 secs] [Times: user=0.01 sys=0.00, real=0.00 secs] 
1954.523: [GC (Allocation Failure) [PSYoungGen: 128960K->1408K(128000K)] 539257K->411705K(828416K), 0.0029193 secs] [Times: user=0.01 sys=0.00, real=0.00 secs] 
1955.800: [GC (Allocation Failure) [PSYoungGen: 127872K->1504K(126976K)] 538169K->411801K(827392K), 0.0025402 secs] [Times: user=0.01 sys=0.00, real=0.00 secs] 
1956.043: [GC (Allocation Failure) [PSYoungGen: 126944K->1533K(125952K)] 537241K->411854K(826368K), 0.0018949 secs] [Times: user=0.01 sys=0.00, real=0.00 secs] 
1956.666: [GC (Allocation Failure) [PSYoungGen: 125949K->1472K(124928K)] 536270K->411793K(825344K), 0.0026162 secs] [Times: user=0.01 sys=0.00, real=0.01 secs] 
1957.241: [GC (Allocation Failure) [PSYoungGen: 124864K->1408K(123904K)] 535185K->411729K(824320K), 0.0021337 secs] [Times: user=0.01 sys=0.00, real=0.00 secs] 
1957.944: [GC (Allocation Failure) [PSYoungGen: 123776K->1408K(122880K)] 534097K->411729K(823296K), 0.0022831 secs] [Times: user=0.01 sys=0.00, real=0.00 secs] 
1958.193: [GC (Allocation Failure) [PSYoungGen: 122752K->1533K(121856K)] 533073K->411854K(822272K), 0.0019253 secs] [Times: user=0.01 sys=0.00, real=0.00 secs] 
1958.404: [GC (Allocation Failure) [PSYoungGen: 121853K->1581K(121344K)] 532174K->411910K(821760K), 0.0019549 secs] [Times: user=0.01 sys=0.00, real=0.00 secs] 
1960.209: [GC (Allocation Failure) [PSYoungGen: 120877K->416K(118784K)] 531206K->411769K(819200K), 0.0037627 secs] [Times: user=0.02 sys=0.00, real=0.00 secs] 
1960.993: [GC (Allocation Failure) [PSYoungGen: 118688K->352K(119296K)] 530041K->411705K(819712K), 0.0023041 secs] [Times: user=0.01 sys=0.00, real=0.00 secs] 
1961.389: [GC (Allocation Failure) [PSYoungGen: 117600K->1549K(118272K)] 528953K->412902K(818688K), 0.0018237 secs] [Times: user=0.00 sys=0.00, real=0.00 secs] 
1961.595: [GC (Allocation Failure) [PSYoungGen: 117773K->1597K(117760K)] 529126K->412950K(818176K), 0.0019115 secs] [Times: user=0.00 sys=0.00, real=0.01 secs] 
1962.017: [GC (Allocation Failure) [PSYoungGen: 117309K->1472K(116736K)] 528662K->412825K(817152K), 0.0021510 secs] [Times: user=0.01 sys=0.00, real=0.01 secs] 
1963.019: [GC (Allocation Failure) [PSYoungGen: 116672K->1408K(116224K)] 528025K->412801K(816640K), 0.0031707 secs] [Times: user=0.01 sys=0.00, real=0.00 secs] 
1963.495: [GC (Allocation Failure) [PSYoungGen: 116096K->1376K(115712K)] 527489K->412769K(816128K), 0.0025046 secs] [Times: user=0.01 sys=0.01, real=0.01 secs] 
1963.796: [GC (Allocation Failure) [PSYoungGen: 115552K->1549K(115712K)] 526945K->412942K(816128K), 0.0019617 secs] [Times: user=0.00 sys=0.00, real=0.01 secs] 
1963.998: [GC (Allocation Failure) [PSYoungGen: 115213K->525K(114176K)] 526606K->412942K(814592K), 0.0018089 secs] [Times: user=0.01 sys=0.01, real=0.00 secs] 
1964.701: [GC (Allocation Failure) [PSYoungGen: 113677K->1456K(114176K)] 526094K->413873K(814592K), 0.0029795 secs] [Times: user=0.01 sys=0.01, real=0.00 secs] 
1965.711: [GC (Allocation Failure) [PSYoungGen: 114096K->1440K(113664K)] 526513K->413857K(814080K), 0.0026893 secs] [Times: user=0.01 sys=0.00, real=0.00 secs] 
1966.221: [GC (Allocation Failure) [PSYoungGen: 113568K->1437K(113152K)] 525985K->413854K(813568K), 0.0024429 secs] [Times: user=0.01 sys=0.00, real=0.00 secs] 
1966.433: [GC (Allocation Failure) [PSYoungGen: 113053K->1504K(112640K)] 525470K->413985K(813056K), 0.0018845 secs] [Times: user=0.01 sys=0.00, real=0.00 secs] 
1966.631: [GC (Allocation Failure) [PSYoungGen: 112608K->1565K(112640K)] 525089K->414046K(813056K), 0.0018852 secs] [Times: user=0.01 sys=0.00, real=0.00 secs] 
1968.396: [GC (Allocation Failure) [PSYoungGen: 112157K->416K(110592K)] 524638K->413921K(811008K), 0.0041573 secs] [Times: user=0.02 sys=0.00, real=0.01 secs] 
1969.452: [GC (Allocation Failure) [PSYoungGen: 110496K->352K(112128K)] 524001K->413857K(812544K), 0.0034713 secs] [Times: user=0.02 sys=0.00, real=0.00 secs] 
1970.408: [GC (Allocation Failure) [PSYoungGen: 109906K->1456K(110592K)] 523411K->414961K(811008K), 0.0028300 secs] [Times: user=0.01 sys=0.00, real=0.00 secs] 
1970.644: [GC (Allocation Failure) [PSYoungGen: 110512K->1520K(110080K)] 524017K->415025K(810496K), 0.0018786 secs] [Times: user=0.00 sys=0.00, real=0.00 secs] 
1970.843: [GC (Allocation Failure) [PSYoungGen: 110064K->1565K(110080K)] 523569K->415070K(810496K), 0.0018507 secs] [Times: user=0.00 sys=0.00, real=0.00 secs] 
1971.810: [GC (Allocation Failure) [PSYoungGen: 109597K->1472K(109056K)] 523102K->414977K(809472K), 0.0040667 secs] [Times: user=0.02 sys=0.00, real=0.00 secs] 
1973.379: [GC (Allocation Failure) [PSYoungGen: 108992K->1424K(108544K)] 522497K->414929K(808960K), 0.0036448 secs] [Times: user=0.02 sys=0.01, real=0.00 secs] 
1974.527: [GC (Allocation Failure) [PSYoungGen: 108432K->1485K(108032K)] 521937K->414990K(808448K), 0.0029289 secs] [Times: user=0.02 sys=0.00, real=0.00 secs] 
1974.767: [GC (Allocation Failure) [PSYoungGen: 107981K->1568K(108032K)] 521486K->415073K(808448K), 0.0018162 secs] [Times: user=0.00 sys=0.00, real=0.00 secs] 
1974.955: [GC (Allocation Failure) [PSYoungGen: 107552K->1565K(107520K)] 521057K->415070K(807936K), 0.0018334 secs] [Times: user=0.01 sys=0.00, real=0.01 secs] 
1975.390: [GC (Allocation Failure) [PSYoungGen: 107037K->1440K(106496K)] 520542K->414953K(806912K), 0.0021163 secs] [Times: user=0.01 sys=0.00, real=0.00 secs] 
1975.888: [GC (Allocation Failure) [PSYoungGen: 106400K->1408K(105984K)] 519913K->414921K(806400K), 0.0023507 secs] [Times: user=0.01 sys=0.00, real=0.00 secs] 
1976.331: [GC (Allocation Failure) [PSYoungGen: 105856K->1533K(105472K)] 519369K->415046K(805888K), 0.0023096 secs] [Times: user=0.01 sys=0.00, real=0.00 secs] 
1976.520: [GC (Allocation Failure) [PSYoungGen: 105469K->1533K(104960K)] 518982K->415046K(805376K), 0.0020194 secs] [Times: user=0.00 sys=0.00, real=0.00 secs] 
1976.705: [GC (Allocation Failure) [PSYoungGen: 104957K->1533K(113152K)] 518470K->415054K(813568K), 0.0017746 secs] [Times: user=0.01 sys=0.00, real=0.00 secs] 
1977.381: [GC (Allocation Failure) [PSYoungGen: 113149K->1424K(112640K)] 526670K->414961K(813056K), 0.0022760 secs] [Times: user=0.01 sys=0.01, real=0.00 secs] 
1978.373: [GC (Allocation Failure) [PSYoungGen: 112528K->1408K(112128K)] 526065K->414953K(812544K), 0.0029634 secs] [Times: user=0.01 sys=0.00, real=0.00 secs] 
1979.087: [GC (Allocation Failure) [PSYoungGen: 112000K->1472K(111616K)] 525545K->415017K(812032K), 0.0022530 secs] [Times: user=0.01 sys=0.00, real=0.01 secs] 
1979.294: [GC (Allocation Failure) [PSYoungGen: 111552K->1533K(111104K)] 525097K->415086K(811520K), 0.0017295 secs] [Times: user=0.01 sys=0.00, real=0.00 secs] 
1979.487: [GC (Allocation Failure) [PSYoungGen: 111101K->1565K(111104K)] 524654K->415118K(811520K), 0.0018494 secs] [Times: user=0.00 sys=0.00, real=0.00 secs] 
1979.960: [GC (Allocation Failure) [PSYoungGen: 110621K->400K(109056K)] 524174K->414977K(809472K), 0.0022442 secs] [Times: user=0.01 sys=0.00, real=0.00 secs] 
1980.449: [GC (Allocation Failure) [PSYoungGen: 108944K->352K(108544K)] 523521K->414929K(808960K), 0.0020164 secs] [Times: user=0.01 sys=0.00, real=0.00 secs] 
1980.938: [GC (Allocation Failure) [PSYoungGen: 108384K->1520K(109056K)] 522961K->416097K(809472K), 0.0021862 secs] [Times: user=0.01 sys=0.00, real=0.00 secs] 
1981.206: [GC (Allocation Failure) [PSYoungGen: 109040K->1597K(109056K)] 523617K->416174K(809472K), 0.0025115 secs] [Times: user=0.00 sys=0.00, real=0.01 secs] 
1981.409: [GC (Allocation Failure) [PSYoungGen: 108605K->1536K(108544K)] 523182K->416113K(808960K), 0.0019453 secs] [Times: user=0.01 sys=0.00, real=0.00 secs] 
1982.344: [GC (Allocation Failure) [PSYoungGen: 108032K->1424K(107520K)] 522609K->416001K(807936K), 0.0034473 secs] [Times: user=0.01 sys=0.00, real=0.01 secs] 
1983.423: [GC (Allocation Failure) [PSYoungGen: 107408K->1376K(107008K)] 521985K->415953K(807424K), 0.0035691 secs] [Times: user=0.02 sys=0.00, real=0.00 secs] 
1984.574: [GC (Allocation Failure) [PSYoungGen: 106848K->1469K(106496K)] 521425K->416046K(806912K), 0.0036529 secs] [Times: user=0.01 sys=0.00, real=0.01 secs] 
1984.897: [GC (Allocation Failure) [PSYoungGen: 106429K->1565K(106496K)] 521006K->416142K(806912K), 0.0017935 secs] [Times: user=0.01 sys=0.00, real=0.00 secs] 
1985.082: [GC (Allocation Failure) [PSYoungGen: 106013K->1552K(105984K)] 520590K->416129K(806400K), 0.0019445 secs] [Times: user=0.01 sys=0.00, real=0.00 secs] 
1985.964: [GC (Allocation Failure) [PSYoungGen: 105488K->416K(103936K)] 520065K->416017K(804352K), 0.0045245 secs] [Times: user=0.02 sys=0.00, real=0.01 secs] 
1987.446: [GC (Allocation Failure) [PSYoungGen: 103840K->320K(105472K)] 519441K->415937K(805888K), 0.0035320 secs] [Times: user=0.01 sys=0.00, real=0.01 secs] 
1988.631: [GC (Allocation Failure) [PSYoungGen: 103232K->320K(102912K)] 518849K->415937K(803328K), 0.0046194 secs] [Times: user=0.02 sys=0.00, real=0.00 secs] 
1989.114: [GC (Allocation Failure) [PSYoungGen: 102720K->1549K(104448K)] 518337K->417167K(804864K), 0.0018108 secs] [Times: user=0.01 sys=0.00, real=0.00 secs] 
1989.296: [GC (Allocation Failure) [PSYoungGen: 103437K->1552K(103424K)] 519055K->417169K(803840K), 0.0019253 secs] [Times: user=0.01 sys=0.00, real=0.01 secs] 
1989.617: [GC (Allocation Failure) [PSYoungGen: 102928K->1456K(102400K)] 518545K->417073K(802816K), 0.0019698 secs] [Times: user=0.00 sys=0.00, real=0.00 secs] 
1990.350: [GC (Allocation Failure) [PSYoungGen: 102320K->1408K(101888K)] 517937K->417025K(802304K), 0.0021055 secs] [Times: user=0.01 sys=0.00, real=0.00 secs] 
1991.168: [GC (Allocation Failure) [PSYoungGen: 101760K->1376K(101376K)] 517377K->416993K(801792K), 0.0026878 secs] [Times: user=0.01 sys=0.00, real=0.00 secs] 
1991.794: [GC (Allocation Failure) [PSYoungGen: 101216K->1536K(101376K)] 516833K->417153K(801792K), 0.0022796 secs] [Times: user=0.00 sys=0.00, real=0.00 secs] 
1991.991: [GC (Allocation Failure) [PSYoungGen: 100864K->1597K(100864K)] 516481K->417215K(801280K), 0.0018547 secs] [Times: user=0.01 sys=0.00, real=0.00 secs] 
1992.168: [GC (Allocation Failure) [PSYoungGen: 100413K->1517K(99840K)] 516031K->417183K(800256K), 0.0016980 secs] [Times: user=0.00 sys=0.00, real=0.00 secs] 
1993.462: [GC (Allocation Failure) [PSYoungGen: 99821K->1408K(99328K)] 515487K->417073K(799744K), 0.0040996 secs] [Times: user=0.02 sys=0.00, real=0.00 secs] 
1994.337: [GC (Allocation Failure) [PSYoungGen: 99200K->1360K(98816K)] 514865K->417025K(799232K), 0.0032475 secs] [Times: user=0.02 sys=0.00, real=0.00 secs] 
1995.241: [GC (Allocation Failure) [PSYoungGen: 98640K->1437K(98304K)] 514305K->417102K(798720K), 0.0026226 secs] [Times: user=0.01 sys=0.00, real=0.00 secs] 
1995.448: [GC (Allocation Failure) [PSYoungGen: 98205K->1568K(98304K)] 513870K->417233K(798720K), 0.0019139 secs] [Times: user=0.01 sys=0.00, real=0.00 secs] 
1995.621: [GC (Allocation Failure) [PSYoungGen: 97824K->1565K(97792K)] 513489K->417230K(798208K), 0.0018603 secs] [Times: user=0.00 sys=0.00, real=0.00 secs] 
1995.931: [GC (Allocation Failure) [PSYoungGen: 97309K->1424K(96768K)] 512974K->417113K(797184K), 0.0021958 secs] [Times: user=0.01 sys=0.00, real=0.00 secs] 
1996.608: [GC (Allocation Failure) [PSYoungGen: 96656K->1376K(96256K)] 512345K->417065K(796672K), 0.0025308 secs] [Times: user=0.01 sys=0.00, real=0.00 secs] 
1997.474: [GC (Allocation Failure) [PSYoungGen: 96096K->1376K(95744K)] 511785K->417065K(796160K), 0.0026235 secs] [Times: user=0.01 sys=0.00, real=0.00 secs] 
1998.072: [GC (GCLocker Initiated GC) [PSYoungGen: 95584K->1501K(95232K)] 511273K->417191K(795648K), 0.0021831 secs] [Times: user=0.01 sys=0.00, real=0.00 secs] 
1998.292: [GC (Allocation Failure) [PSYoungGen: 95197K->1517K(94720K)] 510890K->417210K(795136K), 0.0021509 secs] [Times: user=0.01 sys=0.00, real=0.00 secs] 
1998.515: [GC (Allocation Failure) [PSYoungGen: 94701K->1549K(94720K)] 510394K->417242K(795136K), 0.0023451 secs] [Times: user=0.00 sys=0.00, real=0.01 secs] 
1999.222: [GC (Allocation Failure) [PSYoungGen: 94221K->400K(92672K)] 509914K->417116K(793088K), 0.0026227 secs] [Times: user=0.01 sys=0.01, real=0.00 secs] 
1999.967: [GC (Allocation Failure) [PSYoungGen: 92560K->384K(93696K)] 509276K->417100K(794112K), 0.0023011 secs] [Times: user=0.01 sys=0.00, real=0.00 secs] 
2000.743: [GC (Allocation Failure) [PSYoungGen: 92032K->384K(93184K)] 508748K->417100K(793600K), 0.0044741 secs] [Times: user=0.02 sys=0.00, real=0.01 secs] 
2001.156: [GC (Allocation Failure) [PSYoungGen: 91520K->1549K(92672K)] 508236K->418266K(793088K), 0.0023207 secs] [Times: user=0.01 sys=0.00, real=0.01 secs] 
2001.325: [GC (Allocation Failure) [PSYoungGen: 92173K->1581K(92160K)] 508890K->418298K(792576K), 0.0019348 secs] [Times: user=0.01 sys=0.00, real=0.01 secs] 
2001.490: [GC (Allocation Failure) [PSYoungGen: 91693K->1549K(92672K)] 508410K->418266K(793088K), 0.0017599 secs] [Times: user=0.01 sys=0.00, real=0.00 secs] 
2002.242: [GC (Allocation Failure) [PSYoungGen: 91661K->1440K(91136K)] 508378K->418156K(791552K), 0.0026112 secs] [Times: user=0.01 sys=0.00, real=0.00 secs] 
2002.805: [GC (Allocation Failure) [PSYoungGen: 91040K->1376K(90624K)] 507756K->418092K(791040K), 0.0031855 secs] [Times: user=0.02 sys=0.00, real=0.01 secs] 
2003.222: [GC (Allocation Failure) [PSYoungGen: 90464K->1408K(90112K)] 507180K->418124K(790528K), 0.0022162 secs] [Times: user=0.01 sys=0.01, real=0.00 secs] 
2003.586: [GC (Allocation Failure) [PSYoungGen: 89984K->1453K(89600K)] 506700K->418170K(790016K), 0.0020116 secs] [Times: user=0.00 sys=0.00, real=0.01 secs] 
2003.743: [GC (Allocation Failure) [PSYoungGen: 89517K->1504K(95744K)] 506234K->418220K(796160K), 0.0018362 secs] [Times: user=0.01 sys=0.00, real=0.00 secs] 
2003.909: [GC (Allocation Failure) [PSYoungGen: 94688K->1549K(95744K)] 511404K->418298K(796160K), 0.0019626 secs] [Times: user=0.01 sys=0.00, real=0.00 secs] 
2006.167: [GC (Allocation Failure) [PSYoungGen: 94733K->1408K(94208K)] 511482K->418164K(794624K), 0.0039273 secs] [Times: user=0.02 sys=0.00, real=0.00 secs] 
2006.938: [GC (Allocation Failure) [PSYoungGen: 94080K->1376K(93696K)] 510836K->418132K(794112K), 0.0049291 secs] [Times: user=0.02 sys=0.00, real=0.00 secs] 
2007.698: [GC (Allocation Failure) [PSYoungGen: 93536K->1408K(93184K)] 510292K->418172K(793600K), 0.0031042 secs] [Times: user=0.01 sys=0.00, real=0.00 secs] 
2007.984: [GC (Allocation Failure) [PSYoungGen: 93056K->1536K(93184K)] 509820K->418308K(793600K), 0.0017774 secs] [Times: user=0.00 sys=0.00, real=0.00 secs] 
2008.146: [GC (Allocation Failure) [PSYoungGen: 92672K->493K(98816K)] 509444K->418290K(799232K), 0.0018800 secs] [Times: user=0.01 sys=0.01, real=0.01 secs] 
2008.438: [GC (Allocation Failure) [PSYoungGen: 98797K->1760K(100864K)] 516594K->419556K(801280K), 0.0023531 secs] [Times: user=0.01 sys=0.00, real=0.00 secs] 
2009.428: [GC (Allocation Failure) [PSYoungGen: 100576K->1408K(99840K)] 518372K->419204K(800256K), 0.0023321 secs] [Times: user=0.01 sys=0.00, real=0.00 secs] 
2010.001: [GC (Allocation Failure) [PSYoungGen: 99712K->1376K(99328K)] 517508K->419172K(799744K), 0.0026196 secs] [Times: user=0.01 sys=0.01, real=0.00 secs] 
2010.999: [GC (Allocation Failure) [PSYoungGen: 99168K->1488K(98816K)] 516964K->419284K(799232K), 0.0025601 secs] [Times: user=0.01 sys=0.00, real=0.00 secs] 
2011.198: [GC (Allocation Failure) [PSYoungGen: 98768K->1581K(98816K)] 516564K->419378K(799232K), 0.0019665 secs] [Times: user=0.00 sys=0.00, real=0.00 secs] 
2011.370: [GC (Allocation Failure) [PSYoungGen: 98349K->525K(97280K)] 516146K->419346K(797696K), 0.0017948 secs] [Times: user=0.01 sys=0.00, real=0.00 secs] 
2012.504: [GC (Allocation Failure) [PSYoungGen: 96781K->1440K(97280K)] 515602K->420260K(797696K), 0.0041162 secs] [Times: user=0.02 sys=0.00, real=0.01 secs] 
2013.570: [GC (Allocation Failure) [PSYoungGen: 97184K->1408K(96768K)] 516004K->420228K(797184K), 0.0031925 secs] [Times: user=0.01 sys=0.00, real=0.00 secs] 
2014.684: [GC (Allocation Failure) [PSYoungGen: 96640K->1440K(96256K)] 515460K->420260K(796672K), 0.0030040 secs] [Times: user=0.01 sys=0.00, real=0.00 secs] 
2015.419: [GC (Allocation Failure) [PSYoungGen: 96160K->1501K(95744K)] 514980K->420322K(796160K), 0.0021893 secs] [Times: user=0.01 sys=0.00, real=0.00 secs] 
2015.593: [GC (Allocation Failure) [PSYoungGen: 95709K->1520K(95232K)] 514530K->420340K(795648K), 0.0017568 secs] [Times: user=0.01 sys=0.00, real=0.00 secs] 
2015.760: [GC (Allocation Failure) [PSYoungGen: 95216K->1533K(94720K)] 514036K->420354K(795136K), 0.0017886 secs] [Times: user=0.01 sys=0.00, real=0.00 secs] 
2017.215: [GC (Allocation Failure) [PSYoungGen: 94717K->1440K(94208K)] 513538K->420276K(794624K), 0.0024258 secs] [Times: user=0.01 sys=0.00, real=0.01 secs] 
2017.994: [GC (Allocation Failure) [PSYoungGen: 94112K->1392K(93696K)] 512948K->420228K(794112K), 0.0022799 secs] [Times: user=0.01 sys=0.00, real=0.00 secs] 
2018.502: [GC (Allocation Failure) [PSYoungGen: 93552K->1408K(93184K)] 512388K->420244K(793600K), 0.0024511 secs] [Times: user=0.01 sys=0.00, real=0.00 secs] 
2018.776: [GC (Allocation Failure) [PSYoungGen: 93056K->1469K(92672K)] 511892K->420306K(793088K), 0.0019571 secs] [Times: user=0.01 sys=0.00, real=0.01 secs] 
2018.938: [GC (Allocation Failure) [PSYoungGen: 92605K->1549K(92672K)] 511442K->420386K(793088K), 0.0020392 secs] [Times: user=0.00 sys=0.01, real=0.00 secs] 
2019.126: [GC (Allocation Failure) [PSYoungGen: 92173K->541K(98816K)] 511010K->420402K(799232K), 0.0025683 secs] [Times: user=0.01 sys=0.00, real=0.01 secs] 
2020.122: [GC (Allocation Failure) [PSYoungGen: 98333K->1392K(99840K)] 518194K->421252K(800256K), 0.0035998 secs] [Times: user=0.02 sys=0.00, real=0.00 secs] 
2020.892: [GC (Allocation Failure) [PSYoungGen: 99184K->1440K(98816K)] 519044K->421300K(799232K), 0.0025720 secs] [Times: user=0.01 sys=0.00, real=0.00 secs] 
2021.412: [GC (Allocation Failure) [PSYoungGen: 98720K->1469K(98304K)] 518580K->421330K(798720K), 0.0022121 secs] [Times: user=0.01 sys=0.00, real=0.00 secs] 
2021.600: [GC (Allocation Failure) [PSYoungGen: 98237K->1517K(97792K)] 518098K->421386K(798208K), 0.0017449 secs] [Times: user=0.01 sys=0.00, real=0.00 secs] 
2021.803: [GC (Allocation Failure) [PSYoungGen: 97773K->1565K(105984K)] 517642K->421434K(806400K), 0.0022547 secs] [Times: user=0.01 sys=0.00, real=0.00 secs] 
2023.980: [GC (Allocation Failure) [PSYoungGen: 105501K->1440K(104960K)] 525370K->421308K(805376K), 0.0055330 secs] [Times: user=0.02 sys=0.00, real=0.00 secs] 
2025.597: [GC (Allocation Failure) [PSYoungGen: 104864K->1392K(104448K)] 524732K->421260K(804864K), 0.0052988 secs] [Times: user=0.02 sys=0.01, real=0.01 secs] 
2026.999: [GC (Allocation Failure) [PSYoungGen: 104304K->1424K(103936K)] 524172K->421292K(804352K), 0.0049830 secs] [Times: user=0.02 sys=0.00, real=0.00 secs] 
2027.583: [GC (Allocation Failure) [PSYoungGen: 103824K->1504K(103424K)] 523692K->421372K(803840K), 0.0022335 secs] [Times: user=0.01 sys=0.00, real=0.00 secs] 
2027.814: [GC (Allocation Failure) [PSYoungGen: 103392K->1597K(103424K)] 523260K->421466K(803840K), 0.0022934 secs] [Times: user=0.01 sys=0.00, real=0.00 secs] 
2028.294: [GC (Allocation Failure) [PSYoungGen: 102973K->1472K(102400K)] 522842K->421348K(802816K), 0.0029194 secs] [Times: user=0.01 sys=0.00, real=0.01 secs] 
2028.801: [GC (Allocation Failure) [PSYoungGen: 102336K->1408K(101888K)] 522212K->421284K(802304K), 0.0022529 secs] [Times: user=0.01 sys=0.00, real=0.00 secs] 
2029.297: [GC (Allocation Failure) [PSYoungGen: 101760K->1408K(101376K)] 521636K->421284K(801792K), 0.0024562 secs] [Times: user=0.01 sys=0.00, real=0.00 secs] 
2029.724: [GC (Allocation Failure) [PSYoungGen: 101248K->1517K(100864K)] 521124K->421394K(801280K), 0.0017129 secs] [Times: user=0.01 sys=0.00, real=0.00 secs] 
2029.898: [GC (Allocation Failure) [PSYoungGen: 100845K->1613K(100864K)] 520722K->421490K(801280K), 0.0017695 secs] [Times: user=0.01 sys=0.00, real=0.00 secs] 
2030.074: [GC (Allocation Failure) [PSYoungGen: 100429K->589K(100864K)] 520306K->421490K(801280K), 0.0019247 secs] [Times: user=0.01 sys=0.00, real=0.00 secs] 
2030.501: [GC (Allocation Failure) [PSYoungGen: 100429K->1440K(100864K)] 521330K->422340K(801280K), 0.0021797 secs] [Times: user=0.01 sys=0.00, real=0.00 secs] 
2030.963: [GC (Allocation Failure) [PSYoungGen: 100768K->1408K(100352K)] 521668K->422308K(800768K), 0.0019209 secs] [Times: user=0.01 sys=0.00, real=0.00 secs] 
2031.423: [GC (Allocation Failure) [PSYoungGen: 100224K->1408K(99840K)] 521124K->422308K(800256K), 0.0021628 secs] [Times: user=0.01 sys=0.00, real=0.00 secs] 
2031.629: [GC (Allocation Failure) [PSYoungGen: 99712K->1549K(99840K)] 520612K->422450K(800256K), 0.0017353 secs] [Times: user=0.01 sys=0.00, real=0.00 secs] 
2031.801: [GC (Allocation Failure) [PSYoungGen: 99341K->1597K(100352K)] 520242K->422498K(800768K), 0.0018181 secs] [Times: user=0.01 sys=0.00, real=0.00 secs] 
2032.784: [GC (Allocation Failure) [PSYoungGen: 99901K->1456K(99328K)] 520802K->422364K(799744K), 0.0039699 secs] [Times: user=0.02 sys=0.00, real=0.01 secs] 
2033.820: [GC (Allocation Failure) [PSYoungGen: 99248K->1408K(98816K)] 520156K->422316K(799232K), 0.0040442 secs] [Times: user=0.01 sys=0.00, real=0.00 secs] 
2035.270: [GC (Allocation Failure) [PSYoungGen: 98688K->1376K(98304K)] 519596K->422308K(798720K), 0.0050502 secs] [Times: user=0.02 sys=0.00, real=0.00 secs] 
2036.212: [GC (Allocation Failure) [PSYoungGen: 98144K->1488K(97792K)] 519076K->422421K(798208K), 0.0023180 secs] [Times: user=0.01 sys=0.00, real=0.00 secs] 
2036.407: [GC (Allocation Failure) [PSYoungGen: 97744K->1517K(97280K)] 518677K->422458K(797696K), 0.0018693 secs] [Times: user=0.00 sys=0.00, real=0.00 secs] 
2036.575: [GC (Allocation Failure) [PSYoungGen: 97261K->1517K(96768K)] 518202K->422458K(797184K), 0.0019608 secs] [Times: user=0.00 sys=0.00, real=0.01 secs] 
2037.621: [GC (Allocation Failure) [PSYoungGen: 96749K->1392K(96256K)] 517690K->422332K(796672K), 0.0044326 secs] [Times: user=0.01 sys=0.00, real=0.00 secs] 
2038.745: [GC (Allocation Failure) [PSYoungGen: 96112K->1376K(95744K)] 517052K->422316K(796160K), 0.0037955 secs] [Times: user=0.02 sys=0.00, real=0.01 secs] 
2039.843: [GC (Allocation Failure) [PSYoungGen: 95584K->1408K(95232K)] 516524K->422348K(795648K), 0.0034190 secs] [Times: user=0.01 sys=0.00, real=0.01 secs] 
2040.362: [GC (Allocation Failure) [PSYoungGen: 95104K->1581K(95232K)] 516044K->422522K(795648K), 0.0019324 secs] [Times: user=0.01 sys=0.00, real=0.00 secs] 
2040.528: [GC (Allocation Failure) [PSYoungGen: 94765K->493K(93184K)] 515706K->422458K(793600K), 0.0019272 secs] [Times: user=0.01 sys=0.00, real=0.00 secs] 
2040.747: [GC (Allocation Failure) [PSYoungGen: 93165K->1504K(94208K)] 515130K->423468K(794624K), 0.0020958 secs] [Times: user=0.01 sys=0.00, real=0.00 secs] 
2041.677: [GC (Allocation Failure) [PSYoungGen: 93664K->1408K(93184K)] 515628K->423372K(793600K), 0.0023769 secs] [Times: user=0.01 sys=0.00, real=0.00 secs] 
2042.071: [GC (Allocation Failure) [PSYoungGen: 93056K->1408K(92672K)] 515020K->423372K(793088K), 0.0024276 secs] [Times: user=0.01 sys=0.00, real=0.00 secs] 
2042.682: [GC (Allocation Failure) [PSYoungGen: 92544K->1376K(92160K)] 514508K->423340K(792576K), 0.0021584 secs] [Times: user=0.01 sys=0.00, real=0.00 secs] 
2042.891: [GC (Allocation Failure) [PSYoungGen: 92000K->1517K(91648K)] 513964K->423490K(792064K), 0.0018327 secs] [Times: user=0.01 sys=0.00, real=0.00 secs] 
2043.080: [GC (Allocation Failure) [PSYoungGen: 91629K->1533K(91136K)] 513602K->423506K(791552K), 0.0020610 secs] [Times: user=0.01 sys=0.00, real=0.00 secs] 
2043.682: [GC (Allocation Failure) [PSYoungGen: 91133K->1984K(91136K)] 513106K->423956K(791552K), 0.0040265 secs] [Times: user=0.02 sys=0.00, real=0.00 secs] 
2044.547: [GC (Allocation Failure) [PSYoungGen: 91072K->352K(89088K)] 513044K->423348K(789504K), 0.0041043 secs] [Times: user=0.02 sys=0.01, real=0.00 secs] 
2045.260: [GC (Allocation Failure) [PSYoungGen: 88928K->352K(90624K)] 511924K->423348K(791040K), 0.0025412 secs] [Times: user=0.01 sys=0.00, real=0.00 secs] 
2045.717: [GC (Allocation Failure) [PSYoungGen: 88416K->352K(88064K)] 511412K->423348K(788480K), 0.0024204 secs] [Times: user=0.01 sys=0.00, real=0.00 secs] 
2045.919: [GC (Allocation Failure) [PSYoungGen: 87904K->1456K(89600K)] 510900K->424477K(790016K), 0.0018213 secs] [Times: user=0.00 sys=0.00, real=0.00 secs] 
2046.072: [GC (Allocation Failure) [PSYoungGen: 88496K->1549K(94720K)] 511517K->424570K(795136K), 0.0017727 secs] [Times: user=0.00 sys=0.00, real=0.00 secs] 
2046.270: [GC (Allocation Failure) [PSYoungGen: 93709K->1472K(94720K)] 516730K->424492K(795136K), 0.0022166 secs] [Times: user=0.01 sys=0.00, real=0.00 secs] 
2047.140: [GC (Allocation Failure) [PSYoungGen: 93632K->1424K(93184K)] 516652K->424444K(793600K), 0.0026189 secs] [Times: user=0.00 sys=0.00, real=0.00 secs] 
2047.756: [GC (Allocation Failure) [PSYoungGen: 93072K->1440K(92672K)] 516092K->424460K(793088K), 0.0024547 secs] [Times: user=0.01 sys=0.00, real=0.01 secs] 
2048.550: [GC (Allocation Failure) [PSYoungGen: 92576K->1408K(92160K)] 515596K->424428K(792576K), 0.0032849 secs] [Times: user=0.01 sys=0.00, real=0.00 secs] 
2048.819: [GC (Allocation Failure) [PSYoungGen: 92032K->1533K(91648K)] 515052K->424554K(792064K), 0.0019481 secs] [Times: user=0.01 sys=0.00, real=0.00 secs] 
2048.979: [GC (Allocation Failure) [PSYoungGen: 91645K->1536K(98304K)] 514666K->424565K(798720K), 0.0019366 secs] [Times: user=0.00 sys=0.00, real=0.00 secs] 
2049.302: [GC (Allocation Failure) [PSYoungGen: 97280K->1456K(96768K)] 520309K->424484K(797184K), 0.0020209 secs] [Times: user=0.01 sys=0.00, real=0.00 secs] 
2050.358: [GC (Allocation Failure) [PSYoungGen: 96688K->1408K(96768K)] 519716K->424436K(797184K), 0.0035231 secs] [Times: user=0.02 sys=0.00, real=0.00 secs] 
2051.234: [GC (Allocation Failure) [PSYoungGen: 96128K->1360K(95744K)] 519156K->424388K(796160K), 0.0042001 secs] [Times: user=0.02 sys=0.00, real=0.01 secs] 
2052.109: [GC (Allocation Failure) [PSYoungGen: 95568K->1485K(95232K)] 518596K->424514K(795648K), 0.0025441 secs] [Times: user=0.01 sys=0.00, real=0.00 secs] 
2052.314: [GC (Allocation Failure) [PSYoungGen: 95181K->1565K(95232K)] 518210K->424602K(795648K), 0.0018961 secs] [Times: user=0.01 sys=0.00, real=0.00 secs] 
2052.480: [GC (Allocation Failure) [PSYoungGen: 94749K->1533K(94208K)] 517786K->424570K(794624K), 0.0017954 secs] [Times: user=0.01 sys=0.00, real=0.00 secs] 
2053.015: [GC (Allocation Failure) [PSYoungGen: 94205K->1456K(93696K)] 517242K->424492K(794112K), 0.0021838 secs] [Times: user=0.01 sys=0.00, real=0.01 secs] 
2053.868: [GC (Allocation Failure) [PSYoungGen: 93616K->1376K(93184K)] 516652K->424412K(793600K), 0.0036325 secs] [Times: user=0.02 sys=0.00, real=0.00 secs] 
2054.776: [GC (Allocation Failure) [PSYoungGen: 93024K->1440K(92672K)] 516060K->424476K(793088K), 0.0028791 secs] [Times: user=0.01 sys=0.00, real=0.01 secs] 
2055.700: [GC (Allocation Failure) [PSYoungGen: 92576K->1469K(92160K)] 515612K->424506K(792576K), 0.0024463 secs] [Times: user=0.01 sys=0.00, real=0.00 secs] 
2055.887: [GC (Allocation Failure) [PSYoungGen: 92093K->1533K(91648K)] 515130K->424570K(792064K), 0.0019074 secs] [Times: user=0.00 sys=0.00, real=0.00 secs] 
2056.047: [GC (Allocation Failure) [PSYoungGen: 91645K->1517K(91136K)] 514682K->424618K(791552K), 0.0018385 secs] [Times: user=0.01 sys=0.00, real=0.00 secs] 
2056.786: [GC (Allocation Failure) [PSYoungGen: 91117K->1440K(90624K)] 514218K->424540K(791040K), 0.0025099 secs] [Times: user=0.01 sys=0.00, real=0.01 secs] 
2057.465: [GC (Allocation Failure) [PSYoungGen: 90528K->1376K(90112K)] 513628K->424476K(790528K), 0.0022006 secs] [Times: user=0.00 sys=0.00, real=0.01 secs] 
2057.989: [GC (Allocation Failure) [PSYoungGen: 89952K->1424K(89600K)] 513052K->424524K(790016K), 0.0022933 secs] [Times: user=0.01 sys=0.00, real=0.00 secs] 
2058.516: [GC (Allocation Failure) [PSYoungGen: 89488K->1533K(89088K)] 512588K->424658K(789504K), 0.0021761 secs] [Times: user=0.01 sys=0.00, real=0.01 secs] 
2058.681: [GC (Allocation Failure) [PSYoungGen: 89085K->1549K(89088K)] 512210K->424682K(789504K), 0.0018437 secs] [Times: user=0.01 sys=0.00, real=0.00 secs] 
2058.835: [GC (Allocation Failure) [PSYoungGen: 88589K->509K(89088K)] 511722K->424666K(789504K), 0.0018702 secs] [Times: user=0.00 sys=0.00, real=0.00 secs] 
2059.204: [GC (Allocation Failure) [PSYoungGen: 88573K->1440K(89088K)] 512730K->425596K(789504K), 0.0021395 secs] [Times: user=0.01 sys=0.00, real=0.00 secs] 
2059.739: [GC (Allocation Failure) [PSYoungGen: 88992K->1376K(88576K)] 513148K->425532K(788992K), 0.0021553 secs] [Times: user=0.01 sys=0.00, real=0.00 secs] 
2060.235: [GC (Allocation Failure) [PSYoungGen: 88416K->1392K(88064K)] 512572K->425548K(788480K), 0.0022309 secs] [Times: user=0.01 sys=0.01, real=0.01 secs] 
2060.819: [GC (Allocation Failure) [PSYoungGen: 87920K->1485K(87552K)] 512076K->425650K(787968K), 0.0024807 secs] [Times: user=0.01 sys=0.00, real=0.00 secs] 
2060.994: [GC (Allocation Failure) [PSYoungGen: 87501K->1565K(87552K)] 511666K->425730K(787968K), 0.0018638 secs] [Times: user=0.01 sys=0.00, real=0.00 secs] 
2061.145: [GC (Allocation Failure) [PSYoungGen: 87069K->1517K(87552K)] 511234K->425682K(787968K), 0.0019503 secs] [Times: user=0.00 sys=0.00, real=0.01 secs] 
2061.429: [GC (Allocation Failure) [PSYoungGen: 87533K->1472K(88064K)] 511698K->425636K(788480K), 0.0018587 secs] [Times: user=0.01 sys=0.00, real=0.00 secs] 
2061.846: [GC (Allocation Failure) [PSYoungGen: 87488K->1408K(87040K)] 511652K->425572K(787456K), 0.0024487 secs] [Times: user=0.01 sys=0.00, real=0.01 secs] 
2062.406: [GC (Allocation Failure) [PSYoungGen: 86912K->1440K(86528K)] 511076K->425604K(786944K), 0.0042440 secs] [Times: user=0.01 sys=0.00, real=0.01 secs] 
2063.163: [GC (Allocation Failure) [PSYoungGen: 86432K->1424K(86016K)] 510596K->425588K(786432K), 0.0035408 secs] [Times: user=0.01 sys=0.00, real=0.00 secs] 
2063.497: [GC (Allocation Failure) [PSYoungGen: 85904K->1469K(85504K)] 510068K->425666K(785920K), 0.0020071 secs] [Times: user=0.00 sys=0.00, real=0.00 secs] 
2063.647: [GC (Allocation Failure) [PSYoungGen: 85437K->1520K(92160K)] 509634K->425717K(792576K), 0.0018030 secs] [Times: user=0.00 sys=0.00, real=0.00 secs] 
2063.807: [GC (Allocation Failure) [PSYoungGen: 92144K->1565K(92672K)] 516341K->425762K(793088K), 0.0018053 secs] [Times: user=0.01 sys=0.00, real=0.01 secs] 
2064.589: [GC (Allocation Failure) [PSYoungGen: 92189K->1408K(99328K)] 516386K->425604K(799744K), 0.0030929 secs] [Times: user=0.01 sys=0.00, real=0.00 secs] 
2065.293: [GC (Allocation Failure) [PSYoungGen: 99200K->1376K(98816K)] 523396K->425572K(799232K), 0.0023226 secs] [Times: user=0.01 sys=0.00, real=0.00 secs] 
2065.920: [GC (Allocation Failure) [PSYoungGen: 98656K->1344K(98304K)] 522852K->425540K(798720K), 0.0023638 secs] [Times: user=0.01 sys=0.01, real=0.00 secs] 
2066.232: [GC (Allocation Failure) [PSYoungGen: 98112K->1520K(97792K)] 522308K->425717K(798208K), 0.0019671 secs] [Times: user=0.00 sys=0.00, real=0.00 secs] 
2066.433: [GC (Allocation Failure) [PSYoungGen: 97776K->1533K(97280K)] 521973K->425730K(797696K), 0.0022740 secs] [Times: user=0.00 sys=0.00, real=0.00 secs] 
2066.889: [GC (Allocation Failure) [PSYoungGen: 97277K->1456K(96768K)] 521474K->425652K(797184K), 0.0025643 secs] [Times: user=0.01 sys=0.00, real=0.00 secs] 
2067.498: [GC (Allocation Failure) [PSYoungGen: 96688K->1376K(96256K)] 520884K->425572K(796672K), 0.0024237 secs] [Times: user=0.01 sys=0.00, real=0.00 secs] 
2068.117: [GC (Allocation Failure) [PSYoungGen: 96096K->1408K(95744K)] 520292K->425604K(796160K), 0.0026932 secs] [Times: user=0.01 sys=0.00, real=0.00 secs] 
2068.995: [GC (Allocation Failure) [PSYoungGen: 95616K->1485K(95232K)] 519812K->425682K(795648K), 0.0024900 secs] [Times: user=0.01 sys=0.00, real=0.01 secs] 
2069.183: [GC (Allocation Failure) [PSYoungGen: 95181K->1520K(94720K)] 519378K->425717K(795136K), 0.0017797 secs] [Times: user=0.01 sys=0.00, real=0.00 secs] 
2069.349: [GC (Allocation Failure) [PSYoungGen: 94704K->1565K(94720K)] 518901K->425762K(795136K), 0.0019068 secs] [Times: user=0.00 sys=0.00, real=0.00 secs] 
2069.672: [GC (Allocation Failure) [PSYoungGen: 94237K->1472K(93696K)] 518434K->425668K(794112K), 0.0022042 secs] [Times: user=0.00 sys=0.00, real=0.00 secs] 
2070.055: [GC (Allocation Failure) [PSYoungGen: 93632K->1376K(93184K)] 517828K->425572K(793600K), 0.0019374 secs] [Times: user=0.01 sys=0.00, real=0.01 secs] 
2070.436: [GC (Allocation Failure) [PSYoungGen: 93024K->1424K(92672K)] 517220K->425620K(793088K), 0.0020445 secs] [Times: user=0.01 sys=0.00, real=0.01 secs] 
2070.889: [GC (Allocation Failure) [PSYoungGen: 92560K->1469K(92160K)] 516756K->425666K(792576K), 0.0016909 secs] [Times: user=0.01 sys=0.00, real=0.00 secs] 
2071.049: [GC (Allocation Failure) [PSYoungGen: 92093K->1549K(92160K)] 516290K->425746K(792576K), 0.0019047 secs] [Times: user=0.00 sys=0.00, real=0.00 secs] 
2071.209: [GC (Allocation Failure) [PSYoungGen: 91661K->509K(92160K)] 515858K->425730K(792576K), 0.0019213 secs] [Times: user=0.01 sys=0.00, real=0.00 secs] 
2071.533: [GC (Allocation Failure) [PSYoungGen: 91645K->1440K(93184K)] 516866K->426660K(793600K), 0.0021978 secs] [Times: user=0.01 sys=0.00, real=0.00 secs] 
2071.912: [GC (Allocation Failure) [PSYoungGen: 92576K->1408K(92160K)] 517796K->426628K(792576K), 0.0019777 secs] [Times: user=0.00 sys=0.00, real=0.00 secs] 
2072.437: [GC (Allocation Failure) [PSYoungGen: 92032K->1440K(99328K)] 517252K->426660K(799744K), 0.0044388 secs] [Times: user=0.02 sys=0.01, real=0.00 secs] 
2072.929: [GC (Allocation Failure) [PSYoungGen: 99232K->1517K(98816K)] 524452K->426738K(799232K), 0.0018084 secs] [Times: user=0.01 sys=0.00, real=0.00 secs] 
2073.102: [GC (Allocation Failure) [PSYoungGen: 98797K->1552K(99328K)] 524018K->426797K(799744K), 0.0019944 secs] [Times: user=0.01 sys=0.00, real=0.00 secs] 
2073.284: [GC (Allocation Failure) [PSYoungGen: 98832K->1536K(107008K)] 524077K->426781K(807424K), 0.0020212 secs] [Times: user=0.01 sys=0.00, real=0.00 secs] 
2074.042: [GC (Allocation Failure) [PSYoungGen: 106496K->1408K(105984K)] 531741K->426652K(806400K), 0.0022774 secs] [Times: user=0.01 sys=0.00, real=0.00 secs] 
2074.476: [GC (Allocation Failure) [PSYoungGen: 105856K->1376K(105472K)] 531100K->426620K(805888K), 0.0023241 secs] [Times: user=0.01 sys=0.00, real=0.01 secs] 
2074.896: [GC (Allocation Failure) [PSYoungGen: 105312K->1453K(104960K)] 530556K->426698K(805376K), 0.0021317 secs] [Times: user=0.01 sys=0.00, real=0.01 secs] 
2075.084: [GC (Allocation Failure) [PSYoungGen: 104877K->1517K(104448K)] 530122K->426770K(804864K), 0.0018462 secs] [Times: user=0.01 sys=0.00, real=0.00 secs] 
2075.267: [GC (Allocation Failure) [PSYoungGen: 104429K->1597K(104960K)] 529682K->426850K(805376K), 0.0017774 secs] [Times: user=0.01 sys=0.00, real=0.00 secs] 
2076.957: [GC (Allocation Failure) [PSYoungGen: 104509K->1408K(103936K)] 529762K->426660K(804352K), 0.0058254 secs] [Times: user=0.02 sys=0.00, real=0.00 secs] 
2078.275: [GC (Allocation Failure) [PSYoungGen: 103808K->1408K(103424K)] 529060K->426660K(803840K), 0.0042317 secs] [Times: user=0.01 sys=0.00, real=0.01 secs] 
2079.282: [GC (Allocation Failure) [PSYoungGen: 103296K->1376K(102912K)] 528548K->426628K(803328K), 0.0030602 secs] [Times: user=0.02 sys=0.00, real=0.00 secs] 
2079.570: [GC (Allocation Failure) [PSYoungGen: 102752K->1581K(102912K)] 528004K->426834K(803328K), 0.0018814 secs] [Times: user=0.00 sys=0.00, real=0.00 secs] 
2079.748: [GC (Allocation Failure) [PSYoungGen: 102445K->544K(101376K)] 527698K->426821K(801792K), 0.0018245 secs] [Times: user=0.01 sys=0.00, real=0.00 secs] 
2080.667: [GC (Allocation Failure) [PSYoungGen: 100896K->1456K(101376K)] 527173K->427732K(801792K), 0.0056692 secs] [Times: user=0.02 sys=0.00, real=0.01 secs] 
2081.816: [GC (Allocation Failure) [PSYoungGen: 101296K->1344K(100864K)] 527572K->427620K(801280K), 0.0053045 secs] [Times: user=0.02 sys=0.00, real=0.01 secs] 
2082.723: [GC (Allocation Failure) [PSYoungGen: 100672K->1392K(100352K)] 526948K->427668K(800768K), 0.0038372 secs] [Times: user=0.01 sys=0.00, real=0.00 secs] 
2083.079: [GC (Allocation Failure) [PSYoungGen: 100208K->1517K(99840K)] 526484K->427794K(800256K), 0.0018078 secs] [Times: user=0.01 sys=0.00, real=0.00 secs] 
2083.256: [GC (Allocation Failure) [PSYoungGen: 99821K->1533K(99328K)] 526098K->427810K(799744K), 0.0017958 secs] [Times: user=0.01 sys=0.00, real=0.01 secs] 
2083.433: [GC (Allocation Failure) [PSYoungGen: 99325K->1517K(98816K)] 525602K->427834K(799232K), 0.0016997 secs] [Times: user=0.01 sys=0.00, real=0.00 secs] 
2084.207: [GC (Allocation Failure) [PSYoungGen: 98797K->1440K(98304K)] 525114K->427756K(798720K), 0.0022721 secs] [Times: user=0.01 sys=0.00, real=0.01 secs] 
2085.153: [GC (Allocation Failure) [PSYoungGen: 98208K->1360K(97792K)] 524524K->427676K(798208K), 0.0036783 secs] [Times: user=0.02 sys=0.00, real=0.01 secs] 
2086.285: [GC (Allocation Failure) [PSYoungGen: 97616K->1453K(97280K)] 523932K->427770K(797696K), 0.0030716 secs] [Times: user=0.01 sys=0.00, real=0.01 secs] 
2086.515: [GC (Allocation Failure) [PSYoungGen: 97197K->1533K(96768K)] 523514K->427890K(797184K), 0.0018401 secs] [Times: user=0.01 sys=0.00, real=0.01 secs] 
2086.686: [GC (Allocation Failure) [PSYoungGen: 96765K->1536K(96768K)] 523122K->427925K(797184K), 0.0019944 secs] [Times: user=0.00 sys=0.00, real=0.01 secs] 
2087.144: [GC (Allocation Failure) [PSYoungGen: 96256K->384K(94720K)] 522645K->427796K(795136K), 0.0023432 secs] [Times: user=0.01 sys=0.00, real=0.00 secs] 
2087.977: [GC (Allocation Failure) [PSYoungGen: 94592K->320K(95744K)] 522004K->427732K(796160K), 0.0031117 secs] [Times: user=0.01 sys=0.00, real=0.00 secs] 
2088.871: [GC (Allocation Failure) [PSYoungGen: 94016K->352K(93696K)] 521428K->427764K(794112K), 0.0036957 secs] [Times: user=0.02 sys=0.00, real=0.00 secs] 
2089.499: [GC (Allocation Failure) [PSYoungGen: 93536K->1517K(95232K)] 520948K->428930K(795648K), 0.0023578 secs] [Times: user=0.01 sys=0.00, real=0.00 secs] 
2089.677: [GC (Allocation Failure) [PSYoungGen: 94189K->1565K(94208K)] 521602K->428978K(794624K), 0.0017754 secs] [Times: user=0.01 sys=0.00, real=0.00 secs] 
2089.841: [GC (Allocation Failure) [PSYoungGen: 93725K->1549K(93696K)] 521138K->428962K(794112K), 0.0018615 secs] [Times: user=0.01 sys=0.00, real=0.00 secs] 
2090.154: [GC (Allocation Failure) [PSYoungGen: 93197K->1440K(92672K)] 520610K->428852K(793088K), 0.0020776 secs] [Times: user=0.01 sys=0.00, real=0.00 secs] 
2090.635: [GC (Allocation Failure) [PSYoungGen: 92576K->1424K(92160K)] 519988K->428836K(792576K), 0.0020512 secs] [Times: user=0.00 sys=0.00, real=0.01 secs] 
2091.294: [GC (Allocation Failure) [PSYoungGen: 92048K->1408K(91648K)] 519460K->428820K(792064K), 0.0021867 secs] [Times: user=0.01 sys=0.00, real=0.00 secs] 
2091.862: [GC (Allocation Failure) [PSYoungGen: 91520K->1421K(91136K)] 518932K->428834K(791552K), 0.0025962 secs] [Times: user=0.01 sys=0.00, real=0.00 secs] 
2092.050: [GC (Allocation Failure) [PSYoungGen: 91021K->1533K(90624K)] 518434K->428946K(791040K), 0.0019401 secs] [Times: user=0.01 sys=0.00, real=0.00 secs] 
2092.209: [GC (Allocation Failure) [PSYoungGen: 90621K->1533K(95744K)] 518034K->428946K(796160K), 0.0018875 secs] [Times: user=0.00 sys=0.00, real=0.00 secs] 
2093.035: [GC (Allocation Failure) [PSYoungGen: 94717K->1472K(98816K)] 522130K->428884K(799232K), 0.0060130 secs] [Times: user=0.02 sys=0.00, real=0.01 secs] 
2093.619: [GC (Allocation Failure) [PSYoungGen: 97728K->1312K(97280K)] 525140K->428724K(797696K), 0.0028351 secs] [Times: user=0.01 sys=0.00, real=0.00 secs] 
2094.043: [GC (Allocation Failure) [PSYoungGen: 97056K->1408K(96768K)] 524468K->428820K(797184K), 0.0020226 secs] [Times: user=0.01 sys=0.00, real=0.00 secs] 
2094.319: [GC (Allocation Failure) [PSYoungGen: 96640K->1581K(96768K)] 524052K->428994K(797184K), 0.0019268 secs] [Times: user=0.01 sys=0.00, real=0.00 secs] 
2094.517: [GC (Allocation Failure) [PSYoungGen: 96301K->1517K(96768K)] 523714K->428954K(797184K), 0.0022591 secs] [Times: user=0.00 sys=0.00, real=0.00 secs] 
2094.710: [GC (Allocation Failure) [PSYoungGen: 96749K->1504K(97280K)] 524186K->428941K(797696K), 0.0019755 secs] [Times: user=0.01 sys=0.00, real=0.00 secs] 
2095.484: [GC (Allocation Failure) [PSYoungGen: 96736K->1440K(96256K)] 524173K->428876K(796672K), 0.0027481 secs] [Times: user=0.01 sys=0.00, real=0.01 secs] 
2096.306: [GC (Allocation Failure) [PSYoungGen: 96160K->1376K(95744K)] 523596K->428812K(796160K), 0.0029142 secs] [Times: user=0.01 sys=0.00, real=0.01 secs] 
2097.351: [GC (Allocation Failure) [PSYoungGen: 95584K->1408K(95232K)] 523020K->428844K(795648K), 0.0027881 secs] [Times: user=0.01 sys=0.00, real=0.00 secs] 
2097.771: [GC (Allocation Failure) [PSYoungGen: 95104K->1565K(95232K)] 522540K->429002K(795648K), 0.0021401 secs] [Times: user=0.01 sys=0.00, real=0.00 secs] 
2097.938: [GC (Allocation Failure) [PSYoungGen: 94749K->541K(93696K)] 522186K->429002K(794112K), 0.0018344 secs] [Times: user=0.00 sys=0.00, real=0.00 secs] 
2098.256: [GC (Allocation Failure) [PSYoungGen: 93213K->1440K(93696K)] 521674K->429900K(794112K), 0.0031542 secs] [Times: user=0.01 sys=0.00, real=0.01 secs] 
2098.848: [GC (Allocation Failure) [PSYoungGen: 93600K->1376K(93184K)] 522060K->429836K(793600K), 0.0023429 secs] [Times: user=0.01 sys=0.00, real=0.00 secs] 
2099.337: [GC (Allocation Failure) [PSYoungGen: 93024K->1408K(92672K)] 521484K->429868K(793088K), 0.0026155 secs] [Times: user=0.01 sys=0.00, real=0.01 secs] 
2100.045: [GC (Allocation Failure) [PSYoungGen: 92544K->1437K(92160K)] 521004K->429898K(792576K), 0.0025025 secs] [Times: user=0.01 sys=0.00, real=0.01 secs] 
2100.238: [GC (Allocation Failure) [PSYoungGen: 92061K->1485K(91648K)] 520522K->429946K(792064K), 0.0020128 secs] [Times: user=0.01 sys=0.00, real=0.00 secs] 
2100.429: [GC (Allocation Failure) [PSYoungGen: 91597K->1520K(98816K)] 520058K->430042K(799232K), 0.0021123 secs] [Times: user=0.01 sys=0.00, real=0.00 secs] 
2100.719: [GC (Allocation Failure) [PSYoungGen: 98800K->1456K(99840K)] 527322K->429978K(800256K), 0.0026350 secs] [Times: user=0.01 sys=0.00, real=0.00 secs] 
2101.126: [GC (Allocation Failure) [PSYoungGen: 99248K->1344K(107520K)] 527770K->429866K(807936K), 0.0024726 secs] [Times: user=0.01 sys=0.00, real=0.01 secs] 
2101.565: [GC (Allocation Failure) [PSYoungGen: 106816K->1408K(106496K)] 535338K->429930K(806912K), 0.0022729 secs] [Times: user=0.01 sys=0.00, real=0.01 secs] 
2101.900: [GC (Allocation Failure) [PSYoungGen: 106368K->1469K(105984K)] 534890K->429991K(806400K), 0.0018445 secs] [Times: user=0.01 sys=0.00, real=0.00 secs] 
2102.085: [GC (Allocation Failure) [PSYoungGen: 105917K->1597K(105984K)] 534439K->430119K(806400K), 0.0018830 secs] [Times: user=0.01 sys=0.00, real=0.01 secs] 
2102.436: [GC (Allocation Failure) [PSYoungGen: 105533K->976K(104448K)] 534055K->430522K(804864K), 0.0023457 secs] [Times: user=0.01 sys=0.00, real=0.01 secs] 
2103.842: [GC (Allocation Failure) [PSYoungGen: 104400K->352K(103424K)] 533946K->429898K(803840K), 0.0029600 secs] [Times: user=0.01 sys=0.00, real=0.00 secs] 
2105.159: [GC (Allocation Failure) [PSYoungGen: 103264K->320K(104448K)] 532810K->429890K(804864K), 0.0036777 secs] [Times: user=0.01 sys=0.00, real=0.00 secs] 
2106.333: [GC (Allocation Failure) [PSYoungGen: 102720K->1533K(103424K)] 532290K->431103K(803840K), 0.0023491 secs] [Times: user=0.01 sys=0.00, real=0.00 secs] 
2106.537: [GC (Allocation Failure) [PSYoungGen: 103421K->1504K(103424K)] 532991K->431074K(803840K), 0.0019041 secs] [Times: user=0.01 sys=0.00, real=0.00 secs] 
2106.716: [GC (Allocation Failure) [PSYoungGen: 102880K->1533K(102400K)] 532450K->431103K(802816K), 0.0019179 secs] [Times: user=0.01 sys=0.00, real=0.01 secs] 
2108.497: [GC (Allocation Failure) [PSYoungGen: 102397K->1408K(102400K)] 531967K->430978K(802816K), 0.0034146 secs] [Times: user=0.01 sys=0.00, real=0.00 secs] 
2109.291: [GC (Allocation Failure) [PSYoungGen: 101760K->1408K(101376K)] 531330K->430978K(801792K), 0.0024107 secs] [Times: user=0.01 sys=0.00, real=0.00 secs] 
2110.349: [GC (Allocation Failure) [PSYoungGen: 101248K->1424K(100864K)] 530818K->430994K(801280K), 0.0036861 secs] [Times: user=0.01 sys=0.00, real=0.00 secs] 
2110.688: [GC (Allocation Failure) [PSYoungGen: 100752K->1536K(100864K)] 530322K->431106K(801280K), 0.0018964 secs] [Times: user=0.01 sys=0.00, real=0.00 secs] 
2110.896: [GC (Allocation Failure) [PSYoungGen: 100352K->512K(99328K)] 529922K->431106K(799744K), 0.0020959 secs] [Times: user=0.01 sys=0.00, real=0.01 secs] 
2111.216: [GC (Allocation Failure) [PSYoungGen: 98816K->1488K(99328K)] 529410K->432082K(799744K), 0.0022950 secs] [Times: user=0.01 sys=0.00, real=0.01 secs] 
2111.918: [GC (Allocation Failure) [PSYoungGen: 99280K->1392K(99328K)] 529874K->431986K(799744K), 0.0024525 secs] [Times: user=0.01 sys=0.00, real=0.00 secs] 
2112.746: [GC (Allocation Failure) [PSYoungGen: 98672K->1408K(98304K)] 529266K->432002K(798720K), 0.0073961 secs] [Times: user=0.03 sys=0.00, real=0.01 secs] 
2113.414: [GC (Allocation Failure) [PSYoungGen: 98176K->1533K(98304K)] 528770K->432127K(798720K), 0.0022765 secs] [Times: user=0.01 sys=0.00, real=0.00 secs] 
2113.602: [GC (Allocation Failure) [PSYoungGen: 97789K->1568K(97792K)] 528383K->432162K(798208K), 0.0019354 secs] [Times: user=0.00 sys=0.00, real=0.00 secs] 
2113.770: [GC (Allocation Failure) [PSYoungGen: 97312K->1613K(98304K)] 527906K->432207K(798720K), 0.0018978 secs] [Times: user=0.01 sys=0.00, real=0.00 secs] 
2114.507: [GC (Allocation Failure) [PSYoungGen: 97357K->1424K(96768K)] 527951K->432018K(797184K), 0.0023489 secs] [Times: user=0.01 sys=0.00, real=0.01 secs] 
2115.495: [GC (Allocation Failure) [PSYoungGen: 96656K->1424K(96256K)] 527250K->432018K(796672K), 0.0047114 secs] [Times: user=0.02 sys=0.00, real=0.01 secs] 
2116.283: [GC (Allocation Failure) [PSYoungGen: 96144K->1344K(95744K)] 526738K->431938K(796160K), 0.0027784 secs] [Times: user=0.01 sys=0.00, real=0.00 secs] 
2116.615: [GC (Allocation Failure) [PSYoungGen: 95552K->1533K(95232K)] 526146K->432127K(795648K), 0.0018821 secs] [Times: user=0.01 sys=0.00, real=0.00 secs] 
2116.781: [GC (Allocation Failure) [PSYoungGen: 95229K->1501K(94720K)] 525823K->432119K(795136K), 0.0018719 secs] [Times: user=0.00 sys=0.00, real=0.00 secs] 
2117.020: [GC (Allocation Failure) [PSYoungGen: 94685K->1472K(95232K)] 525303K->432090K(795648K), 0.0023097 secs] [Times: user=0.01 sys=0.00, real=0.00 secs] 
2117.433: [GC (Allocation Failure) [PSYoungGen: 94656K->1408K(94208K)] 525274K->432026K(794624K), 0.0021843 secs] [Times: user=0.01 sys=0.00, real=0.00 secs] 
2117.820: [GC (Allocation Failure) [PSYoungGen: 94080K->1408K(93696K)] 524698K->432026K(794112K), 0.0032568 secs] [Times: user=0.01 sys=0.00, real=0.00 secs] 
2118.257: [GC (Allocation Failure) [PSYoungGen: 93568K->1472K(93184K)] 524186K->432090K(793600K), 0.0024161 secs] [Times: user=0.01 sys=0.00, real=0.01 secs] 
2118.516: [GC (Allocation Failure) [PSYoungGen: 93120K->1504K(92672K)] 523738K->432138K(793088K), 0.0023234 secs] [Times: user=0.01 sys=0.00, real=0.01 secs] 
2118.730: [GC (Allocation Failure) [PSYoungGen: 92636K->1533K(93184K)] 523270K->432167K(793600K), 0.0024589 secs] [Times: user=0.01 sys=0.00, real=0.00 secs] 
2119.174: [GC (Allocation Failure) [PSYoungGen: 92669K->1488K(100864K)] 523303K->432122K(801280K), 0.0044771 secs] [Times: user=0.02 sys=0.00, real=0.01 secs] 
2119.940: [GC (Allocation Failure) [PSYoungGen: 100304K->1376K(100864K)] 530938K->432010K(801280K), 0.0039323 secs] [Times: user=0.02 sys=0.00, real=0.00 secs] 
2120.567: [GC (Allocation Failure) [PSYoungGen: 100192K->1408K(99840K)] 530826K->432042K(800256K), 0.0028722 secs] [Times: user=0.01 sys=0.00, real=0.00 secs] 
2121.160: [GC (Allocation Failure) [PSYoungGen: 99712K->1533K(99328K)] 530346K->432167K(799744K), 0.0021342 secs] [Times: user=0.01 sys=0.00, real=0.00 secs] 
2121.333: [GC (Allocation Failure) [PSYoungGen: 99325K->1504K(98816K)] 529959K->432178K(799232K), 0.0019085 secs] [Times: user=0.01 sys=0.00, real=0.00 secs] 
2121.505: [GC (Allocation Failure) [PSYoungGen: 98784K->1613K(107520K)] 529458K->432287K(807936K), 0.0017893 secs] [Times: user=0.00 sys=0.00, real=0.01 secs] 
2122.036: [GC (Allocation Failure) [PSYoungGen: 107085K->1456K(106496K)] 537759K->432130K(806912K), 0.0019481 secs] [Times: user=0.01 sys=0.00, real=0.01 secs] 
2122.921: [GC (Allocation Failure) [PSYoungGen: 106416K->1408K(105984K)] 537090K->432082K(806400K), 0.0047181 secs] [Times: user=0.02 sys=0.00, real=0.00 secs] 
2123.923: [GC (Allocation Failure) [PSYoungGen: 105856K->1469K(105472K)] 536530K->432143K(805888K), 0.0030826 secs] [Times: user=0.02 sys=0.00, real=0.00 secs] 
2124.160: [GC (Allocation Failure) [PSYoungGen: 105405K->1597K(105472K)] 536079K->432279K(805888K), 0.0019156 secs] [Times: user=0.01 sys=0.00, real=0.00 secs] 
2124.345: [GC (Allocation Failure) [PSYoungGen: 105021K->1517K(104448K)] 535703K->432263K(804864K), 0.0018507 secs] [Times: user=0.00 sys=0.00, real=0.01 secs] 
2124.749: [GC (Allocation Failure) [PSYoungGen: 104429K->1392K(103936K)] 535175K->432138K(804352K), 0.0022735 secs] [Times: user=0.01 sys=0.00, real=0.00 secs] 
2125.191: [GC (Allocation Failure) [PSYoungGen: 103792K->1392K(103424K)] 534538K->432138K(803840K), 0.0020255 secs] [Times: user=0.01 sys=0.00, real=0.00 secs] 
2125.615: [GC (Allocation Failure) [PSYoungGen: 103280K->1408K(102912K)] 534026K->432154K(803328K), 0.0020819 secs] [Times: user=0.01 sys=0.00, real=0.00 secs] 
2125.863: [GC (Allocation Failure) [PSYoungGen: 102784K->1533K(102400K)] 533530K->432279K(802816K), 0.0018733 secs] [Times: user=0.00 sys=0.00, real=0.00 secs] 
2126.041: [GC (Allocation Failure) [PSYoungGen: 102397K->1584K(102400K)] 533143K->432330K(802816K), 0.0019531 secs] [Times: user=0.01 sys=0.00, real=0.00 secs] 
2126.329: [GC (Allocation Failure) [PSYoungGen: 101936K->416K(100352K)] 532682K->432186K(800768K), 0.0019864 secs] [Times: user=0.00 sys=0.00, real=0.00 secs] 
2126.744: [GC (Allocation Failure) [PSYoungGen: 100256K->320K(101376K)] 532026K->432090K(801792K), 0.0019165 secs] [Times: user=0.01 sys=0.00, real=0.00 secs] 
2127.335: [GC (Allocation Failure) [PSYoungGen: 99648K->368K(100864K)] 531418K->432138K(801280K), 0.0019712 secs] [Times: user=0.01 sys=0.00, real=0.01 secs] 
2127.936: [GC (Allocation Failure) [PSYoungGen: 99184K->1469K(99840K)] 530954K->433239K(800256K), 0.0018443 secs] [Times: user=0.01 sys=0.00, real=0.01 secs] 
2128.111: [GC (Allocation Failure) [PSYoungGen: 99773K->1565K(99840K)] 531543K->433335K(800256K), 0.0018814 secs] [Times: user=0.01 sys=0.00, real=0.00 secs] 
2128.283: [GC (Allocation Failure) [PSYoungGen: 99357K->1597K(100352K)] 531127K->433367K(800768K), 0.0019492 secs] [Times: user=0.01 sys=0.00, real=0.00 secs] 
2128.975: [GC (Allocation Failure) [PSYoungGen: 99389K->1440K(98816K)] 531159K->433210K(799232K), 0.0024244 secs] [Times: user=0.01 sys=0.00, real=0.01 secs] 
2130.117: [GC (Allocation Failure) [PSYoungGen: 98720K->1440K(98304K)] 530490K->433210K(798720K), 0.0031203 secs] [Times: user=0.02 sys=0.00, real=0.00 secs] 
2131.477: [GC (Allocation Failure) [PSYoungGen: 98208K->1408K(97792K)] 529978K->433178K(798208K), 0.0027346 secs] [Times: user=0.01 sys=0.00, real=0.00 secs] 
2131.775: [GC (Allocation Failure) [PSYoungGen: 97664K->1501K(97280K)] 529434K->433271K(797696K), 0.0020247 secs] [Times: user=0.01 sys=0.00, real=0.01 secs] 
2131.944: [GC (Allocation Failure) [PSYoungGen: 97245K->1581K(97280K)] 529015K->433351K(797696K), 0.0019119 secs] [Times: user=0.01 sys=0.00, real=0.00 secs] 
2132.218: [GC (Allocation Failure) [PSYoungGen: 96813K->1456K(96256K)] 528583K->433226K(796672K), 0.0022274 secs] [Times: user=0.01 sys=0.00, real=0.00 secs] 
2132.644: [GC (Allocation Failure) [PSYoungGen: 96176K->1344K(95744K)] 527946K->433114K(796160K), 0.0020750 secs] [Times: user=0.01 sys=0.00, real=0.00 secs] 
2133.036: [GC (Allocation Failure) [PSYoungGen: 95552K->1376K(95232K)] 527322K->433146K(795648K), 0.0020049 secs] [Times: user=0.01 sys=0.00, real=0.01 secs] 
2133.389: [GC (Allocation Failure) [PSYoungGen: 95072K->1501K(94720K)] 526842K->433271K(795136K), 0.0017865 secs] [Times: user=0.00 sys=0.00, real=0.00 secs] 
2133.588: [GC (Allocation Failure) [PSYoungGen: 94685K->1520K(94208K)] 526455K->433290K(794624K), 0.0022306 secs] [Times: user=0.01 sys=0.00, real=0.00 secs] 
2133.774: [GC (Allocation Failure) [PSYoungGen: 94192K->1504K(99840K)] 525962K->433274K(800256K), 0.0019134 secs] [Times: user=0.01 sys=0.00, real=0.00 secs] 
2134.304: [GC (Allocation Failure) [PSYoungGen: 99808K->1472K(99328K)] 531578K->433242K(799744K), 0.0023676 secs] [Times: user=0.01 sys=0.00, real=0.00 secs] 
2135.202: [GC (Allocation Failure) [PSYoungGen: 99264K->1424K(98816K)] 531034K->433218K(799232K), 0.0025614 secs] [Times: user=0.01 sys=0.00, real=0.00 secs] 
2136.272: [GC (Allocation Failure) [PSYoungGen: 98704K->1376K(98304K)] 530498K->433170K(798720K), 0.0047308 secs] [Times: user=0.02 sys=0.00, real=0.00 secs] 
2136.790: [GC (Allocation Failure) [PSYoungGen: 98144K->1469K(97792K)] 529938K->433263K(798208K), 0.0021690 secs] [Times: user=0.01 sys=0.00, real=0.00 secs] 
2136.962: [GC (Allocation Failure) [PSYoungGen: 97725K->1565K(97792K)] 529519K->433359K(798208K), 0.0019572 secs] [Times: user=0.01 sys=0.00, real=0.00 secs] 
2137.131: [GC (Allocation Failure) [PSYoungGen: 97309K->1533K(97792K)] 529103K->433367K(798208K), 0.0018141 secs] [Times: user=0.01 sys=0.00, real=0.00 secs] 
2137.780: [GC (Allocation Failure) [PSYoungGen: 97789K->1392K(97280K)] 529623K->433226K(797696K), 0.0021498 secs] [Times: user=0.01 sys=0.00, real=0.00 secs] 
2138.205: [GC (Allocation Failure) [PSYoungGen: 97136K->1408K(96768K)] 528970K->433242K(797184K), 0.0022260 secs] [Times: user=0.01 sys=0.00, real=0.01 secs] 
2138.647: [GC (Allocation Failure) [PSYoungGen: 96640K->1469K(96256K)] 528474K->433303K(796672K), 0.0022140 secs] [Times: user=0.01 sys=0.00, real=0.01 secs] 
2138.827: [GC (Allocation Failure) [PSYoungGen: 96189K->1597K(96256K)] 528023K->433431K(796672K), 0.0018323 secs] [Times: user=0.01 sys=0.00, real=0.00 secs] 
2138.994: [GC (Allocation Failure) [PSYoungGen: 95805K->1549K(96768K)] 527639K->433383K(797184K), 0.0018074 secs] [Times: user=0.01 sys=0.00, real=0.00 secs] 
2139.830: [GC (Allocation Failure) [PSYoungGen: 96269K->1504K(95744K)] 528103K->433338K(796160K), 0.0038606 secs] [Times: user=0.01 sys=0.00, real=0.00 secs] 
2140.955: [GC (Allocation Failure) [PSYoungGen: 95712K->1376K(95232K)] 527546K->433210K(795648K), 0.0039009 secs] [Times: user=0.02 sys=0.00, real=0.01 secs] 
2141.694: [GC (Allocation Failure) [PSYoungGen: 95072K->1408K(94720K)] 526906K->433242K(795136K), 0.0027198 secs] [Times: user=0.01 sys=0.00, real=0.01 secs] 
2142.670: [GC (Allocation Failure) [PSYoungGen: 94592K->1501K(94208K)] 526426K->433335K(794624K), 0.0025685 secs] [Times: user=0.01 sys=0.01, real=0.00 secs] 
2142.850: [GC (Allocation Failure) [PSYoungGen: 94173K->1533K(93696K)] 526007K->433399K(794112K), 0.0018212 secs] [Times: user=0.00 sys=0.00, real=0.00 secs] 
2143.016: [GC (Allocation Failure) [PSYoungGen: 93693K->1565K(93696K)] 525559K->433431K(794112K), 0.0019174 secs] [Times: user=0.01 sys=0.00, real=0.01 secs] 
2144.056: [GC (Allocation Failure) [PSYoungGen: 93213K->432K(91648K)] 525079K->433322K(792064K), 0.0030501 secs] [Times: user=0.01 sys=0.00, real=0.01 secs] 
2144.736: [GC (Allocation Failure) [PSYoungGen: 91568K->352K(92672K)] 524458K->433242K(793088K), 0.0021949 secs] [Times: user=0.01 sys=0.00, real=0.01 secs] 
2145.253: [GC (Allocation Failure) [PSYoungGen: 90976K->320K(90624K)] 523866K->433210K(791040K), 0.0025791 secs] [Times: user=0.01 sys=0.00, real=0.00 secs] 
2145.827: [GC (Allocation Failure) [PSYoungGen: 90432K->1501K(92160K)] 523322K->434391K(792576K), 0.0018181 secs] [Times: user=0.01 sys=0.00, real=0.00 secs] 
2145.987: [GC (Allocation Failure) [PSYoungGen: 91101K->1517K(90624K)] 523991K->434431K(791040K), 0.0019106 secs] [Times: user=0.01 sys=0.00, real=0.00 secs] 
2146.172: [GC (Allocation Failure) [PSYoungGen: 90605K->1517K(96768K)] 523519K->434431K(797184K), 0.0021224 secs] [Times: user=0.01 sys=0.00, real=0.00 secs] 
2147.123: [GC (Allocation Failure) [PSYoungGen: 95725K->1408K(95232K)] 528639K->434322K(795648K), 0.0024161 secs] [Times: user=0.01 sys=0.00, real=0.00 secs] 
2147.658: [GC (Allocation Failure) [PSYoungGen: 95104K->1408K(94720K)] 528018K->434322K(795136K), 0.0022151 secs] [Times: user=0.01 sys=0.01, real=0.00 secs] 
2148.470: [GC (Allocation Failure) [PSYoungGen: 94592K->1392K(94208K)] 527506K->434306K(794624K), 0.0026227 secs] [Times: user=0.01 sys=0.00, real=0.00 secs] 
2148.956: [GC (Allocation Failure) [PSYoungGen: 94064K->1485K(93696K)] 526978K->434399K(794112K), 0.0018019 secs] [Times: user=0.01 sys=0.00, real=0.01 secs] 
2149.120: [GC (Allocation Failure) [PSYoungGen: 93645K->1533K(93184K)] 526559K->434447K(793600K), 0.0017928 secs] [Times: user=0.01 sys=0.01, real=0.00 secs] 
2149.284: [GC (Allocation Failure) [PSYoungGen: 93181K->1533K(95232K)] 526095K->434447K(795648K), 0.0018878 secs] [Times: user=0.01 sys=0.00, real=0.00 secs] 
2149.626: [GC (Allocation Failure) [PSYoungGen: 94717K->1408K(94208K)] 527631K->434322K(794624K), 0.0021389 secs] [Times: user=0.01 sys=0.00, real=0.01 secs] 
2150.044: [GC (Allocation Failure) [PSYoungGen: 94080K->1392K(93696K)] 526994K->434306K(794112K), 0.0021259 secs] [Times: user=0.01 sys=0.00, real=0.00 secs] 
2150.839: [GC (Allocation Failure) [PSYoungGen: 93552K->1440K(93184K)] 526466K->434354K(793600K), 0.0021060 secs] [Times: user=0.01 sys=0.00, real=0.00 secs] 
2151.387: [GC (Allocation Failure) [PSYoungGen: 93088K->1549K(93184K)] 526002K->434463K(793600K), 0.0017958 secs] [Times: user=0.01 sys=0.00, real=0.00 secs] 
2151.578: [GC (Allocation Failure) [PSYoungGen: 92685K->509K(91136K)] 525599K->434447K(791552K), 0.0021883 secs] [Times: user=0.01 sys=0.00, real=0.00 secs] 
2151.779: [GC (Allocation Failure) [PSYoungGen: 91133K->493K(97792K)] 525071K->434431K(798208K), 0.0022013 secs] [Times: user=0.01 sys=0.00, real=0.00 secs] 
2152.587: [GC (Allocation Failure) [PSYoungGen: 96237K->1440K(96768K)] 530175K->435378K(797184K), 0.0026053 secs] [Times: user=0.01 sys=0.00, real=0.01 secs] 
2153.277: [GC (Allocation Failure) [PSYoungGen: 96672K->1344K(96256K)] 530610K->435282K(796672K), 0.0023924 secs] [Times: user=0.01 sys=0.00, real=0.01 secs] 
2154.178: [GC (Allocation Failure) [PSYoungGen: 96064K->1424K(95744K)] 530002K->435362K(796160K), 0.0026461 secs] [Times: user=0.01 sys=0.00, real=0.00 secs] 
2154.471: [GC (Allocation Failure) [PSYoungGen: 95632K->1533K(95232K)] 529570K->435479K(795648K), 0.0019248 secs] [Times: user=0.01 sys=0.00, real=0.00 secs] 
2154.638: [GC (Allocation Failure) [PSYoungGen: 95229K->1533K(94720K)] 529175K->435503K(795136K), 0.0018914 secs] [Times: user=0.01 sys=0.00, real=0.00 secs] 
2154.866: [GC (Allocation Failure) [PSYoungGen: 94717K->1456K(94208K)] 528687K->435426K(794624K), 0.0022028 secs] [Times: user=0.01 sys=0.00, real=0.01 secs] 
2155.252: [GC (Allocation Failure) [PSYoungGen: 94128K->1408K(93696K)] 528098K->435378K(794112K), 0.0020729 secs] [Times: user=0.00 sys=0.00, real=0.00 secs] 
2155.635: [GC (Allocation Failure) [PSYoungGen: 93568K->1376K(93184K)] 527538K->435346K(793600K), 0.0021606 secs] [Times: user=0.01 sys=0.00, real=0.01 secs] 
2156.013: [GC (Allocation Failure) [PSYoungGen: 93024K->1469K(92672K)] 526994K->435439K(793088K), 0.0017531 secs] [Times: user=0.01 sys=0.00, real=0.00 secs] 
2156.177: [GC (Allocation Failure) [PSYoungGen: 92605K->1501K(92160K)] 526575K->435471K(792576K), 0.0020246 secs] [Times: user=0.01 sys=0.00, real=0.00 secs] 
2156.337: [GC (Allocation Failure) [PSYoungGen: 92125K->1517K(93696K)] 526095K->435519K(794112K), 0.0019573 secs] [Times: user=0.01 sys=0.00, real=0.00 secs] 
2157.353: [GC (Allocation Failure) [PSYoungGen: 93677K->1440K(93184K)] 527679K->435442K(793600K), 0.0028343 secs] [Times: user=0.01 sys=0.00, real=0.00 secs] 
2158.601: [GC (Allocation Failure) [PSYoungGen: 93088K->1392K(92672K)] 527090K->435394K(793088K), 0.0031836 secs] [Times: user=0.01 sys=0.00, real=0.00 secs] 
2159.485: [GC (Allocation Failure) [PSYoungGen: 92528K->1376K(92160K)] 526530K->435378K(792576K), 0.0025629 secs] [Times: user=0.01 sys=0.00, real=0.01 secs] 
2160.213: [GC (Allocation Failure) [PSYoungGen: 92000K->1517K(91648K)] 526002K->435519K(792064K), 0.0023834 secs] [Times: user=0.01 sys=0.00, real=0.00 secs] 
2160.395: [GC (Allocation Failure) [PSYoungGen: 91629K->1565K(91648K)] 525631K->435583K(792064K), 0.0018461 secs] [Times: user=0.01 sys=0.00, real=0.01 secs] 
2160.556: [GC (Allocation Failure) [PSYoungGen: 91165K->1501K(90624K)] 525183K->435519K(791040K), 0.0018238 secs] [Times: user=0.01 sys=0.00, real=0.01 secs] 
2160.921: [GC (Allocation Failure) [PSYoungGen: 90589K->1504K(90112K)] 524607K->435522K(790528K), 0.0021759 secs] [Times: user=0.01 sys=0.00, real=0.00 secs] 
2161.292: [GC (Allocation Failure) [PSYoungGen: 90080K->1408K(89600K)] 524098K->435426K(790016K), 0.0022248 secs] [Times: user=0.01 sys=0.00, real=0.00 secs] 
2161.659: [GC (Allocation Failure) [PSYoungGen: 89472K->1408K(89088K)] 523490K->435426K(789504K), 0.0023403 secs] [Times: user=0.01 sys=0.00, real=0.00 secs] 
2162.023: [GC (Allocation Failure) [PSYoungGen: 88960K->1501K(88576K)] 522978K->435519K(788992K), 0.0021611 secs] [Times: user=0.01 sys=0.00, real=0.00 secs] 
2162.231: [GC (Allocation Failure) [PSYoungGen: 88541K->1533K(89600K)] 522559K->435551K(790016K), 0.0023478 secs] [Times: user=0.01 sys=0.00, real=0.00 secs] 
2162.463: [GC (Allocation Failure) [PSYoungGen: 89085K->1533K(95744K)] 523103K->435551K(796160K), 0.0027002 secs] [Times: user=0.01 sys=0.00, real=0.00 secs] 
2162.939: [GC (Allocation Failure) [PSYoungGen: 95229K->1472K(95744K)] 529247K->435490K(796160K), 0.0035711 secs] [Times: user=0.02 sys=0.00, real=0.00 secs] 
2164.166: [GC (Allocation Failure) [PSYoungGen: 95168K->1408K(94720K)] 529186K->435426K(795136K), 0.0032766 secs] [Times: user=0.01 sys=0.00, real=0.01 secs] 
2165.010: [GC (Allocation Failure) [PSYoungGen: 94592K->1440K(94208K)] 528610K->435458K(794624K), 0.0027965 secs] [Times: user=0.01 sys=0.00, real=0.00 secs] 
2165.801: [GC (Allocation Failure) [PSYoungGen: 94112K->1533K(93696K)] 528130K->435551K(794112K), 0.0024348 secs] [Times: user=0.01 sys=0.00, real=0.00 secs] 
2165.985: [GC (Allocation Failure) [PSYoungGen: 93693K->1501K(93184K)] 527711K->435551K(793600K), 0.0020466 secs] [Times: user=0.01 sys=0.00, real=0.01 secs] 
2166.150: [GC (Allocation Failure) [PSYoungGen: 93149K->1533K(100864K)] 527199K->435583K(801280K), 0.0019022 secs] [Times: user=0.01 sys=0.00, real=0.00 secs] 
2166.694: [GC (Allocation Failure) [PSYoungGen: 100861K->1504K(100352K)] 534911K->435554K(800768K), 0.0023412 secs] [Times: user=0.01 sys=0.00, real=0.00 secs] 
2167.698: [GC (Allocation Failure) [PSYoungGen: 100320K->1408K(99840K)] 534370K->435458K(800256K), 0.0032007 secs] [Times: user=0.01 sys=0.00, real=0.00 secs] 
2168.137: [GC (Allocation Failure) [PSYoungGen: 99712K->1376K(99328K)] 533762K->435426K(799744K), 0.0022393 secs] [Times: user=0.01 sys=0.00, real=0.00 secs] 
2168.438: [GC (Allocation Failure) [PSYoungGen: 99168K->1533K(98816K)] 533218K->435583K(799232K), 0.0019348 secs] [Times: user=0.01 sys=0.00, real=0.00 secs] 
2168.642: [GC (Allocation Failure) [PSYoungGen: 98813K->1565K(98816K)] 532863K->435615K(799232K), 0.0021795 secs] [Times: user=0.01 sys=0.00, real=0.00 secs] 
2168.891: [GC (Allocation Failure) [PSYoungGen: 98333K->1517K(98816K)] 532383K->435607K(799232K), 0.0023492 secs] [Times: user=0.01 sys=0.00, real=0.00 secs] 
2169.375: [GC (Allocation Failure) [PSYoungGen: 98797K->1408K(98304K)] 532887K->435506K(798720K), 0.0024122 secs] [Times: user=0.01 sys=0.00, real=0.01 secs] 
2169.778: [GC (Allocation Failure) [PSYoungGen: 98176K->1408K(97792K)] 532274K->435506K(798208K), 0.0025460 secs] [Times: user=0.01 sys=0.00, real=0.00 secs] 
2170.237: [GC (Allocation Failure) [PSYoungGen: 97664K->1421K(97280K)] 531762K->435519K(797696K), 0.0035393 secs] [Times: user=0.02 sys=0.00, real=0.00 secs] 
2170.481: [GC (Allocation Failure) [PSYoungGen: 97165K->1533K(96768K)] 531263K->435631K(797184K), 0.0018505 secs] [Times: user=0.01 sys=0.00, real=0.00 secs] 
2170.651: [GC (Allocation Failure) [PSYoungGen: 96765K->1549K(97280K)] 530863K->435647K(797696K), 0.0020221 secs] [Times: user=0.00 sys=0.00, real=0.00 secs] 
2171.969: [GC (Allocation Failure) [PSYoungGen: 96781K->1440K(96256K)] 530879K->435546K(796672K), 0.0036417 secs] [Times: user=0.01 sys=0.01, real=0.00 secs] 
2172.789: [GC (Allocation Failure) [PSYoungGen: 96160K->1376K(95744K)] 530266K->435482K(796160K), 0.0034496 secs] [Times: user=0.01 sys=0.00, real=0.00 secs] 
2173.728: [GC (Allocation Failure) [PSYoungGen: 95584K->1408K(95232K)] 529690K->435514K(795648K), 0.0028757 secs] [Times: user=0.01 sys=0.00, real=0.00 secs] 
2174.394: [GC (Allocation Failure) [PSYoungGen: 95104K->1501K(94720K)] 529210K->435607K(795136K), 0.0026933 secs] [Times: user=0.01 sys=0.00, real=0.01 secs] 
2174.582: [GC (Allocation Failure) [PSYoungGen: 94685K->1533K(94208K)] 528791K->435639K(794624K), 0.0019191 secs] [Times: user=0.01 sys=0.00, real=0.00 secs] 
2174.747: [GC (Allocation Failure) [PSYoungGen: 94205K->1501K(101888K)] 528311K->435631K(802304K), 0.0019351 secs] [Times: user=0.01 sys=0.00, real=0.00 secs] 
2175.547: [GC (Allocation Failure) [PSYoungGen: 101853K->1376K(101376K)] 535983K->435506K(801792K), 0.0023562 secs] [Times: user=0.01 sys=0.01, real=0.01 secs] 
2176.392: [GC (Allocation Failure) [PSYoungGen: 101216K->1360K(100864K)] 535346K->435490K(801280K), 0.0026050 secs] [Times: user=0.01 sys=0.00, real=0.00 secs] 
2177.555: [GC (Allocation Failure) [PSYoungGen: 100688K->1376K(100352K)] 534818K->435506K(800768K), 0.0025327 secs] [Times: user=0.01 sys=0.01, real=0.01 secs] 
2177.896: [GC (Allocation Failure) [PSYoungGen: 100192K->1533K(99840K)] 534322K->435663K(800256K), 0.0018748 secs] [Times: user=0.00 sys=0.00, real=0.01 secs] 
2178.072: [GC (Allocation Failure) [PSYoungGen: 99837K->1568K(99840K)] 533967K->435698K(800256K), 0.0018404 secs] [Times: user=0.00 sys=0.00, real=0.00 secs] 
2178.719: [GC (Allocation Failure) [PSYoungGen: 99360K->1440K(98816K)] 533490K->435578K(799232K), 0.0025946 secs] [Times: user=0.01 sys=0.00, real=0.00 secs] 
2179.302: [GC (Allocation Failure) [PSYoungGen: 98720K->1376K(98304K)] 532858K->435514K(798720K), 0.0021170 secs] [Times: user=0.01 sys=0.00, real=0.00 secs] 
2180.159: [GC (Allocation Failure) [PSYoungGen: 98144K->1440K(97792K)] 532282K->435578K(798208K), 0.0022127 secs] [Times: user=0.01 sys=0.00, real=0.00 secs] 
2181.197: [GC (Allocation Failure) [PSYoungGen: 97696K->1469K(97280K)] 531834K->435607K(797696K), 0.0025096 secs] [Times: user=0.01 sys=0.00, real=0.00 secs] 
2181.395: [GC (Allocation Failure) [PSYoungGen: 97213K->1517K(96768K)] 531351K->435655K(797184K), 0.0019154 secs] [Times: user=0.01 sys=0.00, real=0.00 secs] 
2181.564: [GC (Allocation Failure) [PSYoungGen: 96749K->1533K(96256K)] 530887K->435711K(796672K), 0.0018075 secs] [Times: user=0.01 sys=0.00, real=0.00 secs] 
2181.944: [GC (Allocation Failure) [PSYoungGen: 96253K->1424K(95744K)] 530431K->435602K(796160K), 0.0024188 secs] [Times: user=0.01 sys=0.00, real=0.01 secs] 
2182.385: [GC (Allocation Failure) [PSYoungGen: 95632K->1408K(95232K)] 529810K->435586K(795648K), 0.0020578 secs] [Times: user=0.01 sys=0.00, real=0.01 secs] 
2182.830: [GC (Allocation Failure) [PSYoungGen: 95104K->1408K(94720K)] 529282K->435586K(795136K), 0.0023844 secs] [Times: user=0.01 sys=0.00, real=0.00 secs] 
2183.211: [GC (Allocation Failure) [PSYoungGen: 94592K->1501K(94208K)] 528770K->435679K(794624K), 0.0018706 secs] [Times: user=0.00 sys=0.00, real=0.00 secs] 
2183.376: [GC (Allocation Failure) [PSYoungGen: 94173K->1549K(94208K)] 528351K->435727K(794624K), 0.0020032 secs] [Times: user=0.00 sys=0.00, real=0.01 secs] 
2183.570: [GC (Allocation Failure) [PSYoungGen: 93709K->528K(94208K)] 527887K->435730K(794624K), 0.0022018 secs] [Times: user=0.00 sys=0.00, real=0.00 secs] 
2184.304: [GC (Allocation Failure) [PSYoungGen: 93712K->1440K(94208K)] 528914K->436666K(794624K), 0.0024161 secs] [Times: user=0.01 sys=0.00, real=0.01 secs] 
2185.085: [GC (Allocation Failure) [PSYoungGen: 94112K->1360K(93696K)] 529338K->436586K(794112K), 0.0025255 secs] [Times: user=0.01 sys=0.00, real=0.01 secs] 
2185.917: [GC (Allocation Failure) [PSYoungGen: 93520K->1376K(93184K)] 528746K->436602K(793600K), 0.0034112 secs] [Times: user=0.02 sys=0.00, real=0.00 secs] 
2186.176: [GC (Allocation Failure) [PSYoungGen: 93024K->1501K(92672K)] 528250K->436727K(793088K), 0.0018251 secs] [Times: user=0.00 sys=0.00, real=0.01 secs] 
2186.337: [GC (Allocation Failure) [PSYoungGen: 92637K->1469K(92160K)] 527863K->436695K(792576K), 0.0018970 secs] [Times: user=0.01 sys=0.00, real=0.00 secs] 
2186.498: [GC (Allocation Failure) [PSYoungGen: 92093K->1469K(92672K)] 527319K->436695K(793088K), 0.0018130 secs] [Times: user=0.01 sys=0.00, real=0.00 secs] 
2186.881: [GC (Allocation Failure) [PSYoungGen: 92093K->1408K(91648K)] 527319K->436634K(792064K), 0.0018803 secs] [Times: user=0.01 sys=0.00, real=0.00 secs] 
2187.329: [GC (Allocation Failure) [PSYoungGen: 91520K->1376K(91136K)] 526746K->436602K(791552K), 0.0018072 secs] [Times: user=0.00 sys=0.00, real=0.00 secs] 
2187.769: [GC (Allocation Failure) [PSYoungGen: 90976K->1408K(90624K)] 526202K->436634K(791040K), 0.0022055 secs] [Times: user=0.01 sys=0.00, real=0.00 secs] 
2188.031: [GC (Allocation Failure) [PSYoungGen: 90496K->1485K(90112K)] 525722K->436719K(790528K), 0.0018729 secs] [Times: user=0.00 sys=0.01, real=0.00 secs] 
2188.216: [GC (Allocation Failure) [PSYoungGen: 90061K->1504K(90624K)] 525295K->436738K(791040K), 0.0021969 secs] [Times: user=0.01 sys=0.00, real=0.01 secs] 
2188.395: [GC (Allocation Failure) [PSYoungGen: 90080K->1533K(97792K)] 525314K->436767K(798208K), 0.0021771 secs] [Times: user=0.00 sys=0.00, real=0.01 secs] 
2190.568: [GC (Allocation Failure) [PSYoungGen: 97277K->1440K(96768K)] 532511K->436674K(797184K), 0.0028182 secs] [Times: user=0.01 sys=0.00, real=0.00 secs] 
2191.211: [GC (Allocation Failure) [PSYoungGen: 96672K->1408K(96256K)] 531906K->436642K(796672K), 0.0023847 secs] [Times: user=0.01 sys=0.00, real=0.00 secs] 
2191.605: [GC (Allocation Failure) [PSYoungGen: 96128K->1376K(95744K)] 531362K->436610K(796160K), 0.0025289 secs] [Times: user=0.02 sys=0.00, real=0.01 secs] 
2191.827: [GC (Allocation Failure) [PSYoungGen: 95584K->1549K(95744K)] 530818K->436783K(796160K), 0.0018087 secs] [Times: user=0.01 sys=0.00, real=0.00 secs] 
2192.025: [GC (Allocation Failure) [PSYoungGen: 95245K->1565K(96256K)] 530479K->436799K(796672K), 0.0022780 secs] [Times: user=0.01 sys=0.00, real=0.01 secs] 
2192.636: [GC (Allocation Failure) [PSYoungGen: 95773K->1488K(95232K)] 531007K->436722K(795648K), 0.0025357 secs] [Times: user=0.01 sys=0.00, real=0.01 secs] 
2194.072: [GC (Allocation Failure) [PSYoungGen: 95184K->1344K(94720K)] 530418K->436578K(795136K), 0.0051843 secs] [Times: user=0.02 sys=0.00, real=0.01 secs] 
2195.435: [GC (Allocation Failure) [PSYoungGen: 94528K->1440K(94208K)] 529762K->436674K(794624K), 0.0039290 secs] [Times: user=0.01 sys=0.00, real=0.01 secs] 
2196.515: [GC (Allocation Failure) [PSYoungGen: 94112K->1469K(93696K)] 529346K->436703K(794112K), 0.0033703 secs] [Times: user=0.01 sys=0.01, real=0.01 secs] 
2196.733: [GC (Allocation Failure) [PSYoungGen: 93629K->1520K(93184K)] 528863K->436762K(793600K), 0.0017864 secs] [Times: user=0.00 sys=0.00, real=0.00 secs] 
2196.927: [GC (Allocation Failure) [PSYoungGen: 93168K->1504K(92672K)] 528410K->436746K(793088K), 0.0022270 secs] [Times: user=0.01 sys=0.00, real=0.00 secs] 
2197.371: [GC (Allocation Failure) [PSYoungGen: 92640K->1424K(92160K)] 527882K->436682K(792576K), 0.0025765 secs] [Times: user=0.01 sys=0.00, real=0.00 secs] 
2198.182: [GC (Allocation Failure) [PSYoungGen: 92048K->1392K(91648K)] 527306K->436650K(792064K), 0.0040131 secs] [Times: user=0.01 sys=0.00, real=0.00 secs] 
2198.995: [GC (Allocation Failure) [PSYoungGen: 91504K->1360K(91136K)] 526762K->436618K(791552K), 0.0030684 secs] [Times: user=0.01 sys=0.00, real=0.01 secs] 
2199.747: [GC (Allocation Failure) [PSYoungGen: 90960K->1501K(90624K)] 526218K->436759K(791040K), 0.0027259 secs] [Times: user=0.01 sys=0.00, real=0.01 secs] 
2199.937: [GC (Allocation Failure) [PSYoungGen: 90589K->1517K(90112K)] 525847K->436815K(790528K), 0.0018073 secs] [Times: user=0.01 sys=0.00, real=0.01 secs] 
2200.094: [GC (Allocation Failure) [PSYoungGen: 90093K->1533K(97792K)] 525391K->436831K(798208K), 0.0018371 secs] [Times: user=0.01 sys=0.00, real=0.00 secs] 
2200.600: [GC (Allocation Failure) [PSYoungGen: 97277K->1424K(96768K)] 532575K->436722K(797184K), 0.0022798 secs] [Times: user=0.01 sys=0.00, real=0.00 secs] 
2201.412: [GC (Allocation Failure) [PSYoungGen: 96656K->1392K(96256K)] 531954K->436690K(796672K), 0.0031514 secs] [Times: user=0.01 sys=0.00, real=0.00 secs] 
2202.233: [GC (Allocation Failure) [PSYoungGen: 96112K->1424K(95744K)] 531410K->436722K(796160K), 0.0046821 secs] [Times: user=0.02 sys=0.00, real=0.01 secs] 
2202.777: [GC (Allocation Failure) [PSYoungGen: 95632K->1485K(95232K)] 530930K->436783K(795648K), 0.0022630 secs] [Times: user=0.01 sys=0.00, real=0.00 secs] 
2202.957: [GC (Allocation Failure) [PSYoungGen: 95181K->1533K(94720K)] 530479K->436831K(795136K), 0.0018352 secs] [Times: user=0.01 sys=0.00, real=0.01 secs] 
2203.124: [GC (Allocation Failure) [PSYoungGen: 94717K->1533K(95232K)] 530015K->436831K(795648K), 0.0019069 secs] [Times: user=0.00 sys=0.00, real=0.00 secs] 
2204.516: [GC (Allocation Failure) [PSYoungGen: 94717K->1440K(94208K)] 530015K->436738K(794624K), 0.0031489 secs] [Times: user=0.01 sys=0.00, real=0.01 secs] 
2205.243: [GC (Allocation Failure) [PSYoungGen: 94112K->1408K(93696K)] 529410K->436706K(794112K), 0.0039981 secs] [Times: user=0.01 sys=0.00, real=0.00 secs] 
2205.660: [GC (Allocation Failure) [PSYoungGen: 93568K->1376K(93184K)] 528866K->436674K(793600K), 0.0021534 secs] [Times: user=0.01 sys=0.01, real=0.00 secs] 
2205.939: [GC (Allocation Failure) [PSYoungGen: 93024K->1501K(92672K)] 528322K->436799K(793088K), 0.0023942 secs] [Times: user=0.01 sys=0.00, real=0.00 secs] 
2206.129: [GC (Allocation Failure) [PSYoungGen: 92637K->1533K(100352K)] 527935K->436855K(800768K), 0.0023221 secs] [Times: user=0.01 sys=0.00, real=0.00 secs] 
2206.324: [GC (Allocation Failure) [PSYoungGen: 100349K->1533K(100864K)] 535671K->436855K(801280K), 0.0018178 secs] [Times: user=0.01 sys=0.00, real=0.00 secs] 
2206.734: [GC (Allocation Failure) [PSYoungGen: 100349K->1408K(109056K)] 535671K->436730K(809472K), 0.0026600 secs] [Times: user=0.01 sys=0.00, real=0.00 secs] 
2207.179: [GC (Allocation Failure) [PSYoungGen: 108416K->1456K(109056K)] 543738K->436802K(809472K), 0.0057268 secs] [Times: user=0.02 sys=0.02, real=0.00 secs] 
2207.663: [GC (Allocation Failure) [PSYoungGen: 108464K->1501K(117248K)] 543810K->436847K(817664K), 0.0023036 secs] [Times: user=0.01 sys=0.00, real=0.00 secs] 
2207.880: [GC (Allocation Failure) [PSYoungGen: 117213K->1597K(117760K)] 552559K->436943K(818176K), 0.0018035 secs] [Times: user=0.01 sys=0.00, real=0.00 secs] 
2208.086: [GC (Allocation Failure) [PSYoungGen: 117309K->1565K(127488K)] 552655K->436911K(827904K), 0.0019710 secs] [Times: user=0.01 sys=0.00, real=0.01 secs] 
2208.843: [GC (Allocation Failure) [PSYoungGen: 127005K->1408K(125952K)] 562351K->436754K(826368K), 0.0022729 secs] [Times: user=0.01 sys=0.00, real=0.00 secs] 
2209.785: [GC (Allocation Failure) [PSYoungGen: 125824K->1408K(124928K)] 561170K->436754K(825344K), 0.0032354 secs] [Times: user=0.02 sys=0.00, real=0.01 secs] 
2210.461: [GC (Allocation Failure) [PSYoungGen: 124800K->1533K(123904K)] 560146K->436879K(824320K), 0.0018905 secs] [Times: user=0.01 sys=0.00, real=0.00 secs] 
2210.678: [GC (Allocation Failure) [PSYoungGen: 123901K->1533K(122880K)] 559247K->436927K(823296K), 0.0019086 secs] [Times: user=0.01 sys=0.00, real=0.00 secs] 
2211.497: [GC (Allocation Failure) [PSYoungGen: 122877K->1424K(121856K)] 558271K->436818K(822272K), 0.0052631 secs] [Times: user=0.02 sys=0.01, real=0.00 secs] 
2213.061: [GC (Allocation Failure) [PSYoungGen: 121744K->1408K(120832K)] 557138K->436802K(821248K), 0.0051417 secs] [Times: user=0.02 sys=0.01, real=0.00 secs] 
2214.287: [GC (Allocation Failure) [PSYoungGen: 120704K->1517K(119808K)] 556098K->436911K(820224K), 0.0028085 secs] [Times: user=0.01 sys=0.00, real=0.00 secs] 
2214.528: [GC (Allocation Failure) [PSYoungGen: 119789K->1517K(118784K)] 555183K->436927K(819200K), 0.0018126 secs] [Times: user=0.01 sys=0.00, real=0.00 secs] 
2214.803: [GC (Allocation Failure) [PSYoungGen: 118765K->1520K(117760K)] 554175K->436930K(818176K), 0.0023960 secs] [Times: user=0.01 sys=0.00, real=0.00 secs] 
2215.739: [GC (Allocation Failure) [PSYoungGen: 117744K->1408K(117248K)] 553154K->436818K(817664K), 0.0034858 secs] [Times: user=0.01 sys=0.00, real=0.00 secs] 
2216.718: [GC (Allocation Failure) [PSYoungGen: 117120K->1408K(116736K)] 552530K->436818K(817152K), 0.0022125 secs] [Times: user=0.01 sys=0.00, real=0.00 secs] 
2217.192: [GC (Allocation Failure) [PSYoungGen: 116608K->1517K(116224K)] 552018K->436959K(816640K), 0.0018683 secs] [Times: user=0.01 sys=0.00, real=0.00 secs] 
2217.394: [GC (Allocation Failure) [PSYoungGen: 116205K->1533K(115712K)] 551647K->436999K(816128K), 0.0018222 secs] [Times: user=0.01 sys=0.00, real=0.00 secs] 
2217.883: [GC (Allocation Failure) [PSYoungGen: 115709K->1472K(115200K)] 551175K->436938K(815616K), 0.0022042 secs] [Times: user=0.01 sys=0.00, real=0.00 secs] 
2219.575: [GC (Allocation Failure) [PSYoungGen: 115136K->1408K(114688K)] 550602K->436874K(815104K), 0.0037016 secs] [Times: user=0.01 sys=0.00, real=0.01 secs] 
2221.092: [GC (Allocation Failure) [PSYoungGen: 114560K->1408K(114176K)] 550026K->436874K(814592K), 0.0030214 secs] [Times: user=0.01 sys=0.00, real=0.00 secs] 
2221.453: [GC (Allocation Failure) [PSYoungGen: 114048K->1565K(114176K)] 549514K->437031K(814592K), 0.0019272 secs] [Times: user=0.00 sys=0.00, real=0.00 secs] 
2221.653: [GC (Allocation Failure) [PSYoungGen: 113693K->541K(112640K)] 549159K->437031K(813056K), 0.0018943 secs] [Times: user=0.01 sys=0.00, real=0.00 secs] 
2222.769: [GC (Allocation Failure) [PSYoungGen: 112157K->1440K(112640K)] 548647K->437930K(813056K), 0.0049153 secs] [Times: user=0.02 sys=0.00, real=0.00 secs] 
2223.830: [GC (Allocation Failure) [PSYoungGen: 112544K->1344K(112128K)] 549034K->437834K(812544K), 0.0030769 secs] [Times: user=0.02 sys=0.00, real=0.00 secs] 
2224.718: [GC (Allocation Failure) [PSYoungGen: 111936K->1453K(111616K)] 548426K->437943K(812032K), 0.0029787 secs] [Times: user=0.02 sys=0.00, real=0.00 secs] 
2224.960: [GC (Allocation Failure) [PSYoungGen: 111533K->1517K(111104K)] 548023K->438015K(811520K), 0.0018101 secs] [Times: user=0.01 sys=0.00, real=0.00 secs] 
2225.190: [GC (Allocation Failure) [PSYoungGen: 111085K->1629K(111104K)] 547583K->438127K(811520K), 0.0023606 secs] [Times: user=0.01 sys=0.00, real=0.00 secs] 
2225.905: [GC (Allocation Failure) [PSYoungGen: 110685K->416K(109056K)] 547183K->437938K(809472K), 0.0027250 secs] [Times: user=0.01 sys=0.00, real=0.01 secs] 
2226.901: [GC (Allocation Failure) [PSYoungGen: 108960K->336K(110080K)] 546482K->437858K(810496K), 0.0030932 secs] [Times: user=0.02 sys=0.00, real=0.00 secs] 
2227.903: [GC (Allocation Failure) [PSYoungGen: 108368K->1456K(109056K)] 545890K->438978K(809472K), 0.0022868 secs] [Times: user=0.01 sys=0.00, real=0.00 secs] 
2228.161: [GC (Allocation Failure) [PSYoungGen: 108976K->1565K(109056K)] 546498K->439087K(809472K), 0.0024360 secs] [Times: user=0.01 sys=0.00, real=0.00 secs] 
2228.420: [GC (Allocation Failure) [PSYoungGen: 108573K->576K(107520K)] 546095K->439122K(807936K), 0.0020862 secs] [Times: user=0.01 sys=0.01, real=0.00 secs] 
2229.576: [GC (Allocation Failure) [PSYoungGen: 107072K->1408K(107520K)] 545618K->439962K(807936K), 0.0025827 secs] [Times: user=0.01 sys=0.00, real=0.01 secs] 
2230.598: [GC (Allocation Failure) [PSYoungGen: 107392K->1360K(107008K)] 545946K->439914K(807424K), 0.0027057 secs] [Times: user=0.02 sys=0.00, real=0.00 secs] 
2231.247: [GC (Allocation Failure) [PSYoungGen: 106832K->1469K(106496K)] 545386K->440023K(806912K), 0.0022166 secs] [Times: user=0.00 sys=0.00, real=0.00 secs] 
2231.445: [GC (Allocation Failure) [PSYoungGen: 106429K->1536K(106496K)] 544983K->440090K(806912K), 0.0018447 secs] [Times: user=0.01 sys=0.00, real=0.00 secs] 
2231.628: [GC (Allocation Failure) [PSYoungGen: 105984K->1581K(105984K)] 544538K->440135K(806400K), 0.0018887 secs] [Times: user=0.01 sys=0.00, real=0.00 secs] 
2232.005: [GC (Allocation Failure) [PSYoungGen: 105517K->1424K(104960K)] 544071K->439978K(805376K), 0.0020568 secs] [Times: user=0.01 sys=0.00, real=0.01 secs] 
2232.435: [GC (Allocation Failure) [PSYoungGen: 104848K->1344K(104448K)] 543402K->439898K(804864K), 0.0021495 secs] [Times: user=0.01 sys=0.00, real=0.01 secs] 
2232.863: [GC (Allocation Failure) [PSYoungGen: 104256K->1376K(103936K)] 542810K->439930K(804352K), 0.0020243 secs] [Times: user=0.01 sys=0.00, real=0.00 secs] 
2233.096: [GC (Allocation Failure) [PSYoungGen: 103776K->1549K(103936K)] 542330K->440103K(804352K), 0.0019453 secs] [Times: user=0.01 sys=0.00, real=0.01 secs] 
2233.278: [GC (Allocation Failure) [PSYoungGen: 103437K->557K(102400K)] 541991K->440135K(802816K), 0.0017749 secs] [Times: user=0.01 sys=0.00, real=0.00 secs] 
2233.554: [GC (Allocation Failure) [PSYoungGen: 101933K->1456K(102400K)] 541511K->441034K(802816K), 0.0017915 secs] [Times: user=0.01 sys=0.00, real=0.00 secs] 
2233.973: [GC (Allocation Failure) [PSYoungGen: 102320K->1408K(101888K)] 541898K->440986K(802304K), 0.0017731 secs] [Times: user=0.00 sys=0.01, real=0.00 secs] 
2234.718: [GC (Allocation Failure) [PSYoungGen: 101760K->1344K(101376K)] 541338K->440938K(801792K), 0.0024470 secs] [Times: user=0.01 sys=0.00, real=0.00 secs] 
2235.170: [GC (Allocation Failure) [PSYoungGen: 101184K->1517K(100864K)] 540778K->441111K(801280K), 0.0027144 secs] [Times: user=0.01 sys=0.00, real=0.00 secs] 
2235.348: [GC (Allocation Failure) [PSYoungGen: 100845K->1581K(100864K)] 540439K->441175K(801280K), 0.0020939 secs] [Times: user=0.01 sys=0.00, real=0.00 secs] 
2235.526: [GC (Allocation Failure) [PSYoungGen: 100397K->557K(102400K)] 539991K->441175K(802816K), 0.0018822 secs] [Times: user=0.01 sys=0.00, real=0.01 secs] 
2236.227: [GC (Allocation Failure) [PSYoungGen: 101933K->1408K(102400K)] 542551K->442026K(802816K), 0.0021062 secs] [Times: user=0.01 sys=0.00, real=0.00 secs] 
2236.902: [GC (Allocation Failure) [PSYoungGen: 102272K->1360K(101888K)] 542890K->441978K(802304K), 0.0026113 secs] [Times: user=0.01 sys=0.00, real=0.00 secs] 
2237.737: [GC (Allocation Failure) [PSYoungGen: 101712K->1437K(101376K)] 542330K->442055K(801792K), 0.0031925 secs] [Times: user=0.01 sys=0.00, real=0.00 secs] 
2238.033: [GC (Allocation Failure) [PSYoungGen: 101277K->1565K(101376K)] 541895K->442183K(801792K), 0.0018420 secs] [Times: user=0.01 sys=0.00, real=0.00 secs] 
2238.209: [GC (Allocation Failure) [PSYoungGen: 100893K->1549K(100864K)] 541511K->442167K(801280K), 0.0020754 secs] [Times: user=0.01 sys=0.00, real=0.00 secs] 
2238.558: [GC (Allocation Failure) [PSYoungGen: 100365K->384K(100352K)] 540983K->442026K(800768K), 0.0036698 secs] [Times: user=0.01 sys=0.00, real=0.00 secs] 
2239.163: [GC (Allocation Failure) [PSYoungGen: 99712K->352K(99328K)] 541354K->441994K(799744K), 0.0024201 secs] [Times: user=0.02 sys=0.00, real=0.00 secs] 
2239.930: [GC (Allocation Failure) [PSYoungGen: 99168K->288K(100352K)] 540810K->441930K(800768K), 0.0036574 secs] [Times: user=0.02 sys=0.00, real=0.00 secs] 
2240.442: [GC (Allocation Failure) [PSYoungGen: 98592K->1517K(99328K)] 540234K->443159K(799744K), 0.0018198 secs] [Times: user=0.01 sys=0.00, real=0.00 secs] 
2240.647: [GC (Allocation Failure) [PSYoungGen: 99309K->1565K(99328K)] 540951K->443215K(799744K), 0.0022313 secs] [Times: user=0.01 sys=0.00, real=0.00 secs] 
2240.938: [GC (Allocation Failure) [PSYoungGen: 98845K->1408K(98304K)] 540495K->443058K(798720K), 0.0024574 secs] [Times: user=0.01 sys=0.00, real=0.00 secs] 
2241.422: [GC (Allocation Failure) [PSYoungGen: 98176K->1392K(98304K)] 539826K->443042K(798720K), 0.0024355 secs] [Times: user=0.01 sys=0.00, real=0.00 secs] 
2241.871: [GC (Allocation Failure) [PSYoungGen: 97648K->1408K(97280K)] 539298K->443058K(797696K), 0.0026676 secs] [Times: user=0.01 sys=0.00, real=0.00 secs] 
2242.290: [GC (Allocation Failure) [PSYoungGen: 97152K->1549K(97280K)] 538802K->443199K(797696K), 0.0021645 secs] [Times: user=0.01 sys=0.00, real=0.00 secs] 
2242.463: [GC (Allocation Failure) [PSYoungGen: 96781K->1565K(96768K)] 538431K->443215K(797184K), 0.0020760 secs] [Times: user=0.01 sys=0.00, real=0.00 secs] 
2242.633: [GC (Allocation Failure) [PSYoungGen: 96285K->1581K(97280K)] 537935K->443231K(797696K), 0.0019430 secs] [Times: user=0.00 sys=0.00, real=0.00 secs] 
2243.045: [GC (Allocation Failure) [PSYoungGen: 96301K->1488K(97280K)] 537951K->443138K(797696K), 0.0021884 secs] [Times: user=0.01 sys=0.00, real=0.01 secs] 
2243.455: [GC (Allocation Failure) [PSYoungGen: 96208K->1344K(95744K)] 537858K->443026K(796160K), 0.0024009 secs] [Times: user=0.01 sys=0.00, real=0.01 secs] 
2243.919: [GC (Allocation Failure) [PSYoungGen: 95552K->1376K(95232K)] 537234K->443058K(795648K), 0.0024571 secs] [Times: user=0.01 sys=0.00, real=0.00 secs] 
2244.214: [GC (Allocation Failure) [PSYoungGen: 95072K->1453K(94720K)] 536754K->443135K(795136K), 0.0020037 secs] [Times: user=0.00 sys=0.00, real=0.00 secs] 
2244.380: [GC (Allocation Failure) [PSYoungGen: 94637K->1565K(102400K)] 536319K->443247K(802816K), 0.0018051 secs] [Times: user=0.01 sys=0.00, real=0.00 secs] 
2244.592: [GC (Allocation Failure) [PSYoungGen: 101917K->1597K(103424K)] 543599K->443279K(803840K), 0.0020723 secs] [Times: user=0.01 sys=0.00, real=0.00 secs] 
2245.495: [GC (Allocation Failure) [PSYoungGen: 102461K->1408K(101888K)] 544143K->443090K(802304K), 0.0037422 secs] [Times: user=0.02 sys=0.00, real=0.01 secs] 
2246.304: [GC (Allocation Failure) [PSYoungGen: 101760K->1408K(101376K)] 543442K->443090K(801792K), 0.0031091 secs] [Times: user=0.02 sys=0.00, real=0.01 secs] 
2247.091: [GC (Allocation Failure) [PSYoungGen: 101248K->1469K(100864K)] 542930K->443151K(801280K), 0.0031632 secs] [Times: user=0.01 sys=0.00, real=0.00 secs] 
2247.323: [GC (Allocation Failure) [PSYoungGen: 100797K->1597K(100864K)] 542479K->443279K(801280K), 0.0019213 secs] [Times: user=0.00 sys=0.00, real=0.00 secs] 
2247.507: [GC (Allocation Failure) [PSYoungGen: 100413K->1533K(99840K)] 542095K->443215K(800256K), 0.0018939 secs] [Times: user=0.00 sys=0.00, real=0.00 secs] 
2247.854: [GC (Allocation Failure) [PSYoungGen: 99837K->1472K(99328K)] 541519K->443154K(799744K), 0.0019582 secs] [Times: user=0.01 sys=0.00, real=0.00 secs] 
2248.292: [GC (Allocation Failure) [PSYoungGen: 99264K->1344K(98816K)] 540946K->443026K(799232K), 0.0020961 secs] [Times: user=0.01 sys=0.00, real=0.00 secs] 
2248.717: [GC (Allocation Failure) [PSYoungGen: 98624K->1376K(98304K)] 540306K->443058K(798720K), 0.0020233 secs] [Times: user=0.01 sys=0.00, real=0.00 secs] 
2249.027: [GC (Allocation Failure) [PSYoungGen: 98144K->1504K(97792K)] 539826K->443186K(798208K), 0.0018860 secs] [Times: user=0.01 sys=0.00, real=0.00 secs] 
2249.197: [GC (Allocation Failure) [PSYoungGen: 97760K->1533K(97280K)] 539442K->443255K(797696K), 0.0018837 secs] [Times: user=0.00 sys=0.00, real=0.00 secs] 
2249.367: [GC (Allocation Failure) [PSYoungGen: 97277K->1581K(98304K)] 538999K->443303K(798720K), 0.0018048 secs] [Times: user=0.01 sys=0.00, real=0.00 secs] 
2250.121: [GC (Allocation Failure) [PSYoungGen: 97837K->1440K(97280K)] 539559K->443162K(797696K), 0.0025233 secs] [Times: user=0.01 sys=0.00, real=0.00 secs] 
2250.907: [GC (Allocation Failure) [PSYoungGen: 97184K->1376K(96768K)] 538906K->443098K(797184K), 0.0048209 secs] [Times: user=0.02 sys=0.00, real=0.00 secs] 
2251.688: [GC (Allocation Failure) [PSYoungGen: 96608K->1376K(96256K)] 538330K->443098K(796672K), 0.0026688 secs] [Times: user=0.01 sys=0.00, real=0.00 secs] 
2251.949: [GC (Allocation Failure) [PSYoungGen: 96096K->1501K(95744K)] 537818K->443223K(796160K), 0.0022590 secs] [Times: user=0.01 sys=0.00, real=0.00 secs] 
2252.117: [GC (Allocation Failure) [PSYoungGen: 95709K->1533K(103424K)] 537431K->443287K(803840K), 0.0018724 secs] [Times: user=0.01 sys=0.01, real=0.00 secs] 
2252.760: [GC (Allocation Failure) [PSYoungGen: 103421K->1472K(102912K)] 545175K->443226K(803328K), 0.0025402 secs] [Times: user=0.01 sys=0.00, real=0.00 secs] 
2253.993: [GC (Allocation Failure) [PSYoungGen: 102848K->1408K(102400K)] 544602K->443162K(802816K), 0.0025316 secs] [Times: user=0.01 sys=0.00, real=0.00 secs] 
2255.163: [GC (Allocation Failure) [PSYoungGen: 102272K->1408K(101888K)] 544026K->443162K(802304K), 0.0026594 secs] [Times: user=0.01 sys=0.00, real=0.00 secs] 
2255.780: [GC (Allocation Failure) [PSYoungGen: 101760K->1536K(101888K)] 543514K->443314K(802304K), 0.0022758 secs] [Times: user=0.01 sys=0.00, real=0.00 secs] 
2255.966: [GC (Allocation Failure) [PSYoungGen: 101376K->1597K(101376K)] 543154K->443375K(801792K), 0.0019540 secs] [Times: user=0.01 sys=0.00, real=0.01 secs] 
2256.143: [GC (Allocation Failure) [PSYoungGen: 100925K->541K(99840K)] 542703K->443343K(800256K), 0.0019001 secs] [Times: user=0.01 sys=0.00, real=0.00 secs] 
2256.546: [GC (Allocation Failure) [PSYoungGen: 99357K->1440K(99840K)] 542159K->444242K(800256K), 0.0017955 secs] [Times: user=0.01 sys=0.00, real=0.01 secs] 
2256.954: [GC (Allocation Failure) [PSYoungGen: 99744K->1392K(99328K)] 542546K->444194K(799744K), 0.0017908 secs] [Times: user=0.00 sys=0.00, real=0.00 secs] 
2257.376: [GC (Allocation Failure) [PSYoungGen: 99184K->1517K(98816K)] 541986K->444319K(799232K), 0.0020290 secs] [Times: user=0.01 sys=0.00, real=0.01 secs] 
2257.552: [GC (Allocation Failure) [PSYoungGen: 98797K->1517K(98304K)] 541599K->444359K(798720K), 0.0019474 secs] [Times: user=0.01 sys=0.00, real=0.00 secs] 
2257.730: [GC (Allocation Failure) [PSYoungGen: 98285K->1597K(99328K)] 541127K->444439K(799744K), 0.0018307 secs] [Times: user=0.01 sys=0.00, real=0.00 secs] 
2258.165: [GC (Allocation Failure) [PSYoungGen: 98877K->1488K(98304K)] 541719K->444330K(798720K), 0.0028636 secs] [Times: user=0.00 sys=0.00, real=0.01 secs] 
2259.006: [GC (Allocation Failure) [PSYoungGen: 98256K->1440K(97792K)] 541098K->444282K(798208K), 0.0024268 secs] [Times: user=0.01 sys=0.00, real=0.01 secs] 
2259.967: [GC (Allocation Failure) [PSYoungGen: 97696K->1392K(97280K)] 540538K->444234K(797696K), 0.0037285 secs] [Times: user=0.02 sys=0.00, real=0.00 secs] 
2260.495: [GC (Allocation Failure) [PSYoungGen: 97136K->1536K(97280K)] 539978K->444378K(797696K), 0.0027084 secs] [Times: user=0.01 sys=0.00, real=0.01 secs] 
2260.694: [GC (Allocation Failure) [PSYoungGen: 96768K->573K(95744K)] 539610K->444471K(796160K), 0.0019376 secs] [Times: user=0.00 sys=0.00, real=0.00 secs] 
2260.862: [GC (Allocation Failure) [PSYoungGen: 95293K->528K(95232K)] 539191K->444426K(795648K), 0.0018201 secs] [Times: user=0.01 sys=0.00, real=0.00 secs] 
2261.866: [GC (Allocation Failure) [PSYoungGen: 94736K->1408K(95232K)] 538634K->445306K(795648K), 0.0026851 secs] [Times: user=0.01 sys=0.00, real=0.01 secs] 
2263.687: [GC (Allocation Failure) [PSYoungGen: 95104K->1360K(94720K)] 539002K->445258K(795136K), 0.0047988 secs] [Times: user=0.02 sys=0.00, real=0.01 secs] 
2264.906: [GC (Allocation Failure) [PSYoungGen: 94544K->1376K(94208K)] 538442K->445274K(794624K), 0.0044864 secs] [Times: user=0.02 sys=0.00, real=0.01 secs] 
2265.643: [GC (Allocation Failure) [PSYoungGen: 94048K->1565K(94208K)] 537946K->445463K(794624K), 0.0026352 secs] [Times: user=0.01 sys=0.00, real=0.00 secs] 
2265.813: [GC (Allocation Failure) [PSYoungGen: 93725K->541K(92672K)] 537623K->445463K(793088K), 0.0019788 secs] [Times: user=0.01 sys=0.00, real=0.00 secs] 
2265.977: [GC (Allocation Failure) [PSYoungGen: 92189K->461K(91648K)] 537111K->445383K(792064K), 0.0018294 secs] [Times: user=0.01 sys=0.00, real=0.00 secs] 
2266.393: [GC (Allocation Failure) [PSYoungGen: 91597K->1440K(92160K)] 536519K->446362K(792576K), 0.0023866 secs] [Times: user=0.01 sys=0.00, real=0.00 secs] 
2266.770: [GC (Allocation Failure) [PSYoungGen: 92064K->1344K(91648K)] 536986K->446290K(792064K), 0.0021874 secs] [Times: user=0.01 sys=0.00, real=0.00 secs] 
2267.145: [GC (Allocation Failure) [PSYoungGen: 91456K->1392K(91136K)] 536402K->446338K(791552K), 0.0021778 secs] [Times: user=0.01 sys=0.00, real=0.01 secs] 
2267.381: [GC (Allocation Failure) [PSYoungGen: 90992K->1485K(90624K)] 535938K->446439K(791040K), 0.0019800 secs] [Times: user=0.00 sys=0.00, real=0.00 secs] 
2267.540: [GC (Allocation Failure) [PSYoungGen: 90573K->1504K(96768K)] 535527K->446458K(797184K), 0.0017732 secs] [Times: user=0.00 sys=0.00, real=0.00 secs] 
2267.710: [GC (Allocation Failure) [PSYoungGen: 96736K->416K(97280K)] 541690K->445370K(797696K), 0.0017050 secs] [Times: user=0.01 sys=0.00, real=0.00 secs] 
2268.138: [GC (Allocation Failure) [PSYoungGen: 95648K->1376K(96256K)] 540602K->446330K(796672K), 0.0020406 secs] [Times: user=0.01 sys=0.00, real=0.00 secs] 
2268.530: [GC (Allocation Failure) [PSYoungGen: 96096K->1376K(95744K)] 541050K->446330K(796160K), 0.0023425 secs] [Times: user=0.01 sys=0.00, real=0.00 secs] 
2269.094: [GC (Allocation Failure) [PSYoungGen: 95584K->1437K(95232K)] 540538K->446391K(795648K), 0.0027326 secs] [Times: user=0.01 sys=0.00, real=0.01 secs] 
2269.290: [GC (Allocation Failure) [PSYoungGen: 95133K->1472K(94720K)] 540087K->446426K(795136K), 0.0019158 secs] [Times: user=0.00 sys=0.00, real=0.00 secs] 
2269.457: [GC (Allocation Failure) [PSYoungGen: 94656K->1472K(101888K)] 539610K->446426K(802304K), 0.0017971 secs] [Times: user=0.01 sys=0.00, real=0.00 secs] 
2270.022: [GC (Allocation Failure) [PSYoungGen: 100800K->1472K(100352K)] 545754K->446426K(800768K), 0.0024876 secs] [Times: user=0.00 sys=0.00, real=0.00 secs] 
2271.150: [GC (Allocation Failure) [PSYoungGen: 100288K->1376K(99840K)] 545242K->446330K(800256K), 0.0040346 secs] [Times: user=0.02 sys=0.00, real=0.00 secs] 
2272.314: [GC (Allocation Failure) [PSYoungGen: 99680K->1376K(99328K)] 544634K->446330K(799744K), 0.0047159 secs] [Times: user=0.02 sys=0.00, real=0.01 secs] 
2273.011: [GC (Allocation Failure) [PSYoungGen: 99168K->1517K(98816K)] 544122K->446471K(799232K), 0.0023580 secs] [Times: user=0.01 sys=0.00, real=0.00 secs] 
2273.206: [GC (Allocation Failure) [PSYoungGen: 98797K->1533K(98304K)] 543751K->446487K(798720K), 0.0018258 secs] [Times: user=0.01 sys=0.00, real=0.01 secs] 
2273.380: [GC (Allocation Failure) [PSYoungGen: 98301K->1565K(98304K)] 543255K->446519K(798720K), 0.0017892 secs] [Times: user=0.01 sys=0.00, real=0.00 secs] 
2273.919: [GC (Allocation Failure) [PSYoungGen: 97821K->1440K(97280K)] 542775K->446394K(797696K), 0.0023485 secs] [Times: user=0.01 sys=0.00, real=0.00 secs] 
2274.323: [GC (Allocation Failure) [PSYoungGen: 97184K->1408K(96768K)] 542138K->446362K(797184K), 0.0021489 secs] [Times: user=0.01 sys=0.00, real=0.00 secs] 
2275.082: [GC (Allocation Failure) [PSYoungGen: 96640K->1392K(96256K)] 541594K->446362K(796672K), 0.0026856 secs] [Times: user=0.01 sys=0.00, real=0.00 secs] 
2275.369: [GC (Allocation Failure) [PSYoungGen: 96112K->1533K(95744K)] 541082K->446535K(796160K), 0.0017875 secs] [Times: user=0.00 sys=0.00, real=0.00 secs] 
2275.535: [GC (Allocation Failure) [PSYoungGen: 95741K->1501K(95232K)] 540743K->446503K(795648K), 0.0019320 secs] [Times: user=0.01 sys=0.00, real=0.01 secs] 
2275.820: [GC (Allocation Failure) [PSYoungGen: 95197K->1472K(94720K)] 540199K->446474K(795136K), 0.0020468 secs] [Times: user=0.01 sys=0.00, real=0.00 secs] 
2276.354: [GC (Allocation Failure) [PSYoungGen: 94656K->1360K(94208K)] 539658K->446362K(794624K), 0.0024415 secs] [Times: user=0.01 sys=0.00, real=0.00 secs] 
2276.908: [GC (Allocation Failure) [PSYoungGen: 94032K->1376K(93696K)] 539034K->446378K(794112K), 0.0025315 secs] [Times: user=0.01 sys=0.00, real=0.00 secs] 
2277.689: [GC (Allocation Failure) [PSYoungGen: 93536K->1469K(93184K)] 538538K->446471K(793600K), 0.0026634 secs] [Times: user=0.01 sys=0.00, real=0.00 secs] 
2277.885: [GC (Allocation Failure) [PSYoungGen: 93117K->1533K(92672K)] 538119K->446535K(793088K), 0.0019029 secs] [Times: user=0.01 sys=0.00, real=0.01 secs] 
2278.049: [GC (Allocation Failure) [PSYoungGen: 92660K->1501K(92160K)] 537662K->446503K(792576K), 0.0018421 secs] [Times: user=0.01 sys=0.00, real=0.00 secs] 
2278.563: [GC (Allocation Failure) [PSYoungGen: 92125K->1424K(91648K)] 537127K->446426K(792064K), 0.0024943 secs] [Times: user=0.01 sys=0.01, real=0.00 secs] 
2279.273: [GC (Allocation Failure) [PSYoungGen: 91536K->1440K(91136K)] 536538K->446442K(791552K), 0.0027805 secs] [Times: user=0.01 sys=0.00, real=0.00 secs] 
2280.049: [GC (Allocation Failure) [PSYoungGen: 91040K->1392K(90624K)] 536042K->446394K(791040K), 0.0046186 secs] [Times: user=0.02 sys=0.00, real=0.00 secs] 
2280.673: [GC (Allocation Failure) [PSYoungGen: 90480K->1469K(90112K)] 535482K->446471K(790528K), 0.0024578 secs] [Times: user=0.01 sys=0.00, real=0.00 secs] 
2280.845: [GC (Allocation Failure) [PSYoungGen: 90045K->1517K(89600K)] 535047K->446559K(790016K), 0.0018417 secs] [Times: user=0.01 sys=0.00, real=0.00 secs] 
2281.002: [GC (Allocation Failure) [PSYoungGen: 89581K->1549K(90624K)] 534623K->446591K(791040K), 0.0018684 secs] [Times: user=0.01 sys=0.00, real=0.00 secs] 
2281.442: [GC (Allocation Failure) [PSYoungGen: 90125K->1440K(89600K)] 535167K->446482K(790016K), 0.0027859 secs] [Times: user=0.01 sys=0.00, real=0.00 secs] 
2281.857: [GC (Allocation Failure) [PSYoungGen: 89504K->1408K(89088K)] 534546K->446450K(789504K), 0.0026430 secs] [Times: user=0.01 sys=0.00, real=0.01 secs] 
2282.429: [GC (Allocation Failure) [PSYoungGen: 88960K->1408K(88576K)] 534002K->446450K(788992K), 0.0022382 secs] [Times: user=0.01 sys=0.00, real=0.00 secs] 
2283.079: [GC (Allocation Failure) [PSYoungGen: 88265K->288K(87040K)] 533308K->445330K(787456K), 0.0060520 secs] [Times: user=0.02 sys=0.00, real=0.00 secs] 
2283.358: [GC (Allocation Failure) [PSYoungGen: 86816K->1549K(88064K)] 531858K->446591K(788480K), 0.0018226 secs] [Times: user=0.01 sys=0.00, real=0.00 secs] 
2283.511: [GC (Allocation Failure) [PSYoungGen: 87565K->1549K(94720K)] 532607K->446591K(795136K), 0.0018239 secs] [Times: user=0.01 sys=0.00, real=0.00 secs] 
2283.836: [GC (Allocation Failure) [PSYoungGen: 94221K->1952K(95232K)] 539263K->447026K(795648K), 0.0022799 secs] [Times: user=0.01 sys=0.00, real=0.01 secs] 
2284.774: [GC (Allocation Failure) [PSYoungGen: 95136K->1408K(94208K)] 540210K->446482K(794624K), 0.0048023 secs] [Times: user=0.02 sys=0.00, real=0.01 secs] 
2285.455: [GC (Allocation Failure) [PSYoungGen: 94080K->1392K(93696K)] 539154K->446466K(794112K), 0.0027474 secs] [Times: user=0.02 sys=0.00, real=0.01 secs] 
2285.852: [GC (Allocation Failure) [PSYoungGen: 93552K->1501K(93184K)] 538626K->446583K(793600K), 0.0022323 secs] [Times: user=0.01 sys=0.00, real=0.00 secs] 
2286.025: [GC (Allocation Failure) [PSYoungGen: 93149K->1517K(92672K)] 538231K->446599K(793088K), 0.0018758 secs] [Times: user=0.01 sys=0.00, real=0.00 secs] 
2286.187: [GC (Allocation Failure) [PSYoungGen: 92653K->1581K(93184K)] 537735K->446663K(793600K), 0.0019447 secs] [Times: user=0.01 sys=0.00, real=0.00 secs] 
2286.409: [GC (Allocation Failure) [PSYoungGen: 92717K->1440K(100864K)] 537799K->446522K(801280K), 0.0020529 secs] [Times: user=0.00 sys=0.00, real=0.00 secs] 
2286.819: [GC (Allocation Failure) [PSYoungGen: 100256K->1376K(100864K)] 545338K->446466K(801280K), 0.0023614 secs] [Times: user=0.01 sys=0.00, real=0.00 secs] 
2287.281: [GC (Allocation Failure) [PSYoungGen: 100192K->1376K(99840K)] 545282K->446466K(800256K), 0.0029739 secs] [Times: user=0.02 sys=0.01, real=0.00 secs] 
2287.690: [GC (Allocation Failure) [PSYoungGen: 99680K->1488K(108544K)] 544770K->446578K(808960K), 0.0057998 secs] [Times: user=0.02 sys=0.02, real=0.00 secs] 
2287.886: [GC (Allocation Failure) [PSYoungGen: 107984K->1565K(109056K)] 553074K->446655K(809472K), 0.0018234 secs] [Times: user=0.01 sys=0.00, real=0.01 secs] 
2288.078: [GC (Allocation Failure) [PSYoungGen: 108573K->1549K(109056K)] 553663K->446647K(809472K), 0.0019517 secs] [Times: user=0.01 sys=0.00, real=0.00 secs] 
2288.934: [GC (Allocation Failure) [PSYoungGen: 108557K->1408K(117248K)] 553655K->446506K(817664K), 0.0037771 secs] [Times: user=0.01 sys=0.00, real=0.01 secs] 
2289.841: [GC (Allocation Failure) [PSYoungGen: 117120K->1408K(116736K)] 562218K->446506K(817152K), 0.0025725 secs] [Times: user=0.01 sys=0.00, real=0.00 secs] 
2290.541: [GC (Allocation Failure) [PSYoungGen: 116608K->1517K(116224K)] 561706K->446615K(816640K), 0.0022188 secs] [Times: user=0.01 sys=0.00, real=0.00 secs] 
2290.746: [GC (Allocation Failure) [PSYoungGen: 116205K->1597K(116224K)] 561303K->446703K(816640K), 0.0019535 secs] [Times: user=0.01 sys=0.00, real=0.01 secs] 
2291.135: [GC (Allocation Failure) [PSYoungGen: 115773K->448K(114176K)] 560879K->446586K(814592K), 0.0020019 secs] [Times: user=0.01 sys=0.00, real=0.00 secs] 
2292.641: [GC (Allocation Failure) [PSYoungGen: 114112K->384K(115200K)] 560250K->446522K(815616K), 0.0055140 secs] [Times: user=0.02 sys=0.00, real=0.01 secs] 
2293.401: [GC (Allocation Failure) [PSYoungGen: 113536K->384K(114688K)] 559674K->446522K(815104K), 0.0020316 secs] [Times: user=0.01 sys=0.00, real=0.00 secs] 
2293.789: [GC (Allocation Failure) [PSYoungGen: 113024K->1533K(113664K)] 559162K->447671K(814080K), 0.0019504 secs] [Times: user=0.00 sys=0.00, real=0.00 secs] 
2293.991: [GC (Allocation Failure) [PSYoungGen: 113661K->1613K(113664K)] 559799K->447751K(814080K), 0.0018689 secs] [Times: user=0.01 sys=0.00, real=0.00 secs] 
2294.737: [GC (Allocation Failure) [PSYoungGen: 113229K->1424K(112640K)] 559367K->447562K(813056K), 0.0023157 secs] [Times: user=0.01 sys=0.00, real=0.01 secs] 
2296.350: [GC (Allocation Failure) [PSYoungGen: 112528K->1408K(112640K)] 558666K->447546K(813056K), 0.0047475 secs] [Times: user=0.02 sys=0.00, real=0.00 secs] 
2297.701: [GC (Allocation Failure) [PSYoungGen: 112000K->1408K(111616K)] 558138K->447546K(812032K), 0.0049138 secs] [Times: user=0.02 sys=0.00, real=0.00 secs] 
2298.202: [GC (Allocation Failure) [PSYoungGen: 111488K->1533K(111616K)] 557626K->447679K(812032K), 0.0019304 secs] [Times: user=0.01 sys=0.00, real=0.00 secs] 
2298.433: [GC (Allocation Failure) [PSYoungGen: 111101K->1565K(111104K)] 557247K->447711K(811520K), 0.0023262 secs] [Times: user=0.01 sys=0.00, real=0.00 secs] 
2299.293: [GC (Allocation Failure) [PSYoungGen: 110621K->1472K(110592K)] 556767K->447618K(811008K), 0.0032038 secs] [Times: user=0.01 sys=0.00, real=0.00 secs] 
2300.591: [GC (Allocation Failure) [PSYoungGen: 110016K->1424K(109568K)] 556162K->447570K(809984K), 0.0040334 secs] [Times: user=0.01 sys=0.00, real=0.00 secs] 
2301.910: [GC (Allocation Failure) [PSYoungGen: 109456K->1376K(109056K)] 555602K->447530K(809472K), 0.0036087 secs] [Times: user=0.02 sys=0.00, real=0.00 secs] 
2302.325: [GC (Allocation Failure) [PSYoungGen: 108896K->1616K(109056K)] 555050K->447770K(809472K), 0.0018714 secs] [Times: user=0.01 sys=0.00, real=0.00 secs] 
2302.553: [GC (Allocation Failure) [PSYoungGen: 108624K->1533K(108032K)] 554778K->447695K(808448K), 0.0022152 secs] [Times: user=0.01 sys=0.00, real=0.00 secs] 
2303.514: [GC (Allocation Failure) [PSYoungGen: 108029K->1392K(107520K)] 554191K->447554K(807936K), 0.0031057 secs] [Times: user=0.01 sys=0.00, real=0.01 secs] 
2305.096: [GC (Allocation Failure) [PSYoungGen: 107376K->1408K(107008K)] 553538K->447570K(807424K), 0.0040041 secs] [Times: user=0.01 sys=0.00, real=0.01 secs] 
2305.610: [GC (Allocation Failure) [PSYoungGen: 106880K->1408K(106496K)] 553042K->447570K(806912K), 0.0025591 secs] [Times: user=0.01 sys=0.00, real=0.00 secs] 
2305.920: [GC (Allocation Failure) [PSYoungGen: 106368K->1533K(105984K)] 552530K->447695K(806400K), 0.0017997 secs] [Times: user=0.01 sys=0.00, real=0.00 secs] 
2306.103: [GC (Allocation Failure) [PSYoungGen: 105981K->1565K(105984K)] 552143K->447727K(806400K), 0.0020275 secs] [Times: user=0.00 sys=0.00, real=0.00 secs] 
2306.627: [GC (Allocation Failure) [PSYoungGen: 105501K->464K(103936K)] 551663K->447650K(804352K), 0.0025274 secs] [Times: user=0.01 sys=0.00, real=0.00 secs] 
2307.535: [GC (Allocation Failure) [PSYoungGen: 103888K->352K(104960K)] 551074K->447538K(805376K), 0.0022969 secs] [Times: user=0.01 sys=0.00, real=0.01 secs] 
2308.509: [GC (Allocation Failure) [PSYoungGen: 103264K->352K(104448K)] 550450K->447546K(804864K), 0.0027864 secs] [Times: user=0.02 sys=0.00, real=0.00 secs] 
2308.851: [GC (Allocation Failure) [PSYoungGen: 102752K->1501K(103424K)] 549946K->448695K(803840K), 0.0018860 secs] [Times: user=0.01 sys=0.00, real=0.00 secs] 
2309.039: [GC (Allocation Failure) [PSYoungGen: 103389K->1568K(103424K)] 550583K->448762K(803840K), 0.0020137 secs] [Times: user=0.01 sys=0.00, real=0.00 secs] 
2309.350: [GC (Allocation Failure) [PSYoungGen: 102944K->2016K(102912K)] 550138K->449210K(803328K), 0.0024603 secs] [Times: user=0.01 sys=0.00, real=0.00 secs] 
2311.175: [GC (Allocation Failure) [PSYoungGen: 102880K->1376K(102400K)] 550074K->448570K(802816K), 0.0031885 secs] [Times: user=0.01 sys=0.00, real=0.01 secs] 
2312.104: [GC (Allocation Failure) [PSYoungGen: 101728K->1440K(101376K)] 548922K->448634K(801792K), 0.0039713 secs] [Times: user=0.02 sys=0.00, real=0.01 secs] 
2312.939: [GC (Allocation Failure) [PSYoungGen: 101280K->1517K(101376K)] 548474K->448711K(801792K), 0.0027788 secs] [Times: user=0.01 sys=0.00, real=0.00 secs] 
2313.216: [GC (Allocation Failure) [PSYoungGen: 100845K->1597K(100864K)] 548039K->448791K(801280K), 0.0024269 secs] [Times: user=0.01 sys=0.00, real=0.01 secs] 
2313.454: [GC (Allocation Failure) [PSYoungGen: 100413K->1581K(100352K)] 547607K->448807K(800768K), 0.0022508 secs] [Times: user=0.01 sys=0.00, real=0.00 secs] 
2314.054: [GC (Allocation Failure) [PSYoungGen: 99885K->1456K(99328K)] 547111K->448682K(799744K), 0.0030515 secs] [Times: user=0.01 sys=0.00, real=0.01 secs] 
2314.985: [GC (Allocation Failure) [PSYoungGen: 99248K->1376K(99328K)] 546474K->448602K(799744K), 0.0032045 secs] [Times: user=0.01 sys=0.00, real=0.01 secs] 
2315.763: [GC (Allocation Failure) [PSYoungGen: 98656K->1424K(98304K)] 545882K->448650K(798720K), 0.0031091 secs] [Times: user=0.02 sys=0.00, real=0.00 secs] 
2316.125: [GC (Allocation Failure) [PSYoungGen: 98192K->1533K(97792K)] 545418K->448759K(798208K), 0.0018655 secs] [Times: user=0.01 sys=0.00, real=0.01 secs] 
2316.298: [GC (Allocation Failure) [PSYoungGen: 97789K->1533K(97280K)] 545015K->448759K(797696K), 0.0019786 secs] [Times: user=0.01 sys=0.00, real=0.00 secs] 
2316.859: [GC (Allocation Failure) [PSYoungGen: 97277K->1440K(96768K)] 544503K->448682K(797184K), 0.0039623 secs] [Times: user=0.02 sys=0.00, real=0.00 secs] 
2317.798: [GC (Allocation Failure) [PSYoungGen: 96672K->1360K(96256K)] 543914K->448602K(796672K), 0.0048161 secs] [Times: user=0.02 sys=0.01, real=0.00 secs] 
2318.712: [GC (Allocation Failure) [PSYoungGen: 96080K->1424K(95744K)] 543322K->448666K(796160K), 0.0028958 secs] [Times: user=0.01 sys=0.00, real=0.00 secs] 
2319.537: [GC (Allocation Failure) [PSYoungGen: 95632K->1485K(95232K)] 542874K->448727K(795648K), 0.0027879 secs] [Times: user=0.01 sys=0.00, real=0.00 secs] 
2319.740: [GC (Allocation Failure) [PSYoungGen: 95181K->1533K(94720K)] 542423K->448775K(795136K), 0.0018302 secs] [Times: user=0.01 sys=0.00, real=0.00 secs] 
2319.906: [GC (Allocation Failure) [PSYoungGen: 94717K->1533K(94208K)] 541959K->448775K(794624K), 0.0017880 secs] [Times: user=0.01 sys=0.00, real=0.01 secs] 
2320.208: [GC (Allocation Failure) [PSYoungGen: 94205K->1440K(93696K)] 541447K->448682K(794112K), 0.0022978 secs] [Times: user=0.01 sys=0.00, real=0.00 secs] 
2320.657: [GC (Allocation Failure) [PSYoungGen: 93600K->1376K(94720K)] 540842K->448618K(795136K), 0.0055882 secs] [Times: user=0.02 sys=0.00, real=0.01 secs] 
2321.347: [GC (Allocation Failure) [PSYoungGen: 94048K->1424K(93696K)] 541290K->448666K(794112K), 0.0026479 secs] [Times: user=0.01 sys=0.00, real=0.00 secs] 
2322.100: [GC (Allocation Failure) [PSYoungGen: 93584K->1469K(93184K)] 540826K->448711K(793600K), 0.0027475 secs] [Times: user=0.01 sys=0.00, real=0.00 secs] 
2322.277: [GC (Allocation Failure) [PSYoungGen: 93117K->1517K(92672K)] 540359K->448799K(793088K), 0.0017860 secs] [Times: user=0.01 sys=0.00, real=0.00 secs] 
2322.468: [GC (Allocation Failure) [PSYoungGen: 92653K->1533K(100352K)] 539935K->448815K(800768K), 0.0024365 secs] [Times: user=0.01 sys=0.00, real=0.00 secs] 
2323.532: [GC (Allocation Failure) [PSYoungGen: 99837K->1440K(99328K)] 547119K->448722K(799744K), 0.0038586 secs] [Times: user=0.02 sys=0.00, real=0.00 secs] 
2324.670: [GC (Allocation Failure) [PSYoungGen: 99232K->1408K(98816K)] 546514K->448690K(799232K), 0.0048485 secs] [Times: user=0.02 sys=0.00, real=0.00 secs] 
2326.118: [GC (Allocation Failure) [PSYoungGen: 98688K->1392K(98304K)] 545970K->448674K(798720K), 0.0049773 secs] [Times: user=0.03 sys=0.00, real=0.00 secs] 
2326.685: [GC (Allocation Failure) [PSYoungGen: 98160K->1533K(97792K)] 545442K->448815K(798208K), 0.0025670 secs] [Times: user=0.01 sys=0.00, real=0.01 secs] 
2326.867: [GC (Allocation Failure) [PSYoungGen: 97789K->1504K(97280K)] 545071K->448810K(797696K), 0.0019216 secs] [Times: user=0.01 sys=0.00, real=0.01 secs] 
2327.038: [GC (Allocation Failure) [PSYoungGen: 97248K->192K(95744K)] 544554K->447498K(796160K), 0.0016112 secs] [Times: user=0.01 sys=0.00, real=0.00 secs] 
2328.126: [GC (Allocation Failure) [PSYoungGen: 95424K->1408K(96256K)] 542730K->448714K(796672K), 0.0029011 secs] [Times: user=0.01 sys=0.00, real=0.01 secs] 
2329.210: [GC (Allocation Failure) [PSYoungGen: 96128K->1392K(95744K)] 543434K->448698K(796160K), 0.0054105 secs] [Times: user=0.02 sys=0.00, real=0.00 secs] 
2330.092: [GC (Allocation Failure) [PSYoungGen: 95591K->1437K(95232K)] 542897K->448743K(795648K), 0.0031259 secs] [Times: user=0.01 sys=0.00, real=0.00 secs] 
2330.314: [GC (Allocation Failure) [PSYoungGen: 95133K->1581K(95232K)] 542439K->448895K(795648K), 0.0019104 secs] [Times: user=0.00 sys=0.00, real=0.00 secs] 
2330.481: [GC (Allocation Failure) [PSYoungGen: 94765K->1533K(94208K)] 542079K->448879K(794624K), 0.0019137 secs] [Times: user=0.01 sys=0.00, real=0.00 secs] 
2331.489: [GC (Allocation Failure) [PSYoungGen: 94205K->1488K(93696K)] 541551K->448834K(794112K), 0.0055851 secs] [Times: user=0.02 sys=0.00, real=0.00 secs] 
2332.891: [GC (Allocation Failure) [PSYoungGen: 93648K->1360K(93184K)] 540994K->448706K(793600K), 0.0039717 secs] [Times: user=0.01 sys=0.00, real=0.00 secs] 
2333.804: [GC (Allocation Failure) [PSYoungGen: 93008K->1344K(92672K)] 540354K->448698K(793088K), 0.0038886 secs] [Times: user=0.01 sys=0.00, real=0.01 secs] 
2334.498: [GC (Allocation Failure) [PSYoungGen: 92480K->1437K(92160K)] 539834K->448791K(792576K), 0.0028094 secs] [Times: user=0.01 sys=0.00, real=0.00 secs] 
2334.785: [GC (Allocation Failure) [PSYoungGen: 92061K->1565K(92160K)] 539415K->448919K(792576K), 0.0025341 secs] [Times: user=0.01 sys=0.00, real=0.01 secs] 
2334.948: [GC (Allocation Failure) [PSYoungGen: 91677K->461K(90112K)] 539031K->448839K(790528K), 0.0018673 secs] [Times: user=0.01 sys=0.00, real=0.00 secs] 
2335.469: [GC (Allocation Failure) [PSYoungGen: 90061K->1392K(91136K)] 538439K->449770K(791552K), 0.0040534 secs] [Times: user=0.02 sys=0.00, real=0.00 secs] 
2337.128: [GC (Allocation Failure) [PSYoungGen: 90480K->1408K(90112K)] 538858K->449786K(790528K), 0.0045745 secs] [Times: user=0.02 sys=0.00, real=0.00 secs] 
2337.985: [GC (Allocation Failure) [PSYoungGen: 89984K->1440K(89600K)] 538362K->449818K(790016K), 0.0031794 secs] [Times: user=0.01 sys=0.00, real=0.01 secs] 
2338.968: [GC (Allocation Failure) [PSYoungGen: 89504K->1453K(89088K)] 537882K->449831K(789504K), 0.0036773 secs] [Times: user=0.02 sys=0.00, real=0.00 secs] 
2339.205: [GC (Allocation Failure) [PSYoungGen: 89005K->1504K(88576K)] 537383K->449890K(788992K), 0.0019382 secs] [Times: user=0.00 sys=0.00, real=0.01 secs] 
2339.359: [GC (Allocation Failure) [PSYoungGen: 88544K->1517K(88064K)] 536930K->449935K(788480K), 0.0019122 secs] [Times: user=0.01 sys=0.00, real=0.00 secs] 
2339.685: [GC (Allocation Failure) [PSYoungGen: 88045K->1456K(87552K)] 536463K->449874K(787968K), 0.0020375 secs] [Times: user=0.01 sys=0.00, real=0.01 secs] 
2340.708: [GC (Allocation Failure) [PSYoungGen: 87472K->1424K(87040K)] 535890K->449842K(787456K), 0.0047832 secs] [Times: user=0.02 sys=0.00, real=0.00 secs] 
2341.790: [GC (Allocation Failure) [PSYoungGen: 86928K->1360K(86528K)] 535346K->449778K(786944K), 0.0048981 secs] [Times: user=0.02 sys=0.00, real=0.00 secs] 
2342.636: [GC (Allocation Failure) [PSYoungGen: 86352K->1408K(86016K)] 534770K->449826K(786432K), 0.0025242 secs] [Times: user=0.01 sys=0.00, real=0.01 secs] 
2342.885: [GC (Allocation Failure) [PSYoungGen: 85888K->1517K(85504K)] 534306K->449935K(785920K), 0.0020451 secs] [Times: user=0.01 sys=0.00, real=0.01 secs] 
2343.033: [GC (Allocation Failure) [PSYoungGen: 85485K->1517K(84992K)] 533903K->449975K(785408K), 0.0018812 secs] [Times: user=0.01 sys=0.00, real=0.00 secs] 
2343.182: [GC (Allocation Failure) [PSYoungGen: 84973K->1549K(86016K)] 533431K->450007K(786432K), 0.0018934 secs] [Times: user=0.00 sys=0.00, real=0.00 secs] 
2343.669: [GC (Allocation Failure) [PSYoungGen: 85517K->1440K(92672K)] 533975K->449898K(793088K), 0.0027320 secs] [Times: user=0.01 sys=0.00, real=0.00 secs] 
2344.339: [GC (Allocation Failure) [PSYoungGen: 92064K->1392K(91648K)] 540522K->449850K(792064K), 0.0023133 secs] [Times: user=0.01 sys=0.00, real=0.00 secs] 
2344.979: [GC (Allocation Failure) [PSYoungGen: 91504K->1424K(91136K)] 539962K->449890K(791552K), 0.0033462 secs] [Times: user=0.01 sys=0.00, real=0.00 secs] 
2345.420: [GC (Allocation Failure) [PSYoungGen: 91024K->1533K(90624K)] 539490K->449999K(791040K), 0.0023015 secs] [Times: user=0.01 sys=0.00, real=0.00 secs] 
2345.580: [GC (Allocation Failure) [PSYoungGen: 90621K->1485K(90112K)] 539087K->449983K(790528K), 0.0019127 secs] [Times: user=0.01 sys=0.00, real=0.00 secs] 
2345.738: [GC (Allocation Failure) [PSYoungGen: 90061K->1517K(90624K)] 538559K->450015K(791040K), 0.0019275 secs] [Times: user=0.01 sys=0.00, real=0.00 secs] 
2346.255: [GC (Allocation Failure) [PSYoungGen: 90093K->1440K(89600K)] 538591K->449938K(790016K), 0.0017370 secs] [Times: user=0.00 sys=0.00, real=0.01 secs] 
2347.041: [GC (Allocation Failure) [PSYoungGen: 89504K->1376K(96768K)] 538002K->449874K(797184K), 0.0083143 secs] [Times: user=0.03 sys=0.01, real=0.01 secs] 
2348.031: [GC (Allocation Failure) [PSYoungGen: 96608K->1392K(96256K)] 545106K->449890K(796672K), 0.0039465 secs] [Times: user=0.02 sys=0.00, real=0.00 secs] 
2348.671: [GC (Allocation Failure) [PSYoungGen: 96112K->1581K(96256K)] 544610K->450079K(796672K), 0.0025355 secs] [Times: user=0.01 sys=0.00, real=0.00 secs] 
2348.842: [GC (Allocation Failure) [PSYoungGen: 95789K->1485K(95232K)] 544287K->449983K(795648K), 0.0019285 secs] [Times: user=0.01 sys=0.00, real=0.00 secs] 
2349.010: [GC (Allocation Failure) [PSYoungGen: 95181K->1533K(96256K)] 543679K->450031K(796672K), 0.0019606 secs] [Times: user=0.01 sys=0.00, real=0.00 secs] 
2350.145: [GC (Allocation Failure) [PSYoungGen: 95741K->1408K(95232K)] 544239K->449906K(795648K), 0.0044075 secs] [Times: user=0.01 sys=0.00, real=0.01 secs] 
2351.149: [GC (Allocation Failure) [PSYoungGen: 95104K->1376K(94720K)] 543602K->449890K(795136K), 0.0037823 secs] [Times: user=0.02 sys=0.01, real=0.00 secs] 
2352.190: [GC (Allocation Failure) [PSYoungGen: 94560K->1344K(94208K)] 543074K->449858K(794624K), 0.0037747 secs] [Times: user=0.01 sys=0.01, real=0.00 secs] 
2352.539: [GC (Allocation Failure) [PSYoungGen: 94016K->1549K(94208K)] 542530K->450063K(794624K), 0.0017689 secs] [Times: user=0.01 sys=0.00, real=0.00 secs] 
2352.704: [GC (Allocation Failure) [PSYoungGen: 93709K->525K(92672K)] 542223K->450063K(793088K), 0.0018109 secs] [Times: user=0.01 sys=0.00, real=0.00 secs] 
2353.113: [GC (Allocation Failure) [PSYoungGen: 92173K->1472K(92672K)] 541711K->451010K(793088K), 0.0024270 secs] [Times: user=0.01 sys=0.00, real=0.00 secs] 
2354.131: [GC (Allocation Failure) [PSYoungGen: 92608K->1408K(92160K)] 542146K->450946K(792576K), 0.0029818 secs] [Times: user=0.01 sys=0.00, real=0.00 secs] 
2354.908: [GC (Allocation Failure) [PSYoungGen: 92032K->1424K(91648K)] 541570K->450962K(792064K), 0.0025117 secs] [Times: user=0.01 sys=0.00, real=0.00 secs] 
2355.560: [GC (Allocation Failure) [PSYoungGen: 91536K->1437K(91136K)] 541074K->450975K(791552K), 0.0023587 secs] [Times: user=0.01 sys=0.00, real=0.00 secs] 
2355.793: [GC (Allocation Failure) [PSYoungGen: 91037K->1552K(91136K)] 540575K->451090K(791552K), 0.0025659 secs] [Times: user=0.01 sys=0.00, real=0.00 secs] 
2355.966: [GC (Allocation Failure) [PSYoungGen: 90640K->525K(89600K)] 540178K->451087K(790016K), 0.0018737 secs] [Times: user=0.01 sys=0.00, real=0.01 secs] 
2356.250: [GC (Allocation Failure) [PSYoungGen: 89101K->1472K(97280K)] 539663K->452050K(797696K), 0.0027427 secs] [Times: user=0.01 sys=0.00, real=0.00 secs] 
2357.085: [GC (Allocation Failure) [PSYoungGen: 97216K->1376K(96768K)] 547794K->451954K(797184K), 0.0024244 secs] [Times: user=0.01 sys=0.00, real=0.01 secs] 
2357.886: [GC (Allocation Failure) [PSYoungGen: 96608K->1408K(96256K)] 547186K->451986K(796672K), 0.0025031 secs] [Times: user=0.01 sys=0.00, real=0.01 secs] 
2358.335: [GC (Allocation Failure) [PSYoungGen: 96128K->1565K(96256K)] 546706K->452143K(796672K), 0.0023379 secs] [Times: user=0.01 sys=0.00, real=0.01 secs] 
2358.579: [GC (Allocation Failure) [PSYoungGen: 95773K->1549K(95744K)] 546351K->452127K(796160K), 0.0024774 secs] [Times: user=0.00 sys=0.01, real=0.00 secs] 
2358.814: [GC (Allocation Failure) [PSYoungGen: 95245K->528K(94208K)] 545823K->452130K(794624K), 0.0022103 secs] [Times: user=0.01 sys=0.00, real=0.00 secs] 
2360.732: [GC (Allocation Failure) [PSYoungGen: 93712K->1472K(94208K)] 545314K->453074K(794624K), 0.0050399 secs] [Times: user=0.02 sys=0.00, real=0.01 secs] 
2361.244: [GC (Allocation Failure) [PSYoungGen: 94144K->1376K(93696K)] 545746K->452978K(794112K), 0.0035519 secs] [Times: user=0.02 sys=0.00, real=0.01 secs] 
2361.628: [GC (Allocation Failure) [PSYoungGen: 93536K->1440K(93184K)] 545138K->453042K(793600K), 0.0024555 secs] [Times: user=0.01 sys=0.00, real=0.00 secs] 
2361.962: [GC (Allocation Failure) [PSYoungGen: 93088K->1517K(92672K)] 544690K->453119K(793088K), 0.0018353 secs] [Times: user=0.01 sys=0.00, real=0.00 secs] 
2362.125: [GC (Allocation Failure) [PSYoungGen: 92653K->1517K(92160K)] 544255K->453119K(792576K), 0.0019615 secs] [Times: user=0.01 sys=0.00, real=0.00 secs] 
2362.284: [GC (Allocation Failure) [PSYoungGen: 92141K->1485K(92672K)] 543743K->453087K(793088K), 0.0018198 secs] [Times: user=0.01 sys=0.00, real=0.00 secs] 
2362.585: [GC (Allocation Failure) [PSYoungGen: 92621K->1440K(93184K)] 544223K->453042K(793600K), 0.0019863 secs] [Times: user=0.01 sys=0.00, real=0.01 secs] 
2362.964: [GC (Allocation Failure) [PSYoungGen: 92576K->1392K(92160K)] 544178K->452994K(792576K), 0.0020370 secs] [Times: user=0.00 sys=0.00, real=0.00 secs] 
2363.341: [GC (Allocation Failure) [PSYoungGen: 92016K->1408K(91648K)] 543618K->453010K(792064K), 0.0020511 secs] [Times: user=0.00 sys=0.00, real=0.00 secs] 
2363.658: [GC (Allocation Failure) [PSYoungGen: 91520K->1469K(91136K)] 543122K->453071K(791552K), 0.0017715 secs] [Times: user=0.01 sys=0.00, real=0.00 secs] 
2363.818: [GC (Allocation Failure) [PSYoungGen: 91069K->1565K(91136K)] 542671K->453167K(791552K), 0.0018126 secs] [Times: user=0.01 sys=0.00, real=0.00 secs] 
2363.976: [GC (Allocation Failure) [PSYoungGen: 90653K->509K(97792K)] 542255K->453167K(798208K), 0.0018949 secs] [Times: user=0.01 sys=0.00, real=0.01 secs] 
2365.146: [GC (Allocation Failure) [PSYoungGen: 97277K->1440K(97792K)] 549935K->454098K(798208K), 0.0029183 secs] [Times: user=0.01 sys=0.00, real=0.01 secs] 
2366.114: [GC (Allocation Failure) [PSYoungGen: 97696K->1376K(97280K)] 550354K->454034K(797696K), 0.0031145 secs] [Times: user=0.01 sys=0.00, real=0.01 secs] 
2367.362: [GC (Allocation Failure) [PSYoungGen: 97120K->1376K(96768K)] 549778K->454034K(797184K), 0.0031231 secs] [Times: user=0.02 sys=0.00, real=0.00 secs] 
2368.263: [GC (Allocation Failure) [PSYoungGen: 96608K->1517K(96256K)] 549266K->454183K(796672K), 0.0021008 secs] [Times: user=0.01 sys=0.00, real=0.00 secs] 
2368.499: [GC (Allocation Failure) [PSYoungGen: 96237K->1581K(96256K)] 548903K->454247K(796672K), 0.0025749 secs] [Times: user=0.01 sys=0.00, real=0.00 secs] 
2368.685: [GC (Allocation Failure) [PSYoungGen: 95789K->1533K(95232K)] 548455K->454199K(795648K), 0.0019640 secs] [Times: user=0.01 sys=0.00, real=0.01 secs] 
2369.596: [GC (Allocation Failure) [PSYoungGen: 95229K->1440K(94720K)] 547895K->454106K(795136K), 0.0039638 secs] [Times: user=0.01 sys=0.00, real=0.01 secs] 
2370.220: [GC (Allocation Failure) [PSYoungGen: 94624K->1392K(94208K)] 547290K->454058K(794624K), 0.0022479 secs] [Times: user=0.01 sys=0.00, real=0.00 secs] 
2370.735: [GC (Allocation Failure) [PSYoungGen: 94064K->1328K(93696K)] 546730K->453994K(794112K), 0.0040348 secs] [Times: user=0.01 sys=0.00, real=0.01 secs] 
2371.062: [GC (Allocation Failure) [PSYoungGen: 93488K->1517K(93184K)] 546154K->454215K(793600K), 0.0018337 secs] [Times: user=0.00 sys=0.00, real=0.00 secs] 
2371.227: [GC (Allocation Failure) [PSYoungGen: 93165K->1581K(93184K)] 545863K->454279K(793600K), 0.0018926 secs] [Times: user=0.00 sys=0.00, real=0.00 secs] 
2371.502: [GC (Allocation Failure) [PSYoungGen: 92717K->960K(91648K)] 545415K->454682K(792064K), 0.0021791 secs] [Times: user=0.01 sys=0.00, real=0.00 secs] 
2372.392: [GC (Allocation Failure) [PSYoungGen: 91584K->320K(90624K)] 545306K->454042K(791040K), 0.0022397 secs] [Times: user=0.01 sys=0.00, real=0.00 secs] 
2372.965: [GC (Allocation Failure) [PSYoungGen: 90432K->352K(91648K)] 544154K->454074K(792064K), 0.0026595 secs] [Times: user=0.02 sys=0.00, real=0.01 secs] 
2373.645: [GC (Allocation Failure) [PSYoungGen: 89952K->352K(89600K)] 543674K->454074K(790016K), 0.0024128 secs] [Times: user=0.01 sys=0.00, real=0.01 secs] 
2373.881: [GC (Allocation Failure) [PSYoungGen: 89440K->1549K(90624K)] 543162K->455271K(791040K), 0.0018996 secs] [Times: user=0.01 sys=0.00, real=0.00 secs] 
2374.040: [GC (Allocation Failure) [PSYoungGen: 90125K->1485K(89600K)] 543847K->455207K(790016K), 0.0018648 secs] [Times: user=0.01 sys=0.00, real=0.00 secs] 
2374.274: [GC (Allocation Failure) [PSYoungGen: 89549K->1696K(89600K)] 543271K->455418K(790016K), 0.0021630 secs] [Times: user=0.00 sys=0.00, real=0.00 secs] 
2375.225: [GC (Allocation Failure) [PSYoungGen: 89248K->1408K(88576K)] 542970K->455146K(788992K), 0.0025794 secs] [Times: user=0.01 sys=0.00, real=0.01 secs] 
2375.912: [GC (Allocation Failure) [PSYoungGen: 88448K->1408K(88576K)] 542186K->455146K(788992K), 0.0025347 secs] [Times: user=0.01 sys=0.00, real=0.00 secs] 
2376.637: [GC (Allocation Failure) [PSYoungGen: 87936K->1360K(87552K)] 541674K->455098K(787968K), 0.0026245 secs] [Times: user=0.01 sys=0.00, real=0.01 secs] 
2376.934: [GC (Allocation Failure) [PSYoungGen: 87376K->1517K(87552K)] 541114K->455255K(787968K), 0.0018147 secs] [Times: user=0.00 sys=0.00, real=0.00 secs] 
2377.084: [GC (Allocation Failure) [PSYoungGen: 87021K->1520K(86528K)] 540759K->455258K(786944K), 0.0018361 secs] [Times: user=0.01 sys=0.00, real=0.00 secs] 
2377.262: [GC (Allocation Failure) [PSYoungGen: 86512K->1549K(87552K)] 540250K->455287K(787968K), 0.0021978 secs] [Times: user=0.01 sys=0.00, real=0.00 secs] 
2378.076: [GC (Allocation Failure) [PSYoungGen: 86541K->1456K(86016K)] 540279K->455194K(786432K), 0.0030027 secs] [Times: user=0.02 sys=0.00, real=0.01 secs] 
2378.718: [GC (Allocation Failure) [PSYoungGen: 85936K->1408K(86016K)] 539674K->455146K(786432K), 0.0026733 secs] [Times: user=0.01 sys=0.00, real=0.00 secs] 
2379.563: [GC (Allocation Failure) [PSYoungGen: 85376K->1440K(84992K)] 539114K->455178K(785408K), 0.0029123 secs] [Times: user=0.01 sys=0.00, real=0.00 secs] 
2380.284: [GC (Allocation Failure) [PSYoungGen: 84896K->1517K(84480K)] 538634K->455255K(784896K), 0.0023894 secs] [Times: user=0.01 sys=0.00, real=0.00 secs] 
2380.445: [GC (Allocation Failure) [PSYoungGen: 84461K->1549K(84480K)] 538199K->455287K(784896K), 0.0019582 secs] [Times: user=0.01 sys=0.00, real=0.00 secs] 
2380.617: [GC (Allocation Failure) [PSYoungGen: 83981K->1485K(84480K)] 537719K->455223K(784896K), 0.0026553 secs] [Times: user=0.01 sys=0.00, real=0.00 secs] 
2381.017: [GC (Allocation Failure) [PSYoungGen: 84429K->1456K(84992K)] 538167K->455194K(785408K), 0.0027202 secs] [Times: user=0.01 sys=0.00, real=0.00 secs] 
2381.730: [GC (Allocation Failure) [PSYoungGen: 84400K->1376K(83968K)] 538138K->455114K(784384K), 0.0027526 secs] [Times: user=0.01 sys=0.00, real=0.00 secs] 
2382.253: [GC (Allocation Failure) [PSYoungGen: 83808K->1408K(83456K)] 537546K->455146K(783872K), 0.0029112 secs] [Times: user=0.01 sys=0.00, real=0.00 secs] 
2382.891: [GC (Allocation Failure) [PSYoungGen: 83328K->1360K(82944K)] 537066K->455098K(783360K), 0.0024606 secs] [Times: user=0.01 sys=0.00, real=0.00 secs] 
2383.120: [GC (GCLocker Initiated GC) [PSYoungGen: 82768K->1469K(82432K)] 536506K->455207K(782848K), 0.0019398 secs] [Times: user=0.01 sys=0.00, real=0.00 secs] 
2383.265: [GC (Allocation Failure) [PSYoungGen: 82365K->1421K(89088K)] 536299K->455354K(789504K), 0.0019698 secs] [Times: user=0.01 sys=0.00, real=0.01 secs] 
2383.421: [GC (Allocation Failure) [PSYoungGen: 88973K->1517K(89600K)] 542906K->455451K(790016K), 0.0018238 secs] [Times: user=0.01 sys=0.00, real=0.00 secs] 
2383.993: [GC (Allocation Failure) [PSYoungGen: 89069K->1440K(96256K)] 543003K->455373K(796672K), 0.0024660 secs] [Times: user=0.01 sys=0.00, real=0.00 secs] 
2384.611: [GC (Allocation Failure) [PSYoungGen: 96160K->1408K(95744K)] 550093K->455341K(796160K), 0.0029108 secs] [Times: user=0.02 sys=0.00, real=0.00 secs] 
2385.363: [GC (Allocation Failure) [PSYoungGen: 95616K->1360K(95232K)] 549549K->455309K(795648K), 0.0026454 secs] [Times: user=0.01 sys=0.00, real=0.00 secs] 
2385.775: [GC (Allocation Failure) [PSYoungGen: 95056K->1485K(94720K)] 549005K->455435K(795136K), 0.0018738 secs] [Times: user=0.01 sys=0.00, real=0.00 secs] 
2385.939: [GC (Allocation Failure) [PSYoungGen: 94669K->1549K(94720K)] 548619K->455499K(795136K), 0.0018885 secs] [Times: user=0.00 sys=0.00, real=0.00 secs] 
2386.131: [GC (Allocation Failure) [PSYoungGen: 94221K->160K(95232K)] 548171K->454109K(795648K), 0.0021981 secs] [Times: user=0.01 sys=0.00, real=0.00 secs] 
2387.255: [GC (Allocation Failure) [PSYoungGen: 93344K->1376K(94208K)] 547293K->455325K(794624K), 0.0046740 secs] [Times: user=0.03 sys=0.00, real=0.01 secs] 
2388.165: [GC (Allocation Failure) [PSYoungGen: 94048K->1408K(93696K)] 547997K->455357K(794112K), 0.0035119 secs] [Times: user=0.01 sys=0.01, real=0.01 secs] 
2388.969: [GC (Allocation Failure) [PSYoungGen: 93568K->1424K(93184K)] 547517K->455373K(793600K), 0.0027025 secs] [Times: user=0.02 sys=0.00, real=0.00 secs] 
2389.225: [GC (Allocation Failure) [PSYoungGen: 93072K->1549K(93184K)] 547021K->455499K(793600K), 0.0020035 secs] [Times: user=0.01 sys=0.00, real=0.00 secs] 
2389.387: [GC (Allocation Failure) [PSYoungGen: 92685K->477K(91136K)] 546635K->455451K(791552K), 0.0019381 secs] [Times: user=0.01 sys=0.00, real=0.00 secs] 
2389.684: [GC (Allocation Failure) [PSYoungGen: 91101K->1488K(92160K)] 546075K->456461K(792576K), 0.0022810 secs] [Times: user=0.00 sys=0.00, real=0.01 secs] 
2390.311: [GC (Allocation Failure) [PSYoungGen: 91600K->1408K(91136K)] 546573K->456389K(791552K), 0.0024594 secs] [Times: user=0.01 sys=0.00, real=0.00 secs] 
2390.871: [GC (Allocation Failure) [PSYoungGen: 91008K->1408K(90624K)] 545989K->456397K(791040K), 0.0055670 secs] [Times: user=0.03 sys=0.00, real=0.00 secs] 
2391.544: [GC (Allocation Failure) [PSYoungGen: 90496K->288K(89088K)] 545485K->455293K(789504K), 0.0024318 secs] [Times: user=0.01 sys=0.00, real=0.00 secs] 
2391.718: [GC (Allocation Failure) [PSYoungGen: 88864K->1533K(89600K)] 543869K->456555K(790016K), 0.0018296 secs] [Times: user=0.01 sys=0.00, real=0.00 secs] 
2391.875: [GC (Allocation Failure) [PSYoungGen: 89597K->1501K(96256K)] 544619K->456523K(796672K), 0.0023600 secs] [Times: user=0.01 sys=0.00, real=0.01 secs] 
2392.162: [GC (Allocation Failure) [PSYoungGen: 95197K->1440K(96256K)] 550219K->456461K(796672K), 0.0021585 secs] [Times: user=0.01 sys=0.00, real=0.00 secs] 
2392.890: [GC (Allocation Failure) [PSYoungGen: 95136K->1440K(94720K)] 550157K->456461K(795136K), 0.0033754 secs] [Times: user=0.01 sys=0.00, real=0.00 secs] 
2393.279: [GC (Allocation Failure) [PSYoungGen: 94624K->1408K(94208K)] 549645K->456429K(794624K), 0.0026819 secs] [Times: user=0.02 sys=0.00, real=0.00 secs] 
2393.810: [GC (Allocation Failure) [PSYoungGen: 94080K->1485K(93696K)] 549101K->456507K(794112K), 0.0023664 secs] [Times: user=0.01 sys=0.00, real=0.00 secs] 
2393.991: [GC (Allocation Failure) [PSYoungGen: 93645K->1533K(93184K)] 548667K->456555K(793600K), 0.0019815 secs] [Times: user=0.01 sys=0.00, real=0.00 secs] 
2394.156: [GC (Allocation Failure) [PSYoungGen: 93181K->1517K(100864K)] 548203K->456595K(801280K), 0.0019509 secs] [Times: user=0.01 sys=0.00, real=0.01 secs] 
2394.743: [GC (Allocation Failure) [PSYoungGen: 100845K->1440K(100352K)] 555923K->456517K(800768K), 0.0027036 secs] [Times: user=0.02 sys=0.00, real=0.00 secs] 
2395.505: [GC (Allocation Failure) [PSYoungGen: 100256K->1408K(99840K)] 555333K->456485K(800256K), 0.0024651 secs] [Times: user=0.02 sys=0.00, real=0.01 secs] 
2396.276: [GC (Allocation Failure) [PSYoungGen: 99712K->1376K(99328K)] 554789K->456453K(799744K), 0.0025517 secs] [Times: user=0.01 sys=0.00, real=0.01 secs] 
2396.978: [GC (Allocation Failure) [PSYoungGen: 99168K->1517K(98816K)] 554245K->456595K(799232K), 0.0023810 secs] [Times: user=0.01 sys=0.00, real=0.00 secs] 
2397.209: [GC (Allocation Failure) [PSYoungGen: 98797K->1565K(98816K)] 553875K->456643K(799232K), 0.0024625 secs] [Times: user=0.01 sys=0.00, real=0.00 secs] 
2397.442: [GC (Allocation Failure) [PSYoungGen: 98333K->592K(97280K)] 553411K->456693K(797696K), 0.0025374 secs] [Times: user=0.01 sys=0.00, real=0.00 secs] 
2398.954: [GC (Allocation Failure) [PSYoungGen: 96848K->1440K(97280K)] 552949K->457541K(797696K), 0.0031376 secs] [Times: user=0.02 sys=0.00, real=0.01 secs] 
2399.404: [GC (Allocation Failure) [PSYoungGen: 97184K->1376K(96768K)] 553285K->457477K(797184K), 0.0024382 secs] [Times: user=0.01 sys=0.00, real=0.00 secs] 
2400.460: [GC (Allocation Failure) [PSYoungGen: 96608K->1408K(96256K)] 552709K->457509K(796672K), 0.0029876 secs] [Times: user=0.01 sys=0.00, real=0.00 secs] 
2400.836: [GC (Allocation Failure) [PSYoungGen: 96128K->1517K(95744K)] 552229K->457651K(796160K), 0.0018520 secs] [Times: user=0.01 sys=0.00, real=0.01 secs] 
2401.002: [GC (Allocation Failure) [PSYoungGen: 95725K->1549K(95744K)] 551859K->457683K(796160K), 0.0018931 secs] [Times: user=0.01 sys=0.00, real=0.00 secs] 
2402.084: [GC (Allocation Failure) [PSYoungGen: 95245K->448K(93696K)] 551379K->457605K(794112K), 0.0054379 secs] [Times: user=0.02 sys=0.00, real=0.01 secs] 
2403.745: [GC (Allocation Failure) [PSYoungGen: 93632K->352K(94720K)] 550789K->457509K(795136K), 0.0039732 secs] [Times: user=0.01 sys=0.00, real=0.01 secs] 
2404.521: [GC (Allocation Failure) [PSYoungGen: 93024K->288K(94208K)] 550181K->457445K(794624K), 0.0021478 secs] [Times: user=0.01 sys=0.00, real=0.00 secs] 
2404.933: [GC (Allocation Failure) [PSYoungGen: 92448K->1517K(93184K)] 549605K->458675K(793600K), 0.0018777 secs] [Times: user=0.01 sys=0.00, real=0.00 secs] 
2405.097: [GC (Allocation Failure) [PSYoungGen: 93165K->1533K(93184K)] 550323K->458691K(793600K), 0.0020230 secs] [Times: user=0.01 sys=0.00, real=0.00 secs] 
2405.259: [GC (Allocation Failure) [PSYoungGen: 92669K->1565K(93696K)] 549827K->458723K(794112K), 0.0020228 secs] [Times: user=0.01 sys=0.00, real=0.00 secs] 
2405.866: [GC (Allocation Failure) [PSYoungGen: 92701K->1440K(92160K)] 549859K->458597K(792576K), 0.0025462 secs] [Times: user=0.01 sys=0.00, real=0.01 secs] 
2406.987: [GC (Allocation Failure) [PSYoungGen: 92064K->1392K(91648K)] 549221K->458549K(792064K), 0.0034596 secs] [Times: user=0.01 sys=0.01, real=0.01 secs] 
2407.793: [GC (Allocation Failure) [PSYoungGen: 91504K->1376K(91136K)] 548661K->458533K(791552K), 0.0032636 secs] [Times: user=0.01 sys=0.00, real=0.00 secs] 
2408.614: [GC (Allocation Failure) [PSYoungGen: 90976K->1504K(90624K)] 548133K->458669K(791040K), 0.0029269 secs] [Times: user=0.01 sys=0.00, real=0.00 secs] 
2408.873: [GC (Allocation Failure) [PSYoungGen: 90592K->1472K(90112K)] 547757K->458637K(790528K), 0.0024916 secs] [Times: user=0.01 sys=0.00, real=0.00 secs] 
2409.040: [GC (Allocation Failure) [PSYoungGen: 90048K->1533K(89600K)] 547213K->458699K(790016K), 0.0020815 secs] [Times: user=0.00 sys=0.00, real=0.00 secs] 
2410.027: [GC (Allocation Failure) [PSYoungGen: 89597K->1440K(89088K)] 546763K->458605K(789504K), 0.0060978 secs] [Times: user=0.03 sys=0.00, real=0.01 secs] 
2411.708: [GC (Allocation Failure) [PSYoungGen: 88992K->1408K(88576K)] 546157K->458573K(788992K), 0.0052699 secs] [Times: user=0.02 sys=0.00, real=0.00 secs] 
2412.806: [GC (Allocation Failure) [PSYoungGen: 88448K->1424K(88064K)] 545613K->458589K(788480K), 0.0042031 secs] [Times: user=0.02 sys=0.00, real=0.01 secs] 
2413.830: [GC (Allocation Failure) [PSYoungGen: 87952K->1437K(87552K)] 545117K->458611K(787968K), 0.0039090 secs] [Times: user=0.01 sys=0.00, real=0.00 secs] 
2414.064: [GC (Allocation Failure) [PSYoungGen: 87453K->1504K(87040K)] 544627K->458709K(787456K), 0.0018299 secs] [Times: user=0.00 sys=0.01, real=0.00 secs] 
2414.215: [GC (Allocation Failure) [PSYoungGen: 87008K->1501K(86528K)] 544213K->458715K(786944K), 0.0018905 secs] [Times: user=0.00 sys=0.00, real=0.01 secs] 
2414.641: [GC (Allocation Failure) [PSYoungGen: 86493K->1520K(86016K)] 543707K->458781K(786432K), 0.0035479 secs] [Times: user=0.02 sys=0.00, real=0.00 secs] 
2415.425: [GC (Allocation Failure) [PSYoungGen: 86000K->1424K(85504K)] 543261K->458685K(785920K), 0.0030046 secs] [Times: user=0.01 sys=0.00, real=0.01 secs] 
2416.244: [GC (Allocation Failure) [PSYoungGen: 85392K->1408K(84992K)] 542653K->458669K(785408K), 0.0029737 secs] [Times: user=0.02 sys=0.00, real=0.01 secs] 
2417.285: [GC (Allocation Failure) [PSYoungGen: 84864K->1392K(84480K)] 542125K->458653K(784896K), 0.0039921 secs] [Times: user=0.01 sys=0.00, real=0.01 secs] 
2417.898: [GC (Allocation Failure) [PSYoungGen: 84336K->1517K(83968K)] 541597K->458779K(784384K), 0.0021101 secs] [Times: user=0.01 sys=0.00, real=0.00 secs] 
2418.047: [GC (Allocation Failure) [PSYoungGen: 83949K->1581K(83968K)] 541211K->458851K(784384K), 0.0019441 secs] [Times: user=0.01 sys=0.00, real=0.00 secs] 
2418.216: [GC (Allocation Failure) [PSYoungGen: 83501K->557K(88064K)] 540771K->458851K(788480K), 0.0022438 secs] [Times: user=0.01 sys=0.00, real=0.01 secs] 
2419.150: [GC (Allocation Failure) [PSYoungGen: 87597K->1488K(88064K)] 545891K->459789K(788480K), 0.0040466 secs] [Times: user=0.01 sys=0.01, real=0.00 secs] 
2420.379: [GC (Allocation Failure) [PSYoungGen: 88016K->1456K(88576K)] 546317K->459757K(788992K), 0.0147149 secs] [Times: user=0.07 sys=0.00, real=0.01 secs] 
2421.340: [GC (Allocation Failure) [PSYoungGen: 87984K->1440K(87552K)] 546285K->459749K(787968K), 0.0029064 secs] [Times: user=0.01 sys=0.00, real=0.00 secs] 
2422.361: [GC (Allocation Failure) [PSYoungGen: 87456K->1584K(87552K)] 545765K->459893K(787968K), 0.0030792 secs] [Times: user=0.02 sys=0.00, real=0.00 secs] 
2422.565: [GC (Allocation Failure) [PSYoungGen: 87088K->1613K(87040K)] 545397K->459923K(787456K), 0.0020634 secs] [Times: user=0.01 sys=0.00, real=0.01 secs] 
2422.717: [GC (Allocation Failure) [PSYoungGen: 86605K->557K(87040K)] 544915K->459891K(787456K), 0.0018977 secs] [Times: user=0.01 sys=0.00, real=0.01 secs] 
2423.231: [GC (Allocation Failure) [PSYoungGen: 86573K->1520K(88064K)] 545907K->460853K(788480K), 0.0050486 secs] [Times: user=0.02 sys=0.00, real=0.00 secs] 
2424.504: [GC (Allocation Failure) [PSYoungGen: 87536K->1424K(87040K)] 546869K->460757K(787456K), 0.0055851 secs] [Times: user=0.03 sys=0.00, real=0.01 secs] 
2425.637: [GC (Allocation Failure) [PSYoungGen: 86928K->1408K(86528K)] 546261K->460821K(786944K), 0.0058580 secs] [Times: user=0.03 sys=0.00, real=0.00 secs] 
2426.987: [GC (Allocation Failure) [PSYoungGen: 86139K->288K(84992K)] 545552K->459701K(785408K), 0.0039329 secs] [Times: user=0.01 sys=0.00, real=0.01 secs] 
2427.228: [GC (Allocation Failure) [PSYoungGen: 84768K->1533K(86528K)] 544181K->460947K(786944K), 0.0019906 secs] [Times: user=0.01 sys=0.00, real=0.00 secs] 
2427.376: [GC (Allocation Failure) [PSYoungGen: 85501K->1549K(92672K)] 544915K->460963K(793088K), 0.0019001 secs] [Times: user=0.01 sys=0.00, real=0.01 secs] 
2427.540: [GC (Allocation Failure) [PSYoungGen: 91661K->1533K(92672K)] 551075K->460963K(793088K), 0.0018601 secs] [Times: user=0.01 sys=0.00, real=0.00 secs] 
2428.757: [GC (Allocation Failure) [PSYoungGen: 91645K->1440K(91136K)] 551075K->460869K(791552K), 0.0051562 secs] [Times: user=0.01 sys=0.00, real=0.00 secs] 
2429.846: [GC (Allocation Failure) [PSYoungGen: 91040K->1376K(90624K)] 550469K->460805K(791040K), 0.0042906 secs] [Times: user=0.02 sys=0.00, real=0.01 secs] 
2430.695: [GC (Allocation Failure) [PSYoungGen: 90464K->1440K(90112K)] 549893K->460885K(790528K), 0.0030220 secs] [Times: user=0.01 sys=0.00, real=0.01 secs] 
2431.046: [GC (Allocation Failure) [PSYoungGen: 90016K->1549K(90112K)] 549461K->460995K(790528K), 0.0018227 secs] [Times: user=0.01 sys=0.00, real=0.01 secs] 
2431.205: [GC (Allocation Failure) [PSYoungGen: 89613K->477K(88064K)] 549059K->460947K(788480K), 0.0019630 secs] [Times: user=0.01 sys=0.00, real=0.01 secs] 
2431.361: [GC (Allocation Failure) [PSYoungGen: 88029K->525K(96768K)] 548499K->460995K(797184K), 0.0016847 secs] [Times: user=0.01 sys=0.00, real=0.00 secs] 
2432.093: [GC (Allocation Failure) [PSYoungGen: 94733K->1408K(95232K)] 555203K->461877K(795648K), 0.0021528 secs] [Times: user=0.01 sys=0.00, real=0.00 secs] 
2432.963: [GC (Allocation Failure) [PSYoungGen: 95104K->1376K(94720K)] 555573K->461845K(795136K), 0.0036500 secs] [Times: user=0.02 sys=0.00, real=0.00 secs] 
2433.850: [GC (Allocation Failure) [PSYoungGen: 94560K->1376K(94208K)] 555029K->461845K(794624K), 0.0032846 secs] [Times: user=0.01 sys=0.00, real=0.00 secs] 
2434.155: [GC (Allocation Failure) [PSYoungGen: 94048K->1549K(94208K)] 554517K->462019K(794624K), 0.0018369 secs] [Times: user=0.01 sys=0.00, real=0.01 secs] 
2434.319: [GC (Allocation Failure) [PSYoungGen: 93709K->1549K(93696K)] 554179K->462019K(794112K), 0.0018988 secs] [Times: user=0.01 sys=0.00, real=0.00 secs] 
2434.873: [GC (Allocation Failure) [PSYoungGen: 93197K->1440K(92672K)] 553667K->461909K(793088K), 0.0050816 secs] [Times: user=0.02 sys=0.00, real=0.01 secs] 
2436.543: [GC (Allocation Failure) [PSYoungGen: 92576K->1392K(92160K)] 553045K->461861K(792576K), 0.0032321 secs] [Times: user=0.01 sys=0.00, real=0.00 secs] 
2436.918: [GC (Allocation Failure) [PSYoungGen: 92016K->1392K(91648K)] 552485K->461861K(792064K), 0.0025240 secs] [Times: user=0.01 sys=0.00, real=0.00 secs] 
2437.318: [GC (Allocation Failure) [PSYoungGen: 91504K->1469K(91136K)] 551973K->461963K(791552K), 0.0027247 secs] [Times: user=0.01 sys=0.00, real=0.00 secs] 
2437.596: [GC (Allocation Failure) [PSYoungGen: 91069K->1565K(91136K)] 551563K->462059K(791552K), 0.0023420 secs] [Times: user=0.01 sys=0.00, real=0.01 secs] 
2437.757: [GC (Allocation Failure) [PSYoungGen: 90653K->509K(90624K)] 551147K->462027K(791040K), 0.0018609 secs] [Times: user=0.00 sys=0.00, real=0.01 secs] 
2437.975: [GC (Allocation Failure) [PSYoungGen: 90109K->1472K(92160K)] 551627K->462989K(792576K), 0.0021922 secs] [Times: user=0.00 sys=0.00, real=0.01 secs] 
2438.370: [GC (Allocation Failure) [PSYoungGen: 91072K->1440K(98304K)] 552589K->462957K(798720K), 0.0026138 secs] [Times: user=0.00 sys=0.01, real=0.00 secs] 
2438.773: [GC (Allocation Failure) [PSYoungGen: 98208K->1408K(97792K)] 559725K->462925K(798208K), 0.0025489 secs] [Times: user=0.01 sys=0.00, real=0.00 secs] 
2439.166: [GC (Allocation Failure) [PSYoungGen: 97664K->1453K(97280K)] 559181K->462971K(797696K), 0.0020696 secs] [Times: user=0.01 sys=0.00, real=0.01 secs] 
2439.338: [GC (Allocation Failure) [PSYoungGen: 97197K->1581K(98304K)] 558715K->463099K(798720K), 0.0035062 secs] [Times: user=0.01 sys=0.00, real=0.00 secs] 
2439.510: [GC (Allocation Failure) [PSYoungGen: 97837K->1536K(107008K)] 559355K->463053K(807424K), 0.0020929 secs] [Times: user=0.01 sys=0.00, real=0.00 secs] 
2440.354: [GC (Allocation Failure) [PSYoungGen: 106496K->1472K(107008K)] 568013K->462989K(807424K), 0.0026330 secs] [Times: user=0.01 sys=0.00, real=0.00 secs] 
2441.086: [GC (Allocation Failure) [PSYoungGen: 106432K->1424K(116224K)] 567949K->462941K(816640K), 0.0060286 secs] [Times: user=0.02 sys=0.01, real=0.01 secs] 
2442.133: [GC (Allocation Failure) [PSYoungGen: 115600K->1328K(115200K)] 577117K->462845K(815616K), 0.0038737 secs] [Times: user=0.02 sys=0.00, real=0.01 secs] 
2442.543: [GC (Allocation Failure) [PSYoungGen: 114992K->1565K(115200K)] 576509K->463083K(815616K), 0.0020269 secs] [Times: user=0.01 sys=0.00, real=0.00 secs] 
2442.743: [GC (Allocation Failure) [PSYoungGen: 114717K->1581K(114688K)] 576235K->463099K(815104K), 0.0020068 secs] [Times: user=0.01 sys=0.00, real=0.00 secs] 
2443.811: [GC (Allocation Failure) [PSYoungGen: 114221K->384K(112640K)] 575739K->462925K(813056K), 0.0033565 secs] [Times: user=0.02 sys=0.00, real=0.00 secs] 
2444.871: [GC (Allocation Failure) [PSYoungGen: 112512K->320K(113664K)] 575053K->462861K(814080K), 0.0025261 secs] [Times: user=0.01 sys=0.00, real=0.00 secs] 
2445.754: [GC (Allocation Failure) [PSYoungGen: 111936K->1501K(113152K)] 574477K->464059K(813568K), 0.0030776 secs] [Times: user=0.01 sys=0.00, real=0.00 secs] 
2446.016: [GC (Allocation Failure) [PSYoungGen: 112605K->1597K(112640K)] 575163K->464155K(813056K), 0.0019859 secs] [Times: user=0.01 sys=0.00, real=0.01 secs] 
2446.214: [GC (Allocation Failure) [PSYoungGen: 112189K->1581K(112128K)] 574747K->464139K(812544K), 0.0019996 secs] [Times: user=0.01 sys=0.00, real=0.00 secs] 
2447.177: [GC (Allocation Failure) [PSYoungGen: 111661K->1408K(111104K)] 574219K->463965K(811520K), 0.0039478 secs] [Times: user=0.01 sys=0.01, real=0.00 secs] 
2448.052: [GC (Allocation Failure) [PSYoungGen: 110976K->1408K(111104K)] 573533K->463973K(811520K), 0.0029100 secs] [Times: user=0.01 sys=0.00, real=0.00 secs] 
2448.526: [GC (Allocation Failure) [PSYoungGen: 110464K->1456K(110080K)] 573029K->464030K(810496K), 0.0034896 secs] [Times: user=0.01 sys=0.00, real=0.01 secs] 
2448.851: [GC (Allocation Failure) [PSYoungGen: 110000K->1581K(110080K)] 572574K->464163K(810496K), 0.0019618 secs] [Times: user=0.01 sys=0.00, real=0.00 secs] 
2449.045: [GC (Allocation Failure) [PSYoungGen: 109613K->1597K(109568K)] 572195K->464179K(809984K), 0.0021302 secs] [Times: user=0.01 sys=0.01, real=0.01 secs] 
2449.470: [GC (Allocation Failure) [PSYoungGen: 109117K->1440K(109056K)] 571699K->464021K(809472K), 0.0023322 secs] [Times: user=0.01 sys=0.00, real=0.00 secs] 
2449.915: [GC (Allocation Failure) [PSYoungGen: 108448K->1376K(108032K)] 571029K->463957K(808448K), 0.0025133 secs] [Times: user=0.01 sys=0.00, real=0.01 secs] 
2450.383: [GC (Allocation Failure) [PSYoungGen: 107872K->1501K(107520K)] 570453K->464083K(807936K), 0.0022878 secs] [Times: user=0.01 sys=0.00, real=0.00 secs] 
2450.629: [GC (Allocation Failure) [PSYoungGen: 107485K->1565K(107520K)] 570067K->464147K(807936K), 0.0022419 secs] [Times: user=0.01 sys=0.00, real=0.00 secs] 
2450.830: [GC (Allocation Failure) [PSYoungGen: 107037K->1533K(106496K)] 569619K->464123K(806912K), 0.0018361 secs] [Times: user=0.01 sys=0.00, real=0.00 secs] 
2452.001: [GC (Allocation Failure) [PSYoungGen: 106493K->1408K(105984K)] 569083K->463997K(806400K), 0.0035621 secs] [Times: user=0.01 sys=0.01, real=0.00 secs] 
2453.394: [GC (Allocation Failure) [PSYoungGen: 105856K->1424K(105472K)] 568445K->464013K(805888K), 0.0037849 secs] [Times: user=0.02 sys=0.00, real=0.01 secs] 
2454.660: [GC (Allocation Failure) [PSYoungGen: 105360K->1469K(104960K)] 567949K->464059K(805376K), 0.0033262 secs] [Times: user=0.01 sys=0.00, real=0.00 secs] 
2454.908: [GC (Allocation Failure) [PSYoungGen: 104893K->1504K(104448K)] 567483K->464134K(804864K), 0.0017922 secs] [Times: user=0.01 sys=0.00, real=0.00 secs] 
2455.088: [GC (Allocation Failure) [PSYoungGen: 104416K->1517K(103936K)] 567046K->464147K(804352K), 0.0020050 secs] [Times: user=0.01 sys=0.00, real=0.00 secs] 
2455.899: [GC (Allocation Failure) [PSYoungGen: 103917K->1472K(103424K)] 566547K->464101K(803840K), 0.0026451 secs] [Times: user=0.01 sys=0.00, real=0.00 secs] 
2456.903: [GC (Allocation Failure) [PSYoungGen: 103360K->1392K(102912K)] 565989K->464053K(803328K), 0.0030010 secs] [Times: user=0.02 sys=0.00, real=0.00 secs] 
2458.125: [GC (Allocation Failure) [PSYoungGen: 102768K->1424K(102400K)] 565429K->464085K(802816K), 0.0026130 secs] [Times: user=0.01 sys=0.00, real=0.01 secs] 
2458.577: [GC (Allocation Failure) [PSYoungGen: 102288K->1565K(102400K)] 564949K->464227K(802816K), 0.0019225 secs] [Times: user=0.01 sys=0.00, real=0.00 secs] 
2458.757: [GC (Allocation Failure) [PSYoungGen: 101917K->544K(100864K)] 564579K->464229K(801280K), 0.0018710 secs] [Times: user=0.01 sys=0.00, real=0.00 secs] 
2459.061: [GC (Allocation Failure) [PSYoungGen: 100384K->1472K(100864K)] 564069K->465157K(801280K), 0.0023427 secs] [Times: user=0.01 sys=0.00, real=0.00 secs] 
2459.476: [GC (Allocation Failure) [PSYoungGen: 100800K->1376K(100352K)] 564485K->465061K(800768K), 0.0022323 secs] [Times: user=0.01 sys=0.00, real=0.01 secs] 
2459.903: [GC (Allocation Failure) [PSYoungGen: 100192K->1408K(99840K)] 563877K->465093K(800256K), 0.0023215 secs] [Times: user=0.01 sys=0.00, real=0.00 secs] 
2460.291: [GC (Allocation Failure) [PSYoungGen: 99712K->1485K(99328K)] 563397K->465171K(799744K), 0.0018992 secs] [Times: user=0.01 sys=0.00, real=0.00 secs] 
2460.466: [GC (Allocation Failure) [PSYoungGen: 99277K->1565K(99328K)] 562963K->465251K(799744K), 0.0018530 secs] [Times: user=0.00 sys=0.00, real=0.01 secs] 
2460.638: [GC (Allocation Failure) [PSYoungGen: 98845K->573K(97792K)] 562531K->465299K(798208K), 0.0017803 secs] [Times: user=0.01 sys=0.00, real=0.00 secs] 
2461.956: [GC (Allocation Failure) [PSYoungGen: 97341K->1440K(97792K)] 562067K->466165K(798208K), 0.0032820 secs] [Times: user=0.01 sys=0.00, real=0.01 secs] 
2463.087: [GC (Allocation Failure) [PSYoungGen: 97696K->1376K(97280K)] 562421K->466101K(797696K), 0.0046543 secs] [Times: user=0.02 sys=0.00, real=0.00 secs] 
2463.818: [GC (Allocation Failure) [PSYoungGen: 97120K->1392K(96768K)] 561845K->466117K(797184K), 0.0031744 secs] [Times: user=0.01 sys=0.01, real=0.00 secs] 
2464.143: [GC (Allocation Failure) [PSYoungGen: 96624K->1533K(96256K)] 561349K->466259K(796672K), 0.0018624 secs] [Times: user=0.00 sys=0.00, real=0.00 secs] 
2464.314: [GC (Allocation Failure) [PSYoungGen: 96253K->1565K(96256K)] 560979K->466291K(796672K), 0.0019248 secs] [Times: user=0.01 sys=0.00, real=0.00 secs] 
2464.721: [GC (Allocation Failure) [PSYoungGen: 95773K->416K(94208K)] 560499K->466165K(794624K), 0.0033312 secs] [Times: user=0.02 sys=0.00, real=0.00 secs] 
2466.062: [GC (Allocation Failure) [PSYoungGen: 94112K->384K(95232K)] 559861K->466157K(795648K), 0.0039685 secs] [Times: user=0.01 sys=0.00, real=0.00 secs] 
2466.965: [GC (Allocation Failure) [PSYoungGen: 93568K->400K(94720K)] 559341K->466173K(795136K), 0.0032454 secs] [Times: user=0.01 sys=0.00, real=0.01 secs] 
2467.904: [GC (Allocation Failure) [PSYoungGen: 93072K->1405K(93696K)] 558845K->467179K(794112K), 0.0033325 secs] [Times: user=0.02 sys=0.00, real=0.01 secs] 
2468.129: [GC (Allocation Failure) [PSYoungGen: 93565K->1533K(93696K)] 559339K->467307K(794112K), 0.0020007 secs] [Times: user=0.00 sys=0.00, real=0.00 secs] 
2468.324: [GC (Allocation Failure) [PSYoungGen: 93181K->1536K(93184K)] 558955K->467310K(793600K), 0.0026007 secs] [Times: user=0.01 sys=0.00, real=0.01 secs] 
2468.785: [GC (Allocation Failure) [PSYoungGen: 92672K->1472K(92672K)] 558446K->467245K(793088K), 0.0036252 secs] [Times: user=0.02 sys=0.00, real=0.01 secs] 
2469.699: [GC (Allocation Failure) [PSYoungGen: 92096K->1408K(91648K)] 557869K->467181K(792064K), 0.0034050 secs] [Times: user=0.01 sys=0.00, real=0.00 secs] 
2470.529: [GC (Allocation Failure) [PSYoungGen: 91520K->1408K(91648K)] 557293K->467181K(792064K), 0.0025825 secs] [Times: user=0.01 sys=0.00, real=0.00 secs] 
2471.434: [GC (Allocation Failure) [PSYoungGen: 91008K->1437K(90624K)] 556781K->467211K(791040K), 0.0025064 secs] [Times: user=0.01 sys=0.00, real=0.00 secs] 
2471.620: [GC (Allocation Failure) [PSYoungGen: 90525K->1533K(90624K)] 556299K->467307K(791040K), 0.0020260 secs] [Times: user=0.01 sys=0.00, real=0.00 secs] 
2471.805: [GC (Allocation Failure) [PSYoungGen: 90109K->1565K(90112K)] 555883K->467339K(790528K), 0.0022178 secs] [Times: user=0.01 sys=0.00, real=0.01 secs] 
2472.070: [GC (Allocation Failure) [PSYoungGen: 89629K->1440K(89600K)] 555403K->467213K(790016K), 0.0023129 secs] [Times: user=0.01 sys=0.00, real=0.00 secs] 
2472.435: [GC (Allocation Failure) [PSYoungGen: 88992K->1408K(88576K)] 554765K->467181K(788992K), 0.0022903 secs] [Times: user=0.01 sys=0.00, real=0.01 secs] 
2472.797: [GC (Allocation Failure) [PSYoungGen: 88448K->1408K(88064K)] 554221K->467181K(788480K), 0.0021697 secs] [Times: user=0.01 sys=0.00, real=0.00 secs] 
2473.172: [GC (Allocation Failure) [PSYoungGen: 87936K->1469K(87552K)] 553709K->467243K(787968K), 0.0022586 secs] [Times: user=0.01 sys=0.00, real=0.00 secs] 
2473.402: [GC (Allocation Failure) [PSYoungGen: 87485K->1536K(87552K)] 553259K->467310K(787968K), 0.0023248 secs] [Times: user=0.01 sys=0.00, real=0.00 secs] 
2473.628: [GC (Allocation Failure) [PSYoungGen: 87040K->1533K(88064K)] 552814K->467307K(788480K), 0.0025726 secs] [Times: user=0.02 sys=0.00, real=0.00 secs] 
2473.798: [GC (Allocation Failure) [PSYoungGen: 87549K->128K(94208K)] 553323K->465933K(794624K), 0.0018802 secs] [Times: user=0.01 sys=0.00, real=0.00 secs] 
2474.614: [GC (Allocation Failure) [PSYoungGen: 92288K->1376K(93184K)] 558093K->467181K(793600K), 0.0034879 secs] [Times: user=0.01 sys=0.00, real=0.01 secs] 
2475.519: [GC (Allocation Failure) [PSYoungGen: 93024K->1344K(92672K)] 558829K->467149K(793088K), 0.0032587 secs] [Times: user=0.01 sys=0.01, real=0.00 secs] 
2476.526: [GC (Allocation Failure) [PSYoungGen: 92480K->1440K(92160K)] 558285K->467245K(792576K), 0.0035595 secs] [Times: user=0.02 sys=0.00, real=0.01 secs] 
2476.837: [GC (Allocation Failure) [PSYoungGen: 92064K->1488K(91648K)] 557869K->467294K(792064K), 0.0019912 secs] [Times: user=0.00 sys=0.00, real=0.00 secs] 
2476.997: [GC (Allocation Failure) [PSYoungGen: 91600K->1472K(91136K)] 557406K->467278K(791552K), 0.0018692 secs] [Times: user=0.00 sys=0.00, real=0.00 secs] 
2477.219: [GC (Allocation Failure) [PSYoungGen: 91072K->960K(91648K)] 556878K->467789K(792064K), 0.0022512 secs] [Times: user=0.01 sys=0.00, real=0.00 secs] 
2477.679: [GC (Allocation Failure) [PSYoungGen: 91072K->352K(91648K)] 557901K->467181K(792064K), 0.0024253 secs] [Times: user=0.01 sys=0.00, real=0.00 secs] 
2478.068: [GC (Allocation Failure) [PSYoungGen: 89952K->400K(91136K)] 556781K->467229K(791552K), 0.0020883 secs] [Times: user=0.01 sys=0.00, real=0.00 secs] 
2478.487: [GC (Allocation Failure) [PSYoungGen: 89488K->384K(89088K)] 556317K->467213K(789504K), 0.0023775 secs] [Times: user=0.02 sys=0.00, real=0.00 secs] 
2478.672: [GC (Allocation Failure) [PSYoungGen: 88960K->1517K(90112K)] 555789K->468347K(790528K), 0.0019283 secs] [Times: user=0.01 sys=0.00, real=0.00 secs] 
2478.830: [GC (Allocation Failure) [PSYoungGen: 89581K->1533K(90624K)] 556411K->468363K(791040K), 0.0019888 secs] [Times: user=0.00 sys=0.00, real=0.00 secs] 
2478.986: [GC (Allocation Failure) [PSYoungGen: 89597K->1504K(98304K)] 556427K->468333K(798720K), 0.0025673 secs] [Times: user=0.01 sys=0.00, real=0.01 secs] 
2479.413: [GC (Allocation Failure) [PSYoungGen: 97248K->1424K(98304K)] 564077K->468253K(798720K), 0.0021122 secs] [Times: user=0.01 sys=0.00, real=0.00 secs] 
2479.811: [GC (Allocation Failure) [PSYoungGen: 97168K->1392K(107008K)] 563997K->468221K(807424K), 0.0037364 secs] [Times: user=0.01 sys=0.01, real=0.00 secs] 
2480.303: [GC (Allocation Failure) [PSYoungGen: 105840K->1501K(107008K)] 572669K->468331K(807424K), 0.0020595 secs] [Times: user=0.01 sys=0.00, real=0.00 secs] 
2480.487: [GC (Allocation Failure) [PSYoungGen: 105949K->1549K(115712K)] 572779K->468379K(816128K), 0.0021146 secs] [Times: user=0.01 sys=0.00, real=0.00 secs] 
2480.688: [GC (Allocation Failure) [PSYoungGen: 114701K->1568K(115712K)] 581531K->468398K(816128K), 0.0025437 secs] [Times: user=0.01 sys=0.01, real=0.00 secs] 
2481.190: [GC (Allocation Failure) [PSYoungGen: 114720K->1424K(125952K)] 581550K->468253K(826368K), 0.0244806 secs] [Times: user=0.05 sys=0.05, real=0.02 secs] 
2481.747: [GC (Allocation Failure) [PSYoungGen: 124816K->1408K(125952K)] 591645K->468237K(826368K), 0.0024864 secs] [Times: user=0.01 sys=0.00, real=0.00 secs] 
2482.236: [GC (Allocation Failure) [PSYoungGen: 124800K->1517K(139264K)] 591629K->468379K(839680K), 0.0042127 secs] [Times: user=0.02 sys=0.00, real=0.01 secs] 
2482.483: [GC (Allocation Failure) [PSYoungGen: 138733K->1661K(139776K)] 605595K->468523K(840192K), 0.0033353 secs] [Times: user=0.01 sys=0.00, real=0.00 secs] 
2482.969: [GC (Allocation Failure) [PSYoungGen: 138877K->1440K(152064K)] 605739K->468301K(852480K), 0.0020190 secs] [Times: user=0.00 sys=0.01, real=0.00 secs] 
2484.223: [GC (Allocation Failure) [PSYoungGen: 151968K->1440K(153600K)] 618829K->468301K(854016K), 0.0073357 secs] [Times: user=0.02 sys=0.02, real=0.01 secs] 
2484.971: [GC (Allocation Failure) [PSYoungGen: 152480K->1485K(164864K)] 619341K->468347K(865280K), 0.0020585 secs] [Times: user=0.00 sys=0.00, real=0.00 secs] 
2485.265: [GC (Allocation Failure) [PSYoungGen: 164813K->1677K(166400K)] 631675K->468539K(866816K), 0.0050997 secs] [Times: user=0.01 sys=0.02, real=0.01 secs] 
2485.982: [GC (Allocation Failure) [PSYoungGen: 166029K->1440K(179712K)] 632891K->468301K(880128K), 0.0024781 secs] [Times: user=0.02 sys=0.00, real=0.00 secs] 
2486.619: [GC (Allocation Failure) [PSYoungGen: 179616K->1552K(178176K)] 646477K->468414K(878592K), 0.0025513 secs] [Times: user=0.00 sys=0.01, real=0.00 secs] 
2486.931: [GC (Allocation Failure) [PSYoungGen: 177680K->573K(175104K)] 644542K->468459K(875520K), 0.0019656 secs] [Times: user=0.01 sys=0.00, real=0.00 secs] 
2487.657: [GC (Allocation Failure) [PSYoungGen: 174653K->1424K(174592K)] 642539K->469309K(875008K), 0.0024224 secs] [Times: user=0.01 sys=0.00, real=0.00 secs] 
2488.314: [GC (Allocation Failure) [PSYoungGen: 173429K->1533K(171520K)] 641315K->469419K(871936K), 0.0017931 secs] [Times: user=0.01 sys=0.00, real=0.00 secs] 
2488.615: [GC (Allocation Failure) [PSYoungGen: 171517K->1597K(170496K)] 639403K->469483K(870912K), 0.0020986 secs] [Times: user=0.01 sys=0.00, real=0.01 secs] 
2490.393: [GC (Allocation Failure) [PSYoungGen: 170045K->416K(167424K)] 637931K->469325K(867840K), 0.0049595 secs] [Times: user=0.02 sys=0.00, real=0.01 secs] 
2492.389: [GC (Allocation Failure) [PSYoungGen: 167328K->1485K(167936K)] 636237K->470395K(868352K), 0.0037202 secs] [Times: user=0.01 sys=0.00, real=0.00 secs] 
2492.764: [GC (Allocation Failure) [PSYoungGen: 166861K->1597K(165888K)] 635771K->470507K(866304K), 0.0020578 secs] [Times: user=0.01 sys=0.00, real=0.00 secs] 
2494.841: [GC (Allocation Failure) [PSYoungGen: 165437K->1440K(163840K)] 634347K->470349K(864256K), 0.0052529 secs] [Times: user=0.02 sys=0.00, real=0.00 secs] 
2495.787: [GC (Allocation Failure) [PSYoungGen: 163744K->1376K(162304K)] 632653K->470285K(862720K), 0.0025380 secs] [Times: user=0.02 sys=0.00, real=0.00 secs] 
2496.329: [GC (Allocation Failure) [PSYoungGen: 162144K->1581K(161280K)] 631053K->470491K(861696K), 0.0019880 secs] [Times: user=0.01 sys=0.00, real=0.00 secs] 
2498.096: [GC (Allocation Failure) [PSYoungGen: 160813K->464K(158208K)] 629723K->470397K(858624K), 0.0057560 secs] [Times: user=0.02 sys=0.00, real=0.01 secs] 
2499.472: [GC (Allocation Failure) [PSYoungGen: 158160K->320K(158720K)] 628093K->470253K(859136K), 0.0027039 secs] [Times: user=0.01 sys=0.00, real=0.00 secs] 
2500.649: [GC (Allocation Failure) [PSYoungGen: 156480K->1536K(156672K)] 626413K->471470K(857088K), 0.0023993 secs] [Times: user=0.01 sys=0.00, real=0.00 secs] 
2500.932: [GC (Allocation Failure) [PSYoungGen: 156160K->1632K(155136K)] 626094K->471566K(855552K), 0.0020698 secs] [Times: user=0.00 sys=0.00, real=0.00 secs] 
2501.521: [GC (Allocation Failure) [PSYoungGen: 154720K->1440K(153088K)] 624654K->471373K(853504K), 0.0020379 secs] [Times: user=0.01 sys=0.00, real=0.00 secs] 
2502.336: [GC (Allocation Failure) [PSYoungGen: 152992K->1440K(151552K)] 622925K->471373K(851968K), 0.0030671 secs] [Times: user=0.02 sys=0.00, real=0.01 secs] 
2502.882: [GC (Allocation Failure) [PSYoungGen: 151456K->1533K(150016K)] 621389K->471483K(850432K), 0.0019790 secs] [Times: user=0.01 sys=0.00, real=0.00 secs] 
2503.382: [GC (Allocation Failure) [PSYoungGen: 150013K->1504K(148480K)] 619963K->471453K(848896K), 0.0023722 secs] [Times: user=0.00 sys=0.00, real=0.00 secs] 
2504.679: [GC (Allocation Failure) [PSYoungGen: 148448K->1408K(146944K)] 618397K->471357K(847360K), 0.0033299 secs] [Times: user=0.02 sys=0.00, real=0.00 secs] 
2506.027: [GC (Allocation Failure) [PSYoungGen: 146806K->1469K(145920K)] 616756K->471419K(846336K), 0.0027558 secs] [Times: user=0.02 sys=0.00, real=0.00 secs] 
2506.317: [GC (Allocation Failure) [PSYoungGen: 145853K->1629K(145408K)] 615803K->471579K(845824K), 0.0021449 secs] [Times: user=0.00 sys=0.00, real=0.00 secs] 
2507.501: [GC (Allocation Failure) [PSYoungGen: 144989K->1456K(143872K)] 614939K->471405K(844288K), 0.0045302 secs] [Times: user=0.02 sys=0.00, real=0.00 secs] 
2508.958: [GC (Allocation Failure) [PSYoungGen: 143792K->1392K(142848K)] 613741K->471341K(843264K), 0.0024508 secs] [Times: user=0.01 sys=0.00, real=0.00 secs] 
2509.903: [GC (Allocation Failure) [PSYoungGen: 142704K->1517K(141824K)] 612653K->471467K(842240K), 0.0019319 secs] [Times: user=0.00 sys=0.00, real=0.00 secs] 
2510.153: [GC (Allocation Failure) [PSYoungGen: 141805K->1533K(140800K)] 611755K->471499K(841216K), 0.0018637 secs] [Times: user=0.00 sys=0.00, real=0.00 secs] 
2511.232: [GC (Allocation Failure) [PSYoungGen: 140797K->1472K(139776K)] 610763K->471445K(840192K), 0.0027503 secs] [Times: user=0.01 sys=0.00, real=0.00 secs] 
2512.604: [GC (Allocation Failure) [PSYoungGen: 139712K->1376K(138752K)] 609685K->471349K(839168K), 0.0046989 secs] [Times: user=0.02 sys=0.00, real=0.01 secs] 
2513.225: [GC (Allocation Failure) [PSYoungGen: 138592K->1549K(138240K)] 608565K->471523K(838656K), 0.0019589 secs] [Times: user=0.01 sys=0.00, real=0.01 secs] 
2513.470: [GC (Allocation Failure) [PSYoungGen: 137741K->541K(136192K)] 607715K->471539K(836608K), 0.0018789 secs] [Times: user=0.01 sys=0.00, real=0.00 secs] 
2514.385: [GC (Allocation Failure) [PSYoungGen: 135709K->1408K(135680K)] 606707K->472405K(836096K), 0.0031727 secs] [Times: user=0.02 sys=0.00, real=0.01 secs] 
2515.160: [GC (Allocation Failure) [PSYoungGen: 135552K->1376K(134656K)] 606549K->472373K(835072K), 0.0024090 secs] [Times: user=0.01 sys=0.00, real=0.00 secs] 
2515.603: [GC (Allocation Failure) [PSYoungGen: 134496K->1533K(133632K)] 605493K->472531K(834048K), 0.0021168 secs] [Times: user=0.01 sys=0.00, real=0.00 secs] 
2515.836: [GC (Allocation Failure) [PSYoungGen: 133629K->1517K(132608K)] 604627K->472571K(833024K), 0.0019651 secs] [Times: user=0.01 sys=0.00, real=0.01 secs] 
2516.688: [GC (Allocation Failure) [PSYoungGen: 132589K->1472K(131584K)] 603643K->472525K(832000K), 0.0026560 secs] [Times: user=0.01 sys=0.00, real=0.00 secs] 
2517.854: [GC (Allocation Failure) [PSYoungGen: 131520K->1408K(130560K)] 602573K->472461K(830976K), 0.0022942 secs] [Times: user=0.01 sys=0.00, real=0.00 secs] 
2518.582: [GC (Allocation Failure) [PSYoungGen: 130432K->1565K(130048K)] 601485K->472619K(830464K), 0.0019527 secs] [Times: user=0.00 sys=0.00, real=0.00 secs] 
2518.810: [GC (Allocation Failure) [PSYoungGen: 129565K->573K(128000K)] 600619K->472667K(828416K), 0.0017717 secs] [Times: user=0.01 sys=0.00, real=0.00 secs] 
2519.219: [GC (Allocation Failure) [PSYoungGen: 127549K->1472K(127488K)] 599643K->473565K(827904K), 0.0018952 secs] [Times: user=0.00 sys=0.01, real=0.00 secs] 
2519.848: [GC (Allocation Failure) [PSYoungGen: 127424K->1408K(126464K)] 599517K->473501K(826880K), 0.0024129 secs] [Times: user=0.01 sys=0.00, real=0.00 secs] 
2520.354: [GC (Allocation Failure) [PSYoungGen: 126327K->1533K(125440K)] 598421K->473627K(825856K), 0.0018962 secs] [Times: user=0.01 sys=0.00, real=0.00 secs] 
2520.623: [GC (Allocation Failure) [PSYoungGen: 125437K->1533K(124416K)] 597531K->473683K(824832K), 0.0025358 secs] [Times: user=0.01 sys=0.00, real=0.00 secs] 
2521.093: [GC (Allocation Failure) [PSYoungGen: 124413K->1520K(123392K)] 596563K->473669K(823808K), 0.0031751 secs] [Times: user=0.01 sys=0.00, real=0.00 secs] 
2522.313: [GC (Allocation Failure) [PSYoungGen: 123376K->1408K(122368K)] 595525K->473557K(822784K), 0.0026922 secs] [Times: user=0.01 sys=0.00, real=0.00 secs] 
2523.314: [GC (Allocation Failure) [PSYoungGen: 122240K->1424K(121344K)] 594389K->473573K(821760K), 0.0030873 secs] [Times: user=0.01 sys=0.00, real=0.01 secs] 
2523.754: [GC (Allocation Failure) [PSYoungGen: 121232K->1533K(120320K)] 593381K->473691K(820736K), 0.0018902 secs] [Times: user=0.01 sys=0.00, real=0.00 secs] 
2523.965: [GC (Allocation Failure) [PSYoungGen: 120317K->1549K(119808K)] 592475K->473707K(820224K), 0.0019767 secs] [Times: user=0.01 sys=0.00, real=0.01 secs] 
2525.483: [GC (Allocation Failure) [PSYoungGen: 119309K->416K(117248K)] 591467K->473597K(817664K), 0.0043234 secs] [Times: user=0.01 sys=0.00, real=0.01 secs] 
2527.132: [GC (Allocation Failure) [PSYoungGen: 117152K->368K(116224K)] 590333K->473589K(816640K), 0.0033046 secs] [Times: user=0.01 sys=0.00, real=0.00 secs] 
2527.833: [GC (Allocation Failure) [PSYoungGen: 116080K->1520K(116736K)] 589301K->474742K(817152K), 0.0022918 secs] [Times: user=0.01 sys=0.00, real=0.00 secs] 
2528.108: [GC (Allocation Failure) [PSYoungGen: 116720K->1536K(116736K)] 589942K->474774K(817152K), 0.0023640 secs] [Times: user=0.01 sys=0.00, real=0.00 secs] 
2528.335: [GC (Allocation Failure) [PSYoungGen: 115395K->288K(114688K)] 588633K->473525K(815104K), 0.0017899 secs] [Times: user=0.00 sys=0.00, real=0.01 secs] 
2529.386: [GC (Allocation Failure) [PSYoungGen: 114464K->1392K(116224K)] 587701K->474629K(816640K), 0.0031617 secs] [Times: user=0.01 sys=0.00, real=0.01 secs] 
2530.551: [GC (Allocation Failure) [PSYoungGen: 115056K->1376K(114688K)] 588293K->474613K(815104K), 0.0038471 secs] [Times: user=0.01 sys=0.00, real=0.00 secs] 
2531.439: [GC (Allocation Failure) [PSYoungGen: 114528K->1517K(114176K)] 587765K->474755K(814592K), 0.0024534 secs] [Times: user=0.01 sys=0.00, real=0.00 secs] 
2531.715: [GC (Allocation Failure) [PSYoungGen: 114157K->1565K(114176K)] 587395K->474803K(814592K), 0.0019513 secs] [Times: user=0.01 sys=0.00, real=0.01 secs] 
2532.287: [GC (Allocation Failure) [PSYoungGen: 113693K->1456K(113152K)] 586931K->474701K(813568K), 0.0062925 secs] [Times: user=0.03 sys=0.00, real=0.01 secs] 
2533.327: [GC (Allocation Failure) [PSYoungGen: 113072K->1440K(112640K)] 586317K->474685K(813056K), 0.0027014 secs] [Times: user=0.01 sys=0.01, real=0.01 secs] 
2534.223: [GC (Allocation Failure) [PSYoungGen: 112544K->1408K(112128K)] 585789K->474661K(812544K), 0.0035090 secs] [Times: user=0.01 sys=0.00, real=0.00 secs] 
2534.768: [GC (Allocation Failure) [PSYoungGen: 112000K->1549K(112128K)] 585253K->474803K(812544K), 0.0018755 secs] [Times: user=0.00 sys=0.00, real=0.00 secs] 
2534.965: [GC (Allocation Failure) [PSYoungGen: 111629K->1597K(111616K)] 584883K->474851K(812032K), 0.0019962 secs] [Times: user=0.00 sys=0.00, real=0.00 secs] 
2535.530: [GC (Allocation Failure) [PSYoungGen: 111165K->1424K(110592K)] 584419K->474677K(811008K), 0.0021754 secs] [Times: user=0.01 sys=0.00, real=0.00 secs] 
2536.481: [GC (Allocation Failure) [PSYoungGen: 110480K->1440K(110080K)] 583733K->474701K(810496K), 0.0031642 secs] [Times: user=0.01 sys=0.00, real=0.00 secs] 
2537.346: [GC (Allocation Failure) [PSYoungGen: 109984K->1424K(109568K)] 583245K->474685K(809984K), 0.0025268 secs] [Times: user=0.01 sys=0.00, real=0.01 secs] 
2537.669: [GC (Allocation Failure) [PSYoungGen: 109456K->1501K(109056K)] 582717K->474771K(809472K), 0.0019388 secs] [Times: user=0.01 sys=0.01, real=0.00 secs] 
2537.859: [GC (Allocation Failure) [PSYoungGen: 109021K->1517K(108544K)] 582291K->474827K(808960K), 0.0017759 secs] [Times: user=0.01 sys=0.00, real=0.00 secs] 
2538.200: [GC (Allocation Failure) [PSYoungGen: 108525K->1456K(108032K)] 581835K->474765K(808448K), 0.0022800 secs] [Times: user=0.01 sys=0.00, real=0.00 secs] 
2538.642: [GC (Allocation Failure) [PSYoungGen: 107952K->1408K(107520K)] 581261K->474717K(807936K), 0.0017433 secs] [Times: user=0.01 sys=0.00, real=0.00 secs] 
2539.081: [GC (Allocation Failure) [PSYoungGen: 107392K->1408K(107008K)] 580701K->474725K(807424K), 0.0018963 secs] [Times: user=0.01 sys=0.00, real=0.00 secs] 
2539.357: [GC (Allocation Failure) [PSYoungGen: 106880K->1504K(106496K)] 580197K->474854K(806912K), 0.0017856 secs] [Times: user=0.01 sys=0.00, real=0.00 secs] 
2539.545: [GC (Allocation Failure) [PSYoungGen: 106464K->1581K(106496K)] 579814K->474931K(806912K), 0.0021074 secs] [Times: user=0.01 sys=0.00, real=0.00 secs] 
2540.292: [GC (Allocation Failure) [PSYoungGen: 106029K->448K(104448K)] 579379K->474821K(804864K), 0.0026330 secs] [Times: user=0.01 sys=0.00, real=0.00 secs] 
2541.936: [GC (Allocation Failure) [PSYoungGen: 104384K->320K(103936K)] 578757K->474693K(804352K), 0.0041864 secs] [Times: user=0.02 sys=0.00, real=0.01 secs] 
2543.501: [GC (Allocation Failure) [PSYoungGen: 103744K->320K(103424K)] 578117K->474693K(803840K), 0.0045681 secs] [Times: user=0.02 sys=0.00, real=0.00 secs] 
2544.193: [GC (Allocation Failure) [PSYoungGen: 103232K->1533K(104960K)] 577605K->475907K(805376K), 0.0024204 secs] [Times: user=0.01 sys=0.00, real=0.00 secs] 
2544.380: [GC (Allocation Failure) [PSYoungGen: 103933K->1581K(103936K)] 578307K->475955K(804352K), 0.0019164 secs] [Times: user=0.01 sys=0.00, real=0.00 secs] 
2544.773: [GC (Allocation Failure) [PSYoungGen: 103469K->1728K(103424K)] 577843K->476101K(803840K), 0.0028624 secs] [Times: user=0.01 sys=0.00, real=0.00 secs] 
2545.641: [GC (Allocation Failure) [PSYoungGen: 103104K->1408K(102400K)] 577477K->475781K(802816K), 0.0031835 secs] [Times: user=0.01 sys=0.00, real=0.00 secs] 
2546.526: [GC (Allocation Failure) [PSYoungGen: 102272K->1408K(101888K)] 576645K->475781K(802304K), 0.0032603 secs] [Times: user=0.02 sys=0.00, real=0.01 secs] 
2547.460: [GC (Allocation Failure) [PSYoungGen: 101760K->1533K(101376K)] 576133K->475915K(801792K), 0.0026603 secs] [Times: user=0.01 sys=0.00, real=0.00 secs] 
2547.673: [GC (Allocation Failure) [PSYoungGen: 101373K->1565K(101376K)] 575755K->475947K(801792K), 0.0020551 secs] [Times: user=0.01 sys=0.00, real=0.00 secs] 
2547.848: [GC (Allocation Failure) [PSYoungGen: 100893K->1629K(100864K)] 575275K->476011K(801280K), 0.0018623 secs] [Times: user=0.01 sys=0.00, real=0.00 secs] 
2548.879: [GC (Allocation Failure) [PSYoungGen: 100445K->1408K(99840K)] 574827K->475789K(800256K), 0.0030477 secs] [Times: user=0.01 sys=0.00, real=0.00 secs] 
2550.189: [GC (Allocation Failure) [PSYoungGen: 99712K->1424K(99328K)] 574093K->475805K(799744K), 0.0032101 secs] [Times: user=0.02 sys=0.00, real=0.00 secs] 
2551.699: [GC (Allocation Failure) [PSYoungGen: 99216K->1408K(98816K)] 573597K->475789K(799232K), 0.0040270 secs] [Times: user=0.02 sys=0.00, real=0.00 secs] 
2552.333: [GC (Allocation Failure) [PSYoungGen: 98688K->1536K(98816K)] 573069K->475918K(799232K), 0.0019205 secs] [Times: user=0.00 sys=0.00, real=0.00 secs] 
2552.539: [GC (Allocation Failure) [PSYoungGen: 98304K->1565K(98304K)] 572686K->475947K(798720K), 0.0023519 secs] [Times: user=0.00 sys=0.00, real=0.00 secs] 
2552.834: [GC (Allocation Failure) [PSYoungGen: 97821K->416K(96256K)] 572203K->475821K(796672K), 0.0026987 secs] [Times: user=0.01 sys=0.00, real=0.01 secs] 
2553.233: [GC (Allocation Failure) [PSYoungGen: 96160K->352K(97792K)] 571565K->475757K(798208K), 0.0025826 secs] [Times: user=0.01 sys=0.00, real=0.00 secs] 
2553.699: [GC (Allocation Failure) [PSYoungGen: 95584K->368K(95232K)] 570989K->475773K(795648K), 0.0023452 secs] [Times: user=0.01 sys=0.01, real=0.00 secs] 
2554.403: [GC (Allocation Failure) [PSYoungGen: 95088K->1501K(96768K)] 570493K->476907K(797184K), 0.0028289 secs] [Times: user=0.01 sys=0.00, real=0.00 secs] 
2554.657: [GC (Allocation Failure) [PSYoungGen: 95709K->1517K(95232K)] 571115K->476923K(795648K), 0.0020375 secs] [Times: user=0.01 sys=0.00, real=0.00 secs] 
2554.853: [GC (Allocation Failure) [PSYoungGen: 95213K->1533K(94720K)] 570619K->476939K(795136K), 0.0024298 secs] [Times: user=0.01 sys=0.00, real=0.00 secs] 
2555.425: [GC (Allocation Failure) [PSYoungGen: 94717K->1456K(94208K)] 570123K->476861K(794624K), 0.0053524 secs] [Times: user=0.02 sys=0.00, real=0.01 secs] 
2556.397: [GC (Allocation Failure) [PSYoungGen: 94128K->1376K(93696K)] 569533K->476789K(794112K), 0.0033793 secs] [Times: user=0.02 sys=0.00, real=0.00 secs] 
2557.464: [GC (Allocation Failure) [PSYoungGen: 93536K->1376K(93184K)] 568949K->476797K(793600K), 0.0057387 secs] [Times: user=0.02 sys=0.00, real=0.01 secs] 
2558.296: [GC (Allocation Failure) [PSYoungGen: 93024K->1469K(92672K)] 568445K->476891K(793088K), 0.0026618 secs] [Times: user=0.02 sys=0.00, real=0.01 secs] 
2558.487: [GC (Allocation Failure) [PSYoungGen: 92605K->1533K(92160K)] 568027K->476955K(792576K), 0.0019571 secs] [Times: user=0.01 sys=0.00, real=0.00 secs] 
2558.649: [GC (Allocation Failure) [PSYoungGen: 92157K->1549K(100352K)] 567579K->476971K(800768K), 0.0020722 secs] [Times: user=0.00 sys=0.00, real=0.00 secs] 
2559.533: [GC (Allocation Failure) [PSYoungGen: 99853K->1440K(99328K)] 575275K->476861K(799744K), 0.0034208 secs] [Times: user=0.01 sys=0.00, real=0.00 secs] 
2560.422: [GC (Allocation Failure) [PSYoungGen: 99232K->1408K(98816K)] 574653K->476829K(799232K), 0.0029820 secs] [Times: user=0.02 sys=0.00, real=0.00 secs] 
2560.826: [GC (Allocation Failure) [PSYoungGen: 98688K->1392K(98304K)] 574109K->476813K(798720K), 0.0024584 secs] [Times: user=0.01 sys=0.00, real=0.01 secs] 
2561.096: [GC (Allocation Failure) [PSYoungGen: 98160K->1536K(98304K)] 573581K->476958K(798720K), 0.0019077 secs] [Times: user=0.01 sys=0.00, real=0.01 secs] 
2561.269: [GC (Allocation Failure) [PSYoungGen: 97792K->573K(96768K)] 573214K->477019K(797184K), 0.0018048 secs] [Times: user=0.01 sys=0.00, real=0.00 secs] 
2561.453: [GC (Allocation Failure) [PSYoungGen: 96317K->1536K(105472K)] 572763K->477981K(805888K), 0.0019571 secs] [Times: user=0.01 sys=0.00, real=0.00 secs] 
2562.435: [GC (Allocation Failure) [PSYoungGen: 104960K->1392K(104448K)] 581405K->477837K(804864K), 0.0027371 secs] [Times: user=0.01 sys=0.00, real=0.01 secs] 
2563.166: [GC (Allocation Failure) [PSYoungGen: 104304K->1408K(103936K)] 580749K->477853K(804352K), 0.0026642 secs] [Times: user=0.01 sys=0.00, real=0.01 secs] 
2563.649: [GC (Allocation Failure) [PSYoungGen: 103808K->1533K(103424K)] 580253K->477995K(803840K), 0.0018644 secs] [Times: user=0.01 sys=0.00, real=0.00 secs] 
2563.831: [GC (Allocation Failure) [PSYoungGen: 103421K->1565K(103424K)] 579883K->478027K(803840K), 0.0020118 secs] [Times: user=0.01 sys=0.00, real=0.00 secs] 
2564.010: [GC (Allocation Failure) [PSYoungGen: 102941K->509K(101376K)] 579403K->477995K(801792K), 0.0018575 secs] [Times: user=0.01 sys=0.00, real=0.00 secs] 
2566.084: [GC (Allocation Failure) [PSYoungGen: 101373K->1392K(102912K)] 578859K->478894K(803328K), 0.0090875 secs] [Times: user=0.03 sys=0.01, real=0.01 secs] 
2567.177: [GC (Allocation Failure) [PSYoungGen: 101744K->1376K(101376K)] 579246K->478877K(801792K), 0.0029804 secs] [Times: user=0.01 sys=0.00, real=0.01 secs] 
2568.018: [GC (Allocation Failure) [PSYoungGen: 101216K->1408K(100864K)] 578717K->478917K(801280K), 0.0027503 secs] [Times: user=0.01 sys=0.00, real=0.00 secs] 
2568.275: [GC (Allocation Failure) [PSYoungGen: 100736K->1533K(100352K)] 578245K->479043K(800768K), 0.0018930 secs] [Times: user=0.01 sys=0.00, real=0.00 secs] 
2568.452: [GC (Allocation Failure) [PSYoungGen: 100349K->1549K(100352K)] 577859K->479059K(800768K), 0.0019841 secs] [Times: user=0.01 sys=0.00, real=0.00 secs] 
2568.802: [GC (Allocation Failure) [PSYoungGen: 99853K->432K(98816K)] 577363K->478966K(799232K), 0.0021300 secs] [Times: user=0.01 sys=0.00, real=0.00 secs] 
2569.516: [GC (Allocation Failure) [PSYoungGen: 98224K->384K(97792K)] 576758K->478917K(798208K), 0.0029027 secs] [Times: user=0.01 sys=0.00, real=0.01 secs] 
2570.521: [GC (Allocation Failure) [PSYoungGen: 97664K->384K(98816K)] 576197K->478917K(799232K), 0.0031730 secs] [Times: user=0.02 sys=0.00, real=0.00 secs] 
2571.231: [GC (Allocation Failure) [PSYoungGen: 97152K->1533K(97792K)] 575685K->480067K(798208K), 0.0023979 secs] [Times: user=0.01 sys=0.00, real=0.00 secs] 
2571.420: [GC (Allocation Failure) [PSYoungGen: 97789K->1552K(97792K)] 576323K->480086K(798208K), 0.0020614 secs] [Times: user=0.01 sys=0.00, real=0.00 secs] 
2571.589: [GC (Allocation Failure) [PSYoungGen: 97296K->1597K(97280K)] 575830K->480131K(797696K), 0.0019342 secs] [Times: user=0.01 sys=0.00, real=0.00 secs] 
2571.960: [GC (Allocation Failure) [PSYoungGen: 96829K->1440K(96768K)] 575363K->479974K(797184K), 0.0022135 secs] [Times: user=0.01 sys=0.00, real=0.00 secs] 
2572.354: [GC (Allocation Failure) [PSYoungGen: 96160K->1376K(95744K)] 574694K->479910K(796160K), 0.0021797 secs] [Times: user=0.01 sys=0.00, real=0.00 secs] 
2572.752: [GC (Allocation Failure) [PSYoungGen: 95584K->1408K(95744K)] 574118K->479942K(796160K), 0.0027861 secs] [Times: user=0.01 sys=0.00, real=0.00 secs] 
2572.992: [GC (Allocation Failure) [PSYoungGen: 95104K->1533K(94720K)] 573638K->480067K(795136K), 0.0020426 secs] [Times: user=0.01 sys=0.00, real=0.00 secs] 
2573.160: [GC (Allocation Failure) [PSYoungGen: 94717K->1504K(95744K)] 573251K->480038K(796160K), 0.0019049 secs] [Times: user=0.01 sys=0.00, real=0.00 secs] 
2573.435: [GC (Allocation Failure) [PSYoungGen: 94688K->1568K(95744K)] 573222K->480102K(796160K), 0.0023472 secs] [Times: user=0.01 sys=0.00, real=0.01 secs] 
2574.433: [GC (Allocation Failure) [PSYoungGen: 94752K->1392K(94208K)] 573286K->479942K(794624K), 0.0028017 secs] [Times: user=0.01 sys=0.00, real=0.00 secs] 
2575.641: [GC (Allocation Failure) [PSYoungGen: 94064K->1376K(93696K)] 572614K->479926K(794112K), 0.0038264 secs] [Times: user=0.02 sys=0.00, real=0.00 secs] 
2576.803: [GC (Allocation Failure) [PSYoungGen: 93412K->256K(92160K)] 571962K->478805K(792576K), 0.0046956 secs] [Times: user=0.02 sys=0.00, real=0.01 secs] 
2577.102: [GC (Allocation Failure) [PSYoungGen: 91904K->1533K(93696K)] 570453K->480083K(794112K), 0.0020574 secs] [Times: user=0.01 sys=0.00, real=0.00 secs] 
2577.263: [GC (Allocation Failure) [PSYoungGen: 92669K->1565K(92672K)] 571219K->480115K(793088K), 0.0020794 secs] [Times: user=0.01 sys=0.00, real=0.00 secs] 
2577.589: [GC (Allocation Failure) [PSYoungGen: 92189K->1440K(91648K)] 570739K->479990K(792064K), 0.0024582 secs] [Times: user=0.01 sys=0.00, real=0.00 secs] 
2578.419: [GC (Allocation Failure) [PSYoungGen: 91552K->1344K(91136K)] 570102K->479894K(791552K), 0.0031638 secs] [Times: user=0.01 sys=0.00, real=0.00 secs] 
2579.229: [GC (Allocation Failure) [PSYoungGen: 90944K->1424K(90624K)] 569494K->479974K(791040K), 0.0028908 secs] [Times: user=0.01 sys=0.00, real=0.00 secs] 
2579.962: [GC (Allocation Failure) [PSYoungGen: 90512K->1437K(90112K)] 569062K->479987K(790528K), 0.0031931 secs] [Times: user=0.02 sys=0.00, real=0.00 secs] 
2580.182: [GC (Allocation Failure) [PSYoungGen: 90013K->1501K(89600K)] 568563K->480051K(790016K), 0.0019770 secs] [Times: user=0.01 sys=0.00, real=0.00 secs] 
2580.341: [GC (Allocation Failure) [PSYoungGen: 89565K->1533K(89088K)] 568115K->480115K(789504K), 0.0017832 secs] [Times: user=0.01 sys=0.01, real=0.00 secs] 
2580.603: [GC (Allocation Failure) [PSYoungGen: 89085K->2000K(89088K)] 567667K->480582K(789504K), 0.0022355 secs] [Times: user=0.01 sys=0.00, real=0.00 secs] 
2581.744: [GC (Allocation Failure) [PSYoungGen: 89040K->352K(87040K)] 567622K->479958K(787456K), 0.0034868 secs] [Times: user=0.01 sys=0.00, real=0.01 secs] 
2582.890: [GC (Allocation Failure) [PSYoungGen: 86880K->352K(88576K)] 566486K->479958K(788992K), 0.0037032 secs] [Times: user=0.02 sys=0.00, real=0.00 secs] 
2583.866: [GC (Allocation Failure) [PSYoungGen: 86368K->400K(86016K)] 565974K->480006K(786432K), 0.0043424 secs] [Times: user=0.02 sys=0.00, real=0.01 secs] 
2584.278: [GC (Allocation Failure) [PSYoungGen: 85904K->1517K(87552K)] 565510K->481123K(787968K), 0.0019418 secs] [Times: user=0.01 sys=0.00, real=0.00 secs] 
2584.431: [GC (Allocation Failure) [PSYoungGen: 86509K->1533K(86016K)] 566115K->481139K(786432K), 0.0020346 secs] [Times: user=0.01 sys=0.00, real=0.00 secs] 
2584.607: [GC (Allocation Failure) [PSYoungGen: 86013K->1504K(89088K)] 565619K->481110K(789504K), 0.0023428 secs] [Times: user=0.01 sys=0.00, real=0.01 secs] 
2586.561: [GC (Allocation Failure) [PSYoungGen: 88032K->1376K(87552K)] 567638K->480982K(787968K), 0.0038647 secs] [Times: user=0.02 sys=0.00, real=0.00 secs] 
2588.033: [GC (Allocation Failure) [PSYoungGen: 87392K->1376K(87040K)] 566998K->480982K(787456K), 0.0038654 secs] [Times: user=0.01 sys=0.00, real=0.01 secs] 
2588.989: [GC (Allocation Failure) [PSYoungGen: 86880K->1408K(86528K)] 566486K->481022K(786944K), 0.0037449 secs] [Times: user=0.02 sys=0.00, real=0.00 secs] 
2589.601: [GC (Allocation Failure) [PSYoungGen: 86400K->1565K(86528K)] 566014K->481179K(786944K), 0.0023564 secs] [Times: user=0.01 sys=0.00, real=0.00 secs] 
2589.816: [GC (Allocation Failure) [PSYoungGen: 86045K->1568K(86016K)] 565659K->481182K(786432K), 0.0023143 secs] [Times: user=0.01 sys=0.00, real=0.01 secs] 
2590.037: [GC (Allocation Failure) [PSYoungGen: 85536K->1536K(85504K)] 565150K->481150K(785920K), 0.0026851 secs] [Times: user=0.01 sys=0.00, real=0.00 secs] 
2590.315: [GC (Allocation Failure) [PSYoungGen: 84992K->1392K(88576K)] 564606K->481006K(788992K), 0.0030482 secs] [Times: user=0.01 sys=0.00, real=0.01 secs] 
2590.989: [GC (Allocation Failure) [PSYoungGen: 88432K->1376K(88064K)] 568046K->480990K(788480K), 0.0040513 secs] [Times: user=0.02 sys=0.00, real=0.00 secs] 
2591.918: [GC (Allocation Failure) [PSYoungGen: 87904K->1328K(87552K)] 567518K->480942K(787968K), 0.0034927 secs] [Times: user=0.01 sys=0.00, real=0.00 secs] 
2592.811: [GC (Allocation Failure) [PSYoungGen: 87344K->1437K(87040K)] 566958K->481051K(787456K), 0.0025972 secs] [Times: user=0.01 sys=0.00, real=0.00 secs] 
2592.985: [GC (Allocation Failure) [PSYoungGen: 86941K->1533K(86528K)] 566555K->481147K(786944K), 0.0019170 secs] [Times: user=0.01 sys=0.00, real=0.01 secs] 
2593.137: [GC (Allocation Failure) [PSYoungGen: 86525K->1517K(87552K)] 566139K->481131K(787968K), 0.0019923 secs] [Times: user=0.00 sys=0.00, real=0.00 secs] 
2593.351: [GC (Allocation Failure) [PSYoungGen: 87021K->1392K(94208K)] 566635K->481006K(794624K), 0.0021494 secs] [Times: user=0.01 sys=0.00, real=0.00 secs] 
2593.734: [GC (Allocation Failure) [PSYoungGen: 93552K->1408K(94208K)] 573166K->481022K(794624K), 0.0021485 secs] [Times: user=0.01 sys=0.00, real=0.00 secs] 
2594.118: [GC (Allocation Failure) [PSYoungGen: 93568K->1344K(101888K)] 573182K->480958K(802304K), 0.0036212 secs] [Times: user=0.02 sys=0.00, real=0.00 secs] 
2594.533: [GC (Allocation Failure) [PSYoungGen: 101184K->1469K(100864K)] 580798K->481083K(801280K), 0.0021348 secs] [Times: user=0.01 sys=0.00, real=0.00 secs] 
2594.718: [GC (Allocation Failure) [PSYoungGen: 100797K->1549K(101376K)] 580411K->481179K(801792K), 0.0018195 secs] [Times: user=0.01 sys=0.00, real=0.00 secs] 
2594.893: [GC (Allocation Failure) [PSYoungGen: 100877K->1581K(101376K)] 580507K->481211K(801792K), 0.0024997 secs] [Times: user=0.01 sys=0.00, real=0.00 secs] 
2595.213: [GC (Allocation Failure) [PSYoungGen: 100909K->1456K(109568K)] 580539K->481086K(809984K), 0.0018741 secs] [Times: user=0.01 sys=0.00, real=0.00 secs] 
2595.838: [GC (Allocation Failure) [PSYoungGen: 109488K->1376K(109056K)] 589118K->481006K(809472K), 0.0022780 secs] [Times: user=0.01 sys=0.00, real=0.00 secs] 
2596.798: [GC (Allocation Failure) [PSYoungGen: 108896K->1344K(108544K)] 588526K->480974K(808960K), 0.0036934 secs] [Times: user=0.02 sys=0.00, real=0.00 secs] 
2597.133: [GC (Allocation Failure) [PSYoungGen: 108352K->1600K(108544K)] 587982K->481238K(808960K), 0.0019390 secs] [Times: user=0.01 sys=0.00, real=0.00 secs] 
2597.321: [GC (Allocation Failure) [PSYoungGen: 108096K->1533K(107520K)] 587734K->481179K(807936K), 0.0019266 secs] [Times: user=0.00 sys=0.00, real=0.00 secs] 
2597.733: [GC (Allocation Failure) [PSYoungGen: 107517K->1408K(107008K)] 587163K->481054K(807424K), 0.0023645 secs] [Times: user=0.01 sys=0.00, real=0.00 secs] 
2598.215: [GC (Allocation Failure) [PSYoungGen: 106880K->1408K(106496K)] 586526K->481054K(806912K), 0.0022721 secs] [Times: user=0.01 sys=0.00, real=0.01 secs] 
2598.652: [GC (Allocation Failure) [PSYoungGen: 106368K->1344K(105984K)] 586014K->480990K(806400K), 0.0023945 secs] [Times: user=0.01 sys=0.00, real=0.00 secs] 
2598.914: [GC (Allocation Failure) [PSYoungGen: 105790K->1501K(105472K)] 585436K->481147K(805888K), 0.0017986 secs] [Times: user=0.01 sys=0.00, real=0.00 secs] 
2599.099: [GC (Allocation Failure) [PSYoungGen: 105437K->1533K(104960K)] 585083K->481179K(805376K), 0.0019987 secs] [Times: user=0.01 sys=0.00, real=0.00 secs] 
2600.238: [GC (Allocation Failure) [PSYoungGen: 104957K->1488K(104448K)] 584603K->481134K(804864K), 0.0056161 secs] [Times: user=0.02 sys=0.00, real=0.00 secs] 
2601.765: [GC (Allocation Failure) [PSYoungGen: 104400K->1408K(103936K)] 584046K->481054K(804352K), 0.0055420 secs] [Times: user=0.03 sys=0.00, real=0.01 secs] 
2603.304: [GC (Allocation Failure) [PSYoungGen: 103808K->1376K(103424K)] 583454K->481022K(803840K), 0.0036486 secs] [Times: user=0.02 sys=0.00, real=0.01 secs] 
2604.034: [GC (Allocation Failure) [PSYoungGen: 103264K->1504K(102912K)] 582910K->481150K(803328K), 0.0023955 secs] [Times: user=0.01 sys=0.00, real=0.00 secs] 
2604.218: [GC (Allocation Failure) [PSYoungGen: 102880K->1501K(102400K)] 582526K->481147K(802816K), 0.0019558 secs] [Times: user=0.01 sys=0.00, real=0.00 secs] 
2604.537: [GC (Allocation Failure) [PSYoungGen: 102365K->2016K(102400K)] 582011K->481662K(802816K), 0.0025618 secs] [Times: user=0.01 sys=0.00, real=0.01 secs] 
2605.947: [GC (Allocation Failure) [PSYoungGen: 102368K->384K(100352K)] 582014K->481054K(800768K), 0.0056591 secs] [Times: user=0.02 sys=0.00, real=0.01 secs] 
2607.546: [GC (Allocation Failure) [PSYoungGen: 100224K->352K(101376K)] 580894K->481022K(801792K), 0.0052937 secs] [Times: user=0.02 sys=0.00, real=0.01 secs] 
2608.465: [GC (Allocation Failure) [PSYoungGen: 99680K->1533K(100864K)] 580350K->482203K(801280K), 0.0025616 secs] [Times: user=0.01 sys=0.00, real=0.01 secs] 
2608.666: [GC (Allocation Failure) [PSYoungGen: 100349K->1581K(100352K)] 581019K->482251K(800768K), 0.0019932 secs] [Times: user=0.01 sys=0.00, real=0.01 secs] 
2608.842: [GC (Allocation Failure) [PSYoungGen: 99885K->1565K(99840K)] 580555K->482243K(800256K), 0.0018875 secs] [Times: user=0.01 sys=0.00, real=0.00 secs] 
2609.434: [GC (Allocation Failure) [PSYoungGen: 99357K->1472K(98816K)] 580035K->482150K(799232K), 0.0022358 secs] [Times: user=0.01 sys=0.00, real=0.00 secs] 
2610.450: [GC (Allocation Failure) [PSYoungGen: 98752K->1376K(98304K)] 579430K->482054K(798720K), 0.0025155 secs] [Times: user=0.01 sys=0.00, real=0.00 secs] 
2611.639: [GC (Allocation Failure) [PSYoungGen: 98144K->1392K(97792K)] 578822K->482070K(798208K), 0.0024952 secs] [Times: user=0.01 sys=0.00, real=0.00 secs] 
2612.049: [GC (Allocation Failure) [PSYoungGen: 97648K->1501K(97280K)] 578326K->482179K(797696K), 0.0017895 secs] [Times: user=0.01 sys=0.00, real=0.00 secs] 
2612.217: [GC (Allocation Failure) [PSYoungGen: 97245K->1533K(96768K)] 577923K->482211K(797184K), 0.0019282 secs] [Times: user=0.01 sys=0.00, real=0.00 secs] 
2612.431: [GC (Allocation Failure) [PSYoungGen: 96765K->1504K(96256K)] 577443K->482238K(796672K), 0.0021112 secs] [Times: user=0.01 sys=0.00, real=0.00 secs] 
2615.644: [GC (Allocation Failure) [PSYoungGen: 96224K->1392K(95744K)] 576958K->482126K(796160K), 0.0056651 secs] [Times: user=0.02 sys=0.00, real=0.01 secs] 
2617.251: [GC (Allocation Failure) [PSYoungGen: 95600K->1344K(95232K)] 576334K->482078K(795648K), 0.0051335 secs] [Times: user=0.02 sys=0.00, real=0.00 secs] 
2618.405: [GC (Allocation Failure) [PSYoungGen: 95040K->1504K(94720K)] 575774K->482238K(795136K), 0.0035030 secs] [Times: user=0.01 sys=0.00, real=0.01 secs] 
2618.642: [GC (Allocation Failure) [PSYoungGen: 94688K->1520K(94208K)] 575422K->482315K(794624K), 0.0017830 secs] [Times: user=0.00 sys=0.00, real=0.00 secs] 
2618.805: [GC (Allocation Failure) [PSYoungGen: 94192K->1552K(94208K)] 574987K->482355K(794624K), 0.0020304 secs] [Times: user=0.01 sys=0.00, real=0.01 secs] 
2619.265: [GC (Allocation Failure) [PSYoungGen: 93712K->512K(92672K)] 574515K->482339K(793088K), 0.0051416 secs] [Times: user=0.02 sys=0.00, real=0.01 secs] 
2620.451: [GC (Allocation Failure) [PSYoungGen: 92160K->464K(91648K)] 573987K->482291K(792064K), 0.0031756 secs] [Times: user=0.01 sys=0.00, real=0.00 secs] 
2621.287: [GC (Allocation Failure) [PSYoungGen: 91600K->448K(92672K)] 573427K->482275K(793088K), 0.0028893 secs] [Times: user=0.02 sys=0.00, real=0.01 secs] 
2621.972: [GC (Allocation Failure) [PSYoungGen: 91072K->1501K(91648K)] 572899K->483328K(792064K), 0.0028218 secs] [Times: user=0.01 sys=0.00, real=0.00 secs] 
2622.171: [GC (Allocation Failure) [PSYoungGen: 91613K->1549K(91648K)] 573440K->483376K(792064K), 0.0019702 secs] [Times: user=0.01 sys=0.01, real=0.00 secs] 
2622.331: [GC (Allocation Failure) [PSYoungGen: 91149K->1597K(91136K)] 572976K->483424K(791552K), 0.0020065 secs] [Times: user=0.01 sys=0.00, real=0.00 secs] 
2622.584: [GC (Allocation Failure) [PSYoungGen: 90685K->1488K(91648K)] 572512K->483315K(792064K), 0.0027619 secs] [Times: user=0.02 sys=0.00, real=0.00 secs] 
2622.981: [GC (Allocation Failure) [PSYoungGen: 90576K->1408K(90112K)] 572403K->483235K(790528K), 0.0021807 secs] [Times: user=0.01 sys=0.00, real=0.00 secs] 
2623.724: [GC (Allocation Failure) [PSYoungGen: 89984K->1440K(90112K)] 571811K->483267K(790528K), 0.0039430 secs] [Times: user=0.01 sys=0.00, real=0.01 secs] 
2624.431: [GC (Allocation Failure) [PSYoungGen: 89504K->1485K(89088K)] 571331K->483368K(789504K), 0.0026441 secs] [Times: user=0.01 sys=0.00, real=0.00 secs] 
2624.618: [GC (Allocation Failure) [PSYoungGen: 89037K->1517K(89088K)] 570920K->483400K(789504K), 0.0020357 secs] [Times: user=0.01 sys=0.00, real=0.00 secs] 
2624.771: [GC (Allocation Failure) [PSYoungGen: 88557K->1533K(89600K)] 570440K->483416K(790016K), 0.0018351 secs] [Times: user=0.01 sys=0.00, real=0.00 secs] 
2625.069: [GC (Allocation Failure) [PSYoungGen: 88573K->1456K(95744K)] 570456K->483363K(796160K), 0.0022170 secs] [Times: user=0.01 sys=0.00, real=0.00 secs] 
2626.435: [GC (Allocation Failure) [PSYoungGen: 95664K->1376K(95232K)] 577571K->483283K(795648K), 0.0028904 secs] [Times: user=0.01 sys=0.00, real=0.01 secs] 
2628.151: [GC (Allocation Failure) [PSYoungGen: 95072K->1376K(94720K)] 576979K->483283K(795136K), 0.0030926 secs] [Times: user=0.01 sys=0.00, real=0.00 secs] 
2629.220: [GC (Allocation Failure) [PSYoungGen: 94560K->1469K(94208K)] 576467K->483376K(794624K), 0.0026431 secs] [Times: user=0.01 sys=0.00, real=0.00 secs] 
2629.404: [GC (Allocation Failure) [PSYoungGen: 94141K->1549K(94208K)] 576048K->483456K(794624K), 0.0019721 secs] [Times: user=0.01 sys=0.00, real=0.00 secs] 
2629.598: [GC (Allocation Failure) [PSYoungGen: 93709K->1549K(93696K)] 575616K->483456K(794112K), 0.0024347 secs] [Times: user=0.01 sys=0.00, real=0.00 secs] 
2629.919: [GC (Allocation Failure) [PSYoungGen: 93197K->448K(91648K)] 575104K->483379K(792064K), 0.0025447 secs] [Times: user=0.01 sys=0.00, real=0.00 secs] 
2630.334: [GC (Allocation Failure) [PSYoungGen: 91584K->320K(92672K)] 574515K->483251K(793088K), 0.0023809 secs] [Times: user=0.01 sys=0.00, real=0.01 secs] 
2630.997: [GC (Allocation Failure) [PSYoungGen: 90944K->384K(92160K)] 573875K->483315K(792576K), 0.0021989 secs] [Times: user=0.01 sys=0.00, real=0.00 secs] 
2631.927: [GC (Allocation Failure) [PSYoungGen: 90496K->1437K(91136K)] 573427K->484368K(791552K), 0.0025882 secs] [Times: user=0.01 sys=0.00, real=0.00 secs] 
2632.104: [GC (Allocation Failure) [PSYoungGen: 91037K->1533K(91136K)] 573968K->484464K(791552K), 0.0021196 secs] [Times: user=0.00 sys=0.00, real=0.00 secs] 
2632.262: [GC (Allocation Failure) [PSYoungGen: 90621K->1501K(91648K)] 573552K->484432K(792064K), 0.0024626 secs] [Times: user=0.01 sys=0.00, real=0.00 secs] 
2632.606: [GC (Allocation Failure) [PSYoungGen: 90589K->1440K(98304K)] 573520K->484371K(798720K), 0.0019678 secs] [Times: user=0.01 sys=0.00, real=0.01 secs] 
2633.624: [GC (Allocation Failure) [PSYoungGen: 97696K->1376K(97280K)] 580627K->484307K(797696K), 0.0047598 secs] [Times: user=0.01 sys=0.00, real=0.01 secs] 
2635.252: [GC (Allocation Failure) [PSYoungGen: 97120K->1376K(97280K)] 580051K->484307K(797696K), 0.0047561 secs] [Times: user=0.02 sys=0.00, real=0.00 secs] 
2636.223: [GC (Allocation Failure) [PSYoungGen: 96608K->1469K(96256K)] 579539K->484400K(796672K), 0.0027019 secs] [Times: user=0.02 sys=0.00, real=0.00 secs] 
2636.426: [GC (Allocation Failure) [PSYoungGen: 96189K->1581K(96256K)] 579120K->484512K(796672K), 0.0019250 secs] [Times: user=0.00 sys=0.00, real=0.01 secs] 
2636.593: [GC (Allocation Failure) [PSYoungGen: 95789K->1533K(95232K)] 578720K->484488K(795648K), 0.0021320 secs] [Times: user=0.01 sys=0.00, real=0.00 secs] 
2637.075: [GC (Allocation Failure) [PSYoungGen: 95229K->1456K(95232K)] 578184K->484411K(795648K), 0.0022226 secs] [Times: user=0.01 sys=0.00, real=0.01 secs] 
2638.004: [GC (Allocation Failure) [PSYoungGen: 94640K->1376K(94208K)] 577595K->484331K(794624K), 0.0034183 secs] [Times: user=0.02 sys=0.00, real=0.01 secs] 
2639.052: [GC (Allocation Failure) [PSYoungGen: 94048K->1408K(93696K)] 577003K->484363K(794112K), 0.0034600 secs] [Times: user=0.01 sys=0.00, real=0.00 secs] 
2639.691: [GC (Allocation Failure) [PSYoungGen: 93568K->1552K(93696K)] 576523K->484507K(794112K), 0.0024208 secs] [Times: user=0.01 sys=0.00, real=0.00 secs] 
2639.870: [GC (Allocation Failure) [PSYoungGen: 93200K->1517K(92672K)] 576155K->484504K(793088K), 0.0019056 secs] [Times: user=0.01 sys=0.00, real=0.00 secs] 
2640.031: [GC (Allocation Failure) [PSYoungGen: 92653K->1565K(92672K)] 575640K->484552K(793088K), 0.0019883 secs] [Times: user=0.01 sys=0.00, real=0.00 secs] 
2640.404: [GC (Allocation Failure) [PSYoungGen: 92189K->416K(91136K)] 575176K->484427K(791552K), 0.0026837 secs] [Times: user=0.01 sys=0.00, real=0.01 secs] 
2640.779: [GC (Allocation Failure) [PSYoungGen: 90528K->400K(90112K)] 574539K->484411K(790528K), 0.0024225 secs] [Times: user=0.01 sys=0.00, real=0.00 secs] 
2641.151: [GC (Allocation Failure) [PSYoungGen: 90000K->384K(91136K)] 574011K->484395K(791552K), 0.0023159 secs] [Times: user=0.01 sys=0.00, real=0.00 secs] 
2641.441: [GC (Allocation Failure) [PSYoungGen: 89472K->1488K(90112K)] 573483K->485499K(790528K), 0.0026101 secs] [Times: user=0.01 sys=0.00, real=0.00 secs] 
2641.639: [GC (Allocation Failure) [PSYoungGen: 90064K->1533K(90112K)] 574075K->485544K(790528K), 0.0020170 secs] [Times: user=0.01 sys=0.00, real=0.00 secs] 
2641.798: [GC (Allocation Failure) [PSYoungGen: 89597K->1501K(90624K)] 573608K->485512K(791040K), 0.0018974 secs] [Times: user=0.01 sys=0.00, real=0.00 secs] 
2642.915: [GC (Allocation Failure) [PSYoungGen: 89565K->1408K(89088K)] 573576K->485419K(789504K), 0.0049972 secs] [Times: user=0.02 sys=0.00, real=0.01 secs] 
2643.957: [GC (Allocation Failure) [PSYoungGen: 88960K->1408K(88576K)] 572971K->485419K(788992K), 0.0032045 secs] [Times: user=0.01 sys=0.00, real=0.00 secs] 
2644.885: [GC (Allocation Failure) [PSYoungGen: 88448K->1392K(88064K)] 572459K->485403K(788480K), 0.0041132 secs] [Times: user=0.02 sys=0.01, real=0.01 secs] 
2645.477: [GC (Allocation Failure) [PSYoungGen: 87920K->1565K(88064K)] 571931K->485584K(788480K), 0.0025439 secs] [Times: user=0.01 sys=0.01, real=0.01 secs] 
2645.652: [GC (Allocation Failure) [PSYoungGen: 87581K->1533K(87040K)] 571600K->485576K(787456K), 0.0019917 secs] [Times: user=0.01 sys=0.00, real=0.00 secs] 
2645.802: [GC (Allocation Failure) [PSYoungGen: 87037K->1472K(93696K)] 571080K->485515K(794112K), 0.0019102 secs] [Times: user=0.00 sys=0.00, real=0.00 secs] 
2646.138: [GC (Allocation Failure) [PSYoungGen: 92608K->1424K(92160K)] 576651K->485467K(792576K), 0.0021514 secs] [Times: user=0.01 sys=0.00, real=0.00 secs] 
2646.515: [GC (Allocation Failure) [PSYoungGen: 92048K->1376K(91648K)] 576091K->485419K(792064K), 0.0021477 secs] [Times: user=0.01 sys=0.00, real=0.01 secs] 
2646.889: [GC (Allocation Failure) [PSYoungGen: 91488K->1376K(91136K)] 575531K->485419K(791552K), 0.0021561 secs] [Times: user=0.01 sys=0.00, real=0.00 secs] 
2647.192: [GC (Allocation Failure) [PSYoungGen: 90976K->1485K(90624K)] 575019K->485528K(791040K), 0.0019098 secs] [Times: user=0.01 sys=0.00, real=0.00 secs] 
2647.354: [GC (Allocation Failure) [PSYoungGen: 90573K->1533K(90112K)] 574616K->485576K(790528K), 0.0019256 secs] [Times: user=0.01 sys=0.00, real=0.00 secs] 
2647.513: [GC (Allocation Failure) [PSYoungGen: 90109K->1533K(92160K)] 574152K->485576K(792576K), 0.0019234 secs] [Times: user=0.01 sys=0.00, real=0.00 secs] 
2648.026: [GC (Allocation Failure) [PSYoungGen: 91645K->1456K(91136K)] 575688K->485499K(791552K), 0.0021734 secs] [Times: user=0.01 sys=0.00, real=0.01 secs] 
2648.756: [GC (Allocation Failure) [PSYoungGen: 91056K->1344K(90624K)] 575099K->485387K(791040K), 0.0026305 secs] [Times: user=0.01 sys=0.00, real=0.01 secs] 
2649.582: [GC (Allocation Failure) [PSYoungGen: 90432K->1376K(90112K)] 574475K->485419K(790528K), 0.0048988 secs] [Times: user=0.02 sys=0.01, real=0.01 secs] 
2650.089: [GC (Allocation Failure) [PSYoungGen: 89952K->1536K(90112K)] 573995K->485587K(790528K), 0.0024163 secs] [Times: user=0.01 sys=0.00, real=0.00 secs] 
2650.257: [GC (Allocation Failure) [PSYoungGen: 89600K->509K(88064K)] 573651K->485584K(788480K), 0.0022005 secs] [Times: user=0.01 sys=0.00, real=0.00 secs] 
2650.412: [GC (Allocation Failure) [PSYoungGen: 88061K->496K(95232K)] 573136K->485579K(795648K), 0.0017234 secs] [Times: user=0.01 sys=0.00, real=0.00 secs] 
2651.264: [GC (Allocation Failure) [PSYoungGen: 93680K->1472K(94208K)] 578763K->486555K(794624K), 0.0027273 secs] [Times: user=0.02 sys=0.00, real=0.01 secs] 
2652.636: [GC (Allocation Failure) [PSYoungGen: 94144K->1424K(93696K)] 579227K->486507K(794112K), 0.0040988 secs] [Times: user=0.02 sys=0.00, real=0.01 secs] 
2653.989: [GC (Allocation Failure) [PSYoungGen: 93584K->1408K(93184K)] 578667K->486491K(793600K), 0.0040477 secs] [Times: user=0.02 sys=0.00, real=0.00 secs] 
2654.763: [GC (Allocation Failure) [PSYoungGen: 93056K->1533K(92672K)] 578139K->486616K(793088K), 0.0025901 secs] [Times: user=0.01 sys=0.01, real=0.00 secs] 
2654.937: [GC (Allocation Failure) [PSYoungGen: 92669K->1501K(92160K)] 577752K->486584K(792576K), 0.0024134 secs] [Times: user=0.01 sys=0.00, real=0.01 secs] 
2655.098: [GC (Allocation Failure) [PSYoungGen: 92125K->1501K(94720K)] 577208K->486584K(795136K), 0.0018932 secs] [Times: user=0.01 sys=0.00, real=0.00 secs] 
2655.959: [GC (Allocation Failure) [PSYoungGen: 94173K->1392K(93696K)] 579256K->486475K(794112K), 0.0033858 secs] [Times: user=0.01 sys=0.00, real=0.00 secs] 
2657.071: [GC (Allocation Failure) [PSYoungGen: 93552K->1424K(93184K)] 578635K->486507K(793600K), 0.0031509 secs] [Times: user=0.01 sys=0.00, real=0.00 secs] 
2658.185: [GC (Allocation Failure) [PSYoungGen: 93072K->1440K(92672K)] 578155K->486531K(793088K), 0.0032092 secs] [Times: user=0.01 sys=0.00, real=0.01 secs] 
2658.715: [GC (Allocation Failure) [PSYoungGen: 92576K->1565K(92672K)] 577667K->486656K(793088K), 0.0024916 secs] [Times: user=0.01 sys=0.00, real=0.01 secs] 
2658.879: [GC (Allocation Failure) [PSYoungGen: 92189K->477K(90624K)] 577280K->486592K(791040K), 0.0018455 secs] [Times: user=0.00 sys=0.00, real=0.00 secs] 
2659.039: [GC (Allocation Failure) [PSYoungGen: 90589K->461K(90112K)] 576704K->486576K(790528K), 0.0017547 secs] [Times: user=0.01 sys=0.00, real=0.00 secs] 
2659.913: [GC (Allocation Failure) [PSYoungGen: 90061K->1376K(90624K)] 576176K->487499K(791040K), 0.0024498 secs] [Times: user=0.01 sys=0.00, real=0.00 secs] 
2660.992: [GC (Allocation Failure) [PSYoungGen: 90464K->1408K(90112K)] 576587K->487531K(790528K), 0.0025400 secs] [Times: user=0.01 sys=0.00, real=0.00 secs] 
2661.733: [GC (Allocation Failure) [PSYoungGen: 89984K->1392K(89600K)] 576107K->487515K(790016K), 0.0026688 secs] [Times: user=0.01 sys=0.00, real=0.00 secs] 
2662.307: [GC (Allocation Failure) [PSYoungGen: 89456K->1533K(89088K)] 575579K->487664K(789504K), 0.0023007 secs] [Times: user=0.01 sys=0.00, real=0.00 secs] 
2662.464: [GC (Allocation Failure) [PSYoungGen: 89068K->1533K(88576K)] 575199K->487664K(788992K), 0.0019497 secs] [Times: user=0.01 sys=0.00, real=0.00 secs] 
2662.620: [GC (Allocation Failure) [PSYoungGen: 88573K->1501K(93184K)] 574704K->487632K(793600K), 0.0020347 secs] [Times: user=0.01 sys=0.00, real=0.00 secs] 
2663.479: [GC (Allocation Failure) [PSYoungGen: 92125K->1424K(91648K)] 578256K->487555K(792064K), 0.0037657 secs] [Times: user=0.01 sys=0.00, real=0.00 secs] 
2664.238: [GC (Allocation Failure) [PSYoungGen: 91536K->1408K(91136K)] 577667K->487539K(791552K), 0.0026397 secs] [Times: user=0.01 sys=0.00, real=0.00 secs] 
2664.983: [GC (Allocation Failure) [PSYoungGen: 91008K->1392K(90624K)] 577139K->487523K(791040K), 0.0026421 secs] [Times: user=0.01 sys=0.00, real=0.00 secs] 
2665.561: [GC (Allocation Failure) [PSYoungGen: 90480K->1533K(90112K)] 576611K->487664K(790528K), 0.0023364 secs] [Times: user=0.01 sys=0.01, real=0.00 secs] 
2665.721: [GC (Allocation Failure) [PSYoungGen: 90109K->1533K(89600K)] 576240K->487696K(790016K), 0.0018383 secs] [Times: user=0.01 sys=0.00, real=0.00 secs] 
2665.879: [GC (Allocation Failure) [PSYoungGen: 89597K->1517K(94208K)] 575760K->487704K(794624K), 0.0019938 secs] [Times: user=0.01 sys=0.00, real=0.00 secs] 
2666.935: [GC (Allocation Failure) [PSYoungGen: 93677K->1408K(93184K)] 579864K->487595K(793600K), 0.0062794 secs] [Times: user=0.02 sys=0.00, real=0.01 secs] 
2668.177: [GC (Allocation Failure) [PSYoungGen: 93056K->1408K(92672K)] 579243K->487595K(793088K), 0.0040155 secs] [Times: user=0.02 sys=0.00, real=0.00 secs] 
2669.030: [GC (Allocation Failure) [PSYoungGen: 92544K->1408K(92160K)] 578731K->487595K(792576K), 0.0037281 secs] [Times: user=0.02 sys=0.00, real=0.00 secs] 
2669.644: [GC (Allocation Failure) [PSYoungGen: 92032K->1501K(91648K)] 578219K->487688K(792064K), 0.0025706 secs] [Times: user=0.01 sys=0.00, real=0.00 secs] 
2669.816: [GC (Allocation Failure) [PSYoungGen: 91613K->1520K(91136K)] 577800K->487707K(791552K), 0.0018518 secs] [Times: user=0.01 sys=0.00, real=0.01 secs] 
2669.978: [GC (Allocation Failure) [PSYoungGen: 91120K->1501K(90624K)] 577307K->487688K(791040K), 0.0019516 secs] [Times: user=0.01 sys=0.00, real=0.00 secs] 
2670.520: [GC (Allocation Failure) [PSYoungGen: 90589K->1456K(90112K)] 576776K->487643K(790528K), 0.0027414 secs] [Times: user=0.01 sys=0.00, real=0.00 secs] 
2671.592: [GC (Allocation Failure) [PSYoungGen: 90032K->1392K(89600K)] 576219K->487579K(790016K), 0.0041720 secs] [Times: user=0.02 sys=0.00, real=0.00 secs] 
2672.349: [GC (Allocation Failure) [PSYoungGen: 89456K->1424K(89088K)] 575643K->487611K(789504K), 0.0024586 secs] [Times: user=0.01 sys=0.00, real=0.00 secs] 
2673.023: [GC (Allocation Failure) [PSYoungGen: 88976K->1453K(88576K)] 575163K->487640K(788992K), 0.0024909 secs] [Times: user=0.01 sys=0.00, real=0.00 secs] 
2673.185: [GC (Allocation Failure) [PSYoungGen: 88493K->1517K(88064K)] 574680K->487744K(788480K), 0.0019990 secs] [Times: user=0.01 sys=0.00, real=0.01 secs] 
2673.341: [GC (Allocation Failure) [PSYoungGen: 88045K->1517K(92160K)] 574272K->487744K(792576K), 0.0018542 secs] [Times: user=0.01 sys=0.00, real=0.00 secs] 
2673.815: [GC (Allocation Failure) [PSYoungGen: 91629K->1424K(91136K)] 577856K->487651K(791552K), 0.0024567 secs] [Times: user=0.01 sys=0.01, real=0.01 secs] 
2674.544: [GC (Allocation Failure) [PSYoungGen: 91024K->1392K(90624K)] 577251K->487619K(791040K), 0.0022160 secs] [Times: user=0.01 sys=0.00, real=0.00 secs] 
2675.278: [GC (Allocation Failure) [PSYoungGen: 90480K->1360K(90112K)] 576707K->487587K(790528K), 0.0021198 secs] [Times: user=0.01 sys=0.00, real=0.00 secs] 
2675.910: [GC (Allocation Failure) [PSYoungGen: 89936K->1501K(89600K)] 576163K->487736K(790016K), 0.0023163 secs] [Times: user=0.01 sys=0.00, real=0.00 secs] 
2676.072: [GC (Allocation Failure) [PSYoungGen: 89565K->1501K(89088K)] 575800K->487768K(789504K), 0.0019375 secs] [Times: user=0.01 sys=0.00, real=0.00 secs] 
2676.256: [GC (Allocation Failure) [PSYoungGen: 89053K->1533K(93184K)] 575320K->487800K(793600K), 0.0024523 secs] [Times: user=0.01 sys=0.00, real=0.01 secs] 
2676.603: [GC (Allocation Failure) [PSYoungGen: 92669K->1408K(92160K)] 578936K->487675K(792576K), 0.0024344 secs] [Times: user=0.01 sys=0.00, real=0.00 secs] 
2677.025: [GC (Allocation Failure) [PSYoungGen: 92032K->1376K(91648K)] 578299K->487643K(792064K), 0.0026302 secs] [Times: user=0.01 sys=0.00, real=0.01 secs] 
2677.657: [GC (Allocation Failure) [PSYoungGen: 91488K->1376K(91136K)] 577755K->487643K(791552K), 0.0021618 secs] [Times: user=0.01 sys=0.00, real=0.00 secs] 
2678.232: [GC (Allocation Failure) [PSYoungGen: 90976K->1485K(90624K)] 577243K->487760K(791040K), 0.0020179 secs] [Times: user=0.01 sys=0.00, real=0.00 secs] 
2678.389: [GC (Allocation Failure) [PSYoungGen: 90573K->1504K(90112K)] 576848K->487811K(790528K), 0.0019424 secs] [Times: user=0.01 sys=0.00, real=0.00 secs] 
2678.546: [GC (Allocation Failure) [PSYoungGen: 90080K->1533K(94720K)] 576387K->487848K(795136K), 0.0019155 secs] [Times: user=0.00 sys=0.00, real=0.01 secs] 
2679.056: [GC (Allocation Failure) [PSYoungGen: 94205K->1456K(93696K)] 580520K->487771K(794112K), 0.0022356 secs] [Times: user=0.01 sys=0.00, real=0.01 secs] 
2679.579: [GC (Allocation Failure) [PSYoungGen: 93616K->1376K(93184K)] 579931K->487699K(793600K), 0.0028212 secs] [Times: user=0.01 sys=0.00, real=0.00 secs] 
2680.079: [GC (Allocation Failure) [PSYoungGen: 93024K->1376K(92672K)] 579347K->487699K(793088K), 0.0025423 secs] [Times: user=0.02 sys=0.00, real=0.00 secs] 
2680.678: [GC (Allocation Failure) [PSYoungGen: 92512K->1533K(92160K)] 578835K->487856K(792576K), 0.0027003 secs] [Times: user=0.01 sys=0.00, real=0.00 secs] 
2680.899: [GC (Allocation Failure) [PSYoungGen: 92157K->1504K(91648K)] 578480K->487859K(792064K), 0.0018993 secs] [Times: user=0.01 sys=0.00, real=0.00 secs] 
2681.089: [GC (Allocation Failure) [PSYoungGen: 91616K->1533K(91136K)] 577971K->487888K(791552K), 0.0023587 secs] [Times: user=0.01 sys=0.00, real=0.00 secs] 
2681.636: [GC (Allocation Failure) [PSYoungGen: 91133K->1440K(90624K)] 577488K->487795K(791040K), 0.0036692 secs] [Times: user=0.02 sys=0.00, real=0.01 secs] 
2682.330: [GC (Allocation Failure) [PSYoungGen: 90528K->1376K(90112K)] 576883K->487731K(790528K), 0.0038033 secs] [Times: user=0.02 sys=0.00, real=0.00 secs] 
2683.045: [GC (Allocation Failure) [PSYoungGen: 89952K->1408K(89600K)] 576307K->487763K(790016K), 0.0038317 secs] [Times: user=0.02 sys=0.00, real=0.01 secs] 
2683.943: [GC (Allocation Failure) [PSYoungGen: 89472K->1421K(89088K)] 575827K->487776K(789504K), 0.0030659 secs] [Times: user=0.01 sys=0.00, real=0.00 secs] 
2684.142: [GC (Allocation Failure) [PSYoungGen: 88973K->1533K(88576K)] 575328K->487888K(788992K), 0.0020188 secs] [Times: user=0.01 sys=0.00, real=0.00 secs] 
2684.297: [GC (Allocation Failure) [PSYoungGen: 88573K->1565K(92672K)] 574928K->487952K(793088K), 0.0020177 secs] [Times: user=0.01 sys=0.00, real=0.00 secs] 
2684.789: [GC (Allocation Failure) [PSYoungGen: 92189K->1456K(91648K)] 578576K->487843K(792064K), 0.0023227 secs] [Times: user=0.01 sys=0.00, real=0.00 secs] 
2685.250: [GC (Allocation Failure) [PSYoungGen: 91568K->1408K(91136K)] 577955K->487795K(791552K), 0.0024624 secs] [Times: user=0.01 sys=0.00, real=0.00 secs] 
2685.971: [GC (Allocation Failure) [PSYoungGen: 91008K->1344K(90624K)] 577395K->487731K(791040K), 0.0022767 secs] [Times: user=0.01 sys=0.00, real=0.00 secs] 
2686.812: [GC (Allocation Failure) [PSYoungGen: 90432K->1408K(90112K)] 576819K->487795K(790528K), 0.0033619 secs] [Times: user=0.01 sys=0.00, real=0.00 secs] 
2687.026: [GC (Allocation Failure) [PSYoungGen: 89984K->1533K(89600K)] 576371K->487920K(790016K), 0.0018181 secs] [Times: user=0.01 sys=0.00, real=0.01 secs] 
2687.183: [GC (Allocation Failure) [PSYoungGen: 89597K->1533K(89088K)] 575984K->487920K(789504K), 0.0019444 secs] [Times: user=0.00 sys=0.00, real=0.00 secs] 
2688.110: [GC (Allocation Failure) [PSYoungGen: 89085K->1488K(88576K)] 575472K->487875K(788992K), 0.0059852 secs] [Times: user=0.02 sys=0.00, real=0.00 secs] 
2689.422: [GC (Allocation Failure) [PSYoungGen: 88528K->1408K(88064K)] 574915K->487795K(788480K), 0.0036603 secs] [Times: user=0.01 sys=0.00, real=0.00 secs] 
2690.649: [GC (Allocation Failure) [PSYoungGen: 87936K->1408K(87552K)] 574323K->487795K(787968K), 0.0046171 secs] [Times: user=0.02 sys=0.00, real=0.00 secs] 
2691.482: [GC (Allocation Failure) [PSYoungGen: 87424K->1469K(87040K)] 573811K->487856K(787456K), 0.0033394 secs] [Times: user=0.01 sys=0.00, real=0.00 secs] 
2691.696: [GC (Allocation Failure) [PSYoungGen: 86973K->1504K(86528K)] 573360K->487931K(786944K), 0.0017932 secs] [Times: user=0.01 sys=0.00, real=0.01 secs] 
2691.849: [GC (Allocation Failure) [PSYoungGen: 86496K->1504K(86016K)] 572923K->487931K(786432K), 0.0019387 secs] [Times: user=0.00 sys=0.00, real=0.00 secs] 
2692.278: [GC (Allocation Failure) [PSYoungGen: 85984K->1520K(85504K)] 572411K->488105K(785920K), 0.0041432 secs] [Times: user=0.02 sys=0.00, real=0.00 secs] 
2693.255: [GC (Allocation Failure) [PSYoungGen: 85488K->1312K(84992K)] 572073K->487897K(785408K), 0.0034325 secs] [Times: user=0.01 sys=0.00, real=0.01 secs] 
2694.103: [GC (Allocation Failure) [PSYoungGen: 84768K->1312K(84480K)] 571353K->487897K(784896K), 0.0039152 secs] [Times: user=0.02 sys=0.00, real=0.01 secs] 
2694.816: [GC (Allocation Failure) [PSYoungGen: 84256K->1312K(83968K)] 570841K->487897K(784384K), 0.0033071 secs] [Times: user=0.01 sys=0.00, real=0.01 secs] 
2695.401: [GC (Allocation Failure) [PSYoungGen: 83744K->1501K(83456K)] 570329K->488086K(783872K), 0.0023196 secs] [Times: user=0.01 sys=0.00, real=0.00 secs] 
2695.552: [GC (Allocation Failure) [PSYoungGen: 83421K->1533K(82944K)] 570006K->488118K(783360K), 0.0019964 secs] [Times: user=0.01 sys=0.00, real=0.00 secs] 
2695.699: [GC (Allocation Failure) [PSYoungGen: 82941K->1472K(86528K)] 569526K->488057K(786944K), 0.0019850 secs] [Times: user=0.00 sys=0.00, real=0.00 secs] 
2696.763: [GC (Allocation Failure) [PSYoungGen: 86464K->1536K(86528K)] 573049K->488121K(786944K), 0.0054123 secs] [Times: user=0.02 sys=0.00, real=0.01 secs] 
2697.508: [GC (Allocation Failure) [PSYoungGen: 86016K->1504K(85504K)] 572601K->488097K(785920K), 0.0026788 secs] [Times: user=0.01 sys=0.00, real=0.00 secs] 
2697.923: [GC (Allocation Failure) [PSYoungGen: 85472K->1504K(84992K)] 572065K->488105K(785408K), 0.0026057 secs] [Times: user=0.01 sys=0.00, real=0.00 secs] 
2698.416: [GC (Allocation Failure) [PSYoungGen: 84960K->1533K(84480K)] 571561K->488174K(784896K), 0.0020779 secs] [Times: user=0.00 sys=0.00, real=0.01 secs] 
2698.576: [GC (Allocation Failure) [PSYoungGen: 84477K->1565K(84480K)] 571118K->488206K(784896K), 0.0019713 secs] [Times: user=0.00 sys=0.00, real=0.01 secs] 
2698.723: [GC (Allocation Failure) [PSYoungGen: 83997K->541K(84480K)] 570638K->488206K(784896K), 0.0019337 secs] [Times: user=0.01 sys=0.00, real=0.00 secs] 
2698.945: [GC (Allocation Failure) [PSYoungGen: 83997K->2016K(85504K)] 571662K->489721K(785920K), 0.0020732 secs] [Times: user=0.01 sys=0.00, real=0.01 secs] 
2699.677: [GC (Allocation Failure) [PSYoungGen: 85472K->1376K(84480K)] 573177K->489191K(784896K), 0.0023315 secs] [Times: user=0.01 sys=0.00, real=0.00 secs] 
2700.383: [GC (Allocation Failure) [PSYoungGen: 84320K->1376K(83968K)] 572135K->489191K(784384K), 0.0038548 secs] [Times: user=0.02 sys=0.01, real=0.00 secs] 
2701.064: [GC (Allocation Failure) [PSYoungGen: 83808K->1376K(83456K)] 571623K->489191K(783872K), 0.0039163 secs] [Times: user=0.01 sys=0.00, real=0.01 secs] 
2701.459: [GC (Allocation Failure) [PSYoungGen: 83296K->1597K(83456K)] 571111K->489412K(783872K), 0.0021239 secs] [Times: user=0.01 sys=0.00, real=0.00 secs] 
2701.612: [GC (Allocation Failure) [PSYoungGen: 83005K->541K(81920K)] 570820K->489380K(782336K), 0.0017070 secs] [Times: user=0.01 sys=0.00, real=0.00 secs] 
2701.756: [GC (Allocation Failure) [PSYoungGen: 81437K->512K(90112K)] 570276K->489359K(790528K), 0.0017591 secs] [Times: user=0.01 sys=0.00, real=0.01 secs] 
2702.077: [GC (Allocation Failure) [PSYoungGen: 88576K->1488K(89600K)] 577423K->490335K(790016K), 0.0020081 secs] [Times: user=0.01 sys=0.00, real=0.00 secs] 
2702.471: [GC (Allocation Failure) [PSYoungGen: 89040K->1488K(88576K)] 577887K->490335K(788992K), 0.0020861 secs] [Times: user=0.00 sys=0.00, real=0.00 secs] 
2702.833: [GC (Allocation Failure) [PSYoungGen: 88528K->1440K(88576K)] 577375K->490287K(788992K), 0.0021341 secs] [Times: user=0.01 sys=0.00, real=0.00 secs] 
2703.137: [GC (Allocation Failure) [PSYoungGen: 87968K->1504K(87552K)] 576815K->490367K(787968K), 0.0020067 secs] [Times: user=0.01 sys=0.00, real=0.00 secs] 
2703.294: [GC (Allocation Failure) [PSYoungGen: 87520K->1597K(87552K)] 576383K->490460K(787968K), 0.0019223 secs] [Times: user=0.01 sys=0.00, real=0.00 secs] 
2703.447: [GC (Allocation Failure) [PSYoungGen: 87101K->1581K(88064K)] 575964K->490444K(788480K), 0.0019077 secs] [Times: user=0.01 sys=0.00, real=0.00 secs] 
2703.702: [GC (Allocation Failure) [PSYoungGen: 87085K->1520K(95744K)] 575948K->490383K(796160K), 0.0021739 secs] [Times: user=0.01 sys=0.00, real=0.00 secs] 
2704.090: [GC (Allocation Failure) [PSYoungGen: 94704K->1472K(95744K)] 583567K->490335K(796160K), 0.0023007 secs] [Times: user=0.01 sys=0.00, real=0.00 secs] 
2704.478: [GC (Allocation Failure) [PSYoungGen: 94656K->1392K(94208K)] 583519K->490327K(794624K), 0.0021255 secs] [Times: user=0.01 sys=0.00, real=0.00 secs] 
2705.019: [GC (Allocation Failure) [PSYoungGen: 94064K->1485K(93696K)] 582999K->490420K(794112K), 0.0024481 secs] [Times: user=0.01 sys=0.00, real=0.00 secs] 
2705.191: [GC (Allocation Failure) [PSYoungGen: 93645K->1533K(93184K)] 582580K->490468K(793600K), 0.0018292 secs] [Times: user=0.01 sys=0.00, real=0.00 secs] 
2705.356: [GC (Allocation Failure) [PSYoungGen: 93181K->1501K(101376K)] 582116K->490436K(801792K), 0.0018270 secs] [Times: user=0.01 sys=0.00, real=0.01 secs] 
2707.105: [GC (Allocation Failure) [PSYoungGen: 100829K->1424K(100352K)] 589764K->490359K(800768K), 0.0037537 secs] [Times: user=0.01 sys=0.00, real=0.01 secs] 
2708.261: [GC (Allocation Failure) [PSYoungGen: 100240K->1376K(99840K)] 589175K->490311K(800256K), 0.0042991 secs] [Times: user=0.02 sys=0.00, real=0.00 secs] 
2709.315: [GC (Allocation Failure) [PSYoungGen: 99680K->1376K(99328K)] 588615K->490311K(799744K), 0.0038742 secs] [Times: user=0.02 sys=0.00, real=0.01 secs] 
2709.884: [GC (Allocation Failure) [PSYoungGen: 99168K->1533K(98816K)] 588103K->490468K(799232K), 0.0032928 secs] [Times: user=0.02 sys=0.00, real=0.01 secs] 
2710.059: [GC (Allocation Failure) [PSYoungGen: 98813K->1613K(98816K)] 587748K->490548K(799232K), 0.0019389 secs] [Times: user=0.01 sys=0.00, real=0.00 secs] 
2710.231: [GC (Allocation Failure) [PSYoungGen: 98381K->1504K(97792K)] 587316K->490439K(798208K), 0.0019344 secs] [Times: user=0.01 sys=0.00, real=0.00 secs] 
2712.485: [GC (Allocation Failure) [PSYoungGen: 97760K->1408K(97280K)] 586695K->490343K(797696K), 0.0054951 secs] [Times: user=0.02 sys=0.00, real=0.01 secs] 
2713.676: [GC (Allocation Failure) [PSYoungGen: 97152K->1408K(96768K)] 586087K->490343K(797184K), 0.0042215 secs] [Times: user=0.02 sys=0.00, real=0.01 secs] 
2714.993: [GC (Allocation Failure) [PSYoungGen: 96640K->1469K(96256K)] 585575K->490404K(796672K), 0.0031727 secs] [Times: user=0.01 sys=0.00, real=0.00 secs] 
2715.229: [GC (Allocation Failure) [PSYoungGen: 96189K->1597K(96256K)] 585124K->490532K(796672K), 0.0020155 secs] [Times: user=0.00 sys=0.00, real=0.00 secs] 
2715.395: [GC (Allocation Failure) [PSYoungGen: 95805K->509K(94208K)] 584740K->490468K(794624K), 0.0019435 secs] [Times: user=0.01 sys=0.00, real=0.01 secs] 
2715.677: [GC (Allocation Failure) [PSYoungGen: 94205K->1504K(95232K)] 584164K->491463K(795648K), 0.0022306 secs] [Times: user=0.01 sys=0.00, real=0.00 secs] 
2716.100: [GC (Allocation Failure) [PSYoungGen: 94688K->1408K(94208K)] 584647K->491367K(794624K), 0.0024471 secs] [Times: user=0.01 sys=0.00, real=0.00 secs] 
2716.511: [GC (Allocation Failure) [PSYoungGen: 94080K->1392K(93696K)] 584039K->491351K(794112K), 0.0023614 secs] [Times: user=0.01 sys=0.00, real=0.00 secs] 
2717.047: [GC (Allocation Failure) [PSYoungGen: 93552K->1501K(93184K)] 583511K->491460K(793600K), 0.0021303 secs] [Times: user=0.01 sys=0.00, real=0.01 secs] 
2717.210: [GC (Allocation Failure) [PSYoungGen: 93149K->1520K(92672K)] 583108K->491479K(793088K), 0.0019824 secs] [Times: user=0.01 sys=0.00, real=0.00 secs] 
2717.372: [GC (Allocation Failure) [PSYoungGen: 92656K->1501K(93184K)] 582615K->491476K(793600K), 0.0023949 secs] [Times: user=0.00 sys=0.00, real=0.00 secs] 
2717.797: [GC (Allocation Failure) [PSYoungGen: 93149K->1408K(93696K)] 583124K->491383K(794112K), 0.0022864 secs] [Times: user=0.01 sys=0.00, real=0.00 secs] 
2718.649: [GC (Allocation Failure) [PSYoungGen: 93056K->1408K(92672K)] 583031K->491383K(793088K), 0.0023389 secs] [Times: user=0.01 sys=0.00, real=0.00 secs] 
2719.410: [GC (Allocation Failure) [PSYoungGen: 92544K->1376K(92160K)] 582519K->491351K(792576K), 0.0024486 secs] [Times: user=0.01 sys=0.00, real=0.00 secs] 
2719.978: [GC (Allocation Failure) [PSYoungGen: 92000K->1533K(91648K)] 581975K->491508K(792064K), 0.0023534 secs] [Times: user=0.01 sys=0.00, real=0.00 secs] 
2720.142: [GC (Allocation Failure) [PSYoungGen: 91645K->1485K(91136K)] 581620K->491460K(791552K), 0.0018317 secs] [Times: user=0.01 sys=0.00, real=0.00 secs] 
2720.303: [GC (Allocation Failure) [PSYoungGen: 91085K->1517K(90624K)] 581060K->491532K(791040K), 0.0019176 secs] [Times: user=0.00 sys=0.00, real=0.00 secs] 
2720.614: [GC (Allocation Failure) [PSYoungGen: 90605K->1472K(90112K)] 580620K->491487K(790528K), 0.0019867 secs] [Times: user=0.00 sys=0.00, real=0.00 secs] 
2721.096: [GC (Allocation Failure) [PSYoungGen: 90048K->1392K(89600K)] 580063K->491407K(790016K), 0.0021949 secs] [Times: user=0.01 sys=0.00, real=0.01 secs] 
2721.545: [GC (Allocation Failure) [PSYoungGen: 89456K->1408K(89088K)] 579471K->491423K(789504K), 0.0024150 secs] [Times: user=0.01 sys=0.01, real=0.01 secs] 
2721.891: [GC (Allocation Failure) [PSYoungGen: 88960K->1469K(88576K)] 578975K->491484K(788992K), 0.0019182 secs] [Times: user=0.01 sys=0.00, real=0.00 secs] 
2722.045: [GC (Allocation Failure) [PSYoungGen: 88509K->1533K(88064K)] 578524K->491548K(788480K), 0.0019548 secs] [Times: user=0.01 sys=0.00, real=0.01 secs] 
2722.200: [GC (Allocation Failure) [PSYoungGen: 88061K->1517K(95744K)] 578076K->491532K(796160K), 0.0018470 secs] [Times: user=0.01 sys=0.00, real=0.00 secs] 
2722.592: [GC (Allocation Failure) [PSYoungGen: 95725K->1472K(95232K)] 585740K->491487K(795648K), 0.0022935 secs] [Times: user=0.01 sys=0.00, real=0.00 secs] 
2723.446: [GC (Allocation Failure) [PSYoungGen: 95168K->1360K(94720K)] 585183K->491375K(795136K), 0.0025259 secs] [Times: user=0.01 sys=0.00, real=0.01 secs] 
2724.404: [GC (Allocation Failure) [PSYoungGen: 94544K->1408K(94208K)] 584559K->491423K(794624K), 0.0034433 secs] [Times: user=0.02 sys=0.00, real=0.01 secs] 
2725.117: [GC (Allocation Failure) [PSYoungGen: 94080K->1485K(93696K)] 584095K->491524K(794112K), 0.0023877 secs] [Times: user=0.01 sys=0.00, real=0.00 secs] 
2725.303: [GC (Allocation Failure) [PSYoungGen: 93645K->1501K(93184K)] 583684K->491540K(793600K), 0.0019963 secs] [Times: user=0.01 sys=0.00, real=0.00 secs] 
2725.496: [GC (Allocation Failure) [PSYoungGen: 93149K->1517K(92672K)] 583188K->491556K(793088K), 0.0022832 secs] [Times: user=0.01 sys=0.00, real=0.01 secs] 
2726.027: [GC (Allocation Failure) [PSYoungGen: 92653K->1408K(92160K)] 582692K->491447K(792576K), 0.0027996 secs] [Times: user=0.01 sys=0.00, real=0.00 secs] 
2726.893: [GC (Allocation Failure) [PSYoungGen: 92032K->1440K(91648K)] 582071K->491479K(792064K), 0.0025164 secs] [Times: user=0.01 sys=0.00, real=0.00 secs] 
2728.050: [GC (Allocation Failure) [PSYoungGen: 91552K->1408K(91136K)] 581591K->491455K(791552K), 0.0055380 secs] [Times: user=0.03 sys=0.00, real=0.00 secs] 
2728.816: [GC (Allocation Failure) [PSYoungGen: 91008K->1549K(91136K)] 581055K->491596K(791552K), 0.0024441 secs] [Times: user=0.01 sys=0.00, real=0.01 secs] 
2728.994: [GC (Allocation Failure) [PSYoungGen: 90637K->1549K(90624K)] 580684K->491596K(791040K), 0.0019782 secs] [Times: user=0.01 sys=0.00, real=0.00 secs] 
2729.154: [GC (Allocation Failure) [PSYoungGen: 90125K->461K(90624K)] 580172K->491532K(791040K), 0.0036622 secs] [Times: user=0.00 sys=0.00, real=0.01 secs] 
2729.683: [GC (Allocation Failure) [PSYoungGen: 90061K->1408K(91648K)] 581132K->492479K(792064K), 0.0033839 secs] [Times: user=0.02 sys=0.00, real=0.00 secs] 
2730.472: [GC (Allocation Failure) [PSYoungGen: 91008K->1360K(90624K)] 582079K->492431K(791040K), 0.0023001 secs] [Times: user=0.01 sys=0.00, real=0.00 secs] 
2731.338: [GC (Allocation Failure) [PSYoungGen: 90448K->1408K(90112K)] 581519K->492479K(790528K), 0.0024786 secs] [Times: user=0.00 sys=0.00, real=0.00 secs] 
2731.834: [GC (Allocation Failure) [PSYoungGen: 89984K->1469K(89600K)] 581055K->492540K(790016K), 0.0018519 secs] [Times: user=0.01 sys=0.00, real=0.00 secs] 
2731.990: [GC (Allocation Failure) [PSYoungGen: 89533K->1565K(89600K)] 580604K->492636K(790016K), 0.0019759 secs] [Times: user=0.00 sys=0.00, real=0.00 secs] 
2732.145: [GC (Allocation Failure) [PSYoungGen: 89117K->525K(96256K)] 580188K->492620K(796672K), 0.0019390 secs] [Times: user=0.01 sys=0.00, real=0.01 secs] 
2732.535: [GC (Allocation Failure) [PSYoungGen: 95757K->1424K(97280K)] 587852K->493519K(797696K), 0.0025180 secs] [Times: user=0.01 sys=0.00, real=0.01 secs] 
2733.038: [GC (Allocation Failure) [PSYoungGen: 96656K->1376K(96256K)] 588751K->493471K(796672K), 0.0022539 secs] [Times: user=0.01 sys=0.00, real=0.00 secs] 
2733.432: [GC (Allocation Failure) [PSYoungGen: 96096K->1376K(95744K)] 588191K->493471K(796160K), 0.0023154 secs] [Times: user=0.01 sys=0.00, real=0.00 secs] 
2733.720: [GC (Allocation Failure) [PSYoungGen: 95584K->1533K(95232K)] 587679K->493644K(795648K), 0.0018248 secs] [Times: user=0.01 sys=0.00, real=0.00 secs] 
2733.886: [GC (Allocation Failure) [PSYoungGen: 95229K->1565K(95232K)] 587340K->493676K(795648K), 0.0019086 secs] [Times: user=0.01 sys=0.00, real=0.01 secs] 
2734.054: [GC (Allocation Failure) [PSYoungGen: 94749K->528K(102400K)] 586860K->493687K(802816K), 0.0019177 secs] [Times: user=0.01 sys=0.00, real=0.00 secs] 
2734.462: [GC (Allocation Failure) [PSYoungGen: 101904K->1440K(102400K)] 595063K->494599K(802816K), 0.0019397 secs] [Times: user=0.01 sys=0.00, real=0.00 secs] 
2734.913: [GC (Allocation Failure) [PSYoungGen: 102304K->1312K(101888K)] 595463K->494471K(802304K), 0.0024770 secs] [Times: user=0.01 sys=0.00, real=0.00 secs] 
2735.356: [GC (Allocation Failure) [PSYoungGen: 101664K->1501K(101376K)] 594823K->494660K(801792K), 0.0025769 secs] [Times: user=0.01 sys=0.01, real=0.01 secs] 
2735.557: [GC (Allocation Failure) [PSYoungGen: 101341K->1504K(100864K)] 594500K->494663K(801280K), 0.0020316 secs] [Times: user=0.01 sys=0.00, real=0.00 secs] 
2735.734: [GC (Allocation Failure) [PSYoungGen: 100832K->1533K(101376K)] 593991K->494692K(801792K), 0.0018802 secs] [Times: user=0.01 sys=0.00, real=0.00 secs] 
2736.661: [GC (Allocation Failure) [PSYoungGen: 100861K->1472K(100352K)] 594020K->494631K(800768K), 0.0027794 secs] [Times: user=0.01 sys=0.00, real=0.00 secs] 
2738.030: [GC (Allocation Failure) [PSYoungGen: 100288K->1376K(99840K)] 593447K->494535K(800256K), 0.0041188 secs] [Times: user=0.02 sys=0.00, real=0.00 secs] 
2738.742: [GC (Allocation Failure) [PSYoungGen: 99680K->1344K(99328K)] 592839K->494503K(799744K), 0.0028733 secs] [Times: user=0.01 sys=0.00, real=0.00 secs] 
2739.320: [GC (Allocation Failure) [PSYoungGen: 99136K->1520K(98816K)] 592295K->494679K(799232K), 0.0023433 secs] [Times: user=0.01 sys=0.00, real=0.00 secs] 
2739.511: [GC (Allocation Failure) [PSYoungGen: 98800K->1533K(98304K)] 591959K->494700K(798720K), 0.0018073 secs] [Times: user=0.00 sys=0.00, real=0.00 secs] 
2739.684: [GC (Allocation Failure) [PSYoungGen: 98301K->1597K(98304K)] 591468K->494764K(798720K), 0.0019579 secs] [Times: user=0.01 sys=0.00, real=0.00 secs] 
2740.095: [GC (Allocation Failure) [PSYoungGen: 97853K->384K(96256K)] 591020K->494575K(796672K), 0.0025754 secs] [Times: user=0.01 sys=0.00, real=0.01 secs] 
2740.494: [GC (Allocation Failure) [PSYoungGen: 96128K->384K(95744K)] 590319K->494575K(796160K), 0.0023837 secs] [Times: user=0.01 sys=0.00, real=0.00 secs] 
2740.913: [GC (Allocation Failure) [PSYoungGen: 95616K->1389K(96256K)] 589807K->495580K(796672K), 0.0024387 secs] [Times: user=0.01 sys=0.00, real=0.00 secs] 
2741.087: [GC (Allocation Failure) [PSYoungGen: 96109K->1581K(96256K)] 590300K->495772K(796672K), 0.0020859 secs] [Times: user=0.01 sys=0.00, real=0.00 secs] 
2741.254: [GC (Allocation Failure) [PSYoungGen: 95789K->1517K(102912K)] 589980K->495708K(803328K), 0.0017749 secs] [Times: user=0.01 sys=0.00, real=0.00 secs] 
2742.498: [GC (Allocation Failure) [PSYoungGen: 102381K->1472K(101888K)] 596572K->495663K(802304K), 0.0058125 secs] [Times: user=0.03 sys=0.00, real=0.00 secs] 
2744.491: [GC (Allocation Failure) [PSYoungGen: 101824K->1408K(101888K)] 596015K->495599K(802304K), 0.0038241 secs] [Times: user=0.02 sys=0.00, real=0.00 secs] 
2745.160: [GC (Allocation Failure) [PSYoungGen: 101248K->1392K(100864K)] 595439K->495583K(801280K), 0.0025700 secs] [Times: user=0.01 sys=0.00, real=0.00 secs] 
2745.482: [GC (Allocation Failure) [PSYoungGen: 100720K->1485K(100352K)] 594911K->495676K(800768K), 0.0018834 secs] [Times: user=0.01 sys=0.00, real=0.00 secs] 
2745.660: [GC (Allocation Failure) [PSYoungGen: 100301K->1552K(100352K)] 594492K->495743K(800768K), 0.0019273 secs] [Times: user=0.00 sys=0.00, real=0.00 secs] 
2745.838: [GC (Allocation Failure) [PSYoungGen: 99856K->1520K(99328K)] 594047K->495743K(799744K), 0.0019625 secs] [Times: user=0.01 sys=0.00, real=0.00 secs] 
2748.445: [GC (Allocation Failure) [PSYoungGen: 99312K->1440K(98816K)] 593535K->495663K(799232K), 0.0044086 secs] [Times: user=0.02 sys=0.00, real=0.01 secs] 
2750.170: [GC (Allocation Failure) [PSYoungGen: 98720K->1376K(98304K)] 592943K->495599K(798720K), 0.0046901 secs] [Times: user=0.03 sys=0.01, real=0.00 secs] 
2751.479: [GC (Allocation Failure) [PSYoungGen: 98144K->1453K(97792K)] 592367K->495676K(798208K), 0.0026400 secs] [Times: user=0.01 sys=0.01, real=0.00 secs] 
2751.687: [GC (Allocation Failure) [PSYoungGen: 97709K->1533K(97280K)] 591932K->495764K(797696K), 0.0019098 secs] [Times: user=0.01 sys=0.00, real=0.00 secs] 
2751.858: [GC (Allocation Failure) [PSYoungGen: 97277K->1565K(97280K)] 591508K->495796K(797696K), 0.0021471 secs] [Times: user=0.01 sys=0.00, real=0.00 secs] 
2752.335: [GC (Allocation Failure) [PSYoungGen: 96797K->400K(95232K)] 591028K->495655K(795648K), 0.0024330 secs] [Times: user=0.01 sys=0.00, real=0.01 secs] 
2753.183: [GC (Allocation Failure) [PSYoungGen: 95120K->400K(96256K)] 590375K->495655K(796672K), 0.0023592 secs] [Times: user=0.01 sys=0.00, real=0.00 secs] 
2753.723: [GC (Allocation Failure) [PSYoungGen: 94608K->320K(95744K)] 589863K->495575K(796160K), 0.0024370 secs] [Times: user=0.01 sys=0.00, real=0.00 secs] 
2754.302: [GC (Allocation Failure) [PSYoungGen: 94016K->1504K(94720K)] 589271K->496759K(795136K), 0.0023150 secs] [Times: user=0.01 sys=0.00, real=0.00 secs] 
2754.470: [GC (Allocation Failure) [PSYoungGen: 94688K->1504K(94720K)] 589943K->496759K(795136K), 0.0019772 secs] [Times: user=0.00 sys=0.00, real=0.00 secs] 
2754.634: [GC (Allocation Failure) [PSYoungGen: 94176K->1565K(94208K)] 589431K->496820K(794624K), 0.0019369 secs] [Times: user=0.01 sys=0.00, real=0.00 secs] 
2755.327: [GC (Allocation Failure) [PSYoungGen: 93725K->1472K(93696K)] 588980K->496727K(794112K), 0.0028203 secs] [Times: user=0.01 sys=0.00, real=0.00 secs] 
2756.108: [GC (Allocation Failure) [PSYoungGen: 93120K->1408K(92672K)] 588375K->496663K(793088K), 0.0025976 secs] [Times: user=0.01 sys=0.00, real=0.00 secs] 
2756.864: [GC (Allocation Failure) [PSYoungGen: 92544K->1360K(92672K)] 587799K->496615K(793088K), 0.0026264 secs] [Times: user=0.01 sys=0.00, real=0.01 secs] 
2757.362: [GC (Allocation Failure) [PSYoungGen: 91984K->1517K(91648K)] 587239K->496772K(792064K), 0.0023741 secs] [Times: user=0.01 sys=0.00, real=0.00 secs] 
2757.526: [GC (Allocation Failure) [PSYoungGen: 91629K->1565K(91648K)] 586884K->496828K(792064K), 0.0018415 secs] [Times: user=0.01 sys=0.00, real=0.01 secs] 
2757.714: [GC (Allocation Failure) [PSYoungGen: 91165K->1565K(91136K)] 586428K->496828K(791552K), 0.0022992 secs] [Times: user=0.01 sys=0.00, real=0.00 secs] 
2759.336: [GC (Allocation Failure) [PSYoungGen: 90653K->1408K(90624K)] 585916K->496671K(791040K), 0.0050752 secs] [Times: user=0.02 sys=0.00, real=0.01 secs] 
2760.471: [GC (Allocation Failure) [PSYoungGen: 89984K->1408K(89600K)] 585247K->496671K(790016K), 0.0042680 secs] [Times: user=0.02 sys=0.00, real=0.00 secs] 
2761.182: [GC (Allocation Failure) [PSYoungGen: 89472K->1408K(89088K)] 584735K->496671K(789504K), 0.0028209 secs] [Times: user=0.01 sys=0.00, real=0.00 secs] 
2761.820: [GC (Allocation Failure) [PSYoungGen: 88960K->1453K(88576K)] 584223K->496716K(788992K), 0.0023142 secs] [Times: user=0.01 sys=0.00, real=0.00 secs] 
2761.977: [GC (Allocation Failure) [PSYoungGen: 88493K->1549K(88576K)] 583756K->496812K(788992K), 0.0018905 secs] [Times: user=0.01 sys=0.00, real=0.00 secs] 
2762.132: [GC (Allocation Failure) [PSYoungGen: 88077K->1565K(88064K)] 583340K->496828K(788480K), 0.0019924 secs] [Times: user=0.01 sys=0.00, real=0.00 secs] 
2762.848: [GC (Allocation Failure) [PSYoungGen: 87581K->448K(86528K)] 582844K->496735K(786944K), 0.0030430 secs] [Times: user=0.01 sys=0.00, real=0.00 secs] 
2763.707: [GC (Allocation Failure) [PSYoungGen: 85952K->416K(85504K)] 582239K->496703K(785920K), 0.0032500 secs] [Times: user=0.01 sys=0.00, real=0.00 secs] 
2764.417: [GC (Allocation Failure) [PSYoungGen: 85408K->384K(86528K)] 581695K->496671K(786944K), 0.0026424 secs] [Times: user=0.01 sys=0.00, real=0.01 secs] 
2764.805: [GC (Allocation Failure) [PSYoungGen: 84864K->1453K(85504K)] 581151K->497740K(785920K), 0.0025194 secs] [Times: user=0.01 sys=0.00, real=0.01 secs] 
2764.966: [GC (Allocation Failure) [PSYoungGen: 85421K->1549K(85504K)] 581708K->497836K(785920K), 0.0019881 secs] [Times: user=0.01 sys=0.00, real=0.01 secs] 
2765.141: [GC (Allocation Failure) [PSYoungGen: 85005K->1501K(86016K)] 581292K->497788K(786432K), 0.0022358 secs] [Times: user=0.01 sys=0.00, real=0.00 secs] 
2765.587: [GC (Allocation Failure) [PSYoungGen: 84957K->2016K(93184K)] 581244K->498303K(793600K), 0.0035200 secs] [Times: user=0.02 sys=0.01, real=0.00 secs] 
2766.457: [GC (Allocation Failure) [PSYoungGen: 92640K->1392K(91648K)] 588927K->497695K(792064K), 0.0026581 secs] [Times: user=0.01 sys=0.00, real=0.00 secs] 
2766.854: [GC (Allocation Failure) [PSYoungGen: 91504K->1392K(91648K)] 587807K->497695K(792064K), 0.0023646 secs] [Times: user=0.00 sys=0.00, real=0.00 secs] 
2767.412: [GC (Allocation Failure) [PSYoungGen: 90992K->1376K(90624K)] 587295K->497679K(791040K), 0.0025569 secs] [Times: user=0.02 sys=0.00, real=0.00 secs] 
2767.668: [GC (Allocation Failure) [PSYoungGen: 90464K->1565K(90624K)] 586767K->497868K(791040K), 0.0017862 secs] [Times: user=0.00 sys=0.00, real=0.00 secs] 
2767.825: [GC (Allocation Failure) [PSYoungGen: 90141K->1533K(89600K)] 586444K->497836K(790016K), 0.0018872 secs] [Times: user=0.01 sys=0.00, real=0.01 secs] 
2767.983: [GC (Allocation Failure) [PSYoungGen: 89597K->1440K(90624K)] 585900K->497743K(791040K), 0.0020161 secs] [Times: user=0.00 sys=0.00, real=0.00 secs] 
2768.779: [GC (Allocation Failure) [PSYoungGen: 89504K->1408K(89088K)] 585807K->497719K(789504K), 0.0025601 secs] [Times: user=0.01 sys=0.00, real=0.00 secs] 
2769.362: [GC (Allocation Failure) [PSYoungGen: 88960K->1376K(88576K)] 585271K->497687K(788992K), 0.0031033 secs] [Times: user=0.01 sys=0.00, real=0.00 secs] 
2770.054: [GC (Allocation Failure) [PSYoungGen: 88416K->1408K(88064K)] 584727K->497719K(788480K), 0.0030645 secs] [Times: user=0.01 sys=0.01, real=0.00 secs] 
2770.446: [GC (Allocation Failure) [PSYoungGen: 87936K->1501K(87552K)] 584247K->497812K(787968K), 0.0019314 secs] [Times: user=0.01 sys=0.00, real=0.01 secs] 
2770.599: [GC (Allocation Failure) [PSYoungGen: 87517K->1581K(87552K)] 583828K->497892K(787968K), 0.0019622 secs] [Times: user=0.01 sys=0.00, real=0.00 secs] 
2770.775: [GC (Allocation Failure) [PSYoungGen: 87085K->480K(87552K)] 583396K->497815K(787968K), 0.0024309 secs] [Times: user=0.01 sys=0.00, real=0.01 secs] 
2771.957: [GC (Allocation Failure) [PSYoungGen: 87008K->1472K(87552K)] 584343K->498815K(787968K), 0.0041049 secs] [Times: user=0.02 sys=0.00, real=0.00 secs] 
2772.482: [GC (Allocation Failure) [PSYoungGen: 87488K->1408K(87040K)] 584831K->498751K(787456K), 0.0027772 secs] [Times: user=0.01 sys=0.00, real=0.00 secs] 
2772.885: [GC (Allocation Failure) [PSYoungGen: 86912K->1392K(86528K)] 584255K->498735K(786944K), 0.0023678 secs] [Times: user=0.01 sys=0.00, real=0.01 secs] 
2773.195: [GC (Allocation Failure) [PSYoungGen: 86384K->1517K(86016K)] 583727K->498860K(786432K), 0.0018719 secs] [Times: user=0.01 sys=0.00, real=0.01 secs] 
2773.345: [GC (Allocation Failure) [PSYoungGen: 85997K->1565K(86016K)] 583340K->498908K(786432K), 0.0020631 secs] [Times: user=0.00 sys=0.00, real=0.01 secs] 
2773.519: [GC (Allocation Failure) [PSYoungGen: 85533K->1533K(86016K)] 582876K->498876K(786432K), 0.0023938 secs] [Times: user=0.01 sys=0.00, real=0.00 secs] 
2774.797: [GC (Allocation Failure) [PSYoungGen: 86013K->1456K(86528K)] 583356K->498823K(786944K), 0.0055742 secs] [Times: user=0.03 sys=0.00, real=0.00 secs] 
2775.450: [GC (Allocation Failure) [PSYoungGen: 85936K->1376K(85504K)] 583303K->498743K(785920K), 0.0024798 secs] [Times: user=0.02 sys=0.00, real=0.00 secs] 
2776.234: [GC (Allocation Failure) [PSYoungGen: 85344K->1344K(84992K)] 582711K->498711K(785408K), 0.0033052 secs] [Times: user=0.02 sys=0.00, real=0.01 secs] 
2777.013: [GC (Allocation Failure) [PSYoungGen: 84800K->1469K(84480K)] 582167K->498836K(784896K), 0.0031414 secs] [Times: user=0.01 sys=0.00, real=0.00 secs] 
2777.228: [GC (Allocation Failure) [PSYoungGen: 84413K->1565K(84480K)] 581780K->498932K(784896K), 0.0019636 secs] [Times: user=0.01 sys=0.00, real=0.00 secs] 
2777.375: [GC (Allocation Failure) [PSYoungGen: 83997K->493K(82432K)] 581364K->498892K(782848K), 0.0019589 secs] [Times: user=0.00 sys=0.00, real=0.01 secs] 
2777.522: [GC (Allocation Failure) [PSYoungGen: 82413K->477K(90624K)] 580812K->498876K(791040K), 0.0017451 secs] [Times: user=0.01 sys=0.00, real=0.00 secs] 
2778.004: [GC (Allocation Failure) [PSYoungGen: 89053K->1376K(89600K)] 587452K->499775K(790016K), 0.0022001 secs] [Times: user=0.00 sys=0.00, real=0.00 secs] 
2778.371: [GC (Allocation Failure) [PSYoungGen: 89440K->1376K(90624K)] 587839K->499775K(791040K), 0.0035211 secs] [Times: user=0.02 sys=0.00, real=0.00 secs] 
2778.748: [GC (Allocation Failure) [PSYoungGen: 89952K->1376K(89600K)] 588351K->499775K(790016K), 0.0024253 secs] [Times: user=0.01 sys=0.00, real=0.00 secs] 
2778.984: [GC (Allocation Failure) [PSYoungGen: 89440K->1520K(89088K)] 587839K->499919K(789504K), 0.0019562 secs] [Times: user=0.01 sys=0.00, real=0.00 secs] 
2779.140: [GC (Allocation Failure) [PSYoungGen: 89072K->1533K(96256K)] 587471K->499964K(796672K), 0.0017857 secs] [Times: user=0.01 sys=0.00, real=0.00 secs] 
2779.339: [GC (Allocation Failure) [PSYoungGen: 96253K->1533K(96768K)] 594684K->499964K(797184K), 0.0024384 secs] [Times: user=0.01 sys=0.00, real=0.00 secs] 
2781.278: [GC (Allocation Failure) [PSYoungGen: 96253K->1392K(95744K)] 594684K->499823K(796160K), 0.0048689 secs] [Times: user=0.03 sys=0.00, real=0.00 secs] 
2782.075: [GC (Allocation Failure) [PSYoungGen: 95600K->1344K(95232K)] 594031K->499775K(795648K), 0.0032553 secs] [Times: user=0.02 sys=0.00, real=0.01 secs] 
2782.866: [GC (Allocation Failure) [PSYoungGen: 95040K->1408K(94720K)] 593471K->499839K(795136K), 0.0025885 secs] [Times: user=0.01 sys=0.00, real=0.01 secs] 
2783.156: [GC (Allocation Failure) [PSYoungGen: 94592K->1565K(94720K)] 593023K->499996K(795136K), 0.0020408 secs] [Times: user=0.00 sys=0.00, real=0.01 secs] 
2783.321: [GC (Allocation Failure) [PSYoungGen: 94237K->525K(93184K)] 592668K->499980K(793600K), 0.0019493 secs] [Times: user=0.01 sys=0.00, real=0.00 secs] 
2783.636: [GC (Allocation Failure) [PSYoungGen: 92685K->1504K(93184K)] 592140K->500959K(793600K), 0.0024118 secs] [Times: user=0.01 sys=0.00, real=0.01 secs] 
2784.018: [GC (Allocation Failure) [PSYoungGen: 93152K->1392K(92672K)] 592607K->500847K(793088K), 0.0023612 secs] [Times: user=0.01 sys=0.00, real=0.00 secs] 
2784.514: [GC (Allocation Failure) [PSYoungGen: 92528K->1408K(92160K)] 591983K->500863K(792576K), 0.0034168 secs] [Times: user=0.01 sys=0.00, real=0.01 secs] 
2784.949: [GC (Allocation Failure) [PSYoungGen: 92032K->1472K(91648K)] 591487K->500943K(792064K), 0.0023019 secs] [Times: user=0.01 sys=0.00, real=0.00 secs] 
2785.168: [GC (Allocation Failure) [PSYoungGen: 91584K->1533K(100864K)] 591055K->501004K(801280K), 0.0053643 secs] [Times: user=0.03 sys=0.00, real=0.00 secs] 
2785.425: [GC (Allocation Failure) [PSYoungGen: 100349K->1552K(101376K)] 599820K->501023K(801792K), 0.0024936 secs] [Times: user=0.01 sys=0.00, real=0.01 secs] 
2786.036: [GC (Allocation Failure) [PSYoungGen: 100880K->1472K(101376K)] 600351K->500943K(801792K), 0.0044315 secs] [Times: user=0.02 sys=0.00, real=0.01 secs] 
2786.884: [GC (Allocation Failure) [PSYoungGen: 100800K->1376K(109056K)] 600271K->500847K(809472K), 0.0037552 secs] [Times: user=0.01 sys=0.00, real=0.01 secs] 
2788.044: [GC (Allocation Failure) [PSYoungGen: 108896K->1376K(108544K)] 608367K->500847K(808960K), 0.0032250 secs] [Times: user=0.01 sys=0.00, real=0.01 secs] 
2788.604: [GC (Allocation Failure) [PSYoungGen: 108384K->1533K(108032K)] 607855K->501004K(808448K), 0.0022907 secs] [Times: user=0.01 sys=0.00, real=0.00 secs] 
2788.803: [GC (Allocation Failure) [PSYoungGen: 108029K->1565K(108032K)] 607500K->501036K(808448K), 0.0021185 secs] [Times: user=0.01 sys=0.00, real=0.00 secs] 
2789.218: [GC (Allocation Failure) [PSYoungGen: 107549K->496K(105984K)] 607020K->500991K(806400K), 0.0036294 secs] [Times: user=0.01 sys=0.00, real=0.00 secs] 
2789.723: [GC (Allocation Failure) [PSYoungGen: 105968K->400K(107008K)] 606463K->500895K(807424K), 0.0023335 secs] [Times: user=0.01 sys=0.00, real=0.00 secs] 
2790.278: [GC (Allocation Failure) [PSYoungGen: 105360K->288K(106496K)] 605855K->500783K(806912K), 0.0023667 secs] [Times: user=0.01 sys=0.00, real=0.00 secs] 
2790.698: [GC (Allocation Failure) [PSYoungGen: 104736K->1469K(105472K)] 605231K->501964K(805888K), 0.0036733 secs] [Times: user=0.01 sys=0.00, real=0.00 secs] 
2790.889: [GC (Allocation Failure) [PSYoungGen: 105405K->1565K(105472K)] 605900K->502060K(805888K), 0.0020325 secs] [Times: user=0.01 sys=0.00, real=0.00 secs] 
2791.233: [GC (Allocation Failure) [PSYoungGen: 104989K->1504K(104448K)] 605484K->501999K(804864K), 0.0022480 secs] [Times: user=0.01 sys=0.00, real=0.00 secs] 
2792.301: [GC (Allocation Failure) [PSYoungGen: 104416K->1408K(104448K)] 604911K->501903K(804864K), 0.0040314 secs] [Times: user=0.01 sys=0.00, real=0.00 secs] 
2793.281: [GC (Allocation Failure) [PSYoungGen: 103808K->1376K(103424K)] 604303K->501871K(803840K), 0.0030330 secs] [Times: user=0.02 sys=0.00, real=0.00 secs] 
2794.100: [GC (Allocation Failure) [PSYoungGen: 103264K->1501K(103424K)] 603759K->501996K(803840K), 0.0025234 secs] [Times: user=0.01 sys=0.00, real=0.00 secs] 
2794.301: [GC (Allocation Failure) [PSYoungGen: 102877K->1597K(102912K)] 603372K->502092K(803328K), 0.0019954 secs] [Times: user=0.01 sys=0.00, real=0.00 secs] 
2794.479: [GC (Allocation Failure) [PSYoungGen: 102461K->1581K(102400K)] 602956K->502076K(802816K), 0.0019781 secs] [Times: user=0.00 sys=0.00, real=0.00 secs] 
2795.141: [GC (Allocation Failure) [PSYoungGen: 101933K->1440K(101376K)] 602428K->501935K(801792K), 0.0022027 secs] [Times: user=0.01 sys=0.00, real=0.00 secs] 
2795.557: [GC (Allocation Failure) [PSYoungGen: 101280K->1408K(101376K)] 601775K->501927K(801792K), 0.0027245 secs] [Times: user=0.01 sys=0.00, real=0.01 secs] 
2796.416: [GC (Allocation Failure) [PSYoungGen: 100736K->1392K(100352K)] 601255K->501911K(800768K), 0.0028203 secs] [Times: user=0.01 sys=0.00, real=0.01 secs] 
2796.795: [GC (Allocation Failure) [PSYoungGen: 100208K->1581K(100352K)] 600727K->502100K(800768K), 0.0019217 secs] [Times: user=0.01 sys=0.00, real=0.00 secs] 
2796.970: [GC (Allocation Failure) [PSYoungGen: 99885K->1565K(99840K)] 600404K->502084K(800256K), 0.0020304 secs] [Times: user=0.01 sys=0.00, real=0.00 secs] 
2797.690: [GC (Allocation Failure) [PSYoungGen: 99357K->464K(98304K)] 599876K->502007K(798720K), 0.0036582 secs] [Times: user=0.01 sys=0.01, real=0.00 secs] 
2798.773: [GC (Allocation Failure) [PSYoungGen: 97744K->384K(97280K)] 599287K->501927K(797696K), 0.0047032 secs] [Times: user=0.02 sys=0.00, real=0.01 secs] 
2799.578: [GC (Allocation Failure) [PSYoungGen: 97152K->416K(98304K)] 598695K->501959K(798720K), 0.0028225 secs] [Times: user=0.01 sys=0.00, real=0.00 secs] 
2800.098: [GC (Allocation Failure) [PSYoungGen: 96672K->1533K(97280K)] 598215K->503076K(797696K), 0.0023336 secs] [Times: user=0.01 sys=0.00, real=0.00 secs] 
2800.270: [GC (Allocation Failure) [PSYoungGen: 97277K->1565K(97280K)] 598820K->503108K(797696K), 0.0020659 secs] [Times: user=0.01 sys=0.00, real=0.00 secs] 
2800.439: [GC (Allocation Failure) [PSYoungGen: 96797K->1533K(96256K)] 598340K->503076K(796672K), 0.0019606 secs] [Times: user=0.01 sys=0.00, real=0.00 secs] 
2800.966: [GC (Allocation Failure) [PSYoungGen: 96253K->1440K(96256K)] 597796K->502983K(796672K), 0.0018001 secs] [Times: user=0.01 sys=0.00, real=0.01 secs] 
2801.390: [GC (Allocation Failure) [PSYoungGen: 95648K->1392K(95232K)] 597191K->502935K(795648K), 0.0023350 secs] [Times: user=0.01 sys=0.00, real=0.00 secs] 
2802.080: [GC (Allocation Failure) [PSYoungGen: 95088K->1376K(95232K)] 596631K->502919K(795648K), 0.0027886 secs] [Times: user=0.01 sys=0.00, real=0.00 secs] 
2802.442: [GC (Allocation Failure) [PSYoungGen: 94560K->1520K(94208K)] 596103K->503063K(794624K), 0.0019800 secs] [Times: user=0.01 sys=0.00, real=0.00 secs] 
2802.610: [GC (Allocation Failure) [PSYoungGen: 94192K->1565K(94208K)] 595735K->503108K(794624K), 0.0019923 secs] [Times: user=0.00 sys=0.01, real=0.00 secs] 
2802.774: [GC (Allocation Failure) [PSYoungGen: 93725K->1517K(94720K)] 595268K->503060K(795136K), 0.0022838 secs] [Times: user=0.01 sys=0.00, real=0.01 secs] 
2803.523: [GC (Allocation Failure) [PSYoungGen: 93677K->1408K(93184K)] 595220K->502951K(793600K), 0.0034947 secs] [Times: user=0.01 sys=0.00, real=0.00 secs] 
2804.322: [GC (Allocation Failure) [PSYoungGen: 93056K->1360K(92672K)] 594599K->502903K(793088K), 0.0032907 secs] [Times: user=0.02 sys=0.00, real=0.00 secs] 
2805.540: [GC (Allocation Failure) [PSYoungGen: 92496K->1424K(92160K)] 594039K->502967K(792576K), 0.0058104 secs] [Times: user=0.02 sys=0.00, real=0.00 secs] 
2805.937: [GC (Allocation Failure) [PSYoungGen: 92048K->1533K(91648K)] 593591K->503100K(792064K), 0.0020210 secs] [Times: user=0.01 sys=0.00, real=0.01 secs] 
2806.097: [GC (Allocation Failure) [PSYoungGen: 91645K->1533K(91136K)] 593212K->503132K(791552K), 0.0018738 secs] [Times: user=0.00 sys=0.00, real=0.00 secs] 
2806.326: [GC (Allocation Failure) [PSYoungGen: 91133K->2000K(91136K)] 592732K->503599K(791552K), 0.0023923 secs] [Times: user=0.01 sys=0.00, real=0.01 secs] 
2807.309: [GC (Allocation Failure) [PSYoungGen: 91088K->352K(89088K)] 592687K->502975K(789504K), 0.0033701 secs] [Times: user=0.01 sys=0.00, real=0.00 secs] 
2808.103: [GC (Allocation Failure) [PSYoungGen: 88928K->384K(90624K)] 591551K->503007K(791040K), 0.0037143 secs] [Times: user=0.01 sys=0.00, real=0.01 secs] 
2809.069: [GC (Allocation Failure) [PSYoungGen: 88448K->352K(88064K)] 591071K->502975K(788480K), 0.0034538 secs] [Times: user=0.02 sys=0.00, real=0.00 secs] 
2809.442: [GC (Allocation Failure) [PSYoungGen: 87904K->1536K(89600K)] 590527K->504159K(790016K), 0.0018595 secs] [Times: user=0.01 sys=0.01, real=0.00 secs] 
2809.598: [GC (Allocation Failure) [PSYoungGen: 88576K->1536K(88576K)] 591199K->504159K(788992K), 0.0018640 secs] [Times: user=0.01 sys=0.00, real=0.00 secs] 
2809.753: [GC (Allocation Failure) [PSYoungGen: 88064K->1533K(95232K)] 590687K->504156K(795648K), 0.0019150 secs] [Times: user=0.01 sys=0.00, real=0.00 secs] 
2810.151: [GC (Allocation Failure) [PSYoungGen: 94205K->1408K(93696K)] 596828K->504031K(794112K), 0.0022935 secs] [Times: user=0.01 sys=0.00, real=0.00 secs] 
2810.755: [GC (Allocation Failure) [PSYoungGen: 93568K->1376K(93184K)] 596191K->503999K(793600K), 0.0039019 secs] [Times: user=0.01 sys=0.00, real=0.01 secs] 
2811.564: [GC (Allocation Failure) [PSYoungGen: 93024K->1408K(93184K)] 595647K->504031K(793600K), 0.0029913 secs] [Times: user=0.02 sys=0.00, real=0.01 secs] 
2811.898: [GC (Allocation Failure) [PSYoungGen: 92544K->1517K(92160K)] 595167K->504140K(792576K), 0.0020764 secs] [Times: user=0.01 sys=0.00, real=0.00 secs] 
2812.057: [GC (Allocation Failure) [PSYoungGen: 92141K->1549K(92160K)] 594764K->504172K(792576K), 0.0019359 secs] [Times: user=0.01 sys=0.00, real=0.00 secs] 
2812.256: [GC (Allocation Failure) [PSYoungGen: 91661K->1504K(92672K)] 594284K->504127K(793088K), 0.0021953 secs] [Times: user=0.01 sys=0.00, real=0.01 secs] 
2812.673: [GC (Allocation Failure) [PSYoungGen: 91616K->1408K(91136K)] 594239K->504031K(791552K), 0.0023020 secs] [Times: user=0.01 sys=0.00, real=0.00 secs] 
2813.046: [GC (Allocation Failure) [PSYoungGen: 91008K->1424K(90624K)] 593631K->504047K(791040K), 0.0021800 secs] [Times: user=0.01 sys=0.00, real=0.01 secs] 
2813.416: [GC (Allocation Failure) [PSYoungGen: 90512K->1392K(90112K)] 593135K->504015K(790528K), 0.0021469 secs] [Times: user=0.01 sys=0.00, real=0.01 secs] 
2813.639: [GC (Allocation Failure) [PSYoungGen: 89968K->1533K(89600K)] 592591K->504156K(790016K), 0.0019387 secs] [Times: user=0.00 sys=0.01, real=0.00 secs] 
2813.795: [GC (Allocation Failure) [PSYoungGen: 89597K->1517K(96768K)] 592220K->504156K(797184K), 0.0019168 secs] [Times: user=0.00 sys=0.00, real=0.01 secs] 
2814.002: [GC (Allocation Failure) [PSYoungGen: 96749K->1600K(97280K)] 599388K->504239K(797696K), 0.0022372 secs] [Times: user=0.01 sys=0.01, real=0.00 secs] 
2814.438: [GC (Allocation Failure) [PSYoungGen: 96832K->1344K(96256K)] 599471K->503983K(796672K), 0.0020820 secs] [Times: user=0.00 sys=0.01, real=0.00 secs] 
2814.940: [GC (Allocation Failure) [PSYoungGen: 96064K->1344K(95744K)] 598703K->503983K(796160K), 0.0022840 secs] [Times: user=0.01 sys=0.00, real=0.00 secs] 
2815.395: [GC (Allocation Failure) [PSYoungGen: 95552K->1437K(95232K)] 598191K->504076K(795648K), 0.0023509 secs] [Times: user=0.02 sys=0.00, real=0.01 secs] 
2815.572: [GC (Allocation Failure) [PSYoungGen: 95133K->1501K(104448K)] 597772K->504140K(804864K), 0.0053144 secs] [Times: user=0.02 sys=0.00, real=0.01 secs] 
2815.758: [GC (Allocation Failure) [PSYoungGen: 103901K->1581K(105472K)] 606540K->504220K(805888K), 0.0019572 secs] [Times: user=0.01 sys=0.00, real=0.00 secs] 
2816.547: [GC (Allocation Failure) [PSYoungGen: 105005K->1408K(105472K)] 607644K->504047K(805888K), 0.0024162 secs] [Times: user=0.02 sys=0.00, real=0.00 secs] 
2818.010: [GC (Allocation Failure) [PSYoungGen: 104832K->1376K(104448K)] 607471K->504015K(804864K), 0.0037121 secs] [Times: user=0.01 sys=0.00, real=0.00 secs] 
2819.152: [GC (Allocation Failure) [PSYoungGen: 104288K->1376K(103936K)] 606927K->504015K(804352K), 0.0025325 secs] [Times: user=0.01 sys=0.00, real=0.00 secs] 
2819.424: [GC (Allocation Failure) [PSYoungGen: 103776K->1517K(103424K)] 606415K->504188K(803840K), 0.0019239 secs] [Times: user=0.01 sys=0.00, real=0.00 secs] 
2819.608: [GC (Allocation Failure) [PSYoungGen: 103405K->1565K(103424K)] 606076K->504236K(803840K), 0.0019873 secs] [Times: user=0.01 sys=0.00, real=0.00 secs] 
2820.669: [GC (Allocation Failure) [PSYoungGen: 102941K->480K(101376K)] 605612K->504175K(801792K), 0.0051102 secs] [Times: user=0.02 sys=0.00, real=0.00 secs] 
2822.163: [GC (Allocation Failure) [PSYoungGen: 101344K->384K(102400K)] 605039K->504079K(802816K), 0.0038953 secs] [Times: user=0.02 sys=0.01, real=0.01 secs] 
2822.968: [GC (Allocation Failure) [PSYoungGen: 100736K->320K(100352K)] 604431K->504015K(800768K), 0.0034532 secs] [Times: user=0.01 sys=0.00, real=0.00 secs] 
2823.606: [GC (Allocation Failure) [PSYoungGen: 100160K->1472K(101888K)] 603855K->505167K(802304K), 0.0023604 secs] [Times: user=0.01 sys=0.00, real=0.01 secs] 
2823.831: [GC (Allocation Failure) [PSYoungGen: 100800K->1549K(100864K)] 604495K->505244K(801280K), 0.0023679 secs] [Times: user=0.01 sys=0.00, real=0.00 secs] 
2824.025: [GC (Allocation Failure) [PSYoungGen: 100365K->1597K(100352K)] 604060K->505292K(800768K), 0.0019200 secs] [Times: user=0.01 sys=0.00, real=0.01 secs] 
2824.707: [GC (Allocation Failure) [PSYoungGen: 99901K->1456K(99328K)] 603596K->505151K(799744K), 0.0025322 secs] [Times: user=0.01 sys=0.00, real=0.01 secs] 
2825.245: [GC (Allocation Failure) [PSYoungGen: 99248K->1376K(98816K)] 602943K->505071K(799232K), 0.0024831 secs] [Times: user=0.01 sys=0.00, real=0.01 secs] 
2825.654: [GC (Allocation Failure) [PSYoungGen: 98656K->1392K(98304K)] 602351K->505087K(798720K), 0.0025254 secs] [Times: user=0.01 sys=0.00, real=0.00 secs] 
2825.937: [GC (Allocation Failure) [PSYoungGen: 98160K->1565K(98304K)] 601855K->505260K(798720K), 0.0024995 secs] [Times: user=0.01 sys=0.00, real=0.00 secs] 
2826.192: [GC (Allocation Failure) [PSYoungGen: 97821K->1581K(97792K)] 601516K->505276K(798208K), 0.0025014 secs] [Times: user=0.01 sys=0.00, real=0.00 secs] 
2826.458: [GC (Allocation Failure) [PSYoungGen: 97325K->1408K(96768K)] 601020K->505127K(797184K), 0.0028279 secs] [Times: user=0.01 sys=0.00, real=0.00 secs] 
2826.895: [GC (Allocation Failure) [PSYoungGen: 96640K->1440K(96256K)] 600359K->505159K(796672K), 0.0026394 secs] [Times: user=0.01 sys=0.00, real=0.01 secs] 
2827.289: [GC (Allocation Failure) [PSYoungGen: 96160K->1344K(95744K)] 599879K->505063K(796160K), 0.0026585 secs] [Times: user=0.01 sys=0.00, real=0.00 secs] 
2827.638: [GC (Allocation Failure) [PSYoungGen: 95552K->1501K(95232K)] 599271K->505220K(795648K), 0.0018624 secs] [Times: user=0.01 sys=0.00, real=0.00 secs] 
2827.806: [GC (Allocation Failure) [PSYoungGen: 95197K->1520K(94720K)] 598916K->505239K(795136K), 0.0019047 secs] [Times: user=0.01 sys=0.00, real=0.01 secs] 
2827.972: [GC (Allocation Failure) [PSYoungGen: 94704K->1533K(101376K)] 598423K->505252K(801792K), 0.0019040 secs] [Times: user=0.01 sys=0.00, real=0.00 secs] 
2828.296: [GC (Allocation Failure) [PSYoungGen: 101373K->1408K(100864K)] 605092K->505127K(801280K), 0.0017892 secs] [Times: user=0.01 sys=0.00, real=0.01 secs] 
2829.077: [GC (Allocation Failure) [PSYoungGen: 100736K->1408K(100352K)] 604455K->505127K(800768K), 0.0030470 secs] [Times: user=0.01 sys=0.00, real=0.01 secs] 
2830.315: [GC (Allocation Failure) [PSYoungGen: 100224K->1392K(99840K)] 603943K->505111K(800256K), 0.0057983 secs] [Times: user=0.02 sys=0.01, real=0.01 secs] 
2830.910: [GC (Allocation Failure) [PSYoungGen: 99696K->1536K(99840K)] 603415K->505255K(800256K), 0.0023096 secs] [Times: user=0.01 sys=0.00, real=0.00 secs] 
2831.090: [GC (Allocation Failure) [PSYoungGen: 99328K->1565K(99328K)] 603047K->505284K(799744K), 0.0020351 secs] [Times: user=0.01 sys=0.00, real=0.00 secs] 
2831.474: [GC (Allocation Failure) [PSYoungGen: 98845K->960K(97792K)] 602564K->505703K(798208K), 0.0025527 secs] [Times: user=0.01 sys=0.00, real=0.01 secs] 
2832.977: [GC (Allocation Failure) [PSYoungGen: 97728K->352K(96768K)] 602471K->505095K(797184K), 0.0042438 secs] [Times: user=0.02 sys=0.00, real=0.01 secs] 
2834.242: [GC (Allocation Failure) [PSYoungGen: 96608K->368K(97792K)] 601351K->505111K(798208K), 0.0038720 secs] [Times: user=0.01 sys=0.00, real=0.00 secs] 
2835.144: [GC (Allocation Failure) [PSYoungGen: 96112K->1472K(96768K)] 600855K->506215K(797184K), 0.0028451 secs] [Times: user=0.01 sys=0.00, real=0.01 secs] 
2835.347: [GC (Allocation Failure) [PSYoungGen: 96704K->1565K(96768K)] 601447K->506316K(797184K), 0.0019910 secs] [Times: user=0.01 sys=0.00, real=0.00 secs] 
2835.547: [GC (Allocation Failure) [PSYoungGen: 96285K->1533K(95744K)] 601036K->506284K(796160K), 0.0023279 secs] [Times: user=0.01 sys=0.00, real=0.00 secs] 
2836.028: [GC (Allocation Failure) [PSYoungGen: 95741K->1472K(95744K)] 600492K->506223K(796160K), 0.0026734 secs] [Times: user=0.01 sys=0.00, real=0.00 secs] 
2836.854: [GC (Allocation Failure) [PSYoungGen: 95168K->1344K(94720K)] 599919K->506111K(795136K), 0.0026034 secs] [Times: user=0.01 sys=0.00, real=0.01 secs] 
2837.534: [GC (Allocation Failure) [PSYoungGen: 94528K->1408K(94208K)] 599295K->506175K(794624K), 0.0025815 secs] [Times: user=0.01 sys=0.00, real=0.00 secs] 
2837.882: [GC (Allocation Failure) [PSYoungGen: 94080K->1533K(93696K)] 598847K->506300K(794112K), 0.0019549 secs] [Times: user=0.01 sys=0.00, real=0.00 secs] 
2838.047: [GC (Allocation Failure) [PSYoungGen: 93693K->1517K(93184K)] 598460K->506284K(793600K), 0.0019788 secs] [Times: user=0.01 sys=0.00, real=0.00 secs] 
2838.240: [GC (Allocation Failure) [PSYoungGen: 93165K->1533K(92672K)] 597932K->506300K(793088K), 0.0023153 secs] [Times: user=0.01 sys=0.00, real=0.00 secs] 
2839.071: [GC (Allocation Failure) [PSYoungGen: 92669K->1472K(92160K)] 597436K->506239K(792576K), 0.0033328 secs] [Times: user=0.02 sys=0.00, real=0.00 secs] 
2840.344: [GC (Allocation Failure) [PSYoungGen: 92096K->1408K(91648K)] 596863K->506175K(792064K), 0.0040237 secs] [Times: user=0.02 sys=0.00, real=0.01 secs] 
2841.386: [GC (Allocation Failure) [PSYoungGen: 91520K->1408K(91136K)] 596287K->506175K(791552K), 0.0038643 secs] [Times: user=0.02 sys=0.00, real=0.01 secs] 
2842.054: [GC (Allocation Failure) [PSYoungGen: 91008K->1453K(90624K)] 595775K->506220K(791040K), 0.0023750 secs] [Times: user=0.01 sys=0.00, real=0.01 secs] 
2842.217: [GC (Allocation Failure) [PSYoungGen: 90541K->1533K(90112K)] 595308K->506300K(790528K), 0.0018926 secs] [Times: user=0.01 sys=0.00, real=0.00 secs] 
2842.374: [GC (Allocation Failure) [PSYoungGen: 90109K->1533K(89600K)] 594876K->506300K(790016K), 0.0020299 secs] [Times: user=0.01 sys=0.00, real=0.00 secs] 
2843.150: [GC (Allocation Failure) [PSYoungGen: 89597K->1440K(89088K)] 594364K->506207K(789504K), 0.0051404 secs] [Times: user=0.02 sys=0.00, real=0.00 secs] 
2843.837: [GC (Allocation Failure) [PSYoungGen: 88992K->1376K(88576K)] 593759K->506143K(788992K), 0.0034704 secs] [Times: user=0.02 sys=0.01, real=0.01 secs] 
2844.501: [GC (Allocation Failure) [PSYoungGen: 88416K->1440K(88064K)] 593183K->506207K(788480K), 0.0029461 secs] [Times: user=0.01 sys=0.00, real=0.00 secs] 
2845.039: [GC (Allocation Failure) [PSYoungGen: 87968K->1501K(87552K)] 592735K->506268K(787968K), 0.0024893 secs] [Times: user=0.01 sys=0.00, real=0.00 secs] 
2845.201: [GC (Allocation Failure) [PSYoungGen: 87517K->1533K(87040K)] 592284K->506300K(787456K), 0.0020091 secs] [Times: user=0.01 sys=0.00, real=0.00 secs] 
2845.352: [GC (Allocation Failure) [PSYoungGen: 87037K->1501K(88064K)] 591804K->506292K(788480K), 0.0019770 secs] [Times: user=0.01 sys=0.00, real=0.00 secs] 
2845.857: [GC (Allocation Failure) [PSYoungGen: 87517K->1440K(87040K)] 592308K->506231K(787456K), 0.0026442 secs] [Times: user=0.01 sys=0.00, real=0.00 secs] 
2846.680: [GC (Allocation Failure) [PSYoungGen: 86944K->1392K(86528K)] 591735K->506183K(786944K), 0.0031208 secs] [Times: user=0.01 sys=0.00, real=0.00 secs] 
2847.576: [GC (Allocation Failure) [PSYoungGen: 86384K->1376K(86016K)] 591175K->506167K(786432K), 0.0050972 secs] [Times: user=0.03 sys=0.00, real=0.01 secs] 
2848.718: [GC (Allocation Failure) [PSYoungGen: 85856K->1437K(85504K)] 590647K->506228K(785920K), 0.0034041 secs] [Times: user=0.01 sys=0.00, real=0.00 secs] 
2848.932: [GC (Allocation Failure) [PSYoungGen: 85405K->1485K(84992K)] 590196K->506276K(785408K), 0.0019356 secs] [Times: user=0.01 sys=0.00, real=0.00 secs] 
2849.080: [GC (Allocation Failure) [PSYoungGen: 84941K->1565K(92672K)] 589732K->506356K(793088K), 0.0019782 secs] [Times: user=0.01 sys=0.00, real=0.00 secs] 
2849.491: [GC (Allocation Failure) [PSYoungGen: 92189K->1760K(92160K)] 596980K->506551K(792576K), 0.0022407 secs] [Times: user=0.01 sys=0.00, real=0.00 secs] 
2850.836: [GC (Allocation Failure) [PSYoungGen: 91872K->1392K(91136K)] 596663K->506183K(791552K), 0.0030874 secs] [Times: user=0.01 sys=0.00, real=0.01 secs] 
2851.557: [GC (Allocation Failure) [PSYoungGen: 90992K->1408K(90624K)] 595783K->506199K(791040K), 0.0029561 secs] [Times: user=0.02 sys=0.00, real=0.00 secs] 
2852.360: [GC (Allocation Failure) [PSYoungGen: 90496K->1376K(90112K)] 595287K->506167K(790528K), 0.0031996 secs] [Times: user=0.01 sys=0.01, real=0.00 secs] 
2852.697: [GC (Allocation Failure) [PSYoungGen: 89952K->1485K(89600K)] 594743K->506276K(790016K), 0.0019492 secs] [Times: user=0.01 sys=0.00, real=0.00 secs] 
2852.856: [GC (Allocation Failure) [PSYoungGen: 89549K->1565K(89600K)] 594340K->506356K(790016K), 0.0019731 secs] [Times: user=0.01 sys=0.00, real=0.01 secs] 
2853.011: [GC (Allocation Failure) [PSYoungGen: 89117K->509K(89600K)] 593908K->506324K(790016K), 0.0019461 secs] [Times: user=0.01 sys=0.00, real=0.00 secs] 
2854.026: [GC (Allocation Failure) [PSYoungGen: 89085K->1424K(89600K)] 594900K->507239K(790016K), 0.0032505 secs] [Times: user=0.02 sys=0.00, real=0.01 secs] 
2854.965: [GC (Allocation Failure) [PSYoungGen: 89488K->1376K(89088K)] 595303K->507191K(789504K), 0.0032972 secs] [Times: user=0.02 sys=0.00, real=0.01 secs] 
2855.734: [GC (Allocation Failure) [PSYoungGen: 88928K->1408K(88576K)] 594743K->507223K(788992K), 0.0030514 secs] [Times: user=0.01 sys=0.00, real=0.01 secs] 
2856.222: [GC (Allocation Failure) [PSYoungGen: 88448K->1533K(88064K)] 594263K->507348K(788480K), 0.0024956 secs] [Times: user=0.01 sys=0.00, real=0.00 secs] 
2856.442: [GC (Allocation Failure) [PSYoungGen: 88061K->1504K(87552K)] 593876K->507343K(787968K), 0.0027143 secs] [Times: user=0.02 sys=0.00, real=0.00 secs] 
2856.673: [GC (Allocation Failure) [PSYoungGen: 87500K->1533K(87040K)] 593339K->507372K(787456K), 0.0026949 secs] [Times: user=0.01 sys=0.00, real=0.00 secs] 
2857.528: [GC (Allocation Failure) [PSYoungGen: 87037K->1424K(86528K)] 592876K->507263K(786944K), 0.0058165 secs] [Times: user=0.02 sys=0.00, real=0.00 secs] 
2858.266: [GC (Allocation Failure) [PSYoungGen: 86416K->1376K(86016K)] 592255K->507215K(786432K), 0.0040978 secs] [Times: user=0.02 sys=0.01, real=0.01 secs] 
2859.101: [GC (Allocation Failure) [PSYoungGen: 85856K->1360K(85504K)] 591695K->507223K(785920K), 0.0044049 secs] [Times: user=0.02 sys=0.00, real=0.00 secs] 
2859.670: [GC (Allocation Failure) [PSYoungGen: 85328K->1501K(84992K)] 591191K->507364K(785408K), 0.0024713 secs] [Times: user=0.01 sys=0.00, real=0.00 secs] 
2859.841: [GC (Allocation Failure) [PSYoungGen: 84957K->1565K(84992K)] 590820K->507428K(785408K), 0.0020019 secs] [Times: user=0.01 sys=0.00, real=0.00 secs] 
2859.990: [GC (Allocation Failure) [PSYoungGen: 84509K->1472K(84992K)] 590372K->507335K(785408K), 0.0019100 secs] [Times: user=0.01 sys=0.00, real=0.00 secs] 
2860.735: [GC (Allocation Failure) [PSYoungGen: 84928K->1472K(84480K)] 590791K->507335K(784896K), 0.0025936 secs] [Times: user=0.01 sys=0.00, real=0.01 secs] 
2861.465: [GC (Allocation Failure) [PSYoungGen: 84416K->1392K(83968K)] 590279K->507255K(784384K), 0.0037979 secs] [Times: user=0.01 sys=0.00, real=0.01 secs] 
2862.148: [GC (Allocation Failure) [PSYoungGen: 83824K->1424K(83456K)] 589687K->507287K(783872K), 0.0026427 secs] [Times: user=0.01 sys=0.01, real=0.00 secs] 
2862.920: [GC (Allocation Failure) [PSYoungGen: 83344K->1360K(82944K)] 589207K->507223K(783360K), 0.0033825 secs] [Times: user=0.01 sys=0.00, real=0.00 secs] 
2863.161: [GC (Allocation Failure) [PSYoungGen: 82768K->1565K(82944K)] 588631K->507428K(783360K), 0.0019918 secs] [Times: user=0.01 sys=0.00, real=0.00 secs] 
2863.305: [GC (Allocation Failure) [PSYoungGen: 82461K->1533K(81920K)] 588324K->507396K(782336K), 0.0019265 secs] [Times: user=0.01 sys=0.00, real=0.01 secs] 
2863.449: [GC (Allocation Failure) [PSYoungGen: 81917K->1485K(82944K)] 587780K->507348K(783360K), 0.0019771 secs] [Times: user=0.00 sys=0.00, real=0.00 secs] 
2864.997: [GC (Allocation Failure) [PSYoungGen: 82381K->1440K(81920K)] 588244K->507303K(782336K), 0.0058940 secs] [Times: user=0.03 sys=0.00, real=0.00 secs] 
2865.846: [GC (Allocation Failure) [PSYoungGen: 81824K->1376K(81408K)] 587687K->507239K(781824K), 0.0031218 secs] [Times: user=0.01 sys=0.01, real=0.01 secs] 
2866.518: [GC (Allocation Failure) [PSYoungGen: 81248K->1392K(81408K)] 587111K->507271K(781824K), 0.0027678 secs] [Times: user=0.02 sys=0.00, real=0.00 secs] 
2867.052: [GC (Allocation Failure) [PSYoungGen: 81264K->1453K(81408K)] 587143K->507332K(781824K), 0.0024525 secs] [Times: user=0.01 sys=0.00, real=0.00 secs] 
2867.204: [GC (Allocation Failure) [PSYoungGen: 81325K->1504K(81408K)] 587204K->507415K(781824K), 0.0019613 secs] [Times: user=0.01 sys=0.00, real=0.00 secs] 
2867.346: [GC (Allocation Failure) [PSYoungGen: 81376K->1549K(87040K)] 587287K->507460K(787456K), 0.0018411 secs] [Times: user=0.01 sys=0.00, real=0.01 secs] 
2867.667: [GC (Allocation Failure) [PSYoungGen: 86541K->2016K(89088K)] 592452K->508439K(789504K), 0.0023812 secs] [Times: user=0.01 sys=0.00, real=0.00 secs] 
2868.736: [GC (Allocation Failure) [PSYoungGen: 89056K->1408K(88064K)] 595479K->507831K(788480K), 0.0038427 secs] [Times: user=0.01 sys=0.00, real=0.01 secs] 
2869.475: [GC (Allocation Failure) [PSYoungGen: 87936K->1376K(87552K)] 594359K->507799K(787968K), 0.0033651 secs] [Times: user=0.01 sys=0.00, real=0.01 secs] 
2870.409: [GC (Allocation Failure) [PSYoungGen: 87392K->1440K(87040K)] 593815K->507863K(787456K), 0.0033028 secs] [Times: user=0.01 sys=0.00, real=0.00 secs] 
2870.804: [GC (Allocation Failure) [PSYoungGen: 86944K->1533K(86528K)] 593367K->507956K(786944K), 0.0019825 secs] [Times: user=0.00 sys=0.00, real=0.00 secs] 
2870.955: [GC (Allocation Failure) [PSYoungGen: 86525K->1517K(86016K)] 592948K->507940K(786432K), 0.0018944 secs] [Times: user=0.00 sys=0.00, real=0.01 secs] 
2871.106: [GC (Allocation Failure) [PSYoungGen: 85997K->1504K(86528K)] 592420K->507927K(786944K), 0.0020732 secs] [Times: user=0.01 sys=0.00, real=0.01 secs] 
2871.674: [GC (Allocation Failure) [PSYoungGen: 85984K->1472K(85504K)] 592407K->507895K(785920K), 0.0025326 secs] [Times: user=0.01 sys=0.00, real=0.00 secs] 
2872.025: [GC (Allocation Failure) [PSYoungGen: 85440K->1376K(84992K)] 591863K->507799K(785408K), 0.0023731 secs] [Times: user=0.01 sys=0.00, real=0.01 secs] 
2872.502: [GC (Allocation Failure) [PSYoungGen: 84832K->1376K(84480K)] 591255K->507799K(784896K), 0.0023996 secs] [Times: user=0.01 sys=0.00, real=0.00 secs] 
2872.960: [GC (Allocation Failure) [PSYoungGen: 84320K->1533K(83968K)] 590743K->507956K(784384K), 0.0019367 secs] [Times: user=0.01 sys=0.00, real=0.00 secs] 
2873.109: [GC (Allocation Failure) [PSYoungGen: 83965K->1533K(83456K)] 590388K->507956K(783872K), 0.0020304 secs] [Times: user=0.01 sys=0.00, real=0.00 secs] 
2873.257: [GC (Allocation Failure) [PSYoungGen: 83453K->1517K(83968K)] 589876K->507940K(784384K), 0.0019348 secs] [Times: user=0.00 sys=0.00, real=0.01 secs] 
2873.680: [GC (Allocation Failure) [PSYoungGen: 83437K->1472K(82944K)] 589860K->507895K(783360K), 0.0021916 secs] [Times: user=0.01 sys=0.00, real=0.00 secs] 
2874.205: [GC (Allocation Failure) [PSYoungGen: 82880K->1408K(82432K)] 589303K->507831K(782848K), 0.0030145 secs] [Times: user=0.01 sys=0.00, real=0.01 secs] 
2874.581: [GC (Allocation Failure) [PSYoungGen: 82304K->1376K(81920K)] 588727K->507815K(782336K), 0.0029755 secs] [Times: user=0.01 sys=0.00, real=0.00 secs] 
2875.203: [GC (Allocation Failure) [PSYoungGen: 81760K->1376K(81408K)] 588199K->507815K(781824K), 0.0033975 secs] [Times: user=0.02 sys=0.00, real=0.00 secs] 
2875.582: [GC (Allocation Failure) [PSYoungGen: 81248K->1501K(81920K)] 587687K->507940K(782336K), 0.0023177 secs] [Times: user=0.01 sys=0.00, real=0.00 secs] 
2875.772: [GC (Allocation Failure) [PSYoungGen: 81373K->1533K(81920K)] 587812K->507972K(782336K), 0.0022256 secs] [Times: user=0.01 sys=0.00, real=0.00 secs] 
2875.934: [GC (Allocation Failure) [PSYoungGen: 81405K->1533K(81920K)] 587844K->507988K(782336K), 0.0020678 secs] [Times: user=0.01 sys=0.00, real=0.00 secs] 
2876.277: [GC (Allocation Failure) [PSYoungGen: 81405K->1488K(89088K)] 587860K->507943K(789504K), 0.0344596 secs] [Times: user=0.09 sys=0.08, real=0.03 secs] 
2876.733: [GC (Allocation Failure) [PSYoungGen: 88528K->1408K(89088K)] 594983K->507863K(789504K), 0.0023337 secs] [Times: user=0.01 sys=0.00, real=0.00 secs] 
2877.142: [GC (Allocation Failure) [PSYoungGen: 88448K->1424K(99840K)] 594903K->507879K(800256K), 0.0040717 secs] [Times: user=0.01 sys=0.01, real=0.00 secs] 
2877.496: [GC (Allocation Failure) [PSYoungGen: 99728K->1533K(100352K)] 606183K->507988K(800768K), 0.0041580 secs] [Times: user=0.01 sys=0.00, real=0.01 secs] 
2877.675: [GC (Allocation Failure) [PSYoungGen: 99837K->1581K(112640K)] 606292K->508045K(813056K), 0.0027466 secs] [Times: user=0.01 sys=0.00, real=0.01 secs] 
2877.877: [GC (Allocation Failure) [PSYoungGen: 112173K->1565K(112640K)] 618637K->508028K(813056K), 0.0019903 secs] [Times: user=0.01 sys=0.00, real=0.00 secs] 
2880.225: [GC (Allocation Failure) [PSYoungGen: 112157K->1456K(123904K)] 618620K->507919K(824320K), 0.0086688 secs] [Times: user=0.02 sys=0.02, real=0.01 secs] 
2882.282: [GC (Allocation Failure) [PSYoungGen: 123824K->1408K(124928K)] 630287K->507871K(825344K), 0.0035732 secs] [Times: user=0.02 sys=0.00, real=0.00 secs] 
2882.944: [GC (Allocation Failure) [PSYoungGen: 124288K->1520K(123392K)] 630751K->507983K(823808K), 0.0018195 secs] [Times: user=0.01 sys=0.00, real=0.00 secs] 
2883.164: [GC (Allocation Failure) [PSYoungGen: 123376K->1565K(135168K)] 629839K->508028K(835584K), 0.0046794 secs] [Times: user=0.02 sys=0.00, real=0.01 secs] 
2884.174: [GC (Allocation Failure) [PSYoungGen: 134685K->1440K(136192K)] 641148K->507903K(836608K), 0.0051027 secs] [Times: user=0.02 sys=0.00, real=0.01 secs] 
2885.292: [GC (Allocation Failure) [PSYoungGen: 135584K->1408K(134656K)] 642047K->507871K(835072K), 0.0028153 secs] [Times: user=0.01 sys=0.00, real=0.00 secs] 
2885.831: [GC (Allocation Failure) [PSYoungGen: 134528K->1501K(133632K)] 640991K->507964K(834048K), 0.0018057 secs] [Times: user=0.00 sys=0.00, real=0.00 secs] 
2886.064: [GC (Allocation Failure) [PSYoungGen: 133597K->1565K(133120K)] 640060K->508028K(833536K), 0.0020498 secs] [Times: user=0.00 sys=0.00, real=0.00 secs] 
2886.536: [GC (Allocation Failure) [PSYoungGen: 132637K->464K(130560K)] 639100K->507951K(830976K), 0.0025091 secs] [Times: user=0.01 sys=0.00, real=0.01 secs] 
2887.452: [GC (Allocation Failure) [PSYoungGen: 130512K->352K(131072K)] 637999K->507839K(831488K), 0.0024178 secs] [Times: user=0.01 sys=0.00, real=0.00 secs] 
2888.315: [GC (Allocation Failure) [PSYoungGen: 129376K->1437K(129536K)] 636863K->508924K(829952K), 0.0052253 secs] [Times: user=0.03 sys=0.00, real=0.01 secs] 
2888.609: [GC (Allocation Failure) [PSYoungGen: 129437K->1565K(129024K)] 636924K->509052K(829440K), 0.0020358 secs] [Times: user=0.01 sys=0.00, real=0.00 secs] 
2889.185: [GC (Allocation Failure) [PSYoungGen: 128541K->512K(126976K)] 636028K->509031K(827392K), 0.0046442 secs] [Times: user=0.02 sys=0.00, real=0.01 secs] 
2890.812: [GC (Allocation Failure) [PSYoungGen: 126464K->368K(125440K)] 634983K->508887K(825856K), 0.0039375 secs] [Times: user=0.02 sys=0.01, real=0.00 secs] 
2892.493: [GC (Allocation Failure) [PSYoungGen: 125296K->320K(124416K)] 633815K->508839K(824832K), 0.0051067 secs] [Times: user=0.02 sys=0.00, real=0.01 secs] 
2892.877: [GC (Allocation Failure) [PSYoungGen: 124224K->1565K(125440K)] 632743K->510085K(825856K), 0.0020302 secs] [Times: user=0.01 sys=0.00, real=0.00 secs] 
2893.139: [GC (Allocation Failure) [PSYoungGen: 124445K->1552K(123904K)] 632965K->510079K(824320K), 0.0023299 secs] [Times: user=0.01 sys=0.00, real=0.00 secs] 
2894.217: [GC (Allocation Failure) [PSYoungGen: 123408K->1408K(122368K)] 631935K->509935K(822784K), 0.0036685 secs] [Times: user=0.01 sys=0.00, real=0.00 secs] 
2895.358: [GC (Allocation Failure) [PSYoungGen: 122240K->1408K(121344K)] 630767K->509935K(821760K), 0.0035127 secs] [Times: user=0.02 sys=0.00, real=0.00 secs] 
2895.817: [GC (Allocation Failure) [PSYoungGen: 121216K->1469K(120320K)] 629743K->509997K(820736K), 0.0019370 secs] [Times: user=0.01 sys=0.00, real=0.01 secs] 
2896.028: [GC (Allocation Failure) [PSYoungGen: 120253K->1597K(119808K)] 628781K->510133K(820224K), 0.0020311 secs] [Times: user=0.01 sys=0.00, real=0.00 secs] 
2897.321: [GC (Allocation Failure) [PSYoungGen: 119357K->1440K(118272K)] 627893K->509975K(818688K), 0.0061727 secs] [Times: user=0.03 sys=0.00, real=0.01 secs] 
2898.382: [GC (Allocation Failure) [PSYoungGen: 118176K->1440K(117248K)] 626711K->509975K(817664K), 0.0033818 secs] [Times: user=0.01 sys=0.00, real=0.00 secs] 
2899.233: [GC (Allocation Failure) [PSYoungGen: 117152K->1376K(116736K)] 625687K->509911K(817152K), 0.0026705 secs] [Times: user=0.01 sys=0.00, real=0.00 secs] 
2899.554: [GC (Allocation Failure) [PSYoungGen: 116576K->1581K(116736K)] 625111K->510125K(817152K), 0.0020027 secs] [Times: user=0.01 sys=0.00, real=0.00 secs] 
2899.756: [GC (Allocation Failure) [PSYoungGen: 116269K->1597K(116224K)] 624813K->510141K(816640K), 0.0020375 secs] [Times: user=0.00 sys=0.00, real=0.01 secs] 
2901.032: [GC (Allocation Failure) [PSYoungGen: 115773K->1424K(115200K)] 624317K->509967K(815616K), 0.0040953 secs] [Times: user=0.01 sys=0.00, real=0.00 secs] 
2902.682: [GC (Allocation Failure) [PSYoungGen: 115088K->1392K(114688K)] 623631K->509935K(815104K), 0.0042640 secs] [Times: user=0.02 sys=0.00, real=0.00 secs] 
2904.136: [GC (Allocation Failure) [PSYoungGen: 114544K->1517K(114176K)] 623087K->510069K(814592K), 0.0040780 secs] [Times: user=0.01 sys=0.00, real=0.01 secs] 
2904.383: [GC (Allocation Failure) [PSYoungGen: 114157K->1600K(114176K)] 622709K->510151K(814592K), 0.0019596 secs] [Times: user=0.01 sys=0.00, real=0.00 secs] 
2904.586: [GC (Allocation Failure) [PSYoungGen: 113728K->512K(112640K)] 622279K->510087K(813056K), 0.0018966 secs] [Times: user=0.01 sys=0.00, real=0.01 secs] 
2906.067: [GC (Allocation Failure) [PSYoungGen: 112128K->1440K(112640K)] 621703K->511015K(813056K), 0.0040069 secs] [Times: user=0.02 sys=0.00, real=0.00 secs] 
2907.459: [GC (Allocation Failure) [PSYoungGen: 112544K->1424K(112128K)] 622119K->510999K(812544K), 0.0040961 secs] [Times: user=0.01 sys=0.00, real=0.00 secs] 
2908.357: [GC (Allocation Failure) [PSYoungGen: 112016K->1501K(111616K)] 621591K->511077K(812032K), 0.0024485 secs] [Times: user=0.01 sys=0.00, real=0.00 secs] 
2908.556: [GC (Allocation Failure) [PSYoungGen: 111581K->1565K(111616K)] 621157K->511141K(812032K), 0.0018795 secs] [Times: user=0.01 sys=0.00, real=0.01 secs] 
2908.843: [GC (Allocation Failure) [PSYoungGen: 111133K->1504K(110592K)] 620709K->511079K(811008K), 0.0026197 secs] [Times: user=0.01 sys=0.00, real=0.00 secs] 
2909.510: [GC (Allocation Failure) [PSYoungGen: 110560K->1376K(110080K)] 620135K->510951K(810496K), 0.0042214 secs] [Times: user=0.02 sys=0.00, real=0.00 secs] 
2910.219: [GC (Allocation Failure) [PSYoungGen: 109920K->1376K(109568K)] 619495K->510967K(809984K), 0.0029619 secs] [Times: user=0.01 sys=0.00, real=0.00 secs] 
2910.839: [GC (Allocation Failure) [PSYoungGen: 109408K->1517K(109056K)] 618999K->511109K(809472K), 0.0024781 secs] [Times: user=0.01 sys=0.00, real=0.00 secs] 
2911.033: [GC (Allocation Failure) [PSYoungGen: 109037K->1549K(109056K)] 618629K->511141K(809472K), 0.0021044 secs] [Times: user=0.00 sys=0.00, real=0.00 secs] 
2911.491: [GC (Allocation Failure) [PSYoungGen: 108557K->448K(107008K)] 618149K->511063K(807424K), 0.0026635 secs] [Times: user=0.01 sys=0.00, real=0.00 secs] 
2912.936: [GC (Allocation Failure) [PSYoungGen: 106944K->352K(106496K)] 617559K->510967K(806912K), 0.0029096 secs] [Times: user=0.01 sys=0.00, real=0.01 secs] 
2914.273: [GC (Allocation Failure) [PSYoungGen: 106336K->384K(105984K)] 616951K->510999K(806400K), 0.0042863 secs] [Times: user=0.01 sys=0.00, real=0.01 secs] 
2915.311: [GC (Allocation Failure) [PSYoungGen: 105856K->1501K(107520K)] 616471K->512117K(807936K), 0.0024046 secs] [Times: user=0.01 sys=0.00, real=0.00 secs] 
2915.582: [GC (Allocation Failure) [PSYoungGen: 106461K->1565K(106496K)] 617077K->512181K(806912K), 0.0025213 secs] [Times: user=0.01 sys=0.00, real=0.00 secs] 
2915.773: [GC (Allocation Failure) [PSYoungGen: 106013K->432K(104448K)] 616629K->511047K(804864K), 0.0020566 secs] [Times: user=0.00 sys=0.00, real=0.00 secs] 
2917.458: [GC (Allocation Failure) [PSYoungGen: 104368K->1344K(105472K)] 614983K->511959K(805888K), 0.0031086 secs] [Times: user=0.01 sys=0.00, real=0.00 secs] 
2918.247: [GC (Allocation Failure) [PSYoungGen: 104768K->1392K(104448K)] 615383K->512023K(804864K), 0.0026706 secs] [Times: user=0.01 sys=0.00, real=0.00 secs] 
2919.038: [GC (Allocation Failure) [PSYoungGen: 104304K->1501K(104448K)] 614935K->512133K(804864K), 0.0030631 secs] [Times: user=0.02 sys=0.00, real=0.00 secs] 
2919.264: [GC (Allocation Failure) [PSYoungGen: 103901K->1517K(103424K)] 614533K->512149K(803840K), 0.0019893 secs] [Times: user=0.01 sys=0.00, real=0.00 secs] 
2919.446: [GC (Allocation Failure) [PSYoungGen: 103405K->1565K(103424K)] 614037K->512197K(803840K), 0.0020479 secs] [Times: user=0.01 sys=0.00, real=0.01 secs] 
2921.875: [GC (Allocation Failure) [PSYoungGen: 102941K->1440K(102400K)] 613573K->512071K(802816K), 0.0036023 secs] [Times: user=0.02 sys=0.00, real=0.01 secs] 
2922.305: [GC (Allocation Failure) [PSYoungGen: 102304K->1344K(102400K)] 612935K->511975K(802816K), 0.0026107 secs] [Times: user=0.01 sys=0.00, real=0.01 secs] 
2922.777: [GC (Allocation Failure) [PSYoungGen: 101696K->1360K(101376K)] 612327K->511991K(801792K), 0.0026383 secs] [Times: user=0.01 sys=0.00, real=0.00 secs] 
2923.004: [GC (Allocation Failure) [PSYoungGen: 101200K->1549K(101376K)] 611831K->512181K(801792K), 0.0020690 secs] [Times: user=0.01 sys=0.00, real=0.00 secs] 
2923.180: [GC (Allocation Failure) [PSYoungGen: 100877K->1597K(100864K)] 611509K->512229K(801280K), 0.0020185 secs] [Times: user=0.00 sys=0.00, real=0.00 secs] 
2923.691: [GC (Allocation Failure) [PSYoungGen: 100413K->1472K(100352K)] 611045K->512103K(800768K), 0.0025642 secs] [Times: user=0.01 sys=0.00, real=0.00 secs] 
2924.814: [GC (Allocation Failure) [PSYoungGen: 99776K->1408K(99328K)] 610407K->512039K(799744K), 0.0040848 secs] [Times: user=0.02 sys=0.00, real=0.01 secs] 
2925.684: [GC (Allocation Failure) [PSYoungGen: 99200K->1440K(98816K)] 609831K->512071K(799232K), 0.0028099 secs] [Times: user=0.01 sys=0.00, real=0.00 secs] 
2926.375: [GC (Allocation Failure) [PSYoungGen: 98720K->1472K(98304K)] 609351K->512103K(798720K), 0.0023008 secs] [Times: user=0.01 sys=0.00, real=0.01 secs] 
2926.551: [GC (Allocation Failure) [PSYoungGen: 98240K->1565K(98304K)] 608871K->512197K(798720K), 0.0020354 secs] [Times: user=0.01 sys=0.00, real=0.00 secs] 
2926.721: [GC (Allocation Failure) [PSYoungGen: 97821K->1517K(97280K)] 608453K->512173K(797696K), 0.0020597 secs] [Times: user=0.00 sys=0.00, real=0.00 secs] 
2927.625: [GC (Allocation Failure) [PSYoungGen: 97261K->1440K(96768K)] 607917K->512095K(797184K), 0.0032333 secs] [Times: user=0.01 sys=0.00, real=0.01 secs] 
2928.131: [GC (Allocation Failure) [PSYoungGen: 96672K->1376K(96256K)] 607327K->512031K(796672K), 0.0025746 secs] [Times: user=0.01 sys=0.00, real=0.00 secs] 
2928.850: [GC (Allocation Failure) [PSYoungGen: 96096K->1344K(95744K)] 606751K->511999K(796160K), 0.0037828 secs] [Times: user=0.01 sys=0.00, real=0.00 secs] 
2929.199: [GC (Allocation Failure) [PSYoungGen: 95552K->1565K(95744K)] 606207K->512221K(796160K), 0.0021908 secs] [Times: user=0.01 sys=0.00, real=0.00 secs] 
2929.366: [GC (Allocation Failure) [PSYoungGen: 95261K->509K(93696K)] 605917K->512189K(794112K), 0.0019400 secs] [Times: user=0.01 sys=0.00, real=0.01 secs] 
2929.733: [GC (Allocation Failure) [PSYoungGen: 93693K->1472K(94720K)] 605373K->513151K(795136K), 0.0022920 secs] [Times: user=0.01 sys=0.00, real=0.00 secs] 
2931.115: [GC (Allocation Failure) [PSYoungGen: 94144K->1376K(93696K)] 605823K->513055K(794112K), 0.0043503 secs] [Times: user=0.01 sys=0.00, real=0.01 secs] 
2932.502: [GC (Allocation Failure) [PSYoungGen: 93536K->1408K(93184K)] 605215K->513087K(793600K), 0.0060059 secs] [Times: user=0.03 sys=0.00, real=0.01 secs] 
2933.812: [GC (Allocation Failure) [PSYoungGen: 93056K->1437K(92672K)] 604735K->513117K(793088K), 0.0038092 secs] [Times: user=0.02 sys=0.00, real=0.00 secs] 
2934.054: [GC (Allocation Failure) [PSYoungGen: 92573K->1520K(92160K)] 604253K->513199K(792576K), 0.0019196 secs] [Times: user=0.01 sys=0.00, real=0.00 secs] 
2934.214: [GC (Allocation Failure) [PSYoungGen: 92144K->1517K(91648K)] 603823K->513197K(792064K), 0.0020402 secs] [Times: user=0.01 sys=0.00, real=0.00 secs] 
2934.581: [GC (Allocation Failure) [PSYoungGen: 91629K->1440K(91136K)] 603309K->513119K(791552K), 0.0021421 secs] [Times: user=0.01 sys=0.00, real=0.00 secs] 
2935.646: [GC (Allocation Failure) [PSYoungGen: 91040K->1344K(90624K)] 602719K->513023K(791040K), 0.0021359 secs] [Times: user=0.01 sys=0.00, real=0.01 secs] 
2936.604: [GC (Allocation Failure) [PSYoungGen: 90432K->1408K(90112K)] 602111K->513087K(790528K), 0.0023315 secs] [Times: user=0.01 sys=0.00, real=0.00 secs] 
2937.593: [GC (Allocation Failure) [PSYoungGen: 89984K->1469K(89600K)] 601663K->513149K(790016K), 0.0038592 secs] [Times: user=0.02 sys=0.00, real=0.00 secs] 
2937.829: [GC (Allocation Failure) [PSYoungGen: 89533K->1549K(89600K)] 601213K->513237K(790016K), 0.0020331 secs] [Times: user=0.01 sys=0.00, real=0.00 secs] 
2937.984: [GC (Allocation Failure) [PSYoungGen: 89101K->493K(87552K)] 600789K->513205K(787968K), 0.0020532 secs] [Times: user=0.01 sys=0.00, real=0.00 secs] 
2938.214: [GC (Allocation Failure) [PSYoungGen: 87533K->2032K(88576K)] 600245K->515255K(788992K), 0.0024355 secs] [Times: user=0.01 sys=0.00, real=0.00 secs] 
2938.954: [GC (Allocation Failure) [PSYoungGen: 88560K->1376K(87552K)] 601783K->514599K(787968K), 0.0024067 secs] [Times: user=0.01 sys=0.00, real=0.00 secs] 
2939.892: [GC (Allocation Failure) [PSYoungGen: 87392K->1408K(87040K)] 600615K->514631K(787456K), 0.0027569 secs] [Times: user=0.01 sys=0.00, real=0.00 secs] 
2940.536: [GC (Allocation Failure) [PSYoungGen: 86912K->1392K(86528K)] 600135K->514623K(786944K), 0.0025323 secs] [Times: user=0.01 sys=0.00, real=0.01 secs] 
2940.771: [GC (Allocation Failure) [PSYoungGen: 86384K->1533K(86016K)] 599615K->514765K(786432K), 0.0020923 secs] [Times: user=0.01 sys=0.00, real=0.00 secs] 
2940.924: [GC (Allocation Failure) [PSYoungGen: 86013K->1517K(85504K)] 599245K->514781K(785920K), 0.0019932 secs] [Times: user=0.01 sys=0.00, real=0.00 secs] 
2941.073: [GC (Allocation Failure) [PSYoungGen: 85485K->1517K(86528K)] 598749K->514781K(786944K), 0.0020237 secs] [Times: user=0.01 sys=0.00, real=0.00 secs] 
2941.848: [GC (Allocation Failure) [PSYoungGen: 85997K->1408K(85504K)] 599261K->514671K(785920K), 0.0024095 secs] [Times: user=0.01 sys=0.00, real=0.00 secs] 
2942.609: [GC (Allocation Failure) [PSYoungGen: 85376K->1392K(84992K)] 598639K->514655K(785408K), 0.0024291 secs] [Times: user=0.00 sys=0.01, real=0.00 secs] 
2943.141: [GC (Allocation Failure) [PSYoungGen: 84848K->1312K(84480K)] 598111K->514575K(784896K), 0.0024750 secs] [Times: user=0.01 sys=0.00, real=0.00 secs] 
2943.437: [GC (Allocation Failure) [PSYoungGen: 84256K->1533K(83968K)] 597519K->514797K(784384K), 0.0019601 secs] [Times: user=0.01 sys=0.00, real=0.00 secs] 
2943.587: [GC (Allocation Failure) [PSYoungGen: 83965K->1501K(83456K)] 597229K->514765K(783872K), 0.0018744 secs] [Times: user=0.01 sys=0.00, real=0.01 secs] 
2943.764: [GC (Allocation Failure) [PSYoungGen: 83421K->1565K(91136K)] 596685K->514845K(791552K), 0.0024194 secs] [Times: user=0.01 sys=0.00, real=0.00 secs] 
2944.328: [GC (Allocation Failure) [PSYoungGen: 90653K->1472K(91136K)] 603933K->514751K(791552K), 0.0037157 secs] [Times: user=0.01 sys=0.00, real=0.00 secs] 
2945.380: [GC (Allocation Failure) [PSYoungGen: 90560K->1408K(90112K)] 603839K->514687K(790528K), 0.0033130 secs] [Times: user=0.02 sys=0.00, real=0.00 secs] 
2946.557: [GC (Allocation Failure) [PSYoungGen: 89984K->1408K(89600K)] 603263K->514687K(790016K), 0.0035430 secs] [Times: user=0.01 sys=0.00, real=0.00 secs] 
2947.348: [GC (Allocation Failure) [PSYoungGen: 89472K->1501K(89088K)] 602751K->514781K(789504K), 0.0027226 secs] [Times: user=0.01 sys=0.00, real=0.00 secs] 
2947.529: [GC (Allocation Failure) [PSYoungGen: 89053K->1501K(88576K)] 602333K->514781K(788992K), 0.0020610 secs] [Times: user=0.01 sys=0.00, real=0.00 secs] 
2947.683: [GC (Allocation Failure) [PSYoungGen: 88541K->1517K(88064K)] 601821K->514797K(788480K), 0.0019617 secs] [Times: user=0.01 sys=0.00, real=0.00 secs] 
2948.228: [GC (Allocation Failure) [PSYoungGen: 88045K->1440K(87552K)] 601325K->514719K(787968K), 0.0042330 secs] [Times: user=0.01 sys=0.00, real=0.00 secs] 
2949.290: [GC (Allocation Failure) [PSYoungGen: 87456K->1424K(87040K)] 600735K->514703K(787456K), 0.0034640 secs] [Times: user=0.01 sys=0.00, real=0.00 secs] 
2950.053: [GC (Allocation Failure) [PSYoungGen: 86928K->1408K(86528K)] 600207K->514687K(786944K), 0.0030575 secs] [Times: user=0.01 sys=0.00, real=0.00 secs] 
2950.569: [GC (Allocation Failure) [PSYoungGen: 86400K->1344K(86016K)] 599679K->514623K(786432K), 0.0025539 secs] [Times: user=0.01 sys=0.00, real=0.00 secs] 
2950.769: [GC (Allocation Failure) [PSYoungGen: 85824K->1533K(85504K)] 599103K->514813K(785920K), 0.0020562 secs] [Times: user=0.01 sys=0.00, real=0.00 secs] 
2950.920: [GC (Allocation Failure) [PSYoungGen: 85501K->1517K(86016K)] 598781K->514797K(786432K), 0.0020411 secs] [Times: user=0.01 sys=0.00, real=0.00 secs] 
2951.070: [GC (Allocation Failure) [PSYoungGen: 85485K->1565K(93184K)] 598765K->514845K(793600K), 0.0019070 secs] [Times: user=0.01 sys=0.00, real=0.00 secs] 
2952.278: [GC (Allocation Failure) [PSYoungGen: 92701K->1376K(92160K)] 605981K->514655K(792576K), 0.0039535 secs] [Times: user=0.02 sys=0.00, real=0.00 secs] 
2953.607: [GC (Allocation Failure) [PSYoungGen: 92000K->1376K(91648K)] 605279K->514655K(792064K), 0.0049298 secs] [Times: user=0.02 sys=0.00, real=0.00 secs] 
2954.954: [GC (Allocation Failure) [PSYoungGen: 91488K->1344K(91136K)] 604767K->514623K(791552K), 0.0041212 secs] [Times: user=0.02 sys=0.00, real=0.01 secs] 
2955.498: [GC (Allocation Failure) [PSYoungGen: 90944K->1549K(91136K)] 604223K->514829K(791552K), 0.0022852 secs] [Times: user=0.01 sys=0.00, real=0.00 secs] 
2955.709: [GC (Allocation Failure) [PSYoungGen: 90637K->1533K(90112K)] 603917K->514813K(790528K), 0.0025122 secs] [Times: user=0.01 sys=0.00, real=0.00 secs] 
2955.950: [GC (Allocation Failure) [PSYoungGen: 90109K->1517K(89600K)] 603389K->514797K(790016K), 0.0025139 secs] [Times: user=0.01 sys=0.00, real=0.00 secs] 
2956.670: [GC (Allocation Failure) [PSYoungGen: 89581K->1392K(89088K)] 602861K->514687K(789504K), 0.0028510 secs] [Times: user=0.01 sys=0.00, real=0.00 secs] 
2957.430: [GC (Allocation Failure) [PSYoungGen: 88944K->1376K(88576K)] 602239K->514671K(788992K), 0.0027785 secs] [Times: user=0.01 sys=0.00, real=0.00 secs] 
2958.031: [GC (Allocation Failure) [PSYoungGen: 88416K->1408K(88064K)] 601711K->514703K(788480K), 0.0031593 secs] [Times: user=0.01 sys=0.00, real=0.00 secs] 
2958.409: [GC (Allocation Failure) [PSYoungGen: 87936K->1472K(87552K)] 601231K->514767K(787968K), 0.0025640 secs] [Times: user=0.01 sys=0.00, real=0.00 secs] 
2958.579: [GC (Allocation Failure) [PSYoungGen: 87488K->1472K(87040K)] 600783K->514767K(787456K), 0.0020505 secs] [Times: user=0.01 sys=0.00, real=0.00 secs] 
2958.730: [GC (Allocation Failure) [PSYoungGen: 86976K->1501K(87552K)] 600271K->514797K(787968K), 0.0019812 secs] [Times: user=0.01 sys=0.00, real=0.00 secs] 
2959.139: [GC (Allocation Failure) [PSYoungGen: 87517K->1440K(87040K)] 600813K->514735K(787456K), 0.0023026 secs] [Times: user=0.01 sys=0.00, real=0.00 secs] 
2959.575: [GC (Allocation Failure) [PSYoungGen: 86944K->1392K(86528K)] 600239K->514687K(786944K), 0.0023746 secs] [Times: user=0.01 sys=0.00, real=0.01 secs] 
2960.300: [GC (Allocation Failure) [PSYoungGen: 86384K->1360K(86016K)] 599679K->514655K(786432K), 0.0026212 secs] [Times: user=0.01 sys=0.00, real=0.00 secs] 
2961.032: [GC (Allocation Failure) [PSYoungGen: 85840K->1485K(85504K)] 599135K->514781K(785920K), 0.0029500 secs] [Times: user=0.02 sys=0.00, real=0.00 secs] 
2961.265: [GC (Allocation Failure) [PSYoungGen: 85453K->1565K(85504K)] 598749K->514861K(785920K), 0.0021845 secs] [Times: user=0.01 sys=0.00, real=0.01 secs] 
2961.439: [GC (Allocation Failure) [PSYoungGen: 85021K->1533K(85504K)] 598317K->514829K(785920K), 0.0023982 secs] [Times: user=0.01 sys=0.00, real=0.00 secs] 
2961.861: [GC (Allocation Failure) [PSYoungGen: 85501K->1440K(84992K)] 598797K->514735K(785408K), 0.0025696 secs] [Times: user=0.01 sys=0.00, real=0.00 secs] 
2962.209: [GC (Allocation Failure) [PSYoungGen: 84896K->1392K(84480K)] 598191K->514687K(784896K), 0.0025471 secs] [Times: user=0.02 sys=0.00, real=0.00 secs] 
2962.554: [GC (Allocation Failure) [PSYoungGen: 84336K->1408K(83968K)] 597631K->514703K(784384K), 0.0025151 secs] [Times: user=0.01 sys=0.00, real=0.01 secs] 
2962.897: [GC (Allocation Failure) [PSYoungGen: 83840K->1408K(83456K)] 597135K->514703K(783872K), 0.0024487 secs] [Times: user=0.01 sys=0.00, real=0.00 secs] 
2963.138: [GC (Allocation Failure) [PSYoungGen: 83328K->1501K(82944K)] 596623K->514813K(783360K), 0.0024575 secs] [Times: user=0.01 sys=0.00, real=0.00 secs] 
2963.316: [GC (Allocation Failure) [PSYoungGen: 82909K->1533K(83456K)] 596221K->514845K(783872K), 0.0019789 secs] [Times: user=0.01 sys=0.00, real=0.01 secs] 
2963.462: [GC (Allocation Failure) [PSYoungGen: 82941K->1565K(83456K)] 596253K->514877K(783872K), 0.0019043 secs] [Times: user=0.01 sys=0.00, real=0.00 secs] 
2963.741: [GC (Allocation Failure) [PSYoungGen: 82973K->1424K(91136K)] 596285K->514735K(791552K), 0.0027516 secs] [Times: user=0.02 sys=0.00, real=0.00 secs] 
2964.114: [GC (Allocation Failure) [PSYoungGen: 90512K->1392K(91136K)] 603823K->514703K(791552K), 0.0025320 secs] [Times: user=0.01 sys=0.00, real=0.00 secs] 
2964.484: [GC (Allocation Failure) [PSYoungGen: 90480K->1344K(98816K)] 603791K->514655K(799232K), 0.0022847 secs] [Times: user=0.01 sys=0.00, real=0.00 secs] 
2964.809: [GC (Allocation Failure) [PSYoungGen: 98112K->1501K(97792K)] 611423K->514813K(798208K), 0.0019134 secs] [Times: user=0.01 sys=0.00, real=0.00 secs] 
2965.013: [GC (Allocation Failure) [PSYoungGen: 97757K->1581K(98304K)] 611069K->514893K(798720K), 0.0024313 secs] [Times: user=0.01 sys=0.00, real=0.00 secs] 
2965.217: [GC (Allocation Failure) [PSYoungGen: 97837K->1549K(98304K)] 611149K->514861K(798720K), 0.0018910 secs] [Times: user=0.01 sys=0.00, real=0.01 secs] 
2965.741: [GC (Allocation Failure) [PSYoungGen: 97805K->2016K(104960K)] 611117K->518993K(805376K), 0.0040789 secs] [Times: user=0.02 sys=0.00, real=0.00 secs] 
2978.070: [GC (Allocation Failure) [PSYoungGen: 104928K->3568K(105984K)] 621905K->549512K(806400K), 0.0423331 secs] [Times: user=0.23 sys=0.01, real=0.04 secs] 
2981.404: [GC (GCLocker Initiated GC) [PSYoungGen: 105968K->14832K(100864K)] 651914K->598770K(801280K), 0.0407497 secs] [Times: user=0.20 sys=0.01, real=0.04 secs] 
2981.643: [GC (Allocation Failure) [PSYoungGen: 100848K->31200K(117248K)] 684837K->638317K(817664K), 0.0191323 secs] [Times: user=0.10 sys=0.01, real=0.02 secs] 
2984.860: [GC (Allocation Failure) [PSYoungGen: 117216K->45536K(126464K)] 724333K->676437K(826880K), 0.0776461 secs] [Times: user=0.39 sys=0.07, real=0.08 secs] 
2991.337: [GC (Allocation Failure) [PSYoungGen: 126432K->62944K(143872K)] 757333K->713029K(844288K), 0.0729013 secs] [Times: user=0.41 sys=0.01, real=0.07 secs] 
2992.388: [GC (Allocation Failure) [PSYoungGen: 143840K->81888K(152064K)] 793925K->750461K(852480K), 0.0554189 secs] [Times: user=0.28 sys=0.04, real=0.05 secs] 
2992.444: [Full GC (Ergonomics) [PSYoungGen: 81888K->0K(152064K)] [ParOldGen: 668572K->243996K(875008K)] 750461K->243996K(1027072K), [Metaspace: 59876K->59784K(1105920K)], 0.6197019 secs] [Times: user=2.91 sys=0.00, real=0.62 secs] 
2994.008: [GC (Allocation Failure) [PSYoungGen: 70144K->10881K(174080K)] 314140K->254878K(1049088K), 0.0188001 secs] [Times: user=0.11 sys=0.00, real=0.02 secs] 
2994.152: [GC (Allocation Failure) [PSYoungGen: 81025K->18672K(174592K)] 325022K->262677K(1049600K), 0.0144979 secs] [Times: user=0.08 sys=0.00, real=0.01 secs] 
2994.787: [GC (Allocation Failure) [PSYoungGen: 101104K->53888K(178176K)] 345109K->297892K(1053184K), 0.0380226 secs] [Times: user=0.22 sys=0.00, real=0.03 secs] 
2995.296: [GC (Allocation Failure) [PSYoungGen: 136320K->90912K(180224K)] 380324K->334916K(1055232K), 0.0408074 secs] [Times: user=0.20 sys=0.04, real=0.04 secs] 
2995.423: [GC (Allocation Failure) [PSYoungGen: 172832K->113120K(195072K)] 416836K->372396K(1070080K), 0.0325416 secs] [Times: user=0.19 sys=0.00, real=0.03 secs] 
2995.512: [GC (Allocation Failure) [PSYoungGen: 195040K->117312K(219648K)] 454316K->411601K(1094656K), 0.0364748 secs] [Times: user=0.18 sys=0.02, real=0.04 secs] 
2995.595: [GC (Allocation Failure) [PSYoungGen: 197696K->85712K(236544K)] 491985K->449501K(1111552K), 0.0405887 secs] [Times: user=0.24 sys=0.00, real=0.04 secs] 
2996.801: [GC (Allocation Failure) [PSYoungGen: 166096K->34592K(241664K)] 529885K->484025K(1116672K), 0.0692000 secs] [Times: user=0.41 sys=0.00, real=0.07 secs] 
2999.031: [GC (Allocation Failure) [PSYoungGen: 130848K->10208K(247808K)] 580281K->493137K(1122816K), 0.0592023 secs] [Times: user=0.35 sys=0.00, real=0.06 secs] 
2999.204: [GC (GCLocker Initiated GC) [PSYoungGen: 106464K->29568K(250880K)] 589393K->522609K(1125888K), 0.0213625 secs] [Times: user=0.12 sys=0.00, real=0.02 secs] 
2999.356: [GC (Allocation Failure) [PSYoungGen: 144256K->55456K(257536K)] 637299K->575004K(1132544K), 0.0198516 secs] [Times: user=0.11 sys=0.01, real=0.02 secs] 
2999.468: [GC (Allocation Failure) [PSYoungGen: 170144K->58176K(262656K)] 689692K->628516K(1137664K), 0.0336512 secs] [Times: user=0.20 sys=0.00, real=0.03 secs] 
2999.602: [GC (Allocation Failure) [PSYoungGen: 194880K->73344K(267776K)] 765220K->693172K(1142784K), 0.0377605 secs] [Times: user=0.22 sys=0.00, real=0.04 secs] 
3000.779: [GC (Allocation Failure) [PSYoungGen: 210048K->39616K(283648K)] 829876K->732664K(1158656K), 0.0435618 secs] [Times: user=0.20 sys=0.01, real=0.04 secs] 
3003.277: [GC (Allocation Failure) [PSYoungGen: 202944K->43008K(289280K)] 895992K->775384K(1164288K), 0.1642371 secs] [Times: user=0.93 sys=0.04, real=0.16 secs] 
3004.911: [GC (Allocation Failure) [PSYoungGen: 206336K->77024K(311296K)] 938712K->848893K(1186304K), 0.0748673 secs] [Times: user=0.26 sys=0.17, real=0.07 secs] 
3005.204: [GC (Allocation Failure) [PSYoungGen: 268512K->99392K(314368K)] 1040381K->939949K(1189376K), 0.0473765 secs] [Times: user=0.26 sys=0.01, real=0.05 secs] 
3005.252: [Full GC (Ergonomics) [PSYoungGen: 99392K->0K(314368K)] [ParOldGen: 840557K->222304K(939008K)] 939949K->222304K(1253376K), [Metaspace: 60020K->60020K(1105920K)], 0.5156507 secs] [Times: user=2.41 sys=0.00, real=0.52 secs] 
3006.738: [GC (Allocation Failure) [PSYoungGen: 191488K->43232K(344576K)] 413792K->265536K(1283584K), 0.0446547 secs] [Times: user=0.25 sys=0.00, real=0.04 secs] 
3007.130: [GC (Allocation Failure) [PSYoungGen: 268000K->110960K(352768K)] 490304K->375128K(1291776K), 0.0503561 secs] [Times: user=0.30 sys=0.00, real=0.05 secs] 
3009.236: [GC (Allocation Failure) [PSYoungGen: 335728K->113408K(393728K)] 599896K->471355K(1332736K), 0.2050628 secs] [Times: user=0.77 sys=0.43, real=0.21 secs] 
3012.110: [GC (Allocation Failure) [PSYoungGen: 366336K->68784K(404992K)] 724283K->539636K(1344000K), 0.1133089 secs] [Times: user=0.67 sys=0.00, real=0.11 secs] 
3012.989: [GC (Allocation Failure) [PSYoungGen: 321712K->118208K(429056K)] 792564K->654032K(1368064K), 0.0596968 secs] [Times: user=0.34 sys=0.02, real=0.06 secs] 
3018.007: [GC (Allocation Failure) [PSYoungGen: 402880K->90624K(440320K)] 938704K->736336K(1379328K), 0.0579719 secs] [Times: user=0.33 sys=0.00, real=0.05 secs] 
3021.580: [GC (Allocation Failure) [PSYoungGen: 375296K->123264K(474624K)] 1021008K->858085K(1413632K), 0.0571067 secs] [Times: user=0.28 sys=0.04, real=0.06 secs] 
3024.683: [GC (Allocation Failure) [PSYoungGen: 443776K->122304K(484864K)] 1178597K->970789K(1423872K), 0.0655529 secs] [Times: user=0.37 sys=0.02, real=0.07 secs] 
3024.749: [Full GC (Ergonomics) [PSYoungGen: 122304K->0K(484864K)] [ParOldGen: 848485K->253709K(1091072K)] 970789K->253709K(1575936K), [Metaspace: 60028K->60028K(1105920K)], 0.5475571 secs] [Times: user=2.35 sys=0.06, real=0.54 secs] 
3025.744: [GC (Allocation Failure) [PSYoungGen: 320512K->131744K(508416K)] 574221K->385453K(1599488K), 0.0348112 secs] [Times: user=0.13 sys=0.07, real=0.04 secs] 
3030.712: [GC (Allocation Failure) [PSYoungGen: 468128K->2992K(339456K)] 721837K->256869K(1430528K), 0.0034408 secs] [Times: user=0.02 sys=0.00, real=0.00 secs] 
3031.835: [GC (Allocation Failure) [PSYoungGen: 339376K->154128K(478720K)] 593253K->409466K(1569792K), 0.0300489 secs] [Times: user=0.17 sys=0.01, real=0.03 secs] 
3034.678: [GC (Allocation Failure) [PSYoungGen: 446480K->104048K(495616K)] 701818K->495214K(1586688K), 0.0736162 secs] [Times: user=0.36 sys=0.00, real=0.07 secs] 
3036.586: [GC (Allocation Failure) [PSYoungGen: 396400K->122272K(493056K)] 787566K->616359K(1584128K), 0.0631537 secs] [Times: user=0.35 sys=0.02, real=0.07 secs] 
3040.235: [GC (Allocation Failure) [PSYoungGen: 420256K->124896K(497152K)] 914343K->731491K(1588224K), 0.0629463 secs] [Times: user=0.38 sys=0.00, real=0.07 secs] 
3043.810: [GC (Allocation Failure) [PSYoungGen: 422880K->101984K(484864K)] 1029475K->833499K(1575936K), 0.0829158 secs] [Times: user=0.49 sys=0.00, real=0.08 secs] 
3044.669: [GC (Allocation Failure) [PSYoungGen: 398063K->181408K(480768K)] 1129578K->1004708K(1571840K), 0.0616690 secs] [Times: user=0.37 sys=0.00, real=0.06 secs] 
3047.454: [GC (Allocation Failure) [PSYoungGen: 480416K->84784K(492032K)] 1303716K->1054756K(1583104K), 0.1080816 secs] [Times: user=0.52 sys=0.12, real=0.11 secs] 
3047.562: [Full GC (Ergonomics) [PSYoungGen: 84784K->0K(492032K)] [ParOldGen: 969972K->102078K(1056768K)] 1054756K->102078K(1548800K), [Metaspace: 60049K->60049K(1105920K)], 0.2324667 secs] [Times: user=1.06 sys=0.00, real=0.23 secs] 
3048.511: [GC (Allocation Failure) [PSYoungGen: 277504K->134848K(484352K)] 379582K->236926K(1541120K), 0.0404054 secs] [Times: user=0.24 sys=0.00, real=0.04 secs] 
3050.341: [GC (Allocation Failure) [PSYoungGen: 412352K->75520K(486912K)] 514430K->312262K(1543680K), 0.1585872 secs] [Times: user=0.94 sys=0.01, real=0.16 secs] 
3051.217: [GC (Allocation Failure) [PSYoungGen: 358144K->134560K(485888K)] 594886K->440991K(1542656K), 0.0634689 secs] [Times: user=0.37 sys=0.00, real=0.07 secs] 
3055.003: [GC (Allocation Failure) [PSYoungGen: 417184K->91984K(482304K)] 723615K->524456K(1539072K), 0.1134590 secs] [Times: user=0.66 sys=0.00, real=0.11 secs] 
3057.512: [GC (Allocation Failure) [PSYoungGen: 382288K->131840K(487936K)] 814760K->653680K(1544704K), 0.0463777 secs] [Times: user=0.27 sys=0.00, real=0.05 secs] 
3058.667: [GC (Allocation Failure) [PSYoungGen: 422144K->100016K(485888K)] 943984K->744029K(1542656K), 0.0617156 secs] [Times: user=0.36 sys=0.00, real=0.06 secs] 
3060.198: [GC (Allocation Failure) [PSYoungGen: 402608K->132640K(493056K)] 1046621K->875273K(1549824K), 0.0529058 secs] [Times: user=0.31 sys=0.00, real=0.05 secs] 
3062.298: [GC (Allocation Failure) [PSYoungGen: 435232K->112832K(495616K)] 1177865K->978897K(1552384K), 0.0702694 secs] [Times: user=0.35 sys=0.00, real=0.07 secs] 
3062.368: [Full GC (Ergonomics) [PSYoungGen: 112832K->0K(495616K)] [ParOldGen: 866065K->19683K(1011712K)] 978897K->19683K(1507328K), [Metaspace: 60062K->60062K(1105920K)], 0.0319269 secs] [Times: user=0.07 sys=0.00, real=0.03 secs] 
3065.144: [GC (Allocation Failure) [PSYoungGen: 316416K->138496K(501248K)] 336099K->158179K(1512960K), 0.0328110 secs] [Times: user=0.19 sys=0.00, real=0.04 secs] 
3067.445: [GC (Allocation Failure) [PSYoungGen: 454912K->480K(487936K)] 474595K->20343K(1499648K), 0.0017112 secs] [Times: user=0.01 sys=0.00, real=0.01 secs] 
3069.954: [GC (Allocation Failure) [PSYoungGen: 300000K->121296K(499200K)] 319863K->141204K(1510912K), 0.0326629 secs] [Times: user=0.19 sys=0.00, real=0.03 secs] 
3071.345: [GC (Allocation Failure) [PSYoungGen: 420816K->126880K(495616K)] 440724K->257548K(1507328K), 0.0621237 secs] [Times: user=0.37 sys=0.00, real=0.06 secs] 
3072.898: [GC (Allocation Failure) [PSYoungGen: 428960K->110272K(412672K)] 559628K->367868K(1424384K), 0.0773531 secs] [Times: user=0.46 sys=0.00, real=0.07 secs] 
3074.752: [GC (Allocation Failure) [PSYoungGen: 412352K->138080K(494592K)] 669948K->494961K(1506304K), 0.0612051 secs] [Times: user=0.37 sys=0.00, real=0.06 secs] 
3077.059: [GC (Allocation Failure) [PSYoungGen: 443232K->100720K(498176K)] 800113K->595705K(1509888K), 0.0840623 secs] [Times: user=0.50 sys=0.00, real=0.08 secs] 
3079.602: [GC (Allocation Failure) [PSYoungGen: 403709K->183488K(473088K)] 898694K->768202K(1484800K), 0.0618535 secs] [Times: user=0.36 sys=0.01, real=0.06 secs] 
3081.929: [GC (Allocation Failure) [PSYoungGen: 470720K->81040K(493056K)] 1055434K->814502K(1504768K), 0.0965000 secs] [Times: user=0.57 sys=0.00, real=0.09 secs] 
3083.456: [GC (Allocation Failure) [PSYoungGen: 368272K->137536K(491008K)] 1101734K->945774K(1502720K), 0.1422955 secs] [Times: user=0.84 sys=0.00, real=0.15 secs] 
3083.598: [Full GC (Ergonomics) [PSYoungGen: 137536K->0K(491008K)] [ParOldGen: 808238K->228699K(1282560K)] 945774K->228699K(1773568K), [Metaspace: 60089K->60089K(1105920K)], 0.5870322 secs] [Times: user=2.82 sys=0.00, real=0.58 secs] 
3086.809: [GC (Allocation Failure) [PSYoungGen: 290304K->80224K(493568K)] 519003K->308923K(1776128K), 0.1181004 secs] [Times: user=0.70 sys=0.01, real=0.12 secs] 
3087.223: [GC (Allocation Failure) [PSYoungGen: 354951K->134368K(495104K)] 583651K->437116K(1777664K), 0.0457791 secs] [Times: user=0.27 sys=0.00, real=0.05 secs] 
3090.122: [GC (Allocation Failure) [PSYoungGen: 429792K->94752K(390656K)] 732540K->523468K(1673216K), 0.1153867 secs] [Times: user=0.68 sys=0.00, real=0.12 secs] 
3091.537: [GC (Allocation Failure) [PSYoungGen: 390176K->137440K(493056K)] 818892K->657369K(1775616K), 0.0473731 secs] [Times: user=0.28 sys=0.00, real=0.04 secs] 
3093.853: [GC (Allocation Failure) [PSYoungGen: 435936K->98576K(494080K)] 955865K->746346K(1776640K), 0.0621062 secs] [Times: user=0.36 sys=0.00, real=0.06 secs] 
3095.981: [GC (Allocation Failure) [PSYoungGen: 397072K->132832K(499712K)] 1044842K->877470K(1782272K), 0.0697078 secs] [Times: user=0.42 sys=0.00, real=0.07 secs] 
3098.647: [GC (Allocation Failure) [PSYoungGen: 442080K->107296K(499200K)] 1186718K->976310K(1781760K), 0.0642716 secs] [Times: user=0.38 sys=0.00, real=0.06 secs] 
3101.667: [GC (Allocation Failure) [PSYoungGen: 416544K->135232K(501248K)] 1285558K->1110387K(1783808K), 0.0538910 secs] [Times: user=0.32 sys=0.00, real=0.05 secs] 
3103.591: [GC (Allocation Failure) [PSYoungGen: 452672K->112752K(502272K)] 1427827K->1213968K(1784832K), 0.0705260 secs] [Times: user=0.36 sys=0.04, real=0.07 secs] 
3103.662: [Full GC (Ergonomics) [PSYoungGen: 112752K->0K(502272K)] [ParOldGen: 1101215K->22167K(1110016K)] 1213968K->22167K(1612288K), [Metaspace: 60104K->60104K(1105920K)], 0.0302985 secs] [Times: user=0.08 sys=0.00, real=0.03 secs] 
3106.191: [GC (Allocation Failure) [PSYoungGen: 317440K->139328K(506880K)] 339607K->161503K(1616896K), 0.0275925 secs] [Times: user=0.16 sys=0.00, real=0.03 secs] 
3107.931: [GC (Allocation Failure) [PSYoungGen: 467520K->115664K(508928K)] 489695K->267672K(1618944K), 0.0642156 secs] [Times: user=0.38 sys=0.00, real=0.06 secs] 
3109.983: [GC (Allocation Failure) [PSYoungGen: 443856K->148000K(508928K)] 595864K->414104K(1618944K), 0.0548580 secs] [Times: user=0.32 sys=0.00, real=0.06 secs] 
3113.274: [GC (GCLocker Initiated GC) [PSYoungGen: 481824K->112400K(514560K)] 747929K->517650K(1624576K), 0.1173496 secs] [Times: user=0.69 sys=0.01, real=0.12 secs] 
3115.557: [GC (Allocation Failure) [PSYoungGen: 446224K->150560K(511488K)] 851525K->665549K(1621504K), 0.0551793 secs] [Times: user=0.32 sys=0.01, real=0.06 secs] 
3117.568: [GC (Allocation Failure) [PSYoungGen: 485920K->113888K(517120K)] 1000909K->770017K(1627136K), 0.1588603 secs] [Times: user=0.93 sys=0.00, real=0.16 secs] 
3118.587: [GC (Allocation Failure) [PSYoungGen: 437403K->150848K(510976K)] 1093533K->917038K(1620992K), 0.0545728 secs] [Times: user=0.32 sys=0.00, real=0.05 secs] 
3122.059: [GC (Allocation Failure) [PSYoungGen: 484160K->110496K(516096K)] 1250350K->1018734K(1626112K), 0.1629779 secs] [Times: user=0.97 sys=0.00, real=0.16 secs] 
3123.150: [GC (Allocation Failure) [PSYoungGen: 443808K->157408K(505344K)] 1352046K->1172190K(1615360K), 0.0544710 secs] [Times: user=0.32 sys=0.00, real=0.05 secs] 
3123.204: [Full GC (Ergonomics) [PSYoungGen: 157408K->0K(505344K)] [ParOldGen: 1014782K->216031K(1355264K)] 1172190K->216031K(1860608K), [Metaspace: 60109K->60109K(1105920K)], 0.5036143 secs] [Times: user=2.35 sys=0.00, real=0.51 secs] 
3126.975: [GC (Allocation Failure) [PSYoungGen: 326144K->96688K(512512K)] 542175K->312720K(1867776K), 0.1424182 secs] [Times: user=0.85 sys=0.00, real=0.15 secs] 
3127.984: [GC (Allocation Failure) [PSYoungGen: 422832K->157392K(500224K)] 638864K->464245K(1855488K), 0.1164319 secs] [Times: user=0.69 sys=0.00, real=0.12 secs] 
3132.633: [GC (Allocation Failure) [PSYoungGen: 472272K->91424K(506880K)] 779125K->555676K(1862144K), 0.1362778 secs] [Times: user=0.81 sys=0.00, real=0.14 secs] 
3133.193: [GC (Allocation Failure) [PSYoungGen: 406304K->151328K(500224K)] 870556K->701377K(1855488K), 0.0789537 secs] [Times: user=0.47 sys=0.00, real=0.08 secs] 
3136.914: [GC (Allocation Failure) [PSYoungGen: 460064K->90240K(503808K)] 1010113K->791481K(1859072K), 0.1520393 secs] [Times: user=0.90 sys=0.00, real=0.15 secs] 
3137.317: [GC (Allocation Failure) [PSYoungGen: 398976K->150528K(497664K)] 1100217K->935574K(1852928K), 0.0549533 secs] [Times: user=0.32 sys=0.00, real=0.06 secs] 
3140.921: [GC (Allocation Failure) [PSYoungGen: 454144K->86448K(501248K)] 1239190K->1021807K(1856512K), 0.1588350 secs] [Times: user=0.95 sys=0.00, real=0.16 secs] 
3142.275: [GC (Allocation Failure) [PSYoungGen: 374108K->137920K(497664K)] 1309467K->1153723K(1852928K), 0.1306611 secs] [Times: user=0.77 sys=0.01, real=0.13 secs] 
3144.792: [GC (Allocation Failure) [PSYoungGen: 442048K->98240K(499712K)] 1457851K->1243491K(1854976K), 0.1631229 secs] [Times: user=0.94 sys=0.03, real=0.16 secs] 
3146.327: [GC (Allocation Failure) [PSYoungGen: 402368K->141600K(501760K)] 1547619K->1381052K(1857024K), 0.1009257 secs] [Times: user=0.54 sys=0.04, real=0.10 secs] 
3146.428: [Full GC (Ergonomics) [PSYoungGen: 141600K->0K(501760K)] [ParOldGen: 1239452K->188183K(1366528K)] 1381052K->188183K(1868288K), [Metaspace: 60116K->60116K(1105920K)], 0.4642588 secs] [Times: user=2.17 sys=0.01, real=0.46 secs] 
3148.788: [GC (Allocation Failure) [PSYoungGen: 309248K->103488K(502272K)] 497431K->291671K(1868800K), 0.0653721 secs] [Times: user=0.39 sys=0.00, real=0.06 secs] 
3150.768: [GC (Allocation Failure) [PSYoungGen: 412736K->152624K(498176K)] 600919K->440349K(1864704K), 0.0518797 secs] [Times: user=0.31 sys=0.00, real=0.05 secs] 
3153.264: [GC (Allocation Failure) [PSYoungGen: 461360K->103360K(502784K)] 749085K->525900K(1869312K), 0.0999524 secs] [Times: user=0.57 sys=0.00, real=0.10 secs] 
3155.299: [GC (Allocation Failure) [PSYoungGen: 412096K->140224K(502272K)] 834636K->663641K(1868800K), 0.0519553 secs] [Times: user=0.30 sys=0.01, real=0.05 secs] 
3158.397: [GC (Allocation Failure) [PSYoungGen: 454080K->106112K(504320K)] 977497K->760817K(1870848K), 0.0641524 secs] [Times: user=0.38 sys=0.00, real=0.06 secs] 
3160.955: [GC (Allocation Failure) [PSYoungGen: 419968K->143120K(505344K)] 1074673K->901239K(1871872K), 0.0527823 secs] [Times: user=0.31 sys=0.00, real=0.06 secs] 
3162.986: [GC (Allocation Failure) [PSYoungGen: 461584K->107664K(506880K)] 1219703K->999879K(1873408K), 0.0699273 secs] [Times: user=0.42 sys=0.00, real=0.07 secs] 
3164.483: [GC (Allocation Failure) [PSYoungGen: 426128K->146224K(505856K)] 1318343K->1143919K(1872384K), 0.0541505 secs] [Times: user=0.31 sys=0.01, real=0.06 secs] 
3167.952: [GC (Allocation Failure) [PSYoungGen: 467248K->106784K(508416K)] 1464943K->1241643K(1874944K), 0.1765885 secs] [Times: user=1.06 sys=0.00, real=0.18 secs] 
3170.052: [GC (Allocation Failure) [PSYoungGen: 427808K->147808K(507904K)] 1562667K->1387292K(1874432K), 0.0904342 secs] [Times: user=0.53 sys=0.00, real=0.09 secs] 
3170.142: [Full GC (Ergonomics) [PSYoungGen: 147808K->0K(507904K)] [ParOldGen: 1239484K->184957K(1398272K)] 1387292K->184957K(1906176K), [Metaspace: 60131K->60131K(1105920K)], 0.4592792 secs] [Times: user=2.16 sys=0.00, real=0.46 secs] 
3173.384: [GC (Allocation Failure) [PSYoungGen: 323584K->102976K(510976K)] 508541K->287933K(1909248K), 0.0860031 secs] [Times: user=0.50 sys=0.01, real=0.09 secs] 
3175.082: [GC (Allocation Failure) [PSYoungGen: 426560K->151952K(504832K)] 611517K->436687K(1903104K), 0.0524166 secs] [Times: user=0.31 sys=0.00, real=0.05 secs] 
3176.878: [GC (Allocation Failure) [PSYoungGen: 471952K->106320K(509440K)] 756687K->534027K(1907712K), 0.1631172 secs] [Times: user=0.98 sys=0.00, real=0.16 secs] 
3178.761: [GC (Allocation Failure) [PSYoungGen: 426320K->148912K(506368K)] 854027K->678975K(1904640K), 0.0521400 secs] [Times: user=0.31 sys=0.00, real=0.05 secs] 
3183.039: [GC (Allocation Failure) [PSYoungGen: 468912K->99536K(509440K)] 998975K->769019K(1907712K), 0.1614279 secs] [Times: user=0.95 sys=0.00, real=0.16 secs] 
3184.388: [GC (Allocation Failure) [PSYoungGen: 419536K->152032K(502784K)] 1089019K->916724K(1901056K), 0.0507053 secs] [Times: user=0.30 sys=0.00, real=0.05 secs] 
3186.637: [GC (Allocation Failure) [PSYoungGen: 466912K->104448K(506880K)] 1231604K->1012396K(1905152K), 0.1762375 secs] [Times: user=1.05 sys=0.01, real=0.17 secs] 
3187.809: [GC (Allocation Failure) [PSYoungGen: 419328K->148720K(504832K)] 1327276K->1157097K(1903104K), 0.0535470 secs] [Times: user=0.26 sys=0.00, real=0.05 secs] 
3190.702: [GC (Allocation Failure) [PSYoungGen: 464624K->103968K(507392K)] 1473001K->1252393K(1905664K), 0.0659117 secs] [Times: user=0.39 sys=0.00, real=0.07 secs] 
3191.496: [GC (Allocation Failure) [PSYoungGen: 419872K->150352K(503808K)] 1568297K->1399434K(1902080K), 0.0544092 secs] [Times: user=0.31 sys=0.02, real=0.06 secs] 
3191.550: [Full GC (Ergonomics) [PSYoungGen: 150352K->0K(503808K)] [ParOldGen: 1249081K->197870K(1398272K)] 1399434K->197870K(1902080K), [Metaspace: 60174K->60174K(1105920K)], 0.4638509 secs] [Times: user=2.14 sys=0.00, real=0.46 secs] 
3195.020: [GC (GCLocker Initiated GC) [PSYoungGen: 314880K->98944K(506880K)] 512751K->296815K(1905152K), 0.0989339 secs] [Times: user=0.59 sys=0.00, real=0.10 secs] 
3195.936: [GC (Allocation Failure) [PSYoungGen: 413824K->150768K(502272K)] 611698K->443392K(1900544K), 0.0493894 secs] [Times: user=0.29 sys=0.00, real=0.05 secs] 
3197.921: [GC (Allocation Failure) [PSYoungGen: 462576K->100128K(505344K)] 755200K->534711K(1903616K), 0.1699554 secs] [Times: user=1.01 sys=0.01, real=0.17 secs] 
3199.676: [GC (Allocation Failure) [PSYoungGen: 411936K->147760K(503296K)] 846519K->679041K(1901568K), 0.0624426 secs] [Times: user=0.37 sys=0.00, real=0.07 secs] 
3202.956: [GC (Allocation Failure) [PSYoungGen: 459568K->100624K(505344K)] 990849K->771217K(1903616K), 0.1740109 secs] [Times: user=1.04 sys=0.00, real=0.18 secs] 
3204.223: [GC (Allocation Failure) [PSYoungGen: 412432K->147744K(503296K)] 1083025K->915365K(1901568K), 0.0516596 secs] [Times: user=0.31 sys=0.00, real=0.05 secs] 
3205.790: [GC (Allocation Failure) [PSYoungGen: 459552K->101824K(413696K)] 1227173K->1008601K(1811968K), 0.0939564 secs] [Times: user=0.55 sys=0.00, real=0.09 secs] 
3207.394: [GC (Allocation Failure) [PSYoungGen: 413632K->146176K(503296K)] 1320409K->1151182K(1901568K), 0.0515504 secs] [Times: user=0.31 sys=0.00, real=0.05 secs] 
3209.877: [GC (Allocation Failure) [PSYoungGen: 458496K->102048K(504832K)] 1463502K->1244342K(1903104K), 0.0980022 secs] [Times: user=0.58 sys=0.01, real=0.09 secs] 
3211.389: [GC (Allocation Failure) [PSYoungGen: 414368K->153136K(500736K)] 1556662K->1393582K(1899008K), 0.0523604 secs] [Times: user=0.31 sys=0.00, real=0.05 secs] 
3211.442: [Full GC (Ergonomics) [PSYoungGen: 153136K->0K(500736K)] [ParOldGen: 1240445K->184495K(1398272K)] 1393582K->184495K(1899008K), [Metaspace: 60177K->60177K(1105920K)], 0.4381827 secs] [Times: user=2.03 sys=0.00, real=0.44 secs] 
3214.859: [GC (Allocation Failure) [PSYoungGen: 310784K->102624K(504832K)] 495279K->287119K(1903104K), 0.0555363 secs] [Times: user=0.32 sys=0.01, real=0.05 secs] 
3217.308: [GC (Allocation Failure) [PSYoungGen: 413408K->141568K(503296K)] 597903K->426123K(1901568K), 0.0515942 secs] [Times: user=0.31 sys=0.01, real=0.05 secs] 
3219.168: [GC (Allocation Failure) [PSYoungGen: 454912K->106560K(504832K)] 739467K->523324K(1903104K), 0.0641475 secs] [Times: user=0.38 sys=0.00, real=0.06 secs] 
3220.873: [GC (Allocation Failure) [PSYoungGen: 419904K->142400K(504832K)] 836668K->663688K(1903104K), 0.0526663 secs] [Times: user=0.30 sys=0.00, real=0.05 secs] 
3223.162: [GC (Allocation Failure) [PSYoungGen: 459328K->109984K(505344K)] 980616K->764604K(1903616K), 0.0648613 secs] [Times: user=0.38 sys=0.00, real=0.07 secs] 
3224.481: [GC (Allocation Failure) [PSYoungGen: 426912K->146640K(504832K)] 1081532K->909070K(1903104K), 0.0541350 secs] [Times: user=0.32 sys=0.00, real=0.05 secs] 
3227.053: [GC (Allocation Failure) [PSYoungGen: 466640K->105888K(507392K)] 1229070K->1006045K(1905664K), 0.0801571 secs] [Times: user=0.47 sys=0.00, real=0.08 secs] 
3227.998: [GC (Allocation Failure) [PSYoungGen: 425888K->156480K(502784K)] 1326045K->1160138K(1901056K), 0.0543202 secs] [Times: user=0.32 sys=0.00, real=0.05 secs] 
3230.814: [GC (Allocation Failure) [PSYoungGen: 474432K->104400K(508416K)] 1478090K->1247259K(1906688K), 0.1046128 secs] [Times: user=0.62 sys=0.00, real=0.11 secs] 
3231.737: [GC (Allocation Failure) [PSYoungGen: 422352K->151920K(503296K)] 1565211K->1395436K(1901568K), 0.0538064 secs] [Times: user=0.32 sys=0.00, real=0.05 secs] 
3231.791: [Full GC (Ergonomics) [PSYoungGen: 151920K->0K(503296K)] [ParOldGen: 1243515K->193118K(1398272K)] 1395436K->193118K(1901568K), [Metaspace: 60178K->60178K(1105920K)], 0.4627773 secs] [Times: user=2.15 sys=0.00, real=0.46 secs] 
3234.464: [GC (Allocation Failure) [PSYoungGen: 314880K->102623K(506880K)] 507998K->295742K(1905152K), 0.0908975 secs] [Times: user=0.54 sys=0.00, real=0.09 secs] 
3235.424: [GC (Allocation Failure) [PSYoungGen: 417503K->149184K(504832K)] 610622K->440979K(1903104K), 0.0511272 secs] [Times: user=0.30 sys=0.01, real=0.05 secs] 
3237.538: [GC (Allocation Failure) [PSYoungGen: 464064K->105728K(420864K)] 755859K->537779K(1819136K), 0.1243734 secs] [Times: user=0.74 sys=0.00, real=0.12 secs] 
3238.321: [GC (Allocation Failure) [PSYoungGen: 420608K->148000K(504320K)] 852659K->682800K(1902592K), 0.0825239 secs] [Times: user=0.49 sys=0.00, real=0.08 secs] 
3240.572: [GC (Allocation Failure) [PSYoungGen: 462880K->102752K(506368K)] 997680K->776968K(1904640K), 0.1329888 secs] [Times: user=0.79 sys=0.00, real=0.13 secs] 
3241.930: [GC (GCLocker Initiated GC) [PSYoungGen: 417632K->150176K(504320K)] 1091848K->923829K(1902592K), 0.1313683 secs] [Times: user=0.78 sys=0.00, real=0.13 secs] 
3245.168: [GC (Allocation Failure) [PSYoungGen: 465056K->100320K(506880K)] 1238765K->1015965K(1905152K), 0.1690402 secs] [Times: user=1.00 sys=0.01, real=0.17 secs] 
3246.353: [GC (Allocation Failure) [PSYoungGen: 415200K->147152K(505344K)] 1330845K->1159626K(1903616K), 0.0797353 secs] [Times: user=0.47 sys=0.01, real=0.08 secs] 
3250.781: [GC (Allocation Failure) [PSYoungGen: 462032K->100656K(415744K)] 1474506K->1251474K(1814016K), 0.1612706 secs] [Times: user=0.96 sys=0.00, real=0.16 secs] 
3252.658: [GC (Allocation Failure) [PSYoungGen: 415536K->146352K(504832K)] 1566354K->1393503K(1903104K), 0.0512020 secs] [Times: user=0.30 sys=0.00, real=0.05 secs] 
3252.709: [Full GC (Ergonomics) [PSYoungGen: 146352K->0K(504832K)] [ParOldGen: 1247150K->191334K(1398272K)] 1393503K->191334K(1903104K), [Metaspace: 60179K->60179K(1105920K)], 0.4597512 secs] [Times: user=2.13 sys=0.00, real=0.46 secs] 
3255.262: [GC (Allocation Failure) [PSYoungGen: 314880K->103104K(506368K)] 506214K->294438K(1904640K), 0.0648694 secs] [Times: user=0.38 sys=0.00, real=0.07 secs] 
3255.864: [GC (Allocation Failure) [PSYoungGen: 417984K->150144K(503296K)] 609318K->441359K(1901568K), 0.0511487 secs] [Times: user=0.30 sys=0.00, real=0.05 secs] 
3258.322: [GC (Allocation Failure) [PSYoungGen: 464000K->102592K(506368K)] 755215K->535407K(1904640K), 0.1139394 secs] [Times: user=0.67 sys=0.00, real=0.11 secs] 
3259.217: [GC (Allocation Failure) [PSYoungGen: 416448K->149024K(503808K)] 849263K->681640K(1902080K), 0.0743577 secs] [Times: user=0.44 sys=0.00, real=0.07 secs] 
3261.780: [GC (Allocation Failure) [PSYoungGen: 462880K->100704K(506368K)] 995496K->773920K(1904640K), 0.1137292 secs] [Times: user=0.67 sys=0.00, real=0.11 secs] 
3262.677: [GC (Allocation Failure) [PSYoungGen: 414560K->148128K(504320K)] 1087776K->918489K(1902592K), 0.0507876 secs] [Times: user=0.30 sys=0.00, real=0.05 secs] 
3265.704: [GC (Allocation Failure) [PSYoungGen: 461984K->101152K(506368K)] 1232345K->1010433K(1904640K), 0.1565037 secs] [Times: user=0.93 sys=0.00, real=0.16 secs] 
3266.942: [GC (Allocation Failure) [PSYoungGen: 415008K->148640K(503296K)] 1324289K->1154797K(1901568K), 0.0513457 secs] [Times: user=0.30 sys=0.00, real=0.05 secs] 
3269.429: [GC (Allocation Failure) [PSYoungGen: 461472K->101872K(505856K)] 1467629K->1247750K(1904128K), 0.1805171 secs] [Times: user=1.07 sys=0.01, real=0.18 secs] 
3270.956: [GC (Allocation Failure) [PSYoungGen: 414704K->147888K(503808K)] 1560582K->1391731K(1902080K), 0.0522020 secs] [Times: user=0.31 sys=0.00, real=0.06 secs] 
3271.008: [Full GC (Ergonomics) [PSYoungGen: 147888K->0K(503808K)] [ParOldGen: 1243842K->190260K(1398272K)] 1391731K->190260K(1902080K), [Metaspace: 60189K->60189K(1105920K)], 0.4545197 secs] [Times: user=2.11 sys=0.00, real=0.45 secs] 
3273.619: [GC (Allocation Failure) [PSYoungGen: 313344K->102880K(505856K)] 503604K->293140K(1904128K), 0.0828817 secs] [Times: user=0.46 sys=0.00, real=0.08 secs] 
3275.192: [GC (Allocation Failure) [PSYoungGen: 416224K->148096K(503296K)] 606484K->435405K(1901568K), 0.0510923 secs] [Times: user=0.30 sys=0.00, real=0.05 secs] 
3277.400: [GC (Allocation Failure) [PSYoungGen: 461440K->102848K(505856K)] 748749K->529353K(1904128K), 0.1704535 secs] [Times: user=1.01 sys=0.00, real=0.17 secs] 
3279.425: [GC (Allocation Failure) [PSYoungGen: 416192K->145760K(504832K)] 842697K->671225K(1903104K), 0.0513816 secs] [Times: user=0.30 sys=0.00, real=0.05 secs] 
3281.009: [GC (Allocation Failure) [PSYoungGen: 460640K->103936K(419328K)] 986105K->766225K(1817600K), 0.1046962 secs] [Times: user=0.62 sys=0.01, real=0.10 secs] 
3283.308: [GC (GCLocker Initiated GC) [PSYoungGen: 418816K->146416K(503808K)] 1081106K->910319K(1902080K), 0.0778762 secs] [Times: user=0.47 sys=0.00, real=0.07 secs] 
3286.049: [GC (Allocation Failure) [PSYoungGen: 461808K->105040K(505856K)] 1225713K->1006893K(1904128K), 0.1801439 secs] [Times: user=1.06 sys=0.00, real=0.18 secs] 
3288.349: [GC (Allocation Failure) [PSYoungGen: 420432K->145792K(506368K)] 1322285K->1149109K(1904640K), 0.0532786 secs] [Times: user=0.32 sys=0.00, real=0.05 secs] 
3290.500: [GC (Allocation Failure) [PSYoungGen: 464256K->106496K(507904K)] 1467573K->1246354K(1906176K), 0.0704508 secs] [Times: user=0.41 sys=0.00, real=0.07 secs] 
3291.847: [GC (Allocation Failure) [PSYoungGen: 424960K->148480K(504832K)] 1564818K->1391662K(1903104K), 0.0541342 secs] [Times: user=0.32 sys=0.00, real=0.06 secs] 
3291.901: [Full GC (Ergonomics) [PSYoungGen: 148480K->0K(504832K)] [ParOldGen: 1243182K->190231K(1398272K)] 1391662K->190231K(1903104K), [Metaspace: 60195K->60195K(1105920K)], 0.4585319 secs] [Times: user=2.14 sys=0.00, real=0.46 secs] 
3295.011: [GC (Allocation Failure) [PSYoungGen: 318464K->103840K(507904K)] 508695K->294071K(1906176K), 0.0516834 secs] [Times: user=0.31 sys=0.00, real=0.05 secs] 
3297.152: [GC (Allocation Failure) [PSYoungGen: 422304K->146688K(507904K)] 612535K->436824K(1906176K), 0.0507151 secs] [Times: user=0.30 sys=0.00, real=0.05 secs] 
3300.689: [GC (Allocation Failure) [PSYoungGen: 467712K->104832K(425984K)] 757848K->532736K(1824256K), 0.1768811 secs] [Times: user=1.06 sys=0.00, real=0.17 secs] 
3303.262: [GC (Allocation Failure) [PSYoungGen: 425856K->151040K(505344K)] 853760K->679693K(1903616K), 0.0521790 secs] [Times: user=0.31 sys=0.00, real=0.05 secs] 
3304.869: [GC (Allocation Failure) [PSYoungGen: 470016K->105248K(508928K)] 998669K->775925K(1907200K), 0.1132350 secs] [Times: user=0.67 sys=0.01, real=0.11 secs] 
3306.673: [GC (Allocation Failure) [PSYoungGen: 424224K->147744K(506368K)] 1094901K->920398K(1904640K), 0.0912893 secs] [Times: user=0.54 sys=0.00, real=0.09 secs] 
3309.536: [GC (Allocation Failure) [PSYoungGen: 466720K->101248K(508928K)] 1239374K->1013094K(1907200K), 0.1747768 secs] [Times: user=1.04 sys=0.00, real=0.18 secs] 
3311.114: [GC (GCLocker Initiated GC) [PSYoungGen: 420224K->151120K(503808K)] 1332070K->1160708K(1902080K), 0.0871158 secs] [Times: user=0.51 sys=0.00, real=0.09 secs] 
3315.374: [GC (Allocation Failure) [PSYoungGen: 467024K->100800K(507392K)] 1476614K->1253157K(1905664K), 0.1555505 secs] [Times: user=0.92 sys=0.00, real=0.16 secs] 
3316.621: [GC (Allocation Failure) [PSYoungGen: 416704K->150592K(503296K)] 1569061K->1399241K(1901568K), 0.0507128 secs] [Times: user=0.30 sys=0.00, real=0.05 secs] 
3316.672: [Full GC (Ergonomics) [PSYoungGen: 150592K->0K(503296K)] [ParOldGen: 1248649K->197669K(1398272K)] 1399241K->197669K(1901568K), [Metaspace: 60198K->60198K(1105920K)], 0.4707554 secs] [Times: user=2.19 sys=0.00, real=0.47 secs] 
3318.619: [GC (Allocation Failure) [PSYoungGen: 313856K->102160K(506368K)] 511525K->299829K(1904640K), 0.0863705 secs] [Times: user=0.50 sys=0.00, real=0.08 secs] 
3319.573: [GC (Allocation Failure) [PSYoungGen: 416016K->148448K(504320K)] 613685K->444350K(1902592K), 0.0502597 secs] [Times: user=0.30 sys=0.00, real=0.05 secs] 
3323.356: [GC (Allocation Failure) [PSYoungGen: 462304K->102304K(506368K)] 758206K->537822K(1904640K), 0.1634488 secs] [Times: user=0.95 sys=0.01, real=0.17 secs] 
3325.286: [GC (Allocation Failure) [PSYoungGen: 416160K->147040K(504832K)] 851678K->680995K(1903104K), 0.0504772 secs] [Times: user=0.30 sys=0.00, real=0.05 secs] 
3328.402: [GC (Allocation Failure) [PSYoungGen: 461408K->98016K(506368K)] 995363K->770299K(1904640K), 0.1590161 secs] [Times: user=0.95 sys=0.00, real=0.16 secs] 
3330.220: [GC (Allocation Failure) [PSYoungGen: 412384K->148256K(503296K)] 1084667K->914656K(1901568K), 0.0498762 secs] [Times: user=0.30 sys=0.00, real=0.05 secs] 
3332.159: [GC (Allocation Failure) [PSYoungGen: 461088K->102592K(505856K)] 1227488K->1008440K(1904128K), 0.1312471 secs] [Times: user=0.77 sys=0.00, real=0.13 secs] 
3334.050: [GC (GCLocker Initiated GC) [PSYoungGen: 415424K->145776K(504832K)] 1321272K->1151041K(1903104K), 0.0923398 secs] [Times: user=0.54 sys=0.00, real=0.09 secs] 
3337.935: [GC (Allocation Failure) [PSYoungGen: 460144K->102384K(505856K)] 1465414K->1245014K(1904128K), 0.1516824 secs] [Times: user=0.91 sys=0.01, real=0.15 secs] 
3339.930: [GC (Allocation Failure) [PSYoungGen: 416752K->146048K(504832K)] 1559382K->1391118K(1903104K), 0.0509160 secs] [Times: user=0.30 sys=0.00, real=0.05 secs] 
3339.981: [Full GC (Ergonomics) [PSYoungGen: 146048K->0K(504832K)] [ParOldGen: 1245070K->186001K(1398272K)] 1391118K->186001K(1903104K), [Metaspace: 60199K->60199K(1105920K)], 0.4471709 secs] [Times: user=2.08 sys=0.00, real=0.45 secs] 
3341.813: [GC (Allocation Failure) [PSYoungGen: 315392K->105776K(506368K)] 501393K->291777K(1904640K), 0.0569825 secs] [Times: user=0.34 sys=0.00, real=0.06 secs] 
3343.720: [GC (Allocation Failure) [PSYoungGen: 421168K->154208K(501760K)] 607169K->442782K(1900032K), 0.0528897 secs] [Times: user=0.32 sys=0.00, real=0.05 secs] 
3346.027: [GC (Allocation Failure) [PSYoungGen: 468064K->104800K(506368K)] 756638K->530762K(1904640K), 0.1678059 secs] [Times: user=1.00 sys=0.01, real=0.17 secs] 
3347.711: [GC (Allocation Failure) [PSYoungGen: 418656K->147008K(505856K)] 844618K->674166K(1904128K), 0.0522440 secs] [Times: user=0.31 sys=0.00, real=0.05 secs] 
3350.864: [GC (Allocation Failure) [PSYoungGen: 462677K->103360K(419328K)] 989836K->768831K(1817600K), 0.1291367 secs] [Times: user=0.77 sys=0.00, real=0.13 secs] 
3353.214: [GC (Allocation Failure) [PSYoungGen: 419264K->146608K(505344K)] 1084735K->911860K(1903616K), 0.0523305 secs] [Times: user=0.31 sys=0.00, real=0.05 secs] 
3354.899: [GC (Allocation Failure) [PSYoungGen: 462512K->106464K(422400K)] 1227764K->1009307K(1820672K), 0.1414575 secs] [Times: user=0.84 sys=0.00, real=0.14 secs] 
3357.032: [GC (Allocation Failure) [PSYoungGen: 422368K->146608K(504320K)] 1325211K->1152873K(1902592K), 0.0537117 secs] [Times: user=0.32 sys=0.00, real=0.05 secs] 
3360.193: [GC (Allocation Failure) [PSYoungGen: 463024K->103168K(506368K)] 1469289K->1247260K(1904640K), 0.1104132 secs] [Times: user=0.66 sys=0.00, real=0.11 secs] 
3362.476: [GC (Allocation Failure) [PSYoungGen: 419584K->147632K(505856K)] 1563676K->1390686K(1904128K), 0.0520873 secs] [Times: user=0.30 sys=0.00, real=0.06 secs] 
3362.528: [Full GC (Ergonomics) [PSYoungGen: 147632K->0K(505856K)] [ParOldGen: 1243053K->187927K(1398272K)] 1390686K->187927K(1904128K), [Metaspace: 60201K->60201K(1105920K)], 0.4437941 secs] [Times: user=2.07 sys=0.00, real=0.44 secs] 
3364.841: [GC (Allocation Failure) [PSYoungGen: 318464K->106304K(508416K)] 506391K->294231K(1906688K), 0.0860763 secs] [Times: user=0.51 sys=0.00, real=0.09 secs] 
3367.797: [GC (Allocation Failure) [PSYoungGen: 424768K->147872K(505856K)] 612695K->438180K(1904128K), 0.0523509 secs] [Times: user=0.31 sys=0.00, real=0.05 secs] 
3370.645: [GC (GCLocker Initiated GC) [PSYoungGen: 466848K->104240K(508416K)] 757156K->533469K(1906688K), 0.1713933 secs] [Times: user=1.01 sys=0.01, real=0.17 secs] 
3372.577: [GC (Allocation Failure) [PSYoungGen: 423216K->159040K(498688K)] 852448K->688644K(1896960K), 0.0525009 secs] [Times: user=0.31 sys=0.00, real=0.05 secs] 
3376.190: [GC (Allocation Failure) [PSYoungGen: 470848K->97920K(505344K)] 1000452K->769780K(1903616K), 0.1689254 secs] [Times: user=1.01 sys=0.00, real=0.17 secs] 
3378.863: [GC (Allocation Failure) [PSYoungGen: 409728K->144784K(504832K)] 1081588K->910950K(1903104K), 0.0501009 secs] [Times: user=0.29 sys=0.00, real=0.05 secs] 
3380.755: [GC (Allocation Failure) [PSYoungGen: 458128K->102912K(416768K)] 1224294K->1004969K(1815040K), 0.0838883 secs] [Times: user=0.50 sys=0.00, real=0.09 secs] 
3382.924: [GC (Allocation Failure) [PSYoungGen: 416256K->142560K(505344K)] 1318313K->1145474K(1903616K), 0.0695150 secs] [Times: user=0.41 sys=0.00, real=0.07 secs] 
3385.345: [GC (Allocation Failure) [PSYoungGen: 457440K->104272K(505344K)] 1460354K->1241323K(1903616K), 0.1042192 secs] [Times: user=0.62 sys=0.00, real=0.11 secs] 
3387.856: [GC (Allocation Failure) [PSYoungGen: 419152K->143808K(504832K)] 1556203K->1382591K(1903104K), 0.0979293 secs] [Times: user=0.58 sys=0.00, real=0.10 secs] 
3387.954: [Full GC (Ergonomics) [PSYoungGen: 143808K->0K(504832K)] [ParOldGen: 1238783K->176975K(1398272K)] 1382591K->176975K(1903104K), [Metaspace: 60219K->60219K(1105920K)], 0.4843875 secs] [Times: user=2.29 sys=0.01, real=0.49 secs] 
3389.635: [GC (Allocation Failure) [PSYoungGen: 316928K->104784K(505856K)] 493903K->281760K(1904128K), 0.0350558 secs] [Times: user=0.21 sys=0.00, real=0.04 secs] 
3393.017: [GC (Allocation Failure) [PSYoungGen: 421712K->145568K(506880K)] 598688K->424604K(1905152K), 0.0531722 secs] [Times: user=0.31 sys=0.00, real=0.05 secs] 
3395.328: [GC (Allocation Failure) [PSYoungGen: 466080K->108176K(508416K)] 745116K->523785K(1906688K), 0.0667778 secs] [Times: user=0.40 sys=0.00, real=0.06 secs] 
3397.282: [GC (Allocation Failure) [PSYoungGen: 428688K->147744K(506880K)] 844297K->669509K(1905152K), 0.0918636 secs] [Times: user=0.54 sys=0.01, real=0.09 secs] 
3399.905: [GC (Allocation Failure) [PSYoungGen: 469792K->104192K(509440K)] 991557K->765205K(1907712K), 0.0693915 secs] [Times: user=0.41 sys=0.00, real=0.07 secs] 
3402.155: [GC (Allocation Failure) [PSYoungGen: 426240K->151360K(506368K)] 1087253K->912758K(1904640K), 0.0525885 secs] [Times: user=0.31 sys=0.00, real=0.06 secs] 
3405.686: [GC (Allocation Failure) [PSYoungGen: 472384K->105040K(509952K)] 1233782K->1009082K(1908224K), 0.1248554 secs] [Times: user=0.69 sys=0.00, real=0.13 secs] 
3406.859: [GC (Allocation Failure) [PSYoungGen: 426064K->150560K(505856K)] 1330106K->1155927K(1904128K), 0.0522661 secs] [Times: user=0.31 sys=0.01, real=0.05 secs] 
3409.241: [GC (Allocation Failure) [PSYoungGen: 469536K->106000K(508928K)] 1474903K->1253207K(1907200K), 0.1730602 secs] [Times: user=1.03 sys=0.00, real=0.17 secs] 
3410.485: [GC (Allocation Failure) [PSYoungGen: 424976K->148160K(506368K)] 1572183K->1397952K(1904640K), 0.0526360 secs] [Times: user=0.31 sys=0.00, real=0.06 secs] 
3410.537: [Full GC (Ergonomics) [PSYoungGen: 148160K->0K(506368K)] [ParOldGen: 1249792K->196912K(1398272K)] 1397952K->196912K(1904640K), [Metaspace: 60226K->60226K(1105920K)], 0.4854521 secs] [Times: user=2.27 sys=0.00, real=0.48 secs] 
3414.996: [GC (Allocation Failure) [PSYoungGen: 318976K->99440K(508928K)] 515888K->296353K(1907200K), 0.0929394 secs] [Times: user=0.55 sys=0.00, real=0.10 secs] 
3415.723: [GC (Allocation Failure) [PSYoungGen: 415624K->151456K(503296K)] 612536K->443893K(1901568K), 0.0491729 secs] [Times: user=0.29 sys=0.00, real=0.05 secs] 
3418.159: [GC (Allocation Failure) [PSYoungGen: 466336K->104224K(506880K)] 758773K->539437K(1905152K), 0.1419336 secs] [Times: user=0.84 sys=0.00, real=0.14 secs] 
3420.038: [GC (Allocation Failure) [PSYoungGen: 416782K->145952K(506880K)] 851995K->682254K(1905152K), 0.1472289 secs] [Times: user=0.87 sys=0.00, real=0.14 secs] 
3423.769: [GC (Allocation Failure) [PSYoungGen: 463392K->100064K(507904K)] 999694K->773902K(1906176K), 0.1661363 secs] [Times: user=0.98 sys=0.00, real=0.16 secs] 
3425.784: [GC (Allocation Failure) [PSYoungGen: 417504K->149792K(503808K)] 1091342K->919323K(1902080K), 0.0500833 secs] [Times: user=0.29 sys=0.00, real=0.05 secs] 
3427.485: [GC (Allocation Failure) [PSYoungGen: 464672K->104896K(506880K)] 1234203K->1015327K(1905152K), 0.1608882 secs] [Times: user=0.94 sys=0.01, real=0.16 secs] 
3430.304: [GC (Allocation Failure) [PSYoungGen: 419776K->154256K(501248K)] 1330207K->1165456K(1899520K), 0.0511358 secs] [Times: user=0.30 sys=0.00, real=0.05 secs] 
3431.971: [GC (Allocation Failure) [PSYoungGen: 466064K->105808K(505344K)] 1477264K->1254177K(1903616K), 0.1643118 secs] [Times: user=0.97 sys=0.00, real=0.16 secs] 
3433.519: [GC (Allocation Failure) [PSYoungGen: 417616K->141792K(502784K)] 1565985K->1392593K(1901056K), 0.0645655 secs] [Times: user=0.38 sys=0.00, real=0.06 secs] 
3433.584: [Full GC (Ergonomics) [PSYoungGen: 141792K->0K(502784K)] [ParOldGen: 1250801K->191725K(1398272K)] 1392593K->191725K(1901056K), [Metaspace: 60232K->60232K(1105920K)], 0.4710924 secs] [Times: user=2.19 sys=0.00, real=0.47 secs] 
3437.265: [GC (Allocation Failure) [PSYoungGen: 314368K->103296K(504832K)] 506093K->295021K(1903104K), 0.0989491 secs] [Times: user=0.59 sys=0.00, real=0.10 secs] 
3438.661: [GC (GCLocker Initiated GC) [PSYoungGen: 417664K->146400K(505856K)] 609389K->437798K(1904128K), 0.0506288 secs] [Times: user=0.30 sys=0.00, real=0.05 secs] 
3441.290: [GC (Allocation Failure) [PSYoungGen: 464352K->101712K(507904K)] 755753K->530725K(1906176K), 0.1558903 secs] [Times: user=0.90 sys=0.02, real=0.15 secs] 
3442.576: [GC (Allocation Failure) [PSYoungGen: 419664K->149760K(504832K)] 848677K->676709K(1903104K), 0.0638336 secs] [Times: user=0.38 sys=0.00, real=0.07 secs] 
3445.378: [GC (Allocation Failure) [PSYoungGen: 466688K->102432K(507904K)] 993637K->770822K(1906176K), 0.1309985 secs] [Times: user=0.78 sys=0.01, real=0.13 secs] 
3446.704: [GC (Allocation Failure) [PSYoungGen: 419360K->148832K(504832K)] 1087750K->915838K(1903104K), 0.0512638 secs] [Times: user=0.30 sys=0.00, real=0.05 secs] 
3448.493: [GC (Allocation Failure) [PSYoungGen: 464736K->104896K(420864K)] 1231742K->1011686K(1819136K), 0.1787866 secs] [Times: user=1.03 sys=0.00, real=0.18 secs] 
3450.123: [GC (Allocation Failure) [PSYoungGen: 420800K->147808K(504320K)] 1327590K->1156627K(1902592K), 0.1072950 secs] [Times: user=0.63 sys=0.01, real=0.11 secs] 
3452.704: [GC (Allocation Failure) [PSYoungGen: 463712K->102448K(506880K)] 1472531K->1250612K(1905152K), 0.1706021 secs] [Times: user=1.01 sys=0.01, real=0.17 secs] 
3454.425: [GC (Allocation Failure) [PSYoungGen: 418352K->149440K(504320K)] 1566516K->1396428K(1902592K), 0.0515354 secs] [Times: user=0.31 sys=0.00, real=0.05 secs] 
3454.476: [Full GC (Ergonomics) [PSYoungGen: 149440K->0K(504320K)] [ParOldGen: 1246988K->194782K(1398272K)] 1396428K->194782K(1902592K), [Metaspace: 60237K->60237K(1105920K)], 0.4740678 secs] [Times: user=2.22 sys=0.00, real=0.48 secs] 
3458.492: [GC (Allocation Failure) [PSYoungGen: 315904K->100225K(507392K)] 510686K->295007K(1905664K), 0.0961333 secs] [Times: user=0.55 sys=0.02, real=0.10 secs] 
3459.776: [GC (Allocation Failure) [PSYoungGen: 416129K->149328K(503296K)] 610911K->440668K(1901568K), 0.0501123 secs] [Times: user=0.30 sys=0.00, real=0.05 secs] 
3462.379: [GC (Allocation Failure) [PSYoungGen: 463184K->102112K(506368K)] 754524K->533879K(1904640K), 0.1714784 secs] [Times: user=1.02 sys=0.00, real=0.17 secs] 
3464.064: [GC (Allocation Failure) [PSYoungGen: 415968K->147680K(504832K)] 847735K->678228K(1903104K), 0.0509543 secs] [Times: user=0.30 sys=0.00, real=0.05 secs] 
3466.960: [GC (Allocation Failure) [PSYoungGen: 462560K->101376K(506880K)] 993108K->771120K(1905152K), 0.1378662 secs] [Times: user=0.82 sys=0.00, real=0.14 secs] 
3468.059: [GC (Allocation Failure) [PSYoungGen: 416256K->149664K(502784K)] 1086000K->916573K(1901056K), 0.0511548 secs] [Times: user=0.30 sys=0.00, real=0.05 secs] 
3471.411: [GC (Allocation Failure) [PSYoungGen: 462496K->100576K(505856K)] 1229405K->1008437K(1904128K), 0.1678204 secs] [Times: user=1.00 sys=0.00, real=0.17 secs] 
3473.118: [GC (Allocation Failure) [PSYoungGen: 413408K->144896K(505344K)] 1321269K->1149878K(1903616K), 0.1062203 secs] [Times: user=0.63 sys=0.01, real=0.10 secs] 
3476.705: [GC (Allocation Failure) [PSYoungGen: 459776K->102016K(506368K)] 1464758K->1243294K(1904640K), 0.1460657 secs] [Times: user=0.87 sys=0.00, real=0.15 secs] 
3478.013: [GC (Allocation Failure) [PSYoungGen: 416896K->145248K(505344K)] 1558174K->1385635K(1903616K), 0.0518557 secs] [Times: user=0.31 sys=0.00, real=0.05 secs] 
3478.065: [Full GC (Ergonomics) [PSYoungGen: 145248K->0K(505344K)] [ParOldGen: 1240387K->185190K(1398272K)] 1385635K->185190K(1903616K), [Metaspace: 60238K->60238K(1105920K)], 0.4408001 secs] [Times: user=2.03 sys=0.00, real=0.44 secs] 
3482.458: [GC (Allocation Failure) [PSYoungGen: 315904K->104416K(506368K)] 501094K->289606K(1904640K), 0.1040371 secs] [Times: user=0.61 sys=0.00, real=0.10 secs] 
3484.243: [GC (Allocation Failure) [PSYoungGen: 420320K->147568K(504320K)] 605510K->433248K(1902592K), 0.0512736 secs] [Times: user=0.31 sys=0.00, real=0.05 secs] 
3485.961: [GC (Allocation Failure) [PSYoungGen: 463984K->105536K(506880K)] 749664K->529804K(1905152K), 0.1494607 secs] [Times: user=0.89 sys=0.00, real=0.15 secs] 
3487.388: [GC (Allocation Failure) [PSYoungGen: 421952K->147568K(505344K)] 846220K->673457K(1903616K), 0.0518470 secs] [Times: user=0.31 sys=0.00, real=0.05 secs] 
3490.384: [GC (Allocation Failure) [PSYoungGen: 465520K->105664K(507904K)] 991409K->769829K(1906176K), 0.1714301 secs] [Times: user=1.02 sys=0.01, real=0.17 secs] 
3491.719: [GC (Allocation Failure) [PSYoungGen: 423616K->148864K(505344K)] 1087781K->914217K(1903616K), 0.0526970 secs] [Times: user=0.32 sys=0.00, real=0.05 secs] 
3494.455: [GC (Allocation Failure) [PSYoungGen: 467328K->105616K(508416K)] 1232681K->1010274K(1906688K), 0.1671873 secs] [Times: user=0.99 sys=0.00, real=0.17 secs] 
3496.658: [GC (Allocation Failure) [PSYoungGen: 424080K->149328K(506368K)] 1328738K->1155335K(1904640K), 0.0534700 secs] [Times: user=0.30 sys=0.01, real=0.05 secs] 
3498.811: [GC (Allocation Failure) [PSYoungGen: 468304K->105120K(508928K)] 1474311K->1251430K(1907200K), 0.0950429 secs] [Times: user=0.56 sys=0.00, real=0.09 secs] 
3500.515: [GC (Allocation Failure) [PSYoungGen: 424096K->147408K(506880K)] 1570406K->1394956K(1905152K), 0.0531383 secs] [Times: user=0.31 sys=0.00, real=0.06 secs] 
3500.568: [Full GC (Ergonomics) [PSYoungGen: 147408K->0K(506880K)] [ParOldGen: 1247547K->192660K(1398272K)] 1394956K->192660K(1905152K), [Metaspace: 60239K->60239K(1105920K)], 0.4642826 secs] [Times: user=2.17 sys=0.00, real=0.46 secs] 
3503.469: [GC (Allocation Failure) [PSYoungGen: 319488K->107392K(508928K)] 512148K->300052K(1907200K), 0.1044797 secs] [Times: user=0.62 sys=0.00, real=0.10 secs] 
3505.147: [GC (Allocation Failure) [PSYoungGen: 426880K->147840K(506880K)] 619540K->443952K(1905152K), 0.0512529 secs] [Times: user=0.30 sys=0.00, real=0.05 secs] 
3507.801: [GC (Allocation Failure) [PSYoungGen: 467840K->108848K(508928K)] 763952K->543601K(1907200K), 0.1006976 secs] [Times: user=0.60 sys=0.00, real=0.10 secs] 
3508.329: [GC (Allocation Failure) [PSYoungGen: 413164K->143360K(508416K)] 847917K->683129K(1906688K), 0.0511858 secs] [Times: user=0.30 sys=0.00, real=0.05 secs] 
3511.601: [GC (Allocation Failure) [PSYoungGen: 465920K->104160K(508928K)] 1005689K->778281K(1907200K), 0.1565761 secs] [Times: user=0.93 sys=0.00, real=0.16 secs] 
3512.465: [GC (Allocation Failure) [PSYoungGen: 415684K->146752K(509440K)] 1089805K->921206K(1907712K), 0.0509386 secs] [Times: user=0.30 sys=0.00, real=0.05 secs] 
3515.601: [GC (Allocation Failure) [PSYoungGen: 471360K->106752K(511488K)] 1245814K->1019234K(1909760K), 0.1607003 secs] [Times: user=0.95 sys=0.00, real=0.16 secs] 
3516.683: [GC (Allocation Failure) [PSYoungGen: 431360K->154432K(504320K)] 1343842K->1170279K(1902592K), 0.1033079 secs] [Times: user=0.61 sys=0.00, real=0.10 secs] 
3520.618: [GC (Allocation Failure) [PSYoungGen: 474432K->93984K(509440K)] 1490279K->1264075K(1907712K), 0.1773147 secs] [Times: user=1.06 sys=0.00, real=0.17 secs] 
3521.315: [GC (Allocation Failure) [PSYoungGen: 413984K->151328K(502784K)] 1584075K->1411196K(1901056K), 0.0554205 secs] [Times: user=0.32 sys=0.00, real=0.06 secs] 
3521.370: [Full GC (Ergonomics) [PSYoungGen: 151328K->0K(502784K)] [ParOldGen: 1259868K->209790K(1398272K)] 1411196K->209790K(1901056K), [Metaspace: 60241K->60241K(1105920K)], 0.4938746 secs] [Times: user=2.30 sys=0.00, real=0.49 secs] 
3523.561: [GC (Allocation Failure) [PSYoungGen: 313856K->95808K(506368K)] 523646K->305598K(1904640K), 0.1063087 secs] [Times: user=0.63 sys=0.00, real=0.11 secs] 
3524.305: [GC (Allocation Failure) [PSYoungGen: 409664K->148544K(503296K)] 619454K->448227K(1901568K), 0.0755884 secs] [Times: user=0.45 sys=0.00, real=0.08 secs] 
3528.678: [GC (Allocation Failure) [PSYoungGen: 460352K->90592K(505344K)] 760035K->538331K(1903616K), 0.1731181 secs] [Times: user=1.03 sys=0.00, real=0.17 secs] 
3530.448: [GC (Allocation Failure) [PSYoungGen: 389116K->139712K(503808K)] 836856K->674884K(1902080K), 0.0776002 secs] [Times: user=0.46 sys=0.00, real=0.07 secs] 
3534.506: [GC (Allocation Failure) [PSYoungGen: 452032K->100704K(413184K)] 987204K->767124K(1811456K), 0.1659651 secs] [Times: user=0.98 sys=0.00, real=0.17 secs] 
3536.421: [GC (Allocation Failure) [PSYoungGen: 413024K->146784K(501760K)] 1079444K->909633K(1900032K), 0.0493085 secs] [Times: user=0.29 sys=0.00, real=0.05 secs] 
3538.193: [GC (Allocation Failure) [PSYoungGen: 459104K->99952K(504320K)] 1221953K->1000818K(1902592K), 0.1745871 secs] [Times: user=1.04 sys=0.00, real=0.18 secs] 
3540.238: [GC (GCLocker Initiated GC) [PSYoungGen: 412272K->147152K(504320K)] 1313138K->1144211K(1902592K), 0.0991667 secs] [Times: user=0.59 sys=0.00, real=0.10 secs] 
3543.259: [GC (Allocation Failure) [PSYoungGen: 462032K->101248K(506880K)] 1459094K->1236949K(1905152K), 0.1159068 secs] [Times: user=0.69 sys=0.00, real=0.11 secs] 
3545.052: [GC (Allocation Failure) [PSYoungGen: 416128K->148000K(504320K)] 1551829K->1381554K(1902592K), 0.0601573 secs] [Times: user=0.35 sys=0.00, real=0.06 secs] 
3545.112: [Full GC (Ergonomics) [PSYoungGen: 148000K->0K(504320K)] [ParOldGen: 1233554K->187422K(1398272K)] 1381554K->187422K(1902592K), [Metaspace: 60241K->60241K(1105920K)], 0.4594761 secs] [Times: user=2.13 sys=0.00, real=0.46 secs] 
3547.784: [GC (Allocation Failure) [PSYoungGen: 314880K->100880K(506880K)] 502302K->288303K(1905152K), 0.0460004 secs] [Times: user=0.28 sys=0.00, real=0.05 secs] 
3550.531: [GC (Allocation Failure) [PSYoungGen: 415760K->146976K(504320K)] 603183K->431155K(1902592K), 0.0511344 secs] [Times: user=0.30 sys=0.01, real=0.05 secs] 
3552.843: [GC (Allocation Failure) [PSYoungGen: 461856K->104384K(419328K)] 746035K->526327K(1817600K), 0.0930557 secs] [Times: user=0.55 sys=0.00, real=0.09 secs] 
3555.265: [GC (Allocation Failure) [PSYoungGen: 419264K->143264K(505856K)] 841207K->666540K(1904128K), 0.0556922 secs] [Times: user=0.33 sys=0.00, real=0.06 secs] 
3558.222: [GC (Allocation Failure) [PSYoungGen: 460192K->105840K(506368K)] 983468K->763889K(1904640K), 0.0745608 secs] [Times: user=0.45 sys=0.00, real=0.08 secs] 
3560.522: [GC (Allocation Failure) [PSYoungGen: 422768K->146432K(504320K)] 1080817K->907813K(1902592K), 0.0538382 secs] [Times: user=0.32 sys=0.01, real=0.05 secs] 
3562.006: [GC (Allocation Failure) [PSYoungGen: 464384K->104672K(506880K)] 1225765K->1003485K(1905152K), 0.0678994 secs] [Times: user=0.40 sys=0.00, real=0.07 secs] 
3564.503: [GC (Allocation Failure) [PSYoungGen: 422624K->145824K(507392K)] 1321437K->1146146K(1905664K), 0.0531911 secs] [Times: user=0.31 sys=0.01, real=0.05 secs] 
3566.711: [GC (Allocation Failure) [PSYoungGen: 467360K->107856K(509440K)] 1467682K->1244966K(1907712K), 0.0663803 secs] [Times: user=0.39 sys=0.00, real=0.07 secs] 
3569.350: [GC (Allocation Failure) [PSYoungGen: 429392K->150400K(506368K)] 1566502K->1391902K(1904640K), 0.1373967 secs] [Times: user=0.82 sys=0.00, real=0.14 secs] 
3569.487: [Full GC (Ergonomics) [PSYoungGen: 150400K->0K(506368K)] [ParOldGen: 1241502K->190150K(1398272K)] 1391902K->190150K(1904640K), [Metaspace: 60256K->60256K(1105920K)], 0.5117217 secs] [Times: user=2.46 sys=0.00, real=0.51 secs] 
3573.867: [GC (Allocation Failure) [PSYoungGen: 321536K->104928K(509952K)] 511686K->295078K(1908224K), 0.0989798 secs] [Times: user=0.58 sys=0.00, real=0.09 secs] 
3576.022: [GC (Allocation Failure) [PSYoungGen: 426464K->150304K(506368K)] 616614K->441215K(1904640K), 0.0511806 secs] [Times: user=0.30 sys=0.00, real=0.05 secs] 
3578.919: [GC (Allocation Failure) [PSYoungGen: 470304K->103328K(509440K)] 761215K->535287K(1907712K), 0.1731629 secs] [Times: user=1.03 sys=0.00, real=0.17 secs] 
3580.367: [GC (Allocation Failure) [PSYoungGen: 423328K->151824K(504320K)] 855287K->682860K(1902592K), 0.0520058 secs] [Times: user=0.31 sys=0.00, real=0.06 secs] 
3582.124: [GC (GCLocker Initiated GC) [PSYoungGen: 468752K->105104K(507904K)] 999788K->779133K(1906176K), 0.1328330 secs] [Times: user=0.79 sys=0.00, real=0.14 secs] 
3583.530: [GC (Allocation Failure) [PSYoungGen: 422032K->139104K(504832K)] 1112447K->930664K(1903104K), 0.2073132 secs] [Times: user=1.24 sys=0.00, real=0.21 secs] 
3589.263: [GC (Allocation Failure) [PSYoungGen: 458592K->93280K(506880K)] 1250152K->1023808K(1905152K), 0.4363952 secs] [Times: user=2.61 sys=0.00, real=0.44 secs] 
3590.475: [GC (Allocation Failure) [PSYoungGen: 412768K->150016K(504832K)] 1343296K->1170025K(1903104K), 0.0541263 secs] [Times: user=0.32 sys=0.00, real=0.06 secs] 
3593.679: [GC (Allocation Failure) [PSYoungGen: 467968K->94400K(508416K)] 1487977K->1263617K(1906688K), 0.1614724 secs] [Times: user=0.96 sys=0.00, real=0.16 secs] 
3594.504: [GC (Allocation Failure) [PSYoungGen: 412352K->150752K(502272K)] 1581569K->1410346K(1900544K), 0.0548741 secs] [Times: user=0.32 sys=0.00, real=0.06 secs] 
3594.559: [Full GC (Ergonomics) [PSYoungGen: 150752K->0K(502272K)] [ParOldGen: 1259593K->208758K(1398272K)] 1410346K->208758K(1900544K), [Metaspace: 60257K->60257K(1105920K)], 0.4943556 secs] [Times: user=2.31 sys=0.00, real=0.49 secs] 
3597.733: [GC (Allocation Failure) [PSYoungGen: 312832K->95088K(505856K)] 521590K->303847K(1904128K), 0.1583112 secs] [Times: user=0.93 sys=0.00, real=0.16 secs] 
3598.639: [GC (Allocation Failure) [PSYoungGen: 407920K->148432K(501248K)] 616679K->446263K(1899520K), 0.0542182 secs] [Times: user=0.31 sys=0.01, real=0.05 secs] 
3602.260: [GC (Allocation Failure) [PSYoungGen: 458192K->92856K(504320K)] 756023K->538396K(1902592K), 0.1492290 secs] [Times: user=0.88 sys=0.01, real=0.15 secs] 
3603.360: [GC (Allocation Failure) [PSYoungGen: 390662K->140560K(502784K)] 836201K->675108K(1901056K), 0.0502558 secs] [Times: user=0.30 sys=0.00, real=0.05 secs] 
3605.538: [GC (Allocation Failure) [PSYoungGen: 451856K->101664K(413184K)] 986404K->767704K(1811456K), 0.1441248 secs] [Times: user=0.86 sys=0.00, real=0.14 secs] 
3606.660: [GC (Allocation Failure) [PSYoungGen: 412960K->146016K(501248K)] 1079000K->910029K(1899520K), 0.0506603 secs] [Times: user=0.29 sys=0.00, real=0.05 secs] 
3609.115: [GC (Allocation Failure) [PSYoungGen: 457824K->100512K(503808K)] 1221837K->1001813K(1902080K), 0.1631394 secs] [Times: user=0.97 sys=0.00, real=0.17 secs] 
3610.698: [GC (Allocation Failure) [PSYoungGen: 412320K->146368K(503808K)] 1313621K->1144654K(1902080K), 0.0543224 secs] [Times: user=0.32 sys=0.00, real=0.05 secs] 
3613.028: [GC (Allocation Failure) [PSYoungGen: 461248K->106768K(506368K)] 1459534K->1243062K(1904640K), 0.1057647 secs] [Times: user=0.63 sys=0.00, real=0.10 secs] 
3614.415: [GC (Allocation Failure) [PSYoungGen: 421648K->145376K(504320K)] 1557942K->1384530K(1902592K), 0.0525052 secs] [Times: user=0.31 sys=0.00, real=0.06 secs] 
3614.468: [Full GC (Ergonomics) [PSYoungGen: 145376K->0K(504320K)] [ParOldGen: 1239154K->191553K(1398272K)] 1384530K->191553K(1902592K), [Metaspace: 60382K->60382K(1105920K)], 0.4615605 secs] [Times: user=2.15 sys=0.00, real=0.46 secs] 
3616.348: [GC (Allocation Failure) [PSYoungGen: 316416K->107552K(506368K)] 507969K->299105K(1904640K), 0.0522065 secs] [Times: user=0.30 sys=0.00, real=0.05 secs] 
3617.964: [GC (Allocation Failure) [PSYoungGen: 423968K->146496K(505344K)] 615521K->442183K(1903616K), 0.1161995 secs] [Times: user=0.68 sys=0.00, real=0.12 secs] 
3621.836: [GC (Allocation Failure) [PSYoungGen: 465472K->102624K(507392K)] 761159K->535451K(1905664K), 0.1625060 secs] [Times: user=0.96 sys=0.01, real=0.17 secs] 
3624.471: [GC (Allocation Failure) [PSYoungGen: 421600K->147984K(507392K)] 854427K->680168K(1905664K), 0.1280548 secs] [Times: user=0.77 sys=0.00, real=0.13 secs] 
3627.476: [GC (Allocation Failure) [PSYoungGen: 469008K->103840K(509952K)] 1001192K->775524K(1908224K), 0.1636121 secs] [Times: user=0.98 sys=0.00, real=0.17 secs] 
3629.126: [GC (Allocation Failure) [PSYoungGen: 424864K->150816K(504320K)] 1096548K->922089K(1902592K), 0.0518879 secs] [Times: user=0.31 sys=0.01, real=0.06 secs] 
3630.942: [GC (Allocation Failure) [PSYoungGen: 468768K->105408K(508416K)] 1240041K->1018973K(1906688K), 0.1265954 secs] [Times: user=0.75 sys=0.00, real=0.13 secs] 
3631.490: [GC (Allocation Failure) [PSYoungGen: 412755K->144992K(507904K)] 1326320K->1160753K(1906176K), 0.0522887 secs] [Times: user=0.31 sys=0.00, real=0.05 secs] 
3634.242: [GC (Allocation Failure) [PSYoungGen: 465504K->105968K(426496K)] 1481265K->1258074K(1824768K), 0.1591107 secs] [Times: user=0.95 sys=0.00, real=0.16 secs] 
3635.120: [GC (Allocation Failure) [PSYoungGen: 415879K->145232K(506368K)] 1567985K->1399327K(1904640K), 0.0524336 secs] [Times: user=0.31 sys=0.00, real=0.05 secs] 
3635.173: [Full GC (Ergonomics) [PSYoungGen: 145232K->0K(506368K)] [ParOldGen: 1254094K->197379K(1398272K)] 1399327K->197379K(1904640K), [Metaspace: 60382K->60382K(1105920K)], 0.4842683 secs] [Times: user=2.26 sys=0.00, real=0.49 secs] 
3638.464: [GC (Allocation Failure) [PSYoungGen: 320512K->100112K(508416K)] 517891K->297492K(1906688K), 0.0987251 secs] [Times: user=0.58 sys=0.00, real=0.10 secs] 
3639.786: [GC (Allocation Failure) [PSYoungGen: 420353K->150944K(504832K)] 617733K->444700K(1903104K), 0.0502520 secs] [Times: user=0.30 sys=0.00, real=0.05 secs] 
3642.423: [GC (Allocation Failure) [PSYoungGen: 469920K->102848K(508928K)] 763676K->538876K(1907200K), 0.1615692 secs] [Times: user=0.97 sys=0.00, real=0.16 secs] 
3643.438: [GC (Allocation Failure) [PSYoungGen: 417226K->148240K(505344K)] 853255K->683046K(1903616K), 0.0511600 secs] [Times: user=0.30 sys=0.00, real=0.05 secs] 
3645.777: [GC (Allocation Failure) [PSYoungGen: 466192K->102496K(508416K)] 1000998K->776801K(1906688K), 0.1618907 secs] [Times: user=0.96 sys=0.00, real=0.16 secs] 
3647.882: [GC (Allocation Failure) [PSYoungGen: 420448K->148672K(505856K)] 1094753K->921446K(1904128K), 0.0508270 secs] [Times: user=0.30 sys=0.00, real=0.05 secs] 
3650.471: [GC (Allocation Failure) [PSYoungGen: 466624K->103472K(508416K)] 1239398K->1015971K(1906688K), 0.1793721 secs] [Times: user=1.07 sys=0.00, real=0.18 secs] 
3652.411: [GC (Allocation Failure) [PSYoungGen: 413018K->147360K(506368K)] 1325516K->1159763K(1904640K), 0.0855213 secs] [Times: user=0.50 sys=0.00, real=0.08 secs] 
3655.938: [GC (Allocation Failure) [PSYoungGen: 465312K->99936K(508416K)] 1477715K->1251295K(1906688K), 0.1498724 secs] [Times: user=0.89 sys=0.01, real=0.15 secs] 
3657.698: [GC (Allocation Failure) [PSYoungGen: 417888K->150400K(503296K)] 1569247K->1397416K(1901568K), 0.0504841 secs] [Times: user=0.30 sys=0.00, real=0.05 secs] 
3657.748: [Full GC (Ergonomics) [PSYoungGen: 150400K->0K(503296K)] [ParOldGen: 1247016K->196371K(1398272K)] 1397416K->196371K(1901568K), [Metaspace: 60396K->60396K(1105920K)], 0.4842953 secs] [Times: user=2.26 sys=0.00, real=0.48 secs] 
3661.005: [GC (GCLocker Initiated GC) [PSYoungGen: 314880K->100240K(506880K)] 511251K->296612K(1905152K), 0.0988121 secs] [Times: user=0.59 sys=0.00, real=0.10 secs] 
3662.393: [GC (Allocation Failure) [PSYoungGen: 415120K->146752K(504832K)] 611544K->439940K(1903104K), 0.0494407 secs] [Times: user=0.29 sys=0.00, real=0.05 secs] 
3665.322: [GC (Allocation Failure) [PSYoungGen: 461632K->101632K(416768K)] 754820K->532404K(1815040K), 0.1602028 secs] [Times: user=0.95 sys=0.01, real=0.16 secs] 
3666.540: [GC (GCLocker Initiated GC) [PSYoungGen: 416512K->148304K(503808K)] 847284K->677610K(1902080K), 0.0831771 secs] [Times: user=0.49 sys=0.00, real=0.08 secs] 
3668.898: [GC (Allocation Failure) [PSYoungGen: 462672K->102848K(506368K)] 991980K->772012K(1904640K), 0.1755280 secs] [Times: user=1.04 sys=0.00, real=0.17 secs] 
3670.737: [GC (Allocation Failure) [PSYoungGen: 417216K->146336K(505344K)] 1086380K->914880K(1903616K), 0.0514491 secs] [Times: user=0.31 sys=0.00, real=0.05 secs] 
3672.287: [GC (Allocation Failure) [PSYoungGen: 462240K->105184K(506880K)] 1230784K->1011152K(1905152K), 0.1353650 secs] [Times: user=0.80 sys=0.00, real=0.14 secs] 
3673.786: [GC (Allocation Failure) [PSYoungGen: 421088K->147920K(504832K)] 1327056K->1155370K(1903104K), 0.0833262 secs] [Times: user=0.49 sys=0.00, real=0.09 secs] 
3678.131: [GC (Allocation Failure) [PSYoungGen: 464336K->102368K(506880K)] 1471786K->1248925K(1905152K), 0.1670416 secs] [Times: user=0.99 sys=0.00, real=0.17 secs] 
3679.948: [GC (Allocation Failure) [PSYoungGen: 418784K->148016K(505344K)] 1565341K->1393091K(1903616K), 0.0518418 secs] [Times: user=0.30 sys=0.00, real=0.05 secs] 
3680.000: [Full GC (Ergonomics) [PSYoungGen: 148016K->0K(505344K)] [ParOldGen: 1245074K->191267K(1398272K)] 1393091K->191267K(1903616K), [Metaspace: 60396K->60396K(1105920K)], 0.4670570 secs] [Times: user=2.19 sys=0.00, real=0.46 secs] 
3683.832: [GC (Allocation Failure) [PSYoungGen: 316928K->99760K(507904K)] 508195K->291028K(1906176K), 0.1039552 secs] [Times: user=0.61 sys=0.00, real=0.10 secs] 
3686.030: [GC (Allocation Failure) [PSYoungGen: 416688K->150336K(502784K)] 607956K->437224K(1901056K), 0.0496830 secs] [Times: user=0.30 sys=0.00, real=0.05 secs] 
3688.261: [GC (Allocation Failure) [PSYoungGen: 464192K->101616K(506368K)] 751080K->529973K(1904640K), 0.1625526 secs] [Times: user=0.96 sys=0.00, real=0.16 secs] 
3689.833: [GC (Allocation Failure) [PSYoungGen: 415472K->149056K(503808K)] 843829K->675489K(1902080K), 0.0508091 secs] [Times: user=0.30 sys=0.00, real=0.05 secs] 
3692.891: [GC (Allocation Failure) [PSYoungGen: 462912K->104480K(506368K)] 989345K->771501K(1904640K), 0.1794225 secs] [Times: user=1.06 sys=0.01, real=0.18 secs] 
3695.609: [GC (Allocation Failure) [PSYoungGen: 418336K->145456K(505344K)] 1085357K->912979K(1903616K), 0.0547321 secs] [Times: user=0.30 sys=0.00, real=0.05 secs] 
3697.479: [GC (Allocation Failure) [PSYoungGen: 460848K->105872K(421376K)] 1228371K->1009679K(1819648K), 0.1732169 secs] [Times: user=1.03 sys=0.00, real=0.17 secs] 
3699.051: [GC (Allocation Failure) [PSYoungGen: 421264K->147472K(503296K)] 1325071K->1153408K(1901568K), 0.0529500 secs] [Times: user=0.32 sys=0.00, real=0.05 secs] 
3702.791: [GC (Allocation Failure) [PSYoungGen: 462864K->103792K(505856K)] 1468800K->1248600K(1904128K), 0.1179243 secs] [Times: user=0.71 sys=0.00, real=0.12 secs] 
3704.110: [GC (Allocation Failure) [PSYoungGen: 419184K->147776K(505856K)] 1563992K->1392540K(1904128K), 0.0525602 secs] [Times: user=0.31 sys=0.00, real=0.05 secs] 
3704.163: [Full GC (Ergonomics) [PSYoungGen: 147776K->0K(505856K)] [ParOldGen: 1244764K->191109K(1398272K)] 1392540K->191109K(1904128K), [Metaspace: 60404K->60404K(1105920K)], 0.4649274 secs] [Times: user=2.17 sys=0.00, real=0.47 secs] 
3708.722: [GC (Allocation Failure) [PSYoungGen: 317952K->102576K(508416K)] 509061K->293685K(1906688K), 0.0909705 secs] [Times: user=0.54 sys=0.00, real=0.09 secs] 
3711.156: [GC (Allocation Failure) [PSYoungGen: 420528K->148128K(505856K)] 611637K->437766K(1904128K), 0.0505713 secs] [Times: user=0.30 sys=0.00, real=0.05 secs] 
3712.931: [GC (Allocation Failure) [PSYoungGen: 466080K->104960K(508416K)] 755718K->533690K(1906688K), 0.1577886 secs] [Times: user=0.94 sys=0.00, real=0.16 secs] 
3714.478: [GC (Allocation Failure) [PSYoungGen: 422912K->149584K(504832K)] 851642K->679927K(1903104K), 0.1026927 secs] [Times: user=0.61 sys=0.01, real=0.10 secs] 
3717.651: [GC (Allocation Failure) [PSYoungGen: 466512K->104864K(507904K)] 996855K->776406K(1906176K), 0.1659754 secs] [Times: user=0.99 sys=0.00, real=0.16 secs] 
3719.505: [GC (Allocation Failure) [PSYoungGen: 421792K->148160K(506368K)] 1093334K->920823K(1904640K), 0.0683949 secs] [Times: user=0.41 sys=0.00, real=0.07 secs] 
3721.423: [GC (Allocation Failure) [PSYoungGen: 466112K->102464K(508416K)] 1238775K->1014847K(1906688K), 0.1050141 secs] [Times: user=0.63 sys=0.00, real=0.11 secs] 
3723.435: [GC (Allocation Failure) [PSYoungGen: 420416K->148160K(505344K)] 1332799K->1159332K(1903616K), 0.0511948 secs] [Times: user=0.30 sys=0.00, real=0.05 secs] 
3725.866: [GC (Allocation Failure) [PSYoungGen: 465088K->105440K(422400K)] 1476260K->1255052K(1820672K), 0.1832389 secs] [Times: user=1.09 sys=0.00, real=0.19 secs] 
3727.144: [GC (Allocation Failure) [PSYoungGen: 417844K->146976K(505344K)] 1567457K->1398169K(1903616K), 0.0517530 secs] [Times: user=0.30 sys=0.00, real=0.05 secs] 
3727.196: [Full GC (Ergonomics) [PSYoungGen: 146976K->0K(505344K)] [ParOldGen: 1251193K->197645K(1398272K)] 1398169K->197645K(1903616K), [Metaspace: 60404K->60404K(1105920K)], 0.4750977 secs] [Times: user=2.21 sys=0.00, real=0.48 secs] 
3731.050: [GC (Allocation Failure) [PSYoungGen: 317440K->103776K(507392K)] 515085K->301421K(1905664K), 0.0871843 secs] [Times: user=0.51 sys=0.00, real=0.09 secs] 
3732.243: [GC (Allocation Failure) [PSYoungGen: 414654K->147072K(507392K)] 612300K->444750K(1905664K), 0.0499963 secs] [Times: user=0.30 sys=0.00, real=0.05 secs] 
3735.705: [GC (Allocation Failure) [PSYoungGen: 466560K->103840K(508928K)] 764238K->539902K(1907200K), 0.1466922 secs] [Times: user=0.87 sys=0.01, real=0.15 secs] 
3736.963: [GC (Allocation Failure) [PSYoungGen: 420161K->146272K(507392K)] 856223K->682991K(1905664K), 0.0618272 secs] [Times: user=0.36 sys=0.00, real=0.06 secs] 
3740.711: [GC (Allocation Failure) [PSYoungGen: 466272K->104512K(508928K)] 1002991K->779115K(1907200K), 0.1661518 secs] [Times: user=0.99 sys=0.00, real=0.17 secs] 
3742.175: [GC (Allocation Failure) [PSYoungGen: 419927K->147568K(507392K)] 1094530K->922503K(1905664K), 0.0508183 secs] [Times: user=0.30 sys=0.00, real=0.05 secs] 
3744.699: [GC (Allocation Failure) [PSYoungGen: 468080K->105936K(509440K)] 1243015K->1019423K(1907712K), 0.1622698 secs] [Times: user=0.96 sys=0.00, real=0.16 secs] 
3745.973: [GC (Allocation Failure) [PSYoungGen: 416720K->145536K(507904K)] 1330206K->1160883K(1906176K), 0.0517194 secs] [Times: user=0.31 sys=0.00, real=0.05 secs] 
3748.360: [GC (Allocation Failure) [PSYoungGen: 467072K->108400K(509440K)] 1482419K->1260224K(1907712K), 0.1715950 secs] [Times: user=1.01 sys=0.00, real=0.17 secs] 
3749.115: [GC (Allocation Failure) [PSYoungGen: 414152K->143552K(508416K)] 1565976K->1399604K(1906688K), 0.0516649 secs] [Times: user=0.31 sys=0.00, real=0.05 secs] 
3749.167: [Full GC (Ergonomics) [PSYoungGen: 143552K->0K(508416K)] [ParOldGen: 1256052K->197953K(1398272K)] 1399604K->197953K(1906688K), [Metaspace: 60408K->60408K(1105920K)], 0.4823755 secs] [Times: user=2.25 sys=0.00, real=0.49 secs] 
3754.644: [GC (Allocation Failure) [PSYoungGen: 323584K->103120K(509440K)] 521537K->301074K(1907712K), 0.0984077 secs] [Times: user=0.58 sys=0.01, real=0.10 secs] 
3756.545: [GC (Allocation Failure) [PSYoungGen: 420201K->148336K(508928K)] 618155K->445015K(1907200K), 0.0497191 secs] [Times: user=0.30 sys=0.00, real=0.05 secs] 
3759.595: [GC (Allocation Failure) [PSYoungGen: 473456K->105760K(512000K)] 770135K->541798K(1910272K), 0.1764320 secs] [Times: user=1.05 sys=0.01, real=0.18 secs] 
3761.048: [GC (Allocation Failure) [PSYoungGen: 430880K->169936K(493056K)] 866918K->707944K(1891328K), 0.0535862 secs] [Times: user=0.31 sys=0.00, real=0.05 secs] 
3764.327: [GC (Allocation Failure) [PSYoungGen: 478672K->92544K(503808K)] 1016680K->783699K(1902080K), 0.1833907 secs] [Times: user=1.09 sys=0.00, real=0.18 secs] 
3764.835: [GC (Allocation Failure) [PSYoungGen: 395911K->142080K(501760K)] 1087066K->921868K(1900032K), 0.0511879 secs] [Times: user=0.30 sys=0.00, real=0.05 secs] 
3769.191: [GC (Allocation Failure) [PSYoungGen: 450816K->98048K(502784K)] 1230604K->1010980K(1901056K), 0.1510180 secs] [Times: user=0.90 sys=0.01, real=0.15 secs] 
3772.402: [GC (Allocation Failure) [PSYoungGen: 406784K->143520K(504320K)] 1319716K->1150449K(1902592K), 0.0495936 secs] [Times: user=0.29 sys=0.00, real=0.05 secs] 
3774.208: [GC (Allocation Failure) [PSYoungGen: 455328K->105408K(417280K)] 1462257K->1246561K(1815552K), 0.1647085 secs] [Times: user=0.98 sys=0.00, real=0.16 secs] 
3775.930: [GC (Allocation Failure) [PSYoungGen: 417216K->143104K(502784K)] 1558369K->1386085K(1901056K), 0.0534073 secs] [Times: user=0.31 sys=0.01, real=0.05 secs] 
3775.984: [Full GC (Ergonomics) [PSYoungGen: 143104K->0K(502784K)] [ParOldGen: 1242981K->185021K(1398272K)] 1386085K->185021K(1901056K), [Metaspace: 60409K->60409K(1105920K)], 0.4422356 secs] [Times: user=2.06 sys=0.00, real=0.44 secs] 
3778.201: [GC (Allocation Failure) [PSYoungGen: 313344K->106208K(503296K)] 498365K->291229K(1901568K), 0.0329549 secs] [Times: user=0.20 sys=0.00, real=0.03 secs] 
3781.038: [GC (Allocation Failure) [PSYoungGen: 419552K->142880K(506368K)] 604573K->430706K(1904640K), 0.0519471 secs] [Times: user=0.30 sys=0.00, real=0.05 secs] 
3782.888: [GC (Allocation Failure) [PSYoungGen: 461856K->108384K(506880K)] 749682K->530191K(1905152K), 0.0639275 secs] [Times: user=0.38 sys=0.00, real=0.06 secs] 
3784.850: [GC (Allocation Failure) [PSYoungGen: 427360K->145168K(506880K)] 849167K->671668K(1905152K), 0.0529454 secs] [Times: user=0.31 sys=0.00, real=0.05 secs] 
3787.719: [GC (GCLocker Initiated GC) [PSYoungGen: 467216K->109440K(508416K)] 993718K->771433K(1906688K), 0.1123860 secs] [Times: user=0.66 sys=0.01, real=0.11 secs] 
3789.741: [GC (Allocation Failure) [PSYoungGen: 431488K->149216K(507904K)] 1093533K->916665K(1906176K), 0.0536107 secs] [Times: user=0.32 sys=0.00, real=0.05 secs] 
3792.673: [GC (Allocation Failure) [PSYoungGen: 473824K->107744K(510976K)] 1241273K->1015561K(1909248K), 0.1781178 secs] [Times: user=1.06 sys=0.00, real=0.18 secs] 
3793.823: [GC (Allocation Failure) [PSYoungGen: 425996K->149008K(508928K)] 1333814K->1160479K(1907200K), 0.0530306 secs] [Times: user=0.32 sys=0.00, real=0.05 secs] 
3797.505: [GC (Allocation Failure) [PSYoungGen: 474128K->106272K(512000K)] 1485599K->1257886K(1910272K), 0.1499316 secs] [Times: user=0.89 sys=0.00, real=0.15 secs] 
3799.570: [GC (Allocation Failure) [PSYoungGen: 419084K->144576K(512000K)] 1570699K->1398687K(1910272K), 0.1326145 secs] [Times: user=0.78 sys=0.00, real=0.13 secs] 
3799.702: [Full GC (Ergonomics) [PSYoungGen: 144576K->0K(512000K)] [ParOldGen: 1254111K->197256K(1398272K)] 1398687K->197256K(1910272K), [Metaspace: 60411K->60411K(1105920K)], 0.5314919 secs] [Times: user=2.54 sys=0.00, real=0.53 secs] 
3802.187: [GC (Allocation Failure) [PSYoungGen: 327168K->109664K(437248K)] 524424K->306920K(1835520K), 0.0973605 secs] [Times: user=0.57 sys=0.01, real=0.09 secs] 
3803.649: [GC (Allocation Failure) [PSYoungGen: 436832K->151216K(506880K)] 634088K->454014K(1905152K), 0.1561609 secs] [Times: user=0.93 sys=0.00, real=0.15 secs] 
3806.551: [GC (Allocation Failure) [PSYoungGen: 475312K->100640K(510976K)] 778110K->553997K(1909248K), 0.1658786 secs] [Times: user=0.99 sys=0.00, real=0.17 secs] 
3808.311: [GC (Allocation Failure) [PSYoungGen: 424736K->154368K(503296K)] 878093K->702450K(1901568K), 0.1049192 secs] [Times: user=0.62 sys=0.00, real=0.10 secs] 
3812.106: [GC (Allocation Failure) [PSYoungGen: 472320K->94032K(508416K)] 1020402K->795859K(1906688K), 0.1819945 secs] [Times: user=1.08 sys=0.00, real=0.19 secs] 
3813.941: [GC (Allocation Failure) [PSYoungGen: 411984K->153920K(500736K)] 1113811K->943231K(1899008K), 0.1060087 secs] [Times: user=0.63 sys=0.00, real=0.11 secs] 
3817.823: [GC (Allocation Failure) [PSYoungGen: 464704K->92864K(504832K)] 1254015K->1035915K(1903104K), 0.1612564 secs] [Times: user=0.96 sys=0.00, real=0.16 secs] 
3818.268: [GC (Allocation Failure) [PSYoungGen: 403648K->148608K(501248K)] 1346699K->1178356K(1899520K), 0.0545705 secs] [Times: user=0.33 sys=0.00, real=0.05 secs] 
3820.707: [GC (Allocation Failure) [PSYoungGen: 456320K->94416K(503296K)] 1486068K->1271805K(1901568K), 0.1576760 secs] [Times: user=0.94 sys=0.01, real=0.15 secs] 
3821.247: [GC (Allocation Failure) [PSYoungGen: 402128K->148800K(499712K)] 1579517K->1414613K(1897984K), 0.0554211 secs] [Times: user=0.33 sys=0.00, real=0.05 secs] 
3821.303: [Full GC (Ergonomics) [PSYoungGen: 148800K->0K(499712K)] [ParOldGen: 1265813K->213905K(1398272K)] 1414613K->213905K(1897984K), [Metaspace: 60412K->60412K(1105920K)], 0.4980399 secs] [Times: user=2.32 sys=0.00, real=0.50 secs] 
3824.678: [GC (Allocation Failure) [PSYoungGen: 301591K->88016K(502272K)] 515497K->301922K(1900544K), 0.1585204 secs] [Times: user=0.94 sys=0.01, real=0.15 secs] 
3825.618: [GC (Allocation Failure) [PSYoungGen: 380866K->138208K(498688K)] 594771K->436018K(1896960K), 0.0485865 secs] [Times: user=0.28 sys=0.01, real=0.04 secs] 
3828.214: [GC (Allocation Failure) [PSYoungGen: 444384K->98208K(500736K)] 742194K->525618K(1899008K), 0.1593644 secs] [Times: user=0.95 sys=0.00, real=0.16 secs] 
3829.942: [GC (Allocation Failure) [PSYoungGen: 404384K->142656K(503296K)] 831794K->664611K(1901568K), 0.0907263 secs] [Times: user=0.54 sys=0.00, real=0.09 secs] 
3833.161: [GC (Allocation Failure) [PSYoungGen: 453952K->103920K(415232K)] 975907K->760187K(1813504K), 0.0988612 secs] [Times: user=0.59 sys=0.00, real=0.10 secs] 
3835.741: [GC (Allocation Failure) [PSYoungGen: 415216K->151152K(498688K)] 1071483K->907804K(1896960K), 0.0523257 secs] [Times: user=0.30 sys=0.01, real=0.05 secs] 
3836.920: [GC (Allocation Failure) [PSYoungGen: 460912K->105072K(503296K)] 1217564K->995404K(1901568K), 0.0831627 secs] [Times: user=0.49 sys=0.00, real=0.08 secs] 
3839.443: [GC (Allocation Failure) [PSYoungGen: 414832K->144672K(504832K)] 1305164K->1136352K(1903104K), 0.0521066 secs] [Times: user=0.30 sys=0.00, real=0.05 secs] 
3842.091: [GC (Allocation Failure) [PSYoungGen: 459552K->102672K(417792K)] 1451232K->1229953K(1816064K), 0.0643015 secs] [Times: user=0.38 sys=0.00, real=0.06 secs] 
3844.766: [GC (Allocation Failure) [PSYoungGen: 417552K->145024K(504320K)] 1544833K->1372529K(1902592K), 0.0560842 secs] [Times: user=0.33 sys=0.00, real=0.06 secs] 
3844.822: [Full GC (Ergonomics) [PSYoungGen: 145024K->0K(504320K)] [ParOldGen: 1227505K->180239K(1398272K)] 1372529K->180239K(1902592K), [Metaspace: 60414K->60414K(1105920K)], 0.4329946 secs] [Times: user=2.00 sys=0.00, real=0.43 secs] 
3847.479: [GC (Allocation Failure) [PSYoungGen: 315904K->105696K(505856K)] 496143K->285943K(1904128K), 0.0379874 secs] [Times: user=0.22 sys=0.00, real=0.04 secs] 
3850.112: [GC (Allocation Failure) [PSYoungGen: 421600K->144192K(505856K)] 601847K->428060K(1904128K), 0.0915381 secs] [Times: user=0.54 sys=0.00, real=0.09 secs] 
3852.025: [GC (Allocation Failure) [PSYoungGen: 463168K->106592K(507392K)] 747036K->526252K(1905664K), 0.0897643 secs] [Times: user=0.53 sys=0.00, real=0.09 secs] 
3853.718: [GC (Allocation Failure) [PSYoungGen: 425568K->147520K(506368K)] 845228K->670825K(1904640K), 0.0531810 secs] [Times: user=0.32 sys=0.00, real=0.05 secs] 
3855.956: [GC (Allocation Failure) [PSYoungGen: 468544K->107328K(508928K)] 991849K->768797K(1907200K), 0.0926177 secs] [Times: user=0.55 sys=0.00, real=0.10 secs] 
3857.689: [GC (Allocation Failure) [PSYoungGen: 428352K->151456K(505856K)] 1089821K->917022K(1904128K), 0.0542061 secs] [Times: user=0.32 sys=0.00, real=0.05 secs] 
3859.956: [GC (Allocation Failure) [PSYoungGen: 472480K->106192K(509952K)] 1238046K->1014447K(1908224K), 0.1678835 secs] [Times: user=0.99 sys=0.00, real=0.17 secs] 
3862.300: [GC (Allocation Failure) [PSYoungGen: 427216K->149376K(506368K)] 1335471K->1160175K(1904640K), 0.1280891 secs] [Times: user=0.76 sys=0.00, real=0.13 secs] 
3865.914: [GC (Allocation Failure) [PSYoungGen: 469376K->101664K(509440K)] 1480175K->1253455K(1907712K), 0.1646412 secs] [Times: user=0.97 sys=0.00, real=0.17 secs] 
3867.201: [GC (Allocation Failure) [PSYoungGen: 415631K->149360K(505344K)] 1567422K->1398572K(1903616K), 0.0519455 secs] [Times: user=0.30 sys=0.00, real=0.05 secs] 
3867.253: [Full GC (Ergonomics) [PSYoungGen: 149360K->0K(505344K)] [ParOldGen: 1249212K->196725K(1398272K)] 1398572K->196725K(1903616K), [Metaspace: 60435K->60435K(1105920K)], 0.4889064 secs] [Times: user=2.28 sys=0.00, real=0.49 secs] 
3870.171: [GC (Allocation Failure) [PSYoungGen: 317952K->103840K(508416K)] 514677K->300565K(1906688K), 0.0960455 secs] [Times: user=0.56 sys=0.01, real=0.10 secs] 
3871.458: [GC (Allocation Failure) [PSYoungGen: 415197K->146992K(506880K)] 611923K->443691K(1905152K), 0.0497946 secs] [Times: user=0.30 sys=0.00, real=0.05 secs] 
3873.772: [GC (Allocation Failure) [PSYoungGen: 465968K->106208K(425472K)] 762667K->540786K(1823744K), 0.1646714 secs] [Times: user=0.98 sys=0.00, real=0.17 secs] 
3875.202: [GC (Allocation Failure) [PSYoungGen: 416265K->145184K(507392K)] 850843K->681791K(1905664K), 0.0505125 secs] [Times: user=0.30 sys=0.00, real=0.05 secs] 
3879.860: [GC (Allocation Failure) [PSYoungGen: 465184K->102928K(508416K)] 1001791K->775767K(1906688K), 0.1289935 secs] [Times: user=0.77 sys=0.00, real=0.13 secs] 
3881.639: [GC (Allocation Failure) [PSYoungGen: 418589K->147936K(506880K)] 1091428K->919752K(1905152K), 0.1336012 secs] [Times: user=0.79 sys=0.00, real=0.13 secs] 
3884.747: [GC (Allocation Failure) [PSYoungGen: 468448K->101024K(509440K)] 1240264K->1012384K(1907712K), 0.1651086 secs] [Times: user=0.99 sys=0.00, real=0.16 secs] 
3886.755: [GC (Allocation Failure) [PSYoungGen: 421536K->150496K(505344K)] 1332896K->1158920K(1903616K), 0.0785449 secs] [Times: user=0.46 sys=0.00, real=0.08 secs] 
3889.609: [GC (Allocation Failure) [PSYoungGen: 468448K->103872K(508416K)] 1476872K->1254377K(1906688K), 0.1673414 secs] [Times: user=0.99 sys=0.00, real=0.16 secs] 
3891.356: [GC (Allocation Failure) [PSYoungGen: 417880K->148272K(506368K)] 1568385K->1397738K(1904640K), 0.0506086 secs] [Times: user=0.30 sys=0.00, real=0.05 secs] 
3891.406: [Full GC (Ergonomics) [PSYoungGen: 148272K->0K(506368K)] [ParOldGen: 1249465K->196930K(1398272K)] 1397738K->196930K(1904640K), [Metaspace: 60435K->60435K(1105920K)], 0.4812160 secs] [Times: user=2.25 sys=0.00, real=0.49 secs] 
3894.626: [GC (Allocation Failure) [PSYoungGen: 317952K->105664K(423936K)] 514882K->302594K(1822208K), 0.0984254 secs] [Times: user=0.58 sys=0.00, real=0.10 secs] 
3895.890: [GC (Allocation Failure) [PSYoungGen: 420030K->145328K(506368K)] 616961K->444244K(1904640K), 0.0506581 secs] [Times: user=0.30 sys=0.00, real=0.05 secs] 
3900.962: [GC (Allocation Failure) [PSYoungGen: 463792K->101696K(507904K)] 762708K->537043K(1906176K), 0.1597866 secs] [Times: user=0.95 sys=0.00, real=0.16 secs] 
3903.038: [GC (Allocation Failure) [PSYoungGen: 420160K->150608K(505344K)] 855507K->682601K(1903616K), 0.0491671 secs] [Times: user=0.29 sys=0.00, real=0.05 secs] 
3906.712: [GC (Allocation Failure) [PSYoungGen: 468560K->102528K(508416K)] 1000553K->776448K(1906688K), 0.1432682 secs] [Times: user=0.85 sys=0.00, real=0.14 secs] 
3908.277: [GC (Allocation Failure) [PSYoungGen: 415983K->148688K(505344K)] 1089903K->921006K(1903616K), 0.0509595 secs] [Times: user=0.30 sys=0.00, real=0.06 secs] 
3910.197: [GC (GCLocker Initiated GC) [PSYoungGen: 465616K->105952K(507904K)] 1237934K->1018101K(1906176K), 0.1669287 secs] [Times: user=0.99 sys=0.00, real=0.16 secs] 
3911.586: [GC (Allocation Failure) [PSYoungGen: 422880K->139264K(505856K)] 1351432K->1169816K(1904128K), 0.3527690 secs] [Times: user=1.98 sys=0.01, real=0.36 secs] 
3916.211: [GC (Allocation Failure) [PSYoungGen: 458752K->95296K(506880K)] 1489304K->1264288K(1905152K), 0.4174164 secs] [Times: user=2.49 sys=0.02, real=0.42 secs] 
3917.487: [GC (Allocation Failure) [PSYoungGen: 414784K->152000K(503296K)] 1583776K->1412283K(1901568K), 0.0548374 secs] [Times: user=0.33 sys=0.00, real=0.06 secs] 
3917.542: [Full GC (Ergonomics) [PSYoungGen: 152000K->0K(503296K)] [ParOldGen: 1260283K->210595K(1398272K)] 1412283K->210595K(1901568K), [Metaspace: 60435K->60435K(1105920K)], 0.4858293 secs] [Times: user=2.26 sys=0.00, real=0.49 secs] 
3921.400: [GC (Allocation Failure) [PSYoungGen: 316928K->94752K(507904K)] 527523K->305347K(1906176K), 0.1707374 secs] [Times: user=1.02 sys=0.00, real=0.17 secs] 
3922.817: [GC (Allocation Failure) [PSYoungGen: 411680K->150624K(501760K)] 622275K->449889K(1900032K), 0.1137146 secs] [Times: user=0.68 sys=0.00, real=0.11 secs] 
3926.635: [GC (Allocation Failure) [PSYoungGen: 460910K->91024K(505344K)] 760175K->540269K(1903616K), 0.1626406 secs] [Times: user=0.97 sys=0.00, real=0.17 secs] 
3927.628: [GC (Allocation Failure) [PSYoungGen: 402832K->147824K(501248K)] 852077K->684302K(1899520K), 0.0762518 secs] [Times: user=0.45 sys=0.00, real=0.07 secs] 
3931.748: [GC (Allocation Failure) [PSYoungGen: 456560K->89472K(503808K)] 993038K->773430K(1902080K), 0.1554397 secs] [Times: user=0.92 sys=0.00, real=0.15 secs] 
3932.741: [GC (Allocation Failure) [PSYoungGen: 394859K->144512K(502784K)] 1078817K->913622K(1901056K), 0.0504978 secs] [Times: user=0.29 sys=0.01, real=0.05 secs] 
3935.133: [GC (Allocation Failure) [PSYoungGen: 453248K->103472K(412672K)] 1222358K->1008355K(1810944K), 0.1641441 secs] [Times: user=0.98 sys=0.00, real=0.17 secs] 
3937.475: [GC (Allocation Failure) [PSYoungGen: 412208K->142048K(500736K)] 1317091K->1146327K(1899008K), 0.1275108 secs] [Times: user=0.76 sys=0.00, real=0.13 secs] 
3940.456: [GC (Allocation Failure) [PSYoungGen: 451296K->102432K(501248K)] 1455575K->1240215K(1899520K), 0.1208243 secs] [Times: user=0.72 sys=0.00, real=0.12 secs] 
3942.848: [GC (Allocation Failure) [PSYoungGen: 411680K->144752K(502272K)] 1549463K->1381245K(1900544K), 0.0520712 secs] [Times: user=0.31 sys=0.00, real=0.05 secs] 
3942.900: [Full GC (Ergonomics) [PSYoungGen: 144752K->0K(502272K)] [ParOldGen: 1236492K->186991K(1398272K)] 1381245K->186991K(1900544K), [Metaspace: 60436K->60436K(1105920K)], 0.4507690 secs] [Times: user=2.08 sys=0.00, real=0.45 secs] 
3944.852: [GC (Allocation Failure) [PSYoungGen: 313344K->104320K(504320K)] 500335K->291311K(1902592K), 0.0324578 secs] [Times: user=0.19 sys=0.00, real=0.03 secs] 
3946.362: [GC (Allocation Failure) [PSYoungGen: 417664K->145744K(503808K)] 604655K->433468K(1902080K), 0.0515783 secs] [Times: user=0.30 sys=0.00, real=0.05 secs] 
3950.406: [GC (Allocation Failure) [PSYoungGen: 462160K->100272K(506368K)] 749884K->524288K(1904640K), 0.0803790 secs] [Times: user=0.47 sys=0.01, real=0.08 secs] 
3953.273: [GC (Allocation Failure) [PSYoungGen: 416688K->155184K(500224K)] 840704K->676801K(1898496K), 0.0515087 secs] [Times: user=0.31 sys=0.00, real=0.05 secs] 
3955.820: [GC (Allocation Failure) [PSYoungGen: 468016K->104816K(505856K)] 989633K->764889K(1904128K), 0.0824319 secs] [Times: user=0.50 sys=0.00, real=0.08 secs] 
3958.756: [GC (Allocation Failure) [PSYoungGen: 417648K->143296K(504320K)] 1077721K->904701K(1902592K), 0.0524916 secs] [Times: user=0.31 sys=0.00, real=0.06 secs] 
3960.181: [GC (Allocation Failure) [PSYoungGen: 459115K->107216K(506368K)] 1220521K->1002426K(1904640K), 0.0763159 secs] [Times: user=0.45 sys=0.00, real=0.08 secs] 
3961.937: [GC (Allocation Failure) [PSYoungGen: 423120K->144496K(506368K)] 1318330K->1144567K(1904640K), 0.0546731 secs] [Times: user=0.31 sys=0.01, real=0.06 secs] 
3964.828: [GC (Allocation Failure) [PSYoungGen: 463472K->108256K(507392K)] 1463543K->1243222K(1905664K), 0.0885432 secs] [Times: user=0.53 sys=0.00, real=0.09 secs] 
3967.519: [GC (GCLocker Initiated GC) [PSYoungGen: 427232K->147760K(505856K)] 1562198K->1387712K(1904128K), 0.1430449 secs] [Times: user=0.82 sys=0.00, real=0.14 secs] 
3967.662: [Full GC (Ergonomics) [PSYoungGen: 147760K->0K(505856K)] [ParOldGen: 1239951K->186027K(1398272K)] 1387712K->186027K(1904128K), [Metaspace: 60436K->60436K(1105920K)], 0.5029840 secs] [Times: user=2.41 sys=0.00, real=0.50 secs] 
3970.284: [GC (Allocation Failure) [PSYoungGen: 320512K->107696K(508416K)] 506542K->293726K(1906688K), 0.0777999 secs] [Times: user=0.46 sys=0.00, real=0.08 secs] 
3972.178: [GC (Allocation Failure) [PSYoungGen: 428208K->151008K(505856K)] 614238K->438647K(1904128K), 0.0520994 secs] [Times: user=0.31 sys=0.00, real=0.05 secs] 
3974.080: [GC (Allocation Failure) [PSYoungGen: 472032K->109120K(509952K)] 759671K->538599K(1908224K), 0.1330113 secs] [Times: user=0.78 sys=0.01, real=0.13 secs] 
3975.164: [GC (Allocation Failure) [PSYoungGen: 430144K->148896K(507904K)] 859623K->683419K(1906176K), 0.0526818 secs] [Times: user=0.31 sys=0.00, real=0.06 secs] 
3980.053: [GC (Allocation Failure) [PSYoungGen: 470944K->107328K(510464K)] 1005467K->781075K(1908736K), 0.1661167 secs] [Times: user=0.98 sys=0.00, real=0.17 secs] 
3981.303: [GC (Allocation Failure) [PSYoungGen: 417017K->145072K(509440K)] 1090764K->921949K(1907712K), 0.0518830 secs] [Times: user=0.30 sys=0.00, real=0.05 secs] 
3983.217: [GC (Allocation Failure) [PSYoungGen: 468656K->110896K(434688K)] 1245533K->1023353K(1832960K), 0.1516935 secs] [Times: user=0.90 sys=0.01, real=0.15 secs] 
3983.944: [GC (Allocation Failure) [PSYoungGen: 434480K->150560K(506368K)] 1346937K->1170605K(1904640K), 0.0716379 secs] [Times: user=0.42 sys=0.00, real=0.07 secs] 
3987.544: [GC (Allocation Failure) [PSYoungGen: 473120K->95504K(509952K)] 1493165K->1265518K(1908224K), 0.1600436 secs] [Times: user=0.94 sys=0.00, real=0.16 secs] 
3988.193: [GC (Allocation Failure) [PSYoungGen: 418064K->155680K(501760K)] 1588078K->1415550K(1900032K), 0.0569308 secs] [Times: user=0.34 sys=0.00, real=0.06 secs] 
3988.250: [Full GC (Ergonomics) [PSYoungGen: 155680K->0K(501760K)] [ParOldGen: 1259870K->214219K(1398272K)] 1415550K->214219K(1900032K), [Metaspace: 60437K->60437K(1105920K)], 0.5065535 secs] [Times: user=2.35 sys=0.01, real=0.50 secs] 
3991.724: [GC (Allocation Failure) [PSYoungGen: 314880K->92656K(506880K)] 529099K->306876K(1905152K), 0.1557374 secs] [Times: user=0.92 sys=0.00, real=0.16 secs] 
3992.730: [GC (Allocation Failure) [PSYoungGen: 407536K->151712K(500736K)] 621756K->452577K(1899008K), 0.0535382 secs] [Times: user=0.32 sys=0.00, real=0.05 secs] 
3996.248: [GC (Allocation Failure) [PSYoungGen: 457776K->88304K(503808K)] 758641K->540330K(1902080K), 0.1656584 secs] [Times: user=0.99 sys=0.00, real=0.16 secs] 
3997.775: [GC (Allocation Failure) [PSYoungGen: 380830K->138464K(500736K)] 832855K->674222K(1899008K), 0.0494842 secs] [Times: user=0.29 sys=0.00, real=0.05 secs] 
3999.293: [GC (Allocation Failure) [PSYoungGen: 447200K->102976K(502272K)] 982958K->768410K(1900544K), 0.1222471 secs] [Times: user=0.72 sys=0.00, real=0.12 secs] 
4002.298: [GC (Allocation Failure) [PSYoungGen: 411712K->142848K(503296K)] 1077146K->907878K(1901568K), 0.1164680 secs] [Times: user=0.69 sys=0.00, real=0.11 secs] 
4006.016: [GC (Allocation Failure) [PSYoungGen: 455680K->102464K(503808K)] 1220710K->1001638K(1902080K), 0.1482417 secs] [Times: user=0.88 sys=0.00, real=0.15 secs] 
4007.473: [GC (Allocation Failure) [PSYoungGen: 415296K->145952K(503808K)] 1314470K->1144475K(1902080K), 0.0517093 secs] [Times: user=0.31 sys=0.00, real=0.05 secs] 
4011.947: [GC (Allocation Failure) [PSYoungGen: 461344K->101072K(505856K)] 1459867K->1236628K(1904128K), 0.1575665 secs] [Times: user=0.93 sys=0.00, real=0.15 secs] 
4013.634: [GC (Allocation Failure) [PSYoungGen: 416464K->148016K(504832K)] 1552020K->1380725K(1903104K), 0.0521224 secs] [Times: user=0.31 sys=0.00, real=0.05 secs] 
4013.686: [Full GC (Ergonomics) [PSYoungGen: 148016K->0K(504832K)] [ParOldGen: 1232708K->187847K(1398272K)] 1380725K->187847K(1903104K), [Metaspace: 60437K->60437K(1105920K)], 0.4463289 secs] [Times: user=2.07 sys=0.00, real=0.45 secs] 
4017.261: [GC (Allocation Failure) [PSYoungGen: 316928K->104576K(507904K)] 504775K->292423K(1906176K), 0.0323400 secs] [Times: user=0.19 sys=0.00, real=0.03 secs] 
4019.006: [GC (Allocation Failure) [PSYoungGen: 421504K->148576K(504832K)] 609351K->437972K(1903104K), 0.0522305 secs] [Times: user=0.31 sys=0.00, real=0.06 secs] 
4021.046: [GC (Allocation Failure) [PSYoungGen: 465504K->104544K(507904K)] 754900K->533628K(1906176K), 0.0760143 secs] [Times: user=0.45 sys=0.01, real=0.08 secs] 
4023.042: [GC (Allocation Failure) [PSYoungGen: 421472K->145056K(506368K)] 850556K->675417K(1904640K), 0.1232476 secs] [Times: user=0.73 sys=0.00, real=0.12 secs] 
4026.606: [GC (Allocation Failure) [PSYoungGen: 463520K->104896K(507904K)] 993881K->771733K(1906176K), 0.1688774 secs] [Times: user=1.00 sys=0.00, real=0.17 secs] 
4030.169: [GC (Allocation Failure) [PSYoungGen: 423360K->148208K(504832K)] 1090197K->915683K(1903104K), 0.0520648 secs] [Times: user=0.31 sys=0.00, real=0.05 secs] 
4032.615: [GC (Allocation Failure) [PSYoungGen: 466672K->104768K(507904K)] 1234147K->1011518K(1906176K), 0.1759874 secs] [Times: user=1.05 sys=0.00, real=0.18 secs] 
4034.130: [GC (Allocation Failure) [PSYoungGen: 423232K->148864K(505856K)] 1329982K->1156591K(1904128K), 0.0671412 secs] [Times: user=0.39 sys=0.00, real=0.07 secs] 
4037.566: [GC (Allocation Failure) [PSYoungGen: 467840K->105680K(508928K)] 1475567K->1253808K(1907200K), 0.1578926 secs] [Times: user=0.94 sys=0.00, real=0.16 secs] 
4039.301: [GC (Allocation Failure) [PSYoungGen: 424508K->148384K(506368K)] 1572635K->1398636K(1904640K), 0.0530629 secs] [Times: user=0.31 sys=0.00, real=0.05 secs] 
4039.354: [Full GC (Ergonomics) [PSYoungGen: 148384K->0K(506368K)] [ParOldGen: 1250252K->196720K(1398272K)] 1398636K->196720K(1904640K), [Metaspace: 60437K->60437K(1105920K)], 0.4819466 secs] [Times: user=2.24 sys=0.00, real=0.48 secs] 
4042.952: [GC (GCLocker Initiated GC) [PSYoungGen: 319488K->103920K(508928K)] 516208K->300641K(1907200K), 0.0958972 secs] [Times: user=0.56 sys=0.00, real=0.10 secs] 
4044.360: [GC (Allocation Failure) [PSYoungGen: 423408K->140448K(507904K)] 636532K->453859K(1906176K), 0.2451897 secs] [Times: user=1.47 sys=0.00, real=0.24 secs] 
4047.914: [GC (Allocation Failure) [PSYoungGen: 462496K->96800K(508928K)] 775907K->550363K(1907200K), 0.4408220 secs] [Times: user=2.64 sys=0.01, real=0.44 secs] 
4049.191: [GC (Allocation Failure) [PSYoungGen: 418848K->154688K(501760K)] 872411K->699516K(1900032K), 0.0702346 secs] [Times: user=0.41 sys=0.00, real=0.07 secs] 
4053.140: [GC (Allocation Failure) [PSYoungGen: 470592K->92432K(507392K)] 1015420K->791756K(1905664K), 0.1635955 secs] [Times: user=0.96 sys=0.01, real=0.16 secs] 
4053.903: [GC (Allocation Failure) [PSYoungGen: 408336K->153696K(499200K)] 1107660K->939037K(1897472K), 0.0553738 secs] [Times: user=0.33 sys=0.00, real=0.06 secs] 
4056.851: [GC (Allocation Failure) [PSYoungGen: 462432K->89360K(503808K)] 1247773K->1028042K(1902080K), 0.1645266 secs] [Times: user=0.97 sys=0.01, real=0.16 secs] 
4058.047: [GC (Allocation Failure) [PSYoungGen: 398096K->149440K(499200K)] 1336778K->1171446K(1897472K), 0.0533314 secs] [Times: user=0.31 sys=0.00, real=0.05 secs] 
4060.792: [GC (Allocation Failure) [PSYoungGen: 454080K->92032K(501760K)] 1476086K->1263146K(1900032K), 0.1767361 secs] [Times: user=1.05 sys=0.00, real=0.18 secs] 
4063.009: [GC (Allocation Failure) [PSYoungGen: 391481K->138496K(498688K)] 1562595K->1397538K(1896960K), 0.1175754 secs] [Times: user=0.70 sys=0.00, real=0.11 secs] 
4063.127: [Full GC (Ergonomics) [PSYoungGen: 138496K->0K(498688K)] [ParOldGen: 1259042K->196862K(1398272K)] 1397538K->196862K(1896960K), [Metaspace: 60438K->60438K(1105920K)], 0.5217616 secs] [Times: user=2.48 sys=0.00, real=0.52 secs] 
4066.329: [GC (Allocation Failure) [PSYoungGen: 306176K->98800K(500736K)] 503038K->295663K(1899008K), 0.0972024 secs] [Times: user=0.58 sys=0.00, real=0.09 secs] 
4068.147: [GC (Allocation Failure) [PSYoungGen: 404976K->145360K(501248K)] 601839K->436927K(1899520K), 0.0487660 secs] [Times: user=0.28 sys=0.00, real=0.04 secs] 
4069.830: [GC (Allocation Failure) [PSYoungGen: 455120K->102336K(503296K)] 746687K->530703K(1901568K), 0.0642252 secs] [Times: user=0.38 sys=0.00, real=0.06 secs] 
4073.015: [GC (Allocation Failure) [PSYoungGen: 412096K->143424K(503296K)] 840463K->670844K(1901568K), 0.1401326 secs] [Times: user=0.83 sys=0.00, real=0.14 secs] 
4076.698: [GC (Allocation Failure) [PSYoungGen: 456256K->100224K(504320K)] 983676K->762684K(1902592K), 0.0694443 secs] [Times: user=0.41 sys=0.00, real=0.07 secs] 
4078.392: [GC (Allocation Failure) [PSYoungGen: 413056K->144576K(504320K)] 1075516K->905140K(1902592K), 0.0806715 secs] [Times: user=0.48 sys=0.00, real=0.08 secs] 
4080.821: [GC (Allocation Failure) [PSYoungGen: 459968K->104448K(505856K)] 1220532K->1001132K(1904128K), 0.0769166 secs] [Times: user=0.45 sys=0.00, real=0.08 secs] 
4083.451: [GC (GCLocker Initiated GC) [PSYoungGen: 419840K->144912K(504832K)] 1316524K->1143762K(1903104K), 0.1057799 secs] [Times: user=0.62 sys=0.00, real=0.11 secs] 
4085.216: [GC (Allocation Failure) [PSYoungGen: 462352K->107008K(506880K)] 1461254K->1242297K(1905152K), 0.0651683 secs] [Times: user=0.38 sys=0.00, real=0.07 secs] 
4087.224: [GC (Allocation Failure) [PSYoungGen: 424448K->146288K(505344K)] 1559737K->1384942K(1903616K), 0.0535989 secs] [Times: user=0.31 sys=0.01, real=0.06 secs] 
4087.277: [Full GC (Ergonomics) [PSYoungGen: 146288K->0K(505344K)] [ParOldGen: 1238654K->183391K(1398272K)] 1384942K->183391K(1903616K), [Metaspace: 60439K->60439K(1105920K)], 0.4473351 secs] [Times: user=2.08 sys=0.00, real=0.44 secs] 
4089.794: [GC (Allocation Failure) [PSYoungGen: 319488K->105888K(507904K)] 502879K->289279K(1906176K), 0.0363560 secs] [Times: user=0.21 sys=0.00, real=0.04 secs] 
4091.977: [GC (Allocation Failure) [PSYoungGen: 425376K->149056K(506880K)] 608767K->435188K(1905152K), 0.0530174 secs] [Times: user=0.31 sys=0.00, real=0.05 secs] 
4093.967: [GC (Allocation Failure) [PSYoungGen: 470592K->109536K(509952K)] 756724K->535892K(1908224K), 0.1605432 secs] [Times: user=0.96 sys=0.00, real=0.16 secs] 
4095.416: [GC (Allocation Failure) [PSYoungGen: 431072K->148480K(506880K)] 857428K->681412K(1905152K), 0.1064226 secs] [Times: user=0.63 sys=0.00, real=0.11 secs] 
4099.043: [GC (Allocation Failure) [PSYoungGen: 470528K->103200K(509952K)] 1003460K->776012K(1908224K), 0.1838129 secs] [Times: user=1.09 sys=0.00, real=0.19 secs] 
4100.100: [GC (Allocation Failure) [PSYoungGen: 423789K->149568K(506880K)] 1096602K->921569K(1905152K), 0.0513699 secs] [Times: user=0.30 sys=0.00, real=0.05 secs] 
4104.275: [GC (Allocation Failure) [PSYoungGen: 470592K->105552K(509952K)] 1242593K->1017922K(1908224K), 0.1763670 secs] [Times: user=1.05 sys=0.00, real=0.18 secs] 
4105.520: [GC (Allocation Failure) [PSYoungGen: 422810K->146688K(508416K)] 1335180K->1160258K(1906688K), 0.0518187 secs] [Times: user=0.31 sys=0.00, real=0.05 secs] 
4107.515: [GC (Allocation Failure) [PSYoungGen: 468736K->108800K(431104K)] 1482306K->1259722K(1829376K), 0.1352432 secs] [Times: user=0.79 sys=0.01, real=0.14 secs] 
4109.247: [GC (Allocation Failure) [PSYoungGen: 415527K->141968K(508928K)] 1566450K->1398240K(1907200K), 0.1072157 secs] [Times: user=0.63 sys=0.01, real=0.10 secs] 
4109.354: [Full GC (Ergonomics) [PSYoungGen: 141968K->0K(508928K)] [ParOldGen: 1256271K->196752K(1398272K)] 1398240K->196752K(1907200K), [Metaspace: 60440K->60440K(1105920K)], 0.5143566 secs] [Times: user=2.45 sys=0.00, real=0.52 secs] 
4113.919: [GC (Allocation Failure) [PSYoungGen: 323584K->104208K(509440K)] 520336K->300961K(1907712K), 0.0862319 secs] [Times: user=0.43 sys=0.00, real=0.08 secs] 
4116.244: [GC (Allocation Failure) [PSYoungGen: 420621K->147136K(508928K)] 617374K->444149K(1907200K), 0.0927302 secs] [Times: user=0.54 sys=0.00, real=0.10 secs] 
4118.988: [GC (Allocation Failure) [PSYoungGen: 472256K->104640K(511488K)] 769269K->540189K(1909760K), 0.1281465 secs] [Times: user=0.74 sys=0.01, real=0.12 secs] 
4120.983: [GC (Allocation Failure) [PSYoungGen: 417703K->146784K(509952K)] 853252K->682326K(1908224K), 0.0731874 secs] [Times: user=0.43 sys=0.00, real=0.07 secs] 
4123.437: [GC (Allocation Failure) [PSYoungGen: 472928K->105888K(512512K)] 1008470K->779850K(1910784K), 0.1064010 secs] [Times: user=0.64 sys=0.00, real=0.10 secs] 
4125.753: [GC (Allocation Failure) [PSYoungGen: 422857K->144672K(510976K)] 1096819K->920883K(1909248K), 0.1108098 secs] [Times: user=0.66 sys=0.00, real=0.11 secs] 
4129.827: [GC (Allocation Failure) [PSYoungGen: 471840K->108384K(512512K)] 1248051K->1020827K(1910784K), 0.1697724 secs] [Times: user=1.01 sys=0.00, real=0.16 secs] 
4131.456: [GC (Allocation Failure) [PSYoungGen: 435552K->154416K(505856K)] 1347995K->1170992K(1904128K), 0.0528697 secs] [Times: user=0.32 sys=0.00, real=0.06 secs] 
4134.498: [GC (Allocation Failure) [PSYoungGen: 477488K->95248K(510976K)] 1494064K->1265696K(1909248K), 0.1509276 secs] [Times: user=0.90 sys=0.00, real=0.15 secs] 
4136.183: [GC (Allocation Failure) [PSYoungGen: 418320K->154208K(502272K)] 1588768K->1414060K(1900544K), 0.0816833 secs] [Times: user=0.48 sys=0.00, real=0.08 secs] 
4136.265: [Full GC (Ergonomics) [PSYoungGen: 154208K->0K(502272K)] [ParOldGen: 1259852K->213030K(1398272K)] 1414060K->213030K(1900544K), [Metaspace: 60441K->60441K(1105920K)], 0.5206863 secs] [Times: user=2.45 sys=0.00, real=0.52 secs] 
4140.221: [GC (Allocation Failure) [PSYoungGen: 314880K->93088K(506880K)] 527910K->306118K(1905152K), 0.1510688 secs] [Times: user=0.90 sys=0.00, real=0.15 secs] 
4141.341: [GC (GCLocker Initiated GC) [PSYoungGen: 407968K->150576K(501248K)] 620999K->450949K(1899520K), 0.1232347 secs] [Times: user=0.74 sys=0.00, real=0.12 secs] 
4144.989: [GC (Allocation Failure) [PSYoungGen: 460336K->88416K(504320K)] 764856K->543271K(1902592K), 0.1682227 secs] [Times: user=0.99 sys=0.00, real=0.17 secs] 
4147.086: [GC (Allocation Failure) [PSYoungGen: 398176K->149024K(499200K)] 853031K->689736K(1897472K), 0.1638749 secs] [Times: user=0.97 sys=0.00, real=0.17 secs] 
4149.989: [GC (Allocation Failure) [PSYoungGen: 453664K->91408K(501760K)] 994376K->781057K(1900032K), 0.1524694 secs] [Times: user=0.91 sys=0.00, real=0.15 secs] 
4151.427: [GC (Allocation Failure) [PSYoungGen: 394855K->139824K(499712K)] 1084504K->917002K(1897984K), 0.0709724 secs] [Times: user=0.42 sys=0.00, real=0.08 secs] 
4154.203: [GC (Allocation Failure) [PSYoungGen: 446000K->98752K(501248K)] 1223178K->1007001K(1899520K), 0.1095523 secs] [Times: user=0.65 sys=0.00, real=0.11 secs] 
4156.011: [GC (Allocation Failure) [PSYoungGen: 404928K->143424K(501248K)] 1313177K->1146974K(1899520K), 0.0516252 secs] [Times: user=0.30 sys=0.00, real=0.05 secs] 
4160.300: [GC (Allocation Failure) [PSYoungGen: 452672K->98240K(502272K)] 1456222K->1236670K(1900544K), 0.1598603 secs] [Times: user=0.95 sys=0.00, real=0.16 secs] 
4161.979: [GC (Allocation Failure) [PSYoungGen: 407488K->152160K(499200K)] 1545918K->1386127K(1897472K), 0.0522213 secs] [Times: user=0.31 sys=0.00, real=0.05 secs] 
4162.031: [Full GC (Ergonomics) [PSYoungGen: 152160K->0K(499200K)] [ParOldGen: 1233967K->181018K(1398272K)] 1386127K->181018K(1897472K), [Metaspace: 60448K->60448K(1105920K)], 0.4245625 secs] [Times: user=1.95 sys=0.01, real=0.42 secs] 
4163.759: [GC (Allocation Failure) [PSYoungGen: 308736K->103504K(503808K)] 489754K->284523K(1902080K), 0.0332637 secs] [Times: user=0.19 sys=0.00, real=0.03 secs] 
4166.689: [GC (Allocation Failure) [PSYoungGen: 412240K->140288K(502784K)] 593259K->422539K(1901056K), 0.0560105 secs] [Times: user=0.33 sys=0.00, real=0.05 secs] 
4168.968: [GC (Allocation Failure) [PSYoungGen: 452608K->102992K(503808K)] 734859K->517051K(1902080K), 0.0646773 secs] [Times: user=0.38 sys=0.00, real=0.06 secs] 
4170.902: [GC (Allocation Failure) [PSYoungGen: 415312K->143168K(504320K)] 829371K->658420K(1902592K), 0.0702168 secs] [Times: user=0.42 sys=0.00, real=0.07 secs] 
4173.460: [GC (Allocation Failure) [PSYoungGen: 459072K->105472K(505344K)] 974324K->755436K(1903616K), 0.0704978 secs] [Times: user=0.42 sys=0.00, real=0.07 secs] 
4174.861: [GC (Allocation Failure) [PSYoungGen: 421376K->145296K(504320K)] 1071340K->898553K(1902592K), 0.0569982 secs] [Times: user=0.27 sys=0.00, real=0.06 secs] 
4176.586: [GC (Allocation Failure) [PSYoungGen: 463760K->108096K(506880K)] 1217017K->997296K(1905152K), 0.0653726 secs] [Times: user=0.39 sys=0.00, real=0.07 secs] 
4179.056: [GC (Allocation Failure) [PSYoungGen: 426560K->155024K(502784K)] 1315760K->1149644K(1901056K), 0.0543982 secs] [Times: user=0.32 sys=0.00, real=0.06 secs] 
4185.161: [GC (Allocation Failure) [PSYoungGen: 472976K->99408K(508416K)] 1467596K->1231844K(1906688K), 0.1156787 secs] [Times: user=0.69 sys=0.00, real=0.11 secs] 
4187.149: [GC (Allocation Failure) [PSYoungGen: 417360K->147968K(505344K)] 1549796K->1377324K(1903616K), 0.0771619 secs] [Times: user=0.46 sys=0.00, real=0.07 secs] 
4187.226: [Full GC (Ergonomics) [PSYoungGen: 147968K->0K(505344K)] [ParOldGen: 1229356K->175548K(1398272K)] 1377324K->175548K(1903616K), [Metaspace: 60465K->60465K(1105920K)], 0.4243814 secs] [Times: user=1.97 sys=0.00, real=0.43 secs] 
4191.258: [GC (GCLocker Initiated GC) [PSYoungGen: 316928K->104944K(507904K)] 492476K->280493K(1906176K), 0.0353722 secs] [Times: user=0.21 sys=0.00, real=0.03 secs] 
4192.768: [GC (Allocation Failure) [PSYoungGen: 421872K->153504K(501248K)] 597440K->431985K(1899520K), 0.0534975 secs] [Times: user=0.31 sys=0.00, real=0.05 secs] 
4194.060: [GC (Allocation Failure) [PSYoungGen: 466336K->108672K(505856K)] 744817K->522861K(1904128K), 0.0655773 secs] [Times: user=0.39 sys=0.00, real=0.06 secs] 
4196.383: [GC (Allocation Failure) [PSYoungGen: 421504K->141920K(504832K)] 835693K->662629K(1903104K), 0.0537211 secs] [Times: user=0.32 sys=0.00, real=0.06 secs] 
4198.875: [GC (Allocation Failure) [PSYoungGen: 458336K->105952K(505856K)] 979045K->759093K(1904128K), 0.0660465 secs] [Times: user=0.39 sys=0.00, real=0.07 secs] 
4201.806: [GC (Allocation Failure) [PSYoungGen: 422368K->144320K(506368K)] 1075509K->900998K(1904640K), 0.0534046 secs] [Times: user=0.31 sys=0.00, real=0.06 secs] 
4205.842: [GC (Allocation Failure) [PSYoungGen: 464320K->104720K(507392K)] 1220998K->996591K(1905664K), 0.0665505 secs] [Times: user=0.39 sys=0.01, real=0.07 secs] 
4207.613: [GC (Allocation Failure) [PSYoungGen: 424720K->148096K(507904K)] 1316591K->1142067K(1906176K), 0.0541924 secs] [Times: user=0.32 sys=0.00, real=0.06 secs] 
4210.028: [GC (Allocation Failure) [PSYoungGen: 470656K->110800K(433664K)] 1464627K->1244124K(1831936K), 0.0677003 secs] [Times: user=0.40 sys=0.00, real=0.06 secs] 
4211.891: [GC (Allocation Failure) [PSYoungGen: 433360K->150608K(506368K)] 1566684K->1391329K(1904640K), 0.0551684 secs] [Times: user=0.32 sys=0.00, real=0.05 secs] 
4211.946: [Full GC (Ergonomics) [PSYoungGen: 150608K->0K(506368K)] [ParOldGen: 1240720K->189061K(1398272K)] 1391329K->189061K(1904640K), [Metaspace: 60467K->60467K(1105920K)], 0.4610857 secs] [Times: user=2.16 sys=0.00, real=0.47 secs] 
4214.008: [GC (Allocation Failure) [PSYoungGen: 322048K->107584K(509952K)] 511109K->296645K(1908224K), 0.0490676 secs] [Times: user=0.29 sys=0.00, real=0.04 secs] 
4216.793: [GC (Allocation Failure) [PSYoungGen: 429632K->148320K(508416K)] 618693K->441210K(1906688K), 0.0520895 secs] [Times: user=0.31 sys=0.00, real=0.05 secs] 
4218.764: [GC (Allocation Failure) [PSYoungGen: 471392K->108864K(510976K)] 764282K->541206K(1909248K), 0.1613792 secs] [Times: user=0.95 sys=0.00, real=0.16 secs] 
4220.117: [GC (Allocation Failure) [PSYoungGen: 420056K->145920K(509440K)] 852398K->683243K(1907712K), 0.0522104 secs] [Times: user=0.30 sys=0.01, real=0.05 secs] 
4223.168: [GC (Allocation Failure) [PSYoungGen: 470016K->105696K(510976K)] 1007339K->780447K(1909248K), 0.1570246 secs] [Times: user=0.93 sys=0.00, real=0.15 secs] 
4224.638: [GC (Allocation Failure) [PSYoungGen: 415958K->145664K(510464K)] 1090709K->922192K(1908736K), 0.0507131 secs] [Times: user=0.30 sys=0.00, real=0.05 secs] 
4226.666: [GC (Allocation Failure) [PSYoungGen: 471296K->111088K(511488K)] 1247824K->1024344K(1909760K), 0.1355315 secs] [Times: user=0.80 sys=0.00, real=0.14 secs] 
4227.558: [GC (Allocation Failure) [PSYoungGen: 436717K->153280K(507392K)] 1349973K->1173668K(1905664K), 0.0542099 secs] [Times: user=0.32 sys=0.00, real=0.05 secs] 
4231.721: [GC (Allocation Failure) [PSYoungGen: 477376K->94112K(511488K)] 1497764K->1267277K(1909760K), 0.1623270 secs] [Times: user=0.96 sys=0.00, real=0.16 secs] 
4233.063: [GC (Allocation Failure) [PSYoungGen: 418208K->155168K(501248K)] 1591373K->1416741K(1899520K), 0.1221025 secs] [Times: user=0.72 sys=0.00, real=0.12 secs] 
4233.185: [Full GC (Ergonomics) [PSYoungGen: 155168K->0K(501248K)] [ParOldGen: 1261573K->214718K(1398272K)] 1416741K->214718K(1899520K), [Metaspace: 60468K->60468K(1105920K)], 0.5421030 secs] [Times: user=2.58 sys=0.00, real=0.55 secs] 
4236.944: [GC (Allocation Failure) [PSYoungGen: 313856K->92368K(506368K)] 528574K->307087K(1904640K), 0.1518382 secs] [Times: user=0.90 sys=0.01, real=0.15 secs] 
4238.013: [GC (Allocation Failure) [PSYoungGen: 406224K->151024K(500736K)] 620943K->451660K(1899008K), 0.0833231 secs] [Times: user=0.50 sys=0.00, real=0.08 secs] 
4241.853: [GC (Allocation Failure) [PSYoungGen: 459760K->91552K(503808K)] 760396K->542956K(1902080K), 0.1650071 secs] [Times: user=0.98 sys=0.01, real=0.17 secs] 
4243.282: [GC (Allocation Failure) [PSYoungGen: 400288K->147376K(501248K)] 851692K->684197K(1899520K), 0.0539299 secs] [Times: user=0.32 sys=0.00, real=0.05 secs] 
4246.243: [GC (Allocation Failure) [PSYoungGen: 454064K->90944K(502784K)] 990885K->774540K(1901056K), 0.0999924 secs] [Times: user=0.60 sys=0.00, real=0.10 secs] 
4247.651: [GC (Allocation Failure) [PSYoungGen: 397632K->140256K(501248K)] 1081228K->911585K(1899520K), 0.0638259 secs] [Times: user=0.37 sys=0.00, real=0.06 secs] 
4250.132: [GC (Allocation Failure) [PSYoungGen: 447968K->100528K(502272K)] 1219297K->1003610K(1900544K), 0.0939720 secs] [Times: user=0.53 sys=0.00, real=0.09 secs] 
4252.542: [GC (Allocation Failure) [PSYoungGen: 408240K->143584K(501248K)] 1311322K->1143938K(1899520K), 0.1440229 secs] [Times: user=0.85 sys=0.00, real=0.14 secs] 
4255.082: [GC (Allocation Failure) [PSYoungGen: 453344K->101472K(502272K)] 1453698K->1236642K(1900544K), 0.0817462 secs] [Times: user=0.48 sys=0.00, real=0.08 secs] 
4257.115: [GC (Allocation Failure) [PSYoungGen: 411232K->143760K(502784K)] 1546402K->1376924K(1901056K), 0.0515436 secs] [Times: user=0.30 sys=0.00, real=0.06 secs] 
4257.167: [Full GC (Ergonomics) [PSYoungGen: 143760K->0K(502784K)] [ParOldGen: 1233163K->184224K(1398272K)] 1376924K->184224K(1901056K), [Metaspace: 60469K->60469K(1105920K)], 0.4432406 secs] [Times: user=2.07 sys=0.00, real=0.44 secs] 
4260.409: [GC (Allocation Failure) [PSYoungGen: 313344K->102336K(504320K)] 497568K->286560K(1902592K), 0.0334075 secs] [Times: user=0.15 sys=0.01, real=0.03 secs] 
4262.574: [GC (Allocation Failure) [PSYoungGen: 415680K->146048K(503808K)] 599904K->430113K(1902080K), 0.0511113 secs] [Times: user=0.30 sys=0.00, real=0.05 secs] 
4264.017: [GC (Allocation Failure) [PSYoungGen: 461952K->106848K(506368K)] 746017K->528193K(1904640K), 0.0705799 secs] [Times: user=0.41 sys=0.00, real=0.07 secs] 
4265.936: [GC (Allocation Failure) [PSYoungGen: 422752K->146944K(504832K)] 844097K->671950K(1903104K), 0.0527712 secs] [Times: user=0.31 sys=0.00, real=0.06 secs] 
4268.896: [GC (Allocation Failure) [PSYoungGen: 464896K->105936K(507392K)] 989902K->768651K(1905664K), 0.0652829 secs] [Times: user=0.38 sys=0.00, real=0.07 secs] 
4270.304: [GC (Allocation Failure) [PSYoungGen: 423888K->147584K(506368K)] 1086603K->912955K(1904640K), 0.0529428 secs] [Times: user=0.32 sys=0.00, real=0.05 secs] 
4274.287: [GC (GCLocker Initiated GC) [PSYoungGen: 467584K->106704K(508928K)] 1232955K->1010308K(1907200K), 0.0665162 secs] [Times: user=0.39 sys=0.01, real=0.06 secs] 
4277.223: [GC (Allocation Failure) [PSYoungGen: 426704K->145568K(507392K)] 1330359K->1152267K(1905664K), 0.0527630 secs] [Times: user=0.32 sys=0.00, real=0.05 secs] 
4279.604: [GC (Allocation Failure) [PSYoungGen: 467104K->107936K(509440K)] 1473803K->1251231K(1907712K), 0.1367071 secs] [Times: user=0.81 sys=0.00, real=0.14 secs] 
4280.800: [GC (Allocation Failure) [PSYoungGen: 429472K->151040K(506368K)] 1572767K->1398296K(1904640K), 0.0532526 secs] [Times: user=0.32 sys=0.00, real=0.05 secs] 
4280.853: [Full GC (Ergonomics) [PSYoungGen: 151040K->0K(506368K)] [ParOldGen: 1247256K->195888K(1398272K)] 1398296K->195888K(1904640K), [Metaspace: 60469K->60469K(1105920K)], 0.4675512 secs] [Times: user=2.08 sys=0.01, real=0.47 secs] 
4283.994: [GC (Allocation Failure) [PSYoungGen: 321536K->107328K(509952K)] 517424K->303216K(1908224K), 0.1045502 secs] [Times: user=0.62 sys=0.00, real=0.11 secs] 
4284.980: [GC (Allocation Failure) [PSYoungGen: 418328K->146048K(509952K)] 614217K->445253K(1908224K), 0.0515824 secs] [Times: user=0.30 sys=0.00, real=0.05 secs] 
4288.176: [GC (Allocation Failure) [PSYoungGen: 470144K->107584K(432128K)] 769349K->543677K(1830400K), 0.1029163 secs] [Times: user=0.61 sys=0.01, real=0.11 secs] 
4289.377: [GC (Allocation Failure) [PSYoungGen: 417371K->144416K(509440K)] 853464K->684045K(1907712K), 0.0514202 secs] [Times: user=0.31 sys=0.00, real=0.05 secs] 
4292.642: [GC (Allocation Failure) [PSYoungGen: 469024K->108896K(510464K)] 1008653K->783557K(1908736K), 0.1490411 secs] [Times: user=0.88 sys=0.00, real=0.15 secs] 
4293.409: [GC (Allocation Failure) [PSYoungGen: 433504K->152896K(506368K)] 1108165K->932018K(1904640K), 0.0533162 secs] [Times: user=0.31 sys=0.00, real=0.05 secs] 
4298.186: [GC (Allocation Failure) [PSYoungGen: 475968K->99424K(510976K)] 1255090K->1030362K(1909248K), 0.1713898 secs] [Times: user=1.02 sys=0.00, real=0.18 secs] 
4299.614: [GC (Allocation Failure) [PSYoungGen: 422496K->152448K(504320K)] 1353434K->1176763K(1902592K), 0.0624612 secs] [Times: user=0.36 sys=0.02, real=0.07 secs] 
4304.087: [GC (Allocation Failure) [PSYoungGen: 470400K->95744K(508416K)] 1494715K->1271435K(1906688K), 0.1690823 secs] [Times: user=1.00 sys=0.00, real=0.16 secs] 
4306.078: [GC (Allocation Failure) [PSYoungGen: 413696K->184448K(478208K)] 1589387K->1450028K(1876480K), 0.1164192 secs] [Times: user=0.69 sys=0.01, real=0.11 secs] 
4306.194: [Full GC (Ergonomics) [PSYoungGen: 184448K->0K(478208K)] [ParOldGen: 1265580K->215198K(1398272K)] 1450028K->215198K(1876480K), [Metaspace: 60469K->60469K(1105920K)], 0.5471824 secs] [Times: user=2.59 sys=0.00, real=0.55 secs] 
4309.286: [GC (Allocation Failure) [PSYoungGen: 288256K->82272K(370688K)] 503454K->297470K(1768960K), 0.1382027 secs] [Times: user=0.82 sys=0.00, real=0.14 secs] 
4309.946: [GC (Allocation Failure) [PSYoungGen: 370528K->136352K(496640K)] 585726K->430799K(1894912K), 0.0455929 secs] [Times: user=0.27 sys=0.00, real=0.05 secs] 
4312.126: [GC (Allocation Failure) [PSYoungGen: 426656K->93152K(383488K)] 721103K->515519K(1781760K), 0.0778820 secs] [Times: user=0.46 sys=0.00, real=0.08 secs] 
4314.297: [GC (Allocation Failure) [PSYoungGen: 383456K->129936K(495616K)] 805823K->642772K(1893888K), 0.0486965 secs] [Times: user=0.27 sys=0.01, real=0.04 secs] 
4317.280: [GC (Allocation Failure) [PSYoungGen: 425360K->102512K(490496K)] 938196K->735085K(1888768K), 0.0621305 secs] [Times: user=0.37 sys=0.00, real=0.06 secs] 
4318.403: [GC (Allocation Failure) [PSYoungGen: 397936K->130880K(498688K)] 1030509K->864645K(1896960K), 0.0635061 secs] [Times: user=0.38 sys=0.00, real=0.07 secs] 
4323.235: [GC (Allocation Failure) [PSYoungGen: 438080K->113056K(495104K)] 1171845K->968117K(1893376K), 0.0637538 secs] [Times: user=0.38 sys=0.00, real=0.07 secs] 
4324.975: [GC (Allocation Failure) [PSYoungGen: 420256K->126432K(506368K)] 1275317K->1094541K(1904640K), 0.0692649 secs] [Times: user=0.41 sys=0.00, real=0.07 secs] 
4327.086: [GC (Allocation Failure) [PSYoungGen: 450528K->1600K(502784K)] 1418637K->969753K(1901056K), 0.0035875 secs] [Times: user=0.01 sys=0.00, real=0.01 secs] 
4329.289: [GC (Allocation Failure) [PSYoungGen: 325696K->134752K(503296K)] 1293849K->1103681K(1901568K), 0.0369302 secs] [Times: user=0.21 sys=0.00, real=0.03 secs] 
4332.813: [GC (Allocation Failure) [PSYoungGen: 444512K->288K(310272K)] 1413441K->969381K(1708544K), 0.0033977 secs] [Times: user=0.02 sys=0.00, real=0.00 secs] 
4333.987: [GC (Allocation Failure) [PSYoungGen: 310048K->128416K(494080K)] 1279141K->1097525K(1892352K), 0.0515719 secs] [Times: user=0.30 sys=0.00, real=0.06 secs] 
4337.375: [GC (Allocation Failure) [PSYoungGen: 417184K->119680K(408576K)] 1386293K->1206730K(1806848K), 0.0641442 secs] [Times: user=0.38 sys=0.00, real=0.07 secs] 
4340.538: [GC (Allocation Failure) [PSYoungGen: 408448K->101296K(498176K)] 1495498K->1307971K(1896448K), 0.0888714 secs] [Times: user=0.53 sys=0.00, real=0.09 secs] 
4340.627: [Full GC (Ergonomics) [PSYoungGen: 101296K->0K(498176K)] [ParOldGen: 1206674K->116360K(1398272K)] 1307971K->116360K(1896448K), [Metaspace: 60471K->60471K(1105920K)], 0.2766816 secs] [Times: user=1.27 sys=0.00, real=0.27 secs] 
4341.409: [GC (Allocation Failure) [PSYoungGen: 296890K->181952K(479744K)] 413251K->298312K(1878016K), 0.0486175 secs] [Times: user=0.28 sys=0.01, real=0.05 secs] 
4344.588: [GC (Allocation Failure) [PSYoungGen: 479424K->86304K(492544K)] 595784K->349692K(1890816K), 0.1196628 secs] [Times: user=0.71 sys=0.01, real=0.12 secs] 
4344.914: [GC (Allocation Failure) [PSYoungGen: 367392K->137632K(487424K)] 630780K->481351K(1885696K), 0.0522509 secs] [Times: user=0.31 sys=0.00, real=0.05 secs] 
4347.423: [GC (Allocation Failure) [PSYoungGen: 418720K->78208K(488960K)] 762439K->559431K(1887232K), 0.1478258 secs] [Times: user=0.87 sys=0.01, real=0.15 secs] 
4348.228: [GC (Allocation Failure) [PSYoungGen: 357045K->131296K(487936K)] 838269K->684856K(1886208K), 0.0552673 secs] [Times: user=0.33 sys=0.00, real=0.05 secs] 
4350.045: [GC (Allocation Failure) [PSYoungGen: 415968K->93184K(485376K)] 969528K->769660K(1883648K), 0.0764338 secs] [Times: user=0.45 sys=0.00, real=0.08 secs] 
4351.542: [GC (Allocation Failure) [PSYoungGen: 386560K->135328K(489472K)] 1063036K->901973K(1887744K), 0.0477483 secs] [Times: user=0.28 sys=0.00, real=0.05 secs] 
4355.103: [GC (Allocation Failure) [PSYoungGen: 428704K->97280K(491520K)] 1195349K->989717K(1889792K), 0.0625857 secs] [Times: user=0.37 sys=0.01, real=0.06 secs] 
4358.268: [GC (Allocation Failure) [PSYoungGen: 402944K->134176K(496640K)] 1295381K->1122258K(1894912K), 0.0548795 secs] [Times: user=0.32 sys=0.00, real=0.05 secs] 
4360.169: [GC (Allocation Failure) [PSYoungGen: 439840K->108272K(494592K)] 1427922K->1221143K(1892864K), 0.0641442 secs] [Times: user=0.38 sys=0.00, real=0.06 secs] 
4361.417: [GC (Allocation Failure) [PSYoungGen: 424176K->146768K(500736K)] 1537047K->1366880K(1899008K), 0.0561923 secs] [Times: user=0.33 sys=0.00, real=0.05 secs] 
4361.473: [Full GC (Ergonomics) [PSYoungGen: 146768K->0K(500736K)] [ParOldGen: 1220111K->155643K(1398272K)] 1366880K->155643K(1899008K), [Metaspace: 60471K->60471K(1105920K)], 0.3680311 secs] [Times: user=1.69 sys=0.00, real=0.37 secs] 
4364.124: [GC (Allocation Failure) [PSYoungGen: 315904K->111584K(506368K)] 471547K->267227K(1904640K), 0.0393063 secs] [Times: user=0.23 sys=0.00, real=0.04 secs] 
4365.528: [GC (Allocation Failure) [PSYoungGen: 435168K->142928K(507392K)] 590811K->409125K(1905664K), 0.0575471 secs] [Times: user=0.34 sys=0.00, real=0.05 secs] 
4368.561: [GC (Allocation Failure) [PSYoungGen: 466512K->112592K(506880K)] 732709K->512333K(1905152K), 0.0658790 secs] [Times: user=0.39 sys=0.00, real=0.07 secs] 
4370.960: [GC (Allocation Failure) [PSYoungGen: 440784K->146208K(509440K)] 840525K->656993K(1907712K), 0.0548483 secs] [Times: user=0.32 sys=0.00, real=0.05 secs] 
4373.332: [GC (GCLocker Initiated GC) [PSYoungGen: 474400K->114784K(510464K)] 985185K->762058K(1908736K), 0.0688368 secs] [Times: user=0.40 sys=0.00, real=0.07 secs] 
4374.615: [GC (Allocation Failure) [PSYoungGen: 447072K->154304K(512000K)] 1094401K->913998K(1910272K), 0.0567514 secs] [Times: user=0.33 sys=0.00, real=0.06 secs] 
4378.280: [GC (Allocation Failure) [PSYoungGen: 486592K->109952K(515584K)] 1246286K->1014806K(1913856K), 0.1000819 secs] [Times: user=0.59 sys=0.00, real=0.10 secs] 
4379.223: [GC (Allocation Failure) [PSYoungGen: 436278K->151600K(481792K)] 1341132K->1161859K(1880064K), 0.0541359 secs] [Times: user=0.31 sys=0.00, real=0.06 secs] 
4384.444: [GC (Allocation Failure) [PSYoungGen: 481328K->106144K(514560K)] 1491587K->1258778K(1912832K), 0.1601515 secs] [Times: user=0.95 sys=0.01, real=0.16 secs] 
4385.826: [GC (Allocation Failure) [PSYoungGen: 433312K->155136K(482816K)] 1585946K->1409659K(1881088K), 0.0531297 secs] [Times: user=0.31 sys=0.00, real=0.06 secs] 
4385.879: [Full GC (Ergonomics) [PSYoungGen: 155136K->0K(482816K)] [ParOldGen: 1254523K->206801K(1398272K)] 1409659K->206801K(1881088K), [Metaspace: 60471K->60471K(1105920K)], 0.4889704 secs] [Times: user=2.27 sys=0.00, real=0.49 secs] 
4389.338: [GC (GCLocker Initiated GC) [PSYoungGen: 327168K->97537K(509952K)] 533969K->304338K(1908224K), 0.1704725 secs] [Times: user=1.02 sys=0.01, real=0.17 secs] 
4390.537: [GC (Allocation Failure) [PSYoungGen: 417537K->170656K(491008K)] 624341K->469005K(1889280K), 0.1348845 secs] [Times: user=0.80 sys=0.00, real=0.13 secs] 
4393.450: [GC (Allocation Failure) [PSYoungGen: 490656K->96576K(500736K)] 789005K->548993K(1899008K), 0.1668373 secs] [Times: user=0.99 sys=0.00, real=0.17 secs] 
4393.889: [GC (Allocation Failure) [PSYoungGen: 397632K->144160K(445440K)] 850049K->686882K(1843712K), 0.0534020 secs] [Times: user=0.31 sys=0.00, real=0.05 secs] 
4398.177: [GC (Allocation Failure) [PSYoungGen: 445216K->84672K(498176K)] 987938K->770834K(1896448K), 0.1701127 secs] [Times: user=1.01 sys=0.01, real=0.17 secs] 
4399.551: [GC (Allocation Failure) [PSYoungGen: 385216K->143680K(498688K)] 1071378K->910139K(1896960K), 0.0492841 secs] [Times: user=0.30 sys=0.00, real=0.05 secs] 
4401.361: [GC (Allocation Failure) [PSYoungGen: 444224K->98672K(494592K)] 1210683K->1000324K(1892864K), 0.0815790 secs] [Times: user=0.49 sys=0.00, real=0.08 secs] 
4403.050: [GC (Allocation Failure) [PSYoungGen: 401264K->142352K(497664K)] 1302916K->1139065K(1895936K), 0.0496306 secs] [Times: user=0.30 sys=0.01, real=0.05 secs] 
4405.002: [GC (Allocation Failure) [PSYoungGen: 444944K->100032K(498176K)] 1441657K->1230260K(1896448K), 0.0784266 secs] [Times: user=0.46 sys=0.00, real=0.08 secs] 
4407.569: [GC (Allocation Failure) [PSYoungGen: 408256K->139616K(500736K)] 1538484K->1367729K(1899008K), 0.0532612 secs] [Times: user=0.31 sys=0.00, real=0.05 secs] 
4407.622: [Full GC (Ergonomics) [PSYoungGen: 139616K->0K(500736K)] [ParOldGen: 1228113K->174801K(1398272K)] 1367729K->174801K(1899008K), [Metaspace: 60471K->60471K(1105920K)], 0.4198100 secs] [Times: user=1.94 sys=0.00, real=0.42 secs] 
4409.891: [GC (Allocation Failure) [PSYoungGen: 308224K->102208K(499712K)] 483025K->277009K(1897984K), 0.0347284 secs] [Times: user=0.20 sys=0.01, real=0.03 secs] 
4412.337: [GC (Allocation Failure) [PSYoungGen: 416576K->145088K(503296K)] 591377K->420122K(1901568K), 0.0530591 secs] [Times: user=0.31 sys=0.01, real=0.05 secs] 
4414.556: [GC (Allocation Failure) [PSYoungGen: 459456K->105760K(504832K)] 734490K->517026K(1903104K), 0.0656431 secs] [Times: user=0.38 sys=0.00, real=0.07 secs] 
4417.584: [GC (Allocation Failure) [PSYoungGen: 424736K->147200K(506368K)] 836002K->661919K(1904640K), 0.0529711 secs] [Times: user=0.32 sys=0.00, real=0.06 secs] 
4419.440: [GC (Allocation Failure) [PSYoungGen: 466176K->107456K(506880K)] 980895K->760539K(1905152K), 0.0653237 secs] [Times: user=0.38 sys=0.00, real=0.06 secs] 
4422.122: [GC (Allocation Failure) [PSYoungGen: 428992K->146432K(507904K)] 1082075K->904775K(1906176K), 0.0535176 secs] [Times: user=0.32 sys=0.00, real=0.05 secs] 
4424.563: [GC (Allocation Failure) [PSYoungGen: 467968K->110624K(506880K)] 1226311K->1006667K(1905152K), 0.0765766 secs] [Times: user=0.45 sys=0.00, real=0.08 secs] 
4427.246: [GC (Allocation Failure) [PSYoungGen: 434208K->148384K(508416K)] 1330251K->1149320K(1906688K), 0.0539234 secs] [Times: user=0.32 sys=0.00, real=0.06 secs] 
4428.635: [GC (Allocation Failure) [PSYoungGen: 471968K->111392K(509952K)] 1472904K->1251524K(1908224K), 0.1110880 secs] [Times: user=0.66 sys=0.00, real=0.11 secs] 
4430.732: [GC (Allocation Failure) [PSYoungGen: 437536K->150848K(510464K)] 1577668K->1399225K(1908736K), 0.0808797 secs] [Times: user=0.48 sys=0.00, real=0.08 secs] 
4430.813: [Full GC (Ergonomics) [PSYoungGen: 150848K->0K(510464K)] [ParOldGen: 1248377K->197149K(1398272K)] 1399225K->197149K(1908736K), [Metaspace: 60471K->60471K(1105920K)], 0.4843479 secs] [Times: user=2.26 sys=0.01, real=0.49 secs] 
4434.408: [GC (Allocation Failure) [PSYoungGen: 326144K->106224K(512512K)] 523293K->303374K(1910784K), 0.0985032 secs] [Times: user=0.58 sys=0.00, real=0.09 secs] 
4436.597: [GC (Allocation Failure) [PSYoungGen: 424092K->145280K(510976K)] 621242K->444934K(1909248K), 0.0510246 secs] [Times: user=0.30 sys=0.01, real=0.05 secs] 
4440.796: [GC (Allocation Failure) [PSYoungGen: 470400K->106944K(508928K)] 770054K->543106K(1907200K), 0.1727612 secs] [Times: user=1.03 sys=0.00, real=0.18 secs] 
4441.788: [GC (Allocation Failure) [PSYoungGen: 418301K->143808K(510464K)] 854463K->683167K(1908736K), 0.0510347 secs] [Times: user=0.30 sys=0.00, real=0.05 secs] 
4444.424: [GC (Allocation Failure) [PSYoungGen: 469952K->109696K(510464K)] 1009311K->784387K(1908736K), 0.1212183 secs] [Times: user=0.71 sys=0.01, real=0.12 secs] 
4445.163: [GC (Allocation Failure) [PSYoungGen: 438912K->154768K(484352K)] 1113603K->935521K(1882624K), 0.0531046 secs] [Times: user=0.31 sys=0.00, real=0.05 secs] 
4449.074: [GC (Allocation Failure) [PSYoungGen: 483984K->98096K(512000K)] 1264737K->1032969K(1910272K), 0.1343817 secs] [Times: user=0.79 sys=0.00, real=0.14 secs] 
4450.321: [GC (Allocation Failure) [PSYoungGen: 422192K->171136K(495616K)] 1357065K->1197661K(1893888K), 0.0577693 secs] [Times: user=0.35 sys=0.00, real=0.06 secs] 
4455.007: [GC (Allocation Failure) [PSYoungGen: 495232K->95936K(502272K)] 1521757K->1276029K(1900544K), 0.1704940 secs] [Times: user=1.01 sys=0.00, real=0.17 secs] 
4455.802: [GC (Allocation Failure) [PSYoungGen: 400576K->148256K(453120K)] 1580669K->1417554K(1851392K), 0.0561827 secs] [Times: user=0.33 sys=0.01, real=0.06 secs] 
4455.858: [Full GC (Ergonomics) [PSYoungGen: 148256K->0K(453120K)] [ParOldGen: 1269298K->216851K(1398272K)] 1417554K->216851K(1851392K), [Metaspace: 60476K->60476K(1105920K)], 0.5166771 secs] [Times: user=2.41 sys=0.00, real=0.51 secs] 
4459.383: [GC (Allocation Failure) [PSYoungGen: 304640K->86864K(500736K)] 521491K->303716K(1899008K), 0.1179798 secs] [Times: user=0.71 sys=0.00, real=0.12 secs] 
4460.842: [GC (Allocation Failure) [PSYoungGen: 375823K->137632K(440320K)] 592674K->435292K(1838592K), 0.1228330 secs] [Times: user=0.73 sys=0.00, real=0.12 secs] 
4463.528: [GC (Allocation Failure) [PSYoungGen: 440224K->96000K(500224K)] 737884K->522868K(1898496K), 0.1071852 secs] [Times: user=0.64 sys=0.00, real=0.10 secs] 
4465.468: [GC (Allocation Failure) [PSYoungGen: 400640K->141824K(498176K)] 827508K->661489K(1896448K), 0.0522345 secs] [Times: user=0.31 sys=0.00, real=0.05 secs] 
4468.170: [GC (Allocation Failure) [PSYoungGen: 446464K->99248K(502272K)] 966129K->752322K(1900544K), 0.0632024 secs] [Times: user=0.38 sys=0.00, real=0.06 secs] 
4470.691: [GC (Allocation Failure) [PSYoungGen: 411056K->144608K(502784K)] 1064130K->893894K(1901056K), 0.0511043 secs] [Times: user=0.30 sys=0.00, real=0.05 secs] 
4472.227: [GC (Allocation Failure) [PSYoungGen: 456416K->103600K(503296K)] 1205702K->988510K(1901568K), 0.0660429 secs] [Times: user=0.39 sys=0.00, real=0.06 secs] 
4475.274: [GC (Allocation Failure) [PSYoungGen: 418992K->144480K(504832K)] 1303902K->1130102K(1903104K), 0.0531719 secs] [Times: user=0.31 sys=0.00, real=0.06 secs] 
4477.832: [GC (Allocation Failure) [PSYoungGen: 459872K->108064K(502784K)] 1445494K->1229627K(1901056K), 0.0656009 secs] [Times: user=0.39 sys=0.00, real=0.07 secs] 
4480.656: [GC (Allocation Failure) [PSYoungGen: 426528K->144864K(505344K)] 1548091K->1372295K(1903616K), 0.0539356 secs] [Times: user=0.32 sys=0.00, real=0.06 secs] 
4480.710: [Full GC (Ergonomics) [PSYoungGen: 144864K->0K(505344K)] [ParOldGen: 1227431K->179291K(1398272K)] 1372295K->179291K(1903616K), [Metaspace: 60477K->60477K(1105920K)], 0.4273817 secs] [Times: user=1.98 sys=0.00, real=0.43 secs] 
4483.143: [GC (Allocation Failure) [PSYoungGen: 318464K->105200K(507904K)] 497755K->284492K(1906176K), 0.0458983 secs] [Times: user=0.27 sys=0.00, real=0.05 secs] 
4485.665: [GC (Allocation Failure) [PSYoungGen: 428272K->148672K(508928K)] 607564K->430873K(1907200K), 0.0532128 secs] [Times: user=0.32 sys=0.00, real=0.06 secs] 
4488.121: [GC (Allocation Failure) [PSYoungGen: 471744K->109200K(508928K)] 753945K->531650K(1907200K), 0.0905868 secs] [Times: user=0.54 sys=0.00, real=0.09 secs] 
4489.767: [GC (GCLocker Initiated GC) [PSYoungGen: 433296K->151792K(509440K)] 855747K->678288K(1907712K), 0.0528327 secs] [Times: user=0.31 sys=0.00, real=0.05 secs] 
4492.235: [GC (Allocation Failure) [PSYoungGen: 475888K->107456K(510976K)] 1002389K->777188K(1909248K), 0.1464314 secs] [Times: user=0.85 sys=0.03, real=0.15 secs] 
4493.993: [GC (Allocation Failure) [PSYoungGen: 418646K->148576K(509440K)] 1088379K->921117K(1907712K), 0.0525689 secs] [Times: user=0.31 sys=0.00, real=0.05 secs] 
4497.096: [GC (Allocation Failure) [PSYoungGen: 471136K->103776K(509440K)] 1243677K->1016425K(1907712K), 0.1628430 secs] [Times: user=0.97 sys=0.00, real=0.17 secs] 
4499.023: [GC (Allocation Failure) [PSYoungGen: 422300K->146976K(509440K)] 1334949K->1159470K(1907712K), 0.1153901 secs] [Times: user=0.69 sys=0.00, real=0.12 secs] 
4501.967: [GC (Allocation Failure) [PSYoungGen: 469536K->109024K(507904K)] 1482030K->1259934K(1906176K), 0.1571593 secs] [Times: user=0.93 sys=0.00, real=0.15 secs] 
4503.077: [GC (Allocation Failure) [PSYoungGen: 415881K->141952K(508928K)] 1566791K->1398323K(1907200K), 0.0523693 secs] [Times: user=0.31 sys=0.00, real=0.05 secs] 
4503.130: [Full GC (Ergonomics) [PSYoungGen: 141952K->0K(508928K)] [ParOldGen: 1256371K->197171K(1398272K)] 1398323K->197171K(1907200K), [Metaspace: 60484K->60484K(1105920K)], 0.4861008 secs] [Times: user=2.27 sys=0.00, real=0.48 secs] 
4507.902: [GC (Allocation Failure) [PSYoungGen: 323072K->106304K(508416K)] 520243K->303475K(1906688K), 0.0920418 secs] [Times: user=0.54 sys=0.00, real=0.09 secs] 
4509.615: [GC (Allocation Failure) [PSYoungGen: 420313K->145024K(510464K)] 617484K->444360K(1908736K), 0.0540176 secs] [Times: user=0.32 sys=0.00, real=0.06 secs] 
4513.397: [GC (Allocation Failure) [PSYoungGen: 471680K->105856K(512512K)] 771016K->541788K(1910784K), 0.1085358 secs] [Times: user=0.64 sys=0.01, real=0.10 secs] 
4514.198: [GC (Allocation Failure) [PSYoungGen: 435584K->157184K(487424K)] 871516K->695433K(1885696K), 0.0522196 secs] [Times: user=0.31 sys=0.00, real=0.05 secs] 
4518.076: [GC (Allocation Failure) [PSYoungGen: 486912K->97568K(510464K)] 1025161K->792601K(1908736K), 0.1649002 secs] [Times: user=0.98 sys=0.00, real=0.17 secs] 
4518.588: [GC (Allocation Failure) [PSYoungGen: 418592K->156224K(477696K)] 1113625K->942710K(1875968K), 0.0596216 secs] [Times: user=0.35 sys=0.00, real=0.06 secs] 
4522.449: [GC (GCLocker Initiated GC) [PSYoungGen: 477248K->93296K(505856K)] 1263734K->1035843K(1904128K), 0.1578574 secs] [Times: user=0.94 sys=0.00, real=0.16 secs] 
4522.915: [GC (Allocation Failure) [PSYoungGen: 405616K->152192K(464896K)] 1348215K->1182113K(1863168K), 0.0562450 secs] [Times: user=0.33 sys=0.00, real=0.06 secs] 
4525.819: [GC (Allocation Failure) [PSYoungGen: 464512K->91248K(503296K)] 1494433K->1273210K(1901568K), 0.1621184 secs] [Times: user=0.97 sys=0.01, real=0.16 secs] 
4526.528: [GC (Allocation Failure) [PSYoungGen: 397936K->148704K(455680K)] 1579898K->1415366K(1853952K), 0.0542761 secs] [Times: user=0.32 sys=0.00, real=0.05 secs] 
4526.582: [Full GC (Ergonomics) [PSYoungGen: 148704K->0K(455680K)] [ParOldGen: 1266662K->213279K(1398272K)] 1415366K->213279K(1853952K), [Metaspace: 60484K->60484K(1105920K)], 0.5054803 secs] [Times: user=2.36 sys=0.00, real=0.51 secs] 
4530.496: [GC (Allocation Failure) [PSYoungGen: 306688K->91760K(502272K)] 519967K->305039K(1900544K), 0.1399738 secs] [Times: user=0.83 sys=0.00, real=0.14 secs] 
4531.341: [GC (Allocation Failure) [PSYoungGen: 381992K->138128K(442880K)] 595271K->437293K(1841152K), 0.0489173 secs] [Times: user=0.29 sys=0.00, real=0.05 secs] 
4534.619: [GC (Allocation Failure) [PSYoungGen: 442768K->101024K(502272K)] 741933K->528856K(1900544K), 0.1341439 secs] [Times: user=0.79 sys=0.00, real=0.13 secs] 
4536.422: [GC (Allocation Failure) [PSYoungGen: 408736K->143344K(499200K)] 836568K->668082K(1897472K), 0.0504405 secs] [Times: user=0.29 sys=0.00, real=0.05 secs] 
4538.811: [GC (Allocation Failure) [PSYoungGen: 451056K->103760K(503296K)] 975794K->762418K(1901568K), 0.0642709 secs] [Times: user=0.38 sys=0.01, real=0.06 secs] 
4541.960: [GC (Allocation Failure) [PSYoungGen: 418640K->143232K(504320K)] 1077298K->902030K(1902592K), 0.0523105 secs] [Times: user=0.31 sys=0.00, real=0.05 secs] 
4543.089: [GC (Allocation Failure) [PSYoungGen: 458112K->107488K(503296K)] 1216910K->1000538K(1901568K), 0.0650130 secs] [Times: user=0.39 sys=0.00, real=0.06 secs] 
4543.880: [GC (Allocation Failure) [PSYoungGen: 426464K->149712K(505856K)] 1319514K->1147088K(1904128K), 0.0535258 secs] [Times: user=0.31 sys=0.00, real=0.05 secs] 
4547.934: [GC (GCLocker Initiated GC) [PSYoungGen: 468688K->101520K(509440K)] 1466068K->1239868K(1907712K), 0.0800484 secs] [Times: user=0.47 sys=0.00, real=0.08 secs] 
4549.513: [GC (Allocation Failure) [PSYoungGen: 422032K->149680K(470528K)] 1560383K->1385996K(1868800K), 0.0522003 secs] [Times: user=0.31 sys=0.00, real=0.05 secs] 
4549.566: [Full GC (Ergonomics) [PSYoungGen: 149680K->0K(470528K)] [ParOldGen: 1236315K->193150K(1398272K)] 1385996K->193150K(1868800K), [Metaspace: 60484K->60484K(1105920K)], 0.4589183 secs] [Times: user=2.13 sys=0.00, real=0.46 secs] 
4552.843: [GC (Allocation Failure) [PSYoungGen: 320512K->108000K(510976K)] 513662K->301150K(1909248K), 0.0593615 secs] [Times: user=0.35 sys=0.01, real=0.06 secs] 
4553.985: [GC (Allocation Failure) [PSYoungGen: 427488K->148112K(507392K)] 620638K->445576K(1905664K), 0.0515472 secs] [Times: user=0.31 sys=0.00, real=0.05 secs] 
4558.045: [GC (Allocation Failure) [PSYoungGen: 467600K->101840K(508416K)] 765064K->538524K(1906688K), 0.1408464 secs] [Times: user=0.80 sys=0.01, real=0.14 secs] 
4559.678: [GC (Allocation Failure) [PSYoungGen: 420544K->148768K(469504K)] 857228K->683612K(1867776K), 0.0501955 secs] [Times: user=0.30 sys=0.00, real=0.05 secs] 
4562.666: [GC (Allocation Failure) [PSYoungGen: 469280K->108448K(511488K)] 1004124K->783468K(1909760K), 0.1698207 secs] [Times: user=1.01 sys=0.00, real=0.17 secs] 
4563.859: [GC (Allocation Failure) [PSYoungGen: 413766K->143760K(507904K)] 1088787K->922810K(1906176K), 0.0515045 secs] [Times: user=0.31 sys=0.00, real=0.05 secs] 
4567.552: [GC (Allocation Failure) [PSYoungGen: 464272K->103392K(509440K)] 1243322K->1016905K(1907712K), 0.1632295 secs] [Times: user=0.97 sys=0.00, real=0.16 secs] 
4568.984: [GC (Allocation Failure) [PSYoungGen: 419910K->147232K(508928K)] 1333423K->1160366K(1907200K), 0.1005483 secs] [Times: user=0.60 sys=0.00, real=0.10 secs] 
4572.209: [GC (GCLocker Initiated GC) [PSYoungGen: 469792K->105248K(509440K)] 1482926K->1257242K(1907712K), 0.1057421 secs] [Times: user=0.63 sys=0.00, real=0.10 secs] 
4575.116: [GC (Allocation Failure) [PSYoungGen: 429344K->140288K(509952K)] 1597724K->1410219K(1908224K), 0.3095659 secs] [Times: user=1.86 sys=0.00, real=0.31 secs] 
4575.426: [Full GC (Ergonomics) [PSYoungGen: 140288K->0K(509952K)] [ParOldGen: 1269931K->208282K(1398272K)] 1410219K->208282K(1908224K), [Metaspace: 60485K->60485K(1105920K)], 0.4230903 secs] [Times: user=1.87 sys=0.00, real=0.43 secs] 
4578.884: [GC (Allocation Failure) [PSYoungGen: 324096K->94848K(510976K)] 532378K->303130K(1909248K), 0.1469211 secs] [Times: user=0.87 sys=0.00, real=0.15 secs] 
4579.937: [GC (Allocation Failure) [PSYoungGen: 422016K->157312K(484864K)] 630298K->455015K(1883136K), 0.0671189 secs] [Times: user=0.40 sys=0.00, real=0.06 secs] 
4583.576: [GC (Allocation Failure) [PSYoungGen: 484480K->99888K(509440K)] 782183K->554715K(1907712K), 0.1438876 secs] [Times: user=0.85 sys=0.00, real=0.15 secs] 
4584.316: [GC (Allocation Failure) [PSYoungGen: 417840K->153104K(471552K)] 872667K->701356K(1869824K), 0.0870641 secs] [Times: user=0.51 sys=0.01, real=0.09 secs] 
4587.081: [GC (Allocation Failure) [PSYoungGen: 471056K->95312K(506368K)] 1019308K->796496K(1904640K), 0.1129538 secs] [Times: user=0.68 sys=0.00, real=0.11 secs] 
4587.768: [GC (Allocation Failure) [PSYoungGen: 407632K->151968K(464384K)] 1108816K->942848K(1862656K), 0.0660140 secs] [Times: user=0.40 sys=0.00, real=0.06 secs] 
4590.815: [GC (Allocation Failure) [PSYoungGen: 464288K->92080K(503808K)] 1255168K->1034761K(1902080K), 0.1519438 secs] [Times: user=0.90 sys=0.01, real=0.15 secs] 
4591.946: [GC (Allocation Failure) [PSYoungGen: 399792K->147488K(455680K)] 1342473K->1176197K(1853952K), 0.0984611 secs] [Times: user=0.59 sys=0.00, real=0.10 secs] 
4595.774: [GC (Allocation Failure) [PSYoungGen: 455200K->88128K(502784K)] 1483909K->1264141K(1901056K), 0.1637682 secs] [Times: user=0.97 sys=0.00, real=0.17 secs] 
4596.347: [GC (Allocation Failure) [PSYoungGen: 393792K->148800K(454656K)] 1569805K->1407134K(1852928K), 0.0520263 secs] [Times: user=0.31 sys=0.00, real=0.06 secs] 
4596.399: [Full GC (Ergonomics) [PSYoungGen: 148800K->0K(454656K)] [ParOldGen: 1258334K->214438K(1398272K)] 1407134K->214438K(1852928K), [Metaspace: 60485K->60485K(1105920K)], 0.4982742 secs] [Times: user=2.31 sys=0.00, real=0.50 secs] 
4599.694: [GC (Allocation Failure) [PSYoungGen: 305664K->89776K(501760K)] 520102K->304215K(1900032K), 0.1448704 secs] [Times: user=0.86 sys=0.00, real=0.15 secs] 
4600.901: [GC (Allocation Failure) [PSYoungGen: 379267K->137760K(441344K)] 593706K->435916K(1839616K), 0.0483370 secs] [Times: user=0.29 sys=0.00, real=0.05 secs] 
4602.640: [GC (Allocation Failure) [PSYoungGen: 440864K->98976K(502784K)] 739020K->525760K(1901056K), 0.0671946 secs] [Times: user=0.39 sys=0.00, real=0.07 secs] 
4605.481: [GC (Allocation Failure) [PSYoungGen: 405664K->142144K(499200K)] 832448K->664420K(1897472K), 0.0493104 secs] [Times: user=0.29 sys=0.00, real=0.05 secs] 
4607.294: [GC (Allocation Failure) [PSYoungGen: 448832K->100912K(501760K)] 971108K->756593K(1900032K), 0.0626358 secs] [Times: user=0.37 sys=0.00, real=0.06 secs] 
4609.447: [GC (Allocation Failure) [PSYoungGen: 413744K->145888K(502784K)] 1069425K->898841K(1901056K), 0.0531818 secs] [Times: user=0.31 sys=0.00, real=0.05 secs] 
4610.591: [GC (Allocation Failure) [PSYoungGen: 458720K->105616K(503296K)] 1211673K->995378K(1901568K), 0.0649994 secs] [Times: user=0.38 sys=0.01, real=0.06 secs] 
4612.376: [GC (Allocation Failure) [PSYoungGen: 422032K->146560K(504832K)] 1311794K->1138494K(1903104K), 0.0530305 secs] [Times: user=0.31 sys=0.01, real=0.06 secs] 
4614.969: [GC (Allocation Failure) [PSYoungGen: 462976K->106048K(505344K)] 1454910K->1235478K(1903616K), 0.0656684 secs] [Times: user=0.38 sys=0.00, real=0.06 secs] 
4617.358: [GC (Allocation Failure) [PSYoungGen: 425024K->145632K(506368K)] 1554454K->1377731K(1904640K), 0.0531361 secs] [Times: user=0.32 sys=0.01, real=0.05 secs] 
4617.411: [Full GC (Ergonomics) [PSYoungGen: 145632K->0K(506368K)] [ParOldGen: 1232099K->186081K(1398272K)] 1377731K->186081K(1904640K), [Metaspace: 60485K->60485K(1105920K)], 0.4495775 secs] [Times: user=2.09 sys=0.00, real=0.45 secs] 
4620.452: [GC (Allocation Failure) [PSYoungGen: 318976K->107713K(505856K)] 505057K->293794K(1904128K), 0.0491541 secs] [Times: user=0.29 sys=0.00, real=0.05 secs] 
4622.411: [GC (Allocation Failure) [PSYoungGen: 429249K->150144K(507392K)] 615330K->440198K(1905664K), 0.0529487 secs] [Times: user=0.31 sys=0.00, real=0.05 secs] 
4624.756: [GC (Allocation Failure) [PSYoungGen: 471680K->106912K(509952K)] 761734K->538187K(1908224K), 0.1027217 secs] [Times: user=0.61 sys=0.00, real=0.11 secs] 
4626.780: [GC (Allocation Failure) [PSYoungGen: 427995K->148960K(508928K)] 859270K->683727K(1907200K), 0.0517761 secs] [Times: user=0.31 sys=0.00, real=0.05 secs] 
4629.377: [GC (Allocation Failure) [PSYoungGen: 471008K->109408K(507904K)] 1005775K->784579K(1906176K), 0.1533742 secs] [Times: user=0.91 sys=0.00, real=0.15 secs] 
4630.798: [GC (Allocation Failure) [PSYoungGen: 415399K->142864K(508416K)] 1090571K->923625K(1906688K), 0.0515590 secs] [Times: user=0.30 sys=0.00, real=0.05 secs] 
4633.003: [GC (Allocation Failure) [PSYoungGen: 464912K->106016K(507904K)] 1245673K->1020228K(1906176K), 0.1802236 secs] [Times: user=1.07 sys=0.00, real=0.18 secs] 
4633.899: [GC (Allocation Failure) [PSYoungGen: 415545K->145472K(509952K)] 1329758K->1161829K(1908224K), 0.0514004 secs] [Times: user=0.31 sys=0.00, real=0.05 secs] 
4636.559: [GC (Allocation Failure) [PSYoungGen: 471104K->107936K(510464K)] 1487461K->1260921K(1908736K), 0.1711196 secs] [Times: user=1.02 sys=0.01, real=0.17 secs] 
4637.608: [GC (Allocation Failure) [PSYoungGen: 436128K->154800K(483328K)] 1589113K->1412147K(1881600K), 0.0578193 secs] [Times: user=0.35 sys=0.00, real=0.05 secs] 
4637.665: [Full GC (Ergonomics) [PSYoungGen: 154800K->0K(483328K)] [ParOldGen: 1257346K->209424K(1398272K)] 1412147K->209424K(1881600K), [Metaspace: 60485K->60485K(1105920K)], 0.4936035 secs] [Times: user=2.30 sys=0.00, real=0.50 secs] 
4642.233: [GC (Allocation Failure) [PSYoungGen: 328192K->95520K(510976K)] 537616K->304944K(1909248K), 0.1750606 secs] [Times: user=1.04 sys=0.00, real=0.18 secs] 
4643.141: [GC (Allocation Failure) [PSYoungGen: 417568K->171024K(493568K)] 626992K->470037K(1891840K), 0.0581320 secs] [Times: user=0.35 sys=0.00, real=0.06 secs] 
4647.174: [GC (Allocation Failure) [PSYoungGen: 493072K->95040K(501248K)] 792085K->548185K(1899520K), 0.1420092 secs] [Times: user=0.84 sys=0.01, real=0.14 secs] 
4647.797: [GC (Allocation Failure) [PSYoungGen: 397120K->145312K(499712K)] 850265K->687776K(1897984K), 0.0717355 secs] [Times: user=0.43 sys=0.00, real=0.07 secs] 
4651.165: [GC (Allocation Failure) [PSYoungGen: 447392K->89056K(500736K)] 989856K->776688K(1899008K), 0.1417480 secs] [Times: user=0.84 sys=0.00, real=0.15 secs] 
4651.992: [GC (Allocation Failure) [PSYoungGen: 388491K->141488K(444416K)] 1076123K->914350K(1842688K), 0.0495993 secs] [Times: user=0.29 sys=0.01, real=0.05 secs] 
4653.796: [GC (Allocation Failure) [PSYoungGen: 444080K->99152K(502272K)] 1216942K->1004550K(1900544K), 0.0630426 secs] [Times: user=0.37 sys=0.00, real=0.07 secs] 
4655.575: [GC (Allocation Failure) [PSYoungGen: 404816K->142288K(499712K)] 1310214K->1143330K(1897984K), 0.0490471 secs] [Times: user=0.29 sys=0.00, real=0.05 secs] 
4656.894: [GC (Allocation Failure) [PSYoungGen: 447952K->101056K(502272K)] 1448994K->1235322K(1900544K), 0.0628989 secs] [Times: user=0.38 sys=0.00, real=0.06 secs] 
4659.991: [GC (Allocation Failure) [PSYoungGen: 411840K->143136K(502272K)] 1546106K->1375190K(1900544K), 0.0510029 secs] [Times: user=0.30 sys=0.00, real=0.05 secs] 
4660.042: [Full GC (Ergonomics) [PSYoungGen: 143136K->0K(502272K)] [ParOldGen: 1232054K->181930K(1398272K)] 1375190K->181930K(1900544K), [Metaspace: 60486K->60486K(1105920K)], 0.4403403 secs] [Times: user=2.04 sys=0.00, real=0.44 secs] 
4662.071: [GC (Allocation Failure) [PSYoungGen: 310784K->101985K(501760K)] 492714K->283915K(1900032K), 0.0326454 secs] [Times: user=0.19 sys=0.00, real=0.03 secs] 
4664.790: [GC (Allocation Failure) [PSYoungGen: 417377K->144672K(504320K)] 599307K->425519K(1902592K), 0.0513786 secs] [Times: user=0.30 sys=0.00, real=0.05 secs] 
4667.569: [GC (Allocation Failure) [PSYoungGen: 460064K->105408K(504832K)] 740911K->521932K(1903104K), 0.0646838 secs] [Times: user=0.39 sys=0.00, real=0.06 secs] 
4669.373: [GC (Allocation Failure) [PSYoungGen: 424384K->146912K(506368K)] 840908K->666248K(1904640K), 0.0526484 secs] [Times: user=0.31 sys=0.00, real=0.05 secs] 
4671.350: [GC (Allocation Failure) [PSYoungGen: 465888K->106416K(507904K)] 985224K->763465K(1906176K), 0.0746654 secs] [Times: user=0.42 sys=0.00, real=0.07 secs] 
4673.233: [GC (Allocation Failure) [PSYoungGen: 427952K->146704K(508416K)] 1085001K->908038K(1906688K), 0.0538752 secs] [Times: user=0.32 sys=0.00, real=0.05 secs] 
4675.163: [GC (Allocation Failure) [PSYoungGen: 468240K->104896K(508928K)] 1229574K->1003685K(1907200K), 0.0770002 secs] [Times: user=0.45 sys=0.00, real=0.08 secs] 
4677.515: [GC (Allocation Failure) [PSYoungGen: 427968K->150096K(473600K)] 1326757K->1150539K(1871872K), 0.0825899 secs] [Times: user=0.49 sys=0.00, real=0.09 secs] 
4679.968: [GC (Allocation Failure) [PSYoungGen: 473168K->107936K(512512K)] 1473611K->1249950K(1910784K), 0.1380562 secs] [Times: user=0.82 sys=0.00, real=0.13 secs] 
4682.578: [GC (Allocation Failure) [PSYoungGen: 430496K->150304K(508928K)] 1572510K->1396515K(1907200K), 0.0536402 secs] [Times: user=0.32 sys=0.00, real=0.05 secs] 
4682.632: [Full GC (Ergonomics) [PSYoungGen: 150304K->0K(508928K)] [ParOldGen: 1246211K->194860K(1398272K)] 1396515K->194860K(1907200K), [Metaspace: 60486K->60486K(1105920K)], 0.4774573 secs] [Times: user=2.21 sys=0.00, real=0.48 secs] 
4685.617: [GC (Allocation Failure) [PSYoungGen: 322560K->105760K(509952K)] 517420K->300620K(1908224K), 0.0944662 secs] [Times: user=0.55 sys=0.01, real=0.09 secs] 
4687.142: [GC (Allocation Failure) [PSYoungGen: 425881K->147968K(508928K)] 620741K->444986K(1907200K), 0.0507917 secs] [Times: user=0.30 sys=0.00, real=0.05 secs] 
4689.639: [GC (Allocation Failure) [PSYoungGen: 469504K->102608K(509440K)] 766522K->538442K(1907712K), 0.0913552 secs] [Times: user=0.54 sys=0.00, real=0.09 secs] 
4691.924: [GC (Allocation Failure) [PSYoungGen: 420312K->148640K(471040K)] 856146K->682746K(1869312K), 0.0505531 secs] [Times: user=0.30 sys=0.00, real=0.05 secs] 
4695.048: [GC (Allocation Failure) [PSYoungGen: 470688K->108144K(512000K)] 1004794K->782335K(1910272K), 0.1807119 secs] [Times: user=1.07 sys=0.00, real=0.18 secs] 
4697.418: [GC (Allocation Failure) [PSYoungGen: 430192K->183584K(505856K)] 1104383K->962275K(1904128K), 0.1133585 secs] [Times: user=0.68 sys=0.00, real=0.11 secs] 
4700.272: [GC (Allocation Failure) [PSYoungGen: 505632K->96752K(489472K)] 1284323K->1025932K(1887744K), 0.1447885 secs] [Times: user=0.86 sys=0.00, real=0.15 secs] 
4700.924: [GC (Allocation Failure) [PSYoungGen: 389995K->138256K(497664K)] 1319175K->1160573K(1895936K), 0.0521378 secs] [Times: user=0.30 sys=0.00, real=0.05 secs] 
4702.831: [GC (Allocation Failure) [PSYoungGen: 434704K->93664K(493056K)] 1457021K->1245632K(1891328K), 0.0622034 secs] [Times: user=0.36 sys=0.00, real=0.06 secs] 
4705.337: [GC (Allocation Failure) [PSYoungGen: 393696K->140032K(497152K)] 1545664K->1382081K(1895424K), 0.0480338 secs] [Times: user=0.29 sys=0.00, real=0.04 secs] 
4705.385: [Full GC (Ergonomics) [PSYoungGen: 140032K->0K(497152K)] [ParOldGen: 1242049K->180510K(1398272K)] 1382081K->180510K(1895424K), [Metaspace: 60488K->60488K(1105920K)], 0.4383748 secs] [Times: user=2.02 sys=0.01, real=0.44 secs] 
4706.915: [GC (Allocation Failure) [PSYoungGen: 300032K->102608K(494592K)] 480542K->283119K(1892864K), 0.0332821 secs] [Times: user=0.20 sys=0.01, real=0.04 secs] 
4709.662: [GC (Allocation Failure) [PSYoungGen: 409296K->136704K(499200K)] 589807K->416462K(1897472K), 0.0510265 secs] [Times: user=0.30 sys=0.00, real=0.05 secs] 
4711.907: [GC (Allocation Failure) [PSYoungGen: 443392K->105888K(498176K)] 723150K->513050K(1896448K), 0.0635063 secs] [Times: user=0.37 sys=0.01, real=0.06 secs] 
4713.538: [GC (Allocation Failure) [PSYoungGen: 421792K->140848K(503296K)] 828954K->652004K(1901568K), 0.0527283 secs] [Times: user=0.32 sys=0.00, real=0.05 secs] 
4715.006: [GC (Allocation Failure) [PSYoungGen: 456752K->110880K(503296K)] 967908K->752923K(1901568K), 0.0648799 secs] [Times: user=0.39 sys=0.00, real=0.07 secs] 
4716.560: [GC (Allocation Failure) [PSYoungGen: 434976K->150032K(507392K)] 1077019K->901285K(1905664K), 0.0557973 secs] [Times: user=0.33 sys=0.00, real=0.05 secs] 
4717.958: [GC (Allocation Failure) [PSYoungGen: 474128K->109600K(512512K)] 1225381K->1001924K(1910784K), 0.0715309 secs] [Times: user=0.43 sys=0.00, real=0.07 secs] 
4720.702: [GC (Allocation Failure) [PSYoungGen: 436768K->148720K(511488K)] 1329092K->1147982K(1909760K), 0.0558241 secs] [Times: user=0.33 sys=0.00, real=0.06 secs] 
4722.742: [GC (Allocation Failure) [PSYoungGen: 475888K->111376K(510976K)] 1475150K->1250405K(1909248K), 0.0670762 secs] [Times: user=0.40 sys=0.00, real=0.07 secs] 
4724.663: [GC (Allocation Failure) [PSYoungGen: 437968K->151680K(511488K)] 1576997K->1399170K(1909760K), 0.0556618 secs] [Times: user=0.33 sys=0.00, real=0.06 secs] 
4724.718: [Full GC (Ergonomics) [PSYoungGen: 151680K->0K(511488K)] [ParOldGen: 1247490K->197429K(1398272K)] 1399170K->197429K(1909760K), [Metaspace: 60488K->60488K(1105920K)], 0.4773470 secs] [Times: user=2.20 sys=0.00, real=0.47 secs] 
4728.541: [GC (Allocation Failure) [PSYoungGen: 327680K->106016K(513024K)] 525109K->303445K(1911296K), 0.0882653 secs] [Times: user=0.51 sys=0.00, real=0.09 secs] 
4729.226: [GC (Allocation Failure) [PSYoungGen: 432160K->153872K(480256K)] 629589K->453595K(1878528K), 0.0514651 secs] [Times: user=0.30 sys=0.00, real=0.06 secs] 
4733.616: [GC (Allocation Failure) [PSYoungGen: 477119K->95792K(509440K)] 776842K->548751K(1907712K), 0.1631735 secs] [Times: user=0.97 sys=0.00, real=0.17 secs] 
4734.550: [GC (Allocation Failure) [PSYoungGen: 415280K->150560K(470528K)] 868239K->695471K(1868800K), 0.0543893 secs] [Times: user=0.32 sys=0.00, real=0.05 secs] 
4738.147: [GC (Allocation Failure) [PSYoungGen: 470048K->94336K(507392K)] 1014959K->789611K(1905664K), 0.1458495 secs] [Times: user=0.86 sys=0.01, real=0.14 secs] 
4739.447: [GC (Allocation Failure) [PSYoungGen: 409216K->149808K(464896K)] 1104491K->933817K(1863168K), 0.0828364 secs] [Times: user=0.49 sys=0.00, real=0.09 secs] 
4742.952: [GC (Allocation Failure) [PSYoungGen: 464688K->94128K(505856K)] 1248697K->1027309K(1904128K), 0.1651940 secs] [Times: user=0.98 sys=0.00, real=0.17 secs] 
4743.495: [GC (Allocation Failure) [PSYoungGen: 405936K->148736K(460800K)] 1339117K->1172289K(1859072K), 0.0545657 secs] [Times: user=0.32 sys=0.00, real=0.06 secs] 
4746.970: [GC (Allocation Failure) [PSYoungGen: 460544K->92336K(504320K)] 1484097K->1264434K(1902592K), 0.1283002 secs] [Times: user=0.76 sys=0.00, real=0.13 secs] 
4748.306: [GC (Allocation Failure) [PSYoungGen: 384942K->139712K(448512K)] 1557040K->1400078K(1846784K), 0.0518449 secs] [Times: user=0.31 sys=0.00, real=0.06 secs] 
4748.358: [Full GC (Ergonomics) [PSYoungGen: 139712K->0K(448512K)] [ParOldGen: 1260366K->196648K(1398272K)] 1400078K->196648K(1846784K), [Metaspace: 60488K->60488K(1105920K)], 0.4827354 secs] [Times: user=2.25 sys=0.01, real=0.48 secs] 
4750.533: [GC (Allocation Failure) [PSYoungGen: 308736K->101856K(505344K)] 505384K->298504K(1903616K), 0.0502129 secs] [Times: user=0.30 sys=0.00, real=0.05 secs] 
4752.283: [GC (Allocation Failure) [PSYoungGen: 413664K->144032K(502272K)] 610312K->438897K(1900544K), 0.0486477 secs] [Times: user=0.29 sys=0.00, real=0.05 secs] 
4754.777: [GC (Allocation Failure) [PSYoungGen: 455840K->104016K(504320K)] 750705K->533993K(1902592K), 0.0833089 secs] [Times: user=0.49 sys=0.01, real=0.09 secs] 
4756.394: [GC (Allocation Failure) [PSYoungGen: 420944K->146176K(505344K)] 850921K->676454K(1903616K), 0.0511914 secs] [Times: user=0.30 sys=0.01, real=0.05 secs] 
4759.065: [GC (Allocation Failure) [PSYoungGen: 463104K->106496K(506368K)] 993382K->773174K(1904640K), 0.0889489 secs] [Times: user=0.53 sys=0.00, real=0.09 secs] 
4761.585: [GC (Allocation Failure) [PSYoungGen: 426496K->147760K(507392K)] 1093174K->917203K(1905664K), 0.0529412 secs] [Times: user=0.31 sys=0.00, real=0.06 secs] 
4763.965: [GC (Allocation Failure) [PSYoungGen: 467760K->105920K(507904K)] 1237203K->1014402K(1906176K), 0.0672508 secs] [Times: user=0.39 sys=0.01, real=0.07 secs] 
4766.271: [GC (Allocation Failure) [PSYoungGen: 427456K->149200K(508416K)] 1335938K->1159402K(1906688K), 0.0521747 secs] [Times: user=0.31 sys=0.00, real=0.05 secs] 
4769.462: [GC (Allocation Failure) [PSYoungGen: 470736K->106256K(508928K)] 1480938K->1256910K(1907200K), 0.1727169 secs] [Times: user=1.03 sys=0.00, real=0.17 secs] 
4771.470: [GC (Allocation Failure) [PSYoungGen: 420622K->144672K(508928K)] 1571276K->1397947K(1907200K), 0.0551559 secs] [Times: user=0.32 sys=0.00, real=0.05 secs] 
4771.525: [Full GC (Ergonomics) [PSYoungGen: 144672K->0K(508928K)] [ParOldGen: 1253275K->197477K(1398272K)] 1397947K->197477K(1907200K), [Metaspace: 60505K->60505K(1105920K)], 0.4844362 secs] [Times: user=2.26 sys=0.00, real=0.49 secs] 
4775.271: [GC (Allocation Failure) [PSYoungGen: 322048K->106304K(508416K)] 519525K->303781K(1906688K), 0.0994140 secs] [Times: user=0.49 sys=0.00, real=0.10 secs] 
4777.710: [GC (Allocation Failure) [PSYoungGen: 418319K->144768K(509440K)] 615797K->444629K(1907712K), 0.1211231 secs] [Times: user=0.71 sys=0.00, real=0.12 secs] 
4780.901: [GC (Allocation Failure) [PSYoungGen: 468352K->106928K(508928K)] 768213K->543070K(1907200K), 0.1714354 secs] [Times: user=1.02 sys=0.00, real=0.17 secs] 
4782.168: [GC (Allocation Failure) [PSYoungGen: 433072K->154240K(480768K)] 869214K->693686K(1879040K), 0.0529453 secs] [Times: user=0.31 sys=0.00, real=0.05 secs] 
4784.925: [GC (Allocation Failure) [PSYoungGen: 477982K->95248K(509952K)] 1017429K->788239K(1908224K), 0.1478853 secs] [Times: user=0.88 sys=0.00, real=0.15 secs] 
4786.716: [GC (Allocation Failure) [PSYoungGen: 415760K->152528K(473088K)] 1108751K->936224K(1871360K), 0.0553753 secs] [Times: user=0.32 sys=0.00, real=0.06 secs] 
4789.468: [GC (GCLocker Initiated GC) [PSYoungGen: 473040K->96960K(507392K)] 1256736K->1032651K(1905664K), 0.1708911 secs] [Times: user=1.01 sys=0.00, real=0.17 secs] 
4790.513: [GC (Allocation Failure) [PSYoungGen: 411328K->152016K(466432K)] 1347022K->1178748K(1864704K), 0.0951799 secs] [Times: user=0.57 sys=0.00, real=0.10 secs] 
4794.120: [GC (Allocation Failure) [PSYoungGen: 466384K->90336K(504320K)] 1493116K->1268619K(1902592K), 0.1731804 secs] [Times: user=1.02 sys=0.00, real=0.17 secs] 
4794.944: [GC (Allocation Failure) [PSYoungGen: 399584K->147808K(457216K)] 1577867K->1410656K(1855488K), 0.0625016 secs] [Times: user=0.37 sys=0.01, real=0.06 secs] 
4795.006: [Full GC (Ergonomics) [PSYoungGen: 147808K->0K(457216K)] [ParOldGen: 1262848K->208815K(1398272K)] 1410656K->208815K(1855488K), [Metaspace: 60505K->60505K(1105920K)], 0.4917718 secs] [Times: user=2.29 sys=0.00, real=0.50 secs] 
4798.500: [GC (Allocation Failure) [PSYoungGen: 309248K->90032K(503296K)] 518063K->298848K(1901568K), 0.1648590 secs] [Times: user=0.99 sys=0.00, real=0.16 secs] 
4799.834: [GC (Allocation Failure) [PSYoungGen: 390698K->141568K(448512K)] 599513K->436152K(1846784K), 0.0486522 secs] [Times: user=0.29 sys=0.00, real=0.05 secs] 
4802.468: [GC (Allocation Failure) [PSYoungGen: 448256K->99968K(504320K)] 742840K->527224K(1902592K), 0.0842212 secs] [Times: user=0.50 sys=0.00, real=0.08 secs] 
4803.666: [GC (Allocation Failure) [PSYoungGen: 409216K->143520K(501760K)] 836472K->667017K(1900032K), 0.0487036 secs] [Times: user=0.28 sys=0.00, real=0.05 secs] 
4805.236: [GC (Allocation Failure) [PSYoungGen: 452768K->103632K(500736K)] 976265K->761298K(1899008K), 0.0631758 secs] [Times: user=0.37 sys=0.00, real=0.07 secs] 
4807.087: [GC (Allocation Failure) [PSYoungGen: 416464K->145920K(502784K)] 1074130K->904442K(1901056K), 0.0680948 secs] [Times: user=0.40 sys=0.00, real=0.07 secs] 
4809.266: [GC (Allocation Failure) [PSYoungGen: 458752K->102624K(504832K)] 1217274K->998858K(1903104K), 0.0642460 secs] [Times: user=0.38 sys=0.00, real=0.07 secs] 
4811.283: [GC (Allocation Failure) [PSYoungGen: 419552K->157152K(474112K)] 1315786K->1153007K(1872384K), 0.0521079 secs] [Times: user=0.30 sys=0.00, real=0.05 secs] 
4813.240: [GC (Allocation Failure) [PSYoungGen: 474080K->105312K(506880K)] 1469935K->1241627K(1905152K), 0.0842206 secs] [Times: user=0.50 sys=0.00, real=0.08 secs] 
4816.074: [GC (Allocation Failure) [PSYoungGen: 417120K->143744K(503808K)] 1553435K->1381640K(1902080K), 0.0513572 secs] [Times: user=0.30 sys=0.00, real=0.05 secs] 
4816.126: [Full GC (Ergonomics) [PSYoungGen: 143744K->0K(503808K)] [ParOldGen: 1237896K->188666K(1398272K)] 1381640K->188666K(1902080K), [Metaspace: 60505K->59603K(1105920K)], 0.4567070 secs] [Times: user=2.09 sys=0.00, real=0.46 secs] 
4817.652: [GC (Allocation Failure) [PSYoungGen: 311808K->103376K(503296K)] 500474K->292043K(1901568K), 0.0459375 secs] [Times: user=0.27 sys=0.00, real=0.05 secs] 
4820.722: [GC (Allocation Failure) [PSYoungGen: 417744K->146432K(503808K)] 606411K->434803K(1902080K), 0.0513915 secs] [Times: user=0.30 sys=0.00, real=0.05 secs] 
4822.779: [GC (Allocation Failure) [PSYoungGen: 460800K->103184K(506368K)] 749171K->529652K(1904640K), 0.0915316 secs] [Times: user=0.55 sys=0.00, real=0.09 secs] 
4824.727: [GC (Allocation Failure) [PSYoungGen: 421136K->148992K(506880K)] 847604K->675720K(1905152K), 0.0514165 secs] [Times: user=0.30 sys=0.00, real=0.06 secs] 
4827.389: [GC (Allocation Failure) [PSYoungGen: 466944K->103920K(507392K)] 993672K->770929K(1905664K), 0.0644910 secs] [Times: user=0.39 sys=0.00, real=0.06 secs] 
4829.024: [GC (Allocation Failure) [PSYoungGen: 422384K->150496K(468992K)] 1089393K->918105K(1867264K), 0.0546031 secs] [Times: user=0.33 sys=0.00, real=0.06 secs] 
4830.779: [GC (Allocation Failure) [PSYoungGen: 468960K->105264K(509440K)] 1236569K->1014962K(1907712K), 0.0964270 secs] [Times: user=0.57 sys=0.00, real=0.09 secs] 
4832.814: [GC (Allocation Failure) [PSYoungGen: 422192K->148080K(506368K)] 1331890K->1159615K(1904640K), 0.0527401 secs] [Times: user=0.31 sys=0.00, real=0.06 secs] 
4835.942: [GC (Allocation Failure) [PSYoungGen: 465008K->102560K(507392K)] 1476543K->1253594K(1905664K), 0.1105576 secs] [Times: user=0.60 sys=0.00, real=0.11 secs] 
4837.676: [GC (Allocation Failure) [PSYoungGen: 420512K->148928K(466944K)] 1571546K->1398747K(1865216K), 0.0519286 secs] [Times: user=0.31 sys=0.00, real=0.06 secs] 
4837.728: [Full GC (Ergonomics) [PSYoungGen: 148928K->0K(466944K)] [ParOldGen: 1249819K->197650K(1398272K)] 1398747K->197650K(1865216K), [Metaspace: 59603K->59603K(1105920K)], 0.4776083 secs] [Times: user=2.22 sys=0.00, real=0.47 secs] 
4840.294: [GC (Allocation Failure) [PSYoungGen: 317952K->107200K(509952K)] 515602K->304850K(1908224K), 0.0949638 secs] [Times: user=0.56 sys=0.00, real=0.10 secs] 
4842.132: [GC (Allocation Failure) [PSYoungGen: 417921K->144048K(506880K)] 615571K->444583K(1905152K), 0.0500032 secs] [Times: user=0.30 sys=0.00, real=0.05 secs] 
4845.374: [GC (Allocation Failure) [PSYoungGen: 462000K->105344K(507392K)] 762535K->541095K(1905664K), 0.1725060 secs] [Times: user=1.03 sys=0.00, real=0.17 secs] 
4846.920: [GC (Allocation Failure) [PSYoungGen: 419013K->146080K(507392K)] 854764K->683152K(1905664K), 0.0499483 secs] [Times: user=0.30 sys=0.00, real=0.05 secs] 
4849.554: [GC (GCLocker Initiated GC) [PSYoungGen: 466592K->105776K(508416K)] 1003664K->780048K(1906688K), 0.1728345 secs] [Times: user=1.03 sys=0.00, real=0.17 secs] 
4851.329: [GC (Allocation Failure) [PSYoungGen: 429360K->143520K(509440K)] 1120020K->935778K(1907712K), 0.2579498 secs] [Times: user=1.55 sys=0.00, real=0.25 secs] 
4855.764: [GC (Allocation Failure) [PSYoungGen: 467104K->93456K(512512K)] 1259362K->1028895K(1910784K), 0.4437622 secs] [Times: user=2.66 sys=0.00, real=0.45 secs] 
4856.616: [GC (Allocation Failure) [PSYoungGen: 419088K->158208K(484352K)] 1354527K->1181455K(1882624K), 0.0551052 secs] [Times: user=0.32 sys=0.00, real=0.06 secs] 
4861.355: [GC (Allocation Failure) [PSYoungGen: 483840K->95168K(506880K)] 1507087K->1276479K(1905152K), 0.1542511 secs] [Times: user=0.91 sys=0.00, real=0.16 secs] 
4861.792: [GC (Allocation Failure) [PSYoungGen: 409024K->153152K(467456K)] 1590335K->1423696K(1865728K), 0.0552667 secs] [Times: user=0.33 sys=0.00, real=0.06 secs] 
4861.847: [Full GC (Ergonomics) [PSYoungGen: 153152K->0K(467456K)] [ParOldGen: 1270544K->220649K(1398272K)] 1423696K->220649K(1865728K), [Metaspace: 59603K->59598K(1105920K)], 0.5484256 secs] [Times: user=2.55 sys=0.00, real=0.54 secs] 
4866.224: [GC (Allocation Failure) [PSYoungGen: 313856K->90432K(503808K)] 534505K->311081K(1902080K), 0.1254197 secs] [Times: user=0.75 sys=0.00, real=0.13 secs] 
4866.692: [GC (Allocation Failure) [PSYoungGen: 398144K->150400K(458240K)] 618793K->455574K(1856512K), 0.0544600 secs] [Times: user=0.32 sys=0.00, real=0.05 secs] 
4869.915: [GC (Allocation Failure) [PSYoungGen: 458112K->87136K(501248K)] 763286K->542522K(1899520K), 0.1606904 secs] [Times: user=0.96 sys=0.00, real=0.16 secs] 
4870.416: [GC (Allocation Failure) [PSYoungGen: 390240K->147344K(450560K)] 845626K->684391K(1848832K), 0.0518051 secs] [Times: user=0.31 sys=0.00, real=0.06 secs] 
4874.169: [GC (Allocation Failure) [PSYoungGen: 450448K->88560K(500736K)] 987495K->772723K(1899008K), 0.1645375 secs] [Times: user=0.97 sys=0.00, real=0.16 secs] 
4875.299: [GC (Allocation Failure) [PSYoungGen: 389616K->142496K(499200K)] 1073779K->911171K(1897472K), 0.0492165 secs] [Times: user=0.29 sys=0.00, real=0.05 secs] 
4876.838: [GC (Allocation Failure) [PSYoungGen: 443552K->96128K(497152K)] 1212227K->998552K(1895424K), 0.0834293 secs] [Times: user=0.48 sys=0.00, real=0.08 secs] 
4879.283: [GC (Allocation Failure) [PSYoungGen: 398720K->138720K(498176K)] 1301144K->1133752K(1896448K), 0.0495071 secs] [Times: user=0.29 sys=0.00, real=0.05 secs] 
4880.582: [GC (Allocation Failure) [PSYoungGen: 441312K->103424K(495104K)] 1436344K->1227748K(1893376K), 0.0648079 secs] [Times: user=0.38 sys=0.00, real=0.07 secs] 
4882.529: [GC (Allocation Failure) [PSYoungGen: 412160K->141952K(499200K)] 1536484K->1367585K(1897472K), 0.0529293 secs] [Times: user=0.32 sys=0.00, real=0.05 secs] 
4882.582: [Full GC (Ergonomics) [PSYoungGen: 141952K->0K(499200K)] [ParOldGen: 1225633K->175654K(1398272K)] 1367585K->175654K(1897472K), [Metaspace: 59598K->59598K(1105920K)], 0.4265802 secs] [Times: user=1.97 sys=0.00, real=0.43 secs] 
4884.107: [GC (Allocation Failure) [PSYoungGen: 308736K->104576K(502272K)] 484390K->280230K(1900544K), 0.0341028 secs] [Times: user=0.20 sys=0.00, real=0.03 secs] 
4885.871: [GC (Allocation Failure) [PSYoungGen: 421504K->142784K(504832K)] 597158K->421095K(1903104K), 0.1052417 secs] [Times: user=0.62 sys=0.00, real=0.10 secs] 
4888.581: [GC (Allocation Failure) [PSYoungGen: 459712K->109232K(503296K)] 738023K->520988K(1901568K), 0.0644087 secs] [Times: user=0.38 sys=0.00, real=0.06 secs] 
4890.374: [GC (Allocation Failure) [PSYoungGen: 430768K->146064K(506368K)] 842524K->664561K(1904640K), 0.0532455 secs] [Times: user=0.32 sys=0.00, real=0.06 secs] 
4893.017: [GC (Allocation Failure) [PSYoungGen: 467600K->109456K(508928K)] 986097K->764445K(1907200K), 0.0653850 secs] [Times: user=0.38 sys=0.00, real=0.06 secs] 
4896.025: [GC (Allocation Failure) [PSYoungGen: 435600K->148512K(509952K)] 1090589K->909341K(1908224K), 0.0542633 secs] [Times: user=0.32 sys=0.00, real=0.06 secs] 
4897.598: [GC (Allocation Failure) [PSYoungGen: 474656K->110048K(511488K)] 1235485K->1010549K(1909760K), 0.0950403 secs] [Times: user=0.53 sys=0.00, real=0.09 secs] 
4899.941: [GC (Allocation Failure) [PSYoungGen: 437728K->152480K(480256K)] 1338229K->1159510K(1878528K), 0.0546268 secs] [Times: user=0.32 sys=0.00, real=0.05 secs] 
4901.778: [GC (Allocation Failure) [PSYoungGen: 480160K->111664K(514048K)] 1487190K->1262287K(1912320K), 0.1439431 secs] [Times: user=0.86 sys=0.00, real=0.14 secs] 
4902.582: [GC (Allocation Failure) [PSYoungGen: 437296K->152256K(478208K)] 1587919K->1410547K(1876480K), 0.0539784 secs] [Times: user=0.32 sys=0.00, real=0.05 secs] 
4902.636: [Full GC (Ergonomics) [PSYoungGen: 152256K->0K(478208K)] [ParOldGen: 1258291K->208586K(1398272K)] 1410547K->208586K(1876480K), [Metaspace: 59598K->59598K(1105920K)], 0.4927185 secs] [Times: user=2.30 sys=0.00, real=0.50 secs] 
4908.211: [GC (Allocation Failure) [PSYoungGen: 325632K->94816K(510464K)] 534218K->303402K(1908736K), 0.1409699 secs] [Times: user=0.84 sys=0.00, real=0.14 secs] 
4909.065: [GC (Allocation Failure) [PSYoungGen: 416352K->155936K(477696K)] 624938K->453880K(1875968K), 0.0548986 secs] [Times: user=0.33 sys=0.00, real=0.06 secs] 
4913.139: [GC (Allocation Failure) [PSYoungGen: 477472K->93888K(505856K)] 775416K->547660K(1904128K), 0.1634658 secs] [Times: user=0.96 sys=0.00, real=0.16 secs] 
4913.884: [GC (Allocation Failure) [PSYoungGen: 406208K->151904K(464384K)] 859980K->693749K(1862656K), 0.0553122 secs] [Times: user=0.33 sys=0.00, real=0.06 secs] 
4917.688: [GC (Allocation Failure) [PSYoungGen: 464224K->91520K(503296K)] 1006069K->785013K(1901568K), 0.1555354 secs] [Times: user=0.92 sys=0.00, real=0.15 secs] 
4919.055: [GC (Allocation Failure) [PSYoungGen: 398720K->149232K(456704K)] 1092213K->927575K(1854976K), 0.0540656 secs] [Times: user=0.31 sys=0.00, real=0.06 secs] 
4922.647: [GC (Allocation Failure) [PSYoungGen: 456432K->88320K(501760K)] 1234775K->1015558K(1900032K), 0.1667045 secs] [Times: user=0.99 sys=0.01, real=0.17 secs] 
4923.600: [GC (Allocation Failure) [PSYoungGen: 384601K->138848K(443392K)] 1311840K->1150835K(1841664K), 0.0499336 secs] [Times: user=0.29 sys=0.00, real=0.05 secs] 
4925.396: [GC (Allocation Failure) [PSYoungGen: 442976K->99328K(502784K)] 1454963K->1241755K(1901056K), 0.0637215 secs] [Times: user=0.37 sys=0.00, real=0.07 secs] 
4927.188: [GC (Allocation Failure) [PSYoungGen: 406528K->140352K(499712K)] 1548955K->1379203K(1897984K), 0.0520174 secs] [Times: user=0.31 sys=0.01, real=0.05 secs] 
4927.240: [Full GC (Ergonomics) [PSYoungGen: 140352K->0K(499712K)] [ParOldGen: 1238851K->186109K(1398272K)] 1379203K->186109K(1897984K), [Metaspace: 59599K->59599K(1105920K)], 0.4555233 secs] [Times: user=2.12 sys=0.00, real=0.45 secs] 
4929.640: [GC (Allocation Failure) [PSYoungGen: 307200K->102304K(503296K)] 493309K->288413K(1901568K), 0.0481239 secs] [Times: user=0.28 sys=0.00, real=0.05 secs] 
4931.219: [GC (Allocation Failure) [PSYoungGen: 416160K->143776K(503296K)] 602269K->429250K(1901568K), 0.0694037 secs] [Times: user=0.41 sys=0.01, real=0.07 secs] 
4934.047: [GC (Allocation Failure) [PSYoungGen: 457632K->105504K(503808K)] 743106K->526190K(1902080K), 0.0743908 secs] [Times: user=0.45 sys=0.00, real=0.07 secs] 
4935.979: [GC (Allocation Failure) [PSYoungGen: 423968K->146048K(505856K)] 844654K->668906K(1904128K), 0.0523473 secs] [Times: user=0.31 sys=0.00, real=0.05 secs] 
4938.228: [GC (Allocation Failure) [PSYoungGen: 464512K->107072K(506368K)] 987370K->766455K(1904640K), 0.0876239 secs] [Times: user=0.52 sys=0.00, real=0.08 secs] 
4940.068: [GC (Allocation Failure) [PSYoungGen: 429120K->150016K(507904K)] 1088503K->913371K(1906176K), 0.0538198 secs] [Times: user=0.32 sys=0.00, real=0.05 secs] 
4941.520: [GC (GCLocker Initiated GC) [PSYoungGen: 472064K->107488K(509440K)] 1235421K->1012169K(1907712K), 0.1221685 secs] [Times: user=0.73 sys=0.00, real=0.12 secs] 
4944.276: [GC (Allocation Failure) [PSYoungGen: 430048K->149872K(508928K)] 1334730K->1158200K(1907200K), 0.0529321 secs] [Times: user=0.32 sys=0.00, real=0.06 secs] 
4945.687: [GC (Allocation Failure) [PSYoungGen: 472432K->109472K(508928K)] 1480760K->1258399K(1907200K), 0.0821887 secs] [Times: user=0.49 sys=0.00, real=0.08 secs] 
4946.596: [GC (Allocation Failure) [PSYoungGen: 419554K->144336K(508928K)] 1568482K->1398125K(1907200K), 0.0530762 secs] [Times: user=0.31 sys=0.00, real=0.06 secs] 
4946.649: [Full GC (Ergonomics) [PSYoungGen: 144336K->0K(508928K)] [ParOldGen: 1253788K->196642K(1398272K)] 1398125K->196642K(1907200K), [Metaspace: 59617K->59617K(1105920K)], 0.4849076 secs] [Times: user=2.26 sys=0.00, real=0.48 secs] 
4950.748: [GC (Allocation Failure) [PSYoungGen: 322560K->109344K(507392K)] 519202K->305986K(1905664K), 0.0692688 secs] [Times: user=0.41 sys=0.00, real=0.07 secs] 
4952.463: [GC (Allocation Failure) [PSYoungGen: 434464K->152480K(509440K)] 631106K->453879K(1907712K), 0.0524506 secs] [Times: user=0.31 sys=0.00, real=0.05 secs] 
4955.468: [GC (Allocation Failure) [PSYoungGen: 473882K->94704K(510464K)] 775281K->548147K(1908736K), 0.1463872 secs] [Times: user=0.87 sys=0.01, real=0.14 secs] 
4956.443: [GC (Allocation Failure) [PSYoungGen: 416240K->152096K(474112K)] 869683K->696400K(1872384K), 0.0543279 secs] [Times: user=0.33 sys=0.00, real=0.06 secs] 
4959.588: [GC (Allocation Failure) [PSYoungGen: 473632K->95968K(507904K)] 1017936K->792096K(1906176K), 0.1647187 secs] [Times: user=0.97 sys=0.01, real=0.16 secs] 
4960.027: [GC (Allocation Failure) [PSYoungGen: 411872K->153344K(469504K)] 1108000K->939417K(1867776K), 0.0550802 secs] [Times: user=0.33 sys=0.00, real=0.05 secs] 
4962.852: [GC (Allocation Failure) [PSYoungGen: 469248K->93312K(504832K)] 1255321K->1032001K(1903104K), 0.1333002 secs] [Times: user=0.79 sys=0.00, real=0.13 secs] 
4963.495: [GC (Allocation Failure) [PSYoungGen: 403072K->149328K(459264K)] 1341761K->1175578K(1857536K), 0.0685664 secs] [Times: user=0.41 sys=0.00, real=0.07 secs] 
4966.677: [GC (Allocation Failure) [PSYoungGen: 459088K->89936K(503296K)] 1485338K->1265290K(1901568K), 0.1492567 secs] [Times: user=0.89 sys=0.00, real=0.14 secs] 
4967.221: [GC (Allocation Failure) [PSYoungGen: 396624K->148608K(455680K)] 1571978K->1407994K(1853952K), 0.0533831 secs] [Times: user=0.32 sys=0.00, real=0.05 secs] 
4967.275: [Full GC (Ergonomics) [PSYoungGen: 148608K->0K(455680K)] [ParOldGen: 1259386K->206207K(1398272K)] 1407994K->206207K(1853952K), [Metaspace: 59617K->59617K(1105920K)], 0.4904323 secs] [Times: user=2.28 sys=0.00, real=0.49 secs] 
4970.180: [GC (Allocation Failure) [PSYoungGen: 306688K->90176K(502272K)] 512895K->296383K(1900544K), 0.1811085 secs] [Times: user=1.07 sys=0.00, real=0.18 secs] 
4972.475: [GC (Allocation Failure) [PSYoungGen: 394304K->142784K(500736K)] 600511K->434981K(1899008K), 0.0486934 secs] [Times: user=0.28 sys=0.00, real=0.05 secs] 
4974.643: [GC (Allocation Failure) [PSYoungGen: 446912K->96384K(498176K)] 739109K->522469K(1896448K), 0.1372879 secs] [Times: user=0.80 sys=0.01, real=0.14 secs] 
4975.935: [GC (Allocation Failure) [PSYoungGen: 401536K->143168K(499712K)] 827621K->662518K(1897984K), 0.0487604 secs] [Times: user=0.28 sys=0.00, real=0.05 secs] 
4979.196: [GC (Allocation Failure) [PSYoungGen: 448320K->98448K(499712K)] 967670K->751990K(1897984K), 0.0761736 secs] [Times: user=0.46 sys=0.00, real=0.08 secs] 
4980.528: [GC (Allocation Failure) [PSYoungGen: 407696K->144144K(501760K)] 1061238K->893719K(1900032K), 0.0509752 secs] [Times: user=0.30 sys=0.00, real=0.05 secs] 
4982.156: [GC (Allocation Failure) [PSYoungGen: 453392K->102896K(500736K)] 1202967K->987643K(1899008K), 0.0775978 secs] [Times: user=0.46 sys=0.00, real=0.08 secs] 
4983.883: [GC (Allocation Failure) [PSYoungGen: 415216K->144464K(502784K)] 1299963K->1130444K(1901056K), 0.0849000 secs] [Times: user=0.51 sys=0.00, real=0.09 secs] 
4985.813: [GC (Allocation Failure) [PSYoungGen: 456784K->101984K(503808K)] 1442764K->1223948K(1902080K), 0.0664043 secs] [Times: user=0.39 sys=0.00, real=0.07 secs] 
4987.828: [GC (Allocation Failure) [PSYoungGen: 418400K->142672K(505344K)] 1540364K->1364925K(1903616K), 0.1463930 secs] [Times: user=0.86 sys=0.01, real=0.14 secs] 
4987.974: [Full GC (Ergonomics) [PSYoungGen: 142672K->0K(505344K)] [ParOldGen: 1222252K->171688K(1398272K)] 1364925K->171688K(1903616K), [Metaspace: 59618K->59618K(1105920K)], 0.4593619 secs] [Times: user=2.18 sys=0.00, real=0.46 secs] 
4991.590: [GC (Allocation Failure) [PSYoungGen: 316416K->105568K(503808K)] 488104K->277256K(1902080K), 0.0867653 secs] [Times: user=0.51 sys=0.00, real=0.09 secs] 
4993.466: [GC (Allocation Failure) [PSYoungGen: 425568K->148288K(506368K)] 597256K->422109K(1904640K), 0.0536293 secs] [Times: user=0.31 sys=0.00, real=0.06 secs] 
4995.986: [GC (Allocation Failure) [PSYoungGen: 468288K->104640K(509440K)] 742109K->517813K(1907712K), 0.0659327 secs] [Times: user=0.39 sys=0.00, real=0.07 secs] 
4997.793: [GC (Allocation Failure) [PSYoungGen: 426688K->149632K(472064K)] 839861K->664906K(1870336K), 0.0531098 secs] [Times: user=0.31 sys=0.00, real=0.05 secs] 
4999.027: [GC (Allocation Failure) [PSYoungGen: 471680K->108608K(512000K)] 986954K->764494K(1910272K), 0.0896652 secs] [Times: user=0.53 sys=0.00, real=0.08 secs] 
5000.741: [GC (Allocation Failure) [PSYoungGen: 430144K->149792K(508416K)] 1086030K->911003K(1906688K), 0.0542056 secs] [Times: user=0.32 sys=0.00, real=0.05 secs] 
5002.900: [GC (Allocation Failure) [PSYoungGen: 471328K->106384K(508928K)] 1232539K->1008651K(1907200K), 0.0662053 secs] [Times: user=0.39 sys=0.00, real=0.06 secs] 
5005.007: [GC (Allocation Failure) [PSYoungGen: 428432K->150192K(472576K)] 1330699K->1155652K(1870848K), 0.0534852 secs] [Times: user=0.31 sys=0.00, real=0.06 secs] 
5008.107: [GC (Allocation Failure) [PSYoungGen: 472240K->103216K(510976K)] 1477700K->1250428K(1909248K), 0.1487249 secs] [Times: user=0.89 sys=0.00, real=0.14 secs] 
5009.941: [GC (Allocation Failure) [PSYoungGen: 423728K->151808K(472576K)] 1570940K->1398024K(1870848K), 0.0519761 secs] [Times: user=0.31 sys=0.00, real=0.05 secs] 
5009.993: [Full GC (Ergonomics) [PSYoungGen: 151808K->0K(472576K)] [ParOldGen: 1246216K->196002K(1398272K)] 1398024K->196002K(1870848K), [Metaspace: 59618K->59618K(1105920K)], 0.4707118 secs] [Times: user=2.16 sys=0.00, real=0.47 secs] 
5012.447: [GC (Allocation Failure) [PSYoungGen: 320512K->105280K(509952K)] 516514K->301283K(1908224K), 0.0813317 secs] [Times: user=0.48 sys=0.00, real=0.08 secs] 
5013.612: [GC (Allocation Failure) [PSYoungGen: 418541K->145616K(506880K)] 614544K->443064K(1905152K), 0.0495479 secs] [Times: user=0.30 sys=0.00, real=0.05 secs] 
5014.997: [GC (Allocation Failure) [PSYoungGen: 463568K->106112K(505344K)] 761016K->540239K(1903616K), 0.1033818 secs] [Times: user=0.62 sys=0.00, real=0.10 secs] 
5017.323: [GC (Allocation Failure) [PSYoungGen: 425600K->145536K(506880K)] 859727K->681588K(1905152K), 0.0509457 secs] [Times: user=0.30 sys=0.00, real=0.05 secs] 
5019.619: [GC (Allocation Failure) [PSYoungGen: 465024K->106976K(507904K)] 1001076K->779596K(1906176K), 0.1420481 secs] [Times: user=0.84 sys=0.00, real=0.14 secs] 
5021.276: [GC (Allocation Failure) [PSYoungGen: 422554K->144720K(508928K)] 1095174K->920398K(1907200K), 0.0514455 secs] [Times: user=0.31 sys=0.00, real=0.06 secs] 
5022.861: [GC (Allocation Failure) [PSYoungGen: 467280K->111456K(506368K)] 1242958K->1022573K(1904640K), 0.1080498 secs] [Times: user=0.64 sys=0.00, real=0.11 secs] 
5023.973: [GC (GCLocker Initiated GC) [PSYoungGen: 436576K->150592K(508928K)] 1347694K->1169699K(1907200K), 0.1158963 secs] [Times: user=0.68 sys=0.00, real=0.12 secs] 
5026.554: [GC (Allocation Failure) [PSYoungGen: 475712K->100112K(512512K)] 1494821K->1269126K(1910784K), 0.1325950 secs] [Times: user=0.79 sys=0.00, real=0.14 secs] 
5027.148: [GC (Allocation Failure) [PSYoungGen: 425232K->156176K(481792K)] 1594246K->1419435K(1880064K), 0.0574286 secs] [Times: user=0.34 sys=0.00, real=0.05 secs] 
5027.205: [Full GC (Ergonomics) [PSYoungGen: 156176K->0K(481792K)] [ParOldGen: 1263258K->218123K(1398272K)] 1419435K->218123K(1880064K), [Metaspace: 59618K->59618K(1105920K)], 0.5211034 secs] [Times: user=2.43 sys=0.00, real=0.52 secs] 
5031.638: [GC (Allocation Failure) [PSYoungGen: 325120K->96592K(507904K)] 543243K->314715K(1906176K), 0.1299710 secs] [Times: user=0.78 sys=0.00, real=0.13 secs] 
5032.542: [GC (Allocation Failure) [PSYoungGen: 413008K->149664K(466432K)] 631131K->458651K(1864704K), 0.1237659 secs] [Times: user=0.74 sys=0.00, real=0.12 secs] 
5035.590: [GC (Allocation Failure) [PSYoungGen: 466080K->94368K(506368K)] 775067K->552723K(1904640K), 0.1772841 secs] [Times: user=1.05 sys=0.00, real=0.18 secs] 
5036.342: [GC (GCLocker Initiated GC) [PSYoungGen: 407200K->147712K(460800K)] 865557K->694577K(1859072K), 0.1136796 secs] [Times: user=0.66 sys=0.01, real=0.11 secs] 
5039.481: [GC (Allocation Failure) [PSYoungGen: 460544K->90080K(505344K)] 1007412K->784324K(1903616K), 0.1286818 secs] [Times: user=0.76 sys=0.00, real=0.13 secs] 
5040.392: [GC (Allocation Failure) [PSYoungGen: 400864K->148256K(459264K)] 1095108K->926992K(1857536K), 0.0756501 secs] [Times: user=0.45 sys=0.00, real=0.08 secs] 
5043.063: [GC (Allocation Failure) [PSYoungGen: 459040K->91968K(504320K)] 1237776K->1018697K(1902592K), 0.1669037 secs] [Times: user=0.99 sys=0.00, real=0.17 secs] 
5044.061: [GC (Allocation Failure) [PSYoungGen: 400192K->148992K(457728K)] 1326921K->1161565K(1856000K), 0.0540747 secs] [Times: user=0.32 sys=0.00, real=0.05 secs] 
5047.219: [GC (Allocation Failure) [PSYoungGen: 457216K->89632K(502784K)] 1469789K->1250425K(1901056K), 0.1218964 secs] [Times: user=0.72 sys=0.00, real=0.12 secs] 
5050.256: [GC (Allocation Failure) [PSYoungGen: 394784K->141200K(501248K)] 1555577K->1387407K(1899520K), 0.1143654 secs] [Times: user=0.67 sys=0.01, real=0.12 secs] 
5050.371: [Full GC (Ergonomics) [PSYoungGen: 141200K->0K(501248K)] [ParOldGen: 1246206K->195026K(1398272K)] 1387407K->195026K(1899520K), [Metaspace: 59621K->59621K(1105920K)], 0.5198450 secs] [Times: user=2.48 sys=0.00, real=0.52 secs] 
5052.754: [GC (Allocation Failure) [PSYoungGen: 305152K->98752K(498176K)] 500178K->293778K(1896448K), 0.0308883 secs] [Times: user=0.18 sys=0.00, real=0.03 secs] 
5054.966: [GC (Allocation Failure) [PSYoungGen: 405440K->143200K(499712K)] 600466K->433543K(1897984K), 0.0484845 secs] [Times: user=0.28 sys=0.00, real=0.05 secs] 
5056.277: [GC (Allocation Failure) [PSYoungGen: 449888K->105536K(498688K)] 740231K->530039K(1896960K), 0.0626260 secs] [Times: user=0.37 sys=0.00, real=0.06 secs] 
5058.993: [GC (Allocation Failure) [PSYoungGen: 417344K->146016K(501760K)] 841847K->668428K(1900032K), 0.0507950 secs] [Times: user=0.30 sys=0.00, real=0.05 secs] 
5060.399: [GC (Allocation Failure) [PSYoungGen: 457824K->104896K(504320K)] 980236K->764404K(1902592K), 0.0647689 secs] [Times: user=0.38 sys=0.00, real=0.06 secs] 
5063.138: [GC (Allocation Failure) [PSYoungGen: 421312K->144928K(505344K)] 1080820K->905889K(1903616K), 0.0514884 secs] [Times: user=0.31 sys=0.00, real=0.05 secs] 
5064.605: [GC (Allocation Failure) [PSYoungGen: 461344K->107008K(504320K)] 1222305K->1003473K(1902592K), 0.0883496 secs] [Times: user=0.52 sys=0.00, real=0.09 secs] 
5066.339: [GC (Allocation Failure) [PSYoungGen: 426496K->148128K(506368K)] 1322961K->1148206K(1904640K), 0.0531735 secs] [Times: user=0.32 sys=0.00, real=0.05 secs] 
5068.964: [GC (Allocation Failure) [PSYoungGen: 467616K->109856K(506880K)] 1467694K->1248714K(1905152K), 0.0658032 secs] [Times: user=0.38 sys=0.01, real=0.07 secs] 
5069.966: [GC (Allocation Failure) [PSYoungGen: 431904K->148976K(507904K)] 1570762K->1394467K(1906176K), 0.0578829 secs] [Times: user=0.34 sys=0.00, real=0.06 secs] 
5070.024: [Full GC (Ergonomics) [PSYoungGen: 148976K->0K(507904K)] [ParOldGen: 1245490K->193387K(1398272K)] 1394467K->193387K(1906176K), [Metaspace: 59621K->59621K(1105920K)], 0.4680030 secs] [Times: user=2.18 sys=0.00, real=0.47 secs] 
5073.100: [GC (Allocation Failure) [PSYoungGen: 322048K->107840K(509440K)] 515435K->301227K(1907712K), 0.0320793 secs] [Times: user=0.19 sys=0.00, real=0.03 secs] 
5075.256: [GC (Allocation Failure) [PSYoungGen: 430297K->147440K(509440K)] 623684K->445312K(1907712K), 0.0513162 secs] [Times: user=0.31 sys=0.00, real=0.06 secs] 
5077.632: [GC (Allocation Failure) [PSYoungGen: 471024K->107488K(509440K)] 768896K->543435K(1907712K), 0.0939022 secs] [Times: user=0.56 sys=0.00, real=0.09 secs] 
5078.981: [GC (Allocation Failure) [PSYoungGen: 419225K->144256K(509952K)] 855173K->683408K(1908224K), 0.0508125 secs] [Times: user=0.30 sys=0.00, real=0.05 secs] 
5082.566: [GC (Allocation Failure) [PSYoungGen: 468864K->106336K(509952K)] 1008016K->780812K(1908224K), 0.1600970 secs] [Times: user=0.89 sys=0.01, real=0.16 secs] 
5083.656: [GC (Allocation Failure) [PSYoungGen: 420789K->145408K(510976K)] 1095266K->921725K(1909248K), 0.0514070 secs] [Times: user=0.31 sys=0.00, real=0.06 secs] 
5087.296: [GC (Allocation Failure) [PSYoungGen: 472064K->107728K(510976K)] 1248381K->1020478K(1909248K), 0.0726328 secs] [Times: user=0.36 sys=0.00, real=0.08 secs] 
5088.339: [GC (Allocation Failure) [PSYoungGen: 436432K->156096K(484864K)] 1349182K->1172750K(1883136K), 0.0771355 secs] [Times: user=0.45 sys=0.01, real=0.07 secs] 
5093.470: [GC (Allocation Failure) [PSYoungGen: 484800K->94880K(510464K)] 1501454K->1267482K(1908736K), 0.1693842 secs] [Times: user=1.01 sys=0.00, real=0.17 secs] 
5094.511: [GC (GCLocker Initiated GC) [PSYoungGen: 416416K->153296K(475136K)] 1589018K->1415492K(1873408K), 0.0780651 secs] [Times: user=0.46 sys=0.00, real=0.08 secs] 
5094.589: [Full GC (Ergonomics) [PSYoungGen: 153296K->0K(475136K)] [ParOldGen: 1262195K->212235K(1398272K)] 1415492K->212235K(1873408K), [Metaspace: 59621K->59621K(1105920K)], 0.5025319 secs] [Times: user=2.32 sys=0.00, real=0.50 secs] 
5097.996: [GC (Allocation Failure) [PSYoungGen: 321536K->93632K(506880K)] 533774K->305870K(1905152K), 0.1379016 secs] [Times: user=0.82 sys=0.01, real=0.14 secs] 
5098.680: [GC (Allocation Failure) [PSYoungGen: 407488K->149440K(463360K)] 619726K->449746K(1861632K), 0.0609111 secs] [Times: user=0.36 sys=0.00, real=0.06 secs] 
5101.780: [GC (Allocation Failure) [PSYoungGen: 463296K->91936K(505344K)] 763602K->541770K(1903616K), 0.1588971 secs] [Times: user=0.94 sys=0.00, real=0.16 secs] 
5102.804: [GC (Allocation Failure) [PSYoungGen: 402720K->165376K(476672K)] 852554K->700918K(1874944K), 0.0538195 secs] [Times: user=0.32 sys=0.00, real=0.06 secs] 
5105.076: [GC (Allocation Failure) [PSYoungGen: 476160K->93216K(498176K)] 1011702K->777226K(1896448K), 0.1607744 secs] [Times: user=0.96 sys=0.00, real=0.17 secs] 
5106.705: [GC (Allocation Failure) [PSYoungGen: 388939K->139008K(435200K)] 1072949K->911927K(1833472K), 0.0840964 secs] [Times: user=0.50 sys=0.00, real=0.09 secs] 
5109.185: [GC (Allocation Failure) [PSYoungGen: 434944K->96064K(497152K)] 1207863K->999591K(1895424K), 0.1082336 secs] [Times: user=0.64 sys=0.01, real=0.11 secs] 
5111.130: [GC (Allocation Failure) [PSYoungGen: 394560K->138736K(494592K)] 1298087K->1134252K(1892864K), 0.0478849 secs] [Times: user=0.28 sys=0.00, real=0.05 secs] 
5113.395: [GC (Allocation Failure) [PSYoungGen: 437232K->97488K(500224K)] 1432748K->1222748K(1898496K), 0.0640503 secs] [Times: user=0.36 sys=0.00, real=0.07 secs] 
5116.468: [GC (Allocation Failure) [PSYoungGen: 404176K->145408K(499200K)] 1529436K->1365296K(1897472K), 0.0500369 secs] [Times: user=0.30 sys=0.00, real=0.05 secs] 
5116.518: [Full GC (Ergonomics) [PSYoungGen: 145408K->0K(499200K)] [ParOldGen: 1219888K->165004K(1398272K)] 1365296K->165004K(1897472K), [Metaspace: 59621K->59621K(1105920K)], 0.3917269 secs] [Times: user=1.80 sys=0.00, real=0.39 secs] 
5118.499: [GC (Allocation Failure) [PSYoungGen: 306688K->104384K(500736K)] 471692K->269388K(1899008K), 0.0432982 secs] [Times: user=0.26 sys=0.00, real=0.04 secs] 
5119.587: [GC (Allocation Failure) [PSYoungGen: 416704K->141184K(502784K)] 581708K->409340K(1901056K), 0.0541442 secs] [Times: user=0.32 sys=0.00, real=0.05 secs] 
5121.262: [GC (Allocation Failure) [PSYoungGen: 453504K->106752K(500736K)] 721660K->506761K(1899008K), 0.0647572 secs] [Times: user=0.38 sys=0.01, real=0.07 secs] 
5122.877: [GC (Allocation Failure) [PSYoungGen: 424192K->153312K(504320K)] 824201K->659033K(1902592K), 0.0539786 secs] [Times: user=0.32 sys=0.00, real=0.05 secs] 
5124.686: [GC (Allocation Failure) [PSYoungGen: 470752K->107568K(508416K)] 976473K->749898K(1906688K), 0.0686609 secs] [Times: user=0.40 sys=0.00, real=0.07 secs] 
5127.432: [GC (Allocation Failure) [PSYoungGen: 426032K->145248K(506880K)] 1068362K->893394K(1905152K), 0.0550460 secs] [Times: user=0.33 sys=0.00, real=0.06 secs] 
5129.537: [GC (Allocation Failure) [PSYoungGen: 463712K->108096K(505856K)] 1211858K->992710K(1904128K), 0.0708699 secs] [Times: user=0.42 sys=0.00, real=0.07 secs] 
5132.076: [GC (Allocation Failure) [PSYoungGen: 428608K->146096K(507392K)] 1313222K->1136804K(1905664K), 0.0545395 secs] [Times: user=0.32 sys=0.01, real=0.06 secs] 
5134.262: [GC (Allocation Failure) [PSYoungGen: 466608K->107296K(507392K)] 1457316K->1235431K(1905664K), 0.0707145 secs] [Times: user=0.42 sys=0.00, real=0.07 secs] 
5136.063: [GC (Allocation Failure) [PSYoungGen: 430880K->149536K(508928K)] 1559015K->1382544K(1907200K), 0.0551678 secs] [Times: user=0.33 sys=0.00, real=0.06 secs] 
5136.118: [Full GC (Ergonomics) [PSYoungGen: 149536K->0K(508928K)] [ParOldGen: 1233008K->178137K(1398272K)] 1382544K->178137K(1907200K), [Metaspace: 59660K->59660K(1105920K)], 0.4292384 secs] [Times: user=1.98 sys=0.00, real=0.43 secs] 
5138.355: [GC (Allocation Failure) [PSYoungGen: 323584K->109664K(509952K)] 501721K->287801K(1908224K), 0.1092753 secs] [Times: user=0.64 sys=0.00, real=0.11 secs] 
5140.581: [GC (Allocation Failure) [PSYoungGen: 434272K->149056K(509952K)] 612409K->433097K(1908224K), 0.0541415 secs] [Times: user=0.32 sys=0.00, real=0.05 secs] 
5141.899: [GC (Allocation Failure) [PSYoungGen: 473664K->109904K(510464K)] 757705K->533482K(1908736K), 0.0654116 secs] [Times: user=0.39 sys=0.00, real=0.06 secs] 
5143.965: [GC (Allocation Failure) [PSYoungGen: 435024K->151328K(476672K)] 858602K->681462K(1874944K), 0.0541160 secs] [Times: user=0.32 sys=0.00, real=0.06 secs] 
5148.030: [GC (Allocation Failure) [PSYoungGen: 476448K->106080K(512512K)] 1006582K->779150K(1910784K), 0.1792462 secs] [Times: user=1.06 sys=0.00, real=0.18 secs] 
5149.262: [GC (Allocation Failure) [PSYoungGen: 417703K->146304K(509952K)] 1090773K->921351K(1908224K), 0.0512335 secs] [Times: user=0.30 sys=0.00, real=0.05 secs] 
5151.478: [GC (Allocation Failure) [PSYoungGen: 469888K->105264K(509952K)] 1244935K->1017612K(1908224K), 0.1315068 secs] [Times: user=0.77 sys=0.00, real=0.13 secs] 
5153.979: [GC (Allocation Failure) [PSYoungGen: 420772K->145856K(510464K)] 1333120K->1159128K(1908736K), 0.0507894 secs] [Times: user=0.30 sys=0.00, real=0.05 secs] 
5155.662: [GC (Allocation Failure) [PSYoungGen: 470464K->112304K(508416K)] 1483736K->1262529K(1906688K), 0.1112459 secs] [Times: user=0.66 sys=0.00, real=0.11 secs] 
5156.686: [GC (Allocation Failure) [PSYoungGen: 437936K->150752K(509952K)] 1588161K->1409489K(1908224K), 0.0539504 secs] [Times: user=0.32 sys=0.00, real=0.06 secs] 
5156.740: [Full GC (Ergonomics) [PSYoungGen: 150752K->0K(509952K)] [ParOldGen: 1258737K->208109K(1398272K)] 1409489K->208109K(1908224K), [Metaspace: 59660K->59660K(1105920K)], 0.4840436 secs] [Times: user=2.25 sys=0.00, real=0.48 secs] 
5161.980: [GC (Allocation Failure) [PSYoungGen: 325632K->95936K(512000K)] 533741K->304045K(1910272K), 0.1400187 secs] [Times: user=0.81 sys=0.02, real=0.14 secs] 
5163.280: [GC (Allocation Failure) [PSYoungGen: 420544K->156112K(480768K)] 628653K->454092K(1879040K), 0.0553651 secs] [Times: user=0.33 sys=0.00, real=0.05 secs] 
5165.798: [GC (Allocation Failure) [PSYoungGen: 480720K->99872K(507904K)] 778700K->553299K(1906176K), 0.1437634 secs] [Times: user=0.86 sys=0.00, real=0.14 secs] 
5166.305: [GC (Allocation Failure) [PSYoungGen: 415264K->149568K(465408K)] 868691K->696956K(1863680K), 0.0804828 secs] [Times: user=0.47 sys=0.00, real=0.08 secs] 
5169.771: [GC (GCLocker Initiated GC) [PSYoungGen: 464960K->90640K(505856K)] 1012348K->787125K(1904128K), 0.1646813 secs] [Times: user=0.98 sys=0.00, real=0.16 secs] 
5170.426: [GC (Allocation Failure) [PSYoungGen: 403472K->169152K(482304K)] 1099960K->949764K(1880576K), 0.0564297 secs] [Times: user=0.34 sys=0.00, real=0.06 secs] 
5174.276: [GC (Allocation Failure) [PSYoungGen: 481984K->91648K(497152K)] 1262596K->1024876K(1895424K), 0.1650409 secs] [Times: user=0.98 sys=0.00, real=0.17 secs] 
5174.931: [GC (Allocation Failure) [PSYoungGen: 370174K->132576K(427008K)] 1303402K->1151433K(1825280K), 0.0504934 secs] [Times: user=0.29 sys=0.00, real=0.05 secs] 
5177.074: [GC (Allocation Failure) [PSYoungGen: 426976K->94000K(493568K)] 1445833K->1236654K(1891840K), 0.0760883 secs] [Times: user=0.45 sys=0.00, real=0.08 secs] 
5179.026: [GC (Allocation Failure) [PSYoungGen: 390448K->135680K(491520K)] 1533102K->1368641K(1889792K), 0.0482740 secs] [Times: user=0.28 sys=0.00, real=0.05 secs] 
5179.075: [Full GC (Ergonomics) [PSYoungGen: 135680K->0K(491520K)] [ParOldGen: 1232961K->175306K(1398272K)] 1368641K->175306K(1889792K), [Metaspace: 59660K->59660K(1105920K)], 0.4207379 secs] [Times: user=1.96 sys=0.00, real=0.42 secs] 
5181.708: [GC (Allocation Failure) [PSYoungGen: 296448K->100048K(500736K)] 471754K->275355K(1899008K), 0.0360402 secs] [Times: user=0.21 sys=0.00, real=0.03 secs] 
5182.591: [GC (Allocation Failure) [PSYoungGen: 409808K->142512K(499712K)] 585115K->415688K(1897984K), 0.0518907 secs] [Times: user=0.31 sys=0.00, real=0.05 secs] 
5185.296: [GC (Allocation Failure) [PSYoungGen: 452272K->104112K(502784K)] 725448K->510064K(1901056K), 0.0658532 secs] [Times: user=0.39 sys=0.00, real=0.07 secs] 
5186.721: [GC (Allocation Failure) [PSYoungGen: 422064K->146608K(505344K)] 828016K->654772K(1903616K), 0.0528835 secs] [Times: user=0.31 sys=0.00, real=0.05 secs] 
5187.880: [GC (Allocation Failure) [PSYoungGen: 464560K->108320K(506368K)] 972724K->753828K(1904640K), 0.0773154 secs] [Times: user=0.46 sys=0.00, real=0.08 secs] 
5190.283: [GC (Allocation Failure) [PSYoungGen: 429344K->147008K(507392K)] 1074852K->898009K(1905664K), 0.0534035 secs] [Times: user=0.31 sys=0.00, real=0.05 secs] 
5191.538: [GC (Allocation Failure) [PSYoungGen: 468032K->110688K(507904K)] 1219033K->999649K(1906176K), 0.0663948 secs] [Times: user=0.39 sys=0.00, real=0.06 secs] 
5194.105: [GC (Allocation Failure) [PSYoungGen: 434272K->145984K(508928K)] 1323233K->1143789K(1907200K), 0.0841450 secs] [Times: user=0.50 sys=0.00, real=0.09 secs] 
5196.137: [GC (Allocation Failure) [PSYoungGen: 469568K->108416K(509440K)] 1467373K->1243766K(1907712K), 0.0664539 secs] [Times: user=0.39 sys=0.00, real=0.06 secs] 
5198.883: [GC (Allocation Failure) [PSYoungGen: 434560K->151200K(510464K)] 1569910K->1391902K(1908736K), 0.0547302 secs] [Times: user=0.32 sys=0.00, real=0.06 secs] 
5198.938: [Full GC (Ergonomics) [PSYoungGen: 151200K->0K(510464K)] [ParOldGen: 1240702K->190881K(1398272K)] 1391902K->190881K(1908736K), [Metaspace: 59660K->59660K(1105920K)], 0.4660161 secs] [Times: user=2.18 sys=0.00, real=0.46 secs] 
5201.765: [GC (Allocation Failure) [PSYoungGen: 326144K->110432K(511488K)] 517025K->301313K(1909760K), 0.0656390 secs] [Times: user=0.39 sys=0.01, real=0.07 secs] 
5204.447: [GC (Allocation Failure) [PSYoungGen: 432374K->145856K(510976K)] 623256K->443658K(1909248K), 0.0523620 secs] [Times: user=0.31 sys=0.00, real=0.05 secs] 
5206.845: [GC (Allocation Failure) [PSYoungGen: 472000K->106496K(511488K)] 769802K->541670K(1909760K), 0.1670596 secs] [Times: user=1.00 sys=0.00, real=0.17 secs] 
5208.920: [GC (Allocation Failure) [PSYoungGen: 419792K->145072K(512000K)] 854967K->682576K(1910272K), 0.0509250 secs] [Times: user=0.30 sys=0.00, real=0.05 secs] 
5211.951: [GC (Allocation Failure) [PSYoungGen: 472752K->108768K(509952K)] 1010256K->782827K(1908224K), 0.1681064 secs] [Times: user=1.00 sys=0.00, real=0.17 secs] 
5213.665: [GC (Allocation Failure) [PSYoungGen: 437472K->154400K(483328K)] 1111531K->933240K(1881600K), 0.0531516 secs] [Times: user=0.32 sys=0.00, real=0.06 secs] 
5216.441: [GC (Allocation Failure) [PSYoungGen: 483104K->101952K(512512K)] 1261944K->1034448K(1910784K), 0.1719703 secs] [Times: user=1.03 sys=0.00, real=0.17 secs] 
5217.423: [GC (Allocation Failure) [PSYoungGen: 426560K->153120K(478208K)] 1359056K->1181411K(1876480K), 0.0841447 secs] [Times: user=0.50 sys=0.00, real=0.09 secs] 
5219.845: [GC (Allocation Failure) [PSYoungGen: 477728K->101712K(509952K)] 1506019K->1282468K(1908224K), 0.1504870 secs] [Times: user=0.89 sys=0.00, real=0.15 secs] 
5221.895: [GC (Allocation Failure) [PSYoungGen: 421200K->149632K(469504K)] 1601956K->1425732K(1867776K), 0.1647737 secs] [Times: user=0.97 sys=0.01, real=0.17 secs] 
5222.060: [Full GC (Ergonomics) [PSYoungGen: 149632K->0K(469504K)] [ParOldGen: 1276100K->223742K(1398272K)] 1425732K->223742K(1867776K), [Metaspace: 59660K->59660K(1105920K)], 0.5778447 secs] [Times: user=2.76 sys=0.00, real=0.58 secs] 
5225.962: [GC (Allocation Failure) [PSYoungGen: 319488K->93696K(507904K)] 543230K->317438K(1906176K), 0.1049969 secs] [Times: user=0.62 sys=0.01, real=0.11 secs] 
5227.529: [GC (Allocation Failure) [PSYoungGen: 410112K->151216K(467968K)] 633854K->462696K(1866240K), 0.1301274 secs] [Times: user=0.77 sys=0.00, real=0.13 secs] 
5231.550: [GC (Allocation Failure) [PSYoungGen: 467632K->96160K(505856K)] 779112K->558639K(1904128K), 0.1526089 secs] [Times: user=0.90 sys=0.00, real=0.15 secs] 
5231.952: [GC (Allocation Failure) [PSYoungGen: 407968K->151920K(463872K)] 870447K->700609K(1862144K), 0.0552551 secs] [Times: user=0.33 sys=0.00, real=0.06 secs] 
5235.329: [GC (Allocation Failure) [PSYoungGen: 463728K->89376K(503296K)] 1012417K->789816K(1901568K), 0.1649481 secs] [Times: user=0.97 sys=0.01, real=0.16 secs] 
5235.776: [GC (Allocation Failure) [PSYoungGen: 396576K->149856K(457216K)] 1097016K->933769K(1855488K), 0.0545771 secs] [Times: user=0.32 sys=0.00, real=0.06 secs] 
5238.568: [GC (Allocation Failure) [PSYoungGen: 457056K->91840K(501760K)] 1240969K->1025361K(1900032K), 0.1539088 secs] [Times: user=0.91 sys=0.00, real=0.15 secs] 
5239.441: [GC (Allocation Failure) [PSYoungGen: 394944K->145920K(500224K)] 1328465K->1165338K(1898496K), 0.0543282 secs] [Times: user=0.32 sys=0.01, real=0.05 secs] 
5241.580: [GC (Allocation Failure) [PSYoungGen: 449024K->91376K(499712K)] 1468442K->1256275K(1897984K), 0.0949153 secs] [Times: user=0.56 sys=0.00, real=0.09 secs] 
5242.027: [GC (Allocation Failure) [PSYoungGen: 382895K->138272K(500224K)] 1547793K->1388647K(1898496K), 0.0493375 secs] [Times: user=0.29 sys=0.00, real=0.05 secs] 
5242.077: [Full GC (Ergonomics) [PSYoungGen: 138272K->0K(500224K)] [ParOldGen: 1250375K->196590K(1398272K)] 1388647K->196590K(1898496K), [Metaspace: 59660K->59660K(1105920K)], 0.4870105 secs] [Times: user=2.27 sys=0.00, real=0.48 secs] 
5245.729: [GC (Allocation Failure) [PSYoungGen: 303616K->95120K(499200K)] 500206K->291711K(1897472K), 0.0301499 secs] [Times: user=0.17 sys=0.00, real=0.03 secs] 
5247.336: [GC (Allocation Failure) [PSYoungGen: 402320K->142224K(500224K)] 598911K->430659K(1898496K), 0.0475992 secs] [Times: user=0.28 sys=0.00, real=0.05 secs] 
5250.521: [GC (Allocation Failure) [PSYoungGen: 449424K->103104K(499200K)] 737859K->524283K(1897472K), 0.0635435 secs] [Times: user=0.37 sys=0.00, real=0.06 secs] 
5252.214: [GC (Allocation Failure) [PSYoungGen: 415424K->141120K(502272K)] 836603K->663020K(1900544K), 0.0514017 secs] [Times: user=0.30 sys=0.00, real=0.05 secs] 
5255.123: [GC (Allocation Failure) [PSYoungGen: 453440K->107152K(501248K)] 975340K->760604K(1899520K), 0.0643506 secs] [Times: user=0.38 sys=0.00, real=0.07 secs] 
5256.830: [GC (Allocation Failure) [PSYoungGen: 425616K->143808K(504832K)] 1079068K->902140K(1903104K), 0.0536676 secs] [Times: user=0.32 sys=0.00, real=0.05 secs] 
5259.177: [GC (Allocation Failure) [PSYoungGen: 462272K->109808K(506368K)] 1220604K->1002341K(1904640K), 0.0652591 secs] [Times: user=0.39 sys=0.01, real=0.07 secs] 
5260.510: [GC (Allocation Failure) [PSYoungGen: 433904K->155680K(508416K)] 1326437K->1154989K(1906688K), 0.0550627 secs] [Times: user=0.32 sys=0.00, real=0.05 secs] 
5263.443: [GC (Allocation Failure) [PSYoungGen: 479776K->111056K(510464K)] 1479085K->1249042K(1908736K), 0.0662220 secs] [Times: user=0.39 sys=0.00, real=0.07 secs] 
5265.819: [GC (Allocation Failure) [PSYoungGen: 433104K->147872K(508416K)] 1571090K->1393690K(1906688K), 0.1538546 secs] [Times: user=0.92 sys=0.00, real=0.15 secs] 
5265.973: [Full GC (Ergonomics) [PSYoungGen: 147872K->0K(508416K)] [ParOldGen: 1245818K->192606K(1398272K)] 1393690K->192606K(1906688K), [Metaspace: 59660K->59660K(1105920K)], 0.5139033 secs] [Times: user=2.46 sys=0.00, real=0.51 secs] 
5268.299: [GC (Allocation Failure) [PSYoungGen: 322048K->107392K(508928K)] 514654K->299998K(1907200K), 0.0321917 secs] [Times: user=0.19 sys=0.01, real=0.03 secs] 
5269.763: [GC (Allocation Failure) [PSYoungGen: 426127K->147904K(509440K)] 618734K->444283K(1907712K), 0.0516306 secs] [Times: user=0.30 sys=0.00, real=0.05 secs] 
5272.732: [GC (Allocation Failure) [PSYoungGen: 471488K->108544K(509440K)] 767867K->543351K(1907712K), 0.0971233 secs] [Times: user=0.58 sys=0.00, real=0.10 secs] 
5273.432: [GC (Allocation Failure) [PSYoungGen: 433152K->151200K(476160K)] 867959K->691320K(1874432K), 0.0782447 secs] [Times: user=0.46 sys=0.00, real=0.08 secs] 
5275.672: [GC (Allocation Failure) [PSYoungGen: 475808K->98032K(510976K)] 1015928K->788733K(1909248K), 0.1668578 secs] [Times: user=0.99 sys=0.00, real=0.17 secs] 
5276.368: [GC (Allocation Failure) [PSYoungGen: 419568K->155936K(477696K)] 1110269K->939325K(1875968K), 0.0565832 secs] [Times: user=0.34 sys=0.00, real=0.05 secs] 
5279.902: [GC (Allocation Failure) [PSYoungGen: 477472K->99168K(507392K)] 1260861K->1038245K(1905664K), 0.1627607 secs] [Times: user=0.97 sys=0.00, real=0.16 secs] 
5280.561: [GC (Allocation Failure) [PSYoungGen: 413024K->152672K(466944K)] 1352101K->1180246K(1865216K), 0.0560027 secs] [Times: user=0.33 sys=0.00, real=0.06 secs] 
5283.964: [GC (Allocation Failure) [PSYoungGen: 466528K->90912K(503808K)] 1494102K->1270866K(1902080K), 0.1392912 secs] [Times: user=0.83 sys=0.00, real=0.14 secs] 
5284.658: [GC (Allocation Failure) [PSYoungGen: 399648K->148448K(457216K)] 1579602K->1413619K(1855488K), 0.0549426 secs] [Times: user=0.32 sys=0.00, real=0.05 secs] 
5284.713: [Full GC (Ergonomics) [PSYoungGen: 148448K->0K(457216K)] [ParOldGen: 1265171K->212147K(1398272K)] 1413619K->212147K(1855488K), [Metaspace: 59660K->59660K(1105920K)], 0.5074408 secs] [Times: user=2.36 sys=0.00, real=0.51 secs] 
5287.559: [GC (Allocation Failure) [PSYoungGen: 308736K->90400K(502784K)] 520883K->302547K(1901056K), 0.1192124 secs] [Times: user=0.71 sys=0.00, real=0.12 secs] 
5289.164: [GC (Allocation Failure) [PSYoungGen: 380793K->137744K(444416K)] 592940K->434209K(1842688K), 0.0483126 secs] [Times: user=0.29 sys=0.00, real=0.05 secs] 
5290.335: [GC (Allocation Failure) [PSYoungGen: 443920K->103056K(503296K)] 740385K->528553K(1901568K), 0.0613306 secs] [Times: user=0.36 sys=0.00, real=0.07 secs] 
5293.056: [GC (Allocation Failure) [PSYoungGen: 412304K->142720K(500224K)] 837801K->667658K(1898496K), 0.0495439 secs] [Times: user=0.29 sys=0.00, real=0.05 secs] 
5294.606: [GC (Allocation Failure) [PSYoungGen: 451968K->102400K(504320K)] 976906K->761346K(1902592K), 0.0918978 secs] [Times: user=0.54 sys=0.01, real=0.10 secs] 
5298.007: [GC (Allocation Failure) [PSYoungGen: 418816K->145760K(504832K)] 1077762K->903206K(1903104K), 0.0508744 secs] [Times: user=0.30 sys=0.00, real=0.05 secs] 
5299.820: [GC (Allocation Failure) [PSYoungGen: 462176K->106560K(505856K)] 1219622K->1000498K(1904128K), 0.0649903 secs] [Times: user=0.39 sys=0.01, real=0.06 secs] 
5301.417: [GC (Allocation Failure) [PSYoungGen: 426048K->149536K(506880K)] 1319986K->1146735K(1905152K), 0.0525213 secs] [Times: user=0.31 sys=0.00, real=0.05 secs] 
5304.398: [GC (Allocation Failure) [PSYoungGen: 469024K->108448K(507392K)] 1466223K->1246215K(1905664K), 0.0652779 secs] [Times: user=0.39 sys=0.00, real=0.06 secs] 
5306.397: [GC (Allocation Failure) [PSYoungGen: 425018K->145104K(507904K)] 1562786K->1387897K(1906176K), 0.1381196 secs] [Times: user=0.82 sys=0.00, real=0.13 secs] 
5306.535: [Full GC (Ergonomics) [PSYoungGen: 145104K->0K(507904K)] [ParOldGen: 1242792K->195865K(1398272K)] 1387897K->195865K(1906176K), [Metaspace: 59660K->59660K(1105920K)], 0.5283673 secs] [Times: user=2.53 sys=0.00, real=0.53 secs] 
5309.460: [GC (Allocation Failure) [PSYoungGen: 321024K->105328K(508416K)] 516889K->301194K(1906688K), 0.0548267 secs] [Times: user=0.31 sys=0.01, real=0.05 secs] 
5312.325: [GC (Allocation Failure) [PSYoungGen: 423048K->145024K(509440K)] 618913K->442858K(1907712K), 0.0930761 secs] [Times: user=0.55 sys=0.00, real=0.10 secs] 
5314.825: [GC (Allocation Failure) [PSYoungGen: 468608K->106784K(509440K)] 766442K->541282K(1907712K), 0.1284937 secs] [Times: user=0.76 sys=0.00, real=0.13 secs] 
5316.694: [GC (Allocation Failure) [PSYoungGen: 419550K->144032K(510464K)] 854048K->681579K(1908736K), 0.0970710 secs] [Times: user=0.57 sys=0.00, real=0.10 secs] 
5319.436: [GC (Allocation Failure) [PSYoungGen: 469664K->108368K(509952K)] 1007211K->781495K(1908224K), 0.0723125 secs] [Times: user=0.42 sys=0.01, real=0.08 secs] 
5321.442: [GC (Allocation Failure) [PSYoungGen: 436560K->152576K(481280K)] 1109687K->929684K(1879552K), 0.1402602 secs] [Times: user=0.82 sys=0.00, real=0.14 secs] 
5326.257: [GC (Allocation Failure) [PSYoungGen: 477650K->96016K(512000K)] 1254758K->1024632K(1910272K), 0.1706271 secs] [Times: user=1.01 sys=0.00, real=0.17 secs] 
5327.022: [GC (Allocation Failure) [PSYoungGen: 420112K->154368K(478720K)] 1348728K->1174661K(1876992K), 0.0566066 secs] [Times: user=0.34 sys=0.00, real=0.06 secs] 
5329.763: [GC (Allocation Failure) [PSYoungGen: 478464K->100304K(508928K)] 1498757K->1274569K(1907200K), 0.1719928 secs] [Times: user=1.02 sys=0.00, real=0.17 secs] 
5331.586: [GC (Allocation Failure) [PSYoungGen: 417232K->150656K(467968K)] 1591497K->1418514K(1866240K), 0.0571618 secs] [Times: user=0.34 sys=0.00, real=0.06 secs] 
5331.643: [Full GC (Ergonomics) [PSYoungGen: 150656K->0K(467968K)] [ParOldGen: 1267858K->216835K(1398272K)] 1418514K->216835K(1866240K), [Metaspace: 59725K->59725K(1105920K)], 0.5208994 secs] [Times: user=2.44 sys=0.00, real=0.52 secs] 
5334.551: [GC (Allocation Failure) [PSYoungGen: 316928K->95456K(506880K)] 533763K->312291K(1905152K), 0.1437050 secs] [Times: user=0.86 sys=0.00, real=0.14 secs] 
5336.288: [GC (Allocation Failure) [PSYoungGen: 409312K->148976K(462848K)] 626147K->455645K(1861120K), 0.1514557 secs] [Times: user=0.90 sys=0.00, real=0.15 secs] 
5339.680: [GC (Allocation Failure) [PSYoungGen: 462832K->91536K(505344K)] 769501K->546797K(1903616K), 0.1708850 secs] [Times: user=1.01 sys=0.00, real=0.17 secs] 
5340.479: [GC (Allocation Failure) [PSYoungGen: 402320K->151648K(462848K)] 857581K->692101K(1861120K), 0.0544532 secs] [Times: user=0.32 sys=0.00, real=0.05 secs] 
5342.903: [GC (Allocation Failure) [PSYoungGen: 462432K->92672K(503296K)] 1002885K->784573K(1901568K), 0.1709299 secs] [Times: user=1.01 sys=0.00, real=0.17 secs] 
5343.683: [GC (Allocation Failure) [PSYoungGen: 398848K->146784K(453120K)] 1090749K->925222K(1851392K), 0.0563480 secs] [Times: user=0.33 sys=0.00, real=0.06 secs] 
5346.763: [GC (Allocation Failure) [PSYoungGen: 452960K->90736K(502784K)] 1231398K->1015391K(1901056K), 0.0994060 secs] [Times: user=0.59 sys=0.00, real=0.10 secs] 
5347.356: [GC (Allocation Failure) [PSYoungGen: 382617K->138752K(444416K)] 1307272K->1149999K(1842688K), 0.0497375 secs] [Times: user=0.29 sys=0.00, real=0.05 secs] 
5349.975: [GC (Allocation Failure) [PSYoungGen: 443904K->98160K(503296K)] 1455151K->1239620K(1901568K), 0.0629325 secs] [Times: user=0.37 sys=0.01, real=0.07 secs] 
5351.740: [GC (Allocation Failure) [PSYoungGen: 406384K->142848K(500224K)] 1547844K->1378824K(1898496K), 0.0484037 secs] [Times: user=0.29 sys=0.00, real=0.05 secs] 
5351.789: [Full GC (Ergonomics) [PSYoungGen: 142848K->0K(500224K)] [ParOldGen: 1235976K->185815K(1398272K)] 1378824K->185815K(1898496K), [Metaspace: 59725K->59725K(1105920K)], 0.4509075 secs] [Times: user=2.10 sys=0.00, real=0.45 secs] 
5354.320: [GC (Allocation Failure) [PSYoungGen: 308224K->101121K(502784K)] 494039K->286936K(1901056K), 0.0431517 secs] [Times: user=0.25 sys=0.00, real=0.04 secs] 
5356.574: [GC (Allocation Failure) [PSYoungGen: 414977K->143760K(503808K)] 600792K->427381K(1902080K), 0.0508314 secs] [Times: user=0.30 sys=0.00, real=0.05 secs] 
5358.694: [GC (Allocation Failure) [PSYoungGen: 456082K->106320K(502272K)] 739703K->524605K(1900544K), 0.0649273 secs] [Times: user=0.38 sys=0.01, real=0.07 secs] 
5360.229: [GC (Allocation Failure) [PSYoungGen: 423760K->145280K(504832K)] 842045K->667457K(1903104K), 0.0525164 secs] [Times: user=0.31 sys=0.00, real=0.05 secs] 
5362.801: [GC (Allocation Failure) [PSYoungGen: 462720K->107392K(505856K)] 984897K->765357K(1904128K), 0.0646373 secs] [Times: user=0.38 sys=0.00, real=0.06 secs] 
5364.738: [GC (Allocation Failure) [PSYoungGen: 428928K->147760K(507392K)] 1086893K->910059K(1905664K), 0.0537237 secs] [Times: user=0.31 sys=0.00, real=0.05 secs] 
5367.496: [GC (Allocation Failure) [PSYoungGen: 469296K->107792K(508928K)] 1231595K->1008703K(1907200K), 0.0652928 secs] [Times: user=0.39 sys=0.00, real=0.07 secs] 
5370.046: [GC (Allocation Failure) [PSYoungGen: 431888K->149632K(509440K)] 1332799K->1155127K(1907712K), 0.0946015 secs] [Times: user=0.56 sys=0.00, real=0.10 secs] 
5372.094: [GC (Allocation Failure) [PSYoungGen: 473728K->107360K(510464K)] 1479223K->1253831K(1908736K), 0.0693597 secs] [Times: user=0.41 sys=0.00, real=0.07 secs] 
5374.380: [GC (Allocation Failure) [PSYoungGen: 426196K->148208K(509952K)] 1572668K->1398423K(1908224K), 0.1460272 secs] [Times: user=0.75 sys=0.00, real=0.14 secs] 
5374.526: [Full GC (Ergonomics) [PSYoungGen: 148208K->0K(509952K)] [ParOldGen: 1250214K->196418K(1398272K)] 1398423K->196418K(1908224K), [Metaspace: 59725K->59725K(1105920K)], 0.5327748 secs] [Times: user=2.31 sys=0.00, real=0.54 secs] 
5377.545: [GC (Allocation Failure) [PSYoungGen: 324096K->107360K(509952K)] 520514K->303778K(1908224K), 0.0975434 secs] [Times: user=0.58 sys=0.00, real=0.10 secs] 
5379.385: [GC (Allocation Failure) [PSYoungGen: 431456K->167808K(492032K)] 627874K->468311K(1890304K), 0.0799423 secs] [Times: user=0.47 sys=0.00, real=0.08 secs] 
5382.220: [GC (Allocation Failure) [PSYoungGen: 491904K->98816K(504832K)] 792407K->550359K(1903104K), 0.1508493 secs] [Times: user=0.89 sys=0.00, real=0.15 secs] 
5383.203: [GC (Allocation Failure) [PSYoungGen: 408064K->149216K(458752K)] 859607K->693784K(1857024K), 0.0548681 secs] [Times: user=0.32 sys=0.00, real=0.06 secs] 
5385.771: [GC (Allocation Failure) [PSYoungGen: 458464K->91536K(503296K)] 1003032K->784853K(1901568K), 0.1648301 secs] [Times: user=0.98 sys=0.00, real=0.16 secs] 
5387.219: [GC (Allocation Failure) [PSYoungGen: 388918K->139680K(446976K)] 1082234K->920429K(1845248K), 0.0510401 secs] [Times: user=0.30 sys=0.00, real=0.05 secs] 
5388.391: [GC (Allocation Failure) [PSYoungGen: 446880K->100800K(503808K)] 1227629K->1012281K(1902080K), 0.0846983 secs] [Times: user=0.51 sys=0.00, real=0.08 secs] 
5390.455: [GC (Allocation Failure) [PSYoungGen: 410560K->144064K(501248K)] 1322041K->1153046K(1899520K), 0.0502273 secs] [Times: user=0.29 sys=0.00, real=0.05 secs] 
5392.303: [GC (Allocation Failure) [PSYoungGen: 453824K->103536K(502784K)] 1462806K->1248062K(1901056K), 0.0649913 secs] [Times: user=0.39 sys=0.00, real=0.07 secs] 
5394.725: [GC (Allocation Failure) [PSYoungGen: 418416K->144848K(504320K)] 1562942K->1389431K(1902592K), 0.0516630 secs] [Times: user=0.31 sys=0.00, real=0.06 secs] 
5394.777: [Full GC (Ergonomics) [PSYoungGen: 144848K->0K(504320K)] [ParOldGen: 1244583K->188322K(1398272K)] 1389431K->188322K(1902592K), [Metaspace: 59725K->59725K(1105920K)], 0.4610368 secs] [Times: user=2.13 sys=0.00, real=0.46 secs] 
5396.607: [GC (Allocation Failure) [PSYoungGen: 314880K->108032K(503808K)] 503202K->296354K(1902080K), 0.0325557 secs] [Times: user=0.19 sys=0.00, real=0.03 secs] 
5398.514: [GC (Allocation Failure) [PSYoungGen: 426496K->145056K(505856K)] 614818K->438095K(1904128K), 0.0544874 secs] [Times: user=0.32 sys=0.00, real=0.06 secs] 
5400.546: [GC (Allocation Failure) [PSYoungGen: 463520K->108592K(505856K)] 756559K->537464K(1904128K), 0.0900457 secs] [Times: user=0.51 sys=0.00, real=0.09 secs] 
5401.608: [GC (Allocation Failure) [PSYoungGen: 429201K->148864K(507904K)] 858073K->682996K(1906176K), 0.0529551 secs] [Times: user=0.31 sys=0.01, real=0.05 secs] 
5403.832: [GC (Allocation Failure) [PSYoungGen: 471424K->107920K(510464K)] 1005556K->782025K(1908736K), 0.1165230 secs] [Times: user=0.69 sys=0.00, real=0.12 secs] 
5404.890: [GC (Allocation Failure) [PSYoungGen: 433040K->152992K(478208K)] 1107145K->931685K(1876480K), 0.0531800 secs] [Times: user=0.32 sys=0.00, real=0.05 secs] 
5407.841: [GC (Allocation Failure) [PSYoungGen: 478112K->100880K(510464K)] 1256805K->1032305K(1908736K), 0.1730491 secs] [Times: user=1.03 sys=0.00, real=0.17 secs] 
5408.904: [GC (Allocation Failure) [PSYoungGen: 421392K->150208K(471040K)] 1352817K->1177321K(1869312K), 0.1077534 secs] [Times: user=0.64 sys=0.00, real=0.11 secs] 
5412.660: [GC (Allocation Failure) [PSYoungGen: 470720K->94688K(508416K)] 1497833K->1271874K(1906688K), 0.1717585 secs] [Times: user=1.02 sys=0.01, real=0.17 secs] 
5413.860: [GC (Allocation Failure) [PSYoungGen: 411616K->152848K(470016K)] 1588802K->1418687K(1868288K), 0.0558173 secs] [Times: user=0.34 sys=0.00, real=0.05 secs] 
5413.916: [Full GC (Ergonomics) [PSYoungGen: 152848K->0K(470016K)] [ParOldGen: 1265838K->215775K(1398272K)] 1418687K->215775K(1868288K), [Metaspace: 59725K->59725K(1105920K)], 0.5157549 secs] [Times: user=2.40 sys=0.00, real=0.52 secs] 
5417.628: [GC (Allocation Failure) [PSYoungGen: 316928K->92112K(505344K)] 532703K->307888K(1903616K), 0.0910567 secs] [Times: user=0.53 sys=0.00, real=0.09 secs] 
5418.023: [GC (Allocation Failure) [PSYoungGen: 402896K->151536K(462336K)] 618672K->453513K(1860608K), 0.0536859 secs] [Times: user=0.32 sys=0.00, real=0.05 secs] 
5420.770: [GC (Allocation Failure) [PSYoungGen: 462320K->89440K(502784K)] 764297K->542560K(1901056K), 0.1014311 secs] [Times: user=0.60 sys=0.00, real=0.10 secs] 
5421.310: [GC (Allocation Failure) [PSYoungGen: 395104K->145056K(501760K)] 848224K->681833K(1900032K), 0.0522096 secs] [Times: user=0.31 sys=0.01, real=0.05 secs] 
5424.304: [GC (Allocation Failure) [PSYoungGen: 450720K->91392K(500736K)] 987497K->772213K(1899008K), 0.1682724 secs] [Times: user=0.99 sys=0.00, real=0.17 secs] 
5425.520: [GC (Allocation Failure) [PSYoungGen: 396005K->143168K(501248K)] 1076826K->911110K(1899520K), 0.0500885 secs] [Times: user=0.29 sys=0.00, real=0.05 secs] 
5426.666: [GC (Allocation Failure) [PSYoungGen: 448832K->102752K(496128K)] 1216774K->1004990K(1894400K), 0.0924597 secs] [Times: user=0.55 sys=0.01, real=0.10 secs] 
5429.181: [GC (Allocation Failure) [PSYoungGen: 409440K->139168K(499200K)] 1311678K->1141031K(1897472K), 0.0506942 secs] [Times: user=0.30 sys=0.01, real=0.05 secs] 
5431.397: [GC (Allocation Failure) [PSYoungGen: 445856K->100352K(499712K)] 1447719K->1232667K(1897984K), 0.0636518 secs] [Times: user=0.38 sys=0.00, real=0.06 secs] 
5434.439: [GC (Allocation Failure) [PSYoungGen: 414720K->146624K(503296K)] 1547035K->1374959K(1901568K), 0.0504917 secs] [Times: user=0.29 sys=0.01, real=0.05 secs] 
5434.489: [Full GC (Ergonomics) [PSYoungGen: 146624K->0K(503296K)] [ParOldGen: 1228335K->183205K(1398272K)] 1374959K->183205K(1901568K), [Metaspace: 59725K->59725K(1105920K)], 0.4297893 secs] [Times: user=1.97 sys=0.00, real=0.43 secs] 
5435.979: [GC (Allocation Failure) [PSYoungGen: 314368K->108480K(503808K)] 497573K->291685K(1902080K), 0.0331634 secs] [Times: user=0.19 sys=0.01, real=0.03 secs] 
5438.446: [GC (Allocation Failure) [PSYoungGen: 426432K->148160K(505344K)] 609637K->432331K(1903616K), 0.0522759 secs] [Times: user=0.31 sys=0.00, real=0.06 secs] 
5439.612: [GC (Allocation Failure) [PSYoungGen: 466112K->108416K(506880K)] 750283K->532163K(1905152K), 0.0667300 secs] [Times: user=0.38 sys=0.02, real=0.07 secs] 
5441.419: [GC (Allocation Failure) [PSYoungGen: 428928K->150560K(507392K)] 852675K->679423K(1905664K), 0.0530491 secs] [Times: user=0.31 sys=0.00, real=0.05 secs] 
5443.963: [GC (Allocation Failure) [PSYoungGen: 471072K->104960K(508928K)] 999935K->775824K(1907200K), 0.0649953 secs] [Times: user=0.38 sys=0.00, real=0.07 secs] 
5446.322: [GC (Allocation Failure) [PSYoungGen: 424960K->147712K(507904K)] 1095824K->920044K(1906176K), 0.0521417 secs] [Times: user=0.31 sys=0.01, real=0.05 secs] 
5449.440: [GC (Allocation Failure) [PSYoungGen: 467712K->106816K(507392K)] 1240044K->1017900K(1905664K), 0.0689078 secs] [Times: user=0.40 sys=0.00, real=0.07 secs] 
5451.559: [GC (Allocation Failure) [PSYoungGen: 420041K->144848K(507904K)] 1331126K->1159202K(1906176K), 0.0513640 secs] [Times: user=0.30 sys=0.00, real=0.05 secs] 
5453.175: [GC (Allocation Failure) [PSYoungGen: 465360K->107008K(507392K)] 1479714K->1257401K(1905664K), 0.0972761 secs] [Times: user=0.58 sys=0.00, real=0.10 secs] 
5455.560: [GC (Allocation Failure) [PSYoungGen: 415374K->143696K(508928K)] 1565768K->1397171K(1907200K), 0.0519223 secs] [Times: user=0.31 sys=0.00, real=0.05 secs] 
5455.612: [Full GC (Ergonomics) [PSYoungGen: 143696K->0K(508928K)] [ParOldGen: 1253474K->195988K(1398272K)] 1397171K->195988K(1907200K), [Metaspace: 59725K->59725K(1105920K)], 0.4802418 secs] [Times: user=2.23 sys=0.01, real=0.48 secs] 
5457.849: [GC (Allocation Failure) [PSYoungGen: 323072K->105792K(508928K)] 519060K->301780K(1907200K), 0.1032995 secs] [Times: user=0.61 sys=0.00, real=0.10 secs] 
5459.384: [GC (Allocation Failure) [PSYoungGen: 420750K->145184K(510464K)] 616738K->443280K(1908736K), 0.0496948 secs] [Times: user=0.29 sys=0.01, real=0.05 secs] 
5462.381: [GC (Allocation Failure) [PSYoungGen: 471328K->106464K(510976K)] 769424K->541048K(1909248K), 0.1683590 secs] [Times: user=1.00 sys=0.01, real=0.17 secs] 
5464.198: [GC (Allocation Failure) [PSYoungGen: 435168K->152880K(481792K)] 869752K->689689K(1880064K), 0.1122739 secs] [Times: user=0.67 sys=0.00, real=0.11 secs] 
5467.137: [GC (Allocation Failure) [PSYoungGen: 481584K->99008K(512000K)] 1018393K->788481K(1910272K), 0.1512522 secs] [Times: user=0.90 sys=0.00, real=0.15 secs] 
5467.845: [GC (Allocation Failure) [PSYoungGen: 423104K->155776K(480256K)] 1112577K->938293K(1878528K), 0.0570334 secs] [Times: user=0.34 sys=0.00, real=0.06 secs] 
5471.255: [GC (Allocation Failure) [PSYoungGen: 479872K->95264K(507392K)] 1262389K->1033397K(1905664K), 0.1663994 secs] [Times: user=0.98 sys=0.01, real=0.17 secs] 
5472.105: [GC (Allocation Failure) [PSYoungGen: 410656K->153472K(468992K)] 1348789K->1180750K(1867264K), 0.0558659 secs] [Times: user=0.33 sys=0.00, real=0.06 secs] 
5474.785: [GC (Allocation Failure) [PSYoungGen: 468864K->93696K(504832K)] 1496142K->1274158K(1903104K), 0.1575741 secs] [Times: user=0.94 sys=0.00, real=0.16 secs] 
5475.285: [GC (Allocation Failure) [PSYoungGen: 402944K->148896K(458240K)] 1583406K->1417059K(1856512K), 0.0556083 secs] [Times: user=0.33 sys=0.00, real=0.06 secs] 
5475.341: [Full GC (Ergonomics) [PSYoungGen: 148896K->0K(458240K)] [ParOldGen: 1268163K->215516K(1398272K)] 1417059K->215516K(1856512K), [Metaspace: 59725K->59705K(1105920K)], 0.5226975 secs] [Times: user=2.43 sys=0.00, real=0.52 secs] 
5478.654: [GC (GCLocker Initiated GC) [PSYoungGen: 309248K->89904K(503296K)] 524765K->305422K(1901568K), 0.1472884 secs] [Times: user=0.87 sys=0.01, real=0.15 secs] 
5479.353: [GC (Allocation Failure) [PSYoungGen: 396592K->148672K(455680K)] 612162K->448302K(1853952K), 0.0523366 secs] [Times: user=0.31 sys=0.01, real=0.05 secs] 
5482.340: [GC (Allocation Failure) [PSYoungGen: 455360K->90960K(502272K)] 754990K->538998K(1900544K), 0.1704726 secs] [Times: user=1.01 sys=0.00, real=0.17 secs] 
5483.723: [GC (Allocation Failure) [PSYoungGen: 391632K->139936K(444416K)] 839671K->674486K(1842688K), 0.0498323 secs] [Times: user=0.29 sys=0.00, real=0.05 secs] 
5484.899: [GC (Allocation Failure) [PSYoungGen: 444064K->103120K(504320K)] 978614K->768707K(1902592K), 0.0635415 secs] [Times: user=0.37 sys=0.00, real=0.06 secs] 
5486.639: [GC (Allocation Failure) [PSYoungGen: 411344K->150992K(500224K)] 1076931K->915824K(1898496K), 0.0517630 secs] [Times: user=0.30 sys=0.01, real=0.05 secs] 
5489.399: [GC (Allocation Failure) [PSYoungGen: 459216K->102432K(503296K)] 1224048K->1000755K(1901568K), 0.0643733 secs] [Times: user=0.38 sys=0.00, real=0.06 secs] 
5490.158: [GC (Allocation Failure) [PSYoungGen: 412704K->146672K(502784K)] 1311027K->1144289K(1901056K), 0.0518974 secs] [Times: user=0.30 sys=0.00, real=0.05 secs] 
5491.949: [GC (Allocation Failure) [PSYoungGen: 456944K->101632K(502272K)] 1454561K->1236988K(1900544K), 0.0653596 secs] [Times: user=0.39 sys=0.00, real=0.06 secs] 
5493.452: [GC (Allocation Failure) [PSYoungGen: 413440K->144512K(503296K)] 1548796K->1378297K(1901568K), 0.0519751 secs] [Times: user=0.30 sys=0.01, real=0.05 secs] 
5493.504: [Full GC (Ergonomics) [PSYoungGen: 144512K->0K(503296K)] [ParOldGen: 1233785K->185019K(1398272K)] 1378297K->185019K(1901568K), [Metaspace: 59705K->59705K(1105920K)], 0.4537551 secs] [Times: user=2.11 sys=0.00, real=0.46 secs] 
5495.013: [GC (Allocation Failure) [PSYoungGen: 311808K->106656K(500736K)] 496827K->291675K(1899008K), 0.0327716 secs] [Times: user=0.19 sys=0.00, real=0.03 secs] 
5498.071: [GC (Allocation Failure) [PSYoungGen: 421024K->145616K(503296K)] 606043K->431837K(1901568K), 0.0518042 secs] [Times: user=0.31 sys=0.00, real=0.05 secs] 
5499.442: [GC (Allocation Failure) [PSYoungGen: 459984K->104624K(505856K)] 746205K->527277K(1904128K), 0.0656845 secs] [Times: user=0.38 sys=0.02, real=0.07 secs] 
5502.256: [GC (GCLocker Initiated GC) [PSYoungGen: 423600K->149552K(506880K)] 846253K->672878K(1905152K), 0.0759392 secs] [Times: user=0.45 sys=0.00, real=0.08 secs] 
5504.475: [GC (Allocation Failure) [PSYoungGen: 468528K->106224K(507392K)] 991857K->770617K(1905664K), 0.0655291 secs] [Times: user=0.38 sys=0.00, real=0.07 secs] 
5506.022: [GC (Allocation Failure) [PSYoungGen: 425712K->147808K(507392K)] 1090105K->914797K(1905664K), 0.0532623 secs] [Times: user=0.31 sys=0.00, real=0.05 secs] 
5509.721: [GC (Allocation Failure) [PSYoungGen: 467296K->107392K(507392K)] 1234285K->1012753K(1905664K), 0.0649236 secs] [Times: user=0.38 sys=0.00, real=0.06 secs] 
5512.412: [GC (Allocation Failure) [PSYoungGen: 427904K->146064K(507904K)] 1333265K->1155247K(1906176K), 0.0523334 secs] [Times: user=0.31 sys=0.00, real=0.05 secs] 
5515.031: [GC (Allocation Failure) [PSYoungGen: 466576K->104352K(507904K)] 1475759K->1250574K(1906176K), 0.0993868 secs] [Times: user=0.59 sys=0.01, real=0.10 secs] 
5516.481: [GC (Allocation Failure) [PSYoungGen: 426014K->150720K(508928K)] 1572236K->1397571K(1907200K), 0.0540847 secs] [Times: user=0.32 sys=0.00, real=0.05 secs] 
5516.535: [Full GC (Ergonomics) [PSYoungGen: 150720K->0K(508928K)] [ParOldGen: 1246851K->196717K(1398272K)] 1397571K->196717K(1907200K), [Metaspace: 59705K->59705K(1105920K)], 0.4860770 secs] [Times: user=2.26 sys=0.00, real=0.49 secs] 
5518.763: [GC (Allocation Failure) [PSYoungGen: 322560K->103680K(510464K)] 519277K->300397K(1908736K), 0.0685344 secs] [Times: user=0.40 sys=0.00, real=0.07 secs] 
5520.296: [GC (Allocation Failure) [PSYoungGen: 412523K->147680K(508928K)] 609241K->443810K(1907200K), 0.0497378 secs] [Times: user=0.30 sys=0.00, real=0.05 secs] 
5522.043: [GC (Allocation Failure) [PSYoungGen: 468704K->105632K(507904K)] 764834K->540818K(1906176K), 0.0684536 secs] [Times: user=0.41 sys=0.01, real=0.07 secs] 
5523.592: [GC (Allocation Failure) [PSYoungGen: 419403K->145056K(508416K)] 854589K->682358K(1906688K), 0.0510608 secs] [Times: user=0.30 sys=0.00, real=0.05 secs] 
5526.144: [GC (Allocation Failure) [PSYoungGen: 466080K->108336K(507392K)] 1003382K->781887K(1905664K), 0.1056717 secs] [Times: user=0.63 sys=0.00, real=0.11 secs] 
5527.404: [GC (Allocation Failure) [PSYoungGen: 416860K->142544K(508928K)] 1090411K->920616K(1907200K), 0.0513071 secs] [Times: user=0.30 sys=0.00, real=0.05 secs] 
5529.990: [GC (Allocation Failure) [PSYoungGen: 465616K->105632K(508416K)] 1243688K->1017567K(1906688K), 0.0963776 secs] [Times: user=0.57 sys=0.01, real=0.09 secs] 
5531.858: [GC (Allocation Failure) [PSYoungGen: 425361K->145856K(510464K)] 1337297K->1159588K(1908736K), 0.0517580 secs] [Times: user=0.30 sys=0.01, real=0.05 secs] 
5534.979: [GC (Allocation Failure) [PSYoungGen: 472512K->108384K(510976K)] 1486244K->1258452K(1909248K), 0.1402238 secs] [Times: user=0.83 sys=0.00, real=0.14 secs] 
5535.772: [GC (Allocation Failure) [PSYoungGen: 437600K->154544K(483840K)] 1587668K->1408974K(1882112K), 0.0540989 secs] [Times: user=0.32 sys=0.00, real=0.05 secs] 
5535.826: [Full GC (Ergonomics) [PSYoungGen: 154544K->0K(483840K)] [ParOldGen: 1254429K->207911K(1398272K)] 1408974K->207911K(1882112K), [Metaspace: 59705K->59705K(1105920K)], 0.4909037 secs] [Times: user=2.29 sys=0.00, real=0.50 secs] 
5538.763: [GC (Allocation Failure) [PSYoungGen: 329216K->102192K(512512K)] 537127K->310104K(1910784K), 0.1610289 secs] [Times: user=0.96 sys=0.00, real=0.16 secs] 
5539.963: [GC (Allocation Failure) [PSYoungGen: 426288K->155168K(479744K)] 634200K->458684K(1878016K), 0.0847185 secs] [Times: user=0.50 sys=0.00, real=0.09 secs] 
5542.800: [GC (GCLocker Initiated GC) [PSYoungGen: 479264K->98736K(508416K)] 782781K->556526K(1906688K), 0.1621539 secs] [Times: user=0.97 sys=0.00, real=0.16 secs] 
5544.329: [GC (Allocation Failure) [PSYoungGen: 415664K->150576K(467968K)] 873455K->700748K(1866240K), 0.1535270 secs] [Times: user=0.92 sys=0.00, real=0.15 secs] 
5547.083: [GC (Allocation Failure) [PSYoungGen: 467504K->95440K(506880K)] 1017676K->795644K(1905152K), 0.1479459 secs] [Times: user=0.88 sys=0.00, real=0.15 secs] 
5548.574: [GC (Allocation Failure) [PSYoungGen: 409296K->151968K(465920K)] 1109500K->941240K(1864192K), 0.1489893 secs] [Times: user=0.88 sys=0.01, real=0.15 secs] 
5552.724: [GC (Allocation Failure) [PSYoungGen: 465824K->87968K(503296K)] 1255096K->1028944K(1901568K), 0.1345765 secs] [Times: user=0.80 sys=0.00, real=0.14 secs] 
5553.708: [GC (Allocation Failure) [PSYoungGen: 395680K->147728K(455680K)] 1336656K->1170494K(1853952K), 0.1090019 secs] [Times: user=0.64 sys=0.00, real=0.11 secs] 
5557.858: [GC (Allocation Failure) [PSYoungGen: 455440K->88192K(502272K)] 1478206K->1258493K(1900544K), 0.1392260 secs] [Times: user=0.83 sys=0.00, real=0.14 secs] 
5558.768: [GC (Allocation Failure) [PSYoungGen: 393344K->148832K(454144K)] 1563645K->1401030K(1852416K), 0.0525946 secs] [Times: user=0.31 sys=0.01, real=0.05 secs] 
5558.820: [Full GC (Ergonomics) [PSYoungGen: 148832K->0K(454144K)] [ParOldGen: 1252198K->208774K(1398272K)] 1401030K->208774K(1852416K), [Metaspace: 59705K->59705K(1105920K)], 0.4870522 secs] [Times: user=2.25 sys=0.00, real=0.49 secs] 
5561.858: [GC (Allocation Failure) [PSYoungGen: 305152K->88608K(501248K)] 513926K->297382K(1899520K), 0.1720608 secs] [Times: user=1.02 sys=0.00, real=0.17 secs] 
5563.278: [GC (Allocation Failure) [PSYoungGen: 387110K->141280K(499712K)] 595885K->434620K(1897984K), 0.0490283 secs] [Times: user=0.28 sys=0.00, real=0.04 secs] 
5564.574: [GC (Allocation Failure) [PSYoungGen: 443360K->98080K(496640K)] 736700K->523956K(1894912K), 0.0769727 secs] [Times: user=0.46 sys=0.00, real=0.08 secs] 
5566.451: [GC (Allocation Failure) [PSYoungGen: 401696K->141536K(498176K)] 827572K->661937K(1896448K), 0.0491094 secs] [Times: user=0.29 sys=0.01, real=0.05 secs] 
5567.932: [GC (Allocation Failure) [PSYoungGen: 445152K->99520K(498176K)] 965553K->752429K(1896448K), 0.0638146 secs] [Times: user=0.38 sys=0.01, real=0.06 secs] 
5570.974: [GC (Allocation Failure) [PSYoungGen: 409280K->143424K(501248K)] 1062189K->892534K(1899520K), 0.0506995 secs] [Times: user=0.30 sys=0.00, real=0.05 secs] 
5572.742: [GC (Allocation Failure) [PSYoungGen: 453184K->102976K(501760K)] 1202294K->986578K(1900032K), 0.0655315 secs] [Times: user=0.39 sys=0.00, real=0.07 secs] 
5574.730: [GC (Allocation Failure) [PSYoungGen: 417344K->143200K(503808K)] 1300946K->1127919K(1902080K), 0.0529774 secs] [Times: user=0.31 sys=0.00, real=0.05 secs] 
5577.147: [GC (Allocation Failure) [PSYoungGen: 457568K->104192K(503808K)] 1442287K->1223631K(1902080K), 0.0644322 secs] [Times: user=0.38 sys=0.00, real=0.06 secs] 
5578.214: [GC (Allocation Failure) [PSYoungGen: 422656K->149104K(505856K)] 1542095K->1370796K(1904128K), 0.0540387 secs] [Times: user=0.32 sys=0.00, real=0.06 secs] 
5578.268: [Full GC (Ergonomics) [PSYoungGen: 149104K->0K(505856K)] [ParOldGen: 1221691K->178288K(1398272K)] 1370796K->178288K(1904128K), [Metaspace: 59705K->59705K(1105920K)], 0.4241486 secs] [Times: user=1.95 sys=0.00, real=0.42 secs] 
5580.318: [GC (Allocation Failure) [PSYoungGen: 318464K->108112K(506880K)] 496752K->286401K(1905152K), 0.0338945 secs] [Times: user=0.20 sys=0.00, real=0.03 secs] 
5581.943: [GC (Allocation Failure) [PSYoungGen: 428624K->145408K(507392K)] 606913K->429685K(1905664K), 0.0538819 secs] [Times: user=0.32 sys=0.01, real=0.06 secs] 
5584.731: [GC (Allocation Failure) [PSYoungGen: 465920K->106256K(507904K)] 750197K->527166K(1906176K), 0.0855873 secs] [Times: user=0.49 sys=0.01, real=0.08 secs] 
5586.836: [GC (Allocation Failure) [PSYoungGen: 429328K->149408K(508928K)] 850238K->672558K(1907200K), 0.0531506 secs] [Times: user=0.31 sys=0.00, real=0.06 secs] 
5589.663: [GC (Allocation Failure) [PSYoungGen: 472480K->110720K(508416K)] 995630K->773806K(1906688K), 0.0900554 secs] [Times: user=0.53 sys=0.00, real=0.09 secs] 
5591.177: [GC (Allocation Failure) [PSYoungGen: 434304K->150176K(508928K)] 1097390K->920183K(1907200K), 0.0537926 secs] [Times: user=0.32 sys=0.01, real=0.06 secs] 
5593.628: [GC (Allocation Failure) [PSYoungGen: 473760K->107840K(510464K)] 1243767K->1019139K(1908736K), 0.1057792 secs] [Times: user=0.63 sys=0.00, real=0.10 secs] 
5595.099: [GC (Allocation Failure) [PSYoungGen: 418219K->144688K(509952K)] 1329518K->1159692K(1908224K), 0.0521139 secs] [Times: user=0.31 sys=0.00, real=0.05 secs] 
5597.692: [GC (Allocation Failure) [PSYoungGen: 468784K->107952K(508416K)] 1483788K->1258756K(1906688K), 0.0698611 secs] [Times: user=0.42 sys=0.00, real=0.07 secs] 
5599.283: [GC (Allocation Failure) [PSYoungGen: 423128K->143488K(509952K)] 1573932K->1398479K(1908224K), 0.0528321 secs] [Times: user=0.31 sys=0.00, real=0.05 secs] 
5599.336: [Full GC (Ergonomics) [PSYoungGen: 143488K->0K(509952K)] [ParOldGen: 1254991K->196752K(1398272K)] 1398479K->196752K(1908224K), [Metaspace: 59706K->59706K(1105920K)], 0.4745858 secs] [Times: user=2.20 sys=0.00, real=0.48 secs] 
5604.029: [GC (Allocation Failure) [PSYoungGen: 325632K->109328K(510464K)] 522384K->306081K(1908736K), 0.1059676 secs] [Times: user=0.61 sys=0.00, real=0.10 secs] 
5605.380: [GC (Allocation Failure) [PSYoungGen: 438544K->154272K(483840K)] 635297K->455121K(1882112K), 0.0907765 secs] [Times: user=0.53 sys=0.00, real=0.09 secs] 
5608.117: [GC (Allocation Failure) [PSYoungGen: 483488K->99616K(512512K)] 784337K->554545K(1910784K), 0.1749094 secs] [Times: user=1.04 sys=0.01, real=0.17 secs] 
5609.409: [GC (Allocation Failure) [PSYoungGen: 424224K->155776K(480768K)] 879153K->704222K(1879040K), 0.0565133 secs] [Times: user=0.33 sys=0.00, real=0.05 secs] 
5612.400: [GC (Allocation Failure) [PSYoungGen: 480384K->97792K(508416K)] 1028830K->801178K(1906688K), 0.1625116 secs] [Times: user=0.96 sys=0.01, real=0.16 secs] 
5614.120: [GC (Allocation Failure) [PSYoungGen: 414208K->152496K(468992K)] 1117594K->947303K(1867264K), 0.1577863 secs] [Times: user=0.94 sys=0.00, real=0.16 secs] 
5617.653: [GC (Allocation Failure) [PSYoungGen: 468912K->89648K(504832K)] 1263719K->1036760K(1903104K), 0.1755985 secs] [Times: user=1.05 sys=0.00, real=0.18 secs] 
5618.282: [GC (Allocation Failure) [PSYoungGen: 400432K->150560K(461824K)] 1347544K->1180856K(1860096K), 0.0535940 secs] [Times: user=0.31 sys=0.00, real=0.05 secs] 
5620.849: [GC (Allocation Failure) [PSYoungGen: 461344K->93296K(503296K)] 1491640K->1273936K(1901568K), 0.1636797 secs] [Times: user=0.96 sys=0.01, real=0.16 secs] 
5621.880: [GC (Allocation Failure) [PSYoungGen: 399472K->145344K(501760K)] 1580112K->1413224K(1900032K), 0.1301085 secs] [Times: user=0.77 sys=0.00, real=0.13 secs] 
5622.010: [Full GC (Ergonomics) [PSYoungGen: 145344K->0K(501760K)] [ParOldGen: 1267880K->211587K(1398272K)] 1413224K->211587K(1900032K), [Metaspace: 59706K->59706K(1105920K)], 0.5479849 secs] [Times: user=2.61 sys=0.00, real=0.55 secs] 
5625.600: [GC (Allocation Failure) [PSYoungGen: 306176K->89616K(502272K)] 517763K->301204K(1900544K), 0.1574599 secs] [Times: user=0.93 sys=0.00, real=0.16 secs] 
5627.116: [GC (Allocation Failure) [PSYoungGen: 388663K->138304K(445440K)] 600251K->435004K(1843712K), 0.0488531 secs] [Times: user=0.29 sys=0.00, real=0.05 secs] 
5628.923: [GC (Allocation Failure) [PSYoungGen: 444992K->102080K(504832K)] 741692K->528452K(1903104K), 0.0631018 secs] [Times: user=0.37 sys=0.00, real=0.06 secs] 
5631.508: [GC (Allocation Failure) [PSYoungGen: 412864K->142832K(501760K)] 839236K->667682K(1900032K), 0.0500320 secs] [Times: user=0.29 sys=0.00, real=0.05 secs] 
5633.239: [GC (Allocation Failure) [PSYoungGen: 453616K->100816K(503808K)] 978466K->759438K(1902080K), 0.0823467 secs] [Times: user=0.49 sys=0.00, real=0.08 secs] 
5635.177: [GC (Allocation Failure) [PSYoungGen: 416720K->146560K(504832K)] 1075342K->902706K(1903104K), 0.0650149 secs] [Times: user=0.39 sys=0.00, real=0.06 secs] 
5637.187: [GC (Allocation Failure) [PSYoungGen: 462464K->103024K(506368K)] 1218610K->997151K(1904640K), 0.0821950 secs] [Times: user=0.48 sys=0.00, real=0.08 secs] 
5640.224: [GC (Allocation Failure) [PSYoungGen: 421488K->144416K(506880K)] 1315615K->1138263K(1905152K), 0.1079102 secs] [Times: user=0.63 sys=0.00, real=0.11 secs] 
5643.380: [GC (Allocation Failure) [PSYoungGen: 462880K->106976K(504832K)] 1456727K->1236631K(1903104K), 0.1126824 secs] [Times: user=0.67 sys=0.00, real=0.11 secs] 
5645.305: [GC (Allocation Failure) [PSYoungGen: 427488K->148512K(506880K)] 1557143K->1381448K(1905152K), 0.0542415 secs] [Times: user=0.32 sys=0.00, real=0.06 secs] 
5645.360: [Full GC (Ergonomics) [PSYoungGen: 148512K->0K(506880K)] [ParOldGen: 1232936K->188585K(1398272K)] 1381448K->188585K(1905152K), [Metaspace: 59706K->59706K(1105920K)], 0.4578327 secs] [Times: user=2.13 sys=0.00, real=0.46 secs] 
5647.354: [GC (Allocation Failure) [PSYoungGen: 320512K->109472K(507904K)] 509097K->298058K(1906176K), 0.0468949 secs] [Times: user=0.27 sys=0.00, real=0.05 secs] 
5650.579: [GC (Allocation Failure) [PSYoungGen: 432032K->147776K(508416K)] 620618K->442007K(1906688K), 0.0522312 secs] [Times: user=0.31 sys=0.00, real=0.05 secs] 
5652.060: [GC (Allocation Failure) [PSYoungGen: 470336K->109264K(508928K)] 764567K->542452K(1907200K), 0.0844767 secs] [Times: user=0.50 sys=0.00, real=0.08 secs] 
5654.508: [GC (Allocation Failure) [PSYoungGen: 422667K->143552K(509440K)] 855855K->682368K(1907712K), 0.0517145 secs] [Times: user=0.30 sys=0.00, real=0.05 secs] 
5656.538: [GC (Allocation Failure) [PSYoungGen: 467648K->108512K(508416K)] 1006464K->782116K(1906688K), 0.1158813 secs] [Times: user=0.68 sys=0.00, real=0.11 secs] 
5658.145: [GC (Allocation Failure) [PSYoungGen: 435680K->152720K(510464K)] 1109284K->931210K(1908736K), 0.0536960 secs] [Times: user=0.31 sys=0.00, real=0.06 secs] 
5660.338: [GC (Allocation Failure) [PSYoungGen: 479888K->101760K(512512K)] 1258378K->1032005K(1910784K), 0.1524635 secs] [Times: user=0.90 sys=0.00, real=0.15 secs] 
5661.592: [GC (GCLocker Initiated GC) [PSYoungGen: 426368K->154720K(479744K)] 1356613K->1180445K(1878016K), 0.1490882 secs] [Times: user=0.88 sys=0.01, real=0.15 secs] 
5664.989: [GC (Allocation Failure) [PSYoungGen: 479328K->98816K(508928K)] 1505056K->1278236K(1907200K), 0.1706522 secs] [Times: user=1.02 sys=0.00, real=0.17 secs] 
5665.422: [GC (Allocation Failure) [PSYoungGen: 416768K->152592K(471040K)] 1596188K->1424501K(1869312K), 0.0572563 secs] [Times: user=0.34 sys=0.01, real=0.06 secs] 
5665.479: [Full GC (Ergonomics) [PSYoungGen: 152592K->0K(471040K)] [ParOldGen: 1271908K->222447K(1398272K)] 1424501K->222447K(1869312K), [Metaspace: 59706K->59706K(1105920K)], 0.5336942 secs] [Times: user=2.49 sys=0.00, real=0.53 secs] 
5670.820: [GC (Allocation Failure) [PSYoungGen: 317952K->91136K(505856K)] 540399K->313584K(1904128K), 0.1099496 secs] [Times: user=0.65 sys=0.00, real=0.11 secs] 
5671.231: [GC (Allocation Failure) [PSYoungGen: 403456K->152352K(464896K)] 625904K->460096K(1863168K), 0.0543582 secs] [Times: user=0.32 sys=0.00, real=0.05 secs] 
5674.590: [GC (Allocation Failure) [PSYoungGen: 464672K->90336K(502784K)] 772416K->550192K(1901056K), 0.1431357 secs] [Times: user=0.83 sys=0.00, real=0.14 secs] 
5675.024: [GC (Allocation Failure) [PSYoungGen: 396512K->149056K(455680K)] 856368K->693329K(1853952K), 0.0542738 secs] [Times: user=0.32 sys=0.00, real=0.06 secs] 
5677.275: [GC (Allocation Failure) [PSYoungGen: 455232K->91472K(501760K)] 999505K->784450K(1900032K), 0.1730534 secs] [Times: user=1.03 sys=0.00, real=0.18 secs] 
5677.826: [GC (Allocation Failure) [PSYoungGen: 395088K->146032K(500736K)] 1088066K->923691K(1899008K), 0.0541224 secs] [Times: user=0.32 sys=0.00, real=0.06 secs] 
5680.771: [GC (Allocation Failure) [PSYoungGen: 449648K->90128K(499712K)] 1227307K->1012755K(1897984K), 0.1436119 secs] [Times: user=0.85 sys=0.01, real=0.14 secs] 
5681.886: [GC (Allocation Failure) [PSYoungGen: 393558K->140464K(500224K)] 1316184K->1149368K(1898496K), 0.0498828 secs] [Times: user=0.30 sys=0.00, real=0.05 secs] 
5684.906: [GC (GCLocker Initiated GC) [PSYoungGen: 444080K->98640K(496128K)] 1452984K->1238388K(1894400K), 0.0803585 secs] [Times: user=0.48 sys=0.00, real=0.08 secs] 
5687.976: [GC (Allocation Failure) [PSYoungGen: 404304K->139776K(499200K)] 1544108K->1374724K(1897472K), 0.1061296 secs] [Times: user=0.63 sys=0.01, real=0.11 secs] 
5688.082: [Full GC (Ergonomics) [PSYoungGen: 139776K->0K(499200K)] [ParOldGen: 1234948K->184151K(1398272K)] 1374724K->184151K(1897472K), [Metaspace: 59708K->59708K(1105920K)], 0.4860275 secs] [Times: user=2.28 sys=0.01, real=0.49 secs] 
5690.111: [GC (Allocation Failure) [PSYoungGen: 305664K->101232K(498688K)] 489815K->285384K(1896960K), 0.0437391 secs] [Times: user=0.25 sys=0.00, real=0.04 secs] 
5692.094: [GC (Allocation Failure) [PSYoungGen: 413552K->142992K(502272K)] 597704K->426489K(1900544K), 0.0511349 secs] [Times: user=0.30 sys=0.01, real=0.05 secs] 
5694.210: [GC (GCLocker Initiated GC) [PSYoungGen: 455312K->102240K(503808K)] 738812K->519711K(1902080K), 0.0738264 secs] [Times: user=0.43 sys=0.00, real=0.07 secs] 
5696.149: [GC (Allocation Failure) [PSYoungGen: 420192K->154800K(473088K)] 837663K->671757K(1871360K), 0.0525026 secs] [Times: user=0.31 sys=0.01, real=0.05 secs] 
5698.812: [GC (Allocation Failure) [PSYoungGen: 472752K->107264K(509440K)] 989709K->762124K(1907712K), 0.0663243 secs] [Times: user=0.39 sys=0.00, real=0.07 secs] 
5700.874: [GC (Allocation Failure) [PSYoungGen: 423168K->145328K(505344K)] 1078028K->905106K(1903616K), 0.0535249 secs] [Times: user=0.31 sys=0.01, real=0.06 secs] 
5702.744: [GC (Allocation Failure) [PSYoungGen: 461232K->106976K(504320K)] 1221010K->1003041K(1902592K), 0.0705929 secs] [Times: user=0.42 sys=0.00, real=0.07 secs] 
5704.294: [GC (Allocation Failure) [PSYoungGen: 424928K->147408K(505856K)] 1320993K->1146970K(1904128K), 0.0536564 secs] [Times: user=0.32 sys=0.00, real=0.06 secs] 
5705.595: [GC (Allocation Failure) [PSYoungGen: 465360K->105024K(507392K)] 1464922K->1242774K(1905664K), 0.0716951 secs] [Times: user=0.42 sys=0.00, real=0.07 secs] 
5707.847: [GC (Allocation Failure) [PSYoungGen: 425536K->150592K(507904K)] 1563286K->1389999K(1906176K), 0.0540157 secs] [Times: user=0.32 sys=0.00, real=0.05 secs] 
5707.901: [Full GC (Ergonomics) [PSYoungGen: 150592K->0K(507904K)] [ParOldGen: 1239407K->188170K(1398272K)] 1389999K->188170K(1906176K), [Metaspace: 59708K->59708K(1105920K)], 0.4612894 secs] [Times: user=2.16 sys=0.00, real=0.46 secs] 
5710.040: [GC (Allocation Failure) [PSYoungGen: 320512K->107024K(508416K)] 508682K->295195K(1906688K), 0.0780298 secs] [Times: user=0.45 sys=0.00, real=0.08 secs] 
5712.476: [GC (Allocation Failure) [PSYoungGen: 427024K->146384K(507904K)] 615195K->437609K(1906176K), 0.0515857 secs] [Times: user=0.30 sys=0.01, real=0.06 secs] 
5714.085: [GC (Allocation Failure) [PSYoungGen: 466384K->109136K(505856K)] 757609K->537369K(1904128K), 0.1046809 secs] [Times: user=0.62 sys=0.01, real=0.11 secs] 
5715.917: [GC (Allocation Failure) [PSYoungGen: 423206K->147280K(507392K)] 851439K->681458K(1905664K), 0.1300246 secs] [Times: user=0.77 sys=0.00, real=0.13 secs] 
5718.553: [GC (Allocation Failure) [PSYoungGen: 468304K->104544K(510464K)] 1002482K->777569K(1908736K), 0.0871654 secs] [Times: user=0.52 sys=0.01, real=0.09 secs] 
5720.653: [GC (Allocation Failure) [PSYoungGen: 419737K->146496K(510464K)] 1092762K->920230K(1908736K), 0.0512150 secs] [Times: user=0.30 sys=0.00, real=0.05 secs] 
5722.990: [GC (Allocation Failure) [PSYoungGen: 470592K->106144K(509440K)] 1244326K->1017350K(1907712K), 0.1104448 secs] [Times: user=0.65 sys=0.00, real=0.11 secs] 
5724.657: [GC (Allocation Failure) [PSYoungGen: 416032K->144416K(509952K)] 1327238K->1158111K(1908224K), 0.0518440 secs] [Times: user=0.30 sys=0.00, real=0.06 secs] 
5726.594: [GC (Allocation Failure) [PSYoungGen: 468512K->107200K(508928K)] 1482207K->1256675K(1907200K), 0.1412774 secs] [Times: user=0.84 sys=0.00, real=0.14 secs] 
5727.961: [GC (Allocation Failure) [PSYoungGen: 433344K->152576K(510464K)] 1582819K->1405284K(1908736K), 0.0537451 secs] [Times: user=0.32 sys=0.00, real=0.05 secs] 
5728.015: [Full GC (Ergonomics) [PSYoungGen: 152576K->0K(510464K)] [ParOldGen: 1252708K->204325K(1398272K)] 1405284K->204325K(1908736K), [Metaspace: 59708K->59708K(1105920K)], 0.4875117 secs] [Times: user=2.26 sys=0.00, real=0.49 secs] 
5730.305: [GC (Allocation Failure) [PSYoungGen: 326144K->103648K(512512K)] 530469K->307973K(1910784K), 0.1354681 secs] [Times: user=0.81 sys=0.00, real=0.14 secs] 
5731.089: [GC (Allocation Failure) [PSYoungGen: 427744K->155392K(479744K)] 632069K->457958K(1878016K), 0.0574308 secs] [Times: user=0.34 sys=0.00, real=0.06 secs] 
5734.464: [GC (Allocation Failure) [PSYoungGen: 479488K->97280K(508416K)] 782054K->555134K(1906688K), 0.1714642 secs] [Times: user=1.02 sys=0.00, real=0.17 secs] 
5735.106: [GC (Allocation Failure) [PSYoungGen: 414208K->151776K(468992K)] 872062K->700771K(1867264K), 0.0799024 secs] [Times: user=0.48 sys=0.00, real=0.08 secs] 
5739.079: [GC (Allocation Failure) [PSYoungGen: 468704K->90576K(505344K)] 1017699K->791256K(1903616K), 0.1590307 secs] [Times: user=0.94 sys=0.00, real=0.16 secs] 
5739.500: [GC (Allocation Failure) [PSYoungGen: 401872K->151296K(462848K)] 1102552K->935936K(1861120K), 0.0539441 secs] [Times: user=0.32 sys=0.00, real=0.05 secs] 
5742.830: [GC (Allocation Failure) [PSYoungGen: 462592K->89600K(502784K)] 1247232K->1025216K(1901056K), 0.1413154 secs] [Times: user=0.84 sys=0.00, real=0.14 secs] 
5743.737: [GC (Allocation Failure) [PSYoungGen: 395776K->147360K(453632K)] 1331392K->1166773K(1851904K), 0.0539890 secs] [Times: user=0.32 sys=0.00, real=0.05 secs] 
5746.836: [GC (Allocation Failure) [PSYoungGen: 450068K->87104K(501760K)] 1469481K->1253757K(1900032K), 0.1732427 secs] [Times: user=1.03 sys=0.00, real=0.18 secs] 
5748.331: [GC (Allocation Failure) [PSYoungGen: 385280K->138576K(442880K)] 1551934K->1388071K(1841152K), 0.0509397 secs] [Times: user=0.30 sys=0.00, real=0.05 secs] 
5748.382: [Full GC (Ergonomics) [PSYoungGen: 138576K->0K(442880K)] [ParOldGen: 1249494K->195783K(1398272K)] 1388071K->195783K(1841152K), [Metaspace: 59708K->59708K(1105920K)], 0.4843845 secs] [Times: user=2.25 sys=0.00, real=0.48 secs] 
5749.928: [GC (Allocation Failure) [PSYoungGen: 304128K->99008K(503296K)] 499911K->294791K(1901568K), 0.0308837 secs] [Times: user=0.18 sys=0.00, real=0.03 secs] 
5751.895: [GC (Allocation Failure) [PSYoungGen: 406208K->144704K(500224K)] 601991K->435416K(1898496K), 0.0480727 secs] [Times: user=0.28 sys=0.00, real=0.05 secs] 
5753.520: [GC (Allocation Failure) [PSYoungGen: 451904K->103488K(499200K)] 742616K->530104K(1897472K), 0.0888866 secs] [Times: user=0.52 sys=0.00, real=0.09 secs] 
5754.864: [GC (Allocation Failure) [PSYoungGen: 414784K->144480K(501760K)] 841400K->670941K(1900032K), 0.0510877 secs] [Times: user=0.30 sys=0.00, real=0.05 secs] 
5757.252: [GC (Allocation Failure) [PSYoungGen: 455776K->104096K(503296K)] 982237K->765565K(1901568K), 0.0642616 secs] [Times: user=0.37 sys=0.01, real=0.06 secs] 
5758.211: [GC (Allocation Failure) [PSYoungGen: 420000K->148176K(504832K)] 1081469K->910470K(1903104K), 0.0517848 secs] [Times: user=0.31 sys=0.00, real=0.05 secs] 
5760.744: [GC (GCLocker Initiated GC) [PSYoungGen: 464080K->102720K(506880K)] 1226375K->1004110K(1905152K), 0.0653875 secs] [Times: user=0.39 sys=0.00, real=0.07 secs] 
5761.634: [GC (Allocation Failure) [PSYoungGen: 420672K->159232K(477696K)] 1322082K->1159991K(1875968K), 0.0530800 secs] [Times: user=0.31 sys=0.00, real=0.06 secs] 
5763.620: [GC (Allocation Failure) [PSYoungGen: 477184K->103616K(506368K)] 1477943K->1246759K(1904640K), 0.0657244 secs] [Times: user=0.39 sys=0.00, real=0.06 secs] 
5765.889: [GC (Allocation Failure) [PSYoungGen: 413888K->152544K(462848K)] 1557031K->1395771K(1861120K), 0.0525700 secs] [Times: user=0.31 sys=0.00, real=0.05 secs] 
5765.942: [Full GC (Ergonomics) [PSYoungGen: 152544K->0K(462848K)] [ParOldGen: 1243227K->186914K(1398272K)] 1395771K->186914K(1861120K), [Metaspace: 59708K->59708K(1105920K)], 0.4591374 secs] [Times: user=2.13 sys=0.00, real=0.46 secs] 
5769.347: [GC (Allocation Failure) [PSYoungGen: 310272K->101008K(504832K)] 497186K->287923K(1903104K), 0.0320848 secs] [Times: user=0.18 sys=0.01, real=0.03 secs] 
5772.033: [GC (Allocation Failure) [PSYoungGen: 409232K->142400K(451072K)] 596147K->426239K(1849344K), 0.0499145 secs] [Times: user=0.30 sys=0.00, real=0.05 secs] 
5773.217: [GC (Allocation Failure) [PSYoungGen: 450624K->105088K(504832K)] 734463K->521927K(1903104K), 0.0626558 secs] [Times: user=0.37 sys=0.00, real=0.07 secs] 
5775.710: [GC (Allocation Failure) [PSYoungGen: 416384K->141968K(501760K)] 833223K->661261K(1900032K), 0.0524953 secs] [Times: user=0.31 sys=0.00, real=0.05 secs] 
5777.663: [GC (Allocation Failure) [PSYoungGen: 453264K->104032K(505856K)] 972557K->756344K(1904128K), 0.0628496 secs] [Times: user=0.37 sys=0.00, real=0.06 secs] 
5779.858: [GC (Allocation Failure) [PSYoungGen: 421472K->144064K(505344K)] 1073784K->898049K(1903616K), 0.0523449 secs] [Times: user=0.31 sys=0.00, real=0.05 secs] 
5782.288: [GC (Allocation Failure) [PSYoungGen: 461504K->107840K(505856K)] 1215489K->996829K(1904128K), 0.0891102 secs] [Times: user=0.52 sys=0.00, real=0.09 secs] 
5784.216: [GC (Allocation Failure) [PSYoungGen: 429888K->148816K(507904K)] 1318877K->1142899K(1906176K), 0.0544915 secs] [Times: user=0.32 sys=0.00, real=0.06 secs] 
5785.672: [GC (Allocation Failure) [PSYoungGen: 470864K->108576K(508928K)] 1464947K->1242270K(1907200K), 0.0669297 secs] [Times: user=0.39 sys=0.00, real=0.07 secs] 
5788.486: [GC (Allocation Failure) [PSYoungGen: 432672K->148512K(509440K)] 1566366K->1387023K(1907712K), 0.0543648 secs] [Times: user=0.32 sys=0.00, real=0.06 secs] 
5788.540: [Full GC (Ergonomics) [PSYoungGen: 148512K->0K(509440K)] [ParOldGen: 1238511K->186991K(1398272K)] 1387023K->186991K(1907712K), [Metaspace: 59708K->59708K(1105920K)], 0.4560611 secs] [Times: user=2.11 sys=0.00, real=0.45 secs] 
5790.461: [GC (Allocation Failure) [PSYoungGen: 324096K->109248K(510464K)] 511087K->296239K(1908736K), 0.0495476 secs] [Times: user=0.29 sys=0.00, real=0.05 secs] 
5792.469: [GC (Allocation Failure) [PSYoungGen: 434368K->148192K(510464K)] 621359K->441180K(1908736K), 0.0833761 secs] [Times: user=0.49 sys=0.00, real=0.08 secs] 
5795.426: [GC (Allocation Failure) [PSYoungGen: 473312K->105120K(510976K)] 766300K->537604K(1909248K), 0.1503974 secs] [Times: user=0.90 sys=0.00, real=0.15 secs] 
5797.555: [GC (Allocation Failure) [PSYoungGen: 424998K->147312K(510976K)] 857483K->681190K(1909248K), 0.0517430 secs] [Times: user=0.31 sys=0.00, real=0.06 secs] 
5800.277: [GC (Allocation Failure) [PSYoungGen: 472944K->106960K(510976K)] 1006822K->779534K(1909248K), 0.1234196 secs] [Times: user=0.73 sys=0.00, real=0.12 secs] 
5801.648: [GC (Allocation Failure) [PSYoungGen: 423128K->144656K(510976K)] 1095701K->920539K(1909248K), 0.0537315 secs] [Times: user=0.28 sys=0.00, real=0.05 secs] 
5805.081: [GC (Allocation Failure) [PSYoungGen: 470288K->106688K(509440K)] 1246171K->1017978K(1907712K), 0.1477958 secs] [Times: user=0.88 sys=0.00, real=0.15 secs] 
5807.026: [GC (Allocation Failure) [PSYoungGen: 433856K->170336K(497664K)] 1345146K->1184595K(1895936K), 0.1368609 secs] [Times: user=0.81 sys=0.00, real=0.14 secs] 
5809.772: [GC (Allocation Failure) [PSYoungGen: 497504K->99264K(505344K)] 1511763K->1267203K(1903616K), 0.1681645 secs] [Times: user=1.00 sys=0.00, real=0.17 secs] 
5810.934: [GC (Allocation Failure) [PSYoungGen: 409536K->149424K(503808K)] 1577475K->1410500K(1902080K), 0.0854789 secs] [Times: user=0.51 sys=0.00, real=0.09 secs] 
5811.020: [Full GC (Ergonomics) [PSYoungGen: 149424K->0K(503808K)] [ParOldGen: 1261075K->209365K(1398272K)] 1410500K->209365K(1902080K), [Metaspace: 59708K->59708K(1105920K)], 0.5086422 secs] [Times: user=2.37 sys=0.01, real=0.51 secs] 
5813.709: [GC (Allocation Failure) [PSYoungGen: 310272K->93072K(504320K)] 519637K->302438K(1902592K), 0.1533976 secs] [Times: user=0.91 sys=0.01, real=0.15 secs] 
5814.656: [GC (Allocation Failure) [PSYoungGen: 388363K->138848K(448512K)] 597728K->434993K(1846784K), 0.0486639 secs] [Times: user=0.29 sys=0.00, real=0.05 secs] 
5816.762: [GC (Allocation Failure) [PSYoungGen: 448096K->102656K(504832K)] 744241K->528985K(1903104K), 0.0792192 secs] [Times: user=0.48 sys=0.00, real=0.08 secs] 
5819.373: [GC (Allocation Failure) [PSYoungGen: 414464K->143520K(502272K)] 840793K->669102K(1900544K), 0.0497337 secs] [Times: user=0.29 sys=0.00, real=0.05 secs] 
5820.636: [GC (Allocation Failure) [PSYoungGen: 455328K->104496K(504320K)] 980910K->764815K(1902592K), 0.0637044 secs] [Times: user=0.38 sys=0.00, real=0.07 secs] 
5822.810: [GC (Allocation Failure) [PSYoungGen: 421936K->147680K(505344K)] 1082255K->909319K(1903616K), 0.1526414 secs] [Times: user=0.91 sys=0.00, real=0.15 secs] 
5824.880: [GC (Allocation Failure) [PSYoungGen: 465120K->103216K(508416K)] 1226759K->1003664K(1906688K), 0.0906869 secs] [Times: user=0.53 sys=0.01, real=0.09 secs] 
5827.216: [GC (Allocation Failure) [PSYoungGen: 423728K->147584K(508416K)] 1324176K->1147020K(1906688K), 0.0517014 secs] [Times: user=0.30 sys=0.01, real=0.06 secs] 
5828.815: [GC (Allocation Failure) [PSYoungGen: 468096K->110752K(506368K)] 1467532K->1248784K(1904640K), 0.1022449 secs] [Times: user=0.60 sys=0.01, real=0.11 secs] 
5829.714: [GC (Allocation Failure) [PSYoungGen: 417395K->143744K(507392K)] 1555427K->1388861K(1905664K), 0.0535048 secs] [Times: user=0.31 sys=0.00, real=0.06 secs] 
5829.768: [Full GC (Ergonomics) [PSYoungGen: 143744K->0K(507392K)] [ParOldGen: 1245117K->196245K(1398272K)] 1388861K->196245K(1905664K), [Metaspace: 59708K->59708K(1105920K)], 0.4723404 secs] [Times: user=2.20 sys=0.00, real=0.47 secs] 
5831.347: [GC (Allocation Failure) [PSYoungGen: 320512K->107440K(507392K)] 516757K->303686K(1905664K), 0.0351913 secs] [Times: user=0.21 sys=0.00, real=0.03 secs] 
5833.509: [GC (Allocation Failure) [PSYoungGen: 432048K->169200K(494080K)] 628294K->468555K(1892352K), 0.0524099 secs] [Times: user=0.32 sys=0.00, real=0.05 secs] 
5835.930: [GC (Allocation Failure) [PSYoungGen: 493808K->102752K(505856K)] 793163K->554338K(1904128K), 0.1339668 secs] [Times: user=0.80 sys=0.00, real=0.13 secs] 
5837.150: [GC (Allocation Failure) [PSYoungGen: 413536K->150304K(503808K)] 865122K->694279K(1902080K), 0.0555747 secs] [Times: user=0.33 sys=0.00, real=0.05 secs] 
5839.397: [GC (Allocation Failure) [PSYoungGen: 458324K->92160K(503808K)] 1002299K->785967K(1902080K), 0.1323431 secs] [Times: user=0.78 sys=0.00, real=0.13 secs] 
5840.393: [GC (Allocation Failure) [PSYoungGen: 389281K->138576K(447488K)] 1083088K->920479K(1845760K), 0.1365386 secs] [Times: user=0.81 sys=0.01, real=0.14 secs] 
5842.651: [GC (Allocation Failure) [PSYoungGen: 447312K->100864K(504320K)] 1229215K->1012383K(1902592K), 0.0783701 secs] [Times: user=0.37 sys=0.00, real=0.08 secs] 
5844.786: [GC (Allocation Failure) [PSYoungGen: 412160K->142496K(501760K)] 1323679K->1151992K(1900032K), 0.0907322 secs] [Times: user=0.52 sys=0.01, real=0.09 secs] 
5846.229: [GC (Allocation Failure) [PSYoungGen: 453792K->103808K(504320K)] 1463288K->1247256K(1902592K), 0.0859543 secs] [Times: user=0.52 sys=0.00, real=0.08 secs] 
5849.143: [GC (Allocation Failure) [PSYoungGen: 421248K->147232K(505344K)] 1564696K->1390652K(1903616K), 0.0528944 secs] [Times: user=0.31 sys=0.00, real=0.05 secs] 
5849.196: [Full GC (Ergonomics) [PSYoungGen: 147232K->0K(505344K)] [ParOldGen: 1243420K->189759K(1398272K)] 1390652K->189759K(1903616K), [Metaspace: 59713K->59713K(1105920K)], 0.4543451 secs] [Times: user=2.11 sys=0.00, real=0.46 secs] 
5851.580: [GC (Allocation Failure) [PSYoungGen: 317440K->107297K(507392K)] 507199K->297057K(1905664K), 0.0437452 secs] [Times: user=0.26 sys=0.00, real=0.04 secs] 
5853.532: [GC (Allocation Failure) [PSYoungGen: 427809K->147040K(507904K)] 617569K->438845K(1906176K), 0.0655555 secs] [Times: user=0.39 sys=0.01, real=0.07 secs] 
5855.671: [GC (Allocation Failure) [PSYoungGen: 467552K->107872K(507392K)] 759357K->538157K(1905664K), 0.0943372 secs] [Times: user=0.55 sys=0.01, real=0.09 secs] 
5857.196: [GC (Allocation Failure) [PSYoungGen: 429920K->148448K(508416K)] 860205K->682562K(1906688K), 0.0521131 secs] [Times: user=0.31 sys=0.00, real=0.06 secs] 
5860.996: [GC (Allocation Failure) [PSYoungGen: 470496K->107520K(508928K)] 1004610K->780718K(1907200K), 0.1165057 secs] [Times: user=0.69 sys=0.00, real=0.12 secs] 
5863.040: [GC (Allocation Failure) [PSYoungGen: 416164K->144432K(509440K)] 1089362K->920736K(1907712K), 0.1269097 secs] [Times: user=0.73 sys=0.01, real=0.13 secs] 
5866.049: [GC (Allocation Failure) [PSYoungGen: 468016K->107328K(508416K)] 1244320K->1019527K(1906688K), 0.1771298 secs] [Times: user=1.04 sys=0.01, real=0.17 secs] 
5868.078: [GC (Allocation Failure) [PSYoungGen: 420891K->143584K(509952K)] 1333090K->1159068K(1908224K), 0.0518830 secs] [Times: user=0.31 sys=0.00, real=0.05 secs] 
5869.510: [GC (Allocation Failure) [PSYoungGen: 469216K->109456K(510464K)] 1484700K->1259677K(1908736K), 0.1059642 secs] [Times: user=0.62 sys=0.01, real=0.10 secs] 
5871.304: [GC (Allocation Failure) [PSYoungGen: 438672K->153632K(483328K)] 1588893K->1408992K(1881600K), 0.0546120 secs] [Times: user=0.32 sys=0.00, real=0.06 secs] 
5871.358: [Full GC (Ergonomics) [PSYoungGen: 153632K->0K(483328K)] [ParOldGen: 1255360K->207622K(1398272K)] 1408992K->207622K(1881600K), [Metaspace: 59713K->59713K(1105920K)], 0.4956588 secs] [Times: user=2.32 sys=0.00, real=0.49 secs] 
5873.748: [GC (Allocation Failure) [PSYoungGen: 329216K->103168K(513024K)] 536838K->310790K(1911296K), 0.1192963 secs] [Times: user=0.71 sys=0.00, real=0.12 secs] 
5874.595: [GC (Allocation Failure) [PSYoungGen: 428800K->153696K(479744K)] 636422K->458796K(1878016K), 0.1136369 secs] [Times: user=0.67 sys=0.00, real=0.12 secs] 
5878.144: [GC (Allocation Failure) [PSYoungGen: 479328K->100112K(509952K)] 784428K->558028K(1908224K), 0.1594721 secs] [Times: user=0.94 sys=0.01, real=0.16 secs] 
5878.558: [GC (Allocation Failure) [PSYoungGen: 420112K->152768K(473088K)] 878028K->704757K(1871360K), 0.0574149 secs] [Times: user=0.33 sys=0.01, real=0.05 secs] 
5881.453: [GC (Allocation Failure) [PSYoungGen: 472768K->98736K(507904K)] 1024757K->802445K(1906176K), 0.1259358 secs] [Times: user=0.75 sys=0.00, real=0.13 secs] 
5883.208: [GC (Allocation Failure) [PSYoungGen: 414128K->150240K(465920K)] 1117837K->946446K(1864192K), 0.1562896 secs] [Times: user=0.93 sys=0.00, real=0.15 secs] 
5886.463: [GC (Allocation Failure) [PSYoungGen: 465632K->93984K(505856K)] 1261838K->1040226K(1904128K), 0.1367852 secs] [Times: user=0.82 sys=0.00, real=0.14 secs] 
5886.847: [GC (Allocation Failure) [PSYoungGen: 405792K->151808K(463872K)] 1352034K->1185790K(1862144K), 0.0569752 secs] [Times: user=0.33 sys=0.00, real=0.05 secs] 
5890.007: [GC (Allocation Failure) [PSYoungGen: 463616K->91232K(503296K)] 1497598K->1276827K(1901568K), 0.1350687 secs] [Times: user=0.81 sys=0.00, real=0.13 secs] 
5890.422: [GC (Allocation Failure) [PSYoungGen: 398432K->149632K(457216K)] 1584027K->1420207K(1855488K), 0.0555817 secs] [Times: user=0.33 sys=0.00, real=0.06 secs] 
5890.478: [Full GC (Ergonomics) [PSYoungGen: 149632K->0K(457216K)] [ParOldGen: 1270575K->227610K(1398272K)] 1420207K->227610K(1855488K), [Metaspace: 59713K->59713K(1105920K)], 0.5495667 secs] [Times: user=2.58 sys=0.00, real=0.55 secs] 
5894.345: [GC (Allocation Failure) [PSYoungGen: 307200K->87280K(501248K)] 534810K->314891K(1899520K), 0.1036159 secs] [Times: user=0.62 sys=0.00, real=0.11 secs] 
5894.741: [GC (Allocation Failure) [PSYoungGen: 390384K->146480K(450048K)] 617995K->455416K(1848320K), 0.0523275 secs] [Times: user=0.31 sys=0.01, real=0.05 secs] 
5897.704: [GC (Allocation Failure) [PSYoungGen: 449584K->86560K(500736K)] 758520K->541560K(1899008K), 0.1517255 secs] [Times: user=0.90 sys=0.01, real=0.15 secs] 
5899.052: [GC (Allocation Failure) [PSYoungGen: 377312K->138160K(439808K)] 832312K->673677K(1838080K), 0.0474608 secs] [Times: user=0.27 sys=0.00, real=0.05 secs] 
5900.344: [GC (Allocation Failure) [PSYoungGen: 439728K->101152K(501760K)] 975245K->766101K(1900032K), 0.0625992 secs] [Times: user=0.37 sys=0.00, real=0.06 secs] 
5903.086: [GC (Allocation Failure) [PSYoungGen: 406304K->139328K(498176K)] 1071253K->901741K(1896448K), 0.0493294 secs] [Times: user=0.29 sys=0.00, real=0.05 secs] 
5904.821: [GC (Allocation Failure) [PSYoungGen: 442671K->100208K(502784K)] 1205085K->993002K(1901056K), 0.0688902 secs] [Times: user=0.41 sys=0.00, real=0.07 secs] 
5906.856: [GC (Allocation Failure) [PSYoungGen: 412528K->143216K(501760K)] 1305322K->1133739K(1900032K), 0.0512729 secs] [Times: user=0.30 sys=0.00, real=0.06 secs] 
5908.917: [GC (Allocation Failure) [PSYoungGen: 455536K->105312K(503808K)] 1446059K->1229042K(1902080K), 0.0645759 secs] [Times: user=0.38 sys=0.00, real=0.06 secs] 
5910.723: [GC (Allocation Failure) [PSYoungGen: 423776K->145312K(505856K)] 1547506K->1372075K(1904128K), 0.1407809 secs] [Times: user=0.83 sys=0.00, real=0.14 secs] 
5910.864: [Full GC (Ergonomics) [PSYoungGen: 145312K->0K(505856K)] [ParOldGen: 1226763K->179055K(1398272K)] 1372075K->179055K(1904128K), [Metaspace: 59713K->59713K(1105920K)], 0.4847309 secs] [Times: user=2.31 sys=0.00, real=0.49 secs] 
5913.224: [GC (Allocation Failure) [PSYoungGen: 318464K->106736K(506368K)] 497519K->285791K(1904640K), 0.0344619 secs] [Times: user=0.19 sys=0.01, real=0.04 secs] 
5915.243: [GC (Allocation Failure) [PSYoungGen: 428784K->148064K(507904K)] 607839K->431583K(1906176K), 0.0530791 secs] [Times: user=0.31 sys=0.00, real=0.05 secs] 
5917.236: [GC (GCLocker Initiated GC) [PSYoungGen: 470112K->109680K(508416K)] 753632K->532216K(1906688K), 0.0646612 secs] [Times: user=0.39 sys=0.00, real=0.07 secs] 
5918.432: [GC (GCLocker Initiated GC) [PSYoungGen: 433264K->149504K(508928K)] 855805K->678025K(1907200K), 0.0540566 secs] [Times: user=0.32 sys=0.00, real=0.05 secs] 
5921.835: [GC (Allocation Failure) [PSYoungGen: 473088K->105856K(510464K)] 1001660K->774204K(1908736K), 0.0653625 secs] [Times: user=0.39 sys=0.00, real=0.07 secs] 
5924.547: [GC (Allocation Failure) [PSYoungGen: 427983K->149296K(473600K)] 1096332K->919938K(1871872K), 0.0820429 secs] [Times: user=0.49 sys=0.00, real=0.09 secs] 
5927.739: [GC (Allocation Failure) [PSYoungGen: 473392K->107792K(513024K)] 1244034K->1019254K(1911296K), 0.1629444 secs] [Times: user=0.97 sys=0.00, real=0.16 secs] 
5929.059: [GC (Allocation Failure) [PSYoungGen: 421215K->144384K(509440K)] 1332676K->1159354K(1907712K), 0.0516664 secs] [Times: user=0.31 sys=0.00, real=0.05 secs] 
5931.000: [GC (Allocation Failure) [PSYoungGen: 467968K->107520K(508928K)] 1482938K->1257718K(1907200K), 0.1710985 secs] [Times: user=1.01 sys=0.01, real=0.17 secs] 
5932.400: [GC (Allocation Failure) [PSYoungGen: 433152K->152400K(509952K)] 1583350K->1405976K(1908224K), 0.0530801 secs] [Times: user=0.31 sys=0.00, real=0.05 secs] 
5932.453: [Full GC (Ergonomics) [PSYoungGen: 152400K->0K(509952K)] [ParOldGen: 1253575K->204576K(1398272K)] 1405976K->204576K(1908224K), [Metaspace: 59713K->59713K(1105920K)], 0.4837641 secs] [Times: user=2.24 sys=0.00, real=0.49 secs] 
5935.101: [GC (Allocation Failure) [PSYoungGen: 325632K->101536K(512000K)] 530208K->306112K(1910272K), 0.1586075 secs] [Times: user=0.88 sys=0.00, real=0.16 secs] 
5936.259: [GC (Allocation Failure) [PSYoungGen: 424608K->152960K(476160K)] 629184K->453681K(1874432K), 0.0987944 secs] [Times: user=0.58 sys=0.00, real=0.10 secs] 
5938.422: [GC (Allocation Failure) [PSYoungGen: 476032K->98592K(508928K)] 776753K->552049K(1907200K), 0.1508476 secs] [Times: user=0.89 sys=0.00, real=0.15 secs] 
5940.140: [GC (GCLocker Initiated GC) [PSYoungGen: 416032K->149584K(467456K)] 869490K->696052K(1865728K), 0.0935419 secs] [Times: user=0.56 sys=0.00, real=0.09 secs] 
5943.727: [GC (Allocation Failure) [PSYoungGen: 467024K->90768K(506368K)] 1013494K->786774K(1904640K), 0.1568639 secs] [Times: user=0.93 sys=0.01, real=0.15 secs] 
5944.479: [GC (Allocation Failure) [PSYoungGen: 404624K->151072K(465408K)] 1100630K->931338K(1863680K), 0.0548328 secs] [Times: user=0.31 sys=0.01, real=0.05 secs] 
5946.320: [GC (Allocation Failure) [PSYoungGen: 464928K->97760K(505344K)] 1245194K->1028382K(1903616K), 0.1728522 secs] [Times: user=1.03 sys=0.00, real=0.17 secs] 
5946.969: [GC (Allocation Failure) [PSYoungGen: 407520K->148160K(503296K)] 1338142K->1170527K(1901568K), 0.0647997 secs] [Times: user=0.38 sys=0.00, real=0.06 secs] 
5951.327: [GC (Allocation Failure) [PSYoungGen: 453934K->86544K(503296K)] 1476301K->1256079K(1901568K), 0.1649431 secs] [Times: user=0.98 sys=0.00, real=0.16 secs] 
5952.061: [GC (Allocation Failure) [PSYoungGen: 383436K->138272K(446464K)] 1552971K->1389958K(1844736K), 0.0494605 secs] [Times: user=0.29 sys=0.00, real=0.05 secs] 
5952.110: [Full GC (Ergonomics) [PSYoungGen: 138272K->0K(446464K)] [ParOldGen: 1251686K->195855K(1398272K)] 1389958K->195855K(1844736K), [Metaspace: 59713K->59713K(1105920K)], 0.4744533 secs] [Times: user=2.19 sys=0.00, real=0.47 secs] 
5954.903: [GC (Allocation Failure) [PSYoungGen: 307712K->105072K(505344K)] 503567K->300928K(1903616K), 0.0315973 secs] [Times: user=0.18 sys=0.00, real=0.03 secs] 
5956.928: [GC (Allocation Failure) [PSYoungGen: 416368K->143584K(501760K)] 612224K->439027K(1900032K), 0.0540979 secs] [Times: user=0.31 sys=0.02, real=0.05 secs] 
5959.912: [GC (Allocation Failure) [PSYoungGen: 454880K->102720K(504832K)] 750323K->533027K(1903104K), 0.0858155 secs] [Times: user=0.51 sys=0.00, real=0.09 secs] 
5962.925: [GC (Allocation Failure) [PSYoungGen: 419648K->151936K(505344K)] 849955K->681431K(1903616K), 0.0506369 secs] [Times: user=0.29 sys=0.00, real=0.05 secs] 
5964.059: [GC (Allocation Failure) [PSYoungGen: 468864K->107328K(506368K)] 998359K->771399K(1904640K), 0.0630853 secs] [Times: user=0.37 sys=0.00, real=0.06 secs] 
5966.417: [GC (Allocation Failure) [PSYoungGen: 424256K->147376K(505856K)] 1088327K->915205K(1904128K), 0.0527407 secs] [Times: user=0.31 sys=0.00, real=0.05 secs] 
5967.559: [GC (Allocation Failure) [PSYoungGen: 464304K->107360K(505344K)] 1232133K->1013816K(1903616K), 0.0647347 secs] [Times: user=0.39 sys=0.01, real=0.06 secs] 
5969.014: [GC (Allocation Failure) [PSYoungGen: 425824K->147504K(506368K)] 1332280K->1158354K(1904640K), 0.0986497 secs] [Times: user=0.58 sys=0.00, real=0.10 secs] 
5970.648: [GC (Allocation Failure) [PSYoungGen: 465968K->106208K(507392K)] 1476818K->1255593K(1905664K), 0.0660301 secs] [Times: user=0.39 sys=0.00, real=0.06 secs] 
5972.844: [GC (Allocation Failure) [PSYoungGen: 426523K->144992K(507904K)] 1575908K->1396742K(1906176K), 0.0527414 secs] [Times: user=0.31 sys=0.00, real=0.06 secs] 
5972.897: [Full GC (Ergonomics) [PSYoungGen: 144992K->0K(507904K)] [ParOldGen: 1251750K->196060K(1398272K)] 1396742K->196060K(1906176K), [Metaspace: 59713K->59713K(1105920K)], 0.4819576 secs] [Times: user=2.25 sys=0.00, real=0.48 secs] 
5974.886: [GC (Allocation Failure) [PSYoungGen: 320512K->105136K(507904K)] 516572K->301197K(1906176K), 0.0855542 secs] [Times: user=0.43 sys=0.00, real=0.09 secs] 
5977.480: [GC (Allocation Failure) [PSYoungGen: 423537K->145696K(508928K)] 619597K->443017K(1907200K), 0.0501127 secs] [Times: user=0.30 sys=0.00, real=0.05 secs] 
5980.200: [GC (Allocation Failure) [PSYoungGen: 468256K->105136K(508928K)] 765577K->539442K(1907200K), 0.1578979 secs] [Times: user=0.93 sys=0.01, real=0.16 secs] 
5982.303: [GC (Allocation Failure) [PSYoungGen: 414074K->145216K(509952K)] 848379K->680770K(1908224K), 0.0820003 secs] [Times: user=0.49 sys=0.00, real=0.08 secs] 
5984.766: [GC (Allocation Failure) [PSYoungGen: 469824K->107104K(509952K)] 1005378K->779538K(1908224K), 0.0645855 secs] [Times: user=0.38 sys=0.00, real=0.07 secs] 
5986.760: [GC (Allocation Failure) [PSYoungGen: 420886K->143680K(510976K)] 1093320K->919959K(1909248K), 0.0517047 secs] [Times: user=0.31 sys=0.00, real=0.05 secs] 
5990.905: [GC (Allocation Failure) [PSYoungGen: 470336K->108768K(510464K)] 1246615K->1020091K(1908736K), 0.1685851 secs] [Times: user=1.01 sys=0.00, real=0.17 secs] 
5992.469: [GC (Allocation Failure) [PSYoungGen: 437984K->154368K(483840K)] 1349307K->1170232K(1882112K), 0.0529151 secs] [Times: user=0.31 sys=0.00, real=0.05 secs] 
5995.557: [GC (Allocation Failure) [PSYoungGen: 483584K->100928K(512512K)] 1499448K->1270608K(1910784K), 0.1740095 secs] [Times: user=1.03 sys=0.00, real=0.17 secs] 
5996.554: [GC (Allocation Failure) [PSYoungGen: 425536K->156512K(481280K)] 1595216K->1420396K(1879552K), 0.0887796 secs] [Times: user=0.52 sys=0.01, real=0.09 secs] 
5996.643: [Full GC (Ergonomics) [PSYoungGen: 156512K->0K(481280K)] [ParOldGen: 1263884K->219196K(1398272K)] 1420396K->219196K(1879552K), [Metaspace: 59713K->59713K(1105920K)], 0.5254673 secs] [Times: user=2.39 sys=0.00, real=0.53 secs] 
5999.975: [GC (Allocation Failure) [PSYoungGen: 324608K->97552K(507904K)] 543804K->316749K(1906176K), 0.1071407 secs] [Times: user=0.63 sys=0.01, real=0.11 secs] 
6000.711: [GC (Allocation Failure) [PSYoungGen: 413456K->150160K(466432K)] 632653K->460738K(1864704K), 0.0914477 secs] [Times: user=0.54 sys=0.00, real=0.09 secs] 
6004.791: [GC (Allocation Failure) [PSYoungGen: 466064K->91600K(505856K)] 776642K->551998K(1904128K), 0.1639478 secs] [Times: user=0.98 sys=0.00, real=0.16 secs] 
6005.267: [GC (Allocation Failure) [PSYoungGen: 403920K->149440K(461824K)] 864318K->695654K(1860096K), 0.0576858 secs] [Times: user=0.34 sys=0.00, real=0.05 secs] 
6008.008: [GC (Allocation Failure) [PSYoungGen: 461760K->91456K(504320K)] 1007974K->786998K(1902592K), 0.1650324 secs] [Times: user=0.98 sys=0.00, real=0.16 secs] 
6008.944: [GC (Allocation Failure) [PSYoungGen: 400192K->147296K(456192K)] 1095734K->928103K(1854464K), 0.0555066 secs] [Times: user=0.33 sys=0.00, real=0.06 secs] 
6012.313: [GC (Allocation Failure) [PSYoungGen: 456032K->90720K(503296K)] 1236839K->1018707K(1901568K), 0.1653634 secs] [Times: user=0.98 sys=0.00, real=0.17 secs] 
6013.134: [GC (Allocation Failure) [PSYoungGen: 397408K->181504K(488448K)] 1325395K->1194019K(1886720K), 0.0541934 secs] [Times: user=0.32 sys=0.00, real=0.06 secs] 
6016.300: [GC (Allocation Failure) [PSYoungGen: 488192K->88816K(490496K)] 1500707K->1249583K(1888768K), 0.1681367 secs] [Times: user=1.00 sys=0.00, real=0.17 secs] 
6017.805: [GC (Allocation Failure) [PSYoungGen: 369392K->131888K(412672K)] 1530159K->1377624K(1810944K), 0.0484651 secs] [Times: user=0.28 sys=0.00, real=0.05 secs] 
6017.853: [Full GC (Ergonomics) [PSYoungGen: 131888K->0K(412672K)] [ParOldGen: 1245735K->185273K(1398272K)] 1377624K->185273K(1810944K), [Metaspace: 59713K->59713K(1105920K)], 0.4538524 secs] [Times: user=2.11 sys=0.00, real=0.46 secs] 
6019.349: [GC (Allocation Failure) [PSYoungGen: 280576K->90848K(485888K)] 465849K->276121K(1884160K), 0.0310879 secs] [Times: user=0.18 sys=0.00, real=0.03 secs] 
6021.626: [GC (Allocation Failure) [PSYoungGen: 373472K->127040K(483840K)] 558745K->401246K(1882112K), 0.0520798 secs] [Times: user=0.31 sys=0.00, real=0.06 secs] 
6023.188: [GC (Allocation Failure) [PSYoungGen: 409664K->107392K(493056K)] 683870K->499562K(1891328K), 0.0612550 secs] [Times: user=0.36 sys=0.00, real=0.06 secs] 
6025.562: [GC (Allocation Failure) [PSYoungGen: 406400K->118784K(489472K)] 798570K->618334K(1887744K), 0.0709636 secs] [Times: user=0.42 sys=0.00, real=0.07 secs] 
6027.894: [GC (Allocation Failure) [PSYoungGen: 417792K->129952K(501248K)] 917342K->737863K(1899520K), 0.0681073 secs] [Times: user=0.35 sys=0.00, real=0.07 secs] 
6030.514: [GC (Allocation Failure) [PSYoungGen: 447392K->114272K(498176K)] 1055303K->851687K(1896448K), 0.0840989 secs] [Times: user=0.50 sys=0.00, real=0.09 secs] 
6032.103: [GC (Allocation Failure) [PSYoungGen: 431712K->133792K(510976K)] 1169127K->974790K(1909248K), 0.0624224 secs] [Times: user=0.37 sys=0.00, real=0.06 secs] 
6035.068: [GC (Allocation Failure) [PSYoungGen: 468640K->121440K(510464K)] 1309638K->1096278K(1908736K), 0.0761431 secs] [Times: user=0.45 sys=0.00, real=0.07 secs] 
6036.405: [GC (Allocation Failure) [PSYoungGen: 456288K->640K(497664K)] 1431126K->975570K(1895936K), 0.0034528 secs] [Times: user=0.02 sys=0.00, real=0.01 secs] 
6038.490: [GC (Allocation Failure) [PSYoungGen: 327808K->137376K(464896K)] 1302738K->1112438K(1863168K), 0.0324927 secs] [Times: user=0.19 sys=0.01, real=0.03 secs] 
6040.899: [GC (Allocation Failure) [PSYoungGen: 464544K->5824K(488960K)] 1439606K->980910K(1887232K), 0.0038513 secs] [Times: user=0.02 sys=0.00, real=0.00 secs] 
6043.812: [GC (Allocation Failure) [PSYoungGen: 306368K->134560K(435200K)] 1281454K->1109646K(1833472K), 0.0363111 secs] [Times: user=0.21 sys=0.00, real=0.04 secs] 
6045.386: [GC (Allocation Failure) [PSYoungGen: 435104K->201696K(434688K)] 1410190K->1213006K(1832960K), 0.0622656 secs] [Times: user=0.37 sys=0.00, real=0.07 secs] 
6047.728: [GC (Allocation Failure) [PSYoungGen: 434656K->91296K(465920K)] 1445966K->1102706K(1864192K), 0.0348824 secs] [Times: user=0.20 sys=0.00, real=0.03 secs] 
6047.956: [GC (Allocation Failure) [PSYoungGen: 324256K->114624K(443392K)] 1335666K->1211531K(1841664K), 0.0535797 secs] [Times: user=0.30 sys=0.01, real=0.06 secs] 
6049.214: [GC (Allocation Failure) [PSYoungGen: 347584K->58752K(454656K)] 1444491K->1270267K(1852928K), 0.0530061 secs] [Times: user=0.31 sys=0.00, real=0.06 secs] 
6049.267: [Full GC (Ergonomics) [PSYoungGen: 58752K->0K(454656K)] [ParOldGen: 1211515K->34715K(1398272K)] 1270267K->34715K(1852928K), [Metaspace: 59713K->59713K(1105920K)], 0.0668540 secs] [Times: user=0.25 sys=0.00, real=0.06 secs] 
6050.990: [GC (Allocation Failure) [PSYoungGen: 232960K->107072K(455168K)] 267675K->141787K(1853440K), 0.0315917 secs] [Times: user=0.19 sys=0.00, real=0.03 secs] 
6051.997: [GC (Allocation Failure) [PSYoungGen: 363072K->166927K(466432K)] 397787K->299210K(1864704K), 0.0658067 secs] [Times: user=0.39 sys=0.00, real=0.06 secs] 
6055.134: [GC (Allocation Failure) [PSYoungGen: 422927K->70048K(480256K)] 555210K->325851K(1878528K), 0.1231715 secs] [Times: user=0.74 sys=0.00, real=0.13 secs] 
6055.469: [GC (Allocation Failure) [PSYoungGen: 313005K->118272K(377344K)] 568808K->438200K(1775616K), 0.0423565 secs] [Times: user=0.24 sys=0.01, real=0.04 secs] 
6056.614: [GC (Allocation Failure) [PSYoungGen: 376832K->81600K(473600K)] 696760K->511280K(1871872K), 0.0578854 secs] [Times: user=0.35 sys=0.00, real=0.06 secs] 
6058.988: [GC (Allocation Failure) [PSYoungGen: 344768K->118976K(468992K)] 774448K->627345K(1867264K), 0.0471300 secs] [Times: user=0.28 sys=0.00, real=0.04 secs] 
6061.350: [GC (Allocation Failure) [PSYoungGen: 382144K->114464K(485888K)] 890513K->732357K(1884160K), 0.0605396 secs] [Times: user=0.36 sys=0.00, real=0.06 secs] 
6062.390: [GC (Allocation Failure) [PSYoungGen: 404256K->100432K(482816K)] 1022149K->832861K(1881088K), 0.0791052 secs] [Times: user=0.46 sys=0.00, real=0.08 secs] 
6063.287: [GC (Allocation Failure) [PSYoungGen: 390224K->160016K(485376K)] 1122653K->982797K(1883648K), 0.1031692 secs] [Times: user=0.61 sys=0.00, real=0.10 secs] 
6066.180: [GC (Allocation Failure) [PSYoungGen: 459024K->85088K(496128K)] 1281805K->1051212K(1894400K), 0.1178331 secs] [Times: user=0.69 sys=0.01, real=0.12 secs] 
6066.525: [GC (Allocation Failure) [PSYoungGen: 384096K->145952K(495616K)] 1350220K->1190845K(1893888K), 0.0556256 secs] [Times: user=0.33 sys=0.00, real=0.06 secs] 
6069.131: [GC (Allocation Failure) [PSYoungGen: 447520K->90448K(500224K)] 1492413K->1281118K(1898496K), 0.1167272 secs] [Times: user=0.70 sys=0.00, real=0.12 secs] 
6069.967: [GC (Allocation Failure) [PSYoungGen: 392016K->144704K(497152K)] 1582686K->1419994K(1895424K), 0.1424491 secs] [Times: user=0.85 sys=0.00, real=0.14 secs] 
6070.110: [Full GC (Ergonomics) [PSYoungGen: 144704K->0K(497152K)] [ParOldGen: 1275290K->223983K(1398272K)] 1419994K->223983K(1895424K), [Metaspace: 59713K->59713K(1105920K)], 0.5848269 secs] [Times: user=2.79 sys=0.00, real=0.58 secs] 
6074.002: [GC (Allocation Failure) [PSYoungGen: 302592K->89120K(500736K)] 526575K->313103K(1899008K), 0.1091246 secs] [Times: user=0.64 sys=0.01, real=0.11 secs] 
6075.397: [GC (GCLocker Initiated GC) [PSYoungGen: 391712K->143664K(497664K)] 615695K->450312K(1895936K), 0.1403548 secs] [Times: user=0.83 sys=0.01, real=0.14 secs] 
6079.485: [GC (Allocation Failure) [PSYoungGen: 446768K->86448K(500736K)] 753419K->536634K(1899008K), 0.1657531 secs] [Times: user=0.98 sys=0.00, real=0.17 secs] 
6080.516: [GC (Allocation Failure) [PSYoungGen: 385422K->140976K(499200K)] 835609K->673191K(1897472K), 0.0488096 secs] [Times: user=0.28 sys=0.00, real=0.05 secs] 
6081.826: [GC (Allocation Failure) [PSYoungGen: 445616K->102000K(407040K)] 977831K->766487K(1805312K), 0.0635284 secs] [Times: user=0.38 sys=0.01, real=0.07 secs] 
6083.922: [GC (Allocation Failure) [PSYoungGen: 406640K->139696K(497152K)] 1071127K->902575K(1895424K), 0.0502817 secs] [Times: user=0.30 sys=0.00, real=0.05 secs] 
6086.287: [GC (Allocation Failure) [PSYoungGen: 445872K->102096K(498688K)] 1208751K->995311K(1896960K), 0.0792557 secs] [Times: user=0.46 sys=0.00, real=0.07 secs] 
6088.801: [GC (Allocation Failure) [PSYoungGen: 408272K->141424K(501248K)] 1301487K->1133400K(1899520K), 0.0508489 secs] [Times: user=0.30 sys=0.00, real=0.05 secs] 
6090.674: [GC (Allocation Failure) [PSYoungGen: 454768K->107344K(503296K)] 1446744K->1230996K(1901568K), 0.0654725 secs] [Times: user=0.39 sys=0.00, real=0.07 secs] 
6092.017: [GC (Allocation Failure) [PSYoungGen: 420688K->150800K(500224K)] 1544340K->1379549K(1898496K), 0.0544781 secs] [Times: user=0.32 sys=0.00, real=0.05 secs] 
6092.072: [Full GC (Ergonomics) [PSYoungGen: 150800K->0K(500224K)] [ParOldGen: 1228748K->179334K(1398272K)] 1379549K->179334K(1898496K), [Metaspace: 59713K->59713K(1105920K)], 0.4275758 secs] [Times: user=1.97 sys=0.00, real=0.43 secs] 
6094.947: [GC (Allocation Failure) [PSYoungGen: 315392K->107408K(505856K)] 494726K->286742K(1904128K), 0.0338806 secs] [Times: user=0.20 sys=0.00, real=0.03 secs] 
6097.013: [GC (Allocation Failure) [PSYoungGen: 422800K->142688K(507392K)] 602134K->427178K(1905664K), 0.0530343 secs] [Times: user=0.32 sys=0.00, real=0.05 secs] 
6099.705: [GC (Allocation Failure) [PSYoungGen: 464224K->108416K(430080K)] 748714K->526446K(1828352K), 0.0641921 secs] [Times: user=0.38 sys=0.00, real=0.07 secs] 
6102.257: [GC (Allocation Failure) [PSYoungGen: 429952K->149200K(503808K)] 847982K->672164K(1902080K), 0.0536432 secs] [Times: user=0.31 sys=0.00, real=0.05 secs] 
6103.843: [GC (Allocation Failure) [PSYoungGen: 469712K->108672K(508416K)] 992676K->771947K(1906688K), 0.0834589 secs] [Times: user=0.50 sys=0.00, real=0.08 secs] 
6106.371: [GC (Allocation Failure) [PSYoungGen: 429184K->146496K(508416K)] 1092459K->914632K(1906688K), 0.0525152 secs] [Times: user=0.31 sys=0.00, real=0.05 secs] 
6108.254: [GC (Allocation Failure) [PSYoungGen: 471104K->111488K(436224K)] 1239240K->1016964K(1834496K), 0.0796184 secs] [Times: user=0.46 sys=0.00, real=0.08 secs] 
6110.182: [GC (Allocation Failure) [PSYoungGen: 432489K->145872K(508416K)] 1337965K->1159246K(1906688K), 0.0539039 secs] [Times: user=0.32 sys=0.00, real=0.05 secs] 
6113.021: [GC (Allocation Failure) [PSYoungGen: 471504K->108672K(510976K)] 1484878K->1259113K(1909248K), 0.1077012 secs] [Times: user=0.64 sys=0.01, real=0.11 secs] 
6114.656: [GC (Allocation Failure) [PSYoungGen: 418936K->141408K(512512K)] 1569377K->1397170K(1910784K), 0.0592981 secs] [Times: user=0.35 sys=0.00, real=0.06 secs] 
6114.715: [Full GC (Ergonomics) [PSYoungGen: 141408K->0K(512512K)] [ParOldGen: 1255762K->195898K(1398272K)] 1397170K->195898K(1910784K), [Metaspace: 59713K->59713K(1105920K)], 0.4789432 secs] [Times: user=2.22 sys=0.00, real=0.48 secs] 
6118.509: [GC (Allocation Failure) [PSYoungGen: 330240K->108384K(513024K)] 526138K->304282K(1911296K), 0.0641485 secs] [Times: user=0.37 sys=0.00, real=0.06 secs] 
6119.699: [GC (Allocation Failure) [PSYoungGen: 438624K->155808K(506368K)] 634522K->456161K(1904640K), 0.0534335 secs] [Times: user=0.31 sys=0.00, real=0.05 secs] 
6122.498: [GC (Allocation Failure) [PSYoungGen: 481952K->100096K(512512K)] 782305K->556033K(1910784K), 0.1172400 secs] [Times: user=0.69 sys=0.00, real=0.11 secs] 
6123.835: [GC (Allocation Failure) [PSYoungGen: 426240K->153520K(503808K)] 882177K->703226K(1902080K), 0.1481671 secs] [Times: user=0.88 sys=0.00, real=0.15 secs] 
6127.329: [GC (Allocation Failure) [PSYoungGen: 472496K->96160K(508928K)] 1022202K->799206K(1907200K), 0.1680376 secs] [Times: user=1.00 sys=0.00, real=0.16 secs] 
6128.354: [GC (Allocation Failure) [PSYoungGen: 415136K->152832K(501760K)] 1118182K->946010K(1900032K), 0.1192384 secs] [Times: user=0.71 sys=0.01, real=0.12 secs] 
6132.029: [GC (Allocation Failure) [PSYoungGen: 465664K->93280K(505856K)] 1258842K->1039123K(1904128K), 0.1571432 secs] [Times: user=0.93 sys=0.00, real=0.15 secs] 
6132.901: [GC (Allocation Failure) [PSYoungGen: 406112K->150592K(500736K)] 1351955K->1183787K(1899008K), 0.0990499 secs] [Times: user=0.59 sys=0.00, real=0.10 secs] 
6136.014: [GC (Allocation Failure) [PSYoungGen: 459328K->85808K(503808K)] 1492523K->1269516K(1902080K), 0.1781170 secs] [Times: user=1.06 sys=0.01, real=0.18 secs] 
6136.763: [GC (Allocation Failure) [PSYoungGen: 394544K->149952K(497664K)] 1578252K->1412840K(1895936K), 0.0527309 secs] [Times: user=0.31 sys=0.00, real=0.05 secs] 
6136.816: [Full GC (Ergonomics) [PSYoungGen: 149952K->0K(497664K)] [ParOldGen: 1262888K->212875K(1398272K)] 1412840K->212875K(1895936K), [Metaspace: 59713K->59713K(1105920K)], 0.5029259 secs] [Times: user=2.34 sys=0.00, real=0.51 secs] 
6139.390: [GC (Allocation Failure) [PSYoungGen: 302592K->89857K(500736K)] 515467K->302733K(1899008K), 0.1067007 secs] [Times: user=0.63 sys=0.00, real=0.10 secs] 
6140.664: [GC (Allocation Failure) [PSYoungGen: 382358K->137600K(496640K)] 595233K->434721K(1894912K), 0.0478570 secs] [Times: user=0.28 sys=0.00, real=0.05 secs] 
6143.305: [GC (Allocation Failure) [PSYoungGen: 441216K->97984K(499200K)] 738337K->523933K(1897472K), 0.0735037 secs] [Times: user=0.43 sys=0.00, real=0.08 secs] 
6144.380: [GC (Allocation Failure) [PSYoungGen: 401600K->143344K(501760K)] 827549K->663630K(1900032K), 0.0488056 secs] [Times: user=0.29 sys=0.00, real=0.05 secs] 
6145.878: [GC (Allocation Failure) [PSYoungGen: 452592K->102384K(502784K)] 972878K->757214K(1901056K), 0.0641802 secs] [Times: user=0.38 sys=0.00, real=0.06 secs] 
6148.379: [GC (Allocation Failure) [PSYoungGen: 411632K->142720K(501248K)] 1066462K->896750K(1899520K), 0.0513123 secs] [Times: user=0.30 sys=0.00, real=0.05 secs] 
6149.805: [GC (Allocation Failure) [PSYoungGen: 451989K->103984K(502784K)] 1206020K->991611K(1901056K), 0.0684699 secs] [Times: user=0.41 sys=0.00, real=0.07 secs] 
6151.962: [GC (Allocation Failure) [PSYoungGen: 415280K->140544K(504832K)] 1302907K->1130359K(1903104K), 0.1083905 secs] [Times: user=0.64 sys=0.00, real=0.11 secs] 
6153.849: [GC (Allocation Failure) [PSYoungGen: 457472K->107584K(505344K)] 1447287K->1229507K(1903616K), 0.0648069 secs] [Times: user=0.39 sys=0.00, real=0.06 secs] 
6155.962: [GC (Allocation Failure) [PSYoungGen: 424512K->143776K(504832K)] 1546435K->1371064K(1903104K), 0.0651184 secs] [Times: user=0.39 sys=0.00, real=0.07 secs] 
6156.028: [Full GC (Ergonomics) [PSYoungGen: 143776K->0K(504832K)] [ParOldGen: 1227288K->179163K(1398272K)] 1371064K->179163K(1903104K), [Metaspace: 59713K->59713K(1105920K)], 0.4361859 secs] [Times: user=2.02 sys=0.00, real=0.43 secs] 
6159.013: [GC (Allocation Failure) [PSYoungGen: 320512K->106912K(506880K)] 499675K->286075K(1905152K), 0.0998260 secs] [Times: user=0.59 sys=0.01, real=0.10 secs] 
6160.717: [GC (Allocation Failure) [PSYoungGen: 427424K->145952K(507904K)] 606587K->429375K(1906176K), 0.0526130 secs] [Times: user=0.31 sys=0.01, real=0.05 secs] 
6162.607: [GC (Allocation Failure) [PSYoungGen: 471072K->108336K(510976K)] 754495K->528588K(1909248K), 0.0650936 secs] [Times: user=0.39 sys=0.00, real=0.07 secs] 
6163.465: [GC (GCLocker Initiated GC) [PSYoungGen: 433456K->151792K(506368K)] 853708K->677073K(1904640K), 0.0534440 secs] [Times: user=0.31 sys=0.00, real=0.06 secs] 
6165.517: [GC (Allocation Failure) [PSYoungGen: 475888K->108128K(511488K)] 1001221K->776332K(1909760K), 0.0669069 secs] [Times: user=0.40 sys=0.00, real=0.06 secs] 
6166.905: [GC (Allocation Failure) [PSYoungGen: 420405K->147872K(509440K)] 1088609K->920977K(1907712K), 0.0795167 secs] [Times: user=0.47 sys=0.00, real=0.08 secs] 
6169.435: [GC (Allocation Failure) [PSYoungGen: 472992K->107712K(512000K)] 1246097K->1020225K(1910272K), 0.1350280 secs] [Times: user=0.80 sys=0.01, real=0.14 secs] 
6172.017: [GC (Allocation Failure) [PSYoungGen: 425617K->144896K(510464K)] 1338131K->1160934K(1908736K), 0.0525553 secs] [Times: user=0.31 sys=0.00, real=0.06 secs] 
6175.017: [GC (Allocation Failure) [PSYoungGen: 471040K->109872K(436224K)] 1487078K->1261042K(1834496K), 0.1740406 secs] [Times: user=1.03 sys=0.01, real=0.17 secs] 
6175.731: [GC (Allocation Failure) [PSYoungGen: 436016K->154928K(505856K)] 1587186K->1412255K(1904128K), 0.0540217 secs] [Times: user=0.32 sys=0.00, real=0.05 secs] 
6175.785: [Full GC (Ergonomics) [PSYoungGen: 154928K->0K(505856K)] [ParOldGen: 1257326K->210084K(1398272K)] 1412255K->210084K(1904128K), [Metaspace: 59713K->59713K(1105920K)], 0.4983738 secs] [Times: user=2.33 sys=0.00, real=0.50 secs] 
6179.092: [GC (Allocation Failure) [PSYoungGen: 323072K->95264K(510976K)] 533156K->305348K(1909248K), 0.1366012 secs] [Times: user=0.81 sys=0.00, real=0.14 secs] 
6179.796: [GC (Allocation Failure) [PSYoungGen: 418336K->157344K(499200K)] 628420K->456569K(1897472K), 0.0549940 secs] [Times: user=0.33 sys=0.00, real=0.06 secs] 
6182.256: [GC (Allocation Failure) [PSYoungGen: 469152K->91952K(505344K)] 768377K->548202K(1903616K), 0.1665070 secs] [Times: user=0.96 sys=0.00, real=0.17 secs] 
6183.574: [GC (Allocation Failure) [PSYoungGen: 403760K->150656K(499712K)] 860010K->692406K(1897984K), 0.0546660 secs] [Times: user=0.32 sys=0.00, real=0.06 secs] 
6185.790: [GC (Allocation Failure) [PSYoungGen: 457344K->92032K(502784K)] 999094K->784018K(1901056K), 0.1355172 secs] [Times: user=0.81 sys=0.00, real=0.13 secs] 
6186.317: [GC (Allocation Failure) [PSYoungGen: 398720K->146784K(500736K)] 1090706K->924627K(1899008K), 0.0554556 secs] [Times: user=0.32 sys=0.01, real=0.06 secs] 
6189.757: [GC (Allocation Failure) [PSYoungGen: 452448K->90800K(502272K)] 1230291K->1014396K(1900544K), 0.1322979 secs] [Times: user=0.78 sys=0.01, real=0.13 secs] 
6190.960: [GC (Allocation Failure) [PSYoungGen: 387967K->140544K(500736K)] 1311563K->1151096K(1899008K), 0.0500434 secs] [Times: user=0.30 sys=0.00, real=0.05 secs] 
6193.252: [GC (Allocation Failure) [PSYoungGen: 447232K->99632K(501760K)] 1457784K->1242133K(1900032K), 0.0709891 secs] [Times: user=0.42 sys=0.00, real=0.07 secs] 
6196.283: [GC (Allocation Failure) [PSYoungGen: 406320K->140224K(501760K)] 1548821K->1378393K(1900032K), 0.0494072 secs] [Times: user=0.29 sys=0.00, real=0.05 secs] 
6196.333: [Full GC (Ergonomics) [PSYoungGen: 140224K->0K(501760K)] [ParOldGen: 1238169K->184760K(1398272K)] 1378393K->184760K(1900032K), [Metaspace: 59714K->59714K(1105920K)], 0.4508325 secs] [Times: user=2.10 sys=0.00, real=0.45 secs] 
6199.354: [GC (Allocation Failure) [PSYoungGen: 309760K->99488K(501760K)] 494520K->284248K(1900032K), 0.0538864 secs] [Times: user=0.32 sys=0.00, real=0.06 secs] 
6201.497: [GC (Allocation Failure) [PSYoungGen: 409248K->143648K(502272K)] 594008K->425085K(1900544K), 0.0504809 secs] [Times: user=0.29 sys=0.01, real=0.06 secs] 
6202.682: [GC (GCLocker Initiated GC) [PSYoungGen: 456992K->106272K(503808K)] 738431K->522063K(1902080K), 0.0637417 secs] [Times: user=0.38 sys=0.00, real=0.06 secs] 
6205.146: [GC (Allocation Failure) [PSYoungGen: 419616K->150144K(502272K)] 835410K->669711K(1900544K), 0.0526470 secs] [Times: user=0.31 sys=0.00, real=0.06 secs] 
6206.408: [GC (Allocation Failure) [PSYoungGen: 465536K->108768K(506368K)] 985103K->761095K(1904640K), 0.0675319 secs] [Times: user=0.41 sys=0.00, real=0.06 secs] 
6207.975: [GC (Allocation Failure) [PSYoungGen: 424160K->143888K(506368K)] 1076487K->902660K(1904640K), 0.0544195 secs] [Times: user=0.33 sys=0.00, real=0.06 secs] 
6210.231: [GC (Allocation Failure) [PSYoungGen: 463376K->107536K(507904K)] 1222148K->1000725K(1906176K), 0.0655350 secs] [Times: user=0.39 sys=0.00, real=0.06 secs] 
6211.566: [GC (Allocation Failure) [PSYoungGen: 427024K->146912K(505856K)] 1320213K->1145745K(1904128K), 0.0543833 secs] [Times: user=0.32 sys=0.00, real=0.06 secs] 
6214.532: [GC (Allocation Failure) [PSYoungGen: 467936K->106416K(508416K)] 1466769K->1243593K(1906688K), 0.0674516 secs] [Times: user=0.39 sys=0.00, real=0.07 secs] 
6215.768: [GC (Allocation Failure) [PSYoungGen: 427440K->149888K(506880K)] 1564617K->1390133K(1905152K), 0.0546121 secs] [Times: user=0.32 sys=0.00, real=0.05 secs] 
6215.822: [Full GC (Ergonomics) [PSYoungGen: 149888K->0K(506880K)] [ParOldGen: 1240245K->188863K(1398272K)] 1390133K->188863K(1905152K), [Metaspace: 59714K->59714K(1105920K)], 0.4653615 secs] [Times: user=2.17 sys=0.00, real=0.47 secs] 
6217.441: [GC (Allocation Failure) [PSYoungGen: 322048K->110496K(510464K)] 510911K->299367K(1908736K), 0.0369045 secs] [Times: user=0.22 sys=0.00, real=0.04 secs] 
6219.048: [GC (Allocation Failure) [PSYoungGen: 429508K->147856K(507904K)] 618379K->443681K(1906176K), 0.0525180 secs] [Times: user=0.31 sys=0.01, real=0.05 secs] 
6221.653: [GC (Allocation Failure) [PSYoungGen: 470928K->107744K(510464K)] 766753K->541952K(1908736K), 0.0651198 secs] [Times: user=0.38 sys=0.00, real=0.07 secs] 
6223.576: [GC (Allocation Failure) [PSYoungGen: 419898K->142992K(510976K)] 854107K->681426K(1909248K), 0.0515521 secs] [Times: user=0.30 sys=0.00, real=0.06 secs] 
6225.787: [GC (Allocation Failure) [PSYoungGen: 469136K->108288K(511488K)] 1007570K->781009K(1909760K), 0.1448599 secs] [Times: user=0.85 sys=0.00, real=0.14 secs] 
6227.078: [GC (Allocation Failure) [PSYoungGen: 434432K->152736K(506880K)] 1107153K->929538K(1905152K), 0.0531716 secs] [Times: user=0.32 sys=0.00, real=0.05 secs] 
6229.769: [GC (Allocation Failure) [PSYoungGen: 476832K->99520K(511488K)] 1253634K->1028158K(1909760K), 0.1011971 secs] [Times: user=0.60 sys=0.01, real=0.10 secs] 
6230.397: [GC (Allocation Failure) [PSYoungGen: 423616K->185824K(418816K)] 1352254K->1227483K(1817088K), 0.0632581 secs] [Times: user=0.37 sys=0.00, real=0.06 secs] 
6233.096: [GC (Allocation Failure) [PSYoungGen: 418784K->57136K(465920K)] 1460445K->1234954K(1864192K), 0.0593681 secs] [Times: user=0.35 sys=0.01, real=0.06 secs] 
6234.578: [GC (GCLocker Initiated GC) [PSYoungGen: 290096K->103936K(465920K)] 1467914K->1336522K(1864192K), 0.0530830 secs] [Times: user=0.30 sys=0.02, real=0.05 secs] 
6234.631: [Full GC (Ergonomics) [PSYoungGen: 103936K->0K(465920K)] [ParOldGen: 1232586K->135642K(1398272K)] 1336522K->135642K(1864192K), [Metaspace: 59716K->59716K(1105920K)], 0.3198822 secs] [Times: user=1.46 sys=0.00, real=0.32 secs] 
6236.181: [GC (Allocation Failure) [PSYoungGen: 232960K->117856K(465920K)] 368605K->253501K(1864192K), 0.1019257 secs] [Times: user=0.60 sys=0.00, real=0.10 secs] 
6237.858: [GC (Allocation Failure) [PSYoungGen: 350379K->57072K(465920K)] 486024K->310621K(1864192K), 0.1095461 secs] [Times: user=0.66 sys=0.00, real=0.11 secs] 
6238.948: [GC (Allocation Failure) [PSYoungGen: 290032K->106784K(339968K)] 543581K->413626K(1738240K), 0.0380844 secs] [Times: user=0.22 sys=0.00, real=0.03 secs] 
6242.032: [GC (Allocation Failure) [PSYoungGen: 339744K->96320K(466432K)] 646586K->501130K(1864704K), 0.0557983 secs] [Times: user=0.33 sys=0.00, real=0.06 secs] 
6244.320: [GC (Allocation Failure) [PSYoungGen: 335936K->78368K(459776K)] 740746K->579470K(1858048K), 0.0806138 secs] [Times: user=0.47 sys=0.01, real=0.08 secs] 
6244.703: [GC (Allocation Failure) [PSYoungGen: 302671K->109872K(468992K)] 803773K->683619K(1867264K), 0.0640629 secs] [Times: user=0.37 sys=0.01, real=0.07 secs] 
6246.541: [GC (Allocation Failure) [PSYoungGen: 371504K->80608K(468992K)] 945251K->755690K(1867264K), 0.0644744 secs] [Times: user=0.38 sys=0.00, real=0.06 secs] 
6249.293: [GC (GCLocker Initiated GC) [PSYoungGen: 342240K->116304K(480768K)] 1017322K->869455K(1879040K), 0.0577910 secs] [Times: user=0.34 sys=0.00, real=0.06 secs] 
6250.423: [GC (Allocation Failure) [PSYoungGen: 404048K->118080K(484352K)] 1157201K->978088K(1882624K), 0.0605044 secs] [Times: user=0.36 sys=0.00, real=0.06 secs] 
6252.651: [GC (Allocation Failure) [PSYoungGen: 405824K->106752K(491520K)] 1265832K->1084880K(1889792K), 0.0805918 secs] [Times: user=0.47 sys=0.01, real=0.08 secs] 
6255.019: [GC (Allocation Failure) [PSYoungGen: 418560K->142176K(495616K)] 1396688K->1215869K(1893888K), 0.0621966 secs] [Times: user=0.37 sys=0.00, real=0.06 secs] 
6257.061: [GC (GCLocker Initiated GC) [PSYoungGen: 453984K->101856K(508928K)] 1527677K->1317797K(1907200K), 0.0921479 secs] [Times: user=0.54 sys=0.01, real=0.09 secs] 
6259.128: [GC (Allocation Failure) [PSYoungGen: 429024K->147360K(509952K)] 1644967K->1453780K(1908224K), 0.0691586 secs] [Times: user=0.36 sys=0.05, real=0.07 secs] 
6259.198: [Full GC (Ergonomics) [PSYoungGen: 147360K->0K(509952K)] [ParOldGen: 1306420K->250857K(1398272K)] 1453780K->250857K(1908224K), [Metaspace: 59716K->59716K(1105920K)], 0.5433611 secs] [Times: user=2.39 sys=0.00, real=0.54 secs] 
6262.216: [GC (Allocation Failure) [PSYoungGen: 327168K->113088K(508416K)] 578025K->363945K(1906688K), 0.0360873 secs] [Times: user=0.21 sys=0.00, real=0.04 secs] 
6264.598: [GC (Allocation Failure) [PSYoungGen: 440768K->135488K(509440K)] 691625K->488416K(1907712K), 0.0657581 secs] [Times: user=0.38 sys=0.00, real=0.06 secs] 
6267.040: [GC (Allocation Failure) [PSYoungGen: 463168K->123792K(509440K)] 816096K->612221K(1907712K), 0.0716787 secs] [Times: user=0.43 sys=0.00, real=0.07 secs] 
6268.567: [GC (Allocation Failure) [PSYoungGen: 458640K->2336K(337408K)] 947069K->490816K(1735680K), 0.0021224 secs] [Times: user=0.01 sys=0.00, real=0.00 secs] 
6270.160: [GC (Allocation Failure) [PSYoungGen: 337184K->142848K(497664K)] 825664K->632205K(1895936K), 0.0305222 secs] [Times: user=0.18 sys=0.00, real=0.03 secs] 
6271.608: [GC (Allocation Failure) [PSYoungGen: 448512K->2832K(308736K)] 937869K->492386K(1707008K), 0.0021920 secs] [Times: user=0.01 sys=0.00, real=0.00 secs] 
6272.989: [GC (Allocation Failure) [PSYoungGen: 308496K->134976K(487424K)] 798050K->624529K(1885696K), 0.0362965 secs] [Times: user=0.21 sys=0.00, real=0.03 secs] 
6274.097: [GC (Allocation Failure) [PSYoungGen: 416064K->208864K(489984K)] 905617K->726905K(1888256K), 0.0605784 secs] [Times: user=0.36 sys=0.00, real=0.06 secs] 
6276.335: [GC (Allocation Failure) [PSYoungGen: 489952K->103808K(441856K)] 1007993K->621961K(1840128K), 0.0334393 secs] [Times: user=0.20 sys=0.00, real=0.04 secs] 
6276.659: [GC (Allocation Failure) [PSYoungGen: 336768K->119040K(465920K)] 854921K->731530K(1864192K), 0.0561844 secs] [Times: user=0.33 sys=0.00, real=0.05 secs] 
6278.128: [GC (Allocation Failure) [PSYoungGen: 352000K->58112K(456192K)] 964490K->789626K(1854464K), 0.0523280 secs] [Times: user=0.31 sys=0.00, real=0.05 secs] 
6280.687: [GC (Allocation Failure) [PSYoungGen: 297728K->110832K(464384K)] 1029242K->896480K(1862656K), 0.0405034 secs] [Times: user=0.24 sys=0.00, real=0.04 secs] 
6282.019: [GC (Allocation Failure) [PSYoungGen: 350448K->107936K(456192K)] 1136096K->994795K(1854464K), 0.0583299 secs] [Times: user=0.34 sys=0.00, real=0.06 secs] 
6284.343: [GC (Allocation Failure) [PSYoungGen: 368032K->79872K(463872K)] 1254891K->1074647K(1862144K), 0.0964993 secs] [Times: user=0.56 sys=0.00, real=0.10 secs] 
6284.685: [GC (Allocation Failure) [PSYoungGen: 339968K->125680K(489984K)] 1334743K->1193945K(1888256K), 0.0487981 secs] [Times: user=0.28 sys=0.00, real=0.05 secs] 
6286.565: [GC (Allocation Failure) [PSYoungGen: 420275K->87840K(492544K)] 1488539K->1280856K(1890816K), 0.1554399 secs] [Times: user=0.91 sys=0.01, real=0.16 secs] 
6288.196: [GC (Allocation Failure) [PSYoungGen: 383264K->136128K(496640K)] 1576280K->1413589K(1894912K), 0.0859196 secs] [Times: user=0.50 sys=0.01, real=0.09 secs] 
6288.282: [Full GC (Ergonomics) [PSYoungGen: 136128K->0K(496640K)] [ParOldGen: 1277461K->193900K(1398272K)] 1413589K->193900K(1894912K), [Metaspace: 59716K->59716K(1105920K)], 0.5002415 secs] [Times: user=2.36 sys=0.00, real=0.50 secs] 
6291.163: [GC (GCLocker Initiated GC) [PSYoungGen: 304640K->97888K(499200K)] 498541K->291789K(1897472K), 0.0420664 secs] [Times: user=0.24 sys=0.00, real=0.04 secs] 
6292.548: [GC (Allocation Failure) [PSYoungGen: 402528K->143296K(495104K)] 596481K->431878K(1893376K), 0.0486576 secs] [Times: user=0.29 sys=0.00, real=0.05 secs] 
6296.198: [GC (GCLocker Initiated GC) [PSYoungGen: 450496K->96240K(500224K)] 739078K->519255K(1898496K), 0.0628762 secs] [Times: user=0.38 sys=0.00, real=0.06 secs] 
6298.598: [GC (Allocation Failure) [PSYoungGen: 403440K->150368K(497152K)] 826510K->666627K(1895424K), 0.0496622 secs] [Times: user=0.29 sys=0.00, real=0.05 secs] 
6301.115: [GC (Allocation Failure) [PSYoungGen: 460128K->102928K(504320K)] 976387K->752156K(1902592K), 0.0642537 secs] [Times: user=0.38 sys=0.00, real=0.07 secs] 
6303.908: [GC (Allocation Failure) [PSYoungGen: 412688K->142240K(501760K)] 1061916K->891864K(1900032K), 0.0523012 secs] [Times: user=0.31 sys=0.00, real=0.05 secs] 
6305.144: [GC (Allocation Failure) [PSYoungGen: 455584K->107376K(420864K)] 1205208K->989885K(1819136K), 0.0666706 secs] [Times: user=0.40 sys=0.01, real=0.07 secs] 
6308.390: [GC (Allocation Failure) [PSYoungGen: 420720K->140400K(502272K)] 1303229K->1127942K(1900544K), 0.0550299 secs] [Times: user=0.32 sys=0.00, real=0.05 secs] 
6309.694: [GC (Allocation Failure) [PSYoungGen: 456816K->110416K(504320K)] 1444358K->1229134K(1902592K), 0.0665312 secs] [Times: user=0.40 sys=0.00, real=0.07 secs] 
6312.152: [GC (Allocation Failure) [PSYoungGen: 426832K->141152K(504832K)] 1545550K->1367954K(1903104K), 0.0547014 secs] [Times: user=0.32 sys=0.00, real=0.05 secs] 
6312.207: [Full GC (Ergonomics) [PSYoungGen: 141152K->0K(504832K)] [ParOldGen: 1226802K->166391K(1398272K)] 1367954K->166391K(1903104K), [Metaspace: 59716K->59716K(1105920K)], 0.4065133 secs] [Times: user=1.89 sys=0.00, real=0.41 secs] 
6313.696: [GC (Allocation Failure) [PSYoungGen: 322560K->110977K(507392K)] 488951K->277368K(1905664K), 0.0356576 secs] [Times: user=0.21 sys=0.00, real=0.04 secs] 
6316.033: [GC (Allocation Failure) [PSYoungGen: 433537K->146720K(507392K)] 599928K->421880K(1905664K), 0.0549434 secs] [Times: user=0.32 sys=0.00, real=0.06 secs] 
6317.670: [GC (Allocation Failure) [PSYoungGen: 474400K->111616K(511488K)] 749560K->524264K(1909760K), 0.0651220 secs] [Times: user=0.39 sys=0.01, real=0.06 secs] 
6320.066: [GC (Allocation Failure) [PSYoungGen: 439296K->150560K(508416K)] 851944K->672405K(1906688K), 0.0547814 secs] [Times: user=0.32 sys=0.00, real=0.06 secs] 
6321.817: [GC (Allocation Failure) [PSYoungGen: 479776K->111088K(514048K)] 1001621K->774662K(1912320K), 0.0673880 secs] [Times: user=0.40 sys=0.00, real=0.06 secs] 
6323.906: [GC (Allocation Failure) [PSYoungGen: 430101K->149360K(509952K)] 1093675K->920371K(1908224K), 0.0538971 secs] [Times: user=0.32 sys=0.00, real=0.06 secs] 
6326.168: [GC (Allocation Failure) [PSYoungGen: 478576K->108176K(514048K)] 1249587K->1019787K(1912320K), 0.1301241 secs] [Times: user=0.75 sys=0.00, real=0.13 secs] 
6329.187: [GC (Allocation Failure) [PSYoungGen: 437392K->170240K(493568K)] 1349003K->1185563K(1891840K), 0.0541304 secs] [Times: user=0.32 sys=0.01, real=0.05 secs] 
6331.370: [GC (Allocation Failure) [PSYoungGen: 482048K->91600K(505344K)] 1497371K->1260260K(1903616K), 0.1707824 secs] [Times: user=1.02 sys=0.01, real=0.17 secs] 
6333.066: [GC (Allocation Failure) [PSYoungGen: 390517K->141680K(503808K)] 1559176K->1397369K(1902080K), 0.0505442 secs] [Times: user=0.29 sys=0.00, real=0.05 secs] 
6333.116: [Full GC (Ergonomics) [PSYoungGen: 141680K->0K(503808K)] [ParOldGen: 1255688K->196122K(1398272K)] 1397369K->196122K(1902080K), [Metaspace: 59716K->59716K(1105920K)], 0.4785959 secs] [Times: user=2.23 sys=0.00, real=0.48 secs] 
6334.685: [GC (Allocation Failure) [PSYoungGen: 312320K->104368K(416768K)] 508442K->300491K(1815040K), 0.0506118 secs] [Times: user=0.29 sys=0.00, real=0.05 secs] 
6337.116: [GC (Allocation Failure) [PSYoungGen: 416688K->144192K(503296K)] 612811K->441103K(1901568K), 0.0494415 secs] [Times: user=0.29 sys=0.00, real=0.05 secs] 
6338.925: [GC (GCLocker Initiated GC) [PSYoungGen: 458048K->101824K(504320K)] 754960K->534264K(1902592K), 0.0631721 secs] [Times: user=0.37 sys=0.00, real=0.07 secs] 
6341.072: [GC (Allocation Failure) [PSYoungGen: 415680K->146624K(505344K)] 848172K->677241K(1903616K), 0.0495826 secs] [Times: user=0.30 sys=0.00, real=0.05 secs] 
6342.333: [GC (Allocation Failure) [PSYoungGen: 463552K->106944K(507392K)] 994169K->775373K(1905664K), 0.0747346 secs] [Times: user=0.44 sys=0.01, real=0.08 secs] 
6344.617: [GC (Allocation Failure) [PSYoungGen: 423872K->146624K(505344K)] 1092301K->918241K(1903616K), 0.0519849 secs] [Times: user=0.31 sys=0.00, real=0.06 secs] 
6346.865: [GC (Allocation Failure) [PSYoungGen: 464576K->107168K(507392K)] 1236193K->1016761K(1905664K), 0.1467977 secs] [Times: user=0.79 sys=0.01, real=0.15 secs] 
6348.402: [GC (Allocation Failure) [PSYoungGen: 420547K->146320K(506368K)] 1330141K->1159227K(1904640K), 0.0529215 secs] [Times: user=0.31 sys=0.00, real=0.05 secs] 
6350.292: [GC (Allocation Failure) [PSYoungGen: 466320K->108272K(508416K)] 1479227K->1258035K(1906688K), 0.0951027 secs] [Times: user=0.55 sys=0.01, real=0.10 secs] 
6352.202: [GC (Allocation Failure) [PSYoungGen: 415642K->142976K(508928K)] 1565405K->1397127K(1907200K), 0.0516530 secs] [Times: user=0.31 sys=0.00, real=0.05 secs] 
6352.254: [Full GC (Ergonomics) [PSYoungGen: 142976K->0K(508928K)] [ParOldGen: 1254151K->195963K(1398272K)] 1397127K->195963K(1907200K), [Metaspace: 59716K->59716K(1105920K)], 0.4836317 secs] [Times: user=2.26 sys=0.00, real=0.49 secs] 
6355.409: [GC (Allocation Failure) [PSYoungGen: 323584K->107488K(509440K)] 519547K->303451K(1907712K), 0.0513256 secs] [Times: user=0.30 sys=0.00, real=0.05 secs] 
6357.364: [GC (Allocation Failure) [PSYoungGen: 416181K->143520K(509952K)] 612145K->443252K(1908224K), 0.0507222 secs] [Times: user=0.30 sys=0.00, real=0.05 secs] 
6360.318: [GC (Allocation Failure) [PSYoungGen: 470176K->107296K(510976K)] 769908K->541820K(1909248K), 0.0667333 secs] [Times: user=0.39 sys=0.00, real=0.06 secs] 
6361.986: [GC (Allocation Failure) [PSYoungGen: 419573K->142944K(512000K)] 854098K->681513K(1910272K), 0.1418262 secs] [Times: user=0.84 sys=0.00, real=0.15 secs] 
6364.469: [GC (Allocation Failure) [PSYoungGen: 473184K->109312K(513024K)] 1011753K->782345K(1911296K), 0.1248276 secs] [Times: user=0.73 sys=0.00, real=0.12 secs] 
6365.513: [GC (Allocation Failure) [PSYoungGen: 439552K->154544K(507392K)] 1112585K->933143K(1905664K), 0.0535075 secs] [Times: user=0.32 sys=0.00, real=0.05 secs] 
6368.604: [GC (Allocation Failure) [PSYoungGen: 481712K->98368K(513024K)] 1260311K->1030974K(1911296K), 0.1708406 secs] [Times: user=1.01 sys=0.00, real=0.17 secs] 
6369.849: [GC (Allocation Failure) [PSYoungGen: 425536K->158736K(500736K)] 1358142K->1183395K(1899008K), 0.0568380 secs] [Times: user=0.34 sys=0.00, real=0.05 secs] 
6373.205: [GC (GCLocker Initiated GC) [PSYoungGen: 474640K->89808K(406016K)] 1499300K->1272836K(1804288K), 0.1617545 secs] [Times: user=0.96 sys=0.00, real=0.17 secs] 
6373.641: [GC (Allocation Failure) [PSYoungGen: 405712K->154304K(498688K)] 1588742K->1421222K(1896960K), 0.0548529 secs] [Times: user=0.33 sys=0.00, real=0.05 secs] 
6373.696: [Full GC (Ergonomics) [PSYoungGen: 154304K->0K(498688K)] [ParOldGen: 1266918K->220880K(1398272K)] 1421222K->220880K(1896960K), [Metaspace: 59716K->59716K(1105920K)], 0.5236975 secs] [Times: user=2.44 sys=0.00, real=0.53 secs] 
6376.669: [GC (Allocation Failure) [PSYoungGen: 306688K->88304K(502784K)] 527568K->309184K(1901056K), 0.1275588 secs] [Times: user=0.75 sys=0.01, real=0.12 secs] 
6377.882: [GC (Allocation Failure) [PSYoungGen: 394992K->144928K(501760K)] 615872K->447941K(1900032K), 0.0919843 secs] [Times: user=0.50 sys=0.01, real=0.09 secs] 
6380.955: [GC (Allocation Failure) [PSYoungGen: 450592K->90272K(396288K)] 753605K->537549K(1794560K), 0.1725624 secs] [Times: user=1.03 sys=0.00, real=0.18 secs] 
6381.962: [GC (Allocation Failure) [PSYoungGen: 388791K->140256K(502272K)] 836068K->673669K(1900544K), 0.0495763 secs] [Times: user=0.29 sys=0.00, real=0.05 secs] 
6383.403: [GC (Allocation Failure) [PSYoungGen: 446944K->102592K(409600K)] 980357K->767426K(1807872K), 0.0634888 secs] [Times: user=0.38 sys=0.01, real=0.06 secs] 
6385.271: [GC (Allocation Failure) [PSYoungGen: 409280K->151280K(495616K)] 1074114K->914923K(1893888K), 0.0504057 secs] [Times: user=0.29 sys=0.00, real=0.05 secs] 
6388.207: [GC (Allocation Failure) [PSYoungGen: 455408K->97024K(499712K)] 1219051K->994382K(1897984K), 0.0634809 secs] [Times: user=0.37 sys=0.00, real=0.06 secs] 
6391.092: [GC (Allocation Failure) [PSYoungGen: 401152K->139424K(500736K)] 1298510K->1129987K(1899008K), 0.0496812 secs] [Times: user=0.29 sys=0.00, real=0.05 secs] 
6392.412: [GC (Allocation Failure) [PSYoungGen: 449696K->105760K(502784K)] 1440259K->1226511K(1901056K), 0.0639135 secs] [Times: user=0.37 sys=0.01, real=0.06 secs] 
6395.135: [GC (Allocation Failure) [PSYoungGen: 416032K->140304K(504832K)] 1536783K->1364465K(1903104K), 0.0528910 secs] [Times: user=0.32 sys=0.00, real=0.06 secs] 
6395.188: [Full GC (Ergonomics) [PSYoungGen: 140304K->0K(504832K)] [ParOldGen: 1224160K->172033K(1398272K)] 1364465K->172033K(1903104K), [Metaspace: 59717K->59717K(1105920K)], 0.4077137 secs] [Times: user=1.87 sys=0.00, real=0.40 secs] 
6397.774: [GC (Allocation Failure) [PSYoungGen: 315904K->105200K(504832K)] 487937K->277234K(1903104K), 0.0343996 secs] [Times: user=0.20 sys=0.00, real=0.04 secs] 
6399.916: [GC (GCLocker Initiated GC) [PSYoungGen: 421104K->144272K(504320K)] 593139K->418891K(1902592K), 0.0533567 secs] [Times: user=0.31 sys=0.01, real=0.06 secs] 
6401.845: [GC (Allocation Failure) [PSYoungGen: 463248K->105600K(506368K)] 737919K->515510K(1904640K), 0.0649019 secs] [Times: user=0.39 sys=0.00, real=0.07 secs] 
6403.747: [GC (Allocation Failure) [PSYoungGen: 424576K->148783K(506880K)] 834486K->661579K(1905152K), 0.0526719 secs] [Times: user=0.31 sys=0.00, real=0.05 secs] 
6405.422: [GC (Allocation Failure) [PSYoungGen: 471343K->107584K(510464K)] 984139K->760199K(1908736K), 0.0660749 secs] [Times: user=0.39 sys=0.01, real=0.07 secs] 
6407.666: [GC (Allocation Failure) [PSYoungGen: 430144K->150208K(506880K)] 1082759K->907588K(1905152K), 0.0533226 secs] [Times: user=0.32 sys=0.00, real=0.06 secs] 
6409.766: [GC (Allocation Failure) [PSYoungGen: 472256K->109760K(510464K)] 1229636K->1008552K(1908736K), 0.1004966 secs] [Times: user=0.60 sys=0.00, real=0.10 secs] 
6411.962: [GC (Allocation Failure) [PSYoungGen: 431808K->149360K(506880K)] 1330600K->1153774K(1905152K), 0.0538428 secs] [Times: user=0.32 sys=0.00, real=0.05 secs] 
6414.343: [GC (GCLocker Initiated GC) [PSYoungGen: 471408K->107600K(510464K)] 1475822K->1252150K(1908736K), 0.1093559 secs] [Times: user=0.65 sys=0.00, real=0.11 secs] 
6417.116: [GC (Allocation Failure) [PSYoungGen: 429648K->149120K(507392K)] 1574218K->1397326K(1905664K), 0.0537206 secs] [Times: user=0.31 sys=0.00, real=0.06 secs] 
6417.170: [Full GC (Ergonomics) [PSYoungGen: 149120K->0K(507392K)] [ParOldGen: 1248206K->196037K(1398272K)] 1397326K->196037K(1905664K), [Metaspace: 59717K->59717K(1105920K)], 0.4812128 secs] [Times: user=2.24 sys=0.00, real=0.48 secs] 
6419.711: [GC (Allocation Failure) [PSYoungGen: 322048K->105792K(510464K)] 518085K->301830K(1908736K), 0.0315674 secs] [Times: user=0.18 sys=0.00, real=0.03 secs] 
6421.279: [GC (Allocation Failure) [PSYoungGen: 418712K->145200K(509440K)] 614750K->443595K(1907712K), 0.0508659 secs] [Times: user=0.30 sys=0.00, real=0.05 secs] 
6423.265: [GC (Allocation Failure) [PSYoungGen: 468784K->107168K(431104K)] 767179K->541866K(1829376K), 0.1287042 secs] [Times: user=0.76 sys=0.00, real=0.13 secs] 
6424.614: [GC (Allocation Failure) [PSYoungGen: 430752K->184608K(482304K)] 865450K->723339K(1880576K), 0.0755794 secs] [Times: user=0.45 sys=0.01, real=0.08 secs] 
6425.952: [GC (Allocation Failure) [PSYoungGen: 482080K->90416K(498176K)] 1020811K->780636K(1896448K), 0.0998959 secs] [Times: user=0.59 sys=0.00, real=0.10 secs] 
6428.307: [GC (Allocation Failure) [PSYoungGen: 387888K->137632K(491008K)] 1078108K->913988K(1889280K), 0.0498406 secs] [Times: user=0.30 sys=0.00, real=0.05 secs] 
6430.395: [GC (Allocation Failure) [PSYoungGen: 435104K->98864K(494592K)] 1211460K->1003381K(1892864K), 0.0703563 secs] [Times: user=0.42 sys=0.00, real=0.07 secs] 
6432.262: [GC (Allocation Failure) [PSYoungGen: 396336K->135152K(493056K)] 1300853K->1135490K(1891328K), 0.0498528 secs] [Times: user=0.29 sys=0.00, real=0.05 secs] 
6434.778: [GC (Allocation Failure) [PSYoungGen: 441328K->101200K(498176K)] 1441666K->1227874K(1896448K), 0.0625725 secs] [Times: user=0.37 sys=0.01, real=0.06 secs] 
6437.688: [GC (Allocation Failure) [PSYoungGen: 407376K->140096K(503808K)] 1534050K->1365510K(1902080K), 0.0517628 secs] [Times: user=0.31 sys=0.00, real=0.05 secs] 
6437.740: [Full GC (Ergonomics) [PSYoungGen: 140096K->0K(503808K)] [ParOldGen: 1225414K->163865K(1398272K)] 1365510K->163865K(1902080K), [Metaspace: 59728K->59728K(1105920K)], 0.3917845 secs] [Times: user=1.80 sys=0.00, real=0.39 secs] 
6439.213: [GC (Allocation Failure) [PSYoungGen: 316928K->107712K(506368K)] 480793K->271577K(1904640K), 0.0381685 secs] [Times: user=0.22 sys=0.00, real=0.04 secs] 
6441.791: [GC (Allocation Failure) [PSYoungGen: 424640K->144336K(506880K)] 588505K->413947K(1905152K), 0.0544088 secs] [Times: user=0.32 sys=0.00, real=0.05 secs] 
6443.051: [GC (Allocation Failure) [PSYoungGen: 465360K->110160K(508416K)] 734971K->514891K(1906688K), 0.0657509 secs] [Times: user=0.39 sys=0.00, real=0.06 secs] 
6444.267: [GC (Allocation Failure) [PSYoungGen: 431184K->147488K(506880K)] 835915K->660703K(1905152K), 0.0547166 secs] [Times: user=0.32 sys=0.00, real=0.05 secs] 
6446.026: [GC (Allocation Failure) [PSYoungGen: 470560K->108576K(509440K)] 983775K->760783K(1907712K), 0.0676441 secs] [Times: user=0.39 sys=0.01, real=0.07 secs] 
6448.556: [GC (Allocation Failure) [PSYoungGen: 431648K->147632K(509952K)] 1083855K->905668K(1908224K), 0.0542047 secs] [Times: user=0.32 sys=0.00, real=0.06 secs] 
6449.727: [GC (Allocation Failure) [PSYoungGen: 473776K->110144K(436736K)] 1231812K->1006260K(1835008K), 0.0699041 secs] [Times: user=0.41 sys=0.00, real=0.07 secs] 
6451.837: [GC (Allocation Failure) [PSYoungGen: 436288K->152416K(507392K)] 1332404K->1155008K(1905664K), 0.0542210 secs] [Times: user=0.32 sys=0.00, real=0.05 secs] 
6453.480: [GC (Allocation Failure) [PSYoungGen: 476512K->107520K(511488K)] 1479104K->1253469K(1909760K), 0.0932574 secs] [Times: user=0.56 sys=0.00, real=0.09 secs] 
6456.207: [GC (Allocation Failure) [PSYoungGen: 430980K->148368K(508928K)] 1576929K->1398194K(1907200K), 0.0530798 secs] [Times: user=0.32 sys=0.00, real=0.05 secs] 
6456.260: [Full GC (Ergonomics) [PSYoungGen: 148368K->0K(508928K)] [ParOldGen: 1249825K->196320K(1398272K)] 1398194K->196320K(1907200K), [Metaspace: 59728K->59728K(1105920K)], 0.4745087 secs] [Times: user=2.19 sys=0.00, real=0.47 secs] 
6458.314: [GC (Allocation Failure) [PSYoungGen: 324096K->105504K(511488K)] 520416K->301824K(1909760K), 0.0587973 secs] [Times: user=0.34 sys=0.01, real=0.06 secs] 
6459.701: [GC (Allocation Failure) [PSYoungGen: 417479K->146128K(510464K)] 613799K->443856K(1908736K), 0.0498845 secs] [Times: user=0.29 sys=0.00, real=0.05 secs] 
6461.523: [GC (Allocation Failure) [PSYoungGen: 471248K->108832K(434176K)] 768976K->543943K(1832448K), 0.1132787 secs] [Times: user=0.65 sys=0.00, real=0.11 secs] 
6463.376: [GC (Allocation Failure) [PSYoungGen: 433952K->152224K(506368K)] 869063K->691872K(1904640K), 0.1052841 secs] [Times: user=0.62 sys=0.00, real=0.11 secs] 
6466.365: [GC (Allocation Failure) [PSYoungGen: 474272K->98528K(510464K)] 1013920K->790068K(1908736K), 0.1717701 secs] [Times: user=1.02 sys=0.00, real=0.18 secs] 
6467.414: [GC (Allocation Failure) [PSYoungGen: 420576K->153856K(503296K)] 1112116K->937989K(1901568K), 0.0558692 secs] [Times: user=0.33 sys=0.00, real=0.06 secs] 
6470.491: [GC (Allocation Failure) [PSYoungGen: 469760K->93376K(507392K)] 1253893K->1030753K(1905664K), 0.1452532 secs] [Times: user=0.85 sys=0.00, real=0.14 secs] 
6471.410: [GC (Allocation Failure) [PSYoungGen: 409280K->152320K(500224K)] 1346657K->1177126K(1898496K), 0.1008653 secs] [Times: user=0.60 sys=0.00, real=0.10 secs] 
6474.365: [GC (Allocation Failure) [PSYoungGen: 461056K->91504K(503808K)] 1485862K->1268615K(1902080K), 0.1290768 secs] [Times: user=0.77 sys=0.00, real=0.13 secs] 
6475.224: [GC (Allocation Failure) [PSYoungGen: 400240K->147088K(501248K)] 1577351K->1409412K(1899520K), 0.0551452 secs] [Times: user=0.33 sys=0.00, real=0.06 secs] 
6475.280: [Full GC (Ergonomics) [PSYoungGen: 147088K->0K(501248K)] [ParOldGen: 1262323K->206716K(1398272K)] 1409412K->206716K(1899520K), [Metaspace: 59728K->59728K(1105920K)], 0.4919949 secs] [Times: user=2.29 sys=0.00, real=0.49 secs] 
6477.926: [GC (Allocation Failure) [PSYoungGen: 306688K->93696K(502784K)] 513404K->300412K(1901056K), 0.1139101 secs] [Times: user=0.68 sys=0.00, real=0.12 secs] 
6478.987: [GC (Allocation Failure) [PSYoungGen: 394193K->139184K(500736K)] 600910K->435670K(1899008K), 0.0497089 secs] [Times: user=0.30 sys=0.00, real=0.05 secs] 
6481.566: [GC (Allocation Failure) [PSYoungGen: 447408K->99344K(501760K)] 743894K->526078K(1900032K), 0.0620040 secs] [Times: user=0.37 sys=0.00, real=0.07 secs] 
6482.862: [GC (Allocation Failure) [PSYoungGen: 407568K->143008K(503296K)] 834302K->665738K(1901568K), 0.0488369 secs] [Times: user=0.28 sys=0.00, real=0.05 secs] 
6485.260: [GC (Allocation Failure) [PSYoungGen: 455328K->104288K(503808K)] 978058K->760574K(1902080K), 0.0634302 secs] [Times: user=0.37 sys=0.00, real=0.06 secs] 
6486.925: [GC (Allocation Failure) [PSYoungGen: 416608K->144224K(503296K)] 1072894K->901751K(1901568K), 0.0513447 secs] [Times: user=0.30 sys=0.00, real=0.05 secs] 
6488.636: [GC (Allocation Failure) [PSYoungGen: 459104K->106448K(504832K)] 1216631K->999708K(1903104K), 0.1160408 secs] [Times: user=0.69 sys=0.00, real=0.12 secs] 
6490.568: [GC (Allocation Failure) [PSYoungGen: 421328K->148704K(503296K)] 1314588K->1144288K(1901568K), 0.0542025 secs] [Times: user=0.32 sys=0.00, real=0.05 secs] 
6492.508: [GC (Allocation Failure) [PSYoungGen: 465632K->103808K(506880K)] 1461216K->1238808K(1905152K), 0.0650586 secs] [Times: user=0.39 sys=0.00, real=0.06 secs] 
6494.672: [GC (Allocation Failure) [PSYoungGen: 420736K->147072K(506880K)] 1555736K->1381981K(1905152K), 0.0528408 secs] [Times: user=0.30 sys=0.00, real=0.05 secs] 
6494.725: [Full GC (Ergonomics) [PSYoungGen: 147072K->0K(506880K)] [ParOldGen: 1234909K->188704K(1398272K)] 1381981K->188704K(1905152K), [Metaspace: 59728K->59728K(1105920K)], 0.4637563 secs] [Times: user=2.16 sys=0.01, real=0.47 secs] 
6496.756: [GC (Allocation Failure) [PSYoungGen: 320000K->108176K(428544K)] 508704K->296881K(1826816K), 0.0463139 secs] [Times: user=0.27 sys=0.00, real=0.05 secs] 
6499.018: [GC (Allocation Failure) [PSYoungGen: 428176K->148336K(505344K)] 616881K->441886K(1903616K), 0.0525202 secs] [Times: user=0.32 sys=0.00, real=0.05 secs] 
6501.685: [GC (Allocation Failure) [PSYoungGen: 467824K->104608K(508416K)] 761374K->537498K(1906688K), 0.1294228 secs] [Times: user=0.76 sys=0.00, real=0.13 secs] 
6503.654: [GC (Allocation Failure) [PSYoungGen: 424096K->148144K(507392K)] 856986K->682123K(1905664K), 0.0509861 secs] [Times: user=0.31 sys=0.00, real=0.05 secs] 
6505.972: [GC (Allocation Failure) [PSYoungGen: 469168K->107712K(429056K)] 1003147K->780746K(1827328K), 0.1111729 secs] [Times: user=0.66 sys=0.00, real=0.11 secs] 
6507.848: [GC (Allocation Failure) [PSYoungGen: 416643K->142688K(508928K)] 1089678K->920091K(1907200K), 0.0614303 secs] [Times: user=0.36 sys=0.01, real=0.06 secs] 
6510.077: [GC (Allocation Failure) [PSYoungGen: 465760K->107744K(509440K)] 1243163K->1019403K(1907712K), 0.0718956 secs] [Times: user=0.43 sys=0.00, real=0.07 secs] 
6511.341: [GC (Allocation Failure) [PSYoungGen: 416742K->144240K(508928K)] 1328402K->1159425K(1907200K), 0.0510936 secs] [Times: user=0.30 sys=0.00, real=0.05 secs] 
6514.506: [GC (Allocation Failure) [PSYoungGen: 469360K->109312K(510464K)] 1484545K->1259276K(1908736K), 0.1691726 secs] [Times: user=1.01 sys=0.00, real=0.17 secs] 
6515.730: [GC (Allocation Failure) [PSYoungGen: 434432K->168240K(496128K)] 1584396K->1423404K(1894400K), 0.0574397 secs] [Times: user=0.34 sys=0.00, real=0.06 secs] 
6515.787: [Full GC (Ergonomics) [PSYoungGen: 168240K->0K(496128K)] [ParOldGen: 1255163K->205982K(1398272K)] 1423404K->205982K(1894400K), [Metaspace: 59728K->59728K(1105920K)], 0.4802540 secs] [Times: user=2.22 sys=0.01, real=0.48 secs] 
6518.774: [GC (Allocation Failure) [PSYoungGen: 313856K->92960K(506368K)] 519838K->298942K(1904640K), 0.1655349 secs] [Times: user=0.98 sys=0.01, real=0.17 secs] 
6520.345: [GC (Allocation Failure) [PSYoungGen: 392916K->140624K(504320K)] 598899K->435244K(1902592K), 0.1382455 secs] [Times: user=0.81 sys=0.01, real=0.14 secs] 
6523.057: [GC (Allocation Failure) [PSYoungGen: 454480K->102976K(505344K)] 749100K->529651K(1903616K), 0.1293176 secs] [Times: user=0.77 sys=0.00, real=0.13 secs] 
6525.357: [GC (Allocation Failure) [PSYoungGen: 416832K->145856K(504320K)] 843507K->671148K(1902592K), 0.0504238 secs] [Times: user=0.29 sys=0.00, real=0.05 secs] 
6526.496: [GC (Allocation Failure) [PSYoungGen: 461248K->106656K(505856K)] 986540K->768908K(1904128K), 0.0653060 secs] [Times: user=0.38 sys=0.00, real=0.07 secs] 
6528.799: [GC (Allocation Failure) [PSYoungGen: 422048K->146704K(504832K)] 1084300K->912181K(1903104K), 0.0521201 secs] [Times: user=0.30 sys=0.00, real=0.05 secs] 
6531.399: [GC (Allocation Failure) [PSYoungGen: 464144K->103936K(506880K)] 1229621K->1007445K(1905152K), 0.1252478 secs] [Times: user=0.75 sys=0.00, real=0.12 secs] 
6532.882: [GC (Allocation Failure) [PSYoungGen: 421376K->146880K(506880K)] 1324885K->1150758K(1905152K), 0.0528642 secs] [Times: user=0.31 sys=0.00, real=0.05 secs] 
6535.449: [GC (Allocation Failure) [PSYoungGen: 466880K->106784K(508928K)] 1470758K->1249006K(1907200K), 0.0714823 secs] [Times: user=0.42 sys=0.01, real=0.07 secs] 
6537.699: [GC (Allocation Failure) [PSYoungGen: 420821K->144416K(508416K)] 1563043K->1389566K(1906688K), 0.0517668 secs] [Times: user=0.31 sys=0.00, real=0.05 secs] 
6537.750: [Full GC (Ergonomics) [PSYoungGen: 144416K->0K(508416K)] [ParOldGen: 1245150K->196110K(1398272K)] 1389566K->196110K(1906688K), [Metaspace: 59728K->59728K(1105920K)], 0.4798008 secs] [Times: user=2.24 sys=0.00, real=0.48 secs] 
6539.697: [GC (Allocation Failure) [PSYoungGen: 322048K->108480K(509440K)] 518158K->304590K(1907712K), 0.0393626 secs] [Times: user=0.23 sys=0.00, real=0.03 secs] 
6540.486: [GC (Allocation Failure) [PSYoungGen: 415634K->142848K(508416K)] 611745K->443703K(1906688K), 0.0503785 secs] [Times: user=0.29 sys=0.00, real=0.06 secs] 
6542.747: [GC (Allocation Failure) [PSYoungGen: 466944K->106928K(509440K)] 767799K->541552K(1907712K), 0.0918685 secs] [Times: user=0.54 sys=0.01, real=0.09 secs] 
6543.974: [GC (Allocation Failure) [PSYoungGen: 431024K->153232K(506880K)] 865648K->691328K(1905152K), 0.0525735 secs] [Times: user=0.31 sys=0.00, real=0.06 secs] 
6546.966: [GC (Allocation Failure) [PSYoungGen: 474972K->95552K(511488K)] 1013068K->786432K(1909760K), 0.1664663 secs] [Times: user=0.98 sys=0.00, real=0.17 secs] 
6548.069: [GC (Allocation Failure) [PSYoungGen: 419648K->154144K(501760K)] 1110528K->936416K(1900032K), 0.0555099 secs] [Times: user=0.33 sys=0.00, real=0.05 secs] 
6551.207: [GC (Allocation Failure) [PSYoungGen: 469024K->92896K(506880K)] 1251296K->1028924K(1905152K), 0.1819418 secs] [Times: user=1.08 sys=0.00, real=0.18 secs] 
6552.394: [GC (Allocation Failure) [PSYoungGen: 407776K->152592K(499712K)] 1343804K->1174986K(1897984K), 0.0543685 secs] [Times: user=0.32 sys=0.00, real=0.06 secs] 
6555.698: [GC (Allocation Failure) [PSYoungGen: 458469K->88320K(503808K)] 1480862K->1262689K(1902080K), 0.1737641 secs] [Times: user=1.03 sys=0.00, real=0.17 secs] 
6556.354: [GC (Allocation Failure) [PSYoungGen: 380725K->138160K(500736K)] 1555095K->1396979K(1899008K), 0.0495640 secs] [Times: user=0.29 sys=0.00, real=0.05 secs] 
6556.403: [Full GC (Ergonomics) [PSYoungGen: 138160K->0K(500736K)] [ParOldGen: 1258818K->196338K(1398272K)] 1396979K->196338K(1899008K), [Metaspace: 59728K->59728K(1105920K)], 0.4717093 secs] [Times: user=2.18 sys=0.00, real=0.47 secs] 
6558.242: [GC (Allocation Failure) [PSYoungGen: 308736K->100960K(502272K)] 505074K->297298K(1900544K), 0.0461846 secs] [Times: user=0.27 sys=0.00, real=0.05 secs] 
6560.307: [GC (Allocation Failure) [PSYoungGen: 409696K->144752K(502272K)] 606034K->437850K(1900544K), 0.0488948 secs] [Times: user=0.29 sys=0.00, real=0.04 secs] 
6563.225: [GC (Allocation Failure) [PSYoungGen: 456560K->101024K(503808K)] 749658K->530185K(1902080K), 0.1043360 secs] [Times: user=0.62 sys=0.00, real=0.11 secs] 
6565.365: [GC (Allocation Failure) [PSYoungGen: 412832K->148640K(502784K)] 841993K->674810K(1901056K), 0.0502465 secs] [Times: user=0.29 sys=0.00, real=0.05 secs] 
6566.854: [GC (Allocation Failure) [PSYoungGen: 461984K->104416K(505856K)] 988154K->770494K(1904128K), 0.0874159 secs] [Times: user=0.52 sys=0.00, real=0.09 secs] 
6568.544: [GC (Allocation Failure) [PSYoungGen: 417760K->145248K(503808K)] 1083838K->911915K(1902080K), 0.0514911 secs] [Times: user=0.30 sys=0.00, real=0.05 secs] 
6570.283: [GC (Allocation Failure) [PSYoungGen: 460128K->105648K(505856K)] 1226795K->1008204K(1904128K), 0.0763708 secs] [Times: user=0.45 sys=0.00, real=0.08 secs] 
6571.328: [GC (Allocation Failure) [PSYoungGen: 420528K->147872K(503296K)] 1323084K->1153112K(1901568K), 0.0523103 secs] [Times: user=0.31 sys=0.00, real=0.05 secs] 
6573.850: [GC (Allocation Failure) [PSYoungGen: 463776K->104192K(506368K)] 1469016K->1248784K(1904640K), 0.1168690 secs] [Times: user=0.69 sys=0.00, real=0.12 secs] 
6575.607: [GC (Allocation Failure) [PSYoungGen: 420096K->155200K(500224K)] 1564688K->1400621K(1898496K), 0.0529533 secs] [Times: user=0.31 sys=0.00, real=0.05 secs] 
6575.660: [Full GC (Ergonomics) [PSYoungGen: 155200K->0K(500224K)] [ParOldGen: 1245421K->190417K(1398272K)] 1400621K->190417K(1898496K), [Metaspace: 59728K->59728K(1105920K)], 0.4585798 secs] [Times: user=2.14 sys=0.00, real=0.46 secs] 
6577.756: [GC (Allocation Failure) [PSYoungGen: 312832K->101536K(505856K)] 503249K->291953K(1904128K), 0.0852355 secs] [Times: user=0.50 sys=0.00, real=0.09 secs] 
6579.747: [GC (Allocation Failure) [PSYoungGen: 414368K->147264K(504320K)] 604785K->434885K(1902592K), 0.0504650 secs] [Times: user=0.29 sys=0.00, real=0.05 secs] 
6581.834: [GC (Allocation Failure) [PSYoungGen: 461120K->104608K(418816K)] 748741K->530493K(1817088K), 0.0655679 secs] [Times: user=0.39 sys=0.00, real=0.07 secs] 
6583.882: [GC (Allocation Failure) [PSYoungGen: 418464K->145344K(503808K)] 844349K->672490K(1902080K), 0.0518291 secs] [Times: user=0.31 sys=0.00, real=0.05 secs] 
6585.184: [GC (Allocation Failure) [PSYoungGen: 459712K->105216K(505344K)] 986858K->768922K(1903616K), 0.0666527 secs] [Times: user=0.38 sys=0.01, real=0.07 secs] 
6587.065: [GC (Allocation Failure) [PSYoungGen: 419584K->146272K(504320K)] 1083290K->911059K(1902592K), 0.0525428 secs] [Times: user=0.31 sys=0.01, real=0.06 secs] 
6589.664: [GC (Allocation Failure) [PSYoungGen: 462688K->105696K(506368K)] 1227475K->1007499K(1904640K), 0.0667556 secs] [Times: user=0.39 sys=0.00, real=0.07 secs] 
6592.487: [GC (Allocation Failure) [PSYoungGen: 422112K->145664K(505856K)] 1323915K->1149344K(1904128K), 0.0521597 secs] [Times: user=0.30 sys=0.00, real=0.05 secs] 
6593.648: [GC (Allocation Failure) [PSYoungGen: 464640K->109168K(507904K)] 1468320K->1249405K(1906176K), 0.0669867 secs] [Times: user=0.40 sys=0.00, real=0.06 secs] 
6594.989: [GC (Allocation Failure) [PSYoungGen: 428144K->154720K(503296K)] 1568381K->1400601K(1901568K), 0.0540819 secs] [Times: user=0.32 sys=0.00, real=0.05 secs] 
6595.043: [Full GC (Ergonomics) [PSYoungGen: 154720K->0K(503296K)] [ParOldGen: 1245881K->192172K(1398272K)] 1400601K->192172K(1901568K), [Metaspace: 59728K->59728K(1105920K)], 0.4618417 secs] [Times: user=2.14 sys=0.00, real=0.46 secs] 
6597.622: [GC (Allocation Failure) [PSYoungGen: 317952K->110544K(508416K)] 510124K->302716K(1906688K), 0.0326514 secs] [Times: user=0.19 sys=0.00, real=0.03 secs] 
6599.002: [GC (Allocation Failure) [PSYoungGen: 428496K->147680K(508416K)] 620668K->444844K(1906688K), 0.0518632 secs] [Times: user=0.31 sys=0.00, real=0.05 secs] 
6602.544: [GC (Allocation Failure) [PSYoungGen: 468704K->103600K(509952K)] 765868K->539181K(1908224K), 0.1026156 secs] [Times: user=0.60 sys=0.00, real=0.10 secs] 
6604.978: [GC (Allocation Failure) [PSYoungGen: 422285K->147648K(507392K)] 857866K->682441K(1905664K), 0.0505965 secs] [Times: user=0.30 sys=0.00, real=0.05 secs] 
6607.145: [GC (Allocation Failure) [PSYoungGen: 467648K->104816K(424960K)] 1002441K->778482K(1823232K), 0.1205182 secs] [Times: user=0.71 sys=0.00, real=0.12 secs] 
6608.702: [GC (Allocation Failure) [PSYoungGen: 417779K->146416K(507392K)] 1091445K->920915K(1905664K), 0.0516114 secs] [Times: user=0.31 sys=0.00, real=0.05 secs] 
6610.571: [GC (Allocation Failure) [PSYoungGen: 466928K->106592K(508928K)] 1241427K->1018586K(1907200K), 0.1272385 secs] [Times: user=0.75 sys=0.00, real=0.13 secs] 
6612.559: [GC (Allocation Failure) [PSYoungGen: 422654K->144672K(508928K)] 1334649K->1159603K(1907200K), 0.0526092 secs] [Times: user=0.31 sys=0.00, real=0.05 secs] 
6615.104: [GC (Allocation Failure) [PSYoungGen: 467232K->108672K(431616K)] 1482163K->1259115K(1829888K), 0.1149213 secs] [Times: user=0.68 sys=0.00, real=0.12 secs] 
6616.438: [GC (Allocation Failure) [PSYoungGen: 418991K->142304K(508928K)] 1569434K->1398220K(1907200K), 0.0535931 secs] [Times: user=0.31 sys=0.00, real=0.05 secs] 
6616.492: [Full GC (Ergonomics) [PSYoungGen: 142304K->0K(508928K)] [ParOldGen: 1255916K->196263K(1398272K)] 1398220K->196263K(1907200K), [Metaspace: 59728K->59728K(1105920K)], 0.4806757 secs] [Times: user=2.23 sys=0.01, real=0.48 secs] 
6618.589: [GC (Allocation Failure) [PSYoungGen: 324608K->109024K(509440K)] 520871K->305287K(1907712K), 0.0458076 secs] [Times: user=0.27 sys=0.00, real=0.04 secs] 
6619.675: [GC (Allocation Failure) [PSYoungGen: 417850K->141920K(511488K)] 614113K->443388K(1909760K), 0.0506776 secs] [Times: user=0.30 sys=0.00, real=0.05 secs] 
6622.926: [GC (Allocation Failure) [PSYoungGen: 471136K->108800K(512000K)] 772604K->543444K(1910272K), 0.1673457 secs] [Times: user=0.99 sys=0.01, real=0.17 secs] 
6623.503: [GC (Allocation Failure) [PSYoungGen: 438016K->156000K(507392K)] 872660K->695397K(1905664K), 0.0534072 secs] [Times: user=0.31 sys=0.00, real=0.06 secs] 
6627.749: [GC (GCLocker Initiated GC) [PSYoungGen: 483168K->94704K(513024K)] 1022566K->789691K(1911296K), 0.1696467 secs] [Times: user=1.01 sys=0.01, real=0.17 secs] 
6628.729: [GC (Allocation Failure) [PSYoungGen: 421872K->175168K(487424K)] 1116911K->958773K(1885696K), 0.0575170 secs] [Times: user=0.34 sys=0.00, real=0.05 secs] 
6631.102: [GC (Allocation Failure) [PSYoungGen: 476736K->87088K(389120K)] 1260341K->1029194K(1787392K), 0.1601266 secs] [Times: user=0.95 sys=0.00, real=0.16 secs] 
6632.067: [GC (Allocation Failure) [PSYoungGen: 388656K->146064K(499712K)] 1330762K->1169319K(1897984K), 0.0527433 secs] [Times: user=0.31 sys=0.00, real=0.05 secs] 
6634.790: [GC (Allocation Failure) [PSYoungGen: 446608K->87328K(499712K)] 1469863K->1256390K(1897984K), 0.1520598 secs] [Times: user=0.90 sys=0.00, real=0.15 secs] 
6636.577: [GC (Allocation Failure) [PSYoungGen: 387872K->142192K(497664K)] 1556934K->1394867K(1895936K), 0.0495389 secs] [Times: user=0.29 sys=0.00, real=0.05 secs] 
6636.627: [Full GC (Ergonomics) [PSYoungGen: 142192K->0K(497664K)] [ParOldGen: 1252675K->193390K(1398272K)] 1394867K->193390K(1895936K), [Metaspace: 59728K->59728K(1105920K)], 0.4718980 secs] [Times: user=2.19 sys=0.00, real=0.47 secs] 
6638.149: [GC (Allocation Failure) [PSYoungGen: 300544K->96704K(498688K)] 493934K->290094K(1896960K), 0.0417713 secs] [Times: user=0.25 sys=0.00, real=0.04 secs] 
6640.412: [GC (Allocation Failure) [PSYoungGen: 397248K->141216K(500224K)] 590638K->427063K(1898496K), 0.0472658 secs] [Times: user=0.28 sys=0.00, real=0.05 secs] 
6641.584: [GC (Allocation Failure) [PSYoungGen: 445344K->103440K(408064K)] 731191K->521580K(1806336K), 0.0642686 secs] [Times: user=0.38 sys=0.00, real=0.07 secs] 
6643.467: [GC (Allocation Failure) [PSYoungGen: 407568K->139136K(499712K)] 825708K->658404K(1897984K), 0.0515251 secs] [Times: user=0.30 sys=0.00, real=0.06 secs] 
6646.236: [GC (Allocation Failure) [PSYoungGen: 446848K->103760K(499200K)] 966116K->752873K(1897472K), 0.0632553 secs] [Times: user=0.36 sys=0.01, real=0.07 secs] 
6649.149: [GC (Allocation Failure) [PSYoungGen: 411472K->137968K(503808K)] 1060585K->888498K(1902080K), 0.0516954 secs] [Times: user=0.31 sys=0.00, real=0.05 secs] 
6651.356: [GC (Allocation Failure) [PSYoungGen: 453872K->109056K(503296K)] 1204402K->988233K(1901568K), 0.0640722 secs] [Times: user=0.38 sys=0.00, real=0.07 secs] 
6653.573: [GC (Allocation Failure) [PSYoungGen: 424960K->141760K(505344K)] 1304137K->1128770K(1903616K), 0.1013840 secs] [Times: user=0.59 sys=0.00, real=0.10 secs] 
6656.350: [GC (Allocation Failure) [PSYoungGen: 463808K->106496K(506880K)] 1450818K->1226802K(1905152K), 0.0701160 secs] [Times: user=0.42 sys=0.00, real=0.07 secs] 
6658.609: [GC (Allocation Failure) [PSYoungGen: 428544K->145408K(509952K)] 1548850K->1370119K(1908224K), 0.0538618 secs] [Times: user=0.32 sys=0.00, real=0.05 secs] 
6660.931: [GC (Allocation Failure) [PSYoungGen: 473600K->113920K(512512K)] 1698311K->1474503K(1910784K), 0.0791506 secs] [Times: user=0.40 sys=0.07, real=0.08 secs] 
6661.010: [Full GC (Ergonomics) [PSYoungGen: 113920K->0K(512512K)] [ParOldGen: 1360583K->33569K(1398272K)] 1474503K->33569K(1910784K), [Metaspace: 59728K->59728K(1105920K)], 0.0676629 secs] [Times: user=0.24 sys=0.00, real=0.07 secs] 
6662.704: [GC (Allocation Failure) [PSYoungGen: 328192K->149824K(508928K)] 361761K->183393K(1907200K), 0.0576648 secs] [Times: user=0.34 sys=0.00, real=0.06 secs] 
6665.317: [GC (Allocation Failure) [PSYoungGen: 478528K->112640K(513024K)] 512097K->286477K(1911296K), 0.0661768 secs] [Times: user=0.39 sys=0.00, real=0.06 secs] 
6666.905: [GC (Allocation Failure) [PSYoungGen: 441344K->151072K(509952K)] 615181K->434202K(1908224K), 0.0539617 secs] [Times: user=0.32 sys=0.00, real=0.06 secs] 
6670.257: [GC (Allocation Failure) [PSYoungGen: 480288K->108784K(514048K)] 763418K->533614K(1912320K), 0.0852357 secs] [Times: user=0.51 sys=0.00, real=0.08 secs] 
6673.099: [GC (Allocation Failure) [PSYoungGen: 429033K->146960K(511488K)] 853864K->676299K(1909760K), 0.0520875 secs] [Times: user=0.30 sys=0.00, real=0.05 secs] 
6675.333: [GC (Allocation Failure) [PSYoungGen: 476176K->108320K(514048K)] 1005515K->775895K(1912320K), 0.0974565 secs] [Times: user=0.56 sys=0.00, real=0.10 secs] 
6676.910: [GC (Allocation Failure) [PSYoungGen: 437536K->155264K(506368K)] 1105111K->927427K(1904640K), 0.0530520 secs] [Times: user=0.32 sys=0.00, real=0.05 secs] 
6680.142: [GC (Allocation Failure) [PSYoungGen: 479360K->97568K(511488K)] 1251523K->1024556K(1909760K), 0.1744440 secs] [Times: user=1.03 sys=0.01, real=0.17 secs] 
6681.147: [GC (Allocation Failure) [PSYoungGen: 421664K->152736K(503808K)] 1348652K->1171724K(1902080K), 0.0810953 secs] [Times: user=0.48 sys=0.00, real=0.08 secs] 
6684.018: [GC (Allocation Failure) [PSYoungGen: 469664K->93248K(507904K)] 1488652K->1264748K(1906176K), 0.1247640 secs] [Times: user=0.74 sys=0.00, real=0.12 secs] 
6685.348: [GC (Allocation Failure) [PSYoungGen: 410176K->150560K(502272K)] 1581676K->1409901K(1900544K), 0.0974400 secs] [Times: user=0.58 sys=0.00, real=0.09 secs] 
6685.445: [Full GC (Ergonomics) [PSYoungGen: 150560K->0K(502272K)] [ParOldGen: 1259341K->213672K(1398272K)] 1409901K->213672K(1900544K), [Metaspace: 59728K->59728K(1105920K)], 0.5246257 secs] [Times: user=2.39 sys=0.00, real=0.53 secs] 
6689.845: [GC (Allocation Failure) [PSYoungGen: 311423K->86368K(398336K)] 525095K->300040K(1796608K), 0.1482425 secs] [Times: user=0.88 sys=0.00, real=0.15 secs] 
6690.725: [GC (Allocation Failure) [PSYoungGen: 398176K->147680K(500736K)] 611848K->444041K(1899008K), 0.0516890 secs] [Times: user=0.31 sys=0.00, real=0.05 secs] 
6692.645: [GC (GCLocker Initiated GC) [PSYoungGen: 454368K->94224K(502784K)] 750736K->537617K(1901056K), 0.1084882 secs] [Times: user=0.65 sys=0.00, real=0.11 secs] 
6693.992: [GC (Allocation Failure) [PSYoungGen: 400912K->134784K(496128K)] 860740K->685892K(1894400K), 0.3353506 secs] [Times: user=2.01 sys=0.00, real=0.34 secs] 
6698.053: [GC (Allocation Failure) [PSYoungGen: 443008K->88384K(499712K)] 994116K->774208K(1897984K), 0.4091781 secs] [Times: user=2.45 sys=0.00, real=0.41 secs] 
6700.021: [GC (Allocation Failure) [PSYoungGen: 396608K->141792K(505856K)] 1082432K->912469K(1904128K), 0.0493150 secs] [Times: user=0.29 sys=0.00, real=0.05 secs] 
6701.857: [GC (Allocation Failure) [PSYoungGen: 456672K->103232K(418304K)] 1227349K->1006897K(1816576K), 0.0641293 secs] [Times: user=0.38 sys=0.00, real=0.06 secs] 
6704.182: [GC (Allocation Failure) [PSYoungGen: 418112K->147728K(501248K)] 1321777K->1150867K(1899520K), 0.0509441 secs] [Times: user=0.30 sys=0.00, real=0.05 secs] 
6706.085: [GC (Allocation Failure) [PSYoungGen: 460560K->104096K(504320K)] 1463699K->1246286K(1902592K), 0.0667123 secs] [Times: user=0.39 sys=0.00, real=0.07 secs] 
6708.201: [GC (Allocation Failure) [PSYoungGen: 416928K->144400K(504832K)] 1559118K->1387220K(1903104K), 0.0517226 secs] [Times: user=0.30 sys=0.00, real=0.05 secs] 
6708.253: [Full GC (Ergonomics) [PSYoungGen: 144400K->0K(504832K)] [ParOldGen: 1242819K->194185K(1398272K)] 1387220K->194185K(1903104K), [Metaspace: 59728K->59728K(1105920K)], 0.4827131 secs] [Times: user=2.26 sys=0.00, real=0.48 secs] 
6709.792: [GC (Allocation Failure) [PSYoungGen: 316928K->105264K(506880K)] 511113K->299450K(1905152K), 0.0317238 secs] [Times: user=0.19 sys=0.00, real=0.03 secs] 
6713.075: [GC (Allocation Failure) [PSYoungGen: 422192K->147456K(504320K)] 616378K->442502K(1902592K), 0.0509393 secs] [Times: user=0.31 sys=0.00, real=0.05 secs] 
6714.227: [GC (Allocation Failure) [PSYoungGen: 465408K->109360K(507392K)] 760454K->543211K(1905664K), 0.0659031 secs] [Times: user=0.39 sys=0.00, real=0.06 secs] 
6715.677: [GC (Allocation Failure) [PSYoungGen: 426964K->144656K(506368K)] 860815K->681975K(1904640K), 0.0513556 secs] [Times: user=0.30 sys=0.01, real=0.05 secs] 
6717.578: [GC (Allocation Failure) [PSYoungGen: 465680K->106880K(508416K)] 1002999K->779971K(1906688K), 0.0726697 secs] [Times: user=0.43 sys=0.00, real=0.07 secs] 
6719.239: [GC (Allocation Failure) [PSYoungGen: 420251K->144496K(508928K)] 1093343K->920752K(1907200K), 0.0513481 secs] [Times: user=0.31 sys=0.00, real=0.05 secs] 
6721.846: [GC (Allocation Failure) [PSYoungGen: 469104K->109280K(510464K)] 1245360K->1020928K(1908736K), 0.0922976 secs] [Times: user=0.55 sys=0.00, real=0.10 secs] 
6724.079: [GC (Allocation Failure) [PSYoungGen: 417682K->142041K(510464K)] 1329330K->1159126K(1908736K), 0.0521507 secs] [Times: user=0.31 sys=0.00, real=0.05 secs] 
6725.512: [GC (Allocation Failure) [PSYoungGen: 469721K->110800K(511488K)] 1486806K->1260673K(1909760K), 0.0911851 secs] [Times: user=0.54 sys=0.00, real=0.09 secs] 
6726.924: [GC (Allocation Failure) [PSYoungGen: 438480K->153008K(507392K)] 1588353K->1408974K(1905664K), 0.0550424 secs] [Times: user=0.32 sys=0.01, real=0.06 secs] 
6726.980: [Full GC (Ergonomics) [PSYoungGen: 153008K->0K(507392K)] [ParOldGen: 1255965K->207955K(1398272K)] 1408974K->207955K(1905664K), [Metaspace: 59728K->59728K(1105920K)], 0.4892569 secs] [Times: user=2.27 sys=0.00, real=0.49 secs] 
6729.485: [GC (Allocation Failure) [PSYoungGen: 327168K->99392K(512512K)] 535123K->307347K(1910784K), 0.1118294 secs] [Times: user=0.66 sys=0.00, real=0.12 secs] 
6730.353: [GC (Allocation Failure) [PSYoungGen: 426560K->156320K(502272K)] 634515K->457400K(1900544K), 0.0559191 secs] [Times: user=0.33 sys=0.00, real=0.06 secs] 
6732.586: [GC (Allocation Failure) [PSYoungGen: 474272K->97920K(508416K)] 775352K->554988K(1906688K), 0.1630391 secs] [Times: user=0.97 sys=0.00, real=0.17 secs] 
6733.000: [GC (Allocation Failure) [PSYoungGen: 415872K->169664K(489472K)] 872940K->718749K(1887744K), 0.0557739 secs] [Times: user=0.33 sys=0.00, real=0.05 secs] 
6736.788: [GC (Allocation Failure) [PSYoungGen: 470208K->91456K(499712K)] 1019293K->793181K(1897984K), 0.1890963 secs] [Times: user=1.08 sys=0.00, real=0.19 secs] 
6737.741: [GC (Allocation Failure) [PSYoungGen: 392000K->144032K(498176K)] 1093725K->927013K(1896448K), 0.1111900 secs] [Times: user=0.67 sys=0.00, real=0.11 secs] 
6741.197: [GC (Allocation Failure) [PSYoungGen: 445088K->86016K(499200K)] 1228069K->1012605K(1897472K), 0.1701513 secs] [Times: user=1.00 sys=0.00, real=0.17 secs] 
6742.727: [GC (Allocation Failure) [PSYoungGen: 387072K->142016K(499712K)] 1313661K->1150226K(1897984K), 0.0491817 secs] [Times: user=0.30 sys=0.00, real=0.04 secs] 
6744.763: [GC (Allocation Failure) [PSYoungGen: 444608K->97952K(400896K)] 1452818K->1239406K(1799168K), 0.1615118 secs] [Times: user=0.96 sys=0.00, real=0.16 secs] 
6746.115: [GC (Allocation Failure) [PSYoungGen: 400544K->141472K(499200K)] 1541998K->1377703K(1897472K), 0.0900756 secs] [Times: user=0.53 sys=0.00, real=0.09 secs] 
6746.205: [Full GC (Ergonomics) [PSYoungGen: 141472K->0K(499200K)] [ParOldGen: 1236231K->185186K(1398272K)] 1377703K->185186K(1897472K), [Metaspace: 59728K->59728K(1105920K)], 0.4735815 secs] [Times: user=2.22 sys=0.00, real=0.48 secs] 
6747.822: [GC (Allocation Failure) [PSYoungGen: 304128K->98800K(499200K)] 489314K->283986K(1897472K), 0.0421486 secs] [Times: user=0.24 sys=0.00, real=0.04 secs] 
6750.384: [GC (Allocation Failure) [PSYoungGen: 402928K->141536K(500224K)] 588114K->422395K(1898496K), 0.0500559 secs] [Times: user=0.30 sys=0.01, real=0.05 secs] 
6751.820: [GC (Allocation Failure) [PSYoungGen: 449760K->103936K(500736K)] 730619K->517379K(1899008K), 0.0641339 secs] [Times: user=0.38 sys=0.00, real=0.06 secs] 
6754.013: [GC (Allocation Failure) [PSYoungGen: 412160K->140448K(502784K)] 825603K->655596K(1901056K), 0.0520411 secs] [Times: user=0.31 sys=0.00, real=0.05 secs] 
6755.940: [GC (Allocation Failure) [PSYoungGen: 454304K->107632K(503296K)] 969452K->754149K(1901568K), 0.0655515 secs] [Times: user=0.39 sys=0.00, real=0.06 secs] 
6757.875: [GC (Allocation Failure) [PSYoungGen: 421488K->143552K(504320K)] 1068005K->895605K(1902592K), 0.0537028 secs] [Times: user=0.31 sys=0.00, real=0.06 secs] 
6760.225: [GC (Allocation Failure) [PSYoungGen: 462528K->108576K(505856K)] 1214581K->995261K(1904128K), 0.0665305 secs] [Times: user=0.40 sys=0.00, real=0.07 secs] 
6762.284: [GC (Allocation Failure) [PSYoungGen: 427552K->144720K(507904K)] 1314237K->1137498K(1906176K), 0.0535732 secs] [Times: user=0.32 sys=0.00, real=0.06 secs] 
6764.872: [GC (Allocation Failure) [PSYoungGen: 469328K->110160K(509952K)] 1462106K->1238010K(1908224K), 0.1249944 secs] [Times: user=0.73 sys=0.01, real=0.12 secs] 
6766.692: [GC (Allocation Failure) [PSYoungGen: 434768K->149856K(507904K)] 1562618K->1384511K(1906176K), 0.0549153 secs] [Times: user=0.32 sys=0.01, real=0.06 secs] 
6766.747: [Full GC (Ergonomics) [PSYoungGen: 149856K->0K(507904K)] [ParOldGen: 1234655K->181053K(1398272K)] 1384511K->181053K(1906176K), [Metaspace: 59728K->59728K(1105920K)], 0.4404601 secs] [Times: user=2.04 sys=0.00, real=0.44 secs] 
6768.381: [GC (Allocation Failure) [PSYoungGen: 326144K->112032K(512000K)] 507197K->293085K(1910272K), 0.0344411 secs] [Times: user=0.20 sys=0.01, real=0.03 secs] 
6769.909: [GC (Allocation Failure) [PSYoungGen: 438176K->150272K(508416K)] 619229K->439909K(1906688K), 0.0544796 secs] [Times: user=0.32 sys=0.00, real=0.05 secs] 
6772.704: [GC (Allocation Failure) [PSYoungGen: 476416K->110176K(512512K)] 766053K->540106K(1910784K), 0.0659438 secs] [Times: user=0.39 sys=0.00, real=0.07 secs] 
6774.187: [GC (Allocation Failure) [PSYoungGen: 425876K->145440K(512000K)] 855806K->682466K(1910272K), 0.0525472 secs] [Times: user=0.31 sys=0.00, real=0.06 secs] 
6777.972: [GC (Allocation Failure) [PSYoungGen: 474144K->107136K(513536K)] 1011170K->780582K(1911808K), 0.0790166 secs] [Times: user=0.47 sys=0.00, real=0.08 secs] 
6780.707: [GC (Allocation Failure) [PSYoungGen: 435840K->154400K(506880K)] 1109286K->930630K(1905152K), 0.0530453 secs] [Times: user=0.31 sys=0.00, real=0.06 secs] 
6783.465: [GC (Allocation Failure) [PSYoungGen: 478496K->96288K(511488K)] 1254726K->1026338K(1909760K), 0.1727810 secs] [Times: user=1.03 sys=0.00, real=0.18 secs] 
6784.914: [GC (Allocation Failure) [PSYoungGen: 420384K->155456K(501760K)] 1350434K->1175822K(1900032K), 0.0555335 secs] [Times: user=0.33 sys=0.00, real=0.06 secs] 
6787.641: [GC (Allocation Failure) [PSYoungGen: 470336K->92576K(506880K)] 1490702K->1267790K(1905152K), 0.1514692 secs] [Times: user=0.89 sys=0.01, real=0.15 secs] 
6788.643: [GC (Allocation Failure) [PSYoungGen: 407456K->151936K(500736K)] 1582670K->1413623K(1899008K), 0.0543246 secs] [Times: user=0.32 sys=0.00, real=0.06 secs] 
6788.697: [Full GC (Ergonomics) [PSYoungGen: 151936K->0K(500736K)] [ParOldGen: 1261687K->212596K(1398272K)] 1413623K->212596K(1899008K), [Metaspace: 59728K->59728K(1105920K)], 0.5027199 secs] [Times: user=2.34 sys=0.00, real=0.50 secs] 
6792.277: [GC (Allocation Failure) [PSYoungGen: 305610K->87744K(503808K)] 518206K->300340K(1902080K), 0.1595034 secs] [Times: user=0.94 sys=0.00, real=0.15 secs] 
6793.377: [GC (Allocation Failure) [PSYoungGen: 383179K->138272K(500736K)] 595775K->434716K(1899008K), 0.0477412 secs] [Times: user=0.28 sys=0.00, real=0.04 secs] 
6795.249: [GC (Allocation Failure) [PSYoungGen: 447008K->100416K(502272K)] 743452K->526452K(1900544K), 0.0621534 secs] [Times: user=0.37 sys=0.00, real=0.06 secs] 
6797.388: [GC (Allocation Failure) [PSYoungGen: 409152K->144944K(502784K)] 835188K->668086K(1901056K), 0.0494711 secs] [Times: user=0.30 sys=0.00, real=0.05 secs] 
6799.942: [GC (Allocation Failure) [PSYoungGen: 456752K->101856K(504320K)] 979894K->761369K(1902592K), 0.0637420 secs] [Times: user=0.38 sys=0.00, real=0.06 secs] 
6801.406: [GC (Allocation Failure) [PSYoungGen: 413664K->145696K(502784K)] 1073177K->903990K(1901056K), 0.0505970 secs] [Times: user=0.30 sys=0.00, real=0.06 secs] 
6802.795: [GC (Allocation Failure) [PSYoungGen: 459040K->104096K(504832K)] 1217334K->999394K(1903104K), 0.0647733 secs] [Times: user=0.38 sys=0.00, real=0.07 secs] 
6804.985: [GC (Allocation Failure) [PSYoungGen: 417440K->144144K(504832K)] 1312738K->1139724K(1903104K), 0.0520139 secs] [Times: user=0.30 sys=0.02, real=0.06 secs] 
6806.356: [GC (Allocation Failure) [PSYoungGen: 460560K->108800K(506368K)] 1456140K->1239007K(1904640K), 0.0774308 secs] [Times: user=0.46 sys=0.00, real=0.08 secs] 
6808.645: [GC (Allocation Failure) [PSYoungGen: 425216K->146144K(503808K)] 1555423K->1380988K(1902080K), 0.0531328 secs] [Times: user=0.32 sys=0.00, real=0.06 secs] 
6808.698: [Full GC (Ergonomics) [PSYoungGen: 146144K->0K(503808K)] [ParOldGen: 1234844K->188539K(1398272K)] 1380988K->188539K(1902080K), [Metaspace: 59728K->59728K(1105920K)], 0.4669495 secs] [Times: user=2.08 sys=0.00, real=0.46 secs] 
6810.818: [GC (Allocation Failure) [PSYoungGen: 317952K->105985K(506368K)] 506491K->294524K(1904640K), 0.0457768 secs] [Times: user=0.26 sys=0.00, real=0.04 secs] 
6812.721: [GC (Allocation Failure) [PSYoungGen: 423937K->145296K(507904K)] 612476K->436797K(1906176K), 0.1158182 secs] [Times: user=0.69 sys=0.01, real=0.12 secs] 
6815.197: [GC (Allocation Failure) [PSYoungGen: 467856K->107472K(509952K)] 759357K->535629K(1908224K), 0.0652847 secs] [Times: user=0.39 sys=0.00, real=0.06 secs] 
6818.025: [GC (Allocation Failure) [PSYoungGen: 430032K->146816K(507904K)] 858189K->679105K(1906176K), 0.0624857 secs] [Times: user=0.37 sys=0.00, real=0.07 secs] 
6820.364: [GC (Allocation Failure) [PSYoungGen: 470400K->107120K(510464K)] 1002689K->777914K(1908736K), 0.1117157 secs] [Times: user=0.67 sys=0.00, real=0.11 secs] 
6822.421: [GC (Allocation Failure) [PSYoungGen: 427813K->146912K(508928K)] 1098606K->920934K(1907200K), 0.0523850 secs] [Times: user=0.31 sys=0.00, real=0.05 secs] 
6824.642: [GC (Allocation Failure) [PSYoungGen: 472032K->108704K(511488K)] 1246054K->1020814K(1909760K), 0.1599857 secs] [Times: user=0.95 sys=0.01, real=0.16 secs] 
6825.737: [GC (Allocation Failure) [PSYoungGen: 419452K->143472K(510976K)] 1331562K->1159579K(1909248K), 0.0518623 secs] [Times: user=0.31 sys=0.00, real=0.05 secs] 
6827.749: [GC (Allocation Failure) [PSYoungGen: 471152K->110560K(512000K)] 1487259K->1261251K(1910272K), 0.1588594 secs] [Times: user=0.94 sys=0.01, real=0.16 secs] 
6828.775: [GC (Allocation Failure) [PSYoungGen: 438240K->154208K(506368K)] 1588931K->1411356K(1904640K), 0.0542909 secs] [Times: user=0.32 sys=0.00, real=0.06 secs] 
6828.830: [Full GC (Ergonomics) [PSYoungGen: 154208K->0K(506368K)] [ParOldGen: 1257148K->209565K(1398272K)] 1411356K->209565K(1904640K), [Metaspace: 59728K->59728K(1105920K)], 0.4996222 secs] [Times: user=2.33 sys=0.00, real=0.50 secs] 
6831.911: [GC (GCLocker Initiated GC) [PSYoungGen: 325120K->97472K(512000K)] 534685K->307037K(1910272K), 0.1629103 secs] [Times: user=0.97 sys=0.00, real=0.16 secs] 
6832.779: [GC (Allocation Failure) [PSYoungGen: 422592K->171968K(490496K)] 632177K->473056K(1888768K), 0.0556478 secs] [Times: user=0.33 sys=0.00, real=0.05 secs] 
6835.120: [GC (Allocation Failure) [PSYoungGen: 476608K->87968K(392704K)] 777696K->543708K(1790976K), 0.1618184 secs] [Times: user=0.95 sys=0.01, real=0.16 secs] 
6836.585: [GC (Allocation Failure) [PSYoungGen: 392608K->146496K(500224K)] 848348K->684789K(1898496K), 0.0696135 secs] [Times: user=0.41 sys=0.00, real=0.07 secs] 
6840.117: [GC (Allocation Failure) [PSYoungGen: 449088K->84608K(387584K)] 987381K->769253K(1785856K), 0.1070065 secs] [Times: user=0.62 sys=0.01, real=0.10 secs] 
6841.129: [GC (Allocation Failure) [PSYoungGen: 387200K->143040K(500736K)] 1071845K->908310K(1899008K), 0.0498354 secs] [Times: user=0.29 sys=0.00, real=0.05 secs] 
6843.460: [GC (Allocation Failure) [PSYoungGen: 445120K->97472K(399872K)] 1210390K->996606K(1798144K), 0.0636873 secs] [Times: user=0.37 sys=0.00, real=0.06 secs] 
6844.776: [GC (Allocation Failure) [PSYoungGen: 399552K->141664K(497664K)] 1298686K->1135283K(1895936K), 0.0502836 secs] [Times: user=0.29 sys=0.01, real=0.05 secs] 
6846.335: [GC (Allocation Failure) [PSYoungGen: 443744K->99600K(497664K)] 1437363K->1225612K(1895936K), 0.0644685 secs] [Times: user=0.38 sys=0.00, real=0.07 secs] 
6847.724: [GC (Allocation Failure) [PSYoungGen: 401680K->139392K(500736K)] 1527692K->1363088K(1899008K), 0.0519338 secs] [Times: user=0.30 sys=0.00, real=0.05 secs] 
6847.776: [Full GC (Ergonomics) [PSYoungGen: 139392K->0K(500736K)] [ParOldGen: 1223696K->169426K(1398272K)] 1363088K->169426K(1899008K), [Metaspace: 59728K->59728K(1105920K)], 0.4170315 secs] [Times: user=1.93 sys=0.01, real=0.42 secs] 
6849.400: [GC (Allocation Failure) [PSYoungGen: 308224K->104448K(500224K)] 477650K->273874K(1898496K), 0.0362126 secs] [Times: user=0.21 sys=0.00, real=0.03 secs] 
6851.921: [GC (Allocation Failure) [PSYoungGen: 412672K->139072K(502784K)] 582098K->411345K(1901056K), 0.0543749 secs] [Times: user=0.32 sys=0.00, real=0.05 secs] 
6853.102: [GC (Allocation Failure) [PSYoungGen: 453440K->109024K(502784K)] 725713K->510934K(1901056K), 0.0645145 secs] [Times: user=0.38 sys=0.01, real=0.06 secs] 
6855.145: [GC (Allocation Failure) [PSYoungGen: 423392K->140640K(505856K)] 825302K->649746K(1904128K), 0.0537951 secs] [Times: user=0.32 sys=0.00, real=0.06 secs] 
6856.797: [GC (Allocation Failure) [PSYoungGen: 462176K->111840K(506368K)] 971282K->752214K(1904640K), 0.0649459 secs] [Times: user=0.39 sys=0.00, real=0.06 secs] 
6858.817: [GC (Allocation Failure) [PSYoungGen: 433376K->144800K(507904K)] 1073750K->895243K(1906176K), 0.0548133 secs] [Times: user=0.32 sys=0.00, real=0.06 secs] 
6861.690: [GC (Allocation Failure) [PSYoungGen: 471968K->108272K(510464K)] 1222411K->994232K(1908736K), 0.1234519 secs] [Times: user=0.73 sys=0.00, real=0.12 secs] 
6864.433: [GC (Allocation Failure) [PSYoungGen: 435440K->149792K(510464K)] 1321400K->1141480K(1908736K), 0.0540642 secs] [Times: user=0.32 sys=0.00, real=0.06 secs] 
6865.633: [GC (Allocation Failure) [PSYoungGen: 480032K->113616K(514560K)] 1471720K->1246017K(1912832K), 0.0670194 secs] [Times: user=0.40 sys=0.00, real=0.07 secs] 
6867.060: [GC (Allocation Failure) [PSYoungGen: 443856K->154592K(506880K)] 1576257K->1397157K(1905152K), 0.0559775 secs] [Times: user=0.34 sys=0.00, real=0.05 secs] 
6867.116: [Full GC (Ergonomics) [PSYoungGen: 154592K->0K(506880K)] [ParOldGen: 1242565K->194305K(1398272K)] 1397157K->194305K(1905152K), [Metaspace: 59728K->59728K(1105920K)], 0.4714786 secs] [Times: user=2.19 sys=0.00, real=0.48 secs] 
6869.362: [GC (Allocation Failure) [PSYoungGen: 326144K->109504K(512512K)] 520449K->303809K(1910784K), 0.0422637 secs] [Times: user=0.25 sys=0.00, real=0.04 secs] 
6870.561: [GC (Allocation Failure) [PSYoungGen: 423431K->144416K(512512K)] 617737K->444183K(1910784K), 0.0513060 secs] [Times: user=0.30 sys=0.00, real=0.05 secs] 
6874.065: [GC (Allocation Failure) [PSYoungGen: 473632K->109312K(438784K)] 773399K->544175K(1837056K), 0.0997438 secs] [Times: user=0.59 sys=0.00, real=0.10 secs] 
6875.418: [GC (Allocation Failure) [PSYoungGen: 438528K->172144K(494080K)] 873391K->712204K(1892352K), 0.0543150 secs] [Times: user=0.32 sys=0.00, real=0.05 secs] 
6879.107: [GC (Allocation Failure) [PSYoungGen: 483952K->88608K(400896K)] 1024012K->783672K(1799168K), 0.1193039 secs] [Times: user=0.71 sys=0.00, real=0.11 secs] 
6880.369: [GC (Allocation Failure) [PSYoungGen: 387774K->140064K(506368K)] 1082838K->920125K(1904640K), 0.0653003 secs] [Times: user=0.39 sys=0.00, real=0.06 secs] 
6882.483: [GC (Allocation Failure) [PSYoungGen: 451872K->100944K(413184K)] 1231933K->1012725K(1811456K), 0.0642617 secs] [Times: user=0.39 sys=0.00, real=0.07 secs] 
6884.906: [GC (Allocation Failure) [PSYoungGen: 412752K->143872K(502272K)] 1324533K->1152745K(1900544K), 0.0499333 secs] [Times: user=0.30 sys=0.00, real=0.05 secs] 
6887.460: [GC (Allocation Failure) [PSYoungGen: 455168K->100160K(502784K)] 1464041K->1243909K(1901056K), 0.1304757 secs] [Times: user=0.78 sys=0.00, real=0.13 secs] 
6889.371: [GC (Allocation Failure) [PSYoungGen: 411456K->147680K(503808K)] 1555205K->1387130K(1902080K), 0.0508790 secs] [Times: user=0.30 sys=0.00, real=0.05 secs] 
6889.422: [Full GC (Ergonomics) [PSYoungGen: 147680K->0K(503808K)] [ParOldGen: 1239450K->186665K(1398272K)] 1387130K->186665K(1902080K), [Metaspace: 59728K->59728K(1105920K)], 0.4497829 secs] [Times: user=2.09 sys=0.00, real=0.45 secs] 
6891.662: [GC (Allocation Failure) [PSYoungGen: 314368K->104144K(505856K)] 501033K->290810K(1904128K), 0.0322683 secs] [Times: user=0.19 sys=0.00, real=0.03 secs] 
6893.921: [GC (Allocation Failure) [PSYoungGen: 418512K->147104K(504832K)] 605178K->433971K(1903104K), 0.0516723 secs] [Times: user=0.30 sys=0.01, real=0.05 secs] 
6895.616: [GC (Allocation Failure) [PSYoungGen: 463008K->104864K(506880K)] 749875K->529891K(1905152K), 0.0788097 secs] [Times: user=0.47 sys=0.00, real=0.08 secs] 
6898.061: [GC (Allocation Failure) [PSYoungGen: 420768K->173056K(487936K)] 845795K->699176K(1886208K), 0.0525397 secs] [Times: user=0.31 sys=0.00, real=0.05 secs] 
6899.940: [GC (Allocation Failure) [PSYoungGen: 472576K->101104K(499200K)] 998696K->766720K(1897472K), 0.0676002 secs] [Times: user=0.39 sys=0.00, real=0.07 secs] 
6902.406: [GC (Allocation Failure) [PSYoungGen: 400624K->137056K(491008K)] 1066240K->898428K(1889280K), 0.0496618 secs] [Times: user=0.29 sys=0.00, real=0.05 secs] 
6904.722: [GC (Allocation Failure) [PSYoungGen: 438624K->98112K(496128K)] 1199996K->987336K(1894400K), 0.0634958 secs] [Times: user=0.37 sys=0.00, real=0.06 secs] 
6905.884: [GC (Allocation Failure) [PSYoungGen: 399680K->137520K(499200K)] 1288904K->1123150K(1897472K), 0.0519917 secs] [Times: user=0.30 sys=0.00, real=0.05 secs] 
6908.807: [GC (Allocation Failure) [PSYoungGen: 449328K->107152K(502784K)] 1434958K->1220674K(1901056K), 0.0649006 secs] [Times: user=0.39 sys=0.00, real=0.06 secs] 
6910.995: [GC (Allocation Failure) [PSYoungGen: 418960K->137632K(505856K)] 1532482K->1356722K(1904128K), 0.0573007 secs] [Times: user=0.34 sys=0.00, real=0.06 secs] 
6912.762: [GC (Allocation Failure) [PSYoungGen: 458144K->113952K(506880K)] 1677234K->1461522K(1905152K), 0.0665913 secs] [Times: user=0.40 sys=0.00, real=0.07 secs] 
6912.828: [Full GC (Ergonomics) [PSYoungGen: 113952K->0K(506880K)] [ParOldGen: 1347570K->22128K(1398272K)] 1461522K->22128K(1905152K), [Metaspace: 59728K->59728K(1105920K)], 0.0397398 secs] [Times: user=0.11 sys=0.00, real=0.04 secs] 
6914.500: [GC (Allocation Failure) [PSYoungGen: 320512K->141440K(508928K)] 342640K->163568K(1907200K), 0.0304352 secs] [Times: user=0.18 sys=0.00, real=0.03 secs] 
6917.310: [GC (Allocation Failure) [PSYoungGen: 468096K->114752K(509440K)] 490224K->268044K(1907712K), 0.0664666 secs] [Times: user=0.39 sys=0.01, real=0.06 secs] 
6919.550: [GC (Allocation Failure) [PSYoungGen: 441408K->147264K(509440K)] 594700K->413573K(1907712K), 0.0553736 secs] [Times: user=0.32 sys=0.01, real=0.05 secs] 
6921.736: [GC (Allocation Failure) [PSYoungGen: 478016K->111920K(512512K)] 744325K->516598K(1910784K), 0.0743305 secs] [Times: user=0.44 sys=0.00, real=0.08 secs] 
6924.078: [GC (Allocation Failure) [PSYoungGen: 442672K->160144K(505344K)] 847350K->673947K(1903616K), 0.0551677 secs] [Times: user=0.32 sys=0.00, real=0.05 secs] 
6926.583: [GC (Allocation Failure) [PSYoungGen: 486288K->112352K(512512K)] 1000091K->769098K(1910784K), 0.1512387 secs] [Times: user=0.90 sys=0.00, real=0.15 secs] 
6928.691: [GC (Allocation Failure) [PSYoungGen: 438496K->149536K(509952K)] 1095242K->914503K(1908224K), 0.0544851 secs] [Times: user=0.32 sys=0.00, real=0.05 secs] 
6930.245: [GC (Allocation Failure) [PSYoungGen: 475680K->107888K(512512K)] 1240647K->1013695K(1910784K), 0.0709338 secs] [Times: user=0.40 sys=0.01, real=0.07 secs] 
6932.770: [GC (Allocation Failure) [PSYoungGen: 434032K->154336K(506368K)] 1339839K->1162916K(1904640K), 0.0532930 secs] [Times: user=0.31 sys=0.00, real=0.05 secs] 
6936.847: [GC (Allocation Failure) [PSYoungGen: 474761K->94544K(416768K)] 1483342K->1257045K(1815040K), 0.1632387 secs] [Times: user=0.97 sys=0.01, real=0.16 secs] 
6937.986: [GC (Allocation Failure) [PSYoungGen: 416592K->151520K(503808K)] 1579093K->1404529K(1902080K), 0.0571907 secs] [Times: user=0.34 sys=0.00, real=0.06 secs] 
6938.043: [Full GC (Ergonomics) [PSYoungGen: 151520K->0K(503808K)] [ParOldGen: 1253009K->208753K(1398272K)] 1404529K->208753K(1902080K), [Metaspace: 59728K->59728K(1105920K)], 0.4874126 secs] [Times: user=2.27 sys=0.00, real=0.49 secs] 
6940.568: [GC (Allocation Failure) [PSYoungGen: 314880K->97104K(506880K)] 523633K->305858K(1905152K), 0.1673871 secs] [Times: user=0.99 sys=0.01, real=0.16 secs] 
6941.622: [GC (Allocation Failure) [PSYoungGen: 411984K->150112K(502784K)] 620738K->449882K(1901056K), 0.0546233 secs] [Times: user=0.32 sys=0.01, real=0.06 secs] 
6944.582: [GC (Allocation Failure) [PSYoungGen: 461920K->91680K(505344K)] 761690K->540906K(1903616K), 0.1583484 secs] [Times: user=0.94 sys=0.00, real=0.16 secs] 
6945.677: [GC (Allocation Failure) [PSYoungGen: 403488K->150880K(499712K)] 852714K->685723K(1897984K), 0.0540268 secs] [Times: user=0.32 sys=0.00, real=0.05 secs] 
6947.878: [GC (Allocation Failure) [PSYoungGen: 457568K->88272K(502784K)] 992411K->773516K(1901056K), 0.1082426 secs] [Times: user=0.64 sys=0.00, real=0.10 secs] 
6949.849: [GC (Allocation Failure) [PSYoungGen: 393458K->142560K(501760K)] 1078702K->911600K(1900032K), 0.0490810 secs] [Times: user=0.29 sys=0.00, real=0.05 secs] 
6951.705: [GC (Allocation Failure) [PSYoungGen: 449248K->101008K(408064K)] 1218288K->1003713K(1806336K), 0.0627764 secs] [Times: user=0.37 sys=0.01, real=0.07 secs] 
6954.155: [GC (Allocation Failure) [PSYoungGen: 407696K->142016K(501248K)] 1310401K->1141781K(1899520K), 0.0493838 secs] [Times: user=0.30 sys=0.00, real=0.05 secs] 
6956.030: [GC (Allocation Failure) [PSYoungGen: 450240K->102912K(501248K)] 1450005K->1235821K(1899520K), 0.0875463 secs] [Times: user=0.51 sys=0.01, real=0.09 secs] 
6958.640: [GC (Allocation Failure) [PSYoungGen: 411136K->151280K(498688K)] 1544045K->1383755K(1896960K), 0.0520568 secs] [Times: user=0.30 sys=0.01, real=0.05 secs] 
6958.692: [Full GC (Ergonomics) [PSYoungGen: 151280K->0K(498688K)] [ParOldGen: 1232474K->183640K(1398272K)] 1383755K->183640K(1896960K), [Metaspace: 59728K->59728K(1105920K)], 0.4513238 secs] [Times: user=2.10 sys=0.00, real=0.45 secs] 
6960.690: [GC (Allocation Failure) [PSYoungGen: 308736K->100704K(502784K)] 492376K->284344K(1901056K), 0.0327580 secs] [Times: user=0.19 sys=0.01, real=0.03 secs] 
6962.985: [GC (Allocation Failure) [PSYoungGen: 409440K->139712K(502784K)] 593080K->421429K(1901056K), 0.0507331 secs] [Times: user=0.30 sys=0.00, real=0.05 secs] 
6964.544: [GC (Allocation Failure) [PSYoungGen: 453568K->107328K(504320K)] 735285K->519385K(1902592K), 0.0627968 secs] [Times: user=0.38 sys=0.00, real=0.06 secs] 
6965.792: [GC (Allocation Failure) [PSYoungGen: 421184K->145424K(504320K)] 833241K->662398K(1902592K), 0.0530624 secs] [Times: user=0.31 sys=0.00, real=0.05 secs] 
6967.087: [GC (Allocation Failure) [PSYoungGen: 462864K->107712K(506368K)] 979838K->760781K(1904640K), 0.0804445 secs] [Times: user=0.48 sys=0.00, real=0.08 secs] 
6968.538: [GC (Allocation Failure) [PSYoungGen: 425152K->147008K(505856K)] 1078221K->906174K(1904128K), 0.0781664 secs] [Times: user=0.46 sys=0.00, real=0.07 secs] 
6971.296: [GC (Allocation Failure) [PSYoungGen: 467520K->105376K(508416K)] 1226686K->1003158K(1906688K), 0.0786864 secs] [Times: user=0.47 sys=0.00, real=0.08 secs] 
6973.586: [GC (Allocation Failure) [PSYoungGen: 425888K->147359K(508416K)] 1323670K->1146914K(1906688K), 0.0530639 secs] [Times: user=0.31 sys=0.00, real=0.06 secs] 
6975.069: [GC (Allocation Failure) [PSYoungGen: 470431K->108992K(432128K)] 1469986K->1246747K(1830400K), 0.0660896 secs] [Times: user=0.39 sys=0.01, real=0.06 secs] 
6977.122: [GC (Allocation Failure) [PSYoungGen: 432064K->150112K(506880K)] 1569819K->1393612K(1905152K), 0.0587648 secs] [Times: user=0.35 sys=0.00, real=0.06 secs] 
6977.181: [Full GC (Ergonomics) [PSYoungGen: 150112K->0K(506880K)] [ParOldGen: 1243500K->191697K(1398272K)] 1393612K->191697K(1905152K), [Metaspace: 59728K->59728K(1105920K)], 0.4724543 secs] [Times: user=2.18 sys=0.01, real=0.47 secs] 
6979.722: [GC (Allocation Failure) [PSYoungGen: 322048K->105536K(510464K)] 513745K->297234K(1908736K), 0.0317935 secs] [Times: user=0.19 sys=0.00, real=0.03 secs] 
6981.592: [GC (Allocation Failure) [PSYoungGen: 427584K->149280K(506880K)] 619282K->442978K(1905152K), 0.0511756 secs] [Times: user=0.31 sys=0.00, real=0.05 secs] 
6983.112: [GC (Allocation Failure) [PSYoungGen: 470304K->107648K(509952K)] 764002K->541146K(1908224K), 0.1349477 secs] [Times: user=0.79 sys=0.01, real=0.14 secs] 
6984.188: [GC (Allocation Failure) [PSYoungGen: 417994K->144752K(508928K)] 851493K->682216K(1907200K), 0.0512484 secs] [Times: user=0.31 sys=0.00, real=0.05 secs] 
6986.082: [GC (Allocation Failure) [PSYoungGen: 467824K->108688K(509952K)] 1005288K->781656K(1908224K), 0.0808873 secs] [Times: user=0.48 sys=0.00, real=0.08 secs] 
6986.771: [GC (Allocation Failure) [PSYoungGen: 431760K->152112K(506368K)] 1104728K->930085K(1904640K), 0.0536578 secs] [Times: user=0.32 sys=0.00, real=0.05 secs] 
6989.562: [GC (Allocation Failure) [PSYoungGen: 474160K->97488K(510464K)] 1252133K->1026797K(1908736K), 0.1619271 secs] [Times: user=0.97 sys=0.00, real=0.16 secs] 
6991.501: [GC (Allocation Failure) [PSYoungGen: 419536K->152576K(503296K)] 1348845K->1173277K(1901568K), 0.1521136 secs] [Times: user=0.90 sys=0.01, real=0.15 secs] 
6994.448: [GC (Allocation Failure) [PSYoungGen: 468480K->93408K(507392K)] 1489181K->1266493K(1905664K), 0.1809005 secs] [Times: user=1.08 sys=0.00, real=0.18 secs] 
6995.342: [GC (Allocation Failure) [PSYoungGen: 409312K->151536K(500736K)] 1582397K->1411643K(1899008K), 0.0541583 secs] [Times: user=0.31 sys=0.01, real=0.05 secs] 
6995.396: [Full GC (Ergonomics) [PSYoungGen: 151536K->0K(500736K)] [ParOldGen: 1260106K->210885K(1398272K)] 1411643K->210885K(1899008K), [Metaspace: 59728K->59728K(1105920K)], 0.5044956 secs] [Times: user=2.35 sys=0.00, real=0.51 secs] 
6999.271: [GC (Allocation Failure) [PSYoungGen: 309760K->91616K(504320K)] 520645K->302501K(1902592K), 0.1547171 secs] [Times: user=0.91 sys=0.01, real=0.15 secs] 
7000.182: [GC (Allocation Failure) [PSYoungGen: 401376K->162528K(489984K)] 612261K->459693K(1888256K), 0.0963320 secs] [Times: user=0.57 sys=0.00, real=0.10 secs] 
7001.869: [GC (Allocation Failure) [PSYoungGen: 458976K->88512K(497664K)] 756141K->531533K(1895936K), 0.0863556 secs] [Times: user=0.51 sys=0.00, real=0.08 secs] 
7003.773: [GC (Allocation Failure) [PSYoungGen: 384960K->136160K(491520K)] 827981K->664606K(1889792K), 0.0500323 secs] [Times: user=0.30 sys=0.00, real=0.05 secs] 
7005.512: [GC (Allocation Failure) [PSYoungGen: 433632K->97872K(495104K)] 962078K->753811K(1893376K), 0.0643377 secs] [Times: user=0.38 sys=0.00, real=0.06 secs] 
7007.665: [GC (Allocation Failure) [PSYoungGen: 395344K->136224K(496640K)] 1051283K->887539K(1894912K), 0.0493672 secs] [Times: user=0.28 sys=0.00, real=0.05 secs] 
7009.563: [GC (Allocation Failure) [PSYoungGen: 441924K->104064K(499200K)] 1193239K->982627K(1897472K), 0.0678351 secs] [Times: user=0.40 sys=0.00, real=0.07 secs] 
7011.487: [GC (Allocation Failure) [PSYoungGen: 410752K->136800K(505344K)] 1289315K->1117712K(1903616K), 0.0561930 secs] [Times: user=0.33 sys=0.00, real=0.05 secs] 
7014.179: [GC (GCLocker Initiated GC) [PSYoungGen: 454240K->109360K(505344K)] 1435153K->1217753K(1903616K), 0.0690228 secs] [Times: user=0.41 sys=0.00, real=0.07 secs] 
7015.723: [GC (Allocation Failure) [PSYoungGen: 426800K->151152K(502272K)] 1535196K->1367357K(1900544K), 0.0553923 secs] [Times: user=0.33 sys=0.00, real=0.06 secs] 
7017.855: [GC (Allocation Failure) [PSYoungGen: 469616K->108128K(506880K)] 1685821K->1458400K(1905152K), 0.0651817 secs] [Times: user=0.39 sys=0.00, real=0.07 secs] 
7017.920: [Full GC (Ergonomics) [PSYoungGen: 108128K->0K(506880K)] [ParOldGen: 1350272K->27417K(1398272K)] 1458400K->27417K(1905152K), [Metaspace: 59728K->59728K(1105920K)], 0.0479047 secs] [Times: user=0.15 sys=0.00, real=0.05 secs] 
7020.192: [GC (Allocation Failure) [PSYoungGen: 318464K->142384K(510464K)] 345881K->169802K(1908736K), 0.0280816 secs] [Times: user=0.16 sys=0.00, real=0.03 secs] 
7021.491: [GC (Allocation Failure) [PSYoungGen: 468016K->115008K(440832K)] 495434K->275162K(1839104K), 0.0655224 secs] [Times: user=0.39 sys=0.00, real=0.07 secs] 
7023.414: [GC (Allocation Failure) [PSYoungGen: 440640K->148064K(506880K)] 600794K->420839K(1905152K), 0.0548997 secs] [Times: user=0.32 sys=0.01, real=0.06 secs] 
7025.385: [GC (Allocation Failure) [PSYoungGen: 473184K->111120K(509952K)] 745959K->522752K(1908224K), 0.0650624 secs] [Times: user=0.39 sys=0.00, real=0.07 secs] 
7026.904: [GC (Allocation Failure) [PSYoungGen: 436240K->149472K(510976K)] 847872K->668800K(1909248K), 0.0532943 secs] [Times: user=0.32 sys=0.00, real=0.06 secs] 
7030.015: [GC (Allocation Failure) [PSYoungGen: 478688K->111472K(514048K)] 998016K->770849K(1912320K), 0.1031214 secs] [Times: user=0.60 sys=0.01, real=0.11 secs] 
7031.563: [GC (Allocation Failure) [PSYoungGen: 430901K->148656K(510976K)] 1090278K->915037K(1909248K), 0.0534245 secs] [Times: user=0.31 sys=0.00, real=0.05 secs] 
7034.928: [GC (Allocation Failure) [PSYoungGen: 477872K->108544K(514048K)] 1244253K->1015121K(1912320K), 0.0751190 secs] [Times: user=0.45 sys=0.00, real=0.07 secs] 
7036.052: [GC (Allocation Failure) [PSYoungGen: 437760K->155296K(505856K)] 1344337K->1166392K(1904128K), 0.0525809 secs] [Times: user=0.31 sys=0.00, real=0.05 secs] 
7039.976: [GC (Allocation Failure) [PSYoungGen: 478368K->94720K(510976K)] 1489464K->1260368K(1909248K), 0.1428953 secs] [Times: user=0.84 sys=0.00, real=0.15 secs] 
7041.007: [GC (Allocation Failure) [PSYoungGen: 417792K->155936K(501760K)] 1583440K->1410373K(1900032K), 0.0871126 secs] [Times: user=0.52 sys=0.00, real=0.08 secs] 
7041.094: [Full GC (Ergonomics) [PSYoungGen: 155936K->0K(501760K)] [ParOldGen: 1254437K->214191K(1398272K)] 1410373K->214191K(1900032K), [Metaspace: 59728K->59728K(1105920K)], 0.5216761 secs] [Times: user=2.45 sys=0.00, real=0.52 secs] 
7044.606: [GC (Allocation Failure) [PSYoungGen: 313856K->91072K(506368K)] 528047K->305263K(1904640K), 0.1585891 secs] [Times: user=0.94 sys=0.00, real=0.16 secs] 
7045.998: [GC (Allocation Failure) [PSYoungGen: 404928K->150400K(500224K)] 619119K->449891K(1898496K), 0.1211389 secs] [Times: user=0.72 sys=0.00, real=0.12 secs] 
7048.430: [GC (Allocation Failure) [PSYoungGen: 458112K->91840K(503296K)] 757603K->541299K(1901568K), 0.1550959 secs] [Times: user=0.93 sys=0.00, real=0.15 secs] 
7049.322: [GC (Allocation Failure) [PSYoungGen: 399552K->146784K(501248K)] 849011K->682244K(1899520K), 0.0534440 secs] [Times: user=0.32 sys=0.00, real=0.05 secs] 
7051.749: [GC (Allocation Failure) [PSYoungGen: 453472K->92128K(502784K)] 988932K->773548K(1901056K), 0.0678983 secs] [Times: user=0.40 sys=0.00, real=0.06 secs] 
7053.402: [GC (Allocation Failure) [PSYoungGen: 398816K->142368K(502272K)] 1080236K->911801K(1900544K), 0.0498124 secs] [Times: user=0.29 sys=0.01, real=0.05 secs] 
7055.142: [GC (Allocation Failure) [PSYoungGen: 450080K->104624K(412672K)] 1219513K->1007526K(1810944K), 0.0643964 secs] [Times: user=0.38 sys=0.00, real=0.06 secs] 
7057.428: [GC (Allocation Failure) [PSYoungGen: 412336K->139856K(501248K)] 1315238K->1143763K(1899520K), 0.0507857 secs] [Times: user=0.31 sys=0.00, real=0.05 secs] 
7059.697: [GC (Allocation Failure) [PSYoungGen: 449616K->104784K(500736K)] 1453523K->1238955K(1899008K), 0.0642067 secs] [Times: user=0.37 sys=0.00, real=0.07 secs] 
7061.338: [GC (Allocation Failure) [PSYoungGen: 414544K->142512K(502784K)] 1548715K->1377704K(1901056K), 0.0516443 secs] [Times: user=0.31 sys=0.00, real=0.05 secs] 
7061.390: [Full GC (Ergonomics) [PSYoungGen: 142512K->0K(502784K)] [ParOldGen: 1235191K->185172K(1398272K)] 1377704K->185172K(1901056K), [Metaspace: 59728K->59728K(1105920K)], 0.4384316 secs] [Times: user=2.02 sys=0.00, real=0.44 secs] 
7064.209: [GC (Allocation Failure) [PSYoungGen: 315392K->106656K(503808K)] 500564K->291828K(1902080K), 0.0331339 secs] [Times: user=0.19 sys=0.00, real=0.03 secs] 
7065.623: [GC (Allocation Failure) [PSYoungGen: 422048K->144480K(506880K)] 607220K->432569K(1905152K), 0.0535422 secs] [Times: user=0.27 sys=0.00, real=0.05 secs] 
7068.466: [GC (GCLocker Initiated GC) [PSYoungGen: 466016K->109776K(508416K)] 754106K->532747K(1906688K), 0.0653214 secs] [Times: user=0.38 sys=0.01, real=0.07 secs] 
7071.505: [GC (Allocation Failure) [PSYoungGen: 431312K->145504K(507392K)] 854285K->674701K(1905664K), 0.0531668 secs] [Times: user=0.32 sys=0.00, real=0.06 secs] 
7073.065: [GC (Allocation Failure) [PSYoungGen: 469600K->110480K(509952K)] 998797K->776494K(1908224K), 0.0657037 secs] [Times: user=0.38 sys=0.01, real=0.07 secs] 
7074.515: [GC (Allocation Failure) [PSYoungGen: 432969K->147456K(509440K)] 1098983K->920322K(1907712K), 0.0528304 secs] [Times: user=0.31 sys=0.00, real=0.06 secs] 
7075.813: [GC (Allocation Failure) [PSYoungGen: 474624K->111328K(512000K)] 1247490K->1022858K(1910272K), 0.0749922 secs] [Times: user=0.44 sys=0.00, real=0.08 secs] 
7076.319: [GC (Allocation Failure) [PSYoungGen: 438496K->153936K(506880K)] 1350026K->1172688K(1905152K), 0.0534943 secs] [Times: user=0.32 sys=0.00, real=0.05 secs] 
Heap
 PSYoungGen      total 506880K, used 354081K [0x00000000d5580000, 0x0000000100000000, 0x0000000100000000)
  eden space 325120K