5.948: [GC (Allocation Failure) [PSYoungGen: 128000K->12542K(148992K)] 128000K->12622K(488960K), 0.0202473 secs] [Times: user=0.02 sys=0.01, real=0.02 secs] 
6.381: [GC (Metadata GC Threshold) [PSYoungGen: 48939K->6086K(148992K)] 49019K->6182K(488960K), 0.0042423 secs] [Times: user=0.02 sys=0.01, real=0.00 secs] 
6.385: [Full GC (Metadata GC Threshold) [PSYoungGen: 6086K->0K(148992K)] [ParOldGen: 96K->5931K(134144K)] 6182K->5931K(283136K), [Metaspace: 20454K->20454K(1067008K)], 0.0184534 secs] [Times: user=0.05 sys=0.00, real=0.02 secs] 
7.777: [GC (Allocation Failure) [PSYoungGen: 128000K->9856K(148992K)] 133931K->15795K(283136K), 0.0035203 secs] [Times: user=0.01 sys=0.00, real=0.00 secs] 
8.372: [GC (Metadata GC Threshold) [PSYoungGen: 39494K->4605K(148992K)] 45433K->10552K(283136K), 0.0048615 secs] [Times: user=0.03 sys=0.00, real=0.00 secs] 
8.377: [Full GC (Metadata GC Threshold) [PSYoungGen: 4605K->0K(148992K)] [ParOldGen: 5947K->8872K(224256K)] 10552K->8872K(373248K), [Metaspace: 33734K->33734K(1079296K)], 0.0400655 secs] [Times: user=0.08 sys=0.00, real=0.04 secs] 
9.810: [GC (Allocation Failure) [PSYoungGen: 128000K->12809K(148992K)] 136872K->21689K(373248K), 0.0040690 secs] [Times: user=0.02 sys=0.00, real=0.01 secs] 
10.720: [GC (Allocation Failure) [PSYoungGen: 139213K->14253K(179712K)] 148093K->55909K(403968K), 0.0180183 secs] [Times: user=0.07 sys=0.02, real=0.02 secs] 
11.709: [GC (Allocation Failure) [PSYoungGen: 176046K->4503K(181760K)] 217702K->111703K(406016K), 0.0118038 secs] [Times: user=0.05 sys=0.02, real=0.01 secs] 
12.991: [GC (Allocation Failure) [PSYoungGen: 162891K->4496K(255488K)] 270091K->177232K(479744K), 0.0114950 secs] [Times: user=0.05 sys=0.02, real=0.01 secs] 
13.003: [Full GC (Ergonomics) [PSYoungGen: 4496K->0K(255488K)] [ParOldGen: 172736K->159517K(518144K)] 177232K->159517K(773632K), [Metaspace: 52343K->52343K(1097728K)], 0.0882880 secs] [Times: user=0.39 sys=0.00, real=0.09 secs] 
15.098: [GC (Allocation Failure) [PSYoungGen: 237568K->1552K(255488K)] 397085K->259382K(773632K), 0.0088682 secs] [Times: user=0.05 sys=0.00, real=0.01 secs] 
16.476: [GC (Allocation Failure) [PSYoungGen: 233072K->10298K(297984K)] 490902K->268136K(816128K), 0.0049735 secs] [Times: user=0.01 sys=0.00, real=0.01 secs] 
19.562: [GC (Allocation Failure) [PSYoungGen: 295482K->1770K(303104K)] 553320K->259608K(821248K), 0.0030881 secs] [Times: user=0.01 sys=0.00, real=0.00 secs] 
20.332: [GC (Allocation Failure) [PSYoungGen: 286954K->18285K(349184K)] 544792K->276131K(867328K), 0.0029028 secs] [Times: user=0.01 sys=0.00, real=0.00 secs] 
22.924: [GC (Allocation Failure) [PSYoungGen: 349037K->1882K(351744K)] 606883K->259728K(869888K), 0.0019008 secs] [Times: user=0.01 sys=0.00, real=0.00 secs] 
25.565: [GC (Allocation Failure) [PSYoungGen: 332634K->2229K(384512K)] 590480K->260075K(902656K), 0.0043811 secs] [Times: user=0.02 sys=0.00, real=0.00 secs] 
27.877: [GC (Allocation Failure) [PSYoungGen: 371893K->2138K(390144K)] 629739K->259984K(908288K), 0.0019244 secs] [Times: user=0.01 sys=0.00, real=0.00 secs] 
33.241: [GC (Allocation Failure) [PSYoungGen: 371802K->1978K(412160K)] 629648K->259824K(930304K), 0.0023622 secs] [Times: user=0.00 sys=0.00, real=0.01 secs] 
36.575: [GC (Allocation Failure) [PSYoungGen: 401338K->2077K(419328K)] 659184K->259922K(937472K), 0.0065798 secs] [Times: user=0.02 sys=0.01, real=0.01 secs] 
38.693: [GC (Allocation Failure) [PSYoungGen: 401437K->10365K(438784K)] 659282K->268211K(956928K), 0.0042558 secs] [Times: user=0.02 sys=0.00, real=0.00 secs] 
40.835: [GC (Allocation Failure) [PSYoungGen: 430205K->2077K(439296K)] 688051K->259923K(957440K), 0.0021585 secs] [Times: user=0.01 sys=0.00, real=0.00 secs] 
42.431: [GC (Allocation Failure) [PSYoungGen: 421917K->2042K(455168K)] 679763K->259896K(973312K), 0.0022789 secs] [Times: user=0.01 sys=0.00, real=0.00 secs] 
43.986: [GC (Allocation Failure) [PSYoungGen: 440314K->2141K(456704K)] 698168K->259994K(974848K), 0.0029786 secs] [Times: user=0.01 sys=0.00, real=0.00 secs] 
45.943: [GC (Allocation Failure) [PSYoungGen: 440413K->17533K(473088K)] 698266K->276411K(991232K), 0.0038872 secs] [Times: user=0.01 sys=0.01, real=0.00 secs] 
47.348: [GC (Allocation Failure) [PSYoungGen: 472701K->2301K(476160K)] 731579K->261179K(994304K), 0.0023492 secs] [Times: user=0.01 sys=0.00, real=0.00 secs] 
49.797: [GC (Allocation Failure) [PSYoungGen: 457469K->2045K(489984K)] 716347K->261008K(1008128K), 0.0022030 secs] [Times: user=0.01 sys=0.00, real=0.00 secs] 
53.173: [GC (Allocation Failure) [PSYoungGen: 475645K->1837K(493056K)] 734608K->261062K(1011200K), 0.0018321 secs] [Times: user=0.01 sys=0.00, real=0.00 secs] 
56.114: [GC (Allocation Failure) [PSYoungGen: 475437K->1837K(501760K)] 734662K->261094K(1019904K), 0.0035658 secs] [Times: user=0.01 sys=0.00, real=0.00 secs] 
60.175: [GC (Allocation Failure) [PSYoungGen: 487213K->1856K(503296K)] 746470K->261161K(1021440K), 0.0042828 secs] [Times: user=0.01 sys=0.00, real=0.00 secs] 
63.479: [GC (Allocation Failure) [PSYoungGen: 487232K->1840K(511488K)] 746537K->261177K(1029632K), 0.0034591 secs] [Times: user=0.01 sys=0.01, real=0.01 secs] 
66.596: [GC (Allocation Failure) [PSYoungGen: 498480K->9936K(513024K)] 757817K->277641K(1031168K), 0.0064065 secs] [Times: user=0.02 sys=0.01, real=0.01 secs] 
69.833: [GC (Allocation Failure) [PSYoungGen: 506576K->9952K(526848K)] 774281K->277673K(1044992K), 0.0034909 secs] [Times: user=0.01 sys=0.01, real=0.00 secs] 
72.805: [GC (Allocation Failure) [PSYoungGen: 519392K->1824K(527360K)] 787113K->269593K(1045504K), 0.0020044 secs] [Times: user=0.00 sys=0.00, real=0.00 secs] 
76.120: [GC (Allocation Failure) [PSYoungGen: 511264K->1680K(534528K)] 779033K->269489K(1052672K), 0.0018007 secs] [Times: user=0.01 sys=0.00, real=0.01 secs] 
78.697: [GC (Allocation Failure) [PSYoungGen: 521360K->1693K(505344K)] 789169K->269542K(1023488K), 0.0017140 secs] [Times: user=0.01 sys=0.00, real=0.00 secs] 
80.451: [GC (Allocation Failure) [PSYoungGen: 504989K->1693K(489472K)] 772838K->269566K(1007616K), 0.0019670 secs] [Times: user=0.00 sys=0.01, real=0.00 secs] 
85.241: [GC (Allocation Failure) [PSYoungGen: 489117K->1693K(474624K)] 756990K->269606K(992768K), 0.0017756 secs] [Times: user=0.01 sys=0.00, real=0.01 secs] 
88.501: [GC (Allocation Failure) [PSYoungGen: 474269K->1696K(460288K)] 742182K->269657K(978432K), 0.0034230 secs] [Times: user=0.01 sys=0.00, real=0.00 secs] 
91.237: [GC (Allocation Failure) [PSYoungGen: 459936K->1728K(446464K)] 727897K->269713K(964608K), 0.0029414 secs] [Times: user=0.01 sys=0.00, real=0.00 secs] 
94.235: [GC (Allocation Failure) [PSYoungGen: 438337K->9856K(441344K)] 706322K->277857K(959488K), 0.0060444 secs] [Times: user=0.02 sys=0.00, real=0.01 secs] 
96.082: [GC (Allocation Failure) [PSYoungGen: 440960K->1677K(420352K)] 708961K->269686K(938496K), 0.0019305 secs] [Times: user=0.01 sys=0.00, real=0.00 secs] 
97.814: [GC (Allocation Failure) [PSYoungGen: 419981K->1597K(408064K)] 687990K->269630K(926208K), 0.0018966 secs] [Times: user=0.00 sys=0.00, real=0.00 secs] 
99.866: [GC (Allocation Failure) [PSYoungGen: 407613K->1664K(396288K)] 675646K->269705K(914432K), 0.0023390 secs] [Times: user=0.00 sys=0.00, real=0.00 secs] 
101.752: [GC (Allocation Failure) [PSYoungGen: 395904K->5760K(389120K)] 663945K->273841K(907264K), 0.0024547 secs] [Times: user=0.01 sys=0.00, real=0.00 secs] 
103.022: [GC (Allocation Failure) [PSYoungGen: 388736K->1645K(374272K)] 656817K->269742K(892416K), 0.0016923 secs] [Times: user=0.01 sys=0.00, real=0.00 secs] 
106.449: [GC (Allocation Failure) [PSYoungGen: 373869K->1520K(363520K)] 641966K->269657K(881664K), 0.0023458 secs] [Times: user=0.01 sys=0.00, real=0.01 secs] 
107.799: [GC (Allocation Failure) [PSYoungGen: 363504K->9856K(362496K)] 631641K->278001K(880640K), 0.0032662 secs] [Times: user=0.01 sys=0.00, real=0.01 secs] 
110.803: [GC (Allocation Failure) [PSYoungGen: 362112K->1581K(345088K)] 630257K->269734K(863232K), 0.0017493 secs] [Times: user=0.00 sys=0.00, real=0.00 secs] 
111.972: [GC (Allocation Failure) [PSYoungGen: 344621K->1568K(335872K)] 612774K->269721K(854016K), 0.0024214 secs] [Times: user=0.01 sys=0.00, real=0.00 secs] 
113.287: [GC (Allocation Failure) [PSYoungGen: 335392K->1677K(327168K)] 603545K->269846K(845312K), 0.0017225 secs] [Times: user=0.00 sys=0.00, real=0.00 secs] 
115.617: [GC (Allocation Failure) [PSYoungGen: 326797K->1485K(318464K)] 594966K->269662K(836608K), 0.0024538 secs] [Times: user=0.01 sys=0.00, real=0.00 secs] 
116.740: [GC (Allocation Failure) [PSYoungGen: 318413K->9824K(318976K)] 586590K->286209K(837120K), 0.0052800 secs] [Times: user=0.02 sys=0.00, real=0.01 secs] 
118.762: [GC (Allocation Failure) [PSYoungGen: 318560K->1501K(302592K)] 594945K->277894K(820736K), 0.0016560 secs] [Times: user=0.01 sys=0.00, real=0.00 secs] 
119.700: [GC (Allocation Failure) [PSYoungGen: 302557K->1584K(295936K)] 578950K->277993K(814080K), 0.0020613 secs] [Times: user=0.01 sys=0.00, real=0.01 secs] 
121.106: [GC (Allocation Failure) [PSYoungGen: 295472K->1581K(288768K)] 571881K->277998K(806912K), 0.0016602 secs] [Times: user=0.01 sys=0.00, real=0.00 secs] 
123.215: [GC (Allocation Failure) [PSYoungGen: 288301K->1536K(282112K)] 564718K->277985K(800256K), 0.0027140 secs] [Times: user=0.01 sys=0.00, real=0.00 secs] 
125.165: [GC (Allocation Failure) [PSYoungGen: 281600K->1565K(275456K)] 558049K->278030K(793600K), 0.0016584 secs] [Times: user=0.00 sys=0.00, real=0.00 secs] 
126.634: [GC (Allocation Failure) [PSYoungGen: 274973K->1536K(269312K)] 551438K->278009K(787456K), 0.0028762 secs] [Times: user=0.01 sys=0.01, real=0.00 secs] 
127.663: [GC (Allocation Failure) [PSYoungGen: 268800K->1517K(262656K)] 545273K->278022K(780800K), 0.0018629 secs] [Times: user=0.00 sys=0.00, real=0.00 secs] 
128.942: [GC (Allocation Failure) [PSYoungGen: 262637K->1504K(256512K)] 539142K->278017K(774656K), 0.0027490 secs] [Times: user=0.01 sys=0.00, real=0.00 secs] 
130.570: [GC (Allocation Failure) [PSYoungGen: 256480K->1533K(250880K)] 532993K->278054K(769024K), 0.0015701 secs] [Times: user=0.00 sys=0.00, real=0.01 secs] 
131.772: [GC (Allocation Failure) [PSYoungGen: 250877K->8672K(252416K)] 527398K->294488K(770560K), 0.0049986 secs] [Times: user=0.02 sys=0.00, real=0.00 secs] 
134.436: [GC (Allocation Failure) [PSYoungGen: 252384K->1472K(240128K)] 538200K->287296K(758272K), 0.0019932 secs] [Times: user=0.01 sys=0.00, real=0.00 secs] 
134.988: [GC (Allocation Failure) [PSYoungGen: 240064K->2768K(236544K)] 525888K->288592K(754688K), 0.0021014 secs] [Times: user=0.01 sys=0.01, real=0.00 secs] 
136.136: [GC (Allocation Failure) [PSYoungGen: 236240K->1520K(229888K)] 522064K->287352K(748032K), 0.0018448 secs] [Times: user=0.01 sys=0.00, real=0.00 secs] 
136.816: [GC (Allocation Failure) [PSYoungGen: 229872K->1693K(225792K)] 515704K->287525K(743936K), 0.0017590 secs] [Times: user=0.00 sys=0.00, real=0.00 secs] 
139.032: [GC (Allocation Failure) [PSYoungGen: 225437K->1616K(221184K)] 511269K->287456K(739328K), 0.0021574 secs] [Times: user=0.01 sys=0.00, real=0.00 secs] 
140.862: [GC (Allocation Failure) [PSYoungGen: 220752K->1597K(216576K)] 506592K->287445K(734720K), 0.0016521 secs] [Times: user=0.00 sys=0.00, real=0.00 secs] 
141.411: [GC (Allocation Failure) [PSYoungGen: 216125K->3776K(214528K)] 501973K->289640K(732672K), 0.0022573 secs] [Times: user=0.01 sys=0.00, real=0.00 secs] 
142.991: [GC (Allocation Failure) [PSYoungGen: 214208K->1504K(207872K)] 500072K->287368K(726016K), 0.0028079 secs] [Times: user=0.01 sys=0.00, real=0.00 secs] 
145.054: [GC (Allocation Failure) [PSYoungGen: 207840K->1693K(204288K)] 493704K->287573K(722432K), 0.0015672 secs] [Times: user=0.00 sys=0.00, real=0.00 secs] 
146.671: [GC (Allocation Failure) [PSYoungGen: 203933K->8800K(207360K)] 489813K->303896K(725504K), 0.0087996 secs] [Times: user=0.04 sys=0.00, real=0.01 secs] 
147.883: [GC (Allocation Failure) [PSYoungGen: 206944K->448K(195072K)] 502040K->295552K(713216K), 0.0022491 secs] [Times: user=0.01 sys=0.00, real=0.00 secs] 
148.262: [GC (Allocation Failure) [PSYoungGen: 195008K->1725K(193024K)] 490112K->296837K(711168K), 0.0018353 secs] [Times: user=0.00 sys=0.00, real=0.00 secs] 
148.850: [GC (Allocation Failure) [PSYoungGen: 192701K->9776K(197632K)] 487813K->313120K(715776K), 0.0032866 secs] [Times: user=0.01 sys=0.01, real=0.01 secs] 
149.620: [GC (Allocation Failure) [PSYoungGen: 197168K->1549K(185856K)] 500512K->304909K(704000K), 0.0017083 secs] [Times: user=0.00 sys=0.00, real=0.01 secs] 
149.943: [GC (Allocation Failure) [PSYoungGen: 185357K->1629K(182784K)] 488717K->305100K(700928K), 0.0015976 secs] [Times: user=0.01 sys=0.00, real=0.00 secs] 
150.519: [GC (Allocation Failure) [PSYoungGen: 182365K->9680K(187392K)] 485836K->321358K(705536K), 0.0026875 secs] [Times: user=0.01 sys=0.00, real=0.01 secs] 
151.300: [GC (Allocation Failure) [PSYoungGen: 187344K->1456K(176128K)] 499022K->313150K(694272K), 0.0017633 secs] [Times: user=0.00 sys=0.00, real=0.01 secs] 
151.609: [GC (Allocation Failure) [PSYoungGen: 176048K->1533K(173056K)] 487742K->313228K(691200K), 0.0018586 secs] [Times: user=0.00 sys=0.00, real=0.01 secs] 
152.380: [GC (Allocation Failure) [PSYoungGen: 173053K->9712K(178176K)] 484748K->329606K(696320K), 0.0034503 secs] [Times: user=0.01 sys=0.00, real=0.01 secs] 
153.699: [GC (Allocation Failure) [PSYoungGen: 178160K->1344K(166912K)] 498054K->321246K(685056K), 0.0022080 secs] [Times: user=0.01 sys=0.00, real=0.01 secs] 
154.125: [GC (Allocation Failure) [PSYoungGen: 166720K->1533K(164352K)] 486622K->321436K(682496K), 0.0016480 secs] [Times: user=0.01 sys=0.00, real=0.00 secs] 
154.509: [GC (Allocation Failure) [PSYoungGen: 164349K->3600K(164352K)] 484252K->323510K(682496K), 0.0022367 secs] [Times: user=0.01 sys=0.01, real=0.01 secs] 
155.194: [GC (Allocation Failure) [PSYoungGen: 163856K->1376K(159232K)] 483766K->321286K(677376K), 0.0019685 secs] [Times: user=0.00 sys=0.00, real=0.00 secs] 
155.812: [GC (Allocation Failure) [PSYoungGen: 159072K->1485K(156672K)] 478982K->321404K(674816K), 0.0017143 secs] [Times: user=0.00 sys=0.00, real=0.00 secs] 
156.135: [GC (Allocation Failure) [PSYoungGen: 156621K->1565K(154624K)] 476540K->321484K(672768K), 0.0018435 secs] [Times: user=0.01 sys=0.00, real=0.00 secs] 
156.621: [GC (Allocation Failure) [PSYoungGen: 154141K->9664K(159744K)] 474060K->337774K(677888K), 0.0033695 secs] [Times: user=0.02 sys=0.00, real=0.00 secs] 
157.263: [GC (Allocation Failure) [PSYoungGen: 159680K->1344K(149504K)] 487790K->329462K(667648K), 0.0019527 secs] [Times: user=0.01 sys=0.00, real=0.00 secs] 
157.726: [GC (Allocation Failure) [PSYoungGen: 149312K->1517K(147456K)] 477430K->329652K(665600K), 0.0016668 secs] [Times: user=0.01 sys=0.00, real=0.00 secs] 
157.981: [GC (Allocation Failure) [PSYoungGen: 147437K->1533K(145408K)] 475572K->329668K(663552K), 0.0016078 secs] [Times: user=0.01 sys=0.00, real=0.01 secs] 
160.844: [GC (Allocation Failure) [PSYoungGen: 145405K->1440K(143360K)] 473540K->329582K(661504K), 0.0031764 secs] [Times: user=0.01 sys=0.00, real=0.00 secs] 
162.144: [GC (Allocation Failure) [PSYoungGen: 143264K->1344K(141312K)] 471406K->329486K(659456K), 0.0020931 secs] [Times: user=0.00 sys=0.00, real=0.00 secs] 
162.514: [GC (Allocation Failure) [PSYoungGen: 141120K->1533K(139264K)] 469262K->329684K(657408K), 0.0018199 secs] [Times: user=0.01 sys=0.00, real=0.00 secs] 
162.874: [GC (Allocation Failure) [PSYoungGen: 139261K->1680K(137728K)] 467412K->329838K(655872K), 0.0025916 secs] [Times: user=0.01 sys=0.00, real=0.00 secs] 
164.229: [GC (Allocation Failure) [PSYoungGen: 137360K->1376K(135168K)] 465518K->329550K(653312K), 0.0022471 secs] [Times: user=0.01 sys=0.00, real=0.01 secs] 
165.272: [GC (Allocation Failure) [PSYoungGen: 135008K->1376K(133120K)] 463182K->329550K(651264K), 0.0020195 secs] [Times: user=0.01 sys=0.00, real=0.00 secs] 
165.590: [GC (Allocation Failure) [PSYoungGen: 132960K->1565K(132096K)] 461134K->329740K(650240K), 0.0016293 secs] [Times: user=0.01 sys=0.01, real=0.01 secs] 
165.816: [GC (Allocation Failure) [PSYoungGen: 131613K->1533K(130048K)] 459788K->329732K(648192K), 0.0018116 secs] [Times: user=0.00 sys=0.00, real=0.00 secs] 
166.746: [GC (Allocation Failure) [PSYoungGen: 130045K->1488K(128512K)] 458244K->346070K(646656K), 0.0033905 secs] [Times: user=0.02 sys=0.00, real=0.00 secs] 
167.845: [GC (Allocation Failure) [PSYoungGen: 128464K->1344K(126976K)] 473046K->345926K(645120K), 0.0025064 secs] [Times: user=0.01 sys=0.00, real=0.00 secs] 
168.254: [GC (Allocation Failure) [PSYoungGen: 126784K->1437K(125440K)] 471366K->346020K(643584K), 0.0017162 secs] [Times: user=0.01 sys=0.00, real=0.00 secs] 
168.471: [GC (Allocation Failure) [PSYoungGen: 125341K->1536K(124416K)] 469924K->346118K(642560K), 0.0017528 secs] [Times: user=0.01 sys=0.00, real=0.00 secs] 
168.820: [GC (Allocation Failure) [PSYoungGen: 123904K->5584K(126464K)] 468486K->354262K(644608K), 0.0023358 secs] [Times: user=0.01 sys=0.01, real=0.01 secs] 
169.518: [GC (Allocation Failure) [PSYoungGen: 126416K->1344K(120832K)] 475094K->350022K(638976K), 0.0019052 secs] [Times: user=0.00 sys=0.01, real=0.00 secs] 
170.485: [GC (Allocation Failure) [PSYoungGen: 120640K->1437K(119296K)] 469318K->350116K(637440K), 0.0019055 secs] [Times: user=0.01 sys=0.00, real=0.00 secs] 
170.704: [GC (Allocation Failure) [PSYoungGen: 119197K->1549K(118272K)] 467876K->350236K(636416K), 0.0017676 secs] [Times: user=0.01 sys=0.00, real=0.00 secs] 
170.907: [GC (Allocation Failure) [PSYoungGen: 117773K->1581K(116736K)] 466460K->350268K(634880K), 0.0017291 secs] [Times: user=0.00 sys=0.00, real=0.00 secs] 
171.653: [GC (Allocation Failure) [PSYoungGen: 116269K->1376K(114688K)] 464956K->350062K(632832K), 0.0023351 secs] [Times: user=0.01 sys=0.00, real=0.00 secs] 
172.818: [GC (Allocation Failure) [PSYoungGen: 114528K->1344K(113152K)] 463214K->350038K(631296K), 0.0024146 secs] [Times: user=0.01 sys=0.00, real=0.00 secs] 
174.063: [GC (Allocation Failure) [PSYoungGen: 112960K->1421K(111616K)] 461654K->350124K(629760K), 0.0022600 secs] [Times: user=0.00 sys=0.00, real=0.00 secs] 
174.375: [GC (Allocation Failure) [PSYoungGen: 111501K->1549K(111104K)] 460204K->350268K(629248K), 0.0017725 secs] [Times: user=0.00 sys=0.00, real=0.00 secs] 
174.602: [GC (Allocation Failure) [PSYoungGen: 110605K->1485K(109568K)] 459324K->350204K(627712K), 0.0018729 secs] [Times: user=0.01 sys=0.00, real=0.00 secs] 
175.993: [GC (Allocation Failure) [PSYoungGen: 109517K->1408K(108544K)] 458236K->350134K(626688K), 0.0040943 secs] [Times: user=0.01 sys=0.00, real=0.00 secs] 
176.610: [GC (Allocation Failure) [PSYoungGen: 108416K->1408K(107520K)] 457142K->350142K(625664K), 0.0019955 secs] [Times: user=0.01 sys=0.00, real=0.01 secs] 
177.480: [GC (Allocation Failure) [PSYoungGen: 107392K->1469K(106496K)] 456126K->350212K(624640K), 0.0023132 secs] [Times: user=0.00 sys=0.00, real=0.01 secs] 
177.702: [GC (Allocation Failure) [PSYoungGen: 106429K->1504K(105472K)] 455172K->350246K(623616K), 0.0016315 secs] [Times: user=0.01 sys=0.00, real=0.00 secs] 
177.884: [GC (Allocation Failure) [PSYoungGen: 105440K->1517K(104448K)] 454182K->350260K(622592K), 0.0017634 secs] [Times: user=0.01 sys=0.00, real=0.00 secs] 
178.335: [GC (Allocation Failure) [PSYoungGen: 104429K->1392K(103424K)] 453172K->350150K(621568K), 0.0018069 secs] [Times: user=0.00 sys=0.00, real=0.00 secs] 
179.142: [GC (Allocation Failure) [PSYoungGen: 103280K->1376K(102400K)] 452038K->350134K(620544K), 0.0035772 secs] [Times: user=0.01 sys=0.00, real=0.00 secs] 
179.946: [GC (Allocation Failure) [PSYoungGen: 102240K->1376K(101376K)] 450998K->350134K(619520K), 0.0024714 secs] [Times: user=0.01 sys=0.00, real=0.00 secs] 
180.280: [GC (Allocation Failure) [PSYoungGen: 101216K->1533K(100352K)] 449974K->350292K(618496K), 0.0017964 secs] [Times: user=0.00 sys=0.00, real=0.01 secs] 
180.455: [GC (Allocation Failure) [PSYoungGen: 100349K->1533K(99328K)] 449108K->350292K(617472K), 0.0016693 secs] [Times: user=0.01 sys=0.00, real=0.00 secs] 
181.818: [GC (Allocation Failure) [PSYoungGen: 99325K->2464K(99328K)] 448084K->352254K(617472K), 0.0035063 secs] [Times: user=0.02 sys=0.00, real=0.01 secs] 
182.944: [GC (Allocation Failure) [PSYoungGen: 99232K->352K(96256K)] 449022K->350142K(614400K), 0.0027421 secs] [Times: user=0.00 sys=0.00, real=0.00 secs] 
183.775: [GC (Allocation Failure) [PSYoungGen: 96096K->320K(95232K)] 445886K->350118K(613376K), 0.0033658 secs] [Times: user=0.01 sys=0.00, real=0.00 secs] 
184.476: [GC (Allocation Failure) [PSYoungGen: 95040K->1437K(97280K)] 444838K->351244K(615424K), 0.0021232 secs] [Times: user=0.01 sys=0.00, real=0.00 secs] 
184.663: [GC (Allocation Failure) [PSYoungGen: 95133K->1533K(94208K)] 444940K->351340K(612352K), 0.0018039 secs] [Times: user=0.00 sys=0.00, real=0.00 secs] 
184.852: [GC (Allocation Failure) [PSYoungGen: 94205K->1533K(93184K)] 444012K->351356K(611328K), 0.0017674 secs] [Times: user=0.01 sys=0.00, real=0.00 secs] 
185.329: [GC (Allocation Failure) [PSYoungGen: 93181K->1488K(92160K)] 443004K->359510K(610304K), 0.0027981 secs] [Times: user=0.01 sys=0.00, real=0.01 secs] 
186.224: [GC (Allocation Failure) [PSYoungGen: 92112K->1376K(91136K)] 450134K->359398K(609280K), 0.0020911 secs] [Times: user=0.01 sys=0.00, real=0.00 secs] 
187.223: [GC (Allocation Failure) [PSYoungGen: 90976K->1312K(90112K)] 448998K->359334K(608256K), 0.0021012 secs] [Times: user=0.01 sys=0.00, real=0.00 secs] 
188.030: [GC (Allocation Failure) [PSYoungGen: 89888K->1469K(89088K)] 447910K->359492K(607232K), 0.0021983 secs] [Times: user=0.01 sys=0.00, real=0.01 secs] 
188.208: [GC (Allocation Failure) [PSYoungGen: 89021K->1453K(88576K)] 447044K->359484K(606720K), 0.0016619 secs] [Times: user=0.01 sys=0.00, real=0.00 secs] 
188.360: [GC (Allocation Failure) [PSYoungGen: 88493K->1469K(88064K)] 446524K->359500K(606208K), 0.0016878 secs] [Times: user=0.00 sys=0.00, real=0.01 secs] 
189.034: [GC (Allocation Failure) [PSYoungGen: 87997K->1488K(87552K)] 446028K->363614K(605696K), 0.0023139 secs] [Times: user=0.01 sys=0.00, real=0.00 secs] 
190.512: [GC (Allocation Failure) [PSYoungGen: 87504K->1376K(87040K)] 449630K->363502K(605184K), 0.0027654 secs] [Times: user=0.01 sys=0.00, real=0.00 secs] 
191.656: [GC (Allocation Failure) [PSYoungGen: 86880K->1376K(86528K)] 449006K->363502K(604672K), 0.0026923 secs] [Times: user=0.01 sys=0.00, real=0.00 secs] 
192.271: [GC (Allocation Failure) [PSYoungGen: 86368K->1437K(86016K)] 448494K->363564K(604160K), 0.0018285 secs] [Times: user=0.01 sys=0.00, real=0.00 secs] 
192.445: [GC (Allocation Failure) [PSYoungGen: 85917K->1501K(85504K)] 448044K->363628K(603648K), 0.0016982 secs] [Times: user=0.00 sys=0.00, real=0.00 secs] 
192.592: [GC (Allocation Failure) [PSYoungGen: 85469K->1517K(84992K)] 447596K->363644K(603136K), 0.0017048 secs] [Times: user=0.01 sys=0.00, real=0.00 secs] 
192.739: [GC (Allocation Failure) [PSYoungGen: 84973K->1472K(91136K)] 447100K->363623K(609280K), 0.0015317 secs] [Times: user=0.00 sys=0.00, real=0.00 secs] 
193.257: [GC (Allocation Failure) [PSYoungGen: 91072K->1408K(90112K)] 453223K->363558K(608256K), 0.0018192 secs] [Times: user=0.01 sys=0.00, real=0.00 secs] 
193.641: [GC (Allocation Failure) [PSYoungGen: 89984K->1376K(89088K)] 452134K->363526K(607232K), 0.0016923 secs] [Times: user=0.01 sys=0.00, real=0.00 secs] 
194.034: [GC (Allocation Failure) [PSYoungGen: 88928K->1312K(88576K)] 451078K->363470K(606720K), 0.0018649 secs] [Times: user=0.01 sys=0.00, real=0.00 secs] 
194.351: [GC (Allocation Failure) [PSYoungGen: 88352K->1469K(88064K)] 450510K->363636K(606208K), 0.0016163 secs] [Times: user=0.01 sys=0.00, real=0.00 secs] 
194.504: [GC (Allocation Failure) [PSYoungGen: 87997K->1485K(87552K)] 450164K->363652K(605696K), 0.0016720 secs] [Times: user=0.00 sys=0.00, real=0.00 secs] 
194.685: [GC (Allocation Failure) [PSYoungGen: 87501K->1469K(93696K)] 449668K->363636K(611840K), 0.0019668 secs] [Times: user=0.00 sys=0.00, real=0.00 secs] 
195.418: [GC (Allocation Failure) [PSYoungGen: 93629K->1408K(92672K)] 455796K->363574K(610816K), 0.0025196 secs] [Times: user=0.00 sys=0.01, real=0.00 secs] 
196.134: [GC (Allocation Failure) [PSYoungGen: 92544K->1376K(91648K)] 454710K->363542K(609792K), 0.0020473 secs] [Times: user=0.01 sys=0.00, real=0.00 secs] 
196.508: [GC (Allocation Failure) [PSYoungGen: 91488K->1392K(90624K)] 453654K->363558K(608768K), 0.0020459 secs] [Times: user=0.00 sys=0.00, real=0.00 secs] 
196.759: [GC (Allocation Failure) [PSYoungGen: 90480K->1533K(89600K)] 452646K->363708K(607744K), 0.0015311 secs] [Times: user=0.01 sys=0.00, real=0.00 secs] 
196.914: [GC (Allocation Failure) [PSYoungGen: 89597K->1485K(89088K)] 451772K->363660K(607232K), 0.0017086 secs] [Times: user=0.00 sys=0.00, real=0.00 secs] 
197.065: [GC (Allocation Failure) [PSYoungGen: 89037K->1504K(95744K)] 451212K->363679K(613888K), 0.0015866 secs] [Times: user=0.01 sys=0.00, real=0.00 secs] 
198.056: [GC (Allocation Failure) [PSYoungGen: 95712K->1408K(94720K)] 457887K->363582K(612864K), 0.0020188 secs] [Times: user=0.01 sys=0.00, real=0.00 secs] 
199.073: [GC (Allocation Failure) [PSYoungGen: 94592K->1376K(93696K)] 456766K->363550K(611840K), 0.0019582 secs] [Times: user=0.01 sys=0.00, real=0.00 secs] 
200.450: [GC (Allocation Failure) [PSYoungGen: 93536K->1376K(92672K)] 455710K->363550K(610816K), 0.0023460 secs] [Times: user=0.01 sys=0.00, real=0.01 secs] 
200.952: [GC (Allocation Failure) [PSYoungGen: 92512K->1485K(91648K)] 454686K->363660K(609792K), 0.0015723 secs] [Times: user=0.00 sys=0.00, real=0.00 secs] 
201.109: [GC (Allocation Failure) [PSYoungGen: 91597K->1533K(90624K)] 453772K->363708K(608768K), 0.0016745 secs] [Times: user=0.00 sys=0.00, real=0.01 secs] 
201.264: [GC (Allocation Failure) [PSYoungGen: 90621K->1485K(89600K)] 452796K->363660K(607744K), 0.0016242 secs] [Times: user=0.01 sys=0.00, real=0.00 secs] 
202.137: [GC (Allocation Failure) [PSYoungGen: 89549K->1440K(89088K)] 451724K->363638K(607232K), 0.0020265 secs] [Times: user=0.00 sys=0.01, real=0.00 secs] 
202.910: [GC (Allocation Failure) [PSYoungGen: 88992K->1408K(88576K)] 451190K->363606K(606720K), 0.0023155 secs] [Times: user=0.01 sys=0.00, real=0.01 secs] 
203.371: [GC (Allocation Failure) [PSYoungGen: 88448K->1376K(88064K)] 450646K->363574K(606208K), 0.0019389 secs] [Times: user=0.00 sys=0.00, real=0.01 secs] 
203.664: [GC (Allocation Failure) [PSYoungGen: 87904K->1469K(87552K)] 450102K->363684K(605696K), 0.0023048 secs] [Times: user=0.01 sys=0.00, real=0.00 secs] 
203.919: [GC (Allocation Failure) [PSYoungGen: 87485K->1501K(87040K)] 449700K->363716K(605184K), 0.0019713 secs] [Times: user=0.00 sys=0.00, real=0.01 secs] 
204.120: [GC (Allocation Failure) [PSYoungGen: 87005K->1469K(86528K)] 449220K->363684K(604672K), 0.0017554 secs] [Times: user=0.01 sys=0.00, real=0.01 secs] 
206.098: [GC (Allocation Failure) [PSYoungGen: 86461K->1424K(86016K)] 448676K->363646K(604160K), 0.0038660 secs] [Times: user=0.01 sys=0.00, real=0.01 secs] 
207.549: [GC (Allocation Failure) [PSYoungGen: 85904K->1408K(85504K)] 448126K->363630K(603648K), 0.0025279 secs] [Times: user=0.01 sys=0.01, real=0.01 secs] 
207.886: [GC (Allocation Failure) [PSYoungGen: 85376K->1376K(84992K)] 447598K->363598K(603136K), 0.0020865 secs] [Times: user=0.00 sys=0.00, real=0.00 secs] 
208.266: [GC (Allocation Failure) [PSYoungGen: 84832K->1440K(84480K)] 447054K->363663K(602624K), 0.0016276 secs] [Times: user=0.01 sys=0.00, real=0.00 secs] 
208.412: [GC (Allocation Failure) [PSYoungGen: 84384K->1533K(83968K)] 446607K->363756K(602112K), 0.0017473 secs] [Times: user=0.00 sys=0.00, real=0.00 secs] 
208.557: [GC (Allocation Failure) [PSYoungGen: 83965K->1485K(90112K)] 446188K->363708K(608256K), 0.0015595 secs] [Times: user=0.00 sys=0.00, real=0.00 secs] 
208.908: [GC (Allocation Failure) [PSYoungGen: 90061K->1472K(89088K)] 452284K->363694K(607232K), 0.0018418 secs] [Times: user=0.00 sys=0.00, real=0.00 secs] 
210.556: [GC (Allocation Failure) [PSYoungGen: 89024K->1376K(88576K)] 451246K->363598K(606720K), 0.0029178 secs] [Times: user=0.01 sys=0.00, real=0.00 secs] 
212.079: [GC (Allocation Failure) [PSYoungGen: 88416K->1376K(88064K)] 450638K->363598K(606208K), 0.0040686 secs] [Times: user=0.02 sys=0.01, real=0.01 secs] 
212.770: [GC (Allocation Failure) [PSYoungGen: 87904K->1376K(87552K)] 450126K->363598K(605696K), 0.0024423 secs] [Times: user=0.01 sys=0.00, real=0.01 secs] 
213.112: [GC (Allocation Failure) [PSYoungGen: 87392K->1469K(87040K)] 449614K->363692K(605184K), 0.0020083 secs] [Times: user=0.01 sys=0.00, real=0.00 secs] 
213.267: [GC (Allocation Failure) [PSYoungGen: 86973K->1469K(86528K)] 449196K->363692K(604672K), 0.0016273 secs] [Times: user=0.01 sys=0.00, real=0.00 secs] 
213.416: [GC (Allocation Failure) [PSYoungGen: 86461K->1533K(92672K)] 448684K->363756K(610816K), 0.0017321 secs] [Times: user=0.00 sys=0.00, real=0.00 secs] 
215.351: [GC (Allocation Failure) [PSYoungGen: 92669K->1408K(91648K)] 454892K->363630K(609792K), 0.0045017 secs] [Times: user=0.02 sys=0.00, real=0.01 secs] 
216.490: [GC (Allocation Failure) [PSYoungGen: 91520K->1328K(90624K)] 453742K->363550K(608768K), 0.0031578 secs] [Times: user=0.01 sys=0.00, real=0.01 secs] 
217.650: [GC (Allocation Failure) [PSYoungGen: 90416K->1360K(89600K)] 452638K->363590K(607744K), 0.0027864 secs] [Times: user=0.01 sys=0.00, real=0.01 secs] 
218.075: [GC (Allocation Failure) [PSYoungGen: 89424K->1533K(89088K)] 451654K->363764K(607232K), 0.0016727 secs] [Times: user=0.00 sys=0.00, real=0.00 secs] 
218.229: [GC (Allocation Failure) [PSYoungGen: 89085K->1501K(88576K)] 451316K->363732K(606720K), 0.0015175 secs] [Times: user=0.01 sys=0.00, real=0.00 secs] 
218.381: [GC (Allocation Failure) [PSYoungGen: 88541K->1501K(88064K)] 450772K->363732K(606208K), 0.0016127 secs] [Times: user=0.00 sys=0.00, real=0.01 secs] 
219.142: [GC (Allocation Failure) [PSYoungGen: 88029K->1392K(87552K)] 450260K->363622K(605696K), 0.0021831 secs] [Times: user=0.01 sys=0.00, real=0.00 secs] 
219.763: [GC (Allocation Failure) [PSYoungGen: 87408K->1376K(87040K)] 449638K->363606K(605184K), 0.0021618 secs] [Times: user=0.01 sys=0.00, real=0.00 secs] 
220.566: [GC (Allocation Failure) [PSYoungGen: 86880K->1376K(86528K)] 449110K->363606K(604672K), 0.0020296 secs] [Times: user=0.01 sys=0.00, real=0.00 secs] 
221.113: [GC (Allocation Failure) [PSYoungGen: 86368K->1501K(86016K)] 448598K->363732K(604160K), 0.0019723 secs] [Times: user=0.00 sys=0.00, real=0.00 secs] 
221.280: [GC (Allocation Failure) [PSYoungGen: 85981K->1472K(85504K)] 448212K->363703K(603648K), 0.0014601 secs] [Times: user=0.00 sys=0.00, real=0.01 secs] 
221.427: [GC (Allocation Failure) [PSYoungGen: 85440K->1501K(84992K)] 447671K->363732K(603136K), 0.0015914 secs] [Times: user=0.01 sys=0.00, real=0.00 secs] 
222.060: [GC (Allocation Failure) [PSYoungGen: 84957K->1392K(84480K)] 447188K->363622K(602624K), 0.0018313 secs] [Times: user=0.01 sys=0.00, real=0.01 secs] 
222.895: [GC (Allocation Failure) [PSYoungGen: 84336K->1376K(83968K)] 446566K->363606K(602112K), 0.0019770 secs] [Times: user=0.01 sys=0.00, real=0.00 secs] 
224.003: [GC (Allocation Failure) [PSYoungGen: 83808K->1376K(83456K)] 446038K->363606K(601600K), 0.0022896 secs] [Times: user=0.00 sys=0.00, real=0.00 secs] 
225.217: [GC (Allocation Failure) [PSYoungGen: 83296K->1424K(82944K)] 445526K->363663K(601088K), 0.0037075 secs] [Times: user=0.01 sys=0.01, real=0.01 secs] 
225.464: [GC (Allocation Failure) [PSYoungGen: 82832K->1501K(82432K)] 445071K->363740K(600576K), 0.0013846 secs] [Times: user=0.01 sys=0.00, real=0.00 secs] 
225.606: [GC (Allocation Failure) [PSYoungGen: 82397K->1501K(81920K)] 444636K->363740K(600064K), 0.0016805 secs] [Times: user=0.00 sys=0.00, real=0.00 secs] 
225.746: [GC (Allocation Failure) [PSYoungGen: 81885K->1469K(84992K)] 444124K->363716K(603136K), 0.0016772 secs] [Times: user=0.00 sys=0.00, real=0.00 secs] 
226.142: [GC (Allocation Failure) [PSYoungGen: 84925K->1440K(84480K)] 447172K->363694K(602624K), 0.0019268 secs] [Times: user=0.01 sys=0.01, real=0.00 secs] 
226.527: [GC (Allocation Failure) [PSYoungGen: 84384K->1440K(83968K)] 446638K->363694K(602112K), 0.0019532 secs] [Times: user=0.00 sys=0.00, real=0.00 secs] 
226.922: [GC (Allocation Failure) [PSYoungGen: 83872K->1376K(83456K)] 446126K->363630K(601600K), 0.0020232 secs] [Times: user=0.01 sys=0.00, real=0.00 secs] 
227.245: [GC (Allocation Failure) [PSYoungGen: 83296K->1501K(82944K)] 445550K->363756K(601088K), 0.0017208 secs] [Times: user=0.01 sys=0.00, real=0.00 secs] 
227.390: [GC (Allocation Failure) [PSYoungGen: 82909K->1485K(82432K)] 445164K->363740K(600576K), 0.0016776 secs] [Times: user=0.01 sys=0.00, real=0.01 secs] 
227.534: [GC (Allocation Failure) [PSYoungGen: 82381K->1501K(82944K)] 444636K->363756K(601088K), 0.0016268 secs] [Times: user=0.01 sys=0.00, real=0.00 secs] 
227.970: [GC (Allocation Failure) [PSYoungGen: 82397K->1424K(81920K)] 444652K->363678K(600064K), 0.0019715 secs] [Times: user=0.01 sys=0.00, real=0.01 secs] 
228.809: [GC (Allocation Failure) [PSYoungGen: 81808K->1440K(81408K)] 444062K->363694K(599552K), 0.0018565 secs] [Times: user=0.01 sys=0.00, real=0.01 secs] 
229.307: [GC (Allocation Failure) [PSYoungGen: 81312K->1408K(80896K)] 443566K->363662K(599040K), 0.0019821 secs] [Times: user=0.01 sys=0.00, real=0.00 secs] 
229.733: [GC (Allocation Failure) [PSYoungGen: 80768K->1408K(80384K)] 443022K->363662K(598528K), 0.0018286 secs] [Times: user=0.01 sys=0.00, real=0.00 secs] 
230.093: [GC (Allocation Failure) [PSYoungGen: 80256K->1501K(79872K)] 442510K->363756K(598016K), 0.0016099 secs] [Times: user=0.01 sys=0.00, real=0.00 secs] 
230.230: [GC (Allocation Failure) [PSYoungGen: 79837K->1485K(79360K)] 442092K->363748K(597504K), 0.0017422 secs] [Times: user=0.00 sys=0.00, real=0.01 secs] 
230.368: [GC (Allocation Failure) [PSYoungGen: 79309K->1517K(79872K)] 441572K->363780K(598016K), 0.0016189 secs] [Times: user=0.00 sys=0.00, real=0.00 secs] 
230.847: [GC (Allocation Failure) [PSYoungGen: 79341K->1440K(78848K)] 441604K->363702K(596992K), 0.0022677 secs] [Times: user=0.01 sys=0.00, real=0.00 secs] 
231.169: [GC (Allocation Failure) [PSYoungGen: 78752K->1424K(78336K)] 441014K->363686K(596480K), 0.0021164 secs] [Times: user=0.01 sys=0.01, real=0.01 secs] 
231.560: [GC (Allocation Failure) [PSYoungGen: 78224K->1376K(77824K)] 440486K->363654K(595968K), 0.0019279 secs] [Times: user=0.01 sys=0.00, real=0.01 secs] 
232.117: [GC (Allocation Failure) [PSYoungGen: 77664K->1440K(77312K)] 439942K->363718K(595456K), 0.0030790 secs] [Times: user=0.01 sys=0.00, real=0.00 secs] 
232.375: [GC (Allocation Failure) [PSYoungGen: 77216K->1472K(76800K)] 439494K->363751K(594944K), 0.0015996 secs] [Times: user=0.01 sys=0.00, real=0.00 secs] 
232.506: [GC (Allocation Failure) [PSYoungGen: 76736K->1472K(82432K)] 439015K->363751K(600576K), 0.0017052 secs] [Times: user=0.00 sys=0.00, real=0.00 secs] 
232.647: [GC (Allocation Failure) [PSYoungGen: 82368K->1504K(82944K)] 444647K->363783K(601088K), 0.0016973 secs] [Times: user=0.01 sys=0.00, real=0.00 secs] 
233.124: [GC (Allocation Failure) [PSYoungGen: 82400K->1424K(82944K)] 444679K->363702K(601088K), 0.0018841 secs] [Times: user=0.01 sys=0.00, real=0.00 secs] 
233.782: [GC (Allocation Failure) [PSYoungGen: 82320K->1392K(81920K)] 444598K->363678K(600064K), 0.0019817 secs] [Times: user=0.01 sys=0.00, real=0.00 secs] 
234.838: [GC (Allocation Failure) [PSYoungGen: 81776K->1408K(81408K)] 444062K->363694K(599552K), 0.0025480 secs] [Times: user=0.01 sys=0.00, real=0.00 secs] 
235.889: [GC (Allocation Failure) [PSYoungGen: 81280K->1376K(80896K)] 443566K->363662K(599040K), 0.0021935 secs] [Times: user=0.00 sys=0.00, real=0.01 secs] 
236.163: [GC (Allocation Failure) [PSYoungGen: 80736K->1504K(80384K)] 443022K->363791K(598528K), 0.0015333 secs] [Times: user=0.00 sys=0.00, real=0.00 secs] 
236.300: [GC (Allocation Failure) [PSYoungGen: 80352K->1472K(79872K)] 442639K->363759K(598016K), 0.0015831 secs] [Times: user=0.00 sys=0.00, real=0.01 secs] 
236.437: [GC (Allocation Failure) [PSYoungGen: 79808K->1485K(85504K)] 442095K->363772K(603648K), 0.0016080 secs] [Times: user=0.00 sys=0.00, real=0.00 secs] 
237.468: [GC (Allocation Failure) [PSYoungGen: 85453K->1424K(84992K)] 447740K->363710K(603136K), 0.0020671 secs] [Times: user=0.01 sys=0.00, real=0.00 secs] 
238.627: [GC (Allocation Failure) [PSYoungGen: 84880K->1408K(84480K)] 447166K->363694K(602624K), 0.0022903 secs] [Times: user=0.01 sys=0.00, real=0.00 secs] 
239.430: [GC (Allocation Failure) [PSYoungGen: 84352K->1344K(83968K)] 446638K->363630K(602112K), 0.0021271 secs] [Times: user=0.01 sys=0.00, real=0.01 secs] 
240.002: [GC (Allocation Failure) [PSYoungGen: 83776K->1437K(83456K)] 446062K->363724K(601600K), 0.0020191 secs] [Times: user=0.01 sys=0.00, real=0.00 secs] 
240.159: [GC (Allocation Failure) [PSYoungGen: 83357K->1517K(82944K)] 445644K->363804K(601088K), 0.0015608 secs] [Times: user=0.00 sys=0.00, real=0.01 secs] 
240.304: [GC (Allocation Failure) [PSYoungGen: 82925K->1504K(82432K)] 445212K->363791K(600576K), 0.0018725 secs] [Times: user=0.01 sys=0.00, real=0.00 secs] 
240.492: [GC (Allocation Failure) [PSYoungGen: 82400K->1984K(82944K)] 444687K->364270K(601088K), 0.0017675 secs] [Times: user=0.01 sys=0.00, real=0.00 secs] 
241.023: [GC (Allocation Failure) [PSYoungGen: 82880K->1376K(81920K)] 445166K->363662K(600064K), 0.0017423 secs] [Times: user=0.01 sys=0.00, real=0.00 secs] 
241.697: [GC (Allocation Failure) [PSYoungGen: 81760K->1360K(81408K)] 444046K->363662K(599552K), 0.0019394 secs] [Times: user=0.01 sys=0.00, real=0.00 secs] 
242.373: [GC (Allocation Failure) [PSYoungGen: 81232K->1376K(80896K)] 443534K->363678K(599040K), 0.0018314 secs] [Times: user=0.01 sys=0.00, real=0.00 secs] 
242.749: [GC (Allocation Failure) [PSYoungGen: 80736K->1453K(80384K)] 443038K->363772K(598528K), 0.0016186 secs] [Times: user=0.00 sys=0.00, real=0.01 secs] 
242.889: [GC (Allocation Failure) [PSYoungGen: 80301K->1501K(79872K)] 442620K->363820K(598016K), 0.0016076 secs] [Times: user=0.00 sys=0.00, real=0.01 secs] 
243.029: [GC (Allocation Failure) [PSYoungGen: 79837K->1472K(80384K)] 442156K->363791K(598528K), 0.0016634 secs] [Times: user=0.00 sys=0.00, real=0.00 secs] 
243.695: [GC (Allocation Failure) [PSYoungGen: 79808K->1376K(79360K)] 442127K->363694K(597504K), 0.0025217 secs] [Times: user=0.01 sys=0.00, real=0.00 secs] 
244.640: [GC (Allocation Failure) [PSYoungGen: 79200K->1312K(78848K)] 441518K->363630K(596992K), 0.0035049 secs] [Times: user=0.01 sys=0.00, real=0.01 secs] 
245.349: [GC (Allocation Failure) [PSYoungGen: 78624K->1376K(78336K)] 440942K->363694K(596480K), 0.0030585 secs] [Times: user=0.01 sys=0.00, real=0.01 secs] 
245.928: [GC (Allocation Failure) [PSYoungGen: 78176K->1376K(77824K)] 440494K->363694K(595968K), 0.0023019 secs] [Times: user=0.01 sys=0.00, real=0.00 secs] 
246.345: [GC (Allocation Failure) [PSYoungGen: 77664K->1501K(77312K)] 439982K->363820K(595456K), 0.0022277 secs] [Times: user=0.01 sys=0.00, real=0.00 secs] 
246.564: [GC (Allocation Failure) [PSYoungGen: 77277K->1469K(76800K)] 439596K->363788K(594944K), 0.0020357 secs] [Times: user=0.01 sys=0.00, real=0.00 secs] 
246.763: [GC (Allocation Failure) [PSYoungGen: 76733K->1469K(76288K)] 439052K->363788K(594432K), 0.0023234 secs] [Times: user=0.01 sys=0.00, real=0.00 secs] 
246.998: [GC (Allocation Failure) [PSYoungGen: 76221K->1456K(76800K)] 438540K->363782K(594944K), 0.0020965 secs] [Times: user=0.01 sys=0.00, real=0.00 secs] 
247.536: [GC (Allocation Failure) [PSYoungGen: 76208K->1376K(75776K)] 438534K->363710K(593920K), 0.0025124 secs] [Times: user=0.01 sys=0.00, real=0.00 secs] 
248.127: [GC (Allocation Failure) [PSYoungGen: 75616K->1408K(75264K)] 437950K->363742K(593408K), 0.0020035 secs] [Times: user=0.01 sys=0.00, real=0.00 secs] 
248.712: [GC (Allocation Failure) [PSYoungGen: 75136K->1408K(74752K)] 437470K->363742K(592896K), 0.0019950 secs] [Times: user=0.01 sys=0.00, real=0.00 secs] 
249.367: [GC (Allocation Failure) [PSYoungGen: 74624K->1437K(74240K)] 436958K->363772K(592384K), 0.0021948 secs] [Times: user=0.00 sys=0.01, real=0.00 secs] 
249.529: [GC (Allocation Failure) [PSYoungGen: 74141K->1517K(73728K)] 436476K->363852K(591872K), 0.0016911 secs] [Times: user=0.01 sys=0.00, real=0.00 secs] 
249.655: [GC (Allocation Failure) [PSYoungGen: 73709K->1533K(73216K)] 436044K->363868K(591360K), 0.0015737 secs] [Times: user=0.00 sys=0.00, real=0.00 secs] 
249.780: [GC (Allocation Failure) [PSYoungGen: 73213K->1453K(73728K)] 435548K->363788K(591872K), 0.0016215 secs] [Times: user=0.00 sys=0.00, real=0.01 secs] 
251.380: [GC (Allocation Failure) [PSYoungGen: 73133K->1408K(72704K)] 435468K->363750K(590848K), 0.0026496 secs] [Times: user=0.01 sys=0.00, real=0.01 secs] 
252.238: [GC (Allocation Failure) [PSYoungGen: 72576K->1408K(72192K)] 434918K->363766K(590336K), 0.0028036 secs] [Times: user=0.01 sys=0.00, real=0.01 secs] 
253.176: [GC (Allocation Failure) [PSYoungGen: 72064K->1344K(71680K)] 434422K->363702K(589824K), 0.0025834 secs] [Times: user=0.00 sys=0.01, real=0.00 secs] 
253.832: [GC (Allocation Failure) [PSYoungGen: 71488K->1376K(71168K)] 433846K->363742K(589312K), 0.0022470 secs] [Times: user=0.00 sys=0.00, real=0.00 secs] 
254.103: [GC (Allocation Failure) [PSYoungGen: 71008K->1485K(70656K)] 433374K->363852K(588800K), 0.0015438 secs] [Times: user=0.01 sys=0.00, real=0.00 secs] 
254.225: [GC (Allocation Failure) [PSYoungGen: 70605K->1453K(70144K)] 432972K->363820K(588288K), 0.0016860 secs] [Times: user=0.00 sys=0.00, real=0.00 secs] 
254.346: [GC (Allocation Failure) [PSYoungGen: 70061K->1501K(75776K)] 432428K->363868K(593920K), 0.0015529 secs] [Times: user=0.00 sys=0.00, real=0.00 secs] 
255.302: [GC (Allocation Failure) [PSYoungGen: 75741K->1472K(75264K)] 438108K->364870K(593408K), 0.0045873 secs] [Times: user=0.02 sys=0.00, real=0.00 secs] 
256.831: [GC (Allocation Failure) [PSYoungGen: 75200K->352K(74752K)] 438598K->363750K(592896K), 0.0043163 secs] [Times: user=0.02 sys=0.00, real=0.00 secs] 
257.470: [GC (Allocation Failure) [PSYoungGen: 73568K->320K(73216K)] 436966K->363726K(591360K), 0.0021487 secs] [Times: user=0.01 sys=0.00, real=0.01 secs] 
258.204: [GC (Allocation Failure) [PSYoungGen: 73024K->352K(73728K)] 436430K->363758K(591872K), 0.0022046 secs] [Times: user=0.00 sys=0.00, real=0.00 secs] 
258.842: [GC (Allocation Failure) [PSYoungGen: 72544K->1469K(73216K)] 435950K->364876K(591360K), 0.0022870 secs] [Times: user=0.01 sys=0.00, real=0.00 secs] 
259.022: [GC (Allocation Failure) [PSYoungGen: 73149K->1501K(72704K)] 436556K->364908K(590848K), 0.0015441 secs] [Times: user=0.01 sys=0.00, real=0.00 secs] 
259.166: [GC (Allocation Failure) [PSYoungGen: 72669K->1469K(72704K)] 436076K->364892K(590848K), 0.0017633 secs] [Times: user=0.01 sys=0.00, real=0.00 secs] 
259.324: [GC (Allocation Failure) [PSYoungGen: 72125K->1469K(73216K)] 435548K->364892K(591360K), 0.0019263 secs] [Times: user=0.00 sys=0.00, real=0.00 secs] 
259.935: [GC (Allocation Failure) [PSYoungGen: 72125K->1440K(71680K)] 435548K->364870K(589824K), 0.0022984 secs] [Times: user=0.01 sys=0.00, real=0.00 secs] 
260.873: [GC (Allocation Failure) [PSYoungGen: 71584K->1408K(71168K)] 435014K->364838K(589312K), 0.0028726 secs] [Times: user=0.01 sys=0.00, real=0.00 secs] 
261.503: [GC (Allocation Failure) [PSYoungGen: 71040K->1376K(70656K)] 434470K->364806K(588800K), 0.0025715 secs] [Times: user=0.00 sys=0.00, real=0.00 secs] 
262.085: [GC (Allocation Failure) [PSYoungGen: 70496K->1408K(70144K)] 433926K->364838K(588288K), 0.0020537 secs] [Times: user=0.00 sys=0.00, real=0.00 secs] 
262.456: [GC (Allocation Failure) [PSYoungGen: 70016K->1501K(69632K)] 433446K->364940K(587776K), 0.0019054 secs] [Times: user=0.01 sys=0.00, real=0.00 secs] 
262.580: [GC (Allocation Failure) [PSYoungGen: 69597K->1485K(69120K)] 433036K->364924K(587264K), 0.0016206 secs] [Times: user=0.01 sys=0.00, real=0.01 secs] 
262.699: [GC (Allocation Failure) [PSYoungGen: 69069K->1501K(70144K)] 432508K->364964K(588288K), 0.0015709 secs] [Times: user=0.01 sys=0.00, real=0.00 secs] 
262.818: [GC (Allocation Failure) [PSYoungGen: 69597K->1440K(75264K)] 433060K->364911K(593408K), 0.0016180 secs] [Times: user=0.01 sys=0.00, real=0.00 secs] 
263.363: [GC (Allocation Failure) [PSYoungGen: 74656K->1408K(75264K)] 438127K->364878K(593408K), 0.0020045 secs] [Times: user=0.00 sys=0.00, real=0.00 secs] 
263.973: [GC (Allocation Failure) [PSYoungGen: 74624K->1408K(74240K)] 438094K->364878K(592384K), 0.0022114 secs] [Times: user=0.01 sys=0.00, real=0.00 secs] 
264.657: [GC (Allocation Failure) [PSYoungGen: 74112K->1376K(73728K)] 437582K->364846K(591872K), 0.0027359 secs] [Times: user=0.01 sys=0.00, real=0.00 secs] 
265.261: [GC (Allocation Failure) [PSYoungGen: 73568K->1376K(73216K)] 437038K->364846K(591360K), 0.0023229 secs] [Times: user=0.01 sys=0.00, real=0.00 secs] 
265.493: [GC (Allocation Failure) [PSYoungGen: 73056K->1424K(72704K)] 436526K->364895K(590848K), 0.0015547 secs] [Times: user=0.00 sys=0.00, real=0.00 secs] 
265.619: [GC (Allocation Failure) [PSYoungGen: 72592K->1501K(72192K)] 436063K->364972K(590336K), 0.0016031 secs] [Times: user=0.00 sys=0.00, real=0.00 secs] 
265.742: [GC (Allocation Failure) [PSYoungGen: 72157K->1472K(78336K)] 435628K->364943K(596480K), 0.0014511 secs] [Times: user=0.00 sys=0.00, real=0.00 secs] 
266.123: [GC (Allocation Failure) [PSYoungGen: 77760K->1424K(77312K)] 441231K->364902K(595456K), 0.0022044 secs] [Times: user=0.00 sys=0.00, real=0.00 secs] 
266.864: [GC (Allocation Failure) [PSYoungGen: 77200K->1376K(76800K)] 440678K->364854K(594944K), 0.0023093 secs] [Times: user=0.01 sys=0.01, real=0.00 secs] 
267.471: [GC (Allocation Failure) [PSYoungGen: 76640K->1408K(76288K)] 440118K->364886K(594432K), 0.0033419 secs] [Times: user=0.01 sys=0.00, real=0.00 secs] 
268.133: [GC (Allocation Failure) [PSYoungGen: 76160K->1376K(75776K)] 439638K->364854K(593920K), 0.0037001 secs] [Times: user=0.02 sys=0.00, real=0.00 secs] 
268.515: [GC (Allocation Failure) [PSYoungGen: 75616K->1424K(75264K)] 439094K->364903K(593408K), 0.0018651 secs] [Times: user=0.01 sys=0.00, real=0.00 secs] 
268.690: [GC (Allocation Failure) [PSYoungGen: 75152K->1501K(74752K)] 438631K->364980K(592896K), 0.0019371 secs] [Times: user=0.01 sys=0.00, real=0.01 secs] 
268.857: [GC (Allocation Failure) [PSYoungGen: 74717K->1501K(74240K)] 438196K->364980K(592384K), 0.0017511 secs] [Times: user=0.00 sys=0.00, real=0.00 secs] 
269.032: [GC (Allocation Failure) [PSYoungGen: 74205K->1744K(74752K)] 437684K->365222K(592896K), 0.0026799 secs] [Times: user=0.01 sys=0.00, real=0.00 secs] 
269.641: [GC (Allocation Failure) [PSYoungGen: 74448K->1408K(79872K)] 437926K->364902K(598016K), 0.0027943 secs] [Times: user=0.00 sys=0.01, real=0.00 secs] 
269.965: [GC (Allocation Failure) [PSYoungGen: 79744K->1392K(79360K)] 443238K->364886K(597504K), 0.0021847 secs] [Times: user=0.01 sys=0.00, real=0.00 secs] 
270.428: [GC (Allocation Failure) [PSYoungGen: 79216K->1376K(78848K)] 442710K->364886K(596992K), 0.0020319 secs] [Times: user=0.01 sys=0.00, real=0.00 secs] 
270.931: [GC (Allocation Failure) [PSYoungGen: 78688K->1437K(78336K)] 442198K->364948K(596480K), 0.0020308 secs] [Times: user=0.01 sys=0.00, real=0.00 secs] 
271.090: [GC (Allocation Failure) [PSYoungGen: 78237K->1440K(77824K)] 441748K->364951K(595968K), 0.0015762 secs] [Times: user=0.00 sys=0.00, real=0.01 secs] 
271.223: [GC (Allocation Failure) [PSYoungGen: 77728K->1453K(78336K)] 441239K->364964K(596480K), 0.0016375 secs] [Times: user=0.01 sys=0.00, real=0.00 secs] 
271.366: [GC (Allocation Failure) [PSYoungGen: 77481K->256K(84480K)] 440992K->363766K(602624K), 0.0016050 secs] [Times: user=0.01 sys=0.00, real=0.00 secs] 
271.778: [GC (Allocation Failure) [PSYoungGen: 82688K->1376K(84480K)] 446198K->364886K(602624K), 0.0021092 secs] [Times: user=0.01 sys=0.00, real=0.00 secs] 
272.152: [GC (Allocation Failure) [PSYoungGen: 83808K->1408K(83456K)] 447318K->364918K(601600K), 0.0021750 secs] [Times: user=0.01 sys=0.00, real=0.00 secs] 
272.519: [GC (Allocation Failure) [PSYoungGen: 83328K->1408K(82944K)] 446838K->364918K(601088K), 0.0023706 secs] [Times: user=0.01 sys=0.01, real=0.01 secs] 
272.831: [GC (Allocation Failure) [PSYoungGen: 82816K->1469K(82432K)] 446326K->364980K(600576K), 0.0017733 secs] [Times: user=0.00 sys=0.00, real=0.00 secs] 
272.972: [GC (Allocation Failure) [PSYoungGen: 82365K->1453K(89088K)] 445876K->364964K(607232K), 0.0016196 secs] [Times: user=0.00 sys=0.00, real=0.00 secs] 
273.125: [GC (Allocation Failure) [PSYoungGen: 88493K->1501K(89088K)] 452004K->365012K(607232K), 0.0015392 secs] [Times: user=0.00 sys=0.00, real=0.00 secs] 
273.855: [GC (Allocation Failure) [PSYoungGen: 88541K->1456K(88064K)] 452052K->364966K(606208K), 0.0035975 secs] [Times: user=0.02 sys=0.01, real=0.00 secs] 
274.593: [GC (Allocation Failure) [PSYoungGen: 87984K->1344K(87552K)] 451494K->364854K(605696K), 0.0026779 secs] [Times: user=0.01 sys=0.00, real=0.00 secs] 
274.950: [GC (Allocation Failure) [PSYoungGen: 87360K->1376K(87040K)] 450870K->364886K(605184K), 0.0020758 secs] [Times: user=0.01 sys=0.00, real=0.01 secs] 
275.287: [GC (Allocation Failure) [PSYoungGen: 86880K->1437K(86528K)] 450390K->364948K(604672K), 0.0016672 secs] [Times: user=0.00 sys=0.00, real=0.00 secs] 
275.437: [GC (Allocation Failure) [PSYoungGen: 86429K->1453K(86016K)] 449940K->364964K(604160K), 0.0016859 secs] [Times: user=0.00 sys=0.00, real=0.00 secs] 
275.586: [GC (Allocation Failure) [PSYoungGen: 85933K->1501K(86528K)] 449444K->365020K(604672K), 0.0016792 secs] [Times: user=0.00 sys=0.00, real=0.00 secs] 
275.794: [GC (Allocation Failure) [PSYoungGen: 85981K->1472K(86528K)] 449500K->366022K(604672K), 0.0018729 secs] [Times: user=0.01 sys=0.00, real=0.00 secs] 
276.155: [GC (Allocation Failure) [PSYoungGen: 85952K->384K(84480K)] 450502K->364934K(602624K), 0.0019862 secs] [Times: user=0.01 sys=0.00, real=0.00 secs] 
276.525: [GC (Allocation Failure) [PSYoungGen: 84352K->352K(85504K)] 448902K->364902K(603648K), 0.0017528 secs] [Times: user=0.01 sys=0.00, real=0.00 secs] 
277.028: [GC (Allocation Failure) [PSYoungGen: 83808K->368K(83456K)] 448358K->364926K(601600K), 0.0021273 secs] [Times: user=0.01 sys=0.00, real=0.00 secs] 
277.289: [GC (Allocation Failure) [PSYoungGen: 83312K->1472K(83968K)] 447870K->366031K(602112K), 0.0015095 secs] [Times: user=0.01 sys=0.00, real=0.00 secs] 
277.432: [GC (Allocation Failure) [PSYoungGen: 83904K->1501K(83456K)] 448463K->366060K(601600K), 0.0017377 secs] [Times: user=0.01 sys=0.00, real=0.00 secs] 
277.577: [GC (Allocation Failure) [PSYoungGen: 83421K->1453K(88576K)] 447980K->366020K(606720K), 0.0016474 secs] [Times: user=0.00 sys=0.00, real=0.00 secs] 
278.233: [GC (Allocation Failure) [PSYoungGen: 87469K->1424K(87040K)] 452036K->365990K(605184K), 0.0018358 secs] [Times: user=0.01 sys=0.00, real=0.00 secs] 
278.768: [GC (Allocation Failure) [PSYoungGen: 86928K->1376K(86528K)] 451494K->365942K(604672K), 0.0029715 secs] [Times: user=0.01 sys=0.00, real=0.01 secs] 
279.525: [GC (Allocation Failure) [PSYoungGen: 86368K->1408K(86016K)] 450934K->365974K(604160K), 0.0025109 secs] [Times: user=0.01 sys=0.00, real=0.00 secs] 
280.031: [GC (Allocation Failure) [PSYoungGen: 85888K->1469K(85504K)] 450454K->366060K(603648K), 0.0022174 secs] [Times: user=0.01 sys=0.00, real=0.00 secs] 
280.197: [GC (Allocation Failure) [PSYoungGen: 85437K->1485K(84992K)] 450028K->366076K(603136K), 0.0015563 secs] [Times: user=0.01 sys=0.00, real=0.00 secs] 
280.343: [GC (Allocation Failure) [PSYoungGen: 84941K->1501K(84480K)] 449532K->366092K(602624K), 0.0016924 secs] [Times: user=0.01 sys=0.00, real=0.00 secs] 
280.643: [GC (Allocation Failure) [PSYoungGen: 84445K->1408K(83968K)] 449036K->366006K(602112K), 0.0018899 secs] [Times: user=0.00 sys=0.00, real=0.00 secs] 
281.005: [GC (Allocation Failure) [PSYoungGen: 83840K->1376K(83456K)] 448438K->365974K(601600K), 0.0019575 secs] [Times: user=0.01 sys=0.00, real=0.00 secs] 
281.346: [GC (Allocation Failure) [PSYoungGen: 83296K->1440K(82944K)] 447894K->366046K(601088K), 0.0017324 secs] [Times: user=0.01 sys=0.01, real=0.00 secs] 
281.691: [GC (Allocation Failure) [PSYoungGen: 82848K->1408K(82432K)] 447454K->366022K(600576K), 0.0027196 secs] [Times: user=0.01 sys=0.00, real=0.00 secs] 
281.995: [GC (Allocation Failure) [PSYoungGen: 82304K->1533K(81920K)] 446918K->366148K(600064K), 0.0019438 secs] [Times: user=0.01 sys=0.00, real=0.00 secs] 
282.183: [GC (Allocation Failure) [PSYoungGen: 81917K->1485K(81408K)] 446532K->366100K(599552K), 0.0017863 secs] [Times: user=0.00 sys=0.00, real=0.00 secs] 
282.323: [GC (Allocation Failure) [PSYoungGen: 81357K->1533K(83456K)] 445972K->366188K(601600K), 0.0016919 secs] [Times: user=0.01 sys=0.00, real=0.00 secs] 
283.746: [GC (Allocation Failure) [PSYoungGen: 83453K->1472K(82944K)] 448108K->366126K(601088K), 0.0040080 secs] [Times: user=0.01 sys=0.00, real=0.00 secs] 
284.515: [GC (Allocation Failure) [PSYoungGen: 82880K->1408K(82432K)] 447534K->366062K(600576K), 0.0019681 secs] [Times: user=0.01 sys=0.00, real=0.00 secs] 
284.984: [GC (Allocation Failure) [PSYoungGen: 82304K->1424K(81920K)] 446958K->366078K(600064K), 0.0018434 secs] [Times: user=0.00 sys=0.00, real=0.00 secs] 
285.468: [GC (Allocation Failure) [PSYoungGen: 81808K->1501K(81408K)] 446462K->366156K(599552K), 0.0018399 secs] [Times: user=0.00 sys=0.00, real=0.00 secs] 
285.610: [GC (Allocation Failure) [PSYoungGen: 81373K->1453K(80896K)] 446028K->366108K(599040K), 0.0016662 secs] [Times: user=0.01 sys=0.00, real=0.01 secs] 
285.750: [GC (Allocation Failure) [PSYoungGen: 80813K->1565K(80896K)] 445468K->366220K(599040K), 0.0016015 secs] [Times: user=0.00 sys=0.00, real=0.01 secs] 
285.887: [GC (Allocation Failure) [PSYoungGen: 80413K->1504K(81408K)] 445068K->366159K(599552K), 0.0016519 secs] [Times: user=0.00 sys=0.00, real=0.00 secs] 
286.534: [GC (Allocation Failure) [PSYoungGen: 80864K->1440K(80384K)] 445519K->366094K(598528K), 0.0019914 secs] [Times: user=0.00 sys=0.00, real=0.00 secs] 
287.049: [GC (Allocation Failure) [PSYoungGen: 80288K->1376K(79872K)] 444942K->366046K(598016K), 0.0022731 secs] [Times: user=0.01 sys=0.00, real=0.01 secs] 
287.400: [GC (Allocation Failure) [PSYoungGen: 79712K->1376K(79360K)] 444382K->366046K(597504K), 0.0018023 secs] [Times: user=0.01 sys=0.00, real=0.01 secs] 
287.813: [GC (Allocation Failure) [PSYoungGen: 79200K->1501K(78848K)] 443870K->366172K(596992K), 0.0016532 secs] [Times: user=0.01 sys=0.00, real=0.00 secs] 
287.972: [GC (Allocation Failure) [PSYoungGen: 78813K->1469K(78336K)] 443484K->366140K(596480K), 0.0017228 secs] [Times: user=0.01 sys=0.00, real=0.00 secs] 
288.148: [GC (Allocation Failure) [PSYoungGen: 78269K->1501K(77824K)] 442940K->366172K(595968K), 0.0020378 secs] [Times: user=0.01 sys=0.00, real=0.00 secs] 
288.299: [GC (Allocation Failure) [PSYoungGen: 77789K->1533K(83456K)] 442460K->366204K(601600K), 0.0016706 secs] [Times: user=0.01 sys=0.00, real=0.00 secs] 
289.358: [GC (Allocation Failure) [PSYoungGen: 83453K->1440K(82944K)] 448124K->366110K(601088K), 0.0028736 secs] [Times: user=0.01 sys=0.00, real=0.01 secs] 
290.505: [GC (Allocation Failure) [PSYoungGen: 82848K->1376K(82432K)] 447518K->366054K(600576K), 0.0043922 secs] [Times: user=0.01 sys=0.00, real=0.00 secs] 
291.334: [GC (Allocation Failure) [PSYoungGen: 82272K->1408K(81920K)] 446950K->366102K(600064K), 0.0036530 secs] [Times: user=0.01 sys=0.00, real=0.00 secs] 
291.937: [GC (Allocation Failure) [PSYoungGen: 81792K->1469K(81408K)] 446486K->366164K(599552K), 0.0021037 secs] [Times: user=0.00 sys=0.00, real=0.00 secs] 
292.100: [GC (Allocation Failure) [PSYoungGen: 81341K->1533K(80896K)] 446036K->366228K(599040K), 0.0016701 secs] [Times: user=0.01 sys=0.00, real=0.01 secs] 
292.242: [GC (Allocation Failure) [PSYoungGen: 80893K->1501K(80384K)] 445588K->366196K(598528K), 0.0015741 secs] [Times: user=0.01 sys=0.00, real=0.00 secs] 
292.856: [GC (Allocation Failure) [PSYoungGen: 80349K->1424K(79872K)] 445044K->366118K(598016K), 0.0048036 secs] [Times: user=0.03 sys=0.00, real=0.01 secs] 
293.859: [GC (Allocation Failure) [PSYoungGen: 79760K->1344K(79360K)] 444454K->366038K(597504K), 0.0031408 secs] [Times: user=0.01 sys=0.00, real=0.01 secs] 
294.587: [GC (Allocation Failure) [PSYoungGen: 79168K->1376K(78848K)] 443862K->366078K(596992K), 0.0024930 secs] [Times: user=0.01 sys=0.00, real=0.00 secs] 
295.282: [GC (Allocation Failure) [PSYoungGen: 78688K->1408K(78336K)] 443390K->366118K(596480K), 0.0020751 secs] [Times: user=0.01 sys=0.00, real=0.00 secs] 
295.726: [GC (Allocation Failure) [PSYoungGen: 78208K->1405K(77824K)] 442918K->366116K(595968K), 0.0019653 secs] [Times: user=0.01 sys=0.00, real=0.00 secs] 
295.867: [GC (Allocation Failure) [PSYoungGen: 77693K->1453K(77312K)] 442404K->366164K(595456K), 0.0016730 secs] [Times: user=0.00 sys=0.00, real=0.00 secs] 
296.001: [GC (Allocation Failure) [PSYoungGen: 77229K->1389K(76800K)] 441940K->366100K(594944K), 0.0016131 secs] [Times: user=0.00 sys=0.00, real=0.00 secs] 
296.310: [GC (Allocation Failure) [PSYoungGen: 76653K->1408K(76288K)] 441364K->367142K(594432K), 0.0017643 secs] [Times: user=0.01 sys=0.00, real=0.01 secs] 
297.259: [GC (Allocation Failure) [PSYoungGen: 76160K->320K(74752K)] 441894K->366054K(592896K), 0.0037591 secs] [Times: user=0.01 sys=0.01, real=0.01 secs] 
298.096: [GC (Allocation Failure) [PSYoungGen: 74560K->352K(75264K)] 440294K->366086K(593408K), 0.0027059 secs] [Times: user=0.01 sys=0.00, real=0.00 secs] 
298.762: [GC (Allocation Failure) [PSYoungGen: 74080K->320K(73728K)] 439814K->366054K(591872K), 0.0021792 secs] [Times: user=0.01 sys=0.00, real=0.00 secs] 
299.245: [GC (Allocation Failure) [PSYoungGen: 73536K->1437K(74240K)] 439270K->367172K(592384K), 0.0018717 secs] [Times: user=0.01 sys=0.00, real=0.00 secs] 
299.380: [GC (Allocation Failure) [PSYoungGen: 74141K->1501K(73728K)] 439876K->367236K(591872K), 0.0016766 secs] [Times: user=0.01 sys=0.00, real=0.01 secs] 
299.505: [GC (Allocation Failure) [PSYoungGen: 73693K->1453K(73216K)] 439428K->367188K(591360K), 0.0015955 secs] [Times: user=0.00 sys=0.00, real=0.00 secs] 
299.630: [GC (Allocation Failure) [PSYoungGen: 73133K->1469K(73728K)] 438868K->367204K(591872K), 0.0015821 secs] [Times: user=0.01 sys=0.00, real=0.01 secs] 
300.237: [GC (Allocation Failure) [PSYoungGen: 73149K->1424K(72704K)] 438884K->367158K(590848K), 0.0025968 secs] [Times: user=0.01 sys=0.00, real=0.00 secs] 
300.747: [GC (Allocation Failure) [PSYoungGen: 72592K->1376K(72192K)] 438326K->367110K(590336K), 0.0022853 secs] [Times: user=0.01 sys=0.00, real=0.00 secs] 
301.493: [GC (Allocation Failure) [PSYoungGen: 72032K->1408K(71680K)] 437766K->367166K(589824K), 0.0017622 secs] [Times: user=0.01 sys=0.00, real=0.00 secs] 
302.306: [GC (Allocation Failure) [PSYoungGen: 71552K->1376K(71168K)] 437310K->367134K(589312K), 0.0027336 secs] [Times: user=0.01 sys=0.00, real=0.00 secs] 
302.592: [GC (Allocation Failure) [PSYoungGen: 71008K->1453K(70656K)] 436766K->367212K(588800K), 0.0016724 secs] [Times: user=0.01 sys=0.00, real=0.00 secs] 
302.715: [GC (Allocation Failure) [PSYoungGen: 70573K->1472K(70144K)] 436332K->367231K(588288K), 0.0014780 secs] [Times: user=0.01 sys=0.00, real=0.00 secs] 
302.835: [GC (Allocation Failure) [PSYoungGen: 70071K->1453K(75776K)] 435830K->367212K(593920K), 0.0015720 secs] [Times: user=0.01 sys=0.00, real=0.00 secs] 
303.917: [GC (Allocation Failure) [PSYoungGen: 75693K->1408K(75264K)] 441452K->368190K(593408K), 0.0048461 secs] [Times: user=0.02 sys=0.01, real=0.01 secs] 
304.875: [GC (Allocation Failure) [PSYoungGen: 75136K->384K(74752K)] 441918K->367166K(592896K), 0.0021256 secs] [Times: user=0.01 sys=0.00, real=0.00 secs] 
305.622: [GC (Allocation Failure) [PSYoungGen: 73600K->352K(74752K)] 440382K->367134K(592896K), 0.0020734 secs] [Times: user=0.01 sys=0.00, real=0.00 secs] 
306.194: [GC (Allocation Failure) [PSYoungGen: 73056K->320K(74240K)] 439838K->367102K(592384K), 0.0020702 secs] [Times: user=0.01 sys=0.00, real=0.00 secs] 
306.779: [GC (Allocation Failure) [PSYoungGen: 72512K->1405K(73216K)] 439294K->368188K(591360K), 0.0021088 secs] [Times: user=0.01 sys=0.00, real=0.01 secs] 
306.986: [GC (Allocation Failure) [PSYoungGen: 73085K->1501K(73216K)] 439868K->368284K(591360K), 0.0020780 secs] [Times: user=0.00 sys=0.00, real=0.00 secs] 
307.187: [GC (Allocation Failure) [PSYoungGen: 72669K->1501K(72192K)] 439452K->368284K(590336K), 0.0021542 secs] [Times: user=0.01 sys=0.00, real=0.00 secs] 
307.370: [GC (GCLocker Initiated GC) [PSYoungGen: 72157K->1501K(72192K)] 438940K->368284K(590336K), 0.0017141 secs] [Times: user=0.00 sys=0.00, real=0.01 secs] 
307.629: [GC (Allocation Failure) [PSYoungGen: 71645K->1424K(71168K)] 438431K->368218K(589312K), 0.0018242 secs] [Times: user=0.01 sys=0.00, real=0.01 secs] 
307.918: [GC (Allocation Failure) [PSYoungGen: 71056K->1408K(71168K)] 437850K->368202K(589312K), 0.0016434 secs] [Times: user=0.00 sys=0.00, real=0.00 secs] 
308.205: [GC (Allocation Failure) [PSYoungGen: 70528K->1344K(70144K)] 437322K->368138K(588288K), 0.0019217 secs] [Times: user=0.00 sys=0.00, real=0.00 secs] 
308.490: [GC (Allocation Failure) [PSYoungGen: 69952K->1376K(70144K)] 436746K->368170K(588288K), 0.0018484 secs] [Times: user=0.01 sys=0.00, real=0.01 secs] 
308.706: [GC (Allocation Failure) [PSYoungGen: 69472K->1520K(69120K)] 436266K->368314K(587264K), 0.0015151 secs] [Times: user=0.00 sys=0.00, real=0.00 secs] 
308.825: [GC (Allocation Failure) [PSYoungGen: 69104K->1533K(70144K)] 435898K->368327K(588288K), 0.0017095 secs] [Times: user=0.01 sys=0.00, real=0.00 secs] 
308.944: [GC (Allocation Failure) [PSYoungGen: 69117K->1517K(70144K)] 435911K->368311K(588288K), 0.0015272 secs] [Times: user=0.00 sys=0.00, real=0.00 secs] 
309.063: [GC (Allocation Failure) [PSYoungGen: 69101K->1549K(75776K)] 435895K->368367K(593920K), 0.0017481 secs] [Times: user=0.01 sys=0.00, real=0.00 secs] 
309.384: [GC (Allocation Failure) [PSYoungGen: 74765K->1456K(75776K)] 441583K->368290K(593920K), 0.0018637 secs] [Times: user=0.01 sys=0.00, real=0.00 secs] 
309.689: [GC (Allocation Failure) [PSYoungGen: 74672K->1408K(80896K)] 441506K->368242K(599040K), 0.0021566 secs] [Times: user=0.01 sys=0.00, real=0.00 secs] 
310.018: [GC (Allocation Failure) [PSYoungGen: 80768K->1408K(80384K)] 447602K->368242K(598528K), 0.0019754 secs] [Times: user=0.01 sys=0.00, real=0.00 secs] 
310.356: [GC (Allocation Failure) [PSYoungGen: 80256K->1437K(79872K)] 447090K->368271K(598016K), 0.0018974 secs] [Times: user=0.01 sys=0.00, real=0.00 secs] 
310.504: [GC (Allocation Failure) [PSYoungGen: 79773K->1536K(80384K)] 446607K->368370K(598528K), 0.0016553 secs] [Times: user=0.00 sys=0.00, real=0.00 secs] 
310.641: [GC (Allocation Failure) [PSYoungGen: 79872K->1536K(86528K)] 446706K->368370K(604672K), 0.0016821 secs] [Times: user=0.00 sys=0.00, real=0.00 secs] 
310.790: [GC (Allocation Failure) [PSYoungGen: 86016K->1485K(86528K)] 452850K->368319K(604672K), 0.0017276 secs] [Times: user=0.00 sys=0.00, real=0.01 secs] 
311.558: [GC (Allocation Failure) [PSYoungGen: 85965K->1408K(92672K)] 452799K->368282K(610816K), 0.0038461 secs] [Times: user=0.01 sys=0.00, real=0.01 secs] 
312.352: [GC (Allocation Failure) [PSYoungGen: 92544K->1376K(91648K)] 459418K->368250K(609792K), 0.0021617 secs] [Times: user=0.00 sys=0.00, real=0.00 secs] 
312.729: [GC (Allocation Failure) [PSYoungGen: 91488K->1312K(90624K)] 458362K->368186K(608768K), 0.0017480 secs] [Times: user=0.01 sys=0.00, real=0.00 secs] 
312.985: [GC (Allocation Failure) [PSYoungGen: 90400K->1501K(89600K)] 457274K->368375K(607744K), 0.0016554 secs] [Times: user=0.01 sys=0.00, real=0.00 secs] 
313.140: [GC (Allocation Failure) [PSYoungGen: 89565K->1485K(89088K)] 456439K->368367K(607232K), 0.0015037 secs] [Times: user=0.01 sys=0.00, real=0.01 secs] 
313.296: [GC (Allocation Failure) [PSYoungGen: 89037K->1517K(91136K)] 455919K->368399K(609280K), 0.0024507 secs] [Times: user=0.02 sys=0.00, real=0.00 secs] 
313.694: [GC (Allocation Failure) [PSYoungGen: 90605K->1440K(89600K)] 457487K->368322K(607744K), 0.0020270 secs] [Times: user=0.01 sys=0.00, real=0.00 secs] 
314.086: [GC (Allocation Failure) [PSYoungGen: 89504K->1344K(89088K)] 456386K->368226K(607232K), 0.0019267 secs] [Times: user=0.01 sys=0.00, real=0.00 secs] 
314.576: [GC (Allocation Failure) [PSYoungGen: 88896K->1376K(88576K)] 455778K->368258K(606720K), 0.0024046 secs] [Times: user=0.01 sys=0.00, real=0.00 secs] 
314.874: [GC (Allocation Failure) [PSYoungGen: 88416K->1501K(88064K)] 455298K->368383K(606208K), 0.0015375 secs] [Times: user=0.01 sys=0.00, real=0.00 secs] 
315.026: [GC (Allocation Failure) [PSYoungGen: 88029K->1453K(87552K)] 454911K->368335K(605696K), 0.0015821 secs] [Times: user=0.01 sys=0.00, real=0.00 secs] 
315.176: [GC (Allocation Failure) [PSYoungGen: 87469K->1485K(94208K)] 454351K->368367K(612352K), 0.0016875 secs] [Times: user=0.00 sys=0.00, real=0.00 secs] 
315.603: [GC (Allocation Failure) [PSYoungGen: 93645K->1456K(92672K)] 460527K->368338K(610816K), 0.0016462 secs] [Times: user=0.01 sys=0.00, real=0.00 secs] 
316.038: [GC (Allocation Failure) [PSYoungGen: 92592K->1376K(91648K)] 459474K->368258K(609792K), 0.0020695 secs] [Times: user=0.01 sys=0.00, real=0.00 secs] 
316.716: [GC (Allocation Failure) [PSYoungGen: 91488K->1376K(90624K)] 458370K->368258K(608768K), 0.0017950 secs] [Times: user=0.01 sys=0.00, real=0.00 secs] 
317.334: [GC (Allocation Failure) [PSYoungGen: 90464K->1469K(89600K)] 457346K->368351K(607744K), 0.0022236 secs] [Times: user=0.01 sys=0.00, real=0.00 secs] 
317.537: [GC (Allocation Failure) [PSYoungGen: 89533K->1453K(89088K)] 456415K->368335K(607232K), 0.0014813 secs] [Times: user=0.00 sys=0.00, real=0.00 secs] 
317.689: [GC (Allocation Failure) [PSYoungGen: 89005K->1421K(88576K)] 455887K->368303K(606720K), 0.0016010 secs] [Times: user=0.01 sys=0.00, real=0.00 secs] 
318.786: [GC (Allocation Failure) [PSYoungGen: 88461K->1392K(88064K)] 455343K->368282K(606208K), 0.0041411 secs] [Times: user=0.02 sys=0.00, real=0.00 secs] 
320.396: [GC (Allocation Failure) [PSYoungGen: 87920K->1376K(87552K)] 454810K->368266K(605696K), 0.0037438 secs] [Times: user=0.02 sys=0.00, real=0.00 secs] 
321.100: [GC (Allocation Failure) [PSYoungGen: 87392K->1408K(87040K)] 454282K->368298K(605184K), 0.0026836 secs] [Times: user=0.01 sys=0.00, real=0.01 secs] 
321.441: [GC (Allocation Failure) [PSYoungGen: 86912K->1437K(86528K)] 453802K->368327K(604672K), 0.0018638 secs] [Times: user=0.01 sys=0.00, real=0.00 secs] 
321.593: [GC (Allocation Failure) [PSYoungGen: 86429K->1533K(86016K)] 453319K->368423K(604160K), 0.0016037 secs] [Times: user=0.01 sys=0.00, real=0.00 secs] 
321.744: [GC (Allocation Failure) [PSYoungGen: 86013K->1485K(85504K)] 452903K->368391K(603648K), 0.0016208 secs] [Times: user=0.01 sys=0.00, real=0.00 secs] 
322.115: [GC (Allocation Failure) [PSYoungGen: 85453K->1472K(84992K)] 452359K->368378K(603136K), 0.0019824 secs] [Times: user=0.01 sys=0.00, real=0.00 secs] 
322.870: [GC (Allocation Failure) [PSYoungGen: 84928K->1424K(84480K)] 451834K->368330K(602624K), 0.0021682 secs] [Times: user=0.01 sys=0.00, real=0.01 secs] 
323.781: [GC (Allocation Failure) [PSYoungGen: 84368K->1376K(83968K)] 451274K->368282K(602112K), 0.0023607 secs] [Times: user=0.01 sys=0.00, real=0.01 secs] 
324.625: [GC (Allocation Failure) [PSYoungGen: 83808K->1344K(83456K)] 450714K->368258K(601600K), 0.0023483 secs] [Times: user=0.01 sys=0.00, real=0.00 secs] 
324.929: [GC (Allocation Failure) [PSYoungGen: 83264K->1501K(82944K)] 450178K->368415K(601088K), 0.0015772 secs] [Times: user=0.01 sys=0.00, real=0.01 secs] 
325.072: [GC (Allocation Failure) [PSYoungGen: 82909K->1453K(82432K)] 449823K->368367K(600576K), 0.0017278 secs] [Times: user=0.01 sys=0.00, real=0.00 secs] 
325.214: [GC (Allocation Failure) [PSYoungGen: 82349K->1501K(81920K)] 449263K->368415K(600064K), 0.0016145 secs] [Times: user=0.00 sys=0.00, real=0.00 secs] 
325.704: [GC (Allocation Failure) [PSYoungGen: 81885K->1456K(81408K)] 448799K->368378K(599552K), 0.0018820 secs] [Times: user=0.01 sys=0.00, real=0.00 secs] 
326.308: [GC (Allocation Failure) [PSYoungGen: 81328K->1440K(80896K)] 448250K->368362K(599040K), 0.0028791 secs] [Times: user=0.02 sys=0.00, real=0.01 secs] 
326.678: [GC (Allocation Failure) [PSYoungGen: 80800K->1376K(80384K)] 447722K->368306K(598528K), 0.0019962 secs] [Times: user=0.00 sys=0.00, real=0.00 secs] 
327.105: [GC (Allocation Failure) [PSYoungGen: 80224K->1392K(79872K)] 447154K->368322K(598016K), 0.0020268 secs] [Times: user=0.01 sys=0.00, real=0.00 secs] 
327.314: [GC (Allocation Failure) [PSYoungGen: 79728K->1437K(79360K)] 446658K->368367K(597504K), 0.0022427 secs] [Times: user=0.00 sys=0.00, real=0.00 secs] 
327.475: [GC (Allocation Failure) [PSYoungGen: 79261K->1485K(78848K)] 446191K->368415K(596992K), 0.0016279 secs] [Times: user=0.01 sys=0.00, real=0.00 secs] 
327.633: [GC (Allocation Failure) [PSYoungGen: 78797K->1501K(81920K)] 445727K->368431K(600064K), 0.0018536 secs] [Times: user=0.01 sys=0.00, real=0.00 secs] 
329.025: [GC (Allocation Failure) [PSYoungGen: 81373K->1440K(80896K)] 448303K->368370K(599040K), 0.0038786 secs] [Times: user=0.01 sys=0.00, real=0.00 secs] 
330.345: [GC (Allocation Failure) [PSYoungGen: 80800K->1376K(80384K)] 447730K->368306K(598528K), 0.0038193 secs] [Times: user=0.01 sys=0.00, real=0.00 secs] 
331.125: [GC (Allocation Failure) [PSYoungGen: 80224K->1408K(79872K)] 447154K->368338K(598016K), 0.0024938 secs] [Times: user=0.01 sys=0.00, real=0.00 secs] 
331.830: [GC (Allocation Failure) [PSYoungGen: 79744K->1405K(79360K)] 446674K->368335K(597504K), 0.0023602 secs] [Times: user=0.01 sys=0.00, real=0.01 secs] 
332.028: [GC (Allocation Failure) [PSYoungGen: 79229K->1472K(78848K)] 446159K->368418K(596992K), 0.0014629 secs] [Times: user=0.01 sys=0.00, real=0.00 secs] 
332.164: [GC (Allocation Failure) [PSYoungGen: 78784K->1472K(78336K)] 445730K->368418K(596480K), 0.0017301 secs] [Times: user=0.00 sys=0.00, real=0.00 secs] 
332.302: [GC (Allocation Failure) [PSYoungGen: 78272K->1485K(77824K)] 445218K->368431K(595968K), 0.0015302 secs] [Times: user=0.01 sys=0.00, real=0.00 secs] 
333.618: [GC (Allocation Failure) [PSYoungGen: 77773K->1408K(77312K)] 444719K->368354K(595456K), 0.0024484 secs] [Times: user=0.01 sys=0.00, real=0.00 secs] 
334.680: [GC (Allocation Failure) [PSYoungGen: 77184K->1376K(76800K)] 444130K->368330K(594944K), 0.0021979 secs] [Times: user=0.01 sys=0.00, real=0.01 secs] 
335.914: [GC (Allocation Failure) [PSYoungGen: 76640K->1344K(76288K)] 443594K->368298K(594432K), 0.0041440 secs] [Times: user=0.02 sys=0.00, real=0.00 secs] 
337.064: [GC (Allocation Failure) [PSYoungGen: 76096K->1437K(75776K)] 443050K->368391K(593920K), 0.0022906 secs] [Times: user=0.01 sys=0.00, real=0.00 secs] 
337.250: [GC (Allocation Failure) [PSYoungGen: 75677K->1501K(75264K)] 442631K->368455K(593408K), 0.0017026 secs] [Times: user=0.00 sys=0.00, real=0.01 secs] 
337.401: [GC (Allocation Failure) [PSYoungGen: 75229K->1437K(74752K)] 442183K->368391K(592896K), 0.0018975 secs] [Times: user=0.01 sys=0.00, real=0.00 secs] 
337.569: [GC (Allocation Failure) [PSYoungGen: 74653K->1421K(74240K)] 441607K->368375K(592384K), 0.0017473 secs] [Times: user=0.01 sys=0.00, real=0.01 secs] 
338.521: [GC (Allocation Failure) [PSYoungGen: 74125K->1376K(73728K)] 441079K->368330K(591872K), 0.0040047 secs] [Times: user=0.01 sys=0.01, real=0.01 secs] 
339.638: [GC (Allocation Failure) [PSYoungGen: 73568K->1360K(73216K)] 440522K->368330K(591360K), 0.0040156 secs] [Times: user=0.01 sys=0.00, real=0.01 secs] 
340.310: [GC (Allocation Failure) [PSYoungGen: 73040K->1376K(72704K)] 440010K->368346K(590848K), 0.0020778 secs] [Times: user=0.00 sys=0.00, real=0.01 secs] 
341.096: [GC (Allocation Failure) [PSYoungGen: 72544K->1328K(72192K)] 439514K->368298K(590336K), 0.0024192 secs] [Times: user=0.01 sys=0.00, real=0.00 secs] 
341.513: [GC (Allocation Failure) [PSYoungGen: 71984K->413K(70656K)] 438954K->368407K(588800K), 0.0017957 secs] [Times: user=0.01 sys=0.00, real=0.00 secs] 
341.641: [GC (Allocation Failure) [PSYoungGen: 70557K->461K(71680K)] 438551K->368455K(589824K), 0.0015264 secs] [Times: user=0.00 sys=0.00, real=0.00 secs] 
341.763: [GC (Allocation Failure) [PSYoungGen: 70093K->429K(69632K)] 438087K->368423K(587776K), 0.0017353 secs] [Times: user=0.00 sys=0.00, real=0.00 secs] 
341.886: [GC (Allocation Failure) [PSYoungGen: 69549K->128K(74240K)] 437543K->368122K(592384K), 0.0015052 secs] [Times: user=0.00 sys=0.00, real=0.00 secs] 
342.593: [GC (Allocation Failure) [PSYoungGen: 72320K->1392K(73216K)] 440314K->369394K(591360K), 0.0036160 secs] [Times: user=0.01 sys=0.00, real=0.00 secs] 
343.063: [GC (Allocation Failure) [PSYoungGen: 73072K->1376K(72704K)] 441074K->369394K(590848K), 0.0029615 secs] [Times: user=0.02 sys=0.00, real=0.00 secs] 
343.897: [GC (Allocation Failure) [PSYoungGen: 72544K->1376K(72192K)] 440562K->369394K(590336K), 0.0031207 secs] [Times: user=0.01 sys=0.00, real=0.00 secs] 
344.948: [GC (Allocation Failure) [PSYoungGen: 72032K->1405K(71680K)] 440050K->369423K(589824K), 0.0036450 secs] [Times: user=0.02 sys=0.00, real=0.01 secs] 
345.176: [GC (Allocation Failure) [PSYoungGen: 71549K->1501K(71168K)] 439567K->369519K(589312K), 0.0018819 secs] [Times: user=0.01 sys=0.00, real=0.00 secs] 
345.302: [GC (Allocation Failure) [PSYoungGen: 71133K->1437K(70656K)] 439151K->369455K(588800K), 0.0016208 secs] [Times: user=0.00 sys=0.00, real=0.00 secs] 
345.424: [GC (Allocation Failure) [PSYoungGen: 70557K->1501K(72704K)] 438575K->369519K(590848K), 0.0015908 secs] [Times: user=0.00 sys=0.00, real=0.00 secs] 
345.686: [GC (Allocation Failure) [PSYoungGen: 71645K->1424K(72704K)] 439663K->369458K(590848K), 0.0018772 secs] [Times: user=0.01 sys=0.00, real=0.00 secs] 
345.983: [GC (Allocation Failure) [PSYoungGen: 71568K->1344K(71168K)] 439602K->369378K(589312K), 0.0019251 secs] [Times: user=0.01 sys=0.00, real=0.00 secs] 
346.316: [GC (Allocation Failure) [PSYoungGen: 70976K->1376K(70656K)] 439010K->369410K(588800K), 0.0016799 secs] [Times: user=0.01 sys=0.00, real=0.00 secs] 
346.642: [GC (Allocation Failure) [PSYoungGen: 70496K->1376K(70144K)] 438530K->369410K(588288K), 0.0026555 secs] [Times: user=0.01 sys=0.00, real=0.00 secs] 
346.964: [GC (Allocation Failure) [PSYoungGen: 69984K->1501K(69632K)] 438018K->369543K(587776K), 0.0021382 secs] [Times: user=0.01 sys=0.00, real=0.00 secs] 
347.097: [GC (Allocation Failure) [PSYoungGen: 69597K->1485K(69120K)] 437639K->369527K(587264K), 0.0015433 secs] [Times: user=0.00 sys=0.00, real=0.00 secs] 
347.215: [GC (Allocation Failure) [PSYoungGen: 69069K->1485K(74752K)] 437111K->369527K(592896K), 0.0014651 secs] [Times: user=0.00 sys=0.00, real=0.00 secs] 
347.343: [GC (Allocation Failure) [PSYoungGen: 74701K->1485K(75264K)] 442743K->369527K(593408K), 0.0016239 secs] [Times: user=0.01 sys=0.00, real=0.00 secs] 
347.741: [GC (Allocation Failure) [PSYoungGen: 74701K->1392K(75264K)] 442743K->369442K(593408K), 0.0024841 secs] [Times: user=0.01 sys=0.00, real=0.00 secs] 
348.317: [GC (Allocation Failure) [PSYoungGen: 74608K->1344K(74240K)] 442658K->369394K(592384K), 0.0025140 secs] [Times: user=0.00 sys=0.00, real=0.00 secs] 
348.917: [GC (Allocation Failure) [PSYoungGen: 74048K->1376K(73728K)] 442098K->369426K(591872K), 0.0027106 secs] [Times: user=0.01 sys=0.00, real=0.00 secs] 
349.442: [GC (Allocation Failure) [PSYoungGen: 73568K->1296K(73216K)] 441618K->369362K(591360K), 0.0021105 secs] [Times: user=0.00 sys=0.00, real=0.00 secs] 
349.745: [GC (Allocation Failure) [PSYoungGen: 72976K->1472K(72704K)] 441042K->369538K(590848K), 0.0016089 secs] [Times: user=0.01 sys=0.00, real=0.00 secs] 
349.871: [GC (Allocation Failure) [PSYoungGen: 72640K->1533K(72192K)] 440706K->369599K(590336K), 0.0015504 secs] [Times: user=0.01 sys=0.00, real=0.00 secs] 
349.995: [GC (Allocation Failure) [PSYoungGen: 72189K->1456K(77824K)] 440255K->369522K(595968K), 0.0016425 secs] [Times: user=0.01 sys=0.00, real=0.00 secs] 
350.281: [GC (Allocation Failure) [PSYoungGen: 77744K->1424K(77312K)] 445810K->370538K(595456K), 0.0020250 secs] [Times: user=0.00 sys=0.00, real=0.00 secs] 
350.932: [GC (Allocation Failure) [PSYoungGen: 77200K->320K(75776K)] 446314K->369434K(593920K), 0.0019539 secs] [Times: user=0.01 sys=0.00, real=0.00 secs] 
351.639: [GC (Allocation Failure) [PSYoungGen: 75584K->336K(76288K)] 444698K->369450K(594432K), 0.0030054 secs] [Times: user=0.01 sys=0.00, real=0.01 secs] 
352.395: [GC (Allocation Failure) [PSYoungGen: 75088K->304K(76288K)] 444202K->369418K(594432K), 0.0028641 secs] [Times: user=0.02 sys=0.00, real=0.00 secs] 
353.029: [GC (Allocation Failure) [PSYoungGen: 74544K->1408K(75776K)] 443658K->370522K(593920K), 0.0022435 secs] [Times: user=0.01 sys=0.00, real=0.01 secs] 
353.201: [GC (Allocation Failure) [PSYoungGen: 75136K->1437K(74752K)] 444250K->370551K(592896K), 0.0016443 secs] [Times: user=0.01 sys=0.00, real=0.01 secs] 
353.330: [GC (Allocation Failure) [PSYoungGen: 74653K->1405K(74752K)] 443767K->370519K(592896K), 0.0017845 secs] [Times: user=0.01 sys=0.00, real=0.01 secs] 
353.459: [GC (Allocation Failure) [PSYoungGen: 74109K->1453K(75264K)] 443223K->370567K(593408K), 0.0016392 secs] [Times: user=0.01 sys=0.00, real=0.01 secs] 
354.881: [GC (Allocation Failure) [PSYoungGen: 74157K->1408K(73728K)] 443271K->370530K(591872K), 0.0037670 secs] [Times: user=0.02 sys=0.01, real=0.00 secs] 
356.040: [GC (Allocation Failure) [PSYoungGen: 73600K->1360K(73216K)] 442722K->370482K(591360K), 0.0050590 secs] [Times: user=0.02 sys=0.01, real=0.01 secs] 
356.972: [GC (Allocation Failure) [PSYoungGen: 73040K->1408K(72704K)] 442162K->370530K(590848K), 0.0030577 secs] [Times: user=0.02 sys=0.00, real=0.00 secs] 
357.313: [GC (Allocation Failure) [PSYoungGen: 72576K->1392K(72192K)] 441698K->370514K(590336K), 0.0021596 secs] [Times: user=0.01 sys=0.00, real=0.00 secs] 
357.496: [GC (Allocation Failure) [PSYoungGen: 72048K->1453K(71680K)] 441170K->370575K(589824K), 0.0016277 secs] [Times: user=0.00 sys=0.00, real=0.00 secs] 
357.619: [GC (Allocation Failure) [PSYoungGen: 71597K->1440K(71168K)] 440719K->370562K(589312K), 0.0016738 secs] [Times: user=0.01 sys=0.00, real=0.01 secs] 
357.741: [GC (Allocation Failure) [PSYoungGen: 71072K->1453K(76800K)] 440194K->370575K(594944K), 0.0014757 secs] [Times: user=0.01 sys=0.00, real=0.00 secs] 
357.952: [GC (Allocation Failure) [PSYoungGen: 76717K->1408K(77312K)] 445839K->370538K(595456K), 0.0017992 secs] [Times: user=0.00 sys=0.00, real=0.00 secs] 
358.494: [GC (Allocation Failure) [PSYoungGen: 76672K->1376K(76288K)] 445802K->370506K(594432K), 0.0019828 secs] [Times: user=0.00 sys=0.00, real=0.00 secs] 
359.131: [GC (Allocation Failure) [PSYoungGen: 76128K->1376K(75776K)] 445258K->370506K(593920K), 0.0061367 secs] [Times: user=0.02 sys=0.00, real=0.01 secs] 
359.762: [GC (Allocation Failure) [PSYoungGen: 75616K->1408K(75264K)] 444746K->370538K(593408K), 0.0027263 secs] [Times: user=0.01 sys=0.00, real=0.00 secs] 
360.205: [GC (Allocation Failure) [PSYoungGen: 75136K->1472K(74752K)] 444266K->370602K(592896K), 0.0019776 secs] [Times: user=0.01 sys=0.00, real=0.00 secs] 
360.354: [GC (Allocation Failure) [PSYoungGen: 74688K->1437K(74240K)] 443818K->370567K(592384K), 0.0015759 secs] [Times: user=0.01 sys=0.00, real=0.00 secs] 
360.482: [GC (Allocation Failure) [PSYoungGen: 74141K->1472K(79872K)] 443271K->370602K(598016K), 0.0016068 secs] [Times: user=0.01 sys=0.00, real=0.00 secs] 
360.664: [GC (Allocation Failure) [PSYoungGen: 79808K->1680K(80384K)] 448938K->370810K(598528K), 0.0017654 secs] [Times: user=0.01 sys=0.00, real=0.00 secs] 
361.411: [GC (Allocation Failure) [PSYoungGen: 80016K->1376K(79360K)] 449146K->370530K(597504K), 0.0021349 secs] [Times: user=0.01 sys=0.01, real=0.00 secs] 
362.076: [GC (Allocation Failure) [PSYoungGen: 79200K->1296K(78848K)] 448354K->370450K(596992K), 0.0028877 secs] [Times: user=0.01 sys=0.00, real=0.00 secs] 
362.680: [GC (Allocation Failure) [PSYoungGen: 78608K->1408K(78336K)] 447762K->370562K(596480K), 0.0021364 secs] [Times: user=0.01 sys=0.00, real=0.01 secs] 
362.963: [GC (Allocation Failure) [PSYoungGen: 78208K->1472K(77824K)] 447362K->370626K(595968K), 0.0016339 secs] [Times: user=0.00 sys=0.00, real=0.00 secs] 
363.098: [GC (Allocation Failure) [PSYoungGen: 77760K->1421K(77312K)] 446914K->370575K(595456K), 0.0015578 secs] [Times: user=0.01 sys=0.00, real=0.00 secs] 
363.232: [GC (Allocation Failure) [PSYoungGen: 77197K->1485K(76800K)] 446351K->370639K(594944K), 0.0015373 secs] [Times: user=0.01 sys=0.00, real=0.00 secs] 
363.364: [GC (Allocation Failure) [PSYoungGen: 76749K->1504K(77312K)] 445903K->370666K(595456K), 0.0014875 secs] [Times: user=0.00 sys=0.00, real=0.00 secs] 
363.721: [GC (Allocation Failure) [PSYoungGen: 76768K->1408K(76288K)] 445930K->370578K(594432K), 0.0019127 secs] [Times: user=0.01 sys=0.01, real=0.00 secs] 
364.295: [GC (Allocation Failure) [PSYoungGen: 76160K->1408K(75776K)] 445330K->370578K(593920K), 0.0022903 secs] [Times: user=0.01 sys=0.00, real=0.00 secs] 
365.019: [GC (Allocation Failure) [PSYoungGen: 75648K->1440K(75264K)] 444818K->370610K(593408K), 0.0032302 secs] [Times: user=0.01 sys=0.00, real=0.01 secs] 
365.888: [GC (Allocation Failure) [PSYoungGen: 75168K->1504K(74752K)] 444338K->370674K(592896K), 0.0028314 secs] [Times: user=0.01 sys=0.01, real=0.01 secs] 
366.088: [GC (Allocation Failure) [PSYoungGen: 74720K->1453K(74240K)] 443890K->370623K(592384K), 0.0016647 secs] [Times: user=0.00 sys=0.00, real=0.00 secs] 
366.217: [GC (Allocation Failure) [PSYoungGen: 74157K->1504K(73728K)] 443327K->370674K(591872K), 0.0016572 secs] [Times: user=0.01 sys=0.00, real=0.00 secs] 
366.364: [GC (Allocation Failure) [PSYoungGen: 73696K->1453K(79872K)] 442866K->370623K(598016K), 0.0018023 secs] [Times: user=0.01 sys=0.00, real=0.00 secs] 
366.747: [GC (Allocation Failure) [PSYoungGen: 79789K->1424K(79360K)] 448959K->370602K(597504K), 0.0027682 secs] [Times: user=0.01 sys=0.00, real=0.00 secs] 
367.081: [GC (Allocation Failure) [PSYoungGen: 79248K->1408K(78848K)] 448426K->370586K(596992K), 0.0019345 secs] [Times: user=0.01 sys=0.00, real=0.00 secs] 
367.403: [GC (Allocation Failure) [PSYoungGen: 78720K->1408K(78336K)] 447898K->370586K(596480K), 0.0019845 secs] [Times: user=0.01 sys=0.00, real=0.00 secs] 
368.177: [GC (Allocation Failure) [PSYoungGen: 78208K->1501K(77824K)] 447386K->370679K(595968K), 0.0034149 secs] [Times: user=0.01 sys=0.00, real=0.00 secs] 
368.414: [GC (Allocation Failure) [PSYoungGen: 77789K->1517K(77312K)] 446967K->370695K(595456K), 0.0016473 secs] [Times: user=0.01 sys=0.00, real=0.00 secs] 
368.548: [GC (Allocation Failure) [PSYoungGen: 77293K->1533K(76800K)] 446471K->370711K(594944K), 0.0016491 secs] [Times: user=0.01 sys=0.00, real=0.00 secs] 
368.680: [GC (Allocation Failure) [PSYoungGen: 76797K->1533K(77312K)] 445975K->370711K(595456K), 0.0016218 secs] [Times: user=0.01 sys=0.00, real=0.01 secs] 
368.953: [GC (Allocation Failure) [PSYoungGen: 76797K->1408K(76288K)] 445975K->370594K(594432K), 0.0018960 secs] [Times: user=0.01 sys=0.00, real=0.00 secs] 
369.332: [GC (Allocation Failure) [PSYoungGen: 76160K->1344K(75776K)] 445346K->370530K(593920K), 0.0019977 secs] [Times: user=0.01 sys=0.00, real=0.00 secs] 
369.641: [GC (Allocation Failure) [PSYoungGen: 75584K->1408K(75264K)] 444770K->370618K(593408K), 0.0016141 secs] [Times: user=0.01 sys=0.00, real=0.01 secs] 
369.949: [GC (Allocation Failure) [PSYoungGen: 75136K->1344K(74752K)] 444346K->370554K(592896K), 0.0029197 secs] [Times: user=0.02 sys=0.00, real=0.01 secs] 
370.297: [GC (Allocation Failure) [PSYoungGen: 74560K->1437K(74240K)] 443770K->370647K(592384K), 0.0019037 secs] [Times: user=0.01 sys=0.00, real=0.00 secs] 
370.434: [GC (Allocation Failure) [PSYoungGen: 74141K->1504K(73728K)] 443351K->370714K(591872K), 0.0015602 secs] [Times: user=0.01 sys=0.00, real=0.00 secs] 
370.560: [GC (Allocation Failure) [PSYoungGen: 73696K->1485K(79872K)] 442906K->370695K(598016K), 0.0016205 secs] [Times: user=0.01 sys=0.00, real=0.01 secs] 
371.591: [GC (Allocation Failure) [PSYoungGen: 79821K->1424K(79360K)] 449031K->370642K(597504K), 0.0029839 secs] [Times: user=0.01 sys=0.00, real=0.00 secs] 
372.602: [GC (Allocation Failure) [PSYoungGen: 79248K->1440K(78848K)] 448466K->370658K(596992K), 0.0027569 secs] [Times: user=0.01 sys=0.00, real=0.00 secs] 
373.331: [GC (Allocation Failure) [PSYoungGen: 78752K->1392K(78336K)] 447970K->370610K(596480K), 0.0021640 secs] [Times: user=0.00 sys=0.00, real=0.00 secs] 
374.020: [GC (Allocation Failure) [PSYoungGen: 78192K->1376K(77824K)] 447410K->370594K(595968K), 0.0047501 secs] [Times: user=0.02 sys=0.00, real=0.01 secs] 
374.545: [GC (Allocation Failure) [PSYoungGen: 77664K->1533K(77312K)] 446882K->370759K(595456K), 0.0021371 secs] [Times: user=0.01 sys=0.00, real=0.00 secs] 
374.745: [GC (Allocation Failure) [PSYoungGen: 77309K->1533K(76800K)] 446535K->370759K(594944K), 0.0023784 secs] [Times: user=0.01 sys=0.00, real=0.00 secs] 
374.906: [GC (Allocation Failure) [PSYoungGen: 76797K->1453K(76288K)] 446023K->370679K(594432K), 0.0016031 secs] [Times: user=0.00 sys=0.00, real=0.00 secs] 
375.577: [GC (Allocation Failure) [PSYoungGen: 76205K->1456K(75776K)] 445431K->370682K(593920K), 0.0032642 secs] [Times: user=0.01 sys=0.00, real=0.00 secs] 
376.253: [GC (Allocation Failure) [PSYoungGen: 75696K->1408K(75264K)] 444922K->370634K(593408K), 0.0026522 secs] [Times: user=0.01 sys=0.00, real=0.00 secs] 
376.743: [GC (Allocation Failure) [PSYoungGen: 75136K->1424K(74752K)] 444362K->370650K(592896K), 0.0020404 secs] [Times: user=0.01 sys=0.00, real=0.00 secs] 
377.105: [GC (Allocation Failure) [PSYoungGen: 74640K->1440K(74240K)] 443866K->370674K(592384K), 0.0025996 secs] [Times: user=0.01 sys=0.00, real=0.00 secs] 
377.366: [GC (Allocation Failure) [PSYoungGen: 74144K->1437K(73728K)] 443378K->370671K(591872K), 0.0015116 secs] [Times: user=0.01 sys=0.00, real=0.00 secs] 
377.494: [GC (Allocation Failure) [PSYoungGen: 73629K->1504K(73216K)] 442863K->370738K(591360K), 0.0016497 secs] [Times: user=0.00 sys=0.01, real=0.00 secs] 
377.639: [GC (Allocation Failure) [PSYoungGen: 73184K->1501K(73728K)] 442418K->370735K(591872K), 0.0018306 secs] [Times: user=0.00 sys=0.00, real=0.01 secs] 
377.799: [GC (Allocation Failure) [PSYoungGen: 73181K->1504K(73728K)] 442415K->370738K(591872K), 0.0016156 secs] [Times: user=0.01 sys=0.00, real=0.01 secs] 
378.279: [GC (Allocation Failure) [PSYoungGen: 73184K->1392K(72704K)] 442418K->370634K(590848K), 0.0022056 secs] [Times: user=0.01 sys=0.00, real=0.01 secs] 
378.607: [GC (Allocation Failure) [PSYoungGen: 72560K->1360K(72192K)] 441802K->370602K(590336K), 0.0022747 secs] [Times: user=0.01 sys=0.00, real=0.00 secs] 
378.901: [GC (Allocation Failure) [PSYoungGen: 72016K->1344K(71680K)] 441258K->370586K(589824K), 0.0021945 secs] [Times: user=0.01 sys=0.00, real=0.00 secs] 
379.762: [GC (Allocation Failure) [PSYoungGen: 71488K->1360K(71168K)] 440730K->370602K(589312K), 0.0027228 secs] [Times: user=0.01 sys=0.00, real=0.00 secs] 
380.050: [GC (Allocation Failure) [PSYoungGen: 70992K->1469K(70656K)] 440234K->370735K(588800K), 0.0018249 secs] [Times: user=0.01 sys=0.00, real=0.01 secs] 
380.173: [GC (Allocation Failure) [PSYoungGen: 70589K->1453K(70144K)] 439855K->370719K(588288K), 0.0017165 secs] [Times: user=0.01 sys=0.00, real=0.00 secs] 
380.293: [GC (Allocation Failure) [PSYoungGen: 70061K->1469K(75776K)] 439327K->370735K(593920K), 0.0016547 secs] [Times: user=0.01 sys=0.00, real=0.00 secs] 
380.870: [GC (Allocation Failure) [PSYoungGen: 75709K->1408K(75264K)] 444975K->371706K(593408K), 0.0022265 secs] [Times: user=0.00 sys=0.00, real=0.01 secs] 
383.448: [GC (Allocation Failure) [PSYoungGen: 75136K->288K(74752K)] 445434K->370586K(592896K), 0.0028556 secs] [Times: user=0.01 sys=0.00, real=0.00 secs] 
384.210: [GC (Allocation Failure) [PSYoungGen: 73504K->336K(73216K)] 443802K->370634K(591360K), 0.0024442 secs] [Times: user=0.01 sys=0.00, real=0.01 secs] 
385.450: [GC (Allocation Failure) [PSYoungGen: 73040K->320K(73728K)] 443338K->370618K(591872K), 0.0028312 secs] [Times: user=0.01 sys=0.00, real=0.01 secs] 
386.396: [GC (Allocation Failure) [PSYoungGen: 72512K->1437K(73216K)] 442810K->371735K(591360K), 0.0020405 secs] [Times: user=0.01 sys=0.00, real=0.00 secs] 
386.538: [GC (Allocation Failure) [PSYoungGen: 73117K->1453K(72704K)] 443415K->371751K(590848K), 0.0017263 secs] [Times: user=0.00 sys=0.00, real=0.00 secs] 
386.663: [GC (Allocation Failure) [PSYoungGen: 72621K->1453K(72192K)] 442919K->371751K(590336K), 0.0016652 secs] [Times: user=0.01 sys=0.00, real=0.00 secs] 
386.806: [GC (Allocation Failure) [PSYoungGen: 72109K->1453K(72704K)] 442407K->371751K(590848K), 0.0018533 secs] [Times: user=0.01 sys=0.00, real=0.00 secs] 
387.424: [GC (Allocation Failure) [PSYoungGen: 72109K->1376K(71680K)] 442407K->371674K(589824K), 0.0021092 secs] [Times: user=0.01 sys=0.00, real=0.00 secs] 
387.716: [GC (Allocation Failure) [PSYoungGen: 71520K->1344K(71168K)] 441818K->371642K(589312K), 0.0019163 secs] [Times: user=0.01 sys=0.00, real=0.00 secs] 
388.005: [GC (Allocation Failure) [PSYoungGen: 70976K->1392K(70656K)] 441274K->371690K(588800K), 0.0019143 secs] [Times: user=0.00 sys=0.00, real=0.00 secs] 
388.322: [GC (Allocation Failure) [PSYoungGen: 70512K->1312K(70144K)] 440810K->371610K(588288K), 0.0018823 secs] [Times: user=0.01 sys=0.01, real=0.00 secs] 
388.530: [GC (Allocation Failure) [PSYoungGen: 69920K->1424K(69632K)] 440218K->371722K(587776K), 0.0016149 secs] [Times: user=0.00 sys=0.00, real=0.01 secs] 
388.649: [GC (Allocation Failure) [PSYoungGen: 69516K->1469K(70144K)] 439814K->371767K(588288K), 0.0017265 secs] [Times: user=0.00 sys=0.00, real=0.00 secs] 
388.769: [GC (Allocation Failure) [PSYoungGen: 69565K->1421K(70144K)] 439863K->371719K(588288K), 0.0016263 secs] [Times: user=0.00 sys=0.00, real=0.00 secs] 
388.888: [GC (Allocation Failure) [PSYoungGen: 69517K->1504K(76288K)] 439815K->371818K(594432K), 0.0016699 secs] [Times: user=0.00 sys=0.00, real=0.00 secs] 
389.203: [GC (Allocation Failure) [PSYoungGen: 75744K->1408K(76288K)] 446058K->371722K(594432K), 0.0018652 secs] [Times: user=0.01 sys=0.00, real=0.00 secs] 
389.560: [GC (Allocation Failure) [PSYoungGen: 75648K->1376K(75264K)] 445962K->371690K(593408K), 0.0020503 secs] [Times: user=0.01 sys=0.00, real=0.01 secs] 
390.135: [GC (Allocation Failure) [PSYoungGen: 75104K->1360K(74752K)] 445418K->371698K(592896K), 0.0020262 secs] [Times: user=0.00 sys=0.00, real=0.00 secs] 
390.723: [GC (Allocation Failure) [PSYoungGen: 74576K->1437K(74240K)] 444914K->371775K(592384K), 0.0017392 secs] [Times: user=0.01 sys=0.00, real=0.00 secs] 
390.859: [GC (Allocation Failure) [PSYoungGen: 74141K->1469K(73728K)] 444479K->371807K(591872K), 0.0016683 secs] [Times: user=0.01 sys=0.00, real=0.00 secs] 
390.985: [GC (Allocation Failure) [PSYoungGen: 73661K->1501K(79872K)] 443999K->371839K(598016K), 0.0016914 secs] [Times: user=0.01 sys=0.00, real=0.00 secs] 
391.122: [GC (Allocation Failure) [PSYoungGen: 79837K->1485K(80384K)] 450175K->371823K(598528K), 0.0015821 secs] [Times: user=0.00 sys=0.00, real=0.00 secs] 
391.864: [GC (Allocation Failure) [PSYoungGen: 79821K->1424K(79360K)] 450159K->371762K(597504K), 0.0020243 secs] [Times: user=0.00 sys=0.00, real=0.00 secs] 
392.774: [GC (Allocation Failure) [PSYoungGen: 79248K->1376K(78848K)] 449586K->371714K(596992K), 0.0023942 secs] [Times: user=0.01 sys=0.00, real=0.00 secs] 
393.649: [GC (Allocation Failure) [PSYoungGen: 78688K->1408K(78336K)] 449026K->371746K(596480K), 0.0019664 secs] [Times: user=0.01 sys=0.00, real=0.01 secs] 
394.461: [GC (Allocation Failure) [PSYoungGen: 78208K->1376K(77824K)] 448546K->371714K(595968K), 0.0027362 secs] [Times: user=0.01 sys=0.00, real=0.00 secs] 
394.727: [GC (Allocation Failure) [PSYoungGen: 77664K->1453K(77312K)] 448002K->371791K(595456K), 0.0015191 secs] [Times: user=0.01 sys=0.00, real=0.00 secs] 
394.862: [GC (Allocation Failure) [PSYoungGen: 77229K->1453K(76800K)] 447567K->371791K(594944K), 0.0017360 secs] [Times: user=0.00 sys=0.00, real=0.00 secs] 
395.016: [GC (Allocation Failure) [PSYoungGen: 76717K->1501K(76288K)] 447055K->371839K(594432K), 0.0017490 secs] [Times: user=0.01 sys=0.00, real=0.00 secs] 
395.802: [GC (Allocation Failure) [PSYoungGen: 76253K->1392K(75776K)] 446591K->371730K(593920K), 0.0019879 secs] [Times: user=0.00 sys=0.00, real=0.00 secs] 
396.877: [GC (Allocation Failure) [PSYoungGen: 75632K->1360K(75264K)] 445970K->371706K(593408K), 0.0017912 secs] [Times: user=0.01 sys=0.00, real=0.00 secs] 
397.450: [GC (Allocation Failure) [PSYoungGen: 75088K->1376K(74752K)] 445434K->371722K(592896K), 0.0020196 secs] [Times: user=0.01 sys=0.00, real=0.01 secs] 
398.106: [GC (Allocation Failure) [PSYoungGen: 74592K->1312K(74240K)] 444938K->371658K(592384K), 0.0018696 secs] [Times: user=0.01 sys=0.00, real=0.00 secs] 
398.416: [GC (Allocation Failure) [PSYoungGen: 74016K->1469K(73728K)] 444362K->371815K(591872K), 0.0016082 secs] [Times: user=0.00 sys=0.00, real=0.00 secs] 
398.543: [GC (Allocation Failure) [PSYoungGen: 73661K->1453K(73216K)] 444007K->371799K(591360K), 0.0016272 secs] [Times: user=0.00 sys=0.00, real=0.00 secs] 
398.679: [GC (Allocation Failure) [PSYoungGen: 73133K->1440K(72704K)] 443479K->371786K(590848K), 0.0018377 secs] [Times: user=0.00 sys=0.00, real=0.00 secs] 
399.289: [GC (Allocation Failure) [PSYoungGen: 72608K->928K(71680K)] 442954K->372298K(589824K), 0.0045441 secs] [Times: user=0.01 sys=0.00, real=0.01 secs] 
400.728: [GC (Allocation Failure) [PSYoungGen: 71584K->336K(70656K)] 442954K->371706K(588800K), 0.0031190 secs] [Times: user=0.01 sys=0.01, real=0.01 secs] 
401.759: [GC (Allocation Failure) [PSYoungGen: 70480K->288K(70144K)] 441850K->371658K(588288K), 0.0029592 secs] [Times: user=0.01 sys=0.00, real=0.01 secs] 
402.837: [GC (Allocation Failure) [PSYoungGen: 69920K->368K(71168K)] 441290K->371738K(589312K), 0.0026270 secs] [Times: user=0.01 sys=0.01, real=0.00 secs] 
403.577: [GC (Allocation Failure) [PSYoungGen: 69488K->1424K(70144K)] 440858K->372818K(588288K), 0.0027877 secs] [Times: user=0.01 sys=0.00, real=0.00 secs] 
403.776: [GC (Allocation Failure) [PSYoungGen: 70032K->1453K(69632K)] 441426K->372847K(587776K), 0.0016969 secs] [Times: user=0.01 sys=0.00, real=0.00 secs] 
403.895: [GC (Allocation Failure) [PSYoungGen: 69549K->1437K(69120K)] 440943K->372831K(587264K), 0.0015981 secs] [Times: user=0.01 sys=0.00, real=0.00 secs] 
404.014: [GC (Allocation Failure) [PSYoungGen: 69021K->1485K(74752K)] 440415K->372879K(592896K), 0.0015774 secs] [Times: user=0.01 sys=0.00, real=0.00 secs] 
404.345: [GC (Allocation Failure) [PSYoungGen: 73677K->1392K(73216K)] 445071K->372794K(591360K), 0.0018710 secs] [Times: user=0.01 sys=0.00, real=0.00 secs] 
404.643: [GC (Allocation Failure) [PSYoungGen: 73072K->1392K(72704K)] 444474K->372794K(590848K), 0.0019120 secs] [Times: user=0.00 sys=0.00, real=0.00 secs] 
405.029: [GC (Allocation Failure) [PSYoungGen: 72560K->1376K(72192K)] 443962K->372778K(590336K), 0.0019062 secs] [Times: user=0.01 sys=0.00, real=0.00 secs] 
405.594: [GC (Allocation Failure) [PSYoungGen: 72032K->1344K(71680K)] 443434K->372746K(589824K), 0.0016781 secs] [Times: user=0.00 sys=0.00, real=0.00 secs] 
406.099: [GC (Allocation Failure) [PSYoungGen: 71472K->1405K(71168K)] 442874K->372807K(589312K), 0.0018642 secs] [Times: user=0.01 sys=0.00, real=0.00 secs] 
406.230: [GC (Allocation Failure) [PSYoungGen: 71037K->1440K(70656K)] 442439K->372842K(588800K), 0.0017985 secs] [Times: user=0.01 sys=0.00, real=0.01 secs] 
406.353: [GC (Allocation Failure) [PSYoungGen: 70560K->1501K(71680K)] 441962K->372903K(589824K), 0.0017537 secs] [Times: user=0.01 sys=0.00, real=0.00 secs] 
406.475: [GC (Allocation Failure) [PSYoungGen: 71645K->1440K(72192K)] 443047K->372858K(590336K), 0.0015544 secs] [Times: user=0.01 sys=0.00, real=0.00 secs] 
407.231: [GC (Allocation Failure) [PSYoungGen: 71584K->1392K(71168K)] 443002K->372810K(589312K), 0.0017746 secs] [Times: user=0.01 sys=0.00, real=0.00 secs] 
408.272: [GC (Allocation Failure) [PSYoungGen: 71024K->1376K(70656K)] 442442K->372794K(588800K), 0.0024836 secs] [Times: user=0.01 sys=0.00, real=0.00 secs] 
409.499: [GC (Allocation Failure) [PSYoungGen: 70496K->1376K(70144K)] 441914K->372794K(588288K), 0.0034946 secs] [Times: user=0.01 sys=0.00, real=0.01 secs] 
411.242: [GC (Allocation Failure) [PSYoungGen: 69984K->1408K(69632K)] 441402K->372826K(587776K), 0.0037076 secs] [Times: user=0.01 sys=0.00, real=0.00 secs] 
412.074: [GC (Allocation Failure) [PSYoungGen: 69504K->1405K(69120K)] 440922K->372823K(587264K), 0.0018680 secs] [Times: user=0.00 sys=0.00, real=0.00 secs] 
412.217: [GC (Allocation Failure) [PSYoungGen: 68989K->1440K(68608K)] 440407K->372858K(586752K), 0.0017482 secs] [Times: user=0.01 sys=0.00, real=0.00 secs] 
412.353: [GC (Allocation Failure) [PSYoungGen: 68512K->1453K(68096K)] 439930K->372871K(586240K), 0.0017380 secs] [Times: user=0.00 sys=0.00, real=0.00 secs] 
412.502: [GC (Allocation Failure) [PSYoungGen: 68013K->1469K(73728K)] 439431K->372911K(591872K), 0.0019799 secs] [Times: user=0.01 sys=0.00, real=0.00 secs] 
413.231: [GC (Allocation Failure) [PSYoungGen: 73661K->1376K(73216K)] 445103K->372826K(591360K), 0.0026302 secs] [Times: user=0.01 sys=0.00, real=0.00 secs] 
413.917: [GC (Allocation Failure) [PSYoungGen: 73056K->1344K(72704K)] 444506K->372794K(590848K), 0.0027165 secs] [Times: user=0.01 sys=0.01, real=0.00 secs] 
414.854: [GC (Allocation Failure) [PSYoungGen: 72512K->1376K(72192K)] 443962K->372834K(590336K), 0.0026284 secs] [Times: user=0.01 sys=0.00, real=0.00 secs] 
415.582: [GC (Allocation Failure) [PSYoungGen: 72032K->1344K(71680K)] 443490K->372802K(589824K), 0.0040326 secs] [Times: user=0.02 sys=0.00, real=0.00 secs] 
415.973: [GC (Allocation Failure) [PSYoungGen: 71488K->1437K(71168K)] 442946K->372895K(589312K), 0.0020605 secs] [Times: user=0.01 sys=0.00, real=0.00 secs] 
416.112: [GC (Allocation Failure) [PSYoungGen: 71069K->1469K(70656K)] 442527K->372927K(588800K), 0.0016522 secs] [Times: user=0.01 sys=0.00, real=0.00 secs] 
416.234: [GC (Allocation Failure) [PSYoungGen: 70589K->1453K(70144K)] 442047K->372911K(588288K), 0.0016175 secs] [Times: user=0.00 sys=0.00, real=0.00 secs] 
416.472: [GC (Allocation Failure) [PSYoungGen: 70061K->1568K(70144K)] 441519K->373042K(588288K), 0.0021272 secs] [Times: user=0.00 sys=0.00, real=0.00 secs] 
417.492: [GC (Allocation Failure) [PSYoungGen: 69664K->1360K(69120K)] 441138K->372834K(587264K), 0.0025005 secs] [Times: user=0.01 sys=0.00, real=0.00 secs] 
418.238: [GC (Allocation Failure) [PSYoungGen: 68944K->1408K(68608K)] 440418K->372882K(586752K), 0.0033267 secs] [Times: user=0.01 sys=0.00, real=0.01 secs] 
418.899: [GC (Allocation Failure) [PSYoungGen: 68480K->1408K(68096K)] 439954K->372882K(586240K), 0.0031506 secs] [Times: user=0.01 sys=0.00, real=0.01 secs] 
419.641: [GC (Allocation Failure) [PSYoungGen: 67968K->1408K(67584K)] 439442K->372882K(585728K), 0.0035511 secs] [Times: user=0.01 sys=0.00, real=0.01 secs] 
419.896: [GC (Allocation Failure) [PSYoungGen: 67456K->1533K(67072K)] 438930K->373007K(585216K), 0.0018507 secs] [Times: user=0.01 sys=0.00, real=0.00 secs] 
420.016: [GC (Allocation Failure) [PSYoungGen: 67069K->1504K(66560K)] 438543K->372978K(584704K), 0.0016887 secs] [Times: user=0.01 sys=0.00, real=0.00 secs] 
420.147: [GC (Allocation Failure) [PSYoungGen: 66528K->1501K(67072K)] 438002K->372975K(585216K), 0.0018352 secs] [Times: user=0.01 sys=0.00, real=0.00 secs] 
420.299: [GC (Allocation Failure) [PSYoungGen: 67037K->1469K(67584K)] 438511K->372959K(585728K), 0.0016614 secs] [Times: user=0.01 sys=0.00, real=0.00 secs] 
421.087: [GC (Allocation Failure) [PSYoungGen: 67005K->1440K(66560K)] 438495K->372930K(584704K), 0.0021214 secs] [Times: user=0.01 sys=0.00, real=0.00 secs] 
421.932: [GC (Allocation Failure) [PSYoungGen: 66464K->1408K(66048K)] 437954K->372914K(584192K), 0.0028882 secs] [Times: user=0.01 sys=0.00, real=0.00 secs] 
422.869: [GC (Allocation Failure) [PSYoungGen: 65920K->1408K(65536K)] 437426K->372914K(583680K), 0.0027198 secs] [Times: user=0.01 sys=0.00, real=0.01 secs] 
423.651: [GC (Allocation Failure) [PSYoungGen: 65408K->1376K(65024K)] 436914K->372882K(583168K), 0.0022925 secs] [Times: user=0.01 sys=0.00, real=0.00 secs] 
424.146: [GC (Allocation Failure) [PSYoungGen: 64864K->1469K(64512K)] 436370K->372975K(582656K), 0.0018735 secs] [Times: user=0.01 sys=0.00, real=0.00 secs] 
424.263: [GC (Allocation Failure) [PSYoungGen: 64445K->1501K(64000K)] 435951K->373007K(582144K), 0.0015797 secs] [Times: user=0.01 sys=0.00, real=0.00 secs] 
424.374: [GC (Allocation Failure) [PSYoungGen: 63965K->1485K(63488K)] 435471K->373007K(581632K), 0.0015199 secs] [Times: user=0.00 sys=0.00, real=0.00 secs] 
424.482: [GC (Allocation Failure) [PSYoungGen: 63437K->1453K(69632K)] 434959K->372975K(587776K), 0.0015595 secs] [Times: user=0.00 sys=0.00, real=0.00 secs] 
424.804: [GC (Allocation Failure) [PSYoungGen: 69037K->1408K(69632K)] 440559K->372938K(587776K), 0.0018290 secs] [Times: user=0.00 sys=0.00, real=0.00 secs] 
425.086: [GC (Allocation Failure) [PSYoungGen: 68992K->1360K(68608K)] 440522K->372890K(586752K), 0.0019509 secs] [Times: user=0.00 sys=0.00, real=0.00 secs] 
425.364: [GC (Allocation Failure) [PSYoungGen: 68432K->1344K(68096K)] 439962K->372874K(586240K), 0.0018110 secs] [Times: user=0.01 sys=0.01, real=0.00 secs] 
425.640: [GC (Allocation Failure) [PSYoungGen: 67904K->1392K(67584K)] 439434K->372922K(585728K), 0.0018050 secs] [Times: user=0.00 sys=0.00, real=0.01 secs] 
425.897: [GC (Allocation Failure) [PSYoungGen: 67425K->1472K(67072K)] 438955K->373002K(585216K), 0.0015810 secs] [Times: user=0.00 sys=0.00, real=0.00 secs] 
426.016: [GC (Allocation Failure) [PSYoungGen: 67008K->1485K(67584K)] 438538K->373015K(585728K), 0.0049745 secs] [Times: user=0.02 sys=0.00, real=0.00 secs] 
426.139: [GC (Allocation Failure) [PSYoungGen: 67021K->1501K(74752K)] 438551K->373031K(592896K), 0.0016260 secs] [Times: user=0.01 sys=0.00, real=0.00 secs] 
426.269: [GC (Allocation Failure) [PSYoungGen: 74205K->1453K(74752K)] 445735K->372991K(592896K), 0.0015246 secs] [Times: user=0.01 sys=0.00, real=0.01 secs] 
427.046: [GC (Allocation Failure) [PSYoungGen: 74157K->1408K(80896K)] 445695K->372946K(599040K), 0.0023518 secs] [Times: user=0.01 sys=0.00, real=0.00 secs] 
428.018: [GC (Allocation Failure) [PSYoungGen: 80768K->1328K(81920K)] 452306K->372866K(600064K), 0.0021152 secs] [Times: user=0.01 sys=0.00, real=0.00 secs] 
428.711: [GC (Allocation Failure) [PSYoungGen: 81200K->1360K(80896K)] 452738K->372898K(599040K), 0.0023236 secs] [Times: user=0.01 sys=0.00, real=0.01 secs] 
429.401: [GC (Allocation Failure) [PSYoungGen: 80720K->1376K(80384K)] 452258K->372914K(598528K), 0.0023082 secs] [Times: user=0.01 sys=0.00, real=0.00 secs] 
429.674: [GC (Allocation Failure) [PSYoungGen: 80224K->1453K(79872K)] 451762K->373007K(598016K), 0.0016446 secs] [Times: user=0.01 sys=0.00, real=0.00 secs] 
429.834: [GC (Allocation Failure) [PSYoungGen: 79789K->1469K(79360K)] 451343K->373023K(597504K), 0.0018993 secs] [Times: user=0.01 sys=0.00, real=0.00 secs] 
430.007: [GC (Allocation Failure) [PSYoungGen: 79293K->1421K(78848K)] 450847K->372975K(596992K), 0.0016567 secs] [Times: user=0.00 sys=0.00, real=0.00 secs] 
430.908: [GC (Allocation Failure) [PSYoungGen: 78733K->1424K(78336K)] 450287K->372994K(596480K), 0.0034162 secs] [Times: user=0.01 sys=0.00, real=0.01 secs] 
432.035: [GC (Allocation Failure) [PSYoungGen: 78224K->1344K(77824K)] 449794K->372914K(595968K), 0.0026633 secs] [Times: user=0.01 sys=0.00, real=0.00 secs] 
433.033: [GC (Allocation Failure) [PSYoungGen: 77632K->1344K(77312K)] 449202K->372914K(595456K), 0.0029898 secs] [Times: user=0.02 sys=0.00, real=0.00 secs] 
433.841: [GC (Allocation Failure) [PSYoungGen: 77120K->1392K(76800K)] 448690K->372962K(594944K), 0.0030250 secs] [Times: user=0.01 sys=0.00, real=0.00 secs] 
434.177: [GC (Allocation Failure) [PSYoungGen: 76656K->1437K(76288K)] 448226K->373007K(594432K), 0.0019660 secs] [Times: user=0.01 sys=0.00, real=0.00 secs] 
434.313: [GC (Allocation Failure) [PSYoungGen: 76189K->397K(74752K)] 447759K->372991K(592896K), 0.0017871 secs] [Times: user=0.00 sys=0.00, real=0.00 secs] 
434.444: [GC (Allocation Failure) [PSYoungGen: 74637K->429K(75776K)] 447231K->373023K(593920K), 0.0014737 secs] [Times: user=0.01 sys=0.00, real=0.00 secs] 
434.777: [GC (Allocation Failure) [PSYoungGen: 74157K->1424K(74752K)] 446751K->374026K(592896K), 0.0018739 secs] [Times: user=0.00 sys=0.00, real=0.00 secs] 
435.450: [GC (Allocation Failure) [PSYoungGen: 74640K->1376K(74240K)] 447242K->373978K(592384K), 0.0019938 secs] [Times: user=0.01 sys=0.00, real=0.01 secs] 
435.882: [GC (Allocation Failure) [PSYoungGen: 74080K->1344K(73728K)] 446682K->373946K(591872K), 0.0020660 secs] [Times: user=0.01 sys=0.00, real=0.00 secs] 
436.183: [GC (Allocation Failure) [PSYoungGen: 73536K->1360K(73216K)] 446138K->373962K(591360K), 0.0019110 secs] [Times: user=0.00 sys=0.00, real=0.00 secs] 
436.555: [GC (Allocation Failure) [PSYoungGen: 73040K->1453K(72704K)] 445642K->374055K(590848K), 0.0015621 secs] [Times: user=0.01 sys=0.00, real=0.00 secs] 
436.703: [GC (Allocation Failure) [PSYoungGen: 72621K->1469K(72192K)] 445223K->374071K(590336K), 0.0018804 secs] [Times: user=0.01 sys=0.00, real=0.00 secs] 
436.865: [GC (Allocation Failure) [PSYoungGen: 72125K->1485K(71680K)] 444727K->374087K(589824K), 0.0016557 secs] [Times: user=0.01 sys=0.00, real=0.00 secs] 
436.989: [GC (Allocation Failure) [PSYoungGen: 71629K->1453K(77824K)] 444231K->374055K(595968K), 0.0017905 secs] [Times: user=0.01 sys=0.00, real=0.01 secs] 
437.482: [GC (Allocation Failure) [PSYoungGen: 77741K->1424K(77312K)] 450343K->374026K(595456K), 0.0021195 secs] [Times: user=0.01 sys=0.01, real=0.00 secs] 
438.150: [GC (Allocation Failure) [PSYoungGen: 77200K->1376K(76800K)] 449802K->373978K(594944K), 0.0021868 secs] [Times: user=0.01 sys=0.00, real=0.01 secs] 
438.811: [GC (Allocation Failure) [PSYoungGen: 76640K->1344K(76288K)] 449242K->373946K(594432K), 0.0022580 secs] [Times: user=0.01 sys=0.00, real=0.00 secs] 
439.442: [GC (Allocation Failure) [PSYoungGen: 76096K->1437K(75776K)] 448698K->374039K(593920K), 0.0020791 secs] [Times: user=0.01 sys=0.00, real=0.00 secs] 
439.609: [GC (Allocation Failure) [PSYoungGen: 75677K->1440K(75264K)] 448279K->374042K(593408K), 0.0017062 secs] [Times: user=0.00 sys=0.00, real=0.00 secs] 
439.737: [GC (Allocation Failure) [PSYoungGen: 75168K->1469K(74752K)] 447770K->374095K(592896K), 0.0016468 secs] [Times: user=0.00 sys=0.00, real=0.00 secs] 
439.866: [GC (Allocation Failure) [PSYoungGen: 74685K->1421K(75264K)] 447311K->374047K(593408K), 0.0016547 secs] [Times: user=0.01 sys=0.00, real=0.00 secs] 
440.758: [GC (Allocation Failure) [PSYoungGen: 74637K->1392K(74240K)] 447263K->374026K(592384K), 0.0023031 secs] [Times: user=0.01 sys=0.00, real=0.00 secs] 
441.565: [GC (Allocation Failure) [PSYoungGen: 74096K->1376K(73728K)] 446730K->374010K(591872K), 0.0024197 secs] [Times: user=0.01 sys=0.00, real=0.00 secs] 
442.442: [GC (Allocation Failure) [PSYoungGen: 73568K->1376K(73216K)] 446202K->374010K(591360K), 0.0025696 secs] [Times: user=0.01 sys=0.00, real=0.00 secs] 
443.169: [GC (Allocation Failure) [PSYoungGen: 73056K->1376K(72704K)] 445690K->374010K(590848K), 0.0030852 secs] [Times: user=0.01 sys=0.00, real=0.01 secs] 
443.629: [GC (Allocation Failure) [PSYoungGen: 72544K->1488K(72192K)] 445178K->374122K(590336K), 0.0020975 secs] [Times: user=0.01 sys=0.00, real=0.01 secs] 
443.766: [GC (Allocation Failure) [PSYoungGen: 72144K->1504K(71680K)] 444778K->374138K(589824K), 0.0017311 secs] [Times: user=0.00 sys=0.00, real=0.00 secs] 
443.889: [GC (Allocation Failure) [PSYoungGen: 71647K->1485K(71168K)] 444282K->374119K(589312K), 0.0017866 secs] [Times: user=0.01 sys=0.00, real=0.01 secs] 
444.091: [GC (Allocation Failure) [PSYoungGen: 71117K->1968K(71168K)] 443751K->374602K(589312K), 0.0019303 secs] [Times: user=0.01 sys=0.00, real=0.01 secs] 
444.412: [GC (Allocation Failure) [PSYoungGen: 71088K->1408K(70144K)] 443722K->374050K(588288K), 0.0019185 secs] [Times: user=0.01 sys=0.00, real=0.00 secs] 
444.697: [GC (Allocation Failure) [PSYoungGen: 70016K->1376K(69632K)] 442658K->374018K(587776K), 0.0019219 secs] [Times: user=0.00 sys=0.00, real=0.00 secs] 
444.980: [GC (Allocation Failure) [PSYoungGen: 69472K->1376K(69120K)] 442114K->374018K(587264K), 0.0020932 secs] [Times: user=0.01 sys=0.00, real=0.01 secs] 
445.304: [GC (Allocation Failure) [PSYoungGen: 68960K->1440K(68608K)] 441602K->374082K(586752K), 0.0018550 secs] [Times: user=0.01 sys=0.00, real=0.00 secs] 
445.485: [GC (Allocation Failure) [PSYoungGen: 68512K->1485K(68096K)] 441154K->374127K(586240K), 0.0017264 secs] [Times: user=0.01 sys=0.00, real=0.00 secs] 
445.602: [GC (Allocation Failure) [PSYoungGen: 68045K->1504K(68608K)] 440687K->374146K(586752K), 0.0017300 secs] [Times: user=0.01 sys=0.00, real=0.00 secs] 
445.737: [GC (Allocation Failure) [PSYoungGen: 68558K->1533K(69120K)] 441200K->374175K(587264K), 0.0017833 secs] [Times: user=0.01 sys=0.00, real=0.00 secs] 
446.151: [GC (Allocation Failure) [PSYoungGen: 68605K->2000K(74752K)] 441247K->375170K(592896K), 0.0021544 secs] [Times: user=0.01 sys=0.00, real=0.00 secs] 
446.930: [GC (Allocation Failure) [PSYoungGen: 74704K->1376K(73728K)] 447874K->374546K(591872K), 0.0030495 secs] [Times: user=0.01 sys=0.00, real=0.01 secs] 
447.935: [GC (Allocation Failure) [PSYoungGen: 73568K->1408K(73216K)] 446738K->374578K(591360K), 0.0046454 secs] [Times: user=0.02 sys=0.00, real=0.00 secs] 
448.709: [GC (Allocation Failure) [PSYoungGen: 73088K->1408K(72704K)] 446258K->374578K(590848K), 0.0029643 secs] [Times: user=0.01 sys=0.00, real=0.01 secs] 
449.304: [GC (Allocation Failure) [PSYoungGen: 72576K->1469K(72192K)] 445746K->374639K(590336K), 0.0025343 secs] [Times: user=0.01 sys=0.00, real=0.00 secs] 
449.493: [GC (Allocation Failure) [PSYoungGen: 72125K->1485K(71680K)] 445295K->374655K(589824K), 0.0016611 secs] [Times: user=0.01 sys=0.00, real=0.00 secs] 
449.615: [GC (Allocation Failure) [PSYoungGen: 71629K->1472K(71168K)] 444799K->374642K(589312K), 0.0015064 secs] [Times: user=0.00 sys=0.00, real=0.00 secs] 
449.738: [GC (Allocation Failure) [PSYoungGen: 71104K->1469K(72192K)] 444274K->374655K(590336K), 0.0016971 secs] [Times: user=0.01 sys=0.00, real=0.00 secs] 
450.089: [GC (Allocation Failure) [PSYoungGen: 71613K->1440K(71168K)] 444799K->374658K(589312K), 0.0018660 secs] [Times: user=0.01 sys=0.00, real=0.00 secs] 
450.611: [GC (Allocation Failure) [PSYoungGen: 71072K->1376K(70656K)] 444290K->374594K(588800K), 0.0019803 secs] [Times: user=0.00 sys=0.01, real=0.00 secs] 
451.140: [GC (Allocation Failure) [PSYoungGen: 70496K->1376K(70144K)] 443714K->374594K(588288K), 0.0019461 secs] [Times: user=0.01 sys=0.00, real=0.01 secs] 
451.540: [GC (Allocation Failure) [PSYoungGen: 69984K->1376K(69632K)] 443202K->374594K(587776K), 0.0020093 secs] [Times: user=0.01 sys=0.00, real=0.01 secs] 
451.797: [GC (Allocation Failure) [PSYoungGen: 69472K->1408K(69120K)] 442690K->374634K(587264K), 0.0015295 secs] [Times: user=0.01 sys=0.00, real=0.00 secs] 
451.916: [GC (Allocation Failure) [PSYoungGen: 68992K->1453K(68608K)] 442218K->374679K(586752K), 0.0015284 secs] [Times: user=0.01 sys=0.00, real=0.00 secs] 
452.035: [GC (Allocation Failure) [PSYoungGen: 68508K->1453K(68096K)] 441735K->374679K(586240K), 0.0015327 secs] [Times: user=0.01 sys=0.00, real=0.00 secs] 
452.152: [GC (Allocation Failure) [PSYoungGen: 68013K->1437K(74240K)] 441239K->374679K(592384K), 0.0016346 secs] [Times: user=0.01 sys=0.00, real=0.00 secs] 
452.722: [GC (Allocation Failure) [PSYoungGen: 73629K->1440K(73216K)] 446871K->374682K(591360K), 0.0026573 secs] [Times: user=0.01 sys=0.00, real=0.00 secs] 
453.623: [GC (Allocation Failure) [PSYoungGen: 73120K->1376K(72704K)] 446362K->374618K(590848K), 0.0024307 secs] [Times: user=0.01 sys=0.01, real=0.00 secs] 
454.509: [GC (Allocation Failure) [PSYoungGen: 72544K->1376K(72192K)] 445786K->374618K(590336K), 0.0023566 secs] [Times: user=0.01 sys=0.00, real=0.01 secs] 
455.227: [GC (Allocation Failure) [PSYoungGen: 72032K->1344K(71680K)] 445274K->374586K(589824K), 0.0034912 secs] [Times: user=0.01 sys=0.00, real=0.00 secs] 
455.738: [GC (Allocation Failure) [PSYoungGen: 71488K->1437K(71168K)] 444730K->374679K(589312K), 0.0020616 secs] [Times: user=0.01 sys=0.00, real=0.00 secs] 
455.935: [GC (Allocation Failure) [PSYoungGen: 71069K->1469K(70656K)] 444311K->374711K(588800K), 0.0020573 secs] [Times: user=0.01 sys=0.00, real=0.00 secs] 
456.080: [GC (Allocation Failure) [PSYoungGen: 70589K->1485K(70144K)] 443831K->374727K(588288K), 0.0015882 secs] [Times: user=0.00 sys=0.00, real=0.01 secs] 
456.200: [GC (Allocation Failure) [PSYoungGen: 70093K->1469K(70656K)] 443335K->374727K(588800K), 0.0016764 secs] [Times: user=0.00 sys=0.00, real=0.01 secs] 
456.923: [GC (Allocation Failure) [PSYoungGen: 70077K->1376K(69632K)] 443335K->374634K(587776K), 0.0032778 secs] [Times: user=0.01 sys=0.00, real=0.00 secs] 
457.820: [GC (Allocation Failure) [PSYoungGen: 69472K->1376K(69120K)] 442730K->374634K(587264K), 0.0043175 secs] [Times: user=0.02 sys=0.00, real=0.01 secs] 
458.615: [GC (Allocation Failure) [PSYoungGen: 68960K->1344K(68608K)] 442218K->374602K(586752K), 0.0026616 secs] [Times: user=0.01 sys=0.01, real=0.00 secs] 
459.560: [GC (Allocation Failure) [PSYoungGen: 68416K->1344K(68096K)] 441674K->374602K(586240K), 0.0030738 secs] [Times: user=0.00 sys=0.00, real=0.01 secs] 
459.975: [GC (Allocation Failure) [PSYoungGen: 67904K->1437K(67584K)] 441162K->374695K(585728K), 0.0019516 secs] [Times: user=0.01 sys=0.00, real=0.00 secs] 
460.101: [GC (Allocation Failure) [PSYoungGen: 67485K->1485K(67072K)] 440743K->374743K(585216K), 0.0016224 secs] [Times: user=0.00 sys=0.00, real=0.00 secs] 
460.217: [GC (Allocation Failure) [PSYoungGen: 67021K->1440K(66560K)] 440279K->374698K(584704K), 0.0016437 secs] [Times: user=0.01 sys=0.00, real=0.00 secs] 
460.347: [GC (Allocation Failure) [PSYoungGen: 66464K->1501K(72704K)] 439722K->374767K(590848K), 0.0018950 secs] [Times: user=0.01 sys=0.00, real=0.00 secs] 
461.201: [GC (Allocation Failure) [PSYoungGen: 72157K->1392K(71680K)] 445423K->374658K(589824K), 0.0023312 secs] [Times: user=0.01 sys=0.00, real=0.01 secs] 
462.069: [GC (Allocation Failure) [PSYoungGen: 71536K->1376K(71168K)] 444802K->374658K(589312K), 0.0035578 secs] [Times: user=0.01 sys=0.00, real=0.01 secs] 
462.945: [GC (Allocation Failure) [PSYoungGen: 71008K->1376K(70656K)] 444290K->374658K(588800K), 0.0019336 secs] [Times: user=0.01 sys=0.00, real=0.00 secs] 
463.761: [GC (Allocation Failure) [PSYoungGen: 70496K->1344K(70144K)] 443778K->374626K(588288K), 0.0020149 secs] [Times: user=0.01 sys=0.00, real=0.00 secs] 
464.028: [GC (Allocation Failure) [PSYoungGen: 69952K->1440K(69632K)] 443234K->374722K(587776K), 0.0016409 secs] [Times: user=0.00 sys=0.00, real=0.00 secs] 
464.147: [GC (Allocation Failure) [PSYoungGen: 69536K->1421K(69120K)] 442818K->374703K(587264K), 0.0017092 secs] [Times: user=0.01 sys=0.00, real=0.00 secs] 
464.267: [GC (Allocation Failure) [PSYoungGen: 69005K->1421K(68608K)] 442287K->374703K(586752K), 0.0016199 secs] [Times: user=0.01 sys=0.00, real=0.00 secs] 
464.385: [GC (Allocation Failure) [PSYoungGen: 68493K->1485K(69632K)] 441775K->374775K(587776K), 0.0016737 secs] [Times: user=0.01 sys=0.00, real=0.00 secs] 
465.043: [GC (Allocation Failure) [PSYoungGen: 69581K->1408K(69120K)] 442871K->374698K(587264K), 0.0022390 secs] [Times: user=0.01 sys=0.00, real=0.00 secs] 
465.652: [GC (Allocation Failure) [PSYoungGen: 68992K->1376K(68608K)] 442282K->374666K(586752K), 0.0029385 secs] [Times: user=0.01 sys=0.00, real=0.00 secs] 
466.235: [GC (Allocation Failure) [PSYoungGen: 68448K->1344K(68096K)] 441738K->374634K(586240K), 0.0032095 secs] [Times: user=0.01 sys=0.00, real=0.00 secs] 
466.835: [GC (Allocation Failure) [PSYoungGen: 67904K->1344K(67584K)] 441194K->374634K(585728K), 0.0027290 secs] [Times: user=0.01 sys=0.00, real=0.00 secs] 
467.146: [GC (Allocation Failure) [PSYoungGen: 67392K->413K(66048K)] 440682K->374727K(584192K), 0.0018889 secs] [Times: user=0.00 sys=0.00, real=0.00 secs] 
467.275: [GC (Allocation Failure) [PSYoungGen: 65949K->429K(67072K)] 440263K->374743K(585216K), 0.0015708 secs] [Times: user=0.00 sys=0.00, real=0.00 secs] 
467.390: [GC (Allocation Failure) [PSYoungGen: 65453K->461K(72704K)] 439767K->374775K(590848K), 0.0014983 secs] [Times: user=0.00 sys=0.00, real=0.01 secs] 
467.533: [GC (Allocation Failure) [PSYoungGen: 71117K->461K(72704K)] 445431K->374783K(590848K), 0.0017939 secs] [Times: user=0.01 sys=0.00, real=0.00 secs] 
468.494: [GC (Allocation Failure) [PSYoungGen: 71117K->1408K(71680K)] 445439K->375730K(589824K), 0.0043756 secs] [Times: user=0.02 sys=0.00, real=0.00 secs] 
469.530: [GC (Allocation Failure) [PSYoungGen: 71552K->1376K(71168K)] 445874K->375698K(589312K), 0.0044544 secs] [Times: user=0.01 sys=0.00, real=0.01 secs] 
470.379: [GC (Allocation Failure) [PSYoungGen: 71008K->1344K(70656K)] 445330K->375666K(588800K), 0.0029996 secs] [Times: user=0.01 sys=0.00, real=0.01 secs] 
470.864: [GC (Allocation Failure) [PSYoungGen: 70464K->1376K(70144K)] 444786K->375698K(588288K), 0.0024624 secs] [Times: user=0.01 sys=0.00, real=0.00 secs] 
471.113: [GC (Allocation Failure) [PSYoungGen: 69984K->1469K(69632K)] 444306K->375791K(587776K), 0.0016399 secs] [Times: user=0.01 sys=0.00, real=0.00 secs] 
471.233: [GC (Allocation Failure) [PSYoungGen: 69565K->1456K(69120K)] 443887K->375794K(587264K), 0.0016783 secs] [Times: user=0.01 sys=0.00, real=0.00 secs] 
471.354: [GC (Allocation Failure) [PSYoungGen: 69040K->1421K(74752K)] 443378K->375759K(592896K), 0.0015612 secs] [Times: user=0.01 sys=0.00, real=0.00 secs] 
471.578: [GC (Allocation Failure) [PSYoungGen: 74637K->1936K(75264K)] 448975K->376274K(593408K), 0.0019836 secs] [Times: user=0.01 sys=0.00, real=0.00 secs] 
472.257: [GC (Allocation Failure) [PSYoungGen: 75152K->1376K(74240K)] 449490K->375714K(592384K), 0.0024595 secs] [Times: user=0.01 sys=0.00, real=0.00 secs] 
472.966: [GC (Allocation Failure) [PSYoungGen: 74080K->1376K(73728K)] 448418K->375714K(591872K), 0.0034108 secs] [Times: user=0.01 sys=0.00, real=0.00 secs] 
473.567: [GC (Allocation Failure) [PSYoungGen: 73568K->1376K(73216K)] 447906K->375714K(591360K), 0.0027204 secs] [Times: user=0.01 sys=0.00, real=0.00 secs] 
474.072: [GC (Allocation Failure) [PSYoungGen: 73056K->1469K(72704K)] 447394K->375807K(590848K), 0.0023248 secs] [Times: user=0.01 sys=0.00, real=0.00 secs] 
474.238: [GC (Allocation Failure) [PSYoungGen: 72637K->1501K(72192K)] 446975K->375839K(590336K), 0.0016680 secs] [Times: user=0.01 sys=0.00, real=0.00 secs] 
474.363: [GC (Allocation Failure) [PSYoungGen: 72157K->1421K(71680K)] 446495K->375759K(589824K), 0.0017260 secs] [Times: user=0.01 sys=0.00, real=0.00 secs] 
474.486: [GC (Allocation Failure) [PSYoungGen: 71565K->1485K(77312K)] 445903K->375823K(595456K), 0.0016042 secs] [Times: user=0.00 sys=0.00, real=0.00 secs] 
474.783: [GC (Allocation Failure) [PSYoungGen: 77261K->1424K(76800K)] 451599K->375762K(594944K), 0.0018987 secs] [Times: user=0.01 sys=0.00, real=0.00 secs] 
475.181: [GC (Allocation Failure) [PSYoungGen: 76688K->1376K(76288K)] 451026K->375714K(594432K), 0.0017976 secs] [Times: user=0.01 sys=0.00, real=0.01 secs] 
475.492: [GC (Allocation Failure) [PSYoungGen: 76128K->1408K(75776K)] 450466K->375746K(593920K), 0.0022868 secs] [Times: user=0.00 sys=0.00, real=0.00 secs] 
475.801: [GC (Allocation Failure) [PSYoungGen: 75648K->1344K(75264K)] 449986K->375682K(593408K), 0.0019579 secs] [Times: user=0.00 sys=0.00, real=0.00 secs] 
475.986: [GC (Allocation Failure) [PSYoungGen: 75072K->1440K(74752K)] 449410K->375778K(592896K), 0.0016749 secs] [Times: user=0.00 sys=0.00, real=0.00 secs] 
476.114: [GC (Allocation Failure) [PSYoungGen: 74656K->1453K(74240K)] 448994K->375791K(592384K), 0.0015733 secs] [Times: user=0.01 sys=0.00, real=0.00 secs] 
476.242: [GC (Allocation Failure) [PSYoungGen: 74157K->1440K(74752K)] 448495K->375778K(592896K), 0.0016416 secs] [Times: user=0.01 sys=0.00, real=0.00 secs] 
476.558: [GC (Allocation Failure) [PSYoungGen: 74144K->1408K(73728K)] 448482K->375746K(591872K), 0.0019702 secs] [Times: user=0.01 sys=0.00, real=0.00 secs] 
477.206: [GC (Allocation Failure) [PSYoungGen: 73600K->1376K(73216K)] 447938K->375714K(591360K), 0.0021843 secs] [Times: user=0.01 sys=0.01, real=0.00 secs] 
477.816: [GC (Allocation Failure) [PSYoungGen: 73056K->1344K(72704K)] 447394K->375682K(590848K), 0.0022374 secs] [Times: user=0.01 sys=0.00, real=0.00 secs] 
478.107: [GC (Allocation Failure) [PSYoungGen: 72512K->1360K(72192K)] 446850K->375698K(590336K), 0.0019874 secs] [Times: user=0.01 sys=0.00, real=0.00 secs] 
478.366: [GC (Allocation Failure) [PSYoungGen: 72016K->1440K(71680K)] 446354K->375778K(589824K), 0.0015831 secs] [Times: user=0.01 sys=0.00, real=0.00 secs] 
478.490: [GC (Allocation Failure) [PSYoungGen: 71584K->1456K(71168K)] 445922K->375794K(589312K), 0.0017473 secs] [Times: user=0.00 sys=0.00, real=0.01 secs] 
478.614: [GC (Allocation Failure) [PSYoungGen: 71088K->1408K(77312K)] 445426K->375770K(595456K), 0.0016548 secs] [Times: user=0.00 sys=0.01, real=0.00 secs] 
478.748: [GC (Allocation Failure) [PSYoungGen: 77184K->1440K(77824K)] 451546K->375802K(595968K), 0.0016814 secs] [Times: user=0.01 sys=0.00, real=0.00 secs] 
479.266: [GC (Allocation Failure) [PSYoungGen: 77216K->1408K(76800K)] 451578K->375778K(594944K), 0.0023853 secs] [Times: user=0.00 sys=0.00, real=0.00 secs] 
479.859: [GC (Allocation Failure) [PSYoungGen: 76672K->1344K(76288K)] 451042K->375714K(594432K), 0.0043052 secs] [Times: user=0.02 sys=0.00, real=0.01 secs] 
480.535: [GC (Allocation Failure) [PSYoungGen: 76096K->1408K(75776K)] 450466K->375778K(593920K), 0.0027047 secs] [Times: user=0.01 sys=0.00, real=0.00 secs] 
481.142: [GC (Allocation Failure) [PSYoungGen: 75648K->1437K(75264K)] 450018K->375807K(593408K), 0.0025847 secs] [Times: user=0.01 sys=0.00, real=0.00 secs] 
481.337: [GC (Allocation Failure) [PSYoungGen: 75165K->1453K(74752K)] 449535K->375823K(592896K), 0.0014921 secs] [Times: user=0.01 sys=0.00, real=0.00 secs] 
481.464: [GC (Allocation Failure) [PSYoungGen: 74669K->1392K(74240K)] 449039K->375762K(592384K), 0.0015307 secs] [Times: user=0.01 sys=0.00, real=0.00 secs] 
481.592: [GC (Allocation Failure) [PSYoungGen: 74096K->1485K(80384K)] 448466K->375855K(598528K), 0.0016363 secs] [Times: user=0.01 sys=0.00, real=0.00 secs] 
482.148: [GC (Allocation Failure) [PSYoungGen: 80333K->1408K(79872K)] 454703K->375786K(598016K), 0.0019146 secs] [Times: user=0.01 sys=0.00, real=0.00 secs] 
482.884: [GC (Allocation Failure) [PSYoungGen: 79744K->1328K(79360K)] 454122K->375706K(597504K), 0.0036414 secs] [Times: user=0.02 sys=0.00, real=0.00 secs] 
483.566: [GC (Allocation Failure) [PSYoungGen: 79152K->1344K(78848K)] 453530K->375722K(596992K), 0.0025650 secs] [Times: user=0.01 sys=0.00, real=0.00 secs] 
484.185: [GC (Allocation Failure) [PSYoungGen: 78656K->1376K(78336K)] 453034K->375754K(596480K), 0.0022588 secs] [Times: user=0.01 sys=0.00, real=0.00 secs] 
484.418: [GC (Allocation Failure) [PSYoungGen: 78176K->1453K(77824K)] 452554K->375831K(595968K), 0.0015364 secs] [Times: user=0.00 sys=0.00, real=0.00 secs] 
484.552: [GC (Allocation Failure) [PSYoungGen: 77741K->448K(76288K)] 452119K->375850K(594432K), 0.0017222 secs] [Times: user=0.01 sys=0.00, real=0.00 secs] 
484.684: [GC (Allocation Failure) [PSYoungGen: 76224K->461K(77312K)] 451626K->375863K(595456K), 0.0015042 secs] [Times: user=0.01 sys=0.00, real=0.00 secs] 
485.135: [GC (Allocation Failure) [PSYoungGen: 75725K->1408K(76288K)] 451127K->376810K(594432K), 0.0019244 secs] [Times: user=0.01 sys=0.00, real=0.00 secs] 
485.793: [GC (Allocation Failure) [PSYoungGen: 76160K->1344K(75776K)] 451562K->376754K(593920K), 0.0032134 secs] [Times: user=0.01 sys=0.00, real=0.00 secs] 
486.107: [GC (Allocation Failure) [PSYoungGen: 75584K->1376K(75264K)] 450994K->376786K(593408K), 0.0020689 secs] [Times: user=0.01 sys=0.00, real=0.00 secs] 
486.551: [GC (Allocation Failure) [PSYoungGen: 75104K->1376K(74752K)] 450514K->376786K(592896K), 0.0020353 secs] [Times: user=0.01 sys=0.00, real=0.01 secs] 
486.890: [GC (Allocation Failure) [PSYoungGen: 74592K->1440K(74240K)] 450002K->376850K(592384K), 0.0015530 secs] [Times: user=0.01 sys=0.00, real=0.01 secs] 
487.018: [GC (Allocation Failure) [PSYoungGen: 74144K->1501K(73728K)] 449554K->376911K(591872K), 0.0017729 secs] [Times: user=0.01 sys=0.01, real=0.00 secs] 
487.144: [GC (Allocation Failure) [PSYoungGen: 73693K->1501K(73216K)] 449103K->376911K(591360K), 0.0016147 secs] [Times: user=0.00 sys=0.00, real=0.00 secs] 
487.319: [GC (Allocation Failure) [PSYoungGen: 73181K->1920K(74240K)] 448591K->377330K(592384K), 0.0017793 secs] [Times: user=0.01 sys=0.00, real=0.01 secs] 
487.615: [GC (Allocation Failure) [PSYoungGen: 74112K->1376K(73216K)] 449522K->376802K(591360K), 0.0018204 secs] [Times: user=0.01 sys=0.00, real=0.00 secs] 
487.913: [GC (Allocation Failure) [PSYoungGen: 73056K->1376K(72704K)] 448482K->376802K(590848K), 0.0020549 secs] [Times: user=0.00 sys=0.00, real=0.00 secs] 
488.208: [GC (Allocation Failure) [PSYoungGen: 72544K->1344K(72192K)] 447970K->376770K(590336K), 0.0016722 secs] [Times: user=0.00 sys=0.00, real=0.00 secs] 
488.500: [GC (Allocation Failure) [PSYoungGen: 72000K->1405K(71680K)] 447426K->376831K(589824K), 0.0018970 secs] [Times: user=0.00 sys=0.00, real=0.01 secs] 
488.627: [GC (Allocation Failure) [PSYoungGen: 71549K->1472K(71168K)] 446975K->376914K(589312K), 0.0016059 secs] [Times: user=0.01 sys=0.00, real=0.00 secs] 
488.749: [GC (Allocation Failure) [PSYoungGen: 71104K->1469K(76800K)] 446546K->376911K(594944K), 0.0015854 secs] [Times: user=0.01 sys=0.00, real=0.00 secs] 
488.881: [GC (Allocation Failure) [PSYoungGen: 76221K->1440K(77824K)] 451663K->376882K(595968K), 0.0016731 secs] [Times: user=0.01 sys=0.00, real=0.00 secs] 
489.700: [GC (Allocation Failure) [PSYoungGen: 77216K->1392K(76800K)] 452658K->376834K(594944K), 0.0018767 secs] [Times: user=0.01 sys=0.00, real=0.01 secs] 
490.797: [GC (Allocation Failure) [PSYoungGen: 76656K->1360K(76288K)] 452098K->376802K(594432K), 0.0027209 secs] [Times: user=0.01 sys=0.00, real=0.00 secs] 
491.747: [GC (Allocation Failure) [PSYoungGen: 76112K->1344K(75776K)] 451554K->376786K(593920K), 0.0020361 secs] [Times: user=0.01 sys=0.00, real=0.00 secs] 
492.409: [GC (Allocation Failure) [PSYoungGen: 75584K->1376K(75264K)] 451026K->376818K(593408K), 0.0024768 secs] [Times: user=0.01 sys=0.00, real=0.01 secs] 
492.779: [GC (Allocation Failure) [PSYoungGen: 75104K->1469K(74752K)] 450546K->376911K(592896K), 0.0019291 secs] [Times: user=0.01 sys=0.00, real=0.01 secs] 
492.911: [GC (Allocation Failure) [PSYoungGen: 74685K->1440K(74240K)] 450127K->376882K(592384K), 0.0016803 secs] [Times: user=0.01 sys=0.00, real=0.01 secs] 
493.039: [GC (Allocation Failure) [PSYoungGen: 74144K->1421K(73728K)] 449586K->376863K(591872K), 0.0015730 secs] [Times: user=0.00 sys=0.00, real=0.00 secs] 
493.238: [GC (Allocation Failure) [PSYoungGen: 73613K->1408K(73216K)] 449055K->376850K(591360K), 0.0016240 secs] [Times: user=0.01 sys=0.00, real=0.00 secs] 
493.535: [GC (Allocation Failure) [PSYoungGen: 73088K->1408K(72704K)] 448530K->376850K(590848K), 0.0017334 secs] [Times: user=0.00 sys=0.00, real=0.00 secs] 
494.112: [GC (Allocation Failure) [PSYoungGen: 72576K->1344K(72192K)] 448018K->376794K(590336K), 0.0018515 secs] [Times: user=0.01 sys=0.00, real=0.00 secs] 
494.884: [GC (Allocation Failure) [PSYoungGen: 72000K->1344K(71680K)] 447450K->376794K(589824K), 0.0020219 secs] [Times: user=0.01 sys=0.00, real=0.00 secs] 
495.564: [GC (Allocation Failure) [PSYoungGen: 71488K->1440K(71168K)] 446938K->376890K(589312K), 0.0022645 secs] [Times: user=0.01 sys=0.00, real=0.00 secs] 
495.722: [GC (Allocation Failure) [PSYoungGen: 71072K->1421K(70656K)] 446522K->376871K(588800K), 0.0016392 secs] [Times: user=0.01 sys=0.00, real=0.00 secs] 
495.843: [GC (Allocation Failure) [PSYoungGen: 70541K->1440K(70144K)] 445991K->376890K(588288K), 0.0017163 secs] [Times: user=0.01 sys=0.00, real=0.00 secs] 
495.964: [GC (Allocation Failure) [PSYoungGen: 70020K->1453K(70656K)] 445470K->376903K(588800K), 0.0016532 secs] [Times: user=0.01 sys=0.00, real=0.00 secs] 
496.177: [GC (Allocation Failure) [PSYoungGen: 70061K->1488K(76288K)] 445511K->376946K(594432K), 0.0016697 secs] [Times: user=0.00 sys=0.00, real=0.00 secs] 
496.485: [GC (Allocation Failure) [PSYoungGen: 75728K->1376K(75264K)] 451186K->376834K(593408K), 0.0018647 secs] [Times: user=0.01 sys=0.00, real=0.00 secs] 
497.040: [GC (Allocation Failure) [PSYoungGen: 75104K->1376K(74752K)] 450562K->376834K(592896K), 0.0018259 secs] [Times: user=0.01 sys=0.00, real=0.01 secs] 
497.769: [GC (Allocation Failure) [PSYoungGen: 74592K->1344K(74240K)] 450050K->376802K(592384K), 0.0030708 secs] [Times: user=0.01 sys=0.00, real=0.01 secs] 
498.218: [GC (Allocation Failure) [PSYoungGen: 74048K->1485K(73728K)] 449506K->376943K(591872K), 0.0019465 secs] [Times: user=0.01 sys=0.00, real=0.00 secs] 
498.350: [GC (Allocation Failure) [PSYoungGen: 73677K->1453K(73216K)] 449135K->376911K(591360K), 0.0016758 secs] [Times: user=0.01 sys=0.00, real=0.01 secs] 
498.475: [GC (Allocation Failure) [PSYoungGen: 73133K->1472K(72704K)] 448591K->376930K(590848K), 0.0016265 secs] [Times: user=0.01 sys=0.00, real=0.00 secs] 
498.649: [GC (Allocation Failure) [PSYoungGen: 72640K->1920K(73216K)] 448098K->377890K(591360K), 0.0019660 secs] [Times: user=0.00 sys=0.00, real=0.01 secs] 
498.941: [GC (Allocation Failure) [PSYoungGen: 73088K->1328K(72192K)] 449058K->377298K(590336K), 0.0019073 secs] [Times: user=0.01 sys=0.00, real=0.00 secs] 
499.235: [GC (Allocation Failure) [PSYoungGen: 71984K->1344K(71680K)] 447954K->377314K(589824K), 0.0020305 secs] [Times: user=0.01 sys=0.00, real=0.00 secs] 
499.527: [GC (Allocation Failure) [PSYoungGen: 71488K->1312K(71168K)] 447458K->377290K(589312K), 0.0018166 secs] [Times: user=0.01 sys=0.00, real=0.00 secs] 
499.827: [GC (Allocation Failure) [PSYoungGen: 70944K->1469K(70656K)] 446922K->377447K(588800K), 0.0019259 secs] [Times: user=0.01 sys=0.01, real=0.00 secs] 
499.951: [GC (Allocation Failure) [PSYoungGen: 70589K->1472K(70144K)] 446567K->377450K(588288K), 0.0016263 secs] [Times: user=0.01 sys=0.00, real=0.00 secs] 
500.071: [GC (Allocation Failure) [PSYoungGen: 70080K->1440K(76800K)] 446058K->377418K(594944K), 0.0016053 secs] [Times: user=0.01 sys=0.00, real=0.00 secs] 
500.202: [GC (Allocation Failure) [PSYoungGen: 76192K->1472K(76800K)] 452170K->377450K(594944K), 0.0017285 secs] [Times: user=0.01 sys=0.00, real=0.00 secs] 
500.785: [GC (Allocation Failure) [PSYoungGen: 76224K->1392K(75776K)] 452202K->377378K(593920K), 0.0022738 secs] [Times: user=0.01 sys=0.00, real=0.00 secs] 
501.385: [GC (Allocation Failure) [PSYoungGen: 75632K->1408K(75264K)] 451618K->377394K(593408K), 0.0023207 secs] [Times: user=0.01 sys=0.00, real=0.00 secs] 
501.887: [GC (Allocation Failure) [PSYoungGen: 75136K->1344K(74752K)] 451122K->377330K(592896K), 0.0020314 secs] [Times: user=0.01 sys=0.00, real=0.00 secs] 
502.313: [GC (Allocation Failure) [PSYoungGen: 74560K->1376K(74240K)] 450546K->377362K(592384K), 0.0018175 secs] [Times: user=0.00 sys=0.00, real=0.00 secs] 
502.646: [GC (Allocation Failure) [PSYoungGen: 74080K->1437K(73728K)] 450066K->377423K(591872K), 0.0020951 secs] [Times: user=0.00 sys=0.00, real=0.00 secs] 
502.855: [GC (Allocation Failure) [PSYoungGen: 73629K->1389K(73216K)] 449615K->377375K(591360K), 0.0023237 secs] [Times: user=0.01 sys=0.00, real=0.00 secs] 
503.059: [GC (Allocation Failure) [PSYoungGen: 73069K->1469K(72704K)] 449055K->377455K(590848K), 0.0023216 secs] [Times: user=0.01 sys=0.00, real=0.01 secs] 
503.283: [GC (Allocation Failure) [PSYoungGen: 72637K->1680K(72704K)] 448623K->377674K(590848K), 0.0017884 secs] [Times: user=0.01 sys=0.00, real=0.00 secs] 
503.992: [GC (Allocation Failure) [PSYoungGen: 72336K->1376K(71680K)] 448330K->377370K(589824K), 0.0029084 secs] [Times: user=0.01 sys=0.00, real=0.00 secs] 
504.335: [GC (Allocation Failure) [PSYoungGen: 71520K->1344K(71168K)] 447514K->377338K(589312K), 0.0019305 secs] [Times: user=0.01 sys=0.00, real=0.00 secs] 
504.687: [GC (Allocation Failure) [PSYoungGen: 70976K->1344K(70656K)] 446970K->377338K(588800K), 0.0020552 secs] [Times: user=0.01 sys=0.00, real=0.00 secs] 
505.108: [GC (Allocation Failure) [PSYoungGen: 70464K->1405K(70144K)] 446458K->377399K(588288K), 0.0019444 secs] [Times: user=0.01 sys=0.00, real=0.00 secs] 
505.242: [GC (Allocation Failure) [PSYoungGen: 70013K->1421K(69632K)] 446007K->377415K(587776K), 0.0016963 secs] [Times: user=0.00 sys=0.00, real=0.00 secs] 
505.361: [GC (Allocation Failure) [PSYoungGen: 69517K->1485K(70144K)] 445511K->377479K(588288K), 0.0016494 secs] [Times: user=0.01 sys=0.00, real=0.00 secs] 
505.481: [GC (Allocation Failure) [PSYoungGen: 70093K->1469K(70656K)] 446087K->377463K(588800K), 0.0016040 secs] [Times: user=0.00 sys=0.00, real=0.00 secs] 
505.975: [GC (Allocation Failure) [PSYoungGen: 70077K->1440K(69632K)] 446071K->378458K(587776K), 0.0027027 secs] [Times: user=0.01 sys=0.00, real=0.00 secs] 
507.601: [GC (Allocation Failure) [PSYoungGen: 69536K->352K(68096K)] 446554K->377370K(586240K), 0.0043749 secs] [Times: user=0.01 sys=0.00, real=0.01 secs] 
508.206: [GC (Allocation Failure) [PSYoungGen: 67936K->320K(67584K)] 444954K->377338K(585728K), 0.0025914 secs] [Times: user=0.01 sys=0.00, real=0.00 secs] 
508.772: [GC (Allocation Failure) [PSYoungGen: 67392K->320K(68608K)] 444410K->377338K(586752K), 0.0021789 secs] [Times: user=0.01 sys=0.00, real=0.00 secs] 
509.557: [GC (Allocation Failure) [PSYoungGen: 66880K->1456K(67584K)] 443898K->378474K(585728K), 0.0048274 secs] [Times: user=0.02 sys=0.00, real=0.01 secs] 
509.786: [GC (Allocation Failure) [PSYoungGen: 67504K->1437K(67072K)] 444522K->378455K(585216K), 0.0021421 secs] [Times: user=0.01 sys=0.00, real=0.00 secs] 
509.963: [GC (Allocation Failure) [PSYoungGen: 66973K->1469K(66560K)] 443991K->378487K(584704K), 0.0021363 secs] [Times: user=0.01 sys=0.00, real=0.00 secs] 
510.112: [GC (Allocation Failure) [PSYoungGen: 66493K->1453K(66048K)] 443511K->378479K(584192K), 0.0017392 secs] [Times: user=0.00 sys=0.00, real=0.00 secs] 
510.323: [GC (Allocation Failure) [PSYoungGen: 65965K->1440K(65536K)] 442991K->378722K(583680K), 0.0018108 secs] [Times: user=0.00 sys=0.00, real=0.00 secs] 
511.293: [GC (Allocation Failure) [PSYoungGen: 65440K->1376K(65024K)] 442722K->378674K(583168K), 0.0046135 secs] [Times: user=0.02 sys=0.00, real=0.00 secs] 
511.897: [GC (Allocation Failure) [PSYoungGen: 64864K->1440K(64512K)] 442162K->378738K(582656K), 0.0020841 secs] [Times: user=0.01 sys=0.00, real=0.00 secs] 
512.509: [GC (Allocation Failure) [PSYoungGen: 64416K->1344K(64000K)] 441714K->378642K(582144K), 0.0021954 secs] [Times: user=0.00 sys=0.00, real=0.01 secs] 
513.379: [GC (Allocation Failure) [PSYoungGen: 63808K->1360K(63488K)] 441106K->378658K(581632K), 0.0029765 secs] [Times: user=0.01 sys=0.00, real=0.01 secs] 
513.835: [GC (Allocation Failure) [PSYoungGen: 63312K->1469K(62976K)] 440610K->378767K(581120K), 0.0019532 secs] [Times: user=0.01 sys=0.00, real=0.00 secs] 
513.966: [GC (Allocation Failure) [PSYoungGen: 62909K->1437K(62464K)] 440207K->378735K(580608K), 0.0015862 secs] [Times: user=0.01 sys=0.00, real=0.00 secs] 
514.089: [GC (Allocation Failure) [PSYoungGen: 62365K->1437K(61952K)] 439663K->378743K(580096K), 0.0018168 secs] [Times: user=0.01 sys=0.00, real=0.01 secs] 
514.224: [GC (Allocation Failure) [PSYoungGen: 61853K->1469K(67072K)] 439159K->378775K(585216K), 0.0017450 secs] [Times: user=0.01 sys=0.00, real=0.00 secs] 
514.471: [GC (Allocation Failure) [PSYoungGen: 67005K->1424K(67584K)] 444311K->378730K(585728K), 0.0022040 secs] [Times: user=0.01 sys=0.00, real=0.00 secs] 
514.744: [GC (Allocation Failure) [PSYoungGen: 66960K->1408K(66560K)] 444266K->378714K(584704K), 0.0020124 secs] [Times: user=0.01 sys=0.00, real=0.00 secs] 
515.049: [GC (Allocation Failure) [PSYoungGen: 66432K->1376K(66048K)] 443738K->378682K(584192K), 0.0022712 secs] [Times: user=0.01 sys=0.00, real=0.01 secs] 
515.317: [GC (Allocation Failure) [PSYoungGen: 65888K->1376K(71680K)] 443194K->378682K(589824K), 0.0034071 secs] [Times: user=0.02 sys=0.00, real=0.00 secs] 
515.693: [GC (Allocation Failure) [PSYoungGen: 71520K->1408K(71168K)] 448826K->378714K(589312K), 0.0015444 secs] [Times: user=0.00 sys=0.00, real=0.00 secs] 
515.817: [GC (Allocation Failure) [PSYoungGen: 71040K->1472K(71680K)] 448346K->378778K(589824K), 0.0016598 secs] [Times: user=0.00 sys=0.00, real=0.00 secs] 
515.939: [GC (Allocation Failure) [PSYoungGen: 71104K->1485K(71680K)] 448410K->378799K(589824K), 0.0016016 secs] [Times: user=0.01 sys=0.00, real=0.00 secs] 
516.061: [GC (Allocation Failure) [PSYoungGen: 71117K->1520K(77824K)] 448431K->378834K(595968K), 0.0019491 secs] [Times: user=0.00 sys=0.00, real=0.00 secs] 
516.348: [GC (Allocation Failure) [PSYoungGen: 77296K->1408K(77824K)] 454610K->378730K(595968K), 0.0019195 secs] [Times: user=0.00 sys=0.00, real=0.00 secs] 
516.676: [GC (Allocation Failure) [PSYoungGen: 77184K->1344K(83456K)] 454506K->378674K(601600K), 0.0020744 secs] [Times: user=0.01 sys=0.00, real=0.00 secs] 
517.071: [GC (Allocation Failure) [PSYoungGen: 83264K->1376K(82944K)] 460594K->378706K(601088K), 0.0020091 secs] [Times: user=0.01 sys=0.00, real=0.00 secs] 
517.460: [GC (Allocation Failure) [PSYoungGen: 82784K->1328K(82432K)] 460114K->378658K(600576K), 0.0019704 secs] [Times: user=0.00 sys=0.00, real=0.01 secs] 
518.021: [GC (Allocation Failure) [PSYoungGen: 82224K->1485K(81920K)] 459554K->378815K(600064K), 0.0017583 secs] [Times: user=0.01 sys=0.01, real=0.00 secs] 
518.161: [GC (Allocation Failure) [PSYoungGen: 81869K->1453K(81408K)] 459199K->378783K(599552K), 0.0017822 secs] [Times: user=0.01 sys=0.00, real=0.00 secs] 
518.327: [GC (Allocation Failure) [PSYoungGen: 81325K->1485K(81920K)] 458655K->378815K(600064K), 0.0022298 secs] [Times: user=0.01 sys=0.00, real=0.00 secs] 
518.734: [GC (Allocation Failure) [PSYoungGen: 81357K->1408K(80896K)] 458687K->378754K(599040K), 0.0022713 secs] [Times: user=0.01 sys=0.00, real=0.00 secs] 
519.071: [GC (Allocation Failure) [PSYoungGen: 80768K->1376K(80384K)] 458114K->378722K(598528K), 0.0022903 secs] [Times: user=0.01 sys=0.00, real=0.00 secs] 
519.753: [GC (Allocation Failure) [PSYoungGen: 80224K->1312K(79872K)] 457570K->378658K(598016K), 0.0018484 secs] [Times: user=0.01 sys=0.00, real=0.00 secs] 
520.655: [GC (Allocation Failure) [PSYoungGen: 79648K->1437K(79360K)] 456994K->378783K(597504K), 0.0022276 secs] [Times: user=0.01 sys=0.00, real=0.00 secs] 
520.823: [GC (Allocation Failure) [PSYoungGen: 79261K->1421K(78848K)] 456607K->378767K(596992K), 0.0017183 secs] [Times: user=0.00 sys=0.00, real=0.00 secs] 
520.960: [GC (Allocation Failure) [PSYoungGen: 78733K->1469K(78336K)] 456079K->378815K(596480K), 0.0016743 secs] [Times: user=0.01 sys=0.00, real=0.01 secs] 
521.118: [GC (Allocation Failure) [PSYoungGen: 78269K->1501K(77824K)] 455615K->378847K(595968K), 0.0017917 secs] [Times: user=0.01 sys=0.00, real=0.00 secs] 
522.009: [GC (Allocation Failure) [PSYoungGen: 77789K->1408K(77312K)] 455135K->378754K(595456K), 0.0044604 secs] [Times: user=0.02 sys=0.00, real=0.01 secs] 
523.216: [GC (Allocation Failure) [PSYoungGen: 77184K->1344K(76800K)] 454530K->378698K(594944K), 0.0040016 secs] [Times: user=0.02 sys=0.00, real=0.00 secs] 
524.257: [GC (Allocation Failure) [PSYoungGen: 76608K->1344K(76288K)] 453962K->378706K(594432K), 0.0041989 secs] [Times: user=0.01 sys=0.00, real=0.01 secs] 
524.876: [GC (Allocation Failure) [PSYoungGen: 76096K->1469K(75776K)] 453458K->378831K(593920K), 0.0019880 secs] [Times: user=0.01 sys=0.00, real=0.00 secs] 
525.054: [GC (Allocation Failure) [PSYoungGen: 75709K->1453K(75264K)] 453071K->378815K(593408K), 0.0016839 secs] [Times: user=0.00 sys=0.00, real=0.00 secs] 
525.183: [GC (Allocation Failure) [PSYoungGen: 75181K->1472K(74752K)] 452543K->378834K(592896K), 0.0015925 secs] [Times: user=0.00 sys=0.00, real=0.00 secs] 
525.311: [GC (Allocation Failure) [PSYoungGen: 74688K->1453K(74240K)] 452050K->378815K(592384K), 0.0016566 secs] [Times: user=0.01 sys=0.00, real=0.00 secs] 
526.200: [GC (Allocation Failure) [PSYoungGen: 74157K->1440K(73728K)] 451519K->378802K(591872K), 0.0022435 secs] [Times: user=0.01 sys=0.00, real=0.01 secs] 
527.295: [GC (Allocation Failure) [PSYoungGen: 73632K->1408K(73216K)] 450994K->378778K(591360K), 0.0037109 secs] [Times: user=0.02 sys=0.00, real=0.00 secs] 
527.920: [GC (Allocation Failure) [PSYoungGen: 73088K->1408K(72704K)] 450458K->378778K(590848K), 0.0019760 secs] [Times: user=0.01 sys=0.00, real=0.01 secs] 
528.508: [GC (Allocation Failure) [PSYoungGen: 72576K->1328K(72192K)] 449946K->378698K(590336K), 0.0027474 secs] [Times: user=0.01 sys=0.00, real=0.01 secs] 
528.897: [GC (Allocation Failure) [PSYoungGen: 71984K->1501K(71680K)] 449354K->378871K(589824K), 0.0015408 secs] [Times: user=0.01 sys=0.00, real=0.00 secs] 
529.019: [GC (Allocation Failure) [PSYoungGen: 71645K->1472K(71168K)] 449015K->378842K(589312K), 0.0016204 secs] [Times: user=0.01 sys=0.00, real=0.00 secs] 
529.141: [GC (Allocation Failure) [PSYoungGen: 71104K->1517K(70656K)] 448474K->378887K(588800K), 0.0014270 secs] [Times: user=0.01 sys=0.00, real=0.01 secs] 
529.262: [GC (Allocation Failure) [PSYoungGen: 70637K->1485K(76288K)] 448007K->378855K(594432K), 0.0017020 secs] [Times: user=0.01 sys=0.00, real=0.00 secs] 
529.970: [GC (Allocation Failure) [PSYoungGen: 76237K->1424K(75776K)] 453607K->378794K(593920K), 0.0019303 secs] [Times: user=0.01 sys=0.00, real=0.01 secs] 
530.633: [GC (Allocation Failure) [PSYoungGen: 75664K->1376K(75264K)] 453034K->378746K(593408K), 0.0033772 secs] [Times: user=0.02 sys=0.00, real=0.00 secs] 
531.246: [GC (Allocation Failure) [PSYoungGen: 75104K->1376K(74752K)] 452474K->378770K(592896K), 0.0020843 secs] [Times: user=0.01 sys=0.00, real=0.00 secs] 
531.832: [GC (Allocation Failure) [PSYoungGen: 74592K->1469K(74240K)] 451986K->378863K(592384K), 0.0020228 secs] [Times: user=0.01 sys=0.00, real=0.00 secs] 
531.984: [GC (Allocation Failure) [PSYoungGen: 74173K->1472K(73728K)] 451567K->378866K(591872K), 0.0016144 secs] [Times: user=0.00 sys=0.00, real=0.00 secs] 
532.110: [GC (Allocation Failure) [PSYoungGen: 73664K->1440K(73216K)] 451058K->378834K(591360K), 0.0017499 secs] [Times: user=0.01 sys=0.00, real=0.01 secs] 
532.235: [GC (Allocation Failure) [PSYoungGen: 73120K->1453K(73728K)] 450514K->378847K(591872K), 0.0016546 secs] [Times: user=0.01 sys=0.00, real=0.00 secs] 
532.987: [GC (Allocation Failure) [PSYoungGen: 73645K->1424K(73216K)] 451039K->378850K(591360K), 0.0023733 secs] [Times: user=0.01 sys=0.00, real=0.00 secs] 
533.859: [GC (Allocation Failure) [PSYoungGen: 73104K->1344K(72704K)] 450530K->378770K(590848K), 0.0024704 secs] [Times: user=0.01 sys=0.00, real=0.01 secs] 
534.529: [GC (Allocation Failure) [PSYoungGen: 72512K->1344K(72192K)] 449938K->378770K(590336K), 0.0032745 secs] [Times: user=0.01 sys=0.00, real=0.01 secs] 
535.173: [GC (Allocation Failure) [PSYoungGen: 72000K->1376K(71680K)] 449426K->378802K(589824K), 0.0027490 secs] [Times: user=0.01 sys=0.00, real=0.00 secs] 
535.613: [GC (Allocation Failure) [PSYoungGen: 71520K->1437K(71168K)] 448946K->378863K(589312K), 0.0020682 secs] [Times: user=0.01 sys=0.00, real=0.00 secs] 
535.753: [GC (Allocation Failure) [PSYoungGen: 71069K->1472K(70656K)] 448495K->378898K(588800K), 0.0017421 secs] [Times: user=0.01 sys=0.00, real=0.00 secs] 
535.875: [GC (Allocation Failure) [PSYoungGen: 70592K->1472K(70144K)] 448018K->378898K(588288K), 0.0016907 secs] [Times: user=0.01 sys=0.00, real=0.00 secs] 
535.995: [GC (Allocation Failure) [PSYoungGen: 70059K->1440K(70656K)] 447486K->378866K(588800K), 0.0016421 secs] [Times: user=0.00 sys=0.00, real=0.00 secs] 
536.627: [GC (Allocation Failure) [PSYoungGen: 70048K->1376K(69632K)] 447474K->378802K(587776K), 0.0018729 secs] [Times: user=0.01 sys=0.00, real=0.00 secs] 
537.294: [GC (Allocation Failure) [PSYoungGen: 69472K->1344K(69120K)] 446898K->378770K(587264K), 0.0021751 secs] [Times: user=0.01 sys=0.00, real=0.00 secs] 
537.636: [GC (Allocation Failure) [PSYoungGen: 68928K->1344K(68608K)] 446354K->378770K(586752K), 0.0021394 secs] [Times: user=0.01 sys=0.00, real=0.00 secs] 
537.949: [GC (Allocation Failure) [PSYoungGen: 68416K->1344K(68096K)] 445842K->378778K(586240K), 0.0018431 secs] [Times: user=0.01 sys=0.00, real=0.01 secs] 
538.273: [GC (Allocation Failure) [PSYoungGen: 67904K->1421K(67584K)] 445338K->378855K(585728K), 0.0017375 secs] [Times: user=0.01 sys=0.00, real=0.00 secs] 
538.390: [GC (Allocation Failure) [PSYoungGen: 67469K->1453K(67072K)] 444903K->378887K(585216K), 0.0015285 secs] [Times: user=0.01 sys=0.00, real=0.01 secs] 
538.506: [GC (Allocation Failure) [PSYoungGen: 66989K->1453K(67584K)] 444423K->378887K(585728K), 0.0016849 secs] [Times: user=0.00 sys=0.00, real=0.00 secs] 
538.623: [GC (Allocation Failure) [PSYoungGen: 66989K->1501K(73216K)] 444423K->378943K(591360K), 0.0016280 secs] [Times: user=0.01 sys=0.00, real=0.00 secs] 
539.182: [GC (Allocation Failure) [PSYoungGen: 72669K->1376K(72192K)] 450111K->378818K(590336K), 0.0017348 secs] [Times: user=0.00 sys=0.00, real=0.00 secs] 
540.130: [GC (Allocation Failure) [PSYoungGen: 72032K->1344K(71680K)] 449474K->378810K(589824K), 0.0019523 secs] [Times: user=0.00 sys=0.00, real=0.01 secs] 
540.985: [GC (Allocation Failure) [PSYoungGen: 71488K->1344K(71168K)] 448954K->378810K(589312K), 0.0019985 secs] [Times: user=0.01 sys=0.00, real=0.00 secs] 
541.974: [GC (Allocation Failure) [PSYoungGen: 70976K->1376K(70656K)] 448442K->378842K(588800K), 0.0022536 secs] [Times: user=0.01 sys=0.00, real=0.00 secs] 
542.329: [GC (Allocation Failure) [PSYoungGen: 70496K->1392K(70144K)] 447962K->378858K(588288K), 0.0019520 secs] [Times: user=0.00 sys=0.00, real=0.01 secs] 
542.451: [GC (Allocation Failure) [PSYoungGen: 70000K->1421K(69632K)] 447466K->378887K(587776K), 0.0015807 secs] [Times: user=0.01 sys=0.00, real=0.00 secs] 
542.590: [GC (Allocation Failure) [PSYoungGen: 69517K->1469K(69120K)] 446983K->378935K(587264K), 0.0019880 secs] [Times: user=0.01 sys=0.00, real=0.01 secs] 
542.740: [GC (Allocation Failure) [PSYoungGen: 69053K->413K(69632K)] 446519K->378911K(587776K), 0.0019315 secs] [Times: user=0.01 sys=0.00, real=0.01 secs] 
545.327: [GC (Allocation Failure) [PSYoungGen: 69021K->1408K(69632K)] 447519K->379906K(587776K), 0.0027512 secs] [Times: user=0.01 sys=0.00, real=0.00 secs] 
545.617: [GC (Allocation Failure) [PSYoungGen: 69504K->1344K(69120K)] 448002K->379842K(587264K), 0.0019756 secs] [Times: user=0.01 sys=0.00, real=0.00 secs] 
545.924: [GC (Allocation Failure) [PSYoungGen: 68928K->1344K(68608K)] 447426K->379842K(586752K), 0.0020935 secs] [Times: user=0.01 sys=0.00, real=0.00 secs] 
546.440: [GC (Allocation Failure) [PSYoungGen: 68416K->1344K(68096K)] 446914K->379842K(586240K), 0.0022775 secs] [Times: user=0.01 sys=0.00, real=0.01 secs] 
546.744: [GC (Allocation Failure) [PSYoungGen: 67904K->1437K(67584K)] 446402K->379935K(585728K), 0.0019177 secs] [Times: user=0.00 sys=0.00, real=0.00 secs] 
546.862: [GC (Allocation Failure) [PSYoungGen: 67485K->1469K(67072K)] 445983K->379967K(585216K), 0.0018606 secs] [Times: user=0.01 sys=0.00, real=0.00 secs] 
546.980: [GC (Allocation Failure) [PSYoungGen: 67005K->1453K(67584K)] 445503K->379951K(585728K), 0.0016480 secs] [Times: user=0.00 sys=0.00, real=0.01 secs] 
547.114: [GC (Allocation Failure) [PSYoungGen: 66989K->1485K(73216K)] 445487K->379991K(591360K), 0.0019752 secs] [Times: user=0.01 sys=0.00, real=0.00 secs] 
547.731: [GC (Allocation Failure) [PSYoungGen: 72653K->1408K(73216K)] 451159K->379914K(591360K), 0.0020719 secs] [Times: user=0.01 sys=0.00, real=0.00 secs] 
548.108: [GC (Allocation Failure) [PSYoungGen: 72576K->1408K(72192K)] 451082K->379914K(590336K), 0.0020924 secs] [Times: user=0.01 sys=0.00, real=0.00 secs] 
548.452: [GC (Allocation Failure) [PSYoungGen: 72064K->1344K(71680K)] 450570K->379850K(589824K), 0.0022327 secs] [Times: user=0.00 sys=0.00, real=0.00 secs] 
548.744: [GC (Allocation Failure) [PSYoungGen: 71488K->1376K(71168K)] 449994K->379882K(589312K), 0.0019340 secs] [Times: user=0.00 sys=0.00, real=0.00 secs] 
548.919: [GC (Allocation Failure) [PSYoungGen: 71008K->1472K(70656K)] 449514K->379978K(588800K), 0.0016516 secs] [Times: user=0.01 sys=0.00, real=0.01 secs] 
549.044: [GC (Allocation Failure) [PSYoungGen: 70592K->1485K(70144K)] 449098K->379991K(588288K), 0.0013695 secs] [Times: user=0.00 sys=0.00, real=0.00 secs] 
549.168: [GC (Allocation Failure) [PSYoungGen: 70083K->1456K(76288K)] 448589K->379962K(594432K), 0.0014810 secs] [Times: user=0.01 sys=0.00, real=0.00 secs] 
549.418: [GC (Allocation Failure) [PSYoungGen: 75696K->1504K(75264K)] 454202K->381058K(593408K), 0.0020723 secs] [Times: user=0.01 sys=0.00, real=0.00 secs] 
550.003: [GC (Allocation Failure) [PSYoungGen: 75232K->352K(73728K)] 454786K->379906K(591872K), 0.0017309 secs] [Times: user=0.01 sys=0.00, real=0.00 secs] 
550.574: [GC (Allocation Failure) [PSYoungGen: 73568K->336K(74240K)] 453122K->379890K(592384K), 0.0027692 secs] [Times: user=0.01 sys=0.00, real=0.00 secs] 
551.159: [GC (Allocation Failure) [PSYoungGen: 73040K->320K(72704K)] 452594K->379882K(590848K), 0.0027689 secs] [Times: user=0.01 sys=0.00, real=0.01 secs] 
551.700: [GC (Allocation Failure) [PSYoungGen: 72512K->1440K(73216K)] 452074K->381002K(591360K), 0.0021384 secs] [Times: user=0.01 sys=0.00, real=0.01 secs] 
551.863: [GC (Allocation Failure) [PSYoungGen: 73120K->1504K(73216K)] 452682K->381066K(591360K), 0.0016433 secs] [Times: user=0.01 sys=0.00, real=0.00 secs] 
552.006: [GC (Allocation Failure) [PSYoungGen: 72672K->1501K(72704K)] 452234K->381063K(590848K), 0.0017782 secs] [Times: user=0.00 sys=0.00, real=0.00 secs] 
552.165: [GC (Allocation Failure) [PSYoungGen: 72157K->1440K(71680K)] 451719K->381002K(589824K), 0.0016721 secs] [Times: user=0.01 sys=0.00, real=0.00 secs] 
552.435: [GC (Allocation Failure) [PSYoungGen: 71584K->1408K(71680K)] 451146K->380978K(589824K), 0.0018468 secs] [Times: user=0.01 sys=0.00, real=0.00 secs] 
552.946: [GC (Allocation Failure) [PSYoungGen: 71040K->1408K(70656K)] 450610K->380978K(588800K), 0.0030815 secs] [Times: user=0.02 sys=0.00, real=0.00 secs] 
553.505: [GC (Allocation Failure) [PSYoungGen: 70528K->1392K(70144K)] 450098K->380962K(588288K), 0.0030597 secs] [Times: user=0.01 sys=0.00, real=0.00 secs] 
554.054: [GC (Allocation Failure) [PSYoungGen: 70000K->1392K(69632K)] 449570K->380962K(587776K), 0.0019958 secs] [Times: user=0.01 sys=0.00, real=0.00 secs] 
554.410: [GC (Allocation Failure) [PSYoungGen: 69488K->1485K(69120K)] 449058K->381055K(587264K), 0.0024092 secs] [Times: user=0.01 sys=0.00, real=0.01 secs] 
554.570: [GC (Allocation Failure) [PSYoungGen: 69069K->1517K(68608K)] 448639K->381087K(586752K), 0.0016983 secs] [Times: user=0.00 sys=0.00, real=0.01 secs] 
554.688: [GC (Allocation Failure) [PSYoungGen: 68589K->1517K(68096K)] 448159K->381087K(586240K), 0.0016668 secs] [Times: user=0.00 sys=0.00, real=0.00 secs] 
554.805: [GC (Allocation Failure) [PSYoungGen: 68058K->1501K(68608K)] 447628K->381103K(586752K), 0.0016100 secs] [Times: user=0.00 sys=0.00, real=0.00 secs] 
555.330: [GC (Allocation Failure) [PSYoungGen: 68061K->1408K(67584K)] 447663K->381010K(585728K), 0.0034537 secs] [Times: user=0.01 sys=0.01, real=0.01 secs] 
555.881: [GC (Allocation Failure) [PSYoungGen: 67456K->1328K(67072K)] 447058K->380930K(585216K), 0.0026404 secs] [Times: user=0.01 sys=0.01, real=0.01 secs] 
556.424: [GC (Allocation Failure) [PSYoungGen: 66864K->1376K(66560K)] 446466K->380978K(584704K), 0.0021414 secs] [Times: user=0.01 sys=0.00, real=0.00 secs] 
556.893: [GC (Allocation Failure) [PSYoungGen: 66400K->1344K(66048K)] 446002K->380946K(584192K), 0.0022403 secs] [Times: user=0.01 sys=0.00, real=0.00 secs] 
557.153: [GC (Allocation Failure) [PSYoungGen: 65856K->1405K(65536K)] 445458K->381007K(583680K), 0.0018278 secs] [Times: user=0.01 sys=0.00, real=0.00 secs] 
557.271: [GC (Allocation Failure) [PSYoungGen: 65405K->1453K(65024K)] 445007K->381055K(583168K), 0.0017404 secs] [Times: user=0.01 sys=0.00, real=0.00 secs] 
557.383: [GC (Allocation Failure) [PSYoungGen: 64941K->1421K(70656K)] 444543K->381023K(588800K), 0.0016007 secs] [Times: user=0.01 sys=0.00, real=0.00 secs] 
557.525: [GC (Allocation Failure) [PSYoungGen: 70541K->1437K(71168K)] 450143K->381047K(589312K), 0.0017794 secs] [Times: user=0.00 sys=0.00, real=0.00 secs] 
557.950: [GC (Allocation Failure) [PSYoungGen: 70557K->1392K(70144K)] 450167K->381010K(588288K), 0.0020692 secs] [Times: user=0.00 sys=0.00, real=0.01 secs] 
558.544: [GC (Allocation Failure) [PSYoungGen: 70000K->1344K(69632K)] 449618K->380962K(587776K), 0.0044388 secs] [Times: user=0.01 sys=0.01, real=0.00 secs] 
559.100: [GC (Allocation Failure) [PSYoungGen: 69440K->1344K(69120K)] 449058K->380962K(587264K), 0.0022681 secs] [Times: user=0.01 sys=0.01, real=0.01 secs] 
559.663: [GC (Allocation Failure) [PSYoungGen: 68928K->1360K(68608K)] 448546K->380994K(586752K), 0.0023491 secs] [Times: user=0.01 sys=0.00, real=0.00 secs] 
560.118: [GC (Allocation Failure) [PSYoungGen: 68432K->1405K(68096K)] 448066K->381039K(586240K), 0.0020706 secs] [Times: user=0.01 sys=0.00, real=0.00 secs] 
560.292: [GC (Allocation Failure) [PSYoungGen: 67965K->1408K(67584K)] 447599K->381042K(585728K), 0.0021236 secs] [Times: user=0.01 sys=0.00, real=0.00 secs] 
560.480: [GC (Allocation Failure) [PSYoungGen: 67456K->1421K(67072K)] 447090K->381055K(585216K), 0.0019969 secs] [Times: user=0.01 sys=0.00, real=0.01 secs] 
560.677: [GC (Allocation Failure) [PSYoungGen: 66957K->1453K(66560K)] 446591K->381095K(584704K), 0.0021736 secs] [Times: user=0.01 sys=0.01, real=0.00 secs] 
561.079: [GC (Allocation Failure) [PSYoungGen: 66477K->1424K(66048K)] 446119K->381066K(584192K), 0.0022844 secs] [Times: user=0.01 sys=0.00, real=0.01 secs] 
561.638: [GC (Allocation Failure) [PSYoungGen: 65936K->1376K(65536K)] 445578K->381018K(583680K), 0.0021890 secs] [Times: user=0.01 sys=0.00, real=0.00 secs] 
561.960: [GC (Allocation Failure) [PSYoungGen: 65376K->1344K(65024K)] 445018K->380986K(583168K), 0.0018297 secs] [Times: user=0.01 sys=0.00, real=0.01 secs] 
562.224: [GC (Allocation Failure) [PSYoungGen: 64832K->1344K(64512K)] 444474K->380986K(582656K), 0.0019999 secs] [Times: user=0.01 sys=0.00, real=0.00 secs] 
562.539: [GC (Allocation Failure) [PSYoungGen: 64320K->1405K(64000K)] 443962K->381047K(582144K), 0.0021187 secs] [Times: user=0.00 sys=0.00, real=0.01 secs] 
562.695: [GC (Allocation Failure) [PSYoungGen: 63869K->1453K(63488K)] 443511K->381095K(581632K), 0.0016561 secs] [Times: user=0.00 sys=0.00, real=0.00 secs] 
562.804: [GC (Allocation Failure) [PSYoungGen: 63405K->1453K(68608K)] 443047K->381095K(586752K), 0.0015735 secs] [Times: user=0.01 sys=0.00, real=0.00 secs] 
562.923: [GC (Allocation Failure) [PSYoungGen: 68525K->1472K(69632K)] 448167K->381130K(587776K), 0.0016180 secs] [Times: user=0.01 sys=0.00, real=0.00 secs] 
563.119: [GC (Allocation Failure) [PSYoungGen: 69056K->1760K(75264K)] 448714K->381418K(593408K), 0.0020270 secs] [Times: user=0.01 sys=0.00, real=0.01 secs] 
563.848: [GC (Allocation Failure) [PSYoungGen: 74976K->1328K(74240K)] 454634K->380986K(592384K), 0.0028554 secs] [Times: user=0.01 sys=0.00, real=0.01 secs] 
564.425: [GC (Allocation Failure) [PSYoungGen: 74032K->1376K(73728K)] 453690K->381034K(591872K), 0.0024252 secs] [Times: user=0.01 sys=0.00, real=0.00 secs] 
565.174: [GC (Allocation Failure) [PSYoungGen: 73568K->1376K(73216K)] 453226K->381034K(591360K), 0.0021756 secs] [Times: user=0.01 sys=0.00, real=0.00 secs] 
566.191: [GC (Allocation Failure) [PSYoungGen: 73056K->1424K(72704K)] 452714K->381082K(590848K), 0.0029637 secs] [Times: user=0.01 sys=0.00, real=0.01 secs] 
566.398: [GC (Allocation Failure) [PSYoungGen: 72592K->1485K(72192K)] 452250K->381143K(590336K), 0.0016207 secs] [Times: user=0.00 sys=0.00, real=0.00 secs] 
566.523: [GC (Allocation Failure) [PSYoungGen: 72141K->1517K(71680K)] 451799K->381175K(589824K), 0.0015363 secs] [Times: user=0.01 sys=0.00, real=0.00 secs] 
566.665: [GC (Allocation Failure) [PSYoungGen: 71661K->1469K(71168K)] 451319K->381143K(589312K), 0.0017792 secs] [Times: user=0.00 sys=0.00, real=0.00 secs] 
566.944: [GC (Allocation Failure) [PSYoungGen: 71101K->1408K(70656K)] 450775K->381082K(588800K), 0.0020137 secs] [Times: user=0.01 sys=0.00, real=0.00 secs] 
567.266: [GC (Allocation Failure) [PSYoungGen: 70528K->1408K(70144K)] 450202K->381082K(588288K), 0.0021180 secs] [Times: user=0.01 sys=0.00, real=0.00 secs] 
567.610: [GC (Allocation Failure) [PSYoungGen: 70016K->1344K(69632K)] 449690K->381018K(587776K), 0.0019337 secs] [Times: user=0.01 sys=0.00, real=0.01 secs] 
567.944: [GC (Allocation Failure) [PSYoungGen: 69440K->1376K(69120K)] 449114K->381050K(587264K), 0.0020752 secs] [Times: user=0.00 sys=0.00, real=0.00 secs] 
568.240: [GC (Allocation Failure) [PSYoungGen: 68960K->1437K(68608K)] 448634K->381111K(586752K), 0.0019760 secs] [Times: user=0.00 sys=0.00, real=0.01 secs] 
568.362: [GC (Allocation Failure) [PSYoungGen: 68508K->1485K(68096K)] 448183K->381159K(586240K), 0.0017019 secs] [Times: user=0.00 sys=0.00, real=0.00 secs] 
568.479: [GC (Allocation Failure) [PSYoungGen: 68045K->1472K(68608K)] 447719K->381146K(586752K), 0.0016879 secs] [Times: user=0.01 sys=0.00, real=0.00 secs] 
568.596: [GC (Allocation Failure) [PSYoungGen: 68032K->1453K(68608K)] 447706K->381151K(586752K), 0.0016152 secs] [Times: user=0.01 sys=0.00, real=0.00 secs] 
569.250: [GC (Allocation Failure) [PSYoungGen: 68013K->1440K(67584K)] 447711K->381138K(585728K), 0.0022428 secs] [Times: user=0.01 sys=0.00, real=0.01 secs] 
570.727: [GC (Allocation Failure) [PSYoungGen: 67488K->1376K(67072K)] 447186K->381098K(585216K), 0.0045707 secs] [Times: user=0.02 sys=0.00, real=0.01 secs] 
572.124: [GC (Allocation Failure) [PSYoungGen: 66912K->1344K(66560K)] 446634K->381066K(584704K), 0.0043330 secs] [Times: user=0.02 sys=0.00, real=0.00 secs] 
572.797: [GC (Allocation Failure) [PSYoungGen: 66368K->1344K(66048K)] 446090K->381066K(584192K), 0.0029178 secs] [Times: user=0.01 sys=0.00, real=0.00 secs] 
573.047: [GC (Allocation Failure) [PSYoungGen: 65856K->1360K(65536K)] 445578K->381082K(583680K), 0.0018063 secs] [Times: user=0.01 sys=0.00, real=0.00 secs] 
573.162: [GC (Allocation Failure) [PSYoungGen: 65360K->1440K(65024K)] 445082K->381162K(583168K), 0.0016145 secs] [Times: user=0.00 sys=0.00, real=0.00 secs] 
573.275: [GC (Allocation Failure) [PSYoungGen: 64928K->1469K(70656K)] 444650K->381191K(588800K), 0.0015882 secs] [Times: user=0.01 sys=0.00, real=0.00 secs] 
573.416: [GC (Allocation Failure) [PSYoungGen: 70589K->1437K(71168K)] 450311K->381175K(589312K), 0.0018672 secs] [Times: user=0.01 sys=0.00, real=0.00 secs] 
574.029: [GC (Allocation Failure) [PSYoungGen: 70557K->1456K(70144K)] 450295K->381194K(588288K), 0.0025539 secs] [Times: user=0.01 sys=0.00, real=0.01 secs] 
574.443: [GC (Allocation Failure) [PSYoungGen: 70064K->1376K(69632K)] 449802K->381114K(587776K), 0.0022621 secs] [Times: user=0.01 sys=0.00, real=0.00 secs] 
575.016: [GC (Allocation Failure) [PSYoungGen: 69472K->1376K(69120K)] 449210K->381114K(587264K), 0.0017851 secs] [Times: user=0.01 sys=0.00, real=0.00 secs] 
575.498: [GC (Allocation Failure) [PSYoungGen: 68960K->1440K(68608K)] 448698K->381178K(586752K), 0.0034333 secs] [Times: user=0.02 sys=0.00, real=0.01 secs] 
575.962: [GC (Allocation Failure) [PSYoungGen: 68512K->1360K(68096K)] 448250K->381098K(586240K), 0.0027875 secs] [Times: user=0.01 sys=0.00, real=0.00 secs] 
576.172: [GC (Allocation Failure) [PSYoungGen: 67920K->1424K(67584K)] 447658K->381162K(585728K), 0.0019930 secs] [Times: user=0.01 sys=0.00, real=0.00 secs] 
576.294: [GC (Allocation Failure) [PSYoungGen: 67472K->1440K(67072K)] 447210K->381178K(585216K), 0.0016471 secs] [Times: user=0.00 sys=0.00, real=0.00 secs] 
576.410: [GC (Allocation Failure) [PSYoungGen: 66976K->1440K(72704K)] 446714K->381194K(590848K), 0.0017121 secs] [Times: user=0.01 sys=0.00, real=0.01 secs] 
576.681: [GC (Allocation Failure) [PSYoungGen: 72608K->400K(72704K)] 452362K->381178K(590848K), 0.0019500 secs] [Times: user=0.01 sys=0.00, real=0.00 secs] 
576.982: [GC (Allocation Failure) [PSYoungGen: 72592K->352K(72192K)] 453370K->381130K(590336K), 0.0017466 secs] [Times: user=0.01 sys=0.00, real=0.00 secs] 
577.398: [GC (Allocation Failure) [PSYoungGen: 72032K->320K(72704K)] 452810K->381098K(590848K), 0.0017105 secs] [Times: user=0.01 sys=0.00, real=0.00 secs] 
577.990: [GC (Allocation Failure) [PSYoungGen: 71488K->320K(71168K)] 452266K->381098K(589312K), 0.0020481 secs] [Times: user=0.01 sys=0.00, real=0.01 secs] 
578.505: [GC (Allocation Failure) [PSYoungGen: 70976K->1437K(71680K)] 451754K->382215K(589824K), 0.0025034 secs] [Times: user=0.01 sys=0.00, real=0.00 secs] 
578.710: [GC (Allocation Failure) [PSYoungGen: 71581K->1421K(71680K)] 452359K->382199K(589824K), 0.0018137 secs] [Times: user=0.01 sys=0.00, real=0.01 secs] 
578.834: [GC (Allocation Failure) [PSYoungGen: 71053K->1453K(71168K)] 451831K->382231K(589312K), 0.0016019 secs] [Times: user=0.00 sys=0.00, real=0.00 secs] 
578.994: [GC (Allocation Failure) [PSYoungGen: 70573K->1453K(71680K)] 451351K->382239K(589824K), 0.0020722 secs] [Times: user=0.00 sys=0.00, real=0.00 secs] 
579.872: [GC (Allocation Failure) [PSYoungGen: 70573K->1376K(70144K)] 451359K->382194K(588288K), 0.0056763 secs] [Times: user=0.02 sys=0.00, real=0.00 secs] 
580.521: [GC (Allocation Failure) [PSYoungGen: 69984K->1312K(69632K)] 450802K->382130K(587776K), 0.0022632 secs] [Times: user=0.01 sys=0.01, real=0.00 secs] 
581.162: [GC (Allocation Failure) [PSYoungGen: 69408K->1376K(69120K)] 450226K->382194K(587264K), 0.0021064 secs] [Times: user=0.01 sys=0.00, real=0.00 secs] 
581.728: [GC (Allocation Failure) [PSYoungGen: 68960K->1312K(68608K)] 449778K->382130K(586752K), 0.0037407 secs] [Times: user=0.01 sys=0.00, real=0.01 secs] 
582.211: [GC (Allocation Failure) [PSYoungGen: 68384K->1373K(68096K)] 449202K->382191K(586240K), 0.0021350 secs] [Times: user=0.01 sys=0.00, real=0.00 secs] 
582.368: [GC (Allocation Failure) [PSYoungGen: 67916K->1453K(67584K)] 448734K->382271K(585728K), 0.0016645 secs] [Times: user=0.01 sys=0.00, real=0.00 secs] 
582.484: [GC (Allocation Failure) [PSYoungGen: 67501K->1421K(67072K)] 448319K->382239K(585216K), 0.0016534 secs] [Times: user=0.01 sys=0.00, real=0.00 secs] 
582.601: [GC (Allocation Failure) [PSYoungGen: 66957K->1421K(73216K)] 447775K->382247K(591360K), 0.0015534 secs] [Times: user=0.00 sys=0.00, real=0.01 secs] 
583.186: [GC (Allocation Failure) [PSYoungGen: 72589K->1376K(72192K)] 453415K->382202K(590336K), 0.0019485 secs] [Times: user=0.01 sys=0.00, real=0.00 secs] 
584.121: [GC (Allocation Failure) [PSYoungGen: 72032K->1344K(71680K)] 452858K->382170K(589824K), 0.0041044 secs] [Times: user=0.01 sys=0.00, real=0.00 secs] 
584.888: [GC (Allocation Failure) [PSYoungGen: 71488K->1344K(71168K)] 452314K->382178K(589312K), 0.0034947 secs] [Times: user=0.02 sys=0.00, real=0.01 secs] 
585.564: [GC (Allocation Failure) [PSYoungGen: 70976K->1344K(70656K)] 451810K->382178K(588800K), 0.0031365 secs] [Times: user=0.01 sys=0.00, real=0.00 secs] 
585.927: [GC (Allocation Failure) [PSYoungGen: 70464K->1501K(70144K)] 451298K->382335K(588288K), 0.0020163 secs] [Times: user=0.01 sys=0.00, real=0.00 secs] 
586.060: [GC (Allocation Failure) [PSYoungGen: 70109K->1517K(69632K)] 450943K->382351K(587776K), 0.0017061 secs] [Times: user=0.00 sys=0.00, real=0.01 secs] 
586.179: [GC (Allocation Failure) [PSYoungGen: 69613K->1472K(69120K)] 450447K->382306K(587264K), 0.0016780 secs] [Times: user=0.01 sys=0.00, real=0.00 secs] 
586.299: [GC (Allocation Failure) [PSYoungGen: 69056K->1517K(69632K)] 449890K->382359K(587776K), 0.0017103 secs] [Times: user=0.01 sys=0.00, real=0.01 secs] 
586.814: [GC (Allocation Failure) [PSYoungGen: 69101K->1456K(68608K)] 449943K->382298K(586752K), 0.0021895 secs] [Times: user=0.01 sys=0.00, real=0.00 secs] 
587.148: [GC (Allocation Failure) [PSYoungGen: 68528K->1392K(68096K)] 449370K->382234K(586240K), 0.0021911 secs] [Times: user=0.01 sys=0.00, real=0.00 secs] 
587.425: [GC (Allocation Failure) [PSYoungGen: 67952K->1376K(67584K)] 448794K->382218K(585728K), 0.0018816 secs] [Times: user=0.00 sys=0.00, real=0.00 secs] 
587.721: [GC (Allocation Failure) [PSYoungGen: 67424K->1408K(67072K)] 448266K->382250K(585216K), 0.0020124 secs] [Times: user=0.01 sys=0.00, real=0.00 secs] 
587.949: [GC (Allocation Failure) [PSYoungGen: 66944K->1488K(66560K)] 447786K->382330K(584704K), 0.0015876 secs] [Times: user=0.00 sys=0.00, real=0.00 secs] 
588.080: [GC (Allocation Failure) [PSYoungGen: 66512K->1504K(66048K)] 447354K->382346K(584192K), 0.0018257 secs] [Times: user=0.00 sys=0.00, real=0.01 secs] 
588.223: [GC (Allocation Failure) [PSYoungGen: 66016K->1533K(71680K)] 446858K->382375K(589824K), 0.0018361 secs] [Times: user=0.01 sys=0.00, real=0.00 secs] 
588.389: [GC (Allocation Failure) [PSYoungGen: 71677K->1501K(72192K)] 452519K->382351K(590336K), 0.0021357 secs] [Times: user=0.00 sys=0.00, real=0.01 secs] 
588.703: [GC (Allocation Failure) [PSYoungGen: 71645K->1408K(78336K)] 452495K->382258K(596480K), 0.0022245 secs] [Times: user=0.01 sys=0.00, real=0.00 secs] 
589.020: [GC (Allocation Failure) [PSYoungGen: 77696K->1376K(77312K)] 458546K->382250K(595456K), 0.0019555 secs] [Times: user=0.01 sys=0.00, real=0.01 secs] 
589.334: [GC (Allocation Failure) [PSYoungGen: 77152K->1344K(76800K)] 458026K->382218K(594944K), 0.0019908 secs] [Times: user=0.01 sys=0.00, real=0.00 secs] 
589.822: [GC (Allocation Failure) [PSYoungGen: 76608K->1408K(76288K)] 457482K->382282K(594432K), 0.0017440 secs] [Times: user=0.01 sys=0.00, real=0.00 secs] 
590.019: [GC (Allocation Failure) [PSYoungGen: 76160K->1485K(75776K)] 457034K->382359K(593920K), 0.0014480 secs] [Times: user=0.01 sys=0.00, real=0.00 secs] 
590.153: [GC (Allocation Failure) [PSYoungGen: 75725K->1469K(75264K)] 456599K->382343K(593408K), 0.0015951 secs] [Times: user=0.01 sys=0.00, real=0.00 secs] 
590.283: [GC (Allocation Failure) [PSYoungGen: 75197K->1453K(75776K)] 456071K->382327K(593920K), 0.0017267 secs] [Times: user=0.00 sys=0.00, real=0.00 secs] 
590.734: [GC (Allocation Failure) [PSYoungGen: 75181K->1440K(74752K)] 456055K->382314K(592896K), 0.0019273 secs] [Times: user=0.01 sys=0.00, real=0.00 secs] 
591.237: [GC (Allocation Failure) [PSYoungGen: 74656K->1376K(74240K)] 455530K->382250K(592384K), 0.0021087 secs] [Times: user=0.01 sys=0.00, real=0.00 secs] 
591.555: [GC (Allocation Failure) [PSYoungGen: 74080K->1376K(73728K)] 454954K->382250K(591872K), 0.0020848 secs] [Times: user=0.01 sys=0.00, real=0.00 secs] 
591.999: [GC (Allocation Failure) [PSYoungGen: 73568K->1344K(73216K)] 454442K->382218K(591360K), 0.0018874 secs] [Times: user=0.01 sys=0.00, real=0.00 secs] 
592.295: [GC (Allocation Failure) [PSYoungGen: 73024K->1437K(72704K)] 453898K->382311K(590848K), 0.0016967 secs] [Times: user=0.00 sys=0.00, real=0.00 secs] 
592.448: [GC (Allocation Failure) [PSYoungGen: 72605K->1469K(72192K)] 453479K->382343K(590336K), 0.0020201 secs] [Times: user=0.01 sys=0.00, real=0.00 secs] 
592.625: [GC (Allocation Failure) [PSYoungGen: 72125K->1453K(71680K)] 452999K->382327K(589824K), 0.0022386 secs] [Times: user=0.01 sys=0.00, real=0.00 secs] 
592.789: [GC (Allocation Failure) [PSYoungGen: 71597K->1437K(71168K)] 452471K->382311K(589312K), 0.0017579 secs] [Times: user=0.01 sys=0.00, real=0.00 secs] 
593.530: [GC (Allocation Failure) [PSYoungGen: 71069K->1408K(70656K)] 451943K->382294K(588800K), 0.0025897 secs] [Times: user=0.01 sys=0.00, real=0.01 secs] 
594.107: [GC (Allocation Failure) [PSYoungGen: 70528K->1344K(70144K)] 451414K->382230K(588288K), 0.0023764 secs] [Times: user=0.01 sys=0.00, real=0.00 secs] 
594.410: [GC (Allocation Failure) [PSYoungGen: 69952K->1344K(69632K)] 450838K->382230K(587776K), 0.0020636 secs] [Times: user=0.01 sys=0.00, real=0.01 secs] 
594.693: [GC (Allocation Failure) [PSYoungGen: 69440K->1344K(69120K)] 450326K->382230K(587264K), 0.0020839 secs] [Times: user=0.01 sys=0.00, real=0.00 secs] 
594.912: [GC (Allocation Failure) [PSYoungGen: 68928K->1437K(68608K)] 449814K->382323K(586752K), 0.0016356 secs] [Times: user=0.01 sys=0.00, real=0.00 secs] 
595.030: [GC (Allocation Failure) [PSYoungGen: 68509K->1440K(68096K)] 449395K->382326K(586240K), 0.0016327 secs] [Times: user=0.00 sys=0.00, real=0.01 secs] 
595.146: [GC (Allocation Failure) [PSYoungGen: 68000K->1440K(68608K)] 448886K->382326K(586752K), 0.0016273 secs] [Times: user=0.01 sys=0.00, real=0.00 secs] 
595.262: [GC (Allocation Failure) [PSYoungGen: 68000K->1504K(74240K)] 448886K->382406K(592384K), 0.0017286 secs] [Times: user=0.00 sys=0.00, real=0.00 secs] 
595.651: [GC (Allocation Failure) [PSYoungGen: 73696K->1472K(74240K)] 454598K->382374K(592384K), 0.0018199 secs] [Times: user=0.01 sys=0.00, real=0.00 secs] 
595.952: [GC (Allocation Failure) [PSYoungGen: 73664K->1360K(73216K)] 454566K->382262K(591360K), 0.0019678 secs] [Times: user=0.01 sys=0.00, real=0.00 secs] 
596.346: [GC (Allocation Failure) [PSYoungGen: 73040K->1344K(72704K)] 453942K->382246K(590848K), 0.0019367 secs] [Times: user=0.00 sys=0.00, real=0.00 secs] 
596.869: [GC (Allocation Failure) [PSYoungGen: 72512K->1373K(72192K)] 453414K->382275K(590336K), 0.0019918 secs] [Times: user=0.01 sys=0.00, real=0.01 secs] 
597.035: [GC (Allocation Failure) [PSYoungGen: 72029K->1472K(71680K)] 452931K->382374K(589824K), 0.0015412 secs] [Times: user=0.00 sys=0.00, real=0.00 secs] 
597.158: [GC (Allocation Failure) [PSYoungGen: 71616K->1453K(71168K)] 452518K->382355K(589312K), 0.0015803 secs] [Times: user=0.01 sys=0.00, real=0.00 secs] 
597.280: [GC (Allocation Failure) [PSYoungGen: 71085K->1392K(77824K)] 451987K->382294K(595968K), 0.0016908 secs] [Times: user=0.01 sys=0.00, real=0.01 secs] 
597.962: [GC (Allocation Failure) [PSYoungGen: 77168K->1424K(76800K)] 458070K->382326K(594944K), 0.0031418 secs] [Times: user=0.02 sys=0.00, real=0.00 secs] 
598.502: [GC (Allocation Failure) [PSYoungGen: 76688K->1344K(76288K)] 457590K->382246K(594432K), 0.0019927 secs] [Times: user=0.01 sys=0.00, real=0.00 secs] 
599.110: [GC (Allocation Failure) [PSYoungGen: 76096K->1328K(75776K)] 456998K->382238K(593920K), 0.0020339 secs] [Times: user=0.01 sys=0.00, real=0.01 secs] 
599.805: [GC (Allocation Failure) [PSYoungGen: 75568K->1376K(75264K)] 456478K->382286K(593408K), 0.0020643 secs] [Times: user=0.00 sys=0.00, real=0.00 secs] 
600.290: [GC (Allocation Failure) [PSYoungGen: 75104K->1453K(74752K)] 456014K->382363K(592896K), 0.0033356 secs] [Times: user=0.01 sys=0.00, real=0.01 secs] 
600.511: [GC (Allocation Failure) [PSYoungGen: 74669K->1453K(74240K)] 455579K->382363K(592384K), 0.0022707 secs] [Times: user=0.01 sys=0.00, real=0.00 secs] 
600.703: [GC (Allocation Failure) [PSYoungGen: 74157K->1469K(73728K)] 455067K->382379K(591872K), 0.0021032 secs] [Times: user=0.01 sys=0.00, real=0.00 secs] 
600.945: [GC (Allocation Failure) [PSYoungGen: 73661K->1680K(73728K)] 454571K->382590K(591872K), 0.0017589 secs] [Times: user=0.01 sys=0.00, real=0.00 secs] 
601.539: [GC (Allocation Failure) [PSYoungGen: 73360K->1376K(72704K)] 454270K->382286K(590848K), 0.0030730 secs] [Times: user=0.01 sys=0.00, real=0.01 secs] 
602.239: [GC (Allocation Failure) [PSYoungGen: 72544K->1424K(72192K)] 453454K->382334K(590336K), 0.0034420 secs] [Times: user=0.01 sys=0.00, real=0.01 secs] 
603.049: [GC (Allocation Failure) [PSYoungGen: 72080K->1376K(71680K)] 452990K->382286K(589824K), 0.0029145 secs] [Times: user=0.01 sys=0.00, real=0.01 secs] 
603.636: [GC (Allocation Failure) [PSYoungGen: 71520K->1405K(71168K)] 452430K->382315K(589312K), 0.0025433 secs] [Times: user=0.01 sys=0.01, real=0.00 secs] 
603.815: [GC (Allocation Failure) [PSYoungGen: 71037K->1485K(70656K)] 451947K->382395K(588800K), 0.0016254 secs] [Times: user=0.01 sys=0.00, real=0.00 secs] 
603.937: [GC (Allocation Failure) [PSYoungGen: 70605K->1469K(70144K)] 451515K->382379K(588288K), 0.0016536 secs] [Times: user=0.01 sys=0.00, real=0.00 secs] 
604.057: [GC (Allocation Failure) [PSYoungGen: 70077K->1453K(69632K)] 450987K->382363K(587776K), 0.0015632 secs] [Times: user=0.01 sys=0.00, real=0.00 secs] 
604.542: [GC (Allocation Failure) [PSYoungGen: 69549K->1408K(69120K)] 450459K->382318K(587264K), 0.0019784 secs] [Times: user=0.01 sys=0.00, real=0.00 secs] 
605.366: [GC (Allocation Failure) [PSYoungGen: 68992K->1376K(68608K)] 449902K->382286K(586752K), 0.0016962 secs] [Times: user=0.00 sys=0.00, real=0.00 secs] 
606.113: [GC (Allocation Failure) [PSYoungGen: 68448K->1328K(68096K)] 449358K->382238K(586240K), 0.0021063 secs] [Times: user=0.01 sys=0.00, real=0.00 secs] 
606.934: [GC (Allocation Failure) [PSYoungGen: 67888K->1344K(67584K)] 448798K->382254K(585728K), 0.0028929 secs] [Times: user=0.01 sys=0.00, real=0.00 secs] 
607.464: [GC (Allocation Failure) [PSYoungGen: 67392K->1424K(67072K)] 448302K->382334K(585216K), 0.0024675 secs] [Times: user=0.01 sys=0.00, real=0.00 secs] 
607.623: [GC (Allocation Failure) [PSYoungGen: 66960K->1501K(66560K)] 447870K->382411K(584704K), 0.0015682 secs] [Times: user=0.01 sys=0.00, real=0.00 secs] 
607.737: [GC (Allocation Failure) [PSYoungGen: 66525K->1453K(66048K)] 447435K->382363K(584192K), 0.0016878 secs] [Times: user=0.00 sys=0.00, real=0.00 secs] 
607.852: [GC (Allocation Failure) [PSYoungGen: 65965K->1485K(66560K)] 446875K->382403K(584704K), 0.0015097 secs] [Times: user=0.01 sys=0.00, real=0.00 secs] 
608.040: [GC (Allocation Failure) [PSYoungGen: 66509K->1888K(67072K)] 447427K->382806K(585216K), 0.0018812 secs] [Times: user=0.01 sys=0.00, real=0.01 secs] 
608.306: [GC (Allocation Failure) [PSYoungGen: 66912K->1360K(66048K)] 447830K->382278K(584192K), 0.0020495 secs] [Times: user=0.01 sys=0.00, real=0.00 secs] 
608.575: [GC (Allocation Failure) [PSYoungGen: 65872K->1344K(65536K)] 446790K->382262K(583680K), 0.0019652 secs] [Times: user=0.01 sys=0.00, real=0.00 secs] 
608.844: [GC (Allocation Failure) [PSYoungGen: 65344K->1344K(65024K)] 446262K->382262K(583168K), 0.0024935 secs] [Times: user=0.01 sys=0.01, real=0.00 secs] 
609.165: [GC (Allocation Failure) [PSYoungGen: 64832K->1344K(64512K)] 445750K->382262K(582656K), 0.0028117 secs] [Times: user=0.01 sys=0.00, real=0.00 secs] 
609.524: [GC (Allocation Failure) [PSYoungGen: 64320K->1469K(64000K)] 445238K->382387K(582144K), 0.0020337 secs] [Times: user=0.01 sys=0.00, real=0.00 secs] 
609.647: [GC (Allocation Failure) [PSYoungGen: 63933K->1437K(63488K)] 444851K->382355K(581632K), 0.0016263 secs] [Times: user=0.00 sys=0.00, real=0.00 secs] 
609.756: [GC (Allocation Failure) [PSYoungGen: 63389K->1453K(69120K)] 444307K->382387K(587264K), 0.0016727 secs] [Times: user=0.00 sys=0.00, real=0.00 secs] 
609.875: [GC (Allocation Failure) [PSYoungGen: 69037K->1472K(69632K)] 449971K->382406K(587776K), 0.0016001 secs] [Times: user=0.01 sys=0.00, real=0.00 secs] 
610.331: [GC (Allocation Failure) [PSYoungGen: 69056K->1424K(74752K)] 449990K->382358K(592896K), 0.0021387 secs] [Times: user=0.00 sys=0.00, real=0.01 secs] 
610.913: [GC (Allocation Failure) [PSYoungGen: 74640K->1344K(74240K)] 455574K->382278K(592384K), 0.0039544 secs] [Times: user=0.02 sys=0.00, real=0.00 secs] 
611.474: [GC (Allocation Failure) [PSYoungGen: 74048K->1328K(73728K)] 454982K->382262K(591872K), 0.0020177 secs] [Times: user=0.01 sys=0.00, real=0.00 secs] 
612.089: [GC (Allocation Failure) [PSYoungGen: 73520K->1344K(73216K)] 454454K->382278K(591360K), 0.0022923 secs] [Times: user=0.01 sys=0.00, real=0.01 secs] 
612.412: [GC (Allocation Failure) [PSYoungGen: 73024K->1437K(72704K)] 453958K->382371K(590848K), 0.0017916 secs] [Times: user=0.01 sys=0.00, real=0.00 secs] 
612.537: [GC (Allocation Failure) [PSYoungGen: 72605K->1501K(72192K)] 453539K->382443K(590336K), 0.0017164 secs] [Times: user=0.01 sys=0.00, real=0.00 secs] 
612.662: [GC (Allocation Failure) [PSYoungGen: 72157K->1421K(71680K)] 453099K->382371K(589824K), 0.0016557 secs] [Times: user=0.00 sys=0.00, real=0.00 secs] 
612.852: [GC (Allocation Failure) [PSYoungGen: 71565K->1904K(72192K)] 452515K->382854K(590336K), 0.0018815 secs] [Times: user=0.01 sys=0.00, real=0.00 secs] 
613.157: [GC (Allocation Failure) [PSYoungGen: 72048K->1360K(71168K)] 452998K->382310K(589312K), 0.0020483 secs] [Times: user=0.01 sys=0.01, real=0.00 secs] 
613.504: [GC (Allocation Failure) [PSYoungGen: 70992K->1376K(70656K)] 451942K->382326K(588800K), 0.0022415 secs] [Times: user=0.01 sys=0.00, real=0.00 secs] 
613.792: [GC (Allocation Failure) [PSYoungGen: 70496K->1376K(70144K)] 451446K->382326K(588288K), 0.0025957 secs] [Times: user=0.01 sys=0.00, real=0.00 secs] 
614.116: [GC (Allocation Failure) [PSYoungGen: 69984K->1392K(69632K)] 450934K->382342K(587776K), 0.0021087 secs] [Times: user=0.00 sys=0.00, real=0.00 secs] 
614.258: [GC (Allocation Failure) [PSYoungGen: 69488K->1437K(69120K)] 450438K->382387K(587264K), 0.0016392 secs] [Times: user=0.01 sys=0.00, real=0.00 secs] 
614.377: [GC (Allocation Failure) [PSYoungGen: 69021K->1469K(75776K)] 449971K->382435K(593920K), 0.0016555 secs] [Times: user=0.01 sys=0.00, real=0.00 secs] 
614.506: [GC (Allocation Failure) [PSYoungGen: 75197K->1485K(75776K)] 456163K->382451K(593920K), 0.0016749 secs] [Times: user=0.00 sys=0.00, real=0.00 secs] 
615.157: [GC (Allocation Failure) [PSYoungGen: 75213K->1392K(74752K)] 456179K->382366K(592896K), 0.0028540 secs] [Times: user=0.01 sys=0.00, real=0.00 secs] 
615.826: [GC (Allocation Failure) [PSYoungGen: 74608K->1408K(74240K)] 455582K->382382K(592384K), 0.0020114 secs] [Times: user=0.01 sys=0.00, real=0.00 secs] 
616.376: [GC (Allocation Failure) [PSYoungGen: 74112K->1344K(73728K)] 455086K->382318K(591872K), 0.0019671 secs] [Times: user=0.01 sys=0.00, real=0.00 secs] 
616.942: [GC (Allocation Failure) [PSYoungGen: 73536K->1344K(73216K)] 454510K->382318K(591360K), 0.0030656 secs] [Times: user=0.01 sys=0.00, real=0.00 secs] 
617.361: [GC (Allocation Failure) [PSYoungGen: 73024K->1501K(72704K)] 453998K->382475K(590848K), 0.0021524 secs] [Times: user=0.00 sys=0.00, real=0.00 secs] 
617.514: [GC (Allocation Failure) [PSYoungGen: 72669K->1421K(72192K)] 453643K->382395K(590336K), 0.0016936 secs] [Times: user=0.01 sys=0.00, real=0.00 secs] 
617.639: [GC (Allocation Failure) [PSYoungGen: 72077K->1485K(71680K)] 453051K->382459K(589824K), 0.0017143 secs] [Times: user=0.00 sys=0.01, real=0.01 secs] 
617.762: [GC (Allocation Failure) [PSYoungGen: 71629K->1501K(72192K)] 452603K->382491K(590336K), 0.0016689 secs] [Times: user=0.01 sys=0.00, real=0.00 secs] 
618.745: [GC (Allocation Failure) [PSYoungGen: 71645K->1408K(71168K)] 452635K->382406K(589312K), 0.0024776 secs] [Times: user=0.01 sys=0.00, real=0.00 secs] 
619.400: [GC (Allocation Failure) [PSYoungGen: 71040K->1376K(70656K)] 452038K->382374K(588800K), 0.0026569 secs] [Times: user=0.01 sys=0.00, real=0.01 secs] 
620.029: [GC (Allocation Failure) [PSYoungGen: 70496K->1376K(70144K)] 451494K->382374K(588288K), 0.0040284 secs] [Times: user=0.01 sys=0.00, real=0.01 secs] 
620.641: [GC (Allocation Failure) [PSYoungGen: 69984K->1408K(69632K)] 450982K->382406K(587776K), 0.0026505 secs] [Times: user=0.01 sys=0.00, real=0.01 secs] 
620.913: [GC (Allocation Failure) [PSYoungGen: 69504K->1485K(69120K)] 450502K->382491K(587264K), 0.0019000 secs] [Times: user=0.01 sys=0.00, real=0.00 secs] 
621.039: [GC (Allocation Failure) [PSYoungGen: 69069K->1472K(68608K)] 450075K->382478K(586752K), 0.0017436 secs] [Times: user=0.00 sys=0.00, real=0.00 secs] 
621.158: [GC (Allocation Failure) [PSYoungGen: 68544K->1517K(68096K)] 449550K->382523K(586240K), 0.0015644 secs] [Times: user=0.01 sys=0.00, real=0.00 secs] 
621.275: [GC (Allocation Failure) [PSYoungGen: 68077K->1485K(68608K)] 449083K->382515K(586752K), 0.0018815 secs] [Times: user=0.00 sys=0.00, real=0.00 secs] 
621.998: [GC (Allocation Failure) [PSYoungGen: 68045K->1408K(67584K)] 449075K->382438K(585728K), 0.0017897 secs] [Times: user=0.01 sys=0.00, real=0.00 secs] 
622.540: [GC (Allocation Failure) [PSYoungGen: 67456K->1344K(67072K)] 448486K->382374K(585216K), 0.0021355 secs] [Times: user=0.01 sys=0.00, real=0.01 secs] 
622.937: [GC (Allocation Failure) [PSYoungGen: 66880K->1376K(66560K)] 447910K->382406K(584704K), 0.0018848 secs] [Times: user=0.00 sys=0.00, real=0.00 secs] 
623.208: [GC (Allocation Failure) [PSYoungGen: 66400K->1376K(66048K)] 447430K->382406K(584192K), 0.0020903 secs] [Times: user=0.01 sys=0.00, real=0.00 secs] 
623.408: [GC (Allocation Failure) [PSYoungGen: 65888K->1437K(65536K)] 446918K->382467K(583680K), 0.0015951 secs] [Times: user=0.01 sys=0.00, real=0.00 secs] 
623.522: [GC (Allocation Failure) [PSYoungGen: 65437K->1517K(65024K)] 446467K->382547K(583168K), 0.0016765 secs] [Times: user=0.01 sys=0.00, real=0.00 secs] 
623.634: [GC (Allocation Failure) [PSYoungGen: 65005K->1504K(65536K)] 446035K->382534K(583680K), 0.0016206 secs] [Times: user=0.01 sys=0.00, real=0.00 secs] 
623.746: [GC (Allocation Failure) [PSYoungGen: 64992K->1504K(71168K)] 446022K->382550K(589312K), 0.0017551 secs] [Times: user=0.00 sys=0.00, real=0.00 secs] 
624.170: [GC (Allocation Failure) [PSYoungGen: 70624K->1360K(71168K)] 451670K->382406K(589312K), 0.0018076 secs] [Times: user=0.01 sys=0.00, real=0.01 secs] 
624.742: [GC (Allocation Failure) [PSYoungGen: 70480K->1376K(70144K)] 451526K->382422K(588288K), 0.0019788 secs] [Times: user=0.01 sys=0.01, real=0.00 secs] 
625.374: [GC (Allocation Failure) [PSYoungGen: 69984K->1344K(69632K)] 451030K->382390K(587776K), 0.0023533 secs] [Times: user=0.01 sys=0.00, real=0.00 secs] 
625.842: [GC (Allocation Failure) [PSYoungGen: 69440K->1344K(69120K)] 450486K->382390K(587264K), 0.0026005 secs] [Times: user=0.01 sys=0.00, real=0.00 secs] 
626.232: [GC (Allocation Failure) [PSYoungGen: 68928K->1424K(68608K)] 449974K->382470K(586752K), 0.0019980 secs] [Times: user=0.01 sys=0.00, real=0.00 secs] 
626.362: [GC (Allocation Failure) [PSYoungGen: 68496K->1501K(68096K)] 449542K->382547K(586240K), 0.0017158 secs] [Times: user=0.01 sys=0.00, real=0.00 secs] 
626.480: [GC (Allocation Failure) [PSYoungGen: 68061K->1424K(74240K)] 449107K->382470K(592384K), 0.0015683 secs] [Times: user=0.00 sys=0.01, real=0.01 secs] 
626.608: [GC (Allocation Failure) [PSYoungGen: 73616K->1440K(74240K)] 454662K->382502K(592384K), 0.0017430 secs] [Times: user=0.00 sys=0.01, real=0.00 secs] 
627.204: [GC (Allocation Failure) [PSYoungGen: 73632K->1392K(73216K)] 454694K->382462K(591360K), 0.0023471 secs] [Times: user=0.01 sys=0.00, real=0.00 secs] 
627.873: [GC (Allocation Failure) [PSYoungGen: 73072K->1408K(72704K)] 454142K->382478K(590848K), 0.0033453 secs] [Times: user=0.01 sys=0.00, real=0.00 secs] 
628.480: [GC (Allocation Failure) [PSYoungGen: 72576K->1408K(72192K)] 453646K->382478K(590336K), 0.0029092 secs] [Times: user=0.01 sys=0.00, real=0.01 secs] 
629.103: [GC (Allocation Failure) [PSYoungGen: 72064K->1440K(71680K)] 453134K->382510K(589824K), 0.0019221 secs] [Times: user=0.00 sys=0.00, real=0.00 secs] 
629.387: [GC (Allocation Failure) [PSYoungGen: 71584K->1453K(71168K)] 452654K->382523K(589312K), 0.0017739 secs] [Times: user=0.00 sys=0.00, real=0.00 secs] 
629.527: [GC (Allocation Failure) [PSYoungGen: 71085K->477K(69632K)] 452155K->382571K(587776K), 0.0019485 secs] [Times: user=0.01 sys=0.00, real=0.00 secs] 
629.686: [GC (Allocation Failure) [PSYoungGen: 69597K->429K(70656K)] 451691K->382523K(588800K), 0.0019110 secs] [Times: user=0.01 sys=0.00, real=0.00 secs] 
629.908: [GC (Allocation Failure) [PSYoungGen: 69037K->1472K(69632K)] 451131K->383566K(587776K), 0.0017751 secs] [Times: user=0.01 sys=0.01, real=0.00 secs] 
630.185: [GC (Allocation Failure) [PSYoungGen: 69568K->1440K(69120K)] 451662K->383550K(587264K), 0.0022843 secs] [Times: user=0.01 sys=0.00, real=0.00 secs] 
630.466: [GC (Allocation Failure) [PSYoungGen: 69024K->1376K(68608K)] 451134K->383486K(586752K), 0.0018861 secs] [Times: user=0.01 sys=0.00, real=0.00 secs] 
630.745: [GC (Allocation Failure) [PSYoungGen: 68448K->1376K(68096K)] 450558K->383486K(586240K), 0.0021963 secs] [Times: user=0.00 sys=0.00, real=0.00 secs] 
631.021: [GC (Allocation Failure) [PSYoungGen: 67936K->1376K(68608K)] 450046K->383486K(586752K), 0.0054782 secs] [Times: user=0.02 sys=0.00, real=0.00 secs] 
631.202: [GC (Allocation Failure) [PSYoungGen: 68448K->1501K(69120K)] 450558K->383611K(587264K), 0.0014931 secs] [Times: user=0.01 sys=0.01, real=0.00 secs] 
631.322: [GC (Allocation Failure) [PSYoungGen: 68573K->1485K(75264K)] 450683K->383595K(593408K), 0.0021087 secs] [Times: user=0.01 sys=0.00, real=0.00 secs] 
631.451: [GC (Allocation Failure) [PSYoungGen: 74701K->1501K(75264K)] 456811K->383611K(593408K), 0.0015401 secs] [Times: user=0.01 sys=0.00, real=0.00 secs] 
631.641: [GC (Allocation Failure) [PSYoungGen: 74717K->1504K(82432K)] 456827K->385678K(600576K), 0.0019111 secs] [Times: user=0.01 sys=0.00, real=0.01 secs] 
631.975: [GC (Allocation Failure) [PSYoungGen: 81888K->336K(82432K)] 466062K->384510K(600576K), 0.0025313 secs] [Times: user=0.01 sys=0.00, real=0.00 secs] 
632.310: [GC (Allocation Failure) [PSYoungGen: 80720K->384K(80384K)] 464894K->384558K(598528K), 0.0019666 secs] [Times: user=0.01 sys=0.00, real=0.01 secs] 
632.642: [GC (Allocation Failure) [PSYoungGen: 80256K->304K(79872K)] 464430K->384478K(598016K), 0.0017724 secs] [Times: user=0.00 sys=0.00, real=0.00 secs] 
632.953: [GC (Allocation Failure) [PSYoungGen: 79664K->1456K(80384K)] 463838K->385630K(598528K), 0.0021680 secs] [Times: user=0.01 sys=0.00, real=0.00 secs] 
633.141: [GC (Allocation Failure) [PSYoungGen: 80304K->1440K(79872K)] 464478K->385614K(598016K), 0.0016218 secs] [Times: user=0.00 sys=0.00, real=0.01 secs] 
633.278: [GC (Allocation Failure) [PSYoungGen: 79776K->1501K(79360K)] 463950K->385675K(597504K), 0.0016936 secs] [Times: user=0.01 sys=0.00, real=0.00 secs] 
633.594: [GC (Allocation Failure) [PSYoungGen: 79325K->1440K(78848K)] 463499K->385614K(596992K), 0.0025772 secs] [Times: user=0.01 sys=0.00, real=0.00 secs] 
634.238: [GC (Allocation Failure) [PSYoungGen: 78752K->1344K(78336K)] 462926K->385518K(596480K), 0.0040592 secs] [Times: user=0.02 sys=0.00, real=0.01 secs] 
634.872: [GC (Allocation Failure) [PSYoungGen: 78144K->1360K(77824K)] 462318K->385534K(595968K), 0.0023668 secs] [Times: user=0.01 sys=0.00, real=0.00 secs] 
635.458: [GC (Allocation Failure) [PSYoungGen: 77648K->1376K(77312K)] 461822K->385550K(595456K), 0.0020539 secs] [Times: user=0.00 sys=0.00, real=0.00 secs] 
635.783: [GC (Allocation Failure) [PSYoungGen: 77152K->1488K(76800K)] 461326K->385662K(594944K), 0.0017620 secs] [Times: user=0.01 sys=0.00, real=0.00 secs] 
635.914: [GC (Allocation Failure) [PSYoungGen: 76752K->1472K(76288K)] 460926K->385646K(594432K), 0.0016614 secs] [Times: user=0.01 sys=0.00, real=0.00 secs] 
636.045: [GC (Allocation Failure) [PSYoungGen: 76224K->1504K(75776K)] 460398K->385678K(593920K), 0.0017377 secs] [Times: user=0.01 sys=0.00, real=0.00 secs] 
636.344: [GC (Allocation Failure) [PSYoungGen: 75744K->1408K(75264K)] 459918K->385582K(593408K), 0.0019146 secs] [Times: user=0.01 sys=0.00, real=0.00 secs] 
637.060: [GC (Allocation Failure) [PSYoungGen: 75136K->1328K(74752K)] 459310K->385518K(592896K), 0.0045378 secs] [Times: user=0.02 sys=0.00, real=0.01 secs] 
637.793: [GC (Allocation Failure) [PSYoungGen: 74544K->1376K(74240K)] 458734K->385566K(592384K), 0.0037955 secs] [Times: user=0.02 sys=0.00, real=0.00 secs] 
638.583: [GC (Allocation Failure) [PSYoungGen: 74080K->1344K(73728K)] 458270K->385534K(591872K), 0.0038793 secs] [Times: user=0.01 sys=0.01, real=0.00 secs] 
639.264: [GC (Allocation Failure) [PSYoungGen: 73536K->1405K(73216K)] 457726K->385595K(591360K), 0.0022564 secs] [Times: user=0.01 sys=0.00, real=0.00 secs] 
639.433: [GC (Allocation Failure) [PSYoungGen: 73085K->1485K(72704K)] 457275K->385675K(590848K), 0.0016780 secs] [Times: user=0.01 sys=0.00, real=0.00 secs] 
639.557: [GC (Allocation Failure) [PSYoungGen: 72653K->1453K(72192K)] 456843K->385643K(590336K), 0.0016292 secs] [Times: user=0.00 sys=0.00, real=0.00 secs] 
639.682: [GC (Allocation Failure) [PSYoungGen: 72109K->1421K(75776K)] 456299K->385611K(593920K), 0.0015693 secs] [Times: user=0.01 sys=0.00, real=0.00 secs] 
640.027: [GC (Allocation Failure) [PSYoungGen: 75149K->1392K(74752K)] 459339K->385582K(592896K), 0.0029618 secs] [Times: user=0.01 sys=0.00, real=0.00 secs] 
640.369: [GC (Allocation Failure) [PSYoungGen: 74608K->1376K(74240K)] 458798K->385566K(592384K), 0.0021379 secs] [Times: user=0.01 sys=0.00, real=0.01 secs] 
640.732: [GC (Allocation Failure) [PSYoungGen: 74080K->1312K(73728K)] 458270K->385526K(591872K), 0.0019882 secs] [Times: user=0.01 sys=0.00, real=0.00 secs] 
641.032: [GC (Allocation Failure) [PSYoungGen: 73504K->1360K(73216K)] 457718K->385574K(591360K), 0.0026915 secs] [Times: user=0.01 sys=0.00, real=0.00 secs] 
641.328: [GC (Allocation Failure) [PSYoungGen: 73040K->1485K(76288K)] 457254K->385699K(594432K), 0.0056543 secs] [Times: user=0.03 sys=0.00, real=0.01 secs] 
641.501: [GC (Allocation Failure) [PSYoungGen: 76237K->1437K(76800K)] 460451K->385651K(594944K), 0.0019032 secs] [Times: user=0.00 sys=0.00, real=0.00 secs] 
641.667: [GC (Allocation Failure) [PSYoungGen: 76189K->1517K(83456K)] 460403K->385731K(601600K), 0.0020337 secs] [Times: user=0.01 sys=0.00, real=0.00 secs] 
643.216: [GC (Allocation Failure) [PSYoungGen: 82925K->1440K(82432K)] 467139K->385654K(600576K), 0.0036449 secs] [Times: user=0.01 sys=0.00, real=0.00 secs] 
643.915: [GC (Allocation Failure) [PSYoungGen: 82336K->1344K(81920K)] 466550K->385558K(600064K), 0.0021269 secs] [Times: user=0.01 sys=0.00, real=0.00 secs] 
644.644: [GC (Allocation Failure) [PSYoungGen: 81728K->1312K(81408K)] 465942K->385526K(599552K), 0.0022562 secs] [Times: user=0.01 sys=0.00, real=0.00 secs] 
645.359: [GC (Allocation Failure) [PSYoungGen: 81184K->1344K(80896K)] 465398K->385558K(599040K), 0.0039112 secs] [Times: user=0.01 sys=0.00, real=0.01 secs] 
645.628: [GC (Allocation Failure) [PSYoungGen: 80704K->1469K(80384K)] 464918K->385691K(598528K), 0.0017125 secs] [Times: user=0.00 sys=0.00, real=0.00 secs] 
645.768: [GC (Allocation Failure) [PSYoungGen: 80317K->1485K(79872K)] 464539K->385707K(598016K), 0.0017545 secs] [Times: user=0.00 sys=0.00, real=0.00 secs] 
645.907: [GC (Allocation Failure) [PSYoungGen: 79821K->1485K(79360K)] 464043K->385707K(597504K), 0.0016916 secs] [Times: user=0.01 sys=0.00, real=0.00 secs] 
646.670: [GC (Allocation Failure) [PSYoungGen: 79309K->1360K(78848K)] 463531K->385582K(596992K), 0.0020050 secs] [Times: user=0.00 sys=0.00, real=0.01 secs] 
647.902: [GC (Allocation Failure) [PSYoungGen: 78672K->1328K(78336K)] 462894K->385550K(596480K), 0.0040719 secs] [Times: user=0.02 sys=0.00, real=0.00 secs] 
648.991: [GC (Allocation Failure) [PSYoungGen: 78128K->1344K(77824K)] 462350K->385566K(595968K), 0.0047622 secs] [Times: user=0.02 sys=0.00, real=0.00 secs] 
650.047: [GC (Allocation Failure) [PSYoungGen: 77439K->256K(76288K)] 461662K->384478K(594432K), 0.0037962 secs] [Times: user=0.02 sys=0.00, real=0.01 secs] 
650.285: [GC (Allocation Failure) [PSYoungGen: 76032K->1469K(76800K)] 460254K->385691K(594944K), 0.0019266 secs] [Times: user=0.00 sys=0.00, real=0.00 secs] 
650.419: [GC (Allocation Failure) [PSYoungGen: 76733K->1469K(76288K)] 460955K->385691K(594432K), 0.0017255 secs] [Times: user=0.01 sys=0.01, real=0.00 secs] 
650.550: [GC (Allocation Failure) [PSYoungGen: 76221K->1440K(75776K)] 460443K->385662K(593920K), 0.0016112 secs] [Times: user=0.01 sys=0.00, real=0.01 secs] 
651.285: [GC (Allocation Failure) [PSYoungGen: 75680K->1424K(75264K)] 459902K->385646K(593408K), 0.0034731 secs] [Times: user=0.02 sys=0.00, real=0.00 secs] 
651.892: [GC (Allocation Failure) [PSYoungGen: 75152K->1312K(74752K)] 459374K->385534K(592896K), 0.0028047 secs] [Times: user=0.01 sys=0.00, real=0.00 secs] 
652.363: [GC (Allocation Failure) [PSYoungGen: 74528K->1344K(74240K)] 458750K->385566K(592384K), 0.0020047 secs] [Times: user=0.01 sys=0.00, real=0.00 secs] 
652.696: [GC (Allocation Failure) [PSYoungGen: 74048K->1312K(73728K)] 458270K->385558K(591872K), 0.0020460 secs] [Times: user=0.00 sys=0.00, real=0.00 secs] 
652.916: [GC (Allocation Failure) [PSYoungGen: 73504K->1437K(73216K)] 457750K->385683K(591360K), 0.0017139 secs] [Times: user=0.01 sys=0.00, real=0.00 secs] 
653.041: [GC (Allocation Failure) [PSYoungGen: 73117K->1453K(72704K)] 457363K->385707K(590848K), 0.0016266 secs] [Times: user=0.01 sys=0.00, real=0.00 secs] 
653.168: [GC (Allocation Failure) [PSYoungGen: 72621K->1453K(72192K)] 456875K->385707K(590336K), 0.0017102 secs] [Times: user=0.01 sys=0.00, real=0.00 secs] 
653.343: [GC (Allocation Failure) [PSYoungGen: 72109K->1664K(72704K)] 456363K->385918K(590848K), 0.0018755 secs] [Times: user=0.01 sys=0.00, real=0.00 secs] 
653.631: [GC (Allocation Failure) [PSYoungGen: 72320K->1344K(71680K)] 456574K->385598K(589824K), 0.0018564 secs] [Times: user=0.01 sys=0.00, real=0.00 secs] 
654.243: [GC (Allocation Failure) [PSYoungGen: 71488K->1344K(71168K)] 455742K->385598K(589312K), 0.0021676 secs] [Times: user=0.00 sys=0.00, real=0.00 secs] 
655.080: [GC (Allocation Failure) [PSYoungGen: 70976K->1344K(70656K)] 455230K->385598K(588800K), 0.0041704 secs] [Times: user=0.01 sys=0.01, real=0.01 secs] 
655.937: [GC (Allocation Failure) [PSYoungGen: 70464K->1456K(70144K)] 454718K->385710K(588288K), 0.0034989 secs] [Times: user=0.01 sys=0.00, real=0.00 secs] 
656.157: [GC (Allocation Failure) [PSYoungGen: 70064K->1469K(69632K)] 454318K->385723K(587776K), 0.0019568 secs] [Times: user=0.01 sys=0.00, real=0.00 secs] 
656.280: [GC (Allocation Failure) [PSYoungGen: 69565K->1440K(69120K)] 453819K->385694K(587264K), 0.0016785 secs] [Times: user=0.00 sys=0.00, real=0.01 secs] 
656.399: [GC (Allocation Failure) [PSYoungGen: 69024K->1485K(69632K)] 453278K->385739K(587776K), 0.0016771 secs] [Times: user=0.01 sys=0.00, real=0.01 secs] 
656.594: [GC (Allocation Failure) [PSYoungGen: 69069K->1440K(75264K)] 453323K->386734K(593408K), 0.0020578 secs] [Times: user=0.00 sys=0.00, real=0.00 secs] 
656.899: [GC (Allocation Failure) [PSYoungGen: 74656K->336K(73216K)] 459950K->385630K(591360K), 0.0017365 secs] [Times: user=0.00 sys=0.00, real=0.00 secs] 
657.200: [GC (Allocation Failure) [PSYoungGen: 73040K->320K(73728K)] 458334K->385614K(591872K), 0.0018763 secs] [Times: user=0.01 sys=0.00, real=0.01 secs] 
657.500: [GC (Allocation Failure) [PSYoungGen: 72512K->320K(72192K)] 457806K->385614K(590336K), 0.0016898 secs] [Times: user=0.00 sys=0.00, real=0.01 secs] 
657.782: [GC (Allocation Failure) [PSYoungGen: 72000K->1376K(72704K)] 457294K->386670K(590848K), 0.0016406 secs] [Times: user=0.00 sys=0.00, real=0.00 secs] 
657.907: [GC (Allocation Failure) [PSYoungGen: 72544K->1501K(72704K)] 457838K->386795K(590848K), 0.0016369 secs] [Times: user=0.01 sys=0.00, real=0.00 secs] 
658.031: [GC (Allocation Failure) [PSYoungGen: 72157K->1469K(73216K)] 457451K->386763K(591360K), 0.0015967 secs] [Times: user=0.00 sys=0.00, real=0.00 secs] 
658.156: [GC (Allocation Failure) [PSYoungGen: 72125K->1485K(73216K)] 457419K->386787K(591360K), 0.0016230 secs] [Times: user=0.01 sys=0.00, real=0.00 secs] 
658.600: [GC (Allocation Failure) [PSYoungGen: 72141K->1408K(71680K)] 457443K->386710K(589824K), 0.0020912 secs] [Times: user=0.01 sys=0.01, real=0.01 secs] 
659.183: [GC (Allocation Failure) [PSYoungGen: 71552K->1344K(71168K)] 456854K->386646K(589312K), 0.0021748 secs] [Times: user=0.00 sys=0.00, real=0.00 secs] 
659.769: [GC (Allocation Failure) [PSYoungGen: 70976K->1376K(70656K)] 456278K->386702K(588800K), 0.0036725 secs] [Times: user=0.01 sys=0.00, real=0.01 secs] 
660.623: [GC (Allocation Failure) [PSYoungGen: 70496K->1376K(70144K)] 455822K->386702K(588288K), 0.0028732 secs] [Times: user=0.01 sys=0.00, real=0.00 secs] 
661.028: [GC (Allocation Failure) [PSYoungGen: 69984K->1421K(69632K)] 455310K->386747K(587776K), 0.0023746 secs] [Times: user=0.01 sys=0.00, real=0.00 secs] 
661.246: [GC (Allocation Failure) [PSYoungGen: 69517K->1469K(69120K)] 454843K->386795K(587264K), 0.0023555 secs] [Times: user=0.01 sys=0.00, real=0.00 secs] 
661.433: [GC (Allocation Failure) [PSYoungGen: 69053K->1469K(68608K)] 454379K->386795K(586752K), 0.0021366 secs] [Times: user=0.01 sys=0.00, real=0.00 secs] 
661.590: [GC (Allocation Failure) [PSYoungGen: 68536K->1421K(68096K)] 453862K->386755K(586240K), 0.0017866 secs] [Times: user=0.01 sys=0.00, real=0.01 secs] 
662.304: [GC (Allocation Failure) [PSYoungGen: 67981K->1344K(67584K)] 453315K->386678K(585728K), 0.0037859 secs] [Times: user=0.01 sys=0.00, real=0.00 secs] 
663.105: [GC (Allocation Failure) [PSYoungGen: 67392K->1344K(67072K)] 452726K->386678K(585216K), 0.0048300 secs] [Times: user=0.02 sys=0.00, real=0.00 secs] 
664.006: [GC (Allocation Failure) [PSYoungGen: 66880K->1344K(66560K)] 452214K->386678K(584704K), 0.0045005 secs] [Times: user=0.02 sys=0.00, real=0.00 secs] 
664.856: [GC (Allocation Failure) [PSYoungGen: 66368K->1344K(66048K)] 451702K->386678K(584192K), 0.0047060 secs] [Times: user=0.02 sys=0.00, real=0.00 secs] 
665.434: [GC (Allocation Failure) [PSYoungGen: 65856K->1437K(65536K)] 451190K->386771K(583680K), 0.0022213 secs] [Times: user=0.01 sys=0.00, real=0.00 secs] 
665.587: [GC (Allocation Failure) [PSYoungGen: 65437K->1501K(65024K)] 450771K->386835K(583168K), 0.0018407 secs] [Times: user=0.00 sys=0.00, real=0.00 secs] 
665.698: [GC (Allocation Failure) [PSYoungGen: 64989K->1453K(64512K)] 450323K->386787K(582656K), 0.0016816 secs] [Times: user=0.00 sys=0.00, real=0.00 secs] 
665.825: [GC (Allocation Failure) [PSYoungGen: 64429K->1437K(70144K)] 449763K->386787K(588288K), 0.0018450 secs] [Times: user=0.01 sys=0.00, real=0.00 secs] 
666.177: [GC (Allocation Failure) [PSYoungGen: 70045K->1376K(69632K)] 455395K->386726K(587776K), 0.0019677 secs] [Times: user=0.01 sys=0.00, real=0.00 secs] 
666.474: [GC (Allocation Failure) [PSYoungGen: 69472K->1344K(69120K)] 454822K->386694K(587264K), 0.0018420 secs] [Times: user=0.01 sys=0.00, real=0.00 secs] 
667.057: [GC (Allocation Failure) [PSYoungGen: 68928K->1344K(68608K)] 454278K->386694K(586752K), 0.0022565 secs] [Times: user=0.01 sys=0.00, real=0.00 secs] 
667.703: [GC (Allocation Failure) [PSYoungGen: 68416K->1376K(68096K)] 453766K->386726K(586240K), 0.0020853 secs] [Times: user=0.01 sys=0.00, real=0.00 secs] 
668.297: [GC (Allocation Failure) [PSYoungGen: 67936K->1437K(67584K)] 453286K->386787K(585728K), 0.0021007 secs] [Times: user=0.00 sys=0.00, real=0.00 secs] 
668.443: [GC (Allocation Failure) [PSYoungGen: 67485K->1440K(67072K)] 452835K->386790K(585216K), 0.0017344 secs] [Times: user=0.00 sys=0.00, real=0.00 secs] 
668.559: [GC (Allocation Failure) [PSYoungGen: 66976K->1472K(66560K)] 452326K->386822K(584704K), 0.0016975 secs] [Times: user=0.00 sys=0.00, real=0.00 secs] 
668.673: [GC (Allocation Failure) [PSYoungGen: 66496K->1440K(67072K)] 451846K->386798K(585216K), 0.0016745 secs] [Times: user=0.01 sys=0.00, real=0.00 secs] 
669.072: [GC (Allocation Failure) [PSYoungGen: 66464K->1408K(66048K)] 451822K->386766K(584192K), 0.0022263 secs] [Times: user=0.01 sys=0.00, real=0.00 secs] 
669.654: [GC (Allocation Failure) [PSYoungGen: 65920K->1344K(65536K)] 451278K->386702K(583680K), 0.0041541 secs] [Times: user=0.01 sys=0.01, real=0.00 secs] 
669.961: [GC (Allocation Failure) [PSYoungGen: 65344K->1344K(65024K)] 450702K->386726K(583168K), 0.0019854 secs] [Times: user=0.01 sys=0.00, real=0.00 secs] 
670.474: [GC (Allocation Failure) [PSYoungGen: 64832K->1344K(64512K)] 450214K->386726K(582656K), 0.0024719 secs] [Times: user=0.01 sys=0.00, real=0.00 secs] 
671.045: [GC (Allocation Failure) [PSYoungGen: 64320K->1344K(64000K)] 449702K->386726K(582144K), 0.0022305 secs] [Times: user=0.01 sys=0.00, real=0.00 secs] 
671.339: [GC (Allocation Failure) [PSYoungGen: 63808K->1437K(63488K)] 449190K->386819K(581632K), 0.0019915 secs] [Times: user=0.00 sys=0.00, real=0.00 secs] 
671.452: [GC (Allocation Failure) [PSYoungGen: 63389K->1469K(62976K)] 448771K->386851K(581120K), 0.0016049 secs] [Times: user=0.01 sys=0.00, real=0.00 secs] 
671.559: [GC (Allocation Failure) [PSYoungGen: 62909K->1408K(68096K)] 448291K->386806K(586240K), 0.0016873 secs] [Times: user=0.01 sys=0.00, real=0.01 secs] 
671.693: [GC (Allocation Failure) [PSYoungGen: 67968K->1469K(68608K)] 453366K->386867K(586752K), 0.0018005 secs] [Times: user=0.00 sys=0.00, real=0.00 secs] 
671.954: [GC (Allocation Failure) [PSYoungGen: 68029K->1376K(68608K)] 453427K->386782K(586752K), 0.0018663 secs] [Times: user=0.00 sys=0.00, real=0.00 secs] 
672.284: [GC (Allocation Failure) [PSYoungGen: 67936K->1344K(67584K)] 453342K->386750K(585728K), 0.0020605 secs] [Times: user=0.00 sys=0.00, real=0.00 secs] 
672.732: [GC (Allocation Failure) [PSYoungGen: 67392K->1376K(67072K)] 452798K->386782K(585216K), 0.0019466 secs] [Times: user=0.00 sys=0.01, real=0.00 secs] 
673.249: [GC (Allocation Failure) [PSYoungGen: 66912K->1344K(66560K)] 452318K->386750K(584704K), 0.0018009 secs] [Times: user=0.00 sys=0.00, real=0.01 secs] 
673.671: [GC (Allocation Failure) [PSYoungGen: 66368K->1421K(66048K)] 451774K->386827K(584192K), 0.0022894 secs] [Times: user=0.00 sys=0.00, real=0.01 secs] 
673.825: [GC (Allocation Failure) [PSYoungGen: 65933K->400K(64512K)] 451339K->386830K(582656K), 0.0016956 secs] [Times: user=0.00 sys=0.00, real=0.00 secs] 
673.938: [GC (Allocation Failure) [PSYoungGen: 64400K->397K(65536K)] 450830K->386835K(583680K), 0.0015752 secs] [Times: user=0.00 sys=0.00, real=0.00 secs] 
674.049: [GC (Allocation Failure) [PSYoungGen: 63885K->397K(70656K)] 450323K->386835K(588800K), 0.0016340 secs] [Times: user=0.00 sys=0.00, real=0.00 secs] 
674.951: [GC (Allocation Failure) [PSYoungGen: 69517K->1408K(70144K)] 455955K->387846K(588288K), 0.0048086 secs] [Times: user=0.02 sys=0.01, real=0.00 secs] 
675.868: [GC (Allocation Failure) [PSYoungGen: 70016K->1312K(69632K)] 456454K->387750K(587776K), 0.0029657 secs] [Times: user=0.01 sys=0.00, real=0.01 secs] 
676.658: [GC (Allocation Failure) [PSYoungGen: 69408K->1344K(69120K)] 455846K->387782K(587264K), 0.0031225 secs] [Times: user=0.01 sys=0.00, real=0.00 secs] 
677.475: [GC (Allocation Failure) [PSYoungGen: 68928K->1344K(68608K)] 455366K->387782K(586752K), 0.0033097 secs] [Times: user=0.01 sys=0.00, real=0.00 secs] 
677.774: [GC (Allocation Failure) [PSYoungGen: 68416K->1405K(68096K)] 454854K->387843K(586240K), 0.0019237 secs] [Times: user=0.01 sys=0.00, real=0.00 secs] 
677.895: [GC (Allocation Failure) [PSYoungGen: 67965K->1485K(67584K)] 454403K->387923K(585728K), 0.0016933 secs] [Times: user=0.01 sys=0.00, real=0.00 secs] 
678.010: [GC (Allocation Failure) [PSYoungGen: 67533K->1453K(68096K)] 453971K->387891K(586240K), 0.0016139 secs] [Times: user=0.01 sys=0.00, real=0.01 secs] 
678.126: [GC (Allocation Failure) [PSYoungGen: 67501K->1485K(73728K)] 453939K->387947K(591872K), 0.0016918 secs] [Times: user=0.00 sys=0.00, real=0.00 secs] 
679.038: [GC (Allocation Failure) [PSYoungGen: 73165K->1392K(72704K)] 459627K->387854K(590848K), 0.0027822 secs] [Times: user=0.01 sys=0.00, real=0.01 secs] 
679.990: [GC (Allocation Failure) [PSYoungGen: 72560K->1376K(72192K)] 459022K->387838K(590336K), 0.0030347 secs] [Times: user=0.01 sys=0.00, real=0.01 secs] 
680.629: [GC (Allocation Failure) [PSYoungGen: 72032K->1360K(71680K)] 458494K->387822K(589824K), 0.0022720 secs] [Times: user=0.01 sys=0.00, real=0.01 secs] 
681.506: [GC (Allocation Failure) [PSYoungGen: 71504K->1344K(71168K)] 457966K->387814K(589312K), 0.0044113 secs] [Times: user=0.01 sys=0.00, real=0.00 secs] 
682.062: [GC (Allocation Failure) [PSYoungGen: 70976K->1469K(70656K)] 457446K->387939K(588800K), 0.0019803 secs] [Times: user=0.01 sys=0.00, real=0.00 secs] 
682.212: [GC (Allocation Failure) [PSYoungGen: 70589K->1485K(70144K)] 457059K->387955K(588288K), 0.0016894 secs] [Times: user=0.00 sys=0.00, real=0.00 secs] 
682.337: [GC (Allocation Failure) [PSYoungGen: 70093K->1453K(69632K)] 456563K->387923K(587776K), 0.0015611 secs] [Times: user=0.00 sys=0.00, real=0.00 secs] 
682.476: [GC (Allocation Failure) [PSYoungGen: 69549K->1421K(69120K)] 456019K->387907K(587264K), 0.0018612 secs] [Times: user=0.00 sys=0.00, real=0.00 secs] 
683.453: [GC (Allocation Failure) [PSYoungGen: 69005K->1344K(68608K)] 455491K->387830K(586752K), 0.0024126 secs] [Times: user=0.01 sys=0.00, real=0.00 secs] 
684.831: [GC (Allocation Failure) [PSYoungGen: 68416K->1344K(68096K)] 454902K->387838K(586240K), 0.0044740 secs] [Times: user=0.02 sys=0.00, real=0.00 secs] 
685.880: [GC (Allocation Failure) [PSYoungGen: 67904K->1376K(67584K)] 454398K->387870K(585728K), 0.0041283 secs] [Times: user=0.01 sys=0.00, real=0.01 secs] 
687.018: [GC (Allocation Failure) [PSYoungGen: 67424K->1376K(67072K)] 453918K->387870K(585216K), 0.0044261 secs] [Times: user=0.02 sys=0.00, real=0.01 secs] 
687.527: [GC (Allocation Failure) [PSYoungGen: 66912K->1485K(66560K)] 453406K->387979K(584704K), 0.0021085 secs] [Times: user=0.01 sys=0.00, real=0.00 secs] 
687.715: [GC (Allocation Failure) [PSYoungGen: 66509K->1469K(66048K)] 453003K->387963K(584192K), 0.0022351 secs] [Times: user=0.00 sys=0.00, real=0.00 secs] 
687.895: [GC (Allocation Failure) [PSYoungGen: 65981K->1469K(65536K)] 452475K->387963K(583680K), 0.0020261 secs] [Times: user=0.00 sys=0.00, real=0.00 secs] 
688.038: [GC (Allocation Failure) [PSYoungGen: 65469K->1485K(65024K)] 451963K->387987K(583168K), 0.0017420 secs] [Times: user=0.01 sys=0.00, real=0.00 secs] 
688.647: [GC (Allocation Failure) [PSYoungGen: 64973K->1456K(64512K)] 451475K->387958K(582656K), 0.0049563 secs] [Times: user=0.02 sys=0.00, real=0.01 secs] 
689.285: [GC (Allocation Failure) [PSYoungGen: 64432K->1376K(64000K)] 450934K->387878K(582144K), 0.0040504 secs] [Times: user=0.01 sys=0.00, real=0.00 secs] 
689.892: [GC (Allocation Failure) [PSYoungGen: 63840K->1376K(63488K)] 450342K->387878K(581632K), 0.0030080 secs] [Times: user=0.01 sys=0.00, real=0.00 secs] 
690.167: [GC (Allocation Failure) [PSYoungGen: 63328K->1376K(62976K)] 449830K->387878K(581120K), 0.0020005 secs] [Times: user=0.01 sys=0.00, real=0.00 secs] 
690.816: [GC (Allocation Failure) [PSYoungGen: 62816K->1469K(62464K)] 449318K->387971K(580608K), 0.0019242 secs] [Times: user=0.01 sys=0.00, real=0.00 secs] 
690.939: [GC (Allocation Failure) [PSYoungGen: 62397K->1501K(61952K)] 448899K->388003K(580096K), 0.0016806 secs] [Times: user=0.01 sys=0.00, real=0.00 secs] 
691.046: [GC (Allocation Failure) [PSYoungGen: 61917K->1453K(62464K)] 448419K->387955K(580608K), 0.0017528 secs] [Times: user=0.01 sys=0.00, real=0.00 secs] 
691.152: [GC (Allocation Failure) [PSYoungGen: 61869K->1488K(67584K)] 448371K->387998K(585728K), 0.0020162 secs] [Times: user=0.01 sys=0.00, real=0.00 secs] 
691.270: [GC (Allocation Failure) [PSYoungGen: 67024K->1440K(67584K)] 453534K->387982K(585728K), 0.0016543 secs] [Times: user=0.01 sys=0.00, real=0.01 secs] 
692.088: [GC (Allocation Failure) [PSYoungGen: 66976K->1392K(72704K)] 453518K->387934K(590848K), 0.0023695 secs] [Times: user=0.01 sys=0.00, real=0.01 secs] 
692.419: [GC (Allocation Failure) [PSYoungGen: 72560K->1376K(72192K)] 459102K->387918K(590336K), 0.0018973 secs] [Times: user=0.01 sys=0.00, real=0.01 secs] 
692.950: [GC (Allocation Failure) [PSYoungGen: 72032K->1344K(71680K)] 458574K->387886K(589824K), 0.0017173 secs] [Times: user=0.01 sys=0.00, real=0.01 secs] 
693.552: [GC (Allocation Failure) [PSYoungGen: 71488K->1344K(71168K)] 458030K->387886K(589312K), 0.0025126 secs] [Times: user=0.01 sys=0.00, real=0.00 secs] 
693.950: [GC (Allocation Failure) [PSYoungGen: 70976K->1421K(70656K)] 457518K->387963K(588800K), 0.0020062 secs] [Times: user=0.01 sys=0.00, real=0.01 secs] 
694.084: [GC (Allocation Failure) [PSYoungGen: 70541K->1472K(70144K)] 457083K->388014K(588288K), 0.0017040 secs] [Times: user=0.01 sys=0.00, real=0.00 secs] 
694.204: [GC (Allocation Failure) [PSYoungGen: 70074K->1485K(69632K)] 456616K->388035K(587776K), 0.0016946 secs] [Times: user=0.00 sys=0.00, real=0.00 secs] 
694.537: [GC (Allocation Failure) [PSYoungGen: 69581K->1664K(69632K)] 456131K->388214K(587776K), 0.0020198 secs] [Times: user=0.01 sys=0.00, real=0.00 secs] 
695.996: [GC (Allocation Failure) [PSYoungGen: 69248K->320K(67584K)] 455798K->387894K(585728K), 0.0054580 secs] [Times: user=0.02 sys=0.00, real=0.01 secs] 
697.052: [GC (Allocation Failure) [PSYoungGen: 67392K->320K(68608K)] 454966K->387894K(586752K), 0.0026120 secs] [Times: user=0.01 sys=0.00, real=0.00 secs] 
697.620: [GC (Allocation Failure) [PSYoungGen: 66880K->320K(67072K)] 454454K->387894K(585216K), 0.0024747 secs] [Times: user=0.01 sys=0.00, real=0.01 secs] 
698.201: [GC (Allocation Failure) [PSYoungGen: 66368K->320K(67584K)] 453942K->387894K(585728K), 0.0026658 secs] [Times: user=0.01 sys=0.00, real=0.01 secs] 
698.457: [GC (Allocation Failure) [PSYoungGen: 65856K->1437K(67072K)] 453430K->389011K(585216K), 0.0018789 secs] [Times: user=0.01 sys=0.00, real=0.00 secs] 
698.575: [GC (Allocation Failure) [PSYoungGen: 66461K->1440K(66048K)] 454035K->389014K(584192K), 0.0016890 secs] [Times: user=0.01 sys=0.00, real=0.00 secs] 
698.688: [GC (Allocation Failure) [PSYoungGen: 65952K->1421K(67072K)] 453526K->388995K(585216K), 0.0016851 secs] [Times: user=0.01 sys=0.00, real=0.00 secs] 
698.801: [GC (Allocation Failure) [PSYoungGen: 65933K->1453K(67072K)] 453507K->389035K(585216K), 0.0016497 secs] [Times: user=0.00 sys=0.00, real=0.00 secs] 
700.412: [GC (Allocation Failure) [PSYoungGen: 65965K->1408K(65536K)] 453547K->388990K(583680K), 0.0031227 secs] [Times: user=0.01 sys=0.00, real=0.00 secs] 
701.698: [GC (Allocation Failure) [PSYoungGen: 65408K->1344K(65024K)] 452990K->388926K(583168K), 0.0021604 secs] [Times: user=0.01 sys=0.00, real=0.00 secs] 
702.024: [GC (Allocation Failure) [PSYoungGen: 64832K->1360K(64512K)] 452414K->388942K(582656K), 0.0021605 secs] [Times: user=0.00 sys=0.00, real=0.00 secs] 
702.573: [GC (Allocation Failure) [PSYoungGen: 64336K->1344K(64000K)] 451918K->388926K(582144K), 0.0021781 secs] [Times: user=0.00 sys=0.00, real=0.00 secs] 
702.998: [GC (Allocation Failure) [PSYoungGen: 63808K->1408K(63488K)] 451390K->388990K(581632K), 0.0020842 secs] [Times: user=0.01 sys=0.00, real=0.00 secs] 
703.122: [GC (Allocation Failure) [PSYoungGen: 63360K->1469K(62976K)] 450942K->389051K(581120K), 0.0016345 secs] [Times: user=0.01 sys=0.00, real=0.00 secs] 
703.229: [GC (Allocation Failure) [PSYoungGen: 62909K->1472K(68096K)] 450491K->389078K(586240K), 0.0017107 secs] [Times: user=0.00 sys=0.00, real=0.01 secs] 
703.365: [GC (Allocation Failure) [PSYoungGen: 68032K->1453K(68608K)] 455638K->389059K(586752K), 0.0018103 secs] [Times: user=0.01 sys=0.00, real=0.00 secs] 
703.734: [GC (Allocation Failure) [PSYoungGen: 68013K->1424K(67584K)] 455619K->389030K(585728K), 0.0022326 secs] [Times: user=0.00 sys=0.00, real=0.00 secs] 
704.545: [GC (Allocation Failure) [PSYoungGen: 67472K->1344K(67072K)] 455078K->388950K(585216K), 0.0027827 secs] [Times: user=0.00 sys=0.00, real=0.00 secs] 
705.214: [GC (Allocation Failure) [PSYoungGen: 66880K->1328K(66560K)] 454486K->388934K(584704K), 0.0024449 secs] [Times: user=0.01 sys=0.00, real=0.00 secs] 
706.008: [GC (Allocation Failure) [PSYoungGen: 66352K->1344K(66048K)] 453958K->388950K(584192K), 0.0025136 secs] [Times: user=0.01 sys=0.00, real=0.00 secs] 
706.701: [GC (Allocation Failure) [PSYoungGen: 65856K->1456K(65536K)] 453462K->389062K(583680K), 0.0022037 secs] [Times: user=0.01 sys=0.00, real=0.00 secs] 
706.869: [GC (Allocation Failure) [PSYoungGen: 65456K->1472K(65024K)] 453062K->389078K(583168K), 0.0017546 secs] [Times: user=0.00 sys=0.00, real=0.00 secs] 
706.997: [GC (Allocation Failure) [PSYoungGen: 64960K->1437K(64512K)] 452566K->389043K(582656K), 0.0017232 secs] [Times: user=0.00 sys=0.00, real=0.00 secs] 
707.137: [GC (Allocation Failure) [PSYoungGen: 64413K->1469K(64000K)] 452019K->389091K(582144K), 0.0018711 secs] [Times: user=0.01 sys=0.00, real=0.00 secs] 
707.256: [GC (Allocation Failure) [PSYoungGen: 63933K->1440K(69632K)] 451555K->389062K(587776K), 0.0016807 secs] [Times: user=0.01 sys=0.00, real=0.00 secs] 
708.317: [GC (Allocation Failure) [PSYoungGen: 69536K->1376K(69120K)] 457158K->388998K(587264K), 0.0032098 secs] [Times: user=0.01 sys=0.00, real=0.00 secs] 
709.336: [GC (Allocation Failure) [PSYoungGen: 68960K->1312K(68608K)] 456582K->388934K(586752K), 0.0035480 secs] [Times: user=0.01 sys=0.00, real=0.00 secs] 
710.321: [GC (Allocation Failure) [PSYoungGen: 68384K->1328K(68096K)] 456006K->388950K(586240K), 0.0035482 secs] [Times: user=0.02 sys=0.00, real=0.01 secs] 
711.154: [GC (Allocation Failure) [PSYoungGen: 67888K->1376K(67584K)] 455510K->388998K(585728K), 0.0040514 secs] [Times: user=0.01 sys=0.00, real=0.00 secs] 
711.566: [GC (Allocation Failure) [PSYoungGen: 67424K->1469K(67072K)] 455046K->389099K(585216K), 0.0019662 secs] [Times: user=0.01 sys=0.00, real=0.00 secs] 
711.701: [GC (Allocation Failure) [PSYoungGen: 67005K->1485K(66560K)] 454635K->389115K(584704K), 0.0016949 secs] [Times: user=0.01 sys=0.00, real=0.00 secs] 
711.815: [GC (Allocation Failure) [PSYoungGen: 66509K->1501K(66048K)] 454139K->389139K(584192K), 0.0016822 secs] [Times: user=0.01 sys=0.00, real=0.00 secs] 
711.928: [GC (Allocation Failure) [PSYoungGen: 66013K->1453K(66560K)] 453651K->389099K(584704K), 0.0016224 secs] [Times: user=0.01 sys=0.00, real=0.00 secs] 
712.712: [GC (Allocation Failure) [PSYoungGen: 65965K->1440K(65536K)] 453611K->389086K(583680K), 0.0019081 secs] [Times: user=0.01 sys=0.00, real=0.00 secs] 
713.498: [GC (Allocation Failure) [PSYoungGen: 65440K->1408K(65024K)] 453086K->389054K(583168K), 0.0022231 secs] [Times: user=0.01 sys=0.00, real=0.00 secs] 
714.325: [GC (Allocation Failure) [PSYoungGen: 64896K->1376K(64512K)] 452542K->389030K(582656K), 0.0021797 secs] [Times: user=0.01 sys=0.00, real=0.00 secs] 
715.151: [GC (Allocation Failure) [PSYoungGen: 64352K->1440K(64000K)] 452006K->389094K(582144K), 0.0028766 secs] [Times: user=0.01 sys=0.00, real=0.00 secs] 
715.585: [GC (Allocation Failure) [PSYoungGen: 63904K->1469K(63488K)] 451558K->389123K(581632K), 0.0023055 secs] [Times: user=0.01 sys=0.00, real=0.00 secs] 
715.721: [GC (Allocation Failure) [PSYoungGen: 63421K->1517K(62976K)] 451075K->389171K(581120K), 0.0017014 secs] [Times: user=0.00 sys=0.00, real=0.00 secs] 
715.829: [GC (Allocation Failure) [PSYoungGen: 62957K->1517K(62464K)] 450611K->389171K(580608K), 0.0016457 secs] [Times: user=0.01 sys=0.00, real=0.01 secs] 
715.936: [GC (Allocation Failure) [PSYoungGen: 62445K->1485K(62976K)] 450099K->389147K(581120K), 0.0016480 secs] [Times: user=0.00 sys=0.00, real=0.00 secs] 
716.130: [GC (Allocation Failure) [PSYoungGen: 62413K->1952K(62976K)] 450075K->389622K(581120K), 0.0019096 secs] [Times: user=0.01 sys=0.00, real=0.01 secs] 
716.566: [GC (Allocation Failure) [PSYoungGen: 62880K->1408K(61952K)] 450550K->389078K(580096K), 0.0021012 secs] [Times: user=0.01 sys=0.00, real=0.00 secs] 
717.097: [GC (Allocation Failure) [PSYoungGen: 61824K->1392K(61440K)] 449494K->389062K(579584K), 0.0023918 secs] [Times: user=0.00 sys=0.00, real=0.00 secs] 
717.676: [GC (Allocation Failure) [PSYoungGen: 61296K->1408K(61440K)] 448966K->389086K(579584K), 0.0021857 secs] [Times: user=0.01 sys=0.00, real=0.00 secs] 
718.207: [GC (Allocation Failure) [PSYoungGen: 61312K->1376K(61440K)] 448990K->389054K(579584K), 0.0023789 secs] [Times: user=0.01 sys=0.00, real=0.00 secs] 
718.830: [GC (Allocation Failure) [PSYoungGen: 61280K->1453K(61440K)] 448958K->389131K(579584K), 0.0020495 secs] [Times: user=0.00 sys=0.00, real=0.01 secs] 
718.988: [GC (Allocation Failure) [PSYoungGen: 61357K->1485K(61440K)] 449035K->389163K(579584K), 0.0022487 secs] [Times: user=0.01 sys=0.00, real=0.00 secs] 
719.131: [GC (Allocation Failure) [PSYoungGen: 61389K->1453K(61440K)] 449067K->389139K(579584K), 0.0016525 secs] [Times: user=0.00 sys=0.00, real=0.00 secs] 
719.251: [GC (Allocation Failure) [PSYoungGen: 61333K->1501K(65024K)] 449019K->389187K(583168K), 0.0017521 secs] [Times: user=0.01 sys=0.00, real=0.01 secs] 
719.946: [GC (Allocation Failure) [PSYoungGen: 64477K->1984K(64512K)] 452163K->390206K(582656K), 0.0037583 secs] [Times: user=0.01 sys=0.01, real=0.00 secs] 
721.037: [GC (Allocation Failure) [PSYoungGen: 64448K->1344K(63488K)] 452670K->389566K(581632K), 0.0033503 secs] [Times: user=0.01 sys=0.01, real=0.00 secs] 
721.779: [GC (Allocation Failure) [PSYoungGen: 63296K->320K(61952K)] 451518K->389566K(580096K), 0.0020244 secs] [Times: user=0.01 sys=0.00, real=0.01 secs] 
722.553: [GC (Allocation Failure) [PSYoungGen: 61760K->288K(61440K)] 451006K->389534K(579584K), 0.0025570 secs] [Times: user=0.01 sys=0.00, real=0.00 secs] 
723.050: [GC (Allocation Failure) [PSYoungGen: 61216K->352K(61440K)] 450462K->389598K(579584K), 0.0025472 secs] [Times: user=0.00 sys=0.00, real=0.01 secs] 
723.428: [GC (Allocation Failure) [PSYoungGen: 60768K->1440K(61440K)] 450014K->390686K(579584K), 0.0022500 secs] [Times: user=0.01 sys=0.00, real=0.00 secs] 
723.585: [GC (Allocation Failure) [PSYoungGen: 61344K->1405K(62464K)] 450590K->390659K(580608K), 0.0017968 secs] [Times: user=0.01 sys=0.00, real=0.00 secs] 
723.736: [GC (Allocation Failure) [PSYoungGen: 61309K->1389K(62464K)] 450563K->390643K(580608K), 0.0015695 secs] [Times: user=0.01 sys=0.00, real=0.00 secs] 
723.855: [GC (Allocation Failure) [PSYoungGen: 61293K->1469K(62464K)] 450547K->390723K(580608K), 0.0017410 secs] [Times: user=0.00 sys=0.00, real=0.00 secs] 
724.094: [GC (Allocation Failure) [PSYoungGen: 61373K->2448K(62464K)] 450627K->391702K(580608K), 0.0022173 secs] [Times: user=0.00 sys=0.00, real=0.00 secs] 
724.660: [GC (Allocation Failure) [PSYoungGen: 62352K->1376K(61440K)] 451606K->390630K(579584K), 0.0022542 secs] [Times: user=0.01 sys=0.00, real=0.01 secs] 
725.407: [GC (Allocation Failure) [PSYoungGen: 61280K->1376K(61440K)] 450534K->390630K(579584K), 0.0024030 secs] [Times: user=0.01 sys=0.00, real=0.00 secs] 
726.317: [GC (Allocation Failure) [PSYoungGen: 61280K->1376K(61440K)] 450534K->390630K(579584K), 0.0030052 secs] [Times: user=0.01 sys=0.00, real=0.00 secs] 
726.988: [GC (Allocation Failure) [PSYoungGen: 61280K->1296K(61440K)] 450534K->390550K(579584K), 0.0025245 secs] [Times: user=0.01 sys=0.00, real=0.00 secs] 
727.487: [GC (Allocation Failure) [PSYoungGen: 61200K->1421K(61440K)] 450454K->390675K(579584K), 0.0020950 secs] [Times: user=0.01 sys=0.00, real=0.00 secs] 
727.666: [GC (Allocation Failure) [PSYoungGen: 61325K->1437K(61440K)] 450579K->390707K(579584K), 0.0022423 secs] [Times: user=0.01 sys=0.00, real=0.00 secs] 
727.856: [GC (Allocation Failure) [PSYoungGen: 61341K->1421K(61952K)] 450611K->390691K(580096K), 0.0021040 secs] [Times: user=0.01 sys=0.00, real=0.00 secs] 
728.001: [GC (Allocation Failure) [PSYoungGen: 61325K->1469K(61952K)] 450595K->390739K(580096K), 0.0015910 secs] [Times: user=0.01 sys=0.00, real=0.00 secs] 
728.226: [GC (Allocation Failure) [PSYoungGen: 61373K->1392K(61952K)] 450643K->391686K(580096K), 0.0021601 secs] [Times: user=0.01 sys=0.00, real=0.00 secs] 
728.711: [GC (Allocation Failure) [PSYoungGen: 61296K->384K(61952K)] 451590K->390678K(580096K), 0.0024280 secs] [Times: user=0.01 sys=0.00, real=0.00 secs] 
729.231: [GC (Allocation Failure) [PSYoungGen: 60288K->320K(61440K)] 450582K->390614K(579584K), 0.0020206 secs] [Times: user=0.00 sys=0.00, real=0.00 secs] 
729.797: [GC (Allocation Failure) [PSYoungGen: 59712K->304K(61952K)] 450006K->390598K(580096K), 0.0022438 secs] [Times: user=0.00 sys=0.00, real=0.00 secs] 
730.854: [GC (Allocation Failure) [PSYoungGen: 59696K->320K(61952K)] 449990K->390614K(580096K), 0.0035641 secs] [Times: user=0.01 sys=0.00, real=0.00 secs] 
731.407: [GC (Allocation Failure) [PSYoungGen: 59712K->1421K(61952K)] 450006K->391723K(580096K), 0.0025069 secs] [Times: user=0.01 sys=0.00, real=0.00 secs] 
731.563: [GC (Allocation Failure) [PSYoungGen: 60813K->1485K(61952K)] 451115K->391795K(580096K), 0.0016744 secs] [Times: user=0.00 sys=0.00, real=0.00 secs] 
731.682: [GC (Allocation Failure) [PSYoungGen: 60877K->1421K(61952K)] 451187K->391755K(580096K), 0.0017374 secs] [Times: user=0.01 sys=0.00, real=0.00 secs] 
731.813: [GC (Allocation Failure) [PSYoungGen: 60813K->1437K(61952K)] 451147K->391771K(580096K), 0.0019579 secs] [Times: user=0.01 sys=0.00, real=0.00 secs] 
732.057: [GC (Allocation Failure) [PSYoungGen: 60829K->1968K(61952K)] 451163K->392302K(580096K), 0.0020301 secs] [Times: user=0.01 sys=0.00, real=0.00 secs] 
732.656: [GC (Allocation Failure) [PSYoungGen: 61360K->1376K(60928K)] 451694K->391710K(579072K), 0.0025660 secs] [Times: user=0.01 sys=0.00, real=0.00 secs] 
733.230: [GC (Allocation Failure) [PSYoungGen: 60768K->1344K(60928K)] 451102K->391678K(579072K), 0.0025101 secs] [Times: user=0.01 sys=0.00, real=0.01 secs] 
733.690: [GC (Allocation Failure) [PSYoungGen: 60736K->1408K(60928K)] 451070K->391742K(579072K), 0.0023920 secs] [Times: user=0.01 sys=0.00, real=0.01 secs] 
734.178: [GC (Allocation Failure) [PSYoungGen: 60800K->1408K(60928K)] 451134K->391750K(579072K), 0.0026069 secs] [Times: user=0.01 sys=0.00, real=0.00 secs] 
734.622: [GC (Allocation Failure) [PSYoungGen: 60800K->1408K(60928K)] 451142K->391750K(579072K), 0.0023065 secs] [Times: user=0.00 sys=0.00, real=0.00 secs] 
734.795: [GC (Allocation Failure) [PSYoungGen: 60800K->1485K(61952K)] 451142K->391835K(580096K), 0.0019803 secs] [Times: user=0.00 sys=0.00, real=0.00 secs] 
734.945: [GC (Allocation Failure) [PSYoungGen: 60877K->1501K(61952K)] 451227K->391851K(580096K), 0.0016479 secs] [Times: user=0.01 sys=0.00, real=0.00 secs] 
735.063: [GC (Allocation Failure) [PSYoungGen: 60893K->1501K(61952K)] 451243K->391851K(580096K), 0.0017400 secs] [Times: user=0.00 sys=0.00, real=0.00 secs] 
735.198: [GC (Allocation Failure) [PSYoungGen: 60893K->224K(67072K)] 451243K->390590K(585216K), 0.0018685 secs] [Times: user=0.01 sys=0.00, real=0.00 secs] 
735.929: [GC (Allocation Failure) [PSYoungGen: 64736K->1376K(65536K)] 455102K->391742K(583680K), 0.0023839 secs] [Times: user=0.01 sys=0.00, real=0.01 secs] 
736.512: [GC (Allocation Failure) [PSYoungGen: 65376K->1344K(65536K)] 455742K->391718K(583680K), 0.0020421 secs] [Times: user=0.01 sys=0.00, real=0.00 secs] 
737.134: [GC (Allocation Failure) [PSYoungGen: 64832K->1376K(64512K)] 455206K->391750K(582656K), 0.0025580 secs] [Times: user=0.01 sys=0.00, real=0.00 secs] 
737.830: [GC (Allocation Failure) [PSYoungGen: 64352K->1312K(64000K)] 454726K->391686K(582144K), 0.0027343 secs] [Times: user=0.01 sys=0.00, real=0.01 secs] 
738.244: [GC (Allocation Failure) [PSYoungGen: 63776K->1389K(63488K)] 454150K->391763K(581632K), 0.0020877 secs] [Times: user=0.01 sys=0.00, real=0.00 secs] 
738.407: [GC (Allocation Failure) [PSYoungGen: 63341K->1469K(62976K)] 453715K->391851K(581120K), 0.0021266 secs] [Times: user=0.01 sys=0.00, real=0.00 secs] 
738.568: [GC (Allocation Failure) [PSYoungGen: 62909K->1437K(62464K)] 453291K->391819K(580608K), 0.0024262 secs] [Times: user=0.01 sys=0.00, real=0.00 secs] 
738.724: [GC (Allocation Failure) [PSYoungGen: 62365K->1453K(62976K)] 452747K->391835K(581120K), 0.0016501 secs] [Times: user=0.00 sys=0.00, real=0.00 secs] 
738.985: [GC (Allocation Failure) [PSYoungGen: 62893K->1408K(62464K)] 453275K->391790K(580608K), 0.0023944 secs] [Times: user=0.01 sys=0.00, real=0.00 secs] 
739.277: [GC (Allocation Failure) [PSYoungGen: 62336K->1376K(61952K)] 452718K->391758K(580096K), 0.0019214 secs] [Times: user=0.01 sys=0.00, real=0.00 secs] 
739.528: [GC (Allocation Failure) [PSYoungGen: 61792K->1344K(61440K)] 452174K->391742K(579584K), 0.0020515 secs] [Times: user=0.01 sys=0.00, real=0.00 secs] 
739.777: [GC (Allocation Failure) [PSYoungGen: 61248K->1376K(61952K)] 451646K->391774K(580096K), 0.0017040 secs] [Times: user=0.01 sys=0.00, real=0.00 secs] 
740.067: [GC (Allocation Failure) [PSYoungGen: 61280K->1376K(61952K)] 451678K->391774K(580096K), 0.0019672 secs] [Times: user=0.01 sys=0.00, real=0.00 secs] 
740.317: [GC (Allocation Failure) [PSYoungGen: 61280K->1405K(61952K)] 451678K->391803K(580096K), 0.0015684 secs] [Times: user=0.01 sys=0.00, real=0.00 secs] 
740.422: [GC (Allocation Failure) [PSYoungGen: 61309K->1453K(61952K)] 451707K->391859K(580096K), 0.0015891 secs] [Times: user=0.00 sys=0.00, real=0.00 secs] 
740.527: [GC (Allocation Failure) [PSYoungGen: 61357K->1421K(61952K)] 451763K->391835K(580096K), 0.0016920 secs] [Times: user=0.01 sys=0.00, real=0.00 secs] 
740.633: [GC (Allocation Failure) [PSYoungGen: 61303K->1453K(61952K)] 451718K->391867K(580096K), 0.0016309 secs] [Times: user=0.00 sys=0.00, real=0.00 secs] 
740.986: [GC (Allocation Failure) [PSYoungGen: 61357K->1456K(67072K)] 451771K->391870K(585216K), 0.0021669 secs] [Times: user=0.01 sys=0.00, real=0.00 secs] 
741.748: [GC (Allocation Failure) [PSYoungGen: 66992K->1312K(66560K)] 457406K->391726K(584704K), 0.0019279 secs] [Times: user=0.01 sys=0.00, real=0.00 secs] 
742.263: [GC (Allocation Failure) [PSYoungGen: 66336K->1344K(66048K)] 456750K->391758K(584192K), 0.0021153 secs] [Times: user=0.01 sys=0.00, real=0.00 secs] 
742.719: [GC (Allocation Failure) [PSYoungGen: 65856K->1376K(65536K)] 456270K->391790K(583680K), 0.0021608 secs] [Times: user=0.01 sys=0.00, real=0.01 secs] 
743.167: [GC (Allocation Failure) [PSYoungGen: 65376K->1376K(65024K)] 455790K->391790K(583168K), 0.0021592 secs] [Times: user=0.01 sys=0.00, real=0.00 secs] 
743.312: [GC (Allocation Failure) [PSYoungGen: 64864K->1437K(64512K)] 455278K->391851K(582656K), 0.0016187 secs] [Times: user=0.01 sys=0.00, real=0.00 secs] 
743.422: [GC (Allocation Failure) [PSYoungGen: 64413K->1437K(64000K)] 454827K->391859K(582144K), 0.0016895 secs] [Times: user=0.00 sys=0.00, real=0.00 secs] 
743.534: [GC (Allocation Failure) [PSYoungGen: 63901K->1488K(64512K)] 454323K->391910K(582656K), 0.0016172 secs] [Times: user=0.01 sys=0.00, real=0.00 secs] 
743.644: [GC (Allocation Failure) [PSYoungGen: 63952K->1504K(70144K)] 454374K->391926K(588288K), 0.0017036 secs] [Times: user=0.01 sys=0.00, real=0.00 secs] 
744.227: [GC (Allocation Failure) [PSYoungGen: 69600K->1424K(70144K)] 460022K->391846K(588288K), 0.0024087 secs] [Times: user=0.00 sys=0.00, real=0.00 secs] 
744.636: [GC (Allocation Failure) [PSYoungGen: 69520K->1376K(69120K)] 459942K->391798K(587264K), 0.0023467 secs] [Times: user=0.01 sys=0.01, real=0.00 secs] 
745.026: [GC (Allocation Failure) [PSYoungGen: 68960K->1376K(68608K)] 459382K->391806K(586752K), 0.0020267 secs] [Times: user=0.01 sys=0.00, real=0.00 secs] 
745.515: [GC (Allocation Failure) [PSYoungGen: 68448K->1344K(68096K)] 458878K->391774K(586240K), 0.0020398 secs] [Times: user=0.00 sys=0.00, real=0.00 secs] 
745.929: [GC (Allocation Failure) [PSYoungGen: 67904K->1469K(67584K)] 458334K->391899K(585728K), 0.0018829 secs] [Times: user=0.01 sys=0.00, real=0.01 secs] 
746.047: [GC (Allocation Failure) [PSYoungGen: 67517K->1453K(67072K)] 457947K->391883K(585216K), 0.0016062 secs] [Times: user=0.00 sys=0.00, real=0.00 secs] 
746.164: [GC (Allocation Failure) [PSYoungGen: 66989K->1440K(72704K)] 457419K->391878K(590848K), 0.0016213 secs] [Times: user=0.01 sys=0.00, real=0.00 secs] 
746.289: [GC (Allocation Failure) [PSYoungGen: 72608K->1485K(73216K)] 463046K->391923K(591360K), 0.0016210 secs] [Times: user=0.00 sys=0.00, real=0.00 secs] 
747.208: [GC (Allocation Failure) [PSYoungGen: 72653K->1376K(72192K)] 463091K->391814K(590336K), 0.0021689 secs] [Times: user=0.01 sys=0.00, real=0.00 secs] 
748.162: [GC (Allocation Failure) [PSYoungGen: 72032K->1344K(71680K)] 462470K->391782K(589824K), 0.0024353 secs] [Times: user=0.01 sys=0.00, real=0.00 secs] 
748.705: [GC (Allocation Failure) [PSYoungGen: 71488K->1328K(71168K)] 461926K->391766K(589312K), 0.0019247 secs] [Times: user=0.00 sys=0.00, real=0.00 secs] 
749.425: [GC (Allocation Failure) [PSYoungGen: 70960K->1344K(70656K)] 461398K->391782K(588800K), 0.0024506 secs] [Times: user=0.01 sys=0.00, real=0.00 secs] 
749.786: [GC (Allocation Failure) [PSYoungGen: 70464K->1469K(70144K)] 460902K->391907K(588288K), 0.0019429 secs] [Times: user=0.01 sys=0.00, real=0.00 secs] 
749.907: [GC (Allocation Failure) [PSYoungGen: 70074K->1437K(69632K)] 460513K->391875K(587776K), 0.0017263 secs] [Times: user=0.01 sys=0.00, real=0.00 secs] 
750.028: [GC (Allocation Failure) [PSYoungGen: 69533K->1469K(69120K)] 459971K->391907K(587264K), 0.0017011 secs] [Times: user=0.00 sys=0.00, real=0.00 secs] 
750.221: [GC (Allocation Failure) [PSYoungGen: 69053K->1904K(69120K)] 459491K->392358K(587264K), 0.0018250 secs] [Times: user=0.00 sys=0.00, real=0.00 secs] 
750.811: [GC (Allocation Failure) [PSYoungGen: 68976K->1344K(68096K)] 459430K->391822K(586240K), 0.0020024 secs] [Times: user=0.00 sys=0.00, real=0.00 secs] 
751.421: [GC (Allocation Failure) [PSYoungGen: 67904K->1344K(67584K)] 458382K->391822K(585728K), 0.0025719 secs] [Times: user=0.01 sys=0.00, real=0.00 secs] 
751.948: [GC (Allocation Failure) [PSYoungGen: 67392K->1312K(67072K)] 457870K->391790K(585216K), 0.0025349 secs] [Times: user=0.01 sys=0.00, real=0.01 secs] 
752.479: [GC (Allocation Failure) [PSYoungGen: 66848K->1312K(66560K)] 457326K->391790K(584704K), 0.0031358 secs] [Times: user=0.01 sys=0.00, real=0.01 secs] 
752.721: [GC (Allocation Failure) [PSYoungGen: 66336K->1488K(66048K)] 456814K->391966K(584192K), 0.0019441 secs] [Times: user=0.01 sys=0.00, real=0.00 secs] 
752.838: [GC (Allocation Failure) [PSYoungGen: 66000K->1453K(65536K)] 456478K->391931K(583680K), 0.0016205 secs] [Times: user=0.01 sys=0.00, real=0.00 secs] 
752.952: [GC (Allocation Failure) [PSYoungGen: 65453K->1453K(66560K)] 455931K->391931K(584704K), 0.0016087 secs] [Times: user=0.00 sys=0.00, real=0.00 secs] 
753.065: [GC (Allocation Failure) [PSYoungGen: 65965K->1504K(71680K)] 456443K->391998K(589824K), 0.0014929 secs] [Times: user=0.00 sys=0.00, real=0.00 secs] 
753.977: [GC (Allocation Failure) [PSYoungGen: 71136K->1328K(70656K)] 461630K->391830K(588800K), 0.0020481 secs] [Times: user=0.01 sys=0.00, real=0.00 secs] 
755.075: [GC (Allocation Failure) [PSYoungGen: 70448K->1344K(70144K)] 460950K->391846K(588288K), 0.0030396 secs] [Times: user=0.01 sys=0.00, real=0.00 secs] 
756.040: [GC (Allocation Failure) [PSYoungGen: 69952K->1376K(69632K)] 460454K->391878K(587776K), 0.0034470 secs] [Times: user=0.01 sys=0.00, real=0.01 secs] 
756.599: [GC (Allocation Failure) [PSYoungGen: 69472K->1344K(69120K)] 459974K->391846K(587264K), 0.0030854 secs] [Times: user=0.01 sys=0.00, real=0.01 secs] 
757.104: [GC (Allocation Failure) [PSYoungGen: 68928K->1424K(68608K)] 459430K->391926K(586752K), 0.0022342 secs] [Times: user=0.01 sys=0.00, real=0.00 secs] 
757.282: [GC (Allocation Failure) [PSYoungGen: 68496K->1437K(68096K)] 458998K->391939K(586240K), 0.0021460 secs] [Times: user=0.01 sys=0.00, real=0.00 secs] 
757.456: [GC (Allocation Failure) [PSYoungGen: 67997K->1437K(67584K)] 458499K->391947K(585728K), 0.0024562 secs] [Times: user=0.01 sys=0.00, real=0.00 secs] 
757.611: [GC (Allocation Failure) [PSYoungGen: 67485K->1485K(67072K)] 457995K->391995K(585216K), 0.0016399 secs] [Times: user=0.01 sys=0.00, real=0.00 secs] 
758.074: [GC (Allocation Failure) [PSYoungGen: 67021K->1344K(66560K)] 457531K->391854K(584704K), 0.0028020 secs] [Times: user=0.01 sys=0.00, real=0.00 secs] 
758.605: [GC (Allocation Failure) [PSYoungGen: 66368K->1312K(66048K)] 456878K->391822K(584192K), 0.0026528 secs] [Times: user=0.01 sys=0.00, real=0.00 secs] 
759.127: [GC (Allocation Failure) [PSYoungGen: 65824K->1360K(65536K)] 456334K->391870K(583680K), 0.0026282 secs] [Times: user=0.01 sys=0.00, real=0.00 secs] 
759.527: [GC (Allocation Failure) [PSYoungGen: 65360K->1312K(65024K)] 455870K->391822K(583168K), 0.0019677 secs] [Times: user=0.01 sys=0.00, real=0.00 secs] 
759.748: [GC (Allocation Failure) [PSYoungGen: 64800K->1472K(64512K)] 455310K->391982K(582656K), 0.0016803 secs] [Times: user=0.01 sys=0.00, real=0.00 secs] 
759.859: [GC (Allocation Failure) [PSYoungGen: 64448K->1453K(64000K)] 454958K->391963K(582144K), 0.0016159 secs] [Times: user=0.01 sys=0.00, real=0.00 secs] 
759.970: [GC (Allocation Failure) [PSYoungGen: 63889K->1421K(64512K)] 454400K->391931K(582656K), 0.0016942 secs] [Times: user=0.01 sys=0.00, real=0.01 secs] 
760.081: [GC (Allocation Failure) [PSYoungGen: 63885K->1552K(70144K)] 454395K->392070K(588288K), 0.0016440 secs] [Times: user=0.01 sys=0.00, real=0.01 secs] 
761.699: [GC (Allocation Failure) [PSYoungGen: 69648K->1408K(69120K)] 460166K->391942K(587264K), 0.0041981 secs] [Times: user=0.01 sys=0.01, real=0.01 secs] 
762.617: [GC (Allocation Failure) [PSYoungGen: 68992K->1360K(68608K)] 459526K->391894K(586752K), 0.0024082 secs] [Times: user=0.01 sys=0.00, real=0.00 secs] 
763.251: [GC (Allocation Failure) [PSYoungGen: 68432K->1376K(68096K)] 458966K->391910K(586240K), 0.0021713 secs] [Times: user=0.00 sys=0.00, real=0.00 secs] 
763.921: [GC (Allocation Failure) [PSYoungGen: 67936K->1376K(67584K)] 458470K->391910K(585728K), 0.0021351 secs] [Times: user=0.01 sys=0.00, real=0.00 secs] 
764.575: [GC (Allocation Failure) [PSYoungGen: 67424K->1469K(67072K)] 457958K->392003K(585216K), 0.0026494 secs] [Times: user=0.01 sys=0.00, real=0.00 secs] 
764.782: [GC (Allocation Failure) [PSYoungGen: 67005K->1469K(66560K)] 457539K->392003K(584704K), 0.0020046 secs] [Times: user=0.01 sys=0.00, real=0.00 secs] 
764.940: [GC (Allocation Failure) [PSYoungGen: 66493K->1469K(66048K)] 457027K->392003K(584192K), 0.0019190 secs] [Times: user=0.01 sys=0.01, real=0.01 secs] 
765.093: [GC (Allocation Failure) [PSYoungGen: 65981K->1501K(65536K)] 456515K->392051K(583680K), 0.0019085 secs] [Times: user=0.01 sys=0.00, real=0.00 secs] 
765.337: [GC (Allocation Failure) [PSYoungGen: 65501K->1424K(65024K)] 456051K->392998K(583168K), 0.0021988 secs] [Times: user=0.00 sys=0.00, real=0.00 secs] 
765.992: [GC (Allocation Failure) [PSYoungGen: 64912K->320K(64512K)] 456486K->391894K(582656K), 0.0030318 secs] [Times: user=0.01 sys=0.00, real=0.00 secs] 
766.602: [GC (Allocation Failure) [PSYoungGen: 63296K->352K(62976K)] 454870K->391926K(581120K), 0.0030489 secs] [Times: user=0.02 sys=0.00, real=0.00 secs] 
767.231: [GC (Allocation Failure) [PSYoungGen: 62816K->336K(63488K)] 454390K->391910K(581632K), 0.0030244 secs] [Times: user=0.01 sys=0.00, real=0.01 secs] 
767.850: [GC (Allocation Failure) [PSYoungGen: 62288K->320K(61952K)] 453862K->391894K(580096K), 0.0023258 secs] [Times: user=0.01 sys=0.00, real=0.01 secs] 
768.122: [GC (Allocation Failure) [PSYoungGen: 61756K->1437K(62976K)] 453331K->393011K(581120K), 0.0018183 secs] [Times: user=0.01 sys=0.00, real=0.00 secs] 
768.231: [GC (Allocation Failure) [PSYoungGen: 62365K->1453K(61952K)] 453939K->393027K(580096K), 0.0016493 secs] [Times: user=0.00 sys=0.00, real=0.00 secs] 
768.338: [GC (Allocation Failure) [PSYoungGen: 61869K->1469K(62976K)] 453443K->393059K(581120K), 0.0016897 secs] [Times: user=0.00 sys=0.00, real=0.00 secs] 
768.444: [GC (Allocation Failure) [PSYoungGen: 61885K->1485K(62976K)] 453475K->393075K(581120K), 0.0016917 secs] [Times: user=0.01 sys=0.00, real=0.00 secs] 
768.668: [GC (Allocation Failure) [PSYoungGen: 61901K->1424K(68608K)] 453491K->393014K(586752K), 0.0019228 secs] [Times: user=0.01 sys=0.00, real=0.00 secs] 
768.942: [GC (Allocation Failure) [PSYoungGen: 67472K->1360K(68608K)] 459062K->392950K(586752K), 0.0018308 secs] [Times: user=0.01 sys=0.00, real=0.00 secs] 
769.236: [GC (Allocation Failure) [PSYoungGen: 67408K->1344K(67072K)] 458998K->392950K(585216K), 0.0020769 secs] [Times: user=0.01 sys=0.00, real=0.00 secs] 
769.585: [GC (Allocation Failure) [PSYoungGen: 66880K->1344K(66560K)] 458486K->392950K(584704K), 0.0021913 secs] [Times: user=0.01 sys=0.00, real=0.00 secs] 
769.942: [GC (Allocation Failure) [PSYoungGen: 66368K->1456K(66048K)] 457974K->393062K(584192K), 0.0021306 secs] [Times: user=0.01 sys=0.00, real=0.00 secs] 
770.069: [GC (Allocation Failure) [PSYoungGen: 65968K->1408K(65536K)] 457574K->393014K(583680K), 0.0017941 secs] [Times: user=0.00 sys=0.00, real=0.01 secs] 
770.182: [GC (Allocation Failure) [PSYoungGen: 65388K->1408K(71168K)] 456994K->393030K(589312K), 0.0016334 secs] [Times: user=0.01 sys=0.00, real=0.00 secs] 
770.305: [GC (Allocation Failure) [PSYoungGen: 71040K->1453K(71680K)] 462662K->393075K(589824K), 0.0016707 secs] [Times: user=0.01 sys=0.00, real=0.00 secs] 
770.620: [GC (Allocation Failure) [PSYoungGen: 71085K->1440K(77312K)] 462707K->393062K(595456K), 0.0022088 secs] [Times: user=0.01 sys=0.00, real=0.01 secs] 
771.244: [GC (Allocation Failure) [PSYoungGen: 77216K->1360K(76800K)] 468838K->392982K(594944K), 0.0019597 secs] [Times: user=0.00 sys=0.01, real=0.00 secs] 
771.807: [GC (Allocation Failure) [PSYoungGen: 76624K->1376K(76288K)] 468246K->392998K(594432K), 0.0022859 secs] [Times: user=0.00 sys=0.01, real=0.00 secs] 
772.347: [GC (Allocation Failure) [PSYoungGen: 76128K->1312K(75776K)] 467750K->392934K(593920K), 0.0020435 secs] [Times: user=0.01 sys=0.00, real=0.00 secs] 
772.854: [GC (Allocation Failure) [PSYoungGen: 75552K->1469K(75264K)] 467174K->393091K(593408K), 0.0021231 secs] [Times: user=0.00 sys=0.00, real=0.00 secs] 
773.015: [GC (Allocation Failure) [PSYoungGen: 75197K->1440K(74752K)] 466819K->393062K(592896K), 0.0017069 secs] [Times: user=0.00 sys=0.00, real=0.00 secs] 
773.144: [GC (Allocation Failure) [PSYoungGen: 74656K->1488K(74240K)] 466278K->393110K(592384K), 0.0017514 secs] [Times: user=0.00 sys=0.00, real=0.00 secs] 
773.274: [GC (Allocation Failure) [PSYoungGen: 74192K->1453K(74752K)] 465814K->393083K(592896K), 0.0039175 secs] [Times: user=0.01 sys=0.00, real=0.00 secs] 
773.740: [GC (Allocation Failure) [PSYoungGen: 74157K->1376K(81408K)] 465787K->393006K(599552K), 0.0023264 secs] [Times: user=0.01 sys=0.00, real=0.01 secs] 
774.093: [GC (Allocation Failure) [PSYoungGen: 81248K->1376K(81920K)] 472878K->393006K(600064K), 0.0020990 secs] [Times: user=0.01 sys=0.00, real=0.00 secs] 
774.762: [GC (Allocation Failure) [PSYoungGen: 81248K->1376K(80896K)] 472878K->393006K(599040K), 0.0023768 secs] [Times: user=0.01 sys=0.00, real=0.00 secs] 
775.222: [GC (Allocation Failure) [PSYoungGen: 80736K->1408K(80384K)] 472366K->393038K(598528K), 0.0023981 secs] [Times: user=0.01 sys=0.00, real=0.00 secs] 
775.376: [GC (Allocation Failure) [PSYoungGen: 80256K->1421K(79872K)] 471886K->393051K(598016K), 0.0016070 secs] [Times: user=0.00 sys=0.00, real=0.00 secs] 
775.514: [GC (Allocation Failure) [PSYoungGen: 79757K->1549K(87040K)] 471387K->393179K(605184K), 0.0018941 secs] [Times: user=0.01 sys=0.00, real=0.00 secs] 
775.809: [GC (Allocation Failure) [PSYoungGen: 85808K->1440K(86016K)] 477438K->393582K(604160K), 0.0020401 secs] [Times: user=0.01 sys=0.00, real=0.01 secs] 
776.928: [GC (Allocation Failure) [PSYoungGen: 85920K->1344K(85504K)] 478062K->393486K(603648K), 0.0037308 secs] [Times: user=0.02 sys=0.00, real=0.01 secs] 
777.933: [GC (Allocation Failure) [PSYoungGen: 85312K->1344K(84992K)] 477454K->393486K(603136K), 0.0030728 secs] [Times: user=0.02 sys=0.00, real=0.00 secs] 
779.003: [GC (Allocation Failure) [PSYoungGen: 84800K->1312K(84480K)] 476942K->393454K(602624K), 0.0046281 secs] [Times: user=0.02 sys=0.00, real=0.00 secs] 
779.653: [GC (Allocation Failure) [PSYoungGen: 84256K->1437K(83968K)] 476398K->393579K(602112K), 0.0019361 secs] [Times: user=0.01 sys=0.00, real=0.00 secs] 
779.806: [GC (Allocation Failure) [PSYoungGen: 83869K->1501K(83456K)] 476011K->393643K(601600K), 0.0017579 secs] [Times: user=0.01 sys=0.00, real=0.00 secs] 
779.949: [GC (Allocation Failure) [PSYoungGen: 83421K->1501K(82944K)] 475563K->393643K(601088K), 0.0016777 secs] [Times: user=0.00 sys=0.00, real=0.00 secs] 
780.913: [GC (Allocation Failure) [PSYoungGen: 82909K->1408K(82432K)] 475051K->393550K(600576K), 0.0023922 secs] [Times: user=0.01 sys=0.00, real=0.00 secs] 
781.676: [GC (Allocation Failure) [PSYoungGen: 82304K->1376K(81920K)] 474446K->393518K(600064K), 0.0019888 secs] [Times: user=0.01 sys=0.00, real=0.00 secs] 
782.394: [GC (Allocation Failure) [PSYoungGen: 81760K->1344K(81408K)] 473902K->393494K(599552K), 0.0026586 secs] [Times: user=0.01 sys=0.00, real=0.00 secs] 
783.150: [GC (Allocation Failure) [PSYoungGen: 81216K->1392K(80896K)] 473366K->393542K(599040K), 0.0023779 secs] [Times: user=0.01 sys=0.00, real=0.01 secs] 
783.351: [GC (Allocation Failure) [PSYoungGen: 80752K->1408K(80384K)] 472902K->393574K(598528K), 0.0017014 secs] [Times: user=0.01 sys=0.00, real=0.00 secs] 
783.491: [GC (Allocation Failure) [PSYoungGen: 80256K->1453K(79872K)] 472422K->393619K(598016K), 0.0015745 secs] [Times: user=0.01 sys=0.00, real=0.00 secs] 
783.652: [GC (Allocation Failure) [PSYoungGen: 79789K->1453K(79360K)] 471955K->393619K(597504K), 0.0020434 secs] [Times: user=0.01 sys=0.00, real=0.00 secs] 
784.155: [GC (Allocation Failure) [PSYoungGen: 79277K->1376K(78848K)] 471443K->393542K(596992K), 0.0021272 secs] [Times: user=0.01 sys=0.00, real=0.00 secs] 
784.527: [GC (Allocation Failure) [PSYoungGen: 78688K->1344K(78336K)] 470854K->393510K(596480K), 0.0019472 secs] [Times: user=0.01 sys=0.00, real=0.00 secs] 
784.865: [GC (Allocation Failure) [PSYoungGen: 78144K->1344K(77824K)] 470310K->393510K(595968K), 0.0019563 secs] [Times: user=0.01 sys=0.00, real=0.00 secs] 
785.213: [GC (Allocation Failure) [PSYoungGen: 77632K->1405K(77312K)] 469798K->393571K(595456K), 0.0022107 secs] [Times: user=0.01 sys=0.00, real=0.00 secs] 
785.405: [GC (Allocation Failure) [PSYoungGen: 77181K->1453K(76800K)] 469347K->393619K(594944K), 0.0019548 secs] [Times: user=0.01 sys=0.00, real=0.00 secs] 
785.565: [GC (Allocation Failure) [PSYoungGen: 76717K->1485K(76288K)] 468883K->393651K(594432K), 0.0018142 secs] [Times: user=0.01 sys=0.00, real=0.00 secs] 
785.697: [GC (Allocation Failure) [PSYoungGen: 76237K->1440K(75776K)] 468403K->393606K(593920K), 0.0016145 secs] [Times: user=0.01 sys=0.00, real=0.00 secs] 
786.064: [GC (Allocation Failure) [PSYoungGen: 75680K->1392K(75264K)] 467846K->393558K(593408K), 0.0020201 secs] [Times: user=0.01 sys=0.00, real=0.00 secs] 
786.386: [GC (Allocation Failure) [PSYoungGen: 75120K->1376K(74752K)] 467286K->393542K(592896K), 0.0019293 secs] [Times: user=0.01 sys=0.00, real=0.00 secs] 
786.754: [GC (Allocation Failure) [PSYoungGen: 74592K->1344K(74240K)] 466758K->393510K(592384K), 0.0018903 secs] [Times: user=0.01 sys=0.00, real=0.00 secs] 
787.359: [GC (Allocation Failure) [PSYoungGen: 74048K->1344K(73728K)] 466214K->393510K(591872K), 0.0021102 secs] [Times: user=0.01 sys=0.00, real=0.01 secs] 
787.575: [GC (Allocation Failure) [PSYoungGen: 73536K->1485K(73216K)] 465702K->393651K(591360K), 0.0018075 secs] [Times: user=0.01 sys=0.00, real=0.00 secs] 
787.701: [GC (Allocation Failure) [PSYoungGen: 73165K->448K(71680K)] 465331K->393638K(589824K), 0.0016344 secs] [Times: user=0.01 sys=0.00, real=0.01 secs] 
787.826: [GC (Allocation Failure) [PSYoungGen: 71616K->429K(72704K)] 464806K->393619K(590848K), 0.0015771 secs] [Times: user=0.00 sys=0.00, real=0.00 secs] 
788.092: [GC (Allocation Failure) [PSYoungGen: 71085K->1440K(71680K)] 464275K->394630K(589824K), 0.0018239 secs] [Times: user=0.00 sys=0.00, real=0.00 secs] 
788.526: [GC (Allocation Failure) [PSYoungGen: 71584K->1328K(71168K)] 464774K->394518K(589312K), 0.0019758 secs] [Times: user=0.01 sys=0.00, real=0.00 secs] 
788.815: [GC (Allocation Failure) [PSYoungGen: 70960K->1376K(70656K)] 464150K->394582K(588800K), 0.0018426 secs] [Times: user=0.01 sys=0.00, real=0.00 secs] 
789.103: [GC (Allocation Failure) [PSYoungGen: 70496K->1344K(70144K)] 463702K->394550K(588288K), 0.0018094 secs] [Times: user=0.01 sys=0.00, real=0.00 secs] 
789.392: [GC (Allocation Failure) [PSYoungGen: 69952K->1469K(69632K)] 463158K->394675K(587776K), 0.0017911 secs] [Times: user=0.01 sys=0.00, real=0.00 secs] 
789.517: [GC (Allocation Failure) [PSYoungGen: 69565K->1472K(69120K)] 462771K->394678K(587264K), 0.0017848 secs] [Times: user=0.01 sys=0.00, real=0.00 secs] 
789.637: [GC (Allocation Failure) [PSYoungGen: 69056K->1485K(70144K)] 462262K->394691K(588288K), 0.0016373 secs] [Times: user=0.01 sys=0.00, real=0.00 secs] 
789.757: [GC (Allocation Failure) [PSYoungGen: 70082K->1453K(70656K)] 463289K->394659K(588800K), 0.0016697 secs] [Times: user=0.01 sys=0.00, real=0.00 secs] 
790.141: [GC (Allocation Failure) [PSYoungGen: 70061K->1424K(69632K)] 463267K->394630K(587776K), 0.0021829 secs] [Times: user=0.01 sys=0.00, real=0.01 secs] 
790.930: [GC (Allocation Failure) [PSYoungGen: 69520K->1344K(69120K)] 462726K->394550K(587264K), 0.0046208 secs] [Times: user=0.01 sys=0.01, real=0.01 secs] 
791.739: [GC (Allocation Failure) [PSYoungGen: 68928K->1360K(68608K)] 462134K->394566K(586752K), 0.0031222 secs] [Times: user=0.01 sys=0.00, real=0.01 secs] 
792.577: [GC (Allocation Failure) [PSYoungGen: 68432K->1344K(68096K)] 461638K->394550K(586240K), 0.0027991 secs] [Times: user=0.01 sys=0.00, real=0.00 secs] 
793.212: [GC (Allocation Failure) [PSYoungGen: 67904K->1405K(67584K)] 461110K->394611K(585728K), 0.0021127 secs] [Times: user=0.01 sys=0.00, real=0.00 secs] 
793.368: [GC (Allocation Failure) [PSYoungGen: 67453K->1501K(67072K)] 460659K->394707K(585216K), 0.0016578 secs] [Times: user=0.01 sys=0.00, real=0.00 secs] 
793.502: [GC (Allocation Failure) [PSYoungGen: 67037K->1421K(66560K)] 460243K->394627K(584704K), 0.0017486 secs] [Times: user=0.00 sys=0.00, real=0.00 secs] 
793.647: [GC (Allocation Failure) [PSYoungGen: 66445K->1469K(72192K)] 459651K->394691K(590336K), 0.0019698 secs] [Times: user=0.01 sys=0.00, real=0.00 secs] 
794.369: [GC (Allocation Failure) [PSYoungGen: 72125K->1408K(71680K)] 465347K->394630K(589824K), 0.0029353 secs] [Times: user=0.01 sys=0.00, real=0.01 secs] 
795.108: [GC (Allocation Failure) [PSYoungGen: 71552K->1344K(71168K)] 464774K->394566K(589312K), 0.0024300 secs] [Times: user=0.01 sys=0.00, real=0.00 secs] 
795.731: [GC (Allocation Failure) [PSYoungGen: 70976K->1440K(70656K)] 464198K->394662K(588800K), 0.0034844 secs] [Times: user=0.02 sys=0.00, real=0.00 secs] 
796.439: [GC (Allocation Failure) [PSYoungGen: 70560K->1344K(70144K)] 463782K->394566K(588288K), 0.0030143 secs] [Times: user=0.01 sys=0.00, real=0.01 secs] 
796.911: [GC (Allocation Failure) [PSYoungGen: 69952K->1405K(69632K)] 463174K->394627K(587776K), 0.0021184 secs] [Times: user=0.01 sys=0.00, real=0.01 secs] 
797.054: [GC (Allocation Failure) [PSYoungGen: 69501K->1469K(69120K)] 462723K->394691K(587264K), 0.0017663 secs] [Times: user=0.01 sys=0.00, real=0.00 secs] 
797.175: [GC (Allocation Failure) [PSYoungGen: 69053K->1469K(68608K)] 462275K->394691K(586752K), 0.0017837 secs] [Times: user=0.01 sys=0.00, real=0.00 secs] 
797.293: [GC (Allocation Failure) [PSYoungGen: 68516K->1501K(69120K)] 461739K->394731K(587264K), 0.0017094 secs] [Times: user=0.01 sys=0.00, real=0.00 secs] 
797.506: [GC (Allocation Failure) [PSYoungGen: 68573K->1408K(75264K)] 461803K->394638K(593408K), 0.0019859 secs] [Times: user=0.00 sys=0.00, real=0.00 secs] 
797.810: [GC (Allocation Failure) [PSYoungGen: 74624K->1376K(74240K)] 467854K->394606K(592384K), 0.0016791 secs] [Times: user=0.01 sys=0.00, real=0.01 secs] 
798.112: [GC (Allocation Failure) [PSYoungGen: 74080K->1312K(73728K)] 467310K->394542K(591872K), 0.0017307 secs] [Times: user=0.01 sys=0.00, real=0.00 secs] 
798.411: [GC (Allocation Failure) [PSYoungGen: 73504K->1344K(73216K)] 466734K->394582K(591360K), 0.0017672 secs] [Times: user=0.01 sys=0.00, real=0.00 secs] 
798.655: [GC (Allocation Failure) [PSYoungGen: 73024K->1437K(72704K)] 466262K->394675K(590848K), 0.0019200 secs] [Times: user=0.01 sys=0.00, real=0.00 secs] 
798.822: [GC (Allocation Failure) [PSYoungGen: 72605K->1437K(72192K)] 465843K->394675K(590336K), 0.0018910 secs] [Times: user=0.01 sys=0.00, real=0.00 secs] 
798.960: [GC (Allocation Failure) [PSYoungGen: 72093K->1485K(71680K)] 465331K->394723K(589824K), 0.0017233 secs] [Times: user=0.00 sys=0.00, real=0.01 secs] 
799.084: [GC (Allocation Failure) [PSYoungGen: 71629K->1472K(72192K)] 464867K->394734K(590336K), 0.0017452 secs] [Times: user=0.01 sys=0.00, real=0.00 secs] 
799.411: [GC (Allocation Failure) [PSYoungGen: 71616K->1376K(78336K)] 464878K->394638K(596480K), 0.0021695 secs] [Times: user=0.01 sys=0.00, real=0.01 secs] 
799.728: [GC (Allocation Failure) [PSYoungGen: 77664K->1376K(77312K)] 470926K->394638K(595456K), 0.0022092 secs] [Times: user=0.01 sys=0.00, real=0.00 secs] 
800.044: [GC (Allocation Failure) [PSYoungGen: 77152K->1376K(76800K)] 470414K->394638K(594944K), 0.0020995 secs] [Times: user=0.00 sys=0.00, real=0.00 secs] 
800.491: [GC (Allocation Failure) [PSYoungGen: 76640K->1405K(76288K)] 469902K->394667K(594432K), 0.0021094 secs] [Times: user=0.01 sys=0.00, real=0.00 secs] 
800.646: [GC (Allocation Failure) [PSYoungGen: 76157K->1437K(75776K)] 469419K->394699K(593920K), 0.0017681 secs] [Times: user=0.01 sys=0.00, real=0.00 secs] 
800.799: [GC (Allocation Failure) [PSYoungGen: 75677K->1437K(75264K)] 468939K->394699K(593408K), 0.0020397 secs] [Times: user=0.01 sys=0.00, real=0.00 secs] 
800.955: [GC (Allocation Failure) [PSYoungGen: 75165K->1453K(75776K)] 468427K->394715K(593920K), 0.0017845 secs] [Times: user=0.01 sys=0.00, real=0.00 secs] 
801.397: [GC (Allocation Failure) [PSYoungGen: 75181K->1408K(74752K)] 468443K->394670K(592896K), 0.0022207 secs] [Times: user=0.01 sys=0.00, real=0.00 secs] 
802.059: [GC (Allocation Failure) [PSYoungGen: 74624K->352K(73728K)] 467886K->394638K(591872K), 0.0036996 secs] [Times: user=0.01 sys=0.00, real=0.01 secs] 
802.623: [GC (Allocation Failure) [PSYoungGen: 73056K->320K(72704K)] 467342K->394606K(590848K), 0.0030573 secs] [Times: user=0.01 sys=0.00, real=0.00 secs] 
803.226: [GC (Allocation Failure) [PSYoungGen: 72512K->288K(73216K)] 466798K->394574K(591360K), 0.0031842 secs] [Times: user=0.01 sys=0.00, real=0.00 secs] 
803.551: [GC (Allocation Failure) [PSYoungGen: 71968K->1456K(72704K)] 466254K->395742K(590848K), 0.0019635 secs] [Times: user=0.01 sys=0.00, real=0.01 secs] 
803.682: [GC (Allocation Failure) [PSYoungGen: 72624K->1421K(72192K)] 466910K->395707K(590336K), 0.0016149 secs] [Times: user=0.01 sys=0.00, real=0.00 secs] 
803.806: [GC (Allocation Failure) [PSYoungGen: 72077K->1405K(71680K)] 466363K->395691K(589824K), 0.0016562 secs] [Times: user=0.01 sys=0.00, real=0.00 secs] 
804.167: [GC (Allocation Failure) [PSYoungGen: 71549K->1904K(71680K)] 465835K->396190K(589824K), 0.0023228 secs] [Times: user=0.01 sys=0.00, real=0.00 secs] 
805.893: [GC (Allocation Failure) [PSYoungGen: 71536K->1328K(70656K)] 465822K->395614K(588800K), 0.0031385 secs] [Times: user=0.01 sys=0.00, real=0.00 secs] 
806.587: [GC (Allocation Failure) [PSYoungGen: 70448K->1344K(70144K)] 464734K->395630K(588288K), 0.0026102 secs] [Times: user=0.01 sys=0.00, real=0.00 secs] 
807.233: [GC (Allocation Failure) [PSYoungGen: 69952K->1376K(69632K)] 464238K->395662K(587776K), 0.0019439 secs] [Times: user=0.01 sys=0.00, real=0.00 secs] 
808.011: [GC (Allocation Failure) [PSYoungGen: 69472K->224K(69120K)] 463758K->394510K(587264K), 0.0025821 secs] [Times: user=0.00 sys=0.00, real=0.01 secs] 
808.242: [GC (Allocation Failure) [PSYoungGen: 67808K->1437K(68608K)] 462094K->395723K(586752K), 0.0022142 secs] [Times: user=0.01 sys=0.00, real=0.00 secs] 
808.381: [GC (Allocation Failure) [PSYoungGen: 68509K->1453K(68608K)] 462795K->395739K(586752K), 0.0017035 secs] [Times: user=0.01 sys=0.00, real=0.00 secs] 
808.497: [GC (Allocation Failure) [PSYoungGen: 68013K->1440K(67584K)] 462299K->395726K(585728K), 0.0017730 secs] [Times: user=0.00 sys=0.00, real=0.00 secs] 
808.891: [GC (Allocation Failure) [PSYoungGen: 67488K->1920K(67584K)] 461774K->396214K(585728K), 0.0028049 secs] [Times: user=0.01 sys=0.00, real=0.00 secs] 
809.497: [GC (Allocation Failure) [PSYoungGen: 67456K->1408K(66560K)] 461750K->395702K(584704K), 0.0027820 secs] [Times: user=0.01 sys=0.00, real=0.00 secs] 
809.992: [GC (Allocation Failure) [PSYoungGen: 66432K->1376K(66560K)] 460726K->395670K(584704K), 0.0023129 secs] [Times: user=0.00 sys=0.00, real=0.00 secs] 
810.498: [GC (Allocation Failure) [PSYoungGen: 65888K->1408K(65536K)] 460182K->395702K(583680K), 0.0023503 secs] [Times: user=0.00 sys=0.00, real=0.00 secs] 
810.958: [GC (Allocation Failure) [PSYoungGen: 65408K->1376K(65024K)] 459702K->395670K(583168K), 0.0019483 secs] [Times: user=0.00 sys=0.00, real=0.00 secs] 
811.145: [GC (Allocation Failure) [PSYoungGen: 64864K->1472K(64512K)] 459158K->395766K(582656K), 0.0017688 secs] [Times: user=0.00 sys=0.00, real=0.00 secs] 
811.255: [GC (Allocation Failure) [PSYoungGen: 64448K->1501K(64000K)] 458742K->395795K(582144K), 0.0015989 secs] [Times: user=0.00 sys=0.00, real=0.00 secs] 
811.365: [GC (Allocation Failure) [PSYoungGen: 63965K->1501K(65024K)] 458259K->395811K(583168K), 0.0017453 secs] [Times: user=0.01 sys=0.00, real=0.00 secs] 
811.476: [GC (Allocation Failure) [PSYoungGen: 64477K->1485K(70144K)] 458787K->395811K(588288K), 0.0016619 secs] [Times: user=0.01 sys=0.00, real=0.00 secs] 
811.968: [GC (Allocation Failure) [PSYoungGen: 69581K->1440K(70144K)] 463907K->395766K(588288K), 0.0027859 secs] [Times: user=0.01 sys=0.00, real=0.00 secs] 
812.674: [GC (Allocation Failure) [PSYoungGen: 69536K->1360K(69120K)] 463862K->395686K(587264K), 0.0025332 secs] [Times: user=0.01 sys=0.00, real=0.00 secs] 
813.346: [GC (Allocation Failure) [PSYoungGen: 68944K->1344K(68608K)] 463270K->395670K(586752K), 0.0024964 secs] [Times: user=0.00 sys=0.01, real=0.00 secs] 
814.067: [GC (Allocation Failure) [PSYoungGen: 68416K->1376K(68096K)] 462742K->395702K(586240K), 0.0027305 secs] [Times: user=0.01 sys=0.00, real=0.00 secs] 
814.561: [GC (Allocation Failure) [PSYoungGen: 67936K->1469K(67584K)] 462262K->395795K(585728K), 0.0023625 secs] [Times: user=0.01 sys=0.00, real=0.01 secs] 
814.706: [GC (Allocation Failure) [PSYoungGen: 67517K->1517K(67072K)] 461843K->395843K(585216K), 0.0016334 secs] [Times: user=0.01 sys=0.00, real=0.00 secs] 
814.824: [GC (Allocation Failure) [PSYoungGen: 67053K->1440K(66560K)] 461379K->395790K(584704K), 0.0016769 secs] [Times: user=0.01 sys=0.00, real=0.00 secs] 
814.939: [GC (Allocation Failure) [PSYoungGen: 66464K->1469K(72192K)] 460814K->395819K(590336K), 0.0016868 secs] [Times: user=0.01 sys=0.00, real=0.00 secs] 
815.231: [GC (Allocation Failure) [PSYoungGen: 72125K->1424K(71680K)] 466475K->395774K(589824K), 0.0019805 secs] [Times: user=0.01 sys=0.00, real=0.00 secs] 
815.530: [GC (Allocation Failure) [PSYoungGen: 71568K->1376K(71168K)] 465918K->395726K(589312K), 0.0018756 secs] [Times: user=0.00 sys=0.00, real=0.01 secs] 
815.868: [GC (Allocation Failure) [PSYoungGen: 71008K->1392K(70656K)] 465358K->395742K(588800K), 0.0019377 secs] [Times: user=0.01 sys=0.00, real=0.00 secs] 
816.208: [GC (Allocation Failure) [PSYoungGen: 70512K->1408K(70144K)] 464862K->395758K(588288K), 0.0021181 secs] [Times: user=0.00 sys=0.00, real=0.00 secs] 
816.471: [GC (Allocation Failure) [PSYoungGen: 70016K->1437K(69632K)] 464366K->395787K(587776K), 0.0016357 secs] [Times: user=0.01 sys=0.00, real=0.01 secs] 
816.607: [GC (Allocation Failure) [PSYoungGen: 69533K->1469K(69120K)] 463883K->395819K(587264K), 0.0018124 secs] [Times: user=0.01 sys=0.00, real=0.00 secs] 
816.756: [GC (Allocation Failure) [PSYoungGen: 69053K->1501K(69632K)] 463403K->395851K(587776K), 0.0020007 secs] [Times: user=0.01 sys=0.00, real=0.00 secs] 
816.879: [GC (Allocation Failure) [PSYoungGen: 69085K->1520K(75264K)] 463435K->395878K(593408K), 0.0017601 secs] [Times: user=0.01 sys=0.00, real=0.01 secs] 
817.804: [GC (Allocation Failure) [PSYoungGen: 74736K->1408K(74240K)] 469094K->395774K(592384K), 0.0030970 secs] [Times: user=0.01 sys=0.00, real=0.00 secs] 
818.574: [GC (Allocation Failure) [PSYoungGen: 74112K->1376K(73728K)] 468478K->395742K(591872K), 0.0031508 secs] [Times: user=0.01 sys=0.00, real=0.00 secs] 
819.194: [GC (Allocation Failure) [PSYoungGen: 73568K->1376K(73216K)] 467934K->395742K(591360K), 0.0031289 secs] [Times: user=0.01 sys=0.00, real=0.00 secs] 
819.734: [GC (Allocation Failure) [PSYoungGen: 73056K->1344K(72704K)] 467422K->395726K(590848K), 0.0025211 secs] [Times: user=0.00 sys=0.00, real=0.00 secs] 
819.931: [GC (Allocation Failure) [PSYoungGen: 72512K->1421K(72192K)] 466894K->395803K(590336K), 0.0017379 secs] [Times: user=0.01 sys=0.00, real=0.00 secs] 
820.058: [GC (Allocation Failure) [PSYoungGen: 72077K->1424K(71680K)] 466459K->395806K(589824K), 0.0016892 secs] [Times: user=0.01 sys=0.00, real=0.00 secs] 
820.182: [GC (Allocation Failure) [PSYoungGen: 71553K->1472K(72192K)] 465936K->395854K(590336K), 0.0017204 secs] [Times: user=0.00 sys=0.00, real=0.00 secs] 
820.907: [GC (Allocation Failure) [PSYoungGen: 71616K->1440K(71168K)] 465998K->396846K(589312K), 0.0028799 secs] [Times: user=0.01 sys=0.01, real=0.00 secs] 
821.974: [GC (Allocation Failure) [PSYoungGen: 71072K->352K(69632K)] 466478K->395758K(587776K), 0.0044760 secs] [Times: user=0.02 sys=0.00, real=0.00 secs] 
822.894: [GC (Allocation Failure) [PSYoungGen: 69472K->320K(69120K)] 464878K->395726K(587264K), 0.0037738 secs] [Times: user=0.01 sys=0.00, real=0.00 secs] 
823.833: [GC (Allocation Failure) [PSYoungGen: 68928K->320K(70144K)] 464334K->395726K(588288K), 0.0029204 secs] [Times: user=0.01 sys=0.00, real=0.00 secs] 
824.658: [GC (Allocation Failure) [PSYoungGen: 68416K->1392K(69120K)] 463822K->396798K(587264K), 0.0026174 secs] [Times: user=0.01 sys=0.00, real=0.00 secs] 
824.833: [GC (Allocation Failure) [PSYoungGen: 68976K->1485K(68608K)] 464382K->396891K(586752K), 0.0017052 secs] [Times: user=0.01 sys=0.00, real=0.00 secs] 
824.951: [GC (Allocation Failure) [PSYoungGen: 68557K->1453K(68096K)] 463963K->396859K(586240K), 0.0016263 secs] [Times: user=0.01 sys=0.00, real=0.00 secs] 
825.068: [GC (Allocation Failure) [PSYoungGen: 68013K->1469K(73728K)] 463419K->396875K(591872K), 0.0016748 secs] [Times: user=0.00 sys=0.00, real=0.00 secs] 
827.223: [GC (Allocation Failure) [PSYoungGen: 73149K->1392K(72704K)] 468555K->396814K(590848K), 0.0037414 secs] [Times: user=0.02 sys=0.00, real=0.00 secs] 
828.415: [GC (Allocation Failure) [PSYoungGen: 72560K->1376K(72192K)] 467982K->396798K(590336K), 0.0047710 secs] [Times: user=0.02 sys=0.00, real=0.00 secs] 
829.607: [GC (Allocation Failure) [PSYoungGen: 72032K->1376K(71680K)] 467454K->396798K(589824K), 0.0039101 secs] [Times: user=0.01 sys=0.00, real=0.01 secs] 
830.595: [GC (Allocation Failure) [PSYoungGen: 71520K->1360K(71168K)] 466942K->396782K(589312K), 0.0042435 secs] [Times: user=0.01 sys=0.00, real=0.00 secs] 
831.189: [GC (Allocation Failure) [PSYoungGen: 70992K->1437K(70656K)] 466414K->396859K(588800K), 0.0022707 secs] [Times: user=0.00 sys=0.00, real=0.01 secs] 
831.401: [GC (Allocation Failure) [PSYoungGen: 70531K->1453K(70144K)] 465954K->396875K(588288K), 0.0023049 secs] [Times: user=0.01 sys=0.00, real=0.00 secs] 
831.543: [GC (Allocation Failure) [PSYoungGen: 70061K->1472K(69632K)] 465483K->396894K(587776K), 0.0016751 secs] [Times: user=0.01 sys=0.00, real=0.00 secs] 
831.662: [GC (Allocation Failure) [PSYoungGen: 69568K->1472K(69120K)] 464990K->396910K(587264K), 0.0017941 secs] [Times: user=0.01 sys=0.00, real=0.00 secs] 
832.119: [GC (Allocation Failure) [PSYoungGen: 69056K->1408K(69632K)] 464494K->396846K(587776K), 0.0048407 secs] [Times: user=0.02 sys=0.00, real=0.01 secs] 
832.793: [GC (Allocation Failure) [PSYoungGen: 69504K->1408K(69120K)] 464942K->396846K(587264K), 0.0029538 secs] [Times: user=0.01 sys=0.00, real=0.00 secs] 
833.451: [GC (Allocation Failure) [PSYoungGen: 68992K->1376K(68608K)] 464430K->396814K(586752K), 0.0039263 secs] [Times: user=0.02 sys=0.00, real=0.00 secs] 
834.322: [GC (Allocation Failure) [PSYoungGen: 68448K->1344K(68096K)] 463886K->396790K(586240K), 0.0025061 secs] [Times: user=0.01 sys=0.00, real=0.00 secs] 
835.380: [GC (Allocation Failure) [PSYoungGen: 67904K->1469K(67584K)] 463350K->396915K(585728K), 0.0027199 secs] [Times: user=0.01 sys=0.00, real=0.01 secs] 
835.552: [GC (Allocation Failure) [PSYoungGen: 67517K->1504K(67072K)] 462963K->396950K(585216K), 0.0017103 secs] [Times: user=0.00 sys=0.00, real=0.00 secs] 
835.669: [GC (Allocation Failure) [PSYoungGen: 67040K->1533K(66560K)] 462486K->396979K(584704K), 0.0017174 secs] [Times: user=0.01 sys=0.00, real=0.00 secs] 
835.783: [GC (Allocation Failure) [PSYoungGen: 66557K->1501K(67072K)] 462003K->396963K(585216K), 0.0016516 secs] [Times: user=0.01 sys=0.00, real=0.00 secs] 
836.607: [GC (Allocation Failure) [PSYoungGen: 66525K->1456K(66048K)] 461987K->396926K(584192K), 0.0050997 secs] [Times: user=0.02 sys=0.01, real=0.01 secs] 
836.893: [GC (Allocation Failure) [PSYoungGen: 65968K->1376K(65536K)] 461438K->396846K(583680K), 0.0027913 secs] [Times: user=0.01 sys=0.00, real=0.00 secs] 
837.164: [GC (Allocation Failure) [PSYoungGen: 65376K->1344K(65024K)] 460846K->396814K(583168K), 0.0020019 secs] [Times: user=0.01 sys=0.00, real=0.00 secs] 
837.469: [GC (Allocation Failure) [PSYoungGen: 64832K->1328K(64512K)] 460302K->396798K(582656K), 0.0019615 secs] [Times: user=0.00 sys=0.00, real=0.00 secs] 
837.761: [GC (Allocation Failure) [PSYoungGen: 64304K->1456K(64000K)] 459774K->396926K(582144K), 0.0018325 secs] [Times: user=0.01 sys=0.00, real=0.00 secs] 
837.880: [GC (Allocation Failure) [PSYoungGen: 63920K->1469K(63488K)] 459390K->396939K(581632K), 0.0016611 secs] [Times: user=0.01 sys=0.00, real=0.01 secs] 
837.990: [GC (Allocation Failure) [PSYoungGen: 63421K->1453K(69120K)] 458891K->396923K(587264K), 0.0017061 secs] [Times: user=0.01 sys=0.00, real=0.01 secs] 
838.109: [GC (Allocation Failure) [PSYoungGen: 69037K->1453K(69632K)] 464507K->396931K(587776K), 0.0016380 secs] [Times: user=0.01 sys=0.00, real=0.01 secs] 
838.460: [GC (Allocation Failure) [PSYoungGen: 69037K->1584K(75776K)] 464515K->397070K(593920K), 0.0023594 secs] [Times: user=0.00 sys=0.00, real=0.01 secs] 
840.407: [GC (Allocation Failure) [PSYoungGen: 75312K->1344K(74752K)] 470798K->396830K(592896K), 0.0048404 secs] [Times: user=0.01 sys=0.00, real=0.01 secs] 
841.000: [GC (Allocation Failure) [PSYoungGen: 74560K->1344K(74240K)] 470046K->396846K(592384K), 0.0020031 secs] [Times: user=0.01 sys=0.00, real=0.01 secs] 
841.333: [GC (Allocation Failure) [PSYoungGen: 74048K->1344K(73728K)] 469550K->396846K(591872K), 0.0019282 secs] [Times: user=0.00 sys=0.00, real=0.00 secs] 
841.798: [GC (Allocation Failure) [PSYoungGen: 73536K->1437K(73216K)] 469038K->396939K(591360K), 0.0018341 secs] [Times: user=0.01 sys=0.00, real=0.00 secs] 
841.928: [GC (Allocation Failure) [PSYoungGen: 73117K->1453K(72704K)] 468619K->396955K(590848K), 0.0017691 secs] [Times: user=0.01 sys=0.00, real=0.00 secs] 
842.055: [GC (Allocation Failure) [PSYoungGen: 72621K->1453K(72192K)] 468123K->396955K(590336K), 0.0016327 secs] [Times: user=0.00 sys=0.00, real=0.00 secs] 
842.199: [GC (Allocation Failure) [PSYoungGen: 72109K->1437K(73216K)] 467611K->396955K(591360K), 0.0018713 secs] [Times: user=0.00 sys=0.00, real=0.00 secs] 
842.671: [GC (Allocation Failure) [PSYoungGen: 72605K->1392K(72192K)] 468123K->396910K(590336K), 0.0023690 secs] [Times: user=0.00 sys=0.00, real=0.00 secs] 
843.269: [GC (Allocation Failure) [PSYoungGen: 72048K->1344K(71680K)] 467566K->396862K(589824K), 0.0023664 secs] [Times: user=0.01 sys=0.00, real=0.01 secs] 
843.567: [GC (Allocation Failure) [PSYoungGen: 71488K->1360K(71168K)] 467006K->396878K(589312K), 0.0020062 secs] [Times: user=0.01 sys=0.00, real=0.00 secs] 
843.858: [GC (Allocation Failure) [PSYoungGen: 70992K->1344K(70656K)] 466510K->396862K(588800K), 0.0019392 secs] [Times: user=0.01 sys=0.00, real=0.00 secs] 
844.102: [GC (Allocation Failure) [PSYoungGen: 70464K->1405K(70144K)] 465982K->396923K(588288K), 0.0019658 secs] [Times: user=0.00 sys=0.00, real=0.00 secs] 
844.279: [GC (Allocation Failure) [PSYoungGen: 69982K->1437K(69632K)] 465501K->396955K(587776K), 0.0020588 secs] [Times: user=0.00 sys=0.01, real=0.01 secs] 
844.408: [GC (Allocation Failure) [PSYoungGen: 69533K->1437K(69120K)] 465051K->396955K(587264K), 0.0016520 secs] [Times: user=0.01 sys=0.00, real=0.00 secs] 
844.545: [GC (Allocation Failure) [PSYoungGen: 69021K->1389K(75264K)] 464539K->396915K(593408K), 0.0019590 secs] [Times: user=0.01 sys=0.00, real=0.00 secs] 
845.316: [GC (Allocation Failure) [PSYoungGen: 74605K->1376K(74240K)] 470131K->396910K(592384K), 0.0026347 secs] [Times: user=0.01 sys=0.00, real=0.00 secs] 
846.260: [GC (Allocation Failure) [PSYoungGen: 74080K->1376K(73728K)] 469614K->396910K(591872K), 0.0039519 secs] [Times: user=0.01 sys=0.00, real=0.01 secs] 
846.994: [GC (Allocation Failure) [PSYoungGen: 73568K->1376K(73216K)] 469102K->396910K(591360K), 0.0022421 secs] [Times: user=0.01 sys=0.00, real=0.00 secs] 
847.561: [GC (Allocation Failure) [PSYoungGen: 73056K->1376K(72704K)] 468590K->396910K(590848K), 0.0025888 secs] [Times: user=0.01 sys=0.00, real=0.00 secs] 
847.755: [GC (Allocation Failure) [PSYoungGen: 72544K->480K(71168K)] 468078K->397038K(589312K), 0.0016294 secs] [Times: user=0.01 sys=0.00, real=0.00 secs] 
847.879: [GC (Allocation Failure) [PSYoungGen: 71136K->461K(72192K)] 467694K->397019K(590336K), 0.0015428 secs] [Times: user=0.00 sys=0.00, real=0.00 secs] 
848.000: [GC (Allocation Failure) [PSYoungGen: 70582K->429K(70144K)] 467141K->396987K(588288K), 0.0016875 secs] [Times: user=0.01 sys=0.00, real=0.01 secs] 
848.202: [GC (Allocation Failure) [PSYoungGen: 70061K->1408K(71168K)] 466619K->398990K(589312K), 0.0018003 secs] [Times: user=0.00 sys=0.00, real=0.00 secs] 
848.891: [GC (Allocation Failure) [PSYoungGen: 70528K->368K(69632K)] 468110K->397950K(587776K), 0.0020982 secs] [Times: user=0.00 sys=0.00, real=0.00 secs] 
849.664: [GC (Allocation Failure) [PSYoungGen: 68976K->384K(68608K)] 466558K->397966K(586752K), 0.0018144 secs] [Times: user=0.01 sys=0.00, real=0.00 secs] 
850.603: [GC (Allocation Failure) [PSYoungGen: 68480K->400K(69120K)] 466062K->397982K(587264K), 0.0019940 secs] [Times: user=0.01 sys=0.00, real=0.00 secs] 
851.523: [GC (Allocation Failure) [PSYoungGen: 67984K->1424K(69120K)] 465566K->399006K(587264K), 0.0025135 secs] [Times: user=0.01 sys=0.00, real=0.00 secs] 
851.706: [GC (Allocation Failure) [PSYoungGen: 68496K->1485K(68608K)] 466078K->399083K(586752K), 0.0016293 secs] [Times: user=0.01 sys=0.00, real=0.00 secs] 
851.823: [GC (Allocation Failure) [PSYoungGen: 68045K->1517K(67584K)] 465643K->399115K(585728K), 0.0015986 secs] [Times: user=0.00 sys=0.00, real=0.00 secs] 
851.939: [GC (Allocation Failure) [PSYoungGen: 67565K->1485K(67584K)] 465163K->399083K(585728K), 0.0016364 secs] [Times: user=0.01 sys=0.00, real=0.01 secs] 
852.202: [GC (Allocation Failure) [PSYoungGen: 67021K->1904K(67072K)] 464619K->399510K(585216K), 0.0019875 secs] [Times: user=0.00 sys=0.00, real=0.00 secs] 
852.959: [GC (Allocation Failure) [PSYoungGen: 66928K->1344K(66560K)] 464534K->398950K(584704K), 0.0019576 secs] [Times: user=0.01 sys=0.00, real=0.01 secs] 
853.796: [GC (Allocation Failure) [PSYoungGen: 65856K->1344K(65536K)] 463462K->398950K(583680K), 0.0019858 secs] [Times: user=0.01 sys=0.00, real=0.00 secs] 
854.708: [GC (Allocation Failure) [PSYoungGen: 65344K->1312K(65536K)] 462950K->398918K(583680K), 0.0020454 secs] [Times: user=0.01 sys=0.00, real=0.00 secs] 
855.356: [GC (Allocation Failure) [PSYoungGen: 64800K->1344K(64512K)] 462406K->398958K(582656K), 0.0021050 secs] [Times: user=0.01 sys=0.00, real=0.00 secs] 
855.665: [GC (Allocation Failure) [PSYoungGen: 64301K->1485K(64512K)] 461915K->399099K(582656K), 0.0018732 secs] [Times: user=0.01 sys=0.00, real=0.00 secs] 
855.778: [GC (Allocation Failure) [PSYoungGen: 63949K->1421K(63488K)] 461563K->399035K(581632K), 0.0018550 secs] [Times: user=0.01 sys=0.00, real=0.00 secs] 
855.887: [GC (Allocation Failure) [PSYoungGen: 63373K->1437K(63488K)] 460987K->399059K(581632K), 0.0016853 secs] [Times: user=0.01 sys=0.00, real=0.00 secs] 
855.994: [GC (Allocation Failure) [PSYoungGen: 62877K->1453K(64000K)] 460499K->399075K(582144K), 0.0016456 secs] [Times: user=0.00 sys=0.00, real=0.00 secs] 
856.451: [GC (Allocation Failure) [PSYoungGen: 62893K->1424K(62464K)] 460515K->399046K(580608K), 0.0019704 secs] [Times: user=0.01 sys=0.00, real=0.01 secs] 
856.980: [GC (Allocation Failure) [PSYoungGen: 62352K->1344K(61952K)] 459974K->398974K(580096K), 0.0019882 secs] [Times: user=0.00 sys=0.00, real=0.01 secs] 
857.312: [GC (Allocation Failure) [PSYoungGen: 61760K->1312K(61440K)] 459390K->398942K(579584K), 0.0019118 secs] [Times: user=0.01 sys=0.00, real=0.00 secs] 
857.680: [GC (Allocation Failure) [PSYoungGen: 61216K->1376K(61440K)] 458846K->399006K(579584K), 0.0020591 secs] [Times: user=0.01 sys=0.00, real=0.01 secs] 
858.281: [GC (Allocation Failure) [PSYoungGen: 61280K->1344K(61440K)] 458910K->398974K(579584K), 0.0020200 secs] [Times: user=0.01 sys=0.00, real=0.01 secs] 
858.472: [GC (Allocation Failure) [PSYoungGen: 61248K->1485K(61440K)] 458878K->399115K(579584K), 0.0016752 secs] [Times: user=0.01 sys=0.00, real=0.00 secs] 
858.593: [GC (Allocation Failure) [PSYoungGen: 61389K->1469K(61440K)] 459019K->399107K(579584K), 0.0018036 secs] [Times: user=0.01 sys=0.00, real=0.00 secs] 
858.732: [GC (Allocation Failure) [PSYoungGen: 61373K->1437K(65536K)] 459011K->399075K(583680K), 0.0019534 secs] [Times: user=0.01 sys=0.00, real=0.00 secs] 
858.886: [GC (Allocation Failure) [PSYoungGen: 64925K->1472K(67072K)] 462563K->399110K(585216K), 0.0019537 secs] [Times: user=0.01 sys=0.00, real=0.00 secs] 
859.147: [GC (Allocation Failure) [PSYoungGen: 66496K->1360K(67072K)] 464134K->399014K(585216K), 0.0021483 secs] [Times: user=0.00 sys=0.00, real=0.00 secs] 
859.418: [GC (Allocation Failure) [PSYoungGen: 66384K->1328K(66048K)] 464038K->398982K(584192K), 0.0016881 secs] [Times: user=0.01 sys=0.00, real=0.00 secs] 
859.724: [GC (Allocation Failure) [PSYoungGen: 65840K->1344K(65536K)] 463494K->398998K(583680K), 0.0022975 secs] [Times: user=0.01 sys=0.00, real=0.00 secs] 
859.991: [GC (Allocation Failure) [PSYoungGen: 65344K->1344K(65024K)] 462998K->398998K(583168K), 0.0018520 secs] [Times: user=0.00 sys=0.00, real=0.01 secs] 
860.288: [GC (Allocation Failure) [PSYoungGen: 64803K->1437K(64512K)] 462457K->399099K(582656K), 0.0021648 secs] [Times: user=0.01 sys=0.00, real=0.00 secs] 
860.406: [GC (Allocation Failure) [PSYoungGen: 64413K->1440K(64000K)] 462075K->399102K(582144K), 0.0016758 secs] [Times: user=0.00 sys=0.00, real=0.00 secs] 
860.517: [GC (Allocation Failure) [PSYoungGen: 63900K->1424K(70144K)] 461562K->399102K(588288K), 0.0015467 secs] [Times: user=0.00 sys=0.00, real=0.00 secs] 
860.636: [GC (Allocation Failure) [PSYoungGen: 69520K->1405K(70144K)] 467198K->399083K(588288K), 0.0016954 secs] [Times: user=0.00 sys=0.00, real=0.00 secs] 
861.259: [GC (Allocation Failure) [PSYoungGen: 69501K->1360K(70144K)] 467179K->399038K(588288K), 0.0031195 secs] [Times: user=0.01 sys=0.00, real=0.01 secs] 
862.125: [GC (Allocation Failure) [PSYoungGen: 69456K->1376K(69120K)] 467134K->399054K(587264K), 0.0029656 secs] [Times: user=0.00 sys=0.01, real=0.00 secs] 
862.930: [GC (Allocation Failure) [PSYoungGen: 68960K->1376K(68608K)] 466638K->399054K(586752K), 0.0035170 secs] [Times: user=0.02 sys=0.00, real=0.01 secs] 
863.703: [GC (Allocation Failure) [PSYoungGen: 68448K->1344K(68096K)] 466126K->399022K(586240K), 0.0039988 secs] [Times: user=0.02 sys=0.00, real=0.00 secs] 
864.482: [GC (Allocation Failure) [PSYoungGen: 67904K->1405K(67584K)] 465582K->399083K(585728K), 0.0029873 secs] [Times: user=0.01 sys=0.00, real=0.00 secs] 
864.684: [GC (Allocation Failure) [PSYoungGen: 67453K->1485K(67072K)] 465131K->399163K(585216K), 0.0018622 secs] [Times: user=0.00 sys=0.00, real=0.00 secs] 
864.803: [GC (Allocation Failure) [PSYoungGen: 67021K->1453K(66560K)] 464699K->399131K(584704K), 0.0016323 secs] [Times: user=0.00 sys=0.00, real=0.00 secs] 
864.933: [GC (Allocation Failure) [PSYoungGen: 66477K->1469K(72192K)] 464155K->399155K(590336K), 0.0017556 secs] [Times: user=0.00 sys=0.00, real=0.00 secs] 
865.288: [GC (Allocation Failure) [PSYoungGen: 72125K->1392K(71680K)] 469811K->401126K(589824K), 0.0022590 secs] [Times: user=0.01 sys=0.00, real=0.00 secs] 
865.886: [GC (Allocation Failure) [PSYoungGen: 71536K->1344K(71168K)] 471270K->401078K(589312K), 0.0046991 secs] [Times: user=0.01 sys=0.00, real=0.01 secs] 
866.417: [GC (Allocation Failure) [PSYoungGen: 70976K->1360K(70656K)] 470710K->401094K(588800K), 0.0033156 secs] [Times: user=0.01 sys=0.00, real=0.00 secs] 
867.016: [GC (Allocation Failure) [PSYoungGen: 70480K->1376K(70144K)] 470214K->401118K(588288K), 0.0023439 secs] [Times: user=0.01 sys=0.01, real=0.00 secs] 
867.499: [GC (Allocation Failure) [PSYoungGen: 69979K->1437K(69632K)] 469722K->401179K(587776K), 0.0021297 secs] [Times: user=0.01 sys=0.00, real=0.00 secs] 
867.640: [GC (Allocation Failure) [PSYoungGen: 69533K->1453K(69120K)] 469275K->401195K(587264K), 0.0018389 secs] [Times: user=0.01 sys=0.00, real=0.01 secs] 
867.760: [GC (Allocation Failure) [PSYoungGen: 69037K->1440K(68608K)] 468779K->401182K(586752K), 0.0016617 secs] [Times: user=0.01 sys=0.00, real=0.01 secs] 
867.878: [GC (Allocation Failure) [PSYoungGen: 68498K->1485K(69120K)] 468241K->401235K(587264K), 0.0017596 secs] [Times: user=0.01 sys=0.00, real=0.00 secs] 
868.392: [GC (Allocation Failure) [PSYoungGen: 68557K->1360K(68096K)] 468307K->401110K(586240K), 0.0020869 secs] [Times: user=0.00 sys=0.00, real=0.00 secs] 
869.236: [GC (Allocation Failure) [PSYoungGen: 67920K->1344K(67584K)] 467670K->401094K(585728K), 0.0029629 secs] [Times: user=0.01 sys=0.00, real=0.00 secs] 
869.951: [GC (Allocation Failure) [PSYoungGen: 67392K->1376K(67072K)] 467142K->401126K(585216K), 0.0022179 secs] [Times: user=0.00 sys=0.00, real=0.01 secs] 
870.484: [GC (Allocation Failure) [PSYoungGen: 66912K->1376K(66560K)] 466662K->401150K(584704K), 0.0025347 secs] [Times: user=0.01 sys=0.00, real=0.00 secs] 
871.038: [GC (Allocation Failure) [PSYoungGen: 66376K->1405K(66048K)] 466151K->401179K(584192K), 0.0031903 secs] [Times: user=0.01 sys=0.00, real=0.01 secs] 
871.255: [GC (Allocation Failure) [PSYoungGen: 65917K->413K(64512K)] 465691K->401211K(582656K), 0.0019821 secs] [Times: user=0.01 sys=0.00, real=0.00 secs] 
871.409: [GC (Allocation Failure) [PSYoungGen: 64413K->397K(65536K)] 465211K->401195K(583680K), 0.0019039 secs] [Times: user=0.01 sys=0.00, real=0.01 secs] 
871.557: [GC (Allocation Failure) [PSYoungGen: 63885K->397K(64000K)] 464683K->401211K(582144K), 0.0017735 secs] [Times: user=0.00 sys=0.00, real=0.00 secs] 
871.669: [GC (Allocation Failure) [PSYoungGen: 63033K->192K(65024K)] 463848K->401022K(583168K), 0.0015833 secs] [Times: user=0.00 sys=0.00, real=0.00 secs] 
872.153: [GC (Allocation Failure) [PSYoungGen: 63168K->1408K(64000K)] 463998K->402238K(582144K), 0.0023917 secs] [Times: user=0.01 sys=0.00, real=0.00 secs] 
872.655: [GC (Allocation Failure) [PSYoungGen: 63872K->1376K(63488K)] 464702K->402206K(581632K), 0.0025661 secs] [Times: user=0.01 sys=0.00, real=0.00 secs] 
873.145: [GC (Allocation Failure) [PSYoungGen: 63328K->1392K(62976K)] 464158K->402222K(581120K), 0.0032419 secs] [Times: user=0.01 sys=0.00, real=0.00 secs] 
873.621: [GC (Allocation Failure) [PSYoungGen: 62832K->1376K(62464K)] 463662K->402206K(580608K), 0.0028896 secs] [Times: user=0.01 sys=0.00, real=0.00 secs] 
873.967: [GC (Allocation Failure) [PSYoungGen: 62304K->1440K(61952K)] 463134K->402270K(580096K), 0.0020434 secs] [Times: user=0.01 sys=0.00, real=0.00 secs] 
874.127: [GC (Allocation Failure) [PSYoungGen: 61856K->1485K(61440K)] 462686K->402316K(579584K), 0.0022651 secs] [Times: user=0.01 sys=0.00, real=0.00 secs] 
874.278: [GC (Allocation Failure) [PSYoungGen: 61389K->1485K(61440K)] 462220K->402323K(579584K), 0.0016810 secs] [Times: user=0.01 sys=0.00, real=0.00 secs] 
874.385: [GC (Allocation Failure) [PSYoungGen: 61389K->1549K(65536K)] 462227K->402388K(583680K), 0.0016717 secs] [Times: user=0.01 sys=0.00, real=0.00 secs] 
874.784: [GC (Allocation Failure) [PSYoungGen: 64525K->1424K(64000K)] 465364K->402262K(582144K), 0.0026103 secs] [Times: user=0.01 sys=0.00, real=0.00 secs] 
876.009: [GC (Allocation Failure) [PSYoungGen: 63888K->1440K(63488K)] 464726K->402278K(581632K), 0.0032789 secs] [Times: user=0.01 sys=0.00, real=0.01 secs] 
876.802: [GC (Allocation Failure) [PSYoungGen: 63392K->1376K(62976K)] 464230K->402214K(581120K), 0.0042945 secs] [Times: user=0.02 sys=0.00, real=0.00 secs] 
877.547: [GC (Allocation Failure) [PSYoungGen: 62816K->1376K(62464K)] 463654K->402214K(580608K), 0.0047517 secs] [Times: user=0.02 sys=0.00, real=0.01 secs] 
878.080: [GC (Allocation Failure) [PSYoungGen: 62304K->1376K(61952K)] 463142K->402214K(580096K), 0.0024688 secs] [Times: user=0.01 sys=0.00, real=0.01 secs] 
878.369: [GC (Allocation Failure) [PSYoungGen: 61792K->1437K(61440K)] 462630K->402275K(579584K), 0.0019705 secs] [Times: user=0.01 sys=0.00, real=0.00 secs] 
878.480: [GC (Allocation Failure) [PSYoungGen: 61341K->1501K(61440K)] 462179K->402347K(579584K), 0.0016139 secs] [Times: user=0.00 sys=0.00, real=0.01 secs] 
878.584: [GC (Allocation Failure) [PSYoungGen: 61405K->1504K(63488K)] 462251K->402358K(581632K), 0.0016954 secs] [Times: user=0.01 sys=0.00, real=0.00 secs] 
878.692: [GC (Allocation Failure) [PSYoungGen: 62944K->1536K(67584K)] 463798K->402390K(585728K), 0.0017947 secs] [Times: user=0.00 sys=0.01, real=0.00 secs] 
879.112: [GC (Allocation Failure) [PSYoungGen: 67072K->1456K(67584K)] 467926K->402310K(585728K), 0.0018920 secs] [Times: user=0.01 sys=0.00, real=0.00 secs] 
879.696: [GC (Allocation Failure) [PSYoungGen: 66992K->1408K(66560K)] 467846K->402262K(584704K), 0.0022019 secs] [Times: user=0.01 sys=0.00, real=0.00 secs] 
880.292: [GC (Allocation Failure) [PSYoungGen: 66432K->1408K(66048K)] 467286K->402262K(584192K), 0.0032049 secs] [Times: user=0.01 sys=0.00, real=0.00 secs] 
880.815: [GC (Allocation Failure) [PSYoungGen: 65920K->1408K(65536K)] 466774K->402262K(583680K), 0.0034705 secs] [Times: user=0.01 sys=0.00, real=0.00 secs] 
881.098: [GC (Allocation Failure) [PSYoungGen: 65408K->1485K(65024K)] 466262K->402356K(583168K), 0.0024526 secs] [Times: user=0.01 sys=0.00, real=0.01 secs] 
881.248: [GC (Allocation Failure) [PSYoungGen: 64973K->1501K(64512K)] 465844K->402371K(582656K), 0.0016509 secs] [Times: user=0.01 sys=0.00, real=0.00 secs] 
881.358: [GC (Allocation Failure) [PSYoungGen: 64477K->1520K(70656K)] 465347K->402406K(588800K), 0.0016281 secs] [Times: user=0.01 sys=0.00, real=0.00 secs] 
881.478: [GC (Allocation Failure) [PSYoungGen: 70128K->1517K(70656K)] 471014K->402404K(588800K), 0.0016456 secs] [Times: user=0.01 sys=0.00, real=0.00 secs] 
881.762: [GC (Allocation Failure) [PSYoungGen: 70125K->1968K(70656K)] 471012K->403366K(588800K), 0.0019991 secs] [Times: user=0.01 sys=0.00, real=0.00 secs] 
882.118: [GC (Allocation Failure) [PSYoungGen: 70576K->1392K(69632K)] 471974K->402790K(587776K), 0.0022283 secs] [Times: user=0.01 sys=0.00, real=0.00 secs] 
882.628: [GC (Allocation Failure) [PSYoungGen: 69488K->1440K(69120K)] 470886K->402838K(587264K), 0.0023523 secs] [Times: user=0.01 sys=0.00, real=0.00 secs] 
883.231: [GC (Allocation Failure) [PSYoungGen: 69024K->1392K(68608K)] 470422K->402790K(586752K), 0.0020420 secs] [Times: user=0.01 sys=0.00, real=0.00 secs] 
883.867: [GC (Allocation Failure) [PSYoungGen: 68464K->1392K(68096K)] 469862K->402790K(586240K), 0.0019897 secs] [Times: user=0.01 sys=0.00, real=0.00 secs] 
884.074: [GC (Allocation Failure) [PSYoungGen: 67952K->1501K(67584K)] 469350K->402900K(585728K), 0.0016990 secs] [Times: user=0.01 sys=0.00, real=0.00 secs] 
884.190: [GC (Allocation Failure) [PSYoungGen: 67549K->1456K(67072K)] 468948K->402854K(585216K), 0.0017251 secs] [Times: user=0.01 sys=0.00, real=0.01 secs] 
884.307: [GC (Allocation Failure) [PSYoungGen: 66992K->1485K(72704K)] 468390K->402892K(590848K), 0.0016434 secs] [Times: user=0.01 sys=0.00, real=0.00 secs] 
884.529: [GC (Allocation Failure) [PSYoungGen: 72653K->1424K(72192K)] 474060K->402830K(590336K), 0.0017829 secs] [Times: user=0.01 sys=0.00, real=0.00 secs] 
885.207: [GC (Allocation Failure) [PSYoungGen: 72080K->1440K(71680K)] 473486K->402846K(589824K), 0.0026542 secs] [Times: user=0.01 sys=0.00, real=0.00 secs] 
886.063: [GC (Allocation Failure) [PSYoungGen: 71584K->1376K(71168K)] 472990K->402782K(589312K), 0.0047193 secs] [Times: user=0.02 sys=0.00, real=0.00 secs] 
886.851: [GC (Allocation Failure) [PSYoungGen: 71008K->1376K(70656K)] 472414K->402782K(588800K), 0.0032307 secs] [Times: user=0.02 sys=0.00, real=0.00 secs] 
887.596: [GC (Allocation Failure) [PSYoungGen: 70496K->1456K(70144K)] 471902K->402862K(588288K), 0.0023206 secs] [Times: user=0.01 sys=0.00, real=0.00 secs] 
887.821: [GC (Allocation Failure) [PSYoungGen: 70064K->1501K(69632K)] 471470K->402908K(587776K), 0.0022639 secs] [Times: user=0.01 sys=0.00, real=0.01 secs] 
887.955: [GC (Allocation Failure) [PSYoungGen: 69597K->1517K(69120K)] 471004K->402924K(587264K), 0.0017715 secs] [Times: user=0.00 sys=0.00, real=0.00 secs] 
888.093: [GC (Allocation Failure) [PSYoungGen: 69101K->1453K(68608K)] 470508K->402868K(586752K), 0.0019712 secs] [Times: user=0.01 sys=0.00, real=0.00 secs] 
888.336: [GC (Allocation Failure) [PSYoungGen: 68525K->1440K(69120K)] 469940K->402854K(587264K), 0.0028344 secs] [Times: user=0.01 sys=0.00, real=0.00 secs] 
888.729: [GC (Allocation Failure) [PSYoungGen: 68512K->1408K(68096K)] 469926K->402822K(586240K), 0.0024742 secs] [Times: user=0.01 sys=0.00, real=0.01 secs] 
889.100: [GC (Allocation Failure) [PSYoungGen: 67968K->1408K(67584K)] 469382K->402822K(585728K), 0.0023344 secs] [Times: user=0.01 sys=0.00, real=0.01 secs] 
889.417: [GC (Allocation Failure) [PSYoungGen: 67456K->1376K(67072K)] 468870K->402790K(585216K), 0.0020003 secs] [Times: user=0.00 sys=0.00, real=0.00 secs] 
889.704: [GC (Allocation Failure) [PSYoungGen: 66912K->1469K(66560K)] 468326K->402884K(584704K), 0.0019738 secs] [Times: user=0.01 sys=0.00, real=0.00 secs] 
889.826: [GC (Allocation Failure) [PSYoungGen: 66493K->1501K(66048K)] 467908K->402916K(584192K), 0.0015940 secs] [Times: user=0.00 sys=0.00, real=0.00 secs] 
889.939: [GC (Allocation Failure) [PSYoungGen: 66013K->1517K(72704K)] 467428K->402948K(590848K), 0.0018275 secs] [Times: user=0.01 sys=0.00, real=0.00 secs] 
890.064: [GC (Allocation Failure) [PSYoungGen: 72173K->1504K(72704K)] 473604K->402950K(590848K), 0.0017244 secs] [Times: user=0.01 sys=0.00, real=0.00 secs] 
890.339: [GC (Allocation Failure) [PSYoungGen: 72160K->1424K(72704K)] 473606K->402870K(590848K), 0.0020459 secs] [Times: user=0.01 sys=0.00, real=0.01 secs] 
890.937: [GC (Allocation Failure) [PSYoungGen: 72080K->1408K(71680K)] 473526K->402854K(589824K), 0.0022330 secs] [Times: user=0.01 sys=0.00, real=0.00 secs] 
891.657: [GC (Allocation Failure) [PSYoungGen: 71552K->1376K(71168K)] 472998K->402822K(589312K), 0.0025559 secs] [Times: user=0.01 sys=0.00, real=0.00 secs] 
892.681: [GC (Allocation Failure) [PSYoungGen: 71008K->1376K(70656K)] 472454K->402822K(588800K), 0.0048928 secs] [Times: user=0.02 sys=0.00, real=0.00 secs] 
893.475: [GC (Allocation Failure) [PSYoungGen: 70496K->1485K(70144K)] 471942K->402932K(588288K), 0.0026674 secs] [Times: user=0.01 sys=0.00, real=0.00 secs] 
893.664: [GC (Allocation Failure) [PSYoungGen: 70093K->1472K(69632K)] 471540K->402918K(587776K), 0.0016536 secs] [Times: user=0.00 sys=0.00, real=0.00 secs] 
893.800: [GC (Allocation Failure) [PSYoungGen: 69568K->1504K(69120K)] 471014K->402950K(587264K), 0.0020283 secs] [Times: user=0.00 sys=0.00, real=0.01 secs] 
893.953: [GC (Allocation Failure) [PSYoungGen: 69088K->1501K(68608K)] 470534K->402964K(586752K), 0.0016037 secs] [Times: user=0.01 sys=0.00, real=0.00 secs] 
894.340: [GC (Allocation Failure) [PSYoungGen: 68573K->1472K(68096K)] 470036K->402934K(586240K), 0.0022621 secs] [Times: user=0.01 sys=0.00, real=0.01 secs] 
894.952: [GC (Allocation Failure) [PSYoungGen: 68032K->1408K(67584K)] 469494K->402870K(585728K), 0.0024950 secs] [Times: user=0.01 sys=0.00, real=0.00 secs] 
895.226: [GC (Allocation Failure) [PSYoungGen: 67456K->1376K(67072K)] 468918K->402838K(585216K), 0.0021268 secs] [Times: user=0.01 sys=0.00, real=0.00 secs] 
895.534: [GC (Allocation Failure) [PSYoungGen: 66912K->1376K(66560K)] 468374K->402838K(584704K), 0.0018115 secs] [Times: user=0.01 sys=0.00, real=0.00 secs] 
895.920: [GC (Allocation Failure) [PSYoungGen: 66400K->1437K(66048K)] 467862K->402899K(584192K), 0.0021800 secs] [Times: user=0.01 sys=0.00, real=0.01 secs] 
896.093: [GC (Allocation Failure) [PSYoungGen: 65933K->1453K(65536K)] 467396K->402916K(583680K), 0.0020539 secs] [Times: user=0.00 sys=0.00, real=0.00 secs] 
896.237: [GC (Allocation Failure) [PSYoungGen: 65453K->1517K(65024K)] 466916K->402980K(583168K), 0.0018583 secs] [Times: user=0.01 sys=0.00, real=0.00 secs] 
896.348: [GC (Allocation Failure) [PSYoungGen: 65005K->1469K(70656K)] 466468K->402939K(588800K), 0.0015446 secs] [Times: user=0.01 sys=0.00, real=0.00 secs] 
896.569: [GC (Allocation Failure) [PSYoungGen: 70589K->1408K(71168K)] 472059K->402878K(589312K), 0.0021886 secs] [Times: user=0.01 sys=0.00, real=0.01 secs] 
897.151: [GC (Allocation Failure) [PSYoungGen: 70528K->1376K(70144K)] 471998K->402846K(588288K), 0.0026022 secs] [Times: user=0.01 sys=0.00, real=0.00 secs] 
897.517: [GC (Allocation Failure) [PSYoungGen: 69984K->1392K(69632K)] 471454K->402862K(587776K), 0.0044022 secs] [Times: user=0.02 sys=0.00, real=0.01 secs] 
897.802: [GC (Allocation Failure) [PSYoungGen: 69488K->1376K(69120K)] 470958K->402846K(587264K), 0.0019019 secs] [Times: user=0.01 sys=0.00, real=0.00 secs] 
898.096: [GC (Allocation Failure) [PSYoungGen: 68960K->1453K(68608K)] 470430K->402924K(586752K), 0.0019016 secs] [Times: user=0.00 sys=0.00, real=0.00 secs] 
898.220: [GC (Allocation Failure) [PSYoungGen: 68525K->1485K(68096K)] 469996K->402956K(586240K), 0.0017060 secs] [Times: user=0.01 sys=0.00, real=0.01 secs] 
898.337: [GC (Allocation Failure) [PSYoungGen: 68045K->1485K(74752K)] 469516K->402956K(592896K), 0.0021659 secs] [Times: user=0.01 sys=0.00, real=0.00 secs] 
898.467: [GC (Allocation Failure) [PSYoungGen: 74189K->1469K(74752K)] 475660K->402963K(592896K), 0.0016189 secs] [Times: user=0.01 sys=0.00, real=0.00 secs] 
900.040: [GC (Allocation Failure) [PSYoungGen: 74173K->1440K(74752K)] 475667K->402942K(592896K), 0.0047208 secs] [Times: user=0.02 sys=0.00, real=0.01 secs] 
901.139: [GC (Allocation Failure) [PSYoungGen: 74144K->1376K(73728K)] 475646K->402878K(591872K), 0.0030280 secs] [Times: user=0.02 sys=0.00, real=0.01 secs] 
901.651: [GC (Allocation Failure) [PSYoungGen: 73568K->1408K(73216K)] 475070K->402910K(591360K), 0.0023327 secs] [Times: user=0.00 sys=0.00, real=0.01 secs] 
901.964: [GC (Allocation Failure) [PSYoungGen: 73088K->1376K(72704K)] 474590K->402878K(590848K), 0.0020009 secs] [Times: user=0.01 sys=0.00, real=0.00 secs] 
902.372: [GC (Allocation Failure) [PSYoungGen: 72544K->1501K(72192K)] 474046K->403003K(590336K), 0.0016778 secs] [Times: user=0.01 sys=0.00, real=0.00 secs] 
902.497: [GC (Allocation Failure) [PSYoungGen: 72130K->1485K(71680K)] 473633K->402988K(589824K), 0.0016363 secs] [Times: user=0.00 sys=0.00, real=0.00 secs] 
902.620: [GC (Allocation Failure) [PSYoungGen: 71629K->1488K(71168K)] 473132K->402990K(589312K), 0.0017377 secs] [Times: user=0.01 sys=0.00, real=0.01 secs] 
902.742: [GC (Allocation Failure) [PSYoungGen: 71120K->1485K(77312K)] 472622K->402996K(595456K), 0.0016954 secs] [Times: user=0.01 sys=0.00, real=0.00 secs] 
904.618: [GC (Allocation Failure) [PSYoungGen: 77261K->1472K(76800K)] 478772K->402982K(594944K), 0.0038335 secs] [Times: user=0.01 sys=0.00, real=0.01 secs] 
905.009: [GC (Allocation Failure) [PSYoungGen: 76736K->1408K(76288K)] 478246K->402918K(594432K), 0.0024706 secs] [Times: user=0.01 sys=0.00, real=0.01 secs] 
905.344: [GC (Allocation Failure) [PSYoungGen: 76160K->1408K(75776K)] 477670K->402918K(593920K), 0.0021286 secs] [Times: user=0.01 sys=0.00, real=0.00 secs] 
905.930: [GC (Allocation Failure) [PSYoungGen: 75648K->1469K(75264K)] 477158K->402980K(593408K), 0.0020273 secs] [Times: user=0.00 sys=0.00, real=0.01 secs] 
906.077: [GC (Allocation Failure) [PSYoungGen: 75197K->1485K(74752K)] 476708K->402996K(592896K), 0.0017423 secs] [Times: user=0.01 sys=0.00, real=0.00 secs] 
906.206: [GC (Allocation Failure) [PSYoungGen: 74701K->1517K(74240K)] 476212K->403028K(592384K), 0.0017232 secs] [Times: user=0.00 sys=0.00, real=0.00 secs] 
906.334: [GC (Allocation Failure) [PSYoungGen: 74221K->1469K(74752K)] 475732K->402979K(592896K), 0.0018873 secs] [Times: user=0.01 sys=0.00, real=0.00 secs] 
906.722: [GC (Allocation Failure) [PSYoungGen: 74173K->1456K(73728K)] 475683K->402974K(591872K), 0.0018023 secs] [Times: user=0.01 sys=0.01, real=0.00 secs] 
907.230: [GC (Allocation Failure) [PSYoungGen: 73648K->1408K(73216K)] 475166K->402926K(591360K), 0.0021263 secs] [Times: user=0.01 sys=0.00, real=0.01 secs] 
907.528: [GC (Allocation Failure) [PSYoungGen: 73088K->1376K(72704K)] 474606K->402894K(590848K), 0.0017226 secs] [Times: user=0.01 sys=0.00, real=0.00 secs] 
907.885: [GC (Allocation Failure) [PSYoungGen: 72544K->1408K(72192K)] 474062K->402926K(590336K), 0.0038103 secs] [Times: user=0.01 sys=0.01, real=0.00 secs] 
908.234: [GC (Allocation Failure) [PSYoungGen: 72064K->1437K(71680K)] 473582K->402955K(589824K), 0.0018498 secs] [Times: user=0.00 sys=0.00, real=0.00 secs] 
908.361: [GC (Allocation Failure) [PSYoungGen: 71553K->1520K(71168K)] 473072K->403038K(589312K), 0.0016582 secs] [Times: user=0.00 sys=0.01, real=0.00 secs] 
908.484: [GC (Allocation Failure) [PSYoungGen: 71152K->1517K(77312K)] 472670K->403036K(595456K), 0.0016264 secs] [Times: user=0.01 sys=0.00, real=0.00 secs] 
908.617: [GC (Allocation Failure) [PSYoungGen: 77293K->160K(77824K)] 478812K->401678K(595968K), 0.0016748 secs] [Times: user=0.00 sys=0.00, real=0.00 secs] 
909.389: [GC (Allocation Failure) [PSYoungGen: 75936K->1392K(76800K)] 477454K->402934K(594944K), 0.0021633 secs] [Times: user=0.01 sys=0.00, real=0.01 secs] 
909.771: [GC (Allocation Failure) [PSYoungGen: 76656K->1424K(76288K)] 478198K->402966K(594432K), 0.0030920 secs] [Times: user=0.02 sys=0.01, real=0.00 secs] 
910.342: [GC (Allocation Failure) [PSYoungGen: 76176K->1376K(75776K)] 477718K->402918K(593920K), 0.0027355 secs] [Times: user=0.01 sys=0.00, real=0.00 secs] 
911.042: [GC (Allocation Failure) [PSYoungGen: 75616K->1437K(75264K)] 477158K->402979K(593408K), 0.0021903 secs] [Times: user=0.01 sys=0.00, real=0.00 secs] 
911.245: [GC (Allocation Failure) [PSYoungGen: 75165K->1453K(74752K)] 476707K->402996K(592896K), 0.0023120 secs] [Times: user=0.00 sys=0.00, real=0.00 secs] 
911.448: [GC (Allocation Failure) [PSYoungGen: 74669K->1504K(74240K)] 476212K->403046K(592384K), 0.0022212 secs] [Times: user=0.01 sys=0.00, real=0.00 secs] 
911.602: [GC (Allocation Failure) [PSYoungGen: 74208K->1517K(73728K)] 475750K->403060K(591872K), 0.0016919 secs] [Times: user=0.00 sys=0.00, real=0.00 secs] 
911.913: [GC (Allocation Failure) [PSYoungGen: 73709K->1424K(73216K)] 475252K->402966K(591360K), 0.0022941 secs] [Times: user=0.01 sys=0.00, real=0.00 secs] 
912.237: [GC (Allocation Failure) [PSYoungGen: 73104K->1360K(72704K)] 474646K->402902K(590848K), 0.0019958 secs] [Times: user=0.01 sys=0.00, real=0.00 secs] 
912.553: [GC (Allocation Failure) [PSYoungGen: 72528K->1376K(72192K)] 474070K->402918K(590336K), 0.0020780 secs] [Times: user=0.01 sys=0.00, real=0.00 secs] 
912.868: [GC (Allocation Failure) [PSYoungGen: 72032K->1376K(71680K)] 473574K->402918K(589824K), 0.0019317 secs] [Times: user=0.01 sys=0.00, real=0.00 secs] 
913.077: [GC (Allocation Failure) [PSYoungGen: 71520K->1485K(71168K)] 473062K->403028K(589312K), 0.0017049 secs] [Times: user=0.00 sys=0.00, real=0.00 secs] 
913.218: [GC (Allocation Failure) [PSYoungGen: 71117K->1501K(70656K)] 472660K->403044K(588800K), 0.0019053 secs] [Times: user=0.00 sys=0.00, real=0.00 secs] 
913.374: [GC (Allocation Failure) [PSYoungGen: 70621K->1469K(76800K)] 472164K->403011K(594944K), 0.0020773 secs] [Times: user=0.01 sys=0.00, real=0.00 secs] 
913.636: [GC (Allocation Failure) [PSYoungGen: 76733K->1424K(76288K)] 478275K->402966K(594432K), 0.0021133 secs] [Times: user=0.01 sys=0.00, real=0.00 secs] 
914.564: [GC (Allocation Failure) [PSYoungGen: 76176K->1376K(75776K)] 477718K->402918K(593920K), 0.0028159 secs] [Times: user=0.01 sys=0.00, real=0.00 secs] 
915.362: [GC (Allocation Failure) [PSYoungGen: 75616K->1376K(75264K)] 477158K->402918K(593408K), 0.0027313 secs] [Times: user=0.01 sys=0.00, real=0.00 secs] 
916.171: [GC (Allocation Failure) [PSYoungGen: 75104K->1376K(74752K)] 476646K->402918K(592896K), 0.0041955 secs] [Times: user=0.02 sys=0.00, real=0.00 secs] 
916.896: [GC (Allocation Failure) [PSYoungGen: 74592K->1421K(74240K)] 476134K->402964K(592384K), 0.0026989 secs] [Times: user=0.00 sys=0.00, real=0.00 secs] 
917.082: [GC (Allocation Failure) [PSYoungGen: 74125K->1485K(73728K)] 475668K->403028K(591872K), 0.0016398 secs] [Times: user=0.01 sys=0.00, real=0.00 secs] 
917.208: [GC (Allocation Failure) [PSYoungGen: 73677K->1501K(73216K)] 475220K->403044K(591360K), 0.0017179 secs] [Times: user=0.01 sys=0.00, real=0.00 secs] 
917.333: [GC (Allocation Failure) [PSYoungGen: 73181K->1485K(72704K)] 474724K->403028K(590848K), 0.0017348 secs] [Times: user=0.00 sys=0.00, real=0.00 secs] 
917.882: [GC (Allocation Failure) [PSYoungGen: 72653K->1440K(72192K)] 474196K->402982K(590336K), 0.0019733 secs] [Times: user=0.01 sys=0.00, real=0.00 secs] 
918.778: [GC (Allocation Failure) [PSYoungGen: 72096K->1440K(71680K)] 473638K->402982K(589824K), 0.0030017 secs] [Times: user=0.01 sys=0.00, real=0.01 secs] 
919.603: [GC (Allocation Failure) [PSYoungGen: 71584K->1408K(71168K)] 473126K->402950K(589312K), 0.0028735 secs] [Times: user=0.01 sys=0.01, real=0.00 secs] 
920.338: [GC (Allocation Failure) [PSYoungGen: 71040K->1408K(70656K)] 472582K->402950K(588800K), 0.0043408 secs] [Times: user=0.02 sys=0.00, real=0.01 secs] 
920.727: [GC (Allocation Failure) [PSYoungGen: 70528K->1453K(70144K)] 472070K->402996K(588288K), 0.0021195 secs] [Times: user=0.01 sys=0.00, real=0.00 secs] 
920.859: [GC (Allocation Failure) [PSYoungGen: 70061K->1453K(69632K)] 471604K->402996K(587776K), 0.0017293 secs] [Times: user=0.01 sys=0.00, real=0.00 secs] 
920.979: [GC (Allocation Failure) [PSYoungGen: 69549K->1472K(69120K)] 471092K->403014K(587264K), 0.0016580 secs] [Times: user=0.01 sys=0.00, real=0.01 secs] 
921.099: [GC (Allocation Failure) [PSYoungGen: 69056K->1501K(69632K)] 470598K->403060K(587776K), 0.0017913 secs] [Times: user=0.01 sys=0.00, real=0.00 secs] 
921.779: [GC (Allocation Failure) [PSYoungGen: 69085K->1472K(68608K)] 470644K->403054K(586752K), 0.0022350 secs] [Times: user=0.00 sys=0.00, real=0.01 secs] 
922.079: [GC (Allocation Failure) [PSYoungGen: 68544K->1408K(68096K)] 470126K->402990K(586240K), 0.0022914 secs] [Times: user=0.01 sys=0.00, real=0.01 secs] 
922.435: [GC (Allocation Failure) [PSYoungGen: 67968K->1376K(67584K)] 469550K->402958K(585728K), 0.0020567 secs] [Times: user=0.01 sys=0.00, real=0.00 secs] 
922.891: [GC (Allocation Failure) [PSYoungGen: 67424K->1392K(67072K)] 469006K->402974K(585216K), 0.0022618 secs] [Times: user=0.00 sys=0.00, real=0.00 secs] 
923.231: [GC (Allocation Failure) [PSYoungGen: 66928K->1437K(66560K)] 468510K->403019K(584704K), 0.0016687 secs] [Times: user=0.00 sys=0.00, real=0.00 secs] 
923.345: [GC (Allocation Failure) [PSYoungGen: 66461K->1456K(66048K)] 468043K->403038K(584192K), 0.0017786 secs] [Times: user=0.00 sys=0.00, real=0.00 secs] 
923.459: [GC (Allocation Failure) [PSYoungGen: 65968K->1472K(71680K)] 467550K->403054K(589824K), 0.0016257 secs] [Times: user=0.00 sys=0.00, real=0.00 secs] 
923.583: [GC (Allocation Failure) [PSYoungGen: 71616K->1504K(72192K)] 473198K->403094K(590336K), 0.0017106 secs] [Times: user=0.00 sys=0.00, real=0.00 secs] 
924.123: [GC (Allocation Failure) [PSYoungGen: 71648K->1440K(71168K)] 473238K->403030K(589312K), 0.0019384 secs] [Times: user=0.00 sys=0.00, real=0.00 secs] 
924.421: [GC (Allocation Failure) [PSYoungGen: 71072K->1376K(70656K)] 472662K->402966K(588800K), 0.0020010 secs] [Times: user=0.01 sys=0.00, real=0.00 secs] 
924.734: [GC (Allocation Failure) [PSYoungGen: 70496K->1376K(70144K)] 472086K->402966K(588288K), 0.0017813 secs] [Times: user=0.01 sys=0.00, real=0.00 secs] 
925.291: [GC (Allocation Failure) [PSYoungGen: 69984K->1408K(69632K)] 471574K->402998K(587776K), 0.0020449 secs] [Times: user=0.01 sys=0.00, real=0.00 secs] 
925.503: [GC (Allocation Failure) [PSYoungGen: 69504K->1504K(69120K)] 471094K->403094K(587264K), 0.0017342 secs] [Times: user=0.00 sys=0.00, real=0.00 secs] 
925.623: [GC (Allocation Failure) [PSYoungGen: 69088K->1533K(68608K)] 470678K->403124K(586752K), 0.0017929 secs] [Times: user=0.01 sys=0.00, real=0.00 secs] 
925.741: [GC (Allocation Failure) [PSYoungGen: 68605K->1472K(74752K)] 470196K->403062K(592896K), 0.0016210 secs] [Times: user=0.01 sys=0.00, real=0.01 secs] 
926.049: [GC (Allocation Failure) [PSYoungGen: 74688K->1776K(74752K)] 476278K->403366K(592896K), 0.0022652 secs] [Times: user=0.00 sys=0.00, real=0.01 secs] 
927.489: [GC (Allocation Failure) [PSYoungGen: 74480K->1408K(73728K)] 476070K->402998K(591872K), 0.0031374 secs] [Times: user=0.01 sys=0.00, real=0.01 secs] 
928.043: [GC (Allocation Failure) [PSYoungGen: 73600K->1360K(73216K)] 475190K->402950K(591360K), 0.0026357 secs] [Times: user=0.01 sys=0.00, real=0.00 secs] 
928.804: [GC (Allocation Failure) [PSYoungGen: 73040K->1440K(72704K)] 474630K->403030K(590848K), 0.0032475 secs] [Times: user=0.01 sys=0.00, real=0.00 secs] 
929.782: [GC (Allocation Failure) [PSYoungGen: 72608K->1469K(72192K)] 474198K->403060K(590336K), 0.0034971 secs] [Times: user=0.01 sys=0.00, real=0.00 secs] 
929.994: [GC (Allocation Failure) [PSYoungGen: 72125K->1501K(71680K)] 473716K->403091K(589824K), 0.0016148 secs] [Times: user=0.00 sys=0.00, real=0.00 secs] 
930.118: [GC (Allocation Failure) [PSYoungGen: 71645K->1485K(71168K)] 473235K->403076K(589312K), 0.0017565 secs] [Times: user=0.01 sys=0.00, real=0.00 secs] 
930.242: [GC (Allocation Failure) [PSYoungGen: 71117K->1517K(70656K)] 472708K->403108K(588800K), 0.0015702 secs] [Times: user=0.00 sys=0.00, real=0.00 secs] 
931.236: [GC (Allocation Failure) [PSYoungGen: 70637K->1488K(70144K)] 472228K->403086K(588288K), 0.0040892 secs] [Times: user=0.02 sys=0.00, real=0.00 secs] 
932.297: [GC (Allocation Failure) [PSYoungGen: 70096K->1392K(69632K)] 471694K->403006K(587776K), 0.0043951 secs] [Times: user=0.02 sys=0.00, real=0.01 secs] 
932.945: [GC (Allocation Failure) [PSYoungGen: 69488K->1408K(69120K)] 471102K->403022K(587264K), 0.0029561 secs] [Times: user=0.02 sys=0.00, real=0.00 secs] 
933.622: [GC (Allocation Failure) [PSYoungGen: 68992K->1344K(68608K)] 470606K->402958K(586752K), 0.0032504 secs] [Times: user=0.01 sys=0.00, real=0.00 secs] 
934.079: [GC (Allocation Failure) [PSYoungGen: 68416K->1469K(68096K)] 470030K->403084K(586240K), 0.0023037 secs] [Times: user=0.01 sys=0.00, real=0.01 secs] 
934.232: [GC (Allocation Failure) [PSYoungGen: 68029K->1469K(67584K)] 469644K->403083K(585728K), 0.0015838 secs] [Times: user=0.01 sys=0.00, real=0.00 secs] 
934.348: [GC (Allocation Failure) [PSYoungGen: 67493K->1485K(67072K)] 469107K->403100K(585216K), 0.0017636 secs] [Times: user=0.01 sys=0.00, real=0.00 secs] 
934.465: [GC (Allocation Failure) [PSYoungGen: 67021K->1485K(67584K)] 468636K->403108K(585728K), 0.0016464 secs] [Times: user=0.00 sys=0.00, real=0.00 secs] 
934.825: [GC (Allocation Failure) [PSYoungGen: 67533K->1440K(67072K)] 469156K->403062K(585216K), 0.0018836 secs] [Times: user=0.01 sys=0.01, real=0.00 secs] 
935.386: [GC (Allocation Failure) [PSYoungGen: 66976K->1376K(66560K)] 468598K->402998K(584704K), 0.0020557 secs] [Times: user=0.00 sys=0.00, real=0.00 secs] 
935.932: [GC (Allocation Failure) [PSYoungGen: 66400K->1344K(66048K)] 468022K->402966K(584192K), 0.0019439 secs] [Times: user=0.01 sys=0.00, real=0.00 secs] 
936.397: [GC (Allocation Failure) [PSYoungGen: 65856K->1376K(65536K)] 467478K->402998K(583680K), 0.0022639 secs] [Times: user=0.01 sys=0.00, real=0.00 secs] 
936.909: [GC (Allocation Failure) [PSYoungGen: 65376K->1437K(65024K)] 466998K->403059K(583168K), 0.0021712 secs] [Times: user=0.01 sys=0.00, real=0.01 secs] 
937.046: [GC (Allocation Failure) [PSYoungGen: 64925K->1485K(64512K)] 466547K->403108K(582656K), 0.0016972 secs] [Times: user=0.00 sys=0.00, real=0.00 secs] 
937.156: [GC (Allocation Failure) [PSYoungGen: 64461K->1469K(64000K)] 466084K->403091K(582144K), 0.0016148 secs] [Times: user=0.01 sys=0.00, real=0.00 secs] 
937.266: [GC (Allocation Failure) [PSYoungGen: 63933K->1517K(64512K)] 465555K->403148K(582656K), 0.0016793 secs] [Times: user=0.00 sys=0.00, real=0.00 secs] 
937.376: [GC (Allocation Failure) [PSYoungGen: 63953K->1485K(64512K)] 465584K->403116K(582656K), 0.0017309 secs] [Times: user=0.01 sys=0.00, real=0.00 secs] 
938.438: [GC (Allocation Failure) [PSYoungGen: 63949K->1440K(69632K)] 465580K->403070K(587776K), 0.0044670 secs] [Times: user=0.02 sys=0.00, real=0.01 secs] 
939.641: [GC (Allocation Failure) [PSYoungGen: 69536K->1440K(69120K)] 471166K->403070K(587264K), 0.0046044 secs] [Times: user=0.01 sys=0.01, real=0.00 secs] 
940.671: [GC (Allocation Failure) [PSYoungGen: 69024K->1344K(68608K)] 470654K->402982K(586752K), 0.0045709 secs] [Times: user=0.02 sys=0.00, real=0.00 secs] 
941.212: [GC (Allocation Failure) [PSYoungGen: 68416K->1344K(68096K)] 470054K->402982K(586240K), 0.0018903 secs] [Times: user=0.00 sys=0.00, real=0.00 secs] 
941.399: [GC (Allocation Failure) [PSYoungGen: 67904K->1456K(67584K)] 469542K->403110K(585728K), 0.0016550 secs] [Times: user=0.01 sys=0.00, real=0.00 secs] 
941.517: [GC (Allocation Failure) [PSYoungGen: 67504K->1501K(67072K)] 469158K->403155K(585216K), 0.0016392 secs] [Times: user=0.00 sys=0.00, real=0.00 secs] 
941.633: [GC (Allocation Failure) [PSYoungGen: 67037K->1472K(67584K)] 468691K->403142K(585728K), 0.0017256 secs] [Times: user=0.01 sys=0.00, real=0.00 secs] 
941.749: [GC (Allocation Failure) [PSYoungGen: 67008K->1472K(67584K)] 468678K->403142K(585728K), 0.0016958 secs] [Times: user=0.00 sys=0.00, real=0.01 secs] 
942.300: [GC (Allocation Failure) [PSYoungGen: 67008K->1408K(66560K)] 468678K->403078K(584704K), 0.0020328 secs] [Times: user=0.01 sys=0.00, real=0.01 secs] 
942.828: [GC (Allocation Failure) [PSYoungGen: 66432K->1376K(66048K)] 468102K->403046K(584192K), 0.0022817 secs] [Times: user=0.01 sys=0.00, real=0.00 secs] 
943.329: [GC (Allocation Failure) [PSYoungGen: 65888K->1408K(65536K)] 467558K->403078K(583680K), 0.0020538 secs] [Times: user=0.01 sys=0.00, real=0.01 secs] 
943.846: [GC (Allocation Failure) [PSYoungGen: 65408K->1376K(65024K)] 467078K->403046K(583168K), 0.0021866 secs] [Times: user=0.01 sys=0.00, real=0.00 secs] 
944.218: [GC (Allocation Failure) [PSYoungGen: 64864K->1469K(64512K)] 466534K->403140K(582656K), 0.0019151 secs] [Times: user=0.01 sys=0.00, real=0.00 secs] 
944.337: [GC (Allocation Failure) [PSYoungGen: 64445K->1520K(64000K)] 466116K->403190K(582144K), 0.0017460 secs] [Times: user=0.01 sys=0.00, real=0.00 secs] 
944.447: [GC (Allocation Failure) [PSYoungGen: 63984K->1533K(69632K)] 465654K->403204K(587776K), 0.0017629 secs] [Times: user=0.01 sys=0.00, real=0.00 secs] 
944.567: [GC (Allocation Failure) [PSYoungGen: 69629K->1501K(70144K)] 471300K->403187K(588288K), 0.0017348 secs] [Times: user=0.01 sys=0.00, real=0.00 secs] 
945.003: [GC (Allocation Failure) [PSYoungGen: 69597K->1456K(69120K)] 471283K->403150K(587264K), 0.0020815 secs] [Times: user=0.01 sys=0.00, real=0.00 secs] 
945.742: [GC (Allocation Failure) [PSYoungGen: 69040K->1392K(68608K)] 470734K->403086K(586752K), 0.0021431 secs] [Times: user=0.00 sys=0.00, real=0.00 secs] 
946.495: [GC (Allocation Failure) [PSYoungGen: 68464K->1408K(68096K)] 470158K->403102K(586240K), 0.0019222 secs] [Times: user=0.01 sys=0.00, real=0.00 secs] 
947.143: [GC (Allocation Failure) [PSYoungGen: 67968K->1440K(67584K)] 469662K->403134K(585728K), 0.0023323 secs] [Times: user=0.01 sys=0.00, real=0.00 secs] 
947.622: [GC (Allocation Failure) [PSYoungGen: 67485K->1469K(67072K)] 469179K->403164K(585216K), 0.0020958 secs] [Times: user=0.01 sys=0.00, real=0.00 secs] 
947.758: [GC (Allocation Failure) [PSYoungGen: 67005K->1517K(66560K)] 468700K->403212K(584704K), 0.0017637 secs] [Times: user=0.01 sys=0.00, real=0.00 secs] 
947.873: [GC (Allocation Failure) [PSYoungGen: 66541K->1501K(66048K)] 468236K->403195K(584192K), 0.0017111 secs] [Times: user=0.00 sys=0.00, real=0.00 secs] 
947.986: [GC (Allocation Failure) [PSYoungGen: 66013K->1517K(71680K)] 467707K->403220K(589824K), 0.0016652 secs] [Times: user=0.01 sys=0.00, real=0.00 secs] 
948.283: [GC (Allocation Failure) [PSYoungGen: 71661K->1488K(71168K)] 473364K->403190K(589312K), 0.0019716 secs] [Times: user=0.01 sys=0.00, real=0.00 secs] 
948.866: [GC (Allocation Failure) [PSYoungGen: 71120K->1440K(70656K)] 472822K->403142K(588800K), 0.0022186 secs] [Times: user=0.01 sys=0.00, real=0.00 secs] 
949.213: [GC (Allocation Failure) [PSYoungGen: 70560K->1376K(70144K)] 472262K->403078K(588288K), 0.0021935 secs] [Times: user=0.00 sys=0.00, real=0.00 secs] 
949.496: [GC (Allocation Failure) [PSYoungGen: 69984K->1408K(69632K)] 471686K->403110K(587776K), 0.0020912 secs] [Times: user=0.00 sys=0.00, real=0.00 secs] 
949.767: [GC (Allocation Failure) [PSYoungGen: 69504K->1501K(69120K)] 471206K->403228K(587264K), 0.0019046 secs] [Times: user=0.00 sys=0.00, real=0.00 secs] 
949.888: [GC (Allocation Failure) [PSYoungGen: 69085K->1533K(68608K)] 470812K->403259K(586752K), 0.0016785 secs] [Times: user=0.01 sys=0.00, real=0.00 secs] 
950.005: [GC (Allocation Failure) [PSYoungGen: 68601K->1501K(69120K)] 470327K->403227K(587264K), 0.0018261 secs] [Times: user=0.01 sys=0.00, real=0.00 secs] 
950.123: [GC (Allocation Failure) [PSYoungGen: 68573K->1501K(69120K)] 470299K->403244K(587264K), 0.0017181 secs] [Times: user=0.01 sys=0.00, real=0.00 secs] 
950.362: [GC (Allocation Failure) [PSYoungGen: 68573K->1472K(74752K)] 470316K->403214K(592896K), 0.0019159 secs] [Times: user=0.00 sys=0.01, real=0.00 secs] 
950.667: [GC (Allocation Failure) [PSYoungGen: 74688K->1408K(74240K)] 476430K->403150K(592384K), 0.0017545 secs] [Times: user=0.01 sys=0.00, real=0.00 secs] 
950.969: [GC (Allocation Failure) [PSYoungGen: 74112K->1344K(73728K)] 475854K->403086K(591872K), 0.0018334 secs] [Times: user=0.01 sys=0.00, real=0.00 secs] 
951.272: [GC (Allocation Failure) [PSYoungGen: 73536K->1408K(73216K)] 475278K->403150K(591360K), 0.0028171 secs] [Times: user=0.01 sys=0.00, real=0.00 secs] 
951.525: [GC (Allocation Failure) [PSYoungGen: 73088K->1504K(72704K)] 474830K->403246K(590848K), 0.0018409 secs] [Times: user=0.00 sys=0.00, real=0.00 secs] 
951.653: [GC (Allocation Failure) [PSYoungGen: 72672K->1453K(72192K)] 474414K->403196K(590336K), 0.0016843 secs] [Times: user=0.01 sys=0.00, real=0.00 secs] 
951.777: [GC (Allocation Failure) [PSYoungGen: 72109K->1453K(72704K)] 473852K->403196K(590848K), 0.0017851 secs] [Times: user=0.00 sys=0.00, real=0.00 secs] 
951.902: [GC (Allocation Failure) [PSYoungGen: 72109K->1517K(72704K)] 473852K->403268K(590848K), 0.0015974 secs] [Times: user=0.00 sys=0.00, real=0.00 secs] 
952.811: [GC (Allocation Failure) [PSYoungGen: 72173K->1440K(71680K)] 473924K->403190K(589824K), 0.0024446 secs] [Times: user=0.00 sys=0.01, real=0.00 secs] 
953.157: [GC (Allocation Failure) [PSYoungGen: 71584K->1376K(71168K)] 473334K->403126K(589312K), 0.0033251 secs] [Times: user=0.01 sys=0.00, real=0.00 secs] 
953.566: [GC (Allocation Failure) [PSYoungGen: 71008K->1376K(70656K)] 472758K->403126K(588800K), 0.0021754 secs] [Times: user=0.01 sys=0.00, real=0.00 secs] 
954.000: [GC (Allocation Failure) [PSYoungGen: 70496K->1328K(70144K)] 472246K->403078K(588288K), 0.0026292 secs] [Times: user=0.01 sys=0.00, real=0.01 secs] 
954.232: [GC (Allocation Failure) [PSYoungGen: 69936K->1469K(69632K)] 471686K->403219K(587776K), 0.0014863 secs] [Times: user=0.00 sys=0.00, real=0.00 secs] 
954.351: [GC (Allocation Failure) [PSYoungGen: 69565K->1520K(69120K)] 471315K->403270K(587264K), 0.0016679 secs] [Times: user=0.00 sys=0.00, real=0.00 secs] 
954.471: [GC (Allocation Failure) [PSYoungGen: 69104K->1517K(75264K)] 470854K->403292K(593408K), 0.0016993 secs] [Times: user=0.00 sys=0.00, real=0.00 secs] 
955.437: [GC (Allocation Failure) [PSYoungGen: 75245K->1408K(74752K)] 477020K->403182K(592896K), 0.0044996 secs] [Times: user=0.01 sys=0.00, real=0.01 secs] 
956.011: [GC (Allocation Failure) [PSYoungGen: 74624K->1408K(74240K)] 476398K->403182K(592384K), 0.0026117 secs] [Times: user=0.01 sys=0.00, real=0.00 secs] 
956.821: [GC (Allocation Failure) [PSYoungGen: 74112K->1376K(73728K)] 475886K->403150K(591872K), 0.0030767 secs] [Times: user=0.01 sys=0.00, real=0.00 secs] 
957.796: [GC (Allocation Failure) [PSYoungGen: 73568K->1344K(73216K)] 475342K->403118K(591360K), 0.0032930 secs] [Times: user=0.02 sys=0.00, real=0.00 secs] 
958.573: [GC (Allocation Failure) [PSYoungGen: 73024K->1408K(72704K)] 474798K->403182K(590848K), 0.0023733 secs] [Times: user=0.01 sys=0.00, real=0.00 secs] 
958.747: [GC (Allocation Failure) [PSYoungGen: 72576K->1501K(72192K)] 474350K->403276K(590336K), 0.0016725 secs] [Times: user=0.00 sys=0.00, real=0.00 secs] 
958.872: [GC (Allocation Failure) [PSYoungGen: 72157K->1472K(71680K)] 473932K->403246K(589824K), 0.0017882 secs] [Times: user=0.00 sys=0.00, real=0.00 secs] 
958.997: [GC (Allocation Failure) [PSYoungGen: 71616K->1517K(71168K)] 473390K->403292K(589312K), 0.0016929 secs] [Times: user=0.01 sys=0.00, real=0.00 secs] 
959.333: [GC (Allocation Failure) [PSYoungGen: 71149K->1424K(70656K)] 472924K->403198K(588800K), 0.0028593 secs] [Times: user=0.01 sys=0.00, real=0.00 secs] 
959.684: [GC (Allocation Failure) [PSYoungGen: 70544K->1408K(70144K)] 472318K->403182K(588288K), 0.0021402 secs] [Times: user=0.01 sys=0.00, real=0.00 secs] 
959.982: [GC (Allocation Failure) [PSYoungGen: 70016K->1376K(69632K)] 471790K->403150K(587776K), 0.0019541 secs] [Times: user=0.00 sys=0.00, real=0.00 secs] 
960.278: [GC (Allocation Failure) [PSYoungGen: 69472K->1376K(69120K)] 471246K->403150K(587264K), 0.0019718 secs] [Times: user=0.01 sys=0.00, real=0.00 secs] 
960.532: [GC (Allocation Failure) [PSYoungGen: 68960K->1437K(68608K)] 470734K->403211K(586752K), 0.0016417 secs] [Times: user=0.01 sys=0.00, real=0.00 secs] 
960.650: [GC (Allocation Failure) [PSYoungGen: 68495K->1517K(68096K)] 470269K->403308K(586240K), 0.0017102 secs] [Times: user=0.00 sys=0.00, real=0.01 secs] 
960.768: [GC (Allocation Failure) [PSYoungGen: 68077K->1485K(68608K)] 469868K->403276K(586752K), 0.0017175 secs] [Times: user=0.01 sys=0.00, real=0.00 secs] 
960.885: [GC (Allocation Failure) [PSYoungGen: 68045K->1549K(74240K)] 469836K->403356K(592384K), 0.0017010 secs] [Times: user=0.01 sys=0.00, real=0.00 secs] 
961.585: [GC (Allocation Failure) [PSYoungGen: 73741K->1408K(73216K)] 475548K->403214K(591360K), 0.0024748 secs] [Times: user=0.01 sys=0.00, real=0.00 secs] 
962.536: [GC (Allocation Failure) [PSYoungGen: 73088K->1376K(72704K)] 474894K->403182K(590848K), 0.0021619 secs] [Times: user=0.01 sys=0.00, real=0.00 secs] 
963.205: [GC (Allocation Failure) [PSYoungGen: 72544K->1376K(72192K)] 474350K->403182K(590336K), 0.0023718 secs] [Times: user=0.01 sys=0.00, real=0.00 secs] 
963.748: [GC (Allocation Failure) [PSYoungGen: 72032K->1376K(71680K)] 473838K->403182K(589824K), 0.0023278 secs] [Times: user=0.01 sys=0.00, real=0.00 secs] 
964.031: [GC (Allocation Failure) [PSYoungGen: 71502K->1472K(71168K)] 473308K->403278K(589312K), 0.0017997 secs] [Times: user=0.00 sys=0.00, real=0.01 secs] 
964.153: [GC (Allocation Failure) [PSYoungGen: 71104K->1504K(70656K)] 472910K->403310K(588800K), 0.0017692 secs] [Times: user=0.00 sys=0.00, real=0.00 secs] 
964.277: [GC (Allocation Failure) [PSYoungGen: 70624K->1517K(70144K)] 472430K->403324K(588288K), 0.0017095 secs] [Times: user=0.01 sys=0.00, real=0.00 secs] 
964.400: [GC (Allocation Failure) [PSYoungGen: 70125K->224K(70656K)] 471932K->402030K(588800K), 0.0016211 secs] [Times: user=0.01 sys=0.00, real=0.01 secs] 
965.192: [GC (Allocation Failure) [PSYoungGen: 68832K->1376K(69632K)] 470638K->403182K(587776K), 0.0020980 secs] [Times: user=0.00 sys=0.01, real=0.00 secs] 
965.487: [GC (Allocation Failure) [PSYoungGen: 69472K->1344K(69120K)] 471278K->403150K(587264K), 0.0024917 secs] [Times: user=0.01 sys=0.00, real=0.00 secs] 
965.763: [GC (Allocation Failure) [PSYoungGen: 68928K->1344K(68608K)] 470734K->403150K(586752K), 0.0021968 secs] [Times: user=0.01 sys=0.00, real=0.00 secs] 
966.242: [GC (Allocation Failure) [PSYoungGen: 68416K->1376K(68096K)] 470222K->403182K(586240K), 0.0019997 secs] [Times: user=0.01 sys=0.00, real=0.00 secs] 
966.458: [GC (Allocation Failure) [PSYoungGen: 67936K->1453K(67584K)] 469742K->403260K(585728K), 0.0017056 secs] [Times: user=0.00 sys=0.00, real=0.00 secs] 
966.574: [GC (Allocation Failure) [PSYoungGen: 67473K->1485K(67072K)] 469280K->403292K(585216K), 0.0017771 secs] [Times: user=0.01 sys=0.00, real=0.00 secs] 
966.690: [GC (Allocation Failure) [PSYoungGen: 67021K->1485K(67584K)] 468828K->403292K(585728K), 0.0016026 secs] [Times: user=0.01 sys=0.00, real=0.01 secs] 
966.806: [GC (Allocation Failure) [PSYoungGen: 67021K->1549K(73216K)] 468828K->403364K(591360K), 0.0017351 secs] [Times: user=0.00 sys=0.00, real=0.00 secs] 
967.708: [GC (Allocation Failure) [PSYoungGen: 72717K->1440K(72192K)] 474532K->403254K(590336K), 0.0019500 secs] [Times: user=0.01 sys=0.00, real=0.00 secs] 
968.232: [GC (Allocation Failure) [PSYoungGen: 72096K->1408K(71680K)] 473910K->403222K(589824K), 0.0021364 secs] [Times: user=0.01 sys=0.00, real=0.00 secs] 
968.867: [GC (Allocation Failure) [PSYoungGen: 71552K->1376K(71168K)] 473366K->403190K(589312K), 0.0023612 secs] [Times: user=0.01 sys=0.00, real=0.00 secs] 
969.509: [GC (Allocation Failure) [PSYoungGen: 71008K->1376K(70656K)] 472822K->403190K(588800K), 0.0022024 secs] [Times: user=0.01 sys=0.00, real=0.01 secs] 
969.877: [GC (Allocation Failure) [PSYoungGen: 70496K->1549K(70656K)] 472310K->403364K(588800K), 0.0017088 secs] [Times: user=0.01 sys=0.00, real=0.00 secs] 
969.997: [GC (Allocation Failure) [PSYoungGen: 70157K->1485K(69632K)] 471972K->403316K(587776K), 0.0016574 secs] [Times: user=0.00 sys=0.00, real=0.00 secs] 
970.117: [GC (Allocation Failure) [PSYoungGen: 69581K->1485K(69120K)] 471412K->403324K(587264K), 0.0017740 secs] [Times: user=0.01 sys=0.00, real=0.00 secs] 
970.339: [GC (Allocation Failure) [PSYoungGen: 69069K->1408K(68608K)] 470908K->403254K(586752K), 0.0023255 secs] [Times: user=0.01 sys=0.00, real=0.01 secs] 
971.113: [GC (Allocation Failure) [PSYoungGen: 68480K->1344K(68096K)] 470326K->403190K(586240K), 0.0019978 secs] [Times: user=0.01 sys=0.00, real=0.00 secs] 
971.829: [GC (Allocation Failure) [PSYoungGen: 67904K->1376K(67584K)] 469750K->403222K(585728K), 0.0018880 secs] [Times: user=0.01 sys=0.00, real=0.01 secs] 
972.468: [GC (Allocation Failure) [PSYoungGen: 67424K->1408K(67072K)] 469270K->403254K(585216K), 0.0021884 secs] [Times: user=0.01 sys=0.00, real=0.00 secs] 
973.131: [GC (Allocation Failure) [PSYoungGen: 66944K->1408K(66560K)] 468790K->403254K(584704K), 0.0019449 secs] [Times: user=0.00 sys=0.00, real=0.00 secs] 
973.328: [GC (Allocation Failure) [PSYoungGen: 66432K->1453K(66048K)] 468278K->403300K(584192K), 0.0017107 secs] [Times: user=0.00 sys=0.00, real=0.00 secs] 
973.442: [GC (Allocation Failure) [PSYoungGen: 65948K->1485K(65536K)] 467794K->403332K(583680K), 0.0016133 secs] [Times: user=0.01 sys=0.00, real=0.00 secs] 
973.556: [GC (Allocation Failure) [PSYoungGen: 65485K->1533K(66560K)] 467332K->403380K(584704K), 0.0018172 secs] [Times: user=0.01 sys=0.00, real=0.00 secs] 
973.669: [GC (Allocation Failure) [PSYoungGen: 66022K->1536K(71680K)] 467868K->403390K(589824K), 0.0017319 secs] [Times: user=0.00 sys=0.00, real=0.00 secs] 
974.131: [GC (Allocation Failure) [PSYoungGen: 71168K->1424K(70656K)] 473022K->403286K(588800K), 0.0022258 secs] [Times: user=0.01 sys=0.00, real=0.01 secs] 
974.704: [GC (Allocation Failure) [PSYoungGen: 70544K->1376K(70144K)] 472406K->403238K(588288K), 0.0021495 secs] [Times: user=0.01 sys=0.00, real=0.00 secs] 
975.336: [GC (Allocation Failure) [PSYoungGen: 69984K->1376K(69632K)] 471846K->403238K(587776K), 0.0028615 secs] [Times: user=0.01 sys=0.00, real=0.00 secs] 
975.958: [GC (Allocation Failure) [PSYoungGen: 69472K->1344K(69120K)] 471334K->403206K(587264K), 0.0040417 secs] [Times: user=0.01 sys=0.00, real=0.01 secs] 
976.275: [GC (Allocation Failure) [PSYoungGen: 68928K->1517K(68608K)] 470790K->403388K(586752K), 0.0019738 secs] [Times: user=0.01 sys=0.00, real=0.00 secs] 
976.404: [GC (Allocation Failure) [PSYoungGen: 68589K->1517K(68096K)] 470460K->403388K(586240K), 0.0017468 secs] [Times: user=0.00 sys=0.00, real=0.00 secs] 
976.521: [GC (Allocation Failure) [PSYoungGen: 68077K->1501K(68608K)] 469948K->403380K(586752K), 0.0017996 secs] [Times: user=0.00 sys=0.00, real=0.00 secs] 
976.639: [GC (Allocation Failure) [PSYoungGen: 68061K->1517K(74240K)] 469940K->403396K(592384K), 0.0017061 secs] [Times: user=0.01 sys=0.00, real=0.01 secs] 
976.960: [GC (Allocation Failure) [PSYoungGen: 73709K->1440K(74240K)] 475588K->403318K(592384K), 0.0018431 secs] [Times: user=0.00 sys=0.00, real=0.01 secs] 
977.260: [GC (Allocation Failure) [PSYoungGen: 73632K->1392K(73216K)] 475510K->403270K(591360K), 0.0019312 secs] [Times: user=0.01 sys=0.00, real=0.01 secs] 
977.560: [GC (Allocation Failure) [PSYoungGen: 73072K->1424K(72704K)] 474950K->403302K(590848K), 0.0026159 secs] [Times: user=0.01 sys=0.00, real=0.01 secs] 
977.882: [GC (Allocation Failure) [PSYoungGen: 72592K->1437K(72192K)] 474470K->403315K(590336K), 0.0022930 secs] [Times: user=0.01 sys=0.00, real=0.00 secs] 
978.052: [GC (Allocation Failure) [PSYoungGen: 72093K->1485K(71680K)] 473971K->403364K(589824K), 0.0016898 secs] [Times: user=0.01 sys=0.00, real=0.00 secs] 
978.174: [GC (Allocation Failure) [PSYoungGen: 71629K->1517K(77824K)] 473508K->403420K(595968K), 0.0016479 secs] [Times: user=0.01 sys=0.00, real=0.00 secs] 
978.308: [GC (Allocation Failure) [PSYoungGen: 77805K->1469K(78336K)] 479708K->403387K(596480K), 0.0017301 secs] [Times: user=0.01 sys=0.00, real=0.00 secs] 
978.564: [GC (Allocation Failure) [PSYoungGen: 77757K->1472K(84992K)] 479675K->403390K(603136K), 0.0019857 secs] [Times: user=0.01 sys=0.00, real=0.00 secs] 
978.910: [GC (Allocation Failure) [PSYoungGen: 84416K->1408K(83968K)] 486334K->403342K(602112K), 0.0017649 secs] [Times: user=0.01 sys=0.01, real=0.01 secs] 
979.253: [GC (Allocation Failure) [PSYoungGen: 83840K->1408K(83456K)] 485774K->403342K(601600K), 0.0018033 secs] [Times: user=0.00 sys=0.00, real=0.00 secs] 
979.607: [GC (Allocation Failure) [PSYoungGen: 83328K->1424K(82944K)] 485262K->403358K(601088K), 0.0015144 secs] [Times: user=0.00 sys=0.00, real=0.00 secs] 
979.753: [GC (Allocation Failure) [PSYoungGen: 82832K->1472K(82432K)] 484766K->403406K(600576K), 0.0016578 secs] [Times: user=0.00 sys=0.00, real=0.00 secs] 
979.895: [GC (Allocation Failure) [PSYoungGen: 82368K->1533K(81920K)] 484302K->403468K(600064K), 0.0017078 secs] [Times: user=0.00 sys=0.00, real=0.00 secs] 
980.035: [GC (Allocation Failure) [PSYoungGen: 81917K->1453K(81408K)] 483852K->403388K(599552K), 0.0017574 secs] [Times: user=0.00 sys=0.00, real=0.00 secs] 
980.366: [GC (Allocation Failure) [PSYoungGen: 81325K->1440K(80896K)] 483260K->403374K(599040K), 0.0018139 secs] [Times: user=0.01 sys=0.00, real=0.00 secs] 
980.696: [GC (Allocation Failure) [PSYoungGen: 80800K->1408K(80384K)] 482734K->403350K(598528K), 0.0017642 secs] [Times: user=0.01 sys=0.00, real=0.00 secs] 
981.023: [GC (Allocation Failure) [PSYoungGen: 80256K->1344K(79872K)] 482198K->403286K(598016K), 0.0017933 secs] [Times: user=0.00 sys=0.00, real=0.00 secs] 
981.361: [GC (Allocation Failure) [PSYoungGen: 79680K->1440K(79360K)] 481622K->403382K(597504K), 0.0016942 secs] [Times: user=0.01 sys=0.00, real=0.01 secs] 
981.498: [GC (Allocation Failure) [PSYoungGen: 79264K->1472K(78848K)] 481206K->403414K(596992K), 0.0017666 secs] [Times: user=0.01 sys=0.00, real=0.00 secs] 
981.633: [GC (Allocation Failure) [PSYoungGen: 78784K->1533K(78336K)] 480726K->403476K(596480K), 0.0015991 secs] [Times: user=0.01 sys=0.00, real=0.00 secs] 
981.767: [GC (Allocation Failure) [PSYoungGen: 78333K->1453K(78848K)] 480276K->403396K(596992K), 0.0017241 secs] [Times: user=0.01 sys=0.00, real=0.00 secs] 
982.775: [GC (Allocation Failure) [PSYoungGen: 78253K->1472K(77824K)] 480196K->403414K(595968K), 0.0024190 secs] [Times: user=0.02 sys=0.00, real=0.00 secs] 
983.618: [GC (Allocation Failure) [PSYoungGen: 77760K->1408K(77312K)] 479702K->403358K(595456K), 0.0045221 secs] [Times: user=0.02 sys=0.00, real=0.01 secs] 
984.616: [GC (Allocation Failure) [PSYoungGen: 77184K->1344K(76800K)] 479134K->403294K(594944K), 0.0024947 secs] [Times: user=0.01 sys=0.01, real=0.00 secs] 
985.433: [GC (Allocation Failure) [PSYoungGen: 76608K->1472K(76288K)] 478558K->403422K(594432K), 0.0026138 secs] [Times: user=0.01 sys=0.00, real=0.00 secs] 
985.644: [GC (Allocation Failure) [PSYoungGen: 76224K->1472K(75776K)] 478174K->403422K(593920K), 0.0016947 secs] [Times: user=0.01 sys=0.00, real=0.00 secs] 
985.775: [GC (Allocation Failure) [PSYoungGen: 75712K->1504K(75264K)] 477662K->403454K(593408K), 0.0017356 secs] [Times: user=0.01 sys=0.00, real=0.00 secs] 
985.904: [GC (Allocation Failure) [PSYoungGen: 75232K->1504K(74752K)] 477182K->403454K(592896K), 0.0017400 secs] [Times: user=0.01 sys=0.00, real=0.00 secs] 
987.527: [GC (Allocation Failure) [PSYoungGen: 74720K->1376K(74240K)] 476670K->403326K(592384K), 0.0032278 secs] [Times: user=0.02 sys=0.00, real=0.00 secs] 
988.500: [GC (Allocation Failure) [PSYoungGen: 74080K->1408K(73728K)] 476030K->403358K(591872K), 0.0023070 secs] [Times: user=0.01 sys=0.00, real=0.01 secs] 
989.239: [GC (Allocation Failure) [PSYoungGen: 73600K->1376K(73216K)] 475550K->403326K(591360K), 0.0025480 secs] [Times: user=0.01 sys=0.00, real=0.01 secs] 
990.008: [GC (Allocation Failure) [PSYoungGen: 73056K->1376K(72704K)] 475006K->403326K(590848K), 0.0032473 secs] [Times: user=0.01 sys=0.00, real=0.01 secs] 
990.294: [GC (Allocation Failure) [PSYoungGen: 72544K->1453K(72192K)] 474494K->403404K(590336K), 0.0018566 secs] [Times: user=0.00 sys=0.00, real=0.00 secs] 
990.424: [GC (Allocation Failure) [PSYoungGen: 72109K->1517K(71680K)] 474060K->403468K(589824K), 0.0016658 secs] [Times: user=0.00 sys=0.00, real=0.00 secs] 
990.547: [GC (Allocation Failure) [PSYoungGen: 71653K->1440K(71168K)] 473603K->403390K(589312K), 0.0018375 secs] [Times: user=0.00 sys=0.00, real=0.00 secs] 
990.767: [GC (Allocation Failure) [PSYoungGen: 71072K->1408K(70656K)] 473022K->403358K(588800K), 0.0017696 secs] [Times: user=0.01 sys=0.00, real=0.00 secs] 
991.098: [GC (Allocation Failure) [PSYoungGen: 70528K->1408K(70144K)] 472478K->403358K(588288K), 0.0017869 secs] [Times: user=0.00 sys=0.00, real=0.00 secs] 
991.391: [GC (Allocation Failure) [PSYoungGen: 70016K->1440K(69632K)] 471966K->403390K(587776K), 0.0016863 secs] [Times: user=0.00 sys=0.00, real=0.00 secs] 
991.732: [GC (Allocation Failure) [PSYoungGen: 69536K->1408K(69120K)] 471486K->403374K(587264K), 0.0027554 secs] [Times: user=0.01 sys=0.00, real=0.00 secs] 
992.051: [GC (Allocation Failure) [PSYoungGen: 68992K->1469K(68608K)] 470958K->403436K(586752K), 0.0020723 secs] [Times: user=0.00 sys=0.00, real=0.01 secs] 
992.195: [GC (Allocation Failure) [PSYoungGen: 68541K->1469K(68096K)] 470508K->403435K(586240K), 0.0017689 secs] [Times: user=0.01 sys=0.00, real=0.00 secs] 
992.311: [GC (Allocation Failure) [PSYoungGen: 68029K->1504K(73728K)] 469995K->403470K(591872K), 0.0016619 secs] [Times: user=0.00 sys=0.00, real=0.00 secs] 
992.438: [GC (Allocation Failure) [PSYoungGen: 73696K->1453K(74752K)] 475662K->403420K(592896K), 0.0017077 secs] [Times: user=0.01 sys=0.00, real=0.00 secs] 
992.832: [GC (Allocation Failure) [PSYoungGen: 74157K->1488K(73728K)] 476124K->403454K(591872K), 0.0021745 secs] [Times: user=0.00 sys=0.00, real=0.00 secs] 
993.556: [GC (Allocation Failure) [PSYoungGen: 73680K->1376K(73216K)] 475646K->403342K(591360K), 0.0029145 secs] [Times: user=0.01 sys=0.00, real=0.00 secs] 
994.262: [GC (Allocation Failure) [PSYoungGen: 73056K->1376K(72704K)] 475022K->403342K(590848K), 0.0035296 secs] [Times: user=0.02 sys=0.00, real=0.00 secs] 
994.812: [GC (Allocation Failure) [PSYoungGen: 72544K->1376K(72192K)] 474510K->403342K(590336K), 0.0030637 secs] [Times: user=0.01 sys=0.00, real=0.00 secs] 
995.363: [GC (Allocation Failure) [PSYoungGen: 72032K->1469K(71680K)] 473998K->403436K(589824K), 0.0021384 secs] [Times: user=0.01 sys=0.00, real=0.00 secs] 
995.506: [GC (Allocation Failure) [PSYoungGen: 71613K->1472K(71168K)] 473580K->403438K(589312K), 0.0017638 secs] [Times: user=0.01 sys=0.00, real=0.00 secs] 
995.647: [GC (Allocation Failure) [PSYoungGen: 71104K->1485K(70656K)] 473070K->403452K(588800K), 0.0019787 secs] [Times: user=0.01 sys=0.00, real=0.00 secs] 
995.807: [GC (Allocation Failure) [PSYoungGen: 70605K->1485K(70144K)] 472572K->403460K(588288K), 0.0017778 secs] [Times: user=0.01 sys=0.00, real=0.00 secs] 
996.861: [GC (Allocation Failure) [PSYoungGen: 70093K->1408K(69632K)] 472068K->403382K(587776K), 0.0049930 secs] [Times: user=0.02 sys=0.00, real=0.00 secs] 
997.535: [GC (Allocation Failure) [PSYoungGen: 69504K->1376K(69120K)] 471478K->403350K(587264K), 0.0033232 secs] [Times: user=0.01 sys=0.00, real=0.00 secs] 
997.835: [GC (Allocation Failure) [PSYoungGen: 68960K->1344K(68608K)] 470934K->403318K(586752K), 0.0018531 secs] [Times: user=0.01 sys=0.00, real=0.00 secs] 
998.328: [GC (Allocation Failure) [PSYoungGen: 68416K->1360K(68096K)] 470390K->403334K(586240K), 0.0020594 secs] [Times: user=0.01 sys=0.00, real=0.00 secs] 
998.682: [GC (Allocation Failure) [PSYoungGen: 67920K->1469K(67584K)] 469894K->403443K(585728K), 0.0022799 secs] [Times: user=0.01 sys=0.00, real=0.00 secs] 
998.862: [GC (Allocation Failure) [PSYoungGen: 67500K->1472K(67072K)] 469474K->403446K(585216K), 0.0017227 secs] [Times: user=0.00 sys=0.00, real=0.00 secs] 
998.996: [GC (Allocation Failure) [PSYoungGen: 67008K->1501K(66560K)] 468982K->403476K(584704K), 0.0017466 secs] [Times: user=0.01 sys=0.00, real=0.00 secs] 
999.139: [GC (Allocation Failure) [PSYoungGen: 66525K->1501K(66048K)] 468500K->403492K(584192K), 0.0018666 secs] [Times: user=0.00 sys=0.00, real=0.00 secs] 
1000.326: [GC (Allocation Failure) [PSYoungGen: 66013K->1424K(65536K)] 468004K->403414K(583680K), 0.0044229 secs] [Times: user=0.01 sys=0.00, real=0.00 secs] 
1001.515: [GC (Allocation Failure) [PSYoungGen: 65424K->1376K(65024K)] 467414K->403390K(583168K), 0.0047528 secs] [Times: user=0.01 sys=0.00, real=0.00 secs] 
1002.484: [GC (Allocation Failure) [PSYoungGen: 64864K->1376K(64512K)] 466878K->403390K(582656K), 0.0039385 secs] [Times: user=0.01 sys=0.00, real=0.00 secs] 
1003.301: [GC (Allocation Failure) [PSYoungGen: 64352K->1376K(64000K)] 466366K->403390K(582144K), 0.0038708 secs] [Times: user=0.02 sys=0.00, real=0.00 secs] 
1003.974: [GC (Allocation Failure) [PSYoungGen: 63840K->1437K(63488K)] 465854K->403451K(581632K), 0.0024452 secs] [Times: user=0.01 sys=0.00, real=0.00 secs] 
1004.143: [GC (Allocation Failure) [PSYoungGen: 63389K->1453K(62976K)] 465403K->403468K(581120K), 0.0018076 secs] [Times: user=0.01 sys=0.00, real=0.00 secs] 
1004.253: [GC (Allocation Failure) [PSYoungGen: 62893K->1501K(62464K)] 464908K->403516K(580608K), 0.0015696 secs] [Times: user=0.01 sys=0.00, real=0.00 secs] 
1004.363: [GC (Allocation Failure) [PSYoungGen: 62429K->1485K(67584K)] 464444K->403508K(585728K), 0.0016664 secs] [Times: user=0.01 sys=0.00, real=0.00 secs] 
1004.585: [GC (Allocation Failure) [PSYoungGen: 67533K->928K(68096K)] 469556K->403974K(586240K), 0.0020213 secs] [Times: user=0.01 sys=0.00, real=0.00 secs] 
1004.862: [GC (Allocation Failure) [PSYoungGen: 67488K->352K(66560K)] 470534K->403398K(584704K), 0.0016639 secs] [Times: user=0.00 sys=0.00, real=0.00 secs] 
1005.137: [GC (Allocation Failure) [PSYoungGen: 66400K->352K(67072K)] 469446K->403398K(585216K), 0.0019192 secs] [Times: user=0.01 sys=0.00, real=0.00 secs] 
1005.409: [GC (Allocation Failure) [PSYoungGen: 65888K->352K(65536K)] 468934K->403398K(583680K), 0.0017893 secs] [Times: user=0.01 sys=0.00, real=0.01 secs] 
1005.679: [GC (Allocation Failure) [PSYoungGen: 65376K->352K(66048K)] 468422K->403398K(584192K), 0.0019585 secs] [Times: user=0.01 sys=0.00, real=0.01 secs] 
1005.848: [GC (Allocation Failure) [PSYoungGen: 64864K->1504K(66048K)] 467910K->404550K(584192K), 0.0017210 secs] [Times: user=0.01 sys=0.00, real=0.00 secs] 
1005.961: [GC (Allocation Failure) [PSYoungGen: 65492K->1517K(66560K)] 468539K->404564K(584704K), 0.0016411 secs] [Times: user=0.01 sys=0.00, real=0.00 secs] 
1006.075: [GC (Allocation Failure) [PSYoungGen: 65517K->1485K(66560K)] 468564K->404540K(584704K), 0.0017359 secs] [Times: user=0.01 sys=0.00, real=0.00 secs] 
1006.188: [GC (Allocation Failure) [PSYoungGen: 65485K->1517K(72704K)] 468540K->404572K(590848K), 0.0016986 secs] [Times: user=0.00 sys=0.00, real=0.00 secs] 
1006.476: [GC (Allocation Failure) [PSYoungGen: 71661K->1456K(72704K)] 474716K->404510K(590848K), 0.0018855 secs] [Times: user=0.01 sys=0.00, real=0.00 secs] 
1006.768: [GC (Allocation Failure) [PSYoungGen: 71600K->1408K(71168K)] 474654K->404462K(589312K), 0.0018920 secs] [Times: user=0.01 sys=0.00, real=0.00 secs] 
1007.057: [GC (Allocation Failure) [PSYoungGen: 71040K->1408K(70656K)] 474094K->404462K(588800K), 0.0018769 secs] [Times: user=0.01 sys=0.01, real=0.00 secs] 
1007.343: [GC (Allocation Failure) [PSYoungGen: 70528K->1376K(70144K)] 473582K->404430K(588288K), 0.0018252 secs] [Times: user=0.00 sys=0.00, real=0.00 secs] 
1007.645: [GC (Allocation Failure) [PSYoungGen: 69984K->1536K(70144K)] 473038K->404614K(588288K), 0.0017321 secs] [Times: user=0.01 sys=0.00, real=0.00 secs] 
1007.765: [GC (Allocation Failure) [PSYoungGen: 69632K->1504K(69120K)] 472710K->404582K(587264K), 0.0016867 secs] [Times: user=0.01 sys=0.00, real=0.00 secs] 
1007.901: [GC (Allocation Failure) [PSYoungGen: 69088K->1469K(74752K)] 472166K->404564K(592896K), 0.0019706 secs] [Times: user=0.01 sys=0.00, real=0.00 secs] 
1008.103: [GC (Allocation Failure) [PSYoungGen: 73661K->1968K(76288K)] 476756K->405062K(594432K), 0.0020133 secs] [Times: user=0.00 sys=0.01, real=0.00 secs] 
1008.407: [GC (Allocation Failure) [PSYoungGen: 75696K->1408K(74752K)] 478790K->404502K(592896K), 0.0019166 secs] [Times: user=0.01 sys=0.00, real=0.00 secs] 
1008.711: [GC (Allocation Failure) [PSYoungGen: 74624K->1408K(74752K)] 477718K->404502K(592896K), 0.0020070 secs] [Times: user=0.01 sys=0.00, real=0.00 secs] 
1009.380: [GC (Allocation Failure) [PSYoungGen: 74112K->1408K(73728K)] 477206K->404502K(591872K), 0.0036880 secs] [Times: user=0.02 sys=0.00, real=0.01 secs] 
1009.875: [GC (Allocation Failure) [PSYoungGen: 73600K->1408K(73216K)] 476694K->404502K(591360K), 0.0020176 secs] [Times: user=0.01 sys=0.01, real=0.00 secs] 
1010.023: [GC (Allocation Failure) [PSYoungGen: 73088K->1517K(72704K)] 476182K->404612K(590848K), 0.0017145 secs] [Times: user=0.01 sys=0.00, real=0.00 secs] 
1010.149: [GC (Allocation Failure) [PSYoungGen: 72685K->1472K(72192K)] 475780K->404566K(590336K), 0.0016829 secs] [Times: user=0.00 sys=0.00, real=0.00 secs] 
1010.277: [GC (Allocation Failure) [PSYoungGen: 72128K->1485K(72704K)] 475222K->404580K(590848K), 0.0015308 secs] [Times: user=0.01 sys=0.00, real=0.00 secs] 
1010.730: [GC (Allocation Failure) [PSYoungGen: 72141K->1456K(71680K)] 475236K->404550K(589824K), 0.0022688 secs] [Times: user=0.01 sys=0.00, real=0.01 secs] 
1011.075: [GC (Allocation Failure) [PSYoungGen: 71600K->1408K(71168K)] 474694K->404502K(589312K), 0.0023426 secs] [Times: user=0.01 sys=0.00, real=0.00 secs] 
1011.368: [GC (Allocation Failure) [PSYoungGen: 71040K->1344K(70656K)] 474134K->404438K(588800K), 0.0020512 secs] [Times: user=0.01 sys=0.00, real=0.00 secs] 
1011.707: [GC (Allocation Failure) [PSYoungGen: 70464K->1344K(70144K)] 473558K->404438K(588288K), 0.0020654 secs] [Times: user=0.01 sys=0.00, real=0.00 secs] 
1011.944: [GC (Allocation Failure) [PSYoungGen: 69952K->1437K(69632K)] 473046K->404532K(587776K), 0.0015329 secs] [Times: user=0.00 sys=0.00, real=0.00 secs] 
1012.063: [GC (Allocation Failure) [PSYoungGen: 69533K->1456K(69120K)] 472628K->404550K(587264K), 0.0017573 secs] [Times: user=0.01 sys=0.00, real=0.00 secs] 
1012.182: [GC (Allocation Failure) [PSYoungGen: 69040K->1472K(75264K)] 472134K->404566K(593408K), 0.0016814 secs] [Times: user=0.00 sys=0.00, real=0.00 secs] 
1012.312: [GC (Allocation Failure) [PSYoungGen: 75200K->1549K(75776K)] 478294K->404652K(593920K), 0.0016641 secs] [Times: user=0.00 sys=0.00, real=0.00 secs] 
1012.617: [GC (Allocation Failure) [PSYoungGen: 75277K->1408K(81408K)] 478380K->404510K(599552K), 0.0020331 secs] [Times: user=0.00 sys=0.00, real=0.00 secs] 
1012.961: [GC (Allocation Failure) [PSYoungGen: 81280K->1376K(80896K)] 484382K->404478K(599040K), 0.0017729 secs] [Times: user=0.01 sys=0.00, real=0.00 secs] 
1013.342: [GC (Allocation Failure) [PSYoungGen: 80736K->1376K(80384K)] 483838K->404478K(598528K), 0.0020258 secs] [Times: user=0.01 sys=0.00, real=0.00 secs] 
1013.845: [GC (Allocation Failure) [PSYoungGen: 80224K->1408K(79872K)] 483326K->404510K(598016K), 0.0018452 secs] [Times: user=0.01 sys=0.00, real=0.00 secs] 
1013.984: [GC (Allocation Failure) [PSYoungGen: 79744K->1453K(79360K)] 482846K->404556K(597504K), 0.0017475 secs] [Times: user=0.00 sys=0.00, real=0.00 secs] 
1014.121: [GC (Allocation Failure) [PSYoungGen: 79277K->1453K(78848K)] 482380K->404556K(596992K), 0.0017011 secs] [Times: user=0.01 sys=0.00, real=0.00 secs] 
1014.279: [GC (Allocation Failure) [PSYoungGen: 78765K->1469K(79360K)] 481868K->404572K(597504K), 0.0019221 secs] [Times: user=0.01 sys=0.00, real=0.01 secs] 
1014.951: [GC (Allocation Failure) [PSYoungGen: 78781K->1440K(78336K)] 481884K->404558K(596480K), 0.0019285 secs] [Times: user=0.00 sys=0.00, real=0.00 secs] 
1015.595: [GC (Allocation Failure) [PSYoungGen: 78240K->1376K(77824K)] 481358K->404494K(595968K), 0.0019760 secs] [Times: user=0.01 sys=0.00, real=0.00 secs] 
1016.274: [GC (Allocation Failure) [PSYoungGen: 77664K->1360K(77312K)] 480782K->404478K(595456K), 0.0021844 secs] [Times: user=0.00 sys=0.00, real=0.00 secs] 
1016.632: [GC (Allocation Failure) [PSYoungGen: 77136K->1437K(76800K)] 480254K->404556K(594944K), 0.0018769 secs] [Times: user=0.01 sys=0.00, real=0.00 secs] 
1016.769: [GC (Allocation Failure) [PSYoungGen: 76701K->1485K(76288K)] 479820K->404604K(594432K), 0.0017229 secs] [Times: user=0.01 sys=0.00, real=0.01 secs] 
1016.901: [GC (Allocation Failure) [PSYoungGen: 76237K->1501K(75776K)] 479356K->404620K(593920K), 0.0016364 secs] [Times: user=0.00 sys=0.00, real=0.00 secs] 
1017.031: [GC (Allocation Failure) [PSYoungGen: 75741K->1517K(75264K)] 478860K->404636K(593408K), 0.0016908 secs] [Times: user=0.01 sys=0.00, real=0.00 secs] 
1017.329: [GC (Allocation Failure) [PSYoungGen: 75245K->1424K(74752K)] 478364K->404542K(592896K), 0.0018180 secs] [Times: user=0.00 sys=0.00, real=0.00 secs] 
1017.633: [GC (Allocation Failure) [PSYoungGen: 74640K->1408K(74240K)] 477758K->404526K(592384K), 0.0017928 secs] [Times: user=0.00 sys=0.00, real=0.00 secs] 
1017.934: [GC (Allocation Failure) [PSYoungGen: 74112K->1344K(73728K)] 477230K->404462K(591872K), 0.0017723 secs] [Times: user=0.01 sys=0.00, real=0.00 secs] 
1018.234: [GC (Allocation Failure) [PSYoungGen: 73536K->1344K(73216K)] 476654K->404462K(591360K), 0.0018027 secs] [Times: user=0.00 sys=0.00, real=0.00 secs] 
1018.407: [GC (Allocation Failure) [PSYoungGen: 73024K->1504K(72704K)] 476142K->404622K(590848K), 0.0016383 secs] [Times: user=0.01 sys=0.00, real=0.00 secs] 
1018.532: [GC (Allocation Failure) [PSYoungGen: 72672K->1517K(72192K)] 475790K->404636K(590336K), 0.0017314 secs] [Times: user=0.01 sys=0.00, real=0.00 secs] 
1018.657: [GC (Allocation Failure) [PSYoungGen: 72173K->1472K(72704K)] 475292K->404590K(590848K), 0.0017329 secs] [Times: user=0.01 sys=0.00, real=0.00 secs] 
1019.143: [GC (Allocation Failure) [PSYoungGen: 72128K->1456K(71680K)] 475246K->404590K(589824K), 0.0021056 secs] [Times: user=0.00 sys=0.00, real=0.00 secs] 
1020.321: [GC (Allocation Failure) [PSYoungGen: 71600K->1376K(71168K)] 474734K->404510K(589312K), 0.0071039 secs] [Times: user=0.02 sys=0.00, real=0.00 secs] 
1020.916: [GC (Allocation Failure) [PSYoungGen: 71008K->1376K(70656K)] 474142K->404510K(588800K), 0.0028617 secs] [Times: user=0.01 sys=0.00, real=0.00 secs] 
1021.413: [GC (Allocation Failure) [PSYoungGen: 70496K->1376K(70144K)] 473630K->404510K(588288K), 0.0026090 secs] [Times: user=0.01 sys=0.00, real=0.00 secs] 
1021.773: [GC (Allocation Failure) [PSYoungGen: 69984K->1469K(69632K)] 473118K->404604K(587776K), 0.0022313 secs] [Times: user=0.01 sys=0.00, real=0.00 secs] 
1021.917: [GC (Allocation Failure) [PSYoungGen: 69565K->1472K(69120K)] 472700K->404606K(587264K), 0.0017720 secs] [Times: user=0.01 sys=0.00, real=0.00 secs] 
1022.037: [GC (Allocation Failure) [PSYoungGen: 69056K->1520K(68608K)] 472190K->404654K(586752K), 0.0015039 secs] [Times: user=0.01 sys=0.00, real=0.00 secs] 
1022.154: [GC (Allocation Failure) [PSYoungGen: 68565K->1501K(69120K)] 471700K->404636K(587264K), 0.0017255 secs] [Times: user=0.01 sys=0.00, real=0.00 secs] 
1023.041: [GC (Allocation Failure) [PSYoungGen: 68573K->1456K(68096K)] 471708K->404590K(586240K), 0.0036910 secs] [Times: user=0.01 sys=0.00, real=0.00 secs] 
1024.436: [GC (Allocation Failure) [PSYoungGen: 68016K->1376K(67584K)] 471150K->404510K(585728K), 0.0042397 secs] [Times: user=0.01 sys=0.00, real=0.01 secs] 
1025.370: [GC (Allocation Failure) [PSYoungGen: 67424K->1408K(67072K)] 470558K->404542K(585216K), 0.0039932 secs] [Times: user=0.01 sys=0.00, real=0.01 secs] 
1026.412: [GC (Allocation Failure) [PSYoungGen: 66944K->1376K(66560K)] 470078K->404510K(584704K), 0.0036551 secs] [Times: user=0.01 sys=0.01, real=0.00 secs] 
1027.608: [GC (Allocation Failure) [PSYoungGen: 66400K->1469K(66048K)] 469534K->404604K(584192K), 0.0028796 secs] [Times: user=0.01 sys=0.00, real=0.00 secs] 
1027.803: [GC (Allocation Failure) [PSYoungGen: 65981K->1501K(65536K)] 469116K->404636K(583680K), 0.0019394 secs] [Times: user=0.01 sys=0.00, real=0.00 secs] 
1027.919: [GC (Allocation Failure) [PSYoungGen: 65501K->1485K(65024K)] 468636K->404620K(583168K), 0.0017248 secs] [Times: user=0.00 sys=0.00, real=0.00 secs] 
1028.030: [GC (Allocation Failure) [PSYoungGen: 64973K->1485K(65536K)] 468108K->404628K(583680K), 0.0016765 secs] [Times: user=0.00 sys=0.00, real=0.01 secs] 
1028.186: [GC (Allocation Failure) [PSYoungGen: 64973K->1696K(65536K)] 468116K->404838K(583680K), 0.0018343 secs] [Times: user=0.00 sys=0.00, real=0.00 secs] 
1028.457: [GC (Allocation Failure) [PSYoungGen: 65184K->1408K(64512K)] 468326K->404550K(582656K), 0.0018924 secs] [Times: user=0.01 sys=0.00, real=0.00 secs] 
1028.718: [GC (Allocation Failure) [PSYoungGen: 64384K->1376K(64000K)] 467526K->404518K(582144K), 0.0020568 secs] [Times: user=0.00 sys=0.00, real=0.00 secs] 
1028.978: [GC (Allocation Failure) [PSYoungGen: 63840K->1376K(63488K)] 466982K->404518K(581632K), 0.0016114 secs] [Times: user=0.01 sys=0.00, real=0.00 secs] 
1029.476: [GC (Allocation Failure) [PSYoungGen: 63328K->1376K(62976K)] 466470K->404518K(581120K), 0.0021490 secs] [Times: user=0.01 sys=0.00, real=0.00 secs] 
1029.779: [GC (Allocation Failure) [PSYoungGen: 62816K->1469K(62464K)] 465958K->404612K(580608K), 0.0016993 secs] [Times: user=0.00 sys=0.00, real=0.00 secs] 
1029.886: [GC (Allocation Failure) [PSYoungGen: 62397K->1437K(61952K)] 465540K->404580K(580096K), 0.0016899 secs] [Times: user=0.01 sys=0.00, real=0.00 secs] 
1030.007: [GC (Allocation Failure) [PSYoungGen: 61853K->1469K(67584K)] 464996K->404620K(585728K), 0.0018788 secs] [Times: user=0.01 sys=0.00, real=0.00 secs] 
1030.129: [GC (Allocation Failure) [PSYoungGen: 67517K->1501K(68096K)] 470668K->404668K(586240K), 0.0018222 secs] [Times: user=0.00 sys=0.00, real=0.00 secs] 
1030.398: [GC (Allocation Failure) [PSYoungGen: 67549K->1456K(74240K)] 470716K->404622K(592384K), 0.0020675 secs] [Times: user=0.01 sys=0.00, real=0.00 secs] 
1030.999: [GC (Allocation Failure) [PSYoungGen: 73648K->1360K(73216K)] 476814K->404526K(591360K), 0.0023763 secs] [Times: user=0.01 sys=0.00, real=0.01 secs] 
1031.725: [GC (Allocation Failure) [PSYoungGen: 73040K->1376K(72704K)] 476206K->404542K(590848K), 0.0021163 secs] [Times: user=0.01 sys=0.00, real=0.00 secs] 
1032.438: [GC (Allocation Failure) [PSYoungGen: 72544K->1376K(72192K)] 475710K->404542K(590336K), 0.0040172 secs] [Times: user=0.01 sys=0.00, real=0.01 secs] 
1032.898: [GC (Allocation Failure) [PSYoungGen: 72032K->1501K(71680K)] 475198K->404668K(589824K), 0.0022372 secs] [Times: user=0.01 sys=0.00, real=0.00 secs] 
1033.043: [GC (Allocation Failure) [PSYoungGen: 71645K->1501K(71168K)] 474812K->404668K(589312K), 0.0017681 secs] [Times: user=0.01 sys=0.00, real=0.00 secs] 
1033.166: [GC (Allocation Failure) [PSYoungGen: 71133K->1453K(70656K)] 474300K->404628K(588800K), 0.0017613 secs] [Times: user=0.01 sys=0.00, real=0.00 secs] 
1033.288: [GC (Allocation Failure) [PSYoungGen: 70573K->1472K(71168K)] 473748K->404646K(589312K), 0.0016190 secs] [Times: user=0.00 sys=0.00, real=0.00 secs] 
1034.970: [GC (Allocation Failure) [PSYoungGen: 70592K->1440K(70144K)] 473766K->404614K(588288K), 0.0028012 secs] [Times: user=0.01 sys=0.01, real=0.01 secs] 
1035.319: [GC (Allocation Failure) [PSYoungGen: 70048K->1440K(69632K)] 473222K->404614K(587776K), 0.0024801 secs] [Times: user=0.01 sys=0.00, real=0.01 secs] 
1035.621: [GC (Allocation Failure) [PSYoungGen: 69536K->1376K(69120K)] 472710K->404550K(587264K), 0.0020588 secs] [Times: user=0.01 sys=0.00, real=0.00 secs] 
1036.164: [GC (Allocation Failure) [PSYoungGen: 68960K->1376K(68608K)] 472134K->404550K(586752K), 0.0023276 secs] [Times: user=0.01 sys=0.00, real=0.00 secs] 
1036.442: [GC (Allocation Failure) [PSYoungGen: 68448K->1501K(68096K)] 471622K->404676K(586240K), 0.0016930 secs] [Times: user=0.00 sys=0.00, real=0.00 secs] 
1036.558: [GC (Allocation Failure) [PSYoungGen: 68061K->1501K(67584K)] 471236K->404676K(585728K), 0.0017396 secs] [Times: user=0.01 sys=0.00, real=0.00 secs] 
1036.676: [GC (Allocation Failure) [PSYoungGen: 67549K->1533K(73216K)] 470724K->404708K(591360K), 0.0016009 secs] [Times: user=0.01 sys=0.00, real=0.00 secs] 
1036.802: [GC (Allocation Failure) [PSYoungGen: 73213K->1485K(73728K)] 476388K->404668K(591872K), 0.0017155 secs] [Times: user=0.00 sys=0.00, real=0.00 secs] 
1037.407: [GC (Allocation Failure) [PSYoungGen: 73165K->1440K(72704K)] 476348K->404630K(590848K), 0.0021289 secs] [Times: user=0.01 sys=0.00, real=0.00 secs] 
1037.730: [GC (Allocation Failure) [PSYoungGen: 72608K->1408K(72192K)] 475798K->404598K(590336K), 0.0023081 secs] [Times: user=0.01 sys=0.00, real=0.01 secs] 
1038.024: [GC (Allocation Failure) [PSYoungGen: 72064K->1408K(71680K)] 475254K->404598K(589824K), 0.0018753 secs] [Times: user=0.01 sys=0.00, real=0.00 secs] 
1038.315: [GC (Allocation Failure) [PSYoungGen: 71552K->1408K(71168K)] 474742K->404598K(589312K), 0.0021343 secs] [Times: user=0.01 sys=0.00, real=0.00 secs] 
1038.477: [GC (Allocation Failure) [PSYoungGen: 71040K->1501K(70656K)] 474230K->404692K(588800K), 0.0015541 secs] [Times: user=0.01 sys=0.00, real=0.00 secs] 
1038.600: [GC (Allocation Failure) [PSYoungGen: 70621K->1472K(70144K)] 473812K->404662K(588288K), 0.0016980 secs] [Times: user=0.01 sys=0.00, real=0.01 secs] 
1038.720: [GC (Allocation Failure) [PSYoungGen: 70080K->1472K(76288K)] 473270K->404662K(594432K), 0.0016503 secs] [Times: user=0.01 sys=0.00, real=0.01 secs] 
1038.940: [GC (Allocation Failure) [PSYoungGen: 76224K->1472K(76800K)] 479414K->404686K(594944K), 0.0018431 secs] [Times: user=0.01 sys=0.00, real=0.01 secs] 
1039.251: [GC (Allocation Failure) [PSYoungGen: 76224K->1376K(75776K)] 479438K->404590K(593920K), 0.0017958 secs] [Times: user=0.01 sys=0.00, real=0.00 secs] 
1039.559: [GC (Allocation Failure) [PSYoungGen: 75616K->1408K(75264K)] 478830K->404622K(593408K), 0.0021103 secs] [Times: user=0.01 sys=0.01, real=0.01 secs] 
1039.866: [GC (Allocation Failure) [PSYoungGen: 75136K->1376K(74752K)] 478350K->404590K(592896K), 0.0017969 secs] [Times: user=0.01 sys=0.00, real=0.00 secs] 
1040.324: [GC (Allocation Failure) [PSYoungGen: 74592K->1472K(74240K)] 477806K->404686K(592384K), 0.0021388 secs] [Times: user=0.00 sys=0.00, real=0.00 secs] 
1040.460: [GC (Allocation Failure) [PSYoungGen: 74176K->1472K(73728K)] 477390K->404686K(591872K), 0.0016939 secs] [Times: user=0.01 sys=0.00, real=0.01 secs] 
1040.606: [GC (Allocation Failure) [PSYoungGen: 73664K->1504K(73216K)] 476878K->404718K(591360K), 0.0019413 secs] [Times: user=0.01 sys=0.00, real=0.00 secs] 
1040.771: [GC (Allocation Failure) [PSYoungGen: 73184K->1469K(72704K)] 476398K->404684K(590848K), 0.0015889 secs] [Times: user=0.01 sys=0.00, real=0.00 secs] 
1041.072: [GC (Allocation Failure) [PSYoungGen: 72637K->1440K(72192K)] 475852K->404662K(590336K), 0.0027202 secs] [Times: user=0.01 sys=0.00, real=0.00 secs] 
1041.367: [GC (Allocation Failure) [PSYoungGen: 72096K->1376K(71680K)] 475318K->404598K(589824K), 0.0018694 secs] [Times: user=0.01 sys=0.00, real=0.00 secs] 
1041.658: [GC (Allocation Failure) [PSYoungGen: 71520K->1328K(71168K)] 474742K->404550K(589312K), 0.0020409 secs] [Times: user=0.01 sys=0.00, real=0.00 secs] 
1042.035: [GC (Allocation Failure) [PSYoungGen: 70960K->1376K(70656K)] 474182K->404598K(588800K), 0.0020487 secs] [Times: user=0.01 sys=0.00, real=0.00 secs] 
1042.272: [GC (Allocation Failure) [PSYoungGen: 70496K->1501K(70144K)] 473718K->404724K(588288K), 0.0016212 secs] [Times: user=0.01 sys=0.00, real=0.00 secs] 
1042.392: [GC (Allocation Failure) [PSYoungGen: 70109K->1469K(69632K)] 473332K->404692K(587776K), 0.0015807 secs] [Times: user=0.01 sys=0.00, real=0.00 secs] 
1042.511: [GC (Allocation Failure) [PSYoungGen: 69565K->1469K(75776K)] 472788K->404692K(593920K), 0.0016623 secs] [Times: user=0.00 sys=0.00, real=0.00 secs] 
1042.744: [GC (Allocation Failure) [PSYoungGen: 75709K->1424K(75264K)] 478932K->404654K(593408K), 0.0018620 secs] [Times: user=0.00 sys=0.00, real=0.00 secs] 
1043.384: [GC (Allocation Failure) [PSYoungGen: 75152K->1376K(74752K)] 478382K->404606K(592896K), 0.0033495 secs] [Times: user=0.01 sys=0.00, real=0.00 secs] 
1043.816: [GC (Allocation Failure) [PSYoungGen: 74592K->1360K(74240K)] 477822K->404590K(592384K), 0.0020307 secs] [Times: user=0.01 sys=0.00, real=0.00 secs] 
1044.119: [GC (Allocation Failure) [PSYoungGen: 74064K->1376K(73728K)] 477294K->404606K(591872K), 0.0018174 secs] [Times: user=0.01 sys=0.00, real=0.01 secs] 
1044.494: [GC (Allocation Failure) [PSYoungGen: 73568K->1437K(73216K)] 476798K->404668K(591360K), 0.0018419 secs] [Times: user=0.01 sys=0.00, real=0.00 secs] 
1044.622: [GC (Allocation Failure) [PSYoungGen: 73117K->1469K(72704K)] 476348K->404700K(590848K), 0.0017246 secs] [Times: user=0.01 sys=0.00, real=0.00 secs] 
1044.746: [GC (Allocation Failure) [PSYoungGen: 72637K->1469K(72192K)] 475868K->404700K(590336K), 0.0017547 secs] [Times: user=0.00 sys=0.00, real=0.00 secs] 
1044.870: [GC (Allocation Failure) [PSYoungGen: 72125K->1485K(72704K)] 475356K->404716K(590848K), 0.0017234 secs] [Times: user=0.01 sys=0.00, real=0.01 secs] 
1045.724: [GC (Allocation Failure) [PSYoungGen: 72141K->1424K(71680K)] 475372K->404654K(589824K), 0.0023679 secs] [Times: user=0.01 sys=0.00, real=0.00 secs] 
1046.402: [GC (Allocation Failure) [PSYoungGen: 71568K->1408K(71168K)] 474798K->404638K(589312K), 0.0025897 secs] [Times: user=0.01 sys=0.00, real=0.00 secs] 
1047.028: [GC (Allocation Failure) [PSYoungGen: 71040K->1376K(70656K)] 474270K->404606K(588800K), 0.0020743 secs] [Times: user=0.00 sys=0.00, real=0.00 secs] 
1047.370: [GC (Allocation Failure) [PSYoungGen: 70496K->1392K(70144K)] 473726K->404622K(588288K), 0.0021264 secs] [Times: user=0.01 sys=0.00, real=0.01 secs] 
1047.605: [GC (Allocation Failure) [PSYoungGen: 70000K->1456K(69632K)] 473230K->404686K(587776K), 0.0016981 secs] [Times: user=0.01 sys=0.00, real=0.00 secs] 
1047.724: [GC (Allocation Failure) [PSYoungGen: 69550K->1504K(69120K)] 472781K->404734K(587264K), 0.0017779 secs] [Times: user=0.01 sys=0.00, real=0.00 secs] 
1047.844: [GC (Allocation Failure) [PSYoungGen: 69088K->1485K(68608K)] 472318K->404716K(586752K), 0.0015836 secs] [Times: user=0.00 sys=0.00, real=0.00 secs] 
1047.961: [GC (Allocation Failure) [PSYoungGen: 68527K->1472K(75264K)] 471758K->404718K(593408K), 0.0016840 secs] [Times: user=0.00 sys=0.00, real=0.00 secs] 
1048.858: [GC (Allocation Failure) [PSYoungGen: 74688K->1408K(74240K)] 477934K->404654K(592384K), 0.0020694 secs] [Times: user=0.01 sys=0.00, real=0.00 secs] 
1049.975: [GC (Allocation Failure) [PSYoungGen: 74112K->1408K(73728K)] 477358K->404654K(591872K), 0.0020380 secs] [Times: user=0.00 sys=0.00, real=0.00 secs] 
1051.064: [GC (Allocation Failure) [PSYoungGen: 73600K->1344K(73216K)] 476846K->404590K(591360K), 0.0028465 secs] [Times: user=0.01 sys=0.00, real=0.00 secs] 
1051.944: [GC (Allocation Failure) [PSYoungGen: 73024K->1376K(72704K)] 476270K->404638K(590848K), 0.0024074 secs] [Times: user=0.01 sys=0.00, real=0.00 secs] 
1052.131: [GC (Allocation Failure) [PSYoungGen: 72544K->1485K(72192K)] 475806K->404748K(590336K), 0.0016798 secs] [Times: user=0.01 sys=0.00, real=0.00 secs] 
1052.276: [GC (Allocation Failure) [PSYoungGen: 72141K->1501K(71680K)] 475404K->404764K(589824K), 0.0018435 secs] [Times: user=0.01 sys=0.00, real=0.00 secs] 
1052.430: [GC (Allocation Failure) [PSYoungGen: 71645K->1437K(71168K)] 474908K->404700K(589312K), 0.0019902 secs] [Times: user=0.01 sys=0.00, real=0.01 secs] 
1053.938: [GC (Allocation Failure) [PSYoungGen: 71069K->1392K(70656K)] 474332K->404662K(588800K), 0.0049567 secs] [Times: user=0.01 sys=0.00, real=0.01 secs] 
1054.512: [GC (Allocation Failure) [PSYoungGen: 70512K->1408K(70144K)] 473782K->404678K(588288K), 0.0021420 secs] [Times: user=0.01 sys=0.00, real=0.00 secs] 
1054.792: [GC (Allocation Failure) [PSYoungGen: 70016K->1376K(69632K)] 473286K->404646K(587776K), 0.0020435 secs] [Times: user=0.01 sys=0.00, real=0.00 secs] 
1055.100: [GC (Allocation Failure) [PSYoungGen: 69472K->1344K(69120K)] 472742K->404614K(587264K), 0.0021686 secs] [Times: user=0.01 sys=0.00, real=0.01 secs] 
1055.527: [GC (Allocation Failure) [PSYoungGen: 68928K->1504K(68608K)] 472198K->404782K(586752K), 0.0019996 secs] [Times: user=0.01 sys=0.00, real=0.00 secs] 
1055.652: [GC (Allocation Failure) [PSYoungGen: 68551K->1501K(68096K)] 471829K->404780K(586240K), 0.0018097 secs] [Times: user=0.00 sys=0.00, real=0.00 secs] 
1055.769: [GC (Allocation Failure) [PSYoungGen: 68061K->1504K(67584K)] 471340K->404782K(585728K), 0.0016896 secs] [Times: user=0.01 sys=0.00, real=0.00 secs] 
1055.885: [GC (Allocation Failure) [PSYoungGen: 67552K->1485K(68096K)] 470830K->404764K(586240K), 0.0016338 secs] [Times: user=0.00 sys=0.00, real=0.00 secs] 
1056.153: [GC (Allocation Failure) [PSYoungGen: 67533K->1472K(68096K)] 470812K->404750K(586240K), 0.0019670 secs] [Times: user=0.01 sys=0.00, real=0.00 secs] 
1056.781: [GC (Allocation Failure) [PSYoungGen: 67520K->1408K(67072K)] 470798K->404686K(585216K), 0.0024298 secs] [Times: user=0.01 sys=0.00, real=0.00 secs] 
1057.164: [GC (Allocation Failure) [PSYoungGen: 66944K->1408K(66560K)] 470222K->404686K(584704K), 0.0022404 secs] [Times: user=0.01 sys=0.00, real=0.00 secs] 
1057.733: [GC (Allocation Failure) [PSYoungGen: 66432K->1376K(66048K)] 469710K->404654K(584192K), 0.0023778 secs] [Times: user=0.01 sys=0.00, real=0.00 secs] 
1058.468: [GC (Allocation Failure) [PSYoungGen: 65888K->1424K(65536K)] 469166K->404702K(583680K), 0.0024360 secs] [Times: user=0.01 sys=0.00, real=0.00 secs] 
1058.632: [GC (Allocation Failure) [PSYoungGen: 65424K->1517K(65024K)] 468702K->404820K(583168K), 0.0016717 secs] [Times: user=0.01 sys=0.00, real=0.00 secs] 
1058.745: [GC (Allocation Failure) [PSYoungGen: 65005K->1485K(64512K)] 468308K->404796K(582656K), 0.0016807 secs] [Times: user=0.00 sys=0.00, real=0.00 secs] 
1058.856: [GC (Allocation Failure) [PSYoungGen: 64461K->1472K(70144K)] 467772K->404782K(588288K), 0.0016373 secs] [Times: user=0.01 sys=0.00, real=0.00 secs] 
1058.976: [GC (Allocation Failure) [PSYoungGen: 69995K->256K(70656K)] 473305K->403590K(588800K), 0.0016796 secs] [Times: user=0.00 sys=0.00, real=0.00 secs] 
1059.317: [GC (Allocation Failure) [PSYoungGen: 68864K->1408K(69632K)] 472198K->404742K(587776K), 0.0018512 secs] [Times: user=0.01 sys=0.00, real=0.00 secs] 
1059.820: [GC (Allocation Failure) [PSYoungGen: 69504K->1376K(69120K)] 472838K->404710K(587264K), 0.0020925 secs] [Times: user=0.01 sys=0.00, real=0.01 secs] 
1060.414: [GC (Allocation Failure) [PSYoungGen: 68960K->1376K(68608K)] 472294K->404718K(586752K), 0.0022203 secs] [Times: user=0.01 sys=0.00, real=0.00 secs] 
1060.967: [GC (Allocation Failure) [PSYoungGen: 68448K->1344K(68096K)] 471790K->404686K(586240K), 0.0024788 secs] [Times: user=0.01 sys=0.00, real=0.00 secs] 
1061.204: [GC (Allocation Failure) [PSYoungGen: 67904K->1504K(67584K)] 471246K->404846K(585728K), 0.0016173 secs] [Times: user=0.01 sys=0.00, real=0.00 secs] 
1061.321: [GC (Allocation Failure) [PSYoungGen: 67552K->1440K(67072K)] 470894K->404782K(585216K), 0.0015873 secs] [Times: user=0.00 sys=0.00, real=0.01 secs] 
1061.437: [GC (Allocation Failure) [PSYoungGen: 66976K->1472K(72704K)] 470318K->404822K(590848K), 0.0017036 secs] [Times: user=0.01 sys=0.00, real=0.00 secs] 
1061.566: [GC (Allocation Failure) [PSYoungGen: 72640K->1408K(73216K)] 475990K->404758K(591360K), 0.0016070 secs] [Times: user=0.00 sys=0.00, real=0.00 secs] 
1063.663: [GC (Allocation Failure) [PSYoungGen: 72576K->1408K(72192K)] 475926K->404758K(590336K), 0.0031749 secs] [Times: user=0.01 sys=0.00, real=0.00 secs] 
1064.343: [GC (Allocation Failure) [PSYoungGen: 72064K->1376K(71680K)] 475414K->404726K(589824K), 0.0033125 secs] [Times: user=0.02 sys=0.01, real=0.00 secs] 
1064.940: [GC (Allocation Failure) [PSYoungGen: 71520K->1376K(71168K)] 474870K->404726K(589312K), 0.0020255 secs] [Times: user=0.01 sys=0.00, real=0.01 secs] 
1065.454: [GC (Allocation Failure) [PSYoungGen: 71008K->1453K(70656K)] 474358K->404804K(588800K), 0.0020277 secs] [Times: user=0.01 sys=0.00, real=0.00 secs] 
1065.594: [GC (Allocation Failure) [PSYoungGen: 70573K->1472K(70144K)] 473924K->404822K(588288K), 0.0016713 secs] [Times: user=0.01 sys=0.00, real=0.00 secs] 
1065.716: [GC (Allocation Failure) [PSYoungGen: 70080K->1501K(69632K)] 473430K->404852K(587776K), 0.0016274 secs] [Times: user=0.01 sys=0.00, real=0.00 secs] 
1065.834: [GC (Allocation Failure) [PSYoungGen: 69597K->1517K(75776K)] 472948K->404900K(593920K), 0.0016691 secs] [Times: user=0.00 sys=0.00, real=0.00 secs] 
1066.275: [GC (Allocation Failure) [PSYoungGen: 75757K->1424K(75264K)] 479140K->404806K(593408K), 0.0022369 secs] [Times: user=0.01 sys=0.00, real=0.00 secs] 
1066.754: [GC (Allocation Failure) [PSYoungGen: 75152K->1408K(74752K)] 478534K->404790K(592896K), 0.0033843 secs] [Times: user=0.01 sys=0.00, real=0.00 secs] 
1067.063: [GC (Allocation Failure) [PSYoungGen: 74624K->1376K(74240K)] 478006K->404758K(592384K), 0.0024895 secs] [Times: user=0.01 sys=0.00, real=0.00 secs] 
1067.383: [GC (Allocation Failure) [PSYoungGen: 74080K->1376K(73728K)] 477462K->404758K(591872K), 0.0020810 secs] [Times: user=0.01 sys=0.00, real=0.00 secs] 
1067.655: [GC (Allocation Failure) [PSYoungGen: 73568K->1440K(73216K)] 476950K->404822K(591360K), 0.0016622 secs] [Times: user=0.01 sys=0.00, real=0.00 secs] 
1067.780: [GC (Allocation Failure) [PSYoungGen: 73112K->1469K(72704K)] 476494K->404852K(590848K), 0.0016798 secs] [Times: user=0.01 sys=0.00, real=0.01 secs] 
1067.907: [GC (Allocation Failure) [PSYoungGen: 72637K->1485K(73216K)] 476020K->404868K(591360K), 0.0016698 secs] [Times: user=0.01 sys=0.00, real=0.00 secs] 
1068.034: [GC (Allocation Failure) [PSYoungGen: 72653K->1520K(79360K)] 476036K->404918K(597504K), 0.0018175 secs] [Times: user=0.01 sys=0.00, real=0.00 secs] 
1069.105: [GC (Allocation Failure) [PSYoungGen: 78832K->1408K(78336K)] 482230K->404806K(596480K), 0.0046621 secs] [Times: user=0.02 sys=0.00, real=0.00 secs] 
1069.927: [GC (Allocation Failure) [PSYoungGen: 78208K->1424K(77824K)] 481606K->404838K(595968K), 0.0025688 secs] [Times: user=0.01 sys=0.00, real=0.00 secs] 
1070.635: [GC (Allocation Failure) [PSYoungGen: 77712K->1376K(77312K)] 481126K->404790K(595456K), 0.0022993 secs] [Times: user=0.01 sys=0.00, real=0.00 secs] 
1071.376: [GC (Allocation Failure) [PSYoungGen: 77152K->1437K(76800K)] 480566K->404852K(594944K), 0.0023147 secs] [Times: user=0.01 sys=0.00, real=0.00 secs] 
1071.538: [GC (Allocation Failure) [PSYoungGen: 76701K->1453K(76288K)] 480116K->404868K(594432K), 0.0016782 secs] [Times: user=0.01 sys=0.00, real=0.00 secs] 
1071.670: [GC (Allocation Failure) [PSYoungGen: 76205K->1504K(75776K)] 479620K->404918K(593920K), 0.0017365 secs] [Times: user=0.01 sys=0.00, real=0.01 secs] 
1071.805: [GC (Allocation Failure) [PSYoungGen: 75744K->1469K(75264K)] 479158K->404884K(593408K), 0.0018699 secs] [Times: user=0.01 sys=0.01, real=0.00 secs] 
1072.320: [GC (Allocation Failure) [PSYoungGen: 75197K->1424K(74752K)] 478612K->404846K(592896K), 0.0019319 secs] [Times: user=0.00 sys=0.00, real=0.01 secs] 
1072.828: [GC (Allocation Failure) [PSYoungGen: 74640K->1408K(74240K)] 478062K->404830K(592384K), 0.0022654 secs] [Times: user=0.01 sys=0.00, real=0.00 secs] 
1073.439: [GC (Allocation Failure) [PSYoungGen: 74112K->1344K(73728K)] 477534K->404766K(591872K), 0.0025240 secs] [Times: user=0.01 sys=0.00, real=0.01 secs] 
1074.123: [GC (Allocation Failure) [PSYoungGen: 73536K->1376K(73216K)] 476958K->404798K(591360K), 0.0021871 secs] [Times: user=0.01 sys=0.00, real=0.00 secs] 
1074.367: [GC (Allocation Failure) [PSYoungGen: 73056K->1533K(72704K)] 476478K->404956K(590848K), 0.0016166 secs] [Times: user=0.01 sys=0.01, real=0.00 secs] 
1074.511: [GC (Allocation Failure) [PSYoungGen: 72701K->1453K(72192K)] 476124K->404876K(590336K), 0.0019758 secs] [Times: user=0.01 sys=0.00, real=0.00 secs] 
1074.671: [GC (Allocation Failure) [PSYoungGen: 72109K->1501K(71680K)] 475532K->404924K(589824K), 0.0020612 secs] [Times: user=0.01 sys=0.00, real=0.00 secs] 
1074.904: [GC (Allocation Failure) [PSYoungGen: 71645K->1472K(71168K)] 475068K->404894K(589312K), 0.0019250 secs] [Times: user=0.00 sys=0.00, real=0.00 secs] 
1075.277: [GC (Allocation Failure) [PSYoungGen: 71104K->1376K(70656K)] 474526K->404798K(588800K), 0.0020386 secs] [Times: user=0.01 sys=0.00, real=0.00 secs] 
1075.612: [GC (Allocation Failure) [PSYoungGen: 70496K->1376K(70144K)] 473918K->404798K(588288K), 0.0021065 secs] [Times: user=0.01 sys=0.00, real=0.00 secs] 
1076.053: [GC (Allocation Failure) [PSYoungGen: 69984K->1376K(69632K)] 473406K->404798K(587776K), 0.0039817 secs] [Times: user=0.01 sys=0.01, real=0.00 secs] 
1076.566: [GC (Allocation Failure) [PSYoungGen: 69472K->1437K(69120K)] 472894K->404860K(587264K), 0.0021980 secs] [Times: user=0.01 sys=0.00, real=0.00 secs] 
1076.711: [GC (Allocation Failure) [PSYoungGen: 69021K->1485K(68608K)] 472444K->404908K(586752K), 0.0016592 secs] [Times: user=0.01 sys=0.00, real=0.00 secs] 
1076.829: [GC (Allocation Failure) [PSYoungGen: 68557K->1453K(68096K)] 471980K->404876K(586240K), 0.0016549 secs] [Times: user=0.01 sys=0.00, real=0.01 secs] 
1076.945: [GC (Allocation Failure) [PSYoungGen: 68013K->1501K(68608K)] 471436K->404924K(586752K), 0.0017706 secs] [Times: user=0.01 sys=0.00, real=0.00 secs] 
1077.223: [GC (Allocation Failure) [PSYoungGen: 68061K->1440K(68608K)] 471484K->404862K(586752K), 0.0018881 secs] [Times: user=0.01 sys=0.00, real=0.00 secs] 
1077.833: [GC (Allocation Failure) [PSYoungGen: 68000K->1376K(67584K)] 471422K->404798K(585728K), 0.0030543 secs] [Times: user=0.01 sys=0.00, real=0.00 secs] 
1078.405: [GC (Allocation Failure) [PSYoungGen: 67424K->1376K(67072K)] 470846K->404798K(585216K), 0.0025278 secs] [Times: user=0.01 sys=0.00, real=0.00 secs] 
1078.940: [GC (Allocation Failure) [PSYoungGen: 66912K->1408K(66560K)] 470334K->404830K(584704K), 0.0019400 secs] [Times: user=0.01 sys=0.00, real=0.01 secs] 
1079.285: [GC (Allocation Failure) [PSYoungGen: 66432K->1501K(66048K)] 469854K->404940K(584192K), 0.0021932 secs] [Times: user=0.01 sys=0.00, real=0.00 secs] 
1079.420: [GC (Allocation Failure) [PSYoungGen: 66013K->1453K(65536K)] 469452K->404892K(583680K), 0.0016283 secs] [Times: user=0.01 sys=0.00, real=0.01 secs] 
1079.534: [GC (Allocation Failure) [PSYoungGen: 65453K->1453K(71680K)] 468892K->404892K(589824K), 0.0027247 secs] [Times: user=0.01 sys=0.00, real=0.00 secs] 
1079.678: [GC (Allocation Failure) [PSYoungGen: 71085K->1469K(72192K)] 474524K->404916K(590336K), 0.0019508 secs] [Times: user=0.00 sys=0.00, real=0.00 secs] 
1080.134: [GC (Allocation Failure) [PSYoungGen: 71613K->1376K(72192K)] 475060K->404822K(590336K), 0.0024835 secs] [Times: user=0.01 sys=0.00, real=0.00 secs] 
1081.088: [GC (Allocation Failure) [PSYoungGen: 71520K->1376K(71168K)] 474966K->404822K(589312K), 0.0027659 secs] [Times: user=0.01 sys=0.01, real=0.01 secs] 
1081.675: [GC (Allocation Failure) [PSYoungGen: 71008K->1408K(70656K)] 474454K->404854K(588800K), 0.0029080 secs] [Times: user=0.01 sys=0.00, real=0.00 secs] 
1082.327: [GC (Allocation Failure) [PSYoungGen: 70528K->1408K(70144K)] 473974K->404854K(588288K), 0.0025428 secs] [Times: user=0.01 sys=0.00, real=0.00 secs] 
1082.890: [GC (Allocation Failure) [PSYoungGen: 70016K->1392K(69632K)] 473462K->404838K(587776K), 0.0024662 secs] [Times: user=0.01 sys=0.00, real=0.01 secs] 
1083.100: [GC (Allocation Failure) [PSYoungGen: 69488K->400K(68096K)] 472934K->404870K(586240K), 0.0023667 secs] [Times: user=0.01 sys=0.00, real=0.01 secs] 
1083.293: [GC (Allocation Failure) [PSYoungGen: 67984K->493K(69120K)] 472454K->404964K(587264K), 0.0020636 secs] [Times: user=0.01 sys=0.00, real=0.00 secs] 
1083.435: [GC (Allocation Failure) [PSYoungGen: 67561K->493K(67072K)] 472032K->404972K(585216K), 0.0018026 secs] [Times: user=0.01 sys=0.00, real=0.00 secs] 
1084.111: [GC (Allocation Failure) [PSYoungGen: 67053K->1424K(68096K)] 471532K->405910K(586240K), 0.0025939 secs] [Times: user=0.01 sys=0.00, real=0.00 secs] 
1085.506: [GC (Allocation Failure) [PSYoungGen: 67472K->1312K(67072K)] 471958K->405798K(585216K), 0.0031772 secs] [Times: user=0.01 sys=0.00, real=0.00 secs] 
1086.418: [GC (Allocation Failure) [PSYoungGen: 66848K->1376K(66560K)] 471334K->405862K(584704K), 0.0028595 secs] [Times: user=0.01 sys=0.00, real=0.01 secs] 
1087.571: [GC (Allocation Failure) [PSYoungGen: 66400K->1408K(66048K)] 470886K->405894K(584192K), 0.0029926 secs] [Times: user=0.01 sys=0.00, real=0.00 secs] 
1088.689: [GC (Allocation Failure) [PSYoungGen: 65751K->288K(64512K)] 470238K->404774K(582656K), 0.0031221 secs] [Times: user=0.02 sys=0.00, real=0.01 secs] 
1088.914: [GC (Allocation Failure) [PSYoungGen: 64288K->1501K(65024K)] 468774K->405988K(583168K), 0.0021624 secs] [Times: user=0.01 sys=0.00, real=0.00 secs] 
1089.042: [GC (Allocation Failure) [PSYoungGen: 64989K->1469K(64512K)] 469476K->405956K(582656K), 0.0019159 secs] [Times: user=0.01 sys=0.00, real=0.00 secs] 
1089.153: [GC (Allocation Failure) [PSYoungGen: 64445K->1485K(69632K)] 468932K->405980K(587776K), 0.0017064 secs] [Times: user=0.01 sys=0.00, real=0.00 secs] 
1089.273: [GC (Allocation Failure) [PSYoungGen: 69581K->1501K(70656K)] 474076K->405996K(588800K), 0.0017522 secs] [Times: user=0.01 sys=0.00, real=0.00 secs] 
1091.209: [GC (Allocation Failure) [PSYoungGen: 69597K->1408K(69120K)] 474092K->405902K(587264K), 0.0030435 secs] [Times: user=0.01 sys=0.00, real=0.01 secs] 
1092.306: [GC (Allocation Failure) [PSYoungGen: 68992K->1376K(68608K)] 473486K->405870K(586752K), 0.0052225 secs] [Times: user=0.02 sys=0.00, real=0.01 secs] 
1093.064: [GC (Allocation Failure) [PSYoungGen: 68448K->1392K(68096K)] 472942K->405886K(586240K), 0.0025968 secs] [Times: user=0.01 sys=0.00, real=0.00 secs] 
1093.713: [GC (Allocation Failure) [PSYoungGen: 67952K->1408K(67584K)] 472446K->405902K(585728K), 0.0025228 secs] [Times: user=0.01 sys=0.00, real=0.00 secs] 
1094.054: [GC (Allocation Failure) [PSYoungGen: 67456K->1437K(67072K)] 471950K->405940K(585216K), 0.0018490 secs] [Times: user=0.01 sys=0.00, real=0.00 secs] 
1094.175: [GC (Allocation Failure) [PSYoungGen: 66973K->1533K(66560K)] 471476K->406036K(584704K), 0.0016748 secs] [Times: user=0.00 sys=0.00, real=0.00 secs] 
1094.289: [GC (Allocation Failure) [PSYoungGen: 66557K->1517K(66048K)] 471060K->406028K(584192K), 0.0016634 secs] [Times: user=0.01 sys=0.00, real=0.01 secs] 
1094.402: [GC (Allocation Failure) [PSYoungGen: 66029K->1536K(72704K)] 470540K->406054K(590848K), 0.0016224 secs] [Times: user=0.00 sys=0.00, real=0.00 secs] 
1094.888: [GC (Allocation Failure) [PSYoungGen: 72192K->1440K(71680K)] 476710K->405958K(589824K), 0.0022003 secs] [Times: user=0.01 sys=0.00, real=0.00 secs] 
1095.203: [GC (Allocation Failure) [PSYoungGen: 71584K->1440K(71168K)] 476102K->405958K(589312K), 0.0020716 secs] [Times: user=0.01 sys=0.00, real=0.00 secs] 
1095.518: [GC (Allocation Failure) [PSYoungGen: 71072K->1376K(70656K)] 475590K->405902K(588800K), 0.0020646 secs] [Times: user=0.00 sys=0.00, real=0.00 secs] 
1095.825: [GC (Allocation Failure) [PSYoungGen: 70496K->1408K(70144K)] 475022K->405934K(588288K), 0.0020501 secs] [Times: user=0.01 sys=0.00, real=0.00 secs] 
1096.009: [GC (Allocation Failure) [PSYoungGen: 70016K->1453K(69632K)] 474542K->405980K(587776K), 0.0016693 secs] [Times: user=0.01 sys=0.00, real=0.00 secs] 
1096.128: [GC (Allocation Failure) [PSYoungGen: 69549K->1517K(69120K)] 474076K->406044K(587264K), 0.0017124 secs] [Times: user=0.01 sys=0.00, real=0.00 secs] 
1096.248: [GC (Allocation Failure) [PSYoungGen: 69101K->1549K(69632K)] 473628K->406076K(587776K), 0.0017253 secs] [Times: user=0.00 sys=0.00, real=0.00 secs] 
1096.397: [GC (Allocation Failure) [PSYoungGen: 69133K->1616K(69632K)] 473660K->406150K(587776K), 0.0017380 secs] [Times: user=0.00 sys=0.00, real=0.00 secs] 
1096.942: [GC (Allocation Failure) [PSYoungGen: 69200K->1408K(68608K)] 473734K->405942K(586752K), 0.0020657 secs] [Times: user=0.01 sys=0.00, real=0.00 secs] 
1097.491: [GC (Allocation Failure) [PSYoungGen: 68480K->1376K(68096K)] 473014K->405910K(586240K), 0.0031920 secs] [Times: user=0.01 sys=0.00, real=0.00 secs] 
1098.064: [GC (Allocation Failure) [PSYoungGen: 67936K->1376K(67584K)] 472470K->405910K(585728K), 0.0021019 secs] [Times: user=0.01 sys=0.00, real=0.00 secs] 
1098.561: [GC (Allocation Failure) [PSYoungGen: 67424K->1376K(67072K)] 471958K->405918K(585216K), 0.0021039 secs] [Times: user=0.00 sys=0.00, real=0.00 secs] 
1098.750: [GC (Allocation Failure) [PSYoungGen: 66912K->1421K(66560K)] 471454K->405964K(584704K), 0.0016698 secs] [Times: user=0.00 sys=0.00, real=0.01 secs] 
1098.865: [GC (Allocation Failure) [PSYoungGen: 66445K->1472K(66048K)] 470988K->406038K(584192K), 0.0016159 secs] [Times: user=0.01 sys=0.00, real=0.00 secs] 
1098.978: [GC (Allocation Failure) [PSYoungGen: 65984K->1453K(71680K)] 470550K->406020K(589824K), 0.0016659 secs] [Times: user=0.01 sys=0.00, real=0.00 secs] 
1099.101: [GC (Allocation Failure) [PSYoungGen: 71597K->1504K(72192K)] 476164K->406086K(590336K), 0.0018293 secs] [Times: user=0.01 sys=0.00, real=0.00 secs] 
1099.796: [GC (Allocation Failure) [PSYoungGen: 71648K->1424K(71168K)] 476230K->406006K(589312K), 0.0025335 secs] [Times: user=0.01 sys=0.00, real=0.00 secs] 
1100.574: [GC (Allocation Failure) [PSYoungGen: 71056K->1408K(70656K)] 475638K->405990K(588800K), 0.0035303 secs] [Times: user=0.02 sys=0.00, real=0.00 secs] 
1101.418: [GC (Allocation Failure) [PSYoungGen: 70528K->1344K(70144K)] 475110K->405926K(588288K), 0.0031462 secs] [Times: user=0.02 sys=0.00, real=0.01 secs] 
1102.214: [GC (Allocation Failure) [PSYoungGen: 69952K->1344K(69632K)] 474534K->405926K(587776K), 0.0043980 secs] [Times: user=0.02 sys=0.00, real=0.00 secs] 
1102.521: [GC (Allocation Failure) [PSYoungGen: 69440K->1485K(75776K)] 474022K->406068K(593920K), 0.0076460 secs] [Times: user=0.03 sys=0.00, real=0.00 secs] 
1102.674: [GC (Allocation Failure) [PSYoungGen: 75725K->1501K(76288K)] 480308K->406084K(594432K), 0.0016133 secs] [Times: user=0.00 sys=0.00, real=0.00 secs] 
1102.806: [GC (Allocation Failure) [PSYoungGen: 75741K->1453K(82944K)] 480324K->406052K(601088K), 0.0020163 secs] [Times: user=0.00 sys=0.00, real=0.00 secs] 
1103.298: [GC (Allocation Failure) [PSYoungGen: 82349K->1472K(82944K)] 486948K->406070K(601088K), 0.0052710 secs] [Times: user=0.02 sys=0.01, real=0.01 secs] 
1104.820: [GC (Allocation Failure) [PSYoungGen: 82368K->1376K(81920K)] 486966K->405974K(600064K), 0.0029939 secs] [Times: user=0.01 sys=0.00, real=0.01 secs] 
1105.539: [GC (Allocation Failure) [PSYoungGen: 81760K->1392K(81408K)] 486358K->405990K(599552K), 0.0042084 secs] [Times: user=0.01 sys=0.00, real=0.01 secs] 
1106.262: [GC (Allocation Failure) [PSYoungGen: 81264K->1408K(80896K)] 485862K->406006K(599040K), 0.0021716 secs] [Times: user=0.00 sys=0.00, real=0.00 secs] 
1106.565: [GC (Allocation Failure) [PSYoungGen: 80768K->1504K(80384K)] 485366K->406102K(598528K), 0.0018459 secs] [Times: user=0.01 sys=0.00, real=0.00 secs] 
1106.704: [GC (Allocation Failure) [PSYoungGen: 80352K->1485K(79872K)] 484950K->406084K(598016K), 0.0016510 secs] [Times: user=0.00 sys=0.00, real=0.00 secs] 
1106.842: [GC (Allocation Failure) [PSYoungGen: 79821K->1485K(79360K)] 484420K->406084K(597504K), 0.0016677 secs] [Times: user=0.00 sys=0.00, real=0.00 secs] 
1107.483: [GC (Allocation Failure) [PSYoungGen: 79309K->1376K(78848K)] 483908K->405974K(596992K), 0.0025214 secs] [Times: user=0.01 sys=0.00, real=0.00 secs] 
1108.398: [GC (Allocation Failure) [PSYoungGen: 78688K->1376K(78336K)] 483286K->405974K(596480K), 0.0032279 secs] [Times: user=0.01 sys=0.00, real=0.01 secs] 
1109.029: [GC (Allocation Failure) [PSYoungGen: 78176K->1376K(77824K)] 482774K->405974K(595968K), 0.0020906 secs] [Times: user=0.01 sys=0.00, real=0.00 secs] 
1109.565: [GC (Allocation Failure) [PSYoungGen: 77664K->1392K(77312K)] 482262K->405990K(595456K), 0.0019677 secs] [Times: user=0.01 sys=0.00, real=0.00 secs] 
1109.743: [GC (Allocation Failure) [PSYoungGen: 77168K->1453K(76800K)] 481766K->406052K(594944K), 0.0016546 secs] [Times: user=0.00 sys=0.00, real=0.00 secs] 
1109.874: [GC (Allocation Failure) [PSYoungGen: 76717K->1504K(76288K)] 481316K->406102K(594432K), 0.0016920 secs] [Times: user=0.00 sys=0.00, real=0.00 secs] 
1110.005: [GC (Allocation Failure) [PSYoungGen: 76256K->1485K(75776K)] 480854K->406084K(593920K), 0.0016574 secs] [Times: user=0.01 sys=0.00, real=0.00 secs] 
1110.644: [GC (Allocation Failure) [PSYoungGen: 75725K->1472K(75264K)] 480324K->406070K(593408K), 0.0050829 secs] [Times: user=0.02 sys=0.00, real=0.00 secs] 
1111.687: [GC (Allocation Failure) [PSYoungGen: 75200K->1376K(74752K)] 479798K->405982K(592896K), 0.0049493 secs] [Times: user=0.02 sys=0.00, real=0.01 secs] 
1112.602: [GC (Allocation Failure) [PSYoungGen: 74592K->1344K(74240K)] 479198K->405966K(592384K), 0.0040766 secs] [Times: user=0.01 sys=0.00, real=0.00 secs] 
1113.093: [GC (Allocation Failure) [PSYoungGen: 74048K->1344K(73728K)] 478670K->405966K(591872K), 0.0023423 secs] [Times: user=0.01 sys=0.00, real=0.00 secs] 
1113.395: [GC (Allocation Failure) [PSYoungGen: 73536K->1437K(73216K)] 478158K->406060K(591360K), 0.0017746 secs] [Times: user=0.00 sys=0.00, real=0.00 secs] 
1113.520: [GC (Allocation Failure) [PSYoungGen: 73117K->1504K(72704K)] 477740K->406126K(590848K), 0.0016864 secs] [Times: user=0.01 sys=0.00, real=0.01 secs] 
1113.645: [GC (Allocation Failure) [PSYoungGen: 72672K->1485K(72192K)] 477294K->406108K(590336K), 0.0017306 secs] [Times: user=0.01 sys=0.00, real=0.00 secs] 
1113.839: [GC (Allocation Failure) [PSYoungGen: 72141K->1504K(71680K)] 476764K->406384K(589824K), 0.0018306 secs] [Times: user=0.00 sys=0.00, real=0.01 secs] 
1114.554: [GC (Allocation Failure) [PSYoungGen: 71648K->1248K(71168K)] 476528K->406128K(589312K), 0.0023924 secs] [Times: user=0.01 sys=0.00, real=0.00 secs] 
1114.870: [GC (Allocation Failure) [PSYoungGen: 70880K->1280K(70656K)] 475760K->406160K(588800K), 0.0020371 secs] [Times: user=0.01 sys=0.00, real=0.01 secs] 
1115.158: [GC (Allocation Failure) [PSYoungGen: 70400K->1280K(70144K)] 475280K->406160K(588288K), 0.0021306 secs] [Times: user=0.01 sys=0.00, real=0.00 secs] 
1115.464: [GC (Allocation Failure) [PSYoungGen: 69888K->1437K(69632K)] 474768K->406318K(587776K), 0.0019511 secs] [Times: user=0.01 sys=0.00, real=0.00 secs] 
1115.640: [GC (Allocation Failure) [PSYoungGen: 69533K->1469K(69120K)] 474414K->406350K(587264K), 0.0021672 secs] [Times: user=0.01 sys=0.00, real=0.01 secs] 
1115.801: [GC (Allocation Failure) [PSYoungGen: 69053K->1504K(68608K)] 473934K->406384K(586752K), 0.0015884 secs] [Times: user=0.00 sys=0.00, real=0.00 secs] 
1115.921: [GC (Allocation Failure) [PSYoungGen: 68576K->1469K(74752K)] 473456K->406350K(592896K), 0.0018914 secs] [Times: user=0.00 sys=0.00, real=0.00 secs] 
1116.122: [GC (Allocation Failure) [PSYoungGen: 74685K->1520K(75776K)] 479566K->406400K(593920K), 0.0020810 secs] [Times: user=0.01 sys=0.00, real=0.00 secs] 
1116.431: [GC (Allocation Failure) [PSYoungGen: 75760K->1504K(75264K)] 480640K->406384K(593408K), 0.0022089 secs] [Times: user=0.00 sys=0.00, real=0.00 secs] 
1116.889: [GC (Allocation Failure) [PSYoungGen: 75232K->1504K(74752K)] 480112K->406384K(592896K), 0.0019335 secs] [Times: user=0.01 sys=0.00, real=0.01 secs] 
1117.450: [GC (Allocation Failure) [PSYoungGen: 74720K->1472K(74240K)] 479600K->406352K(592384K), 0.0021584 secs] [Times: user=0.01 sys=0.01, real=0.01 secs] 
1117.948: [GC (Allocation Failure) [PSYoungGen: 74176K->1597K(74240K)] 479056K->406478K(592384K), 0.0019237 secs] [Times: user=0.00 sys=0.00, real=0.00 secs] 
1118.124: [GC (Allocation Failure) [PSYoungGen: 73789K->1613K(73728K)] 478670K->406494K(591872K), 0.0023091 secs] [Times: user=0.01 sys=0.00, real=0.00 secs] 
1118.285: [GC (Allocation Failure) [PSYoungGen: 73293K->576K(72192K)] 478174K->406480K(590336K), 0.0017027 secs] [Times: user=0.01 sys=0.00, real=0.00 secs] 
1118.410: [GC (Allocation Failure) [PSYoungGen: 71744K->429K(73728K)] 477648K->406438K(591872K), 0.0018502 secs] [Times: user=0.00 sys=0.00, real=0.01 secs] 
1118.890: [GC (Allocation Failure) [PSYoungGen: 72109K->1408K(72704K)] 478118K->407432K(590848K), 0.0025131 secs] [Times: user=0.01 sys=0.00, real=0.01 secs] 
1119.729: [GC (Allocation Failure) [PSYoungGen: 72576K->1376K(72192K)] 478600K->407400K(590336K), 0.0029697 secs] [Times: user=0.01 sys=0.00, real=0.01 secs] 
1120.620: [GC (Allocation Failure) [PSYoungGen: 72032K->1344K(71680K)] 478056K->407368K(589824K), 0.0029299 secs] [Times: user=0.01 sys=0.00, real=0.01 secs] 
1121.460: [GC (Allocation Failure) [PSYoungGen: 71488K->1376K(71168K)] 477512K->407416K(589312K), 0.0027524 secs] [Times: user=0.01 sys=0.00, real=0.01 secs] 
1121.887: [GC (Allocation Failure) [PSYoungGen: 71008K->1469K(70656K)] 477048K->407510K(588800K), 0.0020884 secs] [Times: user=0.01 sys=0.00, real=0.00 secs] 
1122.028: [GC (Allocation Failure) [PSYoungGen: 70589K->1501K(70144K)] 476630K->407542K(588288K), 0.0017699 secs] [Times: user=0.00 sys=0.00, real=0.00 secs] 
1122.148: [GC (Allocation Failure) [PSYoungGen: 70102K->1504K(69632K)] 476143K->407568K(587776K), 0.0017280 secs] [Times: user=0.01 sys=0.01, real=0.00 secs] 
1122.448: [GC (Allocation Failure) [PSYoungGen: 69600K->1952K(69632K)] 475664K->408024K(587776K), 0.0023654 secs] [Times: user=0.01 sys=0.00, real=0.01 secs] 
1123.224: [GC (Allocation Failure) [PSYoungGen: 69536K->320K(67584K)] 475608K->407416K(585728K), 0.0029705 secs] [Times: user=0.01 sys=0.00, real=0.00 secs] 
1124.007: [GC (Allocation Failure) [PSYoungGen: 67392K->352K(69120K)] 474488K->407448K(587264K), 0.0026590 secs] [Times: user=0.01 sys=0.00, real=0.00 secs] 
1125.047: [GC (Allocation Failure) [PSYoungGen: 66912K->352K(66560K)] 474008K->407448K(584704K), 0.0032718 secs] [Times: user=0.01 sys=0.00, real=0.00 secs] 
1126.110: [GC (Allocation Failure) [PSYoungGen: 66400K->304K(68096K)] 473496K->407400K(586240K), 0.0048947 secs] [Times: user=0.02 sys=0.00, real=0.01 secs] 
1126.463: [GC (Allocation Failure) [PSYoungGen: 65840K->1501K(66560K)] 472936K->408598K(584704K), 0.0021159 secs] [Times: user=0.01 sys=0.00, real=0.00 secs] 
1126.631: [GC (Allocation Failure) [PSYoungGen: 66525K->1469K(66048K)] 473622K->408566K(584192K), 0.0019619 secs] [Times: user=0.01 sys=0.00, real=0.01 secs] 
1126.779: [GC (Allocation Failure) [PSYoungGen: 65958K->1533K(65536K)] 473055K->408630K(583680K), 0.0017816 secs] [Times: user=0.00 sys=0.00, real=0.00 secs] 
1126.892: [GC (Allocation Failure) [PSYoungGen: 65533K->1501K(68608K)] 472630K->408614K(586752K), 0.0017516 secs] [Times: user=0.01 sys=0.00, real=0.00 secs] 
1128.302: [GC (Allocation Failure) [PSYoungGen: 67549K->1360K(67072K)] 474662K->408472K(585216K), 0.0025596 secs] [Times: user=0.01 sys=0.00, real=0.00 secs] 
1129.061: [GC (Allocation Failure) [PSYoungGen: 66896K->1344K(66560K)] 474008K->408456K(584704K), 0.0022413 secs] [Times: user=0.01 sys=0.00, real=0.00 secs] 
1129.567: [GC (Allocation Failure) [PSYoungGen: 66368K->1469K(66048K)] 473480K->408582K(584192K), 0.0023509 secs] [Times: user=0.01 sys=0.00, real=0.00 secs] 
1129.670: [GC (Allocation Failure) [PSYoungGen: 65981K->1440K(65536K)] 473094K->408552K(583680K), 0.0017508 secs] [Times: user=0.01 sys=0.00, real=0.01 secs] 
1129.746: [GC (Allocation Failure) [PSYoungGen: 65417K->1472K(68096K)] 472530K->408584K(586240K), 0.0017366 secs] [Times: user=0.01 sys=0.00, real=0.00 secs] 
1129.824: [GC (Allocation Failure) [PSYoungGen: 67008K->1472K(68096K)] 474120K->408584K(586240K), 0.0017016 secs] [Times: user=0.01 sys=0.00, real=0.00 secs] 
1130.003: [GC (Allocation Failure) [PSYoungGen: 67008K->1952K(74240K)] 474120K->409064K(592384K), 0.0022346 secs] [Times: user=0.01 sys=0.00, real=0.00 secs] 
1131.126: [GC (Allocation Failure) [PSYoungGen: 74144K->1344K(74752K)] 481256K->408456K(592896K), 0.0026600 secs] [Times: user=0.01 sys=0.01, real=0.00 secs] 
1131.421: [GC (Allocation Failure) [PSYoungGen: 73536K->1344K(81408K)] 480648K->408456K(599552K), 0.0022207 secs] [Times: user=0.01 sys=0.00, real=0.00 secs] 
1131.842: [GC (Allocation Failure) [PSYoungGen: 80192K->1360K(79872K)] 487304K->408496K(598016K), 0.0022292 secs] [Times: user=0.01 sys=0.00, real=0.00 secs] 
1132.347: [GC (Allocation Failure) [PSYoungGen: 79696K->1469K(79360K)] 486832K->408606K(597504K), 0.0021242 secs] [Times: user=0.00 sys=0.00, real=0.00 secs] 
1132.503: [GC (Allocation Failure) [PSYoungGen: 79293K->1485K(78848K)] 486430K->408622K(596992K), 0.0017517 secs] [Times: user=0.00 sys=0.00, real=0.00 secs] 
1132.639: [GC (Allocation Failure) [PSYoungGen: 78797K->1453K(78336K)] 485934K->408590K(596480K), 0.0016641 secs] [Times: user=0.00 sys=0.00, real=0.01 secs] 
1132.775: [GC (Allocation Failure) [PSYoungGen: 78253K->256K(79360K)] 485390K->407392K(597504K), 0.0016760 secs] [Times: user=0.00 sys=0.00, real=0.00 secs] 
1133.275: [GC (Allocation Failure) [PSYoungGen: 77568K->1376K(78336K)] 484704K->408512K(596480K), 0.0028705 secs] [Times: user=0.01 sys=0.00, real=0.00 secs] 
1133.620: [GC (Allocation Failure) [PSYoungGen: 78176K->1408K(84992K)] 485312K->408544K(603136K), 0.0057278 secs] [Times: user=0.02 sys=0.00, real=0.01 secs] 
1134.027: [GC (Allocation Failure) [PSYoungGen: 83840K->1376K(86016K)] 490976K->408512K(604160K), 0.0030203 secs] [Times: user=0.01 sys=0.00, real=0.00 secs] 
1134.335: [GC (Allocation Failure) [PSYoungGen: 85344K->1469K(84992K)] 492480K->408606K(603136K), 0.0016330 secs] [Times: user=0.01 sys=0.00, real=0.00 secs] 
1134.481: [GC (Allocation Failure) [PSYoungGen: 84925K->1453K(84480K)] 492062K->408590K(602624K), 0.0017312 secs] [Times: user=0.00 sys=0.00, real=0.00 secs] 
1134.628: [GC (Allocation Failure) [PSYoungGen: 84397K->1565K(84992K)] 491534K->408702K(603136K), 0.0017164 secs] [Times: user=0.01 sys=0.00, real=0.00 secs] 
1134.926: [GC (Allocation Failure) [PSYoungGen: 84509K->1440K(83968K)] 491646K->408576K(602112K), 0.0020668 secs] [Times: user=0.01 sys=0.00, real=0.00 secs] 
1135.355: [GC (Allocation Failure) [PSYoungGen: 83872K->1392K(83456K)] 491008K->408536K(601600K), 0.0022576 secs] [Times: user=0.01 sys=0.00, real=0.00 secs] 
1135.695: [GC (Allocation Failure) [PSYoungGen: 83312K->1440K(82944K)] 490456K->408584K(601088K), 0.0019437 secs] [Times: user=0.00 sys=0.00, real=0.00 secs] 
1136.034: [GC (Allocation Failure) [PSYoungGen: 82848K->1408K(82432K)] 489992K->408552K(600576K), 0.0020965 secs] [Times: user=0.00 sys=0.00, real=0.00 secs] 
1136.229: [GC (Allocation Failure) [PSYoungGen: 82304K->1517K(81920K)] 489448K->408662K(600064K), 0.0017061 secs] [Times: user=0.01 sys=0.00, real=0.00 secs] 
1136.371: [GC (Allocation Failure) [PSYoungGen: 81901K->1504K(81408K)] 489046K->408648K(599552K), 0.0017044 secs] [Times: user=0.00 sys=0.00, real=0.00 secs] 
1136.514: [GC (Allocation Failure) [PSYoungGen: 81376K->1485K(80896K)] 488520K->408630K(599040K), 0.0016437 secs] [Times: user=0.01 sys=0.00, real=0.00 secs] 
1137.543: [GC (Allocation Failure) [PSYoungGen: 80845K->1424K(80384K)] 487990K->408568K(598528K), 0.0034661 secs] [Times: user=0.01 sys=0.00, real=0.00 secs] 
1138.578: [GC (Allocation Failure) [PSYoungGen: 80272K->1376K(79872K)] 487416K->408520K(598016K), 0.0043074 secs] [Times: user=0.02 sys=0.00, real=0.01 secs] 
1139.541: [GC (Allocation Failure) [PSYoungGen: 79712K->1376K(79360K)] 486856K->408520K(597504K), 0.0033420 secs] [Times: user=0.01 sys=0.00, real=0.01 secs] 
1140.164: [GC (Allocation Failure) [PSYoungGen: 79200K->1437K(78848K)] 486344K->408582K(596992K), 0.0024131 secs] [Times: user=0.01 sys=0.00, real=0.00 secs] 
1140.343: [GC (Allocation Failure) [PSYoungGen: 78749K->1517K(78336K)] 485894K->408662K(596480K), 0.0026910 secs] [Times: user=0.01 sys=0.00, real=0.00 secs] 
1140.480: [GC (Allocation Failure) [PSYoungGen: 78317K->1485K(77824K)] 485462K->408646K(595968K), 0.0016781 secs] [Times: user=0.00 sys=0.00, real=0.01 secs] 
1140.637: [GC (Allocation Failure) [PSYoungGen: 77773K->1469K(77312K)] 484934K->408630K(595456K), 0.0020127 secs] [Times: user=0.01 sys=0.00, real=0.00 secs] 
1141.438: [GC (Allocation Failure) [PSYoungGen: 77245K->1440K(76800K)] 484406K->408600K(594944K), 0.0022568 secs] [Times: user=0.01 sys=0.00, real=0.00 secs] 
1141.969: [GC (Allocation Failure) [PSYoungGen: 76704K->1376K(76288K)] 483864K->408536K(594432K), 0.0023267 secs] [Times: user=0.01 sys=0.00, real=0.01 secs] 
1142.318: [GC (Allocation Failure) [PSYoungGen: 76128K->1392K(75776K)] 483288K->408552K(593920K), 0.0018645 secs] [Times: user=0.01 sys=0.00, real=0.00 secs] 
1142.663: [GC (Allocation Failure) [PSYoungGen: 75632K->1424K(75264K)] 482792K->408585K(593408K), 0.0018637 secs] [Times: user=0.01 sys=0.00, real=0.00 secs] 
1142.832: [GC (Allocation Failure) [PSYoungGen: 75152K->1421K(74752K)] 482313K->408582K(592896K), 0.0019206 secs] [Times: user=0.00 sys=0.00, real=0.00 secs] 
1143.004: [GC (Allocation Failure) [PSYoungGen: 74637K->1501K(74240K)] 481798K->408662K(592384K), 0.0021007 secs] [Times: user=0.01 sys=0.00, real=0.00 secs] 
1143.171: [GC (Allocation Failure) [PSYoungGen: 74205K->1501K(73728K)] 481366K->408662K(591872K), 0.0016397 secs] [Times: user=0.01 sys=0.00, real=0.00 secs] 
1146.147: [GC (Allocation Failure) [PSYoungGen: 73693K->1424K(73216K)] 480854K->408584K(591360K), 0.0047611 secs] [Times: user=0.02 sys=0.01, real=0.01 secs] 
1146.496: [GC (Allocation Failure) [PSYoungGen: 73104K->1408K(72704K)] 480264K->408568K(590848K), 0.0019318 secs] [Times: user=0.01 sys=0.00, real=0.00 secs] 
1147.099: [GC (Allocation Failure) [PSYoungGen: 72576K->1376K(72192K)] 479736K->408536K(590336K), 0.0037054 secs] [Times: user=0.01 sys=0.00, real=0.01 secs] 
1147.948: [GC (Allocation Failure) [PSYoungGen: 72032K->1376K(71680K)] 479192K->408536K(589824K), 0.0041677 secs] [Times: user=0.01 sys=0.00, real=0.01 secs] 
1148.556: [GC (Allocation Failure) [PSYoungGen: 71509K->1453K(71168K)] 478670K->408614K(589312K), 0.0025551 secs] [Times: user=0.01 sys=0.00, real=0.00 secs] 
1148.718: [GC (Allocation Failure) [PSYoungGen: 71085K->1501K(70656K)] 478246K->408662K(588800K), 0.0016918 secs] [Times: user=0.00 sys=0.00, real=0.00 secs] 
1148.840: [GC (Allocation Failure) [PSYoungGen: 70621K->1453K(70144K)] 477782K->408614K(588288K), 0.0016211 secs] [Times: user=0.00 sys=0.00, real=0.01 secs] 
1148.960: [GC (Allocation Failure) [PSYoungGen: 70061K->1485K(69632K)] 477222K->408646K(587776K), 0.0016092 secs] [Times: user=0.00 sys=0.00, real=0.01 secs] 
1149.423: [GC (Allocation Failure) [PSYoungGen: 69581K->1344K(69120K)] 476742K->408504K(587264K), 0.0021248 secs] [Times: user=0.01 sys=0.00, real=0.00 secs] 
1150.044: [GC (Allocation Failure) [PSYoungGen: 68928K->1408K(68608K)] 476088K->408568K(586752K), 0.0025461 secs] [Times: user=0.01 sys=0.01, real=0.00 secs] 
1150.662: [GC (Allocation Failure) [PSYoungGen: 68480K->1376K(68096K)] 475640K->408536K(586240K), 0.0029167 secs] [Times: user=0.01 sys=0.00, real=0.00 secs] 
1151.355: [GC (Allocation Failure) [PSYoungGen: 67936K->1376K(67584K)] 475096K->408536K(585728K), 0.0033882 secs] [Times: user=0.01 sys=0.00, real=0.00 secs] 
1151.874: [GC (Allocation Failure) [PSYoungGen: 67424K->1485K(67072K)] 474584K->408646K(585216K), 0.0023202 secs] [Times: user=0.01 sys=0.00, real=0.00 secs] 
1152.013: [GC (Allocation Failure) [PSYoungGen: 66995K->1517K(66560K)] 474156K->408702K(584704K), 0.0016926 secs] [Times: user=0.01 sys=0.00, real=0.00 secs] 
1152.128: [GC (Allocation Failure) [PSYoungGen: 66541K->1485K(66048K)] 473726K->408686K(584192K), 0.0016645 secs] [Times: user=0.00 sys=0.00, real=0.00 secs] 
1152.243: [GC (Allocation Failure) [PSYoungGen: 65997K->1472K(72192K)] 473198K->408673K(590336K), 0.0017052 secs] [Times: user=0.00 sys=0.00, real=0.00 secs] 
1153.536: [GC (Allocation Failure) [PSYoungGen: 72128K->1408K(71680K)] 479329K->408608K(589824K), 0.0050342 secs] [Times: user=0.02 sys=0.00, real=0.01 secs] 
1154.303: [GC (Allocation Failure) [PSYoungGen: 71552K->1344K(71168K)] 478752K->408544K(589312K), 0.0027233 secs] [Times: user=0.01 sys=0.00, real=0.00 secs] 
1155.063: [GC (Allocation Failure) [PSYoungGen: 70976K->1344K(70656K)] 478176K->408544K(588800K), 0.0026997 secs] [Times: user=0.01 sys=0.00, real=0.00 secs] 
1156.139: [GC (Allocation Failure) [PSYoungGen: 70464K->1376K(70144K)] 477664K->408576K(588288K), 0.0022108 secs] [Times: user=0.00 sys=0.00, real=0.01 secs] 
1156.754: [GC (Allocation Failure) [PSYoungGen: 69984K->1501K(69632K)] 477184K->408702K(587776K), 0.0019487 secs] [Times: user=0.01 sys=0.00, real=0.00 secs] 
1156.879: [GC (Allocation Failure) [PSYoungGen: 69597K->1485K(69120K)] 476798K->408686K(587264K), 0.0016737 secs] [Times: user=0.01 sys=0.00, real=0.00 secs] 
1156.998: [GC (Allocation Failure) [PSYoungGen: 69069K->1549K(69120K)] 476270K->408750K(587264K), 0.0017348 secs] [Times: user=0.00 sys=0.00, real=0.00 secs] 
1157.117: [GC (Allocation Failure) [PSYoungGen: 68620K->461K(69120K)] 475821K->408694K(587264K), 0.0016010 secs] [Times: user=0.00 sys=0.01, real=0.00 secs] 
1157.403: [GC (Allocation Failure) [PSYoungGen: 68557K->1424K(69120K)] 476790K->409656K(587264K), 0.0017484 secs] [Times: user=0.01 sys=0.00, real=0.00 secs] 
1157.684: [GC (Allocation Failure) [PSYoungGen: 69008K->1344K(68608K)] 477240K->409576K(586752K), 0.0017609 secs] [Times: user=0.01 sys=0.00, real=0.00 secs] 
1157.963: [GC (Allocation Failure) [PSYoungGen: 68416K->1408K(68096K)] 476648K->409640K(586240K), 0.0017548 secs] [Times: user=0.01 sys=0.00, real=0.00 secs] 
1158.238: [GC (Allocation Failure) [PSYoungGen: 67968K->1376K(67584K)] 476200K->409608K(585728K), 0.0017485 secs] [Times: user=0.01 sys=0.00, real=0.00 secs] 
1158.432: [GC (Allocation Failure) [PSYoungGen: 67424K->1469K(67072K)] 475656K->409702K(585216K), 0.0015585 secs] [Times: user=0.01 sys=0.00, real=0.00 secs] 
1158.549: [GC (Allocation Failure) [PSYoungGen: 67005K->1472K(66560K)] 475238K->409705K(584704K), 0.0018058 secs] [Times: user=0.00 sys=0.00, real=0.01 secs] 
1158.663: [GC (Allocation Failure) [PSYoungGen: 66496K->1469K(67072K)] 474729K->409702K(585216K), 0.0016779 secs] [Times: user=0.00 sys=0.00, real=0.00 secs] 
1158.777: [GC (Allocation Failure) [PSYoungGen: 66493K->1485K(73216K)] 474726K->409726K(591360K), 0.0018990 secs] [Times: user=0.01 sys=0.00, real=0.00 secs] 
1159.038: [GC (Allocation Failure) [PSYoungGen: 72653K->1392K(73216K)] 480894K->409656K(591360K), 0.0017538 secs] [Times: user=0.01 sys=0.00, real=0.00 secs] 
1159.333: [GC (Allocation Failure) [PSYoungGen: 72560K->1392K(72192K)] 480824K->409656K(590336K), 0.0017872 secs] [Times: user=0.01 sys=0.00, real=0.00 secs] 
1159.627: [GC (Allocation Failure) [PSYoungGen: 72048K->1440K(71680K)] 480312K->409704K(589824K), 0.0019316 secs] [Times: user=0.01 sys=0.00, real=0.00 secs] 
1159.918: [GC (Allocation Failure) [PSYoungGen: 71584K->1408K(71168K)] 479848K->409672K(589312K), 0.0017217 secs] [Times: user=0.01 sys=0.00, real=0.00 secs] 
1160.100: [GC (Allocation Failure) [PSYoungGen: 71040K->1421K(70656K)] 479304K->409686K(588800K), 0.0017691 secs] [Times: user=0.01 sys=0.00, real=0.01 secs] 
1160.222: [GC (Allocation Failure) [PSYoungGen: 70541K->1469K(70144K)] 478806K->409734K(588288K), 0.0015492 secs] [Times: user=0.01 sys=0.00, real=0.00 secs] 
1160.342: [GC (Allocation Failure) [PSYoungGen: 70070K->1504K(76288K)] 478334K->409769K(594432K), 0.0016410 secs] [Times: user=0.01 sys=0.00, real=0.00 secs] 
1161.136: [GC (Allocation Failure) [PSYoungGen: 76256K->1952K(76288K)] 484521K->410240K(594432K), 0.0025110 secs] [Times: user=0.01 sys=0.00, real=0.00 secs] 
1162.225: [GC (Allocation Failure) [PSYoungGen: 76192K->1344K(75264K)] 484480K->409632K(593408K), 0.0031270 secs] [Times: user=0.01 sys=0.00, real=0.00 secs] 
1163.552: [GC (Allocation Failure) [PSYoungGen: 75072K->1440K(74752K)] 483360K->409728K(592896K), 0.0028430 secs] [Times: user=0.01 sys=0.00, real=0.00 secs] 
1164.823: [GC (Allocation Failure) [PSYoungGen: 74656K->1344K(74240K)] 482944K->409632K(592384K), 0.0026750 secs] [Times: user=0.01 sys=0.00, real=0.00 secs] 
1166.121: [GC (Allocation Failure) [PSYoungGen: 74048K->1501K(73728K)] 482336K->409790K(591872K), 0.0024361 secs] [Times: user=0.01 sys=0.00, real=0.00 secs] 
1166.295: [GC (Allocation Failure) [PSYoungGen: 73693K->1568K(73728K)] 481982K->409857K(591872K), 0.0018861 secs] [Times: user=0.00 sys=0.00, real=0.00 secs] 
1166.421: [GC (Allocation Failure) [PSYoungGen: 73248K->544K(72192K)] 481537K->409857K(590336K), 0.0016419 secs] [Times: user=0.00 sys=0.00, real=0.00 secs] 
1166.546: [GC (Allocation Failure) [PSYoungGen: 71712K->461K(71168K)] 481025K->409774K(589312K), 0.0017019 secs] [Times: user=0.00 sys=0.00, real=0.00 secs] 
1167.039: [GC (Allocation Failure) [PSYoungGen: 71117K->1472K(71680K)] 480430K->410784K(589824K), 0.0021463 secs] [Times: user=0.01 sys=0.00, real=0.01 secs] 
1167.624: [GC (Allocation Failure) [PSYoungGen: 71616K->1376K(71168K)] 480928K->410688K(589312K), 0.0022149 secs] [Times: user=0.01 sys=0.00, real=0.00 secs] 
1168.209: [GC (Allocation Failure) [PSYoungGen: 71008K->1376K(70656K)] 480320K->410688K(588800K), 0.0020003 secs] [Times: user=0.01 sys=0.01, real=0.01 secs] 
1168.738: [GC (Allocation Failure) [PSYoungGen: 70496K->1376K(70144K)] 479808K->410688K(588288K), 0.0021742 secs] [Times: user=0.00 sys=0.01, real=0.00 secs] 
1169.008: [GC (Allocation Failure) [PSYoungGen: 69970K->1501K(69632K)] 479283K->410814K(587776K), 0.0016080 secs] [Times: user=0.01 sys=0.00, real=0.00 secs] 
1169.128: [GC (Allocation Failure) [PSYoungGen: 69597K->1485K(69120K)] 478910K->410798K(587264K), 0.0017358 secs] [Times: user=0.01 sys=0.00, real=0.00 secs] 
1169.247: [GC (Allocation Failure) [PSYoungGen: 69069K->1517K(68608K)] 478382K->410830K(586752K), 0.0016531 secs] [Times: user=0.01 sys=0.00, real=0.00 secs] 
1169.365: [GC (Allocation Failure) [PSYoungGen: 68558K->1485K(69632K)] 477871K->410806K(587776K), 0.0015469 secs] [Times: user=0.01 sys=0.00, real=0.00 secs] 
1170.101: [GC (Allocation Failure) [PSYoungGen: 69069K->1424K(68608K)] 478390K->410744K(586752K), 0.0027132 secs] [Times: user=0.01 sys=0.00, real=0.00 secs] 
1170.808: [GC (Allocation Failure) [PSYoungGen: 68496K->1376K(68096K)] 477816K->410696K(586240K), 0.0036535 secs] [Times: user=0.01 sys=0.00, real=0.01 secs] 
1171.505: [GC (Allocation Failure) [PSYoungGen: 67936K->1408K(67584K)] 477256K->410744K(585728K), 0.0031211 secs] [Times: user=0.01 sys=0.00, real=0.00 secs] 
1172.152: [GC (Allocation Failure) [PSYoungGen: 67456K->1376K(67072K)] 476792K->410712K(585216K), 0.0025311 secs] [Times: user=0.01 sys=0.00, real=0.00 secs] 
1172.598: [GC (Allocation Failure) [PSYoungGen: 66912K->1469K(66560K)] 476248K->410806K(584704K), 0.0021769 secs] [Times: user=0.01 sys=0.00, real=0.00 secs] 
1172.750: [GC (Allocation Failure) [PSYoungGen: 66493K->1485K(66048K)] 475830K->410822K(584192K), 0.0017494 secs] [Times: user=0.01 sys=0.00, real=0.01 secs] 
1172.865: [GC (Allocation Failure) [PSYoungGen: 65997K->1469K(65536K)] 475334K->410806K(583680K), 0.0016258 secs] [Times: user=0.01 sys=0.00, real=0.00 secs] 
1172.979: [GC (Allocation Failure) [PSYoungGen: 65469K->1504K(71680K)] 474806K->410849K(589824K), 0.0015824 secs] [Times: user=0.00 sys=0.00, real=0.00 secs] 
1173.251: [GC (Allocation Failure) [PSYoungGen: 71136K->1456K(70656K)] 480481K->410800K(588800K), 0.0018354 secs] [Times: user=0.01 sys=0.00, real=0.01 secs] 
1173.639: [GC (Allocation Failure) [PSYoungGen: 70576K->1344K(70144K)] 479920K->410688K(588288K), 0.0020043 secs] [Times: user=0.00 sys=0.00, real=0.00 secs] 
1174.018: [GC (Allocation Failure) [PSYoungGen: 69952K->1408K(69632K)] 479296K->410752K(587776K), 0.0018715 secs] [Times: user=0.01 sys=0.00, real=0.00 secs] 
1174.414: [GC (Allocation Failure) [PSYoungGen: 69504K->1344K(69120K)] 478848K->410688K(587264K), 0.0020867 secs] [Times: user=0.01 sys=0.00, real=0.00 secs] 
1174.703: [GC (Allocation Failure) [PSYoungGen: 68928K->1501K(68608K)] 478272K->410846K(586752K), 0.0018845 secs] [Times: user=0.01 sys=0.00, real=0.00 secs] 
1174.822: [GC (Allocation Failure) [PSYoungGen: 68573K->1533K(68096K)] 477918K->410878K(586240K), 0.0019157 secs] [Times: user=0.01 sys=0.00, real=0.00 secs] 
1174.938: [GC (Allocation Failure) [PSYoungGen: 68093K->1485K(68608K)] 477438K->410830K(586752K), 0.0016842 secs] [Times: user=0.00 sys=0.00, real=0.00 secs] 
1175.056: [GC (Allocation Failure) [PSYoungGen: 68045K->1517K(68608K)] 477390K->410870K(586752K), 0.0017106 secs] [Times: user=0.01 sys=0.00, real=0.00 secs] 
1175.601: [GC (Allocation Failure) [PSYoungGen: 68077K->1472K(67584K)] 477430K->410824K(585728K), 0.0020173 secs] [Times: user=0.01 sys=0.00, real=0.00 secs] 
1176.346: [GC (Allocation Failure) [PSYoungGen: 67520K->1408K(67072K)] 476872K->410760K(585216K), 0.0027791 secs] [Times: user=0.01 sys=0.00, real=0.00 secs] 
1177.015: [GC (Allocation Failure) [PSYoungGen: 66944K->1344K(66560K)] 476296K->410696K(584704K), 0.0029110 secs] [Times: user=0.01 sys=0.00, real=0.00 secs] 
1177.834: [GC (Allocation Failure) [PSYoungGen: 66368K->1408K(66048K)] 475720K->410760K(584192K), 0.0034900 secs] [Times: user=0.01 sys=0.00, real=0.00 secs] 
1178.417: [GC (Allocation Failure) [PSYoungGen: 65920K->1469K(71680K)] 475272K->410822K(589824K), 0.0127703 secs] [Times: user=0.06 sys=0.00, real=0.01 secs] 
1178.602: [GC (Allocation Failure) [PSYoungGen: 71606K->1504K(72192K)] 480959K->410857K(590336K), 0.0016981 secs] [Times: user=0.00 sys=0.00, real=0.00 secs] 
1178.727: [GC (Allocation Failure) [PSYoungGen: 71648K->1552K(78336K)] 481001K->410905K(596480K), 0.0016976 secs] [Times: user=0.01 sys=0.00, real=0.00 secs] 
1178.864: [GC (Allocation Failure) [PSYoungGen: 77840K->1549K(78336K)] 487193K->410910K(596480K), 0.0017460 secs] [Times: user=0.00 sys=0.00, real=0.00 secs] 
1179.293: [GC (Allocation Failure) [PSYoungGen: 77837K->1440K(84480K)] 487198K->410800K(602624K), 0.0025951 secs] [Times: user=0.01 sys=0.00, real=0.00 secs] 
1179.709: [GC (Allocation Failure) [PSYoungGen: 84384K->1376K(83968K)] 493744K->410736K(602112K), 0.0020023 secs] [Times: user=0.01 sys=0.00, real=0.01 secs] 
1180.051: [GC (Allocation Failure) [PSYoungGen: 83808K->1376K(83456K)] 493168K->410760K(601600K), 0.0019938 secs] [Times: user=0.01 sys=0.00, real=0.00 secs] 
1180.394: [GC (Allocation Failure) [PSYoungGen: 83296K->1440K(82944K)] 492680K->410825K(601088K), 0.0017177 secs] [Times: user=0.00 sys=0.00, real=0.00 secs] 
1180.539: [GC (Allocation Failure) [PSYoungGen: 82848K->1456K(82432K)] 492233K->410841K(600576K), 0.0018378 secs] [Times: user=0.01 sys=0.00, real=0.01 secs] 
1180.682: [GC (Allocation Failure) [PSYoungGen: 82352K->1485K(81920K)] 491737K->410870K(600064K), 0.0017050 secs] [Times: user=0.01 sys=0.00, real=0.00 secs] 
1181.123: [GC (Allocation Failure) [PSYoungGen: 81869K->1984K(81920K)] 491254K->411880K(600064K), 0.0024245 secs] [Times: user=0.00 sys=0.00, real=0.00 secs] 
1182.177: [GC (Allocation Failure) [PSYoungGen: 81856K->1344K(80896K)] 491752K->411240K(599040K), 0.0034566 secs] [Times: user=0.01 sys=0.00, real=0.01 secs] 
1182.909: [GC (Allocation Failure) [PSYoungGen: 80704K->1360K(80384K)] 490600K->411256K(598528K), 0.0033365 secs] [Times: user=0.01 sys=0.01, real=0.01 secs] 
1183.586: [GC (Allocation Failure) [PSYoungGen: 80208K->1440K(79872K)] 490104K->411336K(598016K), 0.0026796 secs] [Times: user=0.01 sys=0.00, real=0.00 secs] 
1183.875: [GC (Allocation Failure) [PSYoungGen: 79776K->1469K(79360K)] 489672K->411366K(597504K), 0.0017373 secs] [Times: user=0.01 sys=0.00, real=0.00 secs] 
1184.012: [GC (Allocation Failure) [PSYoungGen: 79293K->1517K(78848K)] 489190K->411414K(596992K), 0.0017853 secs] [Times: user=0.01 sys=0.00, real=0.00 secs] 
1184.147: [GC (Allocation Failure) [PSYoungGen: 78829K->1485K(78336K)] 488726K->411382K(596480K), 0.0016918 secs] [Times: user=0.00 sys=0.00, real=0.00 secs] 
1184.881: [GC (Allocation Failure) [PSYoungGen: 78285K->1440K(77824K)] 488182K->411336K(595968K), 0.0029793 secs] [Times: user=0.02 sys=0.00, real=0.00 secs] 
1185.547: [GC (Allocation Failure) [PSYoungGen: 77728K->1392K(77312K)] 487624K->411288K(595456K), 0.0031863 secs] [Times: user=0.01 sys=0.00, real=0.00 secs] 
1186.164: [GC (Allocation Failure) [PSYoungGen: 77168K->1376K(76800K)] 487064K->411272K(594944K), 0.0026739 secs] [Times: user=0.01 sys=0.01, real=0.00 secs] 
1187.144: [GC (Allocation Failure) [PSYoungGen: 76640K->1376K(76288K)] 486536K->411272K(594432K), 0.0023484 secs] [Times: user=0.01 sys=0.00, real=0.00 secs] 
1187.848: [GC (Allocation Failure) [PSYoungGen: 76128K->1501K(75776K)] 486024K->411398K(593920K), 0.0022515 secs] [Times: user=0.01 sys=0.00, real=0.00 secs] 
1187.998: [GC (Allocation Failure) [PSYoungGen: 75741K->1485K(75264K)] 485638K->411382K(593408K), 0.0016460 secs] [Times: user=0.00 sys=0.00, real=0.00 secs] 
1188.126: [GC (Allocation Failure) [PSYoungGen: 75213K->1517K(74752K)] 485110K->411414K(592896K), 0.0017911 secs] [Times: user=0.00 sys=0.00, real=0.00 secs] 
1188.255: [GC (Allocation Failure) [PSYoungGen: 74381K->256K(73728K)] 484278K->410152K(591872K), 0.0018113 secs] [Times: user=0.01 sys=0.00, real=0.00 secs] 
1188.593: [GC (Allocation Failure) [PSYoungGen: 72960K->1408K(73728K)] 482856K->411304K(591872K), 0.0019725 secs] [Times: user=0.01 sys=0.00, real=0.00 secs] 
1188.893: [GC (Allocation Failure) [PSYoungGen: 73600K->1344K(73216K)] 483496K->411240K(591360K), 0.0020039 secs] [Times: user=0.01 sys=0.00, real=0.00 secs] 
1189.191: [GC (Allocation Failure) [PSYoungGen: 73024K->1408K(72704K)] 482920K->411304K(590848K), 0.0019362 secs] [Times: user=0.01 sys=0.00, real=0.00 secs] 
1189.498: [GC (Allocation Failure) [PSYoungGen: 72576K->1437K(72192K)] 482472K->411334K(590336K), 0.0019335 secs] [Times: user=0.01 sys=0.00, real=0.00 secs] 
1189.663: [GC (Allocation Failure) [PSYoungGen: 72080K->1501K(71680K)] 481977K->411398K(589824K), 0.0020832 secs] [Times: user=0.00 sys=0.00, real=0.00 secs] 
1189.819: [GC (Allocation Failure) [PSYoungGen: 71645K->1504K(71168K)] 481542K->411401K(589312K), 0.0017784 secs] [Times: user=0.01 sys=0.00, real=0.00 secs] 
1189.941: [GC (Allocation Failure) [PSYoungGen: 71136K->1504K(71680K)] 481033K->411401K(589824K), 0.0017261 secs] [Times: user=0.00 sys=0.00, real=0.00 secs] 
1190.161: [GC (Allocation Failure) [PSYoungGen: 71136K->1488K(77824K)] 481033K->411408K(595968K), 0.0020531 secs] [Times: user=0.01 sys=0.00, real=0.01 secs] 
1190.478: [GC (Allocation Failure) [PSYoungGen: 77264K->1408K(76800K)] 487184K->411328K(594944K), 0.0021232 secs] [Times: user=0.00 sys=0.00, real=0.00 secs] 
1190.791: [GC (Allocation Failure) [PSYoungGen: 76672K->1376K(76288K)] 486592K->411296K(594432K), 0.0020441 secs] [Times: user=0.01 sys=0.00, real=0.00 secs] 
1191.102: [GC (Allocation Failure) [PSYoungGen: 76128K->1408K(75776K)] 486048K->411328K(593920K), 0.0019433 secs] [Times: user=0.00 sys=0.01, real=0.00 secs] 
1191.433: [GC (Allocation Failure) [PSYoungGen: 75648K->1421K(75264K)] 485568K->411350K(593408K), 0.0017485 secs] [Times: user=0.01 sys=0.00, real=0.00 secs] 
1191.562: [GC (Allocation Failure) [PSYoungGen: 75149K->1536K(75264K)] 485078K->411465K(593408K), 0.0018224 secs] [Times: user=0.01 sys=0.00, real=0.00 secs] 
1191.691: [GC (Allocation Failure) [PSYoungGen: 74752K->1485K(75264K)] 484681K->411414K(593408K), 0.0017324 secs] [Times: user=0.01 sys=0.00, real=0.00 secs] 
1191.897: [GC (Allocation Failure) [PSYoungGen: 75213K->1408K(74752K)] 485142K->411336K(592896K), 0.0018335 secs] [Times: user=0.01 sys=0.00, real=0.00 secs] 
1192.594: [GC (Allocation Failure) [PSYoungGen: 74624K->1344K(74240K)] 484552K->411272K(592384K), 0.0018993 secs] [Times: user=0.01 sys=0.00, real=0.00 secs] 
1193.056: [GC (Allocation Failure) [PSYoungGen: 74048K->1392K(73728K)] 483976K->411320K(591872K), 0.0019219 secs] [Times: user=0.01 sys=0.00, real=0.00 secs] 
1193.357: [GC (Allocation Failure) [PSYoungGen: 73584K->1376K(73216K)] 483512K->411304K(591360K), 0.0020183 secs] [Times: user=0.01 sys=0.00, real=0.00 secs] 
1193.650: [GC (Allocation Failure) [PSYoungGen: 73056K->1501K(72704K)] 482984K->411430K(590848K), 0.0020441 secs] [Times: user=0.01 sys=0.00, real=0.01 secs] 
1193.814: [GC (Allocation Failure) [PSYoungGen: 72669K->1501K(72192K)] 482598K->411430K(590336K), 0.0018637 secs] [Times: user=0.01 sys=0.00, real=0.00 secs] 
1193.970: [GC (Allocation Failure) [PSYoungGen: 72157K->1469K(71680K)] 482086K->411398K(589824K), 0.0017068 secs] [Times: user=0.01 sys=0.00, real=0.01 secs] 
1194.113: [GC (Allocation Failure) [PSYoungGen: 71613K->1453K(71168K)] 481542K->411382K(589312K), 0.0018691 secs] [Times: user=0.01 sys=0.00, real=0.00 secs] 
1194.916: [GC (Allocation Failure) [PSYoungGen: 71085K->1424K(70656K)] 481014K->411352K(588800K), 0.0025538 secs] [Times: user=0.01 sys=0.00, real=0.00 secs] 
1195.296: [GC (Allocation Failure) [PSYoungGen: 70544K->1408K(70144K)] 480472K->411336K(588288K), 0.0021273 secs] [Times: user=0.01 sys=0.00, real=0.00 secs] 
1195.597: [GC (Allocation Failure) [PSYoungGen: 70016K->1376K(69632K)] 479944K->411304K(587776K), 0.0019856 secs] [Times: user=0.01 sys=0.00, real=0.00 secs] 
1195.890: [GC (Allocation Failure) [PSYoungGen: 69472K->1376K(69120K)] 479400K->411304K(587264K), 0.0019807 secs] [Times: user=0.01 sys=0.00, real=0.01 secs] 
1196.116: [GC (Allocation Failure) [PSYoungGen: 68960K->1504K(68608K)] 478888K->411433K(586752K), 0.0016191 secs] [Times: user=0.01 sys=0.00, real=0.00 secs] 
1196.234: [GC (Allocation Failure) [PSYoungGen: 68573K->1453K(68096K)] 478502K->411382K(586240K), 0.0016320 secs] [Times: user=0.00 sys=0.00, real=0.00 secs] 
1196.351: [GC (Allocation Failure) [PSYoungGen: 68013K->1485K(68608K)] 477942K->411414K(586752K), 0.0018691 secs] [Times: user=0.01 sys=0.00, real=0.00 secs] 
1196.468: [GC (Allocation Failure) [PSYoungGen: 68045K->1485K(74240K)] 477974K->411430K(592384K), 0.0018680 secs] [Times: user=0.01 sys=0.00, real=0.00 secs] 
1198.130: [GC (Allocation Failure) [PSYoungGen: 73677K->1408K(73216K)] 483622K->411352K(591360K), 0.0050637 secs] [Times: user=0.02 sys=0.00, real=0.01 secs] 
1199.632: [GC (Allocation Failure) [PSYoungGen: 73088K->1344K(72704K)] 483032K->411288K(590848K), 0.0033013 secs] [Times: user=0.01 sys=0.01, real=0.00 secs] 
1200.083: [GC (Allocation Failure) [PSYoungGen: 72512K->1376K(72192K)] 482456K->411320K(590336K), 0.0019596 secs] [Times: user=0.01 sys=0.00, real=0.00 secs] 
1200.804: [GC (Allocation Failure) [PSYoungGen: 72032K->1376K(71680K)] 481976K->411320K(589824K), 0.0039898 secs] [Times: user=0.02 sys=0.00, real=0.00 secs] 
1201.232: [GC (Allocation Failure) [PSYoungGen: 71520K->1469K(71168K)] 481464K->411414K(589312K), 0.0021897 secs] [Times: user=0.00 sys=0.00, real=0.00 secs] 
1201.372: [GC (Allocation Failure) [PSYoungGen: 71101K->1485K(70656K)] 481046K->411430K(588800K), 0.0017371 secs] [Times: user=0.01 sys=0.00, real=0.00 secs] 
1201.495: [GC (Allocation Failure) [PSYoungGen: 70605K->1504K(70144K)] 480550K->411449K(588288K), 0.0015214 secs] [Times: user=0.00 sys=0.00, real=0.00 secs] 
1201.615: [GC (Allocation Failure) [PSYoungGen: 70095K->1517K(70656K)] 480040K->411478K(588800K), 0.0016254 secs] [Times: user=0.01 sys=0.00, real=0.00 secs] 
1201.961: [GC (Allocation Failure) [PSYoungGen: 70125K->1408K(69632K)] 480086K->411368K(587776K), 0.0018753 secs] [Times: user=0.00 sys=0.00, real=0.01 secs] 
1202.243: [GC (Allocation Failure) [PSYoungGen: 69504K->1408K(69120K)] 479464K->411368K(587264K), 0.0018828 secs] [Times: user=0.01 sys=0.01, real=0.00 secs] 
1202.524: [GC (Allocation Failure) [PSYoungGen: 68992K->1376K(68608K)] 478952K->411336K(586752K), 0.0023748 secs] [Times: user=0.00 sys=0.00, real=0.00 secs] 
1202.804: [GC (Allocation Failure) [PSYoungGen: 68448K->1376K(68096K)] 478408K->411336K(586240K), 0.0023436 secs] [Times: user=0.01 sys=0.00, real=0.00 secs] 
1203.031: [GC (Allocation Failure) [PSYoungGen: 67936K->1469K(67584K)] 477896K->411430K(585728K), 0.0017507 secs] [Times: user=0.01 sys=0.00, real=0.00 secs] 
1203.148: [GC (Allocation Failure) [PSYoungGen: 67517K->1485K(67072K)] 477478K->411446K(585216K), 0.0016688 secs] [Times: user=0.01 sys=0.00, real=0.00 secs] 
1203.264: [GC (Allocation Failure) [PSYoungGen: 67021K->1504K(67584K)] 476982K->411465K(585728K), 0.0016110 secs] [Times: user=0.00 sys=0.00, real=0.00 secs] 
1203.380: [GC (Allocation Failure) [PSYoungGen: 67040K->1488K(73728K)] 477001K->411465K(591872K), 0.0018371 secs] [Times: user=0.01 sys=0.00, real=0.01 secs] 
1203.854: [GC (Allocation Failure) [PSYoungGen: 73168K->1424K(73728K)] 483145K->411400K(591872K), 0.0016951 secs] [Times: user=0.00 sys=0.00, real=0.00 secs] 
1204.616: [GC (Allocation Failure) [PSYoungGen: 73104K->1376K(72704K)] 483080K->411352K(590848K), 0.0029161 secs] [Times: user=0.01 sys=0.00, real=0.00 secs] 
1205.318: [GC (Allocation Failure) [PSYoungGen: 72544K->1376K(72192K)] 482520K->411352K(590336K), 0.0029710 secs] [Times: user=0.01 sys=0.00, real=0.01 secs] 
1206.013: [GC (Allocation Failure) [PSYoungGen: 72032K->1408K(71680K)] 482008K->411384K(589824K), 0.0023434 secs] [Times: user=0.01 sys=0.00, real=0.00 secs] 
1206.204: [GC (Allocation Failure) [PSYoungGen: 71552K->1453K(71168K)] 481528K->411430K(589312K), 0.0017352 secs] [Times: user=0.01 sys=0.00, real=0.00 secs] 
1206.327: [GC (Allocation Failure) [PSYoungGen: 71085K->1517K(70656K)] 481062K->411494K(588800K), 0.0016492 secs] [Times: user=0.00 sys=0.00, real=0.00 secs] 
1206.449: [GC (Allocation Failure) [PSYoungGen: 70637K->1472K(70144K)] 480614K->411449K(588288K), 0.0016175 secs] [Times: user=0.01 sys=0.00, real=0.00 secs] 
1206.694: [GC (Allocation Failure) [PSYoungGen: 70080K->1440K(69632K)] 480057K->411416K(587776K), 0.0020543 secs] [Times: user=0.01 sys=0.00, real=0.00 secs] 
1207.034: [GC (Allocation Failure) [PSYoungGen: 69536K->1376K(69120K)] 479512K->411352K(587264K), 0.0021610 secs] [Times: user=0.00 sys=0.00, real=0.00 secs] 
1207.315: [GC (Allocation Failure) [PSYoungGen: 68960K->1408K(68608K)] 478936K->411384K(586752K), 0.0018617 secs] [Times: user=0.01 sys=0.00, real=0.00 secs] 
1207.887: [GC (Allocation Failure) [PSYoungGen: 68480K->1360K(68096K)] 478456K->411336K(586240K), 0.0025092 secs] [Times: user=0.01 sys=0.00, real=0.00 secs] 
1208.428: [GC (Allocation Failure) [PSYoungGen: 67920K->1469K(67584K)] 477896K->411446K(585728K), 0.0022485 secs] [Times: user=0.01 sys=0.00, real=0.00 secs] 
1208.586: [GC (Allocation Failure) [PSYoungGen: 67517K->1504K(67072K)] 477494K->411481K(585216K), 0.0017599 secs] [Times: user=0.01 sys=0.00, real=0.00 secs] 
1208.718: [GC (Allocation Failure) [PSYoungGen: 67020K->1469K(66560K)] 476997K->411446K(584704K), 0.0017489 secs] [Times: user=0.01 sys=0.00, real=0.00 secs] 
1208.859: [GC (Allocation Failure) [PSYoungGen: 66493K->1485K(66048K)] 476470K->411462K(584192K), 0.0017357 secs] [Times: user=0.01 sys=0.00, real=0.01 secs] 
1209.076: [GC (Allocation Failure) [PSYoungGen: 65997K->928K(65024K)] 475974K->411928K(583168K), 0.0020597 secs] [Times: user=0.01 sys=0.01, real=0.00 secs] 
1209.571: [GC (Allocation Failure) [PSYoungGen: 64928K->352K(64000K)] 475928K->411376K(582144K), 0.0025041 secs] [Times: user=0.01 sys=0.00, real=0.00 secs] 
1209.935: [GC (Allocation Failure) [PSYoungGen: 63840K->320K(63488K)] 474864K->411344K(581632K), 0.0020100 secs] [Times: user=0.01 sys=0.00, real=0.00 secs] 
1210.308: [GC (Allocation Failure) [PSYoungGen: 63296K->320K(64512K)] 474320K->411344K(582656K), 0.0018930 secs] [Times: user=0.00 sys=0.00, real=0.00 secs] 
1210.573: [GC (Allocation Failure) [PSYoungGen: 62784K->320K(62464K)] 473808K->411344K(580608K), 0.0020150 secs] [Times: user=0.01 sys=0.00, real=0.00 secs] 
1210.776: [GC (Allocation Failure) [PSYoungGen: 62272K->1501K(62976K)] 473296K->412526K(581120K), 0.0015853 secs] [Times: user=0.01 sys=0.00, real=0.00 secs] 
1210.884: [GC (Allocation Failure) [PSYoungGen: 62941K->1453K(62464K)] 473966K->412478K(580608K), 0.0016648 secs] [Times: user=0.01 sys=0.00, real=0.00 secs] 
1210.992: [GC (Allocation Failure) [PSYoungGen: 62381K->1504K(66560K)] 473406K->412545K(584704K), 0.0015999 secs] [Times: user=0.01 sys=0.00, real=0.00 secs] 
1211.105: [GC (Allocation Failure) [PSYoungGen: 65504K->1520K(69120K)] 476545K->412561K(587264K), 0.0014496 secs] [Times: user=0.00 sys=0.00, real=0.00 secs] 
1211.841: [GC (Allocation Failure) [PSYoungGen: 68080K->1392K(67584K)] 479121K->412432K(585728K), 0.0026749 secs] [Times: user=0.01 sys=0.00, real=0.01 secs] 
1212.808: [GC (Allocation Failure) [PSYoungGen: 67440K->1392K(67584K)] 478480K->412440K(585728K), 0.0045769 secs] [Times: user=0.02 sys=0.00, real=0.01 secs] 
1213.516: [GC (Allocation Failure) [PSYoungGen: 66928K->1344K(66560K)] 477976K->412392K(584704K), 0.0030315 secs] [Times: user=0.01 sys=0.00, real=0.00 secs] 
1213.941: [GC (Allocation Failure) [PSYoungGen: 66368K->1376K(66560K)] 477416K->412424K(584704K), 0.0024500 secs] [Times: user=0.01 sys=0.00, real=0.00 secs] 
1214.297: [GC (Allocation Failure) [PSYoungGen: 65888K->1405K(65536K)] 476936K->412454K(583680K), 0.0020351 secs] [Times: user=0.01 sys=0.00, real=0.00 secs] 
1214.465: [GC (Allocation Failure) [PSYoungGen: 65405K->1501K(65536K)] 476454K->412550K(583680K), 0.0021500 secs] [Times: user=0.01 sys=0.00, real=0.00 secs] 
1214.633: [GC (Allocation Failure) [PSYoungGen: 64989K->1469K(64512K)] 476038K->412534K(582656K), 0.0025670 secs] [Times: user=0.01 sys=0.00, real=0.00 secs] 
1214.791: [GC (Allocation Failure) [PSYoungGen: 64445K->1533K(64512K)] 475510K->412598K(582656K), 0.0017583 secs] [Times: user=0.01 sys=0.00, real=0.00 secs] 
1215.094: [GC (Allocation Failure) [PSYoungGen: 63997K->1408K(63488K)] 475062K->412480K(581632K), 0.0020395 secs] [Times: user=0.01 sys=0.00, real=0.00 secs] 
1216.237: [GC (Allocation Failure) [PSYoungGen: 63360K->1344K(62976K)] 474432K->412416K(581120K), 0.0032449 secs] [Times: user=0.02 sys=0.00, real=0.00 secs] 
1216.819: [GC (Allocation Failure) [PSYoungGen: 62784K->1344K(62464K)] 473856K->412416K(580608K), 0.0023483 secs] [Times: user=0.00 sys=0.00, real=0.01 secs] 
1217.098: [GC (Allocation Failure) [PSYoungGen: 62272K->1360K(61952K)] 473344K->412432K(580096K), 0.0021427 secs] [Times: user=0.01 sys=0.00, real=0.00 secs] 
1217.349: [GC (Allocation Failure) [PSYoungGen: 61776K->1376K(61440K)] 472848K->412448K(579584K), 0.0020695 secs] [Times: user=0.01 sys=0.01, real=0.01 secs] 
1217.535: [GC (Allocation Failure) [PSYoungGen: 61280K->1504K(61952K)] 472352K->412577K(580096K), 0.0017294 secs] [Times: user=0.01 sys=0.00, real=0.00 secs] 
1217.642: [GC (Allocation Failure) [PSYoungGen: 61408K->1469K(61952K)] 472481K->412542K(580096K), 0.0015951 secs] [Times: user=0.00 sys=0.00, real=0.00 secs] 
1217.747: [GC (Allocation Failure) [PSYoungGen: 61373K->1501K(61952K)] 472446K->412582K(580096K), 0.0017099 secs] [Times: user=0.00 sys=0.00, real=0.00 secs] 
1217.852: [GC (Allocation Failure) [PSYoungGen: 61405K->1485K(61952K)] 472486K->412566K(580096K), 0.0016408 secs] [Times: user=0.01 sys=0.00, real=0.00 secs] 
1218.886: [GC (Allocation Failure) [PSYoungGen: 61389K->1392K(67072K)] 472470K->412472K(585216K), 0.0045635 secs] [Times: user=0.02 sys=0.00, real=0.01 secs] 
1221.001: [GC (Allocation Failure) [PSYoungGen: 66928K->1344K(66560K)] 478008K->412424K(584704K), 0.0039373 secs] [Times: user=0.01 sys=0.00, real=0.00 secs] 
1221.711: [GC (Allocation Failure) [PSYoungGen: 66368K->1344K(66048K)] 477448K->412448K(584192K), 0.0025412 secs] [Times: user=0.01 sys=0.00, real=0.01 secs] 
1222.501: [GC (Allocation Failure) [PSYoungGen: 65856K->1376K(65536K)] 476960K->412480K(583680K), 0.0027937 secs] [Times: user=0.01 sys=0.00, real=0.00 secs] 
1223.246: [GC (Allocation Failure) [PSYoungGen: 65376K->1376K(65024K)] 476480K->412480K(583168K), 0.0029040 secs] [Times: user=0.01 sys=0.00, real=0.00 secs] 
1223.552: [GC (Allocation Failure) [PSYoungGen: 64864K->1453K(64512K)] 475968K->412558K(582656K), 0.0020252 secs] [Times: user=0.01 sys=0.00, real=0.00 secs] 
1223.674: [GC (Allocation Failure) [PSYoungGen: 64429K->1504K(64000K)] 475534K->412617K(582144K), 0.0017375 secs] [Times: user=0.00 sys=0.00, real=0.00 secs] 
1223.784: [GC (Allocation Failure) [PSYoungGen: 63968K->1485K(63488K)] 475081K->412598K(581632K), 0.0016984 secs] [Times: user=0.00 sys=0.00, real=0.00 secs] 
1223.893: [GC (Allocation Failure) [PSYoungGen: 63437K->1485K(64000K)] 474550K->412598K(582144K), 0.0016874 secs] [Times: user=0.01 sys=0.00, real=0.00 secs] 
1224.185: [GC (Allocation Failure) [PSYoungGen: 63437K->1424K(64000K)] 474550K->412544K(582144K), 0.0018845 secs] [Times: user=0.01 sys=0.00, real=0.00 secs] 
1224.442: [GC (Allocation Failure) [PSYoungGen: 63376K->1376K(62976K)] 474496K->412496K(581120K), 0.0020251 secs] [Times: user=0.01 sys=0.00, real=0.00 secs] 
1224.698: [GC (Allocation Failure) [PSYoungGen: 62816K->1376K(62464K)] 473936K->412496K(580608K), 0.0022464 secs] [Times: user=0.01 sys=0.00, real=0.00 secs] 
1224.952: [GC (Allocation Failure) [PSYoungGen: 62304K->1376K(61952K)] 473424K->412496K(580096K), 0.0018799 secs] [Times: user=0.01 sys=0.00, real=0.00 secs] 
1225.204: [GC (Allocation Failure) [PSYoungGen: 61792K->1437K(61440K)] 472912K->412558K(579584K), 0.0020514 secs] [Times: user=0.00 sys=0.00, real=0.00 secs] 
1225.318: [GC (Allocation Failure) [PSYoungGen: 61341K->1485K(66560K)] 472462K->412606K(584704K), 0.0016648 secs] [Times: user=0.01 sys=0.00, real=0.00 secs] 
1225.434: [GC (Allocation Failure) [PSYoungGen: 66509K->1485K(67072K)] 477630K->412614K(585216K), 0.0017856 secs] [Times: user=0.01 sys=0.00, real=0.00 secs] 
1225.552: [GC (Allocation Failure) [PSYoungGen: 66509K->1517K(73216K)] 477638K->412646K(591360K), 0.0022369 secs] [Times: user=0.01 sys=0.00, real=0.00 secs] 
1225.961: [GC (Allocation Failure) [PSYoungGen: 72685K->1408K(73216K)] 483814K->412536K(591360K), 0.0022989 secs] [Times: user=0.00 sys=0.00, real=0.00 secs] 
1226.739: [GC (Allocation Failure) [PSYoungGen: 72576K->1424K(72192K)] 483704K->412552K(590336K), 0.0027849 secs] [Times: user=0.01 sys=0.00, real=0.01 secs] 
1227.483: [GC (Allocation Failure) [PSYoungGen: 72080K->1376K(71680K)] 483208K->412504K(589824K), 0.0031446 secs] [Times: user=0.01 sys=0.00, real=0.00 secs] 
1228.127: [GC (Allocation Failure) [PSYoungGen: 71520K->1408K(71168K)] 482648K->412536K(589312K), 0.0027298 secs] [Times: user=0.01 sys=0.01, real=0.00 secs] 
1228.623: [GC (Allocation Failure) [PSYoungGen: 71040K->1437K(70656K)] 482168K->412566K(588800K), 0.0024876 secs] [Times: user=0.01 sys=0.00, real=0.00 secs] 
1228.780: [GC (Allocation Failure) [PSYoungGen: 70557K->1517K(70144K)] 481686K->412646K(588288K), 0.0016741 secs] [Times: user=0.01 sys=0.00, real=0.01 secs] 
1228.900: [GC (Allocation Failure) [PSYoungGen: 70125K->1488K(69632K)] 481254K->412617K(587776K), 0.0016357 secs] [Times: user=0.01 sys=0.00, real=0.01 secs] 
1229.020: [GC (Allocation Failure) [PSYoungGen: 69584K->1485K(75776K)] 480713K->412622K(593920K), 0.0017349 secs] [Times: user=0.01 sys=0.00, real=0.01 secs] 
1229.378: [GC (Allocation Failure) [PSYoungGen: 75725K->1440K(75264K)] 486862K->412592K(593408K), 0.0020568 secs] [Times: user=0.00 sys=0.00, real=0.00 secs] 
1229.761: [GC (Allocation Failure) [PSYoungGen: 75168K->1376K(74752K)] 486320K->412528K(592896K), 0.0019267 secs] [Times: user=0.01 sys=0.00, real=0.00 secs] 
1230.109: [GC (Allocation Failure) [PSYoungGen: 74592K->1440K(74240K)] 485744K->412592K(592384K), 0.0019711 secs] [Times: user=0.01 sys=0.00, real=0.01 secs] 
1230.411: [GC (Allocation Failure) [PSYoungGen: 74144K->1408K(73728K)] 485296K->412560K(591872K), 0.0019736 secs] [Times: user=0.01 sys=0.00, real=0.00 secs] 
1230.657: [GC (Allocation Failure) [PSYoungGen: 73600K->1533K(73216K)] 484752K->412686K(591360K), 0.0017686 secs] [Times: user=0.00 sys=0.00, real=0.00 secs] 
1230.784: [GC (Allocation Failure) [PSYoungGen: 73213K->1504K(72704K)] 484366K->412657K(590848K), 0.0016696 secs] [Times: user=0.01 sys=0.00, real=0.00 secs] 
1230.911: [GC (Allocation Failure) [PSYoungGen: 72672K->1453K(72192K)] 483825K->412606K(590336K), 0.0017426 secs] [Times: user=0.01 sys=0.00, real=0.00 secs] 
1231.037: [GC (Allocation Failure) [PSYoungGen: 72109K->224K(72704K)] 483262K->411392K(590848K), 0.0016541 secs] [Times: user=0.01 sys=0.00, real=0.00 secs] 
1231.377: [GC (Allocation Failure) [PSYoungGen: 70880K->1408K(71680K)] 482048K->412584K(589824K), 0.0019160 secs] [Times: user=0.00 sys=0.00, real=0.00 secs] 
1231.694: [GC (Allocation Failure) [PSYoungGen: 71552K->1376K(71168K)] 482728K->412552K(589312K), 0.0019891 secs] [Times: user=0.01 sys=0.00, real=0.00 secs] 
1232.031: [GC (Allocation Failure) [PSYoungGen: 71008K->1440K(70656K)] 482184K->412616K(588800K), 0.0021103 secs] [Times: user=0.01 sys=0.00, real=0.00 secs] 
1232.318: [GC (Allocation Failure) [PSYoungGen: 70560K->1344K(70144K)] 481736K->412520K(588288K), 0.0020702 secs] [Times: user=0.01 sys=0.00, real=0.00 secs] 
1232.482: [GC (Allocation Failure) [PSYoungGen: 69952K->1504K(69632K)] 481128K->412681K(587776K), 0.0017412 secs] [Times: user=0.01 sys=0.00, real=0.00 secs] 
1232.602: [GC (Allocation Failure) [PSYoungGen: 69600K->1533K(69120K)] 480777K->412710K(587264K), 0.0017395 secs] [Times: user=0.01 sys=0.00, real=0.00 secs] 
1232.739: [GC (Allocation Failure) [PSYoungGen: 69117K->1501K(69632K)] 480294K->412678K(587776K), 0.0018483 secs] [Times: user=0.01 sys=0.00, real=0.00 secs] 
1233.148: [GC (Allocation Failure) [PSYoungGen: 69085K->1472K(68608K)] 480262K->412672K(586752K), 0.0023538 secs] [Times: user=0.01 sys=0.00, real=0.00 secs] 
1233.907: [GC (Allocation Failure) [PSYoungGen: 68544K->1408K(68096K)] 479744K->412608K(586240K), 0.0042107 secs] [Times: user=0.02 sys=0.00, real=0.01 secs] 
1234.432: [GC (Allocation Failure) [PSYoungGen: 67968K->1440K(67584K)] 479168K->412640K(585728K), 0.0020378 secs] [Times: user=0.01 sys=0.00, real=0.00 secs] 
1234.701: [GC (Allocation Failure) [PSYoungGen: 67488K->1376K(67072K)] 478688K->412576K(585216K), 0.0022034 secs] [Times: user=0.01 sys=0.00, real=0.00 secs] 
1234.973: [GC (Allocation Failure) [PSYoungGen: 66912K->1440K(66560K)] 478112K->412640K(584704K), 0.0021122 secs] [Times: user=0.01 sys=0.00, real=0.00 secs] 
1235.129: [GC (Allocation Failure) [PSYoungGen: 66464K->1501K(66048K)] 477664K->412702K(584192K), 0.0015777 secs] [Times: user=0.01 sys=0.00, real=0.01 secs] 
1235.262: [GC (Allocation Failure) [PSYoungGen: 66013K->1469K(71680K)] 477214K->412670K(589824K), 0.0020322 secs] [Times: user=0.01 sys=0.00, real=0.00 secs] 
1235.424: [GC (Allocation Failure) [PSYoungGen: 71613K->1517K(72192K)] 482814K->412718K(590336K), 0.0017186 secs] [Times: user=0.01 sys=0.00, real=0.00 secs] 
1235.590: [GC (Allocation Failure) [PSYoungGen: 71661K->1920K(78336K)] 482862K->413144K(596480K), 0.0021481 secs] [Times: user=0.01 sys=0.01, real=0.01 secs] 
1235.927: [GC (Allocation Failure) [PSYoungGen: 78208K->1408K(77312K)] 489432K->412632K(595456K), 0.0022311 secs] [Times: user=0.00 sys=0.00, real=0.00 secs] 
1236.242: [GC (Allocation Failure) [PSYoungGen: 77184K->1408K(76800K)] 488408K->412632K(594944K), 0.0019604 secs] [Times: user=0.01 sys=0.00, real=0.00 secs] 
1236.687: [GC (Allocation Failure) [PSYoungGen: 76672K->1408K(76288K)] 487896K->412632K(594432K), 0.0020622 secs] [Times: user=0.01 sys=0.00, real=0.00 secs] 
1237.232: [GC (Allocation Failure) [PSYoungGen: 76160K->1501K(75776K)] 487384K->412726K(593920K), 0.0025841 secs] [Times: user=0.01 sys=0.00, real=0.00 secs] 
1237.452: [GC (Allocation Failure) [PSYoungGen: 75741K->1501K(75264K)] 486966K->412726K(593408K), 0.0023523 secs] [Times: user=0.01 sys=0.00, real=0.00 secs] 
1237.605: [GC (Allocation Failure) [PSYoungGen: 75229K->1504K(74752K)] 486454K->412729K(592896K), 0.0016321 secs] [Times: user=0.01 sys=0.00, real=0.00 secs] 
1237.734: [GC (Allocation Failure) [PSYoungGen: 74720K->1485K(74240K)] 485945K->412726K(592384K), 0.0018769 secs] [Times: user=0.01 sys=0.00, real=0.00 secs] 
1238.500: [GC (Allocation Failure) [PSYoungGen: 74189K->1440K(73728K)] 485430K->412680K(591872K), 0.0034073 secs] [Times: user=0.01 sys=0.00, real=0.01 secs] 
1239.368: [GC (Allocation Failure) [PSYoungGen: 73632K->1376K(73216K)] 484872K->412640K(591360K), 0.0027455 secs] [Times: user=0.01 sys=0.00, real=0.01 secs] 
1240.155: [GC (Allocation Failure) [PSYoungGen: 73056K->1376K(72704K)] 484320K->412640K(590848K), 0.0029641 secs] [Times: user=0.01 sys=0.00, real=0.00 secs] 
1241.116: [GC (Allocation Failure) [PSYoungGen: 72544K->1344K(72192K)] 483808K->412608K(590336K), 0.0026902 secs] [Times: user=0.01 sys=0.00, real=0.00 secs] 
1241.378: [GC (Allocation Failure) [PSYoungGen: 72000K->1469K(71680K)] 483264K->412734K(589824K), 0.0018133 secs] [Times: user=0.01 sys=0.00, real=0.00 secs] 
1241.502: [GC (Allocation Failure) [PSYoungGen: 71613K->1485K(71168K)] 482878K->412750K(589312K), 0.0018461 secs] [Times: user=0.01 sys=0.00, real=0.00 secs] 
1241.627: [GC (Allocation Failure) [PSYoungGen: 71117K->1485K(70656K)] 482382K->412750K(588800K), 0.0015992 secs] [Times: user=0.01 sys=0.00, real=0.00 secs] 
1241.830: [GC (Allocation Failure) [PSYoungGen: 70605K->1440K(70144K)] 481870K->412712K(588288K), 0.0019209 secs] [Times: user=0.00 sys=0.00, real=0.01 secs] 
1242.115: [GC (Allocation Failure) [PSYoungGen: 70048K->1392K(69632K)] 481320K->412664K(587776K), 0.0017163 secs] [Times: user=0.00 sys=0.00, real=0.00 secs] 
1242.398: [GC (Allocation Failure) [PSYoungGen: 69488K->1408K(69120K)] 480760K->412680K(587264K), 0.0018814 secs] [Times: user=0.01 sys=0.00, real=0.00 secs] 
1242.842: [GC (Allocation Failure) [PSYoungGen: 68992K->1440K(68608K)] 480264K->412712K(586752K), 0.0019540 secs] [Times: user=0.00 sys=0.00, real=0.00 secs] 
1243.312: [GC (Allocation Failure) [PSYoungGen: 68512K->1469K(68096K)] 479784K->412742K(586240K), 0.0018827 secs] [Times: user=0.00 sys=0.00, real=0.00 secs] 
1243.440: [GC (Allocation Failure) [PSYoungGen: 68029K->1549K(68096K)] 479302K->412822K(586240K), 0.0016729 secs] [Times: user=0.01 sys=0.00, real=0.01 secs] 
1243.557: [GC (Allocation Failure) [PSYoungGen: 67597K->1517K(67072K)] 478870K->412790K(585216K), 0.0017393 secs] [Times: user=0.01 sys=0.00, real=0.00 secs] 
1243.673: [GC (Allocation Failure) [PSYoungGen: 67053K->1517K(67584K)] 478326K->412790K(585728K), 0.0016894 secs] [Times: user=0.00 sys=0.00, real=0.00 secs] 
1243.920: [GC (Allocation Failure) [PSYoungGen: 67565K->1440K(68096K)] 478838K->412720K(586240K), 0.0019364 secs] [Times: user=0.01 sys=0.00, real=0.01 secs] 
1244.558: [GC (Allocation Failure) [PSYoungGen: 67488K->1376K(67072K)] 478768K->412656K(585216K), 0.0021506 secs] [Times: user=0.01 sys=0.00, real=0.00 secs] 
1245.221: [GC (Allocation Failure) [PSYoungGen: 66912K->1408K(66560K)] 478192K->412688K(584704K), 0.0023670 secs] [Times: user=0.01 sys=0.00, real=0.01 secs] 
1245.915: [GC (Allocation Failure) [PSYoungGen: 66432K->1376K(66048K)] 477712K->412656K(584192K), 0.0020885 secs] [Times: user=0.00 sys=0.00, real=0.00 secs] 
1246.585: [GC (Allocation Failure) [PSYoungGen: 65888K->1360K(65536K)] 477168K->412640K(583680K), 0.0023876 secs] [Times: user=0.01 sys=0.00, real=0.00 secs] 
1246.792: [GC (Allocation Failure) [PSYoungGen: 65360K->1533K(65024K)] 476640K->412814K(583168K), 0.0017032 secs] [Times: user=0.00 sys=0.00, real=0.00 secs] 
1246.904: [GC (Allocation Failure) [PSYoungGen: 65021K->1501K(64512K)] 476302K->412782K(582656K), 0.0016820 secs] [Times: user=0.01 sys=0.00, real=0.00 secs] 
1247.032: [GC (Allocation Failure) [PSYoungGen: 64477K->1501K(70144K)] 475758K->412798K(588288K), 0.0018961 secs] [Times: user=0.01 sys=0.00, real=0.00 secs] 
1247.189: [GC (Allocation Failure) [PSYoungGen: 70109K->1485K(70656K)] 481406K->412782K(588800K), 0.0017149 secs] [Times: user=0.00 sys=0.00, real=0.00 secs] 
1247.824: [GC (Allocation Failure) [PSYoungGen: 70093K->1408K(69632K)] 481390K->412704K(587776K), 0.0026727 secs] [Times: user=0.01 sys=0.00, real=0.00 secs] 
1248.157: [GC (Allocation Failure) [PSYoungGen: 69504K->1376K(69120K)] 480800K->412672K(587264K), 0.0024025 secs] [Times: user=0.01 sys=0.00, real=0.00 secs] 
1248.527: [GC (Allocation Failure) [PSYoungGen: 68960K->1376K(68608K)] 480256K->412672K(586752K), 0.0018519 secs] [Times: user=0.01 sys=0.00, real=0.00 secs] 
1249.044: [GC (Allocation Failure) [PSYoungGen: 68448K->1376K(68096K)] 479744K->412672K(586240K), 0.0024146 secs] [Times: user=0.01 sys=0.00, real=0.00 secs] 
1249.401: [GC (Allocation Failure) [PSYoungGen: 67918K->1469K(67584K)] 479215K->412766K(585728K), 0.0018981 secs] [Times: user=0.01 sys=0.00, real=0.00 secs] 
1249.521: [GC (Allocation Failure) [PSYoungGen: 67517K->1472K(67072K)] 478814K->412769K(585216K), 0.0018587 secs] [Times: user=0.00 sys=0.00, real=0.00 secs] 
1249.654: [GC (Allocation Failure) [PSYoungGen: 67001K->1469K(72704K)] 478298K->412774K(590848K), 0.0019331 secs] [Times: user=0.01 sys=0.00, real=0.00 secs] 
1249.813: [GC (Allocation Failure) [PSYoungGen: 72637K->1421K(73216K)] 483942K->412742K(591360K), 0.0016622 secs] [Times: user=0.00 sys=0.00, real=0.00 secs] 
1250.468: [GC (Allocation Failure) [PSYoungGen: 72589K->1408K(72192K)] 483910K->412728K(590336K), 0.0023779 secs] [Times: user=0.01 sys=0.00, real=0.00 secs] 
1251.182: [GC (Allocation Failure) [PSYoungGen: 72064K->1376K(71680K)] 483384K->412696K(589824K), 0.0039501 secs] [Times: user=0.02 sys=0.00, real=0.00 secs] 
1251.841: [GC (Allocation Failure) [PSYoungGen: 71520K->1376K(71168K)] 482840K->412696K(589312K), 0.0030453 secs] [Times: user=0.01 sys=0.00, real=0.00 secs] 
1252.500: [GC (Allocation Failure) [PSYoungGen: 71008K->1408K(70656K)] 482328K->412728K(588800K), 0.0030369 secs] [Times: user=0.02 sys=0.00, real=0.01 secs] 
1252.776: [GC (Allocation Failure) [PSYoungGen: 70528K->1485K(70144K)] 481848K->412806K(588288K), 0.0018583 secs] [Times: user=0.01 sys=0.00, real=0.00 secs] 
1252.934: [GC (Allocation Failure) [PSYoungGen: 70093K->1424K(69632K)] 481414K->412745K(587776K), 0.0019011 secs] [Times: user=0.01 sys=0.00, real=0.00 secs] 
1253.084: [GC (Allocation Failure) [PSYoungGen: 69520K->1469K(69120K)] 480841K->412790K(587264K), 0.0018845 secs] [Times: user=0.00 sys=0.00, real=0.00 secs] 
1253.387: [GC (Allocation Failure) [PSYoungGen: 69053K->1440K(68608K)] 480374K->412760K(586752K), 0.0023268 secs] [Times: user=0.01 sys=0.00, real=0.00 secs] 
1254.038: [GC (Allocation Failure) [PSYoungGen: 68512K->1376K(68096K)] 479832K->412696K(586240K), 0.0024272 secs] [Times: user=0.02 sys=0.00, real=0.01 secs] 
1254.594: [GC (Allocation Failure) [PSYoungGen: 67936K->1344K(67584K)] 479256K->412664K(585728K), 0.0025397 secs] [Times: user=0.01 sys=0.00, real=0.00 secs] 
1254.899: [GC (Allocation Failure) [PSYoungGen: 67392K->1376K(67072K)] 478712K->412696K(585216K), 0.0018678 secs] [Times: user=0.00 sys=0.00, real=0.00 secs] 
1255.901: [GC (Allocation Failure) [PSYoungGen: 66912K->1376K(66560K)] 478232K->412696K(584704K), 0.0038176 secs] [Times: user=0.02 sys=0.00, real=0.00 secs] 
1256.210: [GC (Allocation Failure) [PSYoungGen: 66400K->1517K(66048K)] 477720K->412838K(584192K), 0.0020440 secs] [Times: user=0.01 sys=0.00, real=0.01 secs] 
1256.339: [GC (Allocation Failure) [PSYoungGen: 66029K->1501K(65536K)] 477350K->412822K(583680K), 0.0016009 secs] [Times: user=0.01 sys=0.00, real=0.00 secs] 
1256.455: [GC (Allocation Failure) [PSYoungGen: 65501K->1501K(65024K)] 476822K->412822K(583168K), 0.0017705 secs] [Times: user=0.01 sys=0.00, real=0.00 secs] 
1256.567: [GC (Allocation Failure) [PSYoungGen: 64989K->1472K(70656K)] 476310K->412801K(588800K), 0.0017791 secs] [Times: user=0.01 sys=0.00, real=0.00 secs] 
1256.880: [GC (Allocation Failure) [PSYoungGen: 70592K->1392K(70144K)] 481921K->412720K(588288K), 0.0017652 secs] [Times: user=0.01 sys=0.00, real=0.01 secs] 
1257.165: [GC (Allocation Failure) [PSYoungGen: 70000K->1376K(69632K)] 481328K->412704K(587776K), 0.0018849 secs] [Times: user=0.01 sys=0.00, real=0.00 secs] 
1257.447: [GC (Allocation Failure) [PSYoungGen: 69472K->1376K(69120K)] 480800K->412704K(587264K), 0.0018295 secs] [Times: user=0.01 sys=0.00, real=0.00 secs] 
1257.728: [GC (Allocation Failure) [PSYoungGen: 68960K->1344K(68608K)] 480288K->412672K(586752K), 0.0016255 secs] [Times: user=0.01 sys=0.00, real=0.00 secs] 
1257.896: [GC (Allocation Failure) [PSYoungGen: 68416K->1517K(68096K)] 479744K->412846K(586240K), 0.0016640 secs] [Times: user=0.00 sys=0.00, real=0.00 secs] 
1258.013: [GC (Allocation Failure) [PSYoungGen: 68077K->1504K(67584K)] 479406K->412833K(585728K), 0.0017224 secs] [Times: user=0.00 sys=0.00, real=0.00 secs] 
1258.130: [GC (Allocation Failure) [PSYoungGen: 67552K->1517K(68096K)] 478881K->412854K(586240K), 0.0016819 secs] [Times: user=0.01 sys=0.00, real=0.01 secs] 
1258.247: [GC (Allocation Failure) [PSYoungGen: 67565K->1485K(68096K)] 478902K->412822K(586240K), 0.0017033 secs] [Times: user=0.01 sys=0.00, real=0.00 secs] 
1258.522: [GC (Allocation Failure) [PSYoungGen: 67533K->1408K(73216K)] 478870K->412760K(591360K), 0.0018053 secs] [Times: user=0.01 sys=0.00, real=0.00 secs] 
1258.832: [GC (Allocation Failure) [PSYoungGen: 73088K->1408K(72704K)] 484440K->412760K(590848K), 0.0019319 secs] [Times: user=0.01 sys=0.00, real=0.00 secs] 
1259.128: [GC (Allocation Failure) [PSYoungGen: 72576K->1392K(72192K)] 483928K->412744K(590336K), 0.0017455 secs] [Times: user=0.01 sys=0.00, real=0.00 secs] 
1259.553: [GC (Allocation Failure) [PSYoungGen: 72048K->1376K(71680K)] 483400K->412736K(589824K), 0.0018091 secs] [Times: user=0.00 sys=0.00, real=0.00 secs] 
1259.778: [GC (Allocation Failure) [PSYoungGen: 71520K->1504K(71168K)] 482880K->412865K(589312K), 0.0017363 secs] [Times: user=0.01 sys=0.00, real=0.00 secs] 
1259.900: [GC (Allocation Failure) [PSYoungGen: 71136K->1488K(70656K)] 482497K->412849K(588800K), 0.0016444 secs] [Times: user=0.00 sys=0.00, real=0.01 secs] 
1260.022: [GC (Allocation Failure) [PSYoungGen: 70608K->1453K(71168K)] 481969K->412814K(589312K), 0.0016324 secs] [Times: user=0.00 sys=0.00, real=0.00 secs] 
1260.286: [GC (Allocation Failure) [PSYoungGen: 70573K->1408K(70144K)] 481934K->412768K(588288K), 0.0022318 secs] [Times: user=0.00 sys=0.00, real=0.00 secs] 
1261.225: [GC (Allocation Failure) [PSYoungGen: 70016K->1376K(69632K)] 481376K->412736K(587776K), 0.0050135 secs] [Times: user=0.02 sys=0.00, real=0.00 secs] 
1262.265: [GC (Allocation Failure) [PSYoungGen: 69472K->1376K(69120K)] 480832K->412736K(587264K), 0.0071110 secs] [Times: user=0.02 sys=0.00, real=0.01 secs] 
1263.291: [GC (Allocation Failure) [PSYoungGen: 68960K->1376K(68608K)] 480320K->412736K(586752K), 0.0049098 secs] [Times: user=0.02 sys=0.00, real=0.00 secs] 
1263.885: [GC (Allocation Failure) [PSYoungGen: 68448K->1469K(68096K)] 479808K->412830K(586240K), 0.0025303 secs] [Times: user=0.01 sys=0.00, real=0.00 secs] 
1264.113: [GC (Allocation Failure) [PSYoungGen: 68029K->1469K(67584K)] 479390K->412830K(585728K), 0.0021633 secs] [Times: user=0.01 sys=0.00, real=0.00 secs] 
1264.253: [GC (Allocation Failure) [PSYoungGen: 67502K->1501K(67072K)] 478863K->412870K(585216K), 0.0025601 secs] [Times: user=0.01 sys=0.00, real=0.00 secs] 
1264.370: [GC (Allocation Failure) [PSYoungGen: 67037K->1504K(67584K)] 478406K->412873K(585728K), 0.0016320 secs] [Times: user=0.01 sys=0.00, real=0.01 secs] 
1265.008: [GC (Allocation Failure) [PSYoungGen: 67040K->1952K(67072K)] 478409K->413328K(585216K), 0.0031509 secs] [Times: user=0.01 sys=0.00, real=0.01 secs] 
1266.689: [GC (Allocation Failure) [PSYoungGen: 66976K->1376K(66048K)] 478352K->412752K(584192K), 0.0040604 secs] [Times: user=0.01 sys=0.01, real=0.01 secs] 
1267.171: [GC (Allocation Failure) [PSYoungGen: 65888K->1376K(65536K)] 477264K->412752K(583680K), 0.0025072 secs] [Times: user=0.01 sys=0.00, real=0.00 secs] 
1267.625: [GC (Allocation Failure) [PSYoungGen: 65376K->1376K(65024K)] 476752K->412752K(583168K), 0.0022580 secs] [Times: user=0.01 sys=0.00, real=0.00 secs] 
1268.112: [GC (Allocation Failure) [PSYoungGen: 64864K->1376K(64512K)] 476240K->412760K(582656K), 0.0023897 secs] [Times: user=0.01 sys=0.00, real=0.00 secs] 
1268.371: [GC (Allocation Failure) [PSYoungGen: 64352K->1456K(64000K)] 475736K->412841K(582144K), 0.0018076 secs] [Times: user=0.01 sys=0.00, real=0.00 secs] 
1268.483: [GC (Allocation Failure) [PSYoungGen: 63920K->1485K(63488K)] 475305K->412870K(581632K), 0.0017519 secs] [Times: user=0.01 sys=0.00, real=0.00 secs] 
1268.594: [GC (Allocation Failure) [PSYoungGen: 63437K->1517K(64000K)] 474822K->412910K(582144K), 0.0018469 secs] [Times: user=0.01 sys=0.00, real=0.00 secs] 
1268.707: [GC (Allocation Failure) [PSYoungGen: 63981K->1472K(64512K)] 475374K->412865K(582656K), 0.0016711 secs] [Times: user=0.01 sys=0.00, real=0.00 secs] 
1269.005: [GC (Allocation Failure) [PSYoungGen: 63936K->1424K(69632K)] 475329K->412816K(587776K), 0.0020476 secs] [Times: user=0.01 sys=0.00, real=0.00 secs] 
1269.359: [GC (Allocation Failure) [PSYoungGen: 69520K->1408K(69120K)] 480912K->412800K(587264K), 0.0020159 secs] [Times: user=0.00 sys=0.00, real=0.01 secs] 
1269.878: [GC (Allocation Failure) [PSYoungGen: 68992K->1408K(68608K)] 480384K->412800K(586752K), 0.0021295 secs] [Times: user=0.01 sys=0.00, real=0.00 secs] 
1270.499: [GC (Allocation Failure) [PSYoungGen: 68480K->1376K(68096K)] 479872K->412768K(586240K), 0.0024714 secs] [Times: user=0.01 sys=0.00, real=0.01 secs] 
1271.038: [GC (Allocation Failure) [PSYoungGen: 67936K->1437K(67584K)] 479328K->412846K(585728K), 0.0021945 secs] [Times: user=0.01 sys=0.00, real=0.00 secs] 
1271.186: [GC (Allocation Failure) [PSYoungGen: 67485K->1453K(67072K)] 478894K->412862K(585216K), 0.0017399 secs] [Times: user=0.01 sys=0.00, real=0.00 secs] 
1271.304: [GC (Allocation Failure) [PSYoungGen: 66989K->1501K(66560K)] 478398K->412926K(584704K), 0.0016759 secs] [Times: user=0.00 sys=0.00, real=0.00 secs] 
1271.418: [GC (Allocation Failure) [PSYoungGen: 66525K->1485K(67072K)] 477950K->412910K(585216K), 0.0016821 secs] [Times: user=0.00 sys=0.00, real=0.00 secs] 
1272.154: [GC (Allocation Failure) [PSYoungGen: 66509K->1440K(66048K)] 477934K->412864K(584192K), 0.0025840 secs] [Times: user=0.00 sys=0.00, real=0.00 secs] 
1272.706: [GC (Allocation Failure) [PSYoungGen: 65952K->1376K(65536K)] 477376K->412800K(583680K), 0.0046148 secs] [Times: user=0.02 sys=0.01, real=0.01 secs] 
1273.272: [GC (Allocation Failure) [PSYoungGen: 65376K->1408K(65024K)] 476800K->412832K(583168K), 0.0023419 secs] [Times: user=0.01 sys=0.00, real=0.00 secs] 
1273.669: [GC (Allocation Failure) [PSYoungGen: 64896K->1408K(64512K)] 476320K->412832K(582656K), 0.0023265 secs] [Times: user=0.01 sys=0.00, real=0.01 secs] 
1273.976: [GC (Allocation Failure) [PSYoungGen: 64384K->1488K(64000K)] 475808K->412913K(582144K), 0.0018268 secs] [Times: user=0.01 sys=0.00, real=0.00 secs] 
1274.092: [GC (Allocation Failure) [PSYoungGen: 63952K->1488K(63488K)] 475377K->412913K(581632K), 0.0016198 secs] [Times: user=0.01 sys=0.00, real=0.00 secs] 
1274.202: [GC (Allocation Failure) [PSYoungGen: 63440K->1517K(69120K)] 474865K->412942K(587264K), 0.0016506 secs] [Times: user=0.01 sys=0.00, real=0.00 secs] 
1274.322: [GC (Allocation Failure) [PSYoungGen: 69101K->1517K(69632K)] 480526K->412950K(587776K), 0.0017026 secs] [Times: user=0.01 sys=0.00, real=0.00 secs] 
1274.529: [GC (Allocation Failure) [PSYoungGen: 69101K->2016K(75776K)] 480534K->413448K(593920K), 0.0021933 secs] [Times: user=0.01 sys=0.00, real=0.01 secs] 
1275.239: [GC (Allocation Failure) [PSYoungGen: 75744K->1408K(74752K)] 487176K->412840K(592896K), 0.0023688 secs] [Times: user=0.01 sys=0.00, real=0.01 secs] 
1275.892: [GC (Allocation Failure) [PSYoungGen: 74624K->1392K(74240K)] 486056K->412824K(592384K), 0.0023493 secs] [Times: user=0.01 sys=0.00, real=0.00 secs] 
1276.376: [GC (Allocation Failure) [PSYoungGen: 74096K->1408K(73728K)] 485528K->412840K(591872K), 0.0019578 secs] [Times: user=0.00 sys=0.00, real=0.00 secs] 
1276.672: [GC (Allocation Failure) [PSYoungGen: 73600K->1437K(73216K)] 485032K->412870K(591360K), 0.0018674 secs] [Times: user=0.01 sys=0.00, real=0.00 secs] 
1276.802: [GC (Allocation Failure) [PSYoungGen: 73117K->1485K(73728K)] 484550K->412918K(591872K), 0.0037762 secs] [Times: user=0.01 sys=0.00, real=0.00 secs] 
1276.933: [GC (Allocation Failure) [PSYoungGen: 73165K->1453K(80384K)] 484598K->412886K(598528K), 0.0018974 secs] [Times: user=0.00 sys=0.01, real=0.00 secs] 
1277.074: [GC (Allocation Failure) [PSYoungGen: 79789K->1549K(80384K)] 491222K->412998K(598528K), 0.0017470 secs] [Times: user=0.00 sys=0.00, real=0.00 secs] 
1277.724: [GC (Allocation Failure) [PSYoungGen: 79885K->1424K(87040K)] 491334K->412872K(605184K), 0.0021718 secs] [Times: user=0.01 sys=0.00, real=0.00 secs] 
1278.865: [GC (Allocation Failure) [PSYoungGen: 86928K->1376K(86528K)] 498376K->412824K(604672K), 0.0023201 secs] [Times: user=0.01 sys=0.00, real=0.00 secs] 
1279.910: [GC (Allocation Failure) [PSYoungGen: 86368K->1376K(86016K)] 497816K->412824K(604160K), 0.0029103 secs] [Times: user=0.01 sys=0.00, real=0.01 secs] 
1280.737: [GC (Allocation Failure) [PSYoungGen: 85856K->1453K(85504K)] 497304K->412902K(603648K), 0.0024734 secs] [Times: user=0.01 sys=0.01, real=0.00 secs] 
1280.915: [GC (Allocation Failure) [PSYoungGen: 85421K->1517K(84992K)] 496870K->412966K(603136K), 0.0017220 secs] [Times: user=0.00 sys=0.00, real=0.00 secs] 
1281.062: [GC (Allocation Failure) [PSYoungGen: 84973K->1453K(84480K)] 496422K->412902K(602624K), 0.0017767 secs] [Times: user=0.01 sys=0.00, real=0.00 secs] 
1281.315: [GC (Allocation Failure) [PSYoungGen: 84397K->1440K(83968K)] 495846K->412896K(602112K), 0.0020940 secs] [Times: user=0.00 sys=0.00, real=0.00 secs] 
1281.657: [GC (Allocation Failure) [PSYoungGen: 83872K->1408K(83456K)] 495328K->412864K(601600K), 0.0029601 secs] [Times: user=0.02 sys=0.00, real=0.00 secs] 
1282.364: [GC (Allocation Failure) [PSYoungGen: 83328K->1376K(82944K)] 494784K->412832K(601088K), 0.0025453 secs] [Times: user=0.01 sys=0.00, real=0.00 secs] 
1283.206: [GC (Allocation Failure) [PSYoungGen: 82784K->1376K(82432K)] 494240K->412832K(600576K), 0.0024214 secs] [Times: user=0.01 sys=0.00, real=0.00 secs] 
1283.522: [GC (Allocation Failure) [PSYoungGen: 82272K->1504K(81920K)] 493728K->412961K(600064K), 0.0017053 secs] [Times: user=0.00 sys=0.00, real=0.00 secs] 
1283.663: [GC (Allocation Failure) [PSYoungGen: 81888K->1536K(81920K)] 493345K->412993K(600064K), 0.0016439 secs] [Times: user=0.01 sys=0.00, real=0.00 secs] 
1283.807: [GC (Allocation Failure) [PSYoungGen: 81408K->1440K(80896K)] 492865K->412897K(599040K), 0.0015227 secs] [Times: user=0.01 sys=0.00, real=0.00 secs] 
1284.482: [GC (Allocation Failure) [PSYoungGen: 80800K->1424K(80384K)] 492257K->412880K(598528K), 0.0018779 secs] [Times: user=0.00 sys=0.00, real=0.00 secs] 
1285.208: [GC (Allocation Failure) [PSYoungGen: 80272K->1376K(79872K)] 491728K->412832K(598016K), 0.0018581 secs] [Times: user=0.01 sys=0.00, real=0.00 secs] 
1285.876: [GC (Allocation Failure) [PSYoungGen: 79712K->1376K(79360K)] 491168K->412832K(597504K), 0.0021236 secs] [Times: user=0.01 sys=0.00, real=0.00 secs] 
1286.259: [GC (Allocation Failure) [PSYoungGen: 79200K->1424K(78848K)] 490656K->412881K(596992K), 0.0020016 secs] [Times: user=0.00 sys=0.00, real=0.01 secs] 
1286.413: [GC (Allocation Failure) [PSYoungGen: 78736K->1517K(78336K)] 490193K->412974K(596480K), 0.0017448 secs] [Times: user=0.00 sys=0.00, real=0.00 secs] 
1286.549: [GC (Allocation Failure) [PSYoungGen: 78317K->1517K(77824K)] 489774K->412974K(595968K), 0.0017196 secs] [Times: user=0.01 sys=0.00, real=0.01 secs] 
1286.686: [GC (Allocation Failure) [PSYoungGen: 77805K->1469K(77312K)] 489262K->412926K(595456K), 0.0017998 secs] [Times: user=0.01 sys=0.00, real=0.00 secs] 
1287.644: [GC (Allocation Failure) [PSYoungGen: 77245K->1456K(76800K)] 488702K->412912K(594944K), 0.0025385 secs] [Times: user=0.01 sys=0.00, real=0.00 secs] 
1288.303: [GC (Allocation Failure) [PSYoungGen: 76720K->1376K(76288K)] 488176K->412840K(594432K), 0.0021954 secs] [Times: user=0.01 sys=0.00, real=0.00 secs] 
1289.325: [GC (Allocation Failure) [PSYoungGen: 76128K->1408K(75776K)] 487592K->412872K(593920K), 0.0021360 secs] [Times: user=0.01 sys=0.00, real=0.00 secs] 
1290.025: [GC (Allocation Failure) [PSYoungGen: 75648K->1408K(75264K)] 487112K->412872K(593408K), 0.0023650 secs] [Times: user=0.01 sys=0.00, real=0.00 secs] 
1290.303: [GC (Allocation Failure) [PSYoungGen: 75136K->1517K(74752K)] 486600K->412982K(592896K), 0.0016149 secs] [Times: user=0.01 sys=0.00, real=0.00 secs] 
1290.433: [GC (Allocation Failure) [PSYoungGen: 74733K->1504K(74240K)] 486198K->412969K(592384K), 0.0017592 secs] [Times: user=0.01 sys=0.00, real=0.00 secs] 
1290.562: [GC (Allocation Failure) [PSYoungGen: 74208K->1485K(73728K)] 485673K->412950K(591872K), 0.0016564 secs] [Times: user=0.00 sys=0.00, real=0.00 secs] 
1291.329: [GC (Allocation Failure) [PSYoungGen: 73677K->1456K(73216K)] 485142K->412920K(591360K), 0.0048272 secs] [Times: user=0.02 sys=0.00, real=0.01 secs] 
1292.066: [GC (Allocation Failure) [PSYoungGen: 73136K->1376K(72704K)] 484600K->412864K(590848K), 0.0030555 secs] [Times: user=0.01 sys=0.00, real=0.00 secs] 
1292.885: [GC (Allocation Failure) [PSYoungGen: 72544K->1376K(72192K)] 484032K->412864K(590336K), 0.0029636 secs] [Times: user=0.01 sys=0.00, real=0.00 secs] 
1293.453: [GC (Allocation Failure) [PSYoungGen: 72032K->1344K(71680K)] 483520K->412832K(589824K), 0.0038724 secs] [Times: user=0.02 sys=0.00, real=0.00 secs] 
1294.149: [GC (Allocation Failure) [PSYoungGen: 71488K->1456K(71168K)] 482976K->412945K(589312K), 0.0027276 secs] [Times: user=0.01 sys=0.00, real=0.01 secs] 
1294.323: [GC (Allocation Failure) [PSYoungGen: 71088K->1485K(70656K)] 482577K->412974K(588800K), 0.0016719 secs] [Times: user=0.01 sys=0.00, real=0.00 secs] 
1294.446: [GC (Allocation Failure) [PSYoungGen: 70605K->1533K(70144K)] 482094K->413022K(588288K), 0.0017052 secs] [Times: user=0.00 sys=0.00, real=0.00 secs] 
1294.568: [GC (Allocation Failure) [PSYoungGen: 70129K->1453K(69632K)] 481618K->412942K(587776K), 0.0016121 secs] [Times: user=0.01 sys=0.00, real=0.00 secs] 
1295.078: [GC (Allocation Failure) [PSYoungGen: 69549K->1408K(69120K)] 481038K->412896K(587264K), 0.0021808 secs] [Times: user=0.01 sys=0.00, real=0.00 secs] 
1295.645: [GC (Allocation Failure) [PSYoungGen: 68992K->1344K(68608K)] 480480K->412832K(586752K), 0.0031216 secs] [Times: user=0.01 sys=0.00, real=0.00 secs] 
1296.138: [GC (Allocation Failure) [PSYoungGen: 68416K->1376K(68096K)] 479904K->412864K(586240K), 0.0022950 secs] [Times: user=0.01 sys=0.00, real=0.01 secs] 
1296.538: [GC (Allocation Failure) [PSYoungGen: 67936K->1408K(67584K)] 479424K->412896K(585728K), 0.0021683 secs] [Times: user=0.01 sys=0.00, real=0.00 secs] 
1296.978: [GC (Allocation Failure) [PSYoungGen: 67456K->1472K(67072K)] 478944K->412961K(585216K), 0.0021386 secs] [Times: user=0.01 sys=0.00, real=0.00 secs] 
1297.147: [GC (Allocation Failure) [PSYoungGen: 67008K->1469K(66560K)] 478497K->412958K(584704K), 0.0019872 secs] [Times: user=0.01 sys=0.00, real=0.00 secs] 
1297.293: [GC (Allocation Failure) [PSYoungGen: 66493K->1501K(67584K)] 477982K->412990K(585728K), 0.0052199 secs] [Times: user=0.03 sys=0.00, real=0.00 secs] 
1297.440: [GC (Allocation Failure) [PSYoungGen: 67013K->1485K(74240K)] 478502K->412982K(592384K), 0.0021305 secs] [Times: user=0.01 sys=0.00, real=0.01 secs] 
1299.038: [GC (Allocation Failure) [PSYoungGen: 73677K->1424K(74240K)] 485174K->412920K(592384K), 0.0048775 secs] [Times: user=0.01 sys=0.00, real=0.01 secs] 
1299.641: [GC (Allocation Failure) [PSYoungGen: 73616K->1344K(80384K)] 485112K->412840K(598528K), 0.0040611 secs] [Times: user=0.01 sys=0.00, real=0.00 secs] 
1300.656: [GC (Allocation Failure) [PSYoungGen: 80192K->1344K(79872K)] 491688K->412840K(598016K), 0.0035993 secs] [Times: user=0.01 sys=0.01, real=0.00 secs] 
1301.593: [GC (Allocation Failure) [PSYoungGen: 79680K->1376K(79360K)] 491176K->412872K(597504K), 0.0024603 secs] [Times: user=0.00 sys=0.00, real=0.00 secs] 
1301.971: [GC (Allocation Failure) [PSYoungGen: 79200K->1549K(79360K)] 490696K->413062K(597504K), 0.0018002 secs] [Times: user=0.00 sys=0.00, real=0.01 secs] 
1302.134: [GC (Allocation Failure) [PSYoungGen: 78861K->1504K(78336K)] 490374K->413017K(596480K), 0.0019442 secs] [Times: user=0.00 sys=0.00, real=0.00 secs] 
1302.323: [GC (Allocation Failure) [PSYoungGen: 78304K->1469K(77824K)] 489817K->412982K(595968K), 0.0022891 secs] [Times: user=0.01 sys=0.00, real=0.00 secs] 
1303.073: [GC (Allocation Failure) [PSYoungGen: 77757K->1440K(77312K)] 489270K->412952K(595456K), 0.0038577 secs] [Times: user=0.01 sys=0.00, real=0.00 secs] 
1303.877: [GC (Allocation Failure) [PSYoungGen: 77216K->1408K(76800K)] 488728K->412920K(594944K), 0.0032875 secs] [Times: user=0.01 sys=0.01, real=0.00 secs] 
1304.731: [GC (Allocation Failure) [PSYoungGen: 76672K->1392K(76288K)] 488184K->412904K(594432K), 0.0038243 secs] [Times: user=0.02 sys=0.00, real=0.00 secs] 
1305.523: [GC (Allocation Failure) [PSYoungGen: 76144K->1376K(75776K)] 487656K->412888K(593920K), 0.0037267 secs] [Times: user=0.01 sys=0.00, real=0.00 secs] 
1305.853: [GC (Allocation Failure) [PSYoungGen: 75616K->1501K(75264K)] 487128K->413014K(593408K), 0.0016040 secs] [Times: user=0.00 sys=0.00, real=0.00 secs] 
1305.983: [GC (Allocation Failure) [PSYoungGen: 75229K->1485K(74752K)] 486742K->412998K(592896K), 0.0017096 secs] [Times: user=0.01 sys=0.00, real=0.00 secs] 
1306.112: [GC (Allocation Failure) [PSYoungGen: 74701K->1517K(74240K)] 486214K->413030K(592384K), 0.0016175 secs] [Times: user=0.01 sys=0.00, real=0.00 secs] 
1306.598: [GC (Allocation Failure) [PSYoungGen: 74221K->1472K(73728K)] 485734K->412984K(591872K), 0.0024827 secs] [Times: user=0.01 sys=0.00, real=0.00 secs] 
1307.407: [GC (Allocation Failure) [PSYoungGen: 73664K->1344K(73216K)] 485176K->412872K(591360K), 0.0026248 secs] [Times: user=0.01 sys=0.00, real=0.00 secs] 
1308.282: [GC (Allocation Failure) [PSYoungGen: 73024K->1344K(72704K)] 484552K->412872K(590848K), 0.0025593 secs] [Times: user=0.01 sys=0.00, real=0.00 secs] 
1309.055: [GC (Allocation Failure) [PSYoungGen: 72512K->1376K(72192K)] 484040K->412904K(590336K), 0.0025889 secs] [Times: user=0.01 sys=0.00, real=0.00 secs] 
1309.578: [GC (Allocation Failure) [PSYoungGen: 72032K->1504K(71680K)] 483560K->413033K(589824K), 0.0023009 secs] [Times: user=0.00 sys=0.00, real=0.00 secs] 
1309.761: [GC (Allocation Failure) [PSYoungGen: 71648K->1501K(71168K)] 483177K->413030K(589312K), 0.0020473 secs] [Times: user=0.01 sys=0.00, real=0.00 secs] 
1309.948: [GC (Allocation Failure) [PSYoungGen: 71133K->1469K(70656K)] 482662K->412998K(588800K), 0.0023420 secs] [Times: user=0.01 sys=0.00, real=0.00 secs] 
1310.103: [GC (Allocation Failure) [PSYoungGen: 70589K->1501K(70144K)] 482118K->413030K(588288K), 0.0017248 secs] [Times: user=0.01 sys=0.00, real=0.00 secs] 
1310.681: [GC (Allocation Failure) [PSYoungGen: 70109K->1440K(69632K)] 481638K->412968K(587776K), 0.0034223 secs] [Times: user=0.01 sys=0.00, real=0.01 secs] 
1311.268: [GC (Allocation Failure) [PSYoungGen: 69536K->1360K(69120K)] 481064K->412888K(587264K), 0.0031554 secs] [Times: user=0.01 sys=0.00, real=0.01 secs] 
1311.829: [GC (Allocation Failure) [PSYoungGen: 68944K->1360K(68608K)] 480472K->412904K(586752K), 0.0031261 secs] [Times: user=0.01 sys=0.00, real=0.01 secs] 
1312.148: [GC (Allocation Failure) [PSYoungGen: 68432K->1360K(68096K)] 479976K->412904K(586240K), 0.0020189 secs] [Times: user=0.01 sys=0.00, real=0.00 secs] 
1312.389: [GC (Allocation Failure) [PSYoungGen: 67920K->1472K(67584K)] 479464K->413017K(585728K), 0.0016741 secs] [Times: user=0.01 sys=0.00, real=0.01 secs] 
1312.506: [GC (Allocation Failure) [PSYoungGen: 67520K->1504K(67072K)] 479065K->413073K(585216K), 0.0015076 secs] [Times: user=0.00 sys=0.00, real=0.00 secs] 
1312.621: [GC (Allocation Failure) [PSYoungGen: 67040K->1421K(66560K)] 478609K->412998K(584704K), 0.0016757 secs] [Times: user=0.00 sys=0.00, real=0.00 secs] 
1312.736: [GC (Allocation Failure) [PSYoungGen: 66445K->1453K(67072K)] 478022K->413030K(585216K), 0.0017401 secs] [Times: user=0.01 sys=0.00, real=0.00 secs] 
1313.112: [GC (Allocation Failure) [PSYoungGen: 66989K->1424K(66560K)] 478566K->413000K(584704K), 0.0018866 secs] [Times: user=0.01 sys=0.00, real=0.00 secs] 
1313.643: [GC (Allocation Failure) [PSYoungGen: 66448K->1376K(66048K)] 478024K->412952K(584192K), 0.0018118 secs] [Times: user=0.01 sys=0.00, real=0.00 secs] 
1314.210: [GC (Allocation Failure) [PSYoungGen: 65888K->1344K(65536K)] 477464K->412920K(583680K), 0.0021610 secs] [Times: user=0.01 sys=0.00, real=0.01 secs] 
1314.749: [GC (Allocation Failure) [PSYoungGen: 65344K->1408K(65024K)] 476920K->412984K(583168K), 0.0024345 secs] [Times: user=0.01 sys=0.01, real=0.01 secs] 
1315.149: [GC (Allocation Failure) [PSYoungGen: 64896K->1437K(64512K)] 476472K->413014K(582656K), 0.0022014 secs] [Times: user=0.01 sys=0.00, real=0.01 secs] 
1315.312: [GC (Allocation Failure) [PSYoungGen: 64413K->1485K(64000K)] 475990K->413062K(582144K), 0.0021495 secs] [Times: user=0.01 sys=0.00, real=0.00 secs] 
1315.466: [GC (Allocation Failure) [PSYoungGen: 63949K->1501K(63488K)] 475526K->413078K(581632K), 0.0022314 secs] [Times: user=0.01 sys=0.00, real=0.00 secs] 
1315.608: [GC (Allocation Failure) [PSYoungGen: 63453K->1501K(64000K)] 475030K->413094K(582144K), 0.0017044 secs] [Times: user=0.00 sys=0.00, real=0.00 secs] 
1315.733: [GC (Allocation Failure) [PSYoungGen: 63453K->1485K(64000K)] 475046K->413078K(582144K), 0.0017829 secs] [Times: user=0.01 sys=0.00, real=0.00 secs] 
1316.144: [GC (Allocation Failure) [PSYoungGen: 63437K->1440K(62976K)] 475030K->413032K(581120K), 0.0019641 secs] [Times: user=0.00 sys=0.00, real=0.00 secs] 
1316.752: [GC (Allocation Failure) [PSYoungGen: 62880K->1376K(62464K)] 474472K->412968K(580608K), 0.0022295 secs] [Times: user=0.01 sys=0.00, real=0.00 secs] 
1317.480: [GC (Allocation Failure) [PSYoungGen: 62304K->1376K(61952K)] 473896K->412968K(580096K), 0.0024025 secs] [Times: user=0.01 sys=0.00, real=0.01 secs] 
1318.171: [GC (Allocation Failure) [PSYoungGen: 61792K->1344K(61440K)] 473384K->412936K(579584K), 0.0027038 secs] [Times: user=0.01 sys=0.00, real=0.00 secs] 
1318.735: [GC (Allocation Failure) [PSYoungGen: 61248K->1437K(61440K)] 472840K->413030K(579584K), 0.0025209 secs] [Times: user=0.01 sys=0.00, real=0.00 secs] 
1318.889: [GC (Allocation Failure) [PSYoungGen: 61341K->1504K(61440K)] 472934K->413097K(579584K), 0.0017982 secs] [Times: user=0.00 sys=0.00, real=0.00 secs] 
1318.995: [GC (Allocation Failure) [PSYoungGen: 61408K->1485K(61440K)] 473001K->413086K(579584K), 0.0016142 secs] [Times: user=0.01 sys=0.00, real=0.00 secs] 
1319.100: [GC (Allocation Failure) [PSYoungGen: 61361K->1517K(66048K)] 472962K->413118K(584192K), 0.0016634 secs] [Times: user=0.01 sys=0.00, real=0.01 secs] 
1319.270: [GC (Allocation Failure) [PSYoungGen: 65517K->1952K(67584K)] 477118K->413552K(585728K), 0.0017533 secs] [Times: user=0.01 sys=0.01, real=0.01 secs] 
1319.948: [GC (Allocation Failure) [PSYoungGen: 67488K->1376K(66560K)] 479088K->412992K(584704K), 0.0022934 secs] [Times: user=0.01 sys=0.00, real=0.00 secs] 
1320.573: [GC (Allocation Failure) [PSYoungGen: 66400K->1408K(66048K)] 478016K->413024K(584192K), 0.0020458 secs] [Times: user=0.01 sys=0.00, real=0.00 secs] 
1321.456: [GC (Allocation Failure) [PSYoungGen: 65920K->1376K(65536K)] 477536K->412992K(583680K), 0.0021599 secs] [Times: user=0.01 sys=0.00, real=0.00 secs] 
1322.329: [GC (Allocation Failure) [PSYoungGen: 65376K->1376K(65024K)] 476992K->412992K(583168K), 0.0028548 secs] [Times: user=0.01 sys=0.00, real=0.01 secs] 
1322.647: [GC (Allocation Failure) [PSYoungGen: 64864K->1501K(64512K)] 476480K->413118K(582656K), 0.0020719 secs] [Times: user=0.00 sys=0.00, real=0.00 secs] 
1322.770: [GC (Allocation Failure) [PSYoungGen: 64471K->1485K(64000K)] 476088K->413102K(582144K), 0.0017125 secs] [Times: user=0.00 sys=0.00, real=0.01 secs] 
1322.881: [GC (Allocation Failure) [PSYoungGen: 63940K->1472K(63488K)] 475557K->413105K(581632K), 0.0018457 secs] [Times: user=0.00 sys=0.00, real=0.00 secs] 
1322.990: [GC (Allocation Failure) [PSYoungGen: 63424K->1421K(64000K)] 475057K->413054K(582144K), 0.0015759 secs] [Times: user=0.01 sys=0.00, real=0.01 secs] 
1323.589: [GC (Allocation Failure) [PSYoungGen: 63373K->1424K(62976K)] 475006K->413056K(581120K), 0.0024563 secs] [Times: user=0.00 sys=0.00, real=0.01 secs] 
1324.330: [GC (Allocation Failure) [PSYoungGen: 62864K->1344K(62464K)] 474496K->412976K(580608K), 0.0030148 secs] [Times: user=0.01 sys=0.00, real=0.01 secs] 
1325.078: [GC (Allocation Failure) [PSYoungGen: 62272K->1408K(61952K)] 473904K->413040K(580096K), 0.0025656 secs] [Times: user=0.01 sys=0.00, real=0.00 secs] 
1325.823: [GC (Allocation Failure) [PSYoungGen: 61824K->1344K(61440K)] 473456K->412976K(579584K), 0.0030015 secs] [Times: user=0.01 sys=0.00, real=0.00 secs] 
1326.536: [GC (Allocation Failure) [PSYoungGen: 61126K->256K(61952K)] 472758K->411888K(580096K), 0.0021533 secs] [Times: user=0.01 sys=0.00, real=0.00 secs] 
1326.733: [GC (Allocation Failure) [PSYoungGen: 60160K->1469K(61952K)] 471792K->413102K(580096K), 0.0023346 secs] [Times: user=0.01 sys=0.00, real=0.00 secs] 
1326.905: [GC (Allocation Failure) [PSYoungGen: 61373K->1469K(61952K)] 473006K->413110K(580096K), 0.0058892 secs] [Times: user=0.03 sys=0.00, real=0.00 secs] 
1327.046: [GC (Allocation Failure) [PSYoungGen: 61373K->1488K(68096K)] 473014K->413129K(586240K), 0.0015486 secs] [Times: user=0.00 sys=0.00, real=0.00 secs] 
1327.163: [GC (Allocation Failure) [PSYoungGen: 67536K->1488K(68096K)] 479177K->413129K(586240K), 0.0014882 secs] [Times: user=0.01 sys=0.00, real=0.00 secs] 
1327.447: [GC (Allocation Failure) [PSYoungGen: 67536K->1456K(74752K)] 479177K->413096K(592896K), 0.0071094 secs] [Times: user=0.02 sys=0.01, real=0.01 secs] 
1328.003: [GC (Allocation Failure) [PSYoungGen: 74160K->1376K(74752K)] 485800K->413016K(592896K), 0.0037785 secs] [Times: user=0.01 sys=0.00, real=0.00 secs] 
1328.497: [GC (Allocation Failure) [PSYoungGen: 74080K->1408K(80896K)] 485720K->413048K(599040K), 0.0024363 secs] [Times: user=0.01 sys=0.00, real=0.00 secs] 
1329.322: [GC (Allocation Failure) [PSYoungGen: 80768K->1376K(80384K)] 492408K->413016K(598528K), 0.0022971 secs] [Times: user=0.01 sys=0.00, real=0.00 secs] 
1329.543: [GC (Allocation Failure) [PSYoungGen: 80224K->1504K(79872K)] 491864K->413177K(598016K), 0.0016667 secs] [Times: user=0.01 sys=0.00, real=0.00 secs] 
1329.681: [GC (Allocation Failure) [PSYoungGen: 79840K->1472K(79360K)] 491513K->413161K(597504K), 0.0016801 secs] [Times: user=0.00 sys=0.00, real=0.00 secs] 
1329.819: [GC (Allocation Failure) [PSYoungGen: 79296K->1453K(79872K)] 490985K->413142K(598016K), 0.0015581 secs] [Times: user=0.00 sys=0.00, real=0.00 secs] 
1330.572: [GC (Allocation Failure) [PSYoungGen: 79789K->1424K(79360K)] 491478K->413128K(597504K), 0.0026382 secs] [Times: user=0.01 sys=0.00, real=0.00 secs] 
1331.495: [GC (Allocation Failure) [PSYoungGen: 79248K->1296K(78848K)] 490952K->413000K(596992K), 0.0039334 secs] [Times: user=0.01 sys=0.00, real=0.00 secs] 
1332.300: [GC (Allocation Failure) [PSYoungGen: 78608K->1344K(78336K)] 490312K->413048K(596480K), 0.0023671 secs] [Times: user=0.01 sys=0.00, real=0.01 secs] 
1333.041: [GC (Allocation Failure) [PSYoungGen: 78144K->1469K(77824K)] 489848K->413174K(595968K), 0.0020967 secs] [Times: user=0.01 sys=0.00, real=0.01 secs] 
1333.211: [GC (Allocation Failure) [PSYoungGen: 77757K->1485K(77312K)] 489462K->413190K(595456K), 0.0016841 secs] [Times: user=0.01 sys=0.00, real=0.00 secs] 
1333.346: [GC (Allocation Failure) [PSYoungGen: 77261K->1549K(77312K)] 488966K->413254K(595456K), 0.0015226 secs] [Times: user=0.01 sys=0.00, real=0.00 secs] 
1333.478: [GC (Allocation Failure) [PSYoungGen: 76813K->1536K(76800K)] 488518K->413241K(594944K), 0.0017220 secs] [Times: user=0.01 sys=0.00, real=0.00 secs] 
1333.830: [GC (Allocation Failure) [PSYoungGen: 76288K->416K(74752K)] 487993K->413144K(592896K), 0.0020721 secs] [Times: user=0.00 sys=0.00, real=0.01 secs] 
1334.653: [GC (Allocation Failure) [PSYoungGen: 74656K->320K(75776K)] 487384K->413048K(593920K), 0.0023514 secs] [Times: user=0.01 sys=0.00, real=0.00 secs] 
1335.657: [GC (Allocation Failure) [PSYoungGen: 74048K->352K(75264K)] 486776K->413088K(593408K), 0.0031104 secs] [Times: user=0.01 sys=0.00, real=0.00 secs] 
1336.781: [GC (Allocation Failure) [PSYoungGen: 73568K->320K(73216K)] 486304K->413056K(591360K), 0.0049184 secs] [Times: user=0.02 sys=0.00, real=0.01 secs] 
1337.501: [GC (Allocation Failure) [PSYoungGen: 73024K->1501K(74240K)] 485760K->414238K(592384K), 0.0020417 secs] [Times: user=0.01 sys=0.00, real=0.00 secs] 
1337.644: [GC (Allocation Failure) [PSYoungGen: 73693K->1517K(73216K)] 486430K->414254K(591360K), 0.0017345 secs] [Times: user=0.00 sys=0.00, real=0.00 secs] 
1337.771: [GC (Allocation Failure) [PSYoungGen: 73167K->1485K(73216K)] 485904K->414222K(591360K), 0.0017736 secs] [Times: user=0.01 sys=0.00, real=0.01 secs] 
1338.057: [GC (Allocation Failure) [PSYoungGen: 72653K->1440K(72192K)] 485390K->414176K(590336K), 0.0020367 secs] [Times: user=0.01 sys=0.00, real=0.00 secs] 
1338.697: [GC (Allocation Failure) [PSYoungGen: 72096K->1376K(72192K)] 484832K->414120K(590336K), 0.0021455 secs] [Times: user=0.01 sys=0.00, real=0.00 secs] 
1339.335: [GC (Allocation Failure) [PSYoungGen: 71520K->1376K(71168K)] 484264K->414120K(589312K), 0.0028425 secs] [Times: user=0.01 sys=0.00, real=0.00 secs] 
1340.028: [GC (Allocation Failure) [PSYoungGen: 71008K->1376K(71168K)] 483752K->414120K(589312K), 0.0048022 secs] [Times: user=0.02 sys=0.00, real=0.01 secs] 
1340.921: [GC (Allocation Failure) [PSYoungGen: 70496K->1469K(70144K)] 483240K->414214K(588288K), 0.0025851 secs] [Times: user=0.01 sys=0.00, real=0.01 secs] 
1341.107: [GC (Allocation Failure) [PSYoungGen: 70077K->1469K(70144K)] 482822K->414214K(588288K), 0.0018488 secs] [Times: user=0.01 sys=0.00, real=0.00 secs] 
1341.227: [GC (Allocation Failure) [PSYoungGen: 69565K->1485K(69120K)] 482310K->414230K(587264K), 0.0017584 secs] [Times: user=0.01 sys=0.00, real=0.00 secs] 
1341.347: [GC (Allocation Failure) [PSYoungGen: 69069K->1549K(70144K)] 481814K->414294K(588288K), 0.0018400 secs] [Times: user=0.01 sys=0.00, real=0.00 secs] 
1341.640: [GC (Allocation Failure) [PSYoungGen: 69133K->1440K(68608K)] 481878K->414192K(586752K), 0.0022726 secs] [Times: user=0.01 sys=0.00, real=0.01 secs] 
1341.920: [GC (Allocation Failure) [PSYoungGen: 68512K->1408K(68096K)] 481264K->414184K(586240K), 0.0020017 secs] [Times: user=0.01 sys=0.00, real=0.01 secs] 
1342.196: [GC (Allocation Failure) [PSYoungGen: 67968K->1360K(67584K)] 480744K->414136K(585728K), 0.0018634 secs] [Times: user=0.01 sys=0.00, real=0.00 secs] 
1342.471: [GC (Allocation Failure) [PSYoungGen: 67408K->1376K(67072K)] 480184K->414152K(585216K), 0.0019858 secs] [Times: user=0.01 sys=0.00, real=0.01 secs] 
1342.762: [GC (Allocation Failure) [PSYoungGen: 66912K->1469K(66560K)] 479688K->414246K(584704K), 0.0020728 secs] [Times: user=0.00 sys=0.00, real=0.00 secs] 
1342.890: [GC (Allocation Failure) [PSYoungGen: 66493K->1453K(66048K)] 479270K->414230K(584192K), 0.0016469 secs] [Times: user=0.01 sys=0.00, real=0.01 secs] 
1343.005: [GC (Allocation Failure) [PSYoungGen: 65965K->1453K(67072K)] 478742K->414230K(585216K), 0.0018120 secs] [Times: user=0.00 sys=0.00, real=0.00 secs] 
1343.120: [GC (Allocation Failure) [PSYoungGen: 66477K->1504K(72704K)] 479254K->414297K(590848K), 0.0016436 secs] [Times: user=0.01 sys=0.01, real=0.01 secs] 
1343.627: [GC (Allocation Failure) [PSYoungGen: 72160K->1424K(72704K)] 484953K->414216K(590848K), 0.0025875 secs] [Times: user=0.00 sys=0.00, real=0.00 secs] 
1344.234: [GC (Allocation Failure) [PSYoungGen: 72080K->1376K(71680K)] 484872K->414168K(589824K), 0.0022948 secs] [Times: user=0.01 sys=0.00, real=0.00 secs] 
1344.833: [GC (Allocation Failure) [PSYoungGen: 71520K->1376K(71168K)] 484312K->414168K(589312K), 0.0019399 secs] [Times: user=0.01 sys=0.00, real=0.00 secs] 
1345.393: [GC (Allocation Failure) [PSYoungGen: 71008K->1376K(70656K)] 483800K->414168K(588800K), 0.0019546 secs] [Times: user=0.00 sys=0.00, real=0.00 secs] 
1345.832: [GC (Allocation Failure) [PSYoungGen: 70496K->1488K(77312K)] 483288K->414281K(595456K), 0.0263624 secs] [Times: user=0.05 sys=0.05, real=0.02 secs] 
1345.990: [GC (Allocation Failure) [PSYoungGen: 76752K->1504K(79360K)] 489545K->414297K(597504K), 0.0016131 secs] [Times: user=0.00 sys=0.00, real=0.01 secs] 
1346.125: [GC (Allocation Failure) [PSYoungGen: 78816K->1485K(79360K)] 491609K->414286K(597504K), 0.0015858 secs] [Times: user=0.01 sys=0.00, real=0.00 secs] 
1346.261: [GC (Allocation Failure) [PSYoungGen: 78797K->1517K(87040K)] 491598K->414318K(605184K), 0.0015824 secs] [Times: user=0.00 sys=0.00, real=0.00 secs] 
1347.673: [GC (Allocation Failure) [PSYoungGen: 87021K->1408K(87552K)] 499822K->414208K(605696K), 0.0051342 secs] [Times: user=0.03 sys=0.00, real=0.00 secs] 
1348.658: [GC (Allocation Failure) [PSYoungGen: 86912K->1376K(86528K)] 499712K->414176K(604672K), 0.0026948 secs] [Times: user=0.01 sys=0.00, real=0.00 secs] 
1349.099: [GC (Allocation Failure) [PSYoungGen: 86368K->1376K(86016K)] 499168K->414176K(604160K), 0.0021706 secs] [Times: user=0.00 sys=0.00, real=0.01 secs] 
1349.376: [GC (Allocation Failure) [PSYoungGen: 85856K->1485K(85504K)] 498656K->414286K(603648K), 0.0015630 secs] [Times: user=0.01 sys=0.00, real=0.00 secs] 
1349.523: [GC (Allocation Failure) [PSYoungGen: 85453K->1472K(84992K)] 498254K->414273K(603136K), 0.0016249 secs] [Times: user=0.01 sys=0.00, real=0.00 secs] 
1349.671: [GC (Allocation Failure) [PSYoungGen: 84928K->1485K(84480K)] 497729K->414286K(602624K), 0.0015699 secs] [Times: user=0.01 sys=0.00, real=0.01 secs] 
1349.944: [GC (Allocation Failure) [PSYoungGen: 84429K->1456K(83968K)] 497230K->414256K(602112K), 0.0019039 secs] [Times: user=0.00 sys=0.00, real=0.00 secs] 
1350.311: [GC (Allocation Failure) [PSYoungGen: 83888K->1376K(83456K)] 496688K->414176K(601600K), 0.0018121 secs] [Times: user=0.00 sys=0.01, real=0.00 secs] 
1350.673: [GC (Allocation Failure) [PSYoungGen: 83296K->1408K(82944K)] 496096K->414208K(601088K), 0.0019463 secs] [Times: user=0.01 sys=0.00, real=0.00 secs] 
1351.033: [GC (Allocation Failure) [PSYoungGen: 82816K->1392K(82432K)] 495616K->414217K(600576K), 0.0017787 secs] [Times: user=0.01 sys=0.00, real=0.00 secs] 
1351.182: [GC (Allocation Failure) [PSYoungGen: 82288K->1485K(81920K)] 495113K->414310K(600064K), 0.0021072 secs] [Times: user=0.00 sys=0.00, real=0.00 secs] 
1351.324: [GC (Allocation Failure) [PSYoungGen: 81869K->1453K(81408K)] 494694K->414278K(599552K), 0.0015606 secs] [Times: user=0.01 sys=0.00, real=0.00 secs] 
1351.464: [GC (Allocation Failure) [PSYoungGen: 81325K->1536K(81408K)] 494150K->414361K(599552K), 0.0017772 secs] [Times: user=0.01 sys=0.00, real=0.00 secs] 
1352.368: [GC (Allocation Failure) [PSYoungGen: 80896K->416K(79360K)] 493721K->414264K(597504K), 0.0022085 secs] [Times: user=0.01 sys=0.00, real=0.00 secs] 
1353.229: [GC (Allocation Failure) [PSYoungGen: 79264K->384K(80384K)] 493112K->414232K(598528K), 0.0025498 secs] [Times: user=0.01 sys=0.00, real=0.01 secs] 
1354.235: [GC (Allocation Failure) [PSYoungGen: 78720K->368K(78336K)] 492568K->414224K(596480K), 0.0024689 secs] [Times: user=0.01 sys=0.00, real=0.00 secs] 
1354.797: [GC (Allocation Failure) [PSYoungGen: 78192K->1453K(79360K)] 492048K->415310K(597504K), 0.0020284 secs] [Times: user=0.01 sys=0.00, real=0.00 secs] 
1354.950: [GC (Allocation Failure) [PSYoungGen: 78765K->1485K(78336K)] 492622K->415342K(596480K), 0.0016808 secs] [Times: user=0.01 sys=0.00, real=0.01 secs] 
1355.084: [GC (Allocation Failure) [PSYoungGen: 78285K->1485K(77824K)] 492142K->415342K(595968K), 0.0016448 secs] [Times: user=0.01 sys=0.00, real=0.00 secs] 
1355.219: [GC (Allocation Failure) [PSYoungGen: 77773K->1504K(77312K)] 491630K->415393K(595456K), 0.0015846 secs] [Times: user=0.00 sys=0.00, real=0.01 secs] 
1356.280: [GC (Allocation Failure) [PSYoungGen: 77280K->1424K(76800K)] 491169K->415312K(594944K), 0.0032271 secs] [Times: user=0.01 sys=0.00, real=0.01 secs] 
1357.329: [GC (Allocation Failure) [PSYoungGen: 76688K->1344K(76288K)] 490576K->415232K(594432K), 0.0041718 secs] [Times: user=0.01 sys=0.00, real=0.01 secs] 
1358.552: [GC (Allocation Failure) [PSYoungGen: 76096K->1376K(75776K)] 489984K->415264K(593920K), 0.0055026 secs] [Times: user=0.02 sys=0.00, real=0.00 secs] 
1359.314: [GC (Allocation Failure) [PSYoungGen: 75616K->1488K(75264K)] 489504K->415377K(593408K), 0.0025270 secs] [Times: user=0.01 sys=0.00, real=0.00 secs] 
1359.503: [GC (Allocation Failure) [PSYoungGen: 75216K->1453K(74752K)] 489105K->415342K(592896K), 0.0016016 secs] [Times: user=0.01 sys=0.00, real=0.00 secs] 
1359.653: [GC (Allocation Failure) [PSYoungGen: 74669K->1501K(74240K)] 488558K->415390K(592384K), 0.0018665 secs] [Times: user=0.00 sys=0.00, real=0.00 secs] 
1359.812: [GC (Allocation Failure) [PSYoungGen: 74205K->1485K(73728K)] 488094K->415374K(591872K), 0.0017246 secs] [Times: user=0.00 sys=0.00, real=0.00 secs] 
1360.337: [GC (Allocation Failure) [PSYoungGen: 73677K->1408K(73216K)] 487566K->415296K(591360K), 0.0025658 secs] [Times: user=0.01 sys=0.00, real=0.00 secs] 
1360.912: [GC (Allocation Failure) [PSYoungGen: 73088K->1392K(72704K)] 486976K->415280K(590848K), 0.0024375 secs] [Times: user=0.01 sys=0.00, real=0.00 secs] 
1361.543: [GC (Allocation Failure) [PSYoungGen: 72560K->1440K(72192K)] 486448K->415328K(590336K), 0.0018921 secs] [Times: user=0.00 sys=0.00, real=0.00 secs] 
1362.280: [GC (Allocation Failure) [PSYoungGen: 72096K->1360K(71680K)] 485984K->415248K(589824K), 0.0022986 secs] [Times: user=0.00 sys=0.00, real=0.01 secs] 
1362.613: [GC (Allocation Failure) [PSYoungGen: 71504K->1469K(71168K)] 485392K->415374K(589312K), 0.0017178 secs] [Times: user=0.00 sys=0.00, real=0.00 secs] 
1362.737: [GC (Allocation Failure) [PSYoungGen: 71101K->1504K(70656K)] 485006K->415409K(588800K), 0.0017760 secs] [Times: user=0.01 sys=0.00, real=0.00 secs] 
1362.860: [GC (Allocation Failure) [PSYoungGen: 70624K->1520K(70144K)] 484529K->415425K(588288K), 0.0015859 secs] [Times: user=0.01 sys=0.00, real=0.01 secs] 
1362.980: [GC (Allocation Failure) [PSYoungGen: 70128K->1453K(76288K)] 484033K->415358K(594432K), 0.0017239 secs] [Times: user=0.01 sys=0.00, real=0.01 secs] 
1364.249: [GC (Allocation Failure) [PSYoungGen: 76205K->1408K(75776K)] 490110K->415312K(593920K), 0.0047931 secs] [Times: user=0.02 sys=0.00, real=0.01 secs] 
1365.520: [GC (Allocation Failure) [PSYoungGen: 75648K->1344K(75264K)] 489552K->415248K(593408K), 0.0061071 secs] [Times: user=0.02 sys=0.00, real=0.01 secs] 
1366.389: [GC (Allocation Failure) [PSYoungGen: 75072K->1344K(74752K)] 488976K->415248K(592896K), 0.0039441 secs] [Times: user=0.02 sys=0.00, real=0.01 secs] 
1367.136: [GC (Allocation Failure) [PSYoungGen: 74560K->1456K(74240K)] 488464K->415361K(592384K), 0.0037895 secs] [Times: user=0.01 sys=0.00, real=0.00 secs] 
1367.367: [GC (Allocation Failure) [PSYoungGen: 74160K->1485K(73728K)] 488065K->415390K(591872K), 0.0019414 secs] [Times: user=0.00 sys=0.01, real=0.00 secs] 
1367.497: [GC (Allocation Failure) [PSYoungGen: 73677K->1536K(73728K)] 487582K->415441K(591872K), 0.0015951 secs] [Times: user=0.00 sys=0.00, real=0.00 secs] 
1367.624: [GC (Allocation Failure) [PSYoungGen: 73216K->1453K(72704K)] 487121K->415358K(590848K), 0.0016378 secs] [Times: user=0.01 sys=0.00, real=0.00 secs] 
1368.517: [GC (Allocation Failure) [PSYoungGen: 72621K->1456K(72192K)] 486526K->415368K(590336K), 0.0028446 secs] [Times: user=0.01 sys=0.00, real=0.00 secs] 
1369.729: [GC (Allocation Failure) [PSYoungGen: 72112K->1344K(71680K)] 486024K->415256K(589824K), 0.0024180 secs] [Times: user=0.01 sys=0.00, real=0.01 secs] 
1370.940: [GC (Allocation Failure) [PSYoungGen: 71488K->1376K(71168K)] 485400K->415288K(589312K), 0.0038297 secs] [Times: user=0.01 sys=0.00, real=0.01 secs] 
1371.599: [GC (Allocation Failure) [PSYoungGen: 71008K->1344K(70656K)] 484920K->415256K(588800K), 0.0025246 secs] [Times: user=0.01 sys=0.00, real=0.01 secs] 
1372.062: [GC (Allocation Failure) [PSYoungGen: 70464K->1405K(70144K)] 484376K->415318K(588288K), 0.0023134 secs] [Times: user=0.00 sys=0.00, real=0.00 secs] 
1372.203: [GC (Allocation Failure) [PSYoungGen: 70013K->1472K(69632K)] 483926K->415385K(587776K), 0.0016765 secs] [Times: user=0.00 sys=0.00, real=0.00 secs] 
1372.341: [GC (Allocation Failure) [PSYoungGen: 69568K->1485K(69120K)] 483481K->415398K(587264K), 0.0019904 secs] [Times: user=0.01 sys=0.00, real=0.01 secs] 
1372.488: [GC (Allocation Failure) [PSYoungGen: 69069K->1472K(68608K)] 482982K->415385K(586752K), 0.0015338 secs] [Times: user=0.01 sys=0.00, real=0.00 secs] 
1373.370: [GC (Allocation Failure) [PSYoungGen: 68544K->1376K(68096K)] 482457K->415288K(586240K), 0.0036001 secs] [Times: user=0.02 sys=0.00, real=0.01 secs] 
1373.990: [GC (Allocation Failure) [PSYoungGen: 67936K->1344K(67584K)] 481848K->415272K(585728K), 0.0025669 secs] [Times: user=0.01 sys=0.00, real=0.01 secs] 
1374.420: [GC (Allocation Failure) [PSYoungGen: 67392K->1376K(67072K)] 481320K->415304K(585216K), 0.0021833 secs] [Times: user=0.01 sys=0.00, real=0.01 secs] 
1374.692: [GC (Allocation Failure) [PSYoungGen: 66912K->1344K(66560K)] 480840K->415272K(584704K), 0.0018708 secs] [Times: user=0.01 sys=0.00, real=0.00 secs] 
1374.923: [GC (Allocation Failure) [PSYoungGen: 66368K->1504K(66048K)] 480296K->415433K(584192K), 0.0017159 secs] [Times: user=0.01 sys=0.00, real=0.00 secs] 
1375.037: [GC (Allocation Failure) [PSYoungGen: 66016K->1485K(65536K)] 479945K->415414K(583680K), 0.0016435 secs] [Times: user=0.00 sys=0.00, real=0.00 secs] 
1375.151: [GC (Allocation Failure) [PSYoungGen: 65485K->1504K(65024K)] 479414K->415433K(583168K), 0.0016005 secs] [Times: user=0.01 sys=0.00, real=0.01 secs] 
1375.262: [GC (Allocation Failure) [PSYoungGen: 64992K->1485K(65536K)] 478921K->415422K(583680K), 0.0015442 secs] [Times: user=0.00 sys=0.00, real=0.00 secs] 
1375.484: [GC (Allocation Failure) [PSYoungGen: 65485K->1440K(66048K)] 479422K->415376K(584192K), 0.0019918 secs] [Times: user=0.01 sys=0.00, real=0.00 secs] 
1375.763: [GC (Allocation Failure) [PSYoungGen: 65440K->1376K(65024K)] 479376K->415312K(583168K), 0.0018335 secs] [Times: user=0.00 sys=0.00, real=0.00 secs] 
1376.097: [GC (Allocation Failure) [PSYoungGen: 64864K->1408K(64512K)] 478800K->415344K(582656K), 0.0037337 secs] [Times: user=0.01 sys=0.01, real=0.01 secs] 
1376.367: [GC (Allocation Failure) [PSYoungGen: 64384K->1376K(70144K)] 478320K->415312K(588288K), 0.0029643 secs] [Times: user=0.02 sys=0.00, real=0.00 secs] 
1377.131: [GC (Allocation Failure) [PSYoungGen: 69984K->1437K(69632K)] 483920K->415374K(587776K), 0.0028828 secs] [Times: user=0.02 sys=0.00, real=0.00 secs] 
1377.322: [GC (Allocation Failure) [PSYoungGen: 69533K->1453K(69120K)] 483470K->415390K(587264K), 0.0015732 secs] [Times: user=0.01 sys=0.00, real=0.00 secs] 
1377.442: [GC (Allocation Failure) [PSYoungGen: 69037K->1472K(68608K)] 482974K->415409K(586752K), 0.0015844 secs] [Times: user=0.01 sys=0.00, real=0.00 secs] 
1377.560: [GC (Allocation Failure) [PSYoungGen: 68544K->1501K(69120K)] 482481K->415454K(587264K), 0.0016383 secs] [Times: user=0.00 sys=0.00, real=0.01 secs] 
1377.824: [GC (Allocation Failure) [PSYoungGen: 68573K->1440K(68096K)] 482526K->415392K(586240K), 0.0019501 secs] [Times: user=0.01 sys=0.00, real=0.00 secs] 
1378.584: [GC (Allocation Failure) [PSYoungGen: 68000K->1392K(67584K)] 481952K->415360K(585728K), 0.0049398 secs] [Times: user=0.01 sys=0.00, real=0.00 secs] 
1379.491: [GC (Allocation Failure) [PSYoungGen: 67440K->1376K(67072K)] 481408K->415344K(585216K), 0.0043965 secs] [Times: user=0.02 sys=0.00, real=0.00 secs] 
1380.440: [GC (Allocation Failure) [PSYoungGen: 66912K->1376K(66560K)] 480880K->415344K(584704K), 0.0070704 secs] [Times: user=0.03 sys=0.00, real=0.01 secs] 
1381.260: [GC (Allocation Failure) [PSYoungGen: 66275K->256K(65024K)] 480244K->414224K(583168K), 0.0027045 secs] [Times: user=0.01 sys=0.00, real=0.01 secs] 
1381.447: [GC (Allocation Failure) [PSYoungGen: 64768K->1501K(65536K)] 478736K->415470K(583680K), 0.0020189 secs] [Times: user=0.01 sys=0.00, real=0.00 secs] 
1381.601: [GC (Allocation Failure) [PSYoungGen: 65501K->1469K(65024K)] 479470K->415438K(583168K), 0.0019824 secs] [Times: user=0.01 sys=0.00, real=0.00 secs] 
1381.748: [GC (Allocation Failure) [PSYoungGen: 64957K->1469K(65536K)] 478926K->415454K(583680K), 0.0020040 secs] [Times: user=0.01 sys=0.00, real=0.00 secs] 
1381.899: [GC (Allocation Failure) [PSYoungGen: 64957K->1501K(65536K)] 478942K->415486K(583680K), 0.0016094 secs] [Times: user=0.00 sys=0.00, real=0.01 secs] 
1382.199: [GC (Allocation Failure) [PSYoungGen: 64989K->1408K(64512K)] 478974K->415392K(582656K), 0.0020914 secs] [Times: user=0.01 sys=0.01, real=0.01 secs] 
1382.461: [GC (Allocation Failure) [PSYoungGen: 64384K->1376K(64000K)] 478368K->415360K(582144K), 0.0019924 secs] [Times: user=0.00 sys=0.01, real=0.00 secs] 
1382.759: [GC (Allocation Failure) [PSYoungGen: 63840K->1344K(63488K)] 477824K->415328K(581632K), 0.0020477 secs] [Times: user=0.01 sys=0.00, real=0.01 secs] 
1383.016: [GC (Allocation Failure) [PSYoungGen: 63296K->1376K(69632K)] 477280K->415360K(587776K), 0.0042767 secs] [Times: user=0.02 sys=0.00, real=0.00 secs] 
1383.647: [GC (Allocation Failure) [PSYoungGen: 68960K->1472K(68608K)] 482944K->415457K(586752K), 0.0019116 secs] [Times: user=0.01 sys=0.00, real=0.00 secs] 
1383.774: [GC (Allocation Failure) [PSYoungGen: 68524K->1453K(69120K)] 482508K->415438K(587264K), 0.0017745 secs] [Times: user=0.00 sys=0.00, real=0.00 secs] 
1383.911: [GC (Allocation Failure) [PSYoungGen: 68525K->1504K(75264K)] 482510K->415497K(593408K), 0.0018622 secs] [Times: user=0.01 sys=0.00, real=0.01 secs] 
1384.082: [GC (Allocation Failure) [PSYoungGen: 74720K->1488K(75264K)] 488713K->415481K(593408K), 0.0017694 secs] [Times: user=0.00 sys=0.00, real=0.00 secs] 
1384.408: [GC (Allocation Failure) [PSYoungGen: 74704K->1344K(74240K)] 488697K->415336K(592384K), 0.0019925 secs] [Times: user=0.01 sys=0.01, real=0.00 secs] 
1384.710: [GC (Allocation Failure) [PSYoungGen: 74048K->1376K(73728K)] 488040K->415368K(591872K), 0.0019697 secs] [Times: user=0.01 sys=0.00, real=0.01 secs] 
1385.010: [GC (Allocation Failure) [PSYoungGen: 73568K->1376K(73216K)] 487560K->415368K(591360K), 0.0018693 secs] [Times: user=0.01 sys=0.00, real=0.01 secs] 
1385.376: [GC (Allocation Failure) [PSYoungGen: 73056K->1392K(72704K)] 487048K->415384K(590848K), 0.0030040 secs] [Times: user=0.01 sys=0.00, real=0.00 secs] 
1385.560: [GC (Allocation Failure) [PSYoungGen: 72560K->1469K(72192K)] 486552K->415462K(590336K), 0.0016158 secs] [Times: user=0.00 sys=0.00, real=0.01 secs] 
1385.685: [GC (Allocation Failure) [PSYoungGen: 72125K->1536K(72192K)] 486118K->415529K(590336K), 0.0016194 secs] [Times: user=0.01 sys=0.00, real=0.00 secs] 
1385.808: [GC (Allocation Failure) [PSYoungGen: 71664K->493K(77312K)] 485657K->415510K(595456K), 0.0015514 secs] [Times: user=0.01 sys=0.00, real=0.00 secs] 
1386.028: [GC (Allocation Failure) [PSYoungGen: 76781K->1456K(77312K)] 491798K->416480K(595456K), 0.0018874 secs] [Times: user=0.00 sys=0.00, real=0.00 secs] 
1386.348: [GC (Allocation Failure) [PSYoungGen: 77232K->1376K(76800K)] 492256K->416400K(594944K), 0.0018100 secs] [Times: user=0.00 sys=0.00, real=0.00 secs] 
1386.693: [GC (Allocation Failure) [PSYoungGen: 76640K->1376K(76288K)] 491664K->416400K(594432K), 0.0018421 secs] [Times: user=0.00 sys=0.00, real=0.00 secs] 
1387.004: [GC (Allocation Failure) [PSYoungGen: 76128K->1376K(75776K)] 491152K->416400K(593920K), 0.0018349 secs] [Times: user=0.01 sys=0.00, real=0.00 secs] 
1387.302: [GC (Allocation Failure) [PSYoungGen: 75616K->1437K(75264K)] 490640K->416462K(593408K), 0.0017217 secs] [Times: user=0.01 sys=0.00, real=0.00 secs] 
1387.432: [GC (Allocation Failure) [PSYoungGen: 75165K->1485K(74752K)] 490190K->416510K(592896K), 0.0016585 secs] [Times: user=0.00 sys=0.00, real=0.00 secs] 
1387.581: [GC (Allocation Failure) [PSYoungGen: 74701K->1469K(74240K)] 489726K->416494K(592384K), 0.0018761 secs] [Times: user=0.01 sys=0.00, real=0.00 secs] 
1387.756: [GC (Allocation Failure) [PSYoungGen: 74173K->1504K(73728K)] 489198K->416528K(591872K), 0.0020132 secs] [Times: user=0.01 sys=0.00, real=0.00 secs] 
1389.415: [GC (Allocation Failure) [PSYoungGen: 73696K->1376K(73216K)] 488720K->416416K(591360K), 0.0031644 secs] [Times: user=0.01 sys=0.00, real=0.00 secs] 
1390.504: [GC (Allocation Failure) [PSYoungGen: 73056K->1376K(72704K)] 488096K->416416K(590848K), 0.0030948 secs] [Times: user=0.01 sys=0.00, real=0.00 secs] 
1391.729: [GC (Allocation Failure) [PSYoungGen: 72544K->1344K(72192K)] 487584K->416384K(590336K), 0.0033112 secs] [Times: user=0.02 sys=0.00, real=0.01 secs] 
1392.756: [GC (Allocation Failure) [PSYoungGen: 72000K->1437K(71680K)] 487040K->416478K(589824K), 0.0031461 secs] [Times: user=0.02 sys=0.00, real=0.00 secs] 
1392.969: [GC (Allocation Failure) [PSYoungGen: 71581K->1501K(71168K)] 486622K->416542K(589312K), 0.0019554 secs] [Times: user=0.01 sys=0.00, real=0.01 secs] 
1393.092: [GC (Allocation Failure) [PSYoungGen: 71133K->1517K(70656K)] 486174K->416558K(588800K), 0.0017737 secs] [Times: user=0.01 sys=0.00, real=0.00 secs] 
1393.215: [GC (Allocation Failure) [PSYoungGen: 70637K->1453K(70144K)] 485678K->416494K(588288K), 0.0017677 secs] [Times: user=0.01 sys=0.00, real=0.00 secs] 
1393.530: [GC (Allocation Failure) [PSYoungGen: 70061K->1456K(69632K)] 485102K->416496K(587776K), 0.0021510 secs] [Times: user=0.01 sys=0.00, real=0.01 secs] 
1394.219: [GC (Allocation Failure) [PSYoungGen: 69552K->1392K(69120K)] 484592K->416432K(587264K), 0.0024135 secs] [Times: user=0.01 sys=0.00, real=0.01 secs] 
1395.018: [GC (Allocation Failure) [PSYoungGen: 68976K->1376K(68608K)] 484016K->416416K(586752K), 0.0031488 secs] [Times: user=0.01 sys=0.00, real=0.01 secs] 
1395.627: [GC (Allocation Failure) [PSYoungGen: 68448K->1376K(68096K)] 483488K->416416K(586240K), 0.0029882 secs] [Times: user=0.01 sys=0.00, real=0.00 secs] 
1396.141: [GC (Allocation Failure) [PSYoungGen: 67936K->1469K(67584K)] 482976K->416510K(585728K), 0.0024037 secs] [Times: user=0.01 sys=0.00, real=0.00 secs] 
1396.303: [GC (Allocation Failure) [PSYoungGen: 67517K->1485K(67072K)] 482558K->416526K(585216K), 0.0016898 secs] [Times: user=0.01 sys=0.00, real=0.00 secs] 
1396.420: [GC (Allocation Failure) [PSYoungGen: 67021K->1504K(66560K)] 482062K->416545K(584704K), 0.0016996 secs] [Times: user=0.01 sys=0.00, real=0.01 secs] 
1396.534: [GC (Allocation Failure) [PSYoungGen: 66528K->1485K(67072K)] 481569K->416534K(585216K), 0.0016989 secs] [Times: user=0.01 sys=0.00, real=0.00 secs] 
1396.717: [GC (Allocation Failure) [PSYoungGen: 66509K->1456K(72704K)] 481558K->416504K(590848K), 0.0016965 secs] [Times: user=0.00 sys=0.00, real=0.00 secs] 
1397.197: [GC (Allocation Failure) [PSYoungGen: 72112K->1376K(71680K)] 487160K->416424K(589824K), 0.0018338 secs] [Times: user=0.01 sys=0.00, real=0.00 secs] 
1397.882: [GC (Allocation Failure) [PSYoungGen: 71520K->1344K(71168K)] 486568K->416392K(589312K), 0.0032031 secs] [Times: user=0.01 sys=0.00, real=0.00 secs] 
1398.432: [GC (Allocation Failure) [PSYoungGen: 70976K->1408K(70656K)] 486024K->416456K(588800K), 0.0028677 secs] [Times: user=0.01 sys=0.00, real=0.00 secs] 
1399.016: [GC (Allocation Failure) [PSYoungGen: 70528K->1437K(70144K)] 485576K->416486K(588288K), 0.0022360 secs] [Times: user=0.01 sys=0.00, real=0.00 secs] 
1399.176: [GC (Allocation Failure) [PSYoungGen: 70045K->1504K(69632K)] 485094K->416553K(587776K), 0.0016933 secs] [Times: user=0.00 sys=0.00, real=0.00 secs] 
1399.295: [GC (Allocation Failure) [PSYoungGen: 69600K->1517K(69120K)] 484649K->416566K(587264K), 0.0016888 secs] [Times: user=0.01 sys=0.00, real=0.00 secs] 
1399.415: [GC (Allocation Failure) [PSYoungGen: 69101K->1485K(69632K)] 484150K->416542K(587776K), 0.0017626 secs] [Times: user=0.00 sys=0.00, real=0.00 secs] 
1399.816: [GC (Allocation Failure) [PSYoungGen: 69069K->1440K(68608K)] 484126K->416496K(586752K), 0.0017407 secs] [Times: user=0.00 sys=0.01, real=0.00 secs] 
1400.897: [GC (Allocation Failure) [PSYoungGen: 68512K->1408K(68096K)] 483568K->416480K(586240K), 0.0040560 secs] [Times: user=0.01 sys=0.00, real=0.01 secs] 
1401.744: [GC (Allocation Failure) [PSYoungGen: 67968K->1376K(67584K)] 483040K->416448K(585728K), 0.0038560 secs] [Times: user=0.01 sys=0.01, real=0.00 secs] 
1402.427: [GC (Allocation Failure) [PSYoungGen: 67424K->1344K(67072K)] 482496K->416416K(585216K), 0.0045521 secs] [Times: user=0.01 sys=0.01, real=0.01 secs] 
1402.950: [GC (Allocation Failure) [PSYoungGen: 66880K->1376K(66560K)] 481952K->416449K(584704K), 0.0023785 secs] [Times: user=0.00 sys=0.01, real=0.01 secs] 
1403.125: [GC (Allocation Failure) [PSYoungGen: 66400K->1504K(66048K)] 481473K->416577K(584192K), 0.0016206 secs] [Times: user=0.01 sys=0.00, real=0.00 secs] 
1403.239: [GC (Allocation Failure) [PSYoungGen: 66016K->1485K(65536K)] 481089K->416558K(583680K), 0.0017038 secs] [Times: user=0.01 sys=0.00, real=0.00 secs] 
1403.352: [GC (Allocation Failure) [PSYoungGen: 65485K->1472K(71168K)] 480558K->416553K(589312K), 0.0018471 secs] [Times: user=0.00 sys=0.00, real=0.00 secs] 
1403.659: [GC (Allocation Failure) [PSYoungGen: 71104K->1456K(70656K)] 486185K->416536K(588800K), 0.0020082 secs] [Times: user=0.01 sys=0.00, real=0.01 secs] 
1404.325: [GC (Allocation Failure) [PSYoungGen: 70576K->1376K(70144K)] 485656K->416456K(588288K), 0.0019292 secs] [Times: user=0.01 sys=0.00, real=0.00 secs] 
1404.701: [GC (Allocation Failure) [PSYoungGen: 69984K->1328K(69632K)] 485064K->416408K(587776K), 0.0024527 secs] [Times: user=0.01 sys=0.00, real=0.00 secs] 
1405.277: [GC (Allocation Failure) [PSYoungGen: 69424K->1376K(69120K)] 484504K->416456K(587264K), 0.0022321 secs] [Times: user=0.01 sys=0.00, real=0.00 secs] 
1405.943: [GC (Allocation Failure) [PSYoungGen: 68960K->1405K(68608K)] 484040K->416486K(586752K), 0.0024635 secs] [Times: user=0.01 sys=0.00, real=0.00 secs] 
1406.149: [GC (Allocation Failure) [PSYoungGen: 68477K->1501K(68096K)] 483558K->416582K(586240K), 0.0021562 secs] [Times: user=0.01 sys=0.00, real=0.01 secs] 
1406.314: [GC (Allocation Failure) [PSYoungGen: 68061K->1453K(67584K)] 483142K->416534K(585728K), 0.0020812 secs] [Times: user=0.01 sys=0.00, real=0.00 secs] 
1406.484: [GC (Allocation Failure) [PSYoungGen: 67501K->1501K(67072K)] 482582K->416590K(585216K), 0.0022678 secs] [Times: user=0.00 sys=0.00, real=0.00 secs] 
1406.942: [GC (Allocation Failure) [PSYoungGen: 67037K->1408K(66560K)] 482126K->416496K(584704K), 0.0030777 secs] [Times: user=0.01 sys=0.00, real=0.00 secs] 
1407.591: [GC (Allocation Failure) [PSYoungGen: 66432K->1344K(66048K)] 481520K->416432K(584192K), 0.0040955 secs] [Times: user=0.01 sys=0.00, real=0.00 secs] 
1407.901: [GC (Allocation Failure) [PSYoungGen: 65856K->1376K(65536K)] 480944K->416464K(583680K), 0.0021772 secs] [Times: user=0.00 sys=0.00, real=0.01 secs] 
1408.513: [GC (Allocation Failure) [PSYoungGen: 65376K->1344K(65024K)] 480464K->416432K(583168K), 0.0032646 secs] [Times: user=0.01 sys=0.00, real=0.00 secs] 
1409.293: [GC (Allocation Failure) [PSYoungGen: 64832K->1376K(64512K)] 479920K->416464K(582656K), 0.0027627 secs] [Times: user=0.01 sys=0.00, real=0.00 secs] 
1409.617: [GC (Allocation Failure) [PSYoungGen: 64352K->1501K(64000K)] 479440K->416590K(582144K), 0.0022272 secs] [Times: user=0.01 sys=0.00, real=0.00 secs] 
1409.750: [GC (Allocation Failure) [PSYoungGen: 63965K->1485K(63488K)] 479054K->416574K(581632K), 0.0016613 secs] [Times: user=0.01 sys=0.00, real=0.01 secs] 
1409.859: [GC (Allocation Failure) [PSYoungGen: 63437K->1485K(62976K)] 478526K->416582K(581120K), 0.0016240 secs] [Times: user=0.00 sys=0.00, real=0.00 secs] 
1409.966: [GC (Allocation Failure) [PSYoungGen: 62925K->1485K(63488K)] 478022K->416598K(581632K), 0.0018022 secs] [Times: user=0.01 sys=0.00, real=0.00 secs] 
1410.601: [GC (Allocation Failure) [PSYoungGen: 62925K->1408K(63488K)] 478038K->416520K(581632K), 0.0047148 secs] [Times: user=0.02 sys=0.00, real=0.00 secs] 
1411.316: [GC (Allocation Failure) [PSYoungGen: 62848K->1344K(62464K)] 477960K->416456K(580608K), 0.0030725 secs] [Times: user=0.01 sys=0.00, real=0.00 secs] 
1411.593: [GC (Allocation Failure) [PSYoungGen: 62272K->1344K(61952K)] 477384K->416456K(580096K), 0.0018803 secs] [Times: user=0.01 sys=0.00, real=0.00 secs] 
1412.054: [GC (Allocation Failure) [PSYoungGen: 61760K->1376K(61440K)] 476872K->416488K(579584K), 0.0020805 secs] [Times: user=0.00 sys=0.00, real=0.00 secs] 
1412.516: [GC (Allocation Failure) [PSYoungGen: 61280K->1453K(61440K)] 476392K->416566K(579584K), 0.0028049 secs] [Times: user=0.01 sys=0.00, real=0.00 secs] 
1412.722: [GC (Allocation Failure) [PSYoungGen: 61357K->1472K(61440K)] 476470K->416585K(579584K), 0.0021102 secs] [Times: user=0.00 sys=0.00, real=0.00 secs] 
1412.848: [GC (Allocation Failure) [PSYoungGen: 61376K->1485K(61440K)] 476489K->416606K(579584K), 0.0017432 secs] [Times: user=0.01 sys=0.00, real=0.00 secs] 
1412.954: [GC (Allocation Failure) [PSYoungGen: 61389K->1440K(65536K)] 476510K->416561K(583680K), 0.0016671 secs] [Times: user=0.01 sys=0.00, real=0.00 secs] 
1413.068: [GC (Allocation Failure) [PSYoungGen: 65440K->1453K(66048K)] 480561K->416574K(584192K), 0.0016080 secs] [Times: user=0.01 sys=0.00, real=0.00 secs] 
1413.328: [GC (Allocation Failure) [PSYoungGen: 65453K->1424K(72192K)] 480574K->416544K(590336K), 0.0027375 secs] [Times: user=0.01 sys=0.00, real=0.01 secs] 
1413.620: [GC (Allocation Failure) [PSYoungGen: 71568K->1376K(72192K)] 486688K->416496K(590336K), 0.0019910 secs] [Times: user=0.01 sys=0.00, real=0.01 secs] 
1413.912: [GC (Allocation Failure) [PSYoungGen: 71520K->1376K(71168K)] 486640K->416496K(589312K), 0.0019736 secs] [Times: user=0.01 sys=0.00, real=0.00 secs] 
1414.201: [GC (Allocation Failure) [PSYoungGen: 71008K->1376K(70656K)] 486128K->416496K(588800K), 0.0019523 secs] [Times: user=0.00 sys=0.00, real=0.00 secs] 
1414.401: [GC (Allocation Failure) [PSYoungGen: 70496K->1533K(70144K)] 485616K->416654K(588288K), 0.0016253 secs] [Times: user=0.00 sys=0.00, real=0.01 secs] 
1414.523: [GC (Allocation Failure) [PSYoungGen: 70141K->1536K(70144K)] 485262K->416657K(588288K), 0.0017988 secs] [Times: user=0.01 sys=0.00, real=0.00 secs] 
1414.645: [GC (Allocation Failure) [PSYoungGen: 69632K->512K(75264K)] 484753K->416673K(593408K), 0.0016074 secs] [Times: user=0.00 sys=0.00, real=0.00 secs] 
1414.818: [GC (Allocation Failure) [PSYoungGen: 74752K->1728K(76288K)] 490913K->417888K(594432K), 0.0018007 secs] [Times: user=0.00 sys=0.00, real=0.00 secs] 
1415.160: [GC (Allocation Failure) [PSYoungGen: 75968K->1344K(75264K)] 492128K->417504K(593408K), 0.0018498 secs] [Times: user=0.01 sys=0.00, real=0.01 secs] 
1415.727: [GC (Allocation Failure) [PSYoungGen: 75072K->1344K(74752K)] 491232K->417504K(592896K), 0.0049458 secs] [Times: user=0.02 sys=0.00, real=0.01 secs] 
1416.546: [GC (Allocation Failure) [PSYoungGen: 74560K->1344K(74240K)] 490720K->417504K(592384K), 0.0036231 secs] [Times: user=0.02 sys=0.00, real=0.00 secs] 
1417.049: [GC (Allocation Failure) [PSYoungGen: 74048K->1501K(73728K)] 490208K->417662K(591872K), 0.0021524 secs] [Times: user=0.00 sys=0.01, real=0.01 secs] 
1417.188: [GC (Allocation Failure) [PSYoungGen: 73693K->1504K(73216K)] 489854K->417697K(591360K), 0.0017025 secs] [Times: user=0.00 sys=0.00, real=0.00 secs] 
1417.313: [GC (Allocation Failure) [PSYoungGen: 73184K->1488K(72704K)] 489377K->417681K(590848K), 0.0016573 secs] [Times: user=0.00 sys=0.00, real=0.00 secs] 
1417.440: [GC (Allocation Failure) [PSYoungGen: 72656K->1504K(78848K)] 488849K->417697K(596992K), 0.0016717 secs] [Times: user=0.00 sys=0.00, real=0.01 secs] 
1417.791: [GC (Allocation Failure) [PSYoungGen: 78816K->1424K(78336K)] 495009K->417616K(596480K), 0.0018963 secs] [Times: user=0.00 sys=0.01, real=0.00 secs] 
1418.149: [GC (Allocation Failure) [PSYoungGen: 78224K->1376K(77824K)] 494416K->417568K(595968K), 0.0017561 secs] [Times: user=0.00 sys=0.00, real=0.01 secs] 
1418.518: [GC (Allocation Failure) [PSYoungGen: 77664K->1376K(77312K)] 493856K->417568K(595456K), 0.0020005 secs] [Times: user=0.01 sys=0.00, real=0.00 secs] 
1418.913: [GC (Allocation Failure) [PSYoungGen: 76976K->256K(76800K)] 493169K->416448K(594944K), 0.0029865 secs] [Times: user=0.01 sys=0.00, real=0.00 secs] 
1419.136: [GC (Allocation Failure) [PSYoungGen: 75520K->1469K(76288K)] 491712K->417686K(594432K), 0.0016987 secs] [Times: user=0.00 sys=0.00, real=0.00 secs] 
1419.268: [GC (Allocation Failure) [PSYoungGen: 76221K->1453K(75776K)] 492438K->417670K(593920K), 0.0016966 secs] [Times: user=0.01 sys=0.00, real=0.00 secs] 
1419.400: [GC (Allocation Failure) [PSYoungGen: 75693K->1517K(75264K)] 491910K->417734K(593408K), 0.0016321 secs] [Times: user=0.00 sys=0.00, real=0.01 secs] 
1419.714: [GC (Allocation Failure) [PSYoungGen: 75245K->1440K(74752K)] 491462K->417656K(592896K), 0.0018698 secs] [Times: user=0.01 sys=0.00, real=0.00 secs] 
1420.033: [GC (Allocation Failure) [PSYoungGen: 74656K->1376K(74240K)] 490872K->417592K(592384K), 0.0018806 secs] [Times: user=0.01 sys=0.00, real=0.00 secs] 
1420.376: [GC (Allocation Failure) [PSYoungGen: 74080K->1360K(73728K)] 490296K->417576K(591872K), 0.0019616 secs] [Times: user=0.01 sys=0.00, real=0.00 secs] 
1420.707: [GC (Allocation Failure) [PSYoungGen: 73552K->1376K(73216K)] 489768K->417592K(591360K), 0.0023544 secs] [Times: user=0.00 sys=0.00, real=0.00 secs] 
1421.015: [GC (Allocation Failure) [PSYoungGen: 73056K->1488K(72704K)] 489272K->417705K(590848K), 0.0021437 secs] [Times: user=0.01 sys=0.00, real=0.00 secs] 
1421.180: [GC (Allocation Failure) [PSYoungGen: 72656K->1421K(72192K)] 488873K->417638K(590336K), 0.0015695 secs] [Times: user=0.00 sys=0.00, real=0.01 secs] 
1421.305: [GC (Allocation Failure) [PSYoungGen: 72077K->1485K(71680K)] 488294K->417702K(589824K), 0.0017077 secs] [Times: user=0.01 sys=0.00, real=0.00 secs] 
1421.431: [GC (Allocation Failure) [PSYoungGen: 71629K->1440K(72192K)] 487846K->417656K(590336K), 0.0018628 secs] [Times: user=0.01 sys=0.00, real=0.00 secs] 
1423.299: [GC (Allocation Failure) [PSYoungGen: 71584K->1376K(71168K)] 487800K->417592K(589312K), 0.0045472 secs] [Times: user=0.02 sys=0.00, real=0.01 secs] 
1423.638: [GC (Allocation Failure) [PSYoungGen: 71008K->1376K(70656K)] 487224K->417592K(588800K), 0.0020480 secs] [Times: user=0.01 sys=0.00, real=0.00 secs] 
1423.926: [GC (Allocation Failure) [PSYoungGen: 70496K->1376K(70144K)] 486712K->417592K(588288K), 0.0018539 secs] [Times: user=0.01 sys=0.00, real=0.00 secs] 
1424.210: [GC (Allocation Failure) [PSYoungGen: 69984K->1408K(69632K)] 486200K->417624K(587776K), 0.0018881 secs] [Times: user=0.01 sys=0.00, real=0.01 secs] 
1424.366: [GC (Allocation Failure) [PSYoungGen: 69504K->1472K(69120K)] 485720K->417689K(587264K), 0.0016155 secs] [Times: user=0.01 sys=0.00, real=0.00 secs] 
1424.486: [GC (Allocation Failure) [PSYoungGen: 69056K->1488K(68608K)] 485273K->417705K(586752K), 0.0017397 secs] [Times: user=0.01 sys=0.00, real=0.00 secs] 
1424.604: [GC (Allocation Failure) [PSYoungGen: 68539K->1472K(74752K)] 484756K->417689K(592896K), 0.0015470 secs] [Times: user=0.00 sys=0.00, real=0.00 secs] 
1424.824: [GC (Allocation Failure) [PSYoungGen: 74688K->1440K(75264K)] 490905K->417664K(593408K), 0.0020087 secs] [Times: user=0.01 sys=0.00, real=0.00 secs] 
1425.129: [GC (Allocation Failure) [PSYoungGen: 74656K->1344K(74240K)] 490880K->417568K(592384K), 0.0018114 secs] [Times: user=0.00 sys=0.00, real=0.01 secs] 
1425.431: [GC (Allocation Failure) [PSYoungGen: 74048K->1376K(73728K)] 490272K->417600K(591872K), 0.0018949 secs] [Times: user=0.01 sys=0.00, real=0.00 secs] 
1425.731: [GC (Allocation Failure) [PSYoungGen: 73568K->1376K(73216K)] 489792K->417600K(591360K), 0.0021362 secs] [Times: user=0.00 sys=0.00, real=0.00 secs] 
1426.007: [GC (Allocation Failure) [PSYoungGen: 73056K->1469K(72704K)] 489280K->417694K(590848K), 0.0019617 secs] [Times: user=0.01 sys=0.00, real=0.00 secs] 
1426.134: [GC (Allocation Failure) [PSYoungGen: 72637K->1517K(72192K)] 488862K->417742K(590336K), 0.0015314 secs] [Times: user=0.01 sys=0.00, real=0.00 secs] 
1426.259: [GC (Allocation Failure) [PSYoungGen: 72173K->1424K(71680K)] 488398K->417649K(589824K), 0.0016164 secs] [Times: user=0.00 sys=0.00, real=0.00 secs] 
1426.382: [GC (Allocation Failure) [PSYoungGen: 71568K->1517K(77824K)] 487793K->417750K(595968K), 0.0016454 secs] [Times: user=0.00 sys=0.00, real=0.00 secs] 
1426.652: [GC (Allocation Failure) [PSYoungGen: 77805K->1440K(77312K)] 494038K->417672K(595456K), 0.0014805 secs] [Times: user=0.00 sys=0.00, real=0.00 secs] 
1426.966: [GC (Allocation Failure) [PSYoungGen: 77216K->1408K(76800K)] 493448K->417640K(594944K), 0.0017981 secs] [Times: user=0.01 sys=0.00, real=0.00 secs] 
1427.278: [GC (Allocation Failure) [PSYoungGen: 76672K->1376K(76288K)] 492904K->417608K(594432K), 0.0016499 secs] [Times: user=0.01 sys=0.00, real=0.00 secs] 
1427.588: [GC (Allocation Failure) [PSYoungGen: 76128K->1376K(75776K)] 492360K->417608K(593920K), 0.0015892 secs] [Times: user=0.01 sys=0.00, real=0.00 secs] 
1427.743: [GC (Allocation Failure) [PSYoungGen: 75616K->1485K(75264K)] 491848K->417734K(593408K), 0.0017673 secs] [Times: user=0.00 sys=0.00, real=0.00 secs] 
1427.874: [GC (Allocation Failure) [PSYoungGen: 75213K->1469K(74752K)] 491462K->417718K(592896K), 0.0015516 secs] [Times: user=0.00 sys=0.00, real=0.00 secs] 
1428.024: [GC (Allocation Failure) [PSYoungGen: 74685K->1453K(74240K)] 490934K->417702K(592384K), 0.0018523 secs] [Times: user=0.01 sys=0.00, real=0.00 secs] 
1428.860: [GC (Allocation Failure) [PSYoungGen: 74157K->1424K(73728K)] 490406K->417672K(591872K), 0.0045568 secs] [Times: user=0.01 sys=0.00, real=0.01 secs] 
1429.863: [GC (Allocation Failure) [PSYoungGen: 73616K->1344K(73216K)] 489864K->417592K(591360K), 0.0025091 secs] [Times: user=0.01 sys=0.00, real=0.00 secs] 
1430.473: [GC (Allocation Failure) [PSYoungGen: 73024K->1376K(72704K)] 489272K->417624K(590848K), 0.0035030 secs] [Times: user=0.02 sys=0.00, real=0.00 secs] 
1430.996: [GC (Allocation Failure) [PSYoungGen: 72544K->1376K(72192K)] 488792K->417624K(590336K), 0.0024962 secs] [Times: user=0.01 sys=0.00, real=0.00 secs] 
1431.423: [GC (Allocation Failure) [PSYoungGen: 72032K->1421K(71680K)] 488280K->417670K(589824K), 0.0019740 secs] [Times: user=0.01 sys=0.00, real=0.00 secs] 
1431.555: [GC (Allocation Failure) [PSYoungGen: 71565K->1485K(71168K)] 487814K->417734K(589312K), 0.0018453 secs] [Times: user=0.00 sys=0.00, real=0.00 secs] 
1431.697: [GC (Allocation Failure) [PSYoungGen: 71117K->1485K(70656K)] 487366K->417734K(588800K), 0.0021346 secs] [Times: user=0.01 sys=0.00, real=0.00 secs] 
1431.853: [GC (Allocation Failure) [PSYoungGen: 70605K->1485K(71168K)] 486854K->417734K(589312K), 0.0018189 secs] [Times: user=0.00 sys=0.00, real=0.00 secs] 
1432.214: [GC (Allocation Failure) [PSYoungGen: 70605K->1424K(70144K)] 486854K->417680K(588288K), 0.0021060 secs] [Times: user=0.01 sys=0.01, real=0.00 secs] 
1432.619: [GC (Allocation Failure) [PSYoungGen: 70032K->1344K(69632K)] 486288K->417600K(587776K), 0.0019246 secs] [Times: user=0.01 sys=0.00, real=0.01 secs] 
1433.142: [GC (Allocation Failure) [PSYoungGen: 69440K->1344K(69120K)] 485696K->417600K(587264K), 0.0031222 secs] [Times: user=0.01 sys=0.00, real=0.00 secs] 
1433.833: [GC (Allocation Failure) [PSYoungGen: 68928K->1360K(68608K)] 485184K->417616K(586752K), 0.0028068 secs] [Times: user=0.01 sys=0.00, real=0.00 secs] 
1434.180: [GC (Allocation Failure) [PSYoungGen: 68432K->1504K(68096K)] 484688K->417761K(586240K), 0.0020147 secs] [Times: user=0.01 sys=0.00, real=0.01 secs] 
1434.340: [GC (Allocation Failure) [PSYoungGen: 68064K->1472K(67584K)] 484321K->417729K(585728K), 0.0022658 secs] [Times: user=0.00 sys=0.00, real=0.01 secs] 
1434.498: [GC (Allocation Failure) [PSYoungGen: 67497K->1485K(67072K)] 483754K->417742K(585216K), 0.0017385 secs] [Times: user=0.00 sys=0.00, real=0.00 secs] 
1434.614: [GC (Allocation Failure) [PSYoungGen: 67021K->1453K(72704K)] 483278K->417718K(590848K), 0.0015760 secs] [Times: user=0.01 sys=0.00, real=0.00 secs] 
1435.959: [GC (Allocation Failure) [PSYoungGen: 72621K->1440K(72192K)] 488886K->417704K(590336K), 0.0033152 secs] [Times: user=0.01 sys=0.00, real=0.01 secs] 
1436.905: [GC (Allocation Failure) [PSYoungGen: 72096K->1376K(71680K)] 488360K->417640K(589824K), 0.0050109 secs] [Times: user=0.02 sys=0.00, real=0.00 secs] 
1437.657: [GC (Allocation Failure) [PSYoungGen: 71520K->1376K(71168K)] 487784K->417640K(589312K), 0.0028309 secs] [Times: user=0.01 sys=0.00, real=0.00 secs] 
1438.009: [GC (Allocation Failure) [PSYoungGen: 71008K->1376K(70656K)] 487272K->417640K(588800K), 0.0020987 secs] [Times: user=0.01 sys=0.00, real=0.01 secs] 
1438.190: [GC (Allocation Failure) [PSYoungGen: 70496K->1517K(70144K)] 486760K->417782K(588288K), 0.0017572 secs] [Times: user=0.01 sys=0.00, real=0.01 secs] 
1438.311: [GC (Allocation Failure) [PSYoungGen: 70125K->1517K(69632K)] 486390K->417782K(587776K), 0.0016772 secs] [Times: user=0.01 sys=0.00, real=0.00 secs] 
1438.432: [GC (Allocation Failure) [PSYoungGen: 69613K->1536K(70144K)] 485878K->417801K(588288K), 0.0016930 secs] [Times: user=0.01 sys=0.00, real=0.00 secs] 
1438.631: [GC (Allocation Failure) [PSYoungGen: 69632K->1744K(70144K)] 485897K->418016K(588288K), 0.0020958 secs] [Times: user=0.00 sys=0.00, real=0.01 secs] 
1439.209: [GC (Allocation Failure) [PSYoungGen: 69840K->1376K(69120K)] 486112K->417648K(587264K), 0.0020261 secs] [Times: user=0.00 sys=0.00, real=0.01 secs] 
1439.797: [GC (Allocation Failure) [PSYoungGen: 68960K->1344K(68608K)] 485232K->417616K(586752K), 0.0019482 secs] [Times: user=0.01 sys=0.01, real=0.00 secs] 
1440.360: [GC (Allocation Failure) [PSYoungGen: 68416K->1344K(68096K)] 484688K->417616K(586240K), 0.0024813 secs] [Times: user=0.01 sys=0.00, real=0.01 secs] 
1440.638: [GC (Allocation Failure) [PSYoungGen: 67904K->1376K(67584K)] 484176K->417648K(585728K), 0.0025210 secs] [Times: user=0.00 sys=0.00, real=0.01 secs] 
1440.857: [GC (Allocation Failure) [PSYoungGen: 67424K->1501K(67072K)] 483696K->417790K(585216K), 0.0018161 secs] [Times: user=0.01 sys=0.00, real=0.00 secs] 
1440.979: [GC (Allocation Failure) [PSYoungGen: 67037K->1517K(73728K)] 483326K->417806K(591872K), 0.0041233 secs] [Times: user=0.02 sys=0.00, real=0.01 secs] 
1441.110: [GC (Allocation Failure) [PSYoungGen: 73197K->1533K(74240K)] 489486K->417822K(592384K), 0.0016263 secs] [Times: user=0.00 sys=0.00, real=0.01 secs] 
1441.378: [GC (Allocation Failure) [PSYoungGen: 73725K->1376K(74240K)] 490014K->417672K(592384K), 0.0021036 secs] [Times: user=0.00 sys=0.00, real=0.00 secs] 
1442.424: [GC (Allocation Failure) [PSYoungGen: 73568K->1376K(73216K)] 489864K->417672K(591360K), 0.0023659 secs] [Times: user=0.01 sys=0.00, real=0.00 secs] 
1443.485: [GC (Allocation Failure) [PSYoungGen: 73056K->1392K(72704K)] 489352K->417688K(590848K), 0.0073230 secs] [Times: user=0.03 sys=0.01, real=0.01 secs] 
1444.314: [GC (Allocation Failure) [PSYoungGen: 72560K->1424K(72192K)] 488856K->417720K(590336K), 0.0036622 secs] [Times: user=0.01 sys=0.00, real=0.00 secs] 
1445.203: [GC (Allocation Failure) [PSYoungGen: 72080K->1469K(71680K)] 488376K->417766K(589824K), 0.0032490 secs] [Times: user=0.01 sys=0.00, real=0.00 secs] 
1445.401: [GC (Allocation Failure) [PSYoungGen: 71613K->1485K(71168K)] 487910K->417782K(589312K), 0.0017328 secs] [Times: user=0.01 sys=0.00, real=0.00 secs] 
1445.525: [GC (Allocation Failure) [PSYoungGen: 71117K->1456K(70656K)] 487414K->417753K(588800K), 0.0018853 secs] [Times: user=0.01 sys=0.00, real=0.00 secs] 
1445.649: [GC (Allocation Failure) [PSYoungGen: 70576K->1501K(76800K)] 486873K->417814K(594944K), 0.0016531 secs] [Times: user=0.00 sys=0.00, real=0.01 secs] 
1446.130: [GC (Allocation Failure) [PSYoungGen: 76765K->1424K(76288K)] 493078K->417744K(594432K), 0.0017753 secs] [Times: user=0.01 sys=0.00, real=0.01 secs] 
1446.753: [GC (Allocation Failure) [PSYoungGen: 76176K->1376K(75776K)] 492496K->417696K(593920K), 0.0017265 secs] [Times: user=0.01 sys=0.00, real=0.00 secs] 
1447.378: [GC (Allocation Failure) [PSYoungGen: 75616K->1424K(75264K)] 491936K->417744K(593408K), 0.0018062 secs] [Times: user=0.01 sys=0.01, real=0.00 secs] 
1448.115: [GC (Allocation Failure) [PSYoungGen: 75152K->1376K(74752K)] 491472K->417696K(592896K), 0.0038633 secs] [Times: user=0.01 sys=0.00, real=0.00 secs] 
1448.529: [GC (Allocation Failure) [PSYoungGen: 74592K->1549K(74752K)] 490912K->417870K(592896K), 0.0023172 secs] [Times: user=0.00 sys=0.00, real=0.01 secs] 
1448.675: [GC (Allocation Failure) [PSYoungGen: 74253K->448K(72704K)] 490574K->417793K(590848K), 0.0016741 secs] [Times: user=0.01 sys=0.00, real=0.00 secs] 
1448.803: [GC (Allocation Failure) [PSYoungGen: 72640K->493K(73728K)] 489985K->417838K(591872K), 0.0016737 secs] [Times: user=0.01 sys=0.00, real=0.00 secs] 
1449.076: [GC (Allocation Failure) [PSYoungGen: 72173K->1440K(72704K)] 489518K->418784K(590848K), 0.0020985 secs] [Times: user=0.00 sys=0.00, real=0.00 secs] 
1449.835: [GC (Allocation Failure) [PSYoungGen: 72608K->1344K(72192K)] 489952K->418688K(590336K), 0.0026382 secs] [Times: user=0.01 sys=0.00, real=0.00 secs] 
1450.566: [GC (Allocation Failure) [PSYoungGen: 72000K->1376K(71680K)] 489344K->418720K(589824K), 0.0027251 secs] [Times: user=0.01 sys=0.00, real=0.00 secs] 
1451.064: [GC (Allocation Failure) [PSYoungGen: 71520K->1408K(71168K)] 488864K->418776K(589312K), 0.0028288 secs] [Times: user=0.02 sys=0.00, real=0.00 secs] 
1451.570: [GC (Allocation Failure) [PSYoungGen: 71040K->1424K(70656K)] 488408K->418793K(588800K), 0.0021773 secs] [Times: user=0.01 sys=0.00, real=0.01 secs] 
1451.734: [GC (Allocation Failure) [PSYoungGen: 70529K->1453K(70144K)] 487898K->418822K(588288K), 0.0016449 secs] [Times: user=0.00 sys=0.00, real=0.00 secs] 
1451.857: [GC (Allocation Failure) [PSYoungGen: 70061K->1472K(69632K)] 487430K->418841K(587776K), 0.0015661 secs] [Times: user=0.00 sys=0.01, real=0.00 secs] 
1451.977: [GC (Allocation Failure) [PSYoungGen: 69568K->1472K(69120K)] 486937K->418841K(587264K), 0.0016434 secs] [Times: user=0.01 sys=0.00, real=0.00 secs] 
1452.540: [GC (Allocation Failure) [PSYoungGen: 69056K->1424K(68608K)] 486425K->418800K(586752K), 0.0024277 secs] [Times: user=0.01 sys=0.00, real=0.01 secs] 
1453.406: [GC (Allocation Failure) [PSYoungGen: 68496K->1344K(68096K)] 485872K->418720K(586240K), 0.0035718 secs] [Times: user=0.01 sys=0.00, real=0.00 secs] 
1454.135: [GC (Allocation Failure) [PSYoungGen: 67904K->1376K(67584K)] 485280K->418752K(585728K), 0.0042922 secs] [Times: user=0.01 sys=0.00, real=0.00 secs] 
1454.702: [GC (Allocation Failure) [PSYoungGen: 67424K->1344K(67072K)] 484800K->418728K(585216K), 0.0024717 secs] [Times: user=0.01 sys=0.00, real=0.00 secs] 
1455.158: [GC (Allocation Failure) [PSYoungGen: 66880K->1469K(66560K)] 484264K->418854K(584704K), 0.0021482 secs] [Times: user=0.01 sys=0.00, real=0.00 secs] 
1455.302: [GC (Allocation Failure) [PSYoungGen: 66493K->1517K(66048K)] 483878K->418902K(584192K), 0.0017129 secs] [Times: user=0.01 sys=0.00, real=0.00 secs] 
1455.416: [GC (Allocation Failure) [PSYoungGen: 66029K->1501K(65536K)] 483414K->418886K(583680K), 0.0016054 secs] [Times: user=0.01 sys=0.00, real=0.00 secs] 
1455.529: [GC (Allocation Failure) [PSYoungGen: 65501K->1533K(66560K)] 482886K->418926K(584704K), 0.0016200 secs] [Times: user=0.01 sys=0.00, real=0.01 secs] 
1455.843: [GC (Allocation Failure) [PSYoungGen: 66045K->1424K(65536K)] 483438K->418816K(583680K), 0.0019898 secs] [Times: user=0.00 sys=0.00, real=0.00 secs] 
1456.503: [GC (Allocation Failure) [PSYoungGen: 65424K->1344K(65024K)] 482816K->418744K(583168K), 0.0024218 secs] [Times: user=0.01 sys=0.00, real=0.00 secs] 
1457.136: [GC (Allocation Failure) [PSYoungGen: 64832K->1376K(64512K)] 482232K->418776K(582656K), 0.0025064 secs] [Times: user=0.01 sys=0.00, real=0.00 secs] 
1457.939: [GC (Allocation Failure) [PSYoungGen: 64352K->1344K(64000K)] 481752K->418744K(582144K), 0.0034377 secs] [Times: user=0.01 sys=0.00, real=0.01 secs] 
1458.760: [GC (Allocation Failure) [PSYoungGen: 63808K->1392K(63488K)] 481208K->418792K(581632K), 0.0043104 secs] [Times: user=0.02 sys=0.00, real=0.01 secs] 
1459.213: [GC (Allocation Failure) [PSYoungGen: 63344K->1469K(62976K)] 480744K->418870K(581120K), 0.0020955 secs] [Times: user=0.01 sys=0.00, real=0.00 secs] 
1459.345: [GC (Allocation Failure) [PSYoungGen: 62909K->1472K(62464K)] 480310K->418873K(580608K), 0.0016100 secs] [Times: user=0.01 sys=0.00, real=0.00 secs] 
1459.452: [GC (Allocation Failure) [PSYoungGen: 62400K->1485K(61952K)] 479801K->418894K(580096K), 0.0016102 secs] [Times: user=0.00 sys=0.00, real=0.00 secs] 
1459.559: [GC (Allocation Failure) [PSYoungGen: 61901K->1469K(67072K)] 479310K->418878K(585216K), 0.0016130 secs] [Times: user=0.00 sys=0.00, real=0.00 secs] 
1459.793: [GC (Allocation Failure) [PSYoungGen: 67005K->1408K(66560K)] 484414K->418816K(584704K), 0.0017532 secs] [Times: user=0.00 sys=0.00, real=0.00 secs] 
1460.064: [GC (Allocation Failure) [PSYoungGen: 66432K->1408K(66048K)] 483840K->418832K(584192K), 0.0017574 secs] [Times: user=0.01 sys=0.01, real=0.00 secs] 
1460.331: [GC (Allocation Failure) [PSYoungGen: 65920K->1376K(65536K)] 483344K->418800K(583680K), 0.0017185 secs] [Times: user=0.00 sys=0.00, real=0.00 secs] 
1460.683: [GC (Allocation Failure) [PSYoungGen: 65376K->1344K(65024K)] 482800K->418768K(583168K), 0.0018216 secs] [Times: user=0.01 sys=0.00, real=0.00 secs] 
1461.131: [GC (Allocation Failure) [PSYoungGen: 64832K->1501K(64512K)] 482256K->418926K(582656K), 0.0024842 secs] [Times: user=0.01 sys=0.00, real=0.00 secs] 
1461.325: [GC (Allocation Failure) [PSYoungGen: 64477K->1469K(64000K)] 481902K->418894K(582144K), 0.0022073 secs] [Times: user=0.01 sys=0.00, real=0.00 secs] 
1461.455: [GC (Allocation Failure) [PSYoungGen: 63933K->1472K(63488K)] 481358K->418905K(581632K), 0.0017766 secs] [Times: user=0.01 sys=0.00, real=0.00 secs] 
1461.569: [GC (Allocation Failure) [PSYoungGen: 63424K->1485K(64000K)] 480857K->418918K(582144K), 0.0017064 secs] [Times: user=0.00 sys=0.00, real=0.00 secs] 
1461.682: [GC (Allocation Failure) [PSYoungGen: 63415K->256K(64000K)] 480848K->417688K(582144K), 0.0015004 secs] [Times: user=0.01 sys=0.00, real=0.00 secs] 
1462.315: [GC (Allocation Failure) [PSYoungGen: 62208K->1344K(62976K)] 479640K->418776K(581120K), 0.0029627 secs] [Times: user=0.01 sys=0.00, real=0.00 secs] 
1462.579: [GC (Allocation Failure) [PSYoungGen: 62784K->1376K(62464K)] 480216K->418808K(580608K), 0.0021179 secs] [Times: user=0.01 sys=0.00, real=0.01 secs] 
1462.945: [GC (Allocation Failure) [PSYoungGen: 62304K->1344K(61952K)] 479736K->418776K(580096K), 0.0019924 secs] [Times: user=0.01 sys=0.00, real=0.00 secs] 
1463.449: [GC (Allocation Failure) [PSYoungGen: 61760K->1344K(61440K)] 479192K->418776K(579584K), 0.0023613 secs] [Times: user=0.01 sys=0.00, real=0.01 secs] 
1463.891: [GC (Allocation Failure) [PSYoungGen: 61248K->1440K(61440K)] 478680K->418873K(579584K), 0.0020787 secs] [Times: user=0.01 sys=0.00, real=0.01 secs] 
1464.014: [GC (Allocation Failure) [PSYoungGen: 61344K->1488K(61440K)] 478777K->418921K(579584K), 0.0016842 secs] [Times: user=0.01 sys=0.01, real=0.00 secs] 
1464.119: [GC (Allocation Failure) [PSYoungGen: 61392K->1472K(66560K)] 478825K->418913K(584704K), 0.0015867 secs] [Times: user=0.01 sys=0.00, real=0.01 secs] 
1464.235: [GC (Allocation Failure) [PSYoungGen: 66496K->1517K(67072K)] 483937K->418958K(585216K), 0.0017370 secs] [Times: user=0.00 sys=0.00, real=0.00 secs] 
1464.852: [GC (Allocation Failure) [PSYoungGen: 66541K->1440K(72192K)] 483982K->418888K(590336K), 0.0038246 secs] [Times: user=0.02 sys=0.00, real=0.00 secs] 
1465.524: [GC (Allocation Failure) [PSYoungGen: 72096K->1408K(71680K)] 489544K->418864K(589824K), 0.0025097 secs] [Times: user=0.01 sys=0.00, real=0.00 secs] 
1466.086: [GC (Allocation Failure) [PSYoungGen: 71552K->1408K(71168K)] 489008K->418864K(589312K), 0.0024740 secs] [Times: user=0.01 sys=0.00, real=0.00 secs] 
1466.607: [GC (Allocation Failure) [PSYoungGen: 71040K->1376K(70656K)] 488496K->418832K(588800K), 0.0020523 secs] [Times: user=0.01 sys=0.00, real=0.00 secs] 
1466.893: [GC (Allocation Failure) [PSYoungGen: 70496K->1488K(70144K)] 487952K->418945K(588288K), 0.0017617 secs] [Times: user=0.01 sys=0.00, real=0.00 secs] 
1467.015: [GC (Allocation Failure) [PSYoungGen: 70096K->1536K(70144K)] 487553K->418993K(588288K), 0.0017461 secs] [Times: user=0.01 sys=0.00, real=0.00 secs] 
1467.135: [GC (Allocation Failure) [PSYoungGen: 69632K->1533K(69120K)] 487089K->418998K(587264K), 0.0016984 secs] [Times: user=0.00 sys=0.00, real=0.00 secs] 
1467.255: [GC (Allocation Failure) [PSYoungGen: 69117K->1501K(70144K)] 486582K->418974K(588288K), 0.0016897 secs] [Times: user=0.01 sys=0.00, real=0.00 secs] 
1467.755: [GC (Allocation Failure) [PSYoungGen: 69597K->1488K(75776K)] 487070K->418960K(593920K), 0.0056769 secs] [Times: user=0.01 sys=0.02, real=0.00 secs] 
1468.228: [GC (Allocation Failure) [PSYoungGen: 75216K->1344K(74752K)] 492688K->418816K(592896K), 0.0020885 secs] [Times: user=0.01 sys=0.00, real=0.00 secs] 
1468.533: [GC (Allocation Failure) [PSYoungGen: 74560K->1424K(74240K)] 492032K->418896K(592384K), 0.0019667 secs] [Times: user=0.00 sys=0.00, real=0.00 secs] 
1469.106: [GC (Allocation Failure) [PSYoungGen: 74128K->1440K(73728K)] 491600K->418912K(591872K), 0.0021803 secs] [Times: user=0.00 sys=0.00, real=0.00 secs] 
1469.501: [GC (Allocation Failure) [PSYoungGen: 73632K->1536K(73728K)] 491104K->419009K(591872K), 0.0018338 secs] [Times: user=0.01 sys=0.00, real=0.00 secs] 
1469.630: [GC (Allocation Failure) [PSYoungGen: 73207K->1536K(73216K)] 490680K->419009K(591360K), 0.0017874 secs] [Times: user=0.01 sys=0.00, real=0.01 secs] 
1469.756: [GC (Allocation Failure) [PSYoungGen: 72704K->541K(71680K)] 490177K->419038K(589824K), 0.0015991 secs] [Times: user=0.00 sys=0.00, real=0.00 secs] 
1469.880: [GC (Allocation Failure) [PSYoungGen: 71197K->477K(73216K)] 489694K->418998K(591360K), 0.0016481 secs] [Times: user=0.00 sys=0.00, real=0.01 secs] 
1470.193: [GC (Allocation Failure) [PSYoungGen: 71645K->1376K(72192K)] 490166K->419896K(590336K), 0.0018240 secs] [Times: user=0.00 sys=0.01, real=0.00 secs] 
1470.486: [GC (Allocation Failure) [PSYoungGen: 72032K->1344K(71680K)] 490552K->419864K(589824K), 0.0016207 secs] [Times: user=0.00 sys=0.00, real=0.00 secs] 
1470.777: [GC (Allocation Failure) [PSYoungGen: 71488K->1376K(71168K)] 490008K->419896K(589312K), 0.0016608 secs] [Times: user=0.00 sys=0.00, real=0.00 secs] 
1471.066: [GC (Allocation Failure) [PSYoungGen: 71008K->1344K(70656K)] 489528K->419864K(588800K), 0.0019035 secs] [Times: user=0.00 sys=0.00, real=0.00 secs] 
1471.236: [GC (Allocation Failure) [PSYoungGen: 70464K->1488K(70144K)] 488984K->420009K(588288K), 0.0016509 secs] [Times: user=0.00 sys=0.00, real=0.00 secs] 
1471.357: [GC (Allocation Failure) [PSYoungGen: 70096K->1517K(69632K)] 488616K->420038K(587776K), 0.0017539 secs] [Times: user=0.01 sys=0.00, real=0.00 secs] 
1471.478: [GC (Allocation Failure) [PSYoungGen: 69613K->1453K(75264K)] 488134K->419974K(593408K), 0.0014780 secs] [Times: user=0.00 sys=0.00, real=0.00 secs] 
1471.677: [GC (Allocation Failure) [PSYoungGen: 75181K->1408K(74752K)] 493702K->419936K(592896K), 0.0017480 secs] [Times: user=0.00 sys=0.00, real=0.00 secs] 
1471.982: [GC (Allocation Failure) [PSYoungGen: 74624K->1392K(74240K)] 493152K->419920K(592384K), 0.0016214 secs] [Times: user=0.01 sys=0.00, real=0.00 secs] 
1472.283: [GC (Allocation Failure) [PSYoungGen: 74096K->1376K(73728K)] 492624K->419904K(591872K), 0.0015598 secs] [Times: user=0.00 sys=0.00, real=0.00 secs] 
1472.648: [GC (Allocation Failure) [PSYoungGen: 73568K->1344K(73216K)] 492096K->419872K(591360K), 0.0018398 secs] [Times: user=0.00 sys=0.00, real=0.00 secs] 
1473.066: [GC (Allocation Failure) [PSYoungGen: 73024K->1408K(72704K)] 491552K->419937K(590848K), 0.0016360 secs] [Times: user=0.01 sys=0.00, real=0.00 secs] 
1473.193: [GC (Allocation Failure) [PSYoungGen: 72545K->1504K(72192K)] 491074K->420033K(590336K), 0.0016553 secs] [Times: user=0.01 sys=0.00, real=0.00 secs] 
1473.320: [GC (Allocation Failure) [PSYoungGen: 72160K->1453K(71680K)] 490689K->419982K(589824K), 0.0015404 secs] [Times: user=0.00 sys=0.00, real=0.01 secs] 
1473.464: [GC (Allocation Failure) [PSYoungGen: 71597K->1469K(71168K)] 490126K->419998K(589312K), 0.0019667 secs] [Times: user=0.00 sys=0.00, real=0.00 secs] 
1473.906: [GC (Allocation Failure) [PSYoungGen: 71101K->1408K(70656K)] 489630K->419936K(588800K), 0.0021675 secs] [Times: user=0.01 sys=0.00, real=0.00 secs] 
1474.478: [GC (Allocation Failure) [PSYoungGen: 70528K->1376K(70144K)] 489056K->419904K(588288K), 0.0021852 secs] [Times: user=0.01 sys=0.00, real=0.00 secs] 
1475.112: [GC (Allocation Failure) [PSYoungGen: 69984K->1344K(69632K)] 488512K->419872K(587776K), 0.0023834 secs] [Times: user=0.01 sys=0.00, real=0.00 secs] 
1476.098: [GC (Allocation Failure) [PSYoungGen: 69440K->1344K(69120K)] 487968K->419872K(587264K), 0.0025417 secs] [Times: user=0.01 sys=0.00, real=0.01 secs] 
1476.642: [GC (Allocation Failure) [PSYoungGen: 68928K->1501K(68608K)] 487456K->420030K(586752K), 0.0020857 secs] [Times: user=0.01 sys=0.00, real=0.00 secs] 
1476.775: [GC (Allocation Failure) [PSYoungGen: 68573K->1453K(68096K)] 487102K->419982K(586240K), 0.0016825 secs] [Times: user=0.01 sys=0.00, real=0.00 secs] 
1476.892: [GC (Allocation Failure) [PSYoungGen: 68013K->1472K(67584K)] 486542K->420001K(585728K), 0.0017491 secs] [Times: user=0.00 sys=0.00, real=0.00 secs] 
1477.008: [GC (Allocation Failure) [PSYoungGen: 67520K->1437K(68096K)] 486049K->419974K(586240K), 0.0016272 secs] [Times: user=0.00 sys=0.00, real=0.00 secs] 
1477.310: [GC (Allocation Failure) [PSYoungGen: 67485K->1440K(67072K)] 486022K->419976K(585216K), 0.0019000 secs] [Times: user=0.01 sys=0.00, real=0.01 secs] 
1477.594: [GC (Allocation Failure) [PSYoungGen: 66976K->1344K(66560K)] 485512K->419880K(584704K), 0.0019506 secs] [Times: user=0.00 sys=0.00, real=0.00 secs] 
1477.928: [GC (Allocation Failure) [PSYoungGen: 66368K->1376K(66048K)] 484904K->419912K(584192K), 0.0019677 secs] [Times: user=0.00 sys=0.00, real=0.00 secs] 
1478.234: [GC (Allocation Failure) [PSYoungGen: 65888K->1376K(66560K)] 484424K->419912K(584704K), 0.0057771 secs] [Times: user=0.03 sys=0.00, real=0.00 secs] 
1478.655: [GC (Allocation Failure) [PSYoungGen: 65888K->1437K(65536K)] 484424K->419974K(583680K), 0.0015603 secs] [Times: user=0.00 sys=0.00, real=0.00 secs] 
1478.768: [GC (Allocation Failure) [PSYoungGen: 65437K->1469K(66048K)] 483974K->420006K(584192K), 0.0016118 secs] [Times: user=0.01 sys=0.00, real=0.00 secs] 
1478.881: [GC (Allocation Failure) [PSYoungGen: 65469K->1469K(66048K)] 484006K->420006K(584192K), 0.0017521 secs] [Times: user=0.01 sys=0.00, real=0.00 secs] 
1478.994: [GC (Allocation Failure) [PSYoungGen: 65469K->1488K(72192K)] 484006K->420033K(590336K), 0.0016831 secs] [Times: user=0.00 sys=0.01, real=0.00 secs] 
1479.393: [GC (Allocation Failure) [PSYoungGen: 71632K->1408K(72192K)] 490177K->419968K(590336K), 0.0019910 secs] [Times: user=0.00 sys=0.01, real=0.00 secs] 
1480.035: [GC (Allocation Failure) [PSYoungGen: 71552K->1376K(71168K)] 490112K->419936K(589312K), 0.0020515 secs] [Times: user=0.01 sys=0.00, real=0.00 secs] 
1480.676: [GC (Allocation Failure) [PSYoungGen: 71008K->1408K(70656K)] 489568K->419968K(588800K), 0.0021744 secs] [Times: user=0.01 sys=0.00, real=0.00 secs] 
1481.211: [GC (Allocation Failure) [PSYoungGen: 70528K->1344K(70144K)] 489088K->419904K(588288K), 0.0021586 secs] [Times: user=0.00 sys=0.00, real=0.00 secs] 
1481.479: [GC (Allocation Failure) [PSYoungGen: 69942K->1469K(69632K)] 488503K->420030K(587776K), 0.0019474 secs] [Times: user=0.01 sys=0.00, real=0.01 secs] 
1481.602: [GC (Allocation Failure) [PSYoungGen: 69565K->1437K(69120K)] 488126K->419998K(587264K), 0.0015758 secs] [Times: user=0.01 sys=0.00, real=0.00 secs] 
1481.721: [GC (Allocation Failure) [PSYoungGen: 69021K->1453K(68608K)] 487582K->420014K(586752K), 0.0016215 secs] [Times: user=0.01 sys=0.01, real=0.00 secs] 
1481.838: [GC (Allocation Failure) [PSYoungGen: 68502K->1501K(74752K)] 487063K->420078K(592896K), 0.0016176 secs] [Times: user=0.01 sys=0.00, real=0.00 secs] 
1482.471: [GC (Allocation Failure) [PSYoungGen: 74717K->1472K(74240K)] 493294K->420048K(592384K), 0.0020266 secs] [Times: user=0.01 sys=0.00, real=0.00 secs] 
1483.783: [GC (Allocation Failure) [PSYoungGen: 74176K->1344K(73728K)] 492752K->419920K(591872K), 0.0029320 secs] [Times: user=0.01 sys=0.01, real=0.00 secs] 
1484.724: [GC (Allocation Failure) [PSYoungGen: 73536K->1376K(73216K)] 492112K->419952K(591360K), 0.0033795 secs] [Times: user=0.01 sys=0.00, real=0.00 secs] 
1485.688: [GC (Allocation Failure) [PSYoungGen: 73056K->1376K(72704K)] 491632K->419952K(590848K), 0.0037672 secs] [Times: user=0.02 sys=0.00, real=0.01 secs] 
1486.126: [GC (Allocation Failure) [PSYoungGen: 72544K->1501K(72192K)] 491120K->420078K(590336K), 0.0022378 secs] [Times: user=0.01 sys=0.00, real=0.00 secs] 
1486.278: [GC (Allocation Failure) [PSYoungGen: 72157K->1437K(71680K)] 490734K->420014K(589824K), 0.0016275 secs] [Times: user=0.00 sys=0.00, real=0.00 secs] 
1486.401: [GC (Allocation Failure) [PSYoungGen: 71581K->1517K(71168K)] 490158K->420094K(589312K), 0.0019024 secs] [Times: user=0.01 sys=0.00, real=0.01 secs] 
1486.523: [GC (Allocation Failure) [PSYoungGen: 71149K->1517K(71680K)] 489726K->420102K(589824K), 0.0017724 secs] [Times: user=0.01 sys=0.00, real=0.00 secs] 
1487.437: [GC (Allocation Failure) [PSYoungGen: 71149K->1408K(70656K)] 489734K->419992K(588800K), 0.0040990 secs] [Times: user=0.01 sys=0.00, real=0.01 secs] 
1488.073: [GC (Allocation Failure) [PSYoungGen: 70528K->1408K(70144K)] 489112K->419992K(588288K), 0.0027375 secs] [Times: user=0.01 sys=0.00, real=0.00 secs] 
1488.583: [GC (Allocation Failure) [PSYoungGen: 70016K->1408K(69632K)] 488600K->419992K(587776K), 0.0021869 secs] [Times: user=0.01 sys=0.00, real=0.00 secs] 
1489.027: [GC (Allocation Failure) [PSYoungGen: 69504K->1376K(69120K)] 488088K->419960K(587264K), 0.0021611 secs] [Times: user=0.01 sys=0.00, real=0.00 secs] 
1489.226: [GC (Allocation Failure) [PSYoungGen: 68960K->1501K(68608K)] 487544K->420086K(586752K), 0.0017292 secs] [Times: user=0.00 sys=0.01, real=0.00 secs] 
1489.345: [GC (Allocation Failure) [PSYoungGen: 68573K->1517K(68096K)] 487158K->420102K(586240K), 0.0017258 secs] [Times: user=0.01 sys=0.00, real=0.00 secs] 
1489.462: [GC (Allocation Failure) [PSYoungGen: 68077K->1517K(68608K)] 486662K->420102K(586752K), 0.0016640 secs] [Times: user=0.00 sys=0.00, real=0.00 secs] 
1489.578: [GC (Allocation Failure) [PSYoungGen: 68077K->1456K(74240K)] 486662K->420048K(592384K), 0.0014909 secs] [Times: user=0.01 sys=0.00, real=0.00 secs] 
1490.256: [GC (Allocation Failure) [PSYoungGen: 73648K->1408K(73216K)] 492240K->420000K(591360K), 0.0017936 secs] [Times: user=0.01 sys=0.00, real=0.00 secs] 
1490.653: [GC (Allocation Failure) [PSYoungGen: 73088K->1408K(72704K)] 491680K->420024K(590848K), 0.0025594 secs] [Times: user=0.01 sys=0.00, real=0.00 secs] 
1490.984: [GC (Allocation Failure) [PSYoungGen: 72576K->1344K(72192K)] 491192K->419960K(590336K), 0.0021595 secs] [Times: user=0.01 sys=0.00, real=0.00 secs] 
1491.358: [GC (Allocation Failure) [PSYoungGen: 71976K->1456K(71680K)] 490593K->420073K(589824K), 0.0025074 secs] [Times: user=0.01 sys=0.00, real=0.00 secs] 
1491.573: [GC (Allocation Failure) [PSYoungGen: 71600K->1533K(71168K)] 490217K->420150K(589312K), 0.0020439 secs] [Times: user=0.00 sys=0.00, real=0.00 secs] 
1491.706: [GC (Allocation Failure) [PSYoungGen: 71165K->1453K(70656K)] 489782K->420070K(588800K), 0.0017122 secs] [Times: user=0.01 sys=0.00, real=0.00 secs] 
1491.828: [GC (Allocation Failure) [PSYoungGen: 70573K->1453K(71168K)] 489190K->420070K(589312K), 0.0017138 secs] [Times: user=0.01 sys=0.00, real=0.00 secs] 
1492.043: [GC (Allocation Failure) [PSYoungGen: 70573K->1392K(77312K)] 489190K->420016K(595456K), 0.0021568 secs] [Times: user=0.01 sys=0.00, real=0.00 secs] 
1492.357: [GC (Allocation Failure) [PSYoungGen: 76656K->1376K(76288K)] 495280K->420000K(594432K), 0.0017702 secs] [Times: user=0.00 sys=0.00, real=0.00 secs] 
1492.669: [GC (Allocation Failure) [PSYoungGen: 76128K->1344K(75776K)] 494752K->419968K(593920K), 0.0019602 secs] [Times: user=0.01 sys=0.00, real=0.00 secs] 
1492.977: [GC (Allocation Failure) [PSYoungGen: 75584K->1376K(75264K)] 494208K->420000K(593408K), 0.0019580 secs] [Times: user=0.01 sys=0.00, real=0.00 secs] 
1493.265: [GC (Allocation Failure) [PSYoungGen: 75104K->1456K(74752K)] 493728K->420081K(592896K), 0.0017649 secs] [Times: user=0.01 sys=0.00, real=0.00 secs] 
1493.395: [GC (Allocation Failure) [PSYoungGen: 74672K->1517K(74240K)] 493297K->420142K(592384K), 0.0016756 secs] [Times: user=0.01 sys=0.00, real=0.00 secs] 
1493.526: [GC (Allocation Failure) [PSYoungGen: 74221K->1533K(73728K)] 492846K->420158K(591872K), 0.0016674 secs] [Times: user=0.00 sys=0.00, real=0.00 secs] 
1493.666: [GC (Allocation Failure) [PSYoungGen: 73725K->1568K(74240K)] 492350K->420192K(592384K), 0.0016833 secs] [Times: user=0.00 sys=0.00, real=0.00 secs] 
1493.962: [GC (Allocation Failure) [PSYoungGen: 73760K->1376K(73216K)] 492384K->420000K(591360K), 0.0016535 secs] [Times: user=0.00 sys=0.00, real=0.00 secs] 
1494.258: [GC (Allocation Failure) [PSYoungGen: 73056K->1360K(72704K)] 491680K->419984K(590848K), 0.0018544 secs] [Times: user=0.01 sys=0.00, real=0.00 secs] 
1494.555: [GC (Allocation Failure) [PSYoungGen: 72528K->1344K(72192K)] 491152K->419968K(590336K), 0.0029850 secs] [Times: user=0.01 sys=0.00, real=0.00 secs] 
1494.857: [GC (Allocation Failure) [PSYoungGen: 72000K->1421K(71680K)] 490624K->420046K(589824K), 0.0020777 secs] [Times: user=0.01 sys=0.00, real=0.00 secs] 
1495.003: [GC (Allocation Failure) [PSYoungGen: 71565K->1453K(71168K)] 490190K->420078K(589312K), 0.0015826 secs] [Times: user=0.01 sys=0.00, real=0.00 secs] 
1495.126: [GC (Allocation Failure) [PSYoungGen: 71085K->1504K(77312K)] 489710K->420129K(595456K), 0.0016367 secs] [Times: user=0.01 sys=0.00, real=0.00 secs] 
1495.260: [GC (Allocation Failure) [PSYoungGen: 77280K->1504K(77824K)] 495905K->420129K(595968K), 0.0016421 secs] [Times: user=0.01 sys=0.00, real=0.01 secs] 
1497.829: [GC (Allocation Failure) [PSYoungGen: 77280K->1376K(76800K)] 495905K->420000K(594944K), 0.0036883 secs] [Times: user=0.01 sys=0.00, real=0.01 secs] 
1498.566: [GC (Allocation Failure) [PSYoungGen: 76640K->1376K(76288K)] 495264K->420000K(594432K), 0.0021534 secs] [Times: user=0.01 sys=0.00, real=0.00 secs] 
1499.274: [GC (Allocation Failure) [PSYoungGen: 76128K->1344K(75776K)] 494752K->419968K(593920K), 0.0020257 secs] [Times: user=0.01 sys=0.00, real=0.00 secs] 
1499.992: [GC (Allocation Failure) [PSYoungGen: 75584K->1360K(75264K)] 494208K->419984K(593408K), 0.0021475 secs] [Times: user=0.01 sys=0.00, real=0.00 secs] 
1500.275: [GC (Allocation Failure) [PSYoungGen: 75071K->1501K(74752K)] 493696K->420126K(592896K), 0.0017619 secs] [Times: user=0.01 sys=0.00, real=0.00 secs] 
1500.404: [GC (Allocation Failure) [PSYoungGen: 74717K->1485K(74240K)] 493342K->420110K(592384K), 0.0016055 secs] [Times: user=0.00 sys=0.00, real=0.00 secs] 
1500.534: [GC (Allocation Failure) [PSYoungGen: 74189K->1533K(73728K)] 492814K->420158K(591872K), 0.0017137 secs] [Times: user=0.01 sys=0.00, real=0.00 secs] 
1500.738: [GC (Allocation Failure) [PSYoungGen: 73725K->1424K(73216K)] 492350K->420048K(591360K), 0.0020958 secs] [Times: user=0.01 sys=0.00, real=0.00 secs] 
1501.292: [GC (Allocation Failure) [PSYoungGen: 73104K->1360K(72704K)] 491728K->419984K(590848K), 0.0019169 secs] [Times: user=0.01 sys=0.00, real=0.00 secs] 
1501.890: [GC (Allocation Failure) [PSYoungGen: 72528K->1344K(72192K)] 491152K->419992K(590336K), 0.0042273 secs] [Times: user=0.02 sys=0.00, real=0.01 secs] 
1502.512: [GC (Allocation Failure) [PSYoungGen: 72000K->1344K(71680K)] 490648K->419992K(589824K), 0.0043936 secs] [Times: user=0.02 sys=0.00, real=0.00 secs] 
1503.143: [GC (Allocation Failure) [PSYoungGen: 71488K->1440K(71168K)] 490136K->420089K(589312K), 0.0023709 secs] [Times: user=0.01 sys=0.00, real=0.00 secs] 
1503.310: [GC (Allocation Failure) [PSYoungGen: 71069K->1472K(70656K)] 489718K->420121K(588800K), 0.0018851 secs] [Times: user=0.01 sys=0.00, real=0.01 secs] 
1503.433: [GC (Allocation Failure) [PSYoungGen: 70592K->1472K(70144K)] 489241K->420121K(588288K), 0.0017183 secs] [Times: user=0.00 sys=0.00, real=0.00 secs] 
1503.553: [GC (Allocation Failure) [PSYoungGen: 70080K->1501K(70656K)] 488729K->420150K(588800K), 0.0017369 secs] [Times: user=0.00 sys=0.00, real=0.00 secs] 
1503.912: [GC (Allocation Failure) [PSYoungGen: 70109K->1440K(69632K)] 488758K->420088K(587776K), 0.0018564 secs] [Times: user=0.01 sys=0.00, real=0.00 secs] 
1504.552: [GC (Allocation Failure) [PSYoungGen: 69536K->1312K(69120K)] 488184K->419960K(587264K), 0.0019398 secs] [Times: user=0.01 sys=0.00, real=0.00 secs] 
1505.241: [GC (Allocation Failure) [PSYoungGen: 68896K->1344K(68608K)] 487544K->419992K(586752K), 0.0023870 secs] [Times: user=0.01 sys=0.00, real=0.00 secs] 
1506.090: [GC (Allocation Failure) [PSYoungGen: 68416K->1344K(68096K)] 487064K->419992K(586240K), 0.0039129 secs] [Times: user=0.02 sys=0.00, real=0.01 secs] 
1506.754: [GC (Allocation Failure) [PSYoungGen: 67904K->1440K(67584K)] 486552K->420089K(585728K), 0.0020569 secs] [Times: user=0.00 sys=0.00, real=0.00 secs] 
1506.910: [GC (Allocation Failure) [PSYoungGen: 67488K->1504K(67072K)] 486137K->420153K(585216K), 0.0017163 secs] [Times: user=0.00 sys=0.00, real=0.01 secs] 
1507.026: [GC (Allocation Failure) [PSYoungGen: 67040K->1453K(66560K)] 485689K->420102K(584704K), 0.0016477 secs] [Times: user=0.01 sys=0.00, real=0.00 secs] 
1507.140: [GC (Allocation Failure) [PSYoungGen: 66477K->1485K(72192K)] 485126K->420142K(590336K), 0.0017718 secs] [Times: user=0.01 sys=0.00, real=0.01 secs] 
1507.379: [GC (Allocation Failure) [PSYoungGen: 72141K->1440K(71680K)] 490798K->420096K(589824K), 0.0021060 secs] [Times: user=0.01 sys=0.00, real=0.01 secs] 
1507.671: [GC (Allocation Failure) [PSYoungGen: 71584K->1392K(71168K)] 490240K->420048K(589312K), 0.0018925 secs] [Times: user=0.01 sys=0.00, real=0.00 secs] 
1507.961: [GC (Allocation Failure) [PSYoungGen: 71024K->1408K(70656K)] 489680K->420064K(588800K), 0.0020250 secs] [Times: user=0.01 sys=0.00, real=0.01 secs] 
1508.248: [GC (Allocation Failure) [PSYoungGen: 70528K->1376K(70144K)] 489184K->420032K(588288K), 0.0017430 secs] [Times: user=0.01 sys=0.00, real=0.00 secs] 
1508.505: [GC (Allocation Failure) [PSYoungGen: 69966K->1437K(69632K)] 488623K->420094K(587776K), 0.0016879 secs] [Times: user=0.01 sys=0.00, real=0.00 secs] 
1508.624: [GC (Allocation Failure) [PSYoungGen: 69533K->1504K(69120K)] 488190K->420161K(587264K), 0.0016027 secs] [Times: user=0.01 sys=0.00, real=0.00 secs] 
1508.744: [GC (Allocation Failure) [PSYoungGen: 69088K->1472K(69632K)] 487745K->420129K(587776K), 0.0017462 secs] [Times: user=0.01 sys=0.00, real=0.00 secs] 
1508.864: [GC (Allocation Failure) [PSYoungGen: 69056K->1485K(69632K)] 487713K->420150K(587776K), 0.0016077 secs] [Times: user=0.01 sys=0.00, real=0.00 secs] 
1511.572: [GC (Allocation Failure) [PSYoungGen: 69069K->1408K(68608K)] 487734K->420088K(586752K), 0.0034442 secs] [Times: user=0.02 sys=0.00, real=0.00 secs] 
1512.606: [GC (Allocation Failure) [PSYoungGen: 68480K->1344K(68096K)] 487160K->420024K(586240K), 0.0024081 secs] [Times: user=0.01 sys=0.00, real=0.00 secs] 
1513.298: [GC (Allocation Failure) [PSYoungGen: 67904K->1344K(67584K)] 486584K->420024K(585728K), 0.0024332 secs] [Times: user=0.01 sys=0.00, real=0.00 secs] 
1513.800: [GC (Allocation Failure) [PSYoungGen: 67392K->1376K(67072K)] 486072K->420056K(585216K), 0.0025415 secs] [Times: user=0.01 sys=0.00, real=0.01 secs] 
1514.201: [GC (Allocation Failure) [PSYoungGen: 66912K->1440K(66560K)] 485592K->420121K(584704K), 0.0021122 secs] [Times: user=0.00 sys=0.00, real=0.00 secs] 
1514.371: [GC (Allocation Failure) [PSYoungGen: 66464K->1504K(66048K)] 485145K->420185K(584192K), 0.0022550 secs] [Times: user=0.01 sys=0.00, real=0.00 secs] 
1514.524: [GC (Allocation Failure) [PSYoungGen: 66016K->1517K(65536K)] 484697K->420198K(583680K), 0.0017743 secs] [Times: user=0.00 sys=0.01, real=0.00 secs] 
1514.638: [GC (Allocation Failure) [PSYoungGen: 65517K->1501K(71168K)] 484198K->420198K(589312K), 0.0016838 secs] [Times: user=0.01 sys=0.00, real=0.00 secs] 
1515.549: [GC (Allocation Failure) [PSYoungGen: 71133K->1440K(70656K)] 489830K->420136K(588800K), 0.0042203 secs] [Times: user=0.01 sys=0.00, real=0.01 secs] 
1516.910: [GC (Allocation Failure) [PSYoungGen: 70560K->1344K(70144K)] 489256K->420040K(588288K), 0.0031585 secs] [Times: user=0.01 sys=0.00, real=0.01 secs] 
1517.706: [GC (Allocation Failure) [PSYoungGen: 69952K->1360K(69632K)] 488648K->420056K(587776K), 0.0021043 secs] [Times: user=0.01 sys=0.00, real=0.00 secs] 
1518.731: [GC (Allocation Failure) [PSYoungGen: 69456K->1376K(69120K)] 488152K->420072K(587264K), 0.0026588 secs] [Times: user=0.01 sys=0.00, real=0.00 secs] 
1519.741: [GC (Allocation Failure) [PSYoungGen: 68960K->1501K(68608K)] 487656K->420198K(586752K), 0.0021394 secs] [Times: user=0.01 sys=0.00, real=0.00 secs] 
1519.873: [GC (Allocation Failure) [PSYoungGen: 68567K->1485K(68096K)] 487264K->420182K(586240K), 0.0018471 secs] [Times: user=0.00 sys=0.00, real=0.00 secs] 
1519.990: [GC (Allocation Failure) [PSYoungGen: 68045K->1485K(67584K)] 486742K->420182K(585728K), 0.0018925 secs] [Times: user=0.01 sys=0.00, real=0.01 secs] 
1520.107: [GC (Allocation Failure) [PSYoungGen: 67533K->1469K(68096K)] 486230K->420174K(586240K), 0.0018018 secs] [Times: user=0.01 sys=0.00, real=0.00 secs] 
1520.599: [GC (Allocation Failure) [PSYoungGen: 67517K->1440K(67072K)] 486222K->420144K(585216K), 0.0018875 secs] [Times: user=0.01 sys=0.00, real=0.01 secs] 
1521.124: [GC (Allocation Failure) [PSYoungGen: 66976K->1408K(66560K)] 485680K->420112K(584704K), 0.0019232 secs] [Times: user=0.01 sys=0.00, real=0.00 secs] 
1521.438: [GC (Allocation Failure) [PSYoungGen: 66432K->1344K(66048K)] 485136K->420048K(584192K), 0.0018240 secs] [Times: user=0.01 sys=0.00, real=0.00 secs] 
1521.846: [GC (Allocation Failure) [PSYoungGen: 65856K->1408K(65536K)] 484560K->420112K(583680K), 0.0021027 secs] [Times: user=0.01 sys=0.00, real=0.00 secs] 
1522.336: [GC (Allocation Failure) [PSYoungGen: 65408K->1376K(65024K)] 484112K->420089K(583168K), 0.0017926 secs] [Times: user=0.01 sys=0.01, real=0.00 secs] 
1522.458: [GC (Allocation Failure) [PSYoungGen: 64864K->1469K(64512K)] 483577K->420182K(582656K), 0.0017157 secs] [Times: user=0.00 sys=0.00, real=0.00 secs] 
1522.569: [GC (Allocation Failure) [PSYoungGen: 64445K->1501K(64000K)] 483158K->420214K(582144K), 0.0015681 secs] [Times: user=0.01 sys=0.00, real=0.00 secs] 
1522.680: [GC (Allocation Failure) [PSYoungGen: 63965K->1504K(70144K)] 482678K->420233K(588288K), 0.0016803 secs] [Times: user=0.00 sys=0.00, real=0.01 secs] 
1523.070: [GC (Allocation Failure) [PSYoungGen: 69600K->1984K(70144K)] 488329K->421224K(588288K), 0.0028529 secs] [Times: user=0.01 sys=0.00, real=0.01 secs] 
1524.259: [GC (Allocation Failure) [PSYoungGen: 70080K->1376K(69120K)] 489320K->420616K(587264K), 0.0033672 secs] [Times: user=0.01 sys=0.00, real=0.01 secs] 
1524.707: [GC (Allocation Failure) [PSYoungGen: 68960K->1408K(68608K)] 488200K->420648K(586752K), 0.0022365 secs] [Times: user=0.01 sys=0.00, real=0.00 secs] 
1525.463: [GC (Allocation Failure) [PSYoungGen: 68480K->1376K(68096K)] 487720K->420616K(586240K), 0.0022150 secs] [Times: user=0.01 sys=0.00, real=0.00 secs] 
1526.359: [GC (Allocation Failure) [PSYoungGen: 67936K->1344K(67584K)] 487176K->420584K(585728K), 0.0026571 secs] [Times: user=0.01 sys=0.00, real=0.01 secs] 
1526.703: [GC (Allocation Failure) [PSYoungGen: 67392K->1501K(67072K)] 486632K->420742K(585216K), 0.0021125 secs] [Times: user=0.01 sys=0.00, real=0.00 secs] 
1526.827: [GC (Allocation Failure) [PSYoungGen: 67037K->1517K(66560K)] 486278K->420758K(584704K), 0.0017005 secs] [Times: user=0.00 sys=0.00, real=0.00 secs] 
1526.941: [GC (Allocation Failure) [PSYoungGen: 66541K->1469K(66048K)] 485782K->420726K(584192K), 0.0018279 secs] [Times: user=0.00 sys=0.00, real=0.00 secs] 
1527.055: [GC (Allocation Failure) [PSYoungGen: 65981K->336K(66560K)] 485238K->419592K(584704K), 0.0017493 secs] [Times: user=0.00 sys=0.00, real=0.00 secs] 
1528.310: [GC (Allocation Failure) [PSYoungGen: 64848K->1360K(65536K)] 484104K->420616K(583680K), 0.0024110 secs] [Times: user=0.01 sys=0.00, real=0.01 secs] 
1528.601: [GC (Allocation Failure) [PSYoungGen: 65360K->1408K(65024K)] 484616K->420664K(583168K), 0.0021774 secs] [Times: user=0.00 sys=0.00, real=0.01 secs] 
1528.864: [GC (Allocation Failure) [PSYoungGen: 64896K->1344K(64512K)] 484152K->420600K(582656K), 0.0020146 secs] [Times: user=0.01 sys=0.00, real=0.00 secs] 
1529.126: [GC (Allocation Failure) [PSYoungGen: 64320K->1376K(64000K)] 483576K->420632K(582144K), 0.0019307 secs] [Times: user=0.01 sys=0.00, real=0.00 secs] 
1529.328: [GC (Allocation Failure) [PSYoungGen: 63840K->1472K(63488K)] 483096K->420729K(581632K), 0.0016794 secs] [Times: user=0.01 sys=0.00, real=0.00 secs] 
1529.452: [GC (Allocation Failure) [PSYoungGen: 63424K->1501K(64000K)] 482681K->420758K(582144K), 0.0021239 secs] [Times: user=0.01 sys=0.01, real=0.00 secs] 
1529.603: [GC (Allocation Failure) [PSYoungGen: 63453K->1453K(64000K)] 482710K->420718K(582144K), 0.0019728 secs] [Times: user=0.01 sys=0.00, real=0.00 secs] 
1529.762: [GC (Allocation Failure) [PSYoungGen: 63405K->1440K(69632K)] 482670K->420737K(587776K), 0.0016229 secs] [Times: user=0.00 sys=0.00, real=0.00 secs] 
1530.955: [GC (Allocation Failure) [PSYoungGen: 69024K->1456K(68608K)] 488321K->420752K(586752K), 0.0038419 secs] [Times: user=0.02 sys=0.00, real=0.00 secs] 
1532.056: [GC (Allocation Failure) [PSYoungGen: 68528K->1376K(68096K)] 487824K->420672K(586240K), 0.0030307 secs] [Times: user=0.01 sys=0.00, real=0.00 secs] 
1532.744: [GC (Allocation Failure) [PSYoungGen: 67936K->1344K(67584K)] 487232K->420640K(585728K), 0.0025565 secs] [Times: user=0.01 sys=0.00, real=0.00 secs] 
1533.317: [GC (Allocation Failure) [PSYoungGen: 67392K->1376K(67072K)] 486688K->420672K(585216K), 0.0033030 secs] [Times: user=0.01 sys=0.00, real=0.00 secs] 
1533.832: [GC (Allocation Failure) [PSYoungGen: 66912K->1424K(66560K)] 486208K->420721K(584704K), 0.0021357 secs] [Times: user=0.01 sys=0.00, real=0.00 secs] 
1533.963: [GC (Allocation Failure) [PSYoungGen: 66448K->1469K(66048K)] 485745K->420766K(584192K), 0.0017698 secs] [Times: user=0.01 sys=0.00, real=0.00 secs] 
1534.076: [GC (Allocation Failure) [PSYoungGen: 65981K->1485K(65536K)] 485278K->420782K(583680K), 0.0017485 secs] [Times: user=0.01 sys=0.00, real=0.00 secs] 
1534.190: [GC (Allocation Failure) [PSYoungGen: 65485K->1504K(66048K)] 484782K->420809K(584192K), 0.0016620 secs] [Times: user=0.00 sys=0.00, real=0.01 secs] 
1534.404: [GC (Allocation Failure) [PSYoungGen: 65504K->1440K(65024K)] 484809K->420744K(583168K), 0.0017264 secs] [Times: user=0.01 sys=0.00, real=0.00 secs] 
1534.901: [GC (Allocation Failure) [PSYoungGen: 64928K->1408K(64512K)] 484232K->420712K(582656K), 0.0018980 secs] [Times: user=0.00 sys=0.00, real=0.00 secs] 
1535.180: [GC (Allocation Failure) [PSYoungGen: 64384K->1408K(64000K)] 483688K->420712K(582144K), 0.0017774 secs] [Times: user=0.01 sys=0.00, real=0.01 secs] 
1535.439: [GC (Allocation Failure) [PSYoungGen: 63872K->1376K(63488K)] 483176K->420680K(581632K), 0.0018040 secs] [Times: user=0.01 sys=0.00, real=0.00 secs] 
1535.696: [GC (Allocation Failure) [PSYoungGen: 63328K->1344K(62976K)] 482632K->420648K(581120K), 0.0018398 secs] [Times: user=0.00 sys=0.00, real=0.00 secs] 
1535.880: [GC (Allocation Failure) [PSYoungGen: 62784K->1469K(62464K)] 482088K->420774K(580608K), 0.0017420 secs] [Times: user=0.01 sys=0.00, real=0.01 secs] 
1535.988: [GC (Allocation Failure) [PSYoungGen: 62397K->1453K(61952K)] 481702K->420758K(580096K), 0.0017319 secs] [Times: user=0.01 sys=0.00, real=0.00 secs] 
1536.095: [GC (Allocation Failure) [PSYoungGen: 61862K->1472K(62464K)] 481167K->420793K(580608K), 0.0017292 secs] [Times: user=0.01 sys=0.00, real=0.00 secs] 
1536.201: [GC (Allocation Failure) [PSYoungGen: 61888K->1485K(62464K)] 481209K->420806K(580608K), 0.0016756 secs] [Times: user=0.00 sys=0.00, real=0.00 secs] 
1537.341: [GC (Allocation Failure) [PSYoungGen: 61901K->1472K(68608K)] 481222K->420792K(586752K), 0.0126812 secs] [Times: user=0.02 sys=0.04, real=0.01 secs] 
1538.117: [GC (Allocation Failure) [PSYoungGen: 68032K->1408K(68608K)] 487352K->420728K(586752K), 0.0042057 secs] [Times: user=0.02 sys=0.00, real=0.01 secs] 
1539.011: [GC (Allocation Failure) [PSYoungGen: 67968K->1408K(74240K)] 487288K->420728K(592384K), 0.0104865 secs] [Times: user=0.05 sys=0.01, real=0.02 secs] 
1539.685: [GC (Allocation Failure) [PSYoungGen: 73600K->1408K(73216K)] 492920K->420728K(591360K), 0.0037548 secs] [Times: user=0.02 sys=0.00, real=0.00 secs] 
1540.344: [GC (Allocation Failure) [PSYoungGen: 73088K->1472K(72704K)] 492408K->420793K(590848K), 0.0021886 secs] [Times: user=0.01 sys=0.01, real=0.00 secs] 
1540.552: [GC (Allocation Failure) [PSYoungGen: 72640K->1453K(72192K)] 491961K->420774K(590336K), 0.0021923 secs] [Times: user=0.01 sys=0.00, real=0.00 secs] 
1540.701: [GC (Allocation Failure) [PSYoungGen: 72109K->1472K(71680K)] 491430K->420817K(589824K), 0.0017428 secs] [Times: user=0.01 sys=0.00, real=0.00 secs] 
1540.824: [GC (Allocation Failure) [PSYoungGen: 71616K->1485K(72192K)] 490961K->420830K(590336K), 0.0016019 secs] [Times: user=0.01 sys=0.00, real=0.00 secs] 
1541.254: [GC (Allocation Failure) [PSYoungGen: 71629K->1472K(78336K)] 490974K->420816K(596480K), 0.0095205 secs] [Times: user=0.04 sys=0.01, real=0.01 secs] 
1541.886: [GC (Allocation Failure) [PSYoungGen: 77760K->1424K(78336K)] 497104K->420768K(596480K), 0.0073905 secs] [Times: user=0.02 sys=0.02, real=0.01 secs] 
1542.752: [GC (Allocation Failure) [PSYoungGen: 77712K->1408K(84480K)] 497056K->420752K(602624K), 0.0029710 secs] [Times: user=0.01 sys=0.00, real=0.00 secs] 
1543.462: [GC (Allocation Failure) [PSYoungGen: 84352K->1469K(83968K)] 503696K->420814K(602112K), 0.0022778 secs] [Times: user=0.01 sys=0.00, real=0.00 secs] 
1543.646: [GC (Allocation Failure) [PSYoungGen: 83901K->1469K(83456K)] 503246K->420814K(601600K), 0.0015555 secs] [Times: user=0.01 sys=0.00, real=0.00 secs] 
1543.792: [GC (Allocation Failure) [PSYoungGen: 83389K->1501K(82944K)] 502734K->420846K(601088K), 0.0017366 secs] [Times: user=0.00 sys=0.00, real=0.00 secs] 
1543.935: [GC (Allocation Failure) [PSYoungGen: 82909K->1453K(82432K)] 502254K->420798K(600576K), 0.0016294 secs] [Times: user=0.01 sys=0.00, real=0.00 secs] 
1544.475: [GC (Allocation Failure) [PSYoungGen: 82349K->1408K(81920K)] 501694K->420760K(600064K), 0.0019396 secs] [Times: user=0.01 sys=0.00, real=0.00 secs] 
1545.124: [GC (Allocation Failure) [PSYoungGen: 81792K->1392K(81408K)] 501144K->420744K(599552K), 0.0029052 secs] [Times: user=0.01 sys=0.00, real=0.00 secs] 
1545.846: [GC (Allocation Failure) [PSYoungGen: 81264K->1344K(80896K)] 500616K->420696K(599040K), 0.0034842 secs] [Times: user=0.01 sys=0.00, real=0.00 secs] 
1546.446: [GC (Allocation Failure) [PSYoungGen: 80704K->1501K(80384K)] 500056K->420854K(598528K), 0.0023261 secs] [Times: user=0.00 sys=0.00, real=0.00 secs] 
1546.618: [GC (Allocation Failure) [PSYoungGen: 80349K->1536K(80384K)] 499702K->420889K(598528K), 0.0016388 secs] [Times: user=0.01 sys=0.00, real=0.00 secs] 
1546.758: [GC (Allocation Failure) [PSYoungGen: 79872K->480K(78336K)] 499225K->420857K(596480K), 0.0016881 secs] [Times: user=0.00 sys=0.00, real=0.00 secs] 
1547.018: [GC (Allocation Failure) [PSYoungGen: 78304K->1952K(79360K)] 498681K->422329K(597504K), 0.0018929 secs] [Times: user=0.01 sys=0.00, real=0.00 secs] 
1547.894: [GC (Allocation Failure) [PSYoungGen: 79264K->1408K(78336K)] 499641K->421784K(596480K), 0.0025621 secs] [Times: user=0.01 sys=0.00, real=0.00 secs] 
1548.286: [GC (Allocation Failure) [PSYoungGen: 78208K->1408K(77824K)] 498584K->421784K(595968K), 0.0020899 secs] [Times: user=0.01 sys=0.00, real=0.00 secs] 
1548.937: [GC (Allocation Failure) [PSYoungGen: 77696K->1376K(77312K)] 498072K->421752K(595456K), 0.0044399 secs] [Times: user=0.02 sys=0.00, real=0.01 secs] 
1549.481: [GC (Allocation Failure) [PSYoungGen: 77151K->1501K(76800K)] 497528K->421878K(594944K), 0.0024671 secs] [Times: user=0.01 sys=0.00, real=0.00 secs] 
1549.649: [GC (Allocation Failure) [PSYoungGen: 76765K->1504K(76288K)] 497142K->421913K(594432K), 0.0015649 secs] [Times: user=0.00 sys=0.00, real=0.00 secs] 
1549.780: [GC (Allocation Failure) [PSYoungGen: 76256K->1517K(75776K)] 496665K->421926K(593920K), 0.0015862 secs] [Times: user=0.00 sys=0.00, real=0.01 secs] 
1549.911: [GC (Allocation Failure) [PSYoungGen: 75757K->1485K(75264K)] 496166K->421894K(593408K), 0.0015614 secs] [Times: user=0.01 sys=0.00, real=0.00 secs] 
1550.268: [GC (Allocation Failure) [PSYoungGen: 75213K->1408K(74752K)] 495622K->421816K(592896K), 0.0019931 secs] [Times: user=0.01 sys=0.00, real=0.00 secs] 
1550.627: [GC (Allocation Failure) [PSYoungGen: 74624K->1376K(74240K)] 495032K->421800K(592384K), 0.0019483 secs] [Times: user=0.01 sys=0.00, real=0.00 secs] 
1550.941: [GC (Allocation Failure) [PSYoungGen: 74080K->1376K(73728K)] 494504K->421800K(591872K), 0.0030900 secs] [Times: user=0.01 sys=0.00, real=0.01 secs] 
1551.379: [GC (Allocation Failure) [PSYoungGen: 73568K->1392K(73216K)] 493992K->421817K(591360K), 0.0022742 secs] [Times: user=0.01 sys=0.00, real=0.01 secs] 
1551.551: [GC (Allocation Failure) [PSYoungGen: 73072K->1501K(72704K)] 493497K->421926K(590848K), 0.0019211 secs] [Times: user=0.01 sys=0.00, real=0.00 secs] 
1551.677: [GC (Allocation Failure) [PSYoungGen: 72669K->1485K(72192K)] 493094K->421910K(590336K), 0.0016945 secs] [Times: user=0.01 sys=0.00, real=0.00 secs] 
1551.804: [GC (Allocation Failure) [PSYoungGen: 72141K->1485K(73216K)] 492566K->421910K(591360K), 0.0015709 secs] [Times: user=0.01 sys=0.00, real=0.00 secs] 
1552.629: [GC (Allocation Failure) [PSYoungGen: 72653K->1456K(72192K)] 493078K->421880K(590336K), 0.0027360 secs] [Times: user=0.01 sys=0.01, real=0.01 secs] 
1553.260: [GC (Allocation Failure) [PSYoungGen: 72112K->1376K(71680K)] 492536K->421800K(589824K), 0.0034367 secs] [Times: user=0.01 sys=0.00, real=0.01 secs] 
1553.814: [GC (Allocation Failure) [PSYoungGen: 71520K->1376K(71168K)] 491944K->421800K(589312K), 0.0042090 secs] [Times: user=0.02 sys=0.00, real=0.00 secs] 
1554.378: [GC (Allocation Failure) [PSYoungGen: 71008K->1408K(70656K)] 491432K->421832K(588800K), 0.0024935 secs] [Times: user=0.01 sys=0.00, real=0.01 secs] 
1554.779: [GC (Allocation Failure) [PSYoungGen: 70528K->1469K(70144K)] 490952K->421894K(588288K), 0.0020639 secs] [Times: user=0.01 sys=0.00, real=0.01 secs] 
1554.914: [GC (Allocation Failure) [PSYoungGen: 70077K->1469K(69632K)] 490502K->421894K(587776K), 0.0017603 secs] [Times: user=0.00 sys=0.00, real=0.00 secs] 
1555.034: [GC (Allocation Failure) [PSYoungGen: 69565K->1517K(69120K)] 489990K->421942K(587264K), 0.0016656 secs] [Times: user=0.00 sys=0.00, real=0.00 secs] 
1555.154: [GC (Allocation Failure) [PSYoungGen: 69101K->1453K(75264K)] 489526K->421878K(593408K), 0.0016488 secs] [Times: user=0.00 sys=0.00, real=0.00 secs] 
1555.456: [GC (Allocation Failure) [PSYoungGen: 74669K->1424K(74240K)] 495094K->421848K(592384K), 0.0020127 secs] [Times: user=0.01 sys=0.00, real=0.00 secs] 
1555.826: [GC (Allocation Failure) [PSYoungGen: 74128K->1376K(73728K)] 494552K->421800K(591872K), 0.0020168 secs] [Times: user=0.01 sys=0.00, real=0.00 secs] 
1556.126: [GC (Allocation Failure) [PSYoungGen: 73568K->1376K(73216K)] 493992K->421800K(591360K), 0.0019064 secs] [Times: user=0.01 sys=0.00, real=0.00 secs] 
1556.424: [GC (Allocation Failure) [PSYoungGen: 73056K->1344K(72704K)] 493480K->421768K(590848K), 0.0020748 secs] [Times: user=0.01 sys=0.00, real=0.00 secs] 
1556.600: [GC (Allocation Failure) [PSYoungGen: 72512K->1485K(72192K)] 492936K->421910K(590336K), 0.0015988 secs] [Times: user=0.01 sys=0.00, real=0.01 secs] 
1556.726: [GC (Allocation Failure) [PSYoungGen: 72141K->1485K(71680K)] 492566K->421910K(589824K), 0.0017666 secs] [Times: user=0.01 sys=0.00, real=0.00 secs] 
1556.851: [GC (Allocation Failure) [PSYoungGen: 71629K->1517K(72192K)] 492054K->421942K(590336K), 0.0015607 secs] [Times: user=0.01 sys=0.00, real=0.00 secs] 
1557.028: [GC (Allocation Failure) [PSYoungGen: 72173K->1408K(72704K)] 492598K->421832K(590848K), 0.0018942 secs] [Times: user=0.00 sys=0.00, real=0.00 secs] 
1557.321: [GC (Allocation Failure) [PSYoungGen: 72064K->1376K(71680K)] 492488K->421800K(589824K), 0.0019246 secs] [Times: user=0.01 sys=0.00, real=0.00 secs] 
1557.613: [GC (Allocation Failure) [PSYoungGen: 71520K->1376K(71168K)] 491944K->421800K(589312K), 0.0020386 secs] [Times: user=0.01 sys=0.00, real=0.00 secs] 
1557.902: [GC (Allocation Failure) [PSYoungGen: 71008K->1376K(70656K)] 491432K->421824K(588800K), 0.0020050 secs] [Times: user=0.01 sys=0.00, real=0.00 secs] 
1558.195: [GC (Allocation Failure) [PSYoungGen: 70496K->1405K(70144K)] 490944K->421854K(588288K), 0.0024356 secs] [Times: user=0.01 sys=0.00, real=0.00 secs] 
1558.379: [GC (Allocation Failure) [PSYoungGen: 70013K->1501K(69632K)] 490462K->421950K(587776K), 0.0020590 secs] [Times: user=0.00 sys=0.00, real=0.01 secs] 
1558.533: [GC (Allocation Failure) [PSYoungGen: 69597K->1469K(69120K)] 490046K->421918K(587264K), 0.0018521 secs] [Times: user=0.01 sys=0.00, real=0.00 secs] 
1558.653: [GC (Allocation Failure) [PSYoungGen: 69053K->1453K(75264K)] 489502K->421902K(593408K), 0.0019850 secs] [Times: user=0.00 sys=0.00, real=0.00 secs] 
1559.085: [GC (Allocation Failure) [PSYoungGen: 75181K->1440K(75776K)] 495630K->421888K(593920K), 0.0047544 secs] [Times: user=0.02 sys=0.00, real=0.00 secs] 
1559.447: [GC (Allocation Failure) [PSYoungGen: 75168K->1392K(81408K)] 495616K->421840K(599552K), 0.0023859 secs] [Times: user=0.01 sys=0.00, real=0.00 secs] 
1559.940: [GC (Allocation Failure) [PSYoungGen: 81264K->1376K(80896K)] 501712K->421824K(599040K), 0.0022244 secs] [Times: user=0.01 sys=0.00, real=0.01 secs] 
1560.645: [GC (Allocation Failure) [PSYoungGen: 80736K->1376K(80384K)] 501184K->421824K(598528K), 0.0024197 secs] [Times: user=0.00 sys=0.00, real=0.00 secs] 
1560.970: [GC (Allocation Failure) [PSYoungGen: 80224K->1421K(79872K)] 500672K->421870K(598016K), 0.0015881 secs] [Times: user=0.00 sys=0.00, real=0.01 secs] 
1561.108: [GC (Allocation Failure) [PSYoungGen: 79757K->1453K(79360K)] 500206K->421902K(597504K), 0.0016103 secs] [Times: user=0.01 sys=0.00, real=0.00 secs] 
1561.245: [GC (Allocation Failure) [PSYoungGen: 79277K->1536K(79360K)] 499726K->421985K(597504K), 0.0017884 secs] [Times: user=0.01 sys=0.00, real=0.00 secs] 
1561.515: [GC (Allocation Failure) [PSYoungGen: 78848K->1456K(78336K)] 499297K->421912K(596480K), 0.0017533 secs] [Times: user=0.00 sys=0.00, real=0.00 secs] 
1562.015: [GC (Allocation Failure) [PSYoungGen: 78256K->1376K(77824K)] 498712K->421832K(595968K), 0.0020076 secs] [Times: user=0.01 sys=0.00, real=0.00 secs] 
1562.795: [GC (Allocation Failure) [PSYoungGen: 77664K->1408K(77312K)] 498120K->421864K(595456K), 0.0020205 secs] [Times: user=0.01 sys=0.00, real=0.00 secs] 
1563.738: [GC (Allocation Failure) [PSYoungGen: 77184K->1392K(76800K)] 497640K->421848K(594944K), 0.0047360 secs] [Times: user=0.01 sys=0.00, real=0.01 secs] 
1564.153: [GC (Allocation Failure) [PSYoungGen: 76656K->1453K(76288K)] 497112K->421910K(594432K), 0.0019475 secs] [Times: user=0.01 sys=0.00, real=0.00 secs] 
1564.296: [GC (Allocation Failure) [PSYoungGen: 76205K->1517K(75776K)] 496662K->421974K(593920K), 0.0017528 secs] [Times: user=0.01 sys=0.00, real=0.00 secs] 
1564.428: [GC (Allocation Failure) [PSYoungGen: 75757K->1517K(75264K)] 496214K->421974K(593408K), 0.0016775 secs] [Times: user=0.01 sys=0.00, real=0.00 secs] 
1564.753: [GC (Allocation Failure) [PSYoungGen: 75245K->1440K(74752K)] 495702K->421896K(592896K), 0.0022701 secs] [Times: user=0.01 sys=0.00, real=0.00 secs] 
1565.076: [GC (Allocation Failure) [PSYoungGen: 74656K->1408K(74240K)] 495112K->421864K(592384K), 0.0019331 secs] [Times: user=0.01 sys=0.00, real=0.00 secs] 
1565.521: [GC (Allocation Failure) [PSYoungGen: 74112K->1408K(73728K)] 494568K->421864K(591872K), 0.0021217 secs] [Times: user=0.00 sys=0.00, real=0.01 secs] 
1566.178: [GC (Allocation Failure) [PSYoungGen: 73600K->1376K(73216K)] 494056K->421832K(591360K), 0.0018918 secs] [Times: user=0.01 sys=0.00, real=0.00 secs] 
1566.611: [GC (Allocation Failure) [PSYoungGen: 73054K->1437K(72704K)] 493511K->421894K(590848K), 0.0018015 secs] [Times: user=0.00 sys=0.00, real=0.00 secs] 
1566.738: [GC (Allocation Failure) [PSYoungGen: 72605K->1421K(72192K)] 493062K->421878K(590336K), 0.0014940 secs] [Times: user=0.00 sys=0.00, real=0.00 secs] 
1566.863: [GC (Allocation Failure) [PSYoungGen: 72077K->1504K(71680K)] 492534K->421961K(589824K), 0.0018049 secs] [Times: user=0.01 sys=0.00, real=0.00 secs] 
1566.986: [GC (Allocation Failure) [PSYoungGen: 71648K->448K(70144K)] 492105K->421929K(588288K), 0.0015855 secs] [Times: user=0.01 sys=0.00, real=0.00 secs] 
1567.852: [GC (Allocation Failure) [PSYoungGen: 70080K->1408K(71168K)] 491561K->422888K(589312K), 0.0025244 secs] [Times: user=0.01 sys=0.00, real=0.00 secs] 
1568.355: [GC (Allocation Failure) [PSYoungGen: 70528K->1328K(70144K)] 492008K->422809K(588288K), 0.0021090 secs] [Times: user=0.01 sys=0.00, real=0.00 secs] 
1569.122: [GC (Allocation Failure) [PSYoungGen: 69936K->1376K(69632K)] 491417K->422856K(587776K), 0.0037305 secs] [Times: user=0.01 sys=0.00, real=0.00 secs] 
1569.815: [GC (Allocation Failure) [PSYoungGen: 69472K->1408K(69120K)] 490952K->422888K(587264K), 0.0031987 secs] [Times: user=0.01 sys=0.00, real=0.00 secs] 
1570.240: [GC (Allocation Failure) [PSYoungGen: 68992K->1469K(68608K)] 490472K->422950K(586752K), 0.0023279 secs] [Times: user=0.01 sys=0.00, real=0.01 secs] 
1570.379: [GC (Allocation Failure) [PSYoungGen: 68537K->1517K(68096K)] 490018K->423014K(586240K), 0.0016484 secs] [Times: user=0.01 sys=0.00, real=0.01 secs] 
1570.497: [GC (Allocation Failure) [PSYoungGen: 68077K->1501K(67584K)] 489574K->422998K(585728K), 0.0017444 secs] [Times: user=0.01 sys=0.00, real=0.00 secs] 
1570.614: [GC (Allocation Failure) [PSYoungGen: 67549K->1472K(68608K)] 489046K->422977K(586752K), 0.0016707 secs] [Times: user=0.01 sys=0.00, real=0.00 secs] 
1571.265: [GC (Allocation Failure) [PSYoungGen: 68544K->1408K(68096K)] 490049K->422912K(586240K), 0.0018672 secs] [Times: user=0.00 sys=0.00, real=0.00 secs] 
1571.853: [GC (Allocation Failure) [PSYoungGen: 67968K->1408K(67584K)] 489472K->422912K(585728K), 0.0021226 secs] [Times: user=0.01 sys=0.00, real=0.00 secs] 
1572.465: [GC (Allocation Failure) [PSYoungGen: 67456K->1376K(67072K)] 488960K->422880K(585216K), 0.0021062 secs] [Times: user=0.01 sys=0.00, real=0.00 secs] 
1573.172: [GC (Allocation Failure) [PSYoungGen: 66912K->1344K(66560K)] 488416K->422848K(584704K), 0.0039657 secs] [Times: user=0.01 sys=0.00, real=0.00 secs] 
1573.686: [GC (Allocation Failure) [PSYoungGen: 66368K->1469K(66048K)] 487872K->422974K(584192K), 0.0023642 secs] [Times: user=0.01 sys=0.00, real=0.00 secs] 
1573.842: [GC (Allocation Failure) [PSYoungGen: 65981K->1453K(65536K)] 487486K->422958K(583680K), 0.0016602 secs] [Times: user=0.00 sys=0.00, real=0.00 secs] 
1573.955: [GC (Allocation Failure) [PSYoungGen: 65447K->1485K(65024K)] 486952K->422990K(583168K), 0.0017093 secs] [Times: user=0.00 sys=0.00, real=0.00 secs] 
1574.067: [GC (Allocation Failure) [PSYoungGen: 64973K->1504K(65536K)] 486478K->423025K(583680K), 0.0018117 secs] [Times: user=0.00 sys=0.00, real=0.00 secs] 
1574.485: [GC (Allocation Failure) [PSYoungGen: 64992K->1408K(64512K)] 486513K->422928K(582656K), 0.0028024 secs] [Times: user=0.01 sys=0.00, real=0.00 secs] 
1575.061: [GC (Allocation Failure) [PSYoungGen: 64384K->1376K(64000K)] 485904K->422896K(582144K), 0.0029097 secs] [Times: user=0.01 sys=0.00, real=0.01 secs] 
1575.609: [GC (Allocation Failure) [PSYoungGen: 63840K->1344K(63488K)] 485360K->422864K(581632K), 0.0026688 secs] [Times: user=0.01 sys=0.00, real=0.01 secs] 
1576.174: [GC (Allocation Failure) [PSYoungGen: 63296K->1424K(62976K)] 484816K->422953K(581120K), 0.0023156 secs] [Times: user=0.01 sys=0.01, real=0.00 secs] 
1576.656: [GC (Allocation Failure) [PSYoungGen: 62864K->1344K(62464K)] 484393K->422872K(580608K), 0.0021528 secs] [Times: user=0.00 sys=0.00, real=0.00 secs] 
1576.825: [GC (Allocation Failure) [PSYoungGen: 62272K->1501K(61952K)] 483800K->423030K(580096K), 0.0016140 secs] [Times: user=0.01 sys=0.00, real=0.00 secs] 
1576.932: [GC (Allocation Failure) [PSYoungGen: 61917K->1485K(61440K)] 483446K->423014K(579584K), 0.0016308 secs] [Times: user=0.00 sys=0.00, real=0.00 secs] 
1577.038: [GC (Allocation Failure) [PSYoungGen: 61389K->1469K(61952K)] 482918K->423014K(580096K), 0.0016607 secs] [Times: user=0.01 sys=0.00, real=0.00 secs] 
1577.144: [GC (Allocation Failure) [PSYoungGen: 61373K->1469K(61952K)] 482918K->423014K(580096K), 0.0016227 secs] [Times: user=0.00 sys=0.00, real=0.00 secs] 
1578.367: [GC (Allocation Failure) [PSYoungGen: 61373K->1408K(61440K)] 482918K->422952K(579584K), 0.0036491 secs] [Times: user=0.01 sys=0.00, real=0.00 secs] 
1579.248: [GC (Allocation Failure) [PSYoungGen: 61312K->1408K(61440K)] 482856K->422952K(579584K), 0.0047731 secs] [Times: user=0.02 sys=0.00, real=0.01 secs] 
1579.954: [GC (Allocation Failure) [PSYoungGen: 61312K->1408K(61440K)] 482856K->422952K(579584K), 0.0041264 secs] [Times: user=0.02 sys=0.00, real=0.00 secs] 
1580.703: [GC (Allocation Failure) [PSYoungGen: 61312K->1376K(61440K)] 482856K->422920K(579584K), 0.0037621 secs] [Times: user=0.02 sys=0.00, real=0.00 secs] 
1581.354: [GC (Allocation Failure) [PSYoungGen: 61280K->1376K(61440K)] 482824K->422920K(579584K), 0.0032645 secs] [Times: user=0.01 sys=0.00, real=0.00 secs] 
1581.546: [GC (Allocation Failure) [PSYoungGen: 61280K->1453K(61440K)] 482824K->422998K(579584K), 0.0024739 secs] [Times: user=0.00 sys=0.00, real=0.00 secs] 
1581.653: [GC (Allocation Failure) [PSYoungGen: 61357K->1472K(61440K)] 482902K->423041K(579584K), 0.0015970 secs] [Times: user=0.01 sys=0.00, real=0.00 secs] 
1581.759: [GC (Allocation Failure) [PSYoungGen: 61376K->1453K(64000K)] 482945K->423022K(582144K), 0.0016295 secs] [Times: user=0.01 sys=0.00, real=0.00 secs] 
1581.868: [GC (Allocation Failure) [PSYoungGen: 63405K->1517K(67584K)] 484974K->423086K(585728K), 0.0015540 secs] [Times: user=0.01 sys=0.00, real=0.00 secs] 
1583.057: [GC (Allocation Failure) [PSYoungGen: 67053K->1408K(66560K)] 488622K->422976K(584704K), 0.0041298 secs] [Times: user=0.02 sys=0.00, real=0.01 secs] 
1583.610: [GC (Allocation Failure) [PSYoungGen: 66432K->1360K(66048K)] 488000K->422929K(584192K), 0.0025361 secs] [Times: user=0.01 sys=0.00, real=0.01 secs] 
1583.878: [GC (Allocation Failure) [PSYoungGen: 65872K->1408K(65536K)] 487441K->422976K(583680K), 0.0021392 secs] [Times: user=0.01 sys=0.00, real=0.00 secs] 
1584.144: [GC (Allocation Failure) [PSYoungGen: 65408K->1408K(65024K)] 486976K->422976K(583168K), 0.0022461 secs] [Times: user=0.01 sys=0.00, real=0.00 secs] 
1584.391: [GC (Allocation Failure) [PSYoungGen: 64886K->1469K(64512K)] 486455K->423038K(582656K), 0.0017955 secs] [Times: user=0.01 sys=0.00, real=0.01 secs] 
1584.504: [GC (Allocation Failure) [PSYoungGen: 64445K->1485K(65024K)] 486014K->423054K(583168K), 0.0051166 secs] [Times: user=0.02 sys=0.00, real=0.00 secs] 
1584.645: [GC (Allocation Failure) [PSYoungGen: 64461K->1501K(65024K)] 486030K->423078K(583168K), 0.0020979 secs] [Times: user=0.01 sys=0.00, real=0.00 secs] 
1584.806: [GC (Allocation Failure) [PSYoungGen: 64477K->1485K(71168K)] 486054K->423062K(589312K), 0.0018770 secs] [Times: user=0.01 sys=0.00, real=0.00 secs] 
1585.516: [GC (Allocation Failure) [PSYoungGen: 71117K->1392K(71680K)] 492694K->422969K(589824K), 0.0052745 secs] [Times: user=0.02 sys=0.00, real=0.01 secs] 
1586.634: [GC (Allocation Failure) [PSYoungGen: 71024K->1392K(77824K)] 492601K->422969K(595968K), 0.0044714 secs] [Times: user=0.01 sys=0.00, real=0.00 secs] 
1587.570: [GC (Allocation Failure) [PSYoungGen: 77680K->1392K(77312K)] 499257K->422969K(595456K), 0.0047202 secs] [Times: user=0.02 sys=0.01, real=0.01 secs] 
1588.367: [GC (Allocation Failure) [PSYoungGen: 77168K->1408K(76800K)] 498745K->422984K(594944K), 0.0040657 secs] [Times: user=0.01 sys=0.00, real=0.01 secs] 
1588.933: [GC (Allocation Failure) [PSYoungGen: 76672K->1437K(76288K)] 498248K->423014K(594432K), 0.0020845 secs] [Times: user=0.01 sys=0.00, real=0.00 secs] 
1589.096: [GC (Allocation Failure) [PSYoungGen: 76189K->1501K(75776K)] 497766K->423078K(593920K), 0.0016282 secs] [Times: user=0.00 sys=0.00, real=0.00 secs] 
1589.228: [GC (Allocation Failure) [PSYoungGen: 75741K->1517K(75264K)] 497318K->423094K(593408K), 0.0017039 secs] [Times: user=0.01 sys=0.00, real=0.00 secs] 
1589.362: [GC (Allocation Failure) [PSYoungGen: 75245K->1456K(74752K)] 496822K->423033K(592896K), 0.0015736 secs] [Times: user=0.01 sys=0.00, real=0.00 secs] 
1590.736: [GC (Allocation Failure) [PSYoungGen: 74672K->1344K(74240K)] 496249K->422920K(592384K), 0.0030635 secs] [Times: user=0.01 sys=0.00, real=0.00 secs] 
1591.457: [GC (Allocation Failure) [PSYoungGen: 74048K->1344K(73728K)] 495624K->422920K(591872K), 0.0029013 secs] [Times: user=0.01 sys=0.00, real=0.00 secs] 
1592.009: [GC (Allocation Failure) [PSYoungGen: 73536K->1376K(73216K)] 495112K->422952K(591360K), 0.0025593 secs] [Times: user=0.00 sys=0.00, real=0.01 secs] 
1592.541: [GC (Allocation Failure) [PSYoungGen: 73056K->1469K(72704K)] 494632K->423070K(590848K), 0.0028314 secs] [Times: user=0.01 sys=0.00, real=0.00 secs] 
1592.731: [GC (Allocation Failure) [PSYoungGen: 72637K->1485K(72192K)] 494238K->423086K(590336K), 0.0016347 secs] [Times: user=0.00 sys=0.00, real=0.00 secs] 
1592.856: [GC (Allocation Failure) [PSYoungGen: 72141K->1472K(71680K)] 493742K->423073K(589824K), 0.0017397 secs] [Times: user=0.01 sys=0.00, real=0.00 secs] 
1592.979: [GC (Allocation Failure) [PSYoungGen: 71616K->1517K(71168K)] 493217K->423118K(589312K), 0.0016895 secs] [Times: user=0.01 sys=0.00, real=0.01 secs] 
1593.967: [GC (Allocation Failure) [PSYoungGen: 71149K->1408K(70656K)] 492750K->423008K(588800K), 0.0033421 secs] [Times: user=0.01 sys=0.00, real=0.00 secs] 
1594.404: [GC (Allocation Failure) [PSYoungGen: 70528K->1376K(70144K)] 492128K->422976K(588288K), 0.0022756 secs] [Times: user=0.01 sys=0.00, real=0.00 secs] 
1594.690: [GC (Allocation Failure) [PSYoungGen: 69984K->1392K(69632K)] 491584K->422993K(587776K), 0.0019188 secs] [Times: user=0.01 sys=0.00, real=0.01 secs] 
1595.097: [GC (Allocation Failure) [PSYoungGen: 69488K->1376K(69120K)] 491089K->422976K(587264K), 0.0019308 secs] [Times: user=0.00 sys=0.00, real=0.00 secs] 
1595.503: [GC (Allocation Failure) [PSYoungGen: 68960K->1469K(68608K)] 490560K->423070K(586752K), 0.0019291 secs] [Times: user=0.00 sys=0.00, real=0.00 secs] 
1595.628: [GC (Allocation Failure) [PSYoungGen: 68509K->1501K(68096K)] 490110K->423102K(586240K), 0.0017299 secs] [Times: user=0.00 sys=0.00, real=0.00 secs] 
1595.746: [GC (Allocation Failure) [PSYoungGen: 68061K->1501K(67584K)] 489662K->423102K(585728K), 0.0016149 secs] [Times: user=0.01 sys=0.00, real=0.00 secs] 
1595.862: [GC (Allocation Failure) [PSYoungGen: 67549K->1504K(68096K)] 489150K->423121K(586240K), 0.0016607 secs] [Times: user=0.01 sys=0.00, real=0.00 secs] 
1596.338: [GC (Allocation Failure) [PSYoungGen: 67552K->1456K(67072K)] 489169K->423073K(585216K), 0.0017613 secs] [Times: user=0.01 sys=0.00, real=0.00 secs] 
1596.613: [GC (Allocation Failure) [PSYoungGen: 66992K->1408K(66560K)] 488609K->423024K(584704K), 0.0019896 secs] [Times: user=0.01 sys=0.00, real=0.00 secs] 
1596.968: [GC (Allocation Failure) [PSYoungGen: 66432K->1376K(66048K)] 488048K->422992K(584192K), 0.0020132 secs] [Times: user=0.01 sys=0.00, real=0.00 secs] 
1597.291: [GC (Allocation Failure) [PSYoungGen: 65888K->1376K(65536K)] 487504K->422992K(583680K), 0.0029260 secs] [Times: user=0.01 sys=0.00, real=0.00 secs] 
1597.617: [GC (Allocation Failure) [PSYoungGen: 65376K->1408K(65024K)] 486992K->423025K(583168K), 0.0023313 secs] [Times: user=0.00 sys=0.00, real=0.00 secs] 
1597.777: [GC (Allocation Failure) [PSYoungGen: 64896K->1469K(64512K)] 486513K->423086K(582656K), 0.0017265 secs] [Times: user=0.01 sys=0.00, real=0.00 secs] 
1597.887: [GC (Allocation Failure) [PSYoungGen: 64445K->1485K(70144K)] 486062K->423102K(588288K), 0.0016541 secs] [Times: user=0.01 sys=0.00, real=0.00 secs] 
1598.007: [GC (Allocation Failure) [PSYoungGen: 70088K->1517K(70656K)] 491705K->423142K(588800K), 0.0016881 secs] [Times: user=0.01 sys=0.00, real=0.00 secs] 
1599.883: [GC (Allocation Failure) [PSYoungGen: 70125K->1408K(69632K)] 491750K->423048K(587776K), 0.0048297 secs] [Times: user=0.02 sys=0.00, real=0.00 secs] 
1600.215: [GC (Allocation Failure) [PSYoungGen: 69504K->1344K(69120K)] 491144K->422984K(587264K), 0.0019209 secs] [Times: user=0.01 sys=0.00, real=0.00 secs] 
1600.533: [GC (Allocation Failure) [PSYoungGen: 68928K->1376K(68608K)] 490568K->423016K(586752K), 0.0021600 secs] [Times: user=0.01 sys=0.00, real=0.00 secs] 
1600.998: [GC (Allocation Failure) [PSYoungGen: 68448K->1376K(68096K)] 490088K->423016K(586240K), 0.0021755 secs] [Times: user=0.00 sys=0.00, real=0.00 secs] 
1601.513: [GC (Allocation Failure) [PSYoungGen: 67936K->1405K(67584K)] 489576K->423046K(585728K), 0.0027903 secs] [Times: user=0.01 sys=0.00, real=0.00 secs] 
1601.718: [GC (Allocation Failure) [PSYoungGen: 67453K->1485K(67072K)] 489094K->423126K(585216K), 0.0019990 secs] [Times: user=0.01 sys=0.00, real=0.00 secs] 
1601.837: [GC (Allocation Failure) [PSYoungGen: 66995K->1421K(66560K)] 488636K->423062K(584704K), 0.0014852 secs] [Times: user=0.01 sys=0.00, real=0.00 secs] 
1601.951: [GC (Allocation Failure) [PSYoungGen: 66445K->1504K(72192K)] 488086K->423161K(590336K), 0.0017812 secs] [Times: user=0.00 sys=0.00, real=0.01 secs] 
1602.169: [GC (Allocation Failure) [PSYoungGen: 72160K->1408K(71680K)] 493817K->423064K(589824K), 0.0018149 secs] [Times: user=0.01 sys=0.00, real=0.01 secs] 
1602.461: [GC (Allocation Failure) [PSYoungGen: 71552K->1360K(71168K)] 493208K->423017K(589312K), 0.0019984 secs] [Times: user=0.01 sys=0.00, real=0.01 secs] 
1602.830: [GC (Allocation Failure) [PSYoungGen: 70992K->1376K(70656K)] 492649K->423032K(588800K), 0.0020423 secs] [Times: user=0.01 sys=0.00, real=0.01 secs] 
1603.478: [GC (Allocation Failure) [PSYoungGen: 70496K->1408K(70144K)] 492152K->423064K(588288K), 0.0031254 secs] [Times: user=0.01 sys=0.00, real=0.01 secs] 
1603.972: [GC (Allocation Failure) [PSYoungGen: 70016K->1437K(69632K)] 491672K->423094K(587776K), 0.0023883 secs] [Times: user=0.01 sys=0.00, real=0.00 secs] 
1604.132: [GC (Allocation Failure) [PSYoungGen: 69533K->1469K(69120K)] 491190K->423126K(587264K), 0.0017819 secs] [Times: user=0.00 sys=0.00, real=0.00 secs] 
1604.252: [GC (Allocation Failure) [PSYoungGen: 69053K->1469K(68608K)] 490710K->423126K(586752K), 0.0017677 secs] [Times: user=0.00 sys=0.00, real=0.00 secs] 
1604.372: [GC (Allocation Failure) [PSYoungGen: 68541K->1485K(69120K)] 490198K->423150K(587264K), 0.0016479 secs] [Times: user=0.00 sys=0.00, real=0.00 secs] 
1604.575: [GC (Allocation Failure) [PSYoungGen: 68557K->1392K(75264K)] 490222K->423057K(593408K), 0.0018054 secs] [Times: user=0.00 sys=0.00, real=0.00 secs] 
1604.879: [GC (Allocation Failure) [PSYoungGen: 74608K->1376K(74240K)] 496273K->423040K(592384K), 0.0017030 secs] [Times: user=0.01 sys=0.00, real=0.00 secs] 
1605.181: [GC (Allocation Failure) [PSYoungGen: 74080K->1360K(73728K)] 495744K->423025K(591872K), 0.0018286 secs] [Times: user=0.01 sys=0.00, real=0.00 secs] 
1605.481: [GC (Allocation Failure) [PSYoungGen: 73552K->1344K(73216K)] 495217K->423008K(591360K), 0.0018974 secs] [Times: user=0.01 sys=0.00, real=0.00 secs] 
1605.741: [GC (Allocation Failure) [PSYoungGen: 73024K->1472K(72704K)] 494688K->423137K(590848K), 0.0016386 secs] [Times: user=0.01 sys=0.00, real=0.01 secs] 
1605.866: [GC (Allocation Failure) [PSYoungGen: 72633K->1517K(72192K)] 494298K->423182K(590336K), 0.0018002 secs] [Times: user=0.01 sys=0.00, real=0.00 secs] 
1605.991: [GC (Allocation Failure) [PSYoungGen: 72173K->1504K(71680K)] 493838K->423169K(589824K), 0.0016514 secs] [Times: user=0.00 sys=0.00, real=0.00 secs] 
1606.114: [GC (Allocation Failure) [PSYoungGen: 71648K->1472K(72192K)] 493313K->423145K(590336K), 0.0016288 secs] [Times: user=0.00 sys=0.00, real=0.00 secs] 
1606.374: [GC (Allocation Failure) [PSYoungGen: 71616K->1408K(71168K)] 493289K->423080K(589312K), 0.0016075 secs] [Times: user=0.01 sys=0.00, real=0.00 secs] 
1606.663: [GC (Allocation Failure) [PSYoungGen: 71040K->1376K(70656K)] 492712K->423048K(588800K), 0.0016716 secs] [Times: user=0.01 sys=0.00, real=0.00 secs] 
1606.949: [GC (Allocation Failure) [PSYoungGen: 70496K->1344K(70144K)] 492168K->423016K(588288K), 0.0015206 secs] [Times: user=0.00 sys=0.00, real=0.01 secs] 
1607.234: [GC (Allocation Failure) [PSYoungGen: 69952K->1376K(69632K)] 491624K->423048K(587776K), 0.0017094 secs] [Times: user=0.01 sys=0.00, real=0.00 secs] 
1607.481: [GC (Allocation Failure) [PSYoungGen: 69472K->1437K(69120K)] 491144K->423110K(587264K), 0.0023604 secs] [Times: user=0.01 sys=0.00, real=0.00 secs] 
1607.662: [GC (Allocation Failure) [PSYoungGen: 69021K->1504K(68608K)] 490694K->423193K(586752K), 0.0016471 secs] [Times: user=0.01 sys=0.00, real=0.00 secs] 
1607.780: [GC (Allocation Failure) [PSYoungGen: 68576K->1485K(68096K)] 490265K->423174K(586240K), 0.0016806 secs] [Times: user=0.00 sys=0.00, real=0.01 secs] 
1607.897: [GC (Allocation Failure) [PSYoungGen: 68045K->1485K(74752K)] 489734K->423182K(592896K), 0.0015709 secs] [Times: user=0.00 sys=0.00, real=0.00 secs] 
1608.402: [GC (Allocation Failure) [PSYoungGen: 74189K->1360K(73728K)] 495886K->423057K(591872K), 0.0033092 secs] [Times: user=0.01 sys=0.00, real=0.00 secs] 
1608.989: [GC (Allocation Failure) [PSYoungGen: 73552K->1344K(73216K)] 495249K->423040K(591360K), 0.0022276 secs] [Times: user=0.01 sys=0.00, real=0.01 secs] 
1609.551: [GC (Allocation Failure) [PSYoungGen: 73024K->1376K(72704K)] 494720K->423072K(590848K), 0.0040223 secs] [Times: user=0.01 sys=0.00, real=0.00 secs] 
1610.226: [GC (Allocation Failure) [PSYoungGen: 72544K->1376K(72192K)] 494240K->423072K(590336K), 0.0032712 secs] [Times: user=0.01 sys=0.00, real=0.00 secs] 
1610.459: [GC (Allocation Failure) [PSYoungGen: 72003K->1517K(71680K)] 493700K->423214K(589824K), 0.0017116 secs] [Times: user=0.00 sys=0.00, real=0.00 secs] 
1610.582: [GC (Allocation Failure) [PSYoungGen: 71661K->1472K(71168K)] 493358K->423169K(589312K), 0.0017319 secs] [Times: user=0.00 sys=0.00, real=0.00 secs] 
1610.705: [GC (Allocation Failure) [PSYoungGen: 71104K->1517K(70656K)] 492801K->423214K(588800K), 0.0017109 secs] [Times: user=0.00 sys=0.00, real=0.00 secs] 
1611.258: [GC (Allocation Failure) [PSYoungGen: 70637K->1424K(70144K)] 492334K->423121K(588288K), 0.0023217 secs] [Times: user=0.01 sys=0.00, real=0.00 secs] 
1612.285: [GC (Allocation Failure) [PSYoungGen: 70032K->1376K(69632K)] 491729K->423072K(587776K), 0.0044834 secs] [Times: user=0.02 sys=0.00, real=0.00 secs] 
1612.983: [GC (Allocation Failure) [PSYoungGen: 69472K->1344K(69120K)] 491168K->423040K(587264K), 0.0026114 secs] [Times: user=0.01 sys=0.00, real=0.00 secs] 
1613.581: [GC (Allocation Failure) [PSYoungGen: 68928K->1328K(68608K)] 490624K->423025K(586752K), 0.0027398 secs] [Times: user=0.01 sys=0.00, real=0.00 secs] 
1614.107: [GC (Allocation Failure) [PSYoungGen: 68400K->1424K(68096K)] 490097K->423121K(586240K), 0.0021597 secs] [Times: user=0.00 sys=0.00, real=0.00 secs] 
1614.258: [GC (Allocation Failure) [PSYoungGen: 67984K->1501K(67584K)] 489681K->423198K(585728K), 0.0017633 secs] [Times: user=0.01 sys=0.00, real=0.00 secs] 
1614.375: [GC (Allocation Failure) [PSYoungGen: 67549K->1472K(67072K)] 489246K->423169K(585216K), 0.0016837 secs] [Times: user=0.01 sys=0.00, real=0.00 secs] 
1614.491: [GC (Allocation Failure) [PSYoungGen: 66983K->1501K(66560K)] 488680K->423198K(584704K), 0.0015712 secs] [Times: user=0.01 sys=0.00, real=0.00 secs] 
1614.736: [GC (Allocation Failure) [PSYoungGen: 66525K->1408K(66048K)] 488222K->423104K(584192K), 0.0019199 secs] [Times: user=0.00 sys=0.00, real=0.00 secs] 
1615.241: [GC (Allocation Failure) [PSYoungGen: 65920K->1408K(65536K)] 487616K->423104K(583680K), 0.0018171 secs] [Times: user=0.00 sys=0.00, real=0.00 secs] 
1615.507: [GC (Allocation Failure) [PSYoungGen: 65408K->1408K(65024K)] 487104K->423104K(583168K), 0.0026051 secs] [Times: user=0.01 sys=0.00, real=0.00 secs] 
1615.833: [GC (Allocation Failure) [PSYoungGen: 64896K->1376K(64512K)] 486592K->423072K(582656K), 0.0021259 secs] [Times: user=0.01 sys=0.00, real=0.00 secs] 
1616.096: [GC (Allocation Failure) [PSYoungGen: 64352K->1376K(64000K)] 486048K->423072K(582144K), 0.0021234 secs] [Times: user=0.00 sys=0.00, real=0.00 secs] 
1616.278: [GC (Allocation Failure) [PSYoungGen: 63840K->1456K(63488K)] 485536K->423153K(581632K), 0.0017464 secs] [Times: user=0.00 sys=0.00, real=0.00 secs] 
1616.388: [GC (Allocation Failure) [PSYoungGen: 63408K->1501K(64000K)] 485105K->423198K(582144K), 0.0017939 secs] [Times: user=0.01 sys=0.00, real=0.00 secs] 
1616.498: [GC (Allocation Failure) [PSYoungGen: 63453K->1440K(69632K)] 485150K->423145K(587776K), 0.0015344 secs] [Times: user=0.00 sys=0.00, real=0.00 secs] 
1616.617: [GC (Allocation Failure) [PSYoungGen: 69024K->1472K(69632K)] 490729K->423177K(587776K), 0.0016159 secs] [Times: user=0.01 sys=0.00, real=0.00 secs] 
1616.880: [GC (Allocation Failure) [PSYoungGen: 69056K->1408K(75264K)] 490761K->423112K(593408K), 0.0018800 secs] [Times: user=0.01 sys=0.00, real=0.01 secs] 
1617.186: [GC (Allocation Failure) [PSYoungGen: 75136K->1344K(74752K)] 496840K->423048K(592896K), 0.0018039 secs] [Times: user=0.01 sys=0.00, real=0.00 secs] 
1617.490: [GC (Allocation Failure) [PSYoungGen: 74560K->1376K(74240K)] 496264K->423080K(592384K), 0.0017758 secs] [Times: user=0.01 sys=0.00, real=0.01 secs] 
1617.800: [GC (Allocation Failure) [PSYoungGen: 74080K->1344K(73728K)] 495784K->423064K(591872K), 0.0018789 secs] [Times: user=0.01 sys=0.00, real=0.01 secs] 
1617.984: [GC (Allocation Failure) [PSYoungGen: 73536K->1472K(73216K)] 495256K->423193K(591360K), 0.0016159 secs] [Times: user=0.01 sys=0.00, real=0.00 secs] 
1618.110: [GC (Allocation Failure) [PSYoungGen: 73152K->1501K(72704K)] 494873K->423222K(590848K), 0.0018211 secs] [Times: user=0.01 sys=0.00, real=0.01 secs] 
1618.235: [GC (Allocation Failure) [PSYoungGen: 72669K->1453K(73216K)] 494390K->423182K(591360K), 0.0016776 secs] [Times: user=0.01 sys=0.00, real=0.00 secs] 
1618.416: [GC (Allocation Failure) [PSYoungGen: 72621K->1440K(73216K)] 494350K->423168K(591360K), 0.0017929 secs] [Times: user=0.01 sys=0.00, real=0.00 secs] 
1618.711: [GC (Allocation Failure) [PSYoungGen: 72608K->1392K(72192K)] 494336K->423121K(590336K), 0.0017930 secs] [Times: user=0.01 sys=0.00, real=0.00 secs] 
1619.004: [GC (Allocation Failure) [PSYoungGen: 72048K->1344K(71680K)] 493777K->423072K(589824K), 0.0018144 secs] [Times: user=0.00 sys=0.00, real=0.00 secs] 
1619.296: [GC (Allocation Failure) [PSYoungGen: 71488K->1376K(71168K)] 493216K->423104K(589312K), 0.0017357 secs] [Times: user=0.00 sys=0.00, real=0.00 secs] 
1619.608: [GC (Allocation Failure) [PSYoungGen: 71008K->1389K(70656K)] 492736K->423118K(588800K), 0.0019751 secs] [Times: user=0.00 sys=0.00, real=0.00 secs] 
1619.731: [GC (Allocation Failure) [PSYoungGen: 70509K->1472K(70144K)] 492238K->423201K(588288K), 0.0016525 secs] [Times: user=0.01 sys=0.00, real=0.00 secs] 
1619.851: [GC (Allocation Failure) [PSYoungGen: 70080K->1488K(69632K)] 491809K->423217K(587776K), 0.0016200 secs] [Times: user=0.01 sys=0.00, real=0.00 secs] 
1619.972: [GC (Allocation Failure) [PSYoungGen: 69584K->1485K(75776K)] 491313K->423214K(593920K), 0.0015567 secs] [Times: user=0.01 sys=0.00, real=0.00 secs] 
1620.220: [GC (Allocation Failure) [PSYoungGen: 75725K->1456K(75264K)] 497454K->423185K(593408K), 0.0017570 secs] [Times: user=0.01 sys=0.00, real=0.01 secs] 
1620.526: [GC (Allocation Failure) [PSYoungGen: 75184K->1376K(74752K)] 496913K->423104K(592896K), 0.0018292 secs] [Times: user=0.01 sys=0.00, real=0.00 secs] 
1620.830: [GC (Allocation Failure) [PSYoungGen: 74592K->1408K(74240K)] 496320K->423136K(592384K), 0.0017649 secs] [Times: user=0.00 sys=0.00, real=0.01 secs] 
1621.131: [GC (Allocation Failure) [PSYoungGen: 74112K->1408K(73728K)] 495840K->423136K(591872K), 0.0017968 secs] [Times: user=0.00 sys=0.00, real=0.00 secs] 
1621.471: [GC (Allocation Failure) [PSYoungGen: 73600K->1456K(73216K)] 495328K->423185K(591360K), 0.0017671 secs] [Times: user=0.00 sys=0.00, real=0.00 secs] 
1621.597: [GC (Allocation Failure) [PSYoungGen: 73136K->1453K(72704K)] 494865K->423182K(590848K), 0.0017547 secs] [Times: user=0.01 sys=0.00, real=0.00 secs] 
1621.723: [GC (Allocation Failure) [PSYoungGen: 72621K->1453K(72192K)] 494350K->423182K(590336K), 0.0017485 secs] [Times: user=0.00 sys=0.00, real=0.00 secs] 
1622.212: [GC (Allocation Failure) [PSYoungGen: 72109K->1952K(72704K)] 493838K->423681K(590848K), 0.0058360 secs] [Times: user=0.02 sys=0.00, real=0.00 secs] 
1623.165: [GC (Allocation Failure) [PSYoungGen: 72608K->1344K(71680K)] 494337K->423072K(589824K), 0.0026913 secs] [Times: user=0.01 sys=0.00, real=0.00 secs] 
1623.931: [GC (Allocation Failure) [PSYoungGen: 71488K->1344K(71168K)] 493216K->423072K(589312K), 0.0025864 secs] [Times: user=0.01 sys=0.00, real=0.00 secs] 
1624.523: [GC (Allocation Failure) [PSYoungGen: 70976K->1376K(70656K)] 492704K->423104K(588800K), 0.0034127 secs] [Times: user=0.01 sys=0.00, real=0.00 secs] 
1625.126: [GC (Allocation Failure) [PSYoungGen: 70496K->1469K(70144K)] 492224K->423198K(588288K), 0.0024198 secs] [Times: user=0.01 sys=0.00, real=0.00 secs] 
1625.355: [GC (Allocation Failure) [PSYoungGen: 70077K->1501K(69632K)] 491806K->423230K(587776K), 0.0022810 secs] [Times: user=0.01 sys=0.00, real=0.00 secs] 
1625.531: [GC (Allocation Failure) [PSYoungGen: 69597K->1421K(70144K)] 491326K->423150K(588288K), 0.0049876 secs] [Times: user=0.02 sys=0.00, real=0.00 secs] 
1625.686: [GC (Allocation Failure) [PSYoungGen: 69517K->1472K(70144K)] 491246K->423201K(588288K), 0.0015273 secs] [Times: user=0.00 sys=0.00, real=0.00 secs] 
1625.904: [GC (Allocation Failure) [PSYoungGen: 69568K->1456K(76800K)] 491297K->423185K(594944K), 0.0023178 secs] [Times: user=0.01 sys=0.00, real=0.00 secs] 
1626.519: [GC (Allocation Failure) [PSYoungGen: 76208K->1344K(75776K)] 497937K->423072K(593920K), 0.0022807 secs] [Times: user=0.00 sys=0.00, real=0.01 secs] 
1627.440: [GC (Allocation Failure) [PSYoungGen: 75584K->1408K(75264K)] 497312K->423136K(593408K), 0.0031577 secs] [Times: user=0.01 sys=0.00, real=0.01 secs] 
1628.442: [GC (Allocation Failure) [PSYoungGen: 75136K->1376K(74752K)] 496864K->423104K(592896K), 0.0042342 secs] [Times: user=0.01 sys=0.01, real=0.00 secs] 
1629.175: [GC (Allocation Failure) [PSYoungGen: 74592K->1504K(74240K)] 496320K->423233K(592384K), 0.0022871 secs] [Times: user=0.01 sys=0.00, real=0.00 secs] 
1629.343: [GC (Allocation Failure) [PSYoungGen: 74208K->1485K(73728K)] 495937K->423214K(591872K), 0.0016306 secs] [Times: user=0.01 sys=0.00, real=0.00 secs] 
1629.469: [GC (Allocation Failure) [PSYoungGen: 73677K->1517K(73216K)] 495406K->423246K(591360K), 0.0016411 secs] [Times: user=0.01 sys=0.00, real=0.01 secs] 
1629.595: [GC (Allocation Failure) [PSYoungGen: 73197K->1501K(72704K)] 494926K->423238K(590848K), 0.0016387 secs] [Times: user=0.00 sys=0.00, real=0.00 secs] 
1630.428: [GC (Allocation Failure) [PSYoungGen: 72669K->1408K(72192K)] 494406K->423152K(590336K), 0.0022080 secs] [Times: user=0.01 sys=0.00, real=0.00 secs] 
1631.057: [GC (Allocation Failure) [PSYoungGen: 72064K->1344K(71680K)] 493808K->423088K(589824K), 0.0026368 secs] [Times: user=0.01 sys=0.00, real=0.00 secs] 
1631.627: [GC (Allocation Failure) [PSYoungGen: 71488K->1376K(71168K)] 493232K->423136K(589312K), 0.0020552 secs] [Times: user=0.01 sys=0.00, real=0.00 secs] 
1631.943: [GC (Allocation Failure) [PSYoungGen: 71008K->1344K(70656K)] 492768K->423104K(588800K), 0.0021379 secs] [Times: user=0.01 sys=0.00, real=0.00 secs] 
1632.121: [GC (Allocation Failure) [PSYoungGen: 70464K->1469K(70144K)] 492224K->423230K(588288K), 0.0016109 secs] [Times: user=0.00 sys=0.00, real=0.01 secs] 
1632.241: [GC (Allocation Failure) [PSYoungGen: 70069K->1501K(69632K)] 491830K->423262K(587776K), 0.0017704 secs] [Times: user=0.00 sys=0.00, real=0.00 secs] 
1632.362: [GC (Allocation Failure) [PSYoungGen: 69597K->1485K(69120K)] 491358K->423246K(587264K), 0.0016402 secs] [Times: user=0.00 sys=0.00, real=0.00 secs] 
1632.930: [GC (Allocation Failure) [PSYoungGen: 69069K->1920K(69120K)] 490830K->423689K(587264K), 0.0025662 secs] [Times: user=0.01 sys=0.00, real=0.01 secs] 
1633.734: [GC (Allocation Failure) [PSYoungGen: 68992K->1408K(68096K)] 490761K->423176K(586240K), 0.0045019 secs] [Times: user=0.02 sys=0.00, real=0.00 secs] 
1634.500: [GC (Allocation Failure) [PSYoungGen: 67968K->1360K(67584K)] 489736K->423129K(585728K), 0.0040863 secs] [Times: user=0.01 sys=0.00, real=0.01 secs] 
1635.221: [GC (Allocation Failure) [PSYoungGen: 67408K->1344K(67072K)] 489177K->423112K(585216K), 0.0041356 secs] [Times: user=0.02 sys=0.00, real=0.01 secs] 
1635.967: [GC (Allocation Failure) [PSYoungGen: 66880K->1376K(66560K)] 488648K->423144K(584704K), 0.0030861 secs] [Times: user=0.02 sys=0.00, real=0.00 secs] 
1636.256: [GC (Allocation Failure) [PSYoungGen: 66400K->1453K(66048K)] 488168K->423222K(584192K), 0.0019954 secs] [Times: user=0.01 sys=0.00, real=0.00 secs] 
1636.376: [GC (Allocation Failure) [PSYoungGen: 65965K->1485K(65536K)] 487734K->423254K(583680K), 0.0016307 secs] [Times: user=0.00 sys=0.00, real=0.00 secs] 
1636.491: [GC (Allocation Failure) [PSYoungGen: 65485K->1453K(65024K)] 487254K->423222K(583168K), 0.0015997 secs] [Times: user=0.01 sys=0.00, real=0.00 secs] 
1636.604: [GC (Allocation Failure) [PSYoungGen: 64941K->1501K(66048K)] 486710K->423286K(584192K), 0.0018141 secs] [Times: user=0.01 sys=0.00, real=0.00 secs] 
1637.737: [GC (Allocation Failure) [PSYoungGen: 65501K->1424K(65024K)] 487286K->423209K(583168K), 0.0042923 secs] [Times: user=0.02 sys=0.00, real=0.01 secs] 
1638.731: [GC (Allocation Failure) [PSYoungGen: 64912K->1376K(64512K)] 486697K->423160K(582656K), 0.0034385 secs] [Times: user=0.01 sys=0.00, real=0.00 secs] 
1639.276: [GC (Allocation Failure) [PSYoungGen: 64352K->1344K(64000K)] 486136K->423128K(582144K), 0.0025239 secs] [Times: user=0.01 sys=0.00, real=0.00 secs] 
1639.796: [GC (Allocation Failure) [PSYoungGen: 63808K->1376K(63488K)] 485592K->423160K(581632K), 0.0026243 secs] [Times: user=0.01 sys=0.00, real=0.00 secs] 
1640.205: [GC (Allocation Failure) [PSYoungGen: 63328K->1469K(62976K)] 485112K->423254K(581120K), 0.0020412 secs] [Times: user=0.01 sys=0.00, real=0.00 secs] 
1640.333: [GC (Allocation Failure) [PSYoungGen: 62909K->1501K(62464K)] 484694K->423286K(580608K), 0.0017202 secs] [Times: user=0.01 sys=0.00, real=0.00 secs] 
1640.441: [GC (Allocation Failure) [PSYoungGen: 62429K->1501K(61952K)] 484214K->423302K(580096K), 0.0016115 secs] [Times: user=0.01 sys=0.01, real=0.00 secs] 
1640.547: [GC (Allocation Failure) [PSYoungGen: 61917K->1453K(67584K)] 483718K->423254K(585728K), 0.0015314 secs] [Times: user=0.01 sys=0.00, real=0.00 secs] 
1641.076: [GC (Allocation Failure) [PSYoungGen: 66989K->1408K(66560K)] 488790K->423224K(584704K), 0.0022079 secs] [Times: user=0.00 sys=0.00, real=0.00 secs] 
1641.851: [GC (Allocation Failure) [PSYoungGen: 66432K->1408K(66048K)] 488248K->423224K(584192K), 0.0039911 secs] [Times: user=0.02 sys=0.01, real=0.00 secs] 
1642.131: [GC (Allocation Failure) [PSYoungGen: 65920K->1408K(65536K)] 487736K->423224K(583680K), 0.0022865 secs] [Times: user=0.01 sys=0.00, real=0.00 secs] 
1642.398: [GC (Allocation Failure) [PSYoungGen: 65408K->1344K(65024K)] 487224K->423160K(583168K), 0.0022346 secs] [Times: user=0.01 sys=0.00, real=0.00 secs] 
1643.114: [GC (Allocation Failure) [PSYoungGen: 64832K->1408K(64512K)] 486648K->423224K(582656K), 0.0020325 secs] [Times: user=0.01 sys=0.00, real=0.00 secs] 
1643.477: [GC (Allocation Failure) [PSYoungGen: 64384K->1501K(64000K)] 486200K->423318K(582144K), 0.0019464 secs] [Times: user=0.01 sys=0.00, real=0.00 secs] 
1643.592: [GC (Allocation Failure) [PSYoungGen: 63965K->1469K(63488K)] 485782K->423286K(581632K), 0.0017420 secs] [Times: user=0.00 sys=0.00, real=0.00 secs] 
1643.702: [GC (Allocation Failure) [PSYoungGen: 63421K->1501K(64512K)] 485238K->423334K(582656K), 0.0017554 secs] [Times: user=0.01 sys=0.00, real=0.00 secs] 
1643.812: [GC (Allocation Failure) [PSYoungGen: 63965K->1485K(69632K)] 485798K->423318K(587776K), 0.0014956 secs] [Times: user=0.00 sys=0.00, real=0.00 secs] 
1644.104: [GC (Allocation Failure) [PSYoungGen: 69069K->1424K(69632K)] 490902K->423257K(587776K), 0.0019365 secs] [Times: user=0.01 sys=0.00, real=0.00 secs] 
1644.385: [GC (Allocation Failure) [PSYoungGen: 69008K->1392K(68608K)] 490841K->423225K(586752K), 0.0018629 secs] [Times: user=0.01 sys=0.00, real=0.00 secs] 
1644.664: [GC (Allocation Failure) [PSYoungGen: 68464K->1376K(68096K)] 490297K->423208K(586240K), 0.0018981 secs] [Times: user=0.01 sys=0.00, real=0.00 secs] 
1644.940: [GC (Allocation Failure) [PSYoungGen: 67936K->1344K(67584K)] 489768K->423176K(585728K), 0.0018495 secs] [Times: user=0.01 sys=0.00, real=0.01 secs] 
1645.179: [GC (Allocation Failure) [PSYoungGen: 67392K->1469K(67072K)] 489224K->423302K(585216K), 0.0017322 secs] [Times: user=0.00 sys=0.00, real=0.00 secs] 
1645.296: [GC (Allocation Failure) [PSYoungGen: 67005K->1485K(73216K)] 488838K->423318K(591360K), 0.0042608 secs] [Times: user=0.02 sys=0.00, real=0.00 secs] 
1645.425: [GC (Allocation Failure) [PSYoungGen: 73147K->1536K(73728K)] 494980K->423385K(591872K), 0.0016030 secs] [Times: user=0.00 sys=0.00, real=0.00 secs] 
1645.551: [GC (Allocation Failure) [PSYoungGen: 73216K->1504K(80384K)] 495065K->423353K(598528K), 0.0016544 secs] [Times: user=0.01 sys=0.00, real=0.00 secs] 
1645.858: [GC (Allocation Failure) [PSYoungGen: 80352K->1424K(80896K)] 502201K->423273K(599040K), 0.0014956 secs] [Times: user=0.00 sys=0.00, real=0.00 secs] 
1646.189: [GC (Allocation Failure) [PSYoungGen: 80272K->1408K(87040K)] 502121K->423256K(605184K), 0.0015151 secs] [Times: user=0.01 sys=0.00, real=0.00 secs] 
1646.569: [GC (Allocation Failure) [PSYoungGen: 86912K->1376K(86528K)] 508760K->423224K(604672K), 0.0030412 secs] [Times: user=0.01 sys=0.00, real=0.01 secs] 
1646.918: [GC (Allocation Failure) [PSYoungGen: 86368K->1469K(86016K)] 508216K->423318K(604160K), 0.0025499 secs] [Times: user=0.01 sys=0.00, real=0.00 secs] 
1647.134: [GC (Allocation Failure) [PSYoungGen: 85949K->1485K(85504K)] 507798K->423334K(603648K), 0.0017067 secs] [Times: user=0.01 sys=0.00, real=0.00 secs] 
1647.281: [GC (Allocation Failure) [PSYoungGen: 85453K->1517K(84992K)] 507302K->423366K(603136K), 0.0016235 secs] [Times: user=0.01 sys=0.00, real=0.00 secs] 
1647.634: [GC (Allocation Failure) [PSYoungGen: 84973K->1408K(84480K)] 506822K->423256K(602624K), 0.0029710 secs] [Times: user=0.01 sys=0.00, real=0.00 secs] 
1648.348: [GC (Allocation Failure) [PSYoungGen: 84352K->1408K(83968K)] 506200K->423256K(602112K), 0.0029687 secs] [Times: user=0.01 sys=0.00, real=0.01 secs] 
1648.836: [GC (Allocation Failure) [PSYoungGen: 83840K->1344K(83456K)] 505688K->423200K(601600K), 0.0023125 secs] [Times: user=0.01 sys=0.00, real=0.00 secs] 
1649.178: [GC (Allocation Failure) [PSYoungGen: 83264K->1408K(82944K)] 505120K->423264K(601088K), 0.0020966 secs] [Times: user=0.01 sys=0.00, real=0.00 secs] 
1649.373: [GC (Allocation Failure) [PSYoungGen: 82816K->1469K(82432K)] 504672K->423326K(600576K), 0.0018068 secs] [Times: user=0.01 sys=0.00, real=0.00 secs] 
1649.541: [GC (Allocation Failure) [PSYoungGen: 82365K->1501K(81920K)] 504222K->423358K(600064K), 0.0019072 secs] [Times: user=0.01 sys=0.00, real=0.00 secs] 
1649.719: [GC (Allocation Failure) [PSYoungGen: 81885K->1501K(81408K)] 503742K->423358K(599552K), 0.0017184 secs] [Times: user=0.00 sys=0.00, real=0.00 secs] 
1650.830: [GC (Allocation Failure) [PSYoungGen: 81373K->1392K(80896K)] 503230K->423249K(599040K), 0.0050007 secs] [Times: user=0.02 sys=0.00, real=0.01 secs] 
1652.084: [GC (Allocation Failure) [PSYoungGen: 80752K->1376K(80384K)] 502609K->423232K(598528K), 0.0050549 secs] [Times: user=0.02 sys=0.00, real=0.00 secs] 
1652.887: [GC (Allocation Failure) [PSYoungGen: 80224K->1376K(79872K)] 502080K->423240K(598016K), 0.0027099 secs] [Times: user=0.01 sys=0.00, real=0.00 secs] 
1653.632: [GC (Allocation Failure) [PSYoungGen: 79712K->1456K(79360K)] 501576K->423321K(597504K), 0.0022687 secs] [Times: user=0.01 sys=0.00, real=0.00 secs] 
1653.809: [GC (Allocation Failure) [PSYoungGen: 79280K->1472K(78848K)] 501145K->423337K(596992K), 0.0015936 secs] [Times: user=0.01 sys=0.00, real=0.00 secs] 
1653.945: [GC (Allocation Failure) [PSYoungGen: 78784K->1453K(78336K)] 500649K->423318K(596480K), 0.0018872 secs] [Times: user=0.00 sys=0.00, real=0.00 secs] 
1654.080: [GC (Allocation Failure) [PSYoungGen: 78253K->1453K(77824K)] 500118K->423318K(595968K), 0.0017137 secs] [Times: user=0.01 sys=0.00, real=0.01 secs] 
1655.468: [GC (Allocation Failure) [PSYoungGen: 77741K->1408K(77312K)] 499606K->423272K(595456K), 0.0054499 secs] [Times: user=0.02 sys=0.00, real=0.01 secs] 
1656.748: [GC (Allocation Failure) [PSYoungGen: 77184K->1392K(76800K)] 499048K->423257K(594944K), 0.0043660 secs] [Times: user=0.02 sys=0.00, real=0.01 secs] 
1657.405: [GC (Allocation Failure) [PSYoungGen: 76656K->1408K(76288K)] 498521K->423272K(594432K), 0.0026931 secs] [Times: user=0.01 sys=0.00, real=0.00 secs] 
1657.945: [GC (Allocation Failure) [PSYoungGen: 76160K->1437K(75776K)] 498024K->423302K(593920K), 0.0040375 secs] [Times: user=0.02 sys=0.00, real=0.00 secs] 
1658.185: [GC (Allocation Failure) [PSYoungGen: 75677K->1501K(75264K)] 497542K->423366K(593408K), 0.0020215 secs] [Times: user=0.00 sys=0.00, real=0.00 secs] 
1658.358: [GC (Allocation Failure) [PSYoungGen: 75229K->509K(73728K)] 497094K->423398K(591872K), 0.0019131 secs] [Times: user=0.01 sys=0.00, real=0.00 secs] 
1658.511: [GC (Allocation Failure) [PSYoungGen: 73725K->493K(74752K)] 496614K->423382K(592896K), 0.0017853 secs] [Times: user=0.00 sys=0.00, real=0.00 secs] 
1658.936: [GC (Allocation Failure) [PSYoungGen: 73197K->1424K(73728K)] 496086K->424313K(591872K), 0.0038409 secs] [Times: user=0.02 sys=0.00, real=0.00 secs] 
1659.404: [GC (Allocation Failure) [PSYoungGen: 73616K->1344K(73216K)] 496505K->424241K(591360K), 0.0020846 secs] [Times: user=0.01 sys=0.00, real=0.00 secs] 
1659.701: [GC (Allocation Failure) [PSYoungGen: 73024K->1408K(72704K)] 495921K->424305K(590848K), 0.0018874 secs] [Times: user=0.01 sys=0.00, real=0.00 secs] 
1659.997: [GC (Allocation Failure) [PSYoungGen: 72576K->1376K(72192K)] 495473K->424273K(590336K), 0.0024284 secs] [Times: user=0.01 sys=0.00, real=0.00 secs] 
1660.229: [GC (Allocation Failure) [PSYoungGen: 72032K->1472K(71680K)] 494929K->424369K(589824K), 0.0017416 secs] [Times: user=0.01 sys=0.00, real=0.01 secs] 
1660.352: [GC (Allocation Failure) [PSYoungGen: 71616K->1536K(71680K)] 494513K->424433K(589824K), 0.0017535 secs] [Times: user=0.00 sys=0.00, real=0.00 secs] 
1660.474: [GC (Allocation Failure) [PSYoungGen: 71168K->461K(72192K)] 494065K->424382K(590336K), 0.0015721 secs] [Times: user=0.01 sys=0.00, real=0.00 secs] 
1660.599: [GC (Allocation Failure) [PSYoungGen: 71629K->493K(73216K)] 495550K->424414K(591360K), 0.0015980 secs] [Times: user=0.00 sys=0.00, real=0.01 secs] 
1660.930: [GC (Allocation Failure) [PSYoungGen: 71661K->1376K(72192K)] 495582K->425313K(590336K), 0.0021336 secs] [Times: user=0.01 sys=0.01, real=0.01 secs] 
1661.219: [GC (Allocation Failure) [PSYoungGen: 72032K->1312K(71680K)] 495969K->425249K(589824K), 0.0020811 secs] [Times: user=0.01 sys=0.01, real=0.01 secs] 
1661.511: [GC (Allocation Failure) [PSYoungGen: 71456K->1344K(71168K)] 495393K->425281K(589312K), 0.0019343 secs] [Times: user=0.01 sys=0.00, real=0.01 secs] 
1661.824: [GC (Allocation Failure) [PSYoungGen: 70851K->288K(69632K)] 494788K->424225K(587776K), 0.0021380 secs] [Times: user=0.01 sys=0.00, real=0.00 secs] 
1662.031: [GC (Allocation Failure) [PSYoungGen: 69408K->1533K(70144K)] 493345K->425470K(588288K), 0.0025234 secs] [Times: user=0.01 sys=0.00, real=0.01 secs] 
1662.184: [GC (Allocation Failure) [PSYoungGen: 70136K->1440K(69632K)] 494073K->425377K(587776K), 0.0016587 secs] [Times: user=0.01 sys=0.00, real=0.00 secs] 
1662.323: [GC (Allocation Failure) [PSYoungGen: 69536K->1485K(75264K)] 493473K->425422K(593408K), 0.0018913 secs] [Times: user=0.01 sys=0.00, real=0.00 secs] 
1662.565: [GC (Allocation Failure) [PSYoungGen: 74189K->1472K(75264K)] 498126K->425409K(593408K), 0.0022023 secs] [Times: user=0.01 sys=0.00, real=0.00 secs] 
1662.923: [GC (Allocation Failure) [PSYoungGen: 74176K->1360K(73728K)] 498113K->425297K(591872K), 0.0020555 secs] [Times: user=0.01 sys=0.00, real=0.00 secs] 
1663.223: [GC (Allocation Failure) [PSYoungGen: 73552K->1344K(73216K)] 497489K->425281K(591360K), 0.0020968 secs] [Times: user=0.00 sys=0.00, real=0.00 secs] 
1663.521: [GC (Allocation Failure) [PSYoungGen: 73024K->1344K(72704K)] 496961K->425281K(590848K), 0.0021595 secs] [Times: user=0.00 sys=0.00, real=0.00 secs] 
1663.858: [GC (Allocation Failure) [PSYoungGen: 72512K->1472K(72192K)] 496449K->425409K(590336K), 0.0016313 secs] [Times: user=0.01 sys=0.00, real=0.00 secs] 
1663.983: [GC (Allocation Failure) [PSYoungGen: 72128K->1488K(78336K)] 496065K->425425K(596480K), 0.0025996 secs] [Times: user=0.01 sys=0.00, real=0.00 secs] 
1664.119: [GC (Allocation Failure) [PSYoungGen: 78288K->1504K(78848K)] 502225K->425441K(596992K), 0.0015759 secs] [Times: user=0.01 sys=0.00, real=0.00 secs] 
1664.254: [GC (Allocation Failure) [PSYoungGen: 78304K->1488K(85504K)] 502241K->425425K(603648K), 0.0015127 secs] [Times: user=0.01 sys=0.00, real=0.00 secs] 
1665.255: [GC (Allocation Failure) [PSYoungGen: 84944K->1408K(84480K)] 508881K->425345K(602624K), 0.0052295 secs] [Times: user=0.02 sys=0.00, real=0.00 secs] 
1666.070: [GC (Allocation Failure) [PSYoungGen: 84352K->1376K(83968K)] 508289K->425313K(602112K), 0.0032638 secs] [Times: user=0.01 sys=0.00, real=0.01 secs] 
1667.072: [GC (Allocation Failure) [PSYoungGen: 83808K->1376K(83456K)] 507745K->425313K(601600K), 0.0032390 secs] [Times: user=0.01 sys=0.00, real=0.00 secs] 
1667.693: [GC (Allocation Failure) [PSYoungGen: 83296K->1472K(82944K)] 507233K->425409K(601088K), 0.0021416 secs] [Times: user=0.00 sys=0.00, real=0.00 secs] 
1667.854: [GC (Allocation Failure) [PSYoungGen: 82880K->1536K(82944K)] 506817K->425473K(601088K), 0.0016703 secs] [Times: user=0.01 sys=0.00, real=0.00 secs] 
1667.997: [GC (Allocation Failure) [PSYoungGen: 82432K->1472K(81920K)] 506369K->425409K(600064K), 0.0016109 secs] [Times: user=0.01 sys=0.00, real=0.00 secs] 
1668.635: [GC (Allocation Failure) [PSYoungGen: 81856K->1440K(81408K)] 505793K->425377K(599552K), 0.0022683 secs] [Times: user=0.01 sys=0.00, real=0.00 secs] 
1668.998: [GC (Allocation Failure) [PSYoungGen: 81312K->1376K(80896K)] 505249K->425313K(599040K), 0.0021351 secs] [Times: user=0.01 sys=0.00, real=0.00 secs] 
1669.515: [GC (Allocation Failure) [PSYoungGen: 80736K->1376K(80384K)] 504673K->425313K(598528K), 0.0020304 secs] [Times: user=0.00 sys=0.00, real=0.00 secs] 
1670.089: [GC (Allocation Failure) [PSYoungGen: 80224K->1376K(79872K)] 504161K->425313K(598016K), 0.0020291 secs] [Times: user=0.00 sys=0.00, real=0.01 secs] 
1670.431: [GC (Allocation Failure) [PSYoungGen: 79712K->1504K(79360K)] 503649K->425441K(597504K), 0.0017608 secs] [Times: user=0.01 sys=0.00, real=0.00 secs] 
1670.569: [GC (Allocation Failure) [PSYoungGen: 79328K->1485K(78848K)] 503265K->425422K(596992K), 0.0015782 secs] [Times: user=0.01 sys=0.00, real=0.00 secs] 
1670.705: [GC (Allocation Failure) [PSYoungGen: 78797K->1472K(78336K)] 502734K->425409K(596480K), 0.0016673 secs] [Times: user=0.00 sys=0.00, real=0.00 secs] 
1671.375: [GC (Allocation Failure) [PSYoungGen: 78272K->1424K(77824K)] 502209K->425361K(595968K), 0.0027688 secs] [Times: user=0.01 sys=0.00, real=0.00 secs] 
1672.287: [GC (Allocation Failure) [PSYoungGen: 77712K->1360K(77312K)] 501649K->425321K(595456K), 0.0028451 secs] [Times: user=0.01 sys=0.01, real=0.00 secs] 
1673.151: [GC (Allocation Failure) [PSYoungGen: 77136K->1376K(76800K)] 501097K->425337K(594944K), 0.0024579 secs] [Times: user=0.01 sys=0.00, real=0.00 secs] 
1673.914: [GC (Allocation Failure) [PSYoungGen: 76640K->1408K(76288K)] 500601K->425369K(594432K), 0.0024540 secs] [Times: user=0.00 sys=0.00, real=0.00 secs] 
1674.212: [GC (Allocation Failure) [PSYoungGen: 76160K->1437K(75776K)] 500121K->425398K(593920K), 0.0015619 secs] [Times: user=0.00 sys=0.00, real=0.00 secs] 
1674.343: [GC (Allocation Failure) [PSYoungGen: 75677K->1469K(75264K)] 499638K->425430K(593408K), 0.0016951 secs] [Times: user=0.00 sys=0.00, real=0.00 secs] 
1674.473: [GC (Allocation Failure) [PSYoungGen: 75197K->1469K(74752K)] 499158K->425430K(592896K), 0.0015981 secs] [Times: user=0.01 sys=0.00, real=0.00 secs] 
1674.700: [GC (Allocation Failure) [PSYoungGen: 74685K->1472K(74240K)] 498646K->425433K(592384K), 0.0020133 secs] [Times: user=0.01 sys=0.00, real=0.01 secs] 
1675.003: [GC (Allocation Failure) [PSYoungGen: 74176K->1392K(73728K)] 498137K->425361K(591872K), 0.0018454 secs] [Times: user=0.01 sys=0.00, real=0.00 secs] 
1675.303: [GC (Allocation Failure) [PSYoungGen: 73584K->1376K(73216K)] 497553K->425345K(591360K), 0.0019927 secs] [Times: user=0.01 sys=0.00, real=0.00 secs] 
1675.601: [GC (Allocation Failure) [PSYoungGen: 73056K->1408K(72704K)] 497025K->425377K(590848K), 0.0019049 secs] [Times: user=0.00 sys=0.00, real=0.01 secs] 
1676.022: [GC (Allocation Failure) [PSYoungGen: 72557K->1469K(72192K)] 496526K->425438K(590336K), 0.0023224 secs] [Times: user=0.00 sys=0.00, real=0.00 secs] 
1676.225: [GC (Allocation Failure) [PSYoungGen: 72120K->1501K(71680K)] 496089K->425470K(589824K), 0.0019132 secs] [Times: user=0.01 sys=0.00, real=0.00 secs] 
1676.350: [GC (Allocation Failure) [PSYoungGen: 71645K->1453K(71168K)] 495614K->425422K(589312K), 0.0017426 secs] [Times: user=0.01 sys=0.00, real=0.01 secs] 
1676.473: [GC (Allocation Failure) [PSYoungGen: 71085K->1453K(71680K)] 495054K->425422K(589824K), 0.0017781 secs] [Times: user=0.01 sys=0.00, real=0.00 secs] 
1676.751: [GC (Allocation Failure) [PSYoungGen: 71597K->1408K(72192K)] 495566K->425377K(590336K), 0.0063510 secs] [Times: user=0.03 sys=0.00, real=0.00 secs] 
1677.044: [GC (Allocation Failure) [PSYoungGen: 71552K->1344K(78336K)] 495521K->425313K(596480K), 0.0020500 secs] [Times: user=0.01 sys=0.00, real=0.00 secs] 
1677.382: [GC (Allocation Failure) [PSYoungGen: 78144K->1376K(78848K)] 502113K->425345K(596992K), 0.0018544 secs] [Times: user=0.01 sys=0.00, real=0.00 secs] 
1677.700: [GC (Allocation Failure) [PSYoungGen: 78176K->1376K(77824K)] 502145K->425345K(595968K), 0.0019831 secs] [Times: user=0.00 sys=0.00, real=0.01 secs] 
1677.918: [GC (Allocation Failure) [PSYoungGen: 77664K->1469K(77312K)] 501633K->425438K(595456K), 0.0017247 secs] [Times: user=0.00 sys=0.00, real=0.00 secs] 
1678.053: [GC (Allocation Failure) [PSYoungGen: 77245K->1440K(76800K)] 501214K->425433K(594944K), 0.0015782 secs] [Times: user=0.00 sys=0.00, real=0.00 secs] 
1678.187: [GC (Allocation Failure) [PSYoungGen: 76704K->1504K(83968K)] 500697K->425497K(602112K), 0.0016057 secs] [Times: user=0.01 sys=0.00, real=0.00 secs] 
1678.631: [GC (Allocation Failure) [PSYoungGen: 83424K->1472K(82944K)] 507417K->425473K(601088K), 0.0019333 secs] [Times: user=0.01 sys=0.00, real=0.00 secs] 
1679.340: [GC (Allocation Failure) [PSYoungGen: 82880K->1408K(82432K)] 506881K->425409K(600576K), 0.0039315 secs] [Times: user=0.02 sys=0.01, real=0.01 secs] 
1679.739: [GC (Allocation Failure) [PSYoungGen: 82304K->1376K(81920K)] 506305K->425377K(600064K), 0.0021191 secs] [Times: user=0.01 sys=0.00, real=0.01 secs] 
1680.090: [GC (Allocation Failure) [PSYoungGen: 81760K->1469K(81408K)] 505761K->425470K(599552K), 0.0020972 secs] [Times: user=0.01 sys=0.00, real=0.01 secs] 
1680.284: [GC (Allocation Failure) [PSYoungGen: 81341K->1533K(80896K)] 505342K->425534K(599040K), 0.0021293 secs] [Times: user=0.00 sys=0.00, real=0.00 secs] 
1680.452: [GC (Allocation Failure) [PSYoungGen: 80893K->1453K(80384K)] 504894K->425454K(598528K), 0.0016682 secs] [Times: user=0.00 sys=0.00, real=0.00 secs] 
1680.591: [GC (Allocation Failure) [PSYoungGen: 80301K->1533K(79872K)] 504302K->425534K(598016K), 0.0017282 secs] [Times: user=0.00 sys=0.00, real=0.00 secs] 
1680.910: [GC (Allocation Failure) [PSYoungGen: 79869K->1424K(79360K)] 503870K->425425K(597504K), 0.0021496 secs] [Times: user=0.01 sys=0.00, real=0.01 secs] 
1681.233: [GC (Allocation Failure) [PSYoungGen: 79248K->1376K(78848K)] 503249K->425377K(596992K), 0.0020759 secs] [Times: user=0.01 sys=0.00, real=0.00 secs] 
1681.554: [GC (Allocation Failure) [PSYoungGen: 78688K->1376K(78336K)] 502689K->425377K(596480K), 0.0021038 secs] [Times: user=0.01 sys=0.00, real=0.00 secs] 
1681.908: [GC (Allocation Failure) [PSYoungGen: 78176K->1437K(77824K)] 502177K->425438K(595968K), 0.0022398 secs] [Times: user=0.01 sys=0.00, real=0.00 secs] 
1682.100: [GC (Allocation Failure) [PSYoungGen: 77725K->1469K(77312K)] 501726K->425470K(595456K), 0.0022330 secs] [Times: user=0.01 sys=0.00, real=0.01 secs] 
1682.267: [GC (Allocation Failure) [PSYoungGen: 77245K->1421K(76800K)] 501246K->425422K(594944K), 0.0016228 secs] [Times: user=0.01 sys=0.00, real=0.00 secs] 
1682.398: [GC (Allocation Failure) [PSYoungGen: 76685K->1469K(76288K)] 500686K->425470K(594432K), 0.0017682 secs] [Times: user=0.01 sys=0.00, real=0.00 secs] 
1682.692: [GC (Allocation Failure) [PSYoungGen: 76221K->1440K(75776K)] 500222K->425441K(593920K), 0.0021540 secs] [Times: user=0.01 sys=0.00, real=0.00 secs] 
1683.001: [GC (Allocation Failure) [PSYoungGen: 75680K->1408K(75264K)] 499681K->425417K(593408K), 0.0026857 secs] [Times: user=0.01 sys=0.01, real=0.00 secs] 
1683.309: [GC (Allocation Failure) [PSYoungGen: 75136K->1408K(74752K)] 499145K->425417K(592896K), 0.0021376 secs] [Times: user=0.01 sys=0.00, real=0.01 secs] 
1683.621: [GC (Allocation Failure) [PSYoungGen: 74624K->1408K(74240K)] 498633K->425417K(592384K), 0.0027815 secs] [Times: user=0.01 sys=0.00, real=0.00 secs] 
1683.843: [GC (Allocation Failure) [PSYoungGen: 74112K->480K(72704K)] 498121K->425513K(590848K), 0.0015984 secs] [Times: user=0.01 sys=0.00, real=0.00 secs] 
1683.971: [GC (Allocation Failure) [PSYoungGen: 72672K->461K(73728K)] 497705K->425494K(591872K), 0.0016747 secs] [Times: user=0.01 sys=0.00, real=0.00 secs] 
1684.099: [GC (Allocation Failure) [PSYoungGen: 72141K->429K(74240K)] 497174K->425462K(592384K), 0.0016757 secs] [Times: user=0.00 sys=0.00, real=0.00 secs] 
1684.708: [GC (Allocation Failure) [PSYoungGen: 72621K->1392K(73216K)] 497654K->426425K(591360K), 0.0021910 secs] [Times: user=0.01 sys=0.00, real=0.00 secs] 
1685.615: [GC (Allocation Failure) [PSYoungGen: 73072K->1376K(72704K)] 498105K->426409K(590848K), 0.0031563 secs] [Times: user=0.01 sys=0.00, real=0.00 secs] 
1686.526: [GC (Allocation Failure) [PSYoungGen: 72544K->1376K(72192K)] 497577K->426409K(590336K), 0.0023546 secs] [Times: user=0.01 sys=0.00, real=0.00 secs] 
1687.478: [GC (Allocation Failure) [PSYoungGen: 72032K->1344K(71680K)] 497065K->426377K(589824K), 0.0044552 secs] [Times: user=0.02 sys=0.00, real=0.01 secs] 
1688.136: [GC (Allocation Failure) [PSYoungGen: 71488K->1437K(71168K)] 496521K->426470K(589312K), 0.0025919 secs] [Times: user=0.01 sys=0.00, real=0.00 secs] 
1688.306: [GC (Allocation Failure) [PSYoungGen: 71069K->1501K(70656K)] 496102K->426534K(588800K), 0.0016336 secs] [Times: user=0.01 sys=0.00, real=0.00 secs] 
1688.429: [GC (Allocation Failure) [PSYoungGen: 70621K->1504K(70144K)] 495654K->426537K(588288K), 0.0015627 secs] [Times: user=0.00 sys=0.00, real=0.00 secs] 
1688.549: [GC (Allocation Failure) [PSYoungGen: 70108K->1485K(69632K)] 495141K->426518K(587776K), 0.0015853 secs] [Times: user=0.01 sys=0.00, real=0.00 secs] 
1689.071: [GC (Allocation Failure) [PSYoungGen: 69581K->1440K(69120K)] 494614K->426481K(587264K), 0.0024877 secs] [Times: user=0.01 sys=0.00, real=0.00 secs] 
1689.672: [GC (Allocation Failure) [PSYoungGen: 69024K->1408K(68608K)] 494065K->426449K(586752K), 0.0021754 secs] [Times: user=0.00 sys=0.00, real=0.00 secs] 
1690.051: [GC (Allocation Failure) [PSYoungGen: 68480K->1376K(68096K)] 493521K->426417K(586240K), 0.0024431 secs] [Times: user=0.01 sys=0.00, real=0.01 secs] 
1690.609: [GC (Allocation Failure) [PSYoungGen: 67936K->1408K(67584K)] 492977K->426449K(585728K), 0.0022803 secs] [Times: user=0.00 sys=0.00, real=0.01 secs] 
1691.013: [GC (Allocation Failure) [PSYoungGen: 67456K->1469K(67072K)] 492497K->426510K(585216K), 0.0020029 secs] [Times: user=0.01 sys=0.00, real=0.00 secs] 
1691.139: [GC (Allocation Failure) [PSYoungGen: 67005K->1501K(66560K)] 492046K->426542K(584704K), 0.0016748 secs] [Times: user=0.00 sys=0.00, real=0.00 secs] 
1691.253: [GC (Allocation Failure) [PSYoungGen: 66525K->1501K(66048K)] 491566K->426542K(584192K), 0.0016303 secs] [Times: user=0.01 sys=0.00, real=0.00 secs] 
1691.366: [GC (Allocation Failure) [PSYoungGen: 66013K->1501K(66560K)] 491054K->426558K(584704K), 0.0018334 secs] [Times: user=0.01 sys=0.00, real=0.00 secs] 
1691.729: [GC (Allocation Failure) [PSYoungGen: 66013K->1440K(65536K)] 491070K->426497K(583680K), 0.0019789 secs] [Times: user=0.01 sys=0.00, real=0.01 secs] 
1692.094: [GC (Allocation Failure) [PSYoungGen: 65440K->1344K(65024K)] 490497K->426401K(583168K), 0.0021866 secs] [Times: user=0.00 sys=0.00, real=0.00 secs] 
1692.359: [GC (Allocation Failure) [PSYoungGen: 64832K->1408K(64512K)] 489889K->426465K(582656K), 0.0021855 secs] [Times: user=0.01 sys=0.00, real=0.01 secs] 
1692.621: [GC (Allocation Failure) [PSYoungGen: 64384K->1376K(64000K)] 489441K->426441K(582144K), 0.0020527 secs] [Times: user=0.01 sys=0.00, real=0.01 secs] 
1692.964: [GC (Allocation Failure) [PSYoungGen: 63840K->1469K(63488K)] 488905K->426534K(581632K), 0.0021091 secs] [Times: user=0.01 sys=0.00, real=0.00 secs] 
1693.089: [GC (Allocation Failure) [PSYoungGen: 63421K->1501K(62976K)] 488486K->426566K(581120K), 0.0017230 secs] [Times: user=0.00 sys=0.00, real=0.00 secs] 
1693.197: [GC (Allocation Failure) [PSYoungGen: 62941K->1469K(63488K)] 488006K->426534K(581632K), 0.0016094 secs] [Times: user=0.00 sys=0.00, real=0.00 secs] 
1693.304: [GC (Allocation Failure) [PSYoungGen: 62909K->1536K(69120K)] 487974K->426609K(587264K), 0.0017623 secs] [Times: user=0.01 sys=0.00, real=0.00 secs] 
1693.440: [GC (Allocation Failure) [PSYoungGen: 68597K->1469K(69120K)] 493670K->426542K(587264K), 0.0017747 secs] [Times: user=0.01 sys=0.00, real=0.01 secs] 
1693.758: [GC (Allocation Failure) [PSYoungGen: 68541K->1408K(74752K)] 493614K->426481K(592896K), 0.0020472 secs] [Times: user=0.01 sys=0.00, real=0.00 secs] 
1694.063: [GC (Allocation Failure) [PSYoungGen: 74624K->1408K(74240K)] 499697K->426489K(592384K), 0.0020376 secs] [Times: user=0.00 sys=0.00, real=0.00 secs] 
1694.383: [GC (Allocation Failure) [PSYoungGen: 74112K->1408K(73728K)] 499193K->426489K(591872K), 0.0018679 secs] [Times: user=0.01 sys=0.00, real=0.00 secs] 
1694.934: [GC (Allocation Failure) [PSYoungGen: 73600K->1437K(73216K)] 498681K->426518K(591360K), 0.0021019 secs] [Times: user=0.01 sys=0.00, real=0.00 secs] 
1695.119: [GC (Allocation Failure) [PSYoungGen: 73117K->1501K(72704K)] 498198K->426582K(590848K), 0.0022176 secs] [Times: user=0.00 sys=0.00, real=0.01 secs] 
1695.275: [GC (Allocation Failure) [PSYoungGen: 72669K->1504K(72192K)] 497750K->426585K(590336K), 0.0016088 secs] [Times: user=0.00 sys=0.00, real=0.00 secs] 
1695.400: [GC (Allocation Failure) [PSYoungGen: 72160K->1453K(71680K)] 497241K->426542K(589824K), 0.0016853 secs] [Times: user=0.01 sys=0.00, real=0.01 secs] 
1695.809: [GC (Allocation Failure) [PSYoungGen: 71597K->1424K(71168K)] 496686K->426513K(589312K), 0.0028500 secs] [Times: user=0.01 sys=0.01, real=0.01 secs] 
1696.148: [GC (Allocation Failure) [PSYoungGen: 71056K->1376K(70656K)] 496145K->426465K(588800K), 0.0020482 secs] [Times: user=0.01 sys=0.00, real=0.00 secs] 
1696.476: [GC (Allocation Failure) [PSYoungGen: 70496K->1376K(70144K)] 495585K->426465K(588288K), 0.0021990 secs] [Times: user=0.01 sys=0.00, real=0.00 secs] 
1697.017: [GC (Allocation Failure) [PSYoungGen: 69984K->1376K(69632K)] 495073K->426465K(587776K), 0.0020580 secs] [Times: user=0.01 sys=0.00, real=0.00 secs] 
1697.528: [GC (Allocation Failure) [PSYoungGen: 69472K->1469K(69120K)] 494561K->426558K(587264K), 0.0021814 secs] [Times: user=0.01 sys=0.00, real=0.00 secs] 
1697.660: [GC (Allocation Failure) [PSYoungGen: 69053K->1485K(68608K)] 494142K->426574K(586752K), 0.0016925 secs] [Times: user=0.01 sys=0.00, real=0.01 secs] 
1697.779: [GC (Allocation Failure) [PSYoungGen: 68544K->1469K(68096K)] 493633K->426558K(586240K), 0.0017365 secs] [Times: user=0.00 sys=0.00, real=0.00 secs] 
1697.898: [GC (Allocation Failure) [PSYoungGen: 68029K->1504K(68608K)] 493118K->426593K(586752K), 0.0016362 secs] [Times: user=0.01 sys=0.00, real=0.00 secs] 
1698.320: [GC (Allocation Failure) [PSYoungGen: 68064K->1440K(67584K)] 493153K->426529K(585728K), 0.0018588 secs] [Times: user=0.01 sys=0.00, real=0.01 secs] 
1698.682: [GC (Allocation Failure) [PSYoungGen: 67488K->1344K(67072K)] 492577K->426433K(585216K), 0.0019171 secs] [Times: user=0.00 sys=0.00, real=0.00 secs] 
1698.980: [GC (Allocation Failure) [PSYoungGen: 66880K->1408K(66560K)] 491969K->426513K(584704K), 0.0018588 secs] [Times: user=0.01 sys=0.00, real=0.01 secs] 
1699.320: [GC (Allocation Failure) [PSYoungGen: 66432K->1408K(66048K)] 491537K->426513K(584192K), 0.0019297 secs] [Times: user=0.01 sys=0.00, real=0.01 secs] 
1699.753: [GC (Allocation Failure) [PSYoungGen: 65920K->1469K(65536K)] 491025K->426574K(583680K), 0.0020058 secs] [Times: user=0.01 sys=0.00, real=0.00 secs] 
1699.876: [GC (Allocation Failure) [PSYoungGen: 65469K->1456K(65024K)] 490574K->426561K(583168K), 0.0019784 secs] [Times: user=0.00 sys=0.00, real=0.00 secs] 
1700.005: [GC (Allocation Failure) [PSYoungGen: 64944K->1485K(65536K)] 490049K->426590K(583680K), 0.0019120 secs] [Times: user=0.01 sys=0.00, real=0.00 secs] 
1700.146: [GC (Allocation Failure) [PSYoungGen: 64973K->1469K(71168K)] 490078K->426582K(589312K), 0.0019631 secs] [Times: user=0.00 sys=0.01, real=0.00 secs] 
1700.430: [GC (Allocation Failure) [PSYoungGen: 70589K->1440K(71168K)] 495702K->426553K(589312K), 0.0021935 secs] [Times: user=0.01 sys=0.00, real=0.01 secs] 
1701.125: [GC (Allocation Failure) [PSYoungGen: 70560K->1440K(70144K)] 495673K->426553K(588288K), 0.0023589 secs] [Times: user=0.01 sys=0.00, real=0.00 secs] 
1701.928: [GC (Allocation Failure) [PSYoungGen: 70048K->1376K(69632K)] 495161K->426489K(587776K), 0.0030034 secs] [Times: user=0.01 sys=0.00, real=0.01 secs] 
1702.809: [GC (Allocation Failure) [PSYoungGen: 69472K->1376K(69120K)] 494585K->426489K(587264K), 0.0027371 secs] [Times: user=0.01 sys=0.00, real=0.01 secs] 
1703.799: [GC (Allocation Failure) [PSYoungGen: 68960K->1453K(68608K)] 494073K->426566K(586752K), 0.0025292 secs] [Times: user=0.01 sys=0.00, real=0.01 secs] 
1703.975: [GC (Allocation Failure) [PSYoungGen: 68525K->1485K(68096K)] 493638K->426598K(586240K), 0.0016259 secs] [Times: user=0.00 sys=0.00, real=0.00 secs] 
1704.092: [GC (Allocation Failure) [PSYoungGen: 68045K->1472K(67584K)] 493158K->426585K(585728K), 0.0016856 secs] [Times: user=0.01 sys=0.00, real=0.00 secs] 
1704.209: [GC (Allocation Failure) [PSYoungGen: 67520K->1501K(67072K)] 492633K->426622K(585216K), 0.0015603 secs] [Times: user=0.00 sys=0.00, real=0.01 secs] 
1704.718: [GC (Allocation Failure) [PSYoungGen: 67037K->1408K(66560K)] 492158K->426529K(584704K), 0.0033579 secs] [Times: user=0.01 sys=0.00, real=0.01 secs] 
1705.685: [GC (Allocation Failure) [PSYoungGen: 66432K->1376K(66048K)] 491553K->426497K(584192K), 0.0021018 secs] [Times: user=0.01 sys=0.00, real=0.00 secs] 
1706.000: [GC (Allocation Failure) [PSYoungGen: 65888K->1408K(65536K)] 491009K->426529K(583680K), 0.0021571 secs] [Times: user=0.01 sys=0.01, real=0.01 secs] 
1706.546: [GC (Allocation Failure) [PSYoungGen: 65408K->1408K(65024K)] 490529K->426529K(583168K), 0.0034206 secs] [Times: user=0.01 sys=0.00, real=0.00 secs] 
1707.911: [GC (Allocation Failure) [PSYoungGen: 64896K->1376K(64512K)] 490017K->426497K(582656K), 0.0046371 secs] [Times: user=0.01 sys=0.00, real=0.00 secs] 
1708.347: [GC (Allocation Failure) [PSYoungGen: 64352K->1501K(64000K)] 489473K->426622K(582144K), 0.0023660 secs] [Times: user=0.01 sys=0.00, real=0.00 secs] 
1708.484: [GC (Allocation Failure) [PSYoungGen: 63965K->1469K(63488K)] 489086K->426590K(581632K), 0.0016694 secs] [Times: user=0.01 sys=0.00, real=0.00 secs] 
1708.592: [GC (Allocation Failure) [PSYoungGen: 63421K->1469K(62976K)] 488542K->426598K(581120K), 0.0016134 secs] [Times: user=0.01 sys=0.00, real=0.00 secs] 
1708.699: [GC (Allocation Failure) [PSYoungGen: 62909K->1421K(68608K)] 488038K->426550K(586752K), 0.0016457 secs] [Times: user=0.00 sys=0.00, real=0.01 secs] 
1708.987: [GC (Allocation Failure) [PSYoungGen: 68493K->1424K(68096K)] 493622K->426553K(586240K), 0.0020721 secs] [Times: user=0.01 sys=0.00, real=0.00 secs] 
1709.339: [GC (Allocation Failure) [PSYoungGen: 67984K->1376K(67584K)] 493113K->426505K(585728K), 0.0021501 secs] [Times: user=0.01 sys=0.00, real=0.01 secs] 
1709.630: [GC (Allocation Failure) [PSYoungGen: 67424K->1376K(67072K)] 492553K->426505K(585216K), 0.0021841 secs] [Times: user=0.01 sys=0.00, real=0.01 secs] 
1710.061: [GC (Allocation Failure) [PSYoungGen: 66912K->1408K(66560K)] 492041K->426537K(584704K), 0.0022866 secs] [Times: user=0.01 sys=0.00, real=0.00 secs] 
1710.298: [GC (Allocation Failure) [PSYoungGen: 66432K->1437K(66048K)] 491561K->426566K(584192K), 0.0015936 secs] [Times: user=0.01 sys=0.00, real=0.00 secs] 
1710.414: [GC (Allocation Failure) [PSYoungGen: 65949K->1504K(65536K)] 491078K->426633K(583680K), 0.0015818 secs] [Times: user=0.01 sys=0.00, real=0.00 secs] 
1710.545: [GC (Allocation Failure) [PSYoungGen: 65487K->448K(66048K)] 490616K->426633K(584192K), 0.0019203 secs] [Times: user=0.01 sys=0.00, real=0.00 secs] 
1710.695: [GC (Allocation Failure) [PSYoungGen: 65472K->461K(67072K)] 491657K->426646K(585216K), 0.0044070 secs] [Times: user=0.02 sys=0.00, real=0.00 secs] 
1711.424: [GC (Allocation Failure) [PSYoungGen: 65485K->1440K(72704K)] 491670K->427625K(590848K), 0.0028243 secs] [Times: user=0.01 sys=0.00, real=0.00 secs] 
1712.824: [GC (Allocation Failure) [PSYoungGen: 72608K->1376K(72192K)] 498793K->427561K(590336K), 0.0047463 secs] [Times: user=0.02 sys=0.00, real=0.00 secs] 
1713.460: [GC (Allocation Failure) [PSYoungGen: 72032K->1376K(71680K)] 498217K->427561K(589824K), 0.0025526 secs] [Times: user=0.01 sys=0.00, real=0.01 secs] 
1713.944: [GC (Allocation Failure) [PSYoungGen: 71520K->1376K(71168K)] 497705K->427561K(589312K), 0.0021726 secs] [Times: user=0.01 sys=0.00, real=0.00 secs] 
1714.451: [GC (Allocation Failure) [PSYoungGen: 71008K->1437K(70656K)] 497193K->427622K(588800K), 0.0017872 secs] [Times: user=0.00 sys=0.00, real=0.00 secs] 
1714.585: [GC (Allocation Failure) [PSYoungGen: 70557K->1517K(70144K)] 496742K->427702K(588288K), 0.0017130 secs] [Times: user=0.00 sys=0.00, real=0.00 secs] 
1714.705: [GC (Allocation Failure) [PSYoungGen: 70125K->1485K(69632K)] 496310K->427670K(587776K), 0.0017098 secs] [Times: user=0.00 sys=0.00, real=0.00 secs] 
1714.825: [GC (Allocation Failure) [PSYoungGen: 69581K->1469K(70656K)] 495766K->427662K(588800K), 0.0017774 secs] [Times: user=0.01 sys=0.00, real=0.00 secs] 
1715.366: [GC (Allocation Failure) [PSYoungGen: 70077K->1392K(69632K)] 496270K->427585K(587776K), 0.0033604 secs] [Times: user=0.01 sys=0.00, real=0.00 secs] 
1715.770: [GC (Allocation Failure) [PSYoungGen: 69488K->1376K(69120K)] 495681K->427569K(587264K), 0.0020143 secs] [Times: user=0.01 sys=0.01, real=0.01 secs] 
1716.141: [GC (Allocation Failure) [PSYoungGen: 68960K->1376K(68608K)] 495153K->427569K(586752K), 0.0020396 secs] [Times: user=0.01 sys=0.00, real=0.01 secs] 
1716.426: [GC (Allocation Failure) [PSYoungGen: 68448K->1376K(68096K)] 494641K->427569K(586240K), 0.0022245 secs] [Times: user=0.01 sys=0.00, real=0.00 secs] 
1716.771: [GC (Allocation Failure) [PSYoungGen: 67936K->1437K(67584K)] 494129K->427630K(585728K), 0.0016628 secs] [Times: user=0.01 sys=0.00, real=0.00 secs] 
1716.888: [GC (Allocation Failure) [PSYoungGen: 67485K->1472K(67072K)] 493678K->427665K(585216K), 0.0016785 secs] [Times: user=0.00 sys=0.00, real=0.00 secs] 
1717.006: [GC (Allocation Failure) [PSYoungGen: 67008K->1501K(66560K)] 493201K->427694K(584704K), 0.0016112 secs] [Times: user=0.01 sys=0.00, real=0.00 secs] 
1717.121: [GC (Allocation Failure) [PSYoungGen: 66525K->1421K(72704K)] 492718K->427622K(590848K), 0.0017127 secs] [Times: user=0.01 sys=0.00, real=0.01 secs] 
1717.570: [GC (Allocation Failure) [PSYoungGen: 72077K->1424K(71680K)] 498278K->427625K(589824K), 0.0018564 secs] [Times: user=0.01 sys=0.00, real=0.01 secs] 
1717.958: [GC (Allocation Failure) [PSYoungGen: 71568K->1344K(71168K)] 497769K->427545K(589312K), 0.0019064 secs] [Times: user=0.00 sys=0.00, real=0.00 secs] 
1718.285: [GC (Allocation Failure) [PSYoungGen: 70976K->1376K(70656K)] 497177K->427577K(588800K), 0.0019349 secs] [Times: user=0.01 sys=0.00, real=0.00 secs] 
1718.572: [GC (Allocation Failure) [PSYoungGen: 70496K->1408K(70144K)] 496697K->427625K(588288K), 0.0020638 secs] [Times: user=0.01 sys=0.00, real=0.00 secs] 
1718.803: [GC (Allocation Failure) [PSYoungGen: 70016K->1469K(69632K)] 496233K->427686K(587776K), 0.0016069 secs] [Times: user=0.01 sys=0.00, real=0.00 secs] 
1718.941: [GC (Allocation Failure) [PSYoungGen: 69565K->1517K(69120K)] 495782K->427734K(587264K), 0.0019911 secs] [Times: user=0.01 sys=0.00, real=0.00 secs] 
1719.092: [GC (Allocation Failure) [PSYoungGen: 69101K->1501K(68608K)] 495318K->427718K(586752K), 0.0015370 secs] [Times: user=0.01 sys=0.00, real=0.00 secs] 
1719.228: [GC (Allocation Failure) [PSYoungGen: 68543K->1533K(69632K)] 494760K->427766K(587776K), 0.0020018 secs] [Times: user=0.01 sys=0.00, real=0.00 secs] 
1719.793: [GC (Allocation Failure) [PSYoungGen: 69117K->1440K(68608K)] 495350K->427673K(586752K), 0.0045930 secs] [Times: user=0.02 sys=0.01, real=0.00 secs] 
1720.421: [GC (Allocation Failure) [PSYoungGen: 68512K->1376K(68096K)] 494745K->427609K(586240K), 0.0029505 secs] [Times: user=0.01 sys=0.00, real=0.01 secs] 
1721.019: [GC (Allocation Failure) [PSYoungGen: 67936K->1376K(67584K)] 494169K->427609K(585728K), 0.0020088 secs] [Times: user=0.01 sys=0.00, real=0.01 secs] 
1721.484: [GC (Allocation Failure) [PSYoungGen: 67424K->1344K(67072K)] 493657K->427577K(585216K), 0.0021022 secs] [Times: user=0.01 sys=0.00, real=0.00 secs] 
1721.789: [GC (Allocation Failure) [PSYoungGen: 66880K->1469K(66560K)] 493113K->427702K(584704K), 0.0015943 secs] [Times: user=0.01 sys=0.00, real=0.00 secs] 
1721.904: [GC (Allocation Failure) [PSYoungGen: 66493K->1517K(66048K)] 492726K->427750K(584192K), 0.0017367 secs] [Times: user=0.00 sys=0.00, real=0.00 secs] 
1722.025: [GC (Allocation Failure) [PSYoungGen: 66029K->1501K(65536K)] 492262K->427734K(583680K), 0.0016973 secs] [Times: user=0.00 sys=0.00, real=0.00 secs] 
1722.176: [GC (Allocation Failure) [PSYoungGen: 65501K->1501K(71680K)] 491734K->427742K(589824K), 0.0020472 secs] [Times: user=0.01 sys=0.00, real=0.00 secs] 
1722.598: [GC (Allocation Failure) [PSYoungGen: 71133K->1440K(70656K)] 497374K->427681K(588800K), 0.0022161 secs] [Times: user=0.00 sys=0.00, real=0.00 secs] 
1723.275: [GC (Allocation Failure) [PSYoungGen: 70560K->1408K(70144K)] 496801K->427649K(588288K), 0.0026133 secs] [Times: user=0.00 sys=0.00, real=0.00 secs] 
1723.967: [GC (Allocation Failure) [PSYoungGen: 70016K->1376K(69632K)] 496257K->427617K(587776K), 0.0031813 secs] [Times: user=0.02 sys=0.00, real=0.00 secs] 
1724.823: [GC (Allocation Failure) [PSYoungGen: 69472K->1376K(69120K)] 495713K->427633K(587264K), 0.0036006 secs] [Times: user=0.01 sys=0.00, real=0.00 secs] 
1725.497: [GC (Allocation Failure) [PSYoungGen: 68960K->1469K(68608K)] 495217K->427726K(586752K), 0.0027035 secs] [Times: user=0.01 sys=0.00, real=0.00 secs] 
1725.673: [GC (Allocation Failure) [PSYoungGen: 68541K->1440K(68096K)] 494798K->427697K(586240K), 0.0017411 secs] [Times: user=0.00 sys=0.00, real=0.00 secs] 
1725.790: [GC (Allocation Failure) [PSYoungGen: 68000K->1453K(67584K)] 494257K->427710K(585728K), 0.0015452 secs] [Times: user=0.01 sys=0.00, real=0.01 secs] 
1725.906: [GC (Allocation Failure) [PSYoungGen: 67501K->1501K(67072K)] 493758K->427766K(585216K), 0.0017474 secs] [Times: user=0.01 sys=0.00, real=0.00 secs] 
1726.470: [GC (Allocation Failure) [PSYoungGen: 67037K->1424K(66560K)] 493302K->427689K(584704K), 0.0032485 secs] [Times: user=0.01 sys=0.00, real=0.01 secs] 
1726.761: [GC (Allocation Failure) [PSYoungGen: 66448K->1408K(66048K)] 492713K->427673K(584192K), 0.0020488 secs] [Times: user=0.01 sys=0.00, real=0.01 secs] 
1727.038: [GC (Allocation Failure) [PSYoungGen: 65920K->1376K(65536K)] 492185K->427641K(583680K), 0.0019960 secs] [Times: user=0.01 sys=0.00, real=0.00 secs] 
1727.463: [GC (Allocation Failure) [PSYoungGen: 65376K->1344K(65024K)] 491641K->427609K(583168K), 0.0031048 secs] [Times: user=0.01 sys=0.00, real=0.00 secs] 
1727.969: [GC (Allocation Failure) [PSYoungGen: 64832K->1469K(64512K)] 491097K->427734K(582656K), 0.0025785 secs] [Times: user=0.01 sys=0.00, real=0.01 secs] 
1728.131: [GC (Allocation Failure) [PSYoungGen: 64445K->1485K(64000K)] 490710K->427750K(582144K), 0.0016207 secs] [Times: user=0.01 sys=0.00, real=0.00 secs] 
1728.245: [GC (Allocation Failure) [PSYoungGen: 63949K->1469K(63488K)] 490214K->427734K(581632K), 0.0015387 secs] [Times: user=0.01 sys=0.00, real=0.00 secs] 
1728.355: [GC (Allocation Failure) [PSYoungGen: 63421K->1453K(64000K)] 489686K->427726K(582144K), 0.0017811 secs] [Times: user=0.01 sys=0.00, real=0.00 secs] 
1728.465: [GC (Allocation Failure) [PSYoungGen: 63405K->160K(69632K)] 489678K->426433K(587776K), 0.0014339 secs] [Times: user=0.01 sys=0.00, real=0.00 secs] 
1729.284: [GC (Allocation Failure) [PSYoungGen: 67744K->1344K(68608K)] 494017K->427617K(586752K), 0.0020487 secs] [Times: user=0.01 sys=0.00, real=0.00 secs] 
1729.906: [GC (Allocation Failure) [PSYoungGen: 68416K->1376K(68096K)] 494689K->427665K(586240K), 0.0032545 secs] [Times: user=0.01 sys=0.00, real=0.00 secs] 
1730.633: [GC (Allocation Failure) [PSYoungGen: 67936K->1408K(67584K)] 494225K->427697K(585728K), 0.0033092 secs] [Times: user=0.01 sys=0.01, real=0.00 secs] 
1731.400: [GC (Allocation Failure) [PSYoungGen: 67456K->1392K(67072K)] 493745K->427681K(585216K), 0.0050621 secs] [Times: user=0.02 sys=0.01, real=0.01 secs] 
1731.747: [GC (Allocation Failure) [PSYoungGen: 66928K->1504K(66560K)] 493217K->427793K(584704K), 0.0020530 secs] [Times: user=0.01 sys=0.00, real=0.00 secs] 
1731.874: [GC (Allocation Failure) [PSYoungGen: 66528K->1472K(66048K)] 492817K->427761K(584192K), 0.0016612 secs] [Times: user=0.01 sys=0.00, real=0.00 secs] 
1731.988: [GC (Allocation Failure) [PSYoungGen: 65984K->1421K(65536K)] 492273K->427718K(583680K), 0.0016661 secs] [Times: user=0.00 sys=0.00, real=0.00 secs] 
1732.102: [GC (Allocation Failure) [PSYoungGen: 65421K->1453K(66048K)] 491718K->427750K(584192K), 0.0016019 secs] [Times: user=0.00 sys=0.00, real=0.00 secs] 
1732.797: [GC (Allocation Failure) [PSYoungGen: 65453K->1440K(65024K)] 491750K->427737K(583168K), 0.0022211 secs] [Times: user=0.00 sys=0.00, real=0.00 secs] 
1733.578: [GC (Allocation Failure) [PSYoungGen: 64928K->1344K(64512K)] 491225K->427641K(582656K), 0.0033565 secs] [Times: user=0.02 sys=0.00, real=0.01 secs] 
1734.123: [GC (Allocation Failure) [PSYoungGen: 64320K->1328K(64000K)] 490617K->427625K(582144K), 0.0023167 secs] [Times: user=0.01 sys=0.00, real=0.00 secs] 
1734.661: [GC (Allocation Failure) [PSYoungGen: 63792K->1408K(63488K)] 490089K->427705K(581632K), 0.0022135 secs] [Times: user=0.01 sys=0.00, real=0.00 secs] 
1735.051: [GC (Allocation Failure) [PSYoungGen: 63360K->1437K(62976K)] 489657K->427734K(581120K), 0.0021130 secs] [Times: user=0.01 sys=0.00, real=0.00 secs] 
1735.176: [GC (Allocation Failure) [PSYoungGen: 62877K->1485K(62464K)] 489174K->427782K(580608K), 0.0015994 secs] [Times: user=0.01 sys=0.00, real=0.00 secs] 
1735.284: [GC (Allocation Failure) [PSYoungGen: 62413K->1501K(61952K)] 488710K->427798K(580096K), 0.0017677 secs] [Times: user=0.01 sys=0.00, real=0.00 secs] 
1735.390: [GC (Allocation Failure) [PSYoungGen: 61917K->1485K(62464K)] 488214K->427790K(580608K), 0.0016730 secs] [Times: user=0.00 sys=0.00, real=0.01 secs] 
1735.555: [GC (Allocation Failure) [PSYoungGen: 61901K->1696K(62464K)] 488206K->428001K(580608K), 0.0019201 secs] [Times: user=0.00 sys=0.00, real=0.00 secs] 
1736.532: [GC (Allocation Failure) [PSYoungGen: 62112K->1376K(61440K)] 488417K->427681K(579584K), 0.0041025 secs] [Times: user=0.02 sys=0.00, real=0.00 secs] 
1737.331: [GC (Allocation Failure) [PSYoungGen: 61280K->1392K(61440K)] 487585K->427697K(579584K), 0.0038973 secs] [Times: user=0.01 sys=0.00, real=0.00 secs] 
1737.957: [GC (Allocation Failure) [PSYoungGen: 61296K->1376K(61440K)] 487601K->427681K(579584K), 0.0034574 secs] [Times: user=0.02 sys=0.00, real=0.00 secs] 
1738.386: [GC (Allocation Failure) [PSYoungGen: 61280K->1344K(61440K)] 487585K->427649K(579584K), 0.0027143 secs] [Times: user=0.01 sys=0.01, real=0.00 secs] 
1738.852: [GC (Allocation Failure) [PSYoungGen: 61248K->1437K(61440K)] 487553K->427742K(579584K), 0.0021790 secs] [Times: user=0.01 sys=0.00, real=0.00 secs] 
1739.006: [GC (Allocation Failure) [PSYoungGen: 61341K->1504K(61440K)] 487646K->427809K(579584K), 0.0018278 secs] [Times: user=0.00 sys=0.00, real=0.00 secs] 
1739.112: [GC (Allocation Failure) [PSYoungGen: 61408K->1453K(61440K)] 487713K->427766K(579584K), 0.0014979 secs] [Times: user=0.01 sys=0.00, real=0.00 secs] 
1739.217: [GC (Allocation Failure) [PSYoungGen: 61336K->1453K(64512K)] 487649K->427766K(582656K), 0.0017006 secs] [Times: user=0.01 sys=0.00, real=0.00 secs] 
1739.540: [GC (Allocation Failure) [PSYoungGen: 63917K->1696K(67584K)] 490230K->428009K(585728K), 0.0021512 secs] [Times: user=0.01 sys=0.00, real=0.01 secs] 
1740.666: [GC (Allocation Failure) [PSYoungGen: 67232K->1376K(66560K)] 493545K->427713K(584704K), 0.0045260 secs] [Times: user=0.02 sys=0.00, real=0.01 secs] 
1741.662: [GC (Allocation Failure) [PSYoungGen: 66400K->1376K(66048K)] 492737K->427713K(584192K), 0.0045734 secs] [Times: user=0.01 sys=0.00, real=0.00 secs] 
1742.478: [GC (Allocation Failure) [PSYoungGen: 65888K->1376K(65536K)] 492225K->427713K(583680K), 0.0046848 secs] [Times: user=0.02 sys=0.00, real=0.01 secs] 
1743.104: [GC (Allocation Failure) [PSYoungGen: 65376K->1376K(65024K)] 491713K->427713K(583168K), 0.0024472 secs] [Times: user=0.01 sys=0.00, real=0.00 secs] 
1743.395: [GC (Allocation Failure) [PSYoungGen: 64864K->1469K(64512K)] 491201K->427806K(582656K), 0.0021523 secs] [Times: user=0.01 sys=0.00, real=0.00 secs] 
1743.515: [GC (Allocation Failure) [PSYoungGen: 64445K->1501K(64000K)] 490782K->427846K(582144K), 0.0017125 secs] [Times: user=0.01 sys=0.00, real=0.00 secs] 
1743.626: [GC (Allocation Failure) [PSYoungGen: 63965K->1504K(63488K)] 490310K->427849K(581632K), 0.0017037 secs] [Times: user=0.01 sys=0.00, real=0.00 secs] 
1743.735: [GC (Allocation Failure) [PSYoungGen: 63456K->1389K(64000K)] 489801K->427734K(582144K), 0.0016340 secs] [Times: user=0.01 sys=0.00, real=0.00 secs] 
1744.110: [GC (Allocation Failure) [PSYoungGen: 63341K->1456K(62976K)] 489686K->427801K(581120K), 0.0021747 secs] [Times: user=0.00 sys=0.00, real=0.01 secs] 
1744.586: [GC (Allocation Failure) [PSYoungGen: 62896K->1392K(62464K)] 489241K->427737K(580608K), 0.0027867 secs] [Times: user=0.02 sys=0.00, real=0.00 secs] 
1745.091: [GC (Allocation Failure) [PSYoungGen: 62320K->1408K(61952K)] 488665K->427753K(580096K), 0.0028827 secs] [Times: user=0.01 sys=0.00, real=0.00 secs] 
1745.572: [GC (Allocation Failure) [PSYoungGen: 61824K->1376K(61440K)] 488169K->427721K(579584K), 0.0025673 secs] [Times: user=0.01 sys=0.00, real=0.00 secs] 
1746.051: [GC (Allocation Failure) [PSYoungGen: 61280K->1408K(61952K)] 487625K->427753K(580096K), 0.0024442 secs] [Times: user=0.00 sys=0.00, real=0.01 secs] 
1746.230: [GC (Allocation Failure) [PSYoungGen: 61312K->1501K(61952K)] 487657K->427846K(580096K), 0.0016313 secs] [Times: user=0.01 sys=0.00, real=0.01 secs] 
1746.335: [GC (Allocation Failure) [PSYoungGen: 61405K->1472K(61952K)] 487750K->427825K(580096K), 0.0016535 secs] [Times: user=0.00 sys=0.00, real=0.00 secs] 
1746.441: [GC (Allocation Failure) [PSYoungGen: 61376K->1469K(61952K)] 487729K->427822K(580096K), 0.0017457 secs] [Times: user=0.01 sys=0.00, real=0.01 secs] 
1746.546: [GC (Allocation Failure) [PSYoungGen: 61373K->1504K(61952K)] 487726K->427857K(580096K), 0.0016975 secs] [Times: user=0.01 sys=0.00, real=0.00 secs] 
1747.003: [GC (Allocation Failure) [PSYoungGen: 61408K->1440K(67072K)] 487761K->427793K(585216K), 0.0018001 secs] [Times: user=0.00 sys=0.01, real=0.00 secs] 
1747.635: [GC (Allocation Failure) [PSYoungGen: 66976K->1344K(66560K)] 493329K->427697K(584704K), 0.0032309 secs] [Times: user=0.01 sys=0.00, real=0.00 secs] 
1748.176: [GC (Allocation Failure) [PSYoungGen: 66368K->1344K(66048K)] 492721K->427697K(584192K), 0.0024849 secs] [Times: user=0.01 sys=0.00, real=0.00 secs] 
1748.688: [GC (Allocation Failure) [PSYoungGen: 65856K->1344K(65536K)] 492209K->427697K(583680K), 0.0076912 secs] [Times: user=0.03 sys=0.00, real=0.01 secs] 
1748.965: [GC (Allocation Failure) [PSYoungGen: 65344K->1469K(65024K)] 491697K->427822K(583168K), 0.0020617 secs] [Times: user=0.01 sys=0.00, real=0.00 secs] 
1749.090: [GC (Allocation Failure) [PSYoungGen: 64957K->1437K(65536K)] 491310K->427790K(583680K), 0.0016590 secs] [Times: user=0.01 sys=0.00, real=0.01 secs] 
1749.201: [GC (Allocation Failure) [PSYoungGen: 64925K->1440K(71168K)] 491278K->427801K(589312K), 0.0016135 secs] [Times: user=0.01 sys=0.00, real=0.00 secs] 
1749.324: [GC (Allocation Failure) [PSYoungGen: 70560K->1456K(71168K)] 496921K->427833K(589312K), 0.0026797 secs] [Times: user=0.01 sys=0.00, real=0.00 secs] 
1749.680: [GC (Allocation Failure) [PSYoungGen: 70576K->1472K(77312K)] 496953K->427849K(595456K), 0.0022015 secs] [Times: user=0.01 sys=0.00, real=0.01 secs] 
1750.682: [GC (Allocation Failure) [PSYoungGen: 77248K->1344K(76800K)] 503625K->427721K(594944K), 0.0028905 secs] [Times: user=0.01 sys=0.00, real=0.00 secs] 
1751.626: [GC (Allocation Failure) [PSYoungGen: 76608K->1344K(76288K)] 502985K->427721K(594432K), 0.0051128 secs] [Times: user=0.02 sys=0.00, real=0.01 secs] 
1752.362: [GC (Allocation Failure) [PSYoungGen: 76096K->1376K(75776K)] 502473K->427753K(593920K), 0.0024985 secs] [Times: user=0.01 sys=0.00, real=0.00 secs] 
1752.770: [GC (Allocation Failure) [PSYoungGen: 75616K->1456K(75264K)] 501993K->427833K(593408K), 0.0023671 secs] [Times: user=0.00 sys=0.00, real=0.01 secs] 
1752.941: [GC (Allocation Failure) [PSYoungGen: 75184K->1453K(74752K)] 501561K->427830K(592896K), 0.0017996 secs] [Times: user=0.00 sys=0.00, real=0.00 secs] 
1753.070: [GC (Allocation Failure) [PSYoungGen: 74669K->1485K(74240K)] 501046K->427862K(592384K), 0.0016859 secs] [Times: user=0.01 sys=0.00, real=0.01 secs] 
1753.279: [GC (Allocation Failure) [PSYoungGen: 74189K->1568K(74240K)] 500566K->427945K(592384K), 0.0020089 secs] [Times: user=0.01 sys=0.00, real=0.01 secs] 
1754.627: [GC (Allocation Failure) [PSYoungGen: 73760K->1376K(73216K)] 500137K->427753K(591360K), 0.0052812 secs] [Times: user=0.02 sys=0.00, real=0.01 secs] 
1755.803: [GC (Allocation Failure) [PSYoungGen: 73056K->1376K(72704K)] 499433K->427753K(590848K), 0.0038949 secs] [Times: user=0.01 sys=0.00, real=0.00 secs] 
1756.499: [GC (Allocation Failure) [PSYoungGen: 72544K->1344K(72192K)] 498921K->427721K(590336K), 0.0022736 secs] [Times: user=0.01 sys=0.00, real=0.01 secs] 
1757.095: [GC (Allocation Failure) [PSYoungGen: 72000K->1424K(71680K)] 498377K->427801K(589824K), 0.0023864 secs] [Times: user=0.01 sys=0.00, real=0.00 secs] 
1757.266: [GC (Allocation Failure) [PSYoungGen: 71568K->1517K(71168K)] 497945K->427894K(589312K), 0.0016088 secs] [Times: user=0.01 sys=0.00, real=0.00 secs] 
1757.389: [GC (Allocation Failure) [PSYoungGen: 71149K->1485K(70656K)] 497526K->427862K(588800K), 0.0016999 secs] [Times: user=0.00 sys=0.00, real=0.00 secs] 
1757.511: [GC (Allocation Failure) [PSYoungGen: 70605K->1469K(70144K)] 496982K->427846K(588288K), 0.0015627 secs] [Times: user=0.00 sys=0.00, real=0.00 secs] 
1758.250: [GC (Allocation Failure) [PSYoungGen: 70077K->1440K(69632K)] 496454K->427817K(587776K), 0.0028050 secs] [Times: user=0.01 sys=0.00, real=0.01 secs] 
1759.439: [GC (Allocation Failure) [PSYoungGen: 69536K->1328K(69120K)] 495913K->427705K(587264K), 0.0036343 secs] [Times: user=0.02 sys=0.00, real=0.01 secs] 
1760.389: [GC (Allocation Failure) [PSYoungGen: 68912K->1376K(68608K)] 495289K->427753K(586752K), 0.0043083 secs] [Times: user=0.02 sys=0.00, real=0.01 secs] 
1761.206: [GC (Allocation Failure) [PSYoungGen: 68448K->1408K(68096K)] 494825K->427785K(586240K), 0.0033696 secs] [Times: user=0.02 sys=0.00, real=0.00 secs] 
1761.862: [GC (Allocation Failure) [PSYoungGen: 67968K->1437K(67584K)] 494345K->427814K(585728K), 0.0032670 secs] [Times: user=0.01 sys=0.00, real=0.00 secs] 
1762.096: [GC (Allocation Failure) [PSYoungGen: 67485K->1469K(67072K)] 493862K->427846K(585216K), 0.0021195 secs] [Times: user=0.01 sys=0.00, real=0.00 secs] 
1762.229: [GC (Allocation Failure) [PSYoungGen: 67005K->1453K(66560K)] 493382K->427830K(584704K), 0.0016746 secs] [Times: user=0.01 sys=0.00, real=0.00 secs] 
1762.344: [GC (Allocation Failure) [PSYoungGen: 66477K->1453K(66048K)] 492854K->427838K(584192K), 0.0015897 secs] [Times: user=0.01 sys=0.00, real=0.00 secs] 
1762.521: [GC (Allocation Failure) [PSYoungGen: 65965K->1456K(65536K)] 492350K->427857K(583680K), 0.0021418 secs] [Times: user=0.01 sys=0.00, real=0.00 secs] 
1762.789: [GC (Allocation Failure) [PSYoungGen: 65456K->1408K(65024K)] 491857K->427809K(583168K), 0.0020715 secs] [Times: user=0.01 sys=0.00, real=0.01 secs] 
1763.270: [GC (Allocation Failure) [PSYoungGen: 64896K->1376K(64512K)] 491297K->427777K(582656K), 0.0023501 secs] [Times: user=0.01 sys=0.00, real=0.01 secs] 
1763.866: [GC (Allocation Failure) [PSYoungGen: 64352K->1408K(64000K)] 490753K->427809K(582144K), 0.0021441 secs] [Times: user=0.01 sys=0.00, real=0.00 secs] 
1764.507: [GC (Allocation Failure) [PSYoungGen: 63872K->1392K(63488K)] 490273K->427793K(581632K), 0.0029099 secs] [Times: user=0.01 sys=0.00, real=0.00 secs] 
1764.781: [GC (Allocation Failure) [PSYoungGen: 63344K->477K(61952K)] 489745K->427902K(580096K), 0.0019228 secs] [Times: user=0.00 sys=0.00, real=0.00 secs] 
1764.897: [GC (Allocation Failure) [PSYoungGen: 61917K->493K(62976K)] 489342K->427918K(581120K), 0.0016003 secs] [Times: user=0.00 sys=0.00, real=0.00 secs] 
1765.004: [GC (Allocation Failure) [PSYoungGen: 61421K->461K(64000K)] 488846K->427894K(582144K), 0.0016771 secs] [Times: user=0.01 sys=0.00, real=0.00 secs] 
1765.113: [GC (Allocation Failure) [PSYoungGen: 62413K->493K(64000K)] 489846K->427926K(582144K), 0.0017078 secs] [Times: user=0.01 sys=0.00, real=0.00 secs] 
1765.565: [GC (Allocation Failure) [PSYoungGen: 62445K->1424K(62976K)] 489878K->428857K(581120K), 0.0018290 secs] [Times: user=0.01 sys=0.00, real=0.00 secs] 
1766.166: [GC (Allocation Failure) [PSYoungGen: 62864K->1312K(62464K)] 490297K->428745K(580608K), 0.0026953 secs] [Times: user=0.01 sys=0.00, real=0.00 secs] 
1766.675: [GC (Allocation Failure) [PSYoungGen: 62240K->1344K(61952K)] 489673K->428777K(580096K), 0.0018163 secs] [Times: user=0.01 sys=0.00, real=0.00 secs] 
1766.934: [GC (Allocation Failure) [PSYoungGen: 61760K->1376K(61440K)] 489193K->428809K(579584K), 0.0020532 secs] [Times: user=0.01 sys=0.00, real=0.00 secs] 
1767.222: [GC (Allocation Failure) [PSYoungGen: 61280K->1437K(61440K)] 488713K->428870K(579584K), 0.0020345 secs] [Times: user=0.01 sys=0.00, real=0.00 secs] 
1767.342: [GC (Allocation Failure) [PSYoungGen: 61341K->1469K(61440K)] 488774K->428902K(579584K), 0.0017311 secs] [Times: user=0.01 sys=0.00, real=0.00 secs] 
1767.447: [GC (Allocation Failure) [PSYoungGen: 61373K->1469K(66560K)] 488806K->428910K(584704K), 0.0016719 secs] [Times: user=0.01 sys=0.00, real=0.00 secs] 
1767.561: [GC (Allocation Failure) [PSYoungGen: 66493K->1453K(67072K)] 493934K->428894K(585216K), 0.0016935 secs] [Times: user=0.01 sys=0.00, real=0.00 secs] 
1767.675: [GC (Allocation Failure) [PSYoungGen: 66477K->1488K(73216K)] 493918K->428929K(591360K), 0.0016580 secs] [Times: user=0.01 sys=0.00, real=0.00 secs] 
1768.886: [GC (Allocation Failure) [PSYoungGen: 72656K->1376K(72192K)] 500097K->428817K(590336K), 0.0031938 secs] [Times: user=0.01 sys=0.00, real=0.00 secs] 
1770.121: [GC (Allocation Failure) [PSYoungGen: 72032K->1344K(71680K)] 499473K->428809K(589824K), 0.0041030 secs] [Times: user=0.01 sys=0.00, real=0.01 secs] 
1771.490: [GC (Allocation Failure) [PSYoungGen: 71488K->1344K(71168K)] 498953K->428809K(589312K), 0.0023229 secs] [Times: user=0.01 sys=0.00, real=0.01 secs] 
1772.064: [GC (Allocation Failure) [PSYoungGen: 70976K->1360K(70656K)] 498441K->428825K(588800K), 0.0025893 secs] [Times: user=0.01 sys=0.00, real=0.00 secs] 
1772.371: [GC (Allocation Failure) [PSYoungGen: 70480K->1469K(70144K)] 497945K->428934K(588288K), 0.0018299 secs] [Times: user=0.01 sys=0.00, real=0.00 secs] 
1772.492: [GC (Allocation Failure) [PSYoungGen: 70077K->1485K(69632K)] 497542K->428950K(587776K), 0.0015637 secs] [Times: user=0.01 sys=0.00, real=0.00 secs] 
1772.614: [GC (Allocation Failure) [PSYoungGen: 69581K->1485K(69120K)] 497046K->428958K(587264K), 0.0016122 secs] [Times: user=0.00 sys=0.00, real=0.00 secs] 
1772.784: [GC (Allocation Failure) [PSYoungGen: 69069K->1984K(69120K)] 496542K->429969K(587264K), 0.0018894 secs] [Times: user=0.00 sys=0.00, real=0.00 secs] 
1773.089: [GC (Allocation Failure) [PSYoungGen: 69056K->1344K(68096K)] 497041K->429329K(586240K), 0.0019058 secs] [Times: user=0.01 sys=0.00, real=0.00 secs] 
1773.400: [GC (Allocation Failure) [PSYoungGen: 67904K->1392K(67584K)] 495889K->429377K(585728K), 0.0019064 secs] [Times: user=0.01 sys=0.00, real=0.01 secs] 
1773.708: [GC (Allocation Failure) [PSYoungGen: 67440K->1376K(67072K)] 495425K->429361K(585216K), 0.0021174 secs] [Times: user=0.00 sys=0.00, real=0.00 secs] 
1774.140: [GC (Allocation Failure) [PSYoungGen: 66912K->1376K(66560K)] 494897K->429361K(584704K), 0.0019805 secs] [Times: user=0.01 sys=0.00, real=0.01 secs] 
1774.334: [GC (Allocation Failure) [PSYoungGen: 66400K->1501K(66048K)] 494385K->429494K(584192K), 0.0016826 secs] [Times: user=0.01 sys=0.00, real=0.00 secs] 
1774.448: [GC (Allocation Failure) [PSYoungGen: 66013K->1469K(65536K)] 494006K->429462K(583680K), 0.0015772 secs] [Times: user=0.01 sys=0.00, real=0.00 secs] 
1774.563: [GC (Allocation Failure) [PSYoungGen: 65469K->1469K(66560K)] 493462K->429462K(584704K), 0.0017643 secs] [Times: user=0.00 sys=0.00, real=0.00 secs] 
1774.678: [GC (Allocation Failure) [PSYoungGen: 65981K->1517K(71680K)] 493974K->429518K(589824K), 0.0015227 secs] [Times: user=0.01 sys=0.00, real=0.00 secs] 
1775.476: [GC (Allocation Failure) [PSYoungGen: 71149K->1376K(70656K)] 499150K->429377K(588800K), 0.0022934 secs] [Times: user=0.01 sys=0.00, real=0.00 secs] 
1776.171: [GC (Allocation Failure) [PSYoungGen: 70496K->1408K(70144K)] 498497K->429409K(588288K), 0.0022710 secs] [Times: user=0.01 sys=0.00, real=0.00 secs] 
1776.959: [GC (Allocation Failure) [PSYoungGen: 70016K->1344K(69632K)] 498017K->429345K(587776K), 0.0024593 secs] [Times: user=0.01 sys=0.00, real=0.01 secs] 
1777.939: [GC (Allocation Failure) [PSYoungGen: 69440K->1376K(69120K)] 497441K->429377K(587264K), 0.0026752 secs] [Times: user=0.01 sys=0.01, real=0.01 secs] 
1778.204: [GC (Allocation Failure) [PSYoungGen: 68960K->1504K(68608K)] 496961K->429505K(586752K), 0.0016976 secs] [Times: user=0.00 sys=0.00, real=0.00 secs] 
1778.324: [GC (Allocation Failure) [PSYoungGen: 68576K->1501K(68096K)] 496577K->429502K(586240K), 0.0018236 secs] [Times: user=0.01 sys=0.00, real=0.00 secs] 
1778.441: [GC (Allocation Failure) [PSYoungGen: 68061K->1453K(67584K)] 496062K->429462K(585728K), 0.0017068 secs] [Times: user=0.01 sys=0.01, real=0.01 secs] 
1778.557: [GC (Allocation Failure) [PSYoungGen: 67501K->1533K(68096K)] 495510K->429542K(586240K), 0.0015862 secs] [Times: user=0.01 sys=0.00, real=0.00 secs] 
1779.260: [GC (Allocation Failure) [PSYoungGen: 67581K->1472K(67072K)] 495590K->429481K(585216K), 0.0040241 secs] [Times: user=0.01 sys=0.00, real=0.01 secs] 
1779.999: [GC (Allocation Failure) [PSYoungGen: 67008K->1376K(66560K)] 495017K->429385K(584704K), 0.0021280 secs] [Times: user=0.00 sys=0.00, real=0.01 secs] 
1780.675: [GC (Allocation Failure) [PSYoungGen: 66400K->1376K(66048K)] 494409K->429385K(584192K), 0.0022039 secs] [Times: user=0.01 sys=0.00, real=0.00 secs] 
1781.178: [GC (Allocation Failure) [PSYoungGen: 65888K->1376K(65536K)] 493897K->429401K(583680K), 0.0021760 secs] [Times: user=0.01 sys=0.00, real=0.00 secs] 
1781.516: [GC (Allocation Failure) [PSYoungGen: 65376K->1469K(65024K)] 493401K->429494K(583168K), 0.0018141 secs] [Times: user=0.01 sys=0.00, real=0.00 secs] 
1781.628: [GC (Allocation Failure) [PSYoungGen: 64957K->1421K(64512K)] 492982K->429446K(582656K), 0.0016366 secs] [Times: user=0.01 sys=0.00, real=0.00 secs] 
1781.739: [GC (Allocation Failure) [PSYoungGen: 64397K->1421K(64000K)] 492422K->429446K(582144K), 0.0017251 secs] [Times: user=0.01 sys=0.00, real=0.01 secs] 
1781.851: [GC (Allocation Failure) [PSYoungGen: 63885K->1472K(64512K)] 491910K->429505K(582656K), 0.0016616 secs] [Times: user=0.01 sys=0.00, real=0.01 secs] 
1782.966: [GC (Allocation Failure) [PSYoungGen: 63936K->1424K(63488K)] 491969K->429457K(581632K), 0.0030635 secs] [Times: user=0.02 sys=0.00, real=0.00 secs] 
1784.607: [GC (Allocation Failure) [PSYoungGen: 63376K->1344K(62976K)] 491409K->429377K(581120K), 0.0045411 secs] [Times: user=0.02 sys=0.00, real=0.01 secs] 
1785.397: [GC (Allocation Failure) [PSYoungGen: 62784K->1376K(62464K)] 490817K->429409K(580608K), 0.0033935 secs] [Times: user=0.02 sys=0.00, real=0.00 secs] 
1785.649: [GC (Allocation Failure) [PSYoungGen: 62304K->1392K(61952K)] 490337K->429425K(580096K), 0.0021545 secs] [Times: user=0.01 sys=0.00, real=0.01 secs] 
1786.122: [GC (Allocation Failure) [PSYoungGen: 61808K->1376K(61440K)] 489841K->429409K(579584K), 0.0020749 secs] [Times: user=0.00 sys=0.00, real=0.00 secs] 
1786.370: [GC (Allocation Failure) [PSYoungGen: 61280K->1504K(61952K)] 489313K->429537K(580096K), 0.0016006 secs] [Times: user=0.01 sys=0.00, real=0.01 secs] 
1786.475: [GC (Allocation Failure) [PSYoungGen: 61408K->1469K(61952K)] 489441K->429502K(580096K), 0.0016375 secs] [Times: user=0.01 sys=0.00, real=0.00 secs] 
1786.580: [GC (Allocation Failure) [PSYoungGen: 61373K->1437K(61952K)] 489406K->429478K(580096K), 0.0015777 secs] [Times: user=0.01 sys=0.00, real=0.01 secs] 
1786.686: [GC (Allocation Failure) [PSYoungGen: 61341K->1469K(61952K)] 489382K->429510K(580096K), 0.0015420 secs] [Times: user=0.01 sys=0.00, real=0.00 secs] 
1788.469: [GC (Allocation Failure) [PSYoungGen: 61373K->1392K(61440K)] 489414K->429433K(579584K), 0.0039583 secs] [Times: user=0.01 sys=0.00, real=0.01 secs] 
1788.992: [GC (Allocation Failure) [PSYoungGen: 61296K->1376K(61440K)] 489337K->429417K(579584K), 0.0027811 secs] [Times: user=0.01 sys=0.00, real=0.00 secs] 
1789.768: [GC (Allocation Failure) [PSYoungGen: 61280K->1376K(61440K)] 489321K->429417K(579584K), 0.0023927 secs] [Times: user=0.00 sys=0.00, real=0.00 secs] 
1790.611: [GC (Allocation Failure) [PSYoungGen: 61280K->1376K(61440K)] 489321K->429417K(579584K), 0.0023290 secs] [Times: user=0.01 sys=0.00, real=0.00 secs] 
1791.498: [GC (Allocation Failure) [PSYoungGen: 61280K->1376K(61440K)] 489321K->429417K(579584K), 0.0022577 secs] [Times: user=0.01 sys=0.00, real=0.00 secs] 
1791.768: [GC (Allocation Failure) [PSYoungGen: 61280K->1440K(61440K)] 489321K->429481K(579584K), 0.0020089 secs] [Times: user=0.01 sys=0.00, real=0.00 secs] 
1791.880: [GC (Allocation Failure) [PSYoungGen: 61344K->1453K(61440K)] 489385K->429502K(579584K), 0.0015110 secs] [Times: user=0.00 sys=0.00, real=0.01 secs] 
1791.985: [GC (Allocation Failure) [PSYoungGen: 61357K->1472K(61440K)] 489406K->429537K(579584K), 0.0017697 secs] [Times: user=0.00 sys=0.00, real=0.00 secs] 
1792.090: [GC (Allocation Failure) [PSYoungGen: 61376K->1437K(62976K)] 489441K->429502K(581120K), 0.0015644 secs] [Times: user=0.01 sys=0.00, real=0.01 secs] 
1792.592: [GC (Allocation Failure) [PSYoungGen: 62877K->1424K(62464K)] 490942K->429489K(580608K), 0.0022918 secs] [Times: user=0.01 sys=0.00, real=0.00 secs] 
1793.629: [GC (Allocation Failure) [PSYoungGen: 62352K->352K(61440K)] 490417K->429441K(579584K), 0.0026703 secs] [Times: user=0.01 sys=0.00, real=0.01 secs] 
1794.540: [GC (Allocation Failure) [PSYoungGen: 60768K->288K(60416K)] 489857K->429377K(578560K), 0.0032302 secs] [Times: user=0.01 sys=0.00, real=0.01 secs] 
1795.535: [GC (Allocation Failure) [PSYoungGen: 60192K->320K(61952K)] 489281K->429409K(580096K), 0.0041707 secs] [Times: user=0.02 sys=0.00, real=0.00 secs] 
1796.223: [GC (Allocation Failure) [PSYoungGen: 60224K->352K(61952K)] 489313K->429441K(580096K), 0.0030025 secs] [Times: user=0.01 sys=0.00, real=0.00 secs] 
1796.483: [GC (Allocation Failure) [PSYoungGen: 60256K->1469K(61952K)] 489345K->430558K(580096K), 0.0019423 secs] [Times: user=0.01 sys=0.00, real=0.00 secs] 
1796.591: [GC (Allocation Failure) [PSYoungGen: 61373K->1469K(61952K)] 490462K->430566K(580096K), 0.0017644 secs] [Times: user=0.01 sys=0.00, real=0.01 secs] 
1796.719: [GC (Allocation Failure) [PSYoungGen: 61373K->1517K(62464K)] 490470K->430614K(580608K), 0.0019779 secs] [Times: user=0.01 sys=0.00, real=0.00 secs] 
1796.861: [GC (Allocation Failure) [PSYoungGen: 61421K->1469K(62464K)] 490518K->430566K(580608K), 0.0020374 secs] [Times: user=0.01 sys=0.00, real=0.01 secs] 
1797.183: [GC (Allocation Failure) [PSYoungGen: 61373K->1360K(68096K)] 490470K->430457K(586240K), 0.0028594 secs] [Times: user=0.01 sys=0.00, real=0.00 secs] 
1797.454: [GC (Allocation Failure) [PSYoungGen: 66896K->1344K(66560K)] 495993K->430441K(584704K), 0.0019799 secs] [Times: user=0.00 sys=0.00, real=0.00 secs] 
1797.796: [GC (Allocation Failure) [PSYoungGen: 66368K->1408K(66560K)] 495465K->430505K(584704K), 0.0019767 secs] [Times: user=0.01 sys=0.00, real=0.00 secs] 
1798.297: [GC (Allocation Failure) [PSYoungGen: 65920K->1376K(65536K)] 495017K->430473K(583680K), 0.0021239 secs] [Times: user=0.01 sys=0.00, real=0.00 secs] 
1798.777: [GC (Allocation Failure) [PSYoungGen: 65376K->1373K(65024K)] 494473K->430470K(583168K), 0.0023794 secs] [Times: user=0.01 sys=0.00, real=0.00 secs] 
1798.919: [GC (Allocation Failure) [PSYoungGen: 64861K->1501K(64512K)] 493958K->430598K(582656K), 0.0015861 secs] [Times: user=0.00 sys=0.00, real=0.00 secs] 
1799.030: [GC (Allocation Failure) [PSYoungGen: 64477K->1453K(64000K)] 493574K->430558K(582144K), 0.0016943 secs] [Times: user=0.01 sys=0.00, real=0.01 secs] 
1799.141: [GC (Allocation Failure) [PSYoungGen: 63917K->1485K(64512K)] 493022K->430590K(582656K), 0.0016150 secs] [Times: user=0.01 sys=0.00, real=0.00 secs] 
1799.251: [GC (Allocation Failure) [PSYoungGen: 63949K->1472K(70144K)] 493054K->430593K(588288K), 0.0014842 secs] [Times: user=0.01 sys=0.00, real=0.00 secs] 
1799.874: [GC (Allocation Failure) [PSYoungGen: 69568K->1344K(69120K)] 498689K->430465K(587264K), 0.0021110 secs] [Times: user=0.01 sys=0.00, real=0.00 secs] 
1800.708: [GC (Allocation Failure) [PSYoungGen: 68928K->1376K(68608K)] 498049K->430497K(586752K), 0.0042881 secs] [Times: user=0.02 sys=0.00, real=0.01 secs] 
1801.512: [GC (Allocation Failure) [PSYoungGen: 68448K->1344K(68096K)] 497569K->430465K(586240K), 0.0047079 secs] [Times: user=0.02 sys=0.00, real=0.00 secs] 
1802.483: [GC (Allocation Failure) [PSYoungGen: 67904K->1344K(67584K)] 497025K->430465K(585728K), 0.0042662 secs] [Times: user=0.01 sys=0.00, real=0.00 secs] 
1802.853: [GC (Allocation Failure) [PSYoungGen: 67392K->1501K(67072K)] 496513K->430622K(585216K), 0.0021820 secs] [Times: user=0.01 sys=0.00, real=0.00 secs] 
1802.986: [GC (Allocation Failure) [PSYoungGen: 67037K->1485K(66560K)] 496158K->430606K(584704K), 0.0016662 secs] [Times: user=0.01 sys=0.00, real=0.00 secs] 
1803.101: [GC (Allocation Failure) [PSYoungGen: 66509K->1504K(66048K)] 495630K->430633K(584192K), 0.0017085 secs] [Times: user=0.01 sys=0.01, real=0.01 secs] 
1803.214: [GC (Allocation Failure) [PSYoungGen: 66016K->1421K(66560K)] 495145K->430550K(584704K), 0.0016969 secs] [Times: user=0.01 sys=0.00, real=0.00 secs] 
1803.632: [GC (Allocation Failure) [PSYoungGen: 65933K->1440K(65536K)] 495062K->430569K(583680K), 0.0019418 secs] [Times: user=0.01 sys=0.00, real=0.00 secs] 
1804.221: [GC (Allocation Failure) [PSYoungGen: 65440K->1376K(65024K)] 494569K->430505K(583168K), 0.0018491 secs] [Times: user=0.01 sys=0.00, real=0.00 secs] 
1804.831: [GC (Allocation Failure) [PSYoungGen: 64864K->1376K(64512K)] 493993K->430505K(582656K), 0.0024195 secs] [Times: user=0.01 sys=0.00, real=0.00 secs] 
1805.567: [GC (Allocation Failure) [PSYoungGen: 64352K->1408K(64000K)] 493481K->430537K(582144K), 0.0022957 secs] [Times: user=0.01 sys=0.00, real=0.00 secs] 
1806.044: [GC (Allocation Failure) [PSYoungGen: 63872K->1469K(63488K)] 493001K->430598K(581632K), 0.0020780 secs] [Times: user=0.00 sys=0.00, real=0.00 secs] 
1806.168: [GC (Allocation Failure) [PSYoungGen: 63421K->1501K(62976K)] 492550K->430630K(581120K), 0.0016344 secs] [Times: user=0.01 sys=0.00, real=0.00 secs] 
1806.276: [GC (Allocation Failure) [PSYoungGen: 62941K->1501K(62464K)] 492070K->430638K(580608K), 0.0017403 secs] [Times: user=0.00 sys=0.00, real=0.00 secs] 
1806.384: [GC (Allocation Failure) [PSYoungGen: 62429K->1421K(62976K)] 491566K->430566K(581120K), 0.0016352 secs] [Times: user=0.00 sys=0.00, real=0.00 secs] 
1806.713: [GC (Allocation Failure) [PSYoungGen: 62349K->1408K(61952K)] 491494K->430553K(580096K), 0.0020842 secs] [Times: user=0.01 sys=0.00, real=0.00 secs] 
1807.593: [GC (Allocation Failure) [PSYoungGen: 61824K->1344K(61440K)] 490969K->430489K(579584K), 0.0045348 secs] [Times: user=0.01 sys=0.00, real=0.00 secs] 
1808.444: [GC (Allocation Failure) [PSYoungGen: 61248K->1344K(61952K)] 490393K->430489K(580096K), 0.0041359 secs] [Times: user=0.02 sys=0.00, real=0.00 secs] 
1809.153: [GC (Allocation Failure) [PSYoungGen: 61248K->1376K(61952K)] 490393K->430521K(580096K), 0.0031574 secs] [Times: user=0.02 sys=0.00, real=0.00 secs] 
1809.960: [GC (Allocation Failure) [PSYoungGen: 61280K->1360K(61952K)] 490425K->430505K(580096K), 0.0034435 secs] [Times: user=0.02 sys=0.00, real=0.01 secs] 
1810.505: [GC (Allocation Failure) [PSYoungGen: 61264K->1405K(61952K)] 490409K->430550K(580096K), 0.0025221 secs] [Times: user=0.01 sys=0.00, real=0.00 secs] 
1810.654: [GC (Allocation Failure) [PSYoungGen: 61309K->1469K(61952K)] 490454K->430614K(580096K), 0.0016459 secs] [Times: user=0.01 sys=0.00, real=0.00 secs] 
1810.760: [GC (Allocation Failure) [PSYoungGen: 61373K->1469K(61952K)] 490518K->430622K(580096K), 0.0017411 secs] [Times: user=0.00 sys=0.00, real=0.01 secs] 
1810.866: [GC (Allocation Failure) [PSYoungGen: 61373K->1453K(61952K)] 490526K->430606K(580096K), 0.0016512 secs] [Times: user=0.00 sys=0.00, real=0.00 secs] 
1811.444: [GC (Allocation Failure) [PSYoungGen: 61357K->1424K(61440K)] 490510K->430593K(579584K), 0.0022160 secs] [Times: user=0.01 sys=0.00, real=0.00 secs] 
1812.066: [GC (Allocation Failure) [PSYoungGen: 61328K->1376K(61440K)] 490497K->430545K(579584K), 0.0035257 secs] [Times: user=0.01 sys=0.00, real=0.00 secs] 
1812.564: [GC (Allocation Failure) [PSYoungGen: 61280K->1344K(61440K)] 490449K->430513K(579584K), 0.0027016 secs] [Times: user=0.01 sys=0.00, real=0.00 secs] 
1812.854: [GC (Allocation Failure) [PSYoungGen: 61248K->1312K(61440K)] 490417K->430481K(579584K), 0.0021079 secs] [Times: user=0.01 sys=0.00, real=0.00 secs] 
1813.195: [GC (Allocation Failure) [PSYoungGen: 61216K->1344K(61440K)] 490385K->430513K(579584K), 0.0021040 secs] [Times: user=0.00 sys=0.00, real=0.00 secs] 
1813.627: [GC (Allocation Failure) [PSYoungGen: 61248K->1437K(61440K)] 490417K->430606K(579584K), 0.0026078 secs] [Times: user=0.01 sys=0.00, real=0.00 secs] 
1813.794: [GC (Allocation Failure) [PSYoungGen: 61341K->1501K(61440K)] 490510K->430678K(579584K), 0.0016291 secs] [Times: user=0.01 sys=0.00, real=0.00 secs] 
1813.899: [GC (Allocation Failure) [PSYoungGen: 61405K->1469K(61440K)] 490582K->430646K(579584K), 0.0017461 secs] [Times: user=0.01 sys=0.00, real=0.01 secs] 
1814.005: [GC (Allocation Failure) [PSYoungGen: 61373K->1437K(62976K)] 490550K->430622K(581120K), 0.0016813 secs] [Times: user=0.00 sys=0.00, real=0.00 secs] 
1814.437: [GC (Allocation Failure) [PSYoungGen: 62877K->1408K(63488K)] 492062K->430593K(581632K), 0.0029816 secs] [Times: user=0.01 sys=0.00, real=0.00 secs] 
1816.475: [GC (Allocation Failure) [PSYoungGen: 62848K->1360K(62464K)] 492033K->430545K(580608K), 0.0047912 secs] [Times: user=0.02 sys=0.00, real=0.00 secs] 
1817.371: [GC (Allocation Failure) [PSYoungGen: 62288K->1376K(61952K)] 491473K->430569K(580096K), 0.0031696 secs] [Times: user=0.01 sys=0.00, real=0.00 secs] 
1818.018: [GC (Allocation Failure) [PSYoungGen: 61792K->1344K(61440K)] 490985K->430537K(579584K), 0.0031775 secs] [Times: user=0.01 sys=0.00, real=0.01 secs] 
1818.974: [GC (Allocation Failure) [PSYoungGen: 61248K->1344K(61440K)] 490441K->430537K(579584K), 0.0040205 secs] [Times: user=0.02 sys=0.00, real=0.00 secs] 
1819.640: [GC (Allocation Failure) [PSYoungGen: 61248K->1472K(61440K)] 490441K->430665K(579584K), 0.0023442 secs] [Times: user=0.01 sys=0.00, real=0.01 secs] 
1819.783: [GC (Allocation Failure) [PSYoungGen: 61376K->1504K(61440K)] 490569K->430713K(579584K), 0.0016627 secs] [Times: user=0.01 sys=0.00, real=0.00 secs] 
1819.888: [GC (Allocation Failure) [PSYoungGen: 61408K->1469K(61440K)] 490617K->430678K(579584K), 0.0016759 secs] [Times: user=0.01 sys=0.00, real=0.00 secs] 
1819.994: [GC (Allocation Failure) [PSYoungGen: 61373K->1469K(65024K)] 490582K->430678K(583168K), 0.0016464 secs] [Times: user=0.00 sys=0.00, real=0.00 secs] 
1820.183: [GC (Allocation Failure) [PSYoungGen: 64445K->1424K(67584K)] 493654K->430633K(585728K), 0.0018616 secs] [Times: user=0.00 sys=0.00, real=0.00 secs] 
1820.501: [GC (Allocation Failure) [PSYoungGen: 66960K->1408K(66560K)] 496169K->430617K(584704K), 0.0016807 secs] [Times: user=0.01 sys=0.00, real=0.00 secs] 
1820.806: [GC (Allocation Failure) [PSYoungGen: 66432K->1344K(66048K)] 495641K->430553K(584192K), 0.0017937 secs] [Times: user=0.01 sys=0.00, real=0.00 secs] 
1821.094: [GC (Allocation Failure) [PSYoungGen: 65856K->1376K(65536K)] 495065K->430585K(583680K), 0.0018350 secs] [Times: user=0.01 sys=0.00, real=0.00 secs] 
1821.394: [GC (Allocation Failure) [PSYoungGen: 65376K->1360K(65024K)] 494585K->430569K(583168K), 0.0021029 secs] [Times: user=0.00 sys=0.00, real=0.00 secs] 
1821.562: [GC (Allocation Failure) [PSYoungGen: 64848K->1485K(64512K)] 494057K->430694K(582656K), 0.0018070 secs] [Times: user=0.01 sys=0.00, real=0.00 secs] 
1821.674: [GC (Allocation Failure) [PSYoungGen: 64461K->1501K(64000K)] 493670K->430734K(582144K), 0.0017003 secs] [Times: user=0.01 sys=0.00, real=0.00 secs] 
1821.786: [GC (Allocation Failure) [PSYoungGen: 63965K->1469K(64512K)] 493198K->430702K(582656K), 0.0017137 secs] [Times: user=0.01 sys=0.00, real=0.00 secs] 
1821.897: [GC (Allocation Failure) [PSYoungGen: 63903K->1456K(70656K)] 493137K->430689K(588800K), 0.0015012 secs] [Times: user=0.01 sys=0.00, real=0.00 secs] 
1822.201: [GC (Allocation Failure) [PSYoungGen: 70064K->1424K(70656K)] 499297K->430657K(588800K), 0.0018869 secs] [Times: user=0.00 sys=0.00, real=0.00 secs] 
1822.531: [GC (Allocation Failure) [PSYoungGen: 70032K->1344K(69632K)] 499265K->430577K(587776K), 0.0018485 secs] [Times: user=0.01 sys=0.00, real=0.00 secs] 
1822.869: [GC (Allocation Failure) [PSYoungGen: 69440K->1360K(69120K)] 498673K->430593K(587264K), 0.0018983 secs] [Times: user=0.01 sys=0.00, real=0.00 secs] 
1823.174: [GC (Allocation Failure) [PSYoungGen: 68944K->1312K(68608K)] 498177K->430545K(586752K), 0.0019442 secs] [Times: user=0.01 sys=0.00, real=0.00 secs] 
1823.370: [GC (Allocation Failure) [PSYoungGen: 68384K->1549K(75264K)] 497617K->430782K(593408K), 0.0091324 secs] [Times: user=0.01 sys=0.04, real=0.01 secs] 
1823.527: [GC (Allocation Failure) [PSYoungGen: 74765K->1504K(76800K)] 503998K->430753K(594944K), 0.0019299 secs] [Times: user=0.01 sys=0.00, real=0.00 secs] 
1823.702: [GC (Allocation Failure) [PSYoungGen: 76256K->1504K(76800K)] 505505K->430753K(594944K), 0.0022157 secs] [Times: user=0.01 sys=0.00, real=0.00 secs] 
1823.955: [GC (Allocation Failure) [PSYoungGen: 76256K->1408K(83968K)] 505505K->430657K(602112K), 0.0022963 secs] [Times: user=0.01 sys=0.00, real=0.00 secs] 
1824.304: [GC (Allocation Failure) [PSYoungGen: 83840K->1376K(84480K)] 513089K->430625K(602624K), 0.0023037 secs] [Times: user=0.01 sys=0.00, real=0.00 secs] 
1824.706: [GC (Allocation Failure) [PSYoungGen: 83808K->1408K(91648K)] 513057K->430657K(609792K), 0.0030776 secs] [Times: user=0.01 sys=0.00, real=0.00 secs] 
1825.121: [GC (Allocation Failure) [PSYoungGen: 91520K->1440K(92160K)] 520769K->430689K(610304K), 0.0051615 secs] [Times: user=0.01 sys=0.02, real=0.00 secs] 
1825.605: [GC (Allocation Failure) [PSYoungGen: 91552K->1517K(100352K)] 520801K->430766K(618496K), 0.0173372 secs] [Times: user=0.06 sys=0.02, real=0.02 secs] 
1825.796: [GC (Allocation Failure) [PSYoungGen: 99821K->1549K(100352K)] 529070K->430798K(618496K), 0.0018084 secs] [Times: user=0.00 sys=0.01, real=0.00 secs] 
1827.513: [GC (Allocation Failure) [PSYoungGen: 99853K->1504K(109568K)] 529102K->430753K(627712K), 0.0110095 secs] [Times: user=0.04 sys=0.02, real=0.01 secs] 
1828.565: [GC (Allocation Failure) [PSYoungGen: 109536K->1440K(110592K)] 538785K->430697K(628736K), 0.0053205 secs] [Times: user=0.01 sys=0.02, real=0.00 secs] 
1829.485: [GC (Allocation Failure) [PSYoungGen: 109984K->1408K(119808K)] 539241K->430665K(637952K), 0.0065307 secs] [Times: user=0.03 sys=0.00, real=0.01 secs] 
1830.080: [GC (Allocation Failure) [PSYoungGen: 119168K->1485K(117760K)] 548425K->430742K(635904K), 0.0017411 secs] [Times: user=0.01 sys=0.00, real=0.01 secs] 
1830.325: [GC (Allocation Failure) [PSYoungGen: 117709K->541K(115712K)] 546966K->430822K(633856K), 0.0030056 secs] [Times: user=0.02 sys=0.00, real=0.00 secs] 
1830.915: [GC (Allocation Failure) [PSYoungGen: 115229K->1424K(114688K)] 545510K->431705K(632832K), 0.0021851 secs] [Times: user=0.01 sys=0.00, real=0.00 secs] 
1833.301: [GC (Allocation Failure) [PSYoungGen: 114576K->1344K(113152K)] 544857K->431625K(631296K), 0.0034780 secs] [Times: user=0.01 sys=0.00, real=0.01 secs] 
1834.318: [GC (Allocation Failure) [PSYoungGen: 112960K->1376K(111616K)] 543241K->431657K(629760K), 0.0030253 secs] [Times: user=0.02 sys=0.00, real=0.01 secs] 
1834.650: [GC (Allocation Failure) [PSYoungGen: 111456K->1517K(110592K)] 541737K->431806K(628736K), 0.0016028 secs] [Times: user=0.01 sys=0.00, real=0.01 secs] 
1834.841: [GC (Allocation Failure) [PSYoungGen: 110573K->1533K(109568K)] 540862K->431838K(627712K), 0.0017615 secs] [Times: user=0.01 sys=0.01, real=0.00 secs] 
1835.390: [GC (Allocation Failure) [PSYoungGen: 109565K->1408K(108544K)] 539870K->431713K(626688K), 0.0022779 secs] [Times: user=0.01 sys=0.00, real=0.01 secs] 
1835.916: [GC (Allocation Failure) [PSYoungGen: 108416K->1360K(107520K)] 538721K->431665K(625664K), 0.0022436 secs] [Times: user=0.01 sys=0.00, real=0.00 secs] 
1836.617: [GC (Allocation Failure) [PSYoungGen: 107344K->1376K(106496K)] 537649K->431681K(624640K), 0.0020948 secs] [Times: user=0.01 sys=0.00, real=0.00 secs] 
1836.904: [GC (Allocation Failure) [PSYoungGen: 106336K->1536K(105984K)] 536641K->431841K(624128K), 0.0015897 secs] [Times: user=0.01 sys=0.00, real=0.00 secs] 
1837.088: [GC (Allocation Failure) [PSYoungGen: 105472K->477K(103424K)] 535777K->431806K(621568K), 0.0017279 secs] [Times: user=0.00 sys=0.00, real=0.00 secs] 
1837.881: [GC (Allocation Failure) [PSYoungGen: 103389K->1456K(103936K)] 534718K->432793K(622080K), 0.0023729 secs] [Times: user=0.01 sys=0.00, real=0.00 secs] 
1839.186: [GC (Allocation Failure) [PSYoungGen: 103344K->1344K(102400K)] 534681K->432681K(620544K), 0.0024661 secs] [Times: user=0.01 sys=0.00, real=0.00 secs] 
1840.054: [GC (Allocation Failure) [PSYoungGen: 102208K->1408K(101376K)] 533545K->432745K(619520K), 0.0019733 secs] [Times: user=0.01 sys=0.00, real=0.00 secs] 
1840.348: [GC (Allocation Failure) [PSYoungGen: 101248K->1504K(100352K)] 532585K->432841K(618496K), 0.0017675 secs] [Times: user=0.01 sys=0.00, real=0.00 secs] 
1840.522: [GC (Allocation Failure) [PSYoungGen: 100320K->1536K(99840K)] 531657K->432873K(617984K), 0.0016981 secs] [Times: user=0.00 sys=0.00, real=0.00 secs] 
1840.694: [GC (Allocation Failure) [PSYoungGen: 98613K->288K(97280K)] 529950K->431625K(615424K), 0.0016467 secs] [Times: user=0.00 sys=0.00, real=0.00 secs] 
1843.647: [GC (Allocation Failure) [PSYoungGen: 97056K->1344K(97792K)] 528393K->432681K(615936K), 0.0049853 secs] [Times: user=0.01 sys=0.00, real=0.01 secs] 
1845.498: [GC (Allocation Failure) [PSYoungGen: 97088K->1376K(96256K)] 528425K->432721K(614400K), 0.0044023 secs] [Times: user=0.02 sys=0.00, real=0.01 secs] 
1846.419: [GC (Allocation Failure) [PSYoungGen: 96096K->1456K(95232K)] 527441K->432801K(613376K), 0.0033098 secs] [Times: user=0.02 sys=0.00, real=0.01 secs] 
1846.698: [GC (Allocation Failure) [PSYoungGen: 95152K->1501K(94208K)] 526497K->432846K(612352K), 0.0016323 secs] [Times: user=0.01 sys=0.00, real=0.00 secs] 
1846.889: [GC (Allocation Failure) [PSYoungGen: 94173K->1485K(93184K)] 525518K->432830K(611328K), 0.0018771 secs] [Times: user=0.01 sys=0.00, real=0.01 secs] 
1847.321: [GC (Allocation Failure) [PSYoungGen: 93133K->1440K(92160K)] 524478K->432785K(610304K), 0.0040638 secs] [Times: user=0.02 sys=0.00, real=0.00 secs] 
1848.375: [GC (Allocation Failure) [PSYoungGen: 92064K->1344K(91136K)] 523409K->432689K(609280K), 0.0031711 secs] [Times: user=0.01 sys=0.00, real=0.00 secs] 
1849.130: [GC (Allocation Failure) [PSYoungGen: 90944K->1408K(90112K)] 522289K->432753K(608256K), 0.0023029 secs] [Times: user=0.01 sys=0.00, real=0.01 secs] 
1849.863: [GC (Allocation Failure) [PSYoungGen: 89984K->1469K(89088K)] 521329K->432814K(607232K), 0.0025596 secs] [Times: user=0.01 sys=0.00, real=0.00 secs] 
1850.053: [GC (Allocation Failure) [PSYoungGen: 89021K->1517K(88576K)] 520366K->432862K(606720K), 0.0016574 secs] [Times: user=0.00 sys=0.00, real=0.00 secs] 
1850.207: [GC (Allocation Failure) [PSYoungGen: 88557K->1504K(88064K)] 519902K->432849K(606208K), 0.0017391 secs] [Times: user=0.01 sys=0.00, real=0.00 secs] 
1850.423: [GC (Allocation Failure) [PSYoungGen: 88032K->1440K(87552K)] 519377K->432785K(605696K), 0.0018876 secs] [Times: user=0.01 sys=0.00, real=0.00 secs] 
1850.843: [GC (Allocation Failure) [PSYoungGen: 87456K->1376K(87040K)] 518801K->432721K(605184K), 0.0019802 secs] [Times: user=0.01 sys=0.00, real=0.00 secs] 
1851.562: [GC (Allocation Failure) [PSYoungGen: 86880K->1376K(86528K)] 518225K->432721K(604672K), 0.0018270 secs] [Times: user=0.00 sys=0.00, real=0.00 secs] 
1852.362: [GC (Allocation Failure) [PSYoungGen: 86368K->1360K(86016K)] 517713K->432705K(604160K), 0.0021914 secs] [Times: user=0.01 sys=0.00, real=0.00 secs] 
1852.602: [GC (Allocation Failure) [PSYoungGen: 85840K->1485K(85504K)] 517185K->432830K(603648K), 0.0015926 secs] [Times: user=0.00 sys=0.00, real=0.00 secs] 
1852.749: [GC (Allocation Failure) [PSYoungGen: 85453K->1485K(84992K)] 516798K->432846K(603136K), 0.0016580 secs] [Times: user=0.01 sys=0.00, real=0.00 secs] 
1852.896: [GC (Allocation Failure) [PSYoungGen: 84941K->1453K(84480K)] 516302K->432814K(602624K), 0.0016231 secs] [Times: user=0.01 sys=0.00, real=0.00 secs] 
1853.243: [GC (Allocation Failure) [PSYoungGen: 84397K->1408K(83968K)] 515758K->432769K(602112K), 0.0021103 secs] [Times: user=0.00 sys=0.00, real=0.00 secs] 
1853.941: [GC (Allocation Failure) [PSYoungGen: 83840K->1344K(83456K)] 515201K->432705K(601600K), 0.0020098 secs] [Times: user=0.01 sys=0.00, real=0.00 secs] 
1854.616: [GC (Allocation Failure) [PSYoungGen: 83264K->1408K(82944K)] 514625K->432769K(601088K), 0.0020368 secs] [Times: user=0.00 sys=0.01, real=0.00 secs] 
1855.105: [GC (Allocation Failure) [PSYoungGen: 82816K->1469K(82432K)] 514177K->432830K(600576K), 0.0016457 secs] [Times: user=0.00 sys=0.00, real=0.00 secs] 
1855.248: [GC (Allocation Failure) [PSYoungGen: 82365K->1469K(81920K)] 513726K->432830K(600064K), 0.0018654 secs] [Times: user=0.00 sys=0.00, real=0.00 secs] 
1855.388: [GC (Allocation Failure) [PSYoungGen: 81853K->1472K(89600K)] 513214K->432833K(607744K), 0.0033779 secs] [Times: user=0.01 sys=0.00, real=0.01 secs] 
1855.720: [GC (Allocation Failure) [PSYoungGen: 89536K->1440K(89088K)] 520897K->432801K(607232K), 0.0020135 secs] [Times: user=0.01 sys=0.00, real=0.01 secs] 
1856.756: [GC (Allocation Failure) [PSYoungGen: 88992K->1408K(88576K)] 520353K->432769K(606720K), 0.0021740 secs] [Times: user=0.01 sys=0.00, real=0.00 secs] 
1857.894: [GC (Allocation Failure) [PSYoungGen: 88448K->1376K(88064K)] 519809K->432737K(606208K), 0.0043518 secs] [Times: user=0.02 sys=0.00, real=0.00 secs] 
1858.852: [GC (Allocation Failure) [PSYoungGen: 87904K->1424K(87552K)] 519265K->432785K(605696K), 0.0026644 secs] [Times: user=0.01 sys=0.00, real=0.00 secs] 
1859.133: [GC (Allocation Failure) [PSYoungGen: 87440K->1469K(87040K)] 518801K->432830K(605184K), 0.0020462 secs] [Times: user=0.01 sys=0.00, real=0.00 secs] 
1859.333: [GC (Allocation Failure) [PSYoungGen: 86973K->1501K(86528K)] 518334K->432862K(604672K), 0.0018976 secs] [Times: user=0.01 sys=0.00, real=0.00 secs] 
1859.557: [GC (Allocation Failure) [PSYoungGen: 86493K->1520K(86016K)] 517854K->432881K(604160K), 0.0021478 secs] [Times: user=0.00 sys=0.00, real=0.00 secs] 
1860.379: [GC (Allocation Failure) [PSYoungGen: 86000K->1408K(85504K)] 517361K->432769K(603648K), 0.0022269 secs] [Times: user=0.01 sys=0.00, real=0.01 secs] 
1861.092: [GC (Allocation Failure) [PSYoungGen: 85376K->1376K(84992K)] 516737K->432737K(603136K), 0.0023470 secs] [Times: user=0.01 sys=0.00, real=0.00 secs] 
1861.775: [GC (Allocation Failure) [PSYoungGen: 84832K->1376K(84480K)] 516193K->432745K(602624K), 0.0026192 secs] [Times: user=0.01 sys=0.00, real=0.00 secs] 
1862.170: [GC (Allocation Failure) [PSYoungGen: 84320K->1469K(83968K)] 515689K->432838K(602112K), 0.0019024 secs] [Times: user=0.01 sys=0.00, real=0.01 secs] 
1862.315: [GC (Allocation Failure) [PSYoungGen: 83901K->1421K(83456K)] 515270K->432806K(601600K), 0.0022494 secs] [Times: user=0.01 sys=0.00, real=0.00 secs] 
1862.460: [GC (Allocation Failure) [PSYoungGen: 83341K->1485K(82944K)] 514726K->432870K(601088K), 0.0017415 secs] [Times: user=0.01 sys=0.00, real=0.01 secs] 
1862.928: [GC (Allocation Failure) [PSYoungGen: 82893K->1424K(82432K)] 514278K->432809K(600576K), 0.0021456 secs] [Times: user=0.01 sys=0.00, real=0.00 secs] 
1863.674: [GC (Allocation Failure) [PSYoungGen: 82320K->1344K(81920K)] 513705K->432729K(600064K), 0.0023191 secs] [Times: user=0.00 sys=0.00, real=0.00 secs] 
1864.009: [GC (Allocation Failure) [PSYoungGen: 81728K->1344K(81408K)] 513113K->432729K(599552K), 0.0020583 secs] [Times: user=0.00 sys=0.00, real=0.00 secs] 
1864.357: [GC (Allocation Failure) [PSYoungGen: 81216K->1469K(80896K)] 512601K->432854K(599040K), 0.0019672 secs] [Times: user=0.01 sys=0.00, real=0.00 secs] 
1864.548: [GC (Allocation Failure) [PSYoungGen: 80829K->1501K(80384K)] 512214K->432886K(598528K), 0.0019737 secs] [Times: user=0.00 sys=0.01, real=0.00 secs] 
1864.755: [GC (Allocation Failure) [PSYoungGen: 80349K->1517K(79872K)] 511734K->432902K(598016K), 0.0022967 secs] [Times: user=0.01 sys=0.00, real=0.00 secs] 
1864.969: [GC (Allocation Failure) [PSYoungGen: 79853K->1453K(79360K)] 511238K->432838K(597504K), 0.0022568 secs] [Times: user=0.01 sys=0.00, real=0.01 secs] 
1867.773: [GC (Allocation Failure) [PSYoungGen: 79277K->1440K(78848K)] 510662K->432825K(596992K), 0.0088725 secs] [Times: user=0.03 sys=0.00, real=0.01 secs] 
1869.333: [GC (Allocation Failure) [PSYoungGen: 78752K->1344K(78336K)] 510137K->432729K(596480K), 0.0028096 secs] [Times: user=0.01 sys=0.00, real=0.00 secs] 
1870.200: [GC (Allocation Failure) [PSYoungGen: 78144K->1344K(77824K)] 509529K->432729K(595968K), 0.0034533 secs] [Times: user=0.01 sys=0.01, real=0.01 secs] 
1871.106: [GC (Allocation Failure) [PSYoungGen: 77632K->1437K(77312K)] 509017K->432822K(595456K), 0.0026431 secs] [Times: user=0.01 sys=0.00, real=0.00 secs] 
1871.293: [GC (Allocation Failure) [PSYoungGen: 77213K->1517K(76800K)] 508598K->432902K(594944K), 0.0017764 secs] [Times: user=0.01 sys=0.00, real=0.00 secs] 
1871.425: [GC (Allocation Failure) [PSYoungGen: 76781K->1453K(76288K)] 508166K->432838K(594432K), 0.0015389 secs] [Times: user=0.01 sys=0.00, real=0.00 secs] 
1871.560: [GC (Allocation Failure) [PSYoungGen: 76205K->1485K(75776K)] 507590K->432870K(593920K), 0.0017252 secs] [Times: user=0.00 sys=0.00, real=0.01 secs] 
1871.860: [GC (Allocation Failure) [PSYoungGen: 75725K->1408K(75264K)] 507110K->432793K(593408K), 0.0020392 secs] [Times: user=0.01 sys=0.00, real=0.01 secs] 
1872.472: [GC (Allocation Failure) [PSYoungGen: 75136K->1360K(74752K)] 506521K->432745K(592896K), 0.0019180 secs] [Times: user=0.01 sys=0.00, real=0.00 secs] 
1873.194: [GC (Allocation Failure) [PSYoungGen: 74576K->1312K(74240K)] 505961K->432697K(592384K), 0.0019001 secs] [Times: user=0.00 sys=0.00, real=0.00 secs] 
1873.935: [GC (Allocation Failure) [PSYoungGen: 74016K->1312K(73728K)] 505401K->432697K(591872K), 0.0022561 secs] [Times: user=0.01 sys=0.00, real=0.00 secs] 
1874.199: [GC (Allocation Failure) [PSYoungGen: 73504K->1485K(73216K)] 504889K->432886K(591360K), 0.0015374 secs] [Times: user=0.00 sys=0.00, real=0.00 secs] 
1874.324: [GC (Allocation Failure) [PSYoungGen: 73165K->1501K(72704K)] 504566K->432902K(590848K), 0.0017217 secs] [Times: user=0.01 sys=0.00, real=0.00 secs] 
1874.451: [GC (Allocation Failure) [PSYoungGen: 72669K->1501K(72192K)] 504070K->432902K(590336K), 0.0017315 secs] [Times: user=0.00 sys=0.00, real=0.01 secs] 
1874.664: [GC (Allocation Failure) [PSYoungGen: 72157K->1440K(71680K)] 503558K->432841K(589824K), 0.0020120 secs] [Times: user=0.01 sys=0.00, real=0.00 secs] 
1874.955: [GC (Allocation Failure) [PSYoungGen: 71584K->1376K(71168K)] 502985K->432777K(589312K), 0.0018501 secs] [Times: user=0.00 sys=0.00, real=0.00 secs] 
1875.262: [GC (Allocation Failure) [PSYoungGen: 71008K->1344K(70656K)] 502409K->432745K(588800K), 0.0020329 secs] [Times: user=0.01 sys=0.00, real=0.00 secs] 
1875.631: [GC (Allocation Failure) [PSYoungGen: 70464K->1376K(70144K)] 501865K->432777K(588288K), 0.0018318 secs] [Times: user=0.01 sys=0.00, real=0.01 secs] 
1875.918: [GC (Allocation Failure) [PSYoungGen: 69984K->1469K(69632K)] 501385K->432870K(587776K), 0.0019609 secs] [Times: user=0.00 sys=0.00, real=0.00 secs] 
1876.047: [GC (Allocation Failure) [PSYoungGen: 69565K->1501K(69120K)] 500966K->432902K(587264K), 0.0017278 secs] [Times: user=0.01 sys=0.00, real=0.00 secs] 
1876.167: [GC (Allocation Failure) [PSYoungGen: 69085K->1453K(68608K)] 500486K->432854K(586752K), 0.0016154 secs] [Times: user=0.01 sys=0.00, real=0.00 secs] 
1876.285: [GC (Allocation Failure) [PSYoungGen: 68510K->1472K(74752K)] 499911K->432873K(592896K), 0.0016417 secs] [Times: user=0.00 sys=0.00, real=0.00 secs] 
1877.534: [GC (Allocation Failure) [PSYoungGen: 74688K->1456K(74240K)] 506089K->432865K(592384K), 0.0048726 secs] [Times: user=0.02 sys=0.00, real=0.00 secs] 
1878.803: [GC (Allocation Failure) [PSYoungGen: 74160K->1408K(73728K)] 505569K->432817K(591872K), 0.0039462 secs] [Times: user=0.01 sys=0.00, real=0.00 secs] 
1879.530: [GC (Allocation Failure) [PSYoungGen: 73600K->1408K(73216K)] 505009K->432817K(591360K), 0.0025048 secs] [Times: user=0.01 sys=0.00, real=0.01 secs] 
1879.825: [GC (Allocation Failure) [PSYoungGen: 73088K->1376K(72704K)] 504497K->432785K(590848K), 0.0019887 secs] [Times: user=0.01 sys=0.00, real=0.00 secs] 
1880.218: [GC (Allocation Failure) [PSYoungGen: 72544K->1469K(72192K)] 503953K->432878K(590336K), 0.0020149 secs] [Times: user=0.01 sys=0.00, real=0.00 secs] 
1880.347: [GC (Allocation Failure) [PSYoungGen: 72125K->1469K(71680K)] 503534K->432902K(589824K), 0.0016682 secs] [Times: user=0.00 sys=0.00, real=0.00 secs] 
1880.488: [GC (Allocation Failure) [PSYoungGen: 71613K->1501K(71168K)] 503046K->432934K(589312K), 0.0019541 secs] [Times: user=0.01 sys=0.00, real=0.00 secs] 
1880.638: [GC (Allocation Failure) [PSYoungGen: 71133K->1421K(70656K)] 502566K->432862K(588800K), 0.0016406 secs] [Times: user=0.00 sys=0.00, real=0.00 secs] 
1881.932: [GC (Allocation Failure) [PSYoungGen: 70541K->1392K(70144K)] 501982K->432833K(588288K), 0.0027973 secs] [Times: user=0.01 sys=0.00, real=0.00 secs] 
1882.596: [GC (Allocation Failure) [PSYoungGen: 70000K->1376K(69632K)] 501441K->432817K(587776K), 0.0019982 secs] [Times: user=0.01 sys=0.00, real=0.00 secs] 
1883.453: [GC (Allocation Failure) [PSYoungGen: 69472K->1440K(69120K)] 500913K->432881K(587264K), 0.0026293 secs] [Times: user=0.01 sys=0.00, real=0.00 secs] 
1884.379: [GC (Allocation Failure) [PSYoungGen: 69024K->1408K(68608K)] 500465K->432849K(586752K), 0.0021258 secs] [Times: user=0.01 sys=0.00, real=0.01 secs] 
1884.725: [GC (Allocation Failure) [PSYoungGen: 68480K->1424K(68096K)] 499921K->432865K(586240K), 0.0020247 secs] [Times: user=0.01 sys=0.00, real=0.00 secs] 
1884.874: [GC (Allocation Failure) [PSYoungGen: 67984K->1453K(67584K)] 499425K->432894K(585728K), 0.0020305 secs] [Times: user=0.01 sys=0.00, real=0.00 secs] 
1885.027: [GC (Allocation Failure) [PSYoungGen: 67501K->1504K(67072K)] 498942K->432945K(585216K), 0.0018864 secs] [Times: user=0.00 sys=0.00, real=0.00 secs] 
1885.159: [GC (Allocation Failure) [PSYoungGen: 67024K->480K(65536K)] 498465K->432961K(583680K), 0.0019166 secs] [Times: user=0.01 sys=0.00, real=0.01 secs] 
1885.862: [GC (Allocation Failure) [PSYoungGen: 65504K->1392K(66560K)] 497985K->433873K(584704K), 0.0030470 secs] [Times: user=0.01 sys=0.00, real=0.00 secs] 
1886.344: [GC (Allocation Failure) [PSYoungGen: 65904K->1408K(65536K)] 498385K->433889K(583680K), 0.0022259 secs] [Times: user=0.01 sys=0.00, real=0.00 secs] 
1886.708: [GC (Allocation Failure) [PSYoungGen: 65408K->1376K(65024K)] 497889K->433857K(583168K), 0.0024232 secs] [Times: user=0.01 sys=0.00, real=0.00 secs] 
1887.263: [GC (Allocation Failure) [PSYoungGen: 64864K->1376K(64512K)] 497345K->433857K(582656K), 0.0025261 secs] [Times: user=0.01 sys=0.00, real=0.00 secs] 
1887.670: [GC (Allocation Failure) [PSYoungGen: 64352K->1488K(64000K)] 496833K->433969K(582144K), 0.0023090 secs] [Times: user=0.00 sys=0.00, real=0.01 secs] 
1887.834: [GC (Allocation Failure) [PSYoungGen: 63952K->1501K(63488K)] 496433K->433982K(581632K), 0.0023700 secs] [Times: user=0.00 sys=0.00, real=0.00 secs] 
1887.982: [GC (Allocation Failure) [PSYoungGen: 63453K->1501K(62976K)] 495934K->433982K(581120K), 0.0017833 secs] [Times: user=0.01 sys=0.00, real=0.00 secs] 
1888.090: [GC (Allocation Failure) [PSYoungGen: 62941K->1501K(64512K)] 495422K->433998K(582656K), 0.0018564 secs] [Times: user=0.01 sys=0.00, real=0.01 secs] 
1888.399: [GC (Allocation Failure) [PSYoungGen: 64477K->1440K(65024K)] 496974K->433937K(583168K), 0.0024824 secs] [Times: user=0.01 sys=0.00, real=0.01 secs] 
1889.154: [GC (Allocation Failure) [PSYoungGen: 64416K->1376K(64000K)] 496913K->433873K(582144K), 0.0030118 secs] [Times: user=0.01 sys=0.00, real=0.00 secs] 
1889.704: [GC (Allocation Failure) [PSYoungGen: 63840K->1312K(63488K)] 496337K->433833K(581632K), 0.0059813 secs] [Times: user=0.02 sys=0.00, real=0.00 secs] 
1890.628: [GC (Allocation Failure) [PSYoungGen: 63264K->1344K(62976K)] 495785K->433865K(581120K), 0.0029600 secs] [Times: user=0.01 sys=0.00, real=0.01 secs] 
1891.356: [GC (Allocation Failure) [PSYoungGen: 62784K->1376K(62464K)] 495305K->433897K(580608K), 0.0036196 secs] [Times: user=0.01 sys=0.00, real=0.00 secs] 
1891.664: [GC (Allocation Failure) [PSYoungGen: 62304K->1424K(61952K)] 494825K->433945K(580096K), 0.0020311 secs] [Times: user=0.00 sys=0.00, real=0.00 secs] 
1891.784: [GC (Allocation Failure) [PSYoungGen: 61840K->1456K(61440K)] 494361K->433977K(579584K), 0.0016461 secs] [Times: user=0.00 sys=0.00, real=0.00 secs] 
1891.890: [GC (Allocation Failure) [PSYoungGen: 61360K->1472K(67072K)] 493881K->434009K(585216K), 0.0016926 secs] [Times: user=0.01 sys=0.00, real=0.01 secs] 
1892.005: [GC (Allocation Failure) [PSYoungGen: 66990K->1453K(67584K)] 499527K->433990K(585728K), 0.0021203 secs] [Times: user=0.00 sys=0.00, real=0.00 secs] 
1892.878: [GC (Allocation Failure) [PSYoungGen: 66989K->1360K(72704K)] 499526K->433897K(590848K), 0.0032397 secs] [Times: user=0.01 sys=0.00, real=0.01 secs] 
1893.240: [GC (Allocation Failure) [PSYoungGen: 72528K->1376K(73728K)] 505065K->433913K(591872K), 0.0067341 secs] [Times: user=0.03 sys=0.00, real=0.01 secs] 
1893.774: [GC (Allocation Failure) [PSYoungGen: 73056K->1424K(79872K)] 505593K->433961K(598016K), 0.0042720 secs] [Times: user=0.01 sys=0.00, real=0.00 secs] 
1894.449: [GC (Allocation Failure) [PSYoungGen: 79248K->1392K(78848K)] 511785K->433929K(596992K), 0.0022428 secs] [Times: user=0.01 sys=0.00, real=0.01 secs] 
1894.887: [GC (Allocation Failure) [PSYoungGen: 78704K->1520K(78336K)] 511241K->434057K(596480K), 0.0022254 secs] [Times: user=0.01 sys=0.00, real=0.00 secs] 
1895.040: [GC (Allocation Failure) [PSYoungGen: 78320K->1504K(77824K)] 510857K->434041K(595968K), 0.0017993 secs] [Times: user=0.01 sys=0.00, real=0.01 secs] 
1895.175: [GC (Allocation Failure) [PSYoungGen: 77792K->1485K(77312K)] 510329K->434030K(595456K), 0.0016697 secs] [Times: user=0.01 sys=0.00, real=0.00 secs] 
1895.842: [GC (Allocation Failure) [PSYoungGen: 77261K->1424K(76800K)] 509806K->433969K(594944K), 0.0051271 secs] [Times: user=0.02 sys=0.00, real=0.00 secs] 
1896.933: [GC (Allocation Failure) [PSYoungGen: 76688K->1328K(76288K)] 509233K->433873K(594432K), 0.0037670 secs] [Times: user=0.02 sys=0.00, real=0.00 secs] 
1897.673: [GC (Allocation Failure) [PSYoungGen: 76080K->1376K(75776K)] 508625K->433921K(593920K), 0.0028984 secs] [Times: user=0.01 sys=0.00, real=0.00 secs] 
1898.339: [GC (Allocation Failure) [PSYoungGen: 75616K->1360K(75264K)] 508161K->433905K(593408K), 0.0029716 secs] [Times: user=0.01 sys=0.00, real=0.01 secs] 
1898.813: [GC (Allocation Failure) [PSYoungGen: 75088K->1469K(74752K)] 507633K->434014K(592896K), 0.0027114 secs] [Times: user=0.01 sys=0.00, real=0.00 secs] 
1898.990: [GC (Allocation Failure) [PSYoungGen: 74685K->1501K(74240K)] 507230K->434046K(592384K), 0.0016434 secs] [Times: user=0.00 sys=0.00, real=0.01 secs] 
1899.119: [GC (Allocation Failure) [PSYoungGen: 74205K->1504K(73728K)] 506750K->434049K(591872K), 0.0017486 secs] [Times: user=0.00 sys=0.00, real=0.01 secs] 
1899.247: [GC (Allocation Failure) [PSYoungGen: 73256K->256K(73216K)] 505801K->432801K(591360K), 0.0015815 secs] [Times: user=0.01 sys=0.00, real=0.00 secs] 
1899.723: [GC (Allocation Failure) [PSYoungGen: 71936K->1344K(72704K)] 504481K->433889K(590848K), 0.0027625 secs] [Times: user=0.01 sys=0.00, real=0.00 secs] 
1900.624: [GC (Allocation Failure) [PSYoungGen: 72512K->1376K(72192K)] 505057K->433921K(590336K), 0.0027804 secs] [Times: user=0.01 sys=0.00, real=0.00 secs] 
1901.442: [GC (Allocation Failure) [PSYoungGen: 72032K->1376K(71680K)] 504577K->433921K(589824K), 0.0024913 secs] [Times: user=0.01 sys=0.00, real=0.00 secs] 
1902.530: [GC (Allocation Failure) [PSYoungGen: 71520K->1456K(71168K)] 504065K->434017K(589312K), 0.0031633 secs] [Times: user=0.01 sys=0.00, real=0.01 secs] 
1902.775: [GC (Allocation Failure) [PSYoungGen: 71068K->1453K(70656K)] 503629K->434014K(588800K), 0.0021697 secs] [Times: user=0.01 sys=0.00, real=0.00 secs] 
1902.915: [GC (Allocation Failure) [PSYoungGen: 70573K->1453K(70144K)] 503134K->434014K(588288K), 0.0016431 secs] [Times: user=0.00 sys=0.00, real=0.00 secs] 
1903.035: [GC (Allocation Failure) [PSYoungGen: 70061K->1453K(69632K)] 502622K->434014K(587776K), 0.0016337 secs] [Times: user=0.00 sys=0.00, real=0.00 secs] 
1903.481: [GC (Allocation Failure) [PSYoungGen: 69549K->1424K(69120K)] 502110K->433985K(587264K), 0.0030182 secs] [Times: user=0.01 sys=0.00, real=0.00 secs] 
1903.763: [GC (Allocation Failure) [PSYoungGen: 69008K->1376K(68608K)] 501569K->433937K(586752K), 0.0021813 secs] [Times: user=0.01 sys=0.00, real=0.00 secs] 
1904.058: [GC (Allocation Failure) [PSYoungGen: 68448K->1376K(68096K)] 501009K->433937K(586240K), 0.0021191 secs] [Times: user=0.01 sys=0.00, real=0.00 secs] 
1904.346: [GC (Allocation Failure) [PSYoungGen: 67936K->1408K(67584K)] 500497K->433977K(585728K), 0.0020194 secs] [Times: user=0.00 sys=0.00, real=0.00 secs] 
1904.643: [GC (Allocation Failure) [PSYoungGen: 67451K->1501K(67072K)] 500020K->434070K(585216K), 0.0019547 secs] [Times: user=0.01 sys=0.00, real=0.00 secs] 
1904.773: [GC (Allocation Failure) [PSYoungGen: 67037K->1501K(66560K)] 499606K->434070K(584704K), 0.0017871 secs] [Times: user=0.01 sys=0.00, real=0.00 secs] 
1904.887: [GC (Allocation Failure) [PSYoungGen: 66525K->1485K(66048K)] 499094K->434054K(584192K), 0.0016144 secs] [Times: user=0.00 sys=0.00, real=0.00 secs] 
1905.001: [GC (Allocation Failure) [PSYoungGen: 65997K->1501K(66560K)] 498566K->434078K(584704K), 0.0017431 secs] [Times: user=0.01 sys=0.00, real=0.00 secs] 
1905.309: [GC (Allocation Failure) [PSYoungGen: 66013K->1984K(72192K)] 498590K->434569K(590336K), 0.0021543 secs] [Times: user=0.01 sys=0.00, real=0.01 secs] 
1906.327: [GC (Allocation Failure) [PSYoungGen: 72128K->1408K(71168K)] 504713K->433993K(589312K), 0.0032725 secs] [Times: user=0.01 sys=0.00, real=0.00 secs] 
1908.187: [GC (Allocation Failure) [PSYoungGen: 71040K->1376K(70656K)] 503625K->433961K(588800K), 0.0040452 secs] [Times: user=0.02 sys=0.01, real=0.01 secs] 
1909.178: [GC (Allocation Failure) [PSYoungGen: 70496K->1408K(70144K)] 503081K->433993K(588288K), 0.0026808 secs] [Times: user=0.01 sys=0.00, real=0.01 secs] 
1910.034: [GC (Allocation Failure) [PSYoungGen: 70016K->1469K(69632K)] 502601K->434054K(587776K), 0.0025019 secs] [Times: user=0.01 sys=0.00, real=0.00 secs] 
1910.212: [GC (Allocation Failure) [PSYoungGen: 69565K->1501K(69120K)] 502150K->434086K(587264K), 0.0016926 secs] [Times: user=0.01 sys=0.00, real=0.00 secs] 
1910.331: [GC (Allocation Failure) [PSYoungGen: 69085K->1472K(68608K)] 501670K->434057K(586752K), 0.0015610 secs] [Times: user=0.01 sys=0.00, real=0.00 secs] 
1910.449: [GC (Allocation Failure) [PSYoungGen: 68544K->1533K(68096K)] 501129K->434126K(586240K), 0.0016136 secs] [Times: user=0.00 sys=0.00, real=0.00 secs] 
1911.019: [GC (Allocation Failure) [PSYoungGen: 68093K->1440K(67584K)] 500686K->434033K(585728K), 0.0024217 secs] [Times: user=0.01 sys=0.00, real=0.01 secs] 
1912.047: [GC (Allocation Failure) [PSYoungGen: 67488K->1440K(67072K)] 500081K->434033K(585216K), 0.0026249 secs] [Times: user=0.01 sys=0.00, real=0.00 secs] 
1912.711: [GC (Allocation Failure) [PSYoungGen: 66976K->1328K(66560K)] 499569K->433945K(584704K), 0.0020552 secs] [Times: user=0.00 sys=0.00, real=0.00 secs] 
1913.392: [GC (Allocation Failure) [PSYoungGen: 66352K->1312K(66048K)] 498969K->433929K(584192K), 0.0024661 secs] [Times: user=0.01 sys=0.00, real=0.00 secs] 
1914.026: [GC (Allocation Failure) [PSYoungGen: 65824K->1344K(65536K)] 498441K->433961K(583680K), 0.0022878 secs] [Times: user=0.01 sys=0.00, real=0.00 secs] 
1914.234: [GC (Allocation Failure) [PSYoungGen: 65344K->1485K(65024K)] 497961K->434102K(583168K), 0.0017865 secs] [Times: user=0.01 sys=0.00, real=0.00 secs] 
1914.348: [GC (Allocation Failure) [PSYoungGen: 64973K->1501K(64512K)] 497590K->434118K(582656K), 0.0017870 secs] [Times: user=0.00 sys=0.00, real=0.00 secs] 
1914.460: [GC (Allocation Failure) [PSYoungGen: 64477K->1501K(64000K)] 497094K->434126K(582144K), 0.0016191 secs] [Times: user=0.00 sys=0.00, real=0.01 secs] 
1914.571: [GC (Allocation Failure) [PSYoungGen: 63965K->1501K(64512K)] 496590K->434126K(582656K), 0.0016448 secs] [Times: user=0.01 sys=0.00, real=0.00 secs] 
1914.902: [GC (Allocation Failure) [PSYoungGen: 64477K->1392K(64000K)] 497102K->434017K(582144K), 0.0018535 secs] [Times: user=0.01 sys=0.00, real=0.00 secs] 
1915.389: [GC (Allocation Failure) [PSYoungGen: 63856K->1408K(63488K)] 496481K->434033K(581632K), 0.0019248 secs] [Times: user=0.01 sys=0.00, real=0.01 secs] 
1915.925: [GC (Allocation Failure) [PSYoungGen: 63360K->1376K(62976K)] 495985K->434001K(581120K), 0.0019949 secs] [Times: user=0.00 sys=0.00, real=0.00 secs] 
1916.415: [GC (Allocation Failure) [PSYoungGen: 62816K->1376K(62464K)] 495441K->434001K(580608K), 0.0019941 secs] [Times: user=0.01 sys=0.00, real=0.00 secs] 
1917.070: [GC (Allocation Failure) [PSYoungGen: 62304K->1437K(61952K)] 494929K->434062K(580096K), 0.0025118 secs] [Times: user=0.01 sys=0.00, real=0.01 secs] 
1917.209: [GC (Allocation Failure) [PSYoungGen: 61853K->1453K(61440K)] 494478K->434078K(579584K), 0.0017283 secs] [Times: user=0.01 sys=0.00, real=0.01 secs] 
1917.315: [GC (Allocation Failure) [PSYoungGen: 61357K->1421K(61952K)] 493982K->434054K(580096K), 0.0017328 secs] [Times: user=0.00 sys=0.00, real=0.00 secs] 
1917.421: [GC (Allocation Failure) [PSYoungGen: 61325K->1485K(61952K)] 493958K->434118K(580096K), 0.0016332 secs] [Times: user=0.01 sys=0.00, real=0.01 secs] 
1917.540: [GC (Allocation Failure) [PSYoungGen: 61389K->1501K(61952K)] 494022K->434134K(580096K), 0.0018141 secs] [Times: user=0.01 sys=0.00, real=0.01 secs] 
1917.812: [GC (Allocation Failure) [PSYoungGen: 61405K->1376K(67072K)] 494038K->434009K(585216K), 0.0018758 secs] [Times: user=0.01 sys=0.01, real=0.00 secs] 
1918.084: [GC (Allocation Failure) [PSYoungGen: 66912K->1376K(66560K)] 499545K->434009K(584704K), 0.0020193 secs] [Times: user=0.01 sys=0.00, real=0.00 secs] 
1918.355: [GC (Allocation Failure) [PSYoungGen: 66400K->1376K(66048K)] 499033K->434009K(584192K), 0.0019023 secs] [Times: user=0.01 sys=0.00, real=0.00 secs] 
1918.638: [GC (Allocation Failure) [PSYoungGen: 65888K->1344K(65536K)] 498521K->433985K(583680K), 0.0020686 secs] [Times: user=0.01 sys=0.01, real=0.00 secs] 
1918.876: [GC (Allocation Failure) [PSYoungGen: 65344K->1440K(65024K)] 497985K->434081K(583168K), 0.0017568 secs] [Times: user=0.01 sys=0.00, real=0.00 secs] 
1918.989: [GC (Allocation Failure) [PSYoungGen: 64928K->1501K(64512K)] 497569K->434142K(582656K), 0.0016542 secs] [Times: user=0.01 sys=0.00, real=0.01 secs] 
1919.101: [GC (Allocation Failure) [PSYoungGen: 64477K->1472K(65024K)] 497118K->434129K(583168K), 0.0018452 secs] [Times: user=0.01 sys=0.00, real=0.00 secs] 
1919.214: [GC (Allocation Failure) [PSYoungGen: 64448K->1501K(65024K)] 497105K->434158K(583168K), 0.0017167 secs] [Times: user=0.01 sys=0.00, real=0.00 secs] 
1919.629: [GC (Allocation Failure) [PSYoungGen: 64477K->1424K(70144K)] 497134K->434081K(588288K), 0.0019714 secs] [Times: user=0.01 sys=0.00, real=0.01 secs] 
1920.194: [GC (Allocation Failure) [PSYoungGen: 70032K->1344K(69632K)] 502689K->434001K(587776K), 0.0020379 secs] [Times: user=0.00 sys=0.00, real=0.00 secs] 
1920.780: [GC (Allocation Failure) [PSYoungGen: 69440K->1376K(69120K)] 502097K->434033K(587264K), 0.0021934 secs] [Times: user=0.01 sys=0.00, real=0.01 secs] 
1921.097: [GC (Allocation Failure) [PSYoungGen: 68960K->1344K(68608K)] 501617K->434001K(586752K), 0.0020768 secs] [Times: user=0.00 sys=0.00, real=0.00 secs] 
1921.373: [GC (Allocation Failure) [PSYoungGen: 68416K->1469K(68096K)] 501073K->434126K(586240K), 0.0021240 secs] [Times: user=0.00 sys=0.00, real=0.00 secs] 
1921.502: [GC (Allocation Failure) [PSYoungGen: 68029K->1501K(67584K)] 500686K->434158K(585728K), 0.0018138 secs] [Times: user=0.00 sys=0.00, real=0.00 secs] 
1921.619: [GC (Allocation Failure) [PSYoungGen: 67549K->1469K(68096K)] 500206K->434126K(586240K), 0.0016607 secs] [Times: user=0.00 sys=0.00, real=0.01 secs] 
1921.736: [GC (Allocation Failure) [PSYoungGen: 67517K->1472K(68096K)] 500174K->434137K(586240K), 0.0015992 secs] [Times: user=0.00 sys=0.00, real=0.00 secs] 
1922.188: [GC (Allocation Failure) [PSYoungGen: 67520K->1424K(67072K)] 500185K->434089K(585216K), 0.0020053 secs] [Times: user=0.00 sys=0.00, real=0.00 secs] 
1922.461: [GC (Allocation Failure) [PSYoungGen: 66960K->1440K(73728K)] 499625K->434105K(591872K), 0.0047344 secs] [Times: user=0.01 sys=0.01, real=0.00 secs] 
1922.762: [GC (Allocation Failure) [PSYoungGen: 73120K->1376K(73728K)] 505785K->434041K(591872K), 0.0027323 secs] [Times: user=0.00 sys=0.00, real=0.00 secs] 
1923.060: [GC (Allocation Failure) [PSYoungGen: 73056K->1360K(72704K)] 505721K->434025K(590848K), 0.0020402 secs] [Times: user=0.01 sys=0.00, real=0.01 secs] 
1923.363: [GC (Allocation Failure) [PSYoungGen: 72528K->1501K(72192K)] 505193K->434166K(590336K), 0.0017535 secs] [Times: user=0.00 sys=0.00, real=0.00 secs] 
1923.490: [GC (Allocation Failure) [PSYoungGen: 72157K->1408K(71680K)] 504822K->434073K(589824K), 0.0016855 secs] [Times: user=0.01 sys=0.00, real=0.01 secs] 
1923.613: [GC (Allocation Failure) [PSYoungGen: 71552K->1421K(72192K)] 504217K->434086K(590336K), 0.0016434 secs] [Times: user=0.00 sys=0.00, real=0.00 secs] 
1923.736: [GC (Allocation Failure) [PSYoungGen: 71565K->1485K(72192K)] 504230K->434158K(590336K), 0.0016880 secs] [Times: user=0.00 sys=0.00, real=0.00 secs] 
1924.362: [GC (Allocation Failure) [PSYoungGen: 71629K->1392K(71168K)] 504302K->434065K(589312K), 0.0019311 secs] [Times: user=0.01 sys=0.00, real=0.00 secs] 
1924.996: [GC (Allocation Failure) [PSYoungGen: 71024K->1376K(70656K)] 503697K->434049K(588800K), 0.0020816 secs] [Times: user=0.01 sys=0.00, real=0.00 secs] 
1925.496: [GC (Allocation Failure) [PSYoungGen: 70496K->1376K(70144K)] 503169K->434049K(588288K), 0.0019899 secs] [Times: user=0.01 sys=0.00, real=0.00 secs] 
1926.076: [GC (Allocation Failure) [PSYoungGen: 69984K->1344K(69632K)] 502657K->434017K(587776K), 0.0024170 secs] [Times: user=0.01 sys=0.00, real=0.00 secs] 
1926.401: [GC (Allocation Failure) [PSYoungGen: 69440K->1440K(69120K)] 502113K->434113K(587264K), 0.0018986 secs] [Times: user=0.01 sys=0.00, real=0.00 secs] 
1926.529: [GC (Allocation Failure) [PSYoungGen: 69024K->1504K(68608K)] 501697K->434177K(586752K), 0.0017184 secs] [Times: user=0.00 sys=0.00, real=0.00 secs] 
1926.648: [GC (Allocation Failure) [PSYoungGen: 68576K->1469K(68096K)] 501249K->434142K(586240K), 0.0017451 secs] [Times: user=0.01 sys=0.00, real=0.00 secs] 
1926.765: [GC (Allocation Failure) [PSYoungGen: 68029K->1469K(74240K)] 500702K->434150K(592384K), 0.0016360 secs] [Times: user=0.00 sys=0.00, real=0.00 secs] 
1927.420: [GC (Allocation Failure) [PSYoungGen: 74173K->1440K(73728K)] 506854K->434121K(591872K), 0.0022770 secs] [Times: user=0.01 sys=0.00, real=0.01 secs] 
1927.855: [GC (Allocation Failure) [PSYoungGen: 73632K->1344K(73216K)] 506313K->434025K(591360K), 0.0019455 secs] [Times: user=0.01 sys=0.00, real=0.00 secs] 
1928.153: [GC (Allocation Failure) [PSYoungGen: 73024K->1360K(72704K)] 505705K->434041K(590848K), 0.0021231 secs] [Times: user=0.01 sys=0.00, real=0.00 secs] 
1928.519: [GC (Allocation Failure) [PSYoungGen: 72528K->1376K(72192K)] 505209K->434057K(590336K), 0.0019841 secs] [Times: user=0.01 sys=0.00, real=0.00 secs] 
1928.725: [GC (Allocation Failure) [PSYoungGen: 72032K->1485K(71680K)] 504713K->434166K(589824K), 0.0017871 secs] [Times: user=0.01 sys=0.00, real=0.00 secs] 
1928.869: [GC (Allocation Failure) [PSYoungGen: 71629K->1485K(71168K)] 504310K->434166K(589312K), 0.0018796 secs] [Times: user=0.00 sys=0.00, real=0.01 secs] 
1929.024: [GC (Allocation Failure) [PSYoungGen: 71117K->1437K(70656K)] 503798K->434118K(588800K), 0.0020346 secs] [Times: user=0.01 sys=0.00, real=0.00 secs] 
1929.276: [GC (Allocation Failure) [PSYoungGen: 70557K->1440K(70144K)] 503238K->434137K(588288K), 0.0026413 secs] [Times: user=0.01 sys=0.00, real=0.00 secs] 
1929.640: [GC (Allocation Failure) [PSYoungGen: 70048K->1344K(69632K)] 502745K->434041K(587776K), 0.0020797 secs] [Times: user=0.01 sys=0.00, real=0.01 secs] 
1929.923: [GC (Allocation Failure) [PSYoungGen: 69440K->1408K(69120K)] 502137K->434105K(587264K), 0.0021533 secs] [Times: user=0.01 sys=0.00, real=0.00 secs] 
1930.262: [GC (Allocation Failure) [PSYoungGen: 68992K->1344K(68608K)] 501689K->434041K(586752K), 0.0020494 secs] [Times: user=0.01 sys=0.00, real=0.00 secs] 
1930.587: [GC (Allocation Failure) [PSYoungGen: 68416K->1469K(68096K)] 501113K->434166K(586240K), 0.0021697 secs] [Times: user=0.01 sys=0.00, real=0.00 secs] 
1930.723: [GC (Allocation Failure) [PSYoungGen: 68029K->1469K(67584K)] 500726K->434166K(585728K), 0.0017047 secs] [Times: user=0.01 sys=0.00, real=0.00 secs] 
1930.841: [GC (Allocation Failure) [PSYoungGen: 67517K->1501K(67072K)] 500214K->434198K(585216K), 0.0017143 secs] [Times: user=0.00 sys=0.00, real=0.00 secs] 
1930.958: [GC (Allocation Failure) [PSYoungGen: 67037K->1501K(67584K)] 499734K->434198K(585728K), 0.0017236 secs] [Times: user=0.00 sys=0.01, real=0.00 secs] 
1931.298: [GC (Allocation Failure) [PSYoungGen: 67037K->1936K(67584K)] 499734K->434633K(585728K), 0.0022826 secs] [Times: user=0.01 sys=0.00, real=0.00 secs] 
1932.023: [GC (Allocation Failure) [PSYoungGen: 67472K->1344K(66560K)] 500169K->434049K(584704K), 0.0020651 secs] [Times: user=0.01 sys=0.00, real=0.00 secs] 
1932.294: [GC (Allocation Failure) [PSYoungGen: 66368K->1376K(66048K)] 499073K->434081K(584192K), 0.0021825 secs] [Times: user=0.01 sys=0.01, real=0.00 secs] 
1932.562: [GC (Allocation Failure) [PSYoungGen: 65888K->1360K(65536K)] 498593K->434065K(583680K), 0.0020618 secs] [Times: user=0.01 sys=0.00, real=0.00 secs] 
1932.828: [GC (Allocation Failure) [PSYoungGen: 65360K->1344K(65024K)] 498065K->434049K(583168K), 0.0021680 secs] [Times: user=0.01 sys=0.00, real=0.00 secs] 
1933.031: [GC (Allocation Failure) [PSYoungGen: 64832K->1456K(64512K)] 497537K->434161K(582656K), 0.0024938 secs] [Times: user=0.01 sys=0.00, real=0.00 secs] 
1933.146: [GC (Allocation Failure) [PSYoungGen: 64432K->1485K(70656K)] 497137K->434190K(588800K), 0.0016310 secs] [Times: user=0.00 sys=0.00, real=0.00 secs] 
1933.269: [GC (Allocation Failure) [PSYoungGen: 70070K->1504K(70656K)] 502775K->434225K(588800K), 0.0018701 secs] [Times: user=0.00 sys=0.00, real=0.00 secs] 
1933.389: [GC (Allocation Failure) [PSYoungGen: 70112K->1456K(70656K)] 502833K->434177K(588800K), 0.0015849 secs] [Times: user=0.01 sys=0.00, real=0.01 secs] 
1934.349: [GC (Allocation Failure) [PSYoungGen: 70064K->1392K(76288K)] 502785K->434121K(594432K), 0.0046932 secs] [Times: user=0.02 sys=0.00, real=0.01 secs] 
1935.430: [GC (Allocation Failure) [PSYoungGen: 76144K->1344K(75776K)] 508873K->434081K(593920K), 0.0044174 secs] [Times: user=0.02 sys=0.00, real=0.01 secs] 
1936.295: [GC (Allocation Failure) [PSYoungGen: 75584K->1344K(75264K)] 508321K->434081K(593408K), 0.0031355 secs] [Times: user=0.01 sys=0.00, real=0.00 secs] 
1937.046: [GC (Allocation Failure) [PSYoungGen: 75072K->1488K(74752K)] 507809K->434225K(592896K), 0.0048087 secs] [Times: user=0.03 sys=0.00, real=0.00 secs] 
1937.295: [GC (Allocation Failure) [PSYoungGen: 74704K->1536K(74752K)] 507441K->434273K(592896K), 0.0019437 secs] [Times: user=0.01 sys=0.00, real=0.00 secs] 
1937.428: [GC (Allocation Failure) [PSYoungGen: 74240K->1501K(73728K)] 506977K->434238K(591872K), 0.0016004 secs] [Times: user=0.01 sys=0.00, real=0.00 secs] 
1937.554: [GC (Allocation Failure) [PSYoungGen: 73693K->1453K(73216K)] 506430K->434198K(591360K), 0.0015988 secs] [Times: user=0.01 sys=0.00, real=0.00 secs] 
1937.801: [GC (Allocation Failure) [PSYoungGen: 73133K->1424K(72704K)] 505878K->434169K(590848K), 0.0020156 secs] [Times: user=0.01 sys=0.00, real=0.00 secs] 
1938.133: [GC (Allocation Failure) [PSYoungGen: 72592K->1376K(72192K)] 505337K->434121K(590336K), 0.0018832 secs] [Times: user=0.01 sys=0.00, real=0.00 secs] 
1938.426: [GC (Allocation Failure) [PSYoungGen: 72032K->1376K(71680K)] 504777K->434121K(589824K), 0.0019082 secs] [Times: user=0.00 sys=0.00, real=0.00 secs] 
1938.718: [GC (Allocation Failure) [PSYoungGen: 71520K->1408K(71168K)] 504265K->434153K(589312K), 0.0019048 secs] [Times: user=0.00 sys=0.00, real=0.00 secs] 
1939.139: [GC (Allocation Failure) [PSYoungGen: 71040K->1469K(70656K)] 503785K->434214K(588800K), 0.0020204 secs] [Times: user=0.00 sys=0.01, real=0.01 secs] 
1939.270: [GC (Allocation Failure) [PSYoungGen: 70589K->1485K(70144K)] 503334K->434230K(588288K), 0.0016666 secs] [Times: user=0.00 sys=0.00, real=0.01 secs] 
1939.390: [GC (Allocation Failure) [PSYoungGen: 70073K->1469K(69632K)] 502818K->434214K(587776K), 0.0018079 secs] [Times: user=0.01 sys=0.00, real=0.01 secs] 
1939.511: [GC (Allocation Failure) [PSYoungGen: 69565K->1469K(70144K)] 502310K->434214K(588288K), 0.0015442 secs] [Times: user=0.01 sys=0.00, real=0.00 secs] 
1940.073: [GC (Allocation Failure) [PSYoungGen: 70077K->1440K(69632K)] 502822K->434201K(587776K), 0.0020450 secs] [Times: user=0.01 sys=0.00, real=0.00 secs] 
1940.361: [GC (Allocation Failure) [PSYoungGen: 69536K->1344K(69120K)] 502297K->434105K(587264K), 0.0021160 secs] [Times: user=0.01 sys=0.00, real=0.00 secs] 
1940.673: [GC (Allocation Failure) [PSYoungGen: 68928K->1344K(68608K)] 501689K->434105K(586752K), 0.0021359 secs] [Times: user=0.00 sys=0.00, real=0.00 secs] 
1940.982: [GC (Allocation Failure) [PSYoungGen: 68416K->1376K(68096K)] 501177K->434137K(586240K), 0.0019598 secs] [Times: user=0.00 sys=0.00, real=0.00 secs] 
1941.244: [GC (Allocation Failure) [PSYoungGen: 67936K->1469K(67584K)] 500697K->434230K(585728K), 0.0019430 secs] [Times: user=0.01 sys=0.00, real=0.00 secs] 
1941.363: [GC (Allocation Failure) [PSYoungGen: 67517K->1437K(67072K)] 500278K->434198K(585216K), 0.0016771 secs] [Times: user=0.01 sys=0.00, real=0.00 secs] 
1941.479: [GC (Allocation Failure) [PSYoungGen: 66973K->1453K(67584K)] 499734K->434214K(585728K), 0.0015641 secs] [Times: user=0.01 sys=0.00, real=0.01 secs] 
1941.596: [GC (Allocation Failure) [PSYoungGen: 66989K->1501K(73216K)] 499750K->434278K(591360K), 0.0016981 secs] [Times: user=0.00 sys=0.01, real=0.00 secs] 
1941.892: [GC (Allocation Failure) [PSYoungGen: 72669K->1392K(72192K)] 505446K->434169K(590336K), 0.0017742 secs] [Times: user=0.00 sys=0.00, real=0.00 secs] 
1942.239: [GC (Allocation Failure) [PSYoungGen: 72048K->1376K(71680K)] 504825K->434153K(589824K), 0.0018899 secs] [Times: user=0.00 sys=0.00, real=0.00 secs] 
1942.530: [GC (Allocation Failure) [PSYoungGen: 71520K->1376K(71168K)] 504297K->434153K(589312K), 0.0019515 secs] [Times: user=0.01 sys=0.00, real=0.01 secs] 
1942.845: [GC (Allocation Failure) [PSYoungGen: 71008K->1376K(70656K)] 503785K->434161K(588800K), 0.0020604 secs] [Times: user=0.00 sys=0.01, real=0.00 secs] 
1943.320: [GC (Allocation Failure) [PSYoungGen: 70496K->1485K(70144K)] 503281K->434270K(588288K), 0.0016682 secs] [Times: user=0.01 sys=0.00, real=0.01 secs] 
1943.463: [GC (Allocation Failure) [PSYoungGen: 70093K->1421K(69632K)] 502878K->434206K(587776K), 0.0018399 secs] [Times: user=0.00 sys=0.00, real=0.00 secs] 
1943.626: [GC (Allocation Failure) [PSYoungGen: 69517K->1485K(69120K)] 502302K->434270K(587264K), 0.0018822 secs] [Times: user=0.00 sys=0.00, real=0.00 secs] 
1943.749: [GC (Allocation Failure) [PSYoungGen: 69069K->1501K(69632K)] 501854K->434302K(587776K), 0.0019451 secs] [Times: user=0.01 sys=0.00, real=0.01 secs] 
1944.248: [GC (Allocation Failure) [PSYoungGen: 69085K->1408K(68608K)] 501886K->434209K(586752K), 0.0023415 secs] [Times: user=0.01 sys=0.00, real=0.00 secs] 
1944.978: [GC (Allocation Failure) [PSYoungGen: 68480K->1376K(68096K)] 501281K->434177K(586240K), 0.0025354 secs] [Times: user=0.01 sys=0.00, real=0.00 secs] 
1945.644: [GC (Allocation Failure) [PSYoungGen: 67936K->1408K(67584K)] 500737K->434209K(585728K), 0.0025835 secs] [Times: user=0.01 sys=0.00, real=0.00 secs] 
1946.362: [GC (Allocation Failure) [PSYoungGen: 67456K->1344K(67072K)] 500257K->434145K(585216K), 0.0028261 secs] [Times: user=0.01 sys=0.00, real=0.00 secs] 
1946.785: [GC (Allocation Failure) [PSYoungGen: 66880K->1440K(66560K)] 499681K->434241K(584704K), 0.0020230 secs] [Times: user=0.01 sys=0.00, real=0.00 secs] 
1946.912: [GC (Allocation Failure) [PSYoungGen: 66464K->1501K(66048K)] 499265K->434302K(584192K), 0.0018270 secs] [Times: user=0.01 sys=0.00, real=0.00 secs] 
1947.025: [GC (Allocation Failure) [PSYoungGen: 66013K->1501K(65536K)] 498814K->434302K(583680K), 0.0016326 secs] [Times: user=0.00 sys=0.00, real=0.00 secs] 
1947.139: [GC (Allocation Failure) [PSYoungGen: 65501K->1501K(66048K)] 498302K->434326K(584192K), 0.0017335 secs] [Times: user=0.00 sys=0.00, real=0.00 secs] 
1947.759: [GC (Allocation Failure) [PSYoungGen: 65501K->1440K(65024K)] 498326K->434265K(583168K), 0.0021302 secs] [Times: user=0.01 sys=0.00, real=0.01 secs] 
1948.364: [GC (Allocation Failure) [PSYoungGen: 64928K->1408K(64512K)] 497753K->434233K(582656K), 0.0025479 secs] [Times: user=0.01 sys=0.00, real=0.00 secs] 
1948.911: [GC (Allocation Failure) [PSYoungGen: 64384K->1440K(64000K)] 497209K->434265K(582144K), 0.0026737 secs] [Times: user=0.01 sys=0.00, real=0.00 secs] 
1949.313: [GC (Allocation Failure) [PSYoungGen: 63904K->1376K(63488K)] 496729K->434209K(581632K), 0.0036610 secs] [Times: user=0.01 sys=0.00, real=0.00 secs] 
1949.683: [GC (Allocation Failure) [PSYoungGen: 63328K->1437K(62976K)] 496161K->434270K(581120K), 0.0024661 secs] [Times: user=0.01 sys=0.00, real=0.00 secs] 
1949.865: [GC (Allocation Failure) [PSYoungGen: 62877K->1469K(62464K)] 495710K->434302K(580608K), 0.0025031 secs] [Times: user=0.01 sys=0.00, real=0.00 secs] 
1950.007: [GC (Allocation Failure) [PSYoungGen: 62397K->1453K(62976K)] 495230K->434286K(581120K), 0.0022336 secs] [Times: user=0.01 sys=0.00, real=0.00 secs] 
1950.115: [GC (Allocation Failure) [PSYoungGen: 62381K->1453K(68608K)] 495214K->434302K(586752K), 0.0017330 secs] [Times: user=0.01 sys=0.00, real=0.00 secs] 
1950.292: [GC (Allocation Failure) [PSYoungGen: 67508K->2016K(68608K)] 500357K->434889K(586752K), 0.0016963 secs] [Times: user=0.00 sys=0.00, real=0.00 secs] 
1950.576: [GC (Allocation Failure) [PSYoungGen: 68576K->1376K(73728K)] 501449K->434249K(591872K), 0.0019224 secs] [Times: user=0.01 sys=0.00, real=0.00 secs] 
1950.876: [GC (Allocation Failure) [PSYoungGen: 73568K->1376K(73216K)] 506441K->434249K(591360K), 0.0021041 secs] [Times: user=0.01 sys=0.00, real=0.00 secs] 
1951.174: [GC (Allocation Failure) [PSYoungGen: 73056K->1312K(72704K)] 505929K->434201K(590848K), 0.0022392 secs] [Times: user=0.00 sys=0.00, real=0.00 secs] 
1951.475: [GC (Allocation Failure) [PSYoungGen: 72480K->1424K(72192K)] 505369K->434313K(590336K), 0.0020054 secs] [Times: user=0.00 sys=0.00, real=0.00 secs] 
1951.608: [GC (Allocation Failure) [PSYoungGen: 72064K->1488K(71680K)] 504953K->434377K(589824K), 0.0016865 secs] [Times: user=0.00 sys=0.00, real=0.00 secs] 
1951.731: [GC (Allocation Failure) [PSYoungGen: 71632K->1453K(72192K)] 504521K->434342K(590336K), 0.0016508 secs] [Times: user=0.00 sys=0.00, real=0.00 secs] 
1951.855: [GC (Allocation Failure) [PSYoungGen: 71597K->1501K(78336K)] 504486K->434406K(596480K), 0.0016235 secs] [Times: user=0.00 sys=0.00, real=0.00 secs] 
1952.095: [GC (Allocation Failure) [PSYoungGen: 77789K->1456K(78336K)] 510694K->434361K(596480K), 0.0018818 secs] [Times: user=0.01 sys=0.00, real=0.00 secs] 
1952.411: [GC (Allocation Failure) [PSYoungGen: 77744K->1312K(77312K)] 510649K->434217K(595456K), 0.0017862 secs] [Times: user=0.00 sys=0.00, real=0.00 secs] 
1952.727: [GC (Allocation Failure) [PSYoungGen: 77088K->1344K(76800K)] 509993K->434249K(594944K), 0.0019101 secs] [Times: user=0.01 sys=0.00, real=0.00 secs] 
1953.039: [GC (Allocation Failure) [PSYoungGen: 76608K->1392K(76288K)] 509513K->434305K(594432K), 0.0021767 secs] [Times: user=0.01 sys=0.00, real=0.01 secs] 
1953.399: [GC (Allocation Failure) [PSYoungGen: 76144K->1501K(75776K)] 509057K->434414K(593920K), 0.0023353 secs] [Times: user=0.01 sys=0.00, real=0.01 secs] 
1953.555: [GC (Allocation Failure) [PSYoungGen: 75741K->1485K(82432K)] 508654K->434398K(600576K), 0.0038388 secs] [Times: user=0.02 sys=0.00, real=0.00 secs] 
1953.739: [GC (Allocation Failure) [PSYoungGen: 82381K->1504K(82944K)] 515294K->434417K(601088K), 0.0021548 secs] [Times: user=0.01 sys=0.00, real=0.01 secs] 
1954.249: [GC (Allocation Failure) [PSYoungGen: 82400K->1456K(89600K)] 515313K->434385K(607744K), 0.0040959 secs] [Times: user=0.01 sys=0.00, real=0.01 secs] 
1955.199: [GC (Allocation Failure) [PSYoungGen: 89520K->1376K(89088K)] 522449K->434305K(607232K), 0.0037206 secs] [Times: user=0.01 sys=0.00, real=0.01 secs] 
1955.941: [GC (Allocation Failure) [PSYoungGen: 88928K->1408K(88576K)] 521857K->434337K(606720K), 0.0024960 secs] [Times: user=0.01 sys=0.00, real=0.01 secs] 
1956.610: [GC (Allocation Failure) [PSYoungGen: 88448K->1469K(88064K)] 521377K->434398K(606208K), 0.0024436 secs] [Times: user=0.01 sys=0.00, real=0.01 secs] 
1956.795: [GC (Allocation Failure) [PSYoungGen: 87997K->1485K(87552K)] 520926K->434422K(605696K), 0.0016795 secs] [Times: user=0.01 sys=0.00, real=0.00 secs] 
1956.947: [GC (Allocation Failure) [PSYoungGen: 87501K->1536K(87552K)] 520438K->434473K(605696K), 0.0016676 secs] [Times: user=0.01 sys=0.00, real=0.00 secs] 
1957.254: [GC (Allocation Failure) [PSYoungGen: 87040K->1408K(86528K)] 519977K->434345K(604672K), 0.0022926 secs] [Times: user=0.01 sys=0.00, real=0.00 secs] 
1957.981: [GC (Allocation Failure) [PSYoungGen: 86400K->1440K(86016K)] 519337K->434377K(604160K), 0.0021280 secs] [Times: user=0.01 sys=0.00, real=0.01 secs] 
1958.765: [GC (Allocation Failure) [PSYoungGen: 85920K->1376K(85504K)] 518857K->434313K(603648K), 0.0029911 secs] [Times: user=0.01 sys=0.01, real=0.00 secs] 
1959.688: [GC (Allocation Failure) [PSYoungGen: 85344K->1376K(84992K)] 518281K->434313K(603136K), 0.0043477 secs] [Times: user=0.01 sys=0.00, real=0.01 secs] 
1960.093: [GC (Allocation Failure) [PSYoungGen: 84832K->1453K(84480K)] 517769K->434390K(602624K), 0.0020634 secs] [Times: user=0.01 sys=0.00, real=0.00 secs] 
1960.245: [GC (Allocation Failure) [PSYoungGen: 84397K->1485K(83968K)] 517334K->434422K(602112K), 0.0017135 secs] [Times: user=0.01 sys=0.00, real=0.00 secs] 
1960.390: [GC (Allocation Failure) [PSYoungGen: 83917K->1469K(83456K)] 516854K->434406K(601600K), 0.0014907 secs] [Times: user=0.00 sys=0.00, real=0.01 secs] 
1960.831: [GC (Allocation Failure) [PSYoungGen: 83389K->1440K(82944K)] 516326K->434377K(601088K), 0.0021466 secs] [Times: user=0.01 sys=0.00, real=0.00 secs] 
1961.393: [GC (Allocation Failure) [PSYoungGen: 82848K->1360K(82432K)] 515785K->434297K(600576K), 0.0028429 secs] [Times: user=0.01 sys=0.00, real=0.00 secs] 
1962.143: [GC (Allocation Failure) [PSYoungGen: 82256K->1376K(81920K)] 515193K->434321K(600064K), 0.0031506 secs] [Times: user=0.01 sys=0.00, real=0.00 secs] 
1962.781: [GC (Allocation Failure) [PSYoungGen: 81760K->1389K(81408K)] 514705K->434342K(599552K), 0.0021983 secs] [Times: user=0.01 sys=0.00, real=0.00 secs] 
1962.958: [GC (Allocation Failure) [PSYoungGen: 81261K->1453K(80896K)] 514214K->434406K(599040K), 0.0015976 secs] [Times: user=0.00 sys=0.00, real=0.00 secs] 
1963.122: [GC (Allocation Failure) [PSYoungGen: 80813K->1453K(80384K)] 513766K->434406K(598528K), 0.0017036 secs] [Times: user=0.01 sys=0.00, real=0.00 secs] 
1963.308: [GC (Allocation Failure) [PSYoungGen: 79737K->256K(78848K)] 512690K->433209K(596992K), 0.0022047 secs] [Times: user=0.00 sys=0.00, real=0.00 secs] 
1963.717: [GC (Allocation Failure) [PSYoungGen: 78592K->1376K(79360K)] 511545K->434329K(597504K), 0.0021565 secs] [Times: user=0.01 sys=0.00, real=0.00 secs] 
1964.387: [GC (Allocation Failure) [PSYoungGen: 79200K->1344K(78848K)] 512153K->434297K(596992K), 0.0045802 secs] [Times: user=0.02 sys=0.00, real=0.01 secs] 
1964.989: [GC (Allocation Failure) [PSYoungGen: 78656K->1360K(78336K)] 511609K->434313K(596480K), 0.0025595 secs] [Times: user=0.01 sys=0.00, real=0.01 secs] 
1965.483: [GC (Allocation Failure) [PSYoungGen: 78160K->1469K(77824K)] 511113K->434422K(595968K), 0.0024067 secs] [Times: user=0.01 sys=0.00, real=0.00 secs] 
1965.654: [GC (Allocation Failure) [PSYoungGen: 77757K->1472K(77312K)] 510710K->434425K(595456K), 0.0015718 secs] [Times: user=0.00 sys=0.01, real=0.00 secs] 
1965.788: [GC (Allocation Failure) [PSYoungGen: 77248K->1501K(76800K)] 510201K->434454K(594944K), 0.0016126 secs] [Times: user=0.01 sys=0.00, real=0.00 secs] 
1965.919: [GC (Allocation Failure) [PSYoungGen: 76765K->1533K(76288K)] 509718K->434486K(594432K), 0.0016445 secs] [Times: user=0.01 sys=0.00, real=0.01 secs] 
1966.703: [GC (Allocation Failure) [PSYoungGen: 76285K->1408K(75776K)] 509238K->434361K(593920K), 0.0021732 secs] [Times: user=0.01 sys=0.00, real=0.00 secs] 
1967.463: [GC (Allocation Failure) [PSYoungGen: 75648K->1408K(75264K)] 508601K->434361K(593408K), 0.0022756 secs] [Times: user=0.01 sys=0.00, real=0.00 secs] 
1968.007: [GC (Allocation Failure) [PSYoungGen: 75136K->1376K(74752K)] 508089K->434329K(592896K), 0.0021925 secs] [Times: user=0.01 sys=0.00, real=0.00 secs] 
1968.789: [GC (Allocation Failure) [PSYoungGen: 74592K->1469K(74240K)] 507545K->434422K(592384K), 0.0022449 secs] [Times: user=0.00 sys=0.00, real=0.01 secs] 
1968.950: [GC (Allocation Failure) [PSYoungGen: 74173K->1501K(73728K)] 507126K->434454K(591872K), 0.0017200 secs] [Times: user=0.00 sys=0.00, real=0.01 secs] 
1969.077: [GC (Allocation Failure) [PSYoungGen: 73693K->1469K(73216K)] 506646K->434422K(591360K), 0.0017735 secs] [Times: user=0.00 sys=0.00, real=0.00 secs] 
1969.202: [GC (Allocation Failure) [PSYoungGen: 73149K->1485K(72704K)] 506102K->434438K(590848K), 0.0016474 secs] [Times: user=0.01 sys=0.00, real=0.00 secs] 
1970.387: [GC (Allocation Failure) [PSYoungGen: 72653K->1424K(72192K)] 505606K->434377K(590336K), 0.0040505 secs] [Times: user=0.01 sys=0.00, real=0.01 secs] 
1970.920: [GC (Allocation Failure) [PSYoungGen: 72080K->1408K(71680K)] 505033K->434361K(589824K), 0.0026372 secs] [Times: user=0.01 sys=0.00, real=0.01 secs] 
1971.608: [GC (Allocation Failure) [PSYoungGen: 71552K->1344K(71168K)] 504505K->434313K(589312K), 0.0043747 secs] [Times: user=0.02 sys=0.00, real=0.01 secs] 
1972.369: [GC (Allocation Failure) [PSYoungGen: 70976K->1408K(70656K)] 503945K->434377K(588800K), 0.0053459 secs] [Times: user=0.02 sys=0.00, real=0.01 secs] 
1972.952: [GC (Allocation Failure) [PSYoungGen: 70528K->1469K(70144K)] 503497K->434438K(588288K), 0.0023755 secs] [Times: user=0.01 sys=0.00, real=0.00 secs] 
1973.105: [GC (Allocation Failure) [PSYoungGen: 70077K->1501K(69632K)] 503046K->434470K(587776K), 0.0017322 secs] [Times: user=0.00 sys=0.00, real=0.00 secs] 
1973.226: [GC (Allocation Failure) [PSYoungGen: 69597K->1501K(69120K)] 502566K->434470K(587264K), 0.0016346 secs] [Times: user=0.01 sys=0.00, real=0.00 secs] 
1973.345: [GC (Allocation Failure) [PSYoungGen: 69085K->1469K(68608K)] 502054K->434438K(586752K), 0.0016294 secs] [Times: user=0.01 sys=0.00, real=0.00 secs] 
1974.807: [GC (Allocation Failure) [PSYoungGen: 68541K->1440K(68096K)] 501510K->434409K(586240K), 0.0039754 secs] [Times: user=0.02 sys=0.00, real=0.01 secs] 
1975.536: [GC (Allocation Failure) [PSYoungGen: 68000K->1376K(67584K)] 500969K->434345K(585728K), 0.0038723 secs] [Times: user=0.01 sys=0.00, real=0.00 secs] 
1976.028: [GC (Allocation Failure) [PSYoungGen: 67424K->1344K(67072K)] 500393K->434313K(585216K), 0.0025498 secs] [Times: user=0.01 sys=0.00, real=0.01 secs] 
1976.558: [GC (Allocation Failure) [PSYoungGen: 66880K->1376K(66560K)] 499849K->434345K(584704K), 0.0023069 secs] [Times: user=0.01 sys=0.00, real=0.00 secs] 
1976.919: [GC (Allocation Failure) [PSYoungGen: 66400K->1469K(66048K)] 499369K->434438K(584192K), 0.0019658 secs] [Times: user=0.01 sys=0.00, real=0.00 secs] 
1977.041: [GC (Allocation Failure) [PSYoungGen: 65981K->1485K(65536K)] 498950K->434454K(583680K), 0.0016426 secs] [Times: user=0.01 sys=0.00, real=0.00 secs] 
1977.154: [GC (Allocation Failure) [PSYoungGen: 65469K->1504K(65024K)] 498438K->434473K(583168K), 0.0017718 secs] [Times: user=0.01 sys=0.00, real=0.00 secs] 
1977.266: [GC (Allocation Failure) [PSYoungGen: 64992K->1469K(65536K)] 497961K->434446K(583680K), 0.0016451 secs] [Times: user=0.00 sys=0.00, real=0.00 secs] 
1977.506: [GC (Allocation Failure) [PSYoungGen: 64957K->1424K(71168K)] 497934K->434401K(589312K), 0.0020503 secs] [Times: user=0.01 sys=0.00, real=0.00 secs] 
1977.794: [GC (Allocation Failure) [PSYoungGen: 70544K->1344K(70144K)] 503521K->434321K(588288K), 0.0020699 secs] [Times: user=0.01 sys=0.01, real=0.00 secs] 
1978.540: [GC (Allocation Failure) [PSYoungGen: 69952K->1344K(69632K)] 502929K->434321K(587776K), 0.0030522 secs] [Times: user=0.01 sys=0.00, real=0.01 secs] 
1979.268: [GC (Allocation Failure) [PSYoungGen: 69440K->1376K(69120K)] 502417K->434353K(587264K), 0.0019932 secs] [Times: user=0.01 sys=0.00, real=0.00 secs] 
1979.833: [GC (Allocation Failure) [PSYoungGen: 68960K->1440K(68608K)] 501937K->434417K(586752K), 0.0020694 secs] [Times: user=0.01 sys=0.00, real=0.00 secs] 
1980.005: [GC (Allocation Failure) [PSYoungGen: 68512K->1453K(68096K)] 501489K->434430K(586240K), 0.0020379 secs] [Times: user=0.01 sys=0.00, real=0.00 secs] 
1980.158: [GC (Allocation Failure) [PSYoungGen: 68013K->1469K(67584K)] 500990K->434446K(585728K), 0.0016498 secs] [Times: user=0.00 sys=0.00, real=0.00 secs] 
1980.295: [GC (Allocation Failure) [PSYoungGen: 67517K->1469K(67072K)] 500494K->434470K(585216K), 0.0018988 secs] [Times: user=0.01 sys=0.00, real=0.00 secs] 
1980.593: [GC (Allocation Failure) [PSYoungGen: 67005K->1424K(66560K)] 500006K->434425K(584704K), 0.0022846 secs] [Times: user=0.01 sys=0.00, real=0.00 secs] 
1980.860: [GC (Allocation Failure) [PSYoungGen: 66448K->1376K(66048K)] 499449K->434377K(584192K), 0.0021114 secs] [Times: user=0.01 sys=0.00, real=0.01 secs] 
1981.339: [GC (Allocation Failure) [PSYoungGen: 65888K->1376K(65536K)] 498889K->434377K(583680K), 0.0027509 secs] [Times: user=0.01 sys=0.00, real=0.01 secs] 
1981.845: [GC (Allocation Failure) [PSYoungGen: 65376K->1376K(65024K)] 498377K->434377K(583168K), 0.0030080 secs] [Times: user=0.01 sys=0.00, real=0.00 secs] 
1982.638: [GC (Allocation Failure) [PSYoungGen: 64864K->1456K(64512K)] 497865K->434457K(582656K), 0.0032166 secs] [Times: user=0.02 sys=0.00, real=0.01 secs] 
1982.825: [GC (Allocation Failure) [PSYoungGen: 64432K->1421K(64000K)] 497433K->434422K(582144K), 0.0019994 secs] [Times: user=0.01 sys=0.00, real=0.00 secs] 
1982.940: [GC (Allocation Failure) [PSYoungGen: 63885K->1501K(63488K)] 496886K->434502K(581632K), 0.0016287 secs] [Times: user=0.01 sys=0.00, real=0.01 secs] 
1983.050: [GC (Allocation Failure) [PSYoungGen: 63453K->1437K(64000K)] 496454K->434446K(582144K), 0.0017195 secs] [Times: user=0.01 sys=0.00, real=0.01 secs] 
1983.161: [GC (Allocation Failure) [PSYoungGen: 63389K->1501K(69632K)] 496398K->434510K(587776K), 0.0015371 secs] [Times: user=0.00 sys=0.00, real=0.00 secs] 
1984.052: [GC (Allocation Failure) [PSYoungGen: 69085K->1376K(68608K)] 502094K->434385K(586752K), 0.0022220 secs] [Times: user=0.01 sys=0.00, real=0.00 secs] 
1984.662: [GC (Allocation Failure) [PSYoungGen: 68448K->1360K(68096K)] 501457K->434369K(586240K), 0.0029031 secs] [Times: user=0.01 sys=0.00, real=0.00 secs] 
1985.199: [GC (Allocation Failure) [PSYoungGen: 67920K->1376K(67584K)] 500929K->434385K(585728K), 0.0021342 secs] [Times: user=0.01 sys=0.00, real=0.00 secs] 
1985.969: [GC (Allocation Failure) [PSYoungGen: 67424K->1408K(67072K)] 500433K->434417K(585216K), 0.0027958 secs] [Times: user=0.01 sys=0.00, real=0.01 secs] 
1986.341: [GC (Allocation Failure) [PSYoungGen: 66944K->1440K(66560K)] 499953K->434449K(584704K), 0.0019938 secs] [Times: user=0.00 sys=0.00, real=0.01 secs] 
1986.464: [GC (Allocation Failure) [PSYoungGen: 66464K->1485K(66048K)] 499473K->434494K(584192K), 0.0017660 secs] [Times: user=0.01 sys=0.00, real=0.00 secs] 
1986.577: [GC (Allocation Failure) [PSYoungGen: 65997K->1504K(65536K)] 499006K->434521K(583680K), 0.0017706 secs] [Times: user=0.01 sys=0.00, real=0.00 secs] 
1986.691: [GC (Allocation Failure) [PSYoungGen: 65504K->1501K(66048K)] 498521K->434518K(584192K), 0.0016563 secs] [Times: user=0.00 sys=0.00, real=0.00 secs] 
1987.639: [GC (Allocation Failure) [PSYoungGen: 65501K->1424K(65024K)] 498518K->434441K(583168K), 0.0024829 secs] [Times: user=0.00 sys=0.00, real=0.01 secs] 
1987.904: [GC (Allocation Failure) [PSYoungGen: 64912K->1376K(64512K)] 497929K->434393K(582656K), 0.0021628 secs] [Times: user=0.01 sys=0.00, real=0.00 secs] 
1988.165: [GC (Allocation Failure) [PSYoungGen: 64352K->1376K(64000K)] 497369K->434393K(582144K), 0.0021021 secs] [Times: user=0.01 sys=0.00, real=0.00 secs] 
1988.439: [GC (Allocation Failure) [PSYoungGen: 63840K->1376K(63488K)] 496857K->434393K(581632K), 0.0020703 secs] [Times: user=0.00 sys=0.00, real=0.01 secs] 
1988.735: [GC (Allocation Failure) [PSYoungGen: 63328K->1424K(62976K)] 496345K->434441K(581120K), 0.0017685 secs] [Times: user=0.01 sys=0.00, real=0.00 secs] 
1988.845: [GC (Allocation Failure) [PSYoungGen: 62864K->1501K(62464K)] 495881K->434518K(580608K), 0.0017924 secs] [Times: user=0.01 sys=0.00, real=0.00 secs] 
1988.954: [GC (Allocation Failure) [PSYoungGen: 62429K->1504K(62976K)] 495446K->434521K(581120K), 0.0017307 secs] [Times: user=0.01 sys=0.00, real=0.00 secs] 
1989.077: [GC (Allocation Failure) [PSYoungGen: 62432K->1501K(68608K)] 495449K->434526K(586752K), 0.0019678 secs] [Times: user=0.01 sys=0.00, real=0.00 secs] 
1989.368: [GC (Allocation Failure) [PSYoungGen: 68061K->2000K(68608K)] 501086K->435049K(586752K), 0.0023349 secs] [Times: user=0.01 sys=0.00, real=0.00 secs] 
1990.401: [GC (Allocation Failure) [PSYoungGen: 68560K->1312K(67584K)] 501609K->434361K(585728K), 0.0023791 secs] [Times: user=0.01 sys=0.00, real=0.01 secs] 
1991.296: [GC (Allocation Failure) [PSYoungGen: 67360K->1344K(67072K)] 500409K->434393K(585216K), 0.0028014 secs] [Times: user=0.01 sys=0.00, real=0.00 secs] 
1991.905: [GC (Allocation Failure) [PSYoungGen: 66880K->1376K(66560K)] 499929K->434425K(584704K), 0.0025083 secs] [Times: user=0.01 sys=0.00, real=0.00 secs] 
1993.056: [GC (Allocation Failure) [PSYoungGen: 66400K->1344K(66048K)] 499449K->434393K(584192K), 0.0037911 secs] [Times: user=0.02 sys=0.00, real=0.00 secs] 
1993.421: [GC (Allocation Failure) [PSYoungGen: 65856K->1440K(65536K)] 498905K->434489K(583680K), 0.0020594 secs] [Times: user=0.01 sys=0.00, real=0.00 secs] 
1993.556: [GC (Allocation Failure) [PSYoungGen: 65440K->1440K(65024K)] 498489K->434489K(583168K), 0.0018160 secs] [Times: user=0.00 sys=0.00, real=0.00 secs] 
1993.685: [GC (Allocation Failure) [PSYoungGen: 64928K->1469K(64512K)] 497977K->434534K(582656K), 0.0019385 secs] [Times: user=0.01 sys=0.00, real=0.00 secs] 
1993.825: [GC (Allocation Failure) [PSYoungGen: 64445K->1437K(70144K)] 497510K->434502K(588288K), 0.0021547 secs] [Times: user=0.01 sys=0.00, real=0.00 secs] 
1994.270: [GC (Allocation Failure) [PSYoungGen: 70045K->1408K(69632K)] 503110K->434473K(587776K), 0.0029117 secs] [Times: user=0.01 sys=0.00, real=0.01 secs] 
1994.766: [GC (Allocation Failure) [PSYoungGen: 69504K->1344K(69120K)] 502569K->434409K(587264K), 0.0022009 secs] [Times: user=0.01 sys=0.00, real=0.00 secs] 
1995.331: [GC (Allocation Failure) [PSYoungGen: 68928K->1408K(68608K)] 501993K->434473K(586752K), 0.0024505 secs] [Times: user=0.00 sys=0.00, real=0.01 secs] 
1995.857: [GC (Allocation Failure) [PSYoungGen: 68480K->1376K(68096K)] 501545K->434441K(586240K), 0.0029077 secs] [Times: user=0.01 sys=0.00, real=0.00 secs] 
1996.198: [GC (Allocation Failure) [PSYoungGen: 67936K->1421K(67584K)] 501001K->434486K(585728K), 0.0021703 secs] [Times: user=0.01 sys=0.00, real=0.00 secs] 
1996.330: [GC (Allocation Failure) [PSYoungGen: 67469K->1469K(67072K)] 500534K->434534K(585216K), 0.0016807 secs] [Times: user=0.00 sys=0.00, real=0.01 secs] 
1996.447: [GC (Allocation Failure) [PSYoungGen: 67005K->1421K(66560K)] 500070K->434494K(584704K), 0.0016588 secs] [Times: user=0.01 sys=0.00, real=0.00 secs] 
1996.561: [GC (Allocation Failure) [PSYoungGen: 66445K->1485K(67072K)] 499518K->434558K(585216K), 0.0016880 secs] [Times: user=0.01 sys=0.00, real=0.00 secs] 
1996.807: [GC (Allocation Failure) [PSYoungGen: 66509K->1456K(66048K)] 499582K->434529K(584192K), 0.0015896 secs] [Times: user=0.00 sys=0.00, real=0.00 secs] 
1997.075: [GC (Allocation Failure) [PSYoungGen: 65968K->1376K(65536K)] 499041K->434449K(583680K), 0.0015187 secs] [Times: user=0.00 sys=0.00, real=0.00 secs] 
1997.340: [GC (Allocation Failure) [PSYoungGen: 65376K->1344K(65024K)] 498449K->434417K(583168K), 0.0014880 secs] [Times: user=0.01 sys=0.00, real=0.01 secs] 
1997.774: [GC (Allocation Failure) [PSYoungGen: 64832K->1376K(64512K)] 497905K->434449K(582656K), 0.0020616 secs] [Times: user=0.01 sys=0.00, real=0.00 secs] 
1998.028: [GC (Allocation Failure) [PSYoungGen: 64352K->1472K(64000K)] 497425K->434545K(582144K), 0.0018222 secs] [Times: user=0.01 sys=0.00, real=0.00 secs] 
1998.146: [GC (Allocation Failure) [PSYoungGen: 63936K->1488K(63488K)] 497009K->434561K(581632K), 0.0016872 secs] [Times: user=0.01 sys=0.00, real=0.00 secs] 
1998.254: [GC (Allocation Failure) [PSYoungGen: 63440K->1501K(69120K)] 496513K->434574K(587264K), 0.0014903 secs] [Times: user=0.00 sys=0.00, real=0.00 secs] 
1998.374: [GC (Allocation Failure) [PSYoungGen: 69085K->1453K(69632K)] 502158K->434542K(587776K), 0.0017001 secs] [Times: user=0.01 sys=0.00, real=0.00 secs] 
1999.330: [GC (Allocation Failure) [PSYoungGen: 69037K->1392K(68608K)] 502126K->434481K(586752K), 0.0031001 secs] [Times: user=0.01 sys=0.00, real=0.01 secs] 
2000.692: [GC (Allocation Failure) [PSYoungGen: 68464K->1360K(68096K)] 501553K->434449K(586240K), 0.0026491 secs] [Times: user=0.01 sys=0.00, real=0.00 secs] 
2001.018: [GC (Allocation Failure) [PSYoungGen: 67920K->1360K(67584K)] 501009K->434449K(585728K), 0.0021350 secs] [Times: user=0.01 sys=0.00, real=0.00 secs] 
2001.480: [GC (Allocation Failure) [PSYoungGen: 67408K->1344K(67072K)] 500497K->434433K(585216K), 0.0021242 secs] [Times: user=0.01 sys=0.00, real=0.01 secs] 
2002.142: [GC (Allocation Failure) [PSYoungGen: 66880K->1437K(66560K)] 499969K->434526K(584704K), 0.0022370 secs] [Times: user=0.00 sys=0.00, real=0.00 secs] 
2002.302: [GC (Allocation Failure) [PSYoungGen: 66461K->1456K(66048K)] 499550K->434545K(584192K), 0.0015923 secs] [Times: user=0.01 sys=0.00, real=0.00 secs] 
2002.415: [GC (Allocation Failure) [PSYoungGen: 65968K->1453K(65536K)] 499057K->434542K(583680K), 0.0020654 secs] [Times: user=0.00 sys=0.00, real=0.00 secs] 
2002.530: [GC (Allocation Failure) [PSYoungGen: 65453K->1421K(71168K)] 498542K->434518K(589312K), 0.0016958 secs] [Times: user=0.01 sys=0.00, real=0.01 secs] 
2002.780: [GC (Allocation Failure) [PSYoungGen: 71053K->1408K(70656K)] 504150K->434505K(588800K), 0.0018643 secs] [Times: user=0.01 sys=0.01, real=0.01 secs] 
2003.447: [GC (Allocation Failure) [PSYoungGen: 70528K->1376K(70144K)] 503625K->434473K(588288K), 0.0025133 secs] [Times: user=0.01 sys=0.00, real=0.00 secs] 
2004.017: [GC (Allocation Failure) [PSYoungGen: 69984K->1376K(69632K)] 503081K->434473K(587776K), 0.0025339 secs] [Times: user=0.01 sys=0.00, real=0.00 secs] 
2004.733: [GC (Allocation Failure) [PSYoungGen: 69472K->1376K(69120K)] 502569K->434473K(587264K), 0.0040508 secs] [Times: user=0.02 sys=0.01, real=0.00 secs] 
2005.449: [GC (Allocation Failure) [PSYoungGen: 68960K->413K(67584K)] 502057K->434534K(585728K), 0.0030550 secs] [Times: user=0.01 sys=0.00, real=0.01 secs] 
2005.641: [GC (Allocation Failure) [PSYoungGen: 67485K->493K(68608K)] 501606K->434614K(586752K), 0.0016120 secs] [Times: user=0.01 sys=0.00, real=0.01 secs] 
2005.758: [GC (Allocation Failure) [PSYoungGen: 67053K->493K(67072K)] 501174K->434614K(585216K), 0.0017100 secs] [Times: user=0.01 sys=0.00, real=0.00 secs] 
2005.892: [GC (Allocation Failure) [PSYoungGen: 66541K->493K(66048K)] 500662K->434622K(584192K), 0.0018768 secs] [Times: user=0.00 sys=0.00, real=0.00 secs] 
2006.187: [GC (Allocation Failure) [PSYoungGen: 66029K->1408K(66560K)] 500158K->435537K(584704K), 0.0024005 secs] [Times: user=0.01 sys=0.00, real=0.00 secs] 
2006.760: [GC (Allocation Failure) [PSYoungGen: 66432K->1376K(66048K)] 500561K->435505K(584192K), 0.0027533 secs] [Times: user=0.01 sys=0.00, real=0.01 secs] 
2007.313: [GC (Allocation Failure) [PSYoungGen: 65888K->1344K(65536K)] 500017K->435473K(583680K), 0.0022344 secs] [Times: user=0.01 sys=0.00, real=0.00 secs] 
2007.877: [GC (Allocation Failure) [PSYoungGen: 65344K->1408K(65024K)] 499473K->435537K(583168K), 0.0033668 secs] [Times: user=0.01 sys=0.00, real=0.00 secs] 
2008.617: [GC (Allocation Failure) [PSYoungGen: 64896K->1408K(64512K)] 499025K->435537K(582656K), 0.0024398 secs] [Times: user=0.01 sys=0.00, real=0.00 secs] 
2008.931: [GC (Allocation Failure) [PSYoungGen: 64384K->1376K(64000K)] 498513K->435505K(582144K), 0.0019361 secs] [Times: user=0.00 sys=0.00, real=0.00 secs] 
2009.048: [GC (Allocation Failure) [PSYoungGen: 63840K->1501K(63488K)] 497969K->435630K(581632K), 0.0018429 secs] [Times: user=0.01 sys=0.00, real=0.00 secs] 
2009.157: [GC (Allocation Failure) [PSYoungGen: 63453K->1453K(64000K)] 497582K->435590K(582144K), 0.0017844 secs] [Times: user=0.01 sys=0.00, real=0.00 secs] 
2009.266: [GC (Allocation Failure) [PSYoungGen: 63405K->1520K(69632K)] 497542K->435657K(587776K), 0.0062124 secs] [Times: user=0.01 sys=0.03, real=0.01 secs] 
2009.822: [GC (Allocation Failure) [PSYoungGen: 69104K->1376K(69632K)] 503241K->435537K(587776K), 0.0106466 secs] [Times: user=0.05 sys=0.00, real=0.01 secs] 
2010.634: [GC (Allocation Failure) [PSYoungGen: 68960K->1392K(77312K)] 503121K->435553K(595456K), 0.0110548 secs] [Times: user=0.05 sys=0.01, real=0.01 secs] 
2011.345: [GC (Allocation Failure) [PSYoungGen: 77168K->1408K(77824K)] 511329K->435569K(595968K), 0.0054705 secs] [Times: user=0.02 sys=0.01, real=0.01 secs] 
2012.405: [GC (Allocation Failure) [PSYoungGen: 77184K->1424K(84992K)] 511345K->435601K(603136K), 0.0059704 secs] [Times: user=0.02 sys=0.01, real=0.01 secs] 
2012.794: [GC (Allocation Failure) [PSYoungGen: 84880K->1581K(86016K)] 519057K->435758K(604160K), 0.0028277 secs] [Times: user=0.01 sys=0.01, real=0.00 secs] 
2012.942: [GC (Allocation Failure) [PSYoungGen: 85549K->1520K(93696K)] 519726K->435697K(611840K), 0.0023087 secs] [Times: user=0.01 sys=0.00, real=0.00 secs] 
2013.134: [GC (Allocation Failure) [PSYoungGen: 93168K->1472K(93696K)] 527345K->435649K(611840K), 0.0020164 secs] [Times: user=0.01 sys=0.00, real=0.00 secs] 
2013.526: [GC (Allocation Failure) [PSYoungGen: 93120K->1376K(101376K)] 527297K->435553K(619520K), 0.0019010 secs] [Times: user=0.01 sys=0.00, real=0.00 secs] 
2013.941: [GC (Allocation Failure) [PSYoungGen: 101216K->1344K(100352K)] 535393K->435521K(618496K), 0.0019544 secs] [Times: user=0.01 sys=0.01, real=0.00 secs] 
2014.351: [GC (Allocation Failure) [PSYoungGen: 100160K->1376K(99328K)] 534337K->435553K(617472K), 0.0020057 secs] [Times: user=0.01 sys=0.01, real=0.00 secs] 
2014.572: [GC (Allocation Failure) [PSYoungGen: 99163K->1504K(98304K)] 533340K->435681K(616448K), 0.0017083 secs] [Times: user=0.00 sys=0.00, real=0.00 secs] 
2014.745: [GC (Allocation Failure) [PSYoungGen: 98272K->1517K(97280K)] 532449K->435694K(615424K), 0.0017183 secs] [Times: user=0.00 sys=0.00, real=0.00 secs] 
2015.318: [GC (Allocation Failure) [PSYoungGen: 97261K->1440K(96256K)] 531438K->435617K(614400K), 0.0023679 secs] [Times: user=0.01 sys=0.01, real=0.00 secs] 
2016.540: [GC (Allocation Failure) [PSYoungGen: 96160K->1344K(95232K)] 530337K->435521K(613376K), 0.0034992 secs] [Times: user=0.01 sys=0.01, real=0.01 secs] 
2017.302: [GC (Allocation Failure) [PSYoungGen: 95040K->1408K(94208K)] 529217K->435585K(612352K), 0.0029859 secs] [Times: user=0.01 sys=0.00, real=0.00 secs] 
2017.952: [GC (Allocation Failure) [PSYoungGen: 94080K->1469K(93184K)] 528257K->435646K(611328K), 0.0021057 secs] [Times: user=0.01 sys=0.00, real=0.00 secs] 
2018.138: [GC (Allocation Failure) [PSYoungGen: 93117K->1504K(92160K)] 527294K->435681K(610304K), 0.0018017 secs] [Times: user=0.01 sys=0.00, real=0.00 secs] 
2018.298: [GC (Allocation Failure) [PSYoungGen: 92128K->1504K(91136K)] 526305K->435713K(609280K), 0.0017443 secs] [Times: user=0.01 sys=0.00, real=0.00 secs] 
2018.635: [GC (Allocation Failure) [PSYoungGen: 91104K->1424K(90112K)] 525313K->435633K(608256K), 0.0023477 secs] [Times: user=0.01 sys=0.00, real=0.00 secs] 
2019.187: [GC (Allocation Failure) [PSYoungGen: 90000K->1344K(89088K)] 524209K->435553K(607232K), 0.0020038 secs] [Times: user=0.01 sys=0.00, real=0.00 secs] 
2019.904: [GC (Allocation Failure) [PSYoungGen: 88896K->1376K(88576K)] 523105K->435585K(606720K), 0.0031790 secs] [Times: user=0.01 sys=0.00, real=0.00 secs] 
2020.529: [GC (Allocation Failure) [PSYoungGen: 88416K->1440K(88064K)] 522625K->435649K(606208K), 0.0067052 secs] [Times: user=0.01 sys=0.00, real=0.01 secs] 
2020.710: [GC (Allocation Failure) [PSYoungGen: 87968K->1485K(87552K)] 522177K->435694K(605696K), 0.0015912 secs] [Times: user=0.01 sys=0.00, real=0.01 secs] 
2020.862: [GC (Allocation Failure) [PSYoungGen: 87501K->1485K(87040K)] 521710K->435694K(605184K), 0.0016197 secs] [Times: user=0.01 sys=0.00, real=0.00 secs] 
2021.579: [GC (Allocation Failure) [PSYoungGen: 86989K->1408K(86528K)] 521198K->435633K(604672K), 0.0035313 secs] [Times: user=0.01 sys=0.00, real=0.01 secs] 
2022.610: [GC (Allocation Failure) [PSYoungGen: 86400K->1376K(86016K)] 520625K->435601K(604160K), 0.0031653 secs] [Times: user=0.01 sys=0.00, real=0.01 secs] 
2023.429: [GC (Allocation Failure) [PSYoungGen: 85856K->1344K(85504K)] 520081K->435569K(603648K), 0.0035418 secs] [Times: user=0.01 sys=0.00, real=0.01 secs] 
2024.673: [GC (Allocation Failure) [PSYoungGen: 85312K->1376K(84992K)] 519537K->435601K(603136K), 0.0032340 secs] [Times: user=0.01 sys=0.00, real=0.00 secs] 
2025.088: [GC (Allocation Failure) [PSYoungGen: 84832K->1469K(84480K)] 519057K->435694K(602624K), 0.0017125 secs] [Times: user=0.01 sys=0.00, real=0.00 secs] 
2025.233: [GC (Allocation Failure) [PSYoungGen: 84413K->1517K(83968K)] 518638K->435742K(602112K), 0.0016132 secs] [Times: user=0.01 sys=0.00, real=0.00 secs] 
2025.379: [GC (Allocation Failure) [PSYoungGen: 83949K->1501K(83456K)] 518174K->435726K(601600K), 0.0017311 secs] [Times: user=0.01 sys=0.00, real=0.01 secs] 
2026.454: [GC (Allocation Failure) [PSYoungGen: 83421K->1408K(82944K)] 517646K->435633K(601088K), 0.0051299 secs] [Times: user=0.02 sys=0.00, real=0.00 secs] 
2027.333: [GC (Allocation Failure) [PSYoungGen: 82816K->1376K(82432K)] 517041K->435601K(600576K), 0.0026902 secs] [Times: user=0.01 sys=0.00, real=0.00 secs] 
2027.667: [GC (Allocation Failure) [PSYoungGen: 82272K->1376K(81920K)] 516497K->435601K(600064K), 0.0020559 secs] [Times: user=0.01 sys=0.00, real=0.00 secs] 
2027.981: [GC (Allocation Failure) [PSYoungGen: 81760K->1504K(81408K)] 515985K->435729K(599552K), 0.0017655 secs] [Times: user=0.00 sys=0.00, real=0.01 secs] 
2028.123: [GC (Allocation Failure) [PSYoungGen: 81376K->1485K(80896K)] 515601K->435710K(599040K), 0.0016053 secs] [Times: user=0.01 sys=0.00, real=0.00 secs] 
2028.263: [GC (Allocation Failure) [PSYoungGen: 80845K->1485K(80384K)] 515070K->435710K(598528K), 0.0017171 secs] [Times: user=0.01 sys=0.00, real=0.00 secs] 
2028.407: [GC (Allocation Failure) [PSYoungGen: 80333K->1472K(79872K)] 514558K->435697K(598016K), 0.0018811 secs] [Times: user=0.01 sys=0.00, real=0.00 secs] 
2029.147: [GC (Allocation Failure) [PSYoungGen: 79808K->1408K(79360K)] 514033K->435633K(597504K), 0.0044739 secs] [Times: user=0.02 sys=0.00, real=0.01 secs] 
2029.877: [GC (Allocation Failure) [PSYoungGen: 79232K->1376K(78848K)] 513457K->435609K(596992K), 0.0027966 secs] [Times: user=0.02 sys=0.00, real=0.00 secs] 
2030.364: [GC (Allocation Failure) [PSYoungGen: 78688K->1392K(78336K)] 512921K->435625K(596480K), 0.0025726 secs] [Times: user=0.01 sys=0.00, real=0.00 secs] 
2030.875: [GC (Allocation Failure) [PSYoungGen: 78192K->1437K(77824K)] 512425K->435670K(595968K), 0.0019349 secs] [Times: user=0.01 sys=0.00, real=0.00 secs] 
2031.027: [GC (Allocation Failure) [PSYoungGen: 77725K->1421K(77312K)] 511958K->435662K(595456K), 0.0017798 secs] [Times: user=0.01 sys=0.00, real=0.00 secs] 
2031.161: [GC (Allocation Failure) [PSYoungGen: 77197K->1485K(76800K)] 511438K->435726K(594944K), 0.0016050 secs] [Times: user=0.01 sys=0.00, real=0.00 secs] 
2031.316: [GC (Allocation Failure) [PSYoungGen: 76749K->160K(75264K)] 510990K->434401K(593408K), 0.0019371 secs] [Times: user=0.01 sys=0.00, real=0.00 secs] 
2031.703: [GC (Allocation Failure) [PSYoungGen: 74912K->1376K(75776K)] 509153K->435617K(593920K), 0.0022057 secs] [Times: user=0.00 sys=0.00, real=0.00 secs] 
2032.046: [GC (Allocation Failure) [PSYoungGen: 75616K->1360K(75264K)] 509857K->435601K(593408K), 0.0019441 secs] [Times: user=0.00 sys=0.00, real=0.00 secs] 
2032.353: [GC (Allocation Failure) [PSYoungGen: 75088K->1392K(74752K)] 509329K->435633K(592896K), 0.0020435 secs] [Times: user=0.01 sys=0.00, real=0.00 secs] 
2032.730: [GC (Allocation Failure) [PSYoungGen: 74608K->1424K(74240K)] 508849K->435665K(592384K), 0.0020113 secs] [Times: user=0.00 sys=0.00, real=0.01 secs] 
2032.860: [GC (Allocation Failure) [PSYoungGen: 74128K->1453K(73728K)] 508369K->435694K(591872K), 0.0016355 secs] [Times: user=0.01 sys=0.00, real=0.01 secs] 
2033.010: [GC (Allocation Failure) [PSYoungGen: 73645K->1437K(73216K)] 507886K->435678K(591360K), 0.0019401 secs] [Times: user=0.01 sys=0.00, real=0.01 secs] 
2033.168: [GC (Allocation Failure) [PSYoungGen: 73117K->1469K(72704K)] 507358K->435710K(590848K), 0.0015936 secs] [Times: user=0.01 sys=0.00, real=0.00 secs] 
2033.697: [GC (Allocation Failure) [PSYoungGen: 72637K->1424K(72192K)] 506878K->435673K(590336K), 0.0023920 secs] [Times: user=0.01 sys=0.00, real=0.00 secs] 
2034.689: [GC (Allocation Failure) [PSYoungGen: 72080K->1376K(71680K)] 506329K->435625K(589824K), 0.0049744 secs] [Times: user=0.02 sys=0.00, real=0.01 secs] 
2035.728: [GC (Allocation Failure) [PSYoungGen: 71520K->1376K(71168K)] 505769K->435625K(589312K), 0.0040737 secs] [Times: user=0.02 sys=0.00, real=0.01 secs] 
2036.370: [GC (Allocation Failure) [PSYoungGen: 71008K->1408K(70656K)] 505257K->435657K(588800K), 0.0031542 secs] [Times: user=0.02 sys=0.00, real=0.01 secs] 
2036.825: [GC (Allocation Failure) [PSYoungGen: 70528K->1437K(70144K)] 504777K->435686K(588288K), 0.0022931 secs] [Times: user=0.01 sys=0.00, real=0.00 secs] 
2036.966: [GC (Allocation Failure) [PSYoungGen: 70045K->1504K(69632K)] 504294K->435753K(587776K), 0.0015463 secs] [Times: user=0.00 sys=0.00, real=0.00 secs] 
2037.085: [GC (Allocation Failure) [PSYoungGen: 69600K->1485K(69120K)] 503849K->435734K(587264K), 0.0016547 secs] [Times: user=0.01 sys=0.00, real=0.00 secs] 
2037.206: [GC (Allocation Failure) [PSYoungGen: 69069K->1469K(68608K)] 503318K->435718K(586752K), 0.0016056 secs] [Times: user=0.01 sys=0.00, real=0.00 secs] 
2037.791: [GC (Allocation Failure) [PSYoungGen: 68541K->1424K(68096K)] 502790K->435681K(586240K), 0.0018204 secs] [Times: user=0.00 sys=0.00, real=0.00 secs] 
2038.317: [GC (Allocation Failure) [PSYoungGen: 67984K->1344K(67584K)] 502241K->435601K(585728K), 0.0028682 secs] [Times: user=0.01 sys=0.00, real=0.00 secs] 
2038.842: [GC (Allocation Failure) [PSYoungGen: 67392K->1392K(67072K)] 501649K->435649K(585216K), 0.0031597 secs] [Times: user=0.02 sys=0.00, real=0.00 secs] 
2039.453: [GC (Allocation Failure) [PSYoungGen: 66928K->1376K(66560K)] 501185K->435633K(584704K), 0.0029607 secs] [Times: user=0.01 sys=0.00, real=0.00 secs] 
2039.862: [GC (Allocation Failure) [PSYoungGen: 66398K->1469K(66048K)] 500655K->435726K(584192K), 0.0021716 secs] [Times: user=0.01 sys=0.00, real=0.00 secs] 
2039.998: [GC (Allocation Failure) [PSYoungGen: 65981K->1469K(65536K)] 500238K->435726K(583680K), 0.0015420 secs] [Times: user=0.01 sys=0.00, real=0.00 secs] 
2040.111: [GC (Allocation Failure) [PSYoungGen: 65469K->1453K(65024K)] 499726K->435710K(583168K), 0.0016188 secs] [Times: user=0.01 sys=0.00, real=0.00 secs] 
2040.223: [GC (Allocation Failure) [PSYoungGen: 64941K->1501K(70656K)] 499198K->435766K(588800K), 0.0017295 secs] [Times: user=0.00 sys=0.00, real=0.00 secs] 
2040.707: [GC (Allocation Failure) [PSYoungGen: 70621K->1424K(70144K)] 504886K->435705K(588288K), 0.0020160 secs] [Times: user=0.01 sys=0.00, real=0.00 secs] 
2041.085: [GC (Allocation Failure) [PSYoungGen: 70032K->1408K(69632K)] 504313K->435689K(587776K), 0.0036148 secs] [Times: user=0.02 sys=0.00, real=0.00 secs] 
2041.370: [GC (Allocation Failure) [PSYoungGen: 69504K->1376K(69120K)] 503785K->435657K(587264K), 0.0025111 secs] [Times: user=0.01 sys=0.00, real=0.01 secs] 
2041.824: [GC (Allocation Failure) [PSYoungGen: 68960K->1360K(68608K)] 503241K->435641K(586752K), 0.0026551 secs] [Times: user=0.01 sys=0.00, real=0.00 secs] 
2042.212: [GC (Allocation Failure) [PSYoungGen: 68432K->1437K(68096K)] 502713K->435718K(586240K), 0.0021357 secs] [Times: user=0.01 sys=0.00, real=0.00 secs] 
2042.353: [GC (Allocation Failure) [PSYoungGen: 67983K->1501K(67584K)] 502264K->435782K(585728K), 0.0015667 secs] [Times: user=0.00 sys=0.00, real=0.00 secs] 
2042.470: [GC (Allocation Failure) [PSYoungGen: 67549K->1469K(67072K)] 501830K->435750K(585216K), 0.0017940 secs] [Times: user=0.00 sys=0.00, real=0.01 secs] 
2042.586: [GC (Allocation Failure) [PSYoungGen: 67005K->1469K(67584K)] 501286K->435758K(585728K), 0.0016977 secs] [Times: user=0.01 sys=0.00, real=0.00 secs] 
2043.036: [GC (Allocation Failure) [PSYoungGen: 67005K->1424K(66560K)] 501294K->435713K(584704K), 0.0021597 secs] [Times: user=0.01 sys=0.00, real=0.00 secs] 
2043.528: [GC (Allocation Failure) [PSYoungGen: 66448K->1408K(66048K)] 500737K->435697K(584192K), 0.0021302 secs] [Times: user=0.01 sys=0.00, real=0.00 secs] 
2044.058: [GC (Allocation Failure) [PSYoungGen: 65920K->1408K(65536K)] 500209K->435697K(583680K), 0.0023363 secs] [Times: user=0.00 sys=0.00, real=0.00 secs] 
2044.635: [GC (Allocation Failure) [PSYoungGen: 65408K->1408K(65024K)] 499697K->435697K(583168K), 0.0023857 secs] [Times: user=0.01 sys=0.00, real=0.00 secs] 
2045.273: [GC (Allocation Failure) [PSYoungGen: 64896K->1405K(64512K)] 499185K->435694K(582656K), 0.0021061 secs] [Times: user=0.01 sys=0.00, real=0.00 secs] 
2045.450: [GC (Allocation Failure) [PSYoungGen: 64372K->1469K(64000K)] 498661K->435758K(582144K), 0.0022432 secs] [Times: user=0.01 sys=0.00, real=0.01 secs] 
2045.632: [GC (Allocation Failure) [PSYoungGen: 63933K->1453K(63488K)] 498222K->435742K(581632K), 0.0024514 secs] [Times: user=0.01 sys=0.00, real=0.00 secs] 
2045.782: [GC (Allocation Failure) [PSYoungGen: 63405K->1501K(62976K)] 497694K->435798K(581120K), 0.0016525 secs] [Times: user=0.01 sys=0.00, real=0.00 secs] 
2045.900: [GC (Allocation Failure) [PSYoungGen: 62941K->1456K(63488K)] 497238K->435753K(581632K), 0.0019244 secs] [Times: user=0.01 sys=0.00, real=0.01 secs] 
2046.188: [GC (Allocation Failure) [PSYoungGen: 62896K->1376K(69120K)] 497193K->435673K(587264K), 0.0023264 secs] [Times: user=0.01 sys=0.00, real=0.01 secs] 
2046.458: [GC (Allocation Failure) [PSYoungGen: 68448K->1376K(68096K)] 502745K->435673K(586240K), 0.0020162 secs] [Times: user=0.01 sys=0.00, real=0.00 secs] 
2046.735: [GC (Allocation Failure) [PSYoungGen: 67936K->1376K(67584K)] 502233K->435673K(585728K), 0.0019555 secs] [Times: user=0.01 sys=0.00, real=0.00 secs] 
2047.026: [GC (Allocation Failure) [PSYoungGen: 67424K->1376K(67072K)] 501721K->435673K(585216K), 0.0019304 secs] [Times: user=0.00 sys=0.00, real=0.00 secs] 
2047.216: [GC (Allocation Failure) [PSYoungGen: 66912K->1488K(66560K)] 501209K->435785K(584704K), 0.0016539 secs] [Times: user=0.00 sys=0.01, real=0.00 secs] 
2047.330: [GC (Allocation Failure) [PSYoungGen: 66512K->1488K(66048K)] 500809K->435785K(584192K), 0.0015839 secs] [Times: user=0.01 sys=0.00, real=0.01 secs] 
2047.443: [GC (Allocation Failure) [PSYoungGen: 66000K->1437K(66560K)] 500297K->435742K(584704K), 0.0016594 secs] [Times: user=0.00 sys=0.00, real=0.00 secs] 
2047.557: [GC (Allocation Failure) [PSYoungGen: 65949K->1504K(66560K)] 500254K->435809K(584704K), 0.0017126 secs] [Times: user=0.01 sys=0.00, real=0.00 secs] 
2048.069: [GC (Allocation Failure) [PSYoungGen: 66016K->1408K(65536K)] 500321K->435713K(583680K), 0.0019431 secs] [Times: user=0.01 sys=0.00, real=0.00 secs] 
2048.693: [GC (Allocation Failure) [PSYoungGen: 65408K->1344K(65024K)] 499713K->435665K(583168K), 0.0022787 secs] [Times: user=0.01 sys=0.01, real=0.00 secs] 
2049.210: [GC (Allocation Failure) [PSYoungGen: 64832K->1344K(64512K)] 499153K->435665K(582656K), 0.0023757 secs] [Times: user=0.00 sys=0.01, real=0.01 secs] 
2049.790: [GC (Allocation Failure) [PSYoungGen: 64320K->1376K(64000K)] 498641K->435697K(582144K), 0.0027027 secs] [Times: user=0.01 sys=0.00, real=0.01 secs] 
2050.406: [GC (Allocation Failure) [PSYoungGen: 63840K->1472K(63488K)] 498161K->435793K(581632K), 0.0023927 secs] [Times: user=0.01 sys=0.00, real=0.00 secs] 
2050.586: [GC (GCLocker Initiated GC) [PSYoungGen: 63424K->1440K(62976K)] 497745K->435761K(581120K), 0.0025661 secs] [Times: user=0.01 sys=0.01, real=0.00 secs] 
2050.782: [GC (Allocation Failure) [PSYoungGen: 62880K->1437K(62464K)] 497236K->435801K(580608K), 0.0023389 secs] [Times: user=0.01 sys=0.00, real=0.00 secs] 
2050.919: [GC (Allocation Failure) [PSYoungGen: 62365K->1504K(67584K)] 496729K->435868K(585728K), 0.0019389 secs] [Times: user=0.01 sys=0.00, real=0.01 secs] 
2051.156: [GC (Allocation Failure) [PSYoungGen: 67552K->1472K(67072K)] 501916K->435836K(585216K), 0.0021686 secs] [Times: user=0.00 sys=0.00, real=0.00 secs] 
2051.887: [GC (Allocation Failure) [PSYoungGen: 67008K->1440K(66560K)] 501372K->435804K(584704K), 0.0030157 secs] [Times: user=0.01 sys=0.00, real=0.00 secs] 
2052.445: [GC (Allocation Failure) [PSYoungGen: 66464K->1408K(66048K)] 500828K->435772K(584192K), 0.0025657 secs] [Times: user=0.00 sys=0.00, real=0.00 secs] 
2052.918: [GC (Allocation Failure) [PSYoungGen: 65920K->1440K(65536K)] 500284K->435804K(583680K), 0.0026229 secs] [Times: user=0.01 sys=0.01, real=0.00 secs] 
2053.446: [GC (Allocation Failure) [PSYoungGen: 65440K->1440K(65024K)] 499804K->435804K(583168K), 0.0026431 secs] [Times: user=0.01 sys=0.00, real=0.00 secs] 
2053.725: [GC (Allocation Failure) [PSYoungGen: 64928K->1485K(64512K)] 499292K->435849K(582656K), 0.0021439 secs] [Times: user=0.01 sys=0.00, real=0.00 secs] 
2053.849: [GC (Allocation Failure) [PSYoungGen: 64461K->493K(62976K)] 498825K->435881K(581120K), 0.0015409 secs] [Times: user=0.01 sys=0.01, real=0.00 secs] 
2053.960: [GC (Allocation Failure) [PSYoungGen: 62957K->525K(64000K)] 498345K->435921K(582144K), 0.0014926 secs] [Times: user=0.01 sys=0.00, real=0.01 secs] 
2054.069: [GC (Allocation Failure) [PSYoungGen: 62477K->493K(65024K)] 497873K->435889K(583168K), 0.0015886 secs] [Times: user=0.01 sys=0.00, real=0.00 secs] 
2054.626: [GC (Allocation Failure) [PSYoungGen: 63469K->1456K(64000K)] 498865K->436852K(582144K), 0.0020121 secs] [Times: user=0.00 sys=0.00, real=0.00 secs] 
2055.289: [GC (Allocation Failure) [PSYoungGen: 63920K->1440K(63488K)] 499316K->436836K(581632K), 0.0028061 secs] [Times: user=0.01 sys=0.00, real=0.01 secs] 
2055.806: [GC (Allocation Failure) [PSYoungGen: 63392K->1376K(62976K)] 498788K->436788K(581120K), 0.0025051 secs] [Times: user=0.01 sys=0.00, real=0.00 secs] 
2056.515: [GC (Allocation Failure) [PSYoungGen: 62816K->1408K(62464K)] 498228K->436820K(580608K), 0.0043622 secs] [Times: user=0.01 sys=0.00, real=0.00 secs] 
2056.948: [GC (Allocation Failure) [PSYoungGen: 62336K->1456K(61952K)] 497748K->436908K(580096K), 0.0025172 secs] [Times: user=0.01 sys=0.00, real=0.00 secs] 
2057.097: [GC (Allocation Failure) [PSYoungGen: 61872K->1485K(61440K)] 497324K->436945K(579584K), 0.0018126 secs] [Times: user=0.01 sys=0.00, real=0.00 secs] 
2057.204: [GC (Allocation Failure) [PSYoungGen: 61389K->1453K(61952K)] 496849K->436921K(580096K), 0.0015364 secs] [Times: user=0.01 sys=0.00, real=0.00 secs] 
2057.309: [GC (Allocation Failure) [PSYoungGen: 61357K->1453K(61952K)] 496825K->436921K(580096K), 0.0017523 secs] [Times: user=0.01 sys=0.00, real=0.01 secs] 
2057.415: [GC (Allocation Failure) [PSYoungGen: 61357K->1517K(61952K)] 496825K->436985K(580096K), 0.0016755 secs] [Times: user=0.01 sys=0.00, real=0.00 secs] 
2057.990: [GC (Allocation Failure) [PSYoungGen: 61421K->1408K(67072K)] 496889K->436876K(585216K), 0.0020624 secs] [Times: user=0.01 sys=0.00, real=0.01 secs] 
2058.649: [GC (Allocation Failure) [PSYoungGen: 66944K->1376K(66560K)] 502412K->436844K(584704K), 0.0043920 secs] [Times: user=0.02 sys=0.00, real=0.01 secs] 
2059.021: [GC (Allocation Failure) [PSYoungGen: 66400K->1344K(66048K)] 501868K->436812K(584192K), 0.0021954 secs] [Times: user=0.01 sys=0.00, real=0.00 secs] 
2059.353: [GC (Allocation Failure) [PSYoungGen: 65856K->1376K(65536K)] 501324K->436844K(583680K), 0.0021475 secs] [Times: user=0.01 sys=0.00, real=0.00 secs] 
2059.620: [GC (Allocation Failure) [PSYoungGen: 65376K->1453K(65024K)] 500844K->436921K(583168K), 0.0017525 secs] [Times: user=0.01 sys=0.00, real=0.01 secs] 
2059.732: [GC (Allocation Failure) [PSYoungGen: 64941K->1485K(64512K)] 500409K->436953K(582656K), 0.0016870 secs] [Times: user=0.01 sys=0.00, real=0.00 secs] 
2059.843: [GC (Allocation Failure) [PSYoungGen: 64461K->1533K(65024K)] 499929K->437017K(583168K), 0.0018433 secs] [Times: user=0.01 sys=0.00, real=0.00 secs] 
2059.954: [GC (Allocation Failure) [PSYoungGen: 64509K->1485K(65024K)] 499993K->436969K(583168K), 0.0017203 secs] [Times: user=0.01 sys=0.00, real=0.00 secs] 
2060.573: [GC (Allocation Failure) [PSYoungGen: 64461K->1360K(70144K)] 499945K->436844K(588288K), 0.0039187 secs] [Times: user=0.01 sys=0.00, real=0.00 secs] 
2061.262: [GC (Allocation Failure) [PSYoungGen: 69968K->1344K(69632K)] 505452K->436828K(587776K), 0.0033590 secs] [Times: user=0.01 sys=0.00, real=0.00 secs] 
2061.840: [GC (Allocation Failure) [PSYoungGen: 69440K->1312K(69120K)] 504924K->436796K(587264K), 0.0026531 secs] [Times: user=0.01 sys=0.00, real=0.01 secs] 
2062.171: [GC (Allocation Failure) [PSYoungGen: 68896K->1376K(68608K)] 504380K->436860K(586752K), 0.0029755 secs] [Times: user=0.01 sys=0.00, real=0.01 secs] 
2062.461: [GC (Allocation Failure) [PSYoungGen: 68448K->1501K(68096K)] 503932K->436985K(586240K), 0.0021100 secs] [Times: user=0.01 sys=0.00, real=0.00 secs] 
2062.594: [GC (Allocation Failure) [PSYoungGen: 68061K->1485K(67584K)] 503545K->436969K(585728K), 0.0016483 secs] [Times: user=0.00 sys=0.00, real=0.00 secs] 
2062.711: [GC (Allocation Failure) [PSYoungGen: 67533K->1469K(68096K)] 503017K->436953K(586240K), 0.0016774 secs] [Times: user=0.01 sys=0.00, real=0.01 secs] 
2062.827: [GC (Allocation Failure) [PSYoungGen: 67517K->1421K(68096K)] 503001K->436913K(586240K), 0.0016199 secs] [Times: user=0.00 sys=0.00, real=0.00 secs] 
2063.033: [GC (Allocation Failure) [PSYoungGen: 67469K->1392K(74240K)] 502961K->436884K(592384K), 0.0021225 secs] [Times: user=0.01 sys=0.00, real=0.00 secs] 
2063.333: [GC (Allocation Failure) [PSYoungGen: 73584K->1424K(74240K)] 509076K->436916K(592384K), 0.0037351 secs] [Times: user=0.01 sys=0.00, real=0.00 secs] 
2063.751: [GC (Allocation Failure) [PSYoungGen: 73616K->1376K(73216K)] 509108K->436868K(591360K), 0.0020811 secs] [Times: user=0.01 sys=0.00, real=0.00 secs] 
2064.293: [GC (Allocation Failure) [PSYoungGen: 73056K->1312K(72704K)] 508548K->436804K(590848K), 0.0032683 secs] [Times: user=0.01 sys=0.00, real=0.00 secs] 
2064.751: [GC (Allocation Failure) [PSYoungGen: 72472K->1485K(72192K)] 507965K->436977K(590336K), 0.0018772 secs] [Times: user=0.00 sys=0.00, real=0.00 secs] 
2064.901: [GC (Allocation Failure) [PSYoungGen: 72141K->1536K(72192K)] 507633K->437028K(590336K), 0.0017274 secs] [Times: user=0.01 sys=0.00, real=0.00 secs] 
2065.024: [GC (Allocation Failure) [PSYoungGen: 71680K->509K(70144K)] 507172K->437025K(588288K), 0.0017750 secs] [Times: user=0.01 sys=0.00, real=0.00 secs] 
2065.147: [GC (Allocation Failure) [PSYoungGen: 70141K->461K(77824K)] 506657K->436985K(595968K), 0.0016591 secs] [Times: user=0.01 sys=0.00, real=0.00 secs] 
2066.019: [GC (Allocation Failure) [PSYoungGen: 76237K->1408K(76800K)] 512761K->437932K(594944K), 0.0026094 secs] [Times: user=0.01 sys=0.01, real=0.01 secs] 
2066.802: [GC (Allocation Failure) [PSYoungGen: 76672K->1344K(76288K)] 513196K->437868K(594432K), 0.0041948 secs] [Times: user=0.02 sys=0.01, real=0.00 secs] 
2067.362: [GC (Allocation Failure) [PSYoungGen: 76096K->1376K(75776K)] 512620K->437900K(593920K), 0.0020837 secs] [Times: user=0.01 sys=0.00, real=0.00 secs] 
2067.670: [GC (Allocation Failure) [PSYoungGen: 75616K->1408K(75264K)] 512140K->437932K(593408K), 0.0021482 secs] [Times: user=0.01 sys=0.00, real=0.01 secs] 
2067.839: [GC (Allocation Failure) [PSYoungGen: 75116K->1485K(74752K)] 511641K->438009K(592896K), 0.0015923 secs] [Times: user=0.00 sys=0.01, real=0.00 secs] 
2067.969: [GC (Allocation Failure) [PSYoungGen: 74701K->1421K(74240K)] 511225K->437945K(592384K), 0.0017689 secs] [Times: user=0.01 sys=0.00, real=0.01 secs] 
2068.098: [GC (Allocation Failure) [PSYoungGen: 74125K->1485K(73728K)] 510649K->438009K(591872K), 0.0015435 secs] [Times: user=0.01 sys=0.00, real=0.00 secs] 
2069.071: [GC (Allocation Failure) [PSYoungGen: 73677K->1376K(73216K)] 510201K->437900K(591360K), 0.0043105 secs] [Times: user=0.01 sys=0.00, real=0.01 secs] 
2070.211: [GC (Allocation Failure) [PSYoungGen: 73056K->1376K(72704K)] 509580K->437900K(590848K), 0.0033469 secs] [Times: user=0.01 sys=0.00, real=0.01 secs] 
2070.939: [GC (Allocation Failure) [PSYoungGen: 72544K->1440K(72192K)] 509068K->437964K(590336K), 0.0024893 secs] [Times: user=0.01 sys=0.00, real=0.01 secs] 
2071.634: [GC (Allocation Failure) [PSYoungGen: 72096K->1344K(71680K)] 508620K->437876K(589824K), 0.0046925 secs] [Times: user=0.02 sys=0.00, real=0.00 secs] 
2072.103: [GC (Allocation Failure) [PSYoungGen: 71488K->1485K(71168K)] 508020K->438017K(589312K), 0.0021556 secs] [Times: user=0.01 sys=0.00, real=0.00 secs] 
2072.246: [GC (Allocation Failure) [PSYoungGen: 71117K->1501K(70656K)] 507649K->438033K(588800K), 0.0016223 secs] [Times: user=0.01 sys=0.00, real=0.00 secs] 
2072.369: [GC (Allocation Failure) [PSYoungGen: 70621K->1453K(70144K)] 507153K->437985K(588288K), 0.0017177 secs] [Times: user=0.01 sys=0.00, real=0.00 secs] 
2072.490: [GC (Allocation Failure) [PSYoungGen: 70049K->1469K(70656K)] 506582K->438001K(588800K), 0.0018076 secs] [Times: user=0.01 sys=0.00, real=0.01 secs] 
2072.984: [GC (Allocation Failure) [PSYoungGen: 70589K->1392K(70144K)] 507121K->437924K(588288K), 0.0019934 secs] [Times: user=0.00 sys=0.00, real=0.00 secs] 
2073.335: [GC (Allocation Failure) [PSYoungGen: 70000K->1376K(69632K)] 506532K->437908K(587776K), 0.0030804 secs] [Times: user=0.01 sys=0.00, real=0.00 secs] 
2073.621: [GC (Allocation Failure) [PSYoungGen: 69472K->1376K(69120K)] 506004K->437908K(587264K), 0.0024919 secs] [Times: user=0.01 sys=0.00, real=0.00 secs] 
2074.128: [GC (Allocation Failure) [PSYoungGen: 68960K->1344K(68608K)] 505492K->437876K(586752K), 0.0026845 secs] [Times: user=0.01 sys=0.00, real=0.00 secs] 
2074.516: [GC (Allocation Failure) [PSYoungGen: 68416K->1453K(68096K)] 504948K->437985K(586240K), 0.0020382 secs] [Times: user=0.01 sys=0.00, real=0.00 secs] 
2074.650: [GC (Allocation Failure) [PSYoungGen: 68013K->1453K(67584K)] 504545K->437985K(585728K), 0.0017438 secs] [Times: user=0.01 sys=0.00, real=0.01 secs] 
2074.783: [GC (Allocation Failure) [PSYoungGen: 67501K->1517K(67072K)] 504033K->438049K(585216K), 0.0018713 secs] [Times: user=0.01 sys=0.00, real=0.00 secs] 
2074.939: [GC (Allocation Failure) [PSYoungGen: 67053K->1501K(67584K)] 503585K->438041K(585728K), 0.0019829 secs] [Times: user=0.00 sys=0.00, real=0.01 secs] 
2075.904: [GC (Allocation Failure) [PSYoungGen: 67037K->1408K(66560K)] 503577K->437948K(584704K), 0.0032581 secs] [Times: user=0.02 sys=0.00, real=0.00 secs] 
2076.796: [GC (Allocation Failure) [PSYoungGen: 66432K->1344K(66048K)] 502972K->437884K(584192K), 0.0113635 secs] [Times: user=0.05 sys=0.01, real=0.01 secs] 
2077.706: [GC (Allocation Failure) [PSYoungGen: 65856K->1344K(65536K)] 502396K->437884K(583680K), 0.0042062 secs] [Times: user=0.01 sys=0.00, real=0.00 secs] 
2078.436: [GC (Allocation Failure) [PSYoungGen: 65344K->1344K(65024K)] 501884K->437884K(583168K), 0.0031873 secs] [Times: user=0.01 sys=0.00, real=0.00 secs] 
2078.916: [GC (Allocation Failure) [PSYoungGen: 64832K->1485K(64512K)] 501372K->438025K(582656K), 0.0023342 secs] [Times: user=0.01 sys=0.00, real=0.00 secs] 
2079.066: [GC (Allocation Failure) [PSYoungGen: 64461K->1453K(64000K)] 501001K->437993K(582144K), 0.0017573 secs] [Times: user=0.01 sys=0.01, real=0.00 secs] 
2079.177: [GC (Allocation Failure) [PSYoungGen: 63917K->1421K(63488K)] 500457K->437961K(581632K), 0.0016056 secs] [Times: user=0.01 sys=0.00, real=0.00 secs] 
2079.288: [GC (Allocation Failure) [PSYoungGen: 63373K->1469K(64000K)] 499913K->438017K(582144K), 0.0017045 secs] [Times: user=0.01 sys=0.00, real=0.00 secs] 
2079.542: [GC (Allocation Failure) [PSYoungGen: 63421K->1408K(64000K)] 499969K->437956K(582144K), 0.0019590 secs] [Times: user=0.00 sys=0.00, real=0.00 secs] 
2080.197: [GC (Allocation Failure) [PSYoungGen: 63360K->1344K(62976K)] 499908K->437892K(581120K), 0.0023655 secs] [Times: user=0.01 sys=0.00, real=0.00 secs] 
2080.971: [GC (Allocation Failure) [PSYoungGen: 62784K->1344K(62464K)] 499332K->437892K(580608K), 0.0025831 secs] [Times: user=0.01 sys=0.00, real=0.00 secs] 
2081.595: [GC (Allocation Failure) [PSYoungGen: 62272K->1344K(61952K)] 498820K->437908K(580096K), 0.0030852 secs] [Times: user=0.01 sys=0.00, real=0.00 secs] 
2082.212: [GC (Allocation Failure) [PSYoungGen: 61760K->1360K(61440K)] 498324K->437924K(579584K), 0.0026337 secs] [Times: user=0.01 sys=0.00, real=0.00 secs] 
2082.544: [GC (Allocation Failure) [PSYoungGen: 61264K->1485K(61440K)] 497828K->438049K(579584K), 0.0019329 secs] [Times: user=0.01 sys=0.00, real=0.00 secs] 
2082.663: [GC (Allocation Failure) [PSYoungGen: 61389K->1453K(61440K)] 497953K->438017K(579584K), 0.0017348 secs] [Times: user=0.01 sys=0.00, real=0.00 secs] 
2082.769: [GC (Allocation Failure) [PSYoungGen: 61357K->1456K(66048K)] 497921K->438036K(584192K), 0.0017352 secs] [Times: user=0.00 sys=0.00, real=0.01 secs] 
2082.883: [GC (Allocation Failure) [PSYoungGen: 65968K->1501K(66560K)] 502548K->438081K(584704K), 0.0016317 secs] [Times: user=0.00 sys=0.00, real=0.00 secs] 
2083.227: [GC (Allocation Failure) [PSYoungGen: 66013K->1424K(65536K)] 502593K->438004K(583680K), 0.0018855 secs] [Times: user=0.01 sys=0.00, real=0.00 secs] 
2083.663: [GC (Allocation Failure) [PSYoungGen: 65424K->1376K(65024K)] 502004K->437956K(583168K), 0.0019091 secs] [Times: user=0.01 sys=0.00, real=0.00 secs] 
2083.958: [GC (Allocation Failure) [PSYoungGen: 64864K->1376K(64512K)] 501444K->437964K(582656K), 0.0020527 secs] [Times: user=0.01 sys=0.00, real=0.00 secs] 
2084.271: [GC (Allocation Failure) [PSYoungGen: 64352K->1344K(64000K)] 500940K->437932K(582144K), 0.0021610 secs] [Times: user=0.01 sys=0.00, real=0.01 secs] 
2084.551: [GC (Allocation Failure) [PSYoungGen: 63808K->1408K(63488K)] 500396K->437996K(581632K), 0.0020287 secs] [Times: user=0.01 sys=0.00, real=0.00 secs] 
2084.728: [GC (Allocation Failure) [PSYoungGen: 63360K->1517K(62976K)] 499948K->438105K(581120K), 0.0016925 secs] [Times: user=0.01 sys=0.00, real=0.00 secs] 
2084.836: [GC (Allocation Failure) [PSYoungGen: 62957K->1469K(62464K)] 499545K->438065K(580608K), 0.0016836 secs] [Times: user=0.00 sys=0.00, real=0.00 secs] 
2084.945: [GC (Allocation Failure) [PSYoungGen: 62397K->1485K(68096K)] 498993K->438081K(586240K), 0.0016781 secs] [Times: user=0.01 sys=0.00, real=0.00 secs] 
2085.062: [GC (Allocation Failure) [PSYoungGen: 68045K->1469K(68608K)] 504641K->438065K(586752K), 0.0017584 secs] [Times: user=0.01 sys=0.00, real=0.00 secs] 
2085.888: [GC (Allocation Failure) [PSYoungGen: 68029K->1440K(67584K)] 504625K->438036K(585728K), 0.0023540 secs] [Times: user=0.01 sys=0.00, real=0.00 secs] 
2086.423: [GC (Allocation Failure) [PSYoungGen: 67488K->1344K(67072K)] 504084K->437940K(585216K), 0.0024579 secs] [Times: user=0.01 sys=0.00, real=0.00 secs] 
2086.946: [GC (Allocation Failure) [PSYoungGen: 66880K->1376K(66560K)] 503476K->437972K(584704K), 0.0021780 secs] [Times: user=0.00 sys=0.00, real=0.00 secs] 
2087.479: [GC (Allocation Failure) [PSYoungGen: 66400K->1344K(66048K)] 502996K->437940K(584192K), 0.0021854 secs] [Times: user=0.01 sys=0.00, real=0.01 secs] 
2087.699: [GC (Allocation Failure) [PSYoungGen: 65856K->1469K(65536K)] 502452K->438065K(583680K), 0.0017602 secs] [Times: user=0.01 sys=0.00, real=0.01 secs] 
2087.814: [GC (Allocation Failure) [PSYoungGen: 65469K->1485K(65024K)] 502065K->438081K(583168K), 0.0018060 secs] [Times: user=0.01 sys=0.00, real=0.00 secs] 
2087.927: [GC (Allocation Failure) [PSYoungGen: 64973K->1501K(65536K)] 501569K->438105K(583680K), 0.0017648 secs] [Times: user=0.01 sys=0.00, real=0.00 secs] 
2088.056: [GC (Allocation Failure) [PSYoungGen: 64989K->1472K(71168K)] 501593K->438076K(589312K), 0.0019411 secs] [Times: user=0.01 sys=0.00, real=0.00 secs] 
2088.730: [GC (Allocation Failure) [PSYoungGen: 70592K->1360K(70144K)] 507196K->437964K(588288K), 0.0025732 secs] [Times: user=0.01 sys=0.00, real=0.01 secs] 
2089.298: [GC (Allocation Failure) [PSYoungGen: 69968K->1312K(69632K)] 506572K->437932K(587776K), 0.0021307 secs] [Times: user=0.01 sys=0.00, real=0.00 secs] 
2089.828: [GC (Allocation Failure) [PSYoungGen: 69408K->1376K(69120K)] 506028K->437996K(587264K), 0.0020635 secs] [Times: user=0.00 sys=0.00, real=0.00 secs] 
2090.368: [GC (Allocation Failure) [PSYoungGen: 68960K->1376K(68608K)] 505580K->437996K(586752K), 0.0020735 secs] [Times: user=0.01 sys=0.00, real=0.00 secs] 
2090.787: [GC (Allocation Failure) [PSYoungGen: 68448K->1472K(68096K)] 505068K->438092K(586240K), 0.0018475 secs] [Times: user=0.01 sys=0.01, real=0.00 secs] 
2090.906: [GC (Allocation Failure) [PSYoungGen: 68032K->1453K(67584K)] 504652K->438073K(585728K), 0.0015935 secs] [Times: user=0.00 sys=0.00, real=0.00 secs] 
2091.023: [GC (Allocation Failure) [PSYoungGen: 67501K->1501K(67072K)] 504121K->438121K(585216K), 0.0017258 secs] [Times: user=0.01 sys=0.00, real=0.00 secs] 
2091.139: [GC (Allocation Failure) [PSYoungGen: 67031K->1453K(67584K)] 503651K->438081K(585728K), 0.0016183 secs] [Times: user=0.00 sys=0.00, real=0.00 secs] 
2091.374: [GC (Allocation Failure) [PSYoungGen: 66989K->1456K(66560K)] 503617K->438084K(584704K), 0.0020772 secs] [Times: user=0.00 sys=0.00, real=0.00 secs] 
2091.686: [GC (Allocation Failure) [PSYoungGen: 66480K->1408K(66048K)] 503108K->438036K(584192K), 0.0019423 secs] [Times: user=0.01 sys=0.00, real=0.00 secs] 
2092.064: [GC (Allocation Failure) [PSYoungGen: 65920K->1376K(65536K)] 502548K->438004K(583680K), 0.0018486 secs] [Times: user=0.01 sys=0.00, real=0.00 secs] 
2092.455: [GC (Allocation Failure) [PSYoungGen: 65376K->1376K(65024K)] 502004K->438004K(583168K), 0.0017967 secs] [Times: user=0.01 sys=0.00, real=0.00 secs] 
2092.823: [GC (Allocation Failure) [PSYoungGen: 64864K->1437K(64512K)] 501492K->438065K(582656K), 0.0020940 secs] [Times: user=0.00 sys=0.00, real=0.00 secs] 
2092.938: [GC (Allocation Failure) [PSYoungGen: 64413K->1501K(64000K)] 501041K->438129K(582144K), 0.0016994 secs] [Times: user=0.01 sys=0.00, real=0.00 secs] 
2093.049: [GC (Allocation Failure) [PSYoungGen: 63965K->1469K(64512K)] 500593K->438097K(582656K), 0.0017310 secs] [Times: user=0.01 sys=0.00, real=0.00 secs] 
2093.160: [GC (Allocation Failure) [PSYoungGen: 63902K->1472K(70144K)] 500530K->438108K(588288K), 0.0016172 secs] [Times: user=0.01 sys=0.00, real=0.01 secs] 
2093.351: [GC (Allocation Failure) [PSYoungGen: 69568K->1712K(70144K)] 506204K->438348K(588288K), 0.0019629 secs] [Times: user=0.01 sys=0.00, real=0.00 secs] 
2094.179: [GC (Allocation Failure) [PSYoungGen: 69808K->1344K(69120K)] 506444K->437980K(587264K), 0.0022994 secs] [Times: user=0.01 sys=0.00, real=0.01 secs] 
2094.789: [GC (Allocation Failure) [PSYoungGen: 68928K->1376K(68608K)] 505564K->438012K(586752K), 0.0024396 secs] [Times: user=0.01 sys=0.00, real=0.01 secs] 
2095.169: [GC (Allocation Failure) [PSYoungGen: 68448K->1376K(68096K)] 505084K->438012K(586240K), 0.0020240 secs] [Times: user=0.01 sys=0.00, real=0.01 secs] 
2095.446: [GC (Allocation Failure) [PSYoungGen: 67936K->1344K(67584K)] 504572K->437980K(585728K), 0.0020974 secs] [Times: user=0.00 sys=0.01, real=0.00 secs] 
2095.618: [GC (Allocation Failure) [PSYoungGen: 67392K->1469K(67072K)] 504028K->438105K(585216K), 0.0015931 secs] [Times: user=0.01 sys=0.00, real=0.00 secs] 
2095.735: [GC (Allocation Failure) [PSYoungGen: 67005K->1456K(66560K)] 503641K->438092K(584704K), 0.0017125 secs] [Times: user=0.01 sys=0.00, real=0.00 secs] 
2095.849: [GC (Allocation Failure) [PSYoungGen: 66480K->1517K(72704K)] 503116K->438161K(590848K), 0.0017070 secs] [Times: user=0.01 sys=0.00, real=0.01 secs] 
2095.994: [GC (Allocation Failure) [PSYoungGen: 72685K->1440K(73216K)] 509329K->438084K(591360K), 0.0019701 secs] [Times: user=0.01 sys=0.00, real=0.00 secs] 
2096.331: [GC (Allocation Failure) [PSYoungGen: 72608K->1312K(72192K)] 509252K->437956K(590336K), 0.0019420 secs] [Times: user=0.01 sys=0.01, real=0.00 secs] 
2096.625: [GC (Allocation Failure) [PSYoungGen: 71968K->1376K(71680K)] 508612K->438020K(589824K), 0.0020051 secs] [Times: user=0.01 sys=0.00, real=0.00 secs] 
2096.916: [GC (Allocation Failure) [PSYoungGen: 71520K->1376K(71168K)] 508164K->438020K(589312K), 0.0018529 secs] [Times: user=0.00 sys=0.00, real=0.00 secs] 
2097.293: [GC (Allocation Failure) [PSYoungGen: 71008K->1472K(70656K)] 507652K->438116K(588800K), 0.0027226 secs] [Times: user=0.01 sys=0.00, real=0.00 secs] 
2097.435: [GC (Allocation Failure) [PSYoungGen: 70592K->1437K(70144K)] 507236K->438081K(588288K), 0.0015217 secs] [Times: user=0.01 sys=0.00, real=0.00 secs] 
2097.557: [GC (Allocation Failure) [PSYoungGen: 70045K->1504K(76288K)] 506689K->438148K(594432K), 0.0018608 secs] [Times: user=0.00 sys=0.00, real=0.00 secs] 
2097.690: [GC (Allocation Failure) [PSYoungGen: 76256K->1485K(76800K)] 512900K->438137K(594944K), 0.0017122 secs] [Times: user=0.01 sys=0.00, real=0.01 secs] 
2098.032: [GC (Allocation Failure) [PSYoungGen: 76237K->1408K(75776K)] 512889K->438060K(593920K), 0.0020280 secs] [Times: user=0.01 sys=0.00, real=0.00 secs] 
2098.644: [GC (Allocation Failure) [PSYoungGen: 75648K->1392K(75264K)] 512300K->438060K(593408K), 0.0018923 secs] [Times: user=0.01 sys=0.00, real=0.00 secs] 
2099.254: [GC (Allocation Failure) [PSYoungGen: 75120K->1344K(74752K)] 511788K->438012K(592896K), 0.0019166 secs] [Times: user=0.01 sys=0.00, real=0.00 secs] 
2099.737: [GC (Allocation Failure) [PSYoungGen: 74560K->1376K(74240K)] 511228K->438044K(592384K), 0.0019239 secs] [Times: user=0.00 sys=0.00, real=0.00 secs] 
2099.966: [GC (Allocation Failure) [PSYoungGen: 74080K->1456K(73728K)] 510748K->438124K(591872K), 0.0016234 secs] [Times: user=0.00 sys=0.00, real=0.00 secs] 
2100.094: [GC (Allocation Failure) [PSYoungGen: 73648K->1469K(73216K)] 510316K->438137K(591360K), 0.0016471 secs] [Times: user=0.00 sys=0.00, real=0.00 secs] 
2100.220: [GC (Allocation Failure) [PSYoungGen: 73149K->1533K(72704K)] 509817K->438201K(590848K), 0.0016392 secs] [Times: user=0.00 sys=0.00, real=0.01 secs] 
2100.348: [GC (Allocation Failure) [PSYoungGen: 72494K->224K(72192K)] 509162K->436892K(590336K), 0.0016667 secs] [Times: user=0.01 sys=0.00, real=0.00 secs] 
2101.455: [GC (Allocation Failure) [PSYoungGen: 70880K->1376K(71680K)] 507548K->438044K(589824K), 0.0027082 secs] [Times: user=0.01 sys=0.00, real=0.00 secs] 
2102.109: [GC (Allocation Failure) [PSYoungGen: 71520K->1344K(71168K)] 508188K->438012K(589312K), 0.0025504 secs] [Times: user=0.01 sys=0.00, real=0.01 secs] 
2102.814: [GC (Allocation Failure) [PSYoungGen: 70976K->1376K(70656K)] 507644K->438044K(588800K), 0.0025847 secs] [Times: user=0.01 sys=0.00, real=0.00 secs] 
2103.564: [GC (Allocation Failure) [PSYoungGen: 70496K->1376K(70144K)] 507164K->438044K(588288K), 0.0031884 secs] [Times: user=0.01 sys=0.00, real=0.00 secs] 
2103.879: [GC (Allocation Failure) [PSYoungGen: 69984K->1517K(69632K)] 506652K->438185K(587776K), 0.0019763 secs] [Times: user=0.01 sys=0.00, real=0.01 secs] 
2104.004: [GC (Allocation Failure) [PSYoungGen: 69613K->1469K(69120K)] 506281K->438137K(587264K), 0.0016851 secs] [Times: user=0.01 sys=0.00, real=0.00 secs] 
2104.141: [GC (Allocation Failure) [PSYoungGen: 69053K->1469K(68608K)] 505721K->438137K(586752K), 0.0020558 secs] [Times: user=0.01 sys=0.00, real=0.01 secs] 
2104.617: [GC (Allocation Failure) [PSYoungGen: 68541K->1408K(68096K)] 505209K->438076K(586240K), 0.0035417 secs] [Times: user=0.02 sys=0.00, real=0.00 secs] 
2105.813: [GC (Allocation Failure) [PSYoungGen: 67968K->1376K(67584K)] 504636K->438044K(585728K), 0.0034045 secs] [Times: user=0.01 sys=0.00, real=0.00 secs] 
2106.788: [GC (Allocation Failure) [PSYoungGen: 67424K->1344K(67072K)] 504092K->438012K(585216K), 0.0033933 secs] [Times: user=0.02 sys=0.00, real=0.01 secs] 
2107.560: [GC (Allocation Failure) [PSYoungGen: 66880K->1344K(66560K)] 503548K->438012K(584704K), 0.0049966 secs] [Times: user=0.01 sys=0.00, real=0.01 secs] 
2108.073: [GC (Allocation Failure) [PSYoungGen: 66368K->1408K(66048K)] 503036K->438076K(584192K), 0.0024942 secs] [Times: user=0.01 sys=0.00, real=0.00 secs] 
2108.287: [GC (Allocation Failure) [PSYoungGen: 65920K->1453K(65536K)] 502588K->438121K(583680K), 0.0016145 secs] [Times: user=0.00 sys=0.00, real=0.00 secs] 
2108.400: [GC (Allocation Failure) [PSYoungGen: 65453K->1469K(65024K)] 502121K->438137K(583168K), 0.0017384 secs] [Times: user=0.00 sys=0.01, real=0.01 secs] 
2108.512: [GC (Allocation Failure) [PSYoungGen: 64957K->1421K(65536K)] 501625K->438097K(583680K), 0.0017832 secs] [Times: user=0.01 sys=0.00, real=0.00 secs] 
2108.641: [GC (Allocation Failure) [PSYoungGen: 64909K->1469K(71168K)] 501585K->438153K(589312K), 0.0018334 secs] [Times: user=0.00 sys=0.00, real=0.00 secs] 
2109.826: [GC (Allocation Failure) [PSYoungGen: 70589K->1408K(70144K)] 507273K->438092K(588288K), 0.0047064 secs] [Times: user=0.01 sys=0.01, real=0.01 secs] 
2110.457: [GC (Allocation Failure) [PSYoungGen: 70016K->1376K(69632K)] 506700K->438060K(587776K), 0.0032035 secs] [Times: user=0.01 sys=0.00, real=0.00 secs] 
2110.986: [GC (Allocation Failure) [PSYoungGen: 69472K->1408K(69120K)] 506156K->438092K(587264K), 0.0021726 secs] [Times: user=0.01 sys=0.00, real=0.00 secs] 
2111.267: [GC (Allocation Failure) [PSYoungGen: 68992K->1376K(68608K)] 505676K->438060K(586752K), 0.0020548 secs] [Times: user=0.00 sys=0.00, real=0.00 secs] 
2111.494: [GC (Allocation Failure) [PSYoungGen: 68448K->1488K(68096K)] 505132K->438172K(586240K), 0.0017180 secs] [Times: user=0.00 sys=0.00, real=0.00 secs] 
2111.612: [GC (Allocation Failure) [PSYoungGen: 68048K->1501K(67584K)] 504732K->438185K(585728K), 0.0016308 secs] [Times: user=0.01 sys=0.00, real=0.00 secs] 
2111.729: [GC (Allocation Failure) [PSYoungGen: 67549K->1485K(68096K)] 504233K->438177K(586240K), 0.0017965 secs] [Times: user=0.01 sys=0.00, real=0.00 secs] 
2111.846: [GC (Allocation Failure) [PSYoungGen: 67533K->1488K(73728K)] 504225K->438180K(591872K), 0.0015889 secs] [Times: user=0.01 sys=0.00, real=0.00 secs] 
2113.145: [GC (Allocation Failure) [PSYoungGen: 73168K->1440K(72704K)] 509860K->438132K(590848K), 0.0030704 secs] [Times: user=0.02 sys=0.00, real=0.00 secs] 
2113.835: [GC (Allocation Failure) [PSYoungGen: 72608K->1408K(72192K)] 509300K->438100K(590336K), 0.0028832 secs] [Times: user=0.01 sys=0.00, real=0.00 secs] 
2114.663: [GC (Allocation Failure) [PSYoungGen: 72064K->1344K(71680K)] 508756K->438036K(589824K), 0.0047897 secs] [Times: user=0.02 sys=0.00, real=0.00 secs] 
2115.313: [GC (Allocation Failure) [PSYoungGen: 71488K->1376K(71168K)] 508180K->438068K(589312K), 0.0031451 secs] [Times: user=0.01 sys=0.00, real=0.00 secs] 
2115.596: [GC (Allocation Failure) [PSYoungGen: 71008K->1501K(70656K)] 507700K->438193K(588800K), 0.0019621 secs] [Times: user=0.01 sys=0.00, real=0.00 secs] 
2115.724: [GC (Allocation Failure) [PSYoungGen: 70621K->1485K(70144K)] 507313K->438177K(588288K), 0.0015949 secs] [Times: user=0.01 sys=0.00, real=0.00 secs] 
2115.846: [GC (Allocation Failure) [PSYoungGen: 70061K->1421K(69632K)] 506754K->438113K(587776K), 0.0016588 secs] [Times: user=0.01 sys=0.00, real=0.00 secs] 
2116.187: [GC (Allocation Failure) [PSYoungGen: 69517K->1952K(69632K)] 506209K->438644K(587776K), 0.0021234 secs] [Times: user=0.01 sys=0.00, real=0.00 secs] 
2117.133: [GC (Allocation Failure) [PSYoungGen: 69536K->1408K(68608K)] 506228K->438100K(586752K), 0.0030699 secs] [Times: user=0.01 sys=0.00, real=0.00 secs] 
2117.593: [GC (Allocation Failure) [PSYoungGen: 68480K->1392K(68096K)] 505172K->438084K(586240K), 0.0025630 secs] [Times: user=0.01 sys=0.00, real=0.00 secs] 
2118.073: [GC (Allocation Failure) [PSYoungGen: 67952K->1408K(67584K)] 504644K->438100K(585728K), 0.0020639 secs] [Times: user=0.01 sys=0.00, real=0.00 secs] 
2118.631: [GC (Allocation Failure) [PSYoungGen: 67456K->1344K(67072K)] 504148K->438036K(585216K), 0.0018580 secs] [Times: user=0.00 sys=0.00, real=0.00 secs] 
2118.857: [GC (Allocation Failure) [PSYoungGen: 66880K->1501K(66560K)] 503572K->438193K(584704K), 0.0018735 secs] [Times: user=0.00 sys=0.00, real=0.00 secs] 
2118.972: [GC (Allocation Failure) [PSYoungGen: 66525K->1453K(66048K)] 503217K->438145K(584192K), 0.0017329 secs] [Times: user=0.01 sys=0.00, real=0.00 secs] 
2119.086: [GC (Allocation Failure) [PSYoungGen: 65965K->1501K(67072K)] 502657K->438193K(585216K), 0.0017464 secs] [Times: user=0.00 sys=0.00, real=0.00 secs] 
2119.201: [GC (Allocation Failure) [PSYoungGen: 66525K->1472K(72192K)] 503217K->438172K(590336K), 0.0017192 secs] [Times: user=0.00 sys=0.00, real=0.00 secs] 
2120.362: [GC (Allocation Failure) [PSYoungGen: 71616K->1456K(71168K)] 508316K->438156K(589312K), 0.0025495 secs] [Times: user=0.01 sys=0.00, real=0.00 secs] 
2121.123: [GC (Allocation Failure) [PSYoungGen: 71088K->1360K(70656K)] 507788K->438084K(588800K), 0.0039948 secs] [Times: user=0.02 sys=0.00, real=0.00 secs] 
2121.745: [GC (Allocation Failure) [PSYoungGen: 70480K->1344K(70144K)] 507204K->438068K(588288K), 0.0032824 secs] [Times: user=0.01 sys=0.00, real=0.00 secs] 
2122.302: [GC (Allocation Failure) [PSYoungGen: 69952K->1344K(69632K)] 506676K->438068K(587776K), 0.0024698 secs] [Times: user=0.02 sys=0.00, real=0.00 secs] 
2122.547: [GC (Allocation Failure) [PSYoungGen: 69440K->1469K(69120K)] 506164K->438193K(587264K), 0.0017064 secs] [Times: user=0.01 sys=0.00, real=0.00 secs] 
2122.668: [GC (Allocation Failure) [PSYoungGen: 69053K->1421K(68608K)] 505777K->438145K(586752K), 0.0016639 secs] [Times: user=0.01 sys=0.00, real=0.00 secs] 
2122.786: [GC (Allocation Failure) [PSYoungGen: 68493K->1453K(68096K)] 505217K->438185K(586240K), 0.0015936 secs] [Times: user=0.00 sys=0.00, real=0.00 secs] 
2122.955: [GC (Allocation Failure) [PSYoungGen: 68013K->1488K(68608K)] 504745K->438220K(586752K), 0.0021065 secs] [Times: user=0.01 sys=0.00, real=0.00 secs] 
2123.228: [GC (Allocation Failure) [PSYoungGen: 68048K->1376K(67584K)] 504780K->438108K(585728K), 0.0020103 secs] [Times: user=0.01 sys=0.00, real=0.00 secs] 
2123.502: [GC (Allocation Failure) [PSYoungGen: 67424K->1392K(67072K)] 504156K->438124K(585216K), 0.0020566 secs] [Times: user=0.01 sys=0.00, real=0.00 secs] 
2123.775: [GC (Allocation Failure) [PSYoungGen: 66928K->1344K(66560K)] 503660K->438076K(584704K), 0.0019660 secs] [Times: user=0.00 sys=0.00, real=0.00 secs] 
2124.045: [GC (Allocation Failure) [PSYoungGen: 66368K->1344K(66048K)] 503100K->438076K(584192K), 0.0020664 secs] [Times: user=0.01 sys=0.00, real=0.00 secs] 
2124.240: [GC (Allocation Failure) [PSYoungGen: 65856K->1501K(65536K)] 502588K->438233K(583680K), 0.0018307 secs] [Times: user=0.01 sys=0.00, real=0.01 secs] 
2124.354: [GC (Allocation Failure) [PSYoungGen: 65501K->1485K(66048K)] 502233K->438217K(584192K), 0.0017943 secs] [Times: user=0.00 sys=0.00, real=0.00 secs] 
2124.467: [GC (Allocation Failure) [PSYoungGen: 65456K->1485K(66048K)] 502188K->438217K(584192K), 0.0015757 secs] [Times: user=0.01 sys=0.00, real=0.00 secs] 
2124.580: [GC (Allocation Failure) [PSYoungGen: 65468K->1520K(71680K)] 502200K->438260K(589824K), 0.0016621 secs] [Times: user=0.01 sys=0.00, real=0.01 secs] 
2125.241: [GC (Allocation Failure) [PSYoungGen: 71152K->1408K(71680K)] 507892K->438148K(589824K), 0.0030959 secs] [Times: user=0.01 sys=0.00, real=0.00 secs] 
2126.088: [GC (Allocation Failure) [PSYoungGen: 71040K->1376K(70656K)] 507780K->438116K(588800K), 0.0028093 secs] [Times: user=0.01 sys=0.00, real=0.00 secs] 
2126.721: [GC (Allocation Failure) [PSYoungGen: 70496K->1376K(70144K)] 507236K->438116K(588288K), 0.0032217 secs] [Times: user=0.02 sys=0.00, real=0.00 secs] 
2127.343: [GC (Allocation Failure) [PSYoungGen: 69984K->1344K(69632K)] 506724K->438084K(587776K), 0.0029617 secs] [Times: user=0.01 sys=0.00, real=0.00 secs] 
2127.788: [GC (Allocation Failure) [PSYoungGen: 69440K->1453K(69120K)] 506180K->438193K(587264K), 0.0022292 secs] [Times: user=0.01 sys=0.00, real=0.00 secs] 
2127.920: [GC (Allocation Failure) [PSYoungGen: 69037K->1453K(68608K)] 505777K->438193K(586752K), 0.0016321 secs] [Times: user=0.01 sys=0.00, real=0.01 secs] 
2128.042: [GC (Allocation Failure) [PSYoungGen: 68525K->1533K(68096K)] 505265K->438289K(586240K), 0.0018620 secs] [Times: user=0.01 sys=0.00, real=0.00 secs] 
2128.163: [GC (Allocation Failure) [PSYoungGen: 68081K->1517K(74240K)] 504838K->438273K(592384K), 0.0016561 secs] [Times: user=0.01 sys=0.00, real=0.00 secs] 
2128.786: [GC (Allocation Failure) [PSYoungGen: 74221K->1376K(73728K)] 510977K->438132K(591872K), 0.0022808 secs] [Times: user=0.01 sys=0.00, real=0.00 secs] 
2129.650: [GC (Allocation Failure) [PSYoungGen: 73568K->1376K(73216K)] 510324K->438132K(591360K), 0.0027374 secs] [Times: user=0.01 sys=0.00, real=0.01 secs] 
2130.671: [GC (Allocation Failure) [PSYoungGen: 73056K->1376K(72704K)] 509812K->438132K(590848K), 0.0025561 secs] [Times: user=0.01 sys=0.00, real=0.00 secs] 
2131.513: [GC (Allocation Failure) [PSYoungGen: 72544K->1344K(72192K)] 509300K->438100K(590336K), 0.0029449 secs] [Times: user=0.01 sys=0.00, real=0.00 secs] 
2131.874: [GC (Allocation Failure) [PSYoungGen: 72000K->1485K(71680K)] 508756K->438257K(589824K), 0.0020766 secs] [Times: user=0.00 sys=0.00, real=0.00 secs] 
2132.015: [GC (Allocation Failure) [PSYoungGen: 71629K->1453K(71168K)] 508401K->438225K(589312K), 0.0017013 secs] [Times: user=0.01 sys=0.00, real=0.00 secs] 
2132.139: [GC (Allocation Failure) [PSYoungGen: 71085K->1389K(70656K)] 507857K->438161K(588800K), 0.0017648 secs] [Times: user=0.01 sys=0.00, real=0.01 secs] 
2132.519: [GC (Allocation Failure) [PSYoungGen: 70509K->1440K(70144K)] 507281K->438220K(588288K), 0.0027465 secs] [Times: user=0.01 sys=0.00, real=0.01 secs] 
2133.168: [GC (Allocation Failure) [PSYoungGen: 70048K->1360K(69632K)] 506828K->438140K(587776K), 0.0022917 secs] [Times: user=0.01 sys=0.00, real=0.00 secs] 
2133.463: [GC (Allocation Failure) [PSYoungGen: 69456K->1344K(69120K)] 506236K->438124K(587264K), 0.0020182 secs] [Times: user=0.01 sys=0.00, real=0.00 secs] 
2133.810: [GC (Allocation Failure) [PSYoungGen: 68928K->1312K(68608K)] 505708K->438092K(586752K), 0.0018368 secs] [Times: user=0.01 sys=0.00, real=0.01 secs] 
2134.129: [GC (Allocation Failure) [PSYoungGen: 68384K->1392K(68096K)] 505164K->438172K(586240K), 0.0021266 secs] [Times: user=0.01 sys=0.00, real=0.01 secs] 
2134.259: [GC (Allocation Failure) [PSYoungGen: 67952K->1453K(67584K)] 504732K->438233K(585728K), 0.0017535 secs] [Times: user=0.01 sys=0.00, real=0.01 secs] 
2134.393: [GC (Allocation Failure) [PSYoungGen: 67501K->1453K(67072K)] 504281K->438233K(585216K), 0.0020930 secs] [Times: user=0.01 sys=0.00, real=0.00 secs] 
2134.540: [GC (Allocation Failure) [PSYoungGen: 66989K->1469K(67584K)] 503769K->438249K(585728K), 0.0019047 secs] [Times: user=0.00 sys=0.00, real=0.01 secs] 
2134.734: [GC (Allocation Failure) [PSYoungGen: 67005K->1472K(73728K)] 503785K->438252K(591872K), 0.0023773 secs] [Times: user=0.00 sys=0.00, real=0.00 secs] 
2135.032: [GC (Allocation Failure) [PSYoungGen: 73152K->1376K(72704K)] 509932K->438156K(590848K), 0.0021208 secs] [Times: user=0.01 sys=0.00, real=0.00 secs] 
2135.364: [GC (Allocation Failure) [PSYoungGen: 72544K->1408K(72192K)] 509324K->438188K(590336K), 0.0020379 secs] [Times: user=0.01 sys=0.01, real=0.00 secs] 
2135.684: [GC (Allocation Failure) [PSYoungGen: 72064K->1376K(71680K)] 508844K->438156K(589824K), 0.0021593 secs] [Times: user=0.00 sys=0.00, real=0.00 secs] 
2136.012: [GC (Allocation Failure) [PSYoungGen: 71520K->1469K(71168K)] 508300K->438249K(589312K), 0.0019265 secs] [Times: user=0.00 sys=0.00, real=0.00 secs] 
2136.146: [GC (Allocation Failure) [PSYoungGen: 71101K->1501K(70656K)] 507881K->438281K(588800K), 0.0017653 secs] [Times: user=0.00 sys=0.00, real=0.00 secs] 
2136.270: [GC (Allocation Failure) [PSYoungGen: 70621K->1453K(70144K)] 507401K->438233K(588288K), 0.0015775 secs] [Times: user=0.00 sys=0.00, real=0.01 secs] 
2136.392: [GC (Allocation Failure) [PSYoungGen: 70043K->1453K(70656K)] 506824K->438241K(588800K), 0.0017303 secs] [Times: user=0.01 sys=0.00, real=0.00 secs] 
2136.660: [GC (Allocation Failure) [PSYoungGen: 70061K->1456K(76800K)] 506849K->438244K(594944K), 0.0021524 secs] [Times: user=0.01 sys=0.00, real=0.01 secs] 
2136.985: [GC (Allocation Failure) [PSYoungGen: 76208K->1344K(75776K)] 512996K->438132K(593920K), 0.0018206 secs] [Times: user=0.01 sys=0.00, real=0.00 secs] 
2137.398: [GC (Allocation Failure) [PSYoungGen: 75584K->1408K(75264K)] 512372K->438196K(593408K), 0.0025841 secs] [Times: user=0.01 sys=0.00, real=0.00 secs] 
2138.093: [GC (Allocation Failure) [PSYoungGen: 75136K->1376K(74752K)] 511924K->438164K(592896K), 0.0022242 secs] [Times: user=0.01 sys=0.00, real=0.00 secs] 
2138.478: [GC (Allocation Failure) [PSYoungGen: 74592K->1469K(74240K)] 511380K->438273K(592384K), 0.0016160 secs] [Times: user=0.00 sys=0.00, real=0.00 secs] 
2138.607: [GC (Allocation Failure) [PSYoungGen: 74173K->1453K(73728K)] 510977K->438257K(591872K), 0.0016859 secs] [Times: user=0.00 sys=0.00, real=0.00 secs] 
2138.734: [GC (Allocation Failure) [PSYoungGen: 73645K->1453K(73216K)] 510449K->438257K(591360K), 0.0017693 secs] [Times: user=0.00 sys=0.00, real=0.00 secs] 
2138.908: [GC (Allocation Failure) [PSYoungGen: 73133K->1728K(73216K)] 509937K->438532K(591360K), 0.0021109 secs] [Times: user=0.01 sys=0.00, real=0.00 secs] 
2139.239: [GC (Allocation Failure) [PSYoungGen: 72896K->1408K(72192K)] 509700K->438212K(590336K), 0.0018589 secs] [Times: user=0.01 sys=0.00, real=0.01 secs] 
2139.549: [GC (Allocation Failure) [PSYoungGen: 72064K->1344K(71680K)] 508868K->438148K(589824K), 0.0020913 secs] [Times: user=0.01 sys=0.00, real=0.01 secs] 
2139.840: [GC (Allocation Failure) [PSYoungGen: 71488K->1296K(71168K)] 508292K->438100K(589312K), 0.0021278 secs] [Times: user=0.01 sys=0.00, real=0.01 secs] 
2140.139: [GC (Allocation Failure) [PSYoungGen: 70928K->1437K(70656K)] 507732K->438241K(588800K), 0.0020640 secs] [Times: user=0.01 sys=0.00, real=0.01 secs] 
2140.277: [GC (Allocation Failure) [PSYoungGen: 70557K->1485K(70144K)] 507361K->438289K(588288K), 0.0015955 secs] [Times: user=0.00 sys=0.00, real=0.00 secs] 
2140.398: [GC (Allocation Failure) [PSYoungGen: 70093K->1389K(71168K)] 506897K->438193K(589312K), 0.0021316 secs] [Times: user=0.01 sys=0.00, real=0.00 secs] 
2140.521: [GC (Allocation Failure) [PSYoungGen: 70509K->1568K(76800K)] 507313K->438372K(594944K), 0.0017218 secs] [Times: user=0.01 sys=0.00, real=0.00 secs] 
2140.749: [GC (Allocation Failure) [PSYoungGen: 76320K->1424K(76800K)] 513124K->438236K(594944K), 0.0017325 secs] [Times: user=0.00 sys=0.00, real=0.01 secs] 
2141.139: [GC (Allocation Failure) [PSYoungGen: 76176K->1440K(75776K)] 512988K->438252K(593920K), 0.0016837 secs] [Times: user=0.01 sys=0.00, real=0.01 secs] 
2141.447: [GC (Allocation Failure) [PSYoungGen: 75680K->1424K(75264K)] 512492K->438236K(593408K), 0.0018167 secs] [Times: user=0.00 sys=0.00, real=0.00 secs] 
2141.752: [GC (Allocation Failure) [PSYoungGen: 75152K->1344K(74752K)] 511964K->438156K(592896K), 0.0016217 secs] [Times: user=0.01 sys=0.00, real=0.00 secs] 
2141.977: [GC (Allocation Failure) [PSYoungGen: 74560K->1453K(74240K)] 511372K->438265K(592384K), 0.0017918 secs] [Times: user=0.00 sys=0.00, real=0.00 secs] 
2142.107: [GC (Allocation Failure) [PSYoungGen: 74157K->1421K(73728K)] 510969K->438233K(591872K), 0.0016121 secs] [Times: user=0.01 sys=0.00, real=0.00 secs] 
2142.234: [GC (Allocation Failure) [PSYoungGen: 73613K->1453K(73216K)] 510425K->438265K(591360K), 0.0016759 secs] [Times: user=0.01 sys=0.00, real=0.00 secs] 
2142.379: [GC (Allocation Failure) [PSYoungGen: 73133K->1408K(79360K)] 509945K->438220K(597504K), 0.0018281 secs] [Times: user=0.01 sys=0.00, real=0.00 secs] 
2142.754: [GC (Allocation Failure) [PSYoungGen: 79232K->1344K(78848K)] 516044K->438156K(596992K), 0.0021877 secs] [Times: user=0.01 sys=0.00, real=0.00 secs] 
2143.075: [GC (Allocation Failure) [PSYoungGen: 78656K->1344K(78336K)] 515468K->438156K(596480K), 0.0019214 secs] [Times: user=0.00 sys=0.00, real=0.00 secs] 
2143.394: [GC (Allocation Failure) [PSYoungGen: 78144K->1376K(77824K)] 514956K->438188K(595968K), 0.0020239 secs] [Times: user=0.01 sys=0.00, real=0.00 secs] 
2143.688: [GC (Allocation Failure) [PSYoungGen: 77664K->1472K(77312K)] 514476K->438284K(595456K), 0.0016987 secs] [Times: user=0.01 sys=0.00, real=0.00 secs] 
2143.845: [GC (Allocation Failure) [PSYoungGen: 77248K->1485K(76800K)] 514060K->438297K(594944K), 0.0019875 secs] [Times: user=0.01 sys=0.00, real=0.00 secs] 
2144.017: [GC (Allocation Failure) [PSYoungGen: 76749K->1421K(76288K)] 513561K->438233K(594432K), 0.0017664 secs] [Times: user=0.00 sys=0.00, real=0.00 secs] 
2144.149: [GC (Allocation Failure) [PSYoungGen: 76173K->1421K(75776K)] 512985K->438233K(593920K), 0.0017574 secs] [Times: user=0.01 sys=0.00, real=0.01 secs] 
2144.655: [GC (Allocation Failure) [PSYoungGen: 75661K->1424K(75264K)] 512473K->438236K(593408K), 0.0029012 secs] [Times: user=0.01 sys=0.00, real=0.00 secs] 
2145.208: [GC (Allocation Failure) [PSYoungGen: 75152K->1376K(74752K)] 511964K->438188K(592896K), 0.0027073 secs] [Times: user=0.01 sys=0.00, real=0.00 secs] 
2145.790: [GC (Allocation Failure) [PSYoungGen: 74592K->320K(73216K)] 511404K->438156K(591360K), 0.0021558 secs] [Times: user=0.01 sys=0.00, real=0.01 secs] 
2146.377: [GC (Allocation Failure) [PSYoungGen: 73024K->1469K(74240K)] 510860K->439305K(592384K), 0.0030072 secs] [Times: user=0.01 sys=0.00, real=0.00 secs] 
2146.613: [GC (Allocation Failure) [PSYoungGen: 73661K->1485K(73216K)] 511497K->439321K(591360K), 0.0019928 secs] [Times: user=0.01 sys=0.00, real=0.00 secs] 
2146.751: [GC (Allocation Failure) [PSYoungGen: 73165K->1517K(72704K)] 511001K->439353K(590848K), 0.0017355 secs] [Times: user=0.01 sys=0.00, real=0.00 secs] 
2146.879: [GC (Allocation Failure) [PSYoungGen: 72685K->1485K(72192K)] 510521K->439321K(590336K), 0.0018761 secs] [Times: user=0.00 sys=0.00, real=0.00 secs] 
2147.263: [GC (Allocation Failure) [PSYoungGen: 72141K->1424K(73216K)] 509977K->439260K(591360K), 0.0042437 secs] [Times: user=0.01 sys=0.00, real=0.00 secs] 
2147.886: [GC (Allocation Failure) [PSYoungGen: 72592K->1376K(72192K)] 510428K->439220K(590336K), 0.0031435 secs] [Times: user=0.01 sys=0.00, real=0.00 secs] 
2148.461: [GC (Allocation Failure) [PSYoungGen: 72032K->1408K(71680K)] 509876K->439252K(589824K), 0.0026164 secs] [Times: user=0.02 sys=0.00, real=0.00 secs] 
2148.753: [GC (Allocation Failure) [PSYoungGen: 71552K->1376K(71168K)] 509396K->439220K(589312K), 0.0018533 secs] [Times: user=0.01 sys=0.00, real=0.00 secs] 
2149.014: [GC (Allocation Failure) [PSYoungGen: 71008K->1485K(70656K)] 508852K->439329K(588800K), 0.0024496 secs] [Times: user=0.01 sys=0.00, real=0.00 secs] 
2149.237: [GC (Allocation Failure) [PSYoungGen: 70605K->1485K(70144K)] 508449K->439329K(588288K), 0.0020928 secs] [Times: user=0.01 sys=0.00, real=0.00 secs] 
2149.381: [GC (Allocation Failure) [PSYoungGen: 70087K->1469K(69632K)] 507931K->439313K(587776K), 0.0018208 secs] [Times: user=0.01 sys=0.00, real=0.01 secs] 
2149.501: [GC (Allocation Failure) [PSYoungGen: 69565K->1453K(75264K)] 507409K->439297K(593408K), 0.0016633 secs] [Times: user=0.01 sys=0.00, real=0.00 secs] 
2150.185: [GC (Allocation Failure) [PSYoungGen: 75181K->1392K(74752K)] 513025K->439260K(592896K), 0.0032870 secs] [Times: user=0.02 sys=0.00, real=0.00 secs] 
2150.875: [GC (Allocation Failure) [PSYoungGen: 74608K->1376K(74240K)] 512476K->439244K(592384K), 0.0027009 secs] [Times: user=0.01 sys=0.00, real=0.00 secs] 
2151.490: [GC (Allocation Failure) [PSYoungGen: 74080K->1376K(73728K)] 511948K->439244K(591872K), 0.0031349 secs] [Times: user=0.01 sys=0.00, real=0.01 secs] 
2152.074: [GC (Allocation Failure) [PSYoungGen: 73568K->1344K(73216K)] 511436K->439212K(591360K), 0.0048675 secs] [Times: user=0.02 sys=0.00, real=0.00 secs] 
2152.302: [GC (Allocation Failure) [PSYoungGen: 73024K->1469K(72704K)] 510892K->439337K(590848K), 0.0017364 secs] [Times: user=0.01 sys=0.00, real=0.00 secs] 
2152.429: [GC (Allocation Failure) [PSYoungGen: 72637K->1453K(72192K)] 510505K->439321K(590336K), 0.0016594 secs] [Times: user=0.01 sys=0.00, real=0.00 secs] 
2152.554: [GC (Allocation Failure) [PSYoungGen: 72109K->1437K(71680K)] 509977K->439305K(589824K), 0.0016874 secs] [Times: user=0.00 sys=0.00, real=0.00 secs] 
2152.931: [GC (Allocation Failure) [PSYoungGen: 71581K->1424K(71168K)] 509449K->439292K(589312K), 0.0023941 secs] [Times: user=0.01 sys=0.00, real=0.00 secs] 
2153.704: [GC (Allocation Failure) [PSYoungGen: 71056K->1376K(70656K)] 508924K->439244K(588800K), 0.0030736 secs] [Times: user=0.01 sys=0.00, real=0.00 secs] 
2154.251: [GC (Allocation Failure) [PSYoungGen: 70496K->1392K(70144K)] 508364K->439260K(588288K), 0.0025651 secs] [Times: user=0.01 sys=0.00, real=0.01 secs] 
2154.781: [GC (Allocation Failure) [PSYoungGen: 70000K->1408K(69632K)] 507868K->439276K(587776K), 0.0021596 secs] [Times: user=0.00 sys=0.00, real=0.00 secs] 
2155.339: [GC (Allocation Failure) [PSYoungGen: 69504K->1453K(69120K)] 507372K->439321K(587264K), 0.0024986 secs] [Times: user=0.01 sys=0.00, real=0.01 secs] 
2155.496: [GC (Allocation Failure) [PSYoungGen: 69037K->1469K(68608K)] 506905K->439337K(586752K), 0.0016703 secs] [Times: user=0.01 sys=0.00, real=0.00 secs] 
2155.632: [GC (Allocation Failure) [PSYoungGen: 68541K->1453K(68096K)] 506409K->439321K(586240K), 0.0019855 secs] [Times: user=0.00 sys=0.00, real=0.00 secs] 
2155.785: [GC (Allocation Failure) [PSYoungGen: 68013K->1469K(67584K)] 505881K->439337K(585728K), 0.0020300 secs] [Times: user=0.01 sys=0.00, real=0.00 secs] 
2156.537: [GC (Allocation Failure) [PSYoungGen: 67517K->1424K(67072K)] 505385K->439292K(585216K), 0.0027650 secs] [Times: user=0.01 sys=0.00, real=0.00 secs] 
2157.243: [GC (Allocation Failure) [PSYoungGen: 66960K->1376K(66560K)] 504828K->439244K(584704K), 0.0032702 secs] [Times: user=0.02 sys=0.00, real=0.00 secs] 
2158.013: [GC (Allocation Failure) [PSYoungGen: 66400K->1376K(66048K)] 504268K->439244K(584192K), 0.0030231 secs] [Times: user=0.02 sys=0.00, real=0.00 secs] 
2158.645: [GC (Allocation Failure) [PSYoungGen: 65888K->1360K(65536K)] 503756K->439228K(583680K), 0.0028556 secs] [Times: user=0.01 sys=0.00, real=0.00 secs] 
2159.255: [GC (Allocation Failure) [PSYoungGen: 65360K->1469K(65024K)] 503228K->439337K(583168K), 0.0023500 secs] [Times: user=0.01 sys=0.00, real=0.00 secs] 
2159.408: [GC (Allocation Failure) [PSYoungGen: 64957K->1485K(64512K)] 502825K->439353K(582656K), 0.0016311 secs] [Times: user=0.01 sys=0.00, real=0.00 secs] 
2159.519: [GC (Allocation Failure) [PSYoungGen: 64461K->1421K(64000K)] 502329K->439289K(582144K), 0.0016151 secs] [Times: user=0.01 sys=0.00, real=0.00 secs] 
2159.630: [GC (Allocation Failure) [PSYoungGen: 63885K->1453K(63488K)] 501753K->439329K(581632K), 0.0015786 secs] [Times: user=0.01 sys=0.00, real=0.01 secs] 
2159.739: [GC (Allocation Failure) [PSYoungGen: 63405K->1453K(64000K)] 501281K->439329K(582144K), 0.0016312 secs] [Times: user=0.01 sys=0.00, real=0.00 secs] 
2160.346: [GC (Allocation Failure) [PSYoungGen: 63405K->1408K(62976K)] 501281K->439300K(581120K), 0.0024059 secs] [Times: user=0.00 sys=0.00, real=0.00 secs] 
2161.070: [GC (Allocation Failure) [PSYoungGen: 62848K->352K(61952K)] 500740K->439276K(580096K), 0.0021881 secs] [Times: user=0.01 sys=0.00, real=0.01 secs] 
2161.800: [GC (Allocation Failure) [PSYoungGen: 61280K->368K(60928K)] 500204K->439292K(579072K), 0.0024972 secs] [Times: user=0.01 sys=0.00, real=0.01 secs] 
2162.360: [GC (Allocation Failure) [PSYoungGen: 60784K->320K(61440K)] 499708K->439244K(579584K), 0.0024058 secs] [Times: user=0.01 sys=0.00, real=0.01 secs] 
2163.016: [GC (Allocation Failure) [PSYoungGen: 60224K->1488K(61952K)] 499148K->440412K(580096K), 0.0020160 secs] [Times: user=0.01 sys=0.00, real=0.00 secs] 
2163.160: [GC (Allocation Failure) [PSYoungGen: 61392K->1469K(61952K)] 500316K->440393K(580096K), 0.0016482 secs] [Times: user=0.01 sys=0.00, real=0.01 secs] 
2163.266: [GC (Allocation Failure) [PSYoungGen: 61373K->1456K(61952K)] 500297K->440396K(580096K), 0.0016122 secs] [Times: user=0.01 sys=0.00, real=0.00 secs] 
2163.371: [GC (Allocation Failure) [PSYoungGen: 61360K->1488K(61952K)] 500300K->440428K(580096K), 0.0016952 secs] [Times: user=0.01 sys=0.00, real=0.00 secs] 
2163.477: [GC (Allocation Failure) [PSYoungGen: 61392K->1485K(61952K)] 500332K->440425K(580096K), 0.0016837 secs] [Times: user=0.01 sys=0.00, real=0.00 secs] 
2163.763: [GC (Allocation Failure) [PSYoungGen: 61389K->1408K(67584K)] 500329K->440348K(585728K), 0.0020415 secs] [Times: user=0.01 sys=0.00, real=0.00 secs] 
2164.066: [GC (Allocation Failure) [PSYoungGen: 66944K->1408K(66560K)] 505884K->440348K(584704K), 0.0018809 secs] [Times: user=0.01 sys=0.00, real=0.00 secs] 
2164.359: [GC (Allocation Failure) [PSYoungGen: 66432K->1344K(66048K)] 505372K->440284K(584192K), 0.0019436 secs] [Times: user=0.01 sys=0.00, real=0.01 secs] 
2164.642: [GC (Allocation Failure) [PSYoungGen: 65856K->1392K(65536K)] 504796K->440332K(583680K), 0.0018239 secs] [Times: user=0.01 sys=0.00, real=0.00 secs] 
2164.859: [GC (Allocation Failure) [PSYoungGen: 65392K->1485K(65024K)] 504332K->440425K(583168K), 0.0017421 secs] [Times: user=0.00 sys=0.00, real=0.00 secs] 
2164.972: [GC (Allocation Failure) [PSYoungGen: 64973K->1501K(64512K)] 503913K->440441K(582656K), 0.0016400 secs] [Times: user=0.01 sys=0.01, real=0.00 secs] 
2165.083: [GC (Allocation Failure) [PSYoungGen: 64477K->1485K(65024K)] 503417K->440433K(583168K), 0.0018226 secs] [Times: user=0.00 sys=0.00, real=0.00 secs] 
2165.195: [GC (Allocation Failure) [PSYoungGen: 64461K->1485K(65024K)] 503409K->440433K(583168K), 0.0017335 secs] [Times: user=0.01 sys=0.00, real=0.00 secs] 
2165.398: [GC (Allocation Failure) [PSYoungGen: 64461K->1424K(71168K)] 503409K->440372K(589312K), 0.0018041 secs] [Times: user=0.00 sys=0.00, real=0.00 secs] 
2165.705: [GC (Allocation Failure) [PSYoungGen: 70544K->1344K(71168K)] 509492K->440292K(589312K), 0.0018917 secs] [Times: user=0.00 sys=0.00, real=0.00 secs] 
2166.009: [GC (Allocation Failure) [PSYoungGen: 70464K->1376K(70144K)] 509412K->440324K(588288K), 0.0015601 secs] [Times: user=0.01 sys=0.00, real=0.00 secs] 
2166.318: [GC (Allocation Failure) [PSYoungGen: 69984K->1376K(69632K)] 508932K->440324K(587776K), 0.0019709 secs] [Times: user=0.01 sys=0.00, real=0.00 secs] 
2166.764: [GC (Allocation Failure) [PSYoungGen: 69472K->1469K(69120K)] 508420K->440417K(587264K), 0.0016673 secs] [Times: user=0.01 sys=0.00, real=0.00 secs] 
2166.884: [GC (Allocation Failure) [PSYoungGen: 69053K->1472K(68608K)] 508001K->440420K(586752K), 0.0017164 secs] [Times: user=0.01 sys=0.00, real=0.00 secs] 
2167.002: [GC (Allocation Failure) [PSYoungGen: 68544K->1485K(74752K)] 507492K->440433K(592896K), 0.0024384 secs] [Times: user=0.00 sys=0.00, real=0.00 secs] 
2167.132: [GC (Allocation Failure) [PSYoungGen: 74701K->1437K(75264K)] 513649K->440393K(593408K), 0.0017571 secs] [Times: user=0.00 sys=0.00, real=0.00 secs] 
2167.653: [GC (Allocation Failure) [PSYoungGen: 74653K->1424K(74240K)] 513609K->440380K(592384K), 0.0019519 secs] [Times: user=0.00 sys=0.00, real=0.00 secs] 
2168.237: [GC (Allocation Failure) [PSYoungGen: 74128K->1344K(73728K)] 513084K->440316K(591872K), 0.0030706 secs] [Times: user=0.01 sys=0.00, real=0.00 secs] 
2168.832: [GC (Allocation Failure) [PSYoungGen: 73536K->1376K(73216K)] 512508K->440348K(591360K), 0.0020342 secs] [Times: user=0.01 sys=0.00, real=0.00 secs] 
2169.459: [GC (Allocation Failure) [PSYoungGen: 73056K->1360K(72704K)] 512028K->440332K(590848K), 0.0020090 secs] [Times: user=0.00 sys=0.00, real=0.01 secs] 
2169.767: [GC (Allocation Failure) [PSYoungGen: 72528K->1421K(72192K)] 511500K->440393K(590336K), 0.0015272 secs] [Times: user=0.01 sys=0.00, real=0.00 secs] 
2169.893: [GC (Allocation Failure) [PSYoungGen: 72077K->1485K(71680K)] 511049K->440457K(589824K), 0.0017564 secs] [Times: user=0.01 sys=0.01, real=0.00 secs] 
2170.016: [GC (Allocation Failure) [PSYoungGen: 71629K->1485K(71168K)] 510601K->440457K(589312K), 0.0015329 secs] [Times: user=0.01 sys=0.00, real=0.00 secs] 
2171.280: [GC (Allocation Failure) [PSYoungGen: 71117K->1664K(71168K)] 510089K->440636K(589312K), 0.0043312 secs] [Times: user=0.01 sys=0.01, real=0.01 secs] 
2171.875: [GC (Allocation Failure) [PSYoungGen: 70784K->368K(69120K)] 509756K->440364K(587264K), 0.0026828 secs] [Times: user=0.01 sys=0.00, real=0.00 secs] 
2172.435: [GC (Allocation Failure) [PSYoungGen: 68976K->320K(70144K)] 508972K->440316K(588288K), 0.0029283 secs] [Times: user=0.01 sys=0.00, real=0.00 secs] 
2173.011: [GC (Allocation Failure) [PSYoungGen: 68416K->288K(68096K)] 508412K->440284K(586240K), 0.0024790 secs] [Times: user=0.01 sys=0.00, real=0.00 secs] 
2173.601: [GC (Allocation Failure) [PSYoungGen: 67872K->320K(69632K)] 507868K->440316K(587776K), 0.0023708 secs] [Times: user=0.01 sys=0.00, real=0.00 secs] 
2173.835: [GC (Allocation Failure) [PSYoungGen: 67392K->1405K(68096K)] 507388K->441401K(586240K), 0.0016113 secs] [Times: user=0.01 sys=0.00, real=0.00 secs] 
2173.954: [GC (Allocation Failure) [PSYoungGen: 67965K->1421K(67584K)] 507961K->441417K(585728K), 0.0018768 secs] [Times: user=0.01 sys=0.00, real=0.00 secs] 
2174.072: [GC (Allocation Failure) [PSYoungGen: 67469K->1440K(73216K)] 507465K->441436K(591360K), 0.0019006 secs] [Times: user=0.01 sys=0.00, real=0.00 secs] 
2174.262: [GC (Allocation Failure) [PSYoungGen: 72096K->1424K(73216K)] 512092K->441420K(591360K), 0.0019494 secs] [Times: user=0.01 sys=0.00, real=0.00 secs] 
2174.556: [GC (Allocation Failure) [PSYoungGen: 72080K->1344K(71680K)] 512076K->441348K(589824K), 0.0019220 secs] [Times: user=0.01 sys=0.00, real=0.00 secs] 
2174.879: [GC (Allocation Failure) [PSYoungGen: 71488K->1376K(71168K)] 511492K->441380K(589312K), 0.0017594 secs] [Times: user=0.00 sys=0.00, real=0.01 secs] 
2175.169: [GC (Allocation Failure) [PSYoungGen: 71008K->1344K(70656K)] 511012K->441348K(588800K), 0.0017885 secs] [Times: user=0.01 sys=0.00, real=0.00 secs] 
2175.494: [GC (Allocation Failure) [PSYoungGen: 70464K->1437K(70144K)] 510468K->441441K(588288K), 0.0021823 secs] [Times: user=0.01 sys=0.00, real=0.00 secs] 
2175.632: [GC (Allocation Failure) [PSYoungGen: 70045K->1437K(69632K)] 510049K->441441K(587776K), 0.0016604 secs] [Times: user=0.01 sys=0.00, real=0.00 secs] 
2175.753: [GC (Allocation Failure) [PSYoungGen: 69533K->1533K(69120K)] 509537K->441537K(587264K), 0.0017570 secs] [Times: user=0.01 sys=0.00, real=0.00 secs] 
2175.892: [GC (Allocation Failure) [PSYoungGen: 69117K->1517K(73216K)] 509121K->441529K(591360K), 0.0018527 secs] [Times: user=0.00 sys=0.00, real=0.00 secs] 
2176.445: [GC (Allocation Failure) [PSYoungGen: 73197K->1424K(72704K)] 513209K->441436K(590848K), 0.0025670 secs] [Times: user=0.01 sys=0.00, real=0.00 secs] 
2177.186: [GC (Allocation Failure) [PSYoungGen: 72592K->1376K(72192K)] 512604K->441388K(590336K), 0.0021379 secs] [Times: user=0.01 sys=0.00, real=0.00 secs] 
2177.700: [GC (Allocation Failure) [PSYoungGen: 72032K->1360K(71680K)] 512044K->441372K(589824K), 0.0021532 secs] [Times: user=0.01 sys=0.00, real=0.01 secs] 
2178.190: [GC (Allocation Failure) [PSYoungGen: 71504K->1376K(71168K)] 511516K->441388K(589312K), 0.0022472 secs] [Times: user=0.01 sys=0.00, real=0.01 secs] 
2178.605: [GC (Allocation Failure) [PSYoungGen: 71008K->1453K(70656K)] 511020K->441465K(588800K), 0.0024869 secs] [Times: user=0.01 sys=0.00, real=0.00 secs] 
2178.762: [GC (Allocation Failure) [PSYoungGen: 70573K->1469K(70144K)] 510585K->441481K(588288K), 0.0016260 secs] [Times: user=0.01 sys=0.00, real=0.00 secs] 
2178.884: [GC (Allocation Failure) [PSYoungGen: 70049K->1437K(69632K)] 510062K->441449K(587776K), 0.0017306 secs] [Times: user=0.01 sys=0.00, real=0.00 secs] 
2179.007: [GC (Allocation Failure) [PSYoungGen: 69533K->1501K(69120K)] 509545K->441529K(587264K), 0.0016164 secs] [Times: user=0.01 sys=0.00, real=0.00 secs] 
2180.392: [GC (Allocation Failure) [PSYoungGen: 69085K->1424K(68608K)] 509113K->441452K(586752K), 0.0048333 secs] [Times: user=0.01 sys=0.00, real=0.00 secs] 
2181.170: [GC (Allocation Failure) [PSYoungGen: 68496K->1344K(68096K)] 508524K->441372K(586240K), 0.0033937 secs] [Times: user=0.02 sys=0.00, real=0.01 secs] 
2181.824: [GC (Allocation Failure) [PSYoungGen: 67904K->1408K(67584K)] 507932K->441436K(585728K), 0.0028739 secs] [Times: user=0.01 sys=0.00, real=0.00 secs] 
2182.340: [GC (Allocation Failure) [PSYoungGen: 67456K->1360K(67072K)] 507484K->441388K(585216K), 0.0027505 secs] [Times: user=0.01 sys=0.00, real=0.01 secs] 
2182.780: [GC (Allocation Failure) [PSYoungGen: 66896K->1485K(66560K)] 506924K->441513K(584704K), 0.0020633 secs] [Times: user=0.01 sys=0.00, real=0.01 secs] 
2182.910: [GC (Allocation Failure) [PSYoungGen: 66509K->1456K(66048K)] 506537K->441484K(584192K), 0.0016494 secs] [Times: user=0.01 sys=0.00, real=0.01 secs] 
2183.024: [GC (Allocation Failure) [PSYoungGen: 65968K->1437K(65536K)] 505996K->441465K(583680K), 0.0016672 secs] [Times: user=0.01 sys=0.00, real=0.00 secs] 
2183.137: [GC (Allocation Failure) [PSYoungGen: 65437K->1485K(66048K)] 505465K->441521K(584192K), 0.0017919 secs] [Times: user=0.00 sys=0.00, real=0.00 secs] 
2183.449: [GC (Allocation Failure) [PSYoungGen: 65485K->1440K(65024K)] 505521K->441476K(583168K), 0.0022359 secs] [Times: user=0.00 sys=0.00, real=0.01 secs] 
2183.979: [GC (Allocation Failure) [PSYoungGen: 64928K->1408K(64512K)] 504964K->441444K(582656K), 0.0040690 secs] [Times: user=0.02 sys=0.00, real=0.01 secs] 
2184.531: [GC (Allocation Failure) [PSYoungGen: 64384K->1344K(64000K)] 504420K->441380K(582144K), 0.0034961 secs] [Times: user=0.01 sys=0.00, real=0.01 secs] 
2185.001: [GC (Allocation Failure) [PSYoungGen: 63808K->1376K(63488K)] 503844K->441412K(581632K), 0.0027380 secs] [Times: user=0.01 sys=0.00, real=0.00 secs] 
2185.479: [GC (Allocation Failure) [PSYoungGen: 63328K->1408K(62976K)] 503364K->441444K(581120K), 0.0027269 secs] [Times: user=0.01 sys=0.00, real=0.01 secs] 
2185.688: [GC (Allocation Failure) [PSYoungGen: 62848K->1501K(62464K)] 502884K->441537K(580608K), 0.0018583 secs] [Times: user=0.00 sys=0.01, real=0.00 secs] 
2185.798: [GC (Allocation Failure) [PSYoungGen: 62429K->1501K(61952K)] 502465K->441537K(580096K), 0.0018084 secs] [Times: user=0.00 sys=0.00, real=0.00 secs] 
2185.906: [GC (Allocation Failure) [PSYoungGen: 61917K->1485K(62464K)] 501953K->441529K(580608K), 0.0017694 secs] [Times: user=0.00 sys=0.00, real=0.00 secs] 
2186.014: [GC (Allocation Failure) [PSYoungGen: 61901K->1501K(62464K)] 501945K->441545K(580608K), 0.0017180 secs] [Times: user=0.01 sys=0.00, real=0.00 secs] 
2186.604: [GC (Allocation Failure) [PSYoungGen: 61917K->1408K(67584K)] 501961K->441452K(585728K), 0.0021314 secs] [Times: user=0.00 sys=0.00, real=0.00 secs] 
2187.333: [GC (Allocation Failure) [PSYoungGen: 67456K->1344K(67072K)] 507500K->441388K(585216K), 0.0038933 secs] [Times: user=0.02 sys=0.00, real=0.00 secs] 
2187.947: [GC (Allocation Failure) [PSYoungGen: 66880K->1344K(66560K)] 506924K->441388K(584704K), 0.0025850 secs] [Times: user=0.01 sys=0.00, real=0.00 secs] 
2188.678: [GC (Allocation Failure) [PSYoungGen: 66368K->1408K(66048K)] 506412K->441452K(584192K), 0.0025621 secs] [Times: user=0.01 sys=0.00, real=0.01 secs] 
2189.342: [GC (Allocation Failure) [PSYoungGen: 65920K->1453K(65536K)] 505964K->441497K(583680K), 0.0053394 secs] [Times: user=0.02 sys=0.00, real=0.00 secs] 
2189.532: [GC (Allocation Failure) [PSYoungGen: 65453K->1549K(65536K)] 505497K->441593K(583680K), 0.0032771 secs] [Times: user=0.01 sys=0.00, real=0.00 secs] 
2189.650: [GC (Allocation Failure) [PSYoungGen: 65037K->1501K(65536K)] 505081K->441553K(583680K), 0.0015923 secs] [Times: user=0.01 sys=0.00, real=0.01 secs] 
2189.782: [GC (Allocation Failure) [PSYoungGen: 65481K->1421K(66048K)] 505534K->441473K(584192K), 0.0018478 secs] [Times: user=0.01 sys=0.00, real=0.00 secs] 
2190.054: [GC (Allocation Failure) [PSYoungGen: 65421K->1440K(71168K)] 505473K->441508K(589312K), 0.0021318 secs] [Times: user=0.00 sys=0.00, real=0.00 secs] 
2190.502: [GC (Allocation Failure) [PSYoungGen: 71072K->1376K(70656K)] 511140K->441444K(588800K), 0.0020741 secs] [Times: user=0.01 sys=0.00, real=0.00 secs] 
2191.095: [GC (Allocation Failure) [PSYoungGen: 70496K->1376K(70144K)] 510564K->441444K(588288K), 0.0024360 secs] [Times: user=0.01 sys=0.00, real=0.00 secs] 
2191.864: [GC (Allocation Failure) [PSYoungGen: 69984K->1360K(69632K)] 510052K->441428K(587776K), 0.0047081 secs] [Times: user=0.01 sys=0.00, real=0.00 secs] 
2192.700: [GC (Allocation Failure) [PSYoungGen: 69456K->1453K(69120K)] 509524K->441521K(587264K), 0.0028472 secs] [Times: user=0.01 sys=0.00, real=0.01 secs] 
2192.886: [GC (Allocation Failure) [PSYoungGen: 69037K->1501K(68608K)] 509105K->441569K(586752K), 0.0017092 secs] [Times: user=0.00 sys=0.00, real=0.00 secs] 
2193.005: [GC (Allocation Failure) [PSYoungGen: 68573K->1485K(68096K)] 508641K->441553K(586240K), 0.0016699 secs] [Times: user=0.00 sys=0.00, real=0.00 secs] 
2193.122: [GC (Allocation Failure) [PSYoungGen: 68045K->1485K(67584K)] 508113K->441561K(585728K), 0.0016892 secs] [Times: user=0.01 sys=0.00, real=0.00 secs] 
2193.574: [GC (Allocation Failure) [PSYoungGen: 67533K->1360K(67072K)] 507609K->441436K(585216K), 0.0024007 secs] [Times: user=0.01 sys=0.00, real=0.00 secs] 
2194.568: [GC (Allocation Failure) [PSYoungGen: 66896K->1344K(66560K)] 506972K->441420K(584704K), 0.0037212 secs] [Times: user=0.02 sys=0.00, real=0.01 secs] 
2195.643: [GC (Allocation Failure) [PSYoungGen: 66368K->1408K(66048K)] 506444K->441484K(584192K), 0.0033556 secs] [Times: user=0.01 sys=0.00, real=0.00 secs] 
2196.334: [GC (Allocation Failure) [PSYoungGen: 65920K->1344K(65536K)] 505996K->441420K(583680K), 0.0033816 secs] [Times: user=0.01 sys=0.00, real=0.00 secs] 
2196.858: [GC (Allocation Failure) [PSYoungGen: 65344K->1344K(65024K)] 505420K->441420K(583168K), 0.0031346 secs] [Times: user=0.01 sys=0.00, real=0.01 secs] 
2197.069: [GC (Allocation Failure) [PSYoungGen: 64832K->1485K(64512K)] 504908K->441561K(582656K), 0.0019092 secs] [Times: user=0.01 sys=0.00, real=0.01 secs] 
2197.181: [GC (Allocation Failure) [PSYoungGen: 64461K->1485K(64000K)] 504537K->441561K(582144K), 0.0016066 secs] [Times: user=0.01 sys=0.00, real=0.00 secs] 
2197.292: [GC (Allocation Failure) [PSYoungGen: 63949K->1453K(63488K)] 504025K->441537K(581632K), 0.0016056 secs] [Times: user=0.01 sys=0.00, real=0.00 secs] 
2197.401: [GC (Allocation Failure) [PSYoungGen: 63405K->1485K(64000K)] 503489K->441569K(582144K), 0.0021931 secs] [Times: user=0.01 sys=0.00, real=0.00 secs] 
2199.379: [GC (Allocation Failure) [PSYoungGen: 63437K->1376K(62976K)] 503521K->441460K(581120K), 0.0026866 secs] [Times: user=0.01 sys=0.00, real=0.01 secs] 
2199.866: [GC (Allocation Failure) [PSYoungGen: 62816K->1408K(62464K)] 502900K->441492K(580608K), 0.0022754 secs] [Times: user=0.01 sys=0.00, real=0.00 secs] 
2200.379: [GC (Allocation Failure) [PSYoungGen: 62336K->1408K(61952K)] 502420K->441500K(580096K), 0.0021388 secs] [Times: user=0.01 sys=0.00, real=0.01 secs] 
2200.872: [GC (Allocation Failure) [PSYoungGen: 61824K->1360K(61440K)] 501916K->441452K(579584K), 0.0024865 secs] [Times: user=0.01 sys=0.00, real=0.00 secs] 
2201.312: [GC (Allocation Failure) [PSYoungGen: 61264K->1469K(61952K)] 501356K->441561K(580096K), 0.0023363 secs] [Times: user=0.01 sys=0.00, real=0.00 secs] 
2201.450: [GC (Allocation Failure) [PSYoungGen: 61373K->1453K(61952K)] 501465K->441545K(580096K), 0.0016638 secs] [Times: user=0.01 sys=0.00, real=0.01 secs] 
2201.555: [GC (Allocation Failure) [PSYoungGen: 61357K->1421K(61952K)] 501449K->441521K(580096K), 0.0015816 secs] [Times: user=0.01 sys=0.00, real=0.00 secs] 
2201.661: [GC (Allocation Failure) [PSYoungGen: 61325K->1485K(61952K)] 501425K->441601K(580096K), 0.0017955 secs] [Times: user=0.01 sys=0.00, real=0.00 secs] 
2201.767: [GC (Allocation Failure) [PSYoungGen: 61389K->1421K(61952K)] 501505K->441537K(580096K), 0.0015970 secs] [Times: user=0.01 sys=0.00, real=0.00 secs] 
2202.051: [GC (Allocation Failure) [PSYoungGen: 61325K->1392K(67072K)] 501441K->441508K(585216K), 0.0019546 secs] [Times: user=0.01 sys=0.00, real=0.00 secs] 
2202.325: [GC (Allocation Failure) [PSYoungGen: 66928K->1344K(67584K)] 507044K->441460K(585728K), 0.0020804 secs] [Times: user=0.01 sys=0.00, real=0.00 secs] 
2202.752: [GC (Allocation Failure) [PSYoungGen: 66880K->1312K(66560K)] 506996K->441428K(584704K), 0.0020537 secs] [Times: user=0.01 sys=0.00, real=0.00 secs] 
2203.336: [GC (Allocation Failure) [PSYoungGen: 66336K->1376K(66048K)] 506452K->441492K(584192K), 0.0021806 secs] [Times: user=0.01 sys=0.00, real=0.00 secs] 
2203.711: [GC (Allocation Failure) [PSYoungGen: 65888K->1453K(65536K)] 506004K->441569K(583680K), 0.0019273 secs] [Times: user=0.01 sys=0.00, real=0.00 secs] 
2203.831: [GC (Allocation Failure) [PSYoungGen: 65453K->1424K(65024K)] 505569K->441540K(583168K), 0.0017002 secs] [Times: user=0.01 sys=0.00, real=0.00 secs] 
2203.943: [GC (Allocation Failure) [PSYoungGen: 64912K->1501K(70656K)] 505028K->441625K(588800K), 0.0017835 secs] [Times: user=0.01 sys=0.00, real=0.00 secs] 
2204.065: [GC (Allocation Failure) [PSYoungGen: 70621K->1469K(71168K)] 510745K->441593K(589312K), 0.0016595 secs] [Times: user=0.00 sys=0.00, real=0.00 secs] 
2204.487: [GC (Allocation Failure) [PSYoungGen: 70589K->1424K(70144K)] 510713K->441548K(588288K), 0.0019455 secs] [Times: user=0.01 sys=0.00, real=0.00 secs] 
2205.088: [GC (Allocation Failure) [PSYoungGen: 70032K->1376K(69632K)] 510156K->441500K(587776K), 0.0019944 secs] [Times: user=0.01 sys=0.00, real=0.00 secs] 
2205.743: [GC (Allocation Failure) [PSYoungGen: 69472K->1376K(69120K)] 509596K->441500K(587264K), 0.0020547 secs] [Times: user=0.01 sys=0.00, real=0.00 secs] 
2206.519: [GC (Allocation Failure) [PSYoungGen: 68960K->1376K(68608K)] 509084K->441500K(586752K), 0.0027455 secs] [Times: user=0.01 sys=0.00, real=0.01 secs] 
2207.135: [GC (Allocation Failure) [PSYoungGen: 68448K->1504K(68096K)] 508572K->441628K(586240K), 0.0022558 secs] [Times: user=0.01 sys=0.00, real=0.00 secs] 
2207.283: [GC (Allocation Failure) [PSYoungGen: 68064K->1469K(67584K)] 508188K->441593K(585728K), 0.0016559 secs] [Times: user=0.01 sys=0.00, real=0.00 secs] 
2207.400: [GC (Allocation Failure) [PSYoungGen: 67517K->1501K(67072K)] 507641K->441625K(585216K), 0.0017106 secs] [Times: user=0.00 sys=0.00, real=0.01 secs] 
2207.516: [GC (Allocation Failure) [PSYoungGen: 67007K->1501K(66560K)] 507132K->441633K(584704K), 0.0016924 secs] [Times: user=0.01 sys=0.00, real=0.00 secs] 
2207.893: [GC (Allocation Failure) [PSYoungGen: 66525K->1440K(66048K)] 506657K->441572K(584192K), 0.0020269 secs] [Times: user=0.00 sys=0.00, real=0.00 secs] 
2208.400: [GC (Allocation Failure) [PSYoungGen: 65952K->1360K(65536K)] 506084K->441492K(583680K), 0.0021042 secs] [Times: user=0.01 sys=0.00, real=0.01 secs] 
2208.936: [GC (Allocation Failure) [PSYoungGen: 65360K->1344K(65024K)] 505492K->441476K(583168K), 0.0021188 secs] [Times: user=0.01 sys=0.00, real=0.00 secs] 
2209.457: [GC (Allocation Failure) [PSYoungGen: 64832K->1408K(64512K)] 504964K->441540K(582656K), 0.0027715 secs] [Times: user=0.01 sys=0.00, real=0.00 secs] 
2209.993: [GC (Allocation Failure) [PSYoungGen: 64384K->1437K(64000K)] 504516K->441569K(582144K), 0.0022240 secs] [Times: user=0.01 sys=0.00, real=0.00 secs] 
2210.137: [GC (Allocation Failure) [PSYoungGen: 63901K->1501K(63488K)] 504033K->441633K(581632K), 0.0016362 secs] [Times: user=0.01 sys=0.00, real=0.00 secs] 
2210.250: [GC (Allocation Failure) [PSYoungGen: 63453K->1453K(62976K)] 503585K->441585K(581120K), 0.0015594 secs] [Times: user=0.00 sys=0.00, real=0.01 secs] 
2210.359: [GC (Allocation Failure) [PSYoungGen: 62893K->1453K(68608K)] 503025K->441601K(586752K), 0.0017488 secs] [Times: user=0.00 sys=0.01, real=0.00 secs] 
2210.478: [GC (Allocation Failure) [PSYoungGen: 68504K->192K(69120K)] 508653K->440340K(587264K), 0.0016716 secs] [Times: user=0.01 sys=0.00, real=0.00 secs] 
2211.281: [GC (Allocation Failure) [PSYoungGen: 67264K->1408K(68096K)] 507412K->441556K(586240K), 0.0021932 secs] [Times: user=0.01 sys=0.00, real=0.00 secs] 
2212.140: [GC (Allocation Failure) [PSYoungGen: 67968K->1408K(67584K)] 508116K->441556K(585728K), 0.0024372 secs] [Times: user=0.01 sys=0.00, real=0.01 secs] 
2212.994: [GC (Allocation Failure) [PSYoungGen: 67456K->1376K(67072K)] 507604K->441524K(585216K), 0.0025072 secs] [Times: user=0.01 sys=0.00, real=0.00 secs] 
2213.787: [GC (Allocation Failure) [PSYoungGen: 66912K->1344K(66560K)] 507060K->441492K(584704K), 0.0037374 secs] [Times: user=0.01 sys=0.00, real=0.00 secs] 
2214.065: [GC (Allocation Failure) [PSYoungGen: 66368K->1488K(66048K)] 506516K->441636K(584192K), 0.0018989 secs] [Times: user=0.01 sys=0.00, real=0.00 secs] 
2214.186: [GC (Allocation Failure) [PSYoungGen: 66000K->1437K(65536K)] 506148K->441585K(583680K), 0.0017940 secs] [Times: user=0.01 sys=0.00, real=0.00 secs] 
2214.300: [GC (Allocation Failure) [PSYoungGen: 65437K->1501K(65024K)] 505585K->441657K(583168K), 0.0016402 secs] [Times: user=0.01 sys=0.00, real=0.01 secs] 
2214.413: [GC (Allocation Failure) [PSYoungGen: 64989K->1453K(65536K)] 505145K->441609K(583680K), 0.0016849 secs] [Times: user=0.01 sys=0.00, real=0.00 secs] 
2214.858: [GC (Allocation Failure) [PSYoungGen: 64941K->1408K(64512K)] 505097K->441564K(582656K), 0.0020718 secs] [Times: user=0.00 sys=0.00, real=0.00 secs] 
2215.401: [GC (Allocation Failure) [PSYoungGen: 64384K->1344K(64000K)] 504540K->441500K(582144K), 0.0033036 secs] [Times: user=0.02 sys=0.00, real=0.00 secs] 
2215.920: [GC (Allocation Failure) [PSYoungGen: 63808K->1344K(63488K)] 503964K->441500K(581632K), 0.0021453 secs] [Times: user=0.01 sys=0.00, real=0.01 secs] 
2216.436: [GC (Allocation Failure) [PSYoungGen: 63296K->1392K(62976K)] 503452K->441548K(581120K), 0.0023286 secs] [Times: user=0.01 sys=0.00, real=0.00 secs] 
2216.805: [GC (Allocation Failure) [PSYoungGen: 62832K->1437K(62464K)] 502988K->441593K(580608K), 0.0019034 secs] [Times: user=0.01 sys=0.00, real=0.00 secs] 
2216.921: [GC (Allocation Failure) [PSYoungGen: 62365K->1421K(61952K)] 502521K->441577K(580096K), 0.0017180 secs] [Times: user=0.01 sys=0.00, real=0.00 secs] 
2217.029: [GC (Allocation Failure) [PSYoungGen: 61837K->1453K(62464K)] 501993K->441617K(580608K), 0.0017326 secs] [Times: user=0.01 sys=0.00, real=0.00 secs] 
2217.135: [GC (Allocation Failure) [PSYoungGen: 61869K->1501K(67584K)] 502033K->441673K(585728K), 0.0028117 secs] [Times: user=0.02 sys=0.00, real=0.00 secs] 
2217.270: [GC (Allocation Failure) [PSYoungGen: 67037K->1440K(67584K)] 507209K->441612K(585728K), 0.0016745 secs] [Times: user=0.00 sys=0.00, real=0.01 secs] 
2218.264: [GC (Allocation Failure) [PSYoungGen: 66976K->1376K(73216K)] 507148K->441548K(591360K), 0.0019672 secs] [Times: user=0.01 sys=0.00, real=0.00 secs] 
2219.310: [GC (Allocation Failure) [PSYoungGen: 73056K->1376K(72704K)] 513228K->441548K(590848K), 0.0026633 secs] [Times: user=0.01 sys=0.01, real=0.01 secs] 
2220.566: [GC (Allocation Failure) [PSYoungGen: 72544K->1376K(72192K)] 512716K->441548K(590336K), 0.0041054 secs] [Times: user=0.02 sys=0.00, real=0.00 secs] 
2221.166: [GC (Allocation Failure) [PSYoungGen: 72032K->1376K(71680K)] 512204K->441548K(589824K), 0.0029085 secs] [Times: user=0.01 sys=0.00, real=0.00 secs] 
2221.361: [GC (Allocation Failure) [PSYoungGen: 71520K->1456K(71168K)] 511692K->441652K(589312K), 0.0017040 secs] [Times: user=0.00 sys=0.00, real=0.00 secs] 
2221.485: [GC (Allocation Failure) [PSYoungGen: 71088K->1469K(70656K)] 511284K->441665K(588800K), 0.0015909 secs] [Times: user=0.01 sys=0.00, real=0.00 secs] 
2221.610: [GC (Allocation Failure) [PSYoungGen: 70589K->1389K(70144K)] 510785K->441593K(588288K), 0.0018198 secs] [Times: user=0.00 sys=0.00, real=0.01 secs] 
2222.197: [GC (Allocation Failure) [PSYoungGen: 69997K->1424K(69632K)] 510201K->441628K(587776K), 0.0024084 secs] [Times: user=0.01 sys=0.00, real=0.00 secs] 
2223.295: [GC (Allocation Failure) [PSYoungGen: 69520K->1312K(69120K)] 509724K->441516K(587264K), 0.0032638 secs] [Times: user=0.02 sys=0.00, real=0.00 secs] 
2223.943: [GC (Allocation Failure) [PSYoungGen: 68896K->1328K(68608K)] 509100K->441532K(586752K), 0.0036928 secs] [Times: user=0.01 sys=0.01, real=0.00 secs] 
2224.361: [GC (Allocation Failure) [PSYoungGen: 68400K->1376K(68096K)] 508604K->441580K(586240K), 0.0021497 secs] [Times: user=0.01 sys=0.00, real=0.00 secs] 
2224.726: [GC (Allocation Failure) [PSYoungGen: 67936K->1437K(67584K)] 508140K->441641K(585728K), 0.0018756 secs] [Times: user=0.01 sys=0.00, real=0.00 secs] 
2224.850: [GC (Allocation Failure) [PSYoungGen: 67485K->1485K(67072K)] 507689K->441689K(585216K), 0.0015755 secs] [Times: user=0.00 sys=0.00, real=0.01 secs] 
2224.966: [GC (Allocation Failure) [PSYoungGen: 67021K->1469K(66560K)] 507225K->441673K(584704K), 0.0016228 secs] [Times: user=0.01 sys=0.00, real=0.00 secs] 
2225.081: [GC (Allocation Failure) [PSYoungGen: 66493K->1469K(67072K)] 506697K->441681K(585216K), 0.0016622 secs] [Times: user=0.00 sys=0.00, real=0.01 secs] 
2225.306: [GC (Allocation Failure) [PSYoungGen: 66493K->1952K(66560K)] 506705K->442164K(584704K), 0.0020464 secs] [Times: user=0.00 sys=0.00, real=0.00 secs] 
2225.581: [GC (Allocation Failure) [PSYoungGen: 66464K->1360K(65536K)] 506676K->441572K(583680K), 0.0018463 secs] [Times: user=0.01 sys=0.00, real=0.00 secs] 
2225.907: [GC (Allocation Failure) [PSYoungGen: 65360K->1360K(65024K)] 505572K->441572K(583168K), 0.0020810 secs] [Times: user=0.01 sys=0.00, real=0.00 secs] 
2226.217: [GC (Allocation Failure) [PSYoungGen: 64844K->1437K(64512K)] 505056K->441649K(582656K), 0.0018483 secs] [Times: user=0.01 sys=0.00, real=0.00 secs] 
2226.303: [GC (Allocation Failure) [PSYoungGen: 64413K->1501K(65536K)] 504625K->441713K(583680K), 0.0016935 secs] [Times: user=0.00 sys=0.00, real=0.00 secs] 
2226.379: [GC (Allocation Failure) [PSYoungGen: 64989K->1488K(70656K)] 505201K->441700K(588800K), 0.0015459 secs] [Times: user=0.01 sys=0.00, real=0.00 secs] 
2226.462: [GC (Allocation Failure) [PSYoungGen: 70096K->1456K(70656K)] 510308K->441668K(588800K), 0.0017054 secs] [Times: user=0.01 sys=0.00, real=0.00 secs] 
2226.620: [GC (Allocation Failure) [PSYoungGen: 70064K->1424K(77824K)] 510276K->441636K(595968K), 0.0018352 secs] [Times: user=0.00 sys=0.00, real=0.01 secs] 
2226.935: [GC (Allocation Failure) [PSYoungGen: 77200K->1328K(77824K)] 517412K->441540K(595968K), 0.0018394 secs] [Times: user=0.01 sys=0.00, real=0.00 secs] 
2227.273: [GC (Allocation Failure) [PSYoungGen: 77104K->1312K(83968K)] 517316K->441524K(602112K), 0.0018660 secs] [Times: user=0.01 sys=0.01, real=0.00 secs] 
2227.616: [GC (Allocation Failure) [PSYoungGen: 83744K->1312K(83456K)] 523956K->441540K(601600K), 0.0020696 secs] [Times: user=0.01 sys=0.00, real=0.00 secs] 
2227.859: [GC (Allocation Failure) [PSYoungGen: 83232K->1453K(82944K)] 523460K->441681K(601088K), 0.0017339 secs] [Times: user=0.00 sys=0.00, real=0.00 secs] 
2228.003: [GC (Allocation Failure) [PSYoungGen: 82861K->1421K(82432K)] 523089K->441649K(600576K), 0.0017086 secs] [Times: user=0.01 sys=0.00, real=0.00 secs] 
2228.145: [GC (Allocation Failure) [PSYoungGen: 82317K->1453K(81920K)] 522545K->441681K(600064K), 0.0015251 secs] [Times: user=0.01 sys=0.00, real=0.00 secs] 
2228.413: [GC (Allocation Failure) [PSYoungGen: 81837K->1392K(81408K)] 522065K->441620K(599552K), 0.0019854 secs] [Times: user=0.01 sys=0.00, real=0.00 secs] 
2228.815: [GC (Allocation Failure) [PSYoungGen: 81264K->1344K(80896K)] 521492K->441580K(599040K), 0.0025517 secs] [Times: user=0.01 sys=0.01, real=0.00 secs] 
2229.145: [GC (Allocation Failure) [PSYoungGen: 80704K->1312K(80384K)] 520940K->441548K(598528K), 0.0021146 secs] [Times: user=0.01 sys=0.00, real=0.00 secs] 
2229.510: [GC (Allocation Failure) [PSYoungGen: 80160K->1328K(79872K)] 520396K->441564K(598016K), 0.0021277 secs] [Times: user=0.00 sys=0.00, real=0.01 secs] 
2229.771: [GC (Allocation Failure) [PSYoungGen: 79664K->1421K(79360K)] 519900K->441657K(597504K), 0.0017109 secs] [Times: user=0.00 sys=0.00, real=0.00 secs] 
2229.909: [GC (Allocation Failure) [PSYoungGen: 79245K->1485K(78848K)] 519481K->441721K(596992K), 0.0017892 secs] [Times: user=0.01 sys=0.00, real=0.01 secs] 
2230.045: [GC (Allocation Failure) [PSYoungGen: 78797K->1453K(78336K)] 519033K->441689K(596480K), 0.0016817 secs] [Times: user=0.00 sys=0.00, real=0.00 secs] 
2230.332: [GC (Allocation Failure) [PSYoungGen: 78253K->1392K(77824K)] 518489K->441628K(595968K), 0.0020711 secs] [Times: user=0.00 sys=0.00, real=0.00 secs] 
2230.927: [GC (Allocation Failure) [PSYoungGen: 77680K->1328K(77312K)] 517916K->441564K(595456K), 0.0041350 secs] [Times: user=0.02 sys=0.00, real=0.01 secs] 
2231.572: [GC (Allocation Failure) [PSYoungGen: 77104K->1344K(76800K)] 517340K->441580K(594944K), 0.0034184 secs] [Times: user=0.02 sys=0.00, real=0.00 secs] 
2232.415: [GC (Allocation Failure) [PSYoungGen: 76608K->1360K(76288K)] 516844K->441596K(594432K), 0.0029500 secs] [Times: user=0.01 sys=0.00, real=0.00 secs] 
2232.691: [GC (Allocation Failure) [PSYoungGen: 76112K->1421K(75776K)] 516348K->441657K(593920K), 0.0020241 secs] [Times: user=0.01 sys=0.00, real=0.00 secs] 
2232.824: [GC (Allocation Failure) [PSYoungGen: 75661K->1421K(75264K)] 515897K->441657K(593408K), 0.0016601 secs] [Times: user=0.01 sys=0.00, real=0.00 secs] 
2232.953: [GC (Allocation Failure) [PSYoungGen: 75149K->1453K(74752K)] 515385K->441689K(592896K), 0.0016952 secs] [Times: user=0.00 sys=0.00, real=0.00 secs] 
2233.511: [GC (Allocation Failure) [PSYoungGen: 74669K->1440K(74240K)] 514905K->441676K(592384K), 0.0021940 secs] [Times: user=0.01 sys=0.00, real=0.00 secs] 
2234.249: [GC (Allocation Failure) [PSYoungGen: 74144K->1376K(73728K)] 514380K->441612K(591872K), 0.0030694 secs] [Times: user=0.01 sys=0.01, real=0.01 secs] 
2234.591: [GC (Allocation Failure) [PSYoungGen: 73568K->1344K(73216K)] 513804K->441580K(591360K), 0.0022908 secs] [Times: user=0.01 sys=0.00, real=0.00 secs] 
2235.112: [GC (Allocation Failure) [PSYoungGen: 73024K->1344K(72704K)] 513260K->441580K(590848K), 0.0022045 secs] [Times: user=0.00 sys=0.00, real=0.00 secs] 
2235.489: [GC (Allocation Failure) [PSYoungGen: 72512K->1485K(72192K)] 512748K->441721K(590336K), 0.0019580 secs] [Times: user=0.01 sys=0.00, real=0.01 secs] 
2235.617: [GC (Allocation Failure) [PSYoungGen: 72141K->464K(70656K)] 512377K->441724K(588800K), 0.0017585 secs] [Times: user=0.00 sys=0.00, real=0.00 secs] 
2235.740: [GC (Allocation Failure) [PSYoungGen: 70608K->493K(71680K)] 511868K->441753K(589824K), 0.0016088 secs] [Times: user=0.00 sys=0.00, real=0.01 secs] 
2235.863: [GC (Allocation Failure) [PSYoungGen: 70125K->461K(72192K)] 511385K->441721K(590336K), 0.0016365 secs] [Times: user=0.00 sys=0.00, real=0.00 secs] 
2236.480: [GC (Allocation Failure) [PSYoungGen: 70605K->1440K(71168K)] 511865K->442700K(589312K), 0.0021283 secs] [Times: user=0.01 sys=0.01, real=0.01 secs] 
2237.080: [GC (Allocation Failure) [PSYoungGen: 71072K->1408K(70656K)] 512332K->442668K(588800K), 0.0044633 secs] [Times: user=0.02 sys=0.00, real=0.01 secs] 
2237.408: [GC (Allocation Failure) [PSYoungGen: 70528K->1376K(70144K)] 511788K->442636K(588288K), 0.0023236 secs] [Times: user=0.01 sys=0.00, real=0.00 secs] 
2237.687: [GC (Allocation Failure) [PSYoungGen: 69984K->1376K(69632K)] 511244K->442636K(587776K), 0.0019225 secs] [Times: user=0.01 sys=0.00, real=0.00 secs] 
2237.867: [GC (Allocation Failure) [PSYoungGen: 69472K->1501K(69120K)] 510732K->442761K(587264K), 0.0018467 secs] [Times: user=0.01 sys=0.00, real=0.00 secs] 
2237.987: [GC (Allocation Failure) [PSYoungGen: 69085K->1469K(68608K)] 510345K->442729K(586752K), 0.0018820 secs] [Times: user=0.01 sys=0.00, real=0.00 secs] 
2238.106: [GC (Allocation Failure) [PSYoungGen: 68516K->1469K(69120K)] 509777K->442729K(587264K), 0.0017620 secs] [Times: user=0.01 sys=0.00, real=0.00 secs] 
2238.224: [GC (Allocation Failure) [PSYoungGen: 68541K->1517K(75264K)] 509801K->442785K(593408K), 0.0016747 secs] [Times: user=0.00 sys=0.00, real=0.00 secs] 
2239.089: [GC (Allocation Failure) [PSYoungGen: 74733K->1376K(74240K)] 516001K->442644K(592384K), 0.0032921 secs] [Times: user=0.02 sys=0.00, real=0.01 secs] 
2239.694: [GC (Allocation Failure) [PSYoungGen: 74080K->1344K(73728K)] 515348K->442628K(591872K), 0.0029687 secs] [Times: user=0.02 sys=0.00, real=0.00 secs] 
2240.155: [GC (Allocation Failure) [PSYoungGen: 73536K->1344K(73216K)] 514820K->442628K(591360K), 0.0023931 secs] [Times: user=0.00 sys=0.00, real=0.00 secs] 
2240.652: [GC (Allocation Failure) [PSYoungGen: 73024K->1469K(72704K)] 514308K->442753K(590848K), 0.0021996 secs] [Times: user=0.01 sys=0.00, real=0.00 secs] 
2240.813: [GC (Allocation Failure) [PSYoungGen: 72630K->1485K(72192K)] 513915K->442769K(590336K), 0.0016831 secs] [Times: user=0.00 sys=0.00, real=0.00 secs] 
2240.942: [GC (Allocation Failure) [PSYoungGen: 72141K->1421K(71680K)] 513425K->442705K(589824K), 0.0016253 secs] [Times: user=0.01 sys=0.00, real=0.00 secs] 
2241.085: [GC (Allocation Failure) [PSYoungGen: 71565K->1453K(71168K)] 512849K->442737K(589312K), 0.0019948 secs] [Times: user=0.00 sys=0.00, real=0.00 secs] 
2241.520: [GC (Allocation Failure) [PSYoungGen: 71085K->1392K(70656K)] 512369K->442676K(588800K), 0.0020927 secs] [Times: user=0.01 sys=0.00, real=0.01 secs] 
2242.280: [GC (Allocation Failure) [PSYoungGen: 70512K->1344K(70144K)] 511796K->442628K(588288K), 0.0036626 secs] [Times: user=0.01 sys=0.00, real=0.01 secs] 
2242.829: [GC (Allocation Failure) [PSYoungGen: 69952K->1376K(69632K)] 511236K->442660K(587776K), 0.0034101 secs] [Times: user=0.01 sys=0.00, real=0.01 secs] 
2243.491: [GC (Allocation Failure) [PSYoungGen: 69472K->1376K(69120K)] 510756K->442660K(587264K), 0.0033637 secs] [Times: user=0.01 sys=0.00, real=0.01 secs] 
2244.047: [GC (Allocation Failure) [PSYoungGen: 68960K->1485K(68608K)] 510244K->442769K(586752K), 0.0025570 secs] [Times: user=0.01 sys=0.00, real=0.00 secs] 
2244.273: [GC (Allocation Failure) [PSYoungGen: 68557K->1485K(68096K)] 509841K->442769K(586240K), 0.0022419 secs] [Times: user=0.01 sys=0.00, real=0.00 secs] 
2244.442: [GC (Allocation Failure) [PSYoungGen: 68045K->1549K(68096K)] 509329K->442833K(586240K), 0.0029840 secs] [Times: user=0.02 sys=0.00, real=0.00 secs] 
2244.630: [GC (Allocation Failure) [PSYoungGen: 67597K->1469K(68608K)] 508881K->442753K(586752K), 0.0023808 secs] [Times: user=0.01 sys=0.00, real=0.01 secs] 
2245.729: [GC (Allocation Failure) [PSYoungGen: 68029K->1392K(67584K)] 509313K->442676K(585728K), 0.0047599 secs] [Times: user=0.02 sys=0.00, real=0.01 secs] 
2246.538: [GC (Allocation Failure) [PSYoungGen: 67440K->1344K(67072K)] 508724K->442628K(585216K), 0.0040237 secs] [Times: user=0.02 sys=0.00, real=0.01 secs] 
2247.202: [GC (Allocation Failure) [PSYoungGen: 66880K->1344K(66560K)] 508164K->442628K(584704K), 0.0028299 secs] [Times: user=0.01 sys=0.01, real=0.00 secs] 
2247.808: [GC (Allocation Failure) [PSYoungGen: 66368K->1376K(66048K)] 507652K->442660K(584192K), 0.0030628 secs] [Times: user=0.02 sys=0.00, real=0.01 secs] 
2248.367: [GC (Allocation Failure) [PSYoungGen: 65888K->1405K(65536K)] 507172K->442689K(583680K), 0.0027893 secs] [Times: user=0.01 sys=0.00, real=0.00 secs] 
2248.543: [GC (Allocation Failure) [PSYoungGen: 65405K->1453K(65024K)] 506689K->442737K(583168K), 0.0016828 secs] [Times: user=0.00 sys=0.00, real=0.00 secs] 
2248.655: [GC (Allocation Failure) [PSYoungGen: 64941K->1485K(64512K)] 506225K->442769K(582656K), 0.0016434 secs] [Times: user=0.00 sys=0.00, real=0.00 secs] 
2248.767: [GC (Allocation Failure) [PSYoungGen: 64461K->1469K(70144K)] 505745K->442761K(588288K), 0.0015603 secs] [Times: user=0.00 sys=0.00, real=0.00 secs] 
2248.954: [GC (Allocation Failure) [PSYoungGen: 69565K->1920K(70656K)] 510857K->443212K(588800K), 0.0019502 secs] [Times: user=0.00 sys=0.00, real=0.00 secs] 
2249.510: [GC (Allocation Failure) [PSYoungGen: 70528K->1344K(69632K)] 511820K->442636K(587776K), 0.0019780 secs] [Times: user=0.01 sys=0.00, real=0.01 secs] 
2250.087: [GC (Allocation Failure) [PSYoungGen: 69440K->1408K(69120K)] 510732K->442700K(587264K), 0.0039235 secs] [Times: user=0.01 sys=0.00, real=0.00 secs] 
2250.687: [GC (Allocation Failure) [PSYoungGen: 68992K->1344K(68608K)] 510284K->442636K(586752K), 0.0030747 secs] [Times: user=0.01 sys=0.00, real=0.00 secs] 
2251.230: [GC (Allocation Failure) [PSYoungGen: 68416K->1376K(68096K)] 509708K->442684K(586240K), 0.0025697 secs] [Times: user=0.00 sys=0.00, real=0.01 secs] 
2251.435: [GC (Allocation Failure) [PSYoungGen: 67936K->1405K(67584K)] 509244K->442713K(585728K), 0.0017014 secs] [Times: user=0.01 sys=0.00, real=0.00 secs] 
2251.571: [GC (Allocation Failure) [PSYoungGen: 67453K->1501K(67072K)] 508761K->442809K(585216K), 0.0018960 secs] [Times: user=0.01 sys=0.00, real=0.00 secs] 
2251.719: [GC (Allocation Failure) [PSYoungGen: 67037K->1453K(66560K)] 508345K->442769K(584704K), 0.0019268 secs] [Times: user=0.01 sys=0.00, real=0.01 secs] 
2251.902: [GC (Allocation Failure) [PSYoungGen: 66477K->1584K(66560K)] 507793K->442900K(584704K), 0.0019776 secs] [Times: user=0.01 sys=0.00, real=0.00 secs] 
2252.970: [GC (Allocation Failure) [PSYoungGen: 66096K->1392K(65536K)] 507412K->442708K(583680K), 0.0048009 secs] [Times: user=0.02 sys=0.00, real=0.01 secs] 
2254.135: [GC (Allocation Failure) [PSYoungGen: 65392K->1328K(65024K)] 506708K->442644K(583168K), 0.0050101 secs] [Times: user=0.02 sys=0.00, real=0.00 secs] 
2254.998: [GC (Allocation Failure) [PSYoungGen: 64816K->1408K(64512K)] 506132K->442724K(582656K), 0.0031261 secs] [Times: user=0.01 sys=0.01, real=0.01 secs] 
2255.358: [GC (Allocation Failure) [PSYoungGen: 64384K->1360K(64000K)] 505700K->442676K(582144K), 0.0020569 secs] [Times: user=0.01 sys=0.00, real=0.00 secs] 
2255.547: [GC (Allocation Failure) [PSYoungGen: 63824K->1453K(63488K)] 505140K->442769K(581632K), 0.0017405 secs] [Times: user=0.00 sys=0.00, real=0.00 secs] 
2255.658: [GC (Allocation Failure) [PSYoungGen: 63405K->1501K(62976K)] 504721K->442817K(581120K), 0.0016895 secs] [Times: user=0.01 sys=0.00, real=0.00 secs] 
2255.767: [GC (Allocation Failure) [PSYoungGen: 62941K->1501K(64000K)] 504257K->442825K(582144K), 0.0016144 secs] [Times: user=0.01 sys=0.00, real=0.00 secs] 
2255.876: [GC (Allocation Failure) [PSYoungGen: 63453K->1424K(69120K)] 504777K->442748K(587264K), 0.0015654 secs] [Times: user=0.01 sys=0.00, real=0.00 secs] 
2256.412: [GC (Allocation Failure) [PSYoungGen: 68496K->1392K(68096K)] 509820K->442716K(586240K), 0.0019727 secs] [Times: user=0.01 sys=0.00, real=0.00 secs] 
2257.087: [GC (Allocation Failure) [PSYoungGen: 67952K->1376K(67584K)] 509276K->442700K(585728K), 0.0030323 secs] [Times: user=0.01 sys=0.00, real=0.00 secs] 
2257.627: [GC (Allocation Failure) [PSYoungGen: 67424K->1344K(67072K)] 508748K->442668K(585216K), 0.0030478 secs] [Times: user=0.01 sys=0.00, real=0.00 secs] 
2258.231: [GC (Allocation Failure) [PSYoungGen: 66880K->1376K(66560K)] 508204K->442700K(584704K), 0.0024747 secs] [Times: user=0.01 sys=0.00, real=0.00 secs] 
2258.563: [GC (Allocation Failure) [PSYoungGen: 66400K->1469K(66048K)] 507724K->442793K(584192K), 0.0020423 secs] [Times: user=0.01 sys=0.00, real=0.00 secs] 
2258.717: [GC (Allocation Failure) [PSYoungGen: 65981K->1453K(65536K)] 507305K->442777K(583680K), 0.0020096 secs] [Times: user=0.00 sys=0.00, real=0.00 secs] 
2258.876: [GC (Allocation Failure) [PSYoungGen: 65424K->1517K(65024K)] 506748K->442849K(583168K), 0.0023872 secs] [Times: user=0.01 sys=0.00, real=0.00 secs] 
2259.033: [GC (Allocation Failure) [PSYoungGen: 65005K->1469K(64512K)] 506337K->442801K(582656K), 0.0017124 secs] [Times: user=0.01 sys=0.00, real=0.00 secs] 
2259.214: [GC (Allocation Failure) [PSYoungGen: 64445K->1424K(65024K)] 505777K->442756K(583168K), 0.0020961 secs] [Times: user=0.00 sys=0.01, real=0.00 secs] 
2259.566: [GC (Allocation Failure) [PSYoungGen: 64400K->1376K(64000K)] 505732K->442716K(582144K), 0.0021337 secs] [Times: user=0.01 sys=0.00, real=0.00 secs] 
2259.830: [GC (Allocation Failure) [PSYoungGen: 63840K->1376K(63488K)] 505180K->442716K(581632K), 0.0022235 secs] [Times: user=0.01 sys=0.00, real=0.01 secs] 
2260.161: [GC (Allocation Failure) [PSYoungGen: 63328K->1376K(62976K)] 504668K->442716K(581120K), 0.0019432 secs] [Times: user=0.01 sys=0.00, real=0.00 secs] 
2260.656: [GC (Allocation Failure) [PSYoungGen: 62816K->1344K(62464K)] 504156K->442684K(580608K), 0.0024536 secs] [Times: user=0.01 sys=0.00, real=0.00 secs] 
2260.977: [GC (Allocation Failure) [PSYoungGen: 62272K->1421K(61952K)] 503612K->442761K(580096K), 0.0019440 secs] [Times: user=0.01 sys=0.00, real=0.00 secs] 
2261.088: [GC (Allocation Failure) [PSYoungGen: 61837K->1536K(61952K)] 503177K->442876K(580096K), 0.0020440 secs] [Times: user=0.00 sys=0.00, real=0.00 secs] 
2261.194: [GC (Allocation Failure) [PSYoungGen: 61440K->445K(66560K)] 502780K->442817K(584704K), 0.0015565 secs] [Times: user=0.00 sys=0.00, real=0.00 secs] 
2261.313: [GC (Allocation Failure) [PSYoungGen: 65981K->477K(67584K)] 508353K->442849K(585728K), 0.0036257 secs] [Times: user=0.02 sys=0.00, real=0.00 secs] 
2261.896: [GC (Allocation Failure) [PSYoungGen: 66013K->1392K(73728K)] 508385K->443764K(591872K), 0.0026499 secs] [Times: user=0.00 sys=0.01, real=0.00 secs] 
2263.112: [GC (Allocation Failure) [PSYoungGen: 73584K->1376K(74240K)] 515956K->443748K(592384K), 0.0031619 secs] [Times: user=0.01 sys=0.00, real=0.00 secs] 
2264.100: [GC (Allocation Failure) [PSYoungGen: 73568K->1392K(73216K)] 515940K->443764K(591360K), 0.0046981 secs] [Times: user=0.02 sys=0.00, real=0.01 secs] 
2264.858: [GC (Allocation Failure) [PSYoungGen: 73072K->1344K(72704K)] 515444K->443716K(590848K), 0.0035628 secs] [Times: user=0.01 sys=0.00, real=0.01 secs] 
2265.453: [GC (Allocation Failure) [PSYoungGen: 72512K->1485K(72192K)] 514884K->443857K(590336K), 0.0022809 secs] [Times: user=0.00 sys=0.00, real=0.00 secs] 
2265.611: [GC (Allocation Failure) [PSYoungGen: 72141K->1501K(71680K)] 514513K->443873K(589824K), 0.0018543 secs] [Times: user=0.00 sys=0.00, real=0.00 secs] 
2265.734: [GC (Allocation Failure) [PSYoungGen: 71645K->1453K(78336K)] 514017K->443833K(596480K), 0.0035925 secs] [Times: user=0.02 sys=0.00, real=0.00 secs] 
2265.872: [GC (Allocation Failure) [PSYoungGen: 78253K->1453K(78848K)] 520633K->443833K(596992K), 0.0017019 secs] [Times: user=0.01 sys=0.00, real=0.00 secs] 
2266.821: [GC (Allocation Failure) [PSYoungGen: 78253K->1488K(85504K)] 520633K->443868K(603648K), 0.0053673 secs] [Times: user=0.01 sys=0.02, real=0.00 secs] 
2267.661: [GC (Allocation Failure) [PSYoungGen: 85456K->1392K(84992K)] 527836K->443772K(603136K), 0.0024366 secs] [Times: user=0.01 sys=0.00, real=0.00 secs] 
2268.321: [GC (Allocation Failure) [PSYoungGen: 84848K->1392K(84480K)] 527228K->443772K(602624K), 0.0024464 secs] [Times: user=0.01 sys=0.00, real=0.01 secs] 
2268.771: [GC (Allocation Failure) [PSYoungGen: 84315K->1453K(83968K)] 526695K->443833K(602112K), 0.0018004 secs] [Times: user=0.01 sys=0.00, real=0.00 secs] 
2268.919: [GC (Allocation Failure) [PSYoungGen: 83885K->1517K(83456K)] 526265K->443897K(601600K), 0.0018483 secs] [Times: user=0.01 sys=0.00, real=0.00 secs] 
2269.065: [GC (Allocation Failure) [PSYoungGen: 83437K->1485K(82944K)] 525817K->443865K(601088K), 0.0017163 secs] [Times: user=0.01 sys=0.00, real=0.00 secs] 
2269.616: [GC (Allocation Failure) [PSYoungGen: 82893K->1440K(82432K)] 525273K->443820K(600576K), 0.0023265 secs] [Times: user=0.01 sys=0.00, real=0.00 secs] 
2270.333: [GC (Allocation Failure) [PSYoungGen: 82336K->1392K(81920K)] 524716K->443772K(600064K), 0.0031583 secs] [Times: user=0.01 sys=0.00, real=0.00 secs] 
2271.263: [GC (Allocation Failure) [PSYoungGen: 81776K->1392K(81408K)] 524156K->443772K(599552K), 0.0049320 secs] [Times: user=0.02 sys=0.00, real=0.00 secs] 
2272.138: [GC (Allocation Failure) [PSYoungGen: 81264K->1360K(80896K)] 523644K->443740K(599040K), 0.0032660 secs] [Times: user=0.02 sys=0.00, real=0.01 secs] 
2272.495: [GC (Allocation Failure) [PSYoungGen: 80720K->1517K(80384K)] 523100K->443905K(598528K), 0.0020644 secs] [Times: user=0.01 sys=0.00, real=0.00 secs] 
2272.638: [GC (Allocation Failure) [PSYoungGen: 80365K->1520K(79872K)] 522753K->443908K(598016K), 0.0016641 secs] [Times: user=0.00 sys=0.00, real=0.00 secs] 
2272.800: [GC (Allocation Failure) [PSYoungGen: 79856K->1488K(79360K)] 522244K->443876K(597504K), 0.0019809 secs] [Times: user=0.00 sys=0.00, real=0.01 secs] 
2273.218: [GC (Allocation Failure) [PSYoungGen: 79312K->1440K(78848K)] 521700K->443828K(596992K), 0.0022036 secs] [Times: user=0.01 sys=0.00, real=0.00 secs] 
2273.551: [GC (Allocation Failure) [PSYoungGen: 78752K->1392K(78336K)] 521140K->443780K(596480K), 0.0020337 secs] [Times: user=0.00 sys=0.00, real=0.00 secs] 
2274.089: [GC (Allocation Failure) [PSYoungGen: 78192K->1408K(77824K)] 520580K->443820K(595968K), 0.0030712 secs] [Times: user=0.02 sys=0.00, real=0.01 secs] 
2274.703: [GC (Allocation Failure) [PSYoungGen: 77696K->1376K(77312K)] 520108K->443788K(595456K), 0.0027974 secs] [Times: user=0.01 sys=0.00, real=0.00 secs] 
2274.975: [GC (Allocation Failure) [PSYoungGen: 77152K->1517K(76800K)] 519564K->443929K(594944K), 0.0016680 secs] [Times: user=0.01 sys=0.00, real=0.00 secs] 
2275.107: [GC (Allocation Failure) [PSYoungGen: 76781K->1485K(76288K)] 519193K->443897K(594432K), 0.0016947 secs] [Times: user=0.01 sys=0.00, real=0.00 secs] 
2275.240: [GC (Allocation Failure) [PSYoungGen: 76237K->1517K(75776K)] 518649K->443929K(593920K), 0.0017599 secs] [Times: user=0.01 sys=0.00, real=0.01 secs] 
2275.708: [GC (Allocation Failure) [PSYoungGen: 75757K->1424K(75264K)] 518169K->443836K(593408K), 0.0019497 secs] [Times: user=0.01 sys=0.00, real=0.00 secs] 
2276.015: [GC (Allocation Failure) [PSYoungGen: 75152K->1408K(74752K)] 517564K->443820K(592896K), 0.0020698 secs] [Times: user=0.00 sys=0.00, real=0.00 secs] 
2276.363: [GC (Allocation Failure) [PSYoungGen: 74624K->1408K(74240K)] 517036K->443820K(592384K), 0.0027002 secs] [Times: user=0.01 sys=0.00, real=0.00 secs] 
2276.922: [GC (Allocation Failure) [PSYoungGen: 74112K->1408K(73728K)] 516524K->443820K(591872K), 0.0025848 secs] [Times: user=0.01 sys=0.00, real=0.00 secs] 
2277.326: [GC (Allocation Failure) [PSYoungGen: 73600K->1488K(73216K)] 516012K->443900K(591360K), 0.0024270 secs] [Times: user=0.01 sys=0.00, real=0.00 secs] 
2277.480: [GC (Allocation Failure) [PSYoungGen: 73168K->1453K(72704K)] 515580K->443865K(590848K), 0.0017282 secs] [Times: user=0.01 sys=0.00, real=0.01 secs] 
2277.609: [GC (Allocation Failure) [PSYoungGen: 72621K->1485K(72192K)] 515033K->443897K(590336K), 0.0015737 secs] [Times: user=0.01 sys=0.00, real=0.00 secs] 
2277.807: [GC (Allocation Failure) [PSYoungGen: 72141K->1680K(72192K)] 514553K->444092K(590336K), 0.0019137 secs] [Times: user=0.01 sys=0.01, real=0.00 secs] 
2278.393: [GC (Allocation Failure) [PSYoungGen: 71824K->1376K(71168K)] 514236K->443796K(589312K), 0.0028726 secs] [Times: user=0.01 sys=0.00, real=0.00 secs] 
2279.029: [GC (Allocation Failure) [PSYoungGen: 71008K->1344K(70656K)] 513428K->443764K(588800K), 0.0033976 secs] [Times: user=0.01 sys=0.00, real=0.01 secs] 
2279.575: [GC (Allocation Failure) [PSYoungGen: 70464K->1408K(70144K)] 512884K->443828K(588288K), 0.0034562 secs] [Times: user=0.01 sys=0.00, real=0.00 secs] 
2280.131: [GC (Allocation Failure) [PSYoungGen: 70016K->1469K(69632K)] 512436K->443913K(587776K), 0.0028472 secs] [Times: user=0.01 sys=0.00, real=0.01 secs] 
2280.311: [GC (Allocation Failure) [PSYoungGen: 69565K->1405K(69120K)] 512009K->443849K(587264K), 0.0015988 secs] [Times: user=0.01 sys=0.00, real=0.00 secs] 
2280.431: [GC (Allocation Failure) [PSYoungGen: 68989K->1421K(68608K)] 511433K->443865K(586752K), 0.0016900 secs] [Times: user=0.01 sys=0.00, real=0.01 secs] 
2280.549: [GC (Allocation Failure) [PSYoungGen: 68477K->1421K(68096K)] 510921K->443865K(586240K), 0.0016039 secs] [Times: user=0.01 sys=0.00, real=0.00 secs] 
2280.718: [GC (Allocation Failure) [PSYoungGen: 67981K->1408K(69120K)] 510425K->443852K(587264K), 0.0019311 secs] [Times: user=0.01 sys=0.00, real=0.00 secs] 
2280.997: [GC (Allocation Failure) [PSYoungGen: 68480K->1344K(68096K)] 510924K->443788K(586240K), 0.0016930 secs] [Times: user=0.01 sys=0.00, real=0.00 secs] 
2281.273: [GC (Allocation Failure) [PSYoungGen: 67904K->1376K(67584K)] 510348K->443820K(585728K), 0.0018202 secs] [Times: user=0.01 sys=0.00, real=0.00 secs] 
2281.547: [GC (Allocation Failure) [PSYoungGen: 67424K->1376K(67072K)] 509868K->443820K(585216K), 0.0016830 secs] [Times: user=0.00 sys=0.00, real=0.00 secs] 
2281.879: [GC (Allocation Failure) [PSYoungGen: 66912K->1424K(66560K)] 509356K->443868K(584704K), 0.0016061 secs] [Times: user=0.00 sys=0.00, real=0.00 secs] 
2282.047: [GC (Allocation Failure) [PSYoungGen: 66448K->1456K(66048K)] 508892K->443900K(584192K), 0.0017393 secs] [Times: user=0.00 sys=0.00, real=0.00 secs] 
2282.161: [GC (Allocation Failure) [PSYoungGen: 65968K->1421K(65536K)] 508412K->443865K(583680K), 0.0017541 secs] [Times: user=0.01 sys=0.01, real=0.01 secs] 
2282.275: [GC (Allocation Failure) [PSYoungGen: 65421K->1501K(70656K)] 507865K->443953K(588800K), 0.0015926 secs] [Times: user=0.00 sys=0.00, real=0.00 secs] 
2282.401: [GC (Allocation Failure) [PSYoungGen: 70524K->256K(71168K)] 512977K->442708K(589312K), 0.0017934 secs] [Times: user=0.01 sys=0.00, real=0.00 secs] 
2283.252: [GC (Allocation Failure) [PSYoungGen: 69376K->1408K(70144K)] 511828K->443860K(588288K), 0.0037855 secs] [Times: user=0.01 sys=0.00, real=0.00 secs] 
2283.799: [GC (Allocation Failure) [PSYoungGen: 70016K->1408K(69632K)] 512468K->443860K(587776K), 0.0033362 secs] [Times: user=0.02 sys=0.00, real=0.01 secs] 
2284.336: [GC (Allocation Failure) [PSYoungGen: 69504K->1376K(69120K)] 511956K->443828K(587264K), 0.0024032 secs] [Times: user=0.01 sys=0.00, real=0.00 secs] 
2284.889: [GC (Allocation Failure) [PSYoungGen: 68960K->1376K(68608K)] 511412K->443828K(586752K), 0.0029509 secs] [Times: user=0.01 sys=0.00, real=0.01 secs] 
2285.185: [GC (Allocation Failure) [PSYoungGen: 68448K->1469K(68096K)] 510900K->443921K(586240K), 0.0020746 secs] [Times: user=0.01 sys=0.00, real=0.00 secs] 
2285.306: [GC (Allocation Failure) [PSYoungGen: 68029K->1485K(67584K)] 510481K->443937K(585728K), 0.0016907 secs] [Times: user=0.01 sys=0.00, real=0.00 secs] 
2285.423: [GC (Allocation Failure) [PSYoungGen: 67533K->1501K(67072K)] 509985K->443961K(585216K), 0.0015687 secs] [Times: user=0.00 sys=0.00, real=0.00 secs] 
2285.540: [GC (Allocation Failure) [PSYoungGen: 67037K->336K(72192K)] 509497K->442796K(590336K), 0.0016746 secs] [Times: user=0.01 sys=0.00, real=0.01 secs] 
2286.859: [GC (Allocation Failure) [PSYoungGen: 72016K->1376K(72704K)] 514476K->443836K(590848K), 0.0022965 secs] [Times: user=0.00 sys=0.00, real=0.01 secs] 
2287.235: [GC (Allocation Failure) [PSYoungGen: 72544K->1376K(72192K)] 515004K->443836K(590336K), 0.0022794 secs] [Times: user=0.01 sys=0.00, real=0.00 secs] 
2287.893: [GC (Allocation Failure) [PSYoungGen: 72032K->1344K(71680K)] 514492K->443804K(589824K), 0.0021451 secs] [Times: user=0.01 sys=0.00, real=0.00 secs] 
2288.612: [GC (Allocation Failure) [PSYoungGen: 71488K->1405K(71168K)] 513948K->443865K(589312K), 0.0022747 secs] [Times: user=0.01 sys=0.01, real=0.00 secs] 
2288.775: [GC (Allocation Failure) [PSYoungGen: 71037K->1453K(70656K)] 513497K->443913K(588800K), 0.0016448 secs] [Times: user=0.00 sys=0.00, real=0.00 secs] 
2288.898: [GC (Allocation Failure) [PSYoungGen: 70573K->1453K(70144K)] 513033K->443913K(588288K), 0.0016509 secs] [Times: user=0.00 sys=0.00, real=0.00 secs] 
2289.019: [GC (Allocation Failure) [PSYoungGen: 70038K->1501K(69632K)] 512499K->443969K(587776K), 0.0016629 secs] [Times: user=0.01 sys=0.00, real=0.00 secs] 
2289.506: [GC (Allocation Failure) [PSYoungGen: 69597K->1472K(69120K)] 512065K->443940K(587264K), 0.0021235 secs] [Times: user=0.01 sys=0.00, real=0.00 secs] 
2290.182: [GC (Allocation Failure) [PSYoungGen: 69056K->1408K(68608K)] 511524K->443876K(586752K), 0.0021093 secs] [Times: user=0.01 sys=0.00, real=0.00 secs] 
2290.825: [GC (Allocation Failure) [PSYoungGen: 68480K->1376K(68096K)] 510948K->443860K(586240K), 0.0023205 secs] [Times: user=0.01 sys=0.00, real=0.00 secs] 
2291.681: [GC (Allocation Failure) [PSYoungGen: 67936K->1376K(67584K)] 510420K->443860K(585728K), 0.0023766 secs] [Times: user=0.01 sys=0.00, real=0.00 secs] 
2292.530: [GC (Allocation Failure) [PSYoungGen: 67424K->1456K(67072K)] 509908K->443940K(585216K), 0.0023050 secs] [Times: user=0.01 sys=0.00, real=0.01 secs] 
2292.680: [GC (Allocation Failure) [PSYoungGen: 66992K->1501K(66560K)] 509476K->443985K(584704K), 0.0017856 secs] [Times: user=0.01 sys=0.00, real=0.01 secs] 
2292.795: [GC (Allocation Failure) [PSYoungGen: 66525K->1453K(66048K)] 509009K->443937K(584192K), 0.0018070 secs] [Times: user=0.01 sys=0.00, real=0.00 secs] 
2292.910: [GC (Allocation Failure) [PSYoungGen: 65937K->1437K(66560K)] 508421K->443921K(584704K), 0.0016735 secs] [Times: user=0.00 sys=0.00, real=0.01 secs] 
2293.108: [GC (Allocation Failure) [PSYoungGen: 65949K->1664K(66560K)] 508433K->444148K(584704K), 0.0019683 secs] [Times: user=0.01 sys=0.00, real=0.00 secs] 
2293.466: [GC (Allocation Failure) [PSYoungGen: 66176K->1328K(65536K)] 508660K->443812K(583680K), 0.0021969 secs] [Times: user=0.01 sys=0.00, real=0.00 secs] 
2293.735: [GC (Allocation Failure) [PSYoungGen: 65328K->1376K(65024K)] 507812K->443868K(583168K), 0.0020511 secs] [Times: user=0.01 sys=0.00, real=0.00 secs] 
2293.999: [GC (Allocation Failure) [PSYoungGen: 64864K->1360K(64512K)] 507356K->443852K(582656K), 0.0017633 secs] [Times: user=0.01 sys=0.00, real=0.00 secs] 
2294.307: [GC (Allocation Failure) [PSYoungGen: 64336K->1376K(64000K)] 506828K->443868K(582144K), 0.0021348 secs] [Times: user=0.01 sys=0.00, real=0.00 secs] 
2294.525: [GC (Allocation Failure) [PSYoungGen: 63840K->1453K(63488K)] 506332K->443945K(581632K), 0.0017215 secs] [Times: user=0.01 sys=0.00, real=0.00 secs] 
2294.637: [GC (Allocation Failure) [PSYoungGen: 63405K->1501K(62976K)] 505897K->443993K(581120K), 0.0016803 secs] [Times: user=0.01 sys=0.00, real=0.00 secs] 
2294.747: [GC (Allocation Failure) [PSYoungGen: 62941K->1485K(68608K)] 505433K->443985K(586752K), 0.0016241 secs] [Times: user=0.01 sys=0.00, real=0.00 secs] 
2294.867: [GC (Allocation Failure) [PSYoungGen: 68533K->1453K(69120K)] 511034K->443953K(587264K), 0.0016963 secs] [Times: user=0.01 sys=0.00, real=0.00 secs] 
2296.057: [GC (Allocation Failure) [PSYoungGen: 68525K->1456K(68096K)] 511025K->443964K(586240K), 0.0027647 secs] [Times: user=0.01 sys=0.00, real=0.00 secs] 
2297.350: [GC (Allocation Failure) [PSYoungGen: 68016K->1376K(67584K)] 510524K->443884K(585728K), 0.0031470 secs] [Times: user=0.01 sys=0.00, real=0.01 secs] 
2297.939: [GC (Allocation Failure) [PSYoungGen: 67424K->1376K(67072K)] 509932K->443884K(585216K), 0.0026311 secs] [Times: user=0.01 sys=0.00, real=0.01 secs] 
2298.656: [GC (Allocation Failure) [PSYoungGen: 66912K->1408K(66560K)] 509420K->443916K(584704K), 0.0031944 secs] [Times: user=0.01 sys=0.00, real=0.00 secs] 
2299.348: [GC (Allocation Failure) [PSYoungGen: 66432K->1501K(66048K)] 508940K->444009K(584192K), 0.0023878 secs] [Times: user=0.00 sys=0.00, real=0.00 secs] 
2299.496: [GC (Allocation Failure) [PSYoungGen: 66013K->1517K(65536K)] 508521K->444025K(583680K), 0.0016700 secs] [Times: user=0.01 sys=0.00, real=0.00 secs] 
2299.612: [GC (Allocation Failure) [PSYoungGen: 65517K->1453K(65024K)] 508025K->443969K(583168K), 0.0017425 secs] [Times: user=0.00 sys=0.00, real=0.00 secs] 
2299.725: [GC (Allocation Failure) [PSYoungGen: 64941K->1469K(70656K)] 507457K->443985K(588800K), 0.0017846 secs] [Times: user=0.00 sys=0.00, real=0.00 secs] 
2300.165: [GC (Allocation Failure) [PSYoungGen: 70589K->1424K(70144K)] 513105K->443940K(588288K), 0.0019754 secs] [Times: user=0.01 sys=0.00, real=0.00 secs] 
2301.150: [GC (Allocation Failure) [PSYoungGen: 70032K->1408K(69632K)] 512548K->443924K(587776K), 0.0022344 secs] [Times: user=0.01 sys=0.00, real=0.01 secs] 
2302.087: [GC (Allocation Failure) [PSYoungGen: 69504K->1376K(69120K)] 512020K->443900K(587264K), 0.0023103 secs] [Times: user=0.00 sys=0.00, real=0.00 secs] 
2303.143: [GC (Allocation Failure) [PSYoungGen: 68960K->1376K(68608K)] 511484K->443900K(586752K), 0.0022896 secs] [Times: user=0.01 sys=0.00, real=0.00 secs] 
2304.360: [GC (Allocation Failure) [PSYoungGen: 68448K->1469K(68096K)] 510972K->443993K(586240K), 0.0023846 secs] [Times: user=0.01 sys=0.00, real=0.01 secs] 
2304.556: [GC (Allocation Failure) [PSYoungGen: 68029K->1469K(67584K)] 510553K->443993K(585728K), 0.0025191 secs] [Times: user=0.01 sys=0.00, real=0.00 secs] 
2304.704: [GC (Allocation Failure) [PSYoungGen: 67517K->1485K(67072K)] 510041K->444009K(585216K), 0.0017158 secs] [Times: user=0.01 sys=0.00, real=0.00 secs] 
2304.836: [GC (Allocation Failure) [PSYoungGen: 66993K->1517K(66560K)] 509517K->444049K(584704K), 0.0021122 secs] [Times: user=0.01 sys=0.00, real=0.00 secs] 
2305.115: [GC (Allocation Failure) [PSYoungGen: 66541K->1440K(66048K)] 509073K->443972K(584192K), 0.0022534 secs] [Times: user=0.01 sys=0.00, real=0.00 secs] 
2305.675: [GC (Allocation Failure) [PSYoungGen: 65952K->1312K(65536K)] 508484K->443844K(583680K), 0.0031761 secs] [Times: user=0.01 sys=0.00, real=0.00 secs] 
2306.214: [GC (Allocation Failure) [PSYoungGen: 65312K->1408K(65024K)] 507844K->443940K(583168K), 0.0030208 secs] [Times: user=0.01 sys=0.00, real=0.00 secs] 
2306.717: [GC (Allocation Failure) [PSYoungGen: 64896K->1360K(64512K)] 507428K->443892K(582656K), 0.0028047 secs] [Times: user=0.01 sys=0.00, real=0.00 secs] 
2307.224: [GC (Allocation Failure) [PSYoungGen: 64336K->1408K(64000K)] 506868K->443940K(582144K), 0.0025057 secs] [Times: user=0.01 sys=0.00, real=0.00 secs] 
2307.461: [GC (Allocation Failure) [PSYoungGen: 63872K->1421K(63488K)] 506404K->443953K(581632K), 0.0019570 secs] [Times: user=0.01 sys=0.00, real=0.01 secs] 
2307.574: [GC (Allocation Failure) [PSYoungGen: 63373K->1437K(62976K)] 505905K->443969K(581120K), 0.0015686 secs] [Times: user=0.01 sys=0.00, real=0.00 secs] 
2307.683: [GC (Allocation Failure) [PSYoungGen: 62877K->1485K(64000K)] 505409K->444025K(582144K), 0.0016938 secs] [Times: user=0.01 sys=0.00, real=0.00 secs] 
2307.793: [GC (Allocation Failure) [PSYoungGen: 63423K->1488K(69120K)] 505964K->444028K(587264K), 0.0018460 secs] [Times: user=0.01 sys=0.00, real=0.00 secs] 
2308.055: [GC (Allocation Failure) [PSYoungGen: 68560K->1408K(69120K)] 511100K->443948K(587264K), 0.0020374 secs] [Times: user=0.01 sys=0.00, real=0.00 secs] 
2308.527: [GC (Allocation Failure) [PSYoungGen: 68480K->1344K(68096K)] 511020K->443884K(586240K), 0.0025661 secs] [Times: user=0.01 sys=0.00, real=0.00 secs] 
2309.128: [GC (Allocation Failure) [PSYoungGen: 67904K->1376K(67584K)] 510444K->443932K(585728K), 0.0028105 secs] [Times: user=0.01 sys=0.00, real=0.01 secs] 
2309.805: [GC (Allocation Failure) [PSYoungGen: 67424K->1392K(67072K)] 509980K->443948K(585216K), 0.0025654 secs] [Times: user=0.01 sys=0.00, real=0.00 secs] 
2310.249: [GC (Allocation Failure) [PSYoungGen: 66928K->1437K(66560K)] 509484K->443993K(584704K), 0.0021191 secs] [Times: user=0.01 sys=0.00, real=0.01 secs] 
2310.383: [GC (Allocation Failure) [PSYoungGen: 66461K->1488K(66048K)] 509017K->444044K(584192K), 0.0025960 secs] [Times: user=0.01 sys=0.00, real=0.00 secs] 
2310.515: [GC (Allocation Failure) [PSYoungGen: 66000K->1437K(72704K)] 508556K->444001K(590848K), 0.0019636 secs] [Times: user=0.01 sys=0.00, real=0.00 secs] 
2310.677: [GC (Allocation Failure) [PSYoungGen: 72093K->1485K(72704K)] 514657K->444049K(590848K), 0.0022231 secs] [Times: user=0.01 sys=0.00, real=0.00 secs] 
2311.892: [GC (Allocation Failure) [PSYoungGen: 72141K->1392K(71680K)] 514705K->443956K(589824K), 0.0056062 secs] [Times: user=0.02 sys=0.00, real=0.00 secs] 
2312.695: [GC (Allocation Failure) [PSYoungGen: 71536K->1376K(71168K)] 514100K->443940K(589312K), 0.0025419 secs] [Times: user=0.01 sys=0.00, real=0.00 secs] 
2313.284: [GC (Allocation Failure) [PSYoungGen: 71008K->1344K(70656K)] 513572K->443908K(588800K), 0.0028279 secs] [Times: user=0.01 sys=0.00, real=0.00 secs] 
2314.013: [GC (Allocation Failure) [PSYoungGen: 70464K->1376K(70144K)] 513028K->443940K(588288K), 0.0029713 secs] [Times: user=0.01 sys=0.00, real=0.00 secs] 
2314.559: [GC (Allocation Failure) [PSYoungGen: 69984K->1421K(69632K)] 512548K->443985K(587776K), 0.0023634 secs] [Times: user=0.00 sys=0.00, real=0.01 secs] 
2314.716: [GC (Allocation Failure) [PSYoungGen: 69517K->1437K(69120K)] 512081K->444001K(587264K), 0.0016455 secs] [Times: user=0.01 sys=0.00, real=0.00 secs] 
2314.836: [GC (Allocation Failure) [PSYoungGen: 69021K->1469K(68608K)] 511585K->444033K(586752K), 0.0017100 secs] [Times: user=0.01 sys=0.00, real=0.00 secs] 
2314.954: [GC (Allocation Failure) [PSYoungGen: 68541K->429K(69120K)] 511105K->444025K(587264K), 0.0016637 secs] [Times: user=0.00 sys=0.00, real=0.00 secs] 
2315.283: [GC (Allocation Failure) [PSYoungGen: 68525K->1440K(69120K)] 512121K->445036K(587264K), 0.0030543 secs] [Times: user=0.01 sys=0.00, real=0.00 secs] 
2315.565: [GC (Allocation Failure) [PSYoungGen: 69024K->1376K(68608K)] 512620K->444972K(586752K), 0.0019672 secs] [Times: user=0.01 sys=0.00, real=0.00 secs] 
2315.873: [GC (Allocation Failure) [PSYoungGen: 68448K->1360K(68096K)] 512044K->444956K(586240K), 0.0021347 secs] [Times: user=0.01 sys=0.00, real=0.00 secs] 
2316.150: [GC (Allocation Failure) [PSYoungGen: 67920K->1344K(67584K)] 511516K->444940K(585728K), 0.0021714 secs] [Times: user=0.01 sys=0.00, real=0.01 secs] 
2316.367: [GC (Allocation Failure) [PSYoungGen: 67392K->1504K(67072K)] 510988K->445100K(585216K), 0.0017316 secs] [Times: user=0.01 sys=0.00, real=0.00 secs] 
2316.483: [GC (Allocation Failure) [PSYoungGen: 67040K->1469K(66560K)] 510636K->445065K(584704K), 0.0016595 secs] [Times: user=0.00 sys=0.00, real=0.00 secs] 
2316.598: [GC (Allocation Failure) [PSYoungGen: 66493K->1501K(67072K)] 510089K->445097K(585216K), 0.0017759 secs] [Times: user=0.01 sys=0.00, real=0.00 secs] 
2316.713: [GC (Allocation Failure) [PSYoungGen: 66525K->1488K(73216K)] 510121K->445092K(591360K), 0.0017919 secs] [Times: user=0.01 sys=0.00, real=0.00 secs] 
2318.113: [GC (Allocation Failure) [PSYoungGen: 72656K->1424K(72192K)] 516260K->445028K(590336K), 0.0045853 secs] [Times: user=0.02 sys=0.00, real=0.00 secs] 
2318.949: [GC (Allocation Failure) [PSYoungGen: 72080K->1376K(71680K)] 515684K->444980K(589824K), 0.0030858 secs] [Times: user=0.02 sys=0.00, real=0.01 secs] 
2319.554: [GC (Allocation Failure) [PSYoungGen: 71520K->1376K(71168K)] 515124K->444980K(589312K), 0.0026773 secs] [Times: user=0.01 sys=0.00, real=0.00 secs] 
2320.230: [GC (Allocation Failure) [PSYoungGen: 71008K->1408K(70656K)] 514612K->445020K(588800K), 0.0028063 secs] [Times: user=0.01 sys=0.00, real=0.01 secs] 
2320.678: [GC (Allocation Failure) [PSYoungGen: 70528K->1501K(70144K)] 514140K->445113K(588288K), 0.0020867 secs] [Times: user=0.01 sys=0.00, real=0.00 secs] 
2320.814: [GC (Allocation Failure) [PSYoungGen: 70109K->1517K(69632K)] 513721K->445129K(587776K), 0.0018344 secs] [Times: user=0.01 sys=0.00, real=0.00 secs] 
2320.934: [GC (Allocation Failure) [PSYoungGen: 69613K->1501K(69120K)] 513225K->445113K(587264K), 0.0018057 secs] [Times: user=0.01 sys=0.00, real=0.00 secs] 
2321.056: [GC (Allocation Failure) [PSYoungGen: 69085K->1421K(69632K)] 512697K->445041K(587776K), 0.0016798 secs] [Times: user=0.00 sys=0.00, real=0.00 secs] 
2322.410: [GC (Allocation Failure) [PSYoungGen: 69005K->1408K(68608K)] 512625K->445028K(586752K), 0.0027109 secs] [Times: user=0.01 sys=0.00, real=0.01 secs] 
2323.324: [GC (Allocation Failure) [PSYoungGen: 68480K->1344K(68096K)] 512100K->444964K(586240K), 0.0033189 secs] [Times: user=0.01 sys=0.00, real=0.00 secs] 
2324.222: [GC (Allocation Failure) [PSYoungGen: 67904K->1376K(67584K)] 511524K->444996K(585728K), 0.0038869 secs] [Times: user=0.02 sys=0.00, real=0.00 secs] 
2325.294: [GC (Allocation Failure) [PSYoungGen: 67424K->1344K(67072K)] 511044K->444964K(585216K), 0.0039087 secs] [Times: user=0.02 sys=0.00, real=0.00 secs] 
2325.863: [GC (Allocation Failure) [PSYoungGen: 66880K->1485K(66560K)] 510500K->445105K(584704K), 0.0024425 secs] [Times: user=0.01 sys=0.00, real=0.00 secs] 
2326.006: [GC (Allocation Failure) [PSYoungGen: 66509K->1485K(66048K)] 510129K->445105K(584192K), 0.0017504 secs] [Times: user=0.01 sys=0.00, real=0.00 secs] 
2326.137: [GC (Allocation Failure) [PSYoungGen: 65997K->1517K(65536K)] 509617K->445137K(583680K), 0.0019011 secs] [Times: user=0.01 sys=0.00, real=0.00 secs] 
2326.285: [GC (Allocation Failure) [PSYoungGen: 65517K->1437K(66048K)] 509137K->445065K(584192K), 0.0033678 secs] [Times: user=0.01 sys=0.00, real=0.00 secs] 
2326.562: [GC (Allocation Failure) [PSYoungGen: 65437K->1424K(66048K)] 509065K->445052K(584192K), 0.0019365 secs] [Times: user=0.01 sys=0.00, real=0.00 secs] 
2326.828: [GC (Allocation Failure) [PSYoungGen: 65424K->1376K(71680K)] 509052K->445004K(589824K), 0.0022471 secs] [Times: user=0.01 sys=0.00, real=0.00 secs] 
2327.118: [GC (Allocation Failure) [PSYoungGen: 71008K->1344K(70656K)] 514636K->444972K(588800K), 0.0019756 secs] [Times: user=0.01 sys=0.00, real=0.00 secs] 
2327.405: [GC (Allocation Failure) [PSYoungGen: 70464K->1392K(70144K)] 514092K->445028K(588288K), 0.0018665 secs] [Times: user=0.00 sys=0.00, real=0.00 secs] 
2327.644: [GC (Allocation Failure) [PSYoungGen: 70000K->1485K(69632K)] 513636K->445121K(587776K), 0.0016504 secs] [Times: user=0.00 sys=0.00, real=0.00 secs] 
2327.766: [GC (Allocation Failure) [PSYoungGen: 69581K->1421K(69120K)] 513217K->445057K(587264K), 0.0017246 secs] [Times: user=0.01 sys=0.00, real=0.00 secs] 
2327.887: [GC (Allocation Failure) [PSYoungGen: 69005K->1453K(69632K)] 512641K->445089K(587776K), 0.0016447 secs] [Times: user=0.01 sys=0.00, real=0.00 secs] 
2328.007: [GC (Allocation Failure) [PSYoungGen: 69037K->1517K(75776K)] 512673K->445169K(593920K), 0.0016377 secs] [Times: user=0.01 sys=0.00, real=0.00 secs] 
2328.825: [GC (Allocation Failure) [PSYoungGen: 75245K->1424K(74752K)] 518897K->445076K(592896K), 0.0026299 secs] [Times: user=0.01 sys=0.00, real=0.00 secs] 
2330.067: [GC (Allocation Failure) [PSYoungGen: 74640K->1376K(74240K)] 518292K->445028K(592384K), 0.0039205 secs] [Times: user=0.02 sys=0.00, real=0.00 secs] 
2330.847: [GC (Allocation Failure) [PSYoungGen: 74080K->1360K(73728K)] 517732K->445036K(591872K), 0.0048406 secs] [Times: user=0.02 sys=0.00, real=0.01 secs] 
2331.705: [GC (Allocation Failure) [PSYoungGen: 73552K->1344K(73216K)] 517228K->445020K(591360K), 0.0032823 secs] [Times: user=0.01 sys=0.00, real=0.00 secs] 
2332.066: [GC (Allocation Failure) [PSYoungGen: 73024K->1453K(72704K)] 516700K->445129K(590848K), 0.0021966 secs] [Times: user=0.01 sys=0.00, real=0.00 secs] 
2332.205: [GC (Allocation Failure) [PSYoungGen: 72621K->1453K(72192K)] 516297K->445129K(590336K), 0.0018070 secs] [Times: user=0.01 sys=0.00, real=0.00 secs] 
2332.349: [GC (Allocation Failure) [PSYoungGen: 72109K->1517K(71680K)] 515785K->445193K(589824K), 0.0019133 secs] [Times: user=0.00 sys=0.00, real=0.01 secs] 
2332.763: [GC (Allocation Failure) [PSYoungGen: 71661K->1440K(71168K)] 515337K->445116K(589312K), 0.0027366 secs] [Times: user=0.01 sys=0.00, real=0.00 secs] 
2333.364: [GC (Allocation Failure) [PSYoungGen: 71072K->1376K(70656K)] 514748K->445052K(588800K), 0.0020558 secs] [Times: user=0.01 sys=0.00, real=0.00 secs] 
2333.818: [GC (Allocation Failure) [PSYoungGen: 70496K->1408K(70144K)] 514172K->445084K(588288K), 0.0020535 secs] [Times: user=0.01 sys=0.00, real=0.00 secs] 
2334.360: [GC (Allocation Failure) [PSYoungGen: 70016K->1408K(69632K)] 513692K->445084K(587776K), 0.0020388 secs] [Times: user=0.01 sys=0.00, real=0.01 secs] 
2334.909: [GC (Allocation Failure) [PSYoungGen: 69504K->1424K(69120K)] 513180K->445100K(587264K), 0.0025576 secs] [Times: user=0.01 sys=0.00, real=0.01 secs] 
2335.070: [GC (Allocation Failure) [PSYoungGen: 69008K->1437K(68608K)] 512684K->445113K(586752K), 0.0017147 secs] [Times: user=0.00 sys=0.00, real=0.01 secs] 
2335.187: [GC (Allocation Failure) [PSYoungGen: 68509K->432K(67072K)] 512185K->445132K(585216K), 0.0015757 secs] [Times: user=0.00 sys=0.00, real=0.00 secs] 
2335.304: [GC (Allocation Failure) [PSYoungGen: 66992K->493K(68096K)] 511692K->445193K(586240K), 0.0016266 secs] [Times: user=0.01 sys=0.00, real=0.00 secs] 
2335.561: [GC (Allocation Failure) [PSYoungGen: 66541K->1424K(67072K)] 511241K->446124K(585216K), 0.0019843 secs] [Times: user=0.01 sys=0.00, real=0.00 secs] 
2336.271: [GC (Allocation Failure) [PSYoungGen: 66960K->1376K(66560K)] 511660K->446076K(584704K), 0.0053024 secs] [Times: user=0.02 sys=0.00, real=0.01 secs] 
2336.934: [GC (Allocation Failure) [PSYoungGen: 66400K->1344K(66048K)] 511100K->446044K(584192K), 0.0028457 secs] [Times: user=0.02 sys=0.00, real=0.00 secs] 
2337.640: [GC (Allocation Failure) [PSYoungGen: 65856K->1360K(65536K)] 510556K->446060K(583680K), 0.0030648 secs] [Times: user=0.01 sys=0.00, real=0.01 secs] 
2338.378: [GC (Allocation Failure) [PSYoungGen: 65360K->1376K(65024K)] 510060K->446076K(583168K), 0.0030012 secs] [Times: user=0.01 sys=0.00, real=0.00 secs] 
2338.620: [GC (Allocation Failure) [PSYoungGen: 64864K->1453K(64512K)] 509564K->446153K(582656K), 0.0019924 secs] [Times: user=0.00 sys=0.00, real=0.01 secs] 
2338.735: [GC (Allocation Failure) [PSYoungGen: 64429K->1469K(64000K)] 509129K->446169K(582144K), 0.0015601 secs] [Times: user=0.01 sys=0.00, real=0.00 secs] 
2338.846: [GC (Allocation Failure) [PSYoungGen: 63933K->1421K(63488K)] 508633K->446129K(581632K), 0.0016284 secs] [Times: user=0.01 sys=0.00, real=0.00 secs] 
2338.955: [GC (Allocation Failure) [PSYoungGen: 63373K->1501K(64000K)] 508081K->446209K(582144K), 0.0018042 secs] [Times: user=0.01 sys=0.00, real=0.00 secs] 
2339.400: [GC (Allocation Failure) [PSYoungGen: 63965K->1392K(63488K)] 508673K->446100K(581632K), 0.0018512 secs] [Times: user=0.01 sys=0.01, real=0.01 secs] 
2340.072: [GC (Allocation Failure) [PSYoungGen: 63344K->1376K(62976K)] 508052K->446100K(581120K), 0.0029867 secs] [Times: user=0.01 sys=0.00, real=0.00 secs] 
2340.739: [GC (Allocation Failure) [PSYoungGen: 62816K->1376K(62464K)] 507540K->446100K(580608K), 0.0039597 secs] [Times: user=0.01 sys=0.00, real=0.01 secs] 
2341.339: [GC (Allocation Failure) [PSYoungGen: 62304K->1344K(61952K)] 507028K->446068K(580096K), 0.0030784 secs] [Times: user=0.02 sys=0.00, real=0.01 secs] 
2341.870: [GC (Allocation Failure) [PSYoungGen: 61744K->1437K(61440K)] 506468K->446161K(579584K), 0.0028616 secs] [Times: user=0.01 sys=0.00, real=0.01 secs] 
2342.036: [GC (Allocation Failure) [PSYoungGen: 61341K->1421K(61952K)] 506065K->446145K(580096K), 0.0016389 secs] [Times: user=0.00 sys=0.00, real=0.00 secs] 
2342.143: [GC (Allocation Failure) [PSYoungGen: 61325K->1453K(61952K)] 506049K->446185K(580096K), 0.0015990 secs] [Times: user=0.01 sys=0.00, real=0.00 secs] 
2342.250: [GC (Allocation Failure) [PSYoungGen: 61357K->1488K(61952K)] 506089K->446220K(580096K), 0.0016386 secs] [Times: user=0.01 sys=0.00, real=0.01 secs] 
2342.355: [GC (Allocation Failure) [PSYoungGen: 61392K->1469K(61952K)] 506124K->446201K(580096K), 0.0016317 secs] [Times: user=0.01 sys=0.00, real=0.00 secs] 
2342.926: [GC (Allocation Failure) [PSYoungGen: 61373K->1424K(67584K)] 506105K->446156K(585728K), 0.0039922 secs] [Times: user=0.02 sys=0.01, real=0.00 secs] 
2343.233: [GC (Allocation Failure) [PSYoungGen: 66960K->1344K(66560K)] 511692K->446076K(584704K), 0.0021844 secs] [Times: user=0.01 sys=0.00, real=0.00 secs] 
2343.738: [GC (Allocation Failure) [PSYoungGen: 66368K->1376K(66048K)] 511100K->446108K(584192K), 0.0029330 secs] [Times: user=0.01 sys=0.00, real=0.01 secs] 
2344.246: [GC (Allocation Failure) [PSYoungGen: 65888K->1408K(65536K)] 510620K->446140K(583680K), 0.0026642 secs] [Times: user=0.01 sys=0.00, real=0.00 secs] 
2344.655: [GC (Allocation Failure) [PSYoungGen: 65408K->1453K(65024K)] 510140K->446185K(583168K), 0.0019635 secs] [Times: user=0.01 sys=0.00, real=0.00 secs] 
2344.778: [GC (Allocation Failure) [PSYoungGen: 64941K->1501K(64512K)] 509673K->446233K(582656K), 0.0016054 secs] [Times: user=0.01 sys=0.00, real=0.00 secs] 
2344.888: [GC (Allocation Failure) [PSYoungGen: 64477K->1437K(65024K)] 509209K->446177K(583168K), 0.0016633 secs] [Times: user=0.00 sys=0.00, real=0.00 secs] 
2344.999: [GC (Allocation Failure) [PSYoungGen: 64413K->1469K(65024K)] 509153K->446209K(583168K), 0.0017053 secs] [Times: user=0.01 sys=0.00, real=0.00 secs] 
2345.278: [GC (Allocation Failure) [PSYoungGen: 64445K->1424K(70144K)] 509185K->446164K(588288K), 0.0021778 secs] [Times: user=0.01 sys=0.00, real=0.00 secs] 
2345.818: [GC (Allocation Failure) [PSYoungGen: 70032K->1408K(69632K)] 514772K->446148K(587776K), 0.0021834 secs] [Times: user=0.01 sys=0.00, real=0.00 secs] 
2346.844: [GC (Allocation Failure) [PSYoungGen: 69504K->1376K(69120K)] 514244K->446116K(587264K), 0.0053995 secs] [Times: user=0.02 sys=0.01, real=0.00 secs] 
2347.840: [GC (Allocation Failure) [PSYoungGen: 68960K->1408K(68608K)] 513700K->446148K(586752K), 0.0026824 secs] [Times: user=0.01 sys=0.00, real=0.01 secs] 
2348.406: [GC (Allocation Failure) [PSYoungGen: 68480K->1469K(68096K)] 513220K->446209K(586240K), 0.0022247 secs] [Times: user=0.01 sys=0.00, real=0.00 secs] 
2348.566: [GC (Allocation Failure) [PSYoungGen: 68029K->1421K(67584K)] 512769K->446161K(585728K), 0.0016305 secs] [Times: user=0.01 sys=0.00, real=0.00 secs] 
2348.683: [GC (Allocation Failure) [PSYoungGen: 67469K->1485K(67072K)] 512209K->446225K(585216K), 0.0017635 secs] [Times: user=0.00 sys=0.00, real=0.00 secs] 
2348.799: [GC (Allocation Failure) [PSYoungGen: 66996K->1485K(67584K)] 511736K->446233K(585728K), 0.0016914 secs] [Times: user=0.01 sys=0.00, real=0.00 secs] 
2349.274: [GC (Allocation Failure) [PSYoungGen: 67021K->1488K(73216K)] 511769K->446236K(591360K), 0.0053799 secs] [Times: user=0.01 sys=0.02, real=0.00 secs] 
2350.170: [GC (Allocation Failure) [PSYoungGen: 72656K->1344K(72192K)] 517404K->446092K(590336K), 0.0021494 secs] [Times: user=0.00 sys=0.00, real=0.01 secs] 
2350.996: [GC (Allocation Failure) [PSYoungGen: 72000K->1376K(71680K)] 516748K->446124K(589824K), 0.0023722 secs] [Times: user=0.01 sys=0.00, real=0.00 secs] 
2352.033: [GC (Allocation Failure) [PSYoungGen: 71520K->1344K(71168K)] 516268K->446108K(589312K), 0.0035262 secs] [Times: user=0.01 sys=0.00, real=0.00 secs] 
2352.623: [GC (Allocation Failure) [PSYoungGen: 70976K->1469K(70656K)] 515740K->446233K(588800K), 0.0026024 secs] [Times: user=0.01 sys=0.00, real=0.00 secs] 
2352.791: [GC (Allocation Failure) [PSYoungGen: 70567K->1437K(70144K)] 515331K->446201K(588288K), 0.0016302 secs] [Times: user=0.01 sys=0.00, real=0.00 secs] 
2352.912: [GC (Allocation Failure) [PSYoungGen: 70045K->1469K(69632K)] 514809K->446233K(587776K), 0.0016608 secs] [Times: user=0.01 sys=0.00, real=0.00 secs] 
2353.031: [GC (Allocation Failure) [PSYoungGen: 69565K->1421K(69120K)] 514329K->446193K(587264K), 0.0016595 secs] [Times: user=0.01 sys=0.00, real=0.00 secs] 
2353.254: [GC (Allocation Failure) [PSYoungGen: 69005K->1408K(68608K)] 513777K->446180K(586752K), 0.0018764 secs] [Times: user=0.00 sys=0.00, real=0.00 secs] 
2353.533: [GC (Allocation Failure) [PSYoungGen: 68480K->1344K(69120K)] 513252K->446116K(587264K), 0.0069958 secs] [Times: user=0.03 sys=0.00, real=0.00 secs] 
2353.817: [GC (Allocation Failure) [PSYoungGen: 68416K->1312K(75776K)] 513188K->446084K(593920K), 0.0018213 secs] [Times: user=0.01 sys=0.00, real=0.00 secs] 
2354.279: [GC (Allocation Failure) [PSYoungGen: 75040K->1344K(74752K)] 519812K->446116K(592896K), 0.0017339 secs] [Times: user=0.01 sys=0.00, real=0.00 secs] 
2354.850: [GC (Allocation Failure) [PSYoungGen: 74560K->1453K(74240K)] 519332K->446225K(592384K), 0.0022267 secs] [Times: user=0.00 sys=0.00, real=0.01 secs] 
2354.997: [GC (Allocation Failure) [PSYoungGen: 74157K->1453K(73728K)] 518929K->446225K(591872K), 0.0016874 secs] [Times: user=0.01 sys=0.01, real=0.00 secs] 
2355.124: [GC (Allocation Failure) [PSYoungGen: 73645K->1517K(74240K)] 518417K->446289K(592384K), 0.0019203 secs] [Times: user=0.01 sys=0.00, real=0.00 secs] 
2355.251: [GC (Allocation Failure) [PSYoungGen: 73709K->1421K(74240K)] 518481K->446201K(592384K), 0.0016049 secs] [Times: user=0.01 sys=0.00, real=0.00 secs] 
2355.802: [GC (Allocation Failure) [PSYoungGen: 73613K->1424K(80896K)] 518393K->446204K(599040K), 0.0047827 secs] [Times: user=0.00 sys=0.02, real=0.00 secs] 
2356.459: [GC (Allocation Failure) [PSYoungGen: 80272K->1344K(79872K)] 525052K->446124K(598016K), 0.0029731 secs] [Times: user=0.01 sys=0.00, real=0.01 secs] 
2357.100: [GC (Allocation Failure) [PSYoungGen: 79680K->1344K(79360K)] 524460K->446124K(597504K), 0.0022223 secs] [Times: user=0.01 sys=0.00, real=0.01 secs] 
2357.655: [GC (Allocation Failure) [PSYoungGen: 79168K->1469K(78848K)] 523948K->446249K(596992K), 0.0021105 secs] [Times: user=0.01 sys=0.00, real=0.00 secs] 
2357.807: [GC (Allocation Failure) [PSYoungGen: 78781K->1453K(78336K)] 523561K->446233K(596480K), 0.0017106 secs] [Times: user=0.01 sys=0.00, real=0.00 secs] 
2357.942: [GC (Allocation Failure) [PSYoungGen: 78253K->1453K(77824K)] 523033K->446233K(595968K), 0.0016488 secs] [Times: user=0.01 sys=0.00, real=0.00 secs] 
2358.077: [GC (Allocation Failure) [PSYoungGen: 77741K->1453K(77312K)] 522521K->446233K(595456K), 0.0017020 secs] [Times: user=0.00 sys=0.00, real=0.00 secs] 
2358.575: [GC (Allocation Failure) [PSYoungGen: 77229K->1440K(76800K)] 522009K->446228K(594944K), 0.0017131 secs] [Times: user=0.01 sys=0.00, real=0.00 secs] 
2359.260: [GC (Allocation Failure) [PSYoungGen: 76704K->1344K(76288K)] 521492K->446132K(594432K), 0.0025409 secs] [Times: user=0.01 sys=0.00, real=0.01 secs] 
2359.971: [GC (Allocation Failure) [PSYoungGen: 76096K->1376K(75776K)] 520884K->446164K(593920K), 0.0027466 secs] [Times: user=0.01 sys=0.00, real=0.00 secs] 
2360.600: [GC (Allocation Failure) [PSYoungGen: 75616K->1373K(75264K)] 520404K->446185K(593408K), 0.0028622 secs] [Times: user=0.01 sys=0.00, real=0.01 secs] 
2360.785: [GC (Allocation Failure) [PSYoungGen: 75101K->1421K(74752K)] 519913K->446233K(592896K), 0.0017036 secs] [Times: user=0.01 sys=0.00, real=0.00 secs] 
2360.914: [GC (Allocation Failure) [PSYoungGen: 74637K->1453K(74240K)] 519449K->446265K(592384K), 0.0015745 secs] [Times: user=0.01 sys=0.00, real=0.00 secs] 
2361.043: [GC (Allocation Failure) [PSYoungGen: 74157K->1453K(73728K)] 518969K->446265K(591872K), 0.0017445 secs] [Times: user=0.01 sys=0.00, real=0.00 secs] 
2361.725: [GC (Allocation Failure) [PSYoungGen: 73645K->400K(72192K)] 518457K->446236K(590336K), 0.0023780 secs] [Times: user=0.01 sys=0.00, real=0.00 secs] 
2362.725: [GC (Allocation Failure) [PSYoungGen: 72080K->352K(73216K)] 517916K->446188K(591360K), 0.0030247 secs] [Times: user=0.02 sys=0.00, real=0.00 secs] 
2363.758: [GC (Allocation Failure) [PSYoungGen: 71520K->352K(71680K)] 517356K->446188K(589824K), 0.0041448 secs] [Times: user=0.01 sys=0.00, real=0.01 secs] 
2364.508: [GC (Allocation Failure) [PSYoungGen: 71008K->352K(70656K)] 516844K->446188K(588800K), 0.0041611 secs] [Times: user=0.02 sys=0.00, real=0.01 secs] 
2364.924: [GC (Allocation Failure) [PSYoungGen: 70496K->1485K(71168K)] 516332K->447321K(589312K), 0.0022564 secs] [Times: user=0.01 sys=0.00, real=0.00 secs] 
2365.067: [GC (Allocation Failure) [PSYoungGen: 71117K->1469K(71168K)] 516953K->447305K(589312K), 0.0016505 secs] [Times: user=0.01 sys=0.00, real=0.00 secs] 
2365.189: [GC (Allocation Failure) [PSYoungGen: 70589K->1501K(70656K)] 516425K->447337K(588800K), 0.0016421 secs] [Times: user=0.01 sys=0.00, real=0.01 secs] 
2365.310: [GC (Allocation Failure) [PSYoungGen: 70109K->1501K(69632K)] 515945K->447337K(587776K), 0.0017079 secs] [Times: user=0.01 sys=0.00, real=0.01 secs] 
2366.031: [GC (Allocation Failure) [PSYoungGen: 69597K->1440K(69632K)] 515433K->447276K(587776K), 0.0024051 secs] [Times: user=0.01 sys=0.00, real=0.01 secs] 
2366.983: [GC (Allocation Failure) [PSYoungGen: 69024K->1376K(68608K)] 514860K->447212K(586752K), 0.0039266 secs] [Times: user=0.02 sys=0.00, real=0.00 secs] 
2367.850: [GC (Allocation Failure) [PSYoungGen: 68448K->1408K(68608K)] 514284K->447244K(586752K), 0.0033603 secs] [Times: user=0.01 sys=0.00, real=0.01 secs] 
2368.371: [GC (Allocation Failure) [PSYoungGen: 67968K->1344K(67584K)] 513804K->447180K(585728K), 0.0031466 secs] [Times: user=0.01 sys=0.00, real=0.00 secs] 
2368.847: [GC (Allocation Failure) [PSYoungGen: 67392K->1405K(67072K)] 513228K->447241K(585216K), 0.0022849 secs] [Times: user=0.01 sys=0.00, real=0.00 secs] 
2369.024: [GC (Allocation Failure) [PSYoungGen: 66941K->1517K(66560K)] 512777K->447353K(584704K), 0.0021493 secs] [Times: user=0.01 sys=0.00, real=0.00 secs] 
2369.180: [GC (Allocation Failure) [PSYoungGen: 66541K->1453K(66048K)] 512377K->447289K(584192K), 0.0016997 secs] [Times: user=0.01 sys=0.00, real=0.01 secs] 
2369.311: [GC (Allocation Failure) [PSYoungGen: 65965K->1517K(65536K)] 511801K->447361K(583680K), 0.0020051 secs] [Times: user=0.00 sys=0.00, real=0.01 secs] 
2369.731: [GC (Allocation Failure) [PSYoungGen: 65517K->1440K(65024K)] 511361K->447284K(583168K), 0.0025406 secs] [Times: user=0.01 sys=0.00, real=0.00 secs] 
2369.992: [GC (Allocation Failure) [PSYoungGen: 64928K->1376K(64512K)] 510772K->447220K(582656K), 0.0020535 secs] [Times: user=0.01 sys=0.00, real=0.00 secs] 
2370.274: [GC (Allocation Failure) [PSYoungGen: 64352K->1328K(64000K)] 510196K->447196K(582144K), 0.0025087 secs] [Times: user=0.01 sys=0.00, real=0.00 secs] 
2370.714: [GC (Allocation Failure) [PSYoungGen: 63792K->1344K(63488K)] 509660K->447212K(581632K), 0.0030025 secs] [Times: user=0.01 sys=0.00, real=0.00 secs] 
2371.138: [GC (Allocation Failure) [PSYoungGen: 63296K->1456K(62976K)] 509164K->447324K(581120K), 0.0023843 secs] [Times: user=0.01 sys=0.00, real=0.01 secs] 
2371.276: [GC (Allocation Failure) [PSYoungGen: 62896K->1453K(62464K)] 508764K->447321K(580608K), 0.0016140 secs] [Times: user=0.01 sys=0.00, real=0.00 secs] 
2371.384: [GC (Allocation Failure) [PSYoungGen: 62381K->1469K(62976K)] 508249K->447337K(581120K), 0.0016660 secs] [Times: user=0.01 sys=0.00, real=0.00 secs] 
2371.493: [GC (Allocation Failure) [PSYoungGen: 62397K->1421K(62976K)] 508265K->447297K(581120K), 0.0015885 secs] [Times: user=0.00 sys=0.01, real=0.00 secs] 
2371.609: [GC (Allocation Failure) [PSYoungGen: 62349K->1456K(68608K)] 508225K->447332K(586752K), 0.0015895 secs] [Times: user=0.00 sys=0.00, real=0.00 secs] 
2372.176: [GC (Allocation Failure) [PSYoungGen: 68016K->1408K(67584K)] 513892K->447284K(585728K), 0.0020794 secs] [Times: user=0.01 sys=0.00, real=0.00 secs] 
2372.458: [GC (Allocation Failure) [PSYoungGen: 67456K->1344K(67072K)] 513332K->447220K(585216K), 0.0022992 secs] [Times: user=0.01 sys=0.00, real=0.00 secs] 
2372.769: [GC (Allocation Failure) [PSYoungGen: 66880K->1328K(66560K)] 512756K->447204K(584704K), 0.0028649 secs] [Times: user=0.01 sys=0.01, real=0.01 secs] 
2373.376: [GC (Allocation Failure) [PSYoungGen: 66352K->1312K(66048K)] 512228K->447188K(584192K), 0.0027551 secs] [Times: user=0.01 sys=0.00, real=0.00 secs] 
2373.766: [GC (Allocation Failure) [PSYoungGen: 65824K->1456K(65536K)] 511700K->447332K(583680K), 0.0022690 secs] [Times: user=0.00 sys=0.00, real=0.00 secs] 
2373.900: [GC (Allocation Failure) [PSYoungGen: 65456K->1421K(65024K)] 511332K->447297K(583168K), 0.0017949 secs] [Times: user=0.00 sys=0.00, real=0.01 secs] 
2374.013: [GC (Allocation Failure) [PSYoungGen: 64909K->1472K(65536K)] 510785K->447364K(583680K), 0.0019475 secs] [Times: user=0.00 sys=0.00, real=0.00 secs] 
2374.129: [GC (Allocation Failure) [PSYoungGen: 64960K->1469K(71168K)] 510852K->447361K(589312K), 0.0016222 secs] [Times: user=0.01 sys=0.00, real=0.00 secs] 
2375.171: [GC (Allocation Failure) [PSYoungGen: 70589K->1376K(70144K)] 516481K->447276K(588288K), 0.0025694 secs] [Times: user=0.01 sys=0.00, real=0.00 secs] 
2375.797: [GC (Allocation Failure) [PSYoungGen: 69984K->1360K(69632K)] 515884K->447260K(587776K), 0.0028504 secs] [Times: user=0.01 sys=0.00, real=0.00 secs] 
2376.420: [GC (Allocation Failure) [PSYoungGen: 69456K->1344K(69120K)] 515356K->447244K(587264K), 0.0025116 secs] [Times: user=0.01 sys=0.00, real=0.01 secs] 
2376.708: [GC (Allocation Failure) [PSYoungGen: 68928K->1344K(68608K)] 514828K->447244K(586752K), 0.0021054 secs] [Times: user=0.01 sys=0.00, real=0.00 secs] 
2376.958: [GC (Allocation Failure) [PSYoungGen: 68416K->1488K(68096K)] 514316K->447388K(586240K), 0.0017550 secs] [Times: user=0.01 sys=0.00, real=0.00 secs] 
2377.075: [GC (Allocation Failure) [PSYoungGen: 68048K->1485K(67584K)] 513948K->447385K(585728K), 0.0017755 secs] [Times: user=0.00 sys=0.00, real=0.00 secs] 
2377.193: [GC (Allocation Failure) [PSYoungGen: 67533K->1437K(68096K)] 513433K->447345K(586240K), 0.0017036 secs] [Times: user=0.01 sys=0.00, real=0.00 secs] 
2377.310: [GC (Allocation Failure) [PSYoungGen: 67485K->1517K(73728K)] 513393K->447425K(591872K), 0.0016597 secs] [Times: user=0.01 sys=0.00, real=0.01 secs] 
2378.107: [GC (Allocation Failure) [PSYoungGen: 73197K->1392K(72704K)] 519105K->447300K(590848K), 0.0031998 secs] [Times: user=0.01 sys=0.00, real=0.00 secs] 
2378.711: [GC (Allocation Failure) [PSYoungGen: 72560K->1344K(72192K)] 518468K->447252K(590336K), 0.0026000 secs] [Times: user=0.01 sys=0.00, real=0.01 secs] 
2379.530: [GC (Allocation Failure) [PSYoungGen: 72000K->1376K(71680K)] 517908K->447284K(589824K), 0.0033897 secs] [Times: user=0.01 sys=0.00, real=0.01 secs] 
2380.149: [GC (Allocation Failure) [PSYoungGen: 71520K->1312K(71168K)] 517428K->447220K(589312K), 0.0030102 secs] [Times: user=0.01 sys=0.00, real=0.01 secs] 
2380.535: [GC (Allocation Failure) [PSYoungGen: 70944K->1440K(70656K)] 516852K->447348K(588800K), 0.0021314 secs] [Times: user=0.01 sys=0.00, real=0.00 secs] 
2380.718: [GC (Allocation Failure) [PSYoungGen: 70560K->1453K(70144K)] 516468K->447361K(588288K), 0.0021493 secs] [Times: user=0.01 sys=0.00, real=0.00 secs] 
2380.868: [GC (Allocation Failure) [PSYoungGen: 70061K->1453K(69632K)] 515969K->447361K(587776K), 0.0017334 secs] [Times: user=0.01 sys=0.00, real=0.00 secs] 
2380.988: [GC (Allocation Failure) [PSYoungGen: 69549K->160K(69120K)] 515457K->446092K(587264K), 0.0018101 secs] [Times: user=0.01 sys=0.00, real=0.00 secs] 
2382.097: [GC (Allocation Failure) [PSYoungGen: 67744K->1344K(68608K)] 513676K->447276K(586752K), 0.0039260 secs] [Times: user=0.02 sys=0.00, real=0.00 secs] 
2382.713: [GC (Allocation Failure) [PSYoungGen: 68416K->1344K(68096K)] 514348K->447276K(586240K), 0.0038757 secs] [Times: user=0.02 sys=0.00, real=0.00 secs] 
2383.248: [GC (Allocation Failure) [PSYoungGen: 67904K->1344K(67584K)] 513836K->447276K(585728K), 0.0029199 secs] [Times: user=0.01 sys=0.00, real=0.01 secs] 
2383.820: [GC (Allocation Failure) [PSYoungGen: 67392K->1376K(67072K)] 513324K->447308K(585216K), 0.0023216 secs] [Times: user=0.01 sys=0.00, real=0.01 secs] 
2384.125: [GC (Allocation Failure) [PSYoungGen: 66912K->1405K(66560K)] 512844K->447337K(584704K), 0.0020832 secs] [Times: user=0.01 sys=0.00, real=0.00 secs] 
2384.241: [GC (Allocation Failure) [PSYoungGen: 66429K->1453K(66048K)] 512361K->447385K(584192K), 0.0017155 secs] [Times: user=0.01 sys=0.00, real=0.00 secs] 
2384.362: [GC (Allocation Failure) [PSYoungGen: 65965K->1437K(65536K)] 511897K->447369K(583680K), 0.0016782 secs] [Times: user=0.01 sys=0.00, real=0.00 secs] 
2384.478: [GC (Allocation Failure) [PSYoungGen: 65437K->1453K(66048K)] 511369K->447393K(584192K), 0.0017324 secs] [Times: user=0.01 sys=0.00, real=0.00 secs] 
2384.746: [GC (Allocation Failure) [PSYoungGen: 65453K->1392K(65024K)] 511393K->447332K(583168K), 0.0016931 secs] [Times: user=0.01 sys=0.01, real=0.00 secs] 
2385.009: [GC (Allocation Failure) [PSYoungGen: 64880K->1376K(64512K)] 510820K->447316K(582656K), 0.0017753 secs] [Times: user=0.00 sys=0.00, real=0.01 secs] 
2385.276: [GC (Allocation Failure) [PSYoungGen: 64352K->1408K(64000K)] 510292K->447348K(582144K), 0.0016285 secs] [Times: user=0.01 sys=0.00, real=0.00 secs] 
2385.535: [GC (Allocation Failure) [PSYoungGen: 63872K->1408K(63488K)] 509812K->447348K(581632K), 0.0022363 secs] [Times: user=0.01 sys=0.00, real=0.00 secs] 
2385.784: [GC (Allocation Failure) [PSYoungGen: 63360K->1440K(62976K)] 509300K->447380K(581120K), 0.0019876 secs] [Times: user=0.01 sys=0.00, real=0.00 secs] 
2385.901: [GC (Allocation Failure) [PSYoungGen: 62880K->1469K(62464K)] 508820K->447409K(580608K), 0.0017739 secs] [Times: user=0.00 sys=0.00, real=0.00 secs] 
2386.009: [GC (Allocation Failure) [PSYoungGen: 62397K->1453K(62976K)] 508337K->447393K(581120K), 0.0017552 secs] [Times: user=0.01 sys=0.00, real=0.01 secs] 
2386.117: [GC (Allocation Failure) [PSYoungGen: 62381K->1469K(68608K)] 508321K->447417K(586752K), 0.0016412 secs] [Times: user=0.01 sys=0.00, real=0.00 secs] 
2386.294: [GC (Allocation Failure) [PSYoungGen: 68029K->1472K(68608K)] 513977K->447420K(586752K), 0.0016659 secs] [Times: user=0.01 sys=0.00, real=0.00 secs] 
2386.570: [GC (Allocation Failure) [PSYoungGen: 68032K->1344K(67584K)] 513980K->447292K(585728K), 0.0015775 secs] [Times: user=0.01 sys=0.00, real=0.01 secs] 
2386.844: [GC (Allocation Failure) [PSYoungGen: 67392K->1344K(67072K)] 513340K->447292K(585216K), 0.0016839 secs] [Times: user=0.01 sys=0.00, real=0.00 secs] 
2387.115: [GC (Allocation Failure) [PSYoungGen: 66880K->1344K(66560K)] 512828K->447292K(584704K), 0.0015930 secs] [Times: user=0.01 sys=0.00, real=0.00 secs] 
2387.385: [GC (Allocation Failure) [PSYoungGen: 66368K->1344K(66048K)] 512316K->447292K(584192K), 0.0017721 secs] [Times: user=0.00 sys=0.00, real=0.00 secs] 
2387.590: [GC (Allocation Failure) [PSYoungGen: 65856K->1469K(65536K)] 511804K->447441K(583680K), 0.0021023 secs] [Times: user=0.01 sys=0.00, real=0.01 secs] 
2387.754: [GC (Allocation Failure) [PSYoungGen: 65440K->1437K(65024K)] 511412K->447409K(583168K), 0.0017389 secs] [Times: user=0.00 sys=0.00, real=0.00 secs] 
2387.866: [GC (Allocation Failure) [PSYoungGen: 64925K->1421K(70656K)] 510897K->447401K(588800K), 0.0017550 secs] [Times: user=0.00 sys=0.00, real=0.00 secs] 
2387.989: [GC (Allocation Failure) [PSYoungGen: 70541K->1405K(71168K)] 516521K->447385K(589312K), 0.0017892 secs] [Times: user=0.00 sys=0.00, real=0.00 secs] 
2388.301: [GC (Allocation Failure) [PSYoungGen: 70525K->1408K(76800K)] 516505K->447388K(594944K), 0.0022472 secs] [Times: user=0.00 sys=0.00, real=0.00 secs] 
2388.615: [GC (Allocation Failure) [PSYoungGen: 76672K->1344K(76288K)] 522652K->447324K(594432K), 0.0020916 secs] [Times: user=0.00 sys=0.00, real=0.00 secs] 
2388.980: [GC (Allocation Failure) [PSYoungGen: 76096K->1344K(75776K)] 522076K->447324K(593920K), 0.0021701 secs] [Times: user=0.01 sys=0.00, real=0.01 secs] 
2389.705: [GC (Allocation Failure) [PSYoungGen: 75584K->1488K(75264K)] 521564K->447468K(593408K), 0.0025110 secs] [Times: user=0.00 sys=0.00, real=0.00 secs] 
2389.923: [GC (Allocation Failure) [PSYoungGen: 75216K->1453K(74752K)] 521196K->447433K(592896K), 0.0023444 secs] [Times: user=0.01 sys=0.01, real=0.00 secs] 
2390.080: [GC (Allocation Failure) [PSYoungGen: 74669K->1421K(74240K)] 520649K->447401K(592384K), 0.0018488 secs] [Times: user=0.00 sys=0.00, real=0.01 secs] 
2390.209: [GC (Allocation Failure) [PSYoungGen: 74125K->1517K(73728K)] 520105K->447505K(591872K), 0.0017406 secs] [Times: user=0.00 sys=0.00, real=0.00 secs] 
2390.739: [GC (Allocation Failure) [PSYoungGen: 73709K->1360K(73216K)] 519697K->447348K(591360K), 0.0046325 secs] [Times: user=0.01 sys=0.00, real=0.01 secs] 
2391.265: [GC (Allocation Failure) [PSYoungGen: 73040K->1344K(72704K)] 519028K->447332K(590848K), 0.0023456 secs] [Times: user=0.01 sys=0.00, real=0.00 secs] 
2391.596: [GC (Allocation Failure) [PSYoungGen: 72512K->1408K(72192K)] 518500K->447396K(590336K), 0.0020048 secs] [Times: user=0.01 sys=0.00, real=0.00 secs] 
2392.120: [GC (Allocation Failure) [PSYoungGen: 72064K->1376K(71680K)] 518052K->447364K(589824K), 0.0018993 secs] [Times: user=0.01 sys=0.00, real=0.01 secs] 
2392.559: [GC (Allocation Failure) [PSYoungGen: 71520K->1437K(71168K)] 517508K->447425K(589312K), 0.0016607 secs] [Times: user=0.01 sys=0.00, real=0.00 secs] 
2392.701: [GC (Allocation Failure) [PSYoungGen: 71069K->1485K(70656K)] 517057K->447473K(588800K), 0.0019124 secs] [Times: user=0.01 sys=0.00, real=0.00 secs] 
2392.862: [GC (Allocation Failure) [PSYoungGen: 70605K->1485K(70144K)] 516593K->447473K(588288K), 0.0016660 secs] [Times: user=0.01 sys=0.00, real=0.00 secs] 
2392.982: [GC (Allocation Failure) [PSYoungGen: 70093K->1485K(69632K)] 516081K->447473K(587776K), 0.0017109 secs] [Times: user=0.01 sys=0.00, real=0.00 secs] 
2393.533: [GC (Allocation Failure) [PSYoungGen: 69581K->1392K(69120K)] 515569K->447388K(587264K), 0.0021736 secs] [Times: user=0.01 sys=0.00, real=0.00 secs] 
2393.814: [GC (Allocation Failure) [PSYoungGen: 68976K->1344K(68608K)] 514972K->447340K(586752K), 0.0019092 secs] [Times: user=0.00 sys=0.00, real=0.00 secs] 
2394.302: [GC (Allocation Failure) [PSYoungGen: 68416K->1376K(68096K)] 514412K->447372K(586240K), 0.0023749 secs] [Times: user=0.01 sys=0.00, real=0.00 secs] 
2394.789: [GC (Allocation Failure) [PSYoungGen: 67936K->1344K(67584K)] 513932K->447340K(585728K), 0.0041622 secs] [Times: user=0.02 sys=0.00, real=0.01 secs] 
2395.099: [GC (Allocation Failure) [PSYoungGen: 67392K->1440K(67072K)] 513388K->447436K(585216K), 0.0020430 secs] [Times: user=0.01 sys=0.00, real=0.01 secs] 
2395.231: [GC (Allocation Failure) [PSYoungGen: 66976K->1501K(66560K)] 512972K->447497K(584704K), 0.0017555 secs] [Times: user=0.01 sys=0.01, real=0.01 secs] 
2395.345: [GC (Allocation Failure) [PSYoungGen: 66525K->1485K(67072K)] 512521K->447481K(585216K), 0.0017497 secs] [Times: user=0.01 sys=0.00, real=0.00 secs] 
2395.460: [GC (Allocation Failure) [PSYoungGen: 66509K->1485K(72704K)] 512505K->447489K(590848K), 0.0016797 secs] [Times: user=0.01 sys=0.00, real=0.01 secs] 
2396.188: [GC (Allocation Failure) [PSYoungGen: 72141K->1376K(71680K)] 518145K->447380K(589824K), 0.0018984 secs] [Times: user=0.01 sys=0.01, real=0.00 secs] 
2396.808: [GC (Allocation Failure) [PSYoungGen: 71520K->1344K(71168K)] 517524K->447348K(589312K), 0.0036839 secs] [Times: user=0.02 sys=0.00, real=0.01 secs] 
2397.544: [GC (Allocation Failure) [PSYoungGen: 70976K->1344K(70656K)] 516980K->447348K(588800K), 0.0022761 secs] [Times: user=0.01 sys=0.00, real=0.00 secs] 
2398.288: [GC (Allocation Failure) [PSYoungGen: 70464K->1376K(70144K)] 516468K->447380K(588288K), 0.0026596 secs] [Times: user=0.01 sys=0.00, real=0.00 secs] 
2398.593: [GC (Allocation Failure) [PSYoungGen: 69984K->1485K(69632K)] 515988K->447489K(587776K), 0.0017623 secs] [Times: user=0.00 sys=0.00, real=0.00 secs] 
2398.713: [GC (Allocation Failure) [PSYoungGen: 69581K->1421K(69120K)] 515585K->447425K(587264K), 0.0017005 secs] [Times: user=0.01 sys=0.00, real=0.00 secs] 
2398.833: [GC (Allocation Failure) [PSYoungGen: 69005K->1469K(68608K)] 515009K->447473K(586752K), 0.0017801 secs] [Times: user=0.01 sys=0.00, real=0.00 secs] 
2398.953: [GC (Allocation Failure) [PSYoungGen: 68514K->1437K(69120K)] 514519K->447449K(587264K), 0.0016431 secs] [Times: user=0.01 sys=0.00, real=0.00 secs] 
2399.246: [GC (Allocation Failure) [PSYoungGen: 68509K->1408K(68096K)] 514521K->447420K(586240K), 0.0018892 secs] [Times: user=0.00 sys=0.00, real=0.00 secs] 
2399.522: [GC (Allocation Failure) [PSYoungGen: 67968K->1360K(67584K)] 513980K->447396K(585728K), 0.0017092 secs] [Times: user=0.01 sys=0.00, real=0.00 secs] 
2399.797: [GC (Allocation Failure) [PSYoungGen: 67408K->1312K(67072K)] 513444K->447348K(585216K), 0.0025091 secs] [Times: user=0.01 sys=0.01, real=0.00 secs] 
2400.070: [GC (Allocation Failure) [PSYoungGen: 66848K->1312K(66560K)] 512884K->447348K(584704K), 0.0023256 secs] [Times: user=0.01 sys=0.00, real=0.01 secs] 
2400.303: [GC (Allocation Failure) [PSYoungGen: 66336K->1469K(66048K)] 512372K->447505K(584192K), 0.0018898 secs] [Times: user=0.01 sys=0.00, real=0.00 secs] 
2400.419: [GC (Allocation Failure) [PSYoungGen: 65981K->1421K(65536K)] 512017K->447457K(583680K), 0.0016552 secs] [Times: user=0.01 sys=0.00, real=0.01 secs] 
2400.549: [GC (Allocation Failure) [PSYoungGen: 65405K->1485K(66048K)] 511441K->447521K(584192K), 0.0020405 secs] [Times: user=0.00 sys=0.00, real=0.01 secs] 
2400.694: [GC (Allocation Failure) [PSYoungGen: 65463K->1453K(71680K)] 511499K->447497K(589824K), 0.0017778 secs] [Times: user=0.01 sys=0.00, real=0.00 secs] 
2401.445: [GC (Allocation Failure) [PSYoungGen: 71085K->1376K(70656K)] 517129K->447420K(588800K), 0.0034013 secs] [Times: user=0.01 sys=0.00, real=0.00 secs] 
2402.470: [GC (Allocation Failure) [PSYoungGen: 70496K->1376K(70144K)] 516540K->447420K(588288K), 0.0041527 secs] [Times: user=0.02 sys=0.00, real=0.01 secs] 
2403.095: [GC (Allocation Failure) [PSYoungGen: 69984K->1344K(69632K)] 516028K->447388K(587776K), 0.0029306 secs] [Times: user=0.01 sys=0.00, real=0.00 secs] 
2403.594: [GC (Allocation Failure) [PSYoungGen: 69440K->1344K(69120K)] 515484K->447388K(587264K), 0.0029092 secs] [Times: user=0.01 sys=0.00, real=0.00 secs] 
2404.179: [GC (Allocation Failure) [PSYoungGen: 68928K->1453K(68608K)] 514972K->447497K(586752K), 0.0020832 secs] [Times: user=0.01 sys=0.00, real=0.01 secs] 
2404.309: [GC (Allocation Failure) [PSYoungGen: 68525K->1453K(68096K)] 514569K->447497K(586240K), 0.0015722 secs] [Times: user=0.01 sys=0.00, real=0.00 secs] 
2404.444: [GC (Allocation Failure) [PSYoungGen: 68013K->1453K(67584K)] 514057K->447497K(585728K), 0.0019894 secs] [Times: user=0.01 sys=0.00, real=0.00 secs] 
2404.610: [GC (Allocation Failure) [PSYoungGen: 67501K->1469K(67072K)] 513545K->447521K(585216K), 0.0019190 secs] [Times: user=0.01 sys=0.00, real=0.01 secs] 
2405.643: [GC (Allocation Failure) [PSYoungGen: 67005K->1408K(66560K)] 513057K->447460K(584704K), 0.0035114 secs] [Times: user=0.01 sys=0.00, real=0.00 secs] 
2406.413: [GC (Allocation Failure) [PSYoungGen: 66432K->1376K(66048K)] 512484K->447428K(584192K), 0.0032841 secs] [Times: user=0.02 sys=0.00, real=0.00 secs] 
2406.982: [GC (Allocation Failure) [PSYoungGen: 65888K->1376K(65536K)] 511940K->447428K(583680K), 0.0023846 secs] [Times: user=0.01 sys=0.00, real=0.00 secs] 
2407.523: [GC (Allocation Failure) [PSYoungGen: 65376K->1376K(65024K)] 511428K->447428K(583168K), 0.0022860 secs] [Times: user=0.01 sys=0.00, real=0.00 secs] 
2408.051: [GC (Allocation Failure) [PSYoungGen: 64864K->1421K(64512K)] 510916K->447473K(582656K), 0.0023853 secs] [Times: user=0.01 sys=0.00, real=0.01 secs] 
2408.202: [GC (Allocation Failure) [PSYoungGen: 64397K->445K(62976K)] 510449K->447521K(581120K), 0.0026413 secs] [Times: user=0.02 sys=0.00, real=0.00 secs] 
2408.313: [GC (Allocation Failure) [PSYoungGen: 62909K->461K(64000K)] 509985K->447537K(582144K), 0.0015637 secs] [Times: user=0.01 sys=0.00, real=0.00 secs] 
2408.422: [GC (Allocation Failure) [PSYoungGen: 62413K->493K(64512K)] 509489K->447577K(582656K), 0.0016453 secs] [Times: user=0.01 sys=0.00, real=0.00 secs] 
2408.621: [GC (Allocation Failure) [PSYoungGen: 62957K->1408K(64512K)] 510041K->448492K(582656K), 0.0021459 secs] [Times: user=0.01 sys=0.00, real=0.01 secs] 
2409.089: [GC (Allocation Failure) [PSYoungGen: 63872K->1344K(63488K)] 510956K->448428K(581632K), 0.0024626 secs] [Times: user=0.01 sys=0.00, real=0.01 secs] 
2409.647: [GC (Allocation Failure) [PSYoungGen: 63296K->1376K(62976K)] 510380K->448460K(581120K), 0.0026657 secs] [Times: user=0.02 sys=0.00, real=0.00 secs] 
2410.369: [GC (Allocation Failure) [PSYoungGen: 62816K->1344K(62464K)] 509900K->448428K(580608K), 0.0026093 secs] [Times: user=0.01 sys=0.00, real=0.01 secs] 
2411.045: [GC (Allocation Failure) [PSYoungGen: 62272K->1344K(61952K)] 509356K->448444K(580096K), 0.0053820 secs] [Times: user=0.02 sys=0.00, real=0.00 secs] 
2411.449: [GC (Allocation Failure) [PSYoungGen: 61760K->1485K(61440K)] 508860K->448585K(579584K), 0.0023582 secs] [Times: user=0.01 sys=0.00, real=0.01 secs] 
2411.588: [GC (Allocation Failure) [PSYoungGen: 61389K->1453K(61440K)] 508489K->448553K(579584K), 0.0016941 secs] [Times: user=0.01 sys=0.00, real=0.00 secs] 
2411.695: [GC (Allocation Failure) [PSYoungGen: 61357K->1421K(66560K)] 508457K->448529K(584704K), 0.0017180 secs] [Times: user=0.01 sys=0.00, real=0.00 secs] 
2411.809: [GC (Allocation Failure) [PSYoungGen: 66445K->1469K(67072K)] 513553K->448577K(585216K), 0.0018284 secs] [Times: user=0.01 sys=0.00, real=0.01 secs] 
2412.484: [GC (Allocation Failure) [PSYoungGen: 66493K->1488K(73216K)] 513601K->448596K(591360K), 0.0402168 secs] [Times: user=0.07 sys=0.09, real=0.04 secs] 
2413.495: [GC (Allocation Failure) [PSYoungGen: 72656K->1408K(73216K)] 519764K->448524K(591360K), 0.0030517 secs] [Times: user=0.01 sys=0.01, real=0.00 secs] 
2414.260: [GC (Allocation Failure) [PSYoungGen: 72576K->1376K(80384K)] 519692K->448492K(598528K), 0.0027430 secs] [Times: user=0.01 sys=0.00, real=0.01 secs] 
2414.847: [GC (Allocation Failure) [PSYoungGen: 80224K->1376K(80896K)] 527340K->448492K(599040K), 0.0034385 secs] [Times: user=0.01 sys=0.00, real=0.01 secs] 
2415.410: [GC (Allocation Failure) [PSYoungGen: 80224K->1485K(87552K)] 527340K->448601K(605696K), 0.0025307 secs] [Times: user=0.01 sys=0.00, real=0.01 secs] 
2415.588: [GC (Allocation Failure) [PSYoungGen: 87501K->1552K(88064K)] 534617K->448668K(606208K), 0.0019413 secs] [Times: user=0.01 sys=0.00, real=0.00 secs] 
2415.740: [GC (Allocation Failure) [PSYoungGen: 87568K->1536K(95744K)] 534684K->448660K(613888K), 0.0016609 secs] [Times: user=0.01 sys=0.00, real=0.01 secs] 
2416.996: [GC (Allocation Failure) [PSYoungGen: 95232K->1392K(94208K)] 542356K->448516K(612352K), 0.0047278 secs] [Times: user=0.02 sys=0.00, real=0.00 secs] 
2418.565: [GC (Allocation Failure) [PSYoungGen: 94064K->1344K(93184K)] 541188K->448468K(611328K), 0.0037758 secs] [Times: user=0.02 sys=0.00, real=0.00 secs] 
2419.791: [GC (Allocation Failure) [PSYoungGen: 92992K->1344K(92160K)] 540116K->448476K(610304K), 0.0038846 secs] [Times: user=0.01 sys=0.00, real=0.00 secs] 
2420.389: [GC (Allocation Failure) [PSYoungGen: 91968K->1456K(91136K)] 539100K->448588K(609280K), 0.0020651 secs] [Times: user=0.00 sys=0.00, real=0.01 secs] 
2420.556: [GC (Allocation Failure) [PSYoungGen: 91056K->1485K(90112K)] 538188K->448617K(608256K), 0.0017368 secs] [Times: user=0.01 sys=0.00, real=0.00 secs] 
2420.713: [GC (Allocation Failure) [PSYoungGen: 90061K->1517K(89088K)] 537193K->448649K(607232K), 0.0016928 secs] [Times: user=0.01 sys=0.00, real=0.00 secs] 
2421.183: [GC (Allocation Failure) [PSYoungGen: 89069K->1392K(88576K)] 536201K->448524K(606720K), 0.0020616 secs] [Times: user=0.00 sys=0.00, real=0.00 secs] 
2421.545: [GC (Allocation Failure) [PSYoungGen: 88432K->1344K(88064K)] 535564K->448476K(606208K), 0.0018877 secs] [Times: user=0.01 sys=0.00, real=0.00 secs] 
2421.905: [GC (Allocation Failure) [PSYoungGen: 87872K->1376K(87552K)] 535004K->448508K(605696K), 0.0021016 secs] [Times: user=0.01 sys=0.00, real=0.00 secs] 
2422.307: [GC (Allocation Failure) [PSYoungGen: 87392K->1469K(87040K)] 534524K->448601K(605184K), 0.0017940 secs] [Times: user=0.01 sys=0.00, real=0.00 secs] 
2422.458: [GC (Allocation Failure) [PSYoungGen: 86973K->1485K(86528K)] 534105K->448633K(604672K), 0.0018979 secs] [Times: user=0.01 sys=0.00, real=0.00 secs] 
2422.608: [GC (Allocation Failure) [PSYoungGen: 86477K->1453K(86016K)] 533625K->448601K(604160K), 0.0016120 secs] [Times: user=0.01 sys=0.00, real=0.00 secs] 
2423.217: [GC (Allocation Failure) [PSYoungGen: 85933K->1424K(85504K)] 533081K->448572K(603648K), 0.0025827 secs] [Times: user=0.01 sys=0.00, real=0.00 secs] 
2424.460: [GC (Allocation Failure) [PSYoungGen: 85392K->1376K(84992K)] 532540K->448524K(603136K), 0.0034434 secs] [Times: user=0.01 sys=0.00, real=0.01 secs] 
2425.483: [GC (Allocation Failure) [PSYoungGen: 84832K->1376K(84480K)] 531980K->448524K(602624K), 0.0039610 secs] [Times: user=0.02 sys=0.00, real=0.00 secs] 
2426.509: [GC (Allocation Failure) [PSYoungGen: 84320K->1392K(83968K)] 531468K->448540K(602112K), 0.0027631 secs] [Times: user=0.02 sys=0.00, real=0.01 secs] 
2426.727: [GC (Allocation Failure) [PSYoungGen: 83824K->1485K(83456K)] 530972K->448633K(601600K), 0.0015771 secs] [Times: user=0.01 sys=0.00, real=0.00 secs] 
2426.870: [GC (Allocation Failure) [PSYoungGen: 83405K->1485K(82944K)] 530553K->448633K(601088K), 0.0017494 secs] [Times: user=0.01 sys=0.00, real=0.01 secs] 
2427.038: [GC (Allocation Failure) [PSYoungGen: 82893K->1485K(82432K)] 530041K->448633K(600576K), 0.0021548 secs] [Times: user=0.00 sys=0.00, real=0.00 secs] 
2428.061: [GC (Allocation Failure) [PSYoungGen: 82381K->1408K(81920K)] 529529K->448564K(600064K), 0.0039782 secs] [Times: user=0.01 sys=0.01, real=0.00 secs] 
2429.055: [GC (Allocation Failure) [PSYoungGen: 81792K->1408K(81408K)] 528948K->448564K(599552K), 0.0052153 secs] [Times: user=0.02 sys=0.00, real=0.00 secs] 
2429.926: [GC (Allocation Failure) [PSYoungGen: 81280K->1376K(80896K)] 528436K->448532K(599040K), 0.0032921 secs] [Times: user=0.01 sys=0.00, real=0.00 secs] 
2430.589: [GC (Allocation Failure) [PSYoungGen: 80736K->1485K(80384K)] 527892K->448641K(598528K), 0.0024792 secs] [Times: user=0.01 sys=0.00, real=0.01 secs] 
2430.753: [GC (Allocation Failure) [PSYoungGen: 80333K->1485K(79872K)] 527489K->448641K(598016K), 0.0016096 secs] [Times: user=0.01 sys=0.00, real=0.00 secs] 
2430.891: [GC (Allocation Failure) [PSYoungGen: 79821K->1517K(79360K)] 526977K->448673K(597504K), 0.0015799 secs] [Times: user=0.01 sys=0.00, real=0.00 secs] 
2431.092: [GC (Allocation Failure) [PSYoungGen: 78863K->1520K(78848K)] 526020K->448898K(596992K), 0.0017023 secs] [Times: user=0.00 sys=0.00, real=0.00 secs] 
2431.738: [GC (Allocation Failure) [PSYoungGen: 78832K->1360K(78336K)] 526210K->448746K(596480K), 0.0019588 secs] [Times: user=0.00 sys=0.00, real=0.00 secs] 
2432.350: [GC (Allocation Failure) [PSYoungGen: 78160K->1312K(77824K)] 525546K->448698K(595968K), 0.0024692 secs] [Times: user=0.01 sys=0.00, real=0.01 secs] 
2432.980: [GC (Allocation Failure) [PSYoungGen: 77600K->1296K(77312K)] 524986K->448698K(595456K), 0.0044377 secs] [Times: user=0.02 sys=0.00, real=0.01 secs] 
2433.540: [GC (Allocation Failure) [PSYoungGen: 77072K->1517K(76800K)] 524474K->448919K(594944K), 0.0020635 secs] [Times: user=0.01 sys=0.00, real=0.01 secs] 
2433.694: [GC (Allocation Failure) [PSYoungGen: 76781K->1549K(76800K)] 524183K->448951K(594944K), 0.0016729 secs] [Times: user=0.01 sys=0.00, real=0.00 secs] 
2433.825: [GC (Allocation Failure) [PSYoungGen: 76301K->528K(75264K)] 523703K->448954K(593408K), 0.0016598 secs] [Times: user=0.00 sys=0.00, real=0.00 secs] 
2433.957: [GC (Allocation Failure) [PSYoungGen: 74768K->560K(74752K)] 523194K->448986K(592896K), 0.0017176 secs] [Times: user=0.00 sys=0.00, real=0.00 secs] 
2434.353: [GC (Allocation Failure) [PSYoungGen: 74288K->1456K(74752K)] 522714K->449890K(592896K), 0.0021135 secs] [Times: user=0.01 sys=0.00, real=0.00 secs] 
2434.715: [GC (Allocation Failure) [PSYoungGen: 74672K->1472K(74240K)] 523106K->449906K(592384K), 0.0019765 secs] [Times: user=0.01 sys=0.00, real=0.00 secs] 
2435.042: [GC (Allocation Failure) [PSYoungGen: 74176K->1456K(73728K)] 522610K->449890K(591872K), 0.0027338 secs] [Times: user=0.01 sys=0.00, real=0.00 secs] 
2435.423: [GC (Allocation Failure) [PSYoungGen: 73648K->1600K(73728K)] 522082K->450034K(591872K), 0.0021602 secs] [Times: user=0.01 sys=0.00, real=0.00 secs] 
2435.574: [GC (Allocation Failure) [PSYoungGen: 73280K->509K(71680K)] 521714K->449967K(589824K), 0.0017133 secs] [Times: user=0.00 sys=0.00, real=0.00 secs] 
2435.721: [GC (Allocation Failure) [PSYoungGen: 71677K->589K(73216K)] 521135K->450048K(591360K), 0.0017606 secs] [Times: user=0.00 sys=0.00, real=0.01 secs] 
2435.875: [GC (Allocation Failure) [PSYoungGen: 71245K->525K(71168K)] 520704K->449984K(589312K), 0.0016527 secs] [Times: user=0.01 sys=0.00, real=0.00 secs] 
2436.187: [GC (Allocation Failure) [PSYoungGen: 70669K->1456K(71168K)] 520128K->450962K(589312K), 0.0026192 secs] [Times: user=0.01 sys=0.00, real=0.00 secs] 
2436.520: [GC (Allocation Failure) [PSYoungGen: 71088K->1440K(70656K)] 520594K->450946K(588800K), 0.0022900 secs] [Times: user=0.01 sys=0.00, real=0.01 secs] 
2437.239: [GC (Allocation Failure) [PSYoungGen: 70560K->1440K(70144K)] 520066K->450946K(588288K), 0.0024871 secs] [Times: user=0.01 sys=0.00, real=0.01 secs] 
2437.942: [GC (Allocation Failure) [PSYoungGen: 70048K->1408K(70144K)] 519554K->450914K(588288K), 0.0037559 secs] [Times: user=0.02 sys=0.00, real=0.00 secs] 
2438.537: [GC (Allocation Failure) [PSYoungGen: 69504K->1501K(69120K)] 519010K->451016K(587264K), 0.0026299 secs] [Times: user=0.01 sys=0.00, real=0.00 secs] 
2438.703: [GC (Allocation Failure) [PSYoungGen: 69085K->1485K(69120K)] 518600K->451000K(587264K), 0.0016999 secs] [Times: user=0.01 sys=0.00, real=0.00 secs] 
2438.821: [GC (Allocation Failure) [PSYoungGen: 68557K->1453K(68096K)] 518072K->450968K(586240K), 0.0018393 secs] [Times: user=0.01 sys=0.00, real=0.00 secs] 
2438.938: [GC (Allocation Failure) [PSYoungGen: 68013K->1536K(69120K)] 517528K->451050K(587264K), 0.0018070 secs] [Times: user=0.00 sys=0.00, real=0.00 secs] 
2439.170: [GC (Allocation Failure) [PSYoungGen: 68096K->1424K(67584K)] 517610K->450962K(585728K), 0.0019036 secs] [Times: user=0.01 sys=0.00, real=0.01 secs] 
2439.444: [GC (Allocation Failure) [PSYoungGen: 67472K->1376K(67072K)] 517010K->450914K(585216K), 0.0019507 secs] [Times: user=0.01 sys=0.00, real=0.00 secs] 
2439.716: [GC (Allocation Failure) [PSYoungGen: 66912K->1344K(66560K)] 516450K->450882K(584704K), 0.0018069 secs] [Times: user=0.01 sys=0.00, real=0.00 secs] 
2439.986: [GC (Allocation Failure) [PSYoungGen: 66368K->1376K(66048K)] 515906K->450914K(584192K), 0.0021950 secs] [Times: user=0.00 sys=0.00, real=0.00 secs] 
2440.262: [GC (Allocation Failure) [PSYoungGen: 65888K->1392K(65536K)] 515426K->450930K(583680K), 0.0024652 secs] [Times: user=0.01 sys=0.00, real=0.00 secs] 
2440.403: [GC (Allocation Failure) [PSYoungGen: 65392K->1421K(65024K)] 514930K->450960K(583168K), 0.0016975 secs] [Times: user=0.01 sys=0.00, real=0.00 secs] 
2440.516: [GC (Allocation Failure) [PSYoungGen: 64909K->1472K(66048K)] 514448K->451010K(584192K), 0.0017614 secs] [Times: user=0.01 sys=0.00, real=0.00 secs] 
2440.631: [GC (Allocation Failure) [PSYoungGen: 65472K->1501K(71168K)] 515010K->451056K(589312K), 0.0017961 secs] [Times: user=0.00 sys=0.00, real=0.00 secs] 
2441.216: [GC (Allocation Failure) [PSYoungGen: 70621K->1408K(71168K)] 520176K->450962K(589312K), 0.0031197 secs] [Times: user=0.01 sys=0.00, real=0.00 secs] 
2442.274: [GC (Allocation Failure) [PSYoungGen: 70528K->1408K(70144K)] 520082K->450962K(588288K), 0.0030959 secs] [Times: user=0.01 sys=0.00, real=0.00 secs] 
2442.933: [GC (Allocation Failure) [PSYoungGen: 70016K->1344K(69632K)] 519570K->450898K(587776K), 0.0029855 secs] [Times: user=0.01 sys=0.00, real=0.00 secs] 
2443.642: [GC (Allocation Failure) [PSYoungGen: 69440K->1376K(69120K)] 518994K->450930K(587264K), 0.0028226 secs] [Times: user=0.01 sys=0.00, real=0.00 secs] 
2444.333: [GC (Allocation Failure) [PSYoungGen: 68960K->1469K(68608K)] 518514K->451024K(586752K), 0.0030258 secs] [Times: user=0.01 sys=0.00, real=0.00 secs] 
2444.533: [GC (Allocation Failure) [PSYoungGen: 68541K->1501K(68096K)] 518096K->451056K(586240K), 0.0016558 secs] [Times: user=0.00 sys=0.00, real=0.00 secs] 
2444.666: [GC (Allocation Failure) [PSYoungGen: 68061K->1533K(67584K)] 517616K->451088K(585728K), 0.0019820 secs] [Times: user=0.00 sys=0.00, real=0.00 secs] 
2444.830: [GC (Allocation Failure) [PSYoungGen: 67581K->1501K(67072K)] 517136K->451064K(585216K), 0.0020617 secs] [Times: user=0.01 sys=0.00, real=0.01 secs] 
2445.368: [GC (Allocation Failure) [PSYoungGen: 67037K->1392K(66560K)] 516600K->450954K(584704K), 0.0042208 secs] [Times: user=0.02 sys=0.00, real=0.01 secs] 
2445.906: [GC (Allocation Failure) [PSYoungGen: 66416K->1392K(66048K)] 515978K->450954K(584192K), 0.0023074 secs] [Times: user=0.01 sys=0.00, real=0.00 secs] 
2446.425: [GC (Allocation Failure) [PSYoungGen: 65904K->1376K(65536K)] 515466K->450938K(583680K), 0.0025233 secs] [Times: user=0.01 sys=0.00, real=0.00 secs] 
2446.861: [GC (Allocation Failure) [PSYoungGen: 65376K->1344K(65024K)] 514938K->450906K(583168K), 0.0022918 secs] [Times: user=0.01 sys=0.00, real=0.00 secs] 
2447.194: [GC (Allocation Failure) [PSYoungGen: 64832K->1376K(64512K)] 514394K->450938K(582656K), 0.0019683 secs] [Times: user=0.00 sys=0.00, real=0.00 secs] 
2447.382: [GC (Allocation Failure) [PSYoungGen: 64352K->1469K(64000K)] 513914K->451032K(582144K), 0.0016118 secs] [Times: user=0.01 sys=0.00, real=0.00 secs] 
2447.493: [GC (Allocation Failure) [PSYoungGen: 63933K->1536K(64000K)] 513496K->451098K(582144K), 0.0018081 secs] [Times: user=0.01 sys=0.00, real=0.00 secs] 
2447.602: [GC (Allocation Failure) [PSYoungGen: 63488K->445K(68608K)] 513050K->451040K(586752K), 0.0016932 secs] [Times: user=0.00 sys=0.00, real=0.00 secs] 
2447.722: [GC (Allocation Failure) [PSYoungGen: 68029K->461K(69632K)] 518624K->451056K(587776K), 0.0015584 secs] [Times: user=0.01 sys=0.00, real=0.00 secs] 
2448.371: [GC (Allocation Failure) [PSYoungGen: 68045K->1440K(68608K)] 518640K->452034K(586752K), 0.0022398 secs] [Times: user=0.01 sys=0.00, real=0.00 secs] 
2449.253: [GC (Allocation Failure) [PSYoungGen: 68512K->1344K(68096K)] 519106K->451938K(586240K), 0.0045893 secs] [Times: user=0.01 sys=0.00, real=0.00 secs] 
2449.939: [GC (Allocation Failure) [PSYoungGen: 67904K->1344K(67584K)] 518498K->451954K(585728K), 0.0028143 secs] [Times: user=0.01 sys=0.00, real=0.01 secs] 
2450.516: [GC (Allocation Failure) [PSYoungGen: 67392K->1344K(67072K)] 518002K->451954K(585216K), 0.0026675 secs] [Times: user=0.01 sys=0.00, real=0.00 secs] 
2451.040: [GC (Allocation Failure) [PSYoungGen: 66880K->1469K(66560K)] 517490K->452080K(584704K), 0.0020953 secs] [Times: user=0.00 sys=0.00, real=0.01 secs] 
2451.213: [GC (Allocation Failure) [PSYoungGen: 66493K->1472K(66048K)] 517104K->452082K(584192K), 0.0023101 secs] [Times: user=0.01 sys=0.00, real=0.00 secs] 
2451.363: [GC (Allocation Failure) [PSYoungGen: 65984K->1472K(65536K)] 516594K->452090K(583680K), 0.0016099 secs] [Times: user=0.00 sys=0.00, real=0.00 secs] 
2451.493: [GC (Allocation Failure) [PSYoungGen: 65472K->1389K(71168K)] 516090K->452008K(589312K), 0.0020859 secs] [Times: user=0.01 sys=0.00, real=0.00 secs] 
2452.293: [GC (Allocation Failure) [PSYoungGen: 71021K->1408K(70656K)] 521640K->452026K(588800K), 0.0031721 secs] [Times: user=0.01 sys=0.00, real=0.00 secs] 
2453.123: [GC (Allocation Failure) [PSYoungGen: 70528K->1344K(70144K)] 521146K->451962K(588288K), 0.0053215 secs] [Times: user=0.02 sys=0.00, real=0.00 secs] 
2453.936: [GC (Allocation Failure) [PSYoungGen: 69952K->1376K(69632K)] 520570K->451994K(587776K), 0.0051153 secs] [Times: user=0.02 sys=0.01, real=0.01 secs] 
2454.439: [GC (Allocation Failure) [PSYoungGen: 69472K->1344K(69120K)] 520090K->451962K(587264K), 0.0020613 secs] [Times: user=0.01 sys=0.00, real=0.00 secs] 
2454.727: [GC (Allocation Failure) [PSYoungGen: 68928K->1501K(68608K)] 519546K->452120K(586752K), 0.0016694 secs] [Times: user=0.01 sys=0.00, real=0.00 secs] 
2454.846: [GC (Allocation Failure) [PSYoungGen: 68573K->1472K(68096K)] 519192K->452090K(586240K), 0.0016570 secs] [Times: user=0.01 sys=0.00, real=0.00 secs] 
2454.964: [GC (Allocation Failure) [PSYoungGen: 68032K->1453K(67584K)] 518650K->452072K(585728K), 0.0016228 secs] [Times: user=0.01 sys=0.00, real=0.00 secs] 
2455.082: [GC (Allocation Failure) [PSYoungGen: 67501K->1440K(68096K)] 518120K->452066K(586240K), 0.0016590 secs] [Times: user=0.01 sys=0.00, real=0.00 secs] 
2456.130: [GC (Allocation Failure) [PSYoungGen: 67488K->1424K(67072K)] 518114K->452050K(585216K), 0.0032868 secs] [Times: user=0.01 sys=0.00, real=0.01 secs] 
2457.102: [GC (Allocation Failure) [PSYoungGen: 66960K->1360K(66560K)] 517586K->451986K(584704K), 0.0046949 secs] [Times: user=0.02 sys=0.00, real=0.00 secs] 
2457.900: [GC (Allocation Failure) [PSYoungGen: 66384K->1360K(66048K)] 517010K->451986K(584192K), 0.0042557 secs] [Times: user=0.01 sys=0.00, real=0.01 secs] 
2458.354: [GC (Allocation Failure) [PSYoungGen: 65872K->1344K(65536K)] 516498K->451970K(583680K), 0.0024883 secs] [Times: user=0.01 sys=0.00, real=0.00 secs] 
2458.663: [GC (Allocation Failure) [PSYoungGen: 65344K->1440K(65024K)] 515970K->452066K(583168K), 0.0015511 secs] [Times: user=0.01 sys=0.00, real=0.00 secs] 
2458.776: [GC (Allocation Failure) [PSYoungGen: 64928K->1488K(64512K)] 515554K->452114K(582656K), 0.0017176 secs] [Times: user=0.01 sys=0.00, real=0.00 secs] 
2458.889: [GC (Allocation Failure) [PSYoungGen: 64464K->1469K(64000K)] 515090K->452096K(582144K), 0.0015715 secs] [Times: user=0.01 sys=0.00, real=0.00 secs] 
2459.000: [GC (Allocation Failure) [PSYoungGen: 63933K->1421K(70656K)] 514560K->452056K(588800K), 0.0016982 secs] [Times: user=0.01 sys=0.00, real=0.01 secs] 
2459.639: [GC (Allocation Failure) [PSYoungGen: 70029K->1440K(69632K)] 520664K->452074K(587776K), 0.0027490 secs] [Times: user=0.01 sys=0.00, real=0.01 secs] 
2460.703: [GC (Allocation Failure) [PSYoungGen: 69536K->1376K(69120K)] 520170K->452010K(587264K), 0.0044301 secs] [Times: user=0.02 sys=0.00, real=0.00 secs] 
2461.566: [GC (Allocation Failure) [PSYoungGen: 68960K->1376K(68608K)] 519594K->452026K(586752K), 0.0031769 secs] [Times: user=0.01 sys=0.00, real=0.00 secs] 
2462.248: [GC (Allocation Failure) [PSYoungGen: 68448K->1312K(68096K)] 519098K->451962K(586240K), 0.0029408 secs] [Times: user=0.01 sys=0.00, real=0.00 secs] 
2462.802: [GC (Allocation Failure) [PSYoungGen: 67872K->1456K(67584K)] 518522K->452106K(585728K), 0.0025093 secs] [Times: user=0.01 sys=0.00, real=0.00 secs] 
2462.973: [GC (Allocation Failure) [PSYoungGen: 67504K->1517K(67072K)] 518154K->452168K(585216K), 0.0019097 secs] [Times: user=0.00 sys=0.00, real=0.00 secs] 
2463.088: [GC (Allocation Failure) [PSYoungGen: 67053K->1453K(66560K)] 517704K->452104K(584704K), 0.0016523 secs] [Times: user=0.01 sys=0.00, real=0.00 secs] 
2463.203: [GC (Allocation Failure) [PSYoungGen: 66477K->1389K(67072K)] 517128K->452048K(585216K), 0.0016595 secs] [Times: user=0.01 sys=0.00, real=0.00 secs] 
2463.627: [GC (Allocation Failure) [PSYoungGen: 66413K->1392K(66048K)] 517072K->452050K(584192K), 0.0023618 secs] [Times: user=0.01 sys=0.00, real=0.00 secs] 
2464.241: [GC (Allocation Failure) [PSYoungGen: 65904K->1344K(65536K)] 516562K->452002K(583680K), 0.0056225 secs] [Times: user=0.02 sys=0.00, real=0.01 secs] 
2464.962: [GC (Allocation Failure) [PSYoungGen: 65344K->1312K(65024K)] 516002K->451970K(583168K), 0.0028974 secs] [Times: user=0.02 sys=0.00, real=0.00 secs] 
2465.526: [GC (Allocation Failure) [PSYoungGen: 64800K->1344K(64512K)] 515458K->452002K(582656K), 0.0032392 secs] [Times: user=0.01 sys=0.00, real=0.00 secs] 
2466.103: [GC (Allocation Failure) [PSYoungGen: 64320K->1344K(64000K)] 514978K->452002K(582144K), 0.0029864 secs] [Times: user=0.02 sys=0.00, real=0.00 secs] 
2466.493: [GC (Allocation Failure) [PSYoungGen: 63808K->1501K(63488K)] 514466K->452160K(581632K), 0.0021243 secs] [Times: user=0.01 sys=0.00, real=0.00 secs] 
2466.626: [GC (Allocation Failure) [PSYoungGen: 63453K->1469K(62976K)] 514112K->452128K(581120K), 0.0017118 secs] [Times: user=0.01 sys=0.00, real=0.00 secs] 
2466.750: [GC (Allocation Failure) [PSYoungGen: 62909K->1453K(68096K)] 513568K->452120K(586240K), 0.0020860 secs] [Times: user=0.01 sys=0.00, real=0.01 secs] 
2466.899: [GC (Allocation Failure) [PSYoungGen: 68013K->1469K(68608K)] 518680K->452136K(586752K), 0.0019382 secs] [Times: user=0.00 sys=0.00, real=0.01 secs] 
2467.531: [GC (Allocation Failure) [PSYoungGen: 68029K->1392K(67584K)] 518696K->452058K(585728K), 0.0041736 secs] [Times: user=0.01 sys=0.00, real=0.01 secs] 
2468.128: [GC (Allocation Failure) [PSYoungGen: 67440K->1376K(67072K)] 518106K->452042K(585216K), 0.0035454 secs] [Times: user=0.02 sys=0.00, real=0.01 secs] 
2468.427: [GC (Allocation Failure) [PSYoungGen: 66912K->1344K(66560K)] 517578K->452010K(584704K), 0.0020498 secs] [Times: user=0.01 sys=0.00, real=0.00 secs] 
2468.698: [GC (Allocation Failure) [PSYoungGen: 66368K->1376K(66048K)] 517034K->452042K(584192K), 0.0018829 secs] [Times: user=0.00 sys=0.00, real=0.00 secs] 
2468.929: [GC (Allocation Failure) [PSYoungGen: 65888K->1472K(65536K)] 516554K->452138K(583680K), 0.0017298 secs] [Times: user=0.01 sys=0.00, real=0.00 secs] 
2469.044: [GC (Allocation Failure) [PSYoungGen: 65472K->1453K(65024K)] 516138K->452120K(583168K), 0.0016604 secs] [Times: user=0.01 sys=0.00, real=0.00 secs] 
2469.172: [GC (Allocation Failure) [PSYoungGen: 64941K->1469K(65536K)] 515608K->452152K(583680K), 0.0019998 secs] [Times: user=0.00 sys=0.00, real=0.00 secs] 
2469.312: [GC (Allocation Failure) [PSYoungGen: 64957K->1453K(71168K)] 515640K->452136K(589312K), 0.0017924 secs] [Times: user=0.00 sys=0.00, real=0.00 secs] 
2469.538: [GC (Allocation Failure) [PSYoungGen: 70573K->1392K(71168K)] 521256K->452098K(589312K), 0.0021502 secs] [Times: user=0.00 sys=0.01, real=0.00 secs] 
2469.825: [GC (Allocation Failure) [PSYoungGen: 70512K->1312K(70144K)] 521218K->452018K(588288K), 0.0019724 secs] [Times: user=0.01 sys=0.00, real=0.00 secs] 
2470.111: [GC (Allocation Failure) [PSYoungGen: 69920K->1376K(69632K)] 520626K->452082K(587776K), 0.0026795 secs] [Times: user=0.01 sys=0.00, real=0.00 secs] 
2470.395: [GC (Allocation Failure) [PSYoungGen: 69472K->1344K(69120K)] 520178K->452050K(587264K), 0.0019687 secs] [Times: user=0.00 sys=0.00, real=0.00 secs] 
2470.665: [GC (Allocation Failure) [PSYoungGen: 68928K->1437K(68608K)] 519634K->452144K(586752K), 0.0020651 secs] [Times: user=0.01 sys=0.00, real=0.00 secs] 
2470.796: [GC (Allocation Failure) [PSYoungGen: 68509K->1456K(68096K)] 519215K->452162K(586240K), 0.0016219 secs] [Times: user=0.00 sys=0.00, real=0.00 secs] 
2470.913: [GC (Allocation Failure) [PSYoungGen: 68016K->1453K(74752K)] 518722K->452160K(592896K), 0.0016580 secs] [Times: user=0.01 sys=0.00, real=0.00 secs] 
2471.041: [GC (Allocation Failure) [PSYoungGen: 74157K->1472K(74752K)] 524864K->452194K(592896K), 0.0015613 secs] [Times: user=0.01 sys=0.00, real=0.00 secs] 
2471.739: [GC (Allocation Failure) [PSYoungGen: 74176K->1456K(73728K)] 524898K->452178K(591872K), 0.0019390 secs] [Times: user=0.01 sys=0.00, real=0.01 secs] 
2472.609: [GC (Allocation Failure) [PSYoungGen: 73648K->1376K(73216K)] 524370K->452098K(591360K), 0.0035255 secs] [Times: user=0.01 sys=0.00, real=0.01 secs] 
2473.321: [GC (Allocation Failure) [PSYoungGen: 73056K->1376K(72704K)] 523778K->452098K(590848K), 0.0025191 secs] [Times: user=0.01 sys=0.00, real=0.00 secs] 
2473.675: [GC (Allocation Failure) [PSYoungGen: 72544K->1360K(72192K)] 523266K->452082K(590336K), 0.0020376 secs] [Times: user=0.01 sys=0.00, real=0.00 secs] 
2473.923: [GC (Allocation Failure) [PSYoungGen: 72016K->1437K(71680K)] 522738K->452160K(589824K), 0.0017820 secs] [Times: user=0.01 sys=0.00, real=0.00 secs] 
2474.046: [GC (Allocation Failure) [PSYoungGen: 71581K->1453K(71168K)] 522304K->452176K(589312K), 0.0017814 secs] [Times: user=0.00 sys=0.00, real=0.00 secs] 
2474.169: [GC (Allocation Failure) [PSYoungGen: 71085K->1453K(70656K)] 521808K->452176K(588800K), 0.0017419 secs] [Times: user=0.01 sys=0.00, real=0.00 secs] 
2474.292: [GC (Allocation Failure) [PSYoungGen: 70573K->1533K(71168K)] 521296K->452264K(589312K), 0.0017598 secs] [Times: user=0.01 sys=0.00, real=0.00 secs] 
2475.499: [GC (Allocation Failure) [PSYoungGen: 70653K->1440K(70144K)] 521384K->452170K(588288K), 0.0054604 secs] [Times: user=0.02 sys=0.00, real=0.01 secs] 
2476.389: [GC (Allocation Failure) [PSYoungGen: 70048K->1376K(69632K)] 520778K->452106K(587776K), 0.0038741 secs] [Times: user=0.02 sys=0.00, real=0.01 secs] 
2477.017: [GC (Allocation Failure) [PSYoungGen: 69472K->1376K(69120K)] 520202K->452106K(587264K), 0.0036203 secs] [Times: user=0.01 sys=0.00, real=0.00 secs] 
2477.666: [GC (Allocation Failure) [PSYoungGen: 68960K->1344K(68608K)] 519690K->452074K(586752K), 0.0029484 secs] [Times: user=0.02 sys=0.00, real=0.00 secs] 
2477.963: [GC (Allocation Failure) [PSYoungGen: 68416K->1437K(68096K)] 519146K->452168K(586240K), 0.0020672 secs] [Times: user=0.00 sys=0.00, real=0.00 secs] 
2478.087: [GC (Allocation Failure) [PSYoungGen: 67997K->1472K(67584K)] 518728K->452202K(585728K), 0.0016592 secs] [Times: user=0.01 sys=0.00, real=0.00 secs] 
2478.205: [GC (Allocation Failure) [PSYoungGen: 67520K->1472K(67072K)] 518250K->452202K(585216K), 0.0016862 secs] [Times: user=0.01 sys=0.00, real=0.00 secs] 
2478.321: [GC (Allocation Failure) [PSYoungGen: 66979K->1437K(67584K)] 517709K->452176K(585728K), 0.0017036 secs] [Times: user=0.01 sys=0.00, real=0.00 secs] 
2479.041: [GC (Allocation Failure) [PSYoungGen: 66973K->1408K(66560K)] 517712K->452146K(584704K), 0.0019296 secs] [Times: user=0.00 sys=0.00, real=0.00 secs] 
2479.514: [GC (Allocation Failure) [PSYoungGen: 66432K->1344K(66048K)] 517170K->452082K(584192K), 0.0031883 secs] [Times: user=0.01 sys=0.00, real=0.00 secs] 
2480.268: [GC (Allocation Failure) [PSYoungGen: 65856K->1376K(65536K)] 516594K->452114K(583680K), 0.0044764 secs] [Times: user=0.01 sys=0.00, real=0.01 secs] 
2480.989: [GC (Allocation Failure) [PSYoungGen: 65376K->1360K(65024K)] 516114K->452098K(583168K), 0.0044009 secs] [Times: user=0.02 sys=0.00, real=0.01 secs] 
2481.447: [GC (Allocation Failure) [PSYoungGen: 64848K->1437K(64512K)] 515586K->452176K(582656K), 0.0023064 secs] [Times: user=0.01 sys=0.00, real=0.00 secs] 
2481.591: [GC (Allocation Failure) [PSYoungGen: 64413K->1469K(64000K)] 515152K->452208K(582144K), 0.0015962 secs] [Times: user=0.01 sys=0.00, real=0.00 secs] 
2481.702: [GC (Allocation Failure) [PSYoungGen: 63933K->1453K(63488K)] 514672K->452208K(581632K), 0.0018835 secs] [Times: user=0.00 sys=0.00, real=0.00 secs] 
2481.811: [GC (Allocation Failure) [PSYoungGen: 63405K->1453K(64000K)] 514160K->452216K(582144K), 0.0015965 secs] [Times: user=0.01 sys=0.00, real=0.00 secs] 
2482.136: [GC (Allocation Failure) [PSYoungGen: 63405K->1392K(64000K)] 514168K->452154K(582144K), 0.0029039 secs] [Times: user=0.01 sys=0.00, real=0.00 secs] 
2482.628: [GC (Allocation Failure) [PSYoungGen: 63344K->1344K(62976K)] 514106K->452106K(581120K), 0.0024337 secs] [Times: user=0.01 sys=0.00, real=0.00 secs] 
2482.877: [GC (Allocation Failure) [PSYoungGen: 62784K->1312K(62464K)] 513546K->452074K(580608K), 0.0021403 secs] [Times: user=0.01 sys=0.00, real=0.00 secs] 
2483.131: [GC (Allocation Failure) [PSYoungGen: 62240K->1376K(61952K)] 513002K->452138K(580096K), 0.0020555 secs] [Times: user=0.01 sys=0.00, real=0.00 secs] 
2483.613: [GC (Allocation Failure) [PSYoungGen: 61792K->1376K(61440K)] 512554K->452138K(579584K), 0.0021512 secs] [Times: user=0.01 sys=0.00, real=0.00 secs] 
2483.819: [GC (Allocation Failure) [PSYoungGen: 61280K->413K(60416K)] 512042K->452200K(578560K), 0.0016774 secs] [Times: user=0.00 sys=0.00, real=0.01 secs] 
2483.926: [GC (Allocation Failure) [PSYoungGen: 60317K->429K(61952K)] 512104K->452216K(580096K), 0.0014806 secs] [Times: user=0.00 sys=0.00, real=0.00 secs] 
2484.046: [GC (Allocation Failure) [PSYoungGen: 60333K->461K(67072K)] 512120K->452256K(585216K), 0.0017163 secs] [Times: user=0.01 sys=0.00, real=0.00 secs] 
2484.189: [GC (Allocation Failure) [PSYoungGen: 65485K->461K(67072K)] 517280K->452256K(585216K), 0.0019294 secs] [Times: user=0.01 sys=0.00, real=0.01 secs] 
2484.817: [GC (Allocation Failure) [PSYoungGen: 65485K->1392K(66048K)] 517280K->453186K(584192K), 0.0021762 secs] [Times: user=0.00 sys=0.00, real=0.00 secs] 
2485.396: [GC (Allocation Failure) [PSYoungGen: 65904K->1376K(65536K)] 517698K->453170K(583680K), 0.0022199 secs] [Times: user=0.01 sys=0.00, real=0.00 secs] 
2485.915: [GC (Allocation Failure) [PSYoungGen: 65376K->1344K(65024K)] 517170K->453138K(583168K), 0.0022475 secs] [Times: user=0.01 sys=0.00, real=0.00 secs] 
2486.724: [GC (Allocation Failure) [PSYoungGen: 64832K->1344K(64512K)] 516626K->453138K(582656K), 0.0043754 secs] [Times: user=0.02 sys=0.01, real=0.00 secs] 
2487.477: [GC (Allocation Failure) [PSYoungGen: 64320K->1469K(64000K)] 516114K->453264K(582144K), 0.0032959 secs] [Times: user=0.02 sys=0.00, real=0.00 secs] 
2487.664: [GC (Allocation Failure) [PSYoungGen: 63933K->1472K(63488K)] 515728K->453266K(581632K), 0.0021220 secs] [Times: user=0.01 sys=0.00, real=0.00 secs] 
2487.777: [GC (Allocation Failure) [PSYoungGen: 63424K->1501K(62976K)] 515218K->453304K(581120K), 0.0016093 secs] [Times: user=0.00 sys=0.00, real=0.00 secs] 
2487.885: [GC (Allocation Failure) [PSYoungGen: 62941K->1488K(68608K)] 514744K->453290K(586752K), 0.0017166 secs] [Times: user=0.00 sys=0.00, real=0.00 secs] 
2488.354: [GC (Allocation Failure) [PSYoungGen: 68560K->1920K(68608K)] 520362K->453722K(586752K), 0.0030296 secs] [Times: user=0.01 sys=0.00, real=0.00 secs] 
2488.932: [GC (Allocation Failure) [PSYoungGen: 68480K->1376K(67584K)] 520282K->453178K(585728K), 0.0028975 secs] [Times: user=0.01 sys=0.00, real=0.00 secs] 
2489.558: [GC (Allocation Failure) [PSYoungGen: 67424K->1376K(67584K)] 519226K->453178K(585728K), 0.0022907 secs] [Times: user=0.01 sys=0.00, real=0.00 secs] 
2490.239: [GC (Allocation Failure) [PSYoungGen: 66912K->1376K(66560K)] 518714K->453178K(584704K), 0.0026577 secs] [Times: user=0.01 sys=0.00, real=0.01 secs] 
2490.948: [GC (Allocation Failure) [PSYoungGen: 66400K->1376K(66048K)] 518202K->453178K(584192K), 0.0030629 secs] [Times: user=0.01 sys=0.00, real=0.00 secs] 
2491.247: [GC (Allocation Failure) [PSYoungGen: 65888K->1501K(65536K)] 517690K->453304K(583680K), 0.0019530 secs] [Times: user=0.01 sys=0.00, real=0.00 secs] 
2491.367: [GC (Allocation Failure) [PSYoungGen: 65501K->1453K(65024K)] 517304K->453256K(583168K), 0.0018122 secs] [Times: user=0.01 sys=0.00, real=0.00 secs] 
2491.479: [GC (Allocation Failure) [PSYoungGen: 64941K->1469K(64512K)] 516744K->453288K(582656K), 0.0017940 secs] [Times: user=0.01 sys=0.00, real=0.01 secs] 
2491.591: [GC (Allocation Failure) [PSYoungGen: 64445K->1437K(65024K)] 516264K->453256K(583168K), 0.0017439 secs] [Times: user=0.00 sys=0.00, real=0.00 secs] 
2492.362: [GC (Allocation Failure) [PSYoungGen: 64413K->1376K(64000K)] 516232K->453194K(582144K), 0.0026961 secs] [Times: user=0.01 sys=0.00, real=0.00 secs] 
2493.310: [GC (Allocation Failure) [PSYoungGen: 63840K->1376K(63488K)] 515658K->453194K(581632K), 0.0051109 secs] [Times: user=0.02 sys=0.00, real=0.01 secs] 
2494.101: [GC (Allocation Failure) [PSYoungGen: 63328K->1344K(62976K)] 515146K->453162K(581120K), 0.0034424 secs] [Times: user=0.01 sys=0.00, real=0.01 secs] 
2494.595: [GC (Allocation Failure) [PSYoungGen: 62784K->1408K(62464K)] 514602K->453226K(580608K), 0.0027208 secs] [Times: user=0.01 sys=0.01, real=0.00 secs] 
2494.996: [GC (Allocation Failure) [PSYoungGen: 62336K->1437K(61952K)] 514154K->453256K(580096K), 0.0021308 secs] [Times: user=0.01 sys=0.00, real=0.00 secs] 
2495.142: [GC (Allocation Failure) [PSYoungGen: 61853K->1501K(61440K)] 513672K->453320K(579584K), 0.0017173 secs] [Times: user=0.01 sys=0.00, real=0.00 secs] 
2495.248: [GC (Allocation Failure) [PSYoungGen: 61405K->1437K(61952K)] 513224K->453264K(580096K), 0.0016043 secs] [Times: user=0.01 sys=0.00, real=0.00 secs] 
2495.353: [GC (Allocation Failure) [PSYoungGen: 61341K->1437K(61952K)] 513168K->453264K(580096K), 0.0016501 secs] [Times: user=0.00 sys=0.00, real=0.00 secs] 
2495.459: [GC (Allocation Failure) [PSYoungGen: 61341K->1453K(61952K)] 513168K->453280K(580096K), 0.0016980 secs] [Times: user=0.01 sys=0.00, real=0.00 secs] 
2495.965: [GC (Allocation Failure) [PSYoungGen: 61357K->1376K(67072K)] 513184K->453202K(585216K), 0.0019353 secs] [Times: user=0.01 sys=0.00, real=0.00 secs] 
2496.238: [GC (Allocation Failure) [PSYoungGen: 66912K->1344K(66560K)] 518738K->453170K(584704K), 0.0019397 secs] [Times: user=0.01 sys=0.00, real=0.00 secs] 
2496.509: [GC (Allocation Failure) [PSYoungGen: 66368K->1392K(66048K)] 518194K->453218K(584192K), 0.0020356 secs] [Times: user=0.01 sys=0.00, real=0.01 secs] 
2496.801: [GC (Allocation Failure) [PSYoungGen: 65904K->1376K(65536K)] 517730K->453202K(583680K), 0.0021040 secs] [Times: user=0.01 sys=0.00, real=0.00 secs] 
2497.030: [GC (Allocation Failure) [PSYoungGen: 65376K->1517K(65024K)] 517202K->453344K(583168K), 0.0016747 secs] [Times: user=0.01 sys=0.00, real=0.01 secs] 
2497.146: [GC (Allocation Failure) [PSYoungGen: 65005K->1469K(64512K)] 516832K->453296K(582656K), 0.0016541 secs] [Times: user=0.00 sys=0.00, real=0.00 secs] 
2497.258: [GC (Allocation Failure) [PSYoungGen: 64445K->1437K(65024K)] 516272K->453272K(583168K), 0.0016565 secs] [Times: user=0.00 sys=0.00, real=0.00 secs] 
2497.369: [GC (Allocation Failure) [PSYoungGen: 64413K->1504K(65024K)] 516248K->453338K(583168K), 0.0017442 secs] [Times: user=0.00 sys=0.00, real=0.01 secs] 
2497.615: [GC (Allocation Failure) [PSYoungGen: 64480K->1392K(70144K)] 516314K->453226K(588288K), 0.0017949 secs] [Times: user=0.01 sys=0.00, real=0.00 secs] 
2497.900: [GC (Allocation Failure) [PSYoungGen: 70000K->1344K(69632K)] 521834K->453186K(587776K), 0.0018120 secs] [Times: user=0.01 sys=0.00, real=0.01 secs] 
2498.188: [GC (Allocation Failure) [PSYoungGen: 69440K->1312K(69120K)] 521282K->453154K(587264K), 0.0017258 secs] [Times: user=0.01 sys=0.00, real=0.00 secs] 
2498.468: [GC (Allocation Failure) [PSYoungGen: 68896K->1312K(68608K)] 520738K->453154K(586752K), 0.0032519 secs] [Times: user=0.01 sys=0.00, real=0.01 secs] 
2498.785: [GC (Allocation Failure) [PSYoungGen: 68384K->1501K(68096K)] 520226K->453344K(586240K), 0.0029659 secs] [Times: user=0.01 sys=0.01, real=0.00 secs] 
2498.976: [GC (Allocation Failure) [PSYoungGen: 68061K->1437K(67584K)] 519904K->453280K(585728K), 0.0017379 secs] [Times: user=0.00 sys=0.00, real=0.00 secs] 
2499.093: [GC (Allocation Failure) [PSYoungGen: 67485K->1421K(68096K)] 519328K->453264K(586240K), 0.0016551 secs] [Times: user=0.01 sys=0.00, real=0.00 secs] 
2499.211: [GC (Allocation Failure) [PSYoungGen: 67469K->1421K(68096K)] 519312K->453272K(586240K), 0.0015826 secs] [Times: user=0.01 sys=0.00, real=0.00 secs] 
2499.426: [GC (Allocation Failure) [PSYoungGen: 67469K->1424K(74240K)] 519320K->453274K(592384K), 0.0020553 secs] [Times: user=0.01 sys=0.00, real=0.00 secs] 
2499.726: [GC (Allocation Failure) [PSYoungGen: 73616K->1344K(73216K)] 525466K->453194K(591360K), 0.0017350 secs] [Times: user=0.01 sys=0.00, real=0.00 secs] 
2500.024: [GC (Allocation Failure) [PSYoungGen: 73024K->1376K(72704K)] 524874K->453226K(590848K), 0.0020182 secs] [Times: user=0.00 sys=0.00, real=0.00 secs] 
2500.371: [GC (Allocation Failure) [PSYoungGen: 72544K->1312K(72192K)] 524394K->453162K(590336K), 0.0025823 secs] [Times: user=0.01 sys=0.00, real=0.01 secs] 
2500.695: [GC (Allocation Failure) [PSYoungGen: 71968K->1440K(71680K)] 523818K->453290K(589824K), 0.0020793 secs] [Times: user=0.00 sys=0.00, real=0.00 secs] 
2500.823: [GC (Allocation Failure) [PSYoungGen: 71584K->1453K(71168K)] 523434K->453304K(589312K), 0.0017891 secs] [Times: user=0.01 sys=0.00, real=0.00 secs] 
2500.948: [GC (Allocation Failure) [PSYoungGen: 71085K->1472K(71680K)] 522936K->453322K(589824K), 0.0016539 secs] [Times: user=0.00 sys=0.00, real=0.00 secs] 
2501.071: [GC (Allocation Failure) [PSYoungGen: 71104K->1504K(71680K)] 522954K->453362K(589824K), 0.0017531 secs] [Times: user=0.01 sys=0.00, real=0.00 secs] 
2501.618: [GC (Allocation Failure) [PSYoungGen: 71136K->1488K(78336K)] 522994K->453346K(596480K), 0.0056692 secs] [Times: user=0.01 sys=0.01, real=0.01 secs] 
2501.929: [GC (Allocation Failure) [PSYoungGen: 77776K->1344K(77312K)] 529634K->453202K(595456K), 0.0020186 secs] [Times: user=0.01 sys=0.00, real=0.01 secs] 
2502.416: [GC (Allocation Failure) [PSYoungGen: 77120K->1344K(76800K)] 528978K->453202K(594944K), 0.0033194 secs] [Times: user=0.02 sys=0.00, real=0.00 secs] 
2503.027: [GC (Allocation Failure) [PSYoungGen: 76608K->1312K(76288K)] 528466K->453170K(594432K), 0.0032495 secs] [Times: user=0.02 sys=0.00, real=0.00 secs] 
2503.350: [GC (Allocation Failure) [PSYoungGen: 76064K->1504K(75776K)] 527922K->453362K(593920K), 0.0019794 secs] [Times: user=0.01 sys=0.00, real=0.01 secs] 
2503.482: [GC (Allocation Failure) [PSYoungGen: 75744K->1453K(75264K)] 527602K->453312K(593408K), 0.0016824 secs] [Times: user=0.01 sys=0.00, real=0.00 secs] 
2503.612: [GC (Allocation Failure) [PSYoungGen: 75181K->1440K(74752K)] 527040K->453298K(592896K), 0.0016380 secs] [Times: user=0.01 sys=0.00, real=0.00 secs] 
2504.866: [GC (Allocation Failure) [PSYoungGen: 74656K->1392K(74240K)] 526514K->453250K(592384K), 0.0050113 secs] [Times: user=0.01 sys=0.00, real=0.00 secs] 
2505.747: [GC (Allocation Failure) [PSYoungGen: 74096K->1344K(73728K)] 525954K->453202K(591872K), 0.0037744 secs] [Times: user=0.02 sys=0.01, real=0.01 secs] 
2506.464: [GC (Allocation Failure) [PSYoungGen: 73536K->1344K(73216K)] 525394K->453202K(591360K), 0.0050713 secs] [Times: user=0.02 sys=0.00, real=0.00 secs] 
2507.204: [GC (Allocation Failure) [PSYoungGen: 73024K->1376K(72704K)] 524882K->453234K(590848K), 0.0034914 secs] [Times: user=0.01 sys=0.00, real=0.00 secs] 
2507.642: [GC (Allocation Failure) [PSYoungGen: 72544K->1453K(72192K)] 524402K->453312K(590336K), 0.0021636 secs] [Times: user=0.00 sys=0.00, real=0.00 secs] 
2507.781: [GC (Allocation Failure) [PSYoungGen: 72109K->1472K(71680K)] 523968K->453330K(589824K), 0.0018743 secs] [Times: user=0.01 sys=0.00, real=0.00 secs] 
2507.904: [GC (Allocation Failure) [PSYoungGen: 71616K->1421K(71168K)] 523474K->453280K(589312K), 0.0017071 secs] [Times: user=0.00 sys=0.01, real=0.00 secs] 
2508.027: [GC (Allocation Failure) [PSYoungGen: 71053K->1421K(71680K)] 522912K->453280K(589824K), 0.0016974 secs] [Times: user=0.01 sys=0.00, real=0.00 secs] 
2508.837: [GC (Allocation Failure) [PSYoungGen: 71053K->1408K(70656K)] 522912K->453274K(588800K), 0.0057617 secs] [Times: user=0.02 sys=0.00, real=0.01 secs] 
2509.373: [GC (Allocation Failure) [PSYoungGen: 70528K->320K(69632K)] 522394K->453210K(587776K), 0.0031617 secs] [Times: user=0.01 sys=0.00, real=0.00 secs] 
2509.935: [GC (Allocation Failure) [PSYoungGen: 68928K->352K(68608K)] 521818K->453242K(586752K), 0.0026395 secs] [Times: user=0.01 sys=0.00, real=0.00 secs] 
2510.492: [GC (Allocation Failure) [PSYoungGen: 68448K->352K(69120K)] 521338K->453242K(587264K), 0.0028718 secs] [Times: user=0.01 sys=0.00, real=0.00 secs] 
2510.756: [GC (Allocation Failure) [PSYoungGen: 67936K->1437K(68608K)] 520826K->454328K(586752K), 0.0018281 secs] [Times: user=0.00 sys=0.00, real=0.00 secs] 
2510.876: [GC (Allocation Failure) [PSYoungGen: 68509K->1453K(68096K)] 521400K->454344K(586240K), 0.0017688 secs] [Times: user=0.01 sys=0.00, real=0.00 secs] 
2510.992: [GC (Allocation Failure) [PSYoungGen: 68013K->1453K(68608K)] 520904K->454344K(586752K), 0.0017001 secs] [Times: user=0.01 sys=0.00, real=0.00 secs] 
2511.109: [GC (Allocation Failure) [PSYoungGen: 68013K->1485K(74240K)] 520904K->454384K(592384K), 0.0015710 secs] [Times: user=0.01 sys=0.00, real=0.01 secs] 
2511.431: [GC (Allocation Failure) [PSYoungGen: 73677K->1424K(73216K)] 526576K->454322K(591360K), 0.0016732 secs] [Times: user=0.00 sys=0.01, real=0.00 secs] 
2511.729: [GC (Allocation Failure) [PSYoungGen: 73104K->1312K(72704K)] 526002K->454210K(590848K), 0.0018806 secs] [Times: user=0.01 sys=0.00, real=0.00 secs] 
2512.024: [GC (Allocation Failure) [PSYoungGen: 72480K->1376K(72192K)] 525378K->454274K(590336K), 0.0019528 secs] [Times: user=0.01 sys=0.00, real=0.00 secs] 
2512.336: [GC (Allocation Failure) [PSYoungGen: 71839K->256K(71680K)] 524737K->453154K(589824K), 0.0017199 secs] [Times: user=0.01 sys=0.00, real=0.00 secs] 
2512.462: [GC (Allocation Failure) [PSYoungGen: 70400K->1453K(71680K)] 523298K->454352K(589824K), 0.0016638 secs] [Times: user=0.00 sys=0.00, real=0.00 secs] 
2512.585: [GC (Allocation Failure) [PSYoungGen: 71085K->1504K(72192K)] 523984K->454402K(590336K), 0.0017779 secs] [Times: user=0.01 sys=0.00, real=0.00 secs] 
2512.708: [GC (Allocation Failure) [PSYoungGen: 71136K->1421K(72192K)] 524034K->454320K(590336K), 0.0015784 secs] [Times: user=0.01 sys=0.00, real=0.00 secs] 
2512.904: [GC (Allocation Failure) [PSYoungGen: 71053K->1456K(77824K)] 523952K->454354K(595968K), 0.0017232 secs] [Times: user=0.01 sys=0.00, real=0.00 secs] 
2513.547: [GC (Allocation Failure) [PSYoungGen: 77232K->1344K(76800K)] 530130K->454242K(594944K), 0.0021609 secs] [Times: user=0.01 sys=0.00, real=0.00 secs] 
2514.176: [GC (Allocation Failure) [PSYoungGen: 76608K->1376K(76288K)] 529506K->454274K(594432K), 0.0022777 secs] [Times: user=0.00 sys=0.00, real=0.00 secs] 
2514.771: [GC (Allocation Failure) [PSYoungGen: 76128K->1344K(75776K)] 529026K->454242K(593920K), 0.0021680 secs] [Times: user=0.01 sys=0.00, real=0.00 secs] 
2515.182: [GC (Allocation Failure) [PSYoungGen: 75584K->1440K(75264K)] 528482K->454338K(593408K), 0.0019961 secs] [Times: user=0.01 sys=0.00, real=0.00 secs] 
2515.317: [GC (Allocation Failure) [PSYoungGen: 75168K->1453K(74752K)] 528066K->454352K(592896K), 0.0017681 secs] [Times: user=0.01 sys=0.00, real=0.00 secs] 
2515.447: [GC (Allocation Failure) [PSYoungGen: 74669K->1485K(74240K)] 527568K->454384K(592384K), 0.0016923 secs] [Times: user=0.01 sys=0.00, real=0.00 secs] 
2515.578: [GC (Allocation Failure) [PSYoungGen: 74189K->160K(74240K)] 527088K->453058K(592384K), 0.0015861 secs] [Times: user=0.01 sys=0.00, real=0.00 secs] 
2516.229: [GC (Allocation Failure) [PSYoungGen: 72352K->1328K(73216K)] 525250K->454242K(591360K), 0.0019311 secs] [Times: user=0.01 sys=0.00, real=0.01 secs] 
2516.937: [GC (Allocation Failure) [PSYoungGen: 73008K->1344K(72704K)] 525922K->454258K(590848K), 0.0021974 secs] [Times: user=0.01 sys=0.00, real=0.00 secs] 
2517.587: [GC (Allocation Failure) [PSYoungGen: 72512K->1344K(72192K)] 525426K->454258K(590336K), 0.0025600 secs] [Times: user=0.01 sys=0.00, real=0.00 secs] 
2518.096: [GC (Allocation Failure) [PSYoungGen: 72000K->1405K(71680K)] 524914K->454320K(589824K), 0.0022206 secs] [Times: user=0.01 sys=0.00, real=0.00 secs] 
2518.250: [GC (Allocation Failure) [PSYoungGen: 71549K->1517K(71168K)] 524464K->454432K(589312K), 0.0024134 secs] [Times: user=0.01 sys=0.00, real=0.01 secs] 
2518.373: [GC (Allocation Failure) [PSYoungGen: 71149K->1504K(70656K)] 524064K->454418K(588800K), 0.0018031 secs] [Times: user=0.01 sys=0.00, real=0.00 secs] 
2518.495: [GC (Allocation Failure) [PSYoungGen: 70624K->1437K(71168K)] 523538K->454352K(589312K), 0.0016345 secs] [Times: user=0.00 sys=0.00, real=0.00 secs] 
2519.048: [GC (Allocation Failure) [PSYoungGen: 71069K->1424K(70656K)] 523984K->454338K(588800K), 0.0020795 secs] [Times: user=0.01 sys=0.00, real=0.00 secs] 
2520.004: [GC (Allocation Failure) [PSYoungGen: 70544K->1376K(70144K)] 523458K->454290K(588288K), 0.0032254 secs] [Times: user=0.01 sys=0.00, real=0.00 secs] 
2520.655: [GC (Allocation Failure) [PSYoungGen: 69984K->1344K(69632K)] 522898K->454258K(587776K), 0.0026429 secs] [Times: user=0.01 sys=0.00, real=0.00 secs] 
2521.109: [GC (Allocation Failure) [PSYoungGen: 69440K->1344K(69120K)] 522354K->454274K(587264K), 0.0019848 secs] [Times: user=0.01 sys=0.00, real=0.01 secs] 
2521.396: [GC (Allocation Failure) [PSYoungGen: 68928K->1392K(68608K)] 521858K->454322K(586752K), 0.0019117 secs] [Times: user=0.01 sys=0.00, real=0.00 secs] 
2521.520: [GC (Allocation Failure) [PSYoungGen: 68464K->1453K(68096K)] 521394K->454384K(586240K), 0.0016535 secs] [Times: user=0.01 sys=0.00, real=0.01 secs] 
2521.637: [GC (Allocation Failure) [PSYoungGen: 68013K->1453K(67584K)] 520944K->454384K(585728K), 0.0018224 secs] [Times: user=0.00 sys=0.00, real=0.00 secs] 
2521.755: [GC (Allocation Failure) [PSYoungGen: 67501K->1472K(68096K)] 520432K->454402K(586240K), 0.0016356 secs] [Times: user=0.01 sys=0.00, real=0.00 secs] 
2521.954: [GC (Allocation Failure) [PSYoungGen: 67520K->1392K(68096K)] 520450K->454322K(586240K), 0.0018462 secs] [Times: user=0.01 sys=0.00, real=0.00 secs] 
2522.228: [GC (Allocation Failure) [PSYoungGen: 67440K->1344K(67072K)] 520370K->454274K(585216K), 0.0017498 secs] [Times: user=0.01 sys=0.00, real=0.00 secs] 
2522.501: [GC (Allocation Failure) [PSYoungGen: 66880K->1344K(66560K)] 519810K->454274K(584704K), 0.0019153 secs] [Times: user=0.01 sys=0.00, real=0.01 secs] 
2522.771: [GC (Allocation Failure) [PSYoungGen: 66368K->1344K(66048K)] 519298K->454274K(584192K), 0.0021052 secs] [Times: user=0.01 sys=0.00, real=0.00 secs] 
2523.050: [GC (Allocation Failure) [PSYoungGen: 65856K->1437K(65536K)] 518786K->454368K(583680K), 0.0020915 secs] [Times: user=0.01 sys=0.00, real=0.01 secs] 
2523.188: [GC (Allocation Failure) [PSYoungGen: 65437K->1504K(65024K)] 518368K->454434K(583168K), 0.0016140 secs] [Times: user=0.00 sys=0.00, real=0.00 secs] 
2523.300: [GC (Allocation Failure) [PSYoungGen: 64992K->1408K(71168K)] 517922K->454338K(589312K), 0.0016192 secs] [Times: user=0.00 sys=0.00, real=0.01 secs] 
2523.423: [GC (Allocation Failure) [PSYoungGen: 70528K->1504K(71168K)] 523458K->454450K(589312K), 0.0015569 secs] [Times: user=0.01 sys=0.00, real=0.00 secs] 
2523.740: [GC (Allocation Failure) [PSYoungGen: 70624K->1440K(70144K)] 523570K->454386K(588288K), 0.0023343 secs] [Times: user=0.01 sys=0.00, real=0.01 secs] 
2524.889: [GC (Allocation Failure) [PSYoungGen: 70048K->1376K(69632K)] 522994K->454322K(587776K), 0.0053098 secs] [Times: user=0.02 sys=0.00, real=0.01 secs] 
2525.824: [GC (Allocation Failure) [PSYoungGen: 69472K->1344K(69120K)] 522418K->454290K(587264K), 0.0034715 secs] [Times: user=0.01 sys=0.00, real=0.00 secs] 
2526.614: [GC (Allocation Failure) [PSYoungGen: 68928K->1344K(68608K)] 521874K->454290K(586752K), 0.0030300 secs] [Times: user=0.01 sys=0.00, real=0.00 secs] 
2527.194: [GC (Allocation Failure) [PSYoungGen: 68416K->1469K(68096K)] 521362K->454416K(586240K), 0.0024973 secs] [Times: user=0.01 sys=0.00, real=0.00 secs] 
2527.380: [GC (Allocation Failure) [PSYoungGen: 68029K->1472K(67584K)] 520976K->454418K(585728K), 0.0018043 secs] [Times: user=0.01 sys=0.00, real=0.01 secs] 
2527.496: [GC (Allocation Failure) [PSYoungGen: 67520K->1472K(67072K)] 520466K->454418K(585216K), 0.0016391 secs] [Times: user=0.01 sys=0.00, real=0.00 secs] 
2527.613: [GC (Allocation Failure) [PSYoungGen: 67008K->1453K(66560K)] 519954K->454408K(584704K), 0.0016867 secs] [Times: user=0.00 sys=0.00, real=0.00 secs] 
2527.808: [GC (Allocation Failure) [PSYoungGen: 66477K->1984K(67072K)] 519432K->455450K(585216K), 0.0023002 secs] [Times: user=0.01 sys=0.00, real=0.00 secs] 
2528.276: [GC (Allocation Failure) [PSYoungGen: 67008K->1344K(66048K)] 520474K->454810K(584192K), 0.0020691 secs] [Times: user=0.00 sys=0.00, real=0.00 secs] 
2528.544: [GC (Allocation Failure) [PSYoungGen: 65856K->1344K(65536K)] 519322K->454810K(583680K), 0.0028418 secs] [Times: user=0.01 sys=0.01, real=0.00 secs] 
2528.812: [GC (Allocation Failure) [PSYoungGen: 65344K->1376K(65024K)] 518810K->454842K(583168K), 0.0020312 secs] [Times: user=0.00 sys=0.00, real=0.00 secs] 
2529.076: [GC (Allocation Failure) [PSYoungGen: 64864K->1376K(64512K)] 518330K->454842K(582656K), 0.0021915 secs] [Times: user=0.01 sys=0.00, real=0.00 secs] 
2529.270: [GC (Allocation Failure) [PSYoungGen: 64352K->1456K(64000K)] 517818K->454922K(582144K), 0.0015768 secs] [Times: user=0.01 sys=0.00, real=0.01 secs] 
2529.381: [GC (Allocation Failure) [PSYoungGen: 63920K->1501K(70144K)] 517386K->454968K(588288K), 0.0016505 secs] [Times: user=0.01 sys=0.00, real=0.00 secs] 
2529.519: [GC (Allocation Failure) [PSYoungGen: 69597K->1533K(70144K)] 523064K->455016K(588288K), 0.0019414 secs] [Times: user=0.01 sys=0.00, real=0.01 secs] 
2529.687: [GC (Allocation Failure) [PSYoungGen: 69629K->1517K(70144K)] 523112K->455016K(588288K), 0.0021496 secs] [Times: user=0.01 sys=0.00, real=0.00 secs] 
2530.418: [GC (Allocation Failure) [PSYoungGen: 69613K->1344K(69120K)] 523112K->454842K(587264K), 0.0021855 secs] [Times: user=0.01 sys=0.00, real=0.00 secs] 
2531.167: [GC (Allocation Failure) [PSYoungGen: 68928K->1344K(68608K)] 522426K->454842K(586752K), 0.0035867 secs] [Times: user=0.02 sys=0.00, real=0.00 secs] 
2531.793: [GC (Allocation Failure) [PSYoungGen: 68416K->1312K(68096K)] 521914K->454810K(586240K), 0.0023448 secs] [Times: user=0.01 sys=0.00, real=0.00 secs] 
2532.443: [GC (Allocation Failure) [PSYoungGen: 67872K->1312K(67584K)] 521370K->454810K(585728K), 0.0031596 secs] [Times: user=0.01 sys=0.00, real=0.00 secs] 
2532.928: [GC (Allocation Failure) [PSYoungGen: 67360K->1440K(67072K)] 520858K->454938K(585216K), 0.0024175 secs] [Times: user=0.01 sys=0.00, real=0.00 secs] 
2533.123: [GC (Allocation Failure) [PSYoungGen: 66976K->1421K(66560K)] 520474K->454920K(584704K), 0.0027209 secs] [Times: user=0.00 sys=0.00, real=0.00 secs] 
2533.281: [GC (Allocation Failure) [PSYoungGen: 66445K->1405K(66048K)] 519944K->454912K(584192K), 0.0017873 secs] [Times: user=0.01 sys=0.00, real=0.00 secs] 
2533.395: [GC (Allocation Failure) [PSYoungGen: 65917K->1437K(72192K)] 519424K->454944K(590336K), 0.0018490 secs] [Times: user=0.01 sys=0.01, real=0.00 secs] 
2533.982: [GC (Allocation Failure) [PSYoungGen: 72093K->1360K(71680K)] 525600K->454866K(589824K), 0.0026656 secs] [Times: user=0.01 sys=0.00, real=0.00 secs] 
2534.267: [GC (Allocation Failure) [PSYoungGen: 71504K->1344K(71168K)] 525010K->454850K(589312K), 0.0019940 secs] [Times: user=0.01 sys=0.00, real=0.00 secs] 
2534.556: [GC (Allocation Failure) [PSYoungGen: 70976K->1360K(70656K)] 524482K->454866K(588800K), 0.0020547 secs] [Times: user=0.01 sys=0.00, real=0.00 secs] 
2534.844: [GC (Allocation Failure) [PSYoungGen: 70480K->1344K(70144K)] 523986K->454850K(588288K), 0.0019443 secs] [Times: user=0.01 sys=0.00, real=0.00 secs] 
2535.160: [GC (Allocation Failure) [PSYoungGen: 69952K->1501K(69632K)] 523458K->455008K(587776K), 0.0017106 secs] [Times: user=0.01 sys=0.00, real=0.01 secs] 
2535.280: [GC (Allocation Failure) [PSYoungGen: 69597K->1472K(69120K)] 523104K->454978K(587264K), 0.0018408 secs] [Times: user=0.01 sys=0.00, real=0.01 secs] 
2535.400: [GC (Allocation Failure) [PSYoungGen: 69056K->1453K(68608K)] 522562K->454960K(586752K), 0.0016556 secs] [Times: user=0.00 sys=0.00, real=0.01 secs] 
2535.518: [GC (Allocation Failure) [PSYoungGen: 68523K->1437K(69120K)] 522029K->454952K(587264K), 0.0024328 secs] [Times: user=0.01 sys=0.00, real=0.01 secs] 
2536.046: [GC (Allocation Failure) [PSYoungGen: 68509K->1344K(74752K)] 522024K->454858K(592896K), 0.0019015 secs] [Times: user=0.01 sys=0.00, real=0.00 secs] 
2536.825: [GC (Allocation Failure) [PSYoungGen: 74560K->1344K(74240K)] 528074K->454858K(592384K), 0.0030776 secs] [Times: user=0.01 sys=0.00, real=0.00 secs] 
2537.298: [GC (Allocation Failure) [PSYoungGen: 74048K->1344K(73728K)] 527562K->454858K(591872K), 0.0021972 secs] [Times: user=0.01 sys=0.00, real=0.00 secs] 
2537.596: [GC (Allocation Failure) [PSYoungGen: 73536K->1376K(73216K)] 527050K->454890K(591360K), 0.0021670 secs] [Times: user=0.01 sys=0.00, real=0.00 secs] 
2537.770: [GC (Allocation Failure) [PSYoungGen: 73056K->1453K(72704K)] 526570K->454968K(590848K), 0.0017301 secs] [Times: user=0.01 sys=0.00, real=0.01 secs] 
2537.897: [GC (Allocation Failure) [PSYoungGen: 72621K->1453K(72192K)] 526136K->454968K(590336K), 0.0017463 secs] [Times: user=0.01 sys=0.00, real=0.00 secs] 
2538.023: [GC (Allocation Failure) [PSYoungGen: 72109K->1517K(72704K)] 525624K->455032K(590848K), 0.0021525 secs] [Times: user=0.00 sys=0.00, real=0.00 secs] 
2538.651: [GC (Allocation Failure) [PSYoungGen: 72173K->1456K(71680K)] 525688K->454970K(589824K), 0.0031015 secs] [Times: user=0.01 sys=0.00, real=0.00 secs] 
2540.046: [GC (Allocation Failure) [PSYoungGen: 71600K->1344K(71168K)] 525114K->454874K(589312K), 0.0049607 secs] [Times: user=0.02 sys=0.00, real=0.01 secs] 
2541.232: [GC (Allocation Failure) [PSYoungGen: 70976K->1344K(70656K)] 524506K->454874K(588800K), 0.0038165 secs] [Times: user=0.02 sys=0.00, real=0.00 secs] 
2541.989: [GC (Allocation Failure) [PSYoungGen: 70464K->1344K(70144K)] 523994K->454874K(588288K), 0.0035377 secs] [Times: user=0.01 sys=0.00, real=0.01 secs] 
2542.797: [GC (Allocation Failure) [PSYoungGen: 69952K->1437K(69632K)] 523482K->454968K(587776K), 0.0032162 secs] [Times: user=0.01 sys=0.00, real=0.00 secs] 
2542.995: [GC (Allocation Failure) [PSYoungGen: 69533K->1437K(69120K)] 523064K->454968K(587264K), 0.0017087 secs] [Times: user=0.01 sys=0.00, real=0.00 secs] 
2543.115: [GC (Allocation Failure) [PSYoungGen: 69021K->1472K(68608K)] 522552K->455002K(586752K), 0.0017255 secs] [Times: user=0.01 sys=0.00, real=0.00 secs] 
2543.233: [GC (Allocation Failure) [PSYoungGen: 68516K->1389K(68096K)] 522047K->454920K(586240K), 0.0016626 secs] [Times: user=0.01 sys=0.00, real=0.00 secs] 
2543.863: [GC (Allocation Failure) [PSYoungGen: 67949K->1360K(67584K)] 521480K->454890K(585728K), 0.0029795 secs] [Times: user=0.01 sys=0.00, real=0.00 secs] 
2544.138: [GC (Allocation Failure) [PSYoungGen: 67408K->1312K(67072K)] 520938K->454842K(585216K), 0.0021767 secs] [Times: user=0.01 sys=0.00, real=0.00 secs] 
2544.410: [GC (Allocation Failure) [PSYoungGen: 66848K->1408K(66560K)] 520378K->454938K(584704K), 0.0021672 secs] [Times: user=0.00 sys=0.00, real=0.01 secs] 
2544.680: [GC (Allocation Failure) [PSYoungGen: 66432K->1376K(66048K)] 519962K->454906K(584192K), 0.0020161 secs] [Times: user=0.01 sys=0.00, real=0.01 secs] 
2544.961: [GC (Allocation Failure) [PSYoungGen: 65888K->1456K(65536K)] 519418K->454986K(583680K), 0.0018185 secs] [Times: user=0.00 sys=0.00, real=0.00 secs] 
2545.079: [GC (Allocation Failure) [PSYoungGen: 65456K->493K(64000K)] 518986K->455048K(582144K), 0.0016716 secs] [Times: user=0.01 sys=0.00, real=0.00 secs] 
2545.191: [GC (Allocation Failure) [PSYoungGen: 63981K->477K(65536K)] 518536K->455032K(583680K), 0.0017272 secs] [Times: user=0.01 sys=0.00, real=0.00 secs] 
2545.302: [GC (Allocation Failure) [PSYoungGen: 63965K->493K(71168K)] 518520K->455056K(589312K), 0.0016234 secs] [Times: user=0.01 sys=0.00, real=0.00 secs] 
2545.642: [GC (Allocation Failure) [PSYoungGen: 69613K->1744K(70656K)] 524176K->456306K(588800K), 0.0019033 secs] [Times: user=0.01 sys=0.00, real=0.00 secs] 
2546.948: [GC (Allocation Failure) [PSYoungGen: 70352K->1344K(69632K)] 524914K->455906K(587776K), 0.0020766 secs] [Times: user=0.01 sys=0.00, real=0.00 secs] 
2547.655: [GC (Allocation Failure) [PSYoungGen: 69440K->1344K(69120K)] 524002K->455906K(587264K), 0.0027482 secs] [Times: user=0.01 sys=0.00, real=0.00 secs] 
2548.572: [GC (Allocation Failure) [PSYoungGen: 68928K->1344K(68608K)] 523490K->455906K(586752K), 0.0028746 secs] [Times: user=0.01 sys=0.01, real=0.00 secs] 
2549.576: [GC (Allocation Failure) [PSYoungGen: 68416K->1376K(68096K)] 522978K->455938K(586240K), 0.0033078 secs] [Times: user=0.01 sys=0.00, real=0.00 secs] 
2549.880: [GC (Allocation Failure) [PSYoungGen: 67936K->1501K(67584K)] 522498K->456064K(585728K), 0.0019231 secs] [Times: user=0.01 sys=0.00, real=0.01 secs] 
2550.042: [GC (Allocation Failure) [PSYoungGen: 67549K->1421K(67072K)] 522112K->455984K(585216K), 0.0020873 secs] [Times: user=0.01 sys=0.00, real=0.00 secs] 
2550.185: [GC (Allocation Failure) [PSYoungGen: 66954K->1504K(66560K)] 521517K->456082K(584704K), 0.0015909 secs] [Times: user=0.01 sys=0.00, real=0.00 secs] 
2550.316: [GC (Allocation Failure) [PSYoungGen: 66528K->1453K(67584K)] 521106K->456032K(585728K), 0.0020291 secs] [Times: user=0.01 sys=0.00, real=0.00 secs] 
2551.700: [GC (Allocation Failure) [PSYoungGen: 66989K->1376K(66560K)] 521568K->455970K(584704K), 0.0035629 secs] [Times: user=0.01 sys=0.00, real=0.01 secs] 
2552.315: [GC (Allocation Failure) [PSYoungGen: 66400K->1360K(66048K)] 520994K->455954K(584192K), 0.0034869 secs] [Times: user=0.02 sys=0.00, real=0.00 secs] 
2552.907: [GC (Allocation Failure) [PSYoungGen: 65872K->1360K(65536K)] 520466K->455954K(583680K), 0.0029460 secs] [Times: user=0.01 sys=0.00, real=0.00 secs] 
2553.439: [GC (Allocation Failure) [PSYoungGen: 65360K->1344K(65024K)] 519954K->455938K(583168K), 0.0030051 secs] [Times: user=0.01 sys=0.00, real=0.01 secs] 
2553.774: [GC (Allocation Failure) [PSYoungGen: 64832K->1437K(64512K)] 519426K->456032K(582656K), 0.0018789 secs] [Times: user=0.01 sys=0.00, real=0.00 secs] 
2553.895: [GC (Allocation Failure) [PSYoungGen: 64413K->1437K(64000K)] 519008K->456032K(582144K), 0.0016555 secs] [Times: user=0.01 sys=0.00, real=0.00 secs] 
2554.006: [GC (Allocation Failure) [PSYoungGen: 63901K->1504K(63488K)] 518496K->456114K(581632K), 0.0016765 secs] [Times: user=0.00 sys=0.00, real=0.00 secs] 
2554.115: [GC (Allocation Failure) [PSYoungGen: 63456K->1405K(69120K)] 518066K->456016K(587264K), 0.0016521 secs] [Times: user=0.00 sys=0.00, real=0.00 secs] 
2554.511: [GC (Allocation Failure) [PSYoungGen: 68477K->1424K(68096K)] 523088K->456034K(586240K), 0.0017629 secs] [Times: user=0.01 sys=0.00, real=0.00 secs] 
2555.468: [GC (Allocation Failure) [PSYoungGen: 67984K->1408K(67584K)] 522594K->456018K(585728K), 0.0026612 secs] [Times: user=0.01 sys=0.00, real=0.00 secs] 
2556.158: [GC (Allocation Failure) [PSYoungGen: 67456K->1376K(67072K)] 522066K->455986K(585216K), 0.0028018 secs] [Times: user=0.01 sys=0.00, real=0.00 secs] 
2556.993: [GC (Allocation Failure) [PSYoungGen: 66912K->1344K(66560K)] 521522K->455954K(584704K), 0.0027724 secs] [Times: user=0.01 sys=0.00, real=0.00 secs] 
2557.672: [GC (Allocation Failure) [PSYoungGen: 66343K->1469K(66048K)] 520954K->456080K(584192K), 0.0023313 secs] [Times: user=0.01 sys=0.00, real=0.00 secs] 
2557.827: [GC (Allocation Failure) [PSYoungGen: 65981K->1469K(65536K)] 520592K->456080K(583680K), 0.0017842 secs] [Times: user=0.01 sys=0.00, real=0.00 secs] 
2557.942: [GC (Allocation Failure) [PSYoungGen: 65469K->1501K(65024K)] 520080K->456112K(583168K), 0.0018035 secs] [Times: user=0.01 sys=0.00, real=0.00 secs] 
2558.056: [GC (Allocation Failure) [PSYoungGen: 64989K->1501K(66048K)] 519600K->456120K(584192K), 0.0017399 secs] [Times: user=0.01 sys=0.00, real=0.00 secs] 
2558.255: [GC (Allocation Failure) [PSYoungGen: 65501K->1456K(71168K)] 520120K->456074K(589312K), 0.0022299 secs] [Times: user=0.01 sys=0.00, real=0.00 secs] 
2558.543: [GC (Allocation Failure) [PSYoungGen: 70576K->1376K(70144K)] 525194K->455994K(588288K), 0.0022077 secs] [Times: user=0.00 sys=0.00, real=0.00 secs] 
2558.860: [GC (Allocation Failure) [PSYoungGen: 69984K->1408K(69632K)] 524602K->456026K(587776K), 0.0023592 secs] [Times: user=0.01 sys=0.00, real=0.01 secs] 
2559.184: [GC (Allocation Failure) [PSYoungGen: 69504K->1408K(69120K)] 524122K->456026K(587264K), 0.0025064 secs] [Times: user=0.01 sys=0.00, real=0.00 secs] 
2559.474: [GC (Allocation Failure) [PSYoungGen: 68992K->1501K(68608K)] 523610K->456120K(586752K), 0.0019024 secs] [Times: user=0.01 sys=0.00, real=0.00 secs] 
2559.605: [GC (Allocation Failure) [PSYoungGen: 68573K->1453K(68096K)] 523192K->456072K(586240K), 0.0017761 secs] [Times: user=0.01 sys=0.00, real=0.00 secs] 
2559.722: [GC (Allocation Failure) [PSYoungGen: 68013K->1472K(68608K)] 522632K->456090K(586752K), 0.0015837 secs] [Times: user=0.01 sys=0.00, real=0.00 secs] 
2559.839: [GC (Allocation Failure) [PSYoungGen: 68017K->1504K(68608K)] 522635K->456146K(586752K), 0.0017574 secs] [Times: user=0.01 sys=0.00, real=0.01 secs] 
2560.032: [GC (Allocation Failure) [PSYoungGen: 68064K->1408K(74752K)] 522706K->456050K(592896K), 0.0021162 secs] [Times: user=0.01 sys=0.00, real=0.00 secs] 
2560.653: [GC (Allocation Failure) [PSYoungGen: 74112K->1360K(73728K)] 528754K->456002K(591872K), 0.0017817 secs] [Times: user=0.01 sys=0.00, real=0.00 secs] 
2561.210: [GC (Allocation Failure) [PSYoungGen: 73552K->1344K(73216K)] 528194K->455986K(591360K), 0.0039191 secs] [Times: user=0.01 sys=0.00, real=0.01 secs] 
2561.824: [GC (Allocation Failure) [PSYoungGen: 73024K->1376K(72704K)] 527666K->456018K(590848K), 0.0025837 secs] [Times: user=0.01 sys=0.00, real=0.00 secs] 
2562.534: [GC (Allocation Failure) [PSYoungGen: 72544K->1469K(72192K)] 527186K->456112K(590336K), 0.0024986 secs] [Times: user=0.01 sys=0.00, real=0.00 secs] 
2562.698: [GC (Allocation Failure) [PSYoungGen: 72096K->1485K(71680K)] 526739K->456128K(589824K), 0.0017987 secs] [Times: user=0.00 sys=0.00, real=0.00 secs] 
2562.822: [GC (Allocation Failure) [PSYoungGen: 71629K->1469K(71168K)] 526272K->456112K(589312K), 0.0017853 secs] [Times: user=0.01 sys=0.00, real=0.00 secs] 
2562.945: [GC (Allocation Failure) [PSYoungGen: 71101K->1472K(71680K)] 525744K->456130K(589824K), 0.0017876 secs] [Times: user=0.01 sys=0.00, real=0.00 secs] 
2563.293: [GC (Allocation Failure) [PSYoungGen: 71104K->1456K(70656K)] 525762K->456114K(588800K), 0.0020202 secs] [Times: user=0.01 sys=0.00, real=0.00 secs] 
2564.036: [GC (Allocation Failure) [PSYoungGen: 70576K->1344K(70144K)] 525234K->456002K(588288K), 0.0026251 secs] [Times: user=0.01 sys=0.00, real=0.00 secs] 
2564.746: [GC (Allocation Failure) [PSYoungGen: 69952K->1376K(69632K)] 524610K->456042K(587776K), 0.0023866 secs] [Times: user=0.00 sys=0.01, real=0.00 secs] 
2565.631: [GC (Allocation Failure) [PSYoungGen: 69472K->1376K(69120K)] 524138K->456042K(587264K), 0.0044290 secs] [Times: user=0.01 sys=0.00, real=0.01 secs] 
2566.211: [GC (Allocation Failure) [PSYoungGen: 68960K->1469K(68608K)] 523626K->456136K(586752K), 0.0023978 secs] [Times: user=0.01 sys=0.00, real=0.01 secs] 
2566.362: [GC (Allocation Failure) [PSYoungGen: 68541K->1488K(68096K)] 523208K->456154K(586240K), 0.0017098 secs] [Times: user=0.00 sys=0.00, real=0.00 secs] 
2566.479: [GC (Allocation Failure) [PSYoungGen: 68048K->1501K(67584K)] 522714K->456168K(585728K), 0.0016823 secs] [Times: user=0.01 sys=0.00, real=0.00 secs] 
2566.596: [GC (Allocation Failure) [PSYoungGen: 67549K->1421K(73216K)] 522216K->456096K(591360K), 0.0017326 secs] [Times: user=0.01 sys=0.00, real=0.00 secs] 
2567.120: [GC (Allocation Failure) [PSYoungGen: 73101K->1392K(72704K)] 527776K->456066K(590848K), 0.0017032 secs] [Times: user=0.00 sys=0.00, real=0.01 secs] 
2567.660: [GC (Allocation Failure) [PSYoungGen: 72560K->1376K(72192K)] 527234K->456050K(590336K), 0.0018499 secs] [Times: user=0.01 sys=0.00, real=0.01 secs] 
2568.223: [GC (Allocation Failure) [PSYoungGen: 72032K->1376K(71680K)] 526706K->456050K(589824K), 0.0019560 secs] [Times: user=0.01 sys=0.00, real=0.00 secs] 
2568.816: [GC (Allocation Failure) [PSYoungGen: 71520K->1376K(71168K)] 526194K->456050K(589312K), 0.0017289 secs] [Times: user=0.01 sys=0.01, real=0.00 secs] 
2569.063: [GC (Allocation Failure) [PSYoungGen: 71008K->1504K(70656K)] 525682K->456178K(588800K), 0.0017158 secs] [Times: user=0.01 sys=0.00, real=0.00 secs] 
2569.187: [GC (Allocation Failure) [PSYoungGen: 70624K->1504K(70144K)] 525298K->456178K(588288K), 0.0016688 secs] [Times: user=0.01 sys=0.00, real=0.00 secs] 
2569.308: [GC (Allocation Failure) [PSYoungGen: 70107K->1485K(69632K)] 524782K->456160K(587776K), 0.0017491 secs] [Times: user=0.01 sys=0.00, real=0.00 secs] 
2569.429: [GC (Allocation Failure) [PSYoungGen: 69581K->1472K(70144K)] 524256K->456154K(588288K), 0.0017098 secs] [Times: user=0.00 sys=0.00, real=0.00 secs] 
2570.918: [GC (Allocation Failure) [PSYoungGen: 69568K->1424K(69120K)] 524250K->456106K(587264K), 0.0041811 secs] [Times: user=0.01 sys=0.00, real=0.01 secs] 
2571.663: [GC (Allocation Failure) [PSYoungGen: 69008K->1376K(68608K)] 523690K->456082K(586752K), 0.0034724 secs] [Times: user=0.01 sys=0.00, real=0.00 secs] 
2572.288: [GC (Allocation Failure) [PSYoungGen: 68448K->1376K(68096K)] 523154K->456082K(586240K), 0.0024552 secs] [Times: user=0.01 sys=0.00, real=0.00 secs] 
2573.005: [GC (Allocation Failure) [PSYoungGen: 67936K->1360K(67584K)] 522642K->456066K(585728K), 0.0023919 secs] [Times: user=0.00 sys=0.00, real=0.00 secs] 
2573.318: [GC (Allocation Failure) [PSYoungGen: 67408K->1437K(67072K)] 522114K->456144K(585216K), 0.0017351 secs] [Times: user=0.00 sys=0.00, real=0.00 secs] 
2573.435: [GC (Allocation Failure) [PSYoungGen: 66973K->1421K(66560K)] 521680K->456128K(584704K), 0.0017790 secs] [Times: user=0.00 sys=0.00, real=0.00 secs] 
2573.549: [GC (Allocation Failure) [PSYoungGen: 66445K->1517K(66048K)] 521152K->456224K(584192K), 0.0016836 secs] [Times: user=0.01 sys=0.00, real=0.01 secs] 
2573.663: [GC (Allocation Failure) [PSYoungGen: 66029K->1389K(72704K)] 520736K->456104K(590848K), 0.0016107 secs] [Times: user=0.01 sys=0.00, real=0.00 secs] 
2573.957: [GC (Allocation Failure) [PSYoungGen: 72045K->1392K(71680K)] 526760K->456106K(589824K), 0.0019049 secs] [Times: user=0.00 sys=0.00, real=0.00 secs] 
2574.255: [GC (Allocation Failure) [PSYoungGen: 71536K->1408K(71168K)] 526250K->456130K(589312K), 0.0020549 secs] [Times: user=0.00 sys=0.00, real=0.00 secs] 
2574.545: [GC (Allocation Failure) [PSYoungGen: 71040K->1408K(70656K)] 525762K->456130K(588800K), 0.0019808 secs] [Times: user=0.01 sys=0.00, real=0.00 secs] 
2574.832: [GC (Allocation Failure) [PSYoungGen: 70528K->1392K(70144K)] 525250K->456114K(588288K), 0.0020123 secs] [Times: user=0.01 sys=0.00, real=0.00 secs] 
2575.013: [GC (Allocation Failure) [PSYoungGen: 70000K->445K(68608K)] 524722K->456192K(586752K), 0.0017056 secs] [Times: user=0.01 sys=0.00, real=0.00 secs] 
2575.132: [GC (Allocation Failure) [PSYoungGen: 68541K->493K(69632K)] 524288K->456240K(587776K), 0.0015467 secs] [Times: user=0.00 sys=0.00, real=0.00 secs] 
2575.252: [GC (Allocation Failure) [PSYoungGen: 68077K->461K(70144K)] 523824K->456208K(588288K), 0.0021659 secs] [Times: user=0.01 sys=0.00, real=0.00 secs] 
2575.372: [GC (Allocation Failure) [PSYoungGen: 68557K->461K(70144K)] 524304K->456216K(588288K), 0.0015893 secs] [Times: user=0.01 sys=0.00, real=0.00 secs] 
2576.752: [GC (Allocation Failure) [PSYoungGen: 68557K->1408K(69120K)] 524312K->457162K(587264K), 0.0032579 secs] [Times: user=0.01 sys=0.00, real=0.00 secs] 
2577.320: [GC (Allocation Failure) [PSYoungGen: 68992K->1376K(68608K)] 524746K->457130K(586752K), 0.0037600 secs] [Times: user=0.02 sys=0.01, real=0.01 secs] 
2577.871: [GC (Allocation Failure) [PSYoungGen: 68448K->1376K(68096K)] 524202K->457130K(586240K), 0.0025623 secs] [Times: user=0.01 sys=0.00, real=0.00 secs] 
2578.452: [GC (Allocation Failure) [PSYoungGen: 67936K->1376K(67584K)] 523690K->457130K(585728K), 0.0026841 secs] [Times: user=0.01 sys=0.00, real=0.00 secs] 
2578.764: [GC (Allocation Failure) [PSYoungGen: 67424K->1504K(67072K)] 523178K->457258K(585216K), 0.0020081 secs] [Times: user=0.01 sys=0.00, real=0.00 secs] 
2578.882: [GC (Allocation Failure) [PSYoungGen: 67040K->1501K(66560K)] 522794K->457256K(584704K), 0.0018653 secs] [Times: user=0.01 sys=0.00, real=0.00 secs] 
2578.999: [GC (Allocation Failure) [PSYoungGen: 66525K->1485K(72704K)] 522280K->457240K(590848K), 0.0021223 secs] [Times: user=0.01 sys=0.00, real=0.01 secs] 
2579.131: [GC (Allocation Failure) [PSYoungGen: 72653K->1469K(73216K)] 528408K->457232K(591360K), 0.0016370 secs] [Times: user=0.01 sys=0.00, real=0.00 secs] 
2579.999: [GC (Allocation Failure) [PSYoungGen: 72637K->1440K(72192K)] 528400K->457234K(590336K), 0.0043089 secs] [Times: user=0.02 sys=0.00, real=0.01 secs] 
2580.875: [GC (Allocation Failure) [PSYoungGen: 72096K->1376K(71680K)] 527890K->457170K(589824K), 0.0039105 secs] [Times: user=0.02 sys=0.01, real=0.00 secs] 
2581.906: [GC (Allocation Failure) [PSYoungGen: 71520K->1376K(71168K)] 527314K->457170K(589312K), 0.0037417 secs] [Times: user=0.02 sys=0.00, real=0.00 secs] 
2582.682: [GC (Allocation Failure) [PSYoungGen: 71008K->1344K(70656K)] 526802K->457138K(588800K), 0.0039278 secs] [Times: user=0.02 sys=0.00, real=0.00 secs] 
2582.988: [GC (Allocation Failure) [PSYoungGen: 70464K->1437K(70144K)] 526258K->457232K(588288K), 0.0019098 secs] [Times: user=0.00 sys=0.00, real=0.00 secs] 
2583.115: [GC (Allocation Failure) [PSYoungGen: 70045K->1485K(69632K)] 525840K->457280K(587776K), 0.0018773 secs] [Times: user=0.01 sys=0.00, real=0.00 secs] 
2583.254: [GC (Allocation Failure) [PSYoungGen: 69581K->1501K(69120K)] 525376K->457296K(587264K), 0.0019933 secs] [Times: user=0.01 sys=0.00, real=0.00 secs] 
2583.790: [GC (Allocation Failure) [PSYoungGen: 69085K->1440K(68608K)] 524880K->457234K(586752K), 0.0024995 secs] [Times: user=0.01 sys=0.00, real=0.01 secs] 
2584.865: [GC (Allocation Failure) [PSYoungGen: 68512K->1360K(68096K)] 524306K->457154K(586240K), 0.0037934 secs] [Times: user=0.02 sys=0.00, real=0.00 secs] 
2585.600: [GC (Allocation Failure) [PSYoungGen: 67920K->1376K(67584K)] 523714K->457170K(585728K), 0.0030118 secs] [Times: user=0.01 sys=0.00, real=0.01 secs] 
2586.180: [GC (Allocation Failure) [PSYoungGen: 67424K->1392K(67072K)] 523218K->457186K(585216K), 0.0025251 secs] [Times: user=0.01 sys=0.00, real=0.01 secs] 
2586.566: [GC (Allocation Failure) [PSYoungGen: 66928K->1312K(66560K)] 522722K->457106K(584704K), 0.0023997 secs] [Times: user=0.01 sys=0.00, real=0.00 secs] 
2586.754: [GC (Allocation Failure) [PSYoungGen: 66336K->1437K(66048K)] 522130K->457232K(584192K), 0.0016417 secs] [Times: user=0.01 sys=0.00, real=0.00 secs] 
2586.891: [GC (Allocation Failure) [PSYoungGen: 65949K->1469K(65536K)] 521744K->457264K(583680K), 0.0020110 secs] [Times: user=0.01 sys=0.00, real=0.00 secs] 
2587.047: [GC (Allocation Failure) [PSYoungGen: 65469K->1469K(65024K)] 521264K->457264K(583168K), 0.0021114 secs] [Times: user=0.01 sys=0.00, real=0.00 secs] 
2587.160: [GC (Allocation Failure) [PSYoungGen: 64957K->1440K(72192K)] 520752K->457242K(590336K), 0.0026200 secs] [Times: user=0.01 sys=0.00, real=0.01 secs] 
2588.213: [GC (Allocation Failure) [PSYoungGen: 71584K->1408K(72192K)] 527386K->457210K(590336K), 0.0047276 secs] [Times: user=0.02 sys=0.00, real=0.00 secs] 
2589.107: [GC (Allocation Failure) [PSYoungGen: 71552K->1408K(71168K)] 527354K->457210K(589312K), 0.0045765 secs] [Times: user=0.01 sys=0.00, real=0.01 secs] 
2589.675: [GC (Allocation Failure) [PSYoungGen: 71040K->1344K(70656K)] 526842K->457146K(588800K), 0.0024220 secs] [Times: user=0.01 sys=0.00, real=0.00 secs] 
2590.146: [GC (Allocation Failure) [PSYoungGen: 70464K->1376K(70144K)] 526266K->457178K(588288K), 0.0028599 secs] [Times: user=0.01 sys=0.00, real=0.00 secs] 
2590.339: [GC (Allocation Failure) [PSYoungGen: 69984K->1501K(69632K)] 525786K->457304K(587776K), 0.0017342 secs] [Times: user=0.00 sys=0.00, real=0.00 secs] 
2590.459: [GC (Allocation Failure) [PSYoungGen: 69597K->1501K(69120K)] 525400K->457304K(587264K), 0.0017425 secs] [Times: user=0.01 sys=0.00, real=0.00 secs] 
2590.579: [GC (Allocation Failure) [PSYoungGen: 69085K->1533K(69632K)] 524888K->457344K(587776K), 0.0017732 secs] [Times: user=0.01 sys=0.00, real=0.00 secs] 
2590.976: [GC (Allocation Failure) [PSYoungGen: 69117K->1904K(69120K)] 524928K->457722K(587264K), 0.0020658 secs] [Times: user=0.01 sys=0.00, real=0.00 secs] 
2592.149: [GC (Allocation Failure) [PSYoungGen: 68976K->1328K(68096K)] 524794K->457146K(586240K), 0.0047633 secs] [Times: user=0.01 sys=0.00, real=0.01 secs] 
2592.994: [GC (Allocation Failure) [PSYoungGen: 67888K->1328K(67584K)] 523706K->457146K(585728K), 0.0025849 secs] [Times: user=0.01 sys=0.00, real=0.00 secs] 
2593.853: [GC (Allocation Failure) [PSYoungGen: 67376K->1360K(67072K)] 523194K->457178K(585216K), 0.0029641 secs] [Times: user=0.01 sys=0.00, real=0.00 secs] 
2594.499: [GC (Allocation Failure) [PSYoungGen: 66896K->1344K(66560K)] 522714K->457162K(584704K), 0.0029541 secs] [Times: user=0.01 sys=0.00, real=0.01 secs] 
2594.742: [GC (Allocation Failure) [PSYoungGen: 66368K->1453K(66048K)] 522186K->457272K(584192K), 0.0020334 secs] [Times: user=0.01 sys=0.00, real=0.00 secs] 
2594.860: [GC (Allocation Failure) [PSYoungGen: 65940K->1501K(65536K)] 521759K->457320K(583680K), 0.0017626 secs] [Times: user=0.01 sys=0.00, real=0.01 secs] 
2594.991: [GC (Allocation Failure) [PSYoungGen: 65501K->1501K(66048K)] 521320K->457320K(584192K), 0.0021366 secs] [Times: user=0.01 sys=0.00, real=0.00 secs] 
2595.145: [GC (Allocation Failure) [PSYoungGen: 65994K->1501K(66560K)] 521813K->457328K(584704K), 0.0020377 secs] [Times: user=0.01 sys=0.00, real=0.00 secs] 
2595.694: [GC (Allocation Failure) [PSYoungGen: 66013K->1376K(65536K)] 521840K->457202K(583680K), 0.0024109 secs] [Times: user=0.01 sys=0.00, real=0.00 secs] 
2596.223: [GC (Allocation Failure) [PSYoungGen: 65376K->1344K(65024K)] 521202K->457170K(583168K), 0.0042247 secs] [Times: user=0.02 sys=0.00, real=0.00 secs] 
2596.724: [GC (Allocation Failure) [PSYoungGen: 64832K->1312K(64512K)] 520658K->457138K(582656K), 0.0025158 secs] [Times: user=0.01 sys=0.00, real=0.00 secs] 
2597.144: [GC (Allocation Failure) [PSYoungGen: 64288K->1312K(64000K)] 520114K->457138K(582144K), 0.0029404 secs] [Times: user=0.01 sys=0.00, real=0.00 secs] 
2597.516: [GC (Allocation Failure) [PSYoungGen: 63776K->1437K(63488K)] 519602K->457264K(581632K), 0.0017776 secs] [Times: user=0.01 sys=0.00, real=0.00 secs] 
2597.629: [GC (Allocation Failure) [PSYoungGen: 63389K->1501K(62976K)] 519216K->457328K(581120K), 0.0017160 secs] [Times: user=0.01 sys=0.00, real=0.01 secs] 
2597.737: [GC (Allocation Failure) [PSYoungGen: 62941K->1504K(68608K)] 518768K->457346K(586752K), 0.0017423 secs] [Times: user=0.01 sys=0.00, real=0.00 secs] 
2597.855: [GC (Allocation Failure) [PSYoungGen: 68547K->1421K(69120K)] 524390K->457264K(587264K), 0.0016271 secs] [Times: user=0.00 sys=0.00, real=0.00 secs] 
2598.692: [GC (Allocation Failure) [PSYoungGen: 68493K->1392K(68096K)] 524336K->457234K(586240K), 0.0050188 secs] [Times: user=0.02 sys=0.01, real=0.00 secs] 
2599.610: [GC (Allocation Failure) [PSYoungGen: 67952K->1376K(73728K)] 523794K->457218K(591872K), 0.0097770 secs] [Times: user=0.02 sys=0.01, real=0.01 secs] 
2600.489: [GC (Allocation Failure) [PSYoungGen: 73568K->1312K(73216K)] 529410K->457170K(591360K), 0.0044059 secs] [Times: user=0.02 sys=0.00, real=0.01 secs] 
2601.322: [GC (Allocation Failure) [PSYoungGen: 72992K->1312K(72704K)] 528850K->457170K(590848K), 0.0036073 secs] [Times: user=0.01 sys=0.00, real=0.00 secs] 
2602.044: [GC (Allocation Failure) [PSYoungGen: 72480K->1472K(72192K)] 528338K->457330K(590336K), 0.0025101 secs] [Times: user=0.01 sys=0.00, real=0.00 secs] 
2602.213: [GC (Allocation Failure) [PSYoungGen: 72128K->1440K(71680K)] 527986K->457298K(589824K), 0.0018064 secs] [Times: user=0.00 sys=0.00, real=0.00 secs] 
2602.336: [GC (Allocation Failure) [PSYoungGen: 71584K->1408K(71168K)] 527442K->457266K(589312K), 0.0015822 secs] [Times: user=0.00 sys=0.00, real=0.00 secs] 
2602.460: [GC (Allocation Failure) [PSYoungGen: 71040K->1469K(72192K)] 526898K->457336K(590336K), 0.0016635 secs] [Times: user=0.01 sys=0.00, real=0.01 secs] 
2604.177: [GC (Allocation Failure) [PSYoungGen: 71613K->1440K(71168K)] 527480K->457306K(589312K), 0.0044497 secs] [Times: user=0.02 sys=0.00, real=0.01 secs] 
2604.718: [GC (Allocation Failure) [PSYoungGen: 71072K->1376K(70656K)] 526938K->457242K(588800K), 0.0032882 secs] [Times: user=0.01 sys=0.00, real=0.01 secs] 
2605.521: [GC (Allocation Failure) [PSYoungGen: 70496K->1344K(70144K)] 526362K->457210K(588288K), 0.0051496 secs] [Times: user=0.02 sys=0.00, real=0.00 secs] 
2606.406: [GC (Allocation Failure) [PSYoungGen: 69952K->1376K(69632K)] 525818K->457242K(587776K), 0.0051012 secs] [Times: user=0.02 sys=0.00, real=0.01 secs] 
2606.947: [GC (Allocation Failure) [PSYoungGen: 69472K->1437K(69120K)] 525338K->457304K(587264K), 0.0022877 secs] [Times: user=0.01 sys=0.00, real=0.00 secs] 
2607.100: [GC (Allocation Failure) [PSYoungGen: 68989K->1469K(68608K)] 524856K->457336K(586752K), 0.0017100 secs] [Times: user=0.00 sys=0.00, real=0.01 secs] 
2607.219: [GC (Allocation Failure) [PSYoungGen: 68541K->1453K(68096K)] 524408K->457320K(586240K), 0.0015687 secs] [Times: user=0.01 sys=0.00, real=0.00 secs] 
2607.336: [GC (Allocation Failure) [PSYoungGen: 68013K->1437K(67584K)] 523880K->457312K(585728K), 0.0016225 secs] [Times: user=0.01 sys=0.00, real=0.00 secs] 
2607.699: [GC (Allocation Failure) [PSYoungGen: 67485K->1392K(67072K)] 523360K->457266K(585216K), 0.0019468 secs] [Times: user=0.00 sys=0.00, real=0.01 secs] 
2608.104: [GC (Allocation Failure) [PSYoungGen: 66928K->1376K(66560K)] 522802K->457250K(584704K), 0.0020234 secs] [Times: user=0.01 sys=0.00, real=0.00 secs] 
2608.405: [GC (Allocation Failure) [PSYoungGen: 66400K->1344K(66048K)] 522274K->457218K(584192K), 0.0036151 secs] [Times: user=0.02 sys=0.00, real=0.00 secs] 
2608.708: [GC (Allocation Failure) [PSYoungGen: 65856K->1344K(65536K)] 521730K->457218K(583680K), 0.0032313 secs] [Times: user=0.01 sys=0.00, real=0.01 secs] 
2608.988: [GC (Allocation Failure) [PSYoungGen: 65344K->1469K(65024K)] 521218K->457344K(583168K), 0.0019126 secs] [Times: user=0.01 sys=0.00, real=0.00 secs] 
2609.101: [GC (Allocation Failure) [PSYoungGen: 64957K->1504K(71168K)] 520832K->457378K(589312K), 0.0017360 secs] [Times: user=0.01 sys=0.00, real=0.00 secs] 
2609.223: [GC (Allocation Failure) [PSYoungGen: 70624K->1453K(71168K)] 526498K->457328K(589312K), 0.0018730 secs] [Times: user=0.01 sys=0.00, real=0.00 secs] 
2609.346: [GC (Allocation Failure) [PSYoungGen: 70573K->1440K(71168K)] 526448K->457322K(589312K), 0.0015846 secs] [Times: user=0.01 sys=0.00, real=0.00 secs] 
2610.304: [GC (Allocation Failure) [PSYoungGen: 70560K->1392K(76800K)] 526442K->457314K(594944K), 0.0043938 secs] [Times: user=0.02 sys=0.00, real=0.00 secs] 
2611.607: [GC (Allocation Failure) [PSYoungGen: 76656K->1344K(76288K)] 532578K->457266K(594432K), 0.0030203 secs] [Times: user=0.01 sys=0.00, real=0.00 secs] 
2612.230: [GC (Allocation Failure) [PSYoungGen: 76096K->1344K(75776K)] 532018K->457266K(593920K), 0.0035019 secs] [Times: user=0.02 sys=0.00, real=0.01 secs] 
2613.214: [GC (Allocation Failure) [PSYoungGen: 75584K->1344K(75264K)] 531506K->457266K(593408K), 0.0035388 secs] [Times: user=0.01 sys=0.01, real=0.00 secs] 
2613.662: [GC (Allocation Failure) [PSYoungGen: 75072K->1421K(74752K)] 530994K->457344K(592896K), 0.0020226 secs] [Times: user=0.01 sys=0.00, real=0.00 secs] 
2613.798: [GC (Allocation Failure) [PSYoungGen: 74637K->1440K(74240K)] 530560K->457362K(592384K), 0.0016291 secs] [Times: user=0.00 sys=0.00, real=0.00 secs] 
2613.927: [GC (Allocation Failure) [PSYoungGen: 74144K->1453K(73728K)] 530066K->457376K(591872K), 0.0016982 secs] [Times: user=0.00 sys=0.00, real=0.00 secs] 
2614.269: [GC (Allocation Failure) [PSYoungGen: 73645K->1440K(73216K)] 529568K->457362K(591360K), 0.0019857 secs] [Times: user=0.01 sys=0.00, real=0.01 secs] 
2615.143: [GC (Allocation Failure) [PSYoungGen: 73120K->1344K(72704K)] 529042K->457266K(590848K), 0.0025593 secs] [Times: user=0.01 sys=0.00, real=0.00 secs] 
2615.982: [GC (Allocation Failure) [PSYoungGen: 72512K->1360K(72192K)] 528434K->457282K(590336K), 0.0032363 secs] [Times: user=0.01 sys=0.00, real=0.00 secs] 
2616.772: [GC (Allocation Failure) [PSYoungGen: 72016K->1344K(71680K)] 527938K->457266K(589824K), 0.0043505 secs] [Times: user=0.02 sys=0.01, real=0.00 secs] 
2617.412: [GC (Allocation Failure) [PSYoungGen: 71488K->1437K(71168K)] 527410K->457360K(589312K), 0.0026939 secs] [Times: user=0.01 sys=0.00, real=0.00 secs] 
2617.584: [GC (Allocation Failure) [PSYoungGen: 71069K->496K(69632K)] 526992K->457442K(587776K), 0.0015616 secs] [Times: user=0.00 sys=0.00, real=0.00 secs] 
2617.708: [GC (Allocation Failure) [PSYoungGen: 69616K->461K(70656K)] 526562K->457408K(588800K), 0.0015753 secs] [Times: user=0.01 sys=0.00, real=0.00 secs] 
2617.828: [GC (Allocation Failure) [PSYoungGen: 69059K->493K(69120K)] 526005K->457440K(587264K), 0.0016786 secs] [Times: user=0.01 sys=0.00, real=0.00 secs] 
2618.157: [GC (Allocation Failure) [PSYoungGen: 68589K->1424K(69120K)] 525536K->458378K(587264K), 0.0020487 secs] [Times: user=0.01 sys=0.00, real=0.00 secs] 
2618.438: [GC (Allocation Failure) [PSYoungGen: 69008K->1344K(68608K)] 525962K->458298K(586752K), 0.0020290 secs] [Times: user=0.01 sys=0.00, real=0.00 secs] 
2618.961: [GC (Allocation Failure) [PSYoungGen: 68416K->1408K(68096K)] 525370K->458362K(586240K), 0.0021932 secs] [Times: user=0.01 sys=0.00, real=0.00 secs] 
2619.776: [GC (Allocation Failure) [PSYoungGen: 67968K->1408K(67584K)] 524922K->458362K(585728K), 0.0027446 secs] [Times: user=0.01 sys=0.00, real=0.00 secs] 
2620.404: [GC (Allocation Failure) [PSYoungGen: 67456K->1469K(67072K)] 524410K->458424K(585216K), 0.0025430 secs] [Times: user=0.01 sys=0.00, real=0.00 secs] 
2620.557: [GC (Allocation Failure) [PSYoungGen: 67005K->1421K(66560K)] 523960K->458376K(584704K), 0.0016460 secs] [Times: user=0.01 sys=0.00, real=0.00 secs] 
2620.673: [GC (Allocation Failure) [PSYoungGen: 66445K->1472K(66048K)] 523400K->458426K(584192K), 0.0017238 secs] [Times: user=0.00 sys=0.00, real=0.00 secs] 
2620.788: [GC (Allocation Failure) [PSYoungGen: 65984K->1405K(65536K)] 522938K->458376K(583680K), 0.0016562 secs] [Times: user=0.00 sys=0.00, real=0.00 secs] 
2620.967: [GC (Allocation Failure) [PSYoungGen: 65405K->1424K(65024K)] 522376K->458394K(583168K), 0.0016999 secs] [Times: user=0.01 sys=0.00, real=0.00 secs] 
2621.230: [GC (Allocation Failure) [PSYoungGen: 64912K->1344K(64512K)] 521882K->458314K(582656K), 0.0017443 secs] [Times: user=0.01 sys=0.00, real=0.01 secs] 
2621.491: [GC (Allocation Failure) [PSYoungGen: 64320K->1392K(64000K)] 521290K->458362K(582144K), 0.0016206 secs] [Times: user=0.00 sys=0.00, real=0.00 secs] 
2621.750: [GC (Allocation Failure) [PSYoungGen: 63856K->1360K(63488K)] 520826K->458330K(581632K), 0.0016609 secs] [Times: user=0.01 sys=0.01, real=0.01 secs] 
2622.007: [GC (Allocation Failure) [PSYoungGen: 63312K->1376K(62976K)] 520282K->458346K(581120K), 0.0016030 secs] [Times: user=0.00 sys=0.00, real=0.00 secs] 
2622.136: [GC (Allocation Failure) [PSYoungGen: 62816K->1501K(62464K)] 519786K->458472K(580608K), 0.0017305 secs] [Times: user=0.01 sys=0.00, real=0.00 secs] 
2622.244: [GC (Allocation Failure) [PSYoungGen: 62429K->1501K(62976K)] 519400K->458472K(581120K), 0.0016637 secs] [Times: user=0.01 sys=0.00, real=0.00 secs] 
2622.352: [GC (Allocation Failure) [PSYoungGen: 62429K->1472K(68608K)] 519400K->458458K(586752K), 0.0015578 secs] [Times: user=0.01 sys=0.00, real=0.00 secs] 
2622.469: [GC (Allocation Failure) [PSYoungGen: 68032K->1453K(68608K)] 525018K->458440K(586752K), 0.0016843 secs] [Times: user=0.01 sys=0.00, real=0.00 secs] 
2622.935: [GC (Allocation Failure) [PSYoungGen: 68013K->1408K(67584K)] 525000K->458394K(585728K), 0.0017538 secs] [Times: user=0.00 sys=0.00, real=0.00 secs] 
2623.464: [GC (Allocation Failure) [PSYoungGen: 67456K->1344K(67072K)] 524442K->458330K(585216K), 0.0028023 secs] [Times: user=0.01 sys=0.00, real=0.00 secs] 
2623.995: [GC (Allocation Failure) [PSYoungGen: 66880K->1360K(66560K)] 523866K->458346K(584704K), 0.0021369 secs] [Times: user=0.01 sys=0.00, real=0.00 secs] 
2624.273: [GC (Allocation Failure) [PSYoungGen: 66384K->1344K(66048K)] 523370K->458330K(584192K), 0.0021222 secs] [Times: user=0.01 sys=0.00, real=0.00 secs] 
2624.502: [GC (Allocation Failure) [PSYoungGen: 65856K->1469K(65536K)] 522842K->458456K(583680K), 0.0017183 secs] [Times: user=0.00 sys=0.00, real=0.00 secs] 
2624.616: [GC (Allocation Failure) [PSYoungGen: 65469K->1501K(65024K)] 522456K->458488K(583168K), 0.0016675 secs] [Times: user=0.01 sys=0.00, real=0.00 secs] 
2624.728: [GC (Allocation Failure) [PSYoungGen: 64989K->1504K(71168K)] 521976K->458506K(589312K), 0.0024841 secs] [Times: user=0.01 sys=0.00, real=0.00 secs] 
2624.852: [GC (Allocation Failure) [PSYoungGen: 71136K->1469K(71680K)] 528138K->458472K(589824K), 0.0016134 secs] [Times: user=0.00 sys=0.00, real=0.00 secs] 
2625.630: [GC (Allocation Failure) [PSYoungGen: 71101K->1392K(77824K)] 528104K->458394K(595968K), 0.0047083 secs] [Times: user=0.02 sys=0.00, real=0.01 secs] 
2627.239: [GC (Allocation Failure) [PSYoungGen: 77680K->1344K(77312K)] 534682K->458346K(595456K), 0.0049259 secs] [Times: user=0.02 sys=0.01, real=0.01 secs] 
2628.629: [GC (Allocation Failure) [PSYoungGen: 77120K->1344K(76800K)] 534122K->458346K(594944K), 0.0040797 secs] [Times: user=0.01 sys=0.00, real=0.01 secs] 
2629.180: [GC (Allocation Failure) [PSYoungGen: 76608K->1376K(76288K)] 533610K->458378K(594432K), 0.0023909 secs] [Times: user=0.01 sys=0.00, real=0.01 secs] 
2629.482: [GC (Allocation Failure) [PSYoungGen: 76128K->1456K(75776K)] 533130K->458458K(593920K), 0.0016284 secs] [Times: user=0.01 sys=0.00, real=0.00 secs] 
2629.613: [GC (Allocation Failure) [PSYoungGen: 75696K->1485K(75264K)] 532698K->458488K(593408K), 0.0017435 secs] [Times: user=0.00 sys=0.00, real=0.00 secs] 
2629.742: [GC (Allocation Failure) [PSYoungGen: 75213K->1485K(74752K)] 532216K->458488K(592896K), 0.0017103 secs] [Times: user=0.00 sys=0.00, real=0.00 secs] 
2630.031: [GC (Allocation Failure) [PSYoungGen: 74701K->1456K(74240K)] 531704K->458458K(592384K), 0.0020396 secs] [Times: user=0.01 sys=0.00, real=0.00 secs] 
2630.723: [GC (Allocation Failure) [PSYoungGen: 74160K->1344K(73728K)] 531162K->458346K(591872K), 0.0031966 secs] [Times: user=0.01 sys=0.00, real=0.00 secs] 
2631.258: [GC (Allocation Failure) [PSYoungGen: 73536K->1344K(73216K)] 530538K->458346K(591360K), 0.0021256 secs] [Times: user=0.01 sys=0.00, real=0.00 secs] 
2631.551: [GC (Allocation Failure) [PSYoungGen: 73024K->1344K(72704K)] 530026K->458362K(590848K), 0.0021918 secs] [Times: user=0.01 sys=0.00, real=0.00 secs] 
2632.166: [GC (Allocation Failure) [PSYoungGen: 72512K->1437K(72192K)] 529530K->458456K(590336K), 0.0020440 secs] [Times: user=0.01 sys=0.00, real=0.00 secs] 
2632.304: [GC (Allocation Failure) [PSYoungGen: 72093K->1437K(71680K)] 529112K->458456K(589824K), 0.0018690 secs] [Times: user=0.00 sys=0.00, real=0.00 secs] 
2632.427: [GC (Allocation Failure) [PSYoungGen: 71581K->1469K(71168K)] 528600K->458488K(589312K), 0.0017820 secs] [Times: user=0.01 sys=0.00, real=0.00 secs] 
2632.550: [GC (Allocation Failure) [PSYoungGen: 71101K->1501K(71680K)] 528120K->458520K(589824K), 0.0018853 secs] [Times: user=0.01 sys=0.00, real=0.01 secs] 
2633.135: [GC (Allocation Failure) [PSYoungGen: 71133K->1440K(70656K)] 528152K->458458K(588800K), 0.0019531 secs] [Times: user=0.01 sys=0.00, real=0.00 secs] 
2633.917: [GC (Allocation Failure) [PSYoungGen: 70560K->1344K(70144K)] 527578K->458362K(588288K), 0.0041344 secs] [Times: user=0.02 sys=0.00, real=0.01 secs] 
2634.881: [GC (Allocation Failure) [PSYoungGen: 69952K->1344K(69632K)] 526970K->458362K(587776K), 0.0031105 secs] [Times: user=0.01 sys=0.00, real=0.00 secs] 
2635.672: [GC (Allocation Failure) [PSYoungGen: 69440K->1328K(69120K)] 526458K->458346K(587264K), 0.0031629 secs] [Times: user=0.01 sys=0.01, real=0.00 secs] 
2635.988: [GC (Allocation Failure) [PSYoungGen: 68912K->1437K(68608K)] 525930K->458456K(586752K), 0.0020546 secs] [Times: user=0.01 sys=0.00, real=0.00 secs] 
2636.159: [GC (Allocation Failure) [PSYoungGen: 68488K->1469K(68096K)] 525506K->458488K(586240K), 0.0020713 secs] [Times: user=0.00 sys=0.00, real=0.01 secs] 
2636.313: [GC (Allocation Failure) [PSYoungGen: 68029K->1437K(67584K)] 525048K->458456K(585728K), 0.0018027 secs] [Times: user=0.01 sys=0.00, real=0.00 secs] 
2636.447: [GC (Allocation Failure) [PSYoungGen: 67485K->1501K(67072K)] 524504K->458536K(585216K), 0.0019129 secs] [Times: user=0.01 sys=0.00, real=0.00 secs] 
2636.986: [GC (Allocation Failure) [PSYoungGen: 67037K->1392K(66560K)] 524072K->458426K(584704K), 0.0026061 secs] [Times: user=0.01 sys=0.00, real=0.00 secs] 
2637.584: [GC (Allocation Failure) [PSYoungGen: 66416K->1344K(66048K)] 523450K->458378K(584192K), 0.0027136 secs] [Times: user=0.01 sys=0.00, real=0.00 secs] 
2638.207: [GC (Allocation Failure) [PSYoungGen: 65856K->1344K(65536K)] 522890K->458378K(583680K), 0.0023819 secs] [Times: user=0.01 sys=0.00, real=0.00 secs] 
2638.966: [GC (Allocation Failure) [PSYoungGen: 65344K->1344K(65024K)] 522378K->458378K(583168K), 0.0033751 secs] [Times: user=0.01 sys=0.00, real=0.00 secs] 
2639.425: [GC (Allocation Failure) [PSYoungGen: 64832K->1469K(64512K)] 521866K->458504K(582656K), 0.0024776 secs] [Times: user=0.01 sys=0.00, real=0.00 secs] 
2639.570: [GC (Allocation Failure) [PSYoungGen: 64445K->1501K(64000K)] 521480K->458536K(582144K), 0.0017104 secs] [Times: user=0.00 sys=0.00, real=0.01 secs] 
2639.681: [GC (Allocation Failure) [PSYoungGen: 63965K->1504K(63488K)] 521000K->458538K(581632K), 0.0017792 secs] [Times: user=0.01 sys=0.00, real=0.00 secs] 
2639.790: [GC (Allocation Failure) [PSYoungGen: 63456K->1453K(64000K)] 520490K->458496K(582144K), 0.0016502 secs] [Times: user=0.00 sys=0.00, real=0.01 secs] 
2640.106: [GC (Allocation Failure) [PSYoungGen: 63405K->1392K(62976K)] 520448K->458434K(581120K), 0.0020837 secs] [Times: user=0.01 sys=0.00, real=0.00 secs] 
2640.870: [GC (Allocation Failure) [PSYoungGen: 62832K->1376K(62464K)] 519874K->458434K(580608K), 0.0020848 secs] [Times: user=0.01 sys=0.00, real=0.01 secs] 
2641.670: [GC (Allocation Failure) [PSYoungGen: 62304K->1344K(61952K)] 519362K->458402K(580096K), 0.0020828 secs] [Times: user=0.00 sys=0.00, real=0.01 secs] 
2642.384: [GC (Allocation Failure) [PSYoungGen: 61760K->1312K(61440K)] 518818K->458370K(579584K), 0.0029903 secs] [Times: user=0.01 sys=0.00, real=0.00 secs] 
2643.072: [GC (Allocation Failure) [PSYoungGen: 61216K->1328K(61952K)] 518274K->458386K(580096K), 0.0024685 secs] [Times: user=0.01 sys=0.00, real=0.00 secs] 
2643.553: [GC (Allocation Failure) [PSYoungGen: 61232K->1469K(61952K)] 518290K->458528K(580096K), 0.0023045 secs] [Times: user=0.01 sys=0.00, real=0.00 secs] 
2643.690: [GC (Allocation Failure) [PSYoungGen: 61373K->1501K(61952K)] 518432K->458560K(580096K), 0.0017318 secs] [Times: user=0.01 sys=0.00, real=0.01 secs] 
2643.796: [GC (Allocation Failure) [PSYoungGen: 61405K->1440K(61952K)] 518464K->458506K(580096K), 0.0016271 secs] [Times: user=0.01 sys=0.00, real=0.00 secs] 
2643.902: [GC (Allocation Failure) [PSYoungGen: 61344K->1437K(61952K)] 518410K->458504K(580096K), 0.0016058 secs] [Times: user=0.00 sys=0.00, real=0.00 secs] 
2645.055: [GC (Allocation Failure) [PSYoungGen: 61341K->1392K(61440K)] 518408K->458458K(579584K), 0.0046880 secs] [Times: user=0.01 sys=0.00, real=0.00 secs] 
2646.257: [GC (Allocation Failure) [PSYoungGen: 61296K->1344K(61440K)] 518362K->458410K(579584K), 0.0034371 secs] [Times: user=0.01 sys=0.00, real=0.00 secs] 
2646.741: [GC (Allocation Failure) [PSYoungGen: 61248K->1360K(61440K)] 518314K->458426K(579584K), 0.0022235 secs] [Times: user=0.01 sys=0.00, real=0.00 secs] 
2647.185: [GC (Allocation Failure) [PSYoungGen: 61264K->1344K(61440K)] 518330K->458410K(579584K), 0.0027705 secs] [Times: user=0.01 sys=0.00, real=0.00 secs] 
2647.631: [GC (Allocation Failure) [PSYoungGen: 61248K->1376K(61440K)] 518314K->458442K(579584K), 0.0026329 secs] [Times: user=0.01 sys=0.01, real=0.00 secs] 
2647.986: [GC (Allocation Failure) [PSYoungGen: 61280K->1437K(61440K)] 518346K->458504K(579584K), 0.0022268 secs] [Times: user=0.01 sys=0.00, real=0.00 secs] 
2648.110: [GC (Allocation Failure) [PSYoungGen: 61341K->1437K(61440K)] 518408K->458520K(579584K), 0.0017782 secs] [Times: user=0.01 sys=0.00, real=0.01 secs] 
2648.216: [GC (Allocation Failure) [PSYoungGen: 61341K->1485K(64000K)] 518424K->458568K(582144K), 0.0016759 secs] [Times: user=0.01 sys=0.00, real=0.00 secs] 
2648.326: [GC (Allocation Failure) [PSYoungGen: 63437K->1456K(67072K)] 520520K->458538K(585216K), 0.0017217 secs] [Times: user=0.01 sys=0.00, real=0.00 secs] 
2648.636: [GC (Allocation Failure) [PSYoungGen: 66480K->1392K(67072K)] 523562K->458474K(585216K), 0.0022025 secs] [Times: user=0.01 sys=0.00, real=0.00 secs] 
2648.907: [GC (Allocation Failure) [PSYoungGen: 66416K->1376K(66048K)] 523498K->458458K(584192K), 0.0021853 secs] [Times: user=0.01 sys=0.00, real=0.00 secs] 
2649.176: [GC (Allocation Failure) [PSYoungGen: 65888K->1344K(65536K)] 522970K->458426K(583680K), 0.0022299 secs] [Times: user=0.01 sys=0.00, real=0.00 secs] 
2649.683: [GC (Allocation Failure) [PSYoungGen: 65344K->1344K(65024K)] 522426K->458426K(583168K), 0.0021206 secs] [Times: user=0.01 sys=0.00, real=0.00 secs] 
2650.348: [GC (Allocation Failure) [PSYoungGen: 64832K->1376K(64512K)] 521914K->458458K(582656K), 0.0038121 secs] [Times: user=0.01 sys=0.01, real=0.01 secs] 
2650.593: [GC (Allocation Failure) [PSYoungGen: 64352K->1504K(64000K)] 521434K->458586K(582144K), 0.0020204 secs] [Times: user=0.01 sys=0.00, real=0.00 secs] 
2650.714: [GC (Allocation Failure) [PSYoungGen: 63966K->1408K(63488K)] 521049K->458506K(581632K), 0.0018564 secs] [Times: user=0.01 sys=0.00, real=0.00 secs] 
2650.842: [GC (Allocation Failure) [PSYoungGen: 63335K->1389K(69120K)] 520433K->458488K(587264K), 0.0020165 secs] [Times: user=0.00 sys=0.00, real=0.00 secs] 
2651.032: [GC (Allocation Failure) [PSYoungGen: 68973K->1421K(69632K)] 526072K->458520K(587776K), 0.0024237 secs] [Times: user=0.01 sys=0.01, real=0.00 secs] 
2652.520: [GC (Allocation Failure) [PSYoungGen: 69517K->1392K(69120K)] 526616K->458490K(587264K), 0.0031544 secs] [Times: user=0.01 sys=0.00, real=0.01 secs] 
2653.515: [GC (Allocation Failure) [PSYoungGen: 68976K->1312K(68608K)] 526074K->458410K(586752K), 0.0046251 secs] [Times: user=0.02 sys=0.01, real=0.00 secs] 
2654.259: [GC (Allocation Failure) [PSYoungGen: 68384K->352K(67072K)] 525482K->458482K(585216K), 0.0026557 secs] [Times: user=0.01 sys=0.00, real=0.01 secs] 
2654.561: [GC (Allocation Failure) [PSYoungGen: 66912K->384K(68096K)] 525042K->458514K(586240K), 0.0017779 secs] [Times: user=0.01 sys=0.00, real=0.01 secs] 
2654.824: [GC (Allocation Failure) [PSYoungGen: 66432K->1472K(67072K)] 524562K->459603K(585216K), 0.0017656 secs] [Times: user=0.01 sys=0.00, real=0.00 secs] 
2654.940: [GC (Allocation Failure) [PSYoungGen: 66994K->1488K(66560K)] 525125K->459619K(584704K), 0.0017708 secs] [Times: user=0.00 sys=0.00, real=0.01 secs] 
2655.055: [GC (Allocation Failure) [PSYoungGen: 66512K->1504K(66048K)] 524643K->459651K(584192K), 0.0015646 secs] [Times: user=0.01 sys=0.00, real=0.00 secs] 
2655.169: [GC (Allocation Failure) [PSYoungGen: 66016K->1488K(72704K)] 524163K->459635K(590848K), 0.0016373 secs] [Times: user=0.00 sys=0.00, real=0.00 secs] 
2655.544: [GC (Allocation Failure) [PSYoungGen: 72144K->1376K(71680K)] 530291K->459522K(589824K), 0.0019922 secs] [Times: user=0.00 sys=0.00, real=0.00 secs] 
2655.847: [GC (Allocation Failure) [PSYoungGen: 71520K->1344K(71168K)] 529666K->459490K(589312K), 0.0019363 secs] [Times: user=0.01 sys=0.00, real=0.00 secs] 
2656.210: [GC (Allocation Failure) [PSYoungGen: 70976K->1360K(70656K)] 529122K->459506K(588800K), 0.0021718 secs] [Times: user=0.00 sys=0.00, real=0.01 secs] 
2656.497: [GC (Allocation Failure) [PSYoungGen: 70480K->1312K(70144K)] 528626K->459466K(588288K), 0.0021119 secs] [Times: user=0.00 sys=0.00, real=0.00 secs] 
2656.714: [GC (Allocation Failure) [PSYoungGen: 69920K->1485K(69632K)] 528074K->459640K(587776K), 0.0020255 secs] [Times: user=0.01 sys=0.00, real=0.00 secs] 
2656.836: [GC (Allocation Failure) [PSYoungGen: 69581K->1440K(69120K)] 527736K->459594K(587264K), 0.0016900 secs] [Times: user=0.01 sys=0.00, real=0.00 secs] 
2656.957: [GC (Allocation Failure) [PSYoungGen: 69024K->1504K(69632K)] 527178K->459659K(587776K), 0.0016728 secs] [Times: user=0.01 sys=0.00, real=0.00 secs] 
2657.096: [GC (Allocation Failure) [PSYoungGen: 69088K->1501K(69632K)] 527243K->459672K(587776K), 0.0020041 secs] [Times: user=0.01 sys=0.00, real=0.00 secs] 
2658.580: [GC (Allocation Failure) [PSYoungGen: 69085K->1376K(68608K)] 527256K->459546K(586752K), 0.0026432 secs] [Times: user=0.01 sys=0.00, real=0.01 secs] 
2659.304: [GC (Allocation Failure) [PSYoungGen: 68448K->1312K(68096K)] 526618K->459498K(586240K), 0.0024760 secs] [Times: user=0.01 sys=0.00, real=0.00 secs] 
2659.850: [GC (Allocation Failure) [PSYoungGen: 67872K->1344K(67584K)] 526058K->459530K(585728K), 0.0039992 secs] [Times: user=0.02 sys=0.01, real=0.01 secs] 
2660.427: [GC (Allocation Failure) [PSYoungGen: 67392K->1344K(67072K)] 525578K->459530K(585216K), 0.0033089 secs] [Times: user=0.01 sys=0.00, real=0.01 secs] 
2660.751: [GC (Allocation Failure) [PSYoungGen: 66880K->1456K(66560K)] 525066K->459643K(584704K), 0.0019678 secs] [Times: user=0.01 sys=0.00, real=0.01 secs] 
2660.876: [GC (Allocation Failure) [PSYoungGen: 66480K->1485K(66048K)] 524667K->459672K(584192K), 0.0017810 secs] [Times: user=0.00 sys=0.00, real=0.00 secs] 
2660.991: [GC (Allocation Failure) [PSYoungGen: 65997K->1421K(71680K)] 524184K->459608K(589824K), 0.0017190 secs] [Times: user=0.00 sys=0.00, real=0.01 secs] 
2661.119: [GC (Allocation Failure) [PSYoungGen: 71565K->1504K(72704K)] 529752K->459707K(590848K), 0.0016675 secs] [Times: user=0.01 sys=0.00, real=0.01 secs] 
2662.186: [GC (Allocation Failure) [PSYoungGen: 72160K->1392K(71680K)] 530363K->459594K(589824K), 0.0028856 secs] [Times: user=0.02 sys=0.00, real=0.00 secs] 
2662.474: [GC (Allocation Failure) [PSYoungGen: 71536K->1344K(71168K)] 529738K->459546K(589312K), 0.0022232 secs] [Times: user=0.01 sys=0.01, real=0.00 secs] 
2662.835: [GC (Allocation Failure) [PSYoungGen: 70976K->1328K(70656K)] 529178K->459530K(588800K), 0.0021873 secs] [Times: user=0.01 sys=0.00, real=0.00 secs] 
2663.339: [GC (Allocation Failure) [PSYoungGen: 70448K->1312K(70144K)] 528650K->459514K(588288K), 0.0022979 secs] [Times: user=0.01 sys=0.00, real=0.01 secs] 
2663.588: [GC (Allocation Failure) [PSYoungGen: 69920K->1485K(69632K)] 528122K->459688K(587776K), 0.0015843 secs] [Times: user=0.01 sys=0.00, real=0.00 secs] 
2663.708: [GC (Allocation Failure) [PSYoungGen: 69581K->1472K(69120K)] 527784K->459674K(587264K), 0.0018411 secs] [Times: user=0.01 sys=0.00, real=0.00 secs] 
2663.830: [GC (Allocation Failure) [PSYoungGen: 69056K->1437K(68608K)] 527258K->459640K(586752K), 0.0016315 secs] [Times: user=0.01 sys=0.00, real=0.01 secs] 
2663.948: [GC (Allocation Failure) [PSYoungGen: 68509K->128K(75264K)] 526712K->458338K(593408K), 0.0016265 secs] [Times: user=0.01 sys=0.00, real=0.00 secs] 
2664.606: [GC (Allocation Failure) [PSYoungGen: 73344K->1344K(74240K)] 531554K->459554K(592384K), 0.0018710 secs] [Times: user=0.01 sys=0.01, real=0.00 secs] 
2664.907: [GC (Allocation Failure) [PSYoungGen: 74048K->1344K(73728K)] 532258K->459554K(591872K), 0.0023032 secs] [Times: user=0.01 sys=0.00, real=0.00 secs] 
2665.210: [GC (Allocation Failure) [PSYoungGen: 73536K->1360K(73216K)] 531746K->459570K(591360K), 0.0024163 secs] [Times: user=0.01 sys=0.00, real=0.01 secs] 
2665.755: [GC (Allocation Failure) [PSYoungGen: 73040K->1456K(72704K)] 531250K->459667K(590848K), 0.0024824 secs] [Times: user=0.01 sys=0.00, real=0.00 secs] 
2665.929: [GC (Allocation Failure) [PSYoungGen: 72624K->1485K(72192K)] 530835K->459696K(590336K), 0.0016899 secs] [Times: user=0.01 sys=0.00, real=0.01 secs] 
2666.055: [GC (Allocation Failure) [PSYoungGen: 72141K->1469K(71680K)] 530352K->459680K(589824K), 0.0017725 secs] [Times: user=0.01 sys=0.00, real=0.00 secs] 
2666.179: [GC (Allocation Failure) [PSYoungGen: 71613K->1504K(72192K)] 529824K->459715K(590336K), 0.0018160 secs] [Times: user=0.01 sys=0.00, real=0.01 secs] 
2666.641: [GC (Allocation Failure) [PSYoungGen: 71648K->1408K(71168K)] 529859K->459626K(589312K), 0.0019229 secs] [Times: user=0.01 sys=0.00, real=0.01 secs] 
2667.529: [GC (Allocation Failure) [PSYoungGen: 71040K->1344K(70656K)] 529258K->459562K(588800K), 0.0043140 secs] [Times: user=0.02 sys=0.00, real=0.01 secs] 
2668.113: [GC (Allocation Failure) [PSYoungGen: 70464K->1376K(70144K)] 528682K->459594K(588288K), 0.0036093 secs] [Times: user=0.01 sys=0.00, real=0.00 secs] 
2668.667: [GC (Allocation Failure) [PSYoungGen: 69984K->1344K(69632K)] 528202K->459562K(587776K), 0.0035619 secs] [Times: user=0.01 sys=0.00, real=0.00 secs] 
2669.118: [GC (Allocation Failure) [PSYoungGen: 69440K->1440K(69120K)] 527658K->459658K(587264K), 0.0023745 secs] [Times: user=0.00 sys=0.00, real=0.00 secs] 
2669.267: [GC (Allocation Failure) [PSYoungGen: 69024K->1421K(68608K)] 527242K->459640K(586752K), 0.0017329 secs] [Times: user=0.01 sys=0.00, real=0.00 secs] 
2669.385: [GC (Allocation Failure) [PSYoungGen: 68493K->1453K(68096K)] 526712K->459672K(586240K), 0.0016442 secs] [Times: user=0.01 sys=0.00, real=0.00 secs] 
2669.502: [GC (Allocation Failure) [PSYoungGen: 68013K->1421K(68608K)] 526232K->459640K(586752K), 0.0016953 secs] [Times: user=0.01 sys=0.00, real=0.00 secs] 
2669.769: [GC (Allocation Failure) [PSYoungGen: 67981K->1424K(67584K)] 526200K->459658K(585728K), 0.0016686 secs] [Times: user=0.01 sys=0.00, real=0.01 secs] 
2670.050: [GC (Allocation Failure) [PSYoungGen: 67472K->1408K(67072K)] 525706K->459642K(585216K), 0.0017438 secs] [Times: user=0.01 sys=0.00, real=0.01 secs] 
2670.402: [GC (Allocation Failure) [PSYoungGen: 66944K->1344K(66560K)] 525178K->459578K(584704K), 0.0017747 secs] [Times: user=0.01 sys=0.00, real=0.00 secs] 
2670.672: [GC (Allocation Failure) [PSYoungGen: 66368K->1408K(66048K)] 524602K->459642K(584192K), 0.0019792 secs] [Times: user=0.01 sys=0.01, real=0.00 secs] 
2670.936: [GC (Allocation Failure) [PSYoungGen: 65906K->1453K(65536K)] 524141K->459688K(583680K), 0.0017971 secs] [Times: user=0.00 sys=0.00, real=0.00 secs] 
2671.050: [GC (Allocation Failure) [PSYoungGen: 65453K->1472K(65024K)] 523688K->459706K(583168K), 0.0018146 secs] [Times: user=0.00 sys=0.00, real=0.01 secs] 
2671.162: [GC (Allocation Failure) [PSYoungGen: 64960K->1453K(65536K)] 523194K->459688K(583680K), 0.0015964 secs] [Times: user=0.01 sys=0.00, real=0.00 secs] 
2671.275: [GC (Allocation Failure) [PSYoungGen: 64941K->1485K(71168K)] 523176K->459736K(589312K), 0.0017417 secs] [Times: user=0.01 sys=0.00, real=0.00 secs] 
2671.475: [GC (Allocation Failure) [PSYoungGen: 70605K->1424K(71168K)] 528856K->459674K(589312K), 0.0018342 secs] [Times: user=0.01 sys=0.00, real=0.00 secs] 
2671.808: [GC (Allocation Failure) [PSYoungGen: 70544K->1344K(70144K)] 528794K->459594K(588288K), 0.0018297 secs] [Times: user=0.00 sys=0.00, real=0.00 secs] 
2672.138: [GC (Allocation Failure) [PSYoungGen: 69952K->1344K(69632K)] 528202K->459594K(587776K), 0.0020415 secs] [Times: user=0.01 sys=0.00, real=0.00 secs] 
2672.421: [GC (Allocation Failure) [PSYoungGen: 69440K->1312K(69120K)] 527690K->459562K(587264K), 0.0018435 secs] [Times: user=0.01 sys=0.00, real=0.01 secs] 
2672.783: [GC (Allocation Failure) [PSYoungGen: 68896K->1453K(68608K)] 527146K->459704K(586752K), 0.0020876 secs] [Times: user=0.01 sys=0.00, real=0.00 secs] 
2672.944: [GC (Allocation Failure) [PSYoungGen: 68525K->1472K(68096K)] 526776K->459722K(586240K), 0.0020098 secs] [Times: user=0.01 sys=0.00, real=0.00 secs] 
2673.090: [GC (Allocation Failure) [PSYoungGen: 68032K->1421K(67584K)] 526282K->459672K(585728K), 0.0017379 secs] [Times: user=0.01 sys=0.00, real=0.01 secs] 
2673.222: [GC (Allocation Failure) [PSYoungGen: 67469K->1469K(73728K)] 525720K->459736K(591872K), 0.0019883 secs] [Times: user=0.00 sys=0.00, real=0.00 secs] 
2673.676: [GC (Allocation Failure) [PSYoungGen: 73661K->1392K(73216K)] 531928K->459658K(591360K), 0.0026830 secs] [Times: user=0.01 sys=0.00, real=0.00 secs] 
2674.067: [GC (Allocation Failure) [PSYoungGen: 73072K->1408K(72704K)] 531338K->459674K(590848K), 0.0021407 secs] [Times: user=0.01 sys=0.00, real=0.00 secs] 
2674.367: [GC (Allocation Failure) [PSYoungGen: 72576K->1376K(72192K)] 530842K->459642K(590336K), 0.0020272 secs] [Times: user=0.01 sys=0.00, real=0.00 secs] 
2674.866: [GC (Allocation Failure) [PSYoungGen: 72032K->1376K(71680K)] 530298K->459642K(589824K), 0.0020872 secs] [Times: user=0.01 sys=0.00, real=0.00 secs] 
2675.378: [GC (Allocation Failure) [PSYoungGen: 71520K->1437K(71168K)] 529786K->459704K(589312K), 0.0023555 secs] [Times: user=0.01 sys=0.00, real=0.00 secs] 
2675.586: [GC (Allocation Failure) [PSYoungGen: 71038K->1453K(70656K)] 529305K->459720K(588800K), 0.0024203 secs] [Times: user=0.01 sys=0.00, real=0.00 secs] 
2675.735: [GC (Allocation Failure) [PSYoungGen: 70573K->1501K(70144K)] 528840K->459768K(588288K), 0.0017775 secs] [Times: user=0.00 sys=0.00, real=0.00 secs] 
2675.874: [GC (Allocation Failure) [PSYoungGen: 70109K->1485K(69632K)] 528376K->459760K(587776K), 0.0020761 secs] [Times: user=0.01 sys=0.00, real=0.00 secs] 
2676.304: [GC (Allocation Failure) [PSYoungGen: 69581K->1424K(69120K)] 527856K->459698K(587264K), 0.0032406 secs] [Times: user=0.01 sys=0.00, real=0.00 secs] 
2676.779: [GC (Allocation Failure) [PSYoungGen: 69008K->1408K(68608K)] 527282K->459682K(586752K), 0.0027012 secs] [Times: user=0.01 sys=0.00, real=0.01 secs] 
2677.302: [GC (Allocation Failure) [PSYoungGen: 68480K->1392K(68096K)] 526754K->459666K(586240K), 0.0027397 secs] [Times: user=0.01 sys=0.00, real=0.00 secs] 
2677.819: [GC (Allocation Failure) [PSYoungGen: 67952K->1344K(67584K)] 526226K->459618K(585728K), 0.0024617 secs] [Times: user=0.01 sys=0.01, real=0.01 secs] 
2678.208: [GC (Allocation Failure) [PSYoungGen: 67392K->1501K(67072K)] 525666K->459776K(585216K), 0.0022297 secs] [Times: user=0.01 sys=0.00, real=0.00 secs] 
2678.349: [GC (Allocation Failure) [PSYoungGen: 67035K->1536K(67072K)] 525310K->459811K(585216K), 0.0018065 secs] [Times: user=0.00 sys=0.00, real=0.01 secs] 
2678.464: [GC (Allocation Failure) [PSYoungGen: 66560K->1501K(66048K)] 524835K->459776K(584192K), 0.0018165 secs] [Times: user=0.00 sys=0.00, real=0.00 secs] 
2678.579: [GC (Allocation Failure) [PSYoungGen: 66013K->1453K(66560K)] 524288K->459736K(584704K), 0.0016083 secs] [Times: user=0.01 sys=0.00, real=0.01 secs] 
2678.786: [GC (Allocation Failure) [PSYoungGen: 66477K->1408K(67072K)] 524760K->459690K(585216K), 0.0019717 secs] [Times: user=0.00 sys=0.00, real=0.00 secs] 
2679.256: [GC (Allocation Failure) [PSYoungGen: 66432K->1376K(66048K)] 524714K->459674K(584192K), 0.0018814 secs] [Times: user=0.01 sys=0.00, real=0.00 secs] 
2679.751: [GC (Allocation Failure) [PSYoungGen: 65888K->1360K(65536K)] 524186K->459658K(583680K), 0.0017660 secs] [Times: user=0.00 sys=0.00, real=0.00 secs] 
2680.263: [GC (Allocation Failure) [PSYoungGen: 65360K->1344K(65024K)] 523658K->459642K(583168K), 0.0018400 secs] [Times: user=0.01 sys=0.00, real=0.00 secs] 
2680.793: [GC (Allocation Failure) [PSYoungGen: 64800K->1453K(64512K)] 523099K->459752K(582656K), 0.0020781 secs] [Times: user=0.01 sys=0.00, real=0.00 secs] 
2680.910: [GC (Allocation Failure) [PSYoungGen: 64429K->1472K(64000K)] 522728K->459771K(582144K), 0.0015726 secs] [Times: user=0.01 sys=0.00, real=0.01 secs] 
2681.021: [GC (Allocation Failure) [PSYoungGen: 63929K->1453K(63488K)] 522228K->459752K(581632K), 0.0017140 secs] [Times: user=0.01 sys=0.00, real=0.00 secs] 
2681.132: [GC (Allocation Failure) [PSYoungGen: 63405K->1440K(69120K)] 521704K->459754K(587264K), 0.0015401 secs] [Times: user=0.00 sys=0.00, real=0.00 secs] 
2681.253: [GC (Allocation Failure) [PSYoungGen: 69024K->160K(69632K)] 527338K->458474K(587776K), 0.0015855 secs] [Times: user=0.00 sys=0.00, real=0.00 secs] 
2681.820: [GC (Allocation Failure) [PSYoungGen: 67744K->1312K(68608K)] 526058K->459626K(586752K), 0.0017589 secs] [Times: user=0.00 sys=0.00, real=0.01 secs] 
2682.414: [GC (Allocation Failure) [PSYoungGen: 68384K->1344K(68096K)] 526698K->459658K(586240K), 0.0030928 secs] [Times: user=0.01 sys=0.00, real=0.00 secs] 
2682.933: [GC (Allocation Failure) [PSYoungGen: 67904K->1328K(67584K)] 526218K->459642K(585728K), 0.0026190 secs] [Times: user=0.01 sys=0.00, real=0.00 secs] 
2683.320: [GC (Allocation Failure) [PSYoungGen: 67376K->1344K(67072K)] 525690K->459658K(585216K), 0.0023826 secs] [Times: user=0.01 sys=0.00, real=0.01 secs] 
2683.503: [GC (Allocation Failure) [PSYoungGen: 66880K->1456K(66560K)] 525194K->459771K(584704K), 0.0015781 secs] [Times: user=0.00 sys=0.00, real=0.00 secs] 
2683.617: [GC (Allocation Failure) [PSYoungGen: 66480K->1421K(66048K)] 524795K->459736K(584192K), 0.0016358 secs] [Times: user=0.01 sys=0.00, real=0.00 secs] 
2683.732: [GC (Allocation Failure) [PSYoungGen: 65933K->1469K(72192K)] 524248K->459792K(590336K), 0.0017087 secs] [Times: user=0.00 sys=0.00, real=0.00 secs] 
2683.857: [GC (Allocation Failure) [PSYoungGen: 72125K->1421K(72704K)] 530448K->459744K(590848K), 0.0016388 secs] [Times: user=0.00 sys=0.00, real=0.00 secs] 
2684.147: [GC (Allocation Failure) [PSYoungGen: 72077K->1344K(71680K)] 530400K->459666K(589824K), 0.0017727 secs] [Times: user=0.01 sys=0.00, real=0.00 secs] 
2684.455: [GC (Allocation Failure) [PSYoungGen: 71488K->1376K(71168K)] 529810K->459698K(589312K), 0.0019866 secs] [Times: user=0.00 sys=0.00, real=0.00 secs] 
2684.743: [GC (Allocation Failure) [PSYoungGen: 71008K->1376K(70656K)] 529330K->459698K(588800K), 0.0018017 secs] [Times: user=0.00 sys=0.00, real=0.00 secs] 
2685.096: [GC (Allocation Failure) [PSYoungGen: 70496K->1344K(70144K)] 528818K->459666K(588288K), 0.0019396 secs] [Times: user=0.01 sys=0.00, real=0.00 secs] 
2685.268: [GC (Allocation Failure) [PSYoungGen: 69952K->1440K(69632K)] 528274K->459762K(587776K), 0.0016463 secs] [Times: user=0.01 sys=0.00, real=0.00 secs] 
2685.389: [GC (Allocation Failure) [PSYoungGen: 69536K->1453K(69120K)] 527858K->459776K(587264K), 0.0017285 secs] [Times: user=0.01 sys=0.00, real=0.00 secs] 
2685.509: [GC (Allocation Failure) [PSYoungGen: 69037K->1421K(75264K)] 527360K->459744K(593408K), 0.0016334 secs] [Times: user=0.00 sys=0.00, real=0.00 secs] 
2685.930: [GC (Allocation Failure) [PSYoungGen: 75149K->1424K(74752K)] 533472K->459746K(592896K), 0.0022265 secs] [Times: user=0.01 sys=0.00, real=0.01 secs] 
2686.741: [GC (Allocation Failure) [PSYoungGen: 74640K->1408K(74240K)] 532962K->459730K(592384K), 0.0021476 secs] [Times: user=0.01 sys=0.00, real=0.01 secs] 
2687.885: [GC (Allocation Failure) [PSYoungGen: 74112K->1376K(73728K)] 532434K->459698K(591872K), 0.0049265 secs] [Times: user=0.02 sys=0.00, real=0.00 secs] 
2688.892: [GC (Allocation Failure) [PSYoungGen: 73568K->1376K(73216K)] 531890K->459698K(591360K), 0.0050294 secs] [Times: user=0.01 sys=0.00, real=0.00 secs] 
2689.914: [GC (Allocation Failure) [PSYoungGen: 73056K->1392K(72704K)] 531378K->459715K(590848K), 0.0028125 secs] [Times: user=0.01 sys=0.00, real=0.00 secs] 
2690.109: [GC (Allocation Failure) [PSYoungGen: 72556K->1504K(72192K)] 530879K->459859K(590336K), 0.0026026 secs] [Times: user=0.01 sys=0.00, real=0.01 secs] 
2690.234: [GC (Allocation Failure) [PSYoungGen: 72160K->1485K(71680K)] 530515K->459840K(589824K), 0.0016617 secs] [Times: user=0.01 sys=0.00, real=0.00 secs] 
2690.376: [GC (Allocation Failure) [PSYoungGen: 71629K->1469K(72192K)] 529984K->459824K(590336K), 0.0020105 secs] [Times: user=0.01 sys=0.00, real=0.00 secs] 
2691.360: [GC (Allocation Failure) [PSYoungGen: 71613K->1392K(71168K)] 529968K->459746K(589312K), 0.0046411 secs] [Times: user=0.02 sys=0.00, real=0.01 secs] 
2691.677: [GC (Allocation Failure) [PSYoungGen: 71024K->1296K(70656K)] 529378K->459658K(588800K), 0.0020803 secs] [Times: user=0.01 sys=0.00, real=0.00 secs] 
2691.976: [GC (Allocation Failure) [PSYoungGen: 70416K->1344K(70144K)] 528778K->459706K(588288K), 0.0020162 secs] [Times: user=0.01 sys=0.00, real=0.00 secs] 
2692.270: [GC (Allocation Failure) [PSYoungGen: 69952K->1344K(69632K)] 528314K->459706K(587776K), 0.0019076 secs] [Times: user=0.01 sys=0.00, real=0.01 secs] 
2692.497: [GC (Allocation Failure) [PSYoungGen: 69440K->1440K(69120K)] 527802K->459802K(587264K), 0.0017949 secs] [Times: user=0.00 sys=0.00, real=0.00 secs] 
2692.617: [GC (Allocation Failure) [PSYoungGen: 69006K->1469K(68608K)] 527369K->459832K(586752K), 0.0017050 secs] [Times: user=0.00 sys=0.00, real=0.00 secs] 
2692.735: [GC (Allocation Failure) [PSYoungGen: 68541K->1453K(69120K)] 526904K->459816K(587264K), 0.0017262 secs] [Times: user=0.00 sys=0.00, real=0.00 secs] 
2692.853: [GC (Allocation Failure) [PSYoungGen: 68523K->1472K(75264K)] 526886K->459850K(593408K), 0.0016669 secs] [Times: user=0.00 sys=0.00, real=0.00 secs] 
2693.985: [GC (Allocation Failure) [PSYoungGen: 74688K->1376K(74240K)] 533066K->459754K(592384K), 0.0029286 secs] [Times: user=0.01 sys=0.00, real=0.00 secs] 
2694.774: [GC (Allocation Failure) [PSYoungGen: 74080K->1376K(73728K)] 532458K->459754K(591872K), 0.0026697 secs] [Times: user=0.01 sys=0.00, real=0.00 secs] 
2695.348: [GC (Allocation Failure) [PSYoungGen: 73568K->1344K(73216K)] 531946K->459722K(591360K), 0.0025106 secs] [Times: user=0.01 sys=0.00, real=0.01 secs] 
2696.108: [GC (Allocation Failure) [PSYoungGen: 73024K->1392K(72704K)] 531402K->459770K(590848K), 0.0026549 secs] [Times: user=0.01 sys=0.00, real=0.01 secs] 
2696.447: [GC (Allocation Failure) [PSYoungGen: 72560K->1485K(72192K)] 530938K->459864K(590336K), 0.0030483 secs] [Times: user=0.01 sys=0.00, real=0.00 secs] 
2696.574: [GC (Allocation Failure) [PSYoungGen: 72141K->1440K(71680K)] 530520K->459818K(589824K), 0.0016969 secs] [Times: user=0.01 sys=0.00, real=0.00 secs] 
2696.697: [GC (Allocation Failure) [PSYoungGen: 71562K->1421K(71168K)] 529940K->459800K(589312K), 0.0016232 secs] [Times: user=0.01 sys=0.00, real=0.00 secs] 
2696.898: [GC (Allocation Failure) [PSYoungGen: 71053K->1408K(70656K)] 529432K->459786K(588800K), 0.0019832 secs] [Times: user=0.00 sys=0.00, real=0.00 secs] 
2697.465: [GC (Allocation Failure) [PSYoungGen: 70528K->1376K(70144K)] 528906K->459754K(588288K), 0.0018015 secs] [Times: user=0.01 sys=0.00, real=0.00 secs] 
2698.069: [GC (Allocation Failure) [PSYoungGen: 69984K->352K(68608K)] 528362K->459754K(586752K), 0.0018228 secs] [Times: user=0.01 sys=0.00, real=0.01 secs] 
2698.561: [GC (Allocation Failure) [PSYoungGen: 68448K->384K(69632K)] 527850K->459786K(587776K), 0.0017256 secs] [Times: user=0.01 sys=0.00, real=0.00 secs] 
2699.126: [GC (Allocation Failure) [PSYoungGen: 67968K->1424K(68608K)] 527370K->460827K(586752K), 0.0020897 secs] [Times: user=0.01 sys=0.00, real=0.00 secs] 
2699.272: [GC (Allocation Failure) [PSYoungGen: 68496K->1453K(68096K)] 527899K->460856K(586240K), 0.0017199 secs] [Times: user=0.01 sys=0.00, real=0.00 secs] 
2699.389: [GC (Allocation Failure) [PSYoungGen: 68013K->1453K(67584K)] 527416K->460856K(585728K), 0.0017810 secs] [Times: user=0.00 sys=0.00, real=0.01 secs] 
2699.506: [GC (Allocation Failure) [PSYoungGen: 67501K->1485K(68608K)] 526904K->460888K(586752K), 0.0016569 secs] [Times: user=0.01 sys=0.00, real=0.00 secs] 
2699.697: [GC (Allocation Failure) [PSYoungGen: 68045K->1472K(73728K)] 527448K->460874K(591872K), 0.0019233 secs] [Times: user=0.01 sys=0.01, real=0.00 secs] 
2700.304: [GC (Allocation Failure) [PSYoungGen: 73152K->1344K(72704K)] 532554K->460754K(590848K), 0.0020456 secs] [Times: user=0.00 sys=0.00, real=0.00 secs] 
2700.874: [GC (Allocation Failure) [PSYoungGen: 72512K->1312K(72192K)] 531922K->460722K(590336K), 0.0020381 secs] [Times: user=0.01 sys=0.00, real=0.00 secs] 
2701.537: [GC (Allocation Failure) [PSYoungGen: 71968K->1360K(71680K)] 531378K->460770K(589824K), 0.0022557 secs] [Times: user=0.01 sys=0.00, real=0.00 secs] 
2702.276: [GC (Allocation Failure) [PSYoungGen: 71504K->1485K(71168K)] 530914K->460896K(589312K), 0.0024794 secs] [Times: user=0.01 sys=0.00, real=0.00 secs] 
2702.437: [GC (Allocation Failure) [PSYoungGen: 71117K->1453K(70656K)] 530528K->460864K(588800K), 0.0017720 secs] [Times: user=0.01 sys=0.00, real=0.00 secs] 
2702.559: [GC (Allocation Failure) [PSYoungGen: 70573K->1453K(70144K)] 529984K->460864K(588288K), 0.0016836 secs] [Times: user=0.01 sys=0.00, real=0.00 secs] 
2702.680: [GC (Allocation Failure) [PSYoungGen: 70061K->1421K(69632K)] 529472K->460840K(587776K), 0.0018004 secs] [Times: user=0.01 sys=0.00, real=0.01 secs] 
2703.112: [GC (Allocation Failure) [PSYoungGen: 69517K->1456K(69120K)] 528936K->460874K(587264K), 0.0020245 secs] [Times: user=0.01 sys=0.00, real=0.00 secs] 
2704.010: [GC (Allocation Failure) [PSYoungGen: 69040K->1376K(68608K)] 528458K->460794K(586752K), 0.0024819 secs] [Times: user=0.01 sys=0.00, real=0.01 secs] 
2704.760: [GC (Allocation Failure) [PSYoungGen: 68448K->1392K(68096K)] 527866K->460810K(586240K), 0.0026293 secs] [Times: user=0.01 sys=0.00, real=0.01 secs] 
2705.662: [GC (Allocation Failure) [PSYoungGen: 67952K->1424K(67584K)] 527370K->460842K(585728K), 0.0029869 secs] [Times: user=0.01 sys=0.00, real=0.00 secs] 
2706.446: [GC (Allocation Failure) [PSYoungGen: 67472K->1424K(67072K)] 526890K->460843K(585216K), 0.0026670 secs] [Times: user=0.01 sys=0.00, real=0.00 secs] 
2706.605: [GC (Allocation Failure) [PSYoungGen: 66960K->1501K(66560K)] 526379K->460920K(584704K), 0.0017975 secs] [Times: user=0.01 sys=0.00, real=0.00 secs] 
2706.720: [GC (Allocation Failure) [PSYoungGen: 66525K->1501K(66048K)] 525944K->460920K(584192K), 0.0018276 secs] [Times: user=0.01 sys=0.00, real=0.01 secs] 
2706.834: [GC (Allocation Failure) [PSYoungGen: 66013K->1501K(65536K)] 525432K->460928K(583680K), 0.0016845 secs] [Times: user=0.01 sys=0.00, real=0.00 secs] 
2707.300: [GC (Allocation Failure) [PSYoungGen: 65501K->1408K(65024K)] 524928K->460834K(583168K), 0.0024684 secs] [Times: user=0.01 sys=0.01, real=0.01 secs] 
2708.334: [GC (Allocation Failure) [PSYoungGen: 64896K->1376K(64512K)] 524322K->460802K(582656K), 0.0041887 secs] [Times: user=0.02 sys=0.00, real=0.00 secs] 
2709.172: [GC (Allocation Failure) [PSYoungGen: 64352K->1360K(64000K)] 523778K->460786K(582144K), 0.0044681 secs] [Times: user=0.01 sys=0.00, real=0.00 secs] 
2709.733: [GC (Allocation Failure) [PSYoungGen: 63824K->1376K(63488K)] 523250K->460802K(581632K), 0.0035522 secs] [Times: user=0.01 sys=0.00, real=0.00 secs] 
2710.437: [GC (Allocation Failure) [PSYoungGen: 63328K->1376K(62976K)] 522754K->460802K(581120K), 0.0030441 secs] [Times: user=0.01 sys=0.00, real=0.00 secs] 
2710.818: [GC (Allocation Failure) [PSYoungGen: 62816K->1469K(62464K)] 522242K->460896K(580608K), 0.0020856 secs] [Times: user=0.01 sys=0.00, real=0.00 secs] 
2710.942: [GC (Allocation Failure) [PSYoungGen: 62397K->1472K(61952K)] 521824K->460899K(580096K), 0.0017830 secs] [Times: user=0.00 sys=0.00, real=0.00 secs] 
2711.049: [GC (Allocation Failure) [PSYoungGen: 61888K->1472K(61440K)] 521315K->460915K(579584K), 0.0017333 secs] [Times: user=0.01 sys=0.00, real=0.01 secs] 
2711.155: [GC (Allocation Failure) [PSYoungGen: 61376K->1469K(61952K)] 520819K->460912K(580096K), 0.0016882 secs] [Times: user=0.01 sys=0.00, real=0.00 secs] 
2712.377: [GC (Allocation Failure) [PSYoungGen: 61373K->1392K(61952K)] 520816K->460842K(580096K), 0.0039071 secs] [Times: user=0.02 sys=0.00, real=0.01 secs] 
2713.081: [GC (Allocation Failure) [PSYoungGen: 61296K->1376K(61952K)] 520746K->460826K(580096K), 0.0029439 secs] [Times: user=0.01 sys=0.00, real=0.00 secs] 
2713.945: [GC (Allocation Failure) [PSYoungGen: 61280K->1344K(61952K)] 520730K->460794K(580096K), 0.0032365 secs] [Times: user=0.02 sys=0.00, real=0.00 secs] 
2714.706: [GC (Allocation Failure) [PSYoungGen: 61248K->1376K(61952K)] 520698K->460826K(580096K), 0.0040011 secs] [Times: user=0.01 sys=0.00, real=0.00 secs] 
2715.311: [GC (Allocation Failure) [PSYoungGen: 61280K->1344K(61952K)] 520730K->460794K(580096K), 0.0031968 secs] [Times: user=0.01 sys=0.00, real=0.00 secs] 
2715.618: [GC (Allocation Failure) [PSYoungGen: 61220K->1469K(61952K)] 520671K->460920K(580096K), 0.0019636 secs] [Times: user=0.01 sys=0.00, real=0.00 secs] 
2715.739: [GC (Allocation Failure) [PSYoungGen: 61357K->1437K(61952K)] 520808K->460896K(580096K), 0.0015950 secs] [Times: user=0.01 sys=0.00, real=0.00 secs] 
2715.844: [GC (Allocation Failure) [PSYoungGen: 61341K->1469K(61952K)] 520800K->460928K(580096K), 0.0017163 secs] [Times: user=0.01 sys=0.00, real=0.00 secs] 
2715.950: [GC (Allocation Failure) [PSYoungGen: 61373K->1501K(61952K)] 520832K->460960K(580096K), 0.0016772 secs] [Times: user=0.01 sys=0.00, real=0.01 secs] 
2716.346: [GC (Allocation Failure) [PSYoungGen: 61405K->1424K(61440K)] 520864K->460882K(579584K), 0.0021758 secs] [Times: user=0.01 sys=0.00, real=0.00 secs] 
2716.705: [GC (Allocation Failure) [PSYoungGen: 61328K->1344K(61440K)] 520786K->460802K(579584K), 0.0022230 secs] [Times: user=0.01 sys=0.00, real=0.00 secs] 
2716.954: [GC (Allocation Failure) [PSYoungGen: 61248K->1344K(61440K)] 520706K->460802K(579584K), 0.0020379 secs] [Times: user=0.01 sys=0.00, real=0.00 secs] 
2717.375: [GC (Allocation Failure) [PSYoungGen: 61248K->1344K(61440K)] 520706K->460802K(579584K), 0.0020235 secs] [Times: user=0.01 sys=0.00, real=0.00 secs] 
2717.804: [GC (Allocation Failure) [PSYoungGen: 61248K->1408K(61440K)] 520706K->460866K(579584K), 0.0020689 secs] [Times: user=0.01 sys=0.00, real=0.00 secs] 
2718.102: [GC (Allocation Failure) [PSYoungGen: 61312K->1501K(61440K)] 520770K->460960K(579584K), 0.0016918 secs] [Times: user=0.01 sys=0.00, real=0.00 secs] 
2718.222: [GC (Allocation Failure) [PSYoungGen: 61405K->1469K(61440K)] 520864K->460944K(579584K), 0.0020691 secs] [Times: user=0.01 sys=0.00, real=0.00 secs] 
2718.369: [GC (Allocation Failure) [PSYoungGen: 61373K->1501K(64000K)] 520848K->460976K(582144K), 0.0019731 secs] [Times: user=0.01 sys=0.00, real=0.00 secs] 
2718.484: [GC (Allocation Failure) [PSYoungGen: 63452K->1469K(67584K)] 522927K->460944K(585728K), 0.0018442 secs] [Times: user=0.01 sys=0.00, real=0.00 secs] 
2718.830: [GC (Allocation Failure) [PSYoungGen: 67005K->1424K(67584K)] 526480K->460914K(585728K), 0.0025662 secs] [Times: user=0.01 sys=0.00, real=0.01 secs] 
2719.173: [GC (Allocation Failure) [PSYoungGen: 66960K->1360K(66560K)] 526450K->460850K(584704K), 0.0020073 secs] [Times: user=0.01 sys=0.00, real=0.00 secs] 
2719.486: [GC (Allocation Failure) [PSYoungGen: 66384K->1392K(73216K)] 525874K->460882K(591360K), 0.0082679 secs] [Times: user=0.02 sys=0.03, real=0.01 secs] 
2720.161: [GC (Allocation Failure) [PSYoungGen: 72560K->1344K(73728K)] 532050K->460834K(591872K), 0.0021596 secs] [Times: user=0.01 sys=0.00, real=0.00 secs] 
2720.733: [GC (Allocation Failure) [PSYoungGen: 73024K->1408K(72704K)] 532514K->460899K(590848K), 0.0020811 secs] [Times: user=0.01 sys=0.00, real=0.00 secs] 
2720.876: [GC (Allocation Failure) [PSYoungGen: 72576K->1488K(72192K)] 532067K->460979K(590336K), 0.0016973 secs] [Times: user=0.00 sys=0.00, real=0.00 secs] 
2721.002: [GC (Allocation Failure) [PSYoungGen: 72144K->1504K(72704K)] 531635K->461011K(590848K), 0.0017041 secs] [Times: user=0.01 sys=0.00, real=0.00 secs] 
2721.126: [GC (Allocation Failure) [PSYoungGen: 72160K->1520K(79360K)] 531667K->461027K(597504K), 0.0018151 secs] [Times: user=0.01 sys=0.00, real=0.00 secs] 
2721.680: [GC (Allocation Failure) [PSYoungGen: 78832K->1408K(78336K)] 538339K->460914K(596480K), 0.0019250 secs] [Times: user=0.00 sys=0.00, real=0.01 secs] 
2722.221: [GC (Allocation Failure) [PSYoungGen: 78208K->1376K(77824K)] 537714K->460882K(595968K), 0.0017185 secs] [Times: user=0.01 sys=0.00, real=0.00 secs] 
2722.827: [GC (Allocation Failure) [PSYoungGen: 77664K->1344K(77312K)] 537170K->460850K(595456K), 0.0019538 secs] [Times: user=0.01 sys=0.00, real=0.00 secs] 
2723.450: [GC (Allocation Failure) [PSYoungGen: 77120K->1405K(76800K)] 536626K->460912K(594944K), 0.0017494 secs] [Times: user=0.01 sys=0.00, real=0.01 secs] 
2723.584: [GC (Allocation Failure) [PSYoungGen: 76669K->1421K(76288K)] 536176K->460928K(594432K), 0.0016565 secs] [Times: user=0.01 sys=0.00, real=0.00 secs] 
2723.716: [GC (Allocation Failure) [PSYoungGen: 76173K->1485K(75776K)] 535680K->460992K(593920K), 0.0016646 secs] [Times: user=0.01 sys=0.00, real=0.00 secs] 
2723.848: [GC (Allocation Failure) [PSYoungGen: 75725K->1472K(75264K)] 535232K->460979K(593408K), 0.0016720 secs] [Times: user=0.01 sys=0.00, real=0.00 secs] 
2724.108: [GC (Allocation Failure) [PSYoungGen: 75200K->1424K(74752K)] 534707K->460930K(592896K), 0.0017771 secs] [Times: user=0.00 sys=0.00, real=0.00 secs] 
2724.507: [GC (Allocation Failure) [PSYoungGen: 74640K->1376K(74240K)] 534146K->460882K(592384K), 0.0020991 secs] [Times: user=0.01 sys=0.00, real=0.00 secs] 
2724.813: [GC (Allocation Failure) [PSYoungGen: 74080K->1408K(73728K)] 533586K->460914K(591872K), 0.0020707 secs] [Times: user=0.01 sys=0.00, real=0.00 secs] 
2725.113: [GC (Allocation Failure) [PSYoungGen: 73600K->1376K(73216K)] 533106K->460882K(591360K), 0.0019107 secs] [Times: user=0.00 sys=0.00, real=0.00 secs] 
2725.321: [GC (Allocation Failure) [PSYoungGen: 73056K->1504K(72704K)] 532562K->461011K(590848K), 0.0017753 secs] [Times: user=0.01 sys=0.00, real=0.01 secs] 
2725.448: [GC (Allocation Failure) [PSYoungGen: 72672K->1469K(72192K)] 532179K->460976K(590336K), 0.0016577 secs] [Times: user=0.01 sys=0.00, real=0.00 secs] 
2725.574: [GC (Allocation Failure) [PSYoungGen: 72125K->1453K(71680K)] 531632K->460960K(589824K), 0.0017117 secs] [Times: user=0.00 sys=0.00, real=0.00 secs] 
2725.869: [GC (Allocation Failure) [PSYoungGen: 71597K->1728K(71680K)] 531104K->461234K(589824K), 0.0020517 secs] [Times: user=0.00 sys=0.00, real=0.01 secs] 
2726.196: [GC (Allocation Failure) [PSYoungGen: 71360K->1392K(70656K)] 530866K->460898K(588800K), 0.0019279 secs] [Times: user=0.00 sys=0.00, real=0.00 secs] 
2726.484: [GC (Allocation Failure) [PSYoungGen: 70512K->1376K(70144K)] 530018K->460882K(588288K), 0.0022508 secs] [Times: user=0.01 sys=0.01, real=0.00 secs] 
2726.823: [GC (Allocation Failure) [PSYoungGen: 69984K->1376K(69632K)] 529490K->460882K(587776K), 0.0019702 secs] [Times: user=0.01 sys=0.00, real=0.00 secs] 
2727.105: [GC (Allocation Failure) [PSYoungGen: 69472K->1408K(69120K)] 528978K->460914K(587264K), 0.0022121 secs] [Times: user=0.01 sys=0.00, real=0.00 secs] 
2727.284: [GC (Allocation Failure) [PSYoungGen: 68992K->1437K(68608K)] 528498K->460944K(586752K), 0.0017012 secs] [Times: user=0.01 sys=0.00, real=0.00 secs] 
2727.403: [GC (Allocation Failure) [PSYoungGen: 68509K->1453K(68096K)] 528016K->460960K(586240K), 0.0017897 secs] [Times: user=0.01 sys=0.00, real=0.00 secs] 
2727.521: [GC (Allocation Failure) [PSYoungGen: 68013K->1421K(68608K)] 527520K->460928K(586752K), 0.0017355 secs] [Times: user=0.01 sys=0.00, real=0.00 secs] 
2727.707: [GC (Allocation Failure) [PSYoungGen: 68493K->1952K(69120K)] 528000K->461466K(587264K), 0.0020522 secs] [Times: user=0.01 sys=0.00, real=0.00 secs] 
2728.014: [GC (Allocation Failure) [PSYoungGen: 69024K->1376K(68096K)] 528538K->460906K(586240K), 0.0021171 secs] [Times: user=0.01 sys=0.00, real=0.00 secs] 
2728.328: [GC (Allocation Failure) [PSYoungGen: 67936K->1376K(67584K)] 527466K->460906K(585728K), 0.0021186 secs] [Times: user=0.01 sys=0.00, real=0.00 secs] 
2728.669: [GC (Allocation Failure) [PSYoungGen: 67424K->1376K(67072K)] 526954K->460906K(585216K), 0.0028650 secs] [Times: user=0.01 sys=0.00, real=0.01 secs] 
2728.935: [GC (Allocation Failure) [PSYoungGen: 66912K->1376K(66560K)] 526442K->460914K(584704K), 0.0022464 secs] [Times: user=0.01 sys=0.00, real=0.00 secs] 
2729.099: [GC (Allocation Failure) [PSYoungGen: 66400K->1472K(66048K)] 525938K->461011K(584192K), 0.0017419 secs] [Times: user=0.01 sys=0.00, real=0.01 secs] 
2729.213: [GC (Allocation Failure) [PSYoungGen: 65965K->1485K(72704K)] 525504K->461024K(590848K), 0.0016125 secs] [Times: user=0.01 sys=0.00, real=0.00 secs] 
2729.338: [GC (Allocation Failure) [PSYoungGen: 72141K->1421K(72704K)] 531680K->460968K(590848K), 0.0016937 secs] [Times: user=0.00 sys=0.00, real=0.00 secs] 
2729.964: [GC (Allocation Failure) [PSYoungGen: 72077K->1696K(72192K)] 531624K->461242K(590336K), 0.0044623 secs] [Times: user=0.02 sys=0.00, real=0.00 secs] 
2731.517: [GC (Allocation Failure) [PSYoungGen: 71840K->1408K(71168K)] 531386K->460954K(589312K), 0.0028150 secs] [Times: user=0.01 sys=0.00, real=0.00 secs] 
2732.154: [GC (Allocation Failure) [PSYoungGen: 71040K->1344K(70656K)] 530586K->460890K(588800K), 0.0027035 secs] [Times: user=0.01 sys=0.00, real=0.00 secs] 
2732.737: [GC (Allocation Failure) [PSYoungGen: 70464K->1376K(70144K)] 530010K->460922K(588288K), 0.0024270 secs] [Times: user=0.01 sys=0.00, real=0.00 secs] 
2733.410: [GC (Allocation Failure) [PSYoungGen: 69984K->1421K(69632K)] 529530K->460968K(587776K), 0.0040548 secs] [Times: user=0.02 sys=0.00, real=0.01 secs] 
2733.654: [GC (Allocation Failure) [PSYoungGen: 69517K->1501K(69120K)] 529064K->461048K(587264K), 0.0020789 secs] [Times: user=0.01 sys=0.00, real=0.00 secs] 
2733.785: [GC (Allocation Failure) [PSYoungGen: 69085K->1485K(68608K)] 528632K->461032K(586752K), 0.0017719 secs] [Times: user=0.01 sys=0.00, real=0.00 secs] 
2733.904: [GC (Allocation Failure) [PSYoungGen: 68557K->1472K(68096K)] 528104K->461043K(586240K), 0.0016975 secs] [Times: user=0.01 sys=0.00, real=0.00 secs] 
2734.122: [GC (Allocation Failure) [PSYoungGen: 68032K->1408K(67584K)] 527603K->460978K(585728K), 0.0023058 secs] [Times: user=0.01 sys=0.00, real=0.00 secs] 
2734.719: [GC (Allocation Failure) [PSYoungGen: 67456K->1392K(67072K)] 527026K->460962K(585216K), 0.0025952 secs] [Times: user=0.01 sys=0.00, real=0.01 secs] 
2735.433: [GC (Allocation Failure) [PSYoungGen: 66928K->1440K(66560K)] 526498K->461010K(584704K), 0.0031401 secs] [Times: user=0.01 sys=0.00, real=0.00 secs] 
2736.081: [GC (Allocation Failure) [PSYoungGen: 66464K->1344K(66048K)] 526034K->460914K(584192K), 0.0026380 secs] [Times: user=0.01 sys=0.00, real=0.00 secs] 
2736.796: [GC (Allocation Failure) [PSYoungGen: 65856K->1344K(65536K)] 525426K->460922K(583680K), 0.0050501 secs] [Times: user=0.02 sys=0.00, real=0.01 secs] 
2737.142: [GC (Allocation Failure) [PSYoungGen: 65344K->1469K(65024K)] 524922K->461048K(583168K), 0.0020165 secs] [Times: user=0.01 sys=0.00, real=0.00 secs] 
2737.268: [GC (Allocation Failure) [PSYoungGen: 64957K->1453K(64512K)] 524536K->461032K(582656K), 0.0017752 secs] [Times: user=0.01 sys=0.00, real=0.00 secs] 
2737.379: [GC (Allocation Failure) [PSYoungGen: 64429K->1421K(64000K)] 524008K->461008K(582144K), 0.0015916 secs] [Times: user=0.00 sys=0.00, real=0.01 secs] 
2737.490: [GC (Allocation Failure) [PSYoungGen: 63885K->1472K(65024K)] 523472K->461059K(583168K), 0.0017476 secs] [Times: user=0.00 sys=0.00, real=0.01 secs] 
2737.782: [GC (Allocation Failure) [PSYoungGen: 64448K->1456K(70144K)] 524035K->461042K(588288K), 0.0020455 secs] [Times: user=0.01 sys=0.00, real=0.00 secs] 
2738.071: [GC (Allocation Failure) [PSYoungGen: 69552K->1360K(69120K)] 529138K->460946K(587264K), 0.0020950 secs] [Times: user=0.01 sys=0.00, real=0.00 secs] 
2738.459: [GC (Allocation Failure) [PSYoungGen: 68944K->1344K(68608K)] 528530K->460930K(586752K), 0.0019568 secs] [Times: user=0.01 sys=0.00, real=0.01 secs] 
2739.011: [GC (Allocation Failure) [PSYoungGen: 68416K->1344K(68096K)] 528002K->460930K(586240K), 0.0019906 secs] [Times: user=0.01 sys=0.00, real=0.00 secs] 
2739.372: [GC (Allocation Failure) [PSYoungGen: 67904K->1469K(67584K)] 527490K->461056K(585728K), 0.0023617 secs] [Times: user=0.01 sys=0.00, real=0.00 secs] 
2739.552: [GC (Allocation Failure) [PSYoungGen: 67517K->1469K(67072K)] 527104K->461056K(585216K), 0.0017802 secs] [Times: user=0.00 sys=0.00, real=0.00 secs] 
2739.686: [GC (Allocation Failure) [PSYoungGen: 67005K->1453K(66560K)] 526592K->461048K(584704K), 0.0020304 secs] [Times: user=0.00 sys=0.00, real=0.00 secs] 
2739.834: [GC (Allocation Failure) [PSYoungGen: 66477K->1501K(66048K)] 526072K->461120K(584192K), 0.0017353 secs] [Times: user=0.01 sys=0.00, real=0.00 secs] 
2740.514: [GC (Allocation Failure) [PSYoungGen: 66013K->1392K(65536K)] 525632K->461010K(583680K), 0.0047586 secs] [Times: user=0.02 sys=0.00, real=0.00 secs] 
2741.086: [GC (Allocation Failure) [PSYoungGen: 65392K->1344K(65024K)] 525010K->460962K(583168K), 0.0028932 secs] [Times: user=0.01 sys=0.00, real=0.00 secs] 
2742.038: [GC (Allocation Failure) [PSYoungGen: 64832K->1344K(64512K)] 524450K->460962K(582656K), 0.0031296 secs] [Times: user=0.01 sys=0.00, real=0.01 secs] 
2742.939: [GC (Allocation Failure) [PSYoungGen: 64320K->1344K(64000K)] 523938K->460962K(582144K), 0.0047038 secs] [Times: user=0.02 sys=0.00, real=0.01 secs] 
2743.738: [GC (Allocation Failure) [PSYoungGen: 63808K->1405K(63488K)] 523426K->461024K(581632K), 0.0031058 secs] [Times: user=0.01 sys=0.00, real=0.01 secs] 
2743.923: [GC (Allocation Failure) [PSYoungGen: 63357K->1421K(62976K)] 522976K->461040K(581120K), 0.0021451 secs] [Times: user=0.01 sys=0.01, real=0.00 secs] 
2744.035: [GC (Allocation Failure) [PSYoungGen: 62861K->1437K(62464K)] 522480K->461056K(580608K), 0.0016947 secs] [Times: user=0.01 sys=0.00, real=0.00 secs] 
2744.143: [GC (Allocation Failure) [PSYoungGen: 62365K->1469K(62976K)] 521984K->461104K(581120K), 0.0016952 secs] [Times: user=0.00 sys=0.00, real=0.00 secs] 
2744.248: [GC (Allocation Failure) [PSYoungGen: 62397K->1469K(68608K)] 522032K->461104K(586752K), 0.0039864 secs] [Times: user=0.02 sys=0.00, real=0.01 secs] 
2745.730: [GC (Allocation Failure) [PSYoungGen: 68029K->1408K(68608K)] 527664K->461042K(586752K), 0.0035939 secs] [Times: user=0.02 sys=0.00, real=0.01 secs] 
2747.489: [GC (Allocation Failure) [PSYoungGen: 67968K->1376K(74240K)] 527602K->461010K(592384K), 0.0032365 secs] [Times: user=0.01 sys=0.00, real=0.01 secs] 
2748.617: [GC (Allocation Failure) [PSYoungGen: 74080K->1376K(73728K)] 533714K->461010K(591872K), 0.0054435 secs] [Times: user=0.02 sys=0.00, real=0.01 secs] 
2749.747: [GC (Allocation Failure) [PSYoungGen: 73568K->1344K(73216K)] 533202K->460978K(591360K), 0.0047321 secs] [Times: user=0.02 sys=0.00, real=0.01 secs] 
2750.119: [GC (Allocation Failure) [PSYoungGen: 73024K->1453K(72704K)] 532658K->461088K(590848K), 0.0021666 secs] [Times: user=0.00 sys=0.00, real=0.01 secs] 
2750.291: [GC (Allocation Failure) [PSYoungGen: 72621K->477K(71168K)] 532256K->461136K(589312K), 0.0021256 secs] [Times: user=0.00 sys=0.00, real=0.00 secs] 
2750.476: [GC (Allocation Failure) [PSYoungGen: 71133K->461K(72192K)] 531792K->461128K(590336K), 0.0022859 secs] [Times: user=0.01 sys=0.00, real=0.00 secs] 
2750.690: [GC (Allocation Failure) [PSYoungGen: 70605K->1408K(71168K)] 531272K->462074K(589312K), 0.0021317 secs] [Times: user=0.01 sys=0.00, real=0.01 secs] 
2750.979: [GC (Allocation Failure) [PSYoungGen: 71040K->1344K(70656K)] 531706K->462010K(588800K), 0.0020889 secs] [Times: user=0.01 sys=0.00, real=0.01 secs] 
2751.415: [GC (Allocation Failure) [PSYoungGen: 70464K->1376K(70144K)] 531130K->462042K(588288K), 0.0027414 secs] [Times: user=0.01 sys=0.00, real=0.00 secs] 
2751.948: [GC (Allocation Failure) [PSYoungGen: 69984K->1376K(69632K)] 530650K->462042K(587776K), 0.0022799 secs] [Times: user=0.01 sys=0.00, real=0.00 secs] 
2752.494: [GC (Allocation Failure) [PSYoungGen: 69472K->1424K(69120K)] 530138K->462091K(587264K), 0.0024331 secs] [Times: user=0.01 sys=0.00, real=0.00 secs] 
2752.675: [GC (Allocation Failure) [PSYoungGen: 69007K->1501K(68608K)] 529674K->462168K(586752K), 0.0018113 secs] [Times: user=0.00 sys=0.00, real=0.00 secs] 
2752.794: [GC (Allocation Failure) [PSYoungGen: 68573K->1485K(68096K)] 529240K->462152K(586240K), 0.0017051 secs] [Times: user=0.01 sys=0.00, real=0.00 secs] 
2752.911: [GC (Allocation Failure) [PSYoungGen: 68045K->1421K(69120K)] 528712K->462088K(587264K), 0.0016210 secs] [Times: user=0.01 sys=0.00, real=0.00 secs] 
2753.101: [GC (Allocation Failure) [PSYoungGen: 68493K->1376K(68096K)] 529160K->462066K(586240K), 0.0017082 secs] [Times: user=0.00 sys=0.00, real=0.00 secs] 
2753.378: [GC (Allocation Failure) [PSYoungGen: 67936K->1312K(67584K)] 528626K->462002K(585728K), 0.0018136 secs] [Times: user=0.01 sys=0.00, real=0.00 secs] 
2753.702: [GC (Allocation Failure) [PSYoungGen: 67360K->1344K(67072K)] 528050K->462034K(585216K), 0.0018438 secs] [Times: user=0.00 sys=0.00, real=0.00 secs] 
2754.054: [GC (Allocation Failure) [PSYoungGen: 66880K->1312K(66560K)] 527570K->462002K(584704K), 0.0021926 secs] [Times: user=0.00 sys=0.00, real=0.00 secs] 
2754.518: [GC (Allocation Failure) [PSYoungGen: 66336K->1421K(66048K)] 527026K->462112K(584192K), 0.0022729 secs] [Times: user=0.01 sys=0.00, real=0.00 secs] 
2754.697: [GC (Allocation Failure) [PSYoungGen: 65933K->1501K(65536K)] 526624K->462192K(583680K), 0.0021582 secs] [Times: user=0.01 sys=0.00, real=0.00 secs] 
2754.840: [GC (Allocation Failure) [PSYoungGen: 65490K->1469K(65024K)] 526181K->462160K(583168K), 0.0016972 secs] [Times: user=0.01 sys=0.00, real=0.01 secs] 
2754.951: [GC (Allocation Failure) [PSYoungGen: 64957K->1472K(70656K)] 525648K->462179K(588800K), 0.0016553 secs] [Times: user=0.01 sys=0.00, real=0.00 secs] 
2756.091: [GC (Allocation Failure) [PSYoungGen: 70080K->1680K(70144K)] 530787K->462386K(588288K), 0.0045371 secs] [Times: user=0.02 sys=0.00, real=0.00 secs] 
2756.846: [GC (Allocation Failure) [PSYoungGen: 69776K->1344K(69120K)] 530482K->462050K(587264K), 0.0036552 secs] [Times: user=0.01 sys=0.00, real=0.00 secs] 
2757.246: [GC (Allocation Failure) [PSYoungGen: 68928K->320K(67584K)] 529634K->462050K(585728K), 0.0020986 secs] [Times: user=0.01 sys=0.00, real=0.00 secs] 
2757.843: [GC (Allocation Failure) [PSYoungGen: 67392K->384K(68608K)] 529122K->462114K(586752K), 0.0020700 secs] [Times: user=0.01 sys=0.00, real=0.00 secs] 
2758.482: [GC (Allocation Failure) [PSYoungGen: 66944K->320K(68096K)] 528674K->462050K(586240K), 0.0033867 secs] [Times: user=0.01 sys=0.00, real=0.00 secs] 
2758.735: [GC (Allocation Failure) [PSYoungGen: 66368K->1421K(67072K)] 528098K->463152K(585216K), 0.0019598 secs] [Times: user=0.01 sys=0.00, real=0.00 secs] 
2758.856: [GC (Allocation Failure) [PSYoungGen: 66957K->1472K(67072K)] 528688K->463203K(585216K), 0.0017153 secs] [Times: user=0.01 sys=0.00, real=0.00 secs] 
2758.970: [GC (Allocation Failure) [PSYoungGen: 66496K->1453K(66048K)] 528227K->463192K(584192K), 0.0017765 secs] [Times: user=0.00 sys=0.00, real=0.01 secs] 
2759.084: [GC (Allocation Failure) [PSYoungGen: 65965K->1456K(67072K)] 527704K->463195K(585216K), 0.0020671 secs] [Times: user=0.01 sys=0.00, real=0.00 secs] 
2759.450: [GC (Allocation Failure) [PSYoungGen: 65968K->1440K(67072K)] 527707K->463178K(585216K), 0.0019153 secs] [Times: user=0.01 sys=0.00, real=0.01 secs] 
2759.786: [GC (Allocation Failure) [PSYoungGen: 65952K->1376K(65536K)] 527690K->463114K(583680K), 0.0018530 secs] [Times: user=0.01 sys=0.00, real=0.00 secs] 
2760.082: [GC (Allocation Failure) [PSYoungGen: 65376K->1344K(65024K)] 527114K->463098K(583168K), 0.0025728 secs] [Times: user=0.01 sys=0.00, real=0.00 secs] 
2760.424: [GC (Allocation Failure) [PSYoungGen: 64832K->1312K(64512K)] 526586K->463066K(582656K), 0.0035092 secs] [Times: user=0.01 sys=0.00, real=0.00 secs] 
2760.761: [GC (Allocation Failure) [PSYoungGen: 64288K->1437K(64000K)] 526042K->463192K(582144K), 0.0021762 secs] [Times: user=0.01 sys=0.00, real=0.01 secs] 
2760.893: [GC (Allocation Failure) [PSYoungGen: 63901K->1437K(63488K)] 525656K->463192K(581632K), 0.0016321 secs] [Times: user=0.01 sys=0.00, real=0.00 secs] 
2761.003: [GC (Allocation Failure) [PSYoungGen: 63389K->1453K(69632K)] 525144K->463216K(587776K), 0.0015896 secs] [Times: user=0.01 sys=0.00, real=0.00 secs] 
2761.125: [GC (Allocation Failure) [PSYoungGen: 69037K->1421K(69632K)] 530800K->463184K(587776K), 0.0016440 secs] [Times: user=0.00 sys=0.00, real=0.00 secs] 
2761.552: [GC (Allocation Failure) [PSYoungGen: 69005K->1392K(68608K)] 530768K->463154K(586752K), 0.0023139 secs] [Times: user=0.01 sys=0.00, real=0.00 secs] 
2762.216: [GC (Allocation Failure) [PSYoungGen: 68464K->1376K(68096K)] 530226K->463138K(586240K), 0.0048948 secs] [Times: user=0.02 sys=0.00, real=0.01 secs] 
2762.868: [GC (Allocation Failure) [PSYoungGen: 67936K->1344K(67584K)] 529698K->463106K(585728K), 0.0032471 secs] [Times: user=0.01 sys=0.00, real=0.01 secs] 
2763.464: [GC (Allocation Failure) [PSYoungGen: 67392K->1376K(67072K)] 529154K->463138K(585216K), 0.0031076 secs] [Times: user=0.01 sys=0.00, real=0.00 secs] 
2763.985: [GC (Allocation Failure) [PSYoungGen: 66912K->1469K(66560K)] 528674K->463232K(584704K), 0.0027121 secs] [Times: user=0.01 sys=0.00, real=0.00 secs] 
2764.142: [GC (Allocation Failure) [PSYoungGen: 66493K->1504K(66048K)] 528256K->463267K(584192K), 0.0017496 secs] [Times: user=0.01 sys=0.00, real=0.00 secs] 
2764.257: [GC (Allocation Failure) [PSYoungGen: 66016K->1485K(65536K)] 527779K->463248K(583680K), 0.0017805 secs] [Times: user=0.00 sys=0.00, real=0.00 secs] 
2764.371: [GC (Allocation Failure) [PSYoungGen: 65485K->1533K(66048K)] 527248K->463312K(584192K), 0.0017270 secs] [Times: user=0.01 sys=0.00, real=0.00 secs] 
2764.587: [GC (Allocation Failure) [PSYoungGen: 65533K->1392K(66048K)] 527312K->463170K(584192K), 0.0019045 secs] [Times: user=0.00 sys=0.00, real=0.00 secs] 
2764.900: [GC (Allocation Failure) [PSYoungGen: 65392K->1408K(71680K)] 527170K->463186K(589824K), 0.0030548 secs] [Times: user=0.01 sys=0.01, real=0.01 secs] 
2765.231: [GC (Allocation Failure) [PSYoungGen: 71040K->1376K(70656K)] 532818K->463154K(588800K), 0.0018452 secs] [Times: user=0.01 sys=0.00, real=0.00 secs] 
2765.518: [GC (Allocation Failure) [PSYoungGen: 70496K->1376K(70144K)] 532274K->463154K(588288K), 0.0019378 secs] [Times: user=0.01 sys=0.00, real=0.00 secs] 
2765.800: [GC (Allocation Failure) [PSYoungGen: 69984K->1437K(69632K)] 531762K->463216K(587776K), 0.0021000 secs] [Times: user=0.00 sys=0.00, real=0.01 secs] 
2765.983: [GC (Allocation Failure) [PSYoungGen: 69533K->1440K(69120K)] 531312K->463219K(587264K), 0.0022279 secs] [Times: user=0.01 sys=0.00, real=0.00 secs] 
2766.123: [GC (Allocation Failure) [PSYoungGen: 69024K->1421K(68608K)] 530803K->463200K(586752K), 0.0018400 secs] [Times: user=0.01 sys=0.00, real=0.00 secs] 
2766.260: [GC (Allocation Failure) [PSYoungGen: 68492K->1501K(69120K)] 530271K->463296K(587264K), 0.0020580 secs] [Times: user=0.01 sys=0.00, real=0.01 secs] 
2766.654: [GC (Allocation Failure) [PSYoungGen: 68573K->1392K(69120K)] 530368K->463186K(587264K), 0.0048588 secs] [Times: user=0.02 sys=0.00, real=0.00 secs] 
2767.214: [GC (Allocation Failure) [PSYoungGen: 68464K->1360K(68096K)] 530258K->463154K(586240K), 0.0024124 secs] [Times: user=0.00 sys=0.01, real=0.00 secs] 
2767.487: [GC (Allocation Failure) [PSYoungGen: 67920K->1344K(67584K)] 529714K->463138K(585728K), 0.0024525 secs] [Times: user=0.01 sys=0.00, real=0.00 secs] 
2767.880: [GC (Allocation Failure) [PSYoungGen: 67392K->1376K(67072K)] 529186K->463170K(585216K), 0.0020186 secs] [Times: user=0.01 sys=0.00, real=0.01 secs] 
2768.348: [GC (Allocation Failure) [PSYoungGen: 66912K->1453K(66560K)] 528706K->463248K(584704K), 0.0032586 secs] [Times: user=0.01 sys=0.00, real=0.01 secs] 
2768.586: [GC (Allocation Failure) [PSYoungGen: 66477K->1453K(66048K)] 528272K->463264K(584192K), 0.0021318 secs] [Times: user=0.01 sys=0.00, real=0.00 secs] 
2768.719: [GC (Allocation Failure) [PSYoungGen: 65965K->1472K(65536K)] 527776K->463283K(583680K), 0.0017808 secs] [Times: user=0.01 sys=0.00, real=0.01 secs] 
2768.834: [GC (Allocation Failure) [PSYoungGen: 65472K->1421K(71168K)] 527283K->463240K(589312K), 0.0016244 secs] [Times: user=0.00 sys=0.00, real=0.00 secs] 
2769.250: [GC (Allocation Failure) [PSYoungGen: 71053K->1408K(70656K)] 532872K->463226K(588800K), 0.0024686 secs] [Times: user=0.01 sys=0.00, real=0.01 secs] 
2769.995: [GC (Allocation Failure) [PSYoungGen: 70528K->1344K(70144K)] 532346K->463162K(588288K), 0.0030075 secs] [Times: user=0.02 sys=0.00, real=0.00 secs] 
2770.634: [GC (Allocation Failure) [PSYoungGen: 69952K->1408K(69632K)] 531770K->463226K(587776K), 0.0035867 secs] [Times: user=0.01 sys=0.00, real=0.00 secs] 
2771.340: [GC (Allocation Failure) [PSYoungGen: 69504K->1328K(69120K)] 531322K->463146K(587264K), 0.0028330 secs] [Times: user=0.01 sys=0.00, real=0.01 secs] 
2771.837: [GC (Allocation Failure) [PSYoungGen: 68912K->1405K(68608K)] 530730K->463224K(586752K), 0.0029833 secs] [Times: user=0.01 sys=0.00, real=0.00 secs] 
2772.013: [GC (Allocation Failure) [PSYoungGen: 68477K->1421K(68096K)] 530296K->463240K(586240K), 0.0016131 secs] [Times: user=0.00 sys=0.00, real=0.00 secs] 
2772.130: [GC (Allocation Failure) [PSYoungGen: 67981K->1453K(67584K)] 529800K->463272K(585728K), 0.0016986 secs] [Times: user=0.00 sys=0.01, real=0.01 secs] 
2772.247: [GC (Allocation Failure) [PSYoungGen: 67501K->477K(68096K)] 529320K->463328K(586240K), 0.0016919 secs] [Times: user=0.01 sys=0.00, real=0.00 secs] 
2772.497: [GC (Allocation Failure) [PSYoungGen: 68061K->1440K(68608K)] 530912K->464290K(586752K), 0.0020856 secs] [Times: user=0.00 sys=0.00, real=0.00 secs] 
2773.126: [GC (Allocation Failure) [PSYoungGen: 68512K->1328K(68096K)] 531362K->464178K(586240K), 0.0021556 secs] [Times: user=0.01 sys=0.00, real=0.00 secs] 
2773.742: [GC (Allocation Failure) [PSYoungGen: 67888K->1360K(67584K)] 530738K->464218K(585728K), 0.0034123 secs] [Times: user=0.02 sys=0.00, real=0.00 secs] 
2774.265: [GC (Allocation Failure) [PSYoungGen: 67408K->1376K(67072K)] 530266K->464242K(585216K), 0.0023048 secs] [Times: user=0.01 sys=0.01, real=0.00 secs] 
2774.660: [GC (Allocation Failure) [PSYoungGen: 66912K->1376K(66560K)] 529778K->464242K(584704K), 0.0022891 secs] [Times: user=0.01 sys=0.00, real=0.01 secs] 
2774.887: [GC (Allocation Failure) [PSYoungGen: 66400K->1469K(66048K)] 529266K->464336K(584192K), 0.0020965 secs] [Times: user=0.01 sys=0.00, real=0.00 secs] 
2775.003: [GC (Allocation Failure) [PSYoungGen: 65959K->1533K(65536K)] 528826K->464400K(583680K), 0.0017145 secs] [Times: user=0.01 sys=0.00, real=0.00 secs] 
2775.116: [GC (Allocation Failure) [PSYoungGen: 65533K->1501K(66048K)] 528400K->464376K(584192K), 0.0016309 secs] [Times: user=0.01 sys=0.00, real=0.00 secs] 
2775.230: [GC (Allocation Failure) [PSYoungGen: 65489K->1501K(66048K)] 528364K->464376K(584192K), 0.0016132 secs] [Times: user=0.01 sys=0.00, real=0.01 secs] 
2776.389: [GC (Allocation Failure) [PSYoungGen: 65501K->1408K(65024K)] 528376K->464290K(583168K), 0.0041406 secs] [Times: user=0.02 sys=0.00, real=0.01 secs] 
2777.040: [GC (Allocation Failure) [PSYoungGen: 64896K->1376K(64512K)] 527778K->464258K(582656K), 0.0032500 secs] [Times: user=0.01 sys=0.00, real=0.01 secs] 
2777.645: [GC (Allocation Failure) [PSYoungGen: 64352K->1408K(64000K)] 527234K->464290K(582144K), 0.0038856 secs] [Times: user=0.02 sys=0.00, real=0.00 secs] 
2778.156: [GC (Allocation Failure) [PSYoungGen: 63872K->1408K(63488K)] 526754K->464290K(581632K), 0.0028508 secs] [Times: user=0.01 sys=0.00, real=0.00 secs] 
2778.615: [GC (Allocation Failure) [PSYoungGen: 63360K->1501K(62976K)] 526242K->464384K(581120K), 0.0020973 secs] [Times: user=0.01 sys=0.00, real=0.00 secs] 
2778.746: [GC (Allocation Failure) [PSYoungGen: 62941K->1517K(62464K)] 525824K->464400K(580608K), 0.0016970 secs] [Times: user=0.01 sys=0.00, real=0.00 secs] 
2778.854: [GC (Allocation Failure) [PSYoungGen: 62445K->1501K(61952K)] 525328K->464392K(580096K), 0.0016828 secs] [Times: user=0.01 sys=0.00, real=0.00 secs] 
2778.963: [GC (Allocation Failure) [PSYoungGen: 61917K->1536K(68096K)] 524808K->464427K(586240K), 0.0016430 secs] [Times: user=0.00 sys=0.00, real=0.00 secs] 
2780.011: [GC (Allocation Failure) [PSYoungGen: 67584K->1488K(67072K)] 530475K->464378K(585216K), 0.0051083 secs] [Times: user=0.02 sys=0.00, real=0.00 secs] 
2781.045: [GC (Allocation Failure) [PSYoungGen: 67024K->1360K(66560K)] 529914K->464274K(584704K), 0.0031708 secs] [Times: user=0.01 sys=0.00, real=0.00 secs] 
2781.573: [GC (Allocation Failure) [PSYoungGen: 66384K->1312K(66048K)] 529298K->464226K(584192K), 0.0031669 secs] [Times: user=0.01 sys=0.00, real=0.00 secs] 
2782.118: [GC (Allocation Failure) [PSYoungGen: 65824K->1392K(65536K)] 528738K->464306K(583680K), 0.0030339 secs] [Times: user=0.01 sys=0.00, real=0.01 secs] 
2782.591: [GC (Allocation Failure) [PSYoungGen: 65392K->1328K(65024K)] 528306K->464242K(583168K), 0.0023363 secs] [Times: user=0.01 sys=0.00, real=0.00 secs] 
2782.752: [GC (Allocation Failure) [PSYoungGen: 64816K->1421K(64512K)] 527730K->464336K(582656K), 0.0017138 secs] [Times: user=0.00 sys=0.00, real=0.00 secs] 
2782.880: [GC (Allocation Failure) [PSYoungGen: 64397K->1437K(64000K)] 527312K->464352K(582144K), 0.0019732 secs] [Times: user=0.01 sys=0.00, real=0.01 secs] 
2783.028: [GC (Allocation Failure) [PSYoungGen: 63901K->1485K(65024K)] 526816K->464408K(583168K), 0.0020722 secs] [Times: user=0.01 sys=0.00, real=0.00 secs] 
2783.176: [GC (Allocation Failure) [PSYoungGen: 64461K->1456K(70144K)] 527384K->464379K(588288K), 0.0018110 secs] [Times: user=0.01 sys=0.00, real=0.00 secs] 
2783.736: [GC (Allocation Failure) [PSYoungGen: 69552K->1344K(69120K)] 532475K->464266K(587264K), 0.0025261 secs] [Times: user=0.01 sys=0.00, real=0.00 secs] 
2784.302: [GC (Allocation Failure) [PSYoungGen: 68928K->1344K(68608K)] 531850K->464266K(586752K), 0.0024798 secs] [Times: user=0.01 sys=0.00, real=0.00 secs] 
2784.786: [GC (Allocation Failure) [PSYoungGen: 68416K->1360K(68096K)] 531338K->464282K(586240K), 0.0027137 secs] [Times: user=0.01 sys=0.00, real=0.00 secs] 
2785.278: [GC (Allocation Failure) [PSYoungGen: 67920K->1376K(67584K)] 530842K->464298K(585728K), 0.0026669 secs] [Times: user=0.01 sys=0.00, real=0.00 secs] 
2785.606: [GC (Allocation Failure) [PSYoungGen: 67424K->1501K(67072K)] 530346K->464424K(585216K), 0.0019486 secs] [Times: user=0.00 sys=0.00, real=0.00 secs] 
2785.728: [GC (Allocation Failure) [PSYoungGen: 67017K->1437K(66560K)] 529940K->464360K(584704K), 0.0016614 secs] [Times: user=0.01 sys=0.00, real=0.00 secs] 
2785.843: [GC (Allocation Failure) [PSYoungGen: 66461K->1453K(66048K)] 529384K->464384K(584192K), 0.0016695 secs] [Times: user=0.01 sys=0.00, real=0.00 secs] 
2785.957: [GC (Allocation Failure) [PSYoungGen: 65965K->1472K(66560K)] 528896K->464403K(584704K), 0.0017799 secs] [Times: user=0.00 sys=0.00, real=0.00 secs] 
2786.315: [GC (Allocation Failure) [PSYoungGen: 65984K->1440K(65536K)] 528915K->464370K(583680K), 0.0019878 secs] [Times: user=0.01 sys=0.00, real=0.00 secs] 
2786.581: [GC (Allocation Failure) [PSYoungGen: 65440K->1344K(65024K)] 528370K->464274K(583168K), 0.0019023 secs] [Times: user=0.00 sys=0.00, real=0.01 secs] 
2786.844: [GC (Allocation Failure) [PSYoungGen: 64832K->1344K(64512K)] 527762K->464274K(582656K), 0.0019274 secs] [Times: user=0.01 sys=0.00, real=0.00 secs] 
2787.105: [GC (Allocation Failure) [PSYoungGen: 64320K->1376K(64000K)] 527250K->464306K(582144K), 0.0017267 secs] [Times: user=0.01 sys=0.00, real=0.00 secs] 
2787.349: [GC (Allocation Failure) [PSYoungGen: 63840K->1472K(63488K)] 526770K->464403K(581632K), 0.0016718 secs] [Times: user=0.01 sys=0.00, real=0.00 secs] 
2787.459: [GC (Allocation Failure) [PSYoungGen: 63424K->1421K(62976K)] 526355K->464352K(581120K), 0.0016822 secs] [Times: user=0.01 sys=0.00, real=0.00 secs] 
2787.583: [GC (Allocation Failure) [PSYoungGen: 62861K->1469K(63488K)] 525792K->464400K(581632K), 0.0020235 secs] [Times: user=0.01 sys=0.00, real=0.00 secs] 
2787.729: [GC (Allocation Failure) [PSYoungGen: 62909K->1501K(69120K)] 525840K->464440K(587264K), 0.0019085 secs] [Times: user=0.00 sys=0.00, real=0.00 secs] 
2787.907: [GC (Allocation Failure) [PSYoungGen: 68573K->1440K(69120K)] 531512K->464394K(587264K), 0.0018419 secs] [Times: user=0.01 sys=0.00, real=0.00 secs] 
2788.289: [GC (Allocation Failure) [PSYoungGen: 68512K->1344K(75264K)] 531466K->464298K(593408K), 0.0025709 secs] [Times: user=0.01 sys=0.00, real=0.01 secs] 
2788.792: [GC (Allocation Failure) [PSYoungGen: 74560K->1312K(74240K)] 537514K->464266K(592384K), 0.0021075 secs] [Times: user=0.01 sys=0.00, real=0.00 secs] 
2789.287: [GC (Allocation Failure) [PSYoungGen: 74016K->1408K(73728K)] 536970K->464362K(591872K), 0.0024079 secs] [Times: user=0.01 sys=0.00, real=0.00 secs] 
2789.851: [GC (Allocation Failure) [PSYoungGen: 73600K->1501K(73216K)] 536554K->464456K(591360K), 0.0021978 secs] [Times: user=0.01 sys=0.00, real=0.00 secs] 
2790.040: [GC (Allocation Failure) [PSYoungGen: 73181K->1504K(72704K)] 536136K->464459K(590848K), 0.0023842 secs] [Times: user=0.01 sys=0.00, real=0.01 secs] 
2790.201: [GC (Allocation Failure) [PSYoungGen: 72672K->1469K(72192K)] 535627K->464424K(590336K), 0.0017917 secs] [Times: user=0.00 sys=0.00, real=0.00 secs] 
2790.345: [GC (Allocation Failure) [PSYoungGen: 72125K->1533K(71680K)] 535080K->464504K(589824K), 0.0020792 secs] [Times: user=0.01 sys=0.00, real=0.00 secs] 
2790.633: [GC (Allocation Failure) [PSYoungGen: 71677K->1392K(72192K)] 534648K->464362K(590336K), 0.0030238 secs] [Times: user=0.01 sys=0.00, real=0.00 secs] 
2791.120: [GC (Allocation Failure) [PSYoungGen: 71536K->1344K(71168K)] 534506K->464314K(589312K), 0.0023674 secs] [Times: user=0.01 sys=0.01, real=0.01 secs] 
2791.684: [GC (Allocation Failure) [PSYoungGen: 70976K->1312K(70656K)] 533946K->464282K(588800K), 0.0022685 secs] [Times: user=0.01 sys=0.00, real=0.00 secs] 
2792.333: [GC (Allocation Failure) [PSYoungGen: 70432K->1344K(70144K)] 533402K->464314K(588288K), 0.0025414 secs] [Times: user=0.01 sys=0.00, real=0.00 secs] 
2792.740: [GC (Allocation Failure) [PSYoungGen: 69952K->1437K(69632K)] 532922K->464408K(587776K), 0.0021504 secs] [Times: user=0.00 sys=0.00, real=0.01 secs] 
2792.874: [GC (Allocation Failure) [PSYoungGen: 69530K->1504K(69120K)] 532501K->464475K(587264K), 0.0017057 secs] [Times: user=0.00 sys=0.00, real=0.00 secs] 
2793.012: [GC (Allocation Failure) [PSYoungGen: 69088K->1456K(68608K)] 532059K->464427K(586752K), 0.0020952 secs] [Times: user=0.01 sys=0.00, real=0.00 secs] 
2793.161: [GC (Allocation Failure) [PSYoungGen: 68526K->1437K(74752K)] 531497K->464416K(592896K), 0.0019986 secs] [Times: user=0.00 sys=0.00, real=0.00 secs] 
2793.458: [GC (Allocation Failure) [PSYoungGen: 74653K->1360K(74240K)] 537632K->464338K(592384K), 0.0020868 secs] [Times: user=0.01 sys=0.00, real=0.00 secs] 
2793.760: [GC (Allocation Failure) [PSYoungGen: 74064K->1344K(73728K)] 537042K->464322K(591872K), 0.0020342 secs] [Times: user=0.00 sys=0.00, real=0.01 secs] 
2794.060: [GC (Allocation Failure) [PSYoungGen: 73536K->1344K(73216K)] 536514K->464322K(591360K), 0.0021756 secs] [Times: user=0.01 sys=0.00, real=0.01 secs] 
2794.505: [GC (Allocation Failure) [PSYoungGen: 73024K->1344K(72704K)] 536002K->464322K(590848K), 0.0019045 secs] [Times: user=0.00 sys=0.00, real=0.00 secs] 
2794.787: [GC (Allocation Failure) [PSYoungGen: 72512K->1453K(72192K)] 535490K->464432K(590336K), 0.0017268 secs] [Times: user=0.00 sys=0.00, real=0.00 secs] 
2794.913: [GC (Allocation Failure) [PSYoungGen: 72109K->1501K(71680K)] 535088K->464480K(589824K), 0.0016476 secs] [Times: user=0.00 sys=0.00, real=0.00 secs] 
2795.036: [GC (Allocation Failure) [PSYoungGen: 71632K->1453K(71168K)] 534611K->464432K(589312K), 0.0016680 secs] [Times: user=0.01 sys=0.00, real=0.00 secs] 
2795.257: [GC (Allocation Failure) [PSYoungGen: 71085K->1440K(70656K)] 534064K->464418K(588800K), 0.0020410 secs] [Times: user=0.01 sys=0.00, real=0.00 secs] 
2795.829: [GC (Allocation Failure) [PSYoungGen: 70560K->1376K(70144K)] 533538K->464354K(588288K), 0.0019759 secs] [Times: user=0.00 sys=0.00, real=0.01 secs] 
2796.378: [GC (Allocation Failure) [PSYoungGen: 69984K->1376K(69632K)] 532962K->464354K(587776K), 0.0021792 secs] [Times: user=0.01 sys=0.00, real=0.00 secs] 
2796.973: [GC (Allocation Failure) [PSYoungGen: 69472K->1376K(69120K)] 532450K->464354K(587264K), 0.0021546 secs] [Times: user=0.00 sys=0.00, real=0.00 secs] 
2797.756: [GC (Allocation Failure) [PSYoungGen: 68960K->1437K(68608K)] 531938K->464416K(586752K), 0.0022174 secs] [Times: user=0.01 sys=0.00, real=0.00 secs] 
2797.906: [GC (Allocation Failure) [PSYoungGen: 68509K->1472K(68096K)] 531488K->464451K(586240K), 0.0017835 secs] [Times: user=0.01 sys=0.00, real=0.00 secs] 
2798.024: [GC (Allocation Failure) [PSYoungGen: 68032K->1421K(67584K)] 531011K->464400K(585728K), 0.0017036 secs] [Times: user=0.01 sys=0.00, real=0.00 secs] 
2798.141: [GC (Allocation Failure) [PSYoungGen: 67469K->1453K(67072K)] 530448K->464432K(585216K), 0.0016481 secs] [Times: user=0.01 sys=0.00, real=0.01 secs] 
2798.321: [GC (Allocation Failure) [PSYoungGen: 66989K->1408K(66560K)] 529968K->464386K(584704K), 0.0018823 secs] [Times: user=0.01 sys=0.00, real=0.00 secs] 
2798.613: [GC (Allocation Failure) [PSYoungGen: 66432K->1376K(66048K)] 529410K->464354K(584192K), 0.0020920 secs] [Times: user=0.01 sys=0.00, real=0.00 secs] 
2798.881: [GC (Allocation Failure) [PSYoungGen: 65888K->320K(64512K)] 528866K->464322K(582656K), 0.0019452 secs] [Times: user=0.01 sys=0.00, real=0.00 secs] 
2799.179: [GC (Allocation Failure) [PSYoungGen: 64320K->320K(65536K)] 528322K->464338K(583680K), 0.0018201 secs] [Times: user=0.01 sys=0.00, real=0.01 secs] 
2799.628: [GC (Allocation Failure) [PSYoungGen: 63808K->352K(64000K)] 527826K->464370K(582144K), 0.0019453 secs] [Times: user=0.00 sys=0.00, real=0.00 secs] 
2799.857: [GC (Allocation Failure) [PSYoungGen: 63328K->1437K(64000K)] 527346K->465456K(582144K), 0.0016236 secs] [Times: user=0.00 sys=0.00, real=0.00 secs] 
2799.968: [GC (Allocation Failure) [PSYoungGen: 63901K->1437K(63488K)] 527920K->465456K(581632K), 0.0016732 secs] [Times: user=0.00 sys=0.00, real=0.00 secs] 
2800.078: [GC (Allocation Failure) [PSYoungGen: 63389K->1453K(64000K)] 527408K->465480K(582144K), 0.0017538 secs] [Times: user=0.01 sys=0.00, real=0.00 secs] 
2800.187: [GC (Allocation Failure) [PSYoungGen: 63405K->1453K(69632K)] 527432K->465480K(587776K), 0.0017360 secs] [Times: user=0.01 sys=0.00, real=0.00 secs] 
2800.715: [GC (Allocation Failure) [PSYoungGen: 69037K->1360K(68608K)] 533064K->465386K(586752K), 0.0019873 secs] [Times: user=0.01 sys=0.00, real=0.00 secs] 
2801.238: [GC (Allocation Failure) [PSYoungGen: 68432K->1344K(68096K)] 532458K->465370K(586240K), 0.0019825 secs] [Times: user=0.01 sys=0.00, real=0.00 secs] 
2801.547: [GC (Allocation Failure) [PSYoungGen: 67904K->1408K(67584K)] 531930K->465434K(585728K), 0.0020652 secs] [Times: user=0.01 sys=0.00, real=0.00 secs] 
2801.859: [GC (Allocation Failure) [PSYoungGen: 67456K->1344K(67072K)] 531482K->465370K(585216K), 0.0020301 secs] [Times: user=0.01 sys=0.00, real=0.01 secs] 
2802.121: [GC (Allocation Failure) [PSYoungGen: 66880K->1504K(66560K)] 530906K->465531K(584704K), 0.0017062 secs] [Times: user=0.01 sys=0.00, real=0.01 secs] 
2802.236: [GC (Allocation Failure) [PSYoungGen: 66528K->1405K(66048K)] 530555K->465432K(584192K), 0.0017354 secs] [Times: user=0.01 sys=0.00, real=0.00 secs] 
2802.350: [GC (Allocation Failure) [PSYoungGen: 65917K->1453K(66560K)] 529944K->465488K(584704K), 0.0016713 secs] [Times: user=0.01 sys=0.00, real=0.01 secs] 
2802.465: [GC (Allocation Failure) [PSYoungGen: 65965K->1517K(72704K)] 530000K->465552K(590848K), 0.0017010 secs] [Times: user=0.00 sys=0.00, real=0.00 secs] 
2802.899: [GC (Allocation Failure) [PSYoungGen: 72173K->1424K(71680K)] 536208K->465458K(589824K), 0.0020680 secs] [Times: user=0.00 sys=0.00, real=0.01 secs] 
2803.507: [GC (Allocation Failure) [PSYoungGen: 71568K->1344K(71168K)] 535602K->465378K(589312K), 0.0022698 secs] [Times: user=0.01 sys=0.00, real=0.00 secs] 
2804.357: [GC (Allocation Failure) [PSYoungGen: 70976K->1344K(70656K)] 535010K->465378K(588800K), 0.0044019 secs] [Times: user=0.02 sys=0.00, real=0.01 secs] 
2805.143: [GC (Allocation Failure) [PSYoungGen: 70464K->1344K(70144K)] 534498K->465378K(588288K), 0.0040514 secs] [Times: user=0.02 sys=0.00, real=0.00 secs] 
2805.547: [GC (Allocation Failure) [PSYoungGen: 69949K->1469K(69632K)] 533984K->465504K(587776K), 0.0020777 secs] [Times: user=0.01 sys=0.00, real=0.00 secs] 
2805.687: [GC (Allocation Failure) [PSYoungGen: 69565K->1421K(69120K)] 533600K->465456K(587264K), 0.0016544 secs] [Times: user=0.01 sys=0.00, real=0.00 secs] 
2805.806: [GC (Allocation Failure) [PSYoungGen: 69005K->1469K(68608K)] 533040K->465504K(586752K), 0.0016992 secs] [Times: user=0.01 sys=0.00, real=0.00 secs] 
2805.924: [GC (Allocation Failure) [PSYoungGen: 68521K->1453K(69120K)] 532555K->465496K(587264K), 0.0017648 secs] [Times: user=0.01 sys=0.00, real=0.00 secs] 
2806.180: [GC (Allocation Failure) [PSYoungGen: 68525K->1424K(68096K)] 532568K->465466K(586240K), 0.0017341 secs] [Times: user=0.01 sys=0.00, real=0.01 secs] 
2806.456: [GC (Allocation Failure) [PSYoungGen: 67984K->1376K(67584K)] 532026K->465418K(585728K), 0.0019074 secs] [Times: user=0.01 sys=0.00, real=0.00 secs] 
2806.738: [GC (Allocation Failure) [PSYoungGen: 67424K->1344K(67072K)] 531466K->465386K(585216K), 0.0029791 secs] [Times: user=0.01 sys=0.00, real=0.01 secs] 
2807.006: [GC (Allocation Failure) [PSYoungGen: 66880K->1376K(66560K)] 530922K->465418K(584704K), 0.0025829 secs] [Times: user=0.01 sys=0.00, real=0.00 secs] 
2807.271: [GC (Allocation Failure) [PSYoungGen: 66400K->1469K(66048K)] 530442K->465512K(584192K), 0.0019494 secs] [Times: user=0.01 sys=0.00, real=0.00 secs] 
2807.396: [GC (Allocation Failure) [PSYoungGen: 65981K->1437K(65536K)] 530024K->465480K(583680K), 0.0017229 secs] [Times: user=0.01 sys=0.01, real=0.00 secs] 
2807.509: [GC (Allocation Failure) [PSYoungGen: 65437K->1472K(66048K)] 529480K->465515K(584192K), 0.0016059 secs] [Times: user=0.00 sys=0.00, real=0.01 secs] 
2807.623: [GC (Allocation Failure) [PSYoungGen: 65472K->1517K(71680K)] 529515K->465568K(589824K), 0.0016875 secs] [Times: user=0.00 sys=0.00, real=0.00 secs] 
2807.844: [GC (Allocation Failure) [PSYoungGen: 71149K->1424K(71680K)] 535200K->465474K(589824K), 0.0017573 secs] [Times: user=0.01 sys=0.00, real=0.00 secs] 
2808.133: [GC (Allocation Failure) [PSYoungGen: 71056K->1344K(70656K)] 535106K->465402K(588800K), 0.0018647 secs] [Times: user=0.00 sys=0.00, real=0.00 secs] 
2808.420: [GC (Allocation Failure) [PSYoungGen: 70464K->1328K(70144K)] 534522K->465386K(588288K), 0.0018854 secs] [Times: user=0.00 sys=0.00, real=0.01 secs] 
2808.705: [GC (Allocation Failure) [PSYoungGen: 69936K->1312K(69632K)] 533994K->465378K(587776K), 0.0018343 secs] [Times: user=0.01 sys=0.00, real=0.00 secs] 
2809.097: [GC (Allocation Failure) [PSYoungGen: 69408K->1437K(69120K)] 533474K->465504K(587264K), 0.0018281 secs] [Times: user=0.01 sys=0.00, real=0.00 secs] 
2809.234: [GC (Allocation Failure) [PSYoungGen: 69021K->1472K(68608K)] 533088K->465539K(586752K), 0.0020045 secs] [Times: user=0.01 sys=0.00, real=0.00 secs] 
2809.382: [GC (Allocation Failure) [PSYoungGen: 68544K->1472K(74752K)] 532611K->465539K(592896K), 0.0021365 secs] [Times: user=0.00 sys=0.00, real=0.00 secs] 
2809.549: [GC (Allocation Failure) [PSYoungGen: 74688K->1453K(75264K)] 538755K->465528K(593408K), 0.0019947 secs] [Times: user=0.01 sys=0.00, real=0.01 secs] 
2810.100: [GC (Allocation Failure) [PSYoungGen: 74669K->1392K(74240K)] 538744K->465466K(592384K), 0.0033399 secs] [Times: user=0.01 sys=0.00, real=0.01 secs] 
2810.562: [GC (Allocation Failure) [PSYoungGen: 74096K->1440K(73728K)] 538170K->465514K(591872K), 0.0021221 secs] [Times: user=0.01 sys=0.00, real=0.00 secs] 
2810.861: [GC (Allocation Failure) [PSYoungGen: 73632K->1376K(73216K)] 537706K->465450K(591360K), 0.0019650 secs] [Times: user=0.01 sys=0.00, real=0.00 secs] 
2811.208: [GC (Allocation Failure) [PSYoungGen: 73056K->1344K(72704K)] 537130K->465418K(590848K), 0.0021517 secs] [Times: user=0.01 sys=0.00, real=0.00 secs] 
2811.439: [GC (Allocation Failure) [PSYoungGen: 72512K->1469K(72192K)] 536586K->465544K(590336K), 0.0016748 secs] [Times: user=0.01 sys=0.00, real=0.01 secs] 
2811.567: [GC (Allocation Failure) [PSYoungGen: 72125K->1453K(71680K)] 536200K->465528K(589824K), 0.0017373 secs] [Times: user=0.00 sys=0.00, real=0.00 secs] 
2811.691: [GC (Allocation Failure) [PSYoungGen: 71594K->1453K(71168K)] 535669K->465528K(589312K), 0.0017666 secs] [Times: user=0.00 sys=0.00, real=0.00 secs] 
2811.889: [GC (Allocation Failure) [PSYoungGen: 71085K->1952K(71168K)] 535160K->466042K(589312K), 0.0019338 secs] [Times: user=0.01 sys=0.00, real=0.01 secs] 
2812.592: [GC (Allocation Failure) [PSYoungGen: 71072K->1344K(70144K)] 535162K->465434K(588288K), 0.0027372 secs] [Times: user=0.01 sys=0.00, real=0.00 secs] 
2813.326: [GC (Allocation Failure) [PSYoungGen: 69952K->1440K(69632K)] 534042K->465530K(587776K), 0.0043020 secs] [Times: user=0.02 sys=0.01, real=0.00 secs] 
2814.142: [GC (Allocation Failure) [PSYoungGen: 69536K->1376K(69120K)] 533626K->465466K(587264K), 0.0055261 secs] [Times: user=0.03 sys=0.00, real=0.00 secs] 
2814.816: [GC (Allocation Failure) [PSYoungGen: 68837K->272K(68096K)] 532928K->464370K(586240K), 0.0038946 secs] [Times: user=0.02 sys=0.00, real=0.00 secs] 
2815.011: [GC (Allocation Failure) [PSYoungGen: 67344K->1469K(68096K)] 531442K->465568K(586240K), 0.0017958 secs] [Times: user=0.01 sys=0.00, real=0.00 secs] 
2815.131: [GC (Allocation Failure) [PSYoungGen: 68029K->1485K(67584K)] 532128K->465584K(585728K), 0.0019714 secs] [Times: user=0.00 sys=0.00, real=0.01 secs] 
2815.249: [GC (Allocation Failure) [PSYoungGen: 67533K->1472K(68096K)] 531632K->465571K(586240K), 0.0016796 secs] [Times: user=0.01 sys=0.01, real=0.00 secs] 
2815.410: [GC (Allocation Failure) [PSYoungGen: 67520K->1680K(74240K)] 531619K->465778K(592384K), 0.0016616 secs] [Times: user=0.01 sys=0.00, real=0.01 secs] 
2815.885: [GC (Allocation Failure) [PSYoungGen: 73872K->1376K(73216K)] 537970K->465474K(591360K), 0.0018610 secs] [Times: user=0.00 sys=0.00, real=0.00 secs] 
2816.839: [GC (Allocation Failure) [PSYoungGen: 73056K->1376K(72704K)] 537154K->465474K(590848K), 0.0020640 secs] [Times: user=0.01 sys=0.00, real=0.01 secs] 
2817.761: [GC (Allocation Failure) [PSYoungGen: 72544K->1344K(72192K)] 536642K->465442K(590336K), 0.0019047 secs] [Times: user=0.01 sys=0.00, real=0.00 secs] 
2818.638: [GC (Allocation Failure) [PSYoungGen: 72000K->1421K(71680K)] 536098K->465520K(589824K), 0.0020230 secs] [Times: user=0.01 sys=0.00, real=0.00 secs] 
2818.776: [GC (Allocation Failure) [PSYoungGen: 71565K->1501K(71168K)] 535664K->465600K(589312K), 0.0016876 secs] [Times: user=0.01 sys=0.00, real=0.00 secs] 
2818.899: [GC (Allocation Failure) [PSYoungGen: 71133K->1437K(70656K)] 535232K->465536K(588800K), 0.0019338 secs] [Times: user=0.01 sys=0.00, real=0.01 secs] 
2819.022: [GC (Allocation Failure) [PSYoungGen: 70557K->1421K(70144K)] 534656K->465528K(588288K), 0.0017140 secs] [Times: user=0.00 sys=0.00, real=0.00 secs] 
2819.445: [GC (Allocation Failure) [PSYoungGen: 70029K->1408K(69632K)] 534136K->465514K(587776K), 0.0020413 secs] [Times: user=0.01 sys=0.00, real=0.00 secs] 
2820.174: [GC (Allocation Failure) [PSYoungGen: 69504K->1344K(69120K)] 533610K->465450K(587264K), 0.0021008 secs] [Times: user=0.00 sys=0.00, real=0.00 secs] 
2820.971: [GC (Allocation Failure) [PSYoungGen: 68928K->1376K(68608K)] 533034K->465482K(586752K), 0.0023322 secs] [Times: user=0.01 sys=0.00, real=0.01 secs] 
2821.707: [GC (Allocation Failure) [PSYoungGen: 68448K->1408K(68096K)] 532554K->465530K(586240K), 0.0024831 secs] [Times: user=0.01 sys=0.00, real=0.00 secs] 
2822.140: [GC (Allocation Failure) [PSYoungGen: 67968K->1437K(67584K)] 532090K->465560K(585728K), 0.0023095 secs] [Times: user=0.01 sys=0.00, real=0.01 secs] 
2822.285: [GC (Allocation Failure) [PSYoungGen: 67485K->1485K(67072K)] 531608K->465608K(585216K), 0.0017684 secs] [Times: user=0.00 sys=0.00, real=0.00 secs] 
2822.400: [GC (Allocation Failure) [PSYoungGen: 67021K->1504K(66560K)] 531144K->465627K(584704K), 0.0018027 secs] [Times: user=0.01 sys=0.00, real=0.01 secs] 
2822.515: [GC (Allocation Failure) [PSYoungGen: 66528K->1421K(67072K)] 530651K->465552K(585216K), 0.0016642 secs] [Times: user=0.01 sys=0.00, real=0.00 secs] 
2822.700: [GC (Allocation Failure) [PSYoungGen: 66445K->1440K(72704K)] 530576K->465570K(590848K), 0.0017343 secs] [Times: user=0.00 sys=0.00, real=0.01 secs] 
2823.066: [GC (Allocation Failure) [PSYoungGen: 72096K->1312K(71680K)] 536226K->465442K(589824K), 0.0019049 secs] [Times: user=0.00 sys=0.00, real=0.00 secs] 
2823.561: [GC (Allocation Failure) [PSYoungGen: 71456K->1344K(71168K)] 535586K->465474K(589312K), 0.0019723 secs] [Times: user=0.01 sys=0.00, real=0.00 secs] 
2824.107: [GC (Allocation Failure) [PSYoungGen: 70976K->1376K(70656K)] 535106K->465506K(588800K), 0.0024689 secs] [Times: user=0.01 sys=0.00, real=0.00 secs] 
2824.633: [GC (Allocation Failure) [PSYoungGen: 70496K->1469K(70144K)] 534626K->465600K(588288K), 0.0023274 secs] [Times: user=0.00 sys=0.00, real=0.00 secs] 
2824.785: [GC (Allocation Failure) [PSYoungGen: 70068K->1437K(69632K)] 534199K->465568K(587776K), 0.0017007 secs] [Times: user=0.01 sys=0.00, real=0.00 secs] 
2824.924: [GC (Allocation Failure) [PSYoungGen: 69533K->1501K(69120K)] 533664K->465632K(587264K), 0.0017956 secs] [Times: user=0.00 sys=0.00, real=0.00 secs] 
2825.075: [GC (Allocation Failure) [PSYoungGen: 69085K->1437K(68608K)] 533216K->465576K(586752K), 0.0015243 secs] [Times: user=0.01 sys=0.00, real=0.00 secs] 
2825.401: [GC (Allocation Failure) [PSYoungGen: 68509K->1408K(68096K)] 532648K->465546K(586240K), 0.0023646 secs] [Times: user=0.01 sys=0.00, real=0.00 secs] 
2825.988: [GC (Allocation Failure) [PSYoungGen: 67968K->1344K(67584K)] 532106K->465482K(585728K), 0.0044942 secs] [Times: user=0.02 sys=0.00, real=0.01 secs] 
2826.642: [GC (Allocation Failure) [PSYoungGen: 67392K->1344K(67072K)] 531530K->465482K(585216K), 0.0035266 secs] [Times: user=0.01 sys=0.00, real=0.00 secs] 
2827.268: [GC (Allocation Failure) [PSYoungGen: 66880K->1376K(66560K)] 531018K->465514K(584704K), 0.0034754 secs] [Times: user=0.01 sys=0.00, real=0.01 secs] 
2827.701: [GC (Allocation Failure) [PSYoungGen: 66400K->1469K(66048K)] 530538K->465608K(584192K), 0.0026282 secs] [Times: user=0.01 sys=0.00, real=0.01 secs] 
2827.902: [GC (Allocation Failure) [PSYoungGen: 65981K->1469K(65536K)] 530120K->465608K(583680K), 0.0022495 secs] [Times: user=0.01 sys=0.00, real=0.00 secs] 
2828.072: [GC (Allocation Failure) [PSYoungGen: 65469K->1469K(65024K)] 529608K->465608K(583168K), 0.0021665 secs] [Times: user=0.01 sys=0.00, real=0.00 secs] 
2828.220: [GC (Allocation Failure) [PSYoungGen: 64957K->1472K(64512K)] 529096K->465627K(582656K), 0.0018344 secs] [Times: user=0.00 sys=0.00, real=0.01 secs] 
2828.516: [GC (Allocation Failure) [PSYoungGen: 64448K->1952K(64512K)] 528603K->466106K(582656K), 0.0020548 secs] [Times: user=0.01 sys=0.00, real=0.00 secs] 
2829.788: [GC (Allocation Failure) [PSYoungGen: 64416K->1344K(63488K)] 528570K->465498K(581632K), 0.0048426 secs] [Times: user=0.02 sys=0.00, real=0.01 secs] 
2830.779: [GC (Allocation Failure) [PSYoungGen: 63296K->1344K(62976K)] 527450K->465498K(581120K), 0.0050503 secs] [Times: user=0.02 sys=0.00, real=0.01 secs] 
2831.717: [GC (Allocation Failure) [PSYoungGen: 62784K->1344K(62464K)] 526938K->465514K(580608K), 0.0036082 secs] [Times: user=0.02 sys=0.00, real=0.00 secs] 
2832.737: [GC (Allocation Failure) [PSYoungGen: 62272K->1344K(61952K)] 526442K->465514K(580096K), 0.0052628 secs] [Times: user=0.02 sys=0.00, real=0.01 secs] 
2833.380: [GC (Allocation Failure) [PSYoungGen: 61760K->1437K(61440K)] 525930K->465608K(579584K), 0.0026033 secs] [Times: user=0.01 sys=0.00, real=0.01 secs] 
2833.531: [GC (Allocation Failure) [PSYoungGen: 61341K->1504K(61440K)] 525512K->465675K(579584K), 0.0018464 secs] [Times: user=0.01 sys=0.00, real=0.00 secs] 
2833.637: [GC (Allocation Failure) [PSYoungGen: 61408K->1437K(61952K)] 525579K->465616K(580096K), 0.0016623 secs] [Times: user=0.00 sys=0.00, real=0.00 secs] 
2833.743: [GC (Allocation Failure) [PSYoungGen: 61341K->1405K(61952K)] 525520K->465584K(580096K), 0.0018075 secs] [Times: user=0.00 sys=0.00, real=0.00 secs] 
2834.438: [GC (Allocation Failure) [PSYoungGen: 61309K->1408K(61952K)] 525488K->465586K(580096K), 0.0026253 secs] [Times: user=0.01 sys=0.00, real=0.00 secs] 
2834.832: [GC (Allocation Failure) [PSYoungGen: 61312K->1376K(61952K)] 525490K->465554K(580096K), 0.0020475 secs] [Times: user=0.01 sys=0.00, real=0.00 secs] 
2835.081: [GC (Allocation Failure) [PSYoungGen: 61280K->1376K(61952K)] 525458K->465554K(580096K), 0.0019867 secs] [Times: user=0.00 sys=0.00, real=0.00 secs] 
2835.330: [GC (Allocation Failure) [PSYoungGen: 61280K->1360K(61952K)] 525458K->465538K(580096K), 0.0020153 secs] [Times: user=0.01 sys=0.00, real=0.01 secs] 
2835.579: [GC (Allocation Failure) [PSYoungGen: 61264K->1376K(61952K)] 525442K->465554K(580096K), 0.0020416 secs] [Times: user=0.01 sys=0.00, real=0.01 secs] 
2835.831: [GC (Allocation Failure) [PSYoungGen: 61280K->1440K(61952K)] 525458K->465619K(580096K), 0.0022594 secs] [Times: user=0.01 sys=0.00, real=0.01 secs] 
2836.018: [GC (Allocation Failure) [PSYoungGen: 61344K->1469K(61952K)] 525523K->465664K(580096K), 0.0023182 secs] [Times: user=0.01 sys=0.00, real=0.00 secs] 
2836.161: [GC (Allocation Failure) [PSYoungGen: 61362K->1501K(61952K)] 525557K->465696K(580096K), 0.0016693 secs] [Times: user=0.01 sys=0.00, real=0.00 secs] 
2836.266: [GC (Allocation Failure) [PSYoungGen: 61405K->1437K(61952K)] 525600K->465632K(580096K), 0.0017531 secs] [Times: user=0.00 sys=0.00, real=0.00 secs] 
2836.558: [GC (Allocation Failure) [PSYoungGen: 61341K->1488K(67584K)] 525536K->465682K(585728K), 0.0105654 secs] [Times: user=0.01 sys=0.05, real=0.01 secs] 
2837.114: [GC (Allocation Failure) [PSYoungGen: 67024K->1376K(67584K)] 531218K->465570K(585728K), 0.0034338 secs] [Times: user=0.01 sys=0.00, real=0.00 secs] 
2837.546: [GC (Allocation Failure) [PSYoungGen: 66912K->1408K(73728K)] 531106K->465602K(591872K), 0.0024479 secs] [Times: user=0.01 sys=0.00, real=0.00 secs] 
2837.851: [GC (Allocation Failure) [PSYoungGen: 73600K->1344K(74240K)] 537794K->465538K(592384K), 0.0028759 secs] [Times: user=0.02 sys=0.00, real=0.00 secs] 
2838.163: [GC (Allocation Failure) [PSYoungGen: 73536K->1392K(80384K)] 537730K->465587K(598528K), 0.0022317 secs] [Times: user=0.01 sys=0.00, real=0.00 secs] 
2838.317: [GC (Allocation Failure) [PSYoungGen: 80240K->1485K(80896K)] 544435K->465680K(599040K), 0.0017320 secs] [Times: user=0.01 sys=0.00, real=0.00 secs] 
2838.455: [GC (Allocation Failure) [PSYoungGen: 80333K->1504K(88064K)] 544528K->465731K(606208K), 0.0033397 secs] [Times: user=0.02 sys=0.00, real=0.00 secs] 
2838.608: [GC (Allocation Failure) [PSYoungGen: 87520K->1453K(88064K)] 551747K->465680K(606208K), 0.0018010 secs] [Times: user=0.01 sys=0.00, real=0.00 secs] 
2840.770: [GC (Allocation Failure) [PSYoungGen: 87469K->1440K(95744K)] 551696K->465666K(613888K), 0.0198156 secs] [Times: user=0.05 sys=0.05, real=0.02 secs] 
2841.876: [GC (Allocation Failure) [PSYoungGen: 95648K->1344K(96256K)] 559874K->465570K(614400K), 0.0283084 secs] [Times: user=0.11 sys=0.03, real=0.03 secs] 
2842.290: [GC (Allocation Failure) [PSYoungGen: 95552K->1344K(104960K)] 559778K->465570K(623104K), 0.0019998 secs] [Times: user=0.01 sys=0.00, real=0.01 secs] 
2842.546: [GC (Allocation Failure) [PSYoungGen: 104768K->1469K(105984K)] 568994K->465696K(624128K), 0.0016715 secs] [Times: user=0.01 sys=0.00, real=0.00 secs] 
2842.732: [GC (Allocation Failure) [PSYoungGen: 105405K->1581K(115200K)] 569632K->465808K(633344K), 0.0042784 secs] [Times: user=0.02 sys=0.00, real=0.00 secs] 
2843.146: [GC (Allocation Failure) [PSYoungGen: 114733K->1472K(115200K)] 578960K->465698K(633344K), 0.0056050 secs] [Times: user=0.01 sys=0.02, real=0.01 secs] 
2843.810: [GC (Allocation Failure) [PSYoungGen: 114624K->1408K(126976K)] 578850K->465634K(645120K), 0.0309734 secs] [Times: user=0.11 sys=0.04, real=0.04 secs] 
2844.854: [GC (Allocation Failure) [PSYoungGen: 126336K->1405K(126976K)] 590562K->465632K(645120K), 0.0032133 secs] [Times: user=0.01 sys=0.00, real=0.00 secs] 
2845.190: [GC (Allocation Failure) [PSYoungGen: 126333K->1613K(140288K)] 590560K->465840K(658432K), 0.0034323 secs] [Times: user=0.01 sys=0.01, real=0.01 secs] 
2845.659: [GC (Allocation Failure) [PSYoungGen: 139853K->2016K(140800K)] 604080K->466242K(658944K), 0.0023626 secs] [Times: user=0.00 sys=0.00, real=0.01 secs] 
2847.263: [GC (Allocation Failure) [PSYoungGen: 140768K->1392K(152064K)] 604994K->465618K(670208K), 0.0025563 secs] [Times: user=0.01 sys=0.00, real=0.00 secs] 
2849.013: [GC (Allocation Failure) [PSYoungGen: 151920K->1437K(150016K)] 616146K->465664K(668160K), 0.0025962 secs] [Times: user=0.01 sys=0.00, real=0.00 secs] 
2849.332: [GC (Allocation Failure) [PSYoungGen: 149917K->1533K(147968K)] 614144K->465816K(666112K), 0.0016380 secs] [Times: user=0.00 sys=0.00, real=0.00 secs] 
2850.434: [GC (Allocation Failure) [PSYoungGen: 147965K->1488K(145920K)] 612248K->465770K(664064K), 0.0032450 secs] [Times: user=0.02 sys=0.00, real=0.00 secs] 
2851.700: [GC (Allocation Failure) [PSYoungGen: 145872K->1408K(143872K)] 610154K->465690K(662016K), 0.0025546 secs] [Times: user=0.01 sys=0.00, real=0.01 secs] 
2852.469: [GC (Allocation Failure) [PSYoungGen: 143744K->1421K(141824K)] 608026K->465704K(659968K), 0.0017363 secs] [Times: user=0.01 sys=0.00, real=0.00 secs] 
2852.717: [GC (Allocation Failure) [PSYoungGen: 141709K->1517K(139776K)] 605992K->465848K(657920K), 0.0017578 secs] [Times: user=0.00 sys=0.00, real=0.00 secs] 
2853.897: [GC (Allocation Failure) [PSYoungGen: 139757K->1472K(137728K)] 604088K->465802K(655872K), 0.0020904 secs] [Times: user=0.01 sys=0.00, real=0.00 secs] 
2855.395: [GC (Allocation Failure) [PSYoungGen: 137664K->1376K(135680K)] 601994K->465706K(653824K), 0.0018257 secs] [Times: user=0.00 sys=0.00, real=0.00 secs] 
2856.128: [GC (Allocation Failure) [PSYoungGen: 135520K->1437K(133632K)] 599850K->465768K(651776K), 0.0017819 secs] [Times: user=0.00 sys=0.00, real=0.00 secs] 
2856.360: [GC (Allocation Failure) [PSYoungGen: 133533K->1517K(131584K)] 597864K->465864K(649728K), 0.0017771 secs] [Times: user=0.01 sys=0.00, real=0.01 secs] 
2857.443: [GC (Allocation Failure) [PSYoungGen: 131565K->1440K(130048K)] 595912K->465794K(648192K), 0.0022918 secs] [Times: user=0.00 sys=0.00, real=0.00 secs] 
2858.856: [GC (Allocation Failure) [PSYoungGen: 129952K->1344K(128512K)] 594306K->465698K(646656K), 0.0025045 secs] [Times: user=0.01 sys=0.00, real=0.00 secs] 
2859.746: [GC (Allocation Failure) [PSYoungGen: 128320K->1405K(126976K)] 592674K->465760K(645120K), 0.0022016 secs] [Times: user=0.01 sys=0.00, real=0.00 secs] 
2859.973: [GC (Allocation Failure) [PSYoungGen: 126845K->1517K(125440K)] 591200K->465920K(643584K), 0.0017185 secs] [Times: user=0.01 sys=0.00, real=0.00 secs] 
2860.321: [GC (Allocation Failure) [PSYoungGen: 125421K->1456K(123904K)] 589824K->465858K(642048K), 0.0021869 secs] [Times: user=0.01 sys=0.01, real=0.01 secs] 
2860.908: [GC (Allocation Failure) [PSYoungGen: 123824K->1376K(122368K)] 588226K->465778K(640512K), 0.0018275 secs] [Times: user=0.01 sys=0.00, real=0.00 secs] 
2861.605: [GC (Allocation Failure) [PSYoungGen: 122014K->288K(119808K)] 586417K->464690K(637952K), 0.0021102 secs] [Times: user=0.01 sys=0.00, real=0.00 secs] 
2861.840: [GC (Allocation Failure) [PSYoungGen: 119584K->1568K(119808K)] 583986K->465971K(637952K), 0.0016998 secs] [Times: user=0.01 sys=0.00, real=0.01 secs] 
2862.048: [GC (Allocation Failure) [PSYoungGen: 119328K->1536K(118272K)] 583731K->465939K(636416K), 0.0018629 secs] [Times: user=0.00 sys=0.01, real=0.00 secs] 
2862.965: [GC (Allocation Failure) [PSYoungGen: 117760K->368K(115200K)] 582163K->465794K(633344K), 0.0021885 secs] [Times: user=0.00 sys=0.00, real=0.00 secs] 
2863.834: [GC (Allocation Failure) [PSYoungGen: 115056K->368K(113664K)] 580482K->465794K(631808K), 0.0025973 secs] [Times: user=0.01 sys=0.00, real=0.00 secs] 
2864.815: [GC (Allocation Failure) [PSYoungGen: 113520K->1437K(113152K)] 578946K->466864K(631296K), 0.0023548 secs] [Times: user=0.01 sys=0.00, real=0.00 secs] 
2865.040: [GC (Allocation Failure) [PSYoungGen: 113053K->1549K(112128K)] 578480K->466984K(630272K), 0.0018065 secs] [Times: user=0.00 sys=0.00, real=0.01 secs] 
2865.542: [GC (Allocation Failure) [PSYoungGen: 111629K->1744K(111104K)] 577064K->467178K(629248K), 0.0022092 secs] [Times: user=0.01 sys=0.00, real=0.00 secs] 
2866.598: [GC (Allocation Failure) [PSYoungGen: 110800K->1344K(109568K)] 576234K->466778K(627712K), 0.0028849 secs] [Times: user=0.01 sys=0.00, real=0.00 secs] 
2867.039: [GC (Allocation Failure) [PSYoungGen: 109376K->1344K(108544K)] 574810K->466778K(626688K), 0.0021713 secs] [Times: user=0.00 sys=0.00, real=0.01 secs] 
2867.397: [GC (Allocation Failure) [PSYoungGen: 108352K->1440K(107520K)] 573786K->466875K(625664K), 0.0016479 secs] [Times: user=0.00 sys=0.00, real=0.00 secs] 
2867.582: [GC (Allocation Failure) [PSYoungGen: 107424K->1549K(107008K)] 572859K->466984K(625152K), 0.0017596 secs] [Times: user=0.01 sys=0.00, real=0.00 secs] 
2867.766: [GC (Allocation Failure) [PSYoungGen: 106509K->365K(104448K)] 571944K->465800K(622592K), 0.0018578 secs] [Times: user=0.00 sys=0.00, real=0.00 secs] 
2869.348: [GC (Allocation Failure) [PSYoungGen: 104301K->1440K(104448K)] 569736K->466874K(622592K), 0.0023939 secs] [Times: user=0.00 sys=0.00, real=0.01 secs] 
2870.525: [GC (Allocation Failure) [PSYoungGen: 104352K->1408K(103424K)] 569786K->466842K(621568K), 0.0037092 secs] [Times: user=0.01 sys=0.01, real=0.00 secs] 
2871.238: [GC (Allocation Failure) [PSYoungGen: 103296K->1536K(102912K)] 568730K->466971K(621056K), 0.0021173 secs] [Times: user=0.01 sys=0.00, real=0.00 secs] 
2871.436: [GC (Allocation Failure) [PSYoungGen: 102400K->1549K(101888K)] 567835K->466984K(620032K), 0.0018941 secs] [Times: user=0.00 sys=0.00, real=0.00 secs] 
2871.613: [GC (Allocation Failure) [PSYoungGen: 101389K->1517K(100352K)] 566824K->466960K(618496K), 0.0016837 secs] [Times: user=0.01 sys=0.00, real=0.00 secs] 
2872.038: [GC (Allocation Failure) [PSYoungGen: 100333K->1456K(99328K)] 565776K->466898K(617472K), 0.0019237 secs] [Times: user=0.01 sys=0.00, real=0.00 secs] 
2872.833: [GC (Allocation Failure) [PSYoungGen: 99248K->1376K(98304K)] 564690K->466818K(616448K), 0.0020223 secs] [Times: user=0.01 sys=0.00, real=0.00 secs] 
2873.630: [GC (Allocation Failure) [PSYoungGen: 98144K->1344K(97280K)] 563586K->466794K(615424K), 0.0039226 secs] [Times: user=0.01 sys=0.00, real=0.01 secs] 
2874.044: [GC (Allocation Failure) [PSYoungGen: 97088K->1469K(96256K)] 562538K->466920K(614400K), 0.0017655 secs] [Times: user=0.01 sys=0.00, real=0.00 secs] 
2874.213: [GC (Allocation Failure) [PSYoungGen: 96189K->1504K(95232K)] 561640K->466955K(613376K), 0.0018492 secs] [Times: user=0.01 sys=0.00, real=0.00 secs] 
2874.430: [GC (Allocation Failure) [PSYoungGen: 95200K->912K(93696K)] 560651K->467386K(611840K), 0.0019548 secs] [Times: user=0.01 sys=0.00, real=0.01 secs] 
2874.845: [GC (Allocation Failure) [PSYoungGen: 93584K->352K(92160K)] 560058K->466826K(610304K), 0.0018691 secs] [Times: user=0.01 sys=0.00, real=0.00 secs] 
2875.259: [GC (Allocation Failure) [PSYoungGen: 92000K->352K(91136K)] 558474K->466826K(609280K), 0.0020852 secs] [Times: user=0.01 sys=0.00, real=0.00 secs] 
2875.650: [GC (Allocation Failure) [PSYoungGen: 90762K->288K(92160K)] 557237K->466762K(610304K), 0.0019186 secs] [Times: user=0.01 sys=0.00, real=0.01 secs] 
2875.823: [GC (Allocation Failure) [PSYoungGen: 89888K->1472K(90112K)] 556362K->467947K(608256K), 0.0017361 secs] [Times: user=0.00 sys=0.00, real=0.00 secs] 
2875.979: [GC (Allocation Failure) [PSYoungGen: 90048K->1469K(89088K)] 556523K->467952K(607232K), 0.0017421 secs] [Times: user=0.01 sys=0.00, real=0.01 secs] 
2876.218: [GC (Allocation Failure) [PSYoungGen: 89021K->1664K(89088K)] 555504K->468146K(607232K), 0.0020244 secs] [Times: user=0.01 sys=0.00, real=0.00 secs] 
2877.259: [GC (Allocation Failure) [PSYoungGen: 88704K->1344K(88064K)] 555186K->467826K(606208K), 0.0027962 secs] [Times: user=0.01 sys=0.00, real=0.01 secs] 
2878.189: [GC (Allocation Failure) [PSYoungGen: 87872K->1344K(87552K)] 554354K->467826K(605696K), 0.0027549 secs] [Times: user=0.01 sys=0.00, real=0.01 secs] 
2879.349: [GC (Allocation Failure) [PSYoungGen: 87360K->1376K(87040K)] 553842K->467858K(605184K), 0.0032402 secs] [Times: user=0.01 sys=0.00, real=0.01 secs] 
2879.806: [GC (Allocation Failure) [PSYoungGen: 86880K->1453K(86528K)] 553362K->467936K(604672K), 0.0016731 secs] [Times: user=0.00 sys=0.00, real=0.00 secs] 
2879.956: [GC (Allocation Failure) [PSYoungGen: 86445K->1485K(86016K)] 552928K->467968K(604160K), 0.0017728 secs] [Times: user=0.00 sys=0.00, real=0.00 secs] 
2880.106: [GC (Allocation Failure) [PSYoungGen: 85965K->1472K(85504K)] 552448K->467955K(603648K), 0.0017441 secs] [Times: user=0.01 sys=0.00, real=0.00 secs] 
2881.099: [GC (Allocation Failure) [PSYoungGen: 85440K->1392K(84992K)] 551923K->467874K(603136K), 0.0021689 secs] [Times: user=0.00 sys=0.00, real=0.01 secs] 
2881.944: [GC (Allocation Failure) [PSYoungGen: 84848K->1344K(84480K)] 551330K->467826K(602624K), 0.0020872 secs] [Times: user=0.01 sys=0.00, real=0.00 secs] 
2882.507: [GC (Allocation Failure) [PSYoungGen: 84288K->1344K(83968K)] 550770K->467842K(602112K), 0.0021005 secs] [Times: user=0.01 sys=0.00, real=0.00 secs] 
2882.810: [GC (Allocation Failure) [PSYoungGen: 83776K->1408K(83456K)] 550274K->467907K(601600K), 0.0015627 secs] [Times: user=0.01 sys=0.00, real=0.01 secs] 
2882.954: [GC (Allocation Failure) [PSYoungGen: 83328K->1453K(82944K)] 549827K->467952K(601088K), 0.0017116 secs] [Times: user=0.01 sys=0.00, real=0.00 secs] 
2883.098: [GC (Allocation Failure) [PSYoungGen: 82861K->1440K(82432K)] 549360K->467939K(600576K), 0.0016561 secs] [Times: user=0.01 sys=0.00, real=0.00 secs] 
2883.298: [GC (Allocation Failure) [PSYoungGen: 82336K->1392K(81920K)] 548835K->467890K(600064K), 0.0021042 secs] [Times: user=0.00 sys=0.00, real=0.00 secs] 
2883.632: [GC (Allocation Failure) [PSYoungGen: 81776K->1312K(81408K)] 548274K->467810K(599552K), 0.0019268 secs] [Times: user=0.01 sys=0.00, real=0.00 secs] 
2883.963: [GC (Allocation Failure) [PSYoungGen: 81184K->1376K(80896K)] 547682K->467882K(599040K), 0.0018801 secs] [Times: user=0.01 sys=0.00, real=0.00 secs] 
2884.464: [GC (Allocation Failure) [PSYoungGen: 80736K->1376K(80384K)] 547242K->467882K(598528K), 0.0017127 secs] [Times: user=0.00 sys=0.00, real=0.00 secs] 
2884.823: [GC (Allocation Failure) [PSYoungGen: 80218K->1469K(79872K)] 546725K->467976K(598016K), 0.0022415 secs] [Times: user=0.00 sys=0.00, real=0.00 secs] 
2885.012: [GC (Allocation Failure) [PSYoungGen: 79805K->1453K(79360K)] 546312K->467960K(597504K), 0.0018156 secs] [Times: user=0.00 sys=0.00, real=0.00 secs] 
2885.150: [GC (Allocation Failure) [PSYoungGen: 79277K->1469K(78848K)] 545784K->467976K(596992K), 0.0017439 secs] [Times: user=0.01 sys=0.00, real=0.01 secs] 
2885.490: [GC (Allocation Failure) [PSYoungGen: 78781K->1392K(78336K)] 545288K->467898K(596480K), 0.0031923 secs] [Times: user=0.01 sys=0.00, real=0.01 secs] 
2886.113: [GC (Allocation Failure) [PSYoungGen: 78192K->1376K(77824K)] 544698K->467882K(595968K), 0.0030696 secs] [Times: user=0.01 sys=0.00, real=0.00 secs] 
2886.589: [GC (Allocation Failure) [PSYoungGen: 77664K->1376K(77312K)] 544170K->467882K(595456K), 0.0035345 secs] [Times: user=0.01 sys=0.00, real=0.01 secs] 
2887.117: [GC (Allocation Failure) [PSYoungGen: 77152K->1408K(76800K)] 543658K->467914K(594944K), 0.0027473 secs] [Times: user=0.01 sys=0.00, real=0.00 secs] 
2887.419: [GC (Allocation Failure) [PSYoungGen: 76672K->1472K(76288K)] 543178K->467979K(594432K), 0.0015700 secs] [Times: user=0.01 sys=0.00, real=0.00 secs] 
2887.573: [GC (Allocation Failure) [PSYoungGen: 76224K->1485K(75776K)] 542731K->467992K(593920K), 0.0021198 secs] [Times: user=0.00 sys=0.00, real=0.00 secs] 
2887.743: [GC (Allocation Failure) [PSYoungGen: 75725K->1485K(75264K)] 542232K->467992K(593408K), 0.0020146 secs] [Times: user=0.01 sys=0.00, real=0.00 secs] 
2888.002: [GC (Allocation Failure) [PSYoungGen: 75213K->1408K(74752K)] 541720K->467914K(592896K), 0.0023804 secs] [Times: user=0.01 sys=0.00, real=0.00 secs] 
2888.307: [GC (Allocation Failure) [PSYoungGen: 74624K->1408K(74240K)] 541130K->467914K(592384K), 0.0020004 secs] [Times: user=0.01 sys=0.01, real=0.00 secs] 
2888.779: [GC (Allocation Failure) [PSYoungGen: 74112K->1376K(73728K)] 540618K->467882K(591872K), 0.0020673 secs] [Times: user=0.01 sys=0.00, real=0.01 secs] 
2889.447: [GC (Allocation Failure) [PSYoungGen: 73568K->1376K(73216K)] 540074K->467882K(591360K), 0.0018841 secs] [Times: user=0.01 sys=0.00, real=0.00 secs] 
2890.050: [GC (Allocation Failure) [PSYoungGen: 73056K->1437K(72704K)] 539562K->467968K(590848K), 0.0020761 secs] [Times: user=0.01 sys=0.00, real=0.01 secs] 
2890.211: [GC (Allocation Failure) [PSYoungGen: 72600K->1485K(72192K)] 539131K->468016K(590336K), 0.0020398 secs] [Times: user=0.01 sys=0.00, real=0.00 secs] 
2890.365: [GC (Allocation Failure) [PSYoungGen: 72141K->1472K(71680K)] 538672K->468003K(589824K), 0.0017541 secs] [Times: user=0.01 sys=0.00, real=0.00 secs] 
2890.488: [GC (Allocation Failure) [PSYoungGen: 71616K->1440K(71168K)] 538147K->467971K(589312K), 0.0017960 secs] [Times: user=0.01 sys=0.00, real=0.00 secs] 
2891.207: [GC (Allocation Failure) [PSYoungGen: 71072K->1376K(70656K)] 537603K->467906K(588800K), 0.0026058 secs] [Times: user=0.01 sys=0.00, real=0.00 secs] 
2892.134: [GC (Allocation Failure) [PSYoungGen: 70496K->1344K(70144K)] 537026K->467874K(588288K), 0.0036225 secs] [Times: user=0.02 sys=0.00, real=0.00 secs] 
2892.695: [GC (Allocation Failure) [PSYoungGen: 69952K->1344K(69632K)] 536482K->467874K(587776K), 0.0024362 secs] [Times: user=0.01 sys=0.00, real=0.00 secs] 
2893.255: [GC (Allocation Failure) [PSYoungGen: 69440K->1312K(69120K)] 535970K->467842K(587264K), 0.0021289 secs] [Times: user=0.01 sys=0.00, real=0.00 secs] 
2893.667: [GC (Allocation Failure) [PSYoungGen: 68896K->1437K(68608K)] 535426K->467968K(586752K), 0.0022317 secs] [Times: user=0.01 sys=0.00, real=0.00 secs] 
2893.803: [GC (Allocation Failure) [PSYoungGen: 68501K->1453K(68096K)] 535032K->467984K(586240K), 0.0017399 secs] [Times: user=0.00 sys=0.00, real=0.00 secs] 
2893.921: [GC (Allocation Failure) [PSYoungGen: 68013K->1437K(67584K)] 534544K->467968K(585728K), 0.0017389 secs] [Times: user=0.01 sys=0.00, real=0.00 secs] 
2894.038: [GC (Allocation Failure) [PSYoungGen: 67485K->1440K(73216K)] 534016K->467979K(591360K), 0.0016513 secs] [Times: user=0.01 sys=0.00, real=0.00 secs] 
2894.361: [GC (Allocation Failure) [PSYoungGen: 73120K->1408K(72704K)] 539659K->467946K(590848K), 0.0020421 secs] [Times: user=0.01 sys=0.00, real=0.00 secs] 
2894.939: [GC (Allocation Failure) [PSYoungGen: 72576K->1376K(72192K)] 539114K->467914K(590336K), 0.0018108 secs] [Times: user=0.01 sys=0.00, real=0.01 secs] 
2895.534: [GC (Allocation Failure) [PSYoungGen: 72032K->1376K(71680K)] 538570K->467914K(589824K), 0.0036805 secs] [Times: user=0.01 sys=0.00, real=0.00 secs] 
2896.533: [GC (Allocation Failure) [PSYoungGen: 71520K->1376K(71168K)] 538058K->467914K(589312K), 0.0030231 secs] [Times: user=0.01 sys=0.00, real=0.00 secs] 
2896.959: [GC (Allocation Failure) [PSYoungGen: 71008K->1437K(70656K)] 537546K->467976K(588800K), 0.0020468 secs] [Times: user=0.01 sys=0.00, real=0.01 secs] 
2897.090: [GC (Allocation Failure) [PSYoungGen: 70557K->480K(69120K)] 537096K->468043K(587264K), 0.0016707 secs] [Times: user=0.00 sys=0.00, real=0.01 secs] 
2897.211: [GC (Allocation Failure) [PSYoungGen: 69087K->493K(70144K)] 536650K->468056K(588288K), 0.0015629 secs] [Times: user=0.00 sys=0.00, real=0.00 secs] 
2897.330: [GC (Allocation Failure) [PSYoungGen: 68589K->160K(74752K)] 536152K->467738K(592896K), 0.0017555 secs] [Times: user=0.01 sys=0.00, real=0.01 secs] 
2897.744: [GC (Allocation Failure) [PSYoungGen: 74400K->1376K(75776K)] 541978K->468954K(593920K), 0.0020462 secs] [Times: user=0.01 sys=0.00, real=0.00 secs] 
2898.348: [GC (Allocation Failure) [PSYoungGen: 75104K->1408K(74752K)] 542682K->468986K(592896K), 0.0027097 secs] [Times: user=0.01 sys=0.00, real=0.01 secs] 
2898.929: [GC (Allocation Failure) [PSYoungGen: 74624K->1408K(74240K)] 542202K->468986K(592384K), 0.0032654 secs] [Times: user=0.01 sys=0.00, real=0.01 secs] 
2899.541: [GC (Allocation Failure) [PSYoungGen: 74112K->1437K(73728K)] 541690K->469016K(591872K), 0.0034591 secs] [Times: user=0.02 sys=0.00, real=0.01 secs] 
2899.757: [GC (Allocation Failure) [PSYoungGen: 73629K->1437K(73216K)] 541208K->469016K(591360K), 0.0017993 secs] [Times: user=0.00 sys=0.00, real=0.00 secs] 
2899.883: [GC (Allocation Failure) [PSYoungGen: 73117K->1437K(72704K)] 540696K->469016K(590848K), 0.0016951 secs] [Times: user=0.00 sys=0.00, real=0.00 secs] 
2900.031: [GC (Allocation Failure) [PSYoungGen: 72605K->1501K(72192K)] 540184K->469080K(590336K), 0.0021504 secs] [Times: user=0.00 sys=0.00, real=0.00 secs] 
2901.031: [GC (Allocation Failure) [PSYoungGen: 72157K->1392K(71680K)] 539736K->468978K(589824K), 0.0053447 secs] [Times: user=0.02 sys=0.00, real=0.00 secs] 
2901.944: [GC (Allocation Failure) [PSYoungGen: 71536K->1344K(71168K)] 539122K->468930K(589312K), 0.0032605 secs] [Times: user=0.01 sys=0.00, real=0.00 secs] 
2902.987: [GC (Allocation Failure) [PSYoungGen: 70976K->1376K(70656K)] 538562K->468962K(588800K), 0.0056157 secs] [Times: user=0.02 sys=0.00, real=0.01 secs] 
2903.821: [GC (Allocation Failure) [PSYoungGen: 70496K->1376K(70144K)] 538082K->468962K(588288K), 0.0036418 secs] [Times: user=0.01 sys=0.00, real=0.01 secs] 
2904.313: [GC (Allocation Failure) [PSYoungGen: 69984K->1469K(69632K)] 537570K->469056K(587776K), 0.0019075 secs] [Times: user=0.01 sys=0.00, real=0.00 secs] 
2904.450: [GC (Allocation Failure) [PSYoungGen: 69565K->1472K(69120K)] 537152K->469059K(587264K), 0.0018451 secs] [Times: user=0.01 sys=0.00, real=0.01 secs] 
2904.571: [GC (Allocation Failure) [PSYoungGen: 69056K->1453K(68608K)] 536643K->469040K(586752K), 0.0016613 secs] [Times: user=0.00 sys=0.00, real=0.00 secs] 
2904.690: [GC (Allocation Failure) [PSYoungGen: 68524K->1440K(74752K)] 536111K->469027K(592896K), 0.0018191 secs] [Times: user=0.01 sys=0.00, real=0.01 secs] 
2906.033: [GC (Allocation Failure) [PSYoungGen: 74656K->1408K(74240K)] 542243K->468994K(592384K), 0.0050531 secs] [Times: user=0.02 sys=0.00, real=0.00 secs] 
2907.077: [GC (Allocation Failure) [PSYoungGen: 74112K->1408K(73728K)] 541698K->468994K(591872K), 0.0071245 secs] [Times: user=0.02 sys=0.00, real=0.01 secs] 
2907.946: [GC (Allocation Failure) [PSYoungGen: 73600K->1360K(73216K)] 541186K->468946K(591360K), 0.0036579 secs] [Times: user=0.01 sys=0.01, real=0.00 secs] 
2908.242: [GC (Allocation Failure) [PSYoungGen: 73040K->1344K(72704K)] 540626K->468930K(590848K), 0.0022593 secs] [Times: user=0.01 sys=0.00, real=0.00 secs] 
2908.428: [GC (Allocation Failure) [PSYoungGen: 72512K->1469K(72192K)] 540098K->469056K(590336K), 0.0016645 secs] [Times: user=0.01 sys=0.00, real=0.00 secs] 
2908.554: [GC (Allocation Failure) [PSYoungGen: 72125K->1437K(71680K)] 539712K->469024K(589824K), 0.0016977 secs] [Times: user=0.01 sys=0.00, real=0.00 secs] 
2908.677: [GC (Allocation Failure) [PSYoungGen: 71581K->1469K(71168K)] 539168K->469056K(589312K), 0.0016447 secs] [Times: user=0.01 sys=0.00, real=0.00 secs] 
2908.938: [GC (Allocation Failure) [PSYoungGen: 71101K->1408K(70656K)] 538688K->468994K(588800K), 0.0020443 secs] [Times: user=0.01 sys=0.01, real=0.00 secs] 
2909.713: [GC (Allocation Failure) [PSYoungGen: 70528K->1376K(70144K)] 538114K->468962K(588288K), 0.0047480 secs] [Times: user=0.02 sys=0.00, real=0.00 secs] 
2910.361: [GC (Allocation Failure) [PSYoungGen: 69984K->1376K(69632K)] 537570K->468962K(587776K), 0.0029904 secs] [Times: user=0.02 sys=0.00, real=0.00 secs] 
2910.966: [GC (Allocation Failure) [PSYoungGen: 69472K->1344K(69120K)] 537058K->468930K(587264K), 0.0025305 secs] [Times: user=0.01 sys=0.00, real=0.00 secs] 
2911.666: [GC (Allocation Failure) [PSYoungGen: 68928K->1456K(68608K)] 536514K->469059K(586752K), 0.0030746 secs] [Times: user=0.01 sys=0.00, real=0.00 secs] 
2911.896: [GC (Allocation Failure) [PSYoungGen: 68528K->1421K(68096K)] 536131K->469024K(586240K), 0.0020476 secs] [Times: user=0.01 sys=0.01, real=0.00 secs] 
2912.074: [GC (Allocation Failure) [PSYoungGen: 67981K->1501K(67584K)] 535584K->469104K(585728K), 0.0021918 secs] [Times: user=0.01 sys=0.00, real=0.00 secs] 
2912.220: [GC (Allocation Failure) [PSYoungGen: 67549K->1453K(67072K)] 535152K->469056K(585216K), 0.0016574 secs] [Times: user=0.01 sys=0.00, real=0.01 secs] 
2912.453: [GC (Allocation Failure) [PSYoungGen: 66989K->1408K(66560K)] 534592K->469010K(584704K), 0.0023851 secs] [Times: user=0.01 sys=0.00, real=0.00 secs] 
2913.275: [GC (Allocation Failure) [PSYoungGen: 66432K->1344K(66048K)] 534034K->468946K(584192K), 0.0033650 secs] [Times: user=0.01 sys=0.00, real=0.00 secs] 
2913.867: [GC (Allocation Failure) [PSYoungGen: 65856K->1376K(65536K)] 533458K->468978K(583680K), 0.0035481 secs] [Times: user=0.01 sys=0.00, real=0.00 secs] 
2914.794: [GC (Allocation Failure) [PSYoungGen: 65376K->1312K(65024K)] 532978K->468914K(583168K), 0.0026225 secs] [Times: user=0.01 sys=0.00, real=0.00 secs] 
2915.555: [GC (Allocation Failure) [PSYoungGen: 64800K->1328K(64512K)] 532402K->468930K(582656K), 0.0045266 secs] [Times: user=0.02 sys=0.00, real=0.00 secs] 
2916.151: [GC (Allocation Failure) [PSYoungGen: 64304K->1501K(64000K)] 531906K->469104K(582144K), 0.0021290 secs] [Times: user=0.00 sys=0.00, real=0.01 secs] 
2916.286: [GC (Allocation Failure) [PSYoungGen: 63965K->1472K(63488K)] 531568K->469075K(581632K), 0.0017775 secs] [Times: user=0.00 sys=0.00, real=0.00 secs] 
2916.396: [GC (Allocation Failure) [PSYoungGen: 63424K->1469K(62976K)] 531027K->469080K(581120K), 0.0016694 secs] [Times: user=0.01 sys=0.00, real=0.00 secs] 
2916.507: [GC (Allocation Failure) [PSYoungGen: 62909K->1469K(68608K)] 530520K->469080K(586752K), 0.0016393 secs] [Times: user=0.00 sys=0.00, real=0.00 secs] 
2917.150: [GC (Allocation Failure) [PSYoungGen: 68541K->1424K(68096K)] 536152K->469034K(586240K), 0.0022254 secs] [Times: user=0.01 sys=0.00, real=0.01 secs] 
2917.944: [GC (Allocation Failure) [PSYoungGen: 67984K->1376K(67584K)] 535594K->468986K(585728K), 0.0035572 secs] [Times: user=0.02 sys=0.00, real=0.00 secs] 
2918.657: [GC (Allocation Failure) [PSYoungGen: 67424K->1344K(67072K)] 535034K->468954K(585216K), 0.0031837 secs] [Times: user=0.01 sys=0.00, real=0.00 secs] 
2919.292: [GC (Allocation Failure) [PSYoungGen: 66880K->1376K(66560K)] 534490K->468986K(584704K), 0.0033811 secs] [Times: user=0.02 sys=0.00, real=0.00 secs] 
2919.891: [GC (Allocation Failure) [PSYoungGen: 66400K->1469K(66048K)] 534010K->469080K(584192K), 0.0028408 secs] [Times: user=0.01 sys=0.00, real=0.00 secs] 
2920.064: [GC (Allocation Failure) [PSYoungGen: 65957K->1469K(65536K)] 533568K->469080K(583680K), 0.0017394 secs] [Times: user=0.01 sys=0.00, real=0.00 secs] 
2920.178: [GC (Allocation Failure) [PSYoungGen: 65469K->1421K(65024K)] 533080K->469040K(583168K), 0.0016775 secs] [Times: user=0.01 sys=0.00, real=0.00 secs] 
2920.290: [GC (Allocation Failure) [PSYoungGen: 64909K->1421K(68096K)] 532528K->469040K(586240K), 0.0016995 secs] [Times: user=0.00 sys=0.00, real=0.01 secs] 
2920.554: [GC (Allocation Failure) [PSYoungGen: 67469K->1424K(71168K)] 535088K->469042K(589312K), 0.0027148 secs] [Times: user=0.01 sys=0.01, real=0.00 secs] 
2920.911: [GC (Allocation Failure) [PSYoungGen: 70544K->1344K(70144K)] 538162K->468978K(588288K), 0.0020749 secs] [Times: user=0.01 sys=0.00, real=0.00 secs] 
2921.207: [GC (Allocation Failure) [PSYoungGen: 69952K->1344K(69632K)] 537586K->468978K(587776K), 0.0019843 secs] [Times: user=0.01 sys=0.00, real=0.00 secs] 
2921.503: [GC (Allocation Failure) [PSYoungGen: 69440K->1344K(69120K)] 537074K->468978K(587264K), 0.0020659 secs] [Times: user=0.00 sys=0.00, real=0.00 secs] 
2921.853: [GC (Allocation Failure) [PSYoungGen: 68928K->1392K(68608K)] 536562K->469027K(586752K), 0.0018247 secs] [Times: user=0.01 sys=0.00, real=0.00 secs] 
2921.977: [GC (Allocation Failure) [PSYoungGen: 68464K->1472K(68096K)] 536099K->469107K(586240K), 0.0017701 secs] [Times: user=0.01 sys=0.00, real=0.00 secs] 
2922.095: [GC (Allocation Failure) [PSYoungGen: 68032K->381K(68608K)] 535667K->469040K(586752K), 0.0017725 secs] [Times: user=0.01 sys=0.00, real=0.00 secs] 
2922.215: [GC (Allocation Failure) [PSYoungGen: 67965K->461K(69632K)] 536624K->469128K(587776K), 0.0016275 secs] [Times: user=0.01 sys=0.00, real=0.00 secs] 
2922.855: [GC (Allocation Failure) [PSYoungGen: 68045K->1456K(68608K)] 536712K->470122K(586752K), 0.0021046 secs] [Times: user=0.00 sys=0.00, real=0.00 secs] 
2924.079: [GC (Allocation Failure) [PSYoungGen: 68528K->1344K(68096K)] 537194K->470010K(586240K), 0.0026978 secs] [Times: user=0.01 sys=0.00, real=0.01 secs] 
2924.957: [GC (Allocation Failure) [PSYoungGen: 67904K->1376K(67584K)] 536570K->470042K(585728K), 0.0023317 secs] [Times: user=0.01 sys=0.00, real=0.00 secs] 
2925.746: [GC (Allocation Failure) [PSYoungGen: 67424K->1392K(67072K)] 536090K->470058K(585216K), 0.0045656 secs] [Times: user=0.02 sys=0.00, real=0.00 secs] 
2926.412: [GC (Allocation Failure) [PSYoungGen: 66928K->1469K(66560K)] 535594K->470136K(584704K), 0.0028502 secs] [Times: user=0.01 sys=0.00, real=0.00 secs] 
2926.586: [GC (Allocation Failure) [PSYoungGen: 66493K->1485K(66048K)] 535160K->470152K(584192K), 0.0018500 secs] [Times: user=0.01 sys=0.00, real=0.00 secs] 
2926.703: [GC (Allocation Failure) [PSYoungGen: 65997K->1469K(65536K)] 534664K->470136K(583680K), 0.0019160 secs] [Times: user=0.01 sys=0.00, real=0.00 secs] 
2926.855: [GC (Allocation Failure) [PSYoungGen: 65469K->1456K(71168K)] 534136K->470131K(589312K), 0.0024181 secs] [Times: user=0.01 sys=0.00, real=0.00 secs] 
2927.136: [GC (Allocation Failure) [PSYoungGen: 71088K->1424K(71680K)] 539763K->470098K(589824K), 0.0023915 secs] [Times: user=0.01 sys=0.00, real=0.00 secs] 
2927.499: [GC (Allocation Failure) [PSYoungGen: 71056K->1424K(71680K)] 539730K->470098K(589824K), 0.0057933 secs] [Times: user=0.02 sys=0.00, real=0.01 secs] 
2927.792: [GC (Allocation Failure) [PSYoungGen: 71056K->1376K(77312K)] 539730K->470050K(595456K), 0.0019672 secs] [Times: user=0.00 sys=0.00, real=0.00 secs] 
2928.180: [GC (Allocation Failure) [PSYoungGen: 77152K->1376K(76800K)] 545826K->470050K(594944K), 0.0019227 secs] [Times: user=0.01 sys=0.00, real=0.01 secs] 
2928.570: [GC (Allocation Failure) [PSYoungGen: 76640K->1504K(76288K)] 545314K->470179K(594432K), 0.0016760 secs] [Times: user=0.01 sys=0.00, real=0.01 secs] 
2928.702: [GC (Allocation Failure) [PSYoungGen: 76256K->1517K(75776K)] 544931K->470192K(593920K), 0.0017081 secs] [Times: user=0.01 sys=0.00, real=0.00 secs] 
2928.857: [GC (Allocation Failure) [PSYoungGen: 75757K->1469K(75264K)] 544432K->470144K(593408K), 0.0019757 secs] [Times: user=0.01 sys=0.00, real=0.00 secs] 
2929.010: [GC (Allocation Failure) [PSYoungGen: 75197K->1472K(74752K)] 543872K->470163K(592896K), 0.0017489 secs] [Times: user=0.01 sys=0.00, real=0.01 secs] 
2930.066: [GC (Allocation Failure) [PSYoungGen: 74688K->1408K(74240K)] 543379K->470098K(592384K), 0.0032160 secs] [Times: user=0.01 sys=0.00, real=0.00 secs] 
2931.029: [GC (Allocation Failure) [PSYoungGen: 74112K->1344K(73728K)] 542802K->470042K(591872K), 0.0041360 secs] [Times: user=0.01 sys=0.00, real=0.01 secs] 
2932.129: [GC (Allocation Failure) [PSYoungGen: 73536K->1344K(73216K)] 542234K->470042K(591360K), 0.0046096 secs] [Times: user=0.02 sys=0.00, real=0.01 secs] 
2933.194: [GC (Allocation Failure) [PSYoungGen: 73024K->1344K(72704K)] 541722K->470042K(590848K), 0.0054337 secs] [Times: user=0.02 sys=0.00, real=0.00 secs] 
2933.455: [GC (Allocation Failure) [PSYoungGen: 72512K->1469K(72192K)] 541210K->470168K(590336K), 0.0021332 secs] [Times: user=0.01 sys=0.00, real=0.00 secs] 
2933.585: [GC (Allocation Failure) [PSYoungGen: 72125K->1440K(71680K)] 540824K->470139K(589824K), 0.0017157 secs] [Times: user=0.01 sys=0.00, real=0.00 secs] 
2933.708: [GC (Allocation Failure) [PSYoungGen: 71570K->1421K(71168K)] 540269K->470120K(589312K), 0.0018477 secs] [Times: user=0.01 sys=0.00, real=0.00 secs] 
2934.096: [GC (Allocation Failure) [PSYoungGen: 71053K->1392K(70656K)] 539752K->470090K(588800K), 0.0020917 secs] [Times: user=0.00 sys=0.00, real=0.00 secs] 
2935.085: [GC (Allocation Failure) [PSYoungGen: 70512K->1376K(70144K)] 539210K->470074K(588288K), 0.0043140 secs] [Times: user=0.01 sys=0.00, real=0.00 secs] 
2935.833: [GC (Allocation Failure) [PSYoungGen: 69984K->1344K(69632K)] 538682K->470042K(587776K), 0.0039395 secs] [Times: user=0.02 sys=0.00, real=0.00 secs] 
2936.536: [GC (Allocation Failure) [PSYoungGen: 69440K->1344K(69120K)] 538138K->470042K(587264K), 0.0035379 secs] [Times: user=0.01 sys=0.00, real=0.00 secs] 
2937.192: [GC (Allocation Failure) [PSYoungGen: 68928K->1472K(68608K)] 537626K->470171K(586752K), 0.0026691 secs] [Times: user=0.02 sys=0.00, real=0.00 secs] 
2937.381: [GC (Allocation Failure) [PSYoungGen: 68544K->1453K(68096K)] 537243K->470152K(586240K), 0.0017695 secs] [Times: user=0.00 sys=0.00, real=0.01 secs] 
2937.499: [GC (Allocation Failure) [PSYoungGen: 68013K->1469K(67584K)] 536712K->470168K(585728K), 0.0016557 secs] [Times: user=0.01 sys=0.00, real=0.01 secs] 
2937.616: [GC (Allocation Failure) [PSYoungGen: 67517K->1453K(67072K)] 536216K->470152K(585216K), 0.0017654 secs] [Times: user=0.01 sys=0.00, real=0.00 secs] 
2937.891: [GC (Allocation Failure) [PSYoungGen: 66989K->1392K(66560K)] 535688K->470098K(584704K), 0.0019503 secs] [Times: user=0.01 sys=0.00, real=0.00 secs] 
2938.419: [GC (Allocation Failure) [PSYoungGen: 66416K->1344K(66048K)] 535122K->470050K(584192K), 0.0019055 secs] [Times: user=0.01 sys=0.00, real=0.01 secs] 
2938.944: [GC (Allocation Failure) [PSYoungGen: 65856K->1376K(65536K)] 534562K->470082K(583680K), 0.0020723 secs] [Times: user=0.01 sys=0.00, real=0.00 secs] 
2939.531: [GC (Allocation Failure) [PSYoungGen: 65376K->1376K(65024K)] 534082K->470082K(583168K), 0.0019130 secs] [Times: user=0.01 sys=0.00, real=0.00 secs] 
2940.049: [GC (Allocation Failure) [PSYoungGen: 64864K->1376K(64512K)] 533570K->470082K(582656K), 0.0029431 secs] [Times: user=0.02 sys=0.00, real=0.01 secs] 
2940.307: [GC (Allocation Failure) [PSYoungGen: 64352K->1469K(64000K)] 533058K->470176K(582144K), 0.0019822 secs] [Times: user=0.00 sys=0.00, real=0.00 secs] 
2940.419: [GC (Allocation Failure) [PSYoungGen: 63933K->1453K(63488K)] 532640K->470160K(581632K), 0.0016330 secs] [Times: user=0.01 sys=0.00, real=0.01 secs] 
2940.529: [GC (Allocation Failure) [PSYoungGen: 63405K->1453K(62976K)] 532112K->470168K(581120K), 0.0018032 secs] [Times: user=0.00 sys=0.00, real=0.01 secs] 
2940.637: [GC (Allocation Failure) [PSYoungGen: 62893K->1469K(63488K)] 531608K->470192K(581632K), 0.0017609 secs] [Times: user=0.00 sys=0.00, real=0.00 secs] 
2940.907: [GC (Allocation Failure) [PSYoungGen: 62909K->1440K(69120K)] 531632K->470162K(587264K), 0.0017463 secs] [Times: user=0.01 sys=0.00, real=0.00 secs] 
2941.186: [GC (Allocation Failure) [PSYoungGen: 68512K->1376K(68096K)] 537234K->470098K(586240K), 0.0015520 secs] [Times: user=0.01 sys=0.00, real=0.00 secs] 
2941.641: [GC (Allocation Failure) [PSYoungGen: 67936K->1376K(67584K)] 536658K->470098K(585728K), 0.0021533 secs] [Times: user=0.01 sys=0.00, real=0.00 secs] 
2942.169: [GC (Allocation Failure) [PSYoungGen: 67424K->1312K(67072K)] 536146K->470034K(585216K), 0.0029627 secs] [Times: user=0.01 sys=0.00, real=0.01 secs] 
2942.540: [GC (Allocation Failure) [PSYoungGen: 66848K->1472K(66560K)] 535570K->470195K(584704K), 0.0020691 secs] [Times: user=0.01 sys=0.00, real=0.01 secs] 
2942.676: [GC (Allocation Failure) [PSYoungGen: 66496K->1440K(66048K)] 535219K->470163K(584192K), 0.0017573 secs] [Times: user=0.01 sys=0.00, real=0.00 secs] 
2942.791: [GC (Allocation Failure) [PSYoungGen: 65952K->1453K(65536K)] 534675K->470184K(583680K), 0.0017271 secs] [Times: user=0.01 sys=0.00, real=0.01 secs] 
2942.905: [GC (Allocation Failure) [PSYoungGen: 65453K->1469K(66048K)] 534184K->470200K(584192K), 0.0016287 secs] [Times: user=0.01 sys=0.00, real=0.00 secs] 
2943.275: [GC (Allocation Failure) [PSYoungGen: 65469K->1456K(71680K)] 534200K->470186K(589824K), 0.0029956 secs] [Times: user=0.01 sys=0.00, real=0.00 secs] 
2944.009: [GC (Allocation Failure) [PSYoungGen: 71088K->1344K(70656K)] 539818K->470074K(588800K), 0.0038750 secs] [Times: user=0.01 sys=0.00, real=0.01 secs] 
2944.865: [GC (Allocation Failure) [PSYoungGen: 70464K->1344K(70144K)] 539194K->470074K(588288K), 0.0052091 secs] [Times: user=0.02 sys=0.00, real=0.00 secs] 
2945.717: [GC (Allocation Failure) [PSYoungGen: 69952K->1344K(69632K)] 538682K->470074K(587776K), 0.0042750 secs] [Times: user=0.02 sys=0.00, real=0.01 secs] 
2946.382: [GC (Allocation Failure) [PSYoungGen: 69440K->1405K(69120K)] 538170K->470136K(587264K), 0.0024993 secs] [Times: user=0.01 sys=0.00, real=0.00 secs] 
2946.538: [GC (Allocation Failure) [PSYoungGen: 68989K->1440K(68608K)] 537720K->470171K(586752K), 0.0017898 secs] [Times: user=0.01 sys=0.01, real=0.00 secs] 
2946.669: [GC (Allocation Failure) [PSYoungGen: 68512K->1472K(68096K)] 537243K->470203K(586240K), 0.0017987 secs] [Times: user=0.01 sys=0.01, real=0.00 secs] 
2946.820: [GC (Allocation Failure) [PSYoungGen: 68032K->1469K(68608K)] 536763K->470216K(586752K), 0.0020573 secs] [Times: user=0.00 sys=0.00, real=0.01 secs] 
2947.067: [GC (Allocation Failure) [PSYoungGen: 68029K->1424K(67584K)] 536776K->470170K(585728K), 0.0020838 secs] [Times: user=0.01 sys=0.00, real=0.00 secs] 
2947.351: [GC (Allocation Failure) [PSYoungGen: 67472K->1312K(67072K)] 536218K->470058K(585216K), 0.0022879 secs] [Times: user=0.01 sys=0.00, real=0.00 secs] 
2947.624: [GC (Allocation Failure) [PSYoungGen: 66848K->1344K(66560K)] 535594K->470090K(584704K), 0.0020986 secs] [Times: user=0.01 sys=0.00, real=0.00 secs] 
2947.894: [GC (Allocation Failure) [PSYoungGen: 66368K->1344K(66048K)] 535114K->470090K(584192K), 0.0031632 secs] [Times: user=0.02 sys=0.00, real=0.00 secs] 
2948.164: [GC (Allocation Failure) [PSYoungGen: 65856K->1485K(65536K)] 534602K->470232K(583680K), 0.0022654 secs] [Times: user=0.01 sys=0.01, real=0.00 secs] 
2948.313: [GC (Allocation Failure) [PSYoungGen: 65485K->1453K(65024K)] 534232K->470200K(583168K), 0.0017211 secs] [Times: user=0.00 sys=0.00, real=0.00 secs] 
2948.424: [GC (Allocation Failure) [PSYoungGen: 64941K->1440K(70656K)] 533688K->470187K(588800K), 0.0016671 secs] [Times: user=0.01 sys=0.00, real=0.00 secs] 
2948.548: [GC (Allocation Failure) [PSYoungGen: 70560K->1501K(71168K)] 539307K->470256K(589312K), 0.0017802 secs] [Times: user=0.01 sys=0.00, real=0.00 secs] 
2948.789: [GC (Allocation Failure) [PSYoungGen: 70621K->1440K(76800K)] 539376K->470194K(594944K), 0.0021045 secs] [Times: user=0.01 sys=0.00, real=0.01 secs] 
2949.102: [GC (Allocation Failure) [PSYoungGen: 76704K->1344K(76288K)] 545458K->470114K(594432K), 0.0019421 secs] [Times: user=0.01 sys=0.00, real=0.00 secs] 
2949.412: [GC (Allocation Failure) [PSYoungGen: 76096K->1344K(75776K)] 544866K->470114K(593920K), 0.0018837 secs] [Times: user=0.01 sys=0.00, real=0.00 secs] 
2949.935: [GC (Allocation Failure) [PSYoungGen: 75584K->1344K(75264K)] 544354K->470122K(593408K), 0.0033218 secs] [Times: user=0.01 sys=0.00, real=0.00 secs] 
2950.391: [GC (Allocation Failure) [PSYoungGen: 75072K->1488K(74752K)] 543850K->470267K(592896K), 0.0021441 secs] [Times: user=0.01 sys=0.00, real=0.01 secs] 
2950.531: [GC (Allocation Failure) [PSYoungGen: 74704K->1453K(74240K)] 543483K->470232K(592384K), 0.0018431 secs] [Times: user=0.01 sys=0.00, real=0.00 secs] 
2950.660: [GC (Allocation Failure) [PSYoungGen: 74157K->1453K(73728K)] 542936K->470232K(591872K), 0.0016726 secs] [Times: user=0.01 sys=0.00, real=0.01 secs] 
2950.787: [GC (Allocation Failure) [PSYoungGen: 73645K->365K(74240K)] 542424K->469152K(592384K), 0.0016492 secs] [Times: user=0.00 sys=0.00, real=0.00 secs] 
2951.584: [GC (Allocation Failure) [PSYoungGen: 72557K->1408K(73216K)] 541344K->470194K(591360K), 0.0020534 secs] [Times: user=0.01 sys=0.00, real=0.00 secs] 
2952.458: [GC (Allocation Failure) [PSYoungGen: 73088K->1376K(72704K)] 541874K->470162K(590848K), 0.0054094 secs] [Times: user=0.01 sys=0.00, real=0.01 secs] 
2953.590: [GC (Allocation Failure) [PSYoungGen: 72544K->1408K(72192K)] 541330K->470194K(590336K), 0.0042555 secs] [Times: user=0.02 sys=0.00, real=0.01 secs] 
2954.715: [GC (Allocation Failure) [PSYoungGen: 72038K->1504K(71680K)] 540825K->470291K(589824K), 0.0128587 secs] [Times: user=0.02 sys=0.05, real=0.01 secs] 
2954.955: [GC (Allocation Failure) [PSYoungGen: 71648K->1504K(71168K)] 540435K->470291K(589312K), 0.0020879 secs] [Times: user=0.01 sys=0.00, real=0.00 secs] 
2955.083: [GC (Allocation Failure) [PSYoungGen: 71136K->1504K(70656K)] 539923K->470291K(588800K), 0.0017718 secs] [Times: user=0.00 sys=0.00, real=0.00 secs] 
2955.206: [GC (Allocation Failure) [PSYoungGen: 70624K->1485K(76800K)] 539411K->470272K(594944K), 0.0015952 secs] [Times: user=0.00 sys=0.00, real=0.00 secs] 
2955.457: [GC (Allocation Failure) [PSYoungGen: 76749K->1488K(76288K)] 545536K->470298K(594432K), 0.0018723 secs] [Times: user=0.00 sys=0.00, real=0.00 secs] 
2955.963: [GC (Allocation Failure) [PSYoungGen: 76240K->1424K(75776K)] 545050K->470234K(593920K), 0.0019633 secs] [Times: user=0.01 sys=0.00, real=0.00 secs] 
2956.594: [GC (Allocation Failure) [PSYoungGen: 75664K->1376K(75264K)] 544474K->470186K(593408K), 0.0022571 secs] [Times: user=0.01 sys=0.00, real=0.00 secs] 
2957.232: [GC (Allocation Failure) [PSYoungGen: 75104K->1408K(74752K)] 543914K->470218K(592896K), 0.0022702 secs] [Times: user=0.00 sys=0.00, real=0.00 secs] 
2957.590: [GC (Allocation Failure) [PSYoungGen: 74624K->1517K(74240K)] 543434K->470336K(592384K), 0.0018371 secs] [Times: user=0.01 sys=0.00, real=0.01 secs] 
2957.719: [GC (Allocation Failure) [PSYoungGen: 74221K->1469K(73728K)] 543040K->470288K(591872K), 0.0017447 secs] [Times: user=0.00 sys=0.00, real=0.00 secs] 
2957.846: [GC (Allocation Failure) [PSYoungGen: 73661K->1501K(73216K)] 542480K->470320K(591360K), 0.0017418 secs] [Times: user=0.01 sys=0.00, real=0.00 secs] 
2957.974: [GC (Allocation Failure) [PSYoungGen: 73181K->1408K(72704K)] 542000K->470226K(590848K), 0.0017279 secs] [Times: user=0.00 sys=0.00, real=0.00 secs] 
2958.895: [GC (Allocation Failure) [PSYoungGen: 72576K->1376K(72192K)] 541394K->470194K(590336K), 0.0030094 secs] [Times: user=0.01 sys=0.00, real=0.00 secs] 
2959.186: [GC (Allocation Failure) [PSYoungGen: 72032K->1344K(71680K)] 540850K->470162K(589824K), 0.0022960 secs] [Times: user=0.01 sys=0.00, real=0.00 secs] 
2959.481: [GC (Allocation Failure) [PSYoungGen: 71488K->1376K(71168K)] 540306K->470194K(589312K), 0.0024186 secs] [Times: user=0.01 sys=0.00, real=0.00 secs] 
2959.792: [GC (Allocation Failure) [PSYoungGen: 71008K->1424K(70656K)] 539826K->470259K(588800K), 0.0021651 secs] [Times: user=0.01 sys=0.00, real=0.00 secs] 
2959.939: [GC (Allocation Failure) [PSYoungGen: 70544K->1421K(70144K)] 539379K->470256K(588288K), 0.0017473 secs] [Times: user=0.00 sys=0.00, real=0.00 secs] 
2960.059: [GC (Allocation Failure) [PSYoungGen: 70029K->1501K(70656K)] 538864K->470336K(588800K), 0.0024109 secs] [Times: user=0.01 sys=0.00, real=0.01 secs] 
2960.180: [GC (Allocation Failure) [PSYoungGen: 70109K->1469K(70656K)] 538944K->470304K(588800K), 0.0016762 secs] [Times: user=0.00 sys=0.00, real=0.01 secs] 
2960.662: [GC (Allocation Failure) [PSYoungGen: 70077K->1408K(76288K)] 538912K->470250K(594432K), 0.0024791 secs] [Times: user=0.01 sys=0.00, real=0.00 secs] 
2961.728: [GC (Allocation Failure) [PSYoungGen: 76160K->1344K(75776K)] 545002K->470186K(593920K), 0.0042564 secs] [Times: user=0.01 sys=0.00, real=0.01 secs] 
2962.686: [GC (Allocation Failure) [PSYoungGen: 75584K->1344K(75264K)] 544426K->470186K(593408K), 0.0026530 secs] [Times: user=0.01 sys=0.00, real=0.00 secs] 
2963.170: [GC (Allocation Failure) [PSYoungGen: 75072K->1344K(74752K)] 543914K->470186K(592896K), 0.0020569 secs] [Times: user=0.01 sys=0.00, real=0.01 secs] 
2963.530: [GC (Allocation Failure) [PSYoungGen: 74560K->1472K(74240K)] 543402K->470315K(592384K), 0.0017641 secs] [Times: user=0.00 sys=0.00, real=0.01 secs] 
2963.659: [GC (Allocation Failure) [PSYoungGen: 74176K->1472K(73728K)] 543019K->470315K(591872K), 0.0018217 secs] [Times: user=0.00 sys=0.00, real=0.01 secs] 
2963.786: [GC (Allocation Failure) [PSYoungGen: 73664K->1421K(73216K)] 542507K->470264K(591360K), 0.0016739 secs] [Times: user=0.00 sys=0.00, real=0.00 secs] 
2963.912: [GC (Allocation Failure) [PSYoungGen: 73101K->1421K(72704K)] 541944K->470272K(590848K), 0.0016143 secs] [Times: user=0.01 sys=0.00, real=0.00 secs] 
2965.304: [GC (Allocation Failure) [PSYoungGen: 72589K->2016K(72704K)] 541440K->471940K(590848K), 0.0024290 secs] [Times: user=0.01 sys=0.00, real=0.00 secs] 
2972.062: [GC (Allocation Failure) [PSYoungGen: 72672K->2528K(72704K)] 542596K->484253K(590848K), 0.0217864 secs] [Times: user=0.10 sys=0.01, real=0.02 secs] 
2981.736: [GC (Allocation Failure) [PSYoungGen: 72672K->7136K(68096K)] 554397K->510181K(586240K), 0.0302077 secs] [Times: user=0.09 sys=0.08, real=0.03 secs] 
2982.261: [GC (Allocation Failure) [PSYoungGen: 68064K->16352K(77312K)] 571109K->537685K(600064K), 0.0256701 secs] [Times: user=0.12 sys=0.03, real=0.02 secs] 
2982.287: [Full GC (Ergonomics) [PSYoungGen: 16352K->0K(77312K)] [ParOldGen: 521333K->78289K(456192K)] 537685K->78289K(533504K), [Metaspace: 59858K->59758K(1105920K)], 0.2420832 secs] [Times: user=1.10 sys=0.03, real=0.24 secs] 
2982.594: [GC (Allocation Failure) [PSYoungGen: 60928K->26096K(88576K)] 139217K->107282K(544768K), 0.0372018 secs] [Times: user=0.20 sys=0.02, real=0.04 secs] 
2982.674: [GC (Allocation Failure) [PSYoungGen: 88560K->31712K(94208K)] 169746K->140265K(550400K), 0.0240732 secs] [Times: user=0.13 sys=0.00, real=0.02 secs] 
2984.897: [GC (Allocation Failure) [PSYoungGen: 94176K->47600K(108032K)] 202729K->169698K(564224K), 0.0628076 secs] [Times: user=0.30 sys=0.04, real=0.06 secs] 
2991.954: [GC (GCLocker Initiated GC) [PSYoungGen: 108016K->61424K(121856K)] 230114K->197674K(578048K), 0.0545587 secs] [Times: user=0.31 sys=0.01, real=0.05 secs] 
2992.447: [GC (Allocation Failure) [PSYoungGen: 121840K->77792K(131072K)] 258092K->225523K(587264K), 0.0355056 secs] [Times: user=0.19 sys=0.02, real=0.04 secs] 
2993.399: [GC (Allocation Failure) [PSYoungGen: 131040K->96224K(149504K)] 278771K->250707K(605696K), 0.0267816 secs] [Times: user=0.16 sys=0.00, real=0.03 secs] 
2996.025: [GC (Allocation Failure) [PSYoungGen: 149472K->101656K(163840K)] 303955K->261500K(620032K), 0.0378945 secs] [Times: user=0.21 sys=0.01, real=0.04 secs] 
2996.154: [GC (Allocation Failure) [PSYoungGen: 149272K->71840K(179200K)] 309116K->261500K(635392K), 0.0320557 secs] [Times: user=0.19 sys=0.00, real=0.03 secs] 
2996.286: [GC (Allocation Failure) [PSYoungGen: 119333K->18512K(182784K)] 308994K->269493K(638976K), 0.0310880 secs] [Times: user=0.18 sys=0.00, real=0.03 secs] 
2996.360: [GC (Allocation Failure) [PSYoungGen: 75344K->29856K(186368K)] 326325K->291444K(642560K), 0.0130910 secs] [Times: user=0.08 sys=0.00, real=0.02 secs] 
2997.558: [GC (Allocation Failure) [PSYoungGen: 86688K->27424K(181248K)] 348276K->314931K(637440K), 0.0538688 secs] [Times: user=0.31 sys=0.00, real=0.06 secs] 
2997.727: [GC (Allocation Failure) [PSYoungGen: 95520K->32320K(186368K)] 383027K->347031K(642560K), 0.0314009 secs] [Times: user=0.19 sys=0.00, real=0.03 secs] 
2997.824: [GC (Allocation Failure) [PSYoungGen: 100416K->35712K(181248K)] 415127K->382655K(637440K), 0.0239507 secs] [Times: user=0.14 sys=0.00, real=0.02 secs] 
2997.903: [GC (Allocation Failure) [PSYoungGen: 117120K->39360K(187392K)] 464063K->421943K(643584K), 0.0218508 secs] [Times: user=0.13 sys=0.00, real=0.02 secs] 
2997.972: [GC (Allocation Failure) [PSYoungGen: 120768K->46880K(189952K)] 503351K->468792K(646144K), 0.0324280 secs] [Times: user=0.19 sys=0.00, real=0.03 secs] 
2998.004: [Full GC (Ergonomics) [PSYoungGen: 46880K->0K(189952K)] [ParOldGen: 421911K->207797K(633344K)] 468792K->207797K(823296K), [Metaspace: 59993K->59993K(1105920K)], 0.4907765 secs] [Times: user=2.29 sys=0.00, real=0.49 secs] 
2998.835: [GC (Allocation Failure) [PSYoungGen: 97280K->44864K(193536K)] 305077K->252661K(826880K), 0.0628085 secs] [Times: user=0.37 sys=0.01, real=0.06 secs] 
2999.813: [GC (Allocation Failure) [PSYoungGen: 142144K->3600K(206336K)] 349941K->256183K(839680K), 0.0643819 secs] [Times: user=0.38 sys=0.01, real=0.06 secs] 
3000.746: [GC (Allocation Failure) [PSYoungGen: 117776K->42432K(207872K)] 370359K->296789K(841216K), 0.0233758 secs] [Times: user=0.11 sys=0.01, real=0.02 secs] 
3001.078: [GC (Allocation Failure) [PSYoungGen: 155120K->53408K(224256K)] 409478K->347382K(857600K), 0.0354664 secs] [Times: user=0.21 sys=0.00, real=0.04 secs] 
3001.216: [GC (Allocation Failure) [PSYoungGen: 188064K->67312K(224768K)] 482038K->410450K(858112K), 0.0291456 secs] [Times: user=0.17 sys=0.00, real=0.03 secs] 
3001.330: [GC (Allocation Failure) [PSYoungGen: 201968K->72288K(249856K)] 545106K->474418K(883200K), 0.0359877 secs] [Times: user=0.20 sys=0.01, real=0.04 secs] 
3002.354: [GC (Allocation Failure) [PSYoungGen: 226400K->26736K(255488K)] 628530K->500930K(888832K), 0.0372829 secs] [Times: user=0.22 sys=0.00, real=0.04 secs] 
3004.381: [GC (Allocation Failure) [PSYoungGen: 180848K->67968K(278016K)] 655042K->567962K(911360K), 0.0506157 secs] [Times: user=0.25 sys=0.03, real=0.05 secs] 
3005.675: [GC (Allocation Failure) [PSYoungGen: 247168K->88000K(281600K)] 747162K->651346K(914944K), 0.1059521 secs] [Times: user=0.44 sys=0.16, real=0.10 secs] 
3005.781: [Full GC (Ergonomics) [PSYoungGen: 88000K->0K(281600K)] [ParOldGen: 563346K->170966K(660480K)] 651346K->170966K(942080K), [Metaspace: 60007K->60007K(1105920K)], 0.4288223 secs] [Times: user=2.03 sys=0.00, real=0.43 secs] 
3010.105: [GC (Allocation Failure) [PSYoungGen: 179200K->89248K(315392K)] 350166K->260214K(975872K), 0.0744656 secs] [Times: user=0.33 sys=0.11, real=0.07 secs] 
3012.351: [GC (Allocation Failure) [PSYoungGen: 292000K->41216K(323584K)] 462966K->301438K(984064K), 0.0968733 secs] [Times: user=0.57 sys=0.01, real=0.09 secs] 
3012.635: [GC (Allocation Failure) [PSYoungGen: 243968K->95520K(339968K)] 504190K->393603K(1000448K), 0.0353448 secs] [Times: user=0.18 sys=0.03, real=0.03 secs] 
3016.405: [GC (GCLocker Initiated GC) [PSYoungGen: 319264K->111536K(349696K)] 617348K->496445K(1010176K), 0.1105465 secs] [Times: user=0.65 sys=0.00, real=0.11 secs] 
3018.242: [GC (Allocation Failure) [PSYoungGen: 335280K->52176K(384000K)] 720192K->548584K(1044480K), 0.1060882 secs] [Times: user=0.63 sys=0.01, real=0.10 secs] 
3018.609: [GC (Allocation Failure) [PSYoungGen: 309712K->123440K(390656K)] 806120K->668036K(1051136K), 0.0392435 secs] [Times: user=0.23 sys=0.00, real=0.04 secs] 
3018.648: [Full GC (Ergonomics) [PSYoungGen: 123440K->0K(390656K)] [ParOldGen: 544596K->181831K(731136K)] 668036K->181831K(1121792K), [Metaspace: 60009K->60009K(1105920K)], 0.4326077 secs] [Times: user=2.02 sys=0.00, real=0.43 secs] 
3021.303: [GC (Allocation Failure) [PSYoungGen: 257536K->84064K(436736K)] 439367K->265895K(1167872K), 0.0410001 secs] [Times: user=0.19 sys=0.05, real=0.04 secs] 
3023.805: [GC (Allocation Failure) [PSYoungGen: 378976K->130048K(441856K)] 560807K->394816K(1172992K), 0.0526712 secs] [Times: user=0.31 sys=0.00, real=0.05 secs] 
3025.752: [GC (Allocation Failure) [PSYoungGen: 424960K->115936K(491008K)] 689728K->501560K(1222144K), 0.0669582 secs] [Times: user=0.36 sys=0.03, real=0.06 secs] 
3028.111: [GC (Allocation Failure) [PSYoungGen: 445152K->129520K(497152K)] 830776K->630761K(1228288K), 0.0544048 secs] [Times: user=0.32 sys=0.00, real=0.05 secs] 
3031.146: [GC (Allocation Failure) [PSYoungGen: 458736K->2944K(512000K)] 959977K->504232K(1243136K), 0.0023294 secs] [Times: user=0.01 sys=0.00, real=0.00 secs] 
3033.065: [GC (Allocation Failure) [PSYoungGen: 337280K->152160K(486912K)] 838568K->654511K(1218048K), 0.0291346 secs] [Times: user=0.17 sys=0.00, real=0.03 secs] 
3035.007: [GC (Allocation Failure) [PSYoungGen: 486496K->117152K(497152K)] 988847K->754271K(1228288K), 0.1307042 secs] [Times: user=0.61 sys=0.16, real=0.13 secs] 
3035.137: [Full GC (Ergonomics) [PSYoungGen: 117152K->0K(497152K)] [ParOldGen: 637119K->30564K(685056K)] 754271K->30564K(1182208K), [Metaspace: 60018K->60018K(1105920K)], 0.0549060 secs] [Times: user=0.18 sys=0.02, real=0.06 secs] 
3037.938: [GC (Allocation Failure) [PSYoungGen: 297472K->135968K(433664K)] 328036K->166532K(1118720K), 0.0273783 secs] [Times: user=0.16 sys=0.00, real=0.03 secs] 
3039.119: [GC (Allocation Failure) [PSYoungGen: 433440K->103536K(498688K)] 464004K->260401K(1183744K), 0.0627370 secs] [Times: user=0.37 sys=0.00, real=0.07 secs] 
3040.083: [GC (Allocation Failure) [PSYoungGen: 394864K->127616K(491520K)] 551729K->386545K(1176576K), 0.0572018 secs] [Times: user=0.33 sys=0.00, real=0.05 secs] 
3041.733: [GC (Allocation Failure) [PSYoungGen: 418944K->118656K(496128K)] 677873K->495693K(1181184K), 0.0624870 secs] [Times: user=0.37 sys=0.00, real=0.06 secs] 
3043.385: [GC (Allocation Failure) [PSYoungGen: 412544K->112112K(406016K)] 789581K->607430K(1091072K), 0.0607503 secs] [Times: user=0.36 sys=0.00, real=0.06 secs] 
3043.446: [Full GC (Ergonomics) [PSYoungGen: 112112K->0K(406016K)] [ParOldGen: 495317K->127807K(854016K)] 607430K->127807K(1260032K), [Metaspace: 60027K->60027K(1105920K)], 0.2892433 secs] [Times: user=1.33 sys=0.00, real=0.29 secs] 
3045.254: [GC (Allocation Failure) [PSYoungGen: 293888K->136000K(487936K)] 421695K->263807K(1341952K), 0.0519095 secs] [Times: user=0.30 sys=0.00, real=0.05 secs] 
3047.807: [GC (Allocation Failure) [PSYoungGen: 429376K->92928K(491520K)] 557183K->356647K(1345536K), 0.0947242 secs] [Times: user=0.56 sys=0.00, real=0.10 secs] 
3048.558: [GC (Allocation Failure) [PSYoungGen: 386304K->143296K(491008K)] 650023K->494024K(1345024K), 0.0801729 secs] [Times: user=0.45 sys=0.03, real=0.08 secs] 
3052.877: [GC (Allocation Failure) [PSYoungGen: 443328K->83776K(497152K)] 794056K->577776K(1351168K), 0.1038875 secs] [Times: user=0.62 sys=0.00, real=0.11 secs] 
3053.299: [GC (Allocation Failure) [PSYoungGen: 383808K->142912K(495616K)] 877808K->714752K(1349632K), 0.0631045 secs] [Times: user=0.37 sys=0.00, real=0.07 secs] 
3056.430: [GC (Allocation Failure) [PSYoungGen: 446528K->88576K(501248K)] 1018368K->802833K(1355264K), 0.1181462 secs] [Times: user=0.62 sys=0.08, real=0.12 secs] 
3056.549: [Full GC (Ergonomics) [PSYoungGen: 88576K->0K(501248K)] [ParOldGen: 714256K->79086K(847872K)] 802833K->79086K(1349120K), [Metaspace: 60039K->60039K(1105920K)], 0.1863471 secs] [Times: user=0.85 sys=0.00, real=0.19 secs] 
3057.507: [GC (Allocation Failure) [PSYoungGen: 303616K->147424K(493568K)] 382702K->226510K(1341440K), 0.0485561 secs] [Times: user=0.29 sys=0.01, real=0.05 secs] 
3060.296: [GC (Allocation Failure) [PSYoungGen: 448992K->87264K(500224K)] 528078K->313679K(1348096K), 0.1390665 secs] [Times: user=0.81 sys=0.01, real=0.14 secs] 
3060.716: [GC (Allocation Failure) [PSYoungGen: 388832K->145760K(494080K)] 615247K->453559K(1341952K), 0.0525869 secs] [Times: user=0.30 sys=0.00, real=0.05 secs] 
3065.293: [GC (Allocation Failure) [PSYoungGen: 446304K->86304K(499712K)] 754103K->539435K(1347584K), 0.1637368 secs] [Times: user=0.98 sys=0.00, real=0.16 secs] 
3065.951: [GC (Allocation Failure) [PSYoungGen: 386848K->144480K(495104K)] 839979K->679980K(1342976K), 0.0500507 secs] [Times: user=0.29 sys=0.00, real=0.05 secs] 
3068.382: [GC (Allocation Failure) [PSYoungGen: 445024K->95456K(396288K)] 980524K->766968K(1244160K), 0.1576117 secs] [Times: user=0.94 sys=0.00, real=0.15 secs] 
3068.539: [Full GC (Ergonomics) [PSYoungGen: 95456K->0K(396288K)] [ParOldGen: 671512K->45867K(841728K)] 766968K->45867K(1238016K), [Metaspace: 60059K->60059K(1105920K)], 0.1337143 secs] [Times: user=0.57 sys=0.00, real=0.14 secs] 
3069.880: [GC (Allocation Failure) [PSYoungGen: 300544K->142320K(495104K)] 346411K->188188K(1336832K), 0.0286933 secs] [Times: user=0.16 sys=0.00, real=0.03 secs] 
3071.682: [GC (Allocation Failure) [PSYoungGen: 443888K->97920K(498688K)] 489756K->277328K(1340416K), 0.0647542 secs] [Times: user=0.39 sys=0.00, real=0.06 secs] 
3073.506: [GC (Allocation Failure) [PSYoungGen: 399488K->137568K(498176K)] 578896K->412549K(1339904K), 0.0491484 secs] [Times: user=0.29 sys=0.00, real=0.05 secs] 
3075.238: [GC (Allocation Failure) [PSYoungGen: 444256K->103840K(499712K)] 719237K->507305K(1341440K), 0.0630007 secs] [Times: user=0.37 sys=0.00, real=0.07 secs] 
3077.684: [GC (Allocation Failure) [PSYoungGen: 410528K->139776K(498688K)] 813993K->645330K(1340416K), 0.0516246 secs] [Times: user=0.30 sys=0.00, real=0.05 secs] 
3079.921: [GC (Allocation Failure) [PSYoungGen: 451584K->107120K(501248K)] 957138K->743891K(1342976K), 0.0644105 secs] [Times: user=0.38 sys=0.00, real=0.06 secs] 
3079.985: [Full GC (Ergonomics) [PSYoungGen: 107120K->0K(501248K)] [ParOldGen: 636770K->24966K(848896K)] 743891K->24966K(1350144K), [Metaspace: 60069K->60069K(1105920K)], 0.0366415 secs] [Times: user=0.11 sys=0.00, real=0.04 secs] 
3082.696: [GC (Allocation Failure) [PSYoungGen: 311808K->137824K(505344K)] 336774K->162790K(1354240K), 0.0279349 secs] [Times: user=0.16 sys=0.00, real=0.03 secs] 
3084.770: [GC (Allocation Failure) [PSYoungGen: 459360K->113408K(506368K)] 484326K->267318K(1355264K), 0.0643022 secs] [Times: user=0.38 sys=0.00, real=0.07 secs] 
3087.268: [GC (Allocation Failure) [PSYoungGen: 434944K->144288K(505856K)] 588854K->409927K(1354752K), 0.0545129 secs] [Times: user=0.32 sys=0.01, real=0.06 secs] 
3089.649: [GC (Allocation Failure) [PSYoungGen: 470944K->112624K(509440K)] 736583K->512956K(1358336K), 0.1386582 secs] [Times: user=0.83 sys=0.00, real=0.14 secs] 
3091.507: [GC (Allocation Failure) [PSYoungGen: 439280K->148672K(510464K)] 839612K->659436K(1359360K), 0.0558014 secs] [Times: user=0.32 sys=0.01, real=0.06 secs] 
3093.885: [GC (Allocation Failure) [PSYoungGen: 480960K->114048K(515072K)] 991724K->764396K(1363968K), 0.1425502 secs] [Times: user=0.83 sys=0.01, real=0.14 secs] 
3094.027: [Full GC (Ergonomics) [PSYoungGen: 114048K->0K(515072K)] [ParOldGen: 650348K->47044K(906752K)] 764396K->47044K(1421824K), [Metaspace: 60078K->60078K(1105920K)], 0.1284785 secs] [Times: user=0.55 sys=0.00, real=0.13 secs] 
3095.096: [GC (Allocation Failure) [PSYoungGen: 332288K->156576K(505344K)] 379332K->203620K(1412096K), 0.0349239 secs] [Times: user=0.19 sys=0.03, real=0.04 secs] 
3100.763: [GC (Allocation Failure) [PSYoungGen: 483744K->103744K(513024K)] 530788K->298317K(1419776K), 0.1767988 secs] [Times: user=1.06 sys=0.00, real=0.17 secs] 
3101.629: [GC (Allocation Failure) [PSYoungGen: 415778K->148064K(509440K)] 610351K->442174K(1416192K), 0.0500774 secs] [Times: user=0.30 sys=0.00, real=0.05 secs] 
3104.752: [GC (Allocation Failure) [PSYoungGen: 474208K->108368K(512512K)] 768318K->541854K(1419264K), 0.1688436 secs] [Times: user=0.99 sys=0.01, real=0.17 secs] 
3105.957: [GC (Allocation Failure) [PSYoungGen: 434512K->154448K(504320K)] 867998K->692095K(1411072K), 0.0528855 secs] [Times: user=0.31 sys=0.00, real=0.05 secs] 
3109.859: [GC (Allocation Failure) [PSYoungGen: 475472K->95312K(509952K)] 1013119K->786971K(1416704K), 0.1653659 secs] [Times: user=0.98 sys=0.00, real=0.17 secs] 
3110.418: [GC (Allocation Failure) [PSYoungGen: 416336K->155792K(499712K)] 1107995K->936712K(1406464K), 0.0574821 secs] [Times: user=0.32 sys=0.02, real=0.06 secs] 
3110.476: [Full GC (Ergonomics) [PSYoungGen: 155792K->0K(499712K)] [ParOldGen: 780919K->215617K(1100288K)] 936712K->215617K(1600000K), [Metaspace: 60084K->60084K(1105920K)], 0.5026649 secs] [Times: user=2.37 sys=0.00, real=0.50 secs] 
3113.709: [GC (Allocation Failure) [PSYoungGen: 311808K->91360K(505344K)] 527425K->306977K(1605632K), 0.1454381 secs] [Times: user=0.87 sys=0.00, real=0.15 secs] 
3114.249: [GC (Allocation Failure) [PSYoungGen: 403168K->150304K(499712K)] 618785K->451102K(1600000K), 0.0847120 secs] [Times: user=0.50 sys=0.00, real=0.09 secs] 
3118.228: [GC (Allocation Failure) [PSYoungGen: 456992K->88640K(502784K)] 757790K->539646K(1603072K), 0.1557999 secs] [Times: user=0.93 sys=0.00, real=0.16 secs] 
3118.784: [GC (Allocation Failure) [PSYoungGen: 386400K->139776K(500736K)] 837407K->675427K(1601024K), 0.0482216 secs] [Times: user=0.29 sys=0.00, real=0.05 secs] 
3121.264: [GC (Allocation Failure) [PSYoungGen: 447488K->99040K(502272K)] 983139K->765711K(1602560K), 0.1438581 secs] [Times: user=0.86 sys=0.01, real=0.14 secs] 
3122.107: [GC (Allocation Failure) [PSYoungGen: 406752K->146720K(500224K)] 1073423K->908616K(1600512K), 0.0490048 secs] [Times: user=0.29 sys=0.00, real=0.05 secs] 
3125.783: [GC (Allocation Failure) [PSYoungGen: 455456K->99568K(502784K)] 1217352K->999741K(1603072K), 0.1726822 secs] [Times: user=0.88 sys=0.15, real=0.17 secs] 
3125.955: [Full GC (Ergonomics) [PSYoungGen: 99568K->0K(502784K)] [ParOldGen: 900172K->46535K(951296K)] 999741K->46535K(1454080K), [Metaspace: 60088K->60088K(1105920K)], 0.1318954 secs] [Times: user=0.55 sys=0.00, real=0.13 secs] 
3127.138: [GC (Allocation Failure) [PSYoungGen: 308736K->145200K(502272K)] 355271K->191735K(1453568K), 0.0292759 secs] [Times: user=0.17 sys=0.00, real=0.03 secs] 
3131.034: [GC (Allocation Failure) [PSYoungGen: 455977K->102256K(504320K)] 502512K->284891K(1455616K), 0.1530984 secs] [Times: user=0.92 sys=0.00, real=0.15 secs] 
3133.052: [GC (Allocation Failure) [PSYoungGen: 413552K->151824K(500736K)] 596187K->433424K(1452032K), 0.0509390 secs] [Times: user=0.29 sys=0.01, real=0.05 secs] 
3135.490: [GC (Allocation Failure) [PSYoungGen: 462608K->101872K(504832K)] 744208K->517992K(1456128K), 0.1640357 secs] [Times: user=0.97 sys=0.01, real=0.17 secs] 
3137.867: [GC (Allocation Failure) [PSYoungGen: 412656K->144608K(504320K)] 828776K->659460K(1455616K), 0.0519822 secs] [Times: user=0.31 sys=0.00, real=0.05 secs] 
3139.548: [GC (Allocation Failure) [PSYoungGen: 457952K->105280K(418816K)] 972804K->755568K(1370112K), 0.1352272 secs] [Times: user=0.81 sys=0.00, real=0.14 secs] 
3142.516: [GC (Allocation Failure) [PSYoungGen: 418624K->144192K(502784K)] 1068912K->896693K(1454080K), 0.0535663 secs] [Times: user=0.31 sys=0.00, real=0.05 secs] 
3144.601: [GC (Allocation Failure) [PSYoungGen: 458048K->105104K(504320K)] 1210549K->992686K(1455616K), 0.1614315 secs] [Times: user=0.95 sys=0.00, real=0.16 secs] 
3144.763: [Full GC (Ergonomics) [PSYoungGen: 105104K->0K(504320K)] [ParOldGen: 887581K->34661K(958976K)] 992686K->34661K(1463296K), [Metaspace: 60095K->60095K(1105920K)], 0.0940453 secs] [Times: user=0.36 sys=0.00, real=0.09 secs] 
3147.479: [GC (Allocation Failure) [PSYoungGen: 313856K->144512K(505344K)] 348517K->179173K(1464320K), 0.0289611 secs] [Times: user=0.17 sys=0.01, real=0.03 secs] 
3148.838: [GC (Allocation Failure) [PSYoungGen: 462464K->104544K(506880K)] 497125K->274425K(1465856K), 0.0639526 secs] [Times: user=0.38 sys=0.00, real=0.07 secs] 
3151.467: [GC (Allocation Failure) [PSYoungGen: 422496K->147424K(505344K)] 592377K->418758K(1464320K), 0.0520485 secs] [Times: user=0.30 sys=0.00, real=0.05 secs] 
3153.160: [GC (Allocation Failure) [PSYoungGen: 466912K->109344K(508416K)] 738246K->519042K(1467392K), 0.1158460 secs] [Times: user=0.69 sys=0.01, real=0.12 secs] 
3154.515: [GC (Allocation Failure) [PSYoungGen: 428832K->148416K(506880K)] 838530K->664427K(1465856K), 0.0535136 secs] [Times: user=0.32 sys=0.00, real=0.05 secs] 
3157.965: [GC (Allocation Failure) [PSYoungGen: 469952K->105216K(509440K)] 985963K->760483K(1468416K), 0.1525512 secs] [Times: user=0.90 sys=0.00, real=0.15 secs] 
3158.888: [GC (Allocation Failure) [PSYoungGen: 426752K->148880K(507392K)] 1082019K->906444K(1466368K), 0.0631667 secs] [Times: user=0.37 sys=0.00, real=0.07 secs] 
3163.817: [GC (Allocation Failure) [PSYoungGen: 470928K->103328K(510464K)] 1228492K->1000308K(1469440K), 0.1641471 secs] [Times: user=0.83 sys=0.00, real=0.17 secs] 
3163.981: [Full GC (Ergonomics) [PSYoungGen: 103328K->0K(510464K)] [ParOldGen: 896979K->42967K(994816K)] 1000308K->42967K(1505280K), [Metaspace: 60110K->60110K(1105920K)], 0.1234113 secs] [Times: user=0.51 sys=0.00, real=0.12 secs] 
3165.070: [GC (Allocation Failure) [PSYoungGen: 322048K->160896K(498176K)] 365015K->203863K(1492992K), 0.0310216 secs] [Times: user=0.18 sys=0.00, real=0.04 secs] 
3167.864: [GC (Allocation Failure) [PSYoungGen: 472704K->102048K(505344K)] 515671K->288899K(1500160K), 0.1630698 secs] [Times: user=0.97 sys=0.00, real=0.16 secs] 
3169.977: [GC (Allocation Failure) [PSYoungGen: 413856K->155296K(498176K)] 600707K->439939K(1492992K), 0.0504281 secs] [Times: user=0.30 sys=0.00, real=0.05 secs] 
3171.566: [GC (Allocation Failure) [PSYoungGen: 461984K->102496K(502784K)] 746627K->525307K(1497600K), 0.0815570 secs] [Times: user=0.48 sys=0.00, real=0.08 secs] 
3173.088: [GC (Allocation Failure) [PSYoungGen: 409184K->139040K(497664K)] 831995K->661159K(1492480K), 0.0982543 secs] [Times: user=0.58 sys=0.00, real=0.10 secs] 
3176.171: [GC (Allocation Failure) [PSYoungGen: 448288K->103552K(501248K)] 970407K->755680K(1496064K), 0.0779235 secs] [Times: user=0.47 sys=0.00, real=0.08 secs] 
3178.656: [GC (Allocation Failure) [PSYoungGen: 412800K->141056K(504832K)] 1064928K->894752K(1499648K), 0.0855771 secs] [Times: user=0.50 sys=0.00, real=0.09 secs] 
3180.785: [GC (Allocation Failure) [PSYoungGen: 458496K->106144K(506368K)] 1212192K->992480K(1501184K), 0.0835357 secs] [Times: user=0.48 sys=0.00, real=0.08 secs] 
3180.869: [Full GC (Ergonomics) [PSYoungGen: 106144K->0K(506368K)] [ParOldGen: 886336K->34326K(1011712K)] 992480K->34326K(1518080K), [Metaspace: 60129K->60129K(1105920K)], 0.0591912 secs] [Times: user=0.22 sys=0.00, real=0.06 secs] 
3182.159: [GC (Allocation Failure) [PSYoungGen: 317440K->146432K(506880K)] 351766K->180758K(1518592K), 0.0292547 secs] [Times: user=0.17 sys=0.00, real=0.03 secs] 
3184.129: [GC (Allocation Failure) [PSYoungGen: 466944K->108448K(508928K)] 501270K->279702K(1520640K), 0.1749617 secs] [Times: user=1.02 sys=0.00, real=0.18 secs] 
3186.111: [GC (Allocation Failure) [PSYoungGen: 428960K->146128K(507904K)] 600214K->423427K(1519616K), 0.0528626 secs] [Times: user=0.31 sys=0.00, real=0.05 secs] 
3188.197: [GC (Allocation Failure) [PSYoungGen: 468688K->107232K(509440K)] 745987K->521403K(1521152K), 0.1640607 secs] [Times: user=0.98 sys=0.00, real=0.17 secs] 
3190.094: [GC (Allocation Failure) [PSYoungGen: 429792K->151168K(506368K)] 843963K->669415K(1518080K), 0.0522831 secs] [Times: user=0.32 sys=0.00, real=0.05 secs] 
3191.930: [GC (Allocation Failure) [PSYoungGen: 473216K->107216K(510464K)] 991463K->767576K(1522176K), 0.1670557 secs] [Times: user=0.99 sys=0.00, real=0.17 secs] 
3193.252: [GC (Allocation Failure) [PSYoungGen: 429264K->151920K(505856K)] 1089624K->915601K(1517568K), 0.0523678 secs] [Times: user=0.31 sys=0.00, real=0.05 secs] 
3197.436: [GC (Allocation Failure) [PSYoungGen: 471920K->101792K(509440K)] 1235601K->1008512K(1521152K), 0.1665547 secs] [Times: user=0.99 sys=0.00, real=0.17 secs] 
3197.602: [Full GC (Ergonomics) [PSYoungGen: 101792K->0K(509440K)] [ParOldGen: 906720K->52382K(1058304K)] 1008512K->52382K(1567744K), [Metaspace: 60137K->60137K(1105920K)], 0.1397282 secs] [Times: user=0.63 sys=0.00, real=0.14 secs] 
3199.085: [GC (Allocation Failure) [PSYoungGen: 320000K->151968K(503808K)] 372382K->204351K(1562112K), 0.0304012 secs] [Times: user=0.18 sys=0.00, real=0.03 secs] 
3201.477: [GC (Allocation Failure) [PSYoungGen: 467872K->102912K(507392K)] 520255K->298167K(1565696K), 0.1635102 secs] [Times: user=0.98 sys=0.00, real=0.17 secs] 
3202.358: [GC (Allocation Failure) [PSYoungGen: 413622K->148672K(505344K)] 608877K->442779K(1563648K), 0.0500975 secs] [Times: user=0.30 sys=0.00, real=0.05 secs] 
3204.955: [GC (Allocation Failure) [PSYoungGen: 464576K->105265K(421376K)] 758683K->539500K(1479680K), 0.1715459 secs] [Times: user=0.94 sys=0.01, real=0.17 secs] 
3205.490: [GC (Allocation Failure) [PSYoungGen: 417959K->146112K(505344K)] 852194K->681636K(1563648K), 0.0509033 secs] [Times: user=0.30 sys=0.00, real=0.06 secs] 
3208.103: [GC (Allocation Failure) [PSYoungGen: 462528K->101408K(506880K)] 998052K->774104K(1565184K), 0.1691645 secs] [Times: user=1.00 sys=0.01, real=0.17 secs] 
3208.865: [GC (Allocation Failure) [PSYoungGen: 415935K->148480K(505344K)] 1088632K->919365K(1563648K), 0.0689765 secs] [Times: user=0.41 sys=0.00, real=0.07 secs] 
3211.589: [GC (Allocation Failure) [PSYoungGen: 465408K->100144K(507904K)] 1236293K->1011050K(1566208K), 0.1591313 secs] [Times: user=0.92 sys=0.01, real=0.16 secs] 
3211.748: [Full GC (Ergonomics) [PSYoungGen: 100144K->0K(507904K)] [ParOldGen: 910905K->52216K(1079296K)] 1011050K->52216K(1587200K), [Metaspace: 60137K->60137K(1105920K)], 0.1445826 secs] [Times: user=0.64 sys=0.01, real=0.15 secs] 
3212.983: [GC (GCLocker Initiated GC) [PSYoungGen: 316928K->149648K(504320K)] 369145K->201866K(1583616K), 0.0297037 secs] [Times: user=0.18 sys=0.00, real=0.03 secs] 
3217.025: [GC (Allocation Failure) [PSYoungGen: 464528K->101600K(506880K)] 516747K->294683K(1586176K), 0.1701862 secs] [Times: user=1.02 sys=0.00, real=0.17 secs] 
3218.273: [GC (Allocation Failure) [PSYoungGen: 416480K->149360K(503808K)] 609563K->440124K(1583104K), 0.0498564 secs] [Times: user=0.30 sys=0.00, real=0.05 secs] 
3221.082: [GC (Allocation Failure) [PSYoungGen: 463216K->99872K(506368K)] 753980K->531155K(1585664K), 0.1737963 secs] [Times: user=1.04 sys=0.00, real=0.17 secs] 
3222.043: [GC (Allocation Failure) [PSYoungGen: 413728K->150016K(502272K)] 845011K->677476K(1581568K), 0.0501812 secs] [Times: user=0.30 sys=0.00, real=0.05 secs] 
3225.492: [GC (Allocation Failure) [PSYoungGen: 461824K->98656K(505344K)] 989284K->767548K(1584640K), 0.1728298 secs] [Times: user=0.95 sys=0.00, real=0.17 secs] 
3226.739: [GC (Allocation Failure) [PSYoungGen: 410464K->147552K(503296K)] 1079356K->911005K(1582592K), 0.0501499 secs] [Times: user=0.30 sys=0.00, real=0.05 secs] 
3229.308: [GC (Allocation Failure) [PSYoungGen: 459360K->103040K(415232K)] 1222813K->1004905K(1494528K), 0.1690086 secs] [Times: user=1.01 sys=0.00, real=0.17 secs] 
3229.477: [Full GC (Ergonomics) [PSYoungGen: 103040K->0K(415232K)] [ParOldGen: 901865K->46770K(1100800K)] 1004905K->46770K(1516032K), [Metaspace: 60141K->60141K(1105920K)], 0.1364566 secs] [Times: user=0.58 sys=0.00, real=0.14 secs] 
3230.627: [GC (Allocation Failure) [PSYoungGen: 311808K->146080K(503296K)] 358578K->192850K(1604096K), 0.0293347 secs] [Times: user=0.17 sys=0.00, real=0.03 secs] 
3233.844: [GC (Allocation Failure) [PSYoungGen: 457941K->99632K(504832K)] 504711K->283707K(1605632K), 0.1694467 secs] [Times: user=1.02 sys=0.00, real=0.17 secs] 
3235.332: [GC (Allocation Failure) [PSYoungGen: 411952K->142784K(505344K)] 596027K->424307K(1606144K), 0.0662455 secs] [Times: user=0.39 sys=0.00, real=0.06 secs] 
3239.018: [GC (Allocation Failure) [PSYoungGen: 457664K->102240K(505856K)] 739187K->517883K(1606656K), 0.1150916 secs] [Times: user=0.68 sys=0.00, real=0.12 secs] 
3240.576: [GC (Allocation Failure) [PSYoungGen: 417120K->144272K(504832K)] 832763K->659456K(1605632K), 0.0511151 secs] [Times: user=0.30 sys=0.00, real=0.05 secs] 
3243.744: [GC (Allocation Failure) [PSYoungGen: 460688K->104736K(505856K)] 975872K->755008K(1606656K), 0.1045439 secs] [Times: user=0.63 sys=0.00, real=0.10 secs] 
3246.218: [GC (Allocation Failure) [PSYoungGen: 421152K->143328K(506880K)] 1071424K->895937K(1607680K), 0.0550362 secs] [Times: user=0.31 sys=0.00, real=0.06 secs] 
3248.239: [GC (Allocation Failure) [PSYoungGen: 463328K->106608K(507904K)] 1215937K->993321K(1608704K), 0.0831532 secs] [Times: user=0.50 sys=0.00, real=0.09 secs] 
3249.965: [GC (Allocation Failure) [PSYoungGen: 426608K->148032K(505856K)] 1313321K->1138981K(1606656K), 0.0660000 secs] [Times: user=0.31 sys=0.08, real=0.06 secs] 
3250.031: [Full GC (Ergonomics) [PSYoungGen: 148032K->0K(505856K)] [ParOldGen: 990949K->180664K(1263104K)] 1138981K->180664K(1768960K), [Metaspace: 60141K->60141K(1105920K)], 0.4352386 secs] [Times: user=2.03 sys=0.00, real=0.44 secs] 
3252.650: [GC (Allocation Failure) [PSYoungGen: 321024K->111617K(508928K)] 501688K->292281K(1772032K), 0.1045689 secs] [Times: user=0.62 sys=0.00, real=0.11 secs] 
3254.411: [GC (Allocation Failure) [PSYoungGen: 432641K->148896K(506880K)] 613305K->435341K(1769984K), 0.0540630 secs] [Times: user=0.31 sys=0.00, real=0.05 secs] 
3256.076: [GC (Allocation Failure) [PSYoungGen: 471968K->108736K(509952K)] 758413K->534781K(1773056K), 0.0993698 secs] [Times: user=0.59 sys=0.00, real=0.10 secs] 
3256.880: [GC (Allocation Failure) [PSYoungGen: 430288K->152816K(506368K)] 856334K->684325K(1769472K), 0.0665064 secs] [Times: user=0.39 sys=0.00, real=0.07 secs] 
3259.654: [GC (Allocation Failure) [PSYoungGen: 474864K->105904K(510464K)] 1006373K->781749K(1773568K), 0.1691116 secs] [Times: user=1.01 sys=0.00, real=0.17 secs] 
3260.649: [GC (Allocation Failure) [PSYoungGen: 414902K->144768K(510464K)] 1090747K->923017K(1773568K), 0.0513087 secs] [Times: user=0.31 sys=0.00, real=0.05 secs] 
3263.154: [GC (Allocation Failure) [PSYoungGen: 468864K->105920K(430080K)] 1247113K->1020097K(1693184K), 0.1658590 secs] [Times: user=0.99 sys=0.00, real=0.16 secs] 
3263.860: [GC (Allocation Failure) [PSYoungGen: 415238K->145536K(508416K)] 1329416K->1161902K(1771520K), 0.0556729 secs] [Times: user=0.29 sys=0.03, real=0.06 secs] 
3266.947: [GC (Allocation Failure) [PSYoungGen: 469120K->109408K(509952K)] 1485486K->1262134K(1773056K), 0.1441723 secs] [Times: user=0.69 sys=0.16, real=0.15 secs] 
3267.091: [Full GC (Ergonomics) [PSYoungGen: 109408K->0K(509952K)] [ParOldGen: 1152726K->61672K(1173504K)] 1262134K->61672K(1683456K), [Metaspace: 60147K->60147K(1105920K)], 0.1506503 secs] [Times: user=0.68 sys=0.01, real=0.15 secs] 
3267.940: [GC (Allocation Failure) [PSYoungGen: 323584K->152193K(506880K)] 385256K->213866K(1680384K), 0.0321605 secs] [Times: user=0.19 sys=0.00, real=0.04 secs] 
3272.047: [GC (Allocation Failure) [PSYoungGen: 471419K->94416K(510976K)] 533092K->307154K(1684480K), 0.1568989 secs] [Times: user=0.94 sys=0.00, real=0.16 secs] 
3272.955: [GC (Allocation Failure) [PSYoungGen: 417488K->153184K(502272K)] 630226K->456390K(1675776K), 0.0909532 secs] [Times: user=0.54 sys=0.00, real=0.09 secs] 
3276.921: [GC (Allocation Failure) [PSYoungGen: 465165K->89936K(506880K)] 768372K->545999K(1680384K), 0.1775865 secs] [Times: user=0.99 sys=0.00, real=0.17 secs] 
3277.497: [GC (Allocation Failure) [PSYoungGen: 404816K->148992K(501760K)] 860879K->690639K(1675264K), 0.0525831 secs] [Times: user=0.31 sys=0.00, real=0.05 secs] 
3280.436: [GC (Allocation Failure) [PSYoungGen: 458752K->94416K(504320K)] 1000399K->784256K(1677824K), 0.1735015 secs] [Times: user=1.02 sys=0.00, real=0.17 secs] 
3281.233: [GC (Allocation Failure) [PSYoungGen: 396455K->138848K(501248K)] 1086295K->918947K(1674752K), 0.0514006 secs] [Times: user=0.29 sys=0.01, real=0.05 secs] 
3285.910: [GC (Allocation Failure) [PSYoungGen: 450144K->100288K(503296K)] 1230243K->1010003K(1676800K), 0.1650847 secs] [Times: user=0.98 sys=0.00, real=0.17 secs] 
3288.176: [GC (Allocation Failure) [PSYoungGen: 411584K->144256K(504832K)] 1321299K->1150740K(1678336K), 0.1274031 secs] [Times: user=0.75 sys=0.00, real=0.13 secs] 
3288.303: [Full GC (Ergonomics) [PSYoungGen: 144256K->0K(504832K)] [ParOldGen: 1006484K->190475K(1347072K)] 1150740K->190475K(1851904K), [Metaspace: 60164K->60164K(1105920K)], 0.5362867 secs] [Times: user=2.58 sys=0.00, real=0.53 secs] 
3291.698: [GC (Allocation Failure) [PSYoungGen: 315392K->99904K(506368K)] 505867K->290379K(1853440K), 0.0950401 secs] [Times: user=0.56 sys=0.00, real=0.10 secs] 
3292.758: [GC (Allocation Failure) [PSYoungGen: 415296K->150304K(503296K)] 605771K->436848K(1850368K), 0.0497242 secs] [Times: user=0.29 sys=0.00, real=0.05 secs] 
3295.485: [GC (Allocation Failure) [PSYoungGen: 465184K->101552K(506880K)] 751728K->529632K(1853952K), 0.1574180 secs] [Times: user=0.94 sys=0.00, real=0.16 secs] 
3296.493: [GC (Allocation Failure) [PSYoungGen: 416432K->149760K(502272K)] 844512K->675097K(1849344K), 0.0501536 secs] [Times: user=0.30 sys=0.00, real=0.05 secs] 
3300.628: [GC (Allocation Failure) [PSYoungGen: 462592K->100832K(505856K)] 987929K->767101K(1852928K), 0.1724021 secs] [Times: user=1.01 sys=0.00, real=0.17 secs] 
3301.830: [GC (Allocation Failure) [PSYoungGen: 413664K->146272K(505344K)] 1079933K->909849K(1852416K), 0.0905659 secs] [Times: user=0.53 sys=0.00, real=0.10 secs] 
3304.563: [GC (Allocation Failure) [PSYoungGen: 461152K->104048K(419328K)] 1224729K->1004962K(1766400K), 0.1146276 secs] [Times: user=0.68 sys=0.00, real=0.11 secs] 
3305.812: [GC (Allocation Failure) [PSYoungGen: 418928K->146784K(502784K)] 1319842K->1148698K(1849856K), 0.0742952 secs] [Times: user=0.44 sys=0.00, real=0.07 secs] 
3309.100: [GC (Allocation Failure) [PSYoungGen: 460640K->101680K(505344K)] 1462554K->1241803K(1852416K), 0.1758060 secs] [Times: user=1.05 sys=0.00, real=0.18 secs] 
3311.427: [GC (Allocation Failure) [PSYoungGen: 415536K->146400K(505344K)] 1555659K->1384107K(1852416K), 0.0614019 secs] [Times: user=0.30 sys=0.06, real=0.06 secs] 
3311.488: [Full GC (Ergonomics) [PSYoungGen: 146400K->0K(505344K)] [ParOldGen: 1237707K->183546K(1378816K)] 1384107K->183546K(1884160K), [Metaspace: 60165K->60165K(1105920K)], 0.4460663 secs] [Times: user=2.08 sys=0.00, real=0.45 secs] 
3313.351: [GC (GCLocker Initiated GC) [PSYoungGen: 316416K->105632K(422400K)] 499962K->289178K(1801216K), 0.0711783 secs] [Times: user=0.42 sys=0.00, real=0.07 secs] 
3315.330: [GC (Allocation Failure) [PSYoungGen: 422048K->147216K(504832K)] 605597K->432436K(1883648K), 0.0524109 secs] [Times: user=0.30 sys=0.00, real=0.06 secs] 
3317.336: [GC (Allocation Failure) [PSYoungGen: 464144K->107216K(506880K)] 749364K->530780K(1885696K), 0.1189116 secs] [Times: user=0.70 sys=0.00, real=0.12 secs] 
3318.614: [GC (Allocation Failure) [PSYoungGen: 424144K->149008K(504832K)] 847708K->675840K(1883648K), 0.0520062 secs] [Times: user=0.31 sys=0.00, real=0.05 secs] 
3323.063: [GC (Allocation Failure) [PSYoungGen: 466960K->100544K(507904K)] 993792K->767188K(1886720K), 0.1244544 secs] [Times: user=0.73 sys=0.01, real=0.12 secs] 
3324.832: [GC (Allocation Failure) [PSYoungGen: 418496K->148576K(504832K)] 1085140K->912121K(1883648K), 0.0510787 secs] [Times: user=0.30 sys=0.00, real=0.05 secs] 
3327.560: [GC (Allocation Failure) [PSYoungGen: 465504K->107312K(424448K)] 1229049K->1010745K(1803264K), 0.1737765 secs] [Times: user=1.03 sys=0.00, real=0.18 secs] 
3328.836: [GC (Allocation Failure) [PSYoungGen: 424240K->149504K(504320K)] 1327673K->1156202K(1883136K), 0.0529138 secs] [Times: user=0.31 sys=0.00, real=0.05 secs] 
3331.155: [GC (GCLocker Initiated GC) [PSYoungGen: 466432K->104784K(507392K)] 1473130K->1251679K(1886208K), 0.1786618 secs] [Times: user=1.07 sys=0.01, real=0.18 secs] 
3332.289: [GC (Allocation Failure) [PSYoungGen: 421712K->148672K(505856K)] 1568610K->1396409K(1884672K), 0.0528229 secs] [Times: user=0.29 sys=0.01, real=0.06 secs] 
3332.342: [Full GC (Ergonomics) [PSYoungGen: 148672K->0K(505856K)] [ParOldGen: 1247737K->194739K(1398272K)] 1396409K->194739K(1904128K), [Metaspace: 60168K->60168K(1105920K)], 0.4774014 secs] [Times: user=2.25 sys=0.00, real=0.47 secs] 
3336.369: [GC (Allocation Failure) [PSYoungGen: 317952K->106688K(508416K)] 512691K->301427K(1906688K), 0.0908086 secs] [Times: user=0.54 sys=0.00, real=0.09 secs] 
3337.461: [GC (Allocation Failure) [PSYoungGen: 424640K->148640K(506368K)] 619379K->444072K(1904640K), 0.0498562 secs] [Times: user=0.29 sys=0.00, real=0.05 secs] 
3341.325: [GC (Allocation Failure) [PSYoungGen: 467104K->100352K(508416K)] 762536K->535776K(1906688K), 0.1194806 secs] [Times: user=0.71 sys=0.00, real=0.12 secs] 
3342.553: [GC (Allocation Failure) [PSYoungGen: 418816K->152016K(502272K)] 854240K->683468K(1900544K), 0.0497348 secs] [Times: user=0.29 sys=0.00, real=0.05 secs] 
3344.676: [GC (Allocation Failure) [PSYoungGen: 465872K->105808K(506368K)] 997324K->780428K(1904640K), 0.1374060 secs] [Times: user=0.82 sys=0.00, real=0.14 secs] 
3346.103: [GC (Allocation Failure) [PSYoungGen: 416247K->144512K(506368K)] 1090867K->921284K(1904640K), 0.1268897 secs] [Times: user=0.75 sys=0.00, real=0.12 secs] 
3350.372: [GC (GCLocker Initiated GC) [PSYoungGen: 461440K->104832K(421888K)] 1238212K->1017396K(1820160K), 0.1677784 secs] [Times: user=1.00 sys=0.00, real=0.16 secs] 
3351.548: [GC (Allocation Failure) [PSYoungGen: 421760K->139696K(507904K)] 1350711K->1169515K(1906176K), 0.2123454 secs] [Times: user=1.27 sys=0.00, real=0.21 secs] 
3356.188: [GC (Allocation Failure) [PSYoungGen: 459696K->94688K(506880K)] 1489515K->1263034K(1905152K), 0.4204268 secs] [Times: user=2.51 sys=0.01, real=0.42 secs] 
3357.332: [GC (Allocation Failure) [PSYoungGen: 414688K->148256K(506368K)] 1583034K->1407943K(1904640K), 0.0966966 secs] [Times: user=0.56 sys=0.02, real=0.09 secs] 
3357.429: [Full GC (Ergonomics) [PSYoungGen: 148256K->0K(506368K)] [ParOldGen: 1259687K->205627K(1398272K)] 1407943K->205627K(1904640K), [Metaspace: 60172K->60172K(1105920K)], 0.5062482 secs] [Times: user=2.41 sys=0.00, real=0.51 secs] 
3361.223: [GC (Allocation Failure) [PSYoungGen: 320000K->92880K(509440K)] 525627K->298508K(1907712K), 0.1807555 secs] [Times: user=1.08 sys=0.00, real=0.18 secs] 
3361.996: [GC (Allocation Failure) [PSYoungGen: 412880K->152224K(501248K)] 618508K->446259K(1899520K), 0.0543395 secs] [Times: user=0.32 sys=0.00, real=0.06 secs] 
3367.212: [GC (Allocation Failure) [PSYoungGen: 465056K->91840K(505856K)] 759091K->537639K(1904128K), 0.1653570 secs] [Times: user=0.99 sys=0.00, real=0.16 secs] 
3368.304: [GC (Allocation Failure) [PSYoungGen: 389385K->141824K(505856K)] 835185K->675360K(1904128K), 0.0493567 secs] [Times: user=0.29 sys=0.00, real=0.05 secs] 
3371.222: [GC (Allocation Failure) [PSYoungGen: 455680K->101600K(415744K)] 989216K->768352K(1814016K), 0.1286451 secs] [Times: user=0.76 sys=0.01, real=0.12 secs] 
3372.625: [GC (Allocation Failure) [PSYoungGen: 415456K->148528K(500736K)] 1082208K->912934K(1899008K), 0.0516259 secs] [Times: user=0.31 sys=0.00, real=0.05 secs] 
3374.969: [GC (Allocation Failure) [PSYoungGen: 459824K->99520K(503808K)] 1224230K->1003793K(1902080K), 0.1578650 secs] [Times: user=0.94 sys=0.00, real=0.16 secs] 
3376.077: [GC (Allocation Failure) [PSYoungGen: 410816K->146848K(503808K)] 1315089K->1146218K(1902080K), 0.0498672 secs] [Times: user=0.29 sys=0.00, real=0.05 secs] 
3378.148: [GC (Allocation Failure) [PSYoungGen: 460704K->105472K(419840K)] 1460074K->1242754K(1818112K), 0.1291913 secs] [Times: user=0.77 sys=0.00, real=0.13 secs] 
3378.839: [GC (Allocation Failure) [PSYoungGen: 419328K->149984K(501760K)] 1556610K->1388967K(1900032K), 0.0536174 secs] [Times: user=0.32 sys=0.00, real=0.06 secs] 
3378.893: [Full GC (Ergonomics) [PSYoungGen: 149984K->0K(501760K)] [ParOldGen: 1238983K->195182K(1398272K)] 1388967K->195182K(1900032K), [Metaspace: 60193K->60193K(1105920K)], 0.4783337 secs] [Times: user=2.24 sys=0.00, real=0.48 secs] 
3381.867: [GC (Allocation Failure) [PSYoungGen: 312832K->99617K(505344K)] 508014K->294799K(1903616K), 0.0991446 secs] [Times: user=0.58 sys=0.00, real=0.10 secs] 
3383.525: [GC (Allocation Failure) [PSYoungGen: 412449K->148416K(502784K)] 607631K->438711K(1901056K), 0.0487513 secs] [Times: user=0.29 sys=0.00, real=0.05 secs] 
3386.195: [GC (Allocation Failure) [PSYoungGen: 461248K->101600K(505856K)] 751543K->531336K(1904128K), 0.1633190 secs] [Times: user=0.97 sys=0.01, real=0.16 secs] 
3387.794: [GC (Allocation Failure) [PSYoungGen: 414432K->148640K(502784K)] 844168K->675816K(1901056K), 0.0503895 secs] [Times: user=0.30 sys=0.00, real=0.05 secs] 
3390.908: [GC (Allocation Failure) [PSYoungGen: 461472K->99184K(505856K)] 988648K->765977K(1904128K), 0.1674412 secs] [Times: user=1.00 sys=0.00, real=0.17 secs] 
3392.237: [GC (Allocation Failure) [PSYoungGen: 412016K->148736K(502784K)] 1078809K->910809K(1901056K), 0.0501602 secs] [Times: user=0.29 sys=0.00, real=0.05 secs] 
3393.923: [GC (Allocation Failure) [PSYoungGen: 460544K->106560K(418816K)] 1222617K->1008609K(1817088K), 0.1089783 secs] [Times: user=0.65 sys=0.00, real=0.11 secs] 
3395.472: [GC (Allocation Failure) [PSYoungGen: 418368K->144208K(503296K)] 1320417K->1149367K(1901568K), 0.0525627 secs] [Times: user=0.32 sys=0.00, real=0.05 secs] 
3398.581: [GC (Allocation Failure) [PSYoungGen: 457552K->102704K(504320K)] 1462711K->1242831K(1902592K), 0.1068626 secs] [Times: user=0.63 sys=0.00, real=0.10 secs] 
3399.682: [GC (Allocation Failure) [PSYoungGen: 416048K->145760K(504832K)] 1556175K->1384135K(1903104K), 0.0514538 secs] [Times: user=0.30 sys=0.00, real=0.05 secs] 
3399.734: [Full GC (Ergonomics) [PSYoungGen: 145760K->0K(504832K)] [ParOldGen: 1238375K->183014K(1398272K)] 1384135K->183014K(1903104K), [Metaspace: 60198K->60198K(1105920K)], 0.4408817 secs] [Times: user=2.06 sys=0.00, real=0.44 secs] 
3403.003: [GC (Allocation Failure) [PSYoungGen: 316416K->107584K(506368K)] 499430K->290598K(1904640K), 0.0365163 secs] [Times: user=0.21 sys=0.00, real=0.03 secs] 
3404.529: [GC (Allocation Failure) [PSYoungGen: 424000K->148736K(504320K)] 607014K->435927K(1902592K), 0.0530009 secs] [Times: user=0.31 sys=0.00, real=0.06 secs] 
3407.113: [GC (GCLocker Initiated GC) [PSYoungGen: 466176K->103536K(507392K)] 753367K->530632K(1905664K), 0.1175901 secs] [Times: user=0.69 sys=0.01, real=0.12 secs] 
3408.213: [GC (Allocation Failure) [PSYoungGen: 420976K->149184K(505344K)] 848123K->676023K(1903616K), 0.0510734 secs] [Times: user=0.30 sys=0.00, real=0.05 secs] 
3412.929: [GC (Allocation Failure) [PSYoungGen: 467136K->100928K(508416K)] 993975K->767995K(1906688K), 0.1585778 secs] [Times: user=0.94 sys=0.01, real=0.16 secs] 
3415.663: [GC (Allocation Failure) [PSYoungGen: 418880K->147168K(506368K)] 1085947K->911396K(1904640K), 0.0510814 secs] [Times: user=0.30 sys=0.00, real=0.05 secs] 
3417.288: [GC (Allocation Failure) [PSYoungGen: 465120K->107168K(425472K)] 1229348K->1009856K(1823744K), 0.0831659 secs] [Times: user=0.49 sys=0.00, real=0.09 secs] 
3418.441: [GC (Allocation Failure) [PSYoungGen: 425120K->146480K(505344K)] 1327808K->1152314K(1903616K), 0.0537871 secs] [Times: user=0.31 sys=0.01, real=0.06 secs] 
3422.273: [GC (Allocation Failure) [PSYoungGen: 464432K->104944K(507392K)] 1470266K->1247222K(1905664K), 0.1568655 secs] [Times: user=0.93 sys=0.00, real=0.15 secs] 
3423.865: [GC (Allocation Failure) [PSYoungGen: 422896K->151712K(504832K)] 1565174K->1394762K(1903104K), 0.0537791 secs] [Times: user=0.31 sys=0.00, real=0.05 secs] 
3423.919: [Full GC (Ergonomics) [PSYoungGen: 151712K->0K(504832K)] [ParOldGen: 1243050K->193074K(1398272K)] 1394762K->193074K(1903104K), [Metaspace: 60202K->60202K(1105920K)], 0.4681956 secs] [Times: user=2.19 sys=0.00, real=0.47 secs] 
3426.856: [GC (Allocation Failure) [PSYoungGen: 317952K->105184K(508416K)] 511026K->298259K(1906688K), 0.0957571 secs] [Times: user=0.56 sys=0.00, real=0.10 secs] 
3428.473: [GC (Allocation Failure) [PSYoungGen: 423136K->149408K(504832K)] 616211K->444136K(1903104K), 0.0540420 secs] [Times: user=0.31 sys=0.01, real=0.05 secs] 
3431.433: [GC (Allocation Failure) [PSYoungGen: 466336K->104016K(507904K)] 761064K->539161K(1906176K), 0.1244611 secs] [Times: user=0.74 sys=0.00, real=0.12 secs] 
3432.905: [GC (Allocation Failure) [PSYoungGen: 420944K->147456K(506368K)] 856089K->682049K(1904640K), 0.0504250 secs] [Times: user=0.30 sys=0.01, real=0.05 secs] 
3435.562: [GC (Allocation Failure) [PSYoungGen: 465408K->106208K(424448K)] 1000001K->779017K(1822720K), 0.1717980 secs] [Times: user=1.02 sys=0.00, real=0.17 secs] 
3436.578: [GC (Allocation Failure) [PSYoungGen: 420389K->145312K(506880K)] 1093199K->920930K(1905152K), 0.0525783 secs] [Times: user=0.31 sys=0.00, real=0.06 secs] 
3440.514: [GC (Allocation Failure) [PSYoungGen: 464288K->102240K(507904K)] 1239906K->1014750K(1906176K), 0.1664063 secs] [Times: user=0.98 sys=0.00, real=0.16 secs] 
3442.027: [GC (Allocation Failure) [PSYoungGen: 420351K->149168K(505856K)] 1332862K->1159819K(1904128K), 0.0504630 secs] [Times: user=0.30 sys=0.00, real=0.05 secs] 
3444.447: [GC (Allocation Failure) [PSYoungGen: 468144K->104464K(508928K)] 1478795K->1255287K(1907200K), 0.1594373 secs] [Times: user=0.95 sys=0.00, real=0.16 secs] 
3445.051: [GC (Allocation Failure) [PSYoungGen: 413744K->147536K(507392K)] 1564567K->1398809K(1905664K), 0.0510574 secs] [Times: user=0.30 sys=0.00, real=0.05 secs] 
3445.102: [Full GC (Ergonomics) [PSYoungGen: 147536K->0K(507392K)] [ParOldGen: 1251273K->197492K(1398272K)] 1398809K->197492K(1905664K), [Metaspace: 60208K->60208K(1105920K)], 0.4729975 secs] [Times: user=2.21 sys=0.00, real=0.47 secs] 
3448.318: [GC (Allocation Failure) [PSYoungGen: 320000K->105568K(425984K)] 517492K->303060K(1824256K), 0.1014311 secs] [Times: user=0.60 sys=0.00, real=0.10 secs] 
3449.390: [GC (Allocation Failure) [PSYoungGen: 415101K->145344K(507392K)] 612594K->444401K(1905664K), 0.0499647 secs] [Times: user=0.30 sys=0.00, real=0.05 secs] 
3451.059: [GC (Allocation Failure) [PSYoungGen: 465856K->106752K(508928K)] 764913K->542597K(1907200K), 0.1745197 secs] [Times: user=1.04 sys=0.00, real=0.18 secs] 
3452.119: [GC (Allocation Failure) [PSYoungGen: 420304K->144736K(508416K)] 856150K->683634K(1906688K), 0.1245234 secs] [Times: user=0.61 sys=0.00, real=0.13 secs] 
3456.617: [GC (Allocation Failure) [PSYoungGen: 467296K->106976K(509440K)] 1006194K->781114K(1907712K), 0.1748663 secs] [Times: user=1.03 sys=0.01, real=0.18 secs] 
3457.562: [GC (Allocation Failure) [PSYoungGen: 413370K->144544K(508928K)] 1087509K->921411K(1907200K), 0.0509418 secs] [Times: user=0.30 sys=0.00, real=0.05 secs] 
3462.225: [GC (GCLocker Initiated GC) [PSYoungGen: 469152K->100416K(510464K)] 1246019K->1013391K(1908736K), 0.1556270 secs] [Times: user=0.92 sys=0.00, real=0.16 secs] 
3463.862: [GC (Allocation Failure) [PSYoungGen: 425024K->142976K(512000K)] 1354387K->1169035K(1910272K), 0.3621324 secs] [Times: user=2.17 sys=0.00, real=0.36 secs] 
3467.260: [GC (Allocation Failure) [PSYoungGen: 467057K->95088K(513024K)] 1493116K->1264363K(1911296K), 0.4422536 secs] [Times: user=2.64 sys=0.01, real=0.45 secs] 
3468.191: [GC (Allocation Failure) [PSYoungGen: 422768K->151904K(504832K)] 1592043K->1412871K(1903104K), 0.0535625 secs] [Times: user=0.31 sys=0.00, real=0.05 secs] 
3468.244: [Full GC (Ergonomics) [PSYoungGen: 151904K->0K(504832K)] [ParOldGen: 1260967K->210521K(1398272K)] 1412871K->210521K(1903104K), [Metaspace: 60209K->60209K(1105920K)], 0.4971571 secs] [Times: user=2.33 sys=0.00, real=0.50 secs] 
3472.145: [GC (Allocation Failure) [PSYoungGen: 320000K->96080K(509440K)] 530521K->306601K(1907712K), 0.1397688 secs] [Times: user=0.82 sys=0.00, real=0.14 secs] 
3472.557: [GC (Allocation Failure) [PSYoungGen: 416080K->154272K(500736K)] 626601K->455058K(1899008K), 0.0540267 secs] [Times: user=0.32 sys=0.00, real=0.06 secs] 
3475.289: [GC (Allocation Failure) [PSYoungGen: 467104K->93024K(505856K)] 767890K->547230K(1904128K), 0.1583928 secs] [Times: user=0.95 sys=0.00, real=0.16 secs] 
3475.826: [GC (Allocation Failure) [PSYoungGen: 405856K->152608K(498688K)] 860062K->693791K(1896960K), 0.0546978 secs] [Times: user=0.32 sys=0.00, real=0.06 secs] 
3479.236: [GC (Allocation Failure) [PSYoungGen: 459296K->90736K(502784K)] 1000479K->784271K(1901056K), 0.1659379 secs] [Times: user=0.99 sys=0.00, real=0.17 secs] 
3479.754: [GC (Allocation Failure) [PSYoungGen: 397424K->148608K(498688K)] 1090959K->926967K(1896960K), 0.0530016 secs] [Times: user=0.31 sys=0.01, real=0.05 secs] 
3482.962: [GC (Allocation Failure) [PSYoungGen: 452224K->88256K(501248K)] 1230583K->1014760K(1899520K), 0.1603059 secs] [Times: user=0.89 sys=0.00, real=0.16 secs] 
3483.905: [GC (Allocation Failure) [PSYoungGen: 385001K->141216K(500224K)] 1311505K->1151584K(1898496K), 0.0488796 secs] [Times: user=0.29 sys=0.00, real=0.05 secs] 
3486.954: [GC (Allocation Failure) [PSYoungGen: 445856K->98720K(403456K)] 1456224K->1241520K(1801728K), 0.1710814 secs] [Times: user=1.02 sys=0.00, real=0.17 secs] 
3488.455: [GC (Allocation Failure) [PSYoungGen: 403360K->143168K(499200K)] 1546160K->1381101K(1897472K), 0.0500689 secs] [Times: user=0.29 sys=0.00, real=0.05 secs] 
3488.505: [Full GC (Ergonomics) [PSYoungGen: 143168K->0K(499200K)] [ParOldGen: 1237933K->188342K(1398272K)] 1381101K->188342K(1897472K), [Metaspace: 60211K->60211K(1105920K)], 0.4594174 secs] [Times: user=2.14 sys=0.00, real=0.46 secs] 
3490.874: [GC (Allocation Failure) [PSYoungGen: 305664K->99632K(500224K)] 494006K->287975K(1898496K), 0.0903186 secs] [Times: user=0.54 sys=0.00, real=0.09 secs] 
3492.768: [GC (Allocation Failure) [PSYoungGen: 405296K->141856K(501760K)] 593639K->426875K(1900032K), 0.0500855 secs] [Times: user=0.30 sys=0.00, real=0.05 secs] 
3494.948: [GC (Allocation Failure) [PSYoungGen: 452128K->103152K(502272K)] 737147K->521151K(1900544K), 0.1542971 secs] [Times: user=0.93 sys=0.00, real=0.16 secs] 
3496.917: [GC (Allocation Failure) [PSYoungGen: 413424K->141888K(502784K)] 831423K->660967K(1901056K), 0.0513393 secs] [Times: user=0.30 sys=0.00, real=0.05 secs] 
3499.293: [GC (Allocation Failure) [PSYoungGen: 456256K->104480K(503808K)] 975335K->756464K(1902080K), 0.0631702 secs] [Times: user=0.38 sys=0.00, real=0.06 secs] 
3501.772: [GC (Allocation Failure) [PSYoungGen: 418848K->146000K(503808K)] 1070832K->899945K(1902080K), 0.0526893 secs] [Times: user=0.31 sys=0.00, real=0.05 secs] 
3504.099: [GC (Allocation Failure) [PSYoungGen: 463952K->103936K(506880K)] 1217897K->994912K(1905152K), 0.0642843 secs] [Times: user=0.39 sys=0.00, real=0.07 secs] 
3506.141: [GC (Allocation Failure) [PSYoungGen: 421888K->146016K(507392K)] 1312864K->1138653K(1905664K), 0.0527940 secs] [Times: user=0.31 sys=0.00, real=0.05 secs] 
3508.199: [GC (Allocation Failure) [PSYoungGen: 467552K->106640K(428544K)] 1460189K->1236238K(1826816K), 0.1539654 secs] [Times: user=0.92 sys=0.00, real=0.16 secs] 
3511.182: [GC (Allocation Failure) [PSYoungGen: 428176K->147504K(506368K)] 1557774K->1380311K(1904640K), 0.0536621 secs] [Times: user=0.31 sys=0.00, real=0.05 secs] 
3511.235: [Full GC (Ergonomics) [PSYoungGen: 147504K->0K(506368K)] [ParOldGen: 1232806K->178811K(1398272K)] 1380311K->178811K(1904640K), [Metaspace: 60211K->60211K(1105920K)], 0.4309631 secs] [Times: user=2.01 sys=0.00, real=0.43 secs] 
3513.934: [GC (Allocation Failure) [PSYoungGen: 321536K->109424K(509440K)] 500347K->288236K(1907712K), 0.0913124 secs] [Times: user=0.54 sys=0.00, real=0.09 secs] 
3516.644: [GC (Allocation Failure) [PSYoungGen: 430960K->146928K(507904K)] 609772K->432236K(1906176K), 0.0535974 secs] [Times: user=0.31 sys=0.00, real=0.05 secs] 
3518.408: [GC (Allocation Failure) [PSYoungGen: 470512K->106944K(510464K)] 755820K->529964K(1908736K), 0.1585175 secs] [Times: user=0.94 sys=0.00, real=0.16 secs] 
3520.738: [GC (Allocation Failure) [PSYoungGen: 430528K->152912K(504832K)] 853548K->678445K(1903104K), 0.0531418 secs] [Times: user=0.31 sys=0.00, real=0.06 secs] 
3524.546: [GC (Allocation Failure) [PSYoungGen: 473936K->105408K(509952K)] 999469K->774885K(1908224K), 0.1754021 secs] [Times: user=1.05 sys=0.00, real=0.18 secs] 
3525.389: [GC (Allocation Failure) [PSYoungGen: 423368K->150880K(505344K)] 1092845K->921753K(1903616K), 0.0525327 secs] [Times: user=0.31 sys=0.00, real=0.06 secs] 
3528.460: [GC (GCLocker Initiated GC) [PSYoungGen: 469856K->103088K(508928K)] 1240730K->1016259K(1907200K), 0.1641490 secs] [Times: user=0.98 sys=0.00, real=0.17 secs] 
3529.592: [GC (Allocation Failure) [PSYoungGen: 422064K->141088K(506368K)] 1351639K->1169447K(1904640K), 0.2345579 secs] [Times: user=1.40 sys=0.00, real=0.23 secs] 
3533.168: [GC (Allocation Failure) [PSYoungGen: 461791K->96176K(508416K)] 1490151K->1264916K(1906688K), 0.4347344 secs] [Times: user=2.60 sys=0.00, real=0.44 secs] 
3535.442: [GC (Allocation Failure) [PSYoungGen: 417200K->186336K(419328K)] 1585940K->1459964K(1817600K), 0.1295932 secs] [Times: user=0.74 sys=0.02, real=0.13 secs] 
3535.572: [Full GC (Ergonomics) [PSYoungGen: 186336K->0K(419328K)] [ParOldGen: 1273628K->208273K(1398272K)] 1459964K->208273K(1817600K), [Metaspace: 60211K->60211K(1105920K)], 0.5294217 secs] [Times: user=2.53 sys=0.00, real=0.53 secs] 
3537.418: [GC (Allocation Failure) [PSYoungGen: 232960K->61120K(465920K)] 441233K->269393K(1864192K), 0.0618921 secs] [Times: user=0.36 sys=0.00, real=0.06 secs] 
3540.254: [GC (Allocation Failure) [PSYoungGen: 294080K->102752K(465920K)] 502353K->370370K(1864192K), 0.0686480 secs] [Times: user=0.40 sys=0.00, real=0.07 secs] 
3540.689: [GC (Allocation Failure) [PSYoungGen: 335712K->119136K(352256K)] 603330K->480542K(1750528K), 0.0843308 secs] [Times: user=0.50 sys=0.00, real=0.09 secs] 
3544.047: [GC (Allocation Failure) [PSYoungGen: 352096K->55136K(460288K)] 713502K->535678K(1858560K), 0.1365061 secs] [Times: user=0.81 sys=0.00, real=0.14 secs] 
3544.836: [GC (Allocation Failure) [PSYoungGen: 285536K->109232K(339968K)] 766078K->641424K(1738240K), 0.0370719 secs] [Times: user=0.22 sys=0.00, real=0.04 secs] 
3546.799: [GC (Allocation Failure) [PSYoungGen: 339632K->99072K(466432K)] 871824K->731751K(1864704K), 0.0557138 secs] [Times: user=0.33 sys=0.00, real=0.06 secs] 
3549.781: [GC (Allocation Failure) [PSYoungGen: 342272K->74960K(459776K)] 974951K->806736K(1858048K), 0.0939803 secs] [Times: user=0.55 sys=0.00, real=0.09 secs] 
3550.067: [GC (Allocation Failure) [PSYoungGen: 307448K->113632K(471040K)] 1039224K->914272K(1869312K), 0.0437296 secs] [Times: user=0.26 sys=0.00, real=0.04 secs] 
3552.130: [GC (Allocation Failure) [PSYoungGen: 381920K->84832K(472064K)] 1182560K->990504K(1870336K), 0.0708790 secs] [Times: user=0.42 sys=0.00, real=0.08 secs] 
3554.355: [GC (Allocation Failure) [PSYoungGen: 353120K->128624K(493056K)] 1258792K->1116902K(1891328K), 0.0494245 secs] [Times: user=0.29 sys=0.00, real=0.05 secs] 
3556.043: [GC (Allocation Failure) [PSYoungGen: 423024K->110624K(492032K)] 1411302K->1209773K(1890304K), 0.0609252 secs] [Times: user=0.37 sys=0.00, real=0.06 secs] 
3557.467: [GC (Allocation Failure) [PSYoungGen: 405024K->124032K(495616K)] 1504173K->1333422K(1893888K), 0.0594287 secs] [Times: user=0.35 sys=0.00, real=0.06 secs] 
3559.678: [GC (Allocation Failure) [PSYoungGen: 430208K->122880K(492032K)] 1639598K->1446766K(1890304K), 0.0734289 secs] [Times: user=0.39 sys=0.04, real=0.08 secs] 
3559.751: [Full GC (Ergonomics) [PSYoungGen: 122880K->0K(492032K)] [ParOldGen: 1323886K->251519K(1398272K)] 1446766K->251519K(1890304K), [Metaspace: 60228K->60228K(1105920K)], 0.5364605 secs] [Times: user=2.37 sys=0.00, real=0.53 secs] 
3561.525: [GC (Allocation Failure) [PSYoungGen: 306176K->117760K(507392K)] 557695K->369279K(1905664K), 0.0347361 secs] [Times: user=0.20 sys=0.00, real=0.03 secs] 
3562.850: [GC (Allocation Failure) [PSYoungGen: 446976K->130464K(505856K)] 698495K->489288K(1904128K), 0.0615612 secs] [Times: user=0.36 sys=0.00, real=0.07 secs] 
3565.180: [GC (Allocation Failure) [PSYoungGen: 459680K->132512K(520704K)] 818504K->621432K(1918976K), 0.1139137 secs] [Times: user=0.67 sys=0.01, real=0.12 secs] 
3567.423: [GC (Allocation Failure) [PSYoungGen: 476576K->7328K(351744K)] 965496K->496288K(1750016K), 0.0049602 secs] [Times: user=0.02 sys=0.00, real=0.00 secs] 
3571.299: [GC (Allocation Failure) [PSYoungGen: 351392K->155216K(489984K)] 840352K->649118K(1888256K), 0.0322044 secs] [Times: user=0.19 sys=0.00, real=0.04 secs] 
3572.737: [GC (Allocation Failure) [PSYoungGen: 455760K->100768K(499712K)] 949662K->740685K(1897984K), 0.0758398 secs] [Times: user=0.45 sys=0.00, real=0.08 secs] 
3575.890: [GC (Allocation Failure) [PSYoungGen: 401312K->135376K(499200K)] 1041229K->874158K(1897472K), 0.0509903 secs] [Times: user=0.30 sys=0.00, real=0.05 secs] 
3577.288: [GC (Allocation Failure) [PSYoungGen: 443088K->106448K(500736K)] 1181870K->971370K(1899008K), 0.0631938 secs] [Times: user=0.38 sys=0.00, real=0.06 secs] 
3579.856: [GC (Allocation Failure) [PSYoungGen: 414160K->136831K(499200K)] 1279082K->1107162K(1897472K), 0.0567472 secs] [Times: user=0.34 sys=0.00, real=0.06 secs] 
3581.765: [GC (Allocation Failure) [PSYoungGen: 449663K->109280K(500736K)] 1419994K->1207699K(1899008K), 0.0652378 secs] [Times: user=0.38 sys=0.01, real=0.06 secs] 
3584.447: [GC (Allocation Failure) [PSYoungGen: 422112K->136464K(504832K)] 1520531K->1342980K(1903104K), 0.0608260 secs] [Times: user=0.36 sys=0.01, real=0.06 secs] 
3584.507: [Full GC (Ergonomics) [PSYoungGen: 136464K->0K(504832K)] [ParOldGen: 1206515K->153308K(1398272K)] 1342980K->153308K(1903104K), [Metaspace: 60229K->60229K(1105920K)], 0.3578069 secs] [Times: user=1.64 sys=0.00, real=0.36 secs] 
3587.316: [GC (Allocation Failure) [PSYoungGen: 323072K->112528K(506368K)] 476380K->265837K(1904640K), 0.0395050 secs] [Times: user=0.24 sys=0.00, real=0.04 secs] 
3589.076: [GC (Allocation Failure) [PSYoungGen: 435600K->144320K(506368K)] 588909K->409253K(1904640K), 0.0569618 secs] [Times: user=0.34 sys=0.00, real=0.06 secs] 
3591.269: [GC (Allocation Failure) [PSYoungGen: 473536K->113296K(510976K)] 738469K->513518K(1909248K), 0.0663269 secs] [Times: user=0.39 sys=0.00, real=0.07 secs] 
3594.965: [GC (Allocation Failure) [PSYoungGen: 442512K->156384K(505344K)] 842734K->667770K(1903616K), 0.0557219 secs] [Times: user=0.33 sys=0.00, real=0.05 secs] 
3596.896: [GC (Allocation Failure) [PSYoungGen: 485600K->112752K(514048K)] 996986K->763275K(1912320K), 0.1652294 secs] [Times: user=0.97 sys=0.01, real=0.17 secs] 
3599.084: [GC (Allocation Failure) [PSYoungGen: 441968K->151520K(508416K)] 1092491K->912151K(1906688K), 0.0548930 secs] [Times: user=0.33 sys=0.00, real=0.05 secs] 
3602.133: [GC (Allocation Failure) [PSYoungGen: 479712K->107544K(513536K)] 1240343K->1010236K(1911808K), 0.1703209 secs] [Times: user=1.02 sys=0.01, real=0.17 secs] 
3604.318: [GC (Allocation Failure) [PSYoungGen: 435736K->153440K(506368K)] 1338428K->1159724K(1904640K), 0.0536873 secs] [Times: user=0.32 sys=0.01, real=0.06 secs] 
3607.440: [GC (Allocation Failure) [PSYoungGen: 477536K->107648K(511488K)] 1483820K->1258472K(1909760K), 0.1637696 secs] [Times: user=0.97 sys=0.00, real=0.17 secs] 
3610.544: [GC (Allocation Failure) [PSYoungGen: 426186K->144896K(510464K)] 1577011K->1399377K(1908736K), 0.1484880 secs] [Times: user=0.88 sys=0.00, real=0.15 secs] 
3610.693: [Full GC (Ergonomics) [PSYoungGen: 144896K->0K(510464K)] [ParOldGen: 1254481K->197328K(1398272K)] 1399377K->197328K(1908736K), [Metaspace: 60352K->60352K(1105920K)], 0.5427746 secs] [Times: user=2.61 sys=0.00, real=0.54 secs] 
3614.508: [GC (Allocation Failure) [PSYoungGen: 326144K->106528K(433152K)] 523472K->303857K(1831424K), 0.1001305 secs] [Times: user=0.59 sys=0.01, real=0.10 secs] 
3615.526: [GC (Allocation Failure) [PSYoungGen: 417449K->144336K(509440K)] 614778K->444566K(1907712K), 0.0504374 secs] [Times: user=0.30 sys=0.00, real=0.05 secs] 
3619.052: [GC (Allocation Failure) [PSYoungGen: 470480K->106640K(511488K)] 770710K->542282K(1909760K), 0.1645349 secs] [Times: user=0.99 sys=0.00, real=0.16 secs] 
3619.953: [GC (Allocation Failure) [PSYoungGen: 432784K->155376K(504832K)] 868426K->693979K(1903104K), 0.0524053 secs] [Times: user=0.31 sys=0.00, real=0.05 secs] 
3624.080: [GC (Allocation Failure) [PSYoungGen: 477424K->100112K(510464K)] 1016027K->793583K(1908736K), 0.1642497 secs] [Times: user=0.98 sys=0.00, real=0.17 secs] 
3625.074: [GC (Allocation Failure) [PSYoungGen: 422160K->154720K(501760K)] 1115631K->937995K(1900032K), 0.0557433 secs] [Times: user=0.33 sys=0.00, real=0.05 secs] 
3627.691: [GC (Allocation Failure) [PSYoungGen: 469600K->95904K(506880K)] 1252875K->1033199K(1905152K), 0.1679041 secs] [Times: user=0.99 sys=0.01, real=0.17 secs] 
3628.384: [GC (Allocation Failure) [PSYoungGen: 410784K->150464K(501760K)] 1348079K->1177648K(1900032K), 0.0732971 secs] [Times: user=0.44 sys=0.00, real=0.07 secs] 
3632.539: [GC (Allocation Failure) [PSYoungGen: 458334K->86160K(504832K)] 1485519K->1263313K(1903104K), 0.1490433 secs] [Times: user=0.89 sys=0.01, real=0.15 secs] 
3633.280: [GC (Allocation Failure) [PSYoungGen: 382719K->138496K(502784K)] 1559872K->1398501K(1901056K), 0.0691590 secs] [Times: user=0.41 sys=0.00, real=0.07 secs] 
3633.349: [Full GC (Ergonomics) [PSYoungGen: 138496K->0K(502784K)] [ParOldGen: 1260005K->197275K(1398272K)] 1398501K->197275K(1901056K), [Metaspace: 60352K->60352K(1105920K)], 0.4791083 secs] [Times: user=2.23 sys=0.00, real=0.48 secs] 
3636.403: [GC (Allocation Failure) [PSYoungGen: 310784K->101696K(503808K)] 508059K->298971K(1902080K), 0.0988024 secs] [Times: user=0.58 sys=0.00, real=0.10 secs] 
3637.424: [GC (Allocation Failure) [PSYoungGen: 412480K->146576K(501760K)] 609755K->441481K(1900032K), 0.0487729 secs] [Times: user=0.28 sys=0.01, real=0.05 secs] 
3640.722: [GC (Allocation Failure) [PSYoungGen: 458384K->100416K(503808K)] 753289K->532808K(1902080K), 0.1052468 secs] [Times: user=0.63 sys=0.00, real=0.10 secs] 
3641.859: [GC (Allocation Failure) [PSYoungGen: 412224K->147456K(503808K)] 844616K->675805K(1902080K), 0.0498290 secs] [Times: user=0.29 sys=0.01, real=0.05 secs] 
3643.939: [GC (Allocation Failure) [PSYoungGen: 461824K->106080K(420864K)] 990173K->772625K(1819136K), 0.1392687 secs] [Times: user=0.83 sys=0.00, real=0.14 secs] 
3645.640: [GC (Allocation Failure) [PSYoungGen: 420448K->154592K(499200K)] 1086993K->923518K(1897472K), 0.0523214 secs] [Times: user=0.31 sys=0.00, real=0.06 secs] 
3648.560: [GC (Allocation Failure) [PSYoungGen: 465376K->103296K(504832K)] 1234302K->1009698K(1903104K), 0.1155278 secs] [Times: user=0.68 sys=0.00, real=0.12 secs] 
3649.755: [GC (Allocation Failure) [PSYoungGen: 414080K->144688K(504320K)] 1320482K->1150335K(1902592K), 0.0510881 secs] [Times: user=0.30 sys=0.00, real=0.05 secs] 
3654.028: [GC (Allocation Failure) [PSYoungGen: 458544K->103072K(505856K)] 1464191K->1243814K(1904128K), 0.0805748 secs] [Times: user=0.47 sys=0.00, real=0.08 secs] 
3656.220: [GC (GCLocker Initiated GC) [PSYoungGen: 416928K->144624K(504832K)] 1557670K->1384876K(1903104K), 0.0527053 secs] [Times: user=0.31 sys=0.00, real=0.06 secs] 
3656.273: [Full GC (Ergonomics) [PSYoungGen: 144624K->0K(504832K)] [ParOldGen: 1240251K->184973K(1398272K)] 1384876K->184973K(1903104K), [Metaspace: 60361K->60361K(1105920K)], 0.4467031 secs] [Times: user=2.09 sys=0.00, real=0.44 secs] 
3658.179: [GC (Allocation Failure) [PSYoungGen: 315392K->105872K(505856K)] 500368K->290849K(1904128K), 0.0758534 secs] [Times: user=0.44 sys=0.00, real=0.08 secs] 
3659.608: [GC (Allocation Failure) [PSYoungGen: 421264K->148800K(503296K)] 606241K->435253K(1901568K), 0.0523098 secs] [Times: user=0.31 sys=0.00, real=0.05 secs] 
3661.562: [GC (Allocation Failure) [PSYoungGen: 464704K->105184K(506368K)] 751157K->531133K(1904640K), 0.1622717 secs] [Times: user=0.96 sys=0.00, real=0.16 secs] 
3662.633: [GC (Allocation Failure) [PSYoungGen: 421088K->148704K(505344K)] 847037K->676266K(1903616K), 0.0522507 secs] [Times: user=0.30 sys=0.00, real=0.05 secs] 
3664.734: [GC (Allocation Failure) [PSYoungGen: 466656K->104736K(508416K)] 994218K->771914K(1906688K), 0.1688464 secs] [Times: user=1.00 sys=0.01, real=0.17 secs] 
3666.533: [GC (Allocation Failure) [PSYoungGen: 422688K->149472K(505856K)] 1089866K->917550K(1904128K), 0.0518349 secs] [Times: user=0.31 sys=0.00, real=0.05 secs] 
3669.648: [GC (Allocation Failure) [PSYoungGen: 467424K->102176K(508416K)] 1235502K->1011038K(1906688K), 0.1709169 secs] [Times: user=1.02 sys=0.00, real=0.17 secs] 
3671.015: [GC (Allocation Failure) [PSYoungGen: 420128K->151776K(503296K)] 1328990K->1158739K(1901568K), 0.0519037 secs] [Times: user=0.31 sys=0.00, real=0.05 secs] 
3674.027: [GC (Allocation Failure) [PSYoungGen: 466656K->100832K(506880K)] 1473619K->1250783K(1905152K), 0.1583839 secs] [Times: user=0.94 sys=0.00, real=0.16 secs] 
3675.356: [GC (Allocation Failure) [PSYoungGen: 415712K->150624K(502272K)] 1565663K->1397676K(1900544K), 0.0510108 secs] [Times: user=0.30 sys=0.01, real=0.05 secs] 
3675.408: [Full GC (Ergonomics) [PSYoungGen: 150624K->0K(502272K)] [ParOldGen: 1247052K->196814K(1398272K)] 1397676K->196814K(1900544K), [Metaspace: 60370K->60370K(1105920K)], 0.4790787 secs] [Times: user=2.23 sys=0.00, real=0.48 secs] 
3678.380: [GC (Allocation Failure) [PSYoungGen: 311808K->99440K(505344K)] 508622K->296254K(1903616K), 0.0926175 secs] [Times: user=0.55 sys=0.00, real=0.10 secs] 
3679.687: [GC (GCLocker Initiated GC) [PSYoungGen: 411248K->147280K(504320K)] 608062K->440122K(1902592K), 0.0488218 secs] [Times: user=0.29 sys=0.00, real=0.05 secs] 
3682.839: [GC (Allocation Failure) [PSYoungGen: 460112K->100928K(414208K)] 752956K->532639K(1812480K), 0.1717326 secs] [Times: user=1.02 sys=0.01, real=0.17 secs] 
3684.574: [GC (Allocation Failure) [PSYoungGen: 413760K->147040K(503296K)] 845471K->675788K(1901568K), 0.0504904 secs] [Times: user=0.30 sys=0.00, real=0.05 secs] 
3687.546: [GC (Allocation Failure) [PSYoungGen: 459360K->101360K(505344K)] 988108K->768037K(1903616K), 0.1609174 secs] [Times: user=0.96 sys=0.00, real=0.16 secs] 
3689.664: [GC (Allocation Failure) [PSYoungGen: 413680K->147184K(503296K)] 1080357K->911058K(1901568K), 0.0508734 secs] [Times: user=0.30 sys=0.00, real=0.05 secs] 
3691.864: [GC (Allocation Failure) [PSYoungGen: 460016K->103040K(505344K)] 1223890K->1004881K(1903616K), 0.1386366 secs] [Times: user=0.81 sys=0.02, real=0.14 secs] 
3694.307: [GC (Allocation Failure) [PSYoungGen: 415872K->145280K(504832K)] 1317713K->1146002K(1903104K), 0.0734741 secs] [Times: user=0.43 sys=0.00, real=0.07 secs] 
3697.483: [GC (Allocation Failure) [PSYoungGen: 460160K->105376K(505856K)] 1460882K->1242802K(1904128K), 0.1720910 secs] [Times: user=1.03 sys=0.00, real=0.17 secs] 
3699.683: [GC (Allocation Failure) [PSYoungGen: 420256K->146064K(504832K)] 1557682K->1385595K(1903104K), 0.0531958 secs] [Times: user=0.31 sys=0.01, real=0.05 secs] 
3699.736: [Full GC (Ergonomics) [PSYoungGen: 146064K->0K(504832K)] [ParOldGen: 1239531K->183879K(1398272K)] 1385595K->183879K(1903104K), [Metaspace: 60377K->60377K(1105920K)], 0.4410183 secs] [Times: user=2.04 sys=0.00, real=0.44 secs] 
3701.557: [GC (Allocation Failure) [PSYoungGen: 316416K->107488K(506368K)] 500295K->291367K(1904640K), 0.0558880 secs] [Times: user=0.32 sys=0.00, real=0.06 secs] 
3703.066: [GC (Allocation Failure) [PSYoungGen: 423904K->156320K(500736K)] 607783K->444280K(1899008K), 0.0525166 secs] [Times: user=0.31 sys=0.00, real=0.05 secs] 
3707.642: [GC (Allocation Failure) [PSYoungGen: 470176K->100288K(506368K)] 758136K->527400K(1904640K), 0.1468584 secs] [Times: user=0.87 sys=0.00, real=0.14 secs] 
3709.558: [GC (Allocation Failure) [PSYoungGen: 414144K->146848K(505344K)] 841256K->670077K(1903616K), 0.0505016 secs] [Times: user=0.30 sys=0.00, real=0.05 secs] 
3711.310: [GC (Allocation Failure) [PSYoungGen: 461728K->106928K(421888K)] 984957K->768077K(1820160K), 0.1198519 secs] [Times: user=0.71 sys=0.00, real=0.12 secs] 
3712.959: [GC (Allocation Failure) [PSYoungGen: 421808K->145488K(503808K)] 1082957K->909706K(1902080K), 0.0527973 secs] [Times: user=0.31 sys=0.00, real=0.06 secs] 
3716.865: [GC (Allocation Failure) [PSYoungGen: 460368K->100944K(505344K)] 1224586K->1001242K(1903616K), 0.1580508 secs] [Times: user=0.95 sys=0.00, real=0.16 secs] 
3719.968: [GC (Allocation Failure) [PSYoungGen: 415824K->143072K(507392K)] 1316122K->1141882K(1905664K), 0.0512637 secs] [Times: user=0.30 sys=0.00, real=0.05 secs] 
3721.727: [GC (Allocation Failure) [PSYoungGen: 462048K->105536K(507904K)] 1460858K->1238350K(1906176K), 0.1676702 secs] [Times: user=1.00 sys=0.00, real=0.17 secs] 
3723.559: [GC (Allocation Failure) [PSYoungGen: 424512K->148368K(505344K)] 1557326K->1384776K(1903616K), 0.1418841 secs] [Times: user=0.84 sys=0.00, real=0.15 secs] 
3723.701: [Full GC (Ergonomics) [PSYoungGen: 148368K->0K(505344K)] [ParOldGen: 1236407K->184150K(1398272K)] 1384776K->184150K(1903616K), [Metaspace: 60377K->60377K(1105920K)], 0.4961725 secs] [Times: user=2.38 sys=0.00, real=0.49 secs] 
3726.743: [GC (Allocation Failure) [PSYoungGen: 318976K->103072K(507904K)] 503126K->287222K(1906176K), 0.0515042 secs] [Times: user=0.30 sys=0.00, real=0.05 secs] 
3728.500: [GC (Allocation Failure) [PSYoungGen: 422048K->148000K(506880K)] 606198K->432117K(1905152K), 0.0515851 secs] [Times: user=0.30 sys=0.00, real=0.06 secs] 
3731.006: [GC (Allocation Failure) [PSYoungGen: 468000K->108800K(429056K)] 752117K->531897K(1827328K), 0.1296933 secs] [Times: user=0.77 sys=0.00, real=0.13 secs] 
3732.192: [GC (Allocation Failure) [PSYoungGen: 428800K->150208K(505856K)] 851897K->678978K(1904128K), 0.0531536 secs] [Times: user=0.31 sys=0.00, real=0.05 secs] 
3734.646: [GC (Allocation Failure) [PSYoungGen: 469696K->106256K(508928K)] 998466K->776555K(1907200K), 0.1499815 secs] [Times: user=0.89 sys=0.01, real=0.15 secs] 
3735.776: [GC (Allocation Failure) [PSYoungGen: 423087K->149120K(506880K)] 1093386K->922211K(1905152K), 0.0521020 secs] [Times: user=0.31 sys=0.00, real=0.05 secs] 
3737.920: [GC (Allocation Failure) [PSYoungGen: 469120K->105312K(509440K)] 1242211K->1018755K(1907712K), 0.1025284 secs] [Times: user=0.61 sys=0.00, real=0.11 secs] 
3738.442: [GC (Allocation Failure) [PSYoungGen: 411107K->145248K(508928K)] 1324551K->1160453K(1907200K), 0.0514937 secs] [Times: user=0.31 sys=0.00, real=0.05 secs] 
3741.499: [GC (Allocation Failure) [PSYoungGen: 466784K->105808K(427520K)] 1481989K->1257877K(1825792K), 0.1632206 secs] [Times: user=0.98 sys=0.00, real=0.17 secs] 
3742.164: [GC (Allocation Failure) [PSYoungGen: 427344K->153408K(503808K)] 1579413K->1407754K(1902080K), 0.0525177 secs] [Times: user=0.31 sys=0.01, real=0.05 secs] 
3742.216: [Full GC (Ergonomics) [PSYoungGen: 153408K->0K(503808K)] [ParOldGen: 1254346K->206077K(1398272K)] 1407754K->206077K(1902080K), [Metaspace: 60381K->60381K(1105920K)], 0.4847835 secs] [Times: user=2.27 sys=0.00, real=0.49 secs] 
3745.952: [GC (GCLocker Initiated GC) [PSYoungGen: 317952K->94785K(508416K)] 524029K->300862K(1906688K), 0.1941142 secs] [Times: user=1.16 sys=0.00, real=0.19 secs] 
3746.493: [GC (Allocation Failure) [PSYoungGen: 412737K->150336K(502784K)] 618834K->447406K(1901056K), 0.0540395 secs] [Times: user=0.32 sys=0.00, real=0.05 secs] 
3750.069: [GC (Allocation Failure) [PSYoungGen: 463168K->92304K(505856K)] 760238K->539231K(1904128K), 0.1615791 secs] [Times: user=0.85 sys=0.00, real=0.17 secs] 
3750.776: [GC (Allocation Failure) [PSYoungGen: 390458K->139552K(502784K)] 837384K->675315K(1901056K), 0.0501026 secs] [Times: user=0.29 sys=0.00, real=0.05 secs] 
3753.753: [GC (Allocation Failure) [PSYoungGen: 453408K->102080K(504832K)] 989171K->768943K(1903104K), 0.1500112 secs] [Times: user=0.89 sys=0.00, real=0.15 secs] 
3754.762: [GC (Allocation Failure) [PSYoungGen: 415936K->148832K(504320K)] 1082799K->914160K(1902592K), 0.0502859 secs] [Times: user=0.29 sys=0.00, real=0.05 secs] 
3759.421: [GC (Allocation Failure) [PSYoungGen: 464736K->99600K(507392K)] 1230064K->1005245K(1905664K), 0.1633670 secs] [Times: user=0.96 sys=0.02, real=0.17 secs] 
3761.656: [GC (Allocation Failure) [PSYoungGen: 415504K->148496K(503296K)] 1321149K->1149034K(1901568K), 0.0497945 secs] [Times: user=0.30 sys=0.00, real=0.05 secs] 
3764.501: [GC (Allocation Failure) [PSYoungGen: 462352K->101344K(506368K)] 1462890K->1241505K(1904640K), 0.1748069 secs] [Times: user=1.03 sys=0.01, real=0.17 secs] 
3766.612: [GC (Allocation Failure) [PSYoungGen: 415200K->149600K(502784K)] 1555361K->1386310K(1901056K), 0.0511250 secs] [Times: user=0.31 sys=0.00, real=0.05 secs] 
3766.663: [Full GC (Ergonomics) [PSYoungGen: 149600K->0K(502784K)] [ParOldGen: 1236710K->191835K(1398272K)] 1386310K->191835K(1901056K), [Metaspace: 60382K->60382K(1105920K)], 0.4745453 secs] [Times: user=2.22 sys=0.00, real=0.47 secs] 
3769.438: [GC (Allocation Failure) [PSYoungGen: 312832K->101872K(505856K)] 504667K->293707K(1904128K), 0.0952434 secs] [Times: user=0.55 sys=0.01, real=0.10 secs] 
3771.447: [GC (Allocation Failure) [PSYoungGen: 414704K->147264K(504320K)] 606539K->437180K(1902592K), 0.0506762 secs] [Times: user=0.30 sys=0.00, real=0.05 secs] 
3774.681: [GC (Allocation Failure) [PSYoungGen: 461120K->100576K(414720K)] 751036K->529320K(1812992K), 0.1727089 secs] [Times: user=1.03 sys=0.00, real=0.18 secs] 
3777.445: [GC (Allocation Failure) [PSYoungGen: 414432K->148032K(503296K)] 843176K->673069K(1901568K), 0.0510747 secs] [Times: user=0.30 sys=0.00, real=0.05 secs] 
3779.733: [GC (Allocation Failure) [PSYoungGen: 461376K->101664K(505856K)] 986413K->765913K(1904128K), 0.1656573 secs] [Times: user=0.98 sys=0.01, real=0.16 secs] 
3781.643: [GC (Allocation Failure) [PSYoungGen: 415008K->147360K(503808K)] 1079257K->909318K(1902080K), 0.0515217 secs] [Times: user=0.31 sys=0.00, real=0.05 secs] 
3783.456: [GC (Allocation Failure) [PSYoungGen: 461216K->103088K(417280K)] 1223174K->1003423K(1815552K), 0.1438360 secs] [Times: user=0.86 sys=0.00, real=0.14 secs] 
3785.779: [GC (Allocation Failure) [PSYoungGen: 416944K->148160K(503296K)] 1317279K->1147355K(1901568K), 0.0521033 secs] [Times: user=0.31 sys=0.00, real=0.06 secs] 
3788.585: [GC (Allocation Failure) [PSYoungGen: 462016K->102784K(505856K)] 1461211K->1241147K(1904128K), 0.1636894 secs] [Times: user=0.98 sys=0.00, real=0.16 secs] 
3790.644: [GC (Allocation Failure) [PSYoungGen: 416640K->146544K(504832K)] 1555003K->1384369K(1903104K), 0.0522616 secs] [Times: user=0.31 sys=0.00, real=0.05 secs] 
3790.696: [Full GC (Ergonomics) [PSYoungGen: 146544K->0K(504832K)] [ParOldGen: 1237824K->184170K(1398272K)] 1384369K->184170K(1903104K), [Metaspace: 60384K->60384K(1105920K)], 0.4454494 secs] [Times: user=2.07 sys=0.00, real=0.45 secs] 
3792.982: [GC (Allocation Failure) [PSYoungGen: 315392K->105440K(420864K)] 499562K->289610K(1819136K), 0.1047288 secs] [Times: user=0.61 sys=0.00, real=0.10 secs] 
3794.549: [GC (Allocation Failure) [PSYoungGen: 420832K->144352K(505344K)] 605002K->431111K(1903616K), 0.0552326 secs] [Times: user=0.33 sys=0.00, real=0.06 secs] 
3797.731: [GC (Allocation Failure) [PSYoungGen: 461280K->101840K(506368K)] 748039K->524119K(1904640K), 0.1441759 secs] [Times: user=0.86 sys=0.00, real=0.14 secs] 
3799.938: [GC (Allocation Failure) [PSYoungGen: 418768K->155008K(501248K)] 841047K->676523K(1899520K), 0.0520462 secs] [Times: user=0.31 sys=0.00, real=0.05 secs] 
3802.596: [GC (Allocation Failure) [PSYoungGen: 468864K->103152K(506368K)] 990379K->762564K(1904640K), 0.1113376 secs] [Times: user=0.65 sys=0.01, real=0.11 secs] 
3804.801: [GC (Allocation Failure) [PSYoungGen: 417008K->145888K(505856K)] 1076420K->905588K(1904128K), 0.0521191 secs] [Times: user=0.31 sys=0.00, real=0.05 secs] 
3806.987: [GC (Allocation Failure) [PSYoungGen: 461792K->104768K(420864K)] 1221492K->1001412K(1819136K), 0.1705872 secs] [Times: user=1.02 sys=0.00, real=0.17 secs] 
3808.876: [GC (Allocation Failure) [PSYoungGen: 420672K->145648K(504320K)] 1317316K->1144662K(1902592K), 0.0531246 secs] [Times: user=0.32 sys=0.00, real=0.05 secs] 
3811.087: [GC (Allocation Failure) [PSYoungGen: 461552K->104672K(505856K)] 1460566K->1240161K(1904128K), 0.1111009 secs] [Times: user=0.66 sys=0.00, real=0.11 secs] 
3813.439: [GC (Allocation Failure) [PSYoungGen: 420576K->146688K(505856K)] 1556065K->1384180K(1904128K), 0.0532581 secs] [Times: user=0.32 sys=0.00, real=0.06 secs] 
3813.493: [Full GC (Ergonomics) [PSYoungGen: 146688K->0K(505856K)] [ParOldGen: 1237492K->182857K(1398272K)] 1384180K->182857K(1904128K), [Metaspace: 60384K->60384K(1105920K)], 0.4465425 secs] [Times: user=2.09 sys=0.00, real=0.44 secs] 
3816.542: [GC (Allocation Failure) [PSYoungGen: 318464K->107200K(507904K)] 501321K->290057K(1906176K), 0.0965102 secs] [Times: user=0.57 sys=0.00, real=0.09 secs] 
3819.208: [GC (Allocation Failure) [PSYoungGen: 425664K->148240K(505856K)] 608521K->434414K(1904128K), 0.0528713 secs] [Times: user=0.31 sys=0.00, real=0.06 secs] 
3821.728: [GC (Allocation Failure) [PSYoungGen: 467728K->105440K(508416K)] 753902K->530846K(1906688K), 0.1590867 secs] [Times: user=0.95 sys=0.00, real=0.16 secs] 
3823.675: [GC (Allocation Failure) [PSYoungGen: 424928K->149440K(506368K)] 850334K->676279K(1904640K), 0.0517259 secs] [Times: user=0.30 sys=0.00, real=0.05 secs] 
3827.112: [GC (Allocation Failure) [PSYoungGen: 469440K->107424K(509440K)] 996279K->774307K(1907712K), 0.1690905 secs] [Times: user=1.01 sys=0.00, real=0.17 secs] 
3829.230: [GC (Allocation Failure) [PSYoungGen: 427424K->149728K(506880K)] 1094307K->920156K(1905152K), 0.1162776 secs] [Times: user=0.69 sys=0.00, real=0.12 secs] 
3833.437: [GC (GCLocker Initiated GC) [PSYoungGen: 469728K->101040K(509440K)] 1240156K->1012565K(1907712K), 0.1671559 secs] [Times: user=1.00 sys=0.00, real=0.17 secs] 
3835.351: [GC (Allocation Failure) [PSYoungGen: 421040K->150704K(504832K)] 1332568K->1159053K(1903104K), 0.1130038 secs] [Times: user=0.67 sys=0.00, real=0.12 secs] 
3838.386: [GC (Allocation Failure) [PSYoungGen: 467632K->102368K(507904K)] 1475981K->1252964K(1906176K), 0.1738861 secs] [Times: user=1.03 sys=0.01, real=0.17 secs] 
3839.559: [GC (GCLocker Initiated GC) [PSYoungGen: 419296K->148528K(504832K)] 1569892K->1397762K(1903104K), 0.0512129 secs] [Times: user=0.30 sys=0.01, real=0.05 secs] 
3839.610: [Full GC (Ergonomics) [PSYoungGen: 148528K->0K(504832K)] [ParOldGen: 1249233K->196635K(1398272K)] 1397762K->196635K(1903104K), [Metaspace: 60385K->60385K(1105920K)], 0.4825588 secs] [Times: user=2.25 sys=0.00, real=0.49 secs] 
3842.934: [GC (Allocation Failure) [PSYoungGen: 315904K->103744K(507392K)] 512541K->300381K(1905664K), 0.0953328 secs] [Times: user=0.57 sys=0.00, real=0.09 secs] 
3846.181: [GC (Allocation Failure) [PSYoungGen: 419440K->148000K(505344K)] 616077K->443874K(1903616K), 0.1466033 secs] [Times: user=0.87 sys=0.00, real=0.15 secs] 
3850.534: [GC (Allocation Failure) [PSYoungGen: 464416K->100016K(507392K)] 760290K->535446K(1905664K), 0.1104685 secs] [Times: user=0.66 sys=0.00, real=0.11 secs] 
3851.167: [GC (GCLocker Initiated GC) [PSYoungGen: 416432K->150608K(503296K)] 851863K->682852K(1901568K), 0.0503953 secs] [Times: user=0.30 sys=0.00, real=0.05 secs] 
3854.332: [GC (Allocation Failure) [PSYoungGen: 464464K->101824K(506368K)] 996727K->776155K(1904640K), 0.1554166 secs] [Times: user=0.93 sys=0.00, real=0.15 secs] 
3855.898: [GC (Allocation Failure) [PSYoungGen: 415680K->148512K(504320K)] 1090011K->920288K(1902592K), 0.0493347 secs] [Times: user=0.29 sys=0.00, real=0.05 secs] 
3858.460: [GC (Allocation Failure) [PSYoungGen: 462368K->103296K(506368K)] 1234144K->1014388K(1904640K), 0.1638888 secs] [Times: user=0.97 sys=0.00, real=0.17 secs] 
3860.784: [GC (Allocation Failure) [PSYoungGen: 417152K->146624K(504832K)] 1328244K->1156761K(1903104K), 0.1457654 secs] [Times: user=0.87 sys=0.00, real=0.14 secs] 
3863.367: [GC (Allocation Failure) [PSYoungGen: 460992K->101328K(415744K)] 1471129K->1249541K(1814016K), 0.1360054 secs] [Times: user=0.81 sys=0.01, real=0.14 secs] 
3865.463: [GC (Allocation Failure) [PSYoungGen: 415696K->147648K(503296K)] 1563909K->1393285K(1901568K), 0.0512249 secs] [Times: user=0.31 sys=0.00, real=0.05 secs] 
3865.515: [Full GC (Ergonomics) [PSYoungGen: 147648K->0K(503296K)] [ParOldGen: 1245637K->190890K(1398272K)] 1393285K->190890K(1901568K), [Metaspace: 60409K->60409K(1105920K)], 0.4626175 secs] [Times: user=2.17 sys=0.00, real=0.46 secs] 
3868.847: [GC (Allocation Failure) [PSYoungGen: 313856K->103329K(505856K)] 504746K->294220K(1904128K), 0.0834865 secs] [Times: user=0.50 sys=0.00, real=0.08 secs] 
3870.370: [GC (Allocation Failure) [PSYoungGen: 417185K->146496K(505344K)] 608076K->437408K(1903616K), 0.0507415 secs] [Times: user=0.30 sys=0.00, real=0.06 secs] 
3873.116: [GC (Allocation Failure) [PSYoungGen: 462400K->105152K(506880K)] 753312K->533684K(1905152K), 0.1568290 secs] [Times: user=0.91 sys=0.01, real=0.16 secs] 
3875.028: [GC (Allocation Failure) [PSYoungGen: 421056K->146944K(504832K)] 849588K->676669K(1903104K), 0.0519616 secs] [Times: user=0.30 sys=0.00, real=0.05 secs] 
3878.180: [GC (Allocation Failure) [PSYoungGen: 463360K->105728K(506880K)] 993085K->773457K(1905152K), 0.1614096 secs] [Times: user=0.96 sys=0.00, real=0.17 secs] 
3879.986: [GC (Allocation Failure) [PSYoungGen: 422144K->155760K(501248K)] 1089873K->924863K(1899520K), 0.0526906 secs] [Times: user=0.31 sys=0.00, real=0.05 secs] 
3883.446: [GC (Allocation Failure) [PSYoungGen: 469616K->104032K(506368K)] 1238719K->1011302K(1904640K), 0.1072342 secs] [Times: user=0.62 sys=0.00, real=0.11 secs] 
3884.844: [GC (Allocation Failure) [PSYoungGen: 417888K->146960K(505344K)] 1325158K->1153948K(1903616K), 0.0519570 secs] [Times: user=0.31 sys=0.00, real=0.05 secs] 
3889.272: [GC (Allocation Failure) [PSYoungGen: 461840K->100032K(415232K)] 1468828K->1244419K(1813504K), 0.1680091 secs] [Times: user=1.00 sys=0.00, real=0.16 secs] 
3891.747: [GC (Allocation Failure) [PSYoungGen: 414912K->148992K(503808K)] 1559299K->1389136K(1902080K), 0.0514622 secs] [Times: user=0.31 sys=0.00, real=0.05 secs] 
3891.798: [Full GC (Ergonomics) [PSYoungGen: 148992K->0K(503808K)] [ParOldGen: 1240144K->186680K(1398272K)] 1389136K->186680K(1902080K), [Metaspace: 60409K->60409K(1105920K)], 0.4525731 secs] [Times: user=2.12 sys=0.00, real=0.45 secs] 
3894.453: [GC (Allocation Failure) [PSYoungGen: 313856K->102000K(506368K)] 500536K->288681K(1904640K), 0.0976480 secs] [Times: user=0.58 sys=0.00, real=0.10 secs] 
3897.380: [GC (Allocation Failure) [PSYoungGen: 415856K->148096K(504320K)] 602537K->432954K(1902592K), 0.0510561 secs] [Times: user=0.31 sys=0.00, real=0.06 secs] 
3900.042: [GC (Allocation Failure) [PSYoungGen: 461952K->103952K(418304K)] 746810K->528035K(1816576K), 0.1638386 secs] [Times: user=0.98 sys=0.00, real=0.16 secs] 
3902.682: [GC (Allocation Failure) [PSYoungGen: 417808K->146800K(504320K)] 841891K->670564K(1902592K), 0.0515711 secs] [Times: user=0.30 sys=0.00, real=0.05 secs] 
3904.479: [GC (GCLocker Initiated GC) [PSYoungGen: 461168K->106704K(505856K)] 984932K->768548K(1904128K), 0.0862625 secs] [Times: user=0.51 sys=0.00, real=0.09 secs] 
3905.665: [GC (Allocation Failure) [PSYoungGen: 421072K->148256K(503296K)] 1082972K->913056K(1901568K), 0.0521147 secs] [Times: user=0.31 sys=0.00, real=0.05 secs] 
3910.402: [GC (Allocation Failure) [PSYoungGen: 463136K->100256K(505856K)] 1227936K->1004312K(1904128K), 0.1071265 secs] [Times: user=0.63 sys=0.00, real=0.10 secs] 
3912.840: [GC (Allocation Failure) [PSYoungGen: 415136K->147072K(505856K)] 1319192K->1147860K(1904128K), 0.0510531 secs] [Times: user=0.30 sys=0.00, real=0.06 secs] 
3915.870: [GC (Allocation Failure) [PSYoungGen: 464000K->105184K(422400K)] 1464788K->1244204K(1820672K), 0.1810937 secs] [Times: user=1.08 sys=0.00, real=0.19 secs] 
3917.842: [GC (Allocation Failure) [PSYoungGen: 422112K->145536K(506368K)] 1561132K->1386149K(1904640K), 0.0549266 secs] [Times: user=0.33 sys=0.00, real=0.05 secs] 
3917.897: [Full GC (Ergonomics) [PSYoungGen: 145536K->0K(506368K)] [ParOldGen: 1240613K->184093K(1398272K)] 1386149K->184093K(1904640K), [Metaspace: 60409K->60409K(1105920K)], 0.4448885 secs] [Times: user=2.07 sys=0.00, real=0.45 secs] 
3920.613: [GC (Allocation Failure) [PSYoungGen: 317952K->105376K(507392K)] 502045K->289469K(1905664K), 0.0913784 secs] [Times: user=0.54 sys=0.00, real=0.09 secs] 
3923.255: [GC (Allocation Failure) [PSYoungGen: 423328K->146784K(505856K)] 607421K->432378K(1904128K), 0.0516200 secs] [Times: user=0.30 sys=0.00, real=0.05 secs] 
3925.192: [GC (Allocation Failure) [PSYoungGen: 465760K->104752K(507904K)] 751354K->528114K(1906176K), 0.1436803 secs] [Times: user=0.86 sys=0.01, real=0.14 secs] 
3927.122: [GC (Allocation Failure) [PSYoungGen: 423728K->151072K(505344K)] 847090K->675110K(1903616K), 0.0523317 secs] [Times: user=0.31 sys=0.00, real=0.05 secs] 
3929.896: [GC (Allocation Failure) [PSYoungGen: 470048K->105776K(508928K)] 994086K->771959K(1907200K), 0.1660481 secs] [Times: user=0.99 sys=0.01, real=0.17 secs] 
3932.035: [GC (Allocation Failure) [PSYoungGen: 424752K->150400K(505344K)] 1090935K->918555K(1903616K), 0.0523966 secs] [Times: user=0.31 sys=0.00, real=0.05 secs] 
3935.126: [GC (Allocation Failure) [PSYoungGen: 468352K->102800K(508416K)] 1236507K->1012856K(1906688K), 0.1472211 secs] [Times: user=0.87 sys=0.00, real=0.15 secs] 
3936.861: [GC (Allocation Failure) [PSYoungGen: 420752K->150432K(504320K)] 1330808K->1159412K(1902592K), 0.0701833 secs] [Times: user=0.42 sys=0.00, real=0.07 secs] 
3941.827: [GC (Allocation Failure) [PSYoungGen: 466336K->99056K(507392K)] 1475316K->1249977K(1905664K), 0.1686785 secs] [Times: user=1.01 sys=0.00, real=0.17 secs] 
3943.531: [GC (Allocation Failure) [PSYoungGen: 414960K->158720K(496640K)] 1565881K->1404413K(1894912K), 0.0507615 secs] [Times: user=0.30 sys=0.00, real=0.06 secs] 
3943.581: [Full GC (Ergonomics) [PSYoungGen: 158720K->0K(496640K)] [ParOldGen: 1245693K->194340K(1398272K)] 1404413K->194340K(1894912K), [Metaspace: 60410K->60410K(1105920K)], 0.4670441 secs] [Times: user=2.18 sys=0.00, real=0.46 secs] 
3946.063: [GC (Allocation Failure) [PSYoungGen: 306688K->97936K(502784K)] 501028K->292276K(1901056K), 0.0990215 secs] [Times: user=0.59 sys=0.00, real=0.10 secs] 
3948.598: [GC (Allocation Failure) [PSYoungGen: 404624K->144992K(502272K)] 598964K->432840K(1900544K), 0.0481797 secs] [Times: user=0.29 sys=0.00, real=0.05 secs] 
3950.811: [GC (Allocation Failure) [PSYoungGen: 453216K->103456K(412160K)] 741064K->527169K(1810432K), 0.1644021 secs] [Times: user=0.98 sys=0.00, real=0.16 secs] 
3953.057: [GC (Allocation Failure) [PSYoungGen: 411680K->151088K(499712K)] 835393K->674982K(1897984K), 0.0516798 secs] [Times: user=0.31 sys=0.00, real=0.05 secs] 
3955.565: [GC (Allocation Failure) [PSYoungGen: 458288K->99312K(502272K)] 982182K->756950K(1900544K), 0.0645498 secs] [Times: user=0.37 sys=0.00, real=0.06 secs] 
3958.359: [GC (Allocation Failure) [PSYoungGen: 406512K->143040K(501760K)] 1064150K->897426K(1900032K), 0.0508143 secs] [Times: user=0.30 sys=0.00, real=0.05 secs] 
3960.058: [GC (Allocation Failure) [PSYoungGen: 453312K->104736K(503296K)] 1207698K->993426K(1901568K), 0.0646146 secs] [Times: user=0.39 sys=0.00, real=0.07 secs] 
3962.793: [GC (Allocation Failure) [PSYoungGen: 415008K->141024K(505344K)] 1303698K->1131935K(1903616K), 0.0521704 secs] [Times: user=0.31 sys=0.00, real=0.05 secs] 
3964.666: [GC (Allocation Failure) [PSYoungGen: 455904K->107168K(504832K)] 1446815K->1229831K(1903104K), 0.0643028 secs] [Times: user=0.39 sys=0.00, real=0.06 secs] 
3967.384: [GC (Allocation Failure) [PSYoungGen: 422048K->144256K(504320K)] 1544711K->1372302K(1902592K), 0.0652568 secs] [Times: user=0.39 sys=0.00, real=0.06 secs] 
3967.450: [Full GC (Ergonomics) [PSYoungGen: 144256K->0K(504320K)] [ParOldGen: 1228046K->170086K(1398272K)] 1372302K->170086K(1902592K), [Metaspace: 60410K->60410K(1105920K)], 0.4051099 secs] [Times: user=1.87 sys=0.00, real=0.41 secs] 
3969.899: [GC (Allocation Failure) [PSYoungGen: 317440K->105984K(505344K)] 487526K->276078K(1903616K), 0.0355919 secs] [Times: user=0.21 sys=0.00, real=0.04 secs] 
3972.951: [GC (Allocation Failure) [PSYoungGen: 423424K->143616K(508416K)] 593518K->417707K(1906688K), 0.0541155 secs] [Times: user=0.32 sys=0.00, real=0.05 secs] 
3974.115: [GC (Allocation Failure) [PSYoungGen: 466688K->109808K(509440K)] 740779K->518328K(1907712K), 0.0647874 secs] [Times: user=0.38 sys=0.00, real=0.06 secs] 
3976.673: [GC (Allocation Failure) [PSYoungGen: 432880K->150336K(506880K)] 841400K->665996K(1905152K), 0.0543719 secs] [Times: user=0.32 sys=0.00, real=0.05 secs] 
3979.657: [GC (Allocation Failure) [PSYoungGen: 473920K->106816K(510464K)] 989580K->764092K(1908736K), 0.1458344 secs] [Times: user=0.86 sys=0.01, real=0.15 secs] 
3982.080: [GC (Allocation Failure) [PSYoungGen: 430400K->150240K(507392K)] 1087676K->911224K(1905664K), 0.0528566 secs] [Times: user=0.31 sys=0.00, real=0.06 secs] 
3985.217: [GC (Allocation Failure) [PSYoungGen: 473312K->105616K(510976K)] 1234296K->1007805K(1909248K), 0.1787735 secs] [Times: user=1.06 sys=0.01, real=0.18 secs] 
3986.793: [GC (Allocation Failure) [PSYoungGen: 428688K->151600K(505344K)] 1330877K->1155706K(1903616K), 0.0527318 secs] [Times: user=0.31 sys=0.00, real=0.05 secs] 
3989.770: [GC (Allocation Failure) [PSYoungGen: 471600K->104160K(509440K)] 1475706K->1250997K(1907712K), 0.1832561 secs] [Times: user=1.09 sys=0.00, real=0.19 secs] 
3991.778: [GC (Allocation Failure) [PSYoungGen: 424160K->150208K(506368K)] 1570997K->1397278K(1904640K), 0.0521025 secs] [Times: user=0.31 sys=0.00, real=0.05 secs] 
3991.830: [Full GC (Ergonomics) [PSYoungGen: 150208K->0K(506368K)] [ParOldGen: 1247070K->195966K(1398272K)] 1397278K->195966K(1904640K), [Metaspace: 60411K->60411K(1105920K)], 0.4681619 secs] [Times: user=2.18 sys=0.00, real=0.47 secs] 
3994.767: [GC (GCLocker Initiated GC) [PSYoungGen: 318976K->104832K(508928K)] 514942K->300798K(1907200K), 0.0988129 secs] [Times: user=0.58 sys=0.01, real=0.10 secs] 
3996.765: [GC (Allocation Failure) [PSYoungGen: 423808K->142688K(508416K)] 636210K->455682K(1906688K), 0.2256625 secs] [Times: user=1.27 sys=0.00, real=0.23 secs] 
3999.997: [GC (Allocation Failure) [PSYoungGen: 463712K->94928K(508928K)] 776706K->550291K(1907200K), 0.4497754 secs] [Times: user=2.69 sys=0.00, real=0.45 secs] 
4000.981: [GC (Allocation Failure) [PSYoungGen: 415952K->153152K(502272K)] 871315K->699271K(1900544K), 0.0548886 secs] [Times: user=0.32 sys=0.00, real=0.06 secs] 
4004.134: [GC (Allocation Failure) [PSYoungGen: 468032K->96864K(506880K)] 1014151K->795855K(1905152K), 0.1534605 secs] [Times: user=0.92 sys=0.00, real=0.15 secs] 
4004.653: [GC (Allocation Failure) [PSYoungGen: 411744K->153600K(499200K)] 1110735K->943636K(1897472K), 0.0560247 secs] [Times: user=0.33 sys=0.00, real=0.05 secs] 
4008.255: [GC (Allocation Failure) [PSYoungGen: 462336K->87440K(503808K)] 1252372K->1030925K(1902080K), 0.1674295 secs] [Times: user=0.99 sys=0.00, real=0.17 secs] 
4009.433: [GC (Allocation Failure) [PSYoungGen: 396176K->148960K(499712K)] 1339661K->1174037K(1897984K), 0.1243349 secs] [Times: user=0.73 sys=0.01, real=0.12 secs] 
4013.600: [GC (Allocation Failure) [PSYoungGen: 453600K->87264K(501760K)] 1478677K->1261005K(1900032K), 0.1616543 secs] [Times: user=0.96 sys=0.00, real=0.17 secs] 
4015.216: [GC (Allocation Failure) [PSYoungGen: 391904K->143472K(501248K)] 1565645K->1400191K(1899520K), 0.0508770 secs] [Times: user=0.29 sys=0.00, real=0.05 secs] 
4015.267: [Full GC (Ergonomics) [PSYoungGen: 143472K->0K(501248K)] [ParOldGen: 1256718K->197302K(1398272K)] 1400191K->197302K(1899520K), [Metaspace: 60411K->60411K(1105920K)], 0.4798726 secs] [Times: user=2.24 sys=0.00, real=0.48 secs] 
4019.211: [GC (Allocation Failure) [PSYoungGen: 304640K->97872K(402944K)] 501942K->295174K(1801216K), 0.0955119 secs] [Times: user=0.56 sys=0.01, real=0.09 secs] 
4019.836: [GC (Allocation Failure) [PSYoungGen: 402512K->144016K(498688K)] 599814K->435791K(1896960K), 0.0477509 secs] [Times: user=0.28 sys=0.01, real=0.05 secs] 
4021.805: [GC (Allocation Failure) [PSYoungGen: 448144K->100576K(499712K)] 739919K->527275K(1897984K), 0.0637261 secs] [Times: user=0.38 sys=0.00, real=0.06 secs] 
4023.948: [GC (Allocation Failure) [PSYoungGen: 404704K->142416K(499712K)] 831403K->666332K(1897984K), 0.0503621 secs] [Times: user=0.30 sys=0.00, real=0.05 secs] 
4025.863: [GC (Allocation Failure) [PSYoungGen: 450128K->104272K(500736K)] 974044K->761860K(1899008K), 0.0761510 secs] [Times: user=0.46 sys=0.00, real=0.07 secs] 
4029.025: [GC (Allocation Failure) [PSYoungGen: 411984K->141024K(502784K)] 1069572K->900209K(1901056K), 0.0515524 secs] [Times: user=0.31 sys=0.00, real=0.05 secs] 
4030.621: [GC (Allocation Failure) [PSYoungGen: 454368K->105856K(503296K)] 1213553K->996905K(1901568K), 0.0643298 secs] [Times: user=0.38 sys=0.00, real=0.06 secs] 
4033.538: [GC (Allocation Failure) [PSYoungGen: 419200K->142128K(504832K)] 1310249K->1136786K(1903104K), 0.0536866 secs] [Times: user=0.32 sys=0.00, real=0.06 secs] 
4036.038: [GC (Allocation Failure) [PSYoungGen: 460592K->107520K(505856K)] 1455250K->1235089K(1904128K), 0.0648358 secs] [Times: user=0.38 sys=0.01, real=0.07 secs] 
4039.579: [GC (Allocation Failure) [PSYoungGen: 425984K->145696K(506368K)] 1553553K->1378166K(1904640K), 0.0540117 secs] [Times: user=0.32 sys=0.00, real=0.06 secs] 
4039.633: [Full GC (Ergonomics) [PSYoungGen: 145696K->0K(506368K)] [ParOldGen: 1232470K->175686K(1398272K)] 1378166K->175686K(1904640K), [Metaspace: 60411K->60411K(1105920K)], 0.4287759 secs] [Times: user=2.01 sys=0.00, real=0.43 secs] 
4041.123: [GC (Allocation Failure) [PSYoungGen: 322560K->110704K(508928K)] 498246K->286391K(1907200K), 0.0349392 secs] [Times: user=0.21 sys=0.00, real=0.03 secs] 
4043.179: [GC (Allocation Failure) [PSYoungGen: 433264K->147680K(507392K)] 608951K->431740K(1905664K), 0.0543416 secs] [Times: user=0.32 sys=0.00, real=0.06 secs] 
4045.536: [GC (Allocation Failure) [PSYoungGen: 472800K->108704K(510976K)] 756860K->531428K(1909248K), 0.1664534 secs] [Times: user=1.00 sys=0.00, real=0.17 secs] 
4048.528: [GC (Allocation Failure) [PSYoungGen: 433824K->151776K(507904K)] 856548K->679016K(1906176K), 0.0528267 secs] [Times: user=0.32 sys=0.00, real=0.05 secs] 
4052.156: [GC (Allocation Failure) [PSYoungGen: 476896K->103904K(512000K)] 1004136K->774064K(1910272K), 0.1774884 secs] [Times: user=1.06 sys=0.01, real=0.18 secs] 
4053.090: [GC (Allocation Failure) [PSYoungGen: 424768K->150864K(506880K)] 1094929K->921640K(1905152K), 0.0518661 secs] [Times: user=0.31 sys=0.00, real=0.06 secs] 
4056.441: [GC (Allocation Failure) [PSYoungGen: 472912K->105856K(510464K)] 1243688K->1019036K(1908736K), 0.1780348 secs] [Times: user=1.06 sys=0.00, real=0.17 secs] 
4057.913: [GC (Allocation Failure) [PSYoungGen: 421826K->145120K(510464K)] 1335006K->1160512K(1908736K), 0.0519028 secs] [Times: user=0.31 sys=0.00, real=0.05 secs] 
4061.515: [GC (Allocation Failure) [PSYoungGen: 469216K->107456K(431616K)] 1484608K->1258992K(1829888K), 0.1641505 secs] [Times: user=0.98 sys=0.00, real=0.16 secs] 
4062.505: [GC (Allocation Failure) [PSYoungGen: 431552K->154160K(504832K)] 1583088K->1409614K(1903104K), 0.0557729 secs] [Times: user=0.33 sys=0.00, real=0.05 secs] 
4062.561: [Full GC (Ergonomics) [PSYoungGen: 154160K->0K(504832K)] [ParOldGen: 1255453K->207904K(1398272K)] 1409614K->207904K(1903104K), [Metaspace: 60412K->60412K(1105920K)], 0.4875586 secs] [Times: user=2.28 sys=0.00, real=0.49 secs] 
4065.950: [GC (Allocation Failure) [PSYoungGen: 320000K->94544K(509440K)] 527904K->302449K(1907712K), 0.1589393 secs] [Times: user=0.95 sys=0.00, real=0.16 secs] 
4067.144: [GC (Allocation Failure) [PSYoungGen: 414544K->152560K(501760K)] 622449K->451137K(1900032K), 0.0534899 secs] [Times: user=0.32 sys=0.00, real=0.05 secs] 
4072.092: [GC (Allocation Failure) [PSYoungGen: 465392K->89840K(505856K)] 763969K->540753K(1904128K), 0.1659510 secs] [Times: user=0.98 sys=0.00, real=0.16 secs] 
4073.100: [GC (Allocation Failure) [PSYoungGen: 402672K->148832K(500736K)] 853585K->685138K(1899008K), 0.0533436 secs] [Times: user=0.31 sys=0.00, real=0.06 secs] 
4074.810: [GC (Allocation Failure) [PSYoungGen: 452631K->93936K(503296K)] 988937K->778506K(1901568K), 0.1554760 secs] [Times: user=0.92 sys=0.00, real=0.16 secs] 
4075.411: [GC (Allocation Failure) [PSYoungGen: 390006K->138208K(499200K)] 1074576K->913498K(1897472K), 0.0802423 secs] [Times: user=0.47 sys=0.00, real=0.08 secs] 
4079.313: [GC (Allocation Failure) [PSYoungGen: 447456K->97328K(501760K)] 1222746K->1002211K(1900032K), 0.1071917 secs] [Times: user=0.63 sys=0.00, real=0.10 secs] 
4080.082: [GC (Allocation Failure) [PSYoungGen: 406576K->143152K(505856K)] 1311459K->1141420K(1904128K), 0.0497662 secs] [Times: user=0.29 sys=0.00, real=0.05 secs] 
4083.706: [GC (Allocation Failure) [PSYoungGen: 458544K->101888K(417792K)] 1456812K->1234315K(1816064K), 0.0658822 secs] [Times: user=0.39 sys=0.00, real=0.07 secs] 
4086.294: [GC (Allocation Failure) [PSYoungGen: 417280K->144880K(503296K)] 1549707K->1375449K(1901568K), 0.0518291 secs] [Times: user=0.31 sys=0.00, real=0.05 secs] 
4086.346: [Full GC (Ergonomics) [PSYoungGen: 144880K->0K(503296K)] [ParOldGen: 1230568K->182041K(1398272K)] 1375449K->182041K(1901568K), [Metaspace: 60412K->60412K(1105920K)], 0.4409625 secs] [Times: user=2.06 sys=0.00, real=0.44 secs] 
4088.664: [GC (Allocation Failure) [PSYoungGen: 314880K->106944K(505344K)] 496921K->288986K(1903616K), 0.0455534 secs] [Times: user=0.27 sys=0.00, real=0.04 secs] 
4089.693: [GC (Allocation Failure) [PSYoungGen: 421824K->147712K(504320K)] 603866K->433878K(1902592K), 0.0528657 secs] [Times: user=0.31 sys=0.00, real=0.05 secs] 
4092.550: [GC (Allocation Failure) [PSYoungGen: 465152K->105024K(506880K)] 751318K->529894K(1905152K), 0.1684350 secs] [Times: user=1.01 sys=0.01, real=0.17 secs] 
4094.498: [GC (Allocation Failure) [PSYoungGen: 422464K->147504K(505856K)] 847334K->673528K(1904128K), 0.0522115 secs] [Times: user=0.31 sys=0.00, real=0.05 secs] 
4096.557: [GC (Allocation Failure) [PSYoungGen: 466992K->106560K(508928K)] 993016K->770475K(1907200K), 0.1778038 secs] [Times: user=1.06 sys=0.00, real=0.18 secs] 
4097.594: [GC (Allocation Failure) [PSYoungGen: 426048K->152768K(503296K)] 1089963K->919720K(1901568K), 0.0536017 secs] [Times: user=0.32 sys=0.00, real=0.05 secs] 
4100.067: [GC (Allocation Failure) [PSYoungGen: 469696K->101968K(507904K)] 1236648K->1012881K(1906176K), 0.1737213 secs] [Times: user=1.03 sys=0.01, real=0.18 secs] 
4101.398: [GC (Allocation Failure) [PSYoungGen: 418896K->150368K(503296K)] 1329809K->1159725K(1901568K), 0.0538298 secs] [Times: user=0.31 sys=0.00, real=0.06 secs] 
4105.188: [GC (Allocation Failure) [PSYoungGen: 465248K->101600K(506880K)] 1474605K->1252965K(1905152K), 0.1604552 secs] [Times: user=0.96 sys=0.00, real=0.16 secs] 
4106.607: [GC (Allocation Failure) [PSYoungGen: 416480K->147328K(505344K)] 1567845K->1396830K(1903616K), 0.0514780 secs] [Times: user=0.30 sys=0.00, real=0.05 secs] 
4106.658: [Full GC (Ergonomics) [PSYoungGen: 147328K->0K(505344K)] [ParOldGen: 1249502K->194771K(1398272K)] 1396830K->194771K(1903616K), [Metaspace: 60412K->60412K(1105920K)], 0.4742617 secs] [Times: user=2.21 sys=0.00, real=0.48 secs] 
4109.875: [GC (Allocation Failure) [PSYoungGen: 315904K->102688K(507392K)] 510675K->297459K(1905664K), 0.0906898 secs] [Times: user=0.42 sys=0.00, real=0.09 secs] 
4111.411: [GC (Allocation Failure) [PSYoungGen: 418592K->150208K(503296K)] 613363K->443608K(1901568K), 0.0497996 secs] [Times: user=0.30 sys=0.01, real=0.05 secs] 
4114.302: [GC (Allocation Failure) [PSYoungGen: 464064K->102656K(506368K)] 757464K->537528K(1904640K), 0.1608226 secs] [Times: user=0.95 sys=0.01, real=0.16 secs] 
4116.137: [GC (Allocation Failure) [PSYoungGen: 416512K->148304K(503808K)] 851384K->681410K(1902080K), 0.0499181 secs] [Times: user=0.30 sys=0.00, real=0.05 secs] 
4118.113: [GC (Allocation Failure) [PSYoungGen: 462160K->105952K(419840K)] 995266K->778429K(1818112K), 0.1273806 secs] [Times: user=0.76 sys=0.00, real=0.12 secs] 
4119.000: [GC (Allocation Failure) [PSYoungGen: 415736K->147520K(503808K)] 1088214K->922170K(1902080K), 0.0520680 secs] [Times: user=0.31 sys=0.00, real=0.06 secs] 
4122.163: [GC (Allocation Failure) [PSYoungGen: 461888K->102464K(505856K)] 1236538K->1015970K(1904128K), 0.1251118 secs] [Times: user=0.74 sys=0.00, real=0.12 secs] 
4123.308: [GC (Allocation Failure) [PSYoungGen: 416832K->146336K(505344K)] 1330338K->1158443K(1903616K), 0.0516369 secs] [Times: user=0.31 sys=0.00, real=0.05 secs] 
4128.429: [GC (Allocation Failure) [PSYoungGen: 462752K->102704K(506880K)] 1474859K->1251468K(1905152K), 0.1679623 secs] [Times: user=0.99 sys=0.01, real=0.17 secs] 
4130.371: [GC (Allocation Failure) [PSYoungGen: 419120K->147248K(505856K)] 1567884K->1395205K(1904128K), 0.1253571 secs] [Times: user=0.66 sys=0.00, real=0.12 secs] 
4130.497: [Full GC (Ergonomics) [PSYoungGen: 147248K->0K(505856K)] [ParOldGen: 1247956K->192747K(1398272K)] 1395205K->192747K(1904128K), [Metaspace: 60414K->60414K(1105920K)], 0.5138724 secs] [Times: user=2.46 sys=0.00, real=0.51 secs] 
4133.227: [GC (Allocation Failure) [PSYoungGen: 317440K->101792K(507904K)] 510187K->294539K(1906176K), 0.0714310 secs] [Times: user=0.42 sys=0.01, real=0.07 secs] 
4135.730: [GC (Allocation Failure) [PSYoungGen: 419232K->158784K(498176K)] 611979K->448724K(1896448K), 0.0505110 secs] [Times: user=0.30 sys=0.00, real=0.05 secs] 
4138.994: [GC (Allocation Failure) [PSYoungGen: 468544K->99552K(504320K)] 758484K->531244K(1902592K), 0.1800720 secs] [Times: user=1.08 sys=0.01, real=0.18 secs] 
4141.686: [GC (Allocation Failure) [PSYoungGen: 409312K->145168K(503808K)] 841004K->672145K(1902080K), 0.0501397 secs] [Times: user=0.30 sys=0.00, real=0.05 secs] 
4143.096: [GC (Allocation Failure) [PSYoungGen: 456464K->103792K(415232K)] 983441K->766969K(1813504K), 0.1025202 secs] [Times: user=0.61 sys=0.00, real=0.10 secs] 
4145.792: [GC (Allocation Failure) [PSYoungGen: 415088K->145520K(502784K)] 1078265K->908278K(1901056K), 0.0530690 secs] [Times: user=0.31 sys=0.01, real=0.05 secs] 
4148.970: [GC (Allocation Failure) [PSYoungGen: 457328K->106528K(503808K)] 1220086K->1005821K(1902080K), 0.0654913 secs] [Times: user=0.39 sys=0.00, real=0.07 secs] 
4152.015: [GC (Allocation Failure) [PSYoungGen: 418336K->142496K(504832K)] 1317629K->1143022K(1903104K), 0.0526157 secs] [Times: user=0.31 sys=0.00, real=0.05 secs] 
4154.517: [GC (Allocation Failure) [PSYoungGen: 458400K->104224K(504832K)] 1458926K->1238534K(1903104K), 0.0846084 secs] [Times: user=0.51 sys=0.00, real=0.09 secs] 
4156.929: [GC (GCLocker Initiated GC) [PSYoungGen: 420128K->145760K(506368K)] 1554438K->1381959K(1904640K), 0.0540358 secs] [Times: user=0.32 sys=0.00, real=0.06 secs] 
4156.983: [Full GC (Ergonomics) [PSYoungGen: 145760K->0K(506368K)] [ParOldGen: 1236199K->180073K(1398272K)] 1381959K->180073K(1904640K), [Metaspace: 60421K->60421K(1105920K)], 0.4313513 secs] [Times: user=2.00 sys=0.00, real=0.43 secs] 
4158.753: [GC (Allocation Failure) [PSYoungGen: 319488K->109600K(507904K)] 499563K->289675K(1906176K), 0.0518472 secs] [Times: user=0.31 sys=0.00, real=0.05 secs] 
4160.955: [GC (Allocation Failure) [PSYoungGen: 429088K->147328K(506880K)] 609163K->433288K(1905152K), 0.0529275 secs] [Times: user=0.32 sys=0.00, real=0.05 secs] 
4163.144: [GC (Allocation Failure) [PSYoungGen: 468864K->105536K(508928K)] 754824K->529916K(1907200K), 0.0700565 secs] [Times: user=0.42 sys=0.00, real=0.07 secs] 
4165.501: [GC (Allocation Failure) [PSYoungGen: 427072K->150048K(506880K)] 851452K->676441K(1905152K), 0.0522106 secs] [Times: user=0.31 sys=0.00, real=0.05 secs] 
4168.403: [GC (Allocation Failure) [PSYoungGen: 472096K->105040K(510464K)] 998489K->772890K(1908736K), 0.1732572 secs] [Times: user=1.04 sys=0.00, real=0.17 secs] 
4170.636: [GC (Allocation Failure) [PSYoungGen: 427088K->150144K(506368K)] 1094938K->919350K(1904640K), 0.0520422 secs] [Times: user=0.31 sys=0.00, real=0.05 secs] 
4174.653: [GC (Allocation Failure) [PSYoungGen: 470144K->101856K(509440K)] 1239350K->1012206K(1907712K), 0.1279336 secs] [Times: user=0.76 sys=0.00, real=0.13 secs] 
4175.288: [GC (Allocation Failure) [PSYoungGen: 421490K->150960K(504320K)] 1331840K->1159755K(1902592K), 0.0518759 secs] [Times: user=0.30 sys=0.00, real=0.05 secs] 
4178.506: [GC (Allocation Failure) [PSYoungGen: 467888K->101920K(507904K)] 1476683K->1253063K(1906176K), 0.1607726 secs] [Times: user=0.95 sys=0.00, real=0.16 secs] 
4179.878: [GC (Allocation Failure) [PSYoungGen: 417354K->148592K(504832K)] 1568497K->1398148K(1903104K), 0.0826829 secs] [Times: user=0.49 sys=0.00, real=0.09 secs] 
4179.961: [Full GC (Ergonomics) [PSYoungGen: 148592K->0K(504832K)] [ParOldGen: 1249555K->196850K(1398272K)] 1398148K->196850K(1903104K), [Metaspace: 60438K->60438K(1105920K)], 0.4955129 secs] [Times: user=2.34 sys=0.00, real=0.49 secs] 
4183.352: [GC (Allocation Failure) [PSYoungGen: 315904K->103456K(507392K)] 512754K->300306K(1905664K), 0.0878283 secs] [Times: user=0.52 sys=0.00, real=0.08 secs] 
4184.951: [GC (Allocation Failure) [PSYoungGen: 416617K->147216K(505344K)] 613467K->443956K(1903616K), 0.0498272 secs] [Times: user=0.29 sys=0.00, real=0.05 secs] 
4189.579: [GC (Allocation Failure) [PSYoungGen: 463632K->101312K(507392K)] 760372K->536891K(1905664K), 0.1625281 secs] [Times: user=0.97 sys=0.00, real=0.17 secs] 
4191.413: [GC (Allocation Failure) [PSYoungGen: 417728K->148352K(504832K)] 853307K->681616K(1903104K), 0.0492887 secs] [Times: user=0.30 sys=0.00, real=0.05 secs] 
4195.522: [GC (Allocation Failure) [PSYoungGen: 464256K->98944K(507392K)] 997520K->772176K(1905664K), 0.1587556 secs] [Times: user=0.94 sys=0.00, real=0.16 secs] 
4197.004: [GC (Allocation Failure) [PSYoungGen: 414848K->148192K(504320K)] 1088080K->916665K(1902592K), 0.0497551 secs] [Times: user=0.29 sys=0.00, real=0.05 secs] 
4198.796: [GC (Allocation Failure) [PSYoungGen: 463072K->104704K(506880K)] 1231545K->1012281K(1905152K), 0.1758145 secs] [Times: user=1.05 sys=0.00, real=0.18 secs] 
4199.931: [GC (Allocation Failure) [PSYoungGen: 419584K->148064K(504832K)] 1327161K->1156290K(1903104K), 0.0518339 secs] [Times: user=0.30 sys=0.00, real=0.05 secs] 
4203.749: [GC (Allocation Failure) [PSYoungGen: 463456K->104640K(506880K)] 1471682K->1251654K(1905152K), 0.1689891 secs] [Times: user=1.01 sys=0.00, real=0.17 secs] 
4205.369: [GC (Allocation Failure) [PSYoungGen: 420032K->149728K(503808K)] 1567046K->1397159K(1902080K), 0.0515721 secs] [Times: user=0.30 sys=0.00, real=0.05 secs] 
4205.421: [Full GC (Ergonomics) [PSYoungGen: 149728K->0K(503808K)] [ParOldGen: 1247431K->195321K(1398272K)] 1397159K->195321K(1902080K), [Metaspace: 60440K->60440K(1105920K)], 0.4766701 secs] [Times: user=2.24 sys=0.00, real=0.48 secs] 
4207.736: [GC (Allocation Failure) [PSYoungGen: 314880K->102704K(506880K)] 510201K->298026K(1905152K), 0.1024845 secs] [Times: user=0.60 sys=0.00, real=0.10 secs] 
4209.594: [GC (Allocation Failure) [PSYoungGen: 417584K->148096K(505344K)] 612906K->441115K(1903616K), 0.0495802 secs] [Times: user=0.29 sys=0.00, real=0.05 secs] 
4212.862: [GC (Allocation Failure) [PSYoungGen: 464000K->103456K(507392K)] 757019K->535563K(1905664K), 0.1163095 secs] [Times: user=0.69 sys=0.00, real=0.11 secs] 
4213.775: [GC (Allocation Failure) [PSYoungGen: 419360K->147552K(505344K)] 851467K->679520K(1903616K), 0.0511035 secs] [Times: user=0.30 sys=0.00, real=0.05 secs] 
4219.175: [GC (Allocation Failure) [PSYoungGen: 463456K->100224K(507392K)] 995424K->770508K(1905664K), 0.1556046 secs] [Times: user=0.93 sys=0.00, real=0.15 secs] 
4220.432: [GC (Allocation Failure) [PSYoungGen: 416128K->148576K(504320K)] 1086412K->915268K(1902592K), 0.0518076 secs] [Times: user=0.30 sys=0.01, real=0.05 secs] 
4223.530: [GC (Allocation Failure) [PSYoungGen: 463456K->102688K(506880K)] 1230148K->1008957K(1905152K), 0.1713571 secs] [Times: user=1.02 sys=0.00, real=0.18 secs] 
4224.712: [GC (Allocation Failure) [PSYoungGen: 417568K->148128K(504320K)] 1323837K->1153789K(1902592K), 0.0618937 secs] [Times: user=0.37 sys=0.00, real=0.06 secs] 
4228.134: [GC (Allocation Failure) [PSYoungGen: 463008K->99584K(506880K)] 1468669K->1244989K(1905152K), 0.0693698 secs] [Times: user=0.41 sys=0.01, real=0.07 secs] 
4229.791: [GC (Allocation Failure) [PSYoungGen: 414464K->148960K(503808K)] 1559869K->1390494K(1902080K), 0.0520655 secs] [Times: user=0.31 sys=0.00, real=0.05 secs] 
4229.843: [Full GC (Ergonomics) [PSYoungGen: 148960K->0K(503808K)] [ParOldGen: 1241534K->188432K(1398272K)] 1390494K->188432K(1902080K), [Metaspace: 60441K->60441K(1105920K)], 0.4531074 secs] [Times: user=2.10 sys=0.00, real=0.45 secs] 
4231.775: [GC (Allocation Failure) [PSYoungGen: 313856K->102400K(506368K)] 502288K->290832K(1904640K), 0.0541043 secs] [Times: user=0.32 sys=0.00, real=0.05 secs] 
4234.690: [GC (Allocation Failure) [PSYoungGen: 416256K->148752K(503808K)] 604688K->435285K(1902080K), 0.0507922 secs] [Times: user=0.30 sys=0.00, real=0.06 secs] 
4235.967: [GC (Allocation Failure) [PSYoungGen: 462608K->103968K(506368K)] 749141K->530140K(1904640K), 0.0967874 secs] [Times: user=0.58 sys=0.00, real=0.10 secs] 
4238.364: [GC (Allocation Failure) [PSYoungGen: 417824K->145760K(504832K)] 843996K->672105K(1903104K), 0.0510836 secs] [Times: user=0.31 sys=0.00, real=0.05 secs] 
4240.108: [GC (Allocation Failure) [PSYoungGen: 460640K->106752K(421888K)] 986985K->770093K(1820160K), 0.0706698 secs] [Times: user=0.42 sys=0.00, real=0.07 secs] 
4243.504: [GC (Allocation Failure) [PSYoungGen: 421632K->146624K(504320K)] 1084973K->912448K(1902592K), 0.0522479 secs] [Times: user=0.31 sys=0.00, real=0.05 secs] 
4245.018: [GC (Allocation Failure) [PSYoungGen: 462528K->106176K(505856K)] 1228352K->1009417K(1904128K), 0.1009754 secs] [Times: user=0.60 sys=0.00, real=0.10 secs] 
4246.834: [GC (Allocation Failure) [PSYoungGen: 422080K->147744K(505856K)] 1325321K->1152677K(1904128K), 0.0523940 secs] [Times: user=0.31 sys=0.00, real=0.05 secs] 
4248.819: [GC (Allocation Failure) [PSYoungGen: 466208K->107424K(507904K)] 1471141K->1250841K(1906176K), 0.0857130 secs] [Times: user=0.51 sys=0.00, real=0.09 secs] 
4250.485: [GC (Allocation Failure) [PSYoungGen: 425888K->148032K(506880K)] 1569305K->1395158K(1905152K), 0.0528603 secs] [Times: user=0.32 sys=0.00, real=0.05 secs] 
4250.538: [Full GC (Ergonomics) [PSYoungGen: 148032K->0K(506880K)] [ParOldGen: 1247126K->192860K(1398272K)] 1395158K->192860K(1905152K), [Metaspace: 60442K->60442K(1105920K)], 0.4667826 secs] [Times: user=2.18 sys=0.00, real=0.47 secs] 
4254.643: [GC (Allocation Failure) [PSYoungGen: 320000K->104768K(508928K)] 512860K->297628K(1907200K), 0.1005745 secs] [Times: user=0.60 sys=0.00, real=0.10 secs] 
4256.059: [GC (Allocation Failure) [PSYoungGen: 424768K->150560K(505856K)] 617628K->443926K(1904128K), 0.0507713 secs] [Times: user=0.30 sys=0.00, real=0.05 secs] 
4259.112: [GC (Allocation Failure) [PSYoungGen: 469536K->106800K(508928K)] 762902K->541915K(1907200K), 0.1202200 secs] [Times: user=0.70 sys=0.01, real=0.12 secs] 
4259.843: [GC (Allocation Failure) [PSYoungGen: 417207K->145040K(508416K)] 852321K->683076K(1906688K), 0.0512436 secs] [Times: user=0.30 sys=0.00, real=0.05 secs] 
4263.081: [GC (Allocation Failure) [PSYoungGen: 466064K->106928K(428032K)] 1004100K->780988K(1826304K), 0.1091128 secs] [Times: user=0.65 sys=0.00, real=0.10 secs] 
4263.999: [GC (Allocation Failure) [PSYoungGen: 420928K->144736K(507904K)] 1094988K->921848K(1906176K), 0.0509882 secs] [Times: user=0.30 sys=0.00, real=0.05 secs] 
4266.569: [GC (GCLocker Initiated GC) [PSYoungGen: 466784K->105968K(508928K)] 1243896K->1018609K(1907200K), 0.1181401 secs] [Times: user=0.70 sys=0.01, real=0.12 secs] 
4267.705: [GC (Allocation Failure) [PSYoungGen: 428016K->143712K(510464K)] 1357043K->1175397K(1908736K), 0.2344020 secs] [Times: user=1.40 sys=0.00, real=0.23 secs] 
4272.306: [GC (Allocation Failure) [PSYoungGen: 469344K->95456K(510976K)] 1501029K->1270902K(1909248K), 0.4350802 secs] [Times: user=2.61 sys=0.00, real=0.44 secs] 
4273.243: [GC (Allocation Failure) [PSYoungGen: 421088K->158656K(500224K)] 1596534K->1423334K(1898496K), 0.0557215 secs] [Times: user=0.33 sys=0.00, real=0.05 secs] 
4273.299: [Full GC (Ergonomics) [PSYoungGen: 158656K->0K(500224K)] [ParOldGen: 1264678K->221322K(1398272K)] 1423334K->221322K(1898496K), [Metaspace: 60443K->60443K(1105920K)], 0.5283246 secs] [Times: user=2.49 sys=0.00, real=0.53 secs] 
4277.416: [GC (Allocation Failure) [PSYoungGen: 314880K->91424K(506880K)] 536202K->312746K(1905152K), 0.1247351 secs] [Times: user=0.73 sys=0.00, real=0.12 secs] 
4277.855: [GC (Allocation Failure) [PSYoungGen: 406304K->153760K(498176K)] 627626K->460232K(1896448K), 0.0542101 secs] [Times: user=0.32 sys=0.00, real=0.05 secs] 
4281.609: [GC (Allocation Failure) [PSYoungGen: 460448K->86976K(502784K)] 766920K->546880K(1901056K), 0.1543994 secs] [Times: user=0.92 sys=0.00, real=0.16 secs] 
4282.589: [GC (Allocation Failure) [PSYoungGen: 393664K->147936K(499200K)] 853568K->688565K(1897472K), 0.0537371 secs] [Times: user=0.32 sys=0.00, real=0.06 secs] 
4285.257: [GC (Allocation Failure) [PSYoungGen: 451552K->95632K(501248K)] 992181K->783298K(1899520K), 0.1404112 secs] [Times: user=0.83 sys=0.00, real=0.14 secs] 
4286.411: [GC (Allocation Failure) [PSYoungGen: 388451K->137216K(498176K)] 1076116K->911358K(1896448K), 0.1323738 secs] [Times: user=0.78 sys=0.00, real=0.13 secs] 
4289.103: [GC (Allocation Failure) [PSYoungGen: 442880K->99552K(499712K)] 1217022K->1002686K(1897984K), 0.1690631 secs] [Times: user=1.01 sys=0.01, real=0.17 secs] 
4290.507: [GC (Allocation Failure) [PSYoungGen: 405216K->143904K(501760K)] 1308350K->1143182K(1900032K), 0.0519680 secs] [Times: user=0.31 sys=0.00, real=0.05 secs] 
4293.489: [GC (Allocation Failure) [PSYoungGen: 454688K->98864K(503296K)] 1453966K->1233567K(1901568K), 0.1454257 secs] [Times: user=0.86 sys=0.01, real=0.15 secs] 
4295.730: [GC (Allocation Failure) [PSYoungGen: 409648K->146880K(502784K)] 1544351K->1376267K(1901056K), 0.0516287 secs] [Times: user=0.31 sys=0.00, real=0.06 secs] 
4295.782: [Full GC (Ergonomics) [PSYoungGen: 146880K->0K(502784K)] [ParOldGen: 1229387K->184049K(1398272K)] 1376267K->184049K(1901056K), [Metaspace: 60443K->60443K(1105920K)], 0.4518800 secs] [Times: user=2.13 sys=0.00, real=0.45 secs] 
4297.283: [GC (Allocation Failure) [PSYoungGen: 312832K->105793K(418816K)] 496881K->289842K(1817088K), 0.0325180 secs] [Times: user=0.19 sys=0.00, real=0.03 secs] 
4300.013: [GC (Allocation Failure) [PSYoungGen: 418625K->144672K(502784K)] 602674K->431402K(1901056K), 0.0521075 secs] [Times: user=0.31 sys=0.00, real=0.05 secs] 
4301.865: [GC (Allocation Failure) [PSYoungGen: 459040K->105696K(504832K)] 745770K->528418K(1903104K), 0.0643715 secs] [Times: user=0.38 sys=0.00, real=0.06 secs] 
4304.816: [GC (Allocation Failure) [PSYoungGen: 420064K->145072K(504832K)] 842786K->670190K(1903104K), 0.0527930 secs] [Times: user=0.29 sys=0.02, real=0.05 secs] 
4306.621: [GC (GCLocker Initiated GC) [PSYoungGen: 463024K->106736K(506880K)] 988142K->767627K(1905152K), 0.0910686 secs] [Times: user=0.54 sys=0.00, real=0.10 secs] 
4308.903: [GC (Allocation Failure) [PSYoungGen: 424688K->145472K(505856K)] 1085598K->909510K(1904128K), 0.0528706 secs] [Times: user=0.32 sys=0.00, real=0.05 secs] 
4312.114: [GC (Allocation Failure) [PSYoungGen: 465984K->105920K(508416K)] 1230022K->1006434K(1906688K), 0.0682714 secs] [Times: user=0.41 sys=0.00, real=0.07 secs] 
4314.733: [GC (Allocation Failure) [PSYoungGen: 426432K->148864K(507392K)] 1326946K->1151755K(1905664K), 0.1457066 secs] [Times: user=0.87 sys=0.00, real=0.14 secs] 
4318.877: [GC (Allocation Failure) [PSYoungGen: 471424K->103776K(510464K)] 1474315K->1247075K(1908736K), 0.1665670 secs] [Times: user=0.99 sys=0.01, real=0.17 secs] 
4321.247: [GC (Allocation Failure) [PSYoungGen: 426336K->151456K(504832K)] 1569635K->1395376K(1903104K), 0.0521811 secs] [Times: user=0.31 sys=0.00, real=0.05 secs] 
4321.299: [Full GC (Ergonomics) [PSYoungGen: 151456K->0K(504832K)] [ParOldGen: 1243920K->194207K(1398272K)] 1395376K->194207K(1903104K), [Metaspace: 60443K->60443K(1105920K)], 0.4720274 secs] [Times: user=2.21 sys=0.00, real=0.48 secs] 
4324.718: [GC (Allocation Failure) [PSYoungGen: 318976K->102720K(508928K)] 513183K->296927K(1907200K), 0.1015093 secs] [Times: user=0.60 sys=0.00, real=0.10 secs] 
4325.934: [GC (Allocation Failure) [PSYoungGen: 421696K->151792K(503296K)] 615903K->444986K(1901568K), 0.0502456 secs] [Times: user=0.29 sys=0.00, real=0.05 secs] 
4328.344: [GC (Allocation Failure) [PSYoungGen: 467696K->103728K(507392K)] 760890K->539814K(1905664K), 0.1625353 secs] [Times: user=0.96 sys=0.00, real=0.16 secs] 
4330.814: [GC (Allocation Failure) [PSYoungGen: 418795K->148704K(504832K)] 854880K->683458K(1903104K), 0.0503939 secs] [Times: user=0.30 sys=0.01, real=0.05 secs] 
4332.854: [GC (Allocation Failure) [PSYoungGen: 464608K->102688K(507392K)] 999362K->777486K(1905664K), 0.1661122 secs] [Times: user=0.98 sys=0.00, real=0.16 secs] 
4334.735: [GC (Allocation Failure) [PSYoungGen: 418592K->148864K(504832K)] 1093390K->922339K(1903104K), 0.0506503 secs] [Times: user=0.30 sys=0.00, real=0.05 secs] 
4336.676: [GC (Allocation Failure) [PSYoungGen: 464768K->105360K(507392K)] 1238243K->1018524K(1905664K), 0.1006034 secs] [Times: user=0.59 sys=0.01, real=0.10 secs] 
4338.018: [GC (Allocation Failure) [PSYoungGen: 418253K->146000K(505856K)] 1331416K->1160644K(1904128K), 0.0518126 secs] [Times: user=0.30 sys=0.00, real=0.05 secs] 
4341.344: [GC (Allocation Failure) [PSYoungGen: 462928K->105760K(507392K)] 1477572K->1257460K(1905664K), 0.0921042 secs] [Times: user=0.55 sys=0.00, real=0.09 secs] 
4342.375: [GC (Allocation Failure) [PSYoungGen: 422688K->146592K(505856K)] 1574388K->1399673K(1904128K), 0.0510564 secs] [Times: user=0.31 sys=0.00, real=0.05 secs] 
4342.426: [Full GC (Ergonomics) [PSYoungGen: 146592K->0K(505856K)] [ParOldGen: 1253080K->197726K(1398272K)] 1399673K->197726K(1904128K), [Metaspace: 60443K->60443K(1105920K)], 0.4841252 secs] [Times: user=2.27 sys=0.00, real=0.48 secs] 
4345.562: [GC (Allocation Failure) [PSYoungGen: 317952K->105248K(507392K)] 515678K->302974K(1905664K), 0.0527328 secs] [Times: user=0.31 sys=0.00, real=0.05 secs] 
4346.721: [GC (Allocation Failure) [PSYoungGen: 420577K->145360K(506880K)] 618303K->444859K(1905152K), 0.0501255 secs] [Times: user=0.29 sys=0.00, real=0.05 secs] 
4350.925: [GC (Allocation Failure) [PSYoungGen: 465360K->100000K(508416K)] 764859K->536047K(1906688K), 0.1571486 secs] [Times: user=0.93 sys=0.00, real=0.16 secs] 
4352.211: [GC (Allocation Failure) [PSYoungGen: 420000K->150128K(505856K)] 856047K->682372K(1904128K), 0.1378055 secs] [Times: user=0.82 sys=0.00, real=0.13 secs] 
4356.437: [GC (Allocation Failure) [PSYoungGen: 469104K->101040K(508928K)] 1001348K->774684K(1907200K), 0.1770662 secs] [Times: user=1.06 sys=0.00, real=0.18 secs] 
4359.345: [GC (Allocation Failure) [PSYoungGen: 420016K->148832K(505344K)] 1093660K->919192K(1903616K), 0.0497090 secs] [Times: user=0.29 sys=0.00, real=0.05 secs] 
4361.608: [GC (Allocation Failure) [PSYoungGen: 465760K->105376K(507904K)] 1236120K->1015508K(1906176K), 0.1290652 secs] [Times: user=0.77 sys=0.00, real=0.13 secs] 
4362.942: [GC (Allocation Failure) [PSYoungGen: 419971K->147696K(505856K)] 1330104K->1160474K(1904128K), 0.0720338 secs] [Times: user=0.42 sys=0.00, real=0.07 secs] 
4366.480: [GC (Allocation Failure) [PSYoungGen: 465136K->101888K(507904K)] 1477914K->1254041K(1906176K), 0.1755949 secs] [Times: user=1.04 sys=0.00, real=0.18 secs] 
4367.655: [GC (Allocation Failure) [PSYoungGen: 417625K->148704K(505344K)] 1569779K->1399106K(1903616K), 0.0522723 secs] [Times: user=0.31 sys=0.01, real=0.05 secs] 
4367.707: [Full GC (Ergonomics) [PSYoungGen: 148704K->0K(505344K)] [ParOldGen: 1250402K->196793K(1398272K)] 1399106K->196793K(1903616K), [Metaspace: 60443K->60443K(1105920K)], 0.4809911 secs] [Times: user=2.24 sys=0.00, real=0.48 secs] 
4370.452: [GC (Allocation Failure) [PSYoungGen: 316928K->102880K(507904K)] 513721K->299674K(1906176K), 0.0964746 secs] [Times: user=0.57 sys=0.00, real=0.09 secs] 
4372.341: [GC (Allocation Failure) [PSYoungGen: 416634K->148704K(505344K)] 613428K->443854K(1903616K), 0.0493359 secs] [Times: user=0.30 sys=0.00, real=0.05 secs] 
4374.760: [GC (Allocation Failure) [PSYoungGen: 465632K->102176K(507904K)] 760782K->537242K(1906176K), 0.1634022 secs] [Times: user=0.97 sys=0.01, real=0.17 secs] 
4376.540: [GC (Allocation Failure) [PSYoungGen: 419104K->148992K(504832K)] 854170K->682347K(1903104K), 0.0499819 secs] [Times: user=0.29 sys=0.00, real=0.05 secs] 
4378.949: [GC (Allocation Failure) [PSYoungGen: 464896K->106096K(507392K)] 998251K->779236K(1905664K), 0.1701553 secs] [Times: user=1.02 sys=0.00, real=0.17 secs] 
4380.452: [GC (Allocation Failure) [PSYoungGen: 415490K->144832K(506368K)] 1088630K->920928K(1904640K), 0.0561425 secs] [Times: user=0.33 sys=0.00, real=0.05 secs] 
4383.377: [GC (Allocation Failure) [PSYoungGen: 462272K->105328K(507392K)] 1238368K->1017817K(1905664K), 0.1508814 secs] [Times: user=0.89 sys=0.00, real=0.15 secs] 
4384.504: [GC (Allocation Failure) [PSYoungGen: 418803K->146144K(505856K)] 1331291K->1159681K(1904128K), 0.0504835 secs] [Times: user=0.30 sys=0.00, real=0.05 secs] 
4388.879: [GC (Allocation Failure) [PSYoungGen: 464608K->100800K(507392K)] 1478145K->1251773K(1905664K), 0.1532280 secs] [Times: user=0.90 sys=0.01, real=0.16 secs] 
4390.285: [GC (Allocation Failure) [PSYoungGen: 419264K->150560K(504832K)] 1570237K->1398526K(1903104K), 0.0514515 secs] [Times: user=0.31 sys=0.00, real=0.05 secs] 
4390.336: [Full GC (Ergonomics) [PSYoungGen: 150560K->0K(504832K)] [ParOldGen: 1247966K->197223K(1398272K)] 1398526K->197223K(1903104K), [Metaspace: 60443K->60443K(1105920K)], 0.4811959 secs] [Times: user=2.24 sys=0.00, real=0.48 secs] 
4393.423: [GC (Allocation Failure) [PSYoungGen: 317952K->103648K(508416K)] 515175K->300871K(1906688K), 0.0998717 secs] [Times: user=0.59 sys=0.00, real=0.10 secs] 
4395.085: [GC (Allocation Failure) [PSYoungGen: 418401K->147600K(506368K)] 615624K->444845K(1904640K), 0.0498238 secs] [Times: user=0.30 sys=0.00, real=0.05 secs] 
4397.237: [GC (GCLocker Initiated GC) [PSYoungGen: 465552K->106176K(424448K)] 762797K->541996K(1822720K), 0.1644961 secs] [Times: user=0.98 sys=0.00, real=0.17 secs] 
4398.261: [GC (Allocation Failure) [PSYoungGen: 424128K->140960K(507392K)] 876335K->694990K(1905664K), 0.2121140 secs] [Times: user=1.13 sys=0.00, real=0.22 secs] 
4401.402: [GC (Allocation Failure) [PSYoungGen: 460960K->99840K(507392K)] 1014990K->794314K(1905664K), 0.4461487 secs] [Times: user=2.66 sys=0.01, real=0.44 secs] 
4402.969: [GC (Allocation Failure) [PSYoungGen: 419840K->152832K(503808K)] 1114314K->936795K(1902080K), 0.0556171 secs] [Times: user=0.33 sys=0.00, real=0.06 secs] 
4405.288: [GC (Allocation Failure) [PSYoungGen: 470784K->97344K(508416K)] 1254747K->1033083K(1906688K), 0.1499516 secs] [Times: user=0.90 sys=0.00, real=0.15 secs] 
4406.715: [GC (Allocation Failure) [PSYoungGen: 415296K->150624K(502784K)] 1351035K->1177556K(1901056K), 0.1581336 secs] [Times: user=0.94 sys=0.00, real=0.16 secs] 
4410.025: [GC (Allocation Failure) [PSYoungGen: 464480K->95456K(506368K)] 1491412K->1272496K(1904640K), 0.1592717 secs] [Times: user=0.94 sys=0.00, real=0.16 secs] 
4410.712: [GC (Allocation Failure) [PSYoungGen: 409312K->150336K(500736K)] 1586352K->1416877K(1899008K), 0.0556954 secs] [Times: user=0.33 sys=0.00, real=0.05 secs] 
4410.768: [Full GC (Ergonomics) [PSYoungGen: 150336K->0K(500736K)] [ParOldGen: 1266541K->214481K(1398272K)] 1416877K->214481K(1899008K), [Metaspace: 60443K->60443K(1105920K)], 0.5081459 secs] [Times: user=2.38 sys=0.00, real=0.51 secs] 
4415.024: [GC (Allocation Failure) [PSYoungGen: 309760K->91553K(504320K)] 524241K->306034K(1902592K), 0.1349837 secs] [Times: user=0.80 sys=0.01, real=0.13 secs] 
4415.678: [GC (Allocation Failure) [PSYoungGen: 401313K->148928K(500224K)] 615794K->448586K(1898496K), 0.0524797 secs] [Times: user=0.31 sys=0.00, real=0.06 secs] 
4419.970: [GC (Allocation Failure) [PSYoungGen: 455616K->89024K(502784K)] 755274K->536654K(1901056K), 0.1441070 secs] [Times: user=0.85 sys=0.00, real=0.15 secs] 
4421.357: [GC (Allocation Failure) [PSYoungGen: 392254K->142720K(502784K)] 839885K->674887K(1901056K), 0.0488972 secs] [Times: user=0.29 sys=0.00, real=0.05 secs] 
4425.364: [GC (Allocation Failure) [PSYoungGen: 450432K->97472K(405504K)] 982599K->763591K(1803776K), 0.1552294 secs] [Times: user=0.92 sys=0.00, real=0.15 secs] 
4426.815: [GC (Allocation Failure) [PSYoungGen: 405184K->145504K(499200K)] 1071303K->905756K(1897472K), 0.0579553 secs] [Times: user=0.34 sys=0.00, real=0.06 secs] 
4428.858: [GC (Allocation Failure) [PSYoungGen: 451680K->98256K(501248K)] 1211932K->995629K(1899520K), 0.1020540 secs] [Times: user=0.61 sys=0.00, real=0.10 secs] 
4431.212: [GC (Allocation Failure) [PSYoungGen: 404432K->142944K(501760K)] 1301805K->1135169K(1900032K), 0.0500675 secs] [Times: user=0.30 sys=0.00, real=0.05 secs] 
4432.998: [GC (Allocation Failure) [PSYoungGen: 452704K->105472K(502784K)] 1444929K->1231345K(1901056K), 0.0653302 secs] [Times: user=0.39 sys=0.01, real=0.07 secs] 
4436.081: [GC (Allocation Failure) [PSYoungGen: 415232K->139888K(502272K)] 1541105K->1368942K(1900544K), 0.0526685 secs] [Times: user=0.31 sys=0.00, real=0.06 secs] 
4436.133: [Full GC (Ergonomics) [PSYoungGen: 139888K->0K(502272K)] [ParOldGen: 1229054K->175184K(1398272K)] 1368942K->175184K(1900544K), [Metaspace: 60443K->60443K(1105920K)], 0.4204103 secs] [Times: user=1.96 sys=0.00, real=0.42 secs] 
4438.403: [GC (Allocation Failure) [PSYoungGen: 313344K->107232K(502784K)] 488528K->282416K(1901056K), 0.0402597 secs] [Times: user=0.24 sys=0.00, real=0.04 secs] 
4441.158: [GC (Allocation Failure) [PSYoungGen: 420576K->142592K(504320K)] 595760K->422628K(1902592K), 0.0537720 secs] [Times: user=0.32 sys=0.00, real=0.06 secs] 
4442.685: [GC (Allocation Failure) [PSYoungGen: 461568K->109328K(505856K)] 741604K->522521K(1904128K), 0.0639474 secs] [Times: user=0.38 sys=0.00, real=0.06 secs] 
4444.275: [GC (Allocation Failure) [PSYoungGen: 428304K->147136K(506368K)] 841497K->667149K(1904640K), 0.0538663 secs] [Times: user=0.32 sys=0.00, real=0.05 secs] 
4446.660: [GC (Allocation Failure) [PSYoungGen: 470720K->110128K(509440K)] 990733K->768078K(1907712K), 0.0936754 secs] [Times: user=0.56 sys=0.00, real=0.10 secs] 
4448.023: [GC (Allocation Failure) [PSYoungGen: 433712K->150144K(508416K)] 1091662K->914530K(1906688K), 0.0540976 secs] [Times: user=0.32 sys=0.00, real=0.05 secs] 
4450.232: [GC (Allocation Failure) [PSYoungGen: 476288K->109504K(512512K)] 1240674K->1015214K(1910784K), 0.1809054 secs] [Times: user=1.08 sys=0.00, real=0.18 secs] 
4451.489: [GC (Allocation Failure) [PSYoungGen: 425796K->147600K(510464K)] 1331506K->1158876K(1908736K), 0.0538448 secs] [Times: user=0.31 sys=0.00, real=0.06 secs] 
4455.245: [GC (Allocation Failure) [PSYoungGen: 474768K->106064K(513024K)] 1486044K->1256304K(1911296K), 0.1713036 secs] [Times: user=1.01 sys=0.01, real=0.17 secs] 
4456.612: [GC (Allocation Failure) [PSYoungGen: 433232K->156256K(503808K)] 1583472K->1408312K(1902080K), 0.0529286 secs] [Times: user=0.31 sys=0.00, real=0.05 secs] 
4456.665: [Full GC (Ergonomics) [PSYoungGen: 156256K->0K(503808K)] [ParOldGen: 1252056K->207739K(1398272K)] 1408312K->207739K(1902080K), [Metaspace: 60443K->60443K(1105920K)], 0.4972078 secs] [Times: user=2.32 sys=0.00, real=0.50 secs] 
4460.712: [GC (Allocation Failure) [PSYoungGen: 320000K->99936K(509440K)] 527739K->307676K(1907712K), 0.1756246 secs] [Times: user=1.04 sys=0.01, real=0.17 secs] 
4461.840: [GC (Allocation Failure) [PSYoungGen: 419936K->154176K(501760K)] 627676K->451652K(1900032K), 0.0558350 secs] [Times: user=0.33 sys=0.00, real=0.06 secs] 
4464.266: [GC (Allocation Failure) [PSYoungGen: 468032K->95168K(506368K)] 765508K->546284K(1904640K), 0.1315472 secs] [Times: user=0.78 sys=0.00, real=0.13 secs] 
4465.478: [GC (Allocation Failure) [PSYoungGen: 409024K->149040K(502272K)] 860140K->690114K(1900544K), 0.1241745 secs] [Times: user=0.74 sys=0.00, real=0.13 secs] 
4469.040: [GC (Allocation Failure) [PSYoungGen: 456089K->89232K(504832K)] 997163K->779274K(1903104K), 0.1600379 secs] [Times: user=0.95 sys=0.00, real=0.16 secs] 
4470.277: [GC (Allocation Failure) [PSYoungGen: 385301K->138432K(501760K)] 1075343K->913566K(1900032K), 0.0490824 secs] [Times: user=0.29 sys=0.00, real=0.05 secs] 
4472.245: [GC (Allocation Failure) [PSYoungGen: 449216K->104448K(503296K)] 1224350K->1009182K(1901568K), 0.1184604 secs] [Times: user=0.71 sys=0.00, real=0.12 secs] 
4474.378: [GC (Allocation Failure) [PSYoungGen: 415232K->145488K(502272K)] 1319966K->1151304K(1900544K), 0.1180364 secs] [Times: user=0.70 sys=0.00, real=0.12 secs] 
4477.350: [GC (GCLocker Initiated GC) [PSYoungGen: 458832K->100240K(504320K)] 1464648K->1243128K(1902592K), 0.0922229 secs] [Times: user=0.55 sys=0.00, real=0.10 secs] 
4478.797: [GC (Allocation Failure) [PSYoungGen: 413584K->146752K(504832K)] 1556524K->1385824K(1903104K), 0.0499186 secs] [Times: user=0.29 sys=0.00, real=0.05 secs] 
4478.847: [Full GC (Ergonomics) [PSYoungGen: 146752K->0K(504832K)] [ParOldGen: 1239072K->192167K(1398272K)] 1385824K->192167K(1903104K), [Metaspace: 60444K->60444K(1105920K)], 0.4669247 secs] [Times: user=2.19 sys=0.00, real=0.47 secs] 
4482.437: [GC (Allocation Failure) [PSYoungGen: 316416K->104864K(507392K)] 508583K->297031K(1905664K), 0.0478934 secs] [Times: user=0.28 sys=0.00, real=0.05 secs] 
4484.232: [GC (Allocation Failure) [PSYoungGen: 421280K->147568K(504832K)] 613447K->440625K(1903104K), 0.0505484 secs] [Times: user=0.29 sys=0.00, real=0.05 secs] 
4486.979: [GC (Allocation Failure) [PSYoungGen: 464496K->107024K(507392K)] 757553K->538857K(1905664K), 0.1609062 secs] [Times: user=0.96 sys=0.01, real=0.16 secs] 
4488.135: [GC (Allocation Failure) [PSYoungGen: 423952K->148832K(504320K)] 855785K->683729K(1902592K), 0.0514425 secs] [Times: user=0.30 sys=0.01, real=0.05 secs] 
4492.429: [GC (Allocation Failure) [PSYoungGen: 466272K->102784K(507392K)] 1001169K->777465K(1905664K), 0.1564855 secs] [Times: user=0.93 sys=0.00, real=0.16 secs] 
4493.946: [GC (Allocation Failure) [PSYoungGen: 420009K->149056K(505856K)] 1094691K->922602K(1904128K), 0.1233828 secs] [Times: user=0.73 sys=0.00, real=0.12 secs] 
4496.548: [GC (GCLocker Initiated GC) [PSYoungGen: 467008K->104224K(508416K)] 1240555K->1017963K(1906688K), 0.1704749 secs] [Times: user=1.02 sys=0.00, real=0.17 secs] 
4497.657: [GC (Allocation Failure) [PSYoungGen: 422176K->140704K(508416K)] 1352350K->1171111K(1906688K), 0.2013825 secs] [Times: user=1.20 sys=0.00, real=0.20 secs] 
4501.190: [GC (Allocation Failure) [PSYoungGen: 461216K->97248K(508416K)] 1491623K->1267911K(1906688K), 0.4382220 secs] [Times: user=2.62 sys=0.01, real=0.44 secs] 
4502.465: [GC (Allocation Failure) [PSYoungGen: 417760K->152960K(502272K)] 1588423K->1415152K(1900544K), 0.0555526 secs] [Times: user=0.33 sys=0.00, real=0.05 secs] 
4502.520: [Full GC (Ergonomics) [PSYoungGen: 152960K->0K(502272K)] [ParOldGen: 1262192K->212307K(1398272K)] 1415152K->212307K(1900544K), [Metaspace: 60451K->60451K(1105920K)], 0.5057580 secs] [Times: user=2.37 sys=0.00, real=0.51 secs] 
4506.027: [GC (Allocation Failure) [PSYoungGen: 315904K->95905K(507392K)] 528211K->308212K(1905664K), 0.0840923 secs] [Times: user=0.50 sys=0.00, real=0.09 secs] 
4507.068: [GC (Allocation Failure) [PSYoungGen: 411809K->149136K(502784K)] 624116K->451429K(1901056K), 0.0547485 secs] [Times: user=0.33 sys=0.00, real=0.06 secs] 
4512.334: [GC (Allocation Failure) [PSYoungGen: 459887K->90208K(505856K)] 762180K->540781K(1904128K), 0.1429682 secs] [Times: user=0.85 sys=0.00, real=0.14 secs] 
4513.089: [GC (Allocation Failure) [PSYoungGen: 386963K->138320K(502784K)] 837536K->675186K(1901056K), 0.0494171 secs] [Times: user=0.29 sys=0.00, real=0.05 secs] 
4516.131: [GC (Allocation Failure) [PSYoungGen: 452176K->99136K(504832K)] 989042K->765618K(1903104K), 0.1629484 secs] [Times: user=0.97 sys=0.00, real=0.16 secs] 
4517.662: [GC (Allocation Failure) [PSYoungGen: 412992K->147744K(503296K)] 1079474K->909658K(1901568K), 0.0493409 secs] [Times: user=0.30 sys=0.00, real=0.05 secs] 
4521.109: [GC (Allocation Failure) [PSYoungGen: 462624K->100352K(506880K)] 1224538K->1001002K(1905152K), 0.0995315 secs] [Times: user=0.60 sys=0.00, real=0.10 secs] 
4522.963: [GC (Allocation Failure) [PSYoungGen: 415232K->146064K(504832K)] 1315882K->1143480K(1903104K), 0.0498752 secs] [Times: user=0.29 sys=0.00, real=0.05 secs] 
4524.959: [GC (GCLocker Initiated GC) [PSYoungGen: 461968K->106160K(422400K)] 1459384K->1240656K(1820672K), 0.1720814 secs] [Times: user=1.02 sys=0.00, real=0.18 secs] 
4526.712: [GC (Allocation Failure) [PSYoungGen: 422064K->146336K(504320K)] 1556562K->1383530K(1902592K), 0.0684998 secs] [Times: user=0.40 sys=0.01, real=0.07 secs] 
4526.781: [Full GC (Ergonomics) [PSYoungGen: 146336K->0K(504320K)] [ParOldGen: 1237194K->189932K(1398272K)] 1383530K->189932K(1902592K), [Metaspace: 60451K->60451K(1105920K)], 0.4606883 secs] [Times: user=2.15 sys=0.00, real=0.46 secs] 
4529.718: [GC (Allocation Failure) [PSYoungGen: 316416K->104864K(506368K)] 506348K->294796K(1904640K), 0.0804591 secs] [Times: user=0.47 sys=0.01, real=0.08 secs] 
4531.651: [GC (GCLocker Initiated GC) [PSYoungGen: 421280K->146304K(505344K)] 611213K->437461K(1903616K), 0.0865016 secs] [Times: user=0.51 sys=0.00, real=0.08 secs] 
4534.826: [GC (Allocation Failure) [PSYoungGen: 464768K->103440K(507904K)] 755928K->532489K(1906176K), 0.1458323 secs] [Times: user=0.87 sys=0.00, real=0.15 secs] 
4536.794: [GC (Allocation Failure) [PSYoungGen: 421904K->148064K(505856K)] 850953K->677273K(1904128K), 0.0543455 secs] [Times: user=0.32 sys=0.00, real=0.05 secs] 
4539.613: [GC (Allocation Failure) [PSYoungGen: 467552K->107072K(508928K)] 996761K->775897K(1907200K), 0.1787850 secs] [Times: user=1.06 sys=0.00, real=0.18 secs] 
4541.374: [GC (Allocation Failure) [PSYoungGen: 426560K->149024K(506368K)] 1095385K->920954K(1904640K), 0.0526341 secs] [Times: user=0.31 sys=0.00, real=0.05 secs] 
4544.749: [GC (Allocation Failure) [PSYoungGen: 469024K->103408K(509440K)] 1240954K->1015131K(1907712K), 0.1692081 secs] [Times: user=1.01 sys=0.00, real=0.17 secs] 
4546.501: [GC (Allocation Failure) [PSYoungGen: 418249K->149472K(505856K)] 1329972K->1160403K(1904128K), 0.0720447 secs] [Times: user=0.42 sys=0.00, real=0.07 secs] 
4549.045: [GC (Allocation Failure) [PSYoungGen: 468448K->106688K(508928K)] 1479379K->1258691K(1907200K), 0.1532973 secs] [Times: user=0.91 sys=0.00, real=0.15 secs] 
4550.979: [GC (Allocation Failure) [PSYoungGen: 421194K->144096K(508416K)] 1573198K->1399376K(1906688K), 0.1020737 secs] [Times: user=0.60 sys=0.00, real=0.11 secs] 
4551.081: [Full GC (Ergonomics) [PSYoungGen: 144096K->0K(508416K)] [ParOldGen: 1255280K->196914K(1398272K)] 1399376K->196914K(1906688K), [Metaspace: 60451K->60451K(1105920K)], 0.5201583 secs] [Times: user=2.48 sys=0.01, real=0.52 secs] 
4554.223: [GC (Allocation Failure) [PSYoungGen: 321024K->105824K(427008K)] 517938K->302738K(1825280K), 0.0848266 secs] [Times: user=0.50 sys=0.00, real=0.08 secs] 
4555.297: [GC (Allocation Failure) [PSYoungGen: 415521K->145280K(506368K)] 612435K->444099K(1904640K), 0.0501480 secs] [Times: user=0.30 sys=0.00, real=0.05 secs] 
4557.485: [GC (Allocation Failure) [PSYoungGen: 466304K->105696K(508416K)] 765123K->540827K(1906688K), 0.1594190 secs] [Times: user=0.94 sys=0.00, real=0.16 secs] 
4558.953: [GC (Allocation Failure) [PSYoungGen: 422846K->146080K(508928K)] 857977K->682988K(1907200K), 0.0727425 secs] [Times: user=0.43 sys=0.00, real=0.07 secs] 
4563.867: [GC (Allocation Failure) [PSYoungGen: 470176K->105152K(510976K)] 1007084K->779140K(1909248K), 0.1705082 secs] [Times: user=1.02 sys=0.00, real=0.17 secs] 
4565.299: [GC (Allocation Failure) [PSYoungGen: 418848K->146304K(509440K)] 1092837K->921121K(1907712K), 0.0503791 secs] [Times: user=0.30 sys=0.00, real=0.05 secs] 
4567.819: [GC (Allocation Failure) [PSYoungGen: 471424K->109664K(511488K)] 1246241K->1022145K(1909760K), 0.1621504 secs] [Times: user=0.97 sys=0.00, real=0.17 secs] 
4569.434: [GC (Allocation Failure) [PSYoungGen: 418902K->140960K(511488K)] 1331383K->1159550K(1909760K), 0.1240165 secs] [Times: user=0.74 sys=0.00, real=0.12 secs] 
4573.350: [GC (Allocation Failure) [PSYoungGen: 469152K->108720K(511488K)] 1487742K->1259879K(1909760K), 0.1254376 secs] [Times: user=0.67 sys=0.00, real=0.13 secs] 
4574.941: [GC (Allocation Failure) [PSYoungGen: 436912K->155424K(505856K)] 1588071K->1411159K(1904128K), 0.0532479 secs] [Times: user=0.32 sys=0.00, real=0.06 secs] 
4574.994: [Full GC (Ergonomics) [PSYoungGen: 155424K->0K(505856K)] [ParOldGen: 1255735K->209794K(1398272K)] 1411159K->209794K(1904128K), [Metaspace: 60451K->60451K(1105920K)], 0.4948553 secs] [Times: user=2.32 sys=0.00, real=0.49 secs] 
4578.326: [GC (Allocation Failure) [PSYoungGen: 325120K->97552K(512000K)] 534914K->307347K(1910272K), 0.1557522 secs] [Times: user=0.92 sys=0.00, real=0.16 secs] 
4579.057: [GC (Allocation Failure) [PSYoungGen: 422672K->157760K(500736K)] 632467K->459028K(1899008K), 0.0556511 secs] [Times: user=0.33 sys=0.00, real=0.06 secs] 
4581.351: [GC (Allocation Failure) [PSYoungGen: 472640K->94896K(506880K)] 773908K->553436K(1905152K), 0.1597376 secs] [Times: user=0.95 sys=0.00, real=0.16 secs] 
4581.827: [GC (Allocation Failure) [PSYoungGen: 409776K->169008K(487936K)] 868316K->716257K(1886208K), 0.0562443 secs] [Times: user=0.33 sys=0.01, real=0.06 secs] 
4585.861: [GC (Allocation Failure) [PSYoungGen: 465456K->82192K(378880K)] 1012705K->781657K(1777152K), 0.1581179 secs] [Times: user=0.94 sys=0.00, real=0.15 secs] 
4586.579: [GC (Allocation Failure) [PSYoungGen: 362735K->136800K(500224K)] 1062200K->912561K(1898496K), 0.0465396 secs] [Times: user=0.28 sys=0.00, real=0.05 secs] 
4588.105: [GC (Allocation Failure) [PSYoungGen: 435296K->95984K(394752K)] 1211057K->999938K(1793024K), 0.0659596 secs] [Times: user=0.39 sys=0.00, real=0.07 secs] 
4590.033: [GC (Allocation Failure) [PSYoungGen: 394480K->138080K(496640K)] 1298434K->1134590K(1894912K), 0.0479956 secs] [Times: user=0.29 sys=0.00, real=0.05 secs] 
4592.200: [GC (Allocation Failure) [PSYoungGen: 438112K->102112K(495104K)] 1434622K->1227398K(1893376K), 0.0637058 secs] [Times: user=0.38 sys=0.00, real=0.07 secs] 
4594.479: [GC (Allocation Failure) [PSYoungGen: 402144K->136224K(500224K)] 1527430K->1361427K(1898496K), 0.0518720 secs] [Times: user=0.31 sys=0.00, real=0.05 secs] 
4594.531: [Full GC (Ergonomics) [PSYoungGen: 136224K->0K(500224K)] [ParOldGen: 1225203K->168373K(1398272K)] 1361427K->168373K(1898496K), [Metaspace: 60451K->60451K(1105920K)], 0.4024496 secs] [Times: user=1.87 sys=0.00, real=0.41 secs] 
4596.834: [GC (Allocation Failure) [PSYoungGen: 308736K->105312K(498688K)] 477109K->273685K(1896960K), 0.0399641 secs] [Times: user=0.23 sys=0.01, real=0.04 secs] 
4599.383: [GC (Allocation Failure) [PSYoungGen: 414048K->138800K(503808K)] 582421K->410892K(1902080K), 0.0544815 secs] [Times: user=0.32 sys=0.00, real=0.05 secs] 
4601.824: [GC (Allocation Failure) [PSYoungGen: 456240K->108656K(503808K)] 728332K->510364K(1902080K), 0.0649447 secs] [Times: user=0.38 sys=0.00, real=0.06 secs] 
4603.610: [GC (Allocation Failure) [PSYoungGen: 426096K->143232K(506368K)] 827804K->652164K(1904640K), 0.0542468 secs] [Times: user=0.32 sys=0.00, real=0.06 secs] 
4607.374: [GC (Allocation Failure) [PSYoungGen: 467328K->109840K(508416K)] 976260K->752541K(1906688K), 0.0665223 secs] [Times: user=0.39 sys=0.00, real=0.06 secs] 
4609.059: [GC (Allocation Failure) [PSYoungGen: 433936K->149328K(508928K)] 1076637K->900737K(1907200K), 0.0765077 secs] [Times: user=0.45 sys=0.00, real=0.08 secs] 
4610.605: [GC (Allocation Failure) [PSYoungGen: 477520K->111200K(513024K)] 1228929K->1003305K(1911296K), 0.0678355 secs] [Times: user=0.41 sys=0.00, real=0.07 secs] 
4613.930: [GC (Allocation Failure) [PSYoungGen: 439392K->149568K(509440K)] 1331497K->1150365K(1907712K), 0.0560272 secs] [Times: user=0.33 sys=0.00, real=0.06 secs] 
4616.077: [GC (Allocation Failure) [PSYoungGen: 477760K->112032K(513536K)] 1478557K->1253218K(1911808K), 0.1784285 secs] [Times: user=1.07 sys=0.00, real=0.18 secs] 
4618.014: [GC (Allocation Failure) [PSYoungGen: 439524K->150432K(509952K)] 1580710K->1400050K(1908224K), 0.0565390 secs] [Times: user=0.34 sys=0.00, real=0.06 secs] 
4618.071: [Full GC (Ergonomics) [PSYoungGen: 150432K->0K(509952K)] [ParOldGen: 1249618K->197380K(1398272K)] 1400050K->197380K(1908224K), [Metaspace: 60451K->60451K(1105920K)], 0.4813218 secs] [Times: user=2.24 sys=0.00, real=0.48 secs] 
4620.838: [GC (Allocation Failure) [PSYoungGen: 328192K->109312K(513536K)] 525572K->306692K(1911808K), 0.1025347 secs] [Times: user=0.60 sys=0.00, real=0.11 secs] 
4622.352: [GC (Allocation Failure) [PSYoungGen: 437504K->154944K(505856K)] 634884K->457532K(1904128K), 0.0751786 secs] [Times: user=0.44 sys=0.00, real=0.07 secs] 
4626.769: [GC (Allocation Failure) [PSYoungGen: 478016K->99760K(510976K)] 780604K->556877K(1909248K), 0.1708658 secs] [Times: user=1.02 sys=0.00, real=0.17 secs] 
4627.791: [GC (Allocation Failure) [PSYoungGen: 422832K->172416K(489472K)] 879949K->718820K(1887744K), 0.0569845 secs] [Times: user=0.34 sys=0.01, real=0.05 secs] 
4630.716: [GC (Allocation Failure) [PSYoungGen: 472813K->85744K(388608K)] 1019217K->787633K(1786880K), 0.1748492 secs] [Times: user=1.04 sys=0.00, real=0.18 secs] 
4631.595: [GC (Allocation Failure) [PSYoungGen: 374978K->138048K(502784K)] 1076866K->921929K(1901056K), 0.0477708 secs] [Times: user=0.29 sys=0.00, real=0.05 secs] 
4633.890: [GC (Allocation Failure) [PSYoungGen: 441664K->96960K(400896K)] 1225545K->1010465K(1799168K), 0.0656280 secs] [Times: user=0.39 sys=0.00, real=0.07 secs] 
4635.776: [GC (Allocation Failure) [PSYoungGen: 400576K->140480K(499200K)] 1314081K->1147586K(1897472K), 0.0489195 secs] [Times: user=0.29 sys=0.00, real=0.05 secs] 
4637.449: [GC (Allocation Failure) [PSYoungGen: 445120K->103696K(498176K)] 1452226K->1241934K(1896448K), 0.0640369 secs] [Times: user=0.38 sys=0.01, real=0.07 secs] 
4638.550: [GC (Allocation Failure) [PSYoungGen: 408336K->142832K(500736K)] 1546574K->1381811K(1899008K), 0.0527008 secs] [Times: user=0.31 sys=0.00, real=0.06 secs] 
4638.603: [Full GC (Ergonomics) [PSYoungGen: 142832K->0K(500736K)] [ParOldGen: 1238978K->180292K(1398272K)] 1381811K->180292K(1899008K), [Metaspace: 60451K->60451K(1105920K)], 0.4311023 secs] [Times: user=2.01 sys=0.00, real=0.43 secs] 
4640.338: [GC (Allocation Failure) [PSYoungGen: 310272K->104976K(501248K)] 490564K->285269K(1899520K), 0.0337886 secs] [Times: user=0.20 sys=0.00, real=0.04 secs] 
4643.435: [GC (Allocation Failure) [PSYoungGen: 415248K->138784K(505856K)] 595541K->421593K(1904128K), 0.0515399 secs] [Times: user=0.30 sys=0.00, real=0.05 secs] 
4645.164: [GC (Allocation Failure) [PSYoungGen: 456736K->105168K(505344K)] 739545K->517726K(1903616K), 0.0747658 secs] [Times: user=0.44 sys=0.01, real=0.07 secs] 
4646.986: [GC (Allocation Failure) [PSYoungGen: 423120K->147520K(504832K)] 835678K->662029K(1903104K), 0.0526227 secs] [Times: user=0.31 sys=0.00, real=0.05 secs] 
4648.928: [GC (Allocation Failure) [PSYoungGen: 468032K->111296K(507904K)] 982541K->764117K(1906176K), 0.0665615 secs] [Times: user=0.39 sys=0.01, real=0.07 secs] 
4649.945: [GC (Allocation Failure) [PSYoungGen: 431808K->150320K(506368K)] 1084629K->912163K(1904640K), 0.0554259 secs] [Times: user=0.32 sys=0.01, real=0.05 secs] 
4651.533: [GC (Allocation Failure) [PSYoungGen: 473392K->107232K(510464K)] 1235235K->1010630K(1908736K), 0.0760575 secs] [Times: user=0.45 sys=0.00, real=0.07 secs] 
4653.230: [GC (Allocation Failure) [PSYoungGen: 430304K->151168K(506880K)] 1333702K->1158407K(1905152K), 0.0533456 secs] [Times: user=0.32 sys=0.00, real=0.06 secs] 
4655.847: [GC (Allocation Failure) [PSYoungGen: 473216K->107152K(510464K)] 1480455K->1256976K(1908736K), 0.1233709 secs] [Times: user=0.74 sys=0.00, real=0.13 secs] 
4657.313: [GC (Allocation Failure) [PSYoungGen: 421066K->146288K(509952K)] 1570889K->1399357K(1908224K), 0.0534158 secs] [Times: user=0.31 sys=0.00, real=0.05 secs] 
4657.367: [Full GC (Ergonomics) [PSYoungGen: 146288K->0K(509952K)] [ParOldGen: 1253068K->197196K(1398272K)] 1399357K->197196K(1908224K), [Metaspace: 60451K->60451K(1105920K)], 0.4825279 secs] [Times: user=2.26 sys=0.00, real=0.48 secs] 
4660.417: [GC (Allocation Failure) [PSYoungGen: 324096K->107328K(431616K)] 521292K->304524K(1829888K), 0.0578323 secs] [Times: user=0.34 sys=0.00, real=0.06 secs] 
4661.093: [GC (Allocation Failure) [PSYoungGen: 431424K->153216K(504832K)] 628620K->453949K(1903104K), 0.0517254 secs] [Times: user=0.31 sys=0.00, real=0.05 secs] 
4663.990: [GC (Allocation Failure) [PSYoungGen: 473216K->96496K(509440K)] 773949K->549614K(1907712K), 0.1581465 secs] [Times: user=0.94 sys=0.01, real=0.16 secs] 
4664.927: [GC (Allocation Failure) [PSYoungGen: 416496K->170880K(488960K)] 869614K->714689K(1887232K), 0.0557490 secs] [Times: user=0.33 sys=0.00, real=0.06 secs] 
4667.812: [GC (Allocation Failure) [PSYoungGen: 471424K->86176K(387072K)] 1015233K->783885K(1785344K), 0.1581402 secs] [Times: user=0.94 sys=0.00, real=0.15 secs] 
4668.800: [GC (Allocation Failure) [PSYoungGen: 383832K->140576K(500736K)] 1081542K->920441K(1899008K), 0.0488968 secs] [Times: user=0.29 sys=0.00, real=0.05 secs] 
4671.718: [GC (Allocation Failure) [PSYoungGen: 441632K->95808K(397312K)] 1221497K->1007582K(1795584K), 0.1308473 secs] [Times: user=0.78 sys=0.00, real=0.13 secs] 
4672.793: [GC (Allocation Failure) [PSYoungGen: 396864K->142144K(497664K)] 1308638K->1145978K(1895936K), 0.0480391 secs] [Times: user=0.28 sys=0.00, real=0.04 secs] 
4674.474: [GC (Allocation Failure) [PSYoungGen: 443712K->100240K(497152K)] 1447546K->1237839K(1895424K), 0.0723147 secs] [Times: user=0.43 sys=0.00, real=0.07 secs] 
4677.419: [GC (Allocation Failure) [PSYoungGen: 401808K->144944K(499200K)] 1539407K->1380464K(1897472K), 0.0505684 secs] [Times: user=0.30 sys=0.00, real=0.05 secs] 
4677.470: [Full GC (Ergonomics) [PSYoungGen: 144944K->0K(499200K)] [ParOldGen: 1235519K->172135K(1398272K)] 1380464K->172135K(1897472K), [Metaspace: 60451K->60451K(1105920K)], 0.4095899 secs] [Times: user=1.90 sys=0.00, real=0.41 secs] 
4678.920: [GC (Allocation Failure) [PSYoungGen: 306176K->105072K(500224K)] 478311K->277207K(1898496K), 0.0371768 secs] [Times: user=0.22 sys=0.00, real=0.04 secs] 
4680.984: [GC (Allocation Failure) [PSYoungGen: 411248K->140288K(503296K)] 583383K->415312K(1901568K), 0.0537148 secs] [Times: user=0.32 sys=0.00, real=0.05 secs] 
4684.393: [GC (Allocation Failure) [PSYoungGen: 452608K->106208K(502784K)] 727632K->512684K(1901056K), 0.0645758 secs] [Times: user=0.38 sys=0.00, real=0.06 secs] 
4687.053: [GC (Allocation Failure) [PSYoungGen: 418528K->138960K(504832K)] 825004K->650389K(1903104K), 0.0547354 secs] [Times: user=0.28 sys=0.00, real=0.05 secs] 
4689.228: [GC (Allocation Failure) [PSYoungGen: 456912K->107520K(504320K)] 968341K->749037K(1902592K), 0.0650690 secs] [Times: user=0.38 sys=0.00, real=0.07 secs] 
4692.069: [GC (Allocation Failure) [PSYoungGen: 425472K->142224K(507904K)] 1066989K->889766K(1906176K), 0.0535805 secs] [Times: user=0.31 sys=0.00, real=0.06 secs] 
4693.634: [GC (Allocation Failure) [PSYoungGen: 466832K->113424K(508928K)] 1214374K->993794K(1907200K), 0.0660744 secs] [Times: user=0.40 sys=0.00, real=0.06 secs] 
4696.923: [GC (Allocation Failure) [PSYoungGen: 438032K->146160K(508416K)] 1318402K->1137583K(1906688K), 0.0549751 secs] [Times: user=0.33 sys=0.00, real=0.05 secs] 
4698.704: [GC (Allocation Failure) [PSYoungGen: 474352K->110720K(511488K)] 1465775K->1239450K(1909760K), 0.0659404 secs] [Times: user=0.39 sys=0.00, real=0.06 secs] 
4701.535: [GC (Allocation Failure) [PSYoungGen: 438912K->152000K(509440K)] 1567642K->1388671K(1907712K), 0.0548903 secs] [Times: user=0.32 sys=0.00, real=0.05 secs] 
4701.590: [Full GC (Ergonomics) [PSYoungGen: 152000K->0K(509440K)] [ParOldGen: 1236671K->185856K(1398272K)] 1388671K->185856K(1907712K), [Metaspace: 60451K->60451K(1105920K)], 0.4509353 secs] [Times: user=2.11 sys=0.00, real=0.46 secs] 
4703.849: [GC (Allocation Failure) [PSYoungGen: 329216K->109936K(514048K)] 515072K->295792K(1912320K), 0.0542086 secs] [Times: user=0.32 sys=0.00, real=0.06 secs] 
4706.111: [GC (Allocation Failure) [PSYoungGen: 439015K->152896K(507904K)] 624871K->444977K(1906176K), 0.0533162 secs] [Times: user=0.32 sys=0.00, real=0.05 secs] 
4708.934: [GC (GCLocker Initiated GC) [PSYoungGen: 479040K->107040K(512512K)] 771121K->543373K(1910784K), 0.1684187 secs] [Times: user=1.00 sys=0.01, real=0.17 secs] 
4710.297: [GC (Allocation Failure) [PSYoungGen: 433184K->153872K(505344K)] 869520K->692878K(1903616K), 0.0522702 secs] [Times: user=0.31 sys=0.01, real=0.05 secs] 
4714.153: [GC (Allocation Failure) [PSYoungGen: 474896K->94800K(509952K)] 1013902K->787118K(1908224K), 0.1679643 secs] [Times: user=1.01 sys=0.00, real=0.17 secs] 
4715.041: [GC (Allocation Failure) [PSYoungGen: 415824K->151296K(503296K)] 1108142K->934642K(1901568K), 0.0556138 secs] [Times: user=0.33 sys=0.00, real=0.05 secs] 
4718.432: [GC (Allocation Failure) [PSYoungGen: 463356K->92272K(506880K)] 1246703K->1026315K(1905152K), 0.1549477 secs] [Times: user=0.92 sys=0.00, real=0.15 secs] 
4719.290: [GC (Allocation Failure) [PSYoungGen: 407152K->149472K(502272K)] 1341195K->1171631K(1900544K), 0.0543611 secs] [Times: user=0.32 sys=0.00, real=0.06 secs] 
4721.760: [GC (Allocation Failure) [PSYoungGen: 460256K->93072K(504832K)] 1482415K->1264104K(1903104K), 0.1736483 secs] [Times: user=1.03 sys=0.01, real=0.18 secs] 
4723.081: [GC (Allocation Failure) [PSYoungGen: 403856K->163024K(490496K)] 1574888K->1423657K(1888768K), 0.0550379 secs] [Times: user=0.33 sys=0.00, real=0.06 secs] 
4723.136: [Full GC (Ergonomics) [PSYoungGen: 163024K->0K(490496K)] [ParOldGen: 1260632K->205152K(1398272K)] 1423657K->205152K(1888768K), [Metaspace: 60452K->60452K(1105920K)], 0.4799240 secs] [Times: user=2.23 sys=0.00, real=0.48 secs] 
4725.634: [GC (Allocation Failure) [PSYoungGen: 297472K->86048K(498176K)] 502624K->291200K(1896448K), 0.1664777 secs] [Times: user=0.99 sys=0.00, real=0.16 secs] 
4726.585: [GC (Allocation Failure) [PSYoungGen: 383520K->141152K(496128K)] 588672K->428365K(1894400K), 0.0470615 secs] [Times: user=0.28 sys=0.00, real=0.05 secs] 
4728.280: [GC (Allocation Failure) [PSYoungGen: 438624K->98944K(497152K)] 725837K->518381K(1895424K), 0.0633786 secs] [Times: user=0.37 sys=0.00, real=0.07 secs] 
4730.240: [GC (Allocation Failure) [PSYoungGen: 396416K->145648K(496128K)] 815853K->660850K(1894400K), 0.0494544 secs] [Times: user=0.29 sys=0.00, real=0.05 secs] 
4731.428: [GC (Allocation Failure) [PSYoungGen: 445168K->102464K(497152K)] 960370K->745369K(1895424K), 0.0633390 secs] [Times: user=0.37 sys=0.00, real=0.07 secs] 
4732.913: [GC (Allocation Failure) [PSYoungGen: 401984K->134944K(498688K)] 1044889K->878066K(1896960K), 0.0558256 secs] [Times: user=0.32 sys=0.00, real=0.05 secs] 
4735.053: [GC (Allocation Failure) [PSYoungGen: 442144K->107664K(498688K)] 1185266K->975743K(1896960K), 0.0637788 secs] [Times: user=0.38 sys=0.00, real=0.06 secs] 
4736.094: [GC (Allocation Failure) [PSYoungGen: 414864K->139792K(504320K)] 1282943K->1114284K(1902592K), 0.0582574 secs] [Times: user=0.35 sys=0.00, real=0.06 secs] 
4737.281: [GC (Allocation Failure) [PSYoungGen: 456208K->109360K(503808K)] 1430700K->1214464K(1902080K), 0.0657811 secs] [Times: user=0.39 sys=0.00, real=0.06 secs] 
4739.933: [GC (Allocation Failure) [PSYoungGen: 425776K->142448K(506368K)] 1530880K->1354769K(1904640K), 0.0555044 secs] [Times: user=0.33 sys=0.01, real=0.05 secs] 
4741.132: [GC (Allocation Failure) [PSYoungGen: 465008K->112384K(507392K)] 1677329K->1457496K(1905664K), 0.0694259 secs] [Times: user=0.40 sys=0.01, real=0.07 secs] 
4741.201: [Full GC (Ergonomics) [PSYoungGen: 112384K->0K(507392K)] [ParOldGen: 1345112K->26781K(1398272K)] 1457496K->26781K(1905664K), [Metaspace: 60468K->60468K(1105920K)], 0.0543324 secs] [Times: user=0.18 sys=0.00, real=0.05 secs] 
4743.756: [GC (Allocation Failure) [PSYoungGen: 322560K->146064K(508928K)] 349341K->172846K(1907200K), 0.0291140 secs] [Times: user=0.18 sys=0.00, real=0.03 secs] 
4745.663: [GC (GCLocker Initiated GC) [PSYoungGen: 473744K->111312K(511488K)] 500530K->274975K(1909760K), 0.0696949 secs] [Times: user=0.41 sys=0.00, real=0.07 secs] 
4748.200: [GC (Allocation Failure) [PSYoungGen: 438992K->148800K(510464K)] 602655K->421475K(1908736K), 0.0540485 secs] [Times: user=0.32 sys=0.00, real=0.06 secs] 
4750.678: [GC (Allocation Failure) [PSYoungGen: 479040K->112160K(514048K)] 751715K->524475K(1912320K), 0.1657674 secs] [Times: user=0.99 sys=0.01, real=0.17 secs] 
4752.912: [GC (Allocation Failure) [PSYoungGen: 442400K->153984K(507904K)] 854715K->675144K(1906176K), 0.0540392 secs] [Times: user=0.32 sys=0.00, real=0.05 secs] 
4756.245: [GC (Allocation Failure) [PSYoungGen: 481152K->109344K(513024K)] 1002312K->775376K(1911296K), 0.1730675 secs] [Times: user=1.03 sys=0.00, real=0.17 secs] 
4757.561: [GC (Allocation Failure) [PSYoungGen: 436512K->183280K(416256K)] 1102544K->972022K(1814528K), 0.0586223 secs] [Times: user=0.33 sys=0.01, real=0.05 secs] 
4759.094: [GC (Allocation Failure) [PSYoungGen: 416240K->60592K(465920K)] 1204982K->983306K(1864192K), 0.0631187 secs] [Times: user=0.33 sys=0.00, real=0.06 secs] 
4761.925: [GC (Allocation Failure) [PSYoungGen: 293552K->102080K(465920K)] 1216266K->1082958K(1864192K), 0.0696864 secs] [Times: user=0.41 sys=0.00, real=0.07 secs] 
4762.154: [GC (Allocation Failure) [PSYoungGen: 335040K->119872K(465920K)] 1315918K->1193186K(1864192K), 0.0554755 secs] [Times: user=0.33 sys=0.00, real=0.05 secs] 
4764.703: [GC (Allocation Failure) [PSYoungGen: 352832K->55104K(465920K)] 1426146K->1248298K(1864192K), 0.1533523 secs] [Times: user=0.89 sys=0.01, real=0.15 secs] 
4765.879: [GC (Allocation Failure) [PSYoungGen: 288064K->110496K(343552K)] 1481258K->1355347K(1741824K), 0.0407699 secs] [Times: user=0.24 sys=0.01, real=0.04 secs] 
4765.920: [Full GC (Ergonomics) [PSYoungGen: 110496K->0K(343552K)] [ParOldGen: 1244851K->160530K(1398272K)] 1355347K->160530K(1741824K), [Metaspace: 60468K->60468K(1105920K)], 0.3826385 secs] [Times: user=1.76 sys=0.00, real=0.39 secs] 
4767.428: [GC (Allocation Failure) [PSYoungGen: 232960K->101824K(466944K)] 393490K->262354K(1865216K), 0.0377346 secs] [Times: user=0.23 sys=0.00, real=0.04 secs] 
4770.591: [GC (Allocation Failure) [PSYoungGen: 341440K->72352K(460288K)] 501970K->334810K(1858560K), 0.1063958 secs] [Times: user=0.63 sys=0.00, real=0.10 secs] 
4770.903: [GC (Allocation Failure) [PSYoungGen: 310419K->115968K(466432K)] 572878K->444906K(1864704K), 0.0438133 secs] [Times: user=0.25 sys=0.00, real=0.04 secs] 
4772.581: [GC (Allocation Failure) [PSYoungGen: 375552K->80800K(467968K)] 704490K->517274K(1866240K), 0.0545420 secs] [Times: user=0.32 sys=0.00, real=0.05 secs] 
4775.613: [GC (Allocation Failure) [PSYoungGen: 340384K->116288K(476672K)] 776858K->631663K(1874944K), 0.0525255 secs] [Times: user=0.30 sys=0.00, real=0.05 secs] 
4778.235: [GC (Allocation Failure) [PSYoungGen: 401472K->117056K(482816K)] 916847K->739627K(1881088K), 0.0614742 secs] [Times: user=0.36 sys=0.00, real=0.06 secs] 
4780.086: [GC (Allocation Failure) [PSYoungGen: 402240K->101280K(491008K)] 1024811K->840939K(1889280K), 0.0869084 secs] [Times: user=0.50 sys=0.01, real=0.09 secs] 
4782.841: [GC (Allocation Failure) [PSYoungGen: 409143K->184640K(495616K)] 1148803K->1014408K(1893888K), 0.0685135 secs] [Times: user=0.41 sys=0.00, real=0.06 secs] 
4784.833: [GC (Allocation Failure) [PSYoungGen: 490094K->93232K(498176K)] 1319863K->1070857K(1896448K), 0.1077205 secs] [Times: user=0.64 sys=0.00, real=0.11 secs] 
4785.466: [GC (Allocation Failure) [PSYoungGen: 388144K->142464K(495616K)] 1365769K->1207317K(1893888K), 0.0616559 secs] [Times: user=0.36 sys=0.00, real=0.06 secs] 
4788.494: [GC (Allocation Failure) [PSYoungGen: 437376K->83168K(495616K)] 1502229K->1290565K(1893888K), 0.1331145 secs] [Times: user=0.78 sys=0.00, real=0.13 secs] 
4789.237: [GC (Allocation Failure) [PSYoungGen: 379616K->140736K(496128K)] 1587013K->1424899K(1894400K), 0.1387258 secs] [Times: user=0.82 sys=0.00, real=0.14 secs] 
4789.375: [Full GC (Ergonomics) [PSYoungGen: 140736K->0K(496128K)] [ParOldGen: 1284163K->223407K(1398272K)] 1424899K->223407K(1894400K), [Metaspace: 60468K->60468K(1105920K)], 0.5763513 secs] [Times: user=2.77 sys=0.00, real=0.58 secs] 
4791.739: [GC (Allocation Failure) [PSYoungGen: 296448K->88560K(493056K)] 519855K->311968K(1891328K), 0.1071340 secs] [Times: user=0.63 sys=0.00, real=0.11 secs] 
4792.133: [GC (Allocation Failure) [PSYoungGen: 387056K->144112K(495616K)] 610464K->450169K(1893888K), 0.0519549 secs] [Times: user=0.31 sys=0.00, real=0.05 secs] 
4795.555: [GC (Allocation Failure) [PSYoungGen: 442608K->87392K(499200K)] 748665K->536780K(1897472K), 0.1223800 secs] [Times: user=0.73 sys=0.00, real=0.12 secs] 
4796.357: [GC (Allocation Failure) [PSYoungGen: 384429K->141376K(499200K)] 833817K->674557K(1897472K), 0.0490008 secs] [Times: user=0.29 sys=0.00, real=0.05 secs] 
4798.163: [GC (Allocation Failure) [PSYoungGen: 443456K->97856K(494080K)] 976637K->763645K(1892352K), 0.1265604 secs] [Times: user=0.75 sys=0.00, real=0.12 secs] 
4800.296: [GC (Allocation Failure) [PSYoungGen: 400960K->141152K(497152K)] 1066749K->901426K(1895424K), 0.0506826 secs] [Times: user=0.26 sys=0.00, real=0.05 secs] 
4802.684: [GC (Allocation Failure) [PSYoungGen: 444256K->99264K(497152K)] 1204530K->991826K(1895424K), 0.0632880 secs] [Times: user=0.38 sys=0.00, real=0.06 secs] 
4805.462: [GC (Allocation Failure) [PSYoungGen: 408512K->140192K(500224K)] 1301074K->1129863K(1898496K), 0.0508282 secs] [Times: user=0.30 sys=0.00, real=0.05 secs] 
4807.525: [GC (Allocation Failure) [PSYoungGen: 449440K->103104K(500224K)] 1439111K->1223531K(1898496K), 0.0644932 secs] [Times: user=0.39 sys=0.00, real=0.06 secs] 
4809.949: [GC (Allocation Failure) [PSYoungGen: 418496K->144256K(503296K)] 1538923K->1365311K(1901568K), 0.0580343 secs] [Times: user=0.34 sys=0.00, real=0.06 secs] 
4811.517: [GC (Allocation Failure) [PSYoungGen: 459648K->107296K(504320K)] 1680703K->1463372K(1902592K), 0.0699034 secs] [Times: user=0.39 sys=0.02, real=0.07 secs] 
4811.587: [Full GC (Ergonomics) [PSYoungGen: 107296K->0K(504320K)] [ParOldGen: 1356075K->32949K(1398272K)] 1463372K->32949K(1902592K), [Metaspace: 60469K->59567K(1105920K)], 0.0739823 secs] [Times: user=0.24 sys=0.00, real=0.08 secs] 
4812.869: [GC (Allocation Failure) [PSYoungGen: 320512K->145456K(506368K)] 353461K->178406K(1904640K), 0.0290089 secs] [Times: user=0.17 sys=0.00, real=0.03 secs] 
4816.495: [GC (GCLocker Initiated GC) [PSYoungGen: 465968K->109776K(506880K)] 498919K->278120K(1905152K), 0.0644408 secs] [Times: user=0.37 sys=0.01, real=0.06 secs] 
4818.956: [GC (Allocation Failure) [PSYoungGen: 433872K->156736K(481280K)] 602218K->432738K(1879552K), 0.0540643 secs] [Times: user=0.31 sys=0.00, real=0.05 secs] 
4821.703: [GC (Allocation Failure) [PSYoungGen: 480832K->110688K(512000K)] 756834K->526718K(1910272K), 0.0651972 secs] [Times: user=0.39 sys=0.00, real=0.06 secs] 
4824.321: [GC (Allocation Failure) [PSYoungGen: 431200K->147568K(507392K)] 847230K->667120K(1905664K), 0.0519864 secs] [Times: user=0.31 sys=0.00, real=0.05 secs] 
4825.910: [GC (GCLocker Initiated GC) [PSYoungGen: 468080K->107696K(507904K)] 987633K->765649K(1906176K), 0.0645282 secs] [Times: user=0.38 sys=0.00, real=0.07 secs] 
4826.867: [GC (Allocation Failure) [PSYoungGen: 429744K->151424K(508416K)] 1087748K->913648K(1906688K), 0.0531752 secs] [Times: user=0.32 sys=0.00, real=0.05 secs] 
4830.499: [GC (Allocation Failure) [PSYoungGen: 473472K->105088K(509440K)] 1235696K->1009897K(1907712K), 0.1650291 secs] [Times: user=0.97 sys=0.01, real=0.17 secs] 
4832.738: [GC (Allocation Failure) [PSYoungGen: 422951K->148432K(508416K)] 1327760K->1154210K(1906688K), 0.0514554 secs] [Times: user=0.30 sys=0.00, real=0.05 secs] 
4834.735: [GC (Allocation Failure) [PSYoungGen: 469456K->107920K(507392K)] 1475234K->1253418K(1905664K), 0.1374512 secs] [Times: user=0.82 sys=0.00, real=0.14 secs] 
4836.775: [GC (Allocation Failure) [PSYoungGen: 419470K->143232K(507904K)] 1564968K->1393001K(1906176K), 0.0515085 secs] [Times: user=0.31 sys=0.00, real=0.05 secs] 
4836.826: [Full GC (Ergonomics) [PSYoungGen: 143232K->0K(507904K)] [ParOldGen: 1249769K->197054K(1398272K)] 1393001K->197054K(1906176K), [Metaspace: 59567K->59567K(1105920K)], 0.4792658 secs] [Times: user=2.25 sys=0.00, real=0.48 secs] 
4840.375: [GC (Allocation Failure) [PSYoungGen: 321024K->105024K(507904K)] 518078K->302078K(1906176K), 0.0968223 secs] [Times: user=0.57 sys=0.00, real=0.10 secs] 
4842.030: [GC (Allocation Failure) [PSYoungGen: 418860K->146416K(509440K)] 615914K->444507K(1907712K), 0.0500860 secs] [Times: user=0.29 sys=0.00, real=0.05 secs] 
4845.841: [GC (Allocation Failure) [PSYoungGen: 470512K->106864K(510464K)] 768603K->542471K(1908736K), 0.1609147 secs] [Times: user=0.95 sys=0.01, real=0.16 secs] 
4847.232: [GC (Allocation Failure) [PSYoungGen: 418760K->144416K(510976K)] 854367K->682975K(1909248K), 0.0507840 secs] [Times: user=0.30 sys=0.00, real=0.05 secs] 
4850.320: [GC (Allocation Failure) [PSYoungGen: 470560K->106240K(509952K)] 1009119K->780331K(1908224K), 0.1630655 secs] [Times: user=0.96 sys=0.01, real=0.17 secs] 
4852.104: [GC (Allocation Failure) [PSYoungGen: 434432K->154544K(482816K)] 1108523K->930665K(1881088K), 0.0524859 secs] [Times: user=0.31 sys=0.00, real=0.05 secs] 
4855.135: [GC (Allocation Failure) [PSYoungGen: 482736K->99504K(511488K)] 1258857K->1029657K(1909760K), 0.1461240 secs] [Times: user=0.86 sys=0.00, real=0.14 secs] 
4856.436: [GC (Allocation Failure) [PSYoungGen: 422064K->154240K(477184K)] 1352217K->1177725K(1875456K), 0.0572042 secs] [Times: user=0.34 sys=0.00, real=0.06 secs] 
4858.901: [GC (Allocation Failure) [PSYoungGen: 476800K->100816K(508416K)] 1500285K->1278110K(1906688K), 0.1657777 secs] [Times: user=0.99 sys=0.00, real=0.17 secs] 
4860.532: [GC (Allocation Failure) [PSYoungGen: 417232K->148704K(465408K)] 1594526K->1420438K(1863680K), 0.1135265 secs] [Times: user=0.67 sys=0.00, real=0.11 secs] 
4860.646: [Full GC (Ergonomics) [PSYoungGen: 148704K->0K(465408K)] [ParOldGen: 1271734K->219178K(1398272K)] 1420438K->219178K(1863680K), [Metaspace: 59567K->59562K(1105920K)], 0.5540417 secs] [Times: user=2.63 sys=0.00, real=0.55 secs] 
4863.953: [GC (Allocation Failure) [PSYoungGen: 316416K->96928K(507904K)] 535594K->316106K(1906176K), 0.1387917 secs] [Times: user=0.82 sys=0.00, real=0.14 secs] 
4864.634: [GC (Allocation Failure) [PSYoungGen: 412320K->152160K(467968K)] 631498K->461743K(1866240K), 0.1046768 secs] [Times: user=0.62 sys=0.00, real=0.10 secs] 
4869.038: [GC (Allocation Failure) [PSYoungGen: 467552K->91872K(504832K)] 777135K->553083K(1903104K), 0.1780563 secs] [Times: user=1.06 sys=0.00, real=0.18 secs] 
4870.187: [GC (Allocation Failure) [PSYoungGen: 401632K->148416K(458240K)] 862843K->694868K(1856512K), 0.0988930 secs] [Times: user=0.59 sys=0.00, real=0.10 secs] 
4873.225: [GC (Allocation Failure) [PSYoungGen: 458176K->90496K(503808K)] 1004628K->785168K(1902080K), 0.1682508 secs] [Times: user=1.00 sys=0.01, real=0.17 secs] 
4874.100: [GC (Allocation Failure) [PSYoungGen: 398208K->147872K(455680K)] 1092880K->926665K(1853952K), 0.0529751 secs] [Times: user=0.32 sys=0.00, real=0.06 secs] 
4876.260: [GC (Allocation Failure) [PSYoungGen: 454515K->89808K(502784K)] 1233308K->1016226K(1901056K), 0.1614622 secs] [Times: user=0.96 sys=0.01, real=0.17 secs] 
4877.655: [GC (Allocation Failure) [PSYoungGen: 388647K->138560K(443904K)] 1315064K->1150634K(1842176K), 0.1252130 secs] [Times: user=0.74 sys=0.00, real=0.12 secs] 
4880.235: [GC (Allocation Failure) [PSYoungGen: 443712K->99648K(503296K)] 1455786K->1241314K(1901568K), 0.0627342 secs] [Times: user=0.37 sys=0.00, real=0.06 secs] 
4882.666: [GC (Allocation Failure) [PSYoungGen: 407872K->142480K(500224K)] 1549538K->1379887K(1898496K), 0.0500430 secs] [Times: user=0.29 sys=0.00, real=0.05 secs] 
4882.716: [Full GC (Ergonomics) [PSYoungGen: 142480K->0K(500224K)] [ParOldGen: 1237406K->188132K(1398272K)] 1379887K->188132K(1898496K), [Metaspace: 59562K->59562K(1105920K)], 0.4615159 secs] [Times: user=2.06 sys=0.00, real=0.46 secs] 
4884.498: [GC (Allocation Failure) [PSYoungGen: 308224K->102208K(501760K)] 496356K->290340K(1900032K), 0.0428474 secs] [Times: user=0.25 sys=0.00, real=0.04 secs] 
4887.373: [GC (Allocation Failure) [PSYoungGen: 416064K->145760K(503296K)] 604196K->432145K(1901568K), 0.0506816 secs] [Times: user=0.30 sys=0.00, real=0.05 secs] 
4888.761: [GC (Allocation Failure) [PSYoungGen: 459616K->105456K(503808K)] 746001K->528698K(1902080K), 0.0828353 secs] [Times: user=0.49 sys=0.00, real=0.08 secs] 
4890.589: [GC (Allocation Failure) [PSYoungGen: 422896K->148256K(505344K)] 846138K->673670K(1903616K), 0.0838034 secs] [Times: user=0.49 sys=0.00, real=0.09 secs] 
4892.228: [GC (Allocation Failure) [PSYoungGen: 465696K->108256K(506368K)] 991110K->772878K(1904640K), 0.0656587 secs] [Times: user=0.39 sys=0.00, real=0.07 secs] 
4894.622: [GC (Allocation Failure) [PSYoungGen: 427744K->147088K(506880K)] 1092366K->916507K(1905152K), 0.0528867 secs] [Times: user=0.31 sys=0.00, real=0.05 secs] 
4896.688: [GC (Allocation Failure) [PSYoungGen: 466576K->105920K(507904K)] 1235995K->1013467K(1906176K), 0.0759286 secs] [Times: user=0.45 sys=0.00, real=0.08 secs] 
4899.271: [GC (Allocation Failure) [PSYoungGen: 427456K->148096K(508416K)] 1335003K->1157607K(1906688K), 0.0512952 secs] [Times: user=0.31 sys=0.00, real=0.05 secs] 
4902.766: [GC (Allocation Failure) [PSYoungGen: 469632K->104896K(509440K)] 1479143K->1253471K(1907712K), 0.1587195 secs] [Times: user=0.94 sys=0.00, real=0.16 secs] 
4904.030: [GC (Allocation Failure) [PSYoungGen: 424008K->148640K(471552K)] 1572584K->1398160K(1869824K), 0.0560233 secs] [Times: user=0.33 sys=0.00, real=0.06 secs] 
4904.086: [Full GC (Ergonomics) [PSYoungGen: 148640K->0K(471552K)] [ParOldGen: 1249520K->196712K(1398272K)] 1398160K->196712K(1869824K), [Metaspace: 59562K->59562K(1105920K)], 0.4808088 secs] [Times: user=2.24 sys=0.00, real=0.48 secs] 
4907.348: [GC (Allocation Failure) [PSYoungGen: 322560K->106912K(512000K)] 519272K->303624K(1910272K), 0.0907184 secs] [Times: user=0.54 sys=0.00, real=0.09 secs] 
4909.277: [GC (Allocation Failure) [PSYoungGen: 419304K->143968K(508928K)] 616016K->443677K(1907200K), 0.0505610 secs] [Times: user=0.30 sys=0.00, real=0.05 secs] 
4912.285: [GC (Allocation Failure) [PSYoungGen: 466016K->104928K(508928K)] 765725K->540009K(1907200K), 0.1679409 secs] [Times: user=1.00 sys=0.00, real=0.17 secs] 
4914.179: [GC (Allocation Failure) [PSYoungGen: 418496K->146080K(509440K)] 853578K->682366K(1907712K), 0.0507304 secs] [Times: user=0.30 sys=0.00, real=0.05 secs] 
4917.332: [GC (Allocation Failure) [PSYoungGen: 470176K->108384K(509440K)] 1006462K->782058K(1907712K), 0.1553069 secs] [Times: user=0.92 sys=0.00, real=0.15 secs] 
4919.200: [GC (Allocation Failure) [PSYoungGen: 419612K->143120K(510464K)] 1093287K->921191K(1908736K), 0.0511265 secs] [Times: user=0.30 sys=0.00, real=0.06 secs] 
4921.240: [GC (Allocation Failure) [PSYoungGen: 469264K->109472K(509440K)] 1247335K->1021646K(1907712K), 0.1723082 secs] [Times: user=1.01 sys=0.01, real=0.18 secs] 
4922.563: [GC (Allocation Failure) [PSYoungGen: 438688K->155040K(484352K)] 1350862K->1172975K(1882624K), 0.0529903 secs] [Times: user=0.31 sys=0.01, real=0.05 secs] 
4924.635: [GC (Allocation Failure) [PSYoungGen: 484256K->102176K(513024K)] 1502191K->1274279K(1911296K), 0.1668232 secs] [Times: user=1.00 sys=0.00, real=0.17 secs] 
4925.281: [GC (Allocation Failure) [PSYoungGen: 427296K->156128K(481280K)] 1599399K->1423980K(1879552K), 0.0722571 secs] [Times: user=0.43 sys=0.00, real=0.07 secs] 
4925.354: [Full GC (Ergonomics) [PSYoungGen: 156128K->0K(481280K)] [ParOldGen: 1267852K->223061K(1398272K)] 1423980K->223061K(1879552K), [Metaspace: 59562K->59562K(1105920K)], 0.5281233 secs] [Times: user=2.48 sys=0.00, real=0.53 secs] 
4929.299: [GC (Allocation Failure) [PSYoungGen: 325120K->98976K(508928K)] 548181K->322037K(1907200K), 0.1090005 secs] [Times: user=0.64 sys=0.00, real=0.11 secs] 
4930.532: [GC (Allocation Failure) [PSYoungGen: 416416K->150560K(468480K)] 639477K->466778K(1866752K), 0.1241434 secs] [Times: user=0.74 sys=0.00, real=0.12 secs] 
4934.016: [GC (Allocation Failure) [PSYoungGen: 468000K->97024K(506880K)] 784218K->563634K(1905152K), 0.1325882 secs] [Times: user=0.79 sys=0.00, real=0.13 secs] 
4935.827: [GC (Allocation Failure) [PSYoungGen: 410880K->147520K(461824K)] 877490K->704737K(1860096K), 0.1347733 secs] [Times: user=0.80 sys=0.01, real=0.14 secs] 
4937.721: [GC (Allocation Failure) [PSYoungGen: 461376K->96720K(506880K)] 1018593K->800950K(1905152K), 0.1217395 secs] [Times: user=0.73 sys=0.00, real=0.12 secs] 
4938.347: [GC (Allocation Failure) [PSYoungGen: 410064K->152096K(465920K)] 1114294K->946594K(1864192K), 0.0745425 secs] [Times: user=0.44 sys=0.01, real=0.08 secs] 
4941.623: [GC (Allocation Failure) [PSYoungGen: 465440K->89824K(503808K)] 1259938K->1036098K(1902080K), 0.1490781 secs] [Times: user=0.88 sys=0.00, real=0.15 secs] 
4942.010: [GC (Allocation Failure) [PSYoungGen: 398048K->149280K(457728K)] 1344322K->1179106K(1856000K), 0.0566139 secs] [Times: user=0.33 sys=0.01, real=0.06 secs] 
4947.062: [GC (Allocation Failure) [PSYoungGen: 457504K->86880K(501760K)] 1487330K->1265554K(1900032K), 0.1718666 secs] [Times: user=1.02 sys=0.00, real=0.17 secs] 
4948.600: [GC (GCLocker Initiated GC) [PSYoungGen: 391008K->146352K(450560K)] 1569683K->1405528K(1848832K), 0.1116967 secs] [Times: user=0.66 sys=0.00, real=0.12 secs] 
4948.712: [Full GC (Ergonomics) [PSYoungGen: 146352K->0K(450560K)] [ParOldGen: 1259175K->213311K(1398272K)] 1405528K->213311K(1848832K), [Metaspace: 59576K->59576K(1105920K)], 0.5465475 secs] [Times: user=2.61 sys=0.00, real=0.54 secs] 
4951.550: [GC (Allocation Failure) [PSYoungGen: 304128K->86320K(501248K)] 521539K->303732K(1899520K), 0.1174944 secs] [Times: user=0.70 sys=0.00, real=0.12 secs] 
4952.778: [GC (Allocation Failure) [PSYoungGen: 388912K->195360K(498176K)] 606324K->497276K(1896448K), 0.0772947 secs] [Times: user=0.46 sys=0.01, real=0.08 secs] 
4956.329: [GC (Allocation Failure) [PSYoungGen: 497952K->86432K(468480K)] 799868K->534444K(1866752K), 0.1596248 secs] [Times: user=0.96 sys=0.00, real=0.16 secs] 
4957.433: [GC (Allocation Failure) [PSYoungGen: 354208K->127056K(483328K)] 802220K->658062K(1881600K), 0.0740469 secs] [Times: user=0.44 sys=0.00, real=0.07 secs] 
4959.542: [GC (Allocation Failure) [PSYoungGen: 394832K->88064K(472064K)] 925838K->737753K(1870336K), 0.0587171 secs] [Times: user=0.35 sys=0.00, real=0.05 secs] 
4961.643: [GC (Allocation Failure) [PSYoungGen: 363520K->117968K(481280K)] 1013209K->854595K(1879552K), 0.0649933 secs] [Times: user=0.38 sys=0.00, real=0.06 secs] 
4963.148: [GC (Allocation Failure) [PSYoungGen: 393424K->128288K(482816K)] 1130051K->972986K(1881088K), 0.0625134 secs] [Times: user=0.37 sys=0.00, real=0.06 secs] 
4964.683: [GC (Allocation Failure) [PSYoungGen: 423195K->93760K(488448K)] 1267893K->1066778K(1886720K), 0.0958179 secs] [Times: user=0.56 sys=0.00, real=0.09 secs] 
4966.596: [GC (Allocation Failure) [PSYoungGen: 389184K->140160K(504320K)] 1362202K->1200379K(1902592K), 0.1228444 secs] [Times: user=0.73 sys=0.01, real=0.12 secs] 
4970.267: [GC (Allocation Failure) [PSYoungGen: 455552K->93360K(506368K)] 1515771K->1293739K(1904640K), 0.1167592 secs] [Times: user=0.69 sys=0.00, real=0.12 secs] 
4970.615: [GC (Allocation Failure) [PSYoungGen: 408752K->153904K(497664K)] 1609131K->1441615K(1895936K), 0.0587625 secs] [Times: user=0.35 sys=0.00, real=0.06 secs] 
4970.674: [Full GC (Ergonomics) [PSYoungGen: 153904K->0K(497664K)] [ParOldGen: 1287710K->244328K(1398272K)] 1441615K->244328K(1895936K), [Metaspace: 59576K->59576K(1105920K)], 0.5846858 secs] [Times: user=2.75 sys=0.00, real=0.58 secs] 
4972.969: [GC (Allocation Failure) [PSYoungGen: 308736K->89600K(503808K)] 553064K->333928K(1902080K), 0.0380150 secs] [Times: user=0.22 sys=0.00, real=0.04 secs] 
4973.391: [GC (Allocation Failure) [PSYoungGen: 398336K->146608K(499712K)] 642664K->474525K(1897984K), 0.0800099 secs] [Times: user=0.48 sys=0.01, real=0.08 secs] 
4976.317: [GC (Allocation Failure) [PSYoungGen: 453296K->96224K(502784K)] 781213K->570401K(1901056K), 0.1214453 secs] [Times: user=0.72 sys=0.00, real=0.12 secs] 
4977.038: [GC (Allocation Failure) [PSYoungGen: 402912K->149248K(498688K)] 877089K->710046K(1896960K), 0.0999882 secs] [Times: user=0.60 sys=0.01, real=0.10 secs] 
4981.101: [GC (Allocation Failure) [PSYoungGen: 454912K->83456K(502272K)] 1015710K->793334K(1900544K), 0.1614661 secs] [Times: user=0.95 sys=0.00, real=0.16 secs] 
4981.512: [GC (Allocation Failure) [PSYoungGen: 389120K->149312K(495616K)] 1098998K->936439K(1893888K), 0.0531645 secs] [Times: user=0.31 sys=0.00, real=0.05 secs] 
4984.589: [GC (Allocation Failure) [PSYoungGen: 448832K->88944K(499200K)] 1235959K->1025071K(1897472K), 0.1652304 secs] [Times: user=0.99 sys=0.00, real=0.17 secs] 
4985.593: [GC (Allocation Failure) [PSYoungGen: 384223K->138288K(498176K)] 1320350K->1153084K(1896448K), 0.0480670 secs] [Times: user=0.29 sys=0.00, real=0.05 secs] 
4987.557: [GC (Allocation Failure) [PSYoungGen: 440368K->100432K(402944K)] 1455164K->1243936K(1801216K), 0.1482374 secs] [Times: user=0.88 sys=0.00, real=0.15 secs] 
4988.482: [GC (Allocation Failure) [PSYoungGen: 402512K->144192K(495616K)] 1546016K->1384528K(1893888K), 0.0512392 secs] [Times: user=0.31 sys=0.00, real=0.05 secs] 
4988.534: [Full GC (Ergonomics) [PSYoungGen: 144192K->0K(495616K)] [ParOldGen: 1240336K->191229K(1398272K)] 1384528K->191229K(1893888K), [Metaspace: 59578K->59578K(1105920K)], 0.4706213 secs] [Times: user=2.20 sys=0.00, real=0.47 secs] 
4991.203: [GC (Allocation Failure) [PSYoungGen: 303104K->98528K(498176K)] 494333K->289757K(1896448K), 0.0310965 secs] [Times: user=0.19 sys=0.00, real=0.03 secs] 
4994.284: [GC (Allocation Failure) [PSYoungGen: 401632K->139744K(501248K)] 592861K->425667K(1899520K), 0.0485329 secs] [Times: user=0.29 sys=0.00, real=0.05 secs] 
4995.426: [GC (Allocation Failure) [PSYoungGen: 450016K->105856K(502272K)] 735939K->522451K(1900544K), 0.0633743 secs] [Times: user=0.37 sys=0.00, real=0.06 secs] 
4996.963: [GC (Allocation Failure) [PSYoungGen: 416128K->142880K(501248K)] 832723K->662800K(1899520K), 0.0517195 secs] [Times: user=0.31 sys=0.00, real=0.05 secs] 
4998.826: [GC (Allocation Failure) [PSYoungGen: 456736K->102608K(503296K)] 976656K->756409K(1901568K), 0.0695390 secs] [Times: user=0.41 sys=0.00, real=0.07 secs] 
5001.244: [GC (Allocation Failure) [PSYoungGen: 416464K->144128K(505344K)] 1070265K->898177K(1903616K), 0.0517910 secs] [Times: user=0.31 sys=0.00, real=0.05 secs] 
5002.470: [GC (Allocation Failure) [PSYoungGen: 463616K->108240K(507904K)] 1217665K->997234K(1906176K), 0.0644300 secs] [Times: user=0.38 sys=0.00, real=0.07 secs] 
5005.348: [GC (Allocation Failure) [PSYoungGen: 427728K->146736K(504832K)] 1316722K->1141698K(1903104K), 0.0537452 secs] [Times: user=0.32 sys=0.00, real=0.06 secs] 
5006.799: [GC (Allocation Failure) [PSYoungGen: 467760K->109056K(508416K)] 1462722K->1242034K(1906688K), 0.0655434 secs] [Times: user=0.39 sys=0.00, real=0.07 secs] 
5009.838: [GC (Allocation Failure) [PSYoungGen: 430080K->146608K(507904K)] 1563058K->1385007K(1906176K), 0.0536033 secs] [Times: user=0.31 sys=0.00, real=0.06 secs] 
5009.891: [Full GC (Ergonomics) [PSYoungGen: 146608K->0K(507904K)] [ParOldGen: 1238398K->183447K(1398272K)] 1385007K->183447K(1906176K), [Metaspace: 59579K->59579K(1105920K)], 0.4432939 secs] [Times: user=2.08 sys=0.00, real=0.44 secs] 
5012.399: [GC (Allocation Failure) [PSYoungGen: 324608K->108800K(510976K)] 508055K->292247K(1909248K), 0.0406117 secs] [Times: user=0.24 sys=0.00, real=0.04 secs] 
5013.878: [GC (Allocation Failure) [PSYoungGen: 433408K->153136K(505856K)] 616855K->441592K(1904128K), 0.0531032 secs] [Times: user=0.32 sys=0.00, real=0.06 secs] 
5016.358: [GC (Allocation Failure) [PSYoungGen: 476208K->107584K(510976K)] 764664K->540304K(1909248K), 0.1757567 secs] [Times: user=1.03 sys=0.00, real=0.18 secs] 
5017.919: [GC (Allocation Failure) [PSYoungGen: 422335K->145968K(509952K)] 855055K->682601K(1908224K), 0.0514647 secs] [Times: user=0.31 sys=0.00, real=0.05 secs] 
5020.866: [GC (Allocation Failure) [PSYoungGen: 471088K->103616K(512000K)] 1007721K->777313K(1910272K), 0.1563298 secs] [Times: user=0.93 sys=0.00, real=0.16 secs] 
5021.819: [GC (Allocation Failure) [PSYoungGen: 415423K->146976K(508928K)] 1089120K->920633K(1907200K), 0.0504057 secs] [Times: user=0.30 sys=0.00, real=0.05 secs] 
5024.633: [GC (Allocation Failure) [PSYoungGen: 471072K->105824K(511488K)] 1244729K->1017753K(1909760K), 0.1667857 secs] [Times: user=0.97 sys=0.02, real=0.16 secs] 
5026.478: [GC (Allocation Failure) [PSYoungGen: 424228K->144960K(509952K)] 1336157K->1158518K(1908224K), 0.0509922 secs] [Times: user=0.30 sys=0.00, real=0.05 secs] 
5029.449: [GC (Allocation Failure) [PSYoungGen: 470080K->109040K(434176K)] 1483638K->1258891K(1832448K), 0.1698345 secs] [Times: user=1.00 sys=0.00, real=0.17 secs] 
5030.340: [GC (Allocation Failure) [PSYoungGen: 434160K->183264K(416256K)] 1584011K->1441223K(1814528K), 0.0557551 secs] [Times: user=0.32 sys=0.01, real=0.06 secs] 
5030.396: [Full GC (Ergonomics) [PSYoungGen: 183264K->0K(416256K)] [ParOldGen: 1257959K->208374K(1398272K)] 1441223K->208374K(1814528K), [Metaspace: 59582K->59582K(1105920K)], 0.4907551 secs] [Times: user=2.29 sys=0.00, real=0.49 secs] 
5032.591: [GC (Allocation Failure) [PSYoungGen: 232960K->60320K(465920K)] 441334K->268694K(1864192K), 0.0650789 secs] [Times: user=0.39 sys=0.00, real=0.06 secs] 
5034.857: [GC (Allocation Failure) [PSYoungGen: 293280K->102176K(465920K)] 501654K->367759K(1864192K), 0.0633726 secs] [Times: user=0.38 sys=0.00, real=0.06 secs] 
5035.723: [GC (Allocation Failure) [PSYoungGen: 335136K->116448K(349696K)] 600719K->474575K(1747968K), 0.1332357 secs] [Times: user=0.80 sys=0.00, real=0.13 secs] 
5037.535: [GC (Allocation Failure) [PSYoungGen: 349408K->58432K(459776K)] 707535K->532823K(1858048K), 0.0842451 secs] [Times: user=0.49 sys=0.00, real=0.08 secs] 
5038.562: [GC (Allocation Failure) [PSYoungGen: 289344K->107648K(338944K)] 763735K->636688K(1737216K), 0.0441541 secs] [Times: user=0.25 sys=0.00, real=0.04 secs] 
5041.899: [GC (Allocation Failure) [PSYoungGen: 338560K->103712K(468480K)] 867600K->730832K(1866752K), 0.0558589 secs] [Times: user=0.33 sys=0.00, real=0.06 secs] 
5044.576: [GC (Allocation Failure) [PSYoungGen: 349984K->71776K(461312K)] 977104K->802432K(1859584K), 0.1124436 secs] [Times: user=0.67 sys=0.00, real=0.11 secs] 
5044.898: [GC (Allocation Failure) [PSYoungGen: 315363K->116896K(475136K)] 1046020K->913433K(1873408K), 0.0437922 secs] [Times: user=0.25 sys=0.01, real=0.05 secs] 
5046.052: [GC (Allocation Failure) [PSYoungGen: 387232K->86848K(475136K)] 1183769K->991361K(1873408K), 0.0553804 secs] [Times: user=0.33 sys=0.01, real=0.05 secs] 
5047.532: [GC (Allocation Failure) [PSYoungGen: 357184K->123200K(489472K)] 1261697K->1112334K(1887744K), 0.0499755 secs] [Times: user=0.29 sys=0.00, real=0.05 secs] 
5050.349: [GC (Allocation Failure) [PSYoungGen: 417088K->107648K(489472K)] 1406222K->1210526K(1887744K), 0.0608493 secs] [Times: user=0.36 sys=0.00, real=0.06 secs] 
5052.154: [GC (Allocation Failure) [PSYoungGen: 401536K->132416K(496128K)] 1504414K->1341923K(1894400K), 0.0694072 secs] [Times: user=0.41 sys=0.00, real=0.07 secs] 
5054.826: [GC (Allocation Failure) [PSYoungGen: 440128K->122720K(496128K)] 1649635K->1446931K(1894400K), 0.0633545 secs] [Times: user=0.37 sys=0.00, real=0.06 secs] 
5054.889: [Full GC (Ergonomics) [PSYoungGen: 122720K->0K(496128K)] [ParOldGen: 1324211K->251550K(1398272K)] 1446931K->251550K(1894400K), [Metaspace: 59582K->59582K(1105920K)], 0.5462510 secs] [Times: user=2.42 sys=0.00, real=0.55 secs] 
5058.685: [GC (GCLocker Initiated GC) [PSYoungGen: 307712K->112432K(502784K)] 559262K->363983K(1901056K), 0.0349691 secs] [Times: user=0.20 sys=0.00, real=0.03 secs] 
5059.914: [GC (Allocation Failure) [PSYoungGen: 439088K->135904K(504320K)] 690641K->489173K(1902592K), 0.0618657 secs] [Times: user=0.36 sys=0.00, real=0.06 secs] 
5061.966: [GC (Allocation Failure) [PSYoungGen: 462560K->127168K(517632K)] 815829K->616177K(1915904K), 0.0714334 secs] [Times: user=0.42 sys=0.00, real=0.07 secs] 
5063.503: [GC (Allocation Failure) [PSYoungGen: 469184K->4176K(346624K)] 958193K->493261K(1744896K), 0.0037662 secs] [Times: user=0.02 sys=0.01, real=0.00 secs] 
5066.056: [GC (Allocation Failure) [PSYoungGen: 346192K->149808K(493568K)] 835277K->641274K(1891840K), 0.0311116 secs] [Times: user=0.18 sys=0.00, real=0.03 secs] 
5068.789: [GC (Allocation Failure) [PSYoungGen: 453424K->103488K(501248K)] 944890K->734989K(1899520K), 0.0675164 secs] [Times: user=0.40 sys=0.00, real=0.07 secs] 
5070.773: [GC (Allocation Failure) [PSYoungGen: 407104K->134416K(500736K)] 1038605K->867951K(1899008K), 0.0572517 secs] [Times: user=0.34 sys=0.00, real=0.05 secs] 
5072.768: [GC (Allocation Failure) [PSYoungGen: 444688K->110464K(420864K)] 1178223K->968826K(1819136K), 0.0652494 secs] [Times: user=0.39 sys=0.00, real=0.07 secs] 
5075.578: [GC (Allocation Failure) [PSYoungGen: 420736K->133920K(499712K)] 1279098K->1101527K(1897984K), 0.0630639 secs] [Times: user=0.37 sys=0.00, real=0.06 secs] 
5077.068: [GC (Allocation Failure) [PSYoungGen: 449824K->115664K(500736K)] 1417431K->1207516K(1899008K), 0.0655605 secs] [Times: user=0.39 sys=0.00, real=0.07 secs] 
5078.993: [GC (Allocation Failure) [PSYoungGen: 431568K->136544K(506368K)] 1523420K->1342696K(1904640K), 0.0603392 secs] [Times: user=0.36 sys=0.00, real=0.06 secs] 
5079.053: [Full GC (Ergonomics) [PSYoungGen: 136544K->0K(506368K)] [ParOldGen: 1206152K->152271K(1398272K)] 1342696K->152271K(1904640K), [Metaspace: 59582K->59582K(1105920K)], 0.3608471 secs] [Times: user=1.66 sys=0.00, real=0.36 secs] 
5081.908: [GC (Allocation Failure) [PSYoungGen: 328192K->115008K(508416K)] 480463K->267279K(1906688K), 0.0406971 secs] [Times: user=0.24 sys=0.00, real=0.04 secs] 
5084.091: [GC (Allocation Failure) [PSYoungGen: 443200K->145328K(509952K)] 595471K->411556K(1908224K), 0.0581981 secs] [Times: user=0.35 sys=0.00, real=0.05 secs] 
5086.417: [GC (Allocation Failure) [PSYoungGen: 481200K->114784K(514560K)] 747428K->517632K(1912832K), 0.0657216 secs] [Times: user=0.39 sys=0.00, real=0.07 secs] 
5089.374: [GC (Allocation Failure) [PSYoungGen: 450656K->154144K(509952K)] 853504K->668905K(1908224K), 0.0554405 secs] [Times: user=0.33 sys=0.00, real=0.05 secs] 
5090.908: [GC (Allocation Failure) [PSYoungGen: 490528K->113440K(517632K)] 1005289K->773777K(1915904K), 0.0677834 secs] [Times: user=0.40 sys=0.01, real=0.07 secs] 
5093.392: [GC (Allocation Failure) [PSYoungGen: 447498K->153680K(509440K)] 1107835K->923686K(1907712K), 0.0555950 secs] [Times: user=0.33 sys=0.00, real=0.05 secs] 
5096.317: [GC (Allocation Failure) [PSYoungGen: 485968K->108832K(515584K)] 1255974K->1023017K(1913856K), 0.1662721 secs] [Times: user=1.00 sys=0.00, real=0.17 secs] 
5097.793: [GC (Allocation Failure) [PSYoungGen: 441120K->156608K(505344K)] 1355305K->1175290K(1903616K), 0.0532073 secs] [Times: user=0.31 sys=0.00, real=0.05 secs] 
5100.991: [GC (Allocation Failure) [PSYoungGen: 481728K->98272K(512000K)] 1500410K->1272578K(1910272K), 0.1594031 secs] [Times: user=0.95 sys=0.00, real=0.16 secs] 
5102.226: [GC (GCLocker Initiated GC) [PSYoungGen: 423392K->155408K(501760K)] 1597699K->1421329K(1900032K), 0.1143192 secs] [Times: user=0.67 sys=0.01, real=0.12 secs] 
5102.341: [Full GC (Ergonomics) [PSYoungGen: 155408K->0K(501760K)] [ParOldGen: 1265920K->218332K(1398272K)] 1421329K->218332K(1900032K), [Metaspace: 59582K->59582K(1105920K)], 0.5481462 secs] [Times: user=2.61 sys=0.00, real=0.54 secs] 
5105.848: [GC (Allocation Failure) [PSYoungGen: 315904K->93728K(507392K)] 534238K->312063K(1905664K), 0.1416385 secs] [Times: user=0.84 sys=0.00, real=0.14 secs] 
5106.740: [GC (Allocation Failure) [PSYoungGen: 409632K->152896K(500224K)] 627967K->458291K(1898496K), 0.0550316 secs] [Times: user=0.32 sys=0.00, real=0.06 secs] 
5110.109: [GC (Allocation Failure) [PSYoungGen: 462656K->91648K(504320K)] 768051K->549323K(1902592K), 0.1696914 secs] [Times: user=1.01 sys=0.00, real=0.17 secs] 
5110.955: [GC (Allocation Failure) [PSYoungGen: 401408K->147808K(500736K)] 859083K->691784K(1899008K), 0.0840291 secs] [Times: user=0.50 sys=0.00, real=0.08 secs] 
5113.749: [GC (Allocation Failure) [PSYoungGen: 450686K->86704K(502784K)] 994663K->778093K(1901056K), 0.1550554 secs] [Times: user=0.92 sys=0.00, real=0.16 secs] 
5114.518: [GC (Allocation Failure) [PSYoungGen: 381644K->138176K(499200K)] 1073032K->912261K(1897472K), 0.0479995 secs] [Times: user=0.29 sys=0.00, real=0.05 secs] 
5116.145: [GC (Allocation Failure) [PSYoungGen: 445376K->101440K(501248K)] 1219461K->1005117K(1899520K), 0.0623292 secs] [Times: user=0.37 sys=0.00, real=0.06 secs] 
5117.829: [GC (Allocation Failure) [PSYoungGen: 408640K->144384K(502272K)] 1312317K->1146066K(1900544K), 0.0495600 secs] [Times: user=0.29 sys=0.00, real=0.05 secs] 
5119.117: [GC (Allocation Failure) [PSYoungGen: 455680K->103200K(503808K)] 1457362K->1240498K(1902080K), 0.0787787 secs] [Times: user=0.47 sys=0.00, real=0.08 secs] 
5121.207: [GC (Allocation Failure) [PSYoungGen: 414496K->145248K(502272K)] 1551794K->1382351K(1900544K), 0.0512975 secs] [Times: user=0.30 sys=0.00, real=0.05 secs] 
5121.258: [Full GC (Ergonomics) [PSYoungGen: 145248K->0K(502272K)] [ParOldGen: 1237103K->190493K(1398272K)] 1382351K->190493K(1900544K), [Metaspace: 59584K->59584K(1105920K)], 0.4629124 secs] [Times: user=2.16 sys=0.00, real=0.47 secs] 
5123.927: [GC (Allocation Failure) [PSYoungGen: 313344K->103232K(504320K)] 503837K->293725K(1902592K), 0.0317111 secs] [Times: user=0.19 sys=0.00, real=0.03 secs] 
5124.837: [GC (Allocation Failure) [PSYoungGen: 416576K->147568K(503808K)] 607069K->437679K(1902080K), 0.0507636 secs] [Times: user=0.29 sys=0.00, real=0.05 secs] 
5128.785: [GC (Allocation Failure) [PSYoungGen: 463472K->101248K(506880K)] 753583K->530210K(1905152K), 0.0642551 secs] [Times: user=0.38 sys=0.00, real=0.06 secs] 
5131.998: [GC (Allocation Failure) [PSYoungGen: 417152K->153504K(500224K)] 846114K->680203K(1898496K), 0.0506857 secs] [Times: user=0.30 sys=0.00, real=0.05 secs] 
5133.807: [GC (Allocation Failure) [PSYoungGen: 465312K->102240K(505344K)] 992011K->765571K(1903616K), 0.0659366 secs] [Times: user=0.38 sys=0.00, real=0.07 secs] 
5136.157: [GC (Allocation Failure) [PSYoungGen: 414048K->146304K(504320K)] 1077379K->908008K(1902592K), 0.0510118 secs] [Times: user=0.30 sys=0.00, real=0.05 secs] 
5137.291: [GC (Allocation Failure) [PSYoungGen: 460160K->106096K(420352K)] 1221864K->1004680K(1818624K), 0.0662921 secs] [Times: user=0.39 sys=0.00, real=0.06 secs] 
5139.194: [GC (Allocation Failure) [PSYoungGen: 419952K->145568K(503296K)] 1318536K->1146588K(1901568K), 0.0542097 secs] [Times: user=0.32 sys=0.01, real=0.05 secs] 
5141.060: [GC (Allocation Failure) [PSYoungGen: 459936K->105472K(504832K)] 1460956K->1242468K(1903104K), 0.0660825 secs] [Times: user=0.39 sys=0.00, real=0.07 secs] 
5142.995: [GC (Allocation Failure) [PSYoungGen: 419840K->145120K(505344K)] 1556836K->1384129K(1903616K), 0.0527628 secs] [Times: user=0.30 sys=0.00, real=0.05 secs] 
5143.047: [Full GC (Ergonomics) [PSYoungGen: 145120K->0K(505344K)] [ParOldGen: 1239009K->183463K(1398272K)] 1384129K->183463K(1903616K), [Metaspace: 59617K->59617K(1105920K)], 0.4456944 secs] [Times: user=2.09 sys=0.00, real=0.45 secs] 
5146.807: [GC (Allocation Failure) [PSYoungGen: 317952K->105952K(506880K)] 501415K->289415K(1905152K), 0.0431369 secs] [Times: user=0.25 sys=0.00, real=0.04 secs] 
5149.436: [GC (Allocation Failure) [PSYoungGen: 423904K->146208K(506880K)] 607367K->431817K(1905152K), 0.0518619 secs] [Times: user=0.31 sys=0.00, real=0.05 secs] 
5150.682: [GC (Allocation Failure) [PSYoungGen: 466720K->109856K(508928K)] 752329K->532109K(1907200K), 0.0652730 secs] [Times: user=0.38 sys=0.00, real=0.06 secs] 
5153.037: [GC (Allocation Failure) [PSYoungGen: 430368K->148864K(505856K)] 852621K->677314K(1904128K), 0.0535833 secs] [Times: user=0.31 sys=0.00, real=0.05 secs] 
5155.686: [GC (Allocation Failure) [PSYoungGen: 469888K->104000K(508928K)] 998338K->772314K(1907200K), 0.0655555 secs] [Times: user=0.39 sys=0.00, real=0.07 secs] 
5158.200: [GC (Allocation Failure) [PSYoungGen: 425024K->151648K(505856K)] 1093338K->920034K(1904128K), 0.0524092 secs] [Times: user=0.31 sys=0.00, real=0.06 secs] 
5159.954: [GC (Allocation Failure) [PSYoungGen: 471648K->108288K(509440K)] 1240034K->1019891K(1907712K), 0.1016241 secs] [Times: user=0.59 sys=0.00, real=0.10 secs] 
5160.445: [GC (Allocation Failure) [PSYoungGen: 417566K->144928K(508416K)] 1329169K->1160967K(1906688K), 0.0519086 secs] [Times: user=0.30 sys=0.00, real=0.05 secs] 
5162.813: [GC (Allocation Failure) [PSYoungGen: 466976K->105024K(509952K)] 1483015K->1257055K(1908224K), 0.1086120 secs] [Times: user=0.65 sys=0.01, real=0.11 secs] 
5164.016: [GC (Allocation Failure) [PSYoungGen: 416980K->146048K(507904K)] 1569012K->1399652K(1906176K), 0.0523669 secs] [Times: user=0.31 sys=0.00, real=0.05 secs] 
5164.069: [Full GC (Ergonomics) [PSYoungGen: 146048K->0K(507904K)] [ParOldGen: 1253604K->197317K(1398272K)] 1399652K->197317K(1906176K), [Metaspace: 59620K->59620K(1105920K)], 0.4816004 secs] [Times: user=2.25 sys=0.00, real=0.48 secs] 
5166.884: [GC (Allocation Failure) [PSYoungGen: 322560K->107296K(509952K)] 519877K->304613K(1908224K), 0.0920923 secs] [Times: user=0.55 sys=0.00, real=0.09 secs] 
5167.602: [GC (Allocation Failure) [PSYoungGen: 429856K->154000K(504832K)] 627173K->455015K(1903104K), 0.0521710 secs] [Times: user=0.31 sys=0.00, real=0.05 secs] 
5171.262: [GC (Allocation Failure) [PSYoungGen: 474000K->93824K(509440K)] 775015K->548474K(1907712K), 0.1626453 secs] [Times: user=0.96 sys=0.00, real=0.16 secs] 
5172.319: [GC (Allocation Failure) [PSYoungGen: 413824K->151168K(502784K)] 868474K->695775K(1901056K), 0.0546105 secs] [Times: user=0.33 sys=0.00, real=0.06 secs] 
5175.029: [GC (Allocation Failure) [PSYoungGen: 465024K->89952K(506368K)] 1009631K->785163K(1904640K), 0.1693237 secs] [Times: user=1.00 sys=0.01, real=0.17 secs] 
5176.063: [GC (Allocation Failure) [PSYoungGen: 403808K->149440K(501248K)] 1099019K->930516K(1899520K), 0.0542788 secs] [Times: user=0.32 sys=0.00, real=0.05 secs] 
5178.382: [GC (Allocation Failure) [PSYoungGen: 458176K->94608K(503808K)] 1239252K->1024593K(1902080K), 0.1582917 secs] [Times: user=0.94 sys=0.01, real=0.15 secs] 
5180.150: [GC (Allocation Failure) [PSYoungGen: 392077K->139728K(500736K)] 1322061K->1160073K(1899008K), 0.0498996 secs] [Times: user=0.29 sys=0.00, real=0.05 secs] 
5183.107: [GC (Allocation Failure) [PSYoungGen: 450000K->99296K(502784K)] 1470345K->1250001K(1901056K), 0.1237605 secs] [Times: user=0.72 sys=0.02, real=0.12 secs] 
5185.142: [GC (Allocation Failure) [PSYoungGen: 409568K->144768K(504832K)] 1560273K->1390694K(1903104K), 0.0497584 secs] [Times: user=0.29 sys=0.00, real=0.05 secs] 
5185.192: [Full GC (Ergonomics) [PSYoungGen: 144768K->0K(504832K)] [ParOldGen: 1245925K->189500K(1398272K)] 1390694K->189500K(1903104K), [Metaspace: 59620K->59620K(1105920K)], 0.4586875 secs] [Times: user=2.14 sys=0.00, real=0.46 secs] 
5187.038: [GC (Allocation Failure) [PSYoungGen: 314368K->105264K(419840K)] 503868K->294765K(1818112K), 0.0321348 secs] [Times: user=0.18 sys=0.01, real=0.03 secs] 
5189.529: [GC (Allocation Failure) [PSYoungGen: 419632K->146512K(502784K)] 609133K->438086K(1901056K), 0.0512843 secs] [Times: user=0.31 sys=0.00, real=0.05 secs] 
5191.075: [GC (Allocation Failure) [PSYoungGen: 460880K->104704K(504832K)] 752454K->533893K(1903104K), 0.0645833 secs] [Times: user=0.38 sys=0.00, real=0.06 secs] 
5193.299: [GC (Allocation Failure) [PSYoungGen: 419072K->144944K(505344K)] 848261K->675375K(1903616K), 0.0515445 secs] [Times: user=0.31 sys=0.00, real=0.06 secs] 
5195.399: [GC (Allocation Failure) [PSYoungGen: 462896K->107488K(507392K)] 993327K->773758K(1905664K), 0.0647101 secs] [Times: user=0.38 sys=0.00, real=0.07 secs] 
5198.254: [GC (Allocation Failure) [PSYoungGen: 425440K->147968K(504832K)] 1091710K->917847K(1903104K), 0.0520252 secs] [Times: user=0.31 sys=0.00, real=0.05 secs] 
5201.764: [GC (Allocation Failure) [PSYoungGen: 466944K->104992K(507904K)] 1236823K->1014027K(1906176K), 0.1725702 secs] [Times: user=1.03 sys=0.00, real=0.17 secs] 
5203.733: [GC (Allocation Failure) [PSYoungGen: 423968K->148896K(506880K)] 1333003K->1158872K(1905152K), 0.0514583 secs] [Times: user=0.30 sys=0.00, real=0.05 secs] 
5206.553: [GC (Allocation Failure) [PSYoungGen: 469920K->108720K(509952K)] 1479896K->1259105K(1908224K), 0.1664991 secs] [Times: user=0.99 sys=0.00, real=0.16 secs] 
5207.962: [GC (Allocation Failure) [PSYoungGen: 417114K->144000K(508928K)] 1567499K->1399263K(1907200K), 0.0525074 secs] [Times: user=0.31 sys=0.00, real=0.05 secs] 
5208.015: [Full GC (Ergonomics) [PSYoungGen: 144000K->0K(508928K)] [ParOldGen: 1255263K->196289K(1398272K)] 1399263K->196289K(1907200K), [Metaspace: 59620K->59620K(1105920K)], 0.5002768 secs] [Times: user=2.32 sys=0.00, real=0.50 secs] 
5211.076: [GC (Allocation Failure) [PSYoungGen: 323072K->107440K(509952K)] 519361K->303730K(1908224K), 0.1034214 secs] [Times: user=0.61 sys=0.00, real=0.10 secs] 
5211.963: [GC (Allocation Failure) [PSYoungGen: 414400K->144592K(508928K)] 610689K->443815K(1907200K), 0.0502738 secs] [Times: user=0.30 sys=0.00, real=0.05 secs] 
5216.100: [GC (Allocation Failure) [PSYoungGen: 469200K->104960K(510464K)] 768423K->539886K(1908736K), 0.1735080 secs] [Times: user=1.03 sys=0.01, real=0.18 secs] 
5217.472: [GC (Allocation Failure) [PSYoungGen: 418037K->146080K(509952K)] 852963K->682155K(1908224K), 0.0752198 secs] [Times: user=0.45 sys=0.00, real=0.07 secs] 
5220.773: [GC (Allocation Failure) [PSYoungGen: 472736K->110016K(512000K)] 1008811K->783555K(1910272K), 0.1672913 secs] [Times: user=0.99 sys=0.01, real=0.16 secs] 
5222.155: [GC (Allocation Failure) [PSYoungGen: 436672K->152912K(506368K)] 1110211K->932120K(1904640K), 0.0522864 secs] [Times: user=0.31 sys=0.00, real=0.05 secs] 
5225.180: [GC (Allocation Failure) [PSYoungGen: 477008K->96512K(511488K)] 1256216K->1027704K(1909760K), 0.1516163 secs] [Times: user=0.90 sys=0.00, real=0.16 secs] 
5226.183: [GC (Allocation Failure) [PSYoungGen: 420608K->156640K(501248K)] 1351800K->1178525K(1899520K), 0.1484016 secs] [Times: user=0.88 sys=0.00, real=0.15 secs] 
5229.682: [GC (Allocation Failure) [PSYoungGen: 471520K->92128K(506880K)] 1493405K->1270477K(1905152K), 0.1768797 secs] [Times: user=1.05 sys=0.00, real=0.17 secs] 
5230.589: [GC (Allocation Failure) [PSYoungGen: 407008K->151488K(500736K)] 1585357K->1415585K(1899008K), 0.0553685 secs] [Times: user=0.33 sys=0.00, real=0.06 secs] 
5230.644: [Full GC (Ergonomics) [PSYoungGen: 151488K->0K(500736K)] [ParOldGen: 1264097K->213139K(1398272K)] 1415585K->213139K(1899008K), [Metaspace: 59620K->59620K(1105920K)], 0.5091847 secs] [Times: user=2.39 sys=0.00, real=0.51 secs] 
5233.011: [GC (Allocation Failure) [PSYoungGen: 308736K->93472K(503808K)] 521875K->306611K(1902080K), 0.1511608 secs] [Times: user=0.90 sys=0.00, real=0.15 secs] 
5233.841: [GC (Allocation Failure) [PSYoungGen: 402208K->163520K(489472K)] 615347K->464071K(1887744K), 0.0562039 secs] [Times: user=0.33 sys=0.00, real=0.06 secs] 
5237.664: [GC (Allocation Failure) [PSYoungGen: 458944K->83568K(497152K)] 759495K->531087K(1895424K), 0.1109872 secs] [Times: user=0.66 sys=0.00, real=0.11 secs] 
5239.115: [GC (Allocation Failure) [PSYoungGen: 378992K->139824K(494080K)] 826511K->667052K(1892352K), 0.0699280 secs] [Times: user=0.41 sys=0.00, real=0.07 secs] 
5241.477: [GC (Allocation Failure) [PSYoungGen: 435248K->96144K(495616K)] 962476K->754572K(1893888K), 0.0620418 secs] [Times: user=0.37 sys=0.00, real=0.06 secs] 
5244.273: [GC (Allocation Failure) [PSYoungGen: 391568K->133536K(493568K)] 1049996K->885704K(1891840K), 0.0480484 secs] [Times: user=0.28 sys=0.00, real=0.05 secs] 
5246.084: [GC (Allocation Failure) [PSYoungGen: 434592K->101184K(495616K)] 1186760K->977512K(1893888K), 0.0615029 secs] [Times: user=0.36 sys=0.00, real=0.06 secs] 
5248.907: [GC (Allocation Failure) [PSYoungGen: 402240K->135392K(502784K)] 1278568K->1110605K(1901056K), 0.0573331 secs] [Times: user=0.34 sys=0.00, real=0.06 secs] 
5250.673: [GC (Allocation Failure) [PSYoungGen: 448736K->110160K(502784K)] 1423949K->1211454K(1901056K), 0.0644756 secs] [Times: user=0.38 sys=0.00, real=0.06 secs] 
5253.368: [GC (Allocation Failure) [PSYoungGen: 423504K->139904K(504320K)] 1524798K->1349342K(1902592K), 0.0600312 secs] [Times: user=0.35 sys=0.00, real=0.06 secs] 
5255.183: [GC (Allocation Failure) [PSYoungGen: 459392K->110832K(504832K)] 1668830K->1450847K(1903104K), 0.0664466 secs] [Times: user=0.39 sys=0.00, real=0.06 secs] 
5255.249: [Full GC (Ergonomics) [PSYoungGen: 110832K->0K(504832K)] [ParOldGen: 1340014K->19483K(1398272K)] 1450847K->19483K(1903104K), [Metaspace: 59621K->59621K(1105920K)], 0.0302627 secs] [Times: user=0.08 sys=0.00, real=0.03 secs] 
5258.335: [GC (Allocation Failure) [PSYoungGen: 319488K->141824K(508416K)] 338971K->161307K(1906688K), 0.0325827 secs] [Times: user=0.19 sys=0.00, real=0.03 secs] 
5259.578: [GC (Allocation Failure) [PSYoungGen: 468992K->113792K(509952K)] 488475K->265931K(1908224K), 0.0656337 secs] [Times: user=0.39 sys=0.00, real=0.07 secs] 
5262.086: [GC (Allocation Failure) [PSYoungGen: 440960K->147264K(509952K)] 593099K->411480K(1908224K), 0.0541455 secs] [Times: user=0.32 sys=0.01, real=0.05 secs] 
5263.972: [GC (Allocation Failure) [PSYoungGen: 478528K->114272K(513536K)] 742744K->516656K(1911808K), 0.0748002 secs] [Times: user=0.44 sys=0.00, real=0.07 secs] 
5266.761: [GC (Allocation Failure) [PSYoungGen: 445536K->151904K(510464K)] 847920K->665853K(1908736K), 0.0557306 secs] [Times: user=0.33 sys=0.00, real=0.05 secs] 
5268.670: [GC (Allocation Failure) [PSYoungGen: 484192K->113488K(515584K)] 998141K->770254K(1913856K), 0.1416675 secs] [Times: user=0.84 sys=0.01, real=0.15 secs] 
5270.301: [GC (Allocation Failure) [PSYoungGen: 432695K->147456K(513024K)] 1089460K->913554K(1911296K), 0.0542156 secs] [Times: user=0.32 sys=0.00, real=0.05 secs] 
5273.321: [GC (Allocation Failure) [PSYoungGen: 480768K->111392K(516096K)] 1246866K->1016282K(1914368K), 0.1101064 secs] [Times: user=0.65 sys=0.00, real=0.11 secs] 
5274.943: [GC (Allocation Failure) [PSYoungGen: 444704K->154112K(508928K)] 1349594K->1166543K(1907200K), 0.1121507 secs] [Times: user=0.67 sys=0.00, real=0.11 secs] 
5279.698: [GC (Allocation Failure) [PSYoungGen: 483328K->97264K(514048K)] 1495759K->1263583K(1912320K), 0.1651836 secs] [Times: user=0.98 sys=0.00, real=0.17 secs] 
5280.162: [GC (Allocation Failure) [PSYoungGen: 426480K->159024K(501760K)] 1592799K->1416320K(1900032K), 0.0579604 secs] [Times: user=0.34 sys=0.00, real=0.05 secs] 
5280.220: [Full GC (Ergonomics) [PSYoungGen: 159024K->0K(501760K)] [ParOldGen: 1257296K->221989K(1398272K)] 1416320K->221989K(1900032K), [Metaspace: 59621K->59621K(1105920K)], 0.5297639 secs] [Times: user=2.50 sys=0.00, real=0.53 secs] 
5283.679: [GC (Allocation Failure) [PSYoungGen: 316928K->95648K(507904K)] 538917K->317637K(1906176K), 0.1099629 secs] [Times: user=0.62 sys=0.00, real=0.11 secs] 
5284.140: [GC (Allocation Failure) [PSYoungGen: 412576K->151168K(502272K)] 634565K->462941K(1900544K), 0.0591060 secs] [Times: user=0.35 sys=0.00, real=0.06 secs] 
5287.746: [GC (Allocation Failure) [PSYoungGen: 462976K->91600K(505344K)] 774749K->553986K(1903616K), 0.1788981 secs] [Times: user=1.07 sys=0.00, real=0.18 secs] 
5288.179: [GC (Allocation Failure) [PSYoungGen: 403408K->152112K(499200K)] 865794K->699217K(1897472K), 0.0537952 secs] [Times: user=0.32 sys=0.00, real=0.06 secs] 
5291.305: [GC (Allocation Failure) [PSYoungGen: 457776K->93728K(502272K)] 1004881K->792728K(1900544K), 0.1569062 secs] [Times: user=0.93 sys=0.01, real=0.16 secs] 
5291.819: [GC (Allocation Failure) [PSYoungGen: 399392K->147712K(500224K)] 1098392K->930221K(1898496K), 0.0546507 secs] [Times: user=0.32 sys=0.00, real=0.06 secs] 
5295.523: [GC (Allocation Failure) [PSYoungGen: 452352K->88672K(501760K)] 1234861K->1018261K(1900032K), 0.1583401 secs] [Times: user=0.94 sys=0.00, real=0.16 secs] 
5297.070: [GC (Allocation Failure) [PSYoungGen: 380552K->137856K(497152K)] 1310142K->1150062K(1895424K), 0.0993134 secs] [Times: user=0.58 sys=0.01, real=0.10 secs] 
5299.027: [GC (Allocation Failure) [PSYoungGen: 443008K->101616K(499712K)] 1455214K->1243259K(1897984K), 0.0639793 secs] [Times: user=0.38 sys=0.00, real=0.07 secs] 
5300.590: [GC (Allocation Failure) [PSYoungGen: 406768K->143680K(502784K)] 1548411K->1383063K(1901056K), 0.0504373 secs] [Times: user=0.30 sys=0.00, real=0.05 secs] 
5300.640: [Full GC (Ergonomics) [PSYoungGen: 143680K->0K(502784K)] [ParOldGen: 1239383K->189924K(1398272K)] 1383063K->189924K(1901056K), [Metaspace: 59689K->59689K(1105920K)], 0.4659414 secs] [Times: user=2.19 sys=0.00, real=0.47 secs] 
5304.218: [GC (Allocation Failure) [PSYoungGen: 311296K->98656K(503808K)] 501220K->288580K(1902080K), 0.0307458 secs] [Times: user=0.18 sys=0.00, real=0.03 secs] 
5306.564: [GC (Allocation Failure) [PSYoungGen: 409952K->145472K(502784K)] 599876K->430629K(1901056K), 0.0747339 secs] [Times: user=0.44 sys=0.00, real=0.07 secs] 
5309.030: [GC (Allocation Failure) [PSYoungGen: 458304K->104464K(504832K)] 743461K->526285K(1903104K), 0.0748390 secs] [Times: user=0.44 sys=0.00, real=0.08 secs] 
5312.311: [GC (Allocation Failure) [PSYoungGen: 417296K->151456K(501760K)] 839117K->674041K(1900032K), 0.0516874 secs] [Times: user=0.31 sys=0.00, real=0.05 secs] 
5313.914: [GC (Allocation Failure) [PSYoungGen: 464206K->105552K(505856K)] 986792K->762218K(1904128K), 0.0791252 secs] [Times: user=0.47 sys=0.01, real=0.08 secs] 
5315.554: [GC (Allocation Failure) [PSYoungGen: 418384K->144032K(505344K)] 1075050K->904062K(1903616K), 0.0526625 secs] [Times: user=0.31 sys=0.00, real=0.05 secs] 
5319.101: [GC (Allocation Failure) [PSYoungGen: 459936K->102928K(506368K)] 1219966K->997715K(1904640K), 0.0647976 secs] [Times: user=0.39 sys=0.00, real=0.06 secs] 
5321.526: [GC (Allocation Failure) [PSYoungGen: 418832K->144672K(505344K)] 1313619K->1139483K(1903616K), 0.1102429 secs] [Times: user=0.65 sys=0.00, real=0.11 secs] 
5325.112: [GC (Allocation Failure) [PSYoungGen: 462112K->103712K(506880K)] 1456923K->1234679K(1905152K), 0.0661991 secs] [Times: user=0.39 sys=0.00, real=0.06 secs] 
5327.433: [GC (Allocation Failure) [PSYoungGen: 421152K->146944K(505856K)] 1552119K->1379108K(1904128K), 0.0535152 secs] [Times: user=0.31 sys=0.00, real=0.05 secs] 
5327.487: [Full GC (Ergonomics) [PSYoungGen: 146944K->0K(505856K)] [ParOldGen: 1232164K->177632K(1398272K)] 1379108K->177632K(1904128K), [Metaspace: 59689K->59689K(1105920K)], 0.4348843 secs] [Times: user=2.03 sys=0.00, real=0.44 secs] 
5329.686: [GC (Allocation Failure) [PSYoungGen: 318976K->106976K(508416K)] 496608K->284608K(1906688K), 0.0703593 secs] [Times: user=0.41 sys=0.00, real=0.07 secs] 
5331.716: [GC (Allocation Failure) [PSYoungGen: 425952K->147376K(505856K)] 603584K->429193K(1904128K), 0.0529570 secs] [Times: user=0.31 sys=0.00, real=0.05 secs] 
5333.445: [GC (Allocation Failure) [PSYoungGen: 467376K->106912K(508416K)] 749193K->526925K(1906688K), 0.1502094 secs] [Times: user=0.89 sys=0.00, real=0.15 secs] 
5336.096: [GC (Allocation Failure) [PSYoungGen: 426912K->159520K(499200K)] 846925K->682958K(1897472K), 0.0683527 secs] [Times: user=0.41 sys=0.00, real=0.07 secs] 
5338.502: [GC (GCLocker Initiated GC) [PSYoungGen: 473376K->100448K(506368K)] 996814K->766778K(1904640K), 0.1538836 secs] [Times: user=0.91 sys=0.00, real=0.15 secs] 
5341.215: [GC (GCLocker Initiated GC) [PSYoungGen: 414304K->143632K(505344K)] 1080638K->906308K(1903616K), 0.0504067 secs] [Times: user=0.29 sys=0.00, real=0.05 secs] 
5343.323: [GC (Allocation Failure) [PSYoungGen: 459536K->106208K(506880K)] 1222215K->1003102K(1905152K), 0.0762920 secs] [Times: user=0.45 sys=0.00, real=0.07 secs] 
5345.223: [GC (Allocation Failure) [PSYoungGen: 422112K->146928K(505344K)] 1319006K->1146539K(1903616K), 0.0533565 secs] [Times: user=0.31 sys=0.00, real=0.05 secs] 
5346.942: [GC (Allocation Failure) [PSYoungGen: 463856K->106656K(506880K)] 1463467K->1244091K(1905152K), 0.0979502 secs] [Times: user=0.59 sys=0.00, real=0.09 secs] 
5348.577: [GC (Allocation Failure) [PSYoungGen: 423584K->146048K(506368K)] 1561019K->1387040K(1904640K), 0.0525213 secs] [Times: user=0.31 sys=0.00, real=0.05 secs] 
5348.630: [Full GC (Ergonomics) [PSYoungGen: 146048K->0K(506368K)] [ParOldGen: 1240992K->185393K(1398272K)] 1387040K->185393K(1904640K), [Metaspace: 59689K->59689K(1105920K)], 0.4544743 secs] [Times: user=2.11 sys=0.00, real=0.46 secs] 
5350.739: [GC (Allocation Failure) [PSYoungGen: 318976K->106384K(507904K)] 504369K->291778K(1906176K), 0.0493368 secs] [Times: user=0.29 sys=0.00, real=0.05 secs] 
5352.884: [GC (Allocation Failure) [PSYoungGen: 425360K->149440K(506368K)] 610754K->435652K(1904640K), 0.0518794 secs] [Times: user=0.31 sys=0.00, real=0.05 secs] 
5355.495: [GC (Allocation Failure) [PSYoungGen: 469440K->108224K(508928K)] 755652K->535172K(1907200K), 0.1438017 secs] [Times: user=0.78 sys=0.00, real=0.14 secs] 
5357.002: [GC (Allocation Failure) [PSYoungGen: 428224K->148448K(507392K)] 855172K->678361K(1905664K), 0.0784096 secs] [Times: user=0.46 sys=0.00, real=0.07 secs] 
5359.463: [GC (Allocation Failure) [PSYoungGen: 469472K->104928K(509952K)] 999385K->774897K(1908224K), 0.0970363 secs] [Times: user=0.58 sys=0.00, real=0.09 secs] 
5361.461: [GC (Allocation Failure) [PSYoungGen: 423622K->149504K(506368K)] 1093591K->920094K(1904640K), 0.0510261 secs] [Times: user=0.31 sys=0.00, real=0.05 secs] 
5363.159: [GC (Allocation Failure) [PSYoungGen: 469504K->105248K(509440K)] 1240094K->1016550K(1907712K), 0.0697691 secs] [Times: user=0.41 sys=0.01, real=0.07 secs] 
5364.775: [GC (Allocation Failure) [PSYoungGen: 422512K->145296K(508416K)] 1333814K->1158148K(1906688K), 0.0552179 secs] [Times: user=0.33 sys=0.00, real=0.05 secs] 
5367.872: [GC (Allocation Failure) [PSYoungGen: 466832K->106944K(428544K)] 1479684K->1256635K(1826816K), 0.1674757 secs] [Times: user=1.00 sys=0.00, real=0.16 secs] 
5369.393: [GC (Allocation Failure) [PSYoungGen: 418224K->144912K(508416K)] 1567915K->1397284K(1906688K), 0.0520699 secs] [Times: user=0.31 sys=0.00, real=0.05 secs] 
5369.446: [Full GC (Ergonomics) [PSYoungGen: 144912K->0K(508416K)] [ParOldGen: 1252372K->196222K(1398272K)] 1397284K->196222K(1906688K), [Metaspace: 59691K->59691K(1105920K)], 0.4817394 secs] [Times: user=2.26 sys=0.00, real=0.48 secs] 
5372.354: [GC (Allocation Failure) [PSYoungGen: 322560K->106336K(509440K)] 518782K->302558K(1907712K), 0.0887944 secs] [Times: user=0.52 sys=0.00, real=0.09 secs] 
5373.500: [GC (Allocation Failure) [PSYoungGen: 416814K->144960K(508928K)] 613037K->443911K(1907200K), 0.0650990 secs] [Times: user=0.39 sys=0.00, real=0.07 secs] 
5377.046: [GC (Allocation Failure) [PSYoungGen: 469568K->105968K(510464K)] 768519K->541275K(1908736K), 0.1380585 secs] [Times: user=0.81 sys=0.01, real=0.14 secs] 
5378.817: [GC (Allocation Failure) [PSYoungGen: 417154K->144992K(510976K)] 852461K->682147K(1909248K), 0.0806029 secs] [Times: user=0.47 sys=0.00, real=0.08 secs] 
5381.314: [GC (Allocation Failure) [PSYoungGen: 472160K->107872K(512512K)] 1009315K->781435K(1910784K), 0.1661253 secs] [Times: user=0.99 sys=0.00, real=0.16 secs] 
5382.465: [GC (Allocation Failure) [PSYoungGen: 435040K->155648K(504832K)] 1108603K->932564K(1903104K), 0.0531073 secs] [Times: user=0.31 sys=0.00, real=0.05 secs] 
5385.029: [GC (Allocation Failure) [PSYoungGen: 477696K->99088K(510464K)] 1254612K->1031269K(1908736K), 0.1734092 secs] [Times: user=1.03 sys=0.00, real=0.18 secs] 
5386.398: [GC (Allocation Failure) [PSYoungGen: 421136K->151744K(504320K)] 1353317K->1176833K(1902592K), 0.0687918 secs] [Times: user=0.40 sys=0.00, real=0.07 secs] 
5389.655: [GC (Allocation Failure) [PSYoungGen: 468672K->92192K(507904K)] 1493761K->1268909K(1906176K), 0.1559497 secs] [Times: user=0.93 sys=0.00, real=0.16 secs] 
5390.931: [GC (Allocation Failure) [PSYoungGen: 409120K->152416K(500224K)] 1585837K->1415186K(1898496K), 0.0540084 secs] [Times: user=0.32 sys=0.00, real=0.05 secs] 
5390.985: [Full GC (Ergonomics) [PSYoungGen: 152416K->0K(500224K)] [ParOldGen: 1262770K->213360K(1398272K)] 1415186K->213360K(1898496K), [Metaspace: 59691K->59691K(1105920K)], 0.5055724 secs] [Times: user=2.35 sys=0.00, real=0.50 secs] 
5394.236: [GC (Allocation Failure) [PSYoungGen: 309760K->89584K(504320K)] 523120K->302945K(1902592K), 0.1492680 secs] [Times: user=0.88 sys=0.00, real=0.15 secs] 
5395.239: [GC (Allocation Failure) [PSYoungGen: 399344K->148544K(499712K)] 612705K->445545K(1897984K), 0.0515723 secs] [Times: user=0.30 sys=0.00, real=0.06 secs] 
5397.558: [GC (Allocation Failure) [PSYoungGen: 454208K->91648K(502272K)] 751209K->536041K(1900544K), 0.1722402 secs] [Times: user=1.02 sys=0.00, real=0.17 secs] 
5399.255: [GC (Allocation Failure) [PSYoungGen: 392075K->140976K(500224K)] 836468K->672523K(1898496K), 0.0494798 secs] [Times: user=0.30 sys=0.00, real=0.05 secs] 
5401.539: [GC (Allocation Failure) [PSYoungGen: 448176K->98880K(501760K)] 979723K->762866K(1900032K), 0.0621730 secs] [Times: user=0.36 sys=0.00, real=0.07 secs] 
5403.700: [GC (Allocation Failure) [PSYoungGen: 406080K->142080K(502784K)] 1070066K->901727K(1901056K), 0.0491467 secs] [Times: user=0.29 sys=0.00, real=0.05 secs] 
5405.651: [GC (Allocation Failure) [PSYoungGen: 452864K->103168K(503296K)] 1212511K->996163K(1901568K), 0.0640121 secs] [Times: user=0.38 sys=0.00, real=0.06 secs] 
5407.892: [GC (Allocation Failure) [PSYoungGen: 413952K->152384K(499200K)] 1306947K->1144864K(1897472K), 0.0518215 secs] [Times: user=0.31 sys=0.00, real=0.05 secs] 
5409.730: [GC (Allocation Failure) [PSYoungGen: 462144K->103072K(503808K)] 1454624K->1230744K(1902080K), 0.0637485 secs] [Times: user=0.38 sys=0.00, real=0.07 secs] 
5412.494: [GC (Allocation Failure) [PSYoungGen: 412832K->140624K(503808K)] 1540504K->1369101K(1902080K), 0.1139861 secs] [Times: user=0.67 sys=0.00, real=0.11 secs] 
5412.608: [Full GC (Ergonomics) [PSYoungGen: 140624K->0K(503808K)] [ParOldGen: 1228477K->177449K(1398272K)] 1369101K->177449K(1902080K), [Metaspace: 59691K->59691K(1105920K)], 0.4682512 secs] [Times: user=2.23 sys=0.00, real=0.47 secs] 
5414.492: [GC (Allocation Failure) [PSYoungGen: 314368K->105632K(504832K)] 491817K->283081K(1903104K), 0.0339395 secs] [Times: user=0.20 sys=0.00, real=0.03 secs] 
5416.387: [GC (Allocation Failure) [PSYoungGen: 420000K->146368K(504320K)] 597449K->427442K(1902592K), 0.0528291 secs] [Times: user=0.31 sys=0.00, real=0.05 secs] 
5418.403: [GC (Allocation Failure) [PSYoungGen: 463296K->104096K(506368K)] 744370K->522666K(1904640K), 0.0644934 secs] [Times: user=0.39 sys=0.00, real=0.06 secs] 
5420.727: [GC (Allocation Failure) [PSYoungGen: 421024K->145184K(507392K)] 839594K->665087K(1905664K), 0.0518272 secs] [Times: user=0.30 sys=0.00, real=0.05 secs] 
5422.201: [GC (Allocation Failure) [PSYoungGen: 465696K->109920K(430592K)] 985599K->766127K(1828864K), 0.0705144 secs] [Times: user=0.41 sys=0.00, real=0.07 secs] 
5423.481: [GC (Allocation Failure) [PSYoungGen: 430432K->149920K(504832K)] 1086639K->912271K(1903104K), 0.0531456 secs] [Times: user=0.31 sys=0.00, real=0.05 secs] 
5426.169: [GC (Allocation Failure) [PSYoungGen: 469920K->107200K(508416K)] 1232271K->1009804K(1906688K), 0.0674610 secs] [Times: user=0.40 sys=0.00, real=0.07 secs] 
5428.494: [GC (Allocation Failure) [PSYoungGen: 427200K->146880K(508416K)] 1329804K->1153508K(1906688K), 0.1575121 secs] [Times: user=0.93 sys=0.00, real=0.16 secs] 
5430.568: [GC (Allocation Failure) [PSYoungGen: 469952K->108416K(431616K)] 1476580K->1253580K(1829888K), 0.0664230 secs] [Times: user=0.39 sys=0.00, real=0.07 secs] 
5432.467: [GC (Allocation Failure) [PSYoungGen: 431488K->147008K(508416K)] 1576652K->1397369K(1906688K), 0.0807278 secs] [Times: user=0.48 sys=0.00, real=0.08 secs] 
5432.547: [Full GC (Ergonomics) [PSYoungGen: 147008K->0K(508416K)] [ParOldGen: 1250361K->195522K(1398272K)] 1397369K->195522K(1906688K), [Metaspace: 59691K->59691K(1105920K)], 0.4862442 secs] [Times: user=2.29 sys=0.00, real=0.49 secs] 
5435.173: [GC (Allocation Failure) [PSYoungGen: 323584K->108960K(510464K)] 519106K->304482K(1908736K), 0.0911765 secs] [Times: user=0.54 sys=0.01, real=0.09 secs] 
5436.476: [GC (Allocation Failure) [PSYoungGen: 419671K->144160K(510464K)] 615194K->444315K(1908736K), 0.0514265 secs] [Times: user=0.30 sys=0.00, real=0.05 secs] 
5439.783: [GC (Allocation Failure) [PSYoungGen: 470304K->105184K(511488K)] 770459K->540155K(1909760K), 0.1303877 secs] [Times: user=0.78 sys=0.00, real=0.13 secs] 
5442.105: [GC (Allocation Failure) [PSYoungGen: 422441K->146896K(510464K)] 857412K->682673K(1908736K), 0.0501464 secs] [Times: user=0.30 sys=0.00, real=0.05 secs] 
5444.079: [GC (Allocation Failure) [PSYoungGen: 474064K->111808K(512512K)] 1009841K->785316K(1910784K), 0.1101997 secs] [Times: user=0.66 sys=0.00, real=0.11 secs] 
5445.094: [GC (Allocation Failure) [PSYoungGen: 438976K->152992K(507392K)] 1112484K->933573K(1905664K), 0.0535600 secs] [Times: user=0.32 sys=0.00, real=0.05 secs] 
5448.220: [GC (Allocation Failure) [PSYoungGen: 478112K->100704K(512000K)] 1258693K->1033281K(1910272K), 0.1786445 secs] [Times: user=1.01 sys=0.01, real=0.18 secs] 
5449.426: [GC (Allocation Failure) [PSYoungGen: 425824K->155552K(502784K)] 1358401K->1183174K(1901056K), 0.1083446 secs] [Times: user=0.65 sys=0.00, real=0.11 secs] 
5453.064: [GC (Allocation Failure) [PSYoungGen: 472480K->93792K(507904K)] 1500102K->1276598K(1906176K), 0.1625440 secs] [Times: user=0.97 sys=0.00, real=0.16 secs] 
5453.496: [GC (Allocation Failure) [PSYoungGen: 410720K->151760K(501248K)] 1593526K->1421792K(1899520K), 0.0554899 secs] [Times: user=0.33 sys=0.00, real=0.06 secs] 
5453.551: [Full GC (Ergonomics) [PSYoungGen: 151760K->0K(501248K)] [ParOldGen: 1270031K->219826K(1398272K)] 1421792K->219826K(1899520K), [Metaspace: 59691K->59691K(1105920K)], 0.5254676 secs] [Times: user=2.47 sys=0.00, real=0.52 secs] 
5457.664: [GC (Allocation Failure) [PSYoungGen: 310784K->91440K(504832K)] 530610K->311267K(1903104K), 0.1280340 secs] [Times: user=0.76 sys=0.00, real=0.13 secs] 
5458.064: [GC (Allocation Failure) [PSYoungGen: 402224K->150880K(499200K)] 622051K->456063K(1897472K), 0.0539750 secs] [Times: user=0.32 sys=0.00, real=0.05 secs] 
5461.621: [GC (Allocation Failure) [PSYoungGen: 456544K->87424K(502272K)] 761727K->543159K(1900544K), 0.1383596 secs] [Times: user=0.82 sys=0.00, real=0.14 secs] 
5462.737: [GC (Allocation Failure) [PSYoungGen: 378943K->137120K(497664K)] 834678K->674116K(1895936K), 0.0476638 secs] [Times: user=0.28 sys=0.00, real=0.05 secs] 
5464.805: [GC (Allocation Failure) [PSYoungGen: 443296K->101152K(500224K)] 980292K->766200K(1898496K), 0.0615299 secs] [Times: user=0.36 sys=0.01, real=0.06 secs] 
5465.738: [GC (Allocation Failure) [PSYoungGen: 407328K->145824K(502272K)] 1072376K->908888K(1900544K), 0.0502804 secs] [Times: user=0.30 sys=0.00, real=0.05 secs] 
5468.275: [GC (Allocation Failure) [PSYoungGen: 457120K->100880K(504320K)] 1220184K->1001373K(1902592K), 0.0877974 secs] [Times: user=0.52 sys=0.00, real=0.09 secs] 
5469.509: [GC (Allocation Failure) [PSYoungGen: 412176K->143632K(504320K)] 1312669K->1142086K(1902592K), 0.0512738 secs] [Times: user=0.30 sys=0.00, real=0.05 secs] 
5472.937: [GC (Allocation Failure) [PSYoungGen: 456615K->99472K(505344K)] 1455069K->1232526K(1903616K), 0.0653212 secs] [Times: user=0.38 sys=0.00, real=0.07 secs] 
5474.535: [GC (Allocation Failure) [PSYoungGen: 413328K->144832K(503808K)] 1546382K->1374854K(1902080K), 0.0519043 secs] [Times: user=0.31 sys=0.00, real=0.05 secs] 
5474.587: [Full GC (Ergonomics) [PSYoungGen: 144832K->0K(503808K)] [ParOldGen: 1230022K->181482K(1398272K)] 1374854K->181482K(1902080K), [Metaspace: 59691K->59671K(1105920K)], 0.4476446 secs] [Times: user=2.05 sys=0.00, real=0.45 secs] 
5476.263: [GC (Allocation Failure) [PSYoungGen: 314880K->108144K(505856K)] 496362K->289626K(1904128K), 0.0336281 secs] [Times: user=0.20 sys=0.00, real=0.03 secs] 
5477.974: [GC (Allocation Failure) [PSYoungGen: 423024K->144608K(504320K)] 604506K->431099K(1902592K), 0.0530654 secs] [Times: user=0.31 sys=0.00, real=0.05 secs] 
5480.095: [GC (GCLocker Initiated GC) [PSYoungGen: 462048K->106960K(505856K)] 748540K->528965K(1904128K), 0.0647258 secs] [Times: user=0.38 sys=0.00, real=0.06 secs] 
5482.059: [GC (Allocation Failure) [PSYoungGen: 424400K->146000K(506880K)] 846408K->671961K(1905152K), 0.0668487 secs] [Times: user=0.40 sys=0.00, real=0.07 secs] 
5484.962: [GC (Allocation Failure) [PSYoungGen: 467536K->105968K(508928K)] 993497K->769513K(1907200K), 0.0825607 secs] [Times: user=0.49 sys=0.00, real=0.08 secs] 
5487.624: [GC (Allocation Failure) [PSYoungGen: 427504K->148160K(507904K)] 1091049K->914209K(1906176K), 0.0524768 secs] [Times: user=0.31 sys=0.00, real=0.05 secs] 
5490.956: [GC (Allocation Failure) [PSYoungGen: 471232K->105472K(510976K)] 1237281K->1011141K(1909248K), 0.1450308 secs] [Times: user=0.86 sys=0.00, real=0.15 secs] 
5493.417: [GC (Allocation Failure) [PSYoungGen: 428544K->151008K(505856K)] 1334213K->1158082K(1904128K), 0.0526876 secs] [Times: user=0.31 sys=0.00, real=0.05 secs] 
5495.409: [GC (Allocation Failure) [PSYoungGen: 472032K->105232K(509952K)] 1479106K->1254547K(1908224K), 0.1153265 secs] [Times: user=0.69 sys=0.00, real=0.12 secs] 
5497.218: [GC (Allocation Failure) [PSYoungGen: 419573K->147296K(507392K)] 1568887K->1398251K(1905664K), 0.0519727 secs] [Times: user=0.30 sys=0.00, real=0.05 secs] 
5497.270: [Full GC (Ergonomics) [PSYoungGen: 147296K->0K(507392K)] [ParOldGen: 1250955K->195926K(1398272K)] 1398251K->195926K(1905664K), [Metaspace: 59671K->59671K(1105920K)], 0.4799760 secs] [Times: user=2.24 sys=0.00, real=0.48 secs] 
5499.358: [GC (Allocation Failure) [PSYoungGen: 321024K->107808K(429056K)] 516950K->303734K(1827328K), 0.0893000 secs] [Times: user=0.53 sys=0.00, real=0.09 secs] 
5500.495: [GC (Allocation Failure) [PSYoungGen: 419442K->144992K(507904K)] 615369K->443995K(1906176K), 0.0505143 secs] [Times: user=0.30 sys=0.00, real=0.05 secs] 
5502.689: [GC (Allocation Failure) [PSYoungGen: 467040K->110272K(509440K)] 766043K->544719K(1907712K), 0.1044003 secs] [Times: user=0.62 sys=0.00, real=0.11 secs] 
5503.320: [GC (Allocation Failure) [PSYoungGen: 432320K->152128K(505344K)] 866767K->693728K(1903616K), 0.0532778 secs] [Times: user=0.31 sys=0.00, real=0.06 secs] 
5507.043: [GC (Allocation Failure) [PSYoungGen: 473664K->94880K(509440K)] 1015264K->788440K(1907712K), 0.1706626 secs] [Times: user=1.02 sys=0.00, real=0.17 secs] 
5508.016: [GC (Allocation Failure) [PSYoungGen: 416416K->155616K(500736K)] 1109976K->938153K(1899008K), 0.0582668 secs] [Times: user=0.34 sys=0.00, real=0.06 secs] 
5510.968: [GC (Allocation Failure) [PSYoungGen: 468448K->91280K(505856K)] 1250985K->1029314K(1904128K), 0.1585612 secs] [Times: user=0.94 sys=0.00, real=0.16 secs] 
5512.087: [GC (Allocation Failure) [PSYoungGen: 404112K->151520K(499200K)] 1342146K->1174470K(1897472K), 0.0537418 secs] [Times: user=0.31 sys=0.00, real=0.05 secs] 
5515.168: [GC (Allocation Failure) [PSYoungGen: 458208K->89184K(502784K)] 1481158K->1263210K(1901056K), 0.1695096 secs] [Times: user=1.01 sys=0.01, real=0.17 secs] 
5516.395: [GC (Allocation Failure) [PSYoungGen: 379824K->138272K(499200K)] 1553850K->1397487K(1897472K), 0.0494799 secs] [Times: user=0.29 sys=0.00, real=0.05 secs] 
5516.444: [Full GC (Ergonomics) [PSYoungGen: 138272K->0K(499200K)] [ParOldGen: 1259215K->196186K(1398272K)] 1397487K->196186K(1897472K), [Metaspace: 59671K->59671K(1105920K)], 0.4784476 secs] [Times: user=2.23 sys=0.01, real=0.48 secs] 
5518.419: [GC (Allocation Failure) [PSYoungGen: 307200K->102928K(501248K)] 503386K->299115K(1899520K), 0.0442254 secs] [Times: user=0.27 sys=0.00, real=0.05 secs] 
5520.224: [GC (Allocation Failure) [PSYoungGen: 410128K->144432K(501760K)] 606315K->437644K(1900032K), 0.0490509 secs] [Times: user=0.29 sys=0.00, real=0.05 secs] 
5521.683: [GC (Allocation Failure) [PSYoungGen: 455728K->100688K(503296K)] 748940K->529340K(1901568K), 0.0835537 secs] [Times: user=0.49 sys=0.00, real=0.08 secs] 
5524.120: [GC (Allocation Failure) [PSYoungGen: 411984K->144512K(504320K)] 840636K->670200K(1902592K), 0.0499162 secs] [Times: user=0.30 sys=0.00, real=0.05 secs] 
5525.425: [GC (Allocation Failure) [PSYoungGen: 459392K->107488K(505856K)] 985080K->768808K(1904128K), 0.0634121 secs] [Times: user=0.37 sys=0.01, real=0.06 secs] 
5527.448: [GC (Allocation Failure) [PSYoungGen: 422368K->147488K(503296K)] 1083688K->913177K(1901568K), 0.0525625 secs] [Times: user=0.31 sys=0.00, real=0.05 secs] 
5529.229: [GC (Allocation Failure) [PSYoungGen: 463392K->103568K(505856K)] 1229081K->1007885K(1904128K), 0.0764176 secs] [Times: user=0.45 sys=0.00, real=0.08 secs] 
5531.557: [GC (Allocation Failure) [PSYoungGen: 419472K->146368K(505856K)] 1323789K->1150277K(1904128K), 0.0514019 secs] [Times: user=0.31 sys=0.00, real=0.05 secs] 
5532.720: [GC (Allocation Failure) [PSYoungGen: 465344K->109616K(508416K)] 1469253K->1250702K(1906688K), 0.0667390 secs] [Times: user=0.40 sys=0.00, real=0.07 secs] 
5534.160: [GC (Allocation Failure) [PSYoungGen: 428592K->148096K(505856K)] 1569678K->1394778K(1904128K), 0.0551886 secs] [Times: user=0.32 sys=0.01, real=0.06 secs] 
5534.215: [Full GC (Ergonomics) [PSYoungGen: 148096K->0K(505856K)] [ParOldGen: 1246682K->194465K(1398272K)] 1394778K->194465K(1904128K), [Metaspace: 59671K->59671K(1105920K)], 0.4776320 secs] [Times: user=2.24 sys=0.00, real=0.48 secs] 
5537.281: [GC (Allocation Failure) [PSYoungGen: 320000K->105936K(508416K)] 514465K->300402K(1906688K), 0.0317562 secs] [Times: user=0.18 sys=0.01, real=0.04 secs] 
5540.317: [GC (Allocation Failure) [PSYoungGen: 425936K->147520K(507904K)] 620402K->443858K(1906176K), 0.0508611 secs] [Times: user=0.30 sys=0.00, real=0.05 secs] 
5542.558: [GC (Allocation Failure) [PSYoungGen: 469568K->105728K(510464K)] 765906K->540422K(1908736K), 0.0925425 secs] [Times: user=0.55 sys=0.00, real=0.09 secs] 
5544.298: [GC (Allocation Failure) [PSYoungGen: 417665K->145856K(508928K)] 852359K->682250K(1907200K), 0.0507429 secs] [Times: user=0.30 sys=0.00, real=0.05 secs] 
5547.549: [GC (Allocation Failure) [PSYoungGen: 468928K->103616K(510464K)] 1005322K->777058K(1908736K), 0.1271877 secs] [Times: user=0.76 sys=0.00, real=0.13 secs] 
5548.974: [GC (Allocation Failure) [PSYoungGen: 417212K->147632K(508416K)] 1090655K->920672K(1906688K), 0.0502955 secs] [Times: user=0.29 sys=0.00, real=0.05 secs] 
5551.637: [GC (Allocation Failure) [PSYoungGen: 470704K->107072K(510976K)] 1243744K->1018999K(1909248K), 0.1655453 secs] [Times: user=0.97 sys=0.01, real=0.17 secs] 
5553.053: [GC (Allocation Failure) [PSYoungGen: 418038K->144128K(509952K)] 1329965K->1159263K(1908224K), 0.0512219 secs] [Times: user=0.30 sys=0.00, real=0.05 secs] 
5556.507: [GC (Allocation Failure) [PSYoungGen: 468736K->106400K(510976K)] 1483871K->1256599K(1909248K), 0.1683018 secs] [Times: user=1.00 sys=0.00, real=0.17 secs] 
5558.598: [GC (Allocation Failure) [PSYoungGen: 420997K->144320K(509440K)] 1571197K->1397276K(1907712K), 0.0515330 secs] [Times: user=0.30 sys=0.00, real=0.05 secs] 
5558.649: [Full GC (Ergonomics) [PSYoungGen: 144320K->0K(509440K)] [ParOldGen: 1252956K->196144K(1398272K)] 1397276K->196144K(1907712K), [Metaspace: 59671K->59671K(1105920K)], 0.4839031 secs] [Times: user=2.26 sys=0.00, real=0.49 secs] 
5561.564: [GC (Allocation Failure) [PSYoungGen: 325632K->108080K(510976K)] 521776K->304225K(1909248K), 0.0920510 secs] [Times: user=0.54 sys=0.00, real=0.09 secs] 
5562.573: [GC (Allocation Failure) [PSYoungGen: 433712K->154464K(505344K)] 629857K->454763K(1903616K), 0.0521320 secs] [Times: user=0.31 sys=0.00, real=0.05 secs] 
5564.925: [GC (Allocation Failure) [PSYoungGen: 474153K->93760K(510976K)] 774453K->548095K(1909248K), 0.1600257 secs] [Times: user=0.93 sys=0.02, real=0.16 secs] 
5565.534: [GC (Allocation Failure) [PSYoungGen: 416832K->153792K(502272K)] 871167K->697869K(1900544K), 0.0558957 secs] [Times: user=0.33 sys=0.01, real=0.05 secs] 
5568.873: [GC (Allocation Failure) [PSYoungGen: 468672K->94272K(506880K)] 1012749K->791925K(1905152K), 0.1681652 secs] [Times: user=0.99 sys=0.01, real=0.17 secs] 
5569.990: [GC (Allocation Failure) [PSYoungGen: 409152K->168064K(488960K)] 1106805K->953764K(1887232K), 0.0557740 secs] [Times: user=0.33 sys=0.00, real=0.06 secs] 
5572.096: [GC (Allocation Failure) [PSYoungGen: 465536K->87600K(498176K)] 1251236K->1024281K(1896448K), 0.1414463 secs] [Times: user=0.85 sys=0.00, real=0.14 secs] 
5572.879: [GC (Allocation Failure) [PSYoungGen: 382710K->138752K(493056K)] 1319391K->1159145K(1891328K), 0.0484662 secs] [Times: user=0.29 sys=0.00, real=0.05 secs] 
5575.693: [GC (Allocation Failure) [PSYoungGen: 436224K->96016K(495616K)] 1456617K->1246030K(1893888K), 0.0851647 secs] [Times: user=0.51 sys=0.00, real=0.08 secs] 
5577.519: [GC (Allocation Failure) [PSYoungGen: 393488K->137440K(496128K)] 1543502K->1379706K(1894400K), 0.0483745 secs] [Times: user=0.28 sys=0.01, real=0.05 secs] 
5577.567: [Full GC (Ergonomics) [PSYoungGen: 137440K->0K(496128K)] [ParOldGen: 1242266K->179245K(1398272K)] 1379706K->179245K(1894400K), [Metaspace: 59671K->59671K(1105920K)], 0.4319069 secs] [Times: user=2.01 sys=0.00, real=0.43 secs] 
5580.013: [GC (Allocation Failure) [PSYoungGen: 304640K->98832K(498688K)] 483885K->278078K(1896960K), 0.0456046 secs] [Times: user=0.27 sys=0.00, real=0.04 secs] 
5582.768: [GC (Allocation Failure) [PSYoungGen: 403472K->139392K(503808K)] 582718K->415287K(1902080K), 0.0508817 secs] [Times: user=0.31 sys=0.00, real=0.05 secs] 
5584.339: [GC (Allocation Failure) [PSYoungGen: 452736K->106240K(504320K)] 728631K->512163K(1902592K), 0.0643167 secs] [Times: user=0.38 sys=0.01, real=0.07 secs] 
5586.953: [GC (Allocation Failure) [PSYoungGen: 419584K->139392K(504832K)] 825507K->649544K(1903104K), 0.0522805 secs] [Times: user=0.30 sys=0.00, real=0.05 secs] 
5589.364: [GC (Allocation Failure) [PSYoungGen: 456829K->110912K(504832K)] 966981K->751360K(1903104K), 0.0638916 secs] [Times: user=0.38 sys=0.00, real=0.06 secs] 
5591.968: [GC (Allocation Failure) [PSYoungGen: 428352K->141408K(506368K)] 1068800K->890701K(1904640K), 0.0544308 secs] [Times: user=0.32 sys=0.00, real=0.06 secs] 
5593.428: [GC (Allocation Failure) [PSYoungGen: 464480K->110512K(507392K)] 1213773K->991862K(1905664K), 0.0656835 secs] [Times: user=0.39 sys=0.00, real=0.07 secs] 
5596.027: [GC (Allocation Failure) [PSYoungGen: 433584K->148064K(508416K)] 1314934K->1137954K(1906688K), 0.0546679 secs] [Times: user=0.32 sys=0.00, real=0.06 secs] 
5597.425: [GC (Allocation Failure) [PSYoungGen: 475744K->112512K(512000K)] 1465634K->1241566K(1910272K), 0.0732334 secs] [Times: user=0.43 sys=0.00, real=0.07 secs] 
5600.218: [GC (Allocation Failure) [PSYoungGen: 440192K->150160K(509952K)] 1569246K->1388299K(1908224K), 0.0551353 secs] [Times: user=0.33 sys=0.00, real=0.06 secs] 
5600.273: [Full GC (Ergonomics) [PSYoungGen: 150160K->0K(509952K)] [ParOldGen: 1238139K->187111K(1398272K)] 1388299K->187111K(1908224K), [Metaspace: 59671K->59671K(1105920K)], 0.4570720 secs] [Times: user=2.14 sys=0.00, real=0.45 secs] 
5602.098: [GC (Allocation Failure) [PSYoungGen: 329728K->115328K(514048K)] 516839K->302439K(1912320K), 0.0474685 secs] [Times: user=0.28 sys=0.00, real=0.05 secs] 
5604.144: [GC (Allocation Failure) [PSYoungGen: 429405K->145856K(513024K)] 616516K->444058K(1911296K), 0.0536388 secs] [Times: user=0.32 sys=0.00, real=0.05 secs] 
5607.065: [GC (Allocation Failure) [PSYoungGen: 478144K->106112K(515072K)] 776346K->541003K(1913344K), 0.1593447 secs] [Times: user=0.94 sys=0.00, real=0.16 secs] 
5608.189: [GC (Allocation Failure) [PSYoungGen: 438400K->158528K(504832K)] 873291K->695883K(1903104K), 0.0527018 secs] [Times: user=0.31 sys=0.00, real=0.06 secs] 
5612.999: [GC (Allocation Failure) [PSYoungGen: 482624K->93360K(417792K)] 1019979K->789060K(1816064K), 0.1665437 secs] [Times: user=0.99 sys=0.01, real=0.17 secs] 
5613.798: [GC (Allocation Failure) [PSYoungGen: 417456K->157344K(499712K)] 1113156K->940432K(1897984K), 0.0540954 secs] [Times: user=0.32 sys=0.00, real=0.06 secs] 
5616.501: [GC (GCLocker Initiated GC) [PSYoungGen: 469152K->92080K(505344K)] 1252240K->1032245K(1903616K), 0.1774254 secs] [Times: user=1.05 sys=0.00, real=0.18 secs] 
5617.464: [GC (GCLocker Initiated GC) [PSYoungGen: 403888K->149840K(500736K)] 1344056K->1176152K(1899008K), 0.0531424 secs] [Times: user=0.31 sys=0.00, real=0.05 secs] 
5619.313: [GC (Allocation Failure) [PSYoungGen: 457552K->91344K(503296K)] 1483867K->1267275K(1901568K), 0.1585431 secs] [Times: user=0.94 sys=0.00, real=0.16 secs] 
5620.301: [GC (Allocation Failure) [PSYoungGen: 385706K->137472K(498688K)] 1561637K->1398872K(1896960K), 0.0499843 secs] [Times: user=0.29 sys=0.01, real=0.05 secs] 
5620.351: [Full GC (Ergonomics) [PSYoungGen: 137472K->0K(498688K)] [ParOldGen: 1261400K->197186K(1398272K)] 1398872K->197186K(1896960K), [Metaspace: 59671K->59671K(1105920K)], 0.4808750 secs] [Times: user=2.26 sys=0.00, real=0.48 secs] 
5623.317: [GC (Allocation Failure) [PSYoungGen: 308224K->102464K(501248K)] 505410K->299650K(1899520K), 0.0310171 secs] [Times: user=0.18 sys=0.00, real=0.03 secs] 
5624.466: [GC (Allocation Failure) [PSYoungGen: 410688K->144032K(504320K)] 607874K->440087K(1902592K), 0.0488277 secs] [Times: user=0.28 sys=0.01, real=0.05 secs] 
5627.859: [GC (Allocation Failure) [PSYoungGen: 458400K->104656K(505344K)] 754455K->534944K(1903616K), 0.0632403 secs] [Times: user=0.36 sys=0.00, real=0.07 secs] 
5628.620: [GC (Allocation Failure) [PSYoungGen: 419024K->145856K(503808K)] 849312K->677452K(1902080K), 0.0510691 secs] [Times: user=0.30 sys=0.01, real=0.06 secs] 
5631.019: [GC (Allocation Failure) [PSYoungGen: 461760K->106016K(505856K)] 993356K->774128K(1904128K), 0.0633580 secs] [Times: user=0.37 sys=0.00, real=0.07 secs] 
5632.072: [GC (Allocation Failure) [PSYoungGen: 421920K->148256K(504832K)] 1090032K->919053K(1903104K), 0.0520739 secs] [Times: user=0.31 sys=0.00, real=0.05 secs] 
5633.456: [GC (Allocation Failure) [PSYoungGen: 466208K->105888K(507904K)] 1237005K->1015741K(1906176K), 0.0693139 secs] [Times: user=0.41 sys=0.00, real=0.07 secs] 
5635.419: [GC (Allocation Failure) [PSYoungGen: 420434K->147296K(506880K)] 1330287K->1159502K(1905152K), 0.0515386 secs] [Times: user=0.30 sys=0.00, real=0.05 secs] 
5637.909: [GC (Allocation Failure) [PSYoungGen: 467296K->106464K(508928K)] 1479502K->1257690K(1907200K), 0.1692828 secs] [Times: user=1.01 sys=0.00, real=0.17 secs] 
5640.776: [GC (Allocation Failure) [PSYoungGen: 424743K->144896K(507904K)] 1575970K->1398687K(1906176K), 0.0513606 secs] [Times: user=0.30 sys=0.01, real=0.05 secs] 
5640.827: [Full GC (Ergonomics) [PSYoungGen: 144896K->0K(507904K)] [ParOldGen: 1253791K->196524K(1398272K)] 1398687K->196524K(1906176K), [Metaspace: 59672K->59672K(1105920K)], 0.4800749 secs] [Times: user=2.23 sys=0.00, real=0.48 secs] 
5643.626: [GC (Allocation Failure) [PSYoungGen: 321536K->105520K(509440K)] 518060K->302045K(1907712K), 0.0988676 secs] [Times: user=0.58 sys=0.00, real=0.10 secs] 
5645.026: [GC (Allocation Failure) [PSYoungGen: 415853K->145568K(508416K)] 612377K->443993K(1906688K), 0.0851865 secs] [Times: user=0.51 sys=0.00, real=0.09 secs] 
5647.550: [GC (Allocation Failure) [PSYoungGen: 468640K->105792K(509952K)] 767065K->540801K(1908224K), 0.1180904 secs] [Times: user=0.70 sys=0.00, real=0.12 secs] 
5649.434: [GC (Allocation Failure) [PSYoungGen: 415030K->145152K(508928K)] 850039K->682022K(1907200K), 0.0505746 secs] [Times: user=0.29 sys=0.00, real=0.05 secs] 
5652.582: [GC (Allocation Failure) [PSYoungGen: 469760K->108192K(510976K)] 1006630K->781622K(1909248K), 0.1616316 secs] [Times: user=0.96 sys=0.00, real=0.16 secs] 
5654.658: [GC (Allocation Failure) [PSYoungGen: 427247K->143232K(510464K)] 1100677K->921431K(1908736K), 0.0510704 secs] [Times: user=0.30 sys=0.00, real=0.05 secs] 
5656.713: [GC (Allocation Failure) [PSYoungGen: 470400K->107904K(511488K)] 1248599K->1019859K(1909760K), 0.1659423 secs] [Times: user=0.99 sys=0.01, real=0.16 secs] 
5658.219: [GC (Allocation Failure) [PSYoungGen: 435072K->154624K(505856K)] 1347027K->1170856K(1904128K), 0.0530970 secs] [Times: user=0.31 sys=0.00, real=0.06 secs] 
5661.149: [GC (Allocation Failure) [PSYoungGen: 478720K->97968K(511488K)] 1494952K->1268304K(1909760K), 0.1691753 secs] [Times: user=1.00 sys=0.01, real=0.17 secs] 
5662.046: [GC (Allocation Failure) [PSYoungGen: 422064K->155552K(502272K)] 1592400K->1417241K(1900544K), 0.0676439 secs] [Times: user=0.39 sys=0.01, real=0.07 secs] 
5662.114: [Full GC (Ergonomics) [PSYoungGen: 155552K->0K(502272K)] [ParOldGen: 1261688K->215293K(1398272K)] 1417241K->215293K(1900544K), [Metaspace: 59672K->59672K(1105920K)], 0.5380082 secs] [Times: user=2.53 sys=0.00, real=0.54 secs] 
5665.782: [GC (Allocation Failure) [PSYoungGen: 315904K->92976K(507392K)] 531197K->308270K(1905664K), 0.1382149 secs] [Times: user=0.82 sys=0.00, real=0.13 secs] 
5666.282: [GC (Allocation Failure) [PSYoungGen: 408880K->168864K(487424K)] 624174K->471585K(1885696K), 0.0547683 secs] [Times: user=0.32 sys=0.00, real=0.05 secs] 
5668.934: [GC (Allocation Failure) [PSYoungGen: 465312K->86624K(497664K)] 768033K->541529K(1895936K), 0.1639268 secs] [Times: user=0.97 sys=0.01, real=0.16 secs] 
5670.020: [GC (Allocation Failure) [PSYoungGen: 375247K->136928K(492032K)] 830153K->672822K(1890304K), 0.0689255 secs] [Times: user=0.41 sys=0.00, real=0.07 secs] 
5672.148: [GC (Allocation Failure) [PSYoungGen: 433888K->94336K(495104K)] 969782K->758750K(1893376K), 0.1061247 secs] [Times: user=0.63 sys=0.00, real=0.11 secs] 
5674.651: [GC (Allocation Failure) [PSYoungGen: 391296K->138368K(496640K)] 1055710K->893195K(1894912K), 0.0478603 secs] [Times: user=0.28 sys=0.00, real=0.05 secs] 
5675.845: [GC (GCLocker Initiated GC) [PSYoungGen: 443008K->103472K(499200K)] 1197836K->987445K(1897472K), 0.0757305 secs] [Times: user=0.45 sys=0.01, real=0.08 secs] 
5677.886: [GC (Allocation Failure) [PSYoungGen: 408112K->140064K(503296K)] 1292136K->1125616K(1901568K), 0.0521459 secs] [Times: user=0.31 sys=0.00, real=0.05 secs] 
5680.265: [GC (Allocation Failure) [PSYoungGen: 452384K->103376K(503296K)] 1437936K->1220069K(1901568K), 0.0653430 secs] [Times: user=0.39 sys=0.00, real=0.06 secs] 
5681.711: [GC (Allocation Failure) [PSYoungGen: 415696K->141328K(504320K)] 1532389K->1359622K(1902592K), 0.0529831 secs] [Times: user=0.31 sys=0.00, real=0.06 secs] 
5684.420: [GC (Allocation Failure) [PSYoungGen: 457744K->108768K(504832K)] 1676038K->1459117K(1903104K), 0.0665152 secs] [Times: user=0.39 sys=0.00, real=0.07 secs] 
5684.486: [Full GC (Ergonomics) [PSYoungGen: 108768K->0K(504832K)] [ParOldGen: 1350349K->27774K(1398272K)] 1459117K->27774K(1903104K), [Metaspace: 59674K->59674K(1105920K)], 0.0498101 secs] [Times: user=0.17 sys=0.00, real=0.05 secs] 
5687.231: [GC (Allocation Failure) [PSYoungGen: 316416K->141328K(505856K)] 344190K->169103K(1904128K), 0.0277752 secs] [Times: user=0.16 sys=0.00, real=0.03 secs] 
5689.290: [GC (Allocation Failure) [PSYoungGen: 462864K->110400K(506880K)] 490639K->270246K(1905152K), 0.0639061 secs] [Times: user=0.37 sys=0.00, real=0.07 secs] 
5691.328: [GC (Allocation Failure) [PSYoungGen: 431936K->146672K(508416K)] 591782K->414608K(1906688K), 0.0534522 secs] [Times: user=0.31 sys=0.00, real=0.06 secs] 
5693.000: [GC (Allocation Failure) [PSYoungGen: 473328K->113552K(510976K)] 741264K->519252K(1909248K), 0.0657843 secs] [Times: user=0.39 sys=0.00, real=0.07 secs] 
5694.424: [GC (Allocation Failure) [PSYoungGen: 440208K->152592K(508928K)] 845908K->668240K(1907200K), 0.0540094 secs] [Times: user=0.32 sys=0.00, real=0.05 secs] 
5697.547: [GC (Allocation Failure) [PSYoungGen: 480784K->108432K(513536K)] 996432K->767184K(1911808K), 0.0695270 secs] [Times: user=0.41 sys=0.00, real=0.07 secs] 
5698.442: [GC (Allocation Failure) [PSYoungGen: 430793K->151136K(507904K)] 1089546K->914032K(1906176K), 0.0524407 secs] [Times: user=0.31 sys=0.00, real=0.05 secs] 
5701.823: [GC (Allocation Failure) [PSYoungGen: 476256K->102864K(512000K)] 1239152K->1008101K(1910272K), 0.0849503 secs] [Times: user=0.50 sys=0.00, real=0.08 secs] 
5703.718: [GC (Allocation Failure) [PSYoungGen: 423199K->148144K(508928K)] 1328436K->1152362K(1907200K), 0.0500866 secs] [Times: user=0.29 sys=0.00, real=0.05 secs] 
5705.922: [GC (Allocation Failure) [PSYoungGen: 472240K->106464K(511488K)] 1476458K->1249937K(1909760K), 0.1528813 secs] [Times: user=0.90 sys=0.01, real=0.15 secs] 
5707.100: [GC (Allocation Failure) [PSYoungGen: 416425K->144320K(510976K)] 1559899K->1390610K(1909248K), 0.0509987 secs] [Times: user=0.30 sys=0.00, real=0.06 secs] 
5707.151: [Full GC (Ergonomics) [PSYoungGen: 144320K->0K(510976K)] [ParOldGen: 1246290K->195915K(1398272K)] 1390610K->195915K(1909248K), [Metaspace: 59674K->59674K(1105920K)], 0.4822585 secs] [Times: user=2.25 sys=0.00, real=0.48 secs] 
5709.725: [GC (Allocation Failure) [PSYoungGen: 325632K->105568K(431616K)] 521547K->301483K(1829888K), 0.0767087 secs] [Times: user=0.44 sys=0.02, real=0.08 secs] 
5711.475: [GC (Allocation Failure) [PSYoungGen: 416370K->145696K(508928K)] 612286K->443256K(1907200K), 0.0496846 secs] [Times: user=0.30 sys=0.00, real=0.05 secs] 
5713.722: [GC (Allocation Failure) [PSYoungGen: 470816K->106480K(510976K)] 768376K->540861K(1909248K), 0.1229996 secs] [Times: user=0.71 sys=0.01, real=0.12 secs] 
5715.503: [GC (Allocation Failure) [PSYoungGen: 422507K->145808K(510464K)] 856888K->682490K(1908736K), 0.0507613 secs] [Times: user=0.30 sys=0.00, real=0.05 secs] 
5717.284: [GC (Allocation Failure) [PSYoungGen: 472976K->110496K(512512K)] 1009658K->783513K(1910784K), 0.1073730 secs] [Times: user=0.63 sys=0.01, real=0.11 secs] 
5718.033: [GC (Allocation Failure) [PSYoungGen: 437664K->154576K(506368K)] 1110681K->933809K(1904640K), 0.0528518 secs] [Times: user=0.32 sys=0.00, real=0.05 secs] 
5722.273: [GC (Allocation Failure) [PSYoungGen: 478672K->97632K(511488K)] 1257905K->1030736K(1909760K), 0.1817531 secs] [Times: user=1.08 sys=0.00, real=0.18 secs] 
5723.465: [GC (Allocation Failure) [PSYoungGen: 421728K->155296K(501760K)] 1354832K->1179745K(1900032K), 0.0562607 secs] [Times: user=0.33 sys=0.00, real=0.06 secs] 
5726.639: [GC (Allocation Failure) [PSYoungGen: 470176K->93248K(506880K)] 1494625K->1272309K(1905152K), 0.1669790 secs] [Times: user=0.99 sys=0.00, real=0.17 secs] 
5727.137: [GC (Allocation Failure) [PSYoungGen: 408128K->153280K(499200K)] 1587189K->1419461K(1897472K), 0.0563859 secs] [Times: user=0.33 sys=0.00, real=0.06 secs] 
5727.193: [Full GC (Ergonomics) [PSYoungGen: 153280K->0K(499200K)] [ParOldGen: 1266181K->217983K(1398272K)] 1419461K->217983K(1897472K), [Metaspace: 59674K->59674K(1105920K)], 0.5193675 secs] [Times: user=2.45 sys=0.00, real=0.52 secs] 
5729.723: [GC (Allocation Failure) [PSYoungGen: 307712K->92705K(503296K)] 525695K->310688K(1901568K), 0.1316212 secs] [Times: user=0.78 sys=0.00, real=0.13 secs] 
5730.406: [GC (Allocation Failure) [PSYoungGen: 400417K->148640K(500224K)] 618400K->453197K(1898496K), 0.0533229 secs] [Times: user=0.32 sys=0.00, real=0.05 secs] 
5732.861: [GC (Allocation Failure) [PSYoungGen: 454304K->92944K(502272K)] 758861K->545693K(1900544K), 0.1594019 secs] [Times: user=0.95 sys=0.00, real=0.15 secs] 
5734.262: [GC (Allocation Failure) [PSYoungGen: 398608K->146496K(500736K)] 851357K->681641K(1899008K), 0.0598639 secs] [Times: user=0.35 sys=0.00, real=0.06 secs] 
5737.263: [GC (Allocation Failure) [PSYoungGen: 452160K->88256K(502272K)] 987305K->769529K(1900544K), 0.1494543 secs] [Times: user=0.88 sys=0.01, real=0.15 secs] 
5738.495: [GC (Allocation Failure) [PSYoungGen: 393920K->142240K(501760K)] 1075193K->908313K(1900032K), 0.0498025 secs] [Times: user=0.30 sys=0.00, real=0.05 secs] 
5740.803: [GC (Allocation Failure) [PSYoungGen: 448416K->99680K(406016K)] 1214489K->999281K(1804288K), 0.1574420 secs] [Times: user=0.94 sys=0.00, real=0.15 secs] 
5742.843: [GC (Allocation Failure) [PSYoungGen: 405856K->143984K(499200K)] 1305457K->1139729K(1897472K), 0.0505029 secs] [Times: user=0.30 sys=0.00, real=0.05 secs] 
5744.102: [GC (Allocation Failure) [PSYoungGen: 450160K->102176K(500224K)] 1445905K->1233041K(1898496K), 0.0646164 secs] [Times: user=0.38 sys=0.00, real=0.06 secs] 
5746.627: [GC (Allocation Failure) [PSYoungGen: 408352K->140576K(502784K)] 1539217K->1370222K(1901056K), 0.0521233 secs] [Times: user=0.31 sys=0.00, real=0.05 secs] 
5746.679: [Full GC (Ergonomics) [PSYoungGen: 140576K->0K(502784K)] [ParOldGen: 1229645K->178222K(1398272K)] 1370222K->178222K(1901056K), [Metaspace: 59674K->59674K(1105920K)], 0.4323991 secs] [Times: user=2.02 sys=0.00, real=0.44 secs] 
5748.183: [GC (Allocation Failure) [PSYoungGen: 311808K->105936K(502784K)] 490030K->284158K(1901056K), 0.0339718 secs] [Times: user=0.19 sys=0.00, real=0.03 secs] 
5750.014: [GC (Allocation Failure) [PSYoungGen: 417744K->142480K(503296K)] 595966K->424256K(1901568K), 0.0525516 secs] [Times: user=0.32 sys=0.00, real=0.05 secs] 
5753.700: [GC (Allocation Failure) [PSYoungGen: 458384K->101984K(504320K)] 740160K->517283K(1902592K), 0.0640207 secs] [Times: user=0.38 sys=0.00, real=0.07 secs] 
5756.220: [GC (Allocation Failure) [PSYoungGen: 417888K->144672K(506880K)] 833187K->659172K(1905152K), 0.0513878 secs] [Times: user=0.30 sys=0.00, real=0.06 secs] 
5758.114: [GC (Allocation Failure) [PSYoungGen: 465696K->108192K(508928K)] 980196K->758384K(1907200K), 0.0641667 secs] [Times: user=0.38 sys=0.00, real=0.06 secs] 
5759.474: [GC (Allocation Failure) [PSYoungGen: 429216K->148480K(505856K)] 1079408K->904541K(1904128K), 0.0543345 secs] [Times: user=0.33 sys=0.00, real=0.05 secs] 
5761.515: [GC (Allocation Failure) [PSYoungGen: 470016K->109104K(509440K)] 1226077K->1004286K(1907712K), 0.0667498 secs] [Times: user=0.40 sys=0.00, real=0.07 secs] 
5762.604: [GC (Allocation Failure) [PSYoungGen: 430640K->151328K(506368K)] 1325822K->1152538K(1904640K), 0.0549759 secs] [Times: user=0.33 sys=0.00, real=0.05 secs] 
5764.808: [GC (Allocation Failure) [PSYoungGen: 473376K->106864K(510464K)] 1474586K->1250795K(1908736K), 0.0972921 secs] [Times: user=0.58 sys=0.00, real=0.10 secs] 
5766.134: [GC (Allocation Failure) [PSYoungGen: 428251K->150752K(505344K)] 1572181K->1398183K(1903616K), 0.0533773 secs] [Times: user=0.31 sys=0.00, real=0.05 secs] 
5766.187: [Full GC (Ergonomics) [PSYoungGen: 150752K->0K(505344K)] [ParOldGen: 1247431K->196433K(1398272K)] 1398183K->196433K(1903616K), [Metaspace: 59674K->59674K(1105920K)], 0.4674030 secs] [Times: user=2.08 sys=0.00, real=0.47 secs] 
5769.499: [GC (Allocation Failure) [PSYoungGen: 320000K->104128K(509440K)] 516433K->300561K(1907712K), 0.0449829 secs] [Times: user=0.26 sys=0.01, real=0.05 secs] 
5771.118: [GC (Allocation Failure) [PSYoungGen: 420045K->148048K(506880K)] 616478K->444261K(1905152K), 0.0500374 secs] [Times: user=0.29 sys=0.00, real=0.05 secs] 
5773.077: [GC (Allocation Failure) [PSYoungGen: 468048K->108512K(428544K)] 764261K->543508K(1826816K), 0.0989279 secs] [Times: user=0.59 sys=0.00, real=0.10 secs] 
5775.298: [GC (Allocation Failure) [PSYoungGen: 419183K->142592K(508416K)] 854180K->682197K(1906688K), 0.1203100 secs] [Times: user=0.71 sys=0.00, real=0.12 secs] 
5778.215: [GC (Allocation Failure) [PSYoungGen: 464640K->106080K(508928K)] 1004245K->779813K(1907200K), 0.1529049 secs] [Times: user=0.91 sys=0.00, real=0.15 secs] 
5780.521: [GC (Allocation Failure) [PSYoungGen: 418739K->145824K(508416K)] 1092473K->921018K(1906688K), 0.0506834 secs] [Times: user=0.30 sys=0.00, real=0.06 secs] 
5782.524: [GC (Allocation Failure) [PSYoungGen: 469920K->107728K(509952K)] 1245114K->1019651K(1908224K), 0.1511325 secs] [Times: user=0.90 sys=0.00, real=0.15 secs] 
5783.998: [GC (Allocation Failure) [PSYoungGen: 418247K->143392K(510976K)] 1330169K->1159207K(1909248K), 0.0592368 secs] [Times: user=0.35 sys=0.00, real=0.06 secs] 
5786.386: [GC (Allocation Failure) [PSYoungGen: 471072K->106112K(512000K)] 1486887K->1256871K(1910272K), 0.1681773 secs] [Times: user=1.00 sys=0.00, real=0.17 secs] 
5788.520: [GC (Allocation Failure) [PSYoungGen: 433792K->153472K(507392K)] 1584551K->1406252K(1905664K), 0.0528860 secs] [Times: user=0.31 sys=0.00, real=0.06 secs] 
5788.573: [Full GC (Ergonomics) [PSYoungGen: 153472K->0K(507392K)] [ParOldGen: 1252780K->204814K(1398272K)] 1406252K->204814K(1905664K), [Metaspace: 59674K->59674K(1105920K)], 0.4857053 secs] [Times: user=2.27 sys=0.00, real=0.48 secs] 
5791.496: [GC (Allocation Failure) [PSYoungGen: 323257K->96544K(512000K)] 528072K->301358K(1910272K), 0.1690291 secs] [Times: user=0.99 sys=0.01, real=0.17 secs] 
5793.072: [GC (Allocation Failure) [PSYoungGen: 421664K->154496K(502272K)] 626478K->451401K(1900544K), 0.0551017 secs] [Times: user=0.33 sys=0.01, real=0.05 secs] 
5796.040: [GC (Allocation Failure) [PSYoungGen: 470400K->94528K(507392K)] 767305K->545441K(1905664K), 0.1750834 secs] [Times: user=1.04 sys=0.00, real=0.18 secs] 
5796.813: [GC (Allocation Failure) [PSYoungGen: 410432K->148992K(503296K)] 861345K->688494K(1901568K), 0.0638588 secs] [Times: user=0.38 sys=0.00, real=0.06 secs] 
5800.574: [GC (GCLocker Initiated GC) [PSYoungGen: 461824K->92720K(505856K)] 1001327K->780876K(1904128K), 0.1435399 secs] [Times: user=0.85 sys=0.00, real=0.14 secs] 
5801.910: [GC (Allocation Failure) [PSYoungGen: 405552K->148080K(502272K)] 1093711K->922643K(1900544K), 0.0528210 secs] [Times: user=0.32 sys=0.00, real=0.06 secs] 
5804.694: [GC (GCLocker Initiated GC) [PSYoungGen: 457840K->93232K(504320K)] 1232403K->1014811K(1902592K), 0.1650266 secs] [Times: user=0.98 sys=0.01, real=0.16 secs] 
5805.905: [GC (Allocation Failure) [PSYoungGen: 402992K->136944K(499200K)] 1340958K->1164395K(1897472K), 0.2446864 secs] [Times: user=1.47 sys=0.01, real=0.24 secs] 
5809.948: [GC (Allocation Failure) [PSYoungGen: 446882K->90672K(502272K)] 1474333K->1254467K(1900544K), 0.4242558 secs] [Times: user=2.54 sys=0.00, real=0.43 secs] 
5811.148: [GC (Allocation Failure) [PSYoungGen: 388695K->138464K(505344K)] 1552490K->1389095K(1903616K), 0.0509169 secs] [Times: user=0.30 sys=0.00, real=0.05 secs] 
5811.199: [Full GC (Ergonomics) [PSYoungGen: 138464K->0K(505344K)] [ParOldGen: 1250631K->195758K(1398272K)] 1389095K->195758K(1903616K), [Metaspace: 59674K->59674K(1105920K)], 0.4837770 secs] [Times: user=2.27 sys=0.00, real=0.49 secs] 
5813.384: [GC (Allocation Failure) [PSYoungGen: 316928K->103744K(506880K)] 512686K->299503K(1905152K), 0.0777925 secs] [Times: user=0.46 sys=0.00, real=0.08 secs] 
5815.753: [GC (Allocation Failure) [PSYoungGen: 420672K->146992K(503296K)] 616431K->442784K(1901568K), 0.0493288 secs] [Times: user=0.29 sys=0.00, real=0.05 secs] 
5817.035: [GC (Allocation Failure) [PSYoungGen: 463920K->105632K(506880K)] 759712K->539415K(1905152K), 0.0730559 secs] [Times: user=0.43 sys=0.00, real=0.07 secs] 
5819.231: [GC (Allocation Failure) [PSYoungGen: 416921K->145008K(506880K)] 850704K->680693K(1905152K), 0.0507807 secs] [Times: user=0.30 sys=0.00, real=0.05 secs] 
5820.898: [GC (Allocation Failure) [PSYoungGen: 465520K->105920K(508928K)] 1001205K->777788K(1907200K), 0.1514621 secs] [Times: user=0.90 sys=0.01, real=0.15 secs] 
5823.038: [GC (Allocation Failure) [PSYoungGen: 422812K->145456K(506368K)] 1094681K->919482K(1904640K), 0.0505145 secs] [Times: user=0.29 sys=0.00, real=0.05 secs] 
5824.553: [GC (Allocation Failure) [PSYoungGen: 466992K->104960K(508928K)] 1241018K->1015417K(1907200K), 0.0800001 secs] [Times: user=0.47 sys=0.00, real=0.08 secs] 
5826.691: [GC (Allocation Failure) [PSYoungGen: 417453K->145696K(508416K)] 1327910K->1157714K(1906688K), 0.0513543 secs] [Times: user=0.30 sys=0.01, real=0.05 secs] 
5830.341: [GC (Allocation Failure) [PSYoungGen: 469792K->106448K(510976K)] 1481810K->1255419K(1909248K), 0.1518173 secs] [Times: user=0.90 sys=0.00, real=0.15 secs] 
5831.731: [GC (Allocation Failure) [PSYoungGen: 416693K->145008K(509440K)] 1565663K->1396603K(1907712K), 0.0820568 secs] [Times: user=0.49 sys=0.00, real=0.09 secs] 
5831.813: [Full GC (Ergonomics) [PSYoungGen: 145008K->0K(509440K)] [ParOldGen: 1251595K->196051K(1398272K)] 1396603K->196051K(1907712K), [Metaspace: 59674K->59674K(1105920K)], 0.4874628 secs] [Times: user=2.29 sys=0.00, real=0.48 secs] 
5833.943: [GC (Allocation Failure) [PSYoungGen: 325632K->106240K(511488K)] 521683K->302291K(1909760K), 0.0500165 secs] [Times: user=0.29 sys=0.01, real=0.05 secs] 
5835.009: [GC (Allocation Failure) [PSYoungGen: 422766K->145808K(510464K)] 618817K->443856K(1908736K), 0.0500230 secs] [Times: user=0.29 sys=0.01, real=0.05 secs] 
5838.186: [GC (Allocation Failure) [PSYoungGen: 472976K->111040K(438272K)] 771024K->545471K(1836544K), 0.1452759 secs] [Times: user=0.86 sys=0.00, real=0.15 secs] 
5839.901: [GC (Allocation Failure) [PSYoungGen: 438208K->153072K(506880K)] 872639K->694425K(1905152K), 0.1312276 secs] [Times: user=0.77 sys=0.00, real=0.13 secs] 
5842.591: [GC (Allocation Failure) [PSYoungGen: 478192K->97952K(512000K)] 1019545K->792084K(1910272K), 0.1685138 secs] [Times: user=1.01 sys=0.00, real=0.16 secs] 
5843.249: [GC (Allocation Failure) [PSYoungGen: 423072K->158528K(499712K)] 1117204K->943960K(1897984K), 0.0572501 secs] [Times: user=0.32 sys=0.02, real=0.06 secs] 
5847.417: [GC (Allocation Failure) [PSYoungGen: 472384K->91296K(506368K)] 1257816K->1034672K(1904640K), 0.1645248 secs] [Times: user=0.98 sys=0.00, real=0.17 secs] 
5848.049: [GC (Allocation Failure) [PSYoungGen: 405152K->151232K(499712K)] 1348528K->1179396K(1897984K), 0.0557241 secs] [Times: user=0.33 sys=0.01, real=0.06 secs] 
5850.156: [GC (Allocation Failure) [PSYoungGen: 458944K->94480K(503296K)] 1487108K->1273165K(1901568K), 0.1548637 secs] [Times: user=0.92 sys=0.00, real=0.16 secs] 
5850.635: [GC (Allocation Failure) [PSYoungGen: 402192K->150176K(498688K)] 1580877K->1417341K(1896960K), 0.0556148 secs] [Times: user=0.33 sys=0.00, real=0.05 secs] 
5850.691: [Full GC (Ergonomics) [PSYoungGen: 150176K->0K(498688K)] [ParOldGen: 1267165K->215454K(1398272K)] 1417341K->215454K(1896960K), [Metaspace: 59679K->59679K(1105920K)], 0.5181776 secs] [Times: user=2.45 sys=0.00, real=0.52 secs] 
5853.958: [GC (Allocation Failure) [PSYoungGen: 304640K->87696K(501760K)] 520094K->303151K(1900032K), 0.1323281 secs] [Times: user=0.79 sys=0.00, real=0.13 secs] 
5854.918: [GC (Allocation Failure) [PSYoungGen: 392336K->147840K(498176K)] 607791K->444868K(1896448K), 0.0521892 secs] [Times: user=0.31 sys=0.00, real=0.05 secs] 
5857.030: [GC (Allocation Failure) [PSYoungGen: 449408K->87856K(500224K)] 746436K->532245K(1898496K), 0.1778574 secs] [Times: user=1.06 sys=0.00, real=0.18 secs] 
5858.094: [GC (Allocation Failure) [PSYoungGen: 389424K->142752K(499200K)] 833813K->670825K(1897472K), 0.0503716 secs] [Times: user=0.30 sys=0.01, real=0.05 secs] 
5860.112: [GC (Allocation Failure) [PSYoungGen: 445344K->100608K(403456K)] 973417K->762529K(1801728K), 0.0631767 secs] [Times: user=0.38 sys=0.00, real=0.06 secs] 
5862.840: [GC (Allocation Failure) [PSYoungGen: 403200K->138432K(499200K)] 1065121K->897398K(1897472K), 0.0497393 secs] [Times: user=0.30 sys=0.00, real=0.05 secs] 
5864.461: [GC (Allocation Failure) [PSYoungGen: 443584K->102496K(498688K)] 1202550K->991310K(1896960K), 0.0639237 secs] [Times: user=0.37 sys=0.00, real=0.06 secs] 
5866.965: [GC (Allocation Failure) [PSYoungGen: 407623K->140064K(501248K)] 1296437K->1129035K(1899520K), 0.1105007 secs] [Times: user=0.66 sys=0.00, real=0.11 secs] 
5869.212: [GC (GCLocker Initiated GC) [PSYoungGen: 451360K->104144K(501248K)] 1440332K->1224549K(1899520K), 0.0643268 secs] [Times: user=0.39 sys=0.00, real=0.06 secs] 
5871.859: [GC (Allocation Failure) [PSYoungGen: 415440K->148576K(501248K)] 1535848K->1370768K(1899520K), 0.0525609 secs] [Times: user=0.31 sys=0.00, real=0.06 secs] 
5871.912: [Full GC (Ergonomics) [PSYoungGen: 148576K->0K(501248K)] [ParOldGen: 1222192K->170242K(1398272K)] 1370768K->170242K(1899520K), [Metaspace: 59679K->59679K(1105920K)], 0.4127706 secs] [Times: user=1.92 sys=0.00, real=0.41 secs] 
5873.447: [GC (Allocation Failure) [PSYoungGen: 314880K->107344K(505344K)] 485122K->277587K(1903616K), 0.0356226 secs] [Times: user=0.21 sys=0.00, real=0.04 secs] 
5875.126: [GC (Allocation Failure) [PSYoungGen: 422224K->143808K(506880K)] 592467K->419423K(1905152K), 0.0534347 secs] [Times: user=0.32 sys=0.00, real=0.05 secs] 
5878.015: [GC (Allocation Failure) [PSYoungGen: 464320K->104928K(508416K)] 739935K->515591K(1906688K), 0.0636932 secs] [Times: user=0.37 sys=0.00, real=0.06 secs] 
5880.241: [GC (Allocation Failure) [PSYoungGen: 425440K->147296K(506368K)] 836103K->660720K(1904640K), 0.0518338 secs] [Times: user=0.30 sys=0.00, real=0.05 secs] 
5883.538: [GC (Allocation Failure) [PSYoungGen: 468832K->109504K(509440K)] 982256K->761408K(1907712K), 0.0651846 secs] [Times: user=0.38 sys=0.01, real=0.07 secs] 
5886.338: [GC (Allocation Failure) [PSYoungGen: 431040K->146272K(507904K)] 1082944K->904884K(1906176K), 0.0545879 secs] [Times: user=0.32 sys=0.00, real=0.06 secs] 
5887.500: [GC (Allocation Failure) [PSYoungGen: 469856K->108496K(510464K)] 1228468K->1004345K(1908736K), 0.0657164 secs] [Times: user=0.38 sys=0.00, real=0.07 secs] 
5889.557: [GC (Allocation Failure) [PSYoungGen: 432080K->151168K(506368K)] 1327929K->1151765K(1904640K), 0.1090583 secs] [Times: user=0.65 sys=0.00, real=0.11 secs] 
5891.502: [GC (Allocation Failure) [PSYoungGen: 474240K->107808K(510976K)] 1474837K->1251157K(1909248K), 0.0934152 secs] [Times: user=0.55 sys=0.00, real=0.09 secs] 
5893.652: [GC (Allocation Failure) [PSYoungGen: 430880K->150976K(506880K)] 1574229K->1398510K(1905152K), 0.0536133 secs] [Times: user=0.32 sys=0.00, real=0.05 secs] 
5893.706: [Full GC (Ergonomics) [PSYoungGen: 150976K->0K(506880K)] [ParOldGen: 1247534K->196915K(1398272K)] 1398510K->196915K(1905152K), [Metaspace: 59679K->59679K(1105920K)], 0.4762955 secs] [Times: user=2.21 sys=0.00, real=0.48 secs] 
5896.106: [GC (Allocation Failure) [PSYoungGen: 322048K->107760K(510464K)] 518963K->304676K(1908736K), 0.0526608 secs] [Times: user=0.30 sys=0.00, real=0.05 secs] 
5897.593: [GC (Allocation Failure) [PSYoungGen: 420072K->144528K(510464K)] 616988K->445310K(1908736K), 0.0508002 secs] [Times: user=0.30 sys=0.00, real=0.05 secs] 
5901.436: [GC (Allocation Failure) [PSYoungGen: 469136K->105648K(430592K)] 769918K->541798K(1828864K), 0.1516229 secs] [Times: user=0.90 sys=0.00, real=0.15 secs] 
5902.844: [GC (Allocation Failure) [PSYoungGen: 430256K->154112K(504832K)] 866406K->692142K(1903104K), 0.0523572 secs] [Times: user=0.31 sys=0.00, real=0.05 secs] 
5905.220: [GC (Allocation Failure) [PSYoungGen: 474112K->98608K(509440K)] 1012142K->790379K(1907712K), 0.1756665 secs] [Times: user=1.04 sys=0.01, real=0.18 secs] 
5906.198: [GC (Allocation Failure) [PSYoungGen: 418608K->152288K(503296K)] 1110379K->936336K(1901568K), 0.0544439 secs] [Times: user=0.32 sys=0.00, real=0.06 secs] 
5908.939: [GC (Allocation Failure) [PSYoungGen: 467168K->95392K(506880K)] 1251216K->1030668K(1905152K), 0.1769971 secs] [Times: user=1.05 sys=0.01, real=0.18 secs] 
5910.475: [GC (Allocation Failure) [PSYoungGen: 410272K->148640K(502784K)] 1345548K->1173409K(1901056K), 0.1425962 secs] [Times: user=0.85 sys=0.01, real=0.14 secs] 
5914.526: [GC (Allocation Failure) [PSYoungGen: 460448K->89456K(505344K)] 1485217K->1262413K(1903616K), 0.1706364 secs] [Times: user=1.01 sys=0.00, real=0.17 secs] 
5915.618: [GC (Allocation Failure) [PSYoungGen: 391267K->141520K(504832K)] 1564224K->1399302K(1903104K), 0.0509393 secs] [Times: user=0.30 sys=0.00, real=0.05 secs] 
5915.669: [Full GC (Ergonomics) [PSYoungGen: 141520K->0K(504832K)] [ParOldGen: 1257781K->196017K(1398272K)] 1399302K->196017K(1903104K), [Metaspace: 59679K->59679K(1105920K)], 0.4847717 secs] [Times: user=2.29 sys=0.00, real=0.49 secs] 
5917.458: [GC (GCLocker Initiated GC) [PSYoungGen: 312320K->104592K(417280K)] 508337K->300610K(1815552K), 0.0309982 secs] [Times: user=0.18 sys=0.01, real=0.03 secs] 
5919.899: [GC (Allocation Failure) [PSYoungGen: 416912K->143760K(502272K)] 612933K->441018K(1900544K), 0.0496396 secs] [Times: user=0.29 sys=0.00, real=0.05 secs] 
5921.941: [GC (Allocation Failure) [PSYoungGen: 456080K->103472K(503296K)] 753338K->535786K(1901568K), 0.1383977 secs] [Times: user=0.82 sys=0.00, real=0.13 secs] 
5924.084: [GC (Allocation Failure) [PSYoungGen: 415792K->146672K(503808K)] 848106K->678475K(1902080K), 0.1074434 secs] [Times: user=0.64 sys=0.01, real=0.11 secs] 
5926.730: [GC (GCLocker Initiated GC) [PSYoungGen: 462576K->100176K(505856K)] 994380K->770220K(1904128K), 0.1369408 secs] [Times: user=0.81 sys=0.00, real=0.14 secs] 
5928.474: [GC (Allocation Failure) [PSYoungGen: 416080K->148320K(504832K)] 1086125K->914722K(1903104K), 0.0600723 secs] [Times: user=0.35 sys=0.01, real=0.06 secs] 
5930.249: [GC (Allocation Failure) [PSYoungGen: 465248K->105600K(507904K)] 1231650K->1011778K(1906176K), 0.0689929 secs] [Times: user=0.36 sys=0.00, real=0.07 secs] 
5932.926: [GC (Allocation Failure) [PSYoungGen: 422528K->148128K(505344K)] 1328706K->1156534K(1903616K), 0.0794693 secs] [Times: user=0.47 sys=0.01, real=0.08 secs] 
5935.568: [GC (Allocation Failure) [PSYoungGen: 465568K->102656K(507904K)] 1473974K->1250763K(1906176K), 0.1388403 secs] [Times: user=0.82 sys=0.00, real=0.14 secs] 
5936.332: [GC (Allocation Failure) [PSYoungGen: 418141K->150528K(503808K)] 1566248K->1397319K(1902080K), 0.0506138 secs] [Times: user=0.30 sys=0.00, real=0.05 secs] 
5936.382: [Full GC (Ergonomics) [PSYoungGen: 150528K->0K(503808K)] [ParOldGen: 1246791K->196236K(1398272K)] 1397319K->196236K(1902080K), [Metaspace: 59679K->59679K(1105920K)], 0.4839876 secs] [Times: user=2.27 sys=0.00, real=0.48 secs] 
5938.873: [GC (Allocation Failure) [PSYoungGen: 315904K->104048K(507392K)] 512140K->300285K(1905664K), 0.0965860 secs] [Times: user=0.57 sys=0.00, real=0.09 secs] 
5941.032: [GC (Allocation Failure) [PSYoungGen: 419952K->147488K(505856K)] 616189K->443141K(1904128K), 0.0500880 secs] [Times: user=0.29 sys=0.00, real=0.05 secs] 
5942.975: [GC (Allocation Failure) [PSYoungGen: 464416K->106560K(423936K)] 760069K->540381K(1822208K), 0.1548065 secs] [Times: user=0.92 sys=0.00, real=0.15 secs] 
5944.532: [GC (Allocation Failure) [PSYoungGen: 423488K->145696K(505344K)] 857309K->682418K(1903616K), 0.0513333 secs] [Times: user=0.30 sys=0.01, real=0.05 secs] 
5946.676: [GC (Allocation Failure) [PSYoungGen: 463136K->105440K(506880K)] 999858K->778706K(1905152K), 0.1416034 secs] [Times: user=0.84 sys=0.01, real=0.14 secs] 
5948.757: [GC (Allocation Failure) [PSYoungGen: 422880K->145216K(506880K)] 1096146K->920182K(1905152K), 0.0513903 secs] [Times: user=0.30 sys=0.00, real=0.05 secs] 
5951.260: [GC (Allocation Failure) [PSYoungGen: 465216K->105504K(508416K)] 1240182K->1016942K(1906688K), 0.1089881 secs] [Times: user=0.65 sys=0.00, real=0.11 secs] 
5953.396: [GC (Allocation Failure) [PSYoungGen: 422353K->145536K(507904K)] 1333792K->1158787K(1906176K), 0.0519237 secs] [Times: user=0.31 sys=0.00, real=0.05 secs] 
5955.891: [GC (Allocation Failure) [PSYoungGen: 467584K->107472K(509440K)] 1480835K->1257300K(1907712K), 0.1577309 secs] [Times: user=0.94 sys=0.00, real=0.15 secs] 
5957.724: [GC (Allocation Failure) [PSYoungGen: 419698K->144208K(509440K)] 1569526K->1397305K(1907712K), 0.0520594 secs] [Times: user=0.31 sys=0.00, real=0.05 secs] 
5957.776: [Full GC (Ergonomics) [PSYoungGen: 144208K->0K(509440K)] [ParOldGen: 1253096K->196569K(1398272K)] 1397305K->196569K(1907712K), [Metaspace: 59679K->59679K(1105920K)], 0.4772806 secs] [Times: user=2.23 sys=0.00, real=0.48 secs] 
5959.795: [GC (Allocation Failure) [PSYoungGen: 324608K->106816K(510464K)] 521177K->303385K(1908736K), 0.0505867 secs] [Times: user=0.30 sys=0.00, real=0.05 secs] 
5961.132: [GC (Allocation Failure) [PSYoungGen: 419021K->144128K(509952K)] 615590K->443550K(1908224K), 0.0973102 secs] [Times: user=0.58 sys=0.00, real=0.09 secs] 
5963.444: [GC (Allocation Failure) [PSYoungGen: 470784K->109056K(511488K)] 770206K->544174K(1909760K), 0.1390604 secs] [Times: user=0.83 sys=0.00, real=0.14 secs] 
5964.857: [GC (Allocation Failure) [PSYoungGen: 435712K->152352K(507904K)] 870830K->692471K(1906176K), 0.0526656 secs] [Times: user=0.31 sys=0.00, real=0.05 secs] 
5967.915: [GC (Allocation Failure) [PSYoungGen: 478496K->97824K(512512K)] 1018615K->789203K(1910784K), 0.1673595 secs] [Times: user=0.99 sys=0.00, real=0.17 secs] 
5968.871: [GC (Allocation Failure) [PSYoungGen: 423968K->157600K(500736K)] 1115347K->940940K(1899008K), 0.0577256 secs] [Times: user=0.34 sys=0.00, real=0.06 secs] 
5971.805: [GC (Allocation Failure) [PSYoungGen: 472480K->91440K(506880K)] 1255820K->1031912K(1905152K), 0.1460089 secs] [Times: user=0.74 sys=0.00, real=0.15 secs] 
5972.383: [GC (Allocation Failure) [PSYoungGen: 406320K->152368K(500224K)] 1346792K->1178149K(1898496K), 0.0548215 secs] [Times: user=0.32 sys=0.00, real=0.05 secs] 
5974.974: [GC (Allocation Failure) [PSYoungGen: 461104K->91264K(503808K)] 1486885K->1268793K(1902080K), 0.1424368 secs] [Times: user=0.84 sys=0.00, real=0.14 secs] 
5975.545: [GC (Allocation Failure) [PSYoungGen: 400000K->148704K(500224K)] 1577529K->1411630K(1898496K), 0.0544596 secs] [Times: user=0.32 sys=0.01, real=0.05 secs] 
5975.599: [Full GC (Ergonomics) [PSYoungGen: 148704K->0K(500224K)] [ParOldGen: 1262926K->210900K(1398272K)] 1411630K->210900K(1898496K), [Metaspace: 59679K->59679K(1105920K)], 0.4930137 secs] [Times: user=2.31 sys=0.00, real=0.50 secs] 
5979.762: [GC (GCLocker Initiated GC) [PSYoungGen: 305664K->89601K(502272K)] 516564K->300501K(1900544K), 0.1181464 secs] [Times: user=0.69 sys=0.01, real=0.11 secs] 
5981.054: [GC (Allocation Failure) [PSYoungGen: 395265K->132736K(494592K)] 622569K->445881K(1892864K), 0.3842794 secs] [Times: user=2.30 sys=0.00, real=0.38 secs] 
5983.783: [GC (Allocation Failure) [PSYoungGen: 438912K->94032K(498688K)] 752057K->539834K(1896960K), 0.3495461 secs] [Times: user=2.09 sys=0.01, real=0.35 secs] 
5985.001: [GC (Allocation Failure) [PSYoungGen: 393015K->139584K(504320K)] 838816K->675482K(1902592K), 0.0498624 secs] [Times: user=0.30 sys=0.00, real=0.05 secs] 
5989.268: [GC (Allocation Failure) [PSYoungGen: 455488K->100848K(506368K)] 991386K->767051K(1904640K), 0.0733857 secs] [Times: user=0.44 sys=0.01, real=0.08 secs] 
5991.379: [GC (Allocation Failure) [PSYoungGen: 416752K->147520K(503808K)] 1082955K->910183K(1902080K), 0.0775182 secs] [Times: user=0.46 sys=0.00, real=0.08 secs] 
5993.070: [GC (Allocation Failure) [PSYoungGen: 463936K->106112K(507392K)] 1226599K->1007951K(1905664K), 0.0694828 secs] [Times: user=0.41 sys=0.00, real=0.07 secs] 
5995.442: [GC (Allocation Failure) [PSYoungGen: 422528K->142784K(505856K)] 1324367K->1147348K(1904128K), 0.0567221 secs] [Times: user=0.33 sys=0.00, real=0.05 secs] 
5997.247: [GC (Allocation Failure) [PSYoungGen: 461760K->106656K(507392K)] 1466324K->1245436K(1905664K), 0.0660984 secs] [Times: user=0.39 sys=0.00, real=0.07 secs] 
5999.496: [GC (Allocation Failure) [PSYoungGen: 425632K->148224K(504832K)] 1564412K->1389836K(1903104K), 0.0534851 secs] [Times: user=0.32 sys=0.00, real=0.05 secs] 
5999.549: [Full GC (Ergonomics) [PSYoungGen: 148224K->0K(504832K)] [ParOldGen: 1241612K->195844K(1398272K)] 1389836K->195844K(1903104K), [Metaspace: 59679K->59679K(1105920K)], 0.4753850 secs] [Times: user=2.22 sys=0.00, real=0.48 secs] 
6001.526: [GC (Allocation Failure) [PSYoungGen: 320000K->108064K(508416K)] 515844K->303908K(1906688K), 0.0611676 secs] [Times: user=0.36 sys=0.00, real=0.06 secs] 
6002.956: [GC (Allocation Failure) [PSYoungGen: 424505K->145088K(508416K)] 620350K->444986K(1906688K), 0.0507333 secs] [Times: user=0.30 sys=0.00, real=0.05 secs] 
6006.074: [GC (Allocation Failure) [PSYoungGen: 468672K->105247K(510464K)] 768570K->540726K(1908736K), 0.0677519 secs] [Times: user=0.39 sys=0.01, real=0.07 secs] 
6008.097: [GC (Allocation Failure) [PSYoungGen: 417515K->146048K(508416K)] 852994K->683102K(1906688K), 0.0505022 secs] [Times: user=0.29 sys=0.00, real=0.05 secs] 
6011.124: [GC (Allocation Failure) [PSYoungGen: 470656K->107872K(510976K)] 1007710K->782582K(1909248K), 0.1717322 secs] [Times: user=1.02 sys=0.01, real=0.17 secs] 
6012.561: [GC (Allocation Failure) [PSYoungGen: 432480K->152416K(506368K)] 1107190K->931323K(1904640K), 0.0532129 secs] [Times: user=0.31 sys=0.01, real=0.05 secs] 
6015.515: [GC (Allocation Failure) [PSYoungGen: 475488K->97424K(510976K)] 1254395K->1028376K(1909248K), 0.1545369 secs] [Times: user=0.91 sys=0.00, real=0.15 secs] 
6016.358: [GC (Allocation Failure) [PSYoungGen: 420496K->153184K(502784K)] 1351448K->1175616K(1901056K), 0.0563760 secs] [Times: user=0.34 sys=0.00, real=0.06 secs] 
6018.778: [GC (Allocation Failure) [PSYoungGen: 469088K->96992K(507392K)] 1491520K->1271632K(1905664K), 0.1537104 secs] [Times: user=0.91 sys=0.00, real=0.16 secs] 
6019.596: [GC (Allocation Failure) [PSYoungGen: 412896K->151488K(501760K)] 1587536K->1417219K(1900032K), 0.0894778 secs] [Times: user=0.53 sys=0.00, real=0.09 secs] 
6019.685: [Full GC (Ergonomics) [PSYoungGen: 151488K->0K(501760K)] [ParOldGen: 1265731K->214721K(1398272K)] 1417219K->214721K(1900032K), [Metaspace: 59679K->59679K(1105920K)], 0.5183402 secs] [Times: user=2.45 sys=0.00, real=0.52 secs] 
6023.010: [GC (Allocation Failure) [PSYoungGen: 311808K->92769K(505344K)] 526529K->307491K(1903616K), 0.1353719 secs] [Times: user=0.75 sys=0.00, real=0.14 secs] 
6023.565: [GC (Allocation Failure) [PSYoungGen: 404577K->152032K(498176K)] 619299K->453239K(1896448K), 0.0536947 secs] [Times: user=0.31 sys=0.00, real=0.05 secs] 
6027.512: [GC (Allocation Failure) [PSYoungGen: 457696K->86544K(502272K)] 758903K->539620K(1900544K), 0.0795193 secs] [Times: user=0.47 sys=0.01, real=0.08 secs] 
6029.761: [GC (Allocation Failure) [PSYoungGen: 382539K->139264K(499712K)] 835614K->674532K(1897984K), 0.0611850 secs] [Times: user=0.36 sys=0.00, real=0.06 secs] 
6032.246: [GC (Allocation Failure) [PSYoungGen: 445440K->98560K(501248K)] 980708K->764268K(1899520K), 0.1086870 secs] [Times: user=0.65 sys=0.00, real=0.11 secs] 
6033.537: [GC (Allocation Failure) [PSYoungGen: 404736K->144016K(501760K)] 1070444K->905013K(1900032K), 0.0695709 secs] [Times: user=0.41 sys=0.00, real=0.07 secs] 
6035.810: [GC (Allocation Failure) [PSYoungGen: 453264K->99664K(502784K)] 1214261K->995833K(1901056K), 0.0639357 secs] [Times: user=0.38 sys=0.00, real=0.07 secs] 
6038.466: [GC (Allocation Failure) [PSYoungGen: 408912K->143072K(502784K)] 1305081K->1135438K(1901056K), 0.0502344 secs] [Times: user=0.29 sys=0.00, real=0.05 secs] 
6040.146: [GC (Allocation Failure) [PSYoungGen: 454880K->103904K(503808K)] 1447246K->1230462K(1902080K), 0.0655145 secs] [Times: user=0.39 sys=0.01, real=0.07 secs] 
6042.663: [GC (Allocation Failure) [PSYoungGen: 415712K->143184K(502784K)] 1542270K->1370727K(1901056K), 0.0518970 secs] [Times: user=0.31 sys=0.00, real=0.05 secs] 
6042.715: [Full GC (Ergonomics) [PSYoungGen: 143184K->0K(502784K)] [ParOldGen: 1227542K->177208K(1398272K)] 1370727K->177208K(1901056K), [Metaspace: 59679K->59679K(1105920K)], 0.4310362 secs] [Times: user=2.00 sys=0.00, real=0.43 secs] 
6044.405: [GC (Allocation Failure) [PSYoungGen: 314368K->107456K(504320K)] 491576K->284664K(1902592K), 0.0339999 secs] [Times: user=0.20 sys=0.00, real=0.03 secs] 
6046.405: [GC (Allocation Failure) [PSYoungGen: 421824K->141504K(505344K)] 599032K->423685K(1903616K), 0.0529063 secs] [Times: user=0.32 sys=0.00, real=0.05 secs] 
6047.815: [GC (Allocation Failure) [PSYoungGen: 460992K->110528K(506368K)] 743173K->524629K(1904640K), 0.0640035 secs] [Times: user=0.38 sys=0.00, real=0.06 secs] 
6050.151: [GC (Allocation Failure) [PSYoungGen: 430016K->145120K(506368K)] 844117K->667406K(1904640K), 0.0540004 secs] [Times: user=0.32 sys=0.00, real=0.05 secs] 
6051.604: [GC (Allocation Failure) [PSYoungGen: 468704K->108368K(508928K)] 990990K->766798K(1907200K), 0.0648542 secs] [Times: user=0.38 sys=0.00, real=0.06 secs] 
6054.503: [GC (Allocation Failure) [PSYoungGen: 431952K->150208K(508416K)] 1090382K->913234K(1906688K), 0.0531971 secs] [Times: user=0.32 sys=0.00, real=0.05 secs] 
6057.419: [GC (Allocation Failure) [PSYoungGen: 476864K->107584K(512512K)] 1239890K->1012154K(1910784K), 0.0664765 secs] [Times: user=0.39 sys=0.00, real=0.07 secs] 
6059.595: [GC (Allocation Failure) [PSYoungGen: 432207K->150816K(507392K)] 1336778K->1159071K(1905664K), 0.0525537 secs] [Times: user=0.31 sys=0.00, real=0.05 secs] 
6062.425: [GC (Allocation Failure) [PSYoungGen: 474912K->107008K(511488K)] 1483167K->1257375K(1909760K), 0.1141027 secs] [Times: user=0.68 sys=0.00, real=0.11 secs] 
6063.499: [GC (Allocation Failure) [PSYoungGen: 416718K->143600K(511488K)] 1567086K->1397421K(1909760K), 0.0538772 secs] [Times: user=0.31 sys=0.01, real=0.06 secs] 
6063.553: [Full GC (Ergonomics) [PSYoungGen: 143600K->0K(511488K)] [ParOldGen: 1253820K->196496K(1398272K)] 1397421K->196496K(1909760K), [Metaspace: 59679K->59679K(1105920K)], 0.4769073 secs] [Times: user=2.23 sys=0.00, real=0.47 secs] 
6065.607: [GC (Allocation Failure) [PSYoungGen: 327168K->111072K(438272K)] 523664K->307568K(1836544K), 0.0768800 secs] [Times: user=0.45 sys=0.00, real=0.08 secs] 
6066.882: [GC (Allocation Failure) [PSYoungGen: 438240K->153728K(506368K)] 634736K->457937K(1904640K), 0.0523708 secs] [Times: user=0.31 sys=0.00, real=0.05 secs] 
6071.201: [GC (Allocation Failure) [PSYoungGen: 477824K->98768K(511488K)] 782033K->556430K(1909760K), 0.1634913 secs] [Times: user=0.98 sys=0.00, real=0.16 secs] 
6071.925: [GC (Allocation Failure) [PSYoungGen: 422864K->158128K(500224K)] 880526K->704466K(1898496K), 0.0551390 secs] [Times: user=0.32 sys=0.00, real=0.05 secs] 
6075.560: [GC (Allocation Failure) [PSYoungGen: 471984K->91072K(506368K)] 1018322K->795274K(1904640K), 0.1648432 secs] [Times: user=0.98 sys=0.00, real=0.17 secs] 
6076.225: [GC (Allocation Failure) [PSYoungGen: 404928K->152848K(499200K)] 1109130K->942404K(1897472K), 0.0546310 secs] [Times: user=0.32 sys=0.00, real=0.05 secs] 
6078.740: [GC (Allocation Failure) [PSYoungGen: 459536K->91680K(502784K)] 1249092K->1033879K(1901056K), 0.1625060 secs] [Times: user=0.96 sys=0.00, real=0.17 secs] 
6079.920: [GC (Allocation Failure) [PSYoungGen: 398368K->146432K(501248K)] 1340567K->1174032K(1899520K), 0.1218106 secs] [Times: user=0.72 sys=0.01, real=0.13 secs] 
6082.605: [GC (Allocation Failure) [PSYoungGen: 452096K->89792K(502272K)] 1479696K->1263456K(1900544K), 0.1649725 secs] [Times: user=0.99 sys=0.00, real=0.16 secs] 
6083.511: [GC (Allocation Failure) [PSYoungGen: 385349K->138848K(500224K)] 1559013K->1398248K(1898496K), 0.0490157 secs] [Times: user=0.29 sys=0.00, real=0.04 secs] 
6083.560: [Full GC (Ergonomics) [PSYoungGen: 138848K->0K(500224K)] [ParOldGen: 1259400K->195995K(1398272K)] 1398248K->195995K(1898496K), [Metaspace: 59679K->59679K(1105920K)], 0.4790855 secs] [Times: user=2.25 sys=0.00, real=0.48 secs] 
6086.097: [GC (Allocation Failure) [PSYoungGen: 306688K->101840K(501248K)] 502683K->297835K(1899520K), 0.0531312 secs] [Times: user=0.31 sys=0.00, real=0.05 secs] 
6089.016: [GC (Allocation Failure) [PSYoungGen: 408528K->157296K(495104K)] 604523K->451628K(1893376K), 0.1275582 secs] [Times: user=0.76 sys=0.01, real=0.13 secs] 
6090.576: [GC (Allocation Failure) [PSYoungGen: 460912K->99856K(501248K)] 755244K->526484K(1899520K), 0.0630202 secs] [Times: user=0.37 sys=0.00, real=0.06 secs] 
6093.458: [GC (Allocation Failure) [PSYoungGen: 403472K->142112K(498176K)] 830100K->664652K(1896448K), 0.0501377 secs] [Times: user=0.29 sys=0.00, real=0.05 secs] 
6094.792: [GC (Allocation Failure) [PSYoungGen: 448800K->102368K(501248K)] 971340K->757933K(1899520K), 0.0652561 secs] [Times: user=0.39 sys=0.00, real=0.06 secs] 
6097.257: [GC (Allocation Failure) [PSYoungGen: 409056K->139456K(503296K)] 1064621K->895093K(1901568K), 0.0518342 secs] [Times: user=0.30 sys=0.00, real=0.05 secs] 
6099.269: [GC (Allocation Failure) [PSYoungGen: 452288K->107936K(503808K)] 1207925K->994173K(1902080K), 0.0655479 secs] [Times: user=0.39 sys=0.00, real=0.07 secs] 
6102.476: [GC (Allocation Failure) [PSYoungGen: 420768K->139040K(504320K)] 1307005K->1130850K(1902592K), 0.0539650 secs] [Times: user=0.32 sys=0.00, real=0.05 secs] 
6103.838: [GC (Allocation Failure) [PSYoungGen: 456480K->108400K(504320K)] 1448290K->1230015K(1902592K), 0.0727844 secs] [Times: user=0.42 sys=0.01, real=0.07 secs] 
6106.535: [GC (Allocation Failure) [PSYoungGen: 425840K->144896K(506368K)] 1547455K->1372219K(1904640K), 0.0545575 secs] [Times: user=0.33 sys=0.00, real=0.05 secs] 
6106.590: [Full GC (Ergonomics) [PSYoungGen: 144896K->0K(506368K)] [ParOldGen: 1227323K->170388K(1398272K)] 1372219K->170388K(1904640K), [Metaspace: 59679K->59679K(1105920K)], 0.4111844 secs] [Times: user=1.90 sys=0.00, real=0.42 secs] 
6108.281: [GC (Allocation Failure) [PSYoungGen: 323072K->109632K(508416K)] 493460K->280020K(1906688K), 0.0393176 secs] [Times: user=0.22 sys=0.01, real=0.03 secs] 
6110.380: [GC (Allocation Failure) [PSYoungGen: 432704K->148480K(508416K)] 603092K->425369K(1906688K), 0.0541431 secs] [Times: user=0.32 sys=0.00, real=0.06 secs] 
6111.798: [GC (Allocation Failure) [PSYoungGen: 475136K->112176K(512000K)] 752025K->528177K(1910272K), 0.0657684 secs] [Times: user=0.39 sys=0.00, real=0.07 secs] 
6114.183: [GC (Allocation Failure) [PSYoungGen: 438832K->150176K(509952K)] 854833K->674760K(1908224K), 0.0546522 secs] [Times: user=0.32 sys=0.01, real=0.05 secs] 
6116.083: [GC (GCLocker Initiated GC) [PSYoungGen: 478368K->111296K(513536K)] 1002953K->776685K(1911808K), 0.0797458 secs] [Times: user=0.47 sys=0.00, real=0.08 secs] 
6118.666: [GC (Allocation Failure) [PSYoungGen: 439488K->141696K(513536K)] 1121279K->931158K(1911808K), 0.2464568 secs] [Times: user=1.47 sys=0.00, real=0.25 secs] 
6121.120: [GC (Allocation Failure) [PSYoungGen: 472960K->103440K(514048K)] 1262422K->1034291K(1912320K), 0.4058715 secs] [Times: user=2.42 sys=0.00, real=0.41 secs] 
6122.105: [GC (Allocation Failure) [PSYoungGen: 434704K->175680K(491008K)] 1365555K->1203390K(1889280K), 0.0594878 secs] [Times: user=0.35 sys=0.00, real=0.06 secs] 
6126.392: [GC (Allocation Failure) [PSYoungGen: 485440K->91104K(504320K)] 1513150K->1277266K(1902592K), 0.1616870 secs] [Times: user=0.95 sys=0.01, real=0.16 secs] 
6127.345: [GC (Allocation Failure) [PSYoungGen: 400864K->146816K(502272K)] 1587026K->1417959K(1900544K), 0.1394709 secs] [Times: user=0.83 sys=0.00, real=0.14 secs] 
6127.485: [Full GC (Ergonomics) [PSYoungGen: 146816K->0K(502272K)] [ParOldGen: 1271143K->214734K(1398272K)] 1417959K->214734K(1900544K), [Metaspace: 59679K->59679K(1105920K)], 0.5610848 secs] [Times: user=2.70 sys=0.00, real=0.56 secs] 
6129.844: [GC (Allocation Failure) [PSYoungGen: 307712K->92240K(503296K)] 522446K->306974K(1901568K), 0.1431252 secs] [Times: user=0.85 sys=0.00, real=0.14 secs] 
6131.543: [GC (Allocation Failure) [PSYoungGen: 399952K->146464K(501760K)] 614686K->447077K(1900032K), 0.1303013 secs] [Times: user=0.78 sys=0.00, real=0.13 secs] 
6134.554: [GC (GCLocker Initiated GC) [PSYoungGen: 453152K->90512K(502784K)] 753765K->536878K(1901056K), 0.1524027 secs] [Times: user=0.91 sys=0.00, real=0.15 secs] 
6135.445: [GC (Allocation Failure) [PSYoungGen: 397200K->134464K(496640K)] 859952K->684155K(1894912K), 0.2465143 secs] [Times: user=1.48 sys=0.00, real=0.25 secs] 
6138.460: [GC (Allocation Failure) [PSYoungGen: 442176K->91776K(499712K)] 991867K->775435K(1897984K), 0.4228434 secs] [Times: user=2.54 sys=0.00, real=0.43 secs] 
6139.475: [GC (Allocation Failure) [PSYoungGen: 392054K->140176K(505856K)] 1075713K->911983K(1904128K), 0.0490701 secs] [Times: user=0.29 sys=0.00, real=0.05 secs] 
6140.809: [GC (GCLocker Initiated GC) [PSYoungGen: 456080K->106256K(422400K)] 1227887K->1009063K(1820672K), 0.0634154 secs] [Times: user=0.37 sys=0.01, real=0.07 secs] 
6142.326: [GC (Allocation Failure) [PSYoungGen: 422160K->139888K(505344K)] 1341354K->1161705K(1903616K), 0.2902020 secs] [Times: user=1.74 sys=0.00, real=0.29 secs] 
6145.787: [GC (Allocation Failure) [PSYoungGen: 457840K->94608K(505344K)] 1479657K->1256417K(1903616K), 0.4135002 secs] [Times: user=2.48 sys=0.01, real=0.41 secs] 
6147.179: [GC (GCLocker Initiated GC) [PSYoungGen: 412560K->149632K(503808K)] 1574370K->1400138K(1902080K), 0.0547385 secs] [Times: user=0.32 sys=0.01, real=0.06 secs] 
6147.233: [Full GC (Ergonomics) [PSYoungGen: 149632K->0K(503808K)] [ParOldGen: 1250506K->207067K(1398272K)] 1400138K->207067K(1902080K), [Metaspace: 59679K->59679K(1105920K)], 0.4946877 secs] [Times: user=2.31 sys=0.00, real=0.49 secs] 
6149.815: [GC (Allocation Failure) [PSYoungGen: 317952K->96848K(508416K)] 525022K->303918K(1906688K), 0.1192796 secs] [Times: user=0.70 sys=0.00, real=0.12 secs] 
6150.814: [GC (Allocation Failure) [PSYoungGen: 414800K->152416K(500736K)] 621870K->450114K(1899008K), 0.0549433 secs] [Times: user=0.32 sys=0.00, real=0.05 secs] 
6153.800: [GC (Allocation Failure) [PSYoungGen: 465248K->92416K(505856K)] 762946K->541691K(1904128K), 0.1421174 secs] [Times: user=0.85 sys=0.00, real=0.15 secs] 
6154.877: [GC (Allocation Failure) [PSYoungGen: 405248K->148464K(501248K)] 854523K->684064K(1899520K), 0.0538820 secs] [Times: user=0.32 sys=0.00, real=0.06 secs] 
6157.455: [GC (Allocation Failure) [PSYoungGen: 458224K->94240K(504320K)] 993824K->777684K(1902592K), 0.1657965 secs] [Times: user=0.97 sys=0.01, real=0.17 secs] 
6158.741: [GC (Allocation Failure) [PSYoungGen: 404000K->192496K(425472K)] 1087444K->970201K(1823744K), 0.0561618 secs] [Times: user=0.34 sys=0.00, real=0.05 secs] 
6160.058: [GC (Allocation Failure) [PSYoungGen: 425456K->60304K(465920K)] 1203161K->980769K(1864192K), 0.0589920 secs] [Times: user=0.35 sys=0.01, real=0.06 secs] 
6162.507: [GC (Allocation Failure) [PSYoungGen: 293264K->100608K(465920K)] 1213729K->1079409K(1864192K), 0.0685485 secs] [Times: user=0.41 sys=0.00, real=0.07 secs] 
6162.920: [GC (Allocation Failure) [PSYoungGen: 333568K->118464K(351744K)] 1312369K->1188373K(1750016K), 0.0617443 secs] [Times: user=0.37 sys=0.00, real=0.07 secs] 
6164.658: [GC (Allocation Failure) [PSYoungGen: 351424K->57712K(463872K)] 1421333K->1246078K(1862144K), 0.0925821 secs] [Times: user=0.54 sys=0.00, real=0.09 secs] 
6165.882: [GC (Allocation Failure) [PSYoungGen: 289648K->106736K(338944K)] 1478014K->1349363K(1737216K), 0.0445621 secs] [Times: user=0.26 sys=0.00, real=0.04 secs] 
6165.927: [Full GC (Ergonomics) [PSYoungGen: 106736K->0K(338944K)] [ParOldGen: 1242626K->155576K(1398272K)] 1349363K->155576K(1737216K), [Metaspace: 59679K->59679K(1105920K)], 0.3749421 secs] [Times: user=1.74 sys=0.00, real=0.38 secs] 
6167.804: [GC (Allocation Failure) [PSYoungGen: 231936K->105728K(466432K)] 387512K->261304K(1864704K), 0.0388939 secs] [Times: user=0.23 sys=0.00, real=0.04 secs] 
6169.793: [GC (Allocation Failure) [PSYoungGen: 348416K->71296K(457728K)] 503992K->332296K(1856000K), 0.0784489 secs] [Times: user=0.46 sys=0.00, real=0.08 secs] 
6170.046: [GC (Allocation Failure) [PSYoungGen: 312338K->116928K(475648K)] 573338K->443289K(1873920K), 0.0431838 secs] [Times: user=0.25 sys=0.00, real=0.04 secs] 
6171.447: [GC (Allocation Failure) [PSYoungGen: 385216K->86432K(473088K)] 711577K->521337K(1871360K), 0.0549097 secs] [Times: user=0.32 sys=0.00, real=0.06 secs] 
6173.804: [GC (Allocation Failure) [PSYoungGen: 354720K->121168K(489472K)] 789625K->639762K(1887744K), 0.0509717 secs] [Times: user=0.30 sys=0.00, real=0.05 secs] 
6175.700: [GC (Allocation Failure) [PSYoungGen: 412496K->108544K(486400K)] 931090K->738565K(1884672K), 0.0605945 secs] [Times: user=0.36 sys=0.00, real=0.06 secs] 
6178.252: [GC (Allocation Failure) [PSYoungGen: 399872K->113872K(497664K)] 1029893K->852014K(1895936K), 0.0746427 secs] [Times: user=0.44 sys=0.00, real=0.07 secs] 
6180.367: [GC (Allocation Failure) [PSYoungGen: 425680K->134176K(492544K)] 1163822K->975646K(1890816K), 0.0620163 secs] [Times: user=0.36 sys=0.01, real=0.06 secs] 
6182.544: [GC (Allocation Failure) [PSYoungGen: 445984K->118592K(511488K)] 1287454K->1094162K(1909760K), 0.0707511 secs] [Times: user=0.42 sys=0.00, real=0.07 secs] 
6184.572: [GC (Allocation Failure) [PSYoungGen: 454464K->138048K(513024K)] 1430034K->1213275K(1911296K), 0.0619165 secs] [Times: user=0.37 sys=0.00, real=0.06 secs] 
6187.042: [GC (Allocation Failure) [PSYoungGen: 473920K->131904K(519680K)] 1549147K->1344891K(1917952K), 0.0741753 secs] [Times: user=0.44 sys=0.00, real=0.07 secs] 
6189.287: [GC (Allocation Failure) [PSYoungGen: 471872K->5088K(345088K)] 1684859K->1218107K(1743360K), 0.0050304 secs] [Times: user=0.03 sys=0.00, real=0.01 secs] 
6189.292: [Full GC (Ergonomics) [PSYoungGen: 5088K->0K(345088K)] [ParOldGen: 1213019K->18855K(1398272K)] 1218107K->18855K(1743360K), [Metaspace: 59679K->59679K(1105920K)], 0.0287016 secs] [Times: user=0.07 sys=0.00, real=0.02 secs] 
6192.193: [GC (Allocation Failure) [PSYoungGen: 339968K->151376K(491008K)] 358823K->170232K(1889280K), 0.0297359 secs] [Times: user=0.17 sys=0.00, real=0.03 secs] 
6193.306: [GC (Allocation Failure) [PSYoungGen: 449872K->100704K(498688K)] 468728K->261760K(1896960K), 0.0652490 secs] [Times: user=0.39 sys=0.00, real=0.07 secs] 
6195.214: [GC (Allocation Failure) [PSYoungGen: 399200K->133888K(498688K)] 560256K->393681K(1896960K), 0.0594523 secs] [Times: user=0.35 sys=0.00, real=0.06 secs] 
6197.683: [GC (Allocation Failure) [PSYoungGen: 439040K->111376K(416768K)] 698833K->495458K(1815040K), 0.0635751 secs] [Times: user=0.38 sys=0.01, real=0.06 secs] 
6199.558: [GC (Allocation Failure) [PSYoungGen: 416528K->129680K(498176K)] 800610K->623903K(1896448K), 0.0678361 secs] [Times: user=0.40 sys=0.00, real=0.07 secs] 
6201.694: [GC (Allocation Failure) [PSYoungGen: 442000K->117248K(497152K)] 936223K->731026K(1895424K), 0.0637057 secs] [Times: user=0.38 sys=0.00, real=0.06 secs] 
6203.900: [GC (Allocation Failure) [PSYoungGen: 429568K->126080K(509440K)] 1043346K->857106K(1907712K), 0.0761317 secs] [Times: user=0.45 sys=0.00, real=0.08 secs] 
6205.129: [GC (Allocation Failure) [PSYoungGen: 456320K->2512K(507392K)] 1187346K->733667K(1905664K), 0.0025139 secs] [Times: user=0.02 sys=0.00, real=0.01 secs] 
6206.865: [GC (Allocation Failure) [PSYoungGen: 332752K->141344K(498688K)] 1063907K->873591K(1896960K), 0.0355260 secs] [Times: user=0.20 sys=0.00, real=0.04 secs] 
6208.561: [GC (Allocation Failure) [PSYoungGen: 450080K->109696K(418816K)] 1182327K->973547K(1817088K), 0.0653239 secs] [Times: user=0.39 sys=0.00, real=0.07 secs] 
6209.577: [GC (Allocation Failure) [PSYoungGen: 418432K->138112K(498176K)] 1282283K->1110828K(1896448K), 0.0630823 secs] [Times: user=0.38 sys=0.00, real=0.06 secs] 
6211.589: [GC (Allocation Failure) [PSYoungGen: 448896K->109328K(501248K)] 1421612K->1211384K(1899520K), 0.0675994 secs] [Times: user=0.40 sys=0.00, real=0.07 secs] 
6214.029: [GC (Allocation Failure) [PSYoungGen: 420112K->135136K(501760K)] 1522168K->1345388K(1900032K), 0.0658207 secs] [Times: user=0.38 sys=0.00, real=0.07 secs] 
6214.095: [Full GC (Ergonomics) [PSYoungGen: 135136K->0K(501760K)] [ParOldGen: 1210252K->150527K(1398272K)] 1345388K->150527K(1900032K), [Metaspace: 59683K->59683K(1105920K)], 0.3553626 secs] [Times: user=1.64 sys=0.01, real=0.35 secs] 
6215.536: [GC (Allocation Failure) [PSYoungGen: 318976K->115312K(503808K)] 469503K->265839K(1902080K), 0.0409776 secs] [Times: user=0.24 sys=0.00, real=0.04 secs] 
6218.164: [GC (Allocation Failure) [PSYoungGen: 434288K->139328K(506368K)] 584815K->403628K(1904640K), 0.0643604 secs] [Times: user=0.38 sys=0.00, real=0.06 secs] 
6219.627: [GC (Allocation Failure) [PSYoungGen: 467520K->114896K(509440K)] 731820K->508948K(1907712K), 0.0651496 secs] [Times: user=0.39 sys=0.00, real=0.07 secs] 
6220.813: [GC (Allocation Failure) [PSYoungGen: 443088K->149856K(507904K)] 837140K->657496K(1906176K), 0.0555160 secs] [Times: user=0.33 sys=0.01, real=0.05 secs] 
6222.603: [GC (Allocation Failure) [PSYoungGen: 482656K->113216K(514560K)] 990296K->761928K(1912832K), 0.0838736 secs] [Times: user=0.50 sys=0.00, real=0.08 secs] 
6224.526: [GC (Allocation Failure) [PSYoungGen: 446016K->154288K(507904K)] 1094728K->913734K(1906176K), 0.0559967 secs] [Times: user=0.34 sys=0.00, real=0.06 secs] 
6226.307: [GC (Allocation Failure) [PSYoungGen: 485552K->111280K(515072K)] 1244998K->1016190K(1913344K), 0.0792244 secs] [Times: user=0.47 sys=0.00, real=0.08 secs] 
6228.551: [GC (Allocation Failure) [PSYoungGen: 429056K->147728K(510976K)] 1333966K->1160043K(1909248K), 0.0535060 secs] [Times: user=0.31 sys=0.00, real=0.05 secs] 
6229.826: [GC (Allocation Failure) [PSYoungGen: 478992K->111792K(515072K)] 1491307K->1262927K(1913344K), 0.0705889 secs] [Times: user=0.41 sys=0.00, real=0.07 secs] 
6231.123: [GC (Allocation Failure) [PSYoungGen: 443056K->154016K(506880K)] 1594191K->1413319K(1905152K), 0.0540782 secs] [Times: user=0.32 sys=0.00, real=0.05 secs] 
6231.177: [Full GC (Ergonomics) [PSYoungGen: 154016K->0K(506880K)] [ParOldGen: 1259303K->210669K(1398272K)] 1413319K->210669K(1905152K), [Metaspace: 59684K->59684K(1105920K)], 0.5009992 secs] [Times: user=2.33 sys=0.00, real=0.50 secs] 
6234.836: [GC (Allocation Failure) [PSYoungGen: 327168K->97664K(513024K)] 537837K->308333K(1911296K), 0.1584738 secs] [Times: user=0.94 sys=0.01, real=0.16 secs] 
6235.622: [GC (Allocation Failure) [PSYoungGen: 424832K->157824K(500224K)] 635501K->459922K(1898496K), 0.0555881 secs] [Times: user=0.33 sys=0.00, real=0.05 secs] 
6239.953: [GC (Allocation Failure) [PSYoungGen: 473728K->91072K(507392K)] 775826K->550714K(1905664K), 0.1689721 secs] [Times: user=1.00 sys=0.01, real=0.17 secs] 
6240.939: [GC (Allocation Failure) [PSYoungGen: 406976K->153872K(498688K)] 866618K->698280K(1896960K), 0.0539036 secs] [Times: user=0.32 sys=0.00, real=0.06 secs] 
6244.741: [GC (Allocation Failure) [PSYoungGen: 461584K->88384K(503296K)] 1005992K->786215K(1901568K), 0.1370030 secs] [Times: user=0.82 sys=0.00, real=0.13 secs] 
6245.266: [GC (Allocation Failure) [PSYoungGen: 396096K->150016K(497664K)] 1093927K->930016K(1895936K), 0.0532061 secs] [Times: user=0.31 sys=0.00, real=0.05 secs] 
6248.008: [GC (Allocation Failure) [PSYoungGen: 452608K->87744K(500736K)] 1232608K->1017408K(1899008K), 0.1664739 secs] [Times: user=0.99 sys=0.00, real=0.17 secs] 
6248.954: [GC (Allocation Failure) [PSYoungGen: 378840K->138608K(497664K)] 1308505K->1150314K(1895936K), 0.0481935 secs] [Times: user=0.29 sys=0.00, real=0.05 secs] 
6250.403: [GC (Allocation Failure) [PSYoungGen: 442224K->101664K(499712K)] 1453930K->1242949K(1897984K), 0.0942114 secs] [Times: user=0.56 sys=0.00, real=0.09 secs] 
6253.010: [GC (Allocation Failure) [PSYoungGen: 405280K->139456K(501760K)] 1546565K->1378558K(1900032K), 0.1301597 secs] [Times: user=0.77 sys=0.00, real=0.13 secs] 
6253.141: [Full GC (Ergonomics) [PSYoungGen: 139456K->0K(501760K)] [ParOldGen: 1239102K->185887K(1398272K)] 1378558K->185887K(1900032K), [Metaspace: 59684K->59684K(1105920K)], 0.5076997 secs] [Times: user=2.44 sys=0.00, real=0.51 secs] 
6255.152: [GC (Allocation Failure) [PSYoungGen: 309248K->100304K(501248K)] 495135K->286192K(1899520K), 0.0477373 secs] [Times: user=0.28 sys=0.00, real=0.04 secs] 
6257.473: [GC (Allocation Failure) [PSYoungGen: 409552K->143584K(501760K)] 595440K->427145K(1900032K), 0.0502614 secs] [Times: user=0.29 sys=0.00, real=0.05 secs] 
6259.676: [GC (Allocation Failure) [PSYoungGen: 456416K->104496K(503296K)] 739977K->523146K(1901568K), 0.0852505 secs] [Times: user=0.51 sys=0.00, real=0.09 secs] 
6261.830: [GC (Allocation Failure) [PSYoungGen: 417328K->144800K(503808K)] 835978K->665074K(1902080K), 0.0517053 secs] [Times: user=0.31 sys=0.00, real=0.06 secs] 
6264.210: [GC (Allocation Failure) [PSYoungGen: 461728K->105488K(506368K)] 982002K->761938K(1904640K), 0.0748297 secs] [Times: user=0.44 sys=0.00, real=0.08 secs] 
6265.997: [GC (Allocation Failure) [PSYoungGen: 422416K->145024K(506368K)] 1078866K->905031K(1904640K), 0.1426214 secs] [Times: user=0.85 sys=0.00, real=0.14 secs] 
6268.431: [GC (Allocation Failure) [PSYoungGen: 465536K->106400K(508416K)] 1225543K->1002923K(1906688K), 0.0648518 secs] [Times: user=0.39 sys=0.00, real=0.06 secs] 
6270.219: [GC (GCLocker Initiated GC) [PSYoungGen: 426912K->145952K(507392K)] 1323435K->1145956K(1905664K), 0.0866211 secs] [Times: user=0.51 sys=0.01, real=0.09 secs] 
6273.336: [GC (Allocation Failure) [PSYoungGen: 468512K->104960K(509952K)] 1468518K->1242018K(1908224K), 0.0654905 secs] [Times: user=0.39 sys=0.00, real=0.07 secs] 
6275.478: [GC (Allocation Failure) [PSYoungGen: 427520K->150640K(506368K)] 1564578K->1389136K(1904640K), 0.0531951 secs] [Times: user=0.32 sys=0.00, real=0.06 secs] 
6275.531: [Full GC (Ergonomics) [PSYoungGen: 150640K->0K(506368K)] [ParOldGen: 1238495K->186805K(1398272K)] 1389136K->186805K(1904640K), [Metaspace: 59684K->59684K(1105920K)], 0.4524411 secs] [Times: user=2.10 sys=0.00, real=0.45 secs] 
6277.488: [GC (Allocation Failure) [PSYoungGen: 322048K->109088K(510464K)] 508853K->295893K(1908736K), 0.0446973 secs] [Times: user=0.26 sys=0.00, real=0.05 secs] 
6279.579: [GC (GCLocker Initiated GC) [PSYoungGen: 431136K->147088K(508416K)] 617941K->439910K(1906688K), 0.1224650 secs] [Times: user=0.72 sys=0.01, real=0.13 secs] 
6280.973: [GC (Allocation Failure) [PSYoungGen: 470672K->110384K(510976K)] 763497K->541597K(1909248K), 0.0661245 secs] [Times: user=0.39 sys=0.00, real=0.06 secs] 
6281.863: [GC (Allocation Failure) [PSYoungGen: 420469K->145184K(509440K)] 851681K->682905K(1907712K), 0.0525264 secs] [Times: user=0.32 sys=0.00, real=0.05 secs] 
6284.425: [GC (Allocation Failure) [PSYoungGen: 470304K->106688K(510976K)] 1008025K->780529K(1909248K), 0.0759555 secs] [Times: user=0.45 sys=0.00, real=0.08 secs] 
6285.186: [GC (Allocation Failure) [PSYoungGen: 431808K->153120K(506368K)] 1105649K->929834K(1904640K), 0.0532978 secs] [Times: user=0.31 sys=0.01, real=0.05 secs] 
6288.451: [GC (Allocation Failure) [PSYoungGen: 476192K->97296K(510976K)] 1252906K->1026310K(1909248K), 0.1691767 secs] [Times: user=1.01 sys=0.00, real=0.16 secs] 
6289.687: [GC (Allocation Failure) [PSYoungGen: 420368K->155568K(500736K)] 1349382K->1176059K(1899008K), 0.0558486 secs] [Times: user=0.34 sys=0.00, real=0.06 secs] 
6292.886: [GC (Allocation Failure) [PSYoungGen: 469424K->92288K(506368K)] 1489915K->1267914K(1904640K), 0.1618622 secs] [Times: user=0.96 sys=0.00, real=0.16 secs] 
6293.872: [GC (Allocation Failure) [PSYoungGen: 406144K->167984K(488448K)] 1581770K->1429423K(1886720K), 0.0553627 secs] [Times: user=0.33 sys=0.00, real=0.05 secs] 
6293.927: [Full GC (Ergonomics) [PSYoungGen: 167984K->0K(488448K)] [ParOldGen: 1261439K->211852K(1398272K)] 1429423K->211852K(1886720K), [Metaspace: 59684K->59684K(1105920K)], 0.5049531 secs] [Times: user=2.37 sys=0.00, real=0.51 secs] 
6296.194: [GC (Allocation Failure) [PSYoungGen: 296448K->88976K(497664K)] 508300K->300829K(1895936K), 0.1706212 secs] [Times: user=1.01 sys=0.00, real=0.17 secs] 
6296.970: [GC (Allocation Failure) [PSYoungGen: 385424K->138896K(493056K)] 597277K->435670K(1891328K), 0.0526549 secs] [Times: user=0.32 sys=0.00, real=0.06 secs] 
6300.175: [GC (GCLocker Initiated GC) [PSYoungGen: 435856K->96880K(495616K)] 732632K->523264K(1893888K), 0.0655749 secs] [Times: user=0.39 sys=0.01, real=0.07 secs] 
6302.008: [GC (Allocation Failure) [PSYoungGen: 393840K->144960K(499200K)] 820243K->664907K(1897472K), 0.0483931 secs] [Times: user=0.29 sys=0.00, real=0.05 secs] 
6304.625: [GC (Allocation Failure) [PSYoungGen: 448064K->100400K(403968K)] 968011K->747792K(1802240K), 0.0615248 secs] [Times: user=0.37 sys=0.01, real=0.06 secs] 
6307.146: [GC (Allocation Failure) [PSYoungGen: 403504K->137536K(501248K)] 1050896K->882492K(1899520K), 0.0513689 secs] [Times: user=0.30 sys=0.00, real=0.05 secs] 
6308.819: [GC (GCLocker Initiated GC) [PSYoungGen: 444736K->105504K(499712K)] 1189692K->978684K(1897984K), 0.0639310 secs] [Times: user=0.38 sys=0.00, real=0.07 secs] 
6310.231: [GC (Allocation Failure) [PSYoungGen: 412704K->136816K(502784K)] 1285887K->1113668K(1901056K), 0.0529651 secs] [Times: user=0.31 sys=0.01, real=0.05 secs] 
6312.566: [GC (Allocation Failure) [PSYoungGen: 450672K->110288K(501248K)] 1427524K->1214076K(1899520K), 0.0648025 secs] [Times: user=0.39 sys=0.00, real=0.07 secs] 
6314.098: [GC (Allocation Failure) [PSYoungGen: 424144K->138848K(505856K)] 1527932K->1351568K(1904128K), 0.0567451 secs] [Times: user=0.34 sys=0.00, real=0.06 secs] 
6316.170: [GC (Allocation Failure) [PSYoungGen: 461408K->111824K(505856K)] 1674128K->1453733K(1904128K), 0.0691292 secs] [Times: user=0.40 sys=0.01, real=0.07 secs] 
6316.239: [Full GC (Ergonomics) [PSYoungGen: 111824K->0K(505856K)] [ParOldGen: 1341908K->22460K(1398272K)] 1453733K->22460K(1904128K), [Metaspace: 59684K->59684K(1105920K)], 0.0368933 secs] [Times: user=0.10 sys=0.00, real=0.04 secs] 
6317.547: [GC (Allocation Failure) [PSYoungGen: 322560K->146032K(508928K)] 345020K->168492K(1907200K), 0.0300022 secs] [Times: user=0.18 sys=0.00, real=0.03 secs] 
6321.307: [GC (Allocation Failure) [PSYoungGen: 475248K->111152K(512000K)] 497708K->270520K(1910272K), 0.0750036 secs] [Times: user=0.44 sys=0.01, real=0.08 secs] 
6322.906: [GC (Allocation Failure) [PSYoungGen: 440368K->151648K(509440K)] 599736K->418453K(1907712K), 0.0541946 secs] [Times: user=0.32 sys=0.00, real=0.05 secs] 
6325.348: [GC (Allocation Failure) [PSYoungGen: 481888K->115312K(514560K)] 748693K->524269K(1912832K), 0.0673930 secs] [Times: user=0.40 sys=0.00, real=0.07 secs] 
6327.677: [GC (Allocation Failure) [PSYoungGen: 445552K->152832K(509440K)] 854509K->671613K(1907712K), 0.1263259 secs] [Times: user=0.75 sys=0.00, real=0.13 secs] 
6329.592: [GC (Allocation Failure) [PSYoungGen: 482048K->110112K(514048K)] 1000829K->773037K(1912320K), 0.0978334 secs] [Times: user=0.58 sys=0.01, real=0.09 secs] 
6332.082: [GC (Allocation Failure) [PSYoungGen: 439328K->182240K(415232K)] 1102253K->954714K(1813504K), 0.0562732 secs] [Times: user=0.33 sys=0.01, real=0.05 secs] 
6333.852: [GC (Allocation Failure) [PSYoungGen: 415200K->59840K(465920K)] 1187674K->981338K(1864192K), 0.0654262 secs] [Times: user=0.39 sys=0.00, real=0.06 secs] 
6335.349: [GC (Allocation Failure) [PSYoungGen: 292800K->102672K(465920K)] 1214298K->1082876K(1864192K), 0.0791566 secs] [Times: user=0.47 sys=0.00, real=0.08 secs] 
6337.334: [GC (Allocation Failure) [PSYoungGen: 335632K->114976K(348160K)] 1315836K->1189035K(1746432K), 0.1406147 secs] [Times: user=0.83 sys=0.00, real=0.14 secs] 
6338.594: [GC (Allocation Failure) [PSYoungGen: 347936K->58448K(459776K)] 1421995K->1247396K(1858048K), 0.0526142 secs] [Times: user=0.31 sys=0.00, real=0.05 secs] 
6340.759: [GC (Allocation Failure) [PSYoungGen: 288848K->115264K(346112K)] 1477796K->1358656K(1744384K), 0.0462385 secs] [Times: user=0.27 sys=0.00, real=0.05 secs] 
6340.805: [Full GC (Ergonomics) [PSYoungGen: 115264K->0K(346112K)] [ParOldGen: 1243392K->155256K(1398272K)] 1358656K->155256K(1744384K), [Metaspace: 59684K->59684K(1105920K)], 0.3703754 secs] [Times: user=1.70 sys=0.00, real=0.37 secs] 
6342.177: [GC (Allocation Failure) [PSYoungGen: 230400K->106880K(467456K)] 385656K->262136K(1865728K), 0.0385700 secs] [Times: user=0.23 sys=0.00, real=0.04 secs] 
6344.672: [GC (Allocation Failure) [PSYoungGen: 352128K->69776K(459776K)] 507384K->331473K(1858048K), 0.1282951 secs] [Times: user=0.76 sys=0.00, real=0.12 secs] 
6345.035: [GC (Allocation Failure) [PSYoungGen: 314168K->118464K(475136K)] 575864K->444059K(1873408K), 0.0435262 secs] [Times: user=0.26 sys=0.00, real=0.04 secs] 
6346.129: [GC (Allocation Failure) [PSYoungGen: 388800K->86000K(475648K)] 714395K->521476K(1873920K), 0.0560558 secs] [Times: user=0.33 sys=0.00, real=0.06 secs] 
6348.056: [GC (Allocation Failure) [PSYoungGen: 356336K->121184K(485888K)] 791812K->640339K(1884160K), 0.0481389 secs] [Times: user=0.28 sys=0.00, real=0.05 secs] 
6349.893: [GC (Allocation Failure) [PSYoungGen: 413536K->108096K(487936K)] 932691K->739003K(1886208K), 0.0602218 secs] [Times: user=0.36 sys=0.00, real=0.06 secs] 
6353.373: [GC (Allocation Failure) [PSYoungGen: 400448K->116320K(496128K)] 1031355K->855163K(1894400K), 0.0747793 secs] [Times: user=0.44 sys=0.00, real=0.07 secs] 
6354.844: [GC (Allocation Failure) [PSYoungGen: 431200K->132224K(497152K)] 1170043K->976875K(1895424K), 0.0626233 secs] [Times: user=0.37 sys=0.00, real=0.06 secs] 
6357.325: [GC (Allocation Failure) [PSYoungGen: 447104K->116896K(504320K)] 1291755K->1093467K(1902592K), 0.0779871 secs] [Times: user=0.46 sys=0.00, real=0.08 secs] 
6358.791: [GC (Allocation Failure) [PSYoungGen: 451232K->131744K(510464K)] 1427803K->1214140K(1908736K), 0.0624914 secs] [Times: user=0.37 sys=0.00, real=0.06 secs] 
6360.895: [GC (Allocation Failure) [PSYoungGen: 466080K->137392K(519680K)] 1548476K->1351565K(1917952K), 0.0691214 secs] [Times: user=0.40 sys=0.00, real=0.07 secs] 
6362.335: [GC (Allocation Failure) [PSYoungGen: 480944K->12416K(356352K)] 1695117K->1226744K(1754624K), 0.0054890 secs] [Times: user=0.03 sys=0.00, real=0.00 secs] 
6363.735: [GC (Allocation Failure) [PSYoungGen: 355968K->155424K(490496K)] 1570296K->1379929K(1888768K), 0.0342990 secs] [Times: user=0.20 sys=0.00, real=0.03 secs] 
6363.770: [Full GC (Ergonomics) [PSYoungGen: 155424K->0K(490496K)] [ParOldGen: 1224505K->179476K(1398272K)] 1379929K->179476K(1888768K), [Metaspace: 59685K->59685K(1105920K)], 0.4313906 secs] [Times: user=2.01 sys=0.00, real=0.44 secs] 
6365.952: [GC (Allocation Failure) [PSYoungGen: 300544K->101248K(499712K)] 480020K->280724K(1897984K), 0.0431075 secs] [Times: user=0.25 sys=0.00, real=0.04 secs] 
6367.905: [GC (Allocation Failure) [PSYoungGen: 401792K->136496K(499712K)] 581268K->415446K(1897984K), 0.1429378 secs] [Times: user=0.85 sys=0.00, real=0.14 secs] 
6370.094: [GC (Allocation Failure) [PSYoungGen: 443696K->102400K(410112K)] 722646K->509178K(1808384K), 0.0662467 secs] [Times: user=0.40 sys=0.00, real=0.06 secs] 
6372.197: [GC (Allocation Failure) [PSYoungGen: 409600K->137360K(498688K)] 816378K->644727K(1896960K), 0.0547624 secs] [Times: user=0.33 sys=0.00, real=0.06 secs] 
6374.951: [GC (Allocation Failure) [PSYoungGen: 448144K->106928K(500224K)] 955511K->742007K(1898496K), 0.0676327 secs] [Times: user=0.41 sys=0.00, real=0.07 secs] 
6377.128: [GC (Allocation Failure) [PSYoungGen: 417712K->136656K(503296K)] 1052791K->877488K(1901568K), 0.0585124 secs] [Times: user=0.35 sys=0.00, real=0.06 secs] 
6379.757: [GC (Allocation Failure) [PSYoungGen: 456656K->112464K(504832K)] 1197488K->980708K(1903104K), 0.0662589 secs] [Times: user=0.39 sys=0.00, real=0.07 secs] 
6382.297: [GC (Allocation Failure) [PSYoungGen: 432464K->139264K(506880K)] 1300708K->1118548K(1905152K), 0.0640511 secs] [Times: user=0.38 sys=0.00, real=0.07 secs] 
6383.509: [GC (Allocation Failure) [PSYoungGen: 467456K->115616K(509440K)] 1446740K->1224636K(1907712K), 0.0674785 secs] [Times: user=0.40 sys=0.00, real=0.07 secs] 
6385.411: [GC (Allocation Failure) [PSYoungGen: 443808K->149824K(507904K)] 1552828K->1373029K(1906176K), 0.0821079 secs] [Times: user=0.48 sys=0.00, real=0.08 secs] 
6385.494: [Full GC (Ergonomics) [PSYoungGen: 149824K->0K(507904K)] [ParOldGen: 1223205K->170714K(1398272K)] 1373029K->170714K(1906176K), [Metaspace: 59685K->59685K(1105920K)], 0.4082346 secs] [Times: user=1.88 sys=0.01, real=0.41 secs] 
6387.793: [GC (Allocation Failure) [PSYoungGen: 332800K->112928K(514048K)] 503514K->283643K(1912320K), 0.0359012 secs] [Times: user=0.21 sys=0.00, real=0.03 secs] 
6390.779: [GC (Allocation Failure) [PSYoungGen: 445728K->151312K(509952K)] 616443K->432618K(1908224K), 0.0555749 secs] [Times: user=0.33 sys=0.00, real=0.06 secs] 
6393.040: [GC (Allocation Failure) [PSYoungGen: 484624K->114112K(516096K)] 765930K->537746K(1914368K), 0.1543711 secs] [Times: user=0.92 sys=0.00, real=0.16 secs] 
6394.309: [GC (Allocation Failure) [PSYoungGen: 433722K->147984K(512512K)] 857357K->682239K(1910784K), 0.0583073 secs] [Times: user=0.35 sys=0.00, real=0.06 secs] 
6397.121: [GC (Allocation Failure) [PSYoungGen: 482320K->109984K(516608K)] 1016575K->783791K(1914880K), 0.1533916 secs] [Times: user=0.91 sys=0.00, real=0.15 secs] 
6398.346: [GC (Allocation Failure) [PSYoungGen: 444320K->158240K(505344K)] 1118127K->938152K(1903616K), 0.0531038 secs] [Times: user=0.32 sys=0.00, real=0.05 secs] 
6402.180: [GC (Allocation Failure) [PSYoungGen: 484384K->96096K(512512K)] 1264296K->1034084K(1910784K), 0.1663964 secs] [Times: user=0.99 sys=0.00, real=0.17 secs] 
6402.835: [GC (Allocation Failure) [PSYoungGen: 422240K->158208K(500736K)] 1360228K->1186393K(1899008K), 0.0564546 secs] [Times: user=0.34 sys=0.01, real=0.06 secs] 
6405.801: [GC (Allocation Failure) [PSYoungGen: 473088K->95328K(506880K)] 1501273K->1281337K(1905152K), 0.1532453 secs] [Times: user=0.91 sys=0.01, real=0.15 secs] 
6406.342: [GC (Allocation Failure) [PSYoungGen: 410208K->150688K(501248K)] 1596217K->1426093K(1899520K), 0.0695030 secs] [Times: user=0.41 sys=0.00, real=0.07 secs] 
6406.412: [Full GC (Ergonomics) [PSYoungGen: 150688K->0K(501248K)] [ParOldGen: 1275405K->224554K(1398272K)] 1426093K->224554K(1899520K), [Metaspace: 59685K->59685K(1105920K)], 0.5378854 secs] [Times: user=2.53 sys=0.00, real=0.53 secs] 
6410.752: [GC (Allocation Failure) [PSYoungGen: 309760K->87168K(504320K)] 534314K->311722K(1902592K), 0.1033144 secs] [Times: user=0.61 sys=0.00, real=0.10 secs] 
6411.699: [GC (Allocation Failure) [PSYoungGen: 396928K->149073K(499200K)] 621482K->454696K(1897472K), 0.0820107 secs] [Times: user=0.49 sys=0.00, real=0.08 secs] 
6414.153: [GC (GCLocker Initiated GC) [PSYoungGen: 453713K->89008K(501760K)] 759336K->543544K(1900032K), 0.1407894 secs] [Times: user=0.83 sys=0.00, real=0.14 secs] 
6415.017: [GC (Allocation Failure) [PSYoungGen: 393648K->146432K(499712K)] 848204K->683724K(1897984K), 0.0777225 secs] [Times: user=0.46 sys=0.00, real=0.08 secs] 
6417.754: [GC (Allocation Failure) [PSYoungGen: 450048K->90080K(501248K)] 987340K->773676K(1899520K), 0.1343742 secs] [Times: user=0.80 sys=0.00, real=0.13 secs] 
6419.296: [GC (Allocation Failure) [PSYoungGen: 393696K->141152K(501248K)] 1077292K->910441K(1899520K), 0.0490081 secs] [Times: user=0.29 sys=0.00, real=0.05 secs] 
6420.952: [GC (Allocation Failure) [PSYoungGen: 446304K->103200K(408576K)] 1215593K->1004249K(1806848K), 0.0628386 secs] [Times: user=0.37 sys=0.00, real=0.06 secs] 
6423.042: [GC (Allocation Failure) [PSYoungGen: 408352K->140480K(499200K)] 1309401K->1141309K(1897472K), 0.0503938 secs] [Times: user=0.29 sys=0.01, real=0.05 secs] 
6425.591: [GC (Allocation Failure) [PSYoungGen: 447168K->101280K(499200K)] 1447997K->1233825K(1897472K), 0.0740284 secs] [Times: user=0.43 sys=0.01, real=0.08 secs] 
6427.800: [GC (Allocation Failure) [PSYoungGen: 407968K->140608K(502272K)] 1540513K->1371126K(1900544K), 0.0838160 secs] [Times: user=0.49 sys=0.00, real=0.09 secs] 
6427.884: [Full GC (Ergonomics) [PSYoungGen: 140608K->0K(502272K)] [ParOldGen: 1230518K->179735K(1398272K)] 1371126K->179735K(1900544K), [Metaspace: 59685K->59685K(1105920K)], 0.4517844 secs] [Times: user=2.13 sys=0.00, real=0.45 secs] 
6430.379: [GC (Allocation Failure) [PSYoungGen: 313344K->103968K(502784K)] 493079K->283703K(1901056K), 0.0329936 secs] [Times: user=0.19 sys=0.00, real=0.04 secs] 
6432.649: [GC (Allocation Failure) [PSYoungGen: 417312K->145056K(504832K)] 597047K->426184K(1903104K), 0.0514654 secs] [Times: user=0.30 sys=0.00, real=0.05 secs] 
6434.247: [GC (Allocation Failure) [PSYoungGen: 463520K->106352K(506880K)] 744648K->523205K(1905152K), 0.0720440 secs] [Times: user=0.41 sys=0.01, real=0.07 secs] 
6436.835: [GC (Allocation Failure) [PSYoungGen: 424816K->145600K(506368K)] 841669K->665977K(1904640K), 0.0526869 secs] [Times: user=0.31 sys=0.00, real=0.05 secs] 
6438.133: [GC (Allocation Failure) [PSYoungGen: 467136K->110560K(508928K)] 987513K->767157K(1907200K), 0.0699734 secs] [Times: user=0.41 sys=0.00, real=0.07 secs] 
6440.341: [GC (Allocation Failure) [PSYoungGen: 432096K->148416K(506368K)] 1088693K->911545K(1904640K), 0.0540488 secs] [Times: user=0.31 sys=0.00, real=0.06 secs] 
6441.575: [GC (Allocation Failure) [PSYoungGen: 471488K->110528K(509952K)] 1234617K->1012858K(1908224K), 0.0663959 secs] [Times: user=0.40 sys=0.00, real=0.07 secs] 
6442.482: [GC (Allocation Failure) [PSYoungGen: 431831K->148832K(508416K)] 1334161K->1158110K(1906688K), 0.0541988 secs] [Times: user=0.32 sys=0.00, real=0.05 secs] 
6444.897: [GC (Allocation Failure) [PSYoungGen: 473952K->107872K(512000K)] 1483230K->1256846K(1910272K), 0.0660058 secs] [Times: user=0.39 sys=0.01, real=0.07 secs] 
6446.787: [GC (Allocation Failure) [PSYoungGen: 421922K->142848K(511488K)] 1570897K->1396523K(1909760K), 0.0564815 secs] [Times: user=0.33 sys=0.00, real=0.06 secs] 
6446.843: [Full GC (Ergonomics) [PSYoungGen: 142848K->0K(511488K)] [ParOldGen: 1253675K->196020K(1398272K)] 1396523K->196020K(1909760K), [Metaspace: 59685K->59685K(1105920K)], 0.4821161 secs] [Times: user=2.26 sys=0.00, real=0.48 secs] 
6448.804: [GC (Allocation Failure) [PSYoungGen: 327680K->109504K(437248K)] 523700K->305524K(1835520K), 0.0355874 secs] [Times: user=0.21 sys=0.00, real=0.03 secs] 
6451.040: [GC (Allocation Failure) [PSYoungGen: 437184K->151376K(507904K)] 633204K->452537K(1906176K), 0.0515101 secs] [Times: user=0.30 sys=0.00, real=0.06 secs] 
6453.877: [GC (Allocation Failure) [PSYoungGen: 477520K->102000K(512000K)] 778681K->553858K(1910272K), 0.1749109 secs] [Times: user=1.04 sys=0.00, real=0.18 secs] 
6454.764: [GC (Allocation Failure) [PSYoungGen: 428144K->155904K(503296K)] 880002K->703834K(1901568K), 0.0749981 secs] [Times: user=0.45 sys=0.00, real=0.07 secs] 
6457.967: [GC (Allocation Failure) [PSYoungGen: 474880K->94944K(508928K)] 1022810K->798218K(1907200K), 0.1575951 secs] [Times: user=0.94 sys=0.00, real=0.16 secs] 
6458.372: [GC (Allocation Failure) [PSYoungGen: 413920K->153408K(501248K)] 1117194K->945443K(1899520K), 0.0569241 secs] [Times: user=0.34 sys=0.00, real=0.05 secs] 
6462.283: [GC (Allocation Failure) [PSYoungGen: 465216K->88320K(505344K)] 1257251K->1033435K(1903616K), 0.1725128 secs] [Times: user=1.02 sys=0.00, real=0.17 secs] 
6462.892: [GC (Allocation Failure) [PSYoungGen: 400128K->152288K(498176K)] 1345243K->1179488K(1896448K), 0.0536353 secs] [Times: user=0.32 sys=0.00, real=0.05 secs] 
6465.989: [GC (Allocation Failure) [PSYoungGen: 456928K->88464K(501760K)] 1484128K->1267692K(1900032K), 0.1709919 secs] [Times: user=1.01 sys=0.00, real=0.17 secs] 
6467.116: [GC (Allocation Failure) [PSYoungGen: 393104K->146464K(499200K)] 1572332K->1407488K(1897472K), 0.0737000 secs] [Times: user=0.43 sys=0.00, real=0.07 secs] 
6467.190: [Full GC (Ergonomics) [PSYoungGen: 146464K->0K(499200K)] [ParOldGen: 1261024K->207065K(1398272K)] 1407488K->207065K(1897472K), [Metaspace: 59685K->59685K(1105920K)], 0.4966346 secs] [Times: user=2.33 sys=0.00, real=0.50 secs] 
6470.051: [GC (Allocation Failure) [PSYoungGen: 302592K->87841K(500736K)] 509657K->294907K(1899008K), 0.1560050 secs] [Times: user=0.93 sys=0.00, real=0.15 secs] 
6471.451: [GC (Allocation Failure) [PSYoungGen: 390433K->141376K(500224K)] 597499K->432275K(1898496K), 0.0487338 secs] [Times: user=0.27 sys=0.01, real=0.04 secs] 
6473.398: [GC (Allocation Failure) [PSYoungGen: 444992K->101792K(405504K)] 735891K->524795K(1803776K), 0.0624346 secs] [Times: user=0.37 sys=0.00, real=0.06 secs] 
6475.726: [GC (Allocation Failure) [PSYoungGen: 405408K->138384K(499712K)] 828411K->660189K(1897984K), 0.0909809 secs] [Times: user=0.52 sys=0.01, real=0.09 secs] 
6477.996: [GC (Allocation Failure) [PSYoungGen: 444560K->99168K(498688K)] 966365K->750436K(1896960K), 0.0772078 secs] [Times: user=0.46 sys=0.00, real=0.08 secs] 
6480.402: [GC (Allocation Failure) [PSYoungGen: 405344K->140160K(501760K)] 1056612K->887769K(1900032K), 0.0496219 secs] [Times: user=0.29 sys=0.00, real=0.05 secs] 
6481.570: [GC (Allocation Failure) [PSYoungGen: 452480K->107040K(502272K)] 1200089K->985673K(1900544K), 0.0642207 secs] [Times: user=0.38 sys=0.00, real=0.07 secs] 
6483.797: [GC (GCLocker Initiated GC) [PSYoungGen: 419360K->143248K(503296K)] 1297993K->1126634K(1901568K), 0.0527847 secs] [Times: user=0.31 sys=0.00, real=0.05 secs] 
6485.036: [GC (Allocation Failure) [PSYoungGen: 460688K->108672K(505344K)] 1444077K->1226004K(1903616K), 0.0663790 secs] [Times: user=0.39 sys=0.01, real=0.07 secs] 
6487.488: [GC (Allocation Failure) [PSYoungGen: 426112K->144352K(506880K)] 1543444K->1367593K(1905152K), 0.0534143 secs] [Times: user=0.31 sys=0.00, real=0.06 secs] 
6487.541: [Full GC (Ergonomics) [PSYoungGen: 144352K->0K(506880K)] [ParOldGen: 1223241K->174934K(1398272K)] 1367593K->174934K(1905152K), [Metaspace: 59685K->59685K(1105920K)], 0.4240044 secs] [Times: user=1.98 sys=0.00, real=0.42 secs] 
6489.089: [GC (Allocation Failure) [PSYoungGen: 323072K->110592K(508928K)] 498006K->285526K(1907200K), 0.0349826 secs] [Times: user=0.21 sys=0.00, real=0.04 secs] 
6490.822: [GC (Allocation Failure) [PSYoungGen: 433664K->150480K(507392K)] 608598K->433452K(1905664K), 0.0548366 secs] [Times: user=0.32 sys=0.00, real=0.05 secs] 
6492.325: [GC (Allocation Failure) [PSYoungGen: 475600K->109936K(511488K)] 758572K->534236K(1909760K), 0.0725818 secs] [Times: user=0.43 sys=0.00, real=0.07 secs] 
6494.351: [GC (Allocation Failure) [PSYoungGen: 435056K->149111K(508928K)] 859356K->680207K(1907200K), 0.0527678 secs] [Times: user=0.32 sys=0.00, real=0.05 secs] 
6497.339: [GC (Allocation Failure) [PSYoungGen: 475255K->109312K(512512K)] 1006351K->780288K(1910784K), 0.1742678 secs] [Times: user=1.04 sys=0.01, real=0.18 secs] 
6499.337: [GC (Allocation Failure) [PSYoungGen: 421904K->143680K(512000K)] 1092880K->919933K(1910272K), 0.0525492 secs] [Times: user=0.31 sys=0.00, real=0.05 secs] 
6501.151: [GC (Allocation Failure) [PSYoungGen: 472384K->109088K(513024K)] 1248637K->1020237K(1911296K), 0.1683969 secs] [Times: user=1.01 sys=0.00, real=0.16 secs] 
6503.273: [GC (Allocation Failure) [PSYoungGen: 437792K->153856K(506880K)] 1348941K->1170226K(1905152K), 0.1029385 secs] [Times: user=0.61 sys=0.00, real=0.10 secs] 
6506.976: [GC (Allocation Failure) [PSYoungGen: 478976K->96928K(512000K)] 1495346K->1266958K(1910272K), 0.1680531 secs] [Times: user=1.00 sys=0.00, real=0.17 secs] 
6508.137: [GC (Allocation Failure) [PSYoungGen: 422048K->154848K(503296K)] 1592078K->1416471K(1901568K), 0.0559359 secs] [Times: user=0.34 sys=0.00, real=0.06 secs] 
6508.193: [Full GC (Ergonomics) [PSYoungGen: 154848K->0K(503296K)] [ParOldGen: 1261623K->214977K(1398272K)] 1416471K->214977K(1901568K), [Metaspace: 59685K->59685K(1105920K)], 0.5104061 secs] [Times: user=2.37 sys=0.00, real=0.51 secs] 
6511.770: [GC (Allocation Failure) [PSYoungGen: 316928K->91328K(507904K)] 531905K->306305K(1906176K), 0.1438016 secs] [Times: user=0.86 sys=0.00, real=0.15 secs] 
6512.355: [GC (Allocation Failure) [PSYoungGen: 408256K->151264K(500736K)] 623233K->451722K(1899008K), 0.0542893 secs] [Times: user=0.32 sys=0.01, real=0.05 secs] 
6515.314: [GC (Allocation Failure) [PSYoungGen: 461024K->92256K(504320K)] 761482K->543282K(1902592K), 0.1448975 secs] [Times: user=0.85 sys=0.01, real=0.14 secs] 
6516.271: [GC (Allocation Failure) [PSYoungGen: 402016K->150144K(499200K)] 853042K->687587K(1897472K), 0.0543521 secs] [Times: user=0.32 sys=0.00, real=0.05 secs] 
6518.977: [GC (Allocation Failure) [PSYoungGen: 455808K->89920K(502272K)] 993251K->777191K(1900544K), 0.1611212 secs] [Times: user=0.96 sys=0.00, real=0.16 secs] 
6519.977: [GC (Allocation Failure) [PSYoungGen: 382778K->138752K(499200K)] 1070050K->912140K(1897472K), 0.0502160 secs] [Times: user=0.29 sys=0.00, real=0.05 secs] 
6522.456: [GC (Allocation Failure) [PSYoungGen: 445440K->100256K(501248K)] 1218828K->1003888K(1899520K), 0.1490584 secs] [Times: user=0.89 sys=0.00, real=0.15 secs] 
6524.644: [GC (Allocation Failure) [PSYoungGen: 406944K->143328K(502272K)] 1310576K->1142873K(1900544K), 0.0504608 secs] [Times: user=0.30 sys=0.00, real=0.05 secs] 
6526.754: [GC (GCLocker Initiated GC) [PSYoungGen: 454112K->102464K(503296K)] 1453657K->1236561K(1901568K), 0.1639161 secs] [Times: user=0.98 sys=0.00, real=0.16 secs] 
6528.874: [GC (Allocation Failure) [PSYoungGen: 413248K->143552K(503296K)] 1547348K->1376697K(1901568K), 0.0517771 secs] [Times: user=0.30 sys=0.00, real=0.05 secs] 
6528.926: [Full GC (Ergonomics) [PSYoungGen: 143552K->0K(503296K)] [ParOldGen: 1233145K->183708K(1398272K)] 1376697K->183708K(1901568K), [Metaspace: 59685K->59685K(1105920K)], 0.4473878 secs] [Times: user=2.09 sys=0.00, real=0.45 secs] 
6530.991: [GC (Allocation Failure) [PSYoungGen: 313856K->103584K(504320K)] 497564K->287292K(1902592K), 0.0327484 secs] [Times: user=0.19 sys=0.00, real=0.03 secs] 
6533.767: [GC (Allocation Failure) [PSYoungGen: 417440K->142048K(505344K)] 601148K->425753K(1903616K), 0.0505849 secs] [Times: user=0.30 sys=0.00, real=0.05 secs] 
6534.916: [GC (Allocation Failure) [PSYoungGen: 460000K->110672K(506368K)] 743705K->527162K(1904640K), 0.0638953 secs] [Times: user=0.38 sys=0.00, real=0.06 secs] 
6537.295: [GC (Allocation Failure) [PSYoungGen: 428624K->146752K(504832K)] 845114K->668494K(1903104K), 0.0536491 secs] [Times: user=0.30 sys=0.00, real=0.05 secs] 
6539.822: [GC (Allocation Failure) [PSYoungGen: 467259K->107520K(507392K)] 989001K->766382K(1905664K), 0.0967794 secs] [Times: user=0.57 sys=0.00, real=0.09 secs] 
6541.454: [GC (Allocation Failure) [PSYoungGen: 428032K->149312K(507904K)] 1086894K->912019K(1906176K), 0.0757112 secs] [Times: user=0.45 sys=0.00, real=0.07 secs] 
6544.429: [GC (GCLocker Initiated GC) [PSYoungGen: 473408K->103696K(511488K)] 1236115K->1007280K(1909760K), 0.0940547 secs] [Times: user=0.56 sys=0.00, real=0.10 secs] 
6546.183: [GC (Allocation Failure) [PSYoungGen: 427792K->151040K(505856K)] 1331378K->1155190K(1904128K), 0.1027101 secs] [Times: user=0.61 sys=0.00, real=0.10 secs] 
6548.527: [GC (Allocation Failure) [PSYoungGen: 472064K->106496K(509952K)] 1476214K->1252910K(1908224K), 0.0660301 secs] [Times: user=0.39 sys=0.00, real=0.07 secs] 
6550.514: [GC (Allocation Failure) [PSYoungGen: 427520K->148064K(507392K)] 1573934K->1397747K(1905664K), 0.0523542 secs] [Times: user=0.31 sys=0.00, real=0.05 secs] 
6550.567: [Full GC (Ergonomics) [PSYoungGen: 148064K->0K(507392K)] [ParOldGen: 1249683K->196373K(1398272K)] 1397747K->196373K(1905664K), [Metaspace: 59685K->59685K(1105920K)], 0.4888535 secs] [Times: user=2.29 sys=0.00, real=0.49 secs] 
6553.792: [GC (Allocation Failure) [PSYoungGen: 321024K->105232K(509952K)] 517397K->301605K(1908224K), 0.0884268 secs] [Times: user=0.52 sys=0.00, real=0.09 secs] 
6555.294: [GC (Allocation Failure) [PSYoungGen: 419502K->145568K(508416K)] 615875K->443456K(1906688K), 0.0532805 secs] [Times: user=0.32 sys=0.00, real=0.05 secs] 
6557.967: [GC (Allocation Failure) [PSYoungGen: 467616K->106464K(509952K)] 765504K->541480K(1908224K), 0.0983456 secs] [Times: user=0.58 sys=0.00, real=0.10 secs] 
6560.000: [GC (Allocation Failure) [PSYoungGen: 422027K->145568K(508416K)] 857043K->682017K(1906688K), 0.1264014 secs] [Times: user=0.73 sys=0.02, real=0.13 secs] 
6562.133: [GC (Allocation Failure) [PSYoungGen: 468640K->107920K(509952K)] 1005089K->781454K(1908224K), 0.1368616 secs] [Times: user=0.81 sys=0.01, real=0.13 secs] 
6564.553: [GC (Allocation Failure) [PSYoungGen: 420529K->143360K(509952K)] 1094062K->920458K(1908224K), 0.0512468 secs] [Times: user=0.30 sys=0.00, real=0.05 secs] 
6567.758: [GC (Allocation Failure) [PSYoungGen: 468992K->108240K(510976K)] 1246090K->1020054K(1909248K), 0.0649596 secs] [Times: user=0.38 sys=0.00, real=0.07 secs] 
6569.087: [GC (Allocation Failure) [PSYoungGen: 433872K->151968K(506880K)] 1345686K->1168319K(1905152K), 0.0536028 secs] [Times: user=0.32 sys=0.00, real=0.05 secs] 
6573.139: [GC (Allocation Failure) [PSYoungGen: 476064K->95168K(511488K)] 1492415K->1262995K(1909760K), 0.1641438 secs] [Times: user=0.97 sys=0.00, real=0.17 secs] 
6574.112: [GC (Allocation Failure) [PSYoungGen: 419776K->151392K(505344K)] 1587603K->1409939K(1903616K), 0.0569053 secs] [Times: user=0.33 sys=0.01, real=0.05 secs] 
6574.168: [Full GC (Ergonomics) [PSYoungGen: 151392K->0K(505344K)] [ParOldGen: 1258547K->208750K(1398272K)] 1409939K->208750K(1903616K), [Metaspace: 59685K->59685K(1105920K)], 0.4934879 secs] [Times: user=2.32 sys=0.00, real=0.50 secs] 
6576.705: [GC (Allocation Failure) [PSYoungGen: 318976K->99056K(508928K)] 527726K->307807K(1907200K), 0.1638833 secs] [Times: user=0.97 sys=0.00, real=0.16 secs] 
6578.048: [GC (Allocation Failure) [PSYoungGen: 418032K->150496K(503296K)] 626783K->452508K(1901568K), 0.1218017 secs] [Times: user=0.72 sys=0.01, real=0.12 secs] 
6581.212: [GC (Allocation Failure) [PSYoungGen: 465376K->93952K(506880K)] 767388K->546280K(1905152K), 0.1641429 secs] [Times: user=0.97 sys=0.00, real=0.16 secs] 
6582.575: [GC (GCLocker Initiated GC) [PSYoungGen: 408832K->148640K(502784K)] 861160K->689101K(1901056K), 0.1274631 secs] [Times: user=0.76 sys=0.01, real=0.13 secs] 
6586.488: [GC (Allocation Failure) [PSYoungGen: 460448K->91504K(505344K)] 1000911K->780128K(1903616K), 0.1553498 secs] [Times: user=0.92 sys=0.00, real=0.16 secs] 
6587.644: [GC (Allocation Failure) [PSYoungGen: 403312K->150464K(499200K)] 1091936K->924360K(1897472K), 0.0525539 secs] [Times: user=0.31 sys=0.00, real=0.05 secs] 
6590.254: [GC (Allocation Failure) [PSYoungGen: 455242K->92192K(502784K)] 1229138K->1015904K(1901056K), 0.1754558 secs] [Times: user=1.04 sys=0.01, real=0.17 secs] 
6591.938: [GC (Allocation Failure) [PSYoungGen: 393282K->138032K(499200K)] 1316995K->1150058K(1897472K), 0.0493550 secs] [Times: user=0.29 sys=0.01, real=0.05 secs] 
6594.337: [GC (Allocation Failure) [PSYoungGen: 446256K->99392K(501760K)] 1458282K->1241065K(1900032K), 0.0990577 secs] [Times: user=0.57 sys=0.01, real=0.10 secs] 
6596.124: [GC (Allocation Failure) [PSYoungGen: 407616K->145536K(502784K)] 1549289K->1382702K(1901056K), 0.0494050 secs] [Times: user=0.29 sys=0.00, real=0.05 secs] 
6596.174: [Full GC (Ergonomics) [PSYoungGen: 145536K->0K(502784K)] [ParOldGen: 1237166K->190309K(1398272K)] 1382702K->190309K(1901056K), [Metaspace: 59685K->59685K(1105920K)], 0.4678891 secs] [Times: user=2.19 sys=0.00, real=0.47 secs] 
6598.337: [GC (Allocation Failure) [PSYoungGen: 312320K->102880K(504832K)] 502629K->293189K(1903104K), 0.0537664 secs] [Times: user=0.32 sys=0.00, real=0.05 secs] 
6599.685: [GC (Allocation Failure) [PSYoungGen: 415200K->146256K(503296K)] 605509K->435918K(1901568K), 0.0506437 secs] [Times: user=0.30 sys=0.00, real=0.05 secs] 
6600.934: [GC (GCLocker Initiated GC) [PSYoungGen: 460112K->104880K(505344K)] 749774K->531042K(1903616K), 0.0643278 secs] [Times: user=0.38 sys=0.00, real=0.06 secs] 
6601.801: [GC (Allocation Failure) [PSYoungGen: 418736K->147968K(503808K)] 844950K->675258K(1902080K), 0.0515651 secs] [Times: user=0.30 sys=0.00, real=0.05 secs] 
6605.218: [GC (Allocation Failure) [PSYoungGen: 463360K->103136K(506368K)] 990650K->769150K(1904640K), 0.0689115 secs] [Times: user=0.41 sys=0.01, real=0.07 secs] 
6606.998: [GC (Allocation Failure) [PSYoungGen: 418528K->144256K(506368K)] 1084542K->909555K(1904640K), 0.0512709 secs] [Times: user=0.29 sys=0.01, real=0.05 secs] 
6608.807: [GC (Allocation Failure) [PSYoungGen: 462208K->108096K(426496K)] 1227507K->1007923K(1824768K), 0.0897866 secs] [Times: user=0.53 sys=0.00, real=0.09 secs] 
6610.958: [GC (Allocation Failure) [PSYoungGen: 426048K->145568K(504320K)] 1325875K->1150040K(1902592K), 0.0522250 secs] [Times: user=0.31 sys=0.00, real=0.05 secs] 
6612.113: [GC (Allocation Failure) [PSYoungGen: 464032K->109872K(506368K)] 1468504K->1250081K(1904640K), 0.0637963 secs] [Times: user=0.37 sys=0.00, real=0.06 secs] 
6614.454: [GC (Allocation Failure) [PSYoungGen: 428336K->147296K(506368K)] 1568545K->1393821K(1904640K), 0.0540742 secs] [Times: user=0.32 sys=0.00, real=0.05 secs] 
6614.508: [Full GC (Ergonomics) [PSYoungGen: 147296K->0K(506368K)] [ParOldGen: 1246525K->192372K(1398272K)] 1393821K->192372K(1904640K), [Metaspace: 59685K->59685K(1105920K)], 0.4627968 secs] [Times: user=2.16 sys=0.00, real=0.46 secs] 
6616.012: [GC (Allocation Failure) [PSYoungGen: 322048K->109440K(509440K)] 514420K->301812K(1907712K), 0.0321950 secs] [Times: user=0.19 sys=0.00, real=0.03 secs] 
6618.019: [GC (Allocation Failure) [PSYoungGen: 423759K->145184K(508928K)] 616131K->443289K(1907200K), 0.0514801 secs] [Times: user=0.31 sys=0.00, real=0.05 secs] 
6620.485: [GC (Allocation Failure) [PSYoungGen: 470304K->110400K(510976K)] 768409K->544953K(1909248K), 0.1069032 secs] [Times: user=0.63 sys=0.00, real=0.11 secs] 
6621.947: [GC (Allocation Failure) [PSYoungGen: 435520K->167856K(496128K)] 870073K->709039K(1894400K), 0.0537546 secs] [Times: user=0.31 sys=0.00, real=0.06 secs] 
6624.446: [GC (Allocation Failure) [PSYoungGen: 480073K->93216K(506368K)] 1021255K->785270K(1904640K), 0.0895009 secs] [Times: user=0.53 sys=0.00, real=0.09 secs] 
6625.955: [GC (Allocation Failure) [PSYoungGen: 396151K->138704K(502272K)] 1088206K->920192K(1900544K), 0.0493684 secs] [Times: user=0.29 sys=0.00, real=0.05 secs] 
6629.224: [GC (Allocation Failure) [PSYoungGen: 452560K->104960K(504320K)] 1234048K->1016107K(1902592K), 0.1031191 secs] [Times: user=0.62 sys=0.00, real=0.10 secs] 
6631.189: [GC (Allocation Failure) [PSYoungGen: 418798K->143008K(507392K)] 1329946K->1155756K(1905664K), 0.0935041 secs] [Times: user=0.55 sys=0.00, real=0.10 secs] 
6633.323: [GC (Allocation Failure) [PSYoungGen: 462496K->106256K(507904K)] 1475244K->1253613K(1906176K), 0.1315569 secs] [Times: user=0.79 sys=0.00, real=0.13 secs] 
6635.377: [GC (Allocation Failure) [PSYoungGen: 421587K->146800K(506368K)] 1568944K->1396450K(1904640K), 0.0522261 secs] [Times: user=0.31 sys=0.00, real=0.05 secs] 
6635.429: [Full GC (Ergonomics) [PSYoungGen: 146800K->0K(506368K)] [ParOldGen: 1249649K->196328K(1398272K)] 1396450K->196328K(1904640K), [Metaspace: 59685K->59685K(1105920K)], 0.4800339 secs] [Times: user=2.25 sys=0.00, real=0.48 secs] 
6637.303: [GC (Allocation Failure) [PSYoungGen: 320512K->106960K(508416K)] 516840K->303289K(1906688K), 0.0356524 secs] [Times: user=0.21 sys=0.00, real=0.03 secs] 
6639.731: [GC (Allocation Failure) [PSYoungGen: 420325K->144192K(509440K)] 616654K->443725K(1907712K), 0.0533729 secs] [Times: user=0.30 sys=0.00, real=0.06 secs] 
6642.028: [GC (Allocation Failure) [PSYoungGen: 468288K->107376K(510464K)] 767821K->542142K(1908736K), 0.1369593 secs] [Times: user=0.82 sys=0.00, real=0.14 secs] 
6644.536: [GC (Allocation Failure) [PSYoungGen: 421663K->143536K(509952K)] 856428K->681727K(1908224K), 0.1205705 secs] [Times: user=0.71 sys=0.00, real=0.12 secs] 
6646.568: [GC (Allocation Failure) [PSYoungGen: 469680K->108576K(510976K)] 1007871K->781822K(1909248K), 0.0890724 secs] [Times: user=0.52 sys=0.00, real=0.09 secs] 
6648.538: [GC (Allocation Failure) [PSYoungGen: 434720K->154784K(506368K)] 1107966K->931663K(1904640K), 0.0766693 secs] [Times: user=0.45 sys=0.00, real=0.08 secs] 
6651.813: [GC (GCLocker Initiated GC) [PSYoungGen: 478880K->95984K(511488K)] 1255759K->1027452K(1909760K), 0.1474398 secs] [Times: user=0.88 sys=0.00, real=0.14 secs] 
6653.150: [GC (Allocation Failure) [PSYoungGen: 420080K->156000K(500736K)] 1351600K->1177026K(1899008K), 0.0562296 secs] [Times: user=0.33 sys=0.00, real=0.06 secs] 
6655.196: [GC (Allocation Failure) [PSYoungGen: 469856K->95616K(506368K)] 1490882K->1271946K(1904640K), 0.1129435 secs] [Times: user=0.67 sys=0.00, real=0.11 secs] 
6655.641: [GC (Allocation Failure) [PSYoungGen: 409472K->152928K(500224K)] 1585802K->1418395K(1898496K), 0.0553123 secs] [Times: user=0.32 sys=0.00, real=0.05 secs] 
6655.697: [Full GC (Ergonomics) [PSYoungGen: 152928K->0K(500224K)] [ParOldGen: 1265467K->216573K(1398272K)] 1418395K->216573K(1898496K), [Metaspace: 59685K->59685K(1105920K)], 0.5230391 secs] [Times: user=2.46 sys=0.00, real=0.52 secs] 
6658.717: [GC (Allocation Failure) [PSYoungGen: 308736K->92352K(503808K)] 525309K->308925K(1902080K), 0.1263436 secs] [Times: user=0.74 sys=0.00, real=0.13 secs] 
6659.654: [GC (Allocation Failure) [PSYoungGen: 401088K->147280K(501248K)] 617661K->449867K(1899520K), 0.0538322 secs] [Times: user=0.32 sys=0.00, real=0.05 secs] 
6662.583: [GC (Allocation Failure) [PSYoungGen: 453968K->95920K(402944K)] 756555K->545175K(1801216K), 0.1686963 secs] [Times: user=1.01 sys=0.00, real=0.17 secs] 
6663.643: [GC (Allocation Failure) [PSYoungGen: 402608K->147024K(500224K)] 851863K->682488K(1898496K), 0.0639973 secs] [Times: user=0.38 sys=0.00, real=0.06 secs] 
6665.972: [GC (Allocation Failure) [PSYoungGen: 453200K->92288K(502272K)] 988664K->774171K(1900544K), 0.1675119 secs] [Times: user=0.99 sys=0.00, real=0.16 secs] 
6667.307: [GC (Allocation Failure) [PSYoungGen: 397101K->142048K(502272K)] 1078985K->912338K(1900544K), 0.0672966 secs] [Times: user=0.40 sys=0.00, real=0.07 secs] 
6668.750: [GC (Allocation Failure) [PSYoungGen: 450272K->102832K(411136K)] 1220562K->1006375K(1809408K), 0.0638455 secs] [Times: user=0.38 sys=0.00, real=0.07 secs] 
6669.626: [GC (Allocation Failure) [PSYoungGen: 411056K->142384K(501248K)] 1314599K->1145020K(1899520K), 0.0519410 secs] [Times: user=0.30 sys=0.01, real=0.05 secs] 
6671.564: [GC (Allocation Failure) [PSYoungGen: 452144K->105344K(501760K)] 1454780K->1240591K(1900032K), 0.0627312 secs] [Times: user=0.38 sys=0.00, real=0.06 secs] 
6672.956: [GC (Allocation Failure) [PSYoungGen: 415104K->144960K(502272K)] 1550351K->1382444K(1900544K), 0.0744538 secs] [Times: user=0.44 sys=0.00, real=0.07 secs] 
6673.030: [Full GC (Ergonomics) [PSYoungGen: 144960K->0K(502272K)] [ParOldGen: 1237484K->189289K(1398272K)] 1382444K->189289K(1900544K), [Metaspace: 59685K->59685K(1105920K)], 0.4664167 secs] [Times: user=2.19 sys=0.00, real=0.47 secs] 
6675.388: [GC (Allocation Failure) [PSYoungGen: 313856K->103744K(503808K)] 503145K->293033K(1902080K), 0.0649599 secs] [Times: user=0.38 sys=0.00, real=0.07 secs] 
6676.946: [GC (Allocation Failure) [PSYoungGen: 417600K->145824K(505856K)] 606889K->435290K(1904128K), 0.0504577 secs] [Times: user=0.30 sys=0.00, real=0.05 secs] 
6678.596: [GC (Allocation Failure) [PSYoungGen: 464288K->108256K(507904K)] 753754K->534930K(1906176K), 0.0645505 secs] [Times: user=0.38 sys=0.00, real=0.06 secs] 
6680.504: [GC (Allocation Failure) [PSYoungGen: 426720K->147040K(505344K)] 853394K->679063K(1903616K), 0.0905696 secs] [Times: user=0.54 sys=0.00, real=0.09 secs] 
6682.306: [GC (Allocation Failure) [PSYoungGen: 466528K->106016K(507904K)] 998551K->776827K(1906176K), 0.1621723 secs] [Times: user=0.96 sys=0.00, real=0.16 secs] 
6683.534: [GC (Allocation Failure) [PSYoungGen: 423783K->148128K(506880K)] 1094594K->921444K(1905152K), 0.0517138 secs] [Times: user=0.30 sys=0.01, real=0.05 secs] 
6686.037: [GC (Allocation Failure) [PSYoungGen: 469664K->106368K(509952K)] 1242980K->1018816K(1908224K), 0.0853914 secs] [Times: user=0.50 sys=0.00, real=0.09 secs] 
6687.660: [GC (Allocation Failure) [PSYoungGen: 419525K->144112K(508928K)] 1331973K->1159685K(1907200K), 0.0514374 secs] [Times: user=0.30 sys=0.00, real=0.06 secs] 
6690.186: [GC (Allocation Failure) [PSYoungGen: 467696K->106720K(510464K)] 1483269K->1257833K(1908736K), 0.0647130 secs] [Times: user=0.38 sys=0.01, real=0.06 secs] 
6691.998: [GC (Allocation Failure) [PSYoungGen: 425485K->144448K(508928K)] 1576598K->1398661K(1907200K), 0.0520214 secs] [Times: user=0.31 sys=0.00, real=0.05 secs] 
6692.050: [Full GC (Ergonomics) [PSYoungGen: 144448K->0K(508928K)] [ParOldGen: 1254213K->196152K(1398272K)] 1398661K->196152K(1907200K), [Metaspace: 59685K->59685K(1105920K)], 0.4752521 secs] [Times: user=2.21 sys=0.00, real=0.48 secs] 
6694.554: [GC (Allocation Failure) [PSYoungGen: 325120K->108928K(510464K)] 521272K->305080K(1908736K), 0.0507281 secs] [Times: user=0.30 sys=0.00, real=0.05 secs] 
6695.042: [GC (Allocation Failure) [PSYoungGen: 434048K->155344K(504832K)] 630200K->456553K(1903104K), 0.0522964 secs] [Times: user=0.31 sys=0.00, real=0.05 secs] 
6698.034: [GC (Allocation Failure) [PSYoungGen: 477380K->96448K(510464K)] 778589K->552573K(1908736K), 0.1686247 secs] [Times: user=1.00 sys=0.01, real=0.17 secs] 
6698.912: [GC (Allocation Failure) [PSYoungGen: 418496K->155552K(501248K)] 874621K->701997K(1899520K), 0.0657326 secs] [Times: user=0.39 sys=0.00, real=0.06 secs] 
6702.178: [GC (GCLocker Initiated GC) [PSYoungGen: 469408K->93168K(506368K)] 1015855K->795071K(1904640K), 0.1634780 secs] [Times: user=0.98 sys=0.00, real=0.17 secs] 
6703.111: [GC (Allocation Failure) [PSYoungGen: 407024K->150976K(500736K)] 1108977K->939549K(1899008K), 0.0551595 secs] [Times: user=0.33 sys=0.00, real=0.05 secs] 
6704.890: [GC (Allocation Failure) [PSYoungGen: 459712K->94720K(503808K)] 1248285K->1033837K(1902080K), 0.1555695 secs] [Times: user=0.93 sys=0.00, real=0.16 secs] 
6705.756: [GC (Allocation Failure) [PSYoungGen: 403456K->146736K(501760K)] 1342573K->1174922K(1900032K), 0.0949532 secs] [Times: user=0.56 sys=0.00, real=0.10 secs] 
6708.780: [GC (Allocation Failure) [PSYoungGen: 454448K->91216K(503296K)] 1482634K->1265314K(1901568K), 0.1314697 secs] [Times: user=0.78 sys=0.00, real=0.14 secs] 
6709.643: [GC (Allocation Failure) [PSYoungGen: 384479K->138768K(499712K)] 1558577K->1398323K(1897984K), 0.0825774 secs] [Times: user=0.49 sys=0.00, real=0.08 secs] 
6709.726: [Full GC (Ergonomics) [PSYoungGen: 138768K->0K(499712K)] [ParOldGen: 1259555K->197331K(1398272K)] 1398323K->197331K(1897984K), [Metaspace: 59685K->59685K(1105920K)], 0.4947277 secs] [Times: user=2.33 sys=0.00, real=0.49 secs] 
6711.859: [GC (Allocation Failure) [PSYoungGen: 308736K->102560K(501760K)] 506067K->299891K(1900032K), 0.0393175 secs] [Times: user=0.23 sys=0.00, real=0.04 secs] 
6713.205: [GC (Allocation Failure) [PSYoungGen: 411296K->145648K(502784K)] 608627K->441865K(1901056K), 0.0489655 secs] [Times: user=0.29 sys=0.01, real=0.05 secs] 
6715.314: [GC (Allocation Failure) [PSYoungGen: 458480K->101952K(504832K)] 754697K->534684K(1903104K), 0.1541178 secs] [Times: user=0.92 sys=0.00, real=0.15 secs] 
6716.216: [GC (Allocation Failure) [PSYoungGen: 414784K->149088K(502272K)] 847516K->680197K(1900544K), 0.0511192 secs] [Times: user=0.30 sys=0.00, real=0.05 secs] 
6718.609: [GC (Allocation Failure) [PSYoungGen: 462432K->99696K(505856K)] 993541K->771518K(1904128K), 0.0947321 secs] [Times: user=0.56 sys=0.01, real=0.10 secs] 
6719.784: [GC (Allocation Failure) [PSYoungGen: 413040K->149184K(502784K)] 1084862K->917162K(1901056K), 0.0500249 secs] [Times: user=0.29 sys=0.00, real=0.05 secs] 
6722.318: [GC (Allocation Failure) [PSYoungGen: 462016K->101248K(505856K)] 1229994K->1009830K(1904128K), 0.1643083 secs] [Times: user=0.97 sys=0.00, real=0.17 secs] 
6723.803: [GC (Allocation Failure) [PSYoungGen: 414080K->147808K(503296K)] 1322662K->1153819K(1901568K), 0.0506541 secs] [Times: user=0.30 sys=0.00, real=0.05 secs] 
6725.111: [GC (Allocation Failure) [PSYoungGen: 460640K->104832K(417792K)] 1466651K->1250039K(1816064K), 0.0656026 secs] [Times: user=0.38 sys=0.00, real=0.06 secs] 
6727.728: [GC (Allocation Failure) [PSYoungGen: 417664K->145392K(502784K)] 1562871K->1391880K(1901056K), 0.0518006 secs] [Times: user=0.31 sys=0.00, real=0.05 secs] 
6727.780: [Full GC (Ergonomics) [PSYoungGen: 145392K->0K(502784K)] [ParOldGen: 1246488K->190306K(1398272K)] 1391880K->190306K(1901056K), [Metaspace: 59685K->59685K(1105920K)], 0.4673375 secs] [Times: user=2.18 sys=0.00, real=0.47 secs] 
6730.002: [GC (Allocation Failure) [PSYoungGen: 313344K->101552K(504832K)] 503650K->291859K(1903104K), 0.0592900 secs] [Times: user=0.35 sys=0.01, real=0.06 secs] 
6732.105: [GC (Allocation Failure) [PSYoungGen: 414896K->145088K(505344K)] 605203K->433287K(1903616K), 0.0495416 secs] [Times: user=0.30 sys=0.00, real=0.05 secs] 
6734.138: [GC (Allocation Failure) [PSYoungGen: 461504K->104544K(506880K)] 749703K->528803K(1905152K), 0.0646847 secs] [Times: user=0.38 sys=0.00, real=0.07 secs] 
6737.073: [GC (Allocation Failure) [PSYoungGen: 420960K->143424K(505856K)] 845219K->669204K(1904128K), 0.1432668 secs] [Times: user=0.85 sys=0.00, real=0.14 secs] 
6740.142: [GC (Allocation Failure) [PSYoungGen: 461888K->104752K(506880K)] 987668K->765249K(1905152K), 0.0760280 secs] [Times: user=0.45 sys=0.00, real=0.07 secs] 
6742.316: [GC (Allocation Failure) [PSYoungGen: 423216K->156944K(500736K)] 1083713K->918918K(1899008K), 0.0531161 secs] [Times: user=0.31 sys=0.01, real=0.05 secs] 
6743.778: [GC (Allocation Failure) [PSYoungGen: 471824K->105856K(506880K)] 1233798K->1007309K(1905152K), 0.1030193 secs] [Times: user=0.61 sys=0.00, real=0.11 secs] 
6745.381: [GC (Allocation Failure) [PSYoungGen: 420736K->145744K(506880K)] 1322189K->1149770K(1905152K), 0.0522157 secs] [Times: user=0.31 sys=0.00, real=0.06 secs] 
6747.105: [GC (Allocation Failure) [PSYoungGen: 463696K->106080K(424448K)] 1467722K->1247018K(1822720K), 0.0655900 secs] [Times: user=0.38 sys=0.00, real=0.06 secs] 
6748.797: [GC (Allocation Failure) [PSYoungGen: 424032K->147968K(504320K)] 1564970K->1391551K(1902592K), 0.1000388 secs] [Times: user=0.59 sys=0.00, real=0.10 secs] 
6748.897: [Full GC (Ergonomics) [PSYoungGen: 147968K->0K(504320K)] [ParOldGen: 1243583K->189729K(1398272K)] 1391551K->189729K(1902592K), [Metaspace: 59685K->59685K(1105920K)], 0.4892323 secs] [Times: user=2.33 sys=0.00, real=0.49 secs] 
6751.763: [GC (Allocation Failure) [PSYoungGen: 316928K->100272K(506880K)] 506657K->290002K(1905152K), 0.0536881 secs] [Times: user=0.32 sys=0.00, real=0.05 secs] 
6753.911: [GC (Allocation Failure) [PSYoungGen: 417200K->149216K(505344K)] 606930K->434654K(1903616K), 0.0497420 secs] [Times: user=0.30 sys=0.00, real=0.05 secs] 
6755.346: [GC (Allocation Failure) [PSYoungGen: 466144K->109088K(426496K)] 751582K->534646K(1824768K), 0.0654073 secs] [Times: user=0.38 sys=0.00, real=0.07 secs] 
6757.599: [GC (Allocation Failure) [PSYoungGen: 426016K->143776K(505856K)] 851574K->675027K(1904128K), 0.0745485 secs] [Times: user=0.44 sys=0.01, real=0.08 secs] 
6760.249: [GC (Allocation Failure) [PSYoungGen: 462240K->107072K(506880K)] 993491K->773063K(1905152K), 0.0636457 secs] [Times: user=0.38 sys=0.00, real=0.07 secs] 
6762.679: [GC (Allocation Failure) [PSYoungGen: 425536K->146656K(506368K)] 1091527K->915924K(1904640K), 0.0520959 secs] [Times: user=0.31 sys=0.00, real=0.06 secs] 
6764.219: [GC (Allocation Failure) [PSYoungGen: 467680K->107392K(508416K)] 1236948K->1014540K(1906688K), 0.0699075 secs] [Times: user=0.41 sys=0.01, real=0.07 secs] 
6767.138: [GC (Allocation Failure) [PSYoungGen: 428076K->147904K(508416K)] 1335224K->1158185K(1906688K), 0.0515255 secs] [Times: user=0.31 sys=0.00, real=0.05 secs] 
6769.728: [GC (Allocation Failure) [PSYoungGen: 471488K->105600K(510976K)] 1481769K->1254945K(1909248K), 0.1064970 secs] [Times: user=0.63 sys=0.00, real=0.11 secs] 
6771.477: [GC (Allocation Failure) [PSYoungGen: 422966K->145424K(510464K)] 1572311K->1396654K(1908736K), 0.0513699 secs] [Times: user=0.30 sys=0.01, real=0.05 secs] 
6771.528: [Full GC (Ergonomics) [PSYoungGen: 145424K->0K(510464K)] [ParOldGen: 1251229K->195973K(1398272K)] 1396654K->195973K(1908736K), [Metaspace: 59685K->59685K(1105920K)], 0.4741522 secs] [Times: user=2.22 sys=0.00, real=0.48 secs] 
6773.145: [GC (Allocation Failure) [PSYoungGen: 325120K->107648K(433152K)] 521093K->303621K(1831424K), 0.0325261 secs] [Times: user=0.18 sys=0.00, real=0.03 secs] 
6775.756: [GC (Allocation Failure) [PSYoungGen: 417530K->143920K(508928K)] 613503K->443138K(1907200K), 0.0502649 secs] [Times: user=0.29 sys=0.00, real=0.05 secs] 
6777.678: [GC (Allocation Failure) [PSYoungGen: 469040K->106816K(510464K)] 768258K->541146K(1908736K), 0.1616556 secs] [Times: user=0.96 sys=0.00, real=0.16 secs] 
6779.681: [GC (Allocation Failure) [PSYoungGen: 431936K->153520K(506880K)] 866266K->690875K(1905152K), 0.0530257 secs] [Times: user=0.31 sys=0.00, real=0.05 secs] 
6782.809: [GC (Allocation Failure) [PSYoungGen: 474848K->96256K(511488K)] 1012203K->786679K(1909760K), 0.1584237 secs] [Times: user=0.94 sys=0.00, real=0.16 secs] 
6783.654: [GC (Allocation Failure) [PSYoungGen: 420352K->154336K(501760K)] 1110775K->936483K(1900032K), 0.0559066 secs] [Times: user=0.33 sys=0.00, real=0.05 secs] 
6786.191: [GC (Allocation Failure) [PSYoungGen: 469216K->94144K(506880K)] 1251363K->1030295K(1905152K), 0.1675501 secs] [Times: user=1.00 sys=0.00, real=0.16 secs] 
6787.292: [GC (Allocation Failure) [PSYoungGen: 409024K->152480K(499712K)] 1345175K->1175920K(1897984K), 0.0543592 secs] [Times: user=0.32 sys=0.00, real=0.05 secs] 
6788.964: [GC (GCLocker Initiated GC) [PSYoungGen: 461216K->92848K(503808K)] 1484656K->1268249K(1902080K), 0.1386584 secs] [Times: user=0.82 sys=0.01, real=0.14 secs] 
6789.397: [GC (Allocation Failure) [PSYoungGen: 401584K->166368K(487424K)] 1577005K->1429041K(1885696K), 0.0554704 secs] [Times: user=0.33 sys=0.00, real=0.06 secs] 
6789.452: [Full GC (Ergonomics) [PSYoungGen: 166368K->0K(487424K)] [ParOldGen: 1262673K->211677K(1398272K)] 1429041K->211677K(1885696K), [Metaspace: 59685K->59685K(1105920K)], 0.4991167 secs] [Times: user=2.33 sys=0.00, real=0.50 secs] 
6791.945: [GC (Allocation Failure) [PSYoungGen: 293376K->83712K(496128K)] 505053K->295389K(1894400K), 0.1594242 secs] [Times: user=0.95 sys=0.00, real=0.16 secs] 
6793.144: [GC (Allocation Failure) [PSYoungGen: 377088K->137472K(491008K)] 588765K->429178K(1889280K), 0.0470721 secs] [Times: user=0.28 sys=0.00, real=0.05 secs] 
6794.602: [GC (Allocation Failure) [PSYoungGen: 430840K->97056K(493568K)] 722547K->517142K(1891840K), 0.0966428 secs] [Times: user=0.57 sys=0.00, real=0.09 secs] 
6797.276: [GC (Allocation Failure) [PSYoungGen: 390432K->134208K(493056K)] 810518K->647727K(1891328K), 0.0488444 secs] [Times: user=0.29 sys=0.00, real=0.05 secs] 
6798.500: [GC (Allocation Failure) [PSYoungGen: 435776K->102112K(495616K)] 949295K->740471K(1893888K), 0.0622912 secs] [Times: user=0.37 sys=0.00, real=0.07 secs] 
6800.027: [GC (Allocation Failure) [PSYoungGen: 403680K->135136K(501248K)] 1042039K->873736K(1899520K), 0.0569258 secs] [Times: user=0.34 sys=0.00, real=0.06 secs] 
6801.683: [GC (Allocation Failure) [PSYoungGen: 448992K->111360K(502784K)] 1187592K->975496K(1901056K), 0.0645962 secs] [Times: user=0.38 sys=0.00, real=0.06 secs] 
6803.440: [GC (Allocation Failure) [PSYoungGen: 425207K->139296K(506368K)] 1289344K->1113577K(1904640K), 0.0571386 secs] [Times: user=0.34 sys=0.00, real=0.06 secs] 
6806.069: [GC (Allocation Failure) [PSYoungGen: 461344K->110480K(506880K)] 1435625K->1214942K(1905152K), 0.0667097 secs] [Times: user=0.40 sys=0.00, real=0.07 secs] 
6808.216: [GC (Allocation Failure) [PSYoungGen: 432528K->145056K(507904K)] 1536990K->1358442K(1906176K), 0.0557332 secs] [Times: user=0.33 sys=0.00, real=0.06 secs] 
6810.446: [GC (GCLocker Initiated GC) [PSYoungGen: 472224K->112384K(510464K)] 1685611K->1461523K(1908736K), 0.0688614 secs] [Times: user=0.41 sys=0.00, real=0.07 secs] 
6810.515: [Full GC (Ergonomics) [PSYoungGen: 112384K->0K(510464K)] [ParOldGen: 1349139K->31472K(1398272K)] 1461523K->31472K(1908736K), [Metaspace: 59685K->59685K(1105920K)], 0.0580212 secs] [Times: user=0.21 sys=0.00, real=0.06 secs] 
6813.167: [GC (Allocation Failure) [PSYoungGen: 327168K->156496K(505856K)] 358643K->187972K(1904128K), 0.0298562 secs] [Times: user=0.17 sys=0.00, real=0.03 secs] 
6814.786: [GC (Allocation Failure) [PSYoungGen: 482640K->112336K(512512K)] 514116K->283280K(1910784K), 0.0657616 secs] [Times: user=0.39 sys=0.00, real=0.07 secs] 
6816.748: [GC (Allocation Failure) [PSYoungGen: 438480K->152016K(507904K)] 609424K->431557K(1906176K), 0.0543629 secs] [Times: user=0.32 sys=0.00, real=0.06 secs] 
6818.966: [GC (Allocation Failure) [PSYoungGen: 477136K->110336K(512000K)] 756677K->532288K(1910272K), 0.0950839 secs] [Times: user=0.57 sys=0.00, real=0.10 secs] 
6821.100: [GC (Allocation Failure) [PSYoungGen: 433414K->148096K(509952K)] 855367K->676589K(1908224K), 0.0529720 secs] [Times: user=0.31 sys=0.00, real=0.06 secs] 
6823.663: [GC (Allocation Failure) [PSYoungGen: 474240K->107968K(512512K)] 1002733K->775805K(1910784K), 0.0922976 secs] [Times: user=0.54 sys=0.01, real=0.09 secs] 
6825.849: [GC (Allocation Failure) [PSYoungGen: 426025K->142800K(512000K)] 1093862K->915359K(1910272K), 0.0517118 secs] [Times: user=0.30 sys=0.00, real=0.05 secs] 
6828.813: [GC (Allocation Failure) [PSYoungGen: 470992K->110864K(512512K)] 1243551K->1017351K(1910784K), 0.1259473 secs] [Times: user=0.74 sys=0.01, real=0.12 secs] 
6829.438: [GC (Allocation Failure) [PSYoungGen: 439056K->153856K(507904K)] 1345543K->1167415K(1906176K), 0.0535745 secs] [Times: user=0.32 sys=0.00, real=0.06 secs] 
6832.226: [GC (Allocation Failure) [PSYoungGen: 480000K->97728K(512512K)] 1493559K->1264343K(1910784K), 0.1392021 secs] [Times: user=0.82 sys=0.00, real=0.14 secs] 
6832.670: [GC (Allocation Failure) [PSYoungGen: 423872K->158144K(500736K)] 1590487K->1416732K(1899008K), 0.0565931 secs] [Times: user=0.34 sys=0.00, real=0.06 secs] 
6832.727: [Full GC (Ergonomics) [PSYoungGen: 158144K->0K(500736K)] [ParOldGen: 1258588K->220968K(1398272K)] 1416732K->220968K(1899008K), [Metaspace: 59685K->59685K(1105920K)], 0.5283439 secs] [Times: user=2.47 sys=0.00, real=0.53 secs] 
6836.294: [GC (Allocation Failure) [PSYoungGen: 314880K->90624K(506880K)] 535848K->311592K(1905152K), 0.1243635 secs] [Times: user=0.74 sys=0.01, real=0.12 secs] 
6836.810: [GC (Allocation Failure) [PSYoungGen: 405504K->167264K(488448K)] 626472K->472689K(1886720K), 0.0544037 secs] [Times: user=0.33 sys=0.00, real=0.06 secs] 
6838.950: [GC (Allocation Failure) [PSYoungGen: 463712K->88640K(497664K)] 769137K->544417K(1895936K), 0.1093716 secs] [Times: user=0.65 sys=0.01, real=0.11 secs] 
6839.570: [GC (Allocation Failure) [PSYoungGen: 373243K->135344K(489984K)] 829020K->673879K(1888256K), 0.0481822 secs] [Times: user=0.28 sys=0.00, real=0.05 secs] 
6841.388: [GC (Allocation Failure) [PSYoungGen: 432304K->94880K(494080K)] 970839K->759530K(1892352K), 0.0647628 secs] [Times: user=0.38 sys=0.00, real=0.07 secs] 
6842.796: [GC (Allocation Failure) [PSYoungGen: 391840K->140384K(498176K)] 1056490K->896843K(1896448K), 0.0479476 secs] [Times: user=0.28 sys=0.00, real=0.05 secs] 
6844.732: [GC (Allocation Failure) [PSYoungGen: 446560K->99648K(500736K)] 1203019K->987731K(1899008K), 0.0647481 secs] [Times: user=0.37 sys=0.02, real=0.06 secs] 
6846.676: [GC (Allocation Failure) [PSYoungGen: 405824K->142080K(503808K)] 1293907K->1126738K(1902080K), 0.0503782 secs] [Times: user=0.29 sys=0.01, real=0.05 secs] 
6848.175: [GC (Allocation Failure) [PSYoungGen: 453888K->106208K(418304K)] 1438546K->1223430K(1816576K), 0.0643797 secs] [Times: user=0.38 sys=0.01, real=0.06 secs] 
6849.300: [GC (Allocation Failure) [PSYoungGen: 418016K->144032K(501248K)] 1535238K->1365307K(1899520K), 0.0536367 secs] [Times: user=0.32 sys=0.00, real=0.06 secs] 
6849.353: [Full GC (Ergonomics) [PSYoungGen: 144032K->0K(501248K)] [ParOldGen: 1221275K->172940K(1398272K)] 1365307K->172940K(1899520K), [Metaspace: 59686K->59686K(1105920K)], 0.4186994 secs] [Times: user=1.95 sys=0.00, real=0.42 secs] 
6851.626: [GC (Allocation Failure) [PSYoungGen: 312832K->104000K(502784K)] 485772K->276940K(1901056K), 0.0397496 secs] [Times: user=0.23 sys=0.01, real=0.04 secs] 
6853.275: [GC (Allocation Failure) [PSYoungGen: 416832K->159408K(497664K)] 589772K->433882K(1895936K), 0.0524993 secs] [Times: user=0.31 sys=0.00, real=0.05 secs] 
6856.088: [GC (Allocation Failure) [PSYoungGen: 470192K->105536K(504832K)] 744666K->513585K(1903104K), 0.0641171 secs] [Times: user=0.38 sys=0.00, real=0.07 secs] 
6857.533: [GC (Allocation Failure) [PSYoungGen: 416320K->139952K(499712K)] 824369K->652258K(1897984K), 0.0522455 secs] [Times: user=0.31 sys=0.00, real=0.05 secs] 
6860.388: [GC (Allocation Failure) [PSYoungGen: 453808K->107136K(503808K)] 966114K->750130K(1902080K), 0.0688088 secs] [Times: user=0.40 sys=0.00, real=0.07 secs] 
6861.735: [GC (Allocation Failure) [PSYoungGen: 420992K->147824K(506880K)] 1063986K->896254K(1905152K), 0.0535593 secs] [Times: user=0.31 sys=0.01, real=0.05 secs] 
6865.426: [GC (Allocation Failure) [PSYoungGen: 467824K->107952K(428032K)] 1216254K->986138K(1826304K), 0.0648906 secs] [Times: user=0.39 sys=0.00, real=0.06 secs] 
6867.849: [GC (Allocation Failure) [PSYoungGen: 427952K->144768K(507904K)] 1306138K->1128862K(1906176K), 0.0543463 secs] [Times: user=0.32 sys=0.00, real=0.06 secs] 
6869.067: [GC (Allocation Failure) [PSYoungGen: 466304K->110864K(508928K)] 1450398K->1230627K(1907200K), 0.0669553 secs] [Times: user=0.40 sys=0.00, real=0.07 secs] 
6871.700: [GC (Allocation Failure) [PSYoungGen: 432400K->145696K(507904K)] 1552163K->1373815K(1906176K), 0.0548172 secs] [Times: user=0.33 sys=0.00, real=0.06 secs] 
6873.345: [GC (Allocation Failure) [PSYoungGen: 469280K->112544K(509440K)] 1697399K->1477311K(1907712K), 0.0656844 secs] [Times: user=0.39 sys=0.00, real=0.07 secs] 
6873.411: [Full GC (Ergonomics) [PSYoungGen: 112544K->0K(509440K)] [ParOldGen: 1364767K->37351K(1398272K)] 1477311K->37351K(1907712K), [Metaspace: 59686K->59686K(1105920K)], 0.0745732 secs] [Times: user=0.28 sys=0.01, real=0.07 secs] 
6875.434: [GC (Allocation Failure) [PSYoungGen: 323584K->147232K(509440K)] 360935K->184583K(1907712K), 0.0290207 secs] [Times: user=0.17 sys=0.00, real=0.03 secs] 
6877.734: [GC (GCLocker Initiated GC) [PSYoungGen: 473888K->110272K(511488K)] 511240K->285901K(1909760K), 0.0936674 secs] [Times: user=0.56 sys=0.00, real=0.09 secs] 
6880.292: [GC (Allocation Failure) [PSYoungGen: 436928K->151872K(508416K)] 612576K->433997K(1906688K), 0.0537157 secs] [Times: user=0.32 sys=0.00, real=0.05 secs] 
6881.547: [GC (Allocation Failure) [PSYoungGen: 478016K->113392K(512512K)] 760141K->537870K(1910784K), 0.0684149 secs] [Times: user=0.40 sys=0.01, real=0.07 secs] 
6882.806: [GC (Allocation Failure) [PSYoungGen: 439536K->152816K(507904K)] 864014K->686762K(1906176K), 0.0538309 secs] [Times: user=0.32 sys=0.00, real=0.05 secs] 
6887.350: [GC (Allocation Failure) [PSYoungGen: 477936K->94944K(420352K)] 1011882K->780562K(1818624K), 0.1608143 secs] [Times: user=0.96 sys=0.00, real=0.17 secs] 
6888.353: [GC (Allocation Failure) [PSYoungGen: 420064K->153408K(504320K)] 1105682K->930371K(1902592K), 0.0654593 secs] [Times: user=0.38 sys=0.00, real=0.06 secs] 
6892.642: [GC (Allocation Failure) [PSYoungGen: 466794K->89632K(407040K)] 1243757K->1019859K(1805312K), 0.1759305 secs] [Times: user=1.05 sys=0.00, real=0.17 secs] 
6893.680: [GC (Allocation Failure) [PSYoungGen: 406560K->150752K(501248K)] 1336787K->1166263K(1899520K), 0.0537864 secs] [Times: user=0.31 sys=0.00, real=0.06 secs] 
6895.880: [GC (Allocation Failure) [PSYoungGen: 458494K->92688K(504320K)] 1474005K->1258336K(1902592K), 0.1720498 secs] [Times: user=1.03 sys=0.00, real=0.18 secs] 
6896.848: [GC (Allocation Failure) [PSYoungGen: 387956K->138320K(499712K)] 1553603K->1392536K(1897984K), 0.0496334 secs] [Times: user=0.30 sys=0.00, real=0.05 secs] 
6896.898: [Full GC (Ergonomics) [PSYoungGen: 138320K->0K(499712K)] [ParOldGen: 1254216K->196464K(1398272K)] 1392536K->196464K(1897984K), [Metaspace: 59686K->59686K(1105920K)], 0.4756581 secs] [Times: user=2.21 sys=0.00, real=0.48 secs] 
6899.284: [GC (Allocation Failure) [PSYoungGen: 310272K->102688K(502272K)] 506736K->299152K(1900544K), 0.0348057 secs] [Times: user=0.20 sys=0.00, real=0.03 secs] 
6900.474: [GC (Allocation Failure) [PSYoungGen: 412960K->144480K(505856K)] 609424K->440233K(1904128K), 0.0490311 secs] [Times: user=0.28 sys=0.00, real=0.05 secs] 
6902.795: [GC (Allocation Failure) [PSYoungGen: 460896K->107104K(423936K)] 756649K->537937K(1822208K), 0.0636233 secs] [Times: user=0.38 sys=0.00, real=0.06 secs] 
6903.757: [GC (Allocation Failure) [PSYoungGen: 423520K->147872K(503808K)] 854353K->682458K(1902080K), 0.0518191 secs] [Times: user=0.31 sys=0.00, real=0.05 secs] 
6905.289: [GC (Allocation Failure) [PSYoungGen: 464288K->106576K(506368K)] 998874K->780058K(1904640K), 0.0649462 secs] [Times: user=0.39 sys=0.00, real=0.07 secs] 
6907.019: [GC (Allocation Failure) [PSYoungGen: 419873K->143840K(507392K)] 1093356K->920491K(1905664K), 0.0507278 secs] [Times: user=0.30 sys=0.00, real=0.05 secs] 
6908.679: [GC (Allocation Failure) [PSYoungGen: 464352K->107920K(508416K)] 1241003K->1019927K(1906688K), 0.0669366 secs] [Times: user=0.40 sys=0.01, real=0.07 secs] 
6911.312: [GC (Allocation Failure) [PSYoungGen: 418998K->143504K(507904K)] 1331005K->1159436K(1906176K), 0.0511933 secs] [Times: user=0.31 sys=0.00, real=0.05 secs] 
6913.604: [GC (Allocation Failure) [PSYoungGen: 466576K->107136K(508928K)] 1482508K->1257519K(1907200K), 0.1200850 secs] [Times: user=0.71 sys=0.00, real=0.12 secs] 
6915.124: [GC (Allocation Failure) [PSYoungGen: 430208K->167936K(495104K)] 1580591K->1422028K(1893376K), 0.0555008 secs] [Times: user=0.33 sys=0.00, real=0.05 secs] 
6915.180: [Full GC (Ergonomics) [PSYoungGen: 167936K->0K(495104K)] [ParOldGen: 1254092K->204534K(1398272K)] 1422028K->204534K(1893376K), [Metaspace: 59686K->59686K(1105920K)], 0.4851306 secs] [Times: user=2.27 sys=0.01, real=0.49 secs] 
6917.763: [GC (Allocation Failure) [PSYoungGen: 311808K->94096K(505344K)] 516342K->298631K(1903616K), 0.1774057 secs] [Times: user=1.06 sys=0.00, real=0.17 secs] 
6919.116: [GC (Allocation Failure) [PSYoungGen: 397204K->141648K(502784K)] 601739K->436160K(1901056K), 0.0486326 secs] [Times: user=0.28 sys=0.01, real=0.05 secs] 
6920.769: [GC (Allocation Failure) [PSYoungGen: 453968K->108368K(504320K)] 748480K->535080K(1902592K), 0.0881431 secs] [Times: user=0.52 sys=0.00, real=0.09 secs] 
6921.654: [GC (Allocation Failure) [PSYoungGen: 414046K->145040K(504320K)] 840758K->674117K(1902592K), 0.0509487 secs] [Times: user=0.30 sys=0.00, real=0.05 secs] 
6925.390: [GC (GCLocker Initiated GC) [PSYoungGen: 460432K->100112K(505344K)] 989509K->765149K(1903616K), 0.0883908 secs] [Times: user=0.52 sys=0.00, real=0.09 secs] 
6928.169: [GC (Allocation Failure) [PSYoungGen: 415504K->144896K(507392K)] 1080593K->906253K(1905664K), 0.0496777 secs] [Times: user=0.29 sys=0.01, real=0.05 secs] 
6929.736: [GC (GCLocker Initiated GC) [PSYoungGen: 463872K->106528K(425984K)] 1225229K->1003521K(1824256K), 0.0645324 secs] [Times: user=0.37 sys=0.00, real=0.07 secs] 
6932.721: [GC (Allocation Failure) [PSYoungGen: 425504K->145168K(505856K)] 1322499K->1145081K(1904128K), 0.1382586 secs] [Times: user=0.82 sys=0.01, real=0.14 secs] 
6934.409: [GC (Allocation Failure) [PSYoungGen: 464656K->109296K(507392K)] 1464569K->1245777K(1905664K), 0.0932822 secs] [Times: user=0.55 sys=0.00, real=0.10 secs] 
6935.211: [GC (Allocation Failure) [PSYoungGen: 425210K->147264K(506880K)] 1561691K->1389617K(1905152K), 0.0532517 secs] [Times: user=0.31 sys=0.01, real=0.06 secs] 
6935.264: [Full GC (Ergonomics) [PSYoungGen: 147264K->0K(506880K)] [ParOldGen: 1242353K->196674K(1398272K)] 1389617K->196674K(1905152K), [Metaspace: 59686K->59686K(1105920K)], 0.4820573 secs] [Times: user=2.26 sys=0.00, real=0.48 secs] 
6939.369: [GC (Allocation Failure) [PSYoungGen: 322048K->102528K(509440K)] 518722K->299202K(1907712K), 0.0469254 secs] [Times: user=0.27 sys=0.00, real=0.05 secs] 
6941.513: [GC (Allocation Failure) [PSYoungGen: 424576K->148160K(508416K)] 621250K->443671K(1906688K), 0.0496755 secs] [Times: user=0.29 sys=0.01, real=0.05 secs] 
6943.657: [GC (Allocation Failure) [PSYoungGen: 471232K->107792K(510976K)] 766743K->542799K(1909248K), 0.1644111 secs] [Times: user=0.96 sys=0.02, real=0.17 secs] 
6945.247: [GC (Allocation Failure) [PSYoungGen: 417869K->143312K(510464K)] 852876K->682008K(1908736K), 0.0720333 secs] [Times: user=0.43 sys=0.00, real=0.07 secs] 
6947.591: [GC (Allocation Failure) [PSYoungGen: 468432K->109536K(434688K)] 1007128K->782972K(1832960K), 0.1475681 secs] [Times: user=0.83 sys=0.00, real=0.14 secs] 
6949.282: [GC (Allocation Failure) [PSYoungGen: 434656K->152240K(505856K)] 1108092K->930789K(1904128K), 0.0964571 secs] [Times: user=0.57 sys=0.00, real=0.09 secs] 
6952.697: [GC (Allocation Failure) [PSYoungGen: 475312K->98688K(510464K)] 1253861K->1028812K(1908736K), 0.1666340 secs] [Times: user=0.99 sys=0.00, real=0.17 secs] 
6954.249: [GC (Allocation Failure) [PSYoungGen: 421760K->152000K(504320K)] 1351884K->1174465K(1902592K), 0.1481189 secs] [Times: user=0.87 sys=0.00, real=0.15 secs] 
6956.783: [GC (Allocation Failure) [PSYoungGen: 469952K->97168K(508416K)] 1492417K->1271434K(1906688K), 0.1726023 secs] [Times: user=1.03 sys=0.00, real=0.17 secs] 
6957.913: [GC (GCLocker Initiated GC) [PSYoungGen: 415120K->150320K(502784K)] 1589386K->1415257K(1901056K), 0.1196065 secs] [Times: user=0.61 sys=0.00, real=0.12 secs] 
6958.033: [Full GC (Ergonomics) [PSYoungGen: 150320K->0K(502784K)] [ParOldGen: 1264937K->213446K(1398272K)] 1415257K->213446K(1901056K), [Metaspace: 59686K->59686K(1105920K)], 0.5372938 secs] [Times: user=2.55 sys=0.00, real=0.53 secs] 
6960.562: [GC (Allocation Failure) [PSYoungGen: 313856K->95136K(506368K)] 527354K->308634K(1904640K), 0.1396424 secs] [Times: user=0.82 sys=0.01, real=0.14 secs] 
6961.563: [GC (Allocation Failure) [PSYoungGen: 408992K->167328K(488448K)] 622490K->469773K(1886720K), 0.0545643 secs] [Times: user=0.32 sys=0.00, real=0.05 secs] 
6963.525: [GC (Allocation Failure) [PSYoungGen: 464800K->93088K(498176K)] 767245K->546117K(1896448K), 0.0809055 secs] [Times: user=0.48 sys=0.00, real=0.08 secs] 
6964.210: [GC (Allocation Failure) [PSYoungGen: 383852K->138624K(492544K)] 836882K->674434K(1890816K), 0.0490061 secs] [Times: user=0.28 sys=0.01, real=0.05 secs] 
6965.626: [GC (GCLocker Initiated GC) [PSYoungGen: 437632K->98128K(496128K)] 973442K->763451K(1894400K), 0.0618318 secs] [Times: user=0.36 sys=0.00, real=0.06 secs] 
6967.237: [GC (Allocation Failure) [PSYoungGen: 397136K->147344K(500224K)] 1062462K->907159K(1898496K), 0.0485837 secs] [Times: user=0.28 sys=0.00, real=0.05 secs] 
6970.170: [GC (Allocation Failure) [PSYoungGen: 452978K->102240K(408064K)] 1212792K->992378K(1806336K), 0.0628348 secs] [Times: user=0.37 sys=0.00, real=0.07 secs] 
6972.637: [GC (Allocation Failure) [PSYoungGen: 407904K->136176K(503808K)] 1298042K->1126168K(1902080K), 0.0504590 secs] [Times: user=0.30 sys=0.00, real=0.05 secs] 
6973.800: [GC (GCLocker Initiated GC) [PSYoungGen: 446448K->104656K(501248K)] 1436440K->1221224K(1899520K), 0.0622572 secs] [Times: user=0.36 sys=0.01, real=0.07 secs] 
6976.006: [GC (Allocation Failure) [PSYoungGen: 414928K->140528K(502272K)] 1531499K->1359152K(1900544K), 0.0530589 secs] [Times: user=0.31 sys=0.00, real=0.05 secs] 
6977.414: [GC (Allocation Failure) [PSYoungGen: 454896K->108384K(502272K)] 1673520K->1457695K(1900544K), 0.0646431 secs] [Times: user=0.38 sys=0.00, real=0.06 secs] 
6977.479: [Full GC (Ergonomics) [PSYoungGen: 108384K->0K(502272K)] [ParOldGen: 1349311K->26243K(1398272K)] 1457695K->26243K(1900544K), [Metaspace: 59686K->59686K(1105920K)], 0.0705043 secs] [Times: user=0.27 sys=0.00, real=0.07 secs] 
6979.158: [GC (Allocation Failure) [PSYoungGen: 314368K->142368K(506368K)] 340611K->168611K(1904640K), 0.0282490 secs] [Times: user=0.16 sys=0.00, real=0.03 secs] 
6981.052: [GC (Allocation Failure) [PSYoungGen: 464416K->110880K(507392K)] 490659K->270244K(1905664K), 0.0645030 secs] [Times: user=0.39 sys=0.00, real=0.06 secs] 
6982.623: [GC (Allocation Failure) [PSYoungGen: 432928K->146048K(508416K)] 592292K->414288K(1906688K), 0.0537930 secs] [Times: user=0.32 sys=0.00, real=0.05 secs] 
6984.263: [GC (Allocation Failure) [PSYoungGen: 471840K->112160K(510976K)] 740081K->517352K(1909248K), 0.0653138 secs] [Times: user=0.39 sys=0.00, real=0.06 secs] 
6986.471: [GC (Allocation Failure) [PSYoungGen: 438816K->148288K(509952K)] 844008K->662845K(1908224K), 0.0543139 secs] [Times: user=0.32 sys=0.00, real=0.05 secs] 
6987.762: [GC (Allocation Failure) [PSYoungGen: 477504K->114496K(513536K)] 992061K->767877K(1911808K), 0.0663311 secs] [Times: user=0.39 sys=0.00, real=0.06 secs] 
6989.258: [GC (Allocation Failure) [PSYoungGen: 440113K->149440K(511488K)] 1093494K->913910K(1909760K), 0.0549567 secs] [Times: user=0.32 sys=0.00, real=0.06 secs] 
6992.092: [GC (Allocation Failure) [PSYoungGen: 480192K->112592K(514560K)] 1244662K->1016923K(1912832K), 0.1055761 secs] [Times: user=0.62 sys=0.01, real=0.10 secs] 
6992.744: [GC (Allocation Failure) [PSYoungGen: 443344K->157184K(505856K)] 1347675K->1170205K(1904128K), 0.0542624 secs] [Times: user=0.32 sys=0.00, real=0.05 secs] 
6995.887: [GC (Allocation Failure) [PSYoungGen: 482304K->96640K(512000K)] 1495325K->1266397K(1910272K), 0.1738511 secs] [Times: user=1.04 sys=0.00, real=0.17 secs] 
6996.331: [GC (Allocation Failure) [PSYoungGen: 421760K->158336K(500736K)] 1591517K->1418754K(1899008K), 0.0567743 secs] [Times: user=0.33 sys=0.00, real=0.05 secs] 
6996.388: [Full GC (Ergonomics) [PSYoungGen: 158336K->0K(500736K)] [ParOldGen: 1260418K->223965K(1398272K)] 1418754K->223965K(1899008K), [Metaspace: 59686K->59686K(1105920K)], 0.5374734 secs] [Times: user=2.53 sys=0.00, real=0.54 secs] 
6999.692: [GC (Allocation Failure) [PSYoungGen: 313856K->88544K(402432K)] 537821K->312509K(1800704K), 0.1053234 secs] [Times: user=0.62 sys=0.00, real=0.10 secs] 
7000.329: [GC (Allocation Failure) [PSYoungGen: 402400K->151840K(499712K)] 626365K->458427K(1897984K), 0.0538484 secs] [Times: user=0.32 sys=0.00, real=0.06 secs] 
7003.998: [GC (Allocation Failure) [PSYoungGen: 458528K->87168K(394240K)] 765115K->545563K(1792512K), 0.1631227 secs] [Times: user=0.96 sys=0.01, real=0.17 secs] 
7004.559: [GC (Allocation Failure) [PSYoungGen: 393856K->149408K(498176K)] 852251K->688920K(1896448K), 0.0525993 secs] [Times: user=0.32 sys=0.00, real=0.06 secs] 
7007.315: [GC (Allocation Failure) [PSYoungGen: 448338K->87296K(500224K)] 987851K->775900K(1898496K), 0.1640786 secs] [Times: user=0.98 sys=0.00, real=0.16 secs] 
7008.014: [GC (Allocation Failure) [PSYoungGen: 382313K->138224K(496640K)] 1070918K->910844K(1894912K), 0.0592996 secs] [Times: user=0.34 sys=0.02, real=0.06 secs] 
7009.744: [GC (Allocation Failure) [PSYoungGen: 440304K->97440K(498688K)] 1212924K->999667K(1896960K), 0.0744111 secs] [Times: user=0.44 sys=0.00, real=0.07 secs] 
7012.472: [GC (Allocation Failure) [PSYoungGen: 399520K->141408K(500736K)] 1301747K->1137264K(1899008K), 0.0488072 secs] [Times: user=0.29 sys=0.00, real=0.05 secs] 
7014.725: [GC (Allocation Failure) [PSYoungGen: 448608K->99904K(501248K)] 1444464K->1228668K(1899520K), 0.1004083 secs] [Times: user=0.60 sys=0.00, real=0.10 secs] 
7017.030: [GC (Allocation Failure) [PSYoungGen: 407104K->141344K(501760K)] 1535868K->1367265K(1900032K), 0.0512448 secs] [Times: user=0.31 sys=0.00, real=0.06 secs] 
7017.082: [Full GC (Ergonomics) [PSYoungGen: 141344K->0K(501760K)] [ParOldGen: 1225921K->174379K(1398272K)] 1367265K->174379K(1900032K), [Metaspace: 59686K->59686K(1105920K)], 0.4236456 secs] [Times: user=1.96 sys=0.00, real=0.42 secs] 
7019.193: [GC (Allocation Failure) [PSYoungGen: 310784K->102944K(502272K)] 485163K->277323K(1900544K), 0.0339119 secs] [Times: user=0.19 sys=0.00, real=0.03 secs] 
7020.718: [GC (Allocation Failure) [PSYoungGen: 413728K->144864K(502272K)] 588107K->419880K(1900544K), 0.0519481 secs] [Times: user=0.31 sys=0.00, real=0.05 secs] 
7021.875: [GC (Allocation Failure) [PSYoungGen: 459232K->106704K(504320K)] 734248K->517613K(1902592K), 0.0648189 secs] [Times: user=0.39 sys=0.00, real=0.06 secs] 
7024.399: [GC (Allocation Failure) [PSYoungGen: 421072K->142624K(505856K)] 831981K->658089K(1904128K), 0.0523790 secs] [Times: user=0.31 sys=0.00, real=0.06 secs] 
7025.550: [GC (Allocation Failure) [PSYoungGen: 462112K->110272K(507392K)] 977577K->759361K(1905664K), 0.0646938 secs] [Times: user=0.38 sys=0.00, real=0.07 secs] 
7027.310: [GC (Allocation Failure) [PSYoungGen: 429760K->146432K(505856K)] 1078849K->903713K(1904128K), 0.0546710 secs] [Times: user=0.33 sys=0.00, real=0.06 secs] 
7030.146: [GC (Allocation Failure) [PSYoungGen: 468480K->107216K(508416K)] 1225761K->1001690K(1906688K), 0.1076010 secs] [Times: user=0.64 sys=0.00, real=0.11 secs] 
7033.634: [GC (Allocation Failure) [PSYoungGen: 429264K->147488K(508928K)] 1323738K->1146138K(1907200K), 0.0540731 secs] [Times: user=0.32 sys=0.00, real=0.05 secs] 
7034.895: [GC (Allocation Failure) [PSYoungGen: 473120K->109440K(512000K)] 1471770K->1246426K(1910272K), 0.0666769 secs] [Times: user=0.40 sys=0.00, real=0.07 secs] 
7037.486: [GC (Allocation Failure) [PSYoungGen: 435072K->152000K(506880K)] 1572058K->1394975K(1905152K), 0.0548485 secs] [Times: user=0.33 sys=0.00, real=0.05 secs] 
7037.540: [Full GC (Ergonomics) [PSYoungGen: 152000K->0K(506880K)] [ParOldGen: 1242975K->193555K(1398272K)] 1394975K->193555K(1905152K), [Metaspace: 59686K->59686K(1105920K)], 0.4743566 secs] [Times: user=2.22 sys=0.00, real=0.48 secs] 
7040.086: [GC (Allocation Failure) [PSYoungGen: 324096K->106816K(511488K)] 517651K->300371K(1909760K), 0.0730193 secs] [Times: user=0.36 sys=0.00, real=0.07 secs] 
7041.502: [GC (Allocation Failure) [PSYoungGen: 418160K->145824K(509952K)] 611715K->442188K(1908224K), 0.0508418 secs] [Times: user=0.30 sys=0.00, real=0.05 secs] 
7044.472: [GC (Allocation Failure) [PSYoungGen: 470944K->107056K(432640K)] 767308K->540605K(1830912K), 0.1669173 secs] [Times: user=0.99 sys=0.00, real=0.16 secs] 
7045.984: [GC (Allocation Failure) [PSYoungGen: 432176K->168576K(493568K)] 865725K->705097K(1891840K), 0.0529585 secs] [Times: user=0.31 sys=0.00, real=0.05 secs] 
7048.319: [GC (Allocation Failure) [PSYoungGen: 478336K->89856K(504320K)] 1014857K->778297K(1902592K), 0.1315832 secs] [Times: user=0.78 sys=0.01, real=0.13 secs] 
7050.036: [GC (Allocation Failure) [PSYoungGen: 399005K->144272K(504320K)] 1087447K->919071K(1902592K), 0.0499496 secs] [Times: user=0.29 sys=0.00, real=0.05 secs] 
7052.605: [GC (Allocation Failure) [PSYoungGen: 454032K->101536K(411648K)] 1228831K->1011774K(1809920K), 0.1588170 secs] [Times: user=0.95 sys=0.00, real=0.16 secs] 
7054.504: [GC (Allocation Failure) [PSYoungGen: 411296K->151888K(499200K)] 1321534K->1159816K(1897472K), 0.0509577 secs] [Times: user=0.30 sys=0.00, real=0.05 secs] 
7055.730: [GC (Allocation Failure) [PSYoungGen: 458576K->101968K(502272K)] 1466504K->1244792K(1900544K), 0.0640090 secs] [Times: user=0.38 sys=0.00, real=0.07 secs] 
7057.355: [GC (Allocation Failure) [PSYoungGen: 408656K->142240K(502784K)] 1551480K->1383476K(1901056K), 0.0511107 secs] [Times: user=0.30 sys=0.00, real=0.05 secs] 
7057.406: [Full GC (Ergonomics) [PSYoungGen: 142240K->0K(502784K)] [ParOldGen: 1241236K->183191K(1398272K)] 1383476K->183191K(1901056K), [Metaspace: 59686K->59686K(1105920K)], 0.4505509 secs] [Times: user=2.10 sys=0.00, real=0.45 secs] 
7059.857: [GC (Allocation Failure) [PSYoungGen: 310272K->105632K(503296K)] 493463K->288824K(1901568K), 0.0420755 secs] [Times: user=0.25 sys=0.01, real=0.04 secs] 
7061.600: [GC (Allocation Failure) [PSYoungGen: 415904K->144160K(502784K)] 599096K->426876K(1901056K), 0.0509336 secs] [Times: user=0.30 sys=0.00, real=0.06 secs] 
7063.972: [GC (Allocation Failure) [PSYoungGen: 456992K->104992K(503296K)] 739708K->521936K(1901568K), 0.0635427 secs] [Times: user=0.38 sys=0.00, real=0.06 secs] 
7066.357: [GC (Allocation Failure) [PSYoungGen: 417824K->142848K(505856K)] 834768K->662477K(1904128K), 0.0523376 secs] [Times: user=0.31 sys=0.01, real=0.05 secs] 
7068.258: [GC (Allocation Failure) [PSYoungGen: 460800K->108576K(506368K)] 980429K->762021K(1904640K), 0.0643523 secs] [Times: user=0.38 sys=0.00, real=0.07 secs] 
7070.457: [GC (Allocation Failure) [PSYoungGen: 426528K->144544K(506880K)] 1079973K->904538K(1905152K), 0.0533229 secs] [Times: user=0.31 sys=0.00, real=0.05 secs] 
7072.664: [GC (Allocation Failure) [PSYoungGen: 466080K->108384K(507904K)] 1226074K->1004186K(1906176K), 0.0648991 secs] [Times: user=0.38 sys=0.00, real=0.06 secs] 
7074.434: [GC (Allocation Failure) [PSYoungGen: 429920K->145776K(509440K)] 1325722K->1146512K(1907712K), 0.0528864 secs] [Times: user=0.31 sys=0.00, real=0.05 secs] 
7075.917: [GC (Allocation Failure) [PSYoungGen: 471408K->110400K(510976K)] 1472144K->1247467K(1909248K), 0.0663647 secs] [Times: user=0.40 sys=0.00, real=0.07 secs] 
7076.676: [GC (Allocation Failure) [PSYoungGen: 436032K->148896K(508928K)] 1573099K->1392900K(1907200K), 0.0891681 secs] [Times: user=0.53 sys=0.00, real=0.09 secs] 
7076.765: [Full GC (Ergonomics) [PSYoungGen: 148896K->0K(508928K)] [ParOldGen: 1244004K->191424K(1398272K)] 1392900K->191424K(1907200K), [Metaspace: 59698K->59698K(1105920K)], 0.4849749 secs] [Times: user=2.29 sys=0.00, real=0.48 secs] 
Heap
 PSYoungGen      total 508928K, used 224861K [0x00000000d5