1.254: [GC (Allocation Failure) [PSYoungGen: 128000K->12851K(148992K)] 128000K->12939K(488960K), 0.0996832 secs] [Times: user=0.01 sys=0.00, real=0.10 secs] 
1.477: [GC (Metadata GC Threshold) [PSYoungGen: 49621K->6107K(148992K)] 49709K->6203K(488960K), 0.0040307 secs] [Times: user=0.02 sys=0.01, real=0.00 secs] 
1.481: [Full GC (Metadata GC Threshold) [PSYoungGen: 6107K->0K(148992K)] [ParOldGen: 96K->5913K(197120K)] 6203K->5913K(346112K), [Metaspace: 20446K->20446K(1067008K)], 0.0159683 secs] [Times: user=0.04 sys=0.00, real=0.02 secs] 
2.135: [GC (Allocation Failure) [PSYoungGen: 128000K->10327K(148992K)] 133913K->16249K(346112K), 0.0028945 secs] [Times: user=0.00 sys=0.00, real=0.00 secs] 
2.838: [GC (Metadata GC Threshold) [PSYoungGen: 36148K->4597K(196096K)] 42070K->10527K(393216K), 0.0024883 secs] [Times: user=0.01 sys=0.00, real=0.00 secs] 
2.841: [Full GC (Metadata GC Threshold) [PSYoungGen: 4597K->0K(196096K)] [ParOldGen: 5929K->8804K(313856K)] 10527K->8804K(509952K), [Metaspace: 33711K->33711K(1079296K)], 0.0155771 secs] [Times: user=0.05 sys=0.00, real=0.02 secs] 
3.750: [GC (Allocation Failure) [PSYoungGen: 180736K->18191K(201728K)] 189540K->27003K(515584K), 0.0073285 secs] [Times: user=0.03 sys=0.01, real=0.01 secs] 
4.260: [GC (Allocation Failure) [PSYoungGen: 198927K->13594K(273920K)] 207739K->96150K(587776K), 0.0096723 secs] [Times: user=0.04 sys=0.02, real=0.01 secs] 
4.843: [GC (Allocation Failure) [PSYoungGen: 267546K->4615K(274432K)] 350102K->218251K(588288K), 0.0130212 secs] [Times: user=0.05 sys=0.03, real=0.01 secs] 
6.552: [GC (Allocation Failure) [PSYoungGen: 258567K->20457K(400896K)] 472203K->252020K(714752K), 0.0066867 secs] [Times: user=0.03 sys=0.00, real=0.00 secs] 
6.558: [Full GC (Ergonomics) [PSYoungGen: 20457K->0K(400896K)] [ParOldGen: 231563K->94981K(593408K)] 252020K->94981K(994304K), [Metaspace: 52928K->52928K(1097728K)], 0.0745427 secs] [Times: user=0.31 sys=0.00, real=0.08 secs] 
8.720: [GC (Allocation Failure) [PSYoungGen: 380416K->18192K(412160K)] 475397K->113181K(1005568K), 0.0037543 secs] [Times: user=0.02 sys=0.00, real=0.01 secs] 
10.460: [GC (Allocation Failure) [PSYoungGen: 398608K->5885K(474112K)] 493597K->100883K(1067520K), 0.0021999 secs] [Times: user=0.01 sys=0.00, real=0.01 secs] 
14.040: [GC (Allocation Failure) [PSYoungGen: 461565K->9949K(486912K)] 556563K->104947K(1080320K), 0.0035801 secs] [Times: user=0.01 sys=0.01, real=0.01 secs] 
17.950: [GC (Allocation Failure) [PSYoungGen: 465629K->18173K(537600K)] 560627K->113179K(1131008K), 0.0033385 secs] [Times: user=0.02 sys=0.00, real=0.01 secs] 
21.039: [GC (Allocation Failure) [PSYoungGen: 537341K->1821K(549888K)] 632347K->129602K(1143296K), 0.0050474 secs] [Times: user=0.02 sys=0.00, real=0.01 secs] 
25.987: [GC (Allocation Failure) [PSYoungGen: 521501K->1055K(611328K)] 649282K->259917K(1204736K), 0.0151848 secs] [Times: user=0.08 sys=0.01, real=0.02 secs] 
33.403: [GC (Allocation Failure) [PSYoungGen: 582687K->1949K(612352K)] 841549K->260811K(1205760K), 0.0024045 secs] [Times: user=0.01 sys=0.00, real=0.00 secs] 
38.489: [GC (Allocation Failure) [PSYoungGen: 583581K->797K(646144K)] 842443K->259667K(1239552K), 0.0022637 secs] [Times: user=0.01 sys=0.00, real=0.00 secs] 
44.065: [GC (Allocation Failure) [PSYoungGen: 627997K->10125K(618496K)] 886867K->269003K(1211904K), 0.0031938 secs] [Times: user=0.01 sys=0.00, real=0.00 secs] 
51.821: [GC (Allocation Failure) [PSYoungGen: 618381K->18349K(608768K)] 877259K->277235K(1202176K), 0.0075106 secs] [Times: user=0.03 sys=0.01, real=0.01 secs] 
57.894: [GC (Allocation Failure) [PSYoungGen: 608685K->18381K(591360K)] 867571K->277267K(1184768K), 0.0035421 secs] [Times: user=0.01 sys=0.00, real=0.00 secs] 
68.192: [GC (Allocation Failure) [PSYoungGen: 591309K->18365K(574976K)] 850195K->277251K(1168384K), 0.0069056 secs] [Times: user=0.03 sys=0.00, real=0.00 secs] 
73.900: [GC (Allocation Failure) [PSYoungGen: 574909K->18317K(559104K)] 833795K->277203K(1152512K), 0.0049546 secs] [Times: user=0.02 sys=0.01, real=0.01 secs] 
81.402: [GC (Allocation Failure) [PSYoungGen: 558989K->10125K(535552K)] 817875K->269019K(1128960K), 0.0032054 secs] [Times: user=0.02 sys=0.00, real=0.00 secs] 
87.412: [GC (Allocation Failure) [PSYoungGen: 535437K->1981K(513024K)] 794331K->260875K(1106432K), 0.0026749 secs] [Times: user=0.01 sys=0.01, real=0.01 secs] 
92.393: [GC (Allocation Failure) [PSYoungGen: 512957K->1616K(499200K)] 771851K->260875K(1092608K), 0.0020238 secs] [Times: user=0.01 sys=0.00, real=0.00 secs] 
100.617: [GC (Allocation Failure) [PSYoungGen: 498768K->1648K(485888K)] 758027K->260955K(1079296K), 0.0046370 secs] [Times: user=0.02 sys=0.00, real=0.00 secs] 
107.668: [GC (Allocation Failure) [PSYoungGen: 485488K->2656K(474112K)] 744795K->262011K(1067520K), 0.0057623 secs] [Times: user=0.02 sys=0.00, real=0.01 secs] 
111.589: [GC (Allocation Failure) [PSYoungGen: 473696K->1648K(460800K)] 733051K->261043K(1054208K), 0.0016254 secs] [Times: user=0.01 sys=0.00, real=0.00 secs] 
114.910: [GC (Allocation Failure) [PSYoungGen: 460400K->18016K(465408K)] 719795K->277435K(1058816K), 0.0033438 secs] [Times: user=0.01 sys=0.00, real=0.01 secs] 
117.780: [GC (Allocation Failure) [PSYoungGen: 464992K->1488K(437248K)] 724411K->261099K(1030656K), 0.0022556 secs] [Times: user=0.00 sys=0.00, real=0.01 secs] 
122.287: [GC (Allocation Failure) [PSYoungGen: 437200K->17872K(442880K)] 696811K->277515K(1036288K), 0.0030874 secs] [Times: user=0.01 sys=0.00, real=0.00 secs] 
126.177: [GC (Allocation Failure) [PSYoungGen: 442832K->1520K(415744K)] 702475K->261195K(1009152K), 0.0026725 secs] [Times: user=0.01 sys=0.00, real=0.00 secs] 
131.294: [GC (Allocation Failure) [PSYoungGen: 415728K->9696K(417792K)] 675403K->269403K(1011200K), 0.0020788 secs] [Times: user=0.01 sys=0.00, real=0.00 secs] 
133.906: [GC (Allocation Failure) [PSYoungGen: 413664K->1488K(395776K)] 673371K->261235K(989184K), 0.0018095 secs] [Times: user=0.01 sys=0.00, real=0.00 secs] 
138.266: [GC (Allocation Failure) [PSYoungGen: 395728K->1504K(401920K)] 655475K->261259K(995328K), 0.0033415 secs] [Times: user=0.01 sys=0.00, real=0.00 secs] 
144.572: [GC (Allocation Failure) [PSYoungGen: 386528K->9680K(385536K)] 646283K->269459K(978944K), 0.0036176 secs] [Times: user=0.01 sys=0.00, real=0.00 secs] 
148.466: [GC (Allocation Failure) [PSYoungGen: 385488K->1472K(381952K)] 645267K->261283K(975360K), 0.0017533 secs] [Times: user=0.01 sys=0.00, real=0.00 secs] 
152.124: [GC (Allocation Failure) [PSYoungGen: 368576K->1472K(359936K)] 628387K->261299K(953344K), 0.0022250 secs] [Times: user=0.01 sys=0.00, real=0.00 secs] 
157.719: [GC (Allocation Failure) [PSYoungGen: 359872K->1440K(364032K)] 619699K->261291K(957440K), 0.0029804 secs] [Times: user=0.01 sys=0.00, real=0.01 secs] 
163.155: [GC (Allocation Failure) [PSYoungGen: 351648K->9648K(352256K)] 611499K->269531K(945664K), 0.0018070 secs] [Times: user=0.01 sys=0.00, real=0.00 secs] 
168.075: [GC (Allocation Failure) [PSYoungGen: 352176K->17888K(355840K)] 612059K->277779K(949248K), 0.0034642 secs] [Times: user=0.02 sys=0.00, real=0.00 secs] 
170.244: [GC (Allocation Failure) [PSYoungGen: 352736K->1440K(329216K)] 612627K->261355K(922624K), 0.0020016 secs] [Times: user=0.01 sys=0.00, real=0.00 secs] 
173.144: [GC (Allocation Failure) [PSYoungGen: 329120K->1456K(335872K)] 589035K->261379K(929280K), 0.0028516 secs] [Times: user=0.01 sys=0.00, real=0.00 secs] 
177.993: [GC (Allocation Failure) [PSYoungGen: 321968K->1472K(315392K)] 581891K->261403K(908800K), 0.0025086 secs] [Times: user=0.01 sys=0.00, real=0.00 secs] 
181.363: [GC (Allocation Failure) [PSYoungGen: 315328K->1456K(321536K)] 575259K->261395K(914944K), 0.0022759 secs] [Times: user=0.01 sys=0.00, real=0.00 secs] 
183.737: [GC (Allocation Failure) [PSYoungGen: 308656K->1504K(302592K)] 568595K->261475K(896000K), 0.0019681 secs] [Times: user=0.00 sys=0.00, real=0.00 secs] 
186.518: [GC (Allocation Failure) [PSYoungGen: 302560K->1472K(307712K)] 562531K->261459K(901120K), 0.0028998 secs] [Times: user=0.01 sys=0.00, real=0.00 secs] 
189.172: [GC (Allocation Failure) [PSYoungGen: 296384K->1408K(290304K)] 556371K->261411K(883712K), 0.0049491 secs] [Times: user=0.02 sys=0.00, real=0.00 secs] 
191.444: [GC (Allocation Failure) [PSYoungGen: 290176K->1472K(294400K)] 550179K->261475K(887808K), 0.0024502 secs] [Times: user=0.01 sys=0.00, real=0.00 secs] 
193.755: [GC (Allocation Failure) [PSYoungGen: 284608K->1440K(279040K)] 544611K->261451K(872448K), 0.0019519 secs] [Times: user=0.01 sys=0.00, real=0.00 secs] 
198.121: [GC (Allocation Failure) [PSYoungGen: 278944K->1424K(283136K)] 538955K->261451K(876544K), 0.0023399 secs] [Times: user=0.01 sys=0.00, real=0.01 secs] 
201.597: [GC (Allocation Failure) [PSYoungGen: 273808K->1472K(268800K)] 533835K->261499K(862208K), 0.0035843 secs] [Times: user=0.01 sys=0.00, real=0.00 secs] 
204.169: [GC (Allocation Failure) [PSYoungGen: 268736K->9664K(274432K)] 528763K->277891K(867840K), 0.0030096 secs] [Times: user=0.01 sys=0.00, real=0.00 secs] 
206.520: [GC (Allocation Failure) [PSYoungGen: 271808K->9664K(266752K)] 540035K->286091K(860160K), 0.0031416 secs] [Times: user=0.02 sys=0.00, real=0.01 secs] 
210.385: [GC (Allocation Failure) [PSYoungGen: 266688K->9696K(266240K)] 543115K->286123K(859648K), 0.0063198 secs] [Times: user=0.02 sys=0.00, real=0.00 secs] 
214.248: [GC (Allocation Failure) [PSYoungGen: 262112K->2448K(250368K)] 538539K->278883K(843776K), 0.0019041 secs] [Times: user=0.01 sys=0.00, real=0.00 secs] 
215.232: [GC (Allocation Failure) [PSYoungGen: 250256K->1392K(253952K)] 526691K->277859K(847360K), 0.0023925 secs] [Times: user=0.01 sys=0.00, real=0.00 secs] 
216.925: [GC (Allocation Failure) [PSYoungGen: 244592K->1456K(240640K)] 521059K->277931K(834048K), 0.0020047 secs] [Times: user=0.00 sys=0.00, real=0.00 secs] 
219.207: [GC (Allocation Failure) [PSYoungGen: 240560K->1472K(245760K)] 517035K->277955K(839168K), 0.0021650 secs] [Times: user=0.01 sys=0.00, real=0.00 secs] 
220.928: [GC (Allocation Failure) [PSYoungGen: 236480K->9632K(240640K)] 512963K->294323K(834048K), 0.0030169 secs] [Times: user=0.01 sys=0.01, real=0.00 secs] 
224.033: [GC (Allocation Failure) [PSYoungGen: 240544K->2432K(237056K)] 525235K->287131K(830464K), 0.0055292 secs] [Times: user=0.02 sys=0.00, real=0.00 secs] 
227.312: [GC (Allocation Failure) [PSYoungGen: 229248K->1472K(224768K)] 513947K->286179K(818176K), 0.0028775 secs] [Times: user=0.01 sys=0.00, real=0.00 secs] 
230.843: [GC (Allocation Failure) [PSYoungGen: 224704K->1424K(229888K)] 509411K->286139K(823296K), 0.0024632 secs] [Times: user=0.01 sys=0.00, real=0.00 secs] 
233.092: [GC (Allocation Failure) [PSYoungGen: 221072K->9664K(225792K)] 505787K->302579K(819200K), 0.0058727 secs] [Times: user=0.03 sys=0.00, real=0.00 secs] 
235.603: [GC (Allocation Failure) [PSYoungGen: 225728K->1664K(223232K)] 518643K->294579K(816640K), 0.0020717 secs] [Times: user=0.01 sys=0.00, real=0.00 secs] 
237.859: [GC (Allocation Failure) [PSYoungGen: 214144K->1376K(210432K)] 507059K->294299K(803840K), 0.0025035 secs] [Times: user=0.01 sys=0.00, real=0.01 secs] 
240.250: [GC (Allocation Failure) [PSYoungGen: 210272K->1440K(215040K)] 503195K->294363K(808448K), 0.0021203 secs] [Times: user=0.00 sys=0.00, real=0.01 secs] 
242.222: [GC (Allocation Failure) [PSYoungGen: 207242K->5504K(208384K)] 500165K->298443K(801792K), 0.0033370 secs] [Times: user=0.01 sys=0.00, real=0.00 secs] 
244.728: [GC (Allocation Failure) [PSYoungGen: 208256K->1392K(208896K)] 501195K->294339K(802304K), 0.0032433 secs] [Times: user=0.01 sys=0.00, real=0.00 secs] 
247.948: [GC (Allocation Failure) [PSYoungGen: 201072K->1440K(198144K)] 494019K->294395K(791552K), 0.0030620 secs] [Times: user=0.02 sys=0.00, real=0.00 secs] 
250.237: [GC (Allocation Failure) [PSYoungGen: 194214K->5504K(202752K)] 487169K->298467K(796160K), 0.0020838 secs] [Times: user=0.01 sys=0.00, real=0.00 secs] 
251.185: [GC (Allocation Failure) [PSYoungGen: 199040K->1376K(192000K)] 492003K->294339K(785408K), 0.0017570 secs] [Times: user=0.01 sys=0.00, real=0.00 secs] 
253.212: [GC (Allocation Failure) [PSYoungGen: 191840K->9664K(199680K)] 484803K->310819K(793088K), 0.0038031 secs] [Times: user=0.02 sys=0.00, real=0.01 secs] 
256.688: [GC (Allocation Failure) [PSYoungGen: 197568K->2400K(187904K)] 498723K->303555K(781312K), 0.0021631 secs] [Times: user=0.01 sys=0.00, real=0.00 secs] 
258.272: [GC (Allocation Failure) [PSYoungGen: 187744K->1408K(192000K)] 488899K->302563K(785408K), 0.0025356 secs] [Times: user=0.01 sys=0.00, real=0.00 secs] 
261.194: [GC (Allocation Failure) [PSYoungGen: 184192K->9632K(189952K)] 485347K->318987K(783360K), 0.0071643 secs] [Times: user=0.03 sys=0.00, real=0.00 secs] 
262.918: [GC (Allocation Failure) [PSYoungGen: 189856K->1376K(188416K)] 499211K->310731K(781824K), 0.0038105 secs] [Times: user=0.02 sys=0.00, real=0.01 secs] 
264.617: [GC (Allocation Failure) [PSYoungGen: 179040K->1408K(176640K)] 488395K->310771K(770048K), 0.0018047 secs] [Times: user=0.01 sys=0.00, real=0.00 secs] 
266.648: [GC (Allocation Failure) [PSYoungGen: 176512K->2432K(180736K)] 485875K->311811K(774144K), 0.0024026 secs] [Times: user=0.01 sys=0.00, real=0.00 secs] 
268.408: [GC (Allocation Failure) [PSYoungGen: 174976K->1408K(171520K)] 484355K->310787K(764928K), 0.0032886 secs] [Times: user=0.01 sys=0.01, real=0.01 secs] 
270.393: [GC (Allocation Failure) [PSYoungGen: 171392K->9632K(179200K)] 480771K->319019K(772608K), 0.0019782 secs] [Times: user=0.01 sys=0.00, real=0.00 secs] 
272.033: [GC (Allocation Failure) [PSYoungGen: 177568K->1392K(167424K)] 486955K->310779K(760832K), 0.0055974 secs] [Times: user=0.02 sys=0.01, real=0.00 secs] 
274.894: [GC (Allocation Failure) [PSYoungGen: 167280K->9632K(176640K)] 476667K->327219K(770048K), 0.0028543 secs] [Times: user=0.01 sys=0.00, real=0.00 secs] 
276.237: [GC (Allocation Failure) [PSYoungGen: 173472K->1376K(163328K)] 491059K->318971K(756736K), 0.0033799 secs] [Times: user=0.01 sys=0.00, real=0.00 secs] 
277.881: [GC (Allocation Failure) [PSYoungGen: 163168K->9664K(173056K)] 480763K->335459K(766464K), 0.0028407 secs] [Times: user=0.02 sys=0.00, real=0.01 secs] 
278.594: [GC (Allocation Failure) [PSYoungGen: 169408K->1376K(159232K)] 495203K->327187K(752640K), 0.0020515 secs] [Times: user=0.01 sys=0.00, real=0.00 secs] 
281.301: [GC (Allocation Failure) [PSYoungGen: 159072K->1376K(166912K)] 484883K->327187K(760320K), 0.0023657 secs] [Times: user=0.01 sys=0.00, real=0.01 secs] 
282.622: [GC (Allocation Failure) [PSYoungGen: 156985K->224K(154112K)] 482797K->326035K(747520K), 0.0015016 secs] [Times: user=0.01 sys=0.00, real=0.01 secs] 
283.727: [GC (Allocation Failure) [PSYoungGen: 153824K->1344K(161792K)] 479635K->327163K(755200K), 0.0022214 secs] [Times: user=0.01 sys=0.00, real=0.00 secs] 
285.042: [GC (Allocation Failure) [PSYoungGen: 152896K->1920K(151552K)] 478715K->327739K(744960K), 0.0016515 secs] [Times: user=0.00 sys=0.00, real=0.00 secs] 
286.113: [GC (Allocation Failure) [PSYoungGen: 151424K->1344K(157696K)] 477243K->327163K(751104K), 0.0019538 secs] [Times: user=0.01 sys=0.00, real=0.00 secs] 
287.881: [GC (Allocation Failure) [PSYoungGen: 149312K->1952K(148480K)] 475131K->327771K(741888K), 0.0019712 secs] [Times: user=0.00 sys=0.00, real=0.01 secs] 
288.426: [GC (Allocation Failure) [PSYoungGen: 148384K->1376K(153088K)] 474203K->327195K(746496K), 0.0018993 secs] [Times: user=0.01 sys=0.00, real=0.00 secs] 
289.741: [GC (Allocation Failure) [PSYoungGen: 146272K->160K(143872K)] 472091K->325995K(737280K), 0.0016615 secs] [Times: user=0.00 sys=0.00, real=0.01 secs] 
290.305: [GC (Allocation Failure) [PSYoungGen: 143520K->1408K(149504K)] 469355K->327243K(742912K), 0.0019337 secs] [Times: user=0.01 sys=0.00, real=0.00 secs] 
290.899: [GC (Allocation Failure) [PSYoungGen: 143232K->1376K(141824K)] 469067K->327227K(735232K), 0.0018888 secs] [Times: user=0.00 sys=0.00, real=0.00 secs] 
293.004: [GC (Allocation Failure) [PSYoungGen: 141664K->1408K(145408K)] 467515K->327259K(738816K), 0.0021550 secs] [Times: user=0.01 sys=0.00, real=0.00 secs] 
294.332: [GC (Allocation Failure) [PSYoungGen: 140160K->1376K(138752K)] 466011K->327235K(732160K), 0.0034395 secs] [Times: user=0.01 sys=0.00, real=0.00 secs] 
296.349: [GC (Allocation Failure) [PSYoungGen: 138592K->1440K(141312K)] 464451K->343683K(734720K), 0.0051961 secs] [Times: user=0.02 sys=0.00, real=0.01 secs] 
297.460: [GC (Allocation Failure) [PSYoungGen: 137120K->1360K(135680K)] 479363K->343611K(729088K), 0.0025104 secs] [Times: user=0.01 sys=0.00, real=0.01 secs] 
299.110: [GC (Allocation Failure) [PSYoungGen: 135504K->1408K(137216K)] 477755K->343659K(730624K), 0.0018508 secs] [Times: user=0.01 sys=0.00, real=0.01 secs] 
299.668: [GC (Allocation Failure) [PSYoungGen: 134016K->1328K(132608K)] 476267K->343595K(726016K), 0.0025161 secs] [Times: user=0.01 sys=0.00, real=0.00 secs] 
301.232: [GC (Allocation Failure) [PSYoungGen: 132400K->5536K(135680K)] 474667K->351907K(729088K), 0.0024933 secs] [Times: user=0.01 sys=0.00, real=0.00 secs] 
301.877: [GC (Allocation Failure) [PSYoungGen: 135072K->1376K(129536K)] 481443K->347747K(722944K), 0.0022169 secs] [Times: user=0.01 sys=0.00, real=0.00 secs] 
303.107: [GC (Allocation Failure) [PSYoungGen: 128124K->3456K(133120K)] 474495K->349827K(726528K), 0.0019617 secs] [Times: user=0.01 sys=0.00, real=0.00 secs] 
303.608: [GC (Allocation Failure) [PSYoungGen: 130432K->1408K(127488K)] 476803K->347779K(720896K), 0.0018284 secs] [Times: user=0.00 sys=0.00, real=0.00 secs] 
304.155: [GC (Allocation Failure) [PSYoungGen: 127360K->1376K(130560K)] 473731K->347747K(723968K), 0.0018204 secs] [Times: user=0.01 sys=0.00, real=0.00 secs] 
305.969: [GC (Allocation Failure) [PSYoungGen: 126304K->1424K(125440K)] 472675K->347803K(718848K), 0.0022927 secs] [Times: user=0.01 sys=0.00, real=0.01 secs] 
306.619: [GC (Allocation Failure) [PSYoungGen: 125328K->1376K(128000K)] 471707K->347755K(721408K), 0.0021724 secs] [Times: user=0.01 sys=0.00, real=0.00 secs] 
308.240: [GC (Allocation Failure) [PSYoungGen: 124256K->5536K(127488K)] 470635K->356019K(720896K), 0.0027378 secs] [Times: user=0.02 sys=0.00, real=0.01 secs] 
310.314: [GC (Allocation Failure) [PSYoungGen: 127392K->1408K(126464K)] 477875K->351891K(719872K), 0.0041632 secs] [Times: user=0.02 sys=0.00, real=0.00 secs] 
312.672: [GC (Allocation Failure) [PSYoungGen: 122240K->2432K(122368K)] 472723K->352915K(715776K), 0.0018503 secs] [Times: user=0.00 sys=0.00, real=0.00 secs] 
314.266: [GC (Allocation Failure) [PSYoungGen: 122240K->1376K(123904K)] 472723K->351859K(717312K), 0.0028319 secs] [Times: user=0.01 sys=0.00, real=0.00 secs] 
315.950: [GC (Allocation Failure) [PSYoungGen: 120160K->1344K(119296K)] 470643K->351827K(712704K), 0.0042451 secs] [Times: user=0.01 sys=0.00, real=0.01 secs] 
317.985: [GC (Allocation Failure) [PSYoungGen: 119104K->1408K(121344K)] 469587K->351907K(714752K), 0.0034935 secs] [Times: user=0.02 sys=0.00, real=0.00 secs] 
318.915: [GC (Allocation Failure) [PSYoungGen: 118144K->1376K(117248K)] 468643K->351883K(710656K), 0.0026490 secs] [Times: user=0.01 sys=0.00, real=0.00 secs] 
320.978: [GC (Allocation Failure) [PSYoungGen: 117088K->3456K(119808K)] 467595K->353963K(713216K), 0.0019269 secs] [Times: user=0.01 sys=0.00, real=0.00 secs] 
321.472: [GC (Allocation Failure) [PSYoungGen: 118144K->1408K(115200K)] 468651K->351915K(708608K), 0.0021085 secs] [Times: user=0.01 sys=0.00, real=0.00 secs] 
322.044: [GC (Allocation Failure) [PSYoungGen: 115072K->1440K(116224K)] 465579K->351947K(709632K), 0.0020962 secs] [Times: user=0.01 sys=0.00, real=0.00 secs] 
324.330: [GC (Allocation Failure) [PSYoungGen: 114080K->1408K(113152K)] 464587K->351915K(706560K), 0.0024919 secs] [Times: user=0.01 sys=0.00, real=0.01 secs] 
325.264: [GC (Allocation Failure) [PSYoungGen: 113024K->1472K(113664K)] 463531K->351979K(707072K), 0.0023110 secs] [Times: user=0.00 sys=0.00, real=0.00 secs] 
326.931: [GC (Allocation Failure) [PSYoungGen: 112064K->2480K(112128K)] 462571K->352987K(705536K), 0.0020009 secs] [Times: user=0.01 sys=0.00, real=0.01 secs] 
328.251: [GC (Allocation Failure) [PSYoungGen: 112048K->1408K(112128K)] 462555K->351923K(705536K), 0.0032648 secs] [Times: user=0.01 sys=0.00, real=0.01 secs] 
329.597: [GC (Allocation Failure) [PSYoungGen: 109952K->1440K(109056K)] 460467K->351955K(702464K), 0.0079903 secs] [Times: user=0.03 sys=0.00, real=0.01 secs] 
331.322: [GC (Allocation Failure) [PSYoungGen: 108960K->4512K(111104K)] 459475K->360163K(704512K), 0.0022654 secs] [Times: user=0.01 sys=0.00, real=0.00 secs] 
331.943: [GC (Allocation Failure) [PSYoungGen: 111008K->384K(105984K)] 466659K->356035K(699392K), 0.0029295 secs] [Times: user=0.02 sys=0.00, real=0.00 secs] 
332.983: [GC (Allocation Failure) [PSYoungGen: 105856K->352K(108544K)] 461507K->356003K(701952K), 0.0042139 secs] [Times: user=0.02 sys=0.00, real=0.00 secs] 
334.767: [GC (Allocation Failure) [PSYoungGen: 104800K->1472K(104960K)] 460451K->357123K(698368K), 0.0019448 secs] [Times: user=0.01 sys=0.00, real=0.00 secs] 
335.452: [GC (Allocation Failure) [PSYoungGen: 104896K->1376K(105472K)] 460547K->357027K(698880K), 0.0021047 secs] [Times: user=0.01 sys=0.01, real=0.00 secs] 
336.503: [GC (Allocation Failure) [PSYoungGen: 103776K->1376K(102912K)] 459427K->357043K(696320K), 0.0023072 secs] [Times: user=0.01 sys=0.00, real=0.00 secs] 
338.232: [GC (Allocation Failure) [PSYoungGen: 102752K->1392K(103936K)] 458419K->357059K(697344K), 0.0042803 secs] [Times: user=0.02 sys=0.00, real=0.00 secs] 
339.136: [GC (Allocation Failure) [PSYoungGen: 102256K->1408K(101888K)] 457923K->357075K(695296K), 0.0024919 secs] [Times: user=0.01 sys=0.00, real=0.00 secs] 
341.384: [GC (Allocation Failure) [PSYoungGen: 101760K->192K(103424K)] 457427K->355859K(696832K), 0.0020391 secs] [Times: user=0.01 sys=0.00, real=0.00 secs] 
342.334: [GC (Allocation Failure) [PSYoungGen: 100032K->1360K(100864K)] 455699K->357027K(694272K), 0.0024780 secs] [Times: user=0.01 sys=0.00, real=0.00 secs] 
343.208: [GC (Allocation Failure) [PSYoungGen: 100688K->1408K(101376K)] 456355K->357075K(694784K), 0.0024169 secs] [Times: user=0.01 sys=0.00, real=0.00 secs] 
344.684: [GC (Allocation Failure) [PSYoungGen: 100224K->1952K(100352K)] 455891K->357619K(693760K), 0.0018188 secs] [Times: user=0.01 sys=0.00, real=0.00 secs] 
345.431: [GC (Allocation Failure) [PSYoungGen: 100256K->1440K(100864K)] 455923K->357115K(694272K), 0.0019981 secs] [Times: user=0.01 sys=0.00, real=0.01 secs] 
346.284: [GC (Allocation Failure) [PSYoungGen: 99232K->1440K(98816K)] 454907K->357115K(692224K), 0.0024517 secs] [Times: user=0.01 sys=0.00, real=0.00 secs] 
347.734: [GC (Allocation Failure) [PSYoungGen: 98720K->2464K(99840K)] 454395K->358139K(693248K), 0.0016906 secs] [Times: user=0.01 sys=0.00, real=0.00 secs] 
348.647: [GC (Allocation Failure) [PSYoungGen: 99232K->1376K(97792K)] 454907K->357067K(691200K), 0.0025371 secs] [Times: user=0.01 sys=0.00, real=0.00 secs] 
349.576: [GC (Allocation Failure) [PSYoungGen: 97632K->1408K(97792K)] 453323K->357099K(691200K), 0.0029065 secs] [Times: user=0.01 sys=0.00, real=0.00 secs] 
351.775: [GC (Allocation Failure) [PSYoungGen: 97152K->2496K(98304K)] 452843K->358195K(691712K), 0.0048314 secs] [Times: user=0.01 sys=0.00, real=0.00 secs] 
352.671: [GC (Allocation Failure) [PSYoungGen: 97728K->1408K(97792K)] 453427K->357107K(691200K), 0.0019026 secs] [Times: user=0.01 sys=0.00, real=0.01 secs] 
353.076: [GC (Allocation Failure) [PSYoungGen: 96128K->1376K(95744K)] 451827K->357075K(689152K), 0.0020365 secs] [Times: user=0.01 sys=0.00, real=0.00 secs] 
354.278: [GC (Allocation Failure) [PSYoungGen: 95584K->1984K(96256K)] 451283K->357691K(689664K), 0.0020718 secs] [Times: user=0.01 sys=0.00, real=0.00 secs] 
355.678: [GC (Allocation Failure) [PSYoungGen: 95680K->1376K(94720K)] 451387K->357083K(688128K), 0.0042108 secs] [Times: user=0.02 sys=0.01, real=0.01 secs] 
356.577: [GC (Allocation Failure) [PSYoungGen: 94560K->1408K(95232K)] 450267K->357115K(688640K), 0.0025407 secs] [Times: user=0.01 sys=0.00, real=0.00 secs] 
357.457: [GC (Allocation Failure) [PSYoungGen: 94080K->1376K(93696K)] 449787K->357091K(687104K), 0.0024579 secs] [Times: user=0.01 sys=0.00, real=0.00 secs] 
358.698: [GC (Allocation Failure) [PSYoungGen: 93536K->1408K(94208K)] 449251K->357123K(687616K), 0.0019607 secs] [Times: user=0.01 sys=0.00, real=0.00 secs] 
359.078: [GC (Allocation Failure) [PSYoungGen: 93056K->1408K(92672K)] 448771K->357123K(686080K), 0.0026486 secs] [Times: user=0.01 sys=0.00, real=0.00 secs] 
359.459: [GC (Allocation Failure) [PSYoungGen: 92544K->1408K(92672K)] 448259K->357123K(686080K), 0.0020510 secs] [Times: user=0.01 sys=0.00, real=0.00 secs] 
360.965: [GC (Allocation Failure) [PSYoungGen: 92032K->1440K(91648K)] 447747K->357155K(685056K), 0.0022148 secs] [Times: user=0.01 sys=0.00, real=0.00 secs] 
361.527: [GC (Allocation Failure) [PSYoungGen: 91552K->1392K(91648K)] 447267K->357107K(685056K), 0.0019579 secs] [Times: user=0.01 sys=0.00, real=0.00 secs] 
361.921: [GC (Allocation Failure) [PSYoungGen: 90992K->1376K(90624K)] 446707K->357091K(684032K), 0.0020410 secs] [Times: user=0.01 sys=0.00, real=0.01 secs] 
363.237: [GC (Allocation Failure) [PSYoungGen: 90464K->1408K(90624K)] 446179K->365323K(684032K), 0.0025758 secs] [Times: user=0.01 sys=0.00, real=0.00 secs] 
363.805: [GC (Allocation Failure) [PSYoungGen: 89984K->1376K(89600K)] 453899K->365291K(683008K), 0.0020685 secs] [Times: user=0.01 sys=0.00, real=0.00 secs] 
364.172: [GC (Allocation Failure) [PSYoungGen: 89440K->1392K(89600K)] 453355K->365323K(683008K), 0.0019460 secs] [Times: user=0.01 sys=0.00, real=0.00 secs] 
365.236: [GC (Allocation Failure) [PSYoungGen: 88944K->2400K(89600K)] 452875K->367363K(683008K), 0.0020143 secs] [Times: user=0.01 sys=0.00, real=0.00 secs] 
365.598: [GC (Allocation Failure) [PSYoungGen: 89440K->416K(88064K)] 454403K->365379K(681472K), 0.0016113 secs] [Times: user=0.00 sys=0.00, real=0.00 secs] 
365.957: [GC (Allocation Failure) [PSYoungGen: 86944K->384K(88576K)] 451907K->365355K(681984K), 0.0018172 secs] [Times: user=0.01 sys=0.00, real=0.00 secs] 
366.975: [GC (Allocation Failure) [PSYoungGen: 86400K->1456K(87040K)] 451371K->366427K(680448K), 0.0015017 secs] [Times: user=0.01 sys=0.00, real=0.00 secs] 
367.352: [GC (Allocation Failure) [PSYoungGen: 86960K->1440K(86528K)] 451931K->366411K(679936K), 0.0016767 secs] [Times: user=0.01 sys=0.00, real=0.00 secs] 
367.720: [GC (Allocation Failure) [PSYoungGen: 86432K->1376K(86528K)] 451403K->366347K(679936K), 0.0017382 secs] [Times: user=0.01 sys=0.00, real=0.00 secs] 
368.070: [GC (Allocation Failure) [PSYoungGen: 85856K->1376K(85504K)] 450827K->366347K(678912K), 0.0019362 secs] [Times: user=0.01 sys=0.00, real=0.01 secs] 
369.641: [GC (Allocation Failure) [PSYoungGen: 85344K->1440K(85504K)] 450315K->366411K(678912K), 0.0017781 secs] [Times: user=0.01 sys=0.00, real=0.01 secs] 
370.626: [GC (Allocation Failure) [PSYoungGen: 84896K->1408K(84480K)] 449867K->366379K(677888K), 0.0019595 secs] [Times: user=0.00 sys=0.00, real=0.00 secs] 
371.391: [GC (Allocation Failure) [PSYoungGen: 84352K->1472K(84480K)] 449323K->366451K(677888K), 0.0024875 secs] [Times: user=0.01 sys=0.00, real=0.01 secs] 
372.796: [GC (Allocation Failure) [PSYoungGen: 83904K->2432K(84480K)] 448883K->368443K(677888K), 0.0018036 secs] [Times: user=0.00 sys=0.00, real=0.00 secs] 
373.564: [GC (Allocation Failure) [PSYoungGen: 84352K->1408K(82944K)] 450363K->367427K(676352K), 0.0021149 secs] [Times: user=0.01 sys=0.00, real=0.00 secs] 
374.561: [GC (Allocation Failure) [PSYoungGen: 82816K->1408K(82432K)] 448835K->367443K(675840K), 0.0041208 secs] [Times: user=0.02 sys=0.00, real=0.01 secs] 
375.430: [GC (Allocation Failure) [PSYoungGen: 82304K->1376K(82432K)] 448339K->367427K(675840K), 0.0035141 secs] [Times: user=0.01 sys=0.00, real=0.01 secs] 
378.039: [GC (Allocation Failure) [PSYoungGen: 81760K->1408K(81408K)] 447811K->367459K(674816K), 0.0056391 secs] [Times: user=0.02 sys=0.00, real=0.01 secs] 
379.247: [GC (Allocation Failure) [PSYoungGen: 81280K->1344K(81408K)] 447331K->367411K(674816K), 0.0028556 secs] [Times: user=0.01 sys=0.00, real=0.00 secs] 
379.866: [GC (Allocation Failure) [PSYoungGen: 80704K->1408K(80384K)] 446771K->367475K(673792K), 0.0028646 secs] [Times: user=0.01 sys=0.00, real=0.00 secs] 
381.239: [GC (Allocation Failure) [PSYoungGen: 80256K->1952K(80384K)] 446323K->368019K(673792K), 0.0017471 secs] [Times: user=0.01 sys=0.00, real=0.00 secs] 
382.164: [GC (Allocation Failure) [PSYoungGen: 80288K->1376K(79360K)] 446355K->367443K(672768K), 0.0023328 secs] [Times: user=0.01 sys=0.00, real=0.00 secs] 
382.816: [GC (Allocation Failure) [PSYoungGen: 79200K->1360K(79360K)] 445267K->367427K(672768K), 0.0022943 secs] [Times: user=0.01 sys=0.00, real=0.00 secs] 
383.486: [GC (Allocation Failure) [PSYoungGen: 78672K->1344K(78336K)] 444739K->367411K(671744K), 0.0026667 secs] [Times: user=0.01 sys=0.00, real=0.00 secs] 
384.937: [GC (Allocation Failure) [PSYoungGen: 78144K->1440K(77824K)] 444211K->367507K(671232K), 0.0030784 secs] [Times: user=0.02 sys=0.01, real=0.00 secs] 
385.583: [GC (Allocation Failure) [PSYoungGen: 77728K->1344K(77312K)] 443795K->367427K(670720K), 0.0035491 secs] [Times: user=0.02 sys=0.00, real=0.00 secs] 
386.294: [GC (Allocation Failure) [PSYoungGen: 77120K->1376K(76800K)] 443203K->367459K(670208K), 0.0029689 secs] [Times: user=0.01 sys=0.00, real=0.00 secs] 
387.049: [GC (Allocation Failure) [PSYoungGen: 76640K->1376K(76288K)] 442723K->367467K(669696K), 0.0022533 secs] [Times: user=0.00 sys=0.00, real=0.00 secs] 
388.603: [GC (Allocation Failure) [PSYoungGen: 76128K->1408K(75776K)] 442219K->367499K(669184K), 0.0024757 secs] [Times: user=0.01 sys=0.00, real=0.00 secs] 
389.651: [GC (Allocation Failure) [PSYoungGen: 75648K->1328K(75264K)] 441739K->367419K(668672K), 0.0041247 secs] [Times: user=0.01 sys=0.00, real=0.01 secs] 
390.563: [GC (Allocation Failure) [PSYoungGen: 75056K->1296K(74752K)] 441147K->367387K(668160K), 0.0027702 secs] [Times: user=0.01 sys=0.00, real=0.00 secs] 
391.398: [GC (Allocation Failure) [PSYoungGen: 74512K->1328K(74240K)] 440603K->367427K(667648K), 0.0034537 secs] [Times: user=0.01 sys=0.00, real=0.00 secs] 
393.750: [GC (Allocation Failure) [PSYoungGen: 74032K->1440K(73728K)] 440131K->367547K(667136K), 0.0035263 secs] [Times: user=0.01 sys=0.00, real=0.01 secs] 
394.567: [GC (Allocation Failure) [PSYoungGen: 73632K->1408K(73216K)] 439739K->367515K(666624K), 0.0026569 secs] [Times: user=0.01 sys=0.00, real=0.00 secs] 
395.198: [GC (Allocation Failure) [PSYoungGen: 73088K->1376K(72704K)] 439195K->367483K(666112K), 0.0025563 secs] [Times: user=0.01 sys=0.00, real=0.00 secs] 
395.780: [GC (Allocation Failure) [PSYoungGen: 72544K->1376K(72192K)] 438651K->367491K(665600K), 0.0026043 secs] [Times: user=0.01 sys=0.00, real=0.01 secs] 
397.027: [GC (Allocation Failure) [PSYoungGen: 72032K->1456K(71680K)] 438147K->367571K(665088K), 0.0017172 secs] [Times: user=0.01 sys=0.00, real=0.00 secs] 
397.511: [GC (Allocation Failure) [PSYoungGen: 71600K->1408K(71168K)] 437715K->367523K(664576K), 0.0045513 secs] [Times: user=0.01 sys=0.00, real=0.01 secs] 
398.059: [GC (Allocation Failure) [PSYoungGen: 71040K->1408K(71680K)] 437155K->367523K(665088K), 0.0032301 secs] [Times: user=0.01 sys=0.00, real=0.01 secs] 
398.599: [GC (Allocation Failure) [PSYoungGen: 71040K->1392K(71680K)] 437155K->367507K(665088K), 0.0030631 secs] [Times: user=0.01 sys=0.00, real=0.01 secs] 
399.850: [GC (Allocation Failure) [PSYoungGen: 71024K->1440K(71680K)] 437139K->367555K(665088K), 0.0017346 secs] [Times: user=0.01 sys=0.00, real=0.01 secs] 
400.165: [GC (Allocation Failure) [PSYoungGen: 71072K->1408K(71680K)] 437187K->367523K(665088K), 0.0018624 secs] [Times: user=0.01 sys=0.00, real=0.00 secs] 
400.573: [GC (Allocation Failure) [PSYoungGen: 71040K->1440K(71680K)] 437155K->367555K(665088K), 0.0019883 secs] [Times: user=0.00 sys=0.00, real=0.00 secs] 
400.867: [GC (Allocation Failure) [PSYoungGen: 71072K->1392K(71680K)] 437187K->367507K(665088K), 0.0018200 secs] [Times: user=0.01 sys=0.00, real=0.00 secs] 
401.881: [GC (Allocation Failure) [PSYoungGen: 71024K->1424K(71680K)] 437139K->367547K(665088K), 0.0018223 secs] [Times: user=0.01 sys=0.00, real=0.01 secs] 
402.289: [GC (Allocation Failure) [PSYoungGen: 71056K->1376K(71168K)] 437179K->367499K(664576K), 0.0018827 secs] [Times: user=0.01 sys=0.00, real=0.00 secs] 
402.800: [GC (Allocation Failure) [PSYoungGen: 71008K->1408K(71168K)] 437131K->367539K(664576K), 0.0033670 secs] [Times: user=0.02 sys=0.00, real=0.01 secs] 
403.357: [GC (Allocation Failure) [PSYoungGen: 71040K->1440K(71168K)] 437171K->367571K(664576K), 0.0028544 secs] [Times: user=0.01 sys=0.00, real=0.00 secs] 
404.764: [GC (Allocation Failure) [PSYoungGen: 71072K->1456K(71168K)] 437203K->367595K(664576K), 0.0018157 secs] [Times: user=0.00 sys=0.00, real=0.00 secs] 
405.480: [GC (Allocation Failure) [PSYoungGen: 71088K->1344K(71168K)] 437227K->367483K(664576K), 0.0017852 secs] [Times: user=0.01 sys=0.00, real=0.01 secs] 
406.275: [GC (Allocation Failure) [PSYoungGen: 70976K->1392K(71168K)] 437115K->367531K(664576K), 0.0019128 secs] [Times: user=0.00 sys=0.00, real=0.00 secs] 
406.878: [GC (Allocation Failure) [PSYoungGen: 71024K->1392K(71168K)] 437163K->367539K(664576K), 0.0019013 secs] [Times: user=0.01 sys=0.00, real=0.00 secs] 
408.450: [GC (Allocation Failure) [PSYoungGen: 71024K->1408K(71168K)] 437171K->369611K(664576K), 0.0019075 secs] [Times: user=0.01 sys=0.00, real=0.01 secs] 
409.070: [GC (Allocation Failure) [PSYoungGen: 71040K->1376K(71168K)] 439243K->369579K(664576K), 0.0039723 secs] [Times: user=0.01 sys=0.00, real=0.01 secs] 
409.696: [GC (Allocation Failure) [PSYoungGen: 71008K->1408K(71168K)] 439211K->369611K(664576K), 0.0031563 secs] [Times: user=0.01 sys=0.00, real=0.00 secs] 
410.021: [GC (Allocation Failure) [PSYoungGen: 71040K->1408K(71168K)] 439243K->369611K(664576K), 0.0018968 secs] [Times: user=0.01 sys=0.00, real=0.01 secs] 
411.450: [GC (Allocation Failure) [PSYoungGen: 71040K->1472K(71168K)] 439243K->369683K(664576K), 0.0024710 secs] [Times: user=0.01 sys=0.00, real=0.01 secs] 
411.871: [GC (Allocation Failure) [PSYoungGen: 71104K->1376K(71168K)] 439315K->369587K(664576K), 0.0018972 secs] [Times: user=0.01 sys=0.00, real=0.01 secs] 
412.161: [GC (Allocation Failure) [PSYoungGen: 71008K->1376K(71168K)] 439219K->369587K(664576K), 0.0019548 secs] [Times: user=0.01 sys=0.00, real=0.01 secs] 
412.555: [GC (Allocation Failure) [PSYoungGen: 71008K->1408K(71168K)] 439219K->369635K(664576K), 0.0021582 secs] [Times: user=0.01 sys=0.00, real=0.00 secs] 
413.648: [GC (Allocation Failure) [PSYoungGen: 71040K->1440K(71168K)] 439267K->369667K(664576K), 0.0016501 secs] [Times: user=0.01 sys=0.00, real=0.00 secs] 
414.302: [GC (Allocation Failure) [PSYoungGen: 71072K->1312K(71168K)] 439299K->369539K(664576K), 0.0016940 secs] [Times: user=0.01 sys=0.00, real=0.00 secs] 
415.106: [GC (Allocation Failure) [PSYoungGen: 70944K->1440K(71168K)] 439171K->369667K(664576K), 0.0024832 secs] [Times: user=0.01 sys=0.00, real=0.00 secs] 
415.934: [GC (Allocation Failure) [PSYoungGen: 71072K->1360K(71168K)] 439299K->369595K(664576K), 0.0026395 secs] [Times: user=0.01 sys=0.00, real=0.00 secs] 
417.467: [GC (Allocation Failure) [PSYoungGen: 70992K->1440K(71168K)] 439227K->370707K(664576K), 0.0018772 secs] [Times: user=0.01 sys=0.00, real=0.00 secs] 
418.331: [GC (Allocation Failure) [PSYoungGen: 71072K->384K(71168K)] 440339K->369651K(664576K), 0.0018566 secs] [Times: user=0.00 sys=0.00, real=0.01 secs] 
419.202: [GC (Allocation Failure) [PSYoungGen: 70016K->384K(71680K)] 439283K->369651K(665088K), 0.0018959 secs] [Times: user=0.01 sys=0.00, real=0.01 secs] 
419.855: [GC (Allocation Failure) [PSYoungGen: 70016K->352K(71680K)] 439283K->369627K(665088K), 0.0026360 secs] [Times: user=0.01 sys=0.00, real=0.00 secs] 
421.867: [GC (Allocation Failure) [PSYoungGen: 69984K->2000K(71168K)] 439259K->371291K(664576K), 0.0056449 secs] [Times: user=0.03 sys=0.01, real=0.01 secs] 
422.535: [GC (Allocation Failure) [PSYoungGen: 71120K->1408K(71680K)] 440411K->370699K(665088K), 0.0027367 secs] [Times: user=0.01 sys=0.00, real=0.00 secs] 
423.250: [GC (Allocation Failure) [PSYoungGen: 70528K->1440K(71680K)] 439819K->370731K(665088K), 0.0028860 secs] [Times: user=0.01 sys=0.00, real=0.01 secs] 
424.013: [GC (Allocation Failure) [PSYoungGen: 70560K->1376K(71680K)] 439851K->370675K(665088K), 0.0027654 secs] [Times: user=0.01 sys=0.00, real=0.00 secs] 
425.341: [GC (Allocation Failure) [PSYoungGen: 70162K->256K(71680K)] 439461K->369555K(665088K), 0.0051003 secs] [Times: user=0.02 sys=0.00, real=0.01 secs] 
426.027: [GC (Allocation Failure) [PSYoungGen: 69376K->1408K(71680K)] 438675K->370707K(665088K), 0.0021948 secs] [Times: user=0.01 sys=0.00, real=0.00 secs] 
426.632: [GC (Allocation Failure) [PSYoungGen: 70528K->1424K(71680K)] 439827K->370723K(665088K), 0.0019160 secs] [Times: user=0.01 sys=0.00, real=0.01 secs] 
427.018: [GC (Allocation Failure) [PSYoungGen: 70544K->1376K(71680K)] 439843K->370675K(665088K), 0.0019089 secs] [Times: user=0.01 sys=0.00, real=0.00 secs] 
427.339: [GC (Allocation Failure) [PSYoungGen: 70496K->1408K(71680K)] 439795K->370707K(665088K), 0.0018870 secs] [Times: user=0.01 sys=0.00, real=0.00 secs] 
428.408: [GC (Allocation Failure) [PSYoungGen: 70528K->1408K(71680K)] 439827K->370707K(665088K), 0.0018786 secs] [Times: user=0.01 sys=0.00, real=0.00 secs] 
428.806: [GC (Allocation Failure) [PSYoungGen: 70528K->1376K(70656K)] 439827K->370675K(664064K), 0.0035759 secs] [Times: user=0.02 sys=0.00, real=0.00 secs] 
429.365: [GC (Allocation Failure) [PSYoungGen: 70496K->1344K(71168K)] 439795K->370651K(664576K), 0.0031389 secs] [Times: user=0.01 sys=0.00, real=0.00 secs] 
429.888: [GC (Allocation Failure) [PSYoungGen: 70464K->1376K(71168K)] 439771K->370683K(664576K), 0.0025853 secs] [Times: user=0.01 sys=0.00, real=0.00 secs] 
430.981: [GC (Allocation Failure) [PSYoungGen: 70496K->1472K(71168K)] 439803K->370779K(664576K), 0.0017394 secs] [Times: user=0.00 sys=0.00, real=0.01 secs] 
431.275: [GC (Allocation Failure) [PSYoungGen: 70592K->1440K(71168K)] 439899K->370747K(664576K), 0.0017093 secs] [Times: user=0.01 sys=0.00, real=0.00 secs] 
431.586: [GC (Allocation Failure) [PSYoungGen: 70560K->1440K(71168K)] 439867K->370763K(664576K), 0.0016239 secs] [Times: user=0.01 sys=0.00, real=0.00 secs] 
431.872: [GC (Allocation Failure) [PSYoungGen: 70560K->1408K(71168K)] 439883K->370731K(664576K), 0.0019303 secs] [Times: user=0.01 sys=0.00, real=0.00 secs] 
433.033: [GC (Allocation Failure) [PSYoungGen: 70528K->1472K(71168K)] 439851K->370795K(664576K), 0.0015411 secs] [Times: user=0.01 sys=0.00, real=0.00 secs] 
433.648: [GC (Allocation Failure) [PSYoungGen: 70592K->1376K(71168K)] 439915K->370699K(664576K), 0.0017817 secs] [Times: user=0.01 sys=0.00, real=0.00 secs] 
433.962: [GC (Allocation Failure) [PSYoungGen: 70496K->1440K(71168K)] 439819K->370763K(664576K), 0.0019372 secs] [Times: user=0.01 sys=0.00, real=0.01 secs] 
434.327: [GC (Allocation Failure) [PSYoungGen: 70560K->1408K(71168K)] 439883K->370731K(664576K), 0.0020180 secs] [Times: user=0.01 sys=0.00, real=0.00 secs] 
435.410: [GC (Allocation Failure) [PSYoungGen: 70528K->1440K(71168K)] 439851K->370763K(664576K), 0.0016573 secs] [Times: user=0.01 sys=0.00, real=0.01 secs] 
435.945: [GC (Allocation Failure) [PSYoungGen: 70560K->1440K(71168K)] 439883K->370763K(664576K), 0.0022300 secs] [Times: user=0.00 sys=0.00, real=0.00 secs] 
436.564: [GC (Allocation Failure) [PSYoungGen: 70560K->1440K(71168K)] 439883K->370763K(664576K), 0.0022321 secs] [Times: user=0.01 sys=0.00, real=0.00 secs] 
437.204: [GC (Allocation Failure) [PSYoungGen: 70560K->1376K(71168K)] 439883K->370699K(664576K), 0.0023944 secs] [Times: user=0.01 sys=0.00, real=0.00 secs] 
438.663: [GC (Allocation Failure) [PSYoungGen: 70496K->1440K(71168K)] 439819K->370763K(664576K), 0.0020309 secs] [Times: user=0.00 sys=0.00, real=0.00 secs] 
439.685: [GC (Allocation Failure) [PSYoungGen: 70560K->1408K(71168K)] 439883K->370731K(664576K), 0.0023796 secs] [Times: user=0.01 sys=0.00, real=0.00 secs] 
440.673: [GC (Allocation Failure) [PSYoungGen: 70528K->1408K(71168K)] 439851K->370731K(664576K), 0.0026819 secs] [Times: user=0.01 sys=0.00, real=0.00 secs] 
441.200: [GC (Allocation Failure) [PSYoungGen: 70528K->1408K(71168K)] 439851K->370731K(664576K), 0.0019470 secs] [Times: user=0.01 sys=0.00, real=0.01 secs] 
442.272: [GC (Allocation Failure) [PSYoungGen: 70528K->1408K(71168K)] 439851K->370747K(664576K), 0.0017273 secs] [Times: user=0.01 sys=0.00, real=0.00 secs] 
442.742: [GC (Allocation Failure) [PSYoungGen: 70528K->1392K(71168K)] 439867K->370731K(664576K), 0.0020633 secs] [Times: user=0.01 sys=0.00, real=0.00 secs] 
443.030: [GC (Allocation Failure) [PSYoungGen: 70512K->1376K(71168K)] 439851K->370715K(664576K), 0.0021288 secs] [Times: user=0.01 sys=0.00, real=0.01 secs] 
443.346: [GC (Allocation Failure) [PSYoungGen: 70496K->1408K(71168K)] 439835K->370755K(664576K), 0.0027419 secs] [Times: user=0.02 sys=0.00, real=0.00 secs] 
444.601: [GC (Allocation Failure) [PSYoungGen: 70528K->1392K(71168K)] 439875K->370739K(664576K), 0.0019611 secs] [Times: user=0.01 sys=0.00, real=0.01 secs] 
445.044: [GC (Allocation Failure) [PSYoungGen: 70512K->1408K(70656K)] 439859K->370755K(664064K), 0.0023303 secs] [Times: user=0.01 sys=0.00, real=0.00 secs] 
445.643: [GC (Allocation Failure) [PSYoungGen: 70528K->1440K(70656K)] 439875K->370787K(664064K), 0.0024543 secs] [Times: user=0.00 sys=0.00, real=0.00 secs] 
446.217: [GC (Allocation Failure) [PSYoungGen: 70560K->384K(70144K)] 439907K->370755K(663552K), 0.0022993 secs] [Times: user=0.01 sys=0.00, real=0.00 secs] 
447.796: [GC (Allocation Failure) [PSYoungGen: 69504K->1440K(71168K)] 439875K->372835K(664576K), 0.0018010 secs] [Times: user=0.01 sys=0.00, real=0.00 secs] 
448.419: [GC (Allocation Failure) [PSYoungGen: 70560K->352K(71168K)] 441955K->371747K(664576K), 0.0020536 secs] [Times: user=0.01 sys=0.00, real=0.00 secs] 
449.025: [GC (Allocation Failure) [PSYoungGen: 69472K->416K(71168K)] 440867K->371811K(664576K), 0.0020171 secs] [Times: user=0.01 sys=0.00, real=0.00 secs] 
449.546: [GC (Allocation Failure) [PSYoungGen: 69536K->384K(71168K)] 440931K->371787K(664576K), 0.0022548 secs] [Times: user=0.01 sys=0.00, real=0.00 secs] 
450.867: [GC (Allocation Failure) [PSYoungGen: 69504K->1632K(71168K)] 440907K->373035K(664576K), 0.0021642 secs] [Times: user=0.01 sys=0.00, real=0.00 secs] 
451.475: [GC (Allocation Failure) [PSYoungGen: 70752K->1408K(71680K)] 442155K->372811K(665088K), 0.0020678 secs] [Times: user=0.01 sys=0.00, real=0.00 secs] 
451.962: [GC (Allocation Failure) [PSYoungGen: 70528K->1408K(71680K)] 441931K->372811K(665088K), 0.0022815 secs] [Times: user=0.01 sys=0.00, real=0.01 secs] 
452.291: [GC (Allocation Failure) [PSYoungGen: 70528K->1440K(71680K)] 441931K->372859K(665088K), 0.0018568 secs] [Times: user=0.00 sys=0.00, real=0.01 secs] 
452.578: [GC (Allocation Failure) [PSYoungGen: 70560K->1440K(71680K)] 441979K->372859K(665088K), 0.0016432 secs] [Times: user=0.01 sys=0.00, real=0.00 secs] 
453.741: [GC (Allocation Failure) [PSYoungGen: 70560K->1440K(71680K)] 441979K->372859K(665088K), 0.0019377 secs] [Times: user=0.01 sys=0.00, real=0.01 secs] 
454.028: [GC (Allocation Failure) [PSYoungGen: 70560K->1440K(71680K)] 441979K->372859K(665088K), 0.0018300 secs] [Times: user=0.01 sys=0.00, real=0.00 secs] 
454.472: [GC (Allocation Failure) [PSYoungGen: 70560K->1392K(70656K)] 441979K->372819K(664064K), 0.0022853 secs] [Times: user=0.00 sys=0.00, real=0.00 secs] 
455.211: [GC (Allocation Failure) [PSYoungGen: 70512K->1360K(71168K)] 441939K->372787K(664576K), 0.0029038 secs] [Times: user=0.01 sys=0.00, real=0.01 secs] 
457.260: [GC (Allocation Failure) [PSYoungGen: 70480K->1408K(71168K)] 441907K->372835K(664576K), 0.0049958 secs] [Times: user=0.02 sys=0.00, real=0.01 secs] 
458.285: [GC (Allocation Failure) [PSYoungGen: 70528K->1344K(71168K)] 441955K->372771K(664576K), 0.0032765 secs] [Times: user=0.02 sys=0.01, real=0.00 secs] 
458.876: [GC (Allocation Failure) [PSYoungGen: 70464K->1408K(71168K)] 441891K->372835K(664576K), 0.0025042 secs] [Times: user=0.01 sys=0.00, real=0.00 secs] 
459.523: [GC (Allocation Failure) [PSYoungGen: 70528K->1376K(71168K)] 441955K->372803K(664576K), 0.0026036 secs] [Times: user=0.01 sys=0.00, real=0.00 secs] 
462.136: [GC (Allocation Failure) [PSYoungGen: 70496K->1440K(71168K)] 441923K->372875K(664576K), 0.0028353 secs] [Times: user=0.01 sys=0.00, real=0.00 secs] 
463.152: [GC (Allocation Failure) [PSYoungGen: 70560K->1344K(71168K)] 441995K->372779K(664576K), 0.0031209 secs] [Times: user=0.01 sys=0.00, real=0.00 secs] 
463.835: [GC (Allocation Failure) [PSYoungGen: 70464K->1376K(71168K)] 441899K->372811K(664576K), 0.0031747 secs] [Times: user=0.01 sys=0.00, real=0.00 secs] 
464.231: [GC (Allocation Failure) [PSYoungGen: 70496K->1376K(71168K)] 441931K->372819K(664576K), 0.0020435 secs] [Times: user=0.01 sys=0.00, real=0.01 secs] 
465.267: [GC (Allocation Failure) [PSYoungGen: 70496K->1440K(71168K)] 441939K->372883K(664576K), 0.0016424 secs] [Times: user=0.01 sys=0.00, real=0.00 secs] 
465.857: [GC (Allocation Failure) [PSYoungGen: 70560K->1440K(71168K)] 442003K->372883K(664576K), 0.0018128 secs] [Times: user=0.00 sys=0.00, real=0.00 secs] 
466.441: [GC (Allocation Failure) [PSYoungGen: 70560K->1408K(71168K)] 442003K->372851K(664576K), 0.0017004 secs] [Times: user=0.01 sys=0.00, real=0.01 secs] 
467.117: [GC (Allocation Failure) [PSYoungGen: 70528K->1392K(71168K)] 441971K->372835K(664576K), 0.0019742 secs] [Times: user=0.01 sys=0.00, real=0.00 secs] 
468.365: [GC (Allocation Failure) [PSYoungGen: 70512K->1472K(71168K)] 441955K->372915K(664576K), 0.0017081 secs] [Times: user=0.01 sys=0.00, real=0.00 secs] 
468.652: [GC (Allocation Failure) [PSYoungGen: 70592K->1376K(71168K)] 442035K->372819K(664576K), 0.0016727 secs] [Times: user=0.01 sys=0.00, real=0.00 secs] 
468.939: [GC (Allocation Failure) [PSYoungGen: 70496K->1440K(71168K)] 441939K->372883K(664576K), 0.0016163 secs] [Times: user=0.01 sys=0.00, real=0.00 secs] 
469.225: [GC (Allocation Failure) [PSYoungGen: 70560K->1440K(71168K)] 442003K->372891K(664576K), 0.0017317 secs] [Times: user=0.01 sys=0.00, real=0.00 secs] 
470.968: [GC (Allocation Failure) [PSYoungGen: 70560K->1472K(71168K)] 442011K->372923K(664576K), 0.0035281 secs] [Times: user=0.02 sys=0.00, real=0.00 secs] 
471.781: [GC (Allocation Failure) [PSYoungGen: 70592K->1376K(71168K)] 442043K->372827K(664576K), 0.0026356 secs] [Times: user=0.01 sys=0.00, real=0.01 secs] 
472.541: [GC (Allocation Failure) [PSYoungGen: 70496K->1408K(71168K)] 441947K->372859K(664576K), 0.0021634 secs] [Times: user=0.01 sys=0.00, real=0.01 secs] 
473.586: [GC (Allocation Failure) [PSYoungGen: 70528K->1376K(71168K)] 441979K->372835K(664576K), 0.0031637 secs] [Times: user=0.02 sys=0.00, real=0.00 secs] 
475.313: [GC (Allocation Failure) [PSYoungGen: 70496K->1408K(71168K)] 441955K->372867K(664576K), 0.0019723 secs] [Times: user=0.00 sys=0.00, real=0.00 secs] 
475.930: [GC (Allocation Failure) [PSYoungGen: 70528K->1408K(71168K)] 441987K->372867K(664576K), 0.0031249 secs] [Times: user=0.01 sys=0.00, real=0.01 secs] 
476.684: [GC (Allocation Failure) [PSYoungGen: 70528K->1376K(71168K)] 441987K->372835K(664576K), 0.0052943 secs] [Times: user=0.02 sys=0.00, real=0.00 secs] 
477.350: [GC (Allocation Failure) [PSYoungGen: 70496K->1408K(71168K)] 441955K->372867K(664576K), 0.0022238 secs] [Times: user=0.01 sys=0.00, real=0.01 secs] 
479.428: [GC (Allocation Failure) [PSYoungGen: 70528K->1408K(70656K)] 441987K->372867K(664064K), 0.0028244 secs] [Times: user=0.01 sys=0.00, real=0.00 secs] 
480.640: [GC (Allocation Failure) [PSYoungGen: 70528K->1376K(70656K)] 441987K->372835K(664064K), 0.0044256 secs] [Times: user=0.02 sys=0.00, real=0.01 secs] 
481.840: [GC (Allocation Failure) [PSYoungGen: 70496K->384K(70144K)] 441955K->372867K(663552K), 0.0050190 secs] [Times: user=0.01 sys=0.00, real=0.01 secs] 
482.788: [GC (Allocation Failure) [PSYoungGen: 69504K->352K(71168K)] 441987K->372835K(664576K), 0.0040614 secs] [Times: user=0.02 sys=0.00, real=0.01 secs] 
484.113: [GC (Allocation Failure) [PSYoungGen: 69308K->1920K(71168K)] 441792K->374915K(664576K), 0.0020484 secs] [Times: user=0.00 sys=0.01, real=0.00 secs] 
484.691: [GC (Allocation Failure) [PSYoungGen: 71040K->1376K(71168K)] 444035K->374371K(664576K), 0.0027212 secs] [Times: user=0.01 sys=0.00, real=0.01 secs] 
485.335: [GC (Allocation Failure) [PSYoungGen: 70496K->1408K(71168K)] 443491K->374403K(664576K), 0.0032281 secs] [Times: user=0.01 sys=0.00, real=0.00 secs] 
485.980: [GC (Allocation Failure) [PSYoungGen: 70528K->1376K(71168K)] 443523K->374379K(664576K), 0.0028818 secs] [Times: user=0.02 sys=0.00, real=0.01 secs] 
487.569: [GC (Allocation Failure) [PSYoungGen: 70496K->1472K(71168K)] 443499K->374483K(664576K), 0.0021051 secs] [Times: user=0.01 sys=0.00, real=0.00 secs] 
488.373: [GC (Allocation Failure) [PSYoungGen: 70592K->1408K(71168K)] 443603K->374419K(664576K), 0.0019222 secs] [Times: user=0.01 sys=0.00, real=0.00 secs] 
489.176: [GC (Allocation Failure) [PSYoungGen: 70528K->1376K(71168K)] 443539K->374387K(664576K), 0.0035320 secs] [Times: user=0.01 sys=0.00, real=0.00 secs] 
490.129: [GC (Allocation Failure) [PSYoungGen: 70496K->1408K(71168K)] 443507K->374419K(664576K), 0.0035531 secs] [Times: user=0.01 sys=0.00, real=0.01 secs] 
490.885: [GC (Allocation Failure) [PSYoungGen: 70528K->1392K(71168K)] 443539K->374403K(664576K), 0.0026235 secs] [Times: user=0.01 sys=0.00, real=0.00 secs] 
491.921: [GC (Allocation Failure) [PSYoungGen: 70512K->1472K(71168K)] 443523K->374483K(664576K), 0.0018817 secs] [Times: user=0.00 sys=0.00, real=0.01 secs] 
492.209: [GC (Allocation Failure) [PSYoungGen: 70592K->1376K(71168K)] 443603K->374387K(664576K), 0.0017790 secs] [Times: user=0.00 sys=0.00, real=0.00 secs] 
492.496: [GC (Allocation Failure) [PSYoungGen: 70496K->1440K(71168K)] 443507K->374451K(664576K), 0.0017286 secs] [Times: user=0.01 sys=0.00, real=0.00 secs] 
492.872: [GC (Allocation Failure) [PSYoungGen: 70560K->1408K(71168K)] 443571K->374419K(664576K), 0.0019531 secs] [Times: user=0.01 sys=0.00, real=0.00 secs] 
494.098: [GC (Allocation Failure) [PSYoungGen: 70528K->1424K(71168K)] 443539K->374443K(664576K), 0.0020169 secs] [Times: user=0.01 sys=0.00, real=0.00 secs] 
494.664: [GC (Allocation Failure) [PSYoungGen: 70544K->1392K(71168K)] 443563K->374419K(664576K), 0.0028167 secs] [Times: user=0.01 sys=0.00, real=0.00 secs] 
495.471: [GC (Allocation Failure) [PSYoungGen: 70512K->1392K(71168K)] 443539K->374427K(664576K), 0.0027531 secs] [Times: user=0.01 sys=0.00, real=0.01 secs] 
496.258: [GC (Allocation Failure) [PSYoungGen: 70512K->1392K(71168K)] 443547K->374427K(664576K), 0.0024754 secs] [Times: user=0.01 sys=0.01, real=0.00 secs] 
497.399: [GC (Allocation Failure) [PSYoungGen: 70512K->1424K(71168K)] 443547K->374459K(664576K), 0.0019063 secs] [Times: user=0.01 sys=0.00, real=0.00 secs] 
497.778: [GC (Allocation Failure) [PSYoungGen: 70544K->1392K(71168K)] 443579K->374427K(664576K), 0.0019795 secs] [Times: user=0.01 sys=0.00, real=0.00 secs] 
498.342: [GC (Allocation Failure) [PSYoungGen: 70512K->1392K(71168K)] 443547K->374427K(664576K), 0.0037286 secs] [Times: user=0.02 sys=0.00, real=0.00 secs] 
499.028: [GC (Allocation Failure) [PSYoungGen: 70512K->1392K(71168K)] 443547K->374427K(664576K), 0.0038974 secs] [Times: user=0.02 sys=0.00, real=0.01 secs] 
500.193: [GC (Allocation Failure) [PSYoungGen: 70512K->1456K(71168K)] 443547K->374507K(664576K), 0.0018029 secs] [Times: user=0.01 sys=0.00, real=0.00 secs] 
500.594: [GC (Allocation Failure) [PSYoungGen: 70576K->1392K(71168K)] 443627K->374443K(664576K), 0.0019985 secs] [Times: user=0.01 sys=0.00, real=0.00 secs] 
501.099: [GC (Allocation Failure) [PSYoungGen: 70512K->1328K(71168K)] 443563K->374379K(664576K), 0.0036536 secs] [Times: user=0.01 sys=0.00, real=0.01 secs] 
501.667: [GC (Allocation Failure) [PSYoungGen: 70448K->1424K(71168K)] 443499K->374483K(664576K), 0.0031840 secs] [Times: user=0.01 sys=0.00, real=0.00 secs] 
502.851: [GC (Allocation Failure) [PSYoungGen: 70544K->1424K(71168K)] 443603K->374491K(664576K), 0.0024393 secs] [Times: user=0.01 sys=0.00, real=0.01 secs] 
503.380: [GC (Allocation Failure) [PSYoungGen: 70544K->1392K(70656K)] 443611K->374459K(664064K), 0.0035671 secs] [Times: user=0.01 sys=0.00, real=0.01 secs] 
503.958: [GC (Allocation Failure) [PSYoungGen: 70512K->1424K(70656K)] 443579K->374491K(664064K), 0.0031542 secs] [Times: user=0.02 sys=0.00, real=0.00 secs] 
504.501: [GC (Allocation Failure) [PSYoungGen: 70544K->400K(70144K)] 443611K->374523K(663552K), 0.0031093 secs] [Times: user=0.02 sys=0.00, real=0.01 secs] 
505.814: [GC (Allocation Failure) [PSYoungGen: 69520K->1408K(71168K)] 443643K->375531K(664576K), 0.0017429 secs] [Times: user=0.01 sys=0.00, real=0.00 secs] 
506.101: [GC (Allocation Failure) [PSYoungGen: 70528K->1360K(71168K)] 444651K->375483K(664576K), 0.0018064 secs] [Times: user=0.01 sys=0.00, real=0.01 secs] 
506.388: [GC (Allocation Failure) [PSYoungGen: 70480K->1408K(71168K)] 444603K->375531K(664576K), 0.0017089 secs] [Times: user=0.00 sys=0.00, real=0.00 secs] 
506.823: [GC (Allocation Failure) [PSYoungGen: 70528K->1376K(71168K)] 444651K->375499K(664576K), 0.0019869 secs] [Times: user=0.00 sys=0.00, real=0.00 secs] 
508.063: [GC (Allocation Failure) [PSYoungGen: 70496K->1472K(71168K)] 444619K->375595K(664576K), 0.0017144 secs] [Times: user=0.00 sys=0.00, real=0.00 secs] 
508.865: [GC (Allocation Failure) [PSYoungGen: 70592K->1344K(71168K)] 444715K->375467K(664576K), 0.0023474 secs] [Times: user=0.01 sys=0.00, real=0.00 secs] 
509.549: [GC (Allocation Failure) [PSYoungGen: 70464K->1440K(71168K)] 444587K->375563K(664576K), 0.0024533 secs] [Times: user=0.01 sys=0.00, real=0.00 secs] 
510.424: [GC (Allocation Failure) [PSYoungGen: 70560K->1408K(71168K)] 444683K->375531K(664576K), 0.0041136 secs] [Times: user=0.02 sys=0.00, real=0.00 secs] 
512.159: [GC (Allocation Failure) [PSYoungGen: 70528K->1440K(71168K)] 444651K->376587K(664576K), 0.0021371 secs] [Times: user=0.01 sys=0.00, real=0.00 secs] 
513.415: [GC (Allocation Failure) [PSYoungGen: 70560K->384K(71168K)] 445707K->375531K(664576K), 0.0025026 secs] [Times: user=0.01 sys=0.00, real=0.00 secs] 
514.320: [GC (Allocation Failure) [PSYoungGen: 69504K->384K(71168K)] 444651K->375539K(664576K), 0.0033173 secs] [Times: user=0.01 sys=0.00, real=0.01 secs] 
514.961: [GC (Allocation Failure) [PSYoungGen: 69504K->384K(71168K)] 444659K->375547K(664576K), 0.0032517 secs] [Times: user=0.01 sys=0.00, real=0.01 secs] 
516.385: [GC (Allocation Failure) [PSYoungGen: 69504K->2016K(71168K)] 444667K->377187K(664576K), 0.0018600 secs] [Times: user=0.00 sys=0.00, real=0.00 secs] 
517.028: [GC (Allocation Failure) [PSYoungGen: 71136K->1408K(71680K)] 446307K->376579K(665088K), 0.0047764 secs] [Times: user=0.02 sys=0.00, real=0.01 secs] 
517.689: [GC (Allocation Failure) [PSYoungGen: 70528K->1408K(71680K)] 445699K->376579K(665088K), 0.0031077 secs] [Times: user=0.01 sys=0.00, real=0.01 secs] 
518.240: [GC (Allocation Failure) [PSYoungGen: 70528K->1440K(71680K)] 445699K->376611K(665088K), 0.0026226 secs] [Times: user=0.01 sys=0.00, real=0.01 secs] 
519.568: [GC (Allocation Failure) [PSYoungGen: 70560K->1472K(71680K)] 445731K->376643K(665088K), 0.0018064 secs] [Times: user=0.01 sys=0.00, real=0.00 secs] 
520.590: [GC (Allocation Failure) [PSYoungGen: 70592K->1376K(71680K)] 445763K->376547K(665088K), 0.0042121 secs] [Times: user=0.02 sys=0.00, real=0.01 secs] 
520.995: [GC (Allocation Failure) [PSYoungGen: 70496K->1408K(70656K)] 445667K->376579K(664064K), 0.0019722 secs] [Times: user=0.01 sys=0.00, real=0.00 secs] 
521.312: [GC (Allocation Failure) [PSYoungGen: 70528K->1344K(71168K)] 445699K->376515K(664576K), 0.0018247 secs] [Times: user=0.00 sys=0.00, real=0.01 secs] 
521.643: [GC (Allocation Failure) [PSYoungGen: 70464K->1440K(71168K)] 445635K->376611K(664576K), 0.0019028 secs] [Times: user=0.01 sys=0.00, real=0.00 secs] 
523.872: [GC (Allocation Failure) [PSYoungGen: 70560K->1376K(71168K)] 445731K->376547K(664576K), 0.0074523 secs] [Times: user=0.03 sys=0.01, real=0.00 secs] 
524.514: [GC (Allocation Failure) [PSYoungGen: 70496K->1408K(71168K)] 445667K->376579K(664576K), 0.0027511 secs] [Times: user=0.01 sys=0.00, real=0.00 secs] 
525.113: [GC (Allocation Failure) [PSYoungGen: 70528K->1376K(71168K)] 445699K->376555K(664576K), 0.0052291 secs] [Times: user=0.02 sys=0.00, real=0.00 secs] 
525.662: [GC (Allocation Failure) [PSYoungGen: 70496K->1376K(71168K)] 445675K->376555K(664576K), 0.0027188 secs] [Times: user=0.01 sys=0.00, real=0.00 secs] 
526.804: [GC (Allocation Failure) [PSYoungGen: 70496K->1408K(71168K)] 445675K->376587K(664576K), 0.0016769 secs] [Times: user=0.01 sys=0.01, real=0.00 secs] 
527.091: [GC (Allocation Failure) [PSYoungGen: 70528K->1376K(71168K)] 445707K->376555K(664576K), 0.0017666 secs] [Times: user=0.01 sys=0.00, real=0.01 secs] 
527.377: [GC (Allocation Failure) [PSYoungGen: 70496K->1408K(71168K)] 445675K->376603K(664576K), 0.0018302 secs] [Times: user=0.01 sys=0.00, real=0.00 secs] 
527.664: [GC (Allocation Failure) [PSYoungGen: 70528K->1408K(71168K)] 445723K->376603K(664576K), 0.0018351 secs] [Times: user=0.01 sys=0.00, real=0.00 secs] 
528.672: [GC (Allocation Failure) [PSYoungGen: 70528K->1472K(71168K)] 445723K->376667K(664576K), 0.0018253 secs] [Times: user=0.01 sys=0.00, real=0.01 secs] 
529.125: [GC (Allocation Failure) [PSYoungGen: 70592K->1408K(71168K)] 445787K->376603K(664576K), 0.0027795 secs] [Times: user=0.01 sys=0.00, real=0.00 secs] 
529.668: [GC (Allocation Failure) [PSYoungGen: 70528K->1376K(71168K)] 445723K->376571K(664576K), 0.0024714 secs] [Times: user=0.01 sys=0.00, real=0.00 secs] 
530.252: [GC (Allocation Failure) [PSYoungGen: 70496K->1376K(71168K)] 445691K->376571K(664576K), 0.0024148 secs] [Times: user=0.01 sys=0.00, real=0.00 secs] 
532.056: [GC (Allocation Failure) [PSYoungGen: 70496K->1472K(71168K)] 445691K->376667K(664576K), 0.0028494 secs] [Times: user=0.01 sys=0.00, real=0.00 secs] 
533.277: [GC (Allocation Failure) [PSYoungGen: 70592K->1440K(71168K)] 445787K->376651K(664576K), 0.0038843 secs] [Times: user=0.02 sys=0.00, real=0.00 secs] 
534.254: [GC (Allocation Failure) [PSYoungGen: 70560K->1376K(71168K)] 445771K->376595K(664576K), 0.0049042 secs] [Times: user=0.02 sys=0.00, real=0.00 secs] 
535.468: [GC (Allocation Failure) [PSYoungGen: 70496K->1344K(71168K)] 445715K->376563K(664576K), 0.0051759 secs] [Times: user=0.02 sys=0.00, real=0.01 secs] 
537.111: [GC (Allocation Failure) [PSYoungGen: 70464K->1424K(71168K)] 445683K->376643K(664576K), 0.0020929 secs] [Times: user=0.01 sys=0.00, real=0.01 secs] 
537.715: [GC (Allocation Failure) [PSYoungGen: 70544K->1376K(71168K)] 445763K->376595K(664576K), 0.0021627 secs] [Times: user=0.01 sys=0.00, real=0.00 secs] 
538.322: [GC (Allocation Failure) [PSYoungGen: 70496K->1408K(71168K)] 445715K->376627K(664576K), 0.0022382 secs] [Times: user=0.01 sys=0.00, real=0.00 secs] 
538.953: [GC (Allocation Failure) [PSYoungGen: 70528K->1408K(71168K)] 445747K->376627K(664576K), 0.0020437 secs] [Times: user=0.01 sys=0.00, real=0.00 secs] 
540.497: [GC (Allocation Failure) [PSYoungGen: 70528K->1408K(71168K)] 445747K->376627K(664576K), 0.0035687 secs] [Times: user=0.02 sys=0.00, real=0.00 secs] 
541.621: [GC (Allocation Failure) [PSYoungGen: 70528K->1376K(70656K)] 445747K->376595K(664064K), 0.0048875 secs] [Times: user=0.02 sys=0.00, real=0.01 secs] 
542.616: [GC (Allocation Failure) [PSYoungGen: 70496K->1376K(70656K)] 445715K->376595K(664064K), 0.0037576 secs] [Times: user=0.02 sys=0.00, real=0.00 secs] 
543.409: [GC (Allocation Failure) [PSYoungGen: 70496K->1376K(70656K)] 445715K->376595K(664064K), 0.0033439 secs] [Times: user=0.01 sys=0.00, real=0.01 secs] 
544.997: [GC (Allocation Failure) [PSYoungGen: 70496K->1408K(70656K)] 445715K->376627K(664064K), 0.0023339 secs] [Times: user=0.01 sys=0.00, real=0.00 secs] 
545.819: [GC (Allocation Failure) [PSYoungGen: 70528K->1408K(70656K)] 445747K->376627K(664064K), 0.0031782 secs] [Times: user=0.01 sys=0.00, real=0.01 secs] 
546.454: [GC (Allocation Failure) [PSYoungGen: 70528K->1408K(70656K)] 445747K->376627K(664064K), 0.0018736 secs] [Times: user=0.00 sys=0.00, real=0.00 secs] 
547.140: [GC (Allocation Failure) [PSYoungGen: 70528K->1408K(70656K)] 445747K->376635K(664064K), 0.0033304 secs] [Times: user=0.02 sys=0.00, real=0.01 secs] 
548.422: [GC (Allocation Failure) [PSYoungGen: 70528K->1472K(70656K)] 445755K->377723K(664064K), 0.0017520 secs] [Times: user=0.01 sys=0.00, real=0.00 secs] 
548.723: [GC (Allocation Failure) [PSYoungGen: 70592K->400K(70656K)] 446843K->376651K(664064K), 0.0014411 secs] [Times: user=0.00 sys=0.00, real=0.00 secs] 
549.185: [GC (Allocation Failure) [PSYoungGen: 69520K->416K(71168K)] 445771K->376683K(664576K), 0.0019341 secs] [Times: user=0.00 sys=0.00, real=0.00 secs] 
550.018: [GC (Allocation Failure) [PSYoungGen: 69536K->352K(71168K)] 445803K->376619K(664576K), 0.0035056 secs] [Times: user=0.01 sys=0.00, real=0.01 secs] 
551.695: [GC (Allocation Failure) [PSYoungGen: 69472K->1920K(70656K)] 445739K->378187K(664064K), 0.0017430 secs] [Times: user=0.00 sys=0.00, real=0.00 secs] 
551.977: [GC (Allocation Failure) [PSYoungGen: 70528K->1456K(71168K)] 446795K->377723K(664576K), 0.0017038 secs] [Times: user=0.01 sys=0.00, real=0.00 secs] 
552.262: [GC (Allocation Failure) [PSYoungGen: 70064K->1376K(71168K)] 446331K->377643K(664576K), 0.0018680 secs] [Times: user=0.01 sys=0.00, real=0.00 secs] 
552.548: [GC (Allocation Failure) [PSYoungGen: 69984K->1376K(70144K)] 446251K->377643K(663552K), 0.0016779 secs] [Times: user=0.01 sys=0.00, real=0.00 secs] 
553.564: [GC (Allocation Failure) [PSYoungGen: 69984K->96K(70144K)] 446251K->376371K(663552K), 0.0029515 secs] [Times: user=0.02 sys=0.00, real=0.00 secs] 
554.435: [GC (Allocation Failure) [PSYoungGen: 68192K->1376K(70656K)] 444467K->377659K(664064K), 0.0035478 secs] [Times: user=0.01 sys=0.00, real=0.00 secs] 
555.473: [GC (Allocation Failure) [PSYoungGen: 69472K->1376K(70656K)] 445755K->377659K(664064K), 0.0034581 secs] [Times: user=0.01 sys=0.00, real=0.00 secs] 
556.611: [GC (Allocation Failure) [PSYoungGen: 69472K->1408K(70656K)] 445755K->377691K(664064K), 0.0038697 secs] [Times: user=0.02 sys=0.00, real=0.01 secs] 
557.552: [GC (Allocation Failure) [PSYoungGen: 69504K->1376K(70656K)] 445787K->377659K(664064K), 0.0039863 secs] [Times: user=0.01 sys=0.00, real=0.01 secs] 
558.816: [GC (Allocation Failure) [PSYoungGen: 69472K->1440K(70656K)] 445755K->377731K(664064K), 0.0017138 secs] [Times: user=0.01 sys=0.00, real=0.00 secs] 
559.360: [GC (Allocation Failure) [PSYoungGen: 69536K->1376K(69632K)] 445827K->377667K(663040K), 0.0046382 secs] [Times: user=0.02 sys=0.00, real=0.01 secs] 
559.968: [GC (Allocation Failure) [PSYoungGen: 69472K->1408K(70144K)] 445763K->377699K(663552K), 0.0025454 secs] [Times: user=0.01 sys=0.00, real=0.00 secs] 
560.556: [GC (Allocation Failure) [PSYoungGen: 69504K->1376K(70144K)] 445795K->377667K(663552K), 0.0026726 secs] [Times: user=0.02 sys=0.00, real=0.00 secs] 
561.691: [GC (Allocation Failure) [PSYoungGen: 69472K->1472K(70144K)] 445763K->377763K(663552K), 0.0017574 secs] [Times: user=0.00 sys=0.00, real=0.01 secs] 
562.308: [GC (Allocation Failure) [PSYoungGen: 69568K->1344K(70144K)] 445859K->377635K(663552K), 0.0026249 secs] [Times: user=0.01 sys=0.00, real=0.00 secs] 
562.928: [GC (Allocation Failure) [PSYoungGen: 69440K->1376K(70144K)] 445731K->377675K(663552K), 0.0032463 secs] [Times: user=0.01 sys=0.00, real=0.00 secs] 
563.508: [GC (Allocation Failure) [PSYoungGen: 69472K->1360K(70144K)] 445771K->377659K(663552K), 0.0032661 secs] [Times: user=0.01 sys=0.00, real=0.00 secs] 
564.708: [GC (Allocation Failure) [PSYoungGen: 69456K->1408K(70144K)] 445755K->377707K(663552K), 0.0016394 secs] [Times: user=0.00 sys=0.00, real=0.00 secs] 
564.990: [GC (Allocation Failure) [PSYoungGen: 69504K->1408K(70144K)] 445803K->377707K(663552K), 0.0014868 secs] [Times: user=0.01 sys=0.00, real=0.01 secs] 
565.273: [GC (Allocation Failure) [PSYoungGen: 69504K->1408K(70144K)] 445803K->377707K(663552K), 0.0017725 secs] [Times: user=0.01 sys=0.00, real=0.00 secs] 
565.584: [GC (Allocation Failure) [PSYoungGen: 69504K->1376K(70144K)] 445803K->377683K(663552K), 0.0023329 secs] [Times: user=0.01 sys=0.01, real=0.00 secs] 
566.743: [GC (Allocation Failure) [PSYoungGen: 69472K->1408K(70144K)] 445779K->377715K(663552K), 0.0016913 secs] [Times: user=0.01 sys=0.00, real=0.00 secs] 
567.340: [GC (Allocation Failure) [PSYoungGen: 69504K->1360K(70144K)] 445811K->377667K(663552K), 0.0019782 secs] [Times: user=0.01 sys=0.00, real=0.01 secs] 
567.851: [GC (Allocation Failure) [PSYoungGen: 69456K->1344K(70144K)] 445763K->377651K(663552K), 0.0040277 secs] [Times: user=0.02 sys=0.00, real=0.01 secs] 
568.409: [GC (Allocation Failure) [PSYoungGen: 69440K->1344K(70144K)] 445747K->377651K(663552K), 0.0032529 secs] [Times: user=0.01 sys=0.00, real=0.01 secs] 
569.886: [GC (Allocation Failure) [PSYoungGen: 69440K->1440K(70144K)] 445747K->378771K(663552K), 0.0044419 secs] [Times: user=0.02 sys=0.00, real=0.00 secs] 
571.539: [GC (Allocation Failure) [PSYoungGen: 69536K->352K(70144K)] 446867K->377683K(663552K), 0.0032197 secs] [Times: user=0.01 sys=0.00, real=0.01 secs] 
572.188: [GC (Allocation Failure) [PSYoungGen: 68448K->352K(70144K)] 445779K->377683K(663552K), 0.0023990 secs] [Times: user=0.01 sys=0.00, real=0.00 secs] 
572.955: [GC (Allocation Failure) [PSYoungGen: 68448K->336K(70144K)] 445779K->377675K(663552K), 0.0035096 secs] [Times: user=0.01 sys=0.00, real=0.00 secs] 
574.345: [GC (Allocation Failure) [PSYoungGen: 68432K->1504K(70144K)] 445771K->378851K(663552K), 0.0018229 secs] [Times: user=0.01 sys=0.00, real=0.00 secs] 
574.940: [GC (Allocation Failure) [PSYoungGen: 69600K->1376K(70144K)] 446947K->378723K(663552K), 0.0018806 secs] [Times: user=0.01 sys=0.00, real=0.01 secs] 
575.814: [GC (Allocation Failure) [PSYoungGen: 69472K->1408K(70144K)] 446819K->378755K(663552K), 0.0021699 secs] [Times: user=0.01 sys=0.00, real=0.00 secs] 
576.933: [GC (Allocation Failure) [PSYoungGen: 69504K->1376K(70144K)] 446851K->378723K(663552K), 0.0031216 secs] [Times: user=0.02 sys=0.00, real=0.00 secs] 
577.769: [GC (Allocation Failure) [PSYoungGen: 69472K->1408K(70144K)] 446819K->378755K(663552K), 0.0031324 secs] [Times: user=0.01 sys=0.00, real=0.01 secs] 
579.225: [GC (Allocation Failure) [PSYoungGen: 69504K->1376K(70144K)] 446851K->378723K(663552K), 0.0033800 secs] [Times: user=0.01 sys=0.00, real=0.00 secs] 
579.876: [GC (Allocation Failure) [PSYoungGen: 69472K->1360K(70144K)] 446819K->378707K(663552K), 0.0032609 secs] [Times: user=0.02 sys=0.00, real=0.00 secs] 
580.581: [GC (Allocation Failure) [PSYoungGen: 69456K->1376K(70144K)] 446803K->378723K(663552K), 0.0031376 secs] [Times: user=0.02 sys=0.00, real=0.01 secs] 
581.058: [GC (Allocation Failure) [PSYoungGen: 69472K->1376K(70144K)] 446819K->378723K(663552K), 0.0022989 secs] [Times: user=0.01 sys=0.00, real=0.00 secs] 
582.501: [GC (Allocation Failure) [PSYoungGen: 69472K->1408K(70144K)] 446819K->378755K(663552K), 0.0026463 secs] [Times: user=0.01 sys=0.00, real=0.01 secs] 
582.871: [GC (Allocation Failure) [PSYoungGen: 69504K->1376K(70144K)] 446851K->378723K(663552K), 0.0018285 secs] [Times: user=0.01 sys=0.00, real=0.01 secs] 
583.155: [GC (Allocation Failure) [PSYoungGen: 69472K->1408K(70144K)] 446819K->378755K(663552K), 0.0019485 secs] [Times: user=0.01 sys=0.00, real=0.00 secs] 
583.473: [GC (Allocation Failure) [PSYoungGen: 69504K->1408K(70144K)] 446851K->378763K(663552K), 0.0019689 secs] [Times: user=0.01 sys=0.00, real=0.00 secs] 
584.904: [GC (Allocation Failure) [PSYoungGen: 69504K->1424K(70144K)] 446859K->378787K(663552K), 0.0028781 secs] [Times: user=0.01 sys=0.00, real=0.00 secs] 
585.464: [GC (Allocation Failure) [PSYoungGen: 69520K->1408K(70144K)] 446883K->378771K(663552K), 0.0024231 secs] [Times: user=0.01 sys=0.00, real=0.00 secs] 
586.364: [GC (Allocation Failure) [PSYoungGen: 69504K->1424K(70144K)] 446867K->378795K(663552K), 0.0023594 secs] [Times: user=0.01 sys=0.00, real=0.00 secs] 
587.195: [GC (Allocation Failure) [PSYoungGen: 69520K->1408K(70144K)] 446891K->378779K(663552K), 0.0022764 secs] [Times: user=0.01 sys=0.00, real=0.00 secs] 
588.642: [GC (Allocation Failure) [PSYoungGen: 69504K->1424K(70144K)] 446875K->378795K(663552K), 0.0020038 secs] [Times: user=0.01 sys=0.00, real=0.00 secs] 
589.006: [GC (Allocation Failure) [PSYoungGen: 69520K->1440K(70144K)] 446891K->378811K(663552K), 0.0019103 secs] [Times: user=0.01 sys=0.00, real=0.00 secs] 
589.289: [GC (Allocation Failure) [PSYoungGen: 69536K->1360K(70144K)] 446907K->378731K(663552K), 0.0018185 secs] [Times: user=0.01 sys=0.00, real=0.00 secs] 
589.655: [GC (Allocation Failure) [PSYoungGen: 69456K->1424K(70144K)] 446827K->378795K(663552K), 0.0020061 secs] [Times: user=0.01 sys=0.00, real=0.00 secs] 
590.691: [GC (Allocation Failure) [PSYoungGen: 69520K->1440K(70144K)] 446891K->379843K(663552K), 0.0017002 secs] [Times: user=0.00 sys=0.00, real=0.01 secs] 
591.234: [GC (Allocation Failure) [PSYoungGen: 69536K->368K(70144K)] 447939K->378771K(663552K), 0.0016014 secs] [Times: user=0.01 sys=0.00, real=0.00 secs] 
591.808: [GC (Allocation Failure) [PSYoungGen: 68464K->400K(70144K)] 446867K->378803K(663552K), 0.0021812 secs] [Times: user=0.01 sys=0.00, real=0.00 secs] 
592.388: [GC (Allocation Failure) [PSYoungGen: 68496K->384K(70144K)] 446899K->378795K(663552K), 0.0019805 secs] [Times: user=0.01 sys=0.00, real=0.00 secs] 
593.509: [GC (Allocation Failure) [PSYoungGen: 68480K->1568K(69632K)] 446891K->379979K(663040K), 0.0017210 secs] [Times: user=0.01 sys=0.00, real=0.00 secs] 
594.104: [GC (Allocation Failure) [PSYoungGen: 69152K->1472K(70144K)] 447563K->379883K(663552K), 0.0018409 secs] [Times: user=0.01 sys=0.00, real=0.00 secs] 
594.657: [GC (Allocation Failure) [PSYoungGen: 69056K->1392K(70144K)] 447467K->379803K(663552K), 0.0017674 secs] [Times: user=0.01 sys=0.00, real=0.00 secs] 
595.186: [GC (Allocation Failure) [PSYoungGen: 68976K->1408K(70144K)] 447387K->379831K(663552K), 0.0017620 secs] [Times: user=0.01 sys=0.00, real=0.00 secs] 
595.643: [GC (Allocation Failure) [PSYoungGen: 68992K->1360K(69120K)] 447415K->379783K(662528K), 0.0028697 secs] [Times: user=0.01 sys=0.00, real=0.00 secs] 
596.966: [GC (Allocation Failure) [PSYoungGen: 68944K->1472K(69632K)] 447367K->379895K(663040K), 0.0017921 secs] [Times: user=0.01 sys=0.00, real=0.00 secs] 
597.551: [GC (Allocation Failure) [PSYoungGen: 69056K->1376K(69632K)] 447479K->379799K(663040K), 0.0020744 secs] [Times: user=0.01 sys=0.00, real=0.01 secs] 
598.040: [GC (Allocation Failure) [PSYoungGen: 68960K->1408K(69632K)] 447383K->379831K(663040K), 0.0018899 secs] [Times: user=0.00 sys=0.00, real=0.00 secs] 
598.492: [GC (Allocation Failure) [PSYoungGen: 68992K->1376K(69632K)] 447415K->379799K(663040K), 0.0019726 secs] [Times: user=0.01 sys=0.00, real=0.00 secs] 
600.422: [GC (Allocation Failure) [PSYoungGen: 68960K->1440K(69632K)] 447383K->379863K(663040K), 0.0049842 secs] [Times: user=0.02 sys=0.00, real=0.00 secs] 
601.657: [GC (Allocation Failure) [PSYoungGen: 69024K->1344K(69632K)] 447447K->379767K(663040K), 0.0054799 secs] [Times: user=0.03 sys=0.00, real=0.01 secs] 
602.511: [GC (Allocation Failure) [PSYoungGen: 68928K->1376K(69632K)] 447351K->379807K(663040K), 0.0033885 secs] [Times: user=0.01 sys=0.00, real=0.01 secs] 
603.068: [GC (Allocation Failure) [PSYoungGen: 68960K->1344K(69632K)] 447391K->379783K(663040K), 0.0026435 secs] [Times: user=0.02 sys=0.00, real=0.00 secs] 
604.383: [GC (Allocation Failure) [PSYoungGen: 68928K->1440K(69632K)] 447367K->379879K(663040K), 0.0019514 secs] [Times: user=0.01 sys=0.00, real=0.00 secs] 
604.665: [GC (Allocation Failure) [PSYoungGen: 69024K->1408K(69632K)] 447463K->379847K(663040K), 0.0019660 secs] [Times: user=0.01 sys=0.00, real=0.00 secs] 
604.946: [GC (Allocation Failure) [PSYoungGen: 68992K->1392K(69632K)] 447431K->379831K(663040K), 0.0017671 secs] [Times: user=0.01 sys=0.00, real=0.00 secs] 
605.367: [GC (Allocation Failure) [PSYoungGen: 68976K->1408K(69632K)] 447415K->379847K(663040K), 0.0018297 secs] [Times: user=0.00 sys=0.00, real=0.00 secs] 
606.659: [GC (Allocation Failure) [PSYoungGen: 68992K->1408K(69632K)] 447431K->379847K(663040K), 0.0020096 secs] [Times: user=0.01 sys=0.00, real=0.00 secs] 
606.991: [GC (Allocation Failure) [PSYoungGen: 68992K->1408K(69632K)] 447431K->379847K(663040K), 0.0020782 secs] [Times: user=0.01 sys=0.00, real=0.01 secs] 
607.272: [GC (Allocation Failure) [PSYoungGen: 68992K->1408K(69632K)] 447431K->379847K(663040K), 0.0019251 secs] [Times: user=0.00 sys=0.00, real=0.00 secs] 
607.593: [GC (Allocation Failure) [PSYoungGen: 68992K->1376K(69632K)] 447431K->379815K(663040K), 0.0018150 secs] [Times: user=0.00 sys=0.00, real=0.00 secs] 
608.645: [GC (Allocation Failure) [PSYoungGen: 68960K->1728K(69632K)] 447399K->380167K(663040K), 0.0017160 secs] [Times: user=0.00 sys=0.00, real=0.00 secs] 
609.283: [GC (Allocation Failure) [PSYoungGen: 69312K->1408K(69632K)] 447751K->379847K(663040K), 0.0016802 secs] [Times: user=0.01 sys=0.00, real=0.00 secs] 
609.847: [GC (Allocation Failure) [PSYoungGen: 68992K->1408K(69632K)] 447431K->379847K(663040K), 0.0018733 secs] [Times: user=0.01 sys=0.00, real=0.00 secs] 
610.461: [GC (Allocation Failure) [PSYoungGen: 68992K->1344K(69632K)] 447431K->379783K(663040K), 0.0021703 secs] [Times: user=0.00 sys=0.00, real=0.01 secs] 
611.289: [GC (Allocation Failure) [PSYoungGen: 68928K->1376K(69632K)] 447367K->379823K(663040K), 0.0025242 secs] [Times: user=0.01 sys=0.00, real=0.01 secs] 
612.405: [GC (Allocation Failure) [PSYoungGen: 68960K->1440K(69632K)] 447407K->379895K(663040K), 0.0018307 secs] [Times: user=0.01 sys=0.00, real=0.00 secs] 
612.913: [GC (Allocation Failure) [PSYoungGen: 69024K->1376K(69632K)] 447479K->379831K(663040K), 0.0020944 secs] [Times: user=0.01 sys=0.00, real=0.00 secs] 
613.418: [GC (Allocation Failure) [PSYoungGen: 68960K->1344K(69632K)] 447415K->379807K(663040K), 0.0020202 secs] [Times: user=0.00 sys=0.00, real=0.00 secs] 
613.922: [GC (Allocation Failure) [PSYoungGen: 68928K->1376K(69632K)] 447391K->379839K(663040K), 0.0032131 secs] [Times: user=0.01 sys=0.00, real=0.00 secs] 
615.547: [GC (Allocation Failure) [PSYoungGen: 68960K->1376K(69632K)] 447423K->379847K(663040K), 0.0049877 secs] [Times: user=0.02 sys=0.00, real=0.01 secs] 
616.522: [GC (Allocation Failure) [PSYoungGen: 68960K->1344K(69632K)] 447431K->379815K(663040K), 0.0029434 secs] [Times: user=0.01 sys=0.00, real=0.00 secs] 
617.370: [GC (Allocation Failure) [PSYoungGen: 68928K->1408K(69632K)] 447399K->379879K(663040K), 0.0027962 secs] [Times: user=0.01 sys=0.00, real=0.01 secs] 
617.966: [GC (Allocation Failure) [PSYoungGen: 68992K->1328K(69632K)] 447463K->379799K(663040K), 0.0039361 secs] [Times: user=0.02 sys=0.00, real=0.00 secs] 
619.364: [GC (Allocation Failure) [PSYoungGen: 68912K->1440K(69632K)] 447383K->379911K(663040K), 0.0017154 secs] [Times: user=0.01 sys=0.00, real=0.00 secs] 
619.967: [GC (Allocation Failure) [PSYoungGen: 69024K->1344K(69632K)] 447495K->379815K(663040K), 0.0033000 secs] [Times: user=0.01 sys=0.00, real=0.00 secs] 
620.254: [GC (Allocation Failure) [PSYoungGen: 68928K->1440K(69632K)] 447399K->379911K(663040K), 0.0021978 secs] [Times: user=0.01 sys=0.00, real=0.00 secs] 
620.627: [GC (Allocation Failure) [PSYoungGen: 69024K->1376K(69120K)] 447495K->379863K(662528K), 0.0023895 secs] [Times: user=0.01 sys=0.00, real=0.00 secs] 
621.720: [GC (Allocation Failure) [PSYoungGen: 68960K->1408K(69120K)] 447447K->379895K(662528K), 0.0017947 secs] [Times: user=0.01 sys=0.00, real=0.01 secs] 
622.023: [GC (Allocation Failure) [PSYoungGen: 68992K->1376K(69120K)] 447479K->379863K(662528K), 0.0019652 secs] [Times: user=0.00 sys=0.00, real=0.00 secs] 
622.304: [GC (Allocation Failure) [PSYoungGen: 68960K->1376K(69120K)] 447447K->379879K(662528K), 0.0048983 secs] [Times: user=0.02 sys=0.01, real=0.00 secs] 
622.588: [GC (Allocation Failure) [PSYoungGen: 68960K->1376K(69120K)] 447463K->379879K(662528K), 0.0151126 secs] [Times: user=0.07 sys=0.00, real=0.02 secs] 
623.748: [GC (Allocation Failure) [PSYoungGen: 68960K->1440K(76288K)] 447463K->380967K(669696K), 0.0020993 secs] [Times: user=0.00 sys=0.00, real=0.00 secs] 
624.368: [GC (Allocation Failure) [PSYoungGen: 76192K->1376K(77312K)] 455719K->380903K(670720K), 0.0026473 secs] [Times: user=0.01 sys=0.00, real=0.00 secs] 
624.920: [GC (Allocation Failure) [PSYoungGen: 77152K->1376K(83456K)] 456679K->380903K(676864K), 0.0023595 secs] [Times: user=0.01 sys=0.00, real=0.01 secs] 
625.718: [GC (Allocation Failure) [PSYoungGen: 83296K->1408K(82944K)] 462823K->380943K(676352K), 0.0024698 secs] [Times: user=0.01 sys=0.00, real=0.00 secs] 
627.393: [GC (Allocation Failure) [PSYoungGen: 82816K->352K(81920K)] 462351K->380911K(675328K), 0.0032686 secs] [Times: user=0.01 sys=0.00, real=0.00 secs] 
628.205: [GC (Allocation Failure) [PSYoungGen: 81248K->368K(80896K)] 461807K->380927K(674304K), 0.0027901 secs] [Times: user=0.01 sys=0.00, real=0.00 secs] 
629.075: [GC (Allocation Failure) [PSYoungGen: 80752K->336K(81408K)] 461311K->380895K(674816K), 0.0036999 secs] [Times: user=0.02 sys=0.00, real=0.00 secs] 
629.960: [GC (Allocation Failure) [PSYoungGen: 80208K->384K(79872K)] 460767K->380951K(673280K), 0.0046321 secs] [Times: user=0.02 sys=0.00, real=0.01 secs] 
631.480: [GC (Allocation Failure) [PSYoungGen: 79744K->1408K(80384K)] 460311K->381983K(673792K), 0.0035348 secs] [Times: user=0.01 sys=0.00, real=0.01 secs] 
632.143: [GC (Allocation Failure) [PSYoungGen: 80256K->1392K(79872K)] 460831K->381967K(673280K), 0.0028434 secs] [Times: user=0.01 sys=0.00, real=0.00 secs] 
632.804: [GC (Allocation Failure) [PSYoungGen: 79728K->1392K(79360K)] 460303K->381967K(672768K), 0.0026820 secs] [Times: user=0.01 sys=0.00, real=0.00 secs] 
634.333: [GC (Allocation Failure) [PSYoungGen: 79216K->1408K(78848K)] 459791K->381991K(672256K), 0.0029122 secs] [Times: user=0.01 sys=0.00, real=0.00 secs] 
635.632: [GC (Allocation Failure) [PSYoungGen: 78720K->1376K(78336K)] 459303K->381959K(671744K), 0.0055350 secs] [Times: user=0.01 sys=0.00, real=0.00 secs] 
636.748: [GC (Allocation Failure) [PSYoungGen: 78176K->1408K(77824K)] 458759K->381991K(671232K), 0.0031402 secs] [Times: user=0.01 sys=0.00, real=0.00 secs] 
637.715: [GC (Allocation Failure) [PSYoungGen: 77696K->1344K(77312K)] 458279K->381927K(670720K), 0.0031078 secs] [Times: user=0.02 sys=0.00, real=0.00 secs] 
640.373: [GC (Allocation Failure) [PSYoungGen: 77120K->1408K(76800K)] 457703K->381999K(670208K), 0.0052712 secs] [Times: user=0.02 sys=0.00, real=0.00 secs] 
641.286: [GC (Allocation Failure) [PSYoungGen: 76672K->1376K(76288K)] 457263K->381967K(669696K), 0.0034647 secs] [Times: user=0.01 sys=0.00, real=0.00 secs] 
642.184: [GC (Allocation Failure) [PSYoungGen: 76128K->1376K(75776K)] 456719K->381967K(669184K), 0.0029878 secs] [Times: user=0.01 sys=0.00, real=0.00 secs] 
642.686: [GC (Allocation Failure) [PSYoungGen: 75616K->1376K(75264K)] 456207K->381967K(668672K), 0.0020564 secs] [Times: user=0.01 sys=0.00, real=0.00 secs] 
643.905: [GC (Allocation Failure) [PSYoungGen: 75104K->1472K(74752K)] 455695K->382071K(668160K), 0.0018471 secs] [Times: user=0.01 sys=0.00, real=0.00 secs] 
644.520: [GC (Allocation Failure) [PSYoungGen: 74688K->1376K(74240K)] 455287K->381983K(667648K), 0.0029484 secs] [Times: user=0.01 sys=0.00, real=0.01 secs] 
645.156: [GC (Allocation Failure) [PSYoungGen: 74080K->1408K(73728K)] 454687K->382015K(667136K), 0.0049182 secs] [Times: user=0.02 sys=0.00, real=0.00 secs] 
645.671: [GC (Allocation Failure) [PSYoungGen: 73600K->1408K(73216K)] 454207K->382015K(666624K), 0.0022547 secs] [Times: user=0.00 sys=0.00, real=0.01 secs] 
647.117: [GC (Allocation Failure) [PSYoungGen: 73088K->1376K(72704K)] 453695K->381999K(666112K), 0.0032590 secs] [Times: user=0.02 sys=0.00, real=0.00 secs] 
647.791: [GC (Allocation Failure) [PSYoungGen: 72544K->1360K(72192K)] 453167K->381983K(665600K), 0.0022932 secs] [Times: user=0.01 sys=0.00, real=0.01 secs] 
648.611: [GC (Allocation Failure) [PSYoungGen: 72016K->1424K(71680K)] 452639K->382047K(665088K), 0.0023210 secs] [Times: user=0.00 sys=0.00, real=0.01 secs] 
649.533: [GC (Allocation Failure) [PSYoungGen: 71568K->1376K(71168K)] 452191K->382007K(664576K), 0.0055609 secs] [Times: user=0.03 sys=0.00, real=0.00 secs] 
651.928: [GC (Allocation Failure) [PSYoungGen: 71008K->1440K(71680K)] 451639K->382071K(665088K), 0.0049663 secs] [Times: user=0.02 sys=0.00, real=0.01 secs] 
653.073: [GC (Allocation Failure) [PSYoungGen: 71072K->1408K(71680K)] 451703K->382039K(665088K), 0.0048176 secs] [Times: user=0.02 sys=0.00, real=0.00 secs] 
653.650: [GC (Allocation Failure) [PSYoungGen: 71040K->1440K(71680K)] 451671K->382071K(665088K), 0.0026122 secs] [Times: user=0.01 sys=0.00, real=0.01 secs] 
654.263: [GC (Allocation Failure) [PSYoungGen: 71072K->1376K(71680K)] 451703K->382031K(665088K), 0.0029220 secs] [Times: user=0.01 sys=0.00, real=0.00 secs] 
656.022: [GC (Allocation Failure) [PSYoungGen: 71008K->1424K(71680K)] 451663K->382087K(665088K), 0.0019135 secs] [Times: user=0.00 sys=0.00, real=0.00 secs] 
656.478: [GC (Allocation Failure) [PSYoungGen: 71056K->1408K(71680K)] 451719K->382071K(665088K), 0.0019154 secs] [Times: user=0.00 sys=0.00, real=0.00 secs] 
656.767: [GC (Allocation Failure) [PSYoungGen: 71040K->1408K(71680K)] 451703K->382071K(665088K), 0.0018303 secs] [Times: user=0.01 sys=0.00, real=0.00 secs] 
657.056: [GC (Allocation Failure) [PSYoungGen: 71040K->1408K(71680K)] 451703K->382079K(665088K), 0.0019354 secs] [Times: user=0.00 sys=0.00, real=0.00 secs] 
659.427: [GC (Allocation Failure) [PSYoungGen: 71040K->1376K(71680K)] 451711K->382047K(665088K), 0.0042273 secs] [Times: user=0.02 sys=0.01, real=0.01 secs] 
660.073: [GC (Allocation Failure) [PSYoungGen: 71008K->1360K(71680K)] 451679K->382031K(665088K), 0.0032652 secs] [Times: user=0.01 sys=0.00, real=0.00 secs] 
660.516: [GC (Allocation Failure) [PSYoungGen: 70992K->1344K(71680K)] 451663K->382015K(665088K), 0.0020657 secs] [Times: user=0.01 sys=0.00, real=0.00 secs] 
660.829: [GC (Allocation Failure) [PSYoungGen: 70976K->1408K(71680K)] 451647K->382079K(665088K), 0.0019761 secs] [Times: user=0.01 sys=0.00, real=0.00 secs] 
661.785: [GC (Allocation Failure) [PSYoungGen: 71040K->1440K(71680K)] 451711K->382111K(665088K), 0.0017801 secs] [Times: user=0.01 sys=0.00, real=0.00 secs] 
662.074: [GC (Allocation Failure) [PSYoungGen: 71072K->1408K(71680K)] 451743K->382079K(665088K), 0.0017926 secs] [Times: user=0.01 sys=0.00, real=0.00 secs] 
662.426: [GC (Allocation Failure) [PSYoungGen: 71040K->1408K(71680K)] 451711K->382079K(665088K), 0.0027186 secs] [Times: user=0.01 sys=0.00, real=0.00 secs] 
662.736: [GC (Allocation Failure) [PSYoungGen: 71040K->1376K(71168K)] 451711K->382055K(664576K), 0.0022178 secs] [Times: user=0.01 sys=0.00, real=0.00 secs] 
664.713: [GC (Allocation Failure) [PSYoungGen: 71008K->1440K(71168K)] 451687K->382127K(664576K), 0.0046434 secs] [Times: user=0.02 sys=0.00, real=0.00 secs] 
665.712: [GC (Allocation Failure) [PSYoungGen: 71072K->400K(70656K)] 451759K->382111K(664064K), 0.0035600 secs] [Times: user=0.01 sys=0.01, real=0.00 secs] 
666.917: [GC (Allocation Failure) [PSYoungGen: 70032K->320K(71680K)] 451743K->382031K(665088K), 0.0047110 secs] [Times: user=0.02 sys=0.00, real=0.01 secs] 
667.930: [GC (Allocation Failure) [PSYoungGen: 69952K->352K(71680K)] 451663K->382063K(665088K), 0.0023049 secs] [Times: user=0.01 sys=0.00, real=0.01 secs] 
669.697: [GC (Allocation Failure) [PSYoungGen: 69984K->1472K(71680K)] 451695K->383183K(665088K), 0.0018491 secs] [Times: user=0.01 sys=0.00, real=0.00 secs] 
670.071: [GC (Allocation Failure) [PSYoungGen: 71104K->1408K(71680K)] 452815K->383119K(665088K), 0.0017384 secs] [Times: user=0.01 sys=0.00, real=0.01 secs] 
670.651: [GC (Allocation Failure) [PSYoungGen: 71040K->1392K(71680K)] 452751K->383103K(665088K), 0.0022606 secs] [Times: user=0.00 sys=0.01, real=0.01 secs] 
671.270: [GC (Allocation Failure) [PSYoungGen: 71024K->1376K(71680K)] 452735K->383087K(665088K), 0.0022054 secs] [Times: user=0.01 sys=0.00, real=0.01 secs] 
672.354: [GC (Allocation Failure) [PSYoungGen: 71008K->1424K(71680K)] 452719K->383143K(665088K), 0.0016588 secs] [Times: user=0.01 sys=0.00, real=0.00 secs] 
672.655: [GC (Allocation Failure) [PSYoungGen: 71056K->1440K(71680K)] 452775K->383159K(665088K), 0.0022699 secs] [Times: user=0.01 sys=0.00, real=0.00 secs] 
673.230: [GC (Allocation Failure) [PSYoungGen: 71072K->1392K(71680K)] 452791K->383111K(665088K), 0.0035013 secs] [Times: user=0.01 sys=0.00, real=0.01 secs] 
673.807: [GC (Allocation Failure) [PSYoungGen: 71024K->1408K(71680K)] 452743K->383135K(665088K), 0.0031284 secs] [Times: user=0.01 sys=0.00, real=0.00 secs] 
676.149: [GC (Allocation Failure) [PSYoungGen: 71040K->1440K(71680K)] 452767K->383167K(665088K), 0.0034451 secs] [Times: user=0.01 sys=0.00, real=0.01 secs] 
676.929: [GC (Allocation Failure) [PSYoungGen: 71072K->1392K(71680K)] 452799K->383119K(665088K), 0.0027481 secs] [Times: user=0.01 sys=0.00, real=0.01 secs] 
677.671: [GC (Allocation Failure) [PSYoungGen: 71024K->1408K(71680K)] 452751K->383135K(665088K), 0.0026361 secs] [Times: user=0.01 sys=0.00, real=0.01 secs] 
678.585: [GC (Allocation Failure) [PSYoungGen: 71040K->1376K(71680K)] 452767K->383111K(665088K), 0.0030119 secs] [Times: user=0.02 sys=0.00, real=0.00 secs] 
680.110: [GC (Allocation Failure) [PSYoungGen: 71008K->1472K(71680K)] 452743K->383207K(665088K), 0.0017209 secs] [Times: user=0.00 sys=0.00, real=0.01 secs] 
680.399: [GC (Allocation Failure) [PSYoungGen: 71104K->1408K(71680K)] 452839K->383143K(665088K), 0.0015794 secs] [Times: user=0.01 sys=0.00, real=0.00 secs] 
681.006: [GC (Allocation Failure) [PSYoungGen: 71040K->1408K(71680K)] 452775K->383143K(665088K), 0.0020580 secs] [Times: user=0.01 sys=0.00, real=0.00 secs] 
681.752: [GC (Allocation Failure) [PSYoungGen: 71040K->1408K(71680K)] 452775K->383151K(665088K), 0.0024807 secs] [Times: user=0.01 sys=0.00, real=0.00 secs] 
682.873: [GC (Allocation Failure) [PSYoungGen: 71040K->1424K(71680K)] 452783K->383167K(665088K), 0.0014923 secs] [Times: user=0.01 sys=0.00, real=0.00 secs] 
683.162: [GC (Allocation Failure) [PSYoungGen: 71056K->1440K(71680K)] 452799K->383183K(665088K), 0.0015449 secs] [Times: user=0.01 sys=0.00, real=0.00 secs] 
683.450: [GC (Allocation Failure) [PSYoungGen: 71072K->1344K(71680K)] 452815K->383095K(665088K), 0.0016150 secs] [Times: user=0.01 sys=0.01, real=0.01 secs] 
683.739: [GC (Allocation Failure) [PSYoungGen: 70976K->1376K(71680K)] 452727K->383135K(665088K), 0.0017620 secs] [Times: user=0.01 sys=0.00, real=0.00 secs] 
684.724: [GC (Allocation Failure) [PSYoungGen: 71008K->1440K(71680K)] 452767K->383199K(665088K), 0.0018110 secs] [Times: user=0.01 sys=0.00, real=0.00 secs] 
685.014: [GC (Allocation Failure) [PSYoungGen: 71072K->1376K(71680K)] 452831K->383135K(665088K), 0.0017194 secs] [Times: user=0.00 sys=0.00, real=0.00 secs] 
685.315: [GC (Allocation Failure) [PSYoungGen: 71008K->1376K(71680K)] 452767K->383135K(665088K), 0.0016302 secs] [Times: user=0.01 sys=0.01, real=0.00 secs] 
685.603: [GC (Allocation Failure) [PSYoungGen: 71008K->1376K(71680K)] 452767K->383135K(665088K), 0.0016774 secs] [Times: user=0.00 sys=0.00, real=0.00 secs] 
686.646: [GC (Allocation Failure) [PSYoungGen: 71008K->1440K(71680K)] 452767K->384231K(665088K), 0.0018223 secs] [Times: user=0.01 sys=0.00, real=0.00 secs] 
686.968: [GC (Allocation Failure) [PSYoungGen: 71072K->352K(71680K)] 453863K->383143K(665088K), 0.0019011 secs] [Times: user=0.01 sys=0.00, real=0.00 secs] 
687.297: [GC (Allocation Failure) [PSYoungGen: 69984K->352K(71680K)] 452775K->383143K(665088K), 0.0018343 secs] [Times: user=0.01 sys=0.00, real=0.00 secs] 
687.877: [GC (Allocation Failure) [PSYoungGen: 69984K->368K(71680K)] 452775K->383159K(665088K), 0.0020288 secs] [Times: user=0.01 sys=0.00, real=0.00 secs] 
689.205: [GC (Allocation Failure) [PSYoungGen: 70000K->1920K(71680K)] 452791K->385231K(665088K), 0.0017696 secs] [Times: user=0.00 sys=0.00, real=0.00 secs] 
689.490: [GC (Allocation Failure) [PSYoungGen: 71552K->1408K(72192K)] 454863K->384719K(665600K), 0.0016514 secs] [Times: user=0.00 sys=0.00, real=0.01 secs] 
689.779: [GC (Allocation Failure) [PSYoungGen: 71040K->1472K(72192K)] 454351K->384807K(665600K), 0.0017263 secs] [Times: user=0.01 sys=0.00, real=0.00 secs] 
690.068: [GC (Allocation Failure) [PSYoungGen: 71104K->1408K(72192K)] 454439K->384743K(665600K), 0.0016717 secs] [Times: user=0.00 sys=0.00, real=0.00 secs] 
691.136: [GC (Allocation Failure) [PSYoungGen: 71040K->1696K(72192K)] 454375K->385031K(665600K), 0.0017694 secs] [Times: user=0.00 sys=0.00, real=0.00 secs] 
691.805: [GC (Allocation Failure) [PSYoungGen: 71328K->1408K(72192K)] 454663K->384743K(665600K), 0.0025459 secs] [Times: user=0.01 sys=0.00, real=0.00 secs] 
692.461: [GC (Allocation Failure) [PSYoungGen: 71040K->1440K(72192K)] 454375K->384775K(665600K), 0.0033184 secs] [Times: user=0.01 sys=0.01, real=0.01 secs] 
693.039: [GC (Allocation Failure) [PSYoungGen: 71072K->1408K(72192K)] 454407K->384759K(665600K), 0.0026989 secs] [Times: user=0.01 sys=0.00, real=0.00 secs] 
694.273: [GC (Allocation Failure) [PSYoungGen: 71040K->192K(72192K)] 454391K->383543K(665600K), 0.0015402 secs] [Times: user=0.01 sys=0.00, real=0.00 secs] 
694.665: [GC (Allocation Failure) [PSYoungGen: 69824K->1376K(72192K)] 453175K->384727K(665600K), 0.0018228 secs] [Times: user=0.01 sys=0.00, real=0.00 secs] 
695.086: [GC (Allocation Failure) [PSYoungGen: 71008K->1376K(72192K)] 454359K->384727K(665600K), 0.0019838 secs] [Times: user=0.01 sys=0.00, real=0.00 secs] 
695.409: [GC (Allocation Failure) [PSYoungGen: 71008K->1376K(72192K)] 454359K->384735K(665600K), 0.0018887 secs] [Times: user=0.01 sys=0.00, real=0.00 secs] 
695.704: [GC (Allocation Failure) [PSYoungGen: 71008K->1376K(71168K)] 454367K->384735K(664576K), 0.0018832 secs] [Times: user=0.01 sys=0.00, real=0.00 secs] 
696.779: [GC (Allocation Failure) [PSYoungGen: 71008K->1472K(71680K)] 454367K->384831K(665088K), 0.0016967 secs] [Times: user=0.01 sys=0.00, real=0.00 secs] 
697.222: [GC (Allocation Failure) [PSYoungGen: 71104K->1376K(71680K)] 454463K->384735K(665088K), 0.0025368 secs] [Times: user=0.01 sys=0.00, real=0.00 secs] 
697.804: [GC (Allocation Failure) [PSYoungGen: 71008K->1376K(71680K)] 454367K->384743K(665088K), 0.0030921 secs] [Times: user=0.01 sys=0.00, real=0.00 secs] 
698.352: [GC (Allocation Failure) [PSYoungGen: 71008K->1376K(71680K)] 454375K->384743K(665088K), 0.0033624 secs] [Times: user=0.01 sys=0.00, real=0.00 secs] 
699.930: [GC (Allocation Failure) [PSYoungGen: 71008K->1472K(71680K)] 454375K->384839K(665088K), 0.0018370 secs] [Times: user=0.01 sys=0.01, real=0.00 secs] 
700.846: [GC (Allocation Failure) [PSYoungGen: 71104K->1376K(71680K)] 454471K->384743K(665088K), 0.0052700 secs] [Times: user=0.02 sys=0.00, real=0.00 secs] 
701.646: [GC (Allocation Failure) [PSYoungGen: 71008K->1376K(71680K)] 454375K->384743K(665088K), 0.0033166 secs] [Times: user=0.01 sys=0.00, real=0.00 secs] 
702.281: [GC (Allocation Failure) [PSYoungGen: 71008K->1376K(71680K)] 454375K->384751K(665088K), 0.0024415 secs] [Times: user=0.01 sys=0.00, real=0.01 secs] 
703.352: [GC (Allocation Failure) [PSYoungGen: 71008K->1472K(71680K)] 454383K->384855K(665088K), 0.0017819 secs] [Times: user=0.01 sys=0.00, real=0.00 secs] 
703.642: [GC (Allocation Failure) [PSYoungGen: 71104K->1440K(71680K)] 454487K->384823K(665088K), 0.0017463 secs] [Times: user=0.01 sys=0.00, real=0.00 secs] 
704.219: [GC (Allocation Failure) [PSYoungGen: 71072K->1408K(71680K)] 454455K->384791K(665088K), 0.0021228 secs] [Times: user=0.01 sys=0.00, real=0.00 secs] 
704.780: [GC (Allocation Failure) [PSYoungGen: 71040K->1440K(71680K)] 454423K->384823K(665088K), 0.0020382 secs] [Times: user=0.01 sys=0.00, real=0.01 secs] 
705.995: [GC (Allocation Failure) [PSYoungGen: 71072K->1472K(71680K)] 454455K->384855K(665088K), 0.0018886 secs] [Times: user=0.01 sys=0.00, real=0.00 secs] 
706.352: [GC (Allocation Failure) [PSYoungGen: 71104K->1376K(71680K)] 454487K->384759K(665088K), 0.0017264 secs] [Times: user=0.01 sys=0.00, real=0.00 secs] 
706.876: [GC (Allocation Failure) [PSYoungGen: 71008K->1408K(71680K)] 454391K->384791K(665088K), 0.0019629 secs] [Times: user=0.01 sys=0.00, real=0.00 secs] 
707.452: [GC (Allocation Failure) [PSYoungGen: 71040K->1376K(71680K)] 454423K->384767K(665088K), 0.0026613 secs] [Times: user=0.01 sys=0.00, real=0.00 secs] 
708.941: [GC (Allocation Failure) [PSYoungGen: 71008K->1376K(71680K)] 454399K->384767K(665088K), 0.0022595 secs] [Times: user=0.01 sys=0.00, real=0.01 secs] 
709.756: [GC (Allocation Failure) [PSYoungGen: 71008K->1408K(71680K)] 454399K->384799K(665088K), 0.0033338 secs] [Times: user=0.01 sys=0.00, real=0.00 secs] 
710.508: [GC (Allocation Failure) [PSYoungGen: 71040K->1408K(71680K)] 454431K->384799K(665088K), 0.0041885 secs] [Times: user=0.01 sys=0.00, real=0.01 secs] 
711.282: [GC (Allocation Failure) [PSYoungGen: 71040K->1440K(71680K)] 454431K->384839K(665088K), 0.0028631 secs] [Times: user=0.01 sys=0.00, real=0.00 secs] 
712.582: [GC (Allocation Failure) [PSYoungGen: 71072K->1504K(71680K)] 454471K->384911K(665088K), 0.0018491 secs] [Times: user=0.01 sys=0.00, real=0.00 secs] 
712.871: [GC (Allocation Failure) [PSYoungGen: 71136K->1440K(71680K)] 454543K->384855K(665088K), 0.0017292 secs] [Times: user=0.00 sys=0.00, real=0.01 secs] 
713.228: [GC (Allocation Failure) [PSYoungGen: 71072K->1408K(71680K)] 454487K->384823K(665088K), 0.0016017 secs] [Times: user=0.00 sys=0.00, real=0.00 secs] 
713.654: [GC (Allocation Failure) [PSYoungGen: 71040K->1440K(71680K)] 454455K->384863K(665088K), 0.0025102 secs] [Times: user=0.01 sys=0.00, real=0.00 secs] 
714.906: [GC (Allocation Failure) [PSYoungGen: 71072K->1472K(71680K)] 454495K->384895K(665088K), 0.0019453 secs] [Times: user=0.01 sys=0.00, real=0.00 secs] 
715.210: [GC (Allocation Failure) [PSYoungGen: 71104K->1440K(71680K)] 454527K->384863K(665088K), 0.0019151 secs] [Times: user=0.01 sys=0.00, real=0.01 secs] 
715.674: [GC (Allocation Failure) [PSYoungGen: 71072K->1408K(71680K)] 454495K->384831K(665088K), 0.0035397 secs] [Times: user=0.02 sys=0.00, real=0.00 secs] 
716.329: [GC (Allocation Failure) [PSYoungGen: 71040K->1408K(71680K)] 454463K->384831K(665088K), 0.0020392 secs] [Times: user=0.01 sys=0.00, real=0.00 secs] 
717.755: [GC (Allocation Failure) [PSYoungGen: 71040K->1440K(71680K)] 454463K->384863K(665088K), 0.0016574 secs] [Times: user=0.01 sys=0.00, real=0.00 secs] 
718.204: [GC (Allocation Failure) [PSYoungGen: 71072K->1376K(71680K)] 454495K->384799K(665088K), 0.0016495 secs] [Times: user=0.01 sys=0.00, real=0.00 secs] 
718.555: [GC (Allocation Failure) [PSYoungGen: 71008K->1424K(71168K)] 454431K->384847K(664576K), 0.0028109 secs] [Times: user=0.01 sys=0.00, real=0.00 secs] 
718.931: [GC (Allocation Failure) [PSYoungGen: 71056K->1392K(71168K)] 454479K->384815K(664576K), 0.0021770 secs] [Times: user=0.00 sys=0.00, real=0.01 secs] 
720.068: [GC (Allocation Failure) [PSYoungGen: 71024K->400K(70656K)] 454447K->384847K(664064K), 0.0017000 secs] [Times: user=0.01 sys=0.00, real=0.00 secs] 
720.358: [GC (Allocation Failure) [PSYoungGen: 70032K->384K(71680K)] 454479K->384831K(665088K), 0.0017925 secs] [Times: user=0.00 sys=0.00, real=0.00 secs] 
720.840: [GC (Allocation Failure) [PSYoungGen: 70016K->384K(71680K)] 454463K->384855K(665088K), 0.0016903 secs] [Times: user=0.01 sys=0.00, real=0.01 secs] 
721.399: [GC (Allocation Failure) [PSYoungGen: 70016K->384K(71680K)] 454487K->384863K(665088K), 0.0018539 secs] [Times: user=0.01 sys=0.00, real=0.00 secs] 
722.702: [GC (Allocation Failure) [PSYoungGen: 70016K->1456K(71680K)] 454495K->385935K(665088K), 0.0015601 secs] [Times: user=0.00 sys=0.00, real=0.00 secs] 
723.301: [GC (Allocation Failure) [PSYoungGen: 71088K->1360K(71680K)] 455567K->385839K(665088K), 0.0018236 secs] [Times: user=0.01 sys=0.00, real=0.01 secs] 
723.868: [GC (Allocation Failure) [PSYoungGen: 70992K->1408K(71680K)] 455471K->385887K(665088K), 0.0028045 secs] [Times: user=0.02 sys=0.00, real=0.00 secs] 
724.445: [GC (Allocation Failure) [PSYoungGen: 71040K->1440K(71680K)] 455519K->385927K(665088K), 0.0047258 secs] [Times: user=0.02 sys=0.00, real=0.00 secs] 
725.829: [GC (Allocation Failure) [PSYoungGen: 71072K->1408K(71680K)] 455559K->385895K(665088K), 0.0028192 secs] [Times: user=0.01 sys=0.00, real=0.01 secs] 
727.776: [GC (Allocation Failure) [PSYoungGen: 71040K->1376K(71680K)] 455527K->385863K(665088K), 0.0062358 secs] [Times: user=0.02 sys=0.00, real=0.01 secs] 
728.672: [GC (Allocation Failure) [PSYoungGen: 71008K->1376K(71680K)] 455495K->385863K(665088K), 0.0049087 secs] [Times: user=0.02 sys=0.00, real=0.00 secs] 
729.260: [GC (Allocation Failure) [PSYoungGen: 71008K->1376K(71680K)] 455495K->385871K(665088K), 0.0021879 secs] [Times: user=0.01 sys=0.00, real=0.01 secs] 
730.334: [GC (Allocation Failure) [PSYoungGen: 71008K->1456K(71680K)] 455503K->387999K(665088K), 0.0017510 secs] [Times: user=0.01 sys=0.00, real=0.00 secs] 
730.622: [GC (Allocation Failure) [PSYoungGen: 71088K->1328K(71680K)] 457631K->387871K(665088K), 0.0016367 secs] [Times: user=0.01 sys=0.00, real=0.00 secs] 
730.911: [GC (Allocation Failure) [PSYoungGen: 70960K->1440K(71680K)] 457503K->387983K(665088K), 0.0015175 secs] [Times: user=0.00 sys=0.00, real=0.01 secs] 
731.199: [GC (Allocation Failure) [PSYoungGen: 71072K->1440K(71680K)] 457615K->387983K(665088K), 0.0035376 secs] [Times: user=0.01 sys=0.00, real=0.01 secs] 
732.402: [GC (Allocation Failure) [PSYoungGen: 71072K->1952K(71168K)] 457615K->388495K(664576K), 0.0017706 secs] [Times: user=0.01 sys=0.00, real=0.00 secs] 
733.541: [GC (Allocation Failure) [PSYoungGen: 71072K->1376K(70656K)] 457615K->387919K(664064K), 0.0033194 secs] [Times: user=0.02 sys=0.00, real=0.01 secs] 
733.975: [GC (Allocation Failure) [PSYoungGen: 70496K->1408K(71168K)] 457039K->387959K(664576K), 0.0020267 secs] [Times: user=0.01 sys=0.00, real=0.00 secs] 
734.559: [GC (Allocation Failure) [PSYoungGen: 70528K->1376K(71168K)] 457079K->387935K(664576K), 0.0043708 secs] [Times: user=0.02 sys=0.00, real=0.01 secs] 
735.998: [GC (Allocation Failure) [PSYoungGen: 70496K->1520K(71168K)] 457055K->388079K(664576K), 0.0017750 secs] [Times: user=0.01 sys=0.00, real=0.00 secs] 
736.282: [GC (Allocation Failure) [PSYoungGen: 70640K->1408K(71168K)] 457199K->387975K(664576K), 0.0015822 secs] [Times: user=0.01 sys=0.00, real=0.00 secs] 
736.571: [GC (Allocation Failure) [PSYoungGen: 70528K->1376K(71168K)] 457095K->387943K(664576K), 0.0032323 secs] [Times: user=0.02 sys=0.00, real=0.01 secs] 
736.860: [GC (Allocation Failure) [PSYoungGen: 70496K->1408K(71168K)] 457063K->387983K(664576K), 0.0021982 secs] [Times: user=0.01 sys=0.00, real=0.01 secs] 
737.149: [GC (Allocation Failure) [PSYoungGen: 70528K->1344K(71168K)] 457103K->387919K(664576K), 0.0023730 secs] [Times: user=0.01 sys=0.00, real=0.01 secs] 
738.336: [GC (Allocation Failure) [PSYoungGen: 70464K->1376K(71168K)] 457039K->387951K(664576K), 0.0016749 secs] [Times: user=0.01 sys=0.00, real=0.00 secs] 
738.650: [GC (Allocation Failure) [PSYoungGen: 70496K->1376K(71168K)] 457071K->387959K(664576K), 0.0023423 secs] [Times: user=0.01 sys=0.00, real=0.01 secs] 
738.937: [GC (Allocation Failure) [PSYoungGen: 70496K->1408K(71168K)] 457079K->387991K(664576K), 0.0021709 secs] [Times: user=0.01 sys=0.01, real=0.00 secs] 
739.230: [GC (Allocation Failure) [PSYoungGen: 70528K->1360K(71168K)] 457111K->387951K(664576K), 0.0022532 secs] [Times: user=0.01 sys=0.00, real=0.01 secs] 
740.546: [GC (Allocation Failure) [PSYoungGen: 70480K->1440K(71168K)] 457071K->388039K(664576K), 0.0020517 secs] [Times: user=0.01 sys=0.00, real=0.00 secs] 
741.192: [GC (Allocation Failure) [PSYoungGen: 70560K->1376K(71168K)] 457159K->387975K(664576K), 0.0025073 secs] [Times: user=0.01 sys=0.00, real=0.01 secs] 
741.534: [GC (Allocation Failure) [PSYoungGen: 70496K->1360K(71168K)] 457095K->387967K(664576K), 0.0019464 secs] [Times: user=0.00 sys=0.00, real=0.00 secs] 
741.822: [GC (Allocation Failure) [PSYoungGen: 70480K->1408K(71168K)] 457087K->388015K(664576K), 0.0019500 secs] [Times: user=0.01 sys=0.00, real=0.01 secs] 
742.897: [GC (Allocation Failure) [PSYoungGen: 70528K->1504K(71168K)] 457135K->388119K(664576K), 0.0017153 secs] [Times: user=0.00 sys=0.00, real=0.00 secs] 
743.395: [GC (Allocation Failure) [PSYoungGen: 70624K->1376K(71168K)] 457239K->387991K(664576K), 0.0024459 secs] [Times: user=0.01 sys=0.00, real=0.00 secs] 
743.964: [GC (Allocation Failure) [PSYoungGen: 70496K->1440K(71168K)] 457111K->388055K(664576K), 0.0032414 secs] [Times: user=0.01 sys=0.00, real=0.00 secs] 
744.683: [GC (Allocation Failure) [PSYoungGen: 70560K->1408K(71168K)] 457175K->388023K(664576K), 0.0028919 secs] [Times: user=0.01 sys=0.00, real=0.00 secs] 
746.106: [GC (Allocation Failure) [PSYoungGen: 70528K->1472K(71168K)] 457143K->388087K(664576K), 0.0057088 secs] [Times: user=0.03 sys=0.01, real=0.00 secs] 
747.027: [GC (Allocation Failure) [PSYoungGen: 70592K->1376K(71168K)] 457207K->387991K(664576K), 0.0034832 secs] [Times: user=0.01 sys=0.00, real=0.00 secs] 
747.877: [GC (Allocation Failure) [PSYoungGen: 70496K->1344K(71168K)] 457111K->387959K(664576K), 0.0033004 secs] [Times: user=0.02 sys=0.00, real=0.00 secs] 
748.614: [GC (Allocation Failure) [PSYoungGen: 70464K->1376K(71168K)] 457079K->387999K(664576K), 0.0052960 secs] [Times: user=0.03 sys=0.00, real=0.00 secs] 
750.045: [GC (Allocation Failure) [PSYoungGen: 70496K->1472K(71168K)] 457119K->388095K(664576K), 0.0016676 secs] [Times: user=0.00 sys=0.00, real=0.00 secs] 
750.332: [GC (Allocation Failure) [PSYoungGen: 70592K->1408K(71168K)] 457215K->388031K(664576K), 0.0016859 secs] [Times: user=0.00 sys=0.00, real=0.00 secs] 
750.786: [GC (Allocation Failure) [PSYoungGen: 70528K->1440K(71168K)] 457151K->388063K(664576K), 0.0031984 secs] [Times: user=0.01 sys=0.00, real=0.00 secs] 
751.365: [GC (Allocation Failure) [PSYoungGen: 70560K->1408K(70656K)] 457183K->388047K(664064K), 0.0030836 secs] [Times: user=0.01 sys=0.00, real=0.00 secs] 
752.791: [GC (Allocation Failure) [PSYoungGen: 70528K->1440K(70656K)] 457167K->388079K(664064K), 0.0026135 secs] [Times: user=0.01 sys=0.01, real=0.01 secs] 
753.466: [GC (Allocation Failure) [PSYoungGen: 70560K->352K(70144K)] 457199K->388023K(663552K), 0.0024408 secs] [Times: user=0.01 sys=0.00, real=0.00 secs] 
754.064: [GC (Allocation Failure) [PSYoungGen: 69472K->384K(71168K)] 457143K->388055K(664576K), 0.0020142 secs] [Times: user=0.01 sys=0.00, real=0.00 secs] 
754.708: [GC (Allocation Failure) [PSYoungGen: 69504K->416K(71168K)] 457175K->388095K(664576K), 0.0026652 secs] [Times: user=0.01 sys=0.00, real=0.00 secs] 
755.939: [GC (Allocation Failure) [PSYoungGen: 69536K->1472K(71168K)] 457215K->389151K(664576K), 0.0018045 secs] [Times: user=0.01 sys=0.00, real=0.00 secs] 
756.225: [GC (Allocation Failure) [PSYoungGen: 70592K->1408K(71168K)] 458271K->389087K(664576K), 0.0017351 secs] [Times: user=0.00 sys=0.00, real=0.00 secs] 
756.578: [GC (Allocation Failure) [PSYoungGen: 70528K->1376K(71168K)] 458207K->389055K(664576K), 0.0018035 secs] [Times: user=0.01 sys=0.00, real=0.00 secs] 
757.193: [GC (Allocation Failure) [PSYoungGen: 70496K->1424K(71168K)] 458175K->389103K(664576K), 0.0023026 secs] [Times: user=0.01 sys=0.00, real=0.00 secs] 
758.376: [GC (Allocation Failure) [PSYoungGen: 70544K->1424K(71168K)] 458223K->389103K(664576K), 0.0015847 secs] [Times: user=0.01 sys=0.00, real=0.00 secs] 
758.665: [GC (Allocation Failure) [PSYoungGen: 70544K->1408K(71168K)] 458223K->389087K(664576K), 0.0016985 secs] [Times: user=0.01 sys=0.00, real=0.00 secs] 
758.971: [GC (Allocation Failure) [PSYoungGen: 70528K->1408K(71168K)] 458207K->389087K(664576K), 0.0017603 secs] [Times: user=0.00 sys=0.00, real=0.01 secs] 
759.257: [GC (Allocation Failure) [PSYoungGen: 70528K->1440K(71168K)] 458207K->389119K(664576K), 0.0018394 secs] [Times: user=0.00 sys=0.00, real=0.00 secs] 
760.695: [GC (Allocation Failure) [PSYoungGen: 70560K->1472K(71168K)] 458239K->389151K(664576K), 0.0018704 secs] [Times: user=0.01 sys=0.00, real=0.00 secs] 
760.983: [GC (Allocation Failure) [PSYoungGen: 70592K->1408K(71168K)] 458271K->389087K(664576K), 0.0017857 secs] [Times: user=0.01 sys=0.00, real=0.00 secs] 
761.270: [GC (Allocation Failure) [PSYoungGen: 70528K->1408K(71168K)] 458207K->389095K(664576K), 0.0017364 secs] [Times: user=0.01 sys=0.00, real=0.01 secs] 
761.745: [GC (Allocation Failure) [PSYoungGen: 70528K->1440K(71168K)] 458215K->389127K(664576K), 0.0022473 secs] [Times: user=0.01 sys=0.00, real=0.00 secs] 
762.983: [GC (Allocation Failure) [PSYoungGen: 70560K->1408K(71168K)] 458247K->389103K(664576K), 0.0015455 secs] [Times: user=0.01 sys=0.00, real=0.00 secs] 
763.270: [GC (Allocation Failure) [PSYoungGen: 70528K->1344K(71168K)] 458223K->389039K(664576K), 0.0018623 secs] [Times: user=0.00 sys=0.00, real=0.00 secs] 
763.557: [GC (Allocation Failure) [PSYoungGen: 70464K->1440K(71168K)] 458159K->389135K(664576K), 0.0016996 secs] [Times: user=0.01 sys=0.00, real=0.00 secs] 
763.848: [GC (Allocation Failure) [PSYoungGen: 70560K->1360K(71168K)] 458255K->389063K(664576K), 0.0033679 secs] [Times: user=0.02 sys=0.00, real=0.00 secs] 
764.853: [GC (Allocation Failure) [PSYoungGen: 70480K->1952K(71168K)] 458183K->389655K(664576K), 0.0016908 secs] [Times: user=0.01 sys=0.00, real=0.00 secs] 
765.139: [GC (Allocation Failure) [PSYoungGen: 71072K->1424K(71168K)] 458775K->389127K(664576K), 0.0016061 secs] [Times: user=0.01 sys=0.00, real=0.00 secs] 
765.676: [GC (Allocation Failure) [PSYoungGen: 70544K->1376K(71168K)] 458247K->389079K(664576K), 0.0019043 secs] [Times: user=0.01 sys=0.00, real=0.00 secs] 
766.756: [GC (Allocation Failure) [PSYoungGen: 70496K->1440K(71168K)] 458199K->389151K(664576K), 0.0017971 secs] [Times: user=0.01 sys=0.00, real=0.00 secs] 
767.043: [GC (Allocation Failure) [PSYoungGen: 70560K->1376K(71168K)] 458271K->389087K(664576K), 0.0019046 secs] [Times: user=0.01 sys=0.00, real=0.00 secs] 
767.905: [GC (Allocation Failure) [PSYoungGen: 70496K->1360K(71168K)] 458207K->389071K(664576K), 0.0042111 secs] [Times: user=0.01 sys=0.00, real=0.00 secs] 
768.901: [GC (Allocation Failure) [PSYoungGen: 70480K->1376K(71168K)] 458191K->389087K(664576K), 0.0048143 secs] [Times: user=0.02 sys=0.00, real=0.01 secs] 
770.649: [GC (Allocation Failure) [PSYoungGen: 70496K->1344K(71168K)] 458207K->389055K(664576K), 0.0017004 secs] [Times: user=0.01 sys=0.00, real=0.00 secs] 
771.357: [GC (Allocation Failure) [PSYoungGen: 70464K->1376K(71168K)] 458175K->389087K(664576K), 0.0023591 secs] [Times: user=0.01 sys=0.00, real=0.00 secs] 
771.973: [GC (Allocation Failure) [PSYoungGen: 70496K->1376K(71168K)] 458207K->389095K(664576K), 0.0023038 secs] [Times: user=0.01 sys=0.00, real=0.00 secs] 
772.590: [GC (Allocation Failure) [PSYoungGen: 70496K->1376K(71168K)] 458215K->389095K(664576K), 0.0022202 secs] [Times: user=0.01 sys=0.00, real=0.01 secs] 
773.777: [GC (Allocation Failure) [PSYoungGen: 70496K->1408K(71168K)] 458215K->389135K(664576K), 0.0016562 secs] [Times: user=0.01 sys=0.00, real=0.00 secs] 
774.589: [GC (Allocation Failure) [PSYoungGen: 70528K->1408K(71168K)] 458255K->389135K(664576K), 0.0017261 secs] [Times: user=0.00 sys=0.00, real=0.00 secs] 
775.438: [GC (Allocation Failure) [PSYoungGen: 70528K->1440K(71168K)] 458255K->389167K(664576K), 0.0027618 secs] [Times: user=0.01 sys=0.00, real=0.00 secs] 
776.058: [GC (Allocation Failure) [PSYoungGen: 70560K->1360K(71168K)] 458287K->389087K(664576K), 0.0027423 secs] [Times: user=0.01 sys=0.00, real=0.00 secs] 
778.013: [GC (Allocation Failure) [PSYoungGen: 70480K->1376K(71168K)] 458207K->389103K(664576K), 0.0045498 secs] [Times: user=0.02 sys=0.00, real=0.00 secs] 
779.292: [GC (Allocation Failure) [PSYoungGen: 70496K->1360K(71168K)] 458223K->389087K(664576K), 0.0028939 secs] [Times: user=0.01 sys=0.00, real=0.00 secs] 
779.650: [GC (Allocation Failure) [PSYoungGen: 70480K->1408K(71168K)] 458207K->389135K(664576K), 0.0019317 secs] [Times: user=0.01 sys=0.00, real=0.00 secs] 
780.170: [GC (Allocation Failure) [PSYoungGen: 70528K->1376K(70656K)] 458255K->389103K(664064K), 0.0020398 secs] [Times: user=0.01 sys=0.00, real=0.01 secs] 
781.373: [GC (Allocation Failure) [PSYoungGen: 70496K->1504K(70144K)] 458223K->389335K(663552K), 0.0016975 secs] [Times: user=0.01 sys=0.00, real=0.00 secs] 
781.661: [GC (Allocation Failure) [PSYoungGen: 70112K->1296K(70656K)] 457943K->389127K(664064K), 0.0017831 secs] [Times: user=0.01 sys=0.00, real=0.01 secs] 
782.072: [GC (Allocation Failure) [PSYoungGen: 69904K->1312K(70656K)] 457735K->389143K(664064K), 0.0018814 secs] [Times: user=0.00 sys=0.00, real=0.00 secs] 
782.790: [GC (Allocation Failure) [PSYoungGen: 69920K->1344K(70656K)] 457751K->389175K(664064K), 0.0021570 secs] [Times: user=0.01 sys=0.00, real=0.01 secs] 
783.497: [GC (Allocation Failure) [PSYoungGen: 69952K->1312K(70656K)] 457783K->389159K(664064K), 0.0024220 secs] [Times: user=0.01 sys=0.00, real=0.00 secs] 
784.660: [GC (Allocation Failure) [PSYoungGen: 69920K->1488K(70656K)] 457767K->389335K(664064K), 0.0017595 secs] [Times: user=0.00 sys=0.00, real=0.00 secs] 
785.244: [GC (Allocation Failure) [PSYoungGen: 70096K->1456K(70656K)] 457943K->389303K(664064K), 0.0059648 secs] [Times: user=0.02 sys=0.00, real=0.00 secs] 
785.962: [GC (Allocation Failure) [PSYoungGen: 70064K->1488K(70656K)] 457911K->389335K(664064K), 0.0040499 secs] [Times: user=0.02 sys=0.00, real=0.00 secs] 
786.923: [GC (Allocation Failure) [PSYoungGen: 70096K->1504K(70656K)] 457943K->389351K(664064K), 0.0041177 secs] [Times: user=0.01 sys=0.00, real=0.00 secs] 
788.271: [GC (Allocation Failure) [PSYoungGen: 70112K->1536K(70656K)] 457959K->389383K(664064K), 0.0033833 secs] [Times: user=0.02 sys=0.00, real=0.01 secs] 
788.632: [GC (Allocation Failure) [PSYoungGen: 70144K->1488K(70656K)] 457991K->389335K(664064K), 0.0022382 secs] [Times: user=0.01 sys=0.00, real=0.00 secs] 
789.143: [GC (Allocation Failure) [PSYoungGen: 70096K->1472K(70656K)] 457943K->389327K(664064K), 0.0040791 secs] [Times: user=0.02 sys=0.00, real=0.00 secs] 
789.843: [GC (Allocation Failure) [PSYoungGen: 70080K->1472K(70656K)] 457935K->389327K(664064K), 0.0032451 secs] [Times: user=0.02 sys=0.00, real=0.00 secs] 
791.597: [GC (Allocation Failure) [PSYoungGen: 70080K->1536K(70656K)] 457935K->389391K(664064K), 0.0018055 secs] [Times: user=0.01 sys=0.00, real=0.00 secs] 
792.397: [GC (Allocation Failure) [PSYoungGen: 70144K->1472K(70656K)] 457999K->389327K(664064K), 0.0027861 secs] [Times: user=0.01 sys=0.00, real=0.00 secs] 
793.388: [GC (Allocation Failure) [PSYoungGen: 70080K->1376K(70656K)] 457935K->389351K(664064K), 0.0041618 secs] [Times: user=0.02 sys=0.00, real=0.01 secs] 
794.199: [GC (Allocation Failure) [PSYoungGen: 69984K->1376K(70656K)] 457959K->389351K(664064K), 0.0028780 secs] [Times: user=0.01 sys=0.00, real=0.01 secs] 
795.636: [GC (Allocation Failure) [PSYoungGen: 69984K->1472K(70656K)] 457959K->389447K(664064K), 0.0019022 secs] [Times: user=0.00 sys=0.00, real=0.00 secs] 
796.107: [GC (Allocation Failure) [PSYoungGen: 70080K->1408K(70656K)] 458055K->389383K(664064K), 0.0019888 secs] [Times: user=0.01 sys=0.00, real=0.00 secs] 
796.717: [GC (Allocation Failure) [PSYoungGen: 70016K->1376K(70656K)] 457991K->389351K(664064K), 0.0021124 secs] [Times: user=0.01 sys=0.00, real=0.00 secs] 
797.383: [GC (Allocation Failure) [PSYoungGen: 69984K->1360K(70656K)] 457959K->389343K(664064K), 0.0042234 secs] [Times: user=0.02 sys=0.00, real=0.00 secs] 
798.933: [GC (Allocation Failure) [PSYoungGen: 69968K->1504K(70656K)] 457951K->389495K(664064K), 0.0019851 secs] [Times: user=0.01 sys=0.00, real=0.00 secs] 
799.218: [GC (Allocation Failure) [PSYoungGen: 70112K->1440K(70656K)] 458103K->389431K(664064K), 0.0019955 secs] [Times: user=0.00 sys=0.00, real=0.00 secs] 
799.504: [GC (Allocation Failure) [PSYoungGen: 70048K->1440K(70656K)] 458039K->389431K(664064K), 0.0019428 secs] [Times: user=0.01 sys=0.00, real=0.00 secs] 
799.789: [GC (Allocation Failure) [PSYoungGen: 70048K->1440K(70656K)] 458039K->389447K(664064K), 0.0017252 secs] [Times: user=0.00 sys=0.00, real=0.00 secs] 
800.887: [GC (Allocation Failure) [PSYoungGen: 70048K->1392K(70656K)] 458055K->389399K(664064K), 0.0018801 secs] [Times: user=0.01 sys=0.00, real=0.00 secs] 
801.599: [GC (Allocation Failure) [PSYoungGen: 70000K->1376K(70656K)] 458007K->389383K(664064K), 0.0023258 secs] [Times: user=0.01 sys=0.00, real=0.00 secs] 
802.169: [GC (Allocation Failure) [PSYoungGen: 69984K->1376K(70656K)] 457991K->389383K(664064K), 0.0026220 secs] [Times: user=0.01 sys=0.00, real=0.01 secs] 
802.724: [GC (Allocation Failure) [PSYoungGen: 69984K->1408K(70656K)] 457991K->389423K(664064K), 0.0024631 secs] [Times: user=0.01 sys=0.00, real=0.00 secs] 
803.938: [GC (Allocation Failure) [PSYoungGen: 70016K->1424K(70144K)] 458031K->389447K(663552K), 0.0018029 secs] [Times: user=0.01 sys=0.00, real=0.00 secs] 
804.750: [GC (Allocation Failure) [PSYoungGen: 70032K->1440K(70144K)] 458055K->389463K(663552K), 0.0019965 secs] [Times: user=0.00 sys=0.00, real=0.01 secs] 
805.345: [GC (Allocation Failure) [PSYoungGen: 70048K->1440K(70144K)] 458071K->389463K(663552K), 0.0022548 secs] [Times: user=0.00 sys=0.00, real=0.00 secs] 
805.973: [GC (Allocation Failure) [PSYoungGen: 70048K->1376K(70144K)] 458071K->389399K(663552K), 0.0022510 secs] [Times: user=0.01 sys=0.00, real=0.00 secs] 
807.319: [GC (Allocation Failure) [PSYoungGen: 69984K->896K(70144K)] 458007K->389951K(663552K), 0.0017555 secs] [Times: user=0.01 sys=0.00, real=0.00 secs] 
807.756: [GC (Allocation Failure) [PSYoungGen: 69504K->384K(70656K)] 458559K->389439K(664064K), 0.0017375 secs] [Times: user=0.01 sys=0.00, real=0.00 secs] 
808.335: [GC (Allocation Failure) [PSYoungGen: 68992K->352K(70656K)] 458047K->389407K(664064K), 0.0044485 secs] [Times: user=0.02 sys=0.00, real=0.00 secs] 
808.933: [GC (Allocation Failure) [PSYoungGen: 68960K->416K(70656K)] 458015K->389479K(664064K), 0.0027788 secs] [Times: user=0.01 sys=0.00, real=0.00 secs] 
810.349: [GC (Allocation Failure) [PSYoungGen: 69024K->192K(70656K)] 458087K->389255K(664064K), 0.0015556 secs] [Times: user=0.01 sys=0.00, real=0.00 secs] 
810.769: [GC (Allocation Failure) [PSYoungGen: 68800K->1376K(70656K)] 457863K->390439K(664064K), 0.0017104 secs] [Times: user=0.01 sys=0.00, real=0.00 secs] 
811.477: [GC (Allocation Failure) [PSYoungGen: 69984K->1376K(70656K)] 459047K->390439K(664064K), 0.0029223 secs] [Times: user=0.01 sys=0.00, real=0.00 secs] 
812.412: [GC (Allocation Failure) [PSYoungGen: 69984K->1408K(71168K)] 459047K->390471K(664576K), 0.0044775 secs] [Times: user=0.02 sys=0.00, real=0.00 secs] 
813.320: [GC (Allocation Failure) [PSYoungGen: 70016K->1408K(71168K)] 459079K->390487K(664576K), 0.0041414 secs] [Times: user=0.01 sys=0.00, real=0.01 secs] 
814.876: [GC (Allocation Failure) [PSYoungGen: 70016K->1440K(71168K)] 459095K->390527K(664576K), 0.0020635 secs] [Times: user=0.01 sys=0.00, real=0.00 secs] 
815.766: [GC (Allocation Failure) [PSYoungGen: 70048K->1376K(71168K)] 459135K->390463K(664576K), 0.0050552 secs] [Times: user=0.02 sys=0.00, real=0.00 secs] 
816.730: [GC (Allocation Failure) [PSYoungGen: 69984K->1376K(71168K)] 459071K->390471K(664576K), 0.0032906 secs] [Times: user=0.01 sys=0.00, real=0.01 secs] 
817.300: [GC (Allocation Failure) [PSYoungGen: 69984K->1408K(71168K)] 459079K->390503K(664576K), 0.0027278 secs] [Times: user=0.01 sys=0.00, real=0.01 secs] 
818.675: [GC (Allocation Failure) [PSYoungGen: 70016K->1504K(71168K)] 459111K->390599K(664576K), 0.0016582 secs] [Times: user=0.01 sys=0.00, real=0.00 secs] 
819.527: [GC (Allocation Failure) [PSYoungGen: 70112K->1408K(70144K)] 459207K->390503K(663552K), 0.0033145 secs] [Times: user=0.01 sys=0.00, real=0.00 secs] 
820.276: [GC (Allocation Failure) [PSYoungGen: 70016K->1344K(70656K)] 459111K->390447K(664064K), 0.0040907 secs] [Times: user=0.02 sys=0.00, real=0.00 secs] 
820.921: [GC (Allocation Failure) [PSYoungGen: 69952K->1344K(70656K)] 459055K->390447K(664064K), 0.0033433 secs] [Times: user=0.02 sys=0.00, real=0.01 secs] 
822.327: [GC (Allocation Failure) [PSYoungGen: 69952K->1408K(70656K)] 459055K->390519K(664064K), 0.0041156 secs] [Times: user=0.02 sys=0.00, real=0.00 secs] 
822.674: [GC (Allocation Failure) [PSYoungGen: 70016K->1376K(70656K)] 459127K->390487K(664064K), 0.0019001 secs] [Times: user=0.01 sys=0.01, real=0.00 secs] 
822.959: [GC (Allocation Failure) [PSYoungGen: 69984K->1408K(70656K)] 459095K->390519K(664064K), 0.0018310 secs] [Times: user=0.00 sys=0.00, real=0.00 secs] 
823.391: [GC (Allocation Failure) [PSYoungGen: 70016K->1392K(70656K)] 459127K->390503K(664064K), 0.0021057 secs] [Times: user=0.01 sys=0.00, real=0.01 secs] 
824.553: [GC (Allocation Failure) [PSYoungGen: 70000K->1472K(70656K)] 459111K->390591K(664064K), 0.0016489 secs] [Times: user=0.00 sys=0.00, real=0.00 secs] 
824.838: [GC (Allocation Failure) [PSYoungGen: 70080K->1472K(70656K)] 459199K->390591K(664064K), 0.0017241 secs] [Times: user=0.01 sys=0.00, real=0.00 secs] 
825.321: [GC (Allocation Failure) [PSYoungGen: 70080K->1408K(70656K)] 459199K->390527K(664064K), 0.0044008 secs] [Times: user=0.02 sys=0.00, real=0.01 secs] 
825.933: [GC (Allocation Failure) [PSYoungGen: 70016K->1344K(70656K)] 459135K->390471K(664064K), 0.0026569 secs] [Times: user=0.01 sys=0.00, real=0.00 secs] 
827.327: [GC (Allocation Failure) [PSYoungGen: 69952K->1440K(70656K)] 459079K->390567K(664064K), 0.0017917 secs] [Times: user=0.01 sys=0.00, real=0.00 secs] 
827.952: [GC (Allocation Failure) [PSYoungGen: 70048K->1408K(70656K)] 459175K->390535K(664064K), 0.0017988 secs] [Times: user=0.01 sys=0.00, real=0.00 secs] 
828.504: [GC (Allocation Failure) [PSYoungGen: 70016K->1424K(70656K)] 459143K->390551K(664064K), 0.0021973 secs] [Times: user=0.01 sys=0.00, real=0.00 secs] 
829.059: [GC (Allocation Failure) [PSYoungGen: 70032K->1376K(70656K)] 459159K->390503K(664064K), 0.0020975 secs] [Times: user=0.01 sys=0.00, real=0.00 secs] 
830.635: [GC (Allocation Failure) [PSYoungGen: 69984K->1408K(70656K)] 459111K->390543K(664064K), 0.0017434 secs] [Times: user=0.01 sys=0.00, real=0.00 secs] 
830.920: [GC (Allocation Failure) [PSYoungGen: 70016K->1424K(70656K)] 459151K->390567K(664064K), 0.0018075 secs] [Times: user=0.01 sys=0.00, real=0.01 secs] 
831.245: [GC (Allocation Failure) [PSYoungGen: 70032K->1376K(70656K)] 459175K->390519K(664064K), 0.0021629 secs] [Times: user=0.01 sys=0.00, real=0.00 secs] 
831.553: [GC (Allocation Failure) [PSYoungGen: 69984K->1408K(70656K)] 459127K->390559K(664064K), 0.0018514 secs] [Times: user=0.01 sys=0.00, real=0.00 secs] 
832.539: [GC (Allocation Failure) [PSYoungGen: 70016K->1440K(70656K)] 459167K->390599K(664064K), 0.0018112 secs] [Times: user=0.01 sys=0.00, real=0.00 secs] 
832.824: [GC (Allocation Failure) [PSYoungGen: 70048K->1408K(70656K)] 459207K->390567K(664064K), 0.0019046 secs] [Times: user=0.01 sys=0.00, real=0.00 secs] 
833.110: [GC (Allocation Failure) [PSYoungGen: 70016K->1472K(70656K)] 459175K->390631K(664064K), 0.0019344 secs] [Times: user=0.00 sys=0.00, real=0.01 secs] 
833.816: [GC (Allocation Failure) [PSYoungGen: 70080K->1392K(70656K)] 459239K->390551K(664064K), 0.0026225 secs] [Times: user=0.02 sys=0.00, real=0.00 secs] 
835.513: [GC (Allocation Failure) [PSYoungGen: 70000K->1728K(70656K)] 459159K->390887K(664064K), 0.0017521 secs] [Times: user=0.01 sys=0.00, real=0.00 secs] 
836.282: [GC (Allocation Failure) [PSYoungGen: 70336K->1440K(70656K)] 459495K->390599K(664064K), 0.0024320 secs] [Times: user=0.01 sys=0.00, real=0.00 secs] 
836.559: [GC (Allocation Failure) [PSYoungGen: 70048K->1408K(70656K)] 459207K->390567K(664064K), 0.0019626 secs] [Times: user=0.01 sys=0.00, real=0.00 secs] 
836.844: [GC (Allocation Failure) [PSYoungGen: 70016K->1408K(70656K)] 459175K->390575K(664064K), 0.0017694 secs] [Times: user=0.01 sys=0.00, real=0.00 secs] 
837.317: [GC (Allocation Failure) [PSYoungGen: 70016K->1408K(70656K)] 459183K->390575K(664064K), 0.0024367 secs] [Times: user=0.01 sys=0.00, real=0.00 secs] 
838.866: [GC (Allocation Failure) [PSYoungGen: 70016K->1440K(70656K)] 459183K->390607K(664064K), 0.0050568 secs] [Times: user=0.02 sys=0.00, real=0.00 secs] 
839.581: [GC (Allocation Failure) [PSYoungGen: 70048K->1440K(70656K)] 459215K->390607K(664064K), 0.0032206 secs] [Times: user=0.01 sys=0.00, real=0.01 secs] 
840.103: [GC (Allocation Failure) [PSYoungGen: 70048K->1408K(70656K)] 459215K->390583K(664064K), 0.0027578 secs] [Times: user=0.00 sys=0.00, real=0.00 secs] 
840.668: [GC (Allocation Failure) [PSYoungGen: 70016K->1360K(70656K)] 459191K->390535K(664064K), 0.0023901 secs] [Times: user=0.01 sys=0.00, real=0.00 secs] 
843.826: [GC (Allocation Failure) [PSYoungGen: 69968K->1440K(70656K)] 459143K->390623K(664064K), 0.0033632 secs] [Times: user=0.01 sys=0.00, real=0.00 secs] 
844.475: [GC (Allocation Failure) [PSYoungGen: 70048K->1376K(70656K)] 459231K->390559K(664064K), 0.0024197 secs] [Times: user=0.01 sys=0.00, real=0.00 secs] 
845.212: [GC (Allocation Failure) [PSYoungGen: 69984K->1344K(70656K)] 459167K->390535K(664064K), 0.0027442 secs] [Times: user=0.01 sys=0.00, real=0.00 secs] 
845.781: [GC (Allocation Failure) [PSYoungGen: 69952K->1376K(70656K)] 459143K->390567K(664064K), 0.0032558 secs] [Times: user=0.02 sys=0.00, real=0.01 secs] 
847.139: [GC (Allocation Failure) [PSYoungGen: 69984K->1440K(70656K)] 459175K->390639K(664064K), 0.0016666 secs] [Times: user=0.01 sys=0.00, real=0.00 secs] 
847.703: [GC (Allocation Failure) [PSYoungGen: 70048K->1408K(70144K)] 459247K->390615K(663552K), 0.0031706 secs] [Times: user=0.01 sys=0.00, real=0.00 secs] 
848.450: [GC (Allocation Failure) [PSYoungGen: 70016K->1408K(70144K)] 459223K->390615K(663552K), 0.0023564 secs] [Times: user=0.01 sys=0.00, real=0.01 secs] 
848.736: [GC (Allocation Failure) [PSYoungGen: 70016K->416K(69632K)] 459223K->390647K(663040K), 0.0018906 secs] [Times: user=0.00 sys=0.00, real=0.00 secs] 
849.989: [GC (Allocation Failure) [PSYoungGen: 69024K->1440K(70656K)] 459255K->391671K(664064K), 0.0020240 secs] [Times: user=0.01 sys=0.00, real=0.00 secs] 
850.509: [GC (Allocation Failure) [PSYoungGen: 70048K->1408K(70656K)] 460279K->391639K(664064K), 0.0033360 secs] [Times: user=0.02 sys=0.00, real=0.01 secs] 
850.804: [GC (Allocation Failure) [PSYoungGen: 70016K->1408K(70656K)] 460247K->391639K(664064K), 0.0034607 secs] [Times: user=0.01 sys=0.00, real=0.00 secs] 
851.137: [GC (Allocation Failure) [PSYoungGen: 70016K->1408K(70656K)] 460247K->391639K(664064K), 0.0019008 secs] [Times: user=0.00 sys=0.00, real=0.00 secs] 
852.458: [GC (Allocation Failure) [PSYoungGen: 70016K->1392K(70656K)] 460247K->391631K(664064K), 0.0032609 secs] [Times: user=0.02 sys=0.00, real=0.00 secs] 
853.059: [GC (Allocation Failure) [PSYoungGen: 70000K->1408K(70656K)] 460239K->391647K(664064K), 0.0024618 secs] [Times: user=0.01 sys=0.00, real=0.01 secs] 
853.543: [GC (Allocation Failure) [PSYoungGen: 70016K->1360K(70656K)] 460255K->391599K(664064K), 0.0022355 secs] [Times: user=0.01 sys=0.00, real=0.00 secs] 
854.337: [GC (Allocation Failure) [PSYoungGen: 69968K->1408K(70656K)] 460207K->391663K(664064K), 0.0024238 secs] [Times: user=0.01 sys=0.00, real=0.00 secs] 
856.424: [GC (Allocation Failure) [PSYoungGen: 70016K->1344K(70656K)] 460271K->391599K(664064K), 0.0053718 secs] [Times: user=0.02 sys=0.00, real=0.00 secs] 
857.496: [GC (Allocation Failure) [PSYoungGen: 69952K->1376K(70656K)] 460207K->391631K(664064K), 0.0049559 secs] [Times: user=0.02 sys=0.00, real=0.00 secs] 
858.226: [GC (Allocation Failure) [PSYoungGen: 69984K->1344K(70656K)] 460239K->391599K(664064K), 0.0033331 secs] [Times: user=0.01 sys=0.00, real=0.00 secs] 
858.833: [GC (Allocation Failure) [PSYoungGen: 69952K->1408K(70656K)] 460207K->391671K(664064K), 0.0028003 secs] [Times: user=0.01 sys=0.00, real=0.00 secs] 
860.347: [GC (Allocation Failure) [PSYoungGen: 70016K->1440K(70656K)] 460279K->391703K(664064K), 0.0018202 secs] [Times: user=0.01 sys=0.00, real=0.00 secs] 
860.936: [GC (Allocation Failure) [PSYoungGen: 70048K->1376K(70656K)] 460311K->391639K(664064K), 0.0018846 secs] [Times: user=0.01 sys=0.00, real=0.00 secs] 
861.766: [GC (Allocation Failure) [PSYoungGen: 69984K->1424K(70656K)] 460247K->391687K(664064K), 0.0052372 secs] [Times: user=0.02 sys=0.00, real=0.00 secs] 
862.308: [GC (Allocation Failure) [PSYoungGen: 70032K->1344K(70144K)] 460295K->391623K(663552K), 0.0033617 secs] [Times: user=0.02 sys=0.00, real=0.00 secs] 
863.734: [GC (Allocation Failure) [PSYoungGen: 69952K->1408K(70144K)] 460231K->391687K(663552K), 0.0017917 secs] [Times: user=0.01 sys=0.00, real=0.00 secs] 
864.502: [GC (Allocation Failure) [PSYoungGen: 70016K->368K(69632K)] 460295K->391671K(663040K), 0.0022542 secs] [Times: user=0.01 sys=0.00, real=0.00 secs] 
865.009: [GC (Allocation Failure) [PSYoungGen: 68976K->432K(70656K)] 460279K->391735K(664064K), 0.0018485 secs] [Times: user=0.01 sys=0.00, real=0.00 secs] 
865.294: [GC (Allocation Failure) [PSYoungGen: 69040K->352K(70656K)] 460343K->391663K(664064K), 0.0019493 secs] [Times: user=0.01 sys=0.00, real=0.00 secs] 
866.407: [GC (Allocation Failure) [PSYoungGen: 68960K->1440K(70656K)] 460271K->392751K(664064K), 0.0016147 secs] [Times: user=0.01 sys=0.00, real=0.00 secs] 
867.144: [GC (Allocation Failure) [PSYoungGen: 70048K->1344K(70656K)] 461359K->392655K(664064K), 0.0018248 secs] [Times: user=0.01 sys=0.00, real=0.00 secs] 
868.427: [GC (Allocation Failure) [PSYoungGen: 69952K->1408K(70656K)] 461263K->392719K(664064K), 0.0058977 secs] [Times: user=0.02 sys=0.00, real=0.01 secs] 
869.234: [GC (Allocation Failure) [PSYoungGen: 70016K->1408K(70656K)] 461327K->392719K(664064K), 0.0040357 secs] [Times: user=0.02 sys=0.00, real=0.00 secs] 
870.056: [GC (Allocation Failure) [PSYoungGen: 70016K->1424K(70656K)] 461327K->392735K(664064K), 0.0041401 secs] [Times: user=0.02 sys=0.00, real=0.00 secs] 
871.282: [GC (Allocation Failure) [PSYoungGen: 70032K->1408K(70656K)] 461343K->392719K(664064K), 0.0069462 secs] [Times: user=0.03 sys=0.00, real=0.01 secs] 
871.572: [GC (Allocation Failure) [PSYoungGen: 70016K->1376K(70656K)] 461327K->392687K(664064K), 0.0019891 secs] [Times: user=0.01 sys=0.00, real=0.00 secs] 
871.909: [GC (Allocation Failure) [PSYoungGen: 69984K->1328K(70656K)] 461295K->392639K(664064K), 0.0020631 secs] [Times: user=0.00 sys=0.00, real=0.00 secs] 
872.427: [GC (Allocation Failure) [PSYoungGen: 69936K->1376K(70656K)] 461247K->392687K(664064K), 0.0019542 secs] [Times: user=0.01 sys=0.00, real=0.00 secs] 
873.864: [GC (Allocation Failure) [PSYoungGen: 69984K->1440K(70656K)] 461295K->392767K(664064K), 0.0033417 secs] [Times: user=0.01 sys=0.00, real=0.00 secs] 
874.584: [GC (Allocation Failure) [PSYoungGen: 70048K->1376K(70656K)] 461375K->392703K(664064K), 0.0032785 secs] [Times: user=0.01 sys=0.00, real=0.00 secs] 
875.186: [GC (Allocation Failure) [PSYoungGen: 69984K->1376K(70656K)] 461311K->392703K(664064K), 0.0034006 secs] [Times: user=0.01 sys=0.00, real=0.00 secs] 
876.025: [GC (Allocation Failure) [PSYoungGen: 69984K->1408K(70656K)] 461311K->392735K(664064K), 0.0028985 secs] [Times: user=0.01 sys=0.00, real=0.00 secs] 
877.603: [GC (Allocation Failure) [PSYoungGen: 70016K->1376K(70656K)] 461343K->392703K(664064K), 0.0019583 secs] [Times: user=0.01 sys=0.00, real=0.00 secs] 
878.184: [GC (Allocation Failure) [PSYoungGen: 69984K->1312K(70656K)] 461311K->392639K(664064K), 0.0019549 secs] [Times: user=0.00 sys=0.00, real=0.00 secs] 
878.561: [GC (Allocation Failure) [PSYoungGen: 69920K->1376K(70656K)] 461247K->392711K(664064K), 0.0021265 secs] [Times: user=0.01 sys=0.00, real=0.01 secs] 
878.934: [GC (Allocation Failure) [PSYoungGen: 69984K->1376K(70656K)] 461319K->392711K(664064K), 0.0018554 secs] [Times: user=0.01 sys=0.00, real=0.00 secs] 
880.208: [GC (Allocation Failure) [PSYoungGen: 69984K->1408K(70656K)] 461319K->392751K(664064K), 0.0048888 secs] [Times: user=0.02 sys=0.01, real=0.01 secs] 
880.829: [GC (Allocation Failure) [PSYoungGen: 70016K->1440K(70656K)] 461359K->392791K(664064K), 0.0024060 secs] [Times: user=0.00 sys=0.01, real=0.00 secs] 
881.114: [GC (Allocation Failure) [PSYoungGen: 70048K->1408K(70656K)] 461399K->392759K(664064K), 0.0019500 secs] [Times: user=0.01 sys=0.00, real=0.00 secs] 
881.427: [GC (Allocation Failure) [PSYoungGen: 70016K->1440K(70656K)] 461367K->392799K(664064K), 0.0019700 secs] [Times: user=0.01 sys=0.00, real=0.00 secs] 
882.461: [GC (Allocation Failure) [PSYoungGen: 70048K->1440K(70656K)] 461407K->392799K(664064K), 0.0016851 secs] [Times: user=0.00 sys=0.00, real=0.01 secs] 
882.752: [GC (Allocation Failure) [PSYoungGen: 70048K->1424K(70656K)] 461407K->392783K(664064K), 0.0017542 secs] [Times: user=0.01 sys=0.00, real=0.00 secs] 
883.064: [GC (Allocation Failure) [PSYoungGen: 70032K->1408K(70656K)] 461391K->392767K(664064K), 0.0020275 secs] [Times: user=0.01 sys=0.00, real=0.00 secs] 
883.366: [GC (Allocation Failure) [PSYoungGen: 70016K->1408K(70656K)] 461375K->392767K(664064K), 0.0018378 secs] [Times: user=0.01 sys=0.01, real=0.00 secs] 
884.417: [GC (Allocation Failure) [PSYoungGen: 70016K->1440K(70656K)] 461375K->392799K(664064K), 0.0018409 secs] [Times: user=0.00 sys=0.00, real=0.00 secs] 
884.701: [GC (Allocation Failure) [PSYoungGen: 70048K->1440K(70656K)] 461407K->392799K(664064K), 0.0017754 secs] [Times: user=0.01 sys=0.00, real=0.01 secs] 
885.212: [GC (Allocation Failure) [PSYoungGen: 70048K->1408K(70656K)] 461407K->392767K(664064K), 0.0019131 secs] [Times: user=0.01 sys=0.00, real=0.01 secs] 
885.546: [GC (Allocation Failure) [PSYoungGen: 70016K->1424K(70656K)] 461375K->392791K(664064K), 0.0018948 secs] [Times: user=0.00 sys=0.00, real=0.00 secs] 
887.100: [GC (Allocation Failure) [PSYoungGen: 70032K->1440K(70656K)] 461399K->392807K(664064K), 0.0020652 secs] [Times: user=0.01 sys=0.00, real=0.01 secs] 
887.758: [GC (Allocation Failure) [PSYoungGen: 70048K->1376K(70656K)] 461415K->392743K(664064K), 0.0021422 secs] [Times: user=0.01 sys=0.00, real=0.00 secs] 
888.523: [GC (Allocation Failure) [PSYoungGen: 69984K->1376K(70656K)] 461351K->392743K(664064K), 0.0027693 secs] [Times: user=0.01 sys=0.00, real=0.00 secs] 
889.146: [GC (Allocation Failure) [PSYoungGen: 69984K->1408K(70656K)] 461351K->392783K(664064K), 0.0029610 secs] [Times: user=0.02 sys=0.00, real=0.00 secs] 
890.449: [GC (Allocation Failure) [PSYoungGen: 70016K->1952K(70656K)] 461391K->393327K(664064K), 0.0018637 secs] [Times: user=0.01 sys=0.00, real=0.00 secs] 
890.766: [GC (Allocation Failure) [PSYoungGen: 70560K->1424K(70656K)] 461935K->392799K(664064K), 0.0016686 secs] [Times: user=0.00 sys=0.00, real=0.00 secs] 
891.102: [GC (Allocation Failure) [PSYoungGen: 70032K->1440K(70656K)] 461407K->392831K(664064K), 0.0020920 secs] [Times: user=0.01 sys=0.00, real=0.00 secs] 
891.594: [GC (Allocation Failure) [PSYoungGen: 70048K->1408K(70656K)] 461439K->392799K(664064K), 0.0019879 secs] [Times: user=0.01 sys=0.00, real=0.00 secs] 
892.918: [GC (Allocation Failure) [PSYoungGen: 70013K->224K(70656K)] 461405K->391615K(664064K), 0.0014398 secs] [Times: user=0.01 sys=0.00, real=0.00 secs] 
893.894: [GC (Allocation Failure) [PSYoungGen: 68832K->1408K(70656K)] 460223K->392799K(664064K), 0.0054640 secs] [Times: user=0.02 sys=0.00, real=0.00 secs] 
894.574: [GC (Allocation Failure) [PSYoungGen: 70016K->1440K(70656K)] 461407K->392831K(664064K), 0.0026654 secs] [Times: user=0.02 sys=0.00, real=0.00 secs] 
894.916: [GC (Allocation Failure) [PSYoungGen: 70048K->1408K(70656K)] 461439K->392799K(664064K), 0.0019673 secs] [Times: user=0.00 sys=0.00, real=0.00 secs] 
895.262: [GC (Allocation Failure) [PSYoungGen: 70016K->1392K(70656K)] 461407K->392783K(664064K), 0.0019705 secs] [Times: user=0.01 sys=0.00, real=0.00 secs] 
897.535: [GC (Allocation Failure) [PSYoungGen: 70000K->1376K(70656K)] 461391K->392767K(664064K), 0.0028553 secs] [Times: user=0.01 sys=0.00, real=0.00 secs] 
898.300: [GC (Allocation Failure) [PSYoungGen: 69984K->1440K(70656K)] 461375K->392831K(664064K), 0.0023170 secs] [Times: user=0.01 sys=0.00, real=0.01 secs] 
898.834: [GC (Allocation Failure) [PSYoungGen: 70048K->1408K(70656K)] 461439K->392799K(664064K), 0.0021460 secs] [Times: user=0.01 sys=0.00, real=0.00 secs] 
899.365: [GC (Allocation Failure) [PSYoungGen: 70016K->1408K(70656K)] 461407K->392799K(664064K), 0.0022479 secs] [Times: user=0.01 sys=0.00, real=0.00 secs] 
900.415: [GC (Allocation Failure) [PSYoungGen: 70016K->1440K(70656K)] 461407K->392831K(664064K), 0.0017873 secs] [Times: user=0.01 sys=0.00, real=0.00 secs] 
900.699: [GC (Allocation Failure) [PSYoungGen: 70048K->1424K(70656K)] 461439K->392815K(664064K), 0.0016885 secs] [Times: user=0.00 sys=0.00, real=0.00 secs] 
900.984: [GC (Allocation Failure) [PSYoungGen: 70032K->1440K(70656K)] 461423K->392831K(664064K), 0.0018772 secs] [Times: user=0.01 sys=0.00, real=0.00 secs] 
901.269: [GC (Allocation Failure) [PSYoungGen: 70048K->1408K(70656K)] 461439K->392799K(664064K), 0.0019713 secs] [Times: user=0.01 sys=0.00, real=0.00 secs] 
902.243: [GC (Allocation Failure) [PSYoungGen: 70016K->1408K(70656K)] 461407K->392799K(664064K), 0.0016549 secs] [Times: user=0.01 sys=0.00, real=0.00 secs] 
902.597: [GC (Allocation Failure) [PSYoungGen: 70016K->1344K(70656K)] 461407K->392743K(664064K), 0.0016917 secs] [Times: user=0.01 sys=0.00, real=0.00 secs] 
903.226: [GC (Allocation Failure) [PSYoungGen: 69952K->1408K(70656K)] 461351K->392807K(664064K), 0.0019409 secs] [Times: user=0.00 sys=0.00, real=0.00 secs] 
903.804: [GC (Allocation Failure) [PSYoungGen: 70016K->1376K(70656K)] 461415K->392775K(664064K), 0.0019163 secs] [Times: user=0.00 sys=0.00, real=0.00 secs] 
904.939: [GC (Allocation Failure) [PSYoungGen: 69984K->1440K(70656K)] 461383K->392839K(664064K), 0.0017930 secs] [Times: user=0.01 sys=0.00, real=0.00 secs] 
905.245: [GC (Allocation Failure) [PSYoungGen: 70048K->1408K(70656K)] 461447K->392807K(664064K), 0.0019829 secs] [Times: user=0.01 sys=0.00, real=0.00 secs] 
905.632: [GC (Allocation Failure) [PSYoungGen: 70016K->1376K(70656K)] 461415K->392775K(664064K), 0.0019946 secs] [Times: user=0.01 sys=0.00, real=0.00 secs] 
906.133: [GC (Allocation Failure) [PSYoungGen: 69984K->1376K(70656K)] 461383K->392775K(664064K), 0.0021509 secs] [Times: user=0.01 sys=0.00, real=0.00 secs] 
907.439: [GC (Allocation Failure) [PSYoungGen: 69984K->1472K(70656K)] 461383K->392871K(664064K), 0.0020214 secs] [Times: user=0.00 sys=0.00, real=0.00 secs] 
907.733: [GC (Allocation Failure) [PSYoungGen: 70080K->1376K(70656K)] 461479K->392775K(664064K), 0.0019005 secs] [Times: user=0.00 sys=0.00, real=0.00 secs] 
908.046: [GC (Allocation Failure) [PSYoungGen: 69984K->1376K(70144K)] 461383K->392775K(663552K), 0.0020874 secs] [Times: user=0.00 sys=0.00, real=0.00 secs] 
908.332: [GC (Allocation Failure) [PSYoungGen: 69984K->1376K(70144K)] 461383K->392775K(663552K), 0.0022092 secs] [Times: user=0.01 sys=0.00, real=0.01 secs] 
909.366: [GC (Allocation Failure) [PSYoungGen: 69984K->1472K(70144K)] 461383K->392871K(663552K), 0.0017290 secs] [Times: user=0.01 sys=0.00, real=0.00 secs] 
909.683: [GC (Allocation Failure) [PSYoungGen: 70080K->1376K(70144K)] 461479K->392775K(663552K), 0.0018336 secs] [Times: user=0.01 sys=0.00, real=0.00 secs] 
909.968: [GC (Allocation Failure) [PSYoungGen: 69984K->1376K(70144K)] 461383K->392783K(663552K), 0.0019398 secs] [Times: user=0.01 sys=0.00, real=0.00 secs] 
910.281: [GC (Allocation Failure) [PSYoungGen: 69984K->1376K(70144K)] 461391K->392783K(663552K), 0.0017688 secs] [Times: user=0.00 sys=0.00, real=0.01 secs] 
911.346: [GC (Allocation Failure) [PSYoungGen: 69984K->1408K(70144K)] 461391K->392815K(663552K), 0.0018420 secs] [Times: user=0.01 sys=0.00, real=0.00 secs] 
911.666: [GC (Allocation Failure) [PSYoungGen: 70016K->1376K(70144K)] 461423K->392783K(663552K), 0.0017477 secs] [Times: user=0.01 sys=0.00, real=0.00 secs] 
912.138: [GC (Allocation Failure) [PSYoungGen: 69984K->1440K(70144K)] 461391K->392847K(663552K), 0.0019885 secs] [Times: user=0.00 sys=0.00, real=0.00 secs] 
912.732: [GC (Allocation Failure) [PSYoungGen: 70048K->1344K(70144K)] 461455K->392751K(663552K), 0.0022609 secs] [Times: user=0.01 sys=0.01, real=0.00 secs] 
914.146: [GC (Allocation Failure) [PSYoungGen: 69656K->1440K(70144K)] 461064K->393359K(663552K), 0.0017523 secs] [Times: user=0.00 sys=0.00, real=0.00 secs] 
914.939: [GC (Allocation Failure) [PSYoungGen: 70048K->1344K(70144K)] 461967K->393263K(663552K), 0.0019871 secs] [Times: user=0.01 sys=0.00, real=0.00 secs] 
915.531: [GC (Allocation Failure) [PSYoungGen: 69952K->1376K(70144K)] 461871K->393295K(663552K), 0.0022310 secs] [Times: user=0.01 sys=0.00, real=0.01 secs] 
916.301: [GC (Allocation Failure) [PSYoungGen: 69984K->1360K(70144K)] 461903K->393287K(663552K), 0.0034155 secs] [Times: user=0.01 sys=0.00, real=0.01 secs] 
917.014: [GC (Allocation Failure) [PSYoungGen: 69968K->1408K(70144K)] 461895K->393335K(663552K), 0.0032313 secs] [Times: user=0.02 sys=0.00, real=0.00 secs] 
919.021: [GC (Allocation Failure) [PSYoungGen: 70016K->1408K(70144K)] 461943K->393335K(663552K), 0.0041112 secs] [Times: user=0.02 sys=0.00, real=0.01 secs] 
919.333: [GC (Allocation Failure) [PSYoungGen: 70016K->1472K(70144K)] 461943K->393399K(663552K), 0.0020472 secs] [Times: user=0.01 sys=0.00, real=0.00 secs] 
919.619: [GC (Allocation Failure) [PSYoungGen: 70080K->1424K(70144K)] 462007K->393351K(663552K), 0.0018698 secs] [Times: user=0.01 sys=0.00, real=0.00 secs] 
920.192: [GC (Allocation Failure) [PSYoungGen: 70032K->1408K(70144K)] 461959K->393335K(663552K), 0.0021888 secs] [Times: user=0.01 sys=0.00, real=0.00 secs] 
921.705: [GC (Allocation Failure) [PSYoungGen: 70016K->1408K(70144K)] 461943K->393335K(663552K), 0.0022109 secs] [Times: user=0.01 sys=0.00, real=0.00 secs] 
922.363: [GC (Allocation Failure) [PSYoungGen: 70016K->1376K(70144K)] 461943K->393303K(663552K), 0.0021758 secs] [Times: user=0.01 sys=0.00, real=0.00 secs] 
923.055: [GC (Allocation Failure) [PSYoungGen: 69984K->1376K(70144K)] 461911K->393319K(663552K), 0.0033435 secs] [Times: user=0.01 sys=0.00, real=0.00 secs] 
923.864: [GC (Allocation Failure) [PSYoungGen: 69984K->1376K(70144K)] 461927K->393319K(663552K), 0.0033299 secs] [Times: user=0.01 sys=0.00, real=0.00 secs] 
925.144: [GC (Allocation Failure) [PSYoungGen: 69984K->1408K(70144K)] 461927K->393351K(663552K), 0.0016734 secs] [Times: user=0.00 sys=0.00, real=0.00 secs] 
925.429: [GC (Allocation Failure) [PSYoungGen: 70016K->1408K(70144K)] 461959K->393351K(663552K), 0.0017650 secs] [Times: user=0.00 sys=0.00, real=0.00 secs] 
925.713: [GC (Allocation Failure) [PSYoungGen: 70016K->1408K(70144K)] 461959K->393359K(663552K), 0.0017569 secs] [Times: user=0.01 sys=0.00, real=0.00 secs] 
926.006: [GC (Allocation Failure) [PSYoungGen: 70016K->1376K(70144K)] 461967K->393327K(663552K), 0.0016915 secs] [Times: user=0.00 sys=0.00, real=0.00 secs] 
927.374: [GC (Allocation Failure) [PSYoungGen: 69984K->1472K(70144K)] 461935K->393423K(663552K), 0.0022687 secs] [Times: user=0.01 sys=0.00, real=0.00 secs] 
928.182: [GC (Allocation Failure) [PSYoungGen: 70080K->1344K(70144K)] 462031K->393295K(663552K), 0.0028691 secs] [Times: user=0.01 sys=0.00, real=0.00 secs] 
929.271: [GC (Allocation Failure) [PSYoungGen: 69952K->1344K(70144K)] 461903K->393295K(663552K), 0.0032370 secs] [Times: user=0.01 sys=0.00, real=0.01 secs] 
930.169: [GC (Allocation Failure) [PSYoungGen: 69952K->1408K(70144K)] 461903K->393359K(663552K), 0.0033301 secs] [Times: user=0.01 sys=0.00, real=0.01 secs] 
931.902: [GC (Allocation Failure) [PSYoungGen: 70016K->1472K(70144K)] 461967K->393423K(663552K), 0.0022261 secs] [Times: user=0.01 sys=0.00, real=0.00 secs] 
932.536: [GC (Allocation Failure) [PSYoungGen: 70080K->1344K(70144K)] 462031K->393295K(663552K), 0.0033107 secs] [Times: user=0.01 sys=0.00, real=0.00 secs] 
933.125: [GC (Allocation Failure) [PSYoungGen: 69952K->1344K(70144K)] 461903K->393295K(663552K), 0.0020581 secs] [Times: user=0.01 sys=0.00, real=0.00 secs] 
933.444: [GC (Allocation Failure) [PSYoungGen: 69952K->1360K(70144K)] 461903K->393327K(663552K), 0.0021378 secs] [Times: user=0.01 sys=0.00, real=0.00 secs] 
934.881: [GC (Allocation Failure) [PSYoungGen: 69968K->1440K(70144K)] 461935K->393407K(663552K), 0.0025226 secs] [Times: user=0.01 sys=0.00, real=0.01 secs] 
935.532: [GC (Allocation Failure) [PSYoungGen: 70048K->1360K(70144K)] 462015K->393327K(663552K), 0.0024377 secs] [Times: user=0.01 sys=0.00, real=0.00 secs] 
936.057: [GC (Allocation Failure) [PSYoungGen: 69968K->1376K(70144K)] 461935K->393343K(663552K), 0.0021366 secs] [Times: user=0.01 sys=0.00, real=0.00 secs] 
936.480: [GC (Allocation Failure) [PSYoungGen: 69984K->1360K(70144K)] 461951K->393327K(663552K), 0.0022062 secs] [Times: user=0.01 sys=0.00, real=0.01 secs] 
937.718: [GC (Allocation Failure) [PSYoungGen: 69968K->1472K(70144K)] 461935K->393439K(663552K), 0.0016191 secs] [Times: user=0.01 sys=0.00, real=0.00 secs] 
938.023: [GC (Allocation Failure) [PSYoungGen: 70080K->1440K(70144K)] 462047K->393407K(663552K), 0.0017850 secs] [Times: user=0.01 sys=0.00, real=0.00 secs] 
938.363: [GC (Allocation Failure) [PSYoungGen: 70048K->1376K(70144K)] 462015K->393343K(663552K), 0.0019591 secs] [Times: user=0.01 sys=0.00, real=0.00 secs] 
938.648: [GC (Allocation Failure) [PSYoungGen: 69984K->1376K(70144K)] 461951K->393343K(663552K), 0.0018402 secs] [Times: user=0.01 sys=0.00, real=0.00 secs] 
939.659: [GC (Allocation Failure) [PSYoungGen: 69984K->1408K(70144K)] 461951K->393375K(663552K), 0.0015581 secs] [Times: user=0.01 sys=0.00, real=0.00 secs] 
940.010: [GC (Allocation Failure) [PSYoungGen: 70016K->1440K(70144K)] 461983K->393407K(663552K), 0.0017270 secs] [Times: user=0.01 sys=0.00, real=0.00 secs] 
940.648: [GC (Allocation Failure) [PSYoungGen: 70048K->1408K(70144K)] 462015K->393375K(663552K), 0.0021699 secs] [Times: user=0.01 sys=0.00, real=0.00 secs] 
941.260: [GC (Allocation Failure) [PSYoungGen: 70016K->1376K(70144K)] 461983K->393351K(663552K), 0.0021416 secs] [Times: user=0.01 sys=0.00, real=0.01 secs] 
942.535: [GC (Allocation Failure) [PSYoungGen: 69984K->1376K(70144K)] 461959K->393351K(663552K), 0.0015379 secs] [Times: user=0.00 sys=0.00, real=0.00 secs] 
942.862: [GC (Allocation Failure) [PSYoungGen: 69984K->1376K(70144K)] 461959K->393351K(663552K), 0.0041218 secs] [Times: user=0.02 sys=0.00, real=0.00 secs] 
943.150: [GC (Allocation Failure) [PSYoungGen: 69984K->1424K(70144K)] 461959K->393399K(663552K), 0.0016410 secs] [Times: user=0.01 sys=0.00, real=0.01 secs] 
943.460: [GC (Allocation Failure) [PSYoungGen: 70032K->1408K(70144K)] 462007K->393383K(663552K), 0.0017614 secs] [Times: user=0.01 sys=0.00, real=0.01 secs] 
943.746: [GC (Allocation Failure) [PSYoungGen: 70016K->1376K(70144K)] 461991K->393351K(663552K), 0.0016920 secs] [Times: user=0.00 sys=0.00, real=0.00 secs] 
945.005: [GC (Allocation Failure) [PSYoungGen: 69984K->1440K(70144K)] 461959K->393415K(663552K), 0.0018865 secs] [Times: user=0.00 sys=0.00, real=0.00 secs] 
945.622: [GC (Allocation Failure) [PSYoungGen: 70048K->1376K(70144K)] 462023K->393351K(663552K), 0.0019032 secs] [Times: user=0.00 sys=0.00, real=0.00 secs] 
946.377: [GC (Allocation Failure) [PSYoungGen: 69984K->1440K(70144K)] 461959K->393415K(663552K), 0.0019615 secs] [Times: user=0.01 sys=0.00, real=0.00 secs] 
946.948: [GC (Allocation Failure) [PSYoungGen: 70048K->1360K(70144K)] 462023K->393335K(663552K), 0.0021590 secs] [Times: user=0.01 sys=0.00, real=0.00 secs] 
948.550: [GC (Allocation Failure) [PSYoungGen: 69968K->1440K(70144K)] 461943K->393415K(663552K), 0.0021369 secs] [Times: user=0.01 sys=0.00, real=0.01 secs] 
949.197: [GC (Allocation Failure) [PSYoungGen: 70048K->1376K(70144K)] 462023K->393351K(663552K), 0.0027259 secs] [Times: user=0.01 sys=0.00, real=0.00 secs] 
949.769: [GC (Allocation Failure) [PSYoungGen: 69984K->1376K(70144K)] 461959K->393351K(663552K), 0.0029541 secs] [Times: user=0.01 sys=0.00, real=0.01 secs] 
950.194: [GC (Allocation Failure) [PSYoungGen: 69984K->1344K(70144K)] 461959K->393319K(663552K), 0.0019992 secs] [Times: user=0.01 sys=0.00, real=0.00 secs] 
951.593: [GC (Allocation Failure) [PSYoungGen: 69952K->1472K(70144K)] 461927K->393447K(663552K), 0.0019050 secs] [Times: user=0.01 sys=0.00, real=0.00 secs] 
952.547: [GC (Allocation Failure) [PSYoungGen: 70080K->1376K(70144K)] 462055K->393359K(663552K), 0.0051504 secs] [Times: user=0.02 sys=0.00, real=0.01 secs] 
953.553: [GC (Allocation Failure) [PSYoungGen: 69984K->1344K(70144K)] 461967K->393327K(663552K), 0.0055630 secs] [Times: user=0.02 sys=0.00, real=0.00 secs] 
954.408: [GC (Allocation Failure) [PSYoungGen: 69952K->1312K(70144K)] 461935K->393295K(663552K), 0.0033270 secs] [Times: user=0.01 sys=0.00, real=0.00 secs] 
956.140: [GC (Allocation Failure) [PSYoungGen: 69920K->1408K(70144K)] 461903K->393391K(663552K), 0.0022873 secs] [Times: user=0.01 sys=0.00, real=0.01 secs] 
956.957: [GC (Allocation Failure) [PSYoungGen: 70016K->1376K(70144K)] 461999K->393359K(663552K), 0.0030550 secs] [Times: user=0.02 sys=0.00, real=0.00 secs] 
957.514: [GC (Allocation Failure) [PSYoungGen: 69984K->1376K(70144K)] 461967K->393359K(663552K), 0.0025547 secs] [Times: user=0.01 sys=0.00, real=0.00 secs] 
958.088: [GC (Allocation Failure) [PSYoungGen: 69984K->1408K(70144K)] 461967K->393415K(663552K), 0.0039836 secs] [Times: user=0.02 sys=0.00, real=0.01 secs] 
959.434: [GC (Allocation Failure) [PSYoungGen: 70016K->1408K(70144K)] 462023K->393415K(663552K), 0.0018689 secs] [Times: user=0.01 sys=0.00, real=0.00 secs] 
959.881: [GC (Allocation Failure) [PSYoungGen: 70016K->1408K(70144K)] 462023K->393415K(663552K), 0.0018573 secs] [Times: user=0.01 sys=0.00, real=0.01 secs] 
960.186: [GC (Allocation Failure) [PSYoungGen: 70016K->1376K(70144K)] 462023K->393383K(663552K), 0.0024885 secs] [Times: user=0.00 sys=0.00, real=0.00 secs] 
960.627: [GC (Allocation Failure) [PSYoungGen: 69984K->1408K(70144K)] 461991K->393415K(663552K), 0.0018308 secs] [Times: user=0.01 sys=0.00, real=0.00 secs] 
961.910: [GC (Allocation Failure) [PSYoungGen: 70016K->1472K(70144K)] 462023K->393479K(663552K), 0.0020279 secs] [Times: user=0.01 sys=0.00, real=0.00 secs] 
962.196: [GC (Allocation Failure) [PSYoungGen: 70080K->1376K(70144K)] 462087K->393383K(663552K), 0.0020749 secs] [Times: user=0.01 sys=0.00, real=0.00 secs] 
962.482: [GC (Allocation Failure) [PSYoungGen: 69984K->1440K(70144K)] 461991K->393447K(663552K), 0.0019490 secs] [Times: user=0.01 sys=0.00, real=0.00 secs] 
962.767: [GC (Allocation Failure) [PSYoungGen: 70048K->1408K(70144K)] 462055K->393423K(663552K), 0.0018546 secs] [Times: user=0.01 sys=0.00, real=0.00 secs] 
964.427: [GC (Allocation Failure) [PSYoungGen: 70016K->1408K(70144K)] 462031K->393423K(663552K), 0.0021613 secs] [Times: user=0.00 sys=0.00, real=0.00 secs] 
964.977: [GC (Allocation Failure) [PSYoungGen: 70016K->1408K(70144K)] 462031K->393423K(663552K), 0.0021437 secs] [Times: user=0.01 sys=0.00, real=0.00 secs] 
965.459: [GC (Allocation Failure) [PSYoungGen: 70016K->1440K(70144K)] 462031K->393455K(663552K), 0.0034630 secs] [Times: user=0.02 sys=0.00, real=0.01 secs] 
966.020: [GC (Allocation Failure) [PSYoungGen: 70048K->1376K(70144K)] 462063K->393391K(663552K), 0.0038538 secs] [Times: user=0.01 sys=0.00, real=0.01 secs] 
967.294: [GC (Allocation Failure) [PSYoungGen: 69984K->912K(70144K)] 461999K->393951K(663552K), 0.0017504 secs] [Times: user=0.01 sys=0.00, real=0.00 secs] 
967.719: [GC (Allocation Failure) [PSYoungGen: 69520K->384K(70656K)] 462559K->393423K(664064K), 0.0018704 secs] [Times: user=0.01 sys=0.00, real=0.00 secs] 
968.004: [GC (Allocation Failure) [PSYoungGen: 68992K->320K(70656K)] 462031K->393359K(664064K), 0.0018155 secs] [Times: user=0.01 sys=0.00, real=0.00 secs] 
968.290: [GC (Allocation Failure) [PSYoungGen: 68928K->368K(70656K)] 461967K->393407K(664064K), 0.0022615 secs] [Times: user=0.01 sys=0.00, real=0.01 secs] 
968.912: [GC (Allocation Failure) [PSYoungGen: 68976K->1373K(70656K)] 462015K->394413K(664064K), 0.0015864 secs] [Times: user=0.00 sys=0.00, real=0.00 secs] 
970.963: [GC (Allocation Failure) [PSYoungGen: 69981K->1424K(70656K)] 463021K->394463K(664064K), 0.0049560 secs] [Times: user=0.02 sys=0.00, real=0.00 secs] 
971.555: [GC (Allocation Failure) [PSYoungGen: 70032K->1376K(70656K)] 463071K->394415K(664064K), 0.0027843 secs] [Times: user=0.01 sys=0.00, real=0.00 secs] 
971.932: [GC (Allocation Failure) [PSYoungGen: 69984K->1376K(70656K)] 463023K->394423K(664064K), 0.0019405 secs] [Times: user=0.01 sys=0.00, real=0.00 secs] 
972.219: [GC (Allocation Failure) [PSYoungGen: 69984K->1408K(70656K)] 463031K->394463K(664064K), 0.0018858 secs] [Times: user=0.01 sys=0.00, real=0.00 secs] 
974.415: [GC (Allocation Failure) [PSYoungGen: 70016K->1376K(70656K)] 463071K->394431K(664064K), 0.0052350 secs] [Times: user=0.02 sys=0.00, real=0.00 secs] 
975.080: [GC (Allocation Failure) [PSYoungGen: 69984K->1376K(70656K)] 463039K->394431K(664064K), 0.0045309 secs] [Times: user=0.02 sys=0.00, real=0.01 secs] 
975.553: [GC (Allocation Failure) [PSYoungGen: 69984K->1408K(70656K)] 463039K->394471K(664064K), 0.0026765 secs] [Times: user=0.01 sys=0.00, real=0.00 secs] 
975.988: [GC (Allocation Failure) [PSYoungGen: 70016K->1344K(70656K)] 463079K->394407K(664064K), 0.0027775 secs] [Times: user=0.01 sys=0.00, real=0.00 secs] 
977.460: [GC (Allocation Failure) [PSYoungGen: 69952K->1408K(70656K)] 463015K->394471K(664064K), 0.0018290 secs] [Times: user=0.01 sys=0.00, real=0.01 secs] 
978.323: [GC (Allocation Failure) [PSYoungGen: 70016K->1360K(70656K)] 463079K->394423K(664064K), 0.0049445 secs] [Times: user=0.02 sys=0.00, real=0.00 secs] 
978.905: [GC (Allocation Failure) [PSYoungGen: 69968K->1344K(70656K)] 463031K->394407K(664064K), 0.0027214 secs] [Times: user=0.01 sys=0.00, real=0.00 secs] 
979.205: [GC (Allocation Failure) [PSYoungGen: 69952K->1408K(70656K)] 463015K->394471K(664064K), 0.0019137 secs] [Times: user=0.01 sys=0.00, real=0.00 secs] 
980.762: [GC (Allocation Failure) [PSYoungGen: 70016K->1440K(70656K)] 463079K->394503K(664064K), 0.0027700 secs] [Times: user=0.01 sys=0.00, real=0.00 secs] 
981.683: [GC (Allocation Failure) [PSYoungGen: 70048K->1376K(70656K)] 463111K->394439K(664064K), 0.0036716 secs] [Times: user=0.01 sys=0.00, real=0.00 secs] 
982.258: [GC (Allocation Failure) [PSYoungGen: 69984K->1376K(70656K)] 463047K->394439K(664064K), 0.0033701 secs] [Times: user=0.01 sys=0.00, real=0.00 secs] 
982.723: [GC (Allocation Failure) [PSYoungGen: 69984K->1344K(70656K)] 463047K->394415K(664064K), 0.0020138 secs] [Times: user=0.01 sys=0.00, real=0.00 secs] 
984.424: [GC (Allocation Failure) [PSYoungGen: 69952K->1376K(70656K)] 463023K->394463K(664064K), 0.0051594 secs] [Times: user=0.02 sys=0.00, real=0.00 secs] 
985.190: [GC (Allocation Failure) [PSYoungGen: 69984K->1456K(70656K)] 463071K->394543K(664064K), 0.0025680 secs] [Times: user=0.01 sys=0.00, real=0.01 secs] 
985.852: [GC (Allocation Failure) [PSYoungGen: 70064K->1376K(70656K)] 463151K->394463K(664064K), 0.0020521 secs] [Times: user=0.01 sys=0.00, real=0.00 secs] 
986.423: [GC (Allocation Failure) [PSYoungGen: 69984K->1376K(70656K)] 463071K->394463K(664064K), 0.0022720 secs] [Times: user=0.01 sys=0.00, real=0.00 secs] 
987.639: [GC (Allocation Failure) [PSYoungGen: 69984K->1472K(70656K)] 463071K->394559K(664064K), 0.0018021 secs] [Times: user=0.01 sys=0.00, real=0.00 secs] 
988.117: [GC (Allocation Failure) [PSYoungGen: 70080K->1408K(70656K)] 463167K->394495K(664064K), 0.0017575 secs] [Times: user=0.01 sys=0.00, real=0.00 secs] 
988.673: [GC (Allocation Failure) [PSYoungGen: 70016K->1376K(70656K)] 463103K->394463K(664064K), 0.0040035 secs] [Times: user=0.02 sys=0.00, real=0.00 secs] 
989.222: [GC (Allocation Failure) [PSYoungGen: 69984K->1408K(70656K)] 463071K->394495K(664064K), 0.0028543 secs] [Times: user=0.01 sys=0.00, real=0.00 secs] 
990.441: [GC (Allocation Failure) [PSYoungGen: 70016K->1488K(70656K)] 463103K->394575K(664064K), 0.0018852 secs] [Times: user=0.01 sys=0.00, real=0.01 secs] 
990.912: [GC (Allocation Failure) [PSYoungGen: 70096K->1440K(70656K)] 463183K->394527K(664064K), 0.0017235 secs] [Times: user=0.01 sys=0.00, real=0.00 secs] 
991.526: [GC (Allocation Failure) [PSYoungGen: 70048K->1376K(70656K)] 463135K->394463K(664064K), 0.0048631 secs] [Times: user=0.02 sys=0.00, real=0.00 secs] 
992.242: [GC (Allocation Failure) [PSYoungGen: 69984K->1408K(70656K)] 463071K->394495K(664064K), 0.0035752 secs] [Times: user=0.01 sys=0.00, real=0.00 secs] 
993.846: [GC (Allocation Failure) [PSYoungGen: 70016K->1376K(70656K)] 463103K->394471K(664064K), 0.0027224 secs] [Times: user=0.02 sys=0.00, real=0.00 secs] 
995.392: [GC (Allocation Failure) [PSYoungGen: 69984K->1376K(70656K)] 463079K->394471K(664064K), 0.0032841 secs] [Times: user=0.01 sys=0.00, real=0.00 secs] 
996.114: [GC (Allocation Failure) [PSYoungGen: 69984K->1408K(70656K)] 463079K->394503K(664064K), 0.0026532 secs] [Times: user=0.01 sys=0.00, real=0.00 secs] 
996.648: [GC (Allocation Failure) [PSYoungGen: 70016K->1440K(70656K)] 463111K->394535K(664064K), 0.0041868 secs] [Times: user=0.02 sys=0.00, real=0.01 secs] 
998.090: [GC (Allocation Failure) [PSYoungGen: 70048K->1600K(70656K)] 463143K->394695K(664064K), 0.0017021 secs] [Times: user=0.01 sys=0.00, real=0.00 secs] 
998.904: [GC (Allocation Failure) [PSYoungGen: 70208K->1312K(70656K)] 463303K->394407K(664064K), 0.0032838 secs] [Times: user=0.02 sys=0.00, real=0.00 secs] 
999.525: [GC (Allocation Failure) [PSYoungGen: 69920K->1408K(70656K)] 463015K->394503K(664064K), 0.0032978 secs] [Times: user=0.01 sys=0.00, real=0.00 secs] 
1000.281: [GC (Allocation Failure) [PSYoungGen: 70016K->1344K(70656K)] 463111K->394447K(664064K), 0.0032774 secs] [Times: user=0.02 sys=0.00, real=0.01 secs] 
1001.125: [GC (Allocation Failure) [PSYoungGen: 69952K->1376K(70656K)] 463055K->394479K(664064K), 0.0033206 secs] [Times: user=0.02 sys=0.00, real=0.00 secs] 
1002.282: [GC (Allocation Failure) [PSYoungGen: 69984K->1376K(70656K)] 463087K->394479K(664064K), 0.0025347 secs] [Times: user=0.01 sys=0.00, real=0.00 secs] 
1002.758: [GC (Allocation Failure) [PSYoungGen: 69984K->1408K(70656K)] 463087K->394511K(664064K), 0.0024426 secs] [Times: user=0.01 sys=0.00, real=0.00 secs] 
1003.326: [GC (Allocation Failure) [PSYoungGen: 70016K->1376K(70144K)] 463119K->394479K(663552K), 0.0026875 secs] [Times: user=0.01 sys=0.00, real=0.00 secs] 
1004.153: [GC (Allocation Failure) [PSYoungGen: 69984K->1376K(70144K)] 463087K->394479K(663552K), 0.0041802 secs] [Times: user=0.01 sys=0.00, real=0.00 secs] 
1005.462: [GC (Allocation Failure) [PSYoungGen: 69984K->1472K(70144K)] 463087K->394583K(663552K), 0.0018876 secs] [Times: user=0.01 sys=0.00, real=0.00 secs] 
1005.747: [GC (Allocation Failure) [PSYoungGen: 70080K->1408K(70144K)] 463191K->394519K(663552K), 0.0018262 secs] [Times: user=0.01 sys=0.00, real=0.00 secs] 
1006.032: [GC (Allocation Failure) [PSYoungGen: 70016K->1408K(70144K)] 463127K->394519K(663552K), 0.0020483 secs] [Times: user=0.01 sys=0.00, real=0.00 secs] 
1006.317: [GC (Allocation Failure) [PSYoungGen: 70016K->1376K(70144K)] 463127K->394487K(663552K), 0.0019460 secs] [Times: user=0.01 sys=0.00, real=0.00 secs] 
1007.789: [GC (Allocation Failure) [PSYoungGen: 69984K->1440K(70144K)] 463095K->394551K(663552K), 0.0051443 secs] [Times: user=0.02 sys=0.00, real=0.01 secs] 
1008.663: [GC (Allocation Failure) [PSYoungGen: 70048K->1376K(70144K)] 463159K->394487K(663552K), 0.0041891 secs] [Times: user=0.02 sys=0.00, real=0.00 secs] 
1009.306: [GC (Allocation Failure) [PSYoungGen: 69984K->1408K(70144K)] 463095K->394519K(663552K), 0.0025049 secs] [Times: user=0.01 sys=0.00, real=0.00 secs] 
1009.919: [GC (Allocation Failure) [PSYoungGen: 70016K->1376K(70144K)] 463127K->394487K(663552K), 0.0022527 secs] [Times: user=0.01 sys=0.00, real=0.00 secs] 
1011.222: [GC (Allocation Failure) [PSYoungGen: 69984K->1408K(70144K)] 463095K->394519K(663552K), 0.0019452 secs] [Times: user=0.01 sys=0.00, real=0.00 secs] 
1011.781: [GC (Allocation Failure) [PSYoungGen: 70016K->1376K(70144K)] 463127K->394487K(663552K), 0.0042473 secs] [Times: user=0.02 sys=0.00, real=0.01 secs] 
1012.446: [GC (Allocation Failure) [PSYoungGen: 69984K->1376K(70144K)] 463095K->394487K(663552K), 0.0033123 secs] [Times: user=0.01 sys=0.00, real=0.00 secs] 
1013.147: [GC (Allocation Failure) [PSYoungGen: 69984K->1344K(70144K)] 463095K->394463K(663552K), 0.0036962 secs] [Times: user=0.01 sys=0.00, real=0.00 secs] 
1015.000: [GC (Allocation Failure) [PSYoungGen: 69952K->1408K(70144K)] 463071K->394527K(663552K), 0.0029346 secs] [Times: user=0.01 sys=0.00, real=0.01 secs] 
1015.752: [GC (Allocation Failure) [PSYoungGen: 70016K->1344K(70144K)] 463135K->394463K(663552K), 0.0026927 secs] [Times: user=0.01 sys=0.01, real=0.01 secs] 
1016.586: [GC (Allocation Failure) [PSYoungGen: 69952K->1360K(70144K)] 463071K->394479K(663552K), 0.0028425 secs] [Times: user=0.01 sys=0.00, real=0.00 secs] 
1017.397: [GC (Allocation Failure) [PSYoungGen: 69968K->1344K(70144K)] 463087K->394463K(663552K), 0.0035984 secs] [Times: user=0.01 sys=0.00, real=0.00 secs] 
1018.989: [GC (Allocation Failure) [PSYoungGen: 69952K->1440K(70144K)] 463071K->394559K(663552K), 0.0019551 secs] [Times: user=0.01 sys=0.00, real=0.00 secs] 
1019.924: [GC (Allocation Failure) [PSYoungGen: 70048K->1376K(70144K)] 463167K->394495K(663552K), 0.0043723 secs] [Times: user=0.02 sys=0.00, real=0.00 secs] 
1020.773: [GC (Allocation Failure) [PSYoungGen: 69984K->1376K(70144K)] 463103K->394495K(663552K), 0.0043017 secs] [Times: user=0.02 sys=0.00, real=0.00 secs] 
1021.408: [GC (Allocation Failure) [PSYoungGen: 69984K->1376K(70144K)] 463103K->394495K(663552K), 0.0028482 secs] [Times: user=0.02 sys=0.00, real=0.00 secs] 
1022.844: [GC (Allocation Failure) [PSYoungGen: 69984K->1456K(70144K)] 463103K->394583K(663552K), 0.0020865 secs] [Times: user=0.01 sys=0.00, real=0.00 secs] 
1023.652: [GC (Allocation Failure) [PSYoungGen: 70064K->1360K(70144K)] 463191K->394487K(663552K), 0.0025280 secs] [Times: user=0.01 sys=0.00, real=0.00 secs] 
1024.339: [GC (Allocation Failure) [PSYoungGen: 69968K->1408K(70144K)] 463095K->394535K(663552K), 0.0028187 secs] [Times: user=0.01 sys=0.00, real=0.01 secs] 
1025.087: [GC (Allocation Failure) [PSYoungGen: 70016K->1392K(70144K)] 463143K->394527K(663552K), 0.0045513 secs] [Times: user=0.02 sys=0.00, real=0.01 secs] 
1026.598: [GC (Allocation Failure) [PSYoungGen: 70000K->880K(70144K)] 463135K->395039K(663552K), 0.0077857 secs] [Times: user=0.05 sys=0.00, real=0.01 secs] 
1027.295: [GC (Allocation Failure) [PSYoungGen: 69488K->384K(70656K)] 463647K->394543K(664064K), 0.0030229 secs] [Times: user=0.01 sys=0.00, real=0.00 secs] 
1027.930: [GC (Allocation Failure) [PSYoungGen: 68992K->352K(70656K)] 463151K->394511K(664064K), 0.0035479 secs] [Times: user=0.01 sys=0.00, real=0.01 secs] 
1028.548: [GC (Allocation Failure) [PSYoungGen: 68960K->320K(70656K)] 463119K->394487K(664064K), 0.0035483 secs] [Times: user=0.02 sys=0.00, real=0.01 secs] 
1029.496: [GC (Allocation Failure) [PSYoungGen: 68928K->224K(70656K)] 463095K->394391K(664064K), 0.0021973 secs] [Times: user=0.01 sys=0.00, real=0.00 secs] 
1029.834: [GC (Allocation Failure) [PSYoungGen: 68832K->1408K(70656K)] 462999K->395583K(664064K), 0.0017382 secs] [Times: user=0.01 sys=0.00, real=0.00 secs] 
1030.119: [GC (Allocation Failure) [PSYoungGen: 70016K->1408K(70656K)] 464191K->395583K(664064K), 0.0015372 secs] [Times: user=0.00 sys=0.00, real=0.00 secs] 
1030.403: [GC (Allocation Failure) [PSYoungGen: 70016K->1440K(70144K)] 464191K->395615K(663552K), 0.0017450 secs] [Times: user=0.00 sys=0.00, real=0.00 secs] 
1030.685: [GC (Allocation Failure) [PSYoungGen: 69536K->1376K(70656K)] 463711K->395551K(664064K), 0.0026665 secs] [Times: user=0.01 sys=0.00, real=0.00 secs] 
1031.623: [GC (Allocation Failure) [PSYoungGen: 69472K->1392K(70656K)] 463647K->395567K(664064K), 0.0015346 secs] [Times: user=0.01 sys=0.00, real=0.00 secs] 
1031.906: [GC (Allocation Failure) [PSYoungGen: 69488K->1408K(70656K)] 463663K->395599K(664064K), 0.0016223 secs] [Times: user=0.01 sys=0.00, real=0.00 secs] 
1032.190: [GC (Allocation Failure) [PSYoungGen: 69504K->1424K(70656K)] 463695K->395623K(664064K), 0.0016992 secs] [Times: user=0.01 sys=0.00, real=0.01 secs] 
1032.472: [GC (Allocation Failure) [PSYoungGen: 69520K->1408K(70656K)] 463719K->395607K(664064K), 0.0016376 secs] [Times: user=0.01 sys=0.00, real=0.00 secs] 
1033.796: [GC (Allocation Failure) [PSYoungGen: 69504K->1472K(70656K)] 463703K->395679K(664064K), 0.0017401 secs] [Times: user=0.01 sys=0.00, real=0.00 secs] 
1034.271: [GC (Allocation Failure) [PSYoungGen: 69568K->1376K(69632K)] 463775K->395591K(663040K), 0.0023343 secs] [Times: user=0.00 sys=0.00, real=0.01 secs] 
1034.575: [GC (Allocation Failure) [PSYoungGen: 69472K->1408K(70144K)] 463687K->395623K(663552K), 0.0019879 secs] [Times: user=0.01 sys=0.00, real=0.00 secs] 
1034.874: [GC (Allocation Failure) [PSYoungGen: 69504K->1440K(70144K)] 463719K->395655K(663552K), 0.0019281 secs] [Times: user=0.01 sys=0.00, real=0.00 secs] 
1037.026: [GC (Allocation Failure) [PSYoungGen: 69536K->1472K(70144K)] 463751K->395695K(663552K), 0.0045206 secs] [Times: user=0.02 sys=0.01, real=0.00 secs] 
1037.921: [GC (Allocation Failure) [PSYoungGen: 69568K->1408K(70144K)] 463791K->395631K(663552K), 0.0048825 secs] [Times: user=0.02 sys=0.00, real=0.01 secs] 
1038.857: [GC (Allocation Failure) [PSYoungGen: 69504K->1376K(70144K)] 463727K->395607K(663552K), 0.0032368 secs] [Times: user=0.01 sys=0.00, real=0.00 secs] 
1039.610: [GC (Allocation Failure) [PSYoungGen: 69472K->1344K(70144K)] 463703K->395583K(663552K), 0.0046378 secs] [Times: user=0.02 sys=0.00, real=0.01 secs] 
1041.126: [GC (Allocation Failure) [PSYoungGen: 69440K->1408K(70144K)] 463679K->395647K(663552K), 0.0035449 secs] [Times: user=0.01 sys=0.00, real=0.00 secs] 
1041.413: [GC (Allocation Failure) [PSYoungGen: 69504K->1424K(70144K)] 463743K->395663K(663552K), 0.0020886 secs] [Times: user=0.01 sys=0.00, real=0.00 secs] 
1042.176: [GC (Allocation Failure) [PSYoungGen: 69520K->1376K(70144K)] 463759K->395615K(663552K), 0.0028368 secs] [Times: user=0.01 sys=0.00, real=0.00 secs] 
1042.969: [GC (Allocation Failure) [PSYoungGen: 69472K->1376K(70144K)] 463711K->395623K(663552K), 0.0027560 secs] [Times: user=0.02 sys=0.00, real=0.01 secs] 
1044.979: [GC (Allocation Failure) [PSYoungGen: 69472K->1408K(70144K)] 463719K->395655K(663552K), 0.0023203 secs] [Times: user=0.01 sys=0.00, real=0.00 secs] 
1045.263: [GC (Allocation Failure) [PSYoungGen: 69504K->1344K(70144K)] 463751K->395591K(663552K), 0.0024756 secs] [Times: user=0.01 sys=0.00, real=0.00 secs] 
1045.728: [GC (Allocation Failure) [PSYoungGen: 69440K->1344K(70144K)] 463687K->395591K(663552K), 0.0022125 secs] [Times: user=0.01 sys=0.00, real=0.00 secs] 
1046.587: [GC (Allocation Failure) [PSYoungGen: 69440K->1376K(70144K)] 463687K->395631K(663552K), 0.0028619 secs] [Times: user=0.01 sys=0.00, real=0.00 secs] 
1048.184: [GC (Allocation Failure) [PSYoungGen: 69472K->1440K(70144K)] 463727K->395695K(663552K), 0.0018595 secs] [Times: user=0.00 sys=0.00, real=0.00 secs] 
1048.511: [GC (Allocation Failure) [PSYoungGen: 69536K->1440K(70144K)] 463791K->395695K(663552K), 0.0018399 secs] [Times: user=0.01 sys=0.00, real=0.01 secs] 
1048.917: [GC (Allocation Failure) [PSYoungGen: 69536K->1440K(70144K)] 463791K->395695K(663552K), 0.0020048 secs] [Times: user=0.01 sys=0.00, real=0.00 secs] 
1049.269: [GC (Allocation Failure) [PSYoungGen: 69536K->1408K(70144K)] 463791K->395671K(663552K), 0.0033251 secs] [Times: user=0.01 sys=0.00, real=0.01 secs] 
1050.266: [GC (Allocation Failure) [PSYoungGen: 69504K->160K(70144K)] 463767K->394423K(663552K), 0.0016303 secs] [Times: user=0.00 sys=0.00, real=0.00 secs] 
1050.874: [GC (Allocation Failure) [PSYoungGen: 68256K->1360K(70144K)] 462519K->395623K(663552K), 0.0019589 secs] [Times: user=0.01 sys=0.00, real=0.00 secs] 
1051.321: [GC (Allocation Failure) [PSYoungGen: 69456K->1328K(70144K)] 463719K->395591K(663552K), 0.0027502 secs] [Times: user=0.01 sys=0.00, real=0.01 secs] 
1051.600: [GC (Allocation Failure) [PSYoungGen: 69424K->1376K(70144K)] 463687K->395639K(663552K), 0.0020394 secs] [Times: user=0.01 sys=0.00, real=0.01 secs] 
1051.883: [GC (Allocation Failure) [PSYoungGen: 69472K->1376K(70144K)] 463735K->395647K(663552K), 0.0020633 secs] [Times: user=0.01 sys=0.00, real=0.00 secs] 
1053.129: [GC (Allocation Failure) [PSYoungGen: 69472K->1408K(70144K)] 463743K->395687K(663552K), 0.0017113 secs] [Times: user=0.01 sys=0.00, real=0.00 secs] 
1053.732: [GC (Allocation Failure) [PSYoungGen: 69504K->1328K(70144K)] 463783K->395607K(663552K), 0.0042412 secs] [Times: user=0.01 sys=0.00, real=0.00 secs] 
1054.306: [GC (Allocation Failure) [PSYoungGen: 69424K->1408K(70144K)] 463703K->395687K(663552K), 0.0025628 secs] [Times: user=0.01 sys=0.00, real=0.00 secs] 
1054.583: [GC (Allocation Failure) [PSYoungGen: 69504K->1440K(70144K)] 463783K->395719K(663552K), 0.0020819 secs] [Times: user=0.01 sys=0.00, real=0.00 secs] 
1055.630: [GC (Allocation Failure) [PSYoungGen: 69536K->1504K(70144K)] 463815K->395783K(663552K), 0.0015595 secs] [Times: user=0.01 sys=0.00, real=0.01 secs] 
1056.325: [GC (Allocation Failure) [PSYoungGen: 69600K->1376K(70144K)] 463879K->395655K(663552K), 0.0022445 secs] [Times: user=0.01 sys=0.01, real=0.00 secs] 
1057.153: [GC (Allocation Failure) [PSYoungGen: 69472K->1376K(70144K)] 463751K->395655K(663552K), 0.0025196 secs] [Times: user=0.01 sys=0.00, real=0.00 secs] 
1058.054: [GC (Allocation Failure) [PSYoungGen: 69472K->1376K(70144K)] 463751K->395655K(663552K), 0.0054050 secs] [Times: user=0.02 sys=0.00, real=0.00 secs] 
1059.670: [GC (Allocation Failure) [PSYoungGen: 69472K->1376K(70144K)] 463751K->395655K(663552K), 0.0042825 secs] [Times: user=0.01 sys=0.00, real=0.01 secs] 
1060.334: [GC (Allocation Failure) [PSYoungGen: 69472K->1344K(70144K)] 463751K->395623K(663552K), 0.0026724 secs] [Times: user=0.00 sys=0.00, real=0.00 secs] 
1060.959: [GC (Allocation Failure) [PSYoungGen: 69440K->1408K(70144K)] 463719K->395687K(663552K), 0.0028336 secs] [Times: user=0.01 sys=0.00, real=0.01 secs] 
1061.448: [GC (Allocation Failure) [PSYoungGen: 69504K->1376K(70144K)] 463783K->395655K(663552K), 0.0024714 secs] [Times: user=0.01 sys=0.00, real=0.00 secs] 
1062.651: [GC (Allocation Failure) [PSYoungGen: 69472K->1504K(70144K)] 463751K->395791K(663552K), 0.0017919 secs] [Times: user=0.01 sys=0.00, real=0.01 secs] 
1062.934: [GC (Allocation Failure) [PSYoungGen: 69600K->1408K(70144K)] 463887K->395695K(663552K), 0.0017621 secs] [Times: user=0.01 sys=0.00, real=0.00 secs] 
1063.337: [GC (Allocation Failure) [PSYoungGen: 69504K->1440K(70144K)] 463791K->395727K(663552K), 0.0028907 secs] [Times: user=0.02 sys=0.00, real=0.00 secs] 
1063.923: [GC (Allocation Failure) [PSYoungGen: 69536K->1408K(70144K)] 463823K->395711K(663552K), 0.0024080 secs] [Times: user=0.01 sys=0.00, real=0.00 secs] 
1065.458: [GC (Allocation Failure) [PSYoungGen: 69504K->1472K(70144K)] 463807K->395775K(663552K), 0.0023325 secs] [Times: user=0.01 sys=0.00, real=0.00 secs] 
1066.096: [GC (Allocation Failure) [PSYoungGen: 69568K->1376K(70144K)] 463871K->395679K(663552K), 0.0062186 secs] [Times: user=0.01 sys=0.00, real=0.01 secs] 
1066.857: [GC (Allocation Failure) [PSYoungGen: 69472K->1408K(70144K)] 463775K->395711K(663552K), 0.0029523 secs] [Times: user=0.01 sys=0.00, real=0.00 secs] 
1067.566: [GC (Allocation Failure) [PSYoungGen: 69504K->1344K(70144K)] 463807K->395647K(663552K), 0.0028634 secs] [Times: user=0.01 sys=0.00, real=0.00 secs] 
1068.915: [GC (Allocation Failure) [PSYoungGen: 69440K->1984K(70144K)] 463743K->396295K(663552K), 0.0016831 secs] [Times: user=0.01 sys=0.00, real=0.00 secs] 
1069.654: [GC (Allocation Failure) [PSYoungGen: 70080K->1376K(70144K)] 464391K->395687K(663552K), 0.0032981 secs] [Times: user=0.02 sys=0.00, real=0.00 secs] 
1070.343: [GC (Allocation Failure) [PSYoungGen: 69472K->1376K(70144K)] 463783K->395687K(663552K), 0.0027988 secs] [Times: user=0.01 sys=0.00, real=0.00 secs] 
1070.965: [GC (Allocation Failure) [PSYoungGen: 69472K->1360K(70144K)] 463783K->395671K(663552K), 0.0028023 secs] [Times: user=0.01 sys=0.00, real=0.00 secs] 
1071.733: [GC (Allocation Failure) [PSYoungGen: 69456K->320K(70144K)] 463767K->394631K(663552K), 0.0033398 secs] [Times: user=0.01 sys=0.00, real=0.00 secs] 
1072.783: [GC (Allocation Failure) [PSYoungGen: 68416K->1440K(70144K)] 462727K->395751K(663552K), 0.0022243 secs] [Times: user=0.00 sys=0.00, real=0.00 secs] 
1073.063: [GC (Allocation Failure) [PSYoungGen: 69536K->1408K(70144K)] 463847K->395727K(663552K), 0.0020556 secs] [Times: user=0.01 sys=0.00, real=0.00 secs] 
1073.346: [GC (Allocation Failure) [PSYoungGen: 69504K->1472K(70144K)] 463823K->395791K(663552K), 0.0019197 secs] [Times: user=0.01 sys=0.00, real=0.00 secs] 
1073.628: [GC (Allocation Failure) [PSYoungGen: 69568K->1376K(70144K)] 463887K->395695K(663552K), 0.0019291 secs] [Times: user=0.01 sys=0.00, real=0.00 secs] 
1074.597: [GC (Allocation Failure) [PSYoungGen: 69472K->1408K(70144K)] 463791K->395727K(663552K), 0.0017207 secs] [Times: user=0.01 sys=0.00, real=0.00 secs] 
1074.879: [GC (Allocation Failure) [PSYoungGen: 69504K->1344K(70144K)] 463823K->395663K(663552K), 0.0017007 secs] [Times: user=0.01 sys=0.00, real=0.00 secs] 
1075.161: [GC (Allocation Failure) [PSYoungGen: 69440K->1456K(70144K)] 463759K->395775K(663552K), 0.0015519 secs] [Times: user=0.01 sys=0.00, real=0.01 secs] 
1075.443: [GC (Allocation Failure) [PSYoungGen: 69552K->1392K(70144K)] 463871K->395711K(663552K), 0.0015581 secs] [Times: user=0.01 sys=0.00, real=0.00 secs] 
1076.376: [GC (Allocation Failure) [PSYoungGen: 69488K->1440K(70144K)] 463807K->395759K(663552K), 0.0018006 secs] [Times: user=0.01 sys=0.00, real=0.00 secs] 
1076.659: [GC (Allocation Failure) [PSYoungGen: 69536K->1440K(70144K)] 463855K->395759K(663552K), 0.0016187 secs] [Times: user=0.01 sys=0.00, real=0.00 secs] 
1076.941: [GC (Allocation Failure) [PSYoungGen: 69536K->1408K(70144K)] 463855K->395735K(663552K), 0.0015638 secs] [Times: user=0.00 sys=0.00, real=0.01 secs] 
1077.297: [GC (Allocation Failure) [PSYoungGen: 69504K->1392K(70144K)] 463831K->395719K(663552K), 0.0016538 secs] [Times: user=0.01 sys=0.00, real=0.00 secs] 
1078.676: [GC (Allocation Failure) [PSYoungGen: 69488K->1440K(70144K)] 463815K->395767K(663552K), 0.0020164 secs] [Times: user=0.01 sys=0.00, real=0.00 secs] 
1078.970: [GC (Allocation Failure) [PSYoungGen: 69536K->1376K(70144K)] 463863K->395703K(663552K), 0.0020144 secs] [Times: user=0.01 sys=0.00, real=0.01 secs] 
1079.460: [GC (Allocation Failure) [PSYoungGen: 69472K->1392K(70144K)] 463799K->395743K(663552K), 0.0022441 secs] [Times: user=0.01 sys=0.00, real=0.01 secs] 
1080.015: [GC (Allocation Failure) [PSYoungGen: 69488K->1408K(70144K)] 463839K->395759K(663552K), 0.0022074 secs] [Times: user=0.01 sys=0.00, real=0.00 secs] 
1081.249: [GC (Allocation Failure) [PSYoungGen: 69504K->1440K(70144K)] 463855K->395799K(663552K), 0.0022727 secs] [Times: user=0.01 sys=0.00, real=0.00 secs] 
1081.533: [GC (Allocation Failure) [PSYoungGen: 69536K->1408K(70144K)] 463895K->395767K(663552K), 0.0020438 secs] [Times: user=0.01 sys=0.00, real=0.00 secs] 
1081.949: [GC (Allocation Failure) [PSYoungGen: 69504K->1376K(70144K)] 463863K->395735K(663552K), 0.0022340 secs] [Times: user=0.01 sys=0.00, real=0.00 secs] 
1082.441: [GC (Allocation Failure) [PSYoungGen: 69472K->1376K(70144K)] 463831K->395743K(663552K), 0.0028370 secs] [Times: user=0.01 sys=0.00, real=0.01 secs] 
1083.958: [GC (Allocation Failure) [PSYoungGen: 69472K->1456K(70144K)] 463839K->395823K(663552K), 0.0029605 secs] [Times: user=0.01 sys=0.00, real=0.00 secs] 
1084.616: [GC (Allocation Failure) [PSYoungGen: 69552K->1408K(69632K)] 463919K->395775K(663040K), 0.0068265 secs] [Times: user=0.03 sys=0.01, real=0.01 secs] 
1085.256: [GC (Allocation Failure) [PSYoungGen: 69504K->1376K(69632K)] 463871K->395743K(663040K), 0.0032824 secs] [Times: user=0.01 sys=0.00, real=0.00 secs] 
1085.655: [GC (Allocation Failure) [PSYoungGen: 69472K->1344K(69632K)] 463839K->395711K(663040K), 0.0024787 secs] [Times: user=0.01 sys=0.00, real=0.00 secs] 
1086.812: [GC (Allocation Failure) [PSYoungGen: 69440K->896K(69120K)] 463807K->396287K(662528K), 0.0017583 secs] [Times: user=0.01 sys=0.00, real=0.00 secs] 
1087.744: [GC (Allocation Failure) [PSYoungGen: 68480K->384K(69632K)] 463871K->395775K(663040K), 0.0029011 secs] [Times: user=0.01 sys=0.01, real=0.00 secs] 
1088.523: [GC (Allocation Failure) [PSYoungGen: 67968K->352K(69632K)] 463359K->395743K(663040K), 0.0029377 secs] [Times: user=0.01 sys=0.00, real=0.00 secs] 
1089.087: [GC (Allocation Failure) [PSYoungGen: 67936K->352K(69632K)] 463327K->395743K(663040K), 0.0026777 secs] [Times: user=0.01 sys=0.00, real=0.00 secs] 
1089.642: [GC (Allocation Failure) [PSYoungGen: 67936K->336K(69632K)] 463327K->395727K(663040K), 0.0032262 secs] [Times: user=0.01 sys=0.00, real=0.00 secs] 
1091.306: [GC (Allocation Failure) [PSYoungGen: 67920K->1456K(69632K)] 463311K->396847K(663040K), 0.0047663 secs] [Times: user=0.02 sys=0.00, real=0.00 secs] 
1092.114: [GC (Allocation Failure) [PSYoungGen: 69040K->1344K(69632K)] 464431K->396735K(663040K), 0.0050228 secs] [Times: user=0.03 sys=0.00, real=0.00 secs] 
1092.681: [GC (Allocation Failure) [PSYoungGen: 68928K->1376K(69632K)] 464319K->396775K(663040K), 0.0027647 secs] [Times: user=0.01 sys=0.00, real=0.01 secs] 
1093.012: [GC (Allocation Failure) [PSYoungGen: 68960K->1408K(70144K)] 464359K->396807K(663552K), 0.0020211 secs] [Times: user=0.01 sys=0.01, real=0.00 secs] 
1094.321: [GC (Allocation Failure) [PSYoungGen: 68992K->1408K(70144K)] 464391K->396807K(663552K), 0.0023174 secs] [Times: user=0.01 sys=0.00, real=0.01 secs] 
1095.181: [GC (Allocation Failure) [PSYoungGen: 68992K->1376K(70144K)] 464391K->396783K(663552K), 0.0021770 secs] [Times: user=0.01 sys=0.00, real=0.01 secs] 
1096.724: [GC (Allocation Failure) [PSYoungGen: 68960K->1376K(69120K)] 464367K->396791K(662528K), 0.0028874 secs] [Times: user=0.01 sys=0.00, real=0.00 secs] 
1097.548: [GC (Allocation Failure) [PSYoungGen: 68960K->1376K(69632K)] 464375K->396791K(663040K), 0.0023517 secs] [Times: user=0.01 sys=0.00, real=0.00 secs] 
1098.705: [GC (Allocation Failure) [PSYoungGen: 68960K->1472K(69632K)] 464375K->396887K(663040K), 0.0018569 secs] [Times: user=0.01 sys=0.00, real=0.00 secs] 
1099.236: [GC (Allocation Failure) [PSYoungGen: 69056K->1344K(69632K)] 464471K->396759K(663040K), 0.0020408 secs] [Times: user=0.00 sys=0.00, real=0.00 secs] 
1099.913: [GC (Allocation Failure) [PSYoungGen: 68928K->1376K(69632K)] 464343K->396791K(663040K), 0.0020779 secs] [Times: user=0.01 sys=0.00, real=0.00 secs] 
1100.664: [GC (Allocation Failure) [PSYoungGen: 68960K->1344K(69632K)] 464375K->396759K(663040K), 0.0025232 secs] [Times: user=0.01 sys=0.00, real=0.00 secs] 
1102.120: [GC (Allocation Failure) [PSYoungGen: 68928K->1440K(69632K)] 464343K->396855K(663040K), 0.0017803 secs] [Times: user=0.01 sys=0.00, real=0.00 secs] 
1102.430: [GC (Allocation Failure) [PSYoungGen: 69024K->1408K(69632K)] 464439K->396823K(663040K), 0.0018405 secs] [Times: user=0.00 sys=0.00, real=0.01 secs] 
1102.923: [GC (Allocation Failure) [PSYoungGen: 68992K->1376K(69632K)] 464407K->396807K(663040K), 0.0041929 secs] [Times: user=0.01 sys=0.00, real=0.00 secs] 
1103.716: [GC (Allocation Failure) [PSYoungGen: 68960K->1344K(69632K)] 464391K->396783K(663040K), 0.0029241 secs] [Times: user=0.02 sys=0.00, real=0.00 secs] 
1105.672: [GC (Allocation Failure) [PSYoungGen: 68928K->1408K(69632K)] 464367K->396847K(663040K), 0.0020064 secs] [Times: user=0.01 sys=0.00, real=0.00 secs] 
1106.623: [GC (Allocation Failure) [PSYoungGen: 68992K->1344K(69632K)] 464431K->396783K(663040K), 0.0033987 secs] [Times: user=0.01 sys=0.00, real=0.00 secs] 
1107.155: [GC (Allocation Failure) [PSYoungGen: 68928K->1376K(69632K)] 464367K->396815K(663040K), 0.0030023 secs] [Times: user=0.01 sys=0.01, real=0.00 secs] 
1107.665: [GC (Allocation Failure) [PSYoungGen: 68960K->1344K(69632K)] 464399K->396783K(663040K), 0.0027102 secs] [Times: user=0.01 sys=0.00, real=0.00 secs] 
1108.817: [GC (Allocation Failure) [PSYoungGen: 68928K->1600K(69632K)] 464367K->397039K(663040K), 0.0017913 secs] [Times: user=0.01 sys=0.00, real=0.00 secs] 
1109.499: [GC (Allocation Failure) [PSYoungGen: 69184K->1408K(69632K)] 464623K->396847K(663040K), 0.0019814 secs] [Times: user=0.00 sys=0.00, real=0.00 secs] 
1110.111: [GC (Allocation Failure) [PSYoungGen: 68992K->1344K(69632K)] 464431K->396783K(663040K), 0.0023487 secs] [Times: user=0.01 sys=0.00, real=0.01 secs] 
1110.768: [GC (Allocation Failure) [PSYoungGen: 68928K->1376K(69632K)] 464367K->396831K(663040K), 0.0021564 secs] [Times: user=0.01 sys=0.00, real=0.00 secs] 
1111.528: [GC (Allocation Failure) [PSYoungGen: 68960K->1344K(69632K)] 464415K->396799K(663040K), 0.0034959 secs] [Times: user=0.02 sys=0.00, real=0.01 secs] 
1113.151: [GC (Allocation Failure) [PSYoungGen: 68928K->1408K(69632K)] 464383K->396863K(663040K), 0.0051886 secs] [Times: user=0.03 sys=0.00, real=0.01 secs] 
1113.812: [GC (Allocation Failure) [PSYoungGen: 68992K->1376K(69632K)] 464447K->396831K(663040K), 0.0033376 secs] [Times: user=0.02 sys=0.00, real=0.01 secs] 
1114.436: [GC (Allocation Failure) [PSYoungGen: 68960K->1344K(69632K)] 464415K->396807K(663040K), 0.0028098 secs] [Times: user=0.02 sys=0.00, real=0.00 secs] 
1115.171: [GC (Allocation Failure) [PSYoungGen: 68928K->1344K(69632K)] 464391K->396807K(663040K), 0.0027573 secs] [Times: user=0.01 sys=0.00, real=0.01 secs] 
1116.815: [GC (Allocation Failure) [PSYoungGen: 68928K->1376K(69632K)] 464391K->396839K(663040K), 0.0024750 secs] [Times: user=0.01 sys=0.00, real=0.00 secs] 
1117.768: [GC (Allocation Failure) [PSYoungGen: 68960K->1376K(69632K)] 464423K->396839K(663040K), 0.0042863 secs] [Times: user=0.02 sys=0.00, real=0.01 secs] 
1118.720: [GC (Allocation Failure) [PSYoungGen: 68960K->1344K(69120K)] 464423K->396807K(662528K), 0.0043203 secs] [Times: user=0.01 sys=0.00, real=0.01 secs] 
1119.452: [GC (Allocation Failure) [PSYoungGen: 68928K->1344K(69120K)] 464391K->396807K(662528K), 0.0043073 secs] [Times: user=0.02 sys=0.00, real=0.00 secs] 
1121.531: [GC (Allocation Failure) [PSYoungGen: 68928K->400K(68608K)] 464391K->396887K(662016K), 0.0033816 secs] [Times: user=0.01 sys=0.00, real=0.01 secs] 
1122.416: [GC (Allocation Failure) [PSYoungGen: 67984K->352K(69632K)] 464471K->396839K(663040K), 0.0035156 secs] [Times: user=0.02 sys=0.00, real=0.00 secs] 
1123.220: [GC (Allocation Failure) [PSYoungGen: 67936K->368K(69632K)] 464423K->396855K(663040K), 0.0031974 secs] [Times: user=0.02 sys=0.00, real=0.01 secs] 
1123.974: [GC (Allocation Failure) [PSYoungGen: 67952K->336K(69632K)] 464439K->396823K(663040K), 0.0033643 secs] [Times: user=0.02 sys=0.00, real=0.00 secs] 
1125.392: [GC (Allocation Failure) [PSYoungGen: 67920K->1440K(69632K)] 464407K->397927K(663040K), 0.0019465 secs] [Times: user=0.00 sys=0.00, real=0.00 secs] 
1126.276: [GC (Allocation Failure) [PSYoungGen: 69024K->1424K(69632K)] 465511K->397911K(663040K), 0.0038191 secs] [Times: user=0.02 sys=0.00, real=0.00 secs] 
1127.282: [GC (Allocation Failure) [PSYoungGen: 69008K->1376K(69632K)] 465495K->397871K(663040K), 0.0042242 secs] [Times: user=0.02 sys=0.00, real=0.00 secs] 
1128.013: [GC (Allocation Failure) [PSYoungGen: 68960K->1408K(69632K)] 465455K->397903K(663040K), 0.0045533 secs] [Times: user=0.02 sys=0.00, real=0.00 secs] 
1129.724: [GC (Allocation Failure) [PSYoungGen: 68992K->1376K(69632K)] 465487K->397871K(663040K), 0.0021505 secs] [Times: user=0.01 sys=0.00, real=0.00 secs] 
1130.779: [GC (Allocation Failure) [PSYoungGen: 68960K->1376K(69632K)] 465455K->397871K(663040K), 0.0027139 secs] [Times: user=0.01 sys=0.00, real=0.00 secs] 
1131.312: [GC (Allocation Failure) [PSYoungGen: 68960K->1376K(69632K)] 465455K->397871K(663040K), 0.0020662 secs] [Times: user=0.01 sys=0.00, real=0.01 secs] 
1131.808: [GC (Allocation Failure) [PSYoungGen: 68960K->1376K(69632K)] 465455K->397871K(663040K), 0.0020484 secs] [Times: user=0.01 sys=0.00, real=0.00 secs] 
1132.324: [GC (Allocation Failure) [PSYoungGen: 68960K->1376K(69632K)] 465455K->397871K(663040K), 0.0043004 secs] [Times: user=0.01 sys=0.00, real=0.00 secs] 
1134.289: [GC (Allocation Failure) [PSYoungGen: 68960K->1440K(69632K)] 465455K->397935K(663040K), 0.0027280 secs] [Times: user=0.02 sys=0.00, real=0.01 secs] 
1134.917: [GC (Allocation Failure) [PSYoungGen: 69024K->1312K(69632K)] 465519K->397807K(663040K), 0.0024467 secs] [Times: user=0.00 sys=0.00, real=0.00 secs] 
1135.487: [GC (Allocation Failure) [PSYoungGen: 68896K->1344K(69632K)] 465391K->397847K(663040K), 0.0022953 secs] [Times: user=0.01 sys=0.00, real=0.00 secs] 
1136.107: [GC (Allocation Failure) [PSYoungGen: 68928K->1312K(69632K)] 465431K->397815K(663040K), 0.0021260 secs] [Times: user=0.01 sys=0.00, real=0.00 secs] 
1137.598: [GC (Allocation Failure) [PSYoungGen: 68896K->1392K(69632K)] 465399K->397895K(663040K), 0.0022617 secs] [Times: user=0.01 sys=0.00, real=0.00 secs] 
1138.778: [GC (Allocation Failure) [PSYoungGen: 68976K->1312K(69632K)] 465479K->397815K(663040K), 0.0022100 secs] [Times: user=0.01 sys=0.00, real=0.00 secs] 
1139.962: [GC (Allocation Failure) [PSYoungGen: 68896K->1376K(69632K)] 465399K->397879K(663040K), 0.0023161 secs] [Times: user=0.01 sys=0.00, real=0.00 secs] 
1140.965: [GC (Allocation Failure) [PSYoungGen: 68960K->1344K(69632K)] 465463K->397847K(663040K), 0.0041839 secs] [Times: user=0.02 sys=0.00, real=0.00 secs] 
1142.335: [GC (Allocation Failure) [PSYoungGen: 68928K->1424K(69632K)] 465431K->397927K(663040K), 0.0018970 secs] [Times: user=0.01 sys=0.00, real=0.00 secs] 
1142.881: [GC (Allocation Failure) [PSYoungGen: 69008K->1360K(69632K)] 465511K->397863K(663040K), 0.0017697 secs] [Times: user=0.01 sys=0.00, real=0.01 secs] 
1143.443: [GC (Allocation Failure) [PSYoungGen: 68944K->1408K(69632K)] 465447K->397911K(663040K), 0.0018547 secs] [Times: user=0.01 sys=0.00, real=0.00 secs] 
1144.234: [GC (Allocation Failure) [PSYoungGen: 68992K->1344K(69632K)] 465495K->397847K(663040K), 0.0028494 secs] [Times: user=0.01 sys=0.00, real=0.00 secs] 
1147.004: [GC (Allocation Failure) [PSYoungGen: 68928K->1408K(69632K)] 465431K->397919K(663040K), 0.0046262 secs] [Times: user=0.02 sys=0.00, real=0.00 secs] 
1148.102: [GC (Allocation Failure) [PSYoungGen: 68992K->1344K(69632K)] 465503K->397855K(663040K), 0.0056677 secs] [Times: user=0.02 sys=0.00, real=0.00 secs] 
1148.616: [GC (Allocation Failure) [PSYoungGen: 68928K->1408K(69632K)] 465439K->397919K(663040K), 0.0027641 secs] [Times: user=0.01 sys=0.00, real=0.00 secs] 
1149.443: [GC (Allocation Failure) [PSYoungGen: 68992K->1440K(69632K)] 465503K->397951K(663040K), 0.0019937 secs] [Times: user=0.01 sys=0.00, real=0.00 secs] 
1151.083: [GC (Allocation Failure) [PSYoungGen: 69024K->1472K(69632K)] 465535K->397983K(663040K), 0.0016840 secs] [Times: user=0.01 sys=0.00, real=0.00 secs] 
1151.686: [GC (Allocation Failure) [PSYoungGen: 69056K->1408K(69632K)] 465567K->397919K(663040K), 0.0019964 secs] [Times: user=0.00 sys=0.00, real=0.00 secs] 
1152.238: [GC (Allocation Failure) [PSYoungGen: 68992K->1408K(69632K)] 465503K->397919K(663040K), 0.0022117 secs] [Times: user=0.01 sys=0.00, real=0.00 secs] 
1152.520: [GC (Allocation Failure) [PSYoungGen: 68992K->1344K(69632K)] 465503K->397855K(663040K), 0.0019377 secs] [Times: user=0.01 sys=0.00, real=0.00 secs] 
1153.557: [GC (Allocation Failure) [PSYoungGen: 68928K->1568K(69632K)] 465439K->398079K(663040K), 0.0015848 secs] [Times: user=0.00 sys=0.00, real=0.00 secs] 
1154.748: [GC (Allocation Failure) [PSYoungGen: 69152K->1392K(69632K)] 465663K->397903K(663040K), 0.0050019 secs] [Times: user=0.02 sys=0.00, real=0.01 secs] 
1155.931: [GC (Allocation Failure) [PSYoungGen: 68976K->1312K(69632K)] 465487K->397823K(663040K), 0.0051267 secs] [Times: user=0.02 sys=0.00, real=0.01 secs] 
1156.296: [GC (Allocation Failure) [PSYoungGen: 68896K->1376K(69632K)] 465407K->397895K(663040K), 0.0018916 secs] [Times: user=0.01 sys=0.01, real=0.00 secs] 
1156.576: [GC (Allocation Failure) [PSYoungGen: 68960K->1408K(69632K)] 465479K->397927K(663040K), 0.0018956 secs] [Times: user=0.01 sys=0.01, real=0.00 secs] 
1157.550: [GC (Allocation Failure) [PSYoungGen: 68992K->1472K(69632K)] 465511K->397991K(663040K), 0.0018066 secs] [Times: user=0.01 sys=0.00, real=0.01 secs] 
1157.830: [GC (Allocation Failure) [PSYoungGen: 69056K->1440K(69632K)] 465575K->397959K(663040K), 0.0015360 secs] [Times: user=0.01 sys=0.00, real=0.01 secs] 
1158.110: [GC (Allocation Failure) [PSYoungGen: 69024K->1424K(69632K)] 465543K->397951K(663040K), 0.0015898 secs] [Times: user=0.01 sys=0.00, real=0.01 secs] 
1158.390: [GC (Allocation Failure) [PSYoungGen: 69008K->1376K(69632K)] 465535K->397903K(663040K), 0.0016238 secs] [Times: user=0.00 sys=0.00, real=0.01 secs] 
1159.333: [GC (Allocation Failure) [PSYoungGen: 68960K->1472K(69632K)] 465487K->397999K(663040K), 0.0017180 secs] [Times: user=0.01 sys=0.00, real=0.00 secs] 
1159.618: [GC (Allocation Failure) [PSYoungGen: 69056K->1408K(69632K)] 465583K->397935K(663040K), 0.0017119 secs] [Times: user=0.01 sys=0.00, real=0.00 secs] 
1159.898: [GC (Allocation Failure) [PSYoungGen: 68992K->1408K(69632K)] 465519K->397935K(663040K), 0.0017714 secs] [Times: user=0.00 sys=0.00, real=0.00 secs] 
1160.179: [GC (Allocation Failure) [PSYoungGen: 68992K->1312K(69632K)] 465519K->397855K(663040K), 0.0016426 secs] [Times: user=0.01 sys=0.00, real=0.00 secs] 
1161.434: [GC (Allocation Failure) [PSYoungGen: 68896K->1440K(69632K)] 465439K->397983K(663040K), 0.0038992 secs] [Times: user=0.02 sys=0.00, real=0.00 secs] 
1162.003: [GC (Allocation Failure) [PSYoungGen: 69024K->1376K(69632K)] 465567K->397919K(663040K), 0.0032633 secs] [Times: user=0.01 sys=0.00, real=0.00 secs] 
1162.512: [GC (Allocation Failure) [PSYoungGen: 68960K->1376K(69120K)] 465503K->397935K(662528K), 0.0034809 secs] [Times: user=0.02 sys=0.00, real=0.00 secs] 
1163.105: [GC (Allocation Failure) [PSYoungGen: 68960K->1408K(69120K)] 465519K->397967K(662528K), 0.0030081 secs] [Times: user=0.01 sys=0.00, real=0.00 secs] 
1164.561: [GC (Allocation Failure) [PSYoungGen: 68992K->352K(68608K)] 465551K->397935K(662016K), 0.0017399 secs] [Times: user=0.00 sys=0.00, real=0.01 secs] 
1165.318: [GC (Allocation Failure) [PSYoungGen: 67936K->352K(69632K)] 465519K->397935K(663040K), 0.0020936 secs] [Times: user=0.01 sys=0.00, real=0.00 secs] 
1165.703: [GC (Allocation Failure) [PSYoungGen: 67936K->352K(69632K)] 465519K->397935K(663040K), 0.0017800 secs] [Times: user=0.01 sys=0.00, real=0.00 secs] 
1165.984: [GC (Allocation Failure) [PSYoungGen: 67936K->384K(69632K)] 465519K->397967K(663040K), 0.0018646 secs] [Times: user=0.01 sys=0.00, real=0.00 secs] 
1167.217: [GC (Allocation Failure) [PSYoungGen: 67968K->1408K(69632K)] 465551K->398991K(663040K), 0.0026895 secs] [Times: user=0.01 sys=0.00, real=0.00 secs] 
1167.768: [GC (Allocation Failure) [PSYoungGen: 68992K->1376K(69632K)] 466575K->398959K(663040K), 0.0019750 secs] [Times: user=0.01 sys=0.00, real=0.00 secs] 
1168.049: [GC (Allocation Failure) [PSYoungGen: 68960K->1408K(69632K)] 466543K->398991K(663040K), 0.0020039 secs] [Times: user=0.01 sys=0.00, real=0.00 secs] 
1168.350: [GC (Allocation Failure) [PSYoungGen: 68992K->1360K(69632K)] 466575K->398943K(663040K), 0.0019955 secs] [Times: user=0.01 sys=0.00, real=0.01 secs] 
1169.229: [GC (Allocation Failure) [PSYoungGen: 68944K->1373K(69632K)] 466527K->398957K(663040K), 0.0014551 secs] [Times: user=0.01 sys=0.00, real=0.00 secs] 
1170.398: [GC (Allocation Failure) [PSYoungGen: 68957K->1360K(69632K)] 466541K->398943K(663040K), 0.0019443 secs] [Times: user=0.01 sys=0.00, real=0.00 secs] 
1170.972: [GC (Allocation Failure) [PSYoungGen: 68944K->1376K(69632K)] 466527K->398959K(663040K), 0.0029291 secs] [Times: user=0.01 sys=0.00, real=0.01 secs] 
1171.514: [GC (Allocation Failure) [PSYoungGen: 68960K->1376K(69632K)] 466543K->398975K(663040K), 0.0033841 secs] [Times: user=0.01 sys=0.00, real=0.00 secs] 
1172.014: [GC (Allocation Failure) [PSYoungGen: 68960K->1408K(69632K)] 466559K->399007K(663040K), 0.0025064 secs] [Times: user=0.01 sys=0.00, real=0.00 secs] 
1172.990: [GC (Allocation Failure) [PSYoungGen: 68992K->1408K(69632K)] 466591K->399007K(663040K), 0.0017553 secs] [Times: user=0.01 sys=0.00, real=0.01 secs] 
1173.270: [GC (Allocation Failure) [PSYoungGen: 68992K->1376K(69632K)] 466591K->398975K(663040K), 0.0016009 secs] [Times: user=0.00 sys=0.00, real=0.01 secs] 
1173.551: [GC (Allocation Failure) [PSYoungGen: 68960K->1408K(69632K)] 466559K->399007K(663040K), 0.0017272 secs] [Times: user=0.01 sys=0.00, real=0.01 secs] 
1173.834: [GC (Allocation Failure) [PSYoungGen: 68992K->1408K(69632K)] 466591K->399007K(663040K), 0.0016065 secs] [Times: user=0.01 sys=0.00, real=0.00 secs] 
1175.111: [GC (Allocation Failure) [PSYoungGen: 68992K->1376K(69632K)] 466591K->398975K(663040K), 0.0022139 secs] [Times: user=0.01 sys=0.00, real=0.01 secs] 
1175.393: [GC (Allocation Failure) [PSYoungGen: 68960K->1376K(69632K)] 466559K->398975K(663040K), 0.0020313 secs] [Times: user=0.01 sys=0.00, real=0.00 secs] 
1175.674: [GC (Allocation Failure) [PSYoungGen: 68960K->1344K(69632K)] 466559K->398959K(663040K), 0.0022823 secs] [Times: user=0.01 sys=0.00, real=0.00 secs] 
1176.042: [GC (Allocation Failure) [PSYoungGen: 68928K->1344K(69632K)] 466543K->398959K(663040K), 0.0021027 secs] [Times: user=0.00 sys=0.00, real=0.00 secs] 
1177.197: [GC (Allocation Failure) [PSYoungGen: 68928K->1440K(69632K)] 466543K->399055K(663040K), 0.0018070 secs] [Times: user=0.01 sys=0.00, real=0.00 secs] 
1177.768: [GC (Allocation Failure) [PSYoungGen: 69024K->1408K(69632K)] 466639K->399023K(663040K), 0.0041580 secs] [Times: user=0.02 sys=0.00, real=0.01 secs] 
1178.397: [GC (Allocation Failure) [PSYoungGen: 68992K->1440K(69632K)] 466607K->399055K(663040K), 0.0027504 secs] [Times: user=0.01 sys=0.00, real=0.00 secs] 
1179.267: [GC (Allocation Failure) [PSYoungGen: 69024K->1376K(69632K)] 466639K->398991K(663040K), 0.0035887 secs] [Times: user=0.02 sys=0.00, real=0.00 secs] 
1180.649: [GC (Allocation Failure) [PSYoungGen: 68960K->1408K(69632K)] 466575K->399023K(663040K), 0.0016939 secs] [Times: user=0.01 sys=0.00, real=0.00 secs] 
1181.257: [GC (Allocation Failure) [PSYoungGen: 68992K->1376K(69632K)] 466607K->398999K(663040K), 0.0027989 secs] [Times: user=0.01 sys=0.00, real=0.00 secs] 
1182.094: [GC (Allocation Failure) [PSYoungGen: 68960K->1376K(69632K)] 466583K->398999K(663040K), 0.0020873 secs] [Times: user=0.01 sys=0.00, real=0.00 secs] 
1183.011: [GC (Allocation Failure) [PSYoungGen: 68960K->1376K(69632K)] 466583K->398999K(663040K), 0.0029259 secs] [Times: user=0.01 sys=0.00, real=0.01 secs] 
1184.567: [GC (Allocation Failure) [PSYoungGen: 68681K->1664K(69632K)] 466305K->399287K(663040K), 0.0018233 secs] [Times: user=0.01 sys=0.00, real=0.00 secs] 
1185.471: [GC (Allocation Failure) [PSYoungGen: 69248K->1376K(69632K)] 466871K->398999K(663040K), 0.0022622 secs] [Times: user=0.01 sys=0.00, real=0.01 secs] 
1186.565: [GC (Allocation Failure) [PSYoungGen: 68960K->1408K(69632K)] 466583K->399031K(663040K), 0.0027283 secs] [Times: user=0.01 sys=0.00, real=0.00 secs] 
1187.493: [GC (Allocation Failure) [PSYoungGen: 68992K->1392K(69632K)] 466615K->399015K(663040K), 0.0027860 secs] [Times: user=0.01 sys=0.00, real=0.00 secs] 
1188.357: [GC (Allocation Failure) [PSYoungGen: 68976K->1392K(69632K)] 466599K->399015K(663040K), 0.0035611 secs] [Times: user=0.01 sys=0.00, real=0.00 secs] 
1189.846: [GC (Allocation Failure) [PSYoungGen: 68976K->1408K(69632K)] 466599K->399031K(663040K), 0.0027762 secs] [Times: user=0.01 sys=0.00, real=0.00 secs] 
1190.397: [GC (Allocation Failure) [PSYoungGen: 68992K->1344K(69632K)] 466615K->398967K(663040K), 0.0027401 secs] [Times: user=0.01 sys=0.00, real=0.00 secs] 
1191.024: [GC (Allocation Failure) [PSYoungGen: 68928K->1408K(69632K)] 466551K->399039K(663040K), 0.0025394 secs] [Times: user=0.01 sys=0.00, real=0.00 secs] 
1191.617: [GC (Allocation Failure) [PSYoungGen: 68992K->1344K(69632K)] 466623K->398975K(663040K), 0.0022289 secs] [Times: user=0.01 sys=0.00, real=0.00 secs] 
1193.949: [GC (Allocation Failure) [PSYoungGen: 68928K->1408K(69632K)] 466559K->399047K(663040K), 0.0052953 secs] [Times: user=0.02 sys=0.01, real=0.01 secs] 
1194.552: [GC (Allocation Failure) [PSYoungGen: 68992K->1440K(69632K)] 466631K->399079K(663040K), 0.0025243 secs] [Times: user=0.01 sys=0.00, real=0.00 secs] 
1195.195: [GC (Allocation Failure) [PSYoungGen: 69024K->1408K(69632K)] 466663K->399047K(663040K), 0.0020533 secs] [Times: user=0.00 sys=0.00, real=0.00 secs] 
1195.830: [GC (Allocation Failure) [PSYoungGen: 68992K->1440K(69632K)] 466631K->399087K(663040K), 0.0025981 secs] [Times: user=0.01 sys=0.00, real=0.01 secs] 
1197.024: [GC (Allocation Failure) [PSYoungGen: 69024K->1424K(69632K)] 466671K->399071K(663040K), 0.0016703 secs] [Times: user=0.00 sys=0.00, real=0.00 secs] 
1197.519: [GC (Allocation Failure) [PSYoungGen: 69008K->1456K(69632K)] 466655K->399103K(663040K), 0.0016404 secs] [Times: user=0.00 sys=0.00, real=0.00 secs] 
1198.180: [GC (Allocation Failure) [PSYoungGen: 69040K->1408K(69120K)] 466687K->399055K(662528K), 0.0029431 secs] [Times: user=0.01 sys=0.00, real=0.01 secs] 
1198.813: [GC (Allocation Failure) [PSYoungGen: 68992K->1408K(69120K)] 466639K->399055K(662528K), 0.0043426 secs] [Times: user=0.02 sys=0.00, real=0.00 secs] 
1200.143: [GC (Allocation Failure) [PSYoungGen: 68992K->448K(68608K)] 466639K->399119K(662016K), 0.0016083 secs] [Times: user=0.01 sys=0.00, real=0.00 secs] 
1200.434: [GC (Allocation Failure) [PSYoungGen: 68032K->352K(69632K)] 466703K->399023K(663040K), 0.0016279 secs] [Times: user=0.01 sys=0.00, real=0.00 secs] 
1200.775: [GC (Allocation Failure) [PSYoungGen: 67936K->416K(69632K)] 466607K->399087K(663040K), 0.0022803 secs] [Times: user=0.00 sys=0.00, real=0.00 secs] 
1201.366: [GC (Allocation Failure) [PSYoungGen: 68000K->368K(69632K)] 466671K->399039K(663040K), 0.0027598 secs] [Times: user=0.02 sys=0.00, real=0.00 secs] 
1202.807: [GC (Allocation Failure) [PSYoungGen: 67952K->1440K(69632K)] 466623K->400111K(663040K), 0.0018211 secs] [Times: user=0.01 sys=0.00, real=0.00 secs] 
1203.088: [GC (Allocation Failure) [PSYoungGen: 69024K->1408K(69632K)] 467695K->400079K(663040K), 0.0019611 secs] [Times: user=0.01 sys=0.01, real=0.00 secs] 
1203.369: [GC (Allocation Failure) [PSYoungGen: 68992K->1408K(69632K)] 467663K->400087K(663040K), 0.0019936 secs] [Times: user=0.01 sys=0.00, real=0.00 secs] 
1203.688: [GC (Allocation Failure) [PSYoungGen: 68992K->1376K(69632K)] 467671K->400063K(663040K), 0.0019798 secs] [Times: user=0.01 sys=0.00, real=0.00 secs] 
1204.656: [GC (Allocation Failure) [PSYoungGen: 68960K->192K(69120K)] 467647K->398879K(662528K), 0.0014551 secs] [Times: user=0.00 sys=0.00, real=0.00 secs] 
1205.590: [GC (Allocation Failure) [PSYoungGen: 67264K->1344K(69632K)] 465951K->400031K(663040K), 0.0036077 secs] [Times: user=0.02 sys=0.00, real=0.01 secs] 
1206.291: [GC (Allocation Failure) [PSYoungGen: 68416K->1328K(69632K)] 467103K->400015K(663040K), 0.0026590 secs] [Times: user=0.02 sys=0.00, real=0.01 secs] 
1207.082: [GC (Allocation Failure) [PSYoungGen: 68400K->1408K(69632K)] 467087K->400095K(663040K), 0.0049366 secs] [Times: user=0.02 sys=0.00, real=0.00 secs] 
1207.841: [GC (Allocation Failure) [PSYoungGen: 68480K->1376K(69632K)] 467167K->400063K(663040K), 0.0042763 secs] [Times: user=0.02 sys=0.00, real=0.01 secs] 
1209.317: [GC (Allocation Failure) [PSYoungGen: 68448K->1408K(69632K)] 467135K->400095K(663040K), 0.0018743 secs] [Times: user=0.01 sys=0.00, real=0.00 secs] 
1210.058: [GC (Allocation Failure) [PSYoungGen: 68480K->1376K(69632K)] 467167K->400063K(663040K), 0.0032573 secs] [Times: user=0.01 sys=0.00, real=0.00 secs] 
1210.790: [GC (Allocation Failure) [PSYoungGen: 68448K->1376K(68608K)] 467135K->400063K(662016K), 0.0035765 secs] [Times: user=0.02 sys=0.00, real=0.01 secs] 
1211.798: [GC (Allocation Failure) [PSYoungGen: 68448K->1408K(69120K)] 467135K->400095K(662528K), 0.0027664 secs] [Times: user=0.02 sys=0.00, real=0.00 secs] 
1213.134: [GC (Allocation Failure) [PSYoungGen: 68480K->1392K(69120K)] 467167K->400079K(662528K), 0.0015586 secs] [Times: user=0.00 sys=0.00, real=0.00 secs] 
1213.412: [GC (Allocation Failure) [PSYoungGen: 68464K->1440K(69120K)] 467151K->400135K(662528K), 0.0016203 secs] [Times: user=0.00 sys=0.00, real=0.00 secs] 
1213.689: [GC (Allocation Failure) [PSYoungGen: 68512K->1408K(69120K)] 467207K->400111K(662528K), 0.0015082 secs] [Times: user=0.00 sys=0.00, real=0.00 secs] 
1213.968: [GC (Allocation Failure) [PSYoungGen: 68480K->1392K(69120K)] 467183K->400095K(662528K), 0.0020505 secs] [Times: user=0.01 sys=0.00, real=0.00 secs] 
1215.067: [GC (Allocation Failure) [PSYoungGen: 68464K->1440K(69120K)] 467167K->400143K(662528K), 0.0018608 secs] [Times: user=0.01 sys=0.01, real=0.00 secs] 
1215.345: [GC (Allocation Failure) [PSYoungGen: 68512K->1408K(69120K)] 467215K->400111K(662528K), 0.0017233 secs] [Times: user=0.00 sys=0.00, real=0.00 secs] 
1215.624: [GC (Allocation Failure) [PSYoungGen: 68480K->1344K(69120K)] 467183K->400055K(662528K), 0.0015875 secs] [Times: user=0.01 sys=0.00, real=0.00 secs] 
1216.108: [GC (Allocation Failure) [PSYoungGen: 68416K->1376K(69120K)] 467127K->400087K(662528K), 0.0025500 secs] [Times: user=0.01 sys=0.00, real=0.00 secs] 
1217.448: [GC (Allocation Failure) [PSYoungGen: 68448K->1408K(69120K)] 467159K->400127K(662528K), 0.0017918 secs] [Times: user=0.01 sys=0.00, real=0.00 secs] 
1217.744: [GC (Allocation Failure) [PSYoungGen: 68480K->1408K(69120K)] 467199K->400127K(662528K), 0.0017038 secs] [Times: user=0.00 sys=0.00, real=0.00 secs] 
1218.468: [GC (Allocation Failure) [PSYoungGen: 68480K->1440K(69120K)] 467199K->400159K(662528K), 0.0021627 secs] [Times: user=0.00 sys=0.00, real=0.00 secs] 
1219.433: [GC (Allocation Failure) [PSYoungGen: 68512K->1408K(69120K)] 467231K->400135K(662528K), 0.0050252 secs] [Times: user=0.02 sys=0.00, real=0.00 secs] 
1220.426: [GC (Allocation Failure) [PSYoungGen: 68480K->1360K(69120K)] 467207K->400087K(662528K), 0.0033579 secs] [Times: user=0.02 sys=0.00, real=0.00 secs] 
1222.219: [GC (Allocation Failure) [PSYoungGen: 68432K->1424K(69120K)] 467159K->400159K(662528K), 0.0054034 secs] [Times: user=0.02 sys=0.00, real=0.01 secs] 
1223.024: [GC (Allocation Failure) [PSYoungGen: 68496K->1408K(69120K)] 467231K->400151K(662528K), 0.0051110 secs] [Times: user=0.02 sys=0.00, real=0.00 secs] 
1223.891: [GC (Allocation Failure) [PSYoungGen: 68480K->1408K(69120K)] 467223K->400159K(662528K), 0.0031239 secs] [Times: user=0.01 sys=0.00, real=0.01 secs] 
1224.756: [GC (Allocation Failure) [PSYoungGen: 68480K->1376K(69120K)] 467231K->400127K(662528K), 0.0026267 secs] [Times: user=0.02 sys=0.00, real=0.00 secs] 
1226.105: [GC (Allocation Failure) [PSYoungGen: 68448K->1472K(69120K)] 467199K->400223K(662528K), 0.0026034 secs] [Times: user=0.01 sys=0.00, real=0.00 secs] 
1226.428: [GC (Allocation Failure) [PSYoungGen: 68544K->1440K(69120K)] 467295K->400191K(662528K), 0.0020064 secs] [Times: user=0.01 sys=0.00, real=0.00 secs] 
1226.768: [GC (Allocation Failure) [PSYoungGen: 68512K->1408K(69120K)] 467263K->400167K(662528K), 0.0021641 secs] [Times: user=0.00 sys=0.00, real=0.00 secs] 
1227.304: [GC (Allocation Failure) [PSYoungGen: 68480K->1440K(69120K)] 467239K->400199K(662528K), 0.0019722 secs] [Times: user=0.01 sys=0.00, real=0.00 secs] 
1228.598: [GC (Allocation Failure) [PSYoungGen: 68512K->1440K(69120K)] 467271K->400207K(662528K), 0.0017303 secs] [Times: user=0.01 sys=0.00, real=0.00 secs] 
1228.878: [GC (Allocation Failure) [PSYoungGen: 68512K->1408K(69120K)] 467279K->400175K(662528K), 0.0018223 secs] [Times: user=0.01 sys=0.00, real=0.00 secs] 
1229.264: [GC (Allocation Failure) [PSYoungGen: 68480K->1376K(69120K)] 467247K->400151K(662528K), 0.0025506 secs] [Times: user=0.01 sys=0.00, real=0.00 secs] 
1229.898: [GC (Allocation Failure) [PSYoungGen: 68448K->1376K(69120K)] 467223K->400151K(662528K), 0.0023751 secs] [Times: user=0.01 sys=0.00, real=0.00 secs] 
1231.194: [GC (Allocation Failure) [PSYoungGen: 68448K->1408K(69120K)] 467223K->400191K(662528K), 0.0019748 secs] [Times: user=0.01 sys=0.00, real=0.00 secs] 
1231.763: [GC (Allocation Failure) [PSYoungGen: 68480K->1472K(69120K)] 467263K->400263K(662528K), 0.0019309 secs] [Times: user=0.01 sys=0.00, real=0.00 secs] 
1232.410: [GC (Allocation Failure) [PSYoungGen: 68544K->1408K(69120K)] 467335K->400199K(662528K), 0.0019922 secs] [Times: user=0.01 sys=0.00, real=0.01 secs] 
1233.201: [GC (Allocation Failure) [PSYoungGen: 68480K->1360K(69120K)] 467271K->400167K(662528K), 0.0020011 secs] [Times: user=0.00 sys=0.00, real=0.01 secs] 
1235.114: [GC (Allocation Failure) [PSYoungGen: 68173K->1712K(69120K)] 466981K->400528K(662528K), 0.0042693 secs] [Times: user=0.02 sys=0.00, real=0.00 secs] 
1236.146: [GC (Allocation Failure) [PSYoungGen: 68784K->1408K(69120K)] 467600K->400223K(662528K), 0.0045369 secs] [Times: user=0.02 sys=0.00, real=0.00 secs] 
1236.916: [GC (Allocation Failure) [PSYoungGen: 68480K->1408K(69120K)] 467295K->400223K(662528K), 0.0036184 secs] [Times: user=0.01 sys=0.00, real=0.00 secs] 
1237.741: [GC (Allocation Failure) [PSYoungGen: 68480K->1408K(69120K)] 467295K->400223K(662528K), 0.0035044 secs] [Times: user=0.02 sys=0.00, real=0.01 secs] 
1238.511: [GC (Allocation Failure) [PSYoungGen: 68480K->1408K(69120K)] 467295K->400223K(662528K), 0.0036564 secs] [Times: user=0.02 sys=0.00, real=0.01 secs] 
1239.654: [GC (Allocation Failure) [PSYoungGen: 68480K->1440K(69120K)] 467295K->400255K(662528K), 0.0016027 secs] [Times: user=0.00 sys=0.00, real=0.00 secs] 
1239.945: [GC (Allocation Failure) [PSYoungGen: 68512K->1408K(69120K)] 467327K->400223K(662528K), 0.0015811 secs] [Times: user=0.00 sys=0.00, real=0.00 secs] 
1240.258: [GC (Allocation Failure) [PSYoungGen: 68480K->1408K(69120K)] 467295K->400231K(662528K), 0.0028425 secs] [Times: user=0.01 sys=0.00, real=0.00 secs] 
1240.539: [GC (Allocation Failure) [PSYoungGen: 68480K->1360K(69120K)] 467303K->400183K(662528K), 0.0019944 secs] [Times: user=0.01 sys=0.00, real=0.00 secs] 
1241.535: [GC (Allocation Failure) [PSYoungGen: 68432K->1392K(69120K)] 467255K->400215K(662528K), 0.0014859 secs] [Times: user=0.01 sys=0.00, real=0.00 secs] 
1241.867: [GC (Allocation Failure) [PSYoungGen: 68464K->1392K(68608K)] 467287K->400215K(662016K), 0.0016531 secs] [Times: user=0.01 sys=0.00, real=0.00 secs] 
1242.145: [GC (Allocation Failure) [PSYoungGen: 68464K->1376K(68608K)] 467287K->400215K(662016K), 0.0019459 secs] [Times: user=0.00 sys=0.00, real=0.00 secs] 
1242.424: [GC (Allocation Failure) [PSYoungGen: 68448K->352K(68096K)] 467287K->400231K(661504K), 0.0021100 secs] [Times: user=0.00 sys=0.00, real=0.00 secs] 
1243.597: [GC (Allocation Failure) [PSYoungGen: 67424K->1440K(69120K)] 467303K->401319K(662528K), 0.0017735 secs] [Times: user=0.01 sys=0.00, real=0.00 secs] 
1244.166: [GC (Allocation Failure) [PSYoungGen: 68512K->1376K(69120K)] 468391K->401255K(662528K), 0.0022872 secs] [Times: user=0.01 sys=0.00, real=0.00 secs] 
1244.734: [GC (Allocation Failure) [PSYoungGen: 68448K->1376K(69120K)] 468327K->401263K(662528K), 0.0024177 secs] [Times: user=0.01 sys=0.00, real=0.00 secs] 
1245.283: [GC (Allocation Failure) [PSYoungGen: 68448K->1376K(69120K)] 468335K->401263K(662528K), 0.0035948 secs] [Times: user=0.02 sys=0.00, real=0.00 secs] 
1246.348: [GC (Allocation Failure) [PSYoungGen: 68448K->1440K(69120K)] 468335K->401335K(662528K), 0.0017591 secs] [Times: user=0.01 sys=0.00, real=0.00 secs] 
1246.627: [GC (Allocation Failure) [PSYoungGen: 68512K->1408K(69120K)] 468407K->401303K(662528K), 0.0015482 secs] [Times: user=0.01 sys=0.00, real=0.00 secs] 
1246.966: [GC (Allocation Failure) [PSYoungGen: 68480K->1408K(69120K)] 468375K->401303K(662528K), 0.0017936 secs] [Times: user=0.01 sys=0.00, real=0.00 secs] 
1247.507: [GC (Allocation Failure) [PSYoungGen: 68480K->1440K(69120K)] 468375K->401335K(662528K), 0.0024304 secs] [Times: user=0.01 sys=0.00, real=0.00 secs] 
1248.727: [GC (Allocation Failure) [PSYoungGen: 68512K->1456K(69120K)] 468407K->401352K(662528K), 0.0015109 secs] [Times: user=0.01 sys=0.00, real=0.00 secs] 
1249.040: [GC (Allocation Failure) [PSYoungGen: 68528K->1360K(69120K)] 468424K->401256K(662528K), 0.0018069 secs] [Times: user=0.01 sys=0.00, real=0.01 secs] 
1249.359: [GC (Allocation Failure) [PSYoungGen: 68432K->1376K(69120K)] 468328K->401271K(662528K), 0.0016738 secs] [Times: user=0.01 sys=0.00, real=0.00 secs] 
1249.802: [GC (Allocation Failure) [PSYoungGen: 68448K->1440K(69120K)] 468343K->401351K(662528K), 0.0018074 secs] [Times: user=0.01 sys=0.00, real=0.00 secs] 
1250.367: [GC (Allocation Failure) [PSYoungGen: 68512K->1360K(69120K)] 468423K->401272K(662528K), 0.0021934 secs] [Times: user=0.01 sys=0.00, real=0.00 secs] 
1251.573: [GC (Allocation Failure) [PSYoungGen: 68432K->1440K(69120K)] 468344K->401351K(662528K), 0.0016724 secs] [Times: user=0.01 sys=0.00, real=0.00 secs] 
1251.921: [GC (Allocation Failure) [PSYoungGen: 68512K->1440K(69120K)] 468423K->401351K(662528K), 0.0017593 secs] [Times: user=0.01 sys=0.00, real=0.01 secs] 
1252.509: [GC (Allocation Failure) [PSYoungGen: 68512K->1408K(69120K)] 468423K->401319K(662528K), 0.0024781 secs] [Times: user=0.01 sys=0.00, real=0.01 secs] 
1253.159: [GC (Allocation Failure) [PSYoungGen: 68480K->1408K(69120K)] 468391K->401319K(662528K), 0.0024787 secs] [Times: user=0.02 sys=0.00, real=0.01 secs] 
1254.300: [GC (Allocation Failure) [PSYoungGen: 68480K->1408K(69120K)] 468391K->401319K(662528K), 0.0015292 secs] [Times: user=0.00 sys=0.00, real=0.01 secs] 
1254.579: [GC (Allocation Failure) [PSYoungGen: 68480K->1392K(69120K)] 468391K->401304K(662528K), 0.0016349 secs] [Times: user=0.00 sys=0.00, real=0.00 secs] 
1254.856: [GC (Allocation Failure) [PSYoungGen: 68464K->1392K(68608K)] 468376K->401320K(662016K), 0.0015742 secs] [Times: user=0.01 sys=0.00, real=0.00 secs] 
1255.134: [GC (Allocation Failure) [PSYoungGen: 68464K->1408K(68608K)] 468392K->401335K(662016K), 0.0017727 secs] [Times: user=0.00 sys=0.00, real=0.00 secs] 
1256.176: [GC (Allocation Failure) [PSYoungGen: 68480K->416K(68096K)] 468407K->401367K(661504K), 0.0015829 secs] [Times: user=0.01 sys=0.00, real=0.00 secs] 
1256.936: [GC (Allocation Failure) [PSYoungGen: 67488K->384K(69120K)] 468439K->401335K(662528K), 0.0020999 secs] [Times: user=0.01 sys=0.00, real=0.00 secs] 
1257.487: [GC (Allocation Failure) [PSYoungGen: 67456K->352K(69120K)] 468407K->401303K(662528K), 0.0027643 secs] [Times: user=0.01 sys=0.00, real=0.00 secs] 
1258.033: [GC (Allocation Failure) [PSYoungGen: 67424K->384K(69120K)] 468375K->401335K(662528K), 0.0027354 secs] [Times: user=0.01 sys=0.00, real=0.00 secs] 
1259.103: [GC (Allocation Failure) [PSYoungGen: 67456K->1408K(69120K)] 468407K->402360K(662528K), 0.0017788 secs] [Times: user=0.01 sys=0.00, real=0.00 secs] 
1259.836: [GC (Allocation Failure) [PSYoungGen: 68480K->1376K(69120K)] 469432K->402328K(662528K), 0.0023316 secs] [Times: user=0.01 sys=0.00, real=0.00 secs] 
1260.540: [GC (Allocation Failure) [PSYoungGen: 68448K->1408K(69120K)] 469400K->402360K(662528K), 0.0032565 secs] [Times: user=0.01 sys=0.00, real=0.01 secs] 
1261.237: [GC (Allocation Failure) [PSYoungGen: 68480K->1376K(69120K)] 469432K->402336K(662528K), 0.0033496 secs] [Times: user=0.01 sys=0.00, real=0.00 secs] 
1261.874: [GC (Allocation Failure) [PSYoungGen: 68427K->1312K(69120K)] 469387K->402280K(662528K), 0.0024695 secs] [Times: user=0.01 sys=0.00, real=0.00 secs] 
1262.852: [GC (Allocation Failure) [PSYoungGen: 68384K->1472K(69120K)] 469352K->402440K(662528K), 0.0016796 secs] [Times: user=0.01 sys=0.00, real=0.00 secs] 
1263.130: [GC (Allocation Failure) [PSYoungGen: 68544K->1408K(69120K)] 469512K->402376K(662528K), 0.0016666 secs] [Times: user=0.00 sys=0.00, real=0.01 secs] 
1263.415: [GC (Allocation Failure) [PSYoungGen: 68480K->1408K(69120K)] 469448K->402376K(662528K), 0.0032374 secs] [Times: user=0.01 sys=0.00, real=0.00 secs] 
1263.691: [GC (Allocation Failure) [PSYoungGen: 68480K->1408K(69120K)] 469448K->402376K(662528K), 0.0027650 secs] [Times: user=0.01 sys=0.00, real=0.01 secs] 
1264.713: [GC (Allocation Failure) [PSYoungGen: 68480K->1440K(69120K)] 469448K->402408K(662528K), 0.0017869 secs] [Times: user=0.01 sys=0.00, real=0.00 secs] 
1264.992: [GC (Allocation Failure) [PSYoungGen: 68512K->1376K(69120K)] 469480K->402344K(662528K), 0.0017522 secs] [Times: user=0.01 sys=0.00, real=0.00 secs] 
1265.281: [GC (Allocation Failure) [PSYoungGen: 68448K->1424K(69120K)] 469416K->402392K(662528K), 0.0018451 secs] [Times: user=0.00 sys=0.01, real=0.01 secs] 
1265.764: [GC (Allocation Failure) [PSYoungGen: 68496K->1344K(69120K)] 469464K->402312K(662528K), 0.0019158 secs] [Times: user=0.00 sys=0.00, real=0.00 secs] 
1267.253: [GC (Allocation Failure) [PSYoungGen: 68416K->1440K(69120K)] 469384K->402408K(662528K), 0.0018149 secs] [Times: user=0.01 sys=0.00, real=0.00 secs] 
1267.557: [GC (Allocation Failure) [PSYoungGen: 68512K->1408K(69120K)] 469480K->402376K(662528K), 0.0021614 secs] [Times: user=0.01 sys=0.00, real=0.00 secs] 
1267.867: [GC (Allocation Failure) [PSYoungGen: 68480K->1376K(69120K)] 469448K->402360K(662528K), 0.0029734 secs] [Times: user=0.01 sys=0.00, real=0.00 secs] 
1268.569: [GC (Allocation Failure) [PSYoungGen: 68448K->1376K(69120K)] 469432K->402360K(662528K), 0.0022988 secs] [Times: user=0.01 sys=0.00, real=0.00 secs] 
1270.128: [GC (Allocation Failure) [PSYoungGen: 68448K->1472K(69120K)] 469432K->402456K(662528K), 0.0017153 secs] [Times: user=0.00 sys=0.00, real=0.00 secs] 
1270.424: [GC (Allocation Failure) [PSYoungGen: 68544K->1376K(69120K)] 469528K->402384K(662528K), 0.0019262 secs] [Times: user=0.00 sys=0.00, real=0.00 secs] 
1270.703: [GC (Allocation Failure) [PSYoungGen: 68448K->1376K(69120K)] 469456K->402384K(662528K), 0.0017179 secs] [Times: user=0.01 sys=0.00, real=0.00 secs] 
1270.981: [GC (Allocation Failure) [PSYoungGen: 68448K->1360K(69120K)] 469456K->402368K(662528K), 0.0016496 secs] [Times: user=0.00 sys=0.00, real=0.01 secs] 
1271.957: [GC (Allocation Failure) [PSYoungGen: 68432K->1440K(69120K)] 469440K->402448K(662528K), 0.0017108 secs] [Times: user=0.01 sys=0.00, real=0.00 secs] 
1272.350: [GC (Allocation Failure) [PSYoungGen: 68512K->1376K(69120K)] 469520K->402384K(662528K), 0.0020585 secs] [Times: user=0.01 sys=0.00, real=0.01 secs] 
1272.931: [GC (Allocation Failure) [PSYoungGen: 68448K->1376K(69120K)] 469456K->402384K(662528K), 0.0022162 secs] [Times: user=0.01 sys=0.00, real=0.01 secs] 
1273.880: [GC (Allocation Failure) [PSYoungGen: 68448K->1344K(69120K)] 469456K->402352K(662528K), 0.0035514 secs] [Times: user=0.02 sys=0.00, real=0.01 secs] 
1275.057: [GC (Allocation Failure) [PSYoungGen: 68416K->1408K(69120K)] 469424K->402416K(662528K), 0.0046529 secs] [Times: user=0.02 sys=0.00, real=0.01 secs] 
1276.767: [GC (Allocation Failure) [PSYoungGen: 68480K->1360K(69120K)] 469488K->402368K(662528K), 0.0024033 secs] [Times: user=0.01 sys=0.00, real=0.00 secs] 
1277.182: [GC (Allocation Failure) [PSYoungGen: 68432K->1408K(69120K)] 469440K->402416K(662528K), 0.0021055 secs] [Times: user=0.01 sys=0.00, real=0.00 secs] 
1277.461: [GC (Allocation Failure) [PSYoungGen: 68480K->1408K(69120K)] 469488K->402416K(662528K), 0.0019188 secs] [Times: user=0.01 sys=0.00, real=0.01 secs] 
1277.740: [GC (Allocation Failure) [PSYoungGen: 68480K->1408K(69120K)] 469488K->402416K(662528K), 0.0020087 secs] [Times: user=0.01 sys=0.00, real=0.01 secs] 
1279.550: [GC (Allocation Failure) [PSYoungGen: 68480K->1440K(69120K)] 469488K->402448K(662528K), 0.0034765 secs] [Times: user=0.02 sys=0.00, real=0.01 secs] 
1280.152: [GC (Allocation Failure) [PSYoungGen: 68512K->1376K(69120K)] 469520K->402384K(662528K), 0.0029558 secs] [Times: user=0.01 sys=0.00, real=0.00 secs] 
1280.945: [GC (Allocation Failure) [PSYoungGen: 68448K->1424K(69120K)] 469456K->402432K(662528K), 0.0033541 secs] [Times: user=0.01 sys=0.00, real=0.00 secs] 
1281.719: [GC (Allocation Failure) [PSYoungGen: 68496K->1344K(69120K)] 469504K->402352K(662528K), 0.0027511 secs] [Times: user=0.01 sys=0.00, real=0.01 secs] 
1283.422: [GC (Allocation Failure) [PSYoungGen: 68416K->1376K(68608K)] 469424K->402384K(662016K), 0.0024538 secs] [Times: user=0.01 sys=0.00, real=0.00 secs] 
1284.001: [GC (Allocation Failure) [PSYoungGen: 68448K->1344K(68608K)] 469456K->402352K(662016K), 0.0023593 secs] [Times: user=0.01 sys=0.00, real=0.01 secs] 
1284.686: [GC (Allocation Failure) [PSYoungGen: 68416K->384K(68096K)] 469424K->402424K(661504K), 0.0025614 secs] [Times: user=0.01 sys=0.00, real=0.00 secs] 
1285.283: [GC (Allocation Failure) [PSYoungGen: 67456K->320K(69120K)] 469496K->402360K(662528K), 0.0025183 secs] [Times: user=0.01 sys=0.00, real=0.00 secs] 
1286.504: [GC (Allocation Failure) [PSYoungGen: 67392K->1472K(69120K)] 469432K->403512K(662528K), 0.0022115 secs] [Times: user=0.01 sys=0.00, real=0.00 secs] 
1286.784: [GC (Allocation Failure) [PSYoungGen: 68544K->1408K(69120K)] 470584K->403448K(662528K), 0.0020470 secs] [Times: user=0.00 sys=0.00, real=0.00 secs] 
1287.063: [GC (Allocation Failure) [PSYoungGen: 68480K->1376K(69120K)] 470520K->403416K(662528K), 0.0020095 secs] [Times: user=0.01 sys=0.00, real=0.00 secs] 
1287.369: [GC (Allocation Failure) [PSYoungGen: 68448K->1408K(69120K)] 470488K->403448K(662528K), 0.0019915 secs] [Times: user=0.01 sys=0.00, real=0.00 secs] 
1288.490: [GC (Allocation Failure) [PSYoungGen: 68480K->1920K(69120K)] 470520K->403960K(662528K), 0.0018891 secs] [Times: user=0.01 sys=0.01, real=0.00 secs] 
1289.359: [GC (Allocation Failure) [PSYoungGen: 68992K->1376K(69120K)] 471032K->403416K(662528K), 0.0018244 secs] [Times: user=0.01 sys=0.00, real=0.00 secs] 
1289.903: [GC (Allocation Failure) [PSYoungGen: 68448K->1408K(69120K)] 470488K->403448K(662528K), 0.0019774 secs] [Times: user=0.00 sys=0.00, real=0.00 secs] 
1290.829: [GC (Allocation Failure) [PSYoungGen: 68480K->1376K(69120K)] 470520K->403416K(662528K), 0.0021090 secs] [Times: user=0.01 sys=0.00, real=0.00 secs] 
1291.803: [GC (Allocation Failure) [PSYoungGen: 68448K->1360K(69120K)] 470488K->403400K(662528K), 0.0022530 secs] [Times: user=0.01 sys=0.00, real=0.00 secs] 
1293.561: [GC (Allocation Failure) [PSYoungGen: 68432K->1392K(69120K)] 470472K->403432K(662528K), 0.0028442 secs] [Times: user=0.01 sys=0.00, real=0.01 secs] 
1293.835: [GC (Allocation Failure) [PSYoungGen: 68464K->1376K(69120K)] 470504K->403432K(662528K), 0.0019765 secs] [Times: user=0.01 sys=0.00, real=0.00 secs] 
1294.114: [GC (Allocation Failure) [PSYoungGen: 68448K->1408K(69120K)] 470504K->403464K(662528K), 0.0019034 secs] [Times: user=0.01 sys=0.00, real=0.00 secs] 
1294.590: [GC (Allocation Failure) [PSYoungGen: 68480K->1376K(69120K)] 470536K->403432K(662528K), 0.0028716 secs] [Times: user=0.01 sys=0.00, real=0.01 secs] 
1295.814: [GC (Allocation Failure) [PSYoungGen: 68448K->1472K(69120K)] 470504K->403528K(662528K), 0.0018082 secs] [Times: user=0.01 sys=0.00, real=0.00 secs] 
1296.094: [GC (Allocation Failure) [PSYoungGen: 68544K->1408K(69120K)] 470600K->403464K(662528K), 0.0017006 secs] [Times: user=0.01 sys=0.00, real=0.00 secs] 
1296.373: [GC (Allocation Failure) [PSYoungGen: 68480K->1408K(69120K)] 470536K->403464K(662528K), 0.0018024 secs] [Times: user=0.01 sys=0.00, real=0.00 secs] 
1296.961: [GC (Allocation Failure) [PSYoungGen: 68480K->1344K(69120K)] 470536K->403400K(662528K), 0.0028630 secs] [Times: user=0.01 sys=0.00, real=0.01 secs] 
1298.122: [GC (Allocation Failure) [PSYoungGen: 68416K->1424K(69120K)] 470472K->403480K(662528K), 0.0016883 secs] [Times: user=0.01 sys=0.00, real=0.00 secs] 
1298.400: [GC (Allocation Failure) [PSYoungGen: 68496K->1376K(69120K)] 470552K->403432K(662528K), 0.0016886 secs] [Times: user=0.01 sys=0.00, real=0.01 secs] 
1298.679: [GC (Allocation Failure) [PSYoungGen: 68448K->1408K(69120K)] 470504K->403464K(662528K), 0.0019001 secs] [Times: user=0.00 sys=0.00, real=0.00 secs] 
1298.957: [GC (Allocation Failure) [PSYoungGen: 68480K->1344K(69120K)] 470536K->403400K(662528K), 0.0016932 secs] [Times: user=0.01 sys=0.00, real=0.00 secs] 
1300.026: [GC (Allocation Failure) [PSYoungGen: 68416K->1408K(69120K)] 470472K->403464K(662528K), 0.0018122 secs] [Times: user=0.01 sys=0.00, real=0.00 secs] 
1300.653: [GC (Allocation Failure) [PSYoungGen: 68480K->1408K(69120K)] 470536K->403464K(662528K), 0.0032706 secs] [Times: user=0.01 sys=0.00, real=0.00 secs] 
1301.203: [GC (Allocation Failure) [PSYoungGen: 68480K->1344K(69120K)] 470536K->403416K(662528K), 0.0022562 secs] [Times: user=0.01 sys=0.00, real=0.00 secs] 
1301.534: [GC (Allocation Failure) [PSYoungGen: 68416K->1344K(69120K)] 470488K->403416K(662528K), 0.0018851 secs] [Times: user=0.00 sys=0.00, real=0.00 secs] 
1302.629: [GC (Allocation Failure) [PSYoungGen: 68416K->1696K(69120K)] 470488K->403768K(662528K), 0.0018173 secs] [Times: user=0.01 sys=0.00, real=0.00 secs] 
1303.265: [GC (Allocation Failure) [PSYoungGen: 68768K->1408K(69120K)] 470840K->403480K(662528K), 0.0020379 secs] [Times: user=0.01 sys=0.00, real=0.00 secs] 
1303.790: [GC (Allocation Failure) [PSYoungGen: 68480K->1440K(69120K)] 470552K->403512K(662528K), 0.0019717 secs] [Times: user=0.01 sys=0.00, real=0.01 secs] 
1304.069: [GC (Allocation Failure) [PSYoungGen: 68512K->1376K(69120K)] 470584K->403448K(662528K), 0.0019332 secs] [Times: user=0.01 sys=0.00, real=0.00 secs] 
1304.348: [GC (Allocation Failure) [PSYoungGen: 68448K->1376K(69120K)] 470520K->403448K(662528K), 0.0020155 secs] [Times: user=0.01 sys=0.00, real=0.00 secs] 
1305.798: [GC (Allocation Failure) [PSYoungGen: 68448K->1408K(69120K)] 470520K->403480K(662528K), 0.0040969 secs] [Times: user=0.01 sys=0.00, real=0.01 secs] 
1306.100: [GC (Allocation Failure) [PSYoungGen: 68480K->1344K(69120K)] 470552K->403416K(662528K), 0.0021899 secs] [Times: user=0.01 sys=0.00, real=0.01 secs] 
1306.379: [GC (Allocation Failure) [PSYoungGen: 68416K->1376K(69120K)] 470488K->403448K(662528K), 0.0020483 secs] [Times: user=0.01 sys=0.00, real=0.00 secs] 
1306.658: [GC (Allocation Failure) [PSYoungGen: 68448K->1376K(69120K)] 470520K->403448K(662528K), 0.0020287 secs] [Times: user=0.01 sys=0.00, real=0.00 secs] 
1308.378: [GC (Allocation Failure) [PSYoungGen: 68448K->1392K(68608K)] 470520K->403464K(662016K), 0.0034390 secs] [Times: user=0.01 sys=0.00, real=0.00 secs] 
1309.309: [GC (Allocation Failure) [PSYoungGen: 68464K->1360K(68608K)] 470536K->403432K(662016K), 0.0037699 secs] [Times: user=0.01 sys=0.00, real=0.01 secs] 
1310.233: [GC (Allocation Failure) [PSYoungGen: 68432K->320K(68096K)] 470504K->403416K(661504K), 0.0042587 secs] [Times: user=0.02 sys=0.00, real=0.00 secs] 
1310.861: [GC (Allocation Failure) [PSYoungGen: 67392K->384K(69120K)] 470488K->403480K(662528K), 0.0018888 secs] [Times: user=0.01 sys=0.00, real=0.01 secs] 
1312.256: [GC (Allocation Failure) [PSYoungGen: 67456K->1440K(69120K)] 470552K->404536K(662528K), 0.0019182 secs] [Times: user=0.01 sys=0.00, real=0.00 secs] 
1313.133: [GC (Allocation Failure) [PSYoungGen: 68512K->1408K(69120K)] 471608K->404512K(662528K), 0.0042197 secs] [Times: user=0.01 sys=0.00, real=0.00 secs] 
1313.953: [GC (Allocation Failure) [PSYoungGen: 68480K->1376K(69120K)] 471584K->404480K(662528K), 0.0041724 secs] [Times: user=0.02 sys=0.00, real=0.00 secs] 
1314.710: [GC (Allocation Failure) [PSYoungGen: 68448K->1408K(69120K)] 471552K->404512K(662528K), 0.0033360 secs] [Times: user=0.01 sys=0.00, real=0.01 secs] 
1316.193: [GC (Allocation Failure) [PSYoungGen: 68480K->1392K(69120K)] 471584K->404496K(662528K), 0.0019504 secs] [Times: user=0.01 sys=0.00, real=0.00 secs] 
1316.715: [GC (Allocation Failure) [PSYoungGen: 68464K->1312K(69120K)] 471568K->404416K(662528K), 0.0022452 secs] [Times: user=0.01 sys=0.00, real=0.00 secs] 
1316.994: [GC (Allocation Failure) [PSYoungGen: 68384K->1376K(69120K)] 471488K->404480K(662528K), 0.0025006 secs] [Times: user=0.01 sys=0.00, real=0.00 secs] 
1317.274: [GC (Allocation Failure) [PSYoungGen: 68448K->1344K(69120K)] 471552K->404448K(662528K), 0.0019625 secs] [Times: user=0.01 sys=0.00, real=0.00 secs] 
1318.248: [GC (Allocation Failure) [PSYoungGen: 68416K->1424K(69120K)] 471520K->404528K(662528K), 0.0015992 secs] [Times: user=0.01 sys=0.00, real=0.00 secs] 
1319.239: [GC (Allocation Failure) [PSYoungGen: 68496K->1408K(69120K)] 471600K->404512K(662528K), 0.0046266 secs] [Times: user=0.02 sys=0.00, real=0.01 secs] 
1320.112: [GC (Allocation Failure) [PSYoungGen: 68480K->1376K(69120K)] 471584K->404480K(662528K), 0.0032424 secs] [Times: user=0.01 sys=0.01, real=0.00 secs] 
1320.907: [GC (Allocation Failure) [PSYoungGen: 68448K->1408K(69120K)] 471552K->404512K(662528K), 0.0033517 secs] [Times: user=0.02 sys=0.00, real=0.00 secs] 
1321.610: [GC (Allocation Failure) [PSYoungGen: 68480K->1376K(69120K)] 471584K->404480K(662528K), 0.0037558 secs] [Times: user=0.01 sys=0.00, real=0.01 secs] 
1322.803: [GC (Allocation Failure) [PSYoungGen: 68448K->1328K(69120K)] 471552K->404432K(662528K), 0.0018337 secs] [Times: user=0.01 sys=0.00, real=0.00 secs] 
1323.082: [GC (Allocation Failure) [PSYoungGen: 68400K->1408K(69120K)] 471504K->404512K(662528K), 0.0018250 secs] [Times: user=0.01 sys=0.01, real=0.00 secs] 
1323.361: [GC (Allocation Failure) [PSYoungGen: 68480K->1472K(69120K)] 471584K->404584K(662528K), 0.0017841 secs] [Times: user=0.01 sys=0.00, real=0.01 secs] 
1323.640: [GC (Allocation Failure) [PSYoungGen: 68544K->1344K(69120K)] 471656K->404456K(662528K), 0.0018081 secs] [Times: user=0.01 sys=0.00, real=0.00 secs] 
1324.626: [GC (Allocation Failure) [PSYoungGen: 68416K->1408K(69120K)] 471528K->404520K(662528K), 0.0017358 secs] [Times: user=0.01 sys=0.00, real=0.00 secs] 
1324.905: [GC (Allocation Failure) [PSYoungGen: 68480K->1376K(69120K)] 471592K->404488K(662528K), 0.0019262 secs] [Times: user=0.01 sys=0.00, real=0.00 secs] 
1325.183: [GC (Allocation Failure) [PSYoungGen: 68448K->1440K(69120K)] 471560K->404552K(662528K), 0.0018922 secs] [Times: user=0.00 sys=0.00, real=0.00 secs] 
1325.462: [GC (Allocation Failure) [PSYoungGen: 68512K->1376K(69120K)] 471624K->404488K(662528K), 0.0017079 secs] [Times: user=0.00 sys=0.00, real=0.00 secs] 
1327.244: [GC (Allocation Failure) [PSYoungGen: 68448K->1440K(69120K)] 471560K->404552K(662528K), 0.0033846 secs] [Times: user=0.01 sys=0.00, real=0.00 secs] 
1328.607: [GC (Allocation Failure) [PSYoungGen: 68512K->1392K(69120K)] 471624K->404504K(662528K), 0.0041567 secs] [Times: user=0.02 sys=0.00, real=0.00 secs] 
1329.183: [GC (Allocation Failure) [PSYoungGen: 68464K->1408K(69120K)] 471576K->404520K(662528K), 0.0027424 secs] [Times: user=0.01 sys=0.00, real=0.00 secs] 
1329.889: [GC (Allocation Failure) [PSYoungGen: 68480K->1440K(69120K)] 471592K->404552K(662528K), 0.0032508 secs] [Times: user=0.01 sys=0.00, real=0.01 secs] 
1331.206: [GC (Allocation Failure) [PSYoungGen: 68512K->1408K(69120K)] 471624K->404520K(662528K), 0.0019419 secs] [Times: user=0.01 sys=0.01, real=0.00 secs] 
1331.796: [GC (Allocation Failure) [PSYoungGen: 68480K->1376K(69120K)] 471592K->404488K(662528K), 0.0019904 secs] [Times: user=0.01 sys=0.00, real=0.00 secs] 
1332.136: [GC (Allocation Failure) [PSYoungGen: 68448K->1376K(68608K)] 471560K->404496K(662016K), 0.0026178 secs] [Times: user=0.01 sys=0.00, real=0.00 secs] 
1332.740: [GC (Allocation Failure) [PSYoungGen: 68448K->1344K(68608K)] 471568K->404472K(662016K), 0.0024375 secs] [Times: user=0.01 sys=0.00, real=0.01 secs] 
1333.509: [GC (Allocation Failure) [PSYoungGen: 68416K->320K(68608K)] 471544K->403448K(662016K), 0.0023727 secs] [Times: user=0.01 sys=0.00, real=0.00 secs] 
1335.277: [GC (Allocation Failure) [PSYoungGen: 67392K->1408K(69120K)] 470520K->404536K(662528K), 0.0049854 secs] [Times: user=0.02 sys=0.00, real=0.01 secs] 
1335.751: [GC (Allocation Failure) [PSYoungGen: 68480K->1408K(69120K)] 471608K->404536K(662528K), 0.0022786 secs] [Times: user=0.01 sys=0.00, real=0.01 secs] 
1336.232: [GC (Allocation Failure) [PSYoungGen: 68480K->1344K(69120K)] 471608K->404480K(662528K), 0.0022104 secs] [Times: user=0.01 sys=0.00, real=0.00 secs] 
1336.836: [GC (Allocation Failure) [PSYoungGen: 68416K->1424K(69120K)] 471552K->404560K(662528K), 0.0021819 secs] [Times: user=0.00 sys=0.00, real=0.00 secs] 
1339.009: [GC (Allocation Failure) [PSYoungGen: 68496K->1408K(69120K)] 471632K->404544K(662528K), 0.0023499 secs] [Times: user=0.01 sys=0.00, real=0.01 secs] 
1339.694: [GC (Allocation Failure) [PSYoungGen: 68480K->1376K(69120K)] 471616K->404512K(662528K), 0.0023437 secs] [Times: user=0.01 sys=0.01, real=0.00 secs] 
1340.542: [GC (Allocation Failure) [PSYoungGen: 68448K->1376K(69120K)] 471584K->404512K(662528K), 0.0047940 secs] [Times: user=0.02 sys=0.00, real=0.00 secs] 
1341.380: [GC (Allocation Failure) [PSYoungGen: 68448K->1392K(69120K)] 471584K->404528K(662528K), 0.0035846 secs] [Times: user=0.02 sys=0.00, real=0.01 secs] 
1342.960: [GC (Allocation Failure) [PSYoungGen: 68464K->1408K(69120K)] 471600K->404552K(662528K), 0.0021263 secs] [Times: user=0.01 sys=0.00, real=0.01 secs] 
1343.791: [GC (Allocation Failure) [PSYoungGen: 68480K->1408K(69120K)] 471624K->404552K(662528K), 0.0021951 secs] [Times: user=0.01 sys=0.00, real=0.01 secs] 
1344.784: [GC (Allocation Failure) [PSYoungGen: 68480K->1376K(69120K)] 471624K->404520K(662528K), 0.0054145 secs] [Times: user=0.02 sys=0.00, real=0.00 secs] 
1345.541: [GC (Allocation Failure) [PSYoungGen: 68448K->1344K(69120K)] 471592K->404496K(662528K), 0.0028685 secs] [Times: user=0.02 sys=0.00, real=0.01 secs] 
1346.861: [GC (Allocation Failure) [PSYoungGen: 68416K->1440K(69120K)] 471568K->404592K(662528K), 0.0018162 secs] [Times: user=0.01 sys=0.00, real=0.01 secs] 
1347.140: [GC (Allocation Failure) [PSYoungGen: 68512K->1392K(69120K)] 471664K->404544K(662528K), 0.0017074 secs] [Times: user=0.01 sys=0.00, real=0.00 secs] 
1347.425: [GC (Allocation Failure) [PSYoungGen: 68464K->1376K(69120K)] 471616K->404528K(662528K), 0.0015528 secs] [Times: user=0.01 sys=0.00, real=0.00 secs] 
1347.883: [GC (Allocation Failure) [PSYoungGen: 68448K->1344K(69120K)] 471600K->404496K(662528K), 0.0020144 secs] [Times: user=0.01 sys=0.00, real=0.00 secs] 
1349.115: [GC (Allocation Failure) [PSYoungGen: 68416K->1920K(69120K)] 471568K->405072K(662528K), 0.0016651 secs] [Times: user=0.00 sys=0.00, real=0.00 secs] 
1349.420: [GC (Allocation Failure) [PSYoungGen: 68992K->1376K(69120K)] 472144K->404528K(662528K), 0.0018294 secs] [Times: user=0.01 sys=0.00, real=0.01 secs] 
1349.699: [GC (Allocation Failure) [PSYoungGen: 68448K->1408K(69120K)] 471600K->404560K(662528K), 0.0017822 secs] [Times: user=0.01 sys=0.00, real=0.00 secs] 
1350.087: [GC (Allocation Failure) [PSYoungGen: 68480K->1408K(69120K)] 471632K->404560K(662528K), 0.0027053 secs] [Times: user=0.01 sys=0.00, real=0.00 secs] 
1350.641: [GC (Allocation Failure) [PSYoungGen: 68480K->1344K(69120K)] 471632K->404496K(662528K), 0.0024772 secs] [Times: user=0.01 sys=0.01, real=0.01 secs] 
1352.086: [GC (Allocation Failure) [PSYoungGen: 68416K->1376K(69120K)] 471568K->404528K(662528K), 0.0041756 secs] [Times: user=0.02 sys=0.00, real=0.00 secs] 
1352.891: [GC (Allocation Failure) [PSYoungGen: 68448K->1344K(69120K)] 471600K->404512K(662528K), 0.0050623 secs] [Times: user=0.02 sys=0.00, real=0.01 secs] 
1353.690: [GC (Allocation Failure) [PSYoungGen: 68416K->1424K(69120K)] 471584K->404592K(662528K), 0.0039295 secs] [Times: user=0.02 sys=0.00, real=0.01 secs] 
1354.458: [GC (Allocation Failure) [PSYoungGen: 68496K->1376K(69120K)] 471664K->404544K(662528K), 0.0032488 secs] [Times: user=0.01 sys=0.00, real=0.00 secs] 
1355.879: [GC (Allocation Failure) [PSYoungGen: 68448K->1408K(69120K)] 471616K->404576K(662528K), 0.0019646 secs] [Times: user=0.01 sys=0.00, real=0.00 secs] 
1356.486: [GC (Allocation Failure) [PSYoungGen: 68480K->1408K(69120K)] 471648K->404576K(662528K), 0.0057091 secs] [Times: user=0.02 sys=0.00, real=0.00 secs] 
1357.057: [GC (Allocation Failure) [PSYoungGen: 68480K->1376K(69120K)] 471648K->404544K(662528K), 0.0028607 secs] [Times: user=0.01 sys=0.00, real=0.00 secs] 
1357.786: [GC (Allocation Failure) [PSYoungGen: 68448K->1344K(69120K)] 471616K->404512K(662528K), 0.0024344 secs] [Times: user=0.01 sys=0.00, real=0.00 secs] 
1360.236: [GC (Allocation Failure) [PSYoungGen: 68416K->1408K(68608K)] 471584K->404576K(662016K), 0.0050723 secs] [Times: user=0.02 sys=0.00, real=0.00 secs] 
1361.243: [GC (Allocation Failure) [PSYoungGen: 68480K->1344K(68608K)] 471648K->404512K(662016K), 0.0043137 secs] [Times: user=0.01 sys=0.00, real=0.00 secs] 
1362.012: [GC (Allocation Failure) [PSYoungGen: 68416K->1376K(68608K)] 471584K->404544K(662016K), 0.0028406 secs] [Times: user=0.01 sys=0.00, real=0.00 secs] 
1362.949: [GC (Allocation Failure) [PSYoungGen: 68448K->1376K(68608K)] 471616K->404544K(662016K), 0.0032086 secs] [Times: user=0.01 sys=0.01, real=0.01 secs] 
1364.700: [GC (Allocation Failure) [PSYoungGen: 68448K->1440K(68608K)] 471616K->404608K(662016K), 0.0016587 secs] [Times: user=0.01 sys=0.00, real=0.00 secs] 
1365.214: [GC (Allocation Failure) [PSYoungGen: 68512K->1376K(68608K)] 471680K->404544K(662016K), 0.0032134 secs] [Times: user=0.02 sys=0.00, real=0.00 secs] 
1365.557: [GC (Allocation Failure) [PSYoungGen: 68448K->1376K(68608K)] 471616K->404544K(662016K), 0.0024811 secs] [Times: user=0.01 sys=0.00, real=0.00 secs] 
1366.097: [GC (Allocation Failure) [PSYoungGen: 68448K->1344K(68608K)] 471616K->404520K(662016K), 0.0028309 secs] [Times: user=0.02 sys=0.00, real=0.00 secs] 
1367.530: [GC (Allocation Failure) [PSYoungGen: 68416K->1504K(68608K)] 471592K->404744K(662016K), 0.0017113 secs] [Times: user=0.00 sys=0.00, real=0.00 secs] 
1368.433: [GC (Allocation Failure) [PSYoungGen: 68576K->1312K(69120K)] 471816K->404552K(662528K), 0.0023351 secs] [Times: user=0.01 sys=0.00, real=0.00 secs] 
1368.933: [GC (Allocation Failure) [PSYoungGen: 68384K->1312K(69120K)] 471624K->404552K(662528K), 0.0020268 secs] [Times: user=0.01 sys=0.00, real=0.00 secs] 
1369.213: [GC (Allocation Failure) [PSYoungGen: 68384K->1312K(69120K)] 471624K->404552K(662528K), 0.0029046 secs] [Times: user=0.01 sys=0.00, real=0.00 secs] 
1369.776: [GC (Allocation Failure) [PSYoungGen: 68384K->1344K(68608K)] 471624K->404584K(662016K), 0.0033874 secs] [Times: user=0.01 sys=0.00, real=0.00 secs] 
1371.557: [GC (Allocation Failure) [PSYoungGen: 68416K->1472K(68096K)] 471656K->404712K(661504K), 0.0037038 secs] [Times: user=0.02 sys=0.00, real=0.00 secs] 
1372.158: [GC (Allocation Failure) [PSYoungGen: 68032K->1456K(68608K)] 471272K->404696K(662016K), 0.0028279 secs] [Times: user=0.01 sys=0.00, real=0.00 secs] 
1373.088: [GC (Allocation Failure) [PSYoungGen: 68016K->1424K(68608K)] 471256K->404672K(662016K), 0.0034489 secs] [Times: user=0.02 sys=0.00, real=0.00 secs] 
1373.695: [GC (Allocation Failure) [PSYoungGen: 67984K->1488K(68608K)] 471232K->404744K(662016K), 0.0027444 secs] [Times: user=0.01 sys=0.00, real=0.00 secs] 
1375.009: [GC (Allocation Failure) [PSYoungGen: 68048K->1488K(68608K)] 471304K->404744K(662016K), 0.0018348 secs] [Times: user=0.01 sys=0.00, real=0.00 secs] 
1375.809: [GC (Allocation Failure) [PSYoungGen: 68048K->1488K(68608K)] 471304K->404744K(662016K), 0.0039377 secs] [Times: user=0.01 sys=0.00, real=0.01 secs] 
1376.702: [GC (Allocation Failure) [PSYoungGen: 68048K->1456K(68608K)] 471304K->404712K(662016K), 0.0054305 secs] [Times: user=0.02 sys=0.01, real=0.00 secs] 
1377.496: [GC (Allocation Failure) [PSYoungGen: 68016K->1424K(68608K)] 471272K->404680K(662016K), 0.0032341 secs] [Times: user=0.02 sys=0.01, real=0.00 secs] 
1378.935: [GC (Allocation Failure) [PSYoungGen: 67984K->1488K(68608K)] 471240K->404744K(662016K), 0.0018493 secs] [Times: user=0.01 sys=0.00, real=0.00 secs] 
1379.343: [GC (Allocation Failure) [PSYoungGen: 68048K->1456K(68608K)] 471304K->404712K(662016K), 0.0028647 secs] [Times: user=0.01 sys=0.00, real=0.00 secs] 
1379.621: [GC (Allocation Failure) [PSYoungGen: 68016K->1376K(68608K)] 471272K->404712K(662016K), 0.0022127 secs] [Times: user=0.01 sys=0.00, real=0.01 secs] 
1379.899: [GC (Allocation Failure) [PSYoungGen: 67936K->1344K(68608K)] 471272K->404680K(662016K), 0.0019164 secs] [Times: user=0.01 sys=0.00, real=0.00 secs] 
1381.053: [GC (Allocation Failure) [PSYoungGen: 67904K->1472K(68608K)] 471240K->404808K(662016K), 0.0016704 secs] [Times: user=0.01 sys=0.00, real=0.00 secs] 
1381.641: [GC (Allocation Failure) [PSYoungGen: 68032K->1344K(68608K)] 471368K->404680K(662016K), 0.0022363 secs] [Times: user=0.01 sys=0.00, real=0.01 secs] 
1381.928: [GC (Allocation Failure) [PSYoungGen: 67904K->1408K(68608K)] 471240K->404744K(662016K), 0.0020697 secs] [Times: user=0.01 sys=0.00, real=0.00 secs] 
1382.205: [GC (Allocation Failure) [PSYoungGen: 67968K->1408K(68608K)] 471304K->404752K(662016K), 0.0019565 secs] [Times: user=0.01 sys=0.00, real=0.00 secs] 
1382.615: [GC (Allocation Failure) [PSYoungGen: 67968K->1408K(68608K)] 471312K->404752K(662016K), 0.0018980 secs] [Times: user=0.01 sys=0.00, real=0.00 secs] 
1383.907: [GC (Allocation Failure) [PSYoungGen: 67968K->1456K(68608K)] 471312K->404800K(662016K), 0.0017462 secs] [Times: user=0.01 sys=0.00, real=0.00 secs] 
1384.259: [GC (Allocation Failure) [PSYoungGen: 68016K->1376K(68096K)] 471360K->404720K(661504K), 0.0024190 secs] [Times: user=0.01 sys=0.00, real=0.01 secs] 
1384.755: [GC (Allocation Failure) [PSYoungGen: 67936K->1376K(68096K)] 471280K->404720K(661504K), 0.0029402 secs] [Times: user=0.01 sys=0.00, real=0.00 secs] 
1385.293: [GC (Allocation Failure) [PSYoungGen: 67936K->384K(67584K)] 471280K->404752K(660992K), 0.0033559 secs] [Times: user=0.01 sys=0.00, real=0.00 secs] 
1386.640: [GC (Allocation Failure) [PSYoungGen: 66944K->1472K(68608K)] 471312K->405840K(662016K), 0.0017948 secs] [Times: user=0.01 sys=0.00, real=0.01 secs] 
1387.243: [GC (Allocation Failure) [PSYoungGen: 68032K->1376K(68608K)] 472400K->405744K(662016K), 0.0023909 secs] [Times: user=0.01 sys=0.00, real=0.00 secs] 
1387.809: [GC (Allocation Failure) [PSYoungGen: 67936K->1344K(68608K)] 472304K->405720K(662016K), 0.0031549 secs] [Times: user=0.02 sys=0.00, real=0.01 secs] 
1388.258: [GC (Allocation Failure) [PSYoungGen: 67904K->1344K(68608K)] 472280K->405720K(662016K), 0.0020675 secs] [Times: user=0.01 sys=0.00, real=0.00 secs] 
1389.312: [GC (Allocation Failure) [PSYoungGen: 67904K->1392K(68608K)] 472280K->405768K(662016K), 0.0019709 secs] [Times: user=0.01 sys=0.00, real=0.00 secs] 
1389.825: [GC (Allocation Failure) [PSYoungGen: 67952K->1376K(68608K)] 472328K->405752K(662016K), 0.0022604 secs] [Times: user=0.01 sys=0.00, real=0.00 secs] 
1390.388: [GC (Allocation Failure) [PSYoungGen: 67936K->1360K(68608K)] 472312K->405736K(662016K), 0.0034439 secs] [Times: user=0.02 sys=0.00, real=0.01 secs] 
1391.017: [GC (Allocation Failure) [PSYoungGen: 67920K->1376K(68608K)] 472296K->405760K(662016K), 0.0031853 secs] [Times: user=0.01 sys=0.00, real=0.00 secs] 
1392.373: [GC (Allocation Failure) [PSYoungGen: 67936K->1392K(68608K)] 472320K->405776K(662016K), 0.0017932 secs] [Times: user=0.00 sys=0.00, real=0.00 secs] 
1392.950: [GC (Allocation Failure) [PSYoungGen: 67952K->1344K(68608K)] 472336K->405728K(662016K), 0.0030083 secs] [Times: user=0.02 sys=0.00, real=0.01 secs] 
1393.252: [GC (Allocation Failure) [PSYoungGen: 67904K->1408K(68608K)] 472288K->405792K(662016K), 0.0019866 secs] [Times: user=0.00 sys=0.00, real=0.00 secs] 
1393.586: [GC (Allocation Failure) [PSYoungGen: 67968K->1344K(68096K)] 472352K->405736K(661504K), 0.0023864 secs] [Times: user=0.01 sys=0.00, real=0.00 secs] 
1394.180: [GC (Allocation Failure) [PSYoungGen: 67904K->1376K(68096K)] 472296K->405768K(661504K), 0.0023820 secs] [Times: user=0.01 sys=0.00, real=0.01 secs] 
1397.152: [GC (Allocation Failure) [PSYoungGen: 67936K->416K(67584K)] 472328K->405832K(660992K), 0.0050033 secs] [Times: user=0.02 sys=0.00, real=0.00 secs] 
1398.051: [GC (Allocation Failure) [PSYoungGen: 66976K->352K(68608K)] 472392K->405768K(662016K), 0.0031920 secs] [Times: user=0.02 sys=0.00, real=0.01 secs] 
1398.763: [GC (Allocation Failure) [PSYoungGen: 66912K->320K(68608K)] 472328K->405736K(662016K), 0.0035223 secs] [Times: user=0.01 sys=0.01, real=0.00 secs] 
1399.411: [GC (Allocation Failure) [PSYoungGen: 66880K->320K(68608K)] 472296K->405736K(662016K), 0.0027321 secs] [Times: user=0.02 sys=0.00, real=0.01 secs] 
1400.712: [GC (Allocation Failure) [PSYoungGen: 66880K->1408K(68608K)] 472296K->406824K(662016K), 0.0018646 secs] [Times: user=0.01 sys=0.00, real=0.00 secs] 
1400.989: [GC (Allocation Failure) [PSYoungGen: 67968K->1376K(68608K)] 473384K->406792K(662016K), 0.0017486 secs] [Times: user=0.01 sys=0.00, real=0.00 secs] 
1401.265: [GC (Allocation Failure) [PSYoungGen: 67936K->1408K(68608K)] 473352K->406824K(662016K), 0.0018254 secs] [Times: user=0.01 sys=0.00, real=0.00 secs] 
1401.651: [GC (Allocation Failure) [PSYoungGen: 67968K->1408K(68608K)] 473384K->406824K(662016K), 0.0021859 secs] [Times: user=0.01 sys=0.00, real=0.01 secs] 
1402.878: [GC (Allocation Failure) [PSYoungGen: 67968K->1408K(69120K)] 473384K->406832K(662528K), 0.0020063 secs] [Times: user=0.01 sys=0.00, real=0.00 secs] 
1403.331: [GC (Allocation Failure) [PSYoungGen: 67968K->1408K(69120K)] 473392K->406832K(662528K), 0.0021468 secs] [Times: user=0.01 sys=0.00, real=0.01 secs] 
1404.044: [GC (Allocation Failure) [PSYoungGen: 67968K->1408K(68096K)] 473392K->406840K(661504K), 0.0040648 secs] [Times: user=0.02 sys=0.00, real=0.00 secs] 
1404.733: [GC (Allocation Failure) [PSYoungGen: 67968K->1408K(68608K)] 473400K->406840K(662016K), 0.0032905 secs] [Times: user=0.02 sys=0.00, real=0.00 secs] 
1406.966: [GC (Allocation Failure) [PSYoungGen: 67968K->1408K(68608K)] 473400K->406840K(662016K), 0.0021335 secs] [Times: user=0.01 sys=0.00, real=0.00 secs] 
1407.796: [GC (Allocation Failure) [PSYoungGen: 67968K->1376K(68608K)] 473400K->406808K(662016K), 0.0022781 secs] [Times: user=0.01 sys=0.00, real=0.00 secs] 
1408.060: [GC (Allocation Failure) [PSYoungGen: 67936K->1376K(68608K)] 473368K->406808K(662016K), 0.0018463 secs] [Times: user=0.00 sys=0.00, real=0.00 secs] 
1408.336: [GC (Allocation Failure) [PSYoungGen: 67936K->1408K(68608K)] 473368K->406840K(662016K), 0.0017580 secs] [Times: user=0.01 sys=0.00, real=0.00 secs] 
1408.717: [GC (Allocation Failure) [PSYoungGen: 67959K->320K(68608K)] 473392K->405752K(662016K), 0.0028977 secs] [Times: user=0.02 sys=0.00, real=0.00 secs] 
1410.117: [GC (Allocation Failure) [PSYoungGen: 66880K->1440K(68608K)] 472312K->406872K(662016K), 0.0027975 secs] [Times: user=0.01 sys=0.00, real=0.00 secs] 
1410.665: [GC (Allocation Failure) [PSYoungGen: 68000K->1376K(68608K)] 473432K->406808K(662016K), 0.0026773 secs] [Times: user=0.01 sys=0.00, real=0.00 secs] 
1411.057: [GC (Allocation Failure) [PSYoungGen: 67936K->1376K(68608K)] 473368K->406808K(662016K), 0.0019707 secs] [Times: user=0.00 sys=0.00, real=0.00 secs] 
1411.359: [GC (Allocation Failure) [PSYoungGen: 67936K->1408K(68608K)] 473368K->406840K(662016K), 0.0020912 secs] [Times: user=0.01 sys=0.00, real=0.00 secs] 
1413.712: [GC (Allocation Failure) [PSYoungGen: 67968K->1440K(68608K)] 473400K->406888K(662016K), 0.0023639 secs] [Times: user=0.01 sys=0.00, real=0.00 secs] 
1413.980: [GC (Allocation Failure) [PSYoungGen: 68000K->1376K(68608K)] 473448K->406824K(662016K), 0.0019641 secs] [Times: user=0.01 sys=0.00, real=0.01 secs] 
1414.256: [GC (Allocation Failure) [PSYoungGen: 67936K->1344K(68608K)] 473384K->406808K(662016K), 0.0019073 secs] [Times: user=0.00 sys=0.00, real=0.00 secs] 
1414.678: [GC (Allocation Failure) [PSYoungGen: 67904K->1344K(68608K)] 473368K->406808K(662016K), 0.0020486 secs] [Times: user=0.01 sys=0.00, real=0.00 secs] 
1416.041: [GC (Allocation Failure) [PSYoungGen: 67904K->1408K(68608K)] 473368K->406872K(662016K), 0.0020762 secs] [Times: user=0.00 sys=0.00, real=0.01 secs] 
1416.957: [GC (Allocation Failure) [PSYoungGen: 67968K->1408K(68608K)] 473432K->406872K(662016K), 0.0033824 secs] [Times: user=0.02 sys=0.00, real=0.00 secs] 
1417.635: [GC (Allocation Failure) [PSYoungGen: 67968K->1344K(68608K)] 473432K->406808K(662016K), 0.0051620 secs] [Times: user=0.02 sys=0.00, real=0.00 secs] 
1418.700: [GC (Allocation Failure) [PSYoungGen: 67904K->1376K(68608K)] 473368K->406840K(662016K), 0.0055558 secs] [Times: user=0.02 sys=0.00, real=0.01 secs] 
1420.521: [GC (Allocation Failure) [PSYoungGen: 67936K->1408K(68608K)] 473400K->406872K(662016K), 0.0032297 secs] [Times: user=0.01 sys=0.00, real=0.01 secs] 
1421.147: [GC (Allocation Failure) [PSYoungGen: 67968K->1408K(68608K)] 473432K->406872K(662016K), 0.0024917 secs] [Times: user=0.01 sys=0.00, real=0.00 secs] 
1421.482: [GC (Allocation Failure) [PSYoungGen: 67968K->1344K(68608K)] 473432K->406808K(662016K), 0.0019344 secs] [Times: user=0.01 sys=0.00, real=0.00 secs] 
1421.795: [GC (Allocation Failure) [PSYoungGen: 67904K->1344K(68608K)] 473368K->406808K(662016K), 0.0020523 secs] [Times: user=0.01 sys=0.00, real=0.00 secs] 
1422.780: [GC (Allocation Failure) [PSYoungGen: 67618K->256K(68608K)] 473082K->405720K(662016K), 0.0015757 secs] [Times: user=0.01 sys=0.00, real=0.00 secs] 
1424.760: [GC (Allocation Failure) [PSYoungGen: 66816K->1408K(68608K)] 472280K->406872K(662016K), 0.0048746 secs] [Times: user=0.02 sys=0.00, real=0.01 secs] 
1425.641: [GC (Allocation Failure) [PSYoungGen: 67968K->1376K(68608K)] 473432K->406848K(662016K), 0.0034056 secs] [Times: user=0.01 sys=0.00, real=0.01 secs] 
1426.196: [GC (Allocation Failure) [PSYoungGen: 67936K->1376K(68608K)] 473408K->406848K(662016K), 0.0028564 secs] [Times: user=0.01 sys=0.00, real=0.00 secs] 
1426.734: [GC (Allocation Failure) [PSYoungGen: 67936K->1408K(68608K)] 473408K->406880K(662016K), 0.0027322 secs] [Times: user=0.01 sys=0.00, real=0.00 secs] 
1427.989: [GC (Allocation Failure) [PSYoungGen: 67968K->1440K(68608K)] 473440K->406912K(662016K), 0.0032430 secs] [Times: user=0.02 sys=0.00, real=0.01 secs] 
1428.403: [GC (Allocation Failure) [PSYoungGen: 68000K->1392K(68608K)] 473472K->406864K(662016K), 0.0020458 secs] [Times: user=0.01 sys=0.00, real=0.00 secs] 
1428.684: [GC (Allocation Failure) [PSYoungGen: 67952K->1408K(68608K)] 473424K->406888K(662016K), 0.0043062 secs] [Times: user=0.01 sys=0.00, real=0.00 secs] 
1428.975: [GC (Allocation Failure) [PSYoungGen: 67968K->1408K(68608K)] 473448K->406888K(662016K), 0.0029493 secs] [Times: user=0.01 sys=0.00, real=0.00 secs] 
1430.369: [GC (Allocation Failure) [PSYoungGen: 67968K->1472K(68608K)] 473448K->406952K(662016K), 0.0018297 secs] [Times: user=0.01 sys=0.00, real=0.00 secs] 
1431.103: [GC (Allocation Failure) [PSYoungGen: 68032K->1408K(68608K)] 473512K->406888K(662016K), 0.0027369 secs] [Times: user=0.01 sys=0.00, real=0.00 secs] 
1431.611: [GC (Allocation Failure) [PSYoungGen: 67968K->1344K(68608K)] 473448K->406832K(662016K), 0.0020070 secs] [Times: user=0.01 sys=0.00, real=0.01 secs] 
1431.887: [GC (Allocation Failure) [PSYoungGen: 67904K->1328K(68608K)] 473392K->406816K(662016K), 0.0019453 secs] [Times: user=0.01 sys=0.00, real=0.00 secs] 
1433.051: [GC (Allocation Failure) [PSYoungGen: 67888K->1408K(68608K)] 473376K->406912K(662016K), 0.0029368 secs] [Times: user=0.01 sys=0.00, real=0.01 secs] 
1433.360: [GC (Allocation Failure) [PSYoungGen: 67968K->1376K(68608K)] 473472K->406880K(662016K), 0.0019153 secs] [Times: user=0.01 sys=0.00, real=0.00 secs] 
1433.660: [GC (Allocation Failure) [PSYoungGen: 67936K->1440K(68608K)] 473440K->406944K(662016K), 0.0019527 secs] [Times: user=0.01 sys=0.00, real=0.01 secs] 
1433.985: [GC (Allocation Failure) [PSYoungGen: 68000K->1376K(68608K)] 473504K->406888K(662016K), 0.0020743 secs] [Times: user=0.01 sys=0.00, real=0.00 secs] 
1434.998: [GC (Allocation Failure) [PSYoungGen: 67936K->1536K(68608K)] 473448K->407048K(662016K), 0.0015457 secs] [Times: user=0.01 sys=0.00, real=0.00 secs] 
1435.721: [GC (Allocation Failure) [PSYoungGen: 68096K->1408K(68608K)] 473608K->406920K(662016K), 0.0033760 secs] [Times: user=0.01 sys=0.00, real=0.01 secs] 
1436.652: [GC (Allocation Failure) [PSYoungGen: 67968K->1424K(68608K)] 473480K->406936K(662016K), 0.0046513 secs] [Times: user=0.02 sys=0.00, real=0.00 secs] 
1437.444: [GC (Allocation Failure) [PSYoungGen: 67984K->1408K(68608K)] 473496K->406920K(662016K), 0.0053976 secs] [Times: user=0.02 sys=0.00, real=0.00 secs] 
1438.006: [GC (Allocation Failure) [PSYoungGen: 67968K->1376K(68608K)] 473480K->406888K(662016K), 0.0028683 secs] [Times: user=0.01 sys=0.00, real=0.00 secs] 
1439.842: [GC (Allocation Failure) [PSYoungGen: 67936K->1440K(68608K)] 473448K->406952K(662016K), 0.0048266 secs] [Times: user=0.02 sys=0.00, real=0.00 secs] 
1440.698: [GC (Allocation Failure) [PSYoungGen: 68000K->1344K(68608K)] 473512K->406856K(662016K), 0.0051526 secs] [Times: user=0.02 sys=0.00, real=0.01 secs] 
1441.238: [GC (Allocation Failure) [PSYoungGen: 67904K->1344K(68608K)] 473416K->406872K(662016K), 0.0033965 secs] [Times: user=0.02 sys=0.00, real=0.00 secs] 
1441.780: [GC (Allocation Failure) [PSYoungGen: 67904K->1376K(68608K)] 473432K->406904K(662016K), 0.0047951 secs] [Times: user=0.02 sys=0.00, real=0.01 secs] 
1442.990: [GC (Allocation Failure) [PSYoungGen: 67936K->1408K(68608K)] 473464K->406944K(662016K), 0.0016695 secs] [Times: user=0.00 sys=0.00, real=0.01 secs] 
1443.342: [GC (Allocation Failure) [PSYoungGen: 67968K->1376K(68096K)] 473504K->406912K(661504K), 0.0020428 secs] [Times: user=0.01 sys=0.00, real=0.00 secs] 
1443.619: [GC (Allocation Failure) [PSYoungGen: 67936K->1376K(68096K)] 473472K->406920K(661504K), 0.0020905 secs] [Times: user=0.01 sys=0.00, real=0.00 secs] 
1444.142: [GC (Allocation Failure) [PSYoungGen: 67936K->384K(67584K)] 473480K->406952K(660992K), 0.0021884 secs] [Times: user=0.01 sys=0.00, real=0.00 secs] 
1445.559: [GC (Allocation Failure) [PSYoungGen: 66944K->1376K(68608K)] 473512K->407944K(662016K), 0.0017926 secs] [Times: user=0.01 sys=0.00, real=0.00 secs] 
1446.139: [GC (Allocation Failure) [PSYoungGen: 67936K->1376K(68608K)] 474504K->407944K(662016K), 0.0027174 secs] [Times: user=0.01 sys=0.00, real=0.01 secs] 
1446.457: [GC (Allocation Failure) [PSYoungGen: 67936K->1376K(68608K)] 474504K->407944K(662016K), 0.0030163 secs] [Times: user=0.01 sys=0.00, real=0.00 secs] 
1446.835: [GC (Allocation Failure) [PSYoungGen: 67936K->1344K(68608K)] 474504K->407912K(662016K), 0.0022732 secs] [Times: user=0.01 sys=0.00, real=0.00 secs] 
1448.260: [GC (Allocation Failure) [PSYoungGen: 67651K->1664K(68608K)] 474219K->408232K(662016K), 0.0020676 secs] [Times: user=0.01 sys=0.00, real=0.01 secs] 
1449.452: [GC (Allocation Failure) [PSYoungGen: 68224K->1376K(68608K)] 474792K->407944K(662016K), 0.0044470 secs] [Times: user=0.02 sys=0.00, real=0.00 secs] 
1450.375: [GC (Allocation Failure) [PSYoungGen: 67936K->1344K(68608K)] 474504K->407912K(662016K), 0.0038627 secs] [Times: user=0.02 sys=0.00, real=0.00 secs] 
1451.127: [GC (Allocation Failure) [PSYoungGen: 67904K->1376K(68608K)] 474472K->407944K(662016K), 0.0031678 secs] [Times: user=0.02 sys=0.00, real=0.00 secs] 
1451.758: [GC (Allocation Failure) [PSYoungGen: 67936K->1376K(68608K)] 474504K->407944K(662016K), 0.0033164 secs] [Times: user=0.01 sys=0.00, real=0.00 secs] 
1452.858: [GC (Allocation Failure) [PSYoungGen: 67936K->1408K(68608K)] 474504K->407984K(662016K), 0.0016313 secs] [Times: user=0.01 sys=0.00, real=0.00 secs] 
1453.134: [GC (Allocation Failure) [PSYoungGen: 67968K->1392K(68608K)] 474544K->407968K(662016K), 0.0017326 secs] [Times: user=0.00 sys=0.00, real=0.00 secs] 
1453.411: [GC (Allocation Failure) [PSYoungGen: 67952K->1376K(68608K)] 474528K->407960K(662016K), 0.0018755 secs] [Times: user=0.01 sys=0.00, real=0.01 secs] 
1453.687: [GC (Allocation Failure) [PSYoungGen: 67936K->1440K(68608K)] 474520K->408024K(662016K), 0.0016992 secs] [Times: user=0.01 sys=0.00, real=0.00 secs] 
1455.117: [GC (Allocation Failure) [PSYoungGen: 68000K->1408K(68608K)] 474584K->407992K(662016K), 0.0022256 secs] [Times: user=0.01 sys=0.00, real=0.00 secs] 
1455.920: [GC (Allocation Failure) [PSYoungGen: 67968K->1344K(68608K)] 474552K->407936K(662016K), 0.0022926 secs] [Times: user=0.00 sys=0.00, real=0.01 secs] 
1457.128: [GC (Allocation Failure) [PSYoungGen: 67904K->1360K(68608K)] 474496K->407952K(662016K), 0.0034557 secs] [Times: user=0.02 sys=0.00, real=0.01 secs] 
1458.341: [GC (Allocation Failure) [PSYoungGen: 67920K->1376K(68096K)] 474512K->407968K(661504K), 0.0034878 secs] [Times: user=0.01 sys=0.00, real=0.01 secs] 
1460.162: [GC (Allocation Failure) [PSYoungGen: 67936K->1408K(68096K)] 474528K->408000K(661504K), 0.0020931 secs] [Times: user=0.00 sys=0.00, real=0.00 secs] 
1460.857: [GC (Allocation Failure) [PSYoungGen: 67968K->1344K(68096K)] 474560K->407936K(661504K), 0.0021961 secs] [Times: user=0.01 sys=0.00, real=0.00 secs] 
1462.001: [GC (Allocation Failure) [PSYoungGen: 67904K->1376K(68096K)] 474496K->407968K(661504K), 0.0033209 secs] [Times: user=0.01 sys=0.00, real=0.01 secs] 
1463.054: [GC (Allocation Failure) [PSYoungGen: 67936K->1376K(68096K)] 474528K->407992K(661504K), 0.0037704 secs] [Times: user=0.01 sys=0.00, real=0.00 secs] 
1464.811: [GC (Allocation Failure) [PSYoungGen: 67936K->896K(67584K)] 474552K->408536K(660992K), 0.0017056 secs] [Times: user=0.01 sys=0.00, real=0.01 secs] 
1465.125: [GC (Allocation Failure) [PSYoungGen: 66944K->352K(68096K)] 474584K->407992K(661504K), 0.0015326 secs] [Times: user=0.00 sys=0.00, real=0.00 secs] 
1465.620: [GC (Allocation Failure) [PSYoungGen: 66400K->320K(68096K)] 474040K->407976K(661504K), 0.0017485 secs] [Times: user=0.01 sys=0.00, real=0.01 secs] 
1466.177: [GC (Allocation Failure) [PSYoungGen: 66368K->352K(68096K)] 474024K->408008K(661504K), 0.0021627 secs] [Times: user=0.01 sys=0.00, real=0.00 secs] 
1466.733: [GC (Allocation Failure) [PSYoungGen: 66400K->352K(68096K)] 474056K->408008K(661504K), 0.0023265 secs] [Times: user=0.01 sys=0.00, real=0.00 secs] 
1467.899: [GC (Allocation Failure) [PSYoungGen: 66400K->1440K(68096K)] 474056K->409096K(661504K), 0.0018007 secs] [Times: user=0.00 sys=0.00, real=0.00 secs] 
1468.683: [GC (Allocation Failure) [PSYoungGen: 67488K->1344K(68096K)] 475144K->409000K(661504K), 0.0069139 secs] [Times: user=0.03 sys=0.00, real=0.00 secs] 
1469.454: [GC (Allocation Failure) [PSYoungGen: 67392K->1392K(68096K)] 475048K->409048K(661504K), 0.0049358 secs] [Times: user=0.03 sys=0.00, real=0.00 secs] 
1470.259: [GC (Allocation Failure) [PSYoungGen: 67440K->1408K(67584K)] 475096K->409064K(660992K), 0.0034654 secs] [Times: user=0.01 sys=0.00, real=0.01 secs] 
1471.528: [GC (Allocation Failure) [PSYoungGen: 66944K->1440K(68096K)] 474600K->409096K(661504K), 0.0017781 secs] [Times: user=0.01 sys=0.00, real=0.00 secs] 
1471.801: [GC (Allocation Failure) [PSYoungGen: 66976K->1408K(68096K)] 474632K->409064K(661504K), 0.0016732 secs] [Times: user=0.00 sys=0.00, real=0.01 secs] 
1472.074: [GC (Allocation Failure) [PSYoungGen: 66944K->1376K(68096K)] 474600K->409048K(661504K), 0.0017262 secs] [Times: user=0.01 sys=0.00, real=0.00 secs] 
1472.346: [GC (Allocation Failure) [PSYoungGen: 66912K->1408K(68096K)] 474584K->409080K(661504K), 0.0018918 secs] [Times: user=0.01 sys=0.00, real=0.00 secs] 
1473.489: [GC (Allocation Failure) [PSYoungGen: 66944K->1408K(67072K)] 474616K->409096K(660480K), 0.0019630 secs] [Times: user=0.01 sys=0.00, real=0.00 secs] 
1474.068: [GC (Allocation Failure) [PSYoungGen: 66944K->1344K(67584K)] 474632K->409032K(660992K), 0.0021095 secs] [Times: user=0.01 sys=0.00, real=0.00 secs] 
1474.567: [GC (Allocation Failure) [PSYoungGen: 66880K->1376K(67584K)] 474568K->409064K(660992K), 0.0028372 secs] [Times: user=0.01 sys=0.00, real=0.00 secs] 
1475.180: [GC (Allocation Failure) [PSYoungGen: 66912K->1408K(67584K)] 474600K->409096K(660992K), 0.0021180 secs] [Times: user=0.01 sys=0.00, real=0.01 secs] 
1475.785: [GC (Allocation Failure) [PSYoungGen: 66944K->1376K(67584K)] 474632K->409064K(660992K), 0.0023550 secs] [Times: user=0.01 sys=0.00, real=0.00 secs] 
1477.179: [GC (Allocation Failure) [PSYoungGen: 66912K->1376K(67584K)] 474600K->409064K(660992K), 0.0027329 secs] [Times: user=0.01 sys=0.00, real=0.01 secs] 
1478.023: [GC (Allocation Failure) [PSYoungGen: 66912K->1312K(67584K)] 474600K->409000K(660992K), 0.0054953 secs] [Times: user=0.02 sys=0.00, real=0.00 secs] 
1478.661: [GC (Allocation Failure) [PSYoungGen: 66848K->1376K(67584K)] 474536K->409064K(660992K), 0.0031815 secs] [Times: user=0.02 sys=0.00, real=0.01 secs] 
1479.202: [GC (Allocation Failure) [PSYoungGen: 66912K->1376K(67584K)] 474600K->409064K(660992K), 0.0035341 secs] [Times: user=0.02 sys=0.00, real=0.00 secs] 
1480.753: [GC (Allocation Failure) [PSYoungGen: 66912K->1328K(67584K)] 474600K->409016K(660992K), 0.0016731 secs] [Times: user=0.01 sys=0.00, real=0.00 secs] 
1481.586: [GC (Allocation Failure) [PSYoungGen: 66864K->1408K(67584K)] 474552K->409096K(660992K), 0.0021888 secs] [Times: user=0.01 sys=0.00, real=0.00 secs] 
1482.468: [GC (Allocation Failure) [PSYoungGen: 66944K->1376K(67584K)] 474632K->409072K(660992K), 0.0040128 secs] [Times: user=0.01 sys=0.00, real=0.01 secs] 
1483.012: [GC (Allocation Failure) [PSYoungGen: 66912K->1440K(67584K)] 474608K->409136K(660992K), 0.0034914 secs] [Times: user=0.01 sys=0.00, real=0.00 secs] 
1484.324: [GC (Allocation Failure) [PSYoungGen: 66976K->1440K(67584K)] 474672K->409136K(660992K), 0.0016947 secs] [Times: user=0.01 sys=0.00, real=0.00 secs] 
1484.623: [GC (Allocation Failure) [PSYoungGen: 66976K->1440K(67584K)] 474672K->409136K(660992K), 0.0017591 secs] [Times: user=0.00 sys=0.00, real=0.00 secs] 
1484.895: [GC (Allocation Failure) [PSYoungGen: 66976K->1376K(67584K)] 474672K->409072K(660992K), 0.0018206 secs] [Times: user=0.01 sys=0.00, real=0.00 secs] 
1485.167: [GC (Allocation Failure) [PSYoungGen: 66912K->1376K(67584K)] 474608K->409072K(660992K), 0.0019345 secs] [Times: user=0.01 sys=0.00, real=0.00 secs] 
1486.122: [GC (Allocation Failure) [PSYoungGen: 66912K->1456K(67584K)] 474608K->409152K(660992K), 0.0014825 secs] [Times: user=0.00 sys=0.00, real=0.00 secs] 
1487.842: [GC (Allocation Failure) [PSYoungGen: 66992K->1344K(67584K)] 474688K->409040K(660992K), 0.0053691 secs] [Times: user=0.02 sys=0.00, real=0.00 secs] 
1488.722: [GC (Allocation Failure) [PSYoungGen: 66880K->1376K(67584K)] 474576K->409072K(660992K), 0.0031587 secs] [Times: user=0.01 sys=0.00, real=0.00 secs] 
1489.536: [GC (Allocation Failure) [PSYoungGen: 66912K->1344K(67584K)] 474608K->409040K(660992K), 0.0034062 secs] [Times: user=0.02 sys=0.00, real=0.00 secs] 
1490.464: [GC (Allocation Failure) [PSYoungGen: 66880K->1344K(67584K)] 474576K->409040K(660992K), 0.0047260 secs] [Times: user=0.02 sys=0.00, real=0.00 secs] 
1492.038: [GC (Allocation Failure) [PSYoungGen: 66880K->1440K(67584K)] 474576K->409136K(660992K), 0.0019949 secs] [Times: user=0.01 sys=0.00, real=0.00 secs] 
1492.648: [GC (Allocation Failure) [PSYoungGen: 66976K->1376K(67584K)] 474672K->409072K(660992K), 0.0028585 secs] [Times: user=0.01 sys=0.00, real=0.00 secs] 
1493.290: [GC (Allocation Failure) [PSYoungGen: 66912K->1376K(67584K)] 474608K->409072K(660992K), 0.0026513 secs] [Times: user=0.01 sys=0.00, real=0.01 secs] 
1494.002: [GC (Allocation Failure) [PSYoungGen: 66912K->1344K(67072K)] 474608K->409048K(660480K), 0.0029662 secs] [Times: user=0.01 sys=0.01, real=0.00 secs] 
1495.551: [GC (Allocation Failure) [PSYoungGen: 66880K->1440K(67072K)] 474584K->409144K(660480K), 0.0018952 secs] [Times: user=0.00 sys=0.00, real=0.01 secs] 
1496.088: [GC (Allocation Failure) [PSYoungGen: 66976K->1376K(67072K)] 474680K->409080K(660480K), 0.0022410 secs] [Times: user=0.01 sys=0.00, real=0.00 secs] 
1496.633: [GC (Allocation Failure) [PSYoungGen: 66912K->1376K(67072K)] 474616K->409080K(660480K), 0.0028613 secs] [Times: user=0.01 sys=0.00, real=0.00 secs] 
1497.106: [GC (Allocation Failure) [PSYoungGen: 66912K->352K(66560K)] 474616K->409080K(659968K), 0.0024771 secs] [Times: user=0.01 sys=0.00, real=0.00 secs] 
1498.555: [GC (Allocation Failure) [PSYoungGen: 65888K->1952K(67584K)] 474616K->410680K(660992K), 0.0017027 secs] [Times: user=0.00 sys=0.00, real=0.00 secs] 
1498.907: [GC (Allocation Failure) [PSYoungGen: 67488K->1360K(67584K)] 476216K->410088K(660992K), 0.0019281 secs] [Times: user=0.01 sys=0.00, real=0.00 secs] 
1499.210: [GC (Allocation Failure) [PSYoungGen: 66896K->1360K(67584K)] 475624K->410088K(660992K), 0.0019113 secs] [Times: user=0.01 sys=0.00, real=0.00 secs] 
1499.545: [GC (Allocation Failure) [PSYoungGen: 66896K->1344K(67584K)] 475624K->410072K(660992K), 0.0026005 secs] [Times: user=0.01 sys=0.00, real=0.00 secs] 
1499.868: [GC (Allocation Failure) [PSYoungGen: 66880K->1408K(67584K)] 475608K->410136K(660992K), 0.0019826 secs] [Times: user=0.01 sys=0.00, real=0.00 secs] 
1500.843: [GC (Allocation Failure) [PSYoungGen: 66944K->1408K(67584K)] 475672K->410136K(660992K), 0.0015053 secs] [Times: user=0.00 sys=0.00, real=0.00 secs] 
1501.115: [GC (Allocation Failure) [PSYoungGen: 66944K->1408K(67584K)] 475672K->410136K(660992K), 0.0015343 secs] [Times: user=0.01 sys=0.00, real=0.00 secs] 
1501.669: [GC (Allocation Failure) [PSYoungGen: 66944K->1376K(67584K)] 475672K->410112K(660992K), 0.0049072 secs] [Times: user=0.02 sys=0.00, real=0.01 secs] 
1502.400: [GC (Allocation Failure) [PSYoungGen: 66912K->1376K(67584K)] 475648K->410112K(660992K), 0.0056391 secs] [Times: user=0.03 sys=0.00, real=0.01 secs] 
1503.755: [GC (Allocation Failure) [PSYoungGen: 66912K->1424K(67584K)] 475648K->410160K(660992K), 0.0018124 secs] [Times: user=0.01 sys=0.00, real=0.00 secs] 
1504.038: [GC (Allocation Failure) [PSYoungGen: 66960K->1344K(67584K)] 475696K->410080K(660992K), 0.0017795 secs] [Times: user=0.01 sys=0.00, real=0.00 secs] 
1504.361: [GC (Allocation Failure) [PSYoungGen: 66880K->1408K(67584K)] 475616K->410152K(660992K), 0.0017273 secs] [Times: user=0.01 sys=0.00, real=0.01 secs] 
1504.634: [GC (Allocation Failure) [PSYoungGen: 66944K->1392K(67584K)] 475688K->410136K(660992K), 0.0017219 secs] [Times: user=0.00 sys=0.00, real=0.00 secs] 
1505.638: [GC (Allocation Failure) [PSYoungGen: 66928K->1408K(67584K)] 475672K->410152K(660992K), 0.0016641 secs] [Times: user=0.01 sys=0.00, real=0.00 secs] 
1505.989: [GC (Allocation Failure) [PSYoungGen: 66944K->1408K(67584K)] 475688K->410152K(660992K), 0.0017030 secs] [Times: user=0.01 sys=0.00, real=0.00 secs] 
1506.262: [GC (Allocation Failure) [PSYoungGen: 66944K->1376K(67584K)] 475688K->410120K(660992K), 0.0017293 secs] [Times: user=0.01 sys=0.00, real=0.01 secs] 
1506.585: [GC (Allocation Failure) [PSYoungGen: 66912K->1408K(67584K)] 475656K->410152K(660992K), 0.0018527 secs] [Times: user=0.00 sys=0.00, real=0.00 secs] 
1506.865: [GC (Allocation Failure) [PSYoungGen: 66944K->1376K(67072K)] 475688K->410120K(660480K), 0.0025760 secs] [Times: user=0.01 sys=0.00, real=0.00 secs] 
1509.142: [GC (Allocation Failure) [PSYoungGen: 66912K->1472K(67072K)] 475656K->410216K(660480K), 0.0023961 secs] [Times: user=0.00 sys=0.01, real=0.00 secs] 
1509.408: [GC (Allocation Failure) [PSYoungGen: 67008K->1376K(67072K)] 475752K->410120K(660480K), 0.0020104 secs] [Times: user=0.01 sys=0.00, real=0.00 secs] 
1509.891: [GC (Allocation Failure) [PSYoungGen: 66912K->1376K(67072K)] 475656K->410120K(660480K), 0.0026270 secs] [Times: user=0.01 sys=0.00, real=0.01 secs] 
1510.375: [GC (Allocation Failure) [PSYoungGen: 66912K->384K(66560K)] 475656K->410152K(659968K), 0.0027122 secs] [Times: user=0.01 sys=0.00, real=0.00 secs] 
1511.550: [GC (Allocation Failure) [PSYoungGen: 65920K->1376K(67584K)] 475688K->411152K(660992K), 0.0028110 secs] [Times: user=0.01 sys=0.00, real=0.01 secs] 
1512.014: [GC (Allocation Failure) [PSYoungGen: 66912K->1408K(67584K)] 476688K->411184K(660992K), 0.0027988 secs] [Times: user=0.01 sys=0.00, real=0.00 secs] 
1512.776: [GC (Allocation Failure) [PSYoungGen: 66944K->1408K(67584K)] 476720K->411184K(660992K), 0.0042155 secs] [Times: user=0.02 sys=0.00, real=0.00 secs] 
1513.571: [GC (Allocation Failure) [PSYoungGen: 66944K->1376K(67584K)] 476720K->411152K(660992K), 0.0035611 secs] [Times: user=0.01 sys=0.00, real=0.01 secs] 
1515.167: [GC (Allocation Failure) [PSYoungGen: 66912K->1408K(67584K)] 476688K->411184K(660992K), 0.0017931 secs] [Times: user=0.01 sys=0.00, real=0.00 secs] 
1515.742: [GC (Allocation Failure) [PSYoungGen: 66944K->1376K(67584K)] 476720K->411152K(660992K), 0.0025085 secs] [Times: user=0.01 sys=0.00, real=0.00 secs] 
1516.349: [GC (Allocation Failure) [PSYoungGen: 66912K->1376K(67584K)] 476688K->411152K(660992K), 0.0021402 secs] [Times: user=0.01 sys=0.00, real=0.00 secs] 
1516.954: [GC (Allocation Failure) [PSYoungGen: 66912K->1344K(67584K)] 476688K->411120K(660992K), 0.0022063 secs] [Times: user=0.01 sys=0.00, real=0.00 secs] 
1517.292: [GC (Allocation Failure) [PSYoungGen: 66880K->1376K(67584K)] 476656K->411152K(660992K), 0.0020012 secs] [Times: user=0.01 sys=0.00, real=0.00 secs] 
1518.249: [GC (Allocation Failure) [PSYoungGen: 66912K->1408K(67584K)] 476688K->411184K(660992K), 0.0016270 secs] [Times: user=0.01 sys=0.00, real=0.00 secs] 
1518.673: [GC (Allocation Failure) [PSYoungGen: 66944K->1344K(67584K)] 476720K->411120K(660992K), 0.0018967 secs] [Times: user=0.01 sys=0.00, real=0.00 secs] 
1519.229: [GC (Allocation Failure) [PSYoungGen: 66880K->1344K(67584K)] 476656K->411120K(660992K), 0.0033932 secs] [Times: user=0.01 sys=0.00, real=0.01 secs] 
1519.773: [GC (Allocation Failure) [PSYoungGen: 66880K->1376K(67072K)] 476656K->411152K(660480K), 0.0025008 secs] [Times: user=0.01 sys=0.00, real=0.00 secs] 
1522.076: [GC (Allocation Failure) [PSYoungGen: 66912K->1424K(66560K)] 476688K->411200K(659968K), 0.0021720 secs] [Times: user=0.01 sys=0.00, real=0.00 secs] 
1522.655: [GC (Allocation Failure) [PSYoungGen: 66448K->1312K(66560K)] 476224K->411088K(659968K), 0.0022980 secs] [Times: user=0.01 sys=0.00, real=0.00 secs] 
1523.361: [GC (Allocation Failure) [PSYoungGen: 66336K->1328K(66560K)] 476112K->411112K(659968K), 0.0039553 secs] [Times: user=0.02 sys=0.00, real=0.01 secs] 
1524.029: [GC (Allocation Failure) [PSYoungGen: 66352K->1344K(66560K)] 476136K->411128K(659968K), 0.0027507 secs] [Times: user=0.02 sys=0.00, real=0.00 secs] 
1525.478: [GC (Allocation Failure) [PSYoungGen: 66368K->1344K(66560K)] 476152K->411128K(659968K), 0.0018734 secs] [Times: user=0.01 sys=0.00, real=0.00 secs] 
1525.748: [GC (Allocation Failure) [PSYoungGen: 66368K->1376K(66560K)] 476152K->411160K(659968K), 0.0022613 secs] [Times: user=0.00 sys=0.01, real=0.00 secs] 
1526.020: [GC (Allocation Failure) [PSYoungGen: 66400K->1408K(66560K)] 476184K->411192K(659968K), 0.0021667 secs] [Times: user=0.01 sys=0.00, real=0.01 secs] 
1526.290: [GC (Allocation Failure) [PSYoungGen: 66432K->1344K(66560K)] 476216K->411128K(659968K), 0.0023911 secs] [Times: user=0.01 sys=0.00, real=0.01 secs] 
1526.923: [GC (Allocation Failure) [PSYoungGen: 66368K->1373K(66560K)] 476152K->411157K(659968K), 0.0016130 secs] [Times: user=0.01 sys=0.00, real=0.00 secs] 
1527.557: [GC (Allocation Failure) [PSYoungGen: 66397K->1440K(66560K)] 476181K->411224K(659968K), 0.0016929 secs] [Times: user=0.01 sys=0.00, real=0.00 secs] 
1527.973: [GC (Allocation Failure) [PSYoungGen: 66464K->1408K(66560K)] 476248K->411192K(659968K), 0.0046211 secs] [Times: user=0.02 sys=0.01, real=0.00 secs] 
1528.480: [GC (Allocation Failure) [PSYoungGen: 66432K->1376K(66560K)] 476216K->411160K(659968K), 0.0030745 secs] [Times: user=0.02 sys=0.00, real=0.01 secs] 
1528.969: [GC (Allocation Failure) [PSYoungGen: 66400K->1376K(66560K)] 476184K->411160K(659968K), 0.0024344 secs] [Times: user=0.01 sys=0.00, real=0.00 secs] 
1530.223: [GC (Allocation Failure) [PSYoungGen: 66400K->1472K(66560K)] 476184K->411256K(659968K), 0.0016471 secs] [Times: user=0.01 sys=0.00, real=0.00 secs] 
1530.764: [GC (Allocation Failure) [PSYoungGen: 66496K->1376K(66560K)] 476280K->411160K(659968K), 0.0018330 secs] [Times: user=0.01 sys=0.00, real=0.00 secs] 
1531.301: [GC (Allocation Failure) [PSYoungGen: 66400K->1344K(66560K)] 476184K->411136K(659968K), 0.0027772 secs] [Times: user=0.01 sys=0.00, real=0.01 secs] 
1531.802: [GC (Allocation Failure) [PSYoungGen: 66368K->1392K(66560K)] 476160K->411184K(659968K), 0.0036008 secs] [Times: user=0.01 sys=0.00, real=0.01 secs] 
1532.824: [GC (Allocation Failure) [PSYoungGen: 66416K->1376K(66560K)] 476208K->411168K(659968K), 0.0015161 secs] [Times: user=0.00 sys=0.00, real=0.00 secs] 
1533.094: [GC (Allocation Failure) [PSYoungGen: 66400K->1408K(66560K)] 476192K->411200K(659968K), 0.0016197 secs] [Times: user=0.00 sys=0.00, real=0.00 secs] 
1533.364: [GC (Allocation Failure) [PSYoungGen: 66432K->1408K(66560K)] 476224K->411200K(659968K), 0.0016462 secs] [Times: user=0.00 sys=0.00, real=0.00 secs] 
1533.633: [GC (Allocation Failure) [PSYoungGen: 66432K->1376K(66560K)] 476224K->411168K(659968K), 0.0015165 secs] [Times: user=0.01 sys=0.00, real=0.00 secs] 
1533.903: [GC (Allocation Failure) [PSYoungGen: 66400K->1376K(66560K)] 476192K->411168K(659968K), 0.0027581 secs] [Times: user=0.01 sys=0.00, real=0.00 secs] 
1534.942: [GC (Allocation Failure) [PSYoungGen: 66400K->1440K(66560K)] 476192K->411232K(659968K), 0.0016907 secs] [Times: user=0.00 sys=0.00, real=0.00 secs] 
1535.244: [GC (Allocation Failure) [PSYoungGen: 66464K->1376K(66560K)] 476256K->411168K(659968K), 0.0016870 secs] [Times: user=0.01 sys=0.00, real=0.00 secs] 
1535.513: [GC (Allocation Failure) [PSYoungGen: 66400K->1408K(66560K)] 476192K->411200K(659968K), 0.0016310 secs] [Times: user=0.01 sys=0.01, real=0.00 secs] 
1535.783: [GC (Allocation Failure) [PSYoungGen: 66432K->1408K(66560K)] 476224K->411200K(659968K), 0.0019448 secs] [Times: user=0.01 sys=0.00, real=0.00 secs] 
1538.884: [GC (Allocation Failure) [PSYoungGen: 66432K->1456K(66560K)] 476224K->411248K(659968K), 0.0032013 secs] [Times: user=0.01 sys=0.00, real=0.00 secs] 
1539.617: [GC (Allocation Failure) [PSYoungGen: 66480K->1376K(66560K)] 476272K->411168K(659968K), 0.0026447 secs] [Times: user=0.01 sys=0.00, real=0.00 secs] 
1540.519: [GC (Allocation Failure) [PSYoungGen: 66400K->1376K(66560K)] 476192K->411168K(659968K), 0.0029150 secs] [Times: user=0.01 sys=0.00, real=0.00 secs] 
1541.090: [GC (Allocation Failure) [PSYoungGen: 66400K->1344K(66560K)] 476192K->411136K(659968K), 0.0018798 secs] [Times: user=0.01 sys=0.00, real=0.01 secs] 
1542.672: [GC (Allocation Failure) [PSYoungGen: 66368K->1408K(66560K)] 476160K->411216K(659968K), 0.0051578 secs] [Times: user=0.02 sys=0.00, real=0.00 secs] 
1543.193: [GC (Allocation Failure) [PSYoungGen: 66432K->1344K(66560K)] 476240K->411152K(659968K), 0.0023799 secs] [Times: user=0.01 sys=0.00, real=0.00 secs] 
1543.490: [GC (Allocation Failure) [PSYoungGen: 66368K->1376K(66560K)] 476176K->411184K(659968K), 0.0020274 secs] [Times: user=0.01 sys=0.00, real=0.01 secs] 
1544.140: [GC (Allocation Failure) [PSYoungGen: 66400K->1440K(66560K)] 476208K->411248K(659968K), 0.0028640 secs] [Times: user=0.01 sys=0.00, real=0.01 secs] 
1544.660: [GC (Allocation Failure) [PSYoungGen: 66464K->1376K(66560K)] 476272K->411184K(659968K), 0.0028564 secs] [Times: user=0.01 sys=0.00, real=0.01 secs] 
1545.808: [GC (Allocation Failure) [PSYoungGen: 66400K->1440K(66560K)] 476208K->411248K(659968K), 0.0017618 secs] [Times: user=0.01 sys=0.00, real=0.00 secs] 
1546.111: [GC (Allocation Failure) [PSYoungGen: 66464K->1328K(66560K)] 476272K->411136K(659968K), 0.0020726 secs] [Times: user=0.01 sys=0.00, real=0.01 secs] 
1546.415: [GC (Allocation Failure) [PSYoungGen: 66352K->1376K(66560K)] 476160K->411184K(659968K), 0.0019616 secs] [Times: user=0.00 sys=0.00, real=0.00 secs] 
1546.724: [GC (Allocation Failure) [PSYoungGen: 66400K->1408K(66560K)] 476208K->411216K(659968K), 0.0019807 secs] [Times: user=0.01 sys=0.00, real=0.00 secs] 
1548.032: [GC (Allocation Failure) [PSYoungGen: 66432K->1376K(66560K)] 476240K->411184K(659968K), 0.0020656 secs] [Times: user=0.01 sys=0.00, real=0.00 secs] 
1548.377: [GC (Allocation Failure) [PSYoungGen: 66400K->1376K(66560K)] 476208K->411184K(659968K), 0.0021445 secs] [Times: user=0.01 sys=0.00, real=0.00 secs] 
1548.648: [GC (Allocation Failure) [PSYoungGen: 66400K->1344K(66560K)] 476208K->411152K(659968K), 0.0019354 secs] [Times: user=0.01 sys=0.00, real=0.00 secs] 
1548.939: [GC (Allocation Failure) [PSYoungGen: 66368K->1376K(66560K)] 476176K->411184K(659968K), 0.0020301 secs] [Times: user=0.01 sys=0.00, real=0.00 secs] 
1549.972: [GC (Allocation Failure) [PSYoungGen: 66400K->1440K(66560K)] 476208K->411248K(659968K), 0.0017591 secs] [Times: user=0.01 sys=0.00, real=0.00 secs] 
1550.286: [GC (Allocation Failure) [PSYoungGen: 66464K->1376K(66560K)] 476272K->411184K(659968K), 0.0017580 secs] [Times: user=0.01 sys=0.00, real=0.00 secs] 
1550.614: [GC (Allocation Failure) [PSYoungGen: 66400K->1376K(66560K)] 476208K->411200K(659968K), 0.0017969 secs] [Times: user=0.01 sys=0.00, real=0.00 secs] 
1550.923: [GC (Allocation Failure) [PSYoungGen: 66400K->1344K(66560K)] 476224K->411168K(659968K), 0.0019687 secs] [Times: user=0.01 sys=0.00, real=0.00 secs] 
1551.495: [GC (Allocation Failure) [PSYoungGen: 66368K->1440K(66560K)] 476192K->411264K(659968K), 0.0025557 secs] [Times: user=0.01 sys=0.00, real=0.00 secs] 
1552.872: [GC (Allocation Failure) [PSYoungGen: 66464K->1424K(66560K)] 476288K->411248K(659968K), 0.0020593 secs] [Times: user=0.01 sys=0.00, real=0.00 secs] 
1553.361: [GC (Allocation Failure) [PSYoungGen: 66448K->1408K(66560K)] 476272K->411232K(659968K), 0.0032975 secs] [Times: user=0.02 sys=0.00, real=0.01 secs] 
1553.870: [GC (Allocation Failure) [PSYoungGen: 66432K->1376K(66560K)] 476256K->411200K(659968K), 0.0031284 secs] [Times: user=0.01 sys=0.00, real=0.01 secs] 
1554.490: [GC (Allocation Failure) [PSYoungGen: 66400K->1376K(66560K)] 476224K->411200K(659968K), 0.0027409 secs] [Times: user=0.01 sys=0.00, real=0.01 secs] 
1555.639: [GC (Allocation Failure) [PSYoungGen: 66400K->1472K(66560K)] 476224K->411296K(659968K), 0.0016856 secs] [Times: user=0.00 sys=0.00, real=0.00 secs] 
1555.968: [GC (Allocation Failure) [PSYoungGen: 66496K->1408K(66560K)] 476320K->411232K(659968K), 0.0018978 secs] [Times: user=0.00 sys=0.00, real=0.00 secs] 
1556.239: [GC (Allocation Failure) [PSYoungGen: 66432K->1344K(66560K)] 476256K->411168K(659968K), 0.0016619 secs] [Times: user=0.01 sys=0.00, real=0.00 secs] 
1556.560: [GC (Allocation Failure) [PSYoungGen: 66368K->1424K(66560K)] 476192K->411248K(659968K), 0.0018789 secs] [Times: user=0.00 sys=0.00, real=0.00 secs] 
1557.551: [GC (Allocation Failure) [PSYoungGen: 66448K->1440K(66560K)] 476272K->411264K(659968K), 0.0017644 secs] [Times: user=0.00 sys=0.00, real=0.01 secs] 
1557.821: [GC (Allocation Failure) [PSYoungGen: 66464K->1408K(66560K)] 476288K->411232K(659968K), 0.0018057 secs] [Times: user=0.01 sys=0.00, real=0.01 secs] 
1558.178: [GC (Allocation Failure) [PSYoungGen: 66432K->1392K(66560K)] 476256K->411216K(659968K), 0.0018401 secs] [Times: user=0.01 sys=0.00, real=0.00 secs] 
1558.490: [GC (Allocation Failure) [PSYoungGen: 66416K->1344K(66560K)] 476240K->411168K(659968K), 0.0019582 secs] [Times: user=0.01 sys=0.00, real=0.01 secs] 
1558.774: [GC (Allocation Failure) [PSYoungGen: 66368K->1408K(66560K)] 476192K->411232K(659968K), 0.0019774 secs] [Times: user=0.00 sys=0.00, real=0.00 secs] 
1560.762: [GC (Allocation Failure) [PSYoungGen: 66432K->1440K(66560K)] 476256K->411264K(659968K), 0.0033976 secs] [Times: user=0.01 sys=0.00, real=0.00 secs] 
1561.941: [GC (Allocation Failure) [PSYoungGen: 66464K->1344K(66560K)] 476288K->411184K(659968K), 0.0044931 secs] [Times: user=0.02 sys=0.00, real=0.01 secs] 
1563.056: [GC (Allocation Failure) [PSYoungGen: 66368K->1376K(66560K)] 476208K->411216K(659968K), 0.0044483 secs] [Times: user=0.01 sys=0.00, real=0.00 secs] 
1563.538: [GC (Allocation Failure) [PSYoungGen: 66400K->1376K(66560K)] 476240K->411216K(659968K), 0.0031605 secs] [Times: user=0.02 sys=0.00, real=0.00 secs] 
1564.740: [GC (Allocation Failure) [PSYoungGen: 66400K->1424K(66560K)] 476240K->411264K(659968K), 0.0017830 secs] [Times: user=0.00 sys=0.00, real=0.00 secs] 
1565.433: [GC (Allocation Failure) [PSYoungGen: 66448K->1408K(66560K)] 476288K->411248K(659968K), 0.0019132 secs] [Times: user=0.01 sys=0.00, real=0.00 secs] 
1566.059: [GC (Allocation Failure) [PSYoungGen: 66432K->1408K(66560K)] 476272K->411248K(659968K), 0.0025100 secs] [Times: user=0.01 sys=0.00, real=0.01 secs] 
1566.330: [GC (Allocation Failure) [PSYoungGen: 66432K->1376K(66560K)] 476272K->411216K(659968K), 0.0019783 secs] [Times: user=0.01 sys=0.00, real=0.01 secs] 
1568.274: [GC (Allocation Failure) [PSYoungGen: 66400K->1376K(66560K)] 476240K->411216K(659968K), 0.0050303 secs] [Times: user=0.02 sys=0.00, real=0.00 secs] 
1569.349: [GC (Allocation Failure) [PSYoungGen: 66400K->1408K(66560K)] 476240K->411248K(659968K), 0.0028140 secs] [Times: user=0.01 sys=0.00, real=0.01 secs] 
1570.118: [GC (Allocation Failure) [PSYoungGen: 66432K->1408K(66560K)] 476272K->411248K(659968K), 0.0035570 secs] [Times: user=0.02 sys=0.00, real=0.01 secs] 
1571.105: [GC (Allocation Failure) [PSYoungGen: 66432K->1376K(66560K)] 476272K->411216K(659968K), 0.0035968 secs] [Times: user=0.02 sys=0.00, real=0.00 secs] 
1572.061: [GC (Allocation Failure) [PSYoungGen: 66400K->1344K(66560K)] 476240K->411184K(659968K), 0.0040292 secs] [Times: user=0.02 sys=0.00, real=0.01 secs] 
1573.197: [GC (Allocation Failure) [PSYoungGen: 66368K->1440K(66560K)] 476208K->411280K(659968K), 0.0017993 secs] [Times: user=0.01 sys=0.00, real=0.00 secs] 
1573.624: [GC (Allocation Failure) [PSYoungGen: 66464K->1376K(66560K)] 476304K->411216K(659968K), 0.0033860 secs] [Times: user=0.02 sys=0.00, real=0.00 secs] 
1574.167: [GC (Allocation Failure) [PSYoungGen: 66400K->1376K(66560K)] 476240K->411216K(659968K), 0.0034807 secs] [Times: user=0.02 sys=0.00, real=0.00 secs] 
1574.771: [GC (Allocation Failure) [PSYoungGen: 66400K->1424K(66560K)] 476240K->411280K(659968K), 0.0027899 secs] [Times: user=0.01 sys=0.00, real=0.01 secs] 
1575.923: [GC (Allocation Failure) [PSYoungGen: 66448K->1408K(66560K)] 476304K->411272K(659968K), 0.0015124 secs] [Times: user=0.01 sys=0.00, real=0.00 secs] 
1576.194: [GC (Allocation Failure) [PSYoungGen: 66432K->1408K(66560K)] 476296K->411272K(659968K), 0.0015939 secs] [Times: user=0.01 sys=0.00, real=0.00 secs] 
1576.489: [GC (Allocation Failure) [PSYoungGen: 66432K->1440K(66560K)] 476296K->411320K(659968K), 0.0016456 secs] [Times: user=0.01 sys=0.00, real=0.00 secs] 
1576.802: [GC (Allocation Failure) [PSYoungGen: 66464K->1376K(66560K)] 476344K->411256K(659968K), 0.0033594 secs] [Times: user=0.02 sys=0.00, real=0.00 secs] 
1577.780: [GC (Allocation Failure) [PSYoungGen: 66400K->1440K(66560K)] 476280K->411320K(659968K), 0.0016408 secs] [Times: user=0.01 sys=0.00, real=0.01 secs] 
1578.090: [GC (Allocation Failure) [PSYoungGen: 66464K->1408K(66560K)] 476344K->411288K(659968K), 0.0017161 secs] [Times: user=0.01 sys=0.00, real=0.01 secs] 
1578.391: [GC (Allocation Failure) [PSYoungGen: 66432K->1344K(66560K)] 476312K->411224K(659968K), 0.0018163 secs] [Times: user=0.01 sys=0.00, real=0.01 secs] 
1578.863: [GC (Allocation Failure) [PSYoungGen: 66368K->1376K(66560K)] 476248K->411272K(659968K), 0.0019991 secs] [Times: user=0.00 sys=0.00, real=0.00 secs] 
1579.408: [GC (Allocation Failure) [PSYoungGen: 66400K->1408K(66560K)] 476296K->411304K(659968K), 0.0019562 secs] [Times: user=0.01 sys=0.00, real=0.00 secs] 
1580.596: [GC (Allocation Failure) [PSYoungGen: 66432K->1472K(66560K)] 476328K->411368K(659968K), 0.0019439 secs] [Times: user=0.01 sys=0.00, real=0.00 secs] 
1580.871: [GC (Allocation Failure) [PSYoungGen: 66496K->1408K(66560K)] 476392K->411312K(659968K), 0.0023425 secs] [Times: user=0.01 sys=0.00, real=0.01 secs] 
1581.139: [GC (Allocation Failure) [PSYoungGen: 66432K->1376K(66560K)] 476336K->411280K(659968K), 0.0021850 secs] [Times: user=0.01 sys=0.00, real=0.00 secs] 
1581.630: [GC (Allocation Failure) [PSYoungGen: 66400K->1376K(66560K)] 476304K->411280K(659968K), 0.0033192 secs] [Times: user=0.01 sys=0.00, real=0.01 secs] 
1583.227: [GC (Allocation Failure) [PSYoungGen: 66400K->1376K(66560K)] 476304K->411280K(659968K), 0.0020227 secs] [Times: user=0.01 sys=0.00, real=0.00 secs] 
1583.756: [GC (Allocation Failure) [PSYoungGen: 66400K->1408K(66560K)] 476304K->411312K(659968K), 0.0040763 secs] [Times: user=0.02 sys=0.00, real=0.00 secs] 
1584.757: [GC (Allocation Failure) [PSYoungGen: 66432K->1376K(66560K)] 476336K->411280K(659968K), 0.0055182 secs] [Times: user=0.02 sys=0.00, real=0.01 secs] 
1585.781: [GC (Allocation Failure) [PSYoungGen: 66400K->1344K(66560K)] 476304K->411248K(659968K), 0.0056940 secs] [Times: user=0.02 sys=0.00, real=0.01 secs] 
1587.326: [GC (Allocation Failure) [PSYoungGen: 66368K->1440K(66560K)] 476272K->411344K(659968K), 0.0015359 secs] [Times: user=0.01 sys=0.00, real=0.00 secs] 
1588.040: [GC (Allocation Failure) [PSYoungGen: 66464K->1376K(66560K)] 476368K->411280K(659968K), 0.0031502 secs] [Times: user=0.01 sys=0.00, real=0.01 secs] 
1588.660: [GC (Allocation Failure) [PSYoungGen: 66400K->1344K(66560K)] 476304K->411248K(659968K), 0.0033051 secs] [Times: user=0.02 sys=0.00, real=0.01 secs] 
1589.264: [GC (Allocation Failure) [PSYoungGen: 66368K->1360K(66560K)] 476272K->411264K(659968K), 0.0027532 secs] [Times: user=0.01 sys=0.00, real=0.00 secs] 
1589.752: [GC (Allocation Failure) [PSYoungGen: 66384K->1344K(66560K)] 476288K->411248K(659968K), 0.0021964 secs] [Times: user=0.01 sys=0.01, real=0.00 secs] 
1591.343: [GC (Allocation Failure) [PSYoungGen: 66368K->1408K(66560K)] 476272K->411312K(659968K), 0.0020971 secs] [Times: user=0.01 sys=0.00, real=0.00 secs] 
1592.117: [GC (Allocation Failure) [PSYoungGen: 66432K->1376K(66560K)] 476336K->411280K(659968K), 0.0028002 secs] [Times: user=0.01 sys=0.00, real=0.00 secs] 
1593.060: [GC (Allocation Failure) [PSYoungGen: 66400K->1344K(66560K)] 476304K->411256K(659968K), 0.0034040 secs] [Times: user=0.01 sys=0.00, real=0.01 secs] 
1593.873: [GC (Allocation Failure) [PSYoungGen: 66368K->1408K(66560K)] 476280K->411320K(659968K), 0.0029441 secs] [Times: user=0.01 sys=0.00, real=0.00 secs] 
1595.639: [GC (Allocation Failure) [PSYoungGen: 66432K->1440K(66560K)] 476344K->411352K(659968K), 0.0031914 secs] [Times: user=0.01 sys=0.00, real=0.01 secs] 
1596.407: [GC (Allocation Failure) [PSYoungGen: 66464K->1376K(66560K)] 476376K->411296K(659968K), 0.0022632 secs] [Times: user=0.01 sys=0.00, real=0.00 secs] 
1597.107: [GC (Allocation Failure) [PSYoungGen: 66400K->1376K(66560K)] 476320K->411296K(659968K), 0.0020564 secs] [Times: user=0.01 sys=0.00, real=0.00 secs] 
1597.922: [GC (Allocation Failure) [PSYoungGen: 66400K->1440K(66560K)] 476320K->411360K(659968K), 0.0035260 secs] [Times: user=0.02 sys=0.00, real=0.00 secs] 
1600.122: [GC (Allocation Failure) [PSYoungGen: 66464K->1376K(66560K)] 476384K->411296K(659968K), 0.0024259 secs] [Times: user=0.01 sys=0.00, real=0.00 secs] 
1601.512: [GC (Allocation Failure) [PSYoungGen: 66400K->1408K(66560K)] 476320K->411328K(659968K), 0.0033818 secs] [Times: user=0.01 sys=0.00, real=0.00 secs] 
1602.534: [GC (Allocation Failure) [PSYoungGen: 66432K->1360K(66560K)] 476352K->411280K(659968K), 0.0027724 secs] [Times: user=0.01 sys=0.00, real=0.00 secs] 
1603.359: [GC (Allocation Failure) [PSYoungGen: 66384K->1408K(66560K)] 476304K->411328K(659968K), 0.0029591 secs] [Times: user=0.01 sys=0.00, real=0.01 secs] 
1604.107: [GC (Allocation Failure) [PSYoungGen: 66432K->1376K(66560K)] 476352K->411296K(659968K), 0.0030241 secs] [Times: user=0.01 sys=0.00, real=0.00 secs] 
1605.215: [GC (Allocation Failure) [PSYoungGen: 66400K->1408K(66560K)] 476320K->411328K(659968K), 0.0016408 secs] [Times: user=0.01 sys=0.00, real=0.00 secs] 
1605.515: [GC (Allocation Failure) [PSYoungGen: 66432K->1408K(66560K)] 476352K->411328K(659968K), 0.0017533 secs] [Times: user=0.01 sys=0.00, real=0.00 secs] 
1605.924: [GC (Allocation Failure) [PSYoungGen: 66432K->1344K(66560K)] 476352K->411272K(659968K), 0.0032023 secs] [Times: user=0.01 sys=0.00, real=0.00 secs] 
1606.442: [GC (Allocation Failure) [PSYoungGen: 66368K->1440K(66560K)] 476296K->411368K(659968K), 0.0025363 secs] [Times: user=0.01 sys=0.00, real=0.00 secs] 
1607.606: [GC (Allocation Failure) [PSYoungGen: 66464K->1408K(66560K)] 476392K->411336K(659968K), 0.0016957 secs] [Times: user=0.01 sys=0.00, real=0.00 secs] 
1607.935: [GC (Allocation Failure) [PSYoungGen: 66432K->1376K(66560K)] 476360K->411304K(659968K), 0.0018024 secs] [Times: user=0.01 sys=0.00, real=0.00 secs] 
1608.205: [GC (Allocation Failure) [PSYoungGen: 66400K->1376K(66560K)] 476328K->411304K(659968K), 0.0017481 secs] [Times: user=0.01 sys=0.00, real=0.00 secs] 
1608.530: [GC (Allocation Failure) [PSYoungGen: 66400K->1376K(66560K)] 476328K->411304K(659968K), 0.0019912 secs] [Times: user=0.01 sys=0.00, real=0.01 secs] 
1609.502: [GC (Allocation Failure) [PSYoungGen: 66400K->896K(66560K)] 476328K->411848K(659968K), 0.0015266 secs] [Times: user=0.01 sys=0.00, real=0.00 secs] 
1609.802: [GC (Allocation Failure) [PSYoungGen: 65920K->352K(66048K)] 476872K->411304K(659456K), 0.0018251 secs] [Times: user=0.01 sys=0.00, real=0.00 secs] 
1610.070: [GC (Allocation Failure) [PSYoungGen: 64864K->320K(66560K)] 475816K->411272K(659968K), 0.0017123 secs] [Times: user=0.01 sys=0.00, real=0.01 secs] 
1610.337: [GC (Allocation Failure) [PSYoungGen: 64832K->352K(66560K)] 475784K->411320K(659968K), 0.0017475 secs] [Times: user=0.01 sys=0.00, real=0.00 secs] 
1610.605: [GC (Allocation Failure) [PSYoungGen: 64864K->320K(66560K)] 475832K->411288K(659968K), 0.0017282 secs] [Times: user=0.01 sys=0.00, real=0.00 secs] 
1611.787: [GC (Allocation Failure) [PSYoungGen: 64832K->1424K(66560K)] 475800K->412392K(659968K), 0.0019823 secs] [Times: user=0.01 sys=0.00, real=0.00 secs] 
1612.355: [GC (Allocation Failure) [PSYoungGen: 65936K->1376K(66560K)] 476904K->412344K(659968K), 0.0019343 secs] [Times: user=0.01 sys=0.01, real=0.00 secs] 
1612.919: [GC (Allocation Failure) [PSYoungGen: 65888K->1344K(66560K)] 476856K->412320K(659968K), 0.0020334 secs] [Times: user=0.00 sys=0.00, real=0.00 secs] 
1613.474: [GC (Allocation Failure) [PSYoungGen: 65856K->1408K(66560K)] 476832K->412384K(659968K), 0.0020954 secs] [Times: user=0.01 sys=0.00, real=0.00 secs] 
1614.735: [GC (Allocation Failure) [PSYoungGen: 65920K->1408K(66048K)] 476896K->412384K(659456K), 0.0021810 secs] [Times: user=0.01 sys=0.00, real=0.00 secs] 
1615.383: [GC (Allocation Failure) [PSYoungGen: 65408K->1344K(65536K)] 476384K->412320K(658944K), 0.0031528 secs] [Times: user=0.01 sys=0.00, real=0.00 secs] 
1615.865: [GC (Allocation Failure) [PSYoungGen: 65344K->1408K(66048K)] 476320K->412384K(659456K), 0.0025638 secs] [Times: user=0.01 sys=0.00, real=0.00 secs] 
1616.432: [GC (Allocation Failure) [PSYoungGen: 65408K->1376K(66048K)] 476384K->412352K(659456K), 0.0026305 secs] [Times: user=0.01 sys=0.00, real=0.01 secs] 
1617.018: [GC (Allocation Failure) [PSYoungGen: 65365K->320K(65536K)] 476341K->411296K(658944K), 0.0030573 secs] [Times: user=0.01 sys=0.00, real=0.00 secs] 
1618.563: [GC (Allocation Failure) [PSYoungGen: 63808K->1408K(66048K)] 474784K->412384K(659456K), 0.0052410 secs] [Times: user=0.02 sys=0.00, real=0.00 secs] 
1619.297: [GC (Allocation Failure) [PSYoungGen: 64896K->1376K(66048K)] 475872K->412360K(659456K), 0.0032781 secs] [Times: user=0.02 sys=0.00, real=0.00 secs] 
1620.026: [GC (Allocation Failure) [PSYoungGen: 64864K->1408K(66048K)] 475848K->412392K(659456K), 0.0033652 secs] [Times: user=0.02 sys=0.00, real=0.00 secs] 
1620.700: [GC (Allocation Failure) [PSYoungGen: 64896K->1344K(65024K)] 475880K->412328K(658432K), 0.0023831 secs] [Times: user=0.01 sys=0.00, real=0.01 secs] 
1621.892: [GC (Allocation Failure) [PSYoungGen: 64832K->1392K(65536K)] 475816K->412376K(658944K), 0.0019911 secs] [Times: user=0.00 sys=0.01, real=0.00 secs] 
1622.347: [GC (Allocation Failure) [PSYoungGen: 64880K->1344K(65536K)] 475864K->412328K(658944K), 0.0018350 secs] [Times: user=0.01 sys=0.00, real=0.00 secs] 
1622.960: [GC (Allocation Failure) [PSYoungGen: 64832K->1312K(65536K)] 475816K->412304K(658944K), 0.0022998 secs] [Times: user=0.01 sys=0.00, real=0.01 secs] 
1623.473: [GC (Allocation Failure) [PSYoungGen: 64800K->1376K(65536K)] 475792K->412368K(658944K), 0.0020476 secs] [Times: user=0.01 sys=0.00, real=0.00 secs] 
1624.831: [GC (Allocation Failure) [PSYoungGen: 64864K->1632K(65536K)] 475856K->412624K(658944K), 0.0019416 secs] [Times: user=0.01 sys=0.00, real=0.01 secs] 
1625.630: [GC (Allocation Failure) [PSYoungGen: 65120K->1376K(65536K)] 476112K->412368K(658944K), 0.0020810 secs] [Times: user=0.00 sys=0.00, real=0.01 secs] 
1626.342: [GC (Allocation Failure) [PSYoungGen: 64864K->1408K(65536K)] 475856K->412400K(658944K), 0.0020242 secs] [Times: user=0.01 sys=0.00, real=0.00 secs] 
1627.066: [GC (Allocation Failure) [PSYoungGen: 64896K->1328K(65536K)] 475888K->412320K(658944K), 0.0020248 secs] [Times: user=0.01 sys=0.00, real=0.00 secs] 
1627.520: [GC (Allocation Failure) [PSYoungGen: 64816K->1408K(65536K)] 475808K->412400K(658944K), 0.0020043 secs] [Times: user=0.00 sys=0.00, real=0.01 secs] 
1628.989: [GC (Allocation Failure) [PSYoungGen: 64896K->1408K(65536K)] 475888K->412400K(658944K), 0.0034481 secs] [Times: user=0.02 sys=0.00, real=0.01 secs] 
1629.651: [GC (Allocation Failure) [PSYoungGen: 64896K->1376K(65536K)] 475888K->412368K(658944K), 0.0029413 secs] [Times: user=0.02 sys=0.00, real=0.01 secs] 
1630.284: [GC (Allocation Failure) [PSYoungGen: 64864K->1376K(65536K)] 475856K->412368K(658944K), 0.0027279 secs] [Times: user=0.01 sys=0.00, real=0.00 secs] 
1631.156: [GC (Allocation Failure) [PSYoungGen: 64864K->1408K(65536K)] 475856K->412400K(658944K), 0.0028406 secs] [Times: user=0.01 sys=0.00, real=0.00 secs] 
1632.908: [GC (Allocation Failure) [PSYoungGen: 64896K->1968K(65536K)] 475888K->412960K(658944K), 0.0032709 secs] [Times: user=0.01 sys=0.00, real=0.00 secs] 
1634.027: [GC (Allocation Failure) [PSYoungGen: 65456K->1344K(65536K)] 476448K->412336K(658944K), 0.0047786 secs] [Times: user=0.02 sys=0.00, real=0.00 secs] 
1635.083: [GC (Allocation Failure) [PSYoungGen: 64832K->1344K(65536K)] 475824K->412344K(658944K), 0.0032901 secs] [Times: user=0.02 sys=0.00, real=0.00 secs] 
1635.822: [GC (Allocation Failure) [PSYoungGen: 64832K->1376K(65536K)] 475832K->412376K(658944K), 0.0028807 secs] [Times: user=0.01 sys=0.00, real=0.00 secs] 
1636.539: [GC (Allocation Failure) [PSYoungGen: 64864K->1344K(65536K)] 475864K->412344K(658944K), 0.0051173 secs] [Times: user=0.02 sys=0.00, real=0.01 secs] 
1637.988: [GC (Allocation Failure) [PSYoungGen: 64832K->1472K(65536K)] 475832K->412472K(658944K), 0.0023123 secs] [Times: user=0.01 sys=0.01, real=0.00 secs] 
1638.498: [GC (Allocation Failure) [PSYoungGen: 64960K->1376K(65536K)] 475960K->412376K(658944K), 0.0023659 secs] [Times: user=0.01 sys=0.00, real=0.00 secs] 
1638.762: [GC (Allocation Failure) [PSYoungGen: 64864K->1376K(65536K)] 475864K->412376K(658944K), 0.0018850 secs] [Times: user=0.01 sys=0.00, real=0.00 secs] 
1639.026: [GC (Allocation Failure) [PSYoungGen: 64864K->1376K(65536K)] 475864K->412376K(658944K), 0.0018745 secs] [Times: user=0.01 sys=0.00, real=0.00 secs] 
1639.970: [GC (Allocation Failure) [PSYoungGen: 64864K->1408K(65536K)] 475864K->412416K(658944K), 0.0015814 secs] [Times: user=0.01 sys=0.00, real=0.00 secs] 
1640.233: [GC (Allocation Failure) [PSYoungGen: 64896K->1408K(65536K)] 475904K->412416K(658944K), 0.0017443 secs] [Times: user=0.01 sys=0.00, real=0.00 secs] 
1640.507: [GC (Allocation Failure) [PSYoungGen: 64896K->1392K(65536K)] 475904K->412400K(658944K), 0.0016624 secs] [Times: user=0.00 sys=0.00, real=0.00 secs] 
1640.980: [GC (Allocation Failure) [PSYoungGen: 64880K->1408K(65536K)] 475888K->412416K(658944K), 0.0016208 secs] [Times: user=0.00 sys=0.00, real=0.00 secs] 
1641.415: [GC (Allocation Failure) [PSYoungGen: 64896K->1344K(65536K)] 475904K->412352K(658944K), 0.0017528 secs] [Times: user=0.01 sys=0.00, real=0.00 secs] 
1643.237: [GC (Allocation Failure) [PSYoungGen: 64832K->1440K(65536K)] 475840K->412448K(658944K), 0.0034234 secs] [Times: user=0.01 sys=0.00, real=0.00 secs] 
1643.815: [GC (Allocation Failure) [PSYoungGen: 64928K->1424K(65536K)] 475936K->412440K(658944K), 0.0034351 secs] [Times: user=0.01 sys=0.01, real=0.00 secs] 
1644.378: [GC (Allocation Failure) [PSYoungGen: 64912K->1408K(65536K)] 475928K->412424K(658944K), 0.0031402 secs] [Times: user=0.02 sys=0.00, real=0.00 secs] 
1644.683: [GC (Allocation Failure) [PSYoungGen: 64896K->1440K(65536K)] 475912K->412456K(658944K), 0.0019700 secs] [Times: user=0.01 sys=0.00, real=0.00 secs] 
1645.825: [GC (Allocation Failure) [PSYoungGen: 64928K->1408K(65536K)] 475944K->412424K(658944K), 0.0025932 secs] [Times: user=0.01 sys=0.00, real=0.00 secs] 
1646.357: [GC (Allocation Failure) [PSYoungGen: 64896K->1408K(65024K)] 475912K->412424K(658432K), 0.0043358 secs] [Times: user=0.02 sys=0.01, real=0.01 secs] 
1646.881: [GC (Allocation Failure) [PSYoungGen: 64896K->1376K(65024K)] 475912K->412392K(658432K), 0.0034056 secs] [Times: user=0.02 sys=0.00, real=0.01 secs] 
1647.386: [GC (Allocation Failure) [PSYoungGen: 64864K->1408K(65024K)] 475880K->412424K(658432K), 0.0022469 secs] [Times: user=0.01 sys=0.00, real=0.00 secs] 
1647.649: [GC (Allocation Failure) [PSYoungGen: 64896K->1408K(65024K)] 475912K->412424K(658432K), 0.0020088 secs] [Times: user=0.01 sys=0.00, real=0.00 secs] 
1648.663: [GC (Allocation Failure) [PSYoungGen: 64896K->1472K(65024K)] 475912K->412488K(658432K), 0.0018703 secs] [Times: user=0.01 sys=0.00, real=0.00 secs] 
1649.460: [GC (Allocation Failure) [PSYoungGen: 64960K->1376K(65024K)] 475976K->412400K(658432K), 0.0041643 secs] [Times: user=0.02 sys=0.00, real=0.01 secs] 
1650.185: [GC (Allocation Failure) [PSYoungGen: 64864K->1440K(65024K)] 475888K->412464K(658432K), 0.0034751 secs] [Times: user=0.01 sys=0.00, real=0.00 secs] 
1650.965: [GC (Allocation Failure) [PSYoungGen: 64928K->1408K(65024K)] 475952K->412432K(658432K), 0.0033006 secs] [Times: user=0.01 sys=0.00, real=0.00 secs] 
1652.470: [GC (Allocation Failure) [PSYoungGen: 64896K->1408K(65024K)] 475920K->412432K(658432K), 0.0017877 secs] [Times: user=0.01 sys=0.00, real=0.00 secs] 
1653.070: [GC (Allocation Failure) [PSYoungGen: 64896K->1408K(65024K)] 475920K->412440K(658432K), 0.0021773 secs] [Times: user=0.01 sys=0.00, real=0.01 secs] 
1653.729: [GC (Allocation Failure) [PSYoungGen: 64896K->1328K(65024K)] 475928K->412360K(658432K), 0.0023473 secs] [Times: user=0.01 sys=0.00, real=0.00 secs] 
1654.245: [GC (Allocation Failure) [PSYoungGen: 64816K->1408K(65024K)] 475848K->412440K(658432K), 0.0021849 secs] [Times: user=0.01 sys=0.00, real=0.00 secs] 
1655.574: [GC (Allocation Failure) [PSYoungGen: 64675K->224K(65024K)] 475707K->411256K(658432K), 0.0015736 secs] [Times: user=0.01 sys=0.00, real=0.00 secs] 
1656.512: [GC (Allocation Failure) [PSYoungGen: 63712K->1344K(65536K)] 474744K->412376K(658944K), 0.0040224 secs] [Times: user=0.02 sys=0.00, real=0.00 secs] 
1657.001: [GC (Allocation Failure) [PSYoungGen: 64832K->1376K(65536K)] 475864K->412408K(658944K), 0.0023819 secs] [Times: user=0.00 sys=0.00, real=0.01 secs] 
1657.266: [GC (Allocation Failure) [PSYoungGen: 64864K->1408K(65536K)] 475896K->412440K(658944K), 0.0020322 secs] [Times: user=0.01 sys=0.00, real=0.00 secs] 
1657.529: [GC (Allocation Failure) [PSYoungGen: 64896K->1408K(65536K)] 475928K->412440K(658944K), 0.0019641 secs] [Times: user=0.01 sys=0.00, real=0.00 secs] 
1658.777: [GC (Allocation Failure) [PSYoungGen: 64896K->1440K(65536K)] 475928K->412472K(658944K), 0.0021426 secs] [Times: user=0.01 sys=0.00, real=0.00 secs] 
1659.679: [GC (Allocation Failure) [PSYoungGen: 64928K->1376K(65536K)] 475960K->412408K(658944K), 0.0041153 secs] [Times: user=0.02 sys=0.00, real=0.01 secs] 
1660.498: [GC (Allocation Failure) [PSYoungGen: 64864K->1408K(65536K)] 475896K->412440K(658944K), 0.0033428 secs] [Times: user=0.01 sys=0.00, real=0.00 secs] 
1661.048: [GC (Allocation Failure) [PSYoungGen: 64896K->1376K(65536K)] 475928K->412408K(658944K), 0.0033737 secs] [Times: user=0.02 sys=0.00, real=0.00 secs] 
1662.116: [GC (Allocation Failure) [PSYoungGen: 64864K->1920K(65536K)] 475896K->412952K(658944K), 0.0017686 secs] [Times: user=0.00 sys=0.00, real=0.00 secs] 
1662.773: [GC (Allocation Failure) [PSYoungGen: 65408K->1376K(65536K)] 476440K->412408K(658944K), 0.0021549 secs] [Times: user=0.01 sys=0.00, real=0.00 secs] 
1663.374: [GC (Allocation Failure) [PSYoungGen: 64864K->1376K(65536K)] 475896K->412424K(658944K), 0.0021959 secs] [Times: user=0.01 sys=0.00, real=0.00 secs] 
1663.849: [GC (Allocation Failure) [PSYoungGen: 64864K->1376K(65536K)] 475912K->412424K(658944K), 0.0019676 secs] [Times: user=0.01 sys=0.00, real=0.00 secs] 
1664.326: [GC (Allocation Failure) [PSYoungGen: 64864K->1408K(65536K)] 475912K->412456K(658944K), 0.0019870 secs] [Times: user=0.00 sys=0.00, real=0.00 secs] 
1667.472: [GC (Allocation Failure) [PSYoungGen: 64896K->1440K(65536K)] 475944K->412488K(658944K), 0.0021079 secs] [Times: user=0.01 sys=0.00, real=0.01 secs] 
1668.049: [GC (Allocation Failure) [PSYoungGen: 64928K->1360K(65536K)] 475976K->412408K(658944K), 0.0042793 secs] [Times: user=0.01 sys=0.00, real=0.01 secs] 
1668.721: [GC (Allocation Failure) [PSYoungGen: 64848K->1440K(65536K)] 475896K->412488K(658944K), 0.0033086 secs] [Times: user=0.01 sys=0.00, real=0.01 secs] 
1669.404: [GC (Allocation Failure) [PSYoungGen: 64928K->1424K(65536K)] 475976K->412472K(658944K), 0.0034907 secs] [Times: user=0.01 sys=0.00, real=0.00 secs] 
1670.657: [GC (Allocation Failure) [PSYoungGen: 64912K->1392K(65536K)] 475960K->412440K(658944K), 0.0017456 secs] [Times: user=0.00 sys=0.00, real=0.00 secs] 
1671.312: [GC (Allocation Failure) [PSYoungGen: 64880K->1392K(65536K)] 475928K->412440K(658944K), 0.0049216 secs] [Times: user=0.02 sys=0.00, real=0.00 secs] 
1671.812: [GC (Allocation Failure) [PSYoungGen: 64880K->1408K(65536K)] 475928K->412464K(658944K), 0.0030073 secs] [Times: user=0.01 sys=0.00, real=0.00 secs] 
1672.360: [GC (Allocation Failure) [PSYoungGen: 64896K->1376K(65536K)] 475952K->412432K(658944K), 0.0033421 secs] [Times: user=0.02 sys=0.00, real=0.01 secs] 
1673.002: [GC (Allocation Failure) [PSYoungGen: 64864K->1376K(65536K)] 475920K->412432K(658944K), 0.0029231 secs] [Times: user=0.01 sys=0.00, real=0.00 secs] 
1674.196: [GC (Allocation Failure) [PSYoungGen: 64864K->1408K(65536K)] 475920K->412464K(658944K), 0.0030098 secs] [Times: user=0.02 sys=0.00, real=0.00 secs] 
1674.460: [GC (Allocation Failure) [PSYoungGen: 64896K->1376K(65024K)] 475952K->412440K(658432K), 0.0020979 secs] [Times: user=0.01 sys=0.00, real=0.01 secs] 
1674.724: [GC (Allocation Failure) [PSYoungGen: 64864K->1344K(65024K)] 475928K->412408K(658432K), 0.0019212 secs] [Times: user=0.01 sys=0.00, real=0.00 secs] 
1674.987: [GC (Allocation Failure) [PSYoungGen: 64832K->1408K(65024K)] 475896K->412472K(658432K), 0.0019138 secs] [Times: user=0.01 sys=0.00, real=0.00 secs] 
1676.285: [GC (Allocation Failure) [PSYoungGen: 64896K->1376K(65024K)] 475960K->412440K(658432K), 0.0025350 secs] [Times: user=0.01 sys=0.00, real=0.00 secs] 
1677.090: [GC (Allocation Failure) [PSYoungGen: 64864K->1408K(65024K)] 475928K->412472K(658432K), 0.0025282 secs] [Times: user=0.02 sys=0.00, real=0.01 secs] 
1677.767: [GC (Allocation Failure) [PSYoungGen: 64896K->1408K(65024K)] 475960K->412472K(658432K), 0.0028755 secs] [Times: user=0.02 sys=0.00, real=0.00 secs] 
1678.373: [GC (Allocation Failure) [PSYoungGen: 64896K->1344K(65024K)] 475960K->412408K(658432K), 0.0024495 secs] [Times: user=0.01 sys=0.00, real=0.00 secs] 
1679.018: [GC (Allocation Failure) [PSYoungGen: 64832K->1344K(65024K)] 475896K->412408K(658432K), 0.0024556 secs] [Times: user=0.01 sys=0.00, real=0.00 secs] 
1680.502: [GC (Allocation Failure) [PSYoungGen: 64832K->1376K(65024K)] 475896K->412440K(658432K), 0.0018945 secs] [Times: user=0.00 sys=0.00, real=0.00 secs] 
1680.766: [GC (Allocation Failure) [PSYoungGen: 64864K->1408K(65024K)] 475928K->412472K(658432K), 0.0019011 secs] [Times: user=0.01 sys=0.00, real=0.00 secs] 
1681.030: [GC (Allocation Failure) [PSYoungGen: 64896K->1376K(65024K)] 475960K->412464K(658432K), 0.0024754 secs] [Times: user=0.01 sys=0.00, real=0.01 secs] 
1681.294: [GC (Allocation Failure) [PSYoungGen: 64864K->1376K(65024K)] 475952K->412464K(658432K), 0.0019420 secs] [Times: user=0.01 sys=0.00, real=0.00 secs] 
1682.627: [GC (Allocation Failure) [PSYoungGen: 64864K->1440K(65024K)] 475952K->412528K(658432K), 0.0018727 secs] [Times: user=0.00 sys=0.00, real=0.00 secs] 
1683.274: [GC (Allocation Failure) [PSYoungGen: 64928K->1344K(65024K)] 476016K->412432K(658432K), 0.0022362 secs] [Times: user=0.01 sys=0.00, real=0.00 secs] 
1683.905: [GC (Allocation Failure) [PSYoungGen: 64832K->1424K(65024K)] 475920K->412512K(658432K), 0.0024395 secs] [Times: user=0.01 sys=0.00, real=0.00 secs] 
1684.611: [GC (Allocation Failure) [PSYoungGen: 64912K->1440K(65024K)] 476000K->412528K(658432K), 0.0032337 secs] [Times: user=0.01 sys=0.00, real=0.01 secs] 
1685.243: [GC (Allocation Failure) [PSYoungGen: 64922K->288K(65024K)] 476010K->411376K(658432K), 0.0027527 secs] [Times: user=0.01 sys=0.00, real=0.00 secs] 
1686.272: [GC (Allocation Failure) [PSYoungGen: 63776K->1440K(65536K)] 474864K->412528K(658944K), 0.0017579 secs] [Times: user=0.01 sys=0.00, real=0.00 secs] 
1686.536: [GC (Allocation Failure) [PSYoungGen: 64928K->1376K(65536K)] 476016K->412464K(658944K), 0.0026282 secs] [Times: user=0.01 sys=0.00, real=0.00 secs] 
1686.803: [GC (Allocation Failure) [PSYoungGen: 64864K->1376K(65536K)] 475952K->412464K(658944K), 0.0021095 secs] [Times: user=0.00 sys=0.00, real=0.00 secs] 
1687.067: [GC (Allocation Failure) [PSYoungGen: 64864K->1344K(65536K)] 475952K->412432K(658944K), 0.0020196 secs] [Times: user=0.01 sys=0.00, real=0.00 secs] 
1688.316: [GC (Allocation Failure) [PSYoungGen: 64832K->1456K(65536K)] 475920K->412544K(658944K), 0.0022082 secs] [Times: user=0.01 sys=0.00, real=0.00 secs] 
1688.908: [GC (Allocation Failure) [PSYoungGen: 64944K->1376K(65536K)] 476032K->412464K(658944K), 0.0028196 secs] [Times: user=0.01 sys=0.00, real=0.00 secs] 
1689.485: [GC (Allocation Failure) [PSYoungGen: 64864K->1408K(65536K)] 475952K->412496K(658944K), 0.0028476 secs] [Times: user=0.01 sys=0.00, real=0.00 secs] 
1690.146: [GC (Allocation Failure) [PSYoungGen: 64896K->1408K(65536K)] 475984K->412496K(658944K), 0.0026246 secs] [Times: user=0.01 sys=0.00, real=0.00 secs] 
1691.444: [GC (Allocation Failure) [PSYoungGen: 64896K->1648K(65536K)] 475984K->412736K(658944K), 0.0015086 secs] [Times: user=0.01 sys=0.00, real=0.00 secs] 
1691.998: [GC (Allocation Failure) [PSYoungGen: 65136K->1408K(65536K)] 476224K->412504K(658944K), 0.0019073 secs] [Times: user=0.01 sys=0.00, real=0.00 secs] 
1692.531: [GC (Allocation Failure) [PSYoungGen: 64896K->1408K(65536K)] 475992K->412512K(658944K), 0.0023078 secs] [Times: user=0.01 sys=0.00, real=0.01 secs] 
1692.838: [GC (Allocation Failure) [PSYoungGen: 64896K->1344K(65536K)] 476000K->412448K(658944K), 0.0020841 secs] [Times: user=0.01 sys=0.00, real=0.00 secs] 
1693.102: [GC (Allocation Failure) [PSYoungGen: 64832K->1408K(65536K)] 475936K->412520K(658944K), 0.0019274 secs] [Times: user=0.01 sys=0.00, real=0.00 secs] 
1694.131: [GC (Allocation Failure) [PSYoungGen: 64896K->1392K(65536K)] 476008K->412504K(658944K), 0.0018322 secs] [Times: user=0.00 sys=0.01, real=0.01 secs] 
1694.425: [GC (Allocation Failure) [PSYoungGen: 64880K->1344K(65536K)] 475992K->412456K(658944K), 0.0023075 secs] [Times: user=0.01 sys=0.00, real=0.00 secs] 
1694.690: [GC (Allocation Failure) [PSYoungGen: 64832K->1344K(65536K)] 475944K->412456K(658944K), 0.0020283 secs] [Times: user=0.01 sys=0.00, real=0.01 secs] 
1694.963: [GC (Allocation Failure) [PSYoungGen: 64832K->1408K(65536K)] 475944K->412520K(658944K), 0.0020388 secs] [Times: user=0.01 sys=0.01, real=0.00 secs] 
1695.932: [GC (Allocation Failure) [PSYoungGen: 64896K->1408K(65536K)] 476008K->412520K(658944K), 0.0017203 secs] [Times: user=0.01 sys=0.00, real=0.00 secs] 
1696.210: [GC (Allocation Failure) [PSYoungGen: 64896K->1376K(65536K)] 476008K->412488K(658944K), 0.0018522 secs] [Times: user=0.01 sys=0.00, real=0.00 secs] 
1696.473: [GC (Allocation Failure) [PSYoungGen: 64864K->1408K(65536K)] 475976K->412520K(658944K), 0.0017541 secs] [Times: user=0.01 sys=0.01, real=0.00 secs] 
1696.784: [GC (Allocation Failure) [PSYoungGen: 64896K->1376K(65024K)] 476008K->412488K(658432K), 0.0017980 secs] [Times: user=0.01 sys=0.00, real=0.00 secs] 
1697.056: [GC (Allocation Failure) [PSYoungGen: 64864K->1376K(65024K)] 475976K->412504K(658432K), 0.0018371 secs] [Times: user=0.01 sys=0.00, real=0.00 secs] 
1698.537: [GC (Allocation Failure) [PSYoungGen: 64864K->416K(64512K)] 475992K->412568K(657920K), 0.0036080 secs] [Times: user=0.02 sys=0.00, real=0.00 secs] 
1699.372: [GC (Allocation Failure) [PSYoungGen: 63904K->352K(65536K)] 476056K->412520K(658944K), 0.0033974 secs] [Times: user=0.01 sys=0.00, real=0.00 secs] 
1700.208: [GC (Allocation Failure) [PSYoungGen: 63840K->352K(65536K)] 476008K->412520K(658944K), 0.0056190 secs] [Times: user=0.02 sys=0.00, real=0.01 secs] 
1700.807: [GC (Allocation Failure) [PSYoungGen: 63840K->384K(65536K)] 476008K->412552K(658944K), 0.0028115 secs] [Times: user=0.01 sys=0.01, real=0.00 secs] 
1702.443: [GC (Allocation Failure) [PSYoungGen: 63872K->1408K(65536K)] 476040K->413576K(658944K), 0.0042771 secs] [Times: user=0.02 sys=0.00, real=0.00 secs] 
1703.591: [GC (Allocation Failure) [PSYoungGen: 64896K->1376K(65536K)] 477064K->413544K(658944K), 0.0051708 secs] [Times: user=0.02 sys=0.00, real=0.01 secs] 
1704.309: [GC (Allocation Failure) [PSYoungGen: 64864K->1408K(65536K)] 477032K->413576K(658944K), 0.0027285 secs] [Times: user=0.01 sys=0.00, real=0.00 secs] 
1704.794: [GC (Allocation Failure) [PSYoungGen: 64896K->1408K(65536K)] 477064K->413576K(658944K), 0.0022592 secs] [Times: user=0.01 sys=0.00, real=0.00 secs] 
1705.508: [GC (Allocation Failure) [PSYoungGen: 64896K->1376K(65536K)] 477064K->413544K(658944K), 0.0024071 secs] [Times: user=0.01 sys=0.00, real=0.00 secs] 
1707.451: [GC (Allocation Failure) [PSYoungGen: 64864K->1408K(65536K)] 477032K->413576K(658944K), 0.0053749 secs] [Times: user=0.03 sys=0.00, real=0.01 secs] 
1708.259: [GC (Allocation Failure) [PSYoungGen: 64896K->1408K(65536K)] 477064K->413576K(658944K), 0.0040648 secs] [Times: user=0.02 sys=0.00, real=0.01 secs] 
1709.065: [GC (Allocation Failure) [PSYoungGen: 64896K->1408K(65536K)] 477064K->413576K(658944K), 0.0033792 secs] [Times: user=0.02 sys=0.00, real=0.00 secs] 
1709.500: [GC (Allocation Failure) [PSYoungGen: 64896K->1408K(65536K)] 477064K->413576K(658944K), 0.0022332 secs] [Times: user=0.01 sys=0.00, real=0.01 secs] 
1710.738: [GC (Allocation Failure) [PSYoungGen: 64896K->1424K(65536K)] 477064K->413592K(658944K), 0.0019442 secs] [Times: user=0.01 sys=0.00, real=0.00 secs] 
1711.314: [GC (Allocation Failure) [PSYoungGen: 64912K->1344K(65536K)] 477080K->413512K(658944K), 0.0018839 secs] [Times: user=0.01 sys=0.00, real=0.00 secs] 
1711.789: [GC (Allocation Failure) [PSYoungGen: 64832K->1344K(65536K)] 477000K->413512K(658944K), 0.0043464 secs] [Times: user=0.02 sys=0.01, real=0.01 secs] 
1712.232: [GC (Allocation Failure) [PSYoungGen: 64832K->1344K(65536K)] 477000K->413512K(658944K), 0.0019701 secs] [Times: user=0.00 sys=0.00, real=0.01 secs] 
1712.668: [GC (Allocation Failure) [PSYoungGen: 64832K->1408K(65536K)] 477000K->413576K(658944K), 0.0020118 secs] [Times: user=0.01 sys=0.00, real=0.00 secs] 
1715.167: [GC (Allocation Failure) [PSYoungGen: 64896K->1376K(65536K)] 477064K->413544K(658944K), 0.0032688 secs] [Times: user=0.02 sys=0.00, real=0.00 secs] 
1716.047: [GC (Allocation Failure) [PSYoungGen: 64864K->1344K(65536K)] 477032K->413520K(658944K), 0.0029093 secs] [Times: user=0.01 sys=0.00, real=0.00 secs] 
1716.974: [GC (Allocation Failure) [PSYoungGen: 64832K->1408K(65536K)] 477008K->413584K(658944K), 0.0029350 secs] [Times: user=0.01 sys=0.01, real=0.00 secs] 
1717.872: [GC (Allocation Failure) [PSYoungGen: 64896K->1376K(65536K)] 477072K->413552K(658944K), 0.0030460 secs] [Times: user=0.01 sys=0.00, real=0.00 secs] 
1719.204: [GC (Allocation Failure) [PSYoungGen: 64864K->1440K(65536K)] 477040K->413616K(658944K), 0.0019141 secs] [Times: user=0.01 sys=0.00, real=0.00 secs] 
1720.027: [GC (Allocation Failure) [PSYoungGen: 64928K->1408K(65536K)] 477104K->413584K(658944K), 0.0046881 secs] [Times: user=0.02 sys=0.00, real=0.00 secs] 
1720.709: [GC (Allocation Failure) [PSYoungGen: 64896K->1376K(65536K)] 477072K->413552K(658944K), 0.0029561 secs] [Times: user=0.01 sys=0.00, real=0.01 secs] 
1721.230: [GC (Allocation Failure) [PSYoungGen: 64864K->1440K(65536K)] 477040K->413616K(658944K), 0.0024220 secs] [Times: user=0.01 sys=0.00, real=0.01 secs] 
1722.544: [GC (Allocation Failure) [PSYoungGen: 64928K->1440K(65536K)] 477104K->413616K(658944K), 0.0018069 secs] [Times: user=0.01 sys=0.00, real=0.00 secs] 
1722.809: [GC (Allocation Failure) [PSYoungGen: 64928K->1440K(65536K)] 477104K->413616K(658944K), 0.0024545 secs] [Times: user=0.01 sys=0.00, real=0.01 secs] 
1723.068: [GC (Allocation Failure) [PSYoungGen: 64928K->1376K(65536K)] 477104K->413552K(658944K), 0.0019929 secs] [Times: user=0.00 sys=0.00, real=0.00 secs] 
1723.332: [GC (Allocation Failure) [PSYoungGen: 64864K->1392K(65536K)] 477040K->413576K(658944K), 0.0019415 secs] [Times: user=0.00 sys=0.00, real=0.00 secs] 
1723.596: [GC (Allocation Failure) [PSYoungGen: 64880K->1376K(65536K)] 477064K->413560K(658944K), 0.0019901 secs] [Times: user=0.01 sys=0.00, real=0.00 secs] 
1724.778: [GC (Allocation Failure) [PSYoungGen: 64864K->1360K(65536K)] 477048K->413544K(658944K), 0.0022177 secs] [Times: user=0.00 sys=0.00, real=0.00 secs] 
1725.429: [GC (Allocation Failure) [PSYoungGen: 64848K->1408K(65536K)] 477032K->413592K(658944K), 0.0025928 secs] [Times: user=0.01 sys=0.00, real=0.01 secs] 
1726.179: [GC (Allocation Failure) [PSYoungGen: 64896K->1376K(65536K)] 477080K->413560K(658944K), 0.0025272 secs] [Times: user=0.01 sys=0.00, real=0.01 secs] 
1726.906: [GC (Allocation Failure) [PSYoungGen: 64864K->1392K(65536K)] 477048K->413576K(658944K), 0.0025083 secs] [Times: user=0.01 sys=0.00, real=0.00 secs] 
1728.260: [GC (Allocation Failure) [PSYoungGen: 64880K->1888K(65536K)] 477064K->414072K(658944K), 0.0017952 secs] [Times: user=0.01 sys=0.00, real=0.00 secs] 
1728.562: [GC (Allocation Failure) [PSYoungGen: 65376K->1408K(65536K)] 477560K->413592K(658944K), 0.0019581 secs] [Times: user=0.01 sys=0.00, real=0.00 secs] 
1728.826: [GC (Allocation Failure) [PSYoungGen: 64896K->1408K(65536K)] 477080K->413592K(658944K), 0.0019203 secs] [Times: user=0.01 sys=0.00, real=0.00 secs] 
1729.090: [GC (Allocation Failure) [PSYoungGen: 64896K->1376K(65536K)] 477080K->413560K(658944K), 0.0016570 secs] [Times: user=0.01 sys=0.00, real=0.01 secs] 
1729.353: [GC (Allocation Failure) [PSYoungGen: 64864K->1344K(65536K)] 477048K->413528K(658944K), 0.0018110 secs] [Times: user=0.01 sys=0.00, real=0.00 secs] 
1730.364: [GC (Allocation Failure) [PSYoungGen: 64832K->1408K(65536K)] 477016K->413608K(658944K), 0.0016272 secs] [Times: user=0.01 sys=0.00, real=0.00 secs] 
1730.641: [GC (Allocation Failure) [PSYoungGen: 64896K->1376K(65536K)] 477096K->413576K(658944K), 0.0019677 secs] [Times: user=0.01 sys=0.00, real=0.01 secs] 
1731.009: [GC (Allocation Failure) [PSYoungGen: 64864K->1408K(65536K)] 477064K->413608K(658944K), 0.0019296 secs] [Times: user=0.01 sys=0.00, real=0.00 secs] 
1731.423: [GC (Allocation Failure) [PSYoungGen: 64896K->1440K(65536K)] 477096K->413640K(658944K), 0.0020034 secs] [Times: user=0.01 sys=0.00, real=0.00 secs] 
1732.872: [GC (Allocation Failure) [PSYoungGen: 64928K->1440K(65536K)] 477128K->413640K(658944K), 0.0022505 secs] [Times: user=0.01 sys=0.00, real=0.00 secs] 
1733.699: [GC (Allocation Failure) [PSYoungGen: 64928K->1408K(65536K)] 477128K->413608K(658944K), 0.0022080 secs] [Times: user=0.01 sys=0.00, real=0.00 secs] 
1734.283: [GC (Allocation Failure) [PSYoungGen: 64896K->1376K(65536K)] 477096K->413576K(658944K), 0.0025060 secs] [Times: user=0.01 sys=0.00, real=0.00 secs] 
1734.974: [GC (Allocation Failure) [PSYoungGen: 64864K->1440K(65536K)] 477064K->413640K(658944K), 0.0024906 secs] [Times: user=0.01 sys=0.00, real=0.00 secs] 
1735.541: [GC (Allocation Failure) [PSYoungGen: 64928K->1376K(65536K)] 477128K->413576K(658944K), 0.0025152 secs] [Times: user=0.01 sys=0.00, real=0.01 secs] 
1737.513: [GC (Allocation Failure) [PSYoungGen: 64864K->1472K(65536K)] 477064K->413672K(658944K), 0.0031784 secs] [Times: user=0.01 sys=0.00, real=0.00 secs] 
1738.029: [GC (Allocation Failure) [PSYoungGen: 64960K->1360K(65536K)] 477160K->413560K(658944K), 0.0028525 secs] [Times: user=0.01 sys=0.00, real=0.00 secs] 
1738.571: [GC (Allocation Failure) [PSYoungGen: 64848K->1360K(65536K)] 477048K->413560K(658944K), 0.0026771 secs] [Times: user=0.01 sys=0.00, real=0.01 secs] 
1738.960: [GC (Allocation Failure) [PSYoungGen: 64848K->1376K(65024K)] 477048K->413576K(658432K), 0.0020014 secs] [Times: user=0.00 sys=0.00, real=0.01 secs] 
1740.066: [GC (Allocation Failure) [PSYoungGen: 64864K->1472K(65024K)] 477064K->413672K(658432K), 0.0018056 secs] [Times: user=0.00 sys=0.00, real=0.00 secs] 
1740.491: [GC (Allocation Failure) [PSYoungGen: 64960K->1408K(65024K)] 477160K->413608K(658432K), 0.0018123 secs] [Times: user=0.01 sys=0.00, real=0.01 secs] 
1741.001: [GC (Allocation Failure) [PSYoungGen: 64896K->1328K(65024K)] 477096K->413528K(658432K), 0.0025187 secs] [Times: user=0.01 sys=0.00, real=0.01 secs] 
1741.536: [GC (Allocation Failure) [PSYoungGen: 64816K->320K(64512K)] 477016K->413544K(657920K), 0.0024568 secs] [Times: user=0.01 sys=0.00, real=0.00 secs] 
1742.045: [GC (Allocation Failure) [PSYoungGen: 63808K->352K(65536K)] 477032K->413576K(658944K), 0.0039692 secs] [Times: user=0.01 sys=0.00, real=0.00 secs] 
1743.371: [GC (Allocation Failure) [PSYoungGen: 63840K->1440K(65536K)] 477064K->414672K(658944K), 0.0018803 secs] [Times: user=0.00 sys=0.00, real=0.01 secs] 
1743.940: [GC (Allocation Failure) [PSYoungGen: 64928K->1376K(65536K)] 478160K->414608K(658944K), 0.0021668 secs] [Times: user=0.01 sys=0.00, real=0.01 secs] 
1744.253: [GC (Allocation Failure) [PSYoungGen: 64864K->1344K(65536K)] 478096K->414576K(658944K), 0.0020248 secs] [Times: user=0.01 sys=0.00, real=0.00 secs] 
1744.518: [GC (Allocation Failure) [PSYoungGen: 64832K->1376K(65536K)] 478064K->414608K(658944K), 0.0019155 secs] [Times: user=0.00 sys=0.00, real=0.00 secs] 
1745.714: [GC (Allocation Failure) [PSYoungGen: 64864K->1440K(65536K)] 478096K->414672K(658944K), 0.0017343 secs] [Times: user=0.01 sys=0.00, real=0.00 secs] 
1746.376: [GC (Allocation Failure) [PSYoungGen: 64928K->1376K(65536K)] 478160K->414608K(658944K), 0.0047439 secs] [Times: user=0.02 sys=0.00, real=0.00 secs] 
1746.704: [GC (Allocation Failure) [PSYoungGen: 64864K->1344K(65536K)] 478096K->414576K(658944K), 0.0019326 secs] [Times: user=0.01 sys=0.00, real=0.00 secs] 
1747.121: [GC (Allocation Failure) [PSYoungGen: 64832K->1344K(65536K)] 478064K->414576K(658944K), 0.0019645 secs] [Times: user=0.00 sys=0.00, real=0.01 secs] 
1748.564: [GC (Allocation Failure) [PSYoungGen: 64832K->160K(65536K)] 478064K->413392K(658944K), 0.0015808 secs] [Times: user=0.01 sys=0.00, real=0.00 secs] 
1749.949: [GC (Allocation Failure) [PSYoungGen: 63648K->1360K(65536K)] 476880K->414592K(658944K), 0.0027605 secs] [Times: user=0.01 sys=0.00, real=0.00 secs] 
1750.208: [GC (Allocation Failure) [PSYoungGen: 64848K->1408K(65536K)] 478080K->414640K(658944K), 0.0019966 secs] [Times: user=0.01 sys=0.00, real=0.00 secs] 
1750.534: [GC (Allocation Failure) [PSYoungGen: 64896K->1344K(65536K)] 478128K->414576K(658944K), 0.0020362 secs] [Times: user=0.01 sys=0.01, real=0.00 secs] 
1750.989: [GC (Allocation Failure) [PSYoungGen: 64832K->1376K(65536K)] 478064K->414608K(658944K), 0.0022741 secs] [Times: user=0.01 sys=0.00, real=0.00 secs] 
1752.657: [GC (Allocation Failure) [PSYoungGen: 64864K->1440K(65536K)] 478096K->414680K(658944K), 0.0023379 secs] [Times: user=0.01 sys=0.00, real=0.00 secs] 
1753.179: [GC (Allocation Failure) [PSYoungGen: 64928K->1296K(65536K)] 478168K->414536K(658944K), 0.0022506 secs] [Times: user=0.01 sys=0.00, real=0.00 secs] 
1753.818: [GC (Allocation Failure) [PSYoungGen: 64784K->1408K(65536K)] 478024K->414656K(658944K), 0.0020634 secs] [Times: user=0.01 sys=0.00, real=0.00 secs] 
1754.619: [GC (Allocation Failure) [PSYoungGen: 64896K->1408K(65536K)] 478144K->414656K(658944K), 0.0021802 secs] [Times: user=0.01 sys=0.00, real=0.01 secs] 
1756.617: [GC (Allocation Failure) [PSYoungGen: 64896K->1664K(65536K)] 478144K->414912K(658944K), 0.0025997 secs] [Times: user=0.01 sys=0.00, real=0.00 secs] 
1757.774: [GC (Allocation Failure) [PSYoungGen: 65152K->1344K(65536K)] 478400K->414592K(658944K), 0.0023172 secs] [Times: user=0.01 sys=0.00, real=0.00 secs] 
1758.337: [GC (Allocation Failure) [PSYoungGen: 64832K->1376K(65536K)] 478080K->414624K(658944K), 0.0022682 secs] [Times: user=0.01 sys=0.00, real=0.00 secs] 
1758.921: [GC (Allocation Failure) [PSYoungGen: 64864K->1376K(65536K)] 478112K->414624K(658944K), 0.0020321 secs] [Times: user=0.01 sys=0.00, real=0.01 secs] 
1759.436: [GC (Allocation Failure) [PSYoungGen: 64864K->1376K(65536K)] 478112K->414624K(658944K), 0.0022966 secs] [Times: user=0.01 sys=0.00, real=0.00 secs] 
1760.421: [GC (Allocation Failure) [PSYoungGen: 64864K->1360K(65536K)] 478112K->414608K(658944K), 0.0018762 secs] [Times: user=0.01 sys=0.00, real=0.01 secs] 
1760.899: [GC (Allocation Failure) [PSYoungGen: 64848K->1344K(65536K)] 478096K->414592K(658944K), 0.0022798 secs] [Times: user=0.01 sys=0.00, real=0.00 secs] 
1761.420: [GC (Allocation Failure) [PSYoungGen: 64832K->1408K(65536K)] 478080K->414656K(658944K), 0.0036782 secs] [Times: user=0.02 sys=0.00, real=0.01 secs] 
1761.954: [GC (Allocation Failure) [PSYoungGen: 64896K->1408K(65536K)] 478144K->414656K(658944K), 0.0025782 secs] [Times: user=0.01 sys=0.01, real=0.00 secs] 
1763.339: [GC (Allocation Failure) [PSYoungGen: 64896K->1408K(65536K)] 478144K->414656K(658944K), 0.0020622 secs] [Times: user=0.00 sys=0.00, real=0.00 secs] 
1764.119: [GC (Allocation Failure) [PSYoungGen: 64896K->1344K(65536K)] 478144K->414592K(658944K), 0.0018532 secs] [Times: user=0.00 sys=0.00, real=0.00 secs] 
1764.929: [GC (Allocation Failure) [PSYoungGen: 64832K->1344K(65536K)] 478080K->414600K(658944K), 0.0044284 secs] [Times: user=0.02 sys=0.00, real=0.01 secs] 
1765.809: [GC (Allocation Failure) [PSYoungGen: 64832K->1344K(65536K)] 478088K->414600K(658944K), 0.0040389 secs] [Times: user=0.02 sys=0.00, real=0.01 secs] 
1766.432: [GC (Allocation Failure) [PSYoungGen: 64832K->1392K(65536K)] 478088K->414648K(658944K), 0.0032695 secs] [Times: user=0.02 sys=0.00, real=0.00 secs] 
1768.682: [GC (Allocation Failure) [PSYoungGen: 64880K->1440K(65536K)] 478136K->414696K(658944K), 0.0041614 secs] [Times: user=0.02 sys=0.00, real=0.00 secs] 
1769.208: [GC (Allocation Failure) [PSYoungGen: 64928K->1344K(65536K)] 478184K->414600K(658944K), 0.0055016 secs] [Times: user=0.03 sys=0.00, real=0.01 secs] 
1769.653: [GC (Allocation Failure) [PSYoungGen: 64832K->1344K(65536K)] 478088K->414600K(658944K), 0.0023460 secs] [Times: user=0.01 sys=0.00, real=0.00 secs] 
1769.940: [GC (Allocation Failure) [PSYoungGen: 64832K->1408K(65536K)] 478088K->414664K(658944K), 0.0020322 secs] [Times: user=0.01 sys=0.00, real=0.01 secs] 
1771.206: [GC (Allocation Failure) [PSYoungGen: 64896K->1440K(65536K)] 478152K->414696K(658944K), 0.0032877 secs] [Times: user=0.02 sys=0.00, real=0.00 secs] 
1771.795: [GC (Allocation Failure) [PSYoungGen: 64928K->1408K(65536K)] 478184K->414672K(658944K), 0.0033164 secs] [Times: user=0.01 sys=0.01, real=0.00 secs] 
1772.158: [GC (Allocation Failure) [PSYoungGen: 64896K->1408K(65536K)] 478160K->414680K(658944K), 0.0019163 secs] [Times: user=0.01 sys=0.00, real=0.00 secs] 
1772.439: [GC (Allocation Failure) [PSYoungGen: 64896K->1408K(65024K)] 478168K->414680K(658432K), 0.0021191 secs] [Times: user=0.01 sys=0.00, real=0.00 secs] 
1772.803: [GC (Allocation Failure) [PSYoungGen: 64896K->1408K(65024K)] 478168K->414688K(658432K), 0.0021987 secs] [Times: user=0.01 sys=0.00, real=0.00 secs] 
1774.002: [GC (Allocation Failure) [PSYoungGen: 64896K->384K(64512K)] 478176K->414688K(657920K), 0.0015971 secs] [Times: user=0.00 sys=0.00, real=0.00 secs] 
1774.553: [GC (Allocation Failure) [PSYoungGen: 63872K->352K(65536K)] 478176K->414656K(658944K), 0.0039312 secs] [Times: user=0.02 sys=0.00, real=0.00 secs] 
1774.835: [GC (Allocation Failure) [PSYoungGen: 63840K->352K(65536K)] 478144K->414656K(658944K), 0.0028399 secs] [Times: user=0.01 sys=0.00, real=0.00 secs] 
1775.097: [GC (Allocation Failure) [PSYoungGen: 63840K->352K(65536K)] 478144K->414656K(658944K), 0.0021998 secs] [Times: user=0.01 sys=0.00, real=0.00 secs] 
1776.250: [GC (Allocation Failure) [PSYoungGen: 63840K->1440K(65536K)] 478144K->415744K(658944K), 0.0017490 secs] [Times: user=0.01 sys=0.00, real=0.01 secs] 
1777.032: [GC (Allocation Failure) [PSYoungGen: 64928K->1408K(65536K)] 479232K->415712K(658944K), 0.0038828 secs] [Times: user=0.01 sys=0.00, real=0.00 secs] 
1777.610: [GC (Allocation Failure) [PSYoungGen: 64896K->1376K(65536K)] 479200K->415680K(658944K), 0.0023065 secs] [Times: user=0.01 sys=0.00, real=0.01 secs] 
1778.132: [GC (Allocation Failure) [PSYoungGen: 64864K->1408K(65536K)] 479168K->415712K(658944K), 0.0026666 secs] [Times: user=0.01 sys=0.00, real=0.00 secs] 
1778.612: [GC (Allocation Failure) [PSYoungGen: 64896K->1376K(65536K)] 479200K->415680K(658944K), 0.0024551 secs] [Times: user=0.01 sys=0.00, real=0.00 secs] 
1779.765: [GC (Allocation Failure) [PSYoungGen: 64864K->1440K(65536K)] 479168K->415744K(658944K), 0.0018873 secs] [Times: user=0.01 sys=0.00, real=0.00 secs] 
1780.059: [GC (Allocation Failure) [PSYoungGen: 64928K->1408K(65536K)] 479232K->415712K(658944K), 0.0017883 secs] [Times: user=0.01 sys=0.00, real=0.00 secs] 
1780.731: [GC (Allocation Failure) [PSYoungGen: 64896K->1440K(65536K)] 479200K->415760K(658944K), 0.0024644 secs] [Times: user=0.01 sys=0.00, real=0.01 secs] 
1781.451: [GC (Allocation Failure) [PSYoungGen: 64928K->1408K(65536K)] 479248K->415728K(658944K), 0.0048519 secs] [Times: user=0.02 sys=0.00, real=0.01 secs] 
1783.346: [GC (Allocation Failure) [PSYoungGen: 64896K->1440K(65536K)] 479216K->415760K(658944K), 0.0040788 secs] [Times: user=0.01 sys=0.00, real=0.00 secs] 
1783.917: [GC (Allocation Failure) [PSYoungGen: 64928K->1392K(65536K)] 479248K->415712K(658944K), 0.0032788 secs] [Times: user=0.01 sys=0.00, real=0.00 secs] 
1784.682: [GC (Allocation Failure) [PSYoungGen: 64880K->1376K(65536K)] 479200K->415696K(658944K), 0.0047164 secs] [Times: user=0.02 sys=0.00, real=0.00 secs] 
1785.439: [GC (Allocation Failure) [PSYoungGen: 64864K->1408K(65536K)] 479184K->415728K(658944K), 0.0040920 secs] [Times: user=0.02 sys=0.00, real=0.01 secs] 
1786.860: [GC (Allocation Failure) [PSYoungGen: 64896K->1536K(65536K)] 479216K->415856K(658944K), 0.0016162 secs] [Times: user=0.00 sys=0.00, real=0.00 secs] 
1787.417: [GC (Allocation Failure) [PSYoungGen: 65024K->1408K(65536K)] 479344K->415728K(658944K), 0.0021929 secs] [Times: user=0.01 sys=0.00, real=0.00 secs] 
1787.964: [GC (Allocation Failure) [PSYoungGen: 64896K->1376K(65536K)] 479216K->415696K(658944K), 0.0021803 secs] [Times: user=0.01 sys=0.00, real=0.00 secs] 
1788.557: [GC (Allocation Failure) [PSYoungGen: 64864K->1376K(65536K)] 479184K->415696K(658944K), 0.0029141 secs] [Times: user=0.01 sys=0.00, real=0.00 secs] 
1789.109: [GC (Allocation Failure) [PSYoungGen: 64864K->1376K(65536K)] 479184K->415696K(658944K), 0.0025612 secs] [Times: user=0.01 sys=0.00, real=0.00 secs] 
1790.319: [GC (Allocation Failure) [PSYoungGen: 64864K->1440K(65536K)] 479184K->415760K(658944K), 0.0017653 secs] [Times: user=0.01 sys=0.00, real=0.00 secs] 
1790.584: [GC (Allocation Failure) [PSYoungGen: 64928K->1424K(65536K)] 479248K->415744K(658944K), 0.0020508 secs] [Times: user=0.00 sys=0.00, real=0.00 secs] 
1790.848: [GC (Allocation Failure) [PSYoungGen: 64912K->1408K(65536K)] 479232K->415744K(658944K), 0.0019274 secs] [Times: user=0.00 sys=0.00, real=0.00 secs] 
1791.245: [GC (Allocation Failure) [PSYoungGen: 64896K->1376K(65536K)] 479232K->415712K(658944K), 0.0018233 secs] [Times: user=0.00 sys=0.00, real=0.00 secs] 
1792.575: [GC (Allocation Failure) [PSYoungGen: 64864K->1472K(65536K)] 479200K->415808K(658944K), 0.0020064 secs] [Times: user=0.00 sys=0.00, real=0.00 secs] 
1793.216: [GC (Allocation Failure) [PSYoungGen: 64960K->1392K(65536K)] 479296K->415736K(658944K), 0.0037158 secs] [Times: user=0.02 sys=0.00, real=0.00 secs] 
1794.017: [GC (Allocation Failure) [PSYoungGen: 64880K->1376K(65536K)] 479224K->415720K(658944K), 0.0033112 secs] [Times: user=0.01 sys=0.00, real=0.00 secs] 
1795.066: [GC (Allocation Failure) [PSYoungGen: 64864K->1408K(65536K)] 479208K->415752K(658944K), 0.0035201 secs] [Times: user=0.02 sys=0.00, real=0.00 secs] 
1795.914: [GC (Allocation Failure) [PSYoungGen: 64896K->1344K(65536K)] 479240K->415688K(658944K), 0.0024382 secs] [Times: user=0.01 sys=0.00, real=0.00 secs] 
1797.296: [GC (Allocation Failure) [PSYoungGen: 64832K->1472K(65536K)] 479176K->415816K(658944K), 0.0018337 secs] [Times: user=0.01 sys=0.00, real=0.00 secs] 
1797.731: [GC (Allocation Failure) [PSYoungGen: 64960K->1376K(65536K)] 479304K->415720K(658944K), 0.0018572 secs] [Times: user=0.00 sys=0.00, real=0.01 secs] 
1798.197: [GC (Allocation Failure) [PSYoungGen: 64864K->1408K(65536K)] 479208K->415752K(658944K), 0.0021020 secs] [Times: user=0.01 sys=0.00, real=0.00 secs] 
1798.781: [GC (Allocation Failure) [PSYoungGen: 64896K->1376K(65536K)] 479240K->415720K(658944K), 0.0022959 secs] [Times: user=0.01 sys=0.00, real=0.01 secs] 
1799.989: [GC (Allocation Failure) [PSYoungGen: 64864K->1376K(65536K)] 479208K->415720K(658944K), 0.0016122 secs] [Times: user=0.00 sys=0.00, real=0.00 secs] 
1800.278: [GC (Allocation Failure) [PSYoungGen: 64864K->1408K(65536K)] 479208K->415752K(658944K), 0.0016626 secs] [Times: user=0.00 sys=0.00, real=0.00 secs] 
1800.879: [GC (Allocation Failure) [PSYoungGen: 64896K->1344K(65536K)] 479240K->415688K(658944K), 0.0034175 secs] [Times: user=0.02 sys=0.00, real=0.01 secs] 
1801.511: [GC (Allocation Failure) [PSYoungGen: 64832K->1440K(65536K)] 479176K->415784K(658944K), 0.0023320 secs] [Times: user=0.01 sys=0.01, real=0.01 secs] 
1802.133: [GC (Allocation Failure) [PSYoungGen: 64928K->1408K(65024K)] 479272K->415752K(658432K), 0.0023274 secs] [Times: user=0.01 sys=0.00, real=0.00 secs] 
1803.209: [GC (Allocation Failure) [PSYoungGen: 64896K->1440K(64512K)] 479240K->415792K(657920K), 0.0017628 secs] [Times: user=0.01 sys=0.00, real=0.00 secs] 
1803.470: [GC (Allocation Failure) [PSYoungGen: 64416K->1408K(64512K)] 478768K->415760K(657920K), 0.0019033 secs] [Times: user=0.01 sys=0.00, real=0.01 secs] 
1803.732: [GC (Allocation Failure) [PSYoungGen: 64384K->1376K(64512K)] 478736K->415728K(657920K), 0.0017328 secs] [Times: user=0.01 sys=0.00, real=0.00 secs] 
1803.993: [GC (Allocation Failure) [PSYoungGen: 64352K->1376K(64512K)] 478704K->415728K(657920K), 0.0017645 secs] [Times: user=0.01 sys=0.00, real=0.00 secs] 
1805.023: [GC (Allocation Failure) [PSYoungGen: 64352K->1408K(64512K)] 478704K->415760K(657920K), 0.0019935 secs] [Times: user=0.01 sys=0.00, real=0.00 secs] 
1805.592: [GC (Allocation Failure) [PSYoungGen: 64384K->1408K(64512K)] 478736K->415760K(657920K), 0.0022871 secs] [Times: user=0.01 sys=0.00, real=0.00 secs] 
1806.368: [GC (Allocation Failure) [PSYoungGen: 64384K->1376K(64512K)] 478736K->415728K(657920K), 0.0028929 secs] [Times: user=0.01 sys=0.00, real=0.00 secs] 
1807.018: [GC (Allocation Failure) [PSYoungGen: 64352K->1408K(64512K)] 478704K->415760K(657920K), 0.0024686 secs] [Times: user=0.01 sys=0.00, real=0.00 secs] 
1807.778: [GC (Allocation Failure) [PSYoungGen: 64384K->1408K(64512K)] 478736K->415760K(657920K), 0.0033299 secs] [Times: user=0.01 sys=0.00, real=0.00 secs] 
1809.479: [GC (Allocation Failure) [PSYoungGen: 64384K->1440K(64512K)] 478736K->415792K(657920K), 0.0032023 secs] [Times: user=0.01 sys=0.00, real=0.01 secs] 
1810.149: [GC (Allocation Failure) [PSYoungGen: 64416K->1408K(64512K)] 478768K->415760K(657920K), 0.0028680 secs] [Times: user=0.01 sys=0.01, real=0.01 secs] 
1810.881: [GC (Allocation Failure) [PSYoungGen: 64384K->1376K(64512K)] 478736K->415728K(657920K), 0.0042373 secs] [Times: user=0.02 sys=0.00, real=0.01 secs] 
1811.652: [GC (Allocation Failure) [PSYoungGen: 64352K->1376K(64512K)] 478704K->415728K(657920K), 0.0041661 secs] [Times: user=0.02 sys=0.00, real=0.00 secs] 
1813.010: [GC (Allocation Failure) [PSYoungGen: 64352K->1440K(64512K)] 478704K->415800K(657920K), 0.0019626 secs] [Times: user=0.00 sys=0.00, real=0.01 secs] 
1813.570: [GC (Allocation Failure) [PSYoungGen: 64416K->1376K(64512K)] 478776K->415744K(657920K), 0.0030156 secs] [Times: user=0.01 sys=0.00, real=0.01 secs] 
1814.133: [GC (Allocation Failure) [PSYoungGen: 64352K->1408K(64512K)] 478720K->415776K(657920K), 0.0033780 secs] [Times: user=0.01 sys=0.00, real=0.00 secs] 
1814.899: [GC (Allocation Failure) [PSYoungGen: 64384K->1376K(64512K)] 478752K->415744K(657920K), 0.0033455 secs] [Times: user=0.01 sys=0.00, real=0.01 secs] 
1815.475: [GC (Allocation Failure) [PSYoungGen: 64352K->1440K(64512K)] 478720K->415808K(657920K), 0.0035108 secs] [Times: user=0.01 sys=0.00, real=0.00 secs] 
1817.518: [GC (Allocation Failure) [PSYoungGen: 64416K->1472K(64512K)] 478784K->415848K(657920K), 0.0034972 secs] [Times: user=0.01 sys=0.00, real=0.00 secs] 
1818.371: [GC (Allocation Failure) [PSYoungGen: 64448K->1408K(64512K)] 478824K->415784K(657920K), 0.0032719 secs] [Times: user=0.02 sys=0.00, real=0.01 secs] 
1819.142: [GC (Allocation Failure) [PSYoungGen: 64384K->1408K(64512K)] 478760K->415784K(657920K), 0.0032639 secs] [Times: user=0.01 sys=0.00, real=0.00 secs] 
1819.886: [GC (Allocation Failure) [PSYoungGen: 64384K->1408K(64512K)] 478760K->415784K(657920K), 0.0037320 secs] [Times: user=0.01 sys=0.00, real=0.00 secs] 
1821.178: [GC (Allocation Failure) [PSYoungGen: 64384K->1440K(64512K)] 478760K->415816K(657920K), 0.0019842 secs] [Times: user=0.00 sys=0.00, real=0.00 secs] 
1821.530: [GC (Allocation Failure) [PSYoungGen: 64416K->1440K(64512K)] 478792K->415816K(657920K), 0.0020779 secs] [Times: user=0.01 sys=0.00, real=0.01 secs] 
1821.808: [GC (Allocation Failure) [PSYoungGen: 64416K->1376K(64512K)] 478792K->415760K(657920K), 0.0020953 secs] [Times: user=0.01 sys=0.00, real=0.00 secs] 
1822.134: [GC (Allocation Failure) [PSYoungGen: 64352K->1440K(64512K)] 478736K->415824K(657920K), 0.0020295 secs] [Times: user=0.01 sys=0.00, real=0.00 secs] 
1822.436: [GC (Allocation Failure) [PSYoungGen: 64416K->1440K(64512K)] 478800K->415824K(657920K), 0.0021608 secs] [Times: user=0.01 sys=0.00, real=0.00 secs] 
1823.433: [GC (Allocation Failure) [PSYoungGen: 64416K->1424K(64512K)] 478800K->415816K(657920K), 0.0015162 secs] [Times: user=0.00 sys=0.00, real=0.00 secs] 
1823.694: [GC (Allocation Failure) [PSYoungGen: 64400K->1408K(64512K)] 478792K->415800K(657920K), 0.0014803 secs] [Times: user=0.00 sys=0.00, real=0.00 secs] 
1823.978: [GC (Allocation Failure) [PSYoungGen: 64384K->1392K(64512K)] 478776K->415784K(657920K), 0.0017492 secs] [Times: user=0.01 sys=0.00, real=0.00 secs] 
1824.246: [GC (Allocation Failure) [PSYoungGen: 64368K->1408K(64512K)] 478760K->415800K(657920K), 0.0017576 secs] [Times: user=0.00 sys=0.00, real=0.00 secs] 
1825.339: [GC (Allocation Failure) [PSYoungGen: 64384K->1440K(64512K)] 478776K->415832K(657920K), 0.0019270 secs] [Times: user=0.01 sys=0.00, real=0.00 secs] 
1826.249: [GC (Allocation Failure) [PSYoungGen: 64416K->1376K(64512K)] 478808K->415768K(657920K), 0.0049647 secs] [Times: user=0.02 sys=0.00, real=0.01 secs] 
1826.991: [GC (Allocation Failure) [PSYoungGen: 64352K->1408K(64512K)] 478744K->415800K(657920K), 0.0032772 secs] [Times: user=0.01 sys=0.00, real=0.01 secs] 
1827.643: [GC (Allocation Failure) [PSYoungGen: 64384K->1408K(64512K)] 478776K->415800K(657920K), 0.0025263 secs] [Times: user=0.01 sys=0.00, real=0.00 secs] 
1828.393: [GC (Allocation Failure) [PSYoungGen: 64384K->1408K(64512K)] 478776K->415800K(657920K), 0.0025216 secs] [Times: user=0.01 sys=0.00, real=0.00 secs] 
1829.785: [GC (Allocation Failure) [PSYoungGen: 64384K->1472K(64512K)] 478776K->415864K(657920K), 0.0033426 secs] [Times: user=0.01 sys=0.00, real=0.00 secs] 
1830.308: [GC (Allocation Failure) [PSYoungGen: 64448K->1376K(64512K)] 478840K->415768K(657920K), 0.0046041 secs] [Times: user=0.02 sys=0.00, real=0.01 secs] 
1830.805: [GC (Allocation Failure) [PSYoungGen: 64352K->1344K(64512K)] 478744K->415752K(657920K), 0.0020555 secs] [Times: user=0.00 sys=0.00, real=0.00 secs] 
1831.291: [GC (Allocation Failure) [PSYoungGen: 64320K->1376K(64512K)] 478728K->415784K(657920K), 0.0021345 secs] [Times: user=0.00 sys=0.00, real=0.01 secs] 
1832.412: [GC (Allocation Failure) [PSYoungGen: 64352K->1440K(64512K)] 478760K->415848K(657920K), 0.0017867 secs] [Times: user=0.00 sys=0.00, real=0.00 secs] 
1832.952: [GC (Allocation Failure) [PSYoungGen: 64416K->1408K(64512K)] 478824K->415816K(657920K), 0.0021230 secs] [Times: user=0.00 sys=0.00, real=0.00 secs] 
1833.493: [GC (Allocation Failure) [PSYoungGen: 64384K->1376K(64512K)] 478792K->415784K(657920K), 0.0020082 secs] [Times: user=0.01 sys=0.00, real=0.00 secs] 
1834.159: [GC (Allocation Failure) [PSYoungGen: 64352K->1408K(64512K)] 478760K->415816K(657920K), 0.0032751 secs] [Times: user=0.02 sys=0.00, real=0.01 secs] 
1834.766: [GC (Allocation Failure) [PSYoungGen: 64374K->288K(64000K)] 478782K->414696K(657408K), 0.0023236 secs] [Times: user=0.01 sys=0.00, real=0.00 secs] 
1836.172: [GC (Allocation Failure) [PSYoungGen: 62752K->1472K(64512K)] 477160K->415880K(657920K), 0.0018973 secs] [Times: user=0.01 sys=0.00, real=0.00 secs] 
1836.599: [GC (Allocation Failure) [PSYoungGen: 63936K->1376K(64512K)] 478344K->415784K(657920K), 0.0017980 secs] [Times: user=0.01 sys=0.00, real=0.00 secs] 
1836.884: [GC (Allocation Failure) [PSYoungGen: 63840K->1376K(64512K)] 478248K->415784K(657920K), 0.0016872 secs] [Times: user=0.00 sys=0.00, real=0.00 secs] 
1837.211: [GC (Allocation Failure) [PSYoungGen: 63840K->1376K(64512K)] 478248K->415784K(657920K), 0.0018726 secs] [Times: user=0.01 sys=0.00, real=0.01 secs] 
1838.417: [GC (Allocation Failure) [PSYoungGen: 63840K->1440K(64512K)] 478248K->415848K(657920K), 0.0018087 secs] [Times: user=0.00 sys=0.00, real=0.00 secs] 
1838.973: [GC (Allocation Failure) [PSYoungGen: 63904K->1408K(64512K)] 478312K->415816K(657920K), 0.0023190 secs] [Times: user=0.01 sys=0.00, real=0.00 secs] 
1839.502: [GC (Allocation Failure) [PSYoungGen: 63872K->1376K(64512K)] 478280K->415784K(657920K), 0.0021927 secs] [Times: user=0.01 sys=0.00, real=0.00 secs] 
1840.018: [GC (Allocation Failure) [PSYoungGen: 63840K->1344K(64512K)] 478248K->415752K(657920K), 0.0022250 secs] [Times: user=0.00 sys=0.00, real=0.00 secs] 
1840.499: [GC (Allocation Failure) [PSYoungGen: 63808K->1360K(64512K)] 478216K->415768K(657920K), 0.0019938 secs] [Times: user=0.00 sys=0.00, real=0.00 secs] 
1841.665: [GC (Allocation Failure) [PSYoungGen: 63824K->1440K(64512K)] 478232K->415864K(657920K), 0.0017256 secs] [Times: user=0.01 sys=0.00, real=0.00 secs] 
1841.925: [GC (Allocation Failure) [PSYoungGen: 63904K->1344K(64512K)] 478328K->415768K(657920K), 0.0018713 secs] [Times: user=0.01 sys=0.00, real=0.00 secs] 
1842.184: [GC (Allocation Failure) [PSYoungGen: 63808K->1376K(64512K)] 478232K->415800K(657920K), 0.0017887 secs] [Times: user=0.01 sys=0.00, real=0.00 secs] 
1842.525: [GC (Allocation Failure) [PSYoungGen: 63840K->1440K(64512K)] 478264K->415864K(657920K), 0.0018726 secs] [Times: user=0.01 sys=0.00, real=0.00 secs] 
1843.878: [GC (Allocation Failure) [PSYoungGen: 63904K->1424K(64512K)] 478328K->415848K(657920K), 0.0034782 secs] [Times: user=0.02 sys=0.00, real=0.00 secs] 
1844.428: [GC (Allocation Failure) [PSYoungGen: 63888K->1376K(64512K)] 478312K->415800K(657920K), 0.0032796 secs] [Times: user=0.01 sys=0.00, real=0.00 secs] 
1844.960: [GC (Allocation Failure) [PSYoungGen: 63840K->1408K(64512K)] 478264K->415832K(657920K), 0.0026573 secs] [Times: user=0.01 sys=0.01, real=0.01 secs] 
1845.319: [GC (Allocation Failure) [PSYoungGen: 63872K->1408K(64512K)] 478296K->415832K(657920K), 0.0021306 secs] [Times: user=0.01 sys=0.00, real=0.00 secs] 
1845.614: [GC (Allocation Failure) [PSYoungGen: 63872K->1408K(64000K)] 478296K->415832K(657408K), 0.0021032 secs] [Times: user=0.01 sys=0.00, real=0.00 secs] 
1847.298: [GC (Allocation Failure) [PSYoungGen: 63872K->1344K(64000K)] 478296K->415768K(657408K), 0.0027784 secs] [Times: user=0.01 sys=0.00, real=0.00 secs] 
1848.058: [GC (Allocation Failure) [PSYoungGen: 63808K->352K(63488K)] 478232K->415816K(656896K), 0.0030985 secs] [Times: user=0.01 sys=0.00, real=0.00 secs] 
1849.566: [GC (Allocation Failure) [PSYoungGen: 62816K->352K(64512K)] 478280K->415816K(657920K), 0.0022281 secs] [Times: user=0.01 sys=0.00, real=0.00 secs] 
1850.082: [GC (Allocation Failure) [PSYoungGen: 62816K->384K(64512K)] 478280K->415848K(657920K), 0.0043384 secs] [Times: user=0.02 sys=0.00, real=0.00 secs] 
1851.395: [GC (Allocation Failure) [PSYoungGen: 62848K->1408K(64512K)] 478312K->416872K(657920K), 0.0018459 secs] [Times: user=0.01 sys=0.00, real=0.00 secs] 
1851.745: [GC (Allocation Failure) [PSYoungGen: 63872K->1376K(64512K)] 479336K->416840K(657920K), 0.0020717 secs] [Times: user=0.00 sys=0.00, real=0.00 secs] 
1852.012: [GC (Allocation Failure) [PSYoungGen: 63840K->1408K(64512K)] 479304K->416880K(657920K), 0.0019567 secs] [Times: user=0.00 sys=0.00, real=0.00 secs] 
1852.670: [GC (Allocation Failure) [PSYoungGen: 63872K->1408K(64512K)] 479344K->416880K(657920K), 0.0033250 secs] [Times: user=0.01 sys=0.01, real=0.01 secs] 
1853.530: [GC (Allocation Failure) [PSYoungGen: 63872K->1376K(64512K)] 479344K->416848K(657920K), 0.0050424 secs] [Times: user=0.02 sys=0.00, real=0.01 secs] 
1854.698: [GC (Allocation Failure) [PSYoungGen: 63840K->1440K(64512K)] 479312K->416912K(657920K), 0.0018489 secs] [Times: user=0.01 sys=0.00, real=0.00 secs] 
1854.958: [GC (Allocation Failure) [PSYoungGen: 63904K->1392K(64512K)] 479376K->416872K(657920K), 0.0019495 secs] [Times: user=0.00 sys=0.00, real=0.00 secs] 
1855.218: [GC (Allocation Failure) [PSYoungGen: 63856K->1344K(64512K)] 479336K->416824K(657920K), 0.0019327 secs] [Times: user=0.01 sys=0.00, real=0.00 secs] 
1855.477: [GC (Allocation Failure) [PSYoungGen: 63808K->1376K(64512K)] 479288K->416856K(657920K), 0.0017625 secs] [Times: user=0.01 sys=0.00, real=0.00 secs] 
1856.442: [GC (Allocation Failure) [PSYoungGen: 63840K->1408K(64512K)] 479320K->416888K(657920K), 0.0017430 secs] [Times: user=0.01 sys=0.00, real=0.00 secs] 
1857.061: [GC (Allocation Failure) [PSYoungGen: 63872K->1408K(64512K)] 479352K->416888K(657920K), 0.0019904 secs] [Times: user=0.01 sys=0.01, real=0.01 secs] 
1857.596: [GC (Allocation Failure) [PSYoungGen: 63872K->1440K(64512K)] 479352K->416920K(657920K), 0.0032551 secs] [Times: user=0.02 sys=0.00, real=0.00 secs] 
1858.200: [GC (Allocation Failure) [PSYoungGen: 63904K->1376K(64512K)] 479384K->416856K(657920K), 0.0027015 secs] [Times: user=0.01 sys=0.00, real=0.01 secs] 
1858.892: [GC (Allocation Failure) [PSYoungGen: 63840K->1408K(64512K)] 479320K->416888K(657920K), 0.0024586 secs] [Times: user=0.01 sys=0.00, real=0.00 secs] 
1861.077: [GC (Allocation Failure) [PSYoungGen: 63872K->1392K(64512K)] 479352K->416872K(657920K), 0.0042033 secs] [Times: user=0.02 sys=0.00, real=0.00 secs] 
1861.713: [GC (Allocation Failure) [PSYoungGen: 63856K->1376K(64512K)] 479336K->416864K(657920K), 0.0032318 secs] [Times: user=0.02 sys=0.00, real=0.00 secs] 
1861.981: [GC (Allocation Failure) [PSYoungGen: 63840K->1408K(64512K)] 479328K->416896K(657920K), 0.0019694 secs] [Times: user=0.00 sys=0.00, real=0.01 secs] 
1862.240: [GC (Allocation Failure) [PSYoungGen: 63872K->1408K(64512K)] 479360K->416896K(657920K), 0.0017721 secs] [Times: user=0.01 sys=0.00, real=0.00 secs] 
1863.678: [GC (Allocation Failure) [PSYoungGen: 63872K->1408K(64512K)] 479360K->416896K(657920K), 0.0045421 secs] [Times: user=0.02 sys=0.00, real=0.01 secs] 
1864.210: [GC (Allocation Failure) [PSYoungGen: 63872K->1440K(64512K)] 479360K->416928K(657920K), 0.0024758 secs] [Times: user=0.01 sys=0.00, real=0.01 secs] 
1864.733: [GC (Allocation Failure) [PSYoungGen: 63904K->1408K(64512K)] 479392K->416896K(657920K), 0.0022954 secs] [Times: user=0.01 sys=0.00, real=0.00 secs] 
1865.277: [GC (Allocation Failure) [PSYoungGen: 63872K->1376K(64512K)] 479360K->416864K(657920K), 0.0023672 secs] [Times: user=0.01 sys=0.01, real=0.00 secs] 
1865.536: [GC (Allocation Failure) [PSYoungGen: 63840K->1344K(64512K)] 479328K->416832K(657920K), 0.0028762 secs] [Times: user=0.01 sys=0.00, real=0.00 secs] 
1866.598: [GC (Allocation Failure) [PSYoungGen: 63808K->1408K(64512K)] 479296K->416896K(657920K), 0.0018873 secs] [Times: user=0.01 sys=0.00, real=0.00 secs] 
1866.892: [GC (Allocation Failure) [PSYoungGen: 63872K->1376K(64512K)] 479360K->416864K(657920K), 0.0019984 secs] [Times: user=0.01 sys=0.00, real=0.00 secs] 
1867.194: [GC (Allocation Failure) [PSYoungGen: 63840K->1376K(64512K)] 479328K->416864K(657920K), 0.0018698 secs] [Times: user=0.01 sys=0.00, real=0.00 secs] 
1867.778: [GC (Allocation Failure) [PSYoungGen: 63840K->1376K(64512K)] 479328K->416864K(657920K), 0.0022738 secs] [Times: user=0.01 sys=0.00, real=0.00 secs] 
1869.352: [GC (Allocation Failure) [PSYoungGen: 63840K->1440K(64512K)] 479328K->416928K(657920K), 0.0047872 secs] [Times: user=0.02 sys=0.00, real=0.00 secs] 
1870.273: [GC (Allocation Failure) [PSYoungGen: 63904K->1408K(64512K)] 479392K->416896K(657920K), 0.0033341 secs] [Times: user=0.01 sys=0.00, real=0.00 secs] 
1871.051: [GC (Allocation Failure) [PSYoungGen: 63872K->1408K(64512K)] 479360K->416896K(657920K), 0.0033407 secs] [Times: user=0.01 sys=0.00, real=0.01 secs] 
1871.753: [GC (Allocation Failure) [PSYoungGen: 63872K->1376K(64000K)] 479360K->416872K(657408K), 0.0036568 secs] [Times: user=0.02 sys=0.00, real=0.00 secs] 
1872.424: [GC (Allocation Failure) [PSYoungGen: 63840K->1408K(64000K)] 479336K->416904K(657408K), 0.0041461 secs] [Times: user=0.02 sys=0.00, real=0.00 secs] 
1873.948: [GC (Allocation Failure) [PSYoungGen: 63872K->1408K(64000K)] 479368K->416904K(657408K), 0.0025089 secs] [Times: user=0.01 sys=0.00, real=0.00 secs] 
1874.290: [GC (Allocation Failure) [PSYoungGen: 63872K->1344K(64000K)] 479368K->416840K(657408K), 0.0021052 secs] [Times: user=0.01 sys=0.00, real=0.01 secs] 
1874.750: [GC (Allocation Failure) [PSYoungGen: 63808K->1408K(64000K)] 479304K->416904K(657408K), 0.0020412 secs] [Times: user=0.01 sys=0.00, real=0.01 secs] 
1875.222: [GC (Allocation Failure) [PSYoungGen: 63872K->1440K(64000K)] 479368K->416936K(657408K), 0.0022098 secs] [Times: user=0.01 sys=0.00, real=0.00 secs] 
1876.376: [GC (Allocation Failure) [PSYoungGen: 63904K->1376K(64000K)] 479400K->416872K(657408K), 0.0019850 secs] [Times: user=0.01 sys=0.00, real=0.00 secs] 
1876.636: [GC (Allocation Failure) [PSYoungGen: 63840K->1408K(64000K)] 479336K->416904K(657408K), 0.0018690 secs] [Times: user=0.01 sys=0.00, real=0.00 secs] 
1876.896: [GC (Allocation Failure) [PSYoungGen: 63872K->1312K(64000K)] 479368K->416808K(657408K), 0.0027513 secs] [Times: user=0.01 sys=0.00, real=0.00 secs] 
1877.478: [GC (Allocation Failure) [PSYoungGen: 63776K->1376K(64000K)] 479272K->416872K(657408K), 0.0020272 secs] [Times: user=0.01 sys=0.00, real=0.00 secs] 
1878.020: [GC (Allocation Failure) [PSYoungGen: 63840K->1408K(64000K)] 479336K->416904K(657408K), 0.0024912 secs] [Times: user=0.02 sys=0.00, real=0.01 secs] 
1879.064: [GC (Allocation Failure) [PSYoungGen: 63872K->1408K(64000K)] 479368K->416904K(657408K), 0.0018245 secs] [Times: user=0.01 sys=0.00, real=0.00 secs] 
1879.324: [GC (Allocation Failure) [PSYoungGen: 63872K->1408K(64000K)] 479368K->416904K(657408K), 0.0018011 secs] [Times: user=0.01 sys=0.00, real=0.00 secs] 
1879.594: [GC (Allocation Failure) [PSYoungGen: 63872K->1408K(64000K)] 479368K->416904K(657408K), 0.0018558 secs] [Times: user=0.01 sys=0.00, real=0.00 secs] 
1879.853: [GC (Allocation Failure) [PSYoungGen: 63872K->1392K(64000K)] 479368K->416888K(657408K), 0.0018716 secs] [Times: user=0.01 sys=0.00, real=0.00 secs] 
1880.970: [GC (Allocation Failure) [PSYoungGen: 63856K->1376K(64000K)] 479352K->416880K(657408K), 0.0020034 secs] [Times: user=0.00 sys=0.00, real=0.01 secs] 
1881.230: [GC (Allocation Failure) [PSYoungGen: 63840K->1344K(64000K)] 479344K->416848K(657408K), 0.0020372 secs] [Times: user=0.01 sys=0.00, real=0.01 secs] 
1881.490: [GC (Allocation Failure) [PSYoungGen: 63808K->1408K(64000K)] 479312K->416912K(657408K), 0.0027527 secs] [Times: user=0.01 sys=0.00, real=0.01 secs] 
1881.751: [GC (Allocation Failure) [PSYoungGen: 63872K->1360K(64000K)] 479376K->416864K(657408K), 0.0023210 secs] [Times: user=0.01 sys=0.00, real=0.01 secs] 
1882.012: [GC (Allocation Failure) [PSYoungGen: 63824K->1408K(64000K)] 479328K->416912K(657408K), 0.0032880 secs] [Times: user=0.01 sys=0.00, real=0.00 secs] 
1883.025: [GC (Allocation Failure) [PSYoungGen: 63872K->1440K(64000K)] 479376K->416944K(657408K), 0.0016379 secs] [Times: user=0.01 sys=0.00, real=0.00 secs] 
1883.326: [GC (Allocation Failure) [PSYoungGen: 63904K->1376K(64000K)] 479408K->416880K(657408K), 0.0016081 secs] [Times: user=0.00 sys=0.00, real=0.00 secs] 
1883.813: [GC (Allocation Failure) [PSYoungGen: 63840K->1376K(64000K)] 479344K->416880K(657408K), 0.0022268 secs] [Times: user=0.01 sys=0.00, real=0.00 secs] 
1884.393: [GC (Allocation Failure) [PSYoungGen: 63840K->1408K(64000K)] 479344K->416912K(657408K), 0.0022588 secs] [Times: user=0.01 sys=0.00, real=0.00 secs] 
1885.732: [GC (Allocation Failure) [PSYoungGen: 63872K->1392K(64000K)] 479376K->416896K(657408K), 0.0019503 secs] [Times: user=0.01 sys=0.00, real=0.00 secs] 
1886.029: [GC (Allocation Failure) [PSYoungGen: 63856K->1344K(64000K)] 479360K->416848K(657408K), 0.0065324 secs] [Times: user=0.03 sys=0.00, real=0.01 secs] 
1886.547: [GC (Allocation Failure) [PSYoungGen: 63808K->1408K(64000K)] 479312K->416912K(657408K), 0.0024571 secs] [Times: user=0.01 sys=0.00, real=0.00 secs] 
1887.121: [GC (Allocation Failure) [PSYoungGen: 63872K->1392K(64000K)] 479376K->416896K(657408K), 0.0024452 secs] [Times: user=0.01 sys=0.00, real=0.01 secs] 
1887.713: [GC (Allocation Failure) [PSYoungGen: 63856K->1360K(64000K)] 479360K->416864K(657408K), 0.0024373 secs] [Times: user=0.01 sys=0.00, real=0.00 secs] 
1889.040: [GC (Allocation Failure) [PSYoungGen: 63824K->1376K(64000K)] 479328K->416880K(657408K), 0.0016889 secs] [Times: user=0.00 sys=0.00, real=0.01 secs] 
1889.584: [GC (Allocation Failure) [PSYoungGen: 63840K->1376K(64000K)] 479344K->416888K(657408K), 0.0022816 secs] [Times: user=0.00 sys=0.00, real=0.00 secs] 
1889.975: [GC (Allocation Failure) [PSYoungGen: 63840K->1344K(64000K)] 479352K->416872K(657408K), 0.0025851 secs] [Times: user=0.01 sys=0.00, real=0.00 secs] 
1890.384: [GC (Allocation Failure) [PSYoungGen: 63808K->1312K(64000K)] 479336K->416840K(657408K), 0.0024549 secs] [Times: user=0.01 sys=0.00, real=0.00 secs] 
1891.735: [GC (Allocation Failure) [PSYoungGen: 63776K->832K(64000K)] 479304K->417392K(657408K), 0.0022544 secs] [Times: user=0.01 sys=0.00, real=0.00 secs] 
1892.876: [GC (Allocation Failure) [PSYoungGen: 63296K->352K(64000K)] 479856K->416912K(657408K), 0.0033362 secs] [Times: user=0.01 sys=0.00, real=0.00 secs] 
1893.235: [GC (Allocation Failure) [PSYoungGen: 62816K->352K(64512K)] 479376K->416912K(657920K), 0.0020434 secs] [Times: user=0.01 sys=0.00, real=0.00 secs] 
1893.569: [GC (Allocation Failure) [PSYoungGen: 62816K->336K(64512K)] 479376K->416896K(657920K), 0.0021870 secs] [Times: user=0.00 sys=0.00, real=0.00 secs] 
1894.053: [GC (Allocation Failure) [PSYoungGen: 62800K->352K(64512K)] 479360K->416912K(657920K), 0.0029616 secs] [Times: user=0.01 sys=0.00, real=0.00 secs] 
1895.176: [GC (Allocation Failure) [PSYoungGen: 62816K->1472K(64512K)] 479376K->418032K(657920K), 0.0019120 secs] [Times: user=0.01 sys=0.00, real=0.00 secs] 
1895.436: [GC (Allocation Failure) [PSYoungGen: 63936K->1344K(64512K)] 480496K->417904K(657920K), 0.0019233 secs] [Times: user=0.01 sys=0.00, real=0.00 secs] 
1895.697: [GC (Allocation Failure) [PSYoungGen: 63808K->1408K(64512K)] 480368K->417968K(657920K), 0.0031459 secs] [Times: user=0.01 sys=0.00, real=0.00 secs] 
1895.957: [GC (Allocation Failure) [PSYoungGen: 63872K->1440K(64000K)] 480432K->418000K(657408K), 0.0024136 secs] [Times: user=0.01 sys=0.00, real=0.00 secs] 
1896.974: [GC (Allocation Failure) [PSYoungGen: 63392K->1920K(64512K)] 479952K->418480K(657920K), 0.0022899 secs] [Times: user=0.01 sys=0.00, real=0.00 secs] 
1897.587: [GC (Allocation Failure) [PSYoungGen: 63872K->1376K(64512K)] 480432K->417936K(657920K), 0.0021530 secs] [Times: user=0.00 sys=0.00, real=0.00 secs] 
1897.979: [GC (Allocation Failure) [PSYoungGen: 63328K->1376K(64512K)] 479888K->417936K(657920K), 0.0030500 secs] [Times: user=0.01 sys=0.01, real=0.01 secs] 
1898.241: [GC (Allocation Failure) [PSYoungGen: 63328K->1344K(64512K)] 479888K->417904K(657920K), 0.0021044 secs] [Times: user=0.01 sys=0.00, real=0.01 secs] 
1898.597: [GC (Allocation Failure) [PSYoungGen: 63296K->1376K(64512K)] 479856K->417936K(657920K), 0.0019794 secs] [Times: user=0.01 sys=0.00, real=0.00 secs] 
1899.636: [GC (Allocation Failure) [PSYoungGen: 63328K->1456K(64512K)] 479888K->418016K(657920K), 0.0016590 secs] [Times: user=0.01 sys=0.00, real=0.00 secs] 
1899.964: [GC (Allocation Failure) [PSYoungGen: 63408K->1440K(63488K)] 479968K->418024K(656896K), 0.0017661 secs] [Times: user=0.01 sys=0.00, real=0.00 secs] 
1900.449: [GC (Allocation Failure) [PSYoungGen: 63392K->1376K(64000K)] 479976K->417960K(657408K), 0.0018183 secs] [Times: user=0.01 sys=0.00, real=0.00 secs] 
1900.946: [GC (Allocation Failure) [PSYoungGen: 63328K->1440K(64000K)] 479912K->418024K(657408K), 0.0018233 secs] [Times: user=0.00 sys=0.00, real=0.00 secs] 
1901.942: [GC (Allocation Failure) [PSYoungGen: 63392K->288K(63488K)] 479976K->416880K(656896K), 0.0029803 secs] [Times: user=0.01 sys=0.00, real=0.00 secs] 
1902.904: [GC (Allocation Failure) [PSYoungGen: 61728K->1440K(64000K)] 478320K->418032K(657408K), 0.0016546 secs] [Times: user=0.01 sys=0.00, real=0.00 secs] 
1903.184: [GC (Allocation Failure) [PSYoungGen: 62880K->1376K(64000K)] 479472K->417968K(657408K), 0.0015536 secs] [Times: user=0.01 sys=0.00, real=0.00 secs] 
1903.438: [GC (Allocation Failure) [PSYoungGen: 62816K->1344K(62976K)] 479408K->417936K(656384K), 0.0016870 secs] [Times: user=0.01 sys=0.00, real=0.00 secs] 
1903.735: [GC (Allocation Failure) [PSYoungGen: 62784K->1376K(63488K)] 479376K->417968K(656896K), 0.0019626 secs] [Times: user=0.01 sys=0.00, real=0.00 secs] 
1906.264: [GC (Allocation Failure) [PSYoungGen: 62816K->1440K(63488K)] 479408K->418032K(656896K), 0.0033043 secs] [Times: user=0.01 sys=0.00, real=0.00 secs] 
1907.199: [GC (Allocation Failure) [PSYoungGen: 62880K->1440K(63488K)] 479472K->418032K(656896K), 0.0022490 secs] [Times: user=0.01 sys=0.00, real=0.00 secs] 
1907.786: [GC (Allocation Failure) [PSYoungGen: 62880K->1392K(63488K)] 479472K->417984K(656896K), 0.0020244 secs] [Times: user=0.01 sys=0.00, real=0.00 secs] 
1908.336: [GC (Allocation Failure) [PSYoungGen: 62832K->1408K(63488K)] 479424K->418000K(656896K), 0.0023298 secs] [Times: user=0.01 sys=0.00, real=0.00 secs] 
1908.850: [GC (Allocation Failure) [PSYoungGen: 62848K->1408K(63488K)] 479440K->418000K(656896K), 0.0023659 secs] [Times: user=0.01 sys=0.00, real=0.01 secs] 
1909.831: [GC (Allocation Failure) [PSYoungGen: 62848K->1440K(63488K)] 479440K->418032K(656896K), 0.0017820 secs] [Times: user=0.01 sys=0.00, real=0.01 secs] 
1910.106: [GC (Allocation Failure) [PSYoungGen: 62880K->1408K(63488K)] 479472K->418000K(656896K), 0.0018844 secs] [Times: user=0.01 sys=0.00, real=0.00 secs] 
1910.361: [GC (Allocation Failure) [PSYoungGen: 62848K->1408K(63488K)] 479440K->418000K(656896K), 0.0018638 secs] [Times: user=0.00 sys=0.00, real=0.01 secs] 
1910.648: [GC (Allocation Failure) [PSYoungGen: 62848K->1408K(63488K)] 479440K->418000K(656896K), 0.0018099 secs] [Times: user=0.01 sys=0.00, real=0.00 secs] 
1911.634: [GC (Allocation Failure) [PSYoungGen: 62848K->1344K(63488K)] 479440K->417936K(656896K), 0.0016127 secs] [Times: user=0.00 sys=0.01, real=0.00 secs] 
1911.934: [GC (Allocation Failure) [PSYoungGen: 62784K->1408K(63488K)] 479376K->418008K(656896K), 0.0018677 secs] [Times: user=0.00 sys=0.00, real=0.00 secs] 
1912.189: [GC (Allocation Failure) [PSYoungGen: 62848K->1408K(63488K)] 479448K->418008K(656896K), 0.0017906 secs] [Times: user=0.01 sys=0.00, real=0.00 secs] 
1912.547: [GC (Allocation Failure) [PSYoungGen: 62848K->1408K(63488K)] 479448K->418008K(656896K), 0.0019048 secs] [Times: user=0.01 sys=0.00, real=0.00 secs] 
1912.803: [GC (Allocation Failure) [PSYoungGen: 62848K->1376K(63488K)] 479448K->417976K(656896K), 0.0019523 secs] [Times: user=0.01 sys=0.00, real=0.00 secs] 
1914.604: [GC (Allocation Failure) [PSYoungGen: 62816K->1440K(63488K)] 479416K->418040K(656896K), 0.0034730 secs] [Times: user=0.02 sys=0.00, real=0.00 secs] 
1915.329: [GC (Allocation Failure) [PSYoungGen: 62880K->1408K(63488K)] 479480K->418008K(656896K), 0.0036150 secs] [Times: user=0.02 sys=0.00, real=0.01 secs] 
1915.891: [GC (Allocation Failure) [PSYoungGen: 62848K->1408K(63488K)] 479448K->418008K(656896K), 0.0028870 secs] [Times: user=0.01 sys=0.00, real=0.01 secs] 
1916.374: [GC (Allocation Failure) [PSYoungGen: 62848K->1408K(63488K)] 479448K->418008K(656896K), 0.0024722 secs] [Times: user=0.01 sys=0.00, real=0.00 secs] 
1917.479: [GC (Allocation Failure) [PSYoungGen: 62848K->224K(63488K)] 479448K->416824K(656896K), 0.0015137 secs] [Times: user=0.00 sys=0.00, real=0.00 secs] 
1918.001: [GC (Allocation Failure) [PSYoungGen: 61664K->1408K(63488K)] 478264K->418008K(656896K), 0.0017311 secs] [Times: user=0.01 sys=0.00, real=0.01 secs] 
1918.282: [GC (Allocation Failure) [PSYoungGen: 62848K->1408K(63488K)] 479448K->418008K(656896K), 0.0016154 secs] [Times: user=0.01 sys=0.00, real=0.00 secs] 
1918.606: [GC (Allocation Failure) [PSYoungGen: 62848K->1408K(63488K)] 479448K->418008K(656896K), 0.0027543 secs] [Times: user=0.01 sys=0.00, real=0.00 secs] 
1919.122: [GC (Allocation Failure) [PSYoungGen: 62848K->1360K(63488K)] 479448K->417960K(656896K), 0.0025315 secs] [Times: user=0.01 sys=0.00, real=0.00 secs] 
1920.559: [GC (Allocation Failure) [PSYoungGen: 62800K->1408K(63488K)] 479400K->418008K(656896K), 0.0045359 secs] [Times: user=0.01 sys=0.00, real=0.01 secs] 
1921.361: [GC (Allocation Failure) [PSYoungGen: 62848K->1408K(63488K)] 479448K->418016K(656896K), 0.0034970 secs] [Times: user=0.01 sys=0.00, real=0.01 secs] 
1922.038: [GC (Allocation Failure) [PSYoungGen: 62848K->1376K(63488K)] 479456K->417984K(656896K), 0.0041614 secs] [Times: user=0.02 sys=0.00, real=0.01 secs] 
1922.509: [GC (Allocation Failure) [PSYoungGen: 62816K->1408K(63488K)] 479424K->418016K(656896K), 0.0032063 secs] [Times: user=0.01 sys=0.00, real=0.01 secs] 
1922.976: [GC (Allocation Failure) [PSYoungGen: 62848K->1376K(63488K)] 479456K->417984K(656896K), 0.0027646 secs] [Times: user=0.01 sys=0.00, real=0.00 secs] 
1924.067: [GC (Allocation Failure) [PSYoungGen: 62816K->1376K(63488K)] 479424K->417984K(656896K), 0.0017537 secs] [Times: user=0.01 sys=0.00, real=0.00 secs] 
1924.572: [GC (Allocation Failure) [PSYoungGen: 62816K->1408K(63488K)] 479424K->418016K(656896K), 0.0023175 secs] [Times: user=0.01 sys=0.00, real=0.00 secs] 
1925.312: [GC (Allocation Failure) [PSYoungGen: 62848K->1376K(63488K)] 479456K->417984K(656896K), 0.0045452 secs] [Times: user=0.02 sys=0.00, real=0.00 secs] 
1926.106: [GC (Allocation Failure) [PSYoungGen: 62816K->1376K(63488K)] 479424K->417984K(656896K), 0.0044192 secs] [Times: user=0.02 sys=0.00, real=0.00 secs] 
1927.695: [GC (Allocation Failure) [PSYoungGen: 62816K->1376K(63488K)] 479424K->417984K(656896K), 0.0018974 secs] [Times: user=0.01 sys=0.00, real=0.00 secs] 
1928.342: [GC (Allocation Failure) [PSYoungGen: 62816K->1376K(63488K)] 479424K->417984K(656896K), 0.0018321 secs] [Times: user=0.00 sys=0.00, real=0.00 secs] 
1928.850: [GC (Allocation Failure) [PSYoungGen: 62816K->1408K(63488K)] 479424K->418016K(656896K), 0.0024668 secs] [Times: user=0.01 sys=0.00, real=0.01 secs] 
1929.444: [GC (Allocation Failure) [PSYoungGen: 62848K->1376K(63488K)] 479456K->417984K(656896K), 0.0028748 secs] [Times: user=0.01 sys=0.00, real=0.00 secs] 
1930.149: [GC (Allocation Failure) [PSYoungGen: 62816K->1344K(62976K)] 479424K->417952K(656384K), 0.0030465 secs] [Times: user=0.01 sys=0.00, real=0.01 secs] 
1932.893: [GC (Allocation Failure) [PSYoungGen: 62784K->1440K(62464K)] 479392K->418056K(655872K), 0.0030484 secs] [Times: user=0.01 sys=0.00, real=0.00 secs] 
1933.498: [GC (Allocation Failure) [PSYoungGen: 62368K->1408K(62976K)] 478984K->418024K(656384K), 0.0021659 secs] [Times: user=0.01 sys=0.00, real=0.00 secs] 
1933.884: [GC (Allocation Failure) [PSYoungGen: 62336K->1408K(62464K)] 478952K->418032K(655872K), 0.0021841 secs] [Times: user=0.01 sys=0.00, real=0.00 secs] 
1934.423: [GC (Allocation Failure) [PSYoungGen: 62336K->1440K(62464K)] 478960K->418064K(655872K), 0.0021211 secs] [Times: user=0.01 sys=0.00, real=0.00 secs] 
1935.007: [GC (Allocation Failure) [PSYoungGen: 62357K->304K(62976K)] 478981K->416936K(656384K), 0.0020238 secs] [Times: user=0.01 sys=0.00, real=0.00 secs] 
1936.096: [GC (Allocation Failure) [PSYoungGen: 61232K->1424K(62976K)] 477864K->418056K(656384K), 0.0019296 secs] [Times: user=0.01 sys=0.00, real=0.00 secs] 
1936.357: [GC (Allocation Failure) [PSYoungGen: 62352K->1408K(62976K)] 478984K->418048K(656384K), 0.0020276 secs] [Times: user=0.00 sys=0.00, real=0.00 secs] 
1936.625: [GC (Allocation Failure) [PSYoungGen: 62336K->1408K(62976K)] 478976K->418048K(656384K), 0.0020698 secs] [Times: user=0.00 sys=0.00, real=0.00 secs] 
1936.925: [GC (Allocation Failure) [PSYoungGen: 62336K->1440K(62976K)] 478976K->418080K(656384K), 0.0019661 secs] [Times: user=0.01 sys=0.00, real=0.00 secs] 
1938.066: [GC (Allocation Failure) [PSYoungGen: 62368K->1440K(62976K)] 479008K->418080K(656384K), 0.0018982 secs] [Times: user=0.01 sys=0.00, real=0.00 secs] 
1938.593: [GC (Allocation Failure) [PSYoungGen: 62368K->1408K(62976K)] 479008K->418048K(656384K), 0.0019506 secs] [Times: user=0.01 sys=0.00, real=0.00 secs] 
1939.172: [GC (Allocation Failure) [PSYoungGen: 62336K->1408K(62976K)] 478976K->418048K(656384K), 0.0043300 secs] [Times: user=0.01 sys=0.00, real=0.00 secs] 
1939.756: [GC (Allocation Failure) [PSYoungGen: 62336K->1408K(62976K)] 478976K->418048K(656384K), 0.0041286 secs] [Times: user=0.02 sys=0.00, real=0.00 secs] 
1940.117: [GC (Allocation Failure) [PSYoungGen: 62336K->1408K(62976K)] 478976K->418064K(656384K), 0.0024051 secs] [Times: user=0.01 sys=0.00, real=0.00 secs] 
1941.386: [GC (Allocation Failure) [PSYoungGen: 62336K->1440K(62976K)] 478992K->418096K(656384K), 0.0020149 secs] [Times: user=0.01 sys=0.00, real=0.00 secs] 
1941.803: [GC (Allocation Failure) [PSYoungGen: 62368K->1376K(62976K)] 479024K->418040K(656384K), 0.0035618 secs] [Times: user=0.02 sys=0.00, real=0.00 secs] 
1942.056: [GC (Allocation Failure) [PSYoungGen: 62304K->1408K(62976K)] 478968K->418072K(656384K), 0.0030725 secs] [Times: user=0.02 sys=0.00, real=0.00 secs] 
1942.311: [GC (Allocation Failure) [PSYoungGen: 62336K->1376K(62976K)] 479000K->418040K(656384K), 0.0017969 secs] [Times: user=0.01 sys=0.00, real=0.01 secs] 
1943.310: [GC (Allocation Failure) [PSYoungGen: 62304K->1664K(62976K)] 478968K->418328K(656384K), 0.0017408 secs] [Times: user=0.00 sys=0.00, real=0.00 secs] 
1943.849: [GC (Allocation Failure) [PSYoungGen: 62592K->1408K(62976K)] 479256K->418072K(656384K), 0.0035088 secs] [Times: user=0.02 sys=0.00, real=0.01 secs] 
1944.261: [GC (Allocation Failure) [PSYoungGen: 62336K->1408K(62976K)] 479000K->418072K(656384K), 0.0023828 secs] [Times: user=0.01 sys=0.00, real=0.01 secs] 
1944.520: [GC (Allocation Failure) [PSYoungGen: 62336K->1376K(62976K)] 479000K->418040K(656384K), 0.0021803 secs] [Times: user=0.01 sys=0.00, real=0.01 secs] 
1944.774: [GC (Allocation Failure) [PSYoungGen: 62304K->1376K(62976K)] 478968K->418040K(656384K), 0.0018908 secs] [Times: user=0.01 sys=0.01, real=0.00 secs] 
1945.766: [GC (Allocation Failure) [PSYoungGen: 62304K->1440K(62976K)] 478968K->418104K(656384K), 0.0020522 secs] [Times: user=0.01 sys=0.00, real=0.00 secs] 
1946.019: [GC (Allocation Failure) [PSYoungGen: 62368K->1408K(62976K)] 479032K->418080K(656384K), 0.0019668 secs] [Times: user=0.00 sys=0.00, real=0.00 secs] 
1946.273: [GC (Allocation Failure) [PSYoungGen: 62336K->1376K(62976K)] 479008K->418048K(656384K), 0.0019733 secs] [Times: user=0.00 sys=0.00, real=0.00 secs] 
1946.526: [GC (Allocation Failure) [PSYoungGen: 62304K->1408K(62976K)] 478976K->418080K(656384K), 0.0020744 secs] [Times: user=0.01 sys=0.00, real=0.00 secs] 
1946.780: [GC (Allocation Failure) [PSYoungGen: 62336K->1408K(62976K)] 479008K->418080K(656384K), 0.0018035 secs] [Times: user=0.01 sys=0.00, real=0.00 secs] 
1947.755: [GC (Allocation Failure) [PSYoungGen: 62336K->1408K(62464K)] 479008K->418080K(655872K), 0.0017736 secs] [Times: user=0.00 sys=0.00, real=0.00 secs] 
1948.008: [GC (Allocation Failure) [PSYoungGen: 62336K->1376K(62464K)] 479008K->418056K(655872K), 0.0017658 secs] [Times: user=0.01 sys=0.00, real=0.00 secs] 
1948.260: [GC (Allocation Failure) [PSYoungGen: 62304K->368K(61952K)] 478984K->418072K(655360K), 0.0018676 secs] [Times: user=0.01 sys=0.00, real=0.01 secs] 
1948.513: [GC (Allocation Failure) [PSYoungGen: 61296K->320K(62976K)] 479000K->418024K(656384K), 0.0018205 secs] [Times: user=0.01 sys=0.00, real=0.00 secs] 
1949.603: [GC (Allocation Failure) [PSYoungGen: 61248K->1408K(62976K)] 478952K->419112K(656384K), 0.0016792 secs] [Times: user=0.01 sys=0.01, real=0.00 secs] 
1949.920: [GC (Allocation Failure) [PSYoungGen: 62336K->1376K(62976K)] 480040K->419080K(656384K), 0.0019995 secs] [Times: user=0.01 sys=0.00, real=0.01 secs] 
1950.208: [GC (Allocation Failure) [PSYoungGen: 62304K->1376K(62976K)] 480008K->419080K(656384K), 0.0019016 secs] [Times: user=0.01 sys=0.00, real=0.00 secs] 
1950.461: [GC (Allocation Failure) [PSYoungGen: 62304K->1376K(62976K)] 480008K->419080K(656384K), 0.0019590 secs] [Times: user=0.01 sys=0.00, real=0.01 secs] 
1950.737: [GC (Allocation Failure) [PSYoungGen: 62304K->1376K(62976K)] 480008K->419080K(656384K), 0.0019829 secs] [Times: user=0.01 sys=0.00, real=0.00 secs] 
1951.952: [GC (Allocation Failure) [PSYoungGen: 62304K->1376K(62976K)] 480008K->419080K(656384K), 0.0018785 secs] [Times: user=0.01 sys=0.00, real=0.01 secs] 
1952.483: [GC (Allocation Failure) [PSYoungGen: 62304K->1408K(62976K)] 480008K->419120K(656384K), 0.0017671 secs] [Times: user=0.01 sys=0.00, real=0.00 secs] 
1953.041: [GC (Allocation Failure) [PSYoungGen: 62336K->1344K(62976K)] 480048K->419056K(656384K), 0.0020308 secs] [Times: user=0.01 sys=0.00, real=0.01 secs] 
1953.504: [GC (Allocation Failure) [PSYoungGen: 62272K->1376K(62976K)] 479984K->419088K(656384K), 0.0020491 secs] [Times: user=0.01 sys=0.00, real=0.00 secs] 
1954.195: [GC (Allocation Failure) [PSYoungGen: 62304K->1440K(62976K)] 480016K->419152K(656384K), 0.0022324 secs] [Times: user=0.01 sys=0.00, real=0.00 secs] 
1955.282: [GC (Allocation Failure) [PSYoungGen: 62368K->1440K(62976K)] 480080K->419152K(656384K), 0.0017858 secs] [Times: user=0.01 sys=0.00, real=0.01 secs] 
1955.535: [GC (Allocation Failure) [PSYoungGen: 62368K->1408K(62976K)] 480080K->419128K(656384K), 0.0018931 secs] [Times: user=0.01 sys=0.00, real=0.00 secs] 
1955.806: [GC (Allocation Failure) [PSYoungGen: 62336K->1376K(62976K)] 480056K->419096K(656384K), 0.0029430 secs] [Times: user=0.01 sys=0.00, real=0.00 secs] 
1956.395: [GC (Allocation Failure) [PSYoungGen: 62304K->1408K(62976K)] 480024K->419128K(656384K), 0.0021183 secs] [Times: user=0.01 sys=0.00, real=0.00 secs] 
1958.159: [GC (Allocation Failure) [PSYoungGen: 62336K->1408K(62976K)] 480056K->419128K(656384K), 0.0043552 secs] [Times: user=0.02 sys=0.00, real=0.01 secs] 
1959.245: [GC (Allocation Failure) [PSYoungGen: 62336K->1408K(62976K)] 480056K->419128K(656384K), 0.0028839 secs] [Times: user=0.01 sys=0.00, real=0.00 secs] 
1959.962: [GC (Allocation Failure) [PSYoungGen: 62336K->1408K(62976K)] 480056K->419128K(656384K), 0.0028707 secs] [Times: user=0.01 sys=0.00, real=0.00 secs] 
1960.572: [GC (Allocation Failure) [PSYoungGen: 62336K->1376K(62976K)] 480056K->419096K(656384K), 0.0029273 secs] [Times: user=0.01 sys=0.00, real=0.00 secs] 
1961.226: [GC (Allocation Failure) [PSYoungGen: 62304K->1376K(62976K)] 480024K->419096K(656384K), 0.0028551 secs] [Times: user=0.01 sys=0.00, real=0.00 secs] 
1962.674: [GC (Allocation Failure) [PSYoungGen: 62304K->1376K(62976K)] 480024K->419096K(656384K), 0.0022564 secs] [Times: user=0.01 sys=0.00, real=0.00 secs] 
1963.411: [GC (Allocation Failure) [PSYoungGen: 62304K->1376K(62976K)] 480024K->419104K(656384K), 0.0041458 secs] [Times: user=0.01 sys=0.01, real=0.01 secs] 
1964.176: [GC (Allocation Failure) [PSYoungGen: 62304K->1344K(62976K)] 480032K->419072K(656384K), 0.0055000 secs] [Times: user=0.03 sys=0.00, real=0.00 secs] 
1964.712: [GC (Allocation Failure) [PSYoungGen: 62272K->1376K(62464K)] 480000K->419104K(655872K), 0.0033185 secs] [Times: user=0.02 sys=0.00, real=0.00 secs] 
1965.987: [GC (Allocation Failure) [PSYoungGen: 62304K->1456K(62464K)] 480032K->419184K(655872K), 0.0017824 secs] [Times: user=0.00 sys=0.00, real=0.00 secs] 
1966.685: [GC (Allocation Failure) [PSYoungGen: 62384K->1344K(62976K)] 480112K->419072K(656384K), 0.0027777 secs] [Times: user=0.01 sys=0.00, real=0.00 secs] 
1967.455: [GC (Allocation Failure) [PSYoungGen: 62272K->1344K(62464K)] 480000K->419072K(655872K), 0.0047402 secs] [Times: user=0.02 sys=0.00, real=0.00 secs] 
1968.200: [GC (Allocation Failure) [PSYoungGen: 62272K->1392K(62464K)] 480000K->419120K(655872K), 0.0043194 secs] [Times: user=0.02 sys=0.00, real=0.01 secs] 
1969.049: [GC (Allocation Failure) [PSYoungGen: 62320K->1344K(62464K)] 480048K->419072K(655872K), 0.0054346 secs] [Times: user=0.02 sys=0.00, real=0.01 secs] 
1970.507: [GC (Allocation Failure) [PSYoungGen: 62272K->1408K(62464K)] 480000K->419136K(655872K), 0.0018168 secs] [Times: user=0.00 sys=0.00, real=0.00 secs] 
1970.760: [GC (Allocation Failure) [PSYoungGen: 62336K->1360K(62464K)] 480064K->419088K(655872K), 0.0016482 secs] [Times: user=0.01 sys=0.00, real=0.01 secs] 
1971.230: [GC (Allocation Failure) [PSYoungGen: 62288K->1392K(62464K)] 480016K->419120K(655872K), 0.0022291 secs] [Times: user=0.01 sys=0.00, real=0.01 secs] 
1971.812: [GC (Allocation Failure) [PSYoungGen: 62320K->1344K(62464K)] 480048K->419072K(655872K), 0.0023425 secs] [Times: user=0.01 sys=0.00, real=0.00 secs] 
1972.391: [GC (Allocation Failure) [PSYoungGen: 62272K->1344K(62464K)] 480000K->419072K(655872K), 0.0052004 secs] [Times: user=0.02 sys=0.00, real=0.01 secs] 
1973.636: [GC (Allocation Failure) [PSYoungGen: 62272K->1440K(62464K)] 480000K->419176K(655872K), 0.0020582 secs] [Times: user=0.01 sys=0.00, real=0.00 secs] 
1974.150: [GC (Allocation Failure) [PSYoungGen: 62368K->1376K(62464K)] 480104K->419112K(655872K), 0.0029156 secs] [Times: user=0.01 sys=0.00, real=0.01 secs] 
1974.650: [GC (Allocation Failure) [PSYoungGen: 62304K->1344K(62464K)] 480040K->419080K(655872K), 0.0041470 secs] [Times: user=0.02 sys=0.00, real=0.01 secs] 
1975.157: [GC (Allocation Failure) [PSYoungGen: 62272K->1408K(62464K)] 480008K->419144K(655872K), 0.0032447 secs] [Times: user=0.01 sys=0.00, real=0.00 secs] 
1976.375: [GC (Allocation Failure) [PSYoungGen: 62336K->896K(62464K)] 480072K->419656K(655872K), 0.0016892 secs] [Times: user=0.01 sys=0.00, real=0.00 secs] 
1976.724: [GC (Allocation Failure) [PSYoungGen: 61824K->320K(62976K)] 480584K->419080K(656384K), 0.0020187 secs] [Times: user=0.01 sys=0.00, real=0.00 secs] 
1976.978: [GC (Allocation Failure) [PSYoungGen: 61248K->384K(62976K)] 480008K->419144K(656384K), 0.0021453 secs] [Times: user=0.01 sys=0.00, real=0.00 secs] 
1977.241: [GC (Allocation Failure) [PSYoungGen: 61312K->384K(62976K)] 480072K->419144K(656384K), 0.0030179 secs] [Times: user=0.01 sys=0.00, real=0.01 secs] 
1977.522: [GC (Allocation Failure) [PSYoungGen: 61312K->320K(62976K)] 480072K->419080K(656384K), 0.0018254 secs] [Times: user=0.00 sys=0.00, real=0.00 secs] 
1979.812: [GC (Allocation Failure) [PSYoungGen: 61248K->1440K(62976K)] 480008K->420200K(656384K), 0.0058372 secs] [Times: user=0.02 sys=0.00, real=0.00 secs] 
1980.255: [GC (Allocation Failure) [PSYoungGen: 62368K->1408K(62976K)] 481128K->420168K(656384K), 0.0022245 secs] [Times: user=0.01 sys=0.00, real=0.00 secs] 
1980.655: [GC (Allocation Failure) [PSYoungGen: 62336K->1376K(62976K)] 481096K->420136K(656384K), 0.0020300 secs] [Times: user=0.01 sys=0.00, real=0.00 secs] 
1981.121: [GC (Allocation Failure) [PSYoungGen: 62304K->1376K(62976K)] 481064K->420152K(656384K), 0.0022260 secs] [Times: user=0.01 sys=0.00, real=0.01 secs] 
1981.608: [GC (Allocation Failure) [PSYoungGen: 62304K->1376K(62464K)] 481080K->420160K(655872K), 0.0044423 secs] [Times: user=0.02 sys=0.00, real=0.01 secs] 
1982.669: [GC (Allocation Failure) [PSYoungGen: 62304K->1408K(62976K)] 481088K->420192K(656384K), 0.0017138 secs] [Times: user=0.01 sys=0.00, real=0.00 secs] 
1982.923: [GC (Allocation Failure) [PSYoungGen: 62336K->1408K(62464K)] 481120K->420192K(655872K), 0.0017978 secs] [Times: user=0.00 sys=0.00, real=0.00 secs] 
1983.204: [GC (Allocation Failure) [PSYoungGen: 62336K->1376K(62976K)] 481120K->420160K(656384K), 0.0019781 secs] [Times: user=0.01 sys=0.00, real=0.00 secs] 
1983.548: [GC (Allocation Failure) [PSYoungGen: 62304K->1376K(62976K)] 481088K->420160K(656384K), 0.0028518 secs] [Times: user=0.01 sys=0.00, real=0.00 secs] 
1984.811: [GC (Allocation Failure) [PSYoungGen: 62304K->1408K(62976K)] 481088K->420192K(656384K), 0.0021381 secs] [Times: user=0.01 sys=0.00, real=0.01 secs] 
1985.461: [GC (Allocation Failure) [PSYoungGen: 62336K->1408K(62976K)] 481120K->420192K(656384K), 0.0029055 secs] [Times: user=0.02 sys=0.00, real=0.01 secs] 
1986.115: [GC (Allocation Failure) [PSYoungGen: 62336K->1328K(62976K)] 481120K->420112K(656384K), 0.0030139 secs] [Times: user=0.01 sys=0.00, real=0.00 secs] 
1986.679: [GC (Allocation Failure) [PSYoungGen: 62256K->1408K(62976K)] 481040K->420192K(656384K), 0.0031554 secs] [Times: user=0.01 sys=0.00, real=0.01 secs] 
1987.306: [GC (Allocation Failure) [PSYoungGen: 62336K->1376K(62976K)] 481120K->420160K(656384K), 0.0028364 secs] [Times: user=0.01 sys=0.00, real=0.00 secs] 
1988.720: [GC (Allocation Failure) [PSYoungGen: 62304K->1408K(62976K)] 481088K->420192K(656384K), 0.0018627 secs] [Times: user=0.01 sys=0.00, real=0.01 secs] 
1989.272: [GC (Allocation Failure) [PSYoungGen: 62336K->1408K(62976K)] 481120K->420192K(656384K), 0.0034542 secs] [Times: user=0.01 sys=0.00, real=0.00 secs] 
1989.822: [GC (Allocation Failure) [PSYoungGen: 62336K->1376K(62976K)] 481120K->420160K(656384K), 0.0026784 secs] [Times: user=0.01 sys=0.00, real=0.00 secs] 
1990.281: [GC (Allocation Failure) [PSYoungGen: 62304K->1408K(62976K)] 481088K->420192K(656384K), 0.0032959 secs] [Times: user=0.01 sys=0.00, real=0.01 secs] 
1990.836: [GC (Allocation Failure) [PSYoungGen: 62336K->1408K(62976K)] 481120K->420192K(656384K), 0.0033228 secs] [Times: user=0.01 sys=0.00, real=0.00 secs] 
1992.352: [GC (Allocation Failure) [PSYoungGen: 62336K->1408K(62976K)] 481120K->420200K(656384K), 0.0027755 secs] [Times: user=0.01 sys=0.00, real=0.00 secs] 
1992.888: [GC (Allocation Failure) [PSYoungGen: 62336K->1408K(62976K)] 481128K->420200K(656384K), 0.0032134 secs] [Times: user=0.01 sys=0.00, real=0.00 secs] 
1993.453: [GC (Allocation Failure) [PSYoungGen: 62336K->1376K(62976K)] 481128K->420168K(656384K), 0.0028983 secs] [Times: user=0.01 sys=0.00, real=0.00 secs] 
1994.027: [GC (Allocation Failure) [PSYoungGen: 62304K->1344K(62976K)] 481096K->420136K(656384K), 0.0028605 secs] [Times: user=0.01 sys=0.00, real=0.00 secs] 
1995.401: [GC (Allocation Failure) [PSYoungGen: 62272K->1408K(62976K)] 481064K->420200K(656384K), 0.0045008 secs] [Times: user=0.02 sys=0.00, real=0.01 secs] 
1996.134: [GC (Allocation Failure) [PSYoungGen: 62336K->1376K(62976K)] 481128K->420176K(656384K), 0.0037000 secs] [Times: user=0.02 sys=0.00, real=0.00 secs] 
1996.759: [GC (Allocation Failure) [PSYoungGen: 62304K->1376K(62976K)] 481104K->420176K(656384K), 0.0029175 secs] [Times: user=0.01 sys=0.00, real=0.01 secs] 
1997.289: [GC (Allocation Failure) [PSYoungGen: 62304K->1408K(62976K)] 481104K->420208K(656384K), 0.0030631 secs] [Times: user=0.02 sys=0.00, real=0.01 secs] 
1997.798: [GC (Allocation Failure) [PSYoungGen: 62336K->1376K(62976K)] 481136K->420176K(656384K), 0.0030163 secs] [Times: user=0.01 sys=0.00, real=0.00 secs] 
1999.465: [GC (Allocation Failure) [PSYoungGen: 62304K->1440K(62976K)] 481104K->420240K(656384K), 0.0018368 secs] [Times: user=0.01 sys=0.00, real=0.00 secs] 
2000.175: [GC (Allocation Failure) [PSYoungGen: 62368K->1376K(62976K)] 481168K->420176K(656384K), 0.0028614 secs] [Times: user=0.01 sys=0.00, real=0.00 secs] 
2000.908: [GC (Allocation Failure) [PSYoungGen: 62304K->1376K(62976K)] 481104K->420176K(656384K), 0.0033699 secs] [Times: user=0.01 sys=0.00, real=0.01 secs] 
2001.616: [GC (Allocation Failure) [PSYoungGen: 62304K->1408K(62976K)] 481104K->420208K(656384K), 0.0022670 secs] [Times: user=0.01 sys=0.00, real=0.00 secs] 
2003.397: [GC (Allocation Failure) [PSYoungGen: 62336K->1632K(62976K)] 481136K->420432K(656384K), 0.0017654 secs] [Times: user=0.00 sys=0.00, real=0.00 secs] 
2004.087: [GC (Allocation Failure) [PSYoungGen: 62560K->1408K(62976K)] 481360K->420208K(656384K), 0.0016605 secs] [Times: user=0.00 sys=0.00, real=0.00 secs] 
2004.963: [GC (Allocation Failure) [PSYoungGen: 62336K->1408K(62976K)] 481136K->420216K(656384K), 0.0051108 secs] [Times: user=0.02 sys=0.00, real=0.00 secs] 
2005.996: [GC (Allocation Failure) [PSYoungGen: 62336K->1408K(62976K)] 481144K->420216K(656384K), 0.0019451 secs] [Times: user=0.01 sys=0.00, real=0.00 secs] 
2006.871: [GC (Allocation Failure) [PSYoungGen: 62336K->1408K(62976K)] 481144K->420216K(656384K), 0.0020867 secs] [Times: user=0.01 sys=0.00, real=0.01 secs] 
2008.032: [GC (Allocation Failure) [PSYoungGen: 62336K->1440K(62976K)] 481144K->420248K(656384K), 0.0019444 secs] [Times: user=0.01 sys=0.00, real=0.00 secs] 
2008.295: [GC (Allocation Failure) [PSYoungGen: 62368K->1376K(62976K)] 481176K->420184K(656384K), 0.0020733 secs] [Times: user=0.00 sys=0.00, real=0.00 secs] 
2008.698: [GC (Allocation Failure) [PSYoungGen: 62304K->1408K(62464K)] 481112K->420216K(655872K), 0.0021789 secs] [Times: user=0.01 sys=0.00, real=0.00 secs] 
2009.199: [GC (Allocation Failure) [PSYoungGen: 62336K->1376K(62464K)] 481144K->420184K(655872K), 0.0020772 secs] [Times: user=0.00 sys=0.00, real=0.00 secs] 
2009.632: [GC (Allocation Failure) [PSYoungGen: 62304K->1376K(62464K)] 481112K->420184K(655872K), 0.0028821 secs] [Times: user=0.01 sys=0.00, real=0.00 secs] 
2010.868: [GC (Allocation Failure) [PSYoungGen: 62304K->1424K(62464K)] 481112K->420232K(655872K), 0.0040874 secs] [Times: user=0.01 sys=0.01, real=0.01 secs] 
2011.380: [GC (Allocation Failure) [PSYoungGen: 62352K->1408K(62464K)] 481160K->420216K(655872K), 0.0028524 secs] [Times: user=0.01 sys=0.00, real=0.01 secs] 
2011.895: [GC (Allocation Failure) [PSYoungGen: 62336K->1376K(62464K)] 481144K->420184K(655872K), 0.0029036 secs] [Times: user=0.01 sys=0.00, real=0.00 secs] 
2012.430: [GC (Allocation Failure) [PSYoungGen: 62304K->1360K(62464K)] 481112K->420168K(655872K), 0.0025585 secs] [Times: user=0.01 sys=0.01, real=0.01 secs] 
2014.290: [GC (Allocation Failure) [PSYoungGen: 62288K->864K(61952K)] 481096K->420704K(655360K), 0.0019173 secs] [Times: user=0.01 sys=0.00, real=0.01 secs] 
2015.835: [GC (Allocation Failure) [PSYoungGen: 61280K->352K(62464K)] 481120K->420192K(655872K), 0.0054417 secs] [Times: user=0.02 sys=0.00, real=0.00 secs] 
2016.999: [GC (Allocation Failure) [PSYoungGen: 60768K->320K(62464K)] 480608K->420160K(655872K), 0.0053565 secs] [Times: user=0.02 sys=0.00, real=0.01 secs] 
2017.802: [GC (Allocation Failure) [PSYoungGen: 60736K->352K(62464K)] 480576K->420192K(655872K), 0.0030947 secs] [Times: user=0.01 sys=0.00, real=0.00 secs] 
2018.286: [GC (Allocation Failure) [PSYoungGen: 60768K->352K(62464K)] 480608K->420192K(655872K), 0.0025608 secs] [Times: user=0.01 sys=0.00, real=0.00 secs] 
2019.914: [GC (Allocation Failure) [PSYoungGen: 60768K->1440K(62464K)] 480608K->421280K(655872K), 0.0034971 secs] [Times: user=0.02 sys=0.00, real=0.00 secs] 
2020.631: [GC (Allocation Failure) [PSYoungGen: 61856K->1328K(62464K)] 481696K->421168K(655872K), 0.0028943 secs] [Times: user=0.02 sys=0.01, real=0.01 secs] 
2021.171: [GC (Allocation Failure) [PSYoungGen: 61744K->1408K(62464K)] 481584K->421248K(655872K), 0.0028173 secs] [Times: user=0.01 sys=0.00, real=0.01 secs] 
2021.418: [GC (Allocation Failure) [PSYoungGen: 61824K->1376K(61952K)] 481664K->421216K(655360K), 0.0019168 secs] [Times: user=0.00 sys=0.00, real=0.00 secs] 
2021.672: [GC (Allocation Failure) [PSYoungGen: 61280K->1392K(62464K)] 481120K->421232K(655872K), 0.0022321 secs] [Times: user=0.01 sys=0.00, real=0.00 secs] 
2023.395: [GC (Allocation Failure) [PSYoungGen: 61296K->1408K(62464K)] 481136K->421248K(655872K), 0.0025338 secs] [Times: user=0.01 sys=0.00, real=0.00 secs] 
2024.165: [GC (Allocation Failure) [PSYoungGen: 61312K->1376K(61440K)] 481152K->421216K(654848K), 0.0024213 secs] [Times: user=0.01 sys=0.00, real=0.00 secs] 
2024.937: [GC (Allocation Failure) [PSYoungGen: 61280K->1408K(61952K)] 481120K->421256K(655360K), 0.0025616 secs] [Times: user=0.01 sys=0.00, real=0.00 secs] 
2025.490: [GC (Allocation Failure) [PSYoungGen: 61312K->1376K(61952K)] 481160K->421224K(655360K), 0.0021803 secs] [Times: user=0.01 sys=0.00, real=0.01 secs] 
2026.738: [GC (Allocation Failure) [PSYoungGen: 61280K->1440K(61952K)] 481128K->421288K(655360K), 0.0018854 secs] [Times: user=0.01 sys=0.00, real=0.00 secs] 
2027.637: [GC (Allocation Failure) [PSYoungGen: 61344K->1408K(61952K)] 481192K->421256K(655360K), 0.0031402 secs] [Times: user=0.01 sys=0.00, real=0.00 secs] 
2028.100: [GC (Allocation Failure) [PSYoungGen: 61312K->1376K(61952K)] 481160K->421224K(655360K), 0.0022659 secs] [Times: user=0.01 sys=0.00, real=0.01 secs] 
2028.580: [GC (Allocation Failure) [PSYoungGen: 61280K->1408K(61952K)] 481128K->421256K(655360K), 0.0024267 secs] [Times: user=0.01 sys=0.00, real=0.01 secs] 
2028.962: [GC (Allocation Failure) [PSYoungGen: 61312K->1408K(61952K)] 481160K->421256K(655360K), 0.0019436 secs] [Times: user=0.01 sys=0.00, real=0.01 secs] 
2030.065: [GC (Allocation Failure) [PSYoungGen: 61312K->1472K(61952K)] 481160K->421320K(655360K), 0.0016684 secs] [Times: user=0.01 sys=0.00, real=0.00 secs] 
2030.479: [GC (Allocation Failure) [PSYoungGen: 61376K->1408K(61952K)] 481224K->421256K(655360K), 0.0019528 secs] [Times: user=0.01 sys=0.00, real=0.00 secs] 
2030.796: [GC (Allocation Failure) [PSYoungGen: 61312K->1344K(61952K)] 481160K->421192K(655360K), 0.0032939 secs] [Times: user=0.02 sys=0.00, real=0.00 secs] 
2031.123: [GC (Allocation Failure) [PSYoungGen: 61248K->1376K(61952K)] 481096K->421224K(655360K), 0.0022446 secs] [Times: user=0.00 sys=0.00, real=0.00 secs] 
2031.548: [GC (Allocation Failure) [PSYoungGen: 61280K->1376K(61952K)] 481128K->421232K(655360K), 0.0026028 secs] [Times: user=0.01 sys=0.00, real=0.00 secs] 
2032.574: [GC (Allocation Failure) [PSYoungGen: 61280K->1408K(61952K)] 481136K->421264K(655360K), 0.0017381 secs] [Times: user=0.01 sys=0.00, real=0.00 secs] 
2032.823: [GC (Allocation Failure) [PSYoungGen: 61312K->1408K(61952K)] 481168K->421264K(655360K), 0.0016146 secs] [Times: user=0.01 sys=0.00, real=0.00 secs] 
2033.072: [GC (Allocation Failure) [PSYoungGen: 61312K->1360K(61952K)] 481168K->421216K(655360K), 0.0017429 secs] [Times: user=0.01 sys=0.00, real=0.01 secs] 
2033.355: [GC (Allocation Failure) [PSYoungGen: 61264K->1408K(61952K)] 481120K->421264K(655360K), 0.0018380 secs] [Times: user=0.01 sys=0.00, real=0.00 secs] 
2033.603: [GC (Allocation Failure) [PSYoungGen: 61312K->1392K(61952K)] 481168K->421248K(655360K), 0.0017078 secs] [Times: user=0.01 sys=0.00, real=0.00 secs] 
2034.620: [GC (Allocation Failure) [PSYoungGen: 61296K->1408K(61952K)] 481152K->421264K(655360K), 0.0025272 secs] [Times: user=0.01 sys=0.00, real=0.01 secs] 
2034.870: [GC (Allocation Failure) [PSYoungGen: 61312K->1408K(61952K)] 481168K->421264K(655360K), 0.0021094 secs] [Times: user=0.01 sys=0.00, real=0.01 secs] 
2035.119: [GC (Allocation Failure) [PSYoungGen: 61312K->1440K(61952K)] 481168K->421296K(655360K), 0.0021265 secs] [Times: user=0.01 sys=0.00, real=0.00 secs] 
2035.368: [GC (Allocation Failure) [PSYoungGen: 61344K->1408K(61952K)] 481200K->421264K(655360K), 0.0018417 secs] [Times: user=0.00 sys=0.00, real=0.00 secs] 
2036.495: [GC (Allocation Failure) [PSYoungGen: 61312K->1472K(61952K)] 481168K->421328K(655360K), 0.0018894 secs] [Times: user=0.00 sys=0.01, real=0.00 secs] 
2037.005: [GC (Allocation Failure) [PSYoungGen: 61376K->1376K(61952K)] 481232K->421232K(655360K), 0.0019334 secs] [Times: user=0.01 sys=0.00, real=0.00 secs] 
2037.594: [GC (Allocation Failure) [PSYoungGen: 61280K->1360K(61952K)] 481136K->421216K(655360K), 0.0019181 secs] [Times: user=0.01 sys=0.00, real=0.00 secs] 
2038.467: [GC (Allocation Failure) [PSYoungGen: 61264K->1424K(61952K)] 481120K->421280K(655360K), 0.0025301 secs] [Times: user=0.01 sys=0.00, real=0.00 secs] 
2039.484: [GC (Allocation Failure) [PSYoungGen: 61328K->1376K(61952K)] 481184K->421232K(655360K), 0.0059655 secs] [Times: user=0.02 sys=0.00, real=0.00 secs] 
2041.247: [GC (Allocation Failure) [PSYoungGen: 61280K->1440K(61952K)] 481136K->421304K(655360K), 0.0018495 secs] [Times: user=0.01 sys=0.00, real=0.00 secs] 
2041.975: [GC (Allocation Failure) [PSYoungGen: 61344K->1376K(61952K)] 481208K->421240K(655360K), 0.0033418 secs] [Times: user=0.01 sys=0.00, real=0.00 secs] 
2042.740: [GC (Allocation Failure) [PSYoungGen: 61280K->1408K(61952K)] 481144K->421272K(655360K), 0.0041801 secs] [Times: user=0.02 sys=0.00, real=0.01 secs] 
2043.595: [GC (Allocation Failure) [PSYoungGen: 61312K->1408K(61440K)] 481176K->421272K(654848K), 0.0056462 secs] [Times: user=0.03 sys=0.00, real=0.00 secs] 
2044.383: [GC (Allocation Failure) [PSYoungGen: 61312K->1376K(61440K)] 481176K->421240K(654848K), 0.0034554 secs] [Times: user=0.02 sys=0.00, real=0.00 secs] 
2045.688: [GC (Allocation Failure) [PSYoungGen: 61280K->1392K(61440K)] 481144K->421256K(654848K), 0.0018161 secs] [Times: user=0.01 sys=0.00, real=0.00 secs] 
2046.208: [GC (Allocation Failure) [PSYoungGen: 61296K->1376K(61440K)] 481160K->421240K(654848K), 0.0034771 secs] [Times: user=0.01 sys=0.00, real=0.00 secs] 
2046.996: [GC (Allocation Failure) [PSYoungGen: 61280K->1408K(61440K)] 481144K->421272K(654848K), 0.0030332 secs] [Times: user=0.01 sys=0.00, real=0.00 secs] 
2047.884: [GC (Allocation Failure) [PSYoungGen: 61312K->1408K(61440K)] 481176K->421272K(654848K), 0.0029559 secs] [Times: user=0.01 sys=0.00, real=0.00 secs] 
2049.502: [GC (Allocation Failure) [PSYoungGen: 61312K->1504K(61440K)] 481176K->421376K(654848K), 0.0020193 secs] [Times: user=0.01 sys=0.00, real=0.00 secs] 
2050.420: [GC (Allocation Failure) [PSYoungGen: 61408K->1376K(61440K)] 481280K->421248K(654848K), 0.0039656 secs] [Times: user=0.02 sys=0.00, real=0.01 secs] 
2050.923: [GC (Allocation Failure) [PSYoungGen: 61280K->1408K(61440K)] 481152K->421280K(654848K), 0.0032832 secs] [Times: user=0.01 sys=0.00, real=0.00 secs] 
2051.382: [GC (Allocation Failure) [PSYoungGen: 61312K->1408K(61440K)] 481184K->421280K(654848K), 0.0024048 secs] [Times: user=0.01 sys=0.00, real=0.00 secs] 
2051.682: [GC (Allocation Failure) [PSYoungGen: 61312K->1376K(61440K)] 481184K->421248K(654848K), 0.0022381 secs] [Times: user=0.01 sys=0.00, real=0.00 secs] 
2052.682: [GC (Allocation Failure) [PSYoungGen: 61280K->1408K(61440K)] 481152K->421288K(654848K), 0.0016465 secs] [Times: user=0.00 sys=0.00, real=0.00 secs] 
2053.183: [GC (Allocation Failure) [PSYoungGen: 61312K->1376K(61440K)] 481192K->421264K(654848K), 0.0019088 secs] [Times: user=0.01 sys=0.00, real=0.00 secs] 
2053.674: [GC (Allocation Failure) [PSYoungGen: 61280K->1376K(61440K)] 481168K->421264K(654848K), 0.0017852 secs] [Times: user=0.00 sys=0.00, real=0.00 secs] 
2054.175: [GC (Allocation Failure) [PSYoungGen: 61280K->1408K(61440K)] 481168K->421304K(654848K), 0.0019103 secs] [Times: user=0.01 sys=0.00, real=0.00 secs] 
2054.426: [GC (Allocation Failure) [PSYoungGen: 61312K->1376K(61440K)] 481208K->421272K(654848K), 0.0019101 secs] [Times: user=0.01 sys=0.00, real=0.00 secs] 
2055.562: [GC (Allocation Failure) [PSYoungGen: 61280K->1408K(61440K)] 481176K->421312K(654848K), 0.0028767 secs] [Times: user=0.01 sys=0.00, real=0.00 secs] 
2056.064: [GC (Allocation Failure) [PSYoungGen: 61312K->1440K(61440K)] 481216K->421344K(654848K), 0.0030077 secs] [Times: user=0.01 sys=0.00, real=0.00 secs] 
2056.591: [GC (Allocation Failure) [PSYoungGen: 61344K->1408K(61440K)] 481248K->421312K(654848K), 0.0024022 secs] [Times: user=0.01 sys=0.00, real=0.01 secs] 
2056.842: [GC (Allocation Failure) [PSYoungGen: 61312K->1408K(61440K)] 481216K->421312K(654848K), 0.0019113 secs] [Times: user=0.01 sys=0.01, real=0.00 secs] 
2057.091: [GC (Allocation Failure) [PSYoungGen: 61312K->1408K(61440K)] 481216K->421312K(654848K), 0.0021663 secs] [Times: user=0.01 sys=0.00, real=0.01 secs] 
2058.407: [GC (Allocation Failure) [PSYoungGen: 61312K->1408K(61440K)] 481216K->421320K(654848K), 0.0016851 secs] [Times: user=0.01 sys=0.00, real=0.00 secs] 
2059.082: [GC (Allocation Failure) [PSYoungGen: 61312K->1376K(61440K)] 481224K->421288K(654848K), 0.0028369 secs] [Times: user=0.02 sys=0.00, real=0.00 secs] 
2059.663: [GC (Allocation Failure) [PSYoungGen: 61280K->1376K(61440K)] 481192K->421288K(654848K), 0.0036975 secs] [Times: user=0.02 sys=0.00, real=0.00 secs] 
2060.226: [GC (Allocation Failure) [PSYoungGen: 61280K->1408K(61440K)] 481192K->421336K(654848K), 0.0033065 secs] [Times: user=0.01 sys=0.00, real=0.00 secs] 
2061.555: [GC (Allocation Failure) [PSYoungGen: 61312K->1440K(61440K)] 481240K->421368K(654848K), 0.0016660 secs] [Times: user=0.01 sys=0.00, real=0.00 secs] 
2062.468: [GC (Allocation Failure) [PSYoungGen: 61344K->1408K(61440K)] 481272K->421344K(654848K), 0.0027738 secs] [Times: user=0.01 sys=0.00, real=0.00 secs] 
2063.052: [GC (Allocation Failure) [PSYoungGen: 61312K->1408K(61440K)] 481248K->421344K(654848K), 0.0034627 secs] [Times: user=0.01 sys=0.00, real=0.00 secs] 
2063.797: [GC (Allocation Failure) [PSYoungGen: 61312K->1376K(61440K)] 481248K->421312K(654848K), 0.0032483 secs] [Times: user=0.01 sys=0.01, real=0.00 secs] 
2064.658: [GC (Allocation Failure) [PSYoungGen: 61280K->1392K(61440K)] 481216K->421328K(654848K), 0.0033843 secs] [Times: user=0.02 sys=0.00, real=0.00 secs] 
2066.357: [GC (Allocation Failure) [PSYoungGen: 61296K->1376K(61440K)] 481232K->421312K(654848K), 0.0050852 secs] [Times: user=0.02 sys=0.01, real=0.01 secs] 
2067.326: [GC (Allocation Failure) [PSYoungGen: 61280K->1344K(61440K)] 481216K->421280K(654848K), 0.0035427 secs] [Times: user=0.01 sys=0.00, real=0.00 secs] 
2068.291: [GC (Allocation Failure) [PSYoungGen: 61248K->1440K(61440K)] 481184K->421376K(654848K), 0.0035192 secs] [Times: user=0.01 sys=0.00, real=0.01 secs] 
2069.014: [GC (Allocation Failure) [PSYoungGen: 61344K->1408K(61440K)] 481280K->421344K(654848K), 0.0033969 secs] [Times: user=0.02 sys=0.00, real=0.00 secs] 
2069.641: [GC (Allocation Failure) [PSYoungGen: 61312K->1408K(61440K)] 481248K->421344K(654848K), 0.0033837 secs] [Times: user=0.01 sys=0.00, real=0.01 secs] 
2070.988: [GC (Allocation Failure) [PSYoungGen: 61312K->1408K(61440K)] 481248K->421344K(654848K), 0.0020945 secs] [Times: user=0.00 sys=0.00, real=0.00 secs] 
2071.443: [GC (Allocation Failure) [PSYoungGen: 61312K->1408K(61440K)] 481248K->421344K(654848K), 0.0033992 secs] [Times: user=0.01 sys=0.00, real=0.00 secs] 
2071.940: [GC (Allocation Failure) [PSYoungGen: 61312K->1440K(61440K)] 481248K->421376K(654848K), 0.0024381 secs] [Times: user=0.01 sys=0.00, real=0.01 secs] 
2072.539: [GC (Allocation Failure) [PSYoungGen: 61344K->1408K(61440K)] 481280K->421344K(654848K), 0.0029311 secs] [Times: user=0.02 sys=0.00, real=0.01 secs] 
2074.159: [GC (Allocation Failure) [PSYoungGen: 61312K->1456K(61440K)] 481248K->421392K(654848K), 0.0015293 secs] [Times: user=0.01 sys=0.00, real=0.00 secs] 
2075.630: [GC (Allocation Failure) [PSYoungGen: 61360K->1376K(61440K)] 481296K->421320K(654848K), 0.0035822 secs] [Times: user=0.01 sys=0.00, real=0.01 secs] 
2076.051: [GC (Allocation Failure) [PSYoungGen: 61280K->1392K(61440K)] 481224K->421336K(654848K), 0.0023232 secs] [Times: user=0.01 sys=0.00, real=0.01 secs] 
2076.300: [GC (Allocation Failure) [PSYoungGen: 61296K->1440K(61440K)] 481240K->421384K(654848K), 0.0021484 secs] [Times: user=0.01 sys=0.00, real=0.01 secs] 
2076.549: [GC (Allocation Failure) [PSYoungGen: 61344K->1408K(61440K)] 481288K->421352K(654848K), 0.0020611 secs] [Times: user=0.01 sys=0.00, real=0.00 secs] 
2077.936: [GC (Allocation Failure) [PSYoungGen: 61312K->1408K(61440K)] 481256K->421352K(654848K), 0.0023819 secs] [Times: user=0.01 sys=0.00, real=0.00 secs] 
2078.898: [GC (Allocation Failure) [PSYoungGen: 61312K->1344K(61440K)] 481256K->421288K(654848K), 0.0043559 secs] [Times: user=0.02 sys=0.00, real=0.01 secs] 
2079.447: [GC (Allocation Failure) [PSYoungGen: 61248K->1376K(61440K)] 481192K->421320K(654848K), 0.0028709 secs] [Times: user=0.02 sys=0.00, real=0.00 secs] 
2079.916: [GC (Allocation Failure) [PSYoungGen: 61280K->1440K(61440K)] 481224K->421384K(654848K), 0.0024663 secs] [Times: user=0.01 sys=0.00, real=0.00 secs] 
2080.509: [GC (Allocation Failure) [PSYoungGen: 61344K->1376K(61440K)] 481288K->421320K(654848K), 0.0040068 secs] [Times: user=0.02 sys=0.00, real=0.01 secs] 
2082.162: [GC (Allocation Failure) [PSYoungGen: 61280K->1440K(61440K)] 481224K->421384K(654848K), 0.0029621 secs] [Times: user=0.02 sys=0.00, real=0.00 secs] 
2082.789: [GC (Allocation Failure) [PSYoungGen: 61344K->1344K(61440K)] 481288K->421288K(654848K), 0.0035704 secs] [Times: user=0.02 sys=0.01, real=0.01 secs] 
2083.406: [GC (Allocation Failure) [PSYoungGen: 61248K->1312K(61440K)] 481192K->421264K(654848K), 0.0028491 secs] [Times: user=0.01 sys=0.00, real=0.00 secs] 
2084.133: [GC (Allocation Failure) [PSYoungGen: 61216K->1408K(61440K)] 481168K->421360K(654848K), 0.0029054 secs] [Times: user=0.02 sys=0.00, real=0.00 secs] 
2084.950: [GC (Allocation Failure) [PSYoungGen: 61312K->1360K(61440K)] 481264K->421312K(654848K), 0.0041401 secs] [Times: user=0.01 sys=0.00, real=0.01 secs] 
2086.030: [GC (Allocation Failure) [PSYoungGen: 61264K->1408K(61440K)] 481216K->421368K(654848K), 0.0017276 secs] [Times: user=0.00 sys=0.00, real=0.01 secs] 
2086.279: [GC (Allocation Failure) [PSYoungGen: 61312K->1440K(61440K)] 481272K->421400K(654848K), 0.0018921 secs] [Times: user=0.01 sys=0.00, real=0.00 secs] 
2086.529: [GC (Allocation Failure) [PSYoungGen: 61344K->1376K(61440K)] 481304K->421336K(654848K), 0.0022583 secs] [Times: user=0.01 sys=0.00, real=0.00 secs] 
2086.780: [GC (Allocation Failure) [PSYoungGen: 61280K->1392K(61440K)] 481240K->421352K(654848K), 0.0028784 secs] [Times: user=0.01 sys=0.00, real=0.01 secs] 
2087.750: [GC (Allocation Failure) [PSYoungGen: 61296K->1440K(61440K)] 481256K->421400K(654848K), 0.0018240 secs] [Times: user=0.01 sys=0.00, real=0.01 secs] 
2088.003: [GC (Allocation Failure) [PSYoungGen: 61344K->1344K(61440K)] 481304K->421312K(654848K), 0.0017219 secs] [Times: user=0.00 sys=0.00, real=0.00 secs] 
2088.256: [GC (Allocation Failure) [PSYoungGen: 61248K->1376K(61440K)] 481216K->421344K(654848K), 0.0017670 secs] [Times: user=0.00 sys=0.00, real=0.00 secs] 
2088.511: [GC (Allocation Failure) [PSYoungGen: 61280K->1408K(61440K)] 481248K->421376K(654848K), 0.0026563 secs] [Times: user=0.01 sys=0.00, real=0.01 secs] 
2088.759: [GC (Allocation Failure) [PSYoungGen: 61312K->1376K(61440K)] 481280K->421344K(654848K), 0.0023334 secs] [Times: user=0.01 sys=0.00, real=0.00 secs] 
2090.219: [GC (Allocation Failure) [PSYoungGen: 61280K->1472K(61440K)] 481248K->421440K(654848K), 0.0019531 secs] [Times: user=0.01 sys=0.00, real=0.00 secs] 
2090.805: [GC (Allocation Failure) [PSYoungGen: 61376K->1376K(61440K)] 481344K->421360K(654848K), 0.0025070 secs] [Times: user=0.01 sys=0.00, real=0.00 secs] 
2091.341: [GC (Allocation Failure) [PSYoungGen: 61280K->1376K(61440K)] 481264K->421360K(654848K), 0.0029918 secs] [Times: user=0.01 sys=0.00, real=0.01 secs] 
2091.995: [GC (Allocation Failure) [PSYoungGen: 61280K->1376K(61440K)] 481264K->421360K(654848K), 0.0027909 secs] [Times: user=0.01 sys=0.00, real=0.00 secs] 
2092.626: [GC (Allocation Failure) [PSYoungGen: 61280K->1344K(61440K)] 481264K->421328K(654848K), 0.0033369 secs] [Times: user=0.01 sys=0.00, real=0.00 secs] 
2093.941: [GC (Allocation Failure) [PSYoungGen: 61248K->1408K(61440K)] 481232K->421392K(654848K), 0.0020237 secs] [Times: user=0.01 sys=0.00, real=0.01 secs] 
2094.725: [GC (Allocation Failure) [PSYoungGen: 61312K->1408K(61440K)] 481296K->421392K(654848K), 0.0044706 secs] [Times: user=0.02 sys=0.00, real=0.00 secs] 
2095.546: [GC (Allocation Failure) [PSYoungGen: 61312K->1376K(61440K)] 481296K->421360K(654848K), 0.0034523 secs] [Times: user=0.02 sys=0.01, real=0.00 secs] 
2096.256: [GC (Allocation Failure) [PSYoungGen: 61280K->1408K(61440K)] 481264K->421392K(654848K), 0.0032549 secs] [Times: user=0.01 sys=0.00, real=0.00 secs] 
2097.789: [GC (Allocation Failure) [PSYoungGen: 61312K->1504K(61440K)] 481296K->421488K(654848K), 0.0017645 secs] [Times: user=0.00 sys=0.00, real=0.00 secs] 
2098.058: [GC (Allocation Failure) [PSYoungGen: 61408K->1376K(61440K)] 481392K->421360K(654848K), 0.0018819 secs] [Times: user=0.01 sys=0.00, real=0.00 secs] 
2098.307: [GC (Allocation Failure) [PSYoungGen: 61280K->1376K(61440K)] 481264K->421360K(654848K), 0.0018380 secs] [Times: user=0.01 sys=0.00, real=0.00 secs] 
2098.568: [GC (Allocation Failure) [PSYoungGen: 61280K->1408K(61440K)] 481264K->421392K(654848K), 0.0023597 secs] [Times: user=0.01 sys=0.00, real=0.00 secs] 
2098.862: [GC (Allocation Failure) [PSYoungGen: 61312K->1344K(61440K)] 481296K->421328K(654848K), 0.0032773 secs] [Times: user=0.02 sys=0.00, real=0.00 secs] 
2099.863: [GC (Allocation Failure) [PSYoungGen: 61248K->1440K(61440K)] 481232K->421424K(654848K), 0.0018688 secs] [Times: user=0.00 sys=0.00, real=0.00 secs] 
2100.147: [GC (Allocation Failure) [PSYoungGen: 61344K->1376K(61440K)] 481328K->421360K(654848K), 0.0019571 secs] [Times: user=0.01 sys=0.00, real=0.00 secs] 
2100.396: [GC (Allocation Failure) [PSYoungGen: 61280K->1376K(61440K)] 481264K->421360K(654848K), 0.0018827 secs] [Times: user=0.00 sys=0.00, real=0.00 secs] 
2100.652: [GC (Allocation Failure) [PSYoungGen: 61280K->1408K(61440K)] 481264K->421416K(654848K), 0.0020977 secs] [Times: user=0.01 sys=0.01, real=0.00 secs] 
2100.912: [GC (Allocation Failure) [PSYoungGen: 61312K->1376K(61440K)] 481320K->421384K(654848K), 0.0021140 secs] [Times: user=0.00 sys=0.00, real=0.01 secs] 
2102.120: [GC (Allocation Failure) [PSYoungGen: 61280K->1408K(61440K)] 481288K->421416K(654848K), 0.0024330 secs] [Times: user=0.01 sys=0.00, real=0.01 secs] 
2102.638: [GC (Allocation Failure) [PSYoungGen: 61312K->1408K(61440K)] 481320K->421416K(654848K), 0.0041114 secs] [Times: user=0.02 sys=0.00, real=0.01 secs] 
2103.130: [GC (Allocation Failure) [PSYoungGen: 61312K->1408K(61440K)] 481320K->421416K(654848K), 0.0027412 secs] [Times: user=0.01 sys=0.00, real=0.01 secs] 
2103.647: [GC (Allocation Failure) [PSYoungGen: 61312K->1408K(61440K)] 481320K->421416K(654848K), 0.0027299 secs] [Times: user=0.01 sys=0.00, real=0.00 secs] 
2104.332: [GC (Allocation Failure) [PSYoungGen: 61312K->1376K(61440K)] 481320K->421384K(654848K), 0.0035710 secs] [Times: user=0.01 sys=0.00, real=0.00 secs] 
2105.635: [GC (Allocation Failure) [PSYoungGen: 61280K->1440K(61440K)] 481288K->421448K(654848K), 0.0021769 secs] [Times: user=0.01 sys=0.00, real=0.00 secs] 
2106.272: [GC (Allocation Failure) [PSYoungGen: 61344K->1440K(61440K)] 481352K->421448K(654848K), 0.0024536 secs] [Times: user=0.01 sys=0.00, real=0.00 secs] 
2107.064: [GC (Allocation Failure) [PSYoungGen: 61344K->1312K(61440K)] 481352K->421320K(654848K), 0.0028549 secs] [Times: user=0.01 sys=0.00, real=0.00 secs] 
2107.819: [GC (Allocation Failure) [PSYoungGen: 61216K->1408K(61440K)] 481224K->421416K(654848K), 0.0028929 secs] [Times: user=0.01 sys=0.00, real=0.00 secs] 
2109.260: [GC (Allocation Failure) [PSYoungGen: 61312K->1440K(61440K)] 481320K->421448K(654848K), 0.0018518 secs] [Times: user=0.01 sys=0.00, real=0.01 secs] 
2109.767: [GC (Allocation Failure) [PSYoungGen: 61344K->1376K(61440K)] 481352K->421384K(654848K), 0.0016992 secs] [Times: user=0.00 sys=0.00, real=0.00 secs] 
2110.446: [GC (Allocation Failure) [PSYoungGen: 61280K->1360K(61440K)] 481288K->421368K(654848K), 0.0021381 secs] [Times: user=0.01 sys=0.00, real=0.00 secs] 
2110.935: [GC (Allocation Failure) [PSYoungGen: 61264K->1376K(61440K)] 481272K->421384K(654848K), 0.0040890 secs] [Times: user=0.02 sys=0.00, real=0.00 secs] 
2111.486: [GC (Allocation Failure) [PSYoungGen: 61280K->1376K(61440K)] 481288K->421384K(654848K), 0.0025460 secs] [Times: user=0.01 sys=0.01, real=0.00 secs] 
2112.930: [GC (Allocation Failure) [PSYoungGen: 61280K->1376K(61440K)] 481288K->421384K(654848K), 0.0030927 secs] [Times: user=0.01 sys=0.00, real=0.01 secs] 
2113.556: [GC (Allocation Failure) [PSYoungGen: 61280K->1376K(61440K)] 481288K->421392K(654848K), 0.0021004 secs] [Times: user=0.01 sys=0.00, real=0.00 secs] 
2114.137: [GC (Allocation Failure) [PSYoungGen: 61280K->1408K(61440K)] 481296K->421424K(654848K), 0.0028052 secs] [Times: user=0.01 sys=0.00, real=0.00 secs] 
2114.624: [GC (Allocation Failure) [PSYoungGen: 61312K->1344K(61440K)] 481328K->421360K(654848K), 0.0039561 secs] [Times: user=0.02 sys=0.00, real=0.00 secs] 
2115.392: [GC (Allocation Failure) [PSYoungGen: 61248K->1408K(61440K)] 481264K->421424K(654848K), 0.0043446 secs] [Times: user=0.01 sys=0.00, real=0.00 secs] 
2116.839: [GC (Allocation Failure) [PSYoungGen: 61312K->1408K(61440K)] 481328K->421424K(654848K), 0.0017221 secs] [Times: user=0.01 sys=0.00, real=0.00 secs] 
2117.757: [GC (Allocation Failure) [PSYoungGen: 61312K->1344K(61440K)] 481328K->421360K(654848K), 0.0020132 secs] [Times: user=0.01 sys=0.00, real=0.00 secs] 
2118.486: [GC (Allocation Failure) [PSYoungGen: 61248K->1360K(61440K)] 481264K->421376K(654848K), 0.0021641 secs] [Times: user=0.01 sys=0.00, real=0.00 secs] 
2119.292: [GC (Allocation Failure) [PSYoungGen: 61264K->1376K(61440K)] 481280K->421392K(654848K), 0.0020300 secs] [Times: user=0.01 sys=0.00, real=0.00 secs] 
2120.794: [GC (Allocation Failure) [PSYoungGen: 61133K->256K(60928K)] 481149K->420272K(654336K), 0.0016023 secs] [Times: user=0.01 sys=0.00, real=0.00 secs] 
2121.490: [GC (Allocation Failure) [PSYoungGen: 59648K->1408K(61440K)] 479664K->421424K(654848K), 0.0023824 secs] [Times: user=0.01 sys=0.00, real=0.01 secs] 
2122.164: [GC (Allocation Failure) [PSYoungGen: 60800K->1344K(61440K)] 480816K->421360K(654848K), 0.0034038 secs] [Times: user=0.01 sys=0.00, real=0.00 secs] 
2122.626: [GC (Allocation Failure) [PSYoungGen: 60736K->1360K(61440K)] 480752K->421376K(654848K), 0.0038456 secs] [Times: user=0.02 sys=0.00, real=0.00 secs] 
2123.125: [GC (Allocation Failure) [PSYoungGen: 60752K->1408K(61440K)] 480768K->421424K(654848K), 0.0027639 secs] [Times: user=0.01 sys=0.00, real=0.00 secs] 
2124.559: [GC (Allocation Failure) [PSYoungGen: 60800K->1408K(61440K)] 480816K->421432K(654848K), 0.0022873 secs] [Times: user=0.01 sys=0.00, real=0.00 secs] 
2125.102: [GC (Allocation Failure) [PSYoungGen: 60800K->1376K(61440K)] 480824K->421400K(654848K), 0.0028352 secs] [Times: user=0.01 sys=0.00, real=0.00 secs] 
2125.556: [GC (Allocation Failure) [PSYoungGen: 60768K->1408K(61440K)] 480792K->421432K(654848K), 0.0024341 secs] [Times: user=0.01 sys=0.00, real=0.00 secs] 
2125.930: [GC (Allocation Failure) [PSYoungGen: 60800K->1376K(61440K)] 480824K->421400K(654848K), 0.0023243 secs] [Times: user=0.01 sys=0.00, real=0.01 secs] 
2126.319: [GC (Allocation Failure) [PSYoungGen: 60768K->1376K(61440K)] 480792K->421400K(654848K), 0.0021529 secs] [Times: user=0.01 sys=0.00, real=0.00 secs] 
2127.904: [GC (Allocation Failure) [PSYoungGen: 60768K->1408K(61440K)] 480792K->421432K(654848K), 0.0046221 secs] [Times: user=0.02 sys=0.00, real=0.00 secs] 
2128.600: [GC (Allocation Failure) [PSYoungGen: 60800K->1408K(61440K)] 480824K->421432K(654848K), 0.0032422 secs] [Times: user=0.02 sys=0.00, real=0.01 secs] 
2129.162: [GC (Allocation Failure) [PSYoungGen: 60800K->1408K(61440K)] 480824K->421432K(654848K), 0.0027906 secs] [Times: user=0.01 sys=0.00, real=0.00 secs] 
2129.884: [GC (Allocation Failure) [PSYoungGen: 60800K->1376K(61440K)] 480824K->421400K(654848K), 0.0034490 secs] [Times: user=0.01 sys=0.00, real=0.00 secs] 
2130.401: [GC (Allocation Failure) [PSYoungGen: 60768K->1408K(61440K)] 480792K->421432K(654848K), 0.0025815 secs] [Times: user=0.01 sys=0.00, real=0.01 secs] 
2131.456: [GC (Allocation Failure) [PSYoungGen: 60800K->1440K(61440K)] 480824K->421464K(654848K), 0.0017030 secs] [Times: user=0.00 sys=0.00, real=0.00 secs] 
2131.704: [GC (Allocation Failure) [PSYoungGen: 60832K->1376K(61440K)] 480856K->421408K(654848K), 0.0018045 secs] [Times: user=0.01 sys=0.00, real=0.00 secs] 
2132.055: [GC (Allocation Failure) [PSYoungGen: 60768K->1424K(61440K)] 480800K->421456K(654848K), 0.0018265 secs] [Times: user=0.01 sys=0.00, real=0.00 secs] 
2132.511: [GC (Allocation Failure) [PSYoungGen: 60816K->1408K(61440K)] 480848K->421440K(654848K), 0.0019098 secs] [Times: user=0.00 sys=0.00, real=0.01 secs] 
2133.122: [GC (Allocation Failure) [PSYoungGen: 60800K->1405K(61440K)] 480832K->421437K(654848K), 0.0015270 secs] [Times: user=0.00 sys=0.00, real=0.00 secs] 
2134.170: [GC (Allocation Failure) [PSYoungGen: 60797K->1440K(61440K)] 480829K->421472K(654848K), 0.0022275 secs] [Times: user=0.01 sys=0.00, real=0.01 secs] 
2134.703: [GC (Allocation Failure) [PSYoungGen: 60832K->1376K(61440K)] 480864K->421408K(654848K), 0.0030133 secs] [Times: user=0.02 sys=0.00, real=0.00 secs] 
2135.316: [GC (Allocation Failure) [PSYoungGen: 60768K->1408K(60928K)] 480800K->421440K(654336K), 0.0027977 secs] [Times: user=0.01 sys=0.00, real=0.00 secs] 
2136.232: [GC (Allocation Failure) [PSYoungGen: 60800K->1376K(60928K)] 480832K->421408K(654336K), 0.0042754 secs] [Times: user=0.02 sys=0.00, real=0.00 secs] 
2137.802: [GC (Allocation Failure) [PSYoungGen: 60768K->384K(60416K)] 480800K->421440K(653824K), 0.0017896 secs] [Times: user=0.01 sys=0.00, real=0.00 secs] 
2138.049: [GC (Allocation Failure) [PSYoungGen: 59776K->416K(61440K)] 480832K->421480K(654848K), 0.0017969 secs] [Times: user=0.00 sys=0.00, real=0.00 secs] 
2138.296: [GC (Allocation Failure) [PSYoungGen: 59808K->320K(61440K)] 480872K->421384K(654848K), 0.0017289 secs] [Times: user=0.01 sys=0.00, real=0.00 secs] 
2138.564: [GC (Allocation Failure) [PSYoungGen: 59712K->384K(61440K)] 480776K->421448K(654848K), 0.0019438 secs] [Times: user=0.01 sys=0.00, real=0.00 secs] 
2138.813: [GC (Allocation Failure) [PSYoungGen: 59776K->352K(61440K)] 480840K->421416K(654848K), 0.0021533 secs] [Times: user=0.01 sys=0.00, real=0.00 secs] 
2139.755: [GC (Allocation Failure) [PSYoungGen: 59744K->1408K(61440K)] 480808K->422472K(654848K), 0.0017017 secs] [Times: user=0.01 sys=0.00, real=0.00 secs] 
2140.001: [GC (Allocation Failure) [PSYoungGen: 60800K->1344K(61440K)] 481864K->422416K(654848K), 0.0018055 secs] [Times: user=0.01 sys=0.00, real=0.01 secs] 
2140.248: [GC (Allocation Failure) [PSYoungGen: 60736K->1344K(61440K)] 481808K->422416K(654848K), 0.0017605 secs] [Times: user=0.01 sys=0.00, real=0.00 secs] 
2140.494: [GC (Allocation Failure) [PSYoungGen: 60736K->1408K(61952K)] 481808K->422480K(655360K), 0.0018108 secs] [Times: user=0.00 sys=0.00, real=0.00 secs] 
2140.740: [GC (Allocation Failure) [PSYoungGen: 60800K->1408K(61952K)] 481872K->422480K(655360K), 0.0022564 secs] [Times: user=0.01 sys=0.00, real=0.01 secs] 
2142.403: [GC (Allocation Failure) [PSYoungGen: 60800K->1408K(61952K)] 481872K->422480K(655360K), 0.0035695 secs] [Times: user=0.01 sys=0.00, real=0.00 secs] 
2142.872: [GC (Allocation Failure) [PSYoungGen: 60800K->1408K(61952K)] 481872K->422480K(655360K), 0.0023355 secs] [Times: user=0.00 sys=0.00, real=0.00 secs] 
2143.216: [GC (Allocation Failure) [PSYoungGen: 60800K->1408K(61952K)] 481872K->422480K(655360K), 0.0022589 secs] [Times: user=0.01 sys=0.00, real=0.00 secs] 
2143.591: [GC (Allocation Failure) [PSYoungGen: 60800K->1376K(61952K)] 481872K->422448K(655360K), 0.0026821 secs] [Times: user=0.01 sys=0.00, real=0.01 secs] 
2144.028: [GC (Allocation Failure) [PSYoungGen: 60758K->240K(61952K)] 481831K->421312K(655360K), 0.0028522 secs] [Times: user=0.02 sys=0.00, real=0.00 secs] 
2145.342: [GC (Allocation Failure) [PSYoungGen: 59632K->1408K(61952K)] 480704K->422480K(655360K), 0.0028671 secs] [Times: user=0.01 sys=0.00, real=0.00 secs] 
2145.971: [GC (Allocation Failure) [PSYoungGen: 60800K->1376K(61952K)] 481872K->422448K(655360K), 0.0032278 secs] [Times: user=0.01 sys=0.00, real=0.01 secs] 
2146.528: [GC (Allocation Failure) [PSYoungGen: 60768K->1376K(61952K)] 481840K->422448K(655360K), 0.0032817 secs] [Times: user=0.02 sys=0.00, real=0.00 secs] 
2147.138: [GC (Allocation Failure) [PSYoungGen: 60768K->1408K(61952K)] 481840K->422480K(655360K), 0.0036860 secs] [Times: user=0.01 sys=0.00, real=0.01 secs] 
2148.482: [GC (Allocation Failure) [PSYoungGen: 60800K->1408K(61952K)] 481872K->422480K(655360K), 0.0019406 secs] [Times: user=0.01 sys=0.00, real=0.01 secs] 
2148.737: [GC (Allocation Failure) [PSYoungGen: 60800K->1408K(61952K)] 481872K->422480K(655360K), 0.0019261 secs] [Times: user=0.01 sys=0.00, real=0.00 secs] 
2149.084: [GC (Allocation Failure) [PSYoungGen: 60800K->1376K(60928K)] 481872K->422448K(654336K), 0.0019960 secs] [Times: user=0.00 sys=0.00, real=0.00 secs] 
2149.383: [GC (Allocation Failure) [PSYoungGen: 60768K->1344K(61440K)] 481840K->422416K(654848K), 0.0020055 secs] [Times: user=0.00 sys=0.00, real=0.00 secs] 
2149.698: [GC (Allocation Failure) [PSYoungGen: 60736K->1376K(61440K)] 481808K->422448K(654848K), 0.0021506 secs] [Times: user=0.01 sys=0.00, real=0.00 secs] 
2150.810: [GC (Allocation Failure) [PSYoungGen: 60768K->1440K(61440K)] 481840K->422512K(654848K), 0.0017711 secs] [Times: user=0.01 sys=0.00, real=0.01 secs] 
2151.585: [GC (Allocation Failure) [PSYoungGen: 60832K->1408K(61440K)] 481904K->422488K(654848K), 0.0018752 secs] [Times: user=0.01 sys=0.00, real=0.00 secs] 
2152.256: [GC (Allocation Failure) [PSYoungGen: 60800K->1376K(61440K)] 481880K->422456K(654848K), 0.0023952 secs] [Times: user=0.01 sys=0.00, real=0.00 secs] 
2152.821: [GC (Allocation Failure) [PSYoungGen: 60768K->1376K(61440K)] 481848K->422456K(654848K), 0.0025318 secs] [Times: user=0.01 sys=0.00, real=0.01 secs] 
2153.354: [GC (Allocation Failure) [PSYoungGen: 60768K->1376K(61440K)] 481848K->422456K(654848K), 0.0036022 secs] [Times: user=0.02 sys=0.00, real=0.00 secs] 
2154.616: [GC (Allocation Failure) [PSYoungGen: 60768K->1440K(61440K)] 481848K->422520K(654848K), 0.0017760 secs] [Times: user=0.01 sys=0.00, real=0.00 secs] 
2155.185: [GC (Allocation Failure) [PSYoungGen: 60832K->1408K(61440K)] 481912K->422496K(654848K), 0.0022513 secs] [Times: user=0.01 sys=0.00, real=0.00 secs] 
2155.444: [GC (Allocation Failure) [PSYoungGen: 60800K->1376K(61440K)] 481888K->422464K(654848K), 0.0022330 secs] [Times: user=0.00 sys=0.00, real=0.00 secs] 
2155.692: [GC (Allocation Failure) [PSYoungGen: 60768K->1424K(61440K)] 481856K->422512K(654848K), 0.0021572 secs] [Times: user=0.01 sys=0.00, real=0.00 secs] 
2155.938: [GC (Allocation Failure) [PSYoungGen: 60816K->1408K(61440K)] 481904K->422496K(654848K), 0.0020695 secs] [Times: user=0.00 sys=0.00, real=0.00 secs] 
2157.733: [GC (Allocation Failure) [PSYoungGen: 60800K->1376K(61440K)] 481888K->422464K(654848K), 0.0022566 secs] [Times: user=0.01 sys=0.00, real=0.00 secs] 
2158.284: [GC (Allocation Failure) [PSYoungGen: 60768K->1344K(61440K)] 481856K->422432K(654848K), 0.0023848 secs] [Times: user=0.01 sys=0.00, real=0.00 secs] 
2158.873: [GC (Allocation Failure) [PSYoungGen: 60736K->1440K(61440K)] 481824K->422528K(654848K), 0.0023733 secs] [Times: user=0.01 sys=0.00, real=0.00 secs] 
2159.239: [GC (Allocation Failure) [PSYoungGen: 60832K->1440K(61440K)] 481920K->422528K(654848K), 0.0025600 secs] [Times: user=0.01 sys=0.00, real=0.01 secs] 
2160.548: [GC (Allocation Failure) [PSYoungGen: 60832K->1408K(61440K)] 481920K->422496K(654848K), 0.0017705 secs] [Times: user=0.01 sys=0.00, real=0.00 secs] 
2161.587: [GC (Allocation Failure) [PSYoungGen: 60800K->1376K(61440K)] 481888K->422464K(654848K), 0.0059531 secs] [Times: user=0.03 sys=0.00, real=0.01 secs] 
2162.646: [GC (Allocation Failure) [PSYoungGen: 60768K->1344K(61440K)] 481856K->422440K(654848K), 0.0059882 secs] [Times: user=0.03 sys=0.00, real=0.01 secs] 
2163.398: [GC (Allocation Failure) [PSYoungGen: 60736K->1344K(61440K)] 481832K->422440K(654848K), 0.0043369 secs] [Times: user=0.02 sys=0.01, real=0.01 secs] 
2163.785: [GC (Allocation Failure) [PSYoungGen: 60736K->1408K(61440K)] 481832K->422504K(654848K), 0.0020196 secs] [Times: user=0.01 sys=0.00, real=0.00 secs] 
2165.003: [GC (Allocation Failure) [PSYoungGen: 60800K->1408K(61440K)] 481896K->422504K(654848K), 0.0021082 secs] [Times: user=0.01 sys=0.00, real=0.00 secs] 
2165.544: [GC (Allocation Failure) [PSYoungGen: 60800K->1376K(61440K)] 481896K->422472K(654848K), 0.0020352 secs] [Times: user=0.01 sys=0.00, real=0.00 secs] 
2166.100: [GC (Allocation Failure) [PSYoungGen: 60768K->1408K(61440K)] 481864K->422504K(654848K), 0.0021798 secs] [Times: user=0.01 sys=0.00, real=0.01 secs] 
2166.474: [GC (Allocation Failure) [PSYoungGen: 60800K->1440K(61440K)] 481896K->422536K(654848K), 0.0022013 secs] [Times: user=0.01 sys=0.00, real=0.00 secs] 
2166.850: [GC (Allocation Failure) [PSYoungGen: 60832K->1392K(60928K)] 481928K->422488K(654336K), 0.0022316 secs] [Times: user=0.00 sys=0.00, real=0.01 secs] 
2168.450: [GC (Allocation Failure) [PSYoungGen: 60784K->1376K(60928K)] 481880K->422472K(654336K), 0.0050445 secs] [Times: user=0.02 sys=0.00, real=0.01 secs] 
2169.119: [GC (Allocation Failure) [PSYoungGen: 60768K->1408K(60928K)] 481864K->422504K(654336K), 0.0028387 secs] [Times: user=0.01 sys=0.00, real=0.00 secs] 
2169.684: [GC (Allocation Failure) [PSYoungGen: 60800K->1376K(60928K)] 481896K->422472K(654336K), 0.0029201 secs] [Times: user=0.01 sys=0.00, real=0.00 secs] 
2170.179: [GC (Allocation Failure) [PSYoungGen: 60768K->1376K(60928K)] 481864K->422472K(654336K), 0.0020402 secs] [Times: user=0.01 sys=0.00, real=0.00 secs] 
2170.698: [GC (Allocation Failure) [PSYoungGen: 60768K->1376K(60928K)] 481864K->422472K(654336K), 0.0019941 secs] [Times: user=0.01 sys=0.00, real=0.00 secs] 
2172.015: [GC (Allocation Failure) [PSYoungGen: 60768K->1392K(60928K)] 481864K->422488K(654336K), 0.0025497 secs] [Times: user=0.01 sys=0.00, real=0.00 secs] 
2172.378: [GC (Allocation Failure) [PSYoungGen: 60784K->1376K(60928K)] 481880K->422488K(654336K), 0.0022604 secs] [Times: user=0.01 sys=0.00, real=0.00 secs] 
2172.625: [GC (Allocation Failure) [PSYoungGen: 60768K->1408K(60928K)] 481880K->422528K(654336K), 0.0020421 secs] [Times: user=0.01 sys=0.00, real=0.00 secs] 
2172.872: [GC (Allocation Failure) [PSYoungGen: 60800K->1408K(60928K)] 481920K->422528K(654336K), 0.0020751 secs] [Times: user=0.00 sys=0.00, real=0.00 secs] 
2174.011: [GC (Allocation Failure) [PSYoungGen: 60800K->1472K(60928K)] 481920K->422592K(654336K), 0.0017456 secs] [Times: user=0.01 sys=0.00, real=0.01 secs] 
2174.513: [GC (Allocation Failure) [PSYoungGen: 60864K->1376K(60928K)] 481984K->422504K(654336K), 0.0018603 secs] [Times: user=0.01 sys=0.00, real=0.00 secs] 
2175.024: [GC (Allocation Failure) [PSYoungGen: 60768K->1360K(60928K)] 481896K->422488K(654336K), 0.0019886 secs] [Times: user=0.01 sys=0.00, real=0.00 secs] 
2175.674: [GC (Allocation Failure) [PSYoungGen: 60752K->1376K(60928K)] 481880K->422504K(654336K), 0.0020481 secs] [Times: user=0.01 sys=0.00, real=0.00 secs] 
2176.424: [GC (Allocation Failure) [PSYoungGen: 60768K->1440K(60928K)] 481896K->422568K(654336K), 0.0021348 secs] [Times: user=0.01 sys=0.00, real=0.00 secs] 
2177.955: [GC (Allocation Failure) [PSYoungGen: 60832K->1408K(60928K)] 481960K->422536K(654336K), 0.0022501 secs] [Times: user=0.01 sys=0.00, real=0.00 secs] 
2178.636: [GC (Allocation Failure) [PSYoungGen: 60800K->1376K(60928K)] 481928K->422504K(654336K), 0.0033760 secs] [Times: user=0.02 sys=0.00, real=0.00 secs] 
2179.151: [GC (Allocation Failure) [PSYoungGen: 60768K->1408K(60928K)] 481896K->422536K(654336K), 0.0041885 secs] [Times: user=0.02 sys=0.00, real=0.01 secs] 
2179.716: [GC (Allocation Failure) [PSYoungGen: 60800K->1376K(60928K)] 481928K->422520K(654336K), 0.0052097 secs] [Times: user=0.02 sys=0.00, real=0.01 secs] 
2180.086: [GC (Allocation Failure) [PSYoungGen: 60768K->1376K(60928K)] 481912K->422520K(654336K), 0.0019900 secs] [Times: user=0.01 sys=0.00, real=0.00 secs] 
2181.295: [GC (Allocation Failure) [PSYoungGen: 60768K->1472K(60928K)] 481912K->422616K(654336K), 0.0017859 secs] [Times: user=0.01 sys=0.00, real=0.00 secs] 
2181.841: [GC (Allocation Failure) [PSYoungGen: 60864K->1408K(60928K)] 482008K->422560K(654336K), 0.0017971 secs] [Times: user=0.01 sys=0.00, real=0.01 secs] 
2182.378: [GC (Allocation Failure) [PSYoungGen: 60800K->1376K(60928K)] 481952K->422528K(654336K), 0.0020616 secs] [Times: user=0.01 sys=0.00, real=0.00 secs] 
2182.642: [GC (Allocation Failure) [PSYoungGen: 60768K->1376K(60928K)] 481920K->422528K(654336K), 0.0019755 secs] [Times: user=0.01 sys=0.00, real=0.00 secs] 
2182.889: [GC (Allocation Failure) [PSYoungGen: 60768K->1328K(60928K)] 481920K->422480K(654336K), 0.0020019 secs] [Times: user=0.01 sys=0.00, real=0.00 secs] 
2184.139: [GC (Allocation Failure) [PSYoungGen: 60720K->1408K(60928K)] 481872K->422568K(654336K), 0.0017425 secs] [Times: user=0.01 sys=0.00, real=0.00 secs] 
2184.737: [GC (Allocation Failure) [PSYoungGen: 60800K->1376K(60928K)] 481960K->422536K(654336K), 0.0019454 secs] [Times: user=0.01 sys=0.00, real=0.00 secs] 
2185.024: [GC (Allocation Failure) [PSYoungGen: 60768K->1376K(60928K)] 481928K->422536K(654336K), 0.0019102 secs] [Times: user=0.01 sys=0.00, real=0.00 secs] 
2185.272: [GC (Allocation Failure) [PSYoungGen: 60768K->1408K(60928K)] 481928K->422568K(654336K), 0.0021661 secs] [Times: user=0.01 sys=0.00, real=0.01 secs] 
2186.296: [GC (Allocation Failure) [PSYoungGen: 60800K->928K(60928K)] 481960K->423112K(654336K), 0.0019409 secs] [Times: user=0.01 sys=0.00, real=0.00 secs] 
2186.950: [GC (Allocation Failure) [PSYoungGen: 60320K->384K(60928K)] 482504K->422568K(654336K), 0.0021744 secs] [Times: user=0.01 sys=0.00, real=0.01 secs] 
2187.386: [GC (Allocation Failure) [PSYoungGen: 59776K->368K(61440K)] 481960K->422552K(654848K), 0.0022880 secs] [Times: user=0.00 sys=0.00, real=0.00 secs] 
2187.626: [GC (Allocation Failure) [PSYoungGen: 59760K->384K(61440K)] 481944K->422568K(654848K), 0.0019310 secs] [Times: user=0.01 sys=0.00, real=0.00 secs] 
2187.872: [GC (Allocation Failure) [PSYoungGen: 59776K->352K(61440K)] 481960K->422536K(654848K), 0.0019569 secs] [Times: user=0.01 sys=0.00, real=0.00 secs] 
2188.942: [GC (Allocation Failure) [PSYoungGen: 59744K->1376K(61440K)] 481928K->423560K(654848K), 0.0017514 secs] [Times: user=0.00 sys=0.00, real=0.00 secs] 
2189.535: [GC (Allocation Failure) [PSYoungGen: 60768K->1376K(61440K)] 482952K->423576K(654848K), 0.0042310 secs] [Times: user=0.01 sys=0.01, real=0.00 secs] 
2190.103: [GC (Allocation Failure) [PSYoungGen: 60768K->1408K(61440K)] 482968K->423608K(654848K), 0.0032464 secs] [Times: user=0.01 sys=0.00, real=0.00 secs] 
2190.549: [GC (Allocation Failure) [PSYoungGen: 60800K->1344K(61440K)] 483000K->423544K(654848K), 0.0026990 secs] [Times: user=0.01 sys=0.00, real=0.00 secs] 
2191.027: [GC (Allocation Failure) [PSYoungGen: 60736K->1376K(61440K)] 482936K->423576K(654848K), 0.0025416 secs] [Times: user=0.01 sys=0.00, real=0.00 secs] 
2192.709: [GC (Allocation Failure) [PSYoungGen: 60768K->1408K(61440K)] 482968K->423608K(654848K), 0.0035145 secs] [Times: user=0.02 sys=0.00, real=0.01 secs] 
2193.361: [GC (Allocation Failure) [PSYoungGen: 60800K->1408K(61440K)] 483000K->423608K(654848K), 0.0032419 secs] [Times: user=0.01 sys=0.00, real=0.01 secs] 
2193.954: [GC (Allocation Failure) [PSYoungGen: 60800K->1376K(61440K)] 483000K->423576K(654848K), 0.0029132 secs] [Times: user=0.01 sys=0.00, real=0.00 secs] 
2194.442: [GC (Allocation Failure) [PSYoungGen: 60768K->1408K(61440K)] 482968K->423608K(654848K), 0.0062492 secs] [Times: user=0.03 sys=0.00, real=0.00 secs] 
2195.070: [GC (Allocation Failure) [PSYoungGen: 60800K->1344K(61440K)] 483000K->423544K(654848K), 0.0030408 secs] [Times: user=0.01 sys=0.00, real=0.01 secs] 
2197.328: [GC (Allocation Failure) [PSYoungGen: 60736K->1376K(61440K)] 482936K->423576K(654848K), 0.0047448 secs] [Times: user=0.02 sys=0.00, real=0.01 secs] 
2198.691: [GC (Allocation Failure) [PSYoungGen: 60768K->1408K(61440K)] 482968K->423608K(654848K), 0.0056653 secs] [Times: user=0.02 sys=0.00, real=0.01 secs] 
2199.323: [GC (Allocation Failure) [PSYoungGen: 60800K->1408K(61440K)] 483000K->423608K(654848K), 0.0033129 secs] [Times: user=0.02 sys=0.00, real=0.00 secs] 
2199.865: [GC (Allocation Failure) [PSYoungGen: 60800K->1408K(61440K)] 483000K->423608K(654848K), 0.0024061 secs] [Times: user=0.01 sys=0.00, real=0.00 secs] 
2201.428: [GC (Allocation Failure) [PSYoungGen: 60800K->1920K(61440K)] 483000K->424120K(654848K), 0.0018350 secs] [Times: user=0.01 sys=0.00, real=0.00 secs] 
2202.177: [GC (Allocation Failure) [PSYoungGen: 61312K->1408K(60928K)] 483512K->423608K(654336K), 0.0021647 secs] [Times: user=0.01 sys=0.00, real=0.00 secs] 
2202.789: [GC (Allocation Failure) [PSYoungGen: 60800K->1376K(61440K)] 483000K->423576K(654848K), 0.0028791 secs] [Times: user=0.01 sys=0.00, real=0.01 secs] 
2203.551: [GC (Allocation Failure) [PSYoungGen: 60768K->1376K(61440K)] 482968K->423576K(654848K), 0.0035212 secs] [Times: user=0.02 sys=0.00, real=0.01 secs] 
2204.521: [GC (Allocation Failure) [PSYoungGen: 60768K->1408K(61440K)] 482968K->423608K(654848K), 0.0041698 secs] [Times: user=0.02 sys=0.00, real=0.01 secs] 
2205.979: [GC (Allocation Failure) [PSYoungGen: 60800K->1408K(61440K)] 483000K->423608K(654848K), 0.0021986 secs] [Times: user=0.01 sys=0.00, real=0.00 secs] 
2206.227: [GC (Allocation Failure) [PSYoungGen: 60800K->1440K(61440K)] 483000K->423648K(654848K), 0.0019515 secs] [Times: user=0.01 sys=0.00, real=0.00 secs] 
2206.474: [GC (Allocation Failure) [PSYoungGen: 60832K->1392K(61440K)] 483040K->423600K(654848K), 0.0018145 secs] [Times: user=0.00 sys=0.00, real=0.00 secs] 
2206.733: [GC (Allocation Failure) [PSYoungGen: 60784K->1408K(61440K)] 482992K->423616K(654848K), 0.0022312 secs] [Times: user=0.00 sys=0.00, real=0.00 secs] 
2207.017: [GC (Allocation Failure) [PSYoungGen: 60800K->1376K(61440K)] 483008K->423584K(654848K), 0.0021219 secs] [Times: user=0.01 sys=0.00, real=0.00 secs] 
2208.118: [GC (Allocation Failure) [PSYoungGen: 60768K->1472K(61440K)] 482976K->423680K(654848K), 0.0018315 secs] [Times: user=0.01 sys=0.00, real=0.00 secs] 
2208.703: [GC (Allocation Failure) [PSYoungGen: 60864K->1408K(61440K)] 483072K->423624K(654848K), 0.0023427 secs] [Times: user=0.01 sys=0.00, real=0.00 secs] 
2209.320: [GC (Allocation Failure) [PSYoungGen: 60800K->1376K(61440K)] 483016K->423592K(654848K), 0.0024929 secs] [Times: user=0.01 sys=0.00, real=0.01 secs] 
2209.816: [GC (Allocation Failure) [PSYoungGen: 60768K->1376K(61440K)] 482984K->423592K(654848K), 0.0023579 secs] [Times: user=0.01 sys=0.00, real=0.00 secs] 
2210.088: [GC (Allocation Failure) [PSYoungGen: 60768K->1376K(61440K)] 482984K->423592K(654848K), 0.0021205 secs] [Times: user=0.01 sys=0.00, real=0.00 secs] 
2211.162: [GC (Allocation Failure) [PSYoungGen: 60768K->1440K(61440K)] 482984K->423672K(654848K), 0.0018377 secs] [Times: user=0.01 sys=0.00, real=0.00 secs] 
2211.656: [GC (Allocation Failure) [PSYoungGen: 60832K->1392K(61440K)] 483064K->423624K(654848K), 0.0044593 secs] [Times: user=0.01 sys=0.01, real=0.00 secs] 
2212.155: [GC (Allocation Failure) [PSYoungGen: 60784K->1344K(61440K)] 483016K->423576K(654848K), 0.0029024 secs] [Times: user=0.01 sys=0.00, real=0.00 secs] 
2212.661: [GC (Allocation Failure) [PSYoungGen: 60736K->1344K(61440K)] 482968K->423576K(654848K), 0.0025919 secs] [Times: user=0.01 sys=0.00, real=0.01 secs] 
2213.883: [GC (Allocation Failure) [PSYoungGen: 60736K->1936K(61440K)] 482968K->424168K(654848K), 0.0015790 secs] [Times: user=0.01 sys=0.00, real=0.00 secs] 
2214.571: [GC (Allocation Failure) [PSYoungGen: 61328K->1376K(61440K)] 483560K->423608K(654848K), 0.0023590 secs] [Times: user=0.01 sys=0.00, real=0.01 secs] 
2215.405: [GC (Allocation Failure) [PSYoungGen: 60768K->1408K(61440K)] 483000K->423640K(654848K), 0.0035954 secs] [Times: user=0.01 sys=0.00, real=0.00 secs] 
2215.999: [GC (Allocation Failure) [PSYoungGen: 60800K->1408K(61440K)] 483032K->423640K(654848K), 0.0026105 secs] [Times: user=0.00 sys=0.00, real=0.01 secs] 
2216.525: [GC (Allocation Failure) [PSYoungGen: 60800K->1344K(61440K)] 483032K->423576K(654848K), 0.0056303 secs] [Times: user=0.02 sys=0.00, real=0.00 secs] 
2217.903: [GC (Allocation Failure) [PSYoungGen: 60736K->1440K(61440K)] 482968K->423672K(654848K), 0.0018403 secs] [Times: user=0.01 sys=0.00, real=0.00 secs] 
2218.193: [GC (Allocation Failure) [PSYoungGen: 60832K->1408K(61440K)] 483064K->423648K(654848K), 0.0018780 secs] [Times: user=0.01 sys=0.00, real=0.00 secs] 
2218.470: [GC (Allocation Failure) [PSYoungGen: 60800K->1392K(61440K)] 483040K->423632K(654848K), 0.0028217 secs] [Times: user=0.02 sys=0.00, real=0.01 secs] 
2218.722: [GC (Allocation Failure) [PSYoungGen: 60784K->1408K(61440K)] 483024K->423648K(654848K), 0.0018743 secs] [Times: user=0.01 sys=0.00, real=0.00 secs] 
2218.978: [GC (Allocation Failure) [PSYoungGen: 60800K->1360K(61440K)] 483040K->423600K(654848K), 0.0019366 secs] [Times: user=0.01 sys=0.00, real=0.00 secs] 
2220.022: [GC (Allocation Failure) [PSYoungGen: 60752K->1408K(61440K)] 482992K->423648K(654848K), 0.0017956 secs] [Times: user=0.00 sys=0.00, real=0.00 secs] 
2220.269: [GC (Allocation Failure) [PSYoungGen: 60800K->1408K(61440K)] 483040K->423648K(654848K), 0.0017691 secs] [Times: user=0.01 sys=0.00, real=0.00 secs] 
2220.516: [GC (Allocation Failure) [PSYoungGen: 60800K->1376K(61440K)] 483040K->423632K(654848K), 0.0024183 secs] [Times: user=0.01 sys=0.00, real=0.00 secs] 
2220.764: [GC (Allocation Failure) [PSYoungGen: 60768K->1376K(61440K)] 483024K->423632K(654848K), 0.0021149 secs] [Times: user=0.01 sys=0.00, real=0.00 secs] 
2221.011: [GC (Allocation Failure) [PSYoungGen: 60768K->1408K(60928K)] 483024K->423664K(654336K), 0.0020711 secs] [Times: user=0.01 sys=0.00, real=0.01 secs] 
2221.964: [GC (Allocation Failure) [PSYoungGen: 60800K->1408K(60928K)] 483056K->423664K(654336K), 0.0018084 secs] [Times: user=0.01 sys=0.00, real=0.00 secs] 
2222.210: [GC (Allocation Failure) [PSYoungGen: 60800K->384K(60416K)] 483056K->423664K(653824K), 0.0018039 secs] [Times: user=0.01 sys=0.00, real=0.01 secs] 
2222.458: [GC (Allocation Failure) [PSYoungGen: 59776K->384K(61440K)] 483056K->423664K(654848K), 0.0021041 secs] [Times: user=0.01 sys=0.00, real=0.00 secs] 
2222.704: [GC (Allocation Failure) [PSYoungGen: 59776K->320K(61440K)] 483056K->423600K(654848K), 0.0029957 secs] [Times: user=0.02 sys=0.00, real=0.00 secs] 
2223.749: [GC (Allocation Failure) [PSYoungGen: 59712K->1664K(61440K)] 482992K->424944K(654848K), 0.0017769 secs] [Times: user=0.01 sys=0.00, real=0.00 secs] 
2224.565: [GC (Allocation Failure) [PSYoungGen: 61056K->1344K(61440K)] 484336K->424624K(654848K), 0.0037286 secs] [Times: user=0.02 sys=0.00, real=0.00 secs] 
2225.176: [GC (Allocation Failure) [PSYoungGen: 60736K->1392K(61440K)] 484016K->424672K(654848K), 0.0015858 secs] [Times: user=0.01 sys=0.00, real=0.00 secs] 
2225.890: [GC (Allocation Failure) [PSYoungGen: 60784K->1376K(61440K)] 484064K->424656K(654848K), 0.0049762 secs] [Times: user=0.02 sys=0.00, real=0.01 secs] 
2226.618: [GC (Allocation Failure) [PSYoungGen: 60768K->1408K(61440K)] 484048K->424688K(654848K), 0.0041549 secs] [Times: user=0.02 sys=0.00, real=0.01 secs] 
2228.042: [GC (Allocation Failure) [PSYoungGen: 60800K->1472K(61440K)] 484080K->424752K(654848K), 0.0019860 secs] [Times: user=0.00 sys=0.00, real=0.00 secs] 
2228.374: [GC (Allocation Failure) [PSYoungGen: 60864K->1408K(61440K)] 484144K->424688K(654848K), 0.0018002 secs] [Times: user=0.00 sys=0.00, real=0.00 secs] 
2228.621: [GC (Allocation Failure) [PSYoungGen: 60800K->1376K(61440K)] 484080K->424656K(654848K), 0.0033198 secs] [Times: user=0.01 sys=0.00, real=0.01 secs] 
2228.870: [GC (Allocation Failure) [PSYoungGen: 60768K->1376K(61440K)] 484048K->424656K(654848K), 0.0024995 secs] [Times: user=0.01 sys=0.00, real=0.01 secs] 
2229.179: [GC (Allocation Failure) [PSYoungGen: 60768K->1328K(61440K)] 484048K->424608K(654848K), 0.0025115 secs] [Times: user=0.01 sys=0.00, real=0.00 secs] 
2230.508: [GC (Allocation Failure) [PSYoungGen: 60720K->1408K(61440K)] 484000K->424688K(654848K), 0.0042690 secs] [Times: user=0.02 sys=0.00, real=0.01 secs] 
2230.915: [GC (Allocation Failure) [PSYoungGen: 60800K->1440K(61440K)] 484080K->424736K(654848K), 0.0019129 secs] [Times: user=0.01 sys=0.00, real=0.00 secs] 
2231.457: [GC (Allocation Failure) [PSYoungGen: 60832K->1408K(61440K)] 484128K->424704K(654848K), 0.0021688 secs] [Times: user=0.01 sys=0.00, real=0.00 secs] 
2232.277: [GC (Allocation Failure) [PSYoungGen: 60800K->1376K(61440K)] 484096K->424672K(654848K), 0.0052385 secs] [Times: user=0.02 sys=0.00, real=0.01 secs] 
2233.098: [GC (Allocation Failure) [PSYoungGen: 60768K->1376K(61440K)] 484064K->424672K(654848K), 0.0046605 secs] [Times: user=0.01 sys=0.00, real=0.01 secs] 
2234.881: [GC (Allocation Failure) [PSYoungGen: 60768K->1440K(61440K)] 484064K->424736K(654848K), 0.0036429 secs] [Times: user=0.02 sys=0.00, real=0.01 secs] 
2235.792: [GC (Allocation Failure) [PSYoungGen: 60832K->1376K(61440K)] 484128K->424672K(654848K), 0.0052246 secs] [Times: user=0.03 sys=0.00, real=0.00 secs] 
2236.545: [GC (Allocation Failure) [PSYoungGen: 60768K->1376K(61440K)] 484064K->424672K(654848K), 0.0035220 secs] [Times: user=0.02 sys=0.00, real=0.00 secs] 
2237.036: [GC (Allocation Failure) [PSYoungGen: 60768K->1376K(61440K)] 484064K->424672K(654848K), 0.0029083 secs] [Times: user=0.01 sys=0.00, real=0.00 secs] 
2238.457: [GC (Allocation Failure) [PSYoungGen: 60768K->1664K(61440K)] 484064K->424960K(654848K), 0.0016910 secs] [Times: user=0.01 sys=0.00, real=0.00 secs] 
2238.766: [GC (Allocation Failure) [PSYoungGen: 61056K->1424K(61440K)] 484352K->424720K(654848K), 0.0017334 secs] [Times: user=0.00 sys=0.00, real=0.00 secs] 
2239.172: [GC (Allocation Failure) [PSYoungGen: 60816K->1376K(61440K)] 484112K->424672K(654848K), 0.0017154 secs] [Times: user=0.01 sys=0.00, real=0.00 secs] 
2239.686: [GC (Allocation Failure) [PSYoungGen: 60768K->1408K(61440K)] 484064K->424704K(654848K), 0.0023668 secs] [Times: user=0.01 sys=0.00, real=0.00 secs] 
2240.168: [GC (Allocation Failure) [PSYoungGen: 60800K->1344K(61440K)] 484096K->424640K(654848K), 0.0020719 secs] [Times: user=0.01 sys=0.00, real=0.00 secs] 
2241.367: [GC (Allocation Failure) [PSYoungGen: 60736K->1408K(61440K)] 484032K->424704K(654848K), 0.0018095 secs] [Times: user=0.01 sys=0.00, real=0.00 secs] 
2241.659: [GC (Allocation Failure) [PSYoungGen: 60800K->1408K(61440K)] 484096K->424704K(654848K), 0.0016616 secs] [Times: user=0.01 sys=0.00, real=0.00 secs] 
2242.143: [GC (Allocation Failure) [PSYoungGen: 60800K->1408K(61440K)] 484096K->424704K(654848K), 0.0020343 secs] [Times: user=0.01 sys=0.00, real=0.00 secs] 
2242.652: [GC (Allocation Failure) [PSYoungGen: 60800K->1408K(61440K)] 484096K->424720K(654848K), 0.0021638 secs] [Times: user=0.01 sys=0.00, real=0.00 secs] 
2243.161: [GC (Allocation Failure) [PSYoungGen: 60800K->1376K(61440K)] 484112K->424688K(654848K), 0.0022132 secs] [Times: user=0.01 sys=0.00, real=0.01 secs] 
2244.421: [GC (Allocation Failure) [PSYoungGen: 60768K->1440K(61440K)] 484080K->424752K(654848K), 0.0020988 secs] [Times: user=0.01 sys=0.00, real=0.01 secs] 
2245.024: [GC (Allocation Failure) [PSYoungGen: 60832K->1408K(61440K)] 484144K->424720K(654848K), 0.0040636 secs] [Times: user=0.02 sys=0.00, real=0.00 secs] 
2245.847: [GC (Allocation Failure) [PSYoungGen: 60800K->1376K(61440K)] 484112K->424688K(654848K), 0.0036793 secs] [Times: user=0.01 sys=0.00, real=0.00 secs] 
2246.627: [GC (Allocation Failure) [PSYoungGen: 60768K->1408K(60928K)] 484080K->424720K(654336K), 0.0037628 secs] [Times: user=0.01 sys=0.01, real=0.00 secs] 
2247.411: [GC (Allocation Failure) [PSYoungGen: 60800K->1376K(60928K)] 484112K->424688K(654336K), 0.0046082 secs] [Times: user=0.02 sys=0.00, real=0.01 secs] 
2248.548: [GC (Allocation Failure) [PSYoungGen: 60768K->1408K(60928K)] 484080K->424720K(654336K), 0.0018473 secs] [Times: user=0.01 sys=0.00, real=0.00 secs] 
2248.905: [GC (Allocation Failure) [PSYoungGen: 60800K->1424K(60928K)] 484112K->424736K(654336K), 0.0019355 secs] [Times: user=0.01 sys=0.01, real=0.00 secs] 
2249.404: [GC (Allocation Failure) [PSYoungGen: 60816K->1376K(60928K)] 484128K->424688K(654336K), 0.0021343 secs] [Times: user=0.01 sys=0.00, real=0.00 secs] 
2249.925: [GC (Allocation Failure) [PSYoungGen: 60768K->1376K(60928K)] 484080K->424688K(654336K), 0.0024157 secs] [Times: user=0.01 sys=0.00, real=0.00 secs] 
2251.218: [GC (Allocation Failure) [PSYoungGen: 60768K->1504K(60928K)] 484080K->424923K(654336K), 0.0019269 secs] [Times: user=0.01 sys=0.00, real=0.00 secs] 
2251.805: [GC (Allocation Failure) [PSYoungGen: 60896K->1344K(61440K)] 484315K->424771K(654848K), 0.0020614 secs] [Times: user=0.01 sys=0.00, real=0.00 secs] 
2252.237: [GC (Allocation Failure) [PSYoungGen: 60736K->1280K(61440K)] 484163K->424707K(654848K), 0.0028220 secs] [Times: user=0.01 sys=0.00, real=0.00 secs] 
2252.729: [GC (Allocation Failure) [PSYoungGen: 60672K->1312K(61440K)] 484099K->424739K(654848K), 0.0026471 secs] [Times: user=0.01 sys=0.00, real=0.01 secs] 
2253.433: [GC (Allocation Failure) [PSYoungGen: 60704K->1280K(61440K)] 484131K->424707K(654848K), 0.0029886 secs] [Times: user=0.02 sys=0.00, real=0.00 secs] 
2254.936: [GC (Allocation Failure) [PSYoungGen: 60672K->1424K(61440K)] 484099K->424851K(654848K), 0.0021021 secs] [Times: user=0.01 sys=0.00, real=0.00 secs] 
2255.438: [GC (Allocation Failure) [PSYoungGen: 60816K->1440K(61440K)] 484243K->424867K(654848K), 0.0022429 secs] [Times: user=0.01 sys=0.00, real=0.00 secs] 
2255.906: [GC (Allocation Failure) [PSYoungGen: 60832K->1424K(61440K)] 484259K->424851K(654848K), 0.0018517 secs] [Times: user=0.01 sys=0.00, real=0.00 secs] 
2256.445: [GC (Allocation Failure) [PSYoungGen: 60816K->1424K(61440K)] 484243K->424851K(654848K), 0.0021799 secs] [Times: user=0.01 sys=0.00, real=0.00 secs] 
2256.987: [GC (Allocation Failure) [PSYoungGen: 60816K->1456K(61440K)] 484243K->424883K(654848K), 0.0024477 secs] [Times: user=0.01 sys=0.00, real=0.00 secs] 
2258.313: [GC (Allocation Failure) [PSYoungGen: 60848K->1440K(61440K)] 484275K->424867K(654848K), 0.0022792 secs] [Times: user=0.01 sys=0.00, real=0.00 secs] 
2259.167: [GC (Allocation Failure) [PSYoungGen: 60832K->1424K(61440K)] 484259K->424851K(654848K), 0.0029552 secs] [Times: user=0.01 sys=0.00, real=0.00 secs] 
2259.737: [GC (Allocation Failure) [PSYoungGen: 60816K->1424K(61440K)] 484243K->424851K(654848K), 0.0028575 secs] [Times: user=0.01 sys=0.00, real=0.00 secs] 
2260.552: [GC (Allocation Failure) [PSYoungGen: 60816K->1392K(60928K)] 484243K->424819K(654336K), 0.0024139 secs] [Times: user=0.01 sys=0.00, real=0.00 secs] 
2261.262: [GC (Allocation Failure) [PSYoungGen: 60784K->1408K(60928K)] 484211K->424835K(654336K), 0.0028098 secs] [Times: user=0.01 sys=0.00, real=0.00 secs] 
2262.563: [GC (Allocation Failure) [PSYoungGen: 60800K->384K(60416K)] 484227K->424889K(653824K), 0.0019597 secs] [Times: user=0.01 sys=0.00, real=0.00 secs] 
2262.927: [GC (Allocation Failure) [PSYoungGen: 59776K->400K(61440K)] 484281K->424905K(654848K), 0.0018384 secs] [Times: user=0.01 sys=0.00, real=0.00 secs] 
2263.438: [GC (Allocation Failure) [PSYoungGen: 59792K->352K(61440K)] 484297K->424857K(654848K), 0.0027208 secs] [Times: user=0.01 sys=0.00, real=0.00 secs] 
2264.004: [GC (Allocation Failure) [PSYoungGen: 59744K->400K(61440K)] 484249K->424905K(654848K), 0.0027456 secs] [Times: user=0.01 sys=0.00, real=0.00 secs] 
2265.464: [GC (Allocation Failure) [PSYoungGen: 59792K->1568K(61440K)] 484297K->426073K(654848K), 0.0020285 secs] [Times: user=0.01 sys=0.00, real=0.00 secs] 
2266.019: [GC (Allocation Failure) [PSYoungGen: 60960K->1376K(61440K)] 485465K->425897K(654848K), 0.0020584 secs] [Times: user=0.01 sys=0.00, real=0.00 secs] 
2266.601: [GC (Allocation Failure) [PSYoungGen: 60768K->1344K(61440K)] 485289K->425865K(654848K), 0.0032102 secs] [Times: user=0.01 sys=0.00, real=0.01 secs] 
2267.140: [GC (Allocation Failure) [PSYoungGen: 60736K->1392K(61440K)] 485257K->425913K(654848K), 0.0041084 secs] [Times: user=0.02 sys=0.00, real=0.01 secs] 
2267.719: [GC (Allocation Failure) [PSYoungGen: 60784K->1360K(61440K)] 485305K->425881K(654848K), 0.0033213 secs] [Times: user=0.02 sys=0.00, real=0.01 secs] 
2268.978: [GC (Allocation Failure) [PSYoungGen: 60752K->1440K(61440K)] 485273K->425961K(654848K), 0.0018808 secs] [Times: user=0.01 sys=0.00, real=0.00 secs] 
2269.249: [GC (Allocation Failure) [PSYoungGen: 60832K->1392K(61440K)] 485353K->425921K(654848K), 0.0018145 secs] [Times: user=0.01 sys=0.00, real=0.00 secs] 
2269.614: [GC (Allocation Failure) [PSYoungGen: 60784K->1408K(61440K)] 485313K->425937K(654848K), 0.0017222 secs] [Times: user=0.01 sys=0.00, real=0.00 secs] 
2270.103: [GC (Allocation Failure) [PSYoungGen: 60800K->1376K(61440K)] 485329K->425905K(654848K), 0.0017814 secs] [Times: user=0.01 sys=0.00, real=0.00 secs] 
2270.511: [GC (Allocation Failure) [PSYoungGen: 60768K->1328K(61440K)] 485297K->425857K(654848K), 0.0018143 secs] [Times: user=0.01 sys=0.00, real=0.01 secs] 
2272.048: [GC (Allocation Failure) [PSYoungGen: 60720K->1440K(61440K)] 485249K->425977K(654848K), 0.0037143 secs] [Times: user=0.01 sys=0.00, real=0.00 secs] 
2272.789: [GC (Allocation Failure) [PSYoungGen: 60832K->1408K(61440K)] 485369K->425945K(654848K), 0.0032604 secs] [Times: user=0.01 sys=0.00, real=0.01 secs] 
2273.394: [GC (Allocation Failure) [PSYoungGen: 60800K->1408K(61440K)] 485337K->425945K(654848K), 0.0028151 secs] [Times: user=0.01 sys=0.00, real=0.00 secs] 
2273.900: [GC (Allocation Failure) [PSYoungGen: 60800K->1376K(61440K)] 485337K->425913K(654848K), 0.0027904 secs] [Times: user=0.01 sys=0.00, real=0.01 secs] 
2274.491: [GC (Allocation Failure) [PSYoungGen: 60768K->1344K(61440K)] 485305K->425881K(654848K), 0.0045938 secs] [Times: user=0.02 sys=0.00, real=0.01 secs] 
2276.029: [GC (Allocation Failure) [PSYoungGen: 60736K->1376K(61440K)] 485273K->425913K(654848K), 0.0022379 secs] [Times: user=0.01 sys=0.00, real=0.00 secs] 
2276.632: [GC (Allocation Failure) [PSYoungGen: 60768K->1376K(61440K)] 485305K->425913K(654848K), 0.0054413 secs] [Times: user=0.02 sys=0.00, real=0.00 secs] 
2277.174: [GC (Allocation Failure) [PSYoungGen: 60768K->1376K(61440K)] 485305K->425913K(654848K), 0.0030485 secs] [Times: user=0.01 sys=0.00, real=0.00 secs] 
2277.842: [GC (Allocation Failure) [PSYoungGen: 60768K->1424K(61440K)] 485305K->425961K(654848K), 0.0035306 secs] [Times: user=0.02 sys=0.00, real=0.00 secs] 
2279.354: [GC (Allocation Failure) [PSYoungGen: 60680K->192K(61440K)] 485218K->424729K(654848K), 0.0016760 secs] [Times: user=0.01 sys=0.00, real=0.00 secs] 
2279.961: [GC (Allocation Failure) [PSYoungGen: 59584K->1440K(61440K)] 484121K->425977K(654848K), 0.0020068 secs] [Times: user=0.01 sys=0.00, real=0.01 secs] 
2280.230: [GC (Allocation Failure) [PSYoungGen: 60832K->1408K(61440K)] 485369K->425945K(654848K), 0.0030099 secs] [Times: user=0.01 sys=0.00, real=0.01 secs] 
2280.672: [GC (Allocation Failure) [PSYoungGen: 60800K->1376K(61440K)] 485337K->425913K(654848K), 0.0035469 secs] [Times: user=0.02 sys=0.00, real=0.00 secs] 
2281.318: [GC (Allocation Failure) [PSYoungGen: 60768K->1376K(61440K)] 485305K->425913K(654848K), 0.0046521 secs] [Times: user=0.02 sys=0.00, real=0.01 secs] 
2283.370: [GC (Allocation Failure) [PSYoungGen: 60768K->1408K(61440K)] 485305K->425945K(654848K), 0.0052301 secs] [Times: user=0.02 sys=0.00, real=0.01 secs] 
2283.928: [GC (Allocation Failure) [PSYoungGen: 60800K->1360K(61440K)] 485337K->425905K(654848K), 0.0027017 secs] [Times: user=0.01 sys=0.00, real=0.00 secs] 
2284.517: [GC (Allocation Failure) [PSYoungGen: 60752K->1360K(61440K)] 485297K->425905K(654848K), 0.0035211 secs] [Times: user=0.01 sys=0.00, real=0.00 secs] 
2285.214: [GC (Allocation Failure) [PSYoungGen: 60752K->1344K(61440K)] 485297K->425889K(654848K), 0.0055098 secs] [Times: user=0.02 sys=0.01, real=0.00 secs] 
2285.923: [GC (Allocation Failure) [PSYoungGen: 60736K->1344K(61440K)] 485281K->425889K(654848K), 0.0057214 secs] [Times: user=0.03 sys=0.00, real=0.00 secs] 
2287.374: [GC (Allocation Failure) [PSYoungGen: 60736K->1440K(61440K)] 485281K->425985K(654848K), 0.0027800 secs] [Times: user=0.01 sys=0.00, real=0.00 secs] 
2287.901: [GC (Allocation Failure) [PSYoungGen: 60832K->1408K(61440K)] 485377K->425953K(654848K), 0.0033546 secs] [Times: user=0.02 sys=0.00, real=0.01 secs] 
2288.378: [GC (Allocation Failure) [PSYoungGen: 60800K->1408K(61440K)] 485345K->425953K(654848K), 0.0032313 secs] [Times: user=0.01 sys=0.00, real=0.00 secs] 
2288.719: [GC (Allocation Failure) [PSYoungGen: 60800K->1344K(61440K)] 485345K->425889K(654848K), 0.0021178 secs] [Times: user=0.01 sys=0.00, real=0.00 secs] 
2288.978: [GC (Allocation Failure) [PSYoungGen: 60736K->1376K(61440K)] 485281K->425921K(654848K), 0.0017688 secs] [Times: user=0.01 sys=0.00, real=0.00 secs] 
2290.080: [GC (Allocation Failure) [PSYoungGen: 60768K->1376K(61440K)] 485313K->425921K(654848K), 0.0017248 secs] [Times: user=0.00 sys=0.00, real=0.01 secs] 
2290.584: [GC (Allocation Failure) [PSYoungGen: 60768K->1408K(61440K)] 485313K->425953K(654848K), 0.0017602 secs] [Times: user=0.01 sys=0.00, real=0.00 secs] 
2290.860: [GC (Allocation Failure) [PSYoungGen: 60800K->1376K(61440K)] 485345K->425921K(654848K), 0.0018345 secs] [Times: user=0.01 sys=0.00, real=0.01 secs] 
2291.118: [GC (Allocation Failure) [PSYoungGen: 60768K->1408K(61440K)] 485313K->425953K(654848K), 0.0017928 secs] [Times: user=0.01 sys=0.00, real=0.00 secs] 
2291.387: [GC (Allocation Failure) [PSYoungGen: 60800K->272K(61440K)] 485345K->424825K(654848K), 0.0015481 secs] [Times: user=0.01 sys=0.00, real=0.00 secs] 
2292.756: [GC (Allocation Failure) [PSYoungGen: 59664K->1376K(61440K)] 484217K->425937K(654848K), 0.0038652 secs] [Times: user=0.01 sys=0.00, real=0.00 secs] 
2293.066: [GC (Allocation Failure) [PSYoungGen: 60768K->1408K(61440K)] 485329K->425969K(654848K), 0.0020150 secs] [Times: user=0.01 sys=0.00, real=0.00 secs] 
2293.313: [GC (Allocation Failure) [PSYoungGen: 60800K->1408K(61440K)] 485361K->425977K(654848K), 0.0020387 secs] [Times: user=0.01 sys=0.00, real=0.00 secs] 
2293.560: [GC (Allocation Failure) [PSYoungGen: 60800K->1392K(61440K)] 485369K->425961K(654848K), 0.0017952 secs] [Times: user=0.01 sys=0.00, real=0.01 secs] 
2294.503: [GC (Allocation Failure) [PSYoungGen: 60784K->1408K(61440K)] 485353K->425977K(654848K), 0.0018577 secs] [Times: user=0.01 sys=0.00, real=0.00 secs] 
2294.749: [GC (Allocation Failure) [PSYoungGen: 60800K->1360K(61440K)] 485369K->425929K(654848K), 0.0018403 secs] [Times: user=0.01 sys=0.00, real=0.00 secs] 
2294.996: [GC (Allocation Failure) [PSYoungGen: 60752K->1408K(61440K)] 485321K->425977K(654848K), 0.0017063 secs] [Times: user=0.01 sys=0.00, real=0.00 secs] 
2295.298: [GC (Allocation Failure) [PSYoungGen: 60800K->1376K(61440K)] 485369K->425945K(654848K), 0.0023086 secs] [Times: user=0.01 sys=0.00, real=0.00 secs] 
2295.552: [GC (Allocation Failure) [PSYoungGen: 60768K->1376K(61440K)] 485337K->425945K(654848K), 0.0025179 secs] [Times: user=0.01 sys=0.00, real=0.00 secs] 
2296.924: [GC (Allocation Failure) [PSYoungGen: 60768K->1440K(61440K)] 485337K->426009K(654848K), 0.0024599 secs] [Times: user=0.01 sys=0.00, real=0.00 secs] 
2297.762: [GC (Allocation Failure) [PSYoungGen: 60832K->1344K(61440K)] 485401K->425921K(654848K), 0.0043076 secs] [Times: user=0.02 sys=0.00, real=0.00 secs] 
2298.325: [GC (Allocation Failure) [PSYoungGen: 60736K->1376K(61440K)] 485313K->425953K(654848K), 0.0056517 secs] [Times: user=0.02 sys=0.00, real=0.00 secs] 
2298.985: [GC (Allocation Failure) [PSYoungGen: 60768K->1392K(61440K)] 485345K->425969K(654848K), 0.0032822 secs] [Times: user=0.01 sys=0.00, real=0.00 secs] 
2299.726: [GC (Allocation Failure) [PSYoungGen: 60784K->1376K(61440K)] 485361K->425953K(654848K), 0.0035566 secs] [Times: user=0.02 sys=0.00, real=0.00 secs] 
2301.324: [GC (Allocation Failure) [PSYoungGen: 60768K->1456K(61440K)] 485345K->426041K(654848K), 0.0023006 secs] [Times: user=0.01 sys=0.00, real=0.00 secs] 
2301.783: [GC (Allocation Failure) [PSYoungGen: 60848K->1392K(61440K)] 485433K->425977K(654848K), 0.0031329 secs] [Times: user=0.01 sys=0.00, real=0.00 secs] 
2302.249: [GC (Allocation Failure) [PSYoungGen: 60784K->1424K(61440K)] 485369K->426009K(654848K), 0.0029364 secs] [Times: user=0.02 sys=0.00, real=0.01 secs] 
2302.723: [GC (Allocation Failure) [PSYoungGen: 60816K->1424K(61440K)] 485401K->426009K(654848K), 0.0030658 secs] [Times: user=0.02 sys=0.00, real=0.00 secs] 
2303.126: [GC (Allocation Failure) [PSYoungGen: 60816K->1424K(61440K)] 485401K->426009K(654848K), 0.0021575 secs] [Times: user=0.01 sys=0.00, real=0.00 secs] 
2305.619: [GC (Allocation Failure) [PSYoungGen: 60816K->1424K(61440K)] 485401K->426009K(654848K), 0.0033106 secs] [Times: user=0.01 sys=0.00, real=0.01 secs] 
2305.925: [GC (Allocation Failure) [PSYoungGen: 60816K->1392K(61440K)] 485401K->425977K(654848K), 0.0021549 secs] [Times: user=0.01 sys=0.00, real=0.00 secs] 
2306.271: [GC (Allocation Failure) [PSYoungGen: 60784K->1424K(61440K)] 485369K->426009K(654848K), 0.0020638 secs] [Times: user=0.01 sys=0.00, real=0.01 secs] 
2306.732: [GC (Allocation Failure) [PSYoungGen: 60816K->1424K(61440K)] 485401K->426009K(654848K), 0.0040986 secs] [Times: user=0.01 sys=0.00, real=0.00 secs] 
2308.161: [GC (Allocation Failure) [PSYoungGen: 60816K->1424K(61440K)] 485401K->426009K(654848K), 0.0022411 secs] [Times: user=0.01 sys=0.00, real=0.01 secs] 
2308.962: [GC (Allocation Failure) [PSYoungGen: 60816K->1392K(60928K)] 485401K->425977K(654336K), 0.0056690 secs] [Times: user=0.02 sys=0.00, real=0.01 secs] 
2309.454: [GC (Allocation Failure) [PSYoungGen: 60784K->1424K(60928K)] 485369K->426009K(654336K), 0.0025601 secs] [Times: user=0.01 sys=0.00, real=0.00 secs] 
2309.699: [GC (Allocation Failure) [PSYoungGen: 60816K->1360K(60928K)] 485401K->425945K(654336K), 0.0020546 secs] [Times: user=0.01 sys=0.00, real=0.00 secs] 
2309.945: [GC (Allocation Failure) [PSYoungGen: 60752K->1392K(60928K)] 485337K->425977K(654336K), 0.0020621 secs] [Times: user=0.01 sys=0.00, real=0.00 secs] 
2312.168: [GC (Allocation Failure) [PSYoungGen: 60784K->1424K(60928K)] 485369K->426009K(654336K), 0.0050958 secs] [Times: user=0.02 sys=0.00, real=0.01 secs] 
2312.762: [GC (Allocation Failure) [PSYoungGen: 60816K->1408K(60928K)] 485401K->426025K(654336K), 0.0042464 secs] [Times: user=0.02 sys=0.00, real=0.00 secs] 
2313.177: [GC (Allocation Failure) [PSYoungGen: 60800K->1408K(60928K)] 485417K->426025K(654336K), 0.0022820 secs] [Times: user=0.01 sys=0.00, real=0.00 secs] 
2313.650: [GC (Allocation Failure) [PSYoungGen: 60800K->1408K(60928K)] 485417K->426025K(654336K), 0.0044139 secs] [Times: user=0.02 sys=0.00, real=0.01 secs] 
2314.101: [GC (Allocation Failure) [PSYoungGen: 60800K->1376K(60928K)] 485417K->425993K(654336K), 0.0034034 secs] [Times: user=0.01 sys=0.00, real=0.01 secs] 
2315.457: [GC (Allocation Failure) [PSYoungGen: 60768K->1472K(60928K)] 485385K->426089K(654336K), 0.0023356 secs] [Times: user=0.01 sys=0.00, real=0.00 secs] 
2316.068: [GC (Allocation Failure) [PSYoungGen: 60864K->1408K(60928K)] 485481K->426025K(654336K), 0.0027605 secs] [Times: user=0.01 sys=0.00, real=0.00 secs] 
2317.062: [GC (Allocation Failure) [PSYoungGen: 60800K->1408K(60928K)] 485417K->426025K(654336K), 0.0032915 secs] [Times: user=0.02 sys=0.00, real=0.00 secs] 
2317.538: [GC (Allocation Failure) [PSYoungGen: 60800K->1408K(60928K)] 485417K->426025K(654336K), 0.0025345 secs] [Times: user=0.01 sys=0.00, real=0.00 secs] 
2318.054: [GC (Allocation Failure) [PSYoungGen: 60800K->1408K(60928K)] 485417K->426025K(654336K), 0.0025537 secs] [Times: user=0.01 sys=0.00, real=0.00 secs] 
2319.042: [GC (Allocation Failure) [PSYoungGen: 60800K->1408K(60928K)] 485417K->426033K(654336K), 0.0016549 secs] [Times: user=0.00 sys=0.00, real=0.00 secs] 
2319.395: [GC (Allocation Failure) [PSYoungGen: 60800K->1408K(60928K)] 485425K->426033K(654336K), 0.0017363 secs] [Times: user=0.01 sys=0.00, real=0.00 secs] 
2319.982: [GC (Allocation Failure) [PSYoungGen: 60800K->1376K(60928K)] 485425K->426001K(654336K), 0.0037328 secs] [Times: user=0.01 sys=0.00, real=0.00 secs] 
2320.803: [GC (Allocation Failure) [PSYoungGen: 60768K->1392K(60928K)] 485393K->426017K(654336K), 0.0041360 secs] [Times: user=0.02 sys=0.00, real=0.00 secs] 
2322.227: [GC (Allocation Failure) [PSYoungGen: 60784K->1408K(60928K)] 485409K->426033K(654336K), 0.0017258 secs] [Times: user=0.00 sys=0.00, real=0.00 secs] 
2322.809: [GC (Allocation Failure) [PSYoungGen: 60800K->1344K(60928K)] 485425K->425977K(654336K), 0.0035631 secs] [Times: user=0.02 sys=0.00, real=0.01 secs] 
2323.120: [GC (Allocation Failure) [PSYoungGen: 60736K->1376K(60928K)] 485369K->426009K(654336K), 0.0032031 secs] [Times: user=0.01 sys=0.00, real=0.01 secs] 
2323.410: [GC (Allocation Failure) [PSYoungGen: 60768K->1376K(60928K)] 485401K->426009K(654336K), 0.0021787 secs] [Times: user=0.01 sys=0.00, real=0.01 secs] 
2323.979: [GC (Allocation Failure) [PSYoungGen: 60768K->1344K(60928K)] 485401K->425977K(654336K), 0.0025094 secs] [Times: user=0.01 sys=0.00, real=0.01 secs] 
2325.686: [GC (Allocation Failure) [PSYoungGen: 60736K->1440K(60928K)] 485369K->426073K(654336K), 0.0017475 secs] [Times: user=0.00 sys=0.00, real=0.00 secs] 
2326.818: [GC (Allocation Failure) [PSYoungGen: 60832K->1392K(60928K)] 485465K->426025K(654336K), 0.0053439 secs] [Times: user=0.02 sys=0.00, real=0.01 secs] 
2327.696: [GC (Allocation Failure) [PSYoungGen: 60784K->1408K(60928K)] 485417K->426041K(654336K), 0.0040938 secs] [Times: user=0.02 sys=0.00, real=0.00 secs] 
2328.284: [GC (Allocation Failure) [PSYoungGen: 60800K->1360K(60928K)] 485433K->425993K(654336K), 0.0027296 secs] [Times: user=0.01 sys=0.00, real=0.00 secs] 
2328.785: [GC (Allocation Failure) [PSYoungGen: 60752K->1376K(60928K)] 485385K->426009K(654336K), 0.0028608 secs] [Times: user=0.01 sys=0.00, real=0.00 secs] 
2330.028: [GC (Allocation Failure) [PSYoungGen: 60768K->1424K(60928K)] 485401K->426057K(654336K), 0.0016503 secs] [Times: user=0.00 sys=0.00, real=0.00 secs] 
2330.274: [GC (Allocation Failure) [PSYoungGen: 60816K->1376K(60928K)] 485449K->426017K(654336K), 0.0017797 secs] [Times: user=0.01 sys=0.00, real=0.00 secs] 
2330.536: [GC (Allocation Failure) [PSYoungGen: 60768K->1344K(60928K)] 485409K->425985K(654336K), 0.0017378 secs] [Times: user=0.01 sys=0.00, real=0.00 secs] 
2330.785: [GC (Allocation Failure) [PSYoungGen: 60736K->1408K(60928K)] 485377K->426049K(654336K), 0.0025871 secs] [Times: user=0.01 sys=0.00, real=0.00 secs] 
2331.030: [GC (Allocation Failure) [PSYoungGen: 60800K->1408K(60928K)] 485441K->426049K(654336K), 0.0020326 secs] [Times: user=0.01 sys=0.00, real=0.01 secs] 
2332.064: [GC (Allocation Failure) [PSYoungGen: 60800K->1408K(60928K)] 485441K->426057K(654336K), 0.0017442 secs] [Times: user=0.00 sys=0.00, real=0.00 secs] 
2332.310: [GC (Allocation Failure) [PSYoungGen: 60800K->1408K(60928K)] 485449K->426057K(654336K), 0.0019039 secs] [Times: user=0.00 sys=0.00, real=0.01 secs] 
2332.568: [GC (Allocation Failure) [PSYoungGen: 60800K->1408K(60928K)] 485449K->426057K(654336K), 0.0020906 secs] [Times: user=0.01 sys=0.00, real=0.00 secs] 
2332.821: [GC (Allocation Failure) [PSYoungGen: 60800K->1344K(60928K)] 485449K->425993K(654336K), 0.0027423 secs] [Times: user=0.01 sys=0.00, real=0.01 secs] 
2334.282: [GC (Allocation Failure) [PSYoungGen: 60736K->1472K(60928K)] 485385K->426121K(654336K), 0.0023279 secs] [Times: user=0.01 sys=0.00, real=0.01 secs] 
2335.548: [GC (Allocation Failure) [PSYoungGen: 60864K->1392K(60928K)] 485513K->426041K(654336K), 0.0049807 secs] [Times: user=0.02 sys=0.00, real=0.01 secs] 
2336.078: [GC (Allocation Failure) [PSYoungGen: 60784K->1376K(60928K)] 485433K->426025K(654336K), 0.0023664 secs] [Times: user=0.01 sys=0.00, real=0.00 secs] 
2336.322: [GC (Allocation Failure) [PSYoungGen: 60768K->1376K(60928K)] 485417K->426025K(654336K), 0.0020558 secs] [Times: user=0.01 sys=0.00, real=0.00 secs] 
2336.670: [GC (Allocation Failure) [PSYoungGen: 60768K->1344K(60928K)] 485417K->425993K(654336K), 0.0026571 secs] [Times: user=0.01 sys=0.00, real=0.01 secs] 
2339.196: [GC (Allocation Failure) [PSYoungGen: 60736K->1424K(60928K)] 485385K->426073K(654336K), 0.0059262 secs] [Times: user=0.02 sys=0.00, real=0.01 secs] 
2339.980: [GC (Allocation Failure) [PSYoungGen: 60816K->1376K(60928K)] 485465K->426025K(654336K), 0.0028395 secs] [Times: user=0.01 sys=0.00, real=0.01 secs] 
2340.459: [GC (Allocation Failure) [PSYoungGen: 60768K->1472K(60928K)] 485417K->426121K(654336K), 0.0027109 secs] [Times: user=0.01 sys=0.00, real=0.00 secs] 
2340.845: [GC (Allocation Failure) [PSYoungGen: 60864K->1440K(60928K)] 485513K->426089K(654336K), 0.0025495 secs] [Times: user=0.01 sys=0.00, real=0.00 secs] 
2341.270: [GC (Allocation Failure) [PSYoungGen: 60832K->1376K(60928K)] 485481K->426025K(654336K), 0.0023779 secs] [Times: user=0.01 sys=0.00, real=0.01 secs] 
2342.558: [GC (Allocation Failure) [PSYoungGen: 60768K->1408K(60928K)] 485417K->426057K(654336K), 0.0018157 secs] [Times: user=0.01 sys=0.00, real=0.00 secs] 
2343.140: [GC (Allocation Failure) [PSYoungGen: 60800K->1392K(60928K)] 485449K->426049K(654336K), 0.0038309 secs] [Times: user=0.02 sys=0.00, real=0.01 secs] 
2343.695: [GC (Allocation Failure) [PSYoungGen: 60784K->1408K(60928K)] 485441K->426065K(654336K), 0.0033317 secs] [Times: user=0.01 sys=0.00, real=0.00 secs] 
2344.150: [GC (Allocation Failure) [PSYoungGen: 60800K->1408K(60928K)] 485457K->426065K(654336K), 0.0027467 secs] [Times: user=0.01 sys=0.00, real=0.01 secs] 
2344.697: [GC (Allocation Failure) [PSYoungGen: 60800K->1376K(60928K)] 485457K->426033K(654336K), 0.0029465 secs] [Times: user=0.02 sys=0.00, real=0.00 secs] 
2345.772: [GC (Allocation Failure) [PSYoungGen: 60768K->1408K(60928K)] 485425K->426065K(654336K), 0.0018188 secs] [Times: user=0.01 sys=0.00, real=0.00 secs] 
2346.021: [GC (Allocation Failure) [PSYoungGen: 60800K->1408K(60928K)] 485457K->426065K(654336K), 0.0017974 secs] [Times: user=0.01 sys=0.00, real=0.01 secs] 
2346.268: [GC (Allocation Failure) [PSYoungGen: 60800K->1408K(60928K)] 485457K->426065K(654336K), 0.0018915 secs] [Times: user=0.00 sys=0.00, real=0.00 secs] 
2346.514: [GC (Allocation Failure) [PSYoungGen: 60800K->1408K(60928K)] 485457K->426065K(654336K), 0.0019040 secs] [Times: user=0.00 sys=0.00, real=0.00 secs] 
2347.534: [GC (Allocation Failure) [PSYoungGen: 60800K->1392K(60928K)] 485457K->426561K(654336K), 0.0019785 secs] [Times: user=0.00 sys=0.00, real=0.00 secs] 
2348.065: [GC (Allocation Failure) [PSYoungGen: 60784K->1376K(60928K)] 485953K->426545K(654336K), 0.0039131 secs] [Times: user=0.01 sys=0.00, real=0.00 secs] 
2348.407: [GC (Allocation Failure) [PSYoungGen: 60768K->1392K(60928K)] 485937K->426561K(654336K), 0.0018802 secs] [Times: user=0.01 sys=0.00, real=0.00 secs] 
2348.654: [GC (Allocation Failure) [PSYoungGen: 60784K->1344K(60928K)] 485953K->426513K(654336K), 0.0018440 secs] [Times: user=0.01 sys=0.00, real=0.00 secs] 
2348.901: [GC (Allocation Failure) [PSYoungGen: 60736K->1376K(60928K)] 485905K->426545K(654336K), 0.0017052 secs] [Times: user=0.01 sys=0.00, real=0.01 secs] 
2349.828: [GC (Allocation Failure) [PSYoungGen: 60768K->1408K(60928K)] 485937K->426593K(654336K), 0.0016848 secs] [Times: user=0.01 sys=0.00, real=0.00 secs] 
2350.074: [GC (Allocation Failure) [PSYoungGen: 60800K->1344K(60928K)] 485985K->426529K(654336K), 0.0018662 secs] [Times: user=0.00 sys=0.00, real=0.00 secs] 
2350.321: [GC (Allocation Failure) [PSYoungGen: 60736K->1440K(60928K)] 485921K->426625K(654336K), 0.0017680 secs] [Times: user=0.01 sys=0.00, real=0.01 secs] 
2350.714: [GC (Allocation Failure) [PSYoungGen: 60832K->1408K(60928K)] 486017K->426593K(654336K), 0.0019401 secs] [Times: user=0.01 sys=0.00, real=0.00 secs] 
2351.167: [GC (Allocation Failure) [PSYoungGen: 60800K->1408K(60928K)] 485985K->426593K(654336K), 0.0018832 secs] [Times: user=0.01 sys=0.00, real=0.00 secs] 
2352.180: [GC (Allocation Failure) [PSYoungGen: 60800K->1440K(60928K)] 485985K->426625K(654336K), 0.0018525 secs] [Times: user=0.01 sys=0.00, real=0.01 secs] 
2352.713: [GC (Allocation Failure) [PSYoungGen: 60832K->1408K(60928K)] 486017K->426593K(654336K), 0.0022968 secs] [Times: user=0.01 sys=0.00, real=0.00 secs] 
2353.231: [GC (Allocation Failure) [PSYoungGen: 60800K->1408K(60928K)] 485985K->426593K(654336K), 0.0032901 secs] [Times: user=0.01 sys=0.00, real=0.01 secs] 
2354.038: [GC (Allocation Failure) [PSYoungGen: 60800K->1344K(60928K)] 485985K->426529K(654336K), 0.0034657 secs] [Times: user=0.01 sys=0.01, real=0.00 secs] 
2354.730: [GC (Allocation Failure) [PSYoungGen: 60736K->1408K(60928K)] 485921K->426593K(654336K), 0.0031071 secs] [Times: user=0.01 sys=0.00, real=0.01 secs] 
2355.927: [GC (Allocation Failure) [PSYoungGen: 60800K->1408K(60928K)] 485985K->426593K(654336K), 0.0026570 secs] [Times: user=0.01 sys=0.00, real=0.00 secs] 
2356.203: [GC (Allocation Failure) [PSYoungGen: 60800K->1376K(60928K)] 485985K->426561K(654336K), 0.0020494 secs] [Times: user=0.01 sys=0.00, real=0.00 secs] 
2356.450: [GC (Allocation Failure) [PSYoungGen: 60768K->1408K(60928K)] 485953K->426593K(654336K), 0.0021741 secs] [Times: user=0.01 sys=0.00, real=0.01 secs] 
2356.928: [GC (Allocation Failure) [PSYoungGen: 60800K->1360K(60928K)] 485985K->426545K(654336K), 0.0035074 secs] [Times: user=0.02 sys=0.00, real=0.01 secs] 
2358.154: [GC (Allocation Failure) [PSYoungGen: 60752K->864K(60416K)] 485937K->427073K(653824K), 0.0019406 secs] [Times: user=0.01 sys=0.00, real=0.00 secs] 
2358.478: [GC (Allocation Failure) [PSYoungGen: 59744K->400K(60928K)] 485953K->426609K(654336K), 0.0021011 secs] [Times: user=0.01 sys=0.00, real=0.00 secs] 
2358.847: [GC (Allocation Failure) [PSYoungGen: 59280K->384K(60928K)] 485489K->426593K(654336K), 0.0021077 secs] [Times: user=0.01 sys=0.00, real=0.00 secs] 
2359.382: [GC (Allocation Failure) [PSYoungGen: 59264K->352K(60928K)] 485473K->426561K(654336K), 0.0042250 secs] [Times: user=0.01 sys=0.00, real=0.00 secs] 
2359.975: [GC (Allocation Failure) [PSYoungGen: 59232K->352K(60928K)] 485441K->426561K(654336K), 0.0032805 secs] [Times: user=0.02 sys=0.00, real=0.00 secs] 
2361.173: [GC (Allocation Failure) [PSYoungGen: 59232K->1408K(60928K)] 485441K->427617K(654336K), 0.0019262 secs] [Times: user=0.01 sys=0.00, real=0.00 secs] 
2361.418: [GC (Allocation Failure) [PSYoungGen: 60288K->1376K(60928K)] 486497K->427601K(654336K), 0.0016251 secs] [Times: user=0.01 sys=0.00, real=0.00 secs] 
2361.662: [GC (Allocation Failure) [PSYoungGen: 60256K->1408K(60928K)] 486481K->427633K(654336K), 0.0016512 secs] [Times: user=0.01 sys=0.00, real=0.00 secs] 
2361.906: [GC (Allocation Failure) [PSYoungGen: 60288K->1344K(60928K)] 486513K->427569K(654336K), 0.0025662 secs] [Times: user=0.01 sys=0.00, real=0.00 secs] 
2362.152: [GC (Allocation Failure) [PSYoungGen: 60224K->1440K(60928K)] 486449K->427665K(654336K), 0.0024542 secs] [Times: user=0.01 sys=0.00, real=0.00 secs] 
2363.344: [GC (Allocation Failure) [PSYoungGen: 60320K->1504K(60416K)] 486545K->427729K(653824K), 0.0019680 secs] [Times: user=0.01 sys=0.00, real=0.00 secs] 
2363.986: [GC (Allocation Failure) [PSYoungGen: 59872K->1344K(59904K)] 486097K->427569K(653312K), 0.0038466 secs] [Times: user=0.01 sys=0.00, real=0.00 secs] 
2364.674: [GC (Allocation Failure) [PSYoungGen: 59712K->1440K(60416K)] 485937K->427665K(653824K), 0.0043265 secs] [Times: user=0.01 sys=0.00, real=0.00 secs] 
2365.141: [GC (Allocation Failure) [PSYoungGen: 59808K->1408K(60416K)] 486033K->427633K(653824K), 0.0029549 secs] [Times: user=0.01 sys=0.00, real=0.01 secs] 
2365.721: [GC (Allocation Failure) [PSYoungGen: 59776K->1392K(60416K)] 486001K->427617K(653824K), 0.0023284 secs] [Times: user=0.01 sys=0.00, real=0.01 secs] 
2367.690: [GC (Allocation Failure) [PSYoungGen: 59760K->1376K(60416K)] 485985K->427601K(653824K), 0.0057317 secs] [Times: user=0.02 sys=0.00, real=0.01 secs] 
2368.411: [GC (Allocation Failure) [PSYoungGen: 59744K->1408K(60416K)] 485969K->427633K(653824K), 0.0041817 secs] [Times: user=0.02 sys=0.00, real=0.01 secs] 
2368.959: [GC (Allocation Failure) [PSYoungGen: 59776K->1408K(60416K)] 486001K->427633K(653824K), 0.0027712 secs] [Times: user=0.01 sys=0.00, real=0.01 secs] 
2369.389: [GC (Allocation Failure) [PSYoungGen: 59776K->1376K(60416K)] 486001K->427601K(653824K), 0.0028512 secs] [Times: user=0.01 sys=0.00, real=0.00 secs] 
2369.899: [GC (Allocation Failure) [PSYoungGen: 59744K->1408K(60416K)] 485969K->427633K(653824K), 0.0024758 secs] [Times: user=0.01 sys=0.00, real=0.01 secs] 
2371.156: [GC (Allocation Failure) [PSYoungGen: 59776K->1472K(60416K)] 486001K->427697K(653824K), 0.0019670 secs] [Times: user=0.01 sys=0.00, real=0.00 secs] 
2371.399: [GC (Allocation Failure) [PSYoungGen: 59840K->1408K(60416K)] 486065K->427641K(653824K), 0.0019946 secs] [Times: user=0.01 sys=0.00, real=0.00 secs] 
2371.641: [GC (Allocation Failure) [PSYoungGen: 59776K->1408K(60416K)] 486009K->427641K(653824K), 0.0018326 secs] [Times: user=0.01 sys=0.00, real=0.01 secs] 
2371.884: [GC (Allocation Failure) [PSYoungGen: 59776K->1392K(60416K)] 486009K->427625K(653824K), 0.0018887 secs] [Times: user=0.01 sys=0.00, real=0.00 secs] 
2372.902: [GC (Allocation Failure) [PSYoungGen: 59760K->1568K(60416K)] 485993K->427801K(653824K), 0.0020421 secs] [Times: user=0.01 sys=0.00, real=0.01 secs] 
2373.913: [GC (Allocation Failure) [PSYoungGen: 59936K->1408K(60416K)] 486169K->427641K(653824K), 0.0028832 secs] [Times: user=0.02 sys=0.00, real=0.00 secs] 
2374.742: [GC (Allocation Failure) [PSYoungGen: 59776K->1408K(60416K)] 486009K->427641K(653824K), 0.0028041 secs] [Times: user=0.01 sys=0.00, real=0.00 secs] 
2375.460: [GC (Allocation Failure) [PSYoungGen: 59776K->1344K(60416K)] 486009K->427577K(653824K), 0.0034523 secs] [Times: user=0.02 sys=0.00, real=0.01 secs] 
2376.207: [GC (Allocation Failure) [PSYoungGen: 59712K->1408K(60416K)] 485945K->427641K(653824K), 0.0031158 secs] [Times: user=0.01 sys=0.00, real=0.00 secs] 
2377.549: [GC (Allocation Failure) [PSYoungGen: 59776K->1408K(60416K)] 486009K->427641K(653824K), 0.0017803 secs] [Times: user=0.01 sys=0.00, real=0.00 secs] 
2378.117: [GC (Allocation Failure) [PSYoungGen: 59776K->1344K(60416K)] 486009K->427577K(653824K), 0.0052240 secs] [Times: user=0.02 sys=0.00, real=0.01 secs] 
2378.776: [GC (Allocation Failure) [PSYoungGen: 59712K->1376K(60416K)] 485945K->427609K(653824K), 0.0078830 secs] [Times: user=0.03 sys=0.00, real=0.01 secs] 
2379.401: [GC (Allocation Failure) [PSYoungGen: 59744K->1328K(60416K)] 485977K->427561K(653824K), 0.0036948 secs] [Times: user=0.01 sys=0.01, real=0.01 secs] 
2379.877: [GC (Allocation Failure) [PSYoungGen: 59696K->1344K(60416K)] 485929K->427577K(653824K), 0.0034243 secs] [Times: user=0.02 sys=0.00, real=0.00 secs] 
2381.202: [GC (Allocation Failure) [PSYoungGen: 59712K->1440K(60416K)] 485945K->427673K(653824K), 0.0019531 secs] [Times: user=0.01 sys=0.00, real=0.00 secs] 
2381.708: [GC (Allocation Failure) [PSYoungGen: 59808K->1376K(60416K)] 486041K->427609K(653824K), 0.0018011 secs] [Times: user=0.01 sys=0.00, real=0.00 secs] 
2382.307: [GC (Allocation Failure) [PSYoungGen: 59744K->1392K(60416K)] 485977K->427641K(653824K), 0.0021709 secs] [Times: user=0.01 sys=0.01, real=0.00 secs] 
2383.025: [GC (Allocation Failure) [PSYoungGen: 59760K->1408K(60416K)] 486009K->427657K(653824K), 0.0025423 secs] [Times: user=0.01 sys=0.00, real=0.00 secs] 
2383.587: [GC (Allocation Failure) [PSYoungGen: 59776K->1376K(60416K)] 486025K->427625K(653824K), 0.0024253 secs] [Times: user=0.01 sys=0.00, real=0.00 secs] 
2384.877: [GC (Allocation Failure) [PSYoungGen: 59744K->1408K(59904K)] 485993K->427657K(653312K), 0.0025095 secs] [Times: user=0.01 sys=0.00, real=0.00 secs] 
2385.138: [GC (Allocation Failure) [PSYoungGen: 59776K->1376K(59904K)] 486025K->427625K(653312K), 0.0019743 secs] [Times: user=0.01 sys=0.00, real=0.00 secs] 
2385.380: [GC (Allocation Failure) [PSYoungGen: 59744K->1376K(59904K)] 485993K->427625K(653312K), 0.0020238 secs] [Times: user=0.01 sys=0.00, real=0.01 secs] 
2385.623: [GC (Allocation Failure) [PSYoungGen: 59744K->1376K(59904K)] 485993K->427625K(653312K), 0.0055067 secs] [Times: user=0.02 sys=0.00, real=0.00 secs] 
2385.869: [GC (Allocation Failure) [PSYoungGen: 59744K->1408K(59904K)] 485993K->427657K(653312K), 0.0019565 secs] [Times: user=0.01 sys=0.00, real=0.00 secs] 
2387.613: [GC (Allocation Failure) [PSYoungGen: 59776K->1376K(59904K)] 486025K->427625K(653312K), 0.0037692 secs] [Times: user=0.01 sys=0.00, real=0.00 secs] 
2388.248: [GC (Allocation Failure) [PSYoungGen: 59744K->1392K(59904K)] 485993K->427641K(653312K), 0.0033395 secs] [Times: user=0.01 sys=0.00, real=0.00 secs] 
2388.603: [GC (Allocation Failure) [PSYoungGen: 59760K->1376K(59904K)] 486009K->427625K(653312K), 0.0021646 secs] [Times: user=0.01 sys=0.00, real=0.00 secs] 
2388.857: [GC (Allocation Failure) [PSYoungGen: 59744K->1344K(59904K)] 485993K->427593K(653312K), 0.0020631 secs] [Times: user=0.01 sys=0.00, real=0.00 secs] 
2389.141: [GC (Allocation Failure) [PSYoungGen: 59712K->1408K(59904K)] 485961K->427657K(653312K), 0.0018635 secs] [Times: user=0.01 sys=0.00, real=0.01 secs] 
2391.026: [GC (Allocation Failure) [PSYoungGen: 59776K->1472K(59904K)] 486025K->427721K(653312K), 0.0025403 secs] [Times: user=0.01 sys=0.00, real=0.00 secs] 
2392.073: [GC (Allocation Failure) [PSYoungGen: 59840K->1376K(59904K)] 486089K->427633K(653312K), 0.0025620 secs] [Times: user=0.02 sys=0.00, real=0.00 secs] 
2393.256: [GC (Allocation Failure) [PSYoungGen: 59744K->1440K(59904K)] 486001K->427697K(653312K), 0.0034704 secs] [Times: user=0.01 sys=0.00, real=0.00 secs] 
2394.558: [GC (Allocation Failure) [PSYoungGen: 59808K->1376K(59904K)] 486065K->427633K(653312K), 0.0047132 secs] [Times: user=0.02 sys=0.00, real=0.01 secs] 
2395.949: [GC (Allocation Failure) [PSYoungGen: 59744K->320K(59904K)] 486001K->426577K(653312K), 0.0016659 secs] [Times: user=0.00 sys=0.00, real=0.00 secs] 
2396.482: [GC (Allocation Failure) [PSYoungGen: 58688K->1408K(60416K)] 484945K->427665K(653824K), 0.0019160 secs] [Times: user=0.01 sys=0.00, real=0.00 secs] 
2396.997: [GC (Allocation Failure) [PSYoungGen: 59776K->1440K(60416K)] 486033K->427697K(653824K), 0.0023806 secs] [Times: user=0.01 sys=0.00, real=0.00 secs] 
2397.514: [GC (Allocation Failure) [PSYoungGen: 59808K->1440K(60416K)] 486065K->427697K(653824K), 0.0023785 secs] [Times: user=0.01 sys=0.00, real=0.00 secs] 
2398.072: [GC (Allocation Failure) [PSYoungGen: 59808K->1408K(60416K)] 486065K->427665K(653824K), 0.0023695 secs] [Times: user=0.01 sys=0.00, real=0.01 secs] 
2399.458: [GC (Allocation Failure) [PSYoungGen: 59776K->1920K(60416K)] 486033K->428177K(653824K), 0.0020889 secs] [Times: user=0.01 sys=0.00, real=0.00 secs] 
2400.293: [GC (Allocation Failure) [PSYoungGen: 60288K->1408K(60416K)] 486545K->427665K(653824K), 0.0041102 secs] [Times: user=0.02 sys=0.00, real=0.00 secs] 
2400.913: [GC (Allocation Failure) [PSYoungGen: 59776K->1376K(60416K)] 486033K->427633K(653824K), 0.0035693 secs] [Times: user=0.01 sys=0.00, real=0.00 secs] 
2401.603: [GC (Allocation Failure) [PSYoungGen: 59744K->1408K(60416K)] 486001K->427665K(653824K), 0.0043176 secs] [Times: user=0.01 sys=0.00, real=0.00 secs] 
2402.270: [GC (Allocation Failure) [PSYoungGen: 59776K->1408K(60416K)] 486033K->427665K(653824K), 0.0034029 secs] [Times: user=0.01 sys=0.00, real=0.01 secs] 
2403.536: [GC (Allocation Failure) [PSYoungGen: 59776K->1408K(60416K)] 486033K->427665K(653824K), 0.0018526 secs] [Times: user=0.01 sys=0.00, real=0.00 secs] 
2404.129: [GC (Allocation Failure) [PSYoungGen: 59776K->1392K(60416K)] 486033K->427649K(653824K), 0.0023489 secs] [Times: user=0.01 sys=0.00, real=0.00 secs] 
2404.755: [GC (Allocation Failure) [PSYoungGen: 59760K->1408K(60416K)] 486017K->427673K(653824K), 0.0042714 secs] [Times: user=0.02 sys=0.00, real=0.00 secs] 
2405.488: [GC (Allocation Failure) [PSYoungGen: 59776K->1376K(60416K)] 486041K->427641K(653824K), 0.0049981 secs] [Times: user=0.02 sys=0.00, real=0.01 secs] 
2406.100: [GC (Allocation Failure) [PSYoungGen: 59744K->1344K(60416K)] 486009K->427609K(653824K), 0.0044134 secs] [Times: user=0.02 sys=0.00, real=0.01 secs] 
2407.308: [GC (Allocation Failure) [PSYoungGen: 59712K->1440K(60416K)] 485977K->427705K(653824K), 0.0018664 secs] [Times: user=0.01 sys=0.00, real=0.00 secs] 
2407.567: [GC (Allocation Failure) [PSYoungGen: 59808K->1408K(60416K)] 486073K->427673K(653824K), 0.0018477 secs] [Times: user=0.01 sys=0.00, real=0.00 secs] 
2407.810: [GC (Allocation Failure) [PSYoungGen: 59776K->1392K(60416K)] 486041K->427657K(653824K), 0.0019332 secs] [Times: user=0.01 sys=0.00, real=0.00 secs] 
2408.052: [GC (Allocation Failure) [PSYoungGen: 59760K->1376K(60416K)] 486025K->427641K(653824K), 0.0017609 secs] [Times: user=0.01 sys=0.00, real=0.00 secs] 
2408.295: [GC (Allocation Failure) [PSYoungGen: 59744K->1360K(60416K)] 486009K->427625K(653824K), 0.0020021 secs] [Times: user=0.01 sys=0.00, real=0.00 secs] 
2409.234: [GC (Allocation Failure) [PSYoungGen: 59728K->1408K(60416K)] 485993K->427673K(653824K), 0.0018108 secs] [Times: user=0.00 sys=0.00, real=0.00 secs] 
2409.568: [GC (Allocation Failure) [PSYoungGen: 59776K->1424K(59904K)] 486041K->427689K(653312K), 0.0018065 secs] [Times: user=0.01 sys=0.00, real=0.00 secs] 
2410.020: [GC (Allocation Failure) [PSYoungGen: 59792K->1376K(59904K)] 486057K->427641K(653312K), 0.0018475 secs] [Times: user=0.00 sys=0.00, real=0.01 secs] 
2410.474: [GC (Allocation Failure) [PSYoungGen: 59744K->384K(59392K)] 486009K->427689K(652800K), 0.0037582 secs] [Times: user=0.01 sys=0.00, real=0.00 secs] 
2410.935: [GC (Allocation Failure) [PSYoungGen: 58752K->352K(60416K)] 486057K->427665K(653824K), 0.0033373 secs] [Times: user=0.02 sys=0.00, real=0.00 secs] 
2412.215: [GC (Allocation Failure) [PSYoungGen: 58720K->1408K(60416K)] 486033K->428721K(653824K), 0.0022456 secs] [Times: user=0.01 sys=0.00, real=0.00 secs] 
2412.459: [GC (Allocation Failure) [PSYoungGen: 59776K->1376K(60416K)] 487089K->428689K(653824K), 0.0020058 secs] [Times: user=0.01 sys=0.00, real=0.00 secs] 
2412.731: [GC (Allocation Failure) [PSYoungGen: 59744K->1408K(60416K)] 487057K->428729K(653824K), 0.0020607 secs] [Times: user=0.01 sys=0.00, real=0.01 secs] 
2413.102: [GC (Allocation Failure) [PSYoungGen: 59776K->1424K(60416K)] 487097K->428745K(653824K), 0.0021920 secs] [Times: user=0.01 sys=0.01, real=0.00 secs] 
2413.533: [GC (Allocation Failure) [PSYoungGen: 59785K->320K(60416K)] 487106K->427641K(653824K), 0.0020886 secs] [Times: user=0.01 sys=0.00, real=0.00 secs] 
2414.931: [GC (Allocation Failure) [PSYoungGen: 58688K->1376K(60416K)] 486009K->428697K(653824K), 0.0024190 secs] [Times: user=0.01 sys=0.00, real=0.01 secs] 
2415.455: [GC (Allocation Failure) [PSYoungGen: 59744K->1376K(60416K)] 487065K->428697K(653824K), 0.0036369 secs] [Times: user=0.02 sys=0.00, real=0.00 secs] 
2416.051: [GC (Allocation Failure) [PSYoungGen: 59744K->1440K(60416K)] 487065K->428761K(653824K), 0.0029998 secs] [Times: user=0.02 sys=0.00, real=0.01 secs] 
2416.704: [GC (Allocation Failure) [PSYoungGen: 59808K->1376K(60416K)] 487129K->428697K(653824K), 0.0044032 secs] [Times: user=0.02 sys=0.00, real=0.00 secs] 
2418.151: [GC (Allocation Failure) [PSYoungGen: 59744K->1888K(60416K)] 487065K->429209K(653824K), 0.0018762 secs] [Times: user=0.00 sys=0.00, real=0.01 secs] 
2419.119: [GC (Allocation Failure) [PSYoungGen: 60256K->1376K(59904K)] 487577K->428697K(653312K), 0.0026911 secs] [Times: user=0.01 sys=0.00, real=0.01 secs] 
2419.832: [GC (Allocation Failure) [PSYoungGen: 59744K->1344K(60416K)] 487065K->428665K(653824K), 0.0044202 secs] [Times: user=0.01 sys=0.00, real=0.00 secs] 
2420.495: [GC (Allocation Failure) [PSYoungGen: 59712K->1376K(60416K)] 487033K->428713K(653824K), 0.0045493 secs] [Times: user=0.02 sys=0.00, real=0.00 secs] 
2421.052: [GC (Allocation Failure) [PSYoungGen: 59744K->1344K(60416K)] 487081K->428681K(653824K), 0.0035237 secs] [Times: user=0.02 sys=0.00, real=0.01 secs] 
2422.244: [GC (Allocation Failure) [PSYoungGen: 59712K->1440K(60416K)] 487049K->428777K(653824K), 0.0019932 secs] [Times: user=0.01 sys=0.00, real=0.00 secs] 
2422.853: [GC (Allocation Failure) [PSYoungGen: 59808K->1360K(60416K)] 487145K->428705K(653824K), 0.0020698 secs] [Times: user=0.01 sys=0.00, real=0.00 secs] 
2423.354: [GC (Allocation Failure) [PSYoungGen: 59728K->1376K(60416K)] 487073K->428721K(653824K), 0.0037172 secs] [Times: user=0.02 sys=0.00, real=0.00 secs] 
2423.634: [GC (Allocation Failure) [PSYoungGen: 59744K->1376K(60416K)] 487089K->428721K(653824K), 0.0021317 secs] [Times: user=0.01 sys=0.00, real=0.00 secs] 
2423.876: [GC (Allocation Failure) [PSYoungGen: 59744K->1408K(60416K)] 487089K->428753K(653824K), 0.0021208 secs] [Times: user=0.01 sys=0.00, real=0.00 secs] 
2424.802: [GC (Allocation Failure) [PSYoungGen: 59776K->1440K(60416K)] 487121K->428785K(653824K), 0.0017358 secs] [Times: user=0.00 sys=0.00, real=0.00 secs] 
2425.077: [GC (Allocation Failure) [PSYoungGen: 59808K->1392K(60416K)] 487153K->428737K(653824K), 0.0015519 secs] [Times: user=0.00 sys=0.00, real=0.00 secs] 
2425.323: [GC (Allocation Failure) [PSYoungGen: 59760K->1376K(60416K)] 487105K->428721K(653824K), 0.0015832 secs] [Times: user=0.01 sys=0.00, real=0.00 secs] 
2425.637: [GC (Allocation Failure) [PSYoungGen: 59744K->1440K(60416K)] 487089K->428785K(653824K), 0.0017028 secs] [Times: user=0.01 sys=0.00, real=0.00 secs] 
2425.961: [GC (Allocation Failure) [PSYoungGen: 59808K->1440K(60416K)] 487153K->428785K(653824K), 0.0018220 secs] [Times: user=0.01 sys=0.00, real=0.01 secs] 
2427.284: [GC (Allocation Failure) [PSYoungGen: 59808K->1440K(60416K)] 487153K->428785K(653824K), 0.0033314 secs] [Times: user=0.02 sys=0.00, real=0.00 secs] 
2428.050: [GC (Allocation Failure) [PSYoungGen: 59808K->1344K(60416K)] 487153K->428689K(653824K), 0.0034215 secs] [Times: user=0.01 sys=0.00, real=0.01 secs] 
2428.520: [GC (Allocation Failure) [PSYoungGen: 59712K->1408K(60416K)] 487057K->428753K(653824K), 0.0026952 secs] [Times: user=0.01 sys=0.00, real=0.01 secs] 
2429.141: [GC (Allocation Failure) [PSYoungGen: 59776K->1296K(60416K)] 487121K->428641K(653824K), 0.0028910 secs] [Times: user=0.01 sys=0.00, real=0.01 secs] 
2429.736: [GC (Allocation Failure) [PSYoungGen: 59664K->1376K(60416K)] 487009K->428721K(653824K), 0.0042794 secs] [Times: user=0.02 sys=0.00, real=0.00 secs] 
2431.095: [GC (Allocation Failure) [PSYoungGen: 59744K->1376K(60416K)] 487089K->428737K(653824K), 0.0024088 secs] [Times: user=0.01 sys=0.00, real=0.00 secs] 
2431.344: [GC (Allocation Failure) [PSYoungGen: 59744K->1440K(60416K)] 487105K->428809K(653824K), 0.0022517 secs] [Times: user=0.01 sys=0.00, real=0.00 secs] 
2431.587: [GC (Allocation Failure) [PSYoungGen: 59808K->1344K(60416K)] 487177K->428713K(653824K), 0.0020761 secs] [Times: user=0.01 sys=0.00, real=0.00 secs] 
2431.907: [GC (Allocation Failure) [PSYoungGen: 59712K->1376K(60416K)] 487081K->428745K(653824K), 0.0020256 secs] [Times: user=0.01 sys=0.00, real=0.00 secs] 
2432.462: [GC (Allocation Failure) [PSYoungGen: 59744K->1408K(60416K)] 487113K->428777K(653824K), 0.0048424 secs] [Times: user=0.02 sys=0.00, real=0.00 secs] 
2433.579: [GC (Allocation Failure) [PSYoungGen: 59776K->1408K(59904K)] 487145K->428777K(653312K), 0.0029275 secs] [Times: user=0.02 sys=0.00, real=0.01 secs] 
2433.857: [GC (Allocation Failure) [PSYoungGen: 59776K->1376K(59904K)] 487145K->428745K(653312K), 0.0021923 secs] [Times: user=0.00 sys=0.00, real=0.00 secs] 
2434.100: [GC (Allocation Failure) [PSYoungGen: 59744K->352K(59392K)] 487113K->428745K(652800K), 0.0021292 secs] [Times: user=0.00 sys=0.00, real=0.01 secs] 
2434.368: [GC (Allocation Failure) [PSYoungGen: 58720K->416K(60416K)] 487113K->428809K(653824K), 0.0028989 secs] [Times: user=0.01 sys=0.01, real=0.00 secs] 
2435.459: [GC (Allocation Failure) [PSYoungGen: 58784K->1888K(60416K)] 487177K->430281K(653824K), 0.0017758 secs] [Times: user=0.01 sys=0.00, real=0.00 secs] 
2435.827: [GC (Allocation Failure) [PSYoungGen: 60256K->1376K(60416K)] 488649K->429769K(653824K), 0.0024349 secs] [Times: user=0.01 sys=0.01, real=0.00 secs] 
2436.059: [GC (Allocation Failure) [PSYoungGen: 59744K->1376K(60416K)] 488137K->429769K(653824K), 0.0020218 secs] [Times: user=0.01 sys=0.00, real=0.00 secs] 
2436.302: [GC (Allocation Failure) [PSYoungGen: 59744K->1408K(60416K)] 488137K->429801K(653824K), 0.0020613 secs] [Times: user=0.01 sys=0.00, real=0.00 secs] 
2436.611: [GC (Allocation Failure) [PSYoungGen: 59776K->1408K(60416K)] 488169K->429801K(653824K), 0.0032454 secs] [Times: user=0.01 sys=0.00, real=0.01 secs] 
2437.746: [GC (Allocation Failure) [PSYoungGen: 59776K->1440K(60416K)] 488169K->429833K(653824K), 0.0018306 secs] [Times: user=0.01 sys=0.00, real=0.00 secs] 
2438.026: [GC (Allocation Failure) [PSYoungGen: 59808K->1392K(60416K)] 488201K->429785K(653824K), 0.0018256 secs] [Times: user=0.01 sys=0.00, real=0.00 secs] 
2438.302: [GC (Allocation Failure) [PSYoungGen: 59760K->1376K(60416K)] 488153K->429777K(653824K), 0.0018950 secs] [Times: user=0.00 sys=0.00, real=0.00 secs] 
2438.545: [GC (Allocation Failure) [PSYoungGen: 59744K->1408K(60416K)] 488145K->429809K(653824K), 0.0020610 secs] [Times: user=0.01 sys=0.00, real=0.00 secs] 
2438.881: [GC (Allocation Failure) [PSYoungGen: 59776K->1376K(60416K)] 488177K->429777K(653824K), 0.0022532 secs] [Times: user=0.01 sys=0.00, real=0.01 secs] 
2440.182: [GC (Allocation Failure) [PSYoungGen: 59744K->1440K(60416K)] 488145K->429841K(653824K), 0.0019310 secs] [Times: user=0.00 sys=0.00, real=0.00 secs] 
2440.801: [GC (Allocation Failure) [PSYoungGen: 59808K->1376K(60416K)] 488209K->429777K(653824K), 0.0042405 secs] [Times: user=0.02 sys=0.00, real=0.01 secs] 
2441.182: [GC (Allocation Failure) [PSYoungGen: 59744K->1408K(60416K)] 488145K->429809K(653824K), 0.0021958 secs] [Times: user=0.01 sys=0.00, real=0.00 secs] 
2441.434: [GC (Allocation Failure) [PSYoungGen: 59776K->1408K(60416K)] 488177K->429809K(653824K), 0.0021612 secs] [Times: user=0.00 sys=0.00, real=0.00 secs] 
2441.677: [GC (Allocation Failure) [PSYoungGen: 59776K->1376K(60416K)] 488177K->429777K(653824K), 0.0019849 secs] [Times: user=0.01 sys=0.00, real=0.00 secs] 
2442.605: [GC (Allocation Failure) [PSYoungGen: 59744K->1408K(60416K)] 488145K->429809K(653824K), 0.0017527 secs] [Times: user=0.01 sys=0.00, real=0.00 secs] 
2442.847: [GC (Allocation Failure) [PSYoungGen: 59776K->1344K(60416K)] 488177K->429745K(653824K), 0.0018339 secs] [Times: user=0.01 sys=0.00, real=0.00 secs] 
2443.089: [GC (Allocation Failure) [PSYoungGen: 59712K->1376K(60416K)] 488113K->429777K(653824K), 0.0016570 secs] [Times: user=0.01 sys=0.00, real=0.00 secs] 
2443.331: [GC (Allocation Failure) [PSYoungGen: 59744K->1376K(60416K)] 488145K->429777K(653824K), 0.0017293 secs] [Times: user=0.00 sys=0.00, real=0.01 secs] 
2443.573: [GC (Allocation Failure) [PSYoungGen: 59744K->1408K(60416K)] 488145K->429809K(653824K), 0.0021319 secs] [Times: user=0.01 sys=0.00, real=0.00 secs] 
2444.894: [GC (Allocation Failure) [PSYoungGen: 59776K->1408K(60416K)] 488177K->429809K(653824K), 0.0023052 secs] [Times: user=0.01 sys=0.00, real=0.00 secs] 
2445.690: [GC (Allocation Failure) [PSYoungGen: 59776K->1376K(60416K)] 488177K->429777K(653824K), 0.0024780 secs] [Times: user=0.01 sys=0.00, real=0.01 secs] 
2446.406: [GC (Allocation Failure) [PSYoungGen: 59744K->1408K(60416K)] 488145K->429809K(653824K), 0.0021843 secs] [Times: user=0.01 sys=0.00, real=0.00 secs] 
2447.288: [GC (Allocation Failure) [PSYoungGen: 59776K->1376K(59904K)] 488177K->429777K(653312K), 0.0027338 secs] [Times: user=0.01 sys=0.00, real=0.00 secs] 
2447.992: [GC (Allocation Failure) [PSYoungGen: 59744K->1376K(59904K)] 488145K->429777K(653312K), 0.0025571 secs] [Times: user=0.01 sys=0.00, real=0.00 secs] 
2450.190: [GC (Allocation Failure) [PSYoungGen: 59744K->1440K(59904K)] 488145K->429841K(653312K), 0.0056933 secs] [Times: user=0.02 sys=0.01, real=0.01 secs] 
2450.761: [GC (Allocation Failure) [PSYoungGen: 59808K->1408K(59904K)] 488209K->429809K(653312K), 0.0023781 secs] [Times: user=0.01 sys=0.00, real=0.01 secs] 
2451.323: [GC (Allocation Failure) [PSYoungGen: 59776K->1392K(59904K)] 488177K->429793K(653312K), 0.0025527 secs] [Times: user=0.01 sys=0.00, real=0.00 secs] 
2452.037: [GC (Allocation Failure) [PSYoungGen: 59760K->1376K(59904K)] 488161K->429785K(653312K), 0.0060435 secs] [Times: user=0.03 sys=0.00, real=0.01 secs] 
2453.536: [GC (Allocation Failure) [PSYoungGen: 59744K->928K(59904K)] 488153K->430361K(653312K), 0.0017366 secs] [Times: user=0.00 sys=0.00, real=0.00 secs] 
2453.778: [GC (Allocation Failure) [PSYoungGen: 59296K->416K(60416K)] 488729K->429849K(653824K), 0.0018084 secs] [Times: user=0.00 sys=0.00, real=0.00 secs] 
2454.020: [GC (Allocation Failure) [PSYoungGen: 58784K->384K(60416K)] 488217K->429817K(653824K), 0.0018200 secs] [Times: user=0.01 sys=0.00, real=0.01 secs] 
2454.263: [GC (Allocation Failure) [PSYoungGen: 58752K->384K(60416K)] 488185K->429817K(653824K), 0.0018704 secs] [Times: user=0.01 sys=0.00, real=0.00 secs] 
2454.505: [GC (Allocation Failure) [PSYoungGen: 58752K->384K(60416K)] 488185K->429817K(653824K), 0.0017986 secs] [Times: user=0.00 sys=0.00, real=0.00 secs] 
2455.514: [GC (Allocation Failure) [PSYoungGen: 58752K->1408K(60416K)] 488185K->430841K(653824K), 0.0019912 secs] [Times: user=0.00 sys=0.00, real=0.00 secs] 
2455.858: [GC (Allocation Failure) [PSYoungGen: 59776K->1376K(60416K)] 489209K->430809K(653824K), 0.0019313 secs] [Times: user=0.01 sys=0.00, real=0.00 secs] 
2456.101: [GC (Allocation Failure) [PSYoungGen: 59744K->1376K(60416K)] 489177K->430809K(653824K), 0.0018829 secs] [Times: user=0.00 sys=0.00, real=0.01 secs] 
2456.344: [GC (Allocation Failure) [PSYoungGen: 59744K->1376K(60416K)] 489177K->430809K(653824K), 0.0023777 secs] [Times: user=0.01 sys=0.00, real=0.00 secs] 
2456.586: [GC (Allocation Failure) [PSYoungGen: 59744K->1408K(60416K)] 489177K->430841K(653824K), 0.0019243 secs] [Times: user=0.01 sys=0.00, real=0.00 secs] 
2457.515: [GC (Allocation Failure) [PSYoungGen: 59776K->1440K(60416K)] 489209K->430881K(653824K), 0.0017910 secs] [Times: user=0.01 sys=0.00, real=0.00 secs] 
2457.758: [GC (Allocation Failure) [PSYoungGen: 59808K->1376K(60416K)] 489249K->430817K(653824K), 0.0018980 secs] [Times: user=0.00 sys=0.00, real=0.00 secs] 
2458.001: [GC (Allocation Failure) [PSYoungGen: 59744K->1376K(60416K)] 489185K->430817K(653824K), 0.0016507 secs] [Times: user=0.01 sys=0.00, real=0.01 secs] 
2458.242: [GC (Allocation Failure) [PSYoungGen: 59744K->1312K(60416K)] 489185K->430777K(653824K), 0.0018480 secs] [Times: user=0.00 sys=0.00, real=0.00 secs] 
2458.485: [GC (Allocation Failure) [PSYoungGen: 59680K->1408K(60416K)] 489145K->430873K(653824K), 0.0017205 secs] [Times: user=0.00 sys=0.00, real=0.00 secs] 
2459.623: [GC (Allocation Failure) [PSYoungGen: 59776K->1472K(60416K)] 489241K->430945K(653824K), 0.0023107 secs] [Times: user=0.01 sys=0.00, real=0.00 secs] 
2460.374: [GC (Allocation Failure) [PSYoungGen: 59840K->1408K(60416K)] 489313K->430881K(653824K), 0.0025173 secs] [Times: user=0.01 sys=0.00, real=0.00 secs] 
2461.120: [GC (Allocation Failure) [PSYoungGen: 59776K->1408K(60416K)] 489249K->430881K(653824K), 0.0023866 secs] [Times: user=0.01 sys=0.00, real=0.01 secs] 
2462.090: [GC (Allocation Failure) [PSYoungGen: 59776K->1440K(60416K)] 489249K->430921K(653824K), 0.0023170 secs] [Times: user=0.01 sys=0.00, real=0.01 secs] 
2463.093: [GC (Allocation Failure) [PSYoungGen: 59808K->1440K(60416K)] 489289K->430921K(653824K), 0.0029177 secs] [Times: user=0.01 sys=0.00, real=0.00 secs] 
2464.233: [GC (Allocation Failure) [PSYoungGen: 59808K->1440K(60416K)] 489289K->430921K(653824K), 0.0017597 secs] [Times: user=0.01 sys=0.00, real=0.00 secs] 
2464.657: [GC (Allocation Failure) [PSYoungGen: 59808K->1440K(60416K)] 489289K->430921K(653824K), 0.0020347 secs] [Times: user=0.01 sys=0.00, real=0.00 secs] 
2465.112: [GC (Allocation Failure) [PSYoungGen: 59808K->1408K(60416K)] 489289K->430889K(653824K), 0.0033522 secs] [Times: user=0.01 sys=0.00, real=0.00 secs] 
2465.581: [GC (Allocation Failure) [PSYoungGen: 59776K->1392K(60416K)] 489257K->430873K(653824K), 0.0033278 secs] [Times: user=0.01 sys=0.00, real=0.01 secs] 
2466.049: [GC (Allocation Failure) [PSYoungGen: 59760K->1392K(60416K)] 489241K->430873K(653824K), 0.0028504 secs] [Times: user=0.01 sys=0.00, real=0.01 secs] 
2467.580: [GC (Allocation Failure) [PSYoungGen: 59760K->1408K(60416K)] 489241K->430897K(653824K), 0.0019780 secs] [Times: user=0.01 sys=0.00, real=0.01 secs] 
2467.870: [GC (Allocation Failure) [PSYoungGen: 59776K->1440K(60416K)] 489265K->430929K(653824K), 0.0032891 secs] [Times: user=0.01 sys=0.00, real=0.01 secs] 
2468.116: [GC (Allocation Failure) [PSYoungGen: 59808K->1408K(60416K)] 489297K->430897K(653824K), 0.0027575 secs] [Times: user=0.01 sys=0.01, real=0.00 secs] 
2468.559: [GC (Allocation Failure) [PSYoungGen: 59776K->1440K(60416K)] 489265K->430929K(653824K), 0.0023914 secs] [Times: user=0.01 sys=0.00, real=0.00 secs] 
2469.846: [GC (Allocation Failure) [PSYoungGen: 59808K->1712K(60416K)] 489297K->431201K(653824K), 0.0019169 secs] [Times: user=0.01 sys=0.00, real=0.00 secs] 
2470.386: [GC (Allocation Failure) [PSYoungGen: 60080K->1408K(60416K)] 489569K->430905K(653824K), 0.0020275 secs] [Times: user=0.01 sys=0.00, real=0.00 secs] 
2470.986: [GC (Allocation Failure) [PSYoungGen: 59776K->1376K(60416K)] 489273K->430873K(653824K), 0.0032412 secs] [Times: user=0.01 sys=0.00, real=0.00 secs] 
2471.652: [GC (Allocation Failure) [PSYoungGen: 59744K->1392K(60416K)] 489241K->430889K(653824K), 0.0032118 secs] [Times: user=0.01 sys=0.01, real=0.00 secs] 
2472.095: [GC (Allocation Failure) [PSYoungGen: 59760K->1376K(60416K)] 489257K->430889K(653824K), 0.0037109 secs] [Times: user=0.01 sys=0.00, real=0.00 secs] 
2473.842: [GC (Allocation Failure) [PSYoungGen: 59744K->1376K(60416K)] 489257K->430889K(653824K), 0.0058932 secs] [Times: user=0.02 sys=0.00, real=0.00 secs] 
2474.696: [GC (Allocation Failure) [PSYoungGen: 59744K->1376K(60416K)] 489257K->430889K(653824K), 0.0048402 secs] [Times: user=0.02 sys=0.00, real=0.00 secs] 
2475.532: [GC (Allocation Failure) [PSYoungGen: 59744K->1376K(60416K)] 489257K->430889K(653824K), 0.0033070 secs] [Times: user=0.02 sys=0.00, real=0.00 secs] 
2476.252: [GC (Allocation Failure) [PSYoungGen: 59744K->1392K(60416K)] 489257K->430905K(653824K), 0.0029276 secs] [Times: user=0.01 sys=0.00, real=0.00 secs] 
2476.815: [GC (Allocation Failure) [PSYoungGen: 59760K->1376K(60416K)] 489273K->430889K(653824K), 0.0028268 secs] [Times: user=0.01 sys=0.00, real=0.00 secs] 
2477.968: [GC (Allocation Failure) [PSYoungGen: 59744K->1424K(60416K)] 489257K->430937K(653824K), 0.0017089 secs] [Times: user=0.00 sys=0.00, real=0.00 secs] 
2478.211: [GC (Allocation Failure) [PSYoungGen: 59792K->1408K(60416K)] 489305K->430921K(653824K), 0.0017210 secs] [Times: user=0.00 sys=0.00, real=0.01 secs] 
2478.453: [GC (Allocation Failure) [PSYoungGen: 59776K->1440K(60416K)] 489289K->430953K(653824K), 0.0019019 secs] [Times: user=0.01 sys=0.00, real=0.00 secs] 
2478.696: [GC (Allocation Failure) [PSYoungGen: 59808K->1408K(60416K)] 489321K->430921K(653824K), 0.0017447 secs] [Times: user=0.01 sys=0.00, real=0.00 secs] 
2478.938: [GC (Allocation Failure) [PSYoungGen: 59776K->1456K(60416K)] 489289K->430969K(653824K), 0.0023044 secs] [Times: user=0.01 sys=0.00, real=0.00 secs] 
2481.037: [GC (Allocation Failure) [PSYoungGen: 59824K->1408K(59904K)] 489337K->430921K(653312K), 0.0061736 secs] [Times: user=0.03 sys=0.00, real=0.01 secs] 
2482.134: [GC (Allocation Failure) [PSYoungGen: 59776K->1408K(59904K)] 489289K->430921K(653312K), 0.0045292 secs] [Times: user=0.01 sys=0.00, real=0.00 secs] 
2482.939: [GC (Allocation Failure) [PSYoungGen: 59776K->1440K(59904K)] 489289K->430953K(653312K), 0.0053061 secs] [Times: user=0.02 sys=0.00, real=0.01 secs] 
2483.412: [GC (Allocation Failure) [PSYoungGen: 59808K->1344K(59904K)] 489321K->430865K(653312K), 0.0029193 secs] [Times: user=0.02 sys=0.00, real=0.00 secs] 
2484.063: [GC (Allocation Failure) [PSYoungGen: 59712K->1408K(59904K)] 489233K->430929K(653312K), 0.0058660 secs] [Times: user=0.02 sys=0.00, real=0.00 secs] 
2485.489: [GC (Allocation Failure) [PSYoungGen: 59776K->1408K(59904K)] 489297K->430929K(653312K), 0.0024401 secs] [Times: user=0.01 sys=0.00, real=0.01 secs] 
2486.038: [GC (Allocation Failure) [PSYoungGen: 59776K->1408K(59904K)] 489297K->430929K(653312K), 0.0050913 secs] [Times: user=0.02 sys=0.00, real=0.01 secs] 
2486.387: [GC (Allocation Failure) [PSYoungGen: 59776K->1408K(59904K)] 489297K->430929K(653312K), 0.0022358 secs] [Times: user=0.01 sys=0.00, real=0.00 secs] 
2486.629: [GC (Allocation Failure) [PSYoungGen: 59776K->1360K(59904K)] 489297K->430881K(653312K), 0.0020182 secs] [Times: user=0.01 sys=0.00, real=0.00 secs] 
2486.880: [GC (Allocation Failure) [PSYoungGen: 59728K->1376K(59904K)] 489249K->430897K(653312K), 0.0023066 secs] [Times: user=0.01 sys=0.00, real=0.01 secs] 
2487.928: [GC (Allocation Failure) [PSYoungGen: 59744K->1408K(59904K)] 489265K->430929K(653312K), 0.0030508 secs] [Times: user=0.01 sys=0.00, real=0.00 secs] 
2488.170: [GC (Allocation Failure) [PSYoungGen: 59776K->1440K(59904K)] 489297K->430961K(653312K), 0.0022001 secs] [Times: user=0.01 sys=0.00, real=0.01 secs] 
2488.539: [GC (Allocation Failure) [PSYoungGen: 59808K->1376K(59904K)] 489329K->430897K(653312K), 0.0024135 secs] [Times: user=0.01 sys=0.00, real=0.01 secs] 
2488.875: [GC (Allocation Failure) [PSYoungGen: 59744K->1344K(59904K)] 489265K->430865K(653312K), 0.0026008 secs] [Times: user=0.01 sys=0.00, real=0.00 secs] 
2490.020: [GC (Allocation Failure) [PSYoungGen: 59655K->1504K(59904K)] 489177K->431169K(653312K), 0.0018449 secs] [Times: user=0.01 sys=0.00, real=0.01 secs] 
2490.729: [GC (Allocation Failure) [PSYoungGen: 59872K->1376K(60416K)] 489537K->431057K(653824K), 0.0026061 secs] [Times: user=0.01 sys=0.00, real=0.00 secs] 
2491.220: [GC (Allocation Failure) [PSYoungGen: 59744K->1376K(60416K)] 489425K->431057K(653824K), 0.0044834 secs] [Times: user=0.02 sys=0.00, real=0.01 secs] 
2491.691: [GC (Allocation Failure) [PSYoungGen: 59744K->1376K(60416K)] 489425K->431057K(653824K), 0.0032135 secs] [Times: user=0.01 sys=0.01, real=0.01 secs] 
2492.156: [GC (Allocation Failure) [PSYoungGen: 59744K->1376K(60416K)] 489425K->431057K(653824K), 0.0029195 secs] [Times: user=0.01 sys=0.00, real=0.00 secs] 
2493.402: [GC (Allocation Failure) [PSYoungGen: 59744K->1440K(60416K)] 489425K->431121K(653824K), 0.0018804 secs] [Times: user=0.01 sys=0.00, real=0.00 secs] 
2494.106: [GC (Allocation Failure) [PSYoungGen: 59808K->1344K(59904K)] 489489K->431025K(653312K), 0.0035765 secs] [Times: user=0.02 sys=0.00, real=0.00 secs] 
2494.686: [GC (Allocation Failure) [PSYoungGen: 59712K->1360K(59904K)] 489393K->431041K(653312K), 0.0036322 secs] [Times: user=0.01 sys=0.00, real=0.00 secs] 
2495.149: [GC (Allocation Failure) [PSYoungGen: 59728K->1344K(59904K)] 489409K->431025K(653312K), 0.0033621 secs] [Times: user=0.01 sys=0.00, real=0.01 secs] 
2495.693: [GC (Allocation Failure) [PSYoungGen: 59712K->1376K(59904K)] 489393K->431057K(653312K), 0.0028720 secs] [Times: user=0.01 sys=0.00, real=0.00 secs] 
2496.993: [GC (Allocation Failure) [PSYoungGen: 59744K->1408K(59904K)] 489425K->431089K(653312K), 0.0029579 secs] [Times: user=0.01 sys=0.00, real=0.00 secs] 
2497.678: [GC (Allocation Failure) [PSYoungGen: 59776K->1344K(59904K)] 489457K->431025K(653312K), 0.0044037 secs] [Times: user=0.02 sys=0.00, real=0.01 secs] 
2498.358: [GC (Allocation Failure) [PSYoungGen: 59712K->1376K(59904K)] 489393K->431057K(653312K), 0.0044937 secs] [Times: user=0.02 sys=0.00, real=0.01 secs] 
2499.007: [GC (Allocation Failure) [PSYoungGen: 59744K->1344K(59904K)] 489425K->431025K(653312K), 0.0033781 secs] [Times: user=0.01 sys=0.00, real=0.00 secs] 
2499.508: [GC (Allocation Failure) [PSYoungGen: 59712K->1344K(59904K)] 489393K->431025K(653312K), 0.0035127 secs] [Times: user=0.02 sys=0.00, real=0.01 secs] 
2502.383: [GC (Allocation Failure) [PSYoungGen: 59712K->1440K(59904K)] 489393K->431121K(653312K), 0.0049430 secs] [Times: user=0.02 sys=0.00, real=0.00 secs] 
2503.123: [GC (Allocation Failure) [PSYoungGen: 59808K->1376K(59904K)] 489489K->431057K(653312K), 0.0037021 secs] [Times: user=0.02 sys=0.00, real=0.00 secs] 
2503.891: [GC (Allocation Failure) [PSYoungGen: 59744K->1344K(59904K)] 489425K->431033K(653312K), 0.0035977 secs] [Times: user=0.01 sys=0.00, real=0.01 secs] 
2504.352: [GC (Allocation Failure) [PSYoungGen: 59712K->1344K(59904K)] 489401K->431033K(653312K), 0.0034510 secs] [Times: user=0.02 sys=0.00, real=0.00 secs] 
2504.803: [GC (Allocation Failure) [PSYoungGen: 59712K->1376K(59904K)] 489401K->431065K(653312K), 0.0034283 secs] [Times: user=0.01 sys=0.00, real=0.00 secs] 
2506.024: [GC (Allocation Failure) [PSYoungGen: 59744K->1424K(59904K)] 489433K->431113K(653312K), 0.0019709 secs] [Times: user=0.01 sys=0.00, real=0.00 secs] 
2506.286: [GC (Allocation Failure) [PSYoungGen: 59792K->1376K(59904K)] 489481K->431065K(653312K), 0.0019182 secs] [Times: user=0.01 sys=0.00, real=0.00 secs] 
2506.529: [GC (Allocation Failure) [PSYoungGen: 59744K->1344K(59904K)] 489433K->431033K(653312K), 0.0017287 secs] [Times: user=0.01 sys=0.00, real=0.00 secs] 
2506.916: [GC (Allocation Failure) [PSYoungGen: 59712K->1440K(59904K)] 489401K->431129K(653312K), 0.0019042 secs] [Times: user=0.01 sys=0.00, real=0.00 secs] 
2507.254: [GC (Allocation Failure) [PSYoungGen: 59808K->1408K(59904K)] 489497K->431097K(653312K), 0.0018987 secs] [Times: user=0.01 sys=0.00, real=0.00 secs] 
2508.655: [GC (Allocation Failure) [PSYoungGen: 59776K->1376K(59904K)] 489465K->431065K(653312K), 0.0027990 secs] [Times: user=0.01 sys=0.00, real=0.00 secs] 
2509.359: [GC (Allocation Failure) [PSYoungGen: 59744K->1376K(59904K)] 489433K->431065K(653312K), 0.0038778 secs] [Times: user=0.02 sys=0.00, real=0.01 secs] 
2509.906: [GC (Allocation Failure) [PSYoungGen: 59744K->1424K(59904K)] 489433K->431113K(653312K), 0.0032949 secs] [Times: user=0.02 sys=0.00, real=0.00 secs] 
2510.422: [GC (Allocation Failure) [PSYoungGen: 59792K->1376K(59904K)] 489481K->431065K(653312K), 0.0029795 secs] [Times: user=0.01 sys=0.00, real=0.01 secs] 
2511.739: [GC (Allocation Failure) [PSYoungGen: 59744K->1392K(59904K)] 489433K->431081K(653312K), 0.0015054 secs] [Times: user=0.01 sys=0.00, real=0.00 secs] 
2512.771: [GC (Allocation Failure) [PSYoungGen: 59760K->1376K(59904K)] 489449K->431073K(653312K), 0.0025367 secs] [Times: user=0.01 sys=0.00, real=0.01 secs] 
2513.558: [GC (Allocation Failure) [PSYoungGen: 59744K->1360K(59904K)] 489441K->431057K(653312K), 0.0022353 secs] [Times: user=0.01 sys=0.00, real=0.00 secs] 
2514.539: [GC (Allocation Failure) [PSYoungGen: 59728K->1376K(59904K)] 489425K->431073K(653312K), 0.0030674 secs] [Times: user=0.01 sys=0.00, real=0.01 secs] 
2515.436: [GC (Allocation Failure) [PSYoungGen: 59744K->1408K(59904K)] 489441K->431105K(653312K), 0.0032435 secs] [Times: user=0.01 sys=0.00, real=0.00 secs] 
2516.977: [GC (Allocation Failure) [PSYoungGen: 59776K->1408K(59904K)] 489473K->431105K(653312K), 0.0018020 secs] [Times: user=0.01 sys=0.00, real=0.00 secs] 
2517.639: [GC (Allocation Failure) [PSYoungGen: 59776K->1344K(59904K)] 489473K->431041K(653312K), 0.0044070 secs] [Times: user=0.01 sys=0.00, real=0.01 secs] 
2518.404: [GC (Allocation Failure) [PSYoungGen: 59712K->1440K(59904K)] 489409K->431137K(653312K), 0.0043188 secs] [Times: user=0.01 sys=0.00, real=0.00 secs] 
2519.119: [GC (Allocation Failure) [PSYoungGen: 59808K->1344K(59904K)] 489505K->431041K(653312K), 0.0058254 secs] [Times: user=0.02 sys=0.00, real=0.01 secs] 
2519.823: [GC (Allocation Failure) [PSYoungGen: 59712K->1408K(59904K)] 489409K->431105K(653312K), 0.0041262 secs] [Times: user=0.02 sys=0.00, real=0.00 secs] 
2521.381: [GC (Allocation Failure) [PSYoungGen: 59776K->1472K(59904K)] 489473K->431169K(653312K), 0.0018568 secs] [Times: user=0.01 sys=0.00, real=0.01 secs] 
2522.437: [GC (Allocation Failure) [PSYoungGen: 59840K->1392K(59904K)] 489537K->431089K(653312K), 0.0026901 secs] [Times: user=0.02 sys=0.00, real=0.00 secs] 
2523.047: [GC (Allocation Failure) [PSYoungGen: 59760K->1344K(59904K)] 489457K->431041K(653312K), 0.0026413 secs] [Times: user=0.01 sys=0.00, real=0.00 secs] 
2523.709: [GC (Allocation Failure) [PSYoungGen: 59712K->1376K(59904K)] 489409K->431073K(653312K), 0.0028119 secs] [Times: user=0.01 sys=0.00, real=0.00 secs] 
2524.085: [GC (Allocation Failure) [PSYoungGen: 59744K->1408K(59904K)] 489441K->431105K(653312K), 0.0026052 secs] [Times: user=0.01 sys=0.00, real=0.00 secs] 
2525.094: [GC (Allocation Failure) [PSYoungGen: 59776K->1456K(59904K)] 489473K->431161K(653312K), 0.0018072 secs] [Times: user=0.00 sys=0.00, real=0.00 secs] 
2525.336: [GC (Allocation Failure) [PSYoungGen: 59824K->1408K(59904K)] 489529K->431113K(653312K), 0.0018020 secs] [Times: user=0.01 sys=0.00, real=0.00 secs] 
2525.578: [GC (Allocation Failure) [PSYoungGen: 59776K->1408K(59904K)] 489481K->431113K(653312K), 0.0018300 secs] [Times: user=0.01 sys=0.00, real=0.00 secs] 
2525.987: [GC (Allocation Failure) [PSYoungGen: 59776K->1376K(59904K)] 489481K->431081K(653312K), 0.0019791 secs] [Times: user=0.00 sys=0.01, real=0.00 secs] 
2526.443: [GC (Allocation Failure) [PSYoungGen: 59744K->1376K(59904K)] 489449K->431081K(653312K), 0.0018258 secs] [Times: user=0.01 sys=0.00, real=0.00 secs] 
2527.782: [GC (Allocation Failure) [PSYoungGen: 59744K->1408K(59904K)] 489449K->431113K(653312K), 0.0019271 secs] [Times: user=0.00 sys=0.00, real=0.00 secs] 
2528.378: [GC (Allocation Failure) [PSYoungGen: 59776K->1344K(59904K)] 489481K->431049K(653312K), 0.0029173 secs] [Times: user=0.01 sys=0.00, real=0.00 secs] 
2528.957: [GC (Allocation Failure) [PSYoungGen: 59712K->1376K(59904K)] 489417K->431081K(653312K), 0.0028673 secs] [Times: user=0.02 sys=0.00, real=0.00 secs] 
2529.588: [GC (Allocation Failure) [PSYoungGen: 59744K->1376K(59904K)] 489449K->431081K(653312K), 0.0045938 secs] [Times: user=0.02 sys=0.00, real=0.01 secs] 
2530.113: [GC (Allocation Failure) [PSYoungGen: 59744K->1328K(59904K)] 489449K->431033K(653312K), 0.0023572 secs] [Times: user=0.01 sys=0.01, real=0.00 secs] 
2531.147: [GC (Allocation Failure) [PSYoungGen: 59696K->1408K(59904K)] 489401K->431129K(653312K), 0.0017491 secs] [Times: user=0.00 sys=0.00, real=0.00 secs] 
2531.389: [GC (Allocation Failure) [PSYoungGen: 59776K->1344K(59904K)] 489497K->431073K(653312K), 0.0017416 secs] [Times: user=0.00 sys=0.00, real=0.00 secs] 
2531.653: [GC (Allocation Failure) [PSYoungGen: 59712K->1376K(59904K)] 489441K->431105K(653312K), 0.0017208 secs] [Times: user=0.00 sys=0.00, real=0.00 secs] 
2532.041: [GC (Allocation Failure) [PSYoungGen: 59744K->1408K(59904K)] 489473K->431137K(653312K), 0.0020137 secs] [Times: user=0.01 sys=0.00, real=0.01 secs] 
2532.493: [GC (Allocation Failure) [PSYoungGen: 59776K->1408K(59904K)] 489505K->431137K(653312K), 0.0031837 secs] [Times: user=0.01 sys=0.00, real=0.00 secs] 
2533.552: [GC (Allocation Failure) [PSYoungGen: 59776K->1408K(59904K)] 489505K->431145K(653312K), 0.0019732 secs] [Times: user=0.01 sys=0.00, real=0.00 secs] 
2533.795: [GC (Allocation Failure) [PSYoungGen: 59776K->1376K(59904K)] 489513K->431113K(653312K), 0.0017334 secs] [Times: user=0.01 sys=0.00, real=0.00 secs] 
2534.042: [GC (Allocation Failure) [PSYoungGen: 59744K->1408K(59904K)] 489481K->431145K(653312K), 0.0018171 secs] [Times: user=0.01 sys=0.00, real=0.00 secs] 
2534.285: [GC (Allocation Failure) [PSYoungGen: 59776K->1408K(59904K)] 489513K->431145K(653312K), 0.0021859 secs] [Times: user=0.00 sys=0.00, real=0.00 secs] 
2535.221: [GC (Allocation Failure) [PSYoungGen: 59776K->864K(59392K)] 489513K->431625K(652800K), 0.0019162 secs] [Times: user=0.01 sys=0.00, real=0.01 secs] 
2535.492: [GC (Allocation Failure) [PSYoungGen: 58720K->320K(59904K)] 489481K->431081K(653312K), 0.0019292 secs] [Times: user=0.00 sys=0.00, real=0.00 secs] 
2535.732: [GC (Allocation Failure) [PSYoungGen: 58176K->384K(59904K)] 488937K->431145K(653312K), 0.0020972 secs] [Times: user=0.01 sys=0.00, real=0.00 secs] 
2536.004: [GC (Allocation Failure) [PSYoungGen: 58240K->384K(59904K)] 489001K->431145K(653312K), 0.0018217 secs] [Times: user=0.01 sys=0.00, real=0.00 secs] 
2536.272: [GC (Allocation Failure) [PSYoungGen: 58240K->368K(59904K)] 489001K->431129K(653312K), 0.0021041 secs] [Times: user=0.01 sys=0.00, real=0.00 secs] 
2537.386: [GC (Allocation Failure) [PSYoungGen: 58224K->1376K(59904K)] 488985K->432153K(653312K), 0.0017939 secs] [Times: user=0.01 sys=0.00, real=0.00 secs] 
2538.015: [GC (Allocation Failure) [PSYoungGen: 59232K->1376K(59904K)] 490009K->432161K(653312K), 0.0018071 secs] [Times: user=0.01 sys=0.00, real=0.00 secs] 
2538.494: [GC (Allocation Failure) [PSYoungGen: 59232K->1408K(59904K)] 490017K->432209K(653312K), 0.0021184 secs] [Times: user=0.01 sys=0.00, real=0.00 secs] 
2538.736: [GC (Allocation Failure) [PSYoungGen: 59264K->1376K(59904K)] 490065K->432177K(653312K), 0.0021428 secs] [Times: user=0.01 sys=0.00, real=0.00 secs] 
2538.977: [GC (Allocation Failure) [PSYoungGen: 59232K->1376K(59904K)] 490033K->432177K(653312K), 0.0019950 secs] [Times: user=0.01 sys=0.00, real=0.00 secs] 
2540.226: [GC (Allocation Failure) [PSYoungGen: 59232K->1376K(59904K)] 490033K->432177K(653312K), 0.0027779 secs] [Times: user=0.01 sys=0.00, real=0.00 secs] 
2540.836: [GC (Allocation Failure) [PSYoungGen: 59232K->1344K(59904K)] 490033K->432145K(653312K), 0.0031768 secs] [Times: user=0.02 sys=0.00, real=0.00 secs] 
2541.623: [GC (Allocation Failure) [PSYoungGen: 59200K->1344K(59904K)] 490001K->432145K(653312K), 0.0038958 secs] [Times: user=0.01 sys=0.00, real=0.00 secs] 
2542.529: [GC (Allocation Failure) [PSYoungGen: 59200K->1392K(59904K)] 490001K->432193K(653312K), 0.0035508 secs] [Times: user=0.02 sys=0.00, real=0.01 secs] 
2543.352: [GC (Allocation Failure) [PSYoungGen: 59248K->1440K(59904K)] 490049K->432241K(653312K), 0.0033291 secs] [Times: user=0.01 sys=0.00, real=0.00 secs] 
2545.044: [GC (Allocation Failure) [PSYoungGen: 59296K->1408K(59904K)] 490097K->432209K(653312K), 0.0035637 secs] [Times: user=0.02 sys=0.00, real=0.00 secs] 
2545.711: [GC (Allocation Failure) [PSYoungGen: 59264K->1408K(59904K)] 490065K->432209K(653312K), 0.0029436 secs] [Times: user=0.01 sys=0.00, real=0.01 secs] 
2546.220: [GC (Allocation Failure) [PSYoungGen: 59264K->1376K(59904K)] 490065K->432177K(653312K), 0.0029603 secs] [Times: user=0.01 sys=0.00, real=0.01 secs] 
2546.835: [GC (Allocation Failure) [PSYoungGen: 59232K->1392K(59904K)] 490033K->432193K(653312K), 0.0023325 secs] [Times: user=0.01 sys=0.00, real=0.00 secs] 
2547.530: [GC (Allocation Failure) [PSYoungGen: 59248K->1392K(59904K)] 490049K->432193K(653312K), 0.0045704 secs] [Times: user=0.02 sys=0.00, real=0.01 secs] 
2549.302: [GC (Allocation Failure) [PSYoungGen: 59248K->1440K(59904K)] 490049K->432249K(653312K), 0.0023735 secs] [Times: user=0.01 sys=0.00, real=0.00 secs] 
2550.383: [GC (Allocation Failure) [PSYoungGen: 59296K->1360K(59904K)] 490105K->432169K(653312K), 0.0037376 secs] [Times: user=0.01 sys=0.00, real=0.00 secs] 
2551.029: [GC (Allocation Failure) [PSYoungGen: 59216K->1392K(59904K)] 490025K->432201K(653312K), 0.0034056 secs] [Times: user=0.01 sys=0.00, real=0.01 secs] 
2551.609: [GC (Allocation Failure) [PSYoungGen: 59248K->1344K(59904K)] 490057K->432153K(653312K), 0.0043177 secs] [Times: user=0.02 sys=0.00, real=0.01 secs] 
2552.135: [GC (Allocation Failure) [PSYoungGen: 59200K->1376K(59904K)] 490009K->432185K(653312K), 0.0028011 secs] [Times: user=0.01 sys=0.00, real=0.00 secs] 
2553.474: [GC (Allocation Failure) [PSYoungGen: 59232K->1440K(59904K)] 490041K->432249K(653312K), 0.0018802 secs] [Times: user=0.01 sys=0.00, real=0.00 secs] 
2553.723: [GC (Allocation Failure) [PSYoungGen: 59296K->1376K(59904K)] 490105K->432185K(653312K), 0.0019126 secs] [Times: user=0.00 sys=0.00, real=0.00 secs] 
2553.964: [GC (Allocation Failure) [PSYoungGen: 59232K->1344K(59904K)] 490041K->432161K(653312K), 0.0019218 secs] [Times: user=0.01 sys=0.00, real=0.00 secs] 
2554.281: [GC (Allocation Failure) [PSYoungGen: 59200K->1440K(59904K)] 490017K->432257K(653312K), 0.0019869 secs] [Times: user=0.01 sys=0.00, real=0.01 secs] 
2554.765: [GC (Allocation Failure) [PSYoungGen: 59296K->1376K(59904K)] 490113K->432193K(653312K), 0.0021692 secs] [Times: user=0.01 sys=0.00, real=0.00 secs] 
2556.118: [GC (Allocation Failure) [PSYoungGen: 59232K->1440K(59904K)] 490049K->432257K(653312K), 0.0017374 secs] [Times: user=0.01 sys=0.00, real=0.00 secs] 
2556.358: [GC (Allocation Failure) [PSYoungGen: 59296K->1376K(59904K)] 490113K->432193K(653312K), 0.0017225 secs] [Times: user=0.00 sys=0.00, real=0.00 secs] 
2556.598: [GC (Allocation Failure) [PSYoungGen: 59232K->1344K(59904K)] 490049K->432161K(653312K), 0.0018151 secs] [Times: user=0.00 sys=0.00, real=0.00 secs] 
2556.937: [GC (Allocation Failure) [PSYoungGen: 59200K->1408K(59904K)] 490017K->432225K(653312K), 0.0022120 secs] [Times: user=0.01 sys=0.00, real=0.00 secs] 
2557.503: [GC (Allocation Failure) [PSYoungGen: 59264K->1344K(59904K)] 490081K->432161K(653312K), 0.0031147 secs] [Times: user=0.01 sys=0.00, real=0.00 secs] 
2558.482: [GC (Allocation Failure) [PSYoungGen: 59200K->1408K(59904K)] 490017K->432225K(653312K), 0.0019737 secs] [Times: user=0.01 sys=0.00, real=0.00 secs] 
2558.723: [GC (Allocation Failure) [PSYoungGen: 59264K->1376K(59904K)] 490081K->432193K(653312K), 0.0018117 secs] [Times: user=0.01 sys=0.00, real=0.00 secs] 
2558.964: [GC (Allocation Failure) [PSYoungGen: 59232K->1408K(59904K)] 490049K->432225K(653312K), 0.0018463 secs] [Times: user=0.00 sys=0.00, real=0.00 secs] 
2559.204: [GC (Allocation Failure) [PSYoungGen: 59264K->1408K(59904K)] 490081K->432241K(653312K), 0.0018654 secs] [Times: user=0.01 sys=0.00, real=0.00 secs] 
2560.171: [GC (Allocation Failure) [PSYoungGen: 59264K->1664K(59904K)] 490097K->432497K(653312K), 0.0018591 secs] [Times: user=0.00 sys=0.00, real=0.01 secs] 
2560.664: [GC (Allocation Failure) [PSYoungGen: 59520K->1376K(59904K)] 490353K->432217K(653312K), 0.0020401 secs] [Times: user=0.01 sys=0.00, real=0.00 secs] 
2561.175: [GC (Allocation Failure) [PSYoungGen: 59232K->1344K(59904K)] 490073K->432185K(653312K), 0.0020013 secs] [Times: user=0.01 sys=0.00, real=0.00 secs] 
2561.630: [GC (Allocation Failure) [PSYoungGen: 59200K->1376K(59904K)] 490041K->432225K(653312K), 0.0021138 secs] [Times: user=0.00 sys=0.00, real=0.01 secs] 
2561.870: [GC (Allocation Failure) [PSYoungGen: 59232K->1376K(59904K)] 490081K->432225K(653312K), 0.0019649 secs] [Times: user=0.01 sys=0.00, real=0.01 secs] 
2562.846: [GC (Allocation Failure) [PSYoungGen: 59232K->1376K(59904K)] 490081K->432225K(653312K), 0.0017907 secs] [Times: user=0.00 sys=0.00, real=0.00 secs] 
2563.115: [GC (Allocation Failure) [PSYoungGen: 59232K->1376K(59904K)] 490081K->432225K(653312K), 0.0016431 secs] [Times: user=0.01 sys=0.00, real=0.00 secs] 
2563.415: [GC (Allocation Failure) [PSYoungGen: 59232K->1408K(59392K)] 490081K->432257K(652800K), 0.0019865 secs] [Times: user=0.01 sys=0.00, real=0.00 secs] 
2563.657: [GC (Allocation Failure) [PSYoungGen: 59264K->1344K(59392K)] 490113K->432193K(652800K), 0.0029091 secs] [Times: user=0.01 sys=0.00, real=0.00 secs] 
2564.111: [GC (Allocation Failure) [PSYoungGen: 59200K->352K(58880K)] 490049K->432225K(652288K), 0.0029004 secs] [Times: user=0.01 sys=0.00, real=0.01 secs] 
2565.328: [GC (Allocation Failure) [PSYoungGen: 58208K->1376K(59904K)] 490081K->433249K(653312K), 0.0020292 secs] [Times: user=0.00 sys=0.00, real=0.00 secs] 
2565.670: [GC (Allocation Failure) [PSYoungGen: 59232K->1392K(59904K)] 491105K->433265K(653312K), 0.0018451 secs] [Times: user=0.01 sys=0.00, real=0.01 secs] 
2566.054: [GC (Allocation Failure) [PSYoungGen: 59248K->1376K(59904K)] 491121K->433249K(653312K), 0.0020725 secs] [Times: user=0.01 sys=0.00, real=0.00 secs] 
2566.627: [GC (Allocation Failure) [PSYoungGen: 59232K->1376K(59904K)] 491105K->433249K(653312K), 0.0022716 secs] [Times: user=0.01 sys=0.00, real=0.00 secs] 
2567.559: [GC (Allocation Failure) [PSYoungGen: 59232K->1344K(59904K)] 491105K->433217K(653312K), 0.0035386 secs] [Times: user=0.01 sys=0.00, real=0.01 secs] 
2568.831: [GC (Allocation Failure) [PSYoungGen: 59200K->1408K(59904K)] 491073K->433281K(653312K), 0.0018546 secs] [Times: user=0.01 sys=0.00, real=0.01 secs] 
2569.072: [GC (Allocation Failure) [PSYoungGen: 59264K->1408K(59904K)] 491137K->433281K(653312K), 0.0019842 secs] [Times: user=0.01 sys=0.00, real=0.00 secs] 
2569.346: [GC (Allocation Failure) [PSYoungGen: 59264K->1376K(59904K)] 491137K->433249K(653312K), 0.0017647 secs] [Times: user=0.01 sys=0.00, real=0.00 secs] 
2569.596: [GC (Allocation Failure) [PSYoungGen: 59232K->1376K(59904K)] 491105K->433257K(653312K), 0.0035478 secs] [Times: user=0.02 sys=0.00, real=0.00 secs] 
2569.838: [GC (Allocation Failure) [PSYoungGen: 59232K->1344K(59904K)] 491113K->433225K(653312K), 0.0024714 secs] [Times: user=0.01 sys=0.00, real=0.00 secs] 
2570.797: [GC (Allocation Failure) [PSYoungGen: 59200K->1408K(59904K)] 491081K->433297K(653312K), 0.0018221 secs] [Times: user=0.01 sys=0.00, real=0.00 secs] 
2571.038: [GC (Allocation Failure) [PSYoungGen: 59264K->1376K(59904K)] 491153K->433265K(653312K), 0.0020223 secs] [Times: user=0.01 sys=0.00, real=0.00 secs] 
2571.279: [GC (Allocation Failure) [PSYoungGen: 59232K->1392K(59904K)] 491121K->433289K(653312K), 0.0019768 secs] [Times: user=0.01 sys=0.00, real=0.00 secs] 
2571.519: [GC (Allocation Failure) [PSYoungGen: 59248K->1440K(59904K)] 491145K->433337K(653312K), 0.0020341 secs] [Times: user=0.01 sys=0.00, real=0.00 secs] 
2571.760: [GC (Allocation Failure) [PSYoungGen: 59296K->1440K(59904K)] 491193K->433337K(653312K), 0.0020144 secs] [Times: user=0.00 sys=0.00, real=0.01 secs] 
2572.717: [GC (Allocation Failure) [PSYoungGen: 59296K->1440K(59904K)] 491193K->433337K(653312K), 0.0057101 secs] [Times: user=0.03 sys=0.00, real=0.01 secs] 
2572.961: [GC (Allocation Failure) [PSYoungGen: 59296K->1392K(59904K)] 491193K->433289K(653312K), 0.0017223 secs] [Times: user=0.00 sys=0.00, real=0.01 secs] 
2573.262: [GC (Allocation Failure) [PSYoungGen: 59248K->1392K(59904K)] 491145K->433289K(653312K), 0.0018933 secs] [Times: user=0.01 sys=0.00, real=0.00 secs] 
2573.502: [GC (Allocation Failure) [PSYoungGen: 59248K->1408K(59904K)] 491145K->433305K(653312K), 0.0022457 secs] [Times: user=0.01 sys=0.00, real=0.00 secs] 
2573.745: [GC (Allocation Failure) [PSYoungGen: 59264K->1392K(59392K)] 491161K->433289K(652800K), 0.0023881 secs] [Times: user=0.01 sys=0.00, real=0.00 secs] 
2575.610: [GC (Allocation Failure) [PSYoungGen: 59248K->1424K(59392K)] 491145K->433321K(652800K), 0.0039175 secs] [Times: user=0.02 sys=0.00, real=0.01 secs] 
2576.859: [GC (Allocation Failure) [PSYoungGen: 59280K->384K(58880K)] 491177K->433305K(652288K), 0.0048179 secs] [Times: user=0.02 sys=0.00, real=0.01 secs] 
2577.862: [GC (Allocation Failure) [PSYoungGen: 58240K->384K(59904K)] 491161K->433305K(653312K), 0.0046370 secs] [Times: user=0.02 sys=0.00, real=0.00 secs] 
2578.409: [GC (Allocation Failure) [PSYoungGen: 58240K->416K(59904K)] 491161K->433337K(653312K), 0.0027147 secs] [Times: user=0.01 sys=0.00, real=0.01 secs] 
2578.792: [GC (Allocation Failure) [PSYoungGen: 58272K->368K(59904K)] 491193K->433289K(653312K), 0.0019370 secs] [Times: user=0.01 sys=0.00, real=0.00 secs] 
2581.317: [GC (Allocation Failure) [PSYoungGen: 58224K->1440K(59904K)] 491145K->434361K(653312K), 0.0055060 secs] [Times: user=0.02 sys=0.00, real=0.01 secs] 
2581.839: [GC (Allocation Failure) [PSYoungGen: 59296K->1440K(59904K)] 492217K->434361K(653312K), 0.0033383 secs] [Times: user=0.01 sys=0.00, real=0.01 secs] 
2582.464: [GC (Allocation Failure) [PSYoungGen: 59296K->1376K(59904K)] 492217K->434313K(653312K), 0.0030018 secs] [Times: user=0.01 sys=0.00, real=0.00 secs] 
2583.142: [GC (Allocation Failure) [PSYoungGen: 59232K->1408K(59904K)] 492169K->434345K(653312K), 0.0043765 secs] [Times: user=0.02 sys=0.00, real=0.00 secs] 
2584.573: [GC (Allocation Failure) [PSYoungGen: 59264K->1664K(59392K)] 492201K->434601K(652800K), 0.0017953 secs] [Times: user=0.01 sys=0.00, real=0.00 secs] 
2585.122: [GC (Allocation Failure) [PSYoungGen: 59008K->1392K(59904K)] 491945K->434329K(653312K), 0.0020043 secs] [Times: user=0.01 sys=0.00, real=0.00 secs] 
2585.724: [GC (Allocation Failure) [PSYoungGen: 58736K->1376K(59904K)] 491673K->434313K(653312K), 0.0040769 secs] [Times: user=0.01 sys=0.00, real=0.00 secs] 
2586.459: [GC (Allocation Failure) [PSYoungGen: 58720K->1376K(58880K)] 491657K->434313K(652288K), 0.0034857 secs] [Times: user=0.01 sys=0.00, real=0.01 secs] 
2587.127: [GC (Allocation Failure) [PSYoungGen: 58720K->1344K(59392K)] 491657K->434281K(652800K), 0.0037194 secs] [Times: user=0.01 sys=0.00, real=0.00 secs] 
2588.443: [GC (Allocation Failure) [PSYoungGen: 58688K->1936K(59392K)] 491625K->434873K(652800K), 0.0018684 secs] [Times: user=0.01 sys=0.00, real=0.00 secs] 
2588.999: [GC (Allocation Failure) [PSYoungGen: 59280K->1376K(59904K)] 492217K->434313K(653312K), 0.0030146 secs] [Times: user=0.02 sys=0.00, real=0.01 secs] 
2589.539: [GC (Allocation Failure) [PSYoungGen: 58720K->1344K(58880K)] 491657K->434281K(652288K), 0.0029920 secs] [Times: user=0.01 sys=0.00, real=0.01 secs] 
2589.944: [GC (Allocation Failure) [PSYoungGen: 58688K->1408K(59392K)] 491625K->434345K(652800K), 0.0025880 secs] [Times: user=0.01 sys=0.00, real=0.00 secs] 
2590.472: [GC (Allocation Failure) [PSYoungGen: 58752K->1408K(59392K)] 491689K->434345K(652800K), 0.0026418 secs] [Times: user=0.01 sys=0.00, real=0.00 secs] 
2591.812: [GC (Allocation Failure) [PSYoungGen: 58752K->1440K(59392K)] 491689K->434377K(652800K), 0.0018838 secs] [Times: user=0.00 sys=0.00, real=0.00 secs] 
2592.415: [GC (Allocation Failure) [PSYoungGen: 58784K->1376K(59392K)] 491721K->434321K(652800K), 0.0019806 secs] [Times: user=0.01 sys=0.00, real=0.00 secs] 
2592.913: [GC (Allocation Failure) [PSYoungGen: 58720K->1360K(59392K)] 491665K->434305K(652800K), 0.0034645 secs] [Times: user=0.01 sys=0.00, real=0.00 secs] 
2593.259: [GC (Allocation Failure) [PSYoungGen: 58704K->1408K(59392K)] 491649K->434353K(652800K), 0.0025217 secs] [Times: user=0.01 sys=0.00, real=0.01 secs] 
2593.603: [GC (Allocation Failure) [PSYoungGen: 58752K->1360K(59392K)] 491697K->434305K(652800K), 0.0025047 secs] [Times: user=0.01 sys=0.00, real=0.00 secs] 
2594.946: [GC (Allocation Failure) [PSYoungGen: 58704K->1440K(59392K)] 491649K->434385K(652800K), 0.0021532 secs] [Times: user=0.01 sys=0.00, real=0.00 secs] 
2595.748: [GC (Allocation Failure) [PSYoungGen: 58784K->1376K(59392K)] 491729K->434321K(652800K), 0.0046947 secs] [Times: user=0.02 sys=0.00, real=0.01 secs] 
2596.439: [GC (Allocation Failure) [PSYoungGen: 58720K->1344K(59392K)] 491665K->434289K(652800K), 0.0037056 secs] [Times: user=0.02 sys=0.00, real=0.01 secs] 
2597.033: [GC (Allocation Failure) [PSYoungGen: 58688K->1328K(59392K)] 491633K->434273K(652800K), 0.0030374 secs] [Times: user=0.01 sys=0.00, real=0.00 secs] 
2597.821: [GC (Allocation Failure) [PSYoungGen: 58672K->1328K(59392K)] 491617K->434273K(652800K), 0.0052509 secs] [Times: user=0.02 sys=0.00, real=0.01 secs] 
2599.422: [GC (Allocation Failure) [PSYoungGen: 58672K->1472K(59392K)] 491617K->434417K(652800K), 0.0020026 secs] [Times: user=0.01 sys=0.00, real=0.00 secs] 
2600.112: [GC (Allocation Failure) [PSYoungGen: 58816K->1376K(59392K)] 491761K->434321K(652800K), 0.0044298 secs] [Times: user=0.02 sys=0.00, real=0.01 secs] 
2600.408: [GC (Allocation Failure) [PSYoungGen: 58720K->1376K(59392K)] 491665K->434321K(652800K), 0.0020926 secs] [Times: user=0.01 sys=0.00, real=0.00 secs] 
2600.651: [GC (Allocation Failure) [PSYoungGen: 58720K->1376K(59392K)] 491665K->434321K(652800K), 0.0019394 secs] [Times: user=0.00 sys=0.00, real=0.01 secs] 
2600.921: [GC (Allocation Failure) [PSYoungGen: 58720K->1376K(59392K)] 491665K->434321K(652800K), 0.0019823 secs] [Times: user=0.01 sys=0.00, real=0.01 secs] 
2603.145: [GC (Allocation Failure) [PSYoungGen: 58720K->1376K(58880K)] 491665K->434329K(652288K), 0.0056808 secs] [Times: user=0.03 sys=0.01, real=0.00 secs] 
2604.444: [GC (Allocation Failure) [PSYoungGen: 58720K->1360K(58880K)] 491673K->434313K(652288K), 0.0030201 secs] [Times: user=0.01 sys=0.00, real=0.00 secs] 
2605.247: [GC (Allocation Failure) [PSYoungGen: 58704K->1376K(58880K)] 491657K->434329K(652288K), 0.0034240 secs] [Times: user=0.01 sys=0.00, real=0.00 secs] 
2605.731: [GC (Allocation Failure) [PSYoungGen: 58720K->1376K(58880K)] 491673K->434329K(652288K), 0.0047336 secs] [Times: user=0.02 sys=0.00, real=0.01 secs] 
2606.651: [GC (Allocation Failure) [PSYoungGen: 58720K->1376K(58880K)] 491673K->434329K(652288K), 0.0040296 secs] [Times: user=0.01 sys=0.00, real=0.01 secs] 
2607.818: [GC (Allocation Failure) [PSYoungGen: 58720K->1408K(58880K)] 491673K->434361K(652288K), 0.0018546 secs] [Times: user=0.01 sys=0.00, real=0.00 secs] 
2608.103: [GC (Allocation Failure) [PSYoungGen: 58752K->1408K(58880K)] 491705K->434361K(652288K), 0.0020937 secs] [Times: user=0.01 sys=0.00, real=0.00 secs] 
2608.390: [GC (Allocation Failure) [PSYoungGen: 58752K->1408K(58880K)] 491705K->434361K(652288K), 0.0021010 secs] [Times: user=0.01 sys=0.00, real=0.01 secs] 
2608.671: [GC (Allocation Failure) [PSYoungGen: 58752K->1408K(58880K)] 491705K->434361K(652288K), 0.0018462 secs] [Times: user=0.01 sys=0.00, real=0.01 secs] 
2608.909: [GC (Allocation Failure) [PSYoungGen: 58752K->1376K(58880K)] 491705K->434329K(652288K), 0.0020423 secs] [Times: user=0.01 sys=0.00, real=0.00 secs] 
2610.132: [GC (Allocation Failure) [PSYoungGen: 58720K->1408K(58880K)] 491673K->434361K(652288K), 0.0044617 secs] [Times: user=0.02 sys=0.00, real=0.00 secs] 
2610.586: [GC (Allocation Failure) [PSYoungGen: 58752K->1376K(58880K)] 491705K->434329K(652288K), 0.0036113 secs] [Times: user=0.01 sys=0.00, real=0.00 secs] 
2611.079: [GC (Allocation Failure) [PSYoungGen: 58720K->1344K(58880K)] 491673K->434297K(652288K), 0.0030230 secs] [Times: user=0.01 sys=0.00, real=0.01 secs] 
2611.582: [GC (Allocation Failure) [PSYoungGen: 58688K->1344K(58880K)] 491641K->434297K(652288K), 0.0030564 secs] [Times: user=0.01 sys=0.00, real=0.00 secs] 
2611.929: [GC (Allocation Failure) [PSYoungGen: 58688K->1376K(58880K)] 491641K->434329K(652288K), 0.0025416 secs] [Times: user=0.01 sys=0.00, real=0.00 secs] 
2613.247: [GC (Allocation Failure) [PSYoungGen: 58720K->1408K(58880K)] 491673K->434369K(652288K), 0.0018607 secs] [Times: user=0.01 sys=0.00, real=0.00 secs] 
2613.657: [GC (Allocation Failure) [PSYoungGen: 58752K->1344K(58880K)] 491713K->434305K(652288K), 0.0019807 secs] [Times: user=0.00 sys=0.00, real=0.00 secs] 
2613.896: [GC (Allocation Failure) [PSYoungGen: 58688K->1376K(58880K)] 491649K->434337K(652288K), 0.0020096 secs] [Times: user=0.01 sys=0.00, real=0.00 secs] 
2614.252: [GC (Allocation Failure) [PSYoungGen: 58720K->1376K(58880K)] 491681K->434337K(652288K), 0.0020498 secs] [Times: user=0.00 sys=0.00, real=0.00 secs] 
2614.710: [GC (Allocation Failure) [PSYoungGen: 58720K->1376K(58880K)] 491681K->434337K(652288K), 0.0019709 secs] [Times: user=0.01 sys=0.00, real=0.01 secs] 
2616.193: [GC (Allocation Failure) [PSYoungGen: 58720K->1408K(58880K)] 491681K->434369K(652288K), 0.0027257 secs] [Times: user=0.01 sys=0.00, real=0.00 secs] 
2616.748: [GC (Allocation Failure) [PSYoungGen: 58752K->1408K(58880K)] 491713K->434369K(652288K), 0.0027982 secs] [Times: user=0.01 sys=0.00, real=0.00 secs] 
2617.344: [GC (Allocation Failure) [PSYoungGen: 58752K->1344K(58880K)] 491713K->434305K(652288K), 0.0034460 secs] [Times: user=0.01 sys=0.00, real=0.00 secs] 
2618.022: [GC (Allocation Failure) [PSYoungGen: 58688K->1376K(58880K)] 491649K->434337K(652288K), 0.0028224 secs] [Times: user=0.01 sys=0.00, real=0.00 secs] 
2618.620: [GC (Allocation Failure) [PSYoungGen: 58720K->1344K(58880K)] 491681K->434305K(652288K), 0.0023582 secs] [Times: user=0.01 sys=0.00, real=0.01 secs] 
2620.150: [GC (Allocation Failure) [PSYoungGen: 58688K->1376K(58880K)] 491649K->434337K(652288K), 0.0059310 secs] [Times: user=0.03 sys=0.00, real=0.01 secs] 
2621.001: [GC (Allocation Failure) [PSYoungGen: 58720K->1376K(58880K)] 491681K->434337K(652288K), 0.0038359 secs] [Times: user=0.02 sys=0.00, real=0.01 secs] 
2621.667: [GC (Allocation Failure) [PSYoungGen: 58720K->1392K(58880K)] 491681K->434353K(652288K), 0.0035780 secs] [Times: user=0.01 sys=0.00, real=0.00 secs] 
2622.308: [GC (Allocation Failure) [PSYoungGen: 58736K->1360K(58880K)] 491697K->434329K(652288K), 0.0034230 secs] [Times: user=0.01 sys=0.00, real=0.00 secs] 
2622.978: [GC (Allocation Failure) [PSYoungGen: 58704K->1344K(58880K)] 491673K->434313K(652288K), 0.0055511 secs] [Times: user=0.03 sys=0.00, real=0.01 secs] 
2624.548: [GC (Allocation Failure) [PSYoungGen: 58688K->1376K(58880K)] 491657K->434345K(652288K), 0.0026103 secs] [Times: user=0.01 sys=0.00, real=0.00 secs] 
2625.277: [GC (Allocation Failure) [PSYoungGen: 58720K->1376K(58880K)] 491689K->434345K(652288K), 0.0027073 secs] [Times: user=0.01 sys=0.00, real=0.00 secs] 
2626.044: [GC (Allocation Failure) [PSYoungGen: 58720K->1328K(58880K)] 491689K->434297K(652288K), 0.0029440 secs] [Times: user=0.02 sys=0.00, real=0.00 secs] 
2626.921: [GC (Allocation Failure) [PSYoungGen: 58672K->1408K(58880K)] 491641K->434377K(652288K), 0.0034325 secs] [Times: user=0.01 sys=0.00, real=0.01 secs] 
2627.643: [GC (Allocation Failure) [PSYoungGen: 58752K->1376K(58880K)] 491721K->434345K(652288K), 0.0028207 secs] [Times: user=0.02 sys=0.00, real=0.00 secs] 
2629.543: [GC (Allocation Failure) [PSYoungGen: 58720K->1408K(58880K)] 491689K->434377K(652288K), 0.0020067 secs] [Times: user=0.01 sys=0.00, real=0.00 secs] 
2630.416: [GC (Allocation Failure) [PSYoungGen: 58752K->1344K(58880K)] 491721K->434313K(652288K), 0.0058167 secs] [Times: user=0.02 sys=0.00, real=0.00 secs] 
2631.442: [GC (Allocation Failure) [PSYoungGen: 58688K->1408K(58880K)] 491657K->434377K(652288K), 0.0059828 secs] [Times: user=0.02 sys=0.00, real=0.00 secs] 
2632.170: [GC (Allocation Failure) [PSYoungGen: 58752K->1408K(58880K)] 491721K->434377K(652288K), 0.0036049 secs] [Times: user=0.02 sys=0.00, real=0.01 secs] 
2633.401: [GC (Allocation Failure) [PSYoungGen: 58659K->256K(58368K)] 491629K->433225K(651776K), 0.0015008 secs] [Times: user=0.00 sys=0.00, real=0.01 secs] 
2634.471: [GC (Allocation Failure) [PSYoungGen: 57088K->1376K(58880K)] 490057K->434345K(652288K), 0.0046919 secs] [Times: user=0.01 sys=0.00, real=0.01 secs] 
2635.086: [GC (Allocation Failure) [PSYoungGen: 58208K->1376K(58880K)] 491177K->434345K(652288K), 0.0037261 secs] [Times: user=0.01 sys=0.00, real=0.00 secs] 
2635.555: [GC (Allocation Failure) [PSYoungGen: 58208K->1376K(58880K)] 491177K->434353K(652288K), 0.0022995 secs] [Times: user=0.01 sys=0.00, real=0.00 secs] 
2635.853: [GC (Allocation Failure) [PSYoungGen: 58208K->1424K(58880K)] 491185K->434401K(652288K), 0.0020940 secs] [Times: user=0.01 sys=0.00, real=0.00 secs] 
2636.885: [GC (Allocation Failure) [PSYoungGen: 58256K->1472K(58880K)] 491233K->434449K(652288K), 0.0019926 secs] [Times: user=0.01 sys=0.00, real=0.00 secs] 
2637.486: [GC (Allocation Failure) [PSYoungGen: 58304K->1376K(58880K)] 491281K->434353K(652288K), 0.0020690 secs] [Times: user=0.01 sys=0.00, real=0.00 secs] 
2638.057: [GC (Allocation Failure) [PSYoungGen: 58208K->1408K(58880K)] 491185K->434385K(652288K), 0.0022500 secs] [Times: user=0.01 sys=0.00, real=0.00 secs] 
2638.414: [GC (Allocation Failure) [PSYoungGen: 58240K->1376K(58880K)] 491217K->434353K(652288K), 0.0021056 secs] [Times: user=0.00 sys=0.00, real=0.00 secs] 
2638.840: [GC (Allocation Failure) [PSYoungGen: 58208K->1344K(58880K)] 491185K->434321K(652288K), 0.0026308 secs] [Times: user=0.01 sys=0.00, real=0.01 secs] 
2640.024: [GC (Allocation Failure) [PSYoungGen: 58176K->1632K(58880K)] 491153K->434609K(652288K), 0.0039713 secs] [Times: user=0.01 sys=0.00, real=0.00 secs] 
2640.559: [GC (Allocation Failure) [PSYoungGen: 58464K->1360K(58880K)] 491441K->434337K(652288K), 0.0021987 secs] [Times: user=0.01 sys=0.00, real=0.00 secs] 
2640.795: [GC (Allocation Failure) [PSYoungGen: 58192K->1344K(58880K)] 491169K->434321K(652288K), 0.0022659 secs] [Times: user=0.01 sys=0.00, real=0.00 secs] 
2641.133: [GC (Allocation Failure) [PSYoungGen: 58176K->1344K(58880K)] 491153K->434345K(652288K), 0.0021512 secs] [Times: user=0.01 sys=0.00, real=0.00 secs] 
2641.369: [GC (Allocation Failure) [PSYoungGen: 58176K->1344K(58880K)] 491177K->434345K(652288K), 0.0022109 secs] [Times: user=0.01 sys=0.00, real=0.00 secs] 
2642.571: [GC (Allocation Failure) [PSYoungGen: 58097K->1888K(58880K)] 491098K->434889K(652288K), 0.0016072 secs] [Times: user=0.00 sys=0.00, real=0.01 secs] 
2643.146: [GC (Allocation Failure) [PSYoungGen: 58720K->1344K(58880K)] 491721K->434345K(652288K), 0.0026231 secs] [Times: user=0.02 sys=0.00, real=0.00 secs] 
2643.426: [GC (Allocation Failure) [PSYoungGen: 58176K->1360K(58880K)] 491177K->434361K(652288K), 0.0020080 secs] [Times: user=0.01 sys=0.00, real=0.00 secs] 
2643.729: [GC (Allocation Failure) [PSYoungGen: 58192K->1344K(58880K)] 491193K->434345K(652288K), 0.0022154 secs] [Times: user=0.00 sys=0.00, real=0.01 secs] 
2644.167: [GC (Allocation Failure) [PSYoungGen: 58176K->1392K(58880K)] 491177K->434393K(652288K), 0.0033770 secs] [Times: user=0.02 sys=0.00, real=0.00 secs] 
2645.492: [GC (Allocation Failure) [PSYoungGen: 58224K->1888K(58880K)] 491225K->434889K(652288K), 0.0017472 secs] [Times: user=0.01 sys=0.00, real=0.01 secs] 
2646.135: [GC (Allocation Failure) [PSYoungGen: 58720K->1376K(58880K)] 491721K->434377K(652288K), 0.0020995 secs] [Times: user=0.00 sys=0.00, real=0.00 secs] 
2646.748: [GC (Allocation Failure) [PSYoungGen: 58208K->1328K(58880K)] 491209K->434329K(652288K), 0.0018305 secs] [Times: user=0.01 sys=0.00, real=0.00 secs] 
2647.441: [GC (Allocation Failure) [PSYoungGen: 58160K->1376K(58880K)] 491161K->434377K(652288K), 0.0029705 secs] [Times: user=0.01 sys=0.00, real=0.01 secs] 
2648.077: [GC (Allocation Failure) [PSYoungGen: 58208K->1344K(58880K)] 491209K->434345K(652288K), 0.0036324 secs] [Times: user=0.01 sys=0.00, real=0.00 secs] 
2649.584: [GC (Allocation Failure) [PSYoungGen: 58176K->1920K(58880K)] 491177K->434921K(652288K), 0.0018741 secs] [Times: user=0.00 sys=0.00, real=0.00 secs] 
2650.387: [GC (Allocation Failure) [PSYoungGen: 58752K->1344K(58880K)] 491753K->434345K(652288K), 0.0033913 secs] [Times: user=0.01 sys=0.00, real=0.00 secs] 
2650.632: [GC (Allocation Failure) [PSYoungGen: 58176K->1408K(58880K)] 491177K->434409K(652288K), 0.0026391 secs] [Times: user=0.01 sys=0.00, real=0.00 secs] 
2650.873: [GC (Allocation Failure) [PSYoungGen: 58240K->1376K(58880K)] 491241K->434377K(652288K), 0.0019178 secs] [Times: user=0.00 sys=0.00, real=0.00 secs] 
2651.109: [GC (Allocation Failure) [PSYoungGen: 58208K->1376K(58880K)] 491209K->434393K(652288K), 0.0020229 secs] [Times: user=0.01 sys=0.00, real=0.00 secs] 
2652.316: [GC (Allocation Failure) [PSYoungGen: 58208K->1376K(58880K)] 491225K->434401K(652288K), 0.0018377 secs] [Times: user=0.01 sys=0.00, real=0.00 secs] 
2652.822: [GC (Allocation Failure) [PSYoungGen: 58208K->1376K(58880K)] 491233K->434401K(652288K), 0.0022974 secs] [Times: user=0.01 sys=0.00, real=0.00 secs] 
2653.227: [GC (Allocation Failure) [PSYoungGen: 58208K->1344K(58880K)] 491233K->434369K(652288K), 0.0021233 secs] [Times: user=0.01 sys=0.00, real=0.00 secs] 
2653.543: [GC (Allocation Failure) [PSYoungGen: 58176K->1408K(58880K)] 491201K->434433K(652288K), 0.0021502 secs] [Times: user=0.01 sys=0.00, real=0.00 secs] 
2654.007: [GC (Allocation Failure) [PSYoungGen: 58240K->1376K(58880K)] 491265K->434401K(652288K), 0.0023606 secs] [Times: user=0.01 sys=0.00, real=0.00 secs] 
2655.170: [GC (Allocation Failure) [PSYoungGen: 58208K->1408K(58880K)] 491233K->434441K(652288K), 0.0017771 secs] [Times: user=0.01 sys=0.00, real=0.00 secs] 
2655.405: [GC (Allocation Failure) [PSYoungGen: 58240K->1376K(58880K)] 491273K->434409K(652288K), 0.0017618 secs] [Times: user=0.01 sys=0.00, real=0.00 secs] 
2655.642: [GC (Allocation Failure) [PSYoungGen: 58208K->1408K(58880K)] 491241K->434441K(652288K), 0.0015581 secs] [Times: user=0.00 sys=0.00, real=0.00 secs] 
2655.877: [GC (Allocation Failure) [PSYoungGen: 58240K->1376K(58880K)] 491273K->434409K(652288K), 0.0016357 secs] [Times: user=0.00 sys=0.00, real=0.00 secs] 
2656.113: [GC (Allocation Failure) [PSYoungGen: 58208K->1408K(58880K)] 491241K->434441K(652288K), 0.0017408 secs] [Times: user=0.01 sys=0.00, real=0.00 secs] 
2657.402: [GC (Allocation Failure) [PSYoungGen: 58240K->1408K(58880K)] 491273K->434441K(652288K), 0.0031199 secs] [Times: user=0.01 sys=0.00, real=0.00 secs] 
2657.795: [GC (Allocation Failure) [PSYoungGen: 58240K->1376K(58880K)] 491273K->434425K(652288K), 0.0023417 secs] [Times: user=0.01 sys=0.00, real=0.00 secs] 
2658.061: [GC (Allocation Failure) [PSYoungGen: 58208K->1376K(58368K)] 491257K->434425K(651776K), 0.0020237 secs] [Times: user=0.01 sys=0.00, real=0.01 secs] 
2658.298: [GC (Allocation Failure) [PSYoungGen: 58208K->1408K(58368K)] 491257K->434457K(651776K), 0.0021008 secs] [Times: user=0.01 sys=0.00, real=0.00 secs] 
2658.534: [GC (Allocation Failure) [PSYoungGen: 58240K->352K(57856K)] 491289K->434425K(651264K), 0.0019790 secs] [Times: user=0.01 sys=0.00, real=0.00 secs] 
2659.977: [GC (Allocation Failure) [PSYoungGen: 57184K->1440K(58880K)] 491257K->435529K(652288K), 0.0040407 secs] [Times: user=0.02 sys=0.01, real=0.00 secs] 
2660.812: [GC (Allocation Failure) [PSYoungGen: 58272K->1376K(58880K)] 492361K->435465K(652288K), 0.0045004 secs] [Times: user=0.02 sys=0.00, real=0.00 secs] 
2661.704: [GC (Allocation Failure) [PSYoungGen: 58208K->1408K(58880K)] 492297K->435497K(652288K), 0.0059884 secs] [Times: user=0.02 sys=0.00, real=0.00 secs] 
2662.773: [GC (Allocation Failure) [PSYoungGen: 58240K->1344K(58880K)] 492329K->435433K(652288K), 0.0058580 secs] [Times: user=0.03 sys=0.00, real=0.00 secs] 
2663.779: [GC (Allocation Failure) [PSYoungGen: 58176K->1376K(58880K)] 492265K->435465K(652288K), 0.0059179 secs] [Times: user=0.02 sys=0.00, real=0.01 secs] 
2665.176: [GC (Allocation Failure) [PSYoungGen: 58208K->1408K(58880K)] 492297K->435497K(652288K), 0.0016892 secs] [Times: user=0.01 sys=0.00, real=0.00 secs] 
2665.412: [GC (Allocation Failure) [PSYoungGen: 58240K->1376K(58880K)] 492329K->435465K(652288K), 0.0022199 secs] [Times: user=0.01 sys=0.00, real=0.00 secs] 
2665.828: [GC (Allocation Failure) [PSYoungGen: 58208K->1344K(58880K)] 492297K->435433K(652288K), 0.0024975 secs] [Times: user=0.01 sys=0.00, real=0.00 secs] 
2666.376: [GC (Allocation Failure) [PSYoungGen: 58176K->1408K(58880K)] 492265K->435497K(652288K), 0.0018289 secs] [Times: user=0.01 sys=0.00, real=0.00 secs] 
2666.898: [GC (Allocation Failure) [PSYoungGen: 58240K->1408K(58880K)] 492329K->435497K(652288K), 0.0021801 secs] [Times: user=0.01 sys=0.00, real=0.00 secs] 
2668.161: [GC (Allocation Failure) [PSYoungGen: 58240K->1456K(58880K)] 492329K->435545K(652288K), 0.0018264 secs] [Times: user=0.01 sys=0.00, real=0.01 secs] 
2668.714: [GC (Allocation Failure) [PSYoungGen: 58288K->1408K(58880K)] 492377K->435497K(652288K), 0.0019287 secs] [Times: user=0.00 sys=0.00, real=0.00 secs] 
2669.218: [GC (Allocation Failure) [PSYoungGen: 58240K->1376K(58880K)] 492329K->435465K(652288K), 0.0020356 secs] [Times: user=0.00 sys=0.00, real=0.00 secs] 
2669.716: [GC (Allocation Failure) [PSYoungGen: 58208K->1408K(58880K)] 492297K->435497K(652288K), 0.0018798 secs] [Times: user=0.00 sys=0.00, real=0.00 secs] 
2670.213: [GC (Allocation Failure) [PSYoungGen: 58240K->1376K(58880K)] 492329K->435465K(652288K), 0.0021602 secs] [Times: user=0.01 sys=0.00, real=0.00 secs] 
2671.211: [GC (Allocation Failure) [PSYoungGen: 58208K->1408K(58880K)] 492297K->435497K(652288K), 0.0018193 secs] [Times: user=0.01 sys=0.00, real=0.01 secs] 
2671.447: [GC (Allocation Failure) [PSYoungGen: 58240K->1408K(58880K)] 492329K->435497K(652288K), 0.0018136 secs] [Times: user=0.01 sys=0.00, real=0.00 secs] 
2671.727: [GC (Allocation Failure) [PSYoungGen: 58240K->1408K(58368K)] 492329K->435505K(651776K), 0.0018218 secs] [Times: user=0.01 sys=0.00, real=0.00 secs] 
2671.991: [GC (Allocation Failure) [PSYoungGen: 58240K->1424K(58368K)] 492337K->435521K(651776K), 0.0018713 secs] [Times: user=0.01 sys=0.00, real=0.01 secs] 
2672.360: [GC (Allocation Failure) [PSYoungGen: 58256K->352K(57856K)] 492353K->435473K(651264K), 0.0019949 secs] [Times: user=0.01 sys=0.00, real=0.01 secs] 
2673.464: [GC (Allocation Failure) [PSYoungGen: 57184K->1408K(58880K)] 492305K->436529K(652288K), 0.0021822 secs] [Times: user=0.01 sys=0.00, real=0.00 secs] 
2673.714: [GC (Allocation Failure) [PSYoungGen: 58240K->1376K(58880K)] 493361K->436497K(652288K), 0.0022320 secs] [Times: user=0.01 sys=0.00, real=0.00 secs] 
2673.975: [GC (Allocation Failure) [PSYoungGen: 58208K->1328K(58880K)] 493329K->436449K(652288K), 0.0021632 secs] [Times: user=0.01 sys=0.00, real=0.00 secs] 
2674.289: [GC (Allocation Failure) [PSYoungGen: 58160K->1408K(58880K)] 493281K->436529K(652288K), 0.0021410 secs] [Times: user=0.01 sys=0.00, real=0.00 secs] 
2674.789: [GC (Allocation Failure) [PSYoungGen: 58240K->1376K(58880K)] 493361K->436497K(652288K), 0.0020872 secs] [Times: user=0.01 sys=0.00, real=0.00 secs] 
2675.977: [GC (Allocation Failure) [PSYoungGen: 58208K->1440K(58880K)] 493329K->436561K(652288K), 0.0018578 secs] [Times: user=0.00 sys=0.00, real=0.00 secs] 
2676.265: [GC (Allocation Failure) [PSYoungGen: 58272K->1408K(58880K)] 493393K->436529K(652288K), 0.0020657 secs] [Times: user=0.00 sys=0.00, real=0.00 secs] 
2676.557: [GC (Allocation Failure) [PSYoungGen: 58240K->1376K(58880K)] 493361K->436497K(652288K), 0.0020878 secs] [Times: user=0.01 sys=0.00, real=0.00 secs] 
2676.846: [GC (Allocation Failure) [PSYoungGen: 58208K->1344K(58880K)] 493329K->436465K(652288K), 0.0020164 secs] [Times: user=0.00 sys=0.00, real=0.00 secs] 
2677.287: [GC (Allocation Failure) [PSYoungGen: 58176K->1376K(58880K)] 493297K->436497K(652288K), 0.0020559 secs] [Times: user=0.01 sys=0.00, real=0.00 secs] 
2679.380: [GC (Allocation Failure) [PSYoungGen: 58208K->1376K(58880K)] 493329K->436505K(652288K), 0.0046417 secs] [Times: user=0.02 sys=0.00, real=0.01 secs] 
2680.622: [GC (Allocation Failure) [PSYoungGen: 58208K->1376K(58880K)] 493337K->436505K(652288K), 0.0037887 secs] [Times: user=0.02 sys=0.00, real=0.01 secs] 
2681.393: [GC (Allocation Failure) [PSYoungGen: 58208K->1376K(58880K)] 493337K->436505K(652288K), 0.0045445 secs] [Times: user=0.02 sys=0.00, real=0.00 secs] 
2681.670: [GC (Allocation Failure) [PSYoungGen: 58208K->1408K(58880K)] 493337K->436537K(652288K), 0.0018843 secs] [Times: user=0.01 sys=0.00, real=0.01 secs] 
2682.111: [GC (Allocation Failure) [PSYoungGen: 58240K->1344K(58368K)] 493369K->436473K(651776K), 0.0024216 secs] [Times: user=0.01 sys=0.00, real=0.01 secs] 
2683.720: [GC (Allocation Failure) [PSYoungGen: 58176K->1440K(57856K)] 493305K->436569K(651264K), 0.0038801 secs] [Times: user=0.02 sys=0.00, real=0.01 secs] 
2684.450: [GC (Allocation Failure) [PSYoungGen: 57760K->1376K(57856K)] 492889K->436505K(651264K), 0.0036393 secs] [Times: user=0.02 sys=0.00, real=0.01 secs] 
2684.915: [GC (Allocation Failure) [PSYoungGen: 57696K->1376K(57856K)] 492825K->436505K(651264K), 0.0034403 secs] [Times: user=0.02 sys=0.00, real=0.00 secs] 
2685.538: [GC (Allocation Failure) [PSYoungGen: 57696K->1408K(57856K)] 492825K->436537K(651264K), 0.0039709 secs] [Times: user=0.01 sys=0.00, real=0.00 secs] 
2685.995: [GC (Allocation Failure) [PSYoungGen: 57728K->1392K(57856K)] 492857K->436521K(651264K), 0.0032916 secs] [Times: user=0.02 sys=0.00, real=0.00 secs] 
2687.797: [GC (Allocation Failure) [PSYoungGen: 57712K->1408K(57856K)] 492841K->436537K(651264K), 0.0053003 secs] [Times: user=0.02 sys=0.00, real=0.01 secs] 
2688.409: [GC (Allocation Failure) [PSYoungGen: 57728K->1408K(57856K)] 492857K->436537K(651264K), 0.0033452 secs] [Times: user=0.01 sys=0.00, real=0.01 secs] 
2688.999: [GC (Allocation Failure) [PSYoungGen: 57728K->1376K(57856K)] 492857K->436505K(651264K), 0.0035937 secs] [Times: user=0.01 sys=0.00, real=0.01 secs] 
2689.548: [GC (Allocation Failure) [PSYoungGen: 57696K->1376K(57856K)] 492825K->436505K(651264K), 0.0026657 secs] [Times: user=0.02 sys=0.00, real=0.00 secs] 
2690.125: [GC (Allocation Failure) [PSYoungGen: 57696K->1312K(57856K)] 492825K->436441K(651264K), 0.0030650 secs] [Times: user=0.01 sys=0.00, real=0.00 secs] 
2691.682: [GC (Allocation Failure) [PSYoungGen: 57632K->1408K(57856K)] 492761K->436537K(651264K), 0.0024244 secs] [Times: user=0.01 sys=0.00, real=0.00 secs] 
2692.269: [GC (Allocation Failure) [PSYoungGen: 57728K->1360K(57856K)] 492857K->436489K(651264K), 0.0024709 secs] [Times: user=0.01 sys=0.01, real=0.00 secs] 
2692.926: [GC (Allocation Failure) [PSYoungGen: 57680K->1392K(57856K)] 492809K->436537K(651264K), 0.0025761 secs] [Times: user=0.01 sys=0.00, real=0.00 secs] 
2693.371: [GC (Allocation Failure) [PSYoungGen: 57712K->1344K(57856K)] 492857K->436489K(651264K), 0.0025864 secs] [Times: user=0.01 sys=0.00, real=0.01 secs] 
2693.874: [GC (Allocation Failure) [PSYoungGen: 57664K->1328K(57856K)] 492809K->436473K(651264K), 0.0026038 secs] [Times: user=0.01 sys=0.01, real=0.00 secs] 
2695.288: [GC (Allocation Failure) [PSYoungGen: 57648K->1440K(57856K)] 492793K->436593K(651264K), 0.0018370 secs] [Times: user=0.00 sys=0.00, real=0.00 secs] 
2696.017: [GC (Allocation Failure) [PSYoungGen: 57760K->1392K(57856K)] 492913K->436545K(651264K), 0.0045929 secs] [Times: user=0.02 sys=0.00, real=0.00 secs] 
2696.709: [GC (Allocation Failure) [PSYoungGen: 57712K->1376K(57856K)] 492865K->436529K(651264K), 0.0029172 secs] [Times: user=0.01 sys=0.00, real=0.00 secs] 
2697.298: [GC (Allocation Failure) [PSYoungGen: 57696K->1344K(57856K)] 492849K->436497K(651264K), 0.0028735 secs] [Times: user=0.01 sys=0.00, real=0.00 secs] 
2697.844: [GC (Allocation Failure) [PSYoungGen: 57664K->1344K(57856K)] 492817K->436497K(651264K), 0.0037258 secs] [Times: user=0.02 sys=0.00, real=0.00 secs] 
2700.331: [GC (Allocation Failure) [PSYoungGen: 57664K->1408K(57856K)] 492817K->436561K(651264K), 0.0026859 secs] [Times: user=0.01 sys=0.00, real=0.01 secs] 
2701.242: [GC (Allocation Failure) [PSYoungGen: 57728K->1376K(57856K)] 492881K->436529K(651264K), 0.0036677 secs] [Times: user=0.01 sys=0.00, real=0.00 secs] 
2702.058: [GC (Allocation Failure) [PSYoungGen: 57696K->1408K(57856K)] 492849K->436561K(651264K), 0.0036900 secs] [Times: user=0.01 sys=0.00, real=0.01 secs] 
2702.940: [GC (Allocation Failure) [PSYoungGen: 57728K->1408K(57856K)] 492881K->436561K(651264K), 0.0041501 secs] [Times: user=0.02 sys=0.00, real=0.01 secs] 
2703.803: [GC (Allocation Failure) [PSYoungGen: 57728K->1408K(57856K)] 492881K->436561K(651264K), 0.0033872 secs] [Times: user=0.01 sys=0.00, real=0.00 secs] 
2705.304: [GC (Allocation Failure) [PSYoungGen: 57728K->1440K(57856K)] 492881K->436601K(651264K), 0.0020198 secs] [Times: user=0.01 sys=0.00, real=0.00 secs] 
2705.871: [GC (Allocation Failure) [PSYoungGen: 57760K->1376K(57856K)] 492921K->436537K(651264K), 0.0020420 secs] [Times: user=0.01 sys=0.00, real=0.01 secs] 
2706.524: [GC (Allocation Failure) [PSYoungGen: 57696K->1376K(57856K)] 492857K->436537K(651264K), 0.0023969 secs] [Times: user=0.01 sys=0.00, real=0.00 secs] 
2707.263: [GC (Allocation Failure) [PSYoungGen: 57696K->1344K(57856K)] 492857K->436505K(651264K), 0.0029359 secs] [Times: user=0.01 sys=0.00, real=0.00 secs] 
2708.080: [GC (Allocation Failure) [PSYoungGen: 57664K->1328K(57856K)] 492825K->436489K(651264K), 0.0027897 secs] [Times: user=0.02 sys=0.00, real=0.01 secs] 
2709.450: [GC (Allocation Failure) [PSYoungGen: 57648K->1440K(57856K)] 492809K->436601K(651264K), 0.0020957 secs] [Times: user=0.00 sys=0.00, real=0.01 secs] 
2709.922: [GC (Allocation Failure) [PSYoungGen: 57760K->1376K(57856K)] 492921K->436537K(651264K), 0.0023150 secs] [Times: user=0.01 sys=0.00, real=0.00 secs] 
2710.375: [GC (Allocation Failure) [PSYoungGen: 57696K->1376K(57856K)] 492857K->436537K(651264K), 0.0022990 secs] [Times: user=0.01 sys=0.00, real=0.00 secs] 
2710.815: [GC (Allocation Failure) [PSYoungGen: 57696K->1344K(57856K)] 492857K->436505K(651264K), 0.0022962 secs] [Times: user=0.01 sys=0.00, real=0.00 secs] 
2711.086: [GC (Allocation Failure) [PSYoungGen: 57664K->1344K(57856K)] 492825K->436505K(651264K), 0.0019880 secs] [Times: user=0.00 sys=0.00, real=0.00 secs] 
2712.307: [GC (Allocation Failure) [PSYoungGen: 57664K->1408K(57856K)] 492825K->436569K(651264K), 0.0022581 secs] [Times: user=0.01 sys=0.00, real=0.00 secs] 
2712.859: [GC (Allocation Failure) [PSYoungGen: 57728K->1360K(57856K)] 492889K->436537K(651264K), 0.0021570 secs] [Times: user=0.01 sys=0.00, real=0.00 secs] 
2713.292: [GC (Allocation Failure) [PSYoungGen: 57680K->1376K(57856K)] 492857K->436553K(651264K), 0.0020682 secs] [Times: user=0.01 sys=0.00, real=0.00 secs] 
2713.534: [GC (Allocation Failure) [PSYoungGen: 57696K->1376K(57856K)] 492873K->436553K(651264K), 0.0019555 secs] [Times: user=0.01 sys=0.00, real=0.00 secs] 
2713.768: [GC (Allocation Failure) [PSYoungGen: 57696K->1360K(57856K)] 492873K->436537K(651264K), 0.0021591 secs] [Times: user=0.01 sys=0.00, real=0.00 secs] 
2714.836: [GC (Allocation Failure) [PSYoungGen: 57680K->1408K(57856K)] 492857K->436585K(651264K), 0.0018517 secs] [Times: user=0.00 sys=0.00, real=0.00 secs] 
2715.321: [GC (Allocation Failure) [PSYoungGen: 57728K->1376K(57856K)] 492905K->436553K(651264K), 0.0021535 secs] [Times: user=0.00 sys=0.00, real=0.01 secs] 
2715.853: [GC (Allocation Failure) [PSYoungGen: 57696K->1376K(57856K)] 492873K->436553K(651264K), 0.0034223 secs] [Times: user=0.01 sys=0.00, real=0.00 secs] 
2716.206: [GC (Allocation Failure) [PSYoungGen: 57696K->1408K(57856K)] 492873K->436585K(651264K), 0.0020714 secs] [Times: user=0.00 sys=0.00, real=0.00 secs] 
2716.523: [GC (Allocation Failure) [PSYoungGen: 57728K->1376K(57856K)] 492905K->436553K(651264K), 0.0019992 secs] [Times: user=0.01 sys=0.00, real=0.00 secs] 
2717.551: [GC (Allocation Failure) [PSYoungGen: 57696K->1440K(57856K)] 492873K->436617K(651264K), 0.0018407 secs] [Times: user=0.01 sys=0.00, real=0.01 secs] 
2718.006: [GC (Allocation Failure) [PSYoungGen: 57760K->1408K(57856K)] 492937K->436585K(651264K), 0.0018693 secs] [Times: user=0.01 sys=0.00, real=0.00 secs] 
2718.467: [GC (Allocation Failure) [PSYoungGen: 57728K->1376K(57856K)] 492905K->436553K(651264K), 0.0038484 secs] [Times: user=0.02 sys=0.00, real=0.00 secs] 
2718.918: [GC (Allocation Failure) [PSYoungGen: 57696K->1376K(57856K)] 492873K->436553K(651264K), 0.0032762 secs] [Times: user=0.01 sys=0.00, real=0.01 secs] 
2719.454: [GC (Allocation Failure) [PSYoungGen: 57696K->1408K(57856K)] 492873K->436585K(651264K), 0.0037526 secs] [Times: user=0.01 sys=0.00, real=0.00 secs] 
2720.746: [GC (Allocation Failure) [PSYoungGen: 57728K->1408K(57856K)] 492905K->436601K(651264K), 0.0018573 secs] [Times: user=0.01 sys=0.00, real=0.00 secs] 
2721.340: [GC (Allocation Failure) [PSYoungGen: 57728K->1408K(57856K)] 492921K->436601K(651264K), 0.0023124 secs] [Times: user=0.01 sys=0.00, real=0.01 secs] 
2721.918: [GC (Allocation Failure) [PSYoungGen: 57728K->1408K(57856K)] 492921K->436601K(651264K), 0.0044967 secs] [Times: user=0.02 sys=0.00, real=0.01 secs] 
2722.387: [GC (Allocation Failure) [PSYoungGen: 57728K->1376K(57856K)] 492921K->436569K(651264K), 0.0025924 secs] [Times: user=0.01 sys=0.00, real=0.00 secs] 
2722.927: [GC (Allocation Failure) [PSYoungGen: 57696K->1344K(57856K)] 492889K->436537K(651264K), 0.0029277 secs] [Times: user=0.02 sys=0.00, real=0.00 secs] 
2724.129: [GC (Allocation Failure) [PSYoungGen: 57664K->1408K(57856K)] 492857K->436601K(651264K), 0.0018160 secs] [Times: user=0.00 sys=0.00, real=0.00 secs] 
2724.362: [GC (Allocation Failure) [PSYoungGen: 57728K->1408K(57856K)] 492921K->436601K(651264K), 0.0018449 secs] [Times: user=0.01 sys=0.00, real=0.00 secs] 
2724.596: [GC (Allocation Failure) [PSYoungGen: 57728K->1376K(57856K)] 492921K->436569K(651264K), 0.0017683 secs] [Times: user=0.01 sys=0.00, real=0.00 secs] 
2724.830: [GC (Allocation Failure) [PSYoungGen: 57696K->1376K(57856K)] 492889K->436569K(651264K), 0.0017196 secs] [Times: user=0.01 sys=0.00, real=0.01 secs] 
2725.063: [GC (Allocation Failure) [PSYoungGen: 57696K->1376K(57856K)] 492889K->436569K(651264K), 0.0018105 secs] [Times: user=0.01 sys=0.00, real=0.00 secs] 
2726.415: [GC (Allocation Failure) [PSYoungGen: 57696K->1408K(57856K)] 492889K->436601K(651264K), 0.0031082 secs] [Times: user=0.01 sys=0.00, real=0.00 secs] 
2727.217: [GC (Allocation Failure) [PSYoungGen: 57728K->1408K(57856K)] 492921K->436601K(651264K), 0.0042800 secs] [Times: user=0.01 sys=0.00, real=0.00 secs] 
2727.678: [GC (Allocation Failure) [PSYoungGen: 57728K->1440K(57856K)] 492921K->436633K(651264K), 0.0030341 secs] [Times: user=0.01 sys=0.00, real=0.00 secs] 
2727.981: [GC (Allocation Failure) [PSYoungGen: 57760K->1360K(57856K)] 492953K->436553K(651264K), 0.0030049 secs] [Times: user=0.01 sys=0.00, real=0.01 secs] 
2728.470: [GC (Allocation Failure) [PSYoungGen: 57680K->1376K(57856K)] 492873K->436569K(651264K), 0.0029257 secs] [Times: user=0.01 sys=0.00, real=0.01 secs] 
2729.661: [GC (Allocation Failure) [PSYoungGen: 57696K->1440K(57856K)] 492889K->436633K(651264K), 0.0019497 secs] [Times: user=0.01 sys=0.01, real=0.01 secs] 
2730.073: [GC (Allocation Failure) [PSYoungGen: 57760K->1344K(57856K)] 492953K->436553K(651264K), 0.0020878 secs] [Times: user=0.01 sys=0.00, real=0.00 secs] 
2730.547: [GC (Allocation Failure) [PSYoungGen: 57664K->1376K(57856K)] 492873K->436585K(651264K), 0.0019996 secs] [Times: user=0.01 sys=0.00, real=0.00 secs] 
2731.183: [GC (Allocation Failure) [PSYoungGen: 57696K->1408K(57856K)] 492905K->436617K(651264K), 0.0025463 secs] [Times: user=0.01 sys=0.00, real=0.00 secs] 
2731.817: [GC (Allocation Failure) [PSYoungGen: 57728K->1344K(57856K)] 492937K->436553K(651264K), 0.0028356 secs] [Times: user=0.01 sys=0.00, real=0.00 secs] 
2733.215: [GC (Allocation Failure) [PSYoungGen: 57664K->1472K(57856K)] 492873K->436681K(651264K), 0.0017633 secs] [Times: user=0.01 sys=0.00, real=0.00 secs] 
2733.826: [GC (Allocation Failure) [PSYoungGen: 57792K->1376K(57856K)] 493001K->436585K(651264K), 0.0044600 secs] [Times: user=0.02 sys=0.00, real=0.00 secs] 
2734.336: [GC (Allocation Failure) [PSYoungGen: 57696K->1376K(57856K)] 492905K->436585K(651264K), 0.0032235 secs] [Times: user=0.01 sys=0.00, real=0.00 secs] 
2734.788: [GC (Allocation Failure) [PSYoungGen: 57696K->1344K(57856K)] 492905K->436553K(651264K), 0.0029392 secs] [Times: user=0.01 sys=0.00, real=0.00 secs] 
2735.226: [GC (Allocation Failure) [PSYoungGen: 57664K->1408K(57856K)] 492873K->436617K(651264K), 0.0028395 secs] [Times: user=0.01 sys=0.00, real=0.00 secs] 
2736.511: [GC (Allocation Failure) [PSYoungGen: 57728K->1376K(57856K)] 492937K->436585K(651264K), 0.0027929 secs] [Times: user=0.01 sys=0.00, real=0.01 secs] 
2737.075: [GC (Allocation Failure) [PSYoungGen: 57696K->1376K(57856K)] 492905K->436585K(651264K), 0.0030041 secs] [Times: user=0.01 sys=0.00, real=0.00 secs] 
2737.305: [GC (Allocation Failure) [PSYoungGen: 57696K->1408K(57856K)] 492905K->436617K(651264K), 0.0021094 secs] [Times: user=0.01 sys=0.00, real=0.00 secs] 
2737.574: [GC (Allocation Failure) [PSYoungGen: 57728K->1344K(57856K)] 492937K->436553K(651264K), 0.0029034 secs] [Times: user=0.01 sys=0.00, real=0.00 secs] 
2737.809: [GC (Allocation Failure) [PSYoungGen: 57664K->1376K(57856K)] 492873K->436585K(651264K), 0.0018798 secs] [Times: user=0.00 sys=0.00, real=0.00 secs] 
2738.981: [GC (Allocation Failure) [PSYoungGen: 57696K->1408K(57856K)] 492905K->436617K(651264K), 0.0018478 secs] [Times: user=0.01 sys=0.00, real=0.01 secs] 
2739.231: [GC (Allocation Failure) [PSYoungGen: 57728K->1312K(57856K)] 492937K->436521K(651264K), 0.0017957 secs] [Times: user=0.01 sys=0.00, real=0.01 secs] 
2739.465: [GC (Allocation Failure) [PSYoungGen: 57632K->1376K(57856K)] 492841K->436585K(651264K), 0.0018109 secs] [Times: user=0.01 sys=0.00, real=0.00 secs] 
2739.701: [GC (Allocation Failure) [PSYoungGen: 57696K->1408K(57856K)] 492905K->436617K(651264K), 0.0034659 secs] [Times: user=0.02 sys=0.00, real=0.01 secs] 
2739.936: [GC (Allocation Failure) [PSYoungGen: 57728K->1376K(57856K)] 492937K->436601K(651264K), 0.0026575 secs] [Times: user=0.01 sys=0.00, real=0.00 secs] 
2741.125: [GC (Allocation Failure) [PSYoungGen: 57696K->1408K(57856K)] 492921K->436633K(651264K), 0.0025233 secs] [Times: user=0.01 sys=0.00, real=0.00 secs] 
2742.574: [GC (Allocation Failure) [PSYoungGen: 57728K->1376K(57856K)] 492953K->436601K(651264K), 0.0050607 secs] [Times: user=0.02 sys=0.00, real=0.00 secs] 
2743.528: [GC (Allocation Failure) [PSYoungGen: 57696K->1408K(57856K)] 492921K->436633K(651264K), 0.0034328 secs] [Times: user=0.01 sys=0.00, real=0.00 secs] 
2743.908: [GC (Allocation Failure) [PSYoungGen: 57728K->1376K(57856K)] 492953K->436601K(651264K), 0.0028377 secs] [Times: user=0.01 sys=0.00, real=0.00 secs] 
2744.522: [GC (Allocation Failure) [PSYoungGen: 57696K->1344K(57856K)] 492921K->436569K(651264K), 0.0023560 secs] [Times: user=0.01 sys=0.00, real=0.00 secs] 
2745.778: [GC (Allocation Failure) [PSYoungGen: 57664K->1440K(57856K)] 492889K->436665K(651264K), 0.0018026 secs] [Times: user=0.00 sys=0.00, real=0.00 secs] 
2746.023: [GC (Allocation Failure) [PSYoungGen: 57760K->1392K(57856K)] 492985K->436617K(651264K), 0.0019233 secs] [Times: user=0.01 sys=0.00, real=0.00 secs] 
2746.257: [GC (Allocation Failure) [PSYoungGen: 57712K->1408K(57856K)] 492937K->436633K(651264K), 0.0016995 secs] [Times: user=0.00 sys=0.00, real=0.00 secs] 
2746.491: [GC (Allocation Failure) [PSYoungGen: 57728K->1376K(57856K)] 492953K->436601K(651264K), 0.0016787 secs] [Times: user=0.00 sys=0.00, real=0.01 secs] 
2746.725: [GC (Allocation Failure) [PSYoungGen: 57696K->1344K(57856K)] 492921K->436569K(651264K), 0.0029804 secs] [Times: user=0.01 sys=0.00, real=0.00 secs] 
2747.998: [GC (Allocation Failure) [PSYoungGen: 57664K->1440K(57856K)] 492889K->436665K(651264K), 0.0025364 secs] [Times: user=0.01 sys=0.00, real=0.00 secs] 
2749.369: [GC (Allocation Failure) [PSYoungGen: 57760K->1376K(57856K)] 492985K->436601K(651264K), 0.0036887 secs] [Times: user=0.01 sys=0.00, real=0.01 secs] 
2749.982: [GC (Allocation Failure) [PSYoungGen: 57696K->1408K(57856K)] 492921K->436633K(651264K), 0.0030839 secs] [Times: user=0.01 sys=0.00, real=0.00 secs] 
2750.565: [GC (Allocation Failure) [PSYoungGen: 57728K->1376K(57856K)] 492953K->436601K(651264K), 0.0028444 secs] [Times: user=0.01 sys=0.00, real=0.00 secs] 
2751.170: [GC (Allocation Failure) [PSYoungGen: 57696K->1376K(57856K)] 492921K->436601K(651264K), 0.0032745 secs] [Times: user=0.02 sys=0.01, real=0.01 secs] 
2752.577: [GC (Allocation Failure) [PSYoungGen: 57696K->1408K(57856K)] 492921K->436633K(651264K), 0.0019137 secs] [Times: user=0.00 sys=0.00, real=0.00 secs] 
2753.117: [GC (Allocation Failure) [PSYoungGen: 57728K->1344K(57856K)] 492953K->436577K(651264K), 0.0028712 secs] [Times: user=0.02 sys=0.01, real=0.00 secs] 
2753.617: [GC (Allocation Failure) [PSYoungGen: 57664K->1344K(57856K)] 492897K->436577K(651264K), 0.0030074 secs] [Times: user=0.01 sys=0.00, real=0.00 secs] 
2754.085: [GC (Allocation Failure) [PSYoungGen: 57664K->1376K(57856K)] 492897K->436609K(651264K), 0.0045536 secs] [Times: user=0.02 sys=0.00, real=0.00 secs] 
2754.540: [GC (Allocation Failure) [PSYoungGen: 57696K->1376K(57856K)] 492929K->436609K(651264K), 0.0032868 secs] [Times: user=0.01 sys=0.00, real=0.01 secs] 
2755.729: [GC (Allocation Failure) [PSYoungGen: 57696K->1408K(57856K)] 492929K->436641K(651264K), 0.0021469 secs] [Times: user=0.01 sys=0.00, real=0.00 secs] 
2756.217: [GC (Allocation Failure) [PSYoungGen: 57728K->1376K(57856K)] 492961K->436609K(651264K), 0.0021105 secs] [Times: user=0.01 sys=0.00, real=0.00 secs] 
2756.971: [GC (Allocation Failure) [PSYoungGen: 57696K->1408K(57856K)] 492929K->436641K(651264K), 0.0028489 secs] [Times: user=0.01 sys=0.00, real=0.01 secs] 
2757.745: [GC (Allocation Failure) [PSYoungGen: 57728K->1376K(57856K)] 492961K->436609K(651264K), 0.0031470 secs] [Times: user=0.01 sys=0.00, real=0.00 secs] 
2758.466: [GC (Allocation Failure) [PSYoungGen: 57696K->1376K(57856K)] 492929K->436609K(651264K), 0.0029748 secs] [Times: user=0.01 sys=0.00, real=0.00 secs] 
2759.823: [GC (Allocation Failure) [PSYoungGen: 57696K->928K(57856K)] 492929K->437185K(651264K), 0.0019627 secs] [Times: user=0.01 sys=0.00, real=0.00 secs] 
2760.702: [GC (Allocation Failure) [PSYoungGen: 57248K->384K(57856K)] 493505K->436641K(651264K), 0.0026987 secs] [Times: user=0.01 sys=0.00, real=0.00 secs] 
2761.562: [GC (Allocation Failure) [PSYoungGen: 56704K->368K(58368K)] 492961K->436625K(651776K), 0.0028513 secs] [Times: user=0.01 sys=0.00, real=0.00 secs] 
2762.474: [GC (Allocation Failure) [PSYoungGen: 56688K->352K(58368K)] 492945K->436609K(651776K), 0.0036904 secs] [Times: user=0.01 sys=0.00, real=0.00 secs] 
2763.018: [GC (Allocation Failure) [PSYoungGen: 56672K->368K(58368K)] 492929K->436625K(651776K), 0.0029098 secs] [Times: user=0.01 sys=0.00, real=0.00 secs] 
2764.016: [GC (Allocation Failure) [PSYoungGen: 56688K->1920K(58368K)] 492945K->438185K(651776K), 0.0019246 secs] [Times: user=0.01 sys=0.00, real=0.00 secs] 
2765.732: [GC (Allocation Failure) [PSYoungGen: 58240K->1376K(58880K)] 494505K->437641K(652288K), 0.0054358 secs] [Times: user=0.02 sys=0.00, real=0.00 secs] 
2767.351: [GC (Allocation Failure) [PSYoungGen: 57696K->1376K(58880K)] 493961K->437641K(652288K), 0.0059481 secs] [Times: user=0.02 sys=0.00, real=0.01 secs] 
2767.878: [GC (Allocation Failure) [PSYoungGen: 57696K->1376K(58880K)] 493961K->437641K(652288K), 0.0029140 secs] [Times: user=0.01 sys=0.00, real=0.00 secs] 
2768.107: [GC (Allocation Failure) [PSYoungGen: 57696K->1312K(58880K)] 493961K->437577K(652288K), 0.0020324 secs] [Times: user=0.01 sys=0.00, real=0.00 secs] 
2769.096: [GC (Allocation Failure) [PSYoungGen: 57632K->1648K(58880K)] 493897K->437913K(652288K), 0.0017761 secs] [Times: user=0.00 sys=0.00, real=0.00 secs] 
2770.424: [GC (Allocation Failure) [PSYoungGen: 57968K->1408K(58880K)] 494233K->437673K(652288K), 0.0054923 secs] [Times: user=0.02 sys=0.00, real=0.00 secs] 
2771.230: [GC (Allocation Failure) [PSYoungGen: 57728K->1440K(58880K)] 493993K->437705K(652288K), 0.0048292 secs] [Times: user=0.02 sys=0.00, real=0.01 secs] 
2771.943: [GC (Allocation Failure) [PSYoungGen: 57760K->1376K(58880K)] 494025K->437641K(652288K), 0.0049524 secs] [Times: user=0.02 sys=0.00, real=0.00 secs] 
2772.621: [GC (Allocation Failure) [PSYoungGen: 57696K->1392K(57856K)] 493961K->437657K(651264K), 0.0037029 secs] [Times: user=0.01 sys=0.00, real=0.01 secs] 
2773.946: [GC (Allocation Failure) [PSYoungGen: 57620K->1536K(58368K)] 493885K->437801K(651776K), 0.0017450 secs] [Times: user=0.01 sys=0.00, real=0.00 secs] 
2774.685: [GC (Allocation Failure) [PSYoungGen: 57856K->1376K(58368K)] 494121K->437641K(651776K), 0.0022336 secs] [Times: user=0.01 sys=0.00, real=0.00 secs] 
2774.919: [GC (Allocation Failure) [PSYoungGen: 57696K->1376K(58368K)] 493961K->437649K(651776K), 0.0022689 secs] [Times: user=0.01 sys=0.00, real=0.01 secs] 
2775.154: [GC (Allocation Failure) [PSYoungGen: 57696K->1376K(58368K)] 493969K->437657K(651776K), 0.0020268 secs] [Times: user=0.01 sys=0.01, real=0.00 secs] 
2775.388: [GC (Allocation Failure) [PSYoungGen: 57696K->1376K(58368K)] 493977K->437657K(651776K), 0.0019624 secs] [Times: user=0.01 sys=0.00, real=0.00 secs] 
2776.557: [GC (Allocation Failure) [PSYoungGen: 57696K->1568K(58368K)] 493977K->437849K(651776K), 0.0018551 secs] [Times: user=0.01 sys=0.00, real=0.00 secs] 
2777.062: [GC (Allocation Failure) [PSYoungGen: 57888K->1376K(58368K)] 494169K->437665K(651776K), 0.0036475 secs] [Times: user=0.01 sys=0.00, real=0.00 secs] 
2777.297: [GC (Allocation Failure) [PSYoungGen: 57696K->1344K(58368K)] 493985K->437633K(651776K), 0.0019437 secs] [Times: user=0.01 sys=0.00, real=0.00 secs] 
2777.531: [GC (Allocation Failure) [PSYoungGen: 57664K->1408K(58368K)] 493953K->437697K(651776K), 0.0020397 secs] [Times: user=0.01 sys=0.00, real=0.01 secs] 
2777.765: [GC (Allocation Failure) [PSYoungGen: 57728K->1344K(58368K)] 494017K->437633K(651776K), 0.0022681 secs] [Times: user=0.01 sys=0.00, real=0.00 secs] 
2778.894: [GC (Allocation Failure) [PSYoungGen: 57664K->1472K(58368K)] 493953K->437761K(651776K), 0.0018048 secs] [Times: user=0.00 sys=0.00, real=0.00 secs] 
2779.683: [GC (Allocation Failure) [PSYoungGen: 57792K->1408K(58368K)] 494081K->437713K(651776K), 0.0037149 secs] [Times: user=0.02 sys=0.00, real=0.00 secs] 
2780.376: [GC (Allocation Failure) [PSYoungGen: 57728K->1408K(58368K)] 494033K->437721K(651776K), 0.0035652 secs] [Times: user=0.02 sys=0.00, real=0.00 secs] 
2781.149: [GC (Allocation Failure) [PSYoungGen: 57728K->1408K(58368K)] 494041K->437721K(651776K), 0.0050180 secs] [Times: user=0.02 sys=0.00, real=0.01 secs] 
2781.904: [GC (Allocation Failure) [PSYoungGen: 57728K->1408K(58368K)] 494041K->437721K(651776K), 0.0050616 secs] [Times: user=0.02 sys=0.00, real=0.00 secs] 
2783.152: [GC (Allocation Failure) [PSYoungGen: 57728K->1504K(58368K)] 494041K->437817K(651776K), 0.0020149 secs] [Times: user=0.01 sys=0.00, real=0.00 secs] 
2783.383: [GC (Allocation Failure) [PSYoungGen: 57824K->1408K(58368K)] 494137K->437721K(651776K), 0.0015991 secs] [Times: user=0.01 sys=0.00, real=0.00 secs] 
2783.616: [GC (Allocation Failure) [PSYoungGen: 57728K->1392K(58368K)] 494041K->437705K(651776K), 0.0017405 secs] [Times: user=0.00 sys=0.00, real=0.00 secs] 
2784.003: [GC (Allocation Failure) [PSYoungGen: 57712K->1344K(58368K)] 494025K->437657K(651776K), 0.0027460 secs] [Times: user=0.01 sys=0.00, real=0.00 secs] 
2784.473: [GC (Allocation Failure) [PSYoungGen: 57664K->1376K(58368K)] 493977K->437689K(651776K), 0.0028480 secs] [Times: user=0.01 sys=0.00, real=0.00 secs] 
2785.700: [GC (Allocation Failure) [PSYoungGen: 57696K->1440K(58368K)] 494009K->437753K(651776K), 0.0016631 secs] [Times: user=0.01 sys=0.00, real=0.00 secs] 
2785.993: [GC (Allocation Failure) [PSYoungGen: 57760K->1376K(58368K)] 494073K->437689K(651776K), 0.0031504 secs] [Times: user=0.01 sys=0.00, real=0.00 secs] 
2787.086: [GC (Allocation Failure) [PSYoungGen: 57696K->1376K(58368K)] 494009K->437689K(651776K), 0.0023454 secs] [Times: user=0.01 sys=0.00, real=0.00 secs] 
2787.788: [GC (Allocation Failure) [PSYoungGen: 57696K->1408K(58368K)] 494009K->437721K(651776K), 0.0033754 secs] [Times: user=0.01 sys=0.00, real=0.00 secs] 
2788.525: [GC (Allocation Failure) [PSYoungGen: 57727K->1344K(58368K)] 494041K->437657K(651776K), 0.0044623 secs] [Times: user=0.01 sys=0.00, real=0.00 secs] 
2790.059: [GC (Allocation Failure) [PSYoungGen: 57598K->224K(58368K)] 493912K->436537K(651776K), 0.0015187 secs] [Times: user=0.01 sys=0.00, real=0.00 secs] 
2790.604: [GC (Allocation Failure) [PSYoungGen: 56544K->1440K(58368K)] 492857K->437753K(651776K), 0.0037655 secs] [Times: user=0.02 sys=0.00, real=0.00 secs] 
2791.068: [GC (Allocation Failure) [PSYoungGen: 57760K->1408K(58368K)] 494073K->437721K(651776K), 0.0027766 secs] [Times: user=0.01 sys=0.00, real=0.00 secs] 
2791.512: [GC (Allocation Failure) [PSYoungGen: 57728K->1376K(58368K)] 494041K->437689K(651776K), 0.0027825 secs] [Times: user=0.01 sys=0.00, real=0.00 secs] 
2791.942: [GC (Allocation Failure) [PSYoungGen: 57696K->1408K(58368K)] 494009K->437729K(651776K), 0.0030201 secs] [Times: user=0.01 sys=0.00, real=0.00 secs] 
2792.912: [GC (Allocation Failure) [PSYoungGen: 57728K->1325K(58368K)] 494049K->437654K(651776K), 0.0018562 secs] [Times: user=0.00 sys=0.00, real=0.00 secs] 
2793.770: [GC (Allocation Failure) [PSYoungGen: 57645K->1408K(58368K)] 493974K->437737K(651776K), 0.0020471 secs] [Times: user=0.00 sys=0.00, real=0.01 secs] 
2794.234: [GC (Allocation Failure) [PSYoungGen: 57728K->1376K(58368K)] 494057K->437705K(651776K), 0.0046702 secs] [Times: user=0.02 sys=0.00, real=0.00 secs] 
2794.684: [GC (Allocation Failure) [PSYoungGen: 57696K->1376K(58368K)] 494025K->437705K(651776K), 0.0033150 secs] [Times: user=0.02 sys=0.00, real=0.00 secs] 
2795.124: [GC (Allocation Failure) [PSYoungGen: 57696K->1360K(58368K)] 494025K->437689K(651776K), 0.0029931 secs] [Times: user=0.01 sys=0.00, real=0.00 secs] 
2795.622: [GC (Allocation Failure) [PSYoungGen: 57666K->256K(58368K)] 493996K->436585K(651776K), 0.0031610 secs] [Times: user=0.01 sys=0.00, real=0.00 secs] 
2796.946: [GC (Allocation Failure) [PSYoungGen: 56576K->1472K(58368K)] 492905K->437801K(651776K), 0.0020668 secs] [Times: user=0.00 sys=0.00, real=0.00 secs] 
2797.462: [GC (Allocation Failure) [PSYoungGen: 57792K->1344K(58368K)] 494121K->437673K(651776K), 0.0043032 secs] [Times: user=0.02 sys=0.01, real=0.01 secs] 
2798.050: [GC (Allocation Failure) [PSYoungGen: 57664K->1344K(58368K)] 493993K->437673K(651776K), 0.0035116 secs] [Times: user=0.01 sys=0.00, real=0.01 secs] 
2798.684: [GC (Allocation Failure) [PSYoungGen: 57664K->1360K(58368K)] 493993K->437689K(651776K), 0.0034977 secs] [Times: user=0.02 sys=0.00, real=0.00 secs] 
2799.374: [GC (Allocation Failure) [PSYoungGen: 57680K->1344K(58368K)] 494009K->437673K(651776K), 0.0053860 secs] [Times: user=0.03 sys=0.00, real=0.00 secs] 
2800.682: [GC (Allocation Failure) [PSYoungGen: 57664K->1456K(58368K)] 493993K->437793K(651776K), 0.0019091 secs] [Times: user=0.01 sys=0.00, real=0.00 secs] 
2801.257: [GC (Allocation Failure) [PSYoungGen: 57776K->1344K(58368K)] 494113K->437681K(651776K), 0.0028463 secs] [Times: user=0.01 sys=0.00, real=0.00 secs] 
2801.879: [GC (Allocation Failure) [PSYoungGen: 57664K->1376K(58368K)] 494001K->437721K(651776K), 0.0034969 secs] [Times: user=0.02 sys=0.00, real=0.01 secs] 
2802.505: [GC (Allocation Failure) [PSYoungGen: 57696K->1376K(58368K)] 494041K->437721K(651776K), 0.0044317 secs] [Times: user=0.02 sys=0.00, real=0.00 secs] 
2802.973: [GC (Allocation Failure) [PSYoungGen: 57696K->1344K(58368K)] 494041K->437689K(651776K), 0.0028563 secs] [Times: user=0.01 sys=0.00, real=0.00 secs] 
2804.362: [GC (Allocation Failure) [PSYoungGen: 57664K->1408K(58368K)] 494009K->437753K(651776K), 0.0028689 secs] [Times: user=0.01 sys=0.00, real=0.00 secs] 
2804.971: [GC (Allocation Failure) [PSYoungGen: 57728K->1376K(58368K)] 494073K->437721K(651776K), 0.0031923 secs] [Times: user=0.02 sys=0.00, real=0.01 secs] 
2805.531: [GC (Allocation Failure) [PSYoungGen: 57696K->1408K(58368K)] 494041K->437753K(651776K), 0.0035762 secs] [Times: user=0.01 sys=0.00, real=0.01 secs] 
2806.190: [GC (Allocation Failure) [PSYoungGen: 57728K->1376K(58368K)] 494073K->437721K(651776K), 0.0034124 secs] [Times: user=0.02 sys=0.00, real=0.01 secs] 
2806.756: [GC (Allocation Failure) [PSYoungGen: 57696K->1376K(58368K)] 494041K->437721K(651776K), 0.0031508 secs] [Times: user=0.01 sys=0.00, real=0.00 secs] 
2809.551: [GC (Allocation Failure) [PSYoungGen: 57696K->1408K(58368K)] 494041K->437753K(651776K), 0.0043479 secs] [Times: user=0.02 sys=0.00, real=0.01 secs] 
2810.390: [GC (Allocation Failure) [PSYoungGen: 57728K->1408K(58368K)] 494073K->437753K(651776K), 0.0050633 secs] [Times: user=0.02 sys=0.00, real=0.01 secs] 
2811.124: [GC (Allocation Failure) [PSYoungGen: 57728K->1376K(58368K)] 494073K->437721K(651776K), 0.0044030 secs] [Times: user=0.02 sys=0.00, real=0.00 secs] 
2811.802: [GC (Allocation Failure) [PSYoungGen: 57696K->1376K(58368K)] 494041K->437721K(651776K), 0.0045594 secs] [Times: user=0.02 sys=0.00, real=0.00 secs] 
2812.425: [GC (Allocation Failure) [PSYoungGen: 57696K->1344K(58368K)] 494041K->437689K(651776K), 0.0044404 secs] [Times: user=0.02 sys=0.00, real=0.00 secs] 
2813.592: [GC (Allocation Failure) [PSYoungGen: 57664K->1408K(58368K)] 494009K->437753K(651776K), 0.0018097 secs] [Times: user=0.00 sys=0.00, real=0.00 secs] 
2814.149: [GC (Allocation Failure) [PSYoungGen: 57728K->1376K(57856K)] 494073K->437729K(651264K), 0.0021630 secs] [Times: user=0.01 sys=0.00, real=0.00 secs] 
2814.928: [GC (Allocation Failure) [PSYoungGen: 57696K->1408K(57856K)] 494049K->437761K(651264K), 0.0035815 secs] [Times: user=0.01 sys=0.00, real=0.00 secs] 
2815.690: [GC (Allocation Failure) [PSYoungGen: 57728K->368K(57344K)] 494081K->437745K(650752K), 0.0039698 secs] [Times: user=0.01 sys=0.00, real=0.01 secs] 
2816.342: [GC (Allocation Failure) [PSYoungGen: 56688K->336K(58368K)] 494065K->437713K(651776K), 0.0045035 secs] [Times: user=0.02 sys=0.00, real=0.00 secs] 
2817.451: [GC (Allocation Failure) [PSYoungGen: 56656K->1440K(58368K)] 494033K->438817K(651776K), 0.0017083 secs] [Times: user=0.01 sys=0.00, real=0.01 secs] 
2817.684: [GC (Allocation Failure) [PSYoungGen: 57760K->1376K(58368K)] 495137K->438753K(651776K), 0.0016065 secs] [Times: user=0.01 sys=0.00, real=0.00 secs] 
2817.919: [GC (Allocation Failure) [PSYoungGen: 57696K->1408K(58368K)] 495073K->438785K(651776K), 0.0015380 secs] [Times: user=0.01 sys=0.00, real=0.00 secs] 
2818.152: [GC (Allocation Failure) [PSYoungGen: 57728K->1376K(58368K)] 495105K->438753K(651776K), 0.0016649 secs] [Times: user=0.01 sys=0.00, real=0.00 secs] 
2818.386: [GC (Allocation Failure) [PSYoungGen: 57696K->1312K(58368K)] 495073K->438689K(651776K), 0.0019875 secs] [Times: user=0.01 sys=0.00, real=0.00 secs] 
2821.019: [GC (Allocation Failure) [PSYoungGen: 57632K->1408K(58368K)] 495009K->438785K(651776K), 0.0061193 secs] [Times: user=0.03 sys=0.00, real=0.01 secs] 
2821.816: [GC (Allocation Failure) [PSYoungGen: 57728K->1376K(58368K)] 495105K->438753K(651776K), 0.0030767 secs] [Times: user=0.01 sys=0.00, real=0.00 secs] 
2822.061: [GC (Allocation Failure) [PSYoungGen: 57696K->1408K(58368K)] 495073K->438785K(651776K), 0.0019993 secs] [Times: user=0.00 sys=0.00, real=0.01 secs] 
2822.521: [GC (Allocation Failure) [PSYoungGen: 57728K->1344K(58368K)] 495105K->438729K(651776K), 0.0022581 secs] [Times: user=0.01 sys=0.00, real=0.01 secs] 
2823.092: [GC (Allocation Failure) [PSYoungGen: 57664K->1344K(58368K)] 495049K->438729K(651776K), 0.0025826 secs] [Times: user=0.01 sys=0.00, real=0.00 secs] 
2824.807: [GC (Allocation Failure) [PSYoungGen: 57664K->1408K(58368K)] 495049K->438793K(651776K), 0.0045267 secs] [Times: user=0.02 sys=0.00, real=0.00 secs] 
2825.289: [GC (Allocation Failure) [PSYoungGen: 57728K->1376K(58368K)] 495113K->438761K(651776K), 0.0029453 secs] [Times: user=0.02 sys=0.00, real=0.01 secs] 
2826.008: [GC (Allocation Failure) [PSYoungGen: 57696K->1376K(58368K)] 495081K->438761K(651776K), 0.0026495 secs] [Times: user=0.01 sys=0.00, real=0.00 secs] 
2826.557: [GC (Allocation Failure) [PSYoungGen: 57696K->1376K(58368K)] 495081K->438761K(651776K), 0.0042805 secs] [Times: user=0.01 sys=0.00, real=0.00 secs] 
2827.118: [GC (Allocation Failure) [PSYoungGen: 57696K->1376K(58368K)] 495081K->438761K(651776K), 0.0042245 secs] [Times: user=0.01 sys=0.00, real=0.01 secs] 
2828.679: [GC (Allocation Failure) [PSYoungGen: 57696K->1376K(58368K)] 495081K->438761K(651776K), 0.0053697 secs] [Times: user=0.02 sys=0.00, real=0.01 secs] 
2829.415: [GC (Allocation Failure) [PSYoungGen: 57696K->1408K(58368K)] 495081K->438793K(651776K), 0.0034168 secs] [Times: user=0.01 sys=0.00, real=0.00 secs] 
2830.135: [GC (Allocation Failure) [PSYoungGen: 57728K->1376K(58368K)] 495113K->438761K(651776K), 0.0030983 secs] [Times: user=0.01 sys=0.00, real=0.00 secs] 
2830.741: [GC (Allocation Failure) [PSYoungGen: 57696K->1408K(58368K)] 495081K->438793K(651776K), 0.0029771 secs] [Times: user=0.01 sys=0.00, real=0.01 secs] 
2830.975: [GC (Allocation Failure) [PSYoungGen: 57728K->1344K(58368K)] 495113K->438729K(651776K), 0.0020713 secs] [Times: user=0.01 sys=0.00, real=0.00 secs] 
2831.887: [GC (Allocation Failure) [PSYoungGen: 57664K->1440K(58368K)] 495049K->438825K(651776K), 0.0017134 secs] [Times: user=0.00 sys=0.00, real=0.00 secs] 
2832.120: [GC (Allocation Failure) [PSYoungGen: 57760K->1376K(58368K)] 495145K->438769K(651776K), 0.0018284 secs] [Times: user=0.01 sys=0.00, real=0.01 secs] 
2832.354: [GC (Allocation Failure) [PSYoungGen: 57696K->1344K(58368K)] 495089K->438737K(651776K), 0.0017100 secs] [Times: user=0.01 sys=0.00, real=0.00 secs] 
2832.588: [GC (Allocation Failure) [PSYoungGen: 57664K->1376K(58368K)] 495057K->438769K(651776K), 0.0018944 secs] [Times: user=0.00 sys=0.00, real=0.00 secs] 
2832.821: [GC (Allocation Failure) [PSYoungGen: 57696K->1376K(57856K)] 495089K->438769K(651264K), 0.0017670 secs] [Times: user=0.01 sys=0.00, real=0.01 secs] 
2834.808: [GC (Allocation Failure) [PSYoungGen: 57696K->1408K(57856K)] 495089K->438801K(651264K), 0.0049154 secs] [Times: user=0.02 sys=0.00, real=0.01 secs] 
2835.321: [GC (Allocation Failure) [PSYoungGen: 57728K->320K(57344K)] 495121K->438737K(650752K), 0.0036740 secs] [Times: user=0.01 sys=0.00, real=0.01 secs] 
2835.770: [GC (Allocation Failure) [PSYoungGen: 56640K->320K(58368K)] 495057K->438737K(651776K), 0.0025389 secs] [Times: user=0.01 sys=0.00, real=0.01 secs] 
2836.293: [GC (Allocation Failure) [PSYoungGen: 56640K->320K(58368K)] 495057K->438737K(651776K), 0.0021082 secs] [Times: user=0.01 sys=0.00, real=0.00 secs] 
2836.907: [GC (Allocation Failure) [PSYoungGen: 56640K->384K(58368K)] 495057K->438801K(651776K), 0.0023971 secs] [Times: user=0.01 sys=0.00, real=0.00 secs] 
2838.658: [GC (Allocation Failure) [PSYoungGen: 56704K->1392K(58368K)] 495121K->439809K(651776K), 0.0057735 secs] [Times: user=0.03 sys=0.00, real=0.01 secs] 
2839.435: [GC (Allocation Failure) [PSYoungGen: 57712K->1424K(58368K)] 496129K->439841K(651776K), 0.0035655 secs] [Times: user=0.02 sys=0.00, real=0.00 secs] 
2840.278: [GC (Allocation Failure) [PSYoungGen: 57744K->1376K(58368K)] 496161K->439793K(651776K), 0.0043625 secs] [Times: user=0.02 sys=0.00, real=0.01 secs] 
2840.873: [GC (Allocation Failure) [PSYoungGen: 57696K->1344K(58368K)] 496113K->439761K(651776K), 0.0045417 secs] [Times: user=0.02 sys=0.00, real=0.00 secs] 
2841.622: [GC (Allocation Failure) [PSYoungGen: 57664K->1376K(58368K)] 496081K->439793K(651776K), 0.0034713 secs] [Times: user=0.02 sys=0.00, real=0.01 secs] 
2842.739: [GC (Allocation Failure) [PSYoungGen: 57696K->1408K(58368K)] 496113K->439833K(651776K), 0.0017367 secs] [Times: user=0.00 sys=0.00, real=0.00 secs] 
2843.008: [GC (Allocation Failure) [PSYoungGen: 57728K->1376K(58368K)] 496153K->439801K(651776K), 0.0017072 secs] [Times: user=0.00 sys=0.00, real=0.00 secs] 
2843.241: [GC (Allocation Failure) [PSYoungGen: 57696K->1376K(58368K)] 496121K->439801K(651776K), 0.0017485 secs] [Times: user=0.01 sys=0.00, real=0.01 secs] 
2843.475: [GC (Allocation Failure) [PSYoungGen: 57696K->1376K(58368K)] 496121K->439801K(651776K), 0.0022096 secs] [Times: user=0.01 sys=0.00, real=0.00 secs] 
2843.711: [GC (Allocation Failure) [PSYoungGen: 57696K->1344K(58368K)] 496121K->439769K(651776K), 0.0025891 secs] [Times: user=0.01 sys=0.00, real=0.01 secs] 
2845.356: [GC (Allocation Failure) [PSYoungGen: 57664K->1440K(58368K)] 496089K->439865K(651776K), 0.0034665 secs] [Times: user=0.02 sys=0.00, real=0.00 secs] 
2846.192: [GC (Allocation Failure) [PSYoungGen: 57760K->1360K(58368K)] 496185K->439785K(651776K), 0.0049709 secs] [Times: user=0.02 sys=0.00, real=0.00 secs] 
2846.910: [GC (Allocation Failure) [PSYoungGen: 57680K->1376K(58368K)] 496105K->439801K(651776K), 0.0053168 secs] [Times: user=0.02 sys=0.00, real=0.01 secs] 
2847.517: [GC (Allocation Failure) [PSYoungGen: 57696K->1344K(58368K)] 496121K->439769K(651776K), 0.0045601 secs] [Times: user=0.02 sys=0.00, real=0.01 secs] 
2847.974: [GC (Allocation Failure) [PSYoungGen: 57664K->1376K(58368K)] 496089K->439801K(651776K), 0.0035069 secs] [Times: user=0.02 sys=0.00, real=0.00 secs] 
2849.142: [GC (Allocation Failure) [PSYoungGen: 57696K->1408K(58368K)] 496121K->439833K(651776K), 0.0018378 secs] [Times: user=0.00 sys=0.00, real=0.00 secs] 
2849.791: [GC (Allocation Failure) [PSYoungGen: 57728K->1392K(58368K)] 496153K->439817K(651776K), 0.0054627 secs] [Times: user=0.02 sys=0.00, real=0.01 secs] 
2850.451: [GC (Allocation Failure) [PSYoungGen: 57712K->1408K(58368K)] 496137K->439833K(651776K), 0.0027670 secs] [Times: user=0.01 sys=0.00, real=0.01 secs] 
2851.229: [GC (Allocation Failure) [PSYoungGen: 57728K->1408K(58368K)] 496153K->439833K(651776K), 0.0032593 secs] [Times: user=0.01 sys=0.00, real=0.01 secs] 
2851.972: [GC (Allocation Failure) [PSYoungGen: 57728K->1360K(58368K)] 496153K->439793K(651776K), 0.0050463 secs] [Times: user=0.03 sys=0.00, real=0.00 secs] 
2853.110: [GC (Allocation Failure) [PSYoungGen: 57680K->1440K(58368K)] 496113K->439873K(651776K), 0.0016788 secs] [Times: user=0.01 sys=0.00, real=0.00 secs] 
2853.361: [GC (Allocation Failure) [PSYoungGen: 57760K->1376K(58368K)] 496193K->439809K(651776K), 0.0016494 secs] [Times: user=0.00 sys=0.00, real=0.01 secs] 
2853.595: [GC (Allocation Failure) [PSYoungGen: 57696K->1440K(58368K)] 496129K->439873K(651776K), 0.0020292 secs] [Times: user=0.01 sys=0.00, real=0.00 secs] 
2853.829: [GC (Allocation Failure) [PSYoungGen: 57760K->1376K(58368K)] 496193K->439809K(651776K), 0.0024643 secs] [Times: user=0.01 sys=0.00, real=0.01 secs] 
2854.068: [GC (Allocation Failure) [PSYoungGen: 57696K->1376K(58368K)] 496129K->439809K(651776K), 0.0028533 secs] [Times: user=0.01 sys=0.00, real=0.00 secs] 
2855.889: [GC (Allocation Failure) [PSYoungGen: 57696K->1440K(58368K)] 496129K->439873K(651776K), 0.0047064 secs] [Times: user=0.02 sys=0.00, real=0.01 secs] 
2856.390: [GC (Allocation Failure) [PSYoungGen: 57760K->1376K(58368K)] 496193K->439809K(651776K), 0.0031575 secs] [Times: user=0.01 sys=0.00, real=0.01 secs] 
2856.872: [GC (Allocation Failure) [PSYoungGen: 57696K->1408K(58368K)] 496129K->439841K(651776K), 0.0027594 secs] [Times: user=0.01 sys=0.00, real=0.00 secs] 
2857.330: [GC (Allocation Failure) [PSYoungGen: 57728K->1376K(58368K)] 496161K->439809K(651776K), 0.0030118 secs] [Times: user=0.01 sys=0.00, real=0.01 secs] 
2857.739: [GC (Allocation Failure) [PSYoungGen: 57696K->1376K(58368K)] 496129K->439809K(651776K), 0.0034597 secs] [Times: user=0.01 sys=0.00, real=0.01 secs] 
2859.713: [GC (Allocation Failure) [PSYoungGen: 57696K->1408K(58368K)] 496129K->439841K(651776K), 0.0053223 secs] [Times: user=0.02 sys=0.00, real=0.00 secs] 
2860.470: [GC (Allocation Failure) [PSYoungGen: 57728K->1376K(58368K)] 496161K->439809K(651776K), 0.0058820 secs] [Times: user=0.02 sys=0.00, real=0.01 secs] 
2861.241: [GC (Allocation Failure) [PSYoungGen: 57696K->1360K(57856K)] 496129K->439793K(651264K), 0.0058868 secs] [Times: user=0.02 sys=0.01, real=0.01 secs] 
2861.857: [GC (Allocation Failure) [PSYoungGen: 57680K->1312K(57856K)] 496113K->439753K(651264K), 0.0046909 secs] [Times: user=0.02 sys=0.00, real=0.00 secs] 
2862.380: [GC (Allocation Failure) [PSYoungGen: 57632K->352K(57344K)] 496073K->439817K(650752K), 0.0037469 secs] [Times: user=0.02 sys=0.00, real=0.01 secs] 
2863.638: [GC (Allocation Failure) [PSYoungGen: 56672K->1376K(58368K)] 496137K->440841K(651776K), 0.0020012 secs] [Times: user=0.01 sys=0.00, real=0.00 secs] 
2863.872: [GC (Allocation Failure) [PSYoungGen: 57696K->1376K(58368K)] 497161K->440841K(651776K), 0.0021539 secs] [Times: user=0.00 sys=0.01, real=0.00 secs] 
2864.112: [GC (Allocation Failure) [PSYoungGen: 57696K->1376K(58368K)] 497161K->440841K(651776K), 0.0021072 secs] [Times: user=0.01 sys=0.00, real=0.00 secs] 
2864.347: [GC (Allocation Failure) [PSYoungGen: 57696K->1376K(58368K)] 497161K->440841K(651776K), 0.0020419 secs] [Times: user=0.01 sys=0.00, real=0.00 secs] 
2864.581: [GC (Allocation Failure) [PSYoungGen: 57696K->1344K(58368K)] 497161K->440809K(651776K), 0.0021231 secs] [Times: user=0.01 sys=0.00, real=0.01 secs] 
2865.516: [GC (Allocation Failure) [PSYoungGen: 57664K->1392K(58368K)] 497129K->440857K(651776K), 0.0016659 secs] [Times: user=0.01 sys=0.00, real=0.00 secs] 
2865.749: [GC (Allocation Failure) [PSYoungGen: 57712K->1360K(58368K)] 497177K->440825K(651776K), 0.0015881 secs] [Times: user=0.01 sys=0.00, real=0.00 secs] 
2865.982: [GC (Allocation Failure) [PSYoungGen: 57680K->1344K(58368K)] 497145K->440809K(651776K), 0.0016364 secs] [Times: user=0.01 sys=0.00, real=0.00 secs] 
2866.216: [GC (Allocation Failure) [PSYoungGen: 57664K->1440K(58368K)] 497129K->440905K(651776K), 0.0016308 secs] [Times: user=0.01 sys=0.01, real=0.00 secs] 
2866.449: [GC (Allocation Failure) [PSYoungGen: 57760K->1376K(58368K)] 497225K->440841K(651776K), 0.0016384 secs] [Times: user=0.01 sys=0.00, real=0.00 secs] 
2867.341: [GC (Allocation Failure) [PSYoungGen: 57696K->1376K(58368K)] 497161K->440841K(651776K), 0.0016083 secs] [Times: user=0.01 sys=0.00, real=0.01 secs] 
2867.586: [GC (Allocation Failure) [PSYoungGen: 57696K->1376K(58368K)] 497161K->440841K(651776K), 0.0016095 secs] [Times: user=0.01 sys=0.00, real=0.00 secs] 
2867.832: [GC (Allocation Failure) [PSYoungGen: 57696K->1408K(58368K)] 497161K->440889K(651776K), 0.0015601 secs] [Times: user=0.00 sys=0.00, real=0.00 secs] 
2868.066: [GC (Allocation Failure) [PSYoungGen: 57728K->1360K(58368K)] 497209K->440841K(651776K), 0.0016488 secs] [Times: user=0.01 sys=0.00, real=0.00 secs] 
2868.299: [GC (Allocation Failure) [PSYoungGen: 57680K->1376K(58368K)] 497161K->440857K(651776K), 0.0016107 secs] [Times: user=0.01 sys=0.00, real=0.00 secs] 
2870.673: [GC (Allocation Failure) [PSYoungGen: 57696K->1392K(58368K)] 497177K->440873K(651776K), 0.0059920 secs] [Times: user=0.02 sys=0.00, real=0.00 secs] 
2871.983: [GC (Allocation Failure) [PSYoungGen: 57712K->1344K(57856K)] 497193K->440825K(651264K), 0.0048331 secs] [Times: user=0.02 sys=0.00, real=0.00 secs] 
2872.589: [GC (Allocation Failure) [PSYoungGen: 57664K->1408K(57856K)] 497145K->440889K(651264K), 0.0035286 secs] [Times: user=0.01 sys=0.00, real=0.01 secs] 
2873.143: [GC (Allocation Failure) [PSYoungGen: 57728K->1376K(57856K)] 497209K->440857K(651264K), 0.0025479 secs] [Times: user=0.01 sys=0.00, real=0.00 secs] 
2873.750: [GC (Allocation Failure) [PSYoungGen: 57696K->1344K(57856K)] 497177K->440825K(651264K), 0.0029670 secs] [Times: user=0.01 sys=0.00, real=0.01 secs] 
2875.345: [GC (Allocation Failure) [PSYoungGen: 57664K->1408K(57856K)] 497145K->440889K(651264K), 0.0023373 secs] [Times: user=0.01 sys=0.00, real=0.00 secs] 
2875.950: [GC (Allocation Failure) [PSYoungGen: 57728K->1344K(57856K)] 497209K->440825K(651264K), 0.0024002 secs] [Times: user=0.01 sys=0.00, real=0.01 secs] 
2876.206: [GC (Allocation Failure) [PSYoungGen: 57664K->1376K(57856K)] 497145K->440857K(651264K), 0.0019819 secs] [Times: user=0.01 sys=0.00, real=0.00 secs] 
2876.440: [GC (Allocation Failure) [PSYoungGen: 57696K->1328K(57856K)] 497177K->440809K(651264K), 0.0020126 secs] [Times: user=0.01 sys=0.00, real=0.01 secs] 
2876.859: [GC (Allocation Failure) [PSYoungGen: 57648K->1376K(57856K)] 497129K->440857K(651264K), 0.0022362 secs] [Times: user=0.01 sys=0.00, real=0.00 secs] 
2878.574: [GC (Allocation Failure) [PSYoungGen: 57696K->1408K(57856K)] 497177K->440889K(651264K), 0.0048633 secs] [Times: user=0.02 sys=0.00, real=0.00 secs] 
2879.142: [GC (Allocation Failure) [PSYoungGen: 57728K->1360K(57856K)] 497209K->440841K(651264K), 0.0032515 secs] [Times: user=0.02 sys=0.00, real=0.00 secs] 
2879.600: [GC (Allocation Failure) [PSYoungGen: 57680K->1408K(57856K)] 497161K->440889K(651264K), 0.0025463 secs] [Times: user=0.02 sys=0.00, real=0.01 secs] 
2879.966: [GC (Allocation Failure) [PSYoungGen: 57728K->1392K(57856K)] 497209K->440873K(651264K), 0.0024869 secs] [Times: user=0.01 sys=0.00, real=0.00 secs] 
2880.358: [GC (Allocation Failure) [PSYoungGen: 57712K->1376K(57856K)] 497193K->440857K(651264K), 0.0025554 secs] [Times: user=0.01 sys=0.00, real=0.00 secs] 
2881.583: [GC (Allocation Failure) [PSYoungGen: 57696K->1408K(57856K)] 497177K->440889K(651264K), 0.0020914 secs] [Times: user=0.01 sys=0.00, real=0.00 secs] 
2882.065: [GC (Allocation Failure) [PSYoungGen: 57728K->1376K(57856K)] 497209K->440865K(651264K), 0.0036263 secs] [Times: user=0.02 sys=0.00, real=0.00 secs] 
2882.615: [GC (Allocation Failure) [PSYoungGen: 57696K->1344K(57856K)] 497185K->440833K(651264K), 0.0072280 secs] [Times: user=0.03 sys=0.01, real=0.01 secs] 
2883.223: [GC (Allocation Failure) [PSYoungGen: 57664K->1376K(57856K)] 497153K->440865K(651264K), 0.0032313 secs] [Times: user=0.01 sys=0.00, real=0.00 secs] 
2883.860: [GC (Allocation Failure) [PSYoungGen: 57696K->1344K(57856K)] 497185K->440833K(651264K), 0.0030432 secs] [Times: user=0.01 sys=0.00, real=0.01 secs] 
2885.357: [GC (Allocation Failure) [PSYoungGen: 57664K->1408K(57856K)] 497153K->440897K(651264K), 0.0053221 secs] [Times: user=0.02 sys=0.01, real=0.01 secs] 
2886.109: [GC (Allocation Failure) [PSYoungGen: 57728K->1376K(57856K)] 497217K->440865K(651264K), 0.0055926 secs] [Times: user=0.02 sys=0.00, real=0.01 secs] 
2886.528: [GC (Allocation Failure) [PSYoungGen: 57696K->1376K(57856K)] 497185K->440865K(651264K), 0.0021987 secs] [Times: user=0.01 sys=0.00, real=0.00 secs] 
2886.783: [GC (Allocation Failure) [PSYoungGen: 57696K->1408K(57856K)] 497185K->440897K(651264K), 0.0020340 secs] [Times: user=0.01 sys=0.00, real=0.00 secs] 
2887.017: [GC (Allocation Failure) [PSYoungGen: 57728K->1344K(57856K)] 497217K->440833K(651264K), 0.0020437 secs] [Times: user=0.01 sys=0.00, real=0.00 secs] 
2888.180: [GC (Allocation Failure) [PSYoungGen: 57664K->1376K(57856K)] 497153K->440865K(651264K), 0.0018453 secs] [Times: user=0.01 sys=0.00, real=0.01 secs] 
2888.774: [GC (Allocation Failure) [PSYoungGen: 57696K->1376K(57856K)] 497185K->440865K(651264K), 0.0020254 secs] [Times: user=0.01 sys=0.00, real=0.00 secs] 
2889.108: [GC (Allocation Failure) [PSYoungGen: 57696K->1376K(57856K)] 497185K->440865K(651264K), 0.0020001 secs] [Times: user=0.01 sys=0.01, real=0.00 secs] 
2889.438: [GC (Allocation Failure) [PSYoungGen: 57696K->1376K(57856K)] 497185K->440865K(651264K), 0.0020479 secs] [Times: user=0.01 sys=0.00, real=0.00 secs] 
2889.673: [GC (Allocation Failure) [PSYoungGen: 57696K->1376K(57856K)] 497185K->440865K(651264K), 0.0020173 secs] [Times: user=0.00 sys=0.00, real=0.00 secs] 
2891.140: [GC (Allocation Failure) [PSYoungGen: 57696K->1408K(57856K)] 497185K->440913K(651264K), 0.0019428 secs] [Times: user=0.01 sys=0.00, real=0.00 secs] 
2892.074: [GC (Allocation Failure) [PSYoungGen: 57728K->1376K(57856K)] 497233K->440881K(651264K), 0.0021164 secs] [Times: user=0.00 sys=0.00, real=0.00 secs] 
2893.020: [GC (Allocation Failure) [PSYoungGen: 57696K->1344K(57856K)] 497201K->440857K(651264K), 0.0021467 secs] [Times: user=0.01 sys=0.00, real=0.01 secs] 
2893.686: [GC (Allocation Failure) [PSYoungGen: 57664K->1408K(57856K)] 497177K->440921K(651264K), 0.0020900 secs] [Times: user=0.01 sys=0.01, real=0.00 secs] 
2894.474: [GC (Allocation Failure) [PSYoungGen: 57728K->1376K(57856K)] 497241K->440889K(651264K), 0.0024694 secs] [Times: user=0.01 sys=0.00, real=0.00 secs] 
2895.883: [GC (Allocation Failure) [PSYoungGen: 57696K->1408K(57856K)] 497209K->440929K(651264K), 0.0018625 secs] [Times: user=0.01 sys=0.00, real=0.00 secs] 
2896.167: [GC (Allocation Failure) [PSYoungGen: 57728K->1392K(57856K)] 497249K->440913K(651264K), 0.0019878 secs] [Times: user=0.01 sys=0.00, real=0.00 secs] 
2896.401: [GC (Allocation Failure) [PSYoungGen: 57712K->1328K(57856K)] 497233K->440849K(651264K), 0.0018160 secs] [Times: user=0.01 sys=0.00, real=0.01 secs] 
2896.756: [GC (Allocation Failure) [PSYoungGen: 57648K->1376K(57856K)] 497169K->440897K(651264K), 0.0019438 secs] [Times: user=0.01 sys=0.00, real=0.00 secs] 
2897.107: [GC (Allocation Failure) [PSYoungGen: 57696K->1376K(57856K)] 497217K->440897K(651264K), 0.0020519 secs] [Times: user=0.01 sys=0.00, real=0.00 secs] 
2898.247: [GC (Allocation Failure) [PSYoungGen: 57696K->1440K(57856K)] 497217K->440961K(651264K), 0.0018321 secs] [Times: user=0.01 sys=0.00, real=0.00 secs] 
2898.694: [GC (Allocation Failure) [PSYoungGen: 57760K->1408K(57856K)] 497281K->440929K(651264K), 0.0017479 secs] [Times: user=0.01 sys=0.00, real=0.00 secs] 
2899.201: [GC (Allocation Failure) [PSYoungGen: 57728K->1408K(57856K)] 497249K->440929K(651264K), 0.0028544 secs] [Times: user=0.01 sys=0.01, real=0.01 secs] 
2899.790: [GC (Allocation Failure) [PSYoungGen: 57728K->1408K(57856K)] 497249K->440929K(651264K), 0.0028489 secs] [Times: user=0.01 sys=0.00, real=0.01 secs] 
2900.417: [GC (Allocation Failure) [PSYoungGen: 57728K->1344K(57856K)] 497249K->440865K(651264K), 0.0038189 secs] [Times: user=0.02 sys=0.00, real=0.00 secs] 
2901.688: [GC (Allocation Failure) [PSYoungGen: 57664K->1408K(57856K)] 497185K->440945K(651264K), 0.0015931 secs] [Times: user=0.01 sys=0.00, real=0.00 secs] 
2901.970: [GC (Allocation Failure) [PSYoungGen: 57728K->1376K(57856K)] 497265K->440921K(651264K), 0.0018177 secs] [Times: user=0.01 sys=0.00, real=0.00 secs] 
2902.228: [GC (Allocation Failure) [PSYoungGen: 57696K->1376K(57856K)] 497241K->440921K(651264K), 0.0034279 secs] [Times: user=0.01 sys=0.01, real=0.00 secs] 
2902.508: [GC (Allocation Failure) [PSYoungGen: 57696K->1376K(57856K)] 497241K->440921K(651264K), 0.0021020 secs] [Times: user=0.01 sys=0.00, real=0.00 secs] 
2902.791: [GC (Allocation Failure) [PSYoungGen: 57696K->1408K(57856K)] 497241K->440953K(651264K), 0.0023581 secs] [Times: user=0.01 sys=0.00, real=0.01 secs] 
2903.833: [GC (Allocation Failure) [PSYoungGen: 57728K->1408K(57856K)] 497273K->440953K(651264K), 0.0017195 secs] [Times: user=0.01 sys=0.00, real=0.00 secs] 
2904.284: [GC (Allocation Failure) [PSYoungGen: 57728K->1376K(57856K)] 497273K->440921K(651264K), 0.0043870 secs] [Times: user=0.02 sys=0.00, real=0.00 secs] 
2904.732: [GC (Allocation Failure) [PSYoungGen: 57696K->1376K(57856K)] 497241K->440921K(651264K), 0.0034860 secs] [Times: user=0.01 sys=0.01, real=0.00 secs] 
2905.318: [GC (Allocation Failure) [PSYoungGen: 57696K->1312K(57856K)] 497241K->440857K(651264K), 0.0034184 secs] [Times: user=0.01 sys=0.00, real=0.00 secs] 
2905.768: [GC (Allocation Failure) [PSYoungGen: 57632K->1376K(57856K)] 497177K->440921K(651264K), 0.0026644 secs] [Times: user=0.01 sys=0.00, real=0.00 secs] 
2907.013: [GC (Allocation Failure) [PSYoungGen: 57696K->1408K(57856K)] 497241K->440961K(651264K), 0.0022154 secs] [Times: user=0.01 sys=0.00, real=0.00 secs] 
2907.248: [GC (Allocation Failure) [PSYoungGen: 57728K->1344K(57856K)] 497281K->440897K(651264K), 0.0022150 secs] [Times: user=0.01 sys=0.01, real=0.00 secs] 
2907.483: [GC (Allocation Failure) [PSYoungGen: 57664K->1408K(57856K)] 497217K->440961K(651264K), 0.0021507 secs] [Times: user=0.01 sys=0.00, real=0.00 secs] 
2907.826: [GC (Allocation Failure) [PSYoungGen: 57728K->1328K(57856K)] 497281K->440881K(651264K), 0.0019150 secs] [Times: user=0.01 sys=0.00, real=0.00 secs] 
2908.374: [GC (Allocation Failure) [PSYoungGen: 57648K->1376K(57856K)] 497201K->440929K(651264K), 0.0020760 secs] [Times: user=0.01 sys=0.00, real=0.00 secs] 
2909.807: [GC (Allocation Failure) [PSYoungGen: 57696K->1440K(57856K)] 497249K->441017K(651264K), 0.0023312 secs] [Times: user=0.01 sys=0.00, real=0.00 secs] 
2910.619: [GC (Allocation Failure) [PSYoungGen: 57760K->1376K(57856K)] 497337K->440953K(651264K), 0.0060867 secs] [Times: user=0.02 sys=0.01, real=0.01 secs] 
2911.322: [GC (Allocation Failure) [PSYoungGen: 57696K->1408K(57856K)] 497273K->440985K(651264K), 0.0058129 secs] [Times: user=0.03 sys=0.00, real=0.00 secs] 
2911.753: [GC (Allocation Failure) [PSYoungGen: 57728K->1376K(57856K)] 497305K->440953K(651264K), 0.0029598 secs] [Times: user=0.02 sys=0.00, real=0.00 secs] 
2912.167: [GC (Allocation Failure) [PSYoungGen: 57696K->1344K(57856K)] 497273K->440921K(651264K), 0.0043421 secs] [Times: user=0.02 sys=0.00, real=0.00 secs] 
2913.557: [GC (Allocation Failure) [PSYoungGen: 57664K->1408K(57856K)] 497241K->440985K(651264K), 0.0020427 secs] [Times: user=0.01 sys=0.00, real=0.00 secs] 
2914.061: [GC (Allocation Failure) [PSYoungGen: 57728K->1392K(57856K)] 497305K->440969K(651264K), 0.0022591 secs] [Times: user=0.01 sys=0.00, real=0.01 secs] 
2914.593: [GC (Allocation Failure) [PSYoungGen: 57712K->1440K(57856K)] 497289K->441017K(651264K), 0.0038434 secs] [Times: user=0.02 sys=0.00, real=0.00 secs] 
2915.012: [GC (Allocation Failure) [PSYoungGen: 57760K->1376K(57856K)] 497337K->440953K(651264K), 0.0028811 secs] [Times: user=0.01 sys=0.00, real=0.00 secs] 
2915.270: [GC (Allocation Failure) [PSYoungGen: 57696K->1360K(57856K)] 497273K->440937K(651264K), 0.0020720 secs] [Times: user=0.00 sys=0.00, real=0.01 secs] 
2916.313: [GC (Allocation Failure) [PSYoungGen: 57680K->1408K(57856K)] 497257K->440985K(651264K), 0.0017909 secs] [Times: user=0.01 sys=0.00, real=0.00 secs] 
2916.547: [GC (Allocation Failure) [PSYoungGen: 57728K->1408K(57856K)] 497305K->440985K(651264K), 0.0018607 secs] [Times: user=0.01 sys=0.00, real=0.00 secs] 
2916.781: [GC (Allocation Failure) [PSYoungGen: 57728K->1360K(57856K)] 497305K->440937K(651264K), 0.0019076 secs] [Times: user=0.00 sys=0.00, real=0.01 secs] 
2917.016: [GC (Allocation Failure) [PSYoungGen: 57680K->1344K(57856K)] 497257K->440921K(651264K), 0.0019496 secs] [Times: user=0.01 sys=0.00, real=0.00 secs] 
2917.253: [GC (Allocation Failure) [PSYoungGen: 57664K->1408K(57856K)] 497241K->440985K(651264K), 0.0032858 secs] [Times: user=0.01 sys=0.00, real=0.00 secs] 
2918.295: [GC (Allocation Failure) [PSYoungGen: 57728K->1376K(57856K)] 497305K->440953K(651264K), 0.0019772 secs] [Times: user=0.01 sys=0.00, real=0.00 secs] 
2918.529: [GC (Allocation Failure) [PSYoungGen: 57696K->1408K(57856K)] 497273K->440985K(651264K), 0.0022854 secs] [Times: user=0.01 sys=0.00, real=0.01 secs] 
2918.764: [GC (Allocation Failure) [PSYoungGen: 57728K->1376K(57856K)] 497305K->440969K(651264K), 0.0019509 secs] [Times: user=0.01 sys=0.00, real=0.00 secs] 
2918.998: [GC (Allocation Failure) [PSYoungGen: 57696K->1376K(57856K)] 497289K->440969K(651264K), 0.0021654 secs] [Times: user=0.01 sys=0.00, real=0.00 secs] 
2919.236: [GC (Allocation Failure) [PSYoungGen: 57696K->1376K(57856K)] 497289K->440969K(651264K), 0.0035108 secs] [Times: user=0.01 sys=0.00, real=0.00 secs] 
2920.452: [GC (Allocation Failure) [PSYoungGen: 57696K->1440K(57856K)] 497289K->441033K(651264K), 0.0038859 secs] [Times: user=0.02 sys=0.00, real=0.00 secs] 
2921.164: [GC (Allocation Failure) [PSYoungGen: 57760K->1376K(57856K)] 497353K->440969K(651264K), 0.0038643 secs] [Times: user=0.02 sys=0.00, real=0.00 secs] 
2921.784: [GC (Allocation Failure) [PSYoungGen: 57696K->1376K(57856K)] 497289K->440969K(651264K), 0.0034575 secs] [Times: user=0.01 sys=0.00, real=0.00 secs] 
2922.337: [GC (Allocation Failure) [PSYoungGen: 57696K->1440K(57856K)] 497289K->441033K(651264K), 0.0039659 secs] [Times: user=0.01 sys=0.00, real=0.00 secs] 
2923.117: [GC (Allocation Failure) [PSYoungGen: 57760K->1408K(57856K)] 497353K->441001K(651264K), 0.0054520 secs] [Times: user=0.02 sys=0.00, real=0.01 secs] 
2924.896: [GC (Allocation Failure) [PSYoungGen: 57728K->1456K(57856K)] 497321K->441049K(651264K), 0.0022232 secs] [Times: user=0.01 sys=0.00, real=0.00 secs] 
2925.990: [GC (Allocation Failure) [PSYoungGen: 57776K->1376K(57856K)] 497369K->440969K(651264K), 0.0036470 secs] [Times: user=0.01 sys=0.00, real=0.01 secs] 
2926.469: [GC (Allocation Failure) [PSYoungGen: 57696K->1408K(57856K)] 497289K->441001K(651264K), 0.0035135 secs] [Times: user=0.02 sys=0.00, real=0.01 secs] 
2927.136: [GC (Allocation Failure) [PSYoungGen: 57728K->1376K(57856K)] 497321K->440969K(651264K), 0.0034182 secs] [Times: user=0.02 sys=0.00, real=0.00 secs] 
2927.830: [GC (Allocation Failure) [PSYoungGen: 57696K->1376K(57856K)] 497289K->440969K(651264K), 0.0045347 secs] [Times: user=0.02 sys=0.00, real=0.01 secs] 
2929.588: [GC (Allocation Failure) [PSYoungGen: 57696K->1360K(57856K)] 497289K->440953K(651264K), 0.0022830 secs] [Times: user=0.01 sys=0.00, real=0.00 secs] 
2930.412: [GC (Allocation Failure) [PSYoungGen: 57680K->1408K(57856K)] 497273K->441001K(651264K), 0.0032095 secs] [Times: user=0.01 sys=0.00, real=0.00 secs] 
2931.292: [GC (Allocation Failure) [PSYoungGen: 57728K->1360K(57856K)] 497321K->440953K(651264K), 0.0030677 secs] [Times: user=0.01 sys=0.00, real=0.00 secs] 
2931.988: [GC (Allocation Failure) [PSYoungGen: 57680K->1376K(57856K)] 497273K->440969K(651264K), 0.0028442 secs] [Times: user=0.01 sys=0.00, real=0.00 secs] 
2932.536: [GC (Allocation Failure) [PSYoungGen: 57696K->1408K(57856K)] 497289K->441001K(651264K), 0.0033208 secs] [Times: user=0.02 sys=0.00, real=0.00 secs] 
2933.747: [GC (Allocation Failure) [PSYoungGen: 57728K->1392K(57856K)] 497321K->440985K(651264K), 0.0020013 secs] [Times: user=0.01 sys=0.00, real=0.00 secs] 
2934.074: [GC (Allocation Failure) [PSYoungGen: 57712K->1440K(57856K)] 497305K->441033K(651264K), 0.0020324 secs] [Times: user=0.01 sys=0.00, real=0.00 secs] 
2934.309: [GC (Allocation Failure) [PSYoungGen: 57760K->1392K(57856K)] 497353K->440993K(651264K), 0.0037743 secs] [Times: user=0.02 sys=0.00, real=0.01 secs] 
2934.545: [GC (Allocation Failure) [PSYoungGen: 57712K->1408K(57856K)] 497313K->441009K(651264K), 0.0026533 secs] [Times: user=0.01 sys=0.00, real=0.00 secs] 
2934.781: [GC (Allocation Failure) [PSYoungGen: 57728K->1408K(57856K)] 497329K->441009K(651264K), 0.0021582 secs] [Times: user=0.01 sys=0.00, real=0.01 secs] 
2935.991: [GC (Allocation Failure) [PSYoungGen: 57728K->1392K(57856K)] 497329K->440993K(651264K), 0.0022873 secs] [Times: user=0.01 sys=0.00, real=0.01 secs] 
2936.611: [GC (Allocation Failure) [PSYoungGen: 57712K->1360K(57856K)] 497313K->440961K(651264K), 0.0036246 secs] [Times: user=0.01 sys=0.00, real=0.01 secs] 
2937.019: [GC (Allocation Failure) [PSYoungGen: 57680K->1408K(57856K)] 497281K->441009K(651264K), 0.0022529 secs] [Times: user=0.01 sys=0.00, real=0.00 secs] 
2937.250: [GC (Allocation Failure) [PSYoungGen: 57728K->1376K(57856K)] 497329K->440977K(651264K), 0.0020353 secs] [Times: user=0.00 sys=0.00, real=0.00 secs] 
2937.508: [GC (Allocation Failure) [PSYoungGen: 57696K->1408K(57856K)] 497297K->441009K(651264K), 0.0019606 secs] [Times: user=0.01 sys=0.01, real=0.00 secs] 
2938.704: [GC (Allocation Failure) [PSYoungGen: 57728K->1408K(57856K)] 497329K->441009K(651264K), 0.0018294 secs] [Times: user=0.01 sys=0.00, real=0.00 secs] 
2939.529: [GC (Allocation Failure) [PSYoungGen: 57728K->1376K(57856K)] 497329K->440977K(651264K), 0.0044865 secs] [Times: user=0.02 sys=0.00, real=0.01 secs] 
2939.971: [GC (Allocation Failure) [PSYoungGen: 57696K->1344K(57856K)] 497297K->440953K(651264K), 0.0028850 secs] [Times: user=0.01 sys=0.00, real=0.01 secs] 
2940.550: [GC (Allocation Failure) [PSYoungGen: 57664K->1328K(57856K)] 497273K->440937K(651264K), 0.0044056 secs] [Times: user=0.02 sys=0.01, real=0.01 secs] 
2941.119: [GC (Allocation Failure) [PSYoungGen: 57648K->1360K(57856K)] 497257K->440969K(651264K), 0.0034585 secs] [Times: user=0.01 sys=0.00, real=0.01 secs] 
2942.531: [GC (Allocation Failure) [PSYoungGen: 57680K->1376K(57856K)] 497289K->440985K(651264K), 0.0043697 secs] [Times: user=0.02 sys=0.01, real=0.01 secs] 
2942.781: [GC (Allocation Failure) [PSYoungGen: 57696K->1376K(57856K)] 497305K->440985K(651264K), 0.0022021 secs] [Times: user=0.01 sys=0.00, real=0.01 secs] 
2943.015: [GC (Allocation Failure) [PSYoungGen: 57696K->1376K(57856K)] 497305K->440985K(651264K), 0.0020593 secs] [Times: user=0.00 sys=0.00, real=0.00 secs] 
2943.294: [GC (Allocation Failure) [PSYoungGen: 57696K->1312K(57856K)] 497305K->440921K(651264K), 0.0021135 secs] [Times: user=0.01 sys=0.00, real=0.00 secs] 
2943.739: [GC (Allocation Failure) [PSYoungGen: 57632K->1344K(57856K)] 497241K->440953K(651264K), 0.0049746 secs] [Times: user=0.02 sys=0.00, real=0.01 secs] 
2944.960: [GC (Allocation Failure) [PSYoungGen: 57664K->1376K(57856K)] 497273K->440993K(651264K), 0.0019945 secs] [Times: user=0.01 sys=0.00, real=0.00 secs] 
2945.573: [GC (Allocation Failure) [PSYoungGen: 57696K->1344K(57856K)] 497313K->440961K(651264K), 0.0057949 secs] [Times: user=0.02 sys=0.00, real=0.00 secs] 
2946.004: [GC (Allocation Failure) [PSYoungGen: 57664K->1408K(57856K)] 497281K->441025K(651264K), 0.0023320 secs] [Times: user=0.01 sys=0.01, real=0.00 secs] 
2946.230: [GC (Allocation Failure) [PSYoungGen: 57728K->1376K(57856K)] 497345K->440993K(651264K), 0.0022253 secs] [Times: user=0.01 sys=0.00, real=0.01 secs] 
2946.509: [GC (Allocation Failure) [PSYoungGen: 57696K->1344K(57856K)] 497313K->440961K(651264K), 0.0018583 secs] [Times: user=0.01 sys=0.00, real=0.00 secs] 
2947.587: [GC (Allocation Failure) [PSYoungGen: 57664K->1376K(57856K)] 497281K->440993K(651264K), 0.0017895 secs] [Times: user=0.01 sys=0.00, real=0.00 secs] 
2947.933: [GC (Allocation Failure) [PSYoungGen: 57696K->1376K(57856K)] 497313K->440993K(651264K), 0.0019921 secs] [Times: user=0.01 sys=0.00, real=0.00 secs] 
2948.223: [GC (Allocation Failure) [PSYoungGen: 57696K->1376K(57856K)] 497313K->440993K(651264K), 0.0019894 secs] [Times: user=0.01 sys=0.00, real=0.00 secs] 
2948.735: [GC (Allocation Failure) [PSYoungGen: 57696K->1408K(57856K)] 497313K->441025K(651264K), 0.0019301 secs] [Times: user=0.01 sys=0.00, real=0.00 secs] 
2949.509: [GC (Allocation Failure) [PSYoungGen: 57728K->1344K(57856K)] 497345K->440961K(651264K), 0.0022981 secs] [Times: user=0.01 sys=0.00, real=0.00 secs] 
2950.801: [GC (Allocation Failure) [PSYoungGen: 57664K->1408K(57856K)] 497281K->441033K(651264K), 0.0020315 secs] [Times: user=0.00 sys=0.00, real=0.01 secs] 
2951.127: [GC (Allocation Failure) [PSYoungGen: 57728K->1408K(57856K)] 497353K->441033K(651264K), 0.0021670 secs] [Times: user=0.01 sys=0.00, real=0.00 secs] 
2951.369: [GC (Allocation Failure) [PSYoungGen: 57728K->1376K(57856K)] 497353K->441001K(651264K), 0.0021207 secs] [Times: user=0.00 sys=0.00, real=0.00 secs] 
2951.645: [GC (Allocation Failure) [PSYoungGen: 57696K->1376K(57856K)] 497321K->441001K(651264K), 0.0021272 secs] [Times: user=0.01 sys=0.00, real=0.00 secs] 
2951.880: [GC (Allocation Failure) [PSYoungGen: 57696K->1344K(57856K)] 497321K->440969K(651264K), 0.0020813 secs] [Times: user=0.01 sys=0.00, real=0.01 secs] 
2952.931: [GC (Allocation Failure) [PSYoungGen: 57664K->1440K(57856K)] 497289K->441065K(651264K), 0.0018949 secs] [Times: user=0.01 sys=0.00, real=0.01 secs] 
2953.618: [GC (Allocation Failure) [PSYoungGen: 57760K->1376K(57856K)] 497385K->441001K(651264K), 0.0037698 secs] [Times: user=0.02 sys=0.00, real=0.01 secs] 
2954.336: [GC (Allocation Failure) [PSYoungGen: 57696K->1344K(57856K)] 497321K->440969K(651264K), 0.0057649 secs] [Times: user=0.02 sys=0.00, real=0.00 secs] 
2955.069: [GC (Allocation Failure) [PSYoungGen: 57664K->1408K(57856K)] 497289K->441033K(651264K), 0.0043708 secs] [Times: user=0.02 sys=0.00, real=0.01 secs] 
2955.658: [GC (Allocation Failure) [PSYoungGen: 57728K->1360K(57856K)] 497353K->440985K(651264K), 0.0043677 secs] [Times: user=0.02 sys=0.00, real=0.01 secs] 
2957.050: [GC (Allocation Failure) [PSYoungGen: 57680K->1408K(57856K)] 497305K->441033K(651264K), 0.0026266 secs] [Times: user=0.01 sys=0.00, real=0.01 secs] 
2958.205: [GC (Allocation Failure) [PSYoungGen: 57728K->1376K(57856K)] 497353K->441001K(651264K), 0.0059635 secs] [Times: user=0.03 sys=0.00, real=0.00 secs] 
2959.202: [GC (Allocation Failure) [PSYoungGen: 57696K->1376K(57856K)] 497321K->441001K(651264K), 0.0046420 secs] [Times: user=0.02 sys=0.01, real=0.00 secs] 
2959.785: [GC (Allocation Failure) [PSYoungGen: 57696K->1408K(57856K)] 497321K->441033K(651264K), 0.0033718 secs] [Times: user=0.01 sys=0.00, real=0.00 secs] 
2960.319: [GC (Allocation Failure) [PSYoungGen: 57728K->1408K(57856K)] 497353K->441033K(651264K), 0.0028739 secs] [Times: user=0.02 sys=0.00, real=0.01 secs] 
2961.755: [GC (Allocation Failure) [PSYoungGen: 57728K->1408K(57856K)] 497353K->441033K(651264K), 0.0016602 secs] [Times: user=0.01 sys=0.00, real=0.00 secs] 
2961.989: [GC (Allocation Failure) [PSYoungGen: 57728K->1440K(57856K)] 497353K->441065K(651264K), 0.0018484 secs] [Times: user=0.01 sys=0.01, real=0.00 secs] 
2962.223: [GC (Allocation Failure) [PSYoungGen: 57760K->1408K(57856K)] 497385K->441041K(651264K), 0.0019086 secs] [Times: user=0.01 sys=0.00, real=0.00 secs] 
2962.483: [GC (Allocation Failure) [PSYoungGen: 57728K->1424K(57856K)] 497361K->441057K(651264K), 0.0019054 secs] [Times: user=0.01 sys=0.00, real=0.00 secs] 
2962.717: [GC (Allocation Failure) [PSYoungGen: 57744K->1376K(57856K)] 497377K->441009K(651264K), 0.0030064 secs] [Times: user=0.01 sys=0.00, real=0.00 secs] 
2963.876: [GC (Allocation Failure) [PSYoungGen: 57696K->1440K(57856K)] 497329K->441073K(651264K), 0.0019261 secs] [Times: user=0.01 sys=0.00, real=0.00 secs] 
2964.685: [GC (Allocation Failure) [PSYoungGen: 57760K->1376K(57856K)] 497393K->441009K(651264K), 0.0032562 secs] [Times: user=0.02 sys=0.00, real=0.00 secs] 
2965.281: [GC (Allocation Failure) [PSYoungGen: 57696K->1344K(57856K)] 497329K->440977K(651264K), 0.0031389 secs] [Times: user=0.01 sys=0.00, real=0.01 secs] 
2965.759: [GC (Allocation Failure) [PSYoungGen: 57664K->1376K(57856K)] 497297K->441009K(651264K), 0.0066010 secs] [Times: user=0.02 sys=0.00, real=0.01 secs] 
2966.219: [GC (Allocation Failure) [PSYoungGen: 57696K->1376K(57856K)] 497329K->441009K(651264K), 0.0024406 secs] [Times: user=0.01 sys=0.00, real=0.00 secs] 
2967.665: [GC (Allocation Failure) [PSYoungGen: 57696K->1440K(57856K)] 497329K->441073K(651264K), 0.0023690 secs] [Times: user=0.01 sys=0.00, real=0.00 secs] 
2968.780: [GC (Allocation Failure) [PSYoungGen: 57760K->1376K(57856K)] 497393K->441009K(651264K), 0.0046961 secs] [Times: user=0.02 sys=0.00, real=0.01 secs] 
2970.089: [GC (Allocation Failure) [PSYoungGen: 57696K->1344K(57856K)] 497329K->440977K(651264K), 0.0059573 secs] [Times: user=0.02 sys=0.00, real=0.01 secs] 
2970.936: [GC (Allocation Failure) [PSYoungGen: 57664K->1392K(57856K)] 497297K->441025K(651264K), 0.0048605 secs] [Times: user=0.02 sys=0.00, real=0.00 secs] 
2971.764: [GC (Allocation Failure) [PSYoungGen: 57712K->1376K(57856K)] 497345K->441009K(651264K), 0.0037488 secs] [Times: user=0.02 sys=0.00, real=0.00 secs] 
2972.936: [GC (Allocation Failure) [PSYoungGen: 57696K->1376K(57856K)] 497329K->441017K(651264K), 0.0016922 secs] [Times: user=0.01 sys=0.00, real=0.00 secs] 
2973.498: [GC (Allocation Failure) [PSYoungGen: 57696K->1376K(57856K)] 497337K->441017K(651264K), 0.0021260 secs] [Times: user=0.01 sys=0.00, real=0.00 secs] 
2974.008: [GC (Allocation Failure) [PSYoungGen: 57696K->1392K(57856K)] 497337K->441033K(651264K), 0.0043653 secs] [Times: user=0.02 sys=0.00, real=0.01 secs] 
2974.418: [GC (Allocation Failure) [PSYoungGen: 57712K->1376K(57856K)] 497353K->441017K(651264K), 0.0026089 secs] [Times: user=0.01 sys=0.00, real=0.00 secs] 
2974.653: [GC (Allocation Failure) [PSYoungGen: 57696K->1376K(57856K)] 497337K->441017K(651264K), 0.0021281 secs] [Times: user=0.01 sys=0.00, real=0.00 secs] 
2975.823: [GC (Allocation Failure) [PSYoungGen: 57696K->1392K(57856K)] 497337K->441033K(651264K), 0.0027930 secs] [Times: user=0.01 sys=0.00, real=0.00 secs] 
2977.217: [GC (Allocation Failure) [PSYoungGen: 57712K->1376K(57856K)] 497353K->441017K(651264K), 0.0056144 secs] [Times: user=0.02 sys=0.00, real=0.01 secs] 
2978.017: [GC (Allocation Failure) [PSYoungGen: 57696K->1376K(57856K)] 497337K->441017K(651264K), 0.0045721 secs] [Times: user=0.02 sys=0.00, real=0.01 secs] 
2978.569: [GC (Allocation Failure) [PSYoungGen: 57696K->1376K(57856K)] 497337K->441017K(651264K), 0.0034428 secs] [Times: user=0.01 sys=0.00, real=0.01 secs] 
2979.238: [GC (Allocation Failure) [PSYoungGen: 57696K->1360K(57856K)] 497337K->441001K(651264K), 0.0044158 secs] [Times: user=0.02 sys=0.00, real=0.01 secs] 
2980.663: [GC (Allocation Failure) [PSYoungGen: 57680K->896K(57856K)] 497321K->441561K(651264K), 0.0020459 secs] [Times: user=0.01 sys=0.00, real=0.00 secs] 
2980.944: [GC (Allocation Failure) [PSYoungGen: 57216K->352K(57344K)] 497881K->441017K(650752K), 0.0023363 secs] [Times: user=0.01 sys=0.00, real=0.00 secs] 
2981.177: [GC (Allocation Failure) [PSYoungGen: 56160K->352K(57856K)] 496825K->441017K(651264K), 0.0020686 secs] [Times: user=0.00 sys=0.00, real=0.00 secs] 
2981.451: [GC (Allocation Failure) [PSYoungGen: 56160K->352K(57856K)] 496825K->441017K(651264K), 0.0023760 secs] [Times: user=0.01 sys=0.00, real=0.01 secs] 
2981.683: [GC (Allocation Failure) [PSYoungGen: 56160K->384K(57856K)] 496825K->441057K(651264K), 0.0020247 secs] [Times: user=0.01 sys=0.00, real=0.00 secs] 
2982.722: [GC (Allocation Failure) [PSYoungGen: 56192K->1920K(57344K)] 496865K->443105K(650752K), 0.0037871 secs] [Times: user=0.02 sys=0.00, real=0.00 secs] 
2983.665: [GC (Allocation Failure) [PSYoungGen: 57216K->1408K(57856K)] 498401K->442593K(651264K), 0.0026431 secs] [Times: user=0.01 sys=0.00, real=0.00 secs] 
2984.129: [GC (Allocation Failure) [PSYoungGen: 56704K->1408K(57856K)] 497889K->442593K(651264K), 0.0024751 secs] [Times: user=0.01 sys=0.00, real=0.00 secs] 
2984.593: [GC (Allocation Failure) [PSYoungGen: 56704K->1344K(57856K)] 497889K->442529K(651264K), 0.0027055 secs] [Times: user=0.01 sys=0.00, real=0.00 secs] 
2985.072: [GC (Allocation Failure) [PSYoungGen: 56640K->1376K(57856K)] 497825K->442561K(651264K), 0.0026820 secs] [Times: user=0.02 sys=0.00, real=0.00 secs] 
2986.203: [GC (Allocation Failure) [PSYoungGen: 56672K->160K(57856K)] 497857K->441345K(651264K), 0.0014387 secs] [Times: user=0.00 sys=0.00, real=0.00 secs] 
2986.641: [GC (Allocation Failure) [PSYoungGen: 55456K->1376K(57856K)] 496641K->442561K(651264K), 0.0021291 secs] [Times: user=0.01 sys=0.00, real=0.01 secs] 
2987.143: [GC (Allocation Failure) [PSYoungGen: 56672K->1376K(57856K)] 497857K->442561K(651264K), 0.0038469 secs] [Times: user=0.02 sys=0.00, real=0.00 secs] 
2987.575: [GC (Allocation Failure) [PSYoungGen: 56672K->1376K(57856K)] 497857K->442561K(651264K), 0.0031100 secs] [Times: user=0.01 sys=0.00, real=0.00 secs] 
2988.128: [GC (Allocation Failure) [PSYoungGen: 56672K->1408K(57856K)] 497857K->442593K(651264K), 0.0031671 secs] [Times: user=0.01 sys=0.00, real=0.00 secs] 
2988.664: [GC (Allocation Failure) [PSYoungGen: 56704K->1344K(57856K)] 497889K->442529K(651264K), 0.0029350 secs] [Times: user=0.01 sys=0.00, real=0.00 secs] 
2989.999: [GC (Allocation Failure) [PSYoungGen: 56640K->1408K(57856K)] 497825K->442593K(651264K), 0.0034037 secs] [Times: user=0.01 sys=0.00, real=0.01 secs] 
2990.359: [GC (Allocation Failure) [PSYoungGen: 56704K->1344K(56832K)] 497889K->442529K(650240K), 0.0024341 secs] [Times: user=0.01 sys=0.00, real=0.01 secs] 
2990.590: [GC (Allocation Failure) [PSYoungGen: 56640K->1376K(57344K)] 497825K->442569K(650752K), 0.0021935 secs] [Times: user=0.01 sys=0.00, real=0.01 secs] 
2990.820: [GC (Allocation Failure) [PSYoungGen: 56672K->1376K(57344K)] 497865K->442569K(650752K), 0.0021322 secs] [Times: user=0.01 sys=0.00, real=0.01 secs] 
2991.050: [GC (Allocation Failure) [PSYoungGen: 56672K->1344K(57344K)] 497865K->442537K(650752K), 0.0021284 secs] [Times: user=0.01 sys=0.00, real=0.01 secs] 
2991.970: [GC (Allocation Failure) [PSYoungGen: 56640K->1440K(57344K)] 497833K->442633K(650752K), 0.0018317 secs] [Times: user=0.00 sys=0.00, real=0.00 secs] 
2992.200: [GC (Allocation Failure) [PSYoungGen: 56736K->1408K(57344K)] 497929K->442601K(650752K), 0.0017905 secs] [Times: user=0.01 sys=0.00, real=0.00 secs] 
2992.429: [GC (Allocation Failure) [PSYoungGen: 56704K->1376K(57344K)] 497897K->442569K(650752K), 0.0016473 secs] [Times: user=0.01 sys=0.00, real=0.00 secs] 
2992.699: [GC (Allocation Failure) [PSYoungGen: 56672K->1440K(57344K)] 497865K->442633K(650752K), 0.0018935 secs] [Times: user=0.01 sys=0.00, real=0.00 secs] 
2993.115: [GC (Allocation Failure) [PSYoungGen: 56736K->1472K(57344K)] 497929K->442665K(650752K), 0.0018352 secs] [Times: user=0.01 sys=0.00, real=0.00 secs] 
2994.322: [GC (Allocation Failure) [PSYoungGen: 56768K->1472K(57344K)] 497961K->442665K(650752K), 0.0018478 secs] [Times: user=0.00 sys=0.00, real=0.00 secs] 
2994.830: [GC (Allocation Failure) [PSYoungGen: 56768K->1408K(57344K)] 497961K->442601K(650752K), 0.0021407 secs] [Times: user=0.01 sys=0.00, real=0.01 secs] 
2995.393: [GC (Allocation Failure) [PSYoungGen: 56704K->1376K(57344K)] 497897K->442569K(650752K), 0.0030430 secs] [Times: user=0.01 sys=0.00, real=0.00 secs] 
2995.936: [GC (Allocation Failure) [PSYoungGen: 56672K->1312K(57344K)] 497865K->442505K(650752K), 0.0048741 secs] [Times: user=0.02 sys=0.00, real=0.00 secs] 
2996.501: [GC (Allocation Failure) [PSYoungGen: 56608K->1360K(57344K)] 497801K->442553K(650752K), 0.0034440 secs] [Times: user=0.02 sys=0.00, real=0.01 secs] 
2997.862: [GC (Allocation Failure) [PSYoungGen: 56656K->1472K(57344K)] 497849K->442665K(650752K), 0.0022456 secs] [Times: user=0.01 sys=0.00, real=0.00 secs] 
2998.805: [GC (Allocation Failure) [PSYoungGen: 56768K->1392K(57344K)] 497961K->442585K(650752K), 0.0045571 secs] [Times: user=0.02 sys=0.00, real=0.00 secs] 
2999.604: [GC (Allocation Failure) [PSYoungGen: 56688K->1472K(57344K)] 497881K->442665K(650752K), 0.0043416 secs] [Times: user=0.02 sys=0.00, real=0.00 secs] 
3000.518: [GC (Allocation Failure) [PSYoungGen: 56768K->1440K(57344K)] 497961K->442633K(650752K), 0.0045341 secs] [Times: user=0.02 sys=0.00, real=0.01 secs] 
3001.349: [GC (Allocation Failure) [PSYoungGen: 56736K->1344K(57344K)] 497929K->442537K(650752K), 0.0047049 secs] [Times: user=0.02 sys=0.00, real=0.01 secs] 
3002.601: [GC (Allocation Failure) [PSYoungGen: 56640K->1392K(57344K)] 497833K->442593K(650752K), 0.0017390 secs] [Times: user=0.00 sys=0.00, real=0.01 secs] 
3002.997: [GC (Allocation Failure) [PSYoungGen: 56688K->1376K(57344K)] 497889K->442577K(650752K), 0.0021461 secs] [Times: user=0.01 sys=0.00, real=0.00 secs] 
3003.255: [GC (Allocation Failure) [PSYoungGen: 56672K->1376K(57344K)] 497873K->442577K(650752K), 0.0021401 secs] [Times: user=0.00 sys=0.00, real=0.00 secs] 
3003.502: [GC (Allocation Failure) [PSYoungGen: 56672K->1408K(57344K)] 497873K->442609K(650752K), 0.0020241 secs] [Times: user=0.00 sys=0.00, real=0.00 secs] 
3003.756: [GC (Allocation Failure) [PSYoungGen: 56704K->1376K(57344K)] 497905K->442577K(650752K), 0.0020561 secs] [Times: user=0.01 sys=0.00, real=0.00 secs] 
3004.748: [GC (Allocation Failure) [PSYoungGen: 56672K->1408K(57344K)] 497873K->442609K(650752K), 0.0017672 secs] [Times: user=0.01 sys=0.00, real=0.00 secs] 
3005.029: [GC (Allocation Failure) [PSYoungGen: 56704K->1408K(57344K)] 497905K->442609K(650752K), 0.0018670 secs] [Times: user=0.01 sys=0.00, real=0.00 secs] 
3005.368: [GC (Allocation Failure) [PSYoungGen: 56704K->1344K(57344K)] 497905K->442545K(650752K), 0.0020353 secs] [Times: user=0.01 sys=0.00, real=0.00 secs] 
3005.788: [GC (Allocation Failure) [PSYoungGen: 56640K->1312K(57344K)] 497841K->442513K(650752K), 0.0018866 secs] [Times: user=0.01 sys=0.00, real=0.00 secs] 
3006.247: [GC (Allocation Failure) [PSYoungGen: 56608K->1376K(56832K)] 497809K->442577K(650240K), 0.0043033 secs] [Times: user=0.02 sys=0.00, real=0.00 secs] 
3007.553: [GC (Allocation Failure) [PSYoungGen: 56672K->1440K(56832K)] 497873K->442641K(650240K), 0.0030754 secs] [Times: user=0.01 sys=0.00, real=0.00 secs] 
3008.129: [GC (Allocation Failure) [PSYoungGen: 56736K->352K(56320K)] 497937K->442577K(649728K), 0.0027768 secs] [Times: user=0.01 sys=0.01, real=0.01 secs] 
3008.369: [GC (Allocation Failure) [PSYoungGen: 55648K->384K(57344K)] 497873K->442609K(650752K), 0.0022947 secs] [Times: user=0.01 sys=0.00, real=0.00 secs] 
3008.711: [GC (Allocation Failure) [PSYoungGen: 55680K->384K(57344K)] 497905K->442609K(650752K), 0.0023166 secs] [Times: user=0.01 sys=0.00, real=0.01 secs] 
3009.342: [GC (Allocation Failure) [PSYoungGen: 55680K->320K(57344K)] 497905K->442561K(650752K), 0.0024159 secs] [Times: user=0.01 sys=0.00, real=0.00 secs] 
3010.972: [GC (Allocation Failure) [PSYoungGen: 55616K->1920K(56832K)] 497857K->444169K(650240K), 0.0023302 secs] [Times: user=0.01 sys=0.00, real=0.00 secs] 
3011.613: [GC (Allocation Failure) [PSYoungGen: 56704K->1376K(57344K)] 498953K->443625K(650752K), 0.0025053 secs] [Times: user=0.01 sys=0.00, real=0.00 secs] 
3011.966: [GC (Allocation Failure) [PSYoungGen: 56160K->1376K(57344K)] 498409K->443625K(650752K), 0.0023010 secs] [Times: user=0.01 sys=0.00, real=0.00 secs] 
3012.324: [GC (Allocation Failure) [PSYoungGen: 56160K->1392K(57344K)] 498409K->443641K(650752K), 0.0023710 secs] [Times: user=0.01 sys=0.00, real=0.00 secs] 
3012.878: [GC (Allocation Failure) [PSYoungGen: 56176K->1376K(57344K)] 498425K->443625K(650752K), 0.0023165 secs] [Times: user=0.01 sys=0.00, real=0.00 secs] 
3014.264: [GC (Allocation Failure) [PSYoungGen: 56160K->208K(57344K)] 498409K->442465K(650752K), 0.0016011 secs] [Times: user=0.01 sys=0.00, real=0.00 secs] 
3014.871: [GC (Allocation Failure) [PSYoungGen: 54992K->1408K(57344K)] 497249K->443665K(650752K), 0.0035306 secs] [Times: user=0.01 sys=0.00, real=0.01 secs] 
3015.378: [GC (Allocation Failure) [PSYoungGen: 56192K->1408K(57344K)] 498449K->443665K(650752K), 0.0024410 secs] [Times: user=0.01 sys=0.00, real=0.00 secs] 
3015.837: [GC (Allocation Failure) [PSYoungGen: 56192K->1408K(57344K)] 498449K->443665K(650752K), 0.0025809 secs] [Times: user=0.01 sys=0.00, real=0.00 secs] 
3016.347: [GC (Allocation Failure) [PSYoungGen: 56192K->1376K(57344K)] 498449K->443633K(650752K), 0.0025233 secs] [Times: user=0.01 sys=0.00, real=0.00 secs] 
3016.827: [GC (Allocation Failure) [PSYoungGen: 56160K->1408K(57344K)] 498417K->443673K(650752K), 0.0025671 secs] [Times: user=0.01 sys=0.00, real=0.00 secs] 
3018.247: [GC (Allocation Failure) [PSYoungGen: 56192K->1408K(57344K)] 498457K->443673K(650752K), 0.0026579 secs] [Times: user=0.01 sys=0.00, real=0.00 secs] 
3018.868: [GC (Allocation Failure) [PSYoungGen: 56192K->1408K(57344K)] 498457K->443673K(650752K), 0.0025767 secs] [Times: user=0.01 sys=0.00, real=0.00 secs] 
3019.229: [GC (Allocation Failure) [PSYoungGen: 56192K->1376K(56320K)] 498457K->443641K(649728K), 0.0022483 secs] [Times: user=0.01 sys=0.00, real=0.00 secs] 
3019.457: [GC (Allocation Failure) [PSYoungGen: 56160K->1440K(56832K)] 498425K->443705K(650240K), 0.0021941 secs] [Times: user=0.00 sys=0.00, real=0.00 secs] 
3019.685: [GC (Allocation Failure) [PSYoungGen: 56224K->1344K(56832K)] 498489K->443617K(650240K), 0.0020401 secs] [Times: user=0.01 sys=0.00, real=0.00 secs] 
3020.804: [GC (Allocation Failure) [PSYoungGen: 56128K->1376K(56832K)] 498401K->443665K(650240K), 0.0018174 secs] [Times: user=0.01 sys=0.00, real=0.00 secs] 
3021.290: [GC (Allocation Failure) [PSYoungGen: 56160K->1376K(56832K)] 498449K->443673K(650240K), 0.0020763 secs] [Times: user=0.01 sys=0.00, real=0.01 secs] 
3021.769: [GC (Allocation Failure) [PSYoungGen: 56160K->1408K(56832K)] 498457K->443705K(650240K), 0.0020494 secs] [Times: user=0.00 sys=0.00, real=0.00 secs] 
3022.270: [GC (Allocation Failure) [PSYoungGen: 56192K->1376K(56832K)] 498489K->443673K(650240K), 0.0020779 secs] [Times: user=0.01 sys=0.00, real=0.01 secs] 
3022.498: [GC (Allocation Failure) [PSYoungGen: 56160K->1344K(56832K)] 498457K->443641K(650240K), 0.0019540 secs] [Times: user=0.01 sys=0.00, real=0.00 secs] 
3023.475: [GC (Allocation Failure) [PSYoungGen: 56128K->1392K(56832K)] 498425K->443689K(650240K), 0.0018064 secs] [Times: user=0.01 sys=0.00, real=0.00 secs] 
3023.744: [GC (Allocation Failure) [PSYoungGen: 56176K->1440K(56832K)] 498473K->443737K(650240K), 0.0016929 secs] [Times: user=0.01 sys=0.00, real=0.00 secs] 
3023.971: [GC (Allocation Failure) [PSYoungGen: 56224K->1424K(56832K)] 498521K->443721K(650240K), 0.0019452 secs] [Times: user=0.00 sys=0.00, real=0.01 secs] 
3025.708: [GC (Allocation Failure) [PSYoungGen: 56208K->848K(56832K)] 498505K->443153K(650240K), 0.0025280 secs] [Times: user=0.01 sys=0.00, real=0.00 secs] 
3025.906: [GC (Allocation Failure) [PSYoungGen: 55632K->2016K(56832K)] 497937K->445338K(650240K), 0.0042482 secs] [Times: user=0.02 sys=0.00, real=0.00 secs] 
3028.522: [GC (Allocation Failure) [PSYoungGen: 56800K->2528K(54784K)] 500122K->451815K(648192K), 0.0056675 secs] [Times: user=0.02 sys=0.01, real=0.00 secs] 
3033.106: [GC (Allocation Failure) [PSYoungGen: 54752K->5088K(57344K)] 504039K->478895K(650752K), 0.0457948 secs] [Times: user=0.22 sys=0.03, real=0.05 secs] 
3035.725: [GC (Allocation Failure) [PSYoungGen: 57312K->14816K(53760K)] 531119K->516351K(647168K), 0.0352428 secs] [Times: user=0.18 sys=0.02, real=0.03 secs] 
3036.553: [GC (Allocation Failure) [PSYoungGen: 49173K->28128K(67072K)] 550708K->542767K(660480K), 0.0411335 secs] [Times: user=0.21 sys=0.02, real=0.04 secs] 
3038.101: [GC (Allocation Failure) [PSYoungGen: 67040K->37856K(68608K)] 581679K->568623K(662016K), 0.0770019 secs] [Times: user=0.30 sys=0.15, real=0.08 secs] 
3039.599: [GC (Allocation Failure) [PSYoungGen: 68576K->51168K(81920K)] 599343K->592311K(675328K), 0.0492268 secs] [Times: user=0.23 sys=0.01, real=0.05 secs] 
3043.235: [GC (Allocation Failure) [PSYoungGen: 81888K->64480K(84992K)] 623031K->614454K(678400K), 0.0606502 secs] [Times: user=0.28 sys=0.06, real=0.06 secs] 
3045.702: [GC (Allocation Failure) [PSYoungGen: 84960K->76256K(99840K)] 634934K->627817K(693248K), 0.0601307 secs] [Times: user=0.34 sys=0.00, real=0.07 secs] 
3045.841: [GC (Allocation Failure) [PSYoungGen: 96736K->82240K(103424K)] 664681K->650373K(696832K), 0.1852921 secs] [Times: user=1.10 sys=0.01, real=0.19 secs] 
3046.041: [GC (Allocation Failure) [PSYoungGen: 92992K->82816K(116224K)] 661125K->658741K(709632K), 0.1260515 secs] [Times: user=0.73 sys=0.01, real=0.13 secs] 
3046.167: [Full GC (Ergonomics) [PSYoungGen: 82816K->0K(116224K)] [ParOldGen: 575925K->223076K(657920K)] 658741K->223076K(774144K), [Metaspace: 59875K->59779K(1105920K)], 0.5059858 secs] [Times: user=2.14 sys=0.07, real=0.51 secs] 
3046.687: [GC (Allocation Failure) [PSYoungGen: 10752K->8608K(125440K)] 233828K->231684K(783360K), 0.0113094 secs] [Times: user=0.07 sys=0.00, real=0.01 secs] 
3047.012: [GC (Allocation Failure) [PSYoungGen: 21920K->19008K(32768K)] 244996K->242084K(690688K), 0.0510838 secs] [Times: user=0.28 sys=0.00, real=0.05 secs] 
3047.306: [GC (Allocation Failure) [PSYoungGen: 32320K->20896K(115712K)] 255396K->252492K(773632K), 0.0772407 secs] [Times: user=0.46 sys=0.00, real=0.08 secs] 
3048.936: [GC (Allocation Failure) [PSYoungGen: 37280K->1309K(120832K)] 268876K->253841K(778752K), 0.0543680 secs] [Times: user=0.32 sys=0.00, real=0.05 secs] 
3049.061: [GC (Allocation Failure) [PSYoungGen: 17693K->128K(119296K)] 270225K->253756K(777216K), 0.0038044 secs] [Times: user=0.02 sys=0.00, real=0.01 secs] 
3049.114: [GC (Allocation Failure) [PSYoungGen: 20096K->96K(121344K)] 273724K->253740K(779264K), 0.0018478 secs] [Times: user=0.01 sys=0.00, real=0.00 secs] 
3049.167: [GC (Allocation Failure) [PSYoungGen: 20064K->96K(116736K)] 273708K->253756K(774656K), 0.0017604 secs] [Times: user=0.01 sys=0.00, real=0.00 secs] 
3049.423: [GC (Allocation Failure) [PSYoungGen: 24160K->2848K(119808K)] 277820K->256524K(777728K), 0.0031335 secs] [Times: user=0.01 sys=0.00, real=0.00 secs] 
3049.485: [GC (Allocation Failure) [PSYoungGen: 26912K->10752K(109056K)] 280588K->267054K(766976K), 0.0064722 secs] [Times: user=0.03 sys=0.00, real=0.00 secs] 
3049.556: [GC (Allocation Failure) [PSYoungGen: 39424K->18368K(47104K)] 295726K->284810K(705024K), 0.0137779 secs] [Times: user=0.07 sys=0.00, real=0.01 secs] 
3050.724: [GC (Allocation Failure) [PSYoungGen: 47040K->34080K(113152K)] 313482K->316731K(771072K), 0.0405588 secs] [Times: user=0.24 sys=0.00, real=0.04 secs] 
3050.888: [GC (Allocation Failure) [PSYoungGen: 68384K->26432K(113664K)] 351035K->330747K(771584K), 0.0274414 secs] [Times: user=0.16 sys=0.00, real=0.03 secs] 
3050.973: [GC (Allocation Failure) [PSYoungGen: 60736K->27488K(111104K)] 365051K->358179K(769024K), 0.0250556 secs] [Times: user=0.14 sys=0.00, real=0.02 secs] 
3051.056: [GC (Allocation Failure) [PSYoungGen: 68960K->32992K(113664K)] 399651K->399339K(771584K), 0.0174878 secs] [Times: user=0.10 sys=0.00, real=0.02 secs] 
3051.130: [GC (Allocation Failure) [PSYoungGen: 74464K->33408K(119296K)] 440811K->432835K(777216K), 0.0946500 secs] [Times: user=0.57 sys=0.00, real=0.10 secs] 
3052.998: [GC (Allocation Failure) [PSYoungGen: 78653K->17728K(120320K)] 478080K->450675K(778240K), 0.0642585 secs] [Times: user=0.38 sys=0.00, real=0.07 secs] 
3053.158: [GC (Allocation Failure) [PSYoungGen: 67904K->41088K(125440K)] 500851K->491715K(783360K), 0.0176158 secs] [Times: user=0.10 sys=0.01, real=0.02 secs] 
3054.053: [GC (Allocation Failure) [PSYoungGen: 99456K->23456K(127488K)] 550083K->515171K(785408K), 0.0287421 secs] [Times: user=0.17 sys=0.00, real=0.03 secs] 
3054.201: [GC (Allocation Failure) [PSYoungGen: 81824K->2400K(134656K)] 573539K->517611K(792576K), 0.0286040 secs] [Times: user=0.14 sys=0.00, real=0.03 secs] 
3054.311: [GC (Allocation Failure) [PSYoungGen: 72032K->36992K(134656K)] 587243K->554282K(792576K), 0.0105630 secs] [Times: user=0.05 sys=0.00, real=0.01 secs] 
3054.411: [GC (Allocation Failure) [PSYoungGen: 106624K->53728K(142848K)] 623914K->605650K(800768K), 0.0260609 secs] [Times: user=0.12 sys=0.00, real=0.03 secs] 
3054.530: [GC (Allocation Failure) [PSYoungGen: 130528K->61088K(149504K)] 682450K->662274K(807424K), 0.0341879 secs] [Times: user=0.16 sys=0.01, real=0.04 secs] 
3054.565: [Full GC (Ergonomics) [PSYoungGen: 61088K->0K(149504K)] [ParOldGen: 601186K->161017K(652800K)] 662274K->161017K(802304K), [Metaspace: 59990K->59990K(1105920K)], 0.3494823 secs] [Times: user=1.32 sys=0.00, real=0.35 secs] 
3055.063: [GC (Allocation Failure) [PSYoungGen: 76800K->57376K(167936K)] 237817K->218393K(820736K), 0.0224696 secs] [Times: user=0.10 sys=0.01, real=0.02 secs] 
3056.282: [GC (Allocation Failure) [PSYoungGen: 144416K->45216K(172544K)] 305433K->263641K(825344K), 0.0393585 secs] [Times: user=0.24 sys=0.00, real=0.04 secs] 
3057.731: [GC (Allocation Failure) [PSYoungGen: 132256K->10496K(185344K)] 350681K->274257K(838144K), 0.1692809 secs] [Times: user=1.01 sys=0.00, real=0.17 secs] 
3058.865: [GC (Allocation Failure) [PSYoungGen: 112896K->68512K(186368K)] 376657K->341342K(839168K), 0.0302210 secs] [Times: user=0.18 sys=0.00, real=0.03 secs] 
3059.063: [GC (Allocation Failure) [PSYoungGen: 170912K->81664K(200704K)] 443742K->418850K(853504K), 0.0391793 secs] [Times: user=0.21 sys=0.02, real=0.04 secs] 
3059.220: [GC (Allocation Failure) [PSYoungGen: 190208K->85600K(211968K)] 527394K->496330K(864768K), 0.0427732 secs] [Times: user=0.25 sys=0.00, real=0.05 secs] 
3060.217: [GC (Allocation Failure) [PSYoungGen: 194144K->11488K(238592K)] 604874K->507330K(891392K), 0.0389749 secs] [Times: user=0.22 sys=0.00, real=0.04 secs] 
3060.585: [GC (Allocation Failure) [PSYoungGen: 139488K->78816K(240640K)] 635330K->584992K(893440K), 0.0291768 secs] [Times: user=0.16 sys=0.00, real=0.03 secs] 
3060.827: [GC (Allocation Failure) [PSYoungGen: 206816K->101344K(256000K)] 712992K->680996K(908800K), 0.0630491 secs] [Times: user=0.22 sys=0.14, real=0.06 secs] 
3060.890: [Full GC (Ergonomics) [PSYoungGen: 101344K->0K(256000K)] [ParOldGen: 579652K->191192K(764928K)] 680996K->191192K(1020928K), [Metaspace: 60000K->60000K(1105920K)], 0.4617615 secs] [Times: user=2.16 sys=0.00, real=0.47 secs] 
3062.261: [GC (Allocation Failure) [PSYoungGen: 136704K->71872K(269824K)] 327896K->263064K(1034752K), 0.0300595 secs] [Times: user=0.17 sys=0.00, real=0.03 secs] 
3067.648: [GC (Allocation Failure) [PSYoungGen: 208576K->39680K(276992K)] 399768K->302460K(1041920K), 0.0963465 secs] [Times: user=0.57 sys=0.00, real=0.10 secs] 
3068.311: [GC (Allocation Failure) [PSYoungGen: 196864K->115168K(284160K)] 459644K->414069K(1049088K), 0.0339299 secs] [Times: user=0.20 sys=0.00, real=0.04 secs] 
3069.330: [GC (Allocation Failure) [PSYoungGen: 272352K->96032K(317440K)] 571253K->501997K(1082368K), 0.0623156 secs] [Times: user=0.34 sys=0.04, real=0.07 secs] 
3070.194: [GC (Allocation Failure) [PSYoungGen: 270624K->81888K(323072K)] 676589K->583957K(1088000K), 0.0719539 secs] [Times: user=0.42 sys=0.00, real=0.07 secs] 
3070.718: [GC (Allocation Failure) [PSYoungGen: 256480K->129696K(331264K)] 758549K->708518K(1096192K), 0.0575331 secs] [Times: user=0.33 sys=0.02, real=0.06 secs] 
3073.258: [GC (Allocation Failure) [PSYoungGen: 313504K->51456K(347136K)] 892326K->760158K(1112064K), 0.1878194 secs] [Times: user=0.81 sys=0.30, real=0.19 secs] 
3073.446: [Full GC (Ergonomics) [PSYoungGen: 51456K->0K(347136K)] [ParOldGen: 708702K->37379K(691712K)] 760158K->37379K(1038848K), [Metaspace: 60012K->60012K(1105920K)], 0.0961113 secs] [Times: user=0.37 sys=0.00, real=0.10 secs] 
3075.814: [GC (Allocation Failure) [PSYoungGen: 183808K->136768K(351232K)] 221187K->174147K(1042944K), 0.0388894 secs] [Times: user=0.14 sys=0.04, real=0.04 secs] 
3077.093: [GC (Allocation Failure) [PSYoungGen: 330816K->93152K(367616K)] 368195K->258944K(1059328K), 0.0615243 secs] [Times: user=0.36 sys=0.00, real=0.06 secs] 
3077.665: [GC (Allocation Failure) [PSYoungGen: 287200K->117440K(386560K)] 452992K->376508K(1078272K), 0.0691911 secs] [Times: user=0.40 sys=0.01, real=0.07 secs] 
3078.982: [GC (Allocation Failure) [PSYoungGen: 333504K->130752K(392192K)] 592572K->496656K(1083904K), 0.0614141 secs] [Times: user=0.37 sys=0.00, real=0.06 secs] 
3080.263: [GC (Allocation Failure) [PSYoungGen: 346816K->108896K(428544K)] 712720K->605740K(1120256K), 0.0602611 secs] [Times: user=0.33 sys=0.03, real=0.06 secs] 
3083.643: [GC (Allocation Failure) [PSYoungGen: 356192K->138816K(430592K)] 853036K->734485K(1122304K), 0.0612337 secs] [Times: user=0.36 sys=0.00, real=0.06 secs] 
3083.704: [Full GC (Ergonomics) [PSYoungGen: 138816K->0K(430592K)] [ParOldGen: 595669K->252989K(994816K)] 734485K->252989K(1425408K), [Metaspace: 60019K->60019K(1105920K)], 0.5367764 secs] [Times: user=2.38 sys=0.00, real=0.53 secs] 
3085.714: [GC (Allocation Failure) [PSYoungGen: 247296K->149024K(462336K)] 500285K->402013K(1457152K), 0.0361203 secs] [Times: user=0.16 sys=0.05, real=0.03 secs] 
3087.942: [GC (Allocation Failure) [PSYoungGen: 418848K->23008K(473088K)] 671837K->276105K(1467904K), 0.0169697 secs] [Times: user=0.10 sys=0.00, real=0.01 secs] 
3088.949: [GC (Allocation Failure) [PSYoungGen: 292832K->194112K(439808K)] 545929K->467434K(1434624K), 0.0809162 secs] [Times: user=0.38 sys=0.10, real=0.08 secs] 
3092.094: [GC (Allocation Failure) [PSYoungGen: 428096K->82912K(466432K)] 701418K->550274K(1461248K), 0.1228337 secs] [Times: user=0.72 sys=0.01, real=0.12 secs] 
3092.959: [GC (Allocation Failure) [PSYoungGen: 316896K->178912K(455680K)] 784258K->722491K(1450496K), 0.1035533 secs] [Times: user=0.61 sys=0.00, real=0.11 secs] 
3095.433: [GC (Allocation Failure) [PSYoungGen: 411872K->88000K(465920K)] 955451K->810699K(1460736K), 0.0899349 secs] [Times: user=0.49 sys=0.04, real=0.09 secs] 
3097.307: [GC (Allocation Failure) [PSYoungGen: 319978K->205184K(462848K)] 1042677K->1005120K(1457664K), 0.0810342 secs] [Times: user=0.39 sys=0.09, real=0.08 secs] 
3097.388: [Full GC (Ergonomics) [PSYoungGen: 205184K->0K(462848K)] [ParOldGen: 799936K->257818K(1084416K)] 1005120K->257818K(1547264K), [Metaspace: 60035K->60035K(1105920K)], 0.5175222 secs] [Times: user=2.08 sys=0.00, real=0.52 secs] 
3099.697: [GC (Allocation Failure) [PSYoungGen: 232147K->98227K(465920K)] 489966K->356045K(1550336K), 0.0267183 secs] [Times: user=0.15 sys=0.00, real=0.03 secs] 
3101.419: [GC (Allocation Failure) [PSYoungGen: 331187K->151104K(465920K)] 589005K->500690K(1550336K), 0.0611576 secs] [Times: user=0.36 sys=0.00, real=0.06 secs] 
3102.296: [GC (Allocation Failure) [PSYoungGen: 384064K->103584K(465920K)] 733650K->604314K(1550336K), 0.0737700 secs] [Times: user=0.43 sys=0.00, real=0.07 secs] 
3104.608: [GC (Allocation Failure) [PSYoungGen: 336544K->144832K(465920K)] 837274K->738239K(1550336K), 0.0611913 secs] [Times: user=0.36 sys=0.00, real=0.06 secs] 
3106.223: [GC (Allocation Failure) [PSYoungGen: 377792K->124896K(357888K)] 971199K->863207K(1442304K), 0.0611743 secs] [Times: user=0.36 sys=0.00, real=0.06 secs] 
3107.875: [GC (Allocation Failure) [PSYoungGen: 357856K->122720K(465920K)] 1096167K->975760K(1550336K), 0.0742541 secs] [Times: user=0.37 sys=0.07, real=0.07 secs] 
3108.659: [GC (Allocation Failure) [PSYoungGen: 364896K->151392K(456704K)] 1217936K->1127320K(1541120K), 0.0686145 secs] [Times: user=0.33 sys=0.08, real=0.07 secs] 
3108.728: [Full GC (Ergonomics) [PSYoungGen: 151392K->0K(456704K)] [ParOldGen: 975928K->167904K(1050112K)] 1127320K->167904K(1506816K), [Metaspace: 60052K->60052K(1105920K)], 0.3905896 secs] [Times: user=1.80 sys=0.00, real=0.39 secs] 
3110.948: [GC (Allocation Failure) [PSYoungGen: 242176K->104992K(478208K)] 410080K->272896K(1528320K), 0.1157215 secs] [Times: user=0.69 sys=0.00, real=0.12 secs] 
3113.707: [GC (Allocation Failure) [PSYoungGen: 371744K->189920K(456704K)] 539648K->460301K(1506816K), 0.0588479 secs] [Times: user=0.35 sys=0.00, real=0.06 secs] 
3116.067: [GC (Allocation Failure) [PSYoungGen: 456672K->110240K(478720K)] 727053K->569993K(1528832K), 0.1322841 secs] [Times: user=0.79 sys=0.00, real=0.13 secs] 
3117.903: [GC (Allocation Failure) [PSYoungGen: 362144K->175744K(428032K)] 821897K->739534K(1478144K), 0.0682014 secs] [Times: user=0.41 sys=0.00, real=0.06 secs] 
3120.115: [GC (Allocation Failure) [PSYoungGen: 427648K->116224K(477184K)] 991438K->856022K(1527296K), 0.0755678 secs] [Times: user=0.45 sys=0.00, real=0.07 secs] 
3121.369: [GC (Allocation Failure) [PSYoungGen: 364544K->928K(249344K)] 1104342K->740838K(1299456K), 0.0031356 secs] [Times: user=0.02 sys=0.00, real=0.01 secs] 
3122.491: [GC (Allocation Failure) [PSYoungGen: 249248K->169248K(465920K)] 989158K->909182K(1516032K), 0.0323967 secs] [Times: user=0.19 sys=0.00, real=0.04 secs] 
3124.077: [GC (Allocation Failure) [PSYoungGen: 402208K->12128K(465920K)] 1142142K->752094K(1516032K), 0.0082443 secs] [Times: user=0.05 sys=0.00, real=0.01 secs] 
3125.596: [GC (Allocation Failure) [PSYoungGen: 245088K->167264K(465920K)] 985054K->917130K(1516032K), 0.0362367 secs] [Times: user=0.21 sys=0.00, real=0.04 secs] 
3127.952: [GC (Allocation Failure) [PSYoungGen: 400224K->95552K(465920K)] 1150090K->1004211K(1516032K), 0.0709450 secs] [Times: user=0.42 sys=0.00, real=0.07 secs] 
3128.023: [Full GC (Ergonomics) [PSYoungGen: 95552K->0K(465920K)] [ParOldGen: 908658K->42526K(1037312K)] 1004211K->42526K(1503232K), [Metaspace: 60082K->60082K(1105920K)], 0.0851365 secs] [Times: user=0.33 sys=0.00, real=0.08 secs] 
3129.080: [GC (Allocation Failure) [PSYoungGen: 216661K->159392K(465920K)] 259188K->201918K(1503232K), 0.0517787 secs] [Times: user=0.31 sys=0.00, real=0.06 secs] 
3131.256: [GC (Allocation Failure) [PSYoungGen: 392352K->91008K(465920K)] 434878K->284846K(1503232K), 0.1322272 secs] [Times: user=0.79 sys=0.00, real=0.13 secs] 
3132.743: [GC (Allocation Failure) [PSYoungGen: 310370K->159968K(465920K)] 504209K->441363K(1503232K), 0.0479884 secs] [Times: user=0.29 sys=0.00, real=0.04 secs] 
3135.469: [GC (Allocation Failure) [PSYoungGen: 392928K->92832K(465920K)] 674323K->525479K(1503232K), 0.1678803 secs] [Times: user=1.00 sys=0.00, real=0.17 secs] 
3136.582: [GC (Allocation Failure) [PSYoungGen: 325792K->169088K(465920K)] 758439K->690388K(1503232K), 0.0497012 secs] [Times: user=0.30 sys=0.00, real=0.04 secs] 
3138.756: [GC (Allocation Failure) [PSYoungGen: 402048K->86848K(465920K)] 923348K->777156K(1503232K), 0.1571840 secs] [Times: user=0.94 sys=0.00, real=0.16 secs] 
3139.358: [GC (Allocation Failure) [PSYoungGen: 319808K->173984K(465920K)] 1010116K->947379K(1503232K), 0.0554581 secs] [Times: user=0.33 sys=0.00, real=0.06 secs] 
3142.215: [GC (Allocation Failure) [PSYoungGen: 406944K->88384K(465920K)] 1180339K->1035959K(1503232K), 0.1279009 secs] [Times: user=0.75 sys=0.00, real=0.13 secs] 
3142.343: [Full GC (Ergonomics) [PSYoungGen: 88384K->0K(465920K)] [ParOldGen: 947575K->77991K(1118208K)] 1035959K->77991K(1584128K), [Metaspace: 60087K->60087K(1105920K)], 0.1960124 secs] [Times: user=0.87 sys=0.00, real=0.19 secs] 
3144.457: [GC (Allocation Failure) [PSYoungGen: 232960K->197536K(465920K)] 310951K->275527K(1584128K), 0.1102126 secs] [Times: user=0.65 sys=0.00, real=0.11 secs] 
3148.119: [GC (Allocation Failure) [PSYoungGen: 430496K->88352K(465920K)] 508487K->331119K(1584128K), 0.1142867 secs] [Times: user=0.68 sys=0.00, real=0.12 secs] 
3149.276: [GC (Allocation Failure) [PSYoungGen: 320823K->208256K(465920K)] 563591K->533372K(1584128K), 0.0627094 secs] [Times: user=0.37 sys=0.00, real=0.06 secs] 
3151.208: [GC (Allocation Failure) [PSYoungGen: 441216K->89696K(465920K)] 766332K->588508K(1584128K), 0.1055156 secs] [Times: user=0.63 sys=0.01, real=0.11 secs] 
3153.125: [GC (Allocation Failure) [PSYoungGen: 322656K->153920K(465920K)] 821468K->736161K(1584128K), 0.0600991 secs] [Times: user=0.35 sys=0.00, real=0.06 secs] 
3154.107: [GC (Allocation Failure) [PSYoungGen: 386880K->99008K(465920K)] 969121K->835401K(1584128K), 0.0839192 secs] [Times: user=0.50 sys=0.00, real=0.08 secs] 
3156.405: [GC (Allocation Failure) [PSYoungGen: 331968K->149536K(465920K)] 1068361K->973812K(1584128K), 0.0610217 secs] [Times: user=0.36 sys=0.00, real=0.06 secs] 
3157.031: [GC (Allocation Failure) [PSYoungGen: 382496K->126560K(465920K)] 1206772K->1100416K(1584128K), 0.0612974 secs] [Times: user=0.36 sys=0.00, real=0.07 secs] 
3157.092: [Full GC (Ergonomics) [PSYoungGen: 126560K->0K(465920K)] [ParOldGen: 973856K->135060K(1211904K)] 1100416K->135060K(1677824K), [Metaspace: 60091K->60091K(1105920K)], 0.3019982 secs] [Times: user=1.38 sys=0.00, real=0.30 secs] 
3159.343: [GC (Allocation Failure) [PSYoungGen: 232960K->129280K(451584K)] 368020K->264340K(1663488K), 0.0469084 secs] [Times: user=0.28 sys=0.00, real=0.04 secs] 
3159.948: [GC (Allocation Failure) [PSYoungGen: 362240K->138688K(458752K)] 497300K->403308K(1670656K), 0.0642677 secs] [Times: user=0.38 sys=0.00, real=0.07 secs] 
3161.992: [GC (Allocation Failure) [PSYoungGen: 371648K->2880K(453632K)] 636268K->267560K(1665536K), 0.0018598 secs] [Times: user=0.01 sys=0.00, real=0.00 secs] 
3163.764: [GC (Allocation Failure) [PSYoungGen: 236864K->155680K(390144K)] 501544K->421157K(1602048K), 0.0306938 secs] [Times: user=0.18 sys=0.00, real=0.03 secs] 
3165.314: [GC (Allocation Failure) [PSYoungGen: 389664K->9792K(465920K)] 655141K->275457K(1677824K), 0.0044844 secs] [Times: user=0.02 sys=0.00, real=0.00 secs] 
3166.606: [GC (Allocation Failure) [PSYoungGen: 242752K->164800K(465920K)] 508417K->438054K(1677824K), 0.0341122 secs] [Times: user=0.20 sys=0.00, real=0.03 secs] 
3169.067: [GC (Allocation Failure) [PSYoungGen: 397760K->96960K(465920K)] 671014K->525982K(1677824K), 0.1722157 secs] [Times: user=1.03 sys=0.00, real=0.17 secs] 
3170.536: [GC (Allocation Failure) [PSYoungGen: 322354K->163168K(465920K)] 751376K->686623K(1677824K), 0.0511812 secs] [Times: user=0.30 sys=0.00, real=0.05 secs] 
3172.177: [GC (Allocation Failure) [PSYoungGen: 396128K->91360K(465920K)] 919583K->769871K(1677824K), 0.1254993 secs] [Times: user=0.75 sys=0.00, real=0.13 secs] 
3172.897: [GC (Allocation Failure) [PSYoungGen: 324320K->185664K(465920K)] 1002831K->951812K(1677824K), 0.0509815 secs] [Times: user=0.30 sys=0.00, real=0.05 secs] 
3177.323: [GC (Allocation Failure) [PSYoungGen: 418624K->85408K(465920K)] 1184772K->1020936K(1677824K), 0.1720434 secs] [Times: user=1.03 sys=0.00, real=0.17 secs] 
3178.546: [GC (Allocation Failure) [PSYoungGen: 318368K->169600K(465920K)] 1253896K->1186504K(1677824K), 0.0572362 secs] [Times: user=0.32 sys=0.02, real=0.06 secs] 
3178.603: [Full GC (Ergonomics) [PSYoungGen: 169600K->0K(465920K)] [ParOldGen: 1016904K->220616K(1344512K)] 1186504K->220616K(1810432K), [Metaspace: 60110K->60110K(1105920K)], 0.5188696 secs] [Times: user=2.45 sys=0.00, real=0.52 secs] 
3181.130: [GC (Allocation Failure) [PSYoungGen: 229493K->82656K(465920K)] 450109K->303272K(1810432K), 0.1204499 secs] [Times: user=0.71 sys=0.00, real=0.12 secs] 
3181.809: [GC (Allocation Failure) [PSYoungGen: 315616K->172128K(465920K)] 536232K->470957K(1810432K), 0.0766418 secs] [Times: user=0.45 sys=0.00, real=0.08 secs] 
3186.390: [GC (Allocation Failure) [PSYoungGen: 405088K->79072K(465920K)] 703917K->550189K(1810432K), 0.1308498 secs] [Times: user=0.78 sys=0.00, real=0.13 secs] 
3186.817: [GC (Allocation Failure) [PSYoungGen: 312032K->179040K(465920K)] 783149K->723054K(1810432K), 0.0567973 secs] [Times: user=0.34 sys=0.00, real=0.06 secs] 
3190.183: [GC (Allocation Failure) [PSYoungGen: 412000K->82624K(465920K)] 956014K->805846K(1810432K), 0.1136333 secs] [Times: user=0.68 sys=0.00, real=0.11 secs] 
3190.879: [GC (Allocation Failure) [PSYoungGen: 312890K->205312K(465920K)] 1036112K->1004567K(1810432K), 0.0611783 secs] [Times: user=0.37 sys=0.00, real=0.06 secs] 
3192.446: [GC (Allocation Failure) [PSYoungGen: 438272K->92800K(465920K)] 1237527K->1062463K(1810432K), 0.0767260 secs] [Times: user=0.46 sys=0.00, real=0.08 secs] 
3194.855: [GC (Allocation Failure) [PSYoungGen: 325760K->151168K(465920K)] 1295423K->1207358K(1810432K), 0.0699243 secs] [Times: user=0.36 sys=0.06, real=0.07 secs] 
3195.845: [GC (Allocation Failure) [PSYoungGen: 384128K->106656K(465920K)] 1440318K->1313846K(1810432K), 0.0691952 secs] [Times: user=0.36 sys=0.04, real=0.07 secs] 
3195.914: [Full GC (Ergonomics) [PSYoungGen: 106656K->0K(465920K)] [ParOldGen: 1207190K->123310K(1296384K)] 1313846K->123310K(1762304K), [Metaspace: 60130K->60130K(1105920K)], 0.2738656 secs] [Times: user=1.24 sys=0.00, real=0.27 secs] 
3198.482: [GC (Allocation Failure) [PSYoungGen: 232960K->141152K(465920K)] 356270K->264470K(1762304K), 0.0505079 secs] [Times: user=0.30 sys=0.01, real=0.05 secs] 
3199.678: [GC (Allocation Failure) [PSYoungGen: 374112K->121184K(461824K)] 497430K->385822K(1758208K), 0.0709759 secs] [Times: user=0.42 sys=0.00, real=0.07 secs] 
3202.453: [GC (Allocation Failure) [PSYoungGen: 354144K->126624K(359936K)] 618782K->502227K(1656320K), 0.0621319 secs] [Times: user=0.37 sys=0.00, real=0.06 secs] 
3203.134: [GC (Allocation Failure) [PSYoungGen: 359584K->142112K(463360K)] 735187K->644539K(1759744K), 0.0580237 secs] [Times: user=0.34 sys=0.01, real=0.06 secs] 
3205.231: [GC (Allocation Failure) [PSYoungGen: 384800K->4864K(459776K)] 887227K->507343K(1756160K), 0.0033272 secs] [Times: user=0.01 sys=0.01, real=0.01 secs] 
3208.378: [GC (Allocation Failure) [PSYoungGen: 247552K->173632K(462336K)] 750031K->678627K(1758720K), 0.0334803 secs] [Times: user=0.20 sys=0.01, real=0.03 secs] 
3210.082: [GC (Allocation Failure) [PSYoungGen: 406592K->99776K(465920K)] 911587K->760763K(1762304K), 0.1650783 secs] [Times: user=0.98 sys=0.00, real=0.16 secs] 
3210.673: [GC (Allocation Failure) [PSYoungGen: 322747K->164448K(464384K)] 983735K->922968K(1760768K), 0.0527057 secs] [Times: user=0.31 sys=0.00, real=0.05 secs] 
3213.309: [GC (Allocation Failure) [PSYoungGen: 397408K->90560K(465920K)] 1155928K->1005336K(1762304K), 0.1570975 secs] [Times: user=0.93 sys=0.00, real=0.16 secs] 
3215.089: [GC (Allocation Failure) [PSYoungGen: 315257K->159648K(464384K)] 1230034K->1162237K(1760768K), 0.0492682 secs] [Times: user=0.30 sys=0.00, real=0.05 secs] 
3216.528: [GC (Allocation Failure) [PSYoungGen: 392608K->97696K(330752K)] 1395197K->1251477K(1627136K), 0.1377837 secs] [Times: user=0.82 sys=0.00, real=0.14 secs] 
3216.665: [Full GC (Ergonomics) [PSYoungGen: 97696K->0K(330752K)] [ParOldGen: 1153781K->50391K(1257472K)] 1251477K->50391K(1588224K), [Metaspace: 60154K->60154K(1105920K)], 0.1324910 secs] [Times: user=0.57 sys=0.00, real=0.13 secs] 
3217.307: [GC (Allocation Failure) [PSYoungGen: 232960K->168192K(458240K)] 283351K->218583K(1715712K), 0.0360819 secs] [Times: user=0.21 sys=0.00, real=0.04 secs] 
3220.941: [GC (Allocation Failure) [PSYoungGen: 398080K->79840K(462848K)] 448471K->298175K(1720320K), 0.1818314 secs] [Times: user=1.08 sys=0.00, real=0.19 secs] 
3221.734: [GC (Allocation Failure) [PSYoungGen: 309728K->171264K(464896K)] 528063K->465972K(1722368K), 0.0540670 secs] [Times: user=0.32 sys=0.00, real=0.05 secs] 
3223.570: [GC (Allocation Failure) [PSYoungGen: 404224K->89376K(465920K)] 698932K->555352K(1723392K), 0.1144728 secs] [Times: user=0.68 sys=0.00, real=0.12 secs] 
3223.967: [GC (Allocation Failure) [PSYoungGen: 322336K->179264K(465920K)] 788312K->728069K(1723392K), 0.0590193 secs] [Times: user=0.35 sys=0.00, real=0.06 secs] 
3227.831: [GC (Allocation Failure) [PSYoungGen: 412224K->78880K(465920K)] 961029K->807085K(1723392K), 0.1180819 secs] [Times: user=0.70 sys=0.00, real=0.12 secs] 
3228.392: [GC (Allocation Failure) [PSYoungGen: 311184K->208192K(465920K)] 1039389K->1008874K(1723392K), 0.0569924 secs] [Times: user=0.34 sys=0.00, real=0.05 secs] 
3231.026: [GC (Allocation Failure) [PSYoungGen: 441152K->87584K(465920K)] 1241834K->1062522K(1723392K), 0.0998609 secs] [Times: user=0.59 sys=0.00, real=0.10 secs] 
3232.899: [GC (Allocation Failure) [PSYoungGen: 320544K->156352K(465920K)] 1295482K->1212455K(1723392K), 0.0605717 secs] [Times: user=0.36 sys=0.00, real=0.06 secs] 
3232.960: [Full GC (Ergonomics) [PSYoungGen: 156352K->0K(465920K)] [ParOldGen: 1056103K->252995K(1398272K)] 1212455K->252995K(1864192K), [Metaspace: 60156K->60156K(1105920K)], 0.5406215 secs] [Times: user=2.39 sys=0.00, real=0.54 secs] 
3235.791: [GC (Allocation Failure) [PSYoungGen: 225573K->93312K(465920K)] 478568K->346307K(1864192K), 0.0276386 secs] [Times: user=0.16 sys=0.01, real=0.03 secs] 
3237.015: [GC (Allocation Failure) [PSYoungGen: 326272K->150784K(465920K)] 579267K->490364K(1864192K), 0.0601386 secs] [Times: user=0.36 sys=0.00, real=0.06 secs] 
3239.614: [GC (Allocation Failure) [PSYoungGen: 383744K->106720K(465920K)] 723324K->596892K(1864192K), 0.0812453 secs] [Times: user=0.48 sys=0.00, real=0.08 secs] 
3240.837: [GC (Allocation Failure) [PSYoungGen: 339680K->141504K(461824K)] 829852K->728089K(1860096K), 0.0606353 secs] [Times: user=0.36 sys=0.00, real=0.06 secs] 
3243.548: [GC (Allocation Failure) [PSYoungGen: 374464K->121920K(355328K)] 961049K->849757K(1753600K), 0.0635136 secs] [Times: user=0.37 sys=0.00, real=0.07 secs] 
3244.813: [GC (Allocation Failure) [PSYoungGen: 354880K->126848K(470016K)] 1082717K->965788K(1868288K), 0.0625434 secs] [Times: user=0.37 sys=0.00, real=0.06 secs] 
3246.918: [GC (Allocation Failure) [PSYoungGen: 375168K->153376K(460800K)] 1214108K->1118892K(1859072K), 0.0599977 secs] [Times: user=0.35 sys=0.00, real=0.06 secs] 
3249.876: [GC (Allocation Failure) [PSYoungGen: 401696K->15136K(462848K)] 1367212K->980692K(1861120K), 0.0053803 secs] [Times: user=0.02 sys=0.00, real=0.01 secs] 
3250.976: [GC (Allocation Failure) [PSYoungGen: 251480K->169664K(419328K)] 1217037K->1148310K(1817600K), 0.0438657 secs] [Times: user=0.26 sys=0.00, real=0.04 secs] 
3253.589: [GC (Allocation Failure) [PSYoungGen: 419008K->105856K(473600K)] 1397654K->1245918K(1871872K), 0.1263738 secs] [Times: user=0.75 sys=0.00, real=0.13 secs] 
3254.679: [GC (Allocation Failure) [PSYoungGen: 346496K->173344K(465920K)] 1486558K->1416103K(1864192K), 0.1428819 secs] [Times: user=0.72 sys=0.05, real=0.14 secs] 
3254.822: [Full GC (Ergonomics) [PSYoungGen: 173344K->0K(465920K)] [ParOldGen: 1242759K->227225K(1398272K)] 1416103K->227225K(1864192K), [Metaspace: 60158K->60158K(1105920K)], 0.5624948 secs] [Times: user=2.67 sys=0.00, real=0.57 secs] 
3257.182: [GC (Allocation Failure) [PSYoungGen: 240640K->93600K(469504K)] 467865K->320825K(1867776K), 0.0585981 secs] [Times: user=0.35 sys=0.00, real=0.06 secs] 
3258.127: [GC (Allocation Failure) [PSYoungGen: 330656K->176192K(465920K)] 557881K->491246K(1864192K), 0.1189046 secs] [Times: user=0.71 sys=0.00, real=0.12 secs] 
3260.297: [GC (Allocation Failure) [PSYoungGen: 413248K->90624K(465920K)] 728302K->582118K(1864192K), 0.0838000 secs] [Times: user=0.48 sys=0.00, real=0.08 secs] 
3261.854: [GC (Allocation Failure) [PSYoungGen: 323584K->155104K(465920K)] 815078K->730691K(1864192K), 0.0612913 secs] [Times: user=0.36 sys=0.00, real=0.06 secs] 
3264.789: [GC (Allocation Failure) [PSYoungGen: 383822K->93376K(458752K)] 959409K->823843K(1857024K), 0.0840061 secs] [Times: user=0.50 sys=0.01, real=0.09 secs] 
3265.997: [GC (Allocation Failure) [PSYoungGen: 326336K->151008K(462336K)] 1056803K->968047K(1860608K), 0.0603197 secs] [Times: user=0.36 sys=0.00, real=0.06 secs] 
3267.110: [GC (Allocation Failure) [PSYoungGen: 383968K->119680K(451072K)] 1201007K->1087551K(1849344K), 0.0697743 secs] [Times: user=0.41 sys=0.00, real=0.07 secs] 
3268.351: [GC (Allocation Failure) [PSYoungGen: 360832K->137696K(460800K)] 1328703K->1206080K(1859072K), 0.0617914 secs] [Times: user=0.37 sys=0.00, real=0.07 secs] 
3270.058: [GC (Allocation Failure) [PSYoungGen: 378848K->145440K(470528K)] 1447232K->1351248K(1868800K), 0.0620626 secs] [Times: user=0.37 sys=0.00, real=0.06 secs] 
3270.120: [Full GC (Ergonomics) [PSYoungGen: 145440K->0K(470528K)] [ParOldGen: 1205808K->161952K(1398272K)] 1351248K->161952K(1868800K), [Metaspace: 60172K->60172K(1105920K)], 0.3724127 secs] [Times: user=1.71 sys=0.00, real=0.38 secs] 
3273.055: [GC (Allocation Failure) [PSYoungGen: 264704K->116160K(477184K)] 426656K->278113K(1875456K), 0.0409530 secs] [Times: user=0.25 sys=0.00, real=0.04 secs] 
3273.774: [GC (Allocation Failure) [PSYoungGen: 380864K->188928K(462848K)] 542817K->465085K(1861120K), 0.0886388 secs] [Times: user=0.52 sys=0.01, real=0.09 secs] 
3277.059: [GC (Allocation Failure) [PSYoungGen: 445440K->102240K(477696K)] 721597K->567109K(1875968K), 0.1151860 secs] [Times: user=0.69 sys=0.00, real=0.12 secs] 
3280.473: [GC (Allocation Failure) [PSYoungGen: 356918K->216736K(451072K)] 821788K->777293K(1849344K), 0.0743799 secs] [Times: user=0.42 sys=0.02, real=0.07 secs] 
3281.725: [GC (Allocation Failure) [PSYoungGen: 449696K->91136K(465920K)] 1010253K->831901K(1864192K), 0.1014482 secs] [Times: user=0.61 sys=0.00, real=0.10 secs] 
3282.970: [GC (Allocation Failure) [PSYoungGen: 324096K->153408K(465920K)] 1064861K->978489K(1864192K), 0.0606221 secs] [Times: user=0.37 sys=0.00, real=0.06 secs] 
3284.534: [GC (Allocation Failure) [PSYoungGen: 386368K->114304K(347648K)] 1211449K->1093009K(1745920K), 0.0696088 secs] [Times: user=0.41 sys=0.00, real=0.07 secs] 
3285.745: [GC (Allocation Failure) [PSYoungGen: 347264K->133952K(471552K)] 1325969K->1216742K(1869824K), 0.0623755 secs] [Times: user=0.37 sys=0.00, real=0.06 secs] 
3288.388: [GC (Allocation Failure) [PSYoungGen: 376128K->140096K(462336K)] 1458918K->1356534K(1860608K), 0.0598497 secs] [Times: user=0.35 sys=0.00, real=0.06 secs] 
3288.448: [Full GC (Ergonomics) [PSYoungGen: 140096K->0K(462336K)] [ParOldGen: 1216438K->156693K(1398272K)] 1356534K->156693K(1860608K), [Metaspace: 60176K->60176K(1105920K)], 0.3596081 secs] [Times: user=1.66 sys=0.00, real=0.36 secs] 
3290.052: [GC (Allocation Failure) [PSYoungGen: 242176K->110208K(466432K)] 398869K->266902K(1864704K), 0.0478600 secs] [Times: user=0.28 sys=0.01, real=0.05 secs] 
3292.151: [GC (Allocation Failure) [PSYoungGen: 363136K->173440K(462848K)] 519830K->438882K(1861120K), 0.0592817 secs] [Times: user=0.34 sys=0.01, real=0.06 secs] 
3294.709: [GC (Allocation Failure) [PSYoungGen: 426368K->107808K(484352K)] 691810K->537526K(1882624K), 0.1753959 secs] [Times: user=1.04 sys=0.01, real=0.18 secs] 
3296.131: [GC (Allocation Failure) [PSYoungGen: 374560K->212032K(479232K)] 804278K->745539K(1877504K), 0.0583954 secs] [Times: user=0.35 sys=0.00, real=0.06 secs] 
3299.288: [GC (Allocation Failure) [PSYoungGen: 473291K->104288K(453632K)] 1006799K->833491K(1851904K), 0.1070359 secs] [Times: user=0.64 sys=0.00, real=0.11 secs] 
3301.010: [GC (Allocation Failure) [PSYoungGen: 338272K->151296K(466432K)] 1067475K->978552K(1864704K), 0.0646086 secs] [Times: user=0.38 sys=0.00, real=0.07 secs] 
3302.980: [GC (Allocation Failure) [PSYoungGen: 385280K->103328K(456704K)] 1212536K->1081704K(1854976K), 0.0864960 secs] [Times: user=0.51 sys=0.01, real=0.09 secs] 
3304.202: [GC (Allocation Failure) [PSYoungGen: 341920K->145536K(463872K)] 1320296K->1216277K(1862144K), 0.0620524 secs] [Times: user=0.36 sys=0.00, real=0.06 secs] 
3307.096: [GC (Allocation Failure) [PSYoungGen: 384128K->124704K(459776K)] 1454869K->1340933K(1858048K), 0.0640504 secs] [Times: user=0.38 sys=0.00, real=0.06 secs] 
3307.161: [Full GC (Ergonomics) [PSYoungGen: 124704K->0K(459776K)] [ParOldGen: 1216229K->141818K(1398272K)] 1340933K->141818K(1858048K), [Metaspace: 60177K->60177K(1105920K)], 0.3210958 secs] [Times: user=1.48 sys=0.00, real=0.33 secs] 
3308.622: [GC (Allocation Failure) [PSYoungGen: 253952K->126784K(467456K)] 395770K->268602K(1865728K), 0.0435516 secs] [Times: user=0.26 sys=0.01, real=0.04 secs] 
3310.257: [GC (Allocation Failure) [PSYoungGen: 380736K->174336K(477184K)] 522554K->441743K(1875456K), 0.0647260 secs] [Times: user=0.39 sys=0.00, real=0.07 secs] 
3312.267: [GC (Allocation Failure) [PSYoungGen: 444160K->122144K(484352K)] 711567K->554967K(1882624K), 0.1558418 secs] [Times: user=0.92 sys=0.00, real=0.16 secs] 
3313.900: [GC (Allocation Failure) [PSYoungGen: 391968K->209888K(442880K)] 824791K->782100K(1841152K), 0.0780553 secs] [Times: user=0.44 sys=0.02, real=0.08 secs] 
3316.346: [GC (Allocation Failure) [PSYoungGen: 442848K->92736K(465920K)] 1015060K->834196K(1864192K), 0.0980869 secs] [Times: user=0.58 sys=0.00, real=0.10 secs] 
3317.571: [GC (Allocation Failure) [PSYoungGen: 325696K->151456K(465920K)] 1067156K->979401K(1864192K), 0.0607735 secs] [Times: user=0.37 sys=0.00, real=0.06 secs] 
3319.380: [GC (Allocation Failure) [PSYoungGen: 384416K->107296K(465920K)] 1212361K->1086505K(1864192K), 0.0721850 secs] [Times: user=0.42 sys=0.00, real=0.08 secs] 
3320.697: [GC (Allocation Failure) [PSYoungGen: 340256K->141152K(465920K)] 1319465K->1217093K(1864192K), 0.0617390 secs] [Times: user=0.37 sys=0.00, real=0.06 secs] 
3323.186: [GC (Allocation Failure) [PSYoungGen: 374112K->119776K(465920K)] 1450053K->1336957K(1864192K), 0.0649057 secs] [Times: user=0.38 sys=0.01, real=0.06 secs] 
3323.250: [Full GC (Ergonomics) [PSYoungGen: 119776K->0K(465920K)] [ParOldGen: 1217181K->137411K(1398272K)] 1336957K->137411K(1864192K), [Metaspace: 60178K->60178K(1105920K)], 0.3047501 secs] [Times: user=1.40 sys=0.00, real=0.31 secs] 
3324.692: [GC (Allocation Failure) [PSYoungGen: 232960K->128416K(465920K)] 370371K->265827K(1864192K), 0.0437397 secs] [Times: user=0.26 sys=0.00, real=0.04 secs] 
3327.249: [GC (Allocation Failure) [PSYoungGen: 361376K->138720K(371712K)] 498787K->404695K(1769984K), 0.0622288 secs] [Times: user=0.37 sys=0.00, real=0.06 secs] 
3328.452: [GC (Allocation Failure) [PSYoungGen: 371680K->3232K(459776K)] 637655K->269355K(1858048K), 0.0025914 secs] [Times: user=0.01 sys=0.00, real=0.00 secs] 
3330.275: [GC (Allocation Failure) [PSYoungGen: 233120K->152320K(462848K)] 499243K->419776K(1861120K), 0.0302294 secs] [Times: user=0.18 sys=0.00, real=0.03 secs] 
3331.510: [GC (Allocation Failure) [PSYoungGen: 382208K->102784K(465920K)] 649664K->513280K(1864192K), 0.0681090 secs] [Times: user=0.40 sys=0.01, real=0.07 secs] 
3333.869: [GC (Allocation Failure) [PSYoungGen: 335744K->167616K(465920K)] 746240K->678644K(1864192K), 0.0538525 secs] [Times: user=0.32 sys=0.00, real=0.06 secs] 
3335.229: [GC (Allocation Failure) [PSYoungGen: 400576K->101152K(465920K)] 911604K->762196K(1864192K), 0.0904719 secs] [Times: user=0.54 sys=0.00, real=0.09 secs] 
3336.717: [GC (Allocation Failure) [PSYoungGen: 332776K->165888K(465920K)] 993821K->926198K(1864192K), 0.1490639 secs] [Times: user=0.88 sys=0.01, real=0.15 secs] 
3338.782: [GC (Allocation Failure) [PSYoungGen: 398848K->96032K(465920K)] 1159158K->1013882K(1864192K), 0.1755445 secs] [Times: user=1.05 sys=0.00, real=0.17 secs] 
3339.928: [GC (Allocation Failure) [PSYoungGen: 328992K->167968K(465920K)] 1246842K->1178035K(1864192K), 0.0513939 secs] [Times: user=0.30 sys=0.00, real=0.05 secs] 
3342.818: [GC (Allocation Failure) [PSYoungGen: 400928K->83840K(465920K)] 1410995K->1261587K(1864192K), 0.1674058 secs] [Times: user=0.98 sys=0.01, real=0.17 secs] 
3342.985: [Full GC (Ergonomics) [PSYoungGen: 83840K->0K(465920K)] [ParOldGen: 1177747K->57696K(1398272K)] 1261587K->57696K(1864192K), [Metaspace: 60183K->60183K(1105920K)], 0.1505812 secs] [Times: user=0.68 sys=0.00, real=0.15 secs] 
3344.301: [GC (Allocation Failure) [PSYoungGen: 232960K->173248K(465920K)] 290656K->230944K(1864192K), 0.0366111 secs] [Times: user=0.22 sys=0.00, real=0.04 secs] 
3347.600: [GC (Allocation Failure) [PSYoungGen: 406208K->85824K(465920K)] 463904K->316880K(1864192K), 0.1403413 secs] [Times: user=0.84 sys=0.00, real=0.14 secs] 
3348.073: [GC (Allocation Failure) [PSYoungGen: 318784K->192832K(465920K)] 549840K->503844K(1864192K), 0.0583871 secs] [Times: user=0.35 sys=0.00, real=0.06 secs] 
3350.755: [GC (Allocation Failure) [PSYoungGen: 425792K->84224K(465920K)] 736804K->571476K(1864192K), 0.1234662 secs] [Times: user=0.73 sys=0.00, real=0.12 secs] 
3352.962: [GC (Allocation Failure) [PSYoungGen: 314334K->206560K(465920K)] 801587K->771593K(1864192K), 0.0609001 secs] [Times: user=0.37 sys=0.00, real=0.06 secs] 
3356.498: [GC (Allocation Failure) [PSYoungGen: 439520K->83072K(465920K)] 1004553K->820073K(1864192K), 0.1006972 secs] [Times: user=0.60 sys=0.00, real=0.10 secs] 
3358.008: [GC (Allocation Failure) [PSYoungGen: 316032K->160896K(465920K)] 1053033K->974232K(1864192K), 0.0598265 secs] [Times: user=0.35 sys=0.01, real=0.06 secs] 
3359.656: [GC (Allocation Failure) [PSYoungGen: 393856K->100992K(465920K)] 1207192K->1075280K(1864192K), 0.0688265 secs] [Times: user=0.41 sys=0.00, real=0.07 secs] 
3361.504: [GC (Allocation Failure) [PSYoungGen: 333952K->146400K(465920K)] 1308240K->1211557K(1864192K), 0.0608683 secs] [Times: user=0.36 sys=0.00, real=0.06 secs] 
3364.119: [GC (Allocation Failure) [PSYoungGen: 379360K->114368K(465920K)] 1444517K->1326029K(1864192K), 0.0733765 secs] [Times: user=0.44 sys=0.00, real=0.08 secs] 
3364.192: [Full GC (Ergonomics) [PSYoungGen: 114368K->0K(465920K)] [ParOldGen: 1211661K->129045K(1398272K)] 1326029K->129045K(1864192K), [Metaspace: 60198K->60198K(1105920K)], 0.3161059 secs] [Times: user=1.45 sys=0.00, real=0.31 secs] 
3365.633: [GC (Allocation Failure) [PSYoungGen: 232960K->134560K(367616K)] 362005K->263605K(1765888K), 0.0482966 secs] [Times: user=0.28 sys=0.00, real=0.04 secs] 
3367.950: [GC (Allocation Failure) [PSYoungGen: 367520K->136384K(468992K)] 496565K->399545K(1867264K), 0.0704442 secs] [Times: user=0.42 sys=0.00, real=0.07 secs] 
3369.178: [GC (Allocation Failure) [PSYoungGen: 377024K->2464K(461312K)] 640185K->265745K(1859584K), 0.0019860 secs] [Times: user=0.01 sys=0.00, real=0.00 secs] 
3371.678: [GC (Allocation Failure) [PSYoungGen: 243104K->161984K(465920K)] 506385K->426310K(1864192K), 0.0309806 secs] [Times: user=0.19 sys=0.00, real=0.03 secs] 
3372.918: [GC (Allocation Failure) [PSYoungGen: 394944K->106112K(339456K)] 659270K->514966K(1737728K), 0.0712964 secs] [Times: user=0.43 sys=0.00, real=0.07 secs] 
3374.590: [GC (Allocation Failure) [PSYoungGen: 339072K->162496K(459776K)] 747926K->675747K(1858048K), 0.0544645 secs] [Times: user=0.32 sys=0.00, real=0.06 secs] 
3376.294: [GC (Allocation Failure) [PSYoungGen: 392094K->99232K(462848K)] 905345K->765739K(1861120K), 0.1595112 secs] [Times: user=0.95 sys=0.00, real=0.16 secs] 
3377.486: [GC (Allocation Failure) [PSYoungGen: 319571K->159808K(460800K)] 986078K->922751K(1859072K), 0.0514872 secs] [Times: user=0.30 sys=0.01, real=0.05 secs] 
3380.248: [GC (Allocation Failure) [PSYoungGen: 392768K->91520K(463872K)] 1155711K->1005707K(1862144K), 0.1691251 secs] [Times: user=1.00 sys=0.00, real=0.17 secs] 
3381.640: [GC (Allocation Failure) [PSYoungGen: 324480K->187936K(459264K)] 1238667K->1189572K(1857536K), 0.0516090 secs] [Times: user=0.30 sys=0.01, real=0.05 secs] 
3384.433: [GC (Allocation Failure) [PSYoungGen: 420896K->86336K(465920K)] 1422532K->1259300K(1864192K), 0.1601249 secs] [Times: user=0.95 sys=0.00, real=0.16 secs] 
3384.593: [Full GC (Ergonomics) [PSYoungGen: 86336K->0K(465920K)] [ParOldGen: 1172964K->57313K(1398272K)] 1259300K->57313K(1864192K), [Metaspace: 60202K->60202K(1105920K)], 0.1545483 secs] [Times: user=0.72 sys=0.00, real=0.15 secs] 
3385.267: [GC (Allocation Failure) [PSYoungGen: 232960K->168288K(465920K)] 290273K->225601K(1864192K), 0.0355437 secs] [Times: user=0.21 sys=0.00, real=0.04 secs] 
3387.889: [GC (Allocation Failure) [PSYoungGen: 401248K->91904K(465920K)] 458561K->317017K(1864192K), 0.1357265 secs] [Times: user=0.81 sys=0.00, real=0.14 secs] 
3388.379: [GC (Allocation Failure) [PSYoungGen: 324864K->178400K(465920K)] 549977K->484619K(1864192K), 0.0578995 secs] [Times: user=0.34 sys=0.00, real=0.06 secs] 
3390.716: [GC (Allocation Failure) [PSYoungGen: 411360K->94112K(465920K)] 717579K->578655K(1864192K), 0.1089269 secs] [Times: user=0.64 sys=0.01, real=0.11 secs] 
3391.472: [GC (Allocation Failure) [PSYoungGen: 323200K->200768K(465920K)] 807743K->769428K(1864192K), 0.0624137 secs] [Times: user=0.37 sys=0.01, real=0.07 secs] 
3394.152: [GC (Allocation Failure) [PSYoungGen: 433728K->92800K(465920K)] 1002388K->827340K(1864192K), 0.0966890 secs] [Times: user=0.57 sys=0.00, real=0.10 secs] 
3396.105: [GC (Allocation Failure) [PSYoungGen: 325760K->151456K(465920K)] 1060300K->972568K(1864192K), 0.0604760 secs] [Times: user=0.36 sys=0.00, real=0.06 secs] 
3398.198: [GC (Allocation Failure) [PSYoungGen: 384416K->101856K(465920K)] 1205528K->1074232K(1864192K), 0.0870478 secs] [Times: user=0.52 sys=0.00, real=0.09 secs] 
3399.430: [GC (Allocation Failure) [PSYoungGen: 334816K->145792K(465920K)] 1307192K->1209833K(1864192K), 0.0612204 secs] [Times: user=0.36 sys=0.00, real=0.06 secs] 
3401.825: [GC (Allocation Failure) [PSYoungGen: 378752K->117024K(350208K)] 1442793K->1326657K(1748480K), 0.0653345 secs] [Times: user=0.38 sys=0.00, real=0.06 secs] 
3401.890: [Full GC (Ergonomics) [PSYoungGen: 117024K->0K(350208K)] [ParOldGen: 1209633K->132612K(1398272K)] 1326657K->132612K(1748480K), [Metaspace: 60211K->60211K(1105920K)], 0.3039777 secs] [Times: user=1.39 sys=0.00, real=0.31 secs] 
3403.332: [GC (Allocation Failure) [PSYoungGen: 232960K->131264K(469504K)] 365572K->263876K(1867776K), 0.0462765 secs] [Times: user=0.27 sys=0.00, real=0.04 secs] 
3404.838: [GC (Allocation Failure) [PSYoungGen: 373440K->143360K(460288K)] 506052K->407252K(1858560K), 0.0655741 secs] [Times: user=0.38 sys=0.00, real=0.07 secs] 
3406.569: [GC (Allocation Failure) [PSYoungGen: 385536K->5760K(455168K)] 649428K->269676K(1853440K), 0.0026429 secs] [Times: user=0.01 sys=0.00, real=0.00 secs] 
3407.994: [GC (Allocation Failure) [PSYoungGen: 246400K->167648K(408576K)] 510316K->435821K(1806848K), 0.0336010 secs] [Times: user=0.19 sys=0.00, real=0.03 secs] 
3410.513: [GC (Allocation Failure) [PSYoungGen: 408288K->102944K(471552K)] 676461K->530141K(1869824K), 0.0970388 secs] [Times: user=0.58 sys=0.00, real=0.09 secs] 
3411.297: [GC (Allocation Failure) [PSYoungGen: 341536K->169760K(465920K)] 768733K->697044K(1864192K), 0.0786821 secs] [Times: user=0.47 sys=0.00, real=0.08 secs] 
3413.869: [GC (Allocation Failure) [PSYoungGen: 405236K->92992K(467968K)] 932520K->789452K(1866240K), 0.0789778 secs] [Times: user=0.40 sys=0.00, real=0.08 secs] 
3414.779: [GC (Allocation Failure) [PSYoungGen: 329536K->171808K(465920K)] 1025996K->957950K(1864192K), 0.1179582 secs] [Times: user=0.70 sys=0.00, real=0.12 secs] 
3418.563: [GC (Allocation Failure) [PSYoungGen: 408352K->81088K(465920K)] 1194494K->1038990K(1864192K), 0.1191068 secs] [Times: user=0.71 sys=0.00, real=0.12 secs] 
3420.193: [GC (Allocation Failure) [PSYoungGen: 314048K->170432K(465920K)] 1271950K->1203259K(1864192K), 0.1582553 secs] [Times: user=0.95 sys=0.00, real=0.15 secs] 
3422.733: [GC (Allocation Failure) [PSYoungGen: 403392K->87584K(465920K)] 1436219K->1290779K(1864192K), 0.1093805 secs] [Times: user=0.65 sys=0.00, real=0.11 secs] 
3422.843: [Full GC (Ergonomics) [PSYoungGen: 87584K->0K(465920K)] [ParOldGen: 1203195K->88080K(1398272K)] 1290779K->88080K(1864192K), [Metaspace: 60215K->60215K(1105920K)], 0.2004840 secs] [Times: user=0.90 sys=0.00, real=0.20 secs] 
3425.885: [GC (Allocation Failure) [PSYoungGen: 232960K->205216K(465920K)] 321040K->293296K(1864192K), 0.0847640 secs] [Times: user=0.51 sys=0.00, real=0.08 secs] 
3428.574: [GC (Allocation Failure) [PSYoungGen: 438176K->84800K(465920K)] 526256K->345296K(1864192K), 0.0998380 secs] [Times: user=0.59 sys=0.00, real=0.10 secs] 
3431.004: [GC (Allocation Failure) [PSYoungGen: 317701K->195648K(465920K)] 578197K->535285K(1864192K), 0.0665421 secs] [Times: user=0.39 sys=0.00, real=0.06 secs] 
3433.737: [GC (Allocation Failure) [PSYoungGen: 428608K->92448K(465920K)] 768245K->591093K(1864192K), 0.0966507 secs] [Times: user=0.58 sys=0.00, real=0.10 secs] 
3434.949: [GC (Allocation Failure) [PSYoungGen: 325408K->151904K(465920K)] 824053K->736522K(1864192K), 0.0601542 secs] [Times: user=0.35 sys=0.01, real=0.06 secs] 
3437.833: [GC (Allocation Failure) [PSYoungGen: 384864K->105600K(465920K)] 969482K->841778K(1864192K), 0.0821750 secs] [Times: user=0.49 sys=0.01, real=0.08 secs] 
3439.323: [GC (Allocation Failure) [PSYoungGen: 338560K->142080K(465920K)] 1074738K->973511K(1864192K), 0.0605711 secs] [Times: user=0.36 sys=0.00, real=0.06 secs] 
3440.565: [GC (Allocation Failure) [PSYoungGen: 375040K->130848K(455680K)] 1206471K->1104591K(1853952K), 0.0606696 secs] [Times: user=0.35 sys=0.00, real=0.06 secs] 
3443.547: [GC (Allocation Failure) [PSYoungGen: 363808K->116896K(460800K)] 1337551K->1210999K(1859072K), 0.0628396 secs] [Times: user=0.38 sys=0.00, real=0.06 secs] 
3445.478: [GC (Allocation Failure) [PSYoungGen: 349856K->137760K(460800K)] 1443959K->1348903K(1859072K), 0.0569869 secs] [Times: user=0.33 sys=0.00, real=0.06 secs] 
3445.535: [Full GC (Ergonomics) [PSYoungGen: 137760K->0K(460800K)] [ParOldGen: 1211143K->153325K(1398272K)] 1348903K->153325K(1859072K), [Metaspace: 60218K->60218K(1105920K)], 0.3563112 secs] [Times: user=1.65 sys=0.00, real=0.35 secs] 
3447.059: [GC (Allocation Failure) [PSYoungGen: 250368K->119296K(464896K)] 403693K->272621K(1863168K), 0.0435670 secs] [Times: user=0.26 sys=0.00, real=0.05 secs] 
3448.830: [GC (Allocation Failure) [PSYoungGen: 369664K->175424K(472576K)] 522989K->446318K(1870848K), 0.0614371 secs] [Times: user=0.37 sys=0.00, real=0.07 secs] 
3451.876: [GC (Allocation Failure) [PSYoungGen: 440128K->116608K(481792K)] 711022K->553490K(1880064K), 0.1627821 secs] [Times: user=0.97 sys=0.00, real=0.16 secs] 
3452.824: [GC (Allocation Failure) [PSYoungGen: 380240K->211936K(444928K)] 817123K->775154K(1843200K), 0.0698244 secs] [Times: user=0.40 sys=0.02, real=0.07 secs] 
3454.177: [GC (Allocation Failure) [PSYoungGen: 440100K->92928K(465920K)] 1003318K->833210K(1864192K), 0.0698462 secs] [Times: user=0.42 sys=0.00, real=0.07 secs] 
3455.780: [GC (Allocation Failure) [PSYoungGen: 325888K->151680K(465920K)] 1066170K->978486K(1864192K), 0.0608846 secs] [Times: user=0.36 sys=0.01, real=0.06 secs] 
3458.932: [GC (Allocation Failure) [PSYoungGen: 384640K->117696K(465920K)] 1211446K->1095598K(1864192K), 0.0902811 secs] [Times: user=0.53 sys=0.00, real=0.09 secs] 
3460.173: [GC (Allocation Failure) [PSYoungGen: 350656K->147040K(465920K)] 1328558K->1215595K(1864192K), 0.0615142 secs] [Times: user=0.37 sys=0.00, real=0.06 secs] 
3462.090: [GC (Allocation Failure) [PSYoungGen: 380000K->115840K(465920K)] 1448555K->1331299K(1864192K), 0.0698005 secs] [Times: user=0.41 sys=0.00, real=0.07 secs] 
3462.160: [Full GC (Ergonomics) [PSYoungGen: 115840K->0K(465920K)] [ParOldGen: 1215459K->131461K(1398272K)] 1331299K->131461K(1864192K), [Metaspace: 60218K->60218K(1105920K)], 0.2928330 secs] [Times: user=1.34 sys=0.00, real=0.30 secs] 
3463.579: [GC (Allocation Failure) [PSYoungGen: 232960K->133344K(465920K)] 364421K->264805K(1864192K), 0.0487236 secs] [Times: user=0.29 sys=0.00, real=0.05 secs] 
3465.670: [GC (Allocation Failure) [PSYoungGen: 366304K->133984K(367104K)] 497765K->398213K(1765376K), 0.0664265 secs] [Times: user=0.40 sys=0.00, real=0.07 secs] 
3466.969: [GC (Allocation Failure) [PSYoungGen: 366944K->2688K(453632K)] 631173K->266993K(1851904K), 0.0018780 secs] [Times: user=0.00 sys=0.00, real=0.00 secs] 
3469.481: [GC (Allocation Failure) [PSYoungGen: 229504K->145376K(459776K)] 493809K->410826K(1858048K), 0.0290218 secs] [Times: user=0.17 sys=0.00, real=0.03 secs] 
3470.723: [GC (Allocation Failure) [PSYoungGen: 372192K->104192K(459776K)] 637642K->506142K(1858048K), 0.0759979 secs] [Times: user=0.45 sys=0.00, real=0.07 secs] 
3472.826: [GC (Allocation Failure) [PSYoungGen: 337152K->157344K(462848K)] 739102K->662399K(1861120K), 0.0533013 secs] [Times: user=0.31 sys=0.00, real=0.05 secs] 
3474.378: [GC (Allocation Failure) [PSYoungGen: 390304K->99712K(460288K)] 895359K->753327K(1858560K), 0.0675775 secs] [Times: user=0.41 sys=0.00, real=0.07 secs] 
3475.870: [GC (Allocation Failure) [PSYoungGen: 337280K->168512K(463872K)] 990895K->920664K(1862144K), 0.1255592 secs] [Times: user=0.67 sys=0.00, real=0.13 secs] 
3478.116: [GC (Allocation Failure) [PSYoungGen: 406080K->99712K(467456K)] 1158232K->1011832K(1865728K), 0.0863307 secs] [Times: user=0.52 sys=0.00, real=0.09 secs] 
3478.836: [GC (Allocation Failure) [PSYoungGen: 339840K->173664K(414208K)] 1251960K->1182409K(1812480K), 0.0852434 secs] [Times: user=0.51 sys=0.00, real=0.08 secs] 
3481.105: [GC (Allocation Failure) [PSYoungGen: 413792K->93888K(468480K)] 1422537K->1276066K(1866752K), 0.1278280 secs] [Times: user=0.76 sys=0.00, real=0.13 secs] 
3481.233: [Full GC (Ergonomics) [PSYoungGen: 93888K->0K(468480K)] [ParOldGen: 1182177K->73651K(1398272K)] 1276066K->73651K(1866752K), [Metaspace: 60218K->60218K(1105920K)], 0.1823078 secs] [Times: user=0.80 sys=0.00, real=0.18 secs] 
3481.974: [GC (Allocation Failure) [PSYoungGen: 235520K->179456K(465920K)] 309171K->253107K(1864192K), 0.0399064 secs] [Times: user=0.24 sys=0.00, real=0.04 secs] 
3485.759: [GC (Allocation Failure) [PSYoungGen: 414976K->85248K(465920K)] 488627K->338707K(1864192K), 0.1230589 secs] [Times: user=0.73 sys=0.00, real=0.13 secs] 
3486.909: [GC (Allocation Failure) [PSYoungGen: 314327K->202272K(465920K)] 567787K->534736K(1864192K), 0.0668063 secs] [Times: user=0.40 sys=0.00, real=0.07 secs] 
3490.288: [GC (Allocation Failure) [PSYoungGen: 435232K->88768K(465920K)] 767696K->586864K(1864192K), 0.0986073 secs] [Times: user=0.59 sys=0.00, real=0.10 secs] 
3491.540: [GC (Allocation Failure) [PSYoungGen: 321728K->154976K(465920K)] 819824K->735441K(1864192K), 0.0598359 secs] [Times: user=0.35 sys=0.00, real=0.06 secs] 
3494.026: [GC (Allocation Failure) [PSYoungGen: 387936K->110048K(465920K)] 968401K->845705K(1864192K), 0.0781890 secs] [Times: user=0.47 sys=0.00, real=0.08 secs] 
3495.267: [GC (Allocation Failure) [PSYoungGen: 343008K->138144K(371200K)] 1078665K->973434K(1769472K), 0.0622738 secs] [Times: user=0.37 sys=0.01, real=0.06 secs] 
3497.836: [GC (Allocation Failure) [PSYoungGen: 371104K->123616K(472064K)] 1206394K->1096658K(1870336K), 0.0660293 secs] [Times: user=0.39 sys=0.00, real=0.07 secs] 
3499.064: [GC (Allocation Failure) [PSYoungGen: 364768K->2112K(463872K)] 1337810K->975194K(1862144K), 0.0031871 secs] [Times: user=0.01 sys=0.00, real=0.00 secs] 
3502.549: [GC (Allocation Failure) [PSYoungGen: 243264K->148480K(465920K)] 1216346K->1122159K(1864192K), 0.0300298 secs] [Times: user=0.17 sys=0.00, real=0.03 secs] 
3503.872: [GC (Allocation Failure) [PSYoungGen: 381440K->6048K(465920K)] 1355119K->979855K(1864192K), 0.0046885 secs] [Times: user=0.02 sys=0.00, real=0.00 secs] 
3505.683: [GC (Allocation Failure) [PSYoungGen: 239008K->170240K(465920K)] 1212815K->1148488K(1864192K), 0.0336470 secs] [Times: user=0.20 sys=0.01, real=0.03 secs] 
3507.183: [GC (Allocation Failure) [PSYoungGen: 403200K->99456K(465920K)] 1381448K->1230944K(1864192K), 0.1220283 secs] [Times: user=0.73 sys=0.00, real=0.12 secs] 
3508.229: [GC (Allocation Failure) [PSYoungGen: 323688K->165952K(465920K)] 1455176K->1394788K(1864192K), 0.0616915 secs] [Times: user=0.37 sys=0.00, real=0.06 secs] 
3508.291: [Full GC (Ergonomics) [PSYoungGen: 165952K->0K(465920K)] [ParOldGen: 1228836K->197549K(1398272K)] 1394788K->197549K(1864192K), [Metaspace: 60235K->60235K(1105920K)], 0.4699894 secs] [Times: user=2.19 sys=0.00, real=0.47 secs] 
3511.571: [GC (Allocation Failure) [PSYoungGen: 232960K->88992K(465920K)] 430509K->286541K(1864192K), 0.0974100 secs] [Times: user=0.57 sys=0.01, real=0.10 secs] 
3512.506: [GC (Allocation Failure) [PSYoungGen: 309057K->160896K(465920K)] 506606K->444654K(1864192K), 0.0474930 secs] [Times: user=0.28 sys=0.00, real=0.05 secs] 
3514.245: [GC (Allocation Failure) [PSYoungGen: 393856K->94688K(465920K)] 677614K->530530K(1864192K), 0.1489636 secs] [Times: user=0.89 sys=0.00, real=0.15 secs] 
3515.720: [GC (Allocation Failure) [PSYoungGen: 327648K->168224K(465920K)] 763490K->694807K(1864192K), 0.0507551 secs] [Times: user=0.30 sys=0.00, real=0.05 secs] 
3518.052: [GC (Allocation Failure) [PSYoungGen: 401184K->89024K(465920K)] 927767K->783123K(1864192K), 0.1486759 secs] [Times: user=0.88 sys=0.00, real=0.15 secs] 
3518.556: [GC (Allocation Failure) [PSYoungGen: 321984K->173600K(465920K)] 1016083K->952535K(1864192K), 0.0563122 secs] [Times: user=0.34 sys=0.01, real=0.06 secs] 
3522.327: [GC (Allocation Failure) [PSYoungGen: 406560K->82464K(465920K)] 1185495K->1035040K(1864192K), 0.1590933 secs] [Times: user=0.95 sys=0.00, real=0.16 secs] 
3522.792: [GC (Allocation Failure) [PSYoungGen: 315424K->196224K(465920K)] 1268000K->1225404K(1864192K), 0.0586416 secs] [Times: user=0.34 sys=0.00, real=0.05 secs] 
3527.423: [GC (Allocation Failure) [PSYoungGen: 429184K->78592K(465920K)] 1458364K->1287880K(1864192K), 0.1259190 secs] [Times: user=0.75 sys=0.00, real=0.12 secs] 
3527.549: [Full GC (Ergonomics) [PSYoungGen: 78592K->0K(465920K)] [ParOldGen: 1209288K->88259K(1398272K)] 1287880K->88259K(1864192K), [Metaspace: 60235K->60235K(1105920K)], 0.2120429 secs] [Times: user=0.98 sys=0.00, real=0.21 secs] 
3528.162: [GC (Allocation Failure) [PSYoungGen: 231056K->205280K(465920K)] 319315K->293539K(1864192K), 0.0376880 secs] [Times: user=0.22 sys=0.00, real=0.03 secs] 
3530.911: [GC (Allocation Failure) [PSYoungGen: 438240K->87872K(465920K)] 526499K->347707K(1864192K), 0.1023670 secs] [Times: user=0.61 sys=0.00, real=0.11 secs] 
3532.124: [GC (Allocation Failure) [PSYoungGen: 320832K->156000K(465920K)] 580667K->497526K(1864192K), 0.0599521 secs] [Times: user=0.36 sys=0.00, real=0.06 secs] 
3534.661: [GC (Allocation Failure) [PSYoungGen: 381395K->93472K(465920K)] 722921K->590510K(1864192K), 0.0869956 secs] [Times: user=0.51 sys=0.00, real=0.09 secs] 
3535.862: [GC (Allocation Failure) [PSYoungGen: 326432K->151104K(465920K)] 823470K->734685K(1864192K), 0.0603619 secs] [Times: user=0.36 sys=0.00, real=0.07 secs] 
3537.250: [GC (Allocation Failure) [PSYoungGen: 384064K->111520K(465920K)] 967645K->846125K(1864192K), 0.0707387 secs] [Times: user=0.41 sys=0.00, real=0.07 secs] 
3538.487: [GC (Allocation Failure) [PSYoungGen: 344480K->137056K(465920K)] 1079085K->972504K(1864192K), 0.0614536 secs] [Times: user=0.37 sys=0.00, real=0.06 secs] 
3540.390: [GC (Allocation Failure) [PSYoungGen: 370016K->132544K(365568K)] 1205464K->1104960K(1763840K), 0.0595208 secs] [Times: user=0.35 sys=0.00, real=0.06 secs] 
3541.593: [GC (Allocation Failure) [PSYoungGen: 365504K->2208K(448512K)] 1337920K->974680K(1846784K), 0.0022488 secs] [Times: user=0.01 sys=0.00, real=0.00 secs] 
3543.412: [GC (Allocation Failure) [PSYoungGen: 226464K->143744K(457216K)] 1198936K->1117165K(1855488K), 0.0290814 secs] [Times: user=0.17 sys=0.00, real=0.03 secs] 
3544.772: [GC (Allocation Failure) [PSYoungGen: 368000K->2784K(465920K)] 1341421K->976301K(1864192K), 0.0021476 secs] [Times: user=0.01 sys=0.00, real=0.00 secs] 
3546.218: [GC (Allocation Failure) [PSYoungGen: 235744K->156160K(465920K)] 1209261K->1131427K(1864192K), 0.0312674 secs] [Times: user=0.18 sys=0.00, real=0.03 secs] 
3548.166: [GC (Allocation Failure) [PSYoungGen: 389120K->101088K(465920K)] 1364387K->1223747K(1864192K), 0.0915458 secs] [Times: user=0.54 sys=0.01, real=0.09 secs] 
3549.308: [GC (Allocation Failure) [PSYoungGen: 334048K->167808K(465920K)] 1456707K->1390241K(1864192K), 0.0891516 secs] [Times: user=0.53 sys=0.00, real=0.09 secs] 
3549.397: [Full GC (Ergonomics) [PSYoungGen: 167808K->0K(465920K)] [ParOldGen: 1222433K->193065K(1398272K)] 1390241K->193065K(1864192K), [Metaspace: 60236K->60236K(1105920K)], 0.4759355 secs] [Times: user=2.25 sys=0.00, real=0.48 secs] 
3553.430: [GC (Allocation Failure) [PSYoungGen: 232960K->90720K(465920K)] 426025K->283785K(1864192K), 0.0922658 secs] [Times: user=0.54 sys=0.01, real=0.10 secs] 
3554.802: [GC (Allocation Failure) [PSYoungGen: 319643K->165312K(465920K)] 512709K->445970K(1864192K), 0.0487473 secs] [Times: user=0.29 sys=0.00, real=0.04 secs] 
3556.761: [GC (Allocation Failure) [PSYoungGen: 398272K->95488K(465920K)] 678930K->532226K(1864192K), 0.1529081 secs] [Times: user=0.90 sys=0.01, real=0.16 secs] 
3558.293: [GC (Allocation Failure) [PSYoungGen: 328448K->169696K(465920K)] 765186K->697591K(1864192K), 0.0505053 secs] [Times: user=0.30 sys=0.00, real=0.05 secs] 
3560.998: [GC (Allocation Failure) [PSYoungGen: 402656K->86560K(465920K)] 930551K->783579K(1864192K), 0.1671934 secs] [Times: user=0.99 sys=0.00, real=0.17 secs] 
3562.318: [GC (Allocation Failure) [PSYoungGen: 319520K->169152K(465920K)] 1016539K->948824K(1864192K), 0.0555357 secs] [Times: user=0.33 sys=0.00, real=0.06 secs] 
3564.659: [GC (Allocation Failure) [PSYoungGen: 402112K->87104K(465920K)] 1181784K->1035856K(1864192K), 0.1635648 secs] [Times: user=0.97 sys=0.00, real=0.17 secs] 
3566.618: [GC (Allocation Failure) [PSYoungGen: 320064K->170752K(465920K)] 1268816K->1200525K(1864192K), 0.1443336 secs] [Times: user=0.86 sys=0.00, real=0.15 secs] 
3571.866: [GC (Allocation Failure) [PSYoungGen: 403712K->77696K(465920K)] 1433485K->1278013K(1864192K), 0.1511670 secs] [Times: user=0.90 sys=0.00, real=0.15 secs] 
3572.018: [Full GC (Ergonomics) [PSYoungGen: 77696K->0K(465920K)] [ParOldGen: 1200317K->77359K(1398272K)] 1278013K->77359K(1864192K), [Metaspace: 60239K->60239K(1105920K)], 0.1968296 secs] [Times: user=0.92 sys=0.00, real=0.20 secs] 
3572.482: [GC (Allocation Failure) [PSYoungGen: 232960K->176576K(465920K)] 310319K->253935K(1864192K), 0.0376356 secs] [Times: user=0.22 sys=0.00, real=0.03 secs] 
3575.955: [GC (Allocation Failure) [PSYoungGen: 409536K->82784K(465920K)] 486895K->336731K(1864192K), 0.1145572 secs] [Times: user=0.69 sys=0.00, real=0.11 secs] 
3577.160: [GC (Allocation Failure) [PSYoungGen: 315087K->204544K(465920K)] 569034K->534907K(1864192K), 0.0680540 secs] [Times: user=0.41 sys=0.00, real=0.07 secs] 
3578.262: [GC (Allocation Failure) [PSYoungGen: 437504K->97600K(465920K)] 767867K->595642K(1864192K), 0.0951102 secs] [Times: user=0.51 sys=0.00, real=0.09 secs] 
3579.605: [GC (Allocation Failure) [PSYoungGen: 330560K->150656K(465920K)] 828602K->735799K(1864192K), 0.0599897 secs] [Times: user=0.36 sys=0.00, real=0.06 secs] 
3582.439: [GC (Allocation Failure) [PSYoungGen: 383616K->113984K(465920K)] 968759K->849263K(1864192K), 0.0720319 secs] [Times: user=0.42 sys=0.01, real=0.07 secs] 
3583.728: [GC (Allocation Failure) [PSYoungGen: 346944K->134624K(465920K)] 1082223K->973628K(1864192K), 0.0618767 secs] [Times: user=0.37 sys=0.00, real=0.06 secs] 
3586.192: [GC (Allocation Failure) [PSYoungGen: 367584K->128640K(445440K)] 1206588K->1101620K(1843712K), 0.0624158 secs] [Times: user=0.37 sys=0.00, real=0.06 secs] 
3587.564: [GC (Allocation Failure) [PSYoungGen: 361600K->1312K(455680K)] 1334580K->974376K(1853952K), 0.0019664 secs] [Times: user=0.01 sys=0.00, real=0.00 secs] 
3589.796: [GC (Allocation Failure) [PSYoungGen: 234272K->145056K(465920K)] 1207336K->1118709K(1864192K), 0.0293598 secs] [Times: user=0.17 sys=0.00, real=0.03 secs] 
3591.320: [GC (Allocation Failure) [PSYoungGen: 378016K->3936K(465920K)] 1351669K->977729K(1864192K), 0.0047436 secs] [Times: user=0.02 sys=0.00, real=0.01 secs] 
3594.632: [GC (Allocation Failure) [PSYoungGen: 236896K->153056K(465920K)] 1210689K->1128818K(1864192K), 0.0314496 secs] [Times: user=0.18 sys=0.00, real=0.04 secs] 
3596.107: [GC (Allocation Failure) [PSYoungGen: 386016K->101632K(465920K)] 1361778K->1221158K(1864192K), 0.1208975 secs] [Times: user=0.72 sys=0.01, real=0.12 secs] 
3598.730: [GC (Allocation Failure) [PSYoungGen: 334592K->166048K(465920K)] 1454118K->1385023K(1864192K), 0.0547524 secs] [Times: user=0.32 sys=0.00, real=0.06 secs] 
3598.785: [Full GC (Ergonomics) [PSYoungGen: 166048K->0K(465920K)] [ParOldGen: 1218975K->188439K(1398272K)] 1385023K->188439K(1864192K), [Metaspace: 60239K->60239K(1105920K)], 0.4378914 secs] [Times: user=1.95 sys=0.00, real=0.44 secs] 
3601.512: [GC (Allocation Failure) [PSYoungGen: 232960K->88384K(465920K)] 421399K->276831K(1864192K), 0.0392811 secs] [Times: user=0.24 sys=0.00, real=0.03 secs] 
3604.659: [GC (Allocation Failure) [PSYoungGen: 321344K->160864K(465920K)] 509791K->435856K(1864192K), 0.0488683 secs] [Times: user=0.29 sys=0.00, real=0.05 secs] 
3606.808: [GC (Allocation Failure) [PSYoungGen: 393824K->95136K(328192K)] 668816K->522112K(1726464K), 0.1662684 secs] [Times: user=0.99 sys=0.00, real=0.17 secs] 
3608.702: [GC (Allocation Failure) [PSYoungGen: 322129K->164544K(462848K)] 749106K->684061K(1861120K), 0.0559848 secs] [Times: user=0.33 sys=0.00, real=0.05 secs] 
3612.005: [GC (Allocation Failure) [PSYoungGen: 395968K->89408K(464384K)] 915485K->765337K(1862656K), 0.1707078 secs] [Times: user=1.02 sys=0.00, real=0.17 secs] 
3612.714: [GC (Allocation Failure) [PSYoungGen: 305857K->160256K(464384K)] 981786K->923230K(1862656K), 0.0481025 secs] [Times: user=0.29 sys=0.00, real=0.05 secs] 
3614.865: [GC (Allocation Failure) [PSYoungGen: 393216K->94336K(327680K)] 1156190K->1009354K(1725952K), 0.1908258 secs] [Times: user=0.99 sys=0.01, real=0.19 secs] 
3615.636: [GC (Allocation Failure) [PSYoungGen: 327296K->188672K(460288K)] 1242314K->1194691K(1858560K), 0.0518707 secs] [Times: user=0.30 sys=0.00, real=0.05 secs] 
3618.862: [GC (Allocation Failure) [PSYoungGen: 419584K->84128K(463872K)] 1425603K->1262459K(1862144K), 0.1636480 secs] [Times: user=0.97 sys=0.00, real=0.16 secs] 
3619.026: [Full GC (Ergonomics) [PSYoungGen: 84128K->0K(463872K)] [ParOldGen: 1178331K->59739K(1398272K)] 1262459K->59739K(1862144K), [Metaspace: 60363K->60363K(1105920K)], 0.1566198 secs] [Times: user=0.72 sys=0.00, real=0.16 secs] 
3619.623: [GC (Allocation Failure) [PSYoungGen: 230912K->183168K(465920K)] 290651K->242908K(1864192K), 0.0350519 secs] [Times: user=0.21 sys=0.00, real=0.03 secs] 
3623.859: [GC (Allocation Failure) [PSYoungGen: 416128K->83936K(465920K)] 475868K->309868K(1864192K), 0.1522202 secs] [Times: user=0.90 sys=0.01, real=0.15 secs] 
3624.722: [GC (Allocation Failure) [PSYoungGen: 316896K->177440K(465920K)] 542828K->481244K(1864192K), 0.0671996 secs] [Times: user=0.40 sys=0.00, real=0.06 secs] 
3627.266: [GC (Allocation Failure) [PSYoungGen: 410400K->84320K(465920K)] 714204K->565812K(1864192K), 0.1267614 secs] [Times: user=0.75 sys=0.00, real=0.13 secs] 
3629.066: [GC (Allocation Failure) [PSYoungGen: 317280K->174656K(465920K)] 798772K->734413K(1864192K), 0.1355058 secs] [Times: user=0.80 sys=0.00, real=0.13 secs] 
3631.240: [GC (Allocation Failure) [PSYoungGen: 407616K->91744K(465920K)] 967373K->826097K(1864192K), 0.1014335 secs] [Times: user=0.60 sys=0.00, real=0.10 secs] 
3633.353: [GC (Allocation Failure) [PSYoungGen: 324704K->157408K(465920K)] 1059057K->972910K(1864192K), 0.0605616 secs] [Times: user=0.36 sys=0.00, real=0.06 secs] 
3636.019: [GC (Allocation Failure) [PSYoungGen: 384895K->93184K(465920K)] 1200397K->1066062K(1864192K), 0.0937077 secs] [Times: user=0.56 sys=0.00, real=0.10 secs] 
3637.343: [GC (Allocation Failure) [PSYoungGen: 326144K->151040K(465920K)] 1299022K->1210459K(1864192K), 0.0607638 secs] [Times: user=0.36 sys=0.00, real=0.06 secs] 
3638.808: [GC (Allocation Failure) [PSYoungGen: 384000K->117056K(350208K)] 1443419K->1327619K(1748480K), 0.0768164 secs] [Times: user=0.45 sys=0.00, real=0.08 secs] 
3638.885: [Full GC (Ergonomics) [PSYoungGen: 117056K->0K(350208K)] [ParOldGen: 1210563K->124892K(1398272K)] 1327619K->124892K(1748480K), [Metaspace: 60365K->60365K(1105920K)], 0.2797642 secs] [Times: user=1.27 sys=0.00, real=0.28 secs] 
3640.845: [GC (Allocation Failure) [PSYoungGen: 232960K->139584K(469504K)] 357852K->264476K(1867776K), 0.0495963 secs] [Times: user=0.30 sys=0.00, real=0.05 secs] 
3643.134: [GC (Allocation Failure) [PSYoungGen: 378176K->130752K(369664K)] 503068K->395116K(1767936K), 0.0710459 secs] [Times: user=0.42 sys=0.01, real=0.07 secs] 
3645.961: [GC (Allocation Failure) [PSYoungGen: 369344K->1792K(446464K)] 633708K->266296K(1844736K), 0.0019732 secs] [Times: user=0.01 sys=0.00, real=0.01 secs] 
3646.891: [GC (Allocation Failure) [PSYoungGen: 231680K->150304K(459264K)] 496184K->416487K(1857536K), 0.0296645 secs] [Times: user=0.17 sys=0.01, real=0.03 secs] 
3648.868: [GC (Allocation Failure) [PSYoungGen: 380192K->5568K(463360K)] 646375K->271863K(1861632K), 0.0022415 secs] [Times: user=0.01 sys=0.00, real=0.00 secs] 
3650.203: [GC (Allocation Failure) [PSYoungGen: 238528K->160864K(465920K)] 504823K->431652K(1864192K), 0.0557839 secs] [Times: user=0.33 sys=0.00, real=0.05 secs] 
3653.120: [GC (Allocation Failure) [PSYoungGen: 393824K->96864K(465920K)] 664612K->520228K(1864192K), 0.0787364 secs] [Times: user=0.47 sys=0.00, real=0.08 secs] 
3654.200: [GC (Allocation Failure) [PSYoungGen: 329824K->166848K(465920K)] 753188K->685382K(1864192K), 0.1176719 secs] [Times: user=0.70 sys=0.00, real=0.12 secs] 
3656.361: [GC (Allocation Failure) [PSYoungGen: 399808K->96800K(465920K)] 918342K->773702K(1864192K), 0.0863531 secs] [Times: user=0.52 sys=0.00, real=0.09 secs] 
3657.434: [GC (Allocation Failure) [PSYoungGen: 329760K->168000K(465920K)] 1006662K->938679K(1864192K), 0.1473218 secs] [Times: user=0.88 sys=0.00, real=0.14 secs] 
3660.251: [GC (Allocation Failure) [PSYoungGen: 400960K->90240K(465920K)] 1171639K->1028879K(1864192K), 0.1318610 secs] [Times: user=0.76 sys=0.00, real=0.14 secs] 
3660.885: [GC (Allocation Failure) [PSYoungGen: 323200K->173280K(465920K)] 1261839K->1198968K(1864192K), 0.0717778 secs] [Times: user=0.43 sys=0.00, real=0.07 secs] 
3664.544: [GC (Allocation Failure) [PSYoungGen: 406240K->81248K(465920K)] 1431928K->1280460K(1864192K), 0.1344524 secs] [Times: user=0.80 sys=0.00, real=0.13 secs] 
3664.679: [Full GC (Ergonomics) [PSYoungGen: 81248K->0K(465920K)] [ParOldGen: 1199212K->74813K(1398272K)] 1280460K->74813K(1864192K), [Metaspace: 60384K->60384K(1105920K)], 0.1825714 secs] [Times: user=0.84 sys=0.00, real=0.18 secs] 
3665.169: [GC (Allocation Failure) [PSYoungGen: 232960K->175520K(465920K)] 307773K->250333K(1864192K), 0.0377811 secs] [Times: user=0.22 sys=0.00, real=0.04 secs] 
3668.226: [GC (Allocation Failure) [PSYoungGen: 408480K->87136K(465920K)] 483293K->337753K(1864192K), 0.1166820 secs] [Times: user=0.69 sys=0.01, real=0.12 secs] 
3669.201: [GC (Allocation Failure) [PSYoungGen: 318776K->201696K(465920K)] 569393K->533252K(1864192K), 0.0615624 secs] [Times: user=0.37 sys=0.00, real=0.07 secs] 
3672.931: [GC (Allocation Failure) [PSYoungGen: 434656K->86176K(465920K)] 766212K->584572K(1864192K), 0.1073743 secs] [Times: user=0.64 sys=0.00, real=0.11 secs] 
3674.235: [GC (Allocation Failure) [PSYoungGen: 319136K->158240K(465920K)] 817532K->735929K(1864192K), 0.0596780 secs] [Times: user=0.35 sys=0.00, real=0.06 secs] 
3677.364: [GC (Allocation Failure) [PSYoungGen: 391200K->99520K(465920K)] 968889K->835545K(1864192K), 0.0865372 secs] [Times: user=0.51 sys=0.00, real=0.08 secs] 
3678.677: [GC (Allocation Failure) [PSYoungGen: 332480K->148704K(465920K)] 1068505K->973590K(1864192K), 0.0603258 secs] [Times: user=0.36 sys=0.00, real=0.06 secs] 
3680.587: [GC (Allocation Failure) [PSYoungGen: 381664K->117792K(464896K)] 1206550K->1091486K(1863168K), 0.0774760 secs] [Times: user=0.46 sys=0.00, real=0.08 secs] 
3681.906: [GC (Allocation Failure) [PSYoungGen: 350752K->130560K(364032K)] 1324446K->1211522K(1762304K), 0.0620883 secs] [Times: user=0.36 sys=0.00, real=0.06 secs] 
3683.580: [GC (Allocation Failure) [PSYoungGen: 363520K->143616K(461824K)] 1444482K->1354874K(1860096K), 0.0593736 secs] [Times: user=0.35 sys=0.00, real=0.06 secs] 
3683.639: [Full GC (Ergonomics) [PSYoungGen: 143616K->0K(461824K)] [ParOldGen: 1211258K->159690K(1398272K)] 1354874K->159690K(1860096K), [Metaspace: 60385K->60385K(1105920K)], 0.3725258 secs] [Times: user=1.72 sys=0.00, real=0.38 secs] 
3685.431: [GC (Allocation Failure) [PSYoungGen: 238080K->107904K(458240K)] 397770K->267594K(1856512K), 0.0741141 secs] [Times: user=0.44 sys=0.00, real=0.08 secs] 
3687.696: [GC (Allocation Failure) [PSYoungGen: 345984K->176192K(459776K)] 505674K->441839K(1858048K), 0.0578736 secs] [Times: user=0.34 sys=0.00, real=0.06 secs] 
3690.139: [GC (Allocation Failure) [PSYoungGen: 421440K->102304K(469504K)] 687087K->527271K(1867776K), 0.1662394 secs] [Times: user=0.99 sys=0.00, real=0.17 secs] 
3692.732: [GC (Allocation Failure) [PSYoungGen: 347552K->170528K(465920K)] 772519K->694563K(1864192K), 0.0542710 secs] [Times: user=0.32 sys=0.00, real=0.05 secs] 
3696.826: [GC (Allocation Failure) [PSYoungGen: 416800K->92800K(472576K)] 940835K->786731K(1870848K), 0.1521821 secs] [Times: user=0.90 sys=0.00, real=0.15 secs] 
3697.879: [GC (Allocation Failure) [PSYoungGen: 339072K->184640K(456704K)] 1033003K->967744K(1854976K), 0.0605580 secs] [Times: user=0.36 sys=0.00, real=0.06 secs] 
3700.433: [GC (Allocation Failure) [PSYoungGen: 417600K->86816K(465920K)] 1200704K->1054792K(1864192K), 0.1344877 secs] [Times: user=0.80 sys=0.00, real=0.13 secs] 
3701.871: [GC (Allocation Failure) [PSYoungGen: 318615K->188224K(465920K)] 1286592K->1236829K(1864192K), 0.0692791 secs] [Times: user=0.41 sys=0.00, real=0.07 secs] 
3703.220: [GC (Allocation Failure) [PSYoungGen: 421184K->93632K(465920K)] 1469789K->1309949K(1864192K), 0.0936696 secs] [Times: user=0.56 sys=0.00, real=0.10 secs] 
3703.314: [Full GC (Ergonomics) [PSYoungGen: 93632K->0K(465920K)] [ParOldGen: 1216317K->109690K(1398272K)] 1309949K->109690K(1864192K), [Metaspace: 60392K->60392K(1105920K)], 0.2504553 secs] [Times: user=1.13 sys=0.00, real=0.25 secs] 
3705.266: [GC (Allocation Failure) [PSYoungGen: 232960K->151104K(465920K)] 342650K->260794K(1864192K), 0.0430149 secs] [Times: user=0.25 sys=0.00, real=0.04 secs] 
3707.820: [GC (Allocation Failure) [PSYoungGen: 384064K->105312K(338432K)] 493754K->366074K(1736704K), 0.0726395 secs] [Times: user=0.43 sys=0.00, real=0.08 secs] 
3709.425: [GC (Allocation Failure) [PSYoungGen: 338272K->142944K(470016K)] 599034K->498585K(1868288K), 0.0607846 secs] [Times: user=0.37 sys=0.00, real=0.06 secs] 
3711.243: [GC (Allocation Failure) [PSYoungGen: 381536K->127808K(366592K)] 737177K->626161K(1764864K), 0.0647717 secs] [Times: user=0.39 sys=0.00, real=0.06 secs] 
3713.189: [GC (Allocation Failure) [PSYoungGen: 366400K->1984K(445440K)] 864753K->500405K(1843712K), 0.0018221 secs] [Times: user=0.00 sys=0.00, real=0.00 secs] 
3716.034: [GC (Allocation Failure) [PSYoungGen: 230336K->143456K(458752K)] 728757K->642466K(1857024K), 0.0285491 secs] [Times: user=0.17 sys=0.00, real=0.03 secs] 
3717.257: [GC (Allocation Failure) [PSYoungGen: 371808K->3360K(461824K)] 870818K->502498K(1860096K), 0.0021812 secs] [Times: user=0.01 sys=0.00, real=0.00 secs] 
3719.207: [GC (Allocation Failure) [PSYoungGen: 236320K->156416K(465920K)] 735458K->657199K(1864192K), 0.0310076 secs] [Times: user=0.18 sys=0.00, real=0.03 secs] 
3720.942: [GC (Allocation Failure) [PSYoungGen: 389376K->102400K(463872K)] 890159K->750375K(1862144K), 0.1702116 secs] [Times: user=1.01 sys=0.01, real=0.17 secs] 
3723.210: [GC (Allocation Failure) [PSYoungGen: 335360K->163936K(464896K)] 983335K->912196K(1863168K), 0.0534516 secs] [Times: user=0.32 sys=0.00, real=0.06 secs] 
3724.991: [GC (Allocation Failure) [PSYoungGen: 395078K->98464K(461824K)] 1143338K->1001516K(1860096K), 0.1820464 secs] [Times: user=1.08 sys=0.01, real=0.19 secs] 
3727.125: [GC (Allocation Failure) [PSYoungGen: 323828K->160064K(463872K)] 1226881K->1158502K(1862144K), 0.0516393 secs] [Times: user=0.30 sys=0.00, real=0.05 secs] 
3729.370: [GC (Allocation Failure) [PSYoungGen: 394048K->97280K(460800K)] 1392486K->1246954K(1859072K), 0.1684100 secs] [Times: user=1.01 sys=0.00, real=0.17 secs] 
3729.538: [Full GC (Ergonomics) [PSYoungGen: 97280K->0K(460800K)] [ParOldGen: 1149674K->49207K(1398272K)] 1246954K->49207K(1859072K), [Metaspace: 60394K->60394K(1105920K)], 0.1429795 secs] [Times: user=0.61 sys=0.00, real=0.14 secs] 
3731.893: [GC (Allocation Failure) [PSYoungGen: 236032K->168992K(463360K)] 285239K->218199K(1861632K), 0.0362182 secs] [Times: user=0.22 sys=0.00, real=0.03 secs] 
3735.139: [GC (Allocation Failure) [PSYoungGen: 405024K->84864K(467968K)] 454231K->302832K(1866240K), 0.1598085 secs] [Times: user=0.95 sys=0.00, real=0.16 secs] 
3736.693: [GC (Allocation Failure) [PSYoungGen: 319872K->191360K(465920K)] 537840K->490144K(1864192K), 0.0558153 secs] [Times: user=0.34 sys=0.00, real=0.05 secs] 
3739.863: [GC (Allocation Failure) [PSYoungGen: 426368K->85824K(465920K)] 725152K->559800K(1864192K), 0.1523431 secs] [Times: user=0.90 sys=0.01, real=0.15 secs] 
3740.440: [GC (Allocation Failure) [PSYoungGen: 318784K->179104K(465920K)] 792760K->732953K(1864192K), 0.0628521 secs] [Times: user=0.37 sys=0.00, real=0.07 secs] 
3743.267: [GC (Allocation Failure) [PSYoungGen: 412064K->83648K(465920K)] 965913K->816801K(1864192K), 0.1187136 secs] [Times: user=0.70 sys=0.00, real=0.12 secs] 
3745.949: [GC (Allocation Failure) [PSYoungGen: 316608K->205312K(465920K)] 1049761K->1015506K(1864192K), 0.0650858 secs] [Times: user=0.39 sys=0.00, real=0.07 secs] 
3747.973: [GC (Allocation Failure) [PSYoungGen: 438272K->94176K(465920K)] 1248466K->1068602K(1864192K), 0.0941948 secs] [Times: user=0.56 sys=0.01, real=0.09 secs] 
3749.313: [GC (Allocation Failure) [PSYoungGen: 327136K->150784K(465920K)] 1301562K->1212183K(1864192K), 0.0604830 secs] [Times: user=0.35 sys=0.00, real=0.06 secs] 
3751.109: [GC (Allocation Failure) [PSYoungGen: 383744K->118240K(465920K)] 1445143K->1330623K(1864192K), 0.0843153 secs] [Times: user=0.50 sys=0.00, real=0.09 secs] 
3751.193: [Full GC (Ergonomics) [PSYoungGen: 118240K->0K(465920K)] [ParOldGen: 1212383K->126189K(1398272K)] 1330623K->126189K(1864192K), [Metaspace: 60404K->60404K(1105920K)], 0.2824208 secs] [Times: user=1.29 sys=0.00, real=0.28 secs] 
3752.693: [GC (Allocation Failure) [PSYoungGen: 232960K->138624K(465920K)] 359149K->264813K(1864192K), 0.0482281 secs] [Times: user=0.28 sys=0.00, real=0.04 secs] 
3755.817: [GC (Allocation Failure) [PSYoungGen: 371584K->124832K(450560K)] 497773K->389589K(1848832K), 0.0750648 secs] [Times: user=0.45 sys=0.00, real=0.08 secs] 
3757.110: [GC (Allocation Failure) [PSYoungGen: 357792K->123328K(458240K)] 622549K->502690K(1856512K), 0.0622032 secs] [Times: user=0.37 sys=0.00, real=0.07 secs] 
3758.549: [GC (Allocation Failure) [PSYoungGen: 356288K->143712K(468480K)] 735650K->646106K(1866752K), 0.0577552 secs] [Times: user=0.34 sys=0.00, real=0.06 secs] 
3761.189: [GC (Allocation Failure) [PSYoungGen: 400013K->13984K(470528K)] 902408K->516426K(1868800K), 0.0138207 secs] [Times: user=0.07 sys=0.00, real=0.02 secs] 
3762.781: [GC (Allocation Failure) [PSYoungGen: 263013K->171296K(457728K)] 765456K->685703K(1856000K), 0.0371730 secs] [Times: user=0.21 sys=0.00, real=0.04 secs] 
3764.832: [GC (Allocation Failure) [PSYoungGen: 404256K->99808K(465920K)] 918663K->776631K(1864192K), 0.1489057 secs] [Times: user=0.89 sys=0.00, real=0.14 secs] 
3765.429: [GC (Allocation Failure) [PSYoungGen: 332768K->172736K(459776K)] 1009591K->946341K(1858048K), 0.0526637 secs] [Times: user=0.31 sys=0.00, real=0.06 secs] 
3769.098: [GC (Allocation Failure) [PSYoungGen: 402831K->81696K(465920K)] 1176437K->1028093K(1864192K), 0.1791136 secs] [Times: user=1.07 sys=0.01, real=0.18 secs] 
3769.783: [GC (Allocation Failure) [PSYoungGen: 314656K->171008K(464896K)] 1261053K->1195066K(1863168K), 0.0556697 secs] [Times: user=0.33 sys=0.00, real=0.05 secs] 
3773.720: [GC (Allocation Failure) [PSYoungGen: 403968K->79520K(465920K)] 1428026K->1274474K(1864192K), 0.1524255 secs] [Times: user=0.90 sys=0.00, real=0.16 secs] 
3773.873: [Full GC (Ergonomics) [PSYoungGen: 79520K->0K(465920K)] [ParOldGen: 1194954K->73190K(1398272K)] 1274474K->73190K(1864192K), [Metaspace: 60404K->60404K(1105920K)], 0.1874672 secs] [Times: user=0.88 sys=0.01, real=0.18 secs] 
3774.394: [GC (Allocation Failure) [PSYoungGen: 232960K->178656K(465920K)] 306150K->251846K(1864192K), 0.0387378 secs] [Times: user=0.23 sys=0.00, real=0.04 secs] 
3777.917: [GC (Allocation Failure) [PSYoungGen: 411616K->82848K(465920K)] 484806K->334958K(1864192K), 0.1291498 secs] [Times: user=0.77 sys=0.00, real=0.13 secs] 
3779.183: [GC (Allocation Failure) [PSYoungGen: 313933K->207520K(465920K)] 566043K->536083K(1864192K), 0.0674092 secs] [Times: user=0.40 sys=0.00, real=0.06 secs] 
3780.920: [GC (Allocation Failure) [PSYoungGen: 439256K->92896K(465920K)] 767819K->592347K(1864192K), 0.0996976 secs] [Times: user=0.60 sys=0.00, real=0.10 secs] 
3782.270: [GC (Allocation Failure) [PSYoungGen: 325856K->151232K(465920K)] 825307K->737240K(1864192K), 0.0605477 secs] [Times: user=0.36 sys=0.00, real=0.06 secs] 
3785.231: [GC (Allocation Failure) [PSYoungGen: 384192K->112000K(465920K)] 970200K->849032K(1864192K), 0.0891812 secs] [Times: user=0.53 sys=0.00, real=0.09 secs] 
3786.575: [GC (Allocation Failure) [PSYoungGen: 344960K->144544K(465920K)] 1081992K->974667K(1864192K), 0.0611820 secs] [Times: user=0.36 sys=0.00, real=0.06 secs] 
3790.243: [GC (Allocation Failure) [PSYoungGen: 377504K->113952K(347136K)] 1207627K->1088699K(1745408K), 0.0771870 secs] [Times: user=0.46 sys=0.00, real=0.07 secs] 
3791.568: [GC (Allocation Failure) [PSYoungGen: 346912K->134624K(468992K)] 1321659K->1212552K(1867264K), 0.0620822 secs] [Times: user=0.37 sys=0.01, real=0.06 secs] 
3793.047: [GC (Allocation Failure) [PSYoungGen: 375264K->145984K(461312K)] 1453192K->1358416K(1859584K), 0.0609812 secs] [Times: user=0.36 sys=0.00, real=0.06 secs] 
3793.108: [Full GC (Ergonomics) [PSYoungGen: 145984K->0K(461312K)] [ParOldGen: 1212432K->162100K(1398272K)] 1358416K->162100K(1859584K), [Metaspace: 60404K->60404K(1105920K)], 0.3797878 secs] [Times: user=1.76 sys=0.00, real=0.38 secs] 
3795.704: [GC (Allocation Failure) [PSYoungGen: 240640K->106048K(472576K)] 402740K->268148K(1870848K), 0.0607070 secs] [Times: user=0.36 sys=0.00, real=0.06 secs] 
3797.915: [GC (Allocation Failure) [PSYoungGen: 360512K->176480K(467968K)] 522612K->443129K(1866240K), 0.0572512 secs] [Times: user=0.34 sys=0.00, real=0.06 secs] 
3799.973: [GC (Allocation Failure) [PSYoungGen: 430944K->114496K(479744K)] 697593K->548561K(1878016K), 0.1768036 secs] [Times: user=1.04 sys=0.01, real=0.17 secs] 
3800.844: [GC (Allocation Failure) [PSYoungGen: 373568K->193376K(452608K)] 807633K->737518K(1850880K), 0.0597742 secs] [Times: user=0.35 sys=0.00, real=0.06 secs] 
3802.874: [GC (Allocation Failure) [PSYoungGen: 452448K->104512K(471040K)] 996590K->842238K(1869312K), 0.0887790 secs] [Times: user=0.52 sys=0.00, real=0.09 secs] 
3804.202: [GC (Allocation Failure) [PSYoungGen: 344128K->147168K(387072K)] 1081854K->978267K(1785344K), 0.0622739 secs] [Times: user=0.37 sys=0.00, real=0.07 secs] 
3805.280: [GC (Allocation Failure) [PSYoungGen: 386784K->143424K(468992K)] 1217883K->1121939K(1867264K), 0.0636147 secs] [Times: user=0.38 sys=0.00, real=0.07 secs] 
3807.925: [GC (Allocation Failure) [PSYoungGen: 389184K->4000K(462848K)] 1367699K->982547K(1861120K), 0.0037179 secs] [Times: user=0.02 sys=0.00, real=0.00 secs] 
3811.140: [GC (Allocation Failure) [PSYoungGen: 249760K->165920K(464896K)] 1228307K->1146903K(1863168K), 0.0342078 secs] [Times: user=0.20 sys=0.00, real=0.04 secs] 
3812.527: [GC (Allocation Failure) [PSYoungGen: 398880K->103168K(336384K)] 1379863K->1240927K(1734656K), 0.0799586 secs] [Times: user=0.47 sys=0.00, real=0.08 secs] 
3813.716: [GC (Allocation Failure) [PSYoungGen: 332803K->161792K(460800K)] 1470563K->1400096K(1859072K), 0.0556234 secs] [Times: user=0.33 sys=0.00, real=0.06 secs] 
3813.772: [Full GC (Ergonomics) [PSYoungGen: 161792K->0K(460800K)] [ParOldGen: 1238304K->197590K(1398272K)] 1400096K->197590K(1859072K), [Metaspace: 60405K->60405K(1105920K)], 0.4825811 secs] [Times: user=2.18 sys=0.00, real=0.48 secs] 
3816.715: [GC (Allocation Failure) [PSYoungGen: 230912K->97056K(463872K)] 428502K->294647K(1862144K), 0.0898074 secs] [Times: user=0.53 sys=0.01, real=0.09 secs] 
3817.598: [GC (Allocation Failure) [PSYoungGen: 327968K->168896K(458752K)] 525559K->460119K(1857024K), 0.0500364 secs] [Times: user=0.29 sys=0.00, real=0.05 secs] 
3820.067: [GC (Allocation Failure) [PSYoungGen: 399808K->87456K(463872K)] 691031K->547191K(1862144K), 0.1368219 secs] [Times: user=0.81 sys=0.00, real=0.14 secs] 
3820.601: [GC (Allocation Failure) [PSYoungGen: 318368K->169536K(463872K)] 778103K->713276K(1862144K), 0.0558523 secs] [Times: user=0.33 sys=0.00, real=0.06 secs] 
3823.990: [GC (Allocation Failure) [PSYoungGen: 402496K->80448K(465920K)] 946236K->793884K(1864192K), 0.1298271 secs] [Times: user=0.77 sys=0.00, real=0.13 secs] 
3825.886: [GC (Allocation Failure) [PSYoungGen: 313408K->169568K(465920K)] 1026844K->957517K(1864192K), 0.1489609 secs] [Times: user=0.88 sys=0.00, real=0.15 secs] 
3830.400: [GC (Allocation Failure) [PSYoungGen: 402528K->81920K(465920K)] 1190477K->1039301K(1864192K), 0.1759226 secs] [Times: user=1.05 sys=0.00, real=0.18 secs] 
3830.894: [GC (Allocation Failure) [PSYoungGen: 314880K->177024K(465920K)] 1272261K->1209814K(1864192K), 0.0576498 secs] [Times: user=0.34 sys=0.00, real=0.05 secs] 
3832.936: [GC (Allocation Failure) [PSYoungGen: 409984K->91904K(465920K)] 1442774K->1301518K(1864192K), 0.1048759 secs] [Times: user=0.62 sys=0.01, real=0.10 secs] 
3833.041: [Full GC (Ergonomics) [PSYoungGen: 91904K->0K(465920K)] [ParOldGen: 1209614K->100955K(1398272K)] 1301518K->100955K(1864192K), [Metaspace: 60406K->60406K(1105920K)], 0.2300556 secs] [Times: user=1.04 sys=0.00, real=0.23 secs] 
3836.308: [GC (Allocation Failure) [PSYoungGen: 229163K->195104K(465920K)] 330118K->296059K(1864192K), 0.0483644 secs] [Times: user=0.29 sys=0.00, real=0.05 secs] 
3836.994: [GC (Allocation Failure) [PSYoungGen: 422211K->93408K(465920K)] 523166K->352875K(1864192K), 0.1019261 secs] [Times: user=0.60 sys=0.01, real=0.10 secs] 
3838.558: [GC (Allocation Failure) [PSYoungGen: 326368K->151168K(465920K)] 585835K->497143K(1864192K), 0.0598049 secs] [Times: user=0.35 sys=0.00, real=0.06 secs] 
3840.399: [GC (Allocation Failure) [PSYoungGen: 384128K->109664K(465920K)] 730103K->606767K(1864192K), 0.0652004 secs] [Times: user=0.38 sys=0.01, real=0.07 secs] 
3842.436: [GC (Allocation Failure) [PSYoungGen: 342624K->139040K(460800K)] 839727K->735396K(1859072K), 0.0616910 secs] [Times: user=0.37 sys=0.00, real=0.06 secs] 
3845.753: [GC (Allocation Failure) [PSYoungGen: 372000K->126720K(359936K)] 968356K->861436K(1758208K), 0.0676919 secs] [Times: user=0.40 sys=0.00, real=0.06 secs] 
3847.082: [GC (Allocation Failure) [PSYoungGen: 359680K->121024K(468480K)] 1094396K->972347K(1866752K), 0.0631938 secs] [Times: user=0.38 sys=0.00, real=0.06 secs] 
3850.326: [GC (Allocation Failure) [PSYoungGen: 368832K->158208K(461312K)] 1220155K->1130427K(1859584K), 0.0581560 secs] [Times: user=0.33 sys=0.01, real=0.06 secs] 
3852.162: [GC (Allocation Failure) [PSYoungGen: 406016K->15072K(459776K)] 1378235K->987343K(1858048K), 0.0141576 secs] [Times: user=0.08 sys=0.00, real=0.01 secs] 
3853.576: [GC (Allocation Failure) [PSYoungGen: 256307K->170304K(414720K)] 1228579K->1154880K(1812992K), 0.0368813 secs] [Times: user=0.21 sys=0.00, real=0.04 secs] 
3856.174: [GC (Allocation Failure) [PSYoungGen: 414528K->102656K(471040K)] 1399104K->1248876K(1869312K), 0.1730335 secs] [Times: user=1.02 sys=0.00, real=0.17 secs] 
3857.661: [GC (Allocation Failure) [PSYoungGen: 340736K->173600K(465920K)] 1486956K->1418189K(1864192K), 0.0543841 secs] [Times: user=0.32 sys=0.01, real=0.06 secs] 
3857.715: [Full GC (Ergonomics) [PSYoungGen: 173600K->0K(465920K)] [ParOldGen: 1244589K->222010K(1398272K)] 1418189K->222010K(1864192K), [Metaspace: 60418K->60418K(1105920K)], 0.5280422 secs] [Times: user=2.49 sys=0.00, real=0.53 secs] 
3860.517: [GC (Allocation Failure) [PSYoungGen: 238080K->91264K(467456K)] 460090K->313275K(1865728K), 0.0942297 secs] [Times: user=0.56 sys=0.00, real=0.09 secs] 
3860.931: [GC (Allocation Failure) [PSYoungGen: 325760K->180512K(465920K)] 547771K->487603K(1864192K), 0.0590754 secs] [Times: user=0.35 sys=0.00, real=0.06 secs] 
3864.491: [GC (Allocation Failure) [PSYoungGen: 415008K->83296K(465920K)] 722099K->571107K(1864192K), 0.1122317 secs] [Times: user=0.67 sys=0.00, real=0.12 secs] 
3865.755: [GC (Allocation Failure) [PSYoungGen: 311375K->201632K(465920K)] 799187K->766888K(1864192K), 0.0670092 secs] [Times: user=0.40 sys=0.00, real=0.07 secs] 
3869.179: [GC (Allocation Failure) [PSYoungGen: 434592K->88768K(465920K)] 999848K->819064K(1864192K), 0.1011884 secs] [Times: user=0.60 sys=0.00, real=0.10 secs] 
3870.521: [GC (Allocation Failure) [PSYoungGen: 321728K->155392K(465920K)] 1052024K->968069K(1864192K), 0.0604909 secs] [Times: user=0.37 sys=0.00, real=0.07 secs] 
3872.085: [GC (Allocation Failure) [PSYoungGen: 388352K->104736K(465920K)] 1201029K->1072761K(1864192K), 0.0708959 secs] [Times: user=0.42 sys=0.01, real=0.07 secs] 
3875.094: [GC (Allocation Failure) [PSYoungGen: 337696K->144000K(465920K)] 1305721K->1205694K(1864192K), 0.0610783 secs] [Times: user=0.36 sys=0.00, real=0.06 secs] 
3877.371: [GC (Allocation Failure) [PSYoungGen: 376960K->116800K(454656K)] 1438654K->1322270K(1852928K), 0.0746346 secs] [Times: user=0.45 sys=0.00, real=0.08 secs] 
3877.446: [Full GC (Ergonomics) [PSYoungGen: 116800K->0K(454656K)] [ParOldGen: 1205470K->131782K(1398272K)] 1322270K->131782K(1852928K), [Metaspace: 60423K->60423K(1105920K)], 0.2961775 secs] [Times: user=1.35 sys=0.00, real=0.30 secs] 
3880.122: [GC (Allocation Failure) [PSYoungGen: 232960K->131296K(460288K)] 364742K->263078K(1858560K), 0.0455359 secs] [Times: user=0.26 sys=0.01, real=0.04 secs] 
3882.140: [GC (Allocation Failure) [PSYoungGen: 364256K->132832K(459264K)] 496038K->395846K(1857536K), 0.0700414 secs] [Times: user=0.42 sys=0.00, real=0.07 secs] 
3884.062: [GC (Allocation Failure) [PSYoungGen: 385760K->5120K(463872K)] 648774K->268182K(1862144K), 0.0021694 secs] [Times: user=0.01 sys=0.00, real=0.00 secs] 
3885.328: [GC (Allocation Failure) [PSYoungGen: 253865K->178176K(457216K)] 516927K->445399K(1855488K), 0.0608179 secs] [Times: user=0.35 sys=0.00, real=0.06 secs] 
3887.740: [GC (Allocation Failure) [PSYoungGen: 411136K->94496K(465920K)] 678359K->531807K(1864192K), 0.1192608 secs] [Times: user=0.70 sys=0.01, real=0.12 secs] 
3889.501: [GC (Allocation Failure) [PSYoungGen: 327456K->166912K(462336K)] 764767K->695285K(1860608K), 0.0504828 secs] [Times: user=0.30 sys=0.00, real=0.05 secs] 
3892.649: [GC (Allocation Failure) [PSYoungGen: 399872K->85344K(465920K)] 928245K->780517K(1864192K), 0.1387791 secs] [Times: user=0.82 sys=0.00, real=0.14 secs] 
3894.126: [GC (Allocation Failure) [PSYoungGen: 318304K->170976K(464384K)] 1013477K->947234K(1862656K), 0.0544760 secs] [Times: user=0.32 sys=0.00, real=0.05 secs] 
3896.970: [GC (Allocation Failure) [PSYoungGen: 403936K->84896K(465920K)] 1180194K->1032090K(1864192K), 0.1602062 secs] [Times: user=0.95 sys=0.00, real=0.16 secs] 
3897.505: [GC (Allocation Failure) [PSYoungGen: 317856K->178976K(465920K)] 1265050K->1205243K(1864192K), 0.0577169 secs] [Times: user=0.34 sys=0.00, real=0.06 secs] 
3901.206: [GC (Allocation Failure) [PSYoungGen: 411936K->82336K(465920K)] 1438203K->1287743K(1864192K), 0.1330093 secs] [Times: user=0.79 sys=0.00, real=0.13 secs] 
3901.339: [Full GC (Ergonomics) [PSYoungGen: 82336K->0K(465920K)] [ParOldGen: 1205407K->85090K(1398272K)] 1287743K->85090K(1864192K), [Metaspace: 60424K->60424K(1105920K)], 0.2038999 secs] [Times: user=0.93 sys=0.00, real=0.21 secs] 
3901.942: [GC (Allocation Failure) [PSYoungGen: 232584K->208032K(465920K)] 317675K->293122K(1864192K), 0.0383090 secs] [Times: user=0.23 sys=0.00, real=0.03 secs] 
3904.856: [GC (Allocation Failure) [PSYoungGen: 440992K->88032K(465920K)] 526082K->347354K(1864192K), 0.1021023 secs] [Times: user=0.60 sys=0.00, real=0.10 secs] 
3906.401: [GC (Allocation Failure) [PSYoungGen: 320992K->156288K(465920K)] 580314K->496975K(1864192K), 0.0596504 secs] [Times: user=0.35 sys=0.00, real=0.06 secs] 
3907.914: [GC (Allocation Failure) [PSYoungGen: 389248K->106368K(465920K)] 729935K->603143K(1864192K), 0.0816643 secs] [Times: user=0.49 sys=0.00, real=0.08 secs] 
3910.543: [GC (Allocation Failure) [PSYoungGen: 339328K->141504K(465920K)] 836103K->734382K(1864192K), 0.0612861 secs] [Times: user=0.36 sys=0.00, real=0.06 secs] 
3912.786: [GC (Allocation Failure) [PSYoungGen: 374464K->129536K(363008K)] 967342K->863966K(1761280K), 0.0762390 secs] [Times: user=0.45 sys=0.00, real=0.08 secs] 
3914.277: [GC (Allocation Failure) [PSYoungGen: 362496K->126688K(469504K)] 1096926K->972157K(1867776K), 0.0628388 secs] [Times: user=0.37 sys=0.00, real=0.06 secs] 
3917.467: [GC (Allocation Failure) [PSYoungGen: 368864K->140256K(460288K)] 1214333K->1112141K(1858560K), 0.0580948 secs] [Times: user=0.34 sys=0.00, real=0.06 secs] 
3918.849: [GC (Allocation Failure) [PSYoungGen: 382432K->5376K(454144K)] 1354317K->977389K(1852416K), 0.0042177 secs] [Times: user=0.02 sys=0.00, real=0.01 secs] 
3921.513: [GC (Allocation Failure) [PSYoungGen: 246016K->165440K(406528K)] 1218029K->1140802K(1804800K), 0.0337274 secs] [Times: user=0.20 sys=0.00, real=0.03 secs] 
3923.337: [GC (Allocation Failure) [PSYoungGen: 406080K->105888K(474112K)] 1381442K->1237514K(1872384K), 0.1294815 secs] [Times: user=0.78 sys=0.00, real=0.13 secs] 
3925.123: [GC (Allocation Failure) [PSYoungGen: 347040K->186784K(465920K)] 1478666K->1420647K(1864192K), 0.0561866 secs] [Times: user=0.34 sys=0.00, real=0.05 secs] 
3925.179: [Full GC (Ergonomics) [PSYoungGen: 186784K->0K(465920K)] [ParOldGen: 1233863K->208668K(1398272K)] 1420647K->208668K(1864192K), [Metaspace: 60424K->60424K(1105920K)], 0.4856676 secs] [Times: user=2.25 sys=0.00, real=0.49 secs] 
3928.985: [GC (Allocation Failure) [PSYoungGen: 241152K->91104K(465920K)] 449820K->299772K(1864192K), 0.1617724 secs] [Times: user=0.97 sys=0.00, real=0.16 secs] 
3930.105: [GC (Allocation Failure) [PSYoungGen: 324064K->168992K(465920K)] 532732K->465065K(1864192K), 0.0560742 secs] [Times: user=0.33 sys=0.00, real=0.05 secs] 
3932.866: [GC (Allocation Failure) [PSYoungGen: 401952K->85120K(465920K)] 698025K->550177K(1864192K), 0.1222092 secs] [Times: user=0.73 sys=0.00, real=0.12 secs] 
3933.413: [GC (Allocation Failure) [PSYoungGen: 318080K->176416K(465920K)] 783137K->720706K(1864192K), 0.0574933 secs] [Times: user=0.34 sys=0.00, real=0.05 secs] 
3936.813: [GC (Allocation Failure) [PSYoungGen: 409376K->89472K(465920K)] 953666K->809866K(1864192K), 0.1395645 secs] [Times: user=0.83 sys=0.01, real=0.14 secs] 
3937.593: [GC (Allocation Failure) [PSYoungGen: 319538K->205728K(465920K)] 1039932K->1005375K(1864192K), 0.0614816 secs] [Times: user=0.36 sys=0.00, real=0.06 secs] 
3940.449: [GC (Allocation Failure) [PSYoungGen: 438688K->89824K(465920K)] 1238335K->1060231K(1864192K), 0.1094367 secs] [Times: user=0.65 sys=0.00, real=0.11 secs] 
3942.809: [GC (Allocation Failure) [PSYoungGen: 322784K->154784K(465920K)] 1293191K->1208478K(1864192K), 0.0604377 secs] [Times: user=0.36 sys=0.00, real=0.06 secs] 
3943.878: [GC (Allocation Failure) [PSYoungGen: 387744K->104128K(465920K)] 1441438K->1312350K(1864192K), 0.0744002 secs] [Times: user=0.44 sys=0.00, real=0.08 secs] 
3943.952: [Full GC (Ergonomics) [PSYoungGen: 104128K->0K(465920K)] [ParOldGen: 1208222K->119169K(1398272K)] 1312350K->119169K(1864192K), [Metaspace: 60424K->60424K(1105920K)], 0.2725661 secs] [Times: user=1.24 sys=0.00, real=0.27 secs] 
3946.229: [GC (Allocation Failure) [PSYoungGen: 232960K->144544K(465920K)] 352129K->263713K(1864192K), 0.0535872 secs] [Times: user=0.32 sys=0.00, real=0.06 secs] 
3947.758: [GC (Allocation Failure) [PSYoungGen: 377504K->125344K(454656K)] 496673K->389097K(1852928K), 0.0802010 secs] [Times: user=0.48 sys=0.00, real=0.08 secs] 
3950.237: [GC (Allocation Failure) [PSYoungGen: 358304K->122464K(460288K)] 622057K->501614K(1858560K), 0.0627250 secs] [Times: user=0.37 sys=0.00, real=0.06 secs] 
3952.055: [GC (Allocation Failure) [PSYoungGen: 355424K->143776K(466944K)] 734574K->645166K(1865216K), 0.0573391 secs] [Times: user=0.34 sys=0.00, real=0.06 secs] 
3954.618: [GC (Allocation Failure) [PSYoungGen: 396192K->9248K(467968K)] 897582K->510662K(1866240K), 0.0061946 secs] [Times: user=0.03 sys=0.00, real=0.01 secs] 
3956.830: [GC (Allocation Failure) [PSYoungGen: 256708K->175616K(460800K)] 758122K->683979K(1859072K), 0.0363422 secs] [Times: user=0.22 sys=0.00, real=0.04 secs] 
3959.498: [GC (Allocation Failure) [PSYoungGen: 408576K->94720K(465920K)] 916939K->769883K(1864192K), 0.1720537 secs] [Times: user=1.00 sys=0.00, real=0.17 secs] 
3962.027: [GC (Allocation Failure) [PSYoungGen: 327680K->164640K(464384K)] 1002843K->930608K(1862656K), 0.0847005 secs] [Times: user=0.50 sys=0.00, real=0.09 secs] 
3965.187: [GC (Allocation Failure) [PSYoungGen: 397600K->86880K(465920K)] 1163568K->1017368K(1864192K), 0.1368506 secs] [Times: user=0.81 sys=0.01, real=0.14 secs] 
3966.393: [GC (Allocation Failure) [PSYoungGen: 319840K->185056K(464896K)] 1250328K->1199049K(1863168K), 0.0561290 secs] [Times: user=0.33 sys=0.00, real=0.05 secs] 
3969.088: [GC (Allocation Failure) [PSYoungGen: 418016K->87232K(465920K)] 1432009K->1269501K(1864192K), 0.1408126 secs] [Times: user=0.84 sys=0.00, real=0.14 secs] 
3969.228: [Full GC (Ergonomics) [PSYoungGen: 87232K->0K(465920K)] [ParOldGen: 1182269K->68309K(1398272K)] 1269501K->68309K(1864192K), [Metaspace: 60426K->60426K(1105920K)], 0.1728239 secs] [Times: user=0.79 sys=0.00, real=0.17 secs] 
3970.407: [GC (Allocation Failure) [PSYoungGen: 232960K->172992K(465920K)] 301269K->241301K(1864192K), 0.0934153 secs] [Times: user=0.55 sys=0.01, real=0.09 secs] 
3972.812: [GC (Allocation Failure) [PSYoungGen: 405952K->92352K(465920K)] 474261K->333845K(1864192K), 0.1047422 secs] [Times: user=0.63 sys=0.00, real=0.10 secs] 
3974.211: [GC (Allocation Failure) [PSYoungGen: 325312K->168480K(465920K)] 566805K->496858K(1864192K), 0.1548426 secs] [Times: user=0.92 sys=0.00, real=0.16 secs] 
3976.747: [GC (Allocation Failure) [PSYoungGen: 401440K->91200K(465920K)] 729818K->587914K(1864192K), 0.1090194 secs] [Times: user=0.65 sys=0.00, real=0.11 secs] 
3979.388: [GC (Allocation Failure) [PSYoungGen: 324160K->153184K(465920K)] 820874K->734943K(1864192K), 0.0606008 secs] [Times: user=0.36 sys=0.00, real=0.06 secs] 
3981.111: [GC (Allocation Failure) [PSYoungGen: 386144K->104224K(337408K)] 967903K->839119K(1735680K), 0.0825282 secs] [Times: user=0.49 sys=0.00, real=0.09 secs] 
3983.324: [GC (Allocation Failure) [PSYoungGen: 337184K->143808K(468480K)] 1072079K->972734K(1866752K), 0.0614817 secs] [Times: user=0.37 sys=0.00, real=0.06 secs] 
3986.335: [GC (Allocation Failure) [PSYoungGen: 380352K->119264K(355840K)] 1209278K->1091926K(1754112K), 0.0670801 secs] [Times: user=0.40 sys=0.00, real=0.07 secs] 
3987.627: [GC (Allocation Failure) [PSYoungGen: 355808K->128544K(466944K)] 1328470K->1210319K(1865216K), 0.0625583 secs] [Times: user=0.37 sys=0.00, real=0.06 secs] 
3992.217: [GC (Allocation Failure) [PSYoungGen: 375840K->146720K(458240K)] 1457615K->1356911K(1856512K), 0.0587579 secs] [Times: user=0.35 sys=0.00, real=0.06 secs] 
3992.276: [Full GC (Ergonomics) [PSYoungGen: 146720K->0K(458240K)] [ParOldGen: 1210191K->161669K(1398272K)] 1356911K->161669K(1856512K), [Metaspace: 60433K->60433K(1105920K)], 0.3828064 secs] [Times: user=1.78 sys=0.00, real=0.38 secs] 
3994.121: [GC (Allocation Failure) [PSYoungGen: 247296K->113088K(482304K)] 408965K->274757K(1880576K), 0.0744199 secs] [Times: user=0.44 sys=0.00, real=0.08 secs] 
3996.241: [GC (Allocation Failure) [PSYoungGen: 387008K->204256K(478208K)] 548677K->481277K(1876480K), 0.0629550 secs] [Times: user=0.38 sys=0.00, real=0.07 secs] 
3999.184: [GC (Allocation Failure) [PSYoungGen: 478176K->117280K(453632K)] 755197K->581917K(1851904K), 0.1358985 secs] [Times: user=0.81 sys=0.00, real=0.13 secs] 
4001.263: [GC (Allocation Failure) [PSYoungGen: 346689K->198784K(465920K)] 811327K->774586K(1864192K), 0.0662759 secs] [Times: user=0.39 sys=0.00, real=0.06 secs] 
4002.703: [GC (Allocation Failure) [PSYoungGen: 431026K->93344K(465920K)] 1006828K->832954K(1864192K), 0.1043541 secs] [Times: user=0.62 sys=0.00, real=0.10 secs] 
4005.280: [GC (Allocation Failure) [PSYoungGen: 326304K->151200K(465920K)] 1065914K->977335K(1864192K), 0.0603878 secs] [Times: user=0.36 sys=0.00, real=0.06 secs] 
4006.470: [GC (Allocation Failure) [PSYoungGen: 384160K->109824K(465920K)] 1210295K->1087103K(1864192K), 0.0689199 secs] [Times: user=0.41 sys=0.00, real=0.07 secs] 
4009.142: [GC (Allocation Failure) [PSYoungGen: 342784K->138208K(465920K)] 1320063K->1215196K(1864192K), 0.0620814 secs] [Times: user=0.37 sys=0.00, real=0.06 secs] 
4010.995: [GC (Allocation Failure) [PSYoungGen: 371168K->123584K(465920K)] 1448156K->1338572K(1864192K), 0.0732122 secs] [Times: user=0.43 sys=0.00, real=0.07 secs] 
4011.068: [Full GC (Ergonomics) [PSYoungGen: 123584K->0K(465920K)] [ParOldGen: 1214988K->138684K(1398272K)] 1338572K->138684K(1864192K), [Metaspace: 60459K->60459K(1105920K)], 0.3234841 secs] [Times: user=1.49 sys=0.00, real=0.33 secs] 
4014.091: [GC (Allocation Failure) [PSYoungGen: 232960K->124352K(357376K)] 371644K->263036K(1755648K), 0.0442225 secs] [Times: user=0.26 sys=0.00, real=0.05 secs] 
4016.797: [GC (Allocation Failure) [PSYoungGen: 357312K->133344K(468480K)] 495996K->396636K(1866752K), 0.0623444 secs] [Times: user=0.37 sys=0.00, real=0.06 secs] 
4018.061: [GC (Allocation Failure) [PSYoungGen: 374496K->3392K(460288K)] 637788K->266780K(1858560K), 0.0020102 secs] [Times: user=0.01 sys=0.00, real=0.01 secs] 
4019.502: [GC (Allocation Failure) [PSYoungGen: 244544K->167552K(465920K)] 507932K->433354K(1864192K), 0.0629815 secs] [Times: user=0.37 sys=0.00, real=0.06 secs] 
4022.116: [GC (Allocation Failure) [PSYoungGen: 400512K->98496K(465920K)] 666314K->523474K(1864192K), 0.1279688 secs] [Times: user=0.76 sys=0.00, real=0.13 secs] 
4023.813: [GC (Allocation Failure) [PSYoungGen: 327082K->164768K(465920K)] 752061K->685379K(1864192K), 0.0520922 secs] [Times: user=0.31 sys=0.00, real=0.05 secs] 
4026.439: [GC (Allocation Failure) [PSYoungGen: 397728K->93600K(326656K)] 918339K->770323K(1724928K), 0.1661090 secs] [Times: user=0.99 sys=0.00, real=0.17 secs] 
4028.575: [GC (Allocation Failure) [PSYoungGen: 311503K->157344K(463872K)] 988226K->923452K(1862144K), 0.0493723 secs] [Times: user=0.30 sys=0.00, real=0.05 secs] 
4030.610: [GC (Allocation Failure) [PSYoungGen: 389280K->95136K(327168K)] 1155388K->1009792K(1725440K), 0.1636398 secs] [Times: user=0.97 sys=0.00, real=0.17 secs] 
4031.523: [GC (Allocation Failure) [PSYoungGen: 327072K->168576K(457728K)] 1241728K->1174205K(1856000K), 0.0519827 secs] [Times: user=0.31 sys=0.00, real=0.05 secs] 
4033.861: [GC (Allocation Failure) [PSYoungGen: 397952K->90400K(462336K)] 1403581K->1264161K(1860608K), 0.1638954 secs] [Times: user=0.97 sys=0.01, real=0.17 secs] 
4034.025: [Full GC (Ergonomics) [PSYoungGen: 90400K->0K(462336K)] [ParOldGen: 1173761K->61510K(1398272K)] 1264161K->61510K(1860608K), [Metaspace: 60459K->60459K(1105920K)], 0.1638325 secs] [Times: user=0.75 sys=0.00, real=0.16 secs] 
4034.910: [GC (Allocation Failure) [PSYoungGen: 229376K->167488K(463360K)] 290886K->228999K(1861632K), 0.0339191 secs] [Times: user=0.20 sys=0.00, real=0.04 secs] 
4037.741: [GC (Allocation Failure) [PSYoungGen: 400448K->87040K(465920K)] 461959K->315799K(1864192K), 0.1738572 secs] [Times: user=1.04 sys=0.00, real=0.18 secs] 
4038.466: [GC (Allocation Failure) [PSYoungGen: 320000K->178592K(465408K)] 548759K->488851K(1863680K), 0.0806673 secs] [Times: user=0.48 sys=0.00, real=0.08 secs] 
4042.947: [GC (Allocation Failure) [PSYoungGen: 411552K->78752K(465920K)] 721811K->567827K(1864192K), 0.1337675 secs] [Times: user=0.80 sys=0.00, real=0.13 secs] 
4043.515: [GC (Allocation Failure) [PSYoungGen: 310176K->206816K(465920K)] 799252K->768320K(1864192K), 0.0561891 secs] [Times: user=0.34 sys=0.00, real=0.05 secs] 
4048.851: [GC (Allocation Failure) [PSYoungGen: 439776K->79904K(465920K)] 1001280K->814304K(1864192K), 0.1200696 secs] [Times: user=0.72 sys=0.00, real=0.12 secs] 
4050.216: [GC (Allocation Failure) [PSYoungGen: 312864K->164352K(465920K)] 1047264K->971831K(1864192K), 0.0598341 secs] [Times: user=0.36 sys=0.00, real=0.06 secs] 
4052.091: [GC (Allocation Failure) [PSYoungGen: 393696K->93248K(465920K)] 1201176K->1064975K(1864192K), 0.1017516 secs] [Times: user=0.61 sys=0.00, real=0.11 secs] 
4053.866: [GC (Allocation Failure) [PSYoungGen: 326208K->151072K(465920K)] 1297935K->1209316K(1864192K), 0.0610414 secs] [Times: user=0.36 sys=0.00, real=0.06 secs] 
4054.676: [GC (Allocation Failure) [PSYoungGen: 384032K->120192K(465920K)] 1442276K->1329756K(1864192K), 0.0689229 secs] [Times: user=0.40 sys=0.00, real=0.07 secs] 
4054.744: [Full GC (Ergonomics) [PSYoungGen: 120192K->0K(465920K)] [ParOldGen: 1209564K->127027K(1398272K)] 1329756K->127027K(1864192K), [Metaspace: 60459K->60459K(1105920K)], 0.2870148 secs] [Times: user=1.32 sys=0.00, real=0.28 secs] 
4057.815: [GC (Allocation Failure) [PSYoungGen: 232960K->136352K(455680K)] 359987K->263379K(1853952K), 0.0485710 secs] [Times: user=0.29 sys=0.00, real=0.05 secs] 
4058.666: [GC (Allocation Failure) [PSYoungGen: 369312K->141248K(460800K)] 496339K->404787K(1859072K), 0.0701362 secs] [Times: user=0.42 sys=0.00, real=0.07 secs] 
4061.760: [GC (Allocation Failure) [PSYoungGen: 374208K->114944K(459264K)] 637747K->501632K(1857536K), 0.0624868 secs] [Times: user=0.38 sys=0.00, real=0.07 secs] 
4064.191: [GC (Allocation Failure) [PSYoungGen: 363776K->155456K(464896K)] 750464K->656760K(1863168K), 0.0565856 secs] [Times: user=0.34 sys=0.00, real=0.06 secs] 
4066.371: [GC (Allocation Failure) [PSYoungGen: 404288K->18080K(460288K)] 905592K->519424K(1858560K), 0.0165115 secs] [Times: user=0.08 sys=0.01, real=0.02 secs] 
4069.332: [GC (Allocation Failure) [PSYoungGen: 257118K->167424K(411136K)] 758462K->683916K(1809408K), 0.0371442 secs] [Times: user=0.21 sys=0.00, real=0.03 secs] 
4071.000: [GC (Allocation Failure) [PSYoungGen: 410624K->107744K(472064K)] 927116K->782804K(1870336K), 0.1285522 secs] [Times: user=0.77 sys=0.00, real=0.13 secs] 
4072.535: [GC (Allocation Failure) [PSYoungGen: 346848K->169664K(465920K)] 1021908K->947010K(1864192K), 0.1326444 secs] [Times: user=0.79 sys=0.00, real=0.13 secs] 
4075.441: [GC (Allocation Failure) [PSYoungGen: 408768K->95808K(467456K)] 1186114K->1042558K(1865728K), 0.1196439 secs] [Times: user=0.71 sys=0.00, real=0.12 secs] 
4077.235: [GC (Allocation Failure) [PSYoungGen: 333376K->174112K(465920K)] 1280126K->1211071K(1864192K), 0.1407586 secs] [Times: user=0.84 sys=0.01, real=0.14 secs] 
4081.644: [GC (Allocation Failure) [PSYoungGen: 411680K->86400K(465920K)] 1448639K->1297575K(1864192K), 0.1248119 secs] [Times: user=0.74 sys=0.00, real=0.12 secs] 
4081.769: [Full GC (Ergonomics) [PSYoungGen: 86400K->0K(465920K)] [ParOldGen: 1211175K->96553K(1398272K)] 1297575K->96553K(1864192K), [Metaspace: 60461K->60461K(1105920K)], 0.2355037 secs] [Times: user=1.08 sys=0.00, real=0.24 secs] 
4083.199: [GC (Allocation Failure) [PSYoungGen: 232960K->162496K(465920K)] 329513K->259049K(1864192K), 0.0469145 secs] [Times: user=0.28 sys=0.00, real=0.05 secs] 
4085.038: [GC (Allocation Failure) [PSYoungGen: 388690K->93600K(462848K)] 485243K->352641K(1861120K), 0.0814831 secs] [Times: user=0.48 sys=0.00, real=0.08 secs] 
4086.632: [GC (Allocation Failure) [PSYoungGen: 326560K->150848K(464384K)] 585601K->496433K(1862656K), 0.0601198 secs] [Times: user=0.36 sys=0.00, real=0.06 secs] 
4088.372: [GC (Allocation Failure) [PSYoungGen: 383808K->118048K(449536K)] 729393K->614729K(1847808K), 0.0826657 secs] [Times: user=0.49 sys=0.00, real=0.08 secs] 
4090.680: [GC (Allocation Failure) [PSYoungGen: 355104K->138336K(458752K)] 851785K->734370K(1857024K), 0.0613948 secs] [Times: user=0.36 sys=0.00, real=0.07 secs] 
4094.347: [GC (Allocation Failure) [PSYoungGen: 375392K->126848K(455680K)] 971426K->860982K(1853952K), 0.0690985 secs] [Times: user=0.41 sys=0.00, real=0.07 secs] 
4095.693: [GC (Allocation Failure) [PSYoungGen: 387456K->8128K(468480K)] 1121590K->742334K(1866752K), 0.0040358 secs] [Times: user=0.03 sys=0.00, real=0.00 secs] 
4097.408: [GC (Allocation Failure) [PSYoungGen: 258236K->176480K(454144K)] 992443K->916955K(1852416K), 0.0363692 secs] [Times: user=0.21 sys=0.00, real=0.04 secs] 
4099.211: [GC (Allocation Failure) [PSYoungGen: 410464K->96768K(466432K)] 1150939K->1004999K(1864704K), 0.1743283 secs] [Times: user=1.04 sys=0.00, real=0.18 secs] 
4100.051: [GC (Allocation Failure) [PSYoungGen: 330752K->171168K(458752K)] 1238983K->1172752K(1857024K), 0.0520990 secs] [Times: user=0.31 sys=0.00, real=0.06 secs] 
4103.387: [GC (Allocation Failure) [PSYoungGen: 402431K->86944K(465920K)] 1404016K->1259276K(1864192K), 0.1874903 secs] [Times: user=1.12 sys=0.00, real=0.19 secs] 
4103.575: [Full GC (Ergonomics) [PSYoungGen: 86944K->0K(465920K)] [ParOldGen: 1172332K->63030K(1398272K)] 1259276K->63030K(1864192K), [Metaspace: 60463K->60463K(1105920K)], 0.1735817 secs] [Times: user=0.81 sys=0.00, real=0.17 secs] 
4104.167: [GC (Allocation Failure) [PSYoungGen: 232960K->174048K(462848K)] 295990K->237078K(1861120K), 0.0360688 secs] [Times: user=0.20 sys=0.00, real=0.04 secs] 
4108.053: [GC (Allocation Failure) [PSYoungGen: 407008K->80128K(465920K)] 470038K->317462K(1864192K), 0.1694210 secs] [Times: user=1.01 sys=0.00, real=0.17 secs] 
4108.535: [GC (Allocation Failure) [PSYoungGen: 313088K->177024K(465920K)] 550422K->488634K(1864192K), 0.0566434 secs] [Times: user=0.34 sys=0.00, real=0.05 secs] 
4110.662: [GC (Allocation Failure) [PSYoungGen: 409984K->96576K(465920K)] 721594K->585018K(1864192K), 0.1073744 secs] [Times: user=0.64 sys=0.00, real=0.10 secs] 
4113.542: [GC (Allocation Failure) [PSYoungGen: 325807K->192608K(465920K)] 814250K->767959K(1864192K), 0.0609844 secs] [Times: user=0.36 sys=0.00, real=0.07 secs] 
4114.965: [GC (Allocation Failure) [PSYoungGen: 418475K->92992K(465920K)] 993827K->826311K(1864192K), 0.0990119 secs] [Times: user=0.59 sys=0.00, real=0.10 secs] 
4116.815: [GC (Allocation Failure) [PSYoungGen: 325952K->151200K(465920K)] 1059271K->971060K(1864192K), 0.0607484 secs] [Times: user=0.36 sys=0.00, real=0.06 secs] 
4119.650: [GC (Allocation Failure) [PSYoungGen: 384160K->103136K(465920K)] 1204020K->1073988K(1864192K), 0.0905043 secs] [Times: user=0.53 sys=0.00, real=0.09 secs] 
4121.146: [GC (Allocation Failure) [PSYoungGen: 336096K->145152K(463872K)] 1306948K->1208461K(1862144K), 0.0613166 secs] [Times: user=0.37 sys=0.00, real=0.06 secs] 
4124.203: [GC (Allocation Failure) [PSYoungGen: 378112K->119840K(353280K)] 1441421K->1328061K(1751552K), 0.0786441 secs] [Times: user=0.47 sys=0.00, real=0.07 secs] 
4124.281: [Full GC (Ergonomics) [PSYoungGen: 119840K->0K(353280K)] [ParOldGen: 1208221K->134911K(1398272K)] 1328061K->134911K(1751552K), [Metaspace: 60463K->60463K(1105920K)], 0.3098135 secs] [Times: user=1.42 sys=0.00, real=0.31 secs] 
4125.782: [GC (Allocation Failure) [PSYoungGen: 232960K->128160K(468480K)] 367871K->263071K(1866752K), 0.0435952 secs] [Times: user=0.25 sys=0.00, real=0.04 secs] 
4128.733: [GC (Allocation Failure) [PSYoungGen: 373408K->147712K(459264K)] 508319K->410663K(1857536K), 0.0629259 secs] [Times: user=0.37 sys=0.00, real=0.06 secs] 
4130.315: [GC (Allocation Failure) [PSYoungGen: 392476K->14240K(462336K)] 655427K->277231K(1860608K), 0.0062994 secs] [Times: user=0.03 sys=0.00, real=0.00 secs] 
4132.975: [GC (Allocation Failure) [PSYoungGen: 256605K->170656K(420864K)] 519596K->445387K(1819136K), 0.0365299 secs] [Times: user=0.21 sys=0.00, real=0.03 secs] 
4135.709: [GC (Allocation Failure) [PSYoungGen: 420512K->105536K(473600K)] 695243K->542272K(1871872K), 0.1714833 secs] [Times: user=1.01 sys=0.01, real=0.17 secs] 
4136.714: [GC (Allocation Failure) [PSYoungGen: 346176K->175744K(465920K)] 782912K->714172K(1864192K), 0.0548867 secs] [Times: user=0.33 sys=0.00, real=0.05 secs] 
4139.363: [GC (Allocation Failure) [PSYoungGen: 416384K->98112K(469504K)] 954812K->811932K(1867776K), 0.1379739 secs] [Times: user=0.82 sys=0.00, real=0.13 secs] 
4141.091: [GC (Allocation Failure) [PSYoungGen: 335112K->209312K(465920K)] 1048932K->1011545K(1864192K), 0.0595021 secs] [Times: user=0.35 sys=0.01, real=0.06 secs] 
4145.105: [GC (Allocation Failure) [PSYoungGen: 446368K->85632K(465920K)] 1248601K->1063377K(1864192K), 0.1186709 secs] [Times: user=0.71 sys=0.00, real=0.12 secs] 
4146.452: [GC (Allocation Failure) [PSYoungGen: 318592K->159328K(465920K)] 1296337K->1215750K(1864192K), 0.0601032 secs] [Times: user=0.36 sys=0.00, real=0.06 secs] 
4148.534: [GC (Allocation Failure) [PSYoungGen: 392288K->101824K(465920K)] 1448710K->1317246K(1864192K), 0.0972813 secs] [Times: user=0.57 sys=0.00, real=0.09 secs] 
4148.631: [Full GC (Ergonomics) [PSYoungGen: 101824K->0K(465920K)] [ParOldGen: 1215422K->116892K(1398272K)] 1317246K->116892K(1864192K), [Metaspace: 60463K->60463K(1105920K)], 0.2641322 secs] [Times: user=1.21 sys=0.00, real=0.27 secs] 
4150.127: [GC (Allocation Failure) [PSYoungGen: 232960K->146656K(465920K)] 349852K->263548K(1864192K), 0.0538420 secs] [Times: user=0.32 sys=0.00, real=0.05 secs] 
4152.305: [GC (Allocation Failure) [PSYoungGen: 379616K->120640K(452608K)] 496508K->384208K(1850880K), 0.0900647 secs] [Times: user=0.54 sys=0.00, real=0.09 secs] 
4153.645: [GC (Allocation Failure) [PSYoungGen: 353600K->127808K(459264K)] 617168K->501429K(1857536K), 0.0618401 secs] [Times: user=0.37 sys=0.00, real=0.06 secs] 
4156.115: [GC (Allocation Failure) [PSYoungGen: 360768K->137952K(463872K)] 734389K->639309K(1862144K), 0.0601611 secs] [Times: user=0.36 sys=0.00, real=0.06 secs] 
4157.387: [GC (Allocation Failure) [PSYoungGen: 393440K->10016K(466944K)] 894797K->511429K(1865216K), 0.0037059 secs] [Times: user=0.02 sys=0.00, real=0.00 secs] 
4160.149: [GC (Allocation Failure) [PSYoungGen: 259534K->174912K(456704K)] 760948K->684082K(1854976K), 0.0363473 secs] [Times: user=0.21 sys=0.00, real=0.04 secs] 
4162.341: [GC (Allocation Failure) [PSYoungGen: 407872K->97344K(465920K)] 917042K->772498K(1864192K), 0.1384088 secs] [Times: user=0.82 sys=0.00, real=0.14 secs] 
4163.697: [GC (Allocation Failure) [PSYoungGen: 330304K->166144K(460800K)] 1005458K->934811K(1859072K), 0.0512666 secs] [Times: user=0.30 sys=0.01, real=0.05 secs] 
4167.101: [GC (Allocation Failure) [PSYoungGen: 399104K->90112K(465920K)] 1167771K->1024331K(1864192K), 0.1543327 secs] [Times: user=0.92 sys=0.00, real=0.16 secs] 
4167.763: [GC (Allocation Failure) [PSYoungGen: 323072K->170272K(461824K)] 1257291K->1191234K(1860096K), 0.0564555 secs] [Times: user=0.33 sys=0.01, real=0.05 secs] 
4170.144: [GC (Allocation Failure) [PSYoungGen: 403232K->90048K(465920K)] 1424194K->1281290K(1864192K), 0.1611314 secs] [Times: user=0.96 sys=0.00, real=0.16 secs] 
4170.305: [Full GC (Ergonomics) [PSYoungGen: 90048K->0K(465920K)] [ParOldGen: 1191242K->79275K(1398272K)] 1281290K->79275K(1864192K), [Metaspace: 60463K->60463K(1105920K)], 0.2072952 secs] [Times: user=0.97 sys=0.00, real=0.21 secs] 
4170.773: [GC (Allocation Failure) [PSYoungGen: 232960K->173440K(464384K)] 312235K->252715K(1862656K), 0.0369523 secs] [Times: user=0.22 sys=0.00, real=0.03 secs] 
4174.849: [GC (Allocation Failure) [PSYoungGen: 406400K->85184K(465920K)] 485675K->337575K(1864192K), 0.1281429 secs] [Times: user=0.76 sys=0.00, real=0.13 secs] 
4176.142: [GC (Allocation Failure) [PSYoungGen: 317325K->202560K(465920K)] 569716K->534188K(1864192K), 0.0681293 secs] [Times: user=0.41 sys=0.00, real=0.06 secs] 
4178.683: [GC (Allocation Failure) [PSYoungGen: 434249K->92832K(465920K)] 765877K->590004K(1864192K), 0.1021017 secs] [Times: user=0.61 sys=0.00, real=0.10 secs] 
4179.981: [GC (Allocation Failure) [PSYoungGen: 325792K->150752K(465920K)] 822964K->734456K(1864192K), 0.0603448 secs] [Times: user=0.35 sys=0.00, real=0.07 secs] 
4181.505: [GC (Allocation Failure) [PSYoungGen: 383712K->112768K(465920K)] 967416K->847344K(1864192K), 0.0777008 secs] [Times: user=0.46 sys=0.00, real=0.08 secs] 
4184.621: [GC (Allocation Failure) [PSYoungGen: 345728K->134912K(455680K)] 1080304K->971856K(1853952K), 0.0614282 secs] [Times: user=0.37 sys=0.00, real=0.07 secs] 
4185.965: [GC (Allocation Failure) [PSYoungGen: 367872K->131200K(460800K)] 1204816K->1103224K(1859072K), 0.0628543 secs] [Times: user=0.37 sys=0.00, real=0.06 secs] 
4187.975: [GC (Allocation Failure) [PSYoungGen: 364160K->1888K(454144K)] 1336184K->973948K(1852416K), 0.0022656 secs] [Times: user=0.01 sys=0.00, real=0.00 secs] 
4189.739: [GC (Allocation Failure) [PSYoungGen: 237408K->150368K(386048K)] 1209468K->1123248K(1784320K), 0.0301188 secs] [Times: user=0.17 sys=0.00, real=0.03 secs] 
4191.182: [GC (Allocation Failure) [PSYoungGen: 385888K->10240K(465408K)] 1358768K->983240K(1863680K), 0.0042571 secs] [Times: user=0.02 sys=0.00, real=0.00 secs] 
4192.707: [GC (Allocation Failure) [PSYoungGen: 243200K->175808K(465920K)] 1216200K->1157294K(1864192K), 0.0354459 secs] [Times: user=0.21 sys=0.00, real=0.04 secs] 
4195.473: [GC (Allocation Failure) [PSYoungGen: 408768K->97312K(465920K)] 1390254K->1237902K(1864192K), 0.1206287 secs] [Times: user=0.72 sys=0.00, real=0.12 secs] 
4195.593: [Full GC (Ergonomics) [PSYoungGen: 97312K->0K(465920K)] [ParOldGen: 1140590K->41395K(1398272K)] 1237902K->41395K(1864192K), [Metaspace: 60463K->60463K(1105920K)], 0.0971773 secs] [Times: user=0.41 sys=0.00, real=0.09 secs] 
4196.123: [GC (Allocation Failure) [PSYoungGen: 217690K->160288K(465920K)] 259085K->201683K(1864192K), 0.0317326 secs] [Times: user=0.18 sys=0.00, real=0.03 secs] 
4198.587: [GC (Allocation Failure) [PSYoungGen: 393248K->93600K(465920K)] 434643K->286183K(1864192K), 0.1681581 secs] [Times: user=1.00 sys=0.00, real=0.17 secs] 
4200.207: [GC (Allocation Failure) [PSYoungGen: 326560K->172384K(465920K)] 519143K->455089K(1864192K), 0.0680444 secs] [Times: user=0.41 sys=0.00, real=0.07 secs] 
4203.738: [GC (Allocation Failure) [PSYoungGen: 405344K->87648K(465920K)] 688049K->542961K(1864192K), 0.1690240 secs] [Times: user=0.95 sys=0.00, real=0.17 secs] 
4204.865: [GC (Allocation Failure) [PSYoungGen: 320608K->168160K(465920K)] 775921K->708458K(1864192K), 0.0918325 secs] [Times: user=0.54 sys=0.00, real=0.09 secs] 
4209.425: [GC (Allocation Failure) [PSYoungGen: 401120K->81632K(465920K)] 941418K->789946K(1864192K), 0.1839071 secs] [Times: user=1.10 sys=0.00, real=0.18 secs] 
4210.143: [GC (Allocation Failure) [PSYoungGen: 314592K->176288K(465920K)] 1022906K->960131K(1864192K), 0.0568743 secs] [Times: user=0.34 sys=0.00, real=0.05 secs] 
4213.437: [GC (Allocation Failure) [PSYoungGen: 409248K->85920K(465920K)] 1193091K->1045971K(1864192K), 0.1301070 secs] [Times: user=0.77 sys=0.00, real=0.13 secs] 
4214.032: [GC (Allocation Failure) [PSYoungGen: 318880K->208576K(465920K)] 1278931K->1248468K(1864192K), 0.0590087 secs] [Times: user=0.35 sys=0.00, real=0.06 secs] 
4216.707: [GC (Allocation Failure) [PSYoungGen: 441536K->92800K(465920K)] 1481428K->1304268K(1864192K), 0.1116344 secs] [Times: user=0.66 sys=0.00, real=0.11 secs] 
4216.819: [Full GC (Ergonomics) [PSYoungGen: 92800K->0K(465920K)] [ParOldGen: 1211468K->107945K(1398272K)] 1304268K->107945K(1864192K), [Metaspace: 60463K->60463K(1105920K)], 0.2549927 secs] [Times: user=1.16 sys=0.00, real=0.26 secs] 
4219.488: [GC (Allocation Failure) [PSYoungGen: 232960K->151648K(465920K)] 340905K->259593K(1864192K), 0.0429488 secs] [Times: user=0.25 sys=0.00, real=0.04 secs] 
4221.650: [GC (Allocation Failure) [PSYoungGen: 384608K->102016K(465920K)] 492553K->361577K(1864192K), 0.0888727 secs] [Times: user=0.53 sys=0.00, real=0.09 secs] 
4225.840: [GC (Allocation Failure) [PSYoungGen: 334976K->145408K(465920K)] 594537K->496694K(1864192K), 0.0603225 secs] [Times: user=0.36 sys=0.00, real=0.06 secs] 
4227.399: [GC (Allocation Failure) [PSYoungGen: 378368K->116448K(462848K)] 729654K->613342K(1861120K), 0.0792894 secs] [Times: user=0.47 sys=0.00, real=0.08 secs] 
4228.948: [GC (Allocation Failure) [PSYoungGen: 349408K->131328K(364544K)] 846302K->734469K(1762816K), 0.0620669 secs] [Times: user=0.37 sys=0.00, real=0.06 secs] 
4230.595: [GC (Allocation Failure) [PSYoungGen: 364288K->134816K(466944K)] 967429K->869149K(1865216K), 0.1214992 secs] [Times: user=0.72 sys=0.01, real=0.12 secs] 
4234.103: [GC (Allocation Failure) [PSYoungGen: 379040K->2768K(460288K)] 1113373K->737109K(1858560K), 0.0026113 secs] [Times: user=0.01 sys=0.00, real=0.00 secs] 
4235.618: [GC (Allocation Failure) [PSYoungGen: 246992K->164608K(461312K)] 981333K->900382K(1859584K), 0.0325223 secs] [Times: user=0.19 sys=0.00, real=0.03 secs] 
4237.534: [GC (Allocation Failure) [PSYoungGen: 397568K->100512K(333824K)] 1133342K->991902K(1732096K), 0.0811697 secs] [Times: user=0.48 sys=0.00, real=0.08 secs] 
4239.305: [GC (Allocation Failure) [PSYoungGen: 328422K->165088K(459264K)] 1219812K->1155328K(1857536K), 0.1145148 secs] [Times: user=0.68 sys=0.01, real=0.11 secs] 
4242.838: [GC (Allocation Failure) [PSYoungGen: 397024K->90016K(464896K)] 1387264K->1237248K(1863168K), 0.1645427 secs] [Times: user=0.97 sys=0.01, real=0.17 secs] 
4245.298: [GC (Allocation Failure) [PSYoungGen: 311876K->159776K(462336K)] 1459109K->1394176K(1860608K), 0.0485627 secs] [Times: user=0.28 sys=0.00, real=0.05 secs] 
4245.346: [Full GC (Ergonomics) [PSYoungGen: 159776K->0K(462336K)] [ParOldGen: 1234400K->197305K(1398272K)] 1394176K->197305K(1860608K), [Metaspace: 60463K->60463K(1105920K)], 0.4713440 secs] [Times: user=2.21 sys=0.00, real=0.47 secs] 
4247.689: [GC (Allocation Failure) [PSYoungGen: 233984K->94368K(328704K)] 431289K->291673K(1726976K), 0.0760863 secs] [Times: user=0.45 sys=0.00, real=0.08 secs] 
4249.030: [GC (Allocation Failure) [PSYoungGen: 328352K->166752K(457728K)] 525657K->455650K(1856000K), 0.0925108 secs] [Times: user=0.55 sys=0.00, real=0.10 secs] 
4254.582: [GC (Allocation Failure) [PSYoungGen: 398176K->78560K(464384K)] 687074K->534074K(1862656K), 0.1731771 secs] [Times: user=1.02 sys=0.01, real=0.17 secs] 
4256.303: [GC (Allocation Failure) [PSYoungGen: 309984K->167104K(462848K)] 765498K->697159K(1861120K), 0.0516285 secs] [Times: user=0.31 sys=0.00, real=0.05 secs] 
4257.946: [GC (Allocation Failure) [PSYoungGen: 400064K->95360K(465920K)] 930119K->791991K(1864192K), 0.0825796 secs] [Times: user=0.49 sys=0.00, real=0.08 secs] 
4258.756: [GC (Allocation Failure) [PSYoungGen: 328320K->173472K(463360K)] 1024951K->959908K(1861632K), 0.0856114 secs] [Times: user=0.51 sys=0.00, real=0.09 secs] 
4262.831: [GC (Allocation Failure) [PSYoungGen: 406432K->85920K(465920K)] 1192868K->1045532K(1864192K), 0.1608192 secs] [Times: user=0.95 sys=0.00, real=0.17 secs] 
4263.580: [GC (Allocation Failure) [PSYoungGen: 318880K->209024K(465920K)] 1278492K->1248593K(1864192K), 0.1095042 secs] [Times: user=0.65 sys=0.00, real=0.11 secs] 
4266.081: [GC (Allocation Failure) [PSYoungGen: 441984K->88032K(465920K)] 1481553K->1303449K(1864192K), 0.1204711 secs] [Times: user=0.71 sys=0.01, real=0.12 secs] 
4266.201: [Full GC (Ergonomics) [PSYoungGen: 88032K->0K(465920K)] [ParOldGen: 1215417K->103124K(1398272K)] 1303449K->103124K(1864192K), [Metaspace: 60465K->60465K(1105920K)], 0.2489366 secs] [Times: user=1.15 sys=0.00, real=0.25 secs] 
4267.928: [GC (Allocation Failure) [PSYoungGen: 232960K->156064K(465920K)] 336084K->259188K(1864192K), 0.0455629 secs] [Times: user=0.27 sys=0.00, real=0.05 secs] 
4269.676: [GC (Allocation Failure) [PSYoungGen: 389024K->106496K(465920K)] 492148K->365500K(1864192K), 0.0819527 secs] [Times: user=0.49 sys=0.00, real=0.08 secs] 
4273.108: [GC (Allocation Failure) [PSYoungGen: 339456K->141664K(465920K)] 598460K->496856K(1864192K), 0.0608505 secs] [Times: user=0.36 sys=0.00, real=0.06 secs] 
4273.920: [GC (Allocation Failure) [PSYoungGen: 374624K->118272K(351744K)] 729816K->615145K(1750016K), 0.0773504 secs] [Times: user=0.46 sys=0.00, real=0.08 secs] 
4276.404: [GC (Allocation Failure) [PSYoungGen: 351232K->128992K(467968K)] 848105K->734056K(1866240K), 0.0617675 secs] [Times: user=0.37 sys=0.00, real=0.06 secs] 
4278.463: [GC (Allocation Failure) [PSYoungGen: 371168K->140544K(458752K)] 976232K->874816K(1857024K), 0.0581135 secs] [Times: user=0.35 sys=0.00, real=0.05 secs] 
4280.510: [GC (Allocation Failure) [PSYoungGen: 382720K->5120K(456192K)] 1116992K->739432K(1854464K), 0.0028928 secs] [Times: user=0.01 sys=0.00, real=0.01 secs] 
4282.123: [GC (Allocation Failure) [PSYoungGen: 248832K->171552K(415744K)] 983144K->909801K(1814016K), 0.0343072 secs] [Times: user=0.20 sys=0.00, real=0.03 secs] 
4285.149: [GC (Allocation Failure) [PSYoungGen: 415264K->101120K(472064K)] 1153513K->1002489K(1870336K), 0.1628090 secs] [Times: user=0.97 sys=0.00, real=0.17 secs] 
4287.556: [GC (Allocation Failure) [PSYoungGen: 340224K->186144K(465920K)] 1241593K->1184520K(1864192K), 0.0539540 secs] [Times: user=0.32 sys=0.00, real=0.05 secs] 
4290.204: [GC (Allocation Failure) [PSYoungGen: 422952K->91712K(465920K)] 1421328K->1259248K(1864192K), 0.1405519 secs] [Times: user=0.84 sys=0.00, real=0.14 secs] 
4290.344: [Full GC (Ergonomics) [PSYoungGen: 91712K->0K(465920K)] [ParOldGen: 1167536K->63078K(1398272K)] 1259248K->63078K(1864192K), [Metaspace: 60465K->60465K(1105920K)], 0.1652667 secs] [Times: user=0.75 sys=0.01, real=0.16 secs] 
4291.116: [GC (Allocation Failure) [PSYoungGen: 232960K->170688K(465920K)] 296038K->233766K(1864192K), 0.0344101 secs] [Times: user=0.20 sys=0.00, real=0.03 secs] 
4293.796: [GC (Allocation Failure) [PSYoungGen: 403648K->90784K(465920K)] 466726K->324374K(1864192K), 0.1370844 secs] [Times: user=0.81 sys=0.01, real=0.14 secs] 
4294.886: [GC (Allocation Failure) [PSYoungGen: 323744K->174592K(465920K)] 557334K->493231K(1864192K), 0.1270667 secs] [Times: user=0.75 sys=0.00, real=0.13 secs] 
4299.805: [GC (Allocation Failure) [PSYoungGen: 407552K->79136K(465920K)] 726191K->572639K(1864192K), 0.1319433 secs] [Times: user=0.78 sys=0.00, real=0.13 secs] 
4301.063: [GC (Allocation Failure) [PSYoungGen: 312014K->204320K(465920K)] 805517K->770431K(1864192K), 0.0659012 secs] [Times: user=0.39 sys=0.00, real=0.06 secs] 
4303.766: [GC (Allocation Failure) [PSYoungGen: 437280K->92896K(465920K)] 1003391K->826527K(1864192K), 0.1062931 secs] [Times: user=0.63 sys=0.00, real=0.11 secs] 
4305.149: [GC (Allocation Failure) [PSYoungGen: 325856K->150720K(465920K)] 1059487K->970863K(1864192K), 0.0602646 secs] [Times: user=0.36 sys=0.00, real=0.06 secs] 
4306.309: [GC (Allocation Failure) [PSYoungGen: 383680K->116448K(465920K)] 1203823K->1087531K(1864192K), 0.0705646 secs] [Times: user=0.42 sys=0.00, real=0.07 secs] 
4310.406: [GC (Allocation Failure) [PSYoungGen: 349408K->130944K(364032K)] 1320491K->1208535K(1762304K), 0.0618337 secs] [Times: user=0.37 sys=0.00, real=0.06 secs] 
4311.647: [GC (Allocation Failure) [PSYoungGen: 363904K->138752K(468992K)] 1441495K->1347471K(1867264K), 0.0621525 secs] [Times: user=0.36 sys=0.01, real=0.06 secs] 
4311.709: [Full GC (Ergonomics) [PSYoungGen: 138752K->0K(468992K)] [ParOldGen: 1208719K->145573K(1398272K)] 1347471K->145573K(1867264K), [Metaspace: 60465K->60465K(1105920K)], 0.3379515 secs] [Times: user=1.55 sys=0.00, real=0.34 secs] 
4315.664: [GC (Allocation Failure) [PSYoungGen: 239616K->118880K(462336K)] 385189K->264453K(1860608K), 0.0413704 secs] [Times: user=0.24 sys=0.00, real=0.04 secs] 
4318.288: [GC (Allocation Failure) [PSYoungGen: 358496K->150624K(463360K)] 504069K->414498K(1861632K), 0.0598295 secs] [Times: user=0.36 sys=0.00, real=0.06 secs] 
4321.206: [GC (Allocation Failure) [PSYoungGen: 398432K->13824K(462336K)] 662306K->277778K(1860608K), 0.0048260 secs] [Times: user=0.03 sys=0.00, real=0.00 secs] 
4323.122: [GC (Allocation Failure) [PSYoungGen: 252844K->170688K(459264K)] 516798K->446626K(1857536K), 0.0730611 secs] [Times: user=0.43 sys=0.00, real=0.07 secs] 
4325.805: [GC (Allocation Failure) [PSYoungGen: 403648K->93472K(465920K)] 679586K->531618K(1864192K), 0.0993444 secs] [Times: user=0.59 sys=0.01, real=0.10 secs] 
4327.175: [GC (Allocation Failure) [PSYoungGen: 326432K->167616K(461824K)] 764578K->696167K(1860096K), 0.0934731 secs] [Times: user=0.52 sys=0.00, real=0.09 secs] 
4330.559: [GC (Allocation Failure) [PSYoungGen: 400576K->93792K(465920K)] 929127K->789671K(1864192K), 0.0734282 secs] [Times: user=0.44 sys=0.00, real=0.08 secs] 
4331.173: [GC (Allocation Failure) [PSYoungGen: 326752K->168704K(462848K)] 1022631K->955273K(1861120K), 0.0599300 secs] [Times: user=0.35 sys=0.01, real=0.06 secs] 
4334.319: [GC (Allocation Failure) [PSYoungGen: 401664K->85664K(465920K)] 1188233K->1040777K(1864192K), 0.1343185 secs] [Times: user=0.79 sys=0.01, real=0.14 secs] 
4337.098: [GC (Allocation Failure) [PSYoungGen: 318624K->165440K(465408K)] 1273737K->1200398K(1863680K), 0.1437733 secs] [Times: user=0.85 sys=0.00, real=0.15 secs] 
4339.566: [GC (Allocation Failure) [PSYoungGen: 398400K->89856K(465920K)] 1433358K->1290046K(1864192K), 0.1222331 secs] [Times: user=0.73 sys=0.00, real=0.12 secs] 
4339.688: [Full GC (Ergonomics) [PSYoungGen: 89856K->0K(465920K)] [ParOldGen: 1200190K->86219K(1398272K)] 1290046K->86219K(1864192K), [Metaspace: 60466K->60466K(1105920K)], 0.2077557 secs] [Times: user=0.95 sys=0.00, real=0.21 secs] 
4341.306: [GC (Allocation Failure) [PSYoungGen: 232606K->207136K(465408K)] 318826K->293355K(1863680K), 0.0375087 secs] [Times: user=0.23 sys=0.00, real=0.04 secs] 
4344.005: [GC (Allocation Failure) [PSYoungGen: 440096K->86976K(465920K)] 526315K->346767K(1864192K), 0.1085395 secs] [Times: user=0.64 sys=0.00, real=0.11 secs] 
4346.780: [GC (Allocation Failure) [PSYoungGen: 319936K->156896K(465920K)] 579727K->497154K(1864192K), 0.0599601 secs] [Times: user=0.35 sys=0.00, real=0.06 secs] 
4347.804: [GC (Allocation Failure) [PSYoungGen: 389856K->102880K(465920K)] 730114K->599954K(1864192K), 0.0866085 secs] [Times: user=0.46 sys=0.00, real=0.08 secs] 
4350.760: [GC (Allocation Failure) [PSYoungGen: 335840K->144960K(465920K)] 832914K->734631K(1864192K), 0.0607538 secs] [Times: user=0.36 sys=0.00, real=0.06 secs] 
4351.906: [GC (Allocation Failure) [PSYoungGen: 377920K->119808K(353280K)] 967591K->854671K(1751552K), 0.0765825 secs] [Times: user=0.45 sys=0.00, real=0.08 secs] 
4354.261: [GC (Allocation Failure) [PSYoungGen: 352768K->127584K(468992K)] 1087631K->972172K(1867264K), 0.0627635 secs] [Times: user=0.37 sys=0.00, real=0.07 secs] 
4355.661: [GC (Allocation Failure) [PSYoungGen: 370272K->147136K(459264K)] 1214860K->1119420K(1857536K), 0.0596479 secs] [Times: user=0.35 sys=0.01, real=0.06 secs] 
4358.749: [GC (Allocation Failure) [PSYoungGen: 389824K->8640K(458752K)] 1362108K->980948K(1857024K), 0.0039963 secs] [Times: user=0.02 sys=0.00, real=0.01 secs] 
4361.129: [GC (Allocation Failure) [PSYoungGen: 252352K->170752K(414720K)] 1224660K->1149673K(1812992K), 0.0354416 secs] [Times: user=0.20 sys=0.00, real=0.04 secs] 
4363.917: [GC (Allocation Failure) [PSYoungGen: 414464K->104960K(471040K)] 1393385K->1245817K(1869312K), 0.1690953 secs] [Times: user=1.01 sys=0.00, real=0.17 secs] 
4365.177: [GC (Allocation Failure) [PSYoungGen: 343040K->173792K(465920K)] 1483897K->1415858K(1864192K), 0.0543105 secs] [Times: user=0.33 sys=0.00, real=0.05 secs] 
4365.231: [Full GC (Ergonomics) [PSYoungGen: 173792K->0K(465920K)] [ParOldGen: 1242066K->219651K(1398272K)] 1415858K->219651K(1864192K), [Metaspace: 60466K->60466K(1105920K)], 0.5111869 secs] [Times: user=2.38 sys=0.00, real=0.52 secs] 
4370.413: [GC (Allocation Failure) [PSYoungGen: 238080K->88160K(466944K)] 457731K->307811K(1865216K), 0.1192073 secs] [Times: user=0.71 sys=0.01, real=0.12 secs] 
4371.281: [GC (Allocation Failure) [PSYoungGen: 322144K->174560K(465920K)] 541795K->476532K(1864192K), 0.0804387 secs] [Times: user=0.48 sys=0.00, real=0.09 secs] 
4374.487: [GC (Allocation Failure) [PSYoungGen: 408544K->87200K(465920K)] 710516K->563668K(1864192K), 0.1422914 secs] [Times: user=0.84 sys=0.00, real=0.14 secs] 
4375.078: [GC (Allocation Failure) [PSYoungGen: 320160K->205568K(465920K)] 796628K->763181K(1864192K), 0.0620819 secs] [Times: user=0.37 sys=0.00, real=0.06 secs] 
4378.438: [GC (Allocation Failure) [PSYoungGen: 438528K->90560K(465920K)] 996141K->820437K(1864192K), 0.1055626 secs] [Times: user=0.60 sys=0.00, real=0.11 secs] 
4379.761: [GC (Allocation Failure) [PSYoungGen: 323520K->153408K(465920K)] 1053397K->967570K(1864192K), 0.0606432 secs] [Times: user=0.36 sys=0.00, real=0.07 secs] 
4381.595: [GC (Allocation Failure) [PSYoungGen: 386368K->102976K(465920K)] 1200530K->1070594K(1864192K), 0.0945072 secs] [Times: user=0.56 sys=0.00, real=0.09 secs] 
4384.191: [GC (Allocation Failure) [PSYoungGen: 335936K->145120K(465920K)] 1303554K->1204987K(1864192K), 0.0610279 secs] [Times: user=0.37 sys=0.00, real=0.07 secs] 
4387.571: [GC (Allocation Failure) [PSYoungGen: 378080K->115520K(454656K)] 1437947K->1320251K(1852928K), 0.0832035 secs] [Times: user=0.48 sys=0.01, real=0.09 secs] 
4387.654: [Full GC (Ergonomics) [PSYoungGen: 115520K->0K(454656K)] [ParOldGen: 1204731K->131073K(1398272K)] 1320251K->131073K(1852928K), [Metaspace: 60466K->60466K(1105920K)], 0.3017025 secs] [Times: user=1.39 sys=0.00, real=0.30 secs] 
4389.158: [GC (Allocation Failure) [PSYoungGen: 232960K->132128K(460288K)] 364033K->263201K(1858560K), 0.0477158 secs] [Times: user=0.29 sys=0.00, real=0.05 secs] 
4391.092: [GC (Allocation Failure) [PSYoungGen: 365088K->138912K(464384K)] 496161K->402365K(1862656K), 0.0708012 secs] [Times: user=0.42 sys=0.00, real=0.07 secs] 
4392.407: [GC (Allocation Failure) [PSYoungGen: 391840K->13728K(466432K)] 655293K->277221K(1864704K), 0.0038115 secs] [Times: user=0.02 sys=0.00, real=0.00 secs] 
4393.199: [GC (Allocation Failure) [PSYoungGen: 266656K->181472K(457728K)] 530149K->457323K(1856000K), 0.0401126 secs] [Times: user=0.24 sys=0.00, real=0.04 secs] 
4395.902: [GC (Allocation Failure) [PSYoungGen: 414432K->88384K(465920K)] 690283K->545891K(1864192K), 0.1710210 secs] [Times: user=1.01 sys=0.00, real=0.17 secs] 
4397.302: [GC (Allocation Failure) [PSYoungGen: 321344K->165248K(465408K)] 778851K->707512K(1863680K), 0.0543226 secs] [Times: user=0.32 sys=0.00, real=0.05 secs] 
4399.750: [GC (Allocation Failure) [PSYoungGen: 398208K->89568K(465920K)] 940472K->796408K(1864192K), 0.1267443 secs] [Times: user=0.76 sys=0.00, real=0.13 secs] 
4401.682: [GC (Allocation Failure) [PSYoungGen: 322528K->177056K(465408K)] 1029368K->967412K(1863680K), 0.1664850 secs] [Times: user=0.99 sys=0.00, real=0.16 secs] 
4405.397: [GC (Allocation Failure) [PSYoungGen: 410016K->85440K(465920K)] 1200372K->1053036K(1864192K), 0.1305075 secs] [Times: user=0.78 sys=0.00, real=0.13 secs] 
4407.399: [GC (Allocation Failure) [PSYoungGen: 318400K->167552K(465920K)] 1285996K->1214881K(1864192K), 0.1209377 secs] [Times: user=0.72 sys=0.00, real=0.12 secs] 
4412.848: [GC (Allocation Failure) [PSYoungGen: 400512K->82720K(465920K)] 1447841K->1297737K(1864192K), 0.1218390 secs] [Times: user=0.73 sys=0.00, real=0.12 secs] 
4412.970: [Full GC (Ergonomics) [PSYoungGen: 82720K->0K(465920K)] [ParOldGen: 1215017K->96061K(1398272K)] 1297737K->96061K(1864192K), [Metaspace: 60466K->60466K(1105920K)], 0.2304038 secs] [Times: user=1.05 sys=0.00, real=0.23 secs] 
4414.356: [GC (Allocation Failure) [PSYoungGen: 232960K->162656K(465920K)] 329021K->258717K(1864192K), 0.0467592 secs] [Times: user=0.28 sys=0.00, real=0.05 secs] 
4415.648: [GC (Allocation Failure) [PSYoungGen: 395616K->99648K(465920K)] 491677K->358557K(1864192K), 0.0995129 secs] [Times: user=0.59 sys=0.00, real=0.10 secs] 
4417.076: [GC (Allocation Failure) [PSYoungGen: 332608K->149280K(465920K)] 591517K->496989K(1864192K), 0.0606828 secs] [Times: user=0.36 sys=0.00, real=0.06 secs] 
4418.896: [GC (Allocation Failure) [PSYoungGen: 382240K->121952K(355328K)] 729949K->618598K(1753600K), 0.0632921 secs] [Times: user=0.38 sys=0.00, real=0.06 secs] 
4421.427: [GC (Allocation Failure) [PSYoungGen: 354912K->126112K(466432K)] 851558K->734725K(1864704K), 0.0626329 secs] [Times: user=0.37 sys=0.00, real=0.06 secs] 
4423.887: [GC (Allocation Failure) [PSYoungGen: 368800K->141408K(456704K)] 977413K->875597K(1854976K), 0.0746409 secs] [Times: user=0.45 sys=0.00, real=0.08 secs] 
4425.835: [GC (Allocation Failure) [PSYoungGen: 384096K->3936K(459264K)] 1118285K->738157K(1857536K), 0.0026133 secs] [Times: user=0.01 sys=0.00, real=0.00 secs] 
4428.259: [GC (Allocation Failure) [PSYoungGen: 252256K->170816K(419328K)] 986477K->907986K(1817600K), 0.0605232 secs] [Times: user=0.35 sys=0.01, real=0.06 secs] 
4431.566: [GC (Allocation Failure) [PSYoungGen: 419136K->106400K(474624K)] 1156306K->1006242K(1872896K), 0.1763399 secs] [Times: user=1.05 sys=0.00, real=0.18 secs] 
4433.996: [GC (Allocation Failure) [PSYoungGen: 348064K->170848K(465920K)] 1247906K->1173746K(1864192K), 0.1001979 secs] [Times: user=0.60 sys=0.00, real=0.10 secs] 
4437.249: [GC (Allocation Failure) [PSYoungGen: 412512K->93536K(468992K)] 1415410K->1266978K(1867264K), 0.1250564 secs] [Times: user=0.75 sys=0.00, real=0.13 secs] 
4437.375: [Full GC (Ergonomics) [PSYoungGen: 93536K->0K(468992K)] [ParOldGen: 1173442K->70158K(1398272K)] 1266978K->70158K(1867264K), [Metaspace: 60466K->60466K(1105920K)], 0.1666087 secs] [Times: user=0.74 sys=0.00, real=0.16 secs] 
4439.406: [GC (Allocation Failure) [PSYoungGen: 238592K->177856K(465920K)] 308750K->248014K(1864192K), 0.0956114 secs] [Times: user=0.57 sys=0.00, real=0.09 secs] 
4442.191: [GC (Allocation Failure) [PSYoungGen: 416448K->92768K(466432K)] 486606K->340830K(1864704K), 0.0981738 secs] [Times: user=0.58 sys=0.00, real=0.10 secs] 
4444.246: [GC (Allocation Failure) [PSYoungGen: 322298K->197216K(465920K)] 570361K->532419K(1864192K), 0.0619244 secs] [Times: user=0.37 sys=0.00, real=0.06 secs] 
4445.696: [GC (Allocation Failure) [PSYoungGen: 424093K->92864K(465920K)] 759297K->590731K(1864192K), 0.0996206 secs] [Times: user=0.59 sys=0.01, real=0.10 secs] 
4447.666: [GC (Allocation Failure) [PSYoungGen: 325824K->150784K(465920K)] 823691K->735160K(1864192K), 0.0596888 secs] [Times: user=0.35 sys=0.00, real=0.06 secs] 
4450.463: [GC (Allocation Failure) [PSYoungGen: 383744K->102432K(465920K)] 968120K->837552K(1864192K), 0.0974130 secs] [Times: user=0.53 sys=0.00, real=0.09 secs] 
4452.302: [GC (Allocation Failure) [PSYoungGen: 335392K->145632K(378880K)] 1070512K->972535K(1777152K), 0.0606143 secs] [Times: user=0.36 sys=0.00, real=0.06 secs] 
4453.813: [GC (Allocation Failure) [PSYoungGen: 378592K->133568K(471552K)] 1205495K->1106055K(1869824K), 0.0681100 secs] [Times: user=0.41 sys=0.00, real=0.06 secs] 
4456.546: [GC (Allocation Failure) [PSYoungGen: 374720K->122400K(364032K)] 1347207K->1210380K(1762304K), 0.0632434 secs] [Times: user=0.38 sys=0.00, real=0.06 secs] 
4458.704: [GC (Allocation Failure) [PSYoungGen: 363552K->155584K(458752K)] 1451532K->1365756K(1857024K), 0.0587525 secs] [Times: user=0.35 sys=0.00, real=0.06 secs] 
4458.763: [Full GC (Ergonomics) [PSYoungGen: 155584K->0K(458752K)] [ParOldGen: 1210172K->170502K(1398272K)] 1365756K->170502K(1857024K), [Metaspace: 60469K->60469K(1105920K)], 0.4068836 secs] [Times: user=1.88 sys=0.01, real=0.40 secs] 
4461.697: [GC (Allocation Failure) [PSYoungGen: 244736K->104416K(460288K)] 415238K->274918K(1858560K), 0.0372302 secs] [Times: user=0.22 sys=0.00, real=0.04 secs] 
4463.148: [GC (Allocation Failure) [PSYoungGen: 345620K->170752K(472064K)] 516122K->444339K(1870336K), 0.1274532 secs] [Times: user=0.76 sys=0.01, real=0.13 secs] 
4467.680: [GC (Allocation Failure) [PSYoungGen: 431360K->109312K(479744K)] 704947K->545587K(1878016K), 0.1815744 secs] [Times: user=1.09 sys=0.00, real=0.18 secs] 
4468.718: [GC (Allocation Failure) [PSYoungGen: 369920K->193184K(454656K)] 806195K->734652K(1852928K), 0.0587199 secs] [Times: user=0.34 sys=0.00, real=0.06 secs] 
4472.259: [GC (Allocation Failure) [PSYoungGen: 433312K->92448K(469504K)] 974780K->826892K(1867776K), 0.1220340 secs] [Times: user=0.72 sys=0.01, real=0.12 secs] 
4473.795: [GC (Allocation Failure) [PSYoungGen: 332576K->156320K(466432K)] 1067020K->976859K(1864704K), 0.0629380 secs] [Times: user=0.37 sys=0.00, real=0.06 secs] 
4477.311: [GC (Allocation Failure) [PSYoungGen: 398496K->110144K(468992K)] 1219035K->1087011K(1867264K), 0.0931555 secs] [Times: user=0.55 sys=0.00, real=0.10 secs] 
4478.680: [GC (Allocation Failure) [PSYoungGen: 352320K->137568K(461312K)] 1329187K->1214152K(1859584K), 0.0616496 secs] [Times: user=0.37 sys=0.00, real=0.07 secs] 
4480.764: [GC (Allocation Failure) [PSYoungGen: 387936K->152512K(465408K)] 1464520K->1366856K(1863680K), 0.0620464 secs] [Times: user=0.37 sys=0.00, real=0.06 secs] 
4480.826: [Full GC (Ergonomics) [PSYoungGen: 152512K->0K(465408K)] [ParOldGen: 1214344K->167450K(1398272K)] 1366856K->167450K(1863680K), [Metaspace: 60472K->60472K(1105920K)], 0.3971460 secs] [Times: user=1.85 sys=0.00, real=0.40 secs] 
4482.811: [GC (Allocation Failure) [PSYoungGen: 250368K->117184K(472576K)] 417818K->284634K(1870848K), 0.0823176 secs] [Times: user=0.48 sys=0.00, real=0.09 secs] 
4484.096: [GC (Allocation Failure) [PSYoungGen: 387008K->193632K(463872K)] 554458K->476208K(1862144K), 0.0615559 secs] [Times: user=0.36 sys=0.00, real=0.06 secs] 
4487.031: [GC (Allocation Failure) [PSYoungGen: 463456K->116992K(479744K)] 746032K->593020K(1878016K), 0.1144729 secs] [Times: user=0.68 sys=0.00, real=0.12 secs] 
4490.691: [GC (Allocation Failure) [PSYoungGen: 372992K->151936K(408064K)] 849020K->738931K(1806336K), 0.0673684 secs] [Times: user=0.40 sys=0.00, real=0.07 secs] 
4492.891: [GC (Allocation Failure) [PSYoungGen: 407936K->136864K(480256K)] 994931K->875883K(1878528K), 0.0664501 secs] [Times: user=0.39 sys=0.01, real=0.07 secs] 
4494.481: [GC (Allocation Failure) [PSYoungGen: 400544K->13888K(472576K)] 1139563K->752955K(1870848K), 0.0042368 secs] [Times: user=0.02 sys=0.00, real=0.01 secs] 
4496.531: [GC (Allocation Failure) [PSYoungGen: 277568K->184960K(456192K)] 1016635K->935764K(1854464K), 0.0408545 secs] [Times: user=0.24 sys=0.00, real=0.05 secs] 
4498.194: [GC (Allocation Failure) [PSYoungGen: 417920K->96704K(465920K)] 1168724K->1031820K(1864192K), 0.1291613 secs] [Times: user=0.77 sys=0.00, real=0.13 secs] 
4499.712: [GC (Allocation Failure) [PSYoungGen: 329664K->170752K(463872K)] 1264780K->1193121K(1862144K), 0.1363940 secs] [Times: user=0.81 sys=0.00, real=0.13 secs] 
4503.565: [GC (Allocation Failure) [PSYoungGen: 403712K->83296K(465920K)] 1426081K->1276305K(1864192K), 0.1313762 secs] [Times: user=0.78 sys=0.00, real=0.13 secs] 
4503.696: [Full GC (Ergonomics) [PSYoungGen: 83296K->0K(465920K)] [ParOldGen: 1193009K->75636K(1398272K)] 1276305K->75636K(1864192K), [Metaspace: 60482K->60482K(1105920K)], 0.1867117 secs] [Times: user=0.85 sys=0.00, real=0.19 secs] 
4504.150: [GC (Allocation Failure) [PSYoungGen: 232960K->176064K(465920K)] 308596K->251700K(1864192K), 0.0376909 secs] [Times: user=0.23 sys=0.00, real=0.04 secs] 
4506.048: [GC (Allocation Failure) [PSYoungGen: 409024K->89728K(465920K)] 484660K->341596K(1864192K), 0.0997631 secs] [Times: user=0.59 sys=0.00, real=0.10 secs] 
4508.025: [GC (Allocation Failure) [PSYoungGen: 322688K->162528K(465920K)] 574556K->497553K(1864192K), 0.0622777 secs] [Times: user=0.37 sys=0.00, real=0.06 secs] 
4512.339: [GC (Allocation Failure) [PSYoungGen: 392876K->92736K(465920K)] 727902K->590533K(1864192K), 0.1066460 secs] [Times: user=0.63 sys=0.00, real=0.11 secs] 
4513.683: [GC (Allocation Failure) [PSYoungGen: 325696K->151136K(465920K)] 823493K->735490K(1864192K), 0.0601487 secs] [Times: user=0.36 sys=0.00, real=0.06 secs] 
4516.158: [GC (Allocation Failure) [PSYoungGen: 384096K->110464K(343552K)] 968450K->845770K(1741824K), 0.0886472 secs] [Times: user=0.53 sys=0.00, real=0.09 secs] 
4519.419: [GC (Allocation Failure) [PSYoungGen: 343424K->138624K(464896K)] 1078730K->973505K(1863168K), 0.0616946 secs] [Times: user=0.37 sys=0.00, real=0.06 secs] 
4522.222: [GC (Allocation Failure) [PSYoungGen: 377216K->125344K(459264K)] 1212097K->1098505K(1857536K), 0.0719296 secs] [Times: user=0.41 sys=0.00, real=0.08 secs] 
4523.539: [GC (Allocation Failure) [PSYoungGen: 363936K->2176K(450560K)] 1337097K->975401K(1848832K), 0.0021061 secs] [Times: user=0.01 sys=0.00, real=0.00 secs] 
4526.981: [GC (Allocation Failure) [PSYoungGen: 240768K->151712K(463872K)] 1213993K->1125622K(1862144K), 0.0304691 secs] [Times: user=0.18 sys=0.00, real=0.04 secs] 
4528.303: [GC (Allocation Failure) [PSYoungGen: 390304K->10944K(460800K)] 1364214K->984966K(1859072K), 0.0044113 secs] [Times: user=0.02 sys=0.00, real=0.00 secs] 
4531.206: [GC (Allocation Failure) [PSYoungGen: 243904K->162496K(465920K)] 1217926K->1145955K(1864192K), 0.0694083 secs] [Times: user=0.41 sys=0.00, real=0.07 secs] 
4534.634: [GC (Allocation Failure) [PSYoungGen: 395456K->93472K(465920K)] 1378915K->1230923K(1864192K), 0.0741022 secs] [Times: user=0.44 sys=0.00, real=0.07 secs] 
4534.708: [Full GC (Ergonomics) [PSYoungGen: 93472K->0K(465920K)] [ParOldGen: 1137451K->33194K(1398272K)] 1230923K->33194K(1864192K), [Metaspace: 60498K->60498K(1105920K)], 0.0579141 secs] [Times: user=0.20 sys=0.00, real=0.06 secs] 
4536.542: [GC (Allocation Failure) [PSYoungGen: 232960K->167936K(465920K)] 266154K->201130K(1864192K), 0.0324441 secs] [Times: user=0.19 sys=0.00, real=0.03 secs] 
4539.575: [GC (Allocation Failure) [PSYoungGen: 400896K->96192K(465920K)] 434090K->287994K(1864192K), 0.0941287 secs] [Times: user=0.56 sys=0.00, real=0.09 secs] 
4540.569: [GC (Allocation Failure) [PSYoungGen: 329152K->166784K(465920K)] 520954K->451911K(1864192K), 0.0591479 secs] [Times: user=0.35 sys=0.00, real=0.06 secs] 
4543.086: [GC (Allocation Failure) [PSYoungGen: 397226K->91488K(465920K)] 682354K->543175K(1864192K), 0.1218127 secs] [Times: user=0.72 sys=0.00, real=0.12 secs] 
4545.389: [GC (Allocation Failure) [PSYoungGen: 324448K->163904K(465920K)] 776135K->703620K(1864192K), 0.1591915 secs] [Times: user=0.95 sys=0.00, real=0.16 secs] 
4548.076: [GC (Allocation Failure) [PSYoungGen: 396864K->87488K(465920K)] 936580K->790980K(1864192K), 0.1780242 secs] [Times: user=1.05 sys=0.01, real=0.18 secs] 
4550.339: [GC (Allocation Failure) [PSYoungGen: 320448K->169664K(465920K)] 1023940K->955021K(1864192K), 0.1543428 secs] [Times: user=0.92 sys=0.00, real=0.16 secs] 
4552.867: [GC (Allocation Failure) [PSYoungGen: 402624K->91456K(465920K)] 1187981K->1046221K(1864192K), 0.1322548 secs] [Times: user=0.79 sys=0.00, real=0.13 secs] 
4554.624: [GC (Allocation Failure) [PSYoungGen: 324416K->202848K(465920K)] 1279181K->1243386K(1864192K), 0.1096441 secs] [Times: user=0.63 sys=0.00, real=0.11 secs] 
4557.082: [GC (Allocation Failure) [PSYoungGen: 435808K->92000K(465920K)] 1476346K->1301930K(1864192K), 0.0930455 secs] [Times: user=0.54 sys=0.00, real=0.09 secs] 
4557.175: [Full GC (Ergonomics) [PSYoungGen: 92000K->0K(465920K)] [ParOldGen: 1209930K->107549K(1398272K)] 1301930K->107549K(1864192K), [Metaspace: 60499K->60499K(1105920K)], 0.2441349 secs] [Times: user=1.11 sys=0.00, real=0.24 secs] 
4559.924: [GC (Allocation Failure) [PSYoungGen: 232960K->152128K(465920K)] 340509K->259677K(1864192K), 0.0433705 secs] [Times: user=0.26 sys=0.00, real=0.04 secs] 
4561.052: [GC (Allocation Failure) [PSYoungGen: 385088K->106464K(465920K)] 492637K->365933K(1864192K), 0.0827351 secs] [Times: user=0.49 sys=0.01, real=0.08 secs] 
4563.576: [GC (Allocation Failure) [PSYoungGen: 339424K->141056K(374272K)] 598893K->496733K(1772544K), 0.0604859 secs] [Times: user=0.36 sys=0.00, real=0.06 secs] 
4566.345: [GC (Allocation Failure) [PSYoungGen: 374016K->126688K(474624K)] 729693K->623653K(1872896K), 0.0694014 secs] [Times: user=0.41 sys=0.00, real=0.07 secs] 
4567.651: [GC (Allocation Failure) [PSYoungGen: 369888K->1056K(464384K)] 866853K->498069K(1862656K), 0.0015855 secs] [Times: user=0.00 sys=0.00, real=0.01 secs] 
4569.168: [GC (Allocation Failure) [PSYoungGen: 244256K->156128K(465920K)] 741269K->654017K(1864192K), 0.0476309 secs] [Times: user=0.28 sys=0.00, real=0.05 secs] 
4571.256: [GC (Allocation Failure) [PSYoungGen: 389088K->9952K(465920K)] 886977K->507914K(1864192K), 0.0031774 secs] [Times: user=0.01 sys=0.00, real=0.00 secs] 
4574.787: [GC (Allocation Failure) [PSYoungGen: 242912K->162432K(465920K)] 740874K->668426K(1864192K), 0.0340210 secs] [Times: user=0.20 sys=0.00, real=0.03 secs] 
4577.944: [GC (Allocation Failure) [PSYoungGen: 395392K->93600K(465920K)] 901386K->753374K(1864192K), 0.0775046 secs] [Times: user=0.45 sys=0.00, real=0.07 secs] 
4579.763: [GC (Allocation Failure) [PSYoungGen: 321809K->167872K(465920K)] 981584K->919028K(1864192K), 0.0675117 secs] [Times: user=0.40 sys=0.00, real=0.06 secs] 
4582.517: [GC (Allocation Failure) [PSYoungGen: 400832K->90976K(465920K)] 1151988K->1001932K(1864192K), 0.1576304 secs] [Times: user=0.94 sys=0.01, real=0.16 secs] 
4584.267: [GC (Allocation Failure) [PSYoungGen: 323936K->183712K(465920K)] 1234892K->1182758K(1864192K), 0.1078747 secs] [Times: user=0.64 sys=0.00, real=0.11 secs] 
4587.234: [GC (Allocation Failure) [PSYoungGen: 416672K->91232K(465920K)] 1415718K->1257366K(1864192K), 0.1072869 secs] [Times: user=0.64 sys=0.00, real=0.10 secs] 
4587.341: [Full GC (Ergonomics) [PSYoungGen: 91232K->0K(465920K)] [ParOldGen: 1166134K->58892K(1398272K)] 1257366K->58892K(1864192K), [Metaspace: 60500K->60500K(1105920K)], 0.1306616 secs] [Times: user=0.57 sys=0.00, real=0.14 secs] 
4588.738: [GC (Allocation Failure) [PSYoungGen: 232960K->167808K(465920K)] 291852K->226700K(1864192K), 0.0555260 secs] [Times: user=0.33 sys=0.01, real=0.06 secs] 
4592.314: [GC (Allocation Failure) [PSYoungGen: 400768K->85184K(465920K)] 459660K->311932K(1864192K), 0.1667496 secs] [Times: user=0.99 sys=0.01, real=0.16 secs] 
4593.075: [GC (Allocation Failure) [PSYoungGen: 318144K->191040K(465920K)] 544892K->496621K(1864192K), 0.0574679 secs] [Times: user=0.34 sys=0.01, real=0.06 secs] 
4597.634: [GC (Allocation Failure) [PSYoungGen: 424000K->86432K(465920K)] 729581K->566653K(1864192K), 0.1388321 secs] [Times: user=0.83 sys=0.00, real=0.14 secs] 
4598.168: [GC (Allocation Failure) [PSYoungGen: 319392K->210880K(465920K)] 799613K->767238K(1864192K), 0.0571617 secs] [Times: user=0.34 sys=0.01, real=0.06 secs] 
4600.699: [GC (Allocation Failure) [PSYoungGen: 443840K->89120K(465920K)] 1000198K->822734K(1864192K), 0.1086984 secs] [Times: user=0.65 sys=0.00, real=0.11 secs] 
4602.474: [GC (Allocation Failure) [PSYoungGen: 322080K->154400K(465920K)] 1055694K->970674K(1864192K), 0.0602637 secs] [Times: user=0.36 sys=0.00, real=0.06 secs] 
4604.430: [GC (Allocation Failure) [PSYoungGen: 387360K->104192K(465920K)] 1203634K->1074954K(1864192K), 0.0920076 secs] [Times: user=0.54 sys=0.00, real=0.10 secs] 
4607.451: [GC (Allocation Failure) [PSYoungGen: 337152K->143360K(465920K)] 1307914K->1207977K(1864192K), 0.0610777 secs] [Times: user=0.36 sys=0.00, real=0.07 secs] 
4609.728: [GC (Allocation Failure) [PSYoungGen: 376320K->118912K(465920K)] 1440937K->1326962K(1864192K), 0.0760128 secs] [Times: user=0.45 sys=0.00, real=0.08 secs] 
4609.804: [Full GC (Ergonomics) [PSYoungGen: 118912K->0K(465920K)] [ParOldGen: 1208049K->133989K(1398272K)] 1326962K->133989K(1864192K), [Metaspace: 60500K->60500K(1105920K)], 0.2990161 secs] [Times: user=1.36 sys=0.00, real=0.30 secs] 
4611.339: [GC (Allocation Failure) [PSYoungGen: 232960K->129344K(451584K)] 366949K->263333K(1849856K), 0.0442652 secs] [Times: user=0.26 sys=0.00, real=0.05 secs] 
4612.868: [GC (Allocation Failure) [PSYoungGen: 362304K->145536K(458752K)] 496293K->408949K(1857024K), 0.0653311 secs] [Times: user=0.38 sys=0.00, real=0.07 secs] 
4614.898: [GC (Allocation Failure) [PSYoungGen: 378496K->3552K(455168K)] 641909K->266989K(1853440K), 0.0021619 secs] [Times: user=0.01 sys=0.00, real=0.00 secs] 
4617.263: [GC (Allocation Failure) [PSYoungGen: 236512K->162016K(465920K)] 499949K->427386K(1864192K), 0.0322043 secs] [Times: user=0.19 sys=0.00, real=0.03 secs] 
4618.736: [GC (Allocation Failure) [PSYoungGen: 394976K->98112K(463872K)] 660346K->517194K(1862144K), 0.0684453 secs] [Times: user=0.41 sys=0.00, real=0.07 secs] 
4621.804: [GC (Allocation Failure) [PSYoungGen: 331072K->164608K(464896K)] 750154K->679383K(1863168K), 0.0520752 secs] [Times: user=0.31 sys=0.00, real=0.05 secs] 
4623.899: [GC (Allocation Failure) [PSYoungGen: 396416K->95712K(463872K)] 911191K->766471K(1862144K), 0.1751553 secs] [Times: user=1.04 sys=0.00, real=0.18 secs] 
4626.194: [GC (Allocation Failure) [PSYoungGen: 316927K->159264K(464896K)] 987687K->923092K(1863168K), 0.0624849 secs] [Times: user=0.38 sys=0.00, real=0.06 secs] 
4630.507: [GC (Allocation Failure) [PSYoungGen: 393248K->91168K(461824K)] 1157076K->1006208K(1860096K), 0.0700566 secs] [Times: user=0.41 sys=0.00, real=0.07 secs] 
4631.551: [GC (Allocation Failure) [PSYoungGen: 326176K->171808K(463872K)] 1241216K->1174905K(1862144K), 0.0783015 secs] [Times: user=0.46 sys=0.01, real=0.08 secs] 
4634.851: [GC (Allocation Failure) [PSYoungGen: 406816K->89280K(466944K)] 1409913K->1264321K(1865216K), 0.1244512 secs] [Times: user=0.73 sys=0.01, real=0.13 secs] 
4634.975: [Full GC (Ergonomics) [PSYoungGen: 89280K->0K(466944K)] [ParOldGen: 1175041K->61437K(1398272K)] 1264321K->61437K(1865216K), [Metaspace: 60500K->60500K(1105920K)], 0.1479105 secs] [Times: user=0.66 sys=0.00, real=0.15 secs] 
4637.521: [GC (Allocation Failure) [PSYoungGen: 233984K->161152K(465920K)] 295421K->222589K(1864192K), 0.0935568 secs] [Times: user=0.55 sys=0.00, real=0.10 secs] 
4640.110: [GC (Allocation Failure) [PSYoungGen: 395136K->91840K(462848K)] 456573K->314158K(1861120K), 0.1442471 secs] [Times: user=0.85 sys=0.01, real=0.15 secs] 
4642.347: [GC (Allocation Failure) [PSYoungGen: 325824K->170784K(464384K)] 548142K->479478K(1862656K), 0.1404615 secs] [Times: user=0.83 sys=0.00, real=0.14 secs] 
4644.412: [GC (Allocation Failure) [PSYoungGen: 404768K->89984K(465920K)] 713462K->569382K(1864192K), 0.1081540 secs] [Times: user=0.64 sys=0.00, real=0.10 secs] 
4646.366: [GC (Allocation Failure) [PSYoungGen: 322944K->202720K(465920K)] 802342K->766531K(1864192K), 0.1361435 secs] [Times: user=0.81 sys=0.00, real=0.14 secs] 
4648.272: [GC (Allocation Failure) [PSYoungGen: 435680K->92544K(465920K)] 999491K->826347K(1864192K), 0.0718041 secs] [Times: user=0.43 sys=0.00, real=0.07 secs] 
4651.289: [GC (Allocation Failure) [PSYoungGen: 325504K->151488K(465920K)] 1059307K->971752K(1864192K), 0.0602935 secs] [Times: user=0.36 sys=0.00, real=0.06 secs] 
4652.333: [GC (Allocation Failure) [PSYoungGen: 384448K->101600K(465920K)] 1204712K->1073240K(1864192K), 0.1109922 secs] [Times: user=0.66 sys=0.00, real=0.11 secs] 
4655.534: [GC (Allocation Failure) [PSYoungGen: 334560K->146144K(379392K)] 1306200K->1208877K(1777664K), 0.0609018 secs] [Times: user=0.36 sys=0.00, real=0.06 secs] 
4656.742: [GC (Allocation Failure) [PSYoungGen: 379104K->122272K(474624K)] 1441837K->1331373K(1872896K), 0.1330350 secs] [Times: user=0.79 sys=0.00, real=0.14 secs] 
4656.875: [Full GC (Ergonomics) [PSYoungGen: 122272K->0K(474624K)] [ParOldGen: 1209101K->138306K(1398272K)] 1331373K->138306K(1872896K), [Metaspace: 60500K->60500K(1105920K)], 0.3496452 secs] [Times: user=1.65 sys=0.01, real=0.35 secs] 
4660.440: [GC (Allocation Failure) [PSYoungGen: 242176K->125472K(368128K)] 380482K->263778K(1766400K), 0.0455959 secs] [Times: user=0.27 sys=0.00, real=0.05 secs] 
4661.814: [GC (Allocation Failure) [PSYoungGen: 367648K->158944K(455168K)] 505954K->422666K(1853440K), 0.0994733 secs] [Times: user=0.58 sys=0.00, real=0.10 secs] 
4664.380: [GC (Allocation Failure) [PSYoungGen: 399584K->9024K(457728K)] 663306K->272786K(1856000K), 0.0037190 secs] [Times: user=0.02 sys=0.00, real=0.01 secs] 
4665.483: [GC (Allocation Failure) [PSYoungGen: 249664K->173696K(462336K)] 513426K->444952K(1860608K), 0.0453917 secs] [Times: user=0.27 sys=0.00, real=0.04 secs] 
4668.593: [GC (Allocation Failure) [PSYoungGen: 406656K->93664K(465920K)] 677912K->530384K(1864192K), 0.1021792 secs] [Times: user=0.61 sys=0.00, real=0.10 secs] 
4669.539: [GC (Allocation Failure) [PSYoungGen: 326624K->168800K(465408K)] 763344K->696501K(1863680K), 0.0674147 secs] [Times: user=0.40 sys=0.00, real=0.07 secs] 
4672.840: [GC (Allocation Failure) [PSYoungGen: 401760K->89760K(465920K)] 929461K->785981K(1864192K), 0.1551581 secs] [Times: user=0.92 sys=0.01, real=0.16 secs] 
4674.147: [GC (Allocation Failure) [PSYoungGen: 322720K->168896K(465920K)] 1018941K->951538K(1864192K), 0.0568000 secs] [Times: user=0.34 sys=0.00, real=0.06 secs] 
4677.404: [GC (Allocation Failure) [PSYoungGen: 401856K->81856K(465920K)] 1184498K->1033594K(1864192K), 0.1517915 secs] [Times: user=0.89 sys=0.01, real=0.15 secs] 
4678.612: [GC (Allocation Failure) [PSYoungGen: 314816K->177152K(465920K)] 1266554K->1204727K(1864192K), 0.0575060 secs] [Times: user=0.34 sys=0.01, real=0.05 secs] 
4682.157: [GC (Allocation Failure) [PSYoungGen: 410112K->82848K(465920K)] 1437687K->1287795K(1864192K), 0.1474044 secs] [Times: user=0.88 sys=0.00, real=0.15 secs] 
4682.305: [Full GC (Ergonomics) [PSYoungGen: 82848K->0K(465920K)] [ParOldGen: 1204947K->84773K(1398272K)] 1287795K->84773K(1864192K), [Metaspace: 60501K->60501K(1105920K)], 0.2171918 secs] [Times: user=1.00 sys=0.00, real=0.22 secs] 
4684.353: [GC (Allocation Failure) [PSYoungGen: 232561K->207200K(465920K)] 317334K->291973K(1864192K), 0.0558742 secs] [Times: user=0.32 sys=0.01, real=0.05 secs] 
4687.461: [GC (Allocation Failure) [PSYoungGen: 440160K->87232K(465920K)] 524933K->346221K(1864192K), 0.1013925 secs] [Times: user=0.59 sys=0.00, real=0.11 secs] 
4689.363: [GC (Allocation Failure) [PSYoungGen: 320192K->156896K(465920K)] 579181K->496492K(1864192K), 0.0597612 secs] [Times: user=0.36 sys=0.00, real=0.06 secs] 
4691.033: [GC (Allocation Failure) [PSYoungGen: 389856K->98688K(465920K)] 729452K->595276K(1864192K), 0.0913900 secs] [Times: user=0.54 sys=0.00, real=0.09 secs] 
4694.220: [GC (Allocation Failure) [PSYoungGen: 331648K->149920K(465920K)] 828236K->734379K(1864192K), 0.0606465 secs] [Times: user=0.36 sys=0.00, real=0.06 secs] 
4695.815: [GC (Allocation Failure) [PSYoungGen: 382880K->114048K(465920K)] 967339K->848043K(1864192K), 0.0891749 secs] [Times: user=0.53 sys=0.01, real=0.09 secs] 
4698.341: [GC (Allocation Failure) [PSYoungGen: 347008K->134656K(452608K)] 1081003K->972058K(1850880K), 0.0616751 secs] [Times: user=0.37 sys=0.00, real=0.07 secs] 
4700.333: [GC (Allocation Failure) [PSYoungGen: 367616K->127264K(459264K)] 1205018K->1098986K(1857536K), 0.0663587 secs] [Times: user=0.39 sys=0.00, real=0.06 secs] 
4702.625: [GC (Allocation Failure) [PSYoungGen: 360224K->96K(455680K)] 1331946K->971850K(1853952K), 0.0019433 secs] [Times: user=0.01 sys=0.00, real=0.00 secs] 
4703.955: [GC (Allocation Failure) [PSYoungGen: 239200K->160544K(399872K)] 1210954K->1132322K(1798144K), 0.0304822 secs] [Times: user=0.18 sys=0.00, real=0.03 secs] 
4707.107: [GC (Allocation Failure) [PSYoungGen: 399648K->9664K(465920K)] 1371426K->981458K(1864192K), 0.0036823 secs] [Times: user=0.02 sys=0.00, real=0.00 secs] 
4708.635: [GC (Allocation Failure) [PSYoungGen: 242624K->164928K(465920K)] 1214418K->1145043K(1864192K), 0.0461556 secs] [Times: user=0.27 sys=0.00, real=0.04 secs] 
4711.214: [GC (Allocation Failure) [PSYoungGen: 397888K->96064K(465920K)] 1378003K->1232851K(1864192K), 0.0889973 secs] [Times: user=0.53 sys=0.00, real=0.09 secs] 
4712.150: [GC (Allocation Failure) [PSYoungGen: 320635K->162432K(465920K)] 1457423K->1393412K(1864192K), 0.0651215 secs] [Times: user=0.38 sys=0.00, real=0.07 secs] 
4712.215: [Full GC (Ergonomics) [PSYoungGen: 162432K->0K(465920K)] [ParOldGen: 1230980K->197619K(1398272K)] 1393412K->197619K(1864192K), [Metaspace: 60504K->60504K(1105920K)], 0.4814345 secs] [Times: user=2.25 sys=0.00, real=0.48 secs] 
4716.536: [GC (Allocation Failure) [PSYoungGen: 232960K->92896K(465920K)] 430579K->290515K(1864192K), 0.0509826 secs] [Times: user=0.30 sys=0.00, real=0.05 secs] 
4717.553: [GC (Allocation Failure) [PSYoungGen: 314215K->159968K(465920K)] 511834K->445285K(1864192K), 0.0765089 secs] [Times: user=0.37 sys=0.00, real=0.07 secs] 
4719.659: [GC (Allocation Failure) [PSYoungGen: 392928K->99840K(464896K)] 678245K->536385K(1863168K), 0.1227498 secs] [Times: user=0.73 sys=0.00, real=0.13 secs] 
4720.930: [GC (Allocation Failure) [PSYoungGen: 332800K->168448K(465408K)] 769345K->701743K(1863680K), 0.0810882 secs] [Times: user=0.48 sys=0.01, real=0.08 secs] 
4723.802: [GC (Allocation Failure) [PSYoungGen: 397843K->86016K(465920K)] 931138K->787587K(1864192K), 0.1754192 secs] [Times: user=1.04 sys=0.00, real=0.17 secs] 
4725.103: [GC (Allocation Failure) [PSYoungGen: 318976K->170208K(465920K)] 1020547K->954628K(1864192K), 0.0972891 secs] [Times: user=0.58 sys=0.00, real=0.09 secs] 
4729.289: [GC (Allocation Failure) [PSYoungGen: 403168K->82688K(465920K)] 1187588K->1037516K(1864192K), 0.1712063 secs] [Times: user=1.02 sys=0.00, real=0.17 secs] 
4729.815: [GC (Allocation Failure) [PSYoungGen: 315648K->179424K(465920K)] 1270476K->1210756K(1864192K), 0.0581111 secs] [Times: user=0.34 sys=0.00, real=0.06 secs] 
4733.554: [GC (Allocation Failure) [PSYoungGen: 412384K->83776K(465920K)] 1443716K->1294749K(1864192K), 0.1339367 secs] [Times: user=0.80 sys=0.00, real=0.13 secs] 
4733.688: [Full GC (Ergonomics) [PSYoungGen: 83776K->0K(465920K)] [ParOldGen: 1210972K->92783K(1398272K)] 1294749K->92783K(1864192K), [Metaspace: 60504K->60504K(1105920K)], 0.2287949 secs] [Times: user=1.04 sys=0.00, real=0.23 secs] 
4734.947: [GC (Allocation Failure) [PSYoungGen: 231458K->201728K(465920K)] 324241K->294511K(1864192K), 0.0366165 secs] [Times: user=0.22 sys=0.00, real=0.04 secs] 
4738.026: [GC (Allocation Failure) [PSYoungGen: 434688K->92800K(465920K)] 527471K->352031K(1864192K), 0.0979174 secs] [Times: user=0.56 sys=0.00, real=0.10 secs] 
4740.886: [GC (Allocation Failure) [PSYoungGen: 325760K->150816K(465920K)] 584991K->496614K(1864192K), 0.0596677 secs] [Times: user=0.35 sys=0.00, real=0.06 secs] 
4742.923: [GC (Allocation Failure) [PSYoungGen: 383776K->99040K(465920K)] 729574K->595646K(1864192K), 0.0958680 secs] [Times: user=0.56 sys=0.01, real=0.09 secs] 
4744.237: [GC (Allocation Failure) [PSYoungGen: 332000K->149632K(465920K)] 828606K->734667K(1864192K), 0.0605196 secs] [Times: user=0.36 sys=0.00, real=0.06 secs] 
4746.235: [GC (Allocation Failure) [PSYoungGen: 382592K->117568K(460800K)] 967627K->852115K(1859072K), 0.0825991 secs] [Times: user=0.49 sys=0.00, real=0.08 secs] 
4747.586: [GC (Allocation Failure) [PSYoungGen: 350528K->131680K(365056K)] 1085075K->972384K(1763328K), 0.0614405 secs] [Times: user=0.36 sys=0.00, real=0.06 secs] 
4749.549: [GC (Allocation Failure) [PSYoungGen: 364640K->140192K(466944K)] 1205344K->1112320K(1865216K), 0.0585801 secs] [Times: user=0.35 sys=0.00, real=0.06 secs] 
4751.325: [GC (Allocation Failure) [PSYoungGen: 385440K->7136K(462336K)] 1357568K->979288K(1860608K), 0.0031001 secs] [Times: user=0.01 sys=0.00, real=0.00 secs] 
4753.871: [GC (Allocation Failure) [PSYoungGen: 252384K->170976K(461824K)] 1224536K->1148753K(1860096K), 0.0349064 secs] [Times: user=0.20 sys=0.00, real=0.04 secs] 
4755.404: [GC (Allocation Failure) [PSYoungGen: 403936K->97408K(465920K)] 1381713K->1237369K(1864192K), 0.0853897 secs] [Times: user=0.51 sys=0.00, real=0.08 secs] 
4756.609: [GC (Allocation Failure) [PSYoungGen: 330368K->168384K(463360K)] 1470329K->1403195K(1861632K), 0.0980658 secs] [Times: user=0.58 sys=0.00, real=0.10 secs] 
4756.708: [Full GC (Ergonomics) [PSYoungGen: 168384K->0K(463360K)] [ParOldGen: 1234811K->207318K(1398272K)] 1403195K->207318K(1861632K), [Metaspace: 60504K->60504K(1105920K)], 0.5072295 secs] [Times: user=2.40 sys=0.00, real=0.51 secs] 
4759.681: [GC (Allocation Failure) [PSYoungGen: 232960K->88960K(465920K)] 440278K->296279K(1864192K), 0.1371153 secs] [Times: user=0.82 sys=0.00, real=0.14 secs] 
4762.058: [GC (Allocation Failure) [PSYoungGen: 321920K->165024K(465408K)] 529239K->457692K(1863680K), 0.1501444 secs] [Times: user=0.89 sys=0.00, real=0.15 secs] 
4764.914: [GC (Allocation Failure) [PSYoungGen: 397984K->87456K(465920K)] 690652K->545272K(1864192K), 0.1519968 secs] [Times: user=0.90 sys=0.00, real=0.15 secs] 
4767.323: [GC (Allocation Failure) [PSYoungGen: 320416K->170080K(465920K)] 778232K->709505K(1864192K), 0.1407682 secs] [Times: user=0.84 sys=0.00, real=0.14 secs] 
4769.373: [GC (Allocation Failure) [PSYoungGen: 403040K->90528K(465920K)] 942465K->800009K(1864192K), 0.1375128 secs] [Times: user=0.81 sys=0.00, real=0.13 secs] 
4771.165: [GC (Allocation Failure) [PSYoungGen: 323488K->169024K(465920K)] 1032969K->963278K(1864192K), 0.1179232 secs] [Times: user=0.70 sys=0.00, real=0.12 secs] 
4773.143: [GC (Allocation Failure) [PSYoungGen: 401984K->93056K(465920K)] 1196238K->1056550K(1864192K), 0.1105758 secs] [Times: user=0.66 sys=0.00, real=0.11 secs] 
4776.105: [GC (Allocation Failure) [PSYoungGen: 323429K->197408K(465920K)] 1286924K->1243291K(1864192K), 0.0681158 secs] [Times: user=0.40 sys=0.00, real=0.07 secs] 
4777.047: [GC (Allocation Failure) [PSYoungGen: 423956K->93152K(465920K)] 1469839K->1299819K(1864192K), 0.0803217 secs] [Times: user=0.48 sys=0.01, real=0.08 secs] 
4777.128: [Full GC (Ergonomics) [PSYoungGen: 93152K->0K(465920K)] [ParOldGen: 1206667K->108302K(1398272K)] 1299819K->108302K(1864192K), [Metaspace: 60504K->60504K(1105920K)], 0.2511208 secs] [Times: user=1.13 sys=0.00, real=0.25 secs] 
4780.483: [GC (Allocation Failure) [PSYoungGen: 232960K->150848K(465920K)] 341262K->259150K(1864192K), 0.0427496 secs] [Times: user=0.25 sys=0.01, real=0.04 secs] 
4781.387: [GC (Allocation Failure) [PSYoungGen: 383808K->106880K(465920K)] 492110K->366270K(1864192K), 0.0842150 secs] [Times: user=0.50 sys=0.00, real=0.09 secs] 
4786.297: [GC (Allocation Failure) [PSYoungGen: 339840K->141952K(459776K)] 599230K->497494K(1858048K), 0.0611590 secs] [Times: user=0.36 sys=0.01, real=0.06 secs] 
4788.576: [GC (Allocation Failure) [PSYoungGen: 374912K->123520K(462848K)] 730454K->620822K(1861120K), 0.0798316 secs] [Times: user=0.47 sys=0.00, real=0.08 secs] 
4791.816: [GC (Allocation Failure) [PSYoungGen: 356480K->131840K(458752K)] 853782K->734333K(1857024K), 0.0615179 secs] [Times: user=0.36 sys=0.00, real=0.06 secs] 
4794.092: [GC (Allocation Failure) [PSYoungGen: 380160K->138144K(460800K)] 982653K->872685K(1859072K), 0.0621127 secs] [Times: user=0.37 sys=0.00, real=0.06 secs] 
4795.394: [GC (Allocation Failure) [PSYoungGen: 386464K->9760K(466432K)] 1121005K->744413K(1864704K), 0.0037690 secs] [Times: user=0.02 sys=0.00, real=0.00 secs] 
4797.026: [GC (Allocation Failure) [PSYoungGen: 253946K->174432K(433152K)] 988599K->917358K(1831424K), 0.0361906 secs] [Times: user=0.21 sys=0.00, real=0.04 secs] 
4799.100: [GC (Allocation Failure) [PSYoungGen: 430910K->112000K(476672K)] 1173836K->1020766K(1874944K), 0.0779175 secs] [Times: user=0.46 sys=0.00, real=0.08 secs] 
4801.190: [GC (Allocation Failure) [PSYoungGen: 357760K->179680K(425472K)] 1266526K->1197503K(1823744K), 0.1037299 secs] [Times: user=0.62 sys=0.00, real=0.11 secs] 
4805.173: [GC (Allocation Failure) [PSYoungGen: 425440K->89696K(469504K)] 1443263K->1287391K(1867776K), 0.1234976 secs] [Times: user=0.73 sys=0.00, real=0.12 secs] 
4805.296: [Full GC (Ergonomics) [PSYoungGen: 89696K->0K(469504K)] [ParOldGen: 1197695K->90330K(1398272K)] 1287391K->90330K(1867776K), [Metaspace: 60504K->60504K(1105920K)], 0.2187300 secs] [Times: user=1.00 sys=0.00, real=0.22 secs] 
4806.709: [GC (Allocation Failure) [PSYoungGen: 233609K->206304K(465920K)] 323940K->296634K(1864192K), 0.0503131 secs] [Times: user=0.30 sys=0.00, real=0.05 secs] 
4808.829: [GC (Allocation Failure) [PSYoungGen: 441708K->93504K(465920K)] 532039K->353166K(1864192K), 0.1019856 secs] [Times: user=0.51 sys=0.00, real=0.10 secs] 
4811.804: [GC (Allocation Failure) [PSYoungGen: 326464K->151104K(465920K)] 586126K->497319K(1864192K), 0.0598378 secs] [Times: user=0.35 sys=0.00, real=0.06 secs] 
4813.769: [GC (Allocation Failure) [PSYoungGen: 384064K->113600K(465920K)] 730279K->610719K(1864192K), 0.0759302 secs] [Times: user=0.45 sys=0.00, real=0.08 secs] 
4815.417: [GC (Allocation Failure) [PSYoungGen: 346560K->142656K(375808K)] 843679K->734776K(1774080K), 0.0605837 secs] [Times: user=0.36 sys=0.00, real=0.06 secs] 
4817.297: [GC (Allocation Failure) [PSYoungGen: 375616K->124192K(469504K)] 967736K->859176K(1867776K), 0.0721940 secs] [Times: user=0.42 sys=0.00, real=0.07 secs] 
4819.306: [GC (Allocation Failure) [PSYoungGen: 365856K->1824K(460800K)] 1100840K->736840K(1859072K), 0.0020219 secs] [Times: user=0.01 sys=0.00, real=0.00 secs] 
4820.659: [GC (Allocation Failure) [PSYoungGen: 243488K->158752K(464896K)] 978504K->894493K(1863168K), 0.0313245 secs] [Times: user=0.18 sys=0.00, real=0.03 secs] 
4822.156: [GC (Allocation Failure) [PSYoungGen: 391712K->14560K(465920K)] 1127453K->750381K(1864192K), 0.0046090 secs] [Times: user=0.03 sys=0.00, real=0.00 secs] 
4824.328: [GC (Allocation Failure) [PSYoungGen: 247520K->166080K(465920K)] 983341K->914473K(1864192K), 0.0981544 secs] [Times: user=0.58 sys=0.00, real=0.10 secs] 
4827.348: [GC (Allocation Failure) [PSYoungGen: 399040K->94944K(465920K)] 1147433K->1000918K(1864192K), 0.1047877 secs] [Times: user=0.62 sys=0.00, real=0.11 secs] 
4828.857: [GC (Allocation Failure) [PSYoungGen: 327904K->201248K(465920K)] 1233878K->1198826K(1864192K), 0.0531776 secs] [Times: user=0.31 sys=0.00, real=0.05 secs] 
4831.078: [GC (Allocation Failure) [PSYoungGen: 434208K->91616K(465920K)] 1431786K->1257370K(1864192K), 0.1373838 secs] [Times: user=0.81 sys=0.00, real=0.14 secs] 
4831.216: [Full GC (Ergonomics) [PSYoungGen: 91616K->0K(465920K)] [ParOldGen: 1165754K->59837K(1398272K)] 1257370K->59837K(1864192K), [Metaspace: 60508K->60508K(1105920K)], 0.1539504 secs] [Times: user=0.70 sys=0.01, real=0.15 secs] 
4832.605: [GC (Allocation Failure) [PSYoungGen: 232960K->168544K(465920K)] 292797K->228381K(1864192K), 0.0595079 secs] [Times: user=0.35 sys=0.00, real=0.06 secs] 
4835.347: [GC (Allocation Failure) [PSYoungGen: 401504K->85472K(465920K)] 461341K->313661K(1864192K), 0.1598822 secs] [Times: user=0.95 sys=0.00, real=0.16 secs] 
4836.861: [GC (Allocation Failure) [PSYoungGen: 318432K->172704K(465920K)] 546621K->481005K(1864192K), 0.1346117 secs] [Times: user=0.81 sys=0.00, real=0.14 secs] 
4839.353: [GC (Allocation Failure) [PSYoungGen: 405664K->88512K(465920K)] 713965K->569693K(1864192K), 0.1225175 secs] [Times: user=0.73 sys=0.00, real=0.12 secs] 
4841.562: [GC (Allocation Failure) [PSYoungGen: 321472K->202816K(465920K)] 802653K->766746K(1864192K), 0.0901243 secs] [Times: user=0.54 sys=0.00, real=0.10 secs] 
4844.130: [GC (Allocation Failure) [PSYoungGen: 435776K->89024K(465920K)] 999706K->822610K(1864192K), 0.1039223 secs] [Times: user=0.62 sys=0.00, real=0.11 secs] 
4846.142: [GC (Allocation Failure) [PSYoungGen: 321984K->155232K(465920K)] 1055570K->971503K(1864192K), 0.0604147 secs] [Times: user=0.36 sys=0.00, real=0.06 secs] 
4848.784: [GC (Allocation Failure) [PSYoungGen: 388192K->110304K(465920K)] 1204463K->1081479K(1864192K), 0.0968001 secs] [Times: user=0.58 sys=0.00, real=0.09 secs] 
4850.100: [GC (Allocation Failure) [PSYoungGen: 343264K->145824K(465920K)] 1314439K->1208620K(1864192K), 0.0612278 secs] [Times: user=0.36 sys=0.00, real=0.06 secs] 
4852.729: [GC (Allocation Failure) [PSYoungGen: 378784K->117120K(465920K)] 1441580K->1325500K(1864192K), 0.0693443 secs] [Times: user=0.41 sys=0.00, real=0.07 secs] 
4852.798: [Full GC (Ergonomics) [PSYoungGen: 117120K->0K(465920K)] [ParOldGen: 1208380K->132605K(1398272K)] 1325500K->132605K(1864192K), [Metaspace: 60508K->60508K(1105920K)], 0.2970829 secs] [Times: user=1.35 sys=0.00, real=0.30 secs] 
4854.436: [GC (Allocation Failure) [PSYoungGen: 232960K->131200K(448512K)] 365565K->263805K(1846784K), 0.0476851 secs] [Times: user=0.29 sys=0.00, real=0.05 secs] 
4855.799: [GC (Allocation Failure) [PSYoungGen: 364160K->145280K(457216K)] 496765K->408925K(1855488K), 0.0670789 secs] [Times: user=0.40 sys=0.00, real=0.07 secs] 
4858.462: [GC (Allocation Failure) [PSYoungGen: 378240K->2496K(453632K)] 641885K->266165K(1851904K), 0.0020020 secs] [Times: user=0.01 sys=0.00, real=0.00 secs] 
4860.070: [GC (Allocation Failure) [PSYoungGen: 235456K->152864K(465920K)] 499125K->417675K(1864192K), 0.0303049 secs] [Times: user=0.18 sys=0.00, real=0.03 secs] 
4862.336: [GC (Allocation Failure) [PSYoungGen: 385824K->8768K(465920K)] 650635K->273739K(1864192K), 0.0027881 secs] [Times: user=0.02 sys=0.00, real=0.00 secs] 
4864.011: [GC (Allocation Failure) [PSYoungGen: 241728K->169184K(465920K)] 506699K->441232K(1864192K), 0.0346231 secs] [Times: user=0.21 sys=0.00, real=0.04 secs] 
4866.199: [GC (Allocation Failure) [PSYoungGen: 402144K->93504K(465920K)] 674192K->526552K(1864192K), 0.1050061 secs] [Times: user=0.62 sys=0.01, real=0.11 secs] 
4868.726: [GC (Allocation Failure) [PSYoungGen: 322620K->163104K(465920K)] 755669K->686793K(1864192K), 0.0499920 secs] [Times: user=0.28 sys=0.01, real=0.05 secs] 
4871.248: [GC (Allocation Failure) [PSYoungGen: 396064K->95264K(465920K)] 919753K->773249K(1864192K), 0.1644300 secs] [Times: user=0.90 sys=0.00, real=0.17 secs] 
4874.135: [GC (Allocation Failure) [PSYoungGen: 328224K->165344K(465920K)] 1006209K->934434K(1864192K), 0.0506456 secs] [Times: user=0.30 sys=0.00, real=0.05 secs] 
4876.885: [GC (Allocation Failure) [PSYoungGen: 398304K->89984K(465920K)] 1167394K->1024202K(1864192K), 0.1714607 secs] [Times: user=1.02 sys=0.00, real=0.17 secs] 
4877.907: [GC (Allocation Failure) [PSYoungGen: 322944K->186752K(465920K)] 1257162K->1207082K(1864192K), 0.0568819 secs] [Times: user=0.34 sys=0.00, real=0.06 secs] 
4881.439: [GC (Allocation Failure) [PSYoungGen: 419712K->82816K(465920K)] 1440042K->1273470K(1864192K), 0.1589728 secs] [Times: user=0.91 sys=0.00, real=0.16 secs] 
4881.598: [Full GC (Ergonomics) [PSYoungGen: 82816K->0K(465920K)] [ParOldGen: 1190654K->69567K(1398272K)] 1273470K->69567K(1864192K), [Metaspace: 60511K->60511K(1105920K)], 0.1804784 secs] [Times: user=0.79 sys=0.00, real=0.18 secs] 
4882.293: [GC (Allocation Failure) [PSYoungGen: 232960K->179392K(465920K)] 302527K->248959K(1864192K), 0.0387912 secs] [Times: user=0.23 sys=0.00, real=0.04 secs] 
4885.890: [GC (Allocation Failure) [PSYoungGen: 412352K->86592K(465920K)] 481919K->335903K(1864192K), 0.1305724 secs] [Times: user=0.78 sys=0.00, real=0.13 secs] 
4886.657: [GC (Allocation Failure) [PSYoungGen: 318238K->206464K(465920K)] 567550K->532332K(1864192K), 0.0613600 secs] [Times: user=0.36 sys=0.00, real=0.06 secs] 
4889.801: [GC (Allocation Failure) [PSYoungGen: 439424K->86656K(465920K)] 765292K->584124K(1864192K), 0.1119051 secs] [Times: user=0.66 sys=0.01, real=0.12 secs] 
4891.372: [GC (Allocation Failure) [PSYoungGen: 319616K->157856K(465920K)] 817084K->735125K(1864192K), 0.0600178 secs] [Times: user=0.35 sys=0.00, real=0.06 secs] 
4893.090: [GC (Allocation Failure) [PSYoungGen: 390816K->103808K(465920K)] 968085K->838821K(1864192K), 0.1172874 secs] [Times: user=0.70 sys=0.00, real=0.12 secs] 
4894.897: [GC (Allocation Failure) [PSYoungGen: 336768K->144544K(465920K)] 1071781K->972438K(1864192K), 0.0611724 secs] [Times: user=0.37 sys=0.00, real=0.06 secs] 
4896.084: [GC (Allocation Failure) [PSYoungGen: 377504K->126304K(465920K)] 1205398K->1098930K(1864192K), 0.0652314 secs] [Times: user=0.39 sys=0.00, real=0.06 secs] 
4897.870: [GC (Allocation Failure) [PSYoungGen: 359264K->121760K(354816K)] 1331890K->1210025K(1753088K), 0.0629538 secs] [Times: user=0.37 sys=0.00, real=0.07 secs] 
4899.665: [GC (Allocation Failure) [PSYoungGen: 354720K->147872K(459264K)] 1442985K->1357593K(1857536K), 0.0584019 secs] [Times: user=0.35 sys=0.00, real=0.06 secs] 
4899.723: [Full GC (Ergonomics) [PSYoungGen: 147872K->0K(459264K)] [ParOldGen: 1209721K->163330K(1398272K)] 1357593K->163330K(1857536K), [Metaspace: 60511K->60511K(1105920K)], 0.3885948 secs] [Times: user=1.79 sys=0.00, real=0.39 secs] 
4901.644: [GC (Allocation Failure) [PSYoungGen: 234941K->104704K(457216K)] 398272K->268034K(1855488K), 0.0414942 secs] [Times: user=0.25 sys=0.00, real=0.04 secs] 
4904.307: [GC (Allocation Failure) [PSYoungGen: 339712K->160736K(465920K)] 503042K->427747K(1864192K), 0.0566704 secs] [Times: user=0.34 sys=0.00, real=0.06 secs] 
4906.111: [GC (Allocation Failure) [PSYoungGen: 409568K->110336K(469504K)] 676579K->529559K(1867776K), 0.1181140 secs] [Times: user=0.70 sys=0.00, real=0.12 secs] 
4907.909: [GC (Allocation Failure) [PSYoungGen: 359168K->178464K(464384K)] 778391K->703221K(1862656K), 0.1114019 secs] [Times: user=0.65 sys=0.01, real=0.11 secs] 
4910.494: [GC (Allocation Failure) [PSYoungGen: 427808K->101088K(474112K)] 952565K->804405K(1872384K), 0.1205642 secs] [Times: user=0.71 sys=0.01, real=0.12 secs] 
4912.634: [GC (Allocation Failure) [PSYoungGen: 348421K->213824K(454144K)] 1051738K->1012314K(1852416K), 0.0637523 secs] [Times: user=0.35 sys=0.03, real=0.06 secs] 
4914.145: [GC (Allocation Failure) [PSYoungGen: 443821K->92864K(465920K)] 1242311K->1071329K(1864192K), 0.1026511 secs] [Times: user=0.61 sys=0.00, real=0.10 secs] 
4917.179: [GC (Allocation Failure) [PSYoungGen: 325824K->150848K(465920K)] 1304289K->1215830K(1864192K), 0.0608944 secs] [Times: user=0.36 sys=0.00, real=0.06 secs] 
4918.988: [GC (Allocation Failure) [PSYoungGen: 383808K->106080K(339456K)] 1448790K->1322142K(1737728K), 0.0912689 secs] [Times: user=0.54 sys=0.00, real=0.09 secs] 
4919.079: [Full GC (Ergonomics) [PSYoungGen: 106080K->0K(339456K)] [ParOldGen: 1216062K->121109K(1398272K)] 1322142K->121109K(1737728K), [Metaspace: 60511K->59608K(1105920K)], 0.2796132 secs] [Times: user=1.25 sys=0.00, real=0.28 secs] 
4922.469: [GC (Allocation Failure) [PSYoungGen: 232960K->142144K(470016K)] 354069K->263253K(1868288K), 0.0515087 secs] [Times: user=0.31 sys=0.00, real=0.05 secs] 
4925.359: [GC (Allocation Failure) [PSYoungGen: 381248K->120800K(359936K)] 502357K->384133K(1758208K), 0.0832554 secs] [Times: user=0.50 sys=0.00, real=0.09 secs] 
4927.394: [GC (Allocation Failure) [PSYoungGen: 359904K->127424K(468992K)] 623237K->501254K(1867264K), 0.0625478 secs] [Times: user=0.36 sys=0.00, real=0.06 secs] 
4929.766: [GC (Allocation Failure) [PSYoungGen: 378304K->152704K(461312K)] 752134K->653606K(1859584K), 0.0615558 secs] [Times: user=0.37 sys=0.00, real=0.06 secs] 
4932.420: [GC (Allocation Failure) [PSYoungGen: 403584K->15872K(463360K)] 904486K->516798K(1861632K), 0.0053878 secs] [Times: user=0.03 sys=0.00, real=0.01 secs] 
4933.399: [GC (Allocation Failure) [PSYoungGen: 269312K->180256K(434176K)] 770238K->695251K(1832448K), 0.0462612 secs] [Times: user=0.27 sys=0.00, real=0.05 secs] 
4936.780: [GC (Allocation Failure) [PSYoungGen: 433696K->101248K(471040K)] 948691K->796307K(1869312K), 0.1415019 secs] [Times: user=0.84 sys=0.00, real=0.14 secs] 
4937.901: [GC (Allocation Failure) [PSYoungGen: 339328K->176320K(465920K)] 1034387K->966799K(1864192K), 0.0992998 secs] [Times: user=0.59 sys=0.00, real=0.10 secs] 
4940.044: [GC (Allocation Failure) [PSYoungGen: 414400K->98688K(467456K)] 1204879K->1065099K(1865728K), 0.0953276 secs] [Times: user=0.57 sys=0.00, real=0.09 secs] 
4942.745: [GC (Allocation Failure) [PSYoungGen: 333184K->200557K(465920K)] 1299595K->1260134K(1864192K), 0.0703138 secs] [Times: user=0.41 sys=0.00, real=0.07 secs] 
4944.549: [GC (Allocation Failure) [PSYoungGen: 435053K->100416K(465920K)] 1494630K->1317232K(1864192K), 0.0850038 secs] [Times: user=0.51 sys=0.00, real=0.09 secs] 
4944.634: [Full GC (Ergonomics) [PSYoungGen: 100416K->0K(465920K)] [ParOldGen: 1216816K->115505K(1398272K)] 1317232K->115505K(1864192K), [Metaspace: 59625K->59625K(1105920K)], 0.2651246 secs] [Times: user=1.20 sys=0.01, real=0.26 secs] 
4946.538: [GC (Allocation Failure) [PSYoungGen: 232960K->147424K(465920K)] 348465K->262929K(1864192K), 0.0518311 secs] [Times: user=0.31 sys=0.01, real=0.05 secs] 
4948.262: [GC (Allocation Failure) [PSYoungGen: 380384K->123936K(457728K)] 495889K->387141K(1856000K), 0.0852083 secs] [Times: user=0.51 sys=0.00, real=0.08 secs] 
4951.642: [GC (Allocation Failure) [PSYoungGen: 356896K->132224K(461824K)] 620101K->500757K(1860096K), 0.0614703 secs] [Times: user=0.36 sys=0.00, real=0.06 secs] 
4954.175: [GC (Allocation Failure) [PSYoungGen: 365184K->122976K(461312K)] 733717K->623813K(1859584K), 0.0716621 secs] [Times: user=0.42 sys=0.00, real=0.07 secs] 
4955.564: [GC (Allocation Failure) [PSYoungGen: 373856K->2944K(462848K)] 874693K->503925K(1861120K), 0.0023442 secs] [Times: user=0.01 sys=0.00, real=0.00 secs] 
4957.410: [GC (Allocation Failure) [PSYoungGen: 253824K->174720K(458752K)] 754805K->677439K(1857024K), 0.0801907 secs] [Times: user=0.47 sys=0.00, real=0.08 secs] 
4959.982: [GC (Allocation Failure) [PSYoungGen: 407680K->93376K(465920K)] 910399K->762647K(1864192K), 0.0696538 secs] [Times: user=0.41 sys=0.00, real=0.07 secs] 
4961.525: [GC (Allocation Failure) [PSYoungGen: 324267K->162112K(462848K)] 993539K->922560K(1861120K), 0.0719906 secs] [Times: user=0.42 sys=0.01, real=0.07 secs] 
4963.856: [GC (Allocation Failure) [PSYoungGen: 395072K->97248K(330240K)] 1155520K->1011176K(1728512K), 0.0715698 secs] [Times: user=0.43 sys=0.00, real=0.07 secs] 
4965.761: [GC (Allocation Failure) [PSYoungGen: 330208K->171200K(458752K)] 1244136K->1179346K(1857024K), 0.0865805 secs] [Times: user=0.51 sys=0.01, real=0.09 secs] 
4969.135: [GC (Allocation Failure) [PSYoungGen: 402112K->84352K(463872K)] 1410258K->1263842K(1862144K), 0.1591144 secs] [Times: user=0.95 sys=0.01, real=0.16 secs] 
4969.294: [Full GC (Ergonomics) [PSYoungGen: 84352K->0K(463872K)] [ParOldGen: 1179490K->62027K(1398272K)] 1263842K->62027K(1862144K), [Metaspace: 59625K->59625K(1105920K)], 0.1611841 secs] [Times: user=0.73 sys=0.00, real=0.16 secs] 
4970.423: [GC (Allocation Failure) [PSYoungGen: 230912K->165088K(464896K)] 292939K->227115K(1863168K), 0.0334093 secs] [Times: user=0.19 sys=0.00, real=0.03 secs] 
4972.690: [GC (Allocation Failure) [PSYoungGen: 398048K->90048K(465920K)] 460075K->316695K(1864192K), 0.1440194 secs] [Times: user=0.86 sys=0.00, real=0.15 secs] 
4974.303: [GC (Allocation Failure) [PSYoungGen: 323008K->171008K(464896K)] 549655K->481796K(1863168K), 0.1162080 secs] [Times: user=0.69 sys=0.00, real=0.11 secs] 
4977.242: [GC (Allocation Failure) [PSYoungGen: 403968K->89408K(465920K)] 714756K->571156K(1864192K), 0.1257894 secs] [Times: user=0.75 sys=0.00, real=0.12 secs] 
4978.231: [GC (Allocation Failure) [PSYoungGen: 322368K->205728K(465920K)] 804116K->770873K(1864192K), 0.0602815 secs] [Times: user=0.35 sys=0.00, real=0.07 secs] 
4981.108: [GC (Allocation Failure) [PSYoungGen: 438688K->88960K(465920K)] 1003833K->823033K(1864192K), 0.1080201 secs] [Times: user=0.64 sys=0.00, real=0.11 secs] 
4983.438: [GC (Allocation Failure) [PSYoungGen: 321920K->154304K(465920K)] 1055993K->971182K(1864192K), 0.0601910 secs] [Times: user=0.36 sys=0.00, real=0.06 secs] 
4986.131: [GC (Allocation Failure) [PSYoungGen: 387264K->98336K(465920K)] 1204142K->1069646K(1864192K), 0.0957761 secs] [Times: user=0.57 sys=0.00, real=0.10 secs] 
4987.465: [GC (Allocation Failure) [PSYoungGen: 331296K->149632K(465920K)] 1302606K->1208841K(1864192K), 0.0608703 secs] [Times: user=0.36 sys=0.00, real=0.06 secs] 
4990.354: [GC (Allocation Failure) [PSYoungGen: 382592K->116448K(349696K)] 1441801K->1325309K(1747968K), 0.0830147 secs] [Times: user=0.49 sys=0.00, real=0.08 secs] 
4990.437: [Full GC (Ergonomics) [PSYoungGen: 116448K->0K(349696K)] [ParOldGen: 1208861K->132070K(1398272K)] 1325309K->132070K(1747968K), [Metaspace: 59626K->59626K(1105920K)], 0.3018937 secs] [Times: user=1.38 sys=0.00, real=0.30 secs] 
4993.014: [GC (Allocation Failure) [PSYoungGen: 232960K->131584K(470528K)] 365030K->263654K(1868800K), 0.0474724 secs] [Times: user=0.28 sys=0.00, real=0.04 secs] 
4994.650: [GC (Allocation Failure) [PSYoungGen: 373248K->135328K(461824K)] 505318K->398806K(1860096K), 0.0697037 secs] [Times: user=0.42 sys=0.00, real=0.07 secs] 
4996.203: [GC (Allocation Failure) [PSYoungGen: 376992K->5088K(450560K)] 640470K->268598K(1848832K), 0.0023464 secs] [Times: user=0.01 sys=0.00, real=0.00 secs] 
4997.643: [GC (Allocation Failure) [PSYoungGen: 242144K->162400K(463360K)] 505654K->429827K(1861632K), 0.0329603 secs] [Times: user=0.19 sys=0.00, real=0.03 secs] 
4998.848: [GC (Allocation Failure) [PSYoungGen: 399456K->105728K(461824K)] 666883K->526659K(1860096K), 0.0687817 secs] [Times: user=0.41 sys=0.00, real=0.07 secs] 
5000.966: [GC (Allocation Failure) [PSYoungGen: 346368K->173312K(464384K)] 767299K->697548K(1862656K), 0.0558133 secs] [Times: user=0.33 sys=0.00, real=0.06 secs] 
5004.229: [GC (Allocation Failure) [PSYoungGen: 413952K->91840K(470016K)] 938188K->789308K(1868288K), 0.1529523 secs] [Times: user=0.91 sys=0.00, real=0.15 secs] 
5005.723: [GC (Allocation Failure) [PSYoungGen: 329920K->173600K(465920K)] 1027388K->959193K(1864192K), 0.0829762 secs] [Times: user=0.49 sys=0.00, real=0.08 secs] 
5009.400: [GC (Allocation Failure) [PSYoungGen: 411680K->85984K(466432K)] 1197273K->1045453K(1864704K), 0.1564536 secs] [Times: user=0.93 sys=0.00, real=0.16 secs] 
5010.014: [GC (Allocation Failure) [PSYoungGen: 319456K->212096K(465920K)] 1278925K->1251674K(1864192K), 0.0585210 secs] [Times: user=0.35 sys=0.00, real=0.06 secs] 
5011.881: [GC (Allocation Failure) [PSYoungGen: 445568K->90048K(465920K)] 1485146K->1308218K(1864192K), 0.0880706 secs] [Times: user=0.52 sys=0.00, real=0.09 secs] 
5011.969: [Full GC (Ergonomics) [PSYoungGen: 90048K->0K(465920K)] [ParOldGen: 1218170K->105613K(1398272K)] 1308218K->105613K(1864192K), [Metaspace: 59626K->59622K(1105920K)], 0.2411059 secs] [Times: user=1.08 sys=0.00, real=0.24 secs] 
5015.317: [GC (Allocation Failure) [PSYoungGen: 232960K->153600K(465920K)] 338573K->259213K(1864192K), 0.0442318 secs] [Times: user=0.26 sys=0.00, real=0.04 secs] 
5019.039: [GC (Allocation Failure) [PSYoungGen: 381954K->92960K(465920K)] 487568K->352357K(1864192K), 0.0968532 secs] [Times: user=0.58 sys=0.01, real=0.10 secs] 
5020.306: [GC (Allocation Failure) [PSYoungGen: 325920K->151072K(465920K)] 585317K->497036K(1864192K), 0.0598895 secs] [Times: user=0.36 sys=0.01, real=0.06 secs] 
5022.931: [GC (Allocation Failure) [PSYoungGen: 384032K->105312K(464896K)] 729996K->602492K(1863168K), 0.0904378 secs] [Times: user=0.53 sys=0.01, real=0.09 secs] 
5025.453: [GC (Allocation Failure) [PSYoungGen: 338272K->142464K(375808K)] 835452K->734484K(1774080K), 0.0611449 secs] [Times: user=0.36 sys=0.00, real=0.06 secs] 
5028.294: [GC (Allocation Failure) [PSYoungGen: 375424K->114400K(470016K)] 967444K->848972K(1868288K), 0.0808726 secs] [Times: user=0.48 sys=0.00, real=0.08 secs] 
5031.442: [GC (Allocation Failure) [PSYoungGen: 356576K->133728K(462336K)] 1091148K->972160K(1860608K), 0.0617174 secs] [Times: user=0.37 sys=0.00, real=0.06 secs] 
5032.170: [GC (Allocation Failure) [PSYoungGen: 375904K->159328K(461312K)] 1214336K->1131648K(1859584K), 0.0615742 secs] [Times: user=0.36 sys=0.01, real=0.06 secs] 
5034.458: [GC (Allocation Failure) [PSYoungGen: 407136K->11232K(464384K)] 1379456K->983576K(1862656K), 0.0042758 secs] [Times: user=0.02 sys=0.00, real=0.01 secs] 
5035.770: [GC (Allocation Failure) [PSYoungGen: 249802K->173056K(461312K)] 1222147K->1155097K(1859584K), 0.0369998 secs] [Times: user=0.21 sys=0.00, real=0.04 secs] 
5039.506: [GC (Allocation Failure) [PSYoungGen: 406016K->91488K(465920K)] 1388057K->1238409K(1864192K), 0.1134612 secs] [Times: user=0.67 sys=0.00, real=0.11 secs] 
5039.620: [Full GC (Ergonomics) [PSYoungGen: 91488K->0K(465920K)] [ParOldGen: 1146921K->42655K(1398272K)] 1238409K->42655K(1864192K), [Metaspace: 59622K->59622K(1105920K)], 0.0887796 secs] [Times: user=0.36 sys=0.00, real=0.09 secs] 
5042.106: [GC (Allocation Failure) [PSYoungGen: 232960K->199936K(464896K)] 275615K->242591K(1863168K), 0.0374114 secs] [Times: user=0.22 sys=0.00, real=0.04 secs] 
5045.124: [GC (Allocation Failure) [PSYoungGen: 432896K->85440K(465920K)] 475551K->295259K(1864192K), 0.1728727 secs] [Times: user=1.02 sys=0.01, real=0.17 secs] 
5046.135: [GC (Allocation Failure) [PSYoungGen: 318400K->170112K(465920K)] 528219K->461264K(1864192K), 0.0546713 secs] [Times: user=0.32 sys=0.00, real=0.05 secs] 
5048.162: [GC (Allocation Failure) [PSYoungGen: 403072K->93952K(465920K)] 694224K->554568K(1864192K), 0.1173556 secs] [Times: user=0.69 sys=0.00, real=0.11 secs] 
5049.405: [GC (Allocation Failure) [PSYoungGen: 326912K->168032K(465920K)] 787528K->717309K(1864192K), 0.1149846 secs] [Times: user=0.67 sys=0.01, real=0.11 secs] 
5052.552: [GC (Allocation Failure) [PSYoungGen: 400992K->86592K(465920K)] 950269K->803737K(1864192K), 0.1450151 secs] [Times: user=0.87 sys=0.00, real=0.14 secs] 
5053.689: [GC (Allocation Failure) [PSYoungGen: 319552K->172352K(465920K)] 1036697K->970514K(1864192K), 0.1360318 secs] [Times: user=0.81 sys=0.00, real=0.14 secs] 
5056.142: [GC (Allocation Failure) [PSYoungGen: 405312K->90368K(465920K)] 1203474K->1060922K(1864192K), 0.1119725 secs] [Times: user=0.67 sys=0.00, real=0.11 secs] 
5059.357: [GC (Allocation Failure) [PSYoungGen: 323328K->155936K(465920K)] 1293882K->1210809K(1864192K), 0.0619887 secs] [Times: user=0.37 sys=0.00, real=0.06 secs] 
5061.809: [GC (Allocation Failure) [PSYoungGen: 383801K->92768K(465920K)] 1438674K->1303817K(1864192K), 0.0953192 secs] [Times: user=0.56 sys=0.00, real=0.10 secs] 
5061.904: [Full GC (Ergonomics) [PSYoungGen: 92768K->0K(465920K)] [ParOldGen: 1211049K->108343K(1398272K)] 1303817K->108343K(1864192K), [Metaspace: 59622K->59622K(1105920K)], 0.2523809 secs] [Times: user=1.15 sys=0.00, real=0.25 secs] 
5064.601: [GC (Allocation Failure) [PSYoungGen: 232960K->150976K(465920K)] 341303K->259319K(1864192K), 0.0429615 secs] [Times: user=0.25 sys=0.00, real=0.05 secs] 
5065.801: [GC (Allocation Failure) [PSYoungGen: 383936K->104480K(337920K)] 492279K->363887K(1736192K), 0.1148576 secs] [Times: user=0.68 sys=0.00, real=0.12 secs] 
5068.322: [GC (Allocation Failure) [PSYoungGen: 337440K->143264K(466432K)] 596847K->496892K(1864704K), 0.0608943 secs] [Times: user=0.36 sys=0.00, real=0.06 secs] 
5070.928: [GC (Allocation Failure) [PSYoungGen: 380320K->122464K(359936K)] 733948K->619132K(1758208K), 0.0763061 secs] [Times: user=0.45 sys=0.00, real=0.08 secs] 
5072.885: [GC (Allocation Failure) [PSYoungGen: 359520K->125728K(469504K)] 856188K->734253K(1867776K), 0.0622504 secs] [Times: user=0.38 sys=0.00, real=0.06 secs] 
5074.193: [GC (Allocation Failure) [PSYoungGen: 378656K->162688K(460800K)] 987181K->897125K(1859072K), 0.0599396 secs] [Times: user=0.35 sys=0.00, real=0.06 secs] 
5077.096: [GC (Allocation Failure) [PSYoungGen: 413748K->25120K(466432K)] 1148185K->759605K(1864704K), 0.0077775 secs] [Times: user=0.05 sys=0.00, real=0.01 secs] 
5077.864: [GC (Allocation Failure) [PSYoungGen: 278560K->176512K(430080K)] 1013045K->934171K(1828352K), 0.0444118 secs] [Times: user=0.26 sys=0.00, real=0.04 secs] 
5080.379: [GC (Allocation Failure) [PSYoungGen: 429952K->108032K(473088K)] 1187611K->1041915K(1871360K), 0.1241988 secs] [Times: user=0.74 sys=0.00, real=0.13 secs] 
5084.459: [GC (Allocation Failure) [PSYoungGen: 348160K->170016K(465920K)] 1282043K->1206596K(1864192K), 0.1530123 secs] [Times: user=0.91 sys=0.00, real=0.16 secs] 
5086.127: [GC (Allocation Failure) [PSYoungGen: 409436K->97472K(467968K)] 1446016K->1304356K(1866240K), 0.0927236 secs] [Times: user=0.55 sys=0.00, real=0.09 secs] 
5086.219: [Full GC (Ergonomics) [PSYoungGen: 97472K->0K(467968K)] [ParOldGen: 1206884K->108276K(1398272K)] 1304356K->108276K(1866240K), [Metaspace: 59684K->59684K(1105920K)], 0.2481059 secs] [Times: user=1.12 sys=0.00, real=0.25 secs] 
5089.285: [GC (Allocation Failure) [PSYoungGen: 239104K->151136K(466432K)] 347380K->259412K(1864704K), 0.0430932 secs] [Times: user=0.25 sys=0.00, real=0.04 secs] 
5090.269: [GC (Allocation Failure) [PSYoungGen: 390240K->113280K(459264K)] 498516K->372700K(1857536K), 0.0706882 secs] [Times: user=0.42 sys=0.00, real=0.07 secs] 
5093.039: [GC (Allocation Failure) [PSYoungGen: 358016K->134560K(464384K)] 617436K->497099K(1862656K), 0.0609639 secs] [Times: user=0.36 sys=0.00, real=0.06 secs] 
5094.112: [GC (Allocation Failure) [PSYoungGen: 379296K->150016K(477696K)] 741835K->647083K(1875968K), 0.0602713 secs] [Times: user=0.36 sys=0.00, real=0.06 secs] 
5096.481: [GC (Allocation Failure) [PSYoungGen: 414720K->21376K(286208K)] 911787K->518459K(1684480K), 0.0071915 secs] [Times: user=0.04 sys=0.00, real=0.01 secs] 
5098.912: [GC (Allocation Failure) [PSYoungGen: 286080K->191104K(456192K)] 783163K->707228K(1854464K), 0.0973384 secs] [Times: user=0.58 sys=0.00, real=0.09 secs] 
5102.206: [GC (Allocation Failure) [PSYoungGen: 424064K->82944K(465920K)] 940188K->790332K(1864192K), 0.1720871 secs] [Times: user=1.02 sys=0.01, real=0.17 secs] 
5102.724: [GC (Allocation Failure) [PSYoungGen: 315904K->179168K(465920K)] 1023292K->963197K(1864192K), 0.0573166 secs] [Times: user=0.34 sys=0.00, real=0.05 secs] 
5106.110: [GC (Allocation Failure) [PSYoungGen: 412128K->82976K(465920K)] 1196157K->1046277K(1864192K), 0.1529869 secs] [Times: user=0.91 sys=0.00, real=0.16 secs] 
5106.705: [GC (Allocation Failure) [PSYoungGen: 315936K->205952K(465920K)] 1279237K->1245965K(1864192K), 0.0579724 secs] [Times: user=0.34 sys=0.00, real=0.06 secs] 
5110.501: [GC (Allocation Failure) [PSYoungGen: 438912K->87616K(465920K)] 1478925K->1299829K(1864192K), 0.1197165 secs] [Times: user=0.71 sys=0.00, real=0.12 secs] 
5110.621: [Full GC (Ergonomics) [PSYoungGen: 87616K->0K(465920K)] [ParOldGen: 1212213K->99705K(1398272K)] 1299829K->99705K(1864192K), [Metaspace: 59684K->59684K(1105920K)], 0.2355505 secs] [Times: user=1.08 sys=0.00, real=0.24 secs] 
5112.039: [GC (Allocation Failure) [PSYoungGen: 232960K->160288K(465920K)] 332665K->259993K(1864192K), 0.0462240 secs] [Times: user=0.27 sys=0.00, real=0.05 secs] 
5114.986: [GC (Allocation Failure) [PSYoungGen: 388430K->92960K(465920K)] 488135K->353089K(1864192K), 0.0848398 secs] [Times: user=0.50 sys=0.01, real=0.08 secs] 
5117.469: [GC (Allocation Failure) [PSYoungGen: 325920K->150752K(465920K)] 586049K->497408K(1864192K), 0.0601432 secs] [Times: user=0.36 sys=0.00, real=0.06 secs] 
5118.296: [GC (Allocation Failure) [PSYoungGen: 383712K->108800K(465920K)] 730368K->606440K(1864192K), 0.0876755 secs] [Times: user=0.52 sys=0.00, real=0.09 secs] 
5121.310: [GC (Allocation Failure) [PSYoungGen: 341760K->139072K(460800K)] 839400K->734895K(1859072K), 0.0612329 secs] [Times: user=0.36 sys=0.00, real=0.06 secs] 
5122.041: [GC (Allocation Failure) [PSYoungGen: 372032K->130176K(363520K)] 967855K->865263K(1761792K), 0.0852563 secs] [Times: user=0.51 sys=0.00, real=0.09 secs] 
5125.006: [GC (Allocation Failure) [PSYoungGen: 363136K->117536K(469504K)] 1098223K->972756K(1867776K), 0.0632980 secs] [Times: user=0.37 sys=0.00, real=0.06 secs] 
5126.104: [GC (Allocation Failure) [PSYoungGen: 365856K->159200K(461824K)] 1221076K->1132076K(1860096K), 0.1091946 secs] [Times: user=0.64 sys=0.00, real=0.11 secs] 
5128.643: [GC (Allocation Failure) [PSYoungGen: 407520K->17024K(460800K)] 1380396K->989924K(1859072K), 0.0064822 secs] [Times: user=0.03 sys=0.00, real=0.00 secs] 
5130.163: [GC (Allocation Failure) [PSYoungGen: 247396K->167232K(411648K)] 1220296K->1155137K(1809920K), 0.1110250 secs] [Times: user=0.65 sys=0.01, real=0.11 secs] 
5133.059: [GC (Allocation Failure) [PSYoungGen: 411456K->101152K(471552K)] 1399361K->1248257K(1869824K), 0.1570495 secs] [Times: user=0.93 sys=0.00, real=0.16 secs] 
5134.282: [GC (Allocation Failure) [PSYoungGen: 339744K->204928K(465920K)] 1486849K->1449266K(1864192K), 0.0545196 secs] [Times: user=0.32 sys=0.00, real=0.05 secs] 
5134.336: [Full GC (Ergonomics) [PSYoungGen: 204928K->0K(465920K)] [ParOldGen: 1244338K->219858K(1398272K)] 1449266K->219858K(1864192K), [Metaspace: 59715K->59715K(1105920K)], 0.5092811 secs] [Times: user=2.37 sys=0.00, real=0.51 secs] 
5138.017: [GC (Allocation Failure) [PSYoungGen: 238592K->88608K(465920K)] 458450K->308466K(1864192K), 0.1270505 secs] [Times: user=0.75 sys=0.01, real=0.13 secs] 
5139.116: [GC (Allocation Failure) [PSYoungGen: 321568K->176704K(465920K)] 541426K->478771K(1864192K), 0.1117672 secs] [Times: user=0.67 sys=0.00, real=0.11 secs] 
5143.064: [GC (Allocation Failure) [PSYoungGen: 409664K->82688K(465920K)] 711731K->561707K(1864192K), 0.1540468 secs] [Times: user=0.91 sys=0.00, real=0.15 secs] 
5143.947: [GC (Allocation Failure) [PSYoungGen: 315648K->174816K(465920K)] 794667K->729708K(1864192K), 0.1167136 secs] [Times: user=0.69 sys=0.00, real=0.12 secs] 
5146.245: [GC (Allocation Failure) [PSYoungGen: 407776K->91072K(465920K)] 962668K->820684K(1864192K), 0.1069207 secs] [Times: user=0.64 sys=0.00, real=0.11 secs] 
5148.700: [GC (Allocation Failure) [PSYoungGen: 324032K->153472K(465920K)] 1053644K->967769K(1864192K), 0.0601658 secs] [Times: user=0.36 sys=0.00, real=0.06 secs] 
5150.140: [GC (Allocation Failure) [PSYoungGen: 386432K->111872K(465920K)] 1200729K->1079673K(1864192K), 0.0923076 secs] [Times: user=0.55 sys=0.00, real=0.10 secs] 
5152.454: [GC (Allocation Failure) [PSYoungGen: 344832K->144288K(377344K)] 1312633K->1205380K(1775616K), 0.0611391 secs] [Times: user=0.37 sys=0.00, real=0.06 secs] 
5155.089: [GC (Allocation Failure) [PSYoungGen: 377248K->114400K(471552K)] 1438340K->1319604K(1869824K), 0.0836597 secs] [Times: user=0.49 sys=0.00, real=0.09 secs] 
5155.173: [Full GC (Ergonomics) [PSYoungGen: 114400K->0K(471552K)] [ParOldGen: 1205204K->129940K(1398272K)] 1319604K->129940K(1869824K), [Metaspace: 59715K->59715K(1105920K)], 0.2892807 secs] [Times: user=1.32 sys=0.00, real=0.29 secs] 
5156.687: [GC (Allocation Failure) [PSYoungGen: 240128K->134016K(374272K)] 370068K->263956K(1772544K), 0.0494182 secs] [Times: user=0.29 sys=0.00, real=0.05 secs] 
5157.929: [GC (Allocation Failure) [PSYoungGen: 374144K->151488K(459776K)] 504084K->415592K(1858048K), 0.0703856 secs] [Times: user=0.42 sys=0.00, real=0.07 secs] 
5160.546: [GC (Allocation Failure) [PSYoungGen: 394688K->8992K(459776K)] 658792K->273128K(1858048K), 0.0033914 secs] [Times: user=0.02 sys=0.00, real=0.00 secs] 
5162.348: [GC (Allocation Failure) [PSYoungGen: 248056K->174880K(461312K)] 512193K->446578K(1859584K), 0.0499184 secs] [Times: user=0.29 sys=0.00, real=0.05 secs] 
5164.515: [GC (Allocation Failure) [PSYoungGen: 407840K->91680K(465920K)] 679538K->530162K(1864192K), 0.1320223 secs] [Times: user=0.79 sys=0.00, real=0.13 secs] 
5166.641: [GC (Allocation Failure) [PSYoungGen: 324640K->169760K(465408K)] 763122K->696167K(1863680K), 0.0499955 secs] [Times: user=0.30 sys=0.00, real=0.05 secs] 
5169.423: [GC (Allocation Failure) [PSYoungGen: 402720K->85536K(465920K)] 929127K->781487K(1864192K), 0.1314066 secs] [Times: user=0.71 sys=0.00, real=0.13 secs] 
5170.673: [GC (Allocation Failure) [PSYoungGen: 318496K->173152K(465920K)] 1014447K->950884K(1864192K), 0.0556759 secs] [Times: user=0.33 sys=0.00, real=0.05 secs] 
5173.556: [GC (Allocation Failure) [PSYoungGen: 406112K->82688K(465920K)] 1183844K->1033748K(1864192K), 0.1580611 secs] [Times: user=0.95 sys=0.00, real=0.16 secs] 
5174.549: [GC (Allocation Failure) [PSYoungGen: 315648K->178496K(465920K)] 1266708K->1205745K(1864192K), 0.0574078 secs] [Times: user=0.34 sys=0.00, real=0.06 secs] 
5177.243: [GC (Allocation Failure) [PSYoungGen: 411456K->86016K(465920K)] 1438705K->1291873K(1864192K), 0.1442415 secs] [Times: user=0.86 sys=0.00, real=0.14 secs] 
5177.387: [Full GC (Ergonomics) [PSYoungGen: 86016K->0K(465920K)] [ParOldGen: 1205857K->89589K(1398272K)] 1291873K->89589K(1864192K), [Metaspace: 59715K->59715K(1105920K)], 0.2178707 secs] [Times: user=1.01 sys=0.00, real=0.22 secs] 
5180.002: [GC (Allocation Failure) [PSYoungGen: 229487K->205760K(465920K)] 319076K->295349K(1864192K), 0.0395508 secs] [Times: user=0.24 sys=0.00, real=0.04 secs] 
5181.798: [GC (Allocation Failure) [PSYoungGen: 438720K->95648K(465920K)] 528309K->356509K(1864192K), 0.1073916 secs] [Times: user=0.63 sys=0.00, real=0.11 secs] 
5184.895: [GC (Allocation Failure) [PSYoungGen: 328608K->152352K(465920K)] 589469K->498316K(1864192K), 0.0603922 secs] [Times: user=0.36 sys=0.00, real=0.06 secs] 
5185.607: [GC (Allocation Failure) [PSYoungGen: 385312K->103776K(465920K)] 731276K->602260K(1864192K), 0.0916341 secs] [Times: user=0.54 sys=0.00, real=0.09 secs] 
5188.279: [GC (Allocation Failure) [PSYoungGen: 336736K->144544K(465920K)] 835220K->735819K(1864192K), 0.0606384 secs] [Times: user=0.37 sys=0.00, real=0.06 secs] 
5189.368: [GC (Allocation Failure) [PSYoungGen: 377504K->125792K(358912K)] 968779K->861835K(1757184K), 0.0957006 secs] [Times: user=0.57 sys=0.00, real=0.10 secs] 
5191.950: [GC (Allocation Failure) [PSYoungGen: 358752K->121984K(468992K)] 1094795K->973936K(1867264K), 0.0625066 secs] [Times: user=0.38 sys=0.00, real=0.07 secs] 
5193.684: [GC (Allocation Failure) [PSYoungGen: 363136K->145472K(460800K)] 1215088K->1118896K(1859072K), 0.0569160 secs] [Times: user=0.34 sys=0.00, real=0.05 secs] 
5194.969: [GC (Allocation Failure) [PSYoungGen: 386624K->9376K(456192K)] 1360048K->982832K(1854464K), 0.0035817 secs] [Times: user=0.02 sys=0.00, real=0.01 secs] 
5197.856: [GC (Allocation Failure) [PSYoungGen: 248992K->167968K(408064K)] 1222448K->1148389K(1806336K), 0.0357597 secs] [Times: user=0.21 sys=0.00, real=0.03 secs] 
5199.289: [GC (Allocation Failure) [PSYoungGen: 407584K->102560K(470528K)] 1388005K->1242109K(1868800K), 0.0733791 secs] [Times: user=0.44 sys=0.00, real=0.08 secs] 
5200.858: [GC (Allocation Failure) [PSYoungGen: 340128K->184416K(465920K)] 1479677K->1423073K(1864192K), 0.0542159 secs] [Times: user=0.32 sys=0.00, real=0.06 secs] 
5200.912: [Full GC (Ergonomics) [PSYoungGen: 184416K->0K(465920K)] [ParOldGen: 1238657K->210203K(1398272K)] 1423073K->210203K(1864192K), [Metaspace: 59715K->59715K(1105920K)], 0.4816301 secs] [Times: user=2.25 sys=0.00, real=0.48 secs] 
5204.132: [GC (Allocation Failure) [PSYoungGen: 237568K->92192K(465920K)] 447771K->302395K(1864192K), 0.1509971 secs] [Times: user=0.89 sys=0.01, real=0.16 secs] 
5205.209: [GC (Allocation Failure) [PSYoungGen: 325152K->170208K(465920K)] 535355K->468956K(1864192K), 0.0566356 secs] [Times: user=0.34 sys=0.00, real=0.06 secs] 
5207.249: [GC (Allocation Failure) [PSYoungGen: 403168K->91616K(465920K)] 701916K->560428K(1864192K), 0.1419285 secs] [Times: user=0.85 sys=0.00, real=0.14 secs] 
5209.071: [GC (Allocation Failure) [PSYoungGen: 324576K->169248K(465920K)] 793388K->724273K(1864192K), 0.1415441 secs] [Times: user=0.85 sys=0.00, real=0.15 secs] 
5212.576: [GC (Allocation Failure) [PSYoungGen: 402208K->84832K(465920K)] 957233K->808705K(1864192K), 0.1054845 secs] [Times: user=0.62 sys=0.00, real=0.11 secs] 
5214.612: [GC (Allocation Failure) [PSYoungGen: 316355K->200960K(465920K)] 1040229K->1003166K(1864192K), 0.0590856 secs] [Times: user=0.35 sys=0.00, real=0.05 secs] 
5216.067: [GC (Allocation Failure) [PSYoungGen: 431305K->92640K(465920K)] 1233511K->1061870K(1864192K), 0.0691847 secs] [Times: user=0.41 sys=0.00, real=0.07 secs] 
5218.673: [GC (Allocation Failure) [PSYoungGen: 325600K->151008K(465920K)] 1294830K->1206765K(1864192K), 0.0605636 secs] [Times: user=0.36 sys=0.00, real=0.06 secs] 
5219.686: [GC (Allocation Failure) [PSYoungGen: 383968K->106848K(465920K)] 1439725K->1313613K(1864192K), 0.0718975 secs] [Times: user=0.43 sys=0.00, real=0.07 secs] 
5219.758: [Full GC (Ergonomics) [PSYoungGen: 106848K->0K(465920K)] [ParOldGen: 1206765K->122954K(1398272K)] 1313613K->122954K(1864192K), [Metaspace: 59715K->59715K(1105920K)], 0.2857104 secs] [Times: user=1.31 sys=0.00, real=0.29 secs] 
5222.767: [GC (Allocation Failure) [PSYoungGen: 232960K->140672K(373760K)] 355914K->263626K(1772032K), 0.0516727 secs] [Times: user=0.31 sys=0.00, real=0.05 secs] 
5223.957: [GC (Allocation Failure) [PSYoungGen: 373632K->123616K(474112K)] 496586K->387322K(1872384K), 0.0838219 secs] [Times: user=0.49 sys=0.00, real=0.08 secs] 
5226.489: [GC (Allocation Failure) [PSYoungGen: 365792K->124352K(366592K)] 629498K->501679K(1764864K), 0.0620051 secs] [Times: user=0.37 sys=0.00, real=0.06 secs] 
5228.693: [GC (Allocation Failure) [PSYoungGen: 366528K->154944K(456704K)] 743855K->655983K(1854976K), 0.0583108 secs] [Times: user=0.34 sys=0.00, real=0.05 secs] 
5230.336: [GC (Allocation Failure) [PSYoungGen: 397632K->14304K(458240K)] 898671K->515411K(1856512K), 0.0047522 secs] [Times: user=0.03 sys=0.00, real=0.00 secs] 
5233.031: [GC (Allocation Failure) [PSYoungGen: 255923K->170720K(459776K)] 757031K->683736K(1858048K), 0.0365467 secs] [Times: user=0.22 sys=0.00, real=0.04 secs] 
5234.735: [GC (Allocation Failure) [PSYoungGen: 403680K->93248K(465920K)] 916696K->768260K(1864192K), 0.1304809 secs] [Times: user=0.77 sys=0.00, real=0.13 secs] 
5235.717: [GC (Allocation Failure) [PSYoungGen: 326208K->168256K(462336K)] 1001220K->932848K(1860608K), 0.0504119 secs] [Times: user=0.30 sys=0.00, real=0.05 secs] 
5238.627: [GC (Allocation Failure) [PSYoungGen: 401216K->91584K(465920K)] 1165808K->1024329K(1864192K), 0.1235350 secs] [Times: user=0.73 sys=0.00, real=0.12 secs] 
5239.917: [GC (Allocation Failure) [PSYoungGen: 324544K->169120K(463872K)] 1257289K->1190050K(1862144K), 0.1454716 secs] [Times: user=0.87 sys=0.00, real=0.15 secs] 
5243.725: [GC (Allocation Failure) [PSYoungGen: 402080K->82016K(465920K)] 1423010K->1271978K(1864192K), 0.1727202 secs] [Times: user=1.03 sys=0.00, real=0.17 secs] 
5243.898: [Full GC (Ergonomics) [PSYoungGen: 82016K->0K(465920K)] [ParOldGen: 1189962K->70723K(1398272K)] 1271978K->70723K(1864192K), [Metaspace: 59715K->59715K(1105920K)], 0.1878028 secs] [Times: user=0.88 sys=0.00, real=0.19 secs] 
5244.800: [GC (Allocation Failure) [PSYoungGen: 232960K->173856K(465920K)] 303683K->244579K(1864192K), 0.0378215 secs] [Times: user=0.22 sys=0.00, real=0.04 secs] 
5247.780: [GC (Allocation Failure) [PSYoungGen: 406816K->85248K(465920K)] 477539K->329607K(1864192K), 0.1526634 secs] [Times: user=0.91 sys=0.00, real=0.16 secs] 
5248.602: [GC (Allocation Failure) [PSYoungGen: 317843K->209504K(465920K)] 562203K->532908K(1864192K), 0.0633249 secs] [Times: user=0.38 sys=0.01, real=0.06 secs] 
5251.417: [GC (Allocation Failure) [PSYoungGen: 442464K->86464K(465920K)] 765868K->584780K(1864192K), 0.1240628 secs] [Times: user=0.70 sys=0.00, real=0.12 secs] 
5252.839: [GC (Allocation Failure) [PSYoungGen: 319424K->157408K(465920K)] 817740K->735641K(1864192K), 0.0602069 secs] [Times: user=0.36 sys=0.00, real=0.06 secs] 
5255.728: [GC (Allocation Failure) [PSYoungGen: 390368K->97984K(465920K)] 968601K->833849K(1864192K), 0.0963132 secs] [Times: user=0.57 sys=0.00, real=0.10 secs] 
5257.071: [GC (Allocation Failure) [PSYoungGen: 330944K->150208K(465920K)] 1066809K->973550K(1864192K), 0.0606642 secs] [Times: user=0.36 sys=0.00, real=0.06 secs] 
5260.118: [GC (Allocation Failure) [PSYoungGen: 383168K->113440K(465920K)] 1206510K->1086798K(1864192K), 0.0888497 secs] [Times: user=0.53 sys=0.00, real=0.09 secs] 
5261.467: [GC (Allocation Failure) [PSYoungGen: 346400K->134656K(450560K)] 1319758K->1210739K(1848832K), 0.0631321 secs] [Times: user=0.37 sys=0.00, real=0.06 secs] 
5265.178: [GC (Allocation Failure) [PSYoungGen: 367616K->126720K(458240K)] 1443699K->1337211K(1856512K), 0.0712643 secs] [Times: user=0.42 sys=0.00, real=0.07 secs] 
5265.249: [Full GC (Ergonomics) [PSYoungGen: 126720K->0K(458240K)] [ParOldGen: 1210491K->142335K(1398272K)] 1337211K->142335K(1856512K), [Metaspace: 59715K->59715K(1105920K)], 0.3300551 secs] [Times: user=1.52 sys=0.00, real=0.33 secs] 
5266.756: [GC (Allocation Failure) [PSYoungGen: 232960K->121088K(459776K)] 375295K->263423K(1858048K), 0.0419593 secs] [Times: user=0.24 sys=0.01, real=0.04 secs] 
5269.637: [GC (Allocation Failure) [PSYoungGen: 378624K->161728K(465920K)] 520959K->425175K(1864192K), 0.0618166 secs] [Times: user=0.36 sys=0.00, real=0.06 secs] 
5270.954: [GC (Allocation Failure) [PSYoungGen: 419264K->33600K(468480K)] 682711K->297179K(1866752K), 0.0077004 secs] [Times: user=0.04 sys=0.00, real=0.01 secs] 
5272.619: [GC (Allocation Failure) [PSYoungGen: 289088K->183776K(439296K)] 552667K->478072K(1837568K), 0.0838615 secs] [Times: user=0.49 sys=0.00, real=0.09 secs] 
5275.175: [GC (Allocation Failure) [PSYoungGen: 439264K->106016K(471040K)] 733560K->584160K(1869312K), 0.0918064 secs] [Times: user=0.54 sys=0.00, real=0.09 secs] 
5277.629: [GC (Allocation Failure) [PSYoungGen: 344096K->161824K(465920K)] 822240K->739685K(1864192K), 0.0664666 secs] [Times: user=0.39 sys=0.01, real=0.07 secs] 
5280.152: [GC (Allocation Failure) [PSYoungGen: 399904K->98400K(463872K)] 977765K->837977K(1862144K), 0.1025804 secs] [Times: user=0.61 sys=0.00, real=0.10 secs] 
5282.020: [GC (Allocation Failure) [PSYoungGen: 338528K->150816K(465920K)] 1078105K->977334K(1864192K), 0.0638654 secs] [Times: user=0.36 sys=0.01, real=0.07 secs] 
5283.231: [GC (Allocation Failure) [PSYoungGen: 390944K->129728K(454144K)] 1217462K->1107006K(1852416K), 0.0845397 secs] [Times: user=0.50 sys=0.01, real=0.09 secs] 
5284.728: [GC (Allocation Failure) [PSYoungGen: 377536K->2880K(463872K)] 1354814K->980190K(1862144K), 0.0025628 secs] [Times: user=0.01 sys=0.00, real=0.00 secs] 
5286.451: [GC (Allocation Failure) [PSYoungGen: 250688K->169568K(461824K)] 1227998K->1148760K(1860096K), 0.0337193 secs] [Times: user=0.19 sys=0.00, real=0.04 secs] 
5288.551: [GC (Allocation Failure) [PSYoungGen: 402528K->97120K(465920K)] 1381720K->1237300K(1864192K), 0.0714806 secs] [Times: user=0.42 sys=0.00, real=0.08 secs] 
5288.622: [Full GC (Ergonomics) [PSYoungGen: 97120K->0K(465920K)] [ParOldGen: 1140180K->34932K(1398272K)] 1237300K->34932K(1864192K), [Metaspace: 59716K->59716K(1105920K)], 0.1032138 secs] [Times: user=0.43 sys=0.00, real=0.10 secs] 
5289.954: [GC (Allocation Failure) [PSYoungGen: 225562K->163936K(462848K)] 260494K->198868K(1861120K), 0.0322447 secs] [Times: user=0.19 sys=0.00, real=0.03 secs] 
5292.765: [GC (Allocation Failure) [PSYoungGen: 396896K->94240K(327680K)] 431828K->284812K(1725952K), 0.0904828 secs] [Times: user=0.53 sys=0.00, real=0.09 secs] 
5295.869: [GC (Allocation Failure) [PSYoungGen: 316790K->156928K(462848K)] 507363K->437985K(1861120K), 0.0482753 secs] [Times: user=0.29 sys=0.00, real=0.05 secs] 
5297.327: [GC (Allocation Failure) [PSYoungGen: 390400K->100736K(334336K)] 671457K->529761K(1732608K), 0.1193534 secs] [Times: user=0.71 sys=0.01, real=0.12 secs] 
5298.357: [GC (Allocation Failure) [PSYoungGen: 334208K->169280K(455680K)] 763233K->695731K(1853952K), 0.0522301 secs] [Times: user=0.31 sys=0.00, real=0.05 secs] 
5300.706: [GC (Allocation Failure) [PSYoungGen: 399680K->87200K(462848K)] 926131K->783115K(1861120K), 0.1513239 secs] [Times: user=0.90 sys=0.00, real=0.15 secs] 
5301.610: [GC (Allocation Failure) [PSYoungGen: 317600K->171904K(461312K)] 1013515K->949877K(1859584K), 0.0771091 secs] [Times: user=0.46 sys=0.00, real=0.08 secs] 
5304.945: [GC (Allocation Failure) [PSYoungGen: 404864K->83328K(465920K)] 1182837K->1033405K(1864192K), 0.1630901 secs] [Times: user=0.97 sys=0.00, real=0.16 secs] 
5306.007: [GC (Allocation Failure) [PSYoungGen: 316288K->176960K(465920K)] 1266365K->1204830K(1864192K), 0.0951127 secs] [Times: user=0.57 sys=0.00, real=0.10 secs] 
5309.586: [GC (Allocation Failure) [PSYoungGen: 409920K->80640K(465920K)] 1437790K->1285726K(1864192K), 0.1342779 secs] [Times: user=0.79 sys=0.01, real=0.13 secs] 
5309.721: [Full GC (Ergonomics) [PSYoungGen: 80640K->0K(465920K)] [ParOldGen: 1205086K->90518K(1398272K)] 1285726K->90518K(1864192K), [Metaspace: 59716K->59716K(1105920K)], 0.2284798 secs] [Times: user=1.06 sys=0.00, real=0.23 secs] 
5310.596: [GC (Allocation Failure) [PSYoungGen: 229619K->202688K(465920K)] 320138K->293206K(1864192K), 0.0361175 secs] [Times: user=0.21 sys=0.00, real=0.04 secs] 
5313.820: [GC (Allocation Failure) [PSYoungGen: 435648K->86752K(465920K)] 526166K->345434K(1864192K), 0.1169587 secs] [Times: user=0.70 sys=0.01, real=0.12 secs] 
5315.163: [GC (Allocation Failure) [PSYoungGen: 319712K->157792K(465920K)] 578394K->496267K(1864192K), 0.0598387 secs] [Times: user=0.36 sys=0.00, real=0.06 secs] 
5317.101: [GC (Allocation Failure) [PSYoungGen: 383405K->93472K(465920K)] 721881K->589843K(1864192K), 0.1050388 secs] [Times: user=0.62 sys=0.01, real=0.11 secs] 
5319.110: [GC (Allocation Failure) [PSYoungGen: 326432K->151488K(465920K)] 822803K->734424K(1864192K), 0.0603593 secs] [Times: user=0.35 sys=0.00, real=0.06 secs] 
5322.374: [GC (Allocation Failure) [PSYoungGen: 384448K->104288K(465920K)] 967384K->838524K(1864192K), 0.0947564 secs] [Times: user=0.57 sys=0.00, real=0.09 secs] 
5323.701: [GC (Allocation Failure) [PSYoungGen: 337248K->144416K(461824K)] 1071484K->972417K(1860096K), 0.0612407 secs] [Times: user=0.37 sys=0.00, real=0.07 secs] 
5326.412: [GC (Allocation Failure) [PSYoungGen: 377376K->131232K(364544K)] 1205377K->1103129K(1762816K), 0.0741477 secs] [Times: user=0.44 sys=0.00, real=0.07 secs] 
5328.275: [GC (Allocation Failure) [PSYoungGen: 364192K->124672K(469504K)] 1336089K->1209406K(1867776K), 0.0628025 secs] [Times: user=0.37 sys=0.00, real=0.06 secs] 
5330.017: [GC (Allocation Failure) [PSYoungGen: 372480K->158240K(460800K)] 1457214K->1367838K(1859072K), 0.0594341 secs] [Times: user=0.35 sys=0.00, real=0.06 secs] 
5330.077: [Full GC (Ergonomics) [PSYoungGen: 158240K->0K(460800K)] [ParOldGen: 1209598K->164030K(1398272K)] 1367838K->164030K(1859072K), [Metaspace: 59716K->59716K(1105920K)], 0.3855073 secs] [Times: user=1.78 sys=0.00, real=0.39 secs] 
5331.685: [GC (Allocation Failure) [PSYoungGen: 247808K->117536K(479744K)] 411838K->281566K(1878016K), 0.0469433 secs] [Times: user=0.28 sys=0.00, real=0.05 secs] 
5332.970: [GC (Allocation Failure) [PSYoungGen: 387872K->197024K(467456K)] 551902K->475714K(1865728K), 0.0654955 secs] [Times: user=0.39 sys=0.01, real=0.07 secs] 
5336.032: [GC (Allocation Failure) [PSYoungGen: 467360K->114016K(477696K)] 746050K->589898K(1875968K), 0.1145625 secs] [Times: user=0.68 sys=0.00, real=0.11 secs] 
5338.646: [GC (Allocation Failure) [PSYoungGen: 365408K->155456K(407040K)] 841290K->739343K(1805312K), 0.0666063 secs] [Times: user=0.40 sys=0.00, real=0.07 secs] 
5341.549: [GC (Allocation Failure) [PSYoungGen: 406848K->127168K(479232K)] 990735K->865743K(1877504K), 0.0715550 secs] [Times: user=0.42 sys=0.00, real=0.07 secs] 
5343.374: [GC (Allocation Failure) [PSYoungGen: 385728K->4320K(263168K)] 1124303K->742971K(1661440K), 0.0034305 secs] [Times: user=0.01 sys=0.00, real=0.00 secs] 
5345.296: [GC (Allocation Failure) [PSYoungGen: 262880K->179520K(461312K)] 1001531K->921252K(1859584K), 0.0665172 secs] [Times: user=0.40 sys=0.00, real=0.07 secs] 
5347.748: [GC (Allocation Failure) [PSYoungGen: 412480K->96064K(465920K)] 1154212K->1008764K(1864192K), 0.1385399 secs] [Times: user=0.82 sys=0.00, real=0.14 secs] 
5349.663: [GC (Allocation Failure) [PSYoungGen: 329024K->167680K(465920K)] 1241724K->1172809K(1864192K), 0.0516399 secs] [Times: user=0.31 sys=0.00, real=0.05 secs] 
5351.834: [GC (Allocation Failure) [PSYoungGen: 400640K->90176K(465920K)] 1405769K->1262633K(1864192K), 0.1679976 secs] [Times: user=0.99 sys=0.01, real=0.16 secs] 
5352.002: [Full GC (Ergonomics) [PSYoungGen: 90176K->0K(465920K)] [ParOldGen: 1172457K->60532K(1398272K)] 1262633K->60532K(1864192K), [Metaspace: 59716K->59716K(1105920K)], 0.1707168 secs] [Times: user=0.79 sys=0.00, real=0.18 secs] 
5352.644: [GC (Allocation Failure) [PSYoungGen: 232960K->170880K(465920K)] 293492K->231412K(1864192K), 0.0348488 secs] [Times: user=0.20 sys=0.01, real=0.03 secs] 
5355.860: [GC (Allocation Failure) [PSYoungGen: 403840K->85792K(465920K)] 464372K->316656K(1864192K), 0.1615176 secs] [Times: user=0.97 sys=0.00, real=0.16 secs] 
5356.449: [GC (Allocation Failure) [PSYoungGen: 318752K->175936K(465920K)] 549616K->486713K(1864192K), 0.0657897 secs] [Times: user=0.39 sys=0.00, real=0.07 secs] 
5360.509: [GC (Allocation Failure) [PSYoungGen: 408896K->76512K(465920K)] 719673K->563233K(1864192K), 0.1584403 secs] [Times: user=0.94 sys=0.00, real=0.16 secs] 
5361.214: [GC (Allocation Failure) [PSYoungGen: 309472K->212768K(465920K)] 796193K->769838K(1864192K), 0.0576975 secs] [Times: user=0.34 sys=0.01, real=0.05 secs] 
5363.709: [GC (Allocation Failure) [PSYoungGen: 445728K->87904K(465920K)] 1002798K->821014K(1864192K), 0.1113806 secs] [Times: user=0.66 sys=0.01, real=0.11 secs] 
5365.359: [GC (Allocation Failure) [PSYoungGen: 320864K->156544K(465920K)] 1053974K->970739K(1864192K), 0.0604346 secs] [Times: user=0.36 sys=0.00, real=0.06 secs] 
5366.533: [GC (Allocation Failure) [PSYoungGen: 389504K->105248K(465920K)] 1203699K->1076063K(1864192K), 0.0831650 secs] [Times: user=0.49 sys=0.00, real=0.08 secs] 
5369.337: [GC (Allocation Failure) [PSYoungGen: 338208K->142432K(465920K)] 1309023K->1208130K(1864192K), 0.0610072 secs] [Times: user=0.37 sys=0.00, real=0.06 secs] 
5371.263: [GC (Allocation Failure) [PSYoungGen: 375392K->118720K(351744K)] 1441090K->1327058K(1750016K), 0.0701699 secs] [Times: user=0.41 sys=0.00, real=0.07 secs] 
5371.334: [Full GC (Ergonomics) [PSYoungGen: 118720K->0K(351744K)] [ParOldGen: 1208338K->132734K(1398272K)] 1327058K->132734K(1750016K), [Metaspace: 59716K->59716K(1105920K)], 0.3024562 secs] [Times: user=1.38 sys=0.00, real=0.30 secs] 
5372.864: [GC (Allocation Failure) [PSYoungGen: 232960K->129376K(474624K)] 365694K->262110K(1872896K), 0.0472768 secs] [Times: user=0.28 sys=0.00, real=0.04 secs] 
5374.534: [GC (Allocation Failure) [PSYoungGen: 372576K->145728K(464384K)] 505310K->407962K(1862656K), 0.0652542 secs] [Times: user=0.38 sys=0.00, real=0.06 secs] 
5376.593: [GC (Allocation Failure) [PSYoungGen: 388928K->9728K(452608K)] 651162K->272030K(1850880K), 0.0029728 secs] [Times: user=0.01 sys=0.00, real=0.00 secs] 
5377.674: [GC (Allocation Failure) [PSYoungGen: 244224K->180416K(464384K)] 506526K->451180K(1862656K), 0.0360937 secs] [Times: user=0.21 sys=0.00, real=0.03 secs] 
5379.924: [GC (Allocation Failure) [PSYoungGen: 414912K->92896K(465920K)] 685676K->527644K(1864192K), 0.1009253 secs] [Times: user=0.60 sys=0.00, real=0.10 secs] 
5381.559: [GC (Allocation Failure) [PSYoungGen: 325856K->170496K(465920K)] 760604K->695006K(1864192K), 0.0509273 secs] [Times: user=0.30 sys=0.00, real=0.05 secs] 
5384.233: [GC (Allocation Failure) [PSYoungGen: 403456K->87712K(465920K)] 927966K->782582K(1864192K), 0.1696129 secs] [Times: user=1.01 sys=0.00, real=0.17 secs] 
5385.492: [GC (Allocation Failure) [PSYoungGen: 320672K->172768K(465920K)] 1015542K->951915K(1864192K), 0.0557031 secs] [Times: user=0.33 sys=0.00, real=0.05 secs] 
5388.882: [GC (Allocation Failure) [PSYoungGen: 405728K->81248K(465920K)] 1184875K->1033107K(1864192K), 0.1765832 secs] [Times: user=1.05 sys=0.00, real=0.17 secs] 
5389.463: [GC (Allocation Failure) [PSYoungGen: 314208K->175712K(465920K)] 1266067K->1202751K(1864192K), 0.0559572 secs] [Times: user=0.33 sys=0.00, real=0.05 secs] 
5391.166: [GC (Allocation Failure) [PSYoungGen: 408672K->90240K(465920K)] 1435711K->1292820K(1864192K), 0.0716673 secs] [Times: user=0.42 sys=0.00, real=0.07 secs] 
5391.237: [Full GC (Ergonomics) [PSYoungGen: 90240K->0K(465920K)] [ParOldGen: 1202579K->89312K(1398272K)] 1292820K->89312K(1864192K), [Metaspace: 59716K->59716K(1105920K)], 0.2184247 secs] [Times: user=0.92 sys=0.00, real=0.22 secs] 
5392.867: [GC (Allocation Failure) [PSYoungGen: 232960K->167712K(465920K)] 322272K->257024K(1864192K), 0.0891837 secs] [Times: user=0.52 sys=0.01, real=0.09 secs] 
5395.428: [GC (Allocation Failure) [PSYoungGen: 400672K->91776K(465920K)] 489984K->348601K(1864192K), 0.1130509 secs] [Times: user=0.67 sys=0.00, real=0.11 secs] 
5397.750: [GC (Allocation Failure) [PSYoungGen: 324736K->153696K(465920K)] 581561K->496253K(1864192K), 0.0613832 secs] [Times: user=0.36 sys=0.01, real=0.06 secs] 
5398.979: [GC (Allocation Failure) [PSYoungGen: 386656K->105120K(465920K)] 729213K->601197K(1864192K), 0.0733137 secs] [Times: user=0.44 sys=0.00, real=0.08 secs] 
5401.062: [GC (Allocation Failure) [PSYoungGen: 338080K->143360K(376832K)] 834157K->733986K(1775104K), 0.0611180 secs] [Times: user=0.37 sys=0.00, real=0.06 secs] 
5403.452: [GC (Allocation Failure) [PSYoungGen: 376320K->122240K(471040K)] 966946K->856250K(1869312K), 0.0735209 secs] [Times: user=0.44 sys=0.00, real=0.07 secs] 
5405.259: [GC (Allocation Failure) [PSYoungGen: 364416K->1408K(461824K)] 1098426K->735470K(1860096K), 0.0032487 secs] [Times: user=0.02 sys=0.01, real=0.01 secs] 
5406.851: [GC (Allocation Failure) [PSYoungGen: 243584K->149664K(464896K)] 977646K->884431K(1863168K), 0.0302796 secs] [Times: user=0.17 sys=0.00, real=0.03 secs] 
5408.592: [GC (Allocation Failure) [PSYoungGen: 382624K->10528K(465920K)] 1117391K->745511K(1864192K), 0.0051194 secs] [Times: user=0.02 sys=0.00, real=0.00 secs] 
5409.717: [GC (Allocation Failure) [PSYoungGen: 243488K->167904K(465920K)] 978471K->911564K(1864192K), 0.0364925 secs] [Times: user=0.21 sys=0.00, real=0.04 secs] 
5410.993: [GC (Allocation Failure) [PSYoungGen: 400864K->99296K(465920K)] 1144524K->1001916K(1864192K), 0.0839623 secs] [Times: user=0.50 sys=0.00, real=0.08 secs] 
5413.729: [GC (Allocation Failure) [PSYoungGen: 319870K->157216K(465920K)] 1222490K->1155621K(1864192K), 0.0526796 secs] [Times: user=0.31 sys=0.00, real=0.06 secs] 
5415.002: [GC (Allocation Failure) [PSYoungGen: 390176K->94624K(465920K)] 1388581K->1241661K(1864192K), 0.0915396 secs] [Times: user=0.55 sys=0.01, real=0.09 secs] 
5415.094: [Full GC (Ergonomics) [PSYoungGen: 94624K->0K(465920K)] [ParOldGen: 1147037K->45117K(1398272K)] 1241661K->45117K(1864192K), [Metaspace: 59716K->59716K(1105920K)], 0.0905892 secs] [Times: user=0.36 sys=0.00, real=0.09 secs] 
5417.424: [GC (Allocation Failure) [PSYoungGen: 217594K->155456K(465920K)] 262711K->200573K(1864192K), 0.0306782 secs] [Times: user=0.18 sys=0.00, real=0.03 secs] 
5418.985: [GC (Allocation Failure) [PSYoungGen: 388416K->101024K(334336K)] 433533K->293037K(1732608K), 0.1279712 secs] [Times: user=0.76 sys=0.01, real=0.13 secs] 
5420.784: [GC (Allocation Failure) [PSYoungGen: 333984K->162848K(455680K)] 525997K->452066K(1853952K), 0.0508546 secs] [Times: user=0.30 sys=0.00, real=0.05 secs] 
5422.412: [GC (Allocation Failure) [PSYoungGen: 389530K->91648K(460800K)] 678749K->542594K(1859072K), 0.1006114 secs] [Times: user=0.60 sys=0.01, real=0.11 secs] 
5422.919: [GC (Allocation Failure) [PSYoungGen: 319488K->167776K(460800K)] 770434K->707108K(1859072K), 0.0614148 secs] [Times: user=0.36 sys=0.00, real=0.06 secs] 
5426.161: [GC (Allocation Failure) [PSYoungGen: 400736K->77952K(465920K)] 940068K->785280K(1864192K), 0.1586654 secs] [Times: user=0.94 sys=0.01, real=0.16 secs] 
5427.230: [GC (Allocation Failure) [PSYoungGen: 310912K->194240K(464384K)] 1018240K->972844K(1862656K), 0.0571401 secs] [Times: user=0.34 sys=0.00, real=0.06 secs] 
5430.628: [GC (Allocation Failure) [PSYoungGen: 427200K->82208K(465920K)] 1205804K->1038652K(1864192K), 0.1639814 secs] [Times: user=0.98 sys=0.00, real=0.17 secs] 
5431.093: [GC (Allocation Failure) [PSYoungGen: 315168K->192512K(465920K)] 1271612K->1225245K(1864192K), 0.0595914 secs] [Times: user=0.35 sys=0.00, real=0.06 secs] 
5434.122: [GC (Allocation Failure) [PSYoungGen: 425472K->82912K(465920K)] 1458205K->1291757K(1864192K), 0.1274335 secs] [Times: user=0.75 sys=0.01, real=0.12 secs] 
5434.250: [Full GC (Ergonomics) [PSYoungGen: 82912K->0K(465920K)] [ParOldGen: 1208845K->95393K(1398272K)] 1291757K->95393K(1864192K), [Metaspace: 59716K->59716K(1105920K)], 0.2311303 secs] [Times: user=1.07 sys=0.00, real=0.23 secs] 
5435.669: [GC (Allocation Failure) [PSYoungGen: 232960K->163008K(465920K)] 328353K->258401K(1864192K), 0.0467907 secs] [Times: user=0.28 sys=0.00, real=0.05 secs] 
5436.433: [GC (Allocation Failure) [PSYoungGen: 395968K->104704K(465920K)] 491361K->363265K(1864192K), 0.0626692 secs] [Times: user=0.38 sys=0.00, real=0.06 secs] 
5438.693: [GC (Allocation Failure) [PSYoungGen: 337664K->142624K(465920K)] 596225K->495624K(1864192K), 0.0606205 secs] [Times: user=0.36 sys=0.00, real=0.06 secs] 
5441.397: [GC (Allocation Failure) [PSYoungGen: 375584K->117280K(350720K)] 728584K->613088K(1748992K), 0.0788464 secs] [Times: user=0.47 sys=0.00, real=0.08 secs] 
5442.690: [GC (Allocation Failure) [PSYoungGen: 350240K->130656K(472064K)] 846048K->733593K(1870336K), 0.0624566 secs] [Times: user=0.37 sys=0.00, real=0.07 secs] 
5443.688: [GC (Allocation Failure) [PSYoungGen: 372320K->144416K(463360K)] 975257K->878017K(1861632K), 0.0595648 secs] [Times: user=0.36 sys=0.00, real=0.06 secs] 
5446.166: [GC (Allocation Failure) [PSYoungGen: 386080K->6016K(453632K)] 1119681K->739665K(1851904K), 0.0042273 secs] [Times: user=0.02 sys=0.00, real=0.00 secs] 
5448.004: [GC (Allocation Failure) [PSYoungGen: 241024K->173824K(465408K)] 974673K->911410K(1863680K), 0.0340892 secs] [Times: user=0.20 sys=0.00, real=0.03 secs] 
5449.392: [GC (Allocation Failure) [PSYoungGen: 408832K->102656K(466944K)] 1146418K->996870K(1865216K), 0.0970981 secs] [Times: user=0.58 sys=0.00, real=0.09 secs] 
5451.147: [GC (Allocation Failure) [PSYoungGen: 330069K->160192K(465920K)] 1224283K->1154903K(1864192K), 0.0686137 secs] [Times: user=0.39 sys=0.01, real=0.07 secs] 
5453.178: [GC (Allocation Failure) [PSYoungGen: 394176K->93248K(461824K)] 1388887K->1239779K(1860096K), 0.0686383 secs] [Times: user=0.41 sys=0.00, real=0.07 secs] 
5454.833: [GC (Allocation Failure) [PSYoungGen: 327232K->170528K(463872K)] 1473763K->1406820K(1862144K), 0.0524372 secs] [Times: user=0.31 sys=0.00, real=0.05 secs] 
5454.885: [Full GC (Ergonomics) [PSYoungGen: 170528K->0K(463872K)] [ParOldGen: 1236292K->209586K(1398272K)] 1406820K->209586K(1862144K), [Metaspace: 59716K->59716K(1105920K)], 0.4904949 secs] [Times: user=2.30 sys=0.00, real=0.49 secs] 
5457.955: [GC (Allocation Failure) [PSYoungGen: 233984K->87552K(466432K)] 443570K->297138K(1864704K), 0.1588219 secs] [Times: user=0.94 sys=0.00, real=0.16 secs] 
5458.777: [GC (Allocation Failure) [PSYoungGen: 321024K->170624K(465920K)] 530610K->464115K(1864192K), 0.0558575 secs] [Times: user=0.33 sys=0.00, real=0.06 secs] 
5460.475: [GC (Allocation Failure) [PSYoungGen: 404096K->89056K(465920K)] 697587K->552787K(1864192K), 0.1575750 secs] [Times: user=0.93 sys=0.00, real=0.16 secs] 
5461.840: [GC (Allocation Failure) [PSYoungGen: 322016K->169728K(465920K)] 785747K->716540K(1864192K), 0.1550172 secs] [Times: user=0.92 sys=0.01, real=0.16 secs] 
5464.046: [GC (Allocation Failure) [PSYoungGen: 402688K->90816K(465920K)] 949500K->807300K(1864192K), 0.1260062 secs] [Times: user=0.75 sys=0.00, real=0.13 secs] 
5466.348: [GC (Allocation Failure) [PSYoungGen: 322630K->201088K(465920K)] 1039115K->1002521K(1864192K), 0.0625153 secs] [Times: user=0.37 sys=0.00, real=0.06 secs] 
5468.467: [GC (Allocation Failure) [PSYoungGen: 434048K->89920K(465920K)] 1235481K->1057857K(1864192K), 0.1029165 secs] [Times: user=0.61 sys=0.00, real=0.10 secs] 
5470.099: [GC (Allocation Failure) [PSYoungGen: 322880K->153952K(465920K)] 1290817K->1205421K(1864192K), 0.0604791 secs] [Times: user=0.35 sys=0.01, real=0.06 secs] 
5472.575: [GC (Allocation Failure) [PSYoungGen: 386912K->100096K(465920K)] 1438381K->1305453K(1864192K), 0.0954000 secs] [Times: user=0.57 sys=0.00, real=0.09 secs] 
5472.670: [Full GC (Ergonomics) [PSYoungGen: 100096K->0K(465920K)] [ParOldGen: 1205357K->114658K(1398272K)] 1305453K->114658K(1864192K), [Metaspace: 59716K->59696K(1105920K)], 0.2641120 secs] [Times: user=1.18 sys=0.00, real=0.27 secs] 
5474.137: [GC (Allocation Failure) [PSYoungGen: 232960K->147808K(465920K)] 347618K->262466K(1864192K), 0.0530034 secs] [Times: user=0.32 sys=0.00, real=0.05 secs] 
5475.685: [GC (Allocation Failure) [PSYoungGen: 380768K->125216K(451584K)] 495426K->387978K(1849856K), 0.0908286 secs] [Times: user=0.54 sys=0.00, real=0.09 secs] 
5478.223: [GC (Allocation Failure) [PSYoungGen: 358176K->131360K(458752K)] 620938K->499943K(1857024K), 0.0607946 secs] [Times: user=0.36 sys=0.00, real=0.06 secs] 
5479.197: [GC (Allocation Failure) [PSYoungGen: 364320K->144576K(468480K)] 732903K->644695K(1866752K), 0.0590753 secs] [Times: user=0.35 sys=0.00, real=0.06 secs] 
5480.995: [GC (Allocation Failure) [PSYoungGen: 400576K->13056K(470016K)] 900695K->513207K(1868288K), 0.0046286 secs] [Times: user=0.03 sys=0.00, real=0.00 secs] 
5482.586: [GC (Allocation Failure) [PSYoungGen: 269056K->182496K(458752K)] 769207K->693814K(1857024K), 0.0397868 secs] [Times: user=0.23 sys=0.00, real=0.04 secs] 
5485.523: [GC (Allocation Failure) [PSYoungGen: 415456K->87008K(465920K)] 926774K->780722K(1864192K), 0.1593044 secs] [Times: user=0.95 sys=0.00, real=0.16 secs] 
5486.559: [GC (Allocation Failure) [PSYoungGen: 319968K->167648K(465920K)] 1013682K->944703K(1864192K), 0.0587331 secs] [Times: user=0.34 sys=0.00, real=0.06 secs] 
5490.037: [GC (Allocation Failure) [PSYoungGen: 400608K->84544K(465920K)] 1177663K->1029407K(1864192K), 0.1636448 secs] [Times: user=0.98 sys=0.00, real=0.16 secs] 
5490.990: [GC (Allocation Failure) [PSYoungGen: 317504K->171360K(465920K)] 1262367K->1194948K(1864192K), 0.0544663 secs] [Times: user=0.32 sys=0.00, real=0.06 secs] 
5494.382: [GC (Allocation Failure) [PSYoungGen: 404320K->90080K(465920K)] 1427908K->1284924K(1864192K), 0.1549939 secs] [Times: user=0.93 sys=0.00, real=0.15 secs] 
5494.537: [Full GC (Ergonomics) [PSYoungGen: 90080K->0K(465920K)] [ParOldGen: 1194844K->82335K(1398272K)] 1284924K->82335K(1864192K), [Metaspace: 59696K->59696K(1105920K)], 0.2107927 secs] [Times: user=0.98 sys=0.00, real=0.21 secs] 
5495.020: [GC (Allocation Failure) [PSYoungGen: 232960K->174272K(465920K)] 315295K->256607K(1864192K), 0.0368032 secs] [Times: user=0.21 sys=0.00, real=0.04 secs] 
5498.494: [GC (Allocation Failure) [PSYoungGen: 407232K->85408K(465920K)] 489567K->341463K(1864192K), 0.1193436 secs] [Times: user=0.71 sys=0.00, real=0.12 secs] 
5499.827: [GC (Allocation Failure) [PSYoungGen: 318368K->161024K(465920K)] 574423K->495880K(1864192K), 0.0608781 secs] [Times: user=0.36 sys=0.00, real=0.06 secs] 
5501.872: [GC (Allocation Failure) [PSYoungGen: 393984K->100288K(465920K)] 728840K->596400K(1864192K), 0.0951719 secs] [Times: user=0.56 sys=0.00, real=0.09 secs] 
5503.192: [GC (Allocation Failure) [PSYoungGen: 333248K->147488K(465920K)] 829360K->733693K(1864192K), 0.0606738 secs] [Times: user=0.36 sys=0.00, real=0.06 secs] 
5505.612: [GC (Allocation Failure) [PSYoungGen: 380448K->123168K(356352K)] 966653K->856733K(1754624K), 0.0831066 secs] [Times: user=0.50 sys=0.00, real=0.08 secs] 
5506.943: [GC (Allocation Failure) [PSYoungGen: 356128K->133440K(463360K)] 1089693K->971501K(1861632K), 0.0629021 secs] [Times: user=0.36 sys=0.01, real=0.06 secs] 
5509.436: [GC (Allocation Failure) [PSYoungGen: 373568K->138240K(456192K)] 1211629K->1109485K(1854464K), 0.0611462 secs] [Times: user=0.37 sys=0.00, real=0.06 secs] 
5510.678: [GC (Allocation Failure) [PSYoungGen: 378368K->5888K(457728K)] 1349613K->977197K(1856000K), 0.0041011 secs] [Times: user=0.02 sys=0.00, real=0.01 secs] 
5513.067: [GC (Allocation Failure) [PSYoungGen: 252672K->171328K(418304K)] 1223981K->1147151K(1816576K), 0.0349471 secs] [Times: user=0.20 sys=0.00, real=0.03 secs] 
5515.621: [GC (Allocation Failure) [PSYoungGen: 418112K->101632K(473088K)] 1393935K->1240239K(1871360K), 0.0704335 secs] [Times: user=0.42 sys=0.00, real=0.08 secs] 
5517.877: [GC (Allocation Failure) [PSYoungGen: 341760K->169088K(465920K)] 1480367K->1406236K(1864192K), 0.0541447 secs] [Times: user=0.32 sys=0.00, real=0.05 secs] 
5517.931: [Full GC (Ergonomics) [PSYoungGen: 169088K->0K(465920K)] [ParOldGen: 1237148K->209391K(1398272K)] 1406236K->209391K(1864192K), [Metaspace: 59696K->59696K(1105920K)], 0.4950544 secs] [Times: user=2.27 sys=0.00, real=0.50 secs] 
5522.648: [GC (Allocation Failure) [PSYoungGen: 240128K->86272K(468992K)] 449519K->295663K(1867264K), 0.1481712 secs] [Times: user=0.88 sys=0.00, real=0.15 secs] 
5524.071: [GC (Allocation Failure) [PSYoungGen: 323328K->172640K(465920K)] 532719K->463988K(1864192K), 0.0554382 secs] [Times: user=0.32 sys=0.00, real=0.06 secs] 
5526.612: [GC (Allocation Failure) [PSYoungGen: 409696K->89536K(466432K)] 701044K->553452K(1864704K), 0.1713112 secs] [Times: user=1.02 sys=0.00, real=0.17 secs] 
5527.093: [GC (Allocation Failure) [PSYoungGen: 323008K->177504K(465920K)] 786924K->724909K(1864192K), 0.0596976 secs] [Times: user=0.35 sys=0.00, real=0.06 secs] 
5529.945: [GC (Allocation Failure) [PSYoungGen: 410976K->83744K(465920K)] 958381K->808537K(1864192K), 0.1254854 secs] [Times: user=0.75 sys=0.00, real=0.12 secs] 
5531.684: [GC (Allocation Failure) [PSYoungGen: 313156K->201088K(465920K)] 1037949K->1003374K(1864192K), 0.0674831 secs] [Times: user=0.41 sys=0.01, real=0.07 secs] 
5532.783: [GC (Allocation Failure) [PSYoungGen: 429686K->93376K(465920K)] 1231972K->1060062K(1864192K), 0.1025577 secs] [Times: user=0.61 sys=0.00, real=0.10 secs] 
5535.643: [GC (Allocation Failure) [PSYoungGen: 326336K->150560K(465920K)] 1293022K->1203773K(1864192K), 0.0612081 secs] [Times: user=0.36 sys=0.00, real=0.06 secs] 
5536.623: [GC (Allocation Failure) [PSYoungGen: 383520K->110528K(465920K)] 1436733K->1314501K(1864192K), 0.0868114 secs] [Times: user=0.52 sys=0.00, real=0.08 secs] 
5536.710: [Full GC (Ergonomics) [PSYoungGen: 110528K->0K(465920K)] [ParOldGen: 1203973K->125085K(1398272K)] 1314501K->125085K(1864192K), [Metaspace: 59696K->59696K(1105920K)], 0.2866863 secs] [Times: user=1.30 sys=0.00, real=0.29 secs] 
5539.674: [GC (Allocation Failure) [PSYoungGen: 232960K->137024K(370176K)] 358045K->262109K(1768448K), 0.0503674 secs] [Times: user=0.30 sys=0.00, real=0.05 secs] 
5540.585: [GC (Allocation Failure) [PSYoungGen: 369984K->122944K(472064K)] 495069K->385325K(1870336K), 0.0858834 secs] [Times: user=0.51 sys=0.00, real=0.08 secs] 
5542.640: [GC (Allocation Failure) [PSYoungGen: 365120K->125472K(368128K)] 627501K->499916K(1766400K), 0.0621101 secs] [Times: user=0.37 sys=0.00, real=0.07 secs] 
5543.712: [GC (Allocation Failure) [PSYoungGen: 367648K->158688K(457216K)] 742092K->658652K(1855488K), 0.0594790 secs] [Times: user=0.35 sys=0.00, real=0.05 secs] 
5546.411: [GC (Allocation Failure) [PSYoungGen: 403936K->15200K(460288K)] 903900K->515196K(1858560K), 0.0046036 secs] [Times: user=0.02 sys=0.00, real=0.01 secs] 
5547.761: [GC (Allocation Failure) [PSYoungGen: 260448K->210624K(459264K)] 760444K->723341K(1857536K), 0.0417152 secs] [Times: user=0.23 sys=0.01, real=0.05 secs] 
5550.174: [GC (Allocation Failure) [PSYoungGen: 443584K->85376K(465920K)] 956301K->775709K(1864192K), 0.1852330 secs] [Times: user=1.11 sys=0.00, real=0.18 secs] 
5551.910: [GC (Allocation Failure) [PSYoungGen: 318336K->167232K(465920K)] 1008669K->938986K(1864192K), 0.0543789 secs] [Times: user=0.33 sys=0.00, real=0.06 secs] 
5553.798: [GC (Allocation Failure) [PSYoungGen: 397075K->87008K(465920K)] 1168829K->1025754K(1864192K), 0.1752632 secs] [Times: user=1.04 sys=0.00, real=0.18 secs] 
5554.552: [GC (Allocation Failure) [PSYoungGen: 319968K->173088K(465920K)] 1258714K->1194502K(1864192K), 0.0566366 secs] [Times: user=0.34 sys=0.00, real=0.06 secs] 
5557.948: [GC (Allocation Failure) [PSYoungGen: 406048K->82016K(465920K)] 1427462K->1276526K(1864192K), 0.1716158 secs] [Times: user=1.02 sys=0.00, real=0.17 secs] 
5558.120: [Full GC (Ergonomics) [PSYoungGen: 82016K->0K(465920K)] [ParOldGen: 1194510K->76167K(1398272K)] 1276526K->76167K(1864192K), [Metaspace: 59701K->59701K(1105920K)], 0.2051738 secs] [Times: user=0.96 sys=0.00, real=0.21 secs] 
5558.827: [GC (Allocation Failure) [PSYoungGen: 232960K->172160K(465920K)] 309127K->248327K(1864192K), 0.0514210 secs] [Times: user=0.29 sys=0.01, real=0.05 secs] 
5562.315: [GC (Allocation Failure) [PSYoungGen: 405120K->82656K(465920K)] 481287K->330651K(1864192K), 0.1270963 secs] [Times: user=0.76 sys=0.00, real=0.13 secs] 
5563.086: [GC (Allocation Failure) [PSYoungGen: 314071K->207488K(465920K)] 562066K->531839K(1864192K), 0.0607602 secs] [Times: user=0.36 sys=0.00, real=0.06 secs] 
5565.216: [GC (Allocation Failure) [PSYoungGen: 440448K->88128K(465920K)] 764799K->585303K(1864192K), 0.1117973 secs] [Times: user=0.66 sys=0.00, real=0.11 secs] 
5566.860: [GC (Allocation Failure) [PSYoungGen: 321088K->156384K(465920K)] 818263K->734328K(1864192K), 0.0598031 secs] [Times: user=0.36 sys=0.00, real=0.06 secs] 
5567.988: [GC (Allocation Failure) [PSYoungGen: 389344K->110336K(465920K)] 967288K->844880K(1864192K), 0.0849560 secs] [Times: user=0.51 sys=0.00, real=0.09 secs] 
5570.186: [GC (Allocation Failure) [PSYoungGen: 343296K->137824K(465920K)] 1077840K->972007K(1864192K), 0.0609498 secs] [Times: user=0.36 sys=0.00, real=0.06 secs] 
5571.249: [GC (Allocation Failure) [PSYoungGen: 370784K->129472K(362496K)] 1204967K->1101655K(1760768K), 0.0676602 secs] [Times: user=0.40 sys=0.00, real=0.07 secs] 
5573.400: [GC (Allocation Failure) [PSYoungGen: 362432K->96K(457728K)] 1334615K->972303K(1856000K), 0.0020176 secs] [Times: user=0.01 sys=0.00, real=0.01 secs] 
5574.714: [GC (Allocation Failure) [PSYoungGen: 228960K->152960K(461824K)] 1201167K->1125176K(1860096K), 0.0291975 secs] [Times: user=0.17 sys=0.00, real=0.03 secs] 
5577.717: [GC (Allocation Failure) [PSYoungGen: 381824K->2496K(465920K)] 1354040K->974735K(1864192K), 0.0023713 secs] [Times: user=0.01 sys=0.00, real=0.00 secs] 
5579.583: [GC (Allocation Failure) [PSYoungGen: 235456K->149984K(465920K)] 1207695K->1123484K(1864192K), 0.0299087 secs] [Times: user=0.18 sys=0.00, real=0.03 secs] 
5581.455: [GC (Allocation Failure) [PSYoungGen: 382944K->11360K(465920K)] 1356444K->984968K(1864192K), 0.0039362 secs] [Times: user=0.02 sys=0.00, real=0.00 secs] 
5583.320: [GC (Allocation Failure) [PSYoungGen: 244320K->161536K(465920K)] 1217928K->1144797K(1864192K), 0.0348848 secs] [Times: user=0.20 sys=0.00, real=0.04 secs] 
5585.000: [GC (Allocation Failure) [PSYoungGen: 394496K->102016K(465920K)] 1377757K->1237297K(1864192K), 0.0683073 secs] [Times: user=0.41 sys=0.00, real=0.07 secs] 
5586.630: [GC (Allocation Failure) [PSYoungGen: 329456K->160192K(465920K)] 1464738K->1395082K(1864192K), 0.0528875 secs] [Times: user=0.32 sys=0.00, real=0.06 secs] 
5586.683: [Full GC (Ergonomics) [PSYoungGen: 160192K->0K(465920K)] [ParOldGen: 1234890K->196686K(1398272K)] 1395082K->196686K(1864192K), [Metaspace: 59701K->59701K(1105920K)], 0.4741769 secs] [Times: user=2.20 sys=0.00, real=0.47 secs] 
5588.527: [GC (Allocation Failure) [PSYoungGen: 232960K->101056K(465920K)] 429646K->297742K(1864192K), 0.0463963 secs] [Times: user=0.27 sys=0.00, real=0.05 secs] 
5589.327: [GC (Allocation Failure) [PSYoungGen: 334016K->172192K(465920K)] 530702K->466923K(1864192K), 0.0534656 secs] [Times: user=0.31 sys=0.00, real=0.05 secs] 
5592.825: [GC (Allocation Failure) [PSYoungGen: 405152K->88416K(465920K)] 699883K->555539K(1864192K), 0.1753265 secs] [Times: user=1.04 sys=0.00, real=0.17 secs] 
5594.273: [GC (Allocation Failure) [PSYoungGen: 321376K->187840K(465920K)] 788499K->732585K(1864192K), 0.0560950 secs] [Times: user=0.34 sys=0.00, real=0.05 secs] 
5596.659: [GC (Allocation Failure) [PSYoungGen: 420800K->94592K(465920K)] 965545K->810409K(1864192K), 0.1542219 secs] [Times: user=0.92 sys=0.00, real=0.16 secs] 
5597.614: [GC (Allocation Failure) [PSYoungGen: 327552K->174528K(465920K)] 1043369K->975251K(1864192K), 0.0868414 secs] [Times: user=0.51 sys=0.00, real=0.08 secs] 
5601.558: [GC (Allocation Failure) [PSYoungGen: 407488K->82528K(465920K)] 1208211K->1057999K(1864192K), 0.1201372 secs] [Times: user=0.71 sys=0.00, real=0.12 secs] 
5602.883: [GC (Allocation Failure) [PSYoungGen: 315488K->162176K(465920K)] 1290959K->1213764K(1864192K), 0.0604853 secs] [Times: user=0.36 sys=0.00, real=0.06 secs] 
5604.915: [GC (Allocation Failure) [PSYoungGen: 389426K->92736K(465920K)] 1441014K->1306732K(1864192K), 0.1026245 secs] [Times: user=0.61 sys=0.00, real=0.10 secs] 
5605.017: [Full GC (Ergonomics) [PSYoungGen: 92736K->0K(465920K)] [ParOldGen: 1213996K->107325K(1398272K)] 1306732K->107325K(1864192K), [Metaspace: 59701K->59701K(1105920K)], 0.2507091 secs] [Times: user=1.14 sys=0.00, real=0.25 secs] 
5607.149: [GC (Allocation Failure) [PSYoungGen: 232960K->151040K(465920K)] 340285K->258365K(1864192K), 0.0429169 secs] [Times: user=0.26 sys=0.00, real=0.05 secs] 
5610.350: [GC (Allocation Failure) [PSYoungGen: 384000K->102912K(465920K)] 491325K->361381K(1864192K), 0.0949410 secs] [Times: user=0.57 sys=0.00, real=0.10 secs] 
5611.699: [GC (Allocation Failure) [PSYoungGen: 335872K->145312K(378368K)] 594341K->495754K(1776640K), 0.0600110 secs] [Times: user=0.36 sys=0.00, real=0.06 secs] 
5613.168: [GC (Allocation Failure) [PSYoungGen: 378272K->138784K(471040K)] 728714K->634698K(1869312K), 0.0698770 secs] [Times: user=0.41 sys=0.00, real=0.07 secs] 
5616.507: [GC (Allocation Failure) [PSYoungGen: 377376K->125696K(364544K)] 873290K->733126K(1762816K), 0.0626481 secs] [Times: user=0.37 sys=0.01, real=0.06 secs] 
5619.013: [GC (Allocation Failure) [PSYoungGen: 364288K->143488K(458752K)] 971718K->876799K(1857024K), 0.0578149 secs] [Times: user=0.34 sys=0.00, real=0.05 secs] 
5620.839: [GC (Allocation Failure) [PSYoungGen: 385664K->8416K(456192K)] 1118975K->741831K(1854464K), 0.0028773 secs] [Times: user=0.02 sys=0.00, real=0.01 secs] 
5621.525: [GC (Allocation Failure) [PSYoungGen: 250592K->171680K(458752K)] 984007K->912507K(1857024K), 0.0574213 secs] [Times: user=0.34 sys=0.00, real=0.06 secs] 
5623.693: [GC (Allocation Failure) [PSYoungGen: 404640K->97216K(465920K)] 1145467K->1001275K(1864192K), 0.0709022 secs] [Times: user=0.42 sys=0.00, real=0.07 secs] 
5624.942: [GC (Allocation Failure) [PSYoungGen: 330176K->168288K(461312K)] 1234235K->1164376K(1859584K), 0.0513988 secs] [Times: user=0.31 sys=0.00, real=0.05 secs] 
5627.414: [GC (Allocation Failure) [PSYoungGen: 401248K->90048K(465920K)] 1397336K->1254096K(1864192K), 0.0950164 secs] [Times: user=0.57 sys=0.00, real=0.09 secs] 
5627.509: [Full GC (Ergonomics) [PSYoungGen: 90048K->0K(465920K)] [ParOldGen: 1164048K->57510K(1398272K)] 1254096K->57510K(1864192K), [Metaspace: 59701K->59701K(1105920K)], 0.1236633 secs] [Times: user=0.52 sys=0.00, real=0.13 secs] 
5628.816: [GC (Allocation Failure) [PSYoungGen: 232960K->168000K(463360K)] 290470K->225510K(1861632K), 0.0928734 secs] [Times: user=0.55 sys=0.00, real=0.09 secs] 
5631.474: [GC (Allocation Failure) [PSYoungGen: 400960K->84160K(465920K)] 458470K->309854K(1864192K), 0.1564012 secs] [Times: user=0.92 sys=0.00, real=0.15 secs] 
5632.775: [GC (Allocation Failure) [PSYoungGen: 317120K->174080K(465920K)] 542814K->477131K(1864192K), 0.0953427 secs] [Times: user=0.57 sys=0.00, real=0.09 secs] 
5636.776: [GC (Allocation Failure) [PSYoungGen: 407040K->80288K(465920K)] 710091K->557547K(1864192K), 0.1798200 secs] [Times: user=1.06 sys=0.01, real=0.18 secs] 
5638.025: [GC (Allocation Failure) [PSYoungGen: 313248K->194304K(465920K)] 790507K->745472K(1864192K), 0.1415699 secs] [Times: user=0.84 sys=0.00, real=0.14 secs] 
5640.704: [GC (Allocation Failure) [PSYoungGen: 427264K->88000K(465920K)] 978432K->817296K(1864192K), 0.0994766 secs] [Times: user=0.59 sys=0.00, real=0.10 secs] 
5643.105: [GC (Allocation Failure) [PSYoungGen: 317147K->200960K(465920K)] 1046444K->1007900K(1864192K), 0.0675374 secs] [Times: user=0.40 sys=0.00, real=0.07 secs] 
5644.259: [GC (Allocation Failure) [PSYoungGen: 433920K->92704K(465920K)] 1240860K->1063980K(1864192K), 0.1038595 secs] [Times: user=0.62 sys=0.00, real=0.11 secs] 
5647.838: [GC (Allocation Failure) [PSYoungGen: 325664K->151904K(465920K)] 1296940K->1209017K(1864192K), 0.0613801 secs] [Times: user=0.36 sys=0.00, real=0.06 secs] 
5650.226: [GC (Allocation Failure) [PSYoungGen: 384864K->101568K(465920K)] 1441977K->1310833K(1864192K), 0.0767607 secs] [Times: user=0.46 sys=0.00, real=0.08 secs] 
5650.303: [Full GC (Ergonomics) [PSYoungGen: 101568K->0K(465920K)] [ParOldGen: 1209265K->116103K(1398272K)] 1310833K->116103K(1864192K), [Metaspace: 59701K->59701K(1105920K)], 0.2574862 secs] [Times: user=1.15 sys=0.00, real=0.25 secs] 
5653.236: [GC (Allocation Failure) [PSYoungGen: 232960K->146496K(465920K)] 349063K->262599K(1864192K), 0.0543537 secs] [Times: user=0.32 sys=0.00, real=0.05 secs] 
5654.826: [GC (Allocation Failure) [PSYoungGen: 379456K->120160K(353280K)] 495559K->383048K(1751552K), 0.0828772 secs] [Times: user=0.50 sys=0.00, real=0.08 secs] 
5657.822: [GC (Allocation Failure) [PSYoungGen: 353120K->128128K(474624K)] 616008K->500887K(1872896K), 0.0621475 secs] [Times: user=0.37 sys=0.01, real=0.06 secs] 
5659.697: [GC (Allocation Failure) [PSYoungGen: 371328K->140960K(384512K)] 744087K->641519K(1782784K), 0.0594415 secs] [Times: user=0.36 sys=0.00, real=0.06 secs] 
5662.439: [GC (Allocation Failure) [PSYoungGen: 384160K->4768K(450048K)] 884719K->505343K(1848320K), 0.0027444 secs] [Times: user=0.01 sys=0.00, real=0.00 secs] 
5664.809: [GC (Allocation Failure) [PSYoungGen: 238240K->156640K(462848K)] 738815K->660411K(1861120K), 0.0316272 secs] [Times: user=0.19 sys=0.00, real=0.03 secs] 
5666.078: [GC (Allocation Failure) [PSYoungGen: 390112K->105408K(456192K)] 893883K->756252K(1854464K), 0.0687014 secs] [Times: user=0.41 sys=0.00, real=0.07 secs] 
5666.886: [GC (Allocation Failure) [PSYoungGen: 328974K->166944K(461312K)] 979818K->921373K(1859584K), 0.0546362 secs] [Times: user=0.32 sys=0.00, real=0.05 secs] 
5668.750: [GC (Allocation Failure) [PSYoungGen: 404000K->97312K(468480K)] 1158429K->1010589K(1866752K), 0.1141176 secs] [Times: user=0.68 sys=0.01, real=0.12 secs] 
5669.748: [GC (Allocation Failure) [PSYoungGen: 339488K->175008K(417280K)] 1252765K->1182386K(1815552K), 0.0673560 secs] [Times: user=0.40 sys=0.00, real=0.07 secs] 
5672.387: [GC (Allocation Failure) [PSYoungGen: 417184K->94304K(469504K)] 1424562K->1276826K(1867776K), 0.1208068 secs] [Times: user=0.72 sys=0.00, real=0.12 secs] 
5672.508: [Full GC (Ergonomics) [PSYoungGen: 94304K->0K(469504K)] [ParOldGen: 1182522K->75086K(1398272K)] 1276826K->75086K(1867776K), [Metaspace: 59701K->59701K(1105920K)], 0.1721026 secs] [Times: user=0.76 sys=0.00, real=0.17 secs] 
5672.972: [GC (Allocation Failure) [PSYoungGen: 236544K->176192K(465920K)] 311630K->251278K(1864192K), 0.0380173 secs] [Times: user=0.22 sys=0.00, real=0.03 secs] 
5675.062: [GC (Allocation Failure) [PSYoungGen: 412736K->97248K(465920K)] 487822K->348002K(1864192K), 0.1075335 secs] [Times: user=0.64 sys=0.00, real=0.10 secs] 
5677.071: [GC (Allocation Failure) [PSYoungGen: 330208K->155264K(465920K)] 580962K->496935K(1864192K), 0.0632172 secs] [Times: user=0.37 sys=0.01, real=0.07 secs] 
5679.784: [GC (Allocation Failure) [PSYoungGen: 381259K->92736K(457728K)] 722930K->589447K(1856000K), 0.0949282 secs] [Times: user=0.57 sys=0.00, real=0.09 secs] 
5681.066: [GC (Allocation Failure) [PSYoungGen: 325696K->151104K(461824K)] 822407K->734364K(1860096K), 0.0605407 secs] [Times: user=0.36 sys=0.00, real=0.06 secs] 
5682.978: [GC (Allocation Failure) [PSYoungGen: 384064K->107392K(456704K)] 967324K->841940K(1854976K), 0.0885969 secs] [Times: user=0.53 sys=0.00, real=0.09 secs] 
5686.004: [GC (Allocation Failure) [PSYoungGen: 349568K->140672K(463872K)] 1084116K->972167K(1862144K), 0.0610205 secs] [Times: user=0.36 sys=0.00, real=0.06 secs] 
5688.135: [GC (Allocation Failure) [PSYoungGen: 382848K->130976K(458752K)] 1214343K->1103171K(1857024K), 0.0633789 secs] [Times: user=0.37 sys=0.00, real=0.06 secs] 
5689.703: [GC (Allocation Failure) [PSYoungGen: 390560K->9088K(469504K)] 1362755K->981307K(1867776K), 0.0041322 secs] [Times: user=0.02 sys=0.00, real=0.00 secs] 
5690.493: [GC (Allocation Failure) [PSYoungGen: 268672K->184704K(454656K)] 1240891K->1164553K(1852928K), 0.0395991 secs] [Times: user=0.23 sys=0.00, real=0.04 secs] 
5692.718: [GC (Allocation Failure) [PSYoungGen: 417664K->89760K(465920K)] 1397513K->1254253K(1864192K), 0.1855742 secs] [Times: user=1.10 sys=0.00, real=0.19 secs] 
5692.904: [Full GC (Ergonomics) [PSYoungGen: 89760K->0K(465920K)] [ParOldGen: 1164493K->57791K(1398272K)] 1254253K->57791K(1864192K), [Metaspace: 59701K->59701K(1105920K)], 0.1572918 secs] [Times: user=0.73 sys=0.00, real=0.15 secs] 
5694.889: [GC (Allocation Failure) [PSYoungGen: 232960K->163136K(463872K)] 290751K->220927K(1862144K), 0.0341134 secs] [Times: user=0.20 sys=0.00, real=0.04 secs] 
5696.880: [GC (Allocation Failure) [PSYoungGen: 396096K->91776K(325120K)] 453887K->312063K(1723392K), 0.1451376 secs] [Times: user=0.86 sys=0.00, real=0.15 secs] 
5697.732: [GC (Allocation Failure) [PSYoungGen: 324736K->174176K(462848K)] 545023K->480240K(1861120K), 0.0568882 secs] [Times: user=0.34 sys=0.01, real=0.05 secs] 
5701.517: [GC (Allocation Failure) [PSYoungGen: 406624K->81280K(465408K)] 712688K->561368K(1863680K), 0.1430349 secs] [Times: user=0.85 sys=0.00, real=0.14 secs] 
5702.494: [GC (Allocation Failure) [PSYoungGen: 313728K->175392K(465920K)] 793816K->730510K(1864192K), 0.1414130 secs] [Times: user=0.84 sys=0.01, real=0.14 secs] 
5704.682: [GC (Allocation Failure) [PSYoungGen: 408352K->86144K(465920K)] 963470K->816622K(1864192K), 0.1063449 secs] [Times: user=0.63 sys=0.01, real=0.10 secs] 
5706.441: [GC (Allocation Failure) [PSYoungGen: 317397K->199424K(465920K)] 1047876K->1009243K(1864192K), 0.0680189 secs] [Times: user=0.40 sys=0.00, real=0.07 secs] 
5707.963: [GC (Allocation Failure) [PSYoungGen: 429317K->93408K(465920K)] 1239136K->1065667K(1864192K), 0.1016143 secs] [Times: user=0.61 sys=0.00, real=0.10 secs] 
5710.219: [GC (Allocation Failure) [PSYoungGen: 326368K->150688K(465920K)] 1298627K->1209473K(1864192K), 0.0607942 secs] [Times: user=0.36 sys=0.00, real=0.06 secs] 
5711.200: [GC (Allocation Failure) [PSYoungGen: 383648K->119808K(465920K)] 1442433K->1329545K(1864192K), 0.0883973 secs] [Times: user=0.52 sys=0.00, real=0.09 secs] 
5711.288: [Full GC (Ergonomics) [PSYoungGen: 119808K->0K(465920K)] [ParOldGen: 1209737K->126148K(1398272K)] 1329545K->126148K(1864192K), [Metaspace: 59701K->59701K(1105920K)], 0.2915537 secs] [Times: user=1.33 sys=0.01, real=0.29 secs] 
5713.245: [GC (Allocation Failure) [PSYoungGen: 232960K->136384K(456704K)] 359108K->262532K(1854976K), 0.0502032 secs] [Times: user=0.30 sys=0.00, real=0.05 secs] 
5715.994: [GC (Allocation Failure) [PSYoungGen: 369344K->129280K(461312K)] 495492K->392112K(1859584K), 0.0830195 secs] [Times: user=0.49 sys=0.00, real=0.08 secs] 
5717.323: [GC (Allocation Failure) [PSYoungGen: 362240K->127296K(458240K)] 625072K->500645K(1856512K), 0.0623375 secs] [Times: user=0.37 sys=0.00, real=0.06 secs] 
5719.137: [GC (Allocation Failure) [PSYoungGen: 379200K->154976K(461824K)] 752549K->655349K(1860096K), 0.0596614 secs] [Times: user=0.35 sys=0.00, real=0.06 secs] 
5722.009: [GC (Allocation Failure) [PSYoungGen: 406880K->23552K(466944K)] 907253K->523957K(1865216K), 0.0079796 secs] [Times: user=0.04 sys=0.00, real=0.01 secs] 
5723.974: [GC (Allocation Failure) [PSYoungGen: 279040K->177696K(433664K)] 779445K->699539K(1831936K), 0.0998124 secs] [Times: user=0.59 sys=0.00, real=0.10 secs] 
5726.796: [GC (Allocation Failure) [PSYoungGen: 433184K->108736K(473600K)] 955027K->808155K(1871872K), 0.1196012 secs] [Times: user=0.71 sys=0.01, real=0.12 secs] 
5727.791: [GC (Allocation Failure) [PSYoungGen: 349376K->208992K(465920K)] 1048795K->1010943K(1864192K), 0.0739346 secs] [Times: user=0.44 sys=0.01, real=0.08 secs] 
5730.132: [GC (Allocation Failure) [PSYoungGen: 449632K->92352K(465920K)] 1251583K->1069559K(1864192K), 0.1088842 secs] [Times: user=0.65 sys=0.01, real=0.10 secs] 
5731.512: [GC (Allocation Failure) [PSYoungGen: 325312K->151680K(465920K)] 1302519K->1214404K(1864192K), 0.0604051 secs] [Times: user=0.36 sys=0.00, real=0.06 secs] 
5732.661: [GC (Allocation Failure) [PSYoungGen: 384640K->123040K(459776K)] 1447364K->1337572K(1858048K), 0.0811497 secs] [Times: user=0.48 sys=0.00, real=0.09 secs] 
5732.742: [Full GC (Ergonomics) [PSYoungGen: 123040K->0K(459776K)] [ParOldGen: 1214532K->128551K(1398272K)] 1337572K->128551K(1858048K), [Metaspace: 59701K->59701K(1105920K)], 0.3139317 secs] [Times: user=1.43 sys=0.00, real=0.31 secs] 
5735.437: [GC (Allocation Failure) [PSYoungGen: 232960K->132768K(462848K)] 361511K->261319K(1861120K), 0.0462840 secs] [Times: user=0.27 sys=0.00, real=0.05 secs] 
5737.033: [GC (Allocation Failure) [PSYoungGen: 365728K->124160K(459776K)] 494279K->385735K(1858048K), 0.0739247 secs] [Times: user=0.43 sys=0.01, real=0.07 secs] 
5738.379: [GC (Allocation Failure) [PSYoungGen: 372480K->2720K(461312K)] 634055K->264379K(1859584K), 0.0022366 secs] [Times: user=0.01 sys=0.00, real=0.00 secs] 
5740.228: [GC (Allocation Failure) [PSYoungGen: 251040K->169664K(459264K)] 512699K->433085K(1857536K), 0.0332275 secs] [Times: user=0.20 sys=0.00, real=0.03 secs] 
5742.558: [GC (Allocation Failure) [PSYoungGen: 402624K->96640K(465920K)] 666045K->521333K(1864192K), 0.0701540 secs] [Times: user=0.41 sys=0.00, real=0.07 secs] 
5743.455: [GC (Allocation Failure) [PSYoungGen: 321893K->163520K(460800K)] 746586K->682983K(1859072K), 0.0511585 secs] [Times: user=0.31 sys=0.00, real=0.05 secs] 
5745.545: [GC (Allocation Failure) [PSYoungGen: 396480K->91968K(465920K)] 915943K->766751K(1864192K), 0.0968716 secs] [Times: user=0.57 sys=0.01, real=0.09 secs] 
5747.628: [GC (Allocation Failure) [PSYoungGen: 324928K->200288K(460800K)] 999711K->963236K(1859072K), 0.0511938 secs] [Times: user=0.30 sys=0.00, real=0.05 secs] 
5749.809: [GC (Allocation Failure) [PSYoungGen: 433248K->87552K(465920K)] 1196196K->1017564K(1864192K), 0.1706159 secs] [Times: user=1.02 sys=0.00, real=0.17 secs] 
5750.983: [GC (Allocation Failure) [PSYoungGen: 320512K->171136K(465920K)] 1250524K->1185353K(1864192K), 0.0588586 secs] [Times: user=0.34 sys=0.00, real=0.06 secs] 
5755.177: [GC (Allocation Failure) [PSYoungGen: 404096K->82048K(465920K)] 1418313K->1267561K(1864192K), 0.1658020 secs] [Times: user=0.98 sys=0.01, real=0.17 secs] 
5755.343: [Full GC (Ergonomics) [PSYoungGen: 82048K->0K(465920K)] [ParOldGen: 1185513K->64553K(1398272K)] 1267561K->64553K(1864192K), [Metaspace: 59701K->59701K(1105920K)], 0.1701775 secs] [Times: user=0.79 sys=0.00, real=0.17 secs] 
5756.024: [GC (Allocation Failure) [PSYoungGen: 232960K->174752K(465920K)] 297513K->239305K(1864192K), 0.0387545 secs] [Times: user=0.23 sys=0.00, real=0.04 secs] 
5758.453: [GC (Allocation Failure) [PSYoungGen: 407712K->81472K(465920K)] 472265K->320589K(1864192K), 0.1206206 secs] [Times: user=0.71 sys=0.01, real=0.12 secs] 
5760.394: [GC (Allocation Failure) [PSYoungGen: 314432K->175040K(465920K)] 553549K->489102K(1864192K), 0.1287241 secs] [Times: user=0.77 sys=0.00, real=0.13 secs] 
5763.102: [GC (Allocation Failure) [PSYoungGen: 408000K->86208K(465920K)] 722062K->575270K(1864192K), 0.1117732 secs] [Times: user=0.67 sys=0.00, real=0.11 secs] 
5765.792: [GC (Allocation Failure) [PSYoungGen: 319168K->198208K(465920K)] 808230K->767347K(1864192K), 0.1128163 secs] [Times: user=0.67 sys=0.00, real=0.11 secs] 
5768.381: [GC (Allocation Failure) [PSYoungGen: 431168K->91104K(465920K)] 1000307K->825379K(1864192K), 0.1053533 secs] [Times: user=0.63 sys=0.00, real=0.11 secs] 
5769.960: [GC (Allocation Failure) [PSYoungGen: 324064K->152928K(465920K)] 1058339K->971818K(1864192K), 0.0606364 secs] [Times: user=0.36 sys=0.00, real=0.06 secs] 
5771.063: [GC (Allocation Failure) [PSYoungGen: 385888K->105504K(465920K)] 1204778K->1077426K(1864192K), 0.0790506 secs] [Times: user=0.46 sys=0.00, real=0.08 secs] 
5773.938: [GC (Allocation Failure) [PSYoungGen: 338464K->142592K(465920K)] 1310386K->1209289K(1864192K), 0.0615778 secs] [Times: user=0.36 sys=0.00, real=0.06 secs] 
5775.454: [GC (Allocation Failure) [PSYoungGen: 375552K->117952K(351232K)] 1442249K->1327417K(1749504K), 0.0735363 secs] [Times: user=0.44 sys=0.01, real=0.07 secs] 
5775.528: [Full GC (Ergonomics) [PSYoungGen: 117952K->0K(351232K)] [ParOldGen: 1209465K->132052K(1398272K)] 1327417K->132052K(1749504K), [Metaspace: 59701K->59701K(1105920K)], 0.3000040 secs] [Times: user=1.35 sys=0.00, real=0.30 secs] 
5777.098: [GC (Allocation Failure) [PSYoungGen: 232960K->131200K(472064K)] 365012K->263252K(1870336K), 0.0475793 secs] [Times: user=0.29 sys=0.00, real=0.05 secs] 
5779.063: [GC (Allocation Failure) [PSYoungGen: 373376K->146336K(462848K)] 505428K->409124K(1861120K), 0.0669835 secs] [Times: user=0.39 sys=0.00, real=0.06 secs] 
5781.659: [GC (Allocation Failure) [PSYoungGen: 388512K->8256K(454144K)] 651300K->271084K(1852416K), 0.0028903 secs] [Times: user=0.02 sys=0.00, real=0.01 secs] 
5783.132: [GC (Allocation Failure) [PSYoungGen: 244288K->163840K(400384K)] 507116K->433521K(1798656K), 0.0515239 secs] [Times: user=0.30 sys=0.00, real=0.05 secs] 
5785.341: [GC (Allocation Failure) [PSYoungGen: 399872K->98976K(470016K)] 669553K->524001K(1868288K), 0.0687198 secs] [Times: user=0.41 sys=0.01, real=0.07 secs] 
5787.091: [GC (Allocation Failure) [PSYoungGen: 328789K->163168K(465920K)] 753814K->684846K(1864192K), 0.0518083 secs] [Times: user=0.30 sys=0.00, real=0.06 secs] 
5788.810: [GC (Allocation Failure) [PSYoungGen: 400224K->98848K(462848K)] 921902K->774734K(1861120K), 0.1010876 secs] [Times: user=0.60 sys=0.00, real=0.10 secs] 
5789.629: [GC (Allocation Failure) [PSYoungGen: 335904K->174656K(464384K)] 1011790K->946340K(1862656K), 0.0666860 secs] [Times: user=0.40 sys=0.01, real=0.07 secs] 
5792.645: [GC (Allocation Failure) [PSYoungGen: 411712K->85024K(466432K)] 1183396K->1031484K(1864704K), 0.1446818 secs] [Times: user=0.85 sys=0.01, real=0.14 secs] 
5793.567: [GC (Allocation Failure) [PSYoungGen: 318496K->175552K(465920K)] 1264956K->1200897K(1864192K), 0.0594315 secs] [Times: user=0.35 sys=0.00, real=0.06 secs] 
5795.905: [GC (Allocation Failure) [PSYoungGen: 409024K->91776K(465920K)] 1434369K->1292601K(1864192K), 0.1136415 secs] [Times: user=0.67 sys=0.00, real=0.11 secs] 
5796.019: [Full GC (Ergonomics) [PSYoungGen: 91776K->0K(465920K)] [ParOldGen: 1200825K->88978K(1398272K)] 1292601K->88978K(1864192K), [Metaspace: 59701K->59701K(1105920K)], 0.2080353 secs] [Times: user=0.94 sys=0.00, real=0.21 secs] 
5797.315: [GC (Allocation Failure) [PSYoungGen: 232960K->186528K(465920K)] 321938K->275506K(1864192K), 0.0566457 secs] [Times: user=0.33 sys=0.00, real=0.05 secs] 
5800.048: [GC (Allocation Failure) [PSYoungGen: 419488K->89568K(465920K)] 508466K->347670K(1864192K), 0.1072598 secs] [Times: user=0.63 sys=0.00, real=0.11 secs] 
5801.438: [GC (Allocation Failure) [PSYoungGen: 322528K->154816K(465920K)] 580630K->496230K(1864192K), 0.0597257 secs] [Times: user=0.35 sys=0.00, real=0.06 secs] 
5803.735: [GC (Allocation Failure) [PSYoungGen: 387776K->100960K(465920K)] 729190K->596830K(1864192K), 0.0893408 secs] [Times: user=0.53 sys=0.00, real=0.09 secs] 
5805.264: [GC (Allocation Failure) [PSYoungGen: 333920K->147520K(380928K)] 829790K->733482K(1779200K), 0.0622135 secs] [Times: user=0.36 sys=0.00, real=0.06 secs] 
5807.615: [GC (Allocation Failure) [PSYoungGen: 380480K->116672K(473600K)] 966442K->850366K(1871872K), 0.0810303 secs] [Times: user=0.48 sys=0.00, real=0.08 secs] 
5808.923: [GC (Allocation Failure) [PSYoungGen: 357824K->130752K(372224K)] 1091518K->970954K(1770496K), 0.0617450 secs] [Times: user=0.37 sys=0.00, real=0.06 secs] 
5810.833: [GC (Allocation Failure) [PSYoungGen: 371904K->149248K(458752K)] 1212106K->1120370K(1857024K), 0.0597222 secs] [Times: user=0.36 sys=0.00, real=0.06 secs] 
5812.081: [GC (Allocation Failure) [PSYoungGen: 392448K->12288K(457728K)] 1363570K->983494K(1856000K), 0.0039896 secs] [Times: user=0.02 sys=0.00, real=0.01 secs] 
5814.053: [GC (Allocation Failure) [PSYoungGen: 255488K->188800K(459264K)] 1226694K->1170347K(1857536K), 0.0377637 secs] [Times: user=0.22 sys=0.00, real=0.03 secs] 
5815.365: [GC (Allocation Failure) [PSYoungGen: 421760K->97536K(465920K)] 1403307K->1242403K(1864192K), 0.0743599 secs] [Times: user=0.44 sys=0.00, real=0.07 secs] 
5817.303: [GC (Allocation Failure) [PSYoungGen: 330496K->167648K(465920K)] 1475363K->1406935K(1864192K), 0.0514573 secs] [Times: user=0.30 sys=0.00, real=0.05 secs] 
5817.354: [Full GC (Ergonomics) [PSYoungGen: 167648K->0K(465920K)] [ParOldGen: 1239287K->211395K(1398272K)] 1406935K->211395K(1864192K), [Metaspace: 59701K->59701K(1105920K)], 0.4978825 secs] [Times: user=2.32 sys=0.00, real=0.50 secs] 
5819.974: [GC (Allocation Failure) [PSYoungGen: 232960K->85120K(465920K)] 444355K->296515K(1864192K), 0.1530845 secs] [Times: user=0.91 sys=0.01, real=0.15 secs] 
5820.801: [GC (Allocation Failure) [PSYoungGen: 318080K->186848K(465920K)] 529475K->479267K(1864192K), 0.0555226 secs] [Times: user=0.33 sys=0.00, real=0.06 secs] 
5823.707: [GC (Allocation Failure) [PSYoungGen: 419808K->85376K(465920K)] 712227K->547907K(1864192K), 0.1309609 secs] [Times: user=0.78 sys=0.00, real=0.13 secs] 
5824.287: [GC (Allocation Failure) [PSYoungGen: 318336K->178816K(465920K)] 780867K->720456K(1864192K), 0.0585162 secs] [Times: user=0.34 sys=0.00, real=0.06 secs] 
5826.290: [GC (Allocation Failure) [PSYoungGen: 411776K->93280K(465920K)] 953416K->813944K(1864192K), 0.0913199 secs] [Times: user=0.54 sys=0.00, real=0.09 secs] 
5828.112: [GC (Allocation Failure) [PSYoungGen: 321471K->197376K(465920K)] 1042136K->1005165K(1864192K), 0.0697902 secs] [Times: user=0.41 sys=0.00, real=0.07 secs] 
5829.513: [GC (Allocation Failure) [PSYoungGen: 426828K->93024K(465920K)] 1234617K->1061573K(1864192K), 0.1039377 secs] [Times: user=0.62 sys=0.00, real=0.10 secs] 
5832.561: [GC (Allocation Failure) [PSYoungGen: 325984K->151072K(465920K)] 1294533K->1206146K(1864192K), 0.0608747 secs] [Times: user=0.37 sys=0.00, real=0.07 secs] 
5833.928: [GC (Allocation Failure) [PSYoungGen: 384032K->102816K(465920K)] 1439106K->1308890K(1864192K), 0.0952449 secs] [Times: user=0.56 sys=0.01, real=0.10 secs] 
5834.023: [Full GC (Ergonomics) [PSYoungGen: 102816K->0K(465920K)] [ParOldGen: 1206074K->116918K(1398272K)] 1308890K->116918K(1864192K), [Metaspace: 59701K->59701K(1105920K)], 0.2693456 secs] [Times: user=1.23 sys=0.00, real=0.27 secs] 
5835.517: [GC (Allocation Failure) [PSYoungGen: 232960K->145088K(465920K)] 349878K->262006K(1864192K), 0.0534442 secs] [Times: user=0.32 sys=0.00, real=0.05 secs] 
5837.872: [GC (Allocation Failure) [PSYoungGen: 378048K->128672K(361984K)] 494966K->390950K(1760256K), 0.0881481 secs] [Times: user=0.52 sys=0.00, real=0.08 secs] 
5839.199: [GC (Allocation Failure) [PSYoungGen: 361632K->127104K(469504K)] 623910K->499529K(1867776K), 0.0615540 secs] [Times: user=0.37 sys=0.00, real=0.06 secs] 
5841.009: [GC (Allocation Failure) [PSYoungGen: 369280K->146432K(460288K)] 741705K->646145K(1858560K), 0.0579983 secs] [Times: user=0.34 sys=0.00, real=0.06 secs] 
5842.292: [GC (Allocation Failure) [PSYoungGen: 388608K->10528K(456704K)] 888321K->510321K(1854976K), 0.0033685 secs] [Times: user=0.02 sys=0.00, real=0.00 secs] 
5845.156: [GC (Allocation Failure) [PSYoungGen: 251680K->169056K(410624K)] 751473K->677442K(1808896K), 0.0356212 secs] [Times: user=0.21 sys=0.00, real=0.04 secs] 
5846.520: [GC (Allocation Failure) [PSYoungGen: 410208K->105152K(471552K)] 918594K->773886K(1869824K), 0.0887830 secs] [Times: user=0.52 sys=0.01, real=0.09 secs] 
5848.240: [GC (Allocation Failure) [PSYoungGen: 343744K->168992K(465920K)] 1012478K->939203K(1864192K), 0.0535571 secs] [Times: user=0.32 sys=0.00, real=0.06 secs] 
5850.406: [GC (Allocation Failure) [PSYoungGen: 407584K->95488K(467456K)] 1177795K->1033991K(1865728K), 0.1517861 secs] [Times: user=0.90 sys=0.00, real=0.15 secs] 
5851.206: [GC (Allocation Failure) [PSYoungGen: 332544K->174048K(465920K)] 1271047K->1202459K(1864192K), 0.0918559 secs] [Times: user=0.55 sys=0.00, real=0.09 secs] 
5854.014: [GC (Allocation Failure) [PSYoungGen: 411104K->93920K(466432K)] 1439515K->1295803K(1864704K), 0.1186603 secs] [Times: user=0.71 sys=0.00, real=0.12 secs] 
5854.132: [Full GC (Ergonomics) [PSYoungGen: 93920K->0K(466432K)] [ParOldGen: 1201883K->95313K(1398272K)] 1295803K->95313K(1864704K), [Metaspace: 59701K->59701K(1105920K)], 0.2280490 secs] [Times: user=1.03 sys=0.00, real=0.22 secs] 
5855.754: [GC (Allocation Failure) [PSYoungGen: 231502K->199520K(465920K)] 326816K->294833K(1864192K), 0.0491389 secs] [Times: user=0.29 sys=0.00, real=0.05 secs] 
5857.439: [GC (Allocation Failure) [PSYoungGen: 430039K->92992K(465920K)] 525353K->351001K(1864192K), 0.0895143 secs] [Times: user=0.53 sys=0.00, real=0.09 secs] 
5858.972: [GC (Allocation Failure) [PSYoungGen: 325952K->150944K(465920K)] 583961K->495480K(1864192K), 0.0600961 secs] [Times: user=0.35 sys=0.00, real=0.06 secs] 
5861.604: [GC (Allocation Failure) [PSYoungGen: 383904K->106432K(465920K)] 728440K->601728K(1864192K), 0.0901101 secs] [Times: user=0.54 sys=0.00, real=0.09 secs] 
5862.995: [GC (Allocation Failure) [PSYoungGen: 339392K->141984K(375296K)] 834688K->733141K(1773568K), 0.0606029 secs] [Times: user=0.36 sys=0.00, real=0.06 secs] 
5866.203: [GC (Allocation Failure) [PSYoungGen: 374944K->121024K(469504K)] 966101K->854045K(1867776K), 0.0774363 secs] [Times: user=0.46 sys=0.00, real=0.07 secs] 
5867.566: [GC (Allocation Failure) [PSYoungGen: 362176K->1088K(461312K)] 1095197K->734229K(1859584K), 0.0017503 secs] [Times: user=0.01 sys=0.00, real=0.00 secs] 
5870.211: [GC (Allocation Failure) [PSYoungGen: 242240K->147456K(465920K)] 975381K->881194K(1864192K), 0.0327766 secs] [Times: user=0.19 sys=0.00, real=0.04 secs] 
5871.421: [GC (Allocation Failure) [PSYoungGen: 380416K->8544K(465920K)] 1114154K->742410K(1864192K), 0.0029614 secs] [Times: user=0.01 sys=0.00, real=0.01 secs] 
5872.603: [GC (Allocation Failure) [PSYoungGen: 241504K->172096K(465920K)] 975370K->912803K(1864192K), 0.0342434 secs] [Times: user=0.19 sys=0.01, real=0.03 secs] 
5874.071: [GC (Allocation Failure) [PSYoungGen: 405056K->100640K(465920K)] 1145763K->996283K(1864192K), 0.0703883 secs] [Times: user=0.42 sys=0.00, real=0.07 secs] 
5875.289: [GC (Allocation Failure) [PSYoungGen: 322179K->160832K(465920K)] 1217823K->1155204K(1864192K), 0.0526626 secs] [Times: user=0.30 sys=0.01, real=0.06 secs] 
5877.629: [GC (Allocation Failure) [PSYoungGen: 393792K->95392K(465920K)] 1388164K->1242116K(1864192K), 0.0675349 secs] [Times: user=0.40 sys=0.00, real=0.07 secs] 
5877.696: [Full GC (Ergonomics) [PSYoungGen: 95392K->0K(465920K)] [ParOldGen: 1146724K->44867K(1398272K)] 1242116K->44867K(1864192K), [Metaspace: 59704K->59704K(1105920K)], 0.0976858 secs] [Times: user=0.37 sys=0.00, real=0.10 secs] 
5880.115: [GC (Allocation Failure) [PSYoungGen: 232960K->166080K(465920K)] 277827K->210947K(1864192K), 0.0358268 secs] [Times: user=0.21 sys=0.00, real=0.03 secs] 
5882.031: [GC (Allocation Failure) [PSYoungGen: 399040K->86240K(465920K)] 443907K->296799K(1864192K), 0.1267161 secs] [Times: user=0.74 sys=0.01, real=0.13 secs] 
5883.662: [GC (Allocation Failure) [PSYoungGen: 319200K->167616K(465920K)] 529759K->460252K(1864192K), 0.0540580 secs] [Times: user=0.32 sys=0.00, real=0.05 secs] 
5886.132: [GC (Allocation Failure) [PSYoungGen: 400576K->86912K(465920K)] 693212K->546956K(1864192K), 0.1809242 secs] [Times: user=1.07 sys=0.00, real=0.18 secs] 
5887.619: [GC (Allocation Failure) [PSYoungGen: 319872K->175328K(465920K)] 779916K->716265K(1864192K), 0.0577009 secs] [Times: user=0.34 sys=0.00, real=0.06 secs] 
5890.560: [GC (Allocation Failure) [PSYoungGen: 408288K->82784K(465920K)] 949225K->799169K(1864192K), 0.1650321 secs] [Times: user=0.98 sys=0.00, real=0.17 secs] 
5891.182: [GC (Allocation Failure) [PSYoungGen: 315131K->211104K(465920K)] 1031517K->1003838K(1864192K), 0.0586672 secs] [Times: user=0.34 sys=0.00, real=0.05 secs] 
5894.640: [GC (Allocation Failure) [PSYoungGen: 444064K->80992K(465920K)] 1236798K->1051286K(1864192K), 0.1230080 secs] [Times: user=0.74 sys=0.00, real=0.13 secs] 
5895.989: [GC (Allocation Failure) [PSYoungGen: 313952K->163328K(465920K)] 1284246K->1207766K(1864192K), 0.0603647 secs] [Times: user=0.36 sys=0.00, real=0.06 secs] 
5897.831: [GC (Allocation Failure) [PSYoungGen: 396288K->100128K(465920K)] 1440726K->1308118K(1864192K), 0.1036311 secs] [Times: user=0.62 sys=0.00, real=0.11 secs] 
5897.934: [Full GC (Ergonomics) [PSYoungGen: 100128K->0K(465920K)] [ParOldGen: 1207990K->114701K(1398272K)] 1308118K->114701K(1864192K), [Metaspace: 59704K->59704K(1105920K)], 0.2647802 secs] [Times: user=1.22 sys=0.00, real=0.26 secs] 
5900.812: [GC (Allocation Failure) [PSYoungGen: 232960K->148480K(465920K)] 347661K->263181K(1864192K), 0.0547485 secs] [Times: user=0.33 sys=0.00, real=0.06 secs] 
5902.238: [GC (Allocation Failure) [PSYoungGen: 381440K->113344K(465920K)] 496141K->376821K(1864192K), 0.0852133 secs] [Times: user=0.51 sys=0.00, real=0.09 secs] 
5904.084: [GC (Allocation Failure) [PSYoungGen: 346304K->134528K(457728K)] 609781K->500722K(1856000K), 0.0611846 secs] [Times: user=0.36 sys=0.00, real=0.06 secs] 
5905.866: [GC (Allocation Failure) [PSYoungGen: 367488K->127808K(461824K)] 733682K->628746K(1860096K), 0.0588191 secs] [Times: user=0.34 sys=0.00, real=0.06 secs] 
5907.183: [GC (Allocation Failure) [PSYoungGen: 360768K->1792K(452096K)] 861706K->502762K(1850368K), 0.0020233 secs] [Times: user=0.01 sys=0.00, real=0.00 secs] 
5907.870: [GC (Allocation Failure) [PSYoungGen: 234752K->154272K(464384K)] 735722K->656792K(1862656K), 0.0306105 secs] [Times: user=0.18 sys=0.01, real=0.03 secs] 
5910.899: [GC (Allocation Failure) [PSYoungGen: 387232K->5664K(465920K)] 889752K->508272K(1864192K), 0.0027622 secs] [Times: user=0.01 sys=0.00, real=0.01 secs] 
5911.843: [GC (Allocation Failure) [PSYoungGen: 238624K->163296K(465920K)] 741232K->670337K(1864192K), 0.0504743 secs] [Times: user=0.29 sys=0.01, real=0.05 secs] 
5914.000: [GC (Allocation Failure) [PSYoungGen: 396256K->96320K(465920K)] 903297K->758229K(1864192K), 0.0692349 secs] [Times: user=0.41 sys=0.00, real=0.07 secs] 
5915.465: [GC (Allocation Failure) [PSYoungGen: 324490K->167296K(465920K)] 986399K->923582K(1864192K), 0.1002525 secs] [Times: user=0.59 sys=0.00, real=0.10 secs] 
5918.583: [GC (Allocation Failure) [PSYoungGen: 400256K->90656K(465920K)] 1156542K->1006158K(1864192K), 0.0784897 secs] [Times: user=0.46 sys=0.01, real=0.07 secs] 
5919.382: [GC (Allocation Failure) [PSYoungGen: 308741K->159872K(465920K)] 1224244K->1162716K(1864192K), 0.0488608 secs] [Times: user=0.28 sys=0.00, real=0.04 secs] 
5921.282: [GC (Allocation Failure) [PSYoungGen: 392832K->95136K(465920K)] 1395676K->1249188K(1864192K), 0.0685234 secs] [Times: user=0.41 sys=0.00, real=0.06 secs] 
5921.351: [Full GC (Ergonomics) [PSYoungGen: 95136K->0K(465920K)] [ParOldGen: 1154052K->44960K(1398272K)] 1249188K->44960K(1864192K), [Metaspace: 59704K->59704K(1105920K)], 0.0914714 secs] [Times: user=0.36 sys=0.00, real=0.10 secs] 
5923.043: [GC (Allocation Failure) [PSYoungGen: 232960K->164480K(465920K)] 277920K->209440K(1864192K), 0.0350329 secs] [Times: user=0.20 sys=0.00, real=0.03 secs] 
5926.008: [GC (Allocation Failure) [PSYoungGen: 397440K->85248K(465920K)] 442400K->294112K(1864192K), 0.1550441 secs] [Times: user=0.92 sys=0.00, real=0.16 secs] 
5927.239: [GC (Allocation Failure) [PSYoungGen: 318208K->172800K(465920K)] 527072K->462869K(1864192K), 0.0541136 secs] [Times: user=0.32 sys=0.00, real=0.06 secs] 
5929.361: [GC (Allocation Failure) [PSYoungGen: 405760K->90848K(465920K)] 695829K->553549K(1864192K), 0.1560810 secs] [Times: user=0.93 sys=0.00, real=0.16 secs] 
5930.688: [GC (Allocation Failure) [PSYoungGen: 323808K->170688K(465920K)] 786509K->718314K(1864192K), 0.1309512 secs] [Times: user=0.78 sys=0.00, real=0.13 secs] 
5933.773: [GC (Allocation Failure) [PSYoungGen: 403648K->87200K(465920K)] 951274K->805722K(1864192K), 0.1472175 secs] [Times: user=0.88 sys=0.00, real=0.14 secs] 
5935.630: [GC (Allocation Failure) [PSYoungGen: 320160K->169696K(465920K)] 1038682K->969311K(1864192K), 0.1544231 secs] [Times: user=0.92 sys=0.00, real=0.16 secs] 
5937.931: [GC (Allocation Failure) [PSYoungGen: 402656K->88096K(465920K)] 1202271K->1057587K(1864192K), 0.0977982 secs] [Times: user=0.58 sys=0.00, real=0.10 secs] 
5939.919: [GC (Allocation Failure) [PSYoungGen: 316364K->195456K(465920K)] 1285855K->1247056K(1864192K), 0.0672946 secs] [Times: user=0.41 sys=0.00, real=0.07 secs] 
5941.053: [GC (Allocation Failure) [PSYoungGen: 428416K->105792K(465920K)] 1480016K->1315896K(1864192K), 0.0919945 secs] [Times: user=0.55 sys=0.00, real=0.09 secs] 
5941.145: [Full GC (Ergonomics) [PSYoungGen: 105792K->0K(465920K)] [ParOldGen: 1210104K->111723K(1398272K)] 1315896K->111723K(1864192K), [Metaspace: 59704K->59704K(1105920K)], 0.2528984 secs] [Times: user=1.14 sys=0.00, real=0.25 secs] 
5943.713: [GC (Allocation Failure) [PSYoungGen: 232960K->150368K(465920K)] 344683K->262091K(1864192K), 0.0551559 secs] [Times: user=0.33 sys=0.00, real=0.05 secs] 
5944.867: [GC (Allocation Failure) [PSYoungGen: 383328K->111616K(465920K)] 495051K->374019K(1864192K), 0.1054005 secs] [Times: user=0.62 sys=0.00, real=0.11 secs] 
5947.194: [GC (Allocation Failure) [PSYoungGen: 344576K->136096K(369152K)] 606979K->499584K(1767424K), 0.0605632 secs] [Times: user=0.36 sys=0.00, real=0.06 secs] 
5947.953: [GC (Allocation Failure) [PSYoungGen: 369056K->133600K(468480K)] 732544K->633368K(1866752K), 0.0722505 secs] [Times: user=0.43 sys=0.00, real=0.07 secs] 
5949.887: [GC (Allocation Failure) [PSYoungGen: 374752K->2176K(460288K)] 874520K->501988K(1858560K), 0.0030131 secs] [Times: user=0.01 sys=0.00, real=0.00 secs] 
5951.113: [GC (Allocation Failure) [PSYoungGen: 243328K->162016K(464896K)] 743140K->663270K(1863168K), 0.0346832 secs] [Times: user=0.20 sys=0.00, real=0.03 secs] 
5953.777: [GC (Allocation Failure) [PSYoungGen: 394976K->11264K(465920K)] 896230K->512598K(1864192K), 0.0046213 secs] [Times: user=0.02 sys=0.00, real=0.01 secs] 
5954.495: [GC (Allocation Failure) [PSYoungGen: 244224K->168224K(465920K)] 745558K->679303K(1864192K), 0.0358916 secs] [Times: user=0.21 sys=0.00, real=0.03 secs] 
5957.529: [GC (Allocation Failure) [PSYoungGen: 400833K->94848K(465920K)] 911912K->765431K(1864192K), 0.0890740 secs] [Times: user=0.53 sys=0.00, real=0.09 secs] 
5958.252: [GC (Allocation Failure) [PSYoungGen: 314280K->160064K(465920K)] 984864K->922916K(1864192K), 0.0516179 secs] [Times: user=0.30 sys=0.01, real=0.05 secs] 
5960.261: [GC (Allocation Failure) [PSYoungGen: 393024K->94304K(465920K)] 1155876K->1008364K(1864192K), 0.0916491 secs] [Times: user=0.54 sys=0.01, real=0.10 secs] 
5961.246: [GC (Allocation Failure) [PSYoungGen: 327264K->187328K(465920K)] 1241324K->1192600K(1864192K), 0.0522567 secs] [Times: user=0.31 sys=0.00, real=0.05 secs] 
5963.840: [GC (Allocation Failure) [PSYoungGen: 420288K->84160K(465920K)] 1425560K->1260352K(1864192K), 0.1270524 secs] [Times: user=0.76 sys=0.00, real=0.13 secs] 
5963.968: [Full GC (Ergonomics) [PSYoungGen: 84160K->0K(465920K)] [ParOldGen: 1176192K->57815K(1398272K)] 1260352K->57815K(1864192K), [Metaspace: 59704K->59704K(1105920K)], 0.1392493 secs] [Times: user=0.61 sys=0.00, real=0.14 secs] 
5965.175: [GC (Allocation Failure) [PSYoungGen: 232960K->169184K(465920K)] 290775K->226999K(1864192K), 0.0356861 secs] [Times: user=0.21 sys=0.00, real=0.03 secs] 
5967.640: [GC (Allocation Failure) [PSYoungGen: 402144K->84928K(465920K)] 459959K->311687K(1864192K), 0.1718357 secs] [Times: user=1.02 sys=0.01, real=0.17 secs] 
5968.402: [GC (Allocation Failure) [PSYoungGen: 317888K->191136K(465920K)] 544647K->496951K(1864192K), 0.0575921 secs] [Times: user=0.34 sys=0.00, real=0.05 secs] 
5971.052: [GC (Allocation Failure) [PSYoungGen: 424096K->86976K(465920K)] 729911K->567495K(1864192K), 0.1153608 secs] [Times: user=0.68 sys=0.01, real=0.12 secs] 
5971.587: [GC (Allocation Failure) [PSYoungGen: 319936K->206112K(465920K)] 800455K->767391K(1864192K), 0.0574273 secs] [Times: user=0.34 sys=0.00, real=0.06 secs] 
5974.135: [GC (Allocation Failure) [PSYoungGen: 439072K->86240K(465920K)] 1000351K->820111K(1864192K), 0.1122294 secs] [Times: user=0.67 sys=0.00, real=0.11 secs] 
5975.926: [GC (Allocation Failure) [PSYoungGen: 319200K->157920K(465920K)] 1053071K->971151K(1864192K), 0.0607872 secs] [Times: user=0.36 sys=0.00, real=0.06 secs] 
5978.102: [GC (Allocation Failure) [PSYoungGen: 390880K->99328K(465920K)] 1204111K->1070703K(1864192K), 0.0990200 secs] [Times: user=0.59 sys=0.00, real=0.09 secs] 
5980.674: [GC (Allocation Failure) [PSYoungGen: 332288K->149152K(465920K)] 1303663K->1208654K(1864192K), 0.0611044 secs] [Times: user=0.36 sys=0.00, real=0.06 secs] 
5983.468: [GC (Allocation Failure) [PSYoungGen: 382112K->111232K(465920K)] 1441614K->1320110K(1864192K), 0.0848885 secs] [Times: user=0.50 sys=0.00, real=0.09 secs] 
5983.553: [Full GC (Ergonomics) [PSYoungGen: 111232K->0K(465920K)] [ParOldGen: 1208878K->126352K(1398272K)] 1320110K->126352K(1864192K), [Metaspace: 59704K->59704K(1105920K)], 0.2870257 secs] [Times: user=1.31 sys=0.00, real=0.28 secs] 
5985.046: [GC (Allocation Failure) [PSYoungGen: 232960K->137184K(465920K)] 359312K->263536K(1864192K), 0.0508455 secs] [Times: user=0.30 sys=0.00, real=0.05 secs] 
5987.131: [GC (Allocation Failure) [PSYoungGen: 370144K->124800K(357888K)] 496496K->388209K(1756160K), 0.0774362 secs] [Times: user=0.46 sys=0.00, real=0.08 secs] 
5988.787: [GC (Allocation Failure) [PSYoungGen: 357760K->123584K(464896K)] 621169K->501193K(1863168K), 0.0628369 secs] [Times: user=0.37 sys=0.01, real=0.06 secs] 
5991.021: [GC (Allocation Failure) [PSYoungGen: 365248K->150016K(456192K)] 742857K->651093K(1854464K), 0.0582460 secs] [Times: user=0.34 sys=0.00, real=0.06 secs] 
5993.018: [GC (Allocation Failure) [PSYoungGen: 391680K->10528K(460288K)] 892757K->511621K(1858560K), 0.0054355 secs] [Times: user=0.02 sys=0.00, real=0.01 secs] 
5994.589: [GC (Allocation Failure) [PSYoungGen: 256800K->171968K(418304K)] 757893K->681870K(1816576K), 0.0359901 secs] [Times: user=0.21 sys=0.00, real=0.04 secs] 
5997.028: [GC (Allocation Failure) [PSYoungGen: 418240K->107712K(472064K)] 928142K->780414K(1870336K), 0.0859149 secs] [Times: user=0.51 sys=0.00, real=0.09 secs] 
5998.572: [GC (Allocation Failure) [PSYoungGen: 346816K->167488K(465920K)] 1019518K->943459K(1864192K), 0.0543113 secs] [Times: user=0.32 sys=0.00, real=0.05 secs] 
6000.534: [GC (Allocation Failure) [PSYoungGen: 406592K->99296K(466432K)] 1182563K->1041667K(1864704K), 0.1805320 secs] [Times: user=1.07 sys=0.00, real=0.18 secs] 
6001.142: [GC (Allocation Failure) [PSYoungGen: 337888K->179520K(465920K)] 1280259K->1215288K(1864192K), 0.0655615 secs] [Times: user=0.39 sys=0.00, real=0.06 secs] 
6004.708: [GC (Allocation Failure) [PSYoungGen: 418112K->89632K(465920K)] 1453880K->1304760K(1864192K), 0.1111737 secs] [Times: user=0.66 sys=0.00, real=0.11 secs] 
6004.819: [Full GC (Ergonomics) [PSYoungGen: 89632K->0K(465920K)] [ParOldGen: 1215128K->103513K(1398272K)] 1304760K->103513K(1864192K), [Metaspace: 59704K->59704K(1105920K)], 0.2395974 secs] [Times: user=1.09 sys=0.00, real=0.24 secs] 
6006.228: [GC (Allocation Failure) [PSYoungGen: 232960K->155488K(465920K)] 336473K->259001K(1864192K), 0.0451494 secs] [Times: user=0.27 sys=0.00, real=0.05 secs] 
6008.000: [GC (Allocation Failure) [PSYoungGen: 388448K->102400K(455680K)] 491961K->361433K(1853952K), 0.0879740 secs] [Times: user=0.52 sys=0.01, real=0.09 secs] 
6009.340: [GC (Allocation Failure) [PSYoungGen: 335360K->146368K(460800K)] 594393K->497594K(1859072K), 0.0605856 secs] [Times: user=0.36 sys=0.01, real=0.06 secs] 
6011.549: [GC (Allocation Failure) [PSYoungGen: 379328K->120672K(451072K)] 730554K->617722K(1849344K), 0.0694520 secs] [Times: user=0.42 sys=0.00, real=0.07 secs] 
6013.594: [GC (Allocation Failure) [PSYoungGen: 366432K->2112K(462336K)] 863482K->499230K(1860608K), 0.0028033 secs] [Times: user=0.02 sys=0.00, real=0.00 secs] 
6015.248: [GC (Allocation Failure) [PSYoungGen: 247872K->164800K(461824K)] 744990K->663429K(1860096K), 0.0311302 secs] [Times: user=0.18 sys=0.00, real=0.03 secs] 
6017.723: [GC (Allocation Failure) [PSYoungGen: 397760K->12480K(465920K)] 896389K->511289K(1864192K), 0.0037858 secs] [Times: user=0.02 sys=0.00, real=0.00 secs] 
6019.999: [GC (Allocation Failure) [PSYoungGen: 245440K->164000K(465920K)] 744249K->673323K(1864192K), 0.0349825 secs] [Times: user=0.21 sys=0.00, real=0.04 secs] 
6021.852: [GC (Allocation Failure) [PSYoungGen: 396960K->100896K(465920K)] 906283K->765075K(1864192K), 0.0885076 secs] [Times: user=0.53 sys=0.01, real=0.08 secs] 
6024.251: [GC (Allocation Failure) [PSYoungGen: 321988K->158720K(465920K)] 986168K->920324K(1864192K), 0.0519565 secs] [Times: user=0.31 sys=0.00, real=0.06 secs] 
6026.203: [GC (Allocation Failure) [PSYoungGen: 391680K->94816K(465920K)] 1153284K->1006356K(1864192K), 0.0671055 secs] [Times: user=0.40 sys=0.00, real=0.06 secs] 
6029.022: [GC (Allocation Failure) [PSYoungGen: 327776K->169184K(465920K)] 1239316K->1169685K(1864192K), 0.0513217 secs] [Times: user=0.31 sys=0.00, real=0.05 secs] 
6031.206: [GC (Allocation Failure) [PSYoungGen: 402144K->85120K(465920K)] 1402645K->1254793K(1864192K), 0.1340437 secs] [Times: user=0.74 sys=0.00, real=0.13 secs] 
6031.340: [Full GC (Ergonomics) [PSYoungGen: 85120K->0K(465920K)] [ParOldGen: 1169673K->54365K(1398272K)] 1254793K->54365K(1864192K), [Metaspace: 59705K->59705K(1105920K)], 0.1367134 secs] [Times: user=0.61 sys=0.00, real=0.14 secs] 
6032.537: [GC (Allocation Failure) [PSYoungGen: 232960K->168672K(465920K)] 287325K->223037K(1864192K), 0.0355467 secs] [Times: user=0.21 sys=0.00, real=0.04 secs] 
6035.265: [GC (Allocation Failure) [PSYoungGen: 401632K->85312K(465920K)] 455997K->308105K(1864192K), 0.1578612 secs] [Times: user=0.94 sys=0.00, real=0.16 secs] 
6035.824: [GC (Allocation Failure) [PSYoungGen: 318272K->175424K(465920K)] 541065K->478174K(1864192K), 0.0567996 secs] [Times: user=0.33 sys=0.00, real=0.05 secs] 
6038.246: [GC (Allocation Failure) [PSYoungGen: 408384K->90976K(465920K)] 711134K->568878K(1864192K), 0.1343388 secs] [Times: user=0.80 sys=0.00, real=0.13 secs] 
6039.833: [GC (Allocation Failure) [PSYoungGen: 323936K->203200K(465920K)] 801838K->766074K(1864192K), 0.1050048 secs] [Times: user=0.63 sys=0.01, real=0.10 secs] 
6042.837: [GC (Allocation Failure) [PSYoungGen: 436160K->81504K(465920K)] 999034K->814442K(1864192K), 0.1264152 secs] [Times: user=0.75 sys=0.00, real=0.13 secs] 
6044.096: [GC (Allocation Failure) [PSYoungGen: 314464K->206838K(465920K)] 1047402K->1014486K(1864192K), 0.0654894 secs] [Times: user=0.39 sys=0.00, real=0.06 secs] 
6045.306: [GC (Allocation Failure) [PSYoungGen: 439798K->98496K(465920K)] 1247446K->1069631K(1864192K), 0.0943664 secs] [Times: user=0.56 sys=0.00, real=0.09 secs] 
6047.351: [GC (Allocation Failure) [PSYoungGen: 331456K->149952K(465920K)] 1302591K->1208956K(1864192K), 0.0613394 secs] [Times: user=0.36 sys=0.01, real=0.07 secs] 
6048.824: [GC (Allocation Failure) [PSYoungGen: 382912K->123744K(465920K)] 1441916K->1332556K(1864192K), 0.0866785 secs] [Times: user=0.52 sys=0.00, real=0.08 secs] 
6048.911: [Full GC (Ergonomics) [PSYoungGen: 123744K->0K(465920K)] [ParOldGen: 1208812K->130114K(1398272K)] 1332556K->130114K(1864192K), [Metaspace: 59705K->59705K(1105920K)], 0.2954083 secs] [Times: user=1.34 sys=0.00, real=0.30 secs] 
6050.694: [GC (Allocation Failure) [PSYoungGen: 232960K->133152K(465920K)] 363074K->263266K(1864192K), 0.0462476 secs] [Times: user=0.27 sys=0.00, real=0.04 secs] 
6052.994: [GC (Allocation Failure) [PSYoungGen: 366112K->133664K(367104K)] 496226K->396042K(1765376K), 0.0677341 secs] [Times: user=0.40 sys=0.00, real=0.07 secs] 
6054.883: [GC (Allocation Failure) [PSYoungGen: 366624K->2048K(452608K)] 629002K->264474K(1850880K), 0.0017437 secs] [Times: user=0.01 sys=0.00, real=0.00 secs] 
6057.371: [GC (Allocation Failure) [PSYoungGen: 228352K->141056K(459264K)] 490778K->404063K(1857536K), 0.0281642 secs] [Times: user=0.16 sys=0.00, real=0.03 secs] 
6058.622: [GC (Allocation Failure) [PSYoungGen: 367360K->2688K(465920K)] 630367K->265823K(1864192K), 0.0018079 secs] [Times: user=0.01 sys=0.00, real=0.00 secs] 
6060.757: [GC (Allocation Failure) [PSYoungGen: 235648K->153792K(465920K)] 498783K->418878K(1864192K), 0.0302471 secs] [Times: user=0.18 sys=0.00, real=0.03 secs] 
6062.759: [GC (Allocation Failure) [PSYoungGen: 386752K->100352K(465920K)] 651838K->510802K(1864192K), 0.0734340 secs] [Times: user=0.43 sys=0.00, real=0.08 secs] 
6063.744: [GC (Allocation Failure) [PSYoungGen: 333312K->167776K(465920K)] 743762K->677031K(1864192K), 0.0532428 secs] [Times: user=0.31 sys=0.00, real=0.05 secs] 
6065.968: [GC (Allocation Failure) [PSYoungGen: 400736K->96224K(465920K)] 909991K->764495K(1864192K), 0.0889834 secs] [Times: user=0.53 sys=0.00, real=0.09 secs] 
6066.767: [GC (Allocation Failure) [PSYoungGen: 329184K->185056K(465920K)] 997455K->947973K(1864192K), 0.0562022 secs] [Times: user=0.33 sys=0.01, real=0.06 secs] 
6069.293: [GC (Allocation Failure) [PSYoungGen: 418016K->89792K(465920K)] 1180933K->1021525K(1864192K), 0.1141702 secs] [Times: user=0.68 sys=0.00, real=0.11 secs] 
6070.199: [GC (Allocation Failure) [PSYoungGen: 322752K->186240K(465920K)] 1254485K->1203942K(1864192K), 0.0577972 secs] [Times: user=0.34 sys=0.00, real=0.06 secs] 
6072.930: [GC (Allocation Failure) [PSYoungGen: 419200K->87136K(465920K)] 1436902K->1274366K(1864192K), 0.1596846 secs] [Times: user=0.95 sys=0.01, real=0.16 secs] 
6073.090: [Full GC (Ergonomics) [PSYoungGen: 87136K->0K(465920K)] [ParOldGen: 1187230K->70597K(1398272K)] 1274366K->70597K(1864192K), [Metaspace: 59705K->59705K(1105920K)], 0.1844177 secs] [Times: user=0.85 sys=0.00, real=0.19 secs] 
6074.126: [GC (Allocation Failure) [PSYoungGen: 232960K->175264K(465920K)] 303557K->245861K(1864192K), 0.0376567 secs] [Times: user=0.22 sys=0.00, real=0.04 secs] 
6077.544: [GC (Allocation Failure) [PSYoungGen: 408224K->81984K(465920K)] 478821K->327953K(1864192K), 0.1335937 secs] [Times: user=0.79 sys=0.00, real=0.13 secs] 
6078.055: [GC (Allocation Failure) [PSYoungGen: 314501K->207904K(465920K)] 560471K->530062K(1864192K), 0.0581432 secs] [Times: user=0.35 sys=0.00, real=0.06 secs] 
6081.305: [GC (Allocation Failure) [PSYoungGen: 440864K->78976K(465920K)] 763022K->576286K(1864192K), 0.1176944 secs] [Times: user=0.70 sys=0.00, real=0.12 secs] 
6083.241: [GC (Allocation Failure) [PSYoungGen: 308533K->202528K(465920K)] 805844K->772347K(1864192K), 0.0659944 secs] [Times: user=0.40 sys=0.00, real=0.07 secs] 
6086.116: [GC (Allocation Failure) [PSYoungGen: 435488K->88864K(465920K)] 1005307K->824315K(1864192K), 0.1104287 secs] [Times: user=0.66 sys=0.00, real=0.11 secs] 
6087.437: [GC (Allocation Failure) [PSYoungGen: 321824K->154944K(465920K)] 1057275K->972642K(1864192K), 0.0602854 secs] [Times: user=0.35 sys=0.00, real=0.06 secs] 
6089.556: [GC (Allocation Failure) [PSYoungGen: 387904K->104800K(465920K)] 1205602K->1077650K(1864192K), 0.0887864 secs] [Times: user=0.53 sys=0.00, real=0.09 secs] 
6090.857: [GC (Allocation Failure) [PSYoungGen: 337760K->143744K(465920K)] 1310610K->1210289K(1864192K), 0.0607808 secs] [Times: user=0.36 sys=0.00, real=0.06 secs] 
6091.677: [GC (Allocation Failure) [PSYoungGen: 376704K->133056K(465920K)] 1443249K->1343537K(1864192K), 0.0623329 secs] [Times: user=0.37 sys=0.00, real=0.06 secs] 
6091.739: [Full GC (Ergonomics) [PSYoungGen: 133056K->0K(465920K)] [ParOldGen: 1210481K->148091K(1398272K)] 1343537K->148091K(1864192K), [Metaspace: 59705K->59705K(1105920K)], 0.3465728 secs] [Times: user=1.60 sys=0.00, real=0.35 secs] 
6093.272: [GC (Allocation Failure) [PSYoungGen: 232960K->115840K(349184K)] 381051K->263931K(1747456K), 0.0403316 secs] [Times: user=0.23 sys=0.00, real=0.04 secs] 
6095.355: [GC (Allocation Failure) [PSYoungGen: 348800K->150304K(466944K)] 496891K->413776K(1865216K), 0.0595192 secs] [Times: user=0.35 sys=0.01, real=0.06 secs] 
6096.971: [GC (Allocation Failure) [PSYoungGen: 385824K->5568K(464384K)] 649296K->269152K(1862656K), 0.0027080 secs] [Times: user=0.02 sys=0.00, real=0.01 secs] 
6098.726: [GC (Allocation Failure) [PSYoungGen: 241088K->165952K(465920K)] 504672K->433586K(1864192K), 0.0331596 secs] [Times: user=0.19 sys=0.00, real=0.03 secs] 
6100.948: [GC (Allocation Failure) [PSYoungGen: 398912K->97056K(465920K)] 666546K->521802K(1864192K), 0.0685480 secs] [Times: user=0.40 sys=0.00, real=0.07 secs] 
6102.184: [GC (Allocation Failure) [PSYoungGen: 319180K->164672K(465920K)] 743926K->684831K(1864192K), 0.0561283 secs] [Times: user=0.33 sys=0.00, real=0.05 secs] 
6104.377: [GC (Allocation Failure) [PSYoungGen: 395608K->89472K(465920K)] 915767K->766215K(1864192K), 0.0668872 secs] [Times: user=0.39 sys=0.00, real=0.07 secs] 
6105.396: [GC (Allocation Failure) [PSYoungGen: 322432K->168512K(465920K)] 999175K->932848K(1864192K), 0.0492451 secs] [Times: user=0.29 sys=0.00, real=0.05 secs] 
6107.603: [GC (Allocation Failure) [PSYoungGen: 401472K->87072K(465920K)] 1165808K->1020024K(1864192K), 0.1713785 secs] [Times: user=1.02 sys=0.01, real=0.17 secs] 
6108.550: [GC (Allocation Failure) [PSYoungGen: 320032K->169984K(465920K)] 1252984K->1186421K(1864192K), 0.0555465 secs] [Times: user=0.33 sys=0.00, real=0.06 secs] 
6111.870: [GC (Allocation Failure) [PSYoungGen: 402944K->83968K(465920K)] 1419381K->1270525K(1864192K), 0.1606057 secs] [Times: user=0.95 sys=0.01, real=0.16 secs] 
6112.030: [Full GC (Ergonomics) [PSYoungGen: 83968K->0K(465920K)] [ParOldGen: 1186557K->65887K(1398272K)] 1270525K->65887K(1864192K), [Metaspace: 59705K->59705K(1105920K)], 0.1746161 secs] [Times: user=0.80 sys=0.00, real=0.18 secs] 
6112.698: [GC (Allocation Failure) [PSYoungGen: 232960K->175328K(465920K)] 298847K->241215K(1864192K), 0.0377525 secs] [Times: user=0.22 sys=0.00, real=0.04 secs] 
6115.826: [GC (Allocation Failure) [PSYoungGen: 408288K->89920K(465920K)] 474175K->331015K(1864192K), 0.1493288 secs] [Times: user=0.89 sys=0.00, real=0.15 secs] 
6116.948: [GC (Allocation Failure) [PSYoungGen: 322880K->168896K(465920K)] 563975K->489768K(1864192K), 0.1442434 secs] [Times: user=0.85 sys=0.01, real=0.15 secs] 
6119.802: [GC (Allocation Failure) [PSYoungGen: 401856K->84032K(465920K)] 722728K->573744K(1864192K), 0.1215002 secs] [Times: user=0.73 sys=0.00, real=0.12 secs] 
6121.110: [GC (Allocation Failure) [PSYoungGen: 312667K->204704K(465920K)] 802380K->771629K(1864192K), 0.0680675 secs] [Times: user=0.41 sys=0.00, real=0.07 secs] 
6122.202: [GC (Allocation Failure) [PSYoungGen: 434858K->93472K(465920K)] 1001783K->828509K(1864192K), 0.1043151 secs] [Times: user=0.62 sys=0.00, real=0.10 secs] 
6123.520: [GC (Allocation Failure) [PSYoungGen: 326432K->151232K(465920K)] 1061469K->972810K(1864192K), 0.0606226 secs] [Times: user=0.36 sys=0.00, real=0.06 secs] 
6125.817: [GC (Allocation Failure) [PSYoungGen: 384192K->106560K(465920K)] 1205770K->1078866K(1864192K), 0.0928845 secs] [Times: user=0.55 sys=0.00, real=0.09 secs] 
6128.269: [GC (Allocation Failure) [PSYoungGen: 339520K->141152K(465920K)] 1311826K->1209673K(1864192K), 0.0616612 secs] [Times: user=0.37 sys=0.00, real=0.06 secs] 
6129.847: [GC (Allocation Failure) [PSYoungGen: 374112K->118752K(351744K)] 1442633K->1328609K(1750016K), 0.0757653 secs] [Times: user=0.45 sys=0.00, real=0.08 secs] 
6129.922: [Full GC (Ergonomics) [PSYoungGen: 118752K->0K(351744K)] [ParOldGen: 1209857K->133219K(1398272K)] 1328609K->133219K(1750016K), [Metaspace: 59705K->59705K(1105920K)], 0.3025857 secs] [Times: user=1.38 sys=0.00, real=0.30 secs] 
6131.442: [GC (Allocation Failure) [PSYoungGen: 232960K->130144K(468992K)] 366179K->263363K(1867264K), 0.0450408 secs] [Times: user=0.27 sys=0.01, real=0.04 secs] 
6132.396: [GC (Allocation Failure) [PSYoungGen: 372320K->154176K(459776K)] 505539K->417787K(1858048K), 0.0640297 secs] [Times: user=0.38 sys=0.00, real=0.06 secs] 
6134.261: [GC (Allocation Failure) [PSYoungGen: 396352K->9344K(456192K)] 659963K->273047K(1854464K), 0.0028850 secs] [Times: user=0.01 sys=0.00, real=0.01 secs] 
6136.126: [GC (Allocation Failure) [PSYoungGen: 247424K->172640K(411136K)] 511127K->443776K(1809408K), 0.0384235 secs] [Times: user=0.22 sys=0.00, real=0.04 secs] 
6137.834: [GC (Allocation Failure) [PSYoungGen: 410720K->97280K(466432K)] 681856K->532984K(1864704K), 0.0725492 secs] [Times: user=0.43 sys=0.00, real=0.07 secs] 
6139.617: [GC (Allocation Failure) [PSYoungGen: 330752K->168800K(465920K)] 766456K->698465K(1864192K), 0.0513575 secs] [Times: user=0.31 sys=0.00, real=0.05 secs] 
6142.868: [GC (Allocation Failure) [PSYoungGen: 402272K->84288K(465920K)] 931937K->782721K(1864192K), 0.1833130 secs] [Times: user=1.09 sys=0.00, real=0.18 secs] 
6143.852: [GC (Allocation Failure) [PSYoungGen: 317248K->172768K(465920K)] 1015681K->950930K(1864192K), 0.0562380 secs] [Times: user=0.33 sys=0.00, real=0.06 secs] 
6146.345: [GC (Allocation Failure) [PSYoungGen: 405728K->82720K(465920K)] 1183890K->1033618K(1864192K), 0.1869043 secs] [Times: user=1.11 sys=0.00, real=0.18 secs] 
6147.367: [GC (Allocation Failure) [PSYoungGen: 315680K->174880K(465920K)] 1266578K->1202411K(1864192K), 0.0857915 secs] [Times: user=0.50 sys=0.01, real=0.09 secs] 
6150.173: [GC (Allocation Failure) [PSYoungGen: 407840K->87168K(465920K)] 1435371K->1289515K(1864192K), 0.1325116 secs] [Times: user=0.78 sys=0.01, real=0.13 secs] 
6150.306: [Full GC (Ergonomics) [PSYoungGen: 87168K->0K(465920K)] [ParOldGen: 1202347K->86560K(1398272K)] 1289515K->86560K(1864192K), [Metaspace: 59705K->59705K(1105920K)], 0.2083227 secs] [Times: user=0.95 sys=0.00, real=0.21 secs] 
6150.916: [GC (Allocation Failure) [PSYoungGen: 232086K->206944K(465920K)] 318646K->293504K(1864192K), 0.0377335 secs] [Times: user=0.22 sys=0.00, real=0.04 secs] 
6153.233: [GC (Allocation Failure) [PSYoungGen: 439904K->88384K(465920K)] 526464K->348016K(1864192K), 0.1058001 secs] [Times: user=0.63 sys=0.00, real=0.10 secs] 
6154.540: [GC (Allocation Failure) [PSYoungGen: 321344K->155584K(465920K)] 580976K->496749K(1864192K), 0.0597287 secs] [Times: user=0.35 sys=0.00, real=0.06 secs] 
6155.907: [GC (Allocation Failure) [PSYoungGen: 388544K->107040K(465920K)] 729709K->604045K(1864192K), 0.0926636 secs] [Times: user=0.55 sys=0.00, real=0.09 secs] 
6158.458: [GC (Allocation Failure) [PSYoungGen: 340000K->141216K(465920K)] 837005K->734501K(1864192K), 0.0606113 secs] [Times: user=0.36 sys=0.00, real=0.06 secs] 
6161.492: [GC (Allocation Failure) [PSYoungGen: 374176K->115360K(458752K)] 967461K->850089K(1857024K), 0.0806438 secs] [Times: user=0.48 sys=0.00, real=0.08 secs] 
6163.225: [GC (Allocation Failure) [PSYoungGen: 348320K->132480K(462336K)] 1083049K->972301K(1860608K), 0.0618054 secs] [Times: user=0.37 sys=0.00, real=0.06 secs] 
6166.545: [GC (Allocation Failure) [PSYoungGen: 365440K->133216K(459264K)] 1205261K->1105717K(1857536K), 0.0593608 secs] [Times: user=0.35 sys=0.01, real=0.06 secs] 
6168.134: [GC (Allocation Failure) [PSYoungGen: 382048K->4832K(461824K)] 1354549K->977441K(1860096K), 0.0028082 secs] [Times: user=0.02 sys=0.00, real=0.00 secs] 
6170.439: [GC (Allocation Failure) [PSYoungGen: 253664K->173024K(458752K)] 1226273K->1148858K(1857024K), 0.0394348 secs] [Times: user=0.23 sys=0.00, real=0.04 secs] 
6172.348: [GC (Allocation Failure) [PSYoungGen: 405984K->94592K(465920K)] 1381818K->1235338K(1864192K), 0.0841035 secs] [Times: user=0.50 sys=0.00, real=0.09 secs] 
6174.472: [GC (Allocation Failure) [PSYoungGen: 315907K->161280K(462336K)] 1456653K->1393430K(1860608K), 0.0502745 secs] [Times: user=0.29 sys=0.00, real=0.06 secs] 
6174.522: [Full GC (Ergonomics) [PSYoungGen: 161280K->0K(462336K)] [ParOldGen: 1232150K->195696K(1398272K)] 1393430K->195696K(1860608K), [Metaspace: 59705K->59705K(1105920K)], 0.4535887 secs] [Times: user=2.00 sys=0.00, real=0.45 secs] 
6176.177: [GC (Allocation Failure) [PSYoungGen: 232960K->95680K(328704K)] 428656K->291376K(1726976K), 0.0441144 secs] [Times: user=0.26 sys=0.00, real=0.04 secs] 
6178.190: [GC (Allocation Failure) [PSYoungGen: 328640K->165984K(458240K)] 524336K->453369K(1856512K), 0.0499746 secs] [Times: user=0.30 sys=0.00, real=0.05 secs] 
6180.677: [GC (Allocation Failure) [PSYoungGen: 396896K->85056K(463872K)] 684281K->537981K(1862144K), 0.1566262 secs] [Times: user=0.93 sys=0.00, real=0.16 secs] 
6181.921: [GC (Allocation Failure) [PSYoungGen: 315968K->171264K(462848K)] 768893K->705170K(1861120K), 0.0552353 secs] [Times: user=0.32 sys=0.00, real=0.06 secs] 
6184.741: [GC (Allocation Failure) [PSYoungGen: 404224K->82784K(465920K)] 938130K->787778K(1864192K), 0.1537748 secs] [Times: user=0.91 sys=0.01, real=0.16 secs] 
6185.308: [GC (Allocation Failure) [PSYoungGen: 315744K->195296K(465920K)] 1020738K->976775K(1864192K), 0.0580626 secs] [Times: user=0.34 sys=0.00, real=0.06 secs] 
6187.472: [GC (Allocation Failure) [PSYoungGen: 428256K->88448K(465920K)] 1209735K->1048975K(1864192K), 0.1320869 secs] [Times: user=0.78 sys=0.00, real=0.13 secs] 
6188.441: [GC (Allocation Failure) [PSYoungGen: 321408K->204288K(465920K)] 1281935K->1246755K(1864192K), 0.0826119 secs] [Times: user=0.49 sys=0.00, real=0.09 secs] 
6191.002: [GC (Allocation Failure) [PSYoungGen: 437248K->89696K(465920K)] 1479715K->1302507K(1864192K), 0.1124410 secs] [Times: user=0.67 sys=0.00, real=0.11 secs] 
6191.115: [Full GC (Ergonomics) [PSYoungGen: 89696K->0K(465920K)] [ParOldGen: 1212811K->103800K(1398272K)] 1302507K->103800K(1864192K), [Metaspace: 59705K->59705K(1105920K)], 0.2467339 secs] [Times: user=1.13 sys=0.00, real=0.24 secs] 
6193.642: [GC (Allocation Failure) [PSYoungGen: 232960K->153856K(465920K)] 336760K->257656K(1864192K), 0.0445982 secs] [Times: user=0.27 sys=0.00, real=0.04 secs] 
6196.364: [GC (Allocation Failure) [PSYoungGen: 382026K->93440K(465920K)] 485827K->351344K(1864192K), 0.0998021 secs] [Times: user=0.60 sys=0.00, real=0.10 secs] 
6197.679: [GC (Allocation Failure) [PSYoungGen: 326400K->150720K(465920K)] 584304K->495273K(1864192K), 0.0596799 secs] [Times: user=0.35 sys=0.00, real=0.06 secs] 
6200.163: [GC (Allocation Failure) [PSYoungGen: 383680K->108224K(465920K)] 728233K->603697K(1864192K), 0.0779753 secs] [Times: user=0.46 sys=0.00, real=0.07 secs] 
6202.346: [GC (Allocation Failure) [PSYoungGen: 341184K->140864K(460800K)] 836657K->733178K(1859072K), 0.0616727 secs] [Times: user=0.36 sys=0.01, real=0.06 secs] 
6204.205: [GC (Allocation Failure) [PSYoungGen: 373824K->126304K(359424K)] 966138K->859258K(1757696K), 0.0700536 secs] [Times: user=0.42 sys=0.01, real=0.07 secs] 
6205.922: [GC (Allocation Failure) [PSYoungGen: 359264K->1792K(449024K)] 1092218K->734838K(1847296K), 0.0019821 secs] [Times: user=0.01 sys=0.00, real=0.00 secs] 
6206.892: [GC (Allocation Failure) [PSYoungGen: 230144K->159392K(461312K)] 963190K->893019K(1859584K), 0.0303079 secs] [Times: user=0.17 sys=0.00, real=0.03 secs] 
6208.110: [GC (Allocation Failure) [PSYoungGen: 387744K->5120K(465920K)] 1121371K->738895K(1864192K), 0.0026595 secs] [Times: user=0.02 sys=0.00, real=0.01 secs] 
6210.235: [GC (Allocation Failure) [PSYoungGen: 238080K->164768K(465920K)] 971855K->902041K(1864192K), 0.0330606 secs] [Times: user=0.20 sys=0.00, real=0.03 secs] 
6211.506: [GC (Allocation Failure) [PSYoungGen: 397728K->101088K(465920K)] 1135001K->994761K(1864192K), 0.0914988 secs] [Times: user=0.55 sys=0.00, real=0.09 secs] 
6213.918: [GC (Allocation Failure) [PSYoungGen: 334048K->163456K(465920K)] 1227721K->1156331K(1864192K), 0.0531335 secs] [Times: user=0.31 sys=0.00, real=0.05 secs] 
6215.965: [GC (Allocation Failure) [PSYoungGen: 396416K->94656K(465920K)] 1389291K->1242559K(1864192K), 0.0686545 secs] [Times: user=0.39 sys=0.01, real=0.07 secs] 
6216.034: [Full GC (Ergonomics) [PSYoungGen: 94656K->0K(465920K)] [ParOldGen: 1147903K->44216K(1398272K)] 1242559K->44216K(1864192K), [Metaspace: 59705K->59705K(1105920K)], 0.0881562 secs] [Times: user=0.35 sys=0.00, real=0.09 secs] 
6217.572: [GC (Allocation Failure) [PSYoungGen: 232960K->164960K(465920K)] 277176K->209176K(1864192K), 0.0354485 secs] [Times: user=0.20 sys=0.00, real=0.03 secs] 
6220.254: [GC (Allocation Failure) [PSYoungGen: 397920K->94016K(465920K)] 442136K->302793K(1864192K), 0.1756514 secs] [Times: user=1.04 sys=0.01, real=0.17 secs] 
6220.912: [GC (Allocation Failure) [PSYoungGen: 326976K->169664K(465920K)] 535753K->468993K(1864192K), 0.0571594 secs] [Times: user=0.33 sys=0.01, real=0.05 secs] 
6223.611: [GC (Allocation Failure) [PSYoungGen: 402624K->84256K(465920K)] 701953K->553217K(1864192K), 0.1480502 secs] [Times: user=0.88 sys=0.01, real=0.15 secs] 
6224.137: [GC (Allocation Failure) [PSYoungGen: 317216K->178432K(465920K)] 786177K->725742K(1864192K), 0.0578271 secs] [Times: user=0.34 sys=0.00, real=0.06 secs] 
6227.345: [GC (Allocation Failure) [PSYoungGen: 411392K->82976K(465920K)] 958702K->808926K(1864192K), 0.1353911 secs] [Times: user=0.81 sys=0.01, real=0.13 secs] 
6229.272: [GC (Allocation Failure) [PSYoungGen: 315936K->201856K(465920K)] 1041886K->1004667K(1864192K), 0.1384116 secs] [Times: user=0.82 sys=0.01, real=0.13 secs] 
6231.177: [GC (Allocation Failure) [PSYoungGen: 434816K->87072K(465920K)] 1237627K->1058923K(1864192K), 0.1130497 secs] [Times: user=0.66 sys=0.01, real=0.11 secs] 
6232.502: [GC (Allocation Failure) [PSYoungGen: 320032K->157216K(465920K)] 1291883K->1209224K(1864192K), 0.0601559 secs] [Times: user=0.36 sys=0.00, real=0.07 secs] 
6234.570: [GC (Allocation Failure) [PSYoungGen: 390176K->100960K(465920K)] 1442184K->1310296K(1864192K), 0.0962059 secs] [Times: user=0.56 sys=0.01, real=0.10 secs] 
6234.666: [Full GC (Ergonomics) [PSYoungGen: 100960K->0K(465920K)] [ParOldGen: 1209336K->115494K(1398272K)] 1310296K->115494K(1864192K), [Metaspace: 59706K->59706K(1105920K)], 0.2635970 secs] [Times: user=1.20 sys=0.00, real=0.26 secs] 
6236.111: [GC (Allocation Failure) [PSYoungGen: 232960K->147616K(465920K)] 348454K->263110K(1864192K), 0.0545535 secs] [Times: user=0.33 sys=0.00, real=0.06 secs] 
6237.941: [GC (Allocation Failure) [PSYoungGen: 380576K->116256K(464896K)] 496070K->379382K(1863168K), 0.0998697 secs] [Times: user=0.58 sys=0.00, real=0.10 secs] 
6240.045: [GC (Allocation Failure) [PSYoungGen: 349216K->132640K(366080K)] 612342K->501030K(1764352K), 0.0612935 secs] [Times: user=0.37 sys=0.00, real=0.06 secs] 
6242.741: [GC (Allocation Failure) [PSYoungGen: 365600K->131872K(466432K)] 733990K->632655K(1864704K), 0.0641054 secs] [Times: user=0.38 sys=0.00, real=0.07 secs] 
6244.025: [GC (Allocation Failure) [PSYoungGen: 374048K->3360K(458752K)] 874831K->504279K(1857024K), 0.0025614 secs] [Times: user=0.01 sys=0.00, real=0.00 secs] 
6246.143: [GC (Allocation Failure) [PSYoungGen: 245536K->163328K(461312K)] 746455K->665927K(1859584K), 0.0322320 secs] [Times: user=0.19 sys=0.00, real=0.03 secs] 
6247.461: [GC (Allocation Failure) [PSYoungGen: 396288K->101184K(334336K)] 898887K->758055K(1732608K), 0.0678397 secs] [Times: user=0.40 sys=0.00, real=0.07 secs] 
6248.278: [GC (Allocation Failure) [PSYoungGen: 323851K->165920K(458240K)] 980723K->921888K(1856512K), 0.0533182 secs] [Times: user=0.31 sys=0.00, real=0.05 secs] 
6249.874: [GC (Allocation Failure) [PSYoungGen: 397344K->90912K(464384K)] 1153312K->1004400K(1862656K), 0.0670943 secs] [Times: user=0.40 sys=0.00, real=0.06 secs] 
6251.670: [GC (Allocation Failure) [PSYoungGen: 322336K->169152K(460800K)] 1235824K->1170017K(1859072K), 0.0501508 secs] [Times: user=0.30 sys=0.00, real=0.05 secs] 
6254.141: [GC (Allocation Failure) [PSYoungGen: 402112K->86400K(465920K)] 1402977K->1256249K(1864192K), 0.1759829 secs] [Times: user=1.05 sys=0.00, real=0.18 secs] 
6254.317: [Full GC (Ergonomics) [PSYoungGen: 86400K->0K(465920K)] [ParOldGen: 1169849K->54233K(1398272K)] 1256249K->54233K(1864192K), [Metaspace: 59706K->59706K(1105920K)], 0.1580653 secs] [Times: user=0.71 sys=0.00, real=0.16 secs] 
6256.138: [GC (Allocation Failure) [PSYoungGen: 232960K->165952K(463872K)] 287193K->220185K(1862144K), 0.0352898 secs] [Times: user=0.21 sys=0.01, real=0.04 secs] 
6259.461: [GC (Allocation Failure) [PSYoungGen: 396503K->85920K(465920K)] 450737K->305761K(1864192K), 0.1567042 secs] [Times: user=0.93 sys=0.00, real=0.16 secs] 
6260.296: [GC (Allocation Failure) [PSYoungGen: 318880K->169888K(465408K)] 538721K->471066K(1863680K), 0.0559079 secs] [Times: user=0.34 sys=0.00, real=0.06 secs] 
6263.232: [GC (Allocation Failure) [PSYoungGen: 402848K->83392K(465920K)] 704026K->554354K(1864192K), 0.1572204 secs] [Times: user=0.93 sys=0.00, real=0.16 secs] 
6263.831: [GC (Allocation Failure) [PSYoungGen: 316352K->179328K(465920K)] 787314K->727507K(1864192K), 0.0590834 secs] [Times: user=0.35 sys=0.00, real=0.06 secs] 
6265.670: [GC (Allocation Failure) [PSYoungGen: 412288K->87520K(465920K)] 960467K->815231K(1864192K), 0.1003715 secs] [Times: user=0.60 sys=0.01, real=0.10 secs] 
6266.895: [GC (Allocation Failure) [PSYoungGen: 317050K->200128K(465920K)] 1044761K->1008876K(1864192K), 0.0696851 secs] [Times: user=0.41 sys=0.00, real=0.07 secs] 
6268.739: [GC (Allocation Failure) [PSYoungGen: 431769K->93216K(465920K)] 1240517K->1064700K(1864192K), 0.1052013 secs] [Times: user=0.63 sys=0.00, real=0.11 secs] 
6271.155: [GC (Allocation Failure) [PSYoungGen: 326176K->150880K(465920K)] 1297660K->1208987K(1864192K), 0.0616998 secs] [Times: user=0.37 sys=0.01, real=0.06 secs] 
6273.852: [GC (Allocation Failure) [PSYoungGen: 383840K->111168K(465920K)] 1441947K->1320151K(1864192K), 0.0943841 secs] [Times: user=0.55 sys=0.00, real=0.09 secs] 
6273.947: [Full GC (Ergonomics) [PSYoungGen: 111168K->0K(465920K)] [ParOldGen: 1208983K->117652K(1398272K)] 1320151K->117652K(1864192K), [Metaspace: 59706K->59706K(1105920K)], 0.2746152 secs] [Times: user=1.25 sys=0.00, real=0.27 secs] 
6275.421: [GC (Allocation Failure) [PSYoungGen: 232960K->144864K(465920K)] 350612K->262516K(1864192K), 0.0509542 secs] [Times: user=0.31 sys=0.00, real=0.06 secs] 
6277.144: [GC (Allocation Failure) [PSYoungGen: 377824K->118400K(351744K)] 495476K->381240K(1750016K), 0.0807539 secs] [Times: user=0.48 sys=0.00, real=0.08 secs] 
6279.006: [GC (Allocation Failure) [PSYoungGen: 351360K->129952K(467456K)] 614200K->500436K(1865728K), 0.0620022 secs] [Times: user=0.37 sys=0.00, real=0.06 secs] 
6281.350: [GC (Allocation Failure) [PSYoungGen: 372128K->142272K(458240K)] 742612K->642860K(1856512K), 0.0598647 secs] [Times: user=0.35 sys=0.01, real=0.06 secs] 
6282.653: [GC (Allocation Failure) [PSYoungGen: 384448K->9664K(457728K)] 885036K->510352K(1856000K), 0.0033021 secs] [Times: user=0.02 sys=0.00, real=0.00 secs] 
6284.484: [GC (Allocation Failure) [PSYoungGen: 254912K->170592K(416256K)] 755600K->678829K(1814528K), 0.0355046 secs] [Times: user=0.21 sys=0.00, real=0.03 secs] 
6286.067: [GC (Allocation Failure) [PSYoungGen: 415840K->108160K(473600K)] 924077K->777557K(1871872K), 0.1449109 secs] [Times: user=0.87 sys=0.00, real=0.15 secs] 
6288.105: [GC (Allocation Failure) [PSYoungGen: 348800K->170656K(465920K)] 1018197K->944130K(1864192K), 0.0544041 secs] [Times: user=0.32 sys=0.00, real=0.05 secs] 
6290.439: [GC (Allocation Failure) [PSYoungGen: 411296K->95776K(467968K)] 1184770K->1039254K(1866240K), 0.1472431 secs] [Times: user=0.88 sys=0.00, real=0.15 secs] 
6290.911: [GC (Allocation Failure) [PSYoungGen: 334368K->196480K(465920K)] 1277846K->1229531K(1864192K), 0.0621733 secs] [Times: user=0.37 sys=0.00, real=0.07 secs] 
6292.874: [GC (Allocation Failure) [PSYoungGen: 435072K->94464K(465920K)] 1468123K->1307703K(1864192K), 0.1122281 secs] [Times: user=0.67 sys=0.01, real=0.11 secs] 
6292.986: [Full GC (Ergonomics) [PSYoungGen: 94464K->0K(465920K)] [ParOldGen: 1213239K->107776K(1398272K)] 1307703K->107776K(1864192K), [Metaspace: 59706K->59706K(1105920K)], 0.2519123 secs] [Times: user=1.14 sys=0.00, real=0.25 secs] 
6295.940: [GC (Allocation Failure) [PSYoungGen: 232960K->151264K(465920K)] 340736K->259040K(1864192K), 0.0431920 secs] [Times: user=0.26 sys=0.00, real=0.05 secs] 
6297.574: [GC (Allocation Failure) [PSYoungGen: 384224K->98592K(462848K)] 492000K->357472K(1861120K), 0.0916933 secs] [Times: user=0.55 sys=0.00, real=0.09 secs] 
6299.344: [GC (Allocation Failure) [PSYoungGen: 331552K->150080K(464384K)] 590432K->496941K(1862656K), 0.0603570 secs] [Times: user=0.36 sys=0.00, real=0.06 secs] 
6300.985: [GC (Allocation Failure) [PSYoungGen: 383040K->117408K(451072K)] 729901K->614165K(1849344K), 0.0662846 secs] [Times: user=0.39 sys=0.00, real=0.06 secs] 
6303.726: [GC (Allocation Failure) [PSYoungGen: 354976K->130368K(459264K)] 851733K->734034K(1857536K), 0.0617940 secs] [Times: user=0.36 sys=0.00, real=0.06 secs] 
6304.730: [GC (Allocation Failure) [PSYoungGen: 367936K->140736K(470528K)] 971602K->874930K(1868800K), 0.0593513 secs] [Times: user=0.35 sys=0.00, real=0.06 secs] 
6306.628: [GC (Allocation Failure) [PSYoungGen: 404928K->16128K(473600K)] 1139122K->750382K(1871872K), 0.0064623 secs] [Times: user=0.03 sys=0.00, real=0.01 secs] 
6307.926: [GC (Allocation Failure) [PSYoungGen: 280320K->188960K(453632K)] 1014574K->937307K(1851904K), 0.0640317 secs] [Times: user=0.38 sys=0.00, real=0.06 secs] 
6310.967: [GC (Allocation Failure) [PSYoungGen: 421920K->82336K(465920K)] 1170267K->1019803K(1864192K), 0.1828907 secs] [Times: user=1.08 sys=0.00, real=0.18 secs] 
6311.624: [GC (Allocation Failure) [PSYoungGen: 315296K->170336K(465920K)] 1252763K->1186633K(1864192K), 0.0560705 secs] [Times: user=0.33 sys=0.00, real=0.05 secs] 
6314.383: [GC (Allocation Failure) [PSYoungGen: 403296K->84160K(465920K)] 1419593K->1270497K(1864192K), 0.1522758 secs] [Times: user=0.90 sys=0.00, real=0.15 secs] 
6314.535: [Full GC (Ergonomics) [PSYoungGen: 84160K->0K(465920K)] [ParOldGen: 1186337K->73736K(1398272K)] 1270497K->73736K(1864192K), [Metaspace: 59706K->59706K(1105920K)], 0.1916284 secs] [Times: user=0.89 sys=0.00, real=0.19 secs] 
6315.055: [GC (Allocation Failure) [PSYoungGen: 232960K->178624K(465920K)] 306696K->252360K(1864192K), 0.0381883 secs] [Times: user=0.23 sys=0.00, real=0.04 secs] 
6318.042: [GC (Allocation Failure) [PSYoungGen: 411584K->90496K(465920K)] 485320K->343124K(1864192K), 0.1140413 secs] [Times: user=0.68 sys=0.00, real=0.11 secs] 
6319.287: [GC (Allocation Failure) [PSYoungGen: 318931K->197024K(465920K)] 571560K->534169K(1864192K), 0.0681811 secs] [Times: user=0.40 sys=0.00, real=0.07 secs] 
6321.981: [GC (Allocation Failure) [PSYoungGen: 429984K->89536K(465920K)] 767129K->586989K(1864192K), 0.1066648 secs] [Times: user=0.64 sys=0.00, real=0.11 secs] 
6323.324: [GC (Allocation Failure) [PSYoungGen: 322496K->154112K(465920K)] 819949K->734610K(1864192K), 0.0601555 secs] [Times: user=0.36 sys=0.00, real=0.06 secs] 
6325.071: [GC (Allocation Failure) [PSYoungGen: 387072K->105344K(465920K)] 967570K->840170K(1864192K), 0.0834401 secs] [Times: user=0.50 sys=0.00, real=0.09 secs] 
6326.386: [GC (Allocation Failure) [PSYoungGen: 338304K->142336K(465920K)] 1073130K->972193K(1864192K), 0.0610372 secs] [Times: user=0.36 sys=0.00, real=0.06 secs] 
6328.114: [GC (Allocation Failure) [PSYoungGen: 375296K->123776K(356864K)] 1205153K->1096113K(1755136K), 0.0740870 secs] [Times: user=0.44 sys=0.00, real=0.07 secs] 
6329.436: [GC (Allocation Failure) [PSYoungGen: 356736K->123552K(466432K)] 1329073K->1209528K(1864704K), 0.0624539 secs] [Times: user=0.37 sys=0.00, real=0.06 secs] 
6330.347: [GC (Allocation Failure) [PSYoungGen: 365216K->153856K(457728K)] 1451192K->1363544K(1856000K), 0.0588510 secs] [Times: user=0.35 sys=0.00, real=0.06 secs] 
6330.406: [Full GC (Ergonomics) [PSYoungGen: 153856K->0K(457728K)] [ParOldGen: 1209688K->168396K(1398272K)] 1363544K->168396K(1856000K), [Metaspace: 59706K->59706K(1105920K)], 0.4006290 secs] [Times: user=1.85 sys=0.00, real=0.40 secs] 
6333.178: [GC (Allocation Failure) [PSYoungGen: 241664K->102176K(478208K)] 410060K->270572K(1876480K), 0.0366620 secs] [Times: user=0.22 sys=0.00, real=0.04 secs] 
6334.284: [GC (Allocation Failure) [PSYoungGen: 363808K->187200K(449024K)] 532204K->456121K(1847296K), 0.0587049 secs] [Times: user=0.35 sys=0.00, real=0.06 secs] 
6337.169: [GC (Allocation Failure) [PSYoungGen: 448832K->106208K(477184K)] 717753K->562089K(1875456K), 0.1688640 secs] [Times: user=1.01 sys=0.00, real=0.17 secs] 
6338.696: [GC (Allocation Failure) [PSYoungGen: 356144K->219136K(470528K)] 812025K->774838K(1868800K), 0.0717709 secs] [Times: user=0.43 sys=0.00, real=0.07 secs] 
6341.623: [GC (Allocation Failure) [PSYoungGen: 470016K->101984K(461312K)] 1025718K->839806K(1859584K), 0.1092563 secs] [Times: user=0.65 sys=0.00, real=0.11 secs] 
6342.950: [GC (Allocation Failure) [PSYoungGen: 334944K->146368K(465920K)] 1072766K->975947K(1864192K), 0.0612224 secs] [Times: user=0.36 sys=0.00, real=0.06 secs] 
6345.041: [GC (Allocation Failure) [PSYoungGen: 379328K->117760K(456704K)] 1208907K->1093123K(1854976K), 0.0671040 secs] [Times: user=0.39 sys=0.00, real=0.07 secs] 
6346.736: [GC (Allocation Failure) [PSYoungGen: 350720K->130592K(461312K)] 1326083K->1212934K(1859584K), 0.0623377 secs] [Times: user=0.37 sys=0.00, real=0.06 secs] 
6348.970: [GC (Allocation Failure) [PSYoungGen: 363552K->134080K(458240K)] 1445894K->1347134K(1856512K), 0.0623054 secs] [Times: user=0.37 sys=0.00, real=0.07 secs] 
6349.033: [Full GC (Ergonomics) [PSYoungGen: 134080K->0K(458240K)] [ParOldGen: 1213054K->148589K(1398272K)] 1347134K->148589K(1856512K), [Metaspace: 59706K->59706K(1105920K)], 0.3426400 secs] [Times: user=1.49 sys=0.00, real=0.34 secs] 
6350.570: [GC (Allocation Failure) [PSYoungGen: 250880K->120832K(462336K)] 399469K->269421K(1860608K), 0.0420838 secs] [Times: user=0.25 sys=0.00, real=0.05 secs] 
6352.235: [GC (Allocation Failure) [PSYoungGen: 371712K->175072K(476672K)] 520301K->443042K(1874944K), 0.0625321 secs] [Times: user=0.37 sys=0.00, real=0.06 secs] 
6354.003: [GC (Allocation Failure) [PSYoungGen: 445920K->121600K(484864K)] 713890K->555962K(1883136K), 0.1104912 secs] [Times: user=0.65 sys=0.01, real=0.11 secs] 
6355.397: [GC (Allocation Failure) [PSYoungGen: 389535K->209376K(442368K)] 823897K->776075K(1840640K), 0.0759905 secs] [Times: user=0.44 sys=0.01, real=0.08 secs] 
6357.783: [GC (Allocation Failure) [PSYoungGen: 441233K->93088K(465920K)] 1007933K->831787K(1864192K), 0.1045021 secs] [Times: user=0.62 sys=0.00, real=0.10 secs] 
6359.152: [GC (Allocation Failure) [PSYoungGen: 326048K->150816K(465920K)] 1064747K->976182K(1864192K), 0.0609132 secs] [Times: user=0.36 sys=0.00, real=0.06 secs] 
6361.524: [GC (Allocation Failure) [PSYoungGen: 383776K->104160K(465920K)] 1209142K->1080286K(1864192K), 0.0933114 secs] [Times: user=0.55 sys=0.00, real=0.09 secs] 
6362.837: [GC (Allocation Failure) [PSYoungGen: 337120K->144352K(465920K)] 1313246K->1213527K(1864192K), 0.0610699 secs] [Times: user=0.36 sys=0.00, real=0.06 secs] 
6364.615: [GC (Allocation Failure) [PSYoungGen: 377312K->124864K(465920K)] 1446487K->1338511K(1864192K), 0.0743988 secs] [Times: user=0.44 sys=0.01, real=0.07 secs] 
6364.689: [Full GC (Ergonomics) [PSYoungGen: 124864K->0K(465920K)] [ParOldGen: 1213647K->139477K(1398272K)] 1338511K->139477K(1864192K), [Metaspace: 59706K->59706K(1105920K)], 0.3284601 secs] [Times: user=1.52 sys=0.00, real=0.33 secs] 
6366.186: [GC (Allocation Failure) [PSYoungGen: 232960K->122656K(465920K)] 372437K->262133K(1864192K), 0.0415579 secs] [Times: user=0.25 sys=0.00, real=0.04 secs] 
6368.524: [GC (Allocation Failure) [PSYoungGen: 355616K->140736K(373760K)] 495093K->402846K(1772032K), 0.0620834 secs] [Times: user=0.36 sys=0.00, real=0.06 secs] 
6369.813: [GC (Allocation Failure) [PSYoungGen: 373696K->2944K(453632K)] 635806K->265186K(1851904K), 0.0020109 secs] [Times: user=0.01 sys=0.00, real=0.00 secs] 
6371.620: [GC (Allocation Failure) [PSYoungGen: 229760K->151904K(459776K)] 492002K->415899K(1858048K), 0.0301198 secs] [Times: user=0.17 sys=0.00, real=0.03 secs] 
6373.626: [GC (Allocation Failure) [PSYoungGen: 378720K->101152K(465920K)] 642715K->508307K(1864192K), 0.0670918 secs] [Times: user=0.40 sys=0.00, real=0.07 secs] 
6376.251: [GC (Allocation Failure) [PSYoungGen: 334112K->157760K(465920K)] 741267K->664495K(1864192K), 0.0525670 secs] [Times: user=0.31 sys=0.00, real=0.06 secs] 
6377.489: [GC (Allocation Failure) [PSYoungGen: 390720K->101760K(456704K)] 897455K->757015K(1854976K), 0.0669128 secs] [Times: user=0.40 sys=0.00, real=0.07 secs] 
6380.640: [GC (Allocation Failure) [PSYoungGen: 334720K->164832K(461312K)] 989975K->919012K(1859584K), 0.0533877 secs] [Times: user=0.32 sys=0.00, real=0.06 secs] 
6381.837: [GC (Allocation Failure) [PSYoungGen: 397792K->98464K(465408K)] 1151972K->1008776K(1863680K), 0.0683747 secs] [Times: user=0.41 sys=0.00, real=0.07 secs] 
6384.066: [GC (Allocation Failure) [PSYoungGen: 336544K->168064K(465920K)] 1246856K->1173373K(1864192K), 0.0529734 secs] [Times: user=0.31 sys=0.00, real=0.05 secs] 
6386.467: [GC (Allocation Failure) [PSYoungGen: 406144K->91936K(467456K)] 1411453K->1264881K(1865728K), 0.1314918 secs] [Times: user=0.78 sys=0.00, real=0.13 secs] 
6386.598: [Full GC (Ergonomics) [PSYoungGen: 91936K->0K(467456K)] [ParOldGen: 1172945K->62737K(1398272K)] 1264881K->62737K(1865728K), [Metaspace: 59706K->59706K(1105920K)], 0.1546056 secs] [Times: user=0.69 sys=0.00, real=0.16 secs] 
6388.127: [GC (Allocation Failure) [PSYoungGen: 236544K->169728K(465920K)] 299281K->232465K(1864192K), 0.0791661 secs] [Times: user=0.47 sys=0.00, real=0.08 secs] 
6390.275: [GC (Allocation Failure) [PSYoungGen: 406272K->90208K(467456K)] 469009K->322609K(1865728K), 0.1633586 secs] [Times: user=0.97 sys=0.00, real=0.16 secs] 
6390.841: [GC (Allocation Failure) [PSYoungGen: 324704K->176448K(465920K)] 557105K->492795K(1864192K), 0.0630163 secs] [Times: user=0.37 sys=0.00, real=0.07 secs] 
6392.868: [GC (Allocation Failure) [PSYoungGen: 410944K->89152K(465920K)] 727291K->582199K(1864192K), 0.1099116 secs] [Times: user=0.65 sys=0.00, real=0.11 secs] 
6395.241: [GC (Allocation Failure) [PSYoungGen: 322112K->157056K(465920K)] 815159K->733022K(1864192K), 0.0610085 secs] [Times: user=0.36 sys=0.00, real=0.07 secs] 
6396.452: [GC (Allocation Failure) [PSYoungGen: 385825K->93600K(463872K)] 961791K->826878K(1862144K), 0.0948379 secs] [Times: user=0.57 sys=0.00, real=0.09 secs] 
6397.818: [GC (Allocation Failure) [PSYoungGen: 326560K->150720K(464896K)] 1059838K->970565K(1863168K), 0.0605155 secs] [Times: user=0.36 sys=0.00, real=0.06 secs] 
6398.798: [GC (Allocation Failure) [PSYoungGen: 383680K->113984K(453632K)] 1203525K->1084670K(1851904K), 0.0809923 secs] [Times: user=0.48 sys=0.00, real=0.08 secs] 
6400.343: [GC (Allocation Failure) [PSYoungGen: 351040K->134592K(459776K)] 1321726K->1208362K(1858048K), 0.0623909 secs] [Times: user=0.36 sys=0.00, real=0.06 secs] 
6402.679: [GC (Allocation Failure) [PSYoungGen: 371648K->141472K(470016K)] 1445418K->1349818K(1868288K), 0.0656364 secs] [Times: user=0.39 sys=0.00, real=0.07 secs] 
6402.744: [Full GC (Ergonomics) [PSYoungGen: 141472K->0K(470016K)] [ParOldGen: 1208346K->147873K(1398272K)] 1349818K->147873K(1868288K), [Metaspace: 59706K->59706K(1105920K)], 0.3445078 secs] [Times: user=1.58 sys=0.00, real=0.34 secs] 
6405.092: [GC (Allocation Failure) [PSYoungGen: 260608K->121376K(472576K)] 408481K->269250K(1870848K), 0.0424359 secs] [Times: user=0.25 sys=0.00, real=0.05 secs] 
6406.831: [GC (Allocation Failure) [PSYoungGen: 372013K->177760K(472576K)] 519887K->445474K(1870848K), 0.0630554 secs] [Times: user=0.37 sys=0.01, real=0.07 secs] 
6409.832: [GC (Allocation Failure) [PSYoungGen: 442636K->112896K(482816K)] 710350K->549562K(1881088K), 0.1547204 secs] [Times: user=0.92 sys=0.00, real=0.15 secs] 
6410.987: [GC (Allocation Failure) [PSYoungGen: 379389K->210912K(443904K)] 816056K->772891K(1842176K), 0.0788194 secs] [Times: user=0.47 sys=0.00, real=0.08 secs] 
6412.902: [GC (Allocation Failure) [PSYoungGen: 443872K->90016K(465920K)] 1005851K->829207K(1864192K), 0.1131404 secs] [Times: user=0.67 sys=0.01, real=0.11 secs] 
6414.791: [GC (Allocation Failure) [PSYoungGen: 322976K->154048K(465920K)] 1062167K->976580K(1864192K), 0.0605890 secs] [Times: user=0.36 sys=0.00, real=0.07 secs] 
6416.489: [GC (Allocation Failure) [PSYoungGen: 387008K->102304K(465920K)] 1209540K->1079060K(1864192K), 0.0917907 secs] [Times: user=0.54 sys=0.00, real=0.09 secs] 
6417.895: [GC (Allocation Failure) [PSYoungGen: 335264K->146304K(465920K)] 1312020K->1214661K(1864192K), 0.0618525 secs] [Times: user=0.37 sys=0.00, real=0.06 secs] 
6419.326: [GC (Allocation Failure) [PSYoungGen: 379264K->124224K(465920K)] 1447621K->1338649K(1864192K), 0.0652411 secs] [Times: user=0.38 sys=0.00, real=0.06 secs] 
6419.391: [Full GC (Ergonomics) [PSYoungGen: 124224K->0K(465920K)] [ParOldGen: 1214425K->139284K(1398272K)] 1338649K->139284K(1864192K), [Metaspace: 59706K->59706K(1105920K)], 0.3218926 secs] [Times: user=1.48 sys=0.00, real=0.33 secs] 
6421.095: [GC (Allocation Failure) [PSYoungGen: 232960K->123872K(465920K)] 372244K->263156K(1864192K), 0.0428076 secs] [Times: user=0.25 sys=0.00, real=0.04 secs] 
6423.327: [GC (Allocation Failure) [PSYoungGen: 356832K->148224K(381440K)] 496116K->411280K(1779712K), 0.0617633 secs] [Times: user=0.37 sys=0.01, real=0.06 secs] 
6424.922: [GC (Allocation Failure) [PSYoungGen: 381184K->3264K(460800K)] 644240K->266372K(1859072K), 0.0023811 secs] [Times: user=0.01 sys=0.00, real=0.00 secs] 
6427.187: [GC (Allocation Failure) [PSYoungGen: 233664K->153408K(463360K)] 496772K->417897K(1861632K), 0.0303558 secs] [Times: user=0.17 sys=0.00, real=0.03 secs] 
6428.416: [GC (Allocation Failure) [PSYoungGen: 383808K->101856K(465920K)] 648297K->510041K(1864192K), 0.0715975 secs] [Times: user=0.42 sys=0.00, real=0.07 secs] 
6430.582: [GC (Allocation Failure) [PSYoungGen: 334816K->159456K(465920K)] 743001K->667662K(1864192K), 0.0529283 secs] [Times: user=0.31 sys=0.00, real=0.05 secs] 
6431.850: [GC (Allocation Failure) [PSYoungGen: 392416K->103808K(461824K)] 900622K->762110K(1860096K), 0.0678114 secs] [Times: user=0.41 sys=0.00, real=0.07 secs] 
6432.993: [GC (Allocation Failure) [PSYoungGen: 327152K->163456K(463872K)] 985454K->923123K(1862144K), 0.0535151 secs] [Times: user=0.31 sys=0.00, real=0.05 secs] 
6434.371: [GC (Allocation Failure) [PSYoungGen: 396416K->95392K(463872K)] 1156083K->1009835K(1862144K), 0.0889025 secs] [Times: user=0.53 sys=0.00, real=0.09 secs] 
6436.641: [GC (Allocation Failure) [PSYoungGen: 330400K->171648K(464896K)] 1244843K->1177728K(1863168K), 0.0511040 secs] [Times: user=0.31 sys=0.00, real=0.06 secs] 
6439.486: [GC (Allocation Failure) [PSYoungGen: 406656K->87648K(465920K)] 1412736K->1265056K(1864192K), 0.1399619 secs] [Times: user=0.83 sys=0.00, real=0.14 secs] 
6439.626: [Full GC (Ergonomics) [PSYoungGen: 87648K->0K(465920K)] [ParOldGen: 1177408K->62938K(1398272K)] 1265056K->62938K(1864192K), [Metaspace: 59706K->59706K(1105920K)], 0.1643049 secs] [Times: user=0.75 sys=0.00, real=0.16 secs] 
6440.175: [GC (Allocation Failure) [PSYoungGen: 232960K->173664K(465920K)] 295898K->236602K(1864192K), 0.0349451 secs] [Times: user=0.21 sys=0.00, real=0.03 secs] 
6442.692: [GC (Allocation Failure) [PSYoungGen: 406624K->89696K(465920K)] 469562K->326394K(1864192K), 0.1707427 secs] [Times: user=1.01 sys=0.00, real=0.17 secs] 
6443.495: [GC (Allocation Failure) [PSYoungGen: 322656K->177504K(465920K)] 559354K->493454K(1864192K), 0.1139940 secs] [Times: user=0.68 sys=0.00, real=0.11 secs] 
6445.752: [GC (Allocation Failure) [PSYoungGen: 410464K->86112K(465920K)] 726414K->579582K(1864192K), 0.0988364 secs] [Times: user=0.58 sys=0.01, real=0.09 secs] 
6447.376: [GC (Allocation Failure) [PSYoungGen: 314101K->197376K(465920K)] 807571K->770827K(1864192K), 0.0676677 secs] [Times: user=0.40 sys=0.00, real=0.07 secs] 
6448.478: [GC (Allocation Failure) [PSYoungGen: 422240K->92864K(465920K)] 995691K->827035K(1864192K), 0.1026142 secs] [Times: user=0.61 sys=0.00, real=0.10 secs] 
6450.693: [GC (Allocation Failure) [PSYoungGen: 325824K->150784K(465920K)] 1059995K->971479K(1864192K), 0.0603803 secs] [Times: user=0.36 sys=0.00, real=0.06 secs] 
6452.533: [GC (Allocation Failure) [PSYoungGen: 383744K->99488K(465920K)] 1204439K->1070839K(1864192K), 0.0933801 secs] [Times: user=0.55 sys=0.00, real=0.09 secs] 
6454.016: [GC (Allocation Failure) [PSYoungGen: 332448K->148960K(465920K)] 1303799K->1208760K(1864192K), 0.0607718 secs] [Times: user=0.36 sys=0.00, real=0.06 secs] 
6455.945: [GC (Allocation Failure) [PSYoungGen: 381920K->116960K(456704K)] 1441720K->1325848K(1854976K), 0.0786824 secs] [Times: user=0.47 sys=0.00, real=0.08 secs] 
6456.024: [Full GC (Ergonomics) [PSYoungGen: 116960K->0K(456704K)] [ParOldGen: 1208888K->132543K(1398272K)] 1325848K->132543K(1854976K), [Metaspace: 59706K->59706K(1105920K)], 0.2965132 secs] [Times: user=1.34 sys=0.00, real=0.29 secs] 
6457.555: [GC (Allocation Failure) [PSYoungGen: 232960K->131424K(461312K)] 365503K->263967K(1859584K), 0.0484997 secs] [Times: user=0.29 sys=0.01, real=0.05 secs] 
6458.342: [GC (Allocation Failure) [PSYoungGen: 364384K->138688K(463872K)] 496927K->402911K(1862144K), 0.0678115 secs] [Times: user=0.40 sys=0.00, real=0.06 secs] 
6461.079: [GC (Allocation Failure) [PSYoungGen: 390080K->6880K(464896K)] 654303K->271135K(1863168K), 0.0036756 secs] [Times: user=0.02 sys=0.00, real=0.01 secs] 
6461.825: [GC (Allocation Failure) [PSYoungGen: 255851K->177184K(459264K)] 520106K->447020K(1857536K), 0.0373782 secs] [Times: user=0.20 sys=0.00, real=0.04 secs] 
6464.184: [GC (Allocation Failure) [PSYoungGen: 410144K->93728K(465920K)] 679980K->532100K(1864192K), 0.0713593 secs] [Times: user=0.43 sys=0.00, real=0.07 secs] 
6465.266: [GC (Allocation Failure) [PSYoungGen: 326688K->172000K(463872K)] 765060K->700725K(1862144K), 0.0509731 secs] [Times: user=0.30 sys=0.00, real=0.05 secs] 
6468.321: [GC (Allocation Failure) [PSYoungGen: 404960K->86976K(465920K)] 933685K->787809K(1864192K), 0.1537114 secs] [Times: user=0.92 sys=0.00, real=0.16 secs] 
6469.708: [GC (Allocation Failure) [PSYoungGen: 319936K->167744K(465920K)] 1020769K->951858K(1864192K), 0.1280873 secs] [Times: user=0.77 sys=0.00, real=0.13 secs] 
6473.224: [GC (Allocation Failure) [PSYoungGen: 400704K->82560K(465920K)] 1184818K->1034506K(1864192K), 0.1605220 secs] [Times: user=0.96 sys=0.00, real=0.16 secs] 
6474.116: [GC (Allocation Failure) [PSYoungGen: 315520K->175520K(465920K)] 1267466K->1203806K(1864192K), 0.0570402 secs] [Times: user=0.34 sys=0.00, real=0.06 secs] 
6476.525: [GC (Allocation Failure) [PSYoungGen: 408480K->84192K(465920K)] 1436766K->1288146K(1864192K), 0.1282234 secs] [Times: user=0.77 sys=0.00, real=0.13 secs] 
6476.653: [Full GC (Ergonomics) [PSYoungGen: 84192K->0K(465920K)] [ParOldGen: 1203954K->85403K(1398272K)] 1288146K->85403K(1864192K), [Metaspace: 59718K->59718K(1105920K)], 0.2068140 secs] [Times: user=0.94 sys=0.00, real=0.20 secs] 
6477.181: [GC (Allocation Failure) [PSYoungGen: 232960K->207456K(465920K)] 318363K->292859K(1864192K), 0.0377343 secs] [Times: user=0.23 sys=0.00, real=0.04 secs] 
6479.964: [GC (Allocation Failure) [PSYoungGen: 440416K->88032K(465920K)] 525819K->347623K(1864192K), 0.1039715 secs] [Times: user=0.62 sys=0.00, real=0.10 secs] 
6481.283: [GC (Allocation Failure) [PSYoungGen: 320992K->156256K(465920K)] 580583K->497028K(1864192K), 0.0600995 secs] [Times: user=0.36 sys=0.00, real=0.06 secs] 
6482.434: [GC (Allocation Failure) [PSYoungGen: 389216K->106240K(465920K)] 729988K->603236K(1864192K), 0.0830935 secs] [Times: user=0.49 sys=0.00, real=0.08 secs] 
6484.379: [GC (Allocation Failure) [PSYoungGen: 339200K->142240K(465920K)] 836196K->734989K(1864192K), 0.0613464 secs] [Times: user=0.37 sys=0.00, real=0.06 secs] 
6486.587: [GC (Allocation Failure) [PSYoungGen: 375200K->119712K(352768K)] 967949K->854293K(1751040K), 0.0767510 secs] [Times: user=0.46 sys=0.00, real=0.08 secs] 
6487.915: [GC (Allocation Failure) [PSYoungGen: 352672K->128448K(472064K)] 1087253K->972670K(1870336K), 0.0625039 secs] [Times: user=0.37 sys=0.00, real=0.06 secs] 
6490.343: [GC (Allocation Failure) [PSYoungGen: 371648K->143072K(461824K)] 1215870K->1115390K(1860096K), 0.0592666 secs] [Times: user=0.35 sys=0.00, real=0.06 secs] 
6491.709: [GC (Allocation Failure) [PSYoungGen: 386272K->8448K(454144K)] 1358590K->980830K(1852416K), 0.0039513 secs] [Times: user=0.02 sys=0.00, real=0.01 secs] 
6493.218: [GC (Allocation Failure) [PSYoungGen: 247552K->170624K(410112K)] 1219934K->1149402K(1808384K), 0.0356658 secs] [Times: user=0.21 sys=0.01, real=0.04 secs] 
6494.571: [GC (Allocation Failure) [PSYoungGen: 409728K->100544K(470528K)] 1388506K->1240770K(1868800K), 0.0708173 secs] [Times: user=0.43 sys=0.00, real=0.08 secs] 
6496.311: [GC (Allocation Failure) [PSYoungGen: 338112K->171424K(465920K)] 1478338K->1408927K(1864192K), 0.0535260 secs] [Times: user=0.31 sys=0.00, real=0.06 secs] 
6496.364: [Full GC (Ergonomics) [PSYoungGen: 171424K->0K(465920K)] [ParOldGen: 1237503K->211969K(1398272K)] 1408927K->211969K(1864192K), [Metaspace: 59718K->59718K(1105920K)], 0.4934826 secs] [Times: user=2.30 sys=0.01, real=0.49 secs] 
6499.528: [GC (Allocation Failure) [PSYoungGen: 237564K->89408K(467456K)] 449533K->301377K(1865728K), 0.1551894 secs] [Times: user=0.93 sys=0.01, real=0.16 secs] 
6500.835: [GC (Allocation Failure) [PSYoungGen: 323904K->165376K(465920K)] 535873K->463042K(1864192K), 0.0556625 secs] [Times: user=0.33 sys=0.00, real=0.05 secs] 
6502.610: [GC (Allocation Failure) [PSYoungGen: 399872K->95328K(464896K)] 697538K->557754K(1863168K), 0.1383254 secs] [Times: user=0.83 sys=0.00, real=0.14 secs] 
6503.093: [GC (Allocation Failure) [PSYoungGen: 329824K->177984K(465408K)] 792250K->729607K(1863680K), 0.0611728 secs] [Times: user=0.36 sys=0.00, real=0.06 secs] 
6507.217: [GC (Allocation Failure) [PSYoungGen: 412480K->73568K(465920K)] 964103K->803455K(1864192K), 0.1374305 secs] [Times: user=0.81 sys=0.01, real=0.14 secs] 
6507.995: [GC (Allocation Failure) [PSYoungGen: 305510K->205824K(465920K)] 1035397K->1002819K(1864192K), 0.0602484 secs] [Times: user=0.36 sys=0.00, real=0.06 secs] 
6510.128: [GC (Allocation Failure) [PSYoungGen: 438784K->91072K(465920K)] 1235779K->1059027K(1864192K), 0.1118133 secs] [Times: user=0.65 sys=0.01, real=0.11 secs] 
6511.797: [GC (Allocation Failure) [PSYoungGen: 324032K->153664K(465920K)] 1291987K->1205679K(1864192K), 0.0609743 secs] [Times: user=0.36 sys=0.01, real=0.06 secs] 
6513.050: [GC (Allocation Failure) [PSYoungGen: 386624K->112320K(465920K)] 1438639K->1317831K(1864192K), 0.0699117 secs] [Times: user=0.42 sys=0.00, real=0.07 secs] 
6513.120: [Full GC (Ergonomics) [PSYoungGen: 112320K->0K(465920K)] [ParOldGen: 1205511K->118678K(1398272K)] 1317831K->118678K(1864192K), [Metaspace: 59718K->59718K(1105920K)], 0.2709562 secs] [Times: user=1.19 sys=0.00, real=0.27 secs] 
6515.242: [GC (Allocation Failure) [PSYoungGen: 232960K->144224K(465920K)] 351638K->262902K(1864192K), 0.0517207 secs] [Times: user=0.30 sys=0.00, real=0.05 secs] 
6515.964: [GC (Allocation Failure) [PSYoungGen: 377184K->123328K(451584K)] 495862K->386510K(1849856K), 0.0883682 secs] [Times: user=0.52 sys=0.01, real=0.09 secs] 
6518.332: [GC (Allocation Failure) [PSYoungGen: 356288K->125056K(458752K)] 619470K->500817K(1857024K), 0.0620276 secs] [Times: user=0.37 sys=0.00, real=0.07 secs] 
6519.037: [GC (Allocation Failure) [PSYoungGen: 358016K->144416K(468480K)] 733777K->645397K(1866752K), 0.0707600 secs] [Times: user=0.42 sys=0.00, real=0.07 secs] 
6521.216: [GC (Allocation Failure) [PSYoungGen: 400416K->11552K(470016K)] 901397K->512565K(1868288K), 0.0035473 secs] [Times: user=0.02 sys=0.00, real=0.00 secs] 
6523.496: [GC (Allocation Failure) [PSYoungGen: 257996K->173568K(458752K)] 759010K->683975K(1857024K), 0.0366181 secs] [Times: user=0.21 sys=0.01, real=0.04 secs] 
6525.673: [GC (Allocation Failure) [PSYoungGen: 406528K->93856K(465920K)] 916935K->768959K(1864192K), 0.0828900 secs] [Times: user=0.49 sys=0.00, real=0.08 secs] 
6527.023: [GC (Allocation Failure) [PSYoungGen: 313754K->157504K(464384K)] 988858K->922836K(1862656K), 0.0490138 secs] [Times: user=0.29 sys=0.00, real=0.05 secs] 
6529.015: [GC (Allocation Failure) [PSYoungGen: 392512K->98240K(333312K)] 1157844K->1012220K(1731584K), 0.0672943 secs] [Times: user=0.40 sys=0.00, real=0.07 secs] 
6530.013: [GC (Allocation Failure) [PSYoungGen: 333248K->169120K(456192K)] 1247228K->1178341K(1854464K), 0.0651291 secs] [Times: user=0.39 sys=0.00, real=0.06 secs] 
6532.597: [GC (Allocation Failure) [PSYoungGen: 397195K->86560K(463360K)] 1406416K->1264725K(1861632K), 0.1077349 secs] [Times: user=0.65 sys=0.00, real=0.11 secs] 
6532.705: [Full GC (Ergonomics) [PSYoungGen: 86560K->0K(463360K)] [ParOldGen: 1178165K->62266K(1398272K)] 1264725K->62266K(1861632K), [Metaspace: 59719K->59719K(1105920K)], 0.1419463 secs] [Times: user=0.61 sys=0.00, real=0.14 secs] 
6533.350: [GC (Allocation Failure) [PSYoungGen: 230400K->164704K(462336K)] 292666K->226970K(1860608K), 0.0452680 secs] [Times: user=0.27 sys=0.00, real=0.05 secs] 
6536.498: [GC (Allocation Failure) [PSYoungGen: 397664K->87904K(465920K)] 459930K->314778K(1864192K), 0.0999043 secs] [Times: user=0.59 sys=0.00, real=0.10 secs] 
6537.759: [GC (Allocation Failure) [PSYoungGen: 320864K->168800K(462848K)] 547738K->477695K(1861120K), 0.1338866 secs] [Times: user=0.79 sys=0.00, real=0.14 secs] 
6540.311: [GC (Allocation Failure) [PSYoungGen: 401760K->86240K(465920K)] 710655K->563887K(1864192K), 0.1276285 secs] [Times: user=0.75 sys=0.01, real=0.13 secs] 
6541.766: [GC (Allocation Failure) [PSYoungGen: 319200K->170528K(465408K)] 796847K->728544K(1863680K), 0.1533661 secs] [Times: user=0.91 sys=0.00, real=0.15 secs] 
6543.495: [GC (Allocation Failure) [PSYoungGen: 403488K->95072K(465920K)] 961504K->823752K(1864192K), 0.0943232 secs] [Times: user=0.56 sys=0.01, real=0.09 secs] 
6544.916: [GC (Allocation Failure) [PSYoungGen: 328032K->153408K(465920K)] 1056712K->971003K(1864192K), 0.0627900 secs] [Times: user=0.38 sys=0.00, real=0.06 secs] 
6547.560: [GC (Allocation Failure) [PSYoungGen: 386368K->109632K(343040K)] 1203963K->1080027K(1741312K), 0.0933501 secs] [Times: user=0.55 sys=0.01, real=0.10 secs] 
6548.872: [GC (Allocation Failure) [PSYoungGen: 342592K->146656K(460800K)] 1312987K->1208136K(1859072K), 0.0607281 secs] [Times: user=0.37 sys=0.00, real=0.06 secs] 
6550.405: [GC (Allocation Failure) [PSYoungGen: 381664K->120640K(458752K)] 1443144K->1328688K(1857024K), 0.0710374 secs] [Times: user=0.42 sys=0.00, real=0.07 secs] 
6550.476: [Full GC (Ergonomics) [PSYoungGen: 120640K->0K(458752K)] [ParOldGen: 1208048K->135209K(1398272K)] 1328688K->135209K(1857024K), [Metaspace: 59719K->59719K(1105920K)], 0.3121584 secs] [Times: user=1.42 sys=0.01, real=0.31 secs] 
6552.097: [GC (Allocation Failure) [PSYoungGen: 235008K->127552K(466944K)] 370217K->262761K(1865216K), 0.0464710 secs] [Times: user=0.27 sys=0.00, real=0.05 secs] 
6554.886: [GC (Allocation Failure) [PSYoungGen: 385088K->154944K(464384K)] 520297K->418001K(1862656K), 0.0654723 secs] [Times: user=0.39 sys=0.00, real=0.06 secs] 
6556.180: [GC (Allocation Failure) [PSYoungGen: 412480K->26656K(470528K)] 675537K->289801K(1868800K), 0.0062676 secs] [Times: user=0.03 sys=0.00, real=0.01 secs] 
6556.970: [GC (Allocation Failure) [PSYoungGen: 288288K->188000K(450048K)] 551433K->474362K(1848320K), 0.0448568 secs] [Times: user=0.26 sys=0.00, real=0.05 secs] 
6559.352: [GC (Allocation Failure) [PSYoungGen: 449632K->112640K(473088K)] 735994K->586130K(1871360K), 0.1238254 secs] [Times: user=0.74 sys=0.00, real=0.12 secs] 
6560.971: [GC (Allocation Failure) [PSYoungGen: 352768K->159616K(465920K)] 826258K->739513K(1864192K), 0.0676910 secs] [Times: user=0.40 sys=0.01, real=0.07 secs] 
6561.624: [GC (Allocation Failure) [PSYoungGen: 399744K->105376K(465408K)] 979641K->844841K(1863680K), 0.0940348 secs] [Times: user=0.56 sys=0.01, real=0.09 secs] 
6562.954: [GC (Allocation Failure) [PSYoungGen: 350112K->143808K(466944K)] 1089577K->976866K(1865216K), 0.0611120 secs] [Times: user=0.36 sys=0.00, real=0.06 secs] 
Heap
 PSYoungGen      total 466944K, used 177926K [0x00000000d5