1.020: [GC (Allocation Failure) [PSYoungGen: 128000K->12903K(148992K)] 128000K->12927K(488960K), 0.1141572 secs] [Times: user=0.01 sys=0.00, real=0.11 secs] 
1.258: [GC (Metadata GC Threshold) [PSYoungGen: 49298K->6031K(148992K)] 49322K->6127K(488960K), 0.0035756 secs] [Times: user=0.01 sys=0.00, real=0.00 secs] 
1.261: [Full GC (Metadata GC Threshold) [PSYoungGen: 6031K->0K(148992K)] [ParOldGen: 96K->5927K(201216K)] 6127K->5927K(350208K), [Metaspace: 20466K->20466K(1067008K)], 0.0143098 secs] [Times: user=0.04 sys=0.01, real=0.01 secs] 
1.851: [GC (Allocation Failure) [PSYoungGen: 128000K->10100K(148992K)] 133927K->16036K(350208K), 0.0036536 secs] [Times: user=0.01 sys=0.00, real=0.00 secs] 
2.852: [GC (Metadata GC Threshold) [PSYoungGen: 39772K->4715K(192512K)] 45708K->10658K(393728K), 0.0022729 secs] [Times: user=0.01 sys=0.00, real=0.00 secs] 
2.855: [Full GC (Metadata GC Threshold) [PSYoungGen: 4715K->0K(192512K)] [ParOldGen: 5943K->8931K(319488K)] 10658K->8931K(512000K), [Metaspace: 33751K->33751K(1079296K)], 0.0155279 secs] [Times: user=0.04 sys=0.01, real=0.02 secs] 
3.745: [GC (Allocation Failure) [PSYoungGen: 178176K->17725K(199168K)] 187107K->26665K(518656K), 0.0065665 secs] [Times: user=0.02 sys=0.00, real=0.01 secs] 
4.572: [GC (Allocation Failure) [PSYoungGen: 195901K->13792K(270336K)] 204841K->96468K(589824K), 0.0091294 secs] [Times: user=0.05 sys=0.00, real=0.01 secs] 
5.166: [GC (Allocation Failure) [PSYoungGen: 264672K->4518K(270848K)] 347348K->218266K(590336K), 0.0128419 secs] [Times: user=0.07 sys=0.00, real=0.02 secs] 
6.719: [GC (Allocation Failure) [PSYoungGen: 255398K->20475K(390144K)] 469146K->235515K(709632K), 0.0049375 secs] [Times: user=0.02 sys=0.01, real=0.00 secs] 
8.842: [GC (Allocation Failure) [PSYoungGen: 390139K->21708K(399360K)] 605179K->253140K(718848K), 0.0058203 secs] [Times: user=0.02 sys=0.00, real=0.01 secs] 
8.847: [Full GC (Ergonomics) [PSYoungGen: 21708K->0K(399360K)] [ParOldGen: 231431K->94652K(599040K)] 253140K->94652K(998400K), [Metaspace: 53126K->53126K(1097728K)], 0.0544015 secs] [Times: user=0.23 sys=0.01, real=0.05 secs] 
10.483: [GC (Allocation Failure) [PSYoungGen: 375296K->9616K(483328K)] 469948K->104276K(1082368K), 0.0023329 secs] [Times: user=0.01 sys=0.01, real=0.00 secs] 
12.583: [GC (Allocation Failure) [PSYoungGen: 470928K->17920K(487424K)] 565588K->112588K(1086464K), 0.0033244 secs] [Times: user=0.01 sys=0.00, real=0.00 secs] 
14.713: [GC (Allocation Failure) [PSYoungGen: 479232K->18309K(561152K)] 573900K->112985K(1160192K), 0.0036848 secs] [Times: user=0.01 sys=0.01, real=0.01 secs] 
18.966: [GC (Allocation Failure) [PSYoungGen: 561029K->1664K(571392K)] 655705K->129116K(1170432K), 0.0089199 secs] [Times: user=0.04 sys=0.01, real=0.01 secs] 
25.626: [GC (Allocation Failure) [PSYoungGen: 545408K->2685K(632320K)] 672860K->130145K(1231360K), 0.0046083 secs] [Times: user=0.02 sys=0.00, real=0.01 secs] 
33.164: [GC (Allocation Failure) [PSYoungGen: 619645K->1677K(645120K)] 747105K->161905K(1244160K), 0.0056068 secs] [Times: user=0.03 sys=0.00, real=0.01 secs] 
39.822: [GC (Allocation Failure) [PSYoungGen: 618637K->1725K(669696K)] 778865K->161961K(1268736K), 0.0029760 secs] [Times: user=0.01 sys=0.01, real=0.00 secs] 
45.396: [GC (Allocation Failure) [PSYoungGen: 644285K->1693K(625152K)] 804521K->161937K(1224192K), 0.0030405 secs] [Times: user=0.01 sys=0.01, real=0.01 secs] 
48.804: [GC (Allocation Failure) [PSYoungGen: 624797K->18077K(623104K)] 785041K->178329K(1222144K), 0.0031363 secs] [Times: user=0.01 sys=0.01, real=0.01 secs] 
54.763: [GC (Allocation Failure) [PSYoungGen: 622749K->445K(587776K)] 783001K->160697K(1186816K), 0.0020173 secs] [Times: user=0.01 sys=0.00, real=0.00 secs] 
59.479: [GC (Allocation Failure) [PSYoungGen: 587709K->1693K(573952K)] 747961K->161953K(1172992K), 0.0021594 secs] [Times: user=0.01 sys=0.00, real=0.00 secs] 
64.571: [GC (Allocation Failure) [PSYoungGen: 572061K->18093K(572416K)] 732321K->178353K(1171456K), 0.0028168 secs] [Times: user=0.01 sys=0.00, real=0.00 secs] 
69.157: [GC (Allocation Failure) [PSYoungGen: 572077K->1658K(541696K)] 732337K->260230K(1140736K), 0.0081857 secs] [Times: user=0.05 sys=0.00, real=0.00 secs] 
76.193: [GC (Allocation Failure) [PSYoungGen: 540282K->1725K(525824K)] 798854K->260305K(1124864K), 0.0024489 secs] [Times: user=0.01 sys=0.01, real=0.00 secs] 
81.426: [GC (Allocation Failure) [PSYoungGen: 525501K->1693K(511488K)] 784081K->260281K(1110528K), 0.0020905 secs] [Times: user=0.01 sys=0.00, real=0.01 secs] 
86.133: [GC (Allocation Failure) [PSYoungGen: 511133K->3712K(522752K)] 769721K->262385K(1121792K), 0.0024276 secs] [Times: user=0.01 sys=0.00, real=0.00 secs] 
91.331: [GC (Allocation Failure) [PSYoungGen: 499328K->1632K(484352K)] 758001K->260361K(1083392K), 0.0019804 secs] [Times: user=0.01 sys=0.00, real=0.00 secs] 
96.892: [GC (Allocation Failure) [PSYoungGen: 483936K->17888K(487424K)] 742665K->276793K(1086464K), 0.0028971 secs] [Times: user=0.01 sys=0.00, real=0.00 secs] 
101.692: [GC (Allocation Failure) [PSYoungGen: 487392K->1456K(458752K)] 746297K->260385K(1057792K), 0.0027843 secs] [Times: user=0.01 sys=0.00, real=0.00 secs] 
107.403: [GC (Allocation Failure) [PSYoungGen: 458672K->17888K(463360K)] 717601K->276857K(1062400K), 0.0030050 secs] [Times: user=0.01 sys=0.00, real=0.00 secs] 
109.832: [GC (Allocation Failure) [PSYoungGen: 463328K->1456K(436224K)] 722297K->260457K(1035264K), 0.0023189 secs] [Times: user=0.00 sys=0.01, real=0.00 secs] 
115.191: [GC (Allocation Failure) [PSYoungGen: 435632K->9712K(433152K)] 694633K->268753K(1032192K), 0.0023817 secs] [Times: user=0.01 sys=0.00, real=0.00 secs] 
122.056: [GC (Allocation Failure) [PSYoungGen: 433136K->1456K(416768K)] 692177K->260545K(1015808K), 0.0031033 secs] [Times: user=0.01 sys=0.00, real=0.01 secs] 
126.150: [GC (Allocation Failure) [PSYoungGen: 414640K->1472K(404480K)] 673729K->260593K(1003520K), 0.0022122 secs] [Times: user=0.01 sys=0.00, real=0.00 secs] 
131.961: [GC (Allocation Failure) [PSYoungGen: 404416K->9664K(402944K)] 663537K->268809K(1001984K), 0.0031249 secs] [Times: user=0.01 sys=0.00, real=0.00 secs] 
135.319: [GC (Allocation Failure) [PSYoungGen: 402880K->1440K(385536K)] 662025K->260601K(984576K), 0.0029035 secs] [Times: user=0.00 sys=0.00, real=0.00 secs] 
138.686: [GC (Allocation Failure) [PSYoungGen: 385440K->1408K(380416K)] 644601K->260585K(979456K), 0.0036027 secs] [Times: user=0.01 sys=0.00, real=0.01 secs] 
142.473: [GC (Allocation Failure) [PSYoungGen: 376192K->1456K(367616K)] 635369K->260649K(966656K), 0.0023573 secs] [Times: user=0.01 sys=0.00, real=0.00 secs] 
145.471: [GC (Allocation Failure) [PSYoungGen: 367536K->5568K(363520K)] 626729K->264777K(962560K), 0.0044327 secs] [Times: user=0.02 sys=0.00, real=0.00 secs] 
148.060: [GC (Allocation Failure) [PSYoungGen: 363456K->17856K(367616K)] 622665K->277097K(966656K), 0.0026746 secs] [Times: user=0.01 sys=0.00, real=0.00 secs] 
151.364: [GC (Allocation Failure) [PSYoungGen: 367552K->1456K(352256K)] 626793K->260729K(951296K), 0.0019957 secs] [Times: user=0.00 sys=0.00, real=0.00 secs] 
154.366: [GC (Allocation Failure) [PSYoungGen: 343472K->1440K(335872K)] 602745K->260721K(934912K), 0.0020111 secs] [Times: user=0.01 sys=0.00, real=0.01 secs] 
156.555: [GC (Allocation Failure) [PSYoungGen: 335776K->1472K(339456K)] 595057K->260761K(938496K), 0.0022487 secs] [Times: user=0.01 sys=0.00, real=0.01 secs] 
159.245: [GC (Allocation Failure) [PSYoungGen: 328640K->1440K(321536K)] 587929K->260737K(920576K), 0.0023406 secs] [Times: user=0.00 sys=0.00, real=0.01 secs] 
162.252: [GC (Allocation Failure) [PSYoungGen: 321440K->1408K(324608K)] 580737K->260713K(923648K), 0.0021234 secs] [Times: user=0.01 sys=0.00, real=0.00 secs] 
166.095: [GC (Allocation Failure) [PSYoungGen: 314752K->1472K(308224K)] 574057K->260785K(907264K), 0.0024641 secs] [Times: user=0.01 sys=0.00, real=0.01 secs] 
170.935: [GC (Allocation Failure) [PSYoungGen: 308160K->1440K(310272K)] 567473K->260761K(909312K), 0.0034061 secs] [Times: user=0.01 sys=0.00, real=0.01 secs] 
173.988: [GC (Allocation Failure) [PSYoungGen: 301984K->1424K(295936K)] 561305K->260785K(894976K), 0.0025695 secs] [Times: user=0.00 sys=0.00, real=0.00 secs] 
176.913: [GC (Allocation Failure) [PSYoungGen: 295824K->1408K(297472K)] 555185K->260785K(896512K), 0.0018894 secs] [Times: user=0.00 sys=0.00, real=0.00 secs] 
179.964: [GC (Allocation Failure) [PSYoungGen: 290176K->1440K(284672K)] 549553K->260841K(883712K), 0.0020406 secs] [Times: user=0.01 sys=0.00, real=0.00 secs] 
181.974: [GC (Allocation Failure) [PSYoungGen: 284576K->9664K(289280K)] 543977K->277265K(888320K), 0.0037051 secs] [Times: user=0.02 sys=0.00, real=0.01 secs] 
183.909: [GC (Allocation Failure) [PSYoungGen: 287168K->9664K(282112K)] 554769K->285465K(881152K), 0.0036205 secs] [Times: user=0.02 sys=0.00, real=0.00 secs] 
186.236: [GC (Allocation Failure) [PSYoungGen: 278856K->5568K(276992K)] 554657K->281369K(876032K), 0.0026093 secs] [Times: user=0.01 sys=0.01, real=0.01 secs] 
188.485: [GC (Allocation Failure) [PSYoungGen: 272832K->1405K(263680K)] 548633K->277214K(862720K), 0.0015998 secs] [Times: user=0.00 sys=0.01, real=0.01 secs] 
192.053: [GC (Allocation Failure) [PSYoungGen: 263549K->1424K(267264K)] 539358K->277249K(866304K), 0.0031817 secs] [Times: user=0.01 sys=0.00, real=0.00 secs] 
194.011: [GC (Allocation Failure) [PSYoungGen: 258960K->1440K(254464K)] 534785K->277265K(853504K), 0.0026286 secs] [Times: user=0.01 sys=0.00, real=0.00 secs] 
196.079: [GC (Allocation Failure) [PSYoungGen: 254368K->1440K(256000K)] 530193K->277273K(855040K), 0.0023012 secs] [Times: user=0.01 sys=0.00, real=0.00 secs] 
198.268: [GC (Allocation Failure) [PSYoungGen: 246681K->9648K(253440K)] 522515K->285489K(852480K), 0.0020716 secs] [Times: user=0.01 sys=0.00, real=0.00 secs] 
199.770: [GC (Allocation Failure) [PSYoungGen: 253360K->1405K(249344K)] 529201K->277246K(848384K), 0.0016844 secs] [Times: user=0.00 sys=0.00, real=0.00 secs] 
201.076: [GC (Allocation Failure) [PSYoungGen: 241021K->1408K(237056K)] 516862K->277257K(836096K), 0.0026044 secs] [Times: user=0.01 sys=0.00, real=0.01 secs] 
203.568: [GC (Allocation Failure) [PSYoungGen: 236928K->1488K(239104K)] 512777K->277361K(838144K), 0.0023545 secs] [Times: user=0.01 sys=0.00, real=0.00 secs] 
204.927: [GC (Allocation Failure) [PSYoungGen: 232912K->9664K(237056K)] 508785K->293745K(836096K), 0.0029048 secs] [Times: user=0.02 sys=0.00, real=0.00 secs] 
206.181: [GC (Allocation Failure) [PSYoungGen: 236992K->1440K(233472K)] 521073K->285529K(832512K), 0.0019258 secs] [Times: user=0.00 sys=0.00, real=0.00 secs] 
207.660: [GC (Allocation Failure) [PSYoungGen: 225184K->1440K(221696K)] 509273K->285545K(820736K), 0.0021304 secs] [Times: user=0.01 sys=0.00, real=0.00 secs] 
211.051: [GC (Allocation Failure) [PSYoungGen: 221600K->9664K(228352K)] 505705K->301969K(827392K), 0.0066160 secs] [Times: user=0.02 sys=0.00, real=0.01 secs] 
213.985: [GC (Allocation Failure) [PSYoungGen: 226240K->5536K(218624K)] 518545K->297841K(817664K), 0.0021929 secs] [Times: user=0.01 sys=0.00, real=0.00 secs] 
214.893: [GC (Allocation Failure) [PSYoungGen: 218528K->1392K(219648K)] 510833K->293697K(818688K), 0.0019820 secs] [Times: user=0.01 sys=0.01, real=0.00 secs] 
216.572: [GC (Allocation Failure) [PSYoungGen: 210800K->1440K(207872K)] 503105K->293769K(806912K), 0.0017716 secs] [Times: user=0.01 sys=0.00, real=0.00 secs] 
218.903: [GC (Allocation Failure) [PSYoungGen: 207776K->5568K(212480K)] 500105K->297897K(811520K), 0.0022665 secs] [Times: user=0.01 sys=0.00, real=0.00 secs] 
222.606: [GC (Allocation Failure) [PSYoungGen: 208832K->1376K(201728K)] 501161K->293713K(800768K), 0.0076193 secs] [Times: user=0.03 sys=0.00, real=0.01 secs] 
225.473: [GC (Allocation Failure) [PSYoungGen: 201568K->9632K(209408K)] 493905K->310161K(808448K), 0.0045113 secs] [Times: user=0.02 sys=0.00, real=0.01 secs] 
227.151: [GC (Allocation Failure) [PSYoungGen: 206752K->384K(194560K)] 507281K->300921K(793600K), 0.0016398 secs] [Times: user=0.00 sys=0.00, real=0.00 secs] 
227.925: [GC (Allocation Failure) [PSYoungGen: 194432K->1440K(200192K)] 494969K->301977K(799232K), 0.0021393 secs] [Times: user=0.01 sys=0.00, real=0.00 secs] 
229.710: [GC (Allocation Failure) [PSYoungGen: 187114K->9648K(198144K)] 487652K->310185K(797184K), 0.0041090 secs] [Times: user=0.01 sys=0.00, real=0.00 secs] 
231.748: [GC (Allocation Failure) [PSYoungGen: 198064K->1376K(196608K)] 498601K->301913K(795648K), 0.0037112 secs] [Times: user=0.02 sys=0.00, real=0.00 secs] 
233.855: [GC (Allocation Failure) [PSYoungGen: 187232K->9664K(193024K)] 487769K->318425K(792064K), 0.0034530 secs] [Times: user=0.02 sys=0.00, real=0.01 secs] 
235.729: [GC (Allocation Failure) [PSYoungGen: 192960K->1373K(192000K)] 501721K->310142K(791040K), 0.0015060 secs] [Times: user=0.01 sys=0.00, real=0.00 secs] 
239.202: [GC (Allocation Failure) [PSYoungGen: 182109K->1440K(179712K)] 490878K->310209K(778752K), 0.0043918 secs] [Times: user=0.02 sys=0.00, real=0.00 secs] 
241.213: [GC (Allocation Failure) [PSYoungGen: 179616K->9664K(188928K)] 488385K->318441K(787968K), 0.0021584 secs] [Times: user=0.01 sys=0.00, real=0.00 secs] 
243.612: [GC (Allocation Failure) [PSYoungGen: 185280K->1408K(174592K)] 494057K->310193K(773632K), 0.0042943 secs] [Times: user=0.02 sys=0.00, real=0.00 secs] 
246.613: [GC (Allocation Failure) [PSYoungGen: 174464K->9600K(185344K)] 483249K->326577K(784384K), 0.0055537 secs] [Times: user=0.03 sys=0.00, real=0.01 secs] 
248.417: [GC (Allocation Failure) [PSYoungGen: 180608K->1408K(170496K)] 497585K->318385K(769536K), 0.0029455 secs] [Times: user=0.01 sys=0.00, real=0.00 secs] 
250.693: [GC (Allocation Failure) [PSYoungGen: 170368K->9664K(181760K)] 487345K->334865K(780800K), 0.0032607 secs] [Times: user=0.01 sys=0.00, real=0.00 secs] 
252.660: [GC (Allocation Failure) [PSYoungGen: 176576K->1376K(166400K)] 501777K->326577K(765440K), 0.0037229 secs] [Times: user=0.01 sys=0.00, real=0.00 secs] 
254.717: [GC (Allocation Failure) [PSYoungGen: 166240K->9664K(178176K)] 491441K->343057K(777216K), 0.0035609 secs] [Times: user=0.02 sys=0.00, real=0.00 secs] 
256.443: [GC (Allocation Failure) [PSYoungGen: 172480K->1376K(162304K)] 505873K->334769K(761344K), 0.0049139 secs] [Times: user=0.02 sys=0.00, real=0.01 secs] 
258.839: [GC (Allocation Failure) [PSYoungGen: 162144K->1440K(171520K)] 495537K->334841K(770560K), 0.0038594 secs] [Times: user=0.02 sys=0.00, real=0.00 secs] 
260.245: [GC (Allocation Failure) [PSYoungGen: 160160K->1408K(158208K)] 493561K->334809K(757248K), 0.0025690 secs] [Times: user=0.01 sys=0.00, real=0.01 secs] 
262.149: [GC (Allocation Failure) [PSYoungGen: 158080K->1424K(166400K)] 491481K->334825K(765440K), 0.0053269 secs] [Times: user=0.02 sys=0.00, real=0.00 secs] 
263.772: [GC (Allocation Failure) [PSYoungGen: 156048K->1408K(154112K)] 489449K->334809K(753152K), 0.0026861 secs] [Times: user=0.01 sys=0.00, real=0.00 secs] 
265.437: [GC (Allocation Failure) [PSYoungGen: 153984K->9632K(164352K)] 487385K->351233K(763392K), 0.0037654 secs] [Times: user=0.01 sys=0.00, real=0.01 secs] 
266.625: [GC (Allocation Failure) [PSYoungGen: 160160K->1408K(150528K)] 501761K->343009K(749568K), 0.0026349 secs] [Times: user=0.01 sys=0.00, real=0.01 secs] 
268.314: [GC (Allocation Failure) [PSYoungGen: 150400K->9664K(161792K)] 492001K->359465K(760832K), 0.0072635 secs] [Times: user=0.04 sys=0.00, real=0.01 secs] 
269.440: [GC (Allocation Failure) [PSYoungGen: 157120K->1440K(147456K)] 506921K->351241K(746496K), 0.0023566 secs] [Times: user=0.01 sys=0.00, real=0.00 secs] 
270.530: [GC (Allocation Failure) [PSYoungGen: 147360K->9632K(159232K)] 497161K->367641K(758272K), 0.0030184 secs] [Times: user=0.01 sys=0.00, real=0.00 secs] 
271.143: [GC (Allocation Failure) [PSYoungGen: 154016K->1360K(144384K)] 512025K->359385K(743424K), 0.0021472 secs] [Times: user=0.01 sys=0.00, real=0.00 secs] 
272.787: [GC (Allocation Failure) [PSYoungGen: 144208K->9664K(156672K)] 502233K->367689K(755712K), 0.0036281 secs] [Times: user=0.01 sys=0.00, real=0.00 secs] 
274.069: [GC (Allocation Failure) [PSYoungGen: 150976K->1440K(141312K)] 509001K->359473K(740352K), 0.0049639 secs] [Times: user=0.02 sys=0.00, real=0.00 secs] 
276.379: [GC (Allocation Failure) [PSYoungGen: 141216K->5552K(150528K)] 499249K->363585K(749568K), 0.0028074 secs] [Times: user=0.01 sys=0.00, real=0.00 secs] 
277.432: [GC (Allocation Failure) [PSYoungGen: 143792K->1376K(138240K)] 501825K->359409K(737280K), 0.0026414 secs] [Times: user=0.01 sys=0.00, real=0.00 secs] 
278.875: [GC (Allocation Failure) [PSYoungGen: 138080K->1373K(146944K)] 496113K->359406K(745984K), 0.0017790 secs] [Times: user=0.00 sys=0.00, real=0.00 secs] 
279.959: [GC (Allocation Failure) [PSYoungGen: 136541K->1376K(135168K)] 494574K->359417K(734208K), 0.0036800 secs] [Times: user=0.01 sys=0.00, real=0.00 secs] 
281.323: [GC (Allocation Failure) [PSYoungGen: 135008K->1344K(142848K)] 493049K->359385K(741888K), 0.0028050 secs] [Times: user=0.01 sys=0.00, real=0.00 secs] 
284.337: [GC (Allocation Failure) [PSYoungGen: 133440K->9664K(143360K)] 491481K->375905K(742400K), 0.0088722 secs] [Times: user=0.04 sys=0.00, real=0.00 secs] 
286.351: [GC (Allocation Failure) [PSYoungGen: 140224K->1360K(140800K)] 506465K->367601K(739840K), 0.0037758 secs] [Times: user=0.02 sys=0.00, real=0.00 secs] 
288.485: [GC (Allocation Failure) [PSYoungGen: 130384K->5536K(133632K)] 496625K->371793K(732672K), 0.0021894 secs] [Times: user=0.01 sys=0.00, real=0.01 secs] 
288.996: [GC (Allocation Failure) [PSYoungGen: 133536K->1408K(138240K)] 499793K->367665K(737280K), 0.0022046 secs] [Times: user=0.01 sys=0.00, real=0.01 secs] 
289.524: [GC (Allocation Failure) [PSYoungGen: 128384K->1376K(127488K)] 494641K->367633K(726528K), 0.0024335 secs] [Times: user=0.01 sys=0.00, real=0.00 secs] 
292.297: [GC (Allocation Failure) [PSYoungGen: 127328K->9616K(136704K)] 493585K->384065K(735744K), 0.0089376 secs] [Times: user=0.04 sys=0.00, real=0.00 secs] 
293.632: [GC (Allocation Failure) [PSYoungGen: 134032K->1376K(124928K)] 508481K->375825K(723968K), 0.0030228 secs] [Times: user=0.01 sys=0.01, real=0.00 secs] 
296.664: [GC (Allocation Failure) [PSYoungGen: 124768K->5504K(134656K)] 499217K->379977K(733696K), 0.0053308 secs] [Times: user=0.02 sys=0.01, real=0.01 secs] 
297.469: [GC (Allocation Failure) [PSYoungGen: 127872K->1440K(122880K)] 502345K->375913K(721920K), 0.0027053 secs] [Times: user=0.01 sys=0.00, real=0.00 secs] 
298.223: [GC (Allocation Failure) [PSYoungGen: 122784K->1408K(131072K)] 497257K->375881K(730112K), 0.0025898 secs] [Times: user=0.01 sys=0.00, real=0.00 secs] 
299.597: [GC (Allocation Failure) [PSYoungGen: 121728K->9664K(131584K)] 496201K->392337K(730624K), 0.0043981 secs] [Times: user=0.02 sys=0.00, real=0.01 secs] 
300.090: [GC (Allocation Failure) [PSYoungGen: 128960K->1376K(130048K)] 511633K->384049K(729088K), 0.0022232 secs] [Times: user=0.01 sys=0.00, real=0.00 secs] 
301.219: [GC (Allocation Failure) [PSYoungGen: 119648K->1408K(118784K)] 502321K->384081K(717824K), 0.0018773 secs] [Times: user=0.00 sys=0.00, real=0.00 secs] 
302.082: [GC (Allocation Failure) [PSYoungGen: 118656K->9600K(129024K)] 501329K->400473K(728064K), 0.0035346 secs] [Times: user=0.02 sys=0.00, real=0.00 secs] 
302.604: [GC (Allocation Failure) [PSYoungGen: 125824K->1344K(116736K)] 516697K->392217K(715776K), 0.0025102 secs] [Times: user=0.01 sys=0.00, real=0.00 secs] 
304.004: [GC (Allocation Failure) [PSYoungGen: 112694K->5520K(126464K)] 503567K->396409K(725504K), 0.0032325 secs] [Times: user=0.02 sys=0.00, real=0.01 secs] 
305.606: [GC (Allocation Failure) [PSYoungGen: 119696K->1376K(114688K)] 510585K->392265K(713728K), 0.0051780 secs] [Times: user=0.02 sys=0.00, real=0.01 secs] 
306.888: [GC (Allocation Failure) [PSYoungGen: 114528K->1408K(122880K)] 505417K->392305K(721920K), 0.0033347 secs] [Times: user=0.01 sys=0.00, real=0.00 secs] 
308.732: [GC (Allocation Failure) [PSYoungGen: 113536K->9632K(123392K)] 504433K->400529K(722432K), 0.0025817 secs] [Times: user=0.01 sys=0.00, real=0.00 secs] 
309.681: [GC (Allocation Failure) [PSYoungGen: 120736K->1440K(121856K)] 511633K->392337K(720896K), 0.0038294 secs] [Times: user=0.02 sys=0.00, real=0.00 secs] 
310.164: [GC (Allocation Failure) [PSYoungGen: 111520K->1376K(110592K)] 502417K->392273K(709632K), 0.0024625 secs] [Times: user=0.01 sys=0.00, real=0.01 secs] 
311.783: [GC (Allocation Failure) [PSYoungGen: 110432K->9600K(120832K)] 501329K->408697K(719872K), 0.0045431 secs] [Times: user=0.02 sys=0.00, real=0.01 secs] 
312.727: [GC (Allocation Failure) [PSYoungGen: 117632K->1376K(108544K)] 516729K->400481K(707584K), 0.0044952 secs] [Times: user=0.02 sys=0.00, real=0.00 secs] 
313.535: [GC (Allocation Failure) [PSYoungGen: 108384K->1376K(117760K)] 507489K->400481K(716800K), 0.0023821 secs] [Times: user=0.00 sys=0.00, real=0.01 secs] 
314.705: [GC (Allocation Failure) [PSYoungGen: 107360K->9632K(118272K)] 506465K->416929K(717312K), 0.0035848 secs] [Times: user=0.02 sys=0.01, real=0.01 secs] 
315.173: [GC (Allocation Failure) [PSYoungGen: 114592K->1344K(116224K)] 521889K->408641K(715264K), 0.0022731 secs] [Times: user=0.01 sys=0.00, real=0.00 secs] 
315.662: [GC (Allocation Failure) [PSYoungGen: 105280K->1344K(104448K)] 512577K->408641K(703488K), 0.0021266 secs] [Times: user=0.01 sys=0.00, real=0.00 secs] 
319.330: [GC (Allocation Failure) [PSYoungGen: 104256K->9664K(114688K)] 511553K->425161K(713728K), 0.0071127 secs] [Times: user=0.03 sys=0.01, real=0.01 secs] 
320.614: [GC (Allocation Failure) [PSYoungGen: 111040K->1408K(102400K)] 526537K->416905K(701440K), 0.0038397 secs] [Times: user=0.01 sys=0.00, real=0.01 secs] 
322.042: [GC (Allocation Failure) [PSYoungGen: 102272K->1376K(113152K)] 517769K->416873K(712192K), 0.0030891 secs] [Times: user=0.01 sys=0.00, real=0.00 secs] 
323.847: [GC (Allocation Failure) [PSYoungGen: 95702K->9600K(113664K)] 511199K->425105K(712704K), 0.0037347 secs] [Times: user=0.02 sys=0.00, real=0.00 secs] 
325.109: [GC (Allocation Failure) [PSYoungGen: 109440K->1376K(112640K)] 524945K->416881K(711680K), 0.0030500 secs] [Times: user=0.01 sys=0.01, real=0.00 secs] 
326.074: [GC (Allocation Failure) [PSYoungGen: 100704K->1408K(100352K)] 516209K->416913K(699392K), 0.0022688 secs] [Times: user=0.01 sys=0.00, real=0.00 secs] 
327.857: [GC (Allocation Failure) [PSYoungGen: 100224K->9632K(111616K)] 515729K->425137K(710656K), 0.0047903 secs] [Times: user=0.02 sys=0.01, real=0.01 secs] 
328.720: [GC (Allocation Failure) [PSYoungGen: 107424K->1408K(98816K)] 522929K->416913K(697856K), 0.0023551 secs] [Times: user=0.01 sys=0.00, real=0.00 secs] 
329.486: [GC (Allocation Failure) [PSYoungGen: 98688K->1408K(109568K)] 514193K->416913K(708608K), 0.0024646 secs] [Times: user=0.01 sys=0.00, real=0.01 secs] 
330.751: [GC (Allocation Failure) [PSYoungGen: 98176K->5536K(101888K)] 513681K->421057K(700928K), 0.0024276 secs] [Times: user=0.01 sys=0.00, real=0.00 secs] 
331.565: [GC (Allocation Failure) [PSYoungGen: 101792K->9600K(108032K)] 517313K->433313K(707072K), 0.0035074 secs] [Times: user=0.02 sys=0.00, real=0.01 secs] 
332.739: [GC (Allocation Failure) [PSYoungGen: 104320K->1408K(95744K)] 528033K->425121K(694784K), 0.0030385 secs] [Times: user=0.01 sys=0.00, real=0.00 secs] 
334.273: [GC (Allocation Failure) [PSYoungGen: 95616K->1373K(106496K)] 519329K->425094K(705536K), 0.0016812 secs] [Times: user=0.01 sys=0.00, real=0.00 secs] 
335.508: [GC (Allocation Failure) [PSYoungGen: 95069K->9632K(107008K)] 518790K->441545K(706048K), 0.0050340 secs] [Times: user=0.02 sys=0.00, real=0.00 secs] 
336.351: [GC (Allocation Failure) [PSYoungGen: 102816K->1376K(105984K)] 534729K->433289K(705024K), 0.0024651 secs] [Times: user=0.01 sys=0.00, real=0.00 secs] 
336.760: [GC (Allocation Failure) [PSYoungGen: 94048K->1376K(93696K)] 525961K->433289K(692736K), 0.0025120 secs] [Times: user=0.01 sys=0.00, real=0.00 secs] 
338.833: [GC (Allocation Failure) [PSYoungGen: 93536K->9568K(104960K)] 525449K->441481K(704000K), 0.0026618 secs] [Times: user=0.02 sys=0.00, real=0.00 secs] 
339.178: [GC (Allocation Failure) [PSYoungGen: 100704K->1392K(92160K)] 532617K->433305K(691200K), 0.0029332 secs] [Times: user=0.01 sys=0.00, real=0.00 secs] 
339.735: [GC (Allocation Failure) [PSYoungGen: 92016K->1344K(102912K)] 523929K->433257K(701952K), 0.0022648 secs] [Times: user=0.01 sys=0.00, real=0.01 secs] 
341.143: [GC (Allocation Failure) [PSYoungGen: 91456K->2464K(92160K)] 523369K->434385K(691200K), 0.0029870 secs] [Times: user=0.02 sys=0.00, real=0.00 secs] 
342.032: [GC (Allocation Failure) [PSYoungGen: 92064K->9600K(101888K)] 523985K->449713K(700928K), 0.0050409 secs] [Times: user=0.03 sys=0.00, real=0.01 secs] 
342.812: [GC (Allocation Failure) [PSYoungGen: 98176K->1408K(89600K)] 538289K->441537K(688640K), 0.0039647 secs] [Times: user=0.01 sys=0.00, real=0.00 secs] 
343.889: [GC (Allocation Failure) [PSYoungGen: 89472K->1408K(99840K)] 529601K->441537K(698880K), 0.0042700 secs] [Times: user=0.02 sys=0.00, real=0.00 secs] 
345.657: [GC (Allocation Failure) [PSYoungGen: 88960K->9632K(100352K)] 529089K->449769K(699392K), 0.0029044 secs] [Times: user=0.01 sys=0.00, real=0.00 secs] 
346.662: [GC (Allocation Failure) [PSYoungGen: 96672K->1376K(99840K)] 536809K->441521K(698880K), 0.0026795 secs] [Times: user=0.02 sys=0.00, real=0.00 secs] 
347.396: [GC (Allocation Failure) [PSYoungGen: 87904K->1408K(87552K)] 528049K->441553K(686592K), 0.0023896 secs] [Times: user=0.01 sys=0.00, real=0.01 secs] 
348.499: [GC (Allocation Failure) [PSYoungGen: 87424K->1552K(97792K)] 527569K->441697K(696832K), 0.0019437 secs] [Times: user=0.00 sys=0.00, real=0.00 secs] 
349.228: [GC (Allocation Failure) [PSYoungGen: 87056K->9600K(98304K)] 527201K->457937K(697344K), 0.0045721 secs] [Times: user=0.02 sys=0.00, real=0.00 secs] 
350.514: [GC (Allocation Failure) [PSYoungGen: 94592K->1344K(97280K)] 542929K->449689K(696320K), 0.0053379 secs] [Times: user=0.02 sys=0.00, real=0.01 secs] 
351.770: [GC (Allocation Failure) [PSYoungGen: 85824K->1360K(85504K)] 534169K->449705K(684544K), 0.0037152 secs] [Times: user=0.01 sys=0.00, real=0.00 secs] 
352.921: [GC (Allocation Failure) [PSYoungGen: 85328K->5568K(96256K)] 533673K->453921K(695296K), 0.0022567 secs] [Times: user=0.01 sys=0.00, real=0.00 secs] 
353.292: [GC (Allocation Failure) [PSYoungGen: 89024K->9632K(96256K)] 537377K->466177K(695296K), 0.0034912 secs] [Times: user=0.02 sys=0.00, real=0.00 secs] 
353.704: [GC (Allocation Failure) [PSYoungGen: 92576K->1440K(95232K)] 549121K->457985K(694272K), 0.0025398 secs] [Times: user=0.02 sys=0.00, real=0.00 secs] 
354.088: [GC (Allocation Failure) [PSYoungGen: 83872K->1408K(83456K)] 540417K->457953K(682496K), 0.0026194 secs] [Times: user=0.01 sys=0.00, real=0.00 secs] 
355.304: [GC (Allocation Failure) [PSYoungGen: 83328K->9664K(93696K)] 539873K->466217K(692736K), 0.0078247 secs] [Times: user=0.04 sys=0.00, real=0.01 secs] 
356.709: [GC (Allocation Failure) [PSYoungGen: 90048K->1360K(81408K)] 546601K->457913K(680448K), 0.0033358 secs] [Times: user=0.01 sys=0.00, real=0.00 secs] 
357.153: [GC (Allocation Failure) [PSYoungGen: 81232K->1408K(92160K)] 537785K->457961K(691200K), 0.0024822 secs] [Times: user=0.01 sys=0.00, real=0.00 secs] 
357.654: [GC (Allocation Failure) [PSYoungGen: 80768K->1392K(80384K)] 537321K->457945K(679424K), 0.0026106 secs] [Times: user=0.01 sys=0.00, real=0.01 secs] 
359.293: [GC (Allocation Failure) [PSYoungGen: 80240K->9616K(91136K)] 536793K->466185K(690176K), 0.0042089 secs] [Times: user=0.02 sys=0.00, real=0.01 secs] 
360.078: [GC (Allocation Failure) [PSYoungGen: 87440K->1408K(78848K)] 544009K->457977K(677888K), 0.0039861 secs] [Times: user=0.02 sys=0.00, real=0.00 secs] 
360.903: [GC (Allocation Failure) [PSYoungGen: 78720K->1408K(89088K)] 535289K->457977K(688128K), 0.0050776 secs] [Times: user=0.02 sys=0.00, real=0.01 secs] 
361.723: [GC (Allocation Failure) [PSYoungGen: 78208K->1408K(77824K)] 534777K->457977K(676864K), 0.0039374 secs] [Times: user=0.02 sys=0.00, real=0.00 secs] 
362.804: [GC (Allocation Failure) [PSYoungGen: 77696K->9600K(87552K)] 534265K->466169K(686592K), 0.0031299 secs] [Times: user=0.01 sys=0.00, real=0.01 secs] 
363.087: [GC (Allocation Failure) [PSYoungGen: 84352K->9568K(88576K)] 540921K->474329K(687616K), 0.0037809 secs] [Times: user=0.02 sys=0.00, real=0.00 secs] 
363.506: [GC (Allocation Failure) [PSYoungGen: 83808K->1408K(87552K)] 548569K->466169K(686592K), 0.0021894 secs] [Times: user=0.01 sys=0.00, real=0.01 secs] 
364.019: [GC (Allocation Failure) [PSYoungGen: 75136K->1360K(74752K)] 539897K->466137K(673792K), 0.0039411 secs] [Times: user=0.01 sys=0.00, real=0.00 secs] 
365.068: [GC (Allocation Failure) [PSYoungGen: 74576K->5536K(85504K)] 539353K->470321K(684544K), 0.0025477 secs] [Times: user=0.01 sys=0.00, real=0.00 secs] 
365.514: [GC (Allocation Failure) [PSYoungGen: 78240K->9600K(86016K)] 543025K->482577K(685056K), 0.0035540 secs] [Times: user=0.01 sys=0.00, real=0.01 secs] 
366.431: [GC (Allocation Failure) [PSYoungGen: 81792K->1408K(84992K)] 554769K->474385K(684032K), 0.0056126 secs] [Times: user=0.02 sys=0.00, real=0.00 secs] 
367.435: [GC (Allocation Failure) [PSYoungGen: 73088K->1312K(72704K)] 546065K->474321K(671744K), 0.0049561 secs] [Times: user=0.02 sys=0.00, real=0.01 secs] 
368.830: [GC (Allocation Failure) [PSYoungGen: 72480K->1664K(82944K)] 545489K->474681K(681984K), 0.0022245 secs] [Times: user=0.01 sys=0.00, real=0.00 secs] 
369.157: [GC (Allocation Failure) [PSYoungGen: 72320K->9568K(83456K)] 545337K->490777K(682496K), 0.0032288 secs] [Times: user=0.01 sys=0.00, real=0.00 secs] 
369.730: [GC (Allocation Failure) [PSYoungGen: 79712K->1376K(83968K)] 560921K->482585K(683008K), 0.0025725 secs] [Times: user=0.02 sys=0.00, real=0.00 secs] 
370.324: [GC (Allocation Failure) [PSYoungGen: 71520K->1344K(71680K)] 552729K->482553K(670720K), 0.0038837 secs] [Times: user=0.02 sys=0.00, real=0.01 secs] 
370.895: [GC (Allocation Failure) [PSYoungGen: 71488K->1408K(82944K)] 552697K->482617K(681984K), 0.0028375 secs] [Times: user=0.02 sys=0.00, real=0.01 secs] 
372.143: [GC (Allocation Failure) [PSYoungGen: 71552K->9664K(83456K)] 552761K->490873K(682496K), 0.0026117 secs] [Times: user=0.01 sys=0.00, real=0.00 secs] 
372.921: [GC (Allocation Failure) [PSYoungGen: 79808K->9600K(83456K)] 561017K->499001K(682496K), 0.0052024 secs] [Times: user=0.02 sys=0.00, real=0.00 secs] 
373.663: [GC (Allocation Failure) [PSYoungGen: 78720K->1360K(70656K)] 568121K->490769K(669696K), 0.0038283 secs] [Times: user=0.02 sys=0.00, real=0.00 secs] 
374.602: [GC (Allocation Failure) [PSYoungGen: 70480K->1408K(82944K)] 559889K->490817K(681984K), 0.0047077 secs] [Times: user=0.03 sys=0.00, real=0.00 secs] 
375.855: [GC (Allocation Failure) [PSYoungGen: 70528K->1920K(71168K)] 559937K->491337K(670208K), 0.0023436 secs] [Times: user=0.01 sys=0.00, real=0.01 secs] 
376.080: [GC (Allocation Failure) [PSYoungGen: 71040K->9632K(81920K)] 560457K->507241K(680960K), 0.0029389 secs] [Times: user=0.01 sys=0.01, real=0.00 secs] 
376.363: [GC (Allocation Failure) [PSYoungGen: 77728K->1344K(69632K)] 575337K->498977K(668672K), 0.0021142 secs] [Times: user=0.01 sys=0.00, real=0.00 secs] 
376.646: [GC (Allocation Failure) [PSYoungGen: 69440K->1408K(81408K)] 567073K->499041K(680448K), 0.0023497 secs] [Times: user=0.01 sys=0.00, real=0.01 secs] 
376.929: [GC (Allocation Failure) [PSYoungGen: 69504K->1376K(69632K)] 567137K->499009K(668672K), 0.0021117 secs] [Times: user=0.01 sys=0.00, real=0.00 secs] 
378.124: [GC (Allocation Failure) [PSYoungGen: 66938K->5536K(81408K)] 564571K->503169K(680448K), 0.0028824 secs] [Times: user=0.01 sys=0.00, real=0.00 secs] 
378.606: [GC (Allocation Failure) [PSYoungGen: 73632K->9536K(81408K)] 571265K->515369K(680448K), 0.0043156 secs] [Times: user=0.02 sys=0.00, real=0.01 secs] 
378.919: [GC (Allocation Failure) [PSYoungGen: 77632K->1344K(81408K)] 583465K->507185K(680448K), 0.0024070 secs] [Times: user=0.01 sys=0.00, real=0.00 secs] 
379.246: [GC (Allocation Failure) [PSYoungGen: 69440K->1376K(69632K)] 575281K->507217K(668672K), 0.0024640 secs] [Times: user=0.01 sys=0.00, real=0.01 secs] 
379.812: [GC (Allocation Failure) [PSYoungGen: 69472K->1405K(80384K)] 575313K->507246K(679424K), 0.0018358 secs] [Times: user=0.00 sys=0.00, real=0.00 secs] 
381.052: [GC (Allocation Failure) [PSYoungGen: 69501K->9568K(80896K)] 575342K->515409K(679936K), 0.0052805 secs] [Times: user=0.03 sys=0.00, real=0.01 secs] 
381.571: [GC (Allocation Failure) [PSYoungGen: 77664K->1312K(81408K)] 583505K->507153K(680448K), 0.0030874 secs] [Times: user=0.01 sys=0.00, real=0.00 secs] 
382.191: [GC (Allocation Failure) [PSYoungGen: 69408K->1312K(69632K)] 575249K->507153K(668672K), 0.0026573 secs] [Times: user=0.01 sys=0.00, real=0.00 secs] 
382.779: [GC (Allocation Failure) [PSYoungGen: 69408K->1344K(80384K)] 575249K->507185K(679424K), 0.0027141 secs] [Times: user=0.01 sys=0.00, real=0.00 secs] 
383.885: [GC (Allocation Failure) [PSYoungGen: 69440K->5472K(73728K)] 575281K->511329K(672768K), 0.0028919 secs] [Times: user=0.01 sys=0.00, real=0.01 secs] 
384.672: [GC (Allocation Failure) [PSYoungGen: 73568K->9536K(78848K)] 579425K->523585K(677888K), 0.0038894 secs] [Times: user=0.02 sys=0.00, real=0.00 secs] 
385.592: [GC (Allocation Failure) [PSYoungGen: 76096K->1312K(68096K)] 590145K->515361K(667136K), 0.0035766 secs] [Times: user=0.01 sys=0.00, real=0.00 secs] 
385.915: [GC (Allocation Failure) [PSYoungGen: 67872K->1312K(78848K)] 581921K->515361K(677888K), 0.0030867 secs] [Times: user=0.01 sys=0.00, real=0.01 secs] 
386.558: [GC (Allocation Failure) [PSYoungGen: 67872K->1312K(68096K)] 581921K->515361K(667136K), 0.0027505 secs] [Times: user=0.01 sys=0.00, real=0.00 secs] 
387.758: [GC (Allocation Failure) [PSYoungGen: 67872K->9632K(77312K)] 581921K->523689K(676352K), 0.0027692 secs] [Times: user=0.02 sys=0.00, real=0.00 secs] 
388.471: [GC (Allocation Failure) [PSYoungGen: 74656K->9600K(78848K)] 588713K->531849K(677888K), 0.0080506 secs] [Times: user=0.04 sys=0.01, real=0.01 secs] 
389.407: [GC (Allocation Failure) [PSYoungGen: 74624K->1344K(78848K)] 596873K->523593K(677888K), 0.0047812 secs] [Times: user=0.02 sys=0.00, real=0.01 secs] 
389.679: [GC (Allocation Failure) [PSYoungGen: 66368K->1344K(66560K)] 588617K->523593K(665600K), 0.0023659 secs] [Times: user=0.01 sys=0.00, real=0.00 secs] 
390.132: [GC (Allocation Failure) [PSYoungGen: 66368K->1373K(77824K)] 588617K->523623K(676864K), 0.0019083 secs] [Times: user=0.01 sys=0.00, real=0.00 secs] 
390.898: [GC (Allocation Failure) [PSYoungGen: 66397K->9600K(78336K)] 588647K->531849K(677376K), 0.0025316 secs] [Times: user=0.01 sys=0.00, real=0.00 secs] 
391.413: [GC (Allocation Failure) [PSYoungGen: 74624K->9584K(78848K)] 596873K->540033K(677888K), 0.0053774 secs] [Times: user=0.03 sys=0.00, real=0.01 secs] 
391.799: [GC (Allocation Failure) [PSYoungGen: 73584K->1344K(65536K)] 604033K->531793K(664576K), 0.0026965 secs] [Times: user=0.02 sys=0.00, real=0.00 secs] 
392.093: [GC (Allocation Failure) [PSYoungGen: 65344K->1344K(78336K)] 595793K->531793K(677376K), 0.0024188 secs] [Times: user=0.01 sys=0.00, real=0.00 secs] 
393.481: [GC (Allocation Failure) [PSYoungGen: 65344K->1373K(65536K)] 595793K->531823K(664576K), 0.0018274 secs] [Times: user=0.01 sys=0.00, real=0.00 secs] 
393.831: [GC (Allocation Failure) [PSYoungGen: 65373K->9632K(77312K)] 595823K->540081K(676352K), 0.0024111 secs] [Times: user=0.01 sys=0.00, real=0.00 secs] 
394.086: [GC (Allocation Failure) [PSYoungGen: 72608K->9616K(78336K)] 603057K->548273K(677376K), 0.0033609 secs] [Times: user=0.01 sys=0.00, real=0.01 secs] 
394.607: [GC (Allocation Failure) [PSYoungGen: 72592K->1360K(78848K)] 611249K->540017K(677888K), 0.0023258 secs] [Times: user=0.01 sys=0.00, real=0.00 secs] 
395.108: [GC (Allocation Failure) [PSYoungGen: 64336K->1408K(64512K)] 602993K->540065K(663552K), 0.0028184 secs] [Times: user=0.01 sys=0.00, real=0.00 secs] 
396.084: [GC (Allocation Failure) [PSYoungGen: 64384K->288K(77824K)] 603041K->538945K(676864K), 0.0017377 secs] [Times: user=0.00 sys=0.00, real=0.00 secs] 
396.315: [GC (Allocation Failure) [PSYoungGen: 63264K->9632K(77824K)] 601921K->548297K(676864K), 0.0021224 secs] [Times: user=0.01 sys=0.01, real=0.01 secs] 
396.653: [GC (Allocation Failure) [PSYoungGen: 72608K->9568K(78336K)] 611273K->556425K(677376K), 0.0033846 secs] [Times: user=0.02 sys=0.01, real=0.00 secs] 
397.232: [GC (Allocation Failure) [PSYoungGen: 72032K->1408K(64000K)] 618889K->548265K(663040K), 0.0022844 secs] [Times: user=0.01 sys=0.00, real=0.00 secs] 
397.769: [GC (Allocation Failure) [PSYoungGen: 63872K->1408K(77312K)] 610729K->548265K(676352K), 0.0022701 secs] [Times: user=0.01 sys=0.00, real=0.00 secs] 
398.695: [GC (Allocation Failure) [PSYoungGen: 63872K->1373K(64000K)] 610729K->548231K(663040K), 0.0017056 secs] [Times: user=0.00 sys=0.00, real=0.01 secs] 
399.513: [GC (Allocation Failure) [PSYoungGen: 63837K->9632K(76288K)] 610695K->556497K(675328K), 0.0024698 secs] [Times: user=0.01 sys=0.00, real=0.00 secs] 
400.112: [GC (Allocation Failure) [PSYoungGen: 71072K->9632K(77312K)] 617937K->564689K(676352K), 0.0033663 secs] [Times: user=0.02 sys=0.00, real=0.00 secs] 
400.592: [GC (Allocation Failure) [PSYoungGen: 71072K->1344K(77312K)] 626129K->556401K(676352K), 0.0023896 secs] [Times: user=0.01 sys=0.00, real=0.00 secs] 
401.132: [GC (Allocation Failure) [PSYoungGen: 62784K->1408K(62976K)] 617841K->556465K(662016K), 0.0024970 secs] [Times: user=0.01 sys=0.00, real=0.00 secs] 
401.933: [GC (Allocation Failure) [PSYoungGen: 62848K->1440K(75776K)] 617905K->556497K(674816K), 0.0017856 secs] [Times: user=0.01 sys=0.00, real=0.00 secs] 
403.334: [GC (Allocation Failure) [PSYoungGen: 62880K->9632K(76288K)] 617937K->564689K(675328K), 0.0050521 secs] [Times: user=0.02 sys=0.00, real=0.01 secs] 
404.318: [GC (Allocation Failure) [PSYoungGen: 71072K->9600K(76288K)] 626129K->572849K(675328K), 0.0085732 secs] [Times: user=0.04 sys=0.00, real=0.00 secs] 
405.092: [GC (Allocation Failure) [PSYoungGen: 70016K->1376K(61952K)] 633265K->564633K(660992K), 0.0043188 secs] [Times: user=0.02 sys=0.00, real=0.00 secs] 
405.850: [GC (Allocation Failure) [PSYoungGen: 61792K->1376K(75776K)] 625049K->564633K(674816K), 0.0047275 secs] [Times: user=0.02 sys=0.00, real=0.00 secs] 
406.508: [GC (Allocation Failure) [PSYoungGen: 61777K->272K(60928K)] 625035K->563529K(659968K), 0.0028068 secs] [Times: user=0.02 sys=0.00, real=0.00 secs] 
407.415: [GC (Allocation Failure) [PSYoungGen: 60688K->9632K(74752K)] 623945K->572913K(673792K), 0.0071131 secs] [Times: user=0.03 sys=0.00, real=0.01 secs] 
407.837: [GC (Allocation Failure) [PSYoungGen: 69024K->9600K(75776K)] 632305K->581073K(674816K), 0.0051966 secs] [Times: user=0.02 sys=0.01, real=0.00 secs] 
408.331: [GC (Allocation Failure) [PSYoungGen: 68992K->1408K(75264K)] 640465K->572881K(674304K), 0.0035161 secs] [Times: user=0.01 sys=0.00, real=0.00 secs] 
408.631: [GC (Allocation Failure) [PSYoungGen: 60800K->1408K(60928K)] 632273K->572881K(659968K), 0.0028821 secs] [Times: user=0.01 sys=0.00, real=0.00 secs] 
408.878: [GC (Allocation Failure) [PSYoungGen: 60800K->1376K(74240K)] 632273K->572849K(673280K), 0.0026422 secs] [Times: user=0.01 sys=0.00, real=0.00 secs] 
409.916: [GC (Allocation Failure) [PSYoungGen: 60768K->5568K(65024K)] 632241K->577049K(664064K), 0.0038507 secs] [Times: user=0.01 sys=0.00, real=0.01 secs] 
410.538: [GC (Allocation Failure) [PSYoungGen: 64960K->9632K(73216K)] 636441K->589305K(672256K), 0.0098095 secs] [Times: user=0.05 sys=0.00, real=0.01 secs] 
411.250: [GC (Allocation Failure) [PSYoungGen: 68000K->1440K(59904K)] 647673K->581113K(658944K), 0.0044185 secs] [Times: user=0.02 sys=0.00, real=0.00 secs] 
411.937: [GC (Allocation Failure) [PSYoungGen: 59808K->1392K(72704K)] 639481K->581065K(671744K), 0.0047415 secs] [Times: user=0.02 sys=0.00, real=0.00 secs] 
412.665: [GC (Allocation Failure) [PSYoungGen: 59760K->1440K(59904K)] 639433K->581113K(658944K), 0.0055170 secs] [Times: user=0.02 sys=0.00, real=0.01 secs] 
413.865: [GC (Allocation Failure) [PSYoungGen: 59808K->2464K(71168K)] 639481K->582146K(670208K), 0.0027036 secs] [Times: user=0.01 sys=0.00, real=0.01 secs] 
414.115: [GC (Allocation Failure) [PSYoungGen: 60832K->9600K(71680K)] 640514K->589282K(670720K), 0.0024063 secs] [Times: user=0.01 sys=0.00, real=0.01 secs] 
414.399: [GC (Allocation Failure) [PSYoungGen: 67968K->9632K(71680K)] 647650K->597522K(670720K), 0.0054110 secs] [Times: user=0.02 sys=0.00, real=0.00 secs] 
414.404: [Full GC (Ergonomics) [PSYoungGen: 9632K->0K(71680K)] [ParOldGen: 587889K->86928K(625152K)] 597522K->86928K(696832K), [Metaspace: 54966K->54958K(1099776K)], 0.0504017 secs] [Times: user=0.12 sys=0.00, real=0.05 secs] 
414.762: [GC (Allocation Failure) [PSYoungGen: 57344K->128K(72704K)] 177040K->152592K(697856K), 0.0040163 secs] [Times: user=0.02 sys=0.00, real=0.00 secs] 
415.182: [GC (Allocation Failure) [PSYoungGen: 57472K->64K(77824K)] 242704K->185296K(702976K), 0.0021430 secs] [Times: user=0.00 sys=0.00, real=0.00 secs] 
415.405: [GC (Allocation Failure) [PSYoungGen: 64064K->128K(78848K)] 249296K->250897K(704000K), 0.0092294 secs] [Times: user=0.05 sys=0.00, real=0.01 secs] 
415.635: [GC (Allocation Failure) [PSYoungGen: 64128K->64K(87552K)] 314897K->283601K(712704K), 0.0083549 secs] [Times: user=0.04 sys=0.00, real=0.01 secs] 
416.499: [GC (Allocation Failure) [PSYoungGen: 73792K->9629K(87552K)] 357329K->293166K(712704K), 0.0026668 secs] [Times: user=0.02 sys=0.00, real=0.00 secs] 
416.807: [GC (Allocation Failure) [PSYoungGen: 83357K->1408K(96768K)] 366894K->284945K(721920K), 0.0020368 secs] [Times: user=0.01 sys=0.00, real=0.00 secs] 
417.153: [GC (Allocation Failure) [PSYoungGen: 84864K->1373K(98304K)] 368401K->284910K(723456K), 0.0018039 secs] [Times: user=0.01 sys=0.00, real=0.00 secs] 
417.520: [GC (Allocation Failure) [PSYoungGen: 84829K->1408K(104960K)] 368366K->284945K(730112K), 0.0019169 secs] [Times: user=0.01 sys=0.00, real=0.00 secs] 
418.888: [GC (Allocation Failure) [PSYoungGen: 94592K->1408K(106496K)] 378129K->284961K(731648K), 0.0028980 secs] [Times: user=0.01 sys=0.00, real=0.00 secs] 
419.774: [GC (Allocation Failure) [PSYoungGen: 94592K->1440K(112128K)] 378145K->285001K(737280K), 0.0029923 secs] [Times: user=0.01 sys=0.01, real=0.01 secs] 
420.398: [GC (Allocation Failure) [PSYoungGen: 103840K->1392K(114176K)] 387401K->284953K(739328K), 0.0018741 secs] [Times: user=0.00 sys=0.00, real=0.00 secs] 
421.777: [GC (Allocation Failure) [PSYoungGen: 103792K->1485K(119808K)] 387353K->285054K(744960K), 0.0018614 secs] [Times: user=0.01 sys=0.00, real=0.01 secs] 
422.687: [GC (Allocation Failure) [PSYoungGen: 112077K->1408K(121344K)] 395646K->284977K(746496K), 0.0020945 secs] [Times: user=0.01 sys=0.00, real=0.01 secs] 
423.236: [GC (Allocation Failure) [PSYoungGen: 112000K->1472K(128000K)] 395569K->285041K(753152K), 0.0019800 secs] [Times: user=0.01 sys=0.00, real=0.01 secs] 
424.606: [GC (Allocation Failure) [PSYoungGen: 120256K->1469K(128512K)] 403825K->285038K(753664K), 0.0019470 secs] [Times: user=0.01 sys=0.00, real=0.01 secs] 
425.845: [GC (Allocation Failure) [PSYoungGen: 120253K->1437K(133632K)] 403822K->285006K(758784K), 0.0033779 secs] [Times: user=0.01 sys=0.01, real=0.01 secs] 
427.668: [GC (Allocation Failure) [PSYoungGen: 127389K->5613K(134656K)] 410958K->293278K(759808K), 0.0021420 secs] [Times: user=0.01 sys=0.00, real=0.00 secs] 
428.280: [GC (Allocation Failure) [PSYoungGen: 131565K->1437K(141824K)] 419230K->289102K(766976K), 0.0019666 secs] [Times: user=0.01 sys=0.00, real=0.00 secs] 
429.118: [GC (Allocation Failure) [PSYoungGen: 134557K->1386K(133632K)] 422222K->289051K(758784K), 0.0015441 secs] [Times: user=0.00 sys=0.00, real=0.00 secs] 
430.411: [GC (Allocation Failure) [PSYoungGen: 133482K->1440K(137216K)] 421147K->289158K(762368K), 0.0019531 secs] [Times: user=0.01 sys=0.00, real=0.00 secs] 
432.280: [GC (Allocation Failure) [PSYoungGen: 132512K->1392K(131584K)] 420230K->289110K(756736K), 0.0021879 secs] [Times: user=0.01 sys=0.01, real=0.00 secs] 
433.946: [GC (Allocation Failure) [PSYoungGen: 131440K->1408K(134656K)] 419158K->289126K(759808K), 0.0019667 secs] [Times: user=0.01 sys=0.01, real=0.01 secs] 
434.609: [GC (Allocation Failure) [PSYoungGen: 130432K->1440K(129536K)] 418150K->289166K(754688K), 0.0018496 secs] [Times: user=0.00 sys=0.00, real=0.00 secs] 
436.040: [GC (Allocation Failure) [PSYoungGen: 129440K->5552K(133632K)] 417166K->293278K(758784K), 0.0018579 secs] [Times: user=0.00 sys=0.00, real=0.00 secs] 
436.700: [GC (Allocation Failure) [PSYoungGen: 132528K->1376K(127488K)] 420254K->289102K(752640K), 0.0021118 secs] [Times: user=0.01 sys=0.00, real=0.00 secs] 
437.388: [GC (Allocation Failure) [PSYoungGen: 127328K->1376K(131072K)] 415054K->289102K(756224K), 0.0019610 secs] [Times: user=0.01 sys=0.00, real=0.00 secs] 
439.243: [GC (Allocation Failure) [PSYoungGen: 126304K->1360K(125440K)] 414030K->289110K(750592K), 0.0048821 secs] [Times: user=0.02 sys=0.01, real=0.01 secs] 
440.742: [GC (Allocation Failure) [PSYoungGen: 125264K->1376K(127488K)] 413014K->289126K(752640K), 0.0049148 secs] [Times: user=0.02 sys=0.00, real=0.01 secs] 
442.256: [GC (Allocation Failure) [PSYoungGen: 124256K->5504K(128000K)] 412006K->297350K(753152K), 0.0018278 secs] [Times: user=0.01 sys=0.00, real=0.01 secs] 
443.202: [GC (Allocation Failure) [PSYoungGen: 127360K->1344K(126976K)] 419206K->293198K(752128K), 0.0020956 secs] [Times: user=0.00 sys=0.00, real=0.00 secs] 
444.373: [GC (Allocation Failure) [PSYoungGen: 122176K->1360K(121344K)] 414030K->293214K(746496K), 0.0023913 secs] [Times: user=0.01 sys=0.00, real=0.00 secs] 
447.244: [GC (Allocation Failure) [PSYoungGen: 121168K->1408K(123392K)] 413022K->293262K(748544K), 0.0021997 secs] [Times: user=0.01 sys=0.00, real=0.00 secs] 
448.446: [GC (Allocation Failure) [PSYoungGen: 120192K->1312K(119296K)] 412046K->293166K(744448K), 0.0022236 secs] [Times: user=0.01 sys=0.00, real=0.01 secs] 
449.963: [GC (Allocation Failure) [PSYoungGen: 118663K->5552K(122880K)] 410517K->297406K(748032K), 0.0016569 secs] [Times: user=0.01 sys=0.00, real=0.00 secs] 
450.530: [GC (Allocation Failure) [PSYoungGen: 122288K->1376K(117248K)] 414142K->293230K(742400K), 0.0020254 secs] [Times: user=0.00 sys=0.00, real=0.00 secs] 
451.034: [GC (Allocation Failure) [PSYoungGen: 117088K->1376K(120320K)] 408942K->293230K(745472K), 0.0019517 secs] [Times: user=0.01 sys=0.01, real=0.00 secs] 
452.782: [GC (Allocation Failure) [PSYoungGen: 116064K->1440K(115200K)] 407918K->293294K(740352K), 0.0022439 secs] [Times: user=0.00 sys=0.00, real=0.00 secs] 
454.381: [GC (Allocation Failure) [PSYoungGen: 115104K->1392K(118784K)] 406958K->293254K(743936K), 0.0042831 secs] [Times: user=0.01 sys=0.00, real=0.00 secs] 
455.876: [GC (Allocation Failure) [PSYoungGen: 114544K->1392K(114176K)] 406406K->293254K(739328K), 0.0015385 secs] [Times: user=0.01 sys=0.00, real=0.01 secs] 
456.628: [GC (Allocation Failure) [PSYoungGen: 114032K->1440K(117248K)] 405894K->293302K(742400K), 0.0017725 secs] [Times: user=0.00 sys=0.00, real=0.00 secs] 
457.531: [GC (Allocation Failure) [PSYoungGen: 113568K->1344K(113152K)] 405430K->293206K(738304K), 0.0019744 secs] [Times: user=0.00 sys=0.00, real=0.00 secs] 
458.727: [GC (Allocation Failure) [PSYoungGen: 112960K->3488K(116224K)] 404822K->295358K(741376K), 0.0014621 secs] [Times: user=0.00 sys=0.00, real=0.01 secs] 
459.272: [GC (Allocation Failure) [PSYoungGen: 114592K->1376K(112128K)] 406462K->293246K(737280K), 0.0025657 secs] [Times: user=0.00 sys=0.00, real=0.00 secs] 
460.199: [GC (Allocation Failure) [PSYoungGen: 111968K->1376K(114688K)] 403838K->293246K(739840K), 0.0026013 secs] [Times: user=0.01 sys=0.00, real=0.00 secs] 
461.538: [GC (Allocation Failure) [PSYoungGen: 111456K->1440K(111104K)] 403326K->301510K(736256K), 0.0025867 secs] [Times: user=0.01 sys=0.00, real=0.00 secs] 
462.349: [GC (Allocation Failure) [PSYoungGen: 111008K->1376K(113152K)] 411078K->301446K(738304K), 0.0022642 secs] [Times: user=0.01 sys=0.00, real=0.00 secs] 
463.200: [GC (Allocation Failure) [PSYoungGen: 110432K->1328K(110080K)] 410502K->301406K(735232K), 0.0020243 secs] [Times: user=0.01 sys=0.00, real=0.00 secs] 
464.364: [GC (Allocation Failure) [PSYoungGen: 109872K->1440K(111104K)] 409950K->301518K(736256K), 0.0017075 secs] [Times: user=0.01 sys=0.00, real=0.00 secs] 
465.270: [GC (Allocation Failure) [PSYoungGen: 109472K->1376K(109056K)] 409550K->301454K(734208K), 0.0020574 secs] [Times: user=0.01 sys=0.00, real=0.00 secs] 
466.492: [GC (Allocation Failure) [PSYoungGen: 108896K->1392K(110592K)] 408974K->301470K(735744K), 0.0013975 secs] [Times: user=0.00 sys=0.00, real=0.00 secs] 
467.735: [GC (Allocation Failure) [PSYoungGen: 108400K->1440K(108032K)] 408478K->301518K(733184K), 0.0020948 secs] [Times: user=0.01 sys=0.00, real=0.01 secs] 
468.626: [GC (Allocation Failure) [PSYoungGen: 107936K->1376K(109056K)] 408014K->301454K(734208K), 0.0032137 secs] [Times: user=0.01 sys=0.00, real=0.01 secs] 
470.127: [GC (Allocation Failure) [PSYoungGen: 107360K->2464K(108032K)] 407438K->302550K(733184K), 0.0017774 secs] [Times: user=0.01 sys=0.00, real=0.00 secs] 
471.031: [GC (Allocation Failure) [PSYoungGen: 107936K->1344K(108032K)] 408022K->301438K(733184K), 0.0039734 secs] [Times: user=0.01 sys=0.00, real=0.00 secs] 
472.055: [GC (Allocation Failure) [PSYoungGen: 106304K->1408K(105984K)] 406398K->301502K(731136K), 0.0025836 secs] [Times: user=0.01 sys=0.00, real=0.01 secs] 
473.584: [GC (Allocation Failure) [PSYoungGen: 105856K->3456K(107520K)] 405950K->303550K(732672K), 0.0018725 secs] [Times: user=0.01 sys=0.00, real=0.00 secs] 
474.016: [GC (Allocation Failure) [PSYoungGen: 107392K->1408K(108032K)] 407486K->301510K(733184K), 0.0018080 secs] [Times: user=0.00 sys=0.00, real=0.01 secs] 
474.447: [GC (Allocation Failure) [PSYoungGen: 105344K->1424K(113664K)] 405446K->301526K(738816K), 0.0021122 secs] [Times: user=0.01 sys=0.00, real=0.00 secs] 
475.827: [GC (Allocation Failure) [PSYoungGen: 111504K->1456K(113664K)] 411606K->301558K(738816K), 0.0025861 secs] [Times: user=0.01 sys=0.00, real=0.00 secs] 
476.856: [GC (Allocation Failure) [PSYoungGen: 111536K->1408K(119808K)] 411638K->301518K(744960K), 0.0025653 secs] [Times: user=0.00 sys=0.01, real=0.01 secs] 
478.058: [GC (Allocation Failure) [PSYoungGen: 117632K->1408K(116736K)] 417742K->301526K(741888K), 0.0020513 secs] [Times: user=0.00 sys=0.00, real=0.00 secs] 
479.185: [GC (Allocation Failure) [PSYoungGen: 116608K->1424K(115712K)] 416726K->301542K(740864K), 0.0020791 secs] [Times: user=0.00 sys=0.00, real=0.01 secs] 
479.711: [GC (Allocation Failure) [PSYoungGen: 115600K->1408K(117248K)] 415718K->301526K(742400K), 0.0020063 secs] [Times: user=0.01 sys=0.00, real=0.00 secs] 
480.806: [GC (Allocation Failure) [PSYoungGen: 115584K->1984K(115712K)] 415702K->302110K(740864K), 0.0018362 secs] [Times: user=0.00 sys=0.00, real=0.01 secs] 
482.189: [GC (Allocation Failure) [PSYoungGen: 115648K->1424K(114688K)] 415774K->301550K(739840K), 0.0031581 secs] [Times: user=0.01 sys=0.00, real=0.00 secs] 
483.613: [GC (Allocation Failure) [PSYoungGen: 114576K->1440K(114176K)] 414702K->301566K(739328K), 0.0025609 secs] [Times: user=0.00 sys=0.00, real=0.00 secs] 
485.245: [GC (Allocation Failure) [PSYoungGen: 114080K->1440K(113664K)] 414206K->301566K(738816K), 0.0020636 secs] [Times: user=0.01 sys=0.00, real=0.01 secs] 
486.538: [GC (Allocation Failure) [PSYoungGen: 113568K->1408K(113152K)] 413694K->301550K(738304K), 0.0031304 secs] [Times: user=0.01 sys=0.00, real=0.00 secs] 
488.009: [GC (Allocation Failure) [PSYoungGen: 113024K->1408K(112640K)] 413166K->301550K(737792K), 0.0048395 secs] [Times: user=0.02 sys=0.00, real=0.00 secs] 
490.387: [GC (Allocation Failure) [PSYoungGen: 112512K->1440K(112128K)] 412654K->301582K(737280K), 0.0030329 secs] [Times: user=0.01 sys=0.00, real=0.00 secs] 
491.453: [GC (Allocation Failure) [PSYoungGen: 112032K->1392K(111616K)] 412174K->301534K(736768K), 0.0032373 secs] [Times: user=0.01 sys=0.00, real=0.00 secs] 
493.063: [GC (Allocation Failure) [PSYoungGen: 111472K->304K(110080K)] 411614K->300446K(735232K), 0.0015912 secs] [Times: user=0.01 sys=0.00, real=0.00 secs] 
493.639: [GC (Allocation Failure) [PSYoungGen: 109872K->1424K(111616K)] 410014K->301566K(736768K), 0.0018702 secs] [Times: user=0.01 sys=0.00, real=0.00 secs] 
494.188: [GC (Allocation Failure) [PSYoungGen: 110480K->1360K(110080K)] 410622K->301518K(735232K), 0.0019902 secs] [Times: user=0.00 sys=0.00, real=0.00 secs] 
495.391: [GC (Allocation Failure) [PSYoungGen: 109904K->2448K(110592K)] 410062K->303638K(735744K), 0.0019233 secs] [Times: user=0.00 sys=0.00, real=0.00 secs] 
496.417: [GC (Allocation Failure) [PSYoungGen: 110480K->352K(110080K)] 411670K->301542K(735232K), 0.0027866 secs] [Times: user=0.01 sys=0.00, real=0.00 secs] 
497.382: [GC (Allocation Failure) [PSYoungGen: 107872K->368K(107520K)] 409062K->301558K(732672K), 0.0021204 secs] [Times: user=0.01 sys=0.00, real=0.00 secs] 
498.680: [GC (Allocation Failure) [PSYoungGen: 107376K->1440K(109056K)] 408566K->302630K(734208K), 0.0028119 secs] [Times: user=0.01 sys=0.01, real=0.00 secs] 
499.548: [GC (Allocation Failure) [PSYoungGen: 107936K->1408K(107520K)] 409126K->302606K(732672K), 0.0020933 secs] [Times: user=0.01 sys=0.00, real=0.00 secs] 
500.495: [GC (Allocation Failure) [PSYoungGen: 107392K->1360K(107520K)] 408590K->302566K(732672K), 0.0022416 secs] [Times: user=0.01 sys=0.00, real=0.01 secs] 
501.900: [GC (Allocation Failure) [PSYoungGen: 106832K->1360K(106496K)] 408038K->302574K(731648K), 0.0026811 secs] [Times: user=0.01 sys=0.00, real=0.00 secs] 
502.696: [GC (Allocation Failure) [PSYoungGen: 106320K->1424K(106496K)] 407534K->302646K(731648K), 0.0023014 secs] [Times: user=0.01 sys=0.00, real=0.01 secs] 
503.130: [GC (Allocation Failure) [PSYoungGen: 105872K->1392K(107008K)] 407094K->302614K(732160K), 0.0018616 secs] [Times: user=0.01 sys=0.00, real=0.00 secs] 
505.246: [GC (Allocation Failure) [PSYoungGen: 105840K->1456K(105472K)] 407062K->302678K(730624K), 0.0032395 secs] [Times: user=0.01 sys=0.00, real=0.01 secs] 
506.450: [GC (Allocation Failure) [PSYoungGen: 105392K->1376K(104960K)] 406614K->302614K(730112K), 0.0024419 secs] [Times: user=0.00 sys=0.01, real=0.00 secs] 
507.438: [GC (Allocation Failure) [PSYoungGen: 104800K->1389K(104448K)] 406038K->302627K(729600K), 0.0025464 secs] [Times: user=0.01 sys=0.00, real=0.00 secs] 
508.447: [GC (Allocation Failure) [PSYoungGen: 104301K->1408K(103936K)] 405539K->302646K(729088K), 0.0019670 secs] [Times: user=0.00 sys=0.00, real=0.01 secs] 
508.880: [GC (Allocation Failure) [PSYoungGen: 103808K->1376K(109056K)] 405046K->302614K(734208K), 0.0025155 secs] [Times: user=0.01 sys=0.00, real=0.00 secs] 
510.016: [GC (Allocation Failure) [PSYoungGen: 108896K->1373K(109568K)] 410134K->302611K(734720K), 0.0014252 secs] [Times: user=0.01 sys=0.00, real=0.01 secs] 
511.192: [GC (Allocation Failure) [PSYoungGen: 108893K->1456K(108544K)] 410131K->302710K(733696K), 0.0028622 secs] [Times: user=0.01 sys=0.00, real=0.00 secs] 
511.638: [GC (Allocation Failure) [PSYoungGen: 108464K->1440K(114688K)] 409718K->302694K(739840K), 0.0020898 secs] [Times: user=0.01 sys=0.00, real=0.00 secs] 
512.854: [GC (Allocation Failure) [PSYoungGen: 114080K->1408K(115200K)] 415334K->306758K(740352K), 0.0019844 secs] [Times: user=0.01 sys=0.00, real=0.00 secs] 
513.920: [GC (Allocation Failure) [PSYoungGen: 114560K->1408K(114176K)] 419910K->306758K(739328K), 0.0017394 secs] [Times: user=0.00 sys=0.00, real=0.00 secs] 
514.824: [GC (Allocation Failure) [PSYoungGen: 114048K->1424K(113664K)] 419398K->306774K(738816K), 0.0020838 secs] [Times: user=0.01 sys=0.00, real=0.00 secs] 
516.213: [GC (Allocation Failure) [PSYoungGen: 113552K->1440K(113152K)] 418902K->306790K(738304K), 0.0018562 secs] [Times: user=0.00 sys=0.00, real=0.00 secs] 
517.777: [GC (Allocation Failure) [PSYoungGen: 113056K->1376K(112640K)] 418406K->306726K(737792K), 0.0024714 secs] [Times: user=0.00 sys=0.00, real=0.00 secs] 
519.004: [GC (Allocation Failure) [PSYoungGen: 112455K->288K(111104K)] 417805K->305638K(736256K), 0.0023270 secs] [Times: user=0.01 sys=0.00, real=0.00 secs] 
519.994: [GC (Allocation Failure) [PSYoungGen: 110880K->1440K(111616K)] 416230K->306790K(736768K), 0.0018545 secs] [Times: user=0.01 sys=0.00, real=0.00 secs] 
520.511: [GC (Allocation Failure) [PSYoungGen: 111520K->1392K(111104K)] 416870K->306758K(736256K), 0.0017890 secs] [Times: user=0.00 sys=0.00, real=0.00 secs] 
521.519: [GC (Allocation Failure) [PSYoungGen: 110960K->1440K(110592K)] 416326K->307830K(735744K), 0.0018244 secs] [Times: user=0.01 sys=0.00, real=0.00 secs] 
522.032: [GC (Allocation Failure) [PSYoungGen: 110496K->352K(109056K)] 416886K->306742K(734208K), 0.0019590 secs] [Times: user=0.00 sys=0.00, real=0.00 secs] 
522.568: [GC (Allocation Failure) [PSYoungGen: 108896K->352K(110592K)] 415286K->306742K(735744K), 0.0019231 secs] [Times: user=0.01 sys=0.00, real=0.00 secs] 
523.899: [GC (Allocation Failure) [PSYoungGen: 108896K->1408K(109568K)] 415286K->307798K(734720K), 0.0021099 secs] [Times: user=0.01 sys=0.00, real=0.00 secs] 
524.971: [GC (Allocation Failure) [PSYoungGen: 109440K->1376K(109056K)] 415830K->307766K(734208K), 0.0026088 secs] [Times: user=0.01 sys=0.00, real=0.00 secs] 
525.906: [GC (Allocation Failure) [PSYoungGen: 108896K->1344K(108544K)] 415286K->307758K(733696K), 0.0018784 secs] [Times: user=0.01 sys=0.00, real=0.01 secs] 
527.325: [GC (Allocation Failure) [PSYoungGen: 108352K->1440K(108032K)] 414766K->307854K(733184K), 0.0030828 secs] [Times: user=0.01 sys=0.00, real=0.01 secs] 
528.520: [GC (Allocation Failure) [PSYoungGen: 107936K->1344K(107520K)] 414350K->307758K(732672K), 0.0025950 secs] [Times: user=0.00 sys=0.00, real=0.00 secs] 
529.755: [GC (Allocation Failure) [PSYoungGen: 107328K->1376K(107008K)] 413742K->307798K(732160K), 0.0030735 secs] [Times: user=0.01 sys=0.00, real=0.01 secs] 
530.893: [GC (Allocation Failure) [PSYoungGen: 106848K->1408K(106496K)] 413270K->307838K(731648K), 0.0018794 secs] [Times: user=0.01 sys=0.00, real=0.00 secs] 
531.841: [GC (Allocation Failure) [PSYoungGen: 106368K->1376K(105984K)] 412798K->307822K(731136K), 0.0035685 secs] [Times: user=0.02 sys=0.00, real=0.00 secs] 
533.253: [GC (Allocation Failure) [PSYoungGen: 105824K->1392K(105472K)] 412270K->307838K(730624K), 0.0014836 secs] [Times: user=0.01 sys=0.00, real=0.00 secs] 
534.579: [GC (Allocation Failure) [PSYoungGen: 105328K->1424K(104960K)] 411774K->307870K(730112K), 0.0047014 secs] [Times: user=0.02 sys=0.00, real=0.00 secs] 
535.790: [GC (Allocation Failure) [PSYoungGen: 104848K->1376K(104448K)] 411294K->307822K(729600K), 0.0029612 secs] [Times: user=0.01 sys=0.01, real=0.00 secs] 
537.456: [GC (Allocation Failure) [PSYoungGen: 104288K->1696K(104448K)] 410734K->308142K(729600K), 0.0015385 secs] [Times: user=0.01 sys=0.00, real=0.01 secs] 
538.277: [GC (Allocation Failure) [PSYoungGen: 104096K->1376K(103424K)] 410542K->307822K(728576K), 0.0019988 secs] [Times: user=0.00 sys=0.00, real=0.01 secs] 
539.189: [GC (Allocation Failure) [PSYoungGen: 103264K->1408K(102912K)] 409710K->307854K(728064K), 0.0021480 secs] [Times: user=0.01 sys=0.00, real=0.00 secs] 
540.585: [GC (Allocation Failure) [PSYoungGen: 102784K->1440K(102400K)] 409230K->308910K(727552K), 0.0018978 secs] [Times: user=0.01 sys=0.00, real=0.00 secs] 
541.935: [GC (Allocation Failure) [PSYoungGen: 102304K->384K(101376K)] 409774K->307854K(726528K), 0.0035947 secs] [Times: user=0.01 sys=0.00, real=0.01 secs] 
543.118: [GC (Allocation Failure) [PSYoungGen: 100736K->368K(100352K)] 408206K->307846K(725504K), 0.0027152 secs] [Times: user=0.01 sys=0.00, real=0.00 secs] 
544.358: [GC (Allocation Failure) [PSYoungGen: 100208K->1408K(100864K)] 407686K->309918K(726016K), 0.0016180 secs] [Times: user=0.01 sys=0.00, real=0.00 secs] 
545.544: [GC (Allocation Failure) [PSYoungGen: 100736K->352K(100864K)] 409246K->308862K(726016K), 0.0017057 secs] [Times: user=0.00 sys=0.00, real=0.00 secs] 
546.664: [GC (Allocation Failure) [PSYoungGen: 99168K->384K(100352K)] 407678K->308894K(725504K), 0.0030842 secs] [Times: user=0.01 sys=0.01, real=0.01 secs] 
547.966: [GC (Allocation Failure) [PSYoungGen: 98688K->2480K(100352K)] 407198K->310990K(725504K), 0.0019388 secs] [Times: user=0.01 sys=0.00, real=0.01 secs] 
549.657: [GC (Allocation Failure) [PSYoungGen: 100272K->1376K(98816K)] 408782K->309886K(723968K), 0.0031200 secs] [Times: user=0.01 sys=0.00, real=0.00 secs] 
550.869: [GC (Allocation Failure) [PSYoungGen: 98656K->1408K(98304K)] 407166K->309918K(723456K), 0.0032181 secs] [Times: user=0.01 sys=0.00, real=0.00 secs] 
552.119: [GC (Allocation Failure) [PSYoungGen: 97155K->256K(98304K)] 405665K->308766K(723456K), 0.0015183 secs] [Times: user=0.00 sys=0.00, real=0.00 secs] 
553.097: [GC (Allocation Failure) [PSYoungGen: 96512K->1408K(97280K)] 405022K->309926K(722432K), 0.0034899 secs] [Times: user=0.01 sys=0.00, real=0.00 secs] 
554.398: [GC (Allocation Failure) [PSYoungGen: 97152K->1408K(97280K)] 405670K->309934K(722432K), 0.0041556 secs] [Times: user=0.01 sys=0.00, real=0.00 secs] 
555.859: [GC (Allocation Failure) [PSYoungGen: 96640K->1392K(96256K)] 405166K->309918K(721408K), 0.0015619 secs] [Times: user=0.00 sys=0.00, real=0.00 secs] 
557.346: [GC (Allocation Failure) [PSYoungGen: 96112K->1376K(96256K)] 404638K->309902K(721408K), 0.0050473 secs] [Times: user=0.02 sys=0.00, real=0.01 secs] 
558.689: [GC (Allocation Failure) [PSYoungGen: 95584K->1376K(95232K)] 404110K->309902K(720384K), 0.0035101 secs] [Times: user=0.01 sys=0.00, real=0.00 secs] 
560.104: [GC (Allocation Failure) [PSYoungGen: 95072K->1360K(95232K)] 403598K->309886K(720384K), 0.0046073 secs] [Times: user=0.02 sys=0.00, real=0.01 secs] 
561.603: [GC (Allocation Failure) [PSYoungGen: 94544K->1392K(94208K)] 403070K->309926K(719360K), 0.0020796 secs] [Times: user=0.01 sys=0.00, real=0.00 secs] 
562.489: [GC (Allocation Failure) [PSYoungGen: 94064K->1408K(94208K)] 402598K->309942K(719360K), 0.0022543 secs] [Times: user=0.01 sys=0.00, real=0.00 secs] 
563.243: [GC (Allocation Failure) [PSYoungGen: 93568K->1408K(94720K)] 402102K->309942K(719872K), 0.0038299 secs] [Times: user=0.02 sys=0.00, real=0.01 secs] 
564.623: [GC (Allocation Failure) [PSYoungGen: 93568K->1408K(99840K)] 402102K->309942K(724992K), 0.0023322 secs] [Times: user=0.00 sys=0.01, real=0.00 secs] 
566.002: [GC (Allocation Failure) [PSYoungGen: 98688K->1408K(99840K)] 407222K->309942K(724992K), 0.0043932 secs] [Times: user=0.02 sys=0.00, real=0.00 secs] 
567.273: [GC (Allocation Failure) [PSYoungGen: 98688K->1408K(104960K)] 407222K->309958K(730112K), 0.0046458 secs] [Times: user=0.01 sys=0.01, real=0.01 secs] 
568.596: [GC (Allocation Failure) [PSYoungGen: 104320K->1408K(104960K)] 412870K->309966K(730112K), 0.0018194 secs] [Times: user=0.01 sys=0.00, real=0.01 secs] 
569.054: [GC (Allocation Failure) [PSYoungGen: 104320K->1408K(110592K)] 412878K->309966K(735744K), 0.0018058 secs] [Times: user=0.01 sys=0.00, real=0.00 secs] 
569.647: [GC (Allocation Failure) [PSYoungGen: 109952K->1408K(110592K)] 418510K->309966K(735744K), 0.0028261 secs] [Times: user=0.01 sys=0.00, real=0.01 secs] 
570.822: [GC (Allocation Failure) [PSYoungGen: 109952K->1376K(116224K)] 418510K->309934K(741376K), 0.0020743 secs] [Times: user=0.01 sys=0.00, real=0.00 secs] 
571.845: [GC (Allocation Failure) [PSYoungGen: 116064K->1424K(117248K)] 424622K->309982K(742400K), 0.0032137 secs] [Times: user=0.01 sys=0.00, real=0.01 secs] 
573.213: [GC (Allocation Failure) [PSYoungGen: 116624K->1424K(115712K)] 425182K->309990K(740864K), 0.0016317 secs] [Times: user=0.00 sys=0.00, real=0.00 secs] 
573.855: [GC (Allocation Failure) [PSYoungGen: 115600K->1440K(121856K)] 424166K->310006K(747008K), 0.0019915 secs] [Times: user=0.01 sys=0.00, real=0.00 secs] 
574.360: [GC (Allocation Failure) [PSYoungGen: 121760K->1408K(122368K)] 430326K->309974K(747520K), 0.0026138 secs] [Times: user=0.01 sys=0.01, real=0.00 secs] 
576.211: [GC (Allocation Failure) [PSYoungGen: 121728K->1472K(122368K)] 430294K->310038K(747520K), 0.0036542 secs] [Times: user=0.01 sys=0.00, real=0.00 secs] 
576.959: [GC (Allocation Failure) [PSYoungGen: 121792K->1376K(129024K)] 430358K->309950K(754176K), 0.0021581 secs] [Times: user=0.01 sys=0.00, real=0.00 secs] 
578.202: [GC (Allocation Failure) [PSYoungGen: 128352K->1392K(127488K)] 436926K->309966K(752640K), 0.0015492 secs] [Times: user=0.00 sys=0.00, real=0.00 secs] 
579.563: [GC (Allocation Failure) [PSYoungGen: 127344K->1392K(126464K)] 435918K->309966K(751616K), 0.0031227 secs] [Times: user=0.01 sys=0.00, real=0.00 secs] 
580.731: [GC (Allocation Failure) [PSYoungGen: 126320K->1344K(125440K)] 434894K->309926K(750592K), 0.0033370 secs] [Times: user=0.01 sys=0.00, real=0.00 secs] 
582.749: [GC (Allocation Failure) [PSYoungGen: 125248K->1440K(124416K)] 433830K->310022K(749568K), 0.0018267 secs] [Times: user=0.01 sys=0.00, real=0.00 secs] 
583.618: [GC (Allocation Failure) [PSYoungGen: 124320K->1408K(123392K)] 432902K->309990K(748544K), 0.0030630 secs] [Times: user=0.01 sys=0.00, real=0.00 secs] 
584.970: [GC (Allocation Failure) [PSYoungGen: 123264K->1440K(122368K)] 431846K->310030K(747520K), 0.0016779 secs] [Times: user=0.01 sys=0.00, real=0.00 secs] 
585.475: [GC (Allocation Failure) [PSYoungGen: 122272K->1360K(121344K)] 430862K->309950K(746496K), 0.0019533 secs] [Times: user=0.01 sys=0.00, real=0.01 secs] 
585.973: [GC (Allocation Failure) [PSYoungGen: 121168K->1440K(124928K)] 429758K->310030K(750080K), 0.0017041 secs] [Times: user=0.01 sys=0.00, real=0.00 secs] 
586.938: [GC (Allocation Failure) [PSYoungGen: 124832K->1440K(123904K)] 433422K->310030K(749056K), 0.0018136 secs] [Times: user=0.01 sys=0.00, real=0.00 secs] 
587.446: [GC (Allocation Failure) [PSYoungGen: 123808K->1360K(124416K)] 432398K->309950K(749568K), 0.0017550 secs] [Times: user=0.01 sys=0.00, real=0.01 secs] 
589.025: [GC (Allocation Failure) [PSYoungGen: 124240K->1392K(123392K)] 432830K->309982K(748544K), 0.0031311 secs] [Times: user=0.01 sys=0.00, real=0.01 secs] 
591.199: [GC (Allocation Failure) [PSYoungGen: 123248K->1344K(122368K)] 431838K->309934K(747520K), 0.0036216 secs] [Times: user=0.01 sys=0.00, real=0.00 secs] 
593.010: [GC (Allocation Failure) [PSYoungGen: 122176K->1376K(121344K)] 430766K->309966K(746496K), 0.0032741 secs] [Times: user=0.01 sys=0.00, real=0.00 secs] 
594.165: [GC (Allocation Failure) [PSYoungGen: 121184K->1408K(120320K)] 429774K->310006K(745472K), 0.0016019 secs] [Times: user=0.01 sys=0.00, real=0.01 secs] 
595.216: [GC (Allocation Failure) [PSYoungGen: 120192K->1408K(119296K)] 428790K->310006K(744448K), 0.0018059 secs] [Times: user=0.01 sys=0.00, real=0.01 secs] 
597.184: [GC (Allocation Failure) [PSYoungGen: 119168K->352K(117248K)] 427766K->309974K(742400K), 0.0030904 secs] [Times: user=0.01 sys=0.00, real=0.01 secs] 
598.003: [GC (Allocation Failure) [PSYoungGen: 117088K->320K(117760K)] 426710K->309942K(742912K), 0.0019003 secs] [Times: user=0.01 sys=0.00, real=0.00 secs] 
598.523: [GC (Allocation Failure) [PSYoungGen: 116032K->384K(115200K)] 425654K->310006K(740352K), 0.0018659 secs] [Times: user=0.01 sys=0.00, real=0.00 secs] 
600.766: [GC (Allocation Failure) [PSYoungGen: 115072K->1376K(115712K)] 424694K->310998K(740864K), 0.0025117 secs] [Times: user=0.01 sys=0.00, real=0.01 secs] 
602.333: [GC (Allocation Failure) [PSYoungGen: 115040K->1344K(114688K)] 424662K->310966K(739840K), 0.0033072 secs] [Times: user=0.01 sys=0.00, real=0.00 secs] 
604.018: [GC (Allocation Failure) [PSYoungGen: 114496K->1904K(114688K)] 424118K->312046K(739840K), 0.0018712 secs] [Times: user=0.01 sys=0.00, real=0.00 secs] 
605.366: [GC (Allocation Failure) [PSYoungGen: 114544K->320K(112640K)] 424686K->311486K(737792K), 0.0029945 secs] [Times: user=0.01 sys=0.00, real=0.01 secs] 
606.602: [GC (Allocation Failure) [PSYoungGen: 112448K->320K(114176K)] 423614K->311486K(739328K), 0.0024350 secs] [Times: user=0.01 sys=0.00, real=0.00 secs] 
608.041: [GC (Allocation Failure) [PSYoungGen: 111936K->1408K(112640K)] 423102K->312582K(737792K), 0.0017103 secs] [Times: user=0.01 sys=0.00, real=0.00 secs] 
608.529: [GC (Allocation Failure) [PSYoungGen: 112512K->1344K(112128K)] 423686K->312518K(737280K), 0.0019903 secs] [Times: user=0.01 sys=0.00, real=0.00 secs] 
609.163: [GC (Allocation Failure) [PSYoungGen: 111936K->1376K(111616K)] 423110K->312566K(736768K), 0.0018909 secs] [Times: user=0.01 sys=0.00, real=0.00 secs] 
610.642: [GC (Allocation Failure) [PSYoungGen: 111456K->1408K(111104K)] 422646K->312598K(736256K), 0.0019923 secs] [Times: user=0.00 sys=0.00, real=0.00 secs] 
612.238: [GC (Allocation Failure) [PSYoungGen: 110976K->1376K(110592K)] 422166K->312566K(735744K), 0.0040220 secs] [Times: user=0.02 sys=0.00, real=0.00 secs] 
613.905: [GC (Allocation Failure) [PSYoungGen: 110432K->352K(109056K)] 421622K->311542K(734208K), 0.0014472 secs] [Times: user=0.00 sys=0.00, real=0.00 secs] 
614.395: [GC (Allocation Failure) [PSYoungGen: 108896K->1344K(109568K)] 420086K->312550K(734720K), 0.0018378 secs] [Times: user=0.00 sys=0.00, real=0.00 secs] 
614.843: [GC (Allocation Failure) [PSYoungGen: 109376K->1408K(110592K)] 420582K->312614K(735744K), 0.0035676 secs] [Times: user=0.01 sys=0.00, real=0.00 secs] 
615.749: [GC (Allocation Failure) [PSYoungGen: 109440K->1440K(116736K)] 420646K->312646K(741888K), 0.0017905 secs] [Times: user=0.01 sys=0.00, real=0.00 secs] 
616.237: [GC (Allocation Failure) [PSYoungGen: 116128K->1376K(117248K)] 427334K->312582K(742400K), 0.0019118 secs] [Times: user=0.01 sys=0.00, real=0.01 secs] 
616.725: [GC (Allocation Failure) [PSYoungGen: 116064K->1440K(124416K)] 427270K->312646K(749568K), 0.0022090 secs] [Times: user=0.01 sys=0.00, real=0.01 secs] 
617.685: [GC (Allocation Failure) [PSYoungGen: 123296K->1408K(124416K)] 434502K->312622K(749568K), 0.0017086 secs] [Times: user=0.01 sys=0.00, real=0.00 secs] 
618.190: [GC (Allocation Failure) [PSYoungGen: 123264K->1344K(132096K)] 434478K->312566K(757248K), 0.0017258 secs] [Times: user=0.00 sys=0.00, real=0.00 secs] 
619.376: [GC (Allocation Failure) [PSYoungGen: 130880K->1440K(132096K)] 442102K->312670K(757248K), 0.0028196 secs] [Times: user=0.01 sys=0.00, real=0.01 secs] 
620.585: [GC (Allocation Failure) [PSYoungGen: 130976K->1408K(138240K)] 442206K->312638K(763392K), 0.0028947 secs] [Times: user=0.01 sys=0.00, real=0.01 secs] 
622.211: [GC (Allocation Failure) [PSYoungGen: 138112K->1389K(137216K)] 449342K->312627K(762368K), 0.0016235 secs] [Times: user=0.00 sys=0.00, real=0.00 secs] 
623.256: [GC (Allocation Failure) [PSYoungGen: 137069K->1440K(136192K)] 448307K->312686K(761344K), 0.0019135 secs] [Times: user=0.01 sys=0.00, real=0.01 secs] 
624.541: [GC (Allocation Failure) [PSYoungGen: 136096K->1376K(135168K)] 447342K->312630K(760320K), 0.0023915 secs] [Times: user=0.01 sys=0.00, real=0.00 secs] 
625.724: [GC (Allocation Failure) [PSYoungGen: 135008K->1456K(134144K)] 446262K->312726K(759296K), 0.0015263 secs] [Times: user=0.01 sys=0.00, real=0.00 secs] 
626.274: [GC (Allocation Failure) [PSYoungGen: 134064K->1440K(133120K)] 445334K->312710K(758272K), 0.0016983 secs] [Times: user=0.01 sys=0.00, real=0.00 secs] 
628.911: [GC (Allocation Failure) [PSYoungGen: 133024K->1424K(132096K)] 444294K->312694K(757248K), 0.0047337 secs] [Times: user=0.02 sys=0.00, real=0.00 secs] 
630.437: [GC (Allocation Failure) [PSYoungGen: 131984K->1408K(131072K)] 443254K->312678K(756224K), 0.0031680 secs] [Times: user=0.01 sys=0.00, real=0.00 secs] 
632.095: [GC (Allocation Failure) [PSYoungGen: 130944K->1440K(130048K)] 442214K->312718K(755200K), 0.0017366 secs] [Times: user=0.00 sys=0.00, real=0.00 secs] 
633.248: [GC (Allocation Failure) [PSYoungGen: 129952K->1376K(129024K)] 441230K->312654K(754176K), 0.0033125 secs] [Times: user=0.01 sys=0.00, real=0.00 secs] 
634.470: [GC (GCLocker Initiated GC) [PSYoungGen: 128864K->1405K(128000K)] 440143K->312684K(753152K), 0.0030346 secs] [Times: user=0.02 sys=0.00, real=0.00 secs] 
635.909: [GC (Allocation Failure) [PSYoungGen: 127869K->1440K(126976K)] 439150K->312721K(752128K), 0.0019156 secs] [Times: user=0.01 sys=0.00, real=0.00 secs] 
636.473: [GC (Allocation Failure) [PSYoungGen: 126880K->1440K(125952K)] 438161K->312721K(751104K), 0.0017816 secs] [Times: user=0.01 sys=0.00, real=0.00 secs] 
638.003: [GC (Allocation Failure) [PSYoungGen: 125856K->1504K(124928K)] 437137K->312785K(750080K), 0.0038771 secs] [Times: user=0.02 sys=0.00, real=0.01 secs] 
639.355: [GC (Allocation Failure) [PSYoungGen: 124896K->1440K(123904K)] 436177K->312729K(749056K), 0.0029442 secs] [Times: user=0.01 sys=0.00, real=0.01 secs] 
641.250: [GC (Allocation Failure) [PSYoungGen: 123808K->2000K(123392K)] 435097K->313801K(748544K), 0.0021061 secs] [Times: user=0.01 sys=0.00, real=0.00 secs] 
644.321: [GC (Allocation Failure) [PSYoungGen: 123344K->384K(120832K)] 435145K->313225K(745984K), 0.0056769 secs] [Times: user=0.02 sys=0.00, real=0.00 secs] 
645.884: [GC (Allocation Failure) [PSYoungGen: 120704K->352K(121856K)] 433545K->313201K(747008K), 0.0045129 secs] [Times: user=0.01 sys=0.00, real=0.01 secs] 
647.472: [GC (Allocation Failure) [PSYoungGen: 119648K->1440K(119808K)] 432497K->314289K(744960K), 0.0021809 secs] [Times: user=0.00 sys=0.00, real=0.00 secs] 
647.964: [GC (Allocation Failure) [PSYoungGen: 119712K->1440K(118784K)] 432561K->314297K(743936K), 0.0019078 secs] [Times: user=0.01 sys=0.00, real=0.00 secs] 
648.988: [GC (Allocation Failure) [PSYoungGen: 118688K->1952K(118272K)] 431545K->314809K(743424K), 0.0018528 secs] [Times: user=0.01 sys=0.00, real=0.00 secs] 
649.479: [GC (Allocation Failure) [PSYoungGen: 118176K->1424K(123904K)] 431033K->314289K(749056K), 0.0020394 secs] [Times: user=0.01 sys=0.00, real=0.00 secs] 
649.989: [GC (Allocation Failure) [PSYoungGen: 123792K->1392K(125952K)] 436657K->314257K(751104K), 0.0026266 secs] [Times: user=0.01 sys=0.00, real=0.00 secs] 
651.012: [GC (Allocation Failure) [PSYoungGen: 125296K->1424K(126464K)] 438161K->314289K(751616K), 0.0019787 secs] [Times: user=0.01 sys=0.00, real=0.00 secs] 
651.527: [GC (Allocation Failure) [PSYoungGen: 125328K->1408K(133632K)] 438193K->314273K(758784K), 0.0020051 secs] [Times: user=0.01 sys=0.00, real=0.00 secs] 
652.731: [GC (Allocation Failure) [PSYoungGen: 132992K->1456K(133632K)] 445857K->314329K(758784K), 0.0021084 secs] [Times: user=0.01 sys=0.00, real=0.00 secs] 
654.089: [GC (Allocation Failure) [PSYoungGen: 133040K->1376K(140800K)] 445913K->314297K(765952K), 0.0043961 secs] [Times: user=0.01 sys=0.00, real=0.00 secs] 
655.966: [GC (Allocation Failure) [PSYoungGen: 140128K->192K(138240K)] 453049K->313113K(763392K), 0.0015442 secs] [Times: user=0.01 sys=0.00, real=0.01 secs] 
656.614: [GC (Allocation Failure) [PSYoungGen: 137920K->1424K(138240K)] 450841K->314345K(763392K), 0.0019139 secs] [Times: user=0.00 sys=0.00, real=0.00 secs] 
657.325: [GC (Allocation Failure) [PSYoungGen: 138128K->1408K(139264K)] 451049K->314329K(764416K), 0.0020953 secs] [Times: user=0.01 sys=0.00, real=0.00 secs] 
659.119: [GC (Allocation Failure) [PSYoungGen: 138112K->1408K(137216K)] 451033K->314329K(762368K), 0.0040489 secs] [Times: user=0.02 sys=0.00, real=0.00 secs] 
659.756: [GC (Allocation Failure) [PSYoungGen: 137088K->1392K(144384K)] 450009K->314313K(769536K), 0.0023427 secs] [Times: user=0.01 sys=0.00, real=0.01 secs] 
661.177: [GC (Allocation Failure) [PSYoungGen: 144240K->1472K(143360K)] 457161K->314401K(768512K), 0.0019426 secs] [Times: user=0.01 sys=0.00, real=0.01 secs] 
662.232: [GC (Allocation Failure) [PSYoungGen: 143296K->1408K(142336K)] 456225K->314337K(767488K), 0.0035736 secs] [Times: user=0.02 sys=0.00, real=0.00 secs] 
663.877: [GC (Allocation Failure) [PSYoungGen: 142208K->1408K(141312K)] 455137K->314337K(766464K), 0.0018455 secs] [Times: user=0.01 sys=0.00, real=0.00 secs] 
664.802: [GC (Allocation Failure) [PSYoungGen: 141184K->1408K(140288K)] 454113K->314337K(765440K), 0.0019527 secs] [Times: user=0.01 sys=0.00, real=0.00 secs] 
666.207: [GC (Allocation Failure) [PSYoungGen: 140160K->1440K(139264K)] 453089K->314369K(764416K), 0.0019316 secs] [Times: user=0.01 sys=0.00, real=0.00 secs] 
667.323: [GC (Allocation Failure) [PSYoungGen: 139168K->1408K(138240K)] 452097K->314337K(763392K), 0.0039509 secs] [Times: user=0.02 sys=0.00, real=0.00 secs] 
669.114: [GC (Allocation Failure) [PSYoungGen: 138112K->1440K(137216K)] 451041K->314369K(762368K), 0.0019934 secs] [Times: user=0.01 sys=0.00, real=0.00 secs] 
669.899: [GC (Allocation Failure) [PSYoungGen: 137120K->1408K(136192K)] 450049K->314337K(761344K), 0.0019692 secs] [Times: user=0.01 sys=0.00, real=0.00 secs] 
671.361: [GC (Allocation Failure) [PSYoungGen: 136064K->1504K(135168K)] 448993K->314537K(760320K), 0.0024249 secs] [Times: user=0.01 sys=0.00, real=0.00 secs] 
673.614: [GC (Allocation Failure) [PSYoungGen: 135136K->1312K(134144K)] 448169K->314353K(759296K), 0.0018302 secs] [Times: user=0.01 sys=0.00, real=0.00 secs] 
674.459: [GC (Allocation Failure) [PSYoungGen: 133920K->1312K(133120K)] 446961K->314353K(758272K), 0.0020568 secs] [Times: user=0.01 sys=0.01, real=0.00 secs] 
675.904: [GC (Allocation Failure) [PSYoungGen: 132896K->1440K(132096K)] 445937K->314489K(757248K), 0.0021734 secs] [Times: user=0.01 sys=0.00, real=0.00 secs] 
676.474: [GC (Allocation Failure) [PSYoungGen: 132000K->1408K(131072K)] 445049K->314457K(756224K), 0.0022756 secs] [Times: user=0.01 sys=0.00, real=0.00 secs] 
677.485: [GC (Allocation Failure) [PSYoungGen: 130944K->1408K(130048K)] 443993K->314457K(755200K), 0.0016391 secs] [Times: user=0.01 sys=0.00, real=0.01 secs] 
678.019: [GC (Allocation Failure) [PSYoungGen: 129920K->1408K(129024K)] 442969K->314457K(754176K), 0.0017770 secs] [Times: user=0.01 sys=0.00, real=0.00 secs] 
679.209: [GC (Allocation Failure) [PSYoungGen: 128896K->1408K(128000K)] 441945K->314457K(753152K), 0.0019756 secs] [Times: user=0.01 sys=0.00, real=0.00 secs] 
680.595: [GC (Allocation Failure) [PSYoungGen: 127872K->1344K(126976K)] 440921K->314393K(752128K), 0.0044264 secs] [Times: user=0.02 sys=0.00, real=0.01 secs] 
682.477: [GC (Allocation Failure) [PSYoungGen: 126784K->1376K(125952K)] 439833K->314425K(751104K), 0.0053059 secs] [Times: user=0.01 sys=0.01, real=0.00 secs] 
684.745: [GC (Allocation Failure) [PSYoungGen: 125792K->1408K(124928K)] 438841K->314465K(750080K), 0.0044713 secs] [Times: user=0.02 sys=0.00, real=0.01 secs] 
686.396: [GC (Allocation Failure) [PSYoungGen: 124800K->1344K(123904K)] 437857K->314401K(749056K), 0.0046313 secs] [Times: user=0.02 sys=0.00, real=0.01 secs] 
688.814: [GC (Allocation Failure) [PSYoungGen: 123712K->1440K(122880K)] 436769K->314497K(748032K), 0.0022405 secs] [Times: user=0.01 sys=0.00, real=0.00 secs] 
690.014: [GC (Allocation Failure) [PSYoungGen: 122784K->1376K(121856K)] 435841K->314457K(747008K), 0.0028689 secs] [Times: user=0.01 sys=0.00, real=0.01 secs] 
692.068: [GC (Allocation Failure) [PSYoungGen: 121696K->1392K(120832K)] 434777K->314473K(745984K), 0.0016253 secs] [Times: user=0.00 sys=0.00, real=0.00 secs] 
693.748: [GC (Allocation Failure) [PSYoungGen: 120688K->1408K(119808K)] 433769K->314505K(744960K), 0.0038440 secs] [Times: user=0.01 sys=0.00, real=0.00 secs] 
695.099: [GC (Allocation Failure) [PSYoungGen: 119680K->1344K(118784K)] 432777K->314441K(743936K), 0.0023639 secs] [Times: user=0.01 sys=0.00, real=0.00 secs] 
696.990: [GC (Allocation Failure) [PSYoungGen: 118592K->1408K(117760K)] 431689K->314513K(742912K), 0.0019941 secs] [Times: user=0.01 sys=0.00, real=0.00 secs] 
698.039: [GC (Allocation Failure) [PSYoungGen: 117632K->384K(115712K)] 430737K->314521K(740864K), 0.0022026 secs] [Times: user=0.01 sys=0.00, real=0.00 secs] 
699.214: [GC (Allocation Failure) [PSYoungGen: 115584K->384K(116224K)] 429721K->314521K(741376K), 0.0029667 secs] [Times: user=0.01 sys=0.00, real=0.01 secs] 
701.097: [GC (Allocation Failure) [PSYoungGen: 114560K->1472K(115200K)] 428697K->315617K(740352K), 0.0025045 secs] [Times: user=0.01 sys=0.00, real=0.00 secs] 
702.172: [GC (Allocation Failure) [PSYoungGen: 115136K->1376K(114688K)] 429281K->315521K(739840K), 0.0021534 secs] [Times: user=0.01 sys=0.00, real=0.00 secs] 
704.253: [GC (Allocation Failure) [PSYoungGen: 114528K->1376K(114176K)] 428673K->315529K(739328K), 0.0040901 secs] [Times: user=0.01 sys=0.00, real=0.01 secs] 
705.365: [GC (Allocation Failure) [PSYoungGen: 114016K->1440K(113664K)] 428169K->315601K(738816K), 0.0020621 secs] [Times: user=0.01 sys=0.00, real=0.00 secs] 
707.916: [GC (Allocation Failure) [PSYoungGen: 113568K->1408K(113152K)] 427729K->315569K(738304K), 0.0041717 secs] [Times: user=0.01 sys=0.00, real=0.01 secs] 
709.517: [GC (Allocation Failure) [PSYoungGen: 113024K->1472K(112640K)] 427185K->315641K(737792K), 0.0018201 secs] [Times: user=0.01 sys=0.00, real=0.00 secs] 
709.980: [GC (Allocation Failure) [PSYoungGen: 112576K->1440K(112128K)] 426745K->315609K(737280K), 0.0019405 secs] [Times: user=0.01 sys=0.00, real=0.00 secs] 
710.483: [GC (Allocation Failure) [PSYoungGen: 112032K->1440K(111616K)] 426201K->315609K(736768K), 0.0019070 secs] [Times: user=0.01 sys=0.00, real=0.00 secs] 
712.083: [GC (Allocation Failure) [PSYoungGen: 111520K->1472K(111104K)] 425689K->315649K(736256K), 0.0020079 secs] [Times: user=0.01 sys=0.00, real=0.00 secs] 
712.739: [GC (Allocation Failure) [PSYoungGen: 111040K->1408K(110592K)] 425217K->315585K(735744K), 0.0020712 secs] [Times: user=0.00 sys=0.00, real=0.00 secs] 
714.341: [GC (Allocation Failure) [PSYoungGen: 110464K->1504K(110080K)] 424641K->316705K(735232K), 0.0017292 secs] [Times: user=0.01 sys=0.00, real=0.00 secs] 
714.937: [GC (Allocation Failure) [PSYoungGen: 110048K->368K(108544K)] 425249K->315569K(733696K), 0.0019465 secs] [Times: user=0.01 sys=0.00, real=0.01 secs] 
715.431: [GC (Allocation Failure) [PSYoungGen: 108400K->352K(114176K)] 423601K->315561K(739328K), 0.0019211 secs] [Times: user=0.00 sys=0.00, real=0.00 secs] 
716.574: [GC (Allocation Failure) [PSYoungGen: 114016K->1408K(115200K)] 429225K->316625K(740352K), 0.0016608 secs] [Times: user=0.01 sys=0.01, real=0.00 secs] 
717.538: [GC (Allocation Failure) [PSYoungGen: 114560K->1408K(114176K)] 429777K->316625K(739328K), 0.0018880 secs] [Times: user=0.00 sys=0.00, real=0.00 secs] 
718.474: [GC (Allocation Failure) [PSYoungGen: 114048K->1376K(113664K)] 429265K->316601K(738816K), 0.0021149 secs] [Times: user=0.01 sys=0.01, real=0.00 secs] 
720.848: [GC (Allocation Failure) [PSYoungGen: 113504K->1440K(113152K)] 428729K->316665K(738304K), 0.0028921 secs] [Times: user=0.01 sys=0.00, real=0.00 secs] 
721.964: [GC (Allocation Failure) [PSYoungGen: 113056K->1360K(112640K)] 428281K->316593K(737792K), 0.0023983 secs] [Times: user=0.01 sys=0.00, real=0.00 secs] 
723.781: [GC (Allocation Failure) [PSYoungGen: 112464K->1504K(112128K)] 427697K->316841K(737280K), 0.0016006 secs] [Times: user=0.01 sys=0.00, real=0.00 secs] 
724.429: [GC (Allocation Failure) [PSYoungGen: 112096K->1328K(111616K)] 427433K->316673K(736768K), 0.0018940 secs] [Times: user=0.01 sys=0.00, real=0.00 secs] 
725.329: [GC (Allocation Failure) [PSYoungGen: 111408K->1344K(111104K)] 426753K->316689K(736256K), 0.0019007 secs] [Times: user=0.01 sys=0.00, real=0.00 secs] 
726.736: [GC (Allocation Failure) [PSYoungGen: 110912K->1581K(111104K)] 426257K->316926K(736256K), 0.0018456 secs] [Times: user=0.00 sys=0.00, real=0.01 secs] 
727.512: [GC (Allocation Failure) [PSYoungGen: 110637K->525K(109568K)] 425982K->316894K(734720K), 0.0020052 secs] [Times: user=0.01 sys=0.00, real=0.00 secs] 
728.155: [GC (Allocation Failure) [PSYoungGen: 109069K->541K(109056K)] 425438K->316910K(734208K), 0.0018671 secs] [Times: user=0.00 sys=0.00, real=0.00 secs] 
730.737: [GC (Allocation Failure) [PSYoungGen: 108573K->1581K(109568K)] 424942K->317950K(734720K), 0.0044681 secs] [Times: user=0.02 sys=0.00, real=0.01 secs] 
732.245: [GC (Allocation Failure) [PSYoungGen: 109101K->1533K(108544K)] 425470K->317910K(733696K), 0.0028655 secs] [Times: user=0.01 sys=0.00, real=0.01 secs] 
733.058: [GC (Allocation Failure) [PSYoungGen: 108541K->1613K(108544K)] 424918K->317998K(733696K), 0.0020925 secs] [Times: user=0.01 sys=0.00, real=0.00 secs] 
734.418: [GC (Allocation Failure) [PSYoungGen: 108109K->1613K(108032K)] 424494K->318006K(733184K), 0.0019694 secs] [Times: user=0.01 sys=0.00, real=0.00 secs] 
735.303: [GC (Allocation Failure) [PSYoungGen: 107597K->1517K(107008K)] 423990K->317942K(732160K), 0.0025521 secs] [Times: user=0.01 sys=0.00, real=0.00 secs] 
736.445: [GC (Allocation Failure) [PSYoungGen: 106989K->1578K(107008K)] 423414K->318003K(732160K), 0.0016552 secs] [Times: user=0.00 sys=0.00, real=0.00 secs] 
737.467: [GC (Allocation Failure) [PSYoungGen: 106538K->1565K(106496K)] 422963K->317990K(731648K), 0.0020911 secs] [Times: user=0.00 sys=0.00, real=0.00 secs] 
738.149: [GC (Allocation Failure) [PSYoungGen: 106013K->1597K(105984K)] 422438K->318022K(731136K), 0.0023057 secs] [Times: user=0.00 sys=0.00, real=0.00 secs] 
740.165: [GC (Allocation Failure) [PSYoungGen: 105533K->1517K(104960K)] 421958K->318982K(730112K), 0.0041436 secs] [Times: user=0.01 sys=0.00, real=0.01 secs] 
741.397: [GC (Allocation Failure) [PSYoungGen: 104941K->448K(103424K)] 422406K->318069K(728576K), 0.0027853 secs] [Times: user=0.01 sys=0.00, real=0.00 secs] 
742.388: [GC (Allocation Failure) [PSYoungGen: 103360K->352K(102912K)] 420981K->317973K(728064K), 0.0025739 secs] [Times: user=0.01 sys=0.00, real=0.00 secs] 
743.934: [GC (Allocation Failure) [PSYoungGen: 102752K->1440K(104960K)] 420373K->319069K(730112K), 0.0027875 secs] [Times: user=0.01 sys=0.00, real=0.01 secs] 
744.914: [GC (Allocation Failure) [PSYoungGen: 103328K->1376K(102912K)] 420957K->319058K(728064K), 0.0026147 secs] [Times: user=0.00 sys=0.00, real=0.01 secs] 
745.453: [GC (Allocation Failure) [PSYoungGen: 102752K->1408K(105984K)] 420434K->319090K(731136K), 0.0027927 secs] [Times: user=0.01 sys=0.00, real=0.00 secs] 
746.723: [GC (Allocation Failure) [PSYoungGen: 104832K->1360K(109568K)] 422514K->319042K(734720K), 0.0022685 secs] [Times: user=0.01 sys=0.00, real=0.00 secs] 
747.321: [GC (Allocation Failure) [PSYoungGen: 108368K->1344K(109568K)] 426050K->319034K(734720K), 0.0026413 secs] [Times: user=0.00 sys=0.00, real=0.00 secs] 
748.096: [GC (Allocation Failure) [PSYoungGen: 108352K->1376K(115712K)] 426042K->319066K(740864K), 0.0028727 secs] [Times: user=0.01 sys=0.00, real=0.01 secs] 
749.543: [GC (Allocation Failure) [PSYoungGen: 114528K->1392K(115712K)] 432218K->319082K(740864K), 0.0020192 secs] [Times: user=0.00 sys=0.00, real=0.00 secs] 
750.504: [GC (Allocation Failure) [PSYoungGen: 114544K->1344K(120832K)] 432234K->319042K(745984K), 0.0022985 secs] [Times: user=0.01 sys=0.00, real=0.00 secs] 
751.836: [GC (Allocation Failure) [PSYoungGen: 120640K->1421K(119808K)] 438338K->319127K(744960K), 0.0017387 secs] [Times: user=0.00 sys=0.00, real=0.01 secs] 
753.645: [GC (Allocation Failure) [PSYoungGen: 119693K->1408K(118784K)] 437399K->319114K(743936K), 0.0023813 secs] [Times: user=0.01 sys=0.00, real=0.01 secs] 
754.761: [GC (Allocation Failure) [PSYoungGen: 118656K->1376K(117760K)] 436362K->319082K(742912K), 0.0022894 secs] [Times: user=0.01 sys=0.00, real=0.00 secs] 
756.182: [GC (Allocation Failure) [PSYoungGen: 117600K->1440K(116736K)] 435306K->319146K(741888K), 0.0017400 secs] [Times: user=0.01 sys=0.00, real=0.00 secs] 
756.671: [GC (Allocation Failure) [PSYoungGen: 116640K->1344K(115712K)] 434346K->319058K(740864K), 0.0019329 secs] [Times: user=0.01 sys=0.00, real=0.00 secs] 
757.199: [GC (Allocation Failure) [PSYoungGen: 115520K->1360K(115200K)] 433234K->319074K(740352K), 0.0017846 secs] [Times: user=0.00 sys=0.00, real=0.00 secs] 
758.763: [GC (Allocation Failure) [PSYoungGen: 115024K->1408K(114688K)] 432738K->319122K(739840K), 0.0018380 secs] [Times: user=0.01 sys=0.00, real=0.00 secs] 
760.510: [GC (Allocation Failure) [PSYoungGen: 114560K->1376K(114176K)] 432274K->319090K(739328K), 0.0045980 secs] [Times: user=0.01 sys=0.00, real=0.00 secs] 
762.146: [GC (Allocation Failure) [PSYoungGen: 114016K->1408K(113664K)] 431730K->320154K(738816K), 0.0019340 secs] [Times: user=0.00 sys=0.00, real=0.01 secs] 
763.077: [GC (Allocation Failure) [PSYoungGen: 113536K->320K(112128K)] 432282K->319066K(737280K), 0.0020653 secs] [Times: user=0.01 sys=0.00, real=0.01 secs] 
764.377: [GC (Allocation Failure) [PSYoungGen: 111936K->352K(113152K)] 430682K->319106K(738304K), 0.0026664 secs] [Times: user=0.01 sys=0.01, real=0.01 secs] 
765.934: [GC (Allocation Failure) [PSYoungGen: 111456K->1408K(112128K)] 430210K->320162K(737280K), 0.0021451 secs] [Times: user=0.01 sys=0.01, real=0.00 secs] 
766.394: [GC (Allocation Failure) [PSYoungGen: 112000K->1376K(114688K)] 430754K->320130K(739840K), 0.0025668 secs] [Times: user=0.01 sys=0.00, real=0.00 secs] 
766.862: [GC (Allocation Failure) [PSYoungGen: 114016K->1376K(118784K)] 432770K->320130K(743936K), 0.0021257 secs] [Times: user=0.00 sys=0.00, real=0.00 secs] 
768.822: [GC (Allocation Failure) [PSYoungGen: 118112K->1408K(118784K)] 436866K->320162K(743936K), 0.0028872 secs] [Times: user=0.01 sys=0.00, real=0.00 secs] 
770.397: [GC (Allocation Failure) [PSYoungGen: 118144K->1408K(125440K)] 436898K->320162K(750592K), 0.0042064 secs] [Times: user=0.02 sys=0.00, real=0.00 secs] 
771.993: [GC (Allocation Failure) [PSYoungGen: 124800K->1408K(123904K)] 443554K->320162K(749056K), 0.0023581 secs] [Times: user=0.00 sys=0.00, real=0.00 secs] 
773.273: [GC (Allocation Failure) [PSYoungGen: 123776K->1376K(122880K)] 442530K->320138K(748032K), 0.0027833 secs] [Times: user=0.01 sys=0.00, real=0.00 secs] 
774.465: [GC (Allocation Failure) [PSYoungGen: 122720K->1376K(121856K)] 441482K->320138K(747008K), 0.0025841 secs] [Times: user=0.01 sys=0.00, real=0.01 secs] 
776.862: [GC (Allocation Failure) [PSYoungGen: 121696K->1376K(120832K)] 440458K->320138K(745984K), 0.0029057 secs] [Times: user=0.01 sys=0.00, real=0.00 secs] 
778.458: [GC (Allocation Failure) [PSYoungGen: 120672K->1376K(119808K)] 439434K->320138K(744960K), 0.0039835 secs] [Times: user=0.01 sys=0.00, real=0.00 secs] 
779.939: [GC (Allocation Failure) [PSYoungGen: 119648K->1408K(118784K)] 438410K->320178K(743936K), 0.0018473 secs] [Times: user=0.01 sys=0.00, real=0.00 secs] 
780.509: [GC (Allocation Failure) [PSYoungGen: 118656K->1408K(117760K)] 437426K->320178K(742912K), 0.0019402 secs] [Times: user=0.00 sys=0.00, real=0.00 secs] 
781.038: [GC (Allocation Failure) [PSYoungGen: 117632K->1376K(116736K)] 436402K->320146K(741888K), 0.0018138 secs] [Times: user=0.00 sys=0.00, real=0.00 secs] 
782.569: [GC (Allocation Failure) [PSYoungGen: 116576K->1408K(115712K)] 435346K->320178K(740864K), 0.0033571 secs] [Times: user=0.01 sys=0.01, real=0.00 secs] 
783.046: [GC (Allocation Failure) [PSYoungGen: 115584K->1376K(120320K)] 434354K->320146K(745472K), 0.0021584 secs] [Times: user=0.01 sys=0.00, real=0.01 secs] 
784.468: [GC (Allocation Failure) [PSYoungGen: 120160K->1408K(119296K)] 438930K->320178K(744448K), 0.0020542 secs] [Times: user=0.01 sys=0.00, real=0.00 secs] 
785.124: [GC (Allocation Failure) [PSYoungGen: 119168K->1408K(119808K)] 437938K->320178K(744960K), 0.0020123 secs] [Times: user=0.01 sys=0.00, real=0.00 secs] 
785.826: [GC (Allocation Failure) [PSYoungGen: 119680K->1440K(120320K)] 438450K->320210K(745472K), 0.0018760 secs] [Times: user=0.01 sys=0.00, real=0.01 secs] 
787.418: [GC (Allocation Failure) [PSYoungGen: 119712K->1408K(118784K)] 438482K->320178K(743936K), 0.0027349 secs] [Times: user=0.01 sys=0.01, real=0.00 secs] 
788.608: [GC (Allocation Failure) [PSYoungGen: 118656K->1408K(124928K)] 437426K->320178K(750080K), 0.0042879 secs] [Times: user=0.01 sys=0.00, real=0.00 secs] 
789.763: [GC (Allocation Failure) [PSYoungGen: 124800K->1408K(123904K)] 443570K->320178K(749056K), 0.0017005 secs] [Times: user=0.01 sys=0.00, real=0.00 secs] 
790.271: [GC (Allocation Failure) [PSYoungGen: 123776K->1376K(125440K)] 442546K->320146K(750592K), 0.0018968 secs] [Times: user=0.01 sys=0.00, real=0.00 secs] 
790.783: [GC (Allocation Failure) [PSYoungGen: 124768K->1360K(131072K)] 443538K->320130K(756224K), 0.0021221 secs] [Times: user=0.01 sys=0.00, real=0.00 secs] 
791.764: [GC (Allocation Failure) [PSYoungGen: 130384K->1408K(131072K)] 449154K->320194K(756224K), 0.0021091 secs] [Times: user=0.00 sys=0.00, real=0.00 secs] 
792.301: [GC (Allocation Failure) [PSYoungGen: 130432K->1408K(138240K)] 449218K->320202K(763392K), 0.0020726 secs] [Times: user=0.01 sys=0.01, real=0.00 secs] 
793.426: [GC (Allocation Failure) [PSYoungGen: 137600K->1408K(138240K)] 456394K->320210K(763392K), 0.0021194 secs] [Times: user=0.01 sys=0.00, real=0.01 secs] 
793.993: [GC (Allocation Failure) [PSYoungGen: 137600K->1376K(145920K)] 456402K->320178K(771072K), 0.0020982 secs] [Times: user=0.01 sys=0.00, real=0.00 secs] 
795.070: [GC (Allocation Failure) [PSYoungGen: 145248K->1440K(145920K)] 464050K->320250K(771072K), 0.0019189 secs] [Times: user=0.01 sys=0.00, real=0.00 secs] 
795.668: [GC (Allocation Failure) [PSYoungGen: 145312K->1376K(154112K)] 464122K->320186K(779264K), 0.0025427 secs] [Times: user=0.01 sys=0.00, real=0.00 secs] 
798.137: [GC (Allocation Failure) [PSYoungGen: 153440K->1408K(153600K)] 472250K->320218K(778752K), 0.0044664 secs] [Times: user=0.02 sys=0.00, real=0.00 secs] 
800.430: [GC (Allocation Failure) [PSYoungGen: 153472K->1376K(152064K)] 472282K->320194K(777216K), 0.0028495 secs] [Times: user=0.01 sys=0.00, real=0.00 secs] 
803.042: [GC (Allocation Failure) [PSYoungGen: 151904K->1440K(150528K)] 470722K->320266K(775680K), 0.0030852 secs] [Times: user=0.01 sys=0.00, real=0.00 secs] 
804.182: [GC (Allocation Failure) [PSYoungGen: 150432K->368K(147968K)] 469258K->320218K(773120K), 0.0017619 secs] [Times: user=0.00 sys=0.00, real=0.00 secs] 
805.833: [GC (Allocation Failure) [PSYoungGen: 147824K->1424K(147968K)] 467674K->321274K(773120K), 0.0044991 secs] [Times: user=0.01 sys=0.00, real=0.01 secs] 
806.902: [GC (Allocation Failure) [PSYoungGen: 147344K->1408K(145920K)] 467194K->321258K(771072K), 0.0019989 secs] [Times: user=0.01 sys=0.00, real=0.00 secs] 
808.700: [GC (Allocation Failure) [PSYoungGen: 145792K->1440K(144384K)] 465642K->321298K(769536K), 0.0032052 secs] [Times: user=0.01 sys=0.00, real=0.00 secs] 
809.550: [GC (Allocation Failure) [PSYoungGen: 144288K->1376K(143360K)] 464146K->321234K(768512K), 0.0020410 secs] [Times: user=0.00 sys=0.00, real=0.00 secs] 
811.190: [GC (Allocation Failure) [PSYoungGen: 143200K->1440K(142336K)] 463058K->321306K(767488K), 0.0016997 secs] [Times: user=0.01 sys=0.00, real=0.00 secs] 
812.655: [GC (Allocation Failure) [PSYoungGen: 142240K->1408K(141312K)] 462106K->321290K(766464K), 0.0031137 secs] [Times: user=0.01 sys=0.00, real=0.01 secs] 
814.555: [GC (Allocation Failure) [PSYoungGen: 141184K->128K(139264K)] 461066K->320010K(764416K), 0.0013645 secs] [Times: user=0.01 sys=0.00, real=0.00 secs] 
816.397: [GC (Allocation Failure) [PSYoungGen: 138880K->1408K(139264K)] 458762K->321290K(764416K), 0.0018003 secs] [Times: user=0.01 sys=0.00, real=0.01 secs] 
817.501: [GC (Allocation Failure) [PSYoungGen: 139136K->1312K(138240K)] 459018K->321194K(763392K), 0.0023156 secs] [Times: user=0.01 sys=0.00, real=0.00 secs] 
819.844: [GC (Allocation Failure) [PSYoungGen: 138016K->1408K(137216K)] 457898K->321298K(762368K), 0.0025245 secs] [Times: user=0.01 sys=0.00, real=0.00 secs] 
820.608: [GC (Allocation Failure) [PSYoungGen: 137088K->1376K(136192K)] 456978K->321266K(761344K), 0.0021015 secs] [Times: user=0.01 sys=0.00, real=0.00 secs] 
822.372: [GC (Allocation Failure) [PSYoungGen: 136032K->1456K(135168K)] 455922K->321354K(760320K), 0.0020642 secs] [Times: user=0.01 sys=0.00, real=0.00 secs] 
823.042: [GC (Allocation Failure) [PSYoungGen: 135088K->1360K(134144K)] 454986K->321258K(759296K), 0.0021174 secs] [Times: user=0.01 sys=0.00, real=0.00 secs] 
824.538: [GC (Allocation Failure) [PSYoungGen: 133968K->1440K(133120K)] 453866K->321354K(758272K), 0.0017923 secs] [Times: user=0.01 sys=0.00, real=0.00 secs] 
825.700: [GC (Allocation Failure) [PSYoungGen: 133024K->1408K(132096K)] 452938K->321322K(757248K), 0.0020720 secs] [Times: user=0.01 sys=0.00, real=0.00 secs] 
827.090: [GC (Allocation Failure) [PSYoungGen: 131968K->1424K(131072K)] 451882K->322370K(756224K), 0.0017448 secs] [Times: user=0.01 sys=0.00, real=0.00 secs] 
828.964: [GC (Allocation Failure) [PSYoungGen: 130960K->352K(129024K)] 451906K->321298K(754176K), 0.0049402 secs] [Times: user=0.02 sys=0.00, real=0.01 secs] 
830.879: [GC (Allocation Failure) [PSYoungGen: 128864K->384K(128000K)] 449810K->321338K(753152K), 0.0048716 secs] [Times: user=0.02 sys=0.01, real=0.00 secs] 
832.680: [GC (Allocation Failure) [PSYoungGen: 127872K->1408K(128512K)] 448826K->322362K(753664K), 0.0020858 secs] [Times: user=0.00 sys=0.00, real=0.00 secs] 
834.197: [GC (Allocation Failure) [PSYoungGen: 127872K->1408K(126976K)] 448826K->322370K(752128K), 0.0032609 secs] [Times: user=0.01 sys=0.00, real=0.00 secs] 
835.932: [GC (Allocation Failure) [PSYoungGen: 126848K->1440K(125952K)] 447810K->322402K(751104K), 0.0019335 secs] [Times: user=0.01 sys=0.00, real=0.00 secs] 
836.526: [GC (Allocation Failure) [PSYoungGen: 125856K->1408K(124928K)] 446818K->322370K(750080K), 0.0017687 secs] [Times: user=0.01 sys=0.00, real=0.01 secs] 
837.967: [GC (Allocation Failure) [PSYoungGen: 124800K->1472K(123904K)] 445762K->322434K(749056K), 0.0016447 secs] [Times: user=0.00 sys=0.00, real=0.00 secs] 
839.028: [GC (Allocation Failure) [PSYoungGen: 123840K->1408K(122880K)] 444802K->322370K(748032K), 0.0042774 secs] [Times: user=0.01 sys=0.00, real=0.00 secs] 
840.665: [GC (Allocation Failure) [PSYoungGen: 122752K->1408K(129536K)] 443714K->322370K(754688K), 0.0069222 secs] [Times: user=0.03 sys=0.00, real=0.01 secs] 
842.880: [GC (Allocation Failure) [PSYoungGen: 129408K->1408K(128512K)] 450370K->322378K(753664K), 0.0031429 secs] [Times: user=0.01 sys=0.00, real=0.00 secs] 
845.019: [GC (Allocation Failure) [PSYoungGen: 128384K->1376K(127488K)] 449354K->322354K(752640K), 0.0045223 secs] [Times: user=0.02 sys=0.00, real=0.00 secs] 
846.973: [GC (Allocation Failure) [PSYoungGen: 127328K->1376K(126464K)] 448306K->322354K(751616K), 0.0022364 secs] [Times: user=0.01 sys=0.00, real=0.00 secs] 
848.498: [GC (Allocation Failure) [PSYoungGen: 126304K->1408K(125440K)] 447282K->322394K(750592K), 0.0033867 secs] [Times: user=0.01 sys=0.00, real=0.00 secs] 
849.600: [GC (Allocation Failure) [PSYoungGen: 125312K->1344K(124416K)] 446298K->322330K(749568K), 0.0030156 secs] [Times: user=0.01 sys=0.00, real=0.00 secs] 
851.338: [GC (Allocation Failure) [PSYoungGen: 124224K->1376K(123392K)] 445210K->322362K(748544K), 0.0043047 secs] [Times: user=0.02 sys=0.00, real=0.00 secs] 
852.150: [GC (Allocation Failure) [PSYoungGen: 123232K->1376K(122368K)] 444218K->322362K(747520K), 0.0020332 secs] [Times: user=0.01 sys=0.00, real=0.00 secs] 
853.453: [GC (Allocation Failure) [PSYoungGen: 122208K->1408K(121344K)] 443194K->322394K(746496K), 0.0018711 secs] [Times: user=0.01 sys=0.00, real=0.00 secs] 
854.045: [GC (Allocation Failure) [PSYoungGen: 121216K->1376K(127488K)] 442202K->322362K(752640K), 0.0025549 secs] [Times: user=0.01 sys=0.00, real=0.01 secs] 
855.396: [GC (Allocation Failure) [PSYoungGen: 127328K->1424K(126464K)] 448314K->322410K(751616K), 0.0015062 secs] [Times: user=0.01 sys=0.00, real=0.01 secs] 
856.917: [GC (Allocation Failure) [PSYoungGen: 126352K->1376K(125440K)] 447338K->322370K(750592K), 0.0020424 secs] [Times: user=0.01 sys=0.00, real=0.00 secs] 
857.719: [GC (Allocation Failure) [PSYoungGen: 125280K->1376K(124416K)] 446274K->322370K(749568K), 0.0021243 secs] [Times: user=0.01 sys=0.00, real=0.00 secs] 
858.720: [GC (Allocation Failure) [PSYoungGen: 124256K->1376K(123392K)] 445250K->322370K(748544K), 0.0017605 secs] [Times: user=0.01 sys=0.00, real=0.00 secs] 
859.352: [GC (Allocation Failure) [PSYoungGen: 123232K->1344K(122368K)] 444226K->322338K(747520K), 0.0018509 secs] [Times: user=0.01 sys=0.00, real=0.00 secs] 
860.548: [GC (Allocation Failure) [PSYoungGen: 122176K->928K(120832K)] 443170K->322946K(745984K), 0.0020099 secs] [Times: user=0.00 sys=0.00, real=0.00 secs] 
861.764: [GC (Allocation Failure) [PSYoungGen: 120736K->352K(119296K)] 442754K->322378K(744448K), 0.0036477 secs] [Times: user=0.01 sys=0.00, real=0.01 secs] 
863.244: [GC (Allocation Failure) [PSYoungGen: 119136K->352K(118272K)] 441162K->322394K(743424K), 0.0038529 secs] [Times: user=0.01 sys=0.00, real=0.01 secs] 
864.694: [GC (Allocation Failure) [PSYoungGen: 118112K->1408K(118784K)] 440154K->323458K(743936K), 0.0019891 secs] [Times: user=0.01 sys=0.00, real=0.00 secs] 
865.219: [GC (Allocation Failure) [PSYoungGen: 118144K->1408K(117248K)] 440194K->323458K(742400K), 0.0020803 secs] [Times: user=0.00 sys=0.00, real=0.00 secs] 
866.388: [GC (Allocation Failure) [PSYoungGen: 117120K->1392K(116224K)] 439170K->323450K(741376K), 0.0017179 secs] [Times: user=0.01 sys=0.00, real=0.00 secs] 
867.693: [GC (Allocation Failure) [PSYoungGen: 116080K->1408K(115200K)] 438138K->323466K(740352K), 0.0036749 secs] [Times: user=0.02 sys=0.00, real=0.00 secs] 
869.110: [GC (Allocation Failure) [PSYoungGen: 115072K->1376K(114688K)] 437130K->323434K(739840K), 0.0031843 secs] [Times: user=0.01 sys=0.00, real=0.00 secs] 
870.690: [GC (Allocation Failure) [PSYoungGen: 114528K->1408K(114176K)] 436586K->323466K(739328K), 0.0015004 secs] [Times: user=0.01 sys=0.00, real=0.00 secs] 
871.338: [GC (Allocation Failure) [PSYoungGen: 114048K->1344K(121344K)] 436106K->323402K(746496K), 0.0053283 secs] [Times: user=0.02 sys=0.00, real=0.00 secs] 
872.323: [GC (Allocation Failure) [PSYoungGen: 121152K->1344K(128512K)] 443210K->323410K(753664K), 0.0023394 secs] [Times: user=0.01 sys=0.00, real=0.00 secs] 
873.563: [GC (Allocation Failure) [PSYoungGen: 128320K->1408K(132608K)] 450386K->323482K(757760K), 0.0022195 secs] [Times: user=0.01 sys=0.00, real=0.00 secs] 
874.657: [GC (Allocation Failure) [PSYoungGen: 131968K->1344K(136192K)] 454042K->323418K(761344K), 0.0023343 secs] [Times: user=0.01 sys=0.00, real=0.00 secs] 
877.090: [GC (Allocation Failure) [PSYoungGen: 135488K->1456K(134656K)] 457562K->323530K(759808K), 0.0025446 secs] [Times: user=0.01 sys=0.00, real=0.00 secs] 
878.122: [GC (Allocation Failure) [PSYoungGen: 134576K->1344K(133632K)] 456650K->323418K(758784K), 0.0018990 secs] [Times: user=0.01 sys=0.00, real=0.00 secs] 
879.524: [GC (Allocation Failure) [PSYoungGen: 133440K->1408K(132608K)] 455514K->323482K(757760K), 0.0034288 secs] [Times: user=0.01 sys=0.00, real=0.01 secs] 
880.535: [GC (Allocation Failure) [PSYoungGen: 132480K->1344K(131584K)] 454554K->323418K(756736K), 0.0021292 secs] [Times: user=0.01 sys=0.00, real=0.01 secs] 
882.283: [GC (Allocation Failure) [PSYoungGen: 131392K->1392K(130560K)] 453466K->323466K(755712K), 0.0015482 secs] [Times: user=0.01 sys=0.00, real=0.00 secs] 
883.053: [GC (Allocation Failure) [PSYoungGen: 130416K->1408K(129536K)] 452490K->323490K(754688K), 0.0019048 secs] [Times: user=0.01 sys=0.00, real=0.00 secs] 
883.992: [GC (Allocation Failure) [PSYoungGen: 129408K->1376K(128512K)] 451490K->323458K(753664K), 0.0021780 secs] [Times: user=0.01 sys=0.00, real=0.00 secs] 
885.934: [GC (Allocation Failure) [PSYoungGen: 128352K->1408K(127488K)] 450434K->323490K(752640K), 0.0018811 secs] [Times: user=0.01 sys=0.00, real=0.00 secs] 
886.820: [GC (Allocation Failure) [PSYoungGen: 127360K->1376K(126464K)] 449442K->323458K(751616K), 0.0021719 secs] [Times: user=0.01 sys=0.00, real=0.00 secs] 
888.070: [GC (Allocation Failure) [PSYoungGen: 126304K->1440K(125440K)] 448386K->323522K(750592K), 0.0018982 secs] [Times: user=0.00 sys=0.00, real=0.00 secs] 
889.186: [GC (Allocation Failure) [PSYoungGen: 125344K->1392K(124416K)] 447426K->323474K(749568K), 0.0026667 secs] [Times: user=0.01 sys=0.00, real=0.01 secs] 
890.286: [GC (Allocation Failure) [PSYoungGen: 124272K->1360K(123392K)] 446354K->323442K(748544K), 0.0024074 secs] [Times: user=0.01 sys=0.00, real=0.01 secs] 
892.321: [GC (Allocation Failure) [PSYoungGen: 123216K->1376K(122368K)] 445298K->323458K(747520K), 0.0043526 secs] [Times: user=0.01 sys=0.01, real=0.00 secs] 
893.473: [GC (Allocation Failure) [PSYoungGen: 122208K->1376K(121344K)] 444290K->323458K(746496K), 0.0022326 secs] [Times: user=0.01 sys=0.00, real=0.00 secs] 
894.892: [GC (Allocation Failure) [PSYoungGen: 121184K->1408K(120320K)] 443266K->323490K(745472K), 0.0019226 secs] [Times: user=0.01 sys=0.00, real=0.00 secs] 
896.145: [GC (Allocation Failure) [PSYoungGen: 120192K->1376K(119296K)] 442274K->323466K(744448K), 0.0028468 secs] [Times: user=0.01 sys=0.00, real=0.01 secs] 
897.357: [GC (Allocation Failure) [PSYoungGen: 119136K->1360K(118272K)] 441226K->323450K(743424K), 0.0019889 secs] [Times: user=0.00 sys=0.00, real=0.00 secs] 
898.811: [GC (Allocation Failure) [PSYoungGen: 118096K->1408K(117248K)] 440186K->323498K(742400K), 0.0039348 secs] [Times: user=0.02 sys=0.00, real=0.00 secs] 
899.823: [GC (Allocation Failure) [PSYoungGen: 117120K->1376K(116224K)] 439210K->323466K(741376K), 0.0027413 secs] [Times: user=0.01 sys=0.00, real=0.00 secs] 
901.265: [GC (Allocation Failure) [PSYoungGen: 116064K->416K(114176K)] 438154K->323530K(739328K), 0.0019814 secs] [Times: user=0.00 sys=0.00, real=0.01 secs] 
902.163: [GC (Allocation Failure) [PSYoungGen: 114080K->336K(115200K)] 437194K->323450K(740352K), 0.0021840 secs] [Times: user=0.01 sys=0.00, real=0.00 secs] 
903.074: [GC (Allocation Failure) [PSYoungGen: 113488K->336K(113152K)] 436602K->323450K(738304K), 0.0026121 secs] [Times: user=0.01 sys=0.00, real=0.01 secs] 
904.341: [GC (Allocation Failure) [PSYoungGen: 112976K->1440K(114176K)] 436090K->324562K(739328K), 0.0017286 secs] [Times: user=0.01 sys=0.00, real=0.00 secs] 
904.873: [GC (Allocation Failure) [PSYoungGen: 113568K->1376K(113152K)] 436690K->324498K(738304K), 0.0022542 secs] [Times: user=0.01 sys=0.00, real=0.00 secs] 
906.071: [GC (Allocation Failure) [PSYoungGen: 112992K->128K(111616K)] 436114K->323250K(736768K), 0.0017288 secs] [Times: user=0.01 sys=0.00, real=0.00 secs] 
907.283: [GC (Allocation Failure) [PSYoungGen: 111232K->1376K(112128K)] 434354K->324498K(737280K), 0.0020977 secs] [Times: user=0.01 sys=0.00, real=0.00 secs] 
908.232: [GC (Allocation Failure) [PSYoungGen: 111968K->1344K(111616K)] 435090K->324466K(736768K), 0.0027477 secs] [Times: user=0.01 sys=0.00, real=0.00 secs] 
910.493: [GC (Allocation Failure) [PSYoungGen: 111424K->1392K(111104K)] 434546K->324514K(736256K), 0.0046795 secs] [Times: user=0.01 sys=0.00, real=0.01 secs] 
912.229: [GC (Allocation Failure) [PSYoungGen: 110960K->1408K(110592K)] 434082K->324530K(735744K), 0.0038532 secs] [Times: user=0.01 sys=0.00, real=0.00 secs] 
912.817: [GC (Allocation Failure) [PSYoungGen: 110464K->1408K(110080K)] 433586K->324538K(735232K), 0.0020180 secs] [Times: user=0.01 sys=0.00, real=0.00 secs] 
913.803: [GC (Allocation Failure) [PSYoungGen: 109952K->1408K(109568K)] 433082K->324538K(734720K), 0.0018848 secs] [Times: user=0.01 sys=0.00, real=0.00 secs] 
914.252: [GC (Allocation Failure) [PSYoungGen: 109440K->1408K(115712K)] 432570K->324538K(740864K), 0.0018806 secs] [Times: user=0.01 sys=0.00, real=0.00 secs] 
915.048: [GC (Allocation Failure) [PSYoungGen: 115584K->1328K(116736K)] 438714K->324466K(741888K), 0.0019813 secs] [Times: user=0.00 sys=0.00, real=0.00 secs] 
917.003: [GC (Allocation Failure) [PSYoungGen: 116016K->1408K(115200K)] 439154K->324546K(740352K), 0.0029226 secs] [Times: user=0.01 sys=0.00, real=0.00 secs] 
918.190: [GC (Allocation Failure) [PSYoungGen: 115072K->1344K(121856K)] 438210K->324482K(747008K), 0.0085725 secs] [Times: user=0.03 sys=0.00, real=0.01 secs] 
919.993: [GC (Allocation Failure) [PSYoungGen: 121152K->1408K(123392K)] 444290K->324546K(748544K), 0.0019699 secs] [Times: user=0.00 sys=0.00, real=0.00 secs] 
920.982: [GC (Allocation Failure) [PSYoungGen: 122752K->1376K(123392K)] 445890K->324514K(748544K), 0.0021788 secs] [Times: user=0.01 sys=0.00, real=0.00 secs] 
921.890: [GC (Allocation Failure) [PSYoungGen: 122720K->1408K(130048K)] 445858K->324546K(755200K), 0.0020042 secs] [Times: user=0.01 sys=0.00, real=0.00 secs] 
922.869: [GC (Allocation Failure) [PSYoungGen: 129408K->1440K(128512K)] 452546K->324594K(753664K), 0.0016582 secs] [Times: user=0.00 sys=0.00, real=0.00 secs] 
923.395: [GC (Allocation Failure) [PSYoungGen: 128416K->1376K(129024K)] 451570K->324530K(754176K), 0.0018019 secs] [Times: user=0.01 sys=0.00, real=0.01 secs] 
924.366: [GC (Allocation Failure) [PSYoungGen: 128864K->1376K(128000K)] 452018K->324538K(753152K), 0.0017499 secs] [Times: user=0.00 sys=0.00, real=0.01 secs] 
924.890: [GC (Allocation Failure) [PSYoungGen: 127840K->1392K(128512K)] 451002K->324554K(753664K), 0.0016579 secs] [Times: user=0.01 sys=0.00, real=0.00 secs] 
926.069: [GC (Allocation Failure) [PSYoungGen: 128368K->1440K(127488K)] 451530K->325626K(752640K), 0.0017731 secs] [Times: user=0.01 sys=0.00, real=0.00 secs] 
927.240: [GC (Allocation Failure) [PSYoungGen: 127392K->320K(125440K)] 451578K->324506K(750592K), 0.0038930 secs] [Times: user=0.02 sys=0.01, real=0.00 secs] 
928.843: [GC (Allocation Failure) [PSYoungGen: 125248K->352K(125952K)] 449434K->324538K(751104K), 0.0042064 secs] [Times: user=0.02 sys=0.00, real=0.01 secs] 
930.794: [GC (Allocation Failure) [PSYoungGen: 124256K->1424K(124416K)] 448442K->325610K(749568K), 0.0018897 secs] [Times: user=0.01 sys=0.00, real=0.00 secs] 
931.766: [GC (Allocation Failure) [PSYoungGen: 124304K->1360K(123392K)] 448490K->325546K(748544K), 0.0025574 secs] [Times: user=0.01 sys=0.00, real=0.01 secs] 
933.074: [GC (Allocation Failure) [PSYoungGen: 123216K->1376K(122368K)] 447402K->325570K(747520K), 0.0016520 secs] [Times: user=0.01 sys=0.00, real=0.00 secs] 
933.575: [GC (Allocation Failure) [PSYoungGen: 122208K->1376K(121344K)] 446402K->325570K(746496K), 0.0017631 secs] [Times: user=0.00 sys=0.00, real=0.00 secs] 
934.083: [GC (Allocation Failure) [PSYoungGen: 121184K->1376K(124416K)] 445378K->325570K(749568K), 0.0023409 secs] [Times: user=0.01 sys=0.00, real=0.00 secs] 
935.273: [GC (Allocation Failure) [PSYoungGen: 124256K->1392K(123392K)] 448450K->325586K(748544K), 0.0017690 secs] [Times: user=0.01 sys=0.00, real=0.00 secs] 
936.242: [GC (Allocation Failure) [PSYoungGen: 123248K->1408K(123904K)] 447442K->325602K(749056K), 0.0033964 secs] [Times: user=0.01 sys=0.00, real=0.00 secs] 
937.633: [GC (Allocation Failure) [PSYoungGen: 123776K->1376K(124416K)] 447970K->325570K(749568K), 0.0029793 secs] [Times: user=0.01 sys=0.00, real=0.00 secs] 
938.415: [GC (Allocation Failure) [PSYoungGen: 123744K->1376K(131072K)] 447938K->325570K(756224K), 0.0020560 secs] [Times: user=0.01 sys=0.00, real=0.00 secs] 
939.902: [GC (Allocation Failure) [PSYoungGen: 130394K->160K(131072K)] 454588K->324354K(756224K), 0.0063475 secs] [Times: user=0.03 sys=0.00, real=0.01 secs] 
941.169: [GC (Allocation Failure) [PSYoungGen: 129184K->1344K(137728K)] 453378K->325538K(762880K), 0.0027299 secs] [Times: user=0.01 sys=0.00, real=0.00 secs] 
941.940: [GC (Allocation Failure) [PSYoungGen: 137536K->1408K(138240K)] 461730K->325610K(763392K), 0.0018810 secs] [Times: user=0.01 sys=0.00, real=0.00 secs] 
943.318: [GC (Allocation Failure) [PSYoungGen: 137600K->1408K(136704K)] 461802K->325610K(761856K), 0.0022319 secs] [Times: user=0.01 sys=0.00, real=0.00 secs] 
944.496: [GC (Allocation Failure) [PSYoungGen: 136576K->1408K(135680K)] 460778K->325610K(760832K), 0.0023873 secs] [Times: user=0.01 sys=0.00, real=0.01 secs] 
946.130: [GC (Allocation Failure) [PSYoungGen: 135552K->1440K(134656K)] 459754K->325642K(759808K), 0.0046890 secs] [Times: user=0.02 sys=0.00, real=0.00 secs] 
947.441: [GC (Allocation Failure) [PSYoungGen: 134560K->1408K(133632K)] 458762K->325610K(758784K), 0.0021070 secs] [Times: user=0.01 sys=0.00, real=0.00 secs] 
949.233: [GC (Allocation Failure) [PSYoungGen: 133504K->1408K(132608K)] 457706K->325610K(757760K), 0.0018648 secs] [Times: user=0.01 sys=0.00, real=0.00 secs] 
950.381: [GC (Allocation Failure) [PSYoungGen: 132480K->1408K(131584K)] 456682K->325626K(756736K), 0.0020623 secs] [Times: user=0.00 sys=0.00, real=0.00 secs] 
951.742: [GC (Allocation Failure) [PSYoungGen: 131437K->224K(129536K)] 455656K->324442K(754688K), 0.0014859 secs] [Times: user=0.00 sys=0.00, real=0.00 secs] 
952.411: [GC (Allocation Failure) [PSYoungGen: 129248K->1360K(130048K)] 453466K->325578K(755200K), 0.0017123 secs] [Times: user=0.01 sys=0.00, real=0.00 secs] 
952.989: [GC (Allocation Failure) [PSYoungGen: 129360K->1344K(128512K)] 453578K->325570K(753664K), 0.0018325 secs] [Times: user=0.00 sys=0.00, real=0.00 secs] 
954.038: [GC (Allocation Failure) [PSYoungGen: 128320K->1408K(127488K)] 452546K->325634K(752640K), 0.0018788 secs] [Times: user=0.01 sys=0.00, real=0.00 secs] 
954.602: [GC (Allocation Failure) [PSYoungGen: 127360K->1408K(126464K)] 451586K->325634K(751616K), 0.0018122 secs] [Times: user=0.01 sys=0.00, real=0.00 secs] 
955.652: [GC (Allocation Failure) [PSYoungGen: 126336K->1408K(125440K)] 450562K->325634K(750592K), 0.0017030 secs] [Times: user=0.00 sys=0.00, real=0.00 secs] 
956.443: [GC (Allocation Failure) [PSYoungGen: 125312K->1376K(124416K)] 449538K->325602K(749568K), 0.0017016 secs] [Times: user=0.01 sys=0.00, real=0.00 secs] 
957.810: [GC (Allocation Failure) [PSYoungGen: 124256K->1360K(123392K)] 448482K->325586K(748544K), 0.0019961 secs] [Times: user=0.00 sys=0.00, real=0.00 secs] 
960.019: [GC (Allocation Failure) [PSYoungGen: 123216K->1408K(122368K)] 447442K->325634K(747520K), 0.0029468 secs] [Times: user=0.01 sys=0.00, real=0.00 secs] 
961.762: [GC (Allocation Failure) [PSYoungGen: 122240K->1376K(121344K)] 446466K->325602K(746496K), 0.0032195 secs] [Times: user=0.02 sys=0.00, real=0.00 secs] 
963.110: [GC (Allocation Failure) [PSYoungGen: 121184K->1376K(120320K)] 445410K->325610K(745472K), 0.0026269 secs] [Times: user=0.01 sys=0.01, real=0.00 secs] 
964.203: [GC (Allocation Failure) [PSYoungGen: 120160K->1344K(119296K)] 444394K->325578K(744448K), 0.0025676 secs] [Times: user=0.01 sys=0.00, real=0.00 secs] 
965.446: [GC (Allocation Failure) [PSYoungGen: 119104K->1392K(118272K)] 443338K->325626K(743424K), 0.0018683 secs] [Times: user=0.00 sys=0.00, real=0.01 secs] 
968.047: [GC (Allocation Failure) [PSYoungGen: 118128K->1376K(117248K)] 442362K->325618K(742400K), 0.0033579 secs] [Times: user=0.01 sys=0.00, real=0.01 secs] 
969.648: [GC (Allocation Failure) [PSYoungGen: 117088K->1376K(116224K)] 441330K->325618K(741376K), 0.0037083 secs] [Times: user=0.01 sys=0.00, real=0.00 secs] 
971.598: [GC (Allocation Failure) [PSYoungGen: 116064K->1408K(115200K)] 440306K->325650K(740352K), 0.0027517 secs] [Times: user=0.01 sys=0.00, real=0.00 secs] 
973.059: [GC (Allocation Failure) [PSYoungGen: 115072K->1376K(114688K)] 439314K->325618K(739840K), 0.0040805 secs] [Times: user=0.01 sys=0.00, real=0.00 secs] 
973.626: [GC (Allocation Failure) [PSYoungGen: 114528K->1392K(114176K)] 438770K->325634K(739328K), 0.0020398 secs] [Times: user=0.01 sys=0.00, real=0.01 secs] 
974.945: [GC (Allocation Failure) [PSYoungGen: 114032K->1440K(113664K)] 438274K->325682K(738816K), 0.0018131 secs] [Times: user=0.00 sys=0.00, real=0.00 secs] 
975.998: [GC (Allocation Failure) [PSYoungGen: 113568K->1328K(113152K)] 437810K->325578K(738304K), 0.0033532 secs] [Times: user=0.01 sys=0.00, real=0.00 secs] 
977.734: [GC (Allocation Failure) [PSYoungGen: 112944K->1392K(112640K)] 437194K->325642K(737792K), 0.0015074 secs] [Times: user=0.01 sys=0.00, real=0.00 secs] 
978.251: [GC (Allocation Failure) [PSYoungGen: 112496K->1440K(112128K)] 436746K->325690K(737280K), 0.0019225 secs] [Times: user=0.01 sys=0.00, real=0.00 secs] 
978.739: [GC (Allocation Failure) [PSYoungGen: 112032K->1376K(118272K)] 436282K->325626K(743424K), 0.0018785 secs] [Times: user=0.00 sys=0.00, real=0.00 secs] 
979.775: [GC (Allocation Failure) [PSYoungGen: 118112K->1392K(124416K)] 442362K->325642K(749568K), 0.0024115 secs] [Times: user=0.01 sys=0.01, real=0.01 secs] 
980.296: [GC (Allocation Failure) [PSYoungGen: 124272K->1376K(129536K)] 448522K->325626K(754688K), 0.0019003 secs] [Times: user=0.00 sys=0.00, real=0.01 secs] 
981.586: [GC (Allocation Failure) [PSYoungGen: 129376K->1392K(128512K)] 453626K->325650K(753664K), 0.0016380 secs] [Times: user=0.01 sys=0.00, real=0.01 secs] 
983.384: [GC (Allocation Failure) [PSYoungGen: 128368K->1392K(127488K)] 452626K->325658K(752640K), 0.0024992 secs] [Times: user=0.01 sys=0.00, real=0.00 secs] 
984.326: [GC (Allocation Failure) [PSYoungGen: 127344K->1376K(126464K)] 451610K->325650K(751616K), 0.0023548 secs] [Times: user=0.01 sys=0.00, real=0.01 secs] 
985.552: [GC (Allocation Failure) [PSYoungGen: 126304K->1408K(125440K)] 450578K->325682K(750592K), 0.0019934 secs] [Times: user=0.01 sys=0.00, real=0.00 secs] 
986.098: [GC (Allocation Failure) [PSYoungGen: 125312K->1376K(128512K)] 449586K->325658K(753664K), 0.0024053 secs] [Times: user=0.01 sys=0.00, real=0.00 secs] 
988.991: [GC (Allocation Failure) [PSYoungGen: 128352K->1408K(127488K)] 452634K->325690K(752640K), 0.0038390 secs] [Times: user=0.01 sys=0.00, real=0.00 secs] 
990.551: [GC (Allocation Failure) [PSYoungGen: 127360K->1376K(126464K)] 451642K->325658K(751616K), 0.0041586 secs] [Times: user=0.02 sys=0.00, real=0.00 secs] 
991.627: [GC (Allocation Failure) [PSYoungGen: 126304K->320K(124416K)] 450586K->325626K(749568K), 0.0023889 secs] [Times: user=0.01 sys=0.00, real=0.00 secs] 
993.356: [GC (Allocation Failure) [PSYoungGen: 124224K->1376K(124928K)] 449530K->326690K(750080K), 0.0041069 secs] [Times: user=0.01 sys=0.00, real=0.01 secs] 
994.793: [GC (Allocation Failure) [PSYoungGen: 124256K->1408K(123392K)] 449570K->326722K(748544K), 0.0026879 secs] [Times: user=0.01 sys=0.00, real=0.00 secs] 
996.734: [GC (Allocation Failure) [PSYoungGen: 123264K->1408K(122368K)] 448578K->326722K(747520K), 0.0020329 secs] [Times: user=0.00 sys=0.00, real=0.00 secs] 
998.713: [GC (Allocation Failure) [PSYoungGen: 122240K->1376K(121344K)] 447554K->326690K(746496K), 0.0045670 secs] [Times: user=0.01 sys=0.00, real=0.01 secs] 
1000.529: [GC (Allocation Failure) [PSYoungGen: 121184K->1360K(120320K)] 446498K->326674K(745472K), 0.0023859 secs] [Times: user=0.00 sys=0.00, real=0.00 secs] 
1002.171: [GC (Allocation Failure) [PSYoungGen: 120144K->1392K(119296K)] 445458K->326706K(744448K), 0.0021736 secs] [Times: user=0.01 sys=0.00, real=0.00 secs] 
1003.640: [GC (Allocation Failure) [PSYoungGen: 119152K->1328K(118272K)] 444466K->326642K(743424K), 0.0028848 secs] [Times: user=0.01 sys=0.00, real=0.00 secs] 
1005.212: [GC (Allocation Failure) [PSYoungGen: 118064K->1408K(117248K)] 443378K->326730K(742400K), 0.0017253 secs] [Times: user=0.01 sys=0.00, real=0.00 secs] 
1006.737: [GC (Allocation Failure) [PSYoungGen: 117120K->1344K(116224K)] 442442K->326666K(741376K), 0.0027169 secs] [Times: user=0.01 sys=0.00, real=0.00 secs] 
1007.962: [GC (Allocation Failure) [PSYoungGen: 116032K->1376K(115200K)] 441354K->326698K(740352K), 0.0026680 secs] [Times: user=0.01 sys=0.00, real=0.00 secs] 
1009.786: [GC (Allocation Failure) [PSYoungGen: 115040K->1408K(114688K)] 440362K->326738K(739840K), 0.0023991 secs] [Times: user=0.01 sys=0.00, real=0.01 secs] 
1010.969: [GC (Allocation Failure) [PSYoungGen: 114560K->1376K(114176K)] 439890K->326706K(739328K), 0.0026064 secs] [Times: user=0.01 sys=0.00, real=0.00 secs] 
1012.490: [GC (Allocation Failure) [PSYoungGen: 114016K->1440K(113664K)] 439346K->327802K(738816K), 0.0018877 secs] [Times: user=0.01 sys=0.00, real=0.00 secs] 
1013.441: [GC (Allocation Failure) [PSYoungGen: 113568K->352K(112128K)] 439930K->326714K(737280K), 0.0022089 secs] [Times: user=0.01 sys=0.00, real=0.00 secs] 
1013.987: [GC (Allocation Failure) [PSYoungGen: 111968K->320K(113152K)] 438330K->326682K(738304K), 0.0018831 secs] [Times: user=0.01 sys=0.00, real=0.00 secs] 
1015.950: [GC (Allocation Failure) [PSYoungGen: 111424K->1408K(112128K)] 437786K->327770K(737280K), 0.0045298 secs] [Times: user=0.02 sys=0.00, real=0.00 secs] 
1018.137: [GC (Allocation Failure) [PSYoungGen: 112000K->1344K(111616K)] 438362K->327706K(736768K), 0.0071614 secs] [Times: user=0.03 sys=0.00, real=0.01 secs] 
1019.086: [GC (Allocation Failure) [PSYoungGen: 111424K->1408K(111104K)] 437786K->327770K(736256K), 0.0024607 secs] [Times: user=0.01 sys=0.00, real=0.01 secs] 
1021.320: [GC (Allocation Failure) [PSYoungGen: 110976K->1376K(110592K)] 437338K->327738K(735744K), 0.0032651 secs] [Times: user=0.01 sys=0.00, real=0.00 secs] 
1022.870: [GC (Allocation Failure) [PSYoungGen: 110432K->1392K(110080K)] 436794K->327754K(735232K), 0.0031574 secs] [Times: user=0.01 sys=0.00, real=0.00 secs] 
1024.466: [GC (GCLocker Initiated GC) [PSYoungGen: 109934K->1373K(109568K)] 436299K->327737K(734720K), 0.0016218 secs] [Times: user=0.01 sys=0.00, real=0.01 secs] 
1026.481: [GC (Allocation Failure) [PSYoungGen: 109405K->1376K(109056K)] 435773K->327751K(734208K), 0.0048522 secs] [Times: user=0.02 sys=0.00, real=0.00 secs] 
1027.738: [GC (Allocation Failure) [PSYoungGen: 108896K->1376K(108544K)] 435271K->327759K(733696K), 0.0035193 secs] [Times: user=0.01 sys=0.00, real=0.00 secs] 
1029.211: [GC (Allocation Failure) [PSYoungGen: 108384K->1440K(108032K)] 434767K->327823K(733184K), 0.0015988 secs] [Times: user=0.00 sys=0.00, real=0.00 secs] 
1029.735: [GC (Allocation Failure) [PSYoungGen: 107936K->1408K(107520K)] 434319K->327791K(732672K), 0.0018741 secs] [Times: user=0.01 sys=0.00, real=0.01 secs] 
1030.625: [GC (Allocation Failure) [PSYoungGen: 107392K->1408K(107008K)] 433775K->327799K(732160K), 0.0019804 secs] [Times: user=0.01 sys=0.00, real=0.01 secs] 
1031.753: [GC (Allocation Failure) [PSYoungGen: 106880K->1408K(106496K)] 433271K->327799K(731648K), 0.0017676 secs] [Times: user=0.00 sys=0.00, real=0.00 secs] 
1032.368: [GC (Allocation Failure) [PSYoungGen: 106368K->1408K(105984K)] 432759K->327807K(731136K), 0.0017978 secs] [Times: user=0.01 sys=0.00, real=0.00 secs] 
1033.364: [GC (Allocation Failure) [PSYoungGen: 105856K->1440K(105472K)] 432255K->327839K(730624K), 0.0033444 secs] [Times: user=0.01 sys=0.00, real=0.01 secs] 
1034.752: [GC (Allocation Failure) [PSYoungGen: 105376K->1472K(104960K)] 431775K->327871K(730112K), 0.0017558 secs] [Times: user=0.00 sys=0.00, real=0.00 secs] 
1035.637: [GC (Allocation Failure) [PSYoungGen: 104896K->1408K(110592K)] 431295K->327807K(735744K), 0.0041953 secs] [Times: user=0.01 sys=0.00, real=0.00 secs] 
1037.115: [GC (Allocation Failure) [PSYoungGen: 110464K->1440K(114176K)] 436863K->327839K(739328K), 0.0031691 secs] [Times: user=0.01 sys=0.00, real=0.01 secs] 
1039.888: [GC (Allocation Failure) [PSYoungGen: 114080K->1440K(113664K)] 440479K->327839K(738816K), 0.0051966 secs] [Times: user=0.01 sys=0.00, real=0.00 secs] 
1041.206: [GC (Allocation Failure) [PSYoungGen: 113568K->1456K(113152K)] 439967K->327855K(738304K), 0.0032931 secs] [Times: user=0.02 sys=0.00, real=0.01 secs] 
1042.814: [GC (Allocation Failure) [PSYoungGen: 113072K->1472K(112640K)] 439471K->327871K(737792K), 0.0015495 secs] [Times: user=0.01 sys=0.00, real=0.00 secs] 
1045.475: [GC (Allocation Failure) [PSYoungGen: 112576K->1408K(112128K)] 438975K->327807K(737280K), 0.0039008 secs] [Times: user=0.01 sys=0.00, real=0.01 secs] 
1046.457: [GC (Allocation Failure) [PSYoungGen: 112000K->1376K(111616K)] 438399K->327831K(736768K), 0.0027365 secs] [Times: user=0.01 sys=0.00, real=0.00 secs] 
1048.353: [GC (Allocation Failure) [PSYoungGen: 111456K->1408K(111104K)] 437911K->327863K(736256K), 0.0020847 secs] [Times: user=0.01 sys=0.00, real=0.00 secs] 
1049.261: [GC (Allocation Failure) [PSYoungGen: 110976K->1376K(110592K)] 437431K->327831K(735744K), 0.0021072 secs] [Times: user=0.01 sys=0.00, real=0.00 secs] 
1050.095: [GC (Allocation Failure) [PSYoungGen: 110432K->1408K(110080K)] 436887K->327863K(735232K), 0.0023301 secs] [Times: user=0.00 sys=0.00, real=0.01 secs] 
1051.142: [GC (Allocation Failure) [PSYoungGen: 109952K->1408K(109568K)] 436407K->327863K(734720K), 0.0016439 secs] [Times: user=0.00 sys=0.00, real=0.00 secs] 
1051.878: [GC (Allocation Failure) [PSYoungGen: 109440K->1408K(109056K)] 435895K->327863K(734208K), 0.0033184 secs] [Times: user=0.01 sys=0.00, real=0.00 secs] 
1052.787: [GC (Allocation Failure) [PSYoungGen: 108928K->1344K(109568K)] 435383K->327799K(734720K), 0.0035500 secs] [Times: user=0.01 sys=0.00, real=0.00 secs] 
1054.583: [GC (Allocation Failure) [PSYoungGen: 108864K->1408K(108544K)] 435319K->327863K(733696K), 0.0029315 secs] [Times: user=0.01 sys=0.01, real=0.00 secs] 
1055.913: [GC (Allocation Failure) [PSYoungGen: 108416K->1376K(108032K)] 434871K->327831K(733184K), 0.0035468 secs] [Times: user=0.01 sys=0.00, real=0.00 secs] 
1057.427: [GC (Allocation Failure) [PSYoungGen: 107872K->1440K(107520K)] 434327K->327895K(732672K), 0.0017220 secs] [Times: user=0.01 sys=0.00, real=0.00 secs] 
1058.739: [GC (Allocation Failure) [PSYoungGen: 107424K->1408K(107008K)] 433879K->327863K(732160K), 0.0026676 secs] [Times: user=0.01 sys=0.00, real=0.00 secs] 
1059.903: [GC (Allocation Failure) [PSYoungGen: 106880K->1392K(106496K)] 433335K->327847K(731648K), 0.0021036 secs] [Times: user=0.00 sys=0.00, real=0.00 secs] 
1061.550: [GC (Allocation Failure) [PSYoungGen: 106352K->1440K(105984K)] 432807K->327895K(731136K), 0.0021281 secs] [Times: user=0.01 sys=0.00, real=0.00 secs] 
1062.453: [GC (Allocation Failure) [PSYoungGen: 105888K->384K(104448K)] 432343K->327863K(729600K), 0.0019657 secs] [Times: user=0.01 sys=0.00, real=0.00 secs] 
1063.522: [GC (Allocation Failure) [PSYoungGen: 104320K->304K(105472K)] 431799K->327791K(730624K), 0.0026440 secs] [Times: user=0.01 sys=0.00, real=0.00 secs] 
1065.060: [GC (Allocation Failure) [PSYoungGen: 103728K->1440K(104448K)] 431215K->328927K(729600K), 0.0018492 secs] [Times: user=0.01 sys=0.00, real=0.00 secs] 
1066.283: [GC (Allocation Failure) [PSYoungGen: 104352K->1376K(103936K)] 431839K->328863K(729088K), 0.0022312 secs] [Times: user=0.01 sys=0.00, real=0.00 secs] 
1067.359: [GC (Allocation Failure) [PSYoungGen: 103776K->1376K(103424K)] 431263K->328863K(728576K), 0.0021715 secs] [Times: user=0.01 sys=0.00, real=0.00 secs] 
1068.858: [GC (Allocation Failure) [PSYoungGen: 103264K->1408K(102912K)] 430751K->328895K(728064K), 0.0018706 secs] [Times: user=0.01 sys=0.00, real=0.00 secs] 
1069.286: [GC (Allocation Failure) [PSYoungGen: 102784K->1376K(102400K)] 430271K->328863K(727552K), 0.0018468 secs] [Times: user=0.01 sys=0.00, real=0.01 secs] 
1069.833: [GC (Allocation Failure) [PSYoungGen: 102240K->1376K(108032K)] 429727K->328863K(733184K), 0.0019800 secs] [Times: user=0.01 sys=0.00, real=0.00 secs] 
1071.099: [GC (Allocation Failure) [PSYoungGen: 107872K->1408K(107520K)] 435359K->328903K(732672K), 0.0015722 secs] [Times: user=0.00 sys=0.00, real=0.00 secs] 
1072.087: [GC (Allocation Failure) [PSYoungGen: 107392K->1376K(107008K)] 434887K->328887K(732160K), 0.0017132 secs] [Times: user=0.00 sys=0.00, real=0.01 secs] 
1073.069: [GC (Allocation Failure) [PSYoungGen: 106848K->1408K(106496K)] 434359K->328919K(731648K), 0.0022126 secs] [Times: user=0.00 sys=0.00, real=0.00 secs] 
1074.863: [GC (Allocation Failure) [PSYoungGen: 106368K->1408K(105984K)] 433879K->328919K(731136K), 0.0031543 secs] [Times: user=0.01 sys=0.00, real=0.00 secs] 
1075.658: [GC (Allocation Failure) [PSYoungGen: 105856K->1376K(105472K)] 433367K->328887K(730624K), 0.0019964 secs] [Times: user=0.01 sys=0.00, real=0.00 secs] 
1076.491: [GC (Allocation Failure) [PSYoungGen: 105312K->1376K(104960K)] 432823K->328887K(730112K), 0.0025537 secs] [Times: user=0.01 sys=0.00, real=0.00 secs] 
1077.876: [GC (Allocation Failure) [PSYoungGen: 104800K->1440K(104448K)] 432311K->328951K(729600K), 0.0029843 secs] [Times: user=0.01 sys=0.00, real=0.01 secs] 
1078.831: [GC (Allocation Failure) [PSYoungGen: 104352K->1376K(103936K)] 431863K->328887K(729088K), 0.0034692 secs] [Times: user=0.01 sys=0.00, real=0.00 secs] 
1079.485: [GC (Allocation Failure) [PSYoungGen: 103776K->1392K(103424K)] 431287K->328903K(728576K), 0.0016132 secs] [Times: user=0.01 sys=0.00, real=0.01 secs] 
1081.682: [GC (Allocation Failure) [PSYoungGen: 103280K->1392K(102912K)] 430791K->328911K(728064K), 0.0034058 secs] [Times: user=0.02 sys=0.00, real=0.00 secs] 
1083.032: [GC (Allocation Failure) [PSYoungGen: 102768K->1440K(102400K)] 430287K->328959K(727552K), 0.0036837 secs] [Times: user=0.02 sys=0.00, real=0.00 secs] 
1083.804: [GC (Allocation Failure) [PSYoungGen: 102304K->1392K(101888K)] 429823K->328911K(727040K), 0.0016087 secs] [Times: user=0.00 sys=0.00, real=0.00 secs] 
1085.126: [GC (Allocation Failure) [PSYoungGen: 101744K->1408K(102400K)] 429263K->328935K(727552K), 0.0047065 secs] [Times: user=0.01 sys=0.00, real=0.01 secs] 
1086.239: [GC (Allocation Failure) [PSYoungGen: 102272K->1408K(102912K)] 429799K->328935K(728064K), 0.0029235 secs] [Times: user=0.01 sys=0.00, real=0.00 secs] 
1087.598: [GC (Allocation Failure) [PSYoungGen: 102272K->1392K(101888K)] 429799K->328919K(727040K), 0.0014945 secs] [Times: user=0.01 sys=0.00, real=0.00 secs] 
1088.872: [GC (Allocation Failure) [PSYoungGen: 101744K->1408K(101376K)] 429271K->328943K(726528K), 0.0022959 secs] [Times: user=0.01 sys=0.00, real=0.00 secs] 
1089.706: [GC (Allocation Failure) [PSYoungGen: 101248K->1376K(100864K)] 428783K->328911K(726016K), 0.0021257 secs] [Times: user=0.01 sys=0.00, real=0.01 secs] 
1090.852: [GC (Allocation Failure) [PSYoungGen: 100704K->1392K(100352K)] 428239K->328927K(725504K), 0.0016495 secs] [Times: user=0.00 sys=0.00, real=0.00 secs] 
1092.036: [GC (Allocation Failure) [PSYoungGen: 100208K->1408K(99840K)] 427743K->328951K(724992K), 0.0047815 secs] [Times: user=0.02 sys=0.00, real=0.01 secs] 
1093.049: [GC (Allocation Failure) [PSYoungGen: 99712K->1376K(99328K)] 427255K->328919K(724480K), 0.0028119 secs] [Times: user=0.01 sys=0.00, real=0.00 secs] 
1094.243: [GC (Allocation Failure) [PSYoungGen: 99168K->1392K(98816K)] 426711K->328935K(723968K), 0.0015387 secs] [Times: user=0.01 sys=0.00, real=0.00 secs] 
1096.382: [GC (Allocation Failure) [PSYoungGen: 98672K->1408K(98304K)] 426215K->328951K(723456K), 0.0049565 secs] [Times: user=0.02 sys=0.00, real=0.01 secs] 
1097.650: [GC (Allocation Failure) [PSYoungGen: 98176K->320K(96768K)] 425719K->328887K(721920K), 0.0024933 secs] [Times: user=0.01 sys=0.00, real=0.00 secs] 
1098.470: [GC (Allocation Failure) [PSYoungGen: 96551K->256K(97792K)] 425119K->328823K(722944K), 0.0021972 secs] [Times: user=0.01 sys=0.00, real=0.00 secs] 
1099.427: [GC (Allocation Failure) [PSYoungGen: 96000K->1408K(96768K)] 424567K->329975K(721920K), 0.0018545 secs] [Times: user=0.01 sys=0.01, real=0.00 secs] 
1099.874: [GC (Allocation Failure) [PSYoungGen: 96640K->1376K(101888K)] 425207K->329951K(727040K), 0.0020317 secs] [Times: user=0.00 sys=0.00, real=0.00 secs] 
1100.291: [GC (Allocation Failure) [PSYoungGen: 101728K->1360K(102400K)] 430303K->329935K(727552K), 0.0018195 secs] [Times: user=0.01 sys=0.00, real=0.00 secs] 
1101.351: [GC (Allocation Failure) [PSYoungGen: 102224K->1408K(102912K)] 430799K->329999K(728064K), 0.0019923 secs] [Times: user=0.01 sys=0.00, real=0.00 secs] 
1102.068: [GC (Allocation Failure) [PSYoungGen: 102272K->1376K(108544K)] 430863K->329967K(733696K), 0.0022757 secs] [Times: user=0.01 sys=0.00, real=0.00 secs] 
1103.077: [GC (Allocation Failure) [PSYoungGen: 107872K->1360K(108544K)] 436463K->329951K(733696K), 0.0025677 secs] [Times: user=0.01 sys=0.00, real=0.00 secs] 
1104.598: [GC (Allocation Failure) [PSYoungGen: 107856K->1408K(107520K)] 436447K->330007K(732672K), 0.0025073 secs] [Times: user=0.01 sys=0.01, real=0.00 secs] 
1105.588: [GC (Allocation Failure) [PSYoungGen: 107392K->1376K(107008K)] 435991K->329983K(732160K), 0.0025129 secs] [Times: user=0.01 sys=0.00, real=0.00 secs] 
1107.142: [GC (Allocation Failure) [PSYoungGen: 106848K->1408K(106496K)] 435455K->330527K(731648K), 0.0014949 secs] [Times: user=0.01 sys=0.00, real=0.00 secs] 
1108.333: [GC (Allocation Failure) [PSYoungGen: 106368K->1376K(105984K)] 435487K->330495K(731136K), 0.0033420 secs] [Times: user=0.01 sys=0.00, real=0.00 secs] 
1109.251: [GC (Allocation Failure) [PSYoungGen: 105824K->1376K(105472K)] 434943K->330495K(730624K), 0.0019733 secs] [Times: user=0.01 sys=0.00, real=0.00 secs] 
1110.498: [GC (Allocation Failure) [PSYoungGen: 105312K->1376K(104960K)] 434431K->330495K(730112K), 0.0017982 secs] [Times: user=0.01 sys=0.00, real=0.00 secs] 
1111.389: [GC (Allocation Failure) [PSYoungGen: 104800K->1376K(104448K)] 433919K->330503K(729600K), 0.0022811 secs] [Times: user=0.01 sys=0.00, real=0.00 secs] 
1112.278: [GC (Allocation Failure) [PSYoungGen: 104288K->1344K(103936K)] 433415K->330471K(729088K), 0.0022563 secs] [Times: user=0.01 sys=0.00, real=0.00 secs] 
1113.662: [GC (Allocation Failure) [PSYoungGen: 103744K->1408K(103424K)] 432871K->330535K(728576K), 0.0018581 secs] [Times: user=0.01 sys=0.00, real=0.00 secs] 
1114.784: [GC (Allocation Failure) [PSYoungGen: 103296K->1344K(102912K)] 432423K->330471K(728064K), 0.0030142 secs] [Times: user=0.02 sys=0.00, real=0.01 secs] 
1115.801: [GC (Allocation Failure) [PSYoungGen: 102720K->1328K(102400K)] 431847K->330455K(727552K), 0.0022835 secs] [Times: user=0.01 sys=0.00, real=0.00 secs] 
1116.974: [GC (Allocation Failure) [PSYoungGen: 102192K->1392K(101888K)] 431319K->330519K(727040K), 0.0017920 secs] [Times: user=0.01 sys=0.00, real=0.00 secs] 
1117.894: [GC (Allocation Failure) [PSYoungGen: 101744K->1344K(101376K)] 430871K->330471K(726528K), 0.0021563 secs] [Times: user=0.01 sys=0.00, real=0.00 secs] 
1118.790: [GC (Allocation Failure) [PSYoungGen: 101184K->1376K(100864K)] 430311K->330503K(726016K), 0.0028885 secs] [Times: user=0.01 sys=0.00, real=0.00 secs] 
1121.645: [GC (Allocation Failure) [PSYoungGen: 100704K->1376K(100352K)] 429831K->330503K(725504K), 0.0052888 secs] [Times: user=0.02 sys=0.00, real=0.01 secs] 
1123.190: [GC (Allocation Failure) [PSYoungGen: 100192K->1328K(99840K)] 429319K->330463K(724992K), 0.0023289 secs] [Times: user=0.01 sys=0.00, real=0.00 secs] 
1124.324: [GC (Allocation Failure) [PSYoungGen: 99632K->1440K(99328K)] 428767K->330575K(724480K), 0.0015649 secs] [Times: user=0.01 sys=0.00, real=0.00 secs] 
1125.590: [GC (Allocation Failure) [PSYoungGen: 99232K->1360K(98816K)] 428367K->330495K(723968K), 0.0024438 secs] [Times: user=0.01 sys=0.00, real=0.00 secs] 
1129.660: [GC (Allocation Failure) [PSYoungGen: 98640K->1376K(98304K)] 427775K->330511K(723456K), 0.0030012 secs] [Times: user=0.01 sys=0.00, real=0.00 secs] 
1132.426: [GC (Allocation Failure) [PSYoungGen: 98144K->1392K(97792K)] 427279K->330527K(722944K), 0.0021657 secs] [Times: user=0.01 sys=0.00, real=0.01 secs] 
1133.418: [GC (Allocation Failure) [PSYoungGen: 97648K->320K(96256K)] 426783K->330479K(721408K), 0.0019119 secs] [Times: user=0.00 sys=0.00, real=0.00 secs] 
1134.161: [GC (Allocation Failure) [PSYoungGen: 96064K->352K(97280K)] 426223K->330511K(722432K), 0.0020853 secs] [Times: user=0.01 sys=0.00, real=0.00 secs] 
1135.868: [GC (Allocation Failure) [PSYoungGen: 95316K->1968K(96768K)] 425476K->332639K(721920K), 0.0020677 secs] [Times: user=0.00 sys=0.00, real=0.00 secs] 
1137.409: [GC (Allocation Failure) [PSYoungGen: 96688K->1344K(95744K)] 427359K->332015K(720896K), 0.0028572 secs] [Times: user=0.02 sys=0.00, real=0.00 secs] 
1138.728: [GC (Allocation Failure) [PSYoungGen: 95552K->352K(94208K)] 426223K->332047K(719360K), 0.0026749 secs] [Times: user=0.01 sys=0.00, real=0.00 secs] 
1140.901: [GC (Allocation Failure) [PSYoungGen: 94048K->1392K(95744K)] 425743K->333088K(720896K), 0.0015967 secs] [Times: user=0.01 sys=0.00, real=0.00 secs] 
1143.150: [GC (Allocation Failure) [PSYoungGen: 94576K->1376K(94208K)] 426272K->333071K(719360K), 0.0043153 secs] [Times: user=0.02 sys=0.00, real=0.00 secs] 
1144.323: [GC (Allocation Failure) [PSYoungGen: 94048K->1344K(93696K)] 425743K->333039K(718848K), 0.0038816 secs] [Times: user=0.01 sys=0.00, real=0.00 secs] 
1145.648: [GC (Allocation Failure) [PSYoungGen: 93504K->1392K(93184K)] 425199K->333087K(718336K), 0.0037020 secs] [Times: user=0.01 sys=0.00, real=0.00 secs] 
1148.088: [GC (Allocation Failure) [PSYoungGen: 93040K->1376K(92672K)] 424735K->333071K(717824K), 0.0027653 secs] [Times: user=0.01 sys=0.01, real=0.00 secs] 
1149.496: [GC (Allocation Failure) [PSYoungGen: 92512K->1376K(92160K)] 424207K->333071K(717312K), 0.0031469 secs] [Times: user=0.01 sys=0.00, real=0.01 secs] 
1150.554: [GC (Allocation Failure) [PSYoungGen: 92000K->1376K(91648K)] 423695K->333071K(716800K), 0.0026091 secs] [Times: user=0.01 sys=0.00, real=0.01 secs] 
1151.622: [GC (Allocation Failure) [PSYoungGen: 91488K->1408K(91136K)] 423183K->333103K(716288K), 0.0016155 secs] [Times: user=0.01 sys=0.00, real=0.00 secs] 
1152.159: [GC (Allocation Failure) [PSYoungGen: 91008K->1376K(90624K)] 422703K->333071K(715776K), 0.0018929 secs] [Times: user=0.01 sys=0.00, real=0.00 secs] 
1153.041: [GC (Allocation Failure) [PSYoungGen: 90464K->1408K(90112K)] 422159K->333103K(715264K), 0.0021608 secs] [Times: user=0.01 sys=0.00, real=0.00 secs] 
1154.573: [GC (Allocation Failure) [PSYoungGen: 89984K->1904K(90112K)] 421679K->333600K(715264K), 0.0020621 secs] [Times: user=0.01 sys=0.00, real=0.00 secs] 
1157.021: [GC (Allocation Failure) [PSYoungGen: 89968K->320K(88064K)] 421664K->333039K(713216K), 0.0039238 secs] [Times: user=0.01 sys=0.00, real=0.00 secs] 
1159.885: [GC (Allocation Failure) [PSYoungGen: 87872K->352K(89600K)] 420591K->333071K(714752K), 0.0033490 secs] [Times: user=0.02 sys=0.00, real=0.01 secs] 
1162.419: [GC (Allocation Failure) [PSYoungGen: 87392K->352K(87040K)] 420111K->333071K(712192K), 0.0038560 secs] [Times: user=0.01 sys=0.00, real=0.00 secs] 
1164.363: [GC (Allocation Failure) [PSYoungGen: 86880K->1408K(88576K)] 419599K->334127K(713728K), 0.0027698 secs] [Times: user=0.01 sys=0.00, real=0.00 secs] 
1165.394: [GC (Allocation Failure) [PSYoungGen: 87424K->1360K(87040K)] 420143K->334080K(712192K), 0.0022244 secs] [Times: user=0.01 sys=0.00, real=0.00 secs] 
1166.313: [GC (Allocation Failure) [PSYoungGen: 86864K->1376K(86528K)] 419584K->334095K(711680K), 0.0025520 secs] [Times: user=0.01 sys=0.00, real=0.00 secs] 
1167.861: [GC (Allocation Failure) [PSYoungGen: 86368K->2416K(87040K)] 419087K->335136K(712192K), 0.0038463 secs] [Times: user=0.01 sys=0.00, real=0.00 secs] 
1168.689: [GC (Allocation Failure) [PSYoungGen: 86896K->1376K(85504K)] 419616K->334095K(710656K), 0.0024976 secs] [Times: user=0.01 sys=0.00, real=0.00 secs] 
1169.439: [GC (Allocation Failure) [PSYoungGen: 85344K->1392K(84992K)] 418063K->334112K(710144K), 0.0025952 secs] [Times: user=0.01 sys=0.00, real=0.00 secs] 
1170.041: [GC (Allocation Failure) [PSYoungGen: 84848K->1376K(88576K)] 417568K->334095K(713728K), 0.0021413 secs] [Times: user=0.01 sys=0.00, real=0.00 secs] 
1171.516: [GC (Allocation Failure) [PSYoungGen: 87392K->1440K(90624K)] 420111K->334159K(715776K), 0.0049845 secs] [Times: user=0.01 sys=0.00, real=0.01 secs] 
1172.528: [GC (Allocation Failure) [PSYoungGen: 89504K->1408K(90624K)] 422223K->334127K(715776K), 0.0024938 secs] [Times: user=0.00 sys=0.00, real=0.00 secs] 
1173.186: [GC (Allocation Failure) [PSYoungGen: 89472K->1376K(95744K)] 422191K->334095K(720896K), 0.0021250 secs] [Times: user=0.00 sys=0.00, real=0.01 secs] 
1174.288: [GC (Allocation Failure) [PSYoungGen: 94560K->1376K(95744K)] 427279K->334095K(720896K), 0.0020037 secs] [Times: user=0.01 sys=0.00, real=0.00 secs] 
1174.722: [GC (Allocation Failure) [PSYoungGen: 94560K->1376K(100352K)] 427279K->334120K(725504K), 0.0021627 secs] [Times: user=0.01 sys=0.00, real=0.00 secs] 
1175.159: [GC (Allocation Failure) [PSYoungGen: 99680K->1392K(100352K)] 432424K->334136K(725504K), 0.0020638 secs] [Times: user=0.01 sys=0.00, real=0.00 secs] 
1176.477: [GC (Allocation Failure) [PSYoungGen: 99696K->1376K(105984K)] 432440K->335144K(731136K), 0.0034185 secs] [Times: user=0.02 sys=0.01, real=0.01 secs] 
1177.914: [GC (Allocation Failure) [PSYoungGen: 105824K->320K(106496K)] 439592K->334088K(731648K), 0.0029349 secs] [Times: user=0.01 sys=0.00, real=0.01 secs] 
1178.903: [GC (Allocation Failure) [PSYoungGen: 104768K->352K(112128K)] 438536K->334120K(737280K), 0.0031199 secs] [Times: user=0.02 sys=0.00, real=0.00 secs] 
1180.277: [GC (Allocation Failure) [PSYoungGen: 110432K->1376K(111104K)] 444200K->335152K(736256K), 0.0017872 secs] [Times: user=0.01 sys=0.00, real=0.00 secs] 
1181.419: [GC (Allocation Failure) [PSYoungGen: 110944K->1376K(111104K)] 444720K->335152K(736256K), 0.0017679 secs] [Times: user=0.00 sys=0.00, real=0.00 secs] 
1182.365: [GC (Allocation Failure) [PSYoungGen: 110432K->1408K(110080K)] 444208K->335184K(735232K), 0.0016667 secs] [Times: user=0.00 sys=0.00, real=0.01 secs] 
1183.550: [GC (Allocation Failure) [PSYoungGen: 109952K->1376K(109568K)] 443728K->335152K(734720K), 0.0019787 secs] [Times: user=0.01 sys=0.00, real=0.00 secs] 
1184.388: [GC (Allocation Failure) [PSYoungGen: 109408K->1376K(109056K)] 443184K->335152K(734208K), 0.0025619 secs] [Times: user=0.00 sys=0.00, real=0.00 secs] 
1185.329: [GC (Allocation Failure) [PSYoungGen: 108896K->1376K(108544K)] 442672K->335152K(733696K), 0.0030257 secs] [Times: user=0.01 sys=0.00, real=0.00 secs] 
1186.785: [GC (Allocation Failure) [PSYoungGen: 108384K->1408K(108032K)] 442160K->335184K(733184K), 0.0023156 secs] [Times: user=0.01 sys=0.00, real=0.01 secs] 
1187.630: [GC (Allocation Failure) [PSYoungGen: 107904K->1376K(107520K)] 441680K->335152K(732672K), 0.0026109 secs] [Times: user=0.01 sys=0.00, real=0.00 secs] 
1189.281: [GC (Allocation Failure) [PSYoungGen: 107353K->128K(105984K)] 441129K->333903K(731136K), 0.0014462 secs] [Times: user=0.01 sys=0.00, real=0.00 secs] 
1190.576: [GC (Allocation Failure) [PSYoungGen: 105600K->1408K(107008K)] 439375K->335184K(732160K), 0.0030133 secs] [Times: user=0.01 sys=0.00, real=0.01 secs] 
1191.761: [GC (Allocation Failure) [PSYoungGen: 106368K->1408K(105984K)] 440144K->335192K(731136K), 0.0031861 secs] [Times: user=0.01 sys=0.00, real=0.00 secs] 
1193.637: [GC (Allocation Failure) [PSYoungGen: 105856K->1440K(105472K)] 439640K->336248K(730624K), 0.0019791 secs] [Times: user=0.01 sys=0.00, real=0.00 secs] 
1194.913: [GC (Allocation Failure) [PSYoungGen: 105376K->320K(105472K)] 440184K->335128K(730624K), 0.0037018 secs] [Times: user=0.02 sys=0.00, real=0.00 secs] 
1195.385: [GC (Allocation Failure) [PSYoungGen: 103744K->320K(105984K)] 438552K->335128K(731136K), 0.0019731 secs] [Times: user=0.01 sys=0.00, real=0.00 secs] 
1196.447: [GC (Allocation Failure) [PSYoungGen: 103744K->1408K(104448K)] 438552K->336216K(729600K), 0.0018146 secs] [Times: user=0.01 sys=0.00, real=0.00 secs] 
1197.393: [GC (Allocation Failure) [PSYoungGen: 104320K->1376K(104448K)] 439128K->336184K(729600K), 0.0025335 secs] [Times: user=0.01 sys=0.00, real=0.00 secs] 
1197.854: [GC (Allocation Failure) [PSYoungGen: 103776K->1376K(104960K)] 438584K->336184K(730112K), 0.0019200 secs] [Times: user=0.01 sys=0.00, real=0.00 secs] 
1198.715: [GC (Allocation Failure) [PSYoungGen: 103776K->1440K(110592K)] 438584K->336248K(735744K), 0.0019616 secs] [Times: user=0.00 sys=0.00, real=0.01 secs] 
1199.166: [GC (Allocation Failure) [PSYoungGen: 109472K->1376K(110592K)] 444280K->336184K(735744K), 0.0018318 secs] [Times: user=0.00 sys=0.01, real=0.01 secs] 
1199.852: [GC (Allocation Failure) [PSYoungGen: 109408K->1344K(117248K)] 444216K->336152K(742400K), 0.0025295 secs] [Times: user=0.01 sys=0.00, real=0.00 secs] 
1201.186: [GC (Allocation Failure) [PSYoungGen: 116032K->1408K(117248K)] 450840K->336224K(742400K), 0.0018574 secs] [Times: user=0.01 sys=0.01, real=0.01 secs] 
1201.726: [GC (Allocation Failure) [PSYoungGen: 116096K->1408K(123392K)] 450912K->336224K(748544K), 0.0028317 secs] [Times: user=0.01 sys=0.00, real=0.01 secs] 
1203.226: [GC (Allocation Failure) [PSYoungGen: 122240K->1664K(123392K)] 457056K->336480K(748544K), 0.0017930 secs] [Times: user=0.00 sys=0.00, real=0.01 secs] 
1203.729: [GC (Allocation Failure) [PSYoungGen: 122496K->1360K(130048K)] 457312K->336176K(755200K), 0.0017960 secs] [Times: user=0.01 sys=0.00, real=0.00 secs] 
1204.353: [GC (Allocation Failure) [PSYoungGen: 128848K->1376K(130048K)] 463664K->336192K(755200K), 0.0020160 secs] [Times: user=0.01 sys=0.00, real=0.00 secs] 
1205.799: [GC (Allocation Failure) [PSYoungGen: 128864K->1408K(135680K)] 463680K->336224K(760832K), 0.0018303 secs] [Times: user=0.01 sys=0.00, real=0.00 secs] 
1206.568: [GC (Allocation Failure) [PSYoungGen: 135552K->1344K(136704K)] 470368K->336160K(761856K), 0.0031799 secs] [Times: user=0.01 sys=0.00, real=0.00 secs] 
1208.247: [GC (Allocation Failure) [PSYoungGen: 136000K->1424K(135168K)] 470816K->336256K(760320K), 0.0022349 secs] [Times: user=0.01 sys=0.00, real=0.00 secs] 
1208.908: [GC (Allocation Failure) [PSYoungGen: 135056K->1408K(142336K)] 469888K->336240K(767488K), 0.0021076 secs] [Times: user=0.01 sys=0.00, real=0.00 secs] 
1210.504: [GC (Allocation Failure) [PSYoungGen: 142208K->1376K(141312K)] 477040K->336208K(766464K), 0.0018406 secs] [Times: user=0.01 sys=0.00, real=0.00 secs] 
1211.092: [GC (Allocation Failure) [PSYoungGen: 141152K->1376K(140288K)] 475984K->336208K(765440K), 0.0018286 secs] [Times: user=0.00 sys=0.00, real=0.00 secs] 
1212.697: [GC (Allocation Failure) [PSYoungGen: 140128K->928K(138752K)] 474960K->336784K(763904K), 0.0024324 secs] [Times: user=0.01 sys=0.00, real=0.00 secs] 
1214.466: [GC (Allocation Failure) [PSYoungGen: 138656K->384K(137216K)] 474512K->336240K(762368K), 0.0028068 secs] [Times: user=0.01 sys=0.00, real=0.01 secs] 
1216.572: [GC (Allocation Failure) [PSYoungGen: 137088K->352K(136192K)] 472944K->336208K(761344K), 0.0053796 secs] [Times: user=0.02 sys=0.00, real=0.01 secs] 
1218.325: [GC (Allocation Failure) [PSYoungGen: 136032K->1440K(136704K)] 471888K->337304K(761856K), 0.0021018 secs] [Times: user=0.01 sys=0.00, real=0.01 secs] 
1219.669: [GC (Allocation Failure) [PSYoungGen: 136096K->1408K(135168K)] 471960K->337272K(760320K), 0.0027268 secs] [Times: user=0.01 sys=0.00, real=0.00 secs] 
1221.084: [GC (Allocation Failure) [PSYoungGen: 135040K->1408K(134144K)] 470904K->337272K(759296K), 0.0019369 secs] [Times: user=0.01 sys=0.00, real=0.00 secs] 
1222.125: [GC (Allocation Failure) [PSYoungGen: 134016K->1344K(133120K)] 469880K->337216K(758272K), 0.0032123 secs] [Times: user=0.01 sys=0.00, real=0.01 secs] 
1223.745: [GC (Allocation Failure) [PSYoungGen: 132928K->1376K(132096K)] 468800K->337248K(757248K), 0.0022186 secs] [Times: user=0.00 sys=0.00, real=0.01 secs] 
1224.693: [GC (Allocation Failure) [PSYoungGen: 131936K->1408K(131072K)] 467808K->337288K(756224K), 0.0018368 secs] [Times: user=0.01 sys=0.00, real=0.00 secs] 
1225.880: [GC (Allocation Failure) [PSYoungGen: 130944K->1408K(130048K)] 466824K->338320K(755200K), 0.0024165 secs] [Times: user=0.00 sys=0.00, real=0.00 secs] 
1227.391: [GC (Allocation Failure) [PSYoungGen: 129920K->336K(128000K)] 466832K->337248K(753152K), 0.0029300 secs] [Times: user=0.01 sys=0.00, real=0.00 secs] 
1228.322: [GC (Allocation Failure) [PSYoungGen: 127824K->352K(129024K)] 464736K->337272K(754176K), 0.0018114 secs] [Times: user=0.01 sys=0.00, real=0.00 secs] 
1229.315: [GC (Allocation Failure) [PSYoungGen: 126816K->1472K(126976K)] 463736K->338392K(752128K), 0.0019336 secs] [Times: user=0.01 sys=0.00, real=0.00 secs] 
1229.915: [GC (Allocation Failure) [PSYoungGen: 126912K->1376K(125952K)] 463832K->338304K(751104K), 0.0022873 secs] [Times: user=0.01 sys=0.00, real=0.01 secs] 
1231.265: [GC (Allocation Failure) [PSYoungGen: 125792K->1472K(124928K)] 462720K->338408K(750080K), 0.0017580 secs] [Times: user=0.01 sys=0.00, real=0.01 secs] 
1232.394: [GC (Allocation Failure) [PSYoungGen: 124864K->1440K(123904K)] 461800K->338384K(749056K), 0.0028174 secs] [Times: user=0.01 sys=0.00, real=0.01 secs] 
1233.547: [GC (Allocation Failure) [PSYoungGen: 123808K->1456K(122880K)] 460752K->338400K(748032K), 0.0016200 secs] [Times: user=0.00 sys=0.00, real=0.00 secs] 
1235.145: [GC (Allocation Failure) [PSYoungGen: 122800K->1440K(121856K)] 459744K->338392K(747008K), 0.0052969 secs] [Times: user=0.02 sys=0.00, real=0.01 secs] 
1236.409: [GC (Allocation Failure) [PSYoungGen: 121760K->1376K(120832K)] 458712K->338336K(745984K), 0.0043037 secs] [Times: user=0.01 sys=0.00, real=0.00 secs] 
1238.599: [GC (Allocation Failure) [PSYoungGen: 120672K->1440K(119808K)] 457632K->338408K(744960K), 0.0040118 secs] [Times: user=0.02 sys=0.00, real=0.00 secs] 
1239.633: [GC (Allocation Failure) [PSYoungGen: 119712K->1440K(118784K)] 456680K->338408K(743936K), 0.0025401 secs] [Times: user=0.01 sys=0.00, real=0.00 secs] 
1240.449: [GC (Allocation Failure) [PSYoungGen: 118688K->1456K(117760K)] 455656K->338424K(742912K), 0.0015725 secs] [Times: user=0.01 sys=0.00, real=0.00 secs] 
1241.708: [GC (Allocation Failure) [PSYoungGen: 117680K->1440K(116736K)] 454648K->338408K(741888K), 0.0021290 secs] [Times: user=0.01 sys=0.00, real=0.00 secs] 
1242.532: [GC (Allocation Failure) [PSYoungGen: 116640K->1408K(115712K)] 453608K->338384K(740864K), 0.0022544 secs] [Times: user=0.01 sys=0.00, real=0.00 secs] 
1243.920: [GC (Allocation Failure) [PSYoungGen: 115584K->1440K(115200K)] 452560K->338424K(740352K), 0.0021309 secs] [Times: user=0.01 sys=0.00, real=0.00 secs] 
1244.761: [GC (Allocation Failure) [PSYoungGen: 115104K->1408K(114688K)] 452088K->338392K(739840K), 0.0021404 secs] [Times: user=0.01 sys=0.00, real=0.00 secs] 
1245.501: [GC (Allocation Failure) [PSYoungGen: 114560K->1440K(114176K)] 451544K->338424K(739328K), 0.0025093 secs] [Times: user=0.01 sys=0.00, real=0.00 secs] 
1246.701: [GC (Allocation Failure) [PSYoungGen: 114080K->1424K(113664K)] 451064K->338416K(738816K), 0.0023049 secs] [Times: user=0.01 sys=0.00, real=0.00 secs] 
1247.431: [GC (Allocation Failure) [PSYoungGen: 113552K->1408K(113152K)] 450544K->338400K(738304K), 0.0020263 secs] [Times: user=0.01 sys=0.00, real=0.00 secs] 
1248.798: [GC (Allocation Failure) [PSYoungGen: 113024K->1952K(113152K)] 450016K->338952K(738304K), 0.0018675 secs] [Times: user=0.00 sys=0.00, real=0.00 secs] 
1249.323: [GC (Allocation Failure) [PSYoungGen: 113056K->368K(111104K)] 450056K->338392K(736256K), 0.0021248 secs] [Times: user=0.01 sys=0.00, real=0.00 secs] 
1249.796: [GC (Allocation Failure) [PSYoungGen: 110960K->368K(118784K)] 448984K->338392K(743936K), 0.0024709 secs] [Times: user=0.01 sys=0.00, real=0.01 secs] 
1250.843: [GC (Allocation Failure) [PSYoungGen: 116592K->1408K(119808K)] 454616K->339448K(744960K), 0.0039593 secs] [Times: user=0.02 sys=0.00, real=0.00 secs] 
1251.348: [GC (Allocation Failure) [PSYoungGen: 118656K->1376K(119808K)] 456696K->339416K(744960K), 0.0019536 secs] [Times: user=0.01 sys=0.00, real=0.00 secs] 
1251.836: [GC (Allocation Failure) [PSYoungGen: 118624K->1392K(127488K)] 456664K->339448K(752640K), 0.0018857 secs] [Times: user=0.01 sys=0.00, real=0.01 secs] 
1253.553: [GC (Allocation Failure) [PSYoungGen: 126320K->1408K(127488K)] 464376K->339464K(752640K), 0.0020490 secs] [Times: user=0.01 sys=0.00, real=0.00 secs] 
1254.355: [GC (Allocation Failure) [PSYoungGen: 126336K->1376K(133632K)] 464392K->339432K(758784K), 0.0020700 secs] [Times: user=0.01 sys=0.00, real=0.01 secs] 
1255.351: [GC (Allocation Failure) [PSYoungGen: 133472K->1408K(134144K)] 471528K->339472K(759296K), 0.0017888 secs] [Times: user=0.01 sys=0.00, real=0.00 secs] 
1256.168: [GC (Allocation Failure) [PSYoungGen: 133504K->1408K(141312K)] 471568K->339472K(766464K), 0.0030076 secs] [Times: user=0.01 sys=0.00, real=0.00 secs] 
1257.705: [GC (Allocation Failure) [PSYoungGen: 140672K->1440K(139776K)] 478736K->339520K(764928K), 0.0017931 secs] [Times: user=0.01 sys=0.01, real=0.01 secs] 
1259.095: [GC (Allocation Failure) [PSYoungGen: 139680K->1440K(138752K)] 477760K->339528K(763904K), 0.0024657 secs] [Times: user=0.01 sys=0.00, real=0.01 secs] 
1261.173: [GC (Allocation Failure) [PSYoungGen: 138656K->1472K(137728K)] 476744K->340584K(762880K), 0.0022089 secs] [Times: user=0.01 sys=0.00, real=0.00 secs] 
1261.739: [GC (Allocation Failure) [PSYoungGen: 137664K->400K(135680K)] 476776K->339520K(760832K), 0.0018505 secs] [Times: user=0.01 sys=0.00, real=0.00 secs] 
1262.725: [GC (Allocation Failure) [PSYoungGen: 135568K->1424K(136192K)] 474688K->340544K(761344K), 0.0014250 secs] [Times: user=0.00 sys=0.00, real=0.00 secs] 
1264.154: [GC (Allocation Failure) [PSYoungGen: 135568K->1440K(134656K)] 474688K->340560K(759808K), 0.0023702 secs] [Times: user=0.01 sys=0.00, real=0.00 secs] 
1264.768: [GC (Allocation Failure) [PSYoungGen: 134560K->1408K(133632K)] 473680K->340528K(758784K), 0.0020547 secs] [Times: user=0.01 sys=0.00, real=0.00 secs] 
1266.552: [GC (Allocation Failure) [PSYoungGen: 133504K->1408K(132608K)] 472624K->340528K(757760K), 0.0021858 secs] [Times: user=0.01 sys=0.00, real=0.00 secs] 
1268.096: [GC (Allocation Failure) [PSYoungGen: 132480K->1408K(136704K)] 471600K->340528K(761856K), 0.0071197 secs] [Times: user=0.03 sys=0.00, real=0.01 secs] 
1270.009: [GC (Allocation Failure) [PSYoungGen: 136064K->1440K(135168K)] 475184K->340560K(760320K), 0.0020352 secs] [Times: user=0.01 sys=0.00, real=0.00 secs] 
1271.707: [GC (Allocation Failure) [PSYoungGen: 135072K->1376K(134144K)] 474192K->340496K(759296K), 0.0029226 secs] [Times: user=0.01 sys=0.00, real=0.00 secs] 
1274.146: [GC (Allocation Failure) [PSYoungGen: 133984K->1408K(133120K)] 473104K->340528K(758272K), 0.0016649 secs] [Times: user=0.01 sys=0.00, real=0.01 secs] 
1275.377: [GC (Allocation Failure) [PSYoungGen: 132992K->1408K(132096K)] 472112K->340528K(757248K), 0.0033955 secs] [Times: user=0.01 sys=0.01, real=0.01 secs] 
1276.426: [GC (Allocation Failure) [PSYoungGen: 131934K->288K(130048K)] 471054K->339416K(755200K), 0.0023205 secs] [Times: user=0.01 sys=0.00, real=0.01 secs] 
1277.450: [GC (Allocation Failure) [PSYoungGen: 129824K->1440K(130560K)] 468952K->340568K(755712K), 0.0017194 secs] [Times: user=0.01 sys=0.00, real=0.00 secs] 
1277.984: [GC (Allocation Failure) [PSYoungGen: 129952K->1376K(129024K)] 469080K->340512K(754176K), 0.0022536 secs] [Times: user=0.01 sys=0.00, real=0.00 secs] 
1280.453: [GC (Allocation Failure) [PSYoungGen: 128864K->1408K(128000K)] 468000K->340544K(753152K), 0.0026350 secs] [Times: user=0.01 sys=0.00, real=0.00 secs] 
1281.378: [GC (Allocation Failure) [PSYoungGen: 127872K->1376K(126976K)] 467008K->340512K(752128K), 0.0020379 secs] [Times: user=0.01 sys=0.00, real=0.00 secs] 
1282.817: [GC (Allocation Failure) [PSYoungGen: 126816K->1408K(125952K)] 465952K->340544K(751104K), 0.0025326 secs] [Times: user=0.01 sys=0.00, real=0.00 secs] 
1285.105: [GC (Allocation Failure) [PSYoungGen: 125824K->1376K(124928K)] 464960K->340512K(750080K), 0.0029733 secs] [Times: user=0.01 sys=0.00, real=0.01 secs] 
1285.817: [GC (Allocation Failure) [PSYoungGen: 124768K->1376K(123904K)] 463904K->340512K(749056K), 0.0019995 secs] [Times: user=0.01 sys=0.00, real=0.00 secs] 
1287.371: [GC (Allocation Failure) [PSYoungGen: 123744K->1440K(122880K)] 462880K->340576K(748032K), 0.0037144 secs] [Times: user=0.02 sys=0.00, real=0.00 secs] 
1288.372: [GC (Allocation Failure) [PSYoungGen: 122784K->1344K(121856K)] 461920K->340480K(747008K), 0.0026849 secs] [Times: user=0.01 sys=0.00, real=0.00 secs] 
1289.699: [GC (Allocation Failure) [PSYoungGen: 121664K->1440K(120832K)] 460800K->340576K(745984K), 0.0017624 secs] [Times: user=0.00 sys=0.00, real=0.00 secs] 
1290.327: [GC (Allocation Failure) [PSYoungGen: 120736K->1376K(119808K)] 459872K->340512K(744960K), 0.0018301 secs] [Times: user=0.01 sys=0.00, real=0.01 secs] 
1291.462: [GC (Allocation Failure) [PSYoungGen: 119648K->1376K(118784K)] 458784K->340512K(743936K), 0.0029534 secs] [Times: user=0.01 sys=0.00, real=0.00 secs] 
1294.040: [GC (Allocation Failure) [PSYoungGen: 118624K->1440K(117760K)] 457760K->340576K(742912K), 0.0043939 secs] [Times: user=0.02 sys=0.00, real=0.00 secs] 
1295.278: [GC (Allocation Failure) [PSYoungGen: 117664K->1376K(116736K)] 456800K->340512K(741888K), 0.0030949 secs] [Times: user=0.01 sys=0.00, real=0.00 secs] 
1296.647: [GC (Allocation Failure) [PSYoungGen: 116576K->1424K(115712K)] 455712K->340560K(740864K), 0.0018748 secs] [Times: user=0.01 sys=0.00, real=0.01 secs] 
1297.207: [GC (Allocation Failure) [PSYoungGen: 115600K->1344K(115200K)] 454736K->340480K(740352K), 0.0017581 secs] [Times: user=0.01 sys=0.00, real=0.01 secs] 
1297.756: [GC (Allocation Failure) [PSYoungGen: 115008K->1408K(114688K)] 454144K->340544K(739840K), 0.0019676 secs] [Times: user=0.01 sys=0.00, real=0.01 secs] 
1298.968: [GC (Allocation Failure) [PSYoungGen: 114560K->1376K(114176K)] 453696K->340512K(739328K), 0.0018886 secs] [Times: user=0.01 sys=0.00, real=0.00 secs] 
1300.317: [GC (Allocation Failure) [PSYoungGen: 114016K->1376K(113664K)] 453152K->340512K(738816K), 0.0032269 secs] [Times: user=0.01 sys=0.00, real=0.00 secs] 
1302.454: [GC (Allocation Failure) [PSYoungGen: 113504K->1392K(113152K)] 452640K->340528K(738304K), 0.0015193 secs] [Times: user=0.01 sys=0.00, real=0.00 secs] 
1303.728: [GC (Allocation Failure) [PSYoungGen: 113008K->1424K(112640K)] 452144K->340568K(737792K), 0.0030902 secs] [Times: user=0.01 sys=0.00, real=0.00 secs] 
1304.916: [GC (Allocation Failure) [PSYoungGen: 112528K->1408K(112128K)] 451672K->340552K(737280K), 0.0024437 secs] [Times: user=0.01 sys=0.00, real=0.01 secs] 
1306.383: [GC (Allocation Failure) [PSYoungGen: 112000K->1376K(111616K)] 451144K->340520K(736768K), 0.0018038 secs] [Times: user=0.00 sys=0.00, real=0.00 secs] 
1307.179: [GC (Allocation Failure) [PSYoungGen: 111456K->1312K(111104K)] 450600K->340456K(736256K), 0.0016990 secs] [Times: user=0.00 sys=0.00, real=0.00 secs] 
1308.311: [GC (Allocation Failure) [PSYoungGen: 110880K->1376K(110592K)] 450024K->340520K(735744K), 0.0028684 secs] [Times: user=0.01 sys=0.00, real=0.00 secs] 
1309.453: [GC (Allocation Failure) [PSYoungGen: 110432K->384K(109056K)] 449576K->340552K(734208K), 0.0017714 secs] [Times: user=0.01 sys=0.00, real=0.00 secs] 
1309.903: [GC (Allocation Failure) [PSYoungGen: 108928K->320K(110080K)] 449096K->340488K(735232K), 0.0016641 secs] [Times: user=0.01 sys=0.00, real=0.00 secs] 
1310.351: [GC (Allocation Failure) [PSYoungGen: 108352K->352K(114688K)] 448520K->340528K(739840K), 0.0021024 secs] [Times: user=0.00 sys=0.00, real=0.00 secs] 
1312.099: [GC (Allocation Failure) [PSYoungGen: 114528K->1376K(115712K)] 454704K->341560K(740864K), 0.0026343 secs] [Times: user=0.01 sys=0.01, real=0.00 secs] 
1313.091: [GC (Allocation Failure) [PSYoungGen: 115040K->1376K(121344K)] 455224K->341560K(746496K), 0.0031275 secs] [Times: user=0.01 sys=0.00, real=0.00 secs] 
1314.310: [GC (Allocation Failure) [PSYoungGen: 121184K->1376K(120320K)] 461368K->341560K(745472K), 0.0018046 secs] [Times: user=0.00 sys=0.00, real=0.00 secs] 
1315.007: [GC (Allocation Failure) [PSYoungGen: 120160K->1376K(119296K)] 460344K->341560K(744448K), 0.0020618 secs] [Times: user=0.01 sys=0.00, real=0.01 secs] 
1315.973: [GC (Allocation Failure) [PSYoungGen: 119136K->1408K(118272K)] 459320K->341592K(743424K), 0.0024437 secs] [Times: user=0.01 sys=0.00, real=0.00 secs] 
1317.513: [GC (Allocation Failure) [PSYoungGen: 118144K->1392K(117248K)] 458328K->341576K(742400K), 0.0030605 secs] [Times: user=0.01 sys=0.00, real=0.00 secs] 
1318.760: [GC (Allocation Failure) [PSYoungGen: 117104K->1376K(116224K)] 457288K->341560K(741376K), 0.0040895 secs] [Times: user=0.01 sys=0.00, real=0.00 secs] 
1320.666: [GC (Allocation Failure) [PSYoungGen: 116064K->1424K(115200K)] 456248K->342632K(740352K), 0.0019167 secs] [Times: user=0.01 sys=0.00, real=0.01 secs] 
1322.124: [GC (Allocation Failure) [PSYoungGen: 115088K->1408K(114688K)] 456296K->342632K(739840K), 0.0029834 secs] [Times: user=0.02 sys=0.00, real=0.01 secs] 
1323.583: [GC (Allocation Failure) [PSYoungGen: 114560K->1376K(114176K)] 455784K->342600K(739328K), 0.0032808 secs] [Times: user=0.01 sys=0.00, real=0.00 secs] 
1325.112: [GC (Allocation Failure) [PSYoungGen: 114016K->1440K(113664K)] 455240K->342664K(738816K), 0.0019119 secs] [Times: user=0.01 sys=0.00, real=0.00 secs] 
1326.136: [GC (Allocation Failure) [PSYoungGen: 113568K->1360K(113152K)] 454792K->342584K(738304K), 0.0037639 secs] [Times: user=0.02 sys=0.00, real=0.01 secs] 
1326.698: [GC (Allocation Failure) [PSYoungGen: 112976K->1408K(116736K)] 454200K->342632K(741888K), 0.0021135 secs] [Times: user=0.00 sys=0.01, real=0.00 secs] 
1329.095: [GC (Allocation Failure) [PSYoungGen: 116096K->1376K(115200K)] 457320K->342600K(740352K), 0.0032218 secs] [Times: user=0.01 sys=0.00, real=0.01 secs] 
1330.133: [GC (Allocation Failure) [PSYoungGen: 115040K->1376K(119296K)] 456264K->342600K(744448K), 0.0039131 secs] [Times: user=0.02 sys=0.00, real=0.00 secs] 
1331.694: [GC (Allocation Failure) [PSYoungGen: 118624K->1440K(117760K)] 459848K->342664K(742912K), 0.0017742 secs] [Times: user=0.00 sys=0.00, real=0.00 secs] 
1332.221: [GC (Allocation Failure) [PSYoungGen: 117664K->1360K(116736K)] 458888K->342584K(741888K), 0.0017083 secs] [Times: user=0.00 sys=0.00, real=0.00 secs] 
1332.790: [GC (Allocation Failure) [PSYoungGen: 116560K->1360K(120320K)] 457784K->342584K(745472K), 0.0020350 secs] [Times: user=0.00 sys=0.00, real=0.00 secs] 
1333.961: [GC (Allocation Failure) [PSYoungGen: 120144K->1440K(119296K)] 461368K->342672K(744448K), 0.0018729 secs] [Times: user=0.00 sys=0.00, real=0.00 secs] 
1334.947: [GC (Allocation Failure) [PSYoungGen: 119200K->1376K(118272K)] 460432K->342608K(743424K), 0.0027516 secs] [Times: user=0.01 sys=0.00, real=0.00 secs] 
1336.316: [GC (Allocation Failure) [PSYoungGen: 118112K->1920K(117760K)] 459344K->343152K(742912K), 0.0019180 secs] [Times: user=0.01 sys=0.00, real=0.01 secs] 
1337.481: [GC (Allocation Failure) [PSYoungGen: 117632K->352K(115200K)] 458864K->342608K(740352K), 0.0036186 secs] [Times: user=0.01 sys=0.00, real=0.00 secs] 
1338.542: [GC (Allocation Failure) [PSYoungGen: 115040K->336K(118272K)] 457296K->342592K(743424K), 0.0035853 secs] [Times: user=0.01 sys=0.00, real=0.00 secs] 
1339.847: [GC (Allocation Failure) [PSYoungGen: 116560K->1408K(116736K)] 458816K->343672K(741888K), 0.0016532 secs] [Times: user=0.00 sys=0.00, real=0.00 secs] 
1340.385: [GC (Allocation Failure) [PSYoungGen: 116608K->1376K(115712K)] 458872K->343640K(740864K), 0.0020071 secs] [Times: user=0.01 sys=0.01, real=0.01 secs] 
1341.446: [GC (Allocation Failure) [PSYoungGen: 115552K->1421K(115200K)] 457816K->343701K(740352K), 0.0017070 secs] [Times: user=0.01 sys=0.00, real=0.01 secs] 
1343.074: [GC (Allocation Failure) [PSYoungGen: 115085K->1408K(114688K)] 457365K->343688K(739840K), 0.0057509 secs] [Times: user=0.02 sys=0.01, real=0.01 secs] 
1344.414: [GC (Allocation Failure) [PSYoungGen: 114560K->1408K(120320K)] 456840K->343688K(745472K), 0.0041069 secs] [Times: user=0.02 sys=0.00, real=0.01 secs] 
1345.889: [GC (Allocation Failure) [PSYoungGen: 120192K->1408K(119296K)] 462472K->343688K(744448K), 0.0020243 secs] [Times: user=0.01 sys=0.00, real=0.00 secs] 
1347.137: [GC (Allocation Failure) [PSYoungGen: 119168K->1408K(118272K)] 461448K->343696K(743424K), 0.0036833 secs] [Times: user=0.02 sys=0.00, real=0.00 secs] 
1348.531: [GC (Allocation Failure) [PSYoungGen: 118144K->1344K(119808K)] 460432K->343632K(744960K), 0.0047100 secs] [Times: user=0.02 sys=0.00, real=0.00 secs] 
1350.550: [GC (Allocation Failure) [PSYoungGen: 119104K->1376K(118272K)] 461392K->343664K(743424K), 0.0025392 secs] [Times: user=0.01 sys=0.00, real=0.00 secs] 
1351.614: [GC (Allocation Failure) [PSYoungGen: 118112K->1424K(117248K)] 460400K->343712K(742400K), 0.0021629 secs] [Times: user=0.01 sys=0.00, real=0.00 secs] 
1353.091: [GC (Allocation Failure) [PSYoungGen: 117136K->1408K(116224K)] 459424K->343696K(741376K), 0.0018358 secs] [Times: user=0.01 sys=0.00, real=0.00 secs] 
1354.191: [GC (Allocation Failure) [PSYoungGen: 116096K->1376K(115200K)] 458384K->343672K(740352K), 0.0022571 secs] [Times: user=0.01 sys=0.00, real=0.00 secs] 
1354.960: [GC (Allocation Failure) [PSYoungGen: 115040K->1376K(114688K)] 457336K->343672K(739840K), 0.0019447 secs] [Times: user=0.01 sys=0.00, real=0.00 secs] 
1356.376: [GC (Allocation Failure) [PSYoungGen: 114528K->1408K(114176K)] 456824K->343704K(739328K), 0.0020858 secs] [Times: user=0.01 sys=0.00, real=0.01 secs] 
1357.831: [GC (Allocation Failure) [PSYoungGen: 114048K->1376K(113664K)] 456344K->343672K(738816K), 0.0047197 secs] [Times: user=0.02 sys=0.00, real=0.00 secs] 
1359.112: [GC (Allocation Failure) [PSYoungGen: 113504K->1392K(113152K)] 455800K->343688K(738304K), 0.0020404 secs] [Times: user=0.01 sys=0.00, real=0.00 secs] 
1360.415: [GC (Allocation Failure) [PSYoungGen: 113008K->1376K(112640K)] 455304K->343672K(737792K), 0.0024280 secs] [Times: user=0.01 sys=0.00, real=0.01 secs] 
1361.416: [GC (Allocation Failure) [PSYoungGen: 112480K->1408K(112128K)] 454776K->343704K(737280K), 0.0028003 secs] [Times: user=0.01 sys=0.00, real=0.01 secs] 
1363.083: [GC (Allocation Failure) [PSYoungGen: 112000K->1440K(111616K)] 454296K->343736K(736768K), 0.0016125 secs] [Times: user=0.00 sys=0.00, real=0.00 secs] 
1363.996: [GC (Allocation Failure) [PSYoungGen: 111520K->1376K(111104K)] 453816K->343672K(736256K), 0.0022816 secs] [Times: user=0.01 sys=0.00, real=0.01 secs] 
1364.441: [GC (Allocation Failure) [PSYoungGen: 110944K->1344K(110592K)] 453240K->343648K(735744K), 0.0019031 secs] [Times: user=0.01 sys=0.00, real=0.00 secs] 
1365.730: [GC (Allocation Failure) [PSYoungGen: 110400K->1408K(116224K)] 452704K->343712K(741376K), 0.0039397 secs] [Times: user=0.01 sys=0.00, real=0.00 secs] 
1366.570: [GC (Allocation Failure) [PSYoungGen: 116096K->1376K(117248K)] 458400K->343680K(742400K), 0.0023331 secs] [Times: user=0.01 sys=0.00, real=0.00 secs] 
1367.973: [GC (Allocation Failure) [PSYoungGen: 117088K->1360K(116224K)] 459392K->343664K(741376K), 0.0025928 secs] [Times: user=0.01 sys=0.00, real=0.00 secs] 
1368.926: [GC (Allocation Failure) [PSYoungGen: 116048K->1408K(115200K)] 458352K->343712K(740352K), 0.0015790 secs] [Times: user=0.01 sys=0.00, real=0.01 secs] 
1369.863: [GC (Allocation Failure) [PSYoungGen: 115072K->1376K(114688K)] 457376K->343696K(739840K), 0.0019502 secs] [Times: user=0.01 sys=0.00, real=0.00 secs] 
1372.423: [GC (Allocation Failure) [PSYoungGen: 114528K->1440K(114176K)] 456848K->343760K(739328K), 0.0027740 secs] [Times: user=0.01 sys=0.01, real=0.00 secs] 
1372.917: [GC (Allocation Failure) [PSYoungGen: 114080K->1344K(113664K)] 456400K->343672K(738816K), 0.0021947 secs] [Times: user=0.01 sys=0.00, real=0.00 secs] 
1373.654: [GC (Allocation Failure) [PSYoungGen: 113472K->1408K(113152K)] 455800K->343736K(738304K), 0.0019130 secs] [Times: user=0.01 sys=0.00, real=0.00 secs] 
1374.823: [GC (Allocation Failure) [PSYoungGen: 113024K->1376K(112640K)] 455352K->343704K(737792K), 0.0018504 secs] [Times: user=0.00 sys=0.00, real=0.00 secs] 
1375.371: [GC (Allocation Failure) [PSYoungGen: 112480K->384K(111104K)] 454808K->343736K(736256K), 0.0018859 secs] [Times: user=0.01 sys=0.00, real=0.00 secs] 
1376.000: [GC (Allocation Failure) [PSYoungGen: 110976K->1392K(112128K)] 454328K->344744K(737280K), 0.0015744 secs] [Times: user=0.01 sys=0.00, real=0.00 secs] 
1377.473: [GC (Allocation Failure) [PSYoungGen: 111472K->1408K(111104K)] 454824K->344760K(736256K), 0.0021831 secs] [Times: user=0.01 sys=0.00, real=0.00 secs] 
1378.549: [GC (Allocation Failure) [PSYoungGen: 110976K->1376K(110592K)] 454328K->344728K(735744K), 0.0022080 secs] [Times: user=0.01 sys=0.00, real=0.00 secs] 
1380.094: [GC (Allocation Failure) [PSYoungGen: 110432K->1424K(110080K)] 453784K->345800K(735232K), 0.0019679 secs] [Times: user=0.01 sys=0.00, real=0.00 secs] 
1381.009: [GC (Allocation Failure) [PSYoungGen: 109968K->352K(108544K)] 454344K->344728K(733696K), 0.0026759 secs] [Times: user=0.01 sys=0.00, real=0.00 secs] 
1382.439: [GC (Allocation Failure) [PSYoungGen: 108384K->336K(108032K)] 452760K->344728K(733184K), 0.0034631 secs] [Times: user=0.01 sys=0.01, real=0.00 secs] 
1383.870: [GC (Allocation Failure) [PSYoungGen: 107856K->1376K(109056K)] 452248K->345768K(734208K), 0.0017779 secs] [Times: user=0.01 sys=0.00, real=0.00 secs] 
1384.770: [GC (Allocation Failure) [PSYoungGen: 108384K->1344K(108032K)] 452776K->345736K(733184K), 0.0025108 secs] [Times: user=0.01 sys=0.00, real=0.00 secs] 
1385.708: [GC (Allocation Failure) [PSYoungGen: 107840K->1376K(107520K)] 452232K->345776K(732672K), 0.0034648 secs] [Times: user=0.01 sys=0.01, real=0.00 secs] 
1387.147: [GC (Allocation Failure) [PSYoungGen: 107360K->1408K(107008K)] 451760K->345808K(732160K), 0.0020159 secs] [Times: user=0.01 sys=0.00, real=0.01 secs] 
1388.076: [GC (Allocation Failure) [PSYoungGen: 106880K->1376K(106496K)] 451280K->345776K(731648K), 0.0027663 secs] [Times: user=0.01 sys=0.00, real=0.01 secs] 
1388.583: [GC (Allocation Failure) [PSYoungGen: 106336K->1344K(107008K)] 450736K->345744K(732160K), 0.0019315 secs] [Times: user=0.01 sys=0.00, real=0.00 secs] 
1389.918: [GC (Allocation Failure) [PSYoungGen: 106816K->1408K(106496K)] 451216K->345808K(731648K), 0.0024392 secs] [Times: user=0.01 sys=0.00, real=0.00 secs] 
1390.691: [GC (Allocation Failure) [PSYoungGen: 106368K->1328K(105984K)] 450768K->345736K(731136K), 0.0021079 secs] [Times: user=0.00 sys=0.00, real=0.00 secs] 
1391.617: [GC (Allocation Failure) [PSYoungGen: 105776K->1360K(105472K)] 450184K->345768K(730624K), 0.0016818 secs] [Times: user=0.01 sys=0.00, real=0.01 secs] 
1393.346: [GC (Allocation Failure) [PSYoungGen: 105296K->1376K(104960K)] 449704K->345784K(730112K), 0.0050494 secs] [Times: user=0.01 sys=0.00, real=0.01 secs] 
1394.837: [GC (Allocation Failure) [PSYoungGen: 104800K->1376K(104448K)] 449208K->345792K(729600K), 0.0039298 secs] [Times: user=0.01 sys=0.00, real=0.00 secs] 
1396.825: [GC (Allocation Failure) [PSYoungGen: 104288K->1376K(103936K)] 448704K->345792K(729088K), 0.0021754 secs] [Times: user=0.00 sys=0.00, real=0.01 secs] 
1397.744: [GC (Allocation Failure) [PSYoungGen: 103776K->1360K(103424K)] 448192K->345776K(728576K), 0.0023994 secs] [Times: user=0.01 sys=0.00, real=0.00 secs] 
1398.652: [GC (Allocation Failure) [PSYoungGen: 103248K->1408K(102912K)] 447664K->345824K(728064K), 0.0030963 secs] [Times: user=0.01 sys=0.01, real=0.00 secs] 
1399.998: [GC (Allocation Failure) [PSYoungGen: 102784K->1952K(102912K)] 447200K->346368K(728064K), 0.0018461 secs] [Times: user=0.01 sys=0.00, real=0.00 secs] 
1400.820: [GC (Allocation Failure) [PSYoungGen: 102816K->1344K(101888K)] 447232K->345760K(727040K), 0.0019858 secs] [Times: user=0.01 sys=0.00, real=0.00 secs] 
1401.425: [GC (Allocation Failure) [PSYoungGen: 101696K->1408K(102912K)] 446112K->345832K(728064K), 0.0023105 secs] [Times: user=0.00 sys=0.00, real=0.01 secs] 
1402.370: [GC (Allocation Failure) [PSYoungGen: 102272K->1408K(101888K)] 446696K->346856K(727040K), 0.0019072 secs] [Times: user=0.01 sys=0.00, real=0.00 secs] 
1403.294: [GC (Allocation Failure) [PSYoungGen: 101760K->336K(107520K)] 447208K->345784K(732672K), 0.0031445 secs] [Times: user=0.01 sys=0.00, real=0.00 secs] 
1403.806: [GC (Allocation Failure) [PSYoungGen: 105808K->320K(108032K)] 451256K->345768K(733184K), 0.0019960 secs] [Times: user=0.01 sys=0.00, real=0.01 secs] 
1404.907: [GC (Allocation Failure) [PSYoungGen: 106304K->1376K(108032K)] 451752K->346824K(733184K), 0.0018111 secs] [Times: user=0.01 sys=0.00, real=0.01 secs] 
1406.008: [GC (Allocation Failure) [PSYoungGen: 107360K->1376K(113664K)] 452808K->346832K(738816K), 0.0027948 secs] [Times: user=0.01 sys=0.00, real=0.00 secs] 
1407.284: [GC (Allocation Failure) [PSYoungGen: 112992K->1376K(113664K)] 458448K->346832K(738816K), 0.0048643 secs] [Times: user=0.02 sys=0.00, real=0.01 secs] 
1409.124: [GC (Allocation Failure) [PSYoungGen: 112992K->1376K(119296K)] 458448K->346832K(744448K), 0.0037520 secs] [Times: user=0.01 sys=0.00, real=0.01 secs] 
1410.399: [GC (Allocation Failure) [PSYoungGen: 119136K->1376K(119808K)] 464592K->346832K(744960K), 0.0033071 secs] [Times: user=0.01 sys=0.00, real=0.00 secs] 
1412.320: [GC (Allocation Failure) [PSYoungGen: 119136K->1357K(118272K)] 464592K->346821K(743424K), 0.0016462 secs] [Times: user=0.01 sys=0.00, real=0.00 secs] 
1413.441: [GC (Allocation Failure) [PSYoungGen: 118093K->1376K(117248K)] 463557K->346840K(742400K), 0.0022938 secs] [Times: user=0.01 sys=0.00, real=0.00 secs] 
1413.923: [GC (Allocation Failure) [PSYoungGen: 117088K->1344K(116224K)] 462552K->346808K(741376K), 0.0017971 secs] [Times: user=0.01 sys=0.00, real=0.00 secs] 
1415.244: [GC (Allocation Failure) [PSYoungGen: 116032K->1424K(115200K)] 461496K->346888K(740352K), 0.0036284 secs] [Times: user=0.01 sys=0.00, real=0.01 secs] 
1416.407: [GC (Allocation Failure) [PSYoungGen: 115088K->1392K(114688K)] 460552K->346864K(739840K), 0.0030449 secs] [Times: user=0.01 sys=0.00, real=0.00 secs] 
1417.670: [GC (Allocation Failure) [PSYoungGen: 114544K->1344K(114176K)] 460016K->346816K(739328K), 0.0029592 secs] [Times: user=0.01 sys=0.00, real=0.00 secs] 
1419.515: [GC (Allocation Failure) [PSYoungGen: 113984K->1408K(113664K)] 459456K->346880K(738816K), 0.0032278 secs] [Times: user=0.01 sys=0.00, real=0.01 secs] 
1420.741: [GC (Allocation Failure) [PSYoungGen: 113536K->1392K(113152K)] 459008K->346864K(738304K), 0.0027437 secs] [Times: user=0.01 sys=0.00, real=0.00 secs] 
1422.436: [GC (Allocation Failure) [PSYoungGen: 113008K->928K(112128K)] 458480K->347424K(737280K), 0.0018633 secs] [Times: user=0.01 sys=0.00, real=0.01 secs] 
1423.401: [GC (Allocation Failure) [PSYoungGen: 112032K->352K(111104K)] 458528K->346848K(736256K), 0.0020011 secs] [Times: user=0.01 sys=0.00, real=0.00 secs] 
1424.406: [GC (Allocation Failure) [PSYoungGen: 110944K->320K(110592K)] 457440K->346824K(735744K), 0.0037388 secs] [Times: user=0.01 sys=0.00, real=0.01 secs] 
1425.979: [GC (Allocation Failure) [PSYoungGen: 110400K->1408K(111616K)] 456904K->347912K(736768K), 0.0023879 secs] [Times: user=0.01 sys=0.00, real=0.00 secs] 
1427.359: [GC (Allocation Failure) [PSYoungGen: 110976K->1344K(110592K)] 457480K->347848K(735744K), 0.0046739 secs] [Times: user=0.01 sys=0.00, real=0.00 secs] 
1428.491: [GC (Allocation Failure) [PSYoungGen: 110400K->1376K(110080K)] 456904K->347880K(735232K), 0.0032186 secs] [Times: user=0.02 sys=0.00, real=0.00 secs] 
1430.307: [GC (Allocation Failure) [PSYoungGen: 109920K->1376K(109568K)] 456424K->347880K(734720K), 0.0025667 secs] [Times: user=0.01 sys=0.00, real=0.01 secs] 
1431.433: [GC (Allocation Failure) [PSYoungGen: 109408K->1392K(109056K)] 455912K->347896K(734208K), 0.0027691 secs] [Times: user=0.01 sys=0.00, real=0.00 secs] 
1432.374: [GC (Allocation Failure) [PSYoungGen: 108912K->1360K(108544K)] 455416K->347864K(733696K), 0.0020566 secs] [Times: user=0.00 sys=0.00, real=0.00 secs] 
1433.559: [GC (Allocation Failure) [PSYoungGen: 108368K->1408K(108032K)] 454872K->347912K(733184K), 0.0021438 secs] [Times: user=0.00 sys=0.00, real=0.00 secs] 
1434.150: [GC (Allocation Failure) [PSYoungGen: 107904K->1376K(107520K)] 454408K->347896K(732672K), 0.0020218 secs] [Times: user=0.01 sys=0.00, real=0.00 secs] 
1435.043: [GC (Allocation Failure) [PSYoungGen: 107360K->1664K(107520K)] 453880K->348184K(732672K), 0.0021369 secs] [Times: user=0.01 sys=0.01, real=0.00 secs] 
1435.474: [GC (Allocation Failure) [PSYoungGen: 107136K->352K(112640K)] 453656K->347896K(737792K), 0.0018566 secs] [Times: user=0.01 sys=0.00, real=0.00 secs] 
1436.007: [GC (Allocation Failure) [PSYoungGen: 111968K->352K(114176K)] 459512K->347896K(739328K), 0.0019110 secs] [Times: user=0.01 sys=0.00, real=0.01 secs] 
1436.981: [GC (Allocation Failure) [PSYoungGen: 111968K->1440K(119808K)] 459512K->348984K(744960K), 0.0023843 secs] [Times: user=0.01 sys=0.00, real=0.00 secs] 
1437.975: [GC (Allocation Failure) [PSYoungGen: 119200K->1328K(120320K)] 466744K->348872K(745472K), 0.0021555 secs] [Times: user=0.01 sys=0.00, real=0.00 secs] 
1438.995: [GC (Allocation Failure) [PSYoungGen: 119088K->1392K(126464K)] 466632K->348936K(751616K), 0.0024805 secs] [Times: user=0.01 sys=0.01, real=0.01 secs] 
1441.042: [GC (Allocation Failure) [PSYoungGen: 125296K->1408K(124416K)] 472840K->348960K(749568K), 0.0023459 secs] [Times: user=0.01 sys=0.00, real=0.00 secs] 
1442.388: [GC (Allocation Failure) [PSYoungGen: 124288K->1408K(123392K)] 471840K->348968K(748544K), 0.0027227 secs] [Times: user=0.01 sys=0.00, real=0.00 secs] 
1444.140: [GC (Allocation Failure) [PSYoungGen: 123264K->1472K(122368K)] 470824K->349032K(747520K), 0.0020790 secs] [Times: user=0.01 sys=0.00, real=0.00 secs] 
1444.716: [GC (Allocation Failure) [PSYoungGen: 122304K->1376K(121344K)] 469864K->348936K(746496K), 0.0019511 secs] [Times: user=0.01 sys=0.00, real=0.01 secs] 
1445.317: [GC (Allocation Failure) [PSYoungGen: 121184K->1424K(120320K)] 468744K->348984K(745472K), 0.0020891 secs] [Times: user=0.01 sys=0.00, real=0.00 secs] 
1446.929: [GC (Allocation Failure) [PSYoungGen: 120208K->1440K(119296K)] 467768K->349000K(744448K), 0.0033323 secs] [Times: user=0.01 sys=0.00, real=0.00 secs] 
1448.279: [GC (Allocation Failure) [PSYoungGen: 119200K->1408K(118272K)] 466760K->348968K(743424K), 0.0031537 secs] [Times: user=0.01 sys=0.00, real=0.00 secs] 
1449.977: [GC (Allocation Failure) [PSYoungGen: 118144K->1408K(117248K)] 465704K->348968K(742400K), 0.0018226 secs] [Times: user=0.01 sys=0.00, real=0.00 secs] 
1451.661: [GC (Allocation Failure) [PSYoungGen: 117120K->1408K(116224K)] 464680K->348968K(741376K), 0.0031423 secs] [Times: user=0.01 sys=0.00, real=0.00 secs] 
1453.462: [GC (Allocation Failure) [PSYoungGen: 116096K->1392K(115200K)] 463656K->348968K(740352K), 0.0039227 secs] [Times: user=0.01 sys=0.00, real=0.00 secs] 
1455.574: [GC (Allocation Failure) [PSYoungGen: 115056K->1408K(114688K)] 462632K->348984K(739840K), 0.0036222 secs] [Times: user=0.01 sys=0.00, real=0.01 secs] 
1457.191: [GC (Allocation Failure) [PSYoungGen: 114560K->1408K(114176K)] 462136K->348984K(739328K), 0.0029959 secs] [Times: user=0.01 sys=0.00, real=0.00 secs] 
1458.447: [GC (Allocation Failure) [PSYoungGen: 114048K->1936K(114176K)] 461624K->350024K(739328K), 0.0027199 secs] [Times: user=0.01 sys=0.00, real=0.00 secs] 
1460.252: [GC (Allocation Failure) [PSYoungGen: 114064K->352K(112128K)] 462152K->349464K(737280K), 0.0031576 secs] [Times: user=0.01 sys=0.00, real=0.00 secs] 
1461.346: [GC (Allocation Failure) [PSYoungGen: 111968K->416K(113664K)] 461080K->349528K(738816K), 0.0023539 secs] [Times: user=0.01 sys=0.01, real=0.01 secs] 
1463.728: [GC (Allocation Failure) [PSYoungGen: 111520K->1376K(112128K)] 460632K->350496K(737280K), 0.0052521 secs] [Times: user=0.02 sys=0.00, real=0.00 secs] 
1465.175: [GC (Allocation Failure) [PSYoungGen: 111968K->1376K(111616K)] 461088K->350504K(736768K), 0.0032338 secs] [Times: user=0.01 sys=0.00, real=0.01 secs] 
1465.680: [GC (Allocation Failure) [PSYoungGen: 111456K->1360K(111104K)] 460584K->350496K(736256K), 0.0021618 secs] [Times: user=0.01 sys=0.00, real=0.00 secs] 
1467.953: [GC (Allocation Failure) [PSYoungGen: 110928K->1408K(110592K)] 460064K->350560K(735744K), 0.0026942 secs] [Times: user=0.01 sys=0.00, real=0.00 secs] 
1468.497: [GC (Allocation Failure) [PSYoungGen: 110464K->1328K(113152K)] 459616K->350480K(738304K), 0.0024398 secs] [Times: user=0.00 sys=0.00, real=0.00 secs] 
1469.612: [GC (Allocation Failure) [PSYoungGen: 112432K->1392K(112128K)] 461584K->350544K(737280K), 0.0015917 secs] [Times: user=0.01 sys=0.01, real=0.00 secs] 
1470.808: [GC (Allocation Failure) [PSYoungGen: 111984K->1408K(111616K)] 461136K->350560K(736768K), 0.0021058 secs] [Times: user=0.01 sys=0.00, real=0.00 secs] 
1472.103: [GC (Allocation Failure) [PSYoungGen: 111488K->1344K(111104K)] 460640K->350512K(736256K), 0.0028057 secs] [Times: user=0.01 sys=0.00, real=0.00 secs] 
1473.787: [GC (Allocation Failure) [PSYoungGen: 110912K->1408K(110592K)] 460080K->350576K(735744K), 0.0019031 secs] [Times: user=0.01 sys=0.00, real=0.00 secs] 
1474.241: [GC (Allocation Failure) [PSYoungGen: 110464K->1408K(110080K)] 459632K->350576K(735232K), 0.0018484 secs] [Times: user=0.01 sys=0.00, real=0.00 secs] 
1474.693: [GC (Allocation Failure) [PSYoungGen: 109952K->1376K(110592K)] 459120K->350552K(735744K), 0.0022321 secs] [Times: user=0.01 sys=0.00, real=0.00 secs] 
1475.884: [GC (Allocation Failure) [PSYoungGen: 109920K->1408K(109568K)] 459096K->350584K(734720K), 0.0021039 secs] [Times: user=0.01 sys=0.00, real=0.00 secs] 
1476.851: [GC (Allocation Failure) [PSYoungGen: 109440K->1376K(110080K)] 458616K->350552K(735232K), 0.0039315 secs] [Times: user=0.01 sys=0.00, real=0.00 secs] 
1478.076: [GC (Allocation Failure) [PSYoungGen: 109408K->1376K(109056K)] 458584K->350552K(734208K), 0.0025332 secs] [Times: user=0.01 sys=0.00, real=0.01 secs] 
1479.649: [GC (Allocation Failure) [PSYoungGen: 108896K->1392K(109568K)] 458072K->350568K(734720K), 0.0054694 secs] [Times: user=0.03 sys=0.00, real=0.00 secs] 
1480.684: [GC (Allocation Failure) [PSYoungGen: 108912K->1360K(108544K)] 458088K->350536K(733696K), 0.0024267 secs] [Times: user=0.01 sys=0.00, real=0.00 secs] 
1482.075: [GC (Allocation Failure) [PSYoungGen: 108368K->1328K(108032K)] 457544K->350512K(733184K), 0.0017780 secs] [Times: user=0.01 sys=0.00, real=0.01 secs] 
1483.933: [GC (Allocation Failure) [PSYoungGen: 107824K->1408K(107520K)] 457008K->350592K(732672K), 0.0041818 secs] [Times: user=0.01 sys=0.00, real=0.01 secs] 
1485.619: [GC (Allocation Failure) [PSYoungGen: 107392K->1344K(107008K)] 456576K->350528K(732160K), 0.0032140 secs] [Times: user=0.01 sys=0.00, real=0.00 secs] 
1487.607: [GC (Allocation Failure) [PSYoungGen: 106816K->1376K(106496K)] 456000K->350560K(731648K), 0.0018184 secs] [Times: user=0.01 sys=0.00, real=0.01 secs] 
1488.072: [GC (Allocation Failure) [PSYoungGen: 106336K->1280K(105984K)] 455520K->350464K(731136K), 0.0021395 secs] [Times: user=0.00 sys=0.00, real=0.00 secs] 
1488.811: [GC (Allocation Failure) [PSYoungGen: 105728K->1344K(106496K)] 454912K->350528K(731648K), 0.0038777 secs] [Times: user=0.02 sys=0.01, real=0.00 secs] 
1490.127: [GC (Allocation Failure) [PSYoungGen: 105792K->1376K(105472K)] 454976K->350560K(730624K), 0.0017592 secs] [Times: user=0.00 sys=0.01, real=0.00 secs] 
1490.709: [GC (Allocation Failure) [PSYoungGen: 105312K->1376K(112128K)] 454496K->350560K(737280K), 0.0021606 secs] [Times: user=0.01 sys=0.01, real=0.00 secs] 
1491.618: [GC (Allocation Failure) [PSYoungGen: 111456K->1344K(112640K)] 460640K->350528K(737792K), 0.0028117 secs] [Times: user=0.01 sys=0.00, real=0.00 secs] 
1492.870: [GC (Allocation Failure) [PSYoungGen: 111936K->1344K(111616K)] 461120K->350536K(736768K), 0.0018313 secs] [Times: user=0.00 sys=0.00, real=0.00 secs] 
1493.804: [GC (Allocation Failure) [PSYoungGen: 111424K->320K(110592K)] 460616K->350536K(735744K), 0.0025293 secs] [Times: user=0.01 sys=0.00, real=0.00 secs] 
1494.930: [GC (Allocation Failure) [PSYoungGen: 109888K->288K(111616K)] 460104K->350504K(736768K), 0.0045275 secs] [Times: user=0.02 sys=0.00, real=0.00 secs] 
1496.411: [GC (Allocation Failure) [PSYoungGen: 109856K->1408K(110592K)] 460072K->351624K(735744K), 0.0018726 secs] [Times: user=0.00 sys=0.00, real=0.00 secs] 
1497.290: [GC (Allocation Failure) [PSYoungGen: 110464K->1376K(110080K)] 460680K->351592K(735232K), 0.0031370 secs] [Times: user=0.02 sys=0.00, real=0.00 secs] 
1498.717: [GC (Allocation Failure) [PSYoungGen: 109920K->1408K(109568K)] 460136K->352136K(734720K), 0.0019073 secs] [Times: user=0.00 sys=0.00, real=0.00 secs] 
1499.949: [GC (Allocation Failure) [PSYoungGen: 109440K->1376K(109056K)] 460168K->352104K(734208K), 0.0021580 secs] [Times: user=0.00 sys=0.00, real=0.00 secs] 
1500.692: [GC (Allocation Failure) [PSYoungGen: 108896K->1344K(108544K)] 459624K->352072K(733696K), 0.0019129 secs] [Times: user=0.01 sys=0.00, real=0.00 secs] 
1502.178: [GC (Allocation Failure) [PSYoungGen: 108352K->1376K(108032K)] 459080K->352112K(733184K), 0.0023678 secs] [Times: user=0.00 sys=0.00, real=0.00 secs] 
1502.852: [GC (Allocation Failure) [PSYoungGen: 107872K->1376K(107520K)] 458608K->352112K(732672K), 0.0021730 secs] [Times: user=0.01 sys=0.01, real=0.00 secs] 
1503.562: [GC (Allocation Failure) [PSYoungGen: 107360K->1344K(107008K)] 458096K->352080K(732160K), 0.0023539 secs] [Times: user=0.01 sys=0.00, real=0.00 secs] 
1505.008: [GC (Allocation Failure) [PSYoungGen: 106816K->1360K(106496K)] 457552K->352096K(731648K), 0.0048848 secs] [Times: user=0.02 sys=0.00, real=0.00 secs] 
1505.952: [GC (Allocation Failure) [PSYoungGen: 106320K->1344K(105984K)] 457056K->352080K(731136K), 0.0031073 secs] [Times: user=0.01 sys=0.00, real=0.00 secs] 
1506.870: [GC (Allocation Failure) [PSYoungGen: 105792K->1360K(105472K)] 456528K->352096K(730624K), 0.0025504 secs] [Times: user=0.01 sys=0.00, real=0.00 secs] 
1508.753: [GC (Allocation Failure) [PSYoungGen: 105296K->1344K(104960K)] 456032K->352080K(730112K), 0.0022451 secs] [Times: user=0.01 sys=0.00, real=0.00 secs] 
1510.222: [GC (Allocation Failure) [PSYoungGen: 104768K->1344K(104448K)] 455504K->352088K(729600K), 0.0019621 secs] [Times: user=0.01 sys=0.00, real=0.00 secs] 
1511.443: [GC (Allocation Failure) [PSYoungGen: 104256K->1376K(103936K)] 455000K->352120K(729088K), 0.0023262 secs] [Times: user=0.00 sys=0.00, real=0.00 secs] 
1515.551: [GC (Allocation Failure) [PSYoungGen: 103776K->1408K(103424K)] 454520K->352152K(728576K), 0.0029860 secs] [Times: user=0.01 sys=0.00, real=0.00 secs] 
1517.004: [GC (Allocation Failure) [PSYoungGen: 103296K->1376K(102912K)] 454040K->352120K(728064K), 0.0050068 secs] [Times: user=0.02 sys=0.00, real=0.01 secs] 
1518.316: [GC (Allocation Failure) [PSYoungGen: 102752K->1376K(102400K)] 453496K->352120K(727552K), 0.0030485 secs] [Times: user=0.01 sys=0.00, real=0.01 secs] 
1520.589: [GC (Allocation Failure) [PSYoungGen: 102240K->1440K(101888K)] 452984K->352184K(727040K), 0.0024010 secs] [Times: user=0.01 sys=0.01, real=0.00 secs] 
1521.075: [GC (Allocation Failure) [PSYoungGen: 101792K->1344K(101376K)] 452536K->352088K(726528K), 0.0019784 secs] [Times: user=0.00 sys=0.00, real=0.00 secs] 
1521.489: [GC (Allocation Failure) [PSYoungGen: 101184K->1376K(100864K)] 451928K->352120K(726016K), 0.0021529 secs] [Times: user=0.01 sys=0.00, real=0.00 secs] 
1524.323: [GC (Allocation Failure) [PSYoungGen: 100704K->1424K(100352K)] 451448K->352168K(725504K), 0.0069499 secs] [Times: user=0.03 sys=0.00, real=0.01 secs] 
1525.584: [GC (Allocation Failure) [PSYoungGen: 100240K->1376K(99840K)] 450984K->352120K(724992K), 0.0033747 secs] [Times: user=0.01 sys=0.00, real=0.01 secs] 
1526.333: [GC (Allocation Failure) [PSYoungGen: 99680K->1344K(99328K)] 450424K->352088K(724480K), 0.0022314 secs] [Times: user=0.00 sys=0.00, real=0.00 secs] 
1527.499: [GC (Allocation Failure) [PSYoungGen: 99136K->1408K(98816K)] 449880K->352152K(723968K), 0.0021250 secs] [Times: user=0.01 sys=0.01, real=0.00 secs] 
1528.483: [GC (Allocation Failure) [PSYoungGen: 98688K->1344K(98304K)] 449432K->352088K(723456K), 0.0021243 secs] [Times: user=0.01 sys=0.00, real=0.00 secs] 
1529.532: [GC (Allocation Failure) [PSYoungGen: 98112K->1344K(97792K)] 448856K->352088K(722944K), 0.0029266 secs] [Times: user=0.01 sys=0.00, real=0.00 secs] 
1530.501: [GC (Allocation Failure) [PSYoungGen: 97600K->1376K(97280K)] 448344K->352120K(722432K), 0.0018464 secs] [Times: user=0.01 sys=0.00, real=0.00 secs] 
1530.993: [GC (Allocation Failure) [PSYoungGen: 97120K->1408K(96768K)] 447864K->352152K(721920K), 0.0018499 secs] [Times: user=0.00 sys=0.01, real=0.00 secs] 
1531.407: [GC (Allocation Failure) [PSYoungGen: 96640K->384K(101376K)] 447384K->352152K(726528K), 0.0018926 secs] [Times: user=0.01 sys=0.00, real=0.01 secs] 
1532.730: [GC (Allocation Failure) [PSYoungGen: 101248K->1376K(102400K)] 453016K->353152K(727552K), 0.0020504 secs] [Times: user=0.00 sys=0.00, real=0.00 secs] 
1533.763: [GC (Allocation Failure) [PSYoungGen: 101728K->1344K(101376K)] 453504K->353120K(726528K), 0.0028215 secs] [Times: user=0.01 sys=0.00, real=0.00 secs] 
1534.571: [GC (Allocation Failure) [PSYoungGen: 101184K->1376K(102400K)] 452960K->353152K(727552K), 0.0079386 secs] [Times: user=0.03 sys=0.00, real=0.01 secs] 
1536.751: [GC (Allocation Failure) [PSYoungGen: 101728K->1408K(109568K)] 453504K->353184K(734720K), 0.0030010 secs] [Times: user=0.01 sys=0.00, real=0.00 secs] 
1537.415: [GC (Allocation Failure) [PSYoungGen: 108928K->1376K(109568K)] 460704K->353152K(734720K), 0.0020808 secs] [Times: user=0.00 sys=0.00, real=0.01 secs] 
1537.889: [GC (Allocation Failure) [PSYoungGen: 108896K->1376K(116736K)] 460672K->353152K(741888K), 0.0018865 secs] [Times: user=0.01 sys=0.00, real=0.00 secs] 
1540.934: [GC (Allocation Failure) [PSYoungGen: 116064K->1376K(115200K)] 467840K->353152K(740352K), 0.0047455 secs] [Times: user=0.02 sys=0.00, real=0.01 secs] 
1541.832: [GC (Allocation Failure) [PSYoungGen: 115040K->1376K(114688K)] 466816K->353160K(739840K), 0.0020408 secs] [Times: user=0.01 sys=0.00, real=0.00 secs] 
1542.897: [GC (Allocation Failure) [PSYoungGen: 114528K->1440K(114176K)] 466312K->353224K(739328K), 0.0019732 secs] [Times: user=0.01 sys=0.00, real=0.00 secs] 
1544.022: [GC (Allocation Failure) [PSYoungGen: 114080K->1376K(113664K)] 465864K->353160K(738816K), 0.0049201 secs] [Times: user=0.02 sys=0.01, real=0.01 secs] 
1545.271: [GC (Allocation Failure) [PSYoungGen: 113504K->1376K(113152K)] 465288K->353160K(738304K), 0.0032071 secs] [Times: user=0.01 sys=0.00, real=0.00 secs] 
1546.751: [GC (Allocation Failure) [PSYoungGen: 112992K->1408K(112640K)] 464776K->353192K(737792K), 0.0018092 secs] [Times: user=0.01 sys=0.00, real=0.00 secs] 
1547.853: [GC (Allocation Failure) [PSYoungGen: 112512K->1344K(112128K)] 464296K->353128K(737280K), 0.0034412 secs] [Times: user=0.02 sys=0.00, real=0.00 secs] 
1549.388: [GC (Allocation Failure) [PSYoungGen: 111936K->1376K(111616K)] 463720K->353160K(736768K), 0.0038394 secs] [Times: user=0.01 sys=0.00, real=0.00 secs] 
1551.014: [GC (Allocation Failure) [PSYoungGen: 111456K->1376K(111104K)] 463240K->353160K(736256K), 0.0022092 secs] [Times: user=0.01 sys=0.00, real=0.00 secs] 
1551.484: [GC (Allocation Failure) [PSYoungGen: 110944K->1376K(110592K)] 462728K->353160K(735744K), 0.0019291 secs] [Times: user=0.00 sys=0.00, real=0.00 secs] 
1552.742: [GC (Allocation Failure) [PSYoungGen: 110432K->912K(109568K)] 462216K->353720K(734720K), 0.0019558 secs] [Times: user=0.01 sys=0.00, real=0.00 secs] 
1553.449: [GC (Allocation Failure) [PSYoungGen: 109456K->320K(108544K)] 462264K->353136K(733696K), 0.0019839 secs] [Times: user=0.01 sys=0.00, real=0.00 secs] 
1554.088: [GC (Allocation Failure) [PSYoungGen: 108352K->352K(109568K)] 461168K->353168K(734720K), 0.0018015 secs] [Times: user=0.01 sys=0.00, real=0.00 secs] 
1555.766: [GC (Allocation Failure) [PSYoungGen: 107872K->1408K(108544K)] 460688K->354224K(733696K), 0.0052239 secs] [Times: user=0.02 sys=0.00, real=0.01 secs] 
1557.322: [GC (Allocation Failure) [PSYoungGen: 108416K->1408K(108032K)] 461232K->354224K(733184K), 0.0032536 secs] [Times: user=0.01 sys=0.00, real=0.00 secs] 
1558.858: [GC (Allocation Failure) [PSYoungGen: 107904K->1312K(107520K)] 460720K->354128K(732672K), 0.0020691 secs] [Times: user=0.01 sys=0.00, real=0.00 secs] 
1560.116: [GC (Allocation Failure) [PSYoungGen: 107296K->1376K(107008K)] 460112K->354192K(732160K), 0.0018687 secs] [Times: user=0.00 sys=0.00, real=0.01 secs] 
1560.573: [GC (Allocation Failure) [PSYoungGen: 106848K->1312K(106496K)] 459664K->354128K(731648K), 0.0020067 secs] [Times: user=0.01 sys=0.00, real=0.00 secs] 
1561.325: [GC (Allocation Failure) [PSYoungGen: 106272K->1376K(105984K)] 459088K->354192K(731136K), 0.0027648 secs] [Times: user=0.01 sys=0.00, real=0.01 secs] 
1562.525: [GC (Allocation Failure) [PSYoungGen: 105824K->1424K(105472K)] 458640K->354248K(730624K), 0.0018789 secs] [Times: user=0.01 sys=0.00, real=0.00 secs] 
1562.958: [GC (Allocation Failure) [PSYoungGen: 105360K->1376K(104960K)] 458184K->354200K(730112K), 0.0019058 secs] [Times: user=0.01 sys=0.00, real=0.00 secs] 
1563.652: [GC (Allocation Failure) [PSYoungGen: 104800K->1408K(104448K)] 457624K->354232K(729600K), 0.0018903 secs] [Times: user=0.01 sys=0.00, real=0.00 secs] 
1564.871: [GC (Allocation Failure) [PSYoungGen: 104320K->1408K(103936K)] 457144K->354232K(729088K), 0.0028309 secs] [Times: user=0.01 sys=0.00, real=0.00 secs] 
1565.335: [GC (Allocation Failure) [PSYoungGen: 103808K->1360K(103424K)] 456632K->354184K(728576K), 0.0017374 secs] [Times: user=0.01 sys=0.00, real=0.00 secs] 
1565.909: [GC (Allocation Failure) [PSYoungGen: 103248K->1392K(102912K)] 456072K->354216K(728064K), 0.0015618 secs] [Times: user=0.00 sys=0.00, real=0.00 secs] 
1567.133: [GC (Allocation Failure) [PSYoungGen: 102768K->1376K(102400K)] 455592K->354200K(727552K), 0.0022737 secs] [Times: user=0.01 sys=0.00, real=0.00 secs] 
1567.675: [GC (Allocation Failure) [PSYoungGen: 102240K->1408K(101888K)] 455064K->354232K(727040K), 0.0029525 secs] [Times: user=0.02 sys=0.00, real=0.01 secs] 
1568.373: [GC (Allocation Failure) [PSYoungGen: 101760K->1424K(101376K)] 454584K->354248K(726528K), 0.0014554 secs] [Times: user=0.01 sys=0.00, real=0.00 secs] 
1569.613: [GC (Allocation Failure) [PSYoungGen: 101264K->1440K(100864K)] 454088K->354280K(726016K), 0.0026086 secs] [Times: user=0.01 sys=0.00, real=0.00 secs] 
1570.642: [GC (Allocation Failure) [PSYoungGen: 100768K->1392K(100352K)] 453608K->354232K(725504K), 0.0023330 secs] [Times: user=0.01 sys=0.00, real=0.00 secs] 
1571.711: [GC (Allocation Failure) [PSYoungGen: 100208K->1389K(99840K)] 453048K->354229K(724992K), 0.0016404 secs] [Times: user=0.01 sys=0.00, real=0.00 secs] 
1572.506: [GC (Allocation Failure) [PSYoungGen: 99693K->1440K(99328K)] 452533K->354280K(724480K), 0.0019340 secs] [Times: user=0.01 sys=0.00, real=0.01 secs] 
1573.173: [GC (Allocation Failure) [PSYoungGen: 99232K->1392K(98816K)] 452072K->354232K(723968K), 0.0028593 secs] [Times: user=0.01 sys=0.00, real=0.00 secs] 
1574.086: [GC (Allocation Failure) [PSYoungGen: 98672K->1360K(98304K)] 451512K->354200K(723456K), 0.0020597 secs] [Times: user=0.01 sys=0.00, real=0.01 secs] 
1575.074: [GC (Allocation Failure) [PSYoungGen: 98128K->1408K(97792K)] 450968K->354256K(722944K), 0.0023278 secs] [Times: user=0.00 sys=0.00, real=0.00 secs] 
1575.526: [GC (Allocation Failure) [PSYoungGen: 97664K->1344K(98304K)] 450512K->354192K(723456K), 0.0074208 secs] [Times: user=0.03 sys=0.01, real=0.01 secs] 
1575.972: [GC (Allocation Failure) [PSYoungGen: 98112K->1344K(98816K)] 450960K->354192K(723968K), 0.0019774 secs] [Times: user=0.01 sys=0.00, real=0.00 secs] 
1577.067: [GC (Allocation Failure) [PSYoungGen: 98112K->1440K(106496K)] 450960K->354296K(731648K), 0.0039899 secs] [Times: user=0.02 sys=0.00, real=0.01 secs] 
1578.040: [GC (Allocation Failure) [PSYoungGen: 106400K->1376K(107008K)] 459256K->354232K(732160K), 0.0022412 secs] [Times: user=0.00 sys=0.00, real=0.00 secs] 
1579.092: [GC (Allocation Failure) [PSYoungGen: 106336K->1389K(113664K)] 459192K->354245K(738816K), 0.0024355 secs] [Times: user=0.01 sys=0.00, real=0.00 secs] 
1580.053: [GC (Allocation Failure) [PSYoungGen: 113517K->1408K(113152K)] 466373K->354264K(738304K), 0.0017677 secs] [Times: user=0.00 sys=0.01, real=0.00 secs] 
1580.897: [GC (Allocation Failure) [PSYoungGen: 113024K->1376K(112640K)] 465880K->354232K(737792K), 0.0018295 secs] [Times: user=0.01 sys=0.00, real=0.01 secs] 
1582.549: [GC (Allocation Failure) [PSYoungGen: 112480K->1440K(112128K)] 465336K->354296K(737280K), 0.0044153 secs] [Times: user=0.01 sys=0.01, real=0.00 secs] 
1583.735: [GC (Allocation Failure) [PSYoungGen: 112032K->336K(110592K)] 464888K->354224K(735744K), 0.0038814 secs] [Times: user=0.01 sys=0.00, real=0.01 secs] 
1584.791: [GC (Allocation Failure) [PSYoungGen: 110416K->352K(111616K)] 464304K->354240K(736768K), 0.0028732 secs] [Times: user=0.01 sys=0.00, real=0.00 secs] 
1586.499: [GC (Allocation Failure) [PSYoungGen: 109920K->1376K(110592K)] 463808K->355264K(735744K), 0.0019470 secs] [Times: user=0.01 sys=0.00, real=0.00 secs] 
1587.591: [GC (Allocation Failure) [PSYoungGen: 110432K->1344K(110080K)] 464320K->355240K(735232K), 0.0028442 secs] [Times: user=0.01 sys=0.00, real=0.00 secs] 
1588.731: [GC (Allocation Failure) [PSYoungGen: 109888K->1408K(109568K)] 463784K->355304K(734720K), 0.0025048 secs] [Times: user=0.01 sys=0.00, real=0.00 secs] 
1590.366: [GC (Allocation Failure) [PSYoungGen: 109440K->1376K(109056K)] 463336K->355272K(734208K), 0.0018504 secs] [Times: user=0.00 sys=0.00, real=0.01 secs] 
1591.595: [GC (Allocation Failure) [PSYoungGen: 108896K->1392K(108544K)] 462792K->355296K(733696K), 0.0017974 secs] [Times: user=0.01 sys=0.00, real=0.00 secs] 
1592.994: [GC (Allocation Failure) [PSYoungGen: 108400K->1389K(108032K)] 462304K->355293K(733184K), 0.0017126 secs] [Times: user=0.01 sys=0.00, real=0.00 secs] 
1595.074: [GC (Allocation Failure) [PSYoungGen: 107885K->1408K(107520K)] 461789K->355312K(732672K), 0.0027949 secs] [Times: user=0.01 sys=0.00, real=0.00 secs] 
1596.356: [GC (Allocation Failure) [PSYoungGen: 107392K->1360K(107008K)] 461296K->355264K(732160K), 0.0032092 secs] [Times: user=0.01 sys=0.00, real=0.01 secs] 
1597.695: [GC (Allocation Failure) [PSYoungGen: 106832K->1392K(106496K)] 460736K->356320K(731648K), 0.0018733 secs] [Times: user=0.01 sys=0.00, real=0.01 secs] 
1598.127: [GC (Allocation Failure) [PSYoungGen: 106352K->1376K(105984K)] 461280K->356304K(731136K), 0.0018746 secs] [Times: user=0.01 sys=0.00, real=0.00 secs] 
1598.847: [GC (Allocation Failure) [PSYoungGen: 105824K->1376K(105472K)] 460752K->356304K(730624K), 0.0017344 secs] [Times: user=0.00 sys=0.00, real=0.00 secs] 
1600.284: [GC (Allocation Failure) [PSYoungGen: 105312K->1440K(104960K)] 460240K->356368K(730112K), 0.0019467 secs] [Times: user=0.00 sys=0.00, real=0.00 secs] 
1601.545: [GC (Allocation Failure) [PSYoungGen: 104864K->1376K(104448K)] 459792K->356304K(729600K), 0.0029434 secs] [Times: user=0.01 sys=0.00, real=0.01 secs] 
1602.996: [GC (Allocation Failure) [PSYoungGen: 104288K->1344K(103936K)] 459216K->356272K(729088K), 0.0054612 secs] [Times: user=0.02 sys=0.00, real=0.01 secs] 
1604.717: [GC (Allocation Failure) [PSYoungGen: 103744K->1408K(103424K)] 458672K->356336K(728576K), 0.0019143 secs] [Times: user=0.01 sys=0.00, real=0.01 secs] 
1605.889: [GC (Allocation Failure) [PSYoungGen: 103296K->1376K(102912K)] 458224K->356312K(728064K), 0.0026479 secs] [Times: user=0.01 sys=0.00, real=0.00 secs] 
1606.986: [GC (Allocation Failure) [PSYoungGen: 102752K->1376K(102400K)] 457688K->356312K(727552K), 0.0041944 secs] [Times: user=0.01 sys=0.00, real=0.01 secs] 
1608.945: [GC (Allocation Failure) [PSYoungGen: 102240K->1440K(101888K)] 457176K->356376K(727040K), 0.0027143 secs] [Times: user=0.01 sys=0.00, real=0.01 secs] 
1610.331: [GC (Allocation Failure) [PSYoungGen: 101792K->1376K(101376K)] 456728K->356312K(726528K), 0.0045905 secs] [Times: user=0.02 sys=0.00, real=0.00 secs] 
1610.939: [GC (Allocation Failure) [PSYoungGen: 101216K->1360K(100864K)] 456152K->356296K(726016K), 0.0022143 secs] [Times: user=0.01 sys=0.00, real=0.00 secs] 
1612.862: [GC (Allocation Failure) [PSYoungGen: 100688K->1408K(100352K)] 455624K->356344K(725504K), 0.0030448 secs] [Times: user=0.02 sys=0.00, real=0.00 secs] 
1614.343: [GC (Allocation Failure) [PSYoungGen: 100224K->1344K(99840K)] 455160K->356288K(724992K), 0.0047467 secs] [Times: user=0.02 sys=0.00, real=0.01 secs] 
1615.051: [GC (Allocation Failure) [PSYoungGen: 99648K->1344K(99328K)] 454592K->356288K(724480K), 0.0020794 secs] [Times: user=0.00 sys=0.00, real=0.00 secs] 
1616.226: [GC (Allocation Failure) [PSYoungGen: 99136K->1424K(98816K)] 454080K->356368K(723968K), 0.0017532 secs] [Times: user=0.01 sys=0.00, real=0.01 secs] 
1617.476: [GC (Allocation Failure) [PSYoungGen: 98704K->1376K(98304K)] 453648K->356320K(723456K), 0.0038550 secs] [Times: user=0.01 sys=0.00, real=0.01 secs] 
1618.711: [GC (Allocation Failure) [PSYoungGen: 98144K->1376K(97792K)] 453088K->356320K(722944K), 0.0027585 secs] [Times: user=0.01 sys=0.00, real=0.00 secs] 
1620.102: [GC (Allocation Failure) [PSYoungGen: 97632K->384K(96256K)] 452576K->356352K(721408K), 0.0018396 secs] [Times: user=0.00 sys=0.00, real=0.00 secs] 
1621.570: [GC (Allocation Failure) [PSYoungGen: 96128K->352K(97280K)] 452096K->356320K(722432K), 0.0031260 secs] [Times: user=0.01 sys=0.00, real=0.00 secs] 
1622.562: [GC (Allocation Failure) [PSYoungGen: 95584K->352K(95232K)] 451552K->356320K(720384K), 0.0041481 secs] [Times: user=0.01 sys=0.00, real=0.00 secs] 
1624.215: [GC (Allocation Failure) [PSYoungGen: 95072K->1376K(96256K)] 451040K->358376K(721408K), 0.0017900 secs] [Times: user=0.01 sys=0.00, real=0.00 secs] 
1625.089: [GC (Allocation Failure) [PSYoungGen: 95584K->320K(94720K)] 452584K->357320K(719872K), 0.0020828 secs] [Times: user=0.01 sys=0.00, real=0.00 secs] 
1626.118: [GC (Allocation Failure) [PSYoungGen: 94016K->352K(93696K)] 451016K->357352K(718848K), 0.0020741 secs] [Times: user=0.01 sys=0.00, real=0.00 secs] 
1627.477: [GC (Allocation Failure) [PSYoungGen: 93536K->1392K(94208K)] 450536K->358392K(719360K), 0.0016857 secs] [Times: user=0.01 sys=0.00, real=0.00 secs] 
1628.422: [GC (Allocation Failure) [PSYoungGen: 94064K->1376K(94208K)] 451064K->358376K(719360K), 0.0025018 secs] [Times: user=0.01 sys=0.01, real=0.00 secs] 
1628.835: [GC (Allocation Failure) [PSYoungGen: 93536K->1360K(93696K)] 450536K->358360K(718848K), 0.0020263 secs] [Times: user=0.00 sys=0.00, real=0.01 secs] 
1629.481: [GC (Allocation Failure) [PSYoungGen: 93008K->1408K(92672K)] 450008K->358408K(717824K), 0.0020234 secs] [Times: user=0.01 sys=0.00, real=0.00 secs] 
1630.806: [GC (Allocation Failure) [PSYoungGen: 92544K->1360K(92672K)] 449544K->358360K(717824K), 0.0020128 secs] [Times: user=0.01 sys=0.00, real=0.01 secs] 
1631.183: [GC (Allocation Failure) [PSYoungGen: 91984K->1376K(91648K)] 448984K->358392K(716800K), 0.0021171 secs] [Times: user=0.01 sys=0.00, real=0.00 secs] 
1631.963: [GC (Allocation Failure) [PSYoungGen: 91488K->1376K(91648K)] 448504K->358400K(716800K), 0.0019399 secs] [Times: user=0.01 sys=0.00, real=0.00 secs] 
1633.454: [GC (Allocation Failure) [PSYoungGen: 90976K->1376K(90624K)] 448000K->358400K(715776K), 0.0026909 secs] [Times: user=0.01 sys=0.00, real=0.01 secs] 
1634.591: [GC (Allocation Failure) [PSYoungGen: 90464K->1376K(90112K)] 447488K->358400K(715264K), 0.0028613 secs] [Times: user=0.01 sys=0.00, real=0.00 secs] 
1636.013: [GC (Allocation Failure) [PSYoungGen: 89952K->1392K(89600K)] 446976K->358416K(714752K), 0.0028842 secs] [Times: user=0.01 sys=0.00, real=0.00 secs] 
1637.576: [GC (Allocation Failure) [PSYoungGen: 89451K->160K(89088K)] 446475K->357184K(714240K), 0.0014978 secs] [Times: user=0.00 sys=0.00, real=0.01 secs] 
1638.773: [GC (Allocation Failure) [PSYoungGen: 87712K->1408K(88576K)] 444736K->358432K(713728K), 0.0033820 secs] [Times: user=0.02 sys=0.00, real=0.00 secs] 
1639.623: [GC (Allocation Failure) [PSYoungGen: 88448K->1408K(88576K)] 445472K->358432K(713728K), 0.0031240 secs] [Times: user=0.01 sys=0.00, real=0.00 secs] 
1640.115: [GC (Allocation Failure) [PSYoungGen: 87936K->1408K(87552K)] 444960K->358440K(712704K), 0.0021672 secs] [Times: user=0.01 sys=0.00, real=0.01 secs] 
1640.969: [GC (Allocation Failure) [PSYoungGen: 87424K->1376K(87552K)] 444456K->358408K(712704K), 0.0015612 secs] [Times: user=0.01 sys=0.00, real=0.00 secs] 
1641.323: [GC (Allocation Failure) [PSYoungGen: 86880K->1408K(86528K)] 443912K->358440K(711680K), 0.0017320 secs] [Times: user=0.01 sys=0.00, real=0.00 secs] 
1641.697: [GC (Allocation Failure) [PSYoungGen: 86400K->1376K(88064K)] 443432K->358408K(713216K), 0.0032680 secs] [Times: user=0.01 sys=0.00, real=0.01 secs] 
1642.576: [GC (Allocation Failure) [PSYoungGen: 86880K->1648K(87552K)] 443912K->358680K(712704K), 0.0015347 secs] [Times: user=0.01 sys=0.00, real=0.01 secs] 
1642.946: [GC (Allocation Failure) [PSYoungGen: 87152K->1344K(93184K)] 444184K->358376K(718336K), 0.0014737 secs] [Times: user=0.01 sys=0.00, real=0.01 secs] 
1643.359: [GC (Allocation Failure) [PSYoungGen: 92992K->1312K(93696K)] 450024K->358344K(718848K), 0.0016638 secs] [Times: user=0.00 sys=0.00, real=0.00 secs] 
1643.744: [GC (Allocation Failure) [PSYoungGen: 92960K->1344K(100352K)] 449992K->358376K(725504K), 0.0023730 secs] [Times: user=0.01 sys=0.01, real=0.00 secs] 
1646.139: [GC (Allocation Failure) [PSYoungGen: 99648K->1376K(99328K)] 456680K->358416K(724480K), 0.0027048 secs] [Times: user=0.01 sys=0.00, real=0.00 secs] 
1647.140: [GC (Allocation Failure) [PSYoungGen: 99168K->1408K(98816K)] 456208K->358448K(723968K), 0.0025945 secs] [Times: user=0.01 sys=0.00, real=0.00 secs] 
1648.164: [GC (Allocation Failure) [PSYoungGen: 98688K->1360K(98304K)] 455728K->358416K(723456K), 0.0026722 secs] [Times: user=0.01 sys=0.00, real=0.01 secs] 
1649.180: [GC (Allocation Failure) [PSYoungGen: 98128K->1376K(97792K)] 455184K->358440K(722944K), 0.0018232 secs] [Times: user=0.01 sys=0.00, real=0.00 secs] 
1649.693: [GC (Allocation Failure) [PSYoungGen: 97632K->1408K(97280K)] 454696K->358472K(722432K), 0.0027814 secs] [Times: user=0.01 sys=0.01, real=0.00 secs] 
1650.443: [GC (Allocation Failure) [PSYoungGen: 97152K->1360K(96768K)] 454216K->358440K(721920K), 0.0022397 secs] [Times: user=0.00 sys=0.00, real=0.00 secs] 
1651.712: [GC (Allocation Failure) [PSYoungGen: 96592K->1440K(96256K)] 453672K->358520K(721408K), 0.0032960 secs] [Times: user=0.01 sys=0.00, real=0.00 secs] 
1652.573: [GC (Allocation Failure) [PSYoungGen: 96160K->1408K(95744K)] 453240K->358488K(720896K), 0.0024533 secs] [Times: user=0.01 sys=0.00, real=0.00 secs] 
1653.661: [GC (Allocation Failure) [PSYoungGen: 95616K->1376K(95232K)] 452696K->358456K(720384K), 0.0038733 secs] [Times: user=0.02 sys=0.00, real=0.00 secs] 
1655.667: [GC (Allocation Failure) [PSYoungGen: 95072K->1376K(94720K)] 452152K->358456K(719872K), 0.0047485 secs] [Times: user=0.02 sys=0.00, real=0.01 secs] 
1656.450: [GC (Allocation Failure) [PSYoungGen: 94560K->1408K(94208K)] 451640K->358488K(719360K), 0.0025211 secs] [Times: user=0.01 sys=0.00, real=0.00 secs] 
1657.193: [GC (Allocation Failure) [PSYoungGen: 94080K->1408K(93696K)] 451160K->358488K(718848K), 0.0026953 secs] [Times: user=0.01 sys=0.00, real=0.00 secs] 
1658.332: [GC (Allocation Failure) [PSYoungGen: 93568K->1472K(93184K)] 450648K->358552K(718336K), 0.0018154 secs] [Times: user=0.01 sys=0.00, real=0.00 secs] 
1659.200: [GC (Allocation Failure) [PSYoungGen: 93120K->1408K(92672K)] 450200K->358488K(717824K), 0.0020880 secs] [Times: user=0.01 sys=0.00, real=0.00 secs] 
1659.832: [GC (Allocation Failure) [PSYoungGen: 92544K->1408K(92160K)] 449624K->358488K(717312K), 0.0021382 secs] [Times: user=0.01 sys=0.00, real=0.00 secs] 
1660.584: [GC (Allocation Failure) [PSYoungGen: 92032K->1357K(91648K)] 449112K->358453K(716800K), 0.0016930 secs] [Times: user=0.01 sys=0.00, real=0.00 secs] 
1662.164: [GC (Allocation Failure) [PSYoungGen: 91469K->1408K(91136K)] 448565K->358504K(716288K), 0.0036299 secs] [Times: user=0.01 sys=0.00, real=0.01 secs] 
1662.680: [GC (Allocation Failure) [PSYoungGen: 91008K->1376K(90624K)] 448104K->358472K(715776K), 0.0020605 secs] [Times: user=0.01 sys=0.00, real=0.00 secs] 
1663.146: [GC (Allocation Failure) [PSYoungGen: 90464K->1344K(90112K)] 447560K->358448K(715264K), 0.0021085 secs] [Times: user=0.01 sys=0.01, real=0.01 secs] 
1664.660: [GC (Allocation Failure) [PSYoungGen: 89920K->1440K(89600K)] 447024K->358544K(714752K), 0.0027987 secs] [Times: user=0.01 sys=0.00, real=0.00 secs] 
1665.410: [GC (Allocation Failure) [PSYoungGen: 89504K->1408K(89088K)] 446608K->358512K(714240K), 0.0035316 secs] [Times: user=0.02 sys=0.00, real=0.00 secs] 
1666.239: [GC (Allocation Failure) [PSYoungGen: 88960K->1408K(88576K)] 446064K->358512K(713728K), 0.0032445 secs] [Times: user=0.01 sys=0.00, real=0.00 secs] 
1667.503: [GC (Allocation Failure) [PSYoungGen: 88448K->1408K(88064K)] 445552K->359536K(713216K), 0.0020418 secs] [Times: user=0.00 sys=0.00, real=0.00 secs] 
1668.248: [GC (Allocation Failure) [PSYoungGen: 87936K->352K(87552K)] 446064K->358480K(712704K), 0.0026571 secs] [Times: user=0.01 sys=0.00, real=0.00 secs] 
1668.922: [GC (Allocation Failure) [PSYoungGen: 86368K->320K(86016K)] 444496K->358456K(711168K), 0.0021561 secs] [Times: user=0.00 sys=0.00, real=0.00 secs] 
1669.778: [GC (Allocation Failure) [PSYoungGen: 85824K->368K(86528K)] 443960K->358504K(711680K), 0.0022898 secs] [Times: user=0.01 sys=0.00, real=0.00 secs] 
1670.956: [GC (Allocation Failure) [PSYoungGen: 85360K->1408K(86016K)] 443496K->359544K(711168K), 0.0050001 secs] [Times: user=0.01 sys=0.00, real=0.01 secs] 
1671.760: [GC (Allocation Failure) [PSYoungGen: 85888K->1408K(85504K)] 444024K->359544K(710656K), 0.0033990 secs] [Times: user=0.01 sys=0.00, real=0.00 secs] 
1672.521: [GC (Allocation Failure) [PSYoungGen: 85376K->1408K(84992K)] 443512K->359544K(710144K), 0.0024869 secs] [Times: user=0.01 sys=0.00, real=0.00 secs] 
1674.085: [GC (Allocation Failure) [PSYoungGen: 84864K->1440K(84480K)] 443000K->361624K(709632K), 0.0019324 secs] [Times: user=0.01 sys=0.00, real=0.01 secs] 
1674.505: [GC (Allocation Failure) [PSYoungGen: 84384K->1408K(83968K)] 444568K->361592K(709120K), 0.0018740 secs] [Times: user=0.01 sys=0.00, real=0.00 secs] 
1674.938: [GC (Allocation Failure) [PSYoungGen: 83840K->1408K(83456K)] 444024K->361592K(708608K), 0.0019418 secs] [Times: user=0.01 sys=0.00, real=0.00 secs] 
1675.505: [GC (Allocation Failure) [PSYoungGen: 83328K->1376K(82944K)] 443512K->361560K(708096K), 0.0018907 secs] [Times: user=0.01 sys=0.00, real=0.00 secs] 
1676.557: [GC (Allocation Failure) [PSYoungGen: 82784K->1408K(82432K)] 442968K->361592K(707584K), 0.0020015 secs] [Times: user=0.01 sys=0.00, real=0.01 secs] 
1677.395: [GC (Allocation Failure) [PSYoungGen: 82304K->1376K(81920K)] 442488K->361568K(707072K), 0.0032343 secs] [Times: user=0.01 sys=0.00, real=0.01 secs] 
1678.071: [GC (Allocation Failure) [PSYoungGen: 81760K->1344K(82432K)] 441952K->361536K(707584K), 0.0059475 secs] [Times: user=0.02 sys=0.00, real=0.01 secs] 
1678.930: [GC (Allocation Failure) [PSYoungGen: 81728K->1392K(82432K)] 441920K->361584K(707584K), 0.0018982 secs] [Times: user=0.01 sys=0.00, real=0.00 secs] 
1680.333: [GC (Allocation Failure) [PSYoungGen: 81776K->1408K(81408K)] 441968K->361600K(706560K), 0.0034545 secs] [Times: user=0.01 sys=0.00, real=0.00 secs] 
1681.020: [GC (Allocation Failure) [PSYoungGen: 81280K->1376K(80896K)] 441472K->361568K(706048K), 0.0027961 secs] [Times: user=0.01 sys=0.00, real=0.00 secs] 
1681.632: [GC (Allocation Failure) [PSYoungGen: 80736K->1376K(80384K)] 440928K->361568K(705536K), 0.0025039 secs] [Times: user=0.01 sys=0.00, real=0.00 secs] 
1683.009: [GC (Allocation Failure) [PSYoungGen: 80224K->1936K(80384K)] 440416K->362128K(705536K), 0.0021709 secs] [Times: user=0.01 sys=0.00, real=0.00 secs] 
1684.448: [GC (Allocation Failure) [PSYoungGen: 80272K->288K(78848K)] 440464K->361504K(704000K), 0.0044719 secs] [Times: user=0.01 sys=0.00, real=0.00 secs] 
1685.119: [GC (Allocation Failure) [PSYoungGen: 78624K->352K(80896K)] 439840K->361568K(706048K), 0.0026212 secs] [Times: user=0.01 sys=0.00, real=0.00 secs] 
1685.771: [GC (Allocation Failure) [PSYoungGen: 78688K->352K(78848K)] 439904K->361568K(704000K), 0.0029857 secs] [Times: user=0.01 sys=0.00, real=0.00 secs] 
1687.157: [GC (Allocation Failure) [PSYoungGen: 78688K->1408K(80896K)] 439904K->362624K(706048K), 0.0025720 secs] [Times: user=0.01 sys=0.00, real=0.00 secs] 
1688.042: [GC (Allocation Failure) [PSYoungGen: 79744K->1376K(79872K)] 440960K->362600K(705024K), 0.0037654 secs] [Times: user=0.01 sys=0.01, real=0.00 secs] 
1688.600: [GC (Allocation Failure) [PSYoungGen: 79712K->1408K(79872K)] 440936K->362632K(705024K), 0.0022243 secs] [Times: user=0.01 sys=0.00, real=0.00 secs] 
1689.411: [GC (Allocation Failure) [PSYoungGen: 79744K->1376K(80896K)] 440968K->362600K(706048K), 0.0028318 secs] [Times: user=0.01 sys=0.01, real=0.00 secs] 
1691.652: [GC (Allocation Failure) [PSYoungGen: 79712K->1440K(80896K)] 440936K->362664K(706048K), 0.0028320 secs] [Times: user=0.01 sys=0.00, real=0.00 secs] 
1692.685: [GC (Allocation Failure) [PSYoungGen: 79776K->1376K(80896K)] 441000K->362600K(706048K), 0.0032382 secs] [Times: user=0.01 sys=0.00, real=0.01 secs] 
1693.730: [GC (Allocation Failure) [PSYoungGen: 79712K->1376K(80896K)] 440936K->362600K(706048K), 0.0032878 secs] [Times: user=0.01 sys=0.01, real=0.00 secs] 
1694.806: [GC (Allocation Failure) [PSYoungGen: 79712K->1392K(79872K)] 440936K->362616K(705024K), 0.0032243 secs] [Times: user=0.01 sys=0.00, real=0.01 secs] 
1696.628: [GC (Allocation Failure) [PSYoungGen: 79728K->1440K(80384K)] 440952K->362664K(705536K), 0.0018858 secs] [Times: user=0.01 sys=0.00, real=0.00 secs] 
1697.386: [GC (Allocation Failure) [PSYoungGen: 79776K->1408K(80384K)] 441000K->362632K(705536K), 0.0022219 secs] [Times: user=0.01 sys=0.00, real=0.01 secs] 
1698.086: [GC (Allocation Failure) [PSYoungGen: 79744K->1408K(80384K)] 440968K->362632K(705536K), 0.0022834 secs] [Times: user=0.00 sys=0.00, real=0.01 secs] 
1698.838: [GC (Allocation Failure) [PSYoungGen: 79744K->1389K(80384K)] 440968K->362621K(705536K), 0.0016468 secs] [Times: user=0.00 sys=0.00, real=0.00 secs] 
1699.593: [GC (Allocation Failure) [PSYoungGen: 79725K->1408K(80384K)] 440957K->362648K(705536K), 0.0021510 secs] [Times: user=0.01 sys=0.00, real=0.00 secs] 
1699.919: [GC (Allocation Failure) [PSYoungGen: 79744K->1376K(80384K)] 440984K->362624K(705536K), 0.0021823 secs] [Times: user=0.01 sys=0.01, real=0.00 secs] 
1700.455: [GC (Allocation Failure) [PSYoungGen: 79712K->1376K(80384K)] 440960K->362624K(705536K), 0.0032069 secs] [Times: user=0.01 sys=0.00, real=0.01 secs] 
1701.513: [GC (Allocation Failure) [PSYoungGen: 79712K->1920K(80384K)] 440960K->363168K(705536K), 0.0017728 secs] [Times: user=0.01 sys=0.01, real=0.00 secs] 
1702.216: [GC (Allocation Failure) [PSYoungGen: 80256K->1408K(80384K)] 441504K->362656K(705536K), 0.0025326 secs] [Times: user=0.01 sys=0.00, real=0.01 secs] 
1702.989: [GC (Allocation Failure) [PSYoungGen: 79744K->1376K(79872K)] 440992K->362624K(705024K), 0.0025948 secs] [Times: user=0.01 sys=0.00, real=0.00 secs] 
1703.691: [GC (Allocation Failure) [PSYoungGen: 79712K->1376K(79872K)] 440960K->362632K(705024K), 0.0023841 secs] [Times: user=0.01 sys=0.00, real=0.00 secs] 
1704.681: [GC (Allocation Failure) [PSYoungGen: 79712K->1424K(79872K)] 440968K->362680K(705024K), 0.0017626 secs] [Times: user=0.01 sys=0.00, real=0.00 secs] 
1705.059: [GC (Allocation Failure) [PSYoungGen: 79760K->1344K(79872K)] 441016K->362600K(705024K), 0.0018452 secs] [Times: user=0.01 sys=0.00, real=0.00 secs] 
1705.437: [GC (Allocation Failure) [PSYoungGen: 79680K->1408K(79872K)] 440936K->362664K(705024K), 0.0018668 secs] [Times: user=0.00 sys=0.00, real=0.00 secs] 
1705.762: [GC (Allocation Failure) [PSYoungGen: 79744K->1392K(81920K)] 441000K->362664K(707072K), 0.0018263 secs] [Times: user=0.01 sys=0.00, real=0.00 secs] 
1707.093: [GC (Allocation Failure) [PSYoungGen: 81264K->1376K(80896K)] 442536K->362648K(706048K), 0.0025652 secs] [Times: user=0.01 sys=0.00, real=0.00 secs] 
1708.065: [GC (Allocation Failure) [PSYoungGen: 80736K->1344K(80384K)] 442008K->362616K(705536K), 0.0032362 secs] [Times: user=0.01 sys=0.00, real=0.01 secs] 
1708.973: [GC (Allocation Failure) [PSYoungGen: 80192K->1376K(79872K)] 441464K->362648K(705024K), 0.0031752 secs] [Times: user=0.02 sys=0.00, real=0.00 secs] 
1709.606: [GC (Allocation Failure) [PSYoungGen: 79712K->1392K(79872K)] 440984K->362664K(705024K), 0.0025346 secs] [Times: user=0.01 sys=0.01, real=0.01 secs] 
1710.522: [GC (Allocation Failure) [PSYoungGen: 79728K->1440K(79872K)] 441000K->362712K(705024K), 0.0016774 secs] [Times: user=0.00 sys=0.00, real=0.00 secs] 
1711.181: [GC (Allocation Failure) [PSYoungGen: 79776K->1408K(79872K)] 441048K->362680K(705024K), 0.0020481 secs] [Times: user=0.01 sys=0.00, real=0.00 secs] 
1711.896: [GC (Allocation Failure) [PSYoungGen: 79744K->1376K(79872K)] 441016K->362648K(705024K), 0.0018904 secs] [Times: user=0.01 sys=0.00, real=0.01 secs] 
1712.974: [GC (Allocation Failure) [PSYoungGen: 79712K->1357K(79872K)] 440984K->362629K(705024K), 0.0017003 secs] [Times: user=0.01 sys=0.00, real=0.00 secs] 
1714.642: [GC (Allocation Failure) [PSYoungGen: 79693K->1440K(79872K)] 440965K->362712K(705024K), 0.0049762 secs] [Times: user=0.02 sys=0.00, real=0.01 secs] 
1716.135: [GC (Allocation Failure) [PSYoungGen: 79776K->1376K(79872K)] 441048K->362648K(705024K), 0.0038786 secs] [Times: user=0.01 sys=0.00, real=0.01 secs] 
1716.891: [GC (Allocation Failure) [PSYoungGen: 79712K->1376K(79872K)] 440984K->362648K(705024K), 0.0033174 secs] [Times: user=0.01 sys=0.00, real=0.00 secs] 
1718.088: [GC (Allocation Failure) [PSYoungGen: 79712K->1920K(80384K)] 440984K->363200K(705536K), 0.0027300 secs] [Times: user=0.01 sys=0.00, real=0.00 secs] 
1719.441: [GC (Allocation Failure) [PSYoungGen: 80256K->1408K(80384K)] 441536K->362688K(705536K), 0.0048505 secs] [Times: user=0.02 sys=0.00, real=0.00 secs] 
1720.526: [GC (Allocation Failure) [PSYoungGen: 79744K->1392K(80384K)] 441024K->362672K(705536K), 0.0034590 secs] [Times: user=0.01 sys=0.00, real=0.01 secs] 
1721.161: [GC (Allocation Failure) [PSYoungGen: 79728K->1408K(80384K)] 441008K->362688K(705536K), 0.0025435 secs] [Times: user=0.01 sys=0.00, real=0.00 secs] 
1722.174: [GC (Allocation Failure) [PSYoungGen: 79744K->1440K(80384K)] 441024K->362720K(705536K), 0.0018068 secs] [Times: user=0.01 sys=0.00, real=0.00 secs] 
1722.551: [GC (Allocation Failure) [PSYoungGen: 79776K->1376K(80384K)] 441056K->362656K(705536K), 0.0019377 secs] [Times: user=0.01 sys=0.00, real=0.00 secs] 
1722.972: [GC (Allocation Failure) [PSYoungGen: 79712K->1376K(80384K)] 440992K->362656K(705536K), 0.0020600 secs] [Times: user=0.01 sys=0.00, real=0.00 secs] 
1723.298: [GC (Allocation Failure) [PSYoungGen: 79712K->1376K(80384K)] 440992K->362656K(705536K), 0.0019547 secs] [Times: user=0.01 sys=0.00, real=0.00 secs] 
1724.124: [GC (Allocation Failure) [PSYoungGen: 79712K->1440K(80384K)] 440992K->362728K(705536K), 0.0018492 secs] [Times: user=0.01 sys=0.00, real=0.00 secs] 
1724.484: [GC (Allocation Failure) [PSYoungGen: 79776K->1376K(80384K)] 441064K->362664K(705536K), 0.0018304 secs] [Times: user=0.01 sys=0.00, real=0.00 secs] 
1724.810: [GC (Allocation Failure) [PSYoungGen: 79712K->1392K(80384K)] 441000K->362680K(705536K), 0.0019134 secs] [Times: user=0.01 sys=0.00, real=0.00 secs] 
1725.135: [GC (Allocation Failure) [PSYoungGen: 79728K->1408K(86528K)] 441016K->362696K(711680K), 0.0018375 secs] [Times: user=0.01 sys=0.00, real=0.00 secs] 
1726.774: [GC (Allocation Failure) [PSYoungGen: 85888K->1408K(85504K)] 447176K->362704K(710656K), 0.0025031 secs] [Times: user=0.01 sys=0.00, real=0.00 secs] 
1727.367: [GC (Allocation Failure) [PSYoungGen: 85376K->1392K(84992K)] 446672K->362688K(710144K), 0.0021317 secs] [Times: user=0.01 sys=0.00, real=0.00 secs] 
1727.714: [GC (Allocation Failure) [PSYoungGen: 84848K->1408K(86016K)] 446144K->362704K(711168K), 0.0020194 secs] [Times: user=0.01 sys=0.00, real=0.00 secs] 
1728.889: [GC (Allocation Failure) [PSYoungGen: 85888K->1408K(85504K)] 447184K->362704K(710656K), 0.0023163 secs] [Times: user=0.00 sys=0.01, real=0.00 secs] 
1730.197: [GC (Allocation Failure) [PSYoungGen: 85376K->1360K(84992K)] 446672K->362656K(710144K), 0.0049021 secs] [Times: user=0.02 sys=0.01, real=0.00 secs] 
1731.333: [GC (Allocation Failure) [PSYoungGen: 84816K->352K(83456K)] 446112K->362672K(708608K), 0.0052083 secs] [Times: user=0.02 sys=0.00, real=0.01 secs] 
1732.565: [GC (Allocation Failure) [PSYoungGen: 83296K->352K(84480K)] 445616K->362672K(709632K), 0.0047036 secs] [Times: user=0.01 sys=0.00, real=0.01 secs] 
1734.610: [GC (Allocation Failure) [PSYoungGen: 82784K->1408K(83456K)] 445104K->363728K(708608K), 0.0029569 secs] [Times: user=0.01 sys=0.00, real=0.00 secs] 
1735.314: [GC (Allocation Failure) [PSYoungGen: 83328K->1408K(82944K)] 445648K->363728K(708096K), 0.0024681 secs] [Times: user=0.01 sys=0.00, real=0.01 secs] 
1736.000: [GC (Allocation Failure) [PSYoungGen: 82816K->1344K(82432K)] 445136K->363664K(707584K), 0.0023608 secs] [Times: user=0.01 sys=0.00, real=0.00 secs] 
1737.179: [GC (Allocation Failure) [PSYoungGen: 82240K->1357K(81920K)] 444560K->363677K(707072K), 0.0015453 secs] [Times: user=0.01 sys=0.00, real=0.00 secs] 
1737.663: [GC (Allocation Failure) [PSYoungGen: 81741K->1472K(81408K)] 444061K->363792K(706560K), 0.0018777 secs] [Times: user=0.01 sys=0.00, real=0.00 secs] 
1738.158: [GC (Allocation Failure) [PSYoungGen: 81344K->1360K(80896K)] 443664K->363688K(706048K), 0.0020499 secs] [Times: user=0.01 sys=0.00, real=0.00 secs] 
1738.796: [GC (Allocation Failure) [PSYoungGen: 80720K->1408K(80384K)] 443048K->363736K(705536K), 0.0031387 secs] [Times: user=0.01 sys=0.00, real=0.01 secs] 
1740.555: [GC (Allocation Failure) [PSYoungGen: 80256K->1344K(79872K)] 442584K->363672K(705024K), 0.0018614 secs] [Times: user=0.01 sys=0.00, real=0.00 secs] 
1741.055: [GC (Allocation Failure) [PSYoungGen: 79680K->1408K(79872K)] 442008K->363736K(705024K), 0.0020437 secs] [Times: user=0.01 sys=0.00, real=0.01 secs] 
1741.681: [GC (Allocation Failure) [PSYoungGen: 79744K->1408K(79872K)] 442072K->363736K(705024K), 0.0033301 secs] [Times: user=0.02 sys=0.00, real=0.00 secs] 
1742.402: [GC (Allocation Failure) [PSYoungGen: 79744K->1344K(79872K)] 442072K->363672K(705024K), 0.0027153 secs] [Times: user=0.01 sys=0.00, real=0.00 secs] 
1743.580: [GC (Allocation Failure) [PSYoungGen: 79680K->1376K(79872K)] 442008K->363704K(705024K), 0.0018742 secs] [Times: user=0.01 sys=0.00, real=0.00 secs] 
1743.998: [GC (Allocation Failure) [PSYoungGen: 79712K->1376K(79872K)] 442040K->363704K(705024K), 0.0017631 secs] [Times: user=0.01 sys=0.00, real=0.00 secs] 
1744.655: [GC (Allocation Failure) [PSYoungGen: 79712K->1408K(79872K)] 442040K->363736K(705024K), 0.0029437 secs] [Times: user=0.02 sys=0.00, real=0.01 secs] 
1745.305: [GC (Allocation Failure) [PSYoungGen: 79744K->1344K(79872K)] 442072K->363672K(705024K), 0.0028301 secs] [Times: user=0.01 sys=0.00, real=0.01 secs] 
1746.334: [GC (Allocation Failure) [PSYoungGen: 79680K->1440K(79872K)] 442008K->363776K(705024K), 0.0021221 secs] [Times: user=0.01 sys=0.00, real=0.00 secs] 
1747.209: [GC (Allocation Failure) [PSYoungGen: 79776K->1376K(79872K)] 442112K->363712K(705024K), 0.0022100 secs] [Times: user=0.01 sys=0.00, real=0.00 secs] 
1748.199: [GC (Allocation Failure) [PSYoungGen: 79712K->1408K(79872K)] 442048K->363744K(705024K), 0.0048805 secs] [Times: user=0.02 sys=0.01, real=0.00 secs] 
1749.299: [GC (Allocation Failure) [PSYoungGen: 79744K->1360K(80384K)] 442080K->363696K(705536K), 0.0019573 secs] [Times: user=0.01 sys=0.00, real=0.00 secs] 
1750.170: [GC (Allocation Failure) [PSYoungGen: 79696K->1376K(80384K)] 442032K->363712K(705536K), 0.0021217 secs] [Times: user=0.01 sys=0.00, real=0.00 secs] 
1750.806: [GC (Allocation Failure) [PSYoungGen: 79712K->1392K(80384K)] 442048K->363728K(705536K), 0.0020159 secs] [Times: user=0.01 sys=0.00, real=0.01 secs] 
1751.519: [GC (Allocation Failure) [PSYoungGen: 79728K->1376K(80384K)] 442064K->363712K(705536K), 0.0022059 secs] [Times: user=0.01 sys=0.00, real=0.00 secs] 
1752.586: [GC (Allocation Failure) [PSYoungGen: 79712K->160K(80384K)] 442048K->362496K(705536K), 0.0015479 secs] [Times: user=0.01 sys=0.00, real=0.01 secs] 
1753.343: [GC (Allocation Failure) [PSYoungGen: 78496K->1344K(80384K)] 440832K->363680K(705536K), 0.0022685 secs] [Times: user=0.01 sys=0.00, real=0.00 secs] 
1753.856: [GC (Allocation Failure) [PSYoungGen: 79680K->1408K(80384K)] 442016K->363744K(705536K), 0.0021995 secs] [Times: user=0.00 sys=0.00, real=0.01 secs] 
1754.481: [GC (Allocation Failure) [PSYoungGen: 79744K->1360K(80384K)] 442080K->363696K(705536K), 0.0031400 secs] [Times: user=0.01 sys=0.00, real=0.00 secs] 
1755.813: [GC (Allocation Failure) [PSYoungGen: 79696K->1456K(80384K)] 442032K->363792K(705536K), 0.0017381 secs] [Times: user=0.00 sys=0.00, real=0.00 secs] 
1756.138: [GC (Allocation Failure) [PSYoungGen: 79792K->1440K(80384K)] 442128K->363776K(705536K), 0.0017572 secs] [Times: user=0.00 sys=0.00, real=0.00 secs] 
1756.463: [GC (Allocation Failure) [PSYoungGen: 79776K->1376K(80384K)] 442112K->363720K(705536K), 0.0018142 secs] [Times: user=0.01 sys=0.00, real=0.00 secs] 
1756.788: [GC (Allocation Failure) [PSYoungGen: 79712K->1376K(80384K)] 442056K->363720K(705536K), 0.0017442 secs] [Times: user=0.01 sys=0.00, real=0.00 secs] 
1757.664: [GC (Allocation Failure) [PSYoungGen: 79712K->1408K(79872K)] 442056K->363752K(705024K), 0.0018336 secs] [Times: user=0.00 sys=0.00, real=0.00 secs] 
1758.242: [GC (Allocation Failure) [PSYoungGen: 79744K->1376K(79872K)] 442088K->363720K(705024K), 0.0021397 secs] [Times: user=0.01 sys=0.00, real=0.00 secs] 
1758.856: [GC (Allocation Failure) [PSYoungGen: 79712K->1408K(79872K)] 442056K->363752K(705024K), 0.0025104 secs] [Times: user=0.01 sys=0.00, real=0.01 secs] 
1759.513: [GC (Allocation Failure) [PSYoungGen: 79744K->1392K(84992K)] 442088K->363736K(710144K), 0.0039544 secs] [Times: user=0.02 sys=0.00, real=0.01 secs] 
1760.667: [GC (Allocation Failure) [PSYoungGen: 84336K->1440K(83968K)] 446680K->363784K(709120K), 0.0019394 secs] [Times: user=0.01 sys=0.00, real=0.00 secs] 
1761.340: [GC (Allocation Failure) [PSYoungGen: 83872K->1328K(83456K)] 446216K->363672K(708608K), 0.0021512 secs] [Times: user=0.01 sys=0.00, real=0.00 secs] 
1762.000: [GC (Allocation Failure) [PSYoungGen: 83248K->1376K(84992K)] 445592K->363720K(710144K), 0.0107270 secs] [Times: user=0.05 sys=0.01, real=0.01 secs] 
1763.020: [GC (Allocation Failure) [PSYoungGen: 84832K->192K(85504K)] 447176K->362536K(710656K), 0.0016582 secs] [Times: user=0.01 sys=0.00, real=0.00 secs] 
1763.958: [GC (Allocation Failure) [PSYoungGen: 83648K->1376K(91648K)] 445992K->363728K(716800K), 0.0026680 secs] [Times: user=0.01 sys=0.00, real=0.00 secs] 
1764.840: [GC (Allocation Failure) [PSYoungGen: 91488K->1376K(92160K)] 453840K->363736K(717312K), 0.0030637 secs] [Times: user=0.01 sys=0.00, real=0.00 secs] 
1765.678: [GC (Allocation Failure) [PSYoungGen: 91488K->1392K(99328K)] 453848K->363768K(724480K), 0.0048789 secs] [Times: user=0.02 sys=0.00, real=0.00 secs] 
1767.242: [GC (Allocation Failure) [PSYoungGen: 98672K->1376K(98304K)] 461048K->363768K(723456K), 0.0022041 secs] [Times: user=0.01 sys=0.00, real=0.00 secs] 
1767.706: [GC (Allocation Failure) [PSYoungGen: 98144K->1344K(97792K)] 460536K->363736K(722944K), 0.0020337 secs] [Times: user=0.01 sys=0.00, real=0.01 secs] 
1768.351: [GC (Allocation Failure) [PSYoungGen: 97600K->1408K(97280K)] 459992K->363800K(722432K), 0.0022768 secs] [Times: user=0.01 sys=0.00, real=0.00 secs] 
1769.673: [GC (Allocation Failure) [PSYoungGen: 97152K->1440K(96768K)] 459544K->363832K(721920K), 0.0029340 secs] [Times: user=0.01 sys=0.00, real=0.00 secs] 
1770.128: [GC (Allocation Failure) [PSYoungGen: 96672K->1376K(96256K)] 459064K->363768K(721408K), 0.0021021 secs] [Times: user=0.01 sys=0.00, real=0.00 secs] 
1770.643: [GC (Allocation Failure) [PSYoungGen: 96096K->1408K(95744K)] 458488K->363800K(720896K), 0.0034448 secs] [Times: user=0.02 sys=0.00, real=0.00 secs] 
1771.860: [GC (Allocation Failure) [PSYoungGen: 95616K->1376K(95232K)] 458008K->363768K(720384K), 0.0018970 secs] [Times: user=0.00 sys=0.00, real=0.00 secs] 
1772.600: [GC (Allocation Failure) [PSYoungGen: 95072K->1376K(94720K)] 457464K->363768K(719872K), 0.0021963 secs] [Times: user=0.01 sys=0.00, real=0.00 secs] 
1773.909: [GC (Allocation Failure) [PSYoungGen: 94560K->1376K(94208K)] 456952K->363768K(719360K), 0.0048481 secs] [Times: user=0.02 sys=0.00, real=0.00 secs] 
1775.498: [GC (Allocation Failure) [PSYoungGen: 94048K->1408K(93696K)] 456440K->363800K(718848K), 0.0018572 secs] [Times: user=0.01 sys=0.00, real=0.00 secs] 
1776.305: [GC (Allocation Failure) [PSYoungGen: 93568K->1392K(93184K)] 455960K->363784K(718336K), 0.0020415 secs] [Times: user=0.01 sys=0.00, real=0.01 secs] 
1777.100: [GC (Allocation Failure) [PSYoungGen: 93040K->1376K(92672K)] 455432K->363768K(717824K), 0.0028744 secs] [Times: user=0.01 sys=0.00, real=0.00 secs] 
1777.965: [GC (Allocation Failure) [PSYoungGen: 92512K->1389K(92160K)] 454904K->363781K(717312K), 0.0016703 secs] [Times: user=0.00 sys=0.00, real=0.00 secs] 
1779.599: [GC (Allocation Failure) [PSYoungGen: 92013K->1408K(91648K)] 454405K->363808K(716800K), 0.0029087 secs] [Times: user=0.01 sys=0.00, real=0.00 secs] 
1780.342: [GC (Allocation Failure) [PSYoungGen: 91520K->1408K(91136K)] 453920K->363808K(716288K), 0.0025029 secs] [Times: user=0.01 sys=0.00, real=0.00 secs] 
1781.143: [GC (Allocation Failure) [PSYoungGen: 91008K->1376K(90624K)] 453408K->363776K(715776K), 0.0024086 secs] [Times: user=0.01 sys=0.00, real=0.00 secs] 
1782.619: [GC (Allocation Failure) [PSYoungGen: 90464K->1408K(90112K)] 452864K->363808K(715264K), 0.0022138 secs] [Times: user=0.01 sys=0.00, real=0.00 secs] 
1783.843: [GC (Allocation Failure) [PSYoungGen: 89984K->1408K(89600K)] 452384K->363808K(714752K), 0.0041763 secs] [Times: user=0.02 sys=0.00, real=0.00 secs] 
1784.943: [GC (Allocation Failure) [PSYoungGen: 89472K->1376K(89088K)] 451872K->363776K(714240K), 0.0056037 secs] [Times: user=0.01 sys=0.00, real=0.01 secs] 
1786.448: [GC (Allocation Failure) [PSYoungGen: 88928K->1440K(88576K)] 451328K->363840K(713728K), 0.0020800 secs] [Times: user=0.00 sys=0.00, real=0.00 secs] 
1787.862: [GC (Allocation Failure) [PSYoungGen: 88480K->1408K(88064K)] 450880K->363808K(713216K), 0.0035835 secs] [Times: user=0.01 sys=0.00, real=0.00 secs] 
1789.007: [GC (Allocation Failure) [PSYoungGen: 87936K->1408K(87552K)] 450336K->363808K(712704K), 0.0042609 secs] [Times: user=0.02 sys=0.01, real=0.00 secs] 
1790.041: [GC (Allocation Failure) [PSYoungGen: 87424K->1357K(87040K)] 449824K->363757K(712192K), 0.0017099 secs] [Times: user=0.00 sys=0.00, real=0.00 secs] 
1790.780: [GC (Allocation Failure) [PSYoungGen: 86861K->384K(85504K)] 449261K->363808K(710656K), 0.0045503 secs] [Times: user=0.02 sys=0.00, real=0.00 secs] 
1791.177: [GC (Allocation Failure) [PSYoungGen: 85376K->352K(86528K)] 448800K->363784K(711680K), 0.0016470 secs] [Times: user=0.01 sys=0.00, real=0.01 secs] 
1791.881: [GC (Allocation Failure) [PSYoungGen: 84832K->336K(84992K)] 448264K->363768K(710144K), 0.0022092 secs] [Times: user=0.01 sys=0.00, real=0.00 secs] 
1792.980: [GC (Allocation Failure) [PSYoungGen: 84304K->1440K(84992K)] 447736K->364872K(710144K), 0.0018982 secs] [Times: user=0.01 sys=0.00, real=0.00 secs] 
1793.646: [GC (Allocation Failure) [PSYoungGen: 84896K->1376K(84480K)] 448328K->364808K(709632K), 0.0023096 secs] [Times: user=0.01 sys=0.00, real=0.01 secs] 
1794.357: [GC (Allocation Failure) [PSYoungGen: 84320K->1408K(83968K)] 447752K->364840K(709120K), 0.0023858 secs] [Times: user=0.01 sys=0.00, real=0.00 secs] 
1795.261: [GC (Allocation Failure) [PSYoungGen: 83840K->1408K(83456K)] 447272K->364840K(708608K), 0.0028617 secs] [Times: user=0.01 sys=0.00, real=0.00 secs] 
1796.890: [GC (Allocation Failure) [PSYoungGen: 83328K->1392K(82944K)] 446760K->364824K(708096K), 0.0037864 secs] [Times: user=0.02 sys=0.00, real=0.00 secs] 
1798.237: [GC (Allocation Failure) [PSYoungGen: 82800K->1408K(82432K)] 446232K->364840K(707584K), 0.0046652 secs] [Times: user=0.02 sys=0.00, real=0.00 secs] 
1799.185: [GC (Allocation Failure) [PSYoungGen: 82304K->1392K(81920K)] 445736K->364824K(707072K), 0.0040639 secs] [Times: user=0.02 sys=0.00, real=0.01 secs] 
1800.614: [GC (Allocation Failure) [PSYoungGen: 81776K->1952K(81920K)] 445208K->365400K(707072K), 0.0018938 secs] [Times: user=0.01 sys=0.00, real=0.00 secs] 
1801.073: [GC (Allocation Failure) [PSYoungGen: 81824K->1376K(80896K)] 445272K->364824K(706048K), 0.0020932 secs] [Times: user=0.01 sys=0.00, real=0.00 secs] 
1801.648: [GC (Allocation Failure) [PSYoungGen: 80736K->1344K(80384K)] 444184K->364792K(705536K), 0.0019773 secs] [Times: user=0.01 sys=0.00, real=0.00 secs] 
1802.247: [GC (Allocation Failure) [PSYoungGen: 80192K->1376K(79872K)] 443640K->364824K(705024K), 0.0026934 secs] [Times: user=0.01 sys=0.00, real=0.01 secs] 
1803.414: [GC (Allocation Failure) [PSYoungGen: 79712K->1408K(79872K)] 443160K->364856K(705024K), 0.0018734 secs] [Times: user=0.01 sys=0.00, real=0.00 secs] 
1803.769: [GC (Allocation Failure) [PSYoungGen: 79744K->1344K(80384K)] 443192K->364792K(705536K), 0.0017933 secs] [Times: user=0.01 sys=0.00, real=0.00 secs] 
1804.267: [GC (Allocation Failure) [PSYoungGen: 79680K->1408K(80384K)] 443128K->364856K(705536K), 0.0035938 secs] [Times: user=0.02 sys=0.00, real=0.01 secs] 
1805.119: [GC (Allocation Failure) [PSYoungGen: 79744K->1344K(80384K)] 443192K->364792K(705536K), 0.0025000 secs] [Times: user=0.01 sys=0.00, real=0.00 secs] 
1806.116: [GC (Allocation Failure) [PSYoungGen: 79680K->1408K(80384K)] 443128K->364856K(705536K), 0.0019455 secs] [Times: user=0.01 sys=0.00, real=0.01 secs] 
1806.448: [GC (Allocation Failure) [PSYoungGen: 79744K->1344K(80384K)] 443192K->364792K(705536K), 0.0017513 secs] [Times: user=0.01 sys=0.00, real=0.00 secs] 
1806.859: [GC (Allocation Failure) [PSYoungGen: 79680K->1408K(80384K)] 443128K->364856K(705536K), 0.0020671 secs] [Times: user=0.01 sys=0.00, real=0.00 secs] 
1807.185: [GC (Allocation Failure) [PSYoungGen: 79744K->1376K(80384K)] 443192K->364832K(705536K), 0.0021286 secs] [Times: user=0.01 sys=0.00, real=0.01 secs] 
1808.022: [GC (Allocation Failure) [PSYoungGen: 79712K->1408K(79872K)] 443168K->364864K(705024K), 0.0017998 secs] [Times: user=0.00 sys=0.00, real=0.00 secs] 
1808.458: [GC (Allocation Failure) [PSYoungGen: 79744K->1392K(79872K)] 443200K->364848K(705024K), 0.0020964 secs] [Times: user=0.01 sys=0.00, real=0.00 secs] 
1809.147: [GC (Allocation Failure) [PSYoungGen: 79728K->1376K(79872K)] 443184K->364832K(705024K), 0.0025225 secs] [Times: user=0.01 sys=0.00, real=0.00 secs] 
1810.077: [GC (Allocation Failure) [PSYoungGen: 79712K->1357K(79872K)] 443168K->364813K(705024K), 0.0017528 secs] [Times: user=0.00 sys=0.00, real=0.01 secs] 
1811.370: [GC (Allocation Failure) [PSYoungGen: 79693K->1376K(79872K)] 443149K->364832K(705024K), 0.0048521 secs] [Times: user=0.01 sys=0.00, real=0.00 secs] 
1812.216: [GC (Allocation Failure) [PSYoungGen: 79712K->1408K(79872K)] 443168K->364864K(705024K), 0.0032649 secs] [Times: user=0.01 sys=0.00, real=0.01 secs] 
1813.092: [GC (Allocation Failure) [PSYoungGen: 79744K->1408K(79872K)] 443200K->364872K(705024K), 0.0039900 secs] [Times: user=0.02 sys=0.00, real=0.00 secs] 
1814.549: [GC (Allocation Failure) [PSYoungGen: 79744K->1440K(79872K)] 443208K->364904K(705024K), 0.0024983 secs] [Times: user=0.00 sys=0.00, real=0.00 secs] 
1815.889: [GC (Allocation Failure) [PSYoungGen: 79776K->1408K(79872K)] 443240K->364872K(705024K), 0.0034174 secs] [Times: user=0.02 sys=0.00, real=0.00 secs] 
1816.578: [GC (Allocation Failure) [PSYoungGen: 79744K->1408K(79872K)] 443208K->364872K(705024K), 0.0024823 secs] [Times: user=0.01 sys=0.00, real=0.00 secs] 
1817.271: [GC (Allocation Failure) [PSYoungGen: 79744K->1376K(79872K)] 443208K->364848K(705024K), 0.0024929 secs] [Times: user=0.01 sys=0.00, real=0.00 secs] 
1818.381: [GC (Allocation Failure) [PSYoungGen: 79712K->1408K(79872K)] 443184K->364880K(705024K), 0.0019003 secs] [Times: user=0.00 sys=0.00, real=0.00 secs] 
1819.059: [GC (Allocation Failure) [PSYoungGen: 79744K->352K(78848K)] 443216K->364848K(704000K), 0.0032844 secs] [Times: user=0.02 sys=0.00, real=0.00 secs] 
1819.708: [GC (Allocation Failure) [PSYoungGen: 78688K->320K(80384K)] 443184K->364816K(705536K), 0.0021838 secs] [Times: user=0.01 sys=0.00, real=0.00 secs] 
1820.306: [GC (Allocation Failure) [PSYoungGen: 78656K->384K(80384K)] 443152K->364880K(705536K), 0.0023202 secs] [Times: user=0.01 sys=0.00, real=0.01 secs] 
1821.480: [GC (Allocation Failure) [PSYoungGen: 78720K->1440K(80384K)] 443216K->365936K(705536K), 0.0019710 secs] [Times: user=0.01 sys=0.00, real=0.00 secs] 
1822.277: [GC (Allocation Failure) [PSYoungGen: 79776K->1376K(80384K)] 444272K->365872K(705536K), 0.0035047 secs] [Times: user=0.02 sys=0.00, real=0.00 secs] 
1822.675: [GC (Allocation Failure) [PSYoungGen: 79712K->1344K(80384K)] 444208K->365840K(705536K), 0.0021323 secs] [Times: user=0.01 sys=0.00, real=0.01 secs] 
1823.393: [GC (Allocation Failure) [PSYoungGen: 79680K->1408K(80384K)] 444176K->365912K(705536K), 0.0024438 secs] [Times: user=0.01 sys=0.00, real=0.00 secs] 
1824.257: [GC (Allocation Failure) [PSYoungGen: 79744K->1424K(80384K)] 444248K->365928K(705536K), 0.0017338 secs] [Times: user=0.01 sys=0.00, real=0.00 secs] 
1824.582: [GC (Allocation Failure) [PSYoungGen: 79760K->1344K(80384K)] 444264K->365848K(705536K), 0.0017161 secs] [Times: user=0.01 sys=0.00, real=0.00 secs] 
1824.907: [GC (Allocation Failure) [PSYoungGen: 79680K->1344K(80384K)] 444184K->365848K(705536K), 0.0017921 secs] [Times: user=0.01 sys=0.00, real=0.00 secs] 
1825.536: [GC (Allocation Failure) [PSYoungGen: 79680K->1389K(80384K)] 444184K->365901K(705536K), 0.0015833 secs] [Times: user=0.01 sys=0.01, real=0.01 secs] 
1826.001: [GC (Allocation Failure) [PSYoungGen: 79725K->1408K(80384K)] 444237K->365920K(705536K), 0.0017437 secs] [Times: user=0.00 sys=0.00, real=0.00 secs] 
1826.326: [GC (Allocation Failure) [PSYoungGen: 79744K->1376K(80384K)] 444256K->365888K(705536K), 0.0015972 secs] [Times: user=0.01 sys=0.00, real=0.01 secs] 
1826.651: [GC (Allocation Failure) [PSYoungGen: 79712K->1344K(80384K)] 444224K->365856K(705536K), 0.0014789 secs] [Times: user=0.01 sys=0.00, real=0.00 secs] 
1827.423: [GC (Allocation Failure) [PSYoungGen: 79680K->1408K(80384K)] 444192K->365920K(705536K), 0.0017379 secs] [Times: user=0.01 sys=0.00, real=0.00 secs] 
1828.082: [GC (Allocation Failure) [PSYoungGen: 79744K->1408K(80384K)] 444256K->365920K(705536K), 0.0021693 secs] [Times: user=0.01 sys=0.00, real=0.00 secs] 
1828.737: [GC (Allocation Failure) [PSYoungGen: 79744K->1344K(80384K)] 444256K->365856K(705536K), 0.0020926 secs] [Times: user=0.01 sys=0.00, real=0.00 secs] 
1829.196: [GC (Allocation Failure) [PSYoungGen: 79680K->1376K(80384K)] 444192K->365888K(705536K), 0.0020515 secs] [Times: user=0.01 sys=0.00, real=0.01 secs] 
1830.272: [GC (Allocation Failure) [PSYoungGen: 79712K->1408K(80384K)] 444224K->365928K(705536K), 0.0017543 secs] [Times: user=0.01 sys=0.00, real=0.00 secs] 
1831.240: [GC (Allocation Failure) [PSYoungGen: 79744K->1376K(80384K)] 444264K->365896K(705536K), 0.0020090 secs] [Times: user=0.01 sys=0.00, real=0.00 secs] 
1832.233: [GC (Allocation Failure) [PSYoungGen: 79712K->1408K(80384K)] 444232K->365928K(705536K), 0.0026020 secs] [Times: user=0.01 sys=0.00, real=0.00 secs] 
1832.904: [GC (Allocation Failure) [PSYoungGen: 79744K->1344K(80384K)] 444264K->365864K(705536K), 0.0028230 secs] [Times: user=0.01 sys=0.00, real=0.00 secs] 
1834.116: [GC (Allocation Failure) [PSYoungGen: 79680K->1408K(80384K)] 444200K->365928K(705536K), 0.0076956 secs] [Times: user=0.04 sys=0.00, real=0.01 secs] 
1835.103: [GC (Allocation Failure) [PSYoungGen: 79744K->1376K(80384K)] 444264K->365904K(705536K), 0.0030544 secs] [Times: user=0.01 sys=0.00, real=0.00 secs] 
1836.094: [GC (Allocation Failure) [PSYoungGen: 79712K->1408K(80384K)] 444240K->365936K(705536K), 0.0034175 secs] [Times: user=0.01 sys=0.00, real=0.01 secs] 
1836.981: [GC (Allocation Failure) [PSYoungGen: 79744K->1360K(80384K)] 444272K->365888K(705536K), 0.0032966 secs] [Times: user=0.01 sys=0.00, real=0.00 secs] 
1838.550: [GC (Allocation Failure) [PSYoungGen: 79696K->1408K(80384K)] 444224K->365936K(705536K), 0.0032351 secs] [Times: user=0.01 sys=0.00, real=0.00 secs] 
1839.166: [GC (Allocation Failure) [PSYoungGen: 79744K->1376K(80384K)] 444272K->365904K(705536K), 0.0024213 secs] [Times: user=0.01 sys=0.00, real=0.01 secs] 
1839.806: [GC (Allocation Failure) [PSYoungGen: 79712K->1408K(80384K)] 444240K->365936K(705536K), 0.0024207 secs] [Times: user=0.01 sys=0.00, real=0.01 secs] 
1840.529: [GC (Allocation Failure) [PSYoungGen: 79744K->1357K(80384K)] 444272K->365893K(705536K), 0.0017168 secs] [Times: user=0.01 sys=0.00, real=0.00 secs] 
1841.447: [GC (Allocation Failure) [PSYoungGen: 79693K->1408K(80384K)] 444229K->365944K(705536K), 0.0020132 secs] [Times: user=0.00 sys=0.00, real=0.01 secs] 
1842.119: [GC (Allocation Failure) [PSYoungGen: 79744K->1376K(79872K)] 444280K->365912K(705024K), 0.0022233 secs] [Times: user=0.01 sys=0.00, real=0.00 secs] 
1843.003: [GC (Allocation Failure) [PSYoungGen: 79712K->1408K(79872K)] 444248K->365944K(705024K), 0.0031661 secs] [Times: user=0.01 sys=0.00, real=0.00 secs] 
1844.406: [GC (Allocation Failure) [PSYoungGen: 79744K->928K(79872K)] 444280K->366488K(705024K), 0.0023451 secs] [Times: user=0.01 sys=0.00, real=0.01 secs] 
1845.365: [GC (Allocation Failure) [PSYoungGen: 79264K->352K(80384K)] 444824K->365912K(705536K), 0.0039806 secs] [Times: user=0.02 sys=0.00, real=0.01 secs] 
1846.232: [GC (Allocation Failure) [PSYoungGen: 78688K->384K(80384K)] 444248K->365944K(705536K), 0.0025275 secs] [Times: user=0.01 sys=0.00, real=0.00 secs] 
1846.786: [GC (Allocation Failure) [PSYoungGen: 78720K->352K(80384K)] 444280K->365912K(705536K), 0.0022190 secs] [Times: user=0.01 sys=0.00, real=0.01 secs] 
1848.105: [GC (Allocation Failure) [PSYoungGen: 78688K->1408K(80384K)] 444248K->366968K(705536K), 0.0031730 secs] [Times: user=0.02 sys=0.00, real=0.01 secs] 
1848.552: [GC (Allocation Failure) [PSYoungGen: 79744K->1376K(80384K)] 445304K->366944K(705536K), 0.0022134 secs] [Times: user=0.01 sys=0.00, real=0.00 secs] 
1848.999: [GC (Allocation Failure) [PSYoungGen: 79712K->1376K(80384K)] 445280K->366944K(705536K), 0.0020827 secs] [Times: user=0.00 sys=0.00, real=0.00 secs] 
1849.595: [GC (Allocation Failure) [PSYoungGen: 79712K->1376K(80384K)] 445280K->366944K(705536K), 0.0034806 secs] [Times: user=0.01 sys=0.00, real=0.01 secs] 
1852.034: [GC (Allocation Failure) [PSYoungGen: 79712K->1408K(80384K)] 445280K->366976K(705536K), 0.0027118 secs] [Times: user=0.01 sys=0.00, real=0.01 secs] 
1852.353: [GC (Allocation Failure) [PSYoungGen: 79744K->1408K(80384K)] 445312K->366976K(705536K), 0.0020227 secs] [Times: user=0.00 sys=0.01, real=0.00 secs] 
1852.950: [GC (Allocation Failure) [PSYoungGen: 79744K->1408K(80384K)] 445312K->366976K(705536K), 0.0019829 secs] [Times: user=0.01 sys=0.00, real=0.00 secs] 
1853.593: [GC (Allocation Failure) [PSYoungGen: 79744K->1376K(80384K)] 445312K->366944K(705536K), 0.0020021 secs] [Times: user=0.01 sys=0.00, real=0.00 secs] 
1854.431: [GC (Allocation Failure) [PSYoungGen: 79712K->1376K(80384K)] 445280K->366944K(705536K), 0.0017602 secs] [Times: user=0.01 sys=0.00, real=0.00 secs] 
1854.756: [GC (Allocation Failure) [PSYoungGen: 79712K->1328K(80384K)] 445280K->366896K(705536K), 0.0017405 secs] [Times: user=0.01 sys=0.00, real=0.01 secs] 
1855.081: [GC (Allocation Failure) [PSYoungGen: 79664K->1344K(80384K)] 445232K->366912K(705536K), 0.0017471 secs] [Times: user=0.01 sys=0.00, real=0.00 secs] 
1856.033: [GC (Allocation Failure) [PSYoungGen: 79680K->1357K(80384K)] 445248K->366933K(705536K), 0.0016318 secs] [Times: user=0.01 sys=0.00, real=0.00 secs] 
1858.380: [GC (Allocation Failure) [PSYoungGen: 79693K->1408K(80384K)] 445269K->366992K(705536K), 0.0033973 secs] [Times: user=0.01 sys=0.00, real=0.00 secs] 
1859.583: [GC (Allocation Failure) [PSYoungGen: 79744K->1360K(80384K)] 445328K->366944K(705536K), 0.0025943 secs] [Times: user=0.01 sys=0.00, real=0.00 secs] 
1860.974: [GC (Allocation Failure) [PSYoungGen: 79696K->1424K(80384K)] 445280K->367008K(705536K), 0.0033301 secs] [Times: user=0.02 sys=0.00, real=0.01 secs] 
1862.319: [GC (Allocation Failure) [PSYoungGen: 79760K->1888K(80384K)] 445344K->367984K(705536K), 0.0018592 secs] [Times: user=0.01 sys=0.00, real=0.00 secs] 
1862.688: [GC (Allocation Failure) [PSYoungGen: 80224K->1360K(80384K)] 446320K->367456K(705536K), 0.0017932 secs] [Times: user=0.01 sys=0.00, real=0.00 secs] 
1863.057: [GC (Allocation Failure) [PSYoungGen: 79696K->1344K(80384K)] 445792K->367440K(705536K), 0.0019050 secs] [Times: user=0.01 sys=0.00, real=0.00 secs] 
1863.438: [GC (Allocation Failure) [PSYoungGen: 79680K->1376K(80384K)] 445776K->367472K(705536K), 0.0020399 secs] [Times: user=0.01 sys=0.00, real=0.00 secs] 
1865.760: [GC (Allocation Failure) [PSYoungGen: 79712K->1408K(80384K)] 445808K->367504K(705536K), 0.0051723 secs] [Times: user=0.02 sys=0.00, real=0.00 secs] 
1866.466: [GC (Allocation Failure) [PSYoungGen: 79744K->1376K(80384K)] 445840K->367472K(705536K), 0.0044273 secs] [Times: user=0.01 sys=0.00, real=0.01 secs] 
1867.331: [GC (Allocation Failure) [PSYoungGen: 79712K->1360K(80384K)] 445808K->367456K(705536K), 0.0048037 secs] [Times: user=0.02 sys=0.00, real=0.00 secs] 
1868.198: [GC (Allocation Failure) [PSYoungGen: 79696K->1360K(80384K)] 445792K->367456K(705536K), 0.0038790 secs] [Times: user=0.02 sys=0.00, real=0.00 secs] 
1869.563: [GC (Allocation Failure) [PSYoungGen: 79696K->1440K(80384K)] 445792K->367536K(705536K), 0.0017315 secs] [Times: user=0.00 sys=0.00, real=0.00 secs] 
1870.430: [GC (Allocation Failure) [PSYoungGen: 79776K->1376K(80384K)] 445872K->367480K(705536K), 0.0022091 secs] [Times: user=0.01 sys=0.00, real=0.00 secs] 
1871.252: [GC (Allocation Failure) [PSYoungGen: 79712K->1376K(80384K)] 445816K->367480K(705536K), 0.0024937 secs] [Times: user=0.01 sys=0.00, real=0.00 secs] 
1872.280: [GC (Allocation Failure) [PSYoungGen: 79712K->1360K(80384K)] 445816K->367464K(705536K), 0.0027503 secs] [Times: user=0.01 sys=0.00, real=0.00 secs] 
1873.584: [GC (Allocation Failure) [PSYoungGen: 79696K->1408K(80384K)] 445800K->367512K(705536K), 0.0019435 secs] [Times: user=0.01 sys=0.00, real=0.00 secs] 
1874.225: [GC (Allocation Failure) [PSYoungGen: 79744K->1408K(80384K)] 445848K->367512K(705536K), 0.0020293 secs] [Times: user=0.01 sys=0.00, real=0.01 secs] 
1874.927: [GC (Allocation Failure) [PSYoungGen: 79744K->1408K(80384K)] 445848K->367512K(705536K), 0.0019526 secs] [Times: user=0.01 sys=0.00, real=0.01 secs] 
1875.769: [GC (Allocation Failure) [PSYoungGen: 79744K->1389K(80384K)] 445848K->367493K(705536K), 0.0016422 secs] [Times: user=0.01 sys=0.00, real=0.00 secs] 
1878.830: [GC (Allocation Failure) [PSYoungGen: 79725K->1440K(80384K)] 445829K->367544K(705536K), 0.0028654 secs] [Times: user=0.01 sys=0.00, real=0.00 secs] 
1879.471: [GC (Allocation Failure) [PSYoungGen: 79776K->1408K(80384K)] 445880K->367512K(705536K), 0.0023370 secs] [Times: user=0.01 sys=0.00, real=0.00 secs] 
1880.057: [GC (Allocation Failure) [PSYoungGen: 79744K->1440K(80384K)] 445848K->367544K(705536K), 0.0022330 secs] [Times: user=0.00 sys=0.00, real=0.00 secs] 
1881.156: [GC (Allocation Failure) [PSYoungGen: 79281K->1648K(80384K)] 445385K->367760K(705536K), 0.0018547 secs] [Times: user=0.01 sys=0.00, real=0.01 secs] 
1882.105: [GC (Allocation Failure) [PSYoungGen: 79984K->1408K(80384K)] 446096K->367520K(705536K), 0.0030228 secs] [Times: user=0.01 sys=0.00, real=0.01 secs] 
1882.741: [GC (Allocation Failure) [PSYoungGen: 79744K->1376K(80384K)] 445856K->367488K(705536K), 0.0025948 secs] [Times: user=0.01 sys=0.00, real=0.00 secs] 
1883.247: [GC (Allocation Failure) [PSYoungGen: 79712K->1344K(80384K)] 445824K->367456K(705536K), 0.0021427 secs] [Times: user=0.01 sys=0.00, real=0.01 secs] 
1884.018: [GC (Allocation Failure) [PSYoungGen: 79680K->1344K(80384K)] 445792K->367456K(705536K), 0.0018283 secs] [Times: user=0.00 sys=0.00, real=0.00 secs] 
1884.343: [GC (Allocation Failure) [PSYoungGen: 79680K->1344K(80384K)] 445792K->367456K(705536K), 0.0017776 secs] [Times: user=0.01 sys=0.00, real=0.00 secs] 
1884.668: [GC (Allocation Failure) [PSYoungGen: 79680K->1344K(80384K)] 445792K->367456K(705536K), 0.0018356 secs] [Times: user=0.01 sys=0.00, real=0.00 secs] 
1884.992: [GC (Allocation Failure) [PSYoungGen: 79680K->1344K(80384K)] 445792K->367456K(705536K), 0.0017901 secs] [Times: user=0.01 sys=0.00, real=0.00 secs] 
1886.440: [GC (Allocation Failure) [PSYoungGen: 79680K->1440K(80384K)] 445792K->367552K(705536K), 0.0039749 secs] [Times: user=0.01 sys=0.00, real=0.00 secs] 
1887.234: [GC (Allocation Failure) [PSYoungGen: 79776K->1344K(80384K)] 445888K->367456K(705536K), 0.0027430 secs] [Times: user=0.01 sys=0.00, real=0.00 secs] 
1887.933: [GC (Allocation Failure) [PSYoungGen: 79680K->1408K(80384K)] 445792K->367528K(705536K), 0.0022620 secs] [Times: user=0.01 sys=0.00, real=0.00 secs] 
1888.757: [GC (Allocation Failure) [PSYoungGen: 79744K->1376K(79872K)] 445864K->367496K(705024K), 0.0025752 secs] [Times: user=0.01 sys=0.00, real=0.00 secs] 
1890.036: [GC (Allocation Failure) [PSYoungGen: 79712K->1408K(79872K)] 445832K->367528K(705024K), 0.0020650 secs] [Times: user=0.01 sys=0.00, real=0.01 secs] 
1890.854: [GC (Allocation Failure) [PSYoungGen: 79744K->384K(79360K)] 445864K->367528K(704512K), 0.0031670 secs] [Times: user=0.01 sys=0.00, real=0.01 secs] 
1891.672: [GC (Allocation Failure) [PSYoungGen: 78720K->352K(80384K)] 445864K->367496K(705536K), 0.0026553 secs] [Times: user=0.01 sys=0.00, real=0.00 secs] 
1892.924: [GC (Allocation Failure) [PSYoungGen: 78688K->1357K(80384K)] 445832K->368501K(705536K), 0.0016866 secs] [Times: user=0.01 sys=0.00, real=0.00 secs] 
1894.377: [GC (Allocation Failure) [PSYoungGen: 79693K->1408K(80384K)] 446837K->368552K(705536K), 0.0025001 secs] [Times: user=0.01 sys=0.00, real=0.01 secs] 
1894.787: [GC (Allocation Failure) [PSYoungGen: 79744K->1376K(80384K)] 446888K->368528K(705536K), 0.0021620 secs] [Times: user=0.00 sys=0.00, real=0.00 secs] 
1895.113: [GC (Allocation Failure) [PSYoungGen: 79712K->1440K(80384K)] 446864K->368592K(705536K), 0.0018476 secs] [Times: user=0.01 sys=0.00, real=0.00 secs] 
1895.945: [GC (Allocation Failure) [PSYoungGen: 79776K->1696K(80384K)] 446928K->368856K(705536K), 0.0019540 secs] [Times: user=0.00 sys=0.00, real=0.00 secs] 
1896.639: [GC (Allocation Failure) [PSYoungGen: 80032K->1440K(80384K)] 447192K->368600K(705536K), 0.0028701 secs] [Times: user=0.01 sys=0.00, real=0.00 secs] 
1897.282: [GC (Allocation Failure) [PSYoungGen: 79776K->1408K(80384K)] 446936K->368576K(705536K), 0.0031614 secs] [Times: user=0.01 sys=0.00, real=0.00 secs] 
1897.912: [GC (Allocation Failure) [PSYoungGen: 79744K->1408K(80384K)] 446912K->368576K(705536K), 0.0029134 secs] [Times: user=0.01 sys=0.00, real=0.00 secs] 
1899.405: [GC (Allocation Failure) [PSYoungGen: 79744K->1408K(80384K)] 446912K->368576K(705536K), 0.0024241 secs] [Times: user=0.00 sys=0.00, real=0.01 secs] 
1900.667: [GC (Allocation Failure) [PSYoungGen: 79744K->1408K(80384K)] 446912K->368576K(705536K), 0.0045068 secs] [Times: user=0.01 sys=0.00, real=0.00 secs] 
1901.645: [GC (Allocation Failure) [PSYoungGen: 79744K->1440K(80384K)] 446912K->368608K(705536K), 0.0046568 secs] [Times: user=0.02 sys=0.00, real=0.01 secs] 
1902.756: [GC (Allocation Failure) [PSYoungGen: 79776K->1440K(80384K)] 446944K->368608K(705536K), 0.0037467 secs] [Times: user=0.01 sys=0.00, real=0.01 secs] 
1903.942: [GC (Allocation Failure) [PSYoungGen: 79776K->1440K(80384K)] 446944K->368608K(705536K), 0.0019715 secs] [Times: user=0.00 sys=0.00, real=0.00 secs] 
1904.738: [GC (Allocation Failure) [PSYoungGen: 79776K->1440K(80384K)] 446944K->368608K(705536K), 0.0033408 secs] [Times: user=0.01 sys=0.00, real=0.00 secs] 
1905.756: [GC (Allocation Failure) [PSYoungGen: 79776K->1408K(80384K)] 446944K->368576K(705536K), 0.0029818 secs] [Times: user=0.02 sys=0.00, real=0.01 secs] 
1906.820: [GC (Allocation Failure) [PSYoungGen: 79744K->1392K(80384K)] 446912K->368560K(705536K), 0.0037752 secs] [Times: user=0.01 sys=0.00, real=0.00 secs] 
1907.898: [GC (Allocation Failure) [PSYoungGen: 79728K->1408K(80384K)] 446896K->368576K(705536K), 0.0017079 secs] [Times: user=0.01 sys=0.00, real=0.00 secs] 
1908.595: [GC (Allocation Failure) [PSYoungGen: 79744K->1376K(80384K)] 446912K->368560K(705536K), 0.0024690 secs] [Times: user=0.01 sys=0.00, real=0.01 secs] 
1909.319: [GC (Allocation Failure) [PSYoungGen: 79712K->1360K(80384K)] 446896K->368544K(705536K), 0.0032103 secs] [Times: user=0.01 sys=0.00, real=0.00 secs] 
1910.137: [GC (Allocation Failure) [PSYoungGen: 79696K->1389K(80384K)] 446880K->368581K(705536K), 0.0015576 secs] [Times: user=0.01 sys=0.00, real=0.00 secs] 
1911.741: [GC (Allocation Failure) [PSYoungGen: 79725K->1376K(80384K)] 446917K->368568K(705536K), 0.0045898 secs] [Times: user=0.02 sys=0.00, real=0.00 secs] 
1912.665: [GC (Allocation Failure) [PSYoungGen: 79712K->1408K(80384K)] 446904K->368600K(705536K), 0.0031452 secs] [Times: user=0.01 sys=0.00, real=0.01 secs] 
1913.435: [GC (Allocation Failure) [PSYoungGen: 79744K->1376K(80384K)] 446936K->368568K(705536K), 0.0023739 secs] [Times: user=0.01 sys=0.00, real=0.01 secs] 
1914.750: [GC (Allocation Failure) [PSYoungGen: 79712K->1664K(80384K)] 446904K->368856K(705536K), 0.0020653 secs] [Times: user=0.00 sys=0.00, real=0.00 secs] 
1915.384: [GC (Allocation Failure) [PSYoungGen: 80000K->1344K(80384K)] 447192K->368536K(705536K), 0.0020622 secs] [Times: user=0.00 sys=0.00, real=0.00 secs] 
1915.710: [GC (Allocation Failure) [PSYoungGen: 79680K->1376K(80384K)] 446872K->368568K(705536K), 0.0019026 secs] [Times: user=0.01 sys=0.00, real=0.00 secs] 
1916.036: [GC (Allocation Failure) [PSYoungGen: 79712K->1376K(80384K)] 446904K->368568K(705536K), 0.0021021 secs] [Times: user=0.01 sys=0.00, real=0.01 secs] 
1916.837: [GC (Allocation Failure) [PSYoungGen: 79712K->1408K(80384K)] 446904K->368600K(705536K), 0.0017342 secs] [Times: user=0.00 sys=0.00, real=0.01 secs] 
1917.162: [GC (Allocation Failure) [PSYoungGen: 79744K->1376K(80384K)] 446936K->368576K(705536K), 0.0017734 secs] [Times: user=0.01 sys=0.00, real=0.00 secs] 
1917.487: [GC (Allocation Failure) [PSYoungGen: 79712K->1376K(80384K)] 446912K->368576K(705536K), 0.0018328 secs] [Times: user=0.00 sys=0.00, real=0.01 secs] 
1917.812: [GC (Allocation Failure) [PSYoungGen: 79712K->1344K(80384K)] 446912K->368544K(705536K), 0.0017295 secs] [Times: user=0.01 sys=0.00, real=0.00 secs] 
1918.573: [GC (Allocation Failure) [PSYoungGen: 79680K->1408K(80384K)] 446880K->368608K(705536K), 0.0018231 secs] [Times: user=0.01 sys=0.00, real=0.00 secs] 
1918.921: [GC (Allocation Failure) [PSYoungGen: 79744K->1344K(79872K)] 446944K->368544K(705024K), 0.0019034 secs] [Times: user=0.01 sys=0.00, real=0.00 secs] 
1919.246: [GC (Allocation Failure) [PSYoungGen: 79680K->1344K(79872K)] 446880K->368544K(705024K), 0.0017811 secs] [Times: user=0.01 sys=0.00, real=0.01 secs] 
1919.841: [GC (Allocation Failure) [PSYoungGen: 79680K->384K(79360K)] 446880K->368608K(704512K), 0.0021745 secs] [Times: user=0.01 sys=0.00, real=0.00 secs] 
1921.324: [GC (Allocation Failure) [PSYoungGen: 78720K->1440K(80384K)] 446944K->369664K(705536K), 0.0020025 secs] [Times: user=0.01 sys=0.00, real=0.00 secs] 
1922.923: [GC (Allocation Failure) [PSYoungGen: 79776K->1344K(80384K)] 448000K->369568K(705536K), 0.0030668 secs] [Times: user=0.01 sys=0.00, real=0.00 secs] 
1923.994: [GC (Allocation Failure) [PSYoungGen: 79680K->1376K(80384K)] 447904K->369600K(705536K), 0.0093939 secs] [Times: user=0.04 sys=0.00, real=0.01 secs] 
1925.172: [GC (Allocation Failure) [PSYoungGen: 79712K->1392K(80384K)] 447936K->369624K(705536K), 0.0018506 secs] [Times: user=0.01 sys=0.00, real=0.00 secs] 
1926.034: [GC (Allocation Failure) [PSYoungGen: 79728K->1408K(80384K)] 447960K->369640K(705536K), 0.0018793 secs] [Times: user=0.01 sys=0.00, real=0.00 secs] 
1926.819: [GC (Allocation Failure) [PSYoungGen: 79744K->1344K(80384K)] 447976K->369576K(705536K), 0.0025974 secs] [Times: user=0.01 sys=0.00, real=0.00 secs] 
1927.518: [GC (Allocation Failure) [PSYoungGen: 79680K->1408K(80384K)] 447912K->369640K(705536K), 0.0021838 secs] [Times: user=0.01 sys=0.00, real=0.00 secs] 
1928.676: [GC (Allocation Failure) [PSYoungGen: 79744K->1488K(80384K)] 447976K->369720K(705536K), 0.0019514 secs] [Times: user=0.01 sys=0.00, real=0.01 secs] 
1929.408: [GC (Allocation Failure) [PSYoungGen: 79824K->1408K(80384K)] 448056K->369640K(705536K), 0.0022838 secs] [Times: user=0.01 sys=0.00, real=0.00 secs] 
1930.116: [GC (Allocation Failure) [PSYoungGen: 79744K->1344K(80384K)] 447976K->369576K(705536K), 0.0024268 secs] [Times: user=0.01 sys=0.00, real=0.01 secs] 
1930.858: [GC (Allocation Failure) [PSYoungGen: 79680K->1360K(80384K)] 447912K->369592K(705536K), 0.0020061 secs] [Times: user=0.01 sys=0.00, real=0.00 secs] 
1932.114: [GC (Allocation Failure) [PSYoungGen: 79696K->1408K(80384K)] 447928K->369640K(705536K), 0.0022796 secs] [Times: user=0.01 sys=0.00, real=0.00 secs] 
1932.781: [GC (Allocation Failure) [PSYoungGen: 79744K->1408K(80384K)] 447976K->369640K(705536K), 0.0033337 secs] [Times: user=0.01 sys=0.00, real=0.00 secs] 
1933.701: [GC (Allocation Failure) [PSYoungGen: 79744K->1376K(80384K)] 447976K->369608K(705536K), 0.0025948 secs] [Times: user=0.01 sys=0.00, real=0.00 secs] 
1934.669: [GC (Allocation Failure) [PSYoungGen: 79712K->1408K(80384K)] 447944K->369640K(705536K), 0.0039182 secs] [Times: user=0.02 sys=0.00, real=0.00 secs] 
1935.879: [GC (Allocation Failure) [PSYoungGen: 79744K->1440K(80384K)] 447976K->369672K(705536K), 0.0019823 secs] [Times: user=0.00 sys=0.00, real=0.00 secs] 
1936.650: [GC (Allocation Failure) [PSYoungGen: 79776K->1440K(80384K)] 448008K->369680K(705536K), 0.0021463 secs] [Times: user=0.01 sys=0.00, real=0.00 secs] 
1937.323: [GC (Allocation Failure) [PSYoungGen: 79776K->1376K(80384K)] 448016K->369616K(705536K), 0.0025286 secs] [Times: user=0.01 sys=0.00, real=0.00 secs] 
1937.957: [GC (Allocation Failure) [PSYoungGen: 79712K->1408K(80384K)] 447952K->369656K(705536K), 0.0025345 secs] [Times: user=0.01 sys=0.00, real=0.01 secs] 
1938.792: [GC (Allocation Failure) [PSYoungGen: 79744K->1408K(80384K)] 447992K->369656K(705536K), 0.0017837 secs] [Times: user=0.00 sys=0.01, real=0.00 secs] 
1939.117: [GC (Allocation Failure) [PSYoungGen: 79744K->1312K(80384K)] 447992K->369560K(705536K), 0.0016850 secs] [Times: user=0.00 sys=0.00, real=0.00 secs] 
1939.442: [GC (Allocation Failure) [PSYoungGen: 79648K->1344K(79872K)] 447896K->369592K(705024K), 0.0016405 secs] [Times: user=0.01 sys=0.00, real=0.00 secs] 
1939.993: [GC (Allocation Failure) [PSYoungGen: 79680K->1389K(79872K)] 447928K->369637K(705024K), 0.0016685 secs] [Times: user=0.00 sys=0.00, real=0.00 secs] 
1942.838: [GC (Allocation Failure) [PSYoungGen: 79725K->416K(79360K)] 447973K->369688K(704512K), 0.0039753 secs] [Times: user=0.01 sys=0.00, real=0.00 secs] 
1943.598: [GC (Allocation Failure) [PSYoungGen: 78752K->320K(80384K)] 448024K->369600K(705536K), 0.0021093 secs] [Times: user=0.01 sys=0.00, real=0.00 secs] 
1943.915: [GC (Allocation Failure) [PSYoungGen: 78656K->352K(80384K)] 447936K->369632K(705536K), 0.0018853 secs] [Times: user=0.01 sys=0.00, real=0.01 secs] 
1944.711: [GC (Allocation Failure) [PSYoungGen: 78688K->1424K(80384K)] 447968K->370704K(705536K), 0.0016652 secs] [Times: user=0.00 sys=0.00, real=0.00 secs] 
1945.406: [GC (Allocation Failure) [PSYoungGen: 79760K->1344K(80384K)] 449040K->370624K(705536K), 0.0019631 secs] [Times: user=0.01 sys=0.00, real=0.01 secs] 
1946.075: [GC (Allocation Failure) [PSYoungGen: 79680K->1344K(80384K)] 448960K->370624K(705536K), 0.0019673 secs] [Times: user=0.01 sys=0.00, real=0.01 secs] 
1946.640: [GC (Allocation Failure) [PSYoungGen: 79680K->1376K(80384K)] 448960K->370664K(705536K), 0.0019205 secs] [Times: user=0.00 sys=0.00, real=0.00 secs] 
1947.970: [GC (Allocation Failure) [PSYoungGen: 79712K->1424K(80384K)] 449000K->370712K(705536K), 0.0032164 secs] [Times: user=0.01 sys=0.00, real=0.00 secs] 
1949.436: [GC (Allocation Failure) [PSYoungGen: 79760K->1392K(80384K)] 449048K->370680K(705536K), 0.0030946 secs] [Times: user=0.01 sys=0.00, real=0.01 secs] 
1950.564: [GC (Allocation Failure) [PSYoungGen: 79728K->1344K(80384K)] 449016K->370632K(705536K), 0.0030722 secs] [Times: user=0.01 sys=0.00, real=0.01 secs] 
1951.288: [GC (Allocation Failure) [PSYoungGen: 79680K->1344K(80384K)] 448968K->370632K(705536K), 0.0028163 secs] [Times: user=0.01 sys=0.00, real=0.00 secs] 
1952.998: [GC (Allocation Failure) [PSYoungGen: 79680K->1376K(80384K)] 448968K->370664K(705536K), 0.0029231 secs] [Times: user=0.01 sys=0.00, real=0.00 secs] 
1954.237: [GC (Allocation Failure) [PSYoungGen: 79712K->1312K(80384K)] 449000K->370600K(705536K), 0.0052491 secs] [Times: user=0.02 sys=0.00, real=0.01 secs] 
1955.445: [GC (Allocation Failure) [PSYoungGen: 79648K->1408K(80384K)] 448936K->370696K(705536K), 0.0035301 secs] [Times: user=0.01 sys=0.00, real=0.01 secs] 
1956.370: [GC (Allocation Failure) [PSYoungGen: 79744K->1408K(80384K)] 449032K->370696K(705536K), 0.0040568 secs] [Times: user=0.02 sys=0.00, real=0.00 secs] 
1957.488: [GC (Allocation Failure) [PSYoungGen: 79744K->1376K(80384K)] 449032K->370664K(705536K), 0.0018971 secs] [Times: user=0.00 sys=0.00, real=0.00 secs] 
1958.139: [GC (Allocation Failure) [PSYoungGen: 79712K->1392K(80384K)] 449000K->370680K(705536K), 0.0042225 secs] [Times: user=0.02 sys=0.00, real=0.00 secs] 
1958.833: [GC (Allocation Failure) [PSYoungGen: 79728K->1392K(80384K)] 449016K->370680K(705536K), 0.0039529 secs] [Times: user=0.01 sys=0.00, real=0.00 secs] 
1959.581: [GC (Allocation Failure) [PSYoungGen: 79728K->1360K(80384K)] 449016K->370656K(705536K), 0.0018834 secs] [Times: user=0.01 sys=0.00, real=0.00 secs] 
1960.439: [GC (Allocation Failure) [PSYoungGen: 79696K->1408K(80384K)] 448992K->370704K(705536K), 0.0020263 secs] [Times: user=0.01 sys=0.00, real=0.00 secs] 
1961.179: [GC (Allocation Failure) [PSYoungGen: 79744K->1408K(80384K)] 449040K->370704K(705536K), 0.0033211 secs] [Times: user=0.01 sys=0.00, real=0.00 secs] 
1962.036: [GC (Allocation Failure) [PSYoungGen: 79744K->1408K(80384K)] 449040K->370704K(705536K), 0.0033381 secs] [Times: user=0.01 sys=0.00, real=0.01 secs] 
1963.351: [GC (Allocation Failure) [PSYoungGen: 79225K->192K(80384K)] 448521K->369496K(705536K), 0.0015742 secs] [Times: user=0.01 sys=0.00, real=0.00 secs] 
1965.068: [GC (Allocation Failure) [PSYoungGen: 78528K->1376K(80384K)] 447832K->370680K(705536K), 0.0036491 secs] [Times: user=0.01 sys=0.00, real=0.00 secs] 
1965.422: [GC (Allocation Failure) [PSYoungGen: 79712K->1344K(80384K)] 449016K->370648K(705536K), 0.0019383 secs] [Times: user=0.01 sys=0.00, real=0.00 secs] 
1965.748: [GC (Allocation Failure) [PSYoungGen: 79680K->1344K(80384K)] 448984K->370648K(705536K), 0.0020472 secs] [Times: user=0.00 sys=0.00, real=0.00 secs] 
1966.539: [GC (Allocation Failure) [PSYoungGen: 79680K->1376K(80384K)] 448984K->370680K(705536K), 0.0017992 secs] [Times: user=0.01 sys=0.00, real=0.00 secs] 
1966.864: [GC (Allocation Failure) [PSYoungGen: 79712K->1376K(80384K)] 449016K->370680K(705536K), 0.0017576 secs] [Times: user=0.00 sys=0.00, real=0.00 secs] 
1967.190: [GC (Allocation Failure) [PSYoungGen: 79712K->1344K(80384K)] 449016K->370656K(705536K), 0.0021490 secs] [Times: user=0.00 sys=0.00, real=0.00 secs] 
1967.515: [GC (Allocation Failure) [PSYoungGen: 79680K->1376K(80384K)] 448992K->370688K(705536K), 0.0021822 secs] [Times: user=0.00 sys=0.00, real=0.01 secs] 
1968.965: [GC (Allocation Failure) [PSYoungGen: 79712K->1376K(79872K)] 449024K->370688K(705024K), 0.0060848 secs] [Times: user=0.02 sys=0.00, real=0.01 secs] 
1969.571: [GC (Allocation Failure) [PSYoungGen: 79712K->1376K(79872K)] 449024K->370688K(705024K), 0.0023658 secs] [Times: user=0.01 sys=0.00, real=0.00 secs] 
1969.901: [GC (Allocation Failure) [PSYoungGen: 79712K->1408K(79872K)] 449024K->370720K(705024K), 0.0019698 secs] [Times: user=0.01 sys=0.00, real=0.00 secs] 
1970.624: [GC (Allocation Failure) [PSYoungGen: 79744K->1376K(79872K)] 449056K->370688K(705024K), 0.0029677 secs] [Times: user=0.01 sys=0.00, real=0.01 secs] 
1971.750: [GC (Allocation Failure) [PSYoungGen: 79712K->1376K(79872K)] 449024K->370688K(705024K), 0.0018935 secs] [Times: user=0.01 sys=0.00, real=0.00 secs] 
1972.096: [GC (Allocation Failure) [PSYoungGen: 79712K->1312K(79872K)] 449024K->370624K(705024K), 0.0023089 secs] [Times: user=0.01 sys=0.00, real=0.01 secs] 
1972.579: [GC (Allocation Failure) [PSYoungGen: 79648K->1376K(83456K)] 448960K->370688K(708608K), 0.0039457 secs] [Times: user=0.02 sys=0.00, real=0.00 secs] 
1973.501: [GC (Allocation Failure) [PSYoungGen: 83296K->1357K(82944K)] 452608K->370669K(708096K), 0.0016106 secs] [Times: user=0.01 sys=0.00, real=0.00 secs] 
1974.428: [GC (Allocation Failure) [PSYoungGen: 82765K->1440K(82432K)] 452077K->370760K(707584K), 0.0024266 secs] [Times: user=0.01 sys=0.00, real=0.00 secs] 
1975.038: [GC (Allocation Failure) [PSYoungGen: 82336K->1360K(81920K)] 451656K->370688K(707072K), 0.0022513 secs] [Times: user=0.01 sys=0.00, real=0.00 secs] 
1975.690: [GC (Allocation Failure) [PSYoungGen: 81744K->1408K(81408K)] 451072K->370736K(706560K), 0.0030536 secs] [Times: user=0.01 sys=0.00, real=0.00 secs] 
1977.045: [GC (Allocation Failure) [PSYoungGen: 81280K->1440K(80896K)] 450608K->370768K(706048K), 0.0026889 secs] [Times: user=0.01 sys=0.00, real=0.01 secs] 
1977.462: [GC (Allocation Failure) [PSYoungGen: 80800K->1376K(80384K)] 450128K->370704K(705536K), 0.0022093 secs] [Times: user=0.01 sys=0.00, real=0.00 secs] 
1978.152: [GC (Allocation Failure) [PSYoungGen: 80224K->1408K(79872K)] 449552K->370736K(705024K), 0.0025180 secs] [Times: user=0.01 sys=0.00, real=0.00 secs] 
1979.004: [GC (Allocation Failure) [PSYoungGen: 79744K->1360K(80384K)] 449072K->370688K(705536K), 0.0019331 secs] [Times: user=0.01 sys=0.00, real=0.00 secs] 
1980.029: [GC (Allocation Failure) [PSYoungGen: 79696K->1376K(79872K)] 449024K->370704K(705024K), 0.0018986 secs] [Times: user=0.01 sys=0.00, real=0.00 secs] 
1980.622: [GC (Allocation Failure) [PSYoungGen: 79712K->1408K(79872K)] 449040K->370736K(705024K), 0.0026082 secs] [Times: user=0.01 sys=0.00, real=0.00 secs] 
1981.371: [GC (Allocation Failure) [PSYoungGen: 79744K->1408K(79872K)] 449072K->370736K(705024K), 0.0026885 secs] [Times: user=0.01 sys=0.00, real=0.00 secs] 
1982.098: [GC (Allocation Failure) [PSYoungGen: 79744K->1408K(79872K)] 449072K->370736K(705024K), 0.0025846 secs] [Times: user=0.01 sys=0.00, real=0.00 secs] 
1983.431: [GC (Allocation Failure) [PSYoungGen: 79744K->1408K(79872K)] 449072K->370736K(705024K), 0.0041116 secs] [Times: user=0.02 sys=0.00, real=0.00 secs] 
1984.031: [GC (Allocation Failure) [PSYoungGen: 79744K->1408K(79872K)] 449072K->370736K(705024K), 0.0026322 secs] [Times: user=0.01 sys=0.00, real=0.00 secs] 
1984.578: [GC (Allocation Failure) [PSYoungGen: 79744K->1344K(79872K)] 449072K->370672K(705024K), 0.0020973 secs] [Times: user=0.01 sys=0.00, real=0.00 secs] 
1985.022: [GC (Allocation Failure) [PSYoungGen: 79680K->1392K(79872K)] 449008K->370720K(705024K), 0.0018190 secs] [Times: user=0.00 sys=0.00, real=0.00 secs] 
1985.948: [GC (Allocation Failure) [PSYoungGen: 79728K->1472K(79872K)] 449056K->370800K(705024K), 0.0018713 secs] [Times: user=0.01 sys=0.00, real=0.00 secs] 
1986.551: [GC (Allocation Failure) [PSYoungGen: 79808K->1408K(79872K)] 449136K->370752K(705024K), 0.0022339 secs] [Times: user=0.01 sys=0.00, real=0.00 secs] 
1987.258: [GC (Allocation Failure) [PSYoungGen: 79744K->1408K(79872K)] 449088K->370752K(705024K), 0.0029044 secs] [Times: user=0.02 sys=0.00, real=0.00 secs] 
1988.315: [GC (Allocation Failure) [PSYoungGen: 79744K->1357K(79872K)] 449088K->370701K(705024K), 0.0016183 secs] [Times: user=0.00 sys=0.00, real=0.00 secs] 
1988.781: [GC (Allocation Failure) [PSYoungGen: 79693K->1408K(79872K)] 449037K->370752K(705024K), 0.0017084 secs] [Times: user=0.01 sys=0.00, real=0.00 secs] 
1989.107: [GC (Allocation Failure) [PSYoungGen: 79744K->1408K(79872K)] 449088K->370752K(705024K), 0.0018160 secs] [Times: user=0.00 sys=0.00, real=0.01 secs] 
1989.432: [GC (Allocation Failure) [PSYoungGen: 79744K->1376K(79872K)] 449088K->370720K(705024K), 0.0021143 secs] [Times: user=0.01 sys=0.00, real=0.00 secs] 
1990.406: [GC (Allocation Failure) [PSYoungGen: 79712K->1456K(79872K)] 449056K->370800K(705024K), 0.0018821 secs] [Times: user=0.01 sys=0.00, real=0.01 secs] 
1991.426: [GC (Allocation Failure) [PSYoungGen: 79792K->1392K(79872K)] 449136K->370736K(705024K), 0.0026611 secs] [Times: user=0.01 sys=0.00, real=0.01 secs] 
1992.409: [GC (Allocation Failure) [PSYoungGen: 79728K->1440K(79872K)] 449072K->370784K(705024K), 0.0033360 secs] [Times: user=0.01 sys=0.00, real=0.00 secs] 
1992.815: [GC (Allocation Failure) [PSYoungGen: 79776K->1408K(79872K)] 449120K->370752K(705024K), 0.0019747 secs] [Times: user=0.01 sys=0.00, real=0.01 secs] 
1993.961: [GC (Allocation Failure) [PSYoungGen: 79744K->1408K(79872K)] 449088K->370752K(705024K), 0.0020555 secs] [Times: user=0.01 sys=0.00, real=0.00 secs] 
1995.136: [GC (Allocation Failure) [PSYoungGen: 79744K->1360K(79872K)] 449088K->370704K(705024K), 0.0049905 secs] [Times: user=0.02 sys=0.00, real=0.01 secs] 
1996.230: [GC (Allocation Failure) [PSYoungGen: 79696K->1376K(79872K)] 449040K->370728K(705024K), 0.0036486 secs] [Times: user=0.01 sys=0.00, real=0.00 secs] 
1997.056: [GC (Allocation Failure) [PSYoungGen: 79712K->1376K(79872K)] 449064K->370728K(705024K), 0.0033118 secs] [Times: user=0.01 sys=0.01, real=0.01 secs] 
1998.006: [GC (Allocation Failure) [PSYoungGen: 79712K->1344K(79872K)] 449064K->370696K(705024K), 0.0018898 secs] [Times: user=0.01 sys=0.00, real=0.01 secs] 
1998.359: [GC (Allocation Failure) [PSYoungGen: 79680K->1376K(79872K)] 449032K->370728K(705024K), 0.0022357 secs] [Times: user=0.01 sys=0.00, real=0.00 secs] 
1998.898: [GC (Allocation Failure) [PSYoungGen: 79712K->1408K(79872K)] 449064K->370760K(705024K), 0.0032808 secs] [Times: user=0.01 sys=0.00, real=0.00 secs] 
1999.508: [GC (Allocation Failure) [PSYoungGen: 79731K->272K(79872K)] 449083K->369624K(705024K), 0.0023794 secs] [Times: user=0.01 sys=0.00, real=0.00 secs] 
2000.881: [GC (Allocation Failure) [PSYoungGen: 78608K->1408K(80384K)] 447960K->370760K(705536K), 0.0024681 secs] [Times: user=0.01 sys=0.00, real=0.00 secs] 
2001.881: [GC (Allocation Failure) [PSYoungGen: 79744K->1376K(80384K)] 449096K->370728K(705536K), 0.0027058 secs] [Times: user=0.01 sys=0.00, real=0.00 secs] 
2002.896: [GC (Allocation Failure) [PSYoungGen: 79712K->1360K(80384K)] 449064K->370712K(705536K), 0.0033894 secs] [Times: user=0.01 sys=0.00, real=0.01 secs] 
2004.184: [GC (Allocation Failure) [PSYoungGen: 79696K->1389K(80384K)] 449048K->370741K(705536K), 0.0017027 secs] [Times: user=0.01 sys=0.00, real=0.00 secs] 
2004.988: [GC (Allocation Failure) [PSYoungGen: 79725K->1440K(80384K)] 449077K->370792K(705536K), 0.0025154 secs] [Times: user=0.01 sys=0.00, real=0.00 secs] 
2005.608: [GC (Allocation Failure) [PSYoungGen: 79776K->1376K(80384K)] 449128K->370728K(705536K), 0.0022077 secs] [Times: user=0.01 sys=0.00, real=0.00 secs] 
2006.541: [GC (Allocation Failure) [PSYoungGen: 79712K->1376K(80384K)] 449064K->370728K(705536K), 0.0023675 secs] [Times: user=0.01 sys=0.00, real=0.00 secs] 
2007.879: [GC (Allocation Failure) [PSYoungGen: 79712K->1376K(80384K)] 449064K->370728K(705536K), 0.0018300 secs] [Times: user=0.00 sys=0.00, real=0.00 secs] 
2008.254: [GC (Allocation Failure) [PSYoungGen: 79712K->1376K(80384K)] 449064K->370736K(705536K), 0.0018818 secs] [Times: user=0.01 sys=0.00, real=0.00 secs] 
2008.588: [GC (Allocation Failure) [PSYoungGen: 79712K->1408K(80384K)] 449072K->370768K(705536K), 0.0026649 secs] [Times: user=0.01 sys=0.00, real=0.00 secs] 
2009.041: [GC (Allocation Failure) [PSYoungGen: 79744K->1312K(80384K)] 449104K->370672K(705536K), 0.0028291 secs] [Times: user=0.01 sys=0.00, real=0.00 secs] 
2009.996: [GC (Allocation Failure) [PSYoungGen: 79648K->1376K(80384K)] 449008K->370736K(705536K), 0.0021214 secs] [Times: user=0.01 sys=0.01, real=0.01 secs] 
2010.840: [GC (Allocation Failure) [PSYoungGen: 79712K->1344K(80384K)] 449072K->370704K(705536K), 0.0048480 secs] [Times: user=0.02 sys=0.00, real=0.00 secs] 
2011.881: [GC (Allocation Failure) [PSYoungGen: 79680K->1376K(79872K)] 449040K->370736K(705024K), 0.0029697 secs] [Times: user=0.01 sys=0.00, real=0.00 secs] 
2012.547: [GC (Allocation Failure) [PSYoungGen: 79712K->1376K(79872K)] 449072K->370736K(705024K), 0.0027430 secs] [Times: user=0.01 sys=0.00, real=0.00 secs] 
2013.619: [GC (Allocation Failure) [PSYoungGen: 79712K->1440K(79872K)] 449072K->370800K(705024K), 0.0038769 secs] [Times: user=0.02 sys=0.00, real=0.00 secs] 
2014.272: [GC (Allocation Failure) [PSYoungGen: 79776K->1408K(80384K)] 449136K->370768K(705536K), 0.0023617 secs] [Times: user=0.01 sys=0.00, real=0.00 secs] 
2014.851: [GC (Allocation Failure) [PSYoungGen: 79744K->1376K(79872K)] 449104K->370736K(705024K), 0.0027535 secs] [Times: user=0.01 sys=0.00, real=0.00 secs] 
2015.486: [GC (Allocation Failure) [PSYoungGen: 79712K->272K(79360K)] 449072K->369632K(704512K), 0.0021547 secs] [Times: user=0.01 sys=0.00, real=0.01 secs] 
2016.393: [GC (Allocation Failure) [PSYoungGen: 78096K->1440K(79872K)] 447456K->370808K(705024K), 0.0020838 secs] [Times: user=0.01 sys=0.00, real=0.00 secs] 
2017.037: [GC (Allocation Failure) [PSYoungGen: 79264K->1408K(79872K)] 448632K->370776K(705024K), 0.0022454 secs] [Times: user=0.01 sys=0.00, real=0.00 secs] 
2017.725: [GC (Allocation Failure) [PSYoungGen: 79232K->1344K(79872K)] 448600K->370712K(705024K), 0.0038290 secs] [Times: user=0.02 sys=0.00, real=0.01 secs] 
2018.723: [GC (Allocation Failure) [PSYoungGen: 79168K->1389K(79872K)] 448536K->370757K(705024K), 0.0015736 secs] [Times: user=0.00 sys=0.00, real=0.00 secs] 
2020.185: [GC (Allocation Failure) [PSYoungGen: 79213K->1408K(79872K)] 448581K->370776K(705024K), 0.0035032 secs] [Times: user=0.01 sys=0.00, real=0.01 secs] 
2021.396: [GC (Allocation Failure) [PSYoungGen: 79232K->1408K(79872K)] 448600K->370776K(705024K), 0.0051630 secs] [Times: user=0.02 sys=0.00, real=0.01 secs] 
2022.586: [GC (Allocation Failure) [PSYoungGen: 79232K->1376K(79872K)] 448600K->370744K(705024K), 0.0051681 secs] [Times: user=0.02 sys=0.00, real=0.01 secs] 
2023.792: [GC (Allocation Failure) [PSYoungGen: 79200K->1888K(79872K)] 448568K->371256K(705024K), 0.0017420 secs] [Times: user=0.01 sys=0.00, real=0.00 secs] 
2024.468: [GC (Allocation Failure) [PSYoungGen: 79712K->1344K(79872K)] 449080K->370712K(705024K), 0.0024815 secs] [Times: user=0.01 sys=0.00, real=0.00 secs] 
2025.178: [GC (Allocation Failure) [PSYoungGen: 79168K->1408K(79872K)] 448536K->370776K(705024K), 0.0034576 secs] [Times: user=0.02 sys=0.00, real=0.00 secs] 
2025.674: [GC (Allocation Failure) [PSYoungGen: 79232K->1376K(79872K)] 448600K->370744K(705024K), 0.0018610 secs] [Times: user=0.01 sys=0.00, real=0.00 secs] 
2026.461: [GC (Allocation Failure) [PSYoungGen: 79200K->1376K(79872K)] 448568K->370744K(705024K), 0.0018571 secs] [Times: user=0.00 sys=0.01, real=0.00 secs] 
2026.822: [GC (Allocation Failure) [PSYoungGen: 79200K->1344K(79872K)] 448568K->370712K(705024K), 0.0017465 secs] [Times: user=0.00 sys=0.00, real=0.00 secs] 
2027.182: [GC (Allocation Failure) [PSYoungGen: 79168K->1344K(79872K)] 448536K->370720K(705024K), 0.0020372 secs] [Times: user=0.01 sys=0.00, real=0.00 secs] 
2027.505: [GC (Allocation Failure) [PSYoungGen: 79168K->1312K(79872K)] 448544K->370688K(705024K), 0.0020162 secs] [Times: user=0.01 sys=0.00, real=0.01 secs] 
2028.894: [GC (Allocation Failure) [PSYoungGen: 79136K->1440K(79872K)] 448512K->370816K(705024K), 0.0033806 secs] [Times: user=0.02 sys=0.00, real=0.01 secs] 
2029.581: [GC (Allocation Failure) [PSYoungGen: 79264K->1408K(79872K)] 448640K->370784K(705024K), 0.0030386 secs] [Times: user=0.02 sys=0.00, real=0.00 secs] 
2030.202: [GC (Allocation Failure) [PSYoungGen: 79232K->1408K(79872K)] 448608K->370784K(705024K), 0.0021644 secs] [Times: user=0.01 sys=0.00, real=0.00 secs] 
2030.549: [GC (Allocation Failure) [PSYoungGen: 79232K->1408K(79872K)] 448608K->370784K(705024K), 0.0018891 secs] [Times: user=0.01 sys=0.00, real=0.00 secs] 
2032.362: [GC (Allocation Failure) [PSYoungGen: 79232K->1440K(79872K)] 448608K->370816K(705024K), 0.0031831 secs] [Times: user=0.01 sys=0.00, real=0.00 secs] 
2033.279: [GC (Allocation Failure) [PSYoungGen: 79264K->1344K(79872K)] 448640K->370720K(705024K), 0.0027015 secs] [Times: user=0.01 sys=0.00, real=0.00 secs] 
2034.346: [GC (Allocation Failure) [PSYoungGen: 79168K->1408K(79872K)] 448544K->370784K(705024K), 0.0026441 secs] [Times: user=0.01 sys=0.00, real=0.01 secs] 
2035.340: [GC (Allocation Failure) [PSYoungGen: 79232K->1360K(79872K)] 448608K->370736K(705024K), 0.0028080 secs] [Times: user=0.01 sys=0.00, real=0.00 secs] 
2036.479: [GC (Allocation Failure) [PSYoungGen: 79184K->1408K(79872K)] 448560K->370784K(705024K), 0.0022509 secs] [Times: user=0.01 sys=0.00, real=0.00 secs] 
2037.192: [GC (Allocation Failure) [PSYoungGen: 79232K->1376K(79360K)] 448608K->370760K(704512K), 0.0025038 secs] [Times: user=0.01 sys=0.00, real=0.00 secs] 
2037.917: [GC (Allocation Failure) [PSYoungGen: 79200K->1376K(79360K)] 448584K->370760K(704512K), 0.0031922 secs] [Times: user=0.01 sys=0.00, real=0.00 secs] 
2039.056: [GC (Allocation Failure) [PSYoungGen: 79200K->1357K(79360K)] 448584K->370741K(704512K), 0.0016166 secs] [Times: user=0.01 sys=0.00, real=0.01 secs] 
2039.556: [GC (Allocation Failure) [PSYoungGen: 79181K->1376K(79360K)] 448565K->370760K(704512K), 0.0021638 secs] [Times: user=0.01 sys=0.00, real=0.01 secs] 
2039.899: [GC (Allocation Failure) [PSYoungGen: 79200K->1376K(79360K)] 448584K->370760K(704512K), 0.0024024 secs] [Times: user=0.01 sys=0.00, real=0.00 secs] 
2040.219: [GC (Allocation Failure) [PSYoungGen: 79200K->1312K(79360K)] 448584K->370696K(704512K), 0.0028473 secs] [Times: user=0.01 sys=0.00, real=0.00 secs] 
2041.109: [GC (Allocation Failure) [PSYoungGen: 79136K->1408K(79360K)] 448520K->370792K(704512K), 0.0032412 secs] [Times: user=0.01 sys=0.00, real=0.00 secs] 
2041.991: [GC (Allocation Failure) [PSYoungGen: 79232K->1376K(79360K)] 448616K->370760K(704512K), 0.0049061 secs] [Times: user=0.02 sys=0.00, real=0.00 secs] 
2042.747: [GC (Allocation Failure) [PSYoungGen: 79200K->1408K(79360K)] 448584K->370792K(704512K), 0.0022439 secs] [Times: user=0.00 sys=0.00, real=0.01 secs] 
2043.401: [GC (Allocation Failure) [PSYoungGen: 79232K->1376K(79360K)] 448616K->370760K(704512K), 0.0023823 secs] [Times: user=0.01 sys=0.00, real=0.00 secs] 
2044.479: [GC (Allocation Failure) [PSYoungGen: 79200K->1440K(79360K)] 448584K->370824K(704512K), 0.0018926 secs] [Times: user=0.01 sys=0.00, real=0.00 secs] 
2044.991: [GC (Allocation Failure) [PSYoungGen: 79264K->1312K(79360K)] 448648K->370696K(704512K), 0.0018381 secs] [Times: user=0.01 sys=0.00, real=0.00 secs] 
2045.629: [GC (Allocation Failure) [PSYoungGen: 79136K->1408K(79360K)] 448520K->370792K(704512K), 0.0020584 secs] [Times: user=0.01 sys=0.00, real=0.00 secs] 
2046.277: [GC (Allocation Failure) [PSYoungGen: 79232K->1376K(79360K)] 448616K->370768K(704512K), 0.0029521 secs] [Times: user=0.02 sys=0.00, real=0.01 secs] 
2047.325: [GC (Allocation Failure) [PSYoungGen: 79200K->1408K(79360K)] 448592K->370800K(704512K), 0.0019408 secs] [Times: user=0.00 sys=0.00, real=0.01 secs] 
2047.987: [GC (Allocation Failure) [PSYoungGen: 79232K->1408K(79360K)] 448624K->370800K(704512K), 0.0031534 secs] [Times: user=0.01 sys=0.00, real=0.00 secs] 
2048.607: [GC (Allocation Failure) [PSYoungGen: 79232K->1376K(79360K)] 448624K->370768K(704512K), 0.0027182 secs] [Times: user=0.01 sys=0.00, real=0.00 secs] 
2049.209: [GC (Allocation Failure) [PSYoungGen: 79200K->1376K(79360K)] 448592K->370768K(704512K), 0.0029058 secs] [Times: user=0.02 sys=0.00, real=0.00 secs] 
2050.462: [GC (Allocation Failure) [PSYoungGen: 79200K->1344K(79360K)] 448592K->370736K(704512K), 0.0034996 secs] [Times: user=0.01 sys=0.00, real=0.00 secs] 
2051.093: [GC (Allocation Failure) [PSYoungGen: 79168K->1376K(79360K)] 448560K->370768K(704512K), 0.0032307 secs] [Times: user=0.01 sys=0.00, real=0.00 secs] 
2051.768: [GC (Allocation Failure) [PSYoungGen: 79200K->1360K(79360K)] 448592K->370752K(704512K), 0.0027418 secs] [Times: user=0.01 sys=0.00, real=0.00 secs] 
2052.608: [GC (Allocation Failure) [PSYoungGen: 79184K->1389K(79360K)] 448576K->370781K(704512K), 0.0019076 secs] [Times: user=0.01 sys=0.00, real=0.00 secs] 
2053.637: [GC (Allocation Failure) [PSYoungGen: 79213K->1376K(79360K)] 448605K->370776K(704512K), 0.0020653 secs] [Times: user=0.00 sys=0.00, real=0.00 secs] 
2054.135: [GC (Allocation Failure) [PSYoungGen: 79200K->1408K(79360K)] 448600K->370808K(704512K), 0.0021739 secs] [Times: user=0.01 sys=0.00, real=0.01 secs] 
2054.459: [GC (Allocation Failure) [PSYoungGen: 79232K->1392K(79360K)] 448632K->370792K(704512K), 0.0021748 secs] [Times: user=0.01 sys=0.00, real=0.00 secs] 
2055.436: [GC (Allocation Failure) [PSYoungGen: 79216K->224K(78848K)] 448616K->369632K(704000K), 0.0015570 secs] [Times: user=0.00 sys=0.00, real=0.01 secs] 
2056.103: [GC (Allocation Failure) [PSYoungGen: 77536K->1408K(79360K)] 446944K->370824K(704512K), 0.0044116 secs] [Times: user=0.02 sys=0.00, real=0.01 secs] 
2056.735: [GC (Allocation Failure) [PSYoungGen: 78720K->1408K(79360K)] 448136K->370824K(704512K), 0.0027922 secs] [Times: user=0.01 sys=0.00, real=0.01 secs] 
2057.362: [GC (Allocation Failure) [PSYoungGen: 78720K->1376K(79360K)] 448136K->370792K(704512K), 0.0026113 secs] [Times: user=0.01 sys=0.00, real=0.00 secs] 
2058.410: [GC (Allocation Failure) [PSYoungGen: 78688K->1408K(79360K)] 448104K->370824K(704512K), 0.0017044 secs] [Times: user=0.01 sys=0.00, real=0.00 secs] 
2059.078: [GC (Allocation Failure) [PSYoungGen: 78720K->1408K(79360K)] 448136K->370824K(704512K), 0.0022325 secs] [Times: user=0.01 sys=0.00, real=0.00 secs] 
2059.644: [GC (Allocation Failure) [PSYoungGen: 78720K->1376K(79360K)] 448136K->370792K(704512K), 0.0021058 secs] [Times: user=0.01 sys=0.00, real=0.00 secs] 
2059.966: [GC (Allocation Failure) [PSYoungGen: 78688K->1360K(79360K)] 448104K->370776K(704512K), 0.0021190 secs] [Times: user=0.01 sys=0.00, real=0.01 secs] 
2060.902: [GC (Allocation Failure) [PSYoungGen: 78672K->1408K(79360K)] 448088K->370832K(704512K), 0.0018143 secs] [Times: user=0.01 sys=0.00, real=0.00 secs] 
2061.862: [GC (Allocation Failure) [PSYoungGen: 78720K->1344K(79360K)] 448144K->370768K(704512K), 0.0021767 secs] [Times: user=0.01 sys=0.00, real=0.00 secs] 
2062.804: [GC (Allocation Failure) [PSYoungGen: 78656K->1392K(79360K)] 448080K->370816K(704512K), 0.0027666 secs] [Times: user=0.01 sys=0.00, real=0.00 secs] 
2063.525: [GC (Allocation Failure) [PSYoungGen: 78704K->1392K(79360K)] 448128K->370816K(704512K), 0.0027024 secs] [Times: user=0.01 sys=0.00, real=0.01 secs] 
2065.567: [GC (Allocation Failure) [PSYoungGen: 78704K->1408K(79360K)] 448128K->370832K(704512K), 0.0030914 secs] [Times: user=0.01 sys=0.00, real=0.01 secs] 
2066.486: [GC (Allocation Failure) [PSYoungGen: 78720K->1408K(79360K)] 448144K->370832K(704512K), 0.0031377 secs] [Times: user=0.02 sys=0.00, real=0.01 secs] 
2067.308: [GC (Allocation Failure) [PSYoungGen: 78720K->1408K(79360K)] 448144K->370832K(704512K), 0.0031873 secs] [Times: user=0.01 sys=0.00, real=0.00 secs] 
2068.169: [GC (Allocation Failure) [PSYoungGen: 78720K->1408K(79360K)] 448144K->370840K(704512K), 0.0030731 secs] [Times: user=0.01 sys=0.00, real=0.00 secs] 
2069.186: [GC (Allocation Failure) [PSYoungGen: 78720K->1408K(79360K)] 448152K->370840K(704512K), 0.0017848 secs] [Times: user=0.01 sys=0.00, real=0.01 secs] 
2069.623: [GC (Allocation Failure) [PSYoungGen: 78720K->1376K(79360K)] 448152K->370808K(704512K), 0.0019744 secs] [Times: user=0.01 sys=0.00, real=0.00 secs] 
2069.960: [GC (Allocation Failure) [PSYoungGen: 78688K->1344K(78848K)] 448120K->370776K(704000K), 0.0019821 secs] [Times: user=0.00 sys=0.00, real=0.00 secs] 
2070.335: [GC (Allocation Failure) [PSYoungGen: 78656K->1376K(78848K)] 448088K->370808K(704000K), 0.0020268 secs] [Times: user=0.01 sys=0.00, real=0.00 secs] 
2071.185: [GC (Allocation Failure) [PSYoungGen: 78688K->416K(78336K)] 448120K->370872K(703488K), 0.0018501 secs] [Times: user=0.01 sys=0.00, real=0.00 secs] 
2071.556: [GC (Allocation Failure) [PSYoungGen: 77728K->352K(79360K)] 448184K->370808K(704512K), 0.0020333 secs] [Times: user=0.01 sys=0.00, real=0.01 secs] 
2071.878: [GC (Allocation Failure) [PSYoungGen: 77664K->352K(79360K)] 448120K->370808K(704512K), 0.0019895 secs] [Times: user=0.01 sys=0.00, real=0.00 secs] 
2072.482: [GC (Allocation Failure) [PSYoungGen: 77664K->1357K(79360K)] 448120K->371813K(704512K), 0.0016369 secs] [Times: user=0.01 sys=0.00, real=0.00 secs] 
2073.498: [GC (Allocation Failure) [PSYoungGen: 78669K->1408K(79360K)] 449125K->371864K(704512K), 0.0019074 secs] [Times: user=0.01 sys=0.00, real=0.00 secs] 
2074.272: [GC (Allocation Failure) [PSYoungGen: 78720K->1408K(79360K)] 449176K->371864K(704512K), 0.0021961 secs] [Times: user=0.01 sys=0.00, real=0.00 secs] 
2074.646: [GC (Allocation Failure) [PSYoungGen: 78720K->1376K(79360K)] 449176K->371832K(704512K), 0.0020012 secs] [Times: user=0.01 sys=0.00, real=0.01 secs] 
2075.518: [GC (Allocation Failure) [PSYoungGen: 78688K->1552K(79360K)] 449144K->372016K(704512K), 0.0020349 secs] [Times: user=0.01 sys=0.00, real=0.00 secs] 
2076.109: [GC (Allocation Failure) [PSYoungGen: 78864K->1344K(79360K)] 449328K->371808K(704512K), 0.0026644 secs] [Times: user=0.01 sys=0.00, real=0.00 secs] 
2076.819: [GC (Allocation Failure) [PSYoungGen: 78656K->1376K(79360K)] 449120K->371840K(704512K), 0.0028276 secs] [Times: user=0.01 sys=0.00, real=0.00 secs] 
2077.744: [GC (Allocation Failure) [PSYoungGen: 78688K->1376K(79360K)] 449152K->371840K(704512K), 0.0088292 secs] [Times: user=0.03 sys=0.00, real=0.01 secs] 
2079.040: [GC (Allocation Failure) [PSYoungGen: 78688K->1376K(79360K)] 449152K->371840K(704512K), 0.0018375 secs] [Times: user=0.01 sys=0.00, real=0.00 secs] 
2079.847: [GC (Allocation Failure) [PSYoungGen: 78688K->1376K(79360K)] 449152K->371840K(704512K), 0.0018505 secs] [Times: user=0.01 sys=0.00, real=0.01 secs] 
2080.515: [GC (Allocation Failure) [PSYoungGen: 78688K->1408K(79360K)] 449152K->371872K(704512K), 0.0020120 secs] [Times: user=0.01 sys=0.00, real=0.01 secs] 
2081.481: [GC (Allocation Failure) [PSYoungGen: 78720K->1376K(79360K)] 449184K->371840K(704512K), 0.0026436 secs] [Times: user=0.01 sys=0.00, real=0.00 secs] 
2082.597: [GC (Allocation Failure) [PSYoungGen: 78688K->1376K(79360K)] 449152K->371840K(704512K), 0.0018855 secs] [Times: user=0.01 sys=0.00, real=0.00 secs] 
2082.919: [GC (Allocation Failure) [PSYoungGen: 78688K->1376K(79360K)] 449152K->371840K(704512K), 0.0018470 secs] [Times: user=0.01 sys=0.00, real=0.00 secs] 
2083.240: [GC (Allocation Failure) [PSYoungGen: 78688K->1376K(79360K)] 449152K->371840K(704512K), 0.0018890 secs] [Times: user=0.01 sys=0.00, real=0.00 secs] 
2083.838: [GC (Allocation Failure) [PSYoungGen: 78688K->1344K(79360K)] 449152K->371808K(704512K), 0.0020128 secs] [Times: user=0.01 sys=0.00, real=0.00 secs] 
2084.908: [GC (Allocation Failure) [PSYoungGen: 78656K->1408K(79360K)] 449120K->371880K(704512K), 0.0020220 secs] [Times: user=0.01 sys=0.00, real=0.00 secs] 
2085.762: [GC (Allocation Failure) [PSYoungGen: 78720K->1376K(79360K)] 449192K->371848K(704512K), 0.0027080 secs] [Times: user=0.01 sys=0.00, real=0.00 secs] 
2086.413: [GC (Allocation Failure) [PSYoungGen: 78688K->1376K(79360K)] 449160K->371856K(704512K), 0.0024262 secs] [Times: user=0.01 sys=0.00, real=0.00 secs] 
2087.132: [GC (Allocation Failure) [PSYoungGen: 78688K->1408K(79360K)] 449168K->371888K(704512K), 0.0024488 secs] [Times: user=0.01 sys=0.00, real=0.00 secs] 
2088.957: [GC (Allocation Failure) [PSYoungGen: 78720K->1408K(79360K)] 449200K->371888K(704512K), 0.0034897 secs] [Times: user=0.01 sys=0.00, real=0.00 secs] 
2089.787: [GC (Allocation Failure) [PSYoungGen: 78720K->1344K(79360K)] 449200K->371824K(704512K), 0.0029898 secs] [Times: user=0.01 sys=0.00, real=0.00 secs] 
2090.654: [GC (Allocation Failure) [PSYoungGen: 78656K->1376K(79360K)] 449136K->371856K(704512K), 0.0028174 secs] [Times: user=0.01 sys=0.00, real=0.00 secs] 
2091.487: [GC (Allocation Failure) [PSYoungGen: 78688K->1408K(79360K)] 449168K->371888K(704512K), 0.0024455 secs] [Times: user=0.00 sys=0.00, real=0.00 secs] 
2092.655: [GC (Allocation Failure) [PSYoungGen: 78720K->1376K(79360K)] 449200K->371856K(704512K), 0.0020616 secs] [Times: user=0.01 sys=0.00, real=0.01 secs] 
2093.726: [GC (Allocation Failure) [PSYoungGen: 78688K->1408K(79360K)] 449168K->371888K(704512K), 0.0025529 secs] [Times: user=0.01 sys=0.00, real=0.01 secs] 
2094.818: [GC (Allocation Failure) [PSYoungGen: 78720K->1408K(79360K)] 449200K->371888K(704512K), 0.0028268 secs] [Times: user=0.01 sys=0.00, real=0.00 secs] 
2096.028: [GC (Allocation Failure) [PSYoungGen: 78720K->1357K(79360K)] 449200K->371837K(704512K), 0.0015886 secs] [Times: user=0.00 sys=0.00, real=0.00 secs] 
2096.784: [GC (Allocation Failure) [PSYoungGen: 78669K->1344K(78848K)] 449149K->371824K(704000K), 0.0021320 secs] [Times: user=0.01 sys=0.00, real=0.00 secs] 
2097.106: [GC (Allocation Failure) [PSYoungGen: 78656K->1408K(78848K)] 449136K->371888K(704000K), 0.0021298 secs] [Times: user=0.01 sys=0.00, real=0.01 secs] 
2097.499: [GC (Allocation Failure) [PSYoungGen: 78720K->1344K(78848K)] 449200K->371824K(704000K), 0.0019566 secs] [Times: user=0.01 sys=0.00, real=0.00 secs] 
2098.279: [GC (Allocation Failure) [PSYoungGen: 78656K->1504K(78336K)] 449136K->372088K(703488K), 0.0069675 secs] [Times: user=0.03 sys=0.00, real=0.00 secs] 
2098.600: [GC (Allocation Failure) [PSYoungGen: 78304K->1280K(78848K)] 448888K->371864K(704000K), 0.0016795 secs] [Times: user=0.01 sys=0.00, real=0.00 secs] 
2098.918: [GC (Allocation Failure) [PSYoungGen: 78080K->1280K(78848K)] 448664K->371864K(704000K), 0.0015902 secs] [Times: user=0.01 sys=0.00, real=0.00 secs] 
2099.236: [GC (Allocation Failure) [PSYoungGen: 78080K->1312K(78848K)] 448664K->371896K(704000K), 0.0017942 secs] [Times: user=0.00 sys=0.00, real=0.01 secs] 
2100.048: [GC (Allocation Failure) [PSYoungGen: 78112K->1440K(78848K)] 448696K->373048K(704000K), 0.0018346 secs] [Times: user=0.01 sys=0.00, real=0.00 secs] 
2100.756: [GC (Allocation Failure) [PSYoungGen: 78240K->1408K(78848K)] 449848K->373016K(704000K), 0.0023018 secs] [Times: user=0.01 sys=0.00, real=0.01 secs] 
2101.687: [GC (Allocation Failure) [PSYoungGen: 78208K->1392K(78848K)] 449816K->373000K(704000K), 0.0031413 secs] [Times: user=0.01 sys=0.00, real=0.00 secs] 
2102.578: [GC (Allocation Failure) [PSYoungGen: 78192K->1408K(78848K)] 449800K->373016K(704000K), 0.0030667 secs] [Times: user=0.01 sys=0.00, real=0.00 secs] 
2103.919: [GC (Allocation Failure) [PSYoungGen: 78208K->1392K(78848K)] 449816K->373000K(704000K), 0.0016680 secs] [Times: user=0.00 sys=0.00, real=0.00 secs] 
2104.393: [GC (Allocation Failure) [PSYoungGen: 78192K->1376K(78336K)] 449800K->372984K(703488K), 0.0026867 secs] [Times: user=0.01 sys=0.00, real=0.00 secs] 
2105.039: [GC (Allocation Failure) [PSYoungGen: 78176K->1392K(78336K)] 449784K->373008K(703488K), 0.0043627 secs] [Times: user=0.02 sys=0.00, real=0.00 secs] 
2105.761: [GC (Allocation Failure) [PSYoungGen: 78192K->1408K(78336K)] 449808K->373024K(703488K), 0.0026677 secs] [Times: user=0.02 sys=0.00, real=0.00 secs] 
2107.148: [GC (Allocation Failure) [PSYoungGen: 78208K->1440K(78336K)] 449824K->373056K(703488K), 0.0026532 secs] [Times: user=0.00 sys=0.00, real=0.00 secs] 
2107.966: [GC (Allocation Failure) [PSYoungGen: 78240K->1408K(78336K)] 449856K->373024K(703488K), 0.0030743 secs] [Times: user=0.01 sys=0.00, real=0.01 secs] 
2108.617: [GC (Allocation Failure) [PSYoungGen: 78208K->1392K(78336K)] 449824K->373008K(703488K), 0.0023234 secs] [Times: user=0.01 sys=0.00, real=0.01 secs] 
2109.254: [GC (Allocation Failure) [PSYoungGen: 78192K->1376K(78336K)] 449808K->373016K(703488K), 0.0024324 secs] [Times: user=0.01 sys=0.00, real=0.00 secs] 
2110.605: [GC (Allocation Failure) [PSYoungGen: 78176K->1376K(78336K)] 449816K->373016K(703488K), 0.0037210 secs] [Times: user=0.01 sys=0.01, real=0.01 secs] 
2111.492: [GC (Allocation Failure) [PSYoungGen: 78176K->1376K(78336K)] 449816K->373016K(703488K), 0.0025218 secs] [Times: user=0.01 sys=0.00, real=0.00 secs] 
2112.331: [GC (Allocation Failure) [PSYoungGen: 78176K->1376K(78336K)] 449816K->373016K(703488K), 0.0020197 secs] [Times: user=0.01 sys=0.00, real=0.00 secs] 
2113.185: [GC (Allocation Failure) [PSYoungGen: 78176K->1344K(78336K)] 449816K->372984K(703488K), 0.0020603 secs] [Times: user=0.01 sys=0.00, real=0.00 secs] 
2114.466: [GC (Allocation Failure) [PSYoungGen: 78144K->1408K(78336K)] 449784K->373048K(703488K), 0.0033339 secs] [Times: user=0.01 sys=0.00, real=0.01 secs] 
2115.422: [GC (Allocation Failure) [PSYoungGen: 78208K->1376K(78336K)] 449848K->373016K(703488K), 0.0038712 secs] [Times: user=0.02 sys=0.00, real=0.00 secs] 
2116.591: [GC (Allocation Failure) [PSYoungGen: 78176K->1376K(78336K)] 449816K->373016K(703488K), 0.0043247 secs] [Times: user=0.02 sys=0.01, real=0.00 secs] 
2117.863: [GC (Allocation Failure) [PSYoungGen: 78033K->272K(78336K)] 449673K->371912K(703488K), 0.0036843 secs] [Times: user=0.02 sys=0.00, real=0.01 secs] 
2119.026: [GC (Allocation Failure) [PSYoungGen: 77072K->1440K(78848K)] 448712K->373080K(704000K), 0.0043687 secs] [Times: user=0.02 sys=0.00, real=0.01 secs] 
2119.635: [GC (Allocation Failure) [PSYoungGen: 78240K->1376K(78848K)] 449880K->373024K(704000K), 0.0031617 secs] [Times: user=0.02 sys=0.00, real=0.01 secs] 
2120.251: [GC (Allocation Failure) [PSYoungGen: 78176K->1408K(78848K)] 449824K->373056K(704000K), 0.0027529 secs] [Times: user=0.01 sys=0.00, real=0.00 secs] 
2121.195: [GC (Allocation Failure) [PSYoungGen: 78208K->1389K(78848K)] 449856K->373037K(704000K), 0.0019516 secs] [Times: user=0.01 sys=0.00, real=0.00 secs] 
2122.128: [GC (Allocation Failure) [PSYoungGen: 78189K->1440K(78848K)] 449837K->373088K(704000K), 0.0019416 secs] [Times: user=0.01 sys=0.00, real=0.00 secs] 
2122.747: [GC (Allocation Failure) [PSYoungGen: 78240K->1376K(78848K)] 449888K->373024K(704000K), 0.0029115 secs] [Times: user=0.01 sys=0.00, real=0.00 secs] 
2123.056: [GC (Allocation Failure) [PSYoungGen: 78176K->1376K(78848K)] 449824K->373024K(704000K), 0.0018975 secs] [Times: user=0.01 sys=0.00, real=0.01 secs] 
2123.793: [GC (Allocation Failure) [PSYoungGen: 78176K->1408K(78848K)] 449824K->373064K(704000K), 0.0016016 secs] [Times: user=0.01 sys=0.00, real=0.00 secs] 
2124.768: [GC (Allocation Failure) [PSYoungGen: 78208K->1376K(78848K)] 449864K->373032K(704000K), 0.0024507 secs] [Times: user=0.01 sys=0.01, real=0.00 secs] 
2125.577: [GC (Allocation Failure) [PSYoungGen: 78176K->1408K(78848K)] 449832K->373064K(704000K), 0.0050258 secs] [Times: user=0.02 sys=0.00, real=0.00 secs] 
2126.440: [GC (Allocation Failure) [PSYoungGen: 78208K->1344K(78848K)] 449864K->373000K(704000K), 0.0030694 secs] [Times: user=0.02 sys=0.00, real=0.00 secs] 
2128.432: [GC (Allocation Failure) [PSYoungGen: 78144K->1440K(78848K)] 449800K->373096K(704000K), 0.0025205 secs] [Times: user=0.01 sys=0.00, real=0.00 secs] 
2129.372: [GC (Allocation Failure) [PSYoungGen: 78240K->1344K(78848K)] 449896K->373008K(704000K), 0.0031217 secs] [Times: user=0.01 sys=0.00, real=0.00 secs] 
2130.524: [GC (Allocation Failure) [PSYoungGen: 78144K->1376K(78848K)] 449808K->373040K(704000K), 0.0034463 secs] [Times: user=0.01 sys=0.00, real=0.01 secs] 
2131.334: [GC (Allocation Failure) [PSYoungGen: 78176K->1408K(78848K)] 449840K->373072K(704000K), 0.0030594 secs] [Times: user=0.01 sys=0.00, real=0.01 secs] 
2132.780: [GC (Allocation Failure) [PSYoungGen: 78208K->1408K(78848K)] 449872K->373072K(704000K), 0.0022454 secs] [Times: user=0.01 sys=0.00, real=0.00 secs] 
2133.678: [GC (Allocation Failure) [PSYoungGen: 78208K->1376K(78848K)] 449872K->373040K(704000K), 0.0022945 secs] [Times: user=0.01 sys=0.00, real=0.00 secs] 
2134.669: [GC (Allocation Failure) [PSYoungGen: 78176K->1376K(78336K)] 449840K->373040K(703488K), 0.0022054 secs] [Times: user=0.00 sys=0.00, real=0.00 secs] 
2135.660: [GC (Allocation Failure) [PSYoungGen: 78176K->1408K(78336K)] 449840K->373072K(703488K), 0.0023421 secs] [Times: user=0.01 sys=0.00, real=0.00 secs] 
2137.234: [GC (Allocation Failure) [PSYoungGen: 78208K->1440K(78336K)] 449872K->373104K(703488K), 0.0019048 secs] [Times: user=0.01 sys=0.00, real=0.00 secs] 
2138.611: [GC (Allocation Failure) [PSYoungGen: 78240K->1376K(78336K)] 449904K->373040K(703488K), 0.0029890 secs] [Times: user=0.01 sys=0.00, real=0.00 secs] 
2139.400: [GC (Allocation Failure) [PSYoungGen: 78176K->1376K(78336K)] 449840K->373040K(703488K), 0.0032441 secs] [Times: user=0.01 sys=0.00, real=0.00 secs] 
2140.077: [GC (Allocation Failure) [PSYoungGen: 78176K->1408K(78336K)] 449840K->373072K(703488K), 0.0022832 secs] [Times: user=0.01 sys=0.00, real=0.00 secs] 
2141.151: [GC (Allocation Failure) [PSYoungGen: 78208K->1440K(78336K)] 449872K->373112K(703488K), 0.0018147 secs] [Times: user=0.00 sys=0.00, real=0.00 secs] 
2141.931: [GC (Allocation Failure) [PSYoungGen: 78240K->1408K(78336K)] 449912K->373080K(703488K), 0.0035776 secs] [Times: user=0.02 sys=0.00, real=0.00 secs] 
2142.498: [GC (Allocation Failure) [PSYoungGen: 78208K->1344K(78336K)] 449880K->373016K(703488K), 0.0024580 secs] [Times: user=0.00 sys=0.00, real=0.00 secs] 
2143.535: [GC (Allocation Failure) [PSYoungGen: 78144K->1408K(78336K)] 449816K->373088K(703488K), 0.0040055 secs] [Times: user=0.02 sys=0.00, real=0.01 secs] 
2145.544: [GC (Allocation Failure) [PSYoungGen: 78208K->1440K(78336K)] 449888K->373120K(703488K), 0.0032677 secs] [Times: user=0.01 sys=0.00, real=0.01 secs] 
2146.146: [GC (Allocation Failure) [PSYoungGen: 78240K->1344K(78336K)] 449920K->373024K(703488K), 0.0019791 secs] [Times: user=0.01 sys=0.00, real=0.01 secs] 
2146.745: [GC (Allocation Failure) [PSYoungGen: 78144K->1344K(78336K)] 449824K->373024K(703488K), 0.0020095 secs] [Times: user=0.01 sys=0.00, real=0.01 secs] 
2147.404: [GC (Allocation Failure) [PSYoungGen: 78144K->1408K(78336K)] 449824K->373088K(703488K), 0.0022387 secs] [Times: user=0.01 sys=0.00, real=0.00 secs] 
2148.515: [GC (Allocation Failure) [PSYoungGen: 78208K->1376K(78336K)] 449888K->373056K(703488K), 0.0017826 secs] [Times: user=0.00 sys=0.00, real=0.01 secs] 
2149.264: [GC (Allocation Failure) [PSYoungGen: 78176K->1376K(78336K)] 449856K->373064K(703488K), 0.0033057 secs] [Times: user=0.01 sys=0.00, real=0.01 secs] 
2150.037: [GC (Allocation Failure) [PSYoungGen: 78176K->1408K(78336K)] 449864K->373096K(703488K), 0.0028012 secs] [Times: user=0.01 sys=0.00, real=0.00 secs] 
2151.078: [GC (Allocation Failure) [PSYoungGen: 78208K->1392K(78336K)] 449896K->373080K(703488K), 0.0016606 secs] [Times: user=0.00 sys=0.00, real=0.00 secs] 
2151.925: [GC (Allocation Failure) [PSYoungGen: 78192K->1376K(78336K)] 449880K->373064K(703488K), 0.0026135 secs] [Times: user=0.01 sys=0.00, real=0.01 secs] 
2152.245: [GC (Allocation Failure) [PSYoungGen: 78176K->1408K(78336K)] 449864K->373096K(703488K), 0.0021245 secs] [Times: user=0.00 sys=0.00, real=0.01 secs] 
2152.710: [GC (Allocation Failure) [PSYoungGen: 78208K->1376K(78336K)] 449896K->373064K(703488K), 0.0020524 secs] [Times: user=0.01 sys=0.00, real=0.00 secs] 
2153.696: [GC (Allocation Failure) [PSYoungGen: 78176K->1328K(78336K)] 449864K->373024K(703488K), 0.0015456 secs] [Times: user=0.01 sys=0.00, real=0.01 secs] 
2154.921: [GC (Allocation Failure) [PSYoungGen: 78128K->1408K(78336K)] 449824K->373104K(703488K), 0.0028529 secs] [Times: user=0.01 sys=0.00, real=0.00 secs] 
2155.634: [GC (Allocation Failure) [PSYoungGen: 78208K->1408K(78336K)] 449904K->373104K(703488K), 0.0026169 secs] [Times: user=0.01 sys=0.00, real=0.00 secs] 
2156.122: [GC (Allocation Failure) [PSYoungGen: 78208K->1408K(78336K)] 449904K->373104K(703488K), 0.0021402 secs] [Times: user=0.01 sys=0.00, real=0.00 secs] 
2157.051: [GC (Allocation Failure) [PSYoungGen: 78208K->1424K(78336K)] 449904K->373640K(703488K), 0.0016752 secs] [Times: user=0.01 sys=0.00, real=0.00 secs] 
2157.686: [GC (Allocation Failure) [PSYoungGen: 78224K->1344K(78336K)] 450440K->373560K(703488K), 0.0018963 secs] [Times: user=0.01 sys=0.00, real=0.01 secs] 
2158.385: [GC (Allocation Failure) [PSYoungGen: 78144K->1408K(78336K)] 450360K->373624K(703488K), 0.0028117 secs] [Times: user=0.01 sys=0.00, real=0.01 secs] 
2159.046: [GC (Allocation Failure) [PSYoungGen: 78208K->1376K(78336K)] 450424K->373592K(703488K), 0.0032471 secs] [Times: user=0.01 sys=0.00, real=0.01 secs] 
2160.115: [GC (Allocation Failure) [PSYoungGen: 78176K->1408K(78336K)] 450392K->373632K(703488K), 0.0047861 secs] [Times: user=0.02 sys=0.00, real=0.01 secs] 
2160.798: [GC (Allocation Failure) [PSYoungGen: 78208K->1376K(78336K)] 450432K->373600K(703488K), 0.0020689 secs] [Times: user=0.01 sys=0.00, real=0.00 secs] 
2161.460: [GC (Allocation Failure) [PSYoungGen: 78176K->1344K(78336K)] 450400K->373568K(703488K), 0.0027765 secs] [Times: user=0.01 sys=0.00, real=0.00 secs] 
2162.166: [GC (Allocation Failure) [PSYoungGen: 78144K->1408K(78336K)] 450368K->373632K(703488K), 0.0024734 secs] [Times: user=0.00 sys=0.00, real=0.01 secs] 
2163.481: [GC (Allocation Failure) [PSYoungGen: 78208K->1408K(78336K)] 450432K->373632K(703488K), 0.0019665 secs] [Times: user=0.01 sys=0.00, real=0.00 secs] 
2164.424: [GC (Allocation Failure) [PSYoungGen: 78208K->1376K(78336K)] 450432K->373600K(703488K), 0.0023605 secs] [Times: user=0.01 sys=0.00, real=0.00 secs] 
2164.828: [GC (Allocation Failure) [PSYoungGen: 78176K->1376K(78336K)] 450400K->373600K(703488K), 0.0020944 secs] [Times: user=0.01 sys=0.00, real=0.00 secs] 
2165.148: [GC (Allocation Failure) [PSYoungGen: 78176K->1376K(78336K)] 450400K->373600K(703488K), 0.0024801 secs] [Times: user=0.01 sys=0.00, real=0.00 secs] 
2166.015: [GC (Allocation Failure) [PSYoungGen: 78176K->1408K(78336K)] 450400K->373640K(703488K), 0.0018399 secs] [Times: user=0.01 sys=0.00, real=0.00 secs] 
2166.360: [GC (Allocation Failure) [PSYoungGen: 78208K->1344K(78336K)] 450440K->373576K(703488K), 0.0017707 secs] [Times: user=0.01 sys=0.00, real=0.00 secs] 
2166.736: [GC (Allocation Failure) [PSYoungGen: 78144K->1344K(78336K)] 450376K->373576K(703488K), 0.0018482 secs] [Times: user=0.01 sys=0.00, real=0.01 secs] 
2167.056: [GC (Allocation Failure) [PSYoungGen: 78144K->1408K(78336K)] 450376K->373640K(703488K), 0.0026971 secs] [Times: user=0.02 sys=0.00, real=0.01 secs] 
2169.177: [GC (Allocation Failure) [PSYoungGen: 78208K->1440K(78336K)] 450440K->373672K(703488K), 0.0031702 secs] [Times: user=0.01 sys=0.00, real=0.00 secs] 
2169.865: [GC (Allocation Failure) [PSYoungGen: 78240K->1408K(78336K)] 450472K->373640K(703488K), 0.0025810 secs] [Times: user=0.01 sys=0.00, real=0.01 secs] 
2170.780: [GC (Allocation Failure) [PSYoungGen: 78208K->1344K(78336K)] 450440K->373576K(703488K), 0.0038706 secs] [Times: user=0.02 sys=0.00, real=0.00 secs] 
2171.831: [GC (Allocation Failure) [PSYoungGen: 78144K->1376K(78336K)] 450376K->373608K(703488K), 0.0041887 secs] [Times: user=0.02 sys=0.00, real=0.00 secs] 
2172.968: [GC (Allocation Failure) [PSYoungGen: 78176K->1440K(78336K)] 450408K->373672K(703488K), 0.0023776 secs] [Times: user=0.01 sys=0.00, real=0.00 secs] 
2173.522: [GC (Allocation Failure) [PSYoungGen: 78240K->1408K(78336K)] 450472K->373640K(703488K), 0.0025768 secs] [Times: user=0.01 sys=0.00, real=0.00 secs] 
2174.200: [GC (Allocation Failure) [PSYoungGen: 78208K->1312K(78336K)] 450440K->373552K(703488K), 0.0024558 secs] [Times: user=0.01 sys=0.00, real=0.00 secs] 
2175.527: [GC (Allocation Failure) [PSYoungGen: 78112K->1360K(78336K)] 450352K->373608K(703488K), 0.0020466 secs] [Times: user=0.01 sys=0.00, real=0.00 secs] 
2177.061: [GC (Allocation Failure) [PSYoungGen: 78160K->1408K(78336K)] 450408K->373656K(703488K), 0.0030420 secs] [Times: user=0.01 sys=0.00, real=0.00 secs] 
2178.403: [GC (Allocation Failure) [PSYoungGen: 78208K->1344K(78336K)] 450456K->373600K(703488K), 0.0036252 secs] [Times: user=0.01 sys=0.00, real=0.01 secs] 
2179.649: [GC (Allocation Failure) [PSYoungGen: 78144K->1344K(78336K)] 450400K->373600K(703488K), 0.0043417 secs] [Times: user=0.01 sys=0.00, real=0.00 secs] 
2180.886: [GC (Allocation Failure) [PSYoungGen: 78144K->1389K(78336K)] 450400K->373645K(703488K), 0.0016624 secs] [Times: user=0.01 sys=0.00, real=0.01 secs] 
2181.755: [GC (Allocation Failure) [PSYoungGen: 78189K->1376K(78336K)] 450445K->373632K(703488K), 0.0050222 secs] [Times: user=0.02 sys=0.00, real=0.01 secs] 
2182.504: [GC (Allocation Failure) [PSYoungGen: 78176K->1376K(78336K)] 450432K->373632K(703488K), 0.0028696 secs] [Times: user=0.02 sys=0.00, real=0.01 secs] 
2183.577: [GC (Allocation Failure) [PSYoungGen: 78176K->1408K(78336K)] 450432K->373664K(703488K), 0.0032835 secs] [Times: user=0.02 sys=0.00, real=0.00 secs] 
2185.055: [GC (Allocation Failure) [PSYoungGen: 78208K->1392K(78336K)] 450464K->374160K(703488K), 0.0016431 secs] [Times: user=0.00 sys=0.00, real=0.01 secs] 
2185.763: [GC (Allocation Failure) [PSYoungGen: 78192K->1376K(78336K)] 450960K->374152K(703488K), 0.0022223 secs] [Times: user=0.01 sys=0.00, real=0.00 secs] 
2186.421: [GC (Allocation Failure) [PSYoungGen: 78176K->1376K(78336K)] 450952K->374152K(703488K), 0.0021599 secs] [Times: user=0.01 sys=0.00, real=0.00 secs] 
2186.770: [GC (Allocation Failure) [PSYoungGen: 78176K->1344K(78336K)] 450952K->374120K(703488K), 0.0018398 secs] [Times: user=0.01 sys=0.00, real=0.00 secs] 
2187.690: [GC (Allocation Failure) [PSYoungGen: 78144K->1408K(78336K)] 450920K->374184K(703488K), 0.0018458 secs] [Times: user=0.00 sys=0.00, real=0.00 secs] 
2188.437: [GC (Allocation Failure) [PSYoungGen: 78208K->1344K(78336K)] 450984K->374120K(703488K), 0.0021221 secs] [Times: user=0.01 sys=0.00, real=0.01 secs] 
2189.053: [GC (Allocation Failure) [PSYoungGen: 78144K->1408K(78336K)] 450920K->374184K(703488K), 0.0019594 secs] [Times: user=0.01 sys=0.00, real=0.00 secs] 
2189.372: [GC (Allocation Failure) [PSYoungGen: 78208K->1344K(78336K)] 450984K->374136K(703488K), 0.0020813 secs] [Times: user=0.01 sys=0.00, real=0.00 secs] 
2190.359: [GC (Allocation Failure) [PSYoungGen: 78144K->1360K(78336K)] 450936K->374152K(703488K), 0.0020100 secs] [Times: user=0.01 sys=0.00, real=0.00 secs] 
2191.041: [GC (Allocation Failure) [PSYoungGen: 78160K->1376K(78336K)] 450952K->374168K(703488K), 0.0019690 secs] [Times: user=0.01 sys=0.00, real=0.00 secs] 
2191.699: [GC (Allocation Failure) [PSYoungGen: 78176K->1376K(78336K)] 450968K->374168K(703488K), 0.0023551 secs] [Times: user=0.01 sys=0.00, real=0.00 secs] 
2192.019: [GC (Allocation Failure) [PSYoungGen: 78176K->1376K(78336K)] 450968K->374168K(703488K), 0.0020132 secs] [Times: user=0.01 sys=0.00, real=0.00 secs] 
2193.018: [GC (Allocation Failure) [PSYoungGen: 78176K->1440K(78336K)] 450968K->374232K(703488K), 0.0018521 secs] [Times: user=0.01 sys=0.00, real=0.00 secs] 
2193.454: [GC (Allocation Failure) [PSYoungGen: 78240K->1344K(78336K)] 451032K->374136K(703488K), 0.0020085 secs] [Times: user=0.00 sys=0.00, real=0.00 secs] 
2193.783: [GC (Allocation Failure) [PSYoungGen: 78144K->1376K(78336K)] 450936K->374168K(703488K), 0.0019619 secs] [Times: user=0.01 sys=0.00, real=0.00 secs] 
2194.102: [GC (Allocation Failure) [PSYoungGen: 78176K->1312K(78336K)] 450968K->374112K(703488K), 0.0020584 secs] [Times: user=0.00 sys=0.00, real=0.00 secs] 
2196.178: [GC (Allocation Failure) [PSYoungGen: 78112K->1440K(78336K)] 450912K->374240K(703488K), 0.0074916 secs] [Times: user=0.03 sys=0.00, real=0.00 secs] 
2197.751: [GC (Allocation Failure) [PSYoungGen: 78240K->1408K(78336K)] 451040K->374208K(703488K), 0.0035363 secs] [Times: user=0.02 sys=0.00, real=0.00 secs] 
2198.210: [GC (Allocation Failure) [PSYoungGen: 78208K->1344K(78336K)] 451008K->374144K(703488K), 0.0019888 secs] [Times: user=0.01 sys=0.00, real=0.00 secs] 
2198.783: [GC (Allocation Failure) [PSYoungGen: 78144K->1360K(78336K)] 450944K->374160K(703488K), 0.0025098 secs] [Times: user=0.01 sys=0.00, real=0.00 secs] 
2199.647: [GC (Allocation Failure) [PSYoungGen: 78160K->1408K(78336K)] 450960K->374208K(703488K), 0.0018003 secs] [Times: user=0.01 sys=0.00, real=0.01 secs] 
2200.040: [GC (Allocation Failure) [PSYoungGen: 78208K->1344K(78336K)] 451008K->374144K(703488K), 0.0018339 secs] [Times: user=0.01 sys=0.00, real=0.00 secs] 
2200.682: [GC (Allocation Failure) [PSYoungGen: 78144K->1344K(78336K)] 450944K->374144K(703488K), 0.0024823 secs] [Times: user=0.01 sys=0.00, real=0.00 secs] 
2201.377: [GC (Allocation Failure) [PSYoungGen: 78144K->1360K(78336K)] 450944K->374160K(703488K), 0.0020025 secs] [Times: user=0.01 sys=0.00, real=0.00 secs] 
2202.451: [GC (Allocation Failure) [PSYoungGen: 78160K->1408K(78336K)] 450960K->374208K(703488K), 0.0020524 secs] [Times: user=0.01 sys=0.00, real=0.00 secs] 
2203.103: [GC (Allocation Failure) [PSYoungGen: 78208K->1344K(78336K)] 451008K->374144K(703488K), 0.0026435 secs] [Times: user=0.01 sys=0.00, real=0.00 secs] 
2203.749: [GC (Allocation Failure) [PSYoungGen: 78144K->1408K(78336K)] 450944K->374208K(703488K), 0.0023062 secs] [Times: user=0.01 sys=0.00, real=0.00 secs] 
2204.693: [GC (Allocation Failure) [PSYoungGen: 78208K->1357K(78336K)] 451008K->374157K(703488K), 0.0016842 secs] [Times: user=0.00 sys=0.00, real=0.00 secs] 
2205.910: [GC (Allocation Failure) [PSYoungGen: 78157K->1408K(78336K)] 450957K->374208K(703488K), 0.0052833 secs] [Times: user=0.02 sys=0.00, real=0.00 secs] 
2206.968: [GC (Allocation Failure) [PSYoungGen: 78208K->1376K(78336K)] 451008K->374176K(703488K), 0.0029222 secs] [Times: user=0.02 sys=0.00, real=0.00 secs] 
2207.918: [GC (Allocation Failure) [PSYoungGen: 78176K->1360K(78336K)] 450976K->374160K(703488K), 0.0027976 secs] [Times: user=0.01 sys=0.00, real=0.00 secs] 
2209.414: [GC (Allocation Failure) [PSYoungGen: 78160K->1520K(78336K)] 450960K->374336K(703488K), 0.0022001 secs] [Times: user=0.01 sys=0.00, real=0.00 secs] 
2210.579: [GC (Allocation Failure) [PSYoungGen: 78320K->1376K(78336K)] 451136K->374192K(703488K), 0.0029462 secs] [Times: user=0.01 sys=0.00, real=0.00 secs] 
2211.270: [GC (Allocation Failure) [PSYoungGen: 78176K->1344K(78336K)] 450992K->374160K(703488K), 0.0035812 secs] [Times: user=0.02 sys=0.00, real=0.00 secs] 
2211.767: [GC (Allocation Failure) [PSYoungGen: 78144K->1344K(78336K)] 450960K->374160K(703488K), 0.0021254 secs] [Times: user=0.00 sys=0.00, real=0.00 secs] 
2212.683: [GC (Allocation Failure) [PSYoungGen: 78144K->1360K(78336K)] 450960K->374176K(703488K), 0.0019553 secs] [Times: user=0.01 sys=0.00, real=0.00 secs] 
2213.556: [GC (Allocation Failure) [PSYoungGen: 78160K->1408K(78336K)] 450976K->374224K(703488K), 0.0021735 secs] [Times: user=0.01 sys=0.00, real=0.01 secs] 
2214.192: [GC (Allocation Failure) [PSYoungGen: 78208K->1344K(78336K)] 451024K->374160K(703488K), 0.0025105 secs] [Times: user=0.01 sys=0.00, real=0.00 secs] 
2214.840: [GC (Allocation Failure) [PSYoungGen: 78144K->1328K(78336K)] 450960K->374144K(703488K), 0.0020301 secs] [Times: user=0.01 sys=0.00, real=0.00 secs] 
2215.941: [GC (Allocation Failure) [PSYoungGen: 78128K->1376K(78336K)] 450944K->374200K(703488K), 0.0023234 secs] [Times: user=0.01 sys=0.00, real=0.00 secs] 
2217.284: [GC (Allocation Failure) [PSYoungGen: 78176K->1376K(78336K)] 451000K->374200K(703488K), 0.0047940 secs] [Times: user=0.02 sys=0.00, real=0.01 secs] 
2218.344: [GC (Allocation Failure) [PSYoungGen: 78176K->1408K(78336K)] 451000K->374232K(703488K), 0.0027965 secs] [Times: user=0.01 sys=0.00, real=0.01 secs] 
2219.506: [GC (Allocation Failure) [PSYoungGen: 78208K->1376K(78336K)] 451032K->374208K(703488K), 0.0055782 secs] [Times: user=0.03 sys=0.00, real=0.01 secs] 
2220.974: [GC (Allocation Failure) [PSYoungGen: 78176K->1376K(78336K)] 451008K->374208K(703488K), 0.0019322 secs] [Times: user=0.00 sys=0.00, real=0.00 secs] 
2221.533: [GC (Allocation Failure) [PSYoungGen: 78176K->1328K(78336K)] 451008K->374160K(703488K), 0.0020735 secs] [Times: user=0.01 sys=0.00, real=0.00 secs] 
2221.902: [GC (Allocation Failure) [PSYoungGen: 78128K->1344K(78336K)] 450960K->374176K(703488K), 0.0020885 secs] [Times: user=0.00 sys=0.00, real=0.00 secs] 
2222.264: [GC (Allocation Failure) [PSYoungGen: 78144K->1344K(78336K)] 450976K->374176K(703488K), 0.0020650 secs] [Times: user=0.01 sys=0.00, real=0.00 secs] 
2223.132: [GC (Allocation Failure) [PSYoungGen: 78144K->1408K(78336K)] 450976K->374240K(703488K), 0.0020107 secs] [Times: user=0.01 sys=0.00, real=0.00 secs] 
2223.502: [GC (Allocation Failure) [PSYoungGen: 78208K->1344K(78336K)] 451040K->374176K(703488K), 0.0019945 secs] [Times: user=0.01 sys=0.00, real=0.00 secs] 
2224.067: [GC (Allocation Failure) [PSYoungGen: 78144K->1344K(78336K)] 450976K->374176K(703488K), 0.0022820 secs] [Times: user=0.01 sys=0.00, real=0.00 secs] 
2224.646: [GC (Allocation Failure) [PSYoungGen: 78144K->1344K(78336K)] 450976K->374176K(703488K), 0.0023781 secs] [Times: user=0.01 sys=0.00, real=0.01 secs] 
2226.113: [GC (Allocation Failure) [PSYoungGen: 78144K->1376K(78336K)] 450976K->374208K(703488K), 0.0020884 secs] [Times: user=0.01 sys=0.00, real=0.00 secs] 
2226.504: [GC (Allocation Failure) [PSYoungGen: 78176K->1328K(78336K)] 451008K->374160K(703488K), 0.0021325 secs] [Times: user=0.00 sys=0.00, real=0.00 secs] 
2226.993: [GC (Allocation Failure) [PSYoungGen: 78128K->1360K(78336K)] 450960K->374200K(703488K), 0.0025126 secs] [Times: user=0.01 sys=0.00, real=0.00 secs] 
2227.568: [GC (Allocation Failure) [PSYoungGen: 78160K->1392K(78336K)] 451000K->374232K(703488K), 0.0022344 secs] [Times: user=0.01 sys=0.00, real=0.00 secs] 
2228.503: [GC (Allocation Failure) [PSYoungGen: 78192K->1360K(78336K)] 451032K->374200K(703488K), 0.0019351 secs] [Times: user=0.01 sys=0.00, real=0.00 secs] 
2228.825: [GC (Allocation Failure) [PSYoungGen: 78160K->1328K(78336K)] 451000K->374168K(703488K), 0.0018673 secs] [Times: user=0.01 sys=0.00, real=0.01 secs] 
2229.390: [GC (Allocation Failure) [PSYoungGen: 78128K->1344K(78336K)] 450968K->374184K(703488K), 0.0039892 secs] [Times: user=0.02 sys=0.00, real=0.00 secs] 
2230.306: [GC (Allocation Failure) [PSYoungGen: 78144K->1357K(78336K)] 450984K->374197K(703488K), 0.0014584 secs] [Times: user=0.01 sys=0.00, real=0.01 secs] 
2231.467: [GC (Allocation Failure) [PSYoungGen: 78157K->1408K(78336K)] 450997K->374248K(703488K), 0.0046188 secs] [Times: user=0.02 sys=0.00, real=0.01 secs] 
2232.285: [GC (Allocation Failure) [PSYoungGen: 78208K->1344K(78336K)] 451048K->374184K(703488K), 0.0043698 secs] [Times: user=0.02 sys=0.01, real=0.01 secs] 
2233.033: [GC (Allocation Failure) [PSYoungGen: 78144K->1360K(78336K)] 450984K->374200K(703488K), 0.0027216 secs] [Times: user=0.01 sys=0.00, real=0.00 secs] 
2234.142: [GC (Allocation Failure) [PSYoungGen: 78160K->1504K(78336K)] 451000K->374344K(703488K), 0.0019580 secs] [Times: user=0.01 sys=0.00, real=0.00 secs] 
2236.299: [GC (Allocation Failure) [PSYoungGen: 78304K->1408K(78336K)] 451144K->374248K(703488K), 0.0045923 secs] [Times: user=0.02 sys=0.00, real=0.00 secs] 
2237.436: [GC (Allocation Failure) [PSYoungGen: 78208K->1344K(78336K)] 451048K->374184K(703488K), 0.0028535 secs] [Times: user=0.01 sys=0.00, real=0.01 secs] 
2238.237: [GC (Allocation Failure) [PSYoungGen: 78144K->1376K(78336K)] 450984K->374224K(703488K), 0.0028154 secs] [Times: user=0.01 sys=0.00, real=0.00 secs] 
2239.419: [GC (Allocation Failure) [PSYoungGen: 78176K->1376K(78336K)] 451024K->374224K(703488K), 0.0017552 secs] [Times: user=0.01 sys=0.00, real=0.00 secs] 
2239.800: [GC (Allocation Failure) [PSYoungGen: 78176K->1344K(78336K)] 451024K->374192K(703488K), 0.0018367 secs] [Times: user=0.01 sys=0.00, real=0.00 secs] 
2240.455: [GC (Allocation Failure) [PSYoungGen: 78144K->1408K(78336K)] 450992K->374256K(703488K), 0.0031186 secs] [Times: user=0.01 sys=0.00, real=0.01 secs] 
2241.243: [GC (Allocation Failure) [PSYoungGen: 78208K->1408K(78336K)] 451056K->374256K(703488K), 0.0027593 secs] [Times: user=0.01 sys=0.00, real=0.00 secs] 
2243.023: [GC (Allocation Failure) [PSYoungGen: 78208K->1440K(78336K)] 451056K->374288K(703488K), 0.0028881 secs] [Times: user=0.01 sys=0.00, real=0.00 secs] 
2244.210: [GC (Allocation Failure) [PSYoungGen: 78240K->1392K(78336K)] 451088K->374240K(703488K), 0.0028390 secs] [Times: user=0.01 sys=0.00, real=0.00 secs] 
2245.180: [GC (Allocation Failure) [PSYoungGen: 78192K->1408K(78336K)] 451040K->374256K(703488K), 0.0035960 secs] [Times: user=0.01 sys=0.00, real=0.00 secs] 
2245.919: [GC (Allocation Failure) [PSYoungGen: 78208K->1344K(78336K)] 451056K->374192K(703488K), 0.0027426 secs] [Times: user=0.01 sys=0.01, real=0.00 secs] 
2247.236: [GC (Allocation Failure) [PSYoungGen: 78144K->1376K(78336K)] 450992K->374224K(703488K), 0.0021860 secs] [Times: user=0.01 sys=0.00, real=0.01 secs] 
2248.011: [GC (Allocation Failure) [PSYoungGen: 78176K->1360K(78336K)] 451024K->374208K(703488K), 0.0024611 secs] [Times: user=0.01 sys=0.00, real=0.00 secs] 
2249.069: [GC (Allocation Failure) [PSYoungGen: 78160K->1376K(78336K)] 451008K->374224K(703488K), 0.0032620 secs] [Times: user=0.02 sys=0.00, real=0.00 secs] 
2249.799: [GC (Allocation Failure) [PSYoungGen: 78176K->1376K(78336K)] 451024K->374224K(703488K), 0.0030413 secs] [Times: user=0.02 sys=0.00, real=0.00 secs] 
2250.871: [GC (Allocation Failure) [PSYoungGen: 78176K->1408K(78336K)] 451024K->374264K(703488K), 0.0018933 secs] [Times: user=0.00 sys=0.00, real=0.00 secs] 
2251.667: [GC (Allocation Failure) [PSYoungGen: 78208K->1344K(78336K)] 451064K->374200K(703488K), 0.0035176 secs] [Times: user=0.02 sys=0.00, real=0.00 secs] 
2252.467: [GC (Allocation Failure) [PSYoungGen: 78144K->1344K(78336K)] 451000K->374200K(703488K), 0.0031901 secs] [Times: user=0.01 sys=0.00, real=0.00 secs] 
2253.055: [GC (Allocation Failure) [PSYoungGen: 78144K->1408K(78336K)] 451000K->374264K(703488K), 0.0026647 secs] [Times: user=0.01 sys=0.00, real=0.01 secs] 
2254.284: [GC (Allocation Failure) [PSYoungGen: 78208K->1408K(78336K)] 451064K->374264K(703488K), 0.0029289 secs] [Times: user=0.01 sys=0.00, real=0.01 secs] 
2254.696: [GC (Allocation Failure) [PSYoungGen: 78208K->1360K(78336K)] 451064K->374216K(703488K), 0.0021798 secs] [Times: user=0.01 sys=0.00, real=0.01 secs] 
2255.191: [GC (Allocation Failure) [PSYoungGen: 78160K->1344K(78336K)] 451016K->374200K(703488K), 0.0022086 secs] [Times: user=0.01 sys=0.00, real=0.00 secs] 
2255.974: [GC (Allocation Failure) [PSYoungGen: 78144K->1376K(78336K)] 451000K->374232K(703488K), 0.0024616 secs] [Times: user=0.01 sys=0.01, real=0.00 secs] 
2256.816: [GC (Allocation Failure) [PSYoungGen: 78176K->1440K(78336K)] 451032K->374296K(703488K), 0.0018773 secs] [Times: user=0.01 sys=0.00, real=0.01 secs] 
2257.135: [GC (Allocation Failure) [PSYoungGen: 78240K->1344K(78336K)] 451096K->374208K(703488K), 0.0018611 secs] [Times: user=0.00 sys=0.00, real=0.01 secs] 
2257.454: [GC (Allocation Failure) [PSYoungGen: 78144K->1408K(78336K)] 451008K->374272K(703488K), 0.0018744 secs] [Times: user=0.00 sys=0.00, real=0.00 secs] 
2257.995: [GC (Allocation Failure) [PSYoungGen: 78208K->1296K(78336K)] 451072K->374160K(703488K), 0.0016795 secs] [Times: user=0.01 sys=0.00, real=0.00 secs] 
2259.006: [GC (Allocation Failure) [PSYoungGen: 78096K->1440K(78336K)] 450960K->374304K(703488K), 0.0023439 secs] [Times: user=0.01 sys=0.00, real=0.01 secs] 
2259.632: [GC (Allocation Failure) [PSYoungGen: 78240K->1360K(78336K)] 451104K->374224K(703488K), 0.0022402 secs] [Times: user=0.01 sys=0.00, real=0.00 secs] 
2259.997: [GC (Allocation Failure) [PSYoungGen: 78160K->1392K(78336K)] 451024K->374256K(703488K), 0.0021647 secs] [Times: user=0.01 sys=0.00, real=0.01 secs] 
2260.789: [GC (Allocation Failure) [PSYoungGen: 78192K->224K(77824K)] 451056K->373088K(702976K), 0.0014629 secs] [Times: user=0.00 sys=0.00, real=0.00 secs] 
2261.867: [GC (Allocation Failure) [PSYoungGen: 76512K->1344K(78336K)] 449376K->374208K(703488K), 0.0039301 secs] [Times: user=0.01 sys=0.01, real=0.01 secs] 
2262.532: [GC (Allocation Failure) [PSYoungGen: 77632K->1376K(78336K)] 450496K->374240K(703488K), 0.0032589 secs] [Times: user=0.01 sys=0.00, real=0.00 secs] 
2263.083: [GC (Allocation Failure) [PSYoungGen: 77664K->1376K(78336K)] 450528K->374240K(703488K), 0.0025644 secs] [Times: user=0.01 sys=0.00, real=0.00 secs] 
2263.937: [GC (Allocation Failure) [PSYoungGen: 77664K->1904K(78336K)] 450528K->374768K(703488K), 0.0018190 secs] [Times: user=0.01 sys=0.00, real=0.00 secs] 
2264.683: [GC (Allocation Failure) [PSYoungGen: 78192K->1408K(78336K)] 451056K->374280K(703488K), 0.0031338 secs] [Times: user=0.02 sys=0.00, real=0.00 secs] 
2265.314: [GC (Allocation Failure) [PSYoungGen: 77696K->1408K(78336K)] 450568K->374280K(703488K), 0.0023216 secs] [Times: user=0.01 sys=0.00, real=0.00 secs] 
2265.803: [GC (Allocation Failure) [PSYoungGen: 77696K->1376K(78336K)] 450568K->374248K(703488K), 0.0021455 secs] [Times: user=0.01 sys=0.00, real=0.00 secs] 
2266.700: [GC (Allocation Failure) [PSYoungGen: 77664K->1392K(78336K)] 450536K->374264K(703488K), 0.0019674 secs] [Times: user=0.01 sys=0.00, real=0.00 secs] 
2267.470: [GC (Allocation Failure) [PSYoungGen: 77680K->1408K(78336K)] 450552K->374280K(703488K), 0.0039916 secs] [Times: user=0.01 sys=0.00, real=0.00 secs] 
2267.857: [GC (Allocation Failure) [PSYoungGen: 77696K->1408K(78336K)] 450568K->374280K(703488K), 0.0021851 secs] [Times: user=0.01 sys=0.01, real=0.01 secs] 
2268.272: [GC (Allocation Failure) [PSYoungGen: 77696K->1376K(78336K)] 450568K->374248K(703488K), 0.0019489 secs] [Times: user=0.01 sys=0.00, real=0.00 secs] 
2269.329: [GC (Allocation Failure) [PSYoungGen: 77664K->1376K(78336K)] 450536K->374248K(703488K), 0.0019190 secs] [Times: user=0.01 sys=0.00, real=0.00 secs] 
2270.009: [GC (Allocation Failure) [PSYoungGen: 77664K->1376K(78336K)] 450536K->374248K(703488K), 0.0020309 secs] [Times: user=0.01 sys=0.00, real=0.00 secs] 
2270.403: [GC (Allocation Failure) [PSYoungGen: 77664K->1344K(78336K)] 450536K->374216K(703488K), 0.0020621 secs] [Times: user=0.01 sys=0.00, real=0.00 secs] 
2270.735: [GC (Allocation Failure) [PSYoungGen: 77632K->1344K(78336K)] 450504K->374216K(703488K), 0.0020802 secs] [Times: user=0.01 sys=0.00, real=0.01 secs] 
2272.160: [GC (Allocation Failure) [PSYoungGen: 77632K->1408K(78336K)] 450504K->374280K(703488K), 0.0029988 secs] [Times: user=0.01 sys=0.00, real=0.00 secs] 
2273.143: [GC (Allocation Failure) [PSYoungGen: 77696K->1360K(78336K)] 450568K->374232K(703488K), 0.0030776 secs] [Times: user=0.01 sys=0.00, real=0.00 secs] 
2274.123: [GC (Allocation Failure) [PSYoungGen: 77648K->1376K(77824K)] 450520K->374248K(702976K), 0.0041349 secs] [Times: user=0.01 sys=0.00, real=0.01 secs] 
2274.721: [GC (Allocation Failure) [PSYoungGen: 77664K->1408K(77824K)] 450536K->374280K(702976K), 0.0027609 secs] [Times: user=0.01 sys=0.01, real=0.00 secs] 
2275.805: [GC (Allocation Failure) [PSYoungGen: 77696K->352K(77312K)] 450568K->374256K(702464K), 0.0018020 secs] [Times: user=0.00 sys=0.00, real=0.01 secs] 
2276.166: [GC (Allocation Failure) [PSYoungGen: 76640K->352K(78336K)] 450544K->374256K(703488K), 0.0018590 secs] [Times: user=0.01 sys=0.00, real=0.01 secs] 
2276.485: [GC (Allocation Failure) [PSYoungGen: 76640K->320K(78336K)] 450544K->374224K(703488K), 0.0026580 secs] [Times: user=0.02 sys=0.00, real=0.01 secs] 
2276.802: [GC (Allocation Failure) [PSYoungGen: 76608K->352K(78336K)] 450512K->374256K(703488K), 0.0019429 secs] [Times: user=0.00 sys=0.00, real=0.00 secs] 
2277.615: [GC (Allocation Failure) [PSYoungGen: 76640K->1408K(78336K)] 450544K->375312K(703488K), 0.0017923 secs] [Times: user=0.01 sys=0.00, real=0.00 secs] 
2278.091: [GC (Allocation Failure) [PSYoungGen: 77696K->1376K(78336K)] 451600K->375280K(703488K), 0.0018166 secs] [Times: user=0.01 sys=0.00, real=0.00 secs] 
2278.824: [GC (Allocation Failure) [PSYoungGen: 77664K->1344K(78336K)] 451568K->375248K(703488K), 0.0031572 secs] [Times: user=0.01 sys=0.00, real=0.01 secs] 
2279.653: [GC (Allocation Failure) [PSYoungGen: 77632K->1376K(78336K)] 451536K->375280K(703488K), 0.0037077 secs] [Times: user=0.02 sys=0.00, real=0.00 secs] 
2281.587: [GC (Allocation Failure) [PSYoungGen: 77664K->1376K(78336K)] 451568K->375280K(703488K), 0.0048931 secs] [Times: user=0.02 sys=0.00, real=0.00 secs] 
2282.311: [GC (Allocation Failure) [PSYoungGen: 77664K->1408K(78336K)] 451568K->375312K(703488K), 0.0032442 secs] [Times: user=0.01 sys=0.00, real=0.00 secs] 
2282.998: [GC (Allocation Failure) [PSYoungGen: 77696K->1408K(78336K)] 451600K->375312K(703488K), 0.0027368 secs] [Times: user=0.01 sys=0.00, real=0.00 secs] 
2283.561: [GC (Allocation Failure) [PSYoungGen: 77696K->1344K(78336K)] 451600K->375248K(703488K), 0.0030177 secs] [Times: user=0.01 sys=0.00, real=0.00 secs] 
2284.782: [GC (Allocation Failure) [PSYoungGen: 77632K->1376K(78336K)] 451536K->375280K(703488K), 0.0017928 secs] [Times: user=0.00 sys=0.00, real=0.00 secs] 
2285.126: [GC (Allocation Failure) [PSYoungGen: 77664K->1376K(78336K)] 451568K->375280K(703488K), 0.0019885 secs] [Times: user=0.01 sys=0.00, real=0.01 secs] 
2285.548: [GC (Allocation Failure) [PSYoungGen: 77664K->1408K(78336K)] 451568K->375320K(703488K), 0.0029765 secs] [Times: user=0.01 sys=0.00, real=0.00 secs] 
2286.387: [GC (Allocation Failure) [PSYoungGen: 77696K->1328K(78336K)] 451608K->375240K(703488K), 0.0015768 secs] [Times: user=0.01 sys=0.00, real=0.00 secs] 
2287.075: [GC (Allocation Failure) [PSYoungGen: 77616K->1408K(78336K)] 451528K->375320K(703488K), 0.0020199 secs] [Times: user=0.01 sys=0.00, real=0.01 secs] 
2287.393: [GC (Allocation Failure) [PSYoungGen: 77696K->1344K(78336K)] 451608K->375256K(703488K), 0.0019752 secs] [Times: user=0.01 sys=0.00, real=0.00 secs] 
2287.714: [GC (Allocation Failure) [PSYoungGen: 77632K->1408K(78336K)] 451544K->375320K(703488K), 0.0027260 secs] [Times: user=0.01 sys=0.00, real=0.00 secs] 
2288.426: [GC (Allocation Failure) [PSYoungGen: 77696K->1357K(78336K)] 451608K->375269K(703488K), 0.0016908 secs] [Times: user=0.00 sys=0.00, real=0.01 secs] 
2289.588: [GC (Allocation Failure) [PSYoungGen: 77645K->1376K(78336K)] 451557K->375288K(703488K), 0.0044001 secs] [Times: user=0.02 sys=0.00, real=0.00 secs] 
2290.257: [GC (Allocation Failure) [PSYoungGen: 77664K->1376K(78336K)] 451576K->375288K(703488K), 0.0032126 secs] [Times: user=0.02 sys=0.00, real=0.00 secs] 
2290.850: [GC (Allocation Failure) [PSYoungGen: 77664K->1408K(78336K)] 451576K->375320K(703488K), 0.0023023 secs] [Times: user=0.01 sys=0.00, real=0.00 secs] 
2291.753: [GC (Allocation Failure) [PSYoungGen: 77696K->1664K(78336K)] 451608K->375576K(703488K), 0.0017459 secs] [Times: user=0.01 sys=0.00, real=0.00 secs] 
2292.070: [GC (Allocation Failure) [PSYoungGen: 77952K->1344K(78336K)] 451864K->375264K(703488K), 0.0017460 secs] [Times: user=0.01 sys=0.00, real=0.00 secs] 
2292.387: [GC (Allocation Failure) [PSYoungGen: 77632K->1344K(78336K)] 451552K->375264K(703488K), 0.0017295 secs] [Times: user=0.01 sys=0.00, real=0.00 secs] 
2292.711: [GC (Allocation Failure) [PSYoungGen: 77632K->1376K(78336K)] 451552K->375296K(703488K), 0.0024605 secs] [Times: user=0.01 sys=0.00, real=0.00 secs] 
2293.536: [GC (Allocation Failure) [PSYoungGen: 77664K->1376K(78336K)] 451584K->375304K(703488K), 0.0017604 secs] [Times: user=0.01 sys=0.00, real=0.01 secs] 
2293.853: [GC (Allocation Failure) [PSYoungGen: 77664K->1376K(78336K)] 451592K->375304K(703488K), 0.0017377 secs] [Times: user=0.01 sys=0.01, real=0.00 secs] 
2294.169: [GC (Allocation Failure) [PSYoungGen: 77664K->1344K(78336K)] 451592K->375272K(703488K), 0.0018138 secs] [Times: user=0.01 sys=0.00, real=0.00 secs] 
2294.542: [GC (Allocation Failure) [PSYoungGen: 77632K->1328K(78336K)] 451560K->375256K(703488K), 0.0024066 secs] [Times: user=0.01 sys=0.00, real=0.00 secs] 
2295.667: [GC (Allocation Failure) [PSYoungGen: 77616K->1424K(78336K)] 451544K->375352K(703488K), 0.0018677 secs] [Times: user=0.01 sys=0.00, real=0.00 secs] 
2296.280: [GC (Allocation Failure) [PSYoungGen: 77712K->1392K(78336K)] 451640K->375320K(703488K), 0.0017258 secs] [Times: user=0.00 sys=0.00, real=0.00 secs] 
2296.846: [GC (Allocation Failure) [PSYoungGen: 77680K->1392K(78336K)] 451608K->375320K(703488K), 0.0033004 secs] [Times: user=0.01 sys=0.00, real=0.01 secs] 
2297.523: [GC (Allocation Failure) [PSYoungGen: 77680K->1392K(78336K)] 451608K->375320K(703488K), 0.0026818 secs] [Times: user=0.01 sys=0.00, real=0.00 secs] 
2298.547: [GC (Allocation Failure) [PSYoungGen: 77680K->1424K(78336K)] 451608K->375352K(703488K), 0.0018249 secs] [Times: user=0.01 sys=0.00, real=0.00 secs] 
2298.913: [GC (Allocation Failure) [PSYoungGen: 77712K->1408K(78336K)] 451640K->375344K(703488K), 0.0017586 secs] [Times: user=0.01 sys=0.00, real=0.00 secs] 
2299.541: [GC (Allocation Failure) [PSYoungGen: 77696K->1392K(78336K)] 451632K->375328K(703488K), 0.0019661 secs] [Times: user=0.01 sys=0.00, real=0.00 secs] 
2300.213: [GC (Allocation Failure) [PSYoungGen: 77680K->1408K(78336K)] 451616K->375344K(703488K), 0.0028367 secs] [Times: user=0.01 sys=0.00, real=0.00 secs] 
2301.373: [GC (Allocation Failure) [PSYoungGen: 77696K->1456K(78336K)] 451632K->375392K(703488K), 0.0030633 secs] [Times: user=0.01 sys=0.00, real=0.00 secs] 
2301.689: [GC (Allocation Failure) [PSYoungGen: 77744K->1392K(77824K)] 451680K->375328K(702976K), 0.0019954 secs] [Times: user=0.01 sys=0.00, real=0.00 secs] 
2302.106: [GC (Allocation Failure) [PSYoungGen: 77680K->1376K(77824K)] 451616K->375312K(702976K), 0.0020392 secs] [Times: user=0.01 sys=0.00, real=0.01 secs] 
2302.687: [GC (Allocation Failure) [PSYoungGen: 77664K->352K(77312K)] 451600K->375312K(702464K), 0.0043614 secs] [Times: user=0.02 sys=0.00, real=0.01 secs] 
2303.857: [GC (Allocation Failure) [PSYoungGen: 76640K->1392K(78336K)] 451600K->376352K(703488K), 0.0014980 secs] [Times: user=0.01 sys=0.00, real=0.00 secs] 
2304.260: [GC (Allocation Failure) [PSYoungGen: 77680K->1408K(78336K)] 452640K->376368K(703488K), 0.0017046 secs] [Times: user=0.00 sys=0.00, real=0.00 secs] 
2304.591: [GC (Allocation Failure) [PSYoungGen: 77696K->1344K(78336K)] 452656K->376312K(703488K), 0.0020896 secs] [Times: user=0.01 sys=0.00, real=0.00 secs] 
2304.910: [GC (Allocation Failure) [PSYoungGen: 77632K->1376K(78336K)] 452600K->376368K(703488K), 0.0028857 secs] [Times: user=0.01 sys=0.00, real=0.00 secs] 
2306.395: [GC (Allocation Failure) [PSYoungGen: 77664K->1408K(78336K)] 452656K->376400K(703488K), 0.0023399 secs] [Times: user=0.01 sys=0.00, real=0.01 secs] 
2307.203: [GC (Allocation Failure) [PSYoungGen: 77696K->1392K(78336K)] 452688K->376384K(703488K), 0.0025335 secs] [Times: user=0.01 sys=0.00, real=0.00 secs] 
2308.279: [GC (Allocation Failure) [PSYoungGen: 77680K->1344K(78336K)] 452672K->376336K(703488K), 0.0042757 secs] [Times: user=0.01 sys=0.00, real=0.00 secs] 
2309.336: [GC (Allocation Failure) [PSYoungGen: 77632K->1408K(78336K)] 452624K->376400K(703488K), 0.0034784 secs] [Times: user=0.02 sys=0.00, real=0.01 secs] 
2310.653: [GC (Allocation Failure) [PSYoungGen: 77696K->1376K(78336K)] 452688K->376368K(703488K), 0.0024707 secs] [Times: user=0.01 sys=0.00, real=0.00 secs] 
2311.477: [GC (Allocation Failure) [PSYoungGen: 77664K->1408K(78336K)] 452656K->376400K(703488K), 0.0029321 secs] [Times: user=0.02 sys=0.00, real=0.00 secs] 
2312.275: [GC (Allocation Failure) [PSYoungGen: 77696K->1376K(78336K)] 452688K->376368K(703488K), 0.0035060 secs] [Times: user=0.01 sys=0.00, real=0.01 secs] 
2313.135: [GC (Allocation Failure) [PSYoungGen: 77664K->1357K(78336K)] 452656K->376357K(703488K), 0.0016542 secs] [Times: user=0.01 sys=0.00, real=0.00 secs] 
2314.458: [GC (Allocation Failure) [PSYoungGen: 77645K->1440K(78336K)] 452645K->376440K(703488K), 0.0024174 secs] [Times: user=0.00 sys=0.00, real=0.00 secs] 
2315.265: [GC (Allocation Failure) [PSYoungGen: 77728K->1376K(78336K)] 452728K->376376K(703488K), 0.0027503 secs] [Times: user=0.01 sys=0.00, real=0.01 secs] 
2316.065: [GC (Allocation Failure) [PSYoungGen: 77664K->1392K(78336K)] 452664K->376392K(703488K), 0.0028842 secs] [Times: user=0.01 sys=0.00, real=0.01 secs] 
2316.999: [GC (Allocation Failure) [PSYoungGen: 77680K->1328K(77824K)] 452680K->376328K(702976K), 0.0017296 secs] [Times: user=0.01 sys=0.00, real=0.00 secs] 
2318.139: [GC (Allocation Failure) [PSYoungGen: 77616K->1408K(77824K)] 452616K->376408K(702976K), 0.0020799 secs] [Times: user=0.01 sys=0.00, real=0.00 secs] 
2318.815: [GC (Allocation Failure) [PSYoungGen: 77696K->352K(77312K)] 452696K->376384K(702464K), 0.0020760 secs] [Times: user=0.01 sys=0.00, real=0.00 secs] 
2319.375: [GC (Allocation Failure) [PSYoungGen: 76640K->352K(78336K)] 452672K->376384K(703488K), 0.0020619 secs] [Times: user=0.01 sys=0.00, real=0.01 secs] 
2320.282: [GC (Allocation Failure) [PSYoungGen: 76640K->1472K(78336K)] 452672K->377504K(703488K), 0.0017893 secs] [Times: user=0.01 sys=0.00, real=0.00 secs] 
2321.088: [GC (Allocation Failure) [PSYoungGen: 77760K->1344K(78336K)] 453792K->377376K(703488K), 0.0018849 secs] [Times: user=0.00 sys=0.00, real=0.00 secs] 
2322.218: [GC (Allocation Failure) [PSYoungGen: 77632K->1296K(78336K)] 453664K->377328K(703488K), 0.0021274 secs] [Times: user=0.01 sys=0.00, real=0.00 secs] 
2323.123: [GC (Allocation Failure) [PSYoungGen: 77584K->1328K(78336K)] 453616K->377360K(703488K), 0.0021257 secs] [Times: user=0.01 sys=0.00, real=0.00 secs] 
2324.630: [GC (Allocation Failure) [PSYoungGen: 77616K->1888K(78336K)] 453648K->377920K(703488K), 0.0022470 secs] [Times: user=0.01 sys=0.00, real=0.00 secs] 
2325.997: [GC (Allocation Failure) [PSYoungGen: 78176K->1376K(78336K)] 454208K->377408K(703488K), 0.0031502 secs] [Times: user=0.01 sys=0.00, real=0.00 secs] 
2326.873: [GC (Allocation Failure) [PSYoungGen: 77664K->1408K(78336K)] 453696K->377440K(703488K), 0.0030000 secs] [Times: user=0.01 sys=0.00, real=0.00 secs] 
2327.692: [GC (Allocation Failure) [PSYoungGen: 77696K->1376K(78336K)] 453728K->377408K(703488K), 0.0031524 secs] [Times: user=0.01 sys=0.00, real=0.00 secs] 
2329.298: [GC (Allocation Failure) [PSYoungGen: 77664K->1376K(78336K)] 453696K->377408K(703488K), 0.0032144 secs] [Times: user=0.01 sys=0.00, real=0.00 secs] 
2330.038: [GC (Allocation Failure) [PSYoungGen: 77664K->1392K(78336K)] 453696K->377440K(703488K), 0.0045001 secs] [Times: user=0.01 sys=0.00, real=0.00 secs] 
2330.657: [GC (Allocation Failure) [PSYoungGen: 77680K->1344K(78336K)] 453728K->377392K(703488K), 0.0024403 secs] [Times: user=0.01 sys=0.00, real=0.01 secs] 
2331.289: [GC (Allocation Failure) [PSYoungGen: 77632K->1376K(78336K)] 453680K->377424K(703488K), 0.0023305 secs] [Times: user=0.01 sys=0.00, real=0.00 secs] 
2332.275: [GC (Allocation Failure) [PSYoungGen: 77664K->1376K(78336K)] 453712K->377424K(703488K), 0.0017700 secs] [Times: user=0.01 sys=0.00, real=0.00 secs] 
2333.117: [GC (Allocation Failure) [PSYoungGen: 77664K->1408K(78336K)] 453712K->377456K(703488K), 0.0047796 secs] [Times: user=0.02 sys=0.00, real=0.01 secs] 
2334.257: [GC (Allocation Failure) [PSYoungGen: 77696K->1312K(78336K)] 453744K->377360K(703488K), 0.0044471 secs] [Times: user=0.01 sys=0.00, real=0.00 secs] 
2335.393: [GC (Allocation Failure) [PSYoungGen: 77600K->1344K(78336K)] 453648K->377392K(703488K), 0.0051874 secs] [Times: user=0.03 sys=0.00, real=0.01 secs] 
2336.751: [GC (Allocation Failure) [PSYoungGen: 77632K->1408K(78336K)] 453680K->377456K(703488K), 0.0019784 secs] [Times: user=0.01 sys=0.00, real=0.00 secs] 
2337.600: [GC (Allocation Failure) [PSYoungGen: 77696K->1376K(78336K)] 453744K->377424K(703488K), 0.0020950 secs] [Times: user=0.01 sys=0.00, real=0.00 secs] 
2338.377: [GC (Allocation Failure) [PSYoungGen: 77664K->1408K(78336K)] 453712K->377456K(703488K), 0.0025938 secs] [Times: user=0.01 sys=0.00, real=0.00 secs] 
2339.023: [GC (Allocation Failure) [PSYoungGen: 77696K->1344K(78336K)] 453744K->377400K(703488K), 0.0020564 secs] [Times: user=0.00 sys=0.00, real=0.00 secs] 
2339.996: [GC (Allocation Failure) [PSYoungGen: 77632K->1392K(78336K)] 453688K->377448K(703488K), 0.0019826 secs] [Times: user=0.01 sys=0.00, real=0.01 secs] 
2340.735: [GC (Allocation Failure) [PSYoungGen: 77680K->1360K(78336K)] 453736K->377416K(703488K), 0.0019592 secs] [Times: user=0.01 sys=0.00, real=0.01 secs] 
2341.419: [GC (Allocation Failure) [PSYoungGen: 77648K->1376K(78336K)] 453704K->377432K(703488K), 0.0019357 secs] [Times: user=0.01 sys=0.00, real=0.00 secs] 
2341.783: [GC (Allocation Failure) [PSYoungGen: 77664K->1376K(77824K)] 453720K->377432K(702976K), 0.0021560 secs] [Times: user=0.01 sys=0.00, real=0.00 secs] 
2342.608: [GC (Allocation Failure) [PSYoungGen: 77664K->1376K(77824K)] 453720K->377432K(702976K), 0.0017715 secs] [Times: user=0.01 sys=0.00, real=0.00 secs] 
2342.925: [GC (Allocation Failure) [PSYoungGen: 77664K->1344K(77824K)] 453720K->377400K(702976K), 0.0017606 secs] [Times: user=0.01 sys=0.00, real=0.00 secs] 
2343.241: [GC (Allocation Failure) [PSYoungGen: 77632K->1344K(77824K)] 453688K->377400K(702976K), 0.0017978 secs] [Times: user=0.00 sys=0.00, real=0.00 secs] 
2343.558: [GC (Allocation Failure) [PSYoungGen: 77632K->1344K(77824K)] 453688K->377400K(702976K), 0.0017772 secs] [Times: user=0.01 sys=0.00, real=0.00 secs] 
2344.599: [GC (Allocation Failure) [PSYoungGen: 77632K->1376K(77824K)] 453688K->377432K(702976K), 0.0017841 secs] [Times: user=0.00 sys=0.00, real=0.00 secs] 
2345.253: [GC (Allocation Failure) [PSYoungGen: 77664K->1376K(77824K)] 453720K->377432K(702976K), 0.0035447 secs] [Times: user=0.02 sys=0.00, real=0.01 secs] 
2346.003: [GC (Allocation Failure) [PSYoungGen: 77664K->1376K(77824K)] 453720K->377448K(702976K), 0.0025254 secs] [Times: user=0.01 sys=0.00, real=0.00 secs] 
2346.609: [GC (Allocation Failure) [PSYoungGen: 77664K->1360K(77824K)] 453736K->377440K(702976K), 0.0022632 secs] [Times: user=0.01 sys=0.00, real=0.00 secs] 
2347.677: [GC (Allocation Failure) [PSYoungGen: 77648K->1408K(77824K)] 453728K->377488K(702976K), 0.0026984 secs] [Times: user=0.01 sys=0.00, real=0.01 secs] 
2348.032: [GC (Allocation Failure) [PSYoungGen: 77696K->1376K(77824K)] 453776K->377456K(702976K), 0.0018740 secs] [Times: user=0.01 sys=0.00, real=0.00 secs] 
2348.463: [GC (Allocation Failure) [PSYoungGen: 77664K->1376K(77824K)] 453744K->377456K(702976K), 0.0023545 secs] [Times: user=0.00 sys=0.00, real=0.00 secs] 
2349.120: [GC (Allocation Failure) [PSYoungGen: 77664K->1325K(77824K)] 453744K->377405K(702976K), 0.0016442 secs] [Times: user=0.01 sys=0.00, real=0.00 secs] 
2350.355: [GC (Allocation Failure) [PSYoungGen: 77613K->1376K(77824K)] 453693K->377456K(702976K), 0.0028349 secs] [Times: user=0.01 sys=0.00, real=0.01 secs] 
2351.006: [GC (Allocation Failure) [PSYoungGen: 77664K->1376K(77824K)] 453744K->377456K(702976K), 0.0023377 secs] [Times: user=0.01 sys=0.00, real=0.01 secs] 
2351.575: [GC (Allocation Failure) [PSYoungGen: 77664K->1408K(77824K)] 453744K->377488K(702976K), 0.0026916 secs] [Times: user=0.00 sys=0.00, real=0.01 secs] 
2352.461: [GC (Allocation Failure) [PSYoungGen: 77696K->1357K(77824K)] 453776K->377437K(702976K), 0.0014855 secs] [Times: user=0.01 sys=0.00, real=0.00 secs] 
2353.336: [GC (Allocation Failure) [PSYoungGen: 77645K->1408K(77824K)] 453725K->377488K(702976K), 0.0022970 secs] [Times: user=0.01 sys=0.01, real=0.01 secs] 
2354.026: [GC (Allocation Failure) [PSYoungGen: 77696K->1344K(77824K)] 453776K->377424K(702976K), 0.0025280 secs] [Times: user=0.01 sys=0.00, real=0.01 secs] 
2354.536: [GC (Allocation Failure) [PSYoungGen: 77632K->1376K(77824K)] 453712K->377456K(702976K), 0.0022746 secs] [Times: user=0.00 sys=0.00, real=0.01 secs] 
2355.389: [GC (Allocation Failure) [PSYoungGen: 77664K->1504K(77824K)] 453744K->377720K(702976K), 0.0017934 secs] [Times: user=0.00 sys=0.00, real=0.00 secs] 
2355.861: [GC (Allocation Failure) [PSYoungGen: 77792K->1376K(77824K)] 454008K->377592K(702976K), 0.0017108 secs] [Times: user=0.01 sys=0.00, real=0.00 secs] 
2356.374: [GC (Allocation Failure) [PSYoungGen: 77664K->1376K(77824K)] 453880K->377592K(702976K), 0.0029709 secs] [Times: user=0.01 sys=0.00, real=0.01 secs] 
2357.048: [GC (Allocation Failure) [PSYoungGen: 77664K->1376K(77824K)] 453880K->377592K(702976K), 0.0024356 secs] [Times: user=0.01 sys=0.00, real=0.00 secs] 
2358.639: [GC (Allocation Failure) [PSYoungGen: 77664K->1424K(77824K)] 453880K->377640K(702976K), 0.0043242 secs] [Times: user=0.02 sys=0.00, real=0.00 secs] 
2360.218: [GC (Allocation Failure) [PSYoungGen: 77712K->1360K(77824K)] 453928K->377576K(702976K), 0.0034912 secs] [Times: user=0.02 sys=0.00, real=0.00 secs] 
2360.574: [GC (Allocation Failure) [PSYoungGen: 77648K->1344K(77824K)] 453864K->377560K(702976K), 0.0021286 secs] [Times: user=0.01 sys=0.00, real=0.00 secs] 
2361.330: [GC (Allocation Failure) [PSYoungGen: 77632K->1392K(77824K)] 453848K->377608K(702976K), 0.0034215 secs] [Times: user=0.01 sys=0.00, real=0.00 secs] 
2362.710: [GC (Allocation Failure) [PSYoungGen: 77680K->1424K(77824K)] 453896K->377640K(702976K), 0.0023572 secs] [Times: user=0.01 sys=0.00, real=0.00 secs] 
2363.620: [GC (Allocation Failure) [PSYoungGen: 77712K->1408K(77824K)] 453928K->377624K(702976K), 0.0027478 secs] [Times: user=0.01 sys=0.00, real=0.00 secs] 
2364.120: [GC (Allocation Failure) [PSYoungGen: 77696K->1376K(77824K)] 453912K->377592K(702976K), 0.0020651 secs] [Times: user=0.01 sys=0.00, real=0.00 secs] 
2364.706: [GC (Allocation Failure) [PSYoungGen: 77664K->1344K(77824K)] 453880K->377568K(702976K), 0.0020451 secs] [Times: user=0.01 sys=0.00, real=0.01 secs] 
2365.781: [GC (Allocation Failure) [PSYoungGen: 77632K->1408K(77824K)] 453856K->377632K(702976K), 0.0018996 secs] [Times: user=0.01 sys=0.00, real=0.00 secs] 
2366.136: [GC (Allocation Failure) [PSYoungGen: 77696K->1344K(77824K)] 453920K->377568K(702976K), 0.0019044 secs] [Times: user=0.01 sys=0.00, real=0.01 secs] 
2366.716: [GC (Allocation Failure) [PSYoungGen: 77632K->1408K(77824K)] 453856K->377640K(702976K), 0.0030205 secs] [Times: user=0.01 sys=0.00, real=0.01 secs] 
2367.352: [GC (Allocation Failure) [PSYoungGen: 77696K->1408K(77824K)] 453928K->377640K(702976K), 0.0027843 secs] [Times: user=0.02 sys=0.00, real=0.00 secs] 
2369.528: [GC (Allocation Failure) [PSYoungGen: 77696K->1408K(77824K)] 453928K->377640K(702976K), 0.0049093 secs] [Times: user=0.02 sys=0.00, real=0.00 secs] 
2370.113: [GC (Allocation Failure) [PSYoungGen: 77696K->1360K(77824K)] 453928K->377592K(702976K), 0.0022729 secs] [Times: user=0.01 sys=0.00, real=0.00 secs] 
2370.450: [GC (Allocation Failure) [PSYoungGen: 77648K->1408K(77824K)] 453880K->377640K(702976K), 0.0021361 secs] [Times: user=0.01 sys=0.00, real=0.00 secs] 
2370.767: [GC (Allocation Failure) [PSYoungGen: 77696K->1408K(77824K)] 453928K->377640K(702976K), 0.0021109 secs] [Times: user=0.01 sys=0.00, real=0.01 secs] 
2371.560: [GC (Allocation Failure) [PSYoungGen: 77696K->1376K(77824K)] 453928K->377608K(702976K), 0.0017847 secs] [Times: user=0.00 sys=0.00, real=0.00 secs] 
2371.876: [GC (Allocation Failure) [PSYoungGen: 77664K->1408K(77824K)] 453896K->377640K(702976K), 0.0017515 secs] [Times: user=0.01 sys=0.00, real=0.01 secs] 
2372.193: [GC (Allocation Failure) [PSYoungGen: 77696K->1376K(77824K)] 453928K->377608K(702976K), 0.0017013 secs] [Times: user=0.01 sys=0.00, real=0.00 secs] 
2372.522: [GC (Allocation Failure) [PSYoungGen: 77664K->1344K(77824K)] 453896K->377576K(702976K), 0.0021608 secs] [Times: user=0.01 sys=0.00, real=0.00 secs] 
2373.634: [GC (Allocation Failure) [PSYoungGen: 77632K->1408K(77824K)] 453864K->377640K(702976K), 0.0018468 secs] [Times: user=0.00 sys=0.00, real=0.00 secs] 
2374.252: [GC (Allocation Failure) [PSYoungGen: 77696K->1408K(77824K)] 453928K->377640K(702976K), 0.0020752 secs] [Times: user=0.00 sys=0.00, real=0.00 secs] 
2375.079: [GC (Allocation Failure) [PSYoungGen: 77696K->1408K(77824K)] 453928K->377656K(702976K), 0.0027644 secs] [Times: user=0.01 sys=0.00, real=0.00 secs] 
2375.796: [GC (Allocation Failure) [PSYoungGen: 77696K->1344K(77824K)] 453944K->377592K(702976K), 0.0036328 secs] [Times: user=0.01 sys=0.00, real=0.01 secs] 
2376.870: [GC (Allocation Failure) [PSYoungGen: 77632K->1344K(77824K)] 453880K->377592K(702976K), 0.0017955 secs] [Times: user=0.01 sys=0.00, real=0.00 secs] 
2377.187: [GC (Allocation Failure) [PSYoungGen: 77632K->1344K(77824K)] 453880K->377592K(702976K), 0.0018106 secs] [Times: user=0.01 sys=0.00, real=0.01 secs] 
2377.624: [GC (Allocation Failure) [PSYoungGen: 77632K->1328K(77824K)] 453880K->377576K(702976K), 0.0032326 secs] [Times: user=0.01 sys=0.00, real=0.01 secs] 
2378.387: [GC (Allocation Failure) [PSYoungGen: 77616K->1360K(77824K)] 453864K->377608K(702976K), 0.0023172 secs] [Times: user=0.01 sys=0.00, real=0.00 secs] 
2379.198: [GC (Allocation Failure) [PSYoungGen: 77648K->1408K(77824K)] 453896K->377656K(702976K), 0.0024830 secs] [Times: user=0.01 sys=0.00, real=0.00 secs] 
2379.794: [GC (Allocation Failure) [PSYoungGen: 77696K->1376K(77824K)] 453944K->377624K(702976K), 0.0022225 secs] [Times: user=0.00 sys=0.01, real=0.00 secs] 
2380.488: [GC (Allocation Failure) [PSYoungGen: 77664K->1344K(77824K)] 453912K->377592K(702976K), 0.0023207 secs] [Times: user=0.00 sys=0.00, real=0.00 secs] 
2381.390: [GC (Allocation Failure) [PSYoungGen: 77632K->1357K(77824K)] 453880K->377605K(702976K), 0.0016164 secs] [Times: user=0.00 sys=0.00, real=0.00 secs] 
2382.024: [GC (Allocation Failure) [PSYoungGen: 77645K->1392K(77824K)] 453893K->377640K(702976K), 0.0019516 secs] [Times: user=0.01 sys=0.00, real=0.00 secs] 
2382.694: [GC (Allocation Failure) [PSYoungGen: 77680K->1408K(77824K)] 453928K->377656K(702976K), 0.0027078 secs] [Times: user=0.01 sys=0.00, real=0.00 secs] 
2383.724: [GC (Allocation Failure) [PSYoungGen: 77696K->1344K(77824K)] 453944K->377592K(702976K), 0.0037212 secs] [Times: user=0.01 sys=0.00, real=0.01 secs] 
2385.118: [GC (Allocation Failure) [PSYoungGen: 77632K->160K(77312K)] 453880K->376408K(702464K), 0.0014846 secs] [Times: user=0.01 sys=0.00, real=0.00 secs] 
2385.482: [GC (Allocation Failure) [PSYoungGen: 75936K->1376K(77824K)] 452184K->377624K(702976K), 0.0034706 secs] [Times: user=0.01 sys=0.00, real=0.00 secs] 
2385.795: [GC (Allocation Failure) [PSYoungGen: 77152K->1376K(77824K)] 453400K->377632K(702976K), 0.0018919 secs] [Times: user=0.01 sys=0.00, real=0.01 secs] 
2386.200: [GC (Allocation Failure) [PSYoungGen: 77152K->1344K(77824K)] 453408K->377600K(702976K), 0.0020010 secs] [Times: user=0.01 sys=0.00, real=0.00 secs] 
2387.177: [GC (Allocation Failure) [PSYoungGen: 77120K->1872K(77824K)] 453376K->378128K(702976K), 0.0018810 secs] [Times: user=0.01 sys=0.00, real=0.01 secs] 
2387.870: [GC (Allocation Failure) [PSYoungGen: 77648K->1392K(77824K)] 453904K->377648K(702976K), 0.0027529 secs] [Times: user=0.01 sys=0.00, real=0.00 secs] 
2388.247: [GC (Allocation Failure) [PSYoungGen: 77168K->1376K(77824K)] 453424K->377632K(702976K), 0.0020951 secs] [Times: user=0.01 sys=0.00, real=0.00 secs] 
2388.562: [GC (Allocation Failure) [PSYoungGen: 77152K->1344K(77824K)] 453408K->377600K(702976K), 0.0019637 secs] [Times: user=0.01 sys=0.00, real=0.00 secs] 
2389.950: [GC (Allocation Failure) [PSYoungGen: 77120K->1440K(77824K)] 453376K->377696K(702976K), 0.0028512 secs] [Times: user=0.01 sys=0.00, real=0.00 secs] 
2391.501: [GC (Allocation Failure) [PSYoungGen: 77216K->1376K(77824K)] 453472K->377632K(702976K), 0.0034863 secs] [Times: user=0.01 sys=0.00, real=0.00 secs] 
2392.145: [GC (Allocation Failure) [PSYoungGen: 77152K->1408K(77824K)] 453408K->377664K(702976K), 0.0032177 secs] [Times: user=0.02 sys=0.00, real=0.01 secs] 
2393.341: [GC (Allocation Failure) [PSYoungGen: 77184K->1408K(77824K)] 453440K->377664K(702976K), 0.0028133 secs] [Times: user=0.01 sys=0.00, real=0.00 secs] 
2394.430: [GC (Allocation Failure) [PSYoungGen: 77184K->1376K(77824K)] 453440K->377632K(702976K), 0.0018621 secs] [Times: user=0.01 sys=0.00, real=0.00 secs] 
2394.748: [GC (Allocation Failure) [PSYoungGen: 77152K->1376K(77824K)] 453408K->377632K(702976K), 0.0016352 secs] [Times: user=0.01 sys=0.00, real=0.00 secs] 
2395.211: [GC (Allocation Failure) [PSYoungGen: 77152K->1344K(77824K)] 453408K->377600K(702976K), 0.0017200 secs] [Times: user=0.00 sys=0.00, real=0.00 secs] 
2395.807: [GC (Allocation Failure) [PSYoungGen: 77120K->1312K(77824K)] 453376K->377576K(702976K), 0.0018139 secs] [Times: user=0.00 sys=0.00, real=0.01 secs] 
2397.330: [GC (Allocation Failure) [PSYoungGen: 77088K->1424K(77824K)] 453352K->377688K(702976K), 0.0026720 secs] [Times: user=0.02 sys=0.00, real=0.00 secs] 
2398.051: [GC (Allocation Failure) [PSYoungGen: 77200K->1376K(77824K)] 453464K->377640K(702976K), 0.0031727 secs] [Times: user=0.01 sys=0.00, real=0.00 secs] 
2398.744: [GC (Allocation Failure) [PSYoungGen: 77152K->1376K(77824K)] 453416K->377640K(702976K), 0.0023708 secs] [Times: user=0.01 sys=0.00, real=0.00 secs] 
2399.343: [GC (Allocation Failure) [PSYoungGen: 77152K->1344K(77312K)] 453416K->377608K(702464K), 0.0026272 secs] [Times: user=0.01 sys=0.00, real=0.00 secs] 
2400.587: [GC (Allocation Failure) [PSYoungGen: 77120K->1408K(77312K)] 453384K->377672K(702464K), 0.0019067 secs] [Times: user=0.01 sys=0.00, real=0.01 secs] 
2401.348: [GC (Allocation Failure) [PSYoungGen: 77184K->1376K(77312K)] 453448K->377640K(702464K), 0.0019699 secs] [Times: user=0.01 sys=0.00, real=0.00 secs] 
2401.994: [GC (Allocation Failure) [PSYoungGen: 77152K->1392K(77312K)] 453416K->377656K(702464K), 0.0027648 secs] [Times: user=0.01 sys=0.00, real=0.00 secs] 
2402.318: [GC (Allocation Failure) [PSYoungGen: 77168K->1344K(77312K)] 453432K->377608K(702464K), 0.0019132 secs] [Times: user=0.00 sys=0.00, real=0.00 secs] 
2403.420: [GC (Allocation Failure) [PSYoungGen: 77120K->1440K(77312K)] 453384K->377704K(702464K), 0.0020710 secs] [Times: user=0.01 sys=0.00, real=0.00 secs] 
2404.463: [GC (Allocation Failure) [PSYoungGen: 77216K->1376K(77312K)] 453480K->377640K(702464K), 0.0023639 secs] [Times: user=0.01 sys=0.00, real=0.00 secs] 
2405.192: [GC (Allocation Failure) [PSYoungGen: 77152K->1344K(77312K)] 453416K->377608K(702464K), 0.0028962 secs] [Times: user=0.01 sys=0.00, real=0.00 secs] 
2406.170: [GC (Allocation Failure) [PSYoungGen: 77120K->1392K(77312K)] 453384K->377656K(702464K), 0.0028521 secs] [Times: user=0.01 sys=0.00, real=0.00 secs] 
2407.174: [GC (Allocation Failure) [PSYoungGen: 77168K->1408K(77312K)] 453432K->377680K(702464K), 0.0019521 secs] [Times: user=0.01 sys=0.00, real=0.00 secs] 
2407.489: [GC (Allocation Failure) [PSYoungGen: 77184K->1344K(77312K)] 453456K->377616K(702464K), 0.0021782 secs] [Times: user=0.00 sys=0.00, real=0.00 secs] 
2407.805: [GC (Allocation Failure) [PSYoungGen: 77120K->1344K(77312K)] 453392K->377616K(702464K), 0.0021915 secs] [Times: user=0.01 sys=0.00, real=0.00 secs] 
2408.127: [GC (Allocation Failure) [PSYoungGen: 77120K->1376K(77312K)] 453392K->377648K(702464K), 0.0025612 secs] [Times: user=0.01 sys=0.00, real=0.00 secs] 
2408.940: [GC (Allocation Failure) [PSYoungGen: 77152K->1376K(77312K)] 453424K->377648K(702464K), 0.0017202 secs] [Times: user=0.01 sys=0.00, real=0.00 secs] 
2409.474: [GC (Allocation Failure) [PSYoungGen: 77152K->1344K(77312K)] 453424K->377616K(702464K), 0.0018183 secs] [Times: user=0.00 sys=0.00, real=0.00 secs] 
2410.098: [GC (Allocation Failure) [PSYoungGen: 77120K->1408K(77312K)] 453392K->377680K(702464K), 0.0023079 secs] [Times: user=0.00 sys=0.00, real=0.00 secs] 
2410.725: [GC (Allocation Failure) [PSYoungGen: 77184K->1408K(77312K)] 453456K->377680K(702464K), 0.0026282 secs] [Times: user=0.01 sys=0.00, real=0.01 secs] 
2411.655: [GC (Allocation Failure) [PSYoungGen: 77184K->1376K(77312K)] 453456K->377648K(702464K), 0.0018574 secs] [Times: user=0.01 sys=0.00, real=0.00 secs] 
2412.158: [GC (Allocation Failure) [PSYoungGen: 77152K->1360K(77312K)] 453424K->377640K(702464K), 0.0017718 secs] [Times: user=0.00 sys=0.00, real=0.00 secs] 
2412.822: [GC (Allocation Failure) [PSYoungGen: 77136K->1408K(77312K)] 453416K->377688K(702464K), 0.0021329 secs] [Times: user=0.01 sys=0.00, real=0.00 secs] 
2413.491: [GC (Allocation Failure) [PSYoungGen: 77184K->1344K(77312K)] 453464K->377624K(702464K), 0.0021316 secs] [Times: user=0.01 sys=0.00, real=0.00 secs] 
2414.979: [GC (Allocation Failure) [PSYoungGen: 77120K->1408K(77312K)] 453400K->377688K(702464K), 0.0021831 secs] [Times: user=0.01 sys=0.00, real=0.00 secs] 
2416.293: [GC (Allocation Failure) [PSYoungGen: 77184K->1344K(77312K)] 453464K->377632K(702464K), 0.0022017 secs] [Times: user=0.01 sys=0.00, real=0.00 secs] 
2416.939: [GC (Allocation Failure) [PSYoungGen: 77120K->1376K(77312K)] 453408K->377664K(702464K), 0.0024333 secs] [Times: user=0.01 sys=0.00, real=0.00 secs] 
2417.315: [GC (Allocation Failure) [PSYoungGen: 77152K->1344K(77312K)] 453440K->377632K(702464K), 0.0021702 secs] [Times: user=0.01 sys=0.00, real=0.01 secs] 
2419.224: [GC (Allocation Failure) [PSYoungGen: 77120K->1408K(77312K)] 453408K->377696K(702464K), 0.0053990 secs] [Times: user=0.02 sys=0.00, real=0.01 secs] 
2420.379: [GC (Allocation Failure) [PSYoungGen: 77184K->1376K(77312K)] 453472K->377664K(702464K), 0.0035433 secs] [Times: user=0.01 sys=0.00, real=0.00 secs] 
2421.382: [GC (Allocation Failure) [PSYoungGen: 77152K->1344K(77312K)] 453440K->377632K(702464K), 0.0029031 secs] [Times: user=0.01 sys=0.00, real=0.00 secs] 
2422.271: [GC (Allocation Failure) [PSYoungGen: 77120K->1357K(77312K)] 453408K->377645K(702464K), 0.0022167 secs] [Times: user=0.01 sys=0.00, real=0.00 secs] 
2423.220: [GC (Allocation Failure) [PSYoungGen: 77133K->1440K(77312K)] 453421K->377728K(702464K), 0.0019816 secs] [Times: user=0.01 sys=0.00, real=0.00 secs] 
2424.179: [GC (Allocation Failure) [PSYoungGen: 77216K->1376K(77312K)] 453504K->377672K(702464K), 0.0035169 secs] [Times: user=0.01 sys=0.00, real=0.00 secs] 
2425.131: [GC (Allocation Failure) [PSYoungGen: 77152K->1376K(77312K)] 453448K->377680K(702464K), 0.0041548 secs] [Times: user=0.01 sys=0.00, real=0.00 secs] 
2426.399: [GC (Allocation Failure) [PSYoungGen: 77152K->1357K(77312K)] 453456K->377661K(702464K), 0.0015175 secs] [Times: user=0.01 sys=0.00, real=0.00 secs] 
2427.328: [GC (Allocation Failure) [PSYoungGen: 77133K->1408K(77312K)] 453437K->377712K(702464K), 0.0021523 secs] [Times: user=0.01 sys=0.00, real=0.00 secs] 
2427.906: [GC (Allocation Failure) [PSYoungGen: 77184K->1376K(77312K)] 453488K->377680K(702464K), 0.0027498 secs] [Times: user=0.01 sys=0.00, real=0.01 secs] 
2428.215: [GC (Allocation Failure) [PSYoungGen: 77152K->1376K(77312K)] 453456K->377680K(702464K), 0.0021205 secs] [Times: user=0.01 sys=0.00, real=0.01 secs] 
2429.102: [GC (Allocation Failure) [PSYoungGen: 77152K->1357K(77312K)] 453456K->377669K(702464K), 0.0015512 secs] [Times: user=0.00 sys=0.00, real=0.00 secs] 
2429.968: [GC (Allocation Failure) [PSYoungGen: 77133K->1440K(77312K)] 453445K->377752K(702464K), 0.0027940 secs] [Times: user=0.02 sys=0.00, real=0.00 secs] 
2430.285: [GC (Allocation Failure) [PSYoungGen: 77216K->1344K(77312K)] 453528K->377656K(702464K), 0.0020412 secs] [Times: user=0.01 sys=0.00, real=0.01 secs] 
2430.736: [GC (Allocation Failure) [PSYoungGen: 77120K->1376K(77312K)] 453432K->377688K(702464K), 0.0026799 secs] [Times: user=0.01 sys=0.00, real=0.01 secs] 
2431.758: [GC (Allocation Failure) [PSYoungGen: 76686K->256K(77312K)] 452999K->376568K(702464K), 0.0019959 secs] [Times: user=0.00 sys=0.00, real=0.00 secs] 
2432.349: [GC (Allocation Failure) [PSYoungGen: 76032K->1344K(77824K)] 452344K->377656K(702976K), 0.0019205 secs] [Times: user=0.01 sys=0.00, real=0.00 secs] 
2432.939: [GC (Allocation Failure) [PSYoungGen: 77120K->1344K(77824K)] 453432K->377656K(702976K), 0.0024201 secs] [Times: user=0.01 sys=0.00, real=0.00 secs] 
2433.870: [GC (Allocation Failure) [PSYoungGen: 77120K->1376K(77824K)] 453432K->377688K(702976K), 0.0039813 secs] [Times: user=0.01 sys=0.00, real=0.00 secs] 
2434.903: [GC (Allocation Failure) [PSYoungGen: 77152K->1888K(77824K)] 453464K->378200K(702976K), 0.0018062 secs] [Times: user=0.00 sys=0.00, real=0.00 secs] 
2435.979: [GC (Allocation Failure) [PSYoungGen: 77664K->1376K(77824K)] 453976K->377688K(702976K), 0.0036135 secs] [Times: user=0.01 sys=0.00, real=0.00 secs] 
2436.697: [GC (Allocation Failure) [PSYoungGen: 77152K->1344K(77824K)] 453464K->377664K(702976K), 0.0024770 secs] [Times: user=0.01 sys=0.00, real=0.01 secs] 
2437.315: [GC (Allocation Failure) [PSYoungGen: 77120K->1408K(77824K)] 453440K->377728K(702976K), 0.0023740 secs] [Times: user=0.00 sys=0.00, real=0.01 secs] 
2438.371: [GC (Allocation Failure) [PSYoungGen: 77184K->1376K(77824K)] 453504K->377696K(702976K), 0.0018435 secs] [Times: user=0.01 sys=0.00, real=0.00 secs] 
2438.898: [GC (Allocation Failure) [PSYoungGen: 77152K->1360K(77824K)] 453472K->377680K(702976K), 0.0028559 secs] [Times: user=0.01 sys=0.00, real=0.00 secs] 
2439.485: [GC (Allocation Failure) [PSYoungGen: 77136K->1344K(77824K)] 453456K->377664K(702976K), 0.0026869 secs] [Times: user=0.01 sys=0.00, real=0.01 secs] 
2440.098: [GC (Allocation Failure) [PSYoungGen: 77120K->1376K(77824K)] 453440K->377696K(702976K), 0.0027906 secs] [Times: user=0.02 sys=0.00, real=0.00 secs] 
2441.037: [GC (Allocation Failure) [PSYoungGen: 77152K->1376K(77824K)] 453472K->377696K(702976K), 0.0017971 secs] [Times: user=0.00 sys=0.00, real=0.00 secs] 
2441.360: [GC (Allocation Failure) [PSYoungGen: 77152K->1376K(77824K)] 453472K->377696K(702976K), 0.0017676 secs] [Times: user=0.01 sys=0.00, real=0.00 secs] 
2441.675: [GC (Allocation Failure) [PSYoungGen: 77152K->1360K(77824K)] 453472K->377680K(702976K), 0.0016940 secs] [Times: user=0.00 sys=0.00, real=0.00 secs] 
2441.991: [GC (Allocation Failure) [PSYoungGen: 77136K->1376K(77312K)] 453456K->377696K(702464K), 0.0024485 secs] [Times: user=0.01 sys=0.00, real=0.00 secs] 
2443.008: [GC (Allocation Failure) [PSYoungGen: 77152K->1408K(77312K)] 453472K->377728K(702464K), 0.0023922 secs] [Times: user=0.01 sys=0.00, real=0.00 secs] 
2443.327: [GC (Allocation Failure) [PSYoungGen: 77184K->352K(76800K)] 453504K->377696K(701952K), 0.0019529 secs] [Times: user=0.01 sys=0.00, real=0.00 secs] 
2443.806: [GC (Allocation Failure) [PSYoungGen: 76128K->368K(77824K)] 453472K->377712K(702976K), 0.0021427 secs] [Times: user=0.00 sys=0.00, real=0.01 secs] 
2444.558: [GC (Allocation Failure) [PSYoungGen: 76144K->320K(77824K)] 453488K->377672K(702976K), 0.0043259 secs] [Times: user=0.01 sys=0.00, real=0.00 secs] 
2445.842: [GC (Allocation Failure) [PSYoungGen: 76096K->1408K(77824K)] 453448K->378760K(702976K), 0.0030098 secs] [Times: user=0.01 sys=0.00, real=0.00 secs] 
2446.401: [GC (Allocation Failure) [PSYoungGen: 77184K->1408K(77824K)] 454536K->378760K(702976K), 0.0020703 secs] [Times: user=0.01 sys=0.00, real=0.00 secs] 
2446.716: [GC (Allocation Failure) [PSYoungGen: 77184K->1328K(77824K)] 454536K->378680K(702976K), 0.0020467 secs] [Times: user=0.01 sys=0.00, real=0.01 secs] 
2447.308: [GC (Allocation Failure) [PSYoungGen: 77104K->1376K(77824K)] 454456K->378728K(702976K), 0.0021711 secs] [Times: user=0.01 sys=0.00, real=0.00 secs] 
2448.412: [GC (Allocation Failure) [PSYoungGen: 77152K->1408K(77824K)] 454504K->378768K(702976K), 0.0023578 secs] [Times: user=0.01 sys=0.00, real=0.00 secs] 
2449.341: [GC (Allocation Failure) [PSYoungGen: 77184K->1408K(77824K)] 454544K->378768K(702976K), 0.0032944 secs] [Times: user=0.02 sys=0.00, real=0.00 secs] 
2450.313: [GC (Allocation Failure) [PSYoungGen: 77184K->1408K(77824K)] 454544K->378768K(702976K), 0.0041298 secs] [Times: user=0.01 sys=0.00, real=0.01 secs] 
2451.380: [GC (Allocation Failure) [PSYoungGen: 77184K->1408K(77824K)] 454544K->378768K(702976K), 0.0038351 secs] [Times: user=0.02 sys=0.00, real=0.00 secs] 
2452.530: [GC (Allocation Failure) [PSYoungGen: 77184K->1408K(77824K)] 454544K->378776K(702976K), 0.0019000 secs] [Times: user=0.01 sys=0.00, real=0.00 secs] 
2453.240: [GC (Allocation Failure) [PSYoungGen: 77184K->1376K(77824K)] 454552K->378744K(702976K), 0.0025522 secs] [Times: user=0.01 sys=0.00, real=0.00 secs] 
2453.643: [GC (Allocation Failure) [PSYoungGen: 77152K->1360K(77824K)] 454520K->378728K(702976K), 0.0020903 secs] [Times: user=0.01 sys=0.00, real=0.00 secs] 
2453.971: [GC (Allocation Failure) [PSYoungGen: 77136K->1376K(77824K)] 454504K->378744K(702976K), 0.0019270 secs] [Times: user=0.01 sys=0.00, real=0.00 secs] 
2455.166: [GC (Allocation Failure) [PSYoungGen: 77152K->1408K(77824K)] 454520K->378776K(702976K), 0.0025142 secs] [Times: user=0.01 sys=0.00, real=0.01 secs] 
2455.841: [GC (Allocation Failure) [PSYoungGen: 77184K->1408K(77824K)] 454552K->378776K(702976K), 0.0025962 secs] [Times: user=0.01 sys=0.00, real=0.00 secs] 
2456.673: [GC (Allocation Failure) [PSYoungGen: 77184K->1408K(77824K)] 454552K->378784K(702976K), 0.0026265 secs] [Times: user=0.01 sys=0.00, real=0.00 secs] 
2457.485: [GC (Allocation Failure) [PSYoungGen: 77184K->1408K(77824K)] 454560K->378784K(702976K), 0.0025979 secs] [Times: user=0.02 sys=0.00, real=0.01 secs] 
2458.823: [GC (Allocation Failure) [PSYoungGen: 77184K->1440K(77824K)] 454560K->378816K(702976K), 0.0019208 secs] [Times: user=0.00 sys=0.00, real=0.00 secs] 
2459.939: [GC (Allocation Failure) [PSYoungGen: 77216K->1408K(77824K)] 454592K->378784K(702976K), 0.0036580 secs] [Times: user=0.01 sys=0.00, real=0.00 secs] 
2460.627: [GC (Allocation Failure) [PSYoungGen: 77184K->1376K(77824K)] 454560K->378752K(702976K), 0.0023215 secs] [Times: user=0.01 sys=0.00, real=0.00 secs] 
2461.394: [GC (Allocation Failure) [PSYoungGen: 77152K->1376K(77824K)] 454528K->378760K(702976K), 0.0028219 secs] [Times: user=0.01 sys=0.00, real=0.01 secs] 
2462.842: [GC (Allocation Failure) [PSYoungGen: 77152K->1440K(77824K)] 454536K->378824K(702976K), 0.0021995 secs] [Times: user=0.01 sys=0.00, real=0.00 secs] 
2463.487: [GC (Allocation Failure) [PSYoungGen: 77216K->1376K(77824K)] 454600K->378760K(702976K), 0.0023311 secs] [Times: user=0.01 sys=0.00, real=0.00 secs] 
2463.849: [GC (Allocation Failure) [PSYoungGen: 77152K->1408K(77824K)] 454536K->378792K(702976K), 0.0020531 secs] [Times: user=0.00 sys=0.00, real=0.00 secs] 
2464.187: [GC (Allocation Failure) [PSYoungGen: 77174K->288K(77824K)] 454559K->377680K(702976K), 0.0020741 secs] [Times: user=0.01 sys=0.00, real=0.00 secs] 
2466.238: [GC (Allocation Failure) [PSYoungGen: 76064K->1392K(77824K)] 453456K->378792K(702976K), 0.0043293 secs] [Times: user=0.02 sys=0.00, real=0.00 secs] 
2467.680: [GC (Allocation Failure) [PSYoungGen: 77168K->1408K(77824K)] 454568K->378808K(702976K), 0.0026806 secs] [Times: user=0.01 sys=0.00, real=0.00 secs] 
2468.464: [GC (Allocation Failure) [PSYoungGen: 77184K->1392K(77824K)] 454584K->378792K(702976K), 0.0027233 secs] [Times: user=0.01 sys=0.00, real=0.01 secs] 
2469.137: [GC (Allocation Failure) [PSYoungGen: 77168K->1389K(77824K)] 454568K->378797K(702976K), 0.0016957 secs] [Times: user=0.00 sys=0.00, real=0.00 secs] 
2470.673: [GC (Allocation Failure) [PSYoungGen: 77165K->1440K(77824K)] 454573K->378848K(702976K), 0.0028580 secs] [Times: user=0.01 sys=0.00, real=0.00 secs] 
2471.313: [GC (Allocation Failure) [PSYoungGen: 77216K->1408K(77824K)] 454624K->378816K(702976K), 0.0026835 secs] [Times: user=0.01 sys=0.00, real=0.00 secs] 
2472.023: [GC (Allocation Failure) [PSYoungGen: 77184K->1408K(77824K)] 454592K->378816K(702976K), 0.0024529 secs] [Times: user=0.01 sys=0.00, real=0.00 secs] 
2472.601: [GC (Allocation Failure) [PSYoungGen: 77184K->1357K(77824K)] 454592K->378765K(702976K), 0.0016290 secs] [Times: user=0.00 sys=0.00, real=0.00 secs] 
2473.607: [GC (Allocation Failure) [PSYoungGen: 77133K->1408K(77824K)] 454541K->378816K(702976K), 0.0022074 secs] [Times: user=0.01 sys=0.00, real=0.00 secs] 
2474.068: [GC (Allocation Failure) [PSYoungGen: 77184K->1408K(77824K)] 454592K->378816K(702976K), 0.0020750 secs] [Times: user=0.01 sys=0.00, real=0.00 secs] 
2474.538: [GC (Allocation Failure) [PSYoungGen: 77184K->1376K(77824K)] 454592K->378784K(702976K), 0.0022624 secs] [Times: user=0.01 sys=0.00, real=0.00 secs] 
2475.683: [GC (Allocation Failure) [PSYoungGen: 77152K->1389K(77824K)] 454560K->378797K(702976K), 0.0016397 secs] [Times: user=0.00 sys=0.00, real=0.00 secs] 
2476.433: [GC (Allocation Failure) [PSYoungGen: 77165K->1440K(77824K)] 454573K->378848K(702976K), 0.0018763 secs] [Times: user=0.01 sys=0.00, real=0.00 secs] 
2477.126: [GC (Allocation Failure) [PSYoungGen: 77216K->1392K(77824K)] 454624K->378800K(702976K), 0.0019815 secs] [Times: user=0.01 sys=0.00, real=0.01 secs] 
2477.770: [GC (Allocation Failure) [PSYoungGen: 77168K->1408K(77824K)] 454576K->378816K(702976K), 0.0029470 secs] [Times: user=0.01 sys=0.00, real=0.00 secs] 
2478.784: [GC (Allocation Failure) [PSYoungGen: 77184K->1408K(77824K)] 454592K->378840K(702976K), 0.0016526 secs] [Times: user=0.00 sys=0.00, real=0.00 secs] 
2481.700: [GC (Allocation Failure) [PSYoungGen: 77184K->1376K(77824K)] 454616K->378808K(702976K), 0.0036027 secs] [Times: user=0.01 sys=0.00, real=0.00 secs] 
2482.027: [GC (Allocation Failure) [PSYoungGen: 77152K->1344K(77824K)] 454584K->378776K(702976K), 0.0020568 secs] [Times: user=0.01 sys=0.01, real=0.00 secs] 
2482.342: [GC (Allocation Failure) [PSYoungGen: 77120K->1408K(77824K)] 454552K->378840K(702976K), 0.0018791 secs] [Times: user=0.01 sys=0.00, real=0.00 secs] 
2483.107: [GC (Allocation Failure) [PSYoungGen: 77184K->1888K(77824K)] 454616K->379320K(702976K), 0.0017057 secs] [Times: user=0.01 sys=0.00, real=0.01 secs] 
2483.430: [GC (Allocation Failure) [PSYoungGen: 77664K->1328K(77824K)] 455096K->378760K(702976K), 0.0019415 secs] [Times: user=0.00 sys=0.00, real=0.00 secs] 
2483.744: [GC (Allocation Failure) [PSYoungGen: 77104K->1344K(77824K)] 454536K->378776K(702976K), 0.0018223 secs] [Times: user=0.00 sys=0.00, real=0.00 secs] 
2484.140: [GC (Allocation Failure) [PSYoungGen: 77120K->1344K(77824K)] 454552K->378776K(702976K), 0.0018486 secs] [Times: user=0.00 sys=0.00, real=0.00 secs] 
2484.886: [GC (Allocation Failure) [PSYoungGen: 77120K->1408K(77824K)] 454552K->378840K(702976K), 0.0016082 secs] [Times: user=0.01 sys=0.00, real=0.01 secs] 
2485.199: [GC (Allocation Failure) [PSYoungGen: 77184K->1376K(77824K)] 454616K->378808K(702976K), 0.0015897 secs] [Times: user=0.01 sys=0.00, real=0.00 secs] 
2485.514: [GC (Allocation Failure) [PSYoungGen: 77152K->1344K(77824K)] 454584K->378784K(702976K), 0.0016202 secs] [Times: user=0.01 sys=0.00, real=0.00 secs] 
2485.843: [GC (Allocation Failure) [PSYoungGen: 77120K->1392K(77824K)] 454560K->378832K(702976K), 0.0016060 secs] [Times: user=0.00 sys=0.01, real=0.00 secs] 
2486.738: [GC (Allocation Failure) [PSYoungGen: 77168K->1376K(77824K)] 454608K->378816K(702976K), 0.0019289 secs] [Times: user=0.01 sys=0.00, real=0.00 secs] 
2487.602: [GC (Allocation Failure) [PSYoungGen: 77152K->1376K(77824K)] 454592K->378816K(702976K), 0.0048418 secs] [Times: user=0.02 sys=0.00, real=0.01 secs] 
2488.279: [GC (Allocation Failure) [PSYoungGen: 77152K->1376K(77824K)] 454592K->378816K(702976K), 0.0025974 secs] [Times: user=0.01 sys=0.00, real=0.00 secs] 
2488.618: [GC (Allocation Failure) [PSYoungGen: 77152K->1376K(77824K)] 454592K->378816K(702976K), 0.0019024 secs] [Times: user=0.01 sys=0.00, real=0.00 secs] 
2489.566: [GC (Allocation Failure) [PSYoungGen: 77152K->1440K(77824K)] 454592K->378880K(702976K), 0.0021718 secs] [Times: user=0.01 sys=0.00, real=0.01 secs] 
2490.355: [GC (Allocation Failure) [PSYoungGen: 77216K->1376K(77312K)] 454656K->378816K(702464K), 0.0057871 secs] [Times: user=0.02 sys=0.00, real=0.01 secs] 
2491.189: [GC (Allocation Failure) [PSYoungGen: 77152K->1408K(77312K)] 454592K->378848K(702464K), 0.0040272 secs] [Times: user=0.02 sys=0.00, real=0.00 secs] 
2491.954: [GC (Allocation Failure) [PSYoungGen: 77184K->1408K(77312K)] 454624K->378848K(702464K), 0.0028235 secs] [Times: user=0.02 sys=0.00, real=0.01 secs] 
2493.174: [GC (Allocation Failure) [PSYoungGen: 77184K->1376K(77312K)] 454624K->378816K(702464K), 0.0018596 secs] [Times: user=0.01 sys=0.00, real=0.00 secs] 
2493.921: [GC (Allocation Failure) [PSYoungGen: 77152K->1376K(77312K)] 454592K->378816K(702464K), 0.0037346 secs] [Times: user=0.01 sys=0.00, real=0.00 secs] 
2494.622: [GC (Allocation Failure) [PSYoungGen: 77152K->1344K(77312K)] 454592K->378784K(702464K), 0.0031443 secs] [Times: user=0.02 sys=0.00, real=0.00 secs] 
2495.135: [GC (Allocation Failure) [PSYoungGen: 77120K->1376K(77312K)] 454560K->378824K(702464K), 0.0021608 secs] [Times: user=0.00 sys=0.00, real=0.01 secs] 
2496.435: [GC (Allocation Failure) [PSYoungGen: 77152K->1408K(77312K)] 454600K->378856K(702464K), 0.0021568 secs] [Times: user=0.01 sys=0.00, real=0.01 secs] 
2496.770: [GC (Allocation Failure) [PSYoungGen: 77184K->1344K(77312K)] 454632K->378792K(702464K), 0.0021206 secs] [Times: user=0.00 sys=0.00, real=0.00 secs] 
2497.163: [GC (Allocation Failure) [PSYoungGen: 77120K->1376K(77312K)] 454568K->378824K(702464K), 0.0019707 secs] [Times: user=0.01 sys=0.00, real=0.00 secs] 
2497.796: [GC (Allocation Failure) [PSYoungGen: 77152K->1376K(77312K)] 454600K->378824K(702464K), 0.0018887 secs] [Times: user=0.01 sys=0.00, real=0.01 secs] 
2498.957: [GC (Allocation Failure) [PSYoungGen: 77152K->1408K(77312K)] 454600K->378856K(702464K), 0.0019137 secs] [Times: user=0.01 sys=0.00, real=0.00 secs] 
2499.753: [GC (Allocation Failure) [PSYoungGen: 77184K->1408K(77312K)] 454632K->378856K(702464K), 0.0041738 secs] [Times: user=0.01 sys=0.00, real=0.01 secs] 
2500.330: [GC (Allocation Failure) [PSYoungGen: 77184K->1360K(77312K)] 454632K->378808K(702464K), 0.0025050 secs] [Times: user=0.01 sys=0.00, real=0.00 secs] 
2501.036: [GC (Allocation Failure) [PSYoungGen: 77136K->1408K(77312K)] 454584K->378856K(702464K), 0.0026830 secs] [Times: user=0.01 sys=0.00, real=0.01 secs] 
2502.038: [GC (Allocation Failure) [PSYoungGen: 77184K->1408K(77312K)] 454632K->378856K(702464K), 0.0026557 secs] [Times: user=0.00 sys=0.00, real=0.00 secs] 
2502.357: [GC (Allocation Failure) [PSYoungGen: 77184K->1344K(77312K)] 454632K->378792K(702464K), 0.0020231 secs] [Times: user=0.01 sys=0.00, real=0.01 secs] 
2502.847: [GC (Allocation Failure) [PSYoungGen: 77120K->1344K(77312K)] 454568K->378792K(702464K), 0.0020737 secs] [Times: user=0.01 sys=0.00, real=0.00 secs] 
2503.447: [GC (Allocation Failure) [PSYoungGen: 77120K->1344K(77312K)] 454568K->378800K(702464K), 0.0031332 secs] [Times: user=0.02 sys=0.00, real=0.00 secs] 
2504.394: [GC (Allocation Failure) [PSYoungGen: 77120K->1376K(77312K)] 454576K->378832K(702464K), 0.0019348 secs] [Times: user=0.01 sys=0.00, real=0.00 secs] 
2504.709: [GC (Allocation Failure) [PSYoungGen: 77152K->1344K(77312K)] 454608K->378808K(702464K), 0.0018562 secs] [Times: user=0.01 sys=0.00, real=0.00 secs] 
2505.024: [GC (Allocation Failure) [PSYoungGen: 77120K->1344K(77312K)] 454584K->378808K(702464K), 0.0018364 secs] [Times: user=0.00 sys=0.00, real=0.00 secs] 
2505.343: [GC (Allocation Failure) [PSYoungGen: 77120K->1344K(77312K)] 454584K->378808K(702464K), 0.0021304 secs] [Times: user=0.01 sys=0.00, real=0.00 secs] 
2506.574: [GC (Allocation Failure) [PSYoungGen: 77120K->1408K(77312K)] 454584K->378872K(702464K), 0.0033244 secs] [Times: user=0.01 sys=0.00, real=0.01 secs] 
2507.209: [GC (Allocation Failure) [PSYoungGen: 77184K->1376K(77312K)] 454648K->378840K(702464K), 0.0027477 secs] [Times: user=0.01 sys=0.00, real=0.00 secs] 
2507.773: [GC (Allocation Failure) [PSYoungGen: 77152K->1312K(77312K)] 454616K->378776K(702464K), 0.0022892 secs] [Times: user=0.01 sys=0.00, real=0.00 secs] 
2508.319: [GC (Allocation Failure) [PSYoungGen: 77088K->1392K(77312K)] 454552K->378856K(702464K), 0.0021836 secs] [Times: user=0.01 sys=0.00, real=0.00 secs] 
2509.681: [GC (Allocation Failure) [PSYoungGen: 77168K->1408K(77312K)] 454632K->378872K(702464K), 0.0049650 secs] [Times: user=0.02 sys=0.00, real=0.00 secs] 
2510.072: [GC (Allocation Failure) [PSYoungGen: 77184K->1376K(77312K)] 454648K->378840K(702464K), 0.0019532 secs] [Times: user=0.01 sys=0.00, real=0.00 secs] 
2510.387: [GC (Allocation Failure) [PSYoungGen: 77152K->1344K(77312K)] 454616K->378808K(702464K), 0.0020630 secs] [Times: user=0.01 sys=0.00, real=0.00 secs] 
2510.914: [GC (Allocation Failure) [PSYoungGen: 77120K->1328K(77312K)] 454584K->378792K(702464K), 0.0015318 secs] [Times: user=0.01 sys=0.00, real=0.00 secs] 
2511.990: [GC (Allocation Failure) [PSYoungGen: 77104K->1376K(77312K)] 454568K->378840K(702464K), 0.0021935 secs] [Times: user=0.01 sys=0.00, real=0.00 secs] 
2513.046: [GC (Allocation Failure) [PSYoungGen: 77152K->1408K(77312K)] 454616K->378872K(702464K), 0.0032918 secs] [Times: user=0.01 sys=0.00, real=0.01 secs] 
2513.978: [GC (Allocation Failure) [PSYoungGen: 77184K->1376K(77312K)] 454648K->378840K(702464K), 0.0028509 secs] [Times: user=0.01 sys=0.00, real=0.00 secs] 
2515.325: [GC (Allocation Failure) [PSYoungGen: 77152K->1360K(77312K)] 454616K->378824K(702464K), 0.0016634 secs] [Times: user=0.01 sys=0.00, real=0.00 secs] 
2516.375: [GC (Allocation Failure) [PSYoungGen: 77136K->1328K(77312K)] 454600K->378800K(702464K), 0.0022949 secs] [Times: user=0.01 sys=0.00, real=0.01 secs] 
2516.991: [GC (Allocation Failure) [PSYoungGen: 77104K->1376K(77312K)] 454576K->378848K(702464K), 0.0022300 secs] [Times: user=0.01 sys=0.00, real=0.00 secs] 
2517.644: [GC (Allocation Failure) [PSYoungGen: 77152K->1376K(77312K)] 454624K->378848K(702464K), 0.0030688 secs] [Times: user=0.01 sys=0.00, real=0.01 secs] 
2518.704: [GC (Allocation Failure) [PSYoungGen: 77152K->285K(77312K)] 454624K->377757K(702464K), 0.0015563 secs] [Times: user=0.00 sys=0.00, real=0.00 secs] 
2519.314: [GC (Allocation Failure) [PSYoungGen: 76061K->1376K(77824K)] 453533K->378848K(702976K), 0.0019297 secs] [Times: user=0.01 sys=0.00, real=0.00 secs] 
2519.917: [GC (Allocation Failure) [PSYoungGen: 77152K->1408K(77824K)] 454624K->378880K(702976K), 0.0031960 secs] [Times: user=0.01 sys=0.00, real=0.01 secs] 
2520.600: [GC (Allocation Failure) [PSYoungGen: 77184K->1376K(77824K)] 454656K->378848K(702976K), 0.0027087 secs] [Times: user=0.01 sys=0.00, real=0.00 secs] 
2521.679: [GC (Allocation Failure) [PSYoungGen: 77152K->1632K(77824K)] 454624K->379104K(702976K), 0.0015985 secs] [Times: user=0.01 sys=0.00, real=0.00 secs] 
2522.009: [GC (Allocation Failure) [PSYoungGen: 77408K->1376K(77824K)] 454880K->378848K(702976K), 0.0019766 secs] [Times: user=0.01 sys=0.00, real=0.00 secs] 
2522.333: [GC (Allocation Failure) [PSYoungGen: 77152K->1344K(77824K)] 454624K->378816K(702976K), 0.0018193 secs] [Times: user=0.00 sys=0.00, real=0.00 secs] 
2522.649: [GC (Allocation Failure) [PSYoungGen: 77120K->1328K(77824K)] 454592K->378800K(702976K), 0.0032053 secs] [Times: user=0.02 sys=0.00, real=0.00 secs] 
2524.084: [GC (Allocation Failure) [PSYoungGen: 77104K->1456K(77824K)] 454576K->378928K(702976K), 0.0036136 secs] [Times: user=0.02 sys=0.00, real=0.01 secs] 
2525.838: [GC (Allocation Failure) [PSYoungGen: 77232K->1376K(77824K)] 454704K->378848K(702976K), 0.0050120 secs] [Times: user=0.02 sys=0.00, real=0.00 secs] 
2526.939: [GC (Allocation Failure) [PSYoungGen: 77152K->1360K(77824K)] 454624K->378832K(702976K), 0.0035762 secs] [Times: user=0.01 sys=0.00, real=0.00 secs] 
2527.946: [GC (Allocation Failure) [PSYoungGen: 77136K->1376K(77824K)] 454608K->378856K(702976K), 0.0027311 secs] [Times: user=0.01 sys=0.00, real=0.01 secs] 
2529.186: [GC (Allocation Failure) [PSYoungGen: 77152K->1408K(77824K)] 454632K->378888K(702976K), 0.0019058 secs] [Times: user=0.00 sys=0.00, real=0.01 secs] 
2530.079: [GC (Allocation Failure) [PSYoungGen: 77184K->1344K(77824K)] 454664K->378824K(702976K), 0.0048198 secs] [Times: user=0.02 sys=0.00, real=0.00 secs] 
2531.058: [GC (Allocation Failure) [PSYoungGen: 77120K->1344K(77824K)] 454600K->378824K(702976K), 0.0053379 secs] [Times: user=0.02 sys=0.00, real=0.00 secs] 
2531.975: [GC (Allocation Failure) [PSYoungGen: 77120K->1376K(77824K)] 454600K->378856K(702976K), 0.0038159 secs] [Times: user=0.02 sys=0.00, real=0.01 secs] 
2533.333: [GC (Allocation Failure) [PSYoungGen: 77152K->1376K(77312K)] 454632K->378856K(702464K), 0.0024152 secs] [Times: user=0.01 sys=0.00, real=0.00 secs] 
2534.375: [GC (Allocation Failure) [PSYoungGen: 77152K->1376K(77312K)] 454632K->378856K(702464K), 0.0024909 secs] [Times: user=0.01 sys=0.00, real=0.01 secs] 
2535.281: [GC (Allocation Failure) [PSYoungGen: 77152K->1344K(77312K)] 454632K->378824K(702464K), 0.0025310 secs] [Times: user=0.01 sys=0.00, real=0.00 secs] 
2536.450: [GC (Allocation Failure) [PSYoungGen: 77120K->1408K(77312K)] 454600K->378896K(702464K), 0.0030210 secs] [Times: user=0.02 sys=0.00, real=0.00 secs] 
2537.675: [GC (Allocation Failure) [PSYoungGen: 77184K->1392K(77312K)] 454672K->378888K(702464K), 0.0022951 secs] [Times: user=0.01 sys=0.00, real=0.01 secs] 
2537.991: [GC (Allocation Failure) [PSYoungGen: 77168K->1360K(77312K)] 454664K->378856K(702464K), 0.0021813 secs] [Times: user=0.01 sys=0.00, real=0.00 secs] 
2538.306: [GC (Allocation Failure) [PSYoungGen: 77136K->1408K(77312K)] 454632K->378904K(702464K), 0.0020922 secs] [Times: user=0.00 sys=0.00, real=0.01 secs] 
2538.621: [GC (Allocation Failure) [PSYoungGen: 77184K->1344K(77312K)] 454680K->378840K(702464K), 0.0021172 secs] [Times: user=0.01 sys=0.00, real=0.00 secs] 
2539.638: [GC (Allocation Failure) [PSYoungGen: 77120K->1408K(77312K)] 454616K->378912K(702464K), 0.0017650 secs] [Times: user=0.00 sys=0.00, real=0.00 secs] 
2540.592: [GC (Allocation Failure) [PSYoungGen: 77184K->1376K(77312K)] 454688K->378880K(702464K), 0.0017925 secs] [Times: user=0.01 sys=0.00, real=0.00 secs] 
2541.493: [GC (Allocation Failure) [PSYoungGen: 77152K->1376K(77312K)] 454656K->378880K(702464K), 0.0022225 secs] [Times: user=0.01 sys=0.00, real=0.00 secs] 
2542.485: [GC (Allocation Failure) [PSYoungGen: 77152K->1344K(77312K)] 454656K->378848K(702464K), 0.0025144 secs] [Times: user=0.01 sys=0.00, real=0.01 secs] 
2543.774: [GC (Allocation Failure) [PSYoungGen: 77120K->1376K(77312K)] 454624K->378888K(702464K), 0.0018716 secs] [Times: user=0.01 sys=0.00, real=0.00 secs] 
2544.396: [GC (Allocation Failure) [PSYoungGen: 77152K->1376K(77312K)] 454664K->378888K(702464K), 0.0019980 secs] [Times: user=0.01 sys=0.00, real=0.01 secs] 
2545.120: [GC (Allocation Failure) [PSYoungGen: 77152K->1376K(77312K)] 454664K->378888K(702464K), 0.0022225 secs] [Times: user=0.01 sys=0.00, real=0.00 secs] 
2546.073: [GC (Allocation Failure) [PSYoungGen: 77152K->1344K(77312K)] 454664K->378856K(702464K), 0.0026499 secs] [Times: user=0.01 sys=0.00, real=0.00 secs] 
2547.203: [GC (Allocation Failure) [PSYoungGen: 77120K->1376K(77312K)] 454632K->378888K(702464K), 0.0019364 secs] [Times: user=0.01 sys=0.00, real=0.00 secs] 
2547.864: [GC (Allocation Failure) [PSYoungGen: 77152K->1376K(77312K)] 454664K->378896K(702464K), 0.0021719 secs] [Times: user=0.00 sys=0.00, real=0.00 secs] 
2548.565: [GC (Allocation Failure) [PSYoungGen: 77152K->1376K(77312K)] 454672K->378896K(702464K), 0.0024906 secs] [Times: user=0.01 sys=0.00, real=0.01 secs] 
2549.328: [GC (Allocation Failure) [PSYoungGen: 77152K->1344K(77312K)] 454672K->378864K(702464K), 0.0024062 secs] [Times: user=0.01 sys=0.00, real=0.00 secs] 
2551.691: [GC (Allocation Failure) [PSYoungGen: 77120K->1408K(77312K)] 454640K->378928K(702464K), 0.0027646 secs] [Times: user=0.01 sys=0.00, real=0.00 secs] 
2552.092: [GC (Allocation Failure) [PSYoungGen: 77184K->1344K(77312K)] 454704K->378864K(702464K), 0.0019829 secs] [Times: user=0.01 sys=0.00, real=0.00 secs] 
2552.896: [GC (Allocation Failure) [PSYoungGen: 77120K->1344K(77312K)] 454640K->378864K(702464K), 0.0085553 secs] [Times: user=0.04 sys=0.00, real=0.01 secs] 
2553.677: [GC (Allocation Failure) [PSYoungGen: 77120K->1344K(77312K)] 454640K->378864K(702464K), 0.0031730 secs] [Times: user=0.01 sys=0.00, real=0.01 secs] 
2554.998: [GC (Allocation Failure) [PSYoungGen: 77120K->1408K(77312K)] 454640K->378936K(702464K), 0.0028845 secs] [Times: user=0.01 sys=0.00, real=0.00 secs] 
2555.673: [GC (Allocation Failure) [PSYoungGen: 77184K->1440K(77312K)] 454712K->378968K(702464K), 0.0033320 secs] [Times: user=0.01 sys=0.00, real=0.00 secs] 
2556.365: [GC (Allocation Failure) [PSYoungGen: 77216K->1392K(77312K)] 454744K->378920K(702464K), 0.0023712 secs] [Times: user=0.01 sys=0.00, real=0.01 secs] 
2556.917: [GC (Allocation Failure) [PSYoungGen: 77168K->1376K(77312K)] 454696K->378904K(702464K), 0.0028672 secs] [Times: user=0.01 sys=0.00, real=0.00 secs] 
2558.194: [GC (Allocation Failure) [PSYoungGen: 77152K->1408K(77312K)] 454680K->378936K(702464K), 0.0048007 secs] [Times: user=0.02 sys=0.00, real=0.01 secs] 
2558.541: [GC (Allocation Failure) [PSYoungGen: 77184K->1408K(77312K)] 454712K->378944K(702464K), 0.0024515 secs] [Times: user=0.01 sys=0.00, real=0.00 secs] 
2558.940: [GC (Allocation Failure) [PSYoungGen: 77184K->1376K(77312K)] 454720K->378912K(702464K), 0.0020925 secs] [Times: user=0.01 sys=0.00, real=0.00 secs] 
2559.653: [GC (Allocation Failure) [PSYoungGen: 77152K->1392K(77312K)] 454688K->378928K(702464K), 0.0019130 secs] [Times: user=0.00 sys=0.00, real=0.00 secs] 
2560.489: [GC (Allocation Failure) [PSYoungGen: 77168K->1408K(77312K)] 454704K->378944K(702464K), 0.0017950 secs] [Times: user=0.01 sys=0.00, real=0.00 secs] 
2560.888: [GC (Allocation Failure) [PSYoungGen: 77184K->1376K(77312K)] 454720K->378912K(702464K), 0.0021862 secs] [Times: user=0.01 sys=0.00, real=0.00 secs] 
2561.478: [GC (Allocation Failure) [PSYoungGen: 77152K->1392K(77312K)] 454688K->378928K(702464K), 0.0020411 secs] [Times: user=0.01 sys=0.00, real=0.00 secs] 
2562.443: [GC (Allocation Failure) [PSYoungGen: 77168K->1389K(77312K)] 454704K->378925K(702464K), 0.0016091 secs] [Times: user=0.00 sys=0.00, real=0.00 secs] 
2563.412: [GC (Allocation Failure) [PSYoungGen: 77165K->1440K(77312K)] 454701K->378976K(702464K), 0.0029493 secs] [Times: user=0.01 sys=0.00, real=0.00 secs] 
2564.090: [GC (Allocation Failure) [PSYoungGen: 77216K->1376K(77312K)] 454752K->378912K(702464K), 0.0026828 secs] [Times: user=0.01 sys=0.00, real=0.00 secs] 
2564.771: [GC (Allocation Failure) [PSYoungGen: 77152K->1408K(77312K)] 454688K->378952K(702464K), 0.0025801 secs] [Times: user=0.01 sys=0.00, real=0.00 secs] 
2565.599: [GC (Allocation Failure) [PSYoungGen: 77184K->1357K(77312K)] 454728K->378917K(702464K), 0.0016557 secs] [Times: user=0.00 sys=0.00, real=0.00 secs] 
2566.502: [GC (Allocation Failure) [PSYoungGen: 77133K->1408K(77312K)] 454693K->378968K(702464K), 0.0035088 secs] [Times: user=0.01 sys=0.00, real=0.00 secs] 
2567.170: [GC (Allocation Failure) [PSYoungGen: 77184K->1376K(77312K)] 454744K->378936K(702464K), 0.0028577 secs] [Times: user=0.02 sys=0.00, real=0.00 secs] 
2567.674: [GC (Allocation Failure) [PSYoungGen: 77152K->1360K(77312K)] 454712K->378920K(702464K), 0.0020289 secs] [Times: user=0.01 sys=0.00, real=0.00 secs] 
2568.430: [GC (Allocation Failure) [PSYoungGen: 77136K->1376K(77312K)] 454696K->378936K(702464K), 0.0016388 secs] [Times: user=0.01 sys=0.00, real=0.00 secs] 
2569.668: [GC (Allocation Failure) [PSYoungGen: 77152K->1328K(77312K)] 454712K->378888K(702464K), 0.0024440 secs] [Times: user=0.01 sys=0.00, real=0.00 secs] 
2570.989: [GC (Allocation Failure) [PSYoungGen: 77104K->1408K(77312K)] 454664K->378968K(702464K), 0.0027977 secs] [Times: user=0.01 sys=0.00, real=0.00 secs] 
2572.132: [GC (Allocation Failure) [PSYoungGen: 77184K->1408K(77312K)] 454744K->378968K(702464K), 0.0031989 secs] [Times: user=0.01 sys=0.00, real=0.00 secs] 
2573.459: [GC (Allocation Failure) [PSYoungGen: 77184K->1360K(77312K)] 454744K->379432K(702464K), 0.0016509 secs] [Times: user=0.01 sys=0.01, real=0.00 secs] 
2575.329: [GC (Allocation Failure) [PSYoungGen: 77136K->1376K(77312K)] 455208K->379448K(702464K), 0.0041267 secs] [Times: user=0.02 sys=0.00, real=0.00 secs] 
2575.960: [GC (Allocation Failure) [PSYoungGen: 77152K->1376K(77312K)] 455224K->379448K(702464K), 0.0027703 secs] [Times: user=0.01 sys=0.00, real=0.00 secs] 
2576.676: [GC (Allocation Failure) [PSYoungGen: 77152K->1360K(77312K)] 455224K->379432K(702464K), 0.0022341 secs] [Times: user=0.01 sys=0.00, real=0.01 secs] 
2577.864: [GC (Allocation Failure) [PSYoungGen: 77136K->1344K(77312K)] 455208K->379416K(702464K), 0.0021765 secs] [Times: user=0.01 sys=0.00, real=0.00 secs] 
2579.038: [GC (Allocation Failure) [PSYoungGen: 77120K->1376K(77312K)] 455192K->379448K(702464K), 0.0040438 secs] [Times: user=0.02 sys=0.00, real=0.00 secs] 
2579.916: [GC (Allocation Failure) [PSYoungGen: 77152K->1376K(77312K)] 455224K->379456K(702464K), 0.0032385 secs] [Times: user=0.01 sys=0.00, real=0.01 secs] 
2581.052: [GC (Allocation Failure) [PSYoungGen: 77152K->1392K(77312K)] 455232K->379472K(702464K), 0.0033140 secs] [Times: user=0.02 sys=0.01, real=0.00 secs] 
2582.718: [GC (Allocation Failure) [PSYoungGen: 77168K->1392K(77312K)] 455248K->379472K(702464K), 0.0019532 secs] [Times: user=0.01 sys=0.00, real=0.00 secs] 
2583.139: [GC (Allocation Failure) [PSYoungGen: 77168K->1344K(77312K)] 455248K->379424K(702464K), 0.0021044 secs] [Times: user=0.01 sys=0.00, real=0.00 secs] 
2583.547: [GC (Allocation Failure) [PSYoungGen: 77120K->1376K(77312K)] 455200K->379456K(702464K), 0.0020714 secs] [Times: user=0.01 sys=0.00, real=0.00 secs] 
2584.084: [GC (Allocation Failure) [PSYoungGen: 77152K->1328K(77312K)] 455232K->379408K(702464K), 0.0027956 secs] [Times: user=0.01 sys=0.00, real=0.01 secs] 
2586.168: [GC (Allocation Failure) [PSYoungGen: 77104K->1392K(77312K)] 455184K->379472K(702464K), 0.0047253 secs] [Times: user=0.02 sys=0.01, real=0.00 secs] 
2587.432: [GC (Allocation Failure) [PSYoungGen: 77168K->1408K(77312K)] 455248K->379488K(702464K), 0.0029475 secs] [Times: user=0.00 sys=0.00, real=0.00 secs] 
2588.068: [GC (Allocation Failure) [PSYoungGen: 77184K->1376K(77312K)] 455264K->379456K(702464K), 0.0032667 secs] [Times: user=0.01 sys=0.00, real=0.00 secs] 
2588.740: [GC (Allocation Failure) [PSYoungGen: 77152K->1376K(77312K)] 455232K->379456K(702464K), 0.0030588 secs] [Times: user=0.01 sys=0.00, real=0.00 secs] 
2589.897: [GC (Allocation Failure) [PSYoungGen: 77152K->1408K(77312K)] 455232K->379496K(702464K), 0.0018364 secs] [Times: user=0.00 sys=0.00, real=0.00 secs] 
2591.347: [GC (Allocation Failure) [PSYoungGen: 77184K->1360K(77312K)] 455272K->379448K(702464K), 0.0050763 secs] [Times: user=0.02 sys=0.00, real=0.00 secs] 
2592.600: [GC (Allocation Failure) [PSYoungGen: 77136K->1344K(77312K)] 455224K->379432K(702464K), 0.0046891 secs] [Times: user=0.02 sys=0.00, real=0.00 secs] 
2593.660: [GC (Allocation Failure) [PSYoungGen: 77120K->1408K(77312K)] 455208K->379496K(702464K), 0.0032346 secs] [Times: user=0.02 sys=0.00, real=0.00 secs] 
2594.707: [GC (Allocation Failure) [PSYoungGen: 77184K->1408K(77312K)] 455272K->379496K(702464K), 0.0022996 secs] [Times: user=0.01 sys=0.00, real=0.01 secs] 
2595.565: [GC (Allocation Failure) [PSYoungGen: 77184K->1408K(77312K)] 455272K->379496K(702464K), 0.0033985 secs] [Times: user=0.02 sys=0.00, real=0.01 secs] 
2595.970: [GC (Allocation Failure) [PSYoungGen: 77184K->1376K(77312K)] 455272K->379464K(702464K), 0.0021138 secs] [Times: user=0.01 sys=0.01, real=0.00 secs] 
2596.285: [GC (Allocation Failure) [PSYoungGen: 77152K->1344K(77312K)] 455240K->379432K(702464K), 0.0020690 secs] [Times: user=0.01 sys=0.00, real=0.01 secs] 
2597.056: [GC (Allocation Failure) [PSYoungGen: 77120K->1376K(77312K)] 455208K->379464K(702464K), 0.0018010 secs] [Times: user=0.01 sys=0.00, real=0.01 secs] 
2597.509: [GC (Allocation Failure) [PSYoungGen: 77152K->1344K(77312K)] 455240K->379432K(702464K), 0.0017455 secs] [Times: user=0.01 sys=0.00, real=0.00 secs] 
2598.096: [GC (Allocation Failure) [PSYoungGen: 77120K->1360K(77312K)] 455208K->379448K(702464K), 0.0019565 secs] [Times: user=0.00 sys=0.00, real=0.01 secs] 
2598.705: [GC (Allocation Failure) [PSYoungGen: 77136K->1312K(77312K)] 455224K->379408K(702464K), 0.0019481 secs] [Times: user=0.00 sys=0.00, real=0.00 secs] 
2599.868: [GC (Allocation Failure) [PSYoungGen: 77088K->1408K(77312K)] 455184K->379504K(702464K), 0.0018939 secs] [Times: user=0.01 sys=0.00, real=0.00 secs] 
2600.775: [GC (Allocation Failure) [PSYoungGen: 77184K->1424K(77312K)] 455280K->379520K(702464K), 0.0082149 secs] [Times: user=0.04 sys=0.00, real=0.01 secs] 
2601.659: [GC (Allocation Failure) [PSYoungGen: 77200K->1376K(77312K)] 455296K->379472K(702464K), 0.0024292 secs] [Times: user=0.01 sys=0.00, real=0.00 secs] 
2602.233: [GC (Allocation Failure) [PSYoungGen: 77152K->1376K(77312K)] 455248K->379472K(702464K), 0.0025743 secs] [Times: user=0.01 sys=0.01, real=0.00 secs] 
2603.658: [GC (Allocation Failure) [PSYoungGen: 77152K->1408K(77312K)] 455248K->379504K(702464K), 0.0022612 secs] [Times: user=0.00 sys=0.00, real=0.00 secs] 
2604.712: [GC (Allocation Failure) [PSYoungGen: 77184K->1344K(77312K)] 455280K->379440K(702464K), 0.0035474 secs] [Times: user=0.02 sys=0.00, real=0.00 secs] 
2605.854: [GC (Allocation Failure) [PSYoungGen: 77120K->1344K(77312K)] 455216K->379440K(702464K), 0.0024371 secs] [Times: user=0.01 sys=0.00, real=0.00 secs] 
2606.820: [GC (Allocation Failure) [PSYoungGen: 77120K->1360K(77312K)] 455216K->379464K(702464K), 0.0047666 secs] [Times: user=0.02 sys=0.00, real=0.00 secs] 
2608.024: [GC (Allocation Failure) [PSYoungGen: 77136K->1408K(77312K)] 455240K->379512K(702464K), 0.0019338 secs] [Times: user=0.00 sys=0.00, real=0.00 secs] 
2608.621: [GC (Allocation Failure) [PSYoungGen: 77184K->1376K(77312K)] 455288K->379480K(702464K), 0.0018715 secs] [Times: user=0.01 sys=0.00, real=0.00 secs] 
2609.242: [GC (Allocation Failure) [PSYoungGen: 77152K->1376K(77312K)] 455256K->379480K(702464K), 0.0028275 secs] [Times: user=0.01 sys=0.00, real=0.00 secs] 
2609.970: [GC (Allocation Failure) [PSYoungGen: 77152K->1360K(77312K)] 455256K->379464K(702464K), 0.0026905 secs] [Times: user=0.01 sys=0.00, real=0.00 secs] 
2611.070: [GC (Allocation Failure) [PSYoungGen: 77136K->1424K(77312K)] 455240K->379528K(702464K), 0.0026130 secs] [Times: user=0.01 sys=0.00, real=0.00 secs] 
2611.875: [GC (Allocation Failure) [PSYoungGen: 77200K->1408K(77312K)] 455304K->379512K(702464K), 0.0031372 secs] [Times: user=0.02 sys=0.00, real=0.01 secs] 
2612.976: [GC (Allocation Failure) [PSYoungGen: 77184K->1376K(77312K)] 455288K->379480K(702464K), 0.0048609 secs] [Times: user=0.02 sys=0.00, real=0.01 secs] 
2614.190: [GC (Allocation Failure) [PSYoungGen: 77152K->1360K(77312K)] 455256K->379464K(702464K), 0.0021036 secs] [Times: user=0.01 sys=0.00, real=0.00 secs] 
2615.637: [GC (Allocation Failure) [PSYoungGen: 77136K->1408K(77312K)] 455240K->379512K(702464K), 0.0031162 secs] [Times: user=0.01 sys=0.00, real=0.00 secs] 
2616.284: [GC (Allocation Failure) [PSYoungGen: 77184K->1376K(77312K)] 455288K->379480K(702464K), 0.0022593 secs] [Times: user=0.01 sys=0.00, real=0.00 secs] 
2616.609: [GC (Allocation Failure) [PSYoungGen: 77152K->1376K(77312K)] 455256K->379480K(702464K), 0.0020551 secs] [Times: user=0.01 sys=0.00, real=0.00 secs] 
2617.373: [GC (Allocation Failure) [PSYoungGen: 77152K->1357K(77312K)] 455256K->379461K(702464K), 0.0016137 secs] [Times: user=0.01 sys=0.00, real=0.00 secs] 
2618.260: [GC (Allocation Failure) [PSYoungGen: 77133K->1408K(77312K)] 455237K->379520K(702464K), 0.0023558 secs] [Times: user=0.01 sys=0.00, real=0.00 secs] 
2618.954: [GC (Allocation Failure) [PSYoungGen: 77184K->1408K(77312K)] 455296K->379520K(702464K), 0.0034534 secs] [Times: user=0.01 sys=0.00, real=0.01 secs] 
2619.557: [GC (Allocation Failure) [PSYoungGen: 77184K->1440K(77312K)] 455296K->379552K(702464K), 0.0025347 secs] [Times: user=0.01 sys=0.00, real=0.00 secs] 
2620.901: [GC (Allocation Failure) [PSYoungGen: 77216K->1389K(77312K)] 455328K->379501K(702464K), 0.0016395 secs] [Times: user=0.00 sys=0.00, real=0.00 secs] 
2621.830: [GC (Allocation Failure) [PSYoungGen: 77165K->1440K(77312K)] 455277K->379552K(702464K), 0.0020196 secs] [Times: user=0.01 sys=0.00, real=0.00 secs] 
2622.310: [GC (Allocation Failure) [PSYoungGen: 77216K->1376K(77312K)] 455328K->379488K(702464K), 0.0019694 secs] [Times: user=0.00 sys=0.00, real=0.00 secs] 
2622.849: [GC (Allocation Failure) [PSYoungGen: 77152K->1408K(77312K)] 455264K->379520K(702464K), 0.0021515 secs] [Times: user=0.01 sys=0.00, real=0.00 secs] 
2624.668: [GC (Allocation Failure) [PSYoungGen: 77184K->1472K(77312K)] 455296K->379584K(702464K), 0.0025235 secs] [Times: user=0.00 sys=0.00, real=0.00 secs] 
2625.814: [GC (Allocation Failure) [PSYoungGen: 77248K->1408K(77312K)] 455360K->379520K(702464K), 0.0028604 secs] [Times: user=0.01 sys=0.00, real=0.01 secs] 
2626.410: [GC (Allocation Failure) [PSYoungGen: 77184K->1376K(77312K)] 455296K->379488K(702464K), 0.0022228 secs] [Times: user=0.00 sys=0.00, real=0.00 secs] 
2627.034: [GC (Allocation Failure) [PSYoungGen: 77152K->1344K(77312K)] 455264K->379456K(702464K), 0.0028201 secs] [Times: user=0.01 sys=0.00, real=0.00 secs] 
2628.162: [GC (Allocation Failure) [PSYoungGen: 77120K->896K(77312K)] 455232K->380040K(702464K), 0.0018810 secs] [Times: user=0.01 sys=0.00, real=0.00 secs] 
2628.845: [GC (Allocation Failure) [PSYoungGen: 76672K->352K(77824K)] 455816K->379496K(702976K), 0.0021283 secs] [Times: user=0.01 sys=0.00, real=0.01 secs] 
2629.860: [GC (Allocation Failure) [PSYoungGen: 76128K->352K(77824K)] 455272K->379496K(702976K), 0.0036197 secs] [Times: user=0.01 sys=0.01, real=0.00 secs] 
2630.790: [GC (Allocation Failure) [PSYoungGen: 76128K->368K(77824K)] 455272K->379512K(702976K), 0.0034874 secs] [Times: user=0.02 sys=0.00, real=0.00 secs] 
2632.060: [GC (Allocation Failure) [PSYoungGen: 76144K->1408K(77824K)] 455288K->380552K(702976K), 0.0018119 secs] [Times: user=0.01 sys=0.00, real=0.00 secs] 
2632.408: [GC (Allocation Failure) [PSYoungGen: 77184K->1408K(77824K)] 456328K->380552K(702976K), 0.0017301 secs] [Times: user=0.01 sys=0.00, real=0.00 secs] 
2632.722: [GC (Allocation Failure) [PSYoungGen: 77184K->1376K(77824K)] 456328K->380520K(702976K), 0.0015539 secs] [Times: user=0.01 sys=0.00, real=0.00 secs] 
2633.066: [GC (Allocation Failure) [PSYoungGen: 77152K->1312K(77824K)] 456296K->380456K(702976K), 0.0021227 secs] [Times: user=0.01 sys=0.00, real=0.01 secs] 
2634.396: [GC (Allocation Failure) [PSYoungGen: 77088K->1408K(77824K)] 456232K->380552K(702976K), 0.0030130 secs] [Times: user=0.01 sys=0.00, real=0.01 secs] 
2635.405: [GC (Allocation Failure) [PSYoungGen: 77184K->1392K(77824K)] 456328K->380536K(702976K), 0.0050563 secs] [Times: user=0.02 sys=0.00, real=0.01 secs] 
2635.894: [GC (Allocation Failure) [PSYoungGen: 77168K->1344K(77824K)] 456312K->380488K(702976K), 0.0021068 secs] [Times: user=0.00 sys=0.00, real=0.00 secs] 
2636.209: [GC (Allocation Failure) [PSYoungGen: 77120K->1408K(77824K)] 456264K->380560K(702976K), 0.0020726 secs] [Times: user=0.01 sys=0.00, real=0.00 secs] 
2637.148: [GC (Allocation Failure) [PSYoungGen: 77184K->1408K(77824K)] 456336K->380560K(702976K), 0.0020315 secs] [Times: user=0.01 sys=0.00, real=0.00 secs] 
2637.870: [GC (Allocation Failure) [PSYoungGen: 77184K->1376K(77824K)] 456336K->380528K(702976K), 0.0021355 secs] [Times: user=0.01 sys=0.00, real=0.00 secs] 
2638.267: [GC (Allocation Failure) [PSYoungGen: 77152K->1344K(77824K)] 456304K->380496K(702976K), 0.0021175 secs] [Times: user=0.01 sys=0.00, real=0.00 secs] 
2638.583: [GC (Allocation Failure) [PSYoungGen: 77120K->1344K(77824K)] 456272K->380496K(702976K), 0.0021927 secs] [Times: user=0.01 sys=0.00, real=0.00 secs] 
2639.475: [GC (Allocation Failure) [PSYoungGen: 77120K->1344K(77824K)] 456272K->380496K(702976K), 0.0018670 secs] [Times: user=0.01 sys=0.00, real=0.01 secs] 
2639.839: [GC (Allocation Failure) [PSYoungGen: 77120K->1344K(77824K)] 456272K->380496K(702976K), 0.0020573 secs] [Times: user=0.01 sys=0.00, real=0.00 secs] 
2640.154: [GC (Allocation Failure) [PSYoungGen: 77120K->1344K(77824K)] 456272K->380496K(702976K), 0.0019658 secs] [Times: user=0.01 sys=0.00, real=0.00 secs] 
2640.608: [GC (Allocation Failure) [PSYoungGen: 77120K->1376K(77824K)] 456272K->380528K(702976K), 0.0020873 secs] [Times: user=0.01 sys=0.00, real=0.00 secs] 
2641.463: [GC (Allocation Failure) [PSYoungGen: 77152K->1408K(77824K)] 456304K->380560K(702976K), 0.0020086 secs] [Times: user=0.01 sys=0.00, real=0.00 secs] 
2641.785: [GC (Allocation Failure) [PSYoungGen: 77184K->1408K(77824K)] 456336K->380560K(702976K), 0.0030201 secs] [Times: user=0.02 sys=0.00, real=0.01 secs] 
2642.101: [GC (Allocation Failure) [PSYoungGen: 77184K->1376K(77824K)] 456336K->380528K(702976K), 0.0018651 secs] [Times: user=0.01 sys=0.00, real=0.00 secs] 
2642.463: [GC (Allocation Failure) [PSYoungGen: 77152K->1344K(77824K)] 456304K->380496K(702976K), 0.0025130 secs] [Times: user=0.01 sys=0.00, real=0.00 secs] 
2643.251: [GC (Allocation Failure) [PSYoungGen: 77120K->1440K(77824K)] 456272K->380608K(702976K), 0.0017561 secs] [Times: user=0.01 sys=0.00, real=0.00 secs] 
2643.897: [GC (Allocation Failure) [PSYoungGen: 77216K->1344K(77824K)] 456384K->380512K(702976K), 0.0021088 secs] [Times: user=0.00 sys=0.00, real=0.00 secs] 
2644.613: [GC (Allocation Failure) [PSYoungGen: 77120K->1344K(77824K)] 456288K->380512K(702976K), 0.0024849 secs] [Times: user=0.01 sys=0.00, real=0.00 secs] 
2645.372: [GC (Allocation Failure) [PSYoungGen: 77120K->1424K(77824K)] 456288K->380592K(702976K), 0.0035313 secs] [Times: user=0.01 sys=0.00, real=0.00 secs] 
2646.676: [GC (Allocation Failure) [PSYoungGen: 77200K->1376K(77824K)] 456368K->380544K(702976K), 0.0029700 secs] [Times: user=0.02 sys=0.00, real=0.01 secs] 
2647.312: [GC (Allocation Failure) [PSYoungGen: 77152K->1376K(77824K)] 456320K->380544K(702976K), 0.0022996 secs] [Times: user=0.01 sys=0.00, real=0.00 secs] 
2647.944: [GC (Allocation Failure) [PSYoungGen: 77152K->1408K(77824K)] 456320K->380576K(702976K), 0.0032364 secs] [Times: user=0.01 sys=0.00, real=0.01 secs] 
2648.612: [GC (Allocation Failure) [PSYoungGen: 77184K->1328K(77824K)] 456352K->380496K(702976K), 0.0030157 secs] [Times: user=0.01 sys=0.00, real=0.00 secs] 
2649.483: [GC (Allocation Failure) [PSYoungGen: 77104K->1408K(77824K)] 456272K->380576K(702976K), 0.0017264 secs] [Times: user=0.01 sys=0.00, real=0.00 secs] 
2649.798: [GC (Allocation Failure) [PSYoungGen: 77184K->1312K(77824K)] 456352K->380480K(702976K), 0.0017340 secs] [Times: user=0.01 sys=0.01, real=0.00 secs] 
2650.112: [GC (Allocation Failure) [PSYoungGen: 77088K->1344K(77312K)] 456256K->380512K(702464K), 0.0018979 secs] [Times: user=0.01 sys=0.00, real=0.00 secs] 
2650.426: [GC (Allocation Failure) [PSYoungGen: 77120K->1344K(77312K)] 456288K->380512K(702464K), 0.0019694 secs] [Times: user=0.01 sys=0.00, real=0.01 secs] 
2652.148: [GC (Allocation Failure) [PSYoungGen: 77120K->1408K(77312K)] 456288K->380576K(702464K), 0.0059229 secs] [Times: user=0.02 sys=0.00, real=0.00 secs] 
2653.087: [GC (Allocation Failure) [PSYoungGen: 77184K->1392K(77312K)] 456352K->380568K(702464K), 0.0032193 secs] [Times: user=0.01 sys=0.00, real=0.00 secs] 
2653.798: [GC (Allocation Failure) [PSYoungGen: 77168K->1376K(77312K)] 456344K->380552K(702464K), 0.0028555 secs] [Times: user=0.01 sys=0.00, real=0.00 secs] 
2654.571: [GC (Allocation Failure) [PSYoungGen: 77152K->288K(76800K)] 456328K->379464K(701952K), 0.0025709 secs] [Times: user=0.01 sys=0.00, real=0.00 secs] 
2656.325: [GC (Allocation Failure) [PSYoungGen: 75552K->1440K(77312K)] 454728K->380616K(702464K), 0.0036828 secs] [Times: user=0.01 sys=0.00, real=0.01 secs] 
2657.430: [GC (Allocation Failure) [PSYoungGen: 76704K->1376K(77312K)] 455880K->380560K(702464K), 0.0033956 secs] [Times: user=0.02 sys=0.00, real=0.00 secs] 
2658.409: [GC (Allocation Failure) [PSYoungGen: 76640K->1376K(77312K)] 455824K->380568K(702464K), 0.0035303 secs] [Times: user=0.01 sys=0.00, real=0.00 secs] 
2659.502: [GC (Allocation Failure) [PSYoungGen: 76640K->1328K(77312K)] 455832K->380520K(702464K), 0.0021849 secs] [Times: user=0.01 sys=0.00, real=0.00 secs] 
2660.227: [GC (Allocation Failure) [PSYoungGen: 76592K->1376K(77312K)] 455784K->380568K(702464K), 0.0017764 secs] [Times: user=0.01 sys=0.00, real=0.00 secs] 
2660.557: [GC (Allocation Failure) [PSYoungGen: 76640K->1376K(77312K)] 455832K->380568K(702464K), 0.0023736 secs] [Times: user=0.01 sys=0.00, real=0.00 secs] 
2660.871: [GC (Allocation Failure) [PSYoungGen: 76640K->1344K(77312K)] 455832K->380536K(702464K), 0.0022748 secs] [Times: user=0.00 sys=0.00, real=0.00 secs] 
2661.430: [GC (Allocation Failure) [PSYoungGen: 76608K->1325K(77312K)] 455800K->380517K(702464K), 0.0016138 secs] [Times: user=0.01 sys=0.00, real=0.00 secs] 
2662.065: [GC (Allocation Failure) [PSYoungGen: 76589K->1376K(77312K)] 455781K->380576K(702464K), 0.0027169 secs] [Times: user=0.01 sys=0.00, real=0.01 secs] 
2662.527: [GC (Allocation Failure) [PSYoungGen: 76640K->1376K(77312K)] 455840K->380576K(702464K), 0.0022143 secs] [Times: user=0.01 sys=0.00, real=0.01 secs] 
2663.206: [GC (Allocation Failure) [PSYoungGen: 76640K->1344K(77312K)] 455840K->380544K(702464K), 0.0023419 secs] [Times: user=0.01 sys=0.00, real=0.01 secs] 
2664.120: [GC (Allocation Failure) [PSYoungGen: 76608K->1389K(77312K)] 455808K->380589K(702464K), 0.0016248 secs] [Times: user=0.01 sys=0.00, real=0.00 secs] 
2665.896: [GC (Allocation Failure) [PSYoungGen: 76653K->1440K(77312K)] 455853K->380640K(702464K), 0.0031482 secs] [Times: user=0.01 sys=0.00, real=0.01 secs] 
2667.112: [GC (Allocation Failure) [PSYoungGen: 76704K->1344K(77312K)] 455904K->380544K(702464K), 0.0029197 secs] [Times: user=0.01 sys=0.01, real=0.00 secs] 
2667.853: [GC (Allocation Failure) [PSYoungGen: 76608K->1408K(77312K)] 455808K->380616K(702464K), 0.0029156 secs] [Times: user=0.01 sys=0.00, real=0.00 secs] 
2669.143: [GC (Allocation Failure) [PSYoungGen: 76672K->1357K(77312K)] 455880K->380565K(702464K), 0.0017248 secs] [Times: user=0.00 sys=0.00, real=0.00 secs] 
2669.684: [GC (Allocation Failure) [PSYoungGen: 76621K->1440K(77312K)] 455829K->380648K(702464K), 0.0019726 secs] [Times: user=0.01 sys=0.00, real=0.00 secs] 
2670.073: [GC (Allocation Failure) [PSYoungGen: 76704K->1344K(76800K)] 455912K->380552K(701952K), 0.0021241 secs] [Times: user=0.01 sys=0.01, real=0.00 secs] 
2670.411: [GC (Allocation Failure) [PSYoungGen: 76608K->1376K(76800K)] 455816K->380584K(701952K), 0.0021605 secs] [Times: user=0.01 sys=0.01, real=0.00 secs] 
2671.172: [GC (Allocation Failure) [PSYoungGen: 76640K->301K(76288K)] 455848K->380533K(701440K), 0.0016212 secs] [Times: user=0.01 sys=0.00, real=0.00 secs] 
2672.638: [GC (Allocation Failure) [PSYoungGen: 75565K->1408K(77312K)] 455797K->381640K(702464K), 0.0026114 secs] [Times: user=0.01 sys=0.00, real=0.00 secs] 
2673.281: [GC (Allocation Failure) [PSYoungGen: 76672K->1376K(77312K)] 456904K->381608K(702464K), 0.0024107 secs] [Times: user=0.01 sys=0.00, real=0.00 secs] 
2673.934: [GC (Allocation Failure) [PSYoungGen: 76640K->1344K(77312K)] 456872K->381576K(702464K), 0.0021748 secs] [Times: user=0.01 sys=0.00, real=0.00 secs] 
2674.847: [GC (Allocation Failure) [PSYoungGen: 76182K->192K(77312K)] 456415K->380424K(702464K), 0.0015874 secs] [Times: user=0.01 sys=0.00, real=0.01 secs] 
2675.893: [GC (Allocation Failure) [PSYoungGen: 75456K->1344K(77312K)] 455688K->381576K(702464K), 0.0035661 secs] [Times: user=0.02 sys=0.00, real=0.00 secs] 
2676.916: [GC (Allocation Failure) [PSYoungGen: 76608K->1408K(77312K)] 456840K->381640K(702464K), 0.0031623 secs] [Times: user=0.01 sys=0.00, real=0.01 secs] 
2677.723: [GC (Allocation Failure) [PSYoungGen: 76672K->1328K(77312K)] 456904K->381560K(702464K), 0.0022457 secs] [Times: user=0.01 sys=0.00, real=0.00 secs] 
2678.806: [GC (Allocation Failure) [PSYoungGen: 76592K->1504K(77312K)] 456824K->381744K(702464K), 0.0018601 secs] [Times: user=0.01 sys=0.00, real=0.01 secs] 
2679.468: [GC (Allocation Failure) [PSYoungGen: 76768K->1376K(77312K)] 457008K->381616K(702464K), 0.0021779 secs] [Times: user=0.01 sys=0.00, real=0.00 secs] 
2680.085: [GC (Allocation Failure) [PSYoungGen: 76640K->1344K(77312K)] 456880K->381584K(702464K), 0.0026909 secs] [Times: user=0.01 sys=0.00, real=0.01 secs] 
2680.869: [GC (Allocation Failure) [PSYoungGen: 76608K->1376K(77312K)] 456848K->381616K(702464K), 0.0036580 secs] [Times: user=0.01 sys=0.00, real=0.00 secs] 
2682.230: [GC (Allocation Failure) [PSYoungGen: 76187K->1936K(77312K)] 456428K->382184K(702464K), 0.0018383 secs] [Times: user=0.01 sys=0.00, real=0.00 secs] 
2682.934: [GC (Allocation Failure) [PSYoungGen: 77200K->1376K(77312K)] 457448K->381624K(702464K), 0.0031928 secs] [Times: user=0.01 sys=0.00, real=0.01 secs] 
2683.332: [GC (Allocation Failure) [PSYoungGen: 76640K->1376K(77312K)] 456888K->381624K(702464K), 0.0025400 secs] [Times: user=0.01 sys=0.00, real=0.00 secs] 
2683.803: [GC (Allocation Failure) [PSYoungGen: 76640K->1376K(77312K)] 456888K->381624K(702464K), 0.0026771 secs] [Times: user=0.01 sys=0.00, real=0.00 secs] 
2684.726: [GC (Allocation Failure) [PSYoungGen: 76640K->1888K(77312K)] 456888K->382136K(702464K), 0.0018098 secs] [Times: user=0.00 sys=0.00, real=0.01 secs] 
2685.039: [GC (Allocation Failure) [PSYoungGen: 77152K->1328K(77312K)] 457400K->381576K(702464K), 0.0018136 secs] [Times: user=0.01 sys=0.00, real=0.00 secs] 
2685.545: [GC (Allocation Failure) [PSYoungGen: 76592K->1376K(77312K)] 456840K->381624K(702464K), 0.0017796 secs] [Times: user=0.00 sys=0.00, real=0.01 secs] 
2686.169: [GC (Allocation Failure) [PSYoungGen: 76640K->1344K(77312K)] 456888K->381600K(702464K), 0.0018079 secs] [Times: user=0.01 sys=0.00, real=0.00 secs] 
2687.125: [GC (Allocation Failure) [PSYoungGen: 76608K->1440K(77312K)] 456864K->381696K(702464K), 0.0018654 secs] [Times: user=0.00 sys=0.00, real=0.00 secs] 
2687.752: [GC (Allocation Failure) [PSYoungGen: 76704K->1376K(77312K)] 456960K->381632K(702464K), 0.0019940 secs] [Times: user=0.00 sys=0.00, real=0.00 secs] 
2688.375: [GC (Allocation Failure) [PSYoungGen: 76640K->1376K(77312K)] 456896K->381632K(702464K), 0.0030032 secs] [Times: user=0.01 sys=0.00, real=0.01 secs] 
2689.021: [GC (Allocation Failure) [PSYoungGen: 76640K->1344K(77312K)] 456896K->381600K(702464K), 0.0031714 secs] [Times: user=0.02 sys=0.00, real=0.00 secs] 
2690.091: [GC (Allocation Failure) [PSYoungGen: 76608K->1408K(77312K)] 456864K->381664K(702464K), 0.0019707 secs] [Times: user=0.01 sys=0.00, real=0.00 secs] 
2690.771: [GC (Allocation Failure) [PSYoungGen: 76672K->1344K(77312K)] 456928K->381600K(702464K), 0.0019443 secs] [Times: user=0.01 sys=0.00, real=0.00 secs] 
2691.313: [GC (Allocation Failure) [PSYoungGen: 76608K->1360K(77312K)] 456864K->381616K(702464K), 0.0021791 secs] [Times: user=0.00 sys=0.00, real=0.00 secs] 
2691.626: [GC (Allocation Failure) [PSYoungGen: 76624K->1376K(77312K)] 456880K->381632K(702464K), 0.0020363 secs] [Times: user=0.00 sys=0.00, real=0.01 secs] 
2692.947: [GC (Allocation Failure) [PSYoungGen: 76640K->1408K(77312K)] 456896K->381664K(702464K), 0.0030982 secs] [Times: user=0.02 sys=0.00, real=0.01 secs] 
2694.002: [GC (Allocation Failure) [PSYoungGen: 76672K->1392K(77312K)] 456928K->381648K(702464K), 0.0043540 secs] [Times: user=0.01 sys=0.00, real=0.00 secs] 
2695.074: [GC (Allocation Failure) [PSYoungGen: 76656K->1376K(77312K)] 456912K->381632K(702464K), 0.0029154 secs] [Times: user=0.01 sys=0.00, real=0.01 secs] 
2696.030: [GC (Allocation Failure) [PSYoungGen: 76640K->1360K(77312K)] 456896K->381624K(702464K), 0.0042650 secs] [Times: user=0.02 sys=0.00, real=0.00 secs] 
2697.174: [GC (Allocation Failure) [PSYoungGen: 76624K->1408K(77312K)] 456888K->381672K(702464K), 0.0017914 secs] [Times: user=0.01 sys=0.00, real=0.00 secs] 
2698.082: [GC (Allocation Failure) [PSYoungGen: 76672K->1376K(76800K)] 456936K->381640K(701952K), 0.0033427 secs] [Times: user=0.01 sys=0.00, real=0.00 secs] 
2699.025: [GC (Allocation Failure) [PSYoungGen: 76640K->1376K(76800K)] 456904K->381640K(701952K), 0.0048182 secs] [Times: user=0.02 sys=0.00, real=0.01 secs] 
2699.966: [GC (Allocation Failure) [PSYoungGen: 76640K->1344K(76800K)] 456904K->381608K(701952K), 0.0034810 secs] [Times: user=0.01 sys=0.00, real=0.01 secs] 
2701.167: [GC (Allocation Failure) [PSYoungGen: 76608K->1408K(76800K)] 456872K->381672K(701952K), 0.0018419 secs] [Times: user=0.01 sys=0.00, real=0.00 secs] 
2701.609: [GC (Allocation Failure) [PSYoungGen: 76672K->1376K(76800K)] 456936K->381640K(701952K), 0.0018920 secs] [Times: user=0.01 sys=0.00, real=0.00 secs] 
2701.962: [GC (Allocation Failure) [PSYoungGen: 76640K->1328K(76800K)] 456904K->381592K(701952K), 0.0021620 secs] [Times: user=0.01 sys=0.00, real=0.00 secs] 
2702.275: [GC (Allocation Failure) [PSYoungGen: 76592K->1376K(76800K)] 456856K->381640K(701952K), 0.0020091 secs] [Times: user=0.01 sys=0.00, real=0.00 secs] 
2703.104: [GC (Allocation Failure) [PSYoungGen: 76640K->1376K(76800K)] 456904K->381640K(701952K), 0.0019380 secs] [Times: user=0.01 sys=0.00, real=0.00 secs] 
2703.417: [GC (Allocation Failure) [PSYoungGen: 76640K->1376K(76800K)] 456904K->381640K(701952K), 0.0018750 secs] [Times: user=0.00 sys=0.00, real=0.00 secs] 
2703.730: [GC (Allocation Failure) [PSYoungGen: 76640K->1376K(76800K)] 456904K->381640K(701952K), 0.0019701 secs] [Times: user=0.01 sys=0.00, real=0.00 secs] 
2704.043: [GC (Allocation Failure) [PSYoungGen: 76640K->1344K(76800K)] 456904K->381608K(701952K), 0.0027212 secs] [Times: user=0.01 sys=0.00, real=0.00 secs] 
2705.413: [GC (Allocation Failure) [PSYoungGen: 76608K->1376K(76800K)] 456872K->381640K(701952K), 0.0023858 secs] [Times: user=0.01 sys=0.00, real=0.00 secs] 
2706.066: [GC (Allocation Failure) [PSYoungGen: 76640K->1408K(76800K)] 456904K->381680K(701952K), 0.0022950 secs] [Times: user=0.00 sys=0.00, real=0.01 secs] 
2706.862: [GC (Allocation Failure) [PSYoungGen: 76672K->1376K(76800K)] 456944K->381648K(701952K), 0.0025996 secs] [Times: user=0.01 sys=0.00, real=0.00 secs] 
2707.840: [GC (Allocation Failure) [PSYoungGen: 76640K->1376K(76800K)] 456912K->381648K(701952K), 0.0030804 secs] [Times: user=0.01 sys=0.00, real=0.00 secs] 
2709.042: [GC (Allocation Failure) [PSYoungGen: 76640K->1376K(76800K)] 456912K->381648K(701952K), 0.0018501 secs] [Times: user=0.01 sys=0.00, real=0.00 secs] 
2709.405: [GC (Allocation Failure) [PSYoungGen: 76640K->1344K(76800K)] 456912K->381616K(701952K), 0.0018082 secs] [Times: user=0.01 sys=0.00, real=0.01 secs] 
2709.848: [GC (Allocation Failure) [PSYoungGen: 76608K->1376K(76800K)] 456880K->381648K(701952K), 0.0018165 secs] [Times: user=0.01 sys=0.00, real=0.00 secs] 
2710.434: [GC (Allocation Failure) [PSYoungGen: 76640K->1408K(76800K)] 456912K->381680K(701952K), 0.0021436 secs] [Times: user=0.01 sys=0.00, real=0.00 secs] 
2711.482: [GC (Allocation Failure) [PSYoungGen: 76672K->1376K(76800K)] 456944K->381648K(701952K), 0.0022151 secs] [Times: user=0.01 sys=0.00, real=0.00 secs] 
2712.054: [GC (Allocation Failure) [PSYoungGen: 76640K->1376K(76800K)] 456912K->381648K(701952K), 0.0021482 secs] [Times: user=0.01 sys=0.00, real=0.00 secs] 
2712.679: [GC (Allocation Failure) [PSYoungGen: 76640K->1376K(76800K)] 456912K->381648K(701952K), 0.0028911 secs] [Times: user=0.01 sys=0.00, real=0.00 secs] 
2713.282: [GC (Allocation Failure) [PSYoungGen: 76640K->1408K(76800K)] 456912K->381680K(701952K), 0.0028001 secs] [Times: user=0.01 sys=0.00, real=0.00 secs] 
2714.178: [GC (Allocation Failure) [PSYoungGen: 76672K->1440K(76800K)] 456944K->381712K(701952K), 0.0030169 secs] [Times: user=0.01 sys=0.00, real=0.00 secs] 
2714.495: [GC (Allocation Failure) [PSYoungGen: 76704K->1344K(76800K)] 456976K->381616K(701952K), 0.0019649 secs] [Times: user=0.01 sys=0.00, real=0.01 secs] 
2714.809: [GC (Allocation Failure) [PSYoungGen: 76608K->1344K(76800K)] 456880K->381616K(701952K), 0.0019925 secs] [Times: user=0.01 sys=0.00, real=0.00 secs] 
2715.122: [GC (Allocation Failure) [PSYoungGen: 76608K->1344K(76800K)] 456880K->381624K(701952K), 0.0019153 secs] [Times: user=0.01 sys=0.00, real=0.00 secs] 
2716.145: [GC (Allocation Failure) [PSYoungGen: 76608K->1424K(76800K)] 456888K->381704K(701952K), 0.0028517 secs] [Times: user=0.01 sys=0.00, real=0.01 secs] 
2716.764: [GC (Allocation Failure) [PSYoungGen: 76688K->1344K(76800K)] 456968K->381624K(701952K), 0.0024351 secs] [Times: user=0.01 sys=0.00, real=0.00 secs] 
2717.261: [GC (Allocation Failure) [PSYoungGen: 76608K->1376K(76800K)] 456888K->381656K(701952K), 0.0027328 secs] [Times: user=0.01 sys=0.00, real=0.00 secs] 
2717.761: [GC (Allocation Failure) [PSYoungGen: 76640K->1408K(76800K)] 456920K->381688K(701952K), 0.0021957 secs] [Times: user=0.01 sys=0.00, real=0.00 secs] 
2720.387: [GC (Allocation Failure) [PSYoungGen: 76672K->1440K(76800K)] 456952K->381720K(701952K), 0.0032543 secs] [Times: user=0.01 sys=0.00, real=0.00 secs] 
2721.003: [GC (Allocation Failure) [PSYoungGen: 76704K->1376K(76800K)] 456984K->381656K(701952K), 0.0023606 secs] [Times: user=0.01 sys=0.00, real=0.00 secs] 
2721.659: [GC (Allocation Failure) [PSYoungGen: 76640K->1408K(76800K)] 456920K->381688K(701952K), 0.0022417 secs] [Times: user=0.01 sys=0.00, real=0.00 secs] 
2722.321: [GC (Allocation Failure) [PSYoungGen: 76672K->1344K(76800K)] 456952K->381624K(701952K), 0.0025468 secs] [Times: user=0.01 sys=0.00, real=0.00 secs] 
2724.063: [GC (Allocation Failure) [PSYoungGen: 76608K->1408K(76800K)] 456888K->381688K(701952K), 0.0027954 secs] [Times: user=0.01 sys=0.00, real=0.00 secs] 
2724.913: [GC (Allocation Failure) [PSYoungGen: 76672K->1376K(76800K)] 456952K->381656K(701952K), 0.0046760 secs] [Times: user=0.02 sys=0.00, real=0.01 secs] 
2725.855: [GC (Allocation Failure) [PSYoungGen: 76640K->1408K(76800K)] 456920K->381688K(701952K), 0.0028020 secs] [Times: user=0.01 sys=0.00, real=0.01 secs] 
2726.879: [GC (Allocation Failure) [PSYoungGen: 76672K->1360K(76800K)] 456952K->381640K(701952K), 0.0030677 secs] [Times: user=0.01 sys=0.00, real=0.00 secs] 
2728.120: [GC (Allocation Failure) [PSYoungGen: 76624K->1440K(76800K)] 456904K->381728K(701952K), 0.0024821 secs] [Times: user=0.01 sys=0.01, real=0.00 secs] 
2729.691: [GC (Allocation Failure) [PSYoungGen: 76704K->1376K(76800K)] 456992K->381664K(701952K), 0.0024193 secs] [Times: user=0.01 sys=0.00, real=0.00 secs] 
2730.287: [GC (Allocation Failure) [PSYoungGen: 76640K->1408K(76800K)] 456928K->381696K(701952K), 0.0024424 secs] [Times: user=0.01 sys=0.00, real=0.00 secs] 
2730.900: [GC (Allocation Failure) [PSYoungGen: 76672K->1408K(76800K)] 456960K->381696K(701952K), 0.0023010 secs] [Times: user=0.01 sys=0.00, real=0.00 secs] 
2732.238: [GC (Allocation Failure) [PSYoungGen: 76672K->1408K(76800K)] 456960K->381696K(701952K), 0.0019814 secs] [Times: user=0.01 sys=0.00, real=0.00 secs] 
2733.242: [GC (Allocation Failure) [PSYoungGen: 76672K->1376K(76800K)] 456960K->381664K(701952K), 0.0023661 secs] [Times: user=0.01 sys=0.00, real=0.00 secs] 
2733.862: [GC (Allocation Failure) [PSYoungGen: 76640K->1376K(76800K)] 456928K->381664K(701952K), 0.0020519 secs] [Times: user=0.01 sys=0.00, real=0.00 secs] 
2734.234: [GC (Allocation Failure) [PSYoungGen: 76640K->1328K(76800K)] 456928K->381616K(701952K), 0.0018672 secs] [Times: user=0.01 sys=0.00, real=0.00 secs] 
2735.112: [GC (Allocation Failure) [PSYoungGen: 76592K->1376K(76800K)] 456880K->381664K(701952K), 0.0019873 secs] [Times: user=0.01 sys=0.00, real=0.00 secs] 
2735.732: [GC (Allocation Failure) [PSYoungGen: 76640K->1344K(76800K)] 456928K->381632K(701952K), 0.0022432 secs] [Times: user=0.01 sys=0.00, real=0.00 secs] 
2736.430: [GC (Allocation Failure) [PSYoungGen: 76608K->1344K(76800K)] 456896K->381632K(701952K), 0.0027245 secs] [Times: user=0.01 sys=0.00, real=0.00 secs] 
2737.349: [GC (Allocation Failure) [PSYoungGen: 76608K->1360K(76800K)] 456896K->381648K(701952K), 0.0020009 secs] [Times: user=0.01 sys=0.00, real=0.00 secs] 
2738.022: [GC (Allocation Failure) [PSYoungGen: 76624K->1344K(76800K)] 456912K->381640K(701952K), 0.0027415 secs] [Times: user=0.01 sys=0.00, real=0.00 secs] 
2738.330: [GC (Allocation Failure) [PSYoungGen: 76608K->1376K(76800K)] 456904K->381672K(701952K), 0.0021699 secs] [Times: user=0.01 sys=0.00, real=0.00 secs] 
2738.643: [GC (Allocation Failure) [PSYoungGen: 76640K->1360K(76800K)] 456936K->381656K(701952K), 0.0020591 secs] [Times: user=0.01 sys=0.00, real=0.00 secs] 
2739.190: [GC (Allocation Failure) [PSYoungGen: 76624K->1357K(76800K)] 456920K->381654K(701952K), 0.0016679 secs] [Times: user=0.01 sys=0.00, real=0.00 secs] 
2741.876: [GC (Allocation Failure) [PSYoungGen: 76621K->1376K(76800K)] 456918K->381672K(701952K), 0.0056562 secs] [Times: user=0.03 sys=0.00, real=0.01 secs] 
2742.667: [GC (Allocation Failure) [PSYoungGen: 76640K->1328K(76800K)] 456936K->381624K(701952K), 0.0036371 secs] [Times: user=0.02 sys=0.00, real=0.00 secs] 
2743.643: [GC (Allocation Failure) [PSYoungGen: 76592K->1376K(76800K)] 456888K->381672K(701952K), 0.0034460 secs] [Times: user=0.01 sys=0.00, real=0.00 secs] 
2744.907: [GC (Allocation Failure) [PSYoungGen: 76640K->1328K(76800K)] 456936K->381624K(701952K), 0.0016460 secs] [Times: user=0.00 sys=0.00, real=0.00 secs] 
2745.418: [GC (Allocation Failure) [PSYoungGen: 76592K->1408K(76800K)] 456888K->381704K(701952K), 0.0021328 secs] [Times: user=0.01 sys=0.00, real=0.00 secs] 
2745.794: [GC (Allocation Failure) [PSYoungGen: 76672K->1376K(76800K)] 456968K->381672K(701952K), 0.0021423 secs] [Times: user=0.01 sys=0.00, real=0.00 secs] 
2746.329: [GC (Allocation Failure) [PSYoungGen: 76640K->1296K(76800K)] 456936K->381592K(701952K), 0.0020983 secs] [Times: user=0.01 sys=0.00, real=0.00 secs] 
2747.384: [GC (Allocation Failure) [PSYoungGen: 76560K->1357K(76800K)] 456856K->381662K(701952K), 0.0016724 secs] [Times: user=0.01 sys=0.00, real=0.00 secs] 
2748.805: [GC (Allocation Failure) [PSYoungGen: 76621K->1408K(76800K)] 456926K->381712K(701952K), 0.0024323 secs] [Times: user=0.01 sys=0.00, real=0.01 secs] 
2749.536: [GC (Allocation Failure) [PSYoungGen: 76672K->1408K(76800K)] 456976K->381712K(701952K), 0.0021360 secs] [Times: user=0.01 sys=0.00, real=0.01 secs] 
2750.358: [GC (Allocation Failure) [PSYoungGen: 76672K->1328K(76800K)] 456976K->381632K(701952K), 0.0022770 secs] [Times: user=0.01 sys=0.00, real=0.00 secs] 
2751.547: [GC (Allocation Failure) [PSYoungGen: 76592K->1376K(76800K)] 456896K->381680K(701952K), 0.0016162 secs] [Times: user=0.00 sys=0.00, real=0.00 secs] 
2752.306: [GC (Allocation Failure) [PSYoungGen: 76640K->1360K(76800K)] 456944K->381664K(701952K), 0.0036057 secs] [Times: user=0.01 sys=0.00, real=0.01 secs] 
2753.001: [GC (Allocation Failure) [PSYoungGen: 76624K->1344K(76800K)] 456928K->381648K(701952K), 0.0028680 secs] [Times: user=0.01 sys=0.00, real=0.00 secs] 
2753.468: [GC (Allocation Failure) [PSYoungGen: 76608K->1376K(76800K)] 456912K->381680K(701952K), 0.0019357 secs] [Times: user=0.01 sys=0.00, real=0.00 secs] 
2754.347: [GC (Allocation Failure) [PSYoungGen: 76640K->1504K(76800K)] 456944K->381904K(701952K), 0.0016853 secs] [Times: user=0.01 sys=0.00, real=0.01 secs] 
2754.971: [GC (Allocation Failure) [PSYoungGen: 76768K->1312K(76800K)] 457168K->381712K(701952K), 0.0018809 secs] [Times: user=0.01 sys=0.00, real=0.00 secs] 
2755.394: [GC (Allocation Failure) [PSYoungGen: 76576K->1312K(76800K)] 456976K->381712K(701952K), 0.0017051 secs] [Times: user=0.01 sys=0.00, real=0.00 secs] 
2756.002: [GC (Allocation Failure) [PSYoungGen: 76576K->1264K(76800K)] 456976K->381672K(701952K), 0.0019310 secs] [Times: user=0.00 sys=0.00, real=0.00 secs] 
2757.034: [GC (Allocation Failure) [PSYoungGen: 76528K->928K(76800K)] 456936K->382360K(701952K), 0.0018187 secs] [Times: user=0.00 sys=0.00, real=0.00 secs] 
2757.713: [GC (Allocation Failure) [PSYoungGen: 76192K->384K(77312K)] 457624K->381816K(702464K), 0.0021737 secs] [Times: user=0.01 sys=0.00, real=0.00 secs] 
2758.417: [GC (Allocation Failure) [PSYoungGen: 75648K->384K(77312K)] 457080K->381816K(702464K), 0.0021571 secs] [Times: user=0.01 sys=0.00, real=0.00 secs] 
2759.170: [GC (Allocation Failure) [PSYoungGen: 75648K->320K(77312K)] 457080K->381752K(702464K), 0.0023313 secs] [Times: user=0.00 sys=0.00, real=0.00 secs] 
2760.252: [GC (Allocation Failure) [PSYoungGen: 75584K->1408K(77312K)] 457016K->382840K(702464K), 0.0018043 secs] [Times: user=0.01 sys=0.00, real=0.00 secs] 
2760.904: [GC (Allocation Failure) [PSYoungGen: 76672K->1440K(77312K)] 458104K->382872K(702464K), 0.0018086 secs] [Times: user=0.01 sys=0.00, real=0.00 secs] 
2761.402: [GC (Allocation Failure) [PSYoungGen: 76704K->1408K(77312K)] 458136K->382840K(702464K), 0.0021313 secs] [Times: user=0.01 sys=0.00, real=0.00 secs] 
2761.996: [GC (Allocation Failure) [PSYoungGen: 76672K->1440K(77312K)] 458104K->382872K(702464K), 0.0019657 secs] [Times: user=0.01 sys=0.00, real=0.01 secs] 
2763.045: [GC (Allocation Failure) [PSYoungGen: 76704K->1424K(77312K)] 458136K->382856K(702464K), 0.0017464 secs] [Times: user=0.01 sys=0.00, real=0.01 secs] 
2763.390: [GC (Allocation Failure) [PSYoungGen: 76688K->1408K(77312K)] 458120K->382840K(702464K), 0.0019964 secs] [Times: user=0.01 sys=0.00, real=0.00 secs] 
2763.850: [GC (Allocation Failure) [PSYoungGen: 76672K->1376K(77312K)] 458104K->382808K(702464K), 0.0020963 secs] [Times: user=0.01 sys=0.00, real=0.00 secs] 
2764.355: [GC (Allocation Failure) [PSYoungGen: 76640K->1408K(77312K)] 458072K->382856K(702464K), 0.0024706 secs] [Times: user=0.01 sys=0.01, real=0.01 secs] 
2765.513: [GC (Allocation Failure) [PSYoungGen: 76672K->1408K(77312K)] 458120K->382872K(702464K), 0.0018148 secs] [Times: user=0.00 sys=0.00, real=0.00 secs] 
2766.270: [GC (Allocation Failure) [PSYoungGen: 76672K->1360K(77312K)] 458136K->382824K(702464K), 0.0023486 secs] [Times: user=0.01 sys=0.00, real=0.00 secs] 
2766.598: [GC (Allocation Failure) [PSYoungGen: 76624K->1408K(77312K)] 458088K->382872K(702464K), 0.0019156 secs] [Times: user=0.01 sys=0.00, real=0.00 secs] 
2767.064: [GC (Allocation Failure) [PSYoungGen: 76672K->1408K(77312K)] 458136K->382888K(702464K), 0.0021541 secs] [Times: user=0.01 sys=0.00, real=0.00 secs] 
2768.178: [GC (Allocation Failure) [PSYoungGen: 76672K->1440K(77312K)] 458152K->382920K(702464K), 0.0017516 secs] [Times: user=0.01 sys=0.00, real=0.00 secs] 
2768.665: [GC (Allocation Failure) [PSYoungGen: 76704K->1344K(77312K)] 458184K->382824K(702464K), 0.0021064 secs] [Times: user=0.01 sys=0.00, real=0.00 secs] 
2769.049: [GC (Allocation Failure) [PSYoungGen: 76608K->1408K(77312K)] 458088K->382888K(702464K), 0.0021071 secs] [Times: user=0.01 sys=0.00, real=0.00 secs] 
2769.760: [GC (Allocation Failure) [PSYoungGen: 76672K->1376K(77312K)] 458152K->382864K(702464K), 0.0022256 secs] [Times: user=0.01 sys=0.00, real=0.00 secs] 
2771.000: [GC (Allocation Failure) [PSYoungGen: 76640K->1376K(77312K)] 458128K->382864K(702464K), 0.0018996 secs] [Times: user=0.01 sys=0.00, real=0.00 secs] 
2771.993: [GC (Allocation Failure) [PSYoungGen: 76640K->1344K(77312K)] 458128K->382832K(702464K), 0.0027346 secs] [Times: user=0.01 sys=0.00, real=0.00 secs] 
2772.599: [GC (Allocation Failure) [PSYoungGen: 76608K->1408K(77312K)] 458096K->382904K(702464K), 0.0027882 secs] [Times: user=0.01 sys=0.00, real=0.00 secs] 
2773.232: [GC (Allocation Failure) [PSYoungGen: 76672K->1376K(77312K)] 458168K->382872K(702464K), 0.0024075 secs] [Times: user=0.01 sys=0.00, real=0.00 secs] 
2774.447: [GC (Allocation Failure) [PSYoungGen: 76640K->1376K(77312K)] 458136K->382872K(702464K), 0.0019608 secs] [Times: user=0.01 sys=0.00, real=0.01 secs] 
2774.983: [GC (Allocation Failure) [PSYoungGen: 76640K->1408K(77312K)] 458136K->382904K(702464K), 0.0026565 secs] [Times: user=0.01 sys=0.00, real=0.00 secs] 
2775.306: [GC (Allocation Failure) [PSYoungGen: 76672K->1376K(77312K)] 458168K->382872K(702464K), 0.0019169 secs] [Times: user=0.00 sys=0.00, real=0.01 secs] 
2775.619: [GC (Allocation Failure) [PSYoungGen: 76640K->1328K(77312K)] 458136K->382840K(702464K), 0.0018924 secs] [Times: user=0.01 sys=0.00, real=0.00 secs] 
2776.486: [GC (Allocation Failure) [PSYoungGen: 76592K->1360K(77312K)] 458104K->382872K(702464K), 0.0017242 secs] [Times: user=0.01 sys=0.00, real=0.01 secs] 
2777.147: [GC (Allocation Failure) [PSYoungGen: 76624K->1376K(77312K)] 458136K->382888K(702464K), 0.0020597 secs] [Times: user=0.01 sys=0.00, real=0.00 secs] 
2777.684: [GC (Allocation Failure) [PSYoungGen: 76640K->1376K(77312K)] 458152K->382888K(702464K), 0.0018999 secs] [Times: user=0.01 sys=0.00, real=0.00 secs] 
2777.997: [GC (Allocation Failure) [PSYoungGen: 76640K->1344K(76800K)] 458152K->382856K(701952K), 0.0021435 secs] [Times: user=0.01 sys=0.00, real=0.00 secs] 
2779.084: [GC (Allocation Failure) [PSYoungGen: 76608K->1376K(76800K)] 458120K->382888K(701952K), 0.0023413 secs] [Times: user=0.00 sys=0.00, real=0.00 secs] 
2779.781: [GC (Allocation Failure) [PSYoungGen: 76640K->384K(76288K)] 458152K->382920K(701440K), 0.0035852 secs] [Times: user=0.01 sys=0.00, real=0.00 secs] 
2780.306: [GC (Allocation Failure) [PSYoungGen: 75648K->288K(77312K)] 458184K->382832K(702464K), 0.0019590 secs] [Times: user=0.01 sys=0.00, real=0.01 secs] 
2780.638: [GC (Allocation Failure) [PSYoungGen: 75552K->320K(77312K)] 458096K->382864K(702464K), 0.0018472 secs] [Times: user=0.01 sys=0.00, real=0.00 secs] 
2782.294: [GC (Allocation Failure) [PSYoungGen: 75584K->1408K(77312K)] 458128K->383952K(702464K), 0.0031986 secs] [Times: user=0.01 sys=0.00, real=0.01 secs] 
2782.959: [GC (Allocation Failure) [PSYoungGen: 76672K->1376K(77312K)] 459216K->383920K(702464K), 0.0025501 secs] [Times: user=0.01 sys=0.00, real=0.00 secs] 
2783.658: [GC (Allocation Failure) [PSYoungGen: 76640K->1408K(77312K)] 459184K->383952K(702464K), 0.0043599 secs] [Times: user=0.02 sys=0.00, real=0.00 secs] 
2784.249: [GC (Allocation Failure) [PSYoungGen: 76672K->1408K(77312K)] 459216K->383952K(702464K), 0.0026726 secs] [Times: user=0.01 sys=0.00, real=0.00 secs] 
2786.472: [GC (Allocation Failure) [PSYoungGen: 76672K->1408K(77312K)] 459216K->383960K(702464K), 0.0043602 secs] [Times: user=0.01 sys=0.00, real=0.00 secs] 
2787.162: [GC (Allocation Failure) [PSYoungGen: 76672K->1376K(77312K)] 459224K->383928K(702464K), 0.0028365 secs] [Times: user=0.02 sys=0.00, real=0.00 secs] 
2788.101: [GC (Allocation Failure) [PSYoungGen: 76640K->1312K(77312K)] 459192K->383864K(702464K), 0.0047045 secs] [Times: user=0.02 sys=0.00, real=0.00 secs] 
2789.046: [GC (Allocation Failure) [PSYoungGen: 76576K->1376K(77312K)] 459128K->383928K(702464K), 0.0035075 secs] [Times: user=0.02 sys=0.00, real=0.01 secs] 
2790.245: [GC (Allocation Failure) [PSYoungGen: 76640K->1408K(77312K)] 459192K->383960K(702464K), 0.0019711 secs] [Times: user=0.01 sys=0.00, real=0.01 secs] 
2790.898: [GC (Allocation Failure) [PSYoungGen: 76672K->1408K(77312K)] 459224K->383960K(702464K), 0.0141922 secs] [Times: user=0.06 sys=0.00, real=0.01 secs] 
2791.810: [GC (Allocation Failure) [PSYoungGen: 76672K->1376K(77312K)] 459224K->383928K(702464K), 0.0049129 secs] [Times: user=0.02 sys=0.00, real=0.00 secs] 
2792.691: [GC (Allocation Failure) [PSYoungGen: 76640K->1376K(76800K)] 459192K->383928K(701952K), 0.0037195 secs] [Times: user=0.02 sys=0.00, real=0.00 secs] 
2793.939: [GC (Allocation Failure) [PSYoungGen: 76640K->1376K(76800K)] 459192K->383928K(701952K), 0.0025174 secs] [Times: user=0.00 sys=0.00, real=0.00 secs] 
2794.710: [GC (Allocation Failure) [PSYoungGen: 76640K->1344K(76800K)] 459192K->383896K(701952K), 0.0026175 secs] [Times: user=0.01 sys=0.00, real=0.00 secs] 
2795.408: [GC (Allocation Failure) [PSYoungGen: 76608K->1376K(76800K)] 459160K->383928K(701952K), 0.0026987 secs] [Times: user=0.00 sys=0.00, real=0.00 secs] 
2796.161: [GC (Allocation Failure) [PSYoungGen: 76640K->1408K(76800K)] 459192K->383960K(701952K), 0.0052337 secs] [Times: user=0.02 sys=0.00, real=0.00 secs] 
2797.687: [GC (Allocation Failure) [PSYoungGen: 76672K->1376K(76800K)] 459224K->383928K(701952K), 0.0048001 secs] [Times: user=0.02 sys=0.00, real=0.01 secs] 
2798.901: [GC (Allocation Failure) [PSYoungGen: 76640K->1376K(76800K)] 459192K->383928K(701952K), 0.0054760 secs] [Times: user=0.02 sys=0.00, real=0.00 secs] 
2799.804: [GC (Allocation Failure) [PSYoungGen: 76640K->1392K(76800K)] 459192K->383944K(701952K), 0.0038593 secs] [Times: user=0.02 sys=0.00, real=0.01 secs] 
2800.761: [GC (Allocation Failure) [PSYoungGen: 76656K->1376K(76800K)] 459208K->383936K(701952K), 0.0033585 secs] [Times: user=0.01 sys=0.00, real=0.00 secs] 
2802.071: [GC (Allocation Failure) [PSYoungGen: 76640K->1376K(76800K)] 459200K->383936K(701952K), 0.0024734 secs] [Times: user=0.00 sys=0.00, real=0.00 secs] 
2803.330: [GC (Allocation Failure) [PSYoungGen: 76640K->1408K(76800K)] 459200K->383968K(701952K), 0.0049588 secs] [Times: user=0.02 sys=0.00, real=0.00 secs] 
2804.363: [GC (Allocation Failure) [PSYoungGen: 76672K->1376K(76800K)] 459232K->383936K(701952K), 0.0043202 secs] [Times: user=0.02 sys=0.00, real=0.01 secs] 
2805.083: [GC (Allocation Failure) [PSYoungGen: 76640K->1376K(76800K)] 459200K->383936K(701952K), 0.0024159 secs] [Times: user=0.01 sys=0.00, real=0.00 secs] 
2805.885: [GC (Allocation Failure) [PSYoungGen: 76640K->1376K(76800K)] 459200K->383936K(701952K), 0.0016452 secs] [Times: user=0.01 sys=0.00, real=0.00 secs] 
2806.197: [GC (Allocation Failure) [PSYoungGen: 76640K->1376K(76800K)] 459200K->383936K(701952K), 0.0015663 secs] [Times: user=0.01 sys=0.00, real=0.01 secs] 
2806.508: [GC (Allocation Failure) [PSYoungGen: 76640K->1344K(77312K)] 459200K->383904K(702464K), 0.0017245 secs] [Times: user=0.01 sys=0.00, real=0.00 secs] 
2806.823: [GC (Allocation Failure) [PSYoungGen: 76608K->1408K(77312K)] 459168K->383968K(702464K), 0.0027602 secs] [Times: user=0.02 sys=0.00, real=0.00 secs] 
2808.630: [GC (Allocation Failure) [PSYoungGen: 76672K->1408K(77312K)] 459232K->383976K(702464K), 0.0039365 secs] [Times: user=0.01 sys=0.01, real=0.00 secs] 
2809.457: [GC (Allocation Failure) [PSYoungGen: 76672K->1376K(76800K)] 459240K->383944K(701952K), 0.0030187 secs] [Times: user=0.01 sys=0.00, real=0.01 secs] 
2810.128: [GC (Allocation Failure) [PSYoungGen: 76640K->1392K(76800K)] 459208K->383960K(701952K), 0.0036820 secs] [Times: user=0.01 sys=0.00, real=0.00 secs] 
2810.930: [GC (Allocation Failure) [PSYoungGen: 76656K->336K(76288K)] 459224K->383928K(701440K), 0.0023987 secs] [Times: user=0.01 sys=0.00, real=0.00 secs] 
2812.645: [GC (Allocation Failure) [PSYoungGen: 75600K->1376K(77312K)] 459192K->384968K(702464K), 0.0047431 secs] [Times: user=0.01 sys=0.00, real=0.01 secs] 
2813.812: [GC (Allocation Failure) [PSYoungGen: 76640K->1344K(77312K)] 460232K->384936K(702464K), 0.0024049 secs] [Times: user=0.01 sys=0.00, real=0.00 secs] 
2814.734: [GC (Allocation Failure) [PSYoungGen: 76608K->1376K(77312K)] 460200K->384968K(702464K), 0.0027847 secs] [Times: user=0.01 sys=0.00, real=0.01 secs] 
2815.675: [GC (Allocation Failure) [PSYoungGen: 76640K->1360K(77312K)] 460232K->384952K(702464K), 0.0019727 secs] [Times: user=0.00 sys=0.00, real=0.00 secs] 
2816.431: [GC (Allocation Failure) [PSYoungGen: 76624K->1408K(77312K)] 460216K->385000K(702464K), 0.0019741 secs] [Times: user=0.01 sys=0.00, real=0.00 secs] 
2816.897: [GC (Allocation Failure) [PSYoungGen: 76672K->1408K(77312K)] 460264K->385000K(702464K), 0.0021258 secs] [Times: user=0.01 sys=0.00, real=0.01 secs] 
2817.464: [GC (Allocation Failure) [PSYoungGen: 76672K->1376K(77312K)] 460264K->384976K(702464K), 0.0023027 secs] [Times: user=0.01 sys=0.00, real=0.00 secs] 
2818.433: [GC (Allocation Failure) [PSYoungGen: 76640K->1389K(77312K)] 460240K->384998K(702464K), 0.0016541 secs] [Times: user=0.01 sys=0.00, real=0.00 secs] 
2819.450: [GC (Allocation Failure) [PSYoungGen: 76653K->1360K(77312K)] 460262K->384968K(702464K), 0.0018414 secs] [Times: user=0.01 sys=0.00, real=0.00 secs] 
2820.157: [GC (Allocation Failure) [PSYoungGen: 76624K->1376K(77312K)] 460232K->384984K(702464K), 0.0025304 secs] [Times: user=0.01 sys=0.00, real=0.00 secs] 
2821.116: [GC (Allocation Failure) [PSYoungGen: 76640K->1376K(77312K)] 460248K->384984K(702464K), 0.0029042 secs] [Times: user=0.01 sys=0.00, real=0.01 secs] 
2822.201: [GC (Allocation Failure) [PSYoungGen: 76640K->1357K(77312K)] 460248K->384966K(702464K), 0.0016089 secs] [Times: user=0.00 sys=0.00, real=0.00 secs] 
2823.470: [GC (Allocation Failure) [PSYoungGen: 76621K->1408K(77312K)] 460230K->385016K(702464K), 0.0024870 secs] [Times: user=0.01 sys=0.00, real=0.00 secs] 
2825.413: [GC (Allocation Failure) [PSYoungGen: 76672K->1376K(77312K)] 460280K->384984K(702464K), 0.0040128 secs] [Times: user=0.02 sys=0.00, real=0.00 secs] 
2826.270: [GC (Allocation Failure) [PSYoungGen: 76640K->1376K(77312K)] 460248K->384984K(702464K), 0.0027454 secs] [Times: user=0.01 sys=0.00, real=0.00 secs] 
2827.547: [GC (Allocation Failure) [PSYoungGen: 76640K->1357K(76800K)] 460248K->384966K(701952K), 0.0017476 secs] [Times: user=0.01 sys=0.00, real=0.00 secs] 
2828.913: [GC (Allocation Failure) [PSYoungGen: 76621K->1440K(76800K)] 460230K->385048K(701952K), 0.0046841 secs] [Times: user=0.01 sys=0.00, real=0.01 secs] 
2829.970: [GC (Allocation Failure) [PSYoungGen: 76704K->1328K(76800K)] 460312K->384952K(701952K), 0.0032950 secs] [Times: user=0.01 sys=0.00, real=0.00 secs] 
2830.694: [GC (Allocation Failure) [PSYoungGen: 76592K->1408K(76800K)] 460216K->385032K(701952K), 0.0027104 secs] [Times: user=0.01 sys=0.00, real=0.01 secs] 
2832.083: [GC (Allocation Failure) [PSYoungGen: 76672K->301K(76288K)] 460296K->384950K(701440K), 0.0014977 secs] [Times: user=0.01 sys=0.00, real=0.00 secs] 
2832.573: [GC (Allocation Failure) [PSYoungGen: 75565K->1376K(77312K)] 460214K->386024K(702464K), 0.0019952 secs] [Times: user=0.01 sys=0.00, real=0.00 secs] 
2832.994: [GC (Allocation Failure) [PSYoungGen: 76640K->1408K(77312K)] 461288K->386056K(702464K), 0.0022103 secs] [Times: user=0.01 sys=0.00, real=0.00 secs] 
2833.645: [GC (Allocation Failure) [PSYoungGen: 76672K->1376K(77312K)] 461320K->386024K(702464K), 0.0025089 secs] [Times: user=0.01 sys=0.00, real=0.01 secs] 
2834.615: [GC (Allocation Failure) [PSYoungGen: 76640K->1424K(77312K)] 461288K->386072K(702464K), 0.0016701 secs] [Times: user=0.00 sys=0.00, real=0.00 secs] 
2835.637: [GC (Allocation Failure) [PSYoungGen: 76688K->1376K(77312K)] 461336K->386024K(702464K), 0.0037069 secs] [Times: user=0.02 sys=0.01, real=0.00 secs] 
2836.266: [GC (Allocation Failure) [PSYoungGen: 76640K->1376K(77312K)] 461288K->386024K(702464K), 0.0069801 secs] [Times: user=0.03 sys=0.00, real=0.01 secs] 
2836.996: [GC (Allocation Failure) [PSYoungGen: 76640K->1376K(77312K)] 461288K->386024K(702464K), 0.0022348 secs] [Times: user=0.01 sys=0.00, real=0.01 secs] 
2838.275: [GC (Allocation Failure) [PSYoungGen: 76640K->1696K(77312K)] 461288K->386344K(702464K), 0.0020782 secs] [Times: user=0.01 sys=0.00, real=0.01 secs] 
2839.265: [GC (Allocation Failure) [PSYoungGen: 76960K->1408K(77312K)] 461608K->386064K(702464K), 0.0042342 secs] [Times: user=0.01 sys=0.01, real=0.01 secs] 
2839.853: [GC (Allocation Failure) [PSYoungGen: 76672K->1376K(77312K)] 461328K->386032K(702464K), 0.0024098 secs] [Times: user=0.01 sys=0.00, real=0.00 secs] 
2840.498: [GC (Allocation Failure) [PSYoungGen: 76640K->1360K(77312K)] 461296K->386016K(702464K), 0.0040439 secs] [Times: user=0.02 sys=0.00, real=0.00 secs] 
2841.658: [GC (Allocation Failure) [PSYoungGen: 76624K->1920K(77312K)] 461280K->386576K(702464K), 0.0018136 secs] [Times: user=0.00 sys=0.00, real=0.00 secs] 
2841.970: [GC (Allocation Failure) [PSYoungGen: 77184K->1344K(77312K)] 461840K->386000K(702464K), 0.0017768 secs] [Times: user=0.01 sys=0.00, real=0.00 secs] 
2842.283: [GC (Allocation Failure) [PSYoungGen: 76608K->1344K(77312K)] 461264K->386000K(702464K), 0.0019004 secs] [Times: user=0.01 sys=0.00, real=0.00 secs] 
2842.620: [GC (Allocation Failure) [PSYoungGen: 76608K->1376K(77312K)] 461264K->386032K(702464K), 0.0026994 secs] [Times: user=0.02 sys=0.00, real=0.00 secs] 
2843.719: [GC (Allocation Failure) [PSYoungGen: 76640K->1408K(77312K)] 461296K->386072K(702464K), 0.0020286 secs] [Times: user=0.01 sys=0.00, real=0.00 secs] 
2844.422: [GC (Allocation Failure) [PSYoungGen: 76672K->1376K(77312K)] 461336K->386040K(702464K), 0.0022572 secs] [Times: user=0.01 sys=0.00, real=0.00 secs] 
2844.742: [GC (Allocation Failure) [PSYoungGen: 76640K->1296K(77312K)] 461304K->385960K(702464K), 0.0021083 secs] [Times: user=0.01 sys=0.00, real=0.00 secs] 
2845.295: [GC (Allocation Failure) [PSYoungGen: 76560K->1344K(77312K)] 461224K->386016K(702464K), 0.0021709 secs] [Times: user=0.01 sys=0.00, real=0.01 secs] 
2847.470: [GC (Allocation Failure) [PSYoungGen: 76608K->1440K(77312K)] 461280K->386112K(702464K), 0.0051573 secs] [Times: user=0.02 sys=0.00, real=0.00 secs] 
2849.140: [GC (Allocation Failure) [PSYoungGen: 76704K->1408K(77312K)] 461376K->386080K(702464K), 0.0022143 secs] [Times: user=0.01 sys=0.00, real=0.00 secs] 
2849.879: [GC (Allocation Failure) [PSYoungGen: 76672K->1440K(77312K)] 461344K->386112K(702464K), 0.0048582 secs] [Times: user=0.02 sys=0.00, real=0.00 secs] 
2850.712: [GC (Allocation Failure) [PSYoungGen: 76704K->1408K(77312K)] 461376K->386080K(702464K), 0.0035768 secs] [Times: user=0.02 sys=0.00, real=0.00 secs] 
2851.850: [GC (Allocation Failure) [PSYoungGen: 76672K->1376K(77312K)] 461344K->386048K(702464K), 0.0017976 secs] [Times: user=0.01 sys=0.00, real=0.00 secs] 
2852.191: [GC (Allocation Failure) [PSYoungGen: 76640K->1376K(77312K)] 461312K->386048K(702464K), 0.0016894 secs] [Times: user=0.01 sys=0.00, real=0.00 secs] 
2852.602: [GC (Allocation Failure) [PSYoungGen: 76640K->1344K(77312K)] 461312K->386016K(702464K), 0.0019421 secs] [Times: user=0.01 sys=0.00, real=0.00 secs] 
2852.920: [GC (Allocation Failure) [PSYoungGen: 76608K->1408K(77312K)] 461280K->386080K(702464K), 0.0023217 secs] [Times: user=0.01 sys=0.00, real=0.00 secs] 
2853.740: [GC (Allocation Failure) [PSYoungGen: 76672K->1408K(77312K)] 461344K->386080K(702464K), 0.0015376 secs] [Times: user=0.00 sys=0.00, real=0.00 secs] 
2854.084: [GC (Allocation Failure) [PSYoungGen: 76672K->1344K(77312K)] 461344K->386016K(702464K), 0.0017931 secs] [Times: user=0.01 sys=0.00, real=0.00 secs] 
2854.447: [GC (Allocation Failure) [PSYoungGen: 76608K->1344K(76800K)] 461280K->386016K(701952K), 0.0018479 secs] [Times: user=0.01 sys=0.01, real=0.00 secs] 
2854.795: [GC (Allocation Failure) [PSYoungGen: 76608K->1344K(76800K)] 461280K->386016K(701952K), 0.0027549 secs] [Times: user=0.01 sys=0.00, real=0.01 secs] 
2855.737: [GC (Allocation Failure) [PSYoungGen: 76608K->384K(76288K)] 461280K->386080K(701440K), 0.0019509 secs] [Times: user=0.01 sys=0.00, real=0.00 secs] 
2856.367: [GC (Allocation Failure) [PSYoungGen: 75648K->352K(77312K)] 461344K->386064K(702464K), 0.0017647 secs] [Times: user=0.01 sys=0.00, real=0.00 secs] 
2857.073: [GC (Allocation Failure) [PSYoungGen: 75616K->352K(77312K)] 461328K->386064K(702464K), 0.0050213 secs] [Times: user=0.02 sys=0.00, real=0.01 secs] 
2857.541: [GC (Allocation Failure) [PSYoungGen: 75616K->320K(77312K)] 461328K->386032K(702464K), 0.0019310 secs] [Times: user=0.01 sys=0.00, real=0.00 secs] 
2859.113: [GC (Allocation Failure) [PSYoungGen: 75584K->1344K(77312K)] 461296K->387056K(702464K), 0.0034685 secs] [Times: user=0.02 sys=0.00, real=0.00 secs] 
2860.515: [GC (Allocation Failure) [PSYoungGen: 76608K->1344K(77312K)] 462320K->387056K(702464K), 0.0052671 secs] [Times: user=0.02 sys=0.00, real=0.01 secs] 
2860.873: [GC (Allocation Failure) [PSYoungGen: 76608K->1344K(77312K)] 462320K->387056K(702464K), 0.0021731 secs] [Times: user=0.01 sys=0.00, real=0.00 secs] 
2861.572: [GC (Allocation Failure) [PSYoungGen: 76608K->1376K(77312K)] 462320K->387088K(702464K), 0.0022477 secs] [Times: user=0.01 sys=0.00, real=0.00 secs] 
2862.944: [GC (Allocation Failure) [PSYoungGen: 76640K->1360K(77312K)] 462352K->387072K(702464K), 0.0048522 secs] [Times: user=0.02 sys=0.00, real=0.01 secs] 
2863.778: [GC (Allocation Failure) [PSYoungGen: 76624K->1376K(77312K)] 462336K->387088K(702464K), 0.0028549 secs] [Times: user=0.01 sys=0.00, real=0.00 secs] 
2864.100: [GC (Allocation Failure) [PSYoungGen: 76640K->1344K(77312K)] 462352K->387056K(702464K), 0.0021843 secs] [Times: user=0.01 sys=0.00, real=0.00 secs] 
2864.507: [GC (Allocation Failure) [PSYoungGen: 76608K->1376K(77312K)] 462320K->387088K(702464K), 0.0019565 secs] [Times: user=0.00 sys=0.00, real=0.00 secs] 
2866.384: [GC (Allocation Failure) [PSYoungGen: 76640K->1408K(77312K)] 462352K->387120K(702464K), 0.0054270 secs] [Times: user=0.02 sys=0.00, real=0.01 secs] 
2867.481: [GC (Allocation Failure) [PSYoungGen: 76672K->1376K(77312K)] 462384K->387088K(702464K), 0.0026508 secs] [Times: user=0.01 sys=0.00, real=0.00 secs] 
2868.002: [GC (Allocation Failure) [PSYoungGen: 76640K->1344K(77312K)] 462352K->387064K(702464K), 0.0025443 secs] [Times: user=0.01 sys=0.00, real=0.00 secs] 
2868.556: [GC (Allocation Failure) [PSYoungGen: 76608K->1312K(77312K)] 462328K->387032K(702464K), 0.0027363 secs] [Times: user=0.01 sys=0.00, real=0.01 secs] 
2870.119: [GC (Allocation Failure) [PSYoungGen: 76576K->1440K(77312K)] 462296K->387168K(702464K), 0.0028900 secs] [Times: user=0.01 sys=0.00, real=0.00 secs] 
2870.959: [GC (Allocation Failure) [PSYoungGen: 76704K->1408K(77312K)] 462432K->387136K(702464K), 0.0020876 secs] [Times: user=0.01 sys=0.00, real=0.00 secs] 
2871.404: [GC (Allocation Failure) [PSYoungGen: 76672K->1376K(77312K)] 462400K->387104K(702464K), 0.0023053 secs] [Times: user=0.01 sys=0.00, real=0.00 secs] 
2871.979: [GC (Allocation Failure) [PSYoungGen: 76640K->1408K(77312K)] 462368K->387136K(702464K), 0.0023043 secs] [Times: user=0.01 sys=0.00, real=0.00 secs] 
2873.093: [GC (Allocation Failure) [PSYoungGen: 76672K->1440K(77312K)] 462400K->387168K(702464K), 0.0018268 secs] [Times: user=0.01 sys=0.00, real=0.00 secs] 
2873.549: [GC (Allocation Failure) [PSYoungGen: 76704K->1376K(77312K)] 462432K->387104K(702464K), 0.0018577 secs] [Times: user=0.01 sys=0.00, real=0.00 secs] 
2874.011: [GC (Allocation Failure) [PSYoungGen: 76640K->1376K(77312K)] 462368K->387104K(702464K), 0.0019207 secs] [Times: user=0.01 sys=0.00, real=0.00 secs] 
2874.743: [GC (Allocation Failure) [PSYoungGen: 76640K->1408K(77312K)] 462368K->387136K(702464K), 0.0022265 secs] [Times: user=0.01 sys=0.00, real=0.00 secs] 
2876.241: [GC (Allocation Failure) [PSYoungGen: 76672K->1408K(77312K)] 462400K->387136K(702464K), 0.0047646 secs] [Times: user=0.02 sys=0.00, real=0.00 secs] 
2877.047: [GC (Allocation Failure) [PSYoungGen: 76672K->1376K(77312K)] 462400K->387104K(702464K), 0.0030751 secs] [Times: user=0.01 sys=0.00, real=0.01 secs] 
2877.912: [GC (Allocation Failure) [PSYoungGen: 76640K->1440K(77312K)] 462368K->387176K(702464K), 0.0028333 secs] [Times: user=0.01 sys=0.00, real=0.00 secs] 
2878.635: [GC (Allocation Failure) [PSYoungGen: 76704K->1456K(77312K)] 462440K->387200K(702464K), 0.0026241 secs] [Times: user=0.01 sys=0.00, real=0.01 secs] 
2879.736: [GC (Allocation Failure) [PSYoungGen: 76720K->1424K(77312K)] 462464K->387168K(702464K), 0.0019311 secs] [Times: user=0.01 sys=0.00, real=0.01 secs] 
2880.473: [GC (Allocation Failure) [PSYoungGen: 76688K->1376K(77312K)] 462432K->387120K(702464K), 0.0021925 secs] [Times: user=0.01 sys=0.00, real=0.00 secs] 
2881.137: [GC (Allocation Failure) [PSYoungGen: 76640K->1408K(77312K)] 462384K->387152K(702464K), 0.0023789 secs] [Times: user=0.01 sys=0.00, real=0.01 secs] 
2881.743: [GC (Allocation Failure) [PSYoungGen: 76672K->1344K(77312K)] 462416K->387096K(702464K), 0.0021803 secs] [Times: user=0.01 sys=0.00, real=0.00 secs] 
2882.985: [GC (Allocation Failure) [PSYoungGen: 76608K->1344K(77312K)] 462360K->387096K(702464K), 0.0023311 secs] [Times: user=0.00 sys=0.00, real=0.01 secs] 
2884.291: [GC (Allocation Failure) [PSYoungGen: 76608K->1408K(77312K)] 462360K->387160K(702464K), 0.0025651 secs] [Times: user=0.01 sys=0.00, real=0.00 secs] 
2885.268: [GC (Allocation Failure) [PSYoungGen: 76672K->1344K(77312K)] 462424K->387096K(702464K), 0.0025042 secs] [Times: user=0.01 sys=0.00, real=0.00 secs] 
2886.347: [GC (Allocation Failure) [PSYoungGen: 76608K->1376K(77312K)] 462360K->387128K(702464K), 0.0029459 secs] [Times: user=0.01 sys=0.00, real=0.00 secs] 
2887.415: [GC (Allocation Failure) [PSYoungGen: 76640K->1440K(77312K)] 462392K->387192K(702464K), 0.0023124 secs] [Times: user=0.01 sys=0.00, real=0.01 secs] 
2888.172: [GC (Allocation Failure) [PSYoungGen: 76704K->1360K(77312K)] 462456K->387112K(702464K), 0.0027161 secs] [Times: user=0.02 sys=0.00, real=0.00 secs] 
2889.001: [GC (Allocation Failure) [PSYoungGen: 76624K->1408K(77312K)] 462376K->387168K(702464K), 0.0033076 secs] [Times: user=0.01 sys=0.00, real=0.00 secs] 
2889.867: [GC (Allocation Failure) [PSYoungGen: 76672K->1344K(76800K)] 462432K->387104K(701952K), 0.0029661 secs] [Times: user=0.01 sys=0.00, real=0.01 secs] 
2890.821: [GC (Allocation Failure) [PSYoungGen: 76608K->1376K(76800K)] 462368K->387136K(701952K), 0.0020104 secs] [Times: user=0.00 sys=0.00, real=0.00 secs] 
2891.422: [GC (Allocation Failure) [PSYoungGen: 76640K->1376K(76800K)] 462400K->387136K(701952K), 0.0018960 secs] [Times: user=0.01 sys=0.00, real=0.00 secs] 
2892.112: [GC (Allocation Failure) [PSYoungGen: 76640K->1344K(76800K)] 462400K->387104K(701952K), 0.0028170 secs] [Times: user=0.01 sys=0.00, real=0.00 secs] 
2893.047: [GC (Allocation Failure) [PSYoungGen: 76608K->1344K(76800K)] 462368K->387104K(701952K), 0.0028337 secs] [Times: user=0.01 sys=0.00, real=0.01 secs] 
2893.888: [GC (Allocation Failure) [PSYoungGen: 76608K->1408K(76800K)] 462368K->387168K(701952K), 0.0015361 secs] [Times: user=0.01 sys=0.00, real=0.00 secs] 
2894.205: [GC (Allocation Failure) [PSYoungGen: 76672K->1344K(76800K)] 462432K->387104K(701952K), 0.0027324 secs] [Times: user=0.01 sys=0.00, real=0.01 secs] 
2894.536: [GC (Allocation Failure) [PSYoungGen: 76608K->1392K(76800K)] 462368K->387152K(701952K), 0.0032911 secs] [Times: user=0.02 sys=0.00, real=0.01 secs] 
2895.192: [GC (Allocation Failure) [PSYoungGen: 76656K->1389K(76800K)] 462416K->387158K(701952K), 0.0025039 secs] [Times: user=0.01 sys=0.00, real=0.00 secs] 
2897.444: [GC (Allocation Failure) [PSYoungGen: 76653K->1408K(76800K)] 462422K->387176K(701952K), 0.0032379 secs] [Times: user=0.01 sys=0.00, real=0.01 secs] 
2897.762: [GC (Allocation Failure) [PSYoungGen: 76672K->1376K(76800K)] 462440K->387152K(701952K), 0.0028726 secs] [Times: user=0.01 sys=0.00, real=0.00 secs] 
2898.234: [GC (Allocation Failure) [PSYoungGen: 76640K->1360K(76800K)] 462416K->387136K(701952K), 0.0022146 secs] [Times: user=0.00 sys=0.00, real=0.00 secs] 
2898.924: [GC (Allocation Failure) [PSYoungGen: 76624K->1357K(76800K)] 462400K->387134K(701952K), 0.0016910 secs] [Times: user=0.01 sys=0.00, real=0.00 secs] 
2900.236: [GC (Allocation Failure) [PSYoungGen: 76621K->1408K(76800K)] 462398K->387184K(701952K), 0.0050920 secs] [Times: user=0.01 sys=0.00, real=0.01 secs] 
2900.664: [GC (Allocation Failure) [PSYoungGen: 76672K->1344K(76800K)] 462448K->387120K(701952K), 0.0022612 secs] [Times: user=0.01 sys=0.00, real=0.00 secs] 
2901.056: [GC (Allocation Failure) [PSYoungGen: 76608K->1376K(76800K)] 462384K->387160K(701952K), 0.0021544 secs] [Times: user=0.01 sys=0.00, real=0.01 secs] 
2901.667: [GC (Allocation Failure) [PSYoungGen: 76640K->1357K(76800K)] 462424K->387142K(701952K), 0.0015084 secs] [Times: user=0.01 sys=0.00, real=0.00 secs] 
2903.223: [GC (Allocation Failure) [PSYoungGen: 76621K->1408K(76800K)] 462406K->387192K(701952K), 0.0034829 secs] [Times: user=0.02 sys=0.00, real=0.00 secs] 
2903.888: [GC (Allocation Failure) [PSYoungGen: 76672K->1376K(76800K)] 462456K->387160K(701952K), 0.0028475 secs] [Times: user=0.01 sys=0.00, real=0.00 secs] 
2904.491: [GC (Allocation Failure) [PSYoungGen: 76640K->1344K(76800K)] 462424K->387128K(701952K), 0.0021497 secs] [Times: user=0.01 sys=0.00, real=0.00 secs] 
2905.115: [GC (Allocation Failure) [PSYoungGen: 76608K->1357K(76800K)] 462392K->387142K(701952K), 0.0016756 secs] [Times: user=0.01 sys=0.00, real=0.01 secs] 
2905.571: [GC (Allocation Failure) [PSYoungGen: 76621K->1440K(76800K)] 462406K->387224K(701952K), 0.0015450 secs] [Times: user=0.01 sys=0.00, real=0.00 secs] 
2905.883: [GC (Allocation Failure) [PSYoungGen: 76704K->1440K(76800K)] 462488K->387232K(701952K), 0.0015223 secs] [Times: user=0.00 sys=0.00, real=0.00 secs] 
2906.194: [GC (Allocation Failure) [PSYoungGen: 76704K->1376K(76800K)] 462496K->387168K(701952K), 0.0015359 secs] [Times: user=0.01 sys=0.00, real=0.00 secs] 
2906.896: [GC (Allocation Failure) [PSYoungGen: 76640K->1389K(76800K)] 462432K->387182K(701952K), 0.0016313 secs] [Times: user=0.00 sys=0.00, real=0.01 secs] 
2907.730: [GC (Allocation Failure) [PSYoungGen: 76653K->1376K(76800K)] 462446K->387168K(701952K), 0.0020610 secs] [Times: user=0.01 sys=0.00, real=0.00 secs] 
2908.415: [GC (Allocation Failure) [PSYoungGen: 76640K->1344K(76800K)] 462432K->387136K(701952K), 0.0023987 secs] [Times: user=0.01 sys=0.00, real=0.01 secs] 
2908.981: [GC (Allocation Failure) [PSYoungGen: 76608K->1392K(76800K)] 462400K->387184K(701952K), 0.0024484 secs] [Times: user=0.01 sys=0.00, real=0.00 secs] 
2910.111: [GC (Allocation Failure) [PSYoungGen: 76200K->192K(76800K)] 461993K->385984K(701952K), 0.0016119 secs] [Times: user=0.00 sys=0.00, real=0.00 secs] 
2910.470: [GC (Allocation Failure) [PSYoungGen: 75456K->1376K(77312K)] 461248K->387168K(702464K), 0.0017841 secs] [Times: user=0.01 sys=0.00, real=0.00 secs] 
2910.783: [GC (Allocation Failure) [PSYoungGen: 76640K->1344K(77312K)] 462432K->387136K(702464K), 0.0018443 secs] [Times: user=0.01 sys=0.00, real=0.00 secs] 
2911.155: [GC (Allocation Failure) [PSYoungGen: 76608K->1344K(77312K)] 462400K->387136K(702464K), 0.0018800 secs] [Times: user=0.01 sys=0.00, real=0.00 secs] 
2911.989: [GC (Allocation Failure) [PSYoungGen: 76608K->1504K(77312K)] 462400K->387296K(702464K), 0.0017957 secs] [Times: user=0.01 sys=0.00, real=0.00 secs] 
2912.671: [GC (Allocation Failure) [PSYoungGen: 76768K->1312K(77312K)] 462560K->387104K(702464K), 0.0019760 secs] [Times: user=0.01 sys=0.00, real=0.00 secs] 
2913.076: [GC (Allocation Failure) [PSYoungGen: 76576K->1360K(77312K)] 462368K->387168K(702464K), 0.0020009 secs] [Times: user=0.01 sys=0.00, real=0.01 secs] 
2913.394: [GC (Allocation Failure) [PSYoungGen: 76624K->1344K(77312K)] 462432K->387152K(702464K), 0.0019718 secs] [Times: user=0.01 sys=0.00, real=0.00 secs] 
2914.345: [GC (Allocation Failure) [PSYoungGen: 76608K->1888K(77312K)] 462416K->387696K(702464K), 0.0019794 secs] [Times: user=0.01 sys=0.00, real=0.00 secs] 
2914.942: [GC (Allocation Failure) [PSYoungGen: 77152K->1360K(77312K)] 462960K->387168K(702464K), 0.0020277 secs] [Times: user=0.01 sys=0.00, real=0.00 secs] 
2915.554: [GC (Allocation Failure) [PSYoungGen: 76624K->1344K(77312K)] 462432K->387152K(702464K), 0.0027806 secs] [Times: user=0.01 sys=0.00, real=0.00 secs] 
2916.370: [GC (Allocation Failure) [PSYoungGen: 76608K->1376K(77312K)] 462416K->387184K(702464K), 0.0026193 secs] [Times: user=0.01 sys=0.00, real=0.00 secs] 
2917.535: [GC (Allocation Failure) [PSYoungGen: 76640K->1360K(77312K)] 462448K->387168K(702464K), 0.0017451 secs] [Times: user=0.01 sys=0.00, real=0.00 secs] 
2918.236: [GC (Allocation Failure) [PSYoungGen: 76624K->1344K(77312K)] 462432K->387152K(702464K), 0.0024232 secs] [Times: user=0.01 sys=0.00, real=0.01 secs] 
2919.073: [GC (Allocation Failure) [PSYoungGen: 76608K->1344K(77312K)] 462416K->387152K(702464K), 0.0027510 secs] [Times: user=0.01 sys=0.00, real=0.00 secs] 
2919.872: [GC (Allocation Failure) [PSYoungGen: 76608K->1344K(77312K)] 462416K->387152K(702464K), 0.0027616 secs] [Times: user=0.01 sys=0.00, real=0.00 secs] 
2921.024: [GC (Allocation Failure) [PSYoungGen: 76608K->1408K(77312K)] 462416K->387216K(702464K), 0.0019251 secs] [Times: user=0.01 sys=0.00, real=0.00 secs] 
2922.010: [GC (Allocation Failure) [PSYoungGen: 76672K->1376K(77312K)] 462480K->387184K(702464K), 0.0036252 secs] [Times: user=0.02 sys=0.00, real=0.00 secs] 
2922.689: [GC (Allocation Failure) [PSYoungGen: 76640K->1344K(77312K)] 462448K->387152K(702464K), 0.0033734 secs] [Times: user=0.01 sys=0.00, real=0.00 secs] 
2923.344: [GC (Allocation Failure) [PSYoungGen: 76608K->1344K(76800K)] 462416K->387152K(701952K), 0.0026205 secs] [Times: user=0.01 sys=0.00, real=0.00 secs] 
2925.164: [GC (Allocation Failure) [PSYoungGen: 76608K->1440K(76800K)] 462416K->387248K(701952K), 0.0053561 secs] [Times: user=0.02 sys=0.00, real=0.01 secs] 
2926.465: [GC (Allocation Failure) [PSYoungGen: 76704K->1296K(77312K)] 462512K->387104K(702464K), 0.0030603 secs] [Times: user=0.02 sys=0.00, real=0.01 secs] 
2927.121: [GC (Allocation Failure) [PSYoungGen: 76560K->1344K(76800K)] 462368K->387152K(701952K), 0.0026983 secs] [Times: user=0.01 sys=0.00, real=0.00 secs] 
2927.964: [GC (Allocation Failure) [PSYoungGen: 76608K->1328K(76800K)] 462416K->387136K(701952K), 0.0025236 secs] [Times: user=0.01 sys=0.00, real=0.01 secs] 
2928.918: [GC (Allocation Failure) [PSYoungGen: 76592K->1376K(76800K)] 462400K->387192K(701952K), 0.0018133 secs] [Times: user=0.01 sys=0.00, real=0.00 secs] 
2929.286: [GC (Allocation Failure) [PSYoungGen: 76640K->1360K(76800K)] 462456K->387176K(701952K), 0.0018752 secs] [Times: user=0.01 sys=0.00, real=0.01 secs] 
2929.617: [GC (Allocation Failure) [PSYoungGen: 76624K->1344K(76800K)] 462440K->387160K(701952K), 0.0027106 secs] [Times: user=0.01 sys=0.00, real=0.00 secs] 
2929.936: [GC (Allocation Failure) [PSYoungGen: 76608K->1344K(76800K)] 462424K->387160K(701952K), 0.0025891 secs] [Times: user=0.01 sys=0.01, real=0.01 secs] 
2930.993: [GC (Allocation Failure) [PSYoungGen: 76608K->1440K(76800K)] 462424K->387256K(701952K), 0.0019565 secs] [Times: user=0.01 sys=0.00, real=0.00 secs] 
2931.707: [GC (Allocation Failure) [PSYoungGen: 76704K->1408K(76800K)] 462520K->387224K(701952K), 0.0020909 secs] [Times: user=0.01 sys=0.00, real=0.00 secs] 
2932.052: [GC (Allocation Failure) [PSYoungGen: 76672K->1360K(76800K)] 462488K->387176K(701952K), 0.0022111 secs] [Times: user=0.00 sys=0.00, real=0.00 secs] 
2932.365: [GC (Allocation Failure) [PSYoungGen: 76624K->1376K(76800K)] 462440K->387192K(701952K), 0.0021639 secs] [Times: user=0.00 sys=0.00, real=0.01 secs] 
2933.238: [GC (Allocation Failure) [PSYoungGen: 76640K->1408K(76800K)] 462456K->387224K(701952K), 0.0018660 secs] [Times: user=0.00 sys=0.00, real=0.00 secs] 
2933.862: [GC (Allocation Failure) [PSYoungGen: 76672K->1376K(76800K)] 462488K->387192K(701952K), 0.0039598 secs] [Times: user=0.01 sys=0.00, real=0.00 secs] 
2934.480: [GC (Allocation Failure) [PSYoungGen: 76640K->1392K(76800K)] 462456K->387208K(701952K), 0.0027973 secs] [Times: user=0.01 sys=0.00, real=0.00 secs] 
2934.812: [GC (Allocation Failure) [PSYoungGen: 76656K->1344K(76800K)] 462472K->387168K(701952K), 0.0021610 secs] [Times: user=0.01 sys=0.00, real=0.00 secs] 
2936.276: [GC (Allocation Failure) [PSYoungGen: 76608K->1392K(76800K)] 462432K->387216K(701952K), 0.0029685 secs] [Times: user=0.01 sys=0.00, real=0.01 secs] 
2937.562: [GC (Allocation Failure) [PSYoungGen: 76656K->1376K(76800K)] 462480K->387200K(701952K), 0.0040029 secs] [Times: user=0.02 sys=0.00, real=0.00 secs] 
2938.232: [GC (Allocation Failure) [PSYoungGen: 76640K->1344K(76800K)] 462464K->387168K(701952K), 0.0027482 secs] [Times: user=0.01 sys=0.00, real=0.00 secs] 
2938.799: [GC (Allocation Failure) [PSYoungGen: 76608K->1344K(76800K)] 462432K->387168K(701952K), 0.0024720 secs] [Times: user=0.01 sys=0.00, real=0.00 secs] 
2939.765: [GC (Allocation Failure) [PSYoungGen: 76608K->1392K(76800K)] 462432K->387216K(701952K), 0.0017151 secs] [Times: user=0.01 sys=0.00, real=0.00 secs] 
2940.170: [GC (Allocation Failure) [PSYoungGen: 76656K->1344K(76800K)] 462480K->387168K(701952K), 0.0018426 secs] [Times: user=0.00 sys=0.00, real=0.00 secs] 
2940.482: [GC (Allocation Failure) [PSYoungGen: 76608K->1360K(76800K)] 462432K->387184K(701952K), 0.0018236 secs] [Times: user=0.01 sys=0.00, real=0.00 secs] 
2940.795: [GC (Allocation Failure) [PSYoungGen: 76624K->1344K(76800K)] 462448K->387168K(701952K), 0.0019475 secs] [Times: user=0.00 sys=0.00, real=0.00 secs] 
2942.191: [GC (Allocation Failure) [PSYoungGen: 76608K->1504K(76800K)] 462432K->387551K(701952K), 0.0038458 secs] [Times: user=0.02 sys=0.00, real=0.00 secs] 
2944.100: [GC (Allocation Failure) [PSYoungGen: 76768K->2016K(74752K)] 462815K->394448K(699904K), 0.0068736 secs] [Times: user=0.03 sys=0.00, real=0.01 secs] 
2948.932: [GC (Allocation Failure) [PSYoungGen: 74720K->4576K(77312K)] 467152K->420504K(702464K), 0.0274006 secs] [Times: user=0.16 sys=0.00, real=0.03 secs] 
2951.999: [GC (Allocation Failure) [PSYoungGen: 77280K->13792K(75776K)] 493208K->452552K(700928K), 0.0278946 secs] [Times: user=0.14 sys=0.02, real=0.03 secs] 
2952.125: [GC (Allocation Failure) [PSYoungGen: 75744K->24544K(86528K)] 514504K->483048K(711680K), 0.0234683 secs] [Times: user=0.13 sys=0.01, real=0.03 secs] 
2952.502: [GC (Allocation Failure) [PSYoungGen: 86496K->36320K(96256K)] 545000K->511616K(721408K), 0.0445969 secs] [Times: user=0.22 sys=0.04, real=0.04 secs] 
2958.606: [GC (Allocation Failure) [PSYoungGen: 96224K->49632K(109568K)] 571520K->538296K(734720K), 0.0471154 secs] [Times: user=0.27 sys=0.01, real=0.05 secs] 
2960.010: [GC (Allocation Failure) [PSYoungGen: 109536K->63456K(116736K)] 598200K->567752K(741888K), 0.0459671 secs] [Times: user=0.23 sys=0.03, real=0.04 secs] 
2960.734: [GC (GCLocker Initiated GC) [PSYoungGen: 116704K->80864K(134144K)] 621001K->592471K(759296K), 0.0415924 secs] [Times: user=0.25 sys=0.00, real=0.04 secs] 
2960.860: [GC (Allocation Failure) [PSYoungGen: 134112K->98272K(140288K)] 645722K->618498K(765440K), 0.0470350 secs] [Times: user=0.24 sys=0.03, real=0.05 secs] 
2961.951: [GC (Allocation Failure) [PSYoungGen: 140256K->111480K(161280K)] 660482K->631738K(786432K), 0.0400006 secs] [Times: user=0.23 sys=0.00, real=0.04 secs] 
2962.087: [GC (Allocation Failure) [PSYoungGen: 153464K->72032K(187392K)] 673722K->631754K(812544K), 0.0345745 secs] [Times: user=0.20 sys=0.00, real=0.03 secs] 
2962.201: [GC (Allocation Failure) [PSYoungGen: 121696K->17504K(187904K)] 681418K->636170K(813056K), 0.0319153 secs] [Times: user=0.18 sys=0.01, real=0.03 secs] 
2962.233: [Full GC (Ergonomics) [PSYoungGen: 17504K->0K(187904K)] [ParOldGen: 618666K->19558K(599040K)] 636170K->19558K(786944K), [Metaspace: 60051K->59967K(1105920K)], 0.0404254 secs] [Times: user=0.11 sys=0.00, real=0.04 secs] 
2962.787: [GC (Allocation Failure) [PSYoungGen: 49664K->16512K(187392K)] 69222K->36070K(786432K), 0.0050060 secs] [Times: user=0.03 sys=0.00, real=0.01 secs] 
2965.369: [GC (Allocation Failure) [PSYoungGen: 76416K->28448K(190976K)] 95974K->63390K(790016K), 0.0390854 secs] [Times: user=0.23 sys=0.00, real=0.04 secs] 
2965.524: [GC (Allocation Failure) [PSYoungGen: 88352K->29984K(184320K)] 123294K->91190K(783360K), 0.0262009 secs] [Times: user=0.16 sys=0.00, real=0.03 secs] 
2965.630: [GC (Allocation Failure) [PSYoungGen: 101664K->38048K(190464K)] 162870K->125070K(789504K), 0.0190827 secs] [Times: user=0.11 sys=0.00, real=0.02 secs] 
2965.706: [GC (Allocation Failure) [PSYoungGen: 109728K->35456K(185344K)] 196750K->160470K(784384K), 0.0226411 secs] [Times: user=0.13 sys=0.00, real=0.03 secs] 
2967.360: [GC (Allocation Failure) [PSYoungGen: 119551K->40672K(190976K)] 244565K->201230K(790016K), 0.2355884 secs] [Times: user=1.40 sys=0.00, real=0.23 secs] 
2970.287: [GC (Allocation Failure) [PSYoungGen: 126688K->43296K(192512K)] 287246K->244502K(791552K), 0.0544774 secs] [Times: user=0.31 sys=0.01, real=0.05 secs] 
2971.837: [GC (Allocation Failure) [PSYoungGen: 146208K->21504K(197120K)] 347414K->265958K(796160K), 0.0286122 secs] [Times: user=0.17 sys=0.00, real=0.02 secs] 
2972.020: [GC (Allocation Failure) [PSYoungGen: 124416K->24832K(209920K)] 368870K->290830K(808960K), 0.0299103 secs] [Times: user=0.18 sys=0.00, real=0.03 secs] 
2972.261: [GC (Allocation Failure) [PSYoungGen: 148224K->58240K(212480K)] 414224K->346938K(811520K), 0.0189762 secs] [Times: user=0.11 sys=0.00, real=0.02 secs] 
2972.391: [GC (Allocation Failure) [PSYoungGen: 181632K->63552K(235520K)] 470330K->405830K(834560K), 0.0390123 secs] [Times: user=0.20 sys=0.02, real=0.04 secs] 
2972.535: [GC (Allocation Failure) [PSYoungGen: 207424K->78400K(239104K)] 549702K->476062K(838144K), 0.0368875 secs] [Times: user=0.19 sys=0.00, real=0.04 secs] 
2973.536: [GC (Allocation Failure) [PSYoungGen: 222272K->30784K(268288K)] 619934K->506846K(867328K), 0.0413651 secs] [Times: user=0.21 sys=0.00, real=0.05 secs] 
2973.730: [GC (Allocation Failure) [PSYoungGen: 202816K->64896K(272384K)] 678878K->571662K(871424K), 0.0451127 secs] [Times: user=0.26 sys=0.00, real=0.04 secs] 
2975.732: [GC (Allocation Failure) [PSYoungGen: 236928K->84064K(299520K)] 743694K->650572K(898560K), 0.1444715 secs] [Times: user=0.34 sys=0.33, real=0.14 secs] 
2975.876: [Full GC (Ergonomics) [PSYoungGen: 84064K->0K(299520K)] [ParOldGen: 566508K->158743K(792064K)] 650572K->158743K(1091584K), [Metaspace: 59981K->59981K(1105920K)], 0.4219113 secs] [Times: user=2.02 sys=0.00, real=0.43 secs] 
2978.053: [GC (Allocation Failure) [PSYoungGen: 197120K->100384K(308224K)] 355863K->259127K(1100288K), 0.0877682 secs] [Times: user=0.52 sys=0.00, real=0.09 secs] 
2979.160: [GC (GCLocker Initiated GC) [PSYoungGen: 297504K->40224K(347136K)] 456248K->299448K(1139200K), 0.0463580 secs] [Times: user=0.27 sys=0.00, real=0.04 secs] 
2979.862: [GC (Allocation Failure) [PSYoungGen: 272672K->109984K(351744K)] 531898K->406407K(1143808K), 0.0803767 secs] [Times: user=0.47 sys=0.00, real=0.08 secs] 
2980.990: [GC (Allocation Failure) [PSYoungGen: 342432K->103648K(398848K)] 638855K->501775K(1190912K), 0.0649543 secs] [Times: user=0.34 sys=0.04, real=0.06 secs] 
2982.081: [GC (Allocation Failure) [PSYoungGen: 368864K->85792K(408064K)] 766991K->587351K(1200128K), 0.0719333 secs] [Times: user=0.42 sys=0.00, real=0.07 secs] 
2984.116: [GC (Allocation Failure) [PSYoungGen: 351008K->131072K(438272K)] 852567K->712564K(1230336K), 0.1074073 secs] [Times: user=0.59 sys=0.03, real=0.11 secs] 
2987.402: [GC (Allocation Failure) [PSYoungGen: 426496K->82784K(455168K)] 1007988K->795484K(1247232K), 0.1573830 secs] [Times: user=0.53 sys=0.37, real=0.16 secs] 
2987.560: [Full GC (Ergonomics) [PSYoungGen: 82784K->0K(455168K)] [ParOldGen: 712700K->70984K(798720K)] 795484K->70984K(1253888K), [Metaspace: 59990K->59990K(1105920K)], 0.1687587 secs] [Times: user=0.77 sys=0.00, real=0.17 secs] 
2987.953: [GC (Allocation Failure) [PSYoungGen: 295424K->146816K(481792K)] 366408K->217800K(1280512K), 0.0491558 secs] [Times: user=0.22 sys=0.08, real=0.05 secs] 
2991.798: [GC (Allocation Failure) [PSYoungGen: 473984K->95424K(500736K)] 544968K->313412K(1299456K), 0.1465380 secs] [Times: user=0.87 sys=0.01, real=0.14 secs] 
2992.217: [GC (Allocation Failure) [PSYoungGen: 422592K->162816K(486912K)] 640580K->470266K(1285632K), 0.0579445 secs] [Times: user=0.34 sys=0.01, real=0.05 secs] 
2994.656: [GC (Allocation Failure) [PSYoungGen: 479744K->97024K(507904K)] 787194K->567410K(1306624K), 0.1242287 secs] [Times: user=0.74 sys=0.00, real=0.13 secs] 
2995.620: [GC (Allocation Failure) [PSYoungGen: 413952K->156000K(485888K)] 884338K->717747K(1284608K), 0.0718245 secs] [Times: user=0.43 sys=0.00, real=0.07 secs] 
2997.465: [GC (Allocation Failure) [PSYoungGen: 458592K->91264K(500736K)] 1020339K->808955K(1299456K), 0.0657071 secs] [Times: user=0.39 sys=0.00, real=0.07 secs] 
2997.530: [Full GC (Ergonomics) [PSYoungGen: 91264K->0K(500736K)] [ParOldGen: 717691K->86673K(900096K)] 808955K->86673K(1400832K), [Metaspace: 60004K->60004K(1105920K)], 0.1906429 secs] [Times: user=0.82 sys=0.00, real=0.19 secs] 
2997.935: [GC (GCLocker Initiated GC) [PSYoungGen: 302592K->146816K(491008K)] 389266K->233490K(1391104K), 0.0326101 secs] [Times: user=0.19 sys=0.00, real=0.04 secs] 
3001.515: [GC (Allocation Failure) [PSYoungGen: 448384K->85920K(500224K)] 535092K->319020K(1400320K), 0.1160224 secs] [Times: user=0.69 sys=0.01, real=0.12 secs] 
3001.866: [GC (Allocation Failure) [PSYoungGen: 387488K->150656K(487936K)] 620588K->463961K(1388032K), 0.0530338 secs] [Times: user=0.32 sys=0.00, real=0.06 secs] 
3003.965: [GC (Allocation Failure) [PSYoungGen: 447104K->85472K(497664K)] 760409K->549561K(1397760K), 0.1301927 secs] [Times: user=0.78 sys=0.00, real=0.13 secs] 
3004.340: [GC (Allocation Failure) [PSYoungGen: 381920K->147648K(489472K)] 846009K->691887K(1389568K), 0.0515608 secs] [Times: user=0.31 sys=0.00, real=0.05 secs] 
3006.601: [GC (Allocation Failure) [PSYoungGen: 442048K->84608K(496640K)] 986287K->776567K(1396736K), 0.1321725 secs] [Times: user=0.78 sys=0.01, real=0.13 secs] 
3006.733: [Full GC (Ergonomics) [PSYoungGen: 84608K->0K(496640K)] [ParOldGen: 691959K->55697K(900096K)] 776567K->55697K(1396736K), [Metaspace: 60016K->60016K(1105920K)], 0.1408866 secs] [Times: user=0.64 sys=0.00, real=0.14 secs] 
3007.652: [GC (Allocation Failure) [PSYoungGen: 294400K->140352K(494080K)] 350097K->196049K(1394176K), 0.0279229 secs] [Times: user=0.17 sys=0.00, real=0.03 secs] 
3009.492: [GC (Allocation Failure) [PSYoungGen: 437824K->100928K(398848K)] 493521K->288465K(1298944K), 0.1651464 secs] [Times: user=0.98 sys=0.00, real=0.17 secs] 
3011.276: [GC (Allocation Failure) [PSYoungGen: 398400K->140992K(491008K)] 585937K->423982K(1391104K), 0.0489757 secs] [Times: user=0.29 sys=0.00, real=0.05 secs] 
3012.857: [GC (Allocation Failure) [PSYoungGen: 438976K->98432K(494592K)] 721966K->513510K(1394688K), 0.1251156 secs] [Times: user=0.74 sys=0.00, real=0.13 secs] 
3013.933: [GC (Allocation Failure) [PSYoungGen: 396416K->139744K(497152K)] 811494K->650162K(1397248K), 0.0496277 secs] [Times: user=0.30 sys=0.00, real=0.05 secs] 
3016.276: [GC (Allocation Failure) [PSYoungGen: 446432K->103872K(499712K)] 956850K->745135K(1399808K), 0.0973778 secs] [Times: user=0.58 sys=0.00, real=0.10 secs] 
3018.358: [GC (Allocation Failure) [PSYoungGen: 410560K->146592K(497152K)] 1051823K->889803K(1397248K), 0.0592835 secs] [Times: user=0.29 sys=0.06, real=0.06 secs] 
3018.417: [Full GC (Ergonomics) [PSYoungGen: 146592K->0K(497152K)] [ParOldGen: 743211K->160422K(1023488K)] 889803K->160422K(1520640K), [Metaspace: 60027K->60027K(1105920K)], 0.3569099 secs] [Times: user=1.63 sys=0.00, real=0.35 secs] 
3019.944: [GC (Allocation Failure) [PSYoungGen: 310272K->109344K(502272K)] 470694K->269774K(1525760K), 0.0416774 secs] [Times: user=0.24 sys=0.01, real=0.04 secs] 
3020.414: [GC (Allocation Failure) [PSYoungGen: 419616K->142464K(501760K)] 580046K->410971K(1525248K), 0.0557667 secs] [Times: user=0.33 sys=0.00, real=0.06 secs] 
3024.252: [GC (Allocation Failure) [PSYoungGen: 458880K->107136K(505344K)] 727387K->508991K(1528832K), 0.0762585 secs] [Times: user=0.45 sys=0.00, real=0.08 secs] 
3026.828: [GC (Allocation Failure) [PSYoungGen: 423552K->142464K(504832K)] 825407K->649532K(1528320K), 0.0527046 secs] [Times: user=0.31 sys=0.00, real=0.05 secs] 
3028.257: [GC (Allocation Failure) [PSYoungGen: 464000K->111072K(507904K)] 971068K->751044K(1531392K), 0.1118984 secs] [Times: user=0.66 sys=0.00, real=0.12 secs] 
3030.224: [GC (Allocation Failure) [PSYoungGen: 432608K->149120K(505344K)] 1072580K->898021K(1528832K), 0.0562395 secs] [Times: user=0.33 sys=0.00, real=0.06 secs] 
3032.843: [GC (Allocation Failure) [PSYoungGen: 473216K->110208K(510464K)] 1222117K->999941K(1533952K), 0.1264990 secs] [Times: user=0.53 sys=0.20, real=0.13 secs] 
3032.970: [Full GC (Ergonomics) [PSYoungGen: 110208K->0K(510464K)] [ParOldGen: 889733K->36341K(936960K)] 999941K->36341K(1447424K), [Metaspace: 60043K->60043K(1105920K)], 0.0701418 secs] [Times: user=0.25 sys=0.00, real=0.07 secs] 
3034.626: [GC (Allocation Failure) [PSYoungGen: 324096K->152864K(505856K)] 360437K->189205K(1442816K), 0.0302011 secs] [Times: user=0.18 sys=0.00, real=0.03 secs] 
3035.991: [GC (Allocation Failure) [PSYoungGen: 476960K->109824K(511488K)] 513301K->290077K(1448448K), 0.0778815 secs] [Times: user=0.46 sys=0.00, real=0.08 secs] 
3036.874: [GC (Allocation Failure) [PSYoungGen: 433920K->153536K(504320K)] 614173K->440509K(1441280K), 0.0959071 secs] [Times: user=0.56 sys=0.00, real=0.10 secs] 
3039.708: [GC (Allocation Failure) [PSYoungGen: 474560K->106688K(509952K)] 761533K->538221K(1446912K), 0.1639321 secs] [Times: user=0.98 sys=0.01, real=0.16 secs] 
3040.139: [GC (GCLocker Initiated GC) [PSYoungGen: 427712K->156160K(501760K)] 859246K->690991K(1438720K), 0.0521372 secs] [Times: user=0.31 sys=0.00, real=0.05 secs] 
3042.911: [GC (Allocation Failure) [PSYoungGen: 472064K->90848K(507392K)] 1010993K->785817K(1444352K), 0.1458414 secs] [Times: user=0.86 sys=0.00, real=0.14 secs] 
3043.311: [GC (Allocation Failure) [PSYoungGen: 406752K->154528K(498176K)] 1101721K->938250K(1435136K), 0.0695390 secs] [Times: user=0.41 sys=0.00, real=0.07 secs] 
3043.380: [Full GC (Ergonomics) [PSYoungGen: 154528K->0K(498176K)] [ParOldGen: 783722K->214559K(1145856K)] 938250K->214559K(1644032K), [Metaspace: 60069K->60069K(1105920K)], 0.5007198 secs] [Times: user=2.31 sys=0.00, real=0.50 secs] 
3046.880: [GC (Allocation Failure) [PSYoungGen: 304817K->88384K(502784K)] 519377K->302943K(1648640K), 0.1548165 secs] [Times: user=0.92 sys=0.00, real=0.15 secs] 
3047.297: [GC (Allocation Failure) [PSYoungGen: 395072K->149600K(498176K)] 609631K->449012K(1644032K), 0.0526988 secs] [Times: user=0.31 sys=0.00, real=0.05 secs] 
3049.710: [GC (Allocation Failure) [PSYoungGen: 452192K->86208K(500736K)] 751604K->535356K(1646592K), 0.1211721 secs] [Times: user=0.72 sys=0.00, real=0.12 secs] 
3050.096: [GC (Allocation Failure) [PSYoungGen: 385816K->143840K(499200K)] 834965K->675850K(1645056K), 0.0488720 secs] [Times: user=0.29 sys=0.00, real=0.05 secs] 
3053.207: [GC (Allocation Failure) [PSYoungGen: 445408K->93664K(395264K)] 977418K->761274K(1541120K), 0.1594650 secs] [Times: user=0.95 sys=0.00, real=0.15 secs] 
3054.064: [GC (Allocation Failure) [PSYoungGen: 395232K->147840K(496128K)] 1062842K->905035K(1641984K), 0.0481147 secs] [Times: user=0.29 sys=0.00, real=0.05 secs] 
3057.399: [GC (Allocation Failure) [PSYoungGen: 447872K->93952K(498688K)] 1205067K->990467K(1644544K), 0.1602129 secs] [Times: user=0.93 sys=0.03, real=0.16 secs] 
3058.605: [GC (Allocation Failure) [PSYoungGen: 393984K->142976K(499200K)] 1290499K->1130112K(1645056K), 0.0564807 secs] [Times: user=0.28 sys=0.06, real=0.06 secs] 
3058.662: [Full GC (Ergonomics) [PSYoungGen: 142976K->0K(499200K)] [ParOldGen: 987136K->175429K(1137152K)] 1130112K->175429K(1636352K), [Metaspace: 60073K->60073K(1105920K)], 0.4183580 secs] [Times: user=1.94 sys=0.00, real=0.42 secs] 
3060.975: [GC (Allocation Failure) [PSYoungGen: 303104K->97888K(401408K)] 478533K->273317K(1538560K), 0.1139784 secs] [Times: user=0.68 sys=0.00, real=0.12 secs] 
3062.759: [GC (Allocation Failure) [PSYoungGen: 400992K->140064K(499200K)] 576421K->410733K(1636352K), 0.0512616 secs] [Times: user=0.29 sys=0.00, real=0.05 secs] 
3064.046: [GC (Allocation Failure) [PSYoungGen: 445728K->107232K(499200K)] 716397K->508617K(1636352K), 0.0674186 secs] [Times: user=0.40 sys=0.00, real=0.07 secs] 
3065.311: [GC (Allocation Failure) [PSYoungGen: 412896K->145600K(498176K)] 814281K->652782K(1635328K), 0.0525467 secs] [Times: user=0.31 sys=0.01, real=0.05 secs] 
3066.532: [GC (Allocation Failure) [PSYoungGen: 454848K->109792K(500736K)] 962030K->745106K(1637888K), 0.0643505 secs] [Times: user=0.38 sys=0.00, real=0.06 secs] 
3067.999: [GC (Allocation Failure) [PSYoungGen: 419040K->139936K(504832K)] 1054354K->883691K(1641984K), 0.0532830 secs] [Times: user=0.31 sys=0.00, real=0.05 secs] 
3069.677: [GC (Allocation Failure) [PSYoungGen: 457888K->110080K(505344K)] 1201643K->984759K(1642496K), 0.0872752 secs] [Times: user=0.52 sys=0.00, real=0.08 secs] 
3071.193: [GC (Allocation Failure) [PSYoungGen: 428032K->145984K(505344K)] 1302711K->1129236K(1642496K), 0.0546816 secs] [Times: user=0.32 sys=0.00, real=0.06 secs] 
3071.248: [Full GC (Ergonomics) [PSYoungGen: 145984K->0K(505344K)] [ParOldGen: 983252K->166765K(1172480K)] 1129236K->166765K(1677824K), [Metaspace: 60077K->60077K(1105920K)], 0.3926829 secs] [Times: user=1.83 sys=0.00, real=0.39 secs] 
3073.248: [GC (Allocation Failure) [PSYoungGen: 322048K->109888K(507904K)] 488813K->276653K(1680384K), 0.0661722 secs] [Times: user=0.39 sys=0.00, real=0.06 secs] 
3074.091: [GC (Allocation Failure) [PSYoungGen: 431936K->151072K(507392K)] 598701K->425858K(1679872K), 0.0554384 secs] [Times: user=0.33 sys=0.00, real=0.05 secs] 
3076.426: [GC (Allocation Failure) [PSYoungGen: 476192K->107072K(512000K)] 750978K->523846K(1684480K), 0.1641665 secs] [Times: user=0.97 sys=0.01, real=0.17 secs] 
3078.059: [GC (Allocation Failure) [PSYoungGen: 432192K->159392K(500736K)] 848966K->680165K(1673216K), 0.0538719 secs] [Times: user=0.32 sys=0.00, real=0.05 secs] 
3079.518: [GC (Allocation Failure) [PSYoungGen: 476320K->106848K(507904K)] 997093K->769269K(1680384K), 0.1163511 secs] [Times: user=0.58 sys=0.00, real=0.11 secs] 
3080.874: [GC (Allocation Failure) [PSYoungGen: 423776K->154336K(502272K)] 1086197K->919430K(1674752K), 0.0528838 secs] [Times: user=0.32 sys=0.00, real=0.06 secs] 
3083.421: [GC (Allocation Failure) [PSYoungGen: 468192K->98496K(506368K)] 1233286K->1009410K(1678848K), 0.1678125 secs] [Times: user=0.99 sys=0.01, real=0.17 secs] 
3084.904: [GC (Allocation Failure) [PSYoungGen: 412352K->148960K(503296K)] 1323266K->1154231K(1675776K), 0.0505950 secs] [Times: user=0.29 sys=0.01, real=0.05 secs] 
3084.955: [Full GC (Ergonomics) [PSYoungGen: 148960K->0K(503296K)] [ParOldGen: 1005271K->190178K(1259008K)] 1154231K->190178K(1762304K), [Metaspace: 60084K->60084K(1105920K)], 0.4443429 secs] [Times: user=2.07 sys=0.00, real=0.45 secs] 
3087.509: [GC (Allocation Failure) [PSYoungGen: 311808K->102016K(505344K)] 501986K->292194K(1764352K), 0.0928703 secs] [Times: user=0.54 sys=0.01, real=0.09 secs] 
3088.213: [GC (Allocation Failure) [PSYoungGen: 413824K->151904K(501248K)] 604002K->438663K(1760256K), 0.0506978 secs] [Times: user=0.30 sys=0.00, real=0.05 secs] 
3090.839: [GC (Allocation Failure) [PSYoungGen: 460005K->97728K(504320K)] 746765K->528103K(1763328K), 0.1668761 secs] [Times: user=1.00 sys=0.00, real=0.16 secs] 
3092.007: [GC (Allocation Failure) [PSYoungGen: 407488K->146944K(502784K)] 837863K->672188K(1761792K), 0.0494917 secs] [Times: user=0.29 sys=0.00, real=0.04 secs] 
3094.084: [GC (Allocation Failure) [PSYoungGen: 456704K->102144K(412160K)] 981948K->765420K(1671168K), 0.1151153 secs] [Times: user=0.69 sys=0.00, real=0.12 secs] 
3095.152: [GC (Allocation Failure) [PSYoungGen: 411904K->144448K(502784K)] 1075180K->906868K(1761792K), 0.0519004 secs] [Times: user=0.31 sys=0.00, real=0.05 secs] 
3096.975: [GC (Allocation Failure) [PSYoungGen: 455232K->106848K(503296K)] 1217652K->1004148K(1762304K), 0.1385863 secs] [Times: user=0.82 sys=0.01, real=0.14 secs] 
3098.353: [GC (Allocation Failure) [PSYoungGen: 417632K->148928K(501248K)] 1314932K->1150257K(1760256K), 0.0542372 secs] [Times: user=0.32 sys=0.00, real=0.06 secs] 
3100.633: [GC (Allocation Failure) [PSYoungGen: 460707K->102528K(503808K)] 1462037K->1244021K(1762816K), 0.2019207 secs] [Times: user=0.85 sys=0.30, real=0.20 secs] 
3100.835: [Full GC (Ergonomics) [PSYoungGen: 102528K->0K(503808K)] [ParOldGen: 1141493K->42547K(1157632K)] 1244021K->42547K(1661440K), [Metaspace: 60101K->60101K(1105920K)], 0.1167541 secs] [Times: user=0.47 sys=0.00, real=0.12 secs] 
3101.872: [GC (Allocation Failure) [PSYoungGen: 311808K->148960K(504320K)] 354355K->191507K(1661952K), 0.0291453 secs] [Times: user=0.17 sys=0.00, real=0.03 secs] 
3104.276: [GC (Allocation Failure) [PSYoungGen: 463840K->101568K(506880K)] 506387K->284796K(1664512K), 0.1558478 secs] [Times: user=0.93 sys=0.01, real=0.16 secs] 
3105.946: [GC (Allocation Failure) [PSYoungGen: 416448K->150592K(502784K)] 599676K->432100K(1660416K), 0.0508551 secs] [Times: user=0.30 sys=0.00, real=0.05 secs] 
3108.493: [GC (Allocation Failure) [PSYoungGen: 463424K->100832K(505856K)] 744932K->524084K(1663488K), 0.1601169 secs] [Times: user=0.95 sys=0.01, real=0.16 secs] 
3109.492: [GC (Allocation Failure) [PSYoungGen: 413664K->149664K(502784K)] 836916K->670373K(1660416K), 0.0507029 secs] [Times: user=0.30 sys=0.00, real=0.05 secs] 
3111.772: [GC (Allocation Failure) [PSYoungGen: 461472K->101792K(505344K)] 982181K->763037K(1662976K), 0.1598063 secs] [Times: user=0.95 sys=0.01, real=0.16 secs] 
3112.748: [GC (Allocation Failure) [PSYoungGen: 413600K->148160K(503296K)] 1074845K->907130K(1660928K), 0.0508793 secs] [Times: user=0.30 sys=0.00, real=0.05 secs] 
3114.747: [GC (Allocation Failure) [PSYoungGen: 459968K->105504K(417792K)] 1218938K->1003662K(1575424K), 0.0973909 secs] [Times: user=0.58 sys=0.00, real=0.09 secs] 
3115.384: [GC (Allocation Failure) [PSYoungGen: 417312K->152320K(500736K)] 1315470K->1152379K(1658368K), 0.0532546 secs] [Times: user=0.31 sys=0.00, real=0.06 secs] 
3115.438: [Full GC (Ergonomics) [PSYoungGen: 152320K->0K(500736K)] [ParOldGen: 1000059K->193444K(1360896K)] 1152379K->193444K(1861632K), [Metaspace: 60141K->60141K(1105920K)], 0.4675134 secs] [Times: user=2.17 sys=0.00, real=0.46 secs] 
3118.449: [GC (Allocation Failure) [PSYoungGen: 310272K->97056K(504320K)] 503716K->290508K(1865216K), 0.1005347 secs] [Times: user=0.59 sys=0.00, real=0.10 secs] 
3119.509: [GC (Allocation Failure) [PSYoungGen: 407328K->151360K(500224K)] 600780K->437617K(1861120K), 0.0486687 secs] [Times: user=0.29 sys=0.00, real=0.05 secs] 
3121.822: [GC (GCLocker Initiated GC) [PSYoungGen: 459072K->96352K(503296K)] 745329K->525369K(1864192K), 0.1766030 secs] [Times: user=1.05 sys=0.01, real=0.18 secs] 
3123.233: [GC (Allocation Failure) [PSYoungGen: 404064K->153696K(496640K)] 833116K->676285K(1857536K), 0.0499409 secs] [Times: user=0.30 sys=0.00, real=0.05 secs] 
3126.039: [GC (Allocation Failure) [PSYoungGen: 456288K->100064K(500736K)] 978877K->759413K(1861632K), 0.1656813 secs] [Times: user=0.99 sys=0.00, real=0.16 secs] 
3128.128: [GC (Allocation Failure) [PSYoungGen: 402656K->139840K(497152K)] 1062005K->896426K(1858048K), 0.0502008 secs] [Times: user=0.30 sys=0.00, real=0.05 secs] 
3129.419: [GC (Allocation Failure) [PSYoungGen: 444992K->102976K(499712K)] 1201578K->989962K(1860608K), 0.0871555 secs] [Times: user=0.52 sys=0.00, real=0.08 secs] 
3130.966: [GC (Allocation Failure) [PSYoungGen: 408128K->138974K(502784K)] 1295114K->1127317K(1863680K), 0.0521857 secs] [Times: user=0.31 sys=0.00, real=0.06 secs] 
3132.577: [GC (Allocation Failure) [PSYoungGen: 451806K->107936K(503296K)] 1440149K->1226263K(1864192K), 0.0889381 secs] [Times: user=0.53 sys=0.00, real=0.08 secs] 
3134.649: [GC (Allocation Failure) [PSYoungGen: 420768K->143872K(504320K)] 1539095K->1367772K(1865216K), 0.0604971 secs] [Times: user=0.31 sys=0.05, real=0.06 secs] 
3134.710: [Full GC (Ergonomics) [PSYoungGen: 143872K->0K(504320K)] [ParOldGen: 1223900K->167110K(1392128K)] 1367772K->167110K(1896448K), [Metaspace: 60145K->60145K(1105920K)], 0.3938732 secs] [Times: user=1.82 sys=0.00, real=0.39 secs] 
3136.459: [GC (Allocation Failure) [PSYoungGen: 317440K->109504K(505344K)] 484550K->276614K(1897472K), 0.0617141 secs] [Times: user=0.36 sys=0.00, real=0.06 secs] 
3138.159: [GC (Allocation Failure) [PSYoungGen: 426944K->145824K(506368K)] 594054K->420357K(1898496K), 0.0550544 secs] [Times: user=0.33 sys=0.00, real=0.05 secs] 
3140.689: [GC (Allocation Failure) [PSYoungGen: 467872K->107456K(508416K)] 742405K->518721K(1900544K), 0.1403445 secs] [Times: user=0.84 sys=0.01, real=0.14 secs] 
3142.002: [GC (Allocation Failure) [PSYoungGen: 429504K->152032K(506880K)] 840769K->668018K(1899008K), 0.0531886 secs] [Times: user=0.31 sys=0.00, real=0.05 secs] 
3144.090: [GC (Allocation Failure) [PSYoungGen: 475104K->107392K(510976K)] 991090K->766454K(1903104K), 0.1536261 secs] [Times: user=0.91 sys=0.00, real=0.15 secs] 
3145.884: [GC (Allocation Failure) [PSYoungGen: 430464K->154464K(503296K)] 1089526K->917639K(1895424K), 0.0541789 secs] [Times: user=0.32 sys=0.01, real=0.06 secs] 
3147.495: [GC (Allocation Failure) [PSYoungGen: 472416K->105728K(508416K)] 1235591K->1014795K(1900544K), 0.1431581 secs] [Times: user=0.84 sys=0.01, real=0.15 secs] 
3148.701: [GC (Allocation Failure) [PSYoungGen: 421577K->152928K(503808K)] 1330644K->1163660K(1895936K), 0.0532710 secs] [Times: user=0.32 sys=0.00, real=0.05 secs] 
3150.889: [GC (Allocation Failure) [PSYoungGen: 468832K->101952K(507392K)] 1479564K->1257032K(1899520K), 0.1332012 secs] [Times: user=0.79 sys=0.00, real=0.13 secs] 
3151.461: [GC (Allocation Failure) [PSYoungGen: 411978K->148736K(504832K)] 1567058K->1402300K(1896960K), 0.0539656 secs] [Times: user=0.31 sys=0.01, real=0.05 secs] 
3151.515: [Full GC (Ergonomics) [PSYoungGen: 148736K->0K(504832K)] [ParOldGen: 1253564K->198522K(1398272K)] 1402300K->198522K(1903104K), [Metaspace: 60147K->60147K(1105920K)], 0.4771414 secs] [Times: user=2.23 sys=0.00, real=0.48 secs] 
3154.541: [GC (Allocation Failure) [PSYoungGen: 314880K->99808K(506880K)] 513402K->298330K(1905152K), 0.0829518 secs] [Times: user=0.44 sys=0.01, real=0.08 secs] 
3155.384: [GC (Allocation Failure) [PSYoungGen: 414688K->151488K(502272K)] 613210K->446003K(1900544K), 0.0490835 secs] [Times: user=0.29 sys=0.00, real=0.05 secs] 
3157.861: [GC (Allocation Failure) [PSYoungGen: 463296K->101440K(505344K)] 757811K->538555K(1903616K), 0.1557987 secs] [Times: user=0.93 sys=0.00, real=0.16 secs] 
3158.493: [GC (Allocation Failure) [PSYoungGen: 413248K->157568K(496128K)] 850363K->692832K(1894400K), 0.0504377 secs] [Times: user=0.30 sys=0.01, real=0.05 secs] 
3160.302: [GC (Allocation Failure) [PSYoungGen: 462208K->100032K(501760K)] 997472K->776208K(1900032K), 0.0978973 secs] [Times: user=0.58 sys=0.00, real=0.10 secs] 
3161.167: [GC (Allocation Failure) [PSYoungGen: 404672K->148704K(500736K)] 1080848K->921738K(1899008K), 0.0874075 secs] [Times: user=0.52 sys=0.00, real=0.08 secs] 
3164.289: [GC (Allocation Failure) [PSYoungGen: 454368K->95232K(502272K)] 1227402K->1008874K(1900544K), 0.1614457 secs] [Times: user=0.96 sys=0.01, real=0.16 secs] 
3164.887: [GC (Allocation Failure) [PSYoungGen: 400896K->149728K(498688K)] 1314538K->1154827K(1896960K), 0.0496903 secs] [Times: user=0.29 sys=0.00, real=0.05 secs] 
3167.668: [GC (Allocation Failure) [PSYoungGen: 453344K->97312K(501248K)] 1458443K->1243979K(1899520K), 0.1764285 secs] [Times: user=1.04 sys=0.00, real=0.17 secs] 
3169.248: [GC (Allocation Failure) [PSYoungGen: 400928K->145568K(500736K)] 1547595K->1386120K(1899008K), 0.0505582 secs] [Times: user=0.30 sys=0.00, real=0.05 secs] 
3169.298: [Full GC (Ergonomics) [PSYoungGen: 145568K->0K(500736K)] [ParOldGen: 1240552K->183796K(1398272K)] 1386120K->183796K(1899008K), [Metaspace: 60148K->60148K(1105920K)], 0.4468200 secs] [Times: user=2.09 sys=0.00, real=0.44 secs] 
3171.402: [GC (Allocation Failure) [PSYoungGen: 305152K->97344K(402944K)] 488948K->281140K(1801216K), 0.1059520 secs] [Times: user=0.62 sys=0.00, real=0.11 secs] 
3173.209: [GC (Allocation Failure) [PSYoungGen: 402496K->143424K(501248K)] 586292K->421297K(1899520K), 0.0498432 secs] [Times: user=0.30 sys=0.00, real=0.05 secs] 
3174.960: [GC (Allocation Failure) [PSYoungGen: 450112K->102560K(501248K)] 727985K->514669K(1899520K), 0.1287128 secs] [Times: user=0.72 sys=0.01, real=0.13 secs] 
3177.091: [GC (Allocation Failure) [PSYoungGen: 409248K->139680K(501760K)] 821357K->652987K(1900032K), 0.0514933 secs] [Times: user=0.31 sys=0.00, real=0.05 secs] 
3179.116: [GC (Allocation Failure) [PSYoungGen: 449952K->105248K(501248K)] 963259K->749707K(1899520K), 0.0887913 secs] [Times: user=0.53 sys=0.01, real=0.09 secs] 
3180.873: [GC (Allocation Failure) [PSYoungGen: 415520K->141216K(504320K)] 1059979K->888503K(1902592K), 0.0517983 secs] [Times: user=0.31 sys=0.00, real=0.05 secs] 
3182.092: [GC (Allocation Failure) [PSYoungGen: 457632K->109888K(504320K)] 1204919K->988891K(1902592K), 0.0661926 secs] [Times: user=0.40 sys=0.00, real=0.07 secs] 
3183.694: [GC (Allocation Failure) [PSYoungGen: 426304K->144736K(505344K)] 1305307K->1132244K(1903616K), 0.0547572 secs] [Times: user=0.32 sys=0.00, real=0.06 secs] 
3185.848: [GC (Allocation Failure) [PSYoungGen: 465760K->110560K(507392K)] 1453268K->1233540K(1905664K), 0.0669120 secs] [Times: user=0.40 sys=0.00, real=0.06 secs] 
3186.441: [GC (Allocation Failure) [PSYoungGen: 431584K->149984K(507392K)] 1554564K->1381686K(1905664K), 0.0552989 secs] [Times: user=0.32 sys=0.01, real=0.05 secs] 
3186.496: [Full GC (Ergonomics) [PSYoungGen: 149984K->0K(507392K)] [ParOldGen: 1231702K->179797K(1398272K)] 1381686K->179797K(1905664K), [Metaspace: 60153K->60153K(1105920K)], 0.4181450 secs] [Times: user=1.92 sys=0.01, real=0.42 secs] 
3188.771: [GC (Allocation Failure) [PSYoungGen: 324608K->112640K(510976K)] 504405K->292437K(1909248K), 0.0706616 secs] [Times: user=0.42 sys=0.00, real=0.07 secs] 
3189.412: [GC (Allocation Failure) [PSYoungGen: 437248K->157344K(503808K)] 617045K->444783K(1902080K), 0.0547374 secs] [Times: user=0.33 sys=0.00, real=0.06 secs] 
3192.962: [GC (Allocation Failure) [PSYoungGen: 478368K->102240K(509952K)] 765807K->538799K(1908224K), 0.1797451 secs] [Times: user=1.07 sys=0.01, real=0.18 secs] 
3194.013: [GC (Allocation Failure) [PSYoungGen: 422980K->150848K(505344K)] 859540K->685996K(1903616K), 0.0507938 secs] [Times: user=0.30 sys=0.00, real=0.05 secs] 
3195.965: [GC (Allocation Failure) [PSYoungGen: 468800K->103968K(508416K)] 1003948K->781444K(1906688K), 0.1199546 secs] [Times: user=0.71 sys=0.00, real=0.12 secs] 
3196.524: [GC (Allocation Failure) [PSYoungGen: 421920K->154752K(501248K)] 1099396K->932866K(1899520K), 0.0736802 secs] [Times: user=0.44 sys=0.00, real=0.08 secs] 
3199.873: [GC (Allocation Failure) [PSYoungGen: 467584K->90976K(505856K)] 1245698K->1023914K(1904128K), 0.1726699 secs] [Times: user=1.04 sys=0.00, real=0.17 secs] 
3200.466: [GC (Allocation Failure) [PSYoungGen: 403808K->152416K(499712K)] 1336746K->1172757K(1897984K), 0.0614990 secs] [Times: user=0.36 sys=0.00, real=0.07 secs] 
3203.072: [GC (Allocation Failure) [PSYoungGen: 459104K->90464K(502784K)] 1479445K->1263337K(1901056K), 0.1517158 secs] [Times: user=0.90 sys=0.01, real=0.15 secs] 
3203.597: [GC (Allocation Failure) [PSYoungGen: 382202K->142592K(502272K)] 1555076K->1402062K(1900544K), 0.0523863 secs] [Times: user=0.30 sys=0.00, real=0.05 secs] 
3203.650: [Full GC (Ergonomics) [PSYoungGen: 142592K->0K(502272K)] [ParOldGen: 1259470K->198627K(1398272K)] 1402062K->198627K(1900544K), [Metaspace: 60164K->60164K(1105920K)], 0.4779993 secs] [Times: user=2.24 sys=0.00, real=0.48 secs] 
3206.912: [GC (Allocation Failure) [PSYoungGen: 307200K->94944K(402432K)] 505827K->293579K(1800704K), 0.0968084 secs] [Times: user=0.56 sys=0.01, real=0.10 secs] 
3207.764: [GC (Allocation Failure) [PSYoungGen: 402144K->150272K(498688K)] 600779K->439828K(1896960K), 0.0474430 secs] [Times: user=0.29 sys=0.00, real=0.05 secs] 
3210.170: [GC (Allocation Failure) [PSYoungGen: 454912K->96896K(501760K)] 744468K->528572K(1900032K), 0.1508409 secs] [Times: user=0.90 sys=0.00, real=0.15 secs] 
3211.006: [GC (Allocation Failure) [PSYoungGen: 401536K->147744K(500224K)] 833212K->672521K(1898496K), 0.0486890 secs] [Times: user=0.29 sys=0.00, real=0.05 secs] 
3213.674: [GC (Allocation Failure) [PSYoungGen: 453408K->97888K(403968K)] 978185K->761841K(1802240K), 0.1679958 secs] [Times: user=1.00 sys=0.00, real=0.17 secs] 
3215.770: [GC (Allocation Failure) [PSYoungGen: 403552K->143072K(501248K)] 1067505K->901829K(1899520K), 0.0501837 secs] [Times: user=0.30 sys=0.00, real=0.05 secs] 
3217.641: [GC (Allocation Failure) [PSYoungGen: 450272K->100672K(501760K)] 1209029K->992885K(1900032K), 0.1549826 secs] [Times: user=0.92 sys=0.01, real=0.15 secs] 
3218.809: [GC (Allocation Failure) [PSYoungGen: 407872K->143072K(501760K)] 1300085K->1133482K(1900032K), 0.0517203 secs] [Times: user=0.31 sys=0.00, real=0.05 secs] 
3220.813: [GC (Allocation Failure) [PSYoungGen: 452832K->106080K(502272K)] 1443242K->1230194K(1900544K), 0.1585203 secs] [Times: user=0.95 sys=0.00, real=0.16 secs] 
3222.411: [GC (Allocation Failure) [PSYoungGen: 415840K->142112K(502784K)] 1539954K->1370103K(1901056K), 0.0531514 secs] [Times: user=0.31 sys=0.00, real=0.05 secs] 
3222.465: [Full GC (Ergonomics) [PSYoungGen: 142112K->0K(502784K)] [ParOldGen: 1227991K->169882K(1398272K)] 1370103K->169882K(1901056K), [Metaspace: 60167K->60167K(1105920K)], 0.3985967 secs] [Times: user=1.85 sys=0.00, real=0.40 secs] 
3224.495: [GC (Allocation Failure) [PSYoungGen: 313856K->105600K(503296K)] 483738K->275482K(1901568K), 0.1097437 secs] [Times: user=0.66 sys=0.00, real=0.11 secs] 
3225.946: [GC (Allocation Failure) [PSYoungGen: 419456K->144608K(505344K)] 589338K->417787K(1903616K), 0.0533310 secs] [Times: user=0.31 sys=0.00, real=0.06 secs] 
3227.472: [GC (Allocation Failure) [PSYoungGen: 463584K->108256K(506880K)] 736763K->517587K(1905152K), 0.0971265 secs] [Times: user=0.57 sys=0.01, real=0.10 secs] 
3228.841: [GC (Allocation Failure) [PSYoungGen: 427232K->148800K(506368K)] 836563K->663596K(1904640K), 0.0534506 secs] [Times: user=0.32 sys=0.00, real=0.05 secs] 
3230.750: [GC (Allocation Failure) [PSYoungGen: 470336K->109376K(509440K)] 985132K->763744K(1907712K), 0.1597538 secs] [Times: user=0.95 sys=0.00, real=0.16 secs] 
3231.420: [GC (Allocation Failure) [PSYoungGen: 430912K->153664K(504320K)] 1085280K->914717K(1902592K), 0.0549745 secs] [Times: user=0.33 sys=0.01, real=0.05 secs] 
3234.428: [GC (Allocation Failure) [PSYoungGen: 473664K->104096K(509440K)] 1234717K->1009861K(1907712K), 0.1776569 secs] [Times: user=1.06 sys=0.00, real=0.17 secs] 
3235.434: [GC (Allocation Failure) [PSYoungGen: 424096K->154272K(502272K)] 1329861K->1160507K(1900544K), 0.0525989 secs] [Times: user=0.31 sys=0.00, real=0.06 secs] 
3237.916: [GC (Allocation Failure) [PSYoungGen: 469152K->102592K(506880K)] 1475387K->1254651K(1905152K), 0.1740408 secs] [Times: user=1.04 sys=0.00, real=0.18 secs] 
3239.203: [GC (Allocation Failure) [PSYoungGen: 414339K->150464K(503808K)] 1566398K->1401424K(1902080K), 0.0506907 secs] [Times: user=0.30 sys=0.01, real=0.05 secs] 
3239.253: [Full GC (Ergonomics) [PSYoungGen: 150464K->0K(503808K)] [ParOldGen: 1250960K->196931K(1398272K)] 1401424K->196931K(1902080K), [Metaspace: 60168K->60168K(1105920K)], 0.4967194 secs] [Times: user=2.30 sys=0.00, real=0.50 secs] 
3241.748: [GC (Allocation Failure) [PSYoungGen: 313856K->100480K(506368K)] 510787K->297411K(1904640K), 0.0914880 secs] [Times: user=0.54 sys=0.00, real=0.09 secs] 
3242.751: [GC (Allocation Failure) [PSYoungGen: 414336K->150208K(502784K)] 611267K->443312K(1901056K), 0.0482859 secs] [Times: user=0.29 sys=0.01, real=0.05 secs] 
3244.348: [GC (GCLocker Initiated GC) [PSYoungGen: 462016K->103712K(505344K)] 755128K->538076K(1903616K), 0.1337731 secs] [Times: user=0.80 sys=0.00, real=0.13 secs] 
3244.901: [GC (Allocation Failure) [PSYoungGen: 415520K->142144K(505344K)] 866271K->692699K(1903616K), 0.2376919 secs] [Times: user=1.42 sys=0.01, real=0.24 secs] 
3248.667: [GC (Allocation Failure) [PSYoungGen: 456512K->91712K(505344K)] 1007067K->784179K(1903616K), 0.4235930 secs] [Times: user=2.53 sys=0.00, real=0.42 secs] 
3249.537: [GC (Allocation Failure) [PSYoungGen: 406080K->151200K(501248K)] 1098547K->931380K(1899520K), 0.0541065 secs] [Times: user=0.32 sys=0.00, real=0.05 secs] 
3252.737: [GC (Allocation Failure) [PSYoungGen: 461984K->89856K(504832K)] 1242164K->1020584K(1903104K), 0.1666522 secs] [Times: user=1.00 sys=0.00, real=0.16 secs] 
3253.272: [GC (Allocation Failure) [PSYoungGen: 400640K->193504K(426496K)] 1331368K->1217725K(1824768K), 0.0587574 secs] [Times: user=0.34 sys=0.01, real=0.06 secs] 
3254.507: [GC (Allocation Failure) [PSYoungGen: 426464K->61088K(465920K)] 1450685K->1229689K(1864192K), 0.0676479 secs] [Times: user=0.40 sys=0.00, real=0.06 secs] 
3255.576: [GC (Allocation Failure) [PSYoungGen: 294048K->106976K(465920K)] 1462649K->1334870K(1864192K), 0.0577640 secs] [Times: user=0.34 sys=0.00, real=0.06 secs] 
3255.634: [Full GC (Ergonomics) [PSYoungGen: 106976K->0K(465920K)] [ParOldGen: 1227894K->132749K(1398272K)] 1334870K->132749K(1864192K), [Metaspace: 60170K->60170K(1105920K)], 0.3036914 secs] [Times: user=1.38 sys=0.00, real=0.31 secs] 
3256.107: [GC (Allocation Failure) [PSYoungGen: 232960K->122272K(355328K)] 365709K->255021K(1753600K), 0.0357616 secs] [Times: user=0.21 sys=0.00, real=0.03 secs] 
3258.622: [GC (Allocation Failure) [PSYoungGen: 355232K->53920K(463872K)] 487981K->309093K(1862144K), 0.1566047 secs] [Times: user=0.93 sys=0.00, real=0.16 secs] 
3259.012: [GC (Allocation Failure) [PSYoungGen: 285856K->111904K(344064K)] 541029K->417814K(1742336K), 0.0376948 secs] [Times: user=0.22 sys=0.00, real=0.04 secs] 
3260.098: [GC (Allocation Failure) [PSYoungGen: 343840K->93056K(464384K)] 649750K->502398K(1862656K), 0.0560117 secs] [Times: user=0.33 sys=0.00, real=0.05 secs] 
3261.741: [GC (Allocation Failure) [PSYoungGen: 333184K->83584K(458240K)] 742526K->585670K(1856512K), 0.0727840 secs] [Times: user=0.43 sys=0.00, real=0.07 secs] 
3261.997: [GC (Allocation Failure) [PSYoungGen: 323712K->120032K(473088K)] 825798K->700108K(1871360K), 0.0501364 secs] [Times: user=0.30 sys=0.00, real=0.05 secs] 
3264.147: [GC (Allocation Failure) [PSYoungGen: 384224K->70368K(470528K)] 964300K->770440K(1868800K), 0.1324026 secs] [Times: user=0.78 sys=0.00, real=0.13 secs] 
3265.176: [GC (Allocation Failure) [PSYoungGen: 334560K->128704K(489984K)] 1034632K->895426K(1888256K), 0.0442661 secs] [Times: user=0.26 sys=0.00, real=0.05 secs] 
3266.426: [GC (Allocation Failure) [PSYoungGen: 414912K->97760K(488448K)] 1181634K->984722K(1886720K), 0.0693566 secs] [Times: user=0.41 sys=0.00, real=0.07 secs] 
3268.606: [GC (Allocation Failure) [PSYoungGen: 383968K->126112K(491008K)] 1270930K->1109695K(1889280K), 0.0496781 secs] [Times: user=0.29 sys=0.00, real=0.05 secs] 
3270.596: [GC (Allocation Failure) [PSYoungGen: 421536K->119008K(488448K)] 1405119K->1219543K(1886720K), 0.0630963 secs] [Times: user=0.38 sys=0.00, real=0.07 secs] 
3273.305: [GC (Allocation Failure) [PSYoungGen: 414432K->119488K(500736K)] 1514967K->1338799K(1899008K), 0.0695802 secs] [Times: user=0.41 sys=0.01, real=0.07 secs] 
3274.596: [GC (Allocation Failure) [PSYoungGen: 434880K->137216K(497664K)] 1654191K->1457091K(1895936K), 0.0723623 secs] [Times: user=0.36 sys=0.07, real=0.08 secs] 
3274.668: [Full GC (Ergonomics) [PSYoungGen: 137216K->0K(497664K)] [ParOldGen: 1319875K->251931K(1398272K)] 1457091K->251931K(1895936K), [Metaspace: 60184K->60184K(1105920K)], 0.5412826 secs] [Times: user=2.39 sys=0.00, real=0.54 secs] 
3277.613: [GC (Allocation Failure) [PSYoungGen: 315392K->113056K(506368K)] 567323K->364987K(1904640K), 0.0316242 secs] [Times: user=0.19 sys=0.00, real=0.03 secs] 
3278.831: [GC (Allocation Failure) [PSYoungGen: 445344K->135648K(510464K)] 697275K->489760K(1908736K), 0.0615898 secs] [Times: user=0.36 sys=0.00, real=0.06 secs] 
3280.026: [GC (Allocation Failure) [PSYoungGen: 467936K->137408K(517632K)] 822048K->627160K(1915904K), 0.0589029 secs] [Times: user=0.35 sys=0.00, real=0.06 secs] 
3281.512: [GC (Allocation Failure) [PSYoungGen: 475840K->9120K(347648K)] 965592K->498980K(1745920K), 0.0052334 secs] [Times: user=0.02 sys=0.00, real=0.01 secs] 
3283.293: [GC (Allocation Failure) [PSYoungGen: 347552K->157952K(486400K)] 837412K->654552K(1884672K), 0.0331434 secs] [Times: user=0.20 sys=0.00, real=0.03 secs] 
3286.158: [GC (Allocation Failure) [PSYoungGen: 451328K->94272K(496128K)] 947928K->740385K(1894400K), 0.1030447 secs] [Times: user=0.62 sys=0.00, real=0.10 secs] 
3287.367: [GC (Allocation Failure) [PSYoungGen: 387648K->135456K(493056K)] 1033761K->874222K(1891328K), 0.0500711 secs] [Times: user=0.29 sys=0.01, real=0.05 secs] 
3288.795: [GC (Allocation Failure) [PSYoungGen: 434464K->105856K(496640K)] 1173230K->970950K(1894912K), 0.0640126 secs] [Times: user=0.38 sys=0.00, real=0.07 secs] 
3290.071: [GC (Allocation Failure) [PSYoungGen: 404864K->132832K(497664K)] 1269958K->1102867K(1895936K), 0.0527990 secs] [Times: user=0.31 sys=0.00, real=0.05 secs] 
3291.594: [GC (Allocation Failure) [PSYoungGen: 440032K->114624K(497664K)] 1410067K->1208751K(1895936K), 0.0641181 secs] [Times: user=0.38 sys=0.00, real=0.07 secs] 
3294.231: [GC (Allocation Failure) [PSYoungGen: 421824K->128160K(502784K)] 1515951K->1335896K(1901056K), 0.0554089 secs] [Times: user=0.33 sys=0.00, real=0.05 secs] 
3294.287: [Full GC (Ergonomics) [PSYoungGen: 128160K->0K(502784K)] [ParOldGen: 1207736K->143665K(1398272K)] 1335896K->143665K(1901056K), [Metaspace: 60193K->60193K(1105920K)], 0.3344001 secs] [Times: user=1.53 sys=0.00, real=0.34 secs] 
3296.128: [GC (Allocation Failure) [PSYoungGen: 320000K->120960K(500736K)] 463665K->264625K(1899008K), 0.0433469 secs] [Times: user=0.25 sys=0.00, real=0.04 secs] 
3297.664: [GC (Allocation Failure) [PSYoungGen: 440960K->134272K(510976K)] 584625K->398001K(1909248K), 0.0595695 secs] [Times: user=0.35 sys=0.00, real=0.06 secs] 
3300.148: [GC (Allocation Failure) [PSYoungGen: 469120K->7328K(342528K)] 732849K->271230K(1740800K), 0.0033005 secs] [Times: user=0.02 sys=0.00, real=0.00 secs] 
3301.928: [GC (Allocation Failure) [PSYoungGen: 342176K->152928K(491520K)] 606078K->422014K(1889792K), 0.0315467 secs] [Times: user=0.18 sys=0.00, real=0.03 secs] 
3304.261: [GC (Allocation Failure) [PSYoungGen: 454496K->100864K(500224K)] 723582K->513246K(1898496K), 0.0885743 secs] [Times: user=0.53 sys=0.00, real=0.09 secs] 
3305.923: [GC (Allocation Failure) [PSYoungGen: 402432K->137600K(499712K)] 814814K->648947K(1897984K), 0.0505822 secs] [Times: user=0.30 sys=0.00, real=0.05 secs] 
3307.195: [GC (Allocation Failure) [PSYoungGen: 445824K->107936K(416256K)] 957171K->747671K(1814528K), 0.0674951 secs] [Times: user=0.40 sys=0.00, real=0.07 secs] 
3308.257: [GC (Allocation Failure) [PSYoungGen: 416160K->142912K(496128K)] 1055895K->889521K(1894400K), 0.0539241 secs] [Times: user=0.30 sys=0.00, real=0.05 secs] 
3310.362: [GC (Allocation Failure) [PSYoungGen: 452672K->105472K(500224K)] 1199281K->986449K(1898496K), 0.0755388 secs] [Times: user=0.45 sys=0.01, real=0.08 secs] 
3312.812: [GC (Allocation Failure) [PSYoungGen: 415232K->139424K(504832K)] 1296209K->1124166K(1903104K), 0.0528151 secs] [Times: user=0.31 sys=0.00, real=0.05 secs] 
3313.997: [GC (Allocation Failure) [PSYoungGen: 459424K->112864K(506880K)] 1444166K->1227926K(1905152K), 0.0655427 secs] [Times: user=0.40 sys=0.00, real=0.07 secs] 
3315.880: [GC (Allocation Failure) [PSYoungGen: 432864K->147328K(503296K)] 1547926K->1371987K(1901568K), 0.0557329 secs] [Times: user=0.33 sys=0.01, real=0.05 secs] 
3315.935: [Full GC (Ergonomics) [PSYoungGen: 147328K->0K(503296K)] [ParOldGen: 1224659K->168441K(1398272K)] 1371987K->168441K(1901568K), [Metaspace: 60199K->60199K(1105920K)], 0.4016861 secs] [Times: user=1.86 sys=0.00, real=0.41 secs] 
3317.838: [GC (Allocation Failure) [PSYoungGen: 322560K->111072K(507904K)] 491001K->279513K(1906176K), 0.0663372 secs] [Times: user=0.39 sys=0.01, real=0.06 secs] 
3319.253: [GC (Allocation Failure) [PSYoungGen: 433632K->150912K(506880K)] 602073K->427754K(1905152K), 0.0552919 secs] [Times: user=0.32 sys=0.00, real=0.06 secs] 
3320.677: [GC (Allocation Failure) [PSYoungGen: 477056K->111328K(512512K)] 753898K->529786K(1910784K), 0.0974980 secs] [Times: user=0.58 sys=0.00, real=0.10 secs] 
3321.485: [GC (Allocation Failure) [PSYoungGen: 437472K->156768K(502784K)] 855930K->683015K(1901056K), 0.0546908 secs] [Times: user=0.33 sys=0.00, real=0.06 secs] 
3325.128: [GC (Allocation Failure) [PSYoungGen: 477792K->102624K(509952K)] 1004039K->776823K(1908224K), 0.1641655 secs] [Times: user=0.98 sys=0.00, real=0.16 secs] 
3326.110: [GC (Allocation Failure) [PSYoungGen: 407911K->147104K(507392K)] 1082110K->920948K(1905664K), 0.0510138 secs] [Times: user=0.30 sys=0.00, real=0.05 secs] 
3329.445: [GC (Allocation Failure) [PSYoungGen: 468128K->102144K(509952K)] 1241972K->1014812K(1908224K), 0.1765956 secs] [Times: user=1.04 sys=0.01, real=0.18 secs] 
3330.283: [GC (Allocation Failure) [PSYoungGen: 415625K->149088K(505344K)] 1328294K->1159965K(1903616K), 0.0511334 secs] [Times: user=0.31 sys=0.00, real=0.05 secs] 
3332.198: [GC (Allocation Failure) [PSYoungGen: 468064K->104800K(508928K)] 1478941K->1256089K(1907200K), 0.1473526 secs] [Times: user=0.87 sys=0.00, real=0.14 secs] 
3332.970: [GC (Allocation Failure) [PSYoungGen: 409762K->146272K(507392K)] 1561051K->1398263K(1905664K), 0.0571730 secs] [Times: user=0.34 sys=0.00, real=0.05 secs] 
3333.027: [Full GC (Ergonomics) [PSYoungGen: 146272K->0K(507392K)] [ParOldGen: 1251991K->196913K(1398272K)] 1398263K->196913K(1905664K), [Metaspace: 60204K->60204K(1105920K)], 0.4790439 secs] [Times: user=2.22 sys=0.00, real=0.47 secs] 
3336.384: [GC (Allocation Failure) [PSYoungGen: 320512K->102176K(509440K)] 517425K->299097K(1907712K), 0.0623321 secs] [Times: user=0.36 sys=0.00, real=0.06 secs] 
3337.209: [GC (Allocation Failure) [PSYoungGen: 411277K->149056K(505856K)] 608198K->444246K(1904128K), 0.0495081 secs] [Times: user=0.29 sys=0.00, real=0.05 secs] 
3339.744: [GC (GCLocker Initiated GC) [PSYoungGen: 468032K->104416K(508928K)] 763223K->540175K(1907200K), 0.1627692 secs] [Times: user=0.96 sys=0.00, real=0.17 secs] 
3340.486: [GC (Allocation Failure) [PSYoungGen: 423392K->144768K(507904K)] 875538K->697499K(1906176K), 0.2403945 secs] [Times: user=1.44 sys=0.00, real=0.24 secs] 
3343.305: [GC (Allocation Failure) [PSYoungGen: 465280K->95136K(509440K)] 1018011K->792647K(1907712K), 0.4242337 secs] [Times: user=2.53 sys=0.02, real=0.43 secs] 
3343.956: [GC (Allocation Failure) [PSYoungGen: 415648K->174432K(485888K)] 1113159K->961512K(1884160K), 0.0556754 secs] [Times: user=0.33 sys=0.01, real=0.06 secs] 
3347.356: [GC (Allocation Failure) [PSYoungGen: 468943K->80896K(379904K)] 1256023K->1025592K(1778176K), 0.1565925 secs] [Times: user=0.93 sys=0.00, real=0.16 secs] 
3347.776: [GC (Allocation Failure) [PSYoungGen: 366274K->137760K(500224K)] 1310970K->1159817K(1898496K), 0.0478016 secs] [Times: user=0.28 sys=0.00, real=0.05 secs] 
3349.808: [GC (Allocation Failure) [PSYoungGen: 436768K->94272K(393728K)] 1458825K->1245957K(1792000K), 0.1581382 secs] [Times: user=0.93 sys=0.01, real=0.15 secs] 
3350.889: [GC (Allocation Failure) [PSYoungGen: 393280K->142688K(495616K)] 1544965K->1384417K(1893888K), 0.0483402 secs] [Times: user=0.28 sys=0.00, real=0.05 secs] 
3350.937: [Full GC (Ergonomics) [PSYoungGen: 142688K->0K(495616K)] [ParOldGen: 1241729K->182537K(1398272K)] 1384417K->182537K(1893888K), [Metaspace: 60205K->60205K(1105920K)], 0.4430477 secs] [Times: user=2.06 sys=0.00, real=0.44 secs] 
3353.071: [GC (Allocation Failure) [PSYoungGen: 299008K->99296K(495616K)] 481545K->281833K(1893888K), 0.1022633 secs] [Times: user=0.60 sys=0.00, real=0.10 secs] 
3354.886: [GC (Allocation Failure) [PSYoungGen: 398304K->138912K(499712K)] 580841K->417601K(1897984K), 0.0495898 secs] [Times: user=0.29 sys=0.00, real=0.05 secs] 
3356.676: [GC (Allocation Failure) [PSYoungGen: 445088K->104608K(499200K)] 723777K->512953K(1897472K), 0.1522774 secs] [Times: user=0.90 sys=0.00, real=0.16 secs] 
3358.677: [GC (Allocation Failure) [PSYoungGen: 410784K->140864K(500736K)] 819129K->651462K(1899008K), 0.0519747 secs] [Times: user=0.31 sys=0.00, real=0.05 secs] 
3360.021: [GC (Allocation Failure) [PSYoungGen: 452672K->109856K(501248K)] 963270K->751838K(1899520K), 0.0789424 secs] [Times: user=0.47 sys=0.00, real=0.08 secs] 
3361.619: [GC (Allocation Failure) [PSYoungGen: 421664K->141696K(504832K)] 1063646K->891627K(1903104K), 0.0537523 secs] [Times: user=0.32 sys=0.00, real=0.05 secs] 
3363.036: [GC (Allocation Failure) [PSYoungGen: 461184K->109664K(505856K)] 1211115K->991475K(1904128K), 0.0963603 secs] [Times: user=0.57 sys=0.00, real=0.10 secs] 
3364.422: [GC (Allocation Failure) [PSYoungGen: 429152K->150208K(504832K)] 1310963K->1139144K(1903104K), 0.0548632 secs] [Times: user=0.32 sys=0.00, real=0.05 secs] 
3366.523: [GC (Allocation Failure) [PSYoungGen: 472768K->107616K(509440K)] 1461704K->1237768K(1907712K), 0.1657505 secs] [Times: user=0.97 sys=0.00, real=0.17 secs] 
3367.703: [GC (Allocation Failure) [PSYoungGen: 430176K->161760K(498688K)] 1560328K->1396903K(1896960K), 0.0554309 secs] [Times: user=0.33 sys=0.00, real=0.06 secs] 
3367.759: [Full GC (Ergonomics) [PSYoungGen: 161760K->0K(498688K)] [ParOldGen: 1235143K->187798K(1398272K)] 1396903K->187798K(1896960K), [Metaspace: 60211K->60211K(1105920K)], 0.4565665 secs] [Times: user=2.12 sys=0.00, real=0.45 secs] 
3371.351: [GC (Allocation Failure) [PSYoungGen: 314880K->103136K(506880K)] 502678K->290934K(1905152K), 0.1017034 secs] [Times: user=0.60 sys=0.00, real=0.10 secs] 
3372.561: [GC (Allocation Failure) [PSYoungGen: 418016K->150208K(503296K)] 605814K->434851K(1901568K), 0.0505824 secs] [Times: user=0.30 sys=0.00, real=0.05 secs] 
3376.120: [GC (Allocation Failure) [PSYoungGen: 464064K->99232K(506368K)] 748707K->524923K(1904640K), 0.1795795 secs] [Times: user=1.07 sys=0.00, real=0.18 secs] 
3377.545: [GC (Allocation Failure) [PSYoungGen: 413088K->150496K(502784K)] 838779K->672388K(1901056K), 0.0505082 secs] [Times: user=0.30 sys=0.00, real=0.05 secs] 
3379.104: [GC (Allocation Failure) [PSYoungGen: 462304K->104064K(505344K)] 984196K->768056K(1903616K), 0.1094879 secs] [Times: user=0.65 sys=0.00, real=0.11 secs] 
3380.694: [GC (Allocation Failure) [PSYoungGen: 415872K->150464K(501760K)] 1079864K->914157K(1900032K), 0.0516675 secs] [Times: user=0.31 sys=0.00, real=0.05 secs] 
3382.353: [GC (Allocation Failure) [PSYoungGen: 461248K->101184K(504832K)] 1224941K->1006333K(1903104K), 0.1229983 secs] [Times: user=0.73 sys=0.00, real=0.12 secs] 
3383.732: [GC (Allocation Failure) [PSYoungGen: 411968K->146784K(504832K)] 1317117K->1149370K(1903104K), 0.0506204 secs] [Times: user=0.30 sys=0.00, real=0.05 secs] 
3385.221: [GC (Allocation Failure) [PSYoungGen: 459616K->104992K(418304K)] 1462202K->1245066K(1816576K), 0.1039969 secs] [Times: user=0.62 sys=0.00, real=0.10 secs] 
3385.695: [GC (Allocation Failure) [PSYoungGen: 417824K->151648K(501248K)] 1557898K->1393468K(1899520K), 0.0536708 secs] [Times: user=0.32 sys=0.01, real=0.06 secs] 
3385.749: [Full GC (Ergonomics) [PSYoungGen: 151648K->0K(501248K)] [ParOldGen: 1241820K->191529K(1398272K)] 1393468K->191529K(1899520K), [Metaspace: 60213K->60213K(1105920K)], 0.4658001 secs] [Times: user=2.17 sys=0.00, real=0.46 secs] 
3389.280: [GC (Allocation Failure) [PSYoungGen: 310784K->99744K(504320K)] 502313K->291273K(1902592K), 0.0957524 secs] [Times: user=0.57 sys=0.00, real=0.09 secs] 
3389.854: [GC (Allocation Failure) [PSYoungGen: 410528K->148544K(502784K)] 602057K->436106K(1901056K), 0.0492798 secs] [Times: user=0.29 sys=0.00, real=0.05 secs] 
3391.824: [GC (Allocation Failure) [PSYoungGen: 459328K->100416K(504832K)] 746890K->527702K(1903104K), 0.1441174 secs] [Times: user=0.86 sys=0.00, real=0.15 secs] 
3393.148: [GC (Allocation Failure) [PSYoungGen: 411200K->149056K(502784K)] 838486K->672461K(1901056K), 0.0500941 secs] [Times: user=0.29 sys=0.00, real=0.05 secs] 
3395.426: [GC (Allocation Failure) [PSYoungGen: 459840K->104224K(415232K)] 983245K->768213K(1813504K), 0.1531988 secs] [Times: user=0.91 sys=0.01, real=0.16 secs] 
3396.704: [GC (Allocation Failure) [PSYoungGen: 415008K->157472K(496128K)] 1078997K->919391K(1894400K), 0.0515672 secs] [Times: user=0.30 sys=0.01, real=0.05 secs] 
3398.090: [GC (Allocation Failure) [PSYoungGen: 462112K->101440K(501760K)] 1224031K->1003843K(1900032K), 0.0925423 secs] [Times: user=0.56 sys=0.01, real=0.09 secs] 
3398.666: [GC (Allocation Failure) [PSYoungGen: 406080K->145696K(500224K)] 1308483K->1146299K(1898496K), 0.0516360 secs] [Times: user=0.31 sys=0.00, real=0.06 secs] 
3400.944: [GC (Allocation Failure) [PSYoungGen: 452896K->100256K(502272K)] 1453499K->1237811K(1900544K), 0.1035486 secs] [Times: user=0.62 sys=0.00, real=0.11 secs] 
3401.904: [GC (Allocation Failure) [PSYoungGen: 407456K->145696K(502784K)] 1545011K->1381548K(1901056K), 0.0518437 secs] [Times: user=0.30 sys=0.00, real=0.05 secs] 
3401.956: [Full GC (Ergonomics) [PSYoungGen: 145696K->0K(502784K)] [ParOldGen: 1235852K->178843K(1398272K)] 1381548K->178843K(1901056K), [Metaspace: 60214K->60214K(1105920K)], 0.4333692 secs] [Times: user=2.01 sys=0.00, real=0.44 secs] 
3404.971: [GC (Allocation Failure) [PSYoungGen: 309760K->98784K(503808K)] 488603K->277627K(1902080K), 0.0484878 secs] [Times: user=0.29 sys=0.00, real=0.05 secs] 
3406.609: [GC (Allocation Failure) [PSYoungGen: 408544K->153504K(498688K)] 587387K->428464K(1896960K), 0.0511890 secs] [Times: user=0.30 sys=0.01, real=0.05 secs] 
3407.977: [GC (Allocation Failure) [PSYoungGen: 460192K->103936K(502784K)] 735152K->515304K(1901056K), 0.1019768 secs] [Times: user=0.61 sys=0.00, real=0.11 secs] 
3408.893: [GC (GCLocker Initiated GC) [PSYoungGen: 410624K->145888K(502784K)] 821992K->659418K(1901056K), 0.0518561 secs] [Times: user=0.30 sys=0.00, real=0.05 secs] 
3410.909: [GC (Allocation Failure) [PSYoungGen: 455648K->102144K(412160K)] 969180K->752896K(1810432K), 0.1798909 secs] [Times: user=0.96 sys=0.00, real=0.18 secs] 
3413.288: [GC (Allocation Failure) [PSYoungGen: 411904K->141280K(503296K)] 1062656K->891805K(1901568K), 0.0520283 secs] [Times: user=0.31 sys=0.00, real=0.05 secs] 
3414.741: [GC (Allocation Failure) [PSYoungGen: 453088K->106080K(503296K)] 1203613K->988525K(1901568K), 0.1070069 secs] [Times: user=0.64 sys=0.00, real=0.11 secs] 
3417.020: [GC (Allocation Failure) [PSYoungGen: 417888K->143104K(502784K)] 1300333K->1129877K(1901056K), 0.0534982 secs] [Times: user=0.31 sys=0.00, real=0.05 secs] 
3419.145: [GC (Allocation Failure) [PSYoungGen: 457984K->108512K(503808K)] 1444757K->1229533K(1902080K), 0.1177507 secs] [Times: user=0.70 sys=0.00, real=0.12 secs] 
3420.643: [GC (Allocation Failure) [PSYoungGen: 423392K->145984K(505344K)] 1544413K->1373643K(1903616K), 0.0541528 secs] [Times: user=0.33 sys=0.00, real=0.06 secs] 
3422.936: [GC (Allocation Failure) [PSYoungGen: 465984K->107424K(507392K)] 1693643K->1472419K(1905664K), 0.1057427 secs] [Times: user=0.60 sys=0.04, real=0.11 secs] 
3423.042: [Full GC (Ergonomics) [PSYoungGen: 107424K->0K(507392K)] [ParOldGen: 1364995K->32742K(1398272K)] 1472419K->32742K(1905664K), [Metaspace: 60228K->60228K(1105920K)], 0.0668461 secs] [Times: user=0.24 sys=0.00, real=0.07 secs] 
3423.887: [GC (Allocation Failure) [PSYoungGen: 320000K->153152K(504832K)] 352742K->185894K(1903104K), 0.0304442 secs] [Times: user=0.18 sys=0.00, real=0.04 secs] 
3426.509: [GC (Allocation Failure) [PSYoungGen: 472398K->104800K(509440K)] 505141K->282122K(1907712K), 0.1630260 secs] [Times: user=0.96 sys=0.00, real=0.16 secs] 
3428.132: [GC (Allocation Failure) [PSYoungGen: 424800K->151264K(504832K)] 602122K->429829K(1903104K), 0.0518956 secs] [Times: user=0.31 sys=0.00, real=0.05 secs] 
3430.454: [GC (Allocation Failure) [PSYoungGen: 469216K->104448K(508416K)] 747781K->525357K(1906688K), 0.1729778 secs] [Times: user=1.02 sys=0.00, real=0.17 secs] 
3431.672: [GC (Allocation Failure) [PSYoungGen: 422400K->151200K(503808K)] 843309K->672770K(1902080K), 0.0512717 secs] [Times: user=0.30 sys=0.00, real=0.05 secs] 
3433.330: [GC (Allocation Failure) [PSYoungGen: 467104K->108000K(507392K)] 988674K->771626K(1905664K), 0.1245694 secs] [Times: user=0.73 sys=0.01, real=0.12 secs] 
3434.117: [GC (Allocation Failure) [PSYoungGen: 416090K->146624K(506368K)] 1079717K->915003K(1904640K), 0.0687472 secs] [Times: user=0.41 sys=0.00, real=0.07 secs] 
3437.762: [GC (Allocation Failure) [PSYoungGen: 464576K->101152K(507904K)] 1232955K->1007755K(1906176K), 0.1435226 secs] [Times: user=0.85 sys=0.00, real=0.14 secs] 
3438.720: [GC (Allocation Failure) [PSYoungGen: 413467K->149632K(505344K)] 1320070K->1153388K(1903616K), 0.0502413 secs] [Times: user=0.29 sys=0.00, real=0.05 secs] 
3440.378: [GC (Allocation Failure) [PSYoungGen: 466560K->106144K(507904K)] 1470316K->1251028K(1906176K), 0.1218559 secs] [Times: user=0.72 sys=0.00, real=0.12 secs] 
3441.277: [GC (Allocation Failure) [PSYoungGen: 409228K->144192K(507392K)] 1554112K->1391735K(1905664K), 0.0522960 secs] [Times: user=0.31 sys=0.00, real=0.05 secs] 
3441.330: [Full GC (Ergonomics) [PSYoungGen: 144192K->0K(507392K)] [ParOldGen: 1247543K->196818K(1398272K)] 1391735K->196818K(1905664K), [Metaspace: 60231K->60231K(1105920K)], 0.4869685 secs] [Times: user=2.25 sys=0.00, real=0.48 secs] 
3444.895: [GC (Allocation Failure) [PSYoungGen: 318976K->99552K(507904K)] 515794K->296370K(1906176K), 0.0804137 secs] [Times: user=0.47 sys=0.00, real=0.08 secs] 
3446.694: [GC (Allocation Failure) [PSYoungGen: 414783K->151968K(503808K)] 611602K->444335K(1902080K), 0.0487048 secs] [Times: user=0.29 sys=0.00, real=0.05 secs] 
3448.327: [GC (Allocation Failure) [PSYoungGen: 467872K->105760K(507392K)] 760239K->541535K(1905664K), 0.0921155 secs] [Times: user=0.55 sys=0.00, real=0.09 secs] 
3448.758: [GC (Allocation Failure) [PSYoungGen: 421664K->153760K(501760K)] 857439K->691949K(1900032K), 0.0523782 secs] [Times: user=0.31 sys=0.01, real=0.05 secs] 
3452.589: [GC (Allocation Failure) [PSYoungGen: 466592K->89088K(505856K)] 1004781K->781065K(1904128K), 0.1502711 secs] [Times: user=0.89 sys=0.01, real=0.15 secs] 
3453.568: [GC (Allocation Failure) [PSYoungGen: 391485K->145056K(503808K)] 1083462K->922218K(1902080K), 0.0499411 secs] [Times: user=0.30 sys=0.00, real=0.05 secs] 
3455.351: [GC (Allocation Failure) [PSYoungGen: 455840K->103296K(414208K)] 1233002K->1016682K(1812480K), 0.1150513 secs] [Times: user=0.68 sys=0.00, real=0.11 secs] 
3456.102: [GC (Allocation Failure) [PSYoungGen: 414080K->148832K(500224K)] 1327466K->1161191K(1898496K), 0.0509570 secs] [Times: user=0.31 sys=0.00, real=0.05 secs] 
3458.106: [GC (Allocation Failure) [PSYoungGen: 458080K->102112K(502784K)] 1470439K->1253791K(1901056K), 0.1358101 secs] [Times: user=0.81 sys=0.01, real=0.14 secs] 
3458.930: [GC (Allocation Failure) [PSYoungGen: 410332K->148960K(502784K)] 1562011K->1398824K(1901056K), 0.0520047 secs] [Times: user=0.31 sys=0.00, real=0.05 secs] 
3458.982: [Full GC (Ergonomics) [PSYoungGen: 148960K->0K(502784K)] [ParOldGen: 1249864K->196906K(1398272K)] 1398824K->196906K(1901056K), [Metaspace: 60232K->60232K(1105920K)], 0.4847825 secs] [Times: user=2.26 sys=0.00, real=0.49 secs] 
3462.643: [GC (Allocation Failure) [PSYoungGen: 311808K->99328K(505344K)] 508714K->296234K(1903616K), 0.0934147 secs] [Times: user=0.56 sys=0.00, real=0.09 secs] 
3463.765: [GC (Allocation Failure) [PSYoungGen: 411136K->151456K(500224K)] 608042K->444100K(1898496K), 0.0493799 secs] [Times: user=0.29 sys=0.00, real=0.05 secs] 
3467.531: [GC (Allocation Failure) [PSYoungGen: 460192K->96864K(503808K)] 752836K->532876K(1902080K), 0.1618009 secs] [Times: user=0.96 sys=0.00, real=0.16 secs] 
3468.659: [GC (Allocation Failure) [PSYoungGen: 405600K->149440K(500224K)] 841612K->678405K(1898496K), 0.0489627 secs] [Times: user=0.29 sys=0.01, real=0.05 secs] 
3470.233: [GC (Allocation Failure) [PSYoungGen: 456128K->101216K(408064K)] 985093K->771213K(1806336K), 0.1512313 secs] [Times: user=0.87 sys=0.01, real=0.15 secs] 
3471.220: [GC (Allocation Failure) [PSYoungGen: 407904K->156608K(494592K)] 1077901K->923987K(1892864K), 0.0510440 secs] [Times: user=0.30 sys=0.00, real=0.05 secs] 
3473.702: [GC (Allocation Failure) [PSYoungGen: 458176K->96192K(500224K)] 1225555K->1002931K(1898496K), 0.1780111 secs] [Times: user=1.06 sys=0.00, real=0.18 secs] 
3475.180: [GC (Allocation Failure) [PSYoungGen: 397760K->140864K(496128K)] 1304499K->1141048K(1894400K), 0.0492208 secs] [Times: user=0.29 sys=0.00, real=0.05 secs] 
3476.841: [GC (GCLocker Initiated GC) [PSYoungGen: 444480K->101312K(499200K)] 1444664K->1233776K(1897472K), 0.1615211 secs] [Times: user=0.96 sys=0.00, real=0.16 secs] 
3478.266: [GC (Allocation Failure) [PSYoungGen: 404928K->142496K(502784K)] 1537395K->1373604K(1901056K), 0.0520989 secs] [Times: user=0.31 sys=0.00, real=0.06 secs] 
3478.318: [Full GC (Ergonomics) [PSYoungGen: 142496K->0K(502784K)] [ParOldGen: 1231108K->171462K(1398272K)] 1373604K->171462K(1901056K), [Metaspace: 60232K->60232K(1105920K)], 0.4085510 secs] [Times: user=1.88 sys=0.00, real=0.40 secs] 
3482.191: [GC (Allocation Failure) [PSYoungGen: 310272K->103008K(503296K)] 481734K->274470K(1901568K), 0.0770750 secs] [Times: user=0.45 sys=0.00, real=0.08 secs] 
3484.504: [GC (Allocation Failure) [PSYoungGen: 413263K->143424K(502272K)] 584725K->415759K(1900544K), 0.0526748 secs] [Times: user=0.31 sys=0.00, real=0.06 secs] 
3486.222: [GC (GCLocker Initiated GC) [PSYoungGen: 455744K->105376K(503296K)] 728079K->511831K(1901568K), 0.0648026 secs] [Times: user=0.38 sys=0.00, real=0.07 secs] 
3487.346: [GC (Allocation Failure) [PSYoungGen: 417696K->143744K(503808K)] 824154K->654250K(1902080K), 0.0526633 secs] [Times: user=0.31 sys=0.00, real=0.06 secs] 
3489.422: [GC (Allocation Failure) [PSYoungGen: 460160K->109280K(505344K)] 970666K->754234K(1903616K), 0.0657498 secs] [Times: user=0.39 sys=0.01, real=0.07 secs] 
3490.236: [GC (Allocation Failure) [PSYoungGen: 425696K->147072K(505344K)] 1070650K->900012K(1903616K), 0.0985269 secs] [Times: user=0.59 sys=0.00, real=0.10 secs] 
3492.572: [GC (Allocation Failure) [PSYoungGen: 467072K->105088K(507904K)] 1220012K->996756K(1906176K), 0.1084699 secs] [Times: user=0.65 sys=0.00, real=0.11 secs] 
3493.716: [GC (Allocation Failure) [PSYoungGen: 425088K->151072K(506368K)] 1316756K->1145701K(1904640K), 0.0537793 secs] [Times: user=0.32 sys=0.00, real=0.06 secs] 
3496.294: [GC (Allocation Failure) [PSYoungGen: 472096K->107264K(509952K)] 1466725K->1244477K(1908224K), 0.1327084 secs] [Times: user=0.80 sys=0.00, real=0.13 secs] 
3497.499: [GC (Allocation Failure) [PSYoungGen: 428288K->152448K(504320K)] 1565501K->1393814K(1902592K), 0.0541764 secs] [Times: user=0.32 sys=0.00, real=0.05 secs] 
3497.553: [Full GC (Ergonomics) [PSYoungGen: 152448K->0K(504320K)] [ParOldGen: 1241366K->189345K(1398272K)] 1393814K->189345K(1902592K), [Metaspace: 60236K->60236K(1105920K)], 0.4606070 secs] [Times: user=2.15 sys=0.00, real=0.46 secs] 
3500.047: [GC (Allocation Failure) [PSYoungGen: 317952K->106144K(508416K)] 507297K->295489K(1906688K), 0.0711538 secs] [Times: user=0.42 sys=0.00, real=0.07 secs] 
3500.751: [GC (Allocation Failure) [PSYoungGen: 424096K->152544K(503808K)] 613441K->444382K(1902080K), 0.0518631 secs] [Times: user=0.31 sys=0.00, real=0.05 secs] 
3503.502: [GC (Allocation Failure) [PSYoungGen: 468448K->103360K(507392K)] 760286K->538894K(1905664K), 0.1670061 secs] [Times: user=0.99 sys=0.00, real=0.17 secs] 
3504.254: [GC (Allocation Failure) [PSYoungGen: 405338K->146816K(506368K)] 840872K->682010K(1904640K), 0.0500009 secs] [Times: user=0.29 sys=0.00, real=0.05 secs] 
3507.251: [GC (Allocation Failure) [PSYoungGen: 463744K->100704K(507904K)] 998938K->774358K(1906176K), 0.1588083 secs] [Times: user=0.94 sys=0.00, real=0.16 secs] 
3507.862: [GC (Allocation Failure) [PSYoungGen: 412032K->150272K(504320K)] 1085687K->921035K(1902592K), 0.0502396 secs] [Times: user=0.29 sys=0.01, real=0.05 secs] 
3510.883: [GC (Allocation Failure) [PSYoungGen: 465152K->99456K(506880K)] 1235915K->1011663K(1905152K), 0.1626224 secs] [Times: user=0.97 sys=0.00, real=0.16 secs] 
3511.966: [GC (Allocation Failure) [PSYoungGen: 414336K->151552K(501248K)] 1326543K->1159236K(1899520K), 0.0501352 secs] [Times: user=0.30 sys=0.00, real=0.05 secs] 
3514.440: [GC (Allocation Failure) [PSYoungGen: 462336K->99968K(504832K)] 1470020K->1250500K(1903104K), 0.1491927 secs] [Times: user=0.88 sys=0.00, real=0.15 secs] 
3515.647: [GC (Allocation Failure) [PSYoungGen: 410752K->148480K(502784K)] 1561284K->1394897K(1901056K), 0.0506251 secs] [Times: user=0.30 sys=0.00, real=0.06 secs] 
3515.697: [Full GC (Ergonomics) [PSYoungGen: 148480K->0K(502784K)] [ParOldGen: 1246417K->193934K(1398272K)] 1394897K->193934K(1901056K), [Metaspace: 60237K->60237K(1105920K)], 0.4727274 secs] [Times: user=2.20 sys=0.00, real=0.47 secs] 
3518.516: [GC (Allocation Failure) [PSYoungGen: 310784K->100640K(504832K)] 504718K->294582K(1903104K), 0.0886342 secs] [Times: user=0.52 sys=0.00, real=0.09 secs] 
3520.537: [GC (Allocation Failure) [PSYoungGen: 411424K->149728K(501760K)] 605366K->440335K(1900032K), 0.0491838 secs] [Times: user=0.29 sys=0.00, real=0.04 secs] 
3522.231: [GC (Allocation Failure) [PSYoungGen: 459488K->100384K(504320K)] 750095K->532027K(1902592K), 0.1158553 secs] [Times: user=0.69 sys=0.00, real=0.12 secs] 
3522.875: [GC (Allocation Failure) [PSYoungGen: 410144K->151264K(500224K)] 841787K->680132K(1898496K), 0.0560937 secs] [Times: user=0.33 sys=0.00, real=0.06 secs] 
3525.687: [GC (Allocation Failure) [PSYoungGen: 458976K->96320K(503296K)] 987844K->768332K(1901568K), 0.1528684 secs] [Times: user=0.91 sys=0.00, real=0.16 secs] 
3526.181: [GC (GCLocker Initiated GC) [PSYoungGen: 404032K->147584K(501760K)] 1076044K->912846K(1900032K), 0.0495105 secs] [Times: user=0.29 sys=0.00, real=0.05 secs] 
3530.349: [GC (Allocation Failure) [PSYoungGen: 455296K->96704K(404480K)] 1220560K->1000920K(1802752K), 0.1215917 secs] [Times: user=0.70 sys=0.00, real=0.12 secs] 
3531.783: [GC (GCLocker Initiated GC) [PSYoungGen: 404416K->146752K(500736K)] 1308633K->1145722K(1899008K), 0.0825802 secs] [Times: user=0.49 sys=0.00, real=0.08 secs] 
3534.111: [GC (Allocation Failure) [PSYoungGen: 453952K->98880K(502784K)] 1452925K->1236477K(1901056K), 0.1143859 secs] [Times: user=0.68 sys=0.00, real=0.11 secs] 
3535.897: [GC (Allocation Failure) [PSYoungGen: 406080K->145024K(501760K)] 1543677K->1378446K(1900032K), 0.0507652 secs] [Times: user=0.30 sys=0.00, real=0.05 secs] 
3535.948: [Full GC (Ergonomics) [PSYoungGen: 145024K->0K(501760K)] [ParOldGen: 1233422K->176821K(1398272K)] 1378446K->176821K(1900032K), [Metaspace: 60242K->60242K(1105920K)], 0.4173430 secs] [Times: user=1.93 sys=0.00, real=0.41 secs] 
3538.213: [GC (Allocation Failure) [PSYoungGen: 308736K->99904K(502784K)] 485557K->276725K(1901056K), 0.0908163 secs] [Times: user=0.53 sys=0.00, real=0.09 secs] 
3540.837: [GC (Allocation Failure) [PSYoungGen: 408640K->142784K(502784K)] 585461K->417081K(1901056K), 0.0509125 secs] [Times: user=0.30 sys=0.00, real=0.06 secs] 
3542.274: [GC (Allocation Failure) [PSYoungGen: 454080K->105536K(503296K)] 728377K->513161K(1901568K), 0.0944184 secs] [Times: user=0.56 sys=0.01, real=0.10 secs] 
3544.879: [GC (Allocation Failure) [PSYoungGen: 416832K->143648K(503296K)] 824457K->654534K(1901568K), 0.0522054 secs] [Times: user=0.31 sys=0.00, real=0.05 secs] 
3546.191: [GC (Allocation Failure) [PSYoungGen: 458016K->106912K(504320K)] 968902K->752250K(1902592K), 0.0692505 secs] [Times: user=0.41 sys=0.01, real=0.07 secs] 
3548.148: [GC (Allocation Failure) [PSYoungGen: 421280K->146240K(503808K)] 1066618K->896239K(1902080K), 0.0529004 secs] [Times: user=0.32 sys=0.00, real=0.05 secs] 
3549.991: [GC (Allocation Failure) [PSYoungGen: 463680K->105056K(506368K)] 1213679K->992011K(1904640K), 0.1617034 secs] [Times: user=0.96 sys=0.01, real=0.16 secs] 
3551.590: [GC (Allocation Failure) [PSYoungGen: 422496K->148160K(506368K)] 1309451K->1138378K(1904640K), 0.0534990 secs] [Times: user=0.31 sys=0.00, real=0.05 secs] 
3554.136: [GC (Allocation Failure) [PSYoungGen: 468672K->107328K(509440K)] 1458890K->1237018K(1907712K), 0.1490245 secs] [Times: user=0.89 sys=0.00, real=0.15 secs] 
3556.141: [GC (GCLocker Initiated GC) [PSYoungGen: 427840K->151296K(505856K)] 1557530K->1385911K(1904128K), 0.0542427 secs] [Times: user=0.32 sys=0.00, real=0.05 secs] 
3556.195: [Full GC (Ergonomics) [PSYoungGen: 151296K->0K(505856K)] [ParOldGen: 1234615K->183557K(1398272K)] 1385911K->183557K(1904128K), [Metaspace: 60246K->60246K(1105920K)], 0.4480576 secs] [Times: user=2.08 sys=0.00, real=0.45 secs] 
3559.394: [GC (GCLocker Initiated GC) [PSYoungGen: 320000K->103776K(509440K)] 503559K->287335K(1907712K), 0.1099211 secs] [Times: user=0.65 sys=0.00, real=0.11 secs] 
3560.858: [GC (Allocation Failure) [PSYoungGen: 423776K->158304K(499200K)] 607370K->442815K(1897472K), 0.0522647 secs] [Times: user=0.31 sys=0.00, real=0.05 secs] 
3563.395: [GC (Allocation Failure) [PSYoungGen: 470112K->101824K(505344K)] 754623K->527427K(1903616K), 0.1291413 secs] [Times: user=0.77 sys=0.00, real=0.13 secs] 
3565.449: [GC (Allocation Failure) [PSYoungGen: 413632K->149312K(503296K)] 839235K->672468K(1901568K), 0.0511890 secs] [Times: user=0.31 sys=0.00, real=0.05 secs] 
3568.087: [GC (GCLocker Initiated GC) [PSYoungGen: 461120K->99200K(505344K)] 984276K->762736K(1903616K), 0.1709994 secs] [Times: user=1.02 sys=0.00, real=0.17 secs] 
3570.145: [GC (Allocation Failure) [PSYoungGen: 411008K->155776K(497664K)] 1074579K->915154K(1895936K), 0.0508455 secs] [Times: user=0.30 sys=0.00, real=0.05 secs] 
3571.777: [GC (Allocation Failure) [PSYoungGen: 461440K->101792K(502272K)] 1220818K->999682K(1900544K), 0.1276503 secs] [Times: user=0.76 sys=0.00, real=0.12 secs] 
3573.896: [GC (Allocation Failure) [PSYoungGen: 407456K->142464K(499200K)] 1305346K->1139607K(1897472K), 0.0511848 secs] [Times: user=0.30 sys=0.00, real=0.06 secs] 
3576.579: [GC (Allocation Failure) [PSYoungGen: 450176K->99552K(501760K)] 1447319K->1230259K(1900032K), 0.1644340 secs] [Times: user=0.98 sys=0.00, real=0.16 secs] 
3578.368: [GC (Allocation Failure) [PSYoungGen: 407264K->142912K(504320K)] 1537971K->1370439K(1902592K), 0.0507776 secs] [Times: user=0.30 sys=0.00, real=0.05 secs] 
3578.418: [Full GC (Ergonomics) [PSYoungGen: 142912K->0K(504320K)] [ParOldGen: 1227527K->169357K(1398272K)] 1370439K->169357K(1902592K), [Metaspace: 60247K->60247K(1105920K)], 0.4104690 secs] [Times: user=1.91 sys=0.00, real=0.41 secs] 
3580.258: [GC (Allocation Failure) [PSYoungGen: 312832K->103904K(504832K)] 482189K->273261K(1903104K), 0.0922911 secs] [Times: user=0.54 sys=0.00, real=0.09 secs] 
3582.383: [GC (Allocation Failure) [PSYoungGen: 416736K->145056K(503808K)] 586093K->415986K(1902080K), 0.0534250 secs] [Times: user=0.32 sys=0.00, real=0.05 secs] 
3583.804: [GC (Allocation Failure) [PSYoungGen: 459424K->108032K(504832K)] 730354K->514858K(1903104K), 0.0975757 secs] [Times: user=0.58 sys=0.00, real=0.10 secs] 
3585.843: [GC (Allocation Failure) [PSYoungGen: 422400K->144320K(505344K)] 829226K->656751K(1903616K), 0.0528544 secs] [Times: user=0.31 sys=0.00, real=0.05 secs] 
3587.318: [GC (Allocation Failure) [PSYoungGen: 462272K->110496K(506368K)] 974703K->757663K(1904640K), 0.1029651 secs] [Times: user=0.62 sys=0.00, real=0.10 secs] 
3587.950: [GC (Allocation Failure) [PSYoungGen: 428448K->151008K(504320K)] 1075615K->906447K(1902592K), 0.0537985 secs] [Times: user=0.32 sys=0.00, real=0.05 secs] 
3590.828: [GC (Allocation Failure) [PSYoungGen: 470496K->105504K(507904K)] 1225935K->1003391K(1906176K), 0.0787221 secs] [Times: user=0.46 sys=0.00, real=0.08 secs] 
3591.748: [GC (Allocation Failure) [PSYoungGen: 424992K->152352K(505344K)] 1322879K->1152845K(1903616K), 0.0867683 secs] [Times: user=0.52 sys=0.00, real=0.08 secs] 
3594.920: [GC (Allocation Failure) [PSYoungGen: 471328K->104544K(508928K)] 1471821K->1249069K(1907200K), 0.1695633 secs] [Times: user=1.01 sys=0.00, real=0.17 secs] 
3596.228: [GC (Allocation Failure) [PSYoungGen: 423520K->161632K(496640K)] 1568045K->1406946K(1894912K), 0.0526813 secs] [Times: user=0.31 sys=0.00, real=0.05 secs] 
3596.281: [Full GC (Ergonomics) [PSYoungGen: 161632K->0K(496640K)] [ParOldGen: 1245314K->196619K(1398272K)] 1406946K->196619K(1894912K), [Metaspace: 60247K->60247K(1105920K)], 0.4814322 secs] [Times: user=2.25 sys=0.00, real=0.48 secs] 
3599.282: [GC (Allocation Failure) [PSYoungGen: 308736K->100064K(503808K)] 505355K->296683K(1902080K), 0.0945469 secs] [Times: user=0.56 sys=0.00, real=0.10 secs] 
3600.528: [GC (Allocation Failure) [PSYoungGen: 408800K->147424K(503296K)] 605419K->440484K(1901568K), 0.0489636 secs] [Times: user=0.29 sys=0.00, real=0.04 secs] 
3603.142: [GC (Allocation Failure) [PSYoungGen: 457184K->96480K(504320K)] 750244K->528400K(1902592K), 0.1615329 secs] [Times: user=0.96 sys=0.00, real=0.16 secs] 
3604.747: [GC (Allocation Failure) [PSYoungGen: 406240K->149376K(501248K)] 838160K->673741K(1899520K), 0.0491968 secs] [Times: user=0.29 sys=0.00, real=0.04 secs] 
3606.512: [GC (Allocation Failure) [PSYoungGen: 457088K->101792K(409600K)] 981453K->766825K(1807872K), 0.1593737 secs] [Times: user=0.94 sys=0.01, real=0.16 secs] 
3608.237: [GC (Allocation Failure) [PSYoungGen: 409504K->146400K(501248K)] 1074537K->908902K(1899520K), 0.0506527 secs] [Times: user=0.30 sys=0.00, real=0.06 secs] 
3609.756: [GC (Allocation Failure) [PSYoungGen: 454624K->104800K(502784K)] 1217126K->1004190K(1901056K), 0.1363102 secs] [Times: user=0.81 sys=0.00, real=0.14 secs] 
3610.721: [GC (Allocation Failure) [PSYoungGen: 413024K->149344K(500224K)] 1312414K->1150412K(1898496K), 0.0535624 secs] [Times: user=0.32 sys=0.00, real=0.05 secs] 
3613.801: [GC (Allocation Failure) [PSYoungGen: 458080K->99200K(502784K)] 1459148K->1241180K(1901056K), 0.1679049 secs] [Times: user=0.99 sys=0.01, real=0.17 secs] 
3615.503: [GC (Allocation Failure) [PSYoungGen: 407936K->146208K(503808K)] 1549916K->1384377K(1902080K), 0.0510306 secs] [Times: user=0.30 sys=0.00, real=0.05 secs] 
3615.554: [Full GC (Ergonomics) [PSYoungGen: 146208K->0K(503808K)] [ParOldGen: 1238169K->182237K(1398272K)] 1384377K->182237K(1902080K), [Metaspace: 60371K->60371K(1105920K)], 0.4465348 secs] [Times: user=2.08 sys=0.00, real=0.45 secs] 
3617.652: [GC (Allocation Failure) [PSYoungGen: 311808K->102560K(414720K)] 494045K->284797K(1812992K), 0.1032473 secs] [Times: user=0.60 sys=0.01, real=0.10 secs] 
3618.232: [GC (Allocation Failure) [PSYoungGen: 414368K->149472K(501760K)] 596605K->431722K(1900032K), 0.0525799 secs] [Times: user=0.31 sys=0.00, real=0.05 secs] 
3620.248: [GC (Allocation Failure) [PSYoungGen: 460256K->102016K(504320K)] 742506K->525306K(1902592K), 0.1628239 secs] [Times: user=0.96 sys=0.01, real=0.16 secs] 
3621.090: [GC (Allocation Failure) [PSYoungGen: 412800K->148864K(502784K)] 836090K->672236K(1901056K), 0.0716751 secs] [Times: user=0.43 sys=0.00, real=0.07 secs] 
3623.366: [GC (Allocation Failure) [PSYoungGen: 460672K->100608K(505344K)] 984044K->764724K(1903616K), 0.1760808 secs] [Times: user=1.04 sys=0.01, real=0.18 secs] 
3624.969: [GC (Allocation Failure) [PSYoungGen: 412416K->145664K(504832K)] 1076532K->907641K(1903104K), 0.0503716 secs] [Times: user=0.29 sys=0.00, real=0.05 secs] 
3626.396: [GC (Allocation Failure) [PSYoungGen: 459008K->106592K(420352K)] 1220985K->1005025K(1818624K), 0.0989457 secs] [Times: user=0.59 sys=0.01, real=0.10 secs] 
3627.421: [GC (Allocation Failure) [PSYoungGen: 419936K->150592K(501248K)] 1318369K->1152306K(1899520K), 0.0535290 secs] [Times: user=0.32 sys=0.00, real=0.05 secs] 
3629.447: [GC (Allocation Failure) [PSYoungGen: 462400K->102016K(504320K)] 1464114K->1245466K(1902592K), 0.1524450 secs] [Times: user=0.90 sys=0.00, real=0.15 secs] 
3630.657: [GC (Allocation Failure) [PSYoungGen: 413824K->150240K(503296K)] 1557274K->1392278K(1901568K), 0.0517316 secs] [Times: user=0.31 sys=0.00, real=0.06 secs] 
3630.708: [Full GC (Ergonomics) [PSYoungGen: 150240K->0K(503296K)] [ParOldGen: 1242038K->190007K(1398272K)] 1392278K->190007K(1901568K), [Metaspace: 60371K->60371K(1105920K)], 0.4653163 secs] [Times: user=2.15 sys=0.00, real=0.46 secs] 
3633.124: [GC (GCLocker Initiated GC) [PSYoungGen: 312832K->102336K(505856K)] 502839K->292343K(1904128K), 0.0789182 secs] [Times: user=0.47 sys=0.01, real=0.08 secs] 
3634.126: [GC (Allocation Failure) [PSYoungGen: 415168K->158112K(496640K)] 605210K->446887K(1894912K), 0.0506858 secs] [Times: user=0.30 sys=0.00, real=0.05 secs] 
3636.336: [GC (Allocation Failure) [PSYoungGen: 463776K->99904K(502272K)] 752551K->529431K(1900544K), 0.1448186 secs] [Times: user=0.86 sys=0.00, real=0.15 secs] 
3637.351: [GC (Allocation Failure) [PSYoungGen: 405568K->147616K(501248K)] 835095K->673684K(1899520K), 0.0505962 secs] [Times: user=0.30 sys=0.00, real=0.05 secs] 
3639.206: [GC (Allocation Failure) [PSYoungGen: 453125K->100288K(407040K)] 979194K->765208K(1805312K), 0.1616119 secs] [Times: user=0.96 sys=0.00, real=0.17 secs] 
3640.233: [GC (Allocation Failure) [PSYoungGen: 406976K->146944K(500224K)] 1071896K->909977K(1898496K), 0.0515983 secs] [Times: user=0.30 sys=0.00, real=0.05 secs] 
3642.735: [GC (Allocation Failure) [PSYoungGen: 453632K->98880K(501760K)] 1216665K->1000637K(1900032K), 0.1014215 secs] [Times: user=0.60 sys=0.00, real=0.10 secs] 
3644.772: [GC (Allocation Failure) [PSYoungGen: 405568K->141984K(503296K)] 1307325K->1139978K(1901568K), 0.0506921 secs] [Times: user=0.30 sys=0.00, real=0.05 secs] 
3646.226: [GC (GCLocker Initiated GC) [PSYoungGen: 452256K->106560K(417280K)] 1450250K->1237354K(1815552K), 0.1291067 secs] [Times: user=0.77 sys=0.00, real=0.13 secs] 
3647.639: [GC (Allocation Failure) [PSYoungGen: 416832K->146784K(500224K)] 1547629K->1381458K(1898496K), 0.0534539 secs] [Times: user=0.31 sys=0.00, real=0.05 secs] 
3647.693: [Full GC (Ergonomics) [PSYoungGen: 146784K->0K(500224K)] [ParOldGen: 1234674K->178556K(1398272K)] 1381458K->178556K(1898496K), [Metaspace: 60392K->60392K(1105920K)], 0.4177424 secs] [Times: user=1.92 sys=0.00, real=0.42 secs] 
3649.873: [GC (Allocation Failure) [PSYoungGen: 310784K->101696K(502272K)] 489340K->280252K(1900544K), 0.0805265 secs] [Times: user=0.47 sys=0.00, real=0.08 secs] 
3652.234: [GC (Allocation Failure) [PSYoungGen: 412480K->144256K(505856K)] 591036K->421948K(1904128K), 0.0523313 secs] [Times: user=0.31 sys=0.00, real=0.05 secs] 
3654.380: [GC (Allocation Failure) [PSYoungGen: 461184K->105664K(506880K)] 738876K->518300K(1905152K), 0.1764211 secs] [Times: user=1.05 sys=0.01, real=0.17 secs] 
3656.105: [GC (Allocation Failure) [PSYoungGen: 422592K->156096K(500224K)] 835228K->671873K(1898496K), 0.0530404 secs] [Times: user=0.31 sys=0.01, real=0.06 secs] 
3657.902: [GC (Allocation Failure) [PSYoungGen: 468928K->104800K(505856K)] 984705K->759245K(1904128K), 0.1366463 secs] [Times: user=0.81 sys=0.01, real=0.14 secs] 
3659.699: [GC (Allocation Failure) [PSYoungGen: 417632K->145888K(505856K)] 1072077K->902626K(1904128K), 0.0523177 secs] [Times: user=0.31 sys=0.00, real=0.05 secs] 
3661.451: [GC (Allocation Failure) [PSYoungGen: 461792K->107296K(423424K)] 1218530K->1000658K(1821696K), 0.1602710 secs] [Times: user=0.95 sys=0.01, real=0.16 secs] 
3662.706: [GC (Allocation Failure) [PSYoungGen: 423200K->149408K(503296K)] 1316562K->1147755K(1901568K), 0.0542044 secs] [Times: user=0.32 sys=0.00, real=0.06 secs] 
3666.718: [GC (Allocation Failure) [PSYoungGen: 464288K->99904K(505856K)] 1462635K->1239427K(1904128K), 0.1695939 secs] [Times: user=1.01 sys=0.00, real=0.17 secs] 
3668.793: [GC (Allocation Failure) [PSYoungGen: 414784K->147552K(505344K)] 1554307K->1384232K(1903616K), 0.0507628 secs] [Times: user=0.30 sys=0.00, real=0.05 secs] 
3668.843: [Full GC (Ergonomics) [PSYoungGen: 147552K->0K(505344K)] [ParOldGen: 1236680K->183048K(1398272K)] 1384232K->183048K(1903616K), [Metaspace: 60401K->60401K(1105920K)], 0.4391092 secs] [Times: user=2.03 sys=0.00, real=0.44 secs] 
3672.625: [GC (Allocation Failure) [PSYoungGen: 315904K->104192K(420352K)] 498952K->287240K(1818624K), 0.0982466 secs] [Times: user=0.58 sys=0.01, real=0.10 secs] 
3673.578: [GC (Allocation Failure) [PSYoungGen: 420096K->148800K(504320K)] 603144K->434097K(1902592K), 0.0517786 secs] [Times: user=0.31 sys=0.00, real=0.05 secs] 
3676.683: [GC (Allocation Failure) [PSYoungGen: 464192K->102080K(506880K)] 749489K->527665K(1905152K), 0.1635561 secs] [Times: user=0.97 sys=0.01, real=0.16 secs] 
3678.791: [GC (Allocation Failure) [PSYoungGen: 417472K->151232K(503296K)] 843057K->675545K(1901568K), 0.0512799 secs] [Times: user=0.31 sys=0.00, real=0.05 secs] 
3681.245: [GC (Allocation Failure) [PSYoungGen: 465088K->100352K(506368K)] 989401K->767369K(1904640K), 0.1441373 secs] [Times: user=0.85 sys=0.01, real=0.15 secs] 
3683.762: [GC (Allocation Failure) [PSYoungGen: 414208K->151968K(501248K)] 1081225K->915082K(1899520K), 0.0510824 secs] [Times: user=0.30 sys=0.00, real=0.05 secs] 
3686.246: [GC (Allocation Failure) [PSYoungGen: 462752K->99456K(504832K)] 1225866K->1005786K(1903104K), 0.1650979 secs] [Times: user=0.98 sys=0.00, real=0.17 secs] 
3687.642: [GC (Allocation Failure) [PSYoungGen: 410240K->149472K(502272K)] 1316570K->1151199K(1900544K), 0.0504412 secs] [Times: user=0.30 sys=0.00, real=0.05 secs] 
3690.984: [GC (Allocation Failure) [PSYoungGen: 459232K->99744K(504320K)] 1460959K->1241951K(1902592K), 0.1620154 secs] [Times: user=0.96 sys=0.00, real=0.16 secs] 
3692.379: [GC (Allocation Failure) [PSYoungGen: 409504K->147136K(502272K)] 1551711K->1386589K(1900544K), 0.0515324 secs] [Times: user=0.30 sys=0.00, real=0.05 secs] 
3692.431: [Full GC (Ergonomics) [PSYoungGen: 147136K->0K(502272K)] [ParOldGen: 1239453K->183184K(1398272K)] 1386589K->183184K(1900544K), [Metaspace: 60409K->60409K(1105920K)], 0.4398685 secs] [Times: user=2.03 sys=0.00, real=0.44 secs] 
3695.886: [GC (Allocation Failure) [PSYoungGen: 309760K->98240K(504320K)] 492944K->281424K(1902592K), 0.0792946 secs] [Times: user=0.47 sys=0.00, real=0.08 secs] 
3697.734: [GC (Allocation Failure) [PSYoungGen: 408000K->146112K(502784K)] 591184K->424953K(1901056K), 0.0505199 secs] [Times: user=0.30 sys=0.00, real=0.05 secs] 
3699.579: [GC (Allocation Failure) [PSYoungGen: 456384K->104000K(414720K)] 735225K->519997K(1812992K), 0.1659110 secs] [Times: user=0.99 sys=0.00, real=0.16 secs] 
3701.529: [GC (Allocation Failure) [PSYoungGen: 414272K->144992K(502272K)] 830269K->662266K(1900544K), 0.0516469 secs] [Times: user=0.31 sys=0.00, real=0.05 secs] 
3703.229: [GC (Allocation Failure) [PSYoungGen: 456288K->103360K(503296K)] 973562K->756438K(1901568K), 0.1120426 secs] [Times: user=0.67 sys=0.00, real=0.11 secs] 
3705.146: [GC (Allocation Failure) [PSYoungGen: 414656K->153312K(501248K)] 1067734K->906751K(1899520K), 0.0522427 secs] [Times: user=0.30 sys=0.01, real=0.06 secs] 
3706.672: [GC (GCLocker Initiated GC) [PSYoungGen: 465120K->103775K(505344K)] 1218559K->993094K(1903616K), 0.1056277 secs] [Times: user=0.63 sys=0.01, real=0.11 secs] 
3708.747: [GC (Allocation Failure) [PSYoungGen: 415583K->153216K(499712K)] 1304937K->1143607K(1897984K), 0.0526025 secs] [Times: user=0.31 sys=0.00, real=0.05 secs] 
3710.212: [GC (Allocation Failure) [PSYoungGen: 461952K->104704K(503808K)] 1452343K->1230951K(1902080K), 0.0696770 secs] [Times: user=0.41 sys=0.00, real=0.07 secs] 
3711.253: [GC (Allocation Failure) [PSYoungGen: 413440K->144320K(503808K)] 1539687K->1373828K(1902080K), 0.0647356 secs] [Times: user=0.38 sys=0.00, real=0.07 secs] 
3711.318: [Full GC (Ergonomics) [PSYoungGen: 144320K->0K(503808K)] [ParOldGen: 1229508K->172733K(1398272K)] 1373828K->172733K(1902080K), [Metaspace: 60410K->60410K(1105920K)], 0.4100036 secs] [Times: user=1.89 sys=0.00, real=0.41 secs] 
3714.423: [GC (Allocation Failure) [PSYoungGen: 311808K->101344K(504320K)] 484541K->274077K(1902592K), 0.0513939 secs] [Times: user=0.30 sys=0.01, real=0.05 secs] 
3715.834: [GC (Allocation Failure) [PSYoungGen: 413152K->144576K(504320K)] 585885K->417067K(1902592K), 0.0527007 secs] [Times: user=0.31 sys=0.00, real=0.05 secs] 
3718.247: [GC (Allocation Failure) [PSYoungGen: 458432K->106144K(504832K)] 730923K->514783K(1903104K), 0.1593900 secs] [Times: user=0.95 sys=0.01, real=0.15 secs] 
3720.327: [GC (Allocation Failure) [PSYoungGen: 420000K->142656K(505856K)] 828639K->655476K(1904128K), 0.0529626 secs] [Times: user=0.32 sys=0.00, real=0.05 secs] 
3722.382: [GC (Allocation Failure) [PSYoungGen: 460096K->108288K(505856K)] 972916K->754296K(1904128K), 0.1493109 secs] [Times: user=0.89 sys=0.01, real=0.15 secs] 
3724.505: [GC (Allocation Failure) [PSYoungGen: 425728K->155552K(501760K)] 1071736K->907367K(1900032K), 0.0536358 secs] [Times: user=0.32 sys=0.00, real=0.06 secs] 
3725.984: [GC (Allocation Failure) [PSYoungGen: 471968K->106432K(507392K)] 1223783K->996375K(1905664K), 0.0856862 secs] [Times: user=0.51 sys=0.00, real=0.09 secs] 
3727.296: [GC (Allocation Failure) [PSYoungGen: 422848K->149504K(504832K)] 1312791K->1144088K(1903104K), 0.0533447 secs] [Times: user=0.31 sys=0.00, real=0.06 secs] 
3729.239: [GC (Allocation Failure) [PSYoungGen: 464861K->107136K(507904K)] 1459445K->1242456K(1906176K), 0.0885142 secs] [Times: user=0.52 sys=0.00, real=0.09 secs] 
3729.749: [GC (Allocation Failure) [PSYoungGen: 424064K->149088K(505344K)] 1559384K->1389930K(1903616K), 0.0538565 secs] [Times: user=0.32 sys=0.00, real=0.05 secs] 
3729.803: [Full GC (Ergonomics) [PSYoungGen: 149088K->0K(505344K)] [ParOldGen: 1240842K->186673K(1398272K)] 1389930K->186673K(1903616K), [Metaspace: 60411K->60411K(1105920K)], 0.4498004 secs] [Times: user=2.07 sys=0.00, real=0.45 secs] 
3732.993: [GC (Allocation Failure) [PSYoungGen: 317440K->103616K(507904K)] 504113K->290289K(1906176K), 0.0543363 secs] [Times: user=0.32 sys=0.00, real=0.06 secs] 
3733.975: [GC (Allocation Failure) [PSYoungGen: 421056K->152064K(503296K)] 607729K->439066K(1901568K), 0.0516244 secs] [Times: user=0.31 sys=0.00, real=0.05 secs] 
3736.190: [GC (Allocation Failure) [PSYoungGen: 466944K->102400K(506880K)] 753946K->533034K(1905152K), 0.1515214 secs] [Times: user=0.90 sys=0.00, real=0.15 secs] 
3737.737: [GC (Allocation Failure) [PSYoungGen: 417280K->150688K(502784K)] 847914K->680164K(1901056K), 0.0511031 secs] [Times: user=0.31 sys=0.00, real=0.06 secs] 
3740.989: [GC (Allocation Failure) [PSYoungGen: 463520K->100192K(505856K)] 992996K->772008K(1904128K), 0.1723881 secs] [Times: user=1.03 sys=0.01, real=0.17 secs] 
3741.998: [GC (Allocation Failure) [PSYoungGen: 413024K->153088K(499712K)] 1084840K->921057K(1897984K), 0.0502489 secs] [Times: user=0.30 sys=0.00, real=0.05 secs] 
3745.441: [GC (Allocation Failure) [PSYoungGen: 461824K->97568K(503808K)] 1229793K->1010093K(1902080K), 0.1467110 secs] [Times: user=0.88 sys=0.00, real=0.15 secs] 
3746.738: [GC (Allocation Failure) [PSYoungGen: 406304K->150656K(500224K)] 1318829K->1157067K(1898496K), 0.0495712 secs] [Times: user=0.30 sys=0.00, real=0.05 secs] 
3749.946: [GC (Allocation Failure) [PSYoungGen: 457344K->95008K(502784K)] 1463755K->1243815K(1901056K), 0.1743632 secs] [Times: user=1.03 sys=0.01, real=0.18 secs] 
3751.762: [GC (Allocation Failure) [PSYoungGen: 401696K->147136K(501248K)] 1550503K->1386476K(1899520K), 0.0488336 secs] [Times: user=0.29 sys=0.00, real=0.05 secs] 
3751.810: [Full GC (Ergonomics) [PSYoungGen: 147136K->0K(501248K)] [ParOldGen: 1239340K->185062K(1398272K)] 1386476K->185062K(1899520K), [Metaspace: 60411K->60411K(1105920K)], 0.4409443 secs] [Times: user=2.04 sys=0.00, real=0.44 secs] 
3754.315: [GC (Allocation Failure) [PSYoungGen: 306688K->100256K(407040K)] 491750K->285318K(1805312K), 0.1069416 secs] [Times: user=0.63 sys=0.01, real=0.11 secs] 
3756.038: [GC (Allocation Failure) [PSYoungGen: 406944K->143296K(501248K)] 592006K->425579K(1899520K), 0.0505902 secs] [Times: user=0.30 sys=0.00, real=0.05 secs] 
3758.442: [GC (Allocation Failure) [PSYoungGen: 451008K->102016K(501760K)] 733291K->518667K(1900032K), 0.1624613 secs] [Times: user=0.97 sys=0.00, real=0.16 secs] 
3759.327: [GC (Allocation Failure) [PSYoungGen: 409728K->146976K(501248K)] 826379K->663097K(1899520K), 0.0510130 secs] [Times: user=0.30 sys=0.00, real=0.06 secs] 
3761.580: [GC (Allocation Failure) [PSYoungGen: 456736K->101792K(502784K)] 972857K->756317K(1901056K), 0.1655413 secs] [Times: user=0.99 sys=0.00, real=0.16 secs] 
3763.614: [GC (Allocation Failure) [PSYoungGen: 411552K->146880K(502784K)] 1066077K->899953K(1901056K), 0.0515359 secs] [Times: user=0.30 sys=0.00, real=0.05 secs] 
3766.045: [GC (Allocation Failure) [PSYoungGen: 459200K->102336K(504832K)] 1212273K->993449K(1903104K), 0.1752793 secs] [Times: user=1.05 sys=0.00, real=0.18 secs] 
3767.885: [GC (Allocation Failure) [PSYoungGen: 414656K->156928K(497664K)] 1305769K->1148119K(1895936K), 0.0528743 secs] [Times: user=0.31 sys=0.01, real=0.06 secs] 
3770.559: [GC (Allocation Failure) [PSYoungGen: 464640K->100864K(503296K)] 1455831K->1232199K(1901568K), 0.1535237 secs] [Times: user=0.91 sys=0.01, real=0.15 secs] 
3772.581: [GC (Allocation Failure) [PSYoungGen: 408576K->142336K(500736K)] 1539911K->1372316K(1899008K), 0.0516003 secs] [Times: user=0.31 sys=0.00, real=0.05 secs] 
3772.633: [Full GC (Ergonomics) [PSYoungGen: 142336K->0K(500736K)] [ParOldGen: 1229980K->169559K(1398272K)] 1372316K->169559K(1899008K), [Metaspace: 60411K->60411K(1105920K)], 0.4059425 secs] [Times: user=1.88 sys=0.00, real=0.41 secs] 
3774.944: [GC (Allocation Failure) [PSYoungGen: 310272K->104448K(503296K)] 479831K->274007K(1901568K), 0.0910250 secs] [Times: user=0.53 sys=0.00, real=0.09 secs] 
3776.414: [GC (Allocation Failure) [PSYoungGen: 414720K->142496K(504832K)] 584279K->414224K(1903104K), 0.0525678 secs] [Times: user=0.31 sys=0.00, real=0.05 secs] 
3778.613: [GC (Allocation Failure) [PSYoungGen: 457376K->108640K(505344K)] 729104K->513848K(1903616K), 0.1089973 secs] [Times: user=0.64 sys=0.00, real=0.11 secs] 
3780.157: [GC (Allocation Failure) [PSYoungGen: 423520K->146656K(503296K)] 828728K->658726K(1901568K), 0.0532992 secs] [Times: user=0.31 sys=0.00, real=0.05 secs] 
3782.985: [GC (GCLocker Initiated GC) [PSYoungGen: 463072K->104320K(505344K)] 975142K->754722K(1903616K), 0.1023607 secs] [Times: user=0.61 sys=0.00, real=0.11 secs] 
3784.223: [GC (Allocation Failure) [PSYoungGen: 420736K->147200K(506880K)] 1071142K->899375K(1905152K), 0.0523569 secs] [Times: user=0.31 sys=0.00, real=0.05 secs] 
3786.796: [GC (Allocation Failure) [PSYoungGen: 467712K->109952K(430592K)] 1219887K->1000127K(1828864K), 0.1562856 secs] [Times: user=0.93 sys=0.01, real=0.16 secs] 
3788.288: [GC (Allocation Failure) [PSYoungGen: 430464K->157920K(501248K)] 1320639K->1155917K(1899520K), 0.0549790 secs] [Times: user=0.33 sys=0.00, real=0.05 secs] 
3791.227: [GC (Allocation Failure) [PSYoungGen: 473824K->105120K(507392K)] 1471821K->1244061K(1905664K), 0.1344974 secs] [Times: user=0.80 sys=0.00, real=0.13 secs] 
3792.712: [GC (Allocation Failure) [PSYoungGen: 421024K->148640K(504832K)] 1559965K->1389205K(1903104K), 0.1002729 secs] [Times: user=0.59 sys=0.01, real=0.10 secs] 
3792.812: [Full GC (Ergonomics) [PSYoungGen: 148640K->0K(504832K)] [ParOldGen: 1240565K->185923K(1398272K)] 1389205K->185923K(1903104K), [Metaspace: 60411K->60411K(1105920K)], 0.4841122 secs] [Times: user=2.29 sys=0.00, real=0.48 secs] 
3795.315: [GC (Allocation Failure) [PSYoungGen: 315904K->103232K(507392K)] 501827K->289156K(1905664K), 0.0712137 secs] [Times: user=0.42 sys=0.01, real=0.07 secs] 
3796.360: [GC (Allocation Failure) [PSYoungGen: 419136K->152608K(502272K)] 605060K->439004K(1900544K), 0.0736415 secs] [Times: user=0.43 sys=0.00, real=0.07 secs] 
3798.869: [GC (GCLocker Initiated GC) [PSYoungGen: 465440K->99424K(505856K)] 751837K->530357K(1904128K), 0.1643247 secs] [Times: user=0.98 sys=0.00, real=0.16 secs] 
3800.077: [GC (Allocation Failure) [PSYoungGen: 412256K->157632K(497152K)] 843192K->683956K(1895424K), 0.0502548 secs] [Times: user=0.29 sys=0.00, real=0.06 secs] 
3802.497: [GC (Allocation Failure) [PSYoungGen: 463296K->98816K(502272K)] 989620K->765688K(1900544K), 0.1647529 secs] [Times: user=0.97 sys=0.01, real=0.17 secs] 
3804.737: [GC (Allocation Failure) [PSYoungGen: 404480K->144096K(500736K)] 1071352K->906005K(1899008K), 0.0496229 secs] [Times: user=0.30 sys=0.00, real=0.05 secs] 
3806.547: [GC (Allocation Failure) [PSYoungGen: 451296K->102880K(502272K)] 1213205K->999941K(1900544K), 0.1430765 secs] [Times: user=0.85 sys=0.00, real=0.14 secs] 
3807.774: [GC (Allocation Failure) [PSYoungGen: 410080K->143616K(502784K)] 1307141K->1140733K(1901056K), 0.0521925 secs] [Times: user=0.31 sys=0.00, real=0.05 secs] 
3809.691: [GC (GCLocker Initiated GC) [PSYoungGen: 453888K->104448K(502784K)] 1451005K->1236077K(1901056K), 0.1313508 secs] [Times: user=0.78 sys=0.00, real=0.13 secs] 
3810.861: [GC (Allocation Failure) [PSYoungGen: 414720K->146112K(502272K)] 1546384K->1379877K(1900544K), 0.0537444 secs] [Times: user=0.32 sys=0.00, real=0.05 secs] 
3810.914: [Full GC (Ergonomics) [PSYoungGen: 146112K->0K(502272K)] [ParOldGen: 1233765K->179048K(1398272K)] 1379877K->179048K(1900544K), [Metaspace: 60412K->60412K(1105920K)], 0.4241758 secs] [Times: user=1.88 sys=0.00, real=0.43 secs] 
3814.337: [GC (GCLocker Initiated GC) [PSYoungGen: 312320K->103264K(503808K)] 491368K->282312K(1902080K), 0.0886889 secs] [Times: user=0.52 sys=0.00, real=0.09 secs] 
3815.602: [GC (GCLocker Initiated GC) [PSYoungGen: 415584K->144064K(505344K)] 594634K->424839K(1903616K), 0.0761475 secs] [Times: user=0.45 sys=0.00, real=0.08 secs] 
3817.752: [GC (Allocation Failure) [PSYoungGen: 460480K->105824K(506368K)] 741257K->522089K(1904640K), 0.0892811 secs] [Times: user=0.53 sys=0.00, real=0.09 secs] 
3818.500: [GC (Allocation Failure) [PSYoungGen: 422240K->149344K(503808K)] 838505K->669230K(1902080K), 0.0534312 secs] [Times: user=0.32 sys=0.00, real=0.05 secs] 
3821.414: [GC (Allocation Failure) [PSYoungGen: 466272K->104640K(506880K)] 986158K->765342K(1905152K), 0.1469789 secs] [Times: user=0.87 sys=0.00, real=0.15 secs] 
3822.099: [GC (Allocation Failure) [PSYoungGen: 421568K->151904K(503296K)] 1082270K->913836K(1901568K), 0.0527877 secs] [Times: user=0.32 sys=0.01, real=0.05 secs] 
3825.406: [GC (Allocation Failure) [PSYoungGen: 467808K->102240K(507392K)] 1229740K->1007484K(1905664K), 0.1666956 secs] [Times: user=0.99 sys=0.00, real=0.17 secs] 
3826.328: [GC (Allocation Failure) [PSYoungGen: 418144K->152992K(501760K)] 1323388K->1156657K(1900032K), 0.0521608 secs] [Times: user=0.30 sys=0.01, real=0.05 secs] 
3829.005: [GC (Allocation Failure) [PSYoungGen: 465824K->101280K(505856K)] 1469489K->1249309K(1904128K), 0.1558744 secs] [Times: user=0.93 sys=0.00, real=0.16 secs] 
3829.872: [GC (Allocation Failure) [PSYoungGen: 414112K->150016K(502784K)] 1562141K->1396335K(1901056K), 0.0523396 secs] [Times: user=0.31 sys=0.01, real=0.05 secs] 
3829.924: [Full GC (Ergonomics) [PSYoungGen: 150016K->0K(502784K)] [ParOldGen: 1246319K->194465K(1398272K)] 1396335K->194465K(1901056K), [Metaspace: 60413K->60413K(1105920K)], 0.4771657 secs] [Times: user=2.21 sys=0.00, real=0.48 secs] 
3833.141: [GC (Allocation Failure) [PSYoungGen: 311808K->97312K(505344K)] 506273K->291777K(1903616K), 0.0842960 secs] [Times: user=0.50 sys=0.00, real=0.08 secs] 
3833.973: [GC (Allocation Failure) [PSYoungGen: 409120K->152128K(500224K)] 603585K->440101K(1898496K), 0.0490976 secs] [Times: user=0.29 sys=0.00, real=0.05 secs] 
3837.000: [GC (Allocation Failure) [PSYoungGen: 459840K->97568K(503296K)] 747813K->529217K(1901568K), 0.1792134 secs] [Times: user=1.06 sys=0.00, real=0.18 secs] 
3838.293: [GC (Allocation Failure) [PSYoungGen: 405280K->147008K(501760K)] 836929K->672574K(1900032K), 0.0490458 secs] [Times: user=0.29 sys=0.00, real=0.05 secs] 
3840.451: [GC (Allocation Failure) [PSYoungGen: 454720K->101600K(409600K)] 980286K->765238K(1807872K), 0.1494957 secs] [Times: user=0.88 sys=0.00, real=0.15 secs] 
3842.505: [GC (Allocation Failure) [PSYoungGen: 409312K->153792K(497664K)] 1072950K->914951K(1895936K), 0.0509130 secs] [Times: user=0.31 sys=0.00, real=0.05 secs] 
3844.511: [GC (Allocation Failure) [PSYoungGen: 458432K->98976K(501760K)] 1219591K->996575K(1900032K), 0.1564195 secs] [Times: user=0.93 sys=0.01, real=0.16 secs] 
3847.162: [GC (Allocation Failure) [PSYoungGen: 403616K->140448K(498176K)] 1301215K->1134372K(1896448K), 0.0504240 secs] [Times: user=0.30 sys=0.00, real=0.05 secs] 
3848.455: [GC (Allocation Failure) [PSYoungGen: 447648K->105696K(500736K)] 1441572K->1231180K(1899008K), 0.0690846 secs] [Times: user=0.41 sys=0.00, real=0.07 secs] 
3849.327: [GC (Allocation Failure) [PSYoungGen: 412896K->141376K(504832K)] 1538380K->1369997K(1903104K), 0.0532435 secs] [Times: user=0.32 sys=0.01, real=0.05 secs] 
3849.380: [Full GC (Ergonomics) [PSYoungGen: 141376K->0K(504832K)] [ParOldGen: 1228621K->168624K(1398272K)] 1369997K->168624K(1903104K), [Metaspace: 60433K->60433K(1105920K)], 0.4039501 secs] [Times: user=1.86 sys=0.00, real=0.40 secs] 
3851.625: [GC (Allocation Failure) [PSYoungGen: 314368K->106464K(504832K)] 482992K->275096K(1903104K), 0.0604914 secs] [Times: user=0.36 sys=0.00, real=0.06 secs] 
3852.526: [GC (Allocation Failure) [PSYoungGen: 420832K->145664K(502784K)] 589464K->419382K(1901056K), 0.0569210 secs] [Times: user=0.33 sys=0.00, real=0.06 secs] 
3856.068: [GC (Allocation Failure) [PSYoungGen: 461568K->106240K(504832K)] 735286K->517182K(1903104K), 0.1622791 secs] [Times: user=0.96 sys=0.01, real=0.16 secs] 
3858.940: [GC (Allocation Failure) [PSYoungGen: 422144K->146912K(506368K)] 833086K->661011K(1904640K), 0.0533552 secs] [Times: user=0.32 sys=0.00, real=0.05 secs] 
3861.187: [GC (Allocation Failure) [PSYoungGen: 467424K->108928K(508928K)] 981523K->761147K(1907200K), 0.1632860 secs] [Times: user=0.97 sys=0.00, real=0.16 secs] 
3863.195: [GC (Allocation Failure) [PSYoungGen: 429440K->148768K(506368K)] 1081659K->907168K(1904640K), 0.0537478 secs] [Times: user=0.32 sys=0.00, real=0.06 secs] 
3864.983: [GC (Allocation Failure) [PSYoungGen: 470304K->108160K(509440K)] 1228704K->1006060K(1907712K), 0.1793695 secs] [Times: user=1.06 sys=0.00, real=0.18 secs] 
3866.771: [GC (Allocation Failure) [PSYoungGen: 429696K->153408K(505344K)] 1327596K->1155502K(1903616K), 0.1060255 secs] [Times: user=0.63 sys=0.00, real=0.11 secs] 
3868.899: [GC (Allocation Failure) [PSYoungGen: 473408K->107136K(509440K)] 1475502K->1254270K(1907712K), 0.1298487 secs] [Times: user=0.77 sys=0.00, real=0.13 secs] 
3869.477: [GC (Allocation Failure) [PSYoungGen: 412986K->148896K(506880K)] 1560120K->1399430K(1905152K), 0.0531633 secs] [Times: user=0.31 sys=0.00, real=0.05 secs] 
3869.530: [Full GC (Ergonomics) [PSYoungGen: 148896K->0K(506880K)] [ParOldGen: 1250534K->196649K(1398272K)] 1399430K->196649K(1905152K), [Metaspace: 60439K->60439K(1105920K)], 0.4716263 secs] [Times: user=2.18 sys=0.00, real=0.47 secs] 
3873.134: [GC (Allocation Failure) [PSYoungGen: 320000K->100224K(509440K)] 516649K->296873K(1907712K), 0.0887341 secs] [Times: user=0.52 sys=0.00, real=0.09 secs] 
3873.711: [GC (Allocation Failure) [PSYoungGen: 412849K->150944K(503808K)] 609498K->444042K(1902080K), 0.0487808 secs] [Times: user=0.28 sys=0.00, real=0.05 secs] 
3876.609: [GC (Allocation Failure) [PSYoungGen: 466848K->102336K(507392K)] 759946K->537502K(1905664K), 0.1737940 secs] [Times: user=1.02 sys=0.01, real=0.17 secs] 
3877.305: [GC (Allocation Failure) [PSYoungGen: 413410K->148992K(505344K)] 848576K->682459K(1903616K), 0.0497589 secs] [Times: user=0.29 sys=0.00, real=0.05 secs] 
3881.034: [GC (Allocation Failure) [PSYoungGen: 464896K->102528K(507392K)] 998363K->776199K(1905664K), 0.1681219 secs] [Times: user=1.00 sys=0.00, real=0.17 secs] 
3882.109: [GC (Allocation Failure) [PSYoungGen: 416404K->148512K(504320K)] 1090076K->920912K(1902592K), 0.0494401 secs] [Times: user=0.30 sys=0.00, real=0.05 secs] 
3885.658: [GC (Allocation Failure) [PSYoungGen: 463392K->99648K(506880K)] 1235792K->1012024K(1905152K), 0.1536722 secs] [Times: user=0.91 sys=0.00, real=0.15 secs] 
3886.955: [GC (Allocation Failure) [PSYoungGen: 414528K->150752K(502784K)] 1326904K->1159393K(1901056K), 0.0498964 secs] [Times: user=0.30 sys=0.00, real=0.05 secs] 
3889.671: [GC (Allocation Failure) [PSYoungGen: 463584K->99168K(505856K)] 1472225K->1249881K(1904128K), 0.1070597 secs] [Times: user=0.64 sys=0.00, real=0.11 secs] 
3890.313: [GC (Allocation Failure) [PSYoungGen: 412000K->150656K(501248K)] 1562713K->1397366K(1899520K), 0.0501183 secs] [Times: user=0.30 sys=0.00, real=0.05 secs] 
3890.363: [Full GC (Ergonomics) [PSYoungGen: 150656K->0K(501248K)] [ParOldGen: 1246710K->196673K(1398272K)] 1397366K->196673K(1899520K), [Metaspace: 60447K->60447K(1105920K)], 0.4598280 secs] [Times: user=2.11 sys=0.00, real=0.46 secs] 
3892.842: [GC (Allocation Failure) [PSYoungGen: 309760K->100224K(504320K)] 506433K->296897K(1902592K), 0.0932527 secs] [Times: user=0.55 sys=0.00, real=0.09 secs] 
3894.001: [GC (Allocation Failure) [PSYoungGen: 409984K->150592K(501248K)] 606657K->443734K(1899520K), 0.0488866 secs] [Times: user=0.29 sys=0.01, real=0.05 secs] 
3897.075: [GC (Allocation Failure) [PSYoungGen: 459328K->97312K(503808K)] 752470K->532858K(1902080K), 0.1366494 secs] [Times: user=0.82 sys=0.00, real=0.14 secs] 
3898.176: [GC (Allocation Failure) [PSYoungGen: 406048K->157056K(495104K)] 841594K->685445K(1893376K), 0.0489941 secs] [Times: user=0.30 sys=0.00, real=0.05 secs] 
3900.154: [GC (Allocation Failure) [PSYoungGen: 458624K->99008K(500224K)] 987013K->767625K(1898496K), 0.1570792 secs] [Times: user=0.94 sys=0.00, real=0.16 secs] 
3902.122: [GC (Allocation Failure) [PSYoungGen: 400576K->144448K(498176K)] 1069193K->908266K(1896448K), 0.0492114 secs] [Times: user=0.29 sys=0.00, real=0.05 secs] 
3904.804: [GC (Allocation Failure) [PSYoungGen: 448064K->97280K(500224K)] 1211882K->996446K(1898496K), 0.1501564 secs] [Times: user=0.90 sys=0.00, real=0.15 secs] 
3907.063: [GC (Allocation Failure) [PSYoungGen: 400896K->143968K(501760K)] 1300062K->1137219K(1900032K), 0.0496490 secs] [Times: user=0.30 sys=0.00, real=0.05 secs] 
3908.811: [GC (Allocation Failure) [PSYoungGen: 451168K->102016K(409600K)] 1444419K->1230723K(1807872K), 0.1590572 secs] [Times: user=0.95 sys=0.00, real=0.16 secs] 
3911.790: [GC (Allocation Failure) [PSYoungGen: 409216K->140992K(501248K)] 1537923K->1369412K(1899520K), 0.0514844 secs] [Times: user=0.31 sys=0.00, real=0.05 secs] 
3911.841: [Full GC (Ergonomics) [PSYoungGen: 140992K->0K(501248K)] [ParOldGen: 1228420K->168299K(1398272K)] 1369412K->168299K(1899520K), [Metaspace: 60463K->60463K(1105920K)], 0.4054378 secs] [Times: user=1.87 sys=0.00, real=0.40 secs] 
3915.829: [GC (Allocation Failure) [PSYoungGen: 309248K->100608K(501248K)] 477547K->268907K(1899520K), 0.0495223 secs] [Times: user=0.29 sys=0.00, real=0.05 secs] 
3919.224: [GC (Allocation Failure) [PSYoungGen: 409856K->138432K(505344K)] 578155K->405607K(1903616K), 0.0515981 secs] [Times: user=0.31 sys=0.00, real=0.05 secs] 
3920.518: [GC (Allocation Failure) [PSYoungGen: 454336K->112768K(504320K)] 721511K->508967K(1902592K), 0.0642519 secs] [Times: user=0.38 sys=0.00, real=0.06 secs] 
3922.330: [GC (Allocation Failure) [PSYoungGen: 428672K->146432K(502784K)] 824871K->653580K(1901056K), 0.0549086 secs] [Times: user=0.32 sys=0.00, real=0.05 secs] 
3923.697: [GC (Allocation Failure) [PSYoungGen: 464896K->107424K(505344K)] 972044K->751736K(1903616K), 0.0829558 secs] [Times: user=0.47 sys=0.00, real=0.09 secs] 
3925.350: [GC (Allocation Failure) [PSYoungGen: 425888K->147872K(508416K)] 1070200K->897793K(1906688K), 0.0537346 secs] [Times: user=0.32 sys=0.00, real=0.05 secs] 
3928.049: [GC (Allocation Failure) [PSYoungGen: 472480K->109568K(511488K)] 1222401K->998689K(1909760K), 0.0958926 secs] [Times: user=0.58 sys=0.00, real=0.09 secs] 
3929.165: [GC (GCLocker Initiated GC) [PSYoungGen: 434176K->153056K(506368K)] 1323297K->1149995K(1904640K), 0.1361678 secs] [Times: user=0.81 sys=0.01, real=0.14 secs] 
3931.884: [GC (Allocation Failure) [PSYoungGen: 476128K->106464K(510976K)] 1473115K->1248051K(1909248K), 0.1132938 secs] [Times: user=0.68 sys=0.00, real=0.12 secs] 
3933.149: [GC (Allocation Failure) [PSYoungGen: 429536K->153600K(504832K)] 1571123K->1398821K(1903104K), 0.1343819 secs] [Times: user=0.79 sys=0.00, real=0.13 secs] 
3933.283: [Full GC (Ergonomics) [PSYoungGen: 153600K->0K(504832K)] [ParOldGen: 1245221K->196092K(1398272K)] 1398821K->196092K(1903104K), [Metaspace: 60463K->60463K(1105920K)], 0.5105383 secs] [Times: user=2.41 sys=0.00, real=0.51 secs] 
3935.929: [GC (Allocation Failure) [PSYoungGen: 318976K->104800K(508928K)] 515068K->300892K(1907200K), 0.0720192 secs] [Times: user=0.42 sys=0.00, real=0.07 secs] 
3936.760: [GC (Allocation Failure) [PSYoungGen: 412830K->146464K(507904K)] 608922K->443981K(1906176K), 0.0840450 secs] [Times: user=0.50 sys=0.00, real=0.08 secs] 
3939.776: [GC (Allocation Failure) [PSYoungGen: 466464K->102240K(422400K)] 763981K->537757K(1820672K), 0.1280234 secs] [Times: user=0.76 sys=0.00, real=0.13 secs] 
3940.739: [GC (Allocation Failure) [PSYoungGen: 418033K->148256K(506368K)] 853550K->682978K(1904640K), 0.0659277 secs] [Times: user=0.39 sys=0.00, real=0.06 secs] 
3943.273: [GC (Allocation Failure) [PSYoungGen: 467232K->106336K(508928K)] 1001954K->780886K(1907200K), 0.1392762 secs] [Times: user=0.83 sys=0.00, real=0.14 secs] 
3944.089: [GC (Allocation Failure) [PSYoungGen: 410445K->144064K(508416K)] 1084995K->922224K(1906688K), 0.0631360 secs] [Times: user=0.37 sys=0.00, real=0.06 secs] 
3946.829: [GC (Allocation Failure) [PSYoungGen: 465088K->104064K(508928K)] 1243248K->1017912K(1907200K), 0.1576570 secs] [Times: user=0.93 sys=0.01, real=0.16 secs] 
3947.809: [GC (Allocation Failure) [PSYoungGen: 412423K->146080K(507392K)] 1326271K->1160870K(1905664K), 0.0802137 secs] [Times: user=0.47 sys=0.01, real=0.08 secs] 
3951.136: [GC (Allocation Failure) [PSYoungGen: 467616K->105248K(509440K)] 1482406K->1257966K(1907712K), 0.1574936 secs] [Times: user=0.93 sys=0.00, real=0.16 secs] 
3952.103: [GC (Allocation Failure) [PSYoungGen: 426784K->156768K(502272K)] 1579502K->1410702K(1900544K), 0.0533543 secs] [Times: user=0.32 sys=0.00, real=0.05 secs] 
3952.157: [Full GC (Ergonomics) [PSYoungGen: 156768K->0K(502272K)] [ParOldGen: 1253934K->207746K(1398272K)] 1410702K->207746K(1900544K), [Metaspace: 60463K->60463K(1105920K)], 0.4898673 secs] [Times: user=2.28 sys=0.00, real=0.49 secs] 
3956.300: [GC (Allocation Failure) [PSYoungGen: 316928K->92992K(507904K)] 524674K->300738K(1906176K), 0.1770116 secs] [Times: user=1.06 sys=0.00, real=0.18 secs] 
3956.988: [GC (Allocation Failure) [PSYoungGen: 409920K->154656K(498688K)] 617666K->452131K(1896960K), 0.0544420 secs] [Times: user=0.33 sys=0.00, real=0.05 secs] 
3959.468: [GC (Allocation Failure) [PSYoungGen: 462368K->90976K(503296K)] 759843K->543279K(1901568K), 0.1487765 secs] [Times: user=0.88 sys=0.00, real=0.15 secs] 
3960.264: [GC (Allocation Failure) [PSYoungGen: 398688K->150080K(498176K)] 850991K->687364K(1896448K), 0.0532961 secs] [Times: user=0.32 sys=0.00, real=0.06 secs] 
3965.560: [GC (Allocation Failure) [PSYoungGen: 453696K->86528K(501248K)] 990980K->772964K(1899520K), 0.1661795 secs] [Times: user=0.99 sys=0.00, real=0.16 secs] 
3966.786: [GC (Allocation Failure) [PSYoungGen: 380801K->143712K(500736K)] 1067238K->912785K(1899008K), 0.0496617 secs] [Times: user=0.29 sys=0.00, real=0.05 secs] 
3969.097: [GC (Allocation Failure) [PSYoungGen: 447328K->96320K(400384K)] 1216401K->1000997K(1798656K), 0.1661886 secs] [Times: user=0.98 sys=0.01, real=0.16 secs] 
3971.090: [GC (Allocation Failure) [PSYoungGen: 399936K->145568K(497664K)] 1304613K->1143260K(1895936K), 0.1128265 secs] [Times: user=0.68 sys=0.00, real=0.11 secs] 
3973.112: [GC (Allocation Failure) [PSYoungGen: 448160K->99712K(499200K)] 1445852K->1234444K(1897472K), 0.1076341 secs] [Times: user=0.64 sys=0.00, real=0.11 secs] 
3973.971: [GC (Allocation Failure) [PSYoungGen: 402304K->145088K(499200K)] 1537036K->1376293K(1897472K), 0.0519351 secs] [Times: user=0.30 sys=0.00, real=0.05 secs] 
3974.023: [Full GC (Ergonomics) [PSYoungGen: 145088K->0K(499200K)] [ParOldGen: 1231205K->182437K(1398272K)] 1376293K->182437K(1897472K), [Metaspace: 60466K->60466K(1105920K)], 0.4440559 secs] [Times: user=2.07 sys=0.00, real=0.45 secs] 
3976.195: [GC (Allocation Failure) [PSYoungGen: 305664K->99456K(500736K)] 488101K->281894K(1899008K), 0.0934136 secs] [Times: user=0.55 sys=0.01, real=0.10 secs] 
3978.097: [GC (Allocation Failure) [PSYoungGen: 405120K->144032K(500736K)] 587558K->422938K(1899008K), 0.0504548 secs] [Times: user=0.30 sys=0.00, real=0.05 secs] 
3980.255: [GC (Allocation Failure) [PSYoungGen: 452768K->103680K(502272K)] 731674K->517306K(1900544K), 0.1676056 secs] [Times: user=0.99 sys=0.01, real=0.17 secs] 
3982.469: [GC (Allocation Failure) [PSYoungGen: 412416K->145664K(501248K)] 826042K->660535K(1899520K), 0.0511351 secs] [Times: user=0.31 sys=0.00, real=0.05 secs] 
3984.221: [GC (Allocation Failure) [PSYoungGen: 456960K->103616K(503296K)] 971831K->755419K(1901568K), 0.1652156 secs] [Times: user=0.98 sys=0.01, real=0.16 secs] 
3986.425: [GC (Allocation Failure) [PSYoungGen: 414912K->142272K(505344K)] 1066715K->895288K(1903616K), 0.0511350 secs] [Times: user=0.30 sys=0.00, real=0.05 secs] 
3988.059: [GC (Allocation Failure) [PSYoungGen: 458688K->109280K(505856K)] 1211704K->995248K(1904128K), 0.1076779 secs] [Times: user=0.64 sys=0.00, real=0.10 secs] 
3990.482: [GC (Allocation Failure) [PSYoungGen: 425696K->148416K(502272K)] 1311664K->1140885K(1900544K), 0.0540233 secs] [Times: user=0.32 sys=0.00, real=0.05 secs] 
3992.078: [GC (Allocation Failure) [PSYoungGen: 465344K->106816K(505856K)] 1457813K->1238849K(1904128K), 0.0705245 secs] [Times: user=0.42 sys=0.01, real=0.07 secs] 
3993.129: [GC (Allocation Failure) [PSYoungGen: 423744K->151968K(504832K)] 1555777K->1388294K(1903104K), 0.0535439 secs] [Times: user=0.31 sys=0.00, real=0.05 secs] 
3993.183: [Full GC (Ergonomics) [PSYoungGen: 151968K->0K(504832K)] [ParOldGen: 1236326K->187133K(1398272K)] 1388294K->187133K(1903104K), [Metaspace: 60475K->60475K(1105920K)], 0.4522466 secs] [Times: user=2.10 sys=0.00, real=0.45 secs] 
3995.499: [GC (Allocation Failure) [PSYoungGen: 318976K->103808K(508928K)] 506109K->290941K(1907200K), 0.0827698 secs] [Times: user=0.49 sys=0.00, real=0.08 secs] 
3996.662: [GC (Allocation Failure) [PSYoungGen: 422784K->155168K(501248K)] 609917K->442274K(1899520K), 0.0519903 secs] [Times: user=0.31 sys=0.00, real=0.05 secs] 
3999.296: [GC (Allocation Failure) [PSYoungGen: 469024K->101184K(506368K)] 756130K->534886K(1904640K), 0.1603520 secs] [Times: user=0.95 sys=0.00, real=0.16 secs] 
4000.544: [GC (Allocation Failure) [PSYoungGen: 415040K->150784K(502272K)] 848742K->682448K(1900544K), 0.0822695 secs] [Times: user=0.48 sys=0.01, real=0.08 secs] 
4006.305: [GC (Allocation Failure) [PSYoungGen: 462592K->95648K(505344K)] 994256K->769584K(1903616K), 0.1571120 secs] [Times: user=0.93 sys=0.01, real=0.16 secs] 
4007.562: [GC (Allocation Failure) [PSYoungGen: 407456K->149440K(501248K)] 1081392K->915092K(1899520K), 0.0492404 secs] [Times: user=0.29 sys=0.00, real=0.05 secs] 
4009.695: [GC (Allocation Failure) [PSYoungGen: 458176K->102112K(503808K)] 1223828K->1008136K(1902080K), 0.1285555 secs] [Times: user=0.76 sys=0.01, real=0.13 secs] 
4010.710: [GC (Allocation Failure) [PSYoungGen: 410848K->148448K(501760K)] 1316872K->1153141K(1900032K), 0.0515013 secs] [Times: user=0.30 sys=0.00, real=0.05 secs] 
4014.668: [GC (Allocation Failure) [PSYoungGen: 457696K->98944K(503808K)] 1462389K->1243369K(1902080K), 0.1023751 secs] [Times: user=0.61 sys=0.00, real=0.10 secs] 
4016.405: [GC (Allocation Failure) [PSYoungGen: 408192K->145536K(503296K)] 1552617K->1385429K(1901568K), 0.0510552 secs] [Times: user=0.30 sys=0.00, real=0.05 secs] 
4016.456: [Full GC (Ergonomics) [PSYoungGen: 145536K->0K(503296K)] [ParOldGen: 1239893K->182612K(1398272K)] 1385429K->182612K(1901568K), [Metaspace: 60477K->60477K(1105920K)], 0.4373974 secs] [Times: user=2.03 sys=0.00, real=0.44 secs] 
4020.146: [GC (Allocation Failure) [PSYoungGen: 310784K->99968K(504320K)] 493396K->282580K(1902592K), 0.0589826 secs] [Times: user=0.35 sys=0.01, real=0.06 secs] 
4022.324: [GC (Allocation Failure) [PSYoungGen: 410752K->146400K(502784K)] 593364K->426033K(1901056K), 0.0504312 secs] [Times: user=0.30 sys=0.00, real=0.05 secs] 
4024.148: [GC (GCLocker Initiated GC) [PSYoungGen: 457696K->103136K(504320K)] 737330K->520130K(1902592K), 0.1049435 secs] [Times: user=0.63 sys=0.00, real=0.10 secs] 
4026.322: [GC (Allocation Failure) [PSYoungGen: 414432K->144224K(502784K)] 831429K->661786K(1901056K), 0.0512363 secs] [Times: user=0.31 sys=0.00, real=0.05 secs] 
4027.810: [GC (Allocation Failure) [PSYoungGen: 457056K->108928K(504320K)] 974618K->761354K(1902592K), 0.1068738 secs] [Times: user=0.64 sys=0.00, real=0.11 secs] 
4028.630: [GC (Allocation Failure) [PSYoungGen: 421760K->147904K(502272K)] 1074186K->907903K(1900544K), 0.0542375 secs] [Times: user=0.32 sys=0.01, real=0.05 secs] 
4030.816: [GC (Allocation Failure) [PSYoungGen: 462784K->104608K(504832K)] 1222783K->1003967K(1903104K), 0.1129178 secs] [Times: user=0.68 sys=0.00, real=0.12 secs] 
4031.987: [GC (Allocation Failure) [PSYoungGen: 419488K->151648K(503296K)] 1318847K->1151776K(1901568K), 0.0518639 secs] [Times: user=0.31 sys=0.00, real=0.06 secs] 
4033.989: [GC (Allocation Failure) [PSYoungGen: 467552K->104320K(507392K)] 1467680K->1247176K(1905664K), 0.1502045 secs] [Times: user=0.89 sys=0.01, real=0.15 secs] 
4034.953: [GC (Allocation Failure) [PSYoungGen: 420224K->153696K(501760K)] 1563080K->1397053K(1900032K), 0.0523707 secs] [Times: user=0.31 sys=0.00, real=0.05 secs] 
4035.006: [Full GC (Ergonomics) [PSYoungGen: 153696K->0K(501760K)] [ParOldGen: 1243357K->195638K(1398272K)] 1397053K->195638K(1900032K), [Metaspace: 60478K->60478K(1105920K)], 0.4756553 secs] [Times: user=2.20 sys=0.00, real=0.48 secs] 
4037.723: [GC (Allocation Failure) [PSYoungGen: 312832K->101376K(505856K)] 508470K->297014K(1904128K), 0.0715272 secs] [Times: user=0.42 sys=0.01, real=0.07 secs] 
4038.511: [GC (Allocation Failure) [PSYoungGen: 413991K->150848K(501760K)] 609629K->444003K(1900032K), 0.0497054 secs] [Times: user=0.29 sys=0.01, real=0.05 secs] 
4041.595: [GC (Allocation Failure) [PSYoungGen: 461632K->98368K(504832K)] 754787K->533319K(1903104K), 0.1362800 secs] [Times: user=0.81 sys=0.00, real=0.14 secs] 
4043.668: [GC (Allocation Failure) [PSYoungGen: 409152K->149888K(501248K)] 844103K->679180K(1899520K), 0.0492251 secs] [Times: user=0.29 sys=0.00, real=0.05 secs] 
4045.973: [GC (Allocation Failure) [PSYoungGen: 458624K->99744K(503808K)] 987916K->769972K(1902080K), 0.1498095 secs] [Times: user=0.89 sys=0.01, real=0.15 secs] 
4047.216: [GC (Allocation Failure) [PSYoungGen: 408480K->149440K(501760K)] 1078708K->915564K(1900032K), 0.0505377 secs] [Times: user=0.30 sys=0.00, real=0.05 secs] 
4049.073: [GC (Allocation Failure) [PSYoungGen: 458176K->100480K(503808K)] 1224300K->1007453K(1902080K), 0.1011292 secs] [Times: user=0.60 sys=0.00, real=0.10 secs] 
4050.277: [GC (Allocation Failure) [PSYoungGen: 409216K->147808K(501760K)] 1316189K->1152446K(1900032K), 0.0932325 secs] [Times: user=0.55 sys=0.00, real=0.10 secs] 
4052.938: [GC (Allocation Failure) [PSYoungGen: 456544K->99584K(408576K)] 1461182K->1243830K(1806848K), 0.1456875 secs] [Times: user=0.86 sys=0.00, real=0.14 secs] 
4054.035: [GC (Allocation Failure) [PSYoungGen: 408320K->148512K(500736K)] 1552566K->1389307K(1899008K), 0.0618634 secs] [Times: user=0.37 sys=0.00, real=0.06 secs] 
4054.097: [Full GC (Ergonomics) [PSYoungGen: 148512K->0K(500736K)] [ParOldGen: 1240795K->188510K(1398272K)] 1389307K->188510K(1899008K), [Metaspace: 60478K->60478K(1105920K)], 0.4554918 secs] [Times: user=2.11 sys=0.00, real=0.46 secs] 
4057.032: [GC (Allocation Failure) [PSYoungGen: 308083K->98432K(503296K)] 496594K->286942K(1901568K), 0.0983601 secs] [Times: user=0.57 sys=0.00, real=0.10 secs] 
4058.641: [GC (Allocation Failure) [PSYoungGen: 406656K->155808K(496640K)] 595166K->440003K(1894912K), 0.0505650 secs] [Times: user=0.29 sys=0.00, real=0.05 secs] 
4060.505: [GC (Allocation Failure) [PSYoungGen: 459424K->99296K(501248K)] 743619K->522667K(1899520K), 0.1167410 secs] [Times: user=0.69 sys=0.00, real=0.12 secs] 
4062.479: [GC (Allocation Failure) [PSYoungGen: 402912K->141792K(498176K)] 826283K->661992K(1896448K), 0.0497088 secs] [Times: user=0.30 sys=0.00, real=0.05 secs] 
4064.610: [GC (Allocation Failure) [PSYoungGen: 447456K->99488K(500736K)] 967656K->752964K(1899008K), 0.1273912 secs] [Times: user=0.75 sys=0.00, real=0.13 secs] 
4066.591: [GC (Allocation Failure) [PSYoungGen: 405152K->142624K(503296K)] 1058628K->893029K(1901568K), 0.0507312 secs] [Times: user=0.30 sys=0.00, real=0.05 secs] 
4069.957: [GC (Allocation Failure) [PSYoungGen: 453408K->102560K(413696K)] 1203813K->987013K(1811968K), 0.0689458 secs] [Times: user=0.40 sys=0.00, real=0.06 secs] 
4072.169: [GC (Allocation Failure) [PSYoungGen: 413344K->145632K(501760K)] 1297797K->1131299K(1900032K), 0.1189904 secs] [Times: user=0.71 sys=0.00, real=0.12 secs] 
4074.716: [GC (Allocation Failure) [PSYoungGen: 457440K->104320K(503296K)] 1443107K->1227451K(1901568K), 0.1022013 secs] [Times: user=0.61 sys=0.00, real=0.11 secs] 
4077.458: [GC (Allocation Failure) [PSYoungGen: 416128K->143840K(504320K)] 1539259K->1369270K(1902592K), 0.0529885 secs] [Times: user=0.31 sys=0.00, real=0.05 secs] 
4077.512: [Full GC (Ergonomics) [PSYoungGen: 143840K->0K(504320K)] [ParOldGen: 1225430K->167873K(1398272K)] 1369270K->167873K(1902592K), [Metaspace: 60478K->60478K(1105920K)], 0.4025002 secs] [Times: user=1.79 sys=0.00, real=0.40 secs] 
4080.192: [GC (Allocation Failure) [PSYoungGen: 315904K->105376K(505856K)] 483777K->273249K(1904128K), 0.0516676 secs] [Times: user=0.31 sys=0.00, real=0.05 secs] 
4081.935: [GC (Allocation Failure) [PSYoungGen: 421280K->146720K(505344K)] 589153K->418447K(1903616K), 0.0554558 secs] [Times: user=0.33 sys=0.00, real=0.06 secs] 
4083.910: [GC (Allocation Failure) [PSYoungGen: 465184K->107264K(507392K)] 736911K->516999K(1905664K), 0.0836888 secs] [Times: user=0.50 sys=0.00, real=0.08 secs] 
4085.617: [GC (Allocation Failure) [PSYoungGen: 425728K->151360K(504832K)] 835463K->666169K(1903104K), 0.0714544 secs] [Times: user=0.43 sys=0.00, real=0.08 secs] 
4088.788: [GC (Allocation Failure) [PSYoungGen: 470336K->103072K(508928K)] 985145K->761105K(1907200K), 0.1637389 secs] [Times: user=0.97 sys=0.01, real=0.16 secs] 
4090.184: [GC (Allocation Failure) [PSYoungGen: 422048K->151264K(503296K)] 1080081K->910039K(1901568K), 0.0520647 secs] [Times: user=0.31 sys=0.00, real=0.05 secs] 
4092.690: [GC (GCLocker Initiated GC) [PSYoungGen: 467168K->105376K(507392K)] 1225943K->1006476K(1905664K), 0.1253783 secs] [Times: user=0.75 sys=0.00, real=0.12 secs] 
4093.751: [GC (GCLocker Initiated GC) [PSYoungGen: 421280K->152256K(502272K)] 1322381K->1156111K(1900544K), 0.0595050 secs] [Times: user=0.35 sys=0.00, real=0.06 secs] 
4095.958: [GC (Allocation Failure) [PSYoungGen: 466112K->102912K(506368K)] 1470015K->1250967K(1904640K), 0.1684218 secs] [Times: user=1.00 sys=0.00, real=0.16 secs] 
4097.654: [GC (Allocation Failure) [PSYoungGen: 416768K->151072K(502784K)] 1564823K->1398164K(1901056K), 0.0523894 secs] [Times: user=0.31 sys=0.00, real=0.05 secs] 
4097.707: [Full GC (Ergonomics) [PSYoungGen: 151072K->0K(502784K)] [ParOldGen: 1247092K->193595K(1398272K)] 1398164K->193595K(1901056K), [Metaspace: 60478K->60478K(1105920K)], 0.4682688 secs] [Times: user=2.17 sys=0.00, real=0.47 secs] 
4100.228: [GC (Allocation Failure) [PSYoungGen: 312832K->101280K(505856K)] 506427K->294875K(1904128K), 0.0921416 secs] [Times: user=0.54 sys=0.00, real=0.09 secs] 
4101.436: [GC (Allocation Failure) [PSYoungGen: 414112K->150080K(501760K)] 607707K->440620K(1900032K), 0.0500361 secs] [Times: user=0.29 sys=0.00, real=0.05 secs] 
4104.237: [GC (Allocation Failure) [PSYoungGen: 460864K->104288K(504832K)] 751404K->535768K(1903104K), 0.0814477 secs] [Times: user=0.49 sys=0.00, real=0.08 secs] 
4105.291: [GC (Allocation Failure) [PSYoungGen: 415072K->149856K(502272K)] 846552K->681952K(1900544K), 0.0505723 secs] [Times: user=0.30 sys=0.00, real=0.05 secs] 
4107.847: [GC (GCLocker Initiated GC) [PSYoungGen: 461152K->99776K(504832K)] 993248K->773269K(1903104K), 0.1639668 secs] [Times: user=0.98 sys=0.00, real=0.16 secs] 
4109.056: [GC (Allocation Failure) [PSYoungGen: 411072K->149920K(501760K)] 1084567K->920096K(1900032K), 0.0909705 secs] [Times: user=0.53 sys=0.01, real=0.09 secs] 
4112.012: [GC (GCLocker Initiated GC) [PSYoungGen: 459680K->98240K(504320K)] 1229856K->1009848K(1902592K), 0.1690277 secs] [Times: user=1.01 sys=0.01, real=0.17 secs] 
4113.068: [GC (Allocation Failure) [PSYoungGen: 408000K->151072K(500224K)] 1319610K->1157812K(1898496K), 0.0869884 secs] [Times: user=0.51 sys=0.00, real=0.08 secs] 
4116.029: [GC (Allocation Failure) [PSYoungGen: 458784K->96992K(503296K)] 1465524K->1246692K(1901568K), 0.1637991 secs] [Times: user=0.97 sys=0.00, real=0.16 secs] 
4117.028: [GC (Allocation Failure) [PSYoungGen: 404704K->146656K(501760K)] 1554404K->1390045K(1900032K), 0.0694916 secs] [Times: user=0.41 sys=0.00, real=0.07 secs] 
4117.097: [Full GC (Ergonomics) [PSYoungGen: 146656K->0K(501760K)] [ParOldGen: 1243389K->188967K(1398272K)] 1390045K->188967K(1900032K), [Metaspace: 60478K->60478K(1105920K)], 0.4600498 secs] [Times: user=2.13 sys=0.00, real=0.46 secs] 
4119.898: [GC (Allocation Failure) [PSYoungGen: 307712K->101376K(409600K)] 496679K->290343K(1807872K), 0.0585276 secs] [Times: user=0.34 sys=0.00, real=0.05 secs] 
4121.162: [GC (Allocation Failure) [PSYoungGen: 409088K->147456K(500736K)] 598055K->434338K(1899008K), 0.0504726 secs] [Times: user=0.30 sys=0.00, real=0.05 secs] 
4124.449: [GC (Allocation Failure) [PSYoungGen: 455168K->98880K(502272K)] 742050K->524706K(1900544K), 0.0962478 secs] [Times: user=0.58 sys=0.00, real=0.09 secs] 
4125.581: [GC (Allocation Failure) [PSYoungGen: 406592K->147328K(501760K)] 832418K->670220K(1900032K), 0.0857153 secs] [Times: user=0.51 sys=0.00, real=0.08 secs] 
4128.117: [GC (Allocation Failure) [PSYoungGen: 456576K->99936K(503808K)] 979468K->761980K(1902080K), 0.0895988 secs] [Times: user=0.53 sys=0.00, real=0.09 secs] 
4128.746: [GC (Allocation Failure) [PSYoungGen: 409184K->144960K(502784K)] 1071228K->905282K(1901056K), 0.0567698 secs] [Times: user=0.33 sys=0.01, real=0.06 secs] 
4131.569: [GC (Allocation Failure) [PSYoungGen: 455744K->101728K(503808K)] 1216066K->998510K(1902080K), 0.1589699 secs] [Times: user=0.95 sys=0.00, real=0.16 secs] 
4133.504: [GC (Allocation Failure) [PSYoungGen: 412512K->143360K(503296K)] 1309294K->1139379K(1901568K), 0.0517334 secs] [Times: user=0.31 sys=0.00, real=0.05 secs] 
4135.535: [GC (Allocation Failure) [PSYoungGen: 456192K->106656K(504320K)] 1452211K->1236931K(1902592K), 0.1597561 secs] [Times: user=0.95 sys=0.00, real=0.16 secs] 
4137.692: [GC (Allocation Failure) [PSYoungGen: 419488K->146560K(502784K)] 1549763K->1380848K(1901056K), 0.0528036 secs] [Times: user=0.31 sys=0.00, real=0.05 secs] 
4137.745: [Full GC (Ergonomics) [PSYoungGen: 146560K->0K(502784K)] [ParOldGen: 1234288K->179085K(1398272K)] 1380848K->179085K(1901056K), [Metaspace: 60478K->60478K(1105920K)], 0.4347840 secs] [Times: user=2.03 sys=0.00, real=0.44 secs] 
4139.537: [GC (Allocation Failure) [PSYoungGen: 314880K->104416K(504832K)] 493965K->283501K(1903104K), 0.0725735 secs] [Times: user=0.42 sys=0.00, real=0.08 secs] 
4141.957: [GC (Allocation Failure) [PSYoungGen: 419296K->147168K(506368K)] 598381K->427873K(1904640K), 0.0520915 secs] [Times: user=0.31 sys=0.00, real=0.06 secs] 
4144.199: [GC (Allocation Failure) [PSYoungGen: 466144K->107168K(508416K)] 746849K->525981K(1906688K), 0.1671180 secs] [Times: user=0.99 sys=0.00, real=0.16 secs] 
4146.296: [GC (Allocation Failure) [PSYoungGen: 426144K->151712K(504320K)] 844957K->673854K(1902592K), 0.0526966 secs] [Times: user=0.31 sys=0.00, real=0.06 secs] 
4148.659: [GC (Allocation Failure) [PSYoungGen: 469664K->106752K(508416K)] 991806K->771950K(1906688K), 0.1574072 secs] [Times: user=0.93 sys=0.00, real=0.15 secs] 
4150.309: [GC (Allocation Failure) [PSYoungGen: 424704K->152224K(503296K)] 1089902K->920479K(1901568K), 0.0523744 secs] [Times: user=0.31 sys=0.01, real=0.05 secs] 
4152.090: [GC (Allocation Failure) [PSYoungGen: 468128K->104352K(507392K)] 1236383K->1015607K(1905664K), 0.1231444 secs] [Times: user=0.72 sys=0.01, real=0.12 secs] 
4152.888: [GC (Allocation Failure) [PSYoungGen: 408114K->147008K(505856K)] 1319370K->1159189K(1904128K), 0.0895131 secs] [Times: user=0.53 sys=0.01, real=0.09 secs] 
4156.199: [GC (Allocation Failure) [PSYoungGen: 463936K->99008K(507904K)] 1476117K->1250149K(1906176K), 0.1572659 secs] [Times: user=0.94 sys=0.00, real=0.15 secs] 
4158.373: [GC (Allocation Failure) [PSYoungGen: 415936K->151360K(503296K)] 1567077K->1397938K(1901568K), 0.1223433 secs] [Times: user=0.73 sys=0.00, real=0.12 secs] 
4158.495: [Full GC (Ergonomics) [PSYoungGen: 151360K->0K(503296K)] [ParOldGen: 1246578K->196656K(1398272K)] 1397938K->196656K(1901568K), [Metaspace: 60478K->60478K(1105920K)], 0.5208636 secs] [Times: user=2.48 sys=0.00, real=0.52 secs] 
4162.395: [GC (Allocation Failure) [PSYoungGen: 313856K->102080K(506368K)] 510512K->298736K(1904640K), 0.0890381 secs] [Times: user=0.53 sys=0.01, real=0.09 secs] 
4163.260: [GC (Allocation Failure) [PSYoungGen: 415936K->148928K(503296K)] 612592K->442525K(1901568K), 0.0655702 secs] [Times: user=0.38 sys=0.00, real=0.06 secs] 
4166.334: [GC (Allocation Failure) [PSYoungGen: 461760K->100896K(505856K)] 755357K->535077K(1904128K), 0.1210666 secs] [Times: user=0.72 sys=0.00, real=0.12 secs] 
4167.978: [GC (Allocation Failure) [PSYoungGen: 413728K->150016K(502784K)] 847909K->681742K(1901056K), 0.0505525 secs] [Times: user=0.30 sys=0.00, real=0.05 secs] 
4170.337: [GC (Allocation Failure) [PSYoungGen: 461824K->100000K(505344K)] 993550K->773254K(1903616K), 0.1569198 secs] [Times: user=0.94 sys=0.00, real=0.15 secs] 
4171.549: [GC (Allocation Failure) [PSYoungGen: 411808K->147776K(503296K)] 1085062K->917771K(1901568K), 0.0930198 secs] [Times: user=0.55 sys=0.01, real=0.09 secs] 
4174.334: [GC (Allocation Failure) [PSYoungGen: 459584K->100896K(505344K)] 1229579K->1010171K(1903616K), 0.0899108 secs] [Times: user=0.54 sys=0.00, real=0.09 secs] 
4175.556: [GC (Allocation Failure) [PSYoungGen: 412704K->151904K(500224K)] 1321979K->1159104K(1898496K), 0.0810501 secs] [Times: user=0.49 sys=0.00, real=0.08 secs] 
4179.275: [GC (Allocation Failure) [PSYoungGen: 460640K->96672K(503808K)] 1467840K->1247656K(1902080K), 0.1681462 secs] [Times: user=1.00 sys=0.00, real=0.17 secs] 
4180.367: [GC (Allocation Failure) [PSYoungGen: 405408K->149344K(500736K)] 1556392K->1393092K(1899008K), 0.0495111 secs] [Times: user=0.29 sys=0.00, real=0.05 secs] 
4180.416: [Full GC (Ergonomics) [PSYoungGen: 149344K->0K(500736K)] [ParOldGen: 1243748K->191886K(1398272K)] 1393092K->191886K(1899008K), [Metaspace: 60481K->60481K(1105920K)], 0.4633657 secs] [Times: user=2.15 sys=0.00, real=0.47 secs] 
4182.743: [GC (Allocation Failure) [PSYoungGen: 307712K->101024K(503296K)] 499598K->292910K(1901568K), 0.0898332 secs] [Times: user=0.53 sys=0.01, real=0.09 secs] 
4183.654: [GC (Allocation Failure) [PSYoungGen: 408736K->148096K(501248K)] 600622K->437547K(1899520K), 0.0500703 secs] [Times: user=0.30 sys=0.00, real=0.05 secs] 
4186.164: [GC (Allocation Failure) [PSYoungGen: 456320K->101984K(503296K)] 745771K->530747K(1901568K), 0.1649168 secs] [Times: user=0.97 sys=0.01, real=0.17 secs] 
4187.744: [GC (GCLocker Initiated GC) [PSYoungGen: 410208K->144704K(502272K)] 838971K->671628K(1900544K), 0.0506325 secs] [Times: user=0.30 sys=0.00, real=0.05 secs] 
4189.596: [GC (Allocation Failure) [PSYoungGen: 454464K->104640K(503296K)] 981391K->767047K(1901568K), 0.0801651 secs] [Times: user=0.48 sys=0.00, real=0.08 secs] 
4190.488: [GC (Allocation Failure) [PSYoungGen: 414400K->148928K(500736K)] 1076807K->912797K(1899008K), 0.0541992 secs] [Times: user=0.26 sys=0.00, real=0.05 secs] 
4192.622: [GC (Allocation Failure) [PSYoungGen: 459200K->101152K(503296K)] 1223069K->1005133K(1901568K), 0.1772956 secs] [Times: user=1.06 sys=0.00, real=0.18 secs] 
4194.017: [GC (Allocation Failure) [PSYoungGen: 411424K->148640K(503296K)] 1315405K->1151240K(1901568K), 0.0907230 secs] [Times: user=0.53 sys=0.00, real=0.09 secs] 
4197.998: [GC (Allocation Failure) [PSYoungGen: 461472K->99552K(505856K)] 1464072K->1242696K(1904128K), 0.1343586 secs] [Times: user=0.79 sys=0.00, real=0.13 secs] 
4199.117: [GC (Allocation Failure) [PSYoungGen: 412384K->148800K(502784K)] 1555528K->1388097K(1901056K), 0.0508412 secs] [Times: user=0.30 sys=0.00, real=0.06 secs] 
4199.167: [Full GC (Ergonomics) [PSYoungGen: 148800K->0K(502784K)] [ParOldGen: 1239297K->186438K(1398272K)] 1388097K->186438K(1901056K), [Metaspace: 60481K->60481K(1105920K)], 0.4536265 secs] [Times: user=2.10 sys=0.00, real=0.45 secs] 
4201.779: [GC (Allocation Failure) [PSYoungGen: 311808K->103584K(505344K)] 498246K->290022K(1903616K), 0.0588242 secs] [Times: user=0.35 sys=0.00, real=0.06 secs] 
4202.978: [GC (Allocation Failure) [PSYoungGen: 415392K->151232K(501760K)] 601830K->438756K(1900032K), 0.1069641 secs] [Times: user=0.64 sys=0.00, real=0.10 secs] 
4205.621: [GC (Allocation Failure) [PSYoungGen: 462016K->100768K(504832K)] 749540K->531436K(1903104K), 0.1575336 secs] [Times: user=0.94 sys=0.00, real=0.16 secs] 
4206.836: [GC (Allocation Failure) [PSYoungGen: 411552K->149728K(501760K)] 842220K->677524K(1900032K), 0.0810861 secs] [Times: user=0.48 sys=0.00, real=0.09 secs] 
4211.469: [GC (Allocation Failure) [PSYoungGen: 458890K->95744K(504320K)] 986687K->765113K(1902592K), 0.1591086 secs] [Times: user=0.95 sys=0.00, real=0.16 secs] 
4213.446: [GC (Allocation Failure) [PSYoungGen: 405504K->145568K(503808K)] 1074873K->908741K(1902080K), 0.0495454 secs] [Times: user=0.29 sys=0.00, real=0.05 secs] 
4217.688: [GC (Allocation Failure) [PSYoungGen: 456352K->103008K(414208K)] 1219525K->1003365K(1812480K), 0.1538711 secs] [Times: user=0.92 sys=0.00, real=0.15 secs] 
4220.032: [GC (Allocation Failure) [PSYoungGen: 413792K->143808K(502784K)] 1314149K->1144954K(1901056K), 0.0517618 secs] [Times: user=0.31 sys=0.00, real=0.05 secs] 
4222.220: [GC (Allocation Failure) [PSYoungGen: 455104K->103040K(503296K)] 1456250K->1239394K(1901568K), 0.0982788 secs] [Times: user=0.58 sys=0.00, real=0.10 secs] 
4223.516: [GC (Allocation Failure) [PSYoungGen: 414336K->145824K(503296K)] 1550690K->1382087K(1901568K), 0.0518536 secs] [Times: user=0.30 sys=0.00, real=0.06 secs] 
4223.567: [Full GC (Ergonomics) [PSYoungGen: 145824K->0K(503296K)] [ParOldGen: 1236263K->179044K(1398272K)] 1382087K->179044K(1901568K), [Metaspace: 60481K->60481K(1105920K)], 0.4351872 secs] [Times: user=2.03 sys=0.00, real=0.43 secs] 
4225.928: [GC (Allocation Failure) [PSYoungGen: 313856K->106880K(504832K)] 492900K->285924K(1903104K), 0.0982251 secs] [Times: user=0.57 sys=0.01, real=0.09 secs] 
4227.081: [GC (Allocation Failure) [PSYoungGen: 420736K->146848K(504320K)] 599780K->430925K(1902592K), 0.0876804 secs] [Times: user=0.53 sys=0.00, real=0.09 secs] 
4229.056: [GC (Allocation Failure) [PSYoungGen: 463264K->105728K(506368K)] 747341K->528366K(1904640K), 0.0693212 secs] [Times: user=0.41 sys=0.00, real=0.07 secs] 
4230.428: [GC (Allocation Failure) [PSYoungGen: 422144K->151168K(503808K)] 844782K->676514K(1902080K), 0.0524451 secs] [Times: user=0.31 sys=0.00, real=0.05 secs] 
4232.775: [GC (Allocation Failure) [PSYoungGen: 468096K->101760K(507904K)] 993442K->769818K(1906176K), 0.1606814 secs] [Times: user=0.95 sys=0.00, real=0.16 secs] 
4234.391: [GC (Allocation Failure) [PSYoungGen: 418688K->154528K(500224K)] 1086746K->920287K(1898496K), 0.0511748 secs] [Times: user=0.30 sys=0.00, real=0.05 secs] 
4236.438: [GC (Allocation Failure) [PSYoungGen: 466336K->101792K(505344K)] 1232095K->1013471K(1903616K), 0.1578041 secs] [Times: user=0.93 sys=0.01, real=0.15 secs] 
4238.065: [GC (Allocation Failure) [PSYoungGen: 413600K->148448K(502784K)] 1325279K->1158881K(1901056K), 0.0507419 secs] [Times: user=0.30 sys=0.00, real=0.05 secs] 
4240.289: [GC (Allocation Failure) [PSYoungGen: 460256K->101504K(505344K)] 1470689K->1252353K(1903616K), 0.1230365 secs] [Times: user=0.73 sys=0.00, real=0.12 secs] 
4241.938: [GC (Allocation Failure) [PSYoungGen: 413312K->146784K(503808K)] 1564161K->1396290K(1902080K), 0.0507135 secs] [Times: user=0.30 sys=0.00, real=0.05 secs] 
4241.988: [Full GC (Ergonomics) [PSYoungGen: 146784K->0K(503808K)] [ParOldGen: 1249506K->193538K(1398272K)] 1396290K->193538K(1902080K), [Metaspace: 60481K->60481K(1105920K)], 0.4675871 secs] [Times: user=2.16 sys=0.01, real=0.46 secs] 
4244.494: [GC (Allocation Failure) [PSYoungGen: 312832K->101728K(505344K)] 506370K->295266K(1903616K), 0.0831128 secs] [Times: user=0.41 sys=0.00, real=0.08 secs] 
4245.897: [GC (Allocation Failure) [PSYoungGen: 414560K->149952K(502272K)] 608098K->442079K(1900544K), 0.1482321 secs] [Times: user=0.87 sys=0.01, real=0.14 secs] 
4249.165: [GC (Allocation Failure) [PSYoungGen: 461760K->103200K(505344K)] 753887K->537080K(1903616K), 0.1614506 secs] [Times: user=0.96 sys=0.01, real=0.17 secs] 
4249.825: [GC (Allocation Failure) [PSYoungGen: 415008K->148064K(502784K)] 848888K->681632K(1901056K), 0.0531531 secs] [Times: user=0.32 sys=0.00, real=0.06 secs] 
4252.671: [GC (Allocation Failure) [PSYoungGen: 460384K->102912K(505344K)] 993952K->775680K(1903616K), 0.1706036 secs] [Times: user=1.00 sys=0.00, real=0.17 secs] 
4254.114: [GC (Allocation Failure) [PSYoungGen: 414030K->148608K(503808K)] 1086799K->921018K(1902080K), 0.0510929 secs] [Times: user=0.31 sys=0.00, real=0.05 secs] 
4256.503: [GC (Allocation Failure) [PSYoungGen: 461952K->102560K(505856K)] 1234362K->1015194K(1904128K), 0.1183691 secs] [Times: user=0.70 sys=0.00, real=0.12 secs] 
4258.026: [GC (Allocation Failure) [PSYoungGen: 414094K->148576K(504320K)] 1326729K->1159927K(1902592K), 0.0506046 secs] [Times: user=0.30 sys=0.01, real=0.05 secs] 
4259.900: [GC (Allocation Failure) [PSYoungGen: 462432K->104864K(418816K)] 1473783K->1256071K(1817088K), 0.1447632 secs] [Times: user=0.86 sys=0.00, real=0.14 secs] 
4260.736: [GC (Allocation Failure) [PSYoungGen: 410243K->145696K(504832K)] 1561450K->1398384K(1903104K), 0.0512944 secs] [Times: user=0.30 sys=0.01, real=0.06 secs] 
4260.788: [Full GC (Ergonomics) [PSYoungGen: 145696K->0K(504832K)] [ParOldGen: 1252688K->196826K(1398272K)] 1398384K->196826K(1903104K), [Metaspace: 60481K->60481K(1105920K)], 0.4829107 secs] [Times: user=2.25 sys=0.00, real=0.48 secs] 
4265.663: [GC (Allocation Failure) [PSYoungGen: 314880K->101920K(505856K)] 511706K->298746K(1904128K), 0.0948505 secs] [Times: user=0.56 sys=0.01, real=0.10 secs] 
4266.822: [GC (Allocation Failure) [PSYoungGen: 415831K->148960K(504320K)] 612658K->444290K(1902592K), 0.1294850 secs] [Times: user=0.77 sys=0.00, real=0.13 secs] 
4269.736: [GC (Allocation Failure) [PSYoungGen: 464352K->104384K(506880K)] 759682K->539846K(1905152K), 0.1455738 secs] [Times: user=0.86 sys=0.01, real=0.15 secs] 
4271.299: [GC (Allocation Failure) [PSYoungGen: 414457K->146048K(505856K)] 849919K->682566K(1904128K), 0.1122399 secs] [Times: user=0.67 sys=0.00, real=0.11 secs] 
4274.660: [GC (Allocation Failure) [PSYoungGen: 462976K->103424K(507392K)] 999494K->777454K(1905664K), 0.1653991 secs] [Times: user=0.99 sys=0.00, real=0.16 secs] 
4276.715: [GC (Allocation Failure) [PSYoungGen: 412392K->147552K(504832K)] 1086423K->920915K(1903104K), 0.0502987 secs] [Times: user=0.30 sys=0.00, real=0.05 secs] 
4278.784: [GC (Allocation Failure) [PSYoungGen: 464480K->104320K(507392K)] 1237843K->1016395K(1905664K), 0.1343803 secs] [Times: user=0.80 sys=0.00, real=0.14 secs] 
4279.999: [GC (Allocation Failure) [PSYoungGen: 405369K->146240K(506880K)] 1317444K->1158780K(1905152K), 0.0510410 secs] [Times: user=0.30 sys=0.00, real=0.05 secs] 
4282.409: [GC (Allocation Failure) [PSYoungGen: 465216K->104640K(508416K)] 1477756K->1255260K(1906688K), 0.1400103 secs] [Times: user=0.83 sys=0.00, real=0.14 secs] 
4283.541: [GC (Allocation Failure) [PSYoungGen: 408749K->145600K(506880K)] 1559370K->1397642K(1905152K), 0.1207563 secs] [Times: user=0.72 sys=0.00, real=0.12 secs] 
4283.662: [Full GC (Ergonomics) [PSYoungGen: 145600K->0K(506880K)] [ParOldGen: 1252042K->196778K(1398272K)] 1397642K->196778K(1905152K), [Metaspace: 60482K->60482K(1105920K)], 0.5276174 secs] [Times: user=2.51 sys=0.01, real=0.53 secs] 
4287.980: [GC (Allocation Failure) [PSYoungGen: 320000K->102080K(508416K)] 516778K->298858K(1906688K), 0.0876844 secs] [Times: user=0.51 sys=0.00, real=0.09 secs] 
4288.962: [GC (Allocation Failure) [PSYoungGen: 411319K->147936K(506368K)] 608098K->443655K(1904640K), 0.0644829 secs] [Times: user=0.38 sys=0.00, real=0.06 secs] 
4291.341: [GC (Allocation Failure) [PSYoungGen: 467936K->107296K(509440K)] 763655K->542543K(1907712K), 0.1550041 secs] [Times: user=0.92 sys=0.00, real=0.15 secs] 
4292.041: [GC (Allocation Failure) [PSYoungGen: 427296K->153152K(504320K)] 862543K->692528K(1902592K), 0.0674873 secs] [Times: user=0.39 sys=0.00, real=0.07 secs] 
4295.508: [GC (Allocation Failure) [PSYoungGen: 469865K->94272K(508416K)] 1009241K->786568K(1906688K), 0.1383637 secs] [Times: user=0.81 sys=0.00, real=0.13 secs] 
4296.195: [GC (Allocation Failure) [PSYoungGen: 412224K->153120K(500736K)] 1104520K->936061K(1899008K), 0.0551704 secs] [Times: user=0.32 sys=0.00, real=0.06 secs] 
4299.069: [GC (Allocation Failure) [PSYoungGen: 463904K->91936K(504832K)] 1246845K->1027477K(1903104K), 0.1517943 secs] [Times: user=0.90 sys=0.00, real=0.15 secs] 
4300.863: [GC (GCLocker Initiated GC) [PSYoungGen: 402720K->151104K(499200K)] 1338261K->1173510K(1897472K), 0.1431500 secs] [Times: user=0.85 sys=0.00, real=0.14 secs] 
4303.678: [GC (Allocation Failure) [PSYoungGen: 456768K->88160K(502272K)] 1483273K->1265901K(1900544K), 0.1548066 secs] [Times: user=0.92 sys=0.00, real=0.15 secs] 
4304.662: [GC (Allocation Failure) [PSYoungGen: 393824K->148832K(497664K)] 1571565K->1413646K(1895936K), 0.1193350 secs] [Times: user=0.70 sys=0.01, real=0.12 secs] 
4304.781: [Full GC (Ergonomics) [PSYoungGen: 148832K->0K(497664K)] [ParOldGen: 1264814K->207652K(1398272K)] 1413646K->207652K(1895936K), [Metaspace: 60482K->60482K(1105920K)], 0.5015232 secs] [Times: user=2.31 sys=0.00, real=0.50 secs] 
4308.683: [GC (Allocation Failure) [PSYoungGen: 301543K->88672K(500224K)] 509196K->296324K(1898496K), 0.1503733 secs] [Times: user=0.89 sys=0.00, real=0.15 secs] 
4309.839: [GC (Allocation Failure) [PSYoungGen: 387091K->143136K(499200K)] 594743K->435890K(1897472K), 0.0478860 secs] [Times: user=0.28 sys=0.00, real=0.05 secs] 
4313.092: [GC (Allocation Failure) [PSYoungGen: 445728K->96736K(399360K)] 738482K->523986K(1797632K), 0.1671744 secs] [Times: user=0.99 sys=0.00, real=0.17 secs] 
4314.075: [GC (Allocation Failure) [PSYoungGen: 399328K->146304K(497664K)] 826578K->666944K(1895936K), 0.0476789 secs] [Times: user=0.28 sys=0.00, real=0.05 secs] 
4317.435: [GC (GCLocker Initiated GC) [PSYoungGen: 448896K->97056K(499712K)] 969536K->755452K(1897984K), 0.1686135 secs] [Times: user=1.01 sys=0.00, real=0.17 secs] 
4319.313: [GC (Allocation Failure) [PSYoungGen: 399648K->140800K(500736K)] 1058096K->893525K(1899008K), 0.0488446 secs] [Times: user=0.29 sys=0.00, real=0.05 secs] 
4322.751: [GC (Allocation Failure) [PSYoungGen: 447488K->101376K(500736K)] 1200213K->986109K(1899008K), 0.0635419 secs] [Times: user=0.38 sys=0.00, real=0.06 secs] 
4324.944: [GC (Allocation Failure) [PSYoungGen: 408064K->141856K(501248K)] 1292797K->1125562K(1899520K), 0.0508846 secs] [Times: user=0.30 sys=0.00, real=0.05 secs] 
4327.360: [GC (Allocation Failure) [PSYoungGen: 452128K->106688K(501760K)] 1435834K->1223290K(1900032K), 0.0738302 secs] [Times: user=0.43 sys=0.01, real=0.07 secs] 
4329.028: [GC (Allocation Failure) [PSYoungGen: 416960K->143328K(502272K)] 1533562K->1363290K(1900544K), 0.0526171 secs] [Times: user=0.31 sys=0.00, real=0.05 secs] 
4329.081: [Full GC (Ergonomics) [PSYoungGen: 143328K->0K(502272K)] [ParOldGen: 1219962K->170052K(1398272K)] 1363290K->170052K(1900544K), [Metaspace: 60482K->60482K(1105920K)], 0.4059609 secs] [Times: user=1.88 sys=0.00, real=0.40 secs] 
4332.231: [GC (Allocation Failure) [PSYoungGen: 314880K->107040K(503808K)] 484932K->277092K(1902080K), 0.0468598 secs] [Times: user=0.28 sys=0.00, real=0.05 secs] 
4333.739: [GC (Allocation Failure) [PSYoungGen: 421920K->147584K(504832K)] 591972K->421998K(1903104K), 0.1353387 secs] [Times: user=0.81 sys=0.00, real=0.13 secs] 
4336.950: [GC (Allocation Failure) [PSYoungGen: 467072K->106496K(507904K)] 741486K->519910K(1906176K), 0.0768310 secs] [Times: user=0.45 sys=0.01, real=0.07 secs] 
4337.998: [GC (GCLocker Initiated GC) [PSYoungGen: 425984K->150304K(505344K)] 839399K->668512K(1903616K), 0.0787246 secs] [Times: user=0.47 sys=0.00, real=0.07 secs] 
4341.014: [GC (Allocation Failure) [PSYoungGen: 470304K->105728K(509440K)] 988513K->766081K(1907712K), 0.1588977 secs] [Times: user=0.95 sys=0.00, real=0.16 secs] 
4342.584: [GC (Allocation Failure) [PSYoungGen: 425728K->153824K(503296K)] 1086081K->918103K(1901568K), 0.0507946 secs] [Times: user=0.31 sys=0.00, real=0.05 secs] 
4345.449: [GC (Allocation Failure) [PSYoungGen: 470752K->103200K(507904K)] 1235031K->1013003K(1906176K), 0.1647478 secs] [Times: user=0.98 sys=0.00, real=0.16 secs] 
4347.433: [GC (Allocation Failure) [PSYoungGen: 420128K->149920K(503808K)] 1329931K->1159557K(1902080K), 0.1353241 secs] [Times: user=0.80 sys=0.00, real=0.14 secs] 
4350.065: [GC (Allocation Failure) [PSYoungGen: 464800K->101760K(506880K)] 1474437K->1252805K(1905152K), 0.1655036 secs] [Times: user=0.99 sys=0.00, real=0.17 secs] 
4351.651: [GC (Allocation Failure) [PSYoungGen: 416640K->149792K(503296K)] 1567685K->1399290K(1901568K), 0.1268631 secs] [Times: user=0.76 sys=0.00, real=0.13 secs] 
4351.778: [Full GC (Ergonomics) [PSYoungGen: 149792K->0K(503296K)] [ParOldGen: 1249498K->194474K(1398272K)] 1399290K->194474K(1901568K), [Metaspace: 60482K->60482K(1105920K)], 0.5251067 secs] [Times: user=2.51 sys=0.00, real=0.52 secs] 
4354.923: [GC (Allocation Failure) [PSYoungGen: 313856K->101056K(506368K)] 508330K->295530K(1904640K), 0.0706909 secs] [Times: user=0.42 sys=0.00, real=0.07 secs] 
4356.088: [GC (Allocation Failure) [PSYoungGen: 414912K->149088K(503296K)] 609386K->441159K(1901568K), 0.0500510 secs] [Times: user=0.29 sys=0.00, real=0.05 secs] 
4361.927: [GC (Allocation Failure) [PSYoungGen: 461920K->99040K(505856K)] 753991K->531415K(1904128K), 0.1700115 secs] [Times: user=1.01 sys=0.01, real=0.17 secs] 
4363.078: [GC (Allocation Failure) [PSYoungGen: 411872K->150080K(501760K)] 844247K->678721K(1900032K), 0.0497684 secs] [Times: user=0.29 sys=0.00, real=0.05 secs] 
4365.176: [GC (Allocation Failure) [PSYoungGen: 460864K->102976K(504832K)] 989505K->773089K(1903104K), 0.0762880 secs] [Times: user=0.45 sys=0.00, real=0.08 secs] 
4365.985: [GC (Allocation Failure) [PSYoungGen: 413760K->149440K(502272K)] 1083873K->919803K(1900544K), 0.0653602 secs] [Times: user=0.38 sys=0.01, real=0.07 secs] 
4368.150: [GC (Allocation Failure) [PSYoungGen: 460224K->100768K(504832K)] 1230587K->1012107K(1903104K), 0.1330724 secs] [Times: user=0.79 sys=0.00, real=0.13 secs] 
4369.051: [GC (GCLocker Initiated GC) [PSYoungGen: 411552K->149056K(502272K)] 1322892K->1158254K(1900544K), 0.0735998 secs] [Times: user=0.43 sys=0.00, real=0.07 secs] 
4371.857: [GC (Allocation Failure) [PSYoungGen: 459840K->102496K(504832K)] 1469040K->1252336K(1903104K), 0.1570814 secs] [Times: user=0.93 sys=0.00, real=0.15 secs] 
4373.151: [GC (GCLocker Initiated GC) [PSYoungGen: 413280K->147840K(502784K)] 1563120K->1397258K(1901056K), 0.0708189 secs] [Times: user=0.42 sys=0.00, real=0.07 secs] 
4373.222: [Full GC (Ergonomics) [PSYoungGen: 147840K->0K(502784K)] [ParOldGen: 1249418K->194822K(1398272K)] 1397258K->194822K(1901056K), [Metaspace: 60482K->60482K(1105920K)], 0.4649445 secs] [Times: user=2.14 sys=0.00, real=0.47 secs] 
4376.588: [GC (Allocation Failure) [PSYoungGen: 311296K->101472K(504832K)] 506121K->296297K(1903104K), 0.0924216 secs] [Times: user=0.55 sys=0.00, real=0.09 secs] 
4378.327: [GC (Allocation Failure) [PSYoungGen: 412768K->147136K(502784K)] 607593K->437782K(1901056K), 0.0490978 secs] [Times: user=0.29 sys=0.00, real=0.04 secs] 
4380.244: [GC (Allocation Failure) [PSYoungGen: 458944K->102912K(504832K)] 749590K->531706K(1903104K), 0.0923983 secs] [Times: user=0.55 sys=0.00, real=0.09 secs] 
4381.532: [GC (Allocation Failure) [PSYoungGen: 414720K->149472K(502784K)] 843514K->678004K(1901056K), 0.0516926 secs] [Times: user=0.31 sys=0.00, real=0.05 secs] 
4385.585: [GC (Allocation Failure) [PSYoungGen: 461792K->100992K(505344K)] 990324K->770412K(1903616K), 0.1464409 secs] [Times: user=0.78 sys=0.01, real=0.15 secs] 
4387.057: [GC (Allocation Failure) [PSYoungGen: 413312K->148928K(502784K)] 1082732K->915392K(1901056K), 0.0501716 secs] [Times: user=0.30 sys=0.00, real=0.06 secs] 
4388.525: [GC (Allocation Failure) [PSYoungGen: 460736K->106304K(418304K)] 1227200K->1012624K(1816576K), 0.1088358 secs] [Times: user=0.64 sys=0.00, real=0.11 secs] 
4389.840: [GC (Allocation Failure) [PSYoungGen: 418112K->147872K(502784K)] 1324432K->1157533K(1901056K), 0.0526727 secs] [Times: user=0.31 sys=0.00, real=0.05 secs] 
4392.819: [GC (Allocation Failure) [PSYoungGen: 460192K->102208K(504832K)] 1469853K->1251177K(1903104K), 0.1557784 secs] [Times: user=0.92 sys=0.00, real=0.15 secs] 
4394.714: [GC (Allocation Failure) [PSYoungGen: 414528K->149984K(502784K)] 1563497K->1397142K(1901056K), 0.0512630 secs] [Times: user=0.31 sys=0.00, real=0.05 secs] 
4394.766: [Full GC (Ergonomics) [PSYoungGen: 149984K->0K(502784K)] [ParOldGen: 1247158K->195782K(1398272K)] 1397142K->195782K(1901056K), [Metaspace: 60483K->60483K(1105920K)], 0.4631109 secs] [Times: user=2.14 sys=0.00, real=0.47 secs] 
4397.531: [GC (Allocation Failure) [PSYoungGen: 312832K->101280K(505856K)] 508614K->297062K(1904128K), 0.0902955 secs] [Times: user=0.53 sys=0.00, real=0.09 secs] 
4398.556: [GC (Allocation Failure) [PSYoungGen: 414112K->150592K(501248K)] 609894K->444263K(1899520K), 0.0495237 secs] [Times: user=0.29 sys=0.00, real=0.05 secs] 
4401.544: [GC (Allocation Failure) [PSYoungGen: 461376K->102528K(504832K)] 755047K->538315K(1903104K), 0.1666716 secs] [Times: user=0.99 sys=0.01, real=0.17 secs] 
4403.001: [GC (Allocation Failure) [PSYoungGen: 413312K->148000K(503296K)] 849099K->682552K(1901568K), 0.0498167 secs] [Times: user=0.30 sys=0.00, real=0.05 secs] 
4404.534: [GC (Allocation Failure) [PSYoungGen: 459808K->104000K(416256K)] 994360K->777900K(1814528K), 0.0837209 secs] [Times: user=0.50 sys=0.00, real=0.09 secs] 
4405.519: [GC (Allocation Failure) [PSYoungGen: 412379K->147168K(502272K)] 1086280K->921673K(1900544K), 0.0503801 secs] [Times: user=0.30 sys=0.00, real=0.05 secs] 
4407.881: [GC (Allocation Failure) [PSYoungGen: 458976K->103008K(504320K)] 1233481K->1015689K(1902592K), 0.1047224 secs] [Times: user=0.63 sys=0.00, real=0.10 secs] 
4409.216: [GC (Allocation Failure) [PSYoungGen: 409724K->147360K(503808K)] 1322406K->1159703K(1902080K), 0.1297847 secs] [Times: user=0.77 sys=0.01, real=0.13 secs] 
4412.599: [GC (Allocation Failure) [PSYoungGen: 461216K->100128K(505856K)] 1473559K->1251455K(1904128K), 0.1537087 secs] [Times: user=0.91 sys=0.01, real=0.15 secs] 
4413.629: [GC (Allocation Failure) [PSYoungGen: 413984K->149888K(502784K)] 1565311K->1398240K(1901056K), 0.0933902 secs] [Times: user=0.55 sys=0.00, real=0.09 secs] 
4413.722: [Full GC (Ergonomics) [PSYoungGen: 149888K->0K(502784K)] [ParOldGen: 1248352K->196839K(1398272K)] 1398240K->196839K(1901056K), [Metaspace: 60483K->60483K(1105920K)], 0.5055888 secs] [Times: user=2.38 sys=0.00, real=0.51 secs] 
4416.200: [GC (Allocation Failure) [PSYoungGen: 312832K->103584K(505856K)] 509671K->300423K(1904128K), 0.0806701 secs] [Times: user=0.46 sys=0.00, real=0.08 secs] 
4416.841: [GC (Allocation Failure) [PSYoungGen: 414553K->147168K(504832K)] 611392K->444063K(1903104K), 0.0491649 secs] [Times: user=0.29 sys=0.00, real=0.05 secs] 
4419.694: [GC (Allocation Failure) [PSYoungGen: 461536K->101664K(506368K)] 758431K->537135K(1904640K), 0.1660568 secs] [Times: user=0.99 sys=0.00, real=0.17 secs] 
4420.486: [GC (Allocation Failure) [PSYoungGen: 410631K->148704K(503808K)] 846103K->682721K(1902080K), 0.0494074 secs] [Times: user=0.29 sys=0.00, real=0.05 secs] 
4423.216: [GC (Allocation Failure) [PSYoungGen: 462560K->102016K(506368K)] 996577K->776189K(1904640K), 0.0994774 secs] [Times: user=0.59 sys=0.01, real=0.10 secs] 
4424.406: [GC (Allocation Failure) [PSYoungGen: 409146K->147808K(504320K)] 1083320K->921210K(1902592K), 0.0778103 secs] [Times: user=0.46 sys=0.00, real=0.08 secs] 
4427.765: [GC (Allocation Failure) [PSYoungGen: 462176K->100416K(506368K)] 1235578K->1013530K(1904640K), 0.1637034 secs] [Times: user=0.97 sys=0.00, real=0.17 secs] 
4429.371: [GC (Allocation Failure) [PSYoungGen: 413141K->150016K(502784K)] 1326256K->1159911K(1901056K), 0.0620775 secs] [Times: user=0.37 sys=0.00, real=0.06 secs] 
4432.239: [GC (Allocation Failure) [PSYoungGen: 462848K->99808K(505856K)] 1472743K->1251551K(1904128K), 0.1456422 secs] [Times: user=0.86 sys=0.00, real=0.14 secs] 
4433.991: [GC (Allocation Failure) [PSYoungGen: 412640K->149728K(501760K)] 1564383K->1397500K(1900032K), 0.1079379 secs] [Times: user=0.64 sys=0.00, real=0.11 secs] 
4434.099: [Full GC (Ergonomics) [PSYoungGen: 149728K->0K(501760K)] [ParOldGen: 1247772K->195119K(1398272K)] 1397500K->195119K(1900032K), [Metaspace: 60485K->60485K(1105920K)], 0.5046086 secs] [Times: user=2.39 sys=0.00, real=0.50 secs] 
4437.997: [GC (Allocation Failure) [PSYoungGen: 310784K->98048K(504832K)] 505903K->293167K(1903104K), 0.0882920 secs] [Times: user=0.53 sys=0.00, real=0.08 secs] 
4439.639: [GC (Allocation Failure) [PSYoungGen: 408832K->149664K(500736K)] 603951K->440116K(1899008K), 0.0831400 secs] [Times: user=0.49 sys=0.01, real=0.08 secs] 
4442.841: [GC (Allocation Failure) [PSYoungGen: 458400K->97920K(503808K)] 748852K->529548K(1902080K), 0.1664362 secs] [Times: user=0.99 sys=0.01, real=0.17 secs] 
4445.017: [GC (Allocation Failure) [PSYoungGen: 406656K->149920K(500736K)] 838284K->675409K(1899008K), 0.0492190 secs] [Times: user=0.29 sys=0.00, real=0.04 secs] 
4448.521: [GC (Allocation Failure) [PSYoungGen: 457632K->98880K(503296K)] 983121K->765441K(1901568K), 0.1652431 secs] [Times: user=0.98 sys=0.00, real=0.16 secs] 
4450.147: [GC (Allocation Failure) [PSYoungGen: 406592K->147392K(501248K)] 1073153K->909379K(1899520K), 0.0498997 secs] [Times: user=0.30 sys=0.00, real=0.04 secs] 
4452.373: [GC (Allocation Failure) [PSYoungGen: 455104K->102816K(410624K)] 1217091K->1003659K(1808896K), 0.0905847 secs] [Times: user=0.54 sys=0.00, real=0.09 secs] 
4453.700: [GC (Allocation Failure) [PSYoungGen: 410528K->145824K(501248K)] 1311371K->1146681K(1899520K), 0.1302649 secs] [Times: user=0.78 sys=0.00, real=0.13 secs] 
4456.027: [GC (Allocation Failure) [PSYoungGen: 454560K->103040K(502272K)] 1455417K->1241209K(1900544K), 0.1316912 secs] [Times: user=0.78 sys=0.00, real=0.14 secs] 
4456.877: [GC (Allocation Failure) [PSYoungGen: 411776K->146304K(502272K)] 1549945K->1385607K(1900544K), 0.0740647 secs] [Times: user=0.44 sys=0.01, real=0.07 secs] 
4456.951: [Full GC (Ergonomics) [PSYoungGen: 146304K->0K(502272K)] [ParOldGen: 1239303K->183931K(1398272K)] 1385607K->183931K(1900544K), [Metaspace: 60508K->60508K(1105920K)], 0.4483650 secs] [Times: user=2.03 sys=0.00, real=0.45 secs] 
4460.719: [GC (Allocation Failure) [PSYoungGen: 311296K->103008K(503808K)] 495227K->286939K(1902080K), 0.0698328 secs] [Times: user=0.41 sys=0.00, real=0.07 secs] 
4462.599: [GC (Allocation Failure) [PSYoungGen: 414304K->144416K(504320K)] 598235K->429590K(1902592K), 0.0550925 secs] [Times: user=0.32 sys=0.00, real=0.05 secs] 
4465.673: [GC (Allocation Failure) [PSYoungGen: 458784K->104608K(505344K)] 743958K->525542K(1903616K), 0.1684213 secs] [Times: user=1.00 sys=0.01, real=0.17 secs] 
4467.602: [GC (Allocation Failure) [PSYoungGen: 418976K->147392K(503296K)] 839910K->669763K(1901568K), 0.0520767 secs] [Times: user=0.31 sys=0.00, real=0.05 secs] 
4469.172: [GC (Allocation Failure) [PSYoungGen: 462784K->107616K(505856K)] 985155K->768131K(1904128K), 0.1073190 secs] [Times: user=0.64 sys=0.01, real=0.11 secs] 
4470.380: [GC (Allocation Failure) [PSYoungGen: 423008K->150656K(503808K)] 1083523K->915096K(1902080K), 0.0526939 secs] [Times: user=0.31 sys=0.00, real=0.05 secs] 
4473.011: [GC (Allocation Failure) [PSYoungGen: 467584K->105664K(507392K)] 1232024K->1011208K(1905664K), 0.1379820 secs] [Times: user=0.82 sys=0.00, real=0.14 secs] 
4473.889: [GC (Allocation Failure) [PSYoungGen: 422592K->151552K(503808K)] 1328136K->1159913K(1902080K), 0.0525813 secs] [Times: user=0.31 sys=0.00, real=0.05 secs] 
4477.180: [GC (Allocation Failure) [PSYoungGen: 467456K->100736K(507392K)] 1475817K->1252145K(1905664K), 0.1566418 secs] [Times: user=0.93 sys=0.00, real=0.15 secs] 
4478.596: [GC (Allocation Failure) [PSYoungGen: 416640K->151328K(502272K)] 1568049K->1399562K(1900544K), 0.0511543 secs] [Times: user=0.30 sys=0.00, real=0.06 secs] 
4478.647: [Full GC (Ergonomics) [PSYoungGen: 151328K->0K(502272K)] [ParOldGen: 1248234K->197025K(1398272K)] 1399562K->197025K(1900544K), [Metaspace: 60508K->60508K(1105920K)], 0.4782807 secs] [Times: user=2.22 sys=0.00, real=0.47 secs] 
4481.834: [GC (Allocation Failure) [PSYoungGen: 312832K->104000K(505856K)] 509857K->301026K(1904128K), 0.0683782 secs] [Times: user=0.40 sys=0.01, real=0.07 secs] 
4482.565: [GC (Allocation Failure) [PSYoungGen: 403323K->145600K(505856K)] 600349K->443530K(1904128K), 0.0582512 secs] [Times: user=0.34 sys=0.00, real=0.06 secs] 
4485.809: [GC (Allocation Failure) [PSYoungGen: 460992K->100352K(416256K)] 758922K->535786K(1814528K), 0.1719987 secs] [Times: user=1.03 sys=0.01, real=0.17 secs] 
4486.628: [GC (Allocation Failure) [PSYoungGen: 413621K->150144K(503296K)] 849056K->682800K(1901568K), 0.0495696 secs] [Times: user=0.30 sys=0.00, real=0.05 secs] 
4489.744: [GC (Allocation Failure) [PSYoungGen: 464000K->102048K(506368K)] 996656K->776272K(1904640K), 0.1521932 secs] [Times: user=0.91 sys=0.00, real=0.15 secs] 
4490.803: [GC (Allocation Failure) [PSYoungGen: 415904K->148320K(504320K)] 1090128K->921297K(1902592K), 0.0811716 secs] [Times: user=0.48 sys=0.00, real=0.08 secs] 
4494.015: [GC (Allocation Failure) [PSYoungGen: 462176K->103936K(418304K)] 1235153K->1016489K(1816576K), 0.1568510 secs] [Times: user=0.93 sys=0.00, real=0.16 secs] 
4495.017: [GC (Allocation Failure) [PSYoungGen: 406662K->146752K(504320K)] 1319216K->1160283K(1902592K), 0.0739541 secs] [Times: user=0.44 sys=0.00, real=0.08 secs] 
4497.376: [GC (Allocation Failure) [PSYoungGen: 461120K->101184K(505856K)] 1474651K->1253355K(1904128K), 0.1387025 secs] [Times: user=0.82 sys=0.00, real=0.14 secs] 
4499.287: [GC (Allocation Failure) [PSYoungGen: 415552K->146816K(504832K)] 1567723K->1396937K(1903104K), 0.1176729 secs] [Times: user=0.69 sys=0.00, real=0.12 secs] 
4499.404: [Full GC (Ergonomics) [PSYoungGen: 146816K->0K(504832K)] [ParOldGen: 1250121K->194696K(1398272K)] 1396937K->194696K(1903104K), [Metaspace: 60516K->60516K(1105920K)], 0.5194887 secs] [Times: user=2.46 sys=0.01, real=0.52 secs] 
4502.558: [GC (Allocation Failure) [PSYoungGen: 315392K->103104K(506880K)] 510088K->297800K(1905152K), 0.0807313 secs] [Times: user=0.48 sys=0.00, real=0.08 secs] 
4503.374: [GC (Allocation Failure) [PSYoungGen: 409555K->148352K(504320K)] 604252K->443301K(1902592K), 0.0720844 secs] [Times: user=0.43 sys=0.00, real=0.07 secs] 
4506.130: [GC (Allocation Failure) [PSYoungGen: 463744K->100736K(506880K)] 758693K->535949K(1905152K), 0.1604736 secs] [Times: user=0.96 sys=0.00, real=0.16 secs] 
4507.307: [GC (Allocation Failure) [PSYoungGen: 416128K->149600K(503296K)] 851341K->682122K(1901568K), 0.0498243 secs] [Times: user=0.30 sys=0.00, real=0.05 secs] 
4509.639: [GC (Allocation Failure) [PSYoungGen: 463456K->101472K(506368K)] 995978K->775314K(1904640K), 0.1112649 secs] [Times: user=0.66 sys=0.00, real=0.11 secs] 
4510.632: [GC (Allocation Failure) [PSYoungGen: 410898K->148800K(503808K)] 1084741K->920859K(1902080K), 0.0849837 secs] [Times: user=0.50 sys=0.00, real=0.09 secs] 
4513.828: [GC (Allocation Failure) [PSYoungGen: 462656K->102016K(506368K)] 1234715K->1014483K(1904640K), 0.1635680 secs] [Times: user=0.97 sys=0.00, real=0.16 secs] 
4515.099: [GC (Allocation Failure) [PSYoungGen: 413574K->149440K(502784K)] 1326041K->1159916K(1901056K), 0.0509145 secs] [Times: user=0.30 sys=0.00, real=0.05 secs] 
4519.927: [GC (Allocation Failure) [PSYoungGen: 462272K->100800K(505856K)] 1472748K->1251772K(1904128K), 0.1627372 secs] [Times: user=0.96 sys=0.01, real=0.16 secs] 
4521.791: [GC (Allocation Failure) [PSYoungGen: 413632K->148480K(503808K)] 1564604K->1396173K(1902080K), 0.0501240 secs] [Times: user=0.30 sys=0.00, real=0.05 secs] 
4521.841: [Full GC (Ergonomics) [PSYoungGen: 148480K->0K(503808K)] [ParOldGen: 1247693K->195005K(1398272K)] 1396173K->195005K(1902080K), [Metaspace: 60516K->60516K(1105920K)], 0.4831461 secs] [Times: user=2.25 sys=0.00, real=0.48 secs] 
4524.455: [GC (GCLocker Initiated GC) [PSYoungGen: 312832K->102112K(415232K)] 507837K->297117K(1813504K), 0.0897822 secs] [Times: user=0.53 sys=0.00, real=0.09 secs] 
4526.336: [GC (Allocation Failure) [PSYoungGen: 414944K->149088K(502272K)] 609952K->442209K(1900544K), 0.0494325 secs] [Times: user=0.29 sys=0.00, real=0.05 secs] 
4528.023: [GC (Allocation Failure) [PSYoungGen: 460896K->106336K(418304K)] 754017K->539737K(1816576K), 0.1639309 secs] [Times: user=0.97 sys=0.00, real=0.17 secs] 
4529.458: [GC (Allocation Failure) [PSYoungGen: 415970K->145632K(503296K)] 849372K->682259K(1901568K), 0.0509930 secs] [Times: user=0.30 sys=0.00, real=0.05 secs] 
4531.377: [GC (Allocation Failure) [PSYoungGen: 458976K->104736K(504832K)] 995603K->778491K(1903104K), 0.1367294 secs] [Times: user=0.81 sys=0.00, real=0.13 secs] 
4532.288: [GC (Allocation Failure) [PSYoungGen: 408979K->145728K(504320K)] 1082734K->920332K(1902592K), 0.0510034 secs] [Times: user=0.31 sys=0.00, real=0.05 secs] 
4534.675: [GC (Allocation Failure) [PSYoungGen: 461632K->103456K(505856K)] 1236236K->1015132K(1904128K), 0.1699614 secs] [Times: user=1.01 sys=0.00, real=0.17 secs] 
4536.324: [GC (Allocation Failure) [PSYoungGen: 409049K->146880K(506368K)] 1320725K->1158949K(1904640K), 0.1309651 secs] [Times: user=0.78 sys=0.00, real=0.13 secs] 
4539.178: [GC (Allocation Failure) [PSYoungGen: 465344K->101152K(508416K)] 1477413K->1251662K(1906688K), 0.1493774 secs] [Times: user=0.84 sys=0.00, real=0.15 secs] 
4540.187: [GC (Allocation Failure) [PSYoungGen: 415967K->148768K(505856K)] 1566477K->1397766K(1904128K), 0.0643042 secs] [Times: user=0.37 sys=0.00, real=0.07 secs] 
4540.251: [Full GC (Ergonomics) [PSYoungGen: 148768K->0K(505856K)] [ParOldGen: 1248998K->196869K(1398272K)] 1397766K->196869K(1904128K), [Metaspace: 60516K->60516K(1105920K)], 0.4674508 secs] [Times: user=2.15 sys=0.00, real=0.47 secs] 
4543.099: [GC (Allocation Failure) [PSYoungGen: 317952K->106336K(424448K)] 514821K->303205K(1822720K), 0.0963604 secs] [Times: user=0.56 sys=0.00, real=0.09 secs] 
4544.455: [GC (Allocation Failure) [PSYoungGen: 413739K->145184K(506368K)] 610608K->443358K(1904640K), 0.1316685 secs] [Times: user=0.78 sys=0.00, real=0.13 secs] 
4547.462: [GC (Allocation Failure) [PSYoungGen: 464160K->105824K(507904K)] 762334K->541094K(1906176K), 0.1421698 secs] [Times: user=0.84 sys=0.00, real=0.14 secs] 
4548.183: [GC (Allocation Failure) [PSYoungGen: 424800K->155264K(502272K)] 860070K->692583K(1900544K), 0.0517117 secs] [Times: user=0.30 sys=0.00, real=0.05 secs] 
4550.693: [GC (Allocation Failure) [PSYoungGen: 471168K->93312K(507392K)] 1008487K->785567K(1905664K), 0.1590381 secs] [Times: user=0.94 sys=0.01, real=0.16 secs] 
4551.693: [GC (Allocation Failure) [PSYoungGen: 409216K->153728K(499712K)] 1101471K->935136K(1897984K), 0.0549176 secs] [Times: user=0.32 sys=0.00, real=0.06 secs] 
4555.116: [GC (Allocation Failure) [PSYoungGen: 462464K->88608K(503808K)] 1243872K->1023568K(1902080K), 0.1687237 secs] [Times: user=1.00 sys=0.00, real=0.17 secs] 
4556.097: [GC (Allocation Failure) [PSYoungGen: 397344K->148736K(499712K)] 1332304K->1168414K(1897984K), 0.0525244 secs] [Times: user=0.31 sys=0.00, real=0.05 secs] 
4558.389: [GC (Allocation Failure) [PSYoungGen: 453376K->92576K(501760K)] 1473054K->1260522K(1900032K), 0.0850629 secs] [Times: user=0.50 sys=0.00, real=0.08 secs] 
4559.150: [GC (Allocation Failure) [PSYoungGen: 386565K->141696K(501248K)] 1554512K->1398211K(1899520K), 0.0515235 secs] [Times: user=0.30 sys=0.00, real=0.05 secs] 
4559.201: [Full GC (Ergonomics) [PSYoungGen: 141696K->0K(501248K)] [ParOldGen: 1256515K->196814K(1398272K)] 1398211K->196814K(1899520K), [Metaspace: 60517K->60517K(1105920K)], 0.4805307 secs] [Times: user=2.24 sys=0.00, real=0.48 secs] 
4561.781: [GC (Allocation Failure) [PSYoungGen: 306176K->98944K(405504K)] 502990K->295758K(1803776K), 0.0719956 secs] [Times: user=0.42 sys=0.00, real=0.07 secs] 
4562.849: [GC (Allocation Failure) [PSYoungGen: 405120K->148832K(498688K)] 601934K->441616K(1896960K), 0.0702036 secs] [Times: user=0.42 sys=0.00, real=0.07 secs] 
4565.673: [GC (Allocation Failure) [PSYoungGen: 454496K->96512K(501248K)] 747280K->529904K(1899520K), 0.1028981 secs] [Times: user=0.62 sys=0.00, real=0.10 secs] 
4567.259: [GC (Allocation Failure) [PSYoungGen: 402176K->148448K(500224K)] 835568K->675594K(1898496K), 0.1172587 secs] [Times: user=0.69 sys=0.00, real=0.11 secs] 
4570.041: [GC (Allocation Failure) [PSYoungGen: 455136K->99584K(406528K)] 982282K->767058K(1804800K), 0.1481851 secs] [Times: user=0.80 sys=0.00, real=0.15 secs] 
4571.819: [GC (Allocation Failure) [PSYoungGen: 406272K->145440K(500224K)] 1073746K->909687K(1898496K), 0.0498525 secs] [Times: user=0.29 sys=0.00, real=0.05 secs] 
4574.615: [GC (Allocation Failure) [PSYoungGen: 452640K->99488K(502272K)] 1216887K->1001015K(1900544K), 0.1661547 secs] [Times: user=1.00 sys=0.00, real=0.17 secs] 
4575.628: [GC (Allocation Failure) [PSYoungGen: 406688K->146784K(500736K)] 1308215K->1145029K(1899008K), 0.0712047 secs] [Times: user=0.43 sys=0.00, real=0.07 secs] 
4577.957: [GC (Allocation Failure) [PSYoungGen: 455520K->100608K(502784K)] 1453765K->1237437K(1901056K), 0.1469940 secs] [Times: user=0.88 sys=0.00, real=0.14 secs] 
4580.539: [GC (Allocation Failure) [PSYoungGen: 409344K->160672K(493056K)] 1546173K->1395354K(1891328K), 0.0536332 secs] [Times: user=0.28 sys=0.01, real=0.05 secs] 
4580.593: [Full GC (Ergonomics) [PSYoungGen: 160672K->0K(493056K)] [ParOldGen: 1234682K->176365K(1398272K)] 1395354K->176365K(1891328K), [Metaspace: 60517K->60517K(1105920K)], 0.4193903 secs] [Times: user=1.91 sys=0.00, real=0.42 secs] 
4582.148: [GC (Allocation Failure) [PSYoungGen: 301568K->102624K(500224K)] 477933K->278989K(1898496K), 0.0446082 secs] [Times: user=0.26 sys=0.00, real=0.04 secs] 
4584.740: [GC (Allocation Failure) [PSYoungGen: 404192K->138048K(493056K)] 580557K->412378K(1891328K), 0.0510165 secs] [Times: user=0.30 sys=0.00, real=0.05 secs] 
4588.915: [GC (Allocation Failure) [PSYoungGen: 442688K->103232K(498176K)] 717018K->506390K(1896448K), 0.0630334 secs] [Times: user=0.38 sys=0.00, real=0.07 secs] 
4590.832: [GC (Allocation Failure) [PSYoungGen: 407872K->136800K(500224K)] 811030K->642316K(1898496K), 0.0536841 secs] [Times: user=0.30 sys=0.00, real=0.05 secs] 
4593.074: [GC (Allocation Failure) [PSYoungGen: 451680K->111936K(503808K)] 957196K->745036K(1902080K), 0.0654129 secs] [Times: user=0.39 sys=0.00, real=0.07 secs] 
4593.865: [GC (GCLocker Initiated GC) [PSYoungGen: 426816K->144640K(506880K)] 1059916K->889149K(1905152K), 0.0774009 secs] [Times: user=0.46 sys=0.00, real=0.08 secs] 
4597.464: [GC (Allocation Failure) [PSYoungGen: 467200K->107680K(508928K)] 1211744K->988648K(1907200K), 0.0659806 secs] [Times: user=0.39 sys=0.01, real=0.07 secs] 
4598.196: [GC (Allocation Failure) [PSYoungGen: 430240K->150752K(507392K)] 1311208K->1138150K(1905664K), 0.0546948 secs] [Times: user=0.32 sys=0.00, real=0.06 secs] 
4600.333: [GC (Allocation Failure) [PSYoungGen: 474848K->109760K(511488K)] 1462246K->1238998K(1909760K), 0.0680733 secs] [Times: user=0.41 sys=0.00, real=0.07 secs] 
4602.133: [GC (Allocation Failure) [PSYoungGen: 433856K->152896K(505344K)] 1563094K->1389663K(1903616K), 0.1413232 secs] [Times: user=0.84 sys=0.00, real=0.14 secs] 
4602.275: [Full GC (Ergonomics) [PSYoungGen: 152896K->0K(505344K)] [ParOldGen: 1236767K->185771K(1398272K)] 1389663K->185771K(1903616K), [Metaspace: 60517K->60517K(1105920K)], 0.4980047 secs] [Times: user=2.38 sys=0.00, real=0.50 secs] 
4606.837: [GC (Allocation Failure) [PSYoungGen: 321024K->102816K(509952K)] 506795K->288587K(1908224K), 0.0594345 secs] [Times: user=0.35 sys=0.01, real=0.05 secs] 
4607.908: [GC (Allocation Failure) [PSYoungGen: 423840K->156608K(500736K)] 609611K->441972K(1899008K), 0.0962911 secs] [Times: user=0.57 sys=0.00, real=0.09 secs] 
4611.386: [GC (Allocation Failure) [PSYoungGen: 470464K->101792K(506368K)] 755828K->535664K(1904640K), 0.1247720 secs] [Times: user=0.74 sys=0.01, real=0.13 secs] 
4613.394: [GC (Allocation Failure) [PSYoungGen: 415648K->155744K(499200K)] 849520K->687253K(1897472K), 0.0505488 secs] [Times: user=0.30 sys=0.00, real=0.05 secs] 
4615.001: [GC (Allocation Failure) [PSYoungGen: 464480K->102912K(503808K)] 995989K->772957K(1902080K), 0.1537895 secs] [Times: user=0.90 sys=0.01, real=0.15 secs] 
4616.220: [GC (Allocation Failure) [PSYoungGen: 411648K->148832K(502784K)] 1081693K->918302K(1901056K), 0.0516998 secs] [Times: user=0.30 sys=0.00, real=0.05 secs] 
4618.663: [GC (Allocation Failure) [PSYoungGen: 458592K->100608K(410624K)] 1228062K->1010222K(1808896K), 0.1562040 secs] [Times: user=0.93 sys=0.00, real=0.16 secs] 
4619.778: [GC (Allocation Failure) [PSYoungGen: 410368K->150848K(500224K)] 1319982K->1158184K(1898496K), 0.0540846 secs] [Times: user=0.32 sys=0.00, real=0.05 secs] 
4623.198: [GC (Allocation Failure) [PSYoungGen: 458560K->95712K(503296K)] 1465896K->1245816K(1901568K), 0.1686368 secs] [Times: user=1.00 sys=0.00, real=0.17 secs] 
4624.522: [GC (Allocation Failure) [PSYoungGen: 403424K->149312K(499712K)] 1553528K->1391605K(1897984K), 0.0512270 secs] [Times: user=0.31 sys=0.00, real=0.05 secs] 
4624.573: [Full GC (Ergonomics) [PSYoungGen: 149312K->0K(499712K)] [ParOldGen: 1242293K->190803K(1398272K)] 1391605K->190803K(1897984K), [Metaspace: 60518K->60518K(1105920K)], 0.4519425 secs] [Times: user=2.09 sys=0.00, real=0.45 secs] 
4627.009: [GC (Allocation Failure) [PSYoungGen: 305664K->98048K(502272K)] 496467K->288851K(1900544K), 0.0992273 secs] [Times: user=0.59 sys=0.00, real=0.10 secs] 
4629.393: [GC (Allocation Failure) [PSYoungGen: 403699K->145312K(502272K)] 594502K->430328K(1900544K), 0.0484589 secs] [Times: user=0.28 sys=0.01, real=0.05 secs] 
4631.852: [GC (Allocation Failure) [PSYoungGen: 453024K->101696K(409600K)] 738040K->523520K(1807872K), 0.1281337 secs] [Times: user=0.74 sys=0.00, real=0.13 secs] 
4633.095: [GC (Allocation Failure) [PSYoungGen: 409408K->146880K(500224K)] 831232K->668669K(1898496K), 0.0534441 secs] [Times: user=0.32 sys=0.00, real=0.06 secs] 
4635.944: [GC (Allocation Failure) [PSYoungGen: 454592K->99040K(501760K)] 976381K->759685K(1900032K), 0.0957948 secs] [Times: user=0.57 sys=0.00, real=0.10 secs] 
4638.236: [GC (Allocation Failure) [PSYoungGen: 406752K->142880K(503808K)] 1067397K->900186K(1902080K), 0.0500281 secs] [Times: user=0.30 sys=0.00, real=0.05 secs] 
4640.546: [GC (Allocation Failure) [PSYoungGen: 454688K->103808K(415744K)] 1211994K->995058K(1814016K), 0.1011954 secs] [Times: user=0.60 sys=0.00, real=0.11 secs] 
4642.854: [GC (Allocation Failure) [PSYoungGen: 415616K->144512K(502784K)] 1306866K->1137411K(1901056K), 0.0532748 secs] [Times: user=0.31 sys=0.00, real=0.06 secs] 
4644.715: [GC (Allocation Failure) [PSYoungGen: 457856K->107104K(503808K)] 1450755K->1235783K(1902080K), 0.0646035 secs] [Times: user=0.38 sys=0.00, real=0.07 secs] 
4647.342: [GC (Allocation Failure) [PSYoungGen: 420448K->144352K(505344K)] 1549127K->1377699K(1903616K), 0.0533399 secs] [Times: user=0.32 sys=0.00, real=0.05 secs] 
4647.396: [Full GC (Ergonomics) [PSYoungGen: 144352K->0K(505344K)] [ParOldGen: 1233347K->176300K(1398272K)] 1377699K->176300K(1903616K), [Metaspace: 60518K->60518K(1105920K)], 0.4243390 secs] [Times: user=1.97 sys=0.00, real=0.43 secs] 
4649.601: [GC (Allocation Failure) [PSYoungGen: 317952K->109472K(506368K)] 494252K->285772K(1904640K), 0.0511058 secs] [Times: user=0.30 sys=0.00, real=0.05 secs] 
4651.241: [GC (Allocation Failure) [PSYoungGen: 427424K->149088K(505344K)] 603724K->432057K(1903616K), 0.0535592 secs] [Times: user=0.31 sys=0.00, real=0.05 secs] 
4655.111: [GC (Allocation Failure) [PSYoungGen: 469088K->106848K(508416K)] 752057K->529621K(1906688K), 0.1730740 secs] [Times: user=1.03 sys=0.00, real=0.17 secs] 
4657.066: [GC (Allocation Failure) [PSYoungGen: 426848K->152032K(505344K)] 849621K->678490K(1903616K), 0.0528014 secs] [Times: user=0.31 sys=0.00, real=0.06 secs] 
4659.761: [GC (Allocation Failure) [PSYoungGen: 472032K->105408K(509440K)] 998490K->775178K(1907712K), 0.1271055 secs] [Times: user=0.75 sys=0.01, real=0.13 secs] 
4661.579: [GC (Allocation Failure) [PSYoungGen: 425408K->151296K(504832K)] 1095178K->922550K(1903104K), 0.0519358 secs] [Times: user=0.31 sys=0.00, real=0.05 secs] 
4665.561: [GC (Allocation Failure) [PSYoungGen: 469248K->102336K(508416K)] 1240502K->1015711K(1906688K), 0.1540942 secs] [Times: user=0.92 sys=0.00, real=0.15 secs] 
4666.778: [GC (Allocation Failure) [PSYoungGen: 412399K->148190K(505856K)] 1325774K->1160030K(1904128K), 0.0503006 secs] [Times: user=0.29 sys=0.00, real=0.05 secs] 
4671.335: [GC (Allocation Failure) [PSYoungGen: 465118K->97856K(507904K)] 1476958K->1249631K(1906176K), 0.1671666 secs] [Times: user=1.00 sys=0.00, real=0.17 secs] 
4673.708: [GC (Allocation Failure) [PSYoungGen: 414784K->151584K(502272K)] 1566559K->1397108K(1900544K), 0.0498735 secs] [Times: user=0.30 sys=0.00, real=0.05 secs] 
4673.758: [Full GC (Ergonomics) [PSYoungGen: 151584K->0K(502272K)] [ParOldGen: 1245524K->195079K(1398272K)] 1397108K->195079K(1900544K), [Metaspace: 60518K->60518K(1105920K)], 0.4673496 secs] [Times: user=2.17 sys=0.00, real=0.46 secs] 
4676.474: [GC (Allocation Failure) [PSYoungGen: 312832K->100576K(505856K)] 507911K->295655K(1904128K), 0.0975464 secs] [Times: user=0.58 sys=0.00, real=0.10 secs] 
4678.369: [GC (Allocation Failure) [PSYoungGen: 413408K->151008K(501760K)] 608487K->443128K(1900032K), 0.0494647 secs] [Times: user=0.30 sys=0.00, real=0.05 secs] 
4680.821: [GC (Allocation Failure) [PSYoungGen: 461792K->99104K(504832K)] 753912K->533960K(1903104K), 0.1639765 secs] [Times: user=0.97 sys=0.00, real=0.16 secs] 
4682.329: [GC (Allocation Failure) [PSYoungGen: 409888K->151328K(500224K)] 844744K->681950K(1898496K), 0.0497021 secs] [Times: user=0.29 sys=0.00, real=0.05 secs] 
4685.298: [GC (Allocation Failure) [PSYoungGen: 459040K->97632K(503296K)] 989662K->771358K(1901568K), 0.1001926 secs] [Times: user=0.59 sys=0.00, real=0.10 secs] 
4686.376: [GC (Allocation Failure) [PSYoungGen: 405344K->147520K(501248K)] 1079070K->915304K(1899520K), 0.0491285 secs] [Times: user=0.29 sys=0.00, real=0.05 secs] 
4688.250: [GC (Allocation Failure) [PSYoungGen: 455232K->102016K(410112K)] 1223016K->1008048K(1808384K), 0.1287971 secs] [Times: user=0.76 sys=0.00, real=0.13 secs] 
4689.518: [GC (Allocation Failure) [PSYoungGen: 409728K->146208K(500736K)] 1315760K->1151378K(1899008K), 0.0774815 secs] [Times: user=0.46 sys=0.00, real=0.07 secs] 
4692.797: [GC (Allocation Failure) [PSYoungGen: 453591K->100224K(502272K)] 1458762K->1243106K(1900544K), 0.0691041 secs] [Times: user=0.41 sys=0.01, real=0.06 secs] 
4694.393: [GC (Allocation Failure) [PSYoungGen: 408448K->151584K(500736K)] 1551330K->1392432K(1899008K), 0.0507166 secs] [Times: user=0.30 sys=0.00, real=0.05 secs] 
4694.444: [Full GC (Ergonomics) [PSYoungGen: 151584K->0K(500736K)] [ParOldGen: 1240848K->180416K(1398272K)] 1392432K->180416K(1899008K), [Metaspace: 60520K->60520K(1105920K)], 0.4335740 secs] [Times: user=2.01 sys=0.00, real=0.44 secs] 
4696.026: [GC (Allocation Failure) [PSYoungGen: 308736K->103456K(503808K)] 489152K->283872K(1902080K), 0.0475214 secs] [Times: user=0.27 sys=0.01, real=0.05 secs] 
4698.081: [GC (Allocation Failure) [PSYoungGen: 412192K->144768K(503808K)] 592608K->426502K(1902080K), 0.0680460 secs] [Times: user=0.40 sys=0.00, real=0.07 secs] 
4700.046: [GC (Allocation Failure) [PSYoungGen: 456064K->104256K(415744K)] 737798K->522426K(1814016K), 0.0780863 secs] [Times: user=0.46 sys=0.01, real=0.08 secs] 
4700.957: [GC (Allocation Failure) [PSYoungGen: 415552K->147072K(502272K)] 833722K->667618K(1900544K), 0.0520729 secs] [Times: user=0.30 sys=0.01, real=0.06 secs] 
4704.120: [GC (Allocation Failure) [PSYoungGen: 458880K->100736K(503808K)] 979426K->759866K(1902080K), 0.0808770 secs] [Times: user=0.48 sys=0.00, real=0.08 secs] 
4705.310: [GC (Allocation Failure) [PSYoungGen: 412544K->146240K(504832K)] 1071674K->904319K(1903104K), 0.1024669 secs] [Times: user=0.60 sys=0.00, real=0.10 secs] 
4709.361: [GC (Allocation Failure) [PSYoungGen: 461120K->102176K(506368K)] 1219199K->998111K(1904640K), 0.0737040 secs] [Times: user=0.44 sys=0.00, real=0.07 secs] 
4711.340: [GC (Allocation Failure) [PSYoungGen: 417056K->154272K(500224K)] 1312991K->1150205K(1898496K), 0.0535562 secs] [Times: user=0.31 sys=0.01, real=0.05 secs] 
4713.070: [GC (Allocation Failure) [PSYoungGen: 465056K->105088K(504832K)] 1460989K->1238077K(1903104K), 0.0659695 secs] [Times: user=0.39 sys=0.01, real=0.06 secs] 
4714.323: [GC (GCLocker Initiated GC) [PSYoungGen: 415872K->145344K(504832K)] 1548861K->1381730K(1903104K), 0.0869538 secs] [Times: user=0.51 sys=0.01, real=0.09 secs] 
4714.410: [Full GC (Ergonomics) [PSYoungGen: 145344K->0K(504832K)] [ParOldGen: 1236386K->178298K(1398272K)] 1381730K->178298K(1903104K), [Metaspace: 60520K->60520K(1105920K)], 0.4468960 secs] [Times: user=2.09 sys=0.00, real=0.44 secs] 
4718.323: [GC (Allocation Failure) [PSYoungGen: 313856K->101344K(505856K)] 492206K->279694K(1904128K), 0.0428177 secs] [Times: user=0.25 sys=0.00, real=0.04 secs] 
4719.323: [GC (GCLocker Initiated GC) [PSYoungGen: 415200K->148800K(503296K)] 593550K->426888K(1901568K), 0.0843700 secs] [Times: user=0.49 sys=0.00, real=0.09 secs] 
4721.688: [GC (Allocation Failure) [PSYoungGen: 462144K->103264K(505856K)] 740236K->521820K(1904128K), 0.0711432 secs] [Times: user=0.43 sys=0.00, real=0.07 secs] 
4722.771: [GC (GCLocker Initiated GC) [PSYoungGen: 416608K->149152K(503808K)] 835164K->670385K(1902080K), 0.0528922 secs] [Times: user=0.31 sys=0.00, real=0.05 secs] 
4725.061: [GC (Allocation Failure) [PSYoungGen: 463008K->104128K(506368K)] 984243K->766347K(1904640K), 0.0992548 secs] [Times: user=0.59 sys=0.00, real=0.10 secs] 
4726.800: [GC (Allocation Failure) [PSYoungGen: 417984K->147552K(504320K)] 1080203K->911648K(1902592K), 0.0518240 secs] [Times: user=0.31 sys=0.01, real=0.05 secs] 
4728.626: [GC (Allocation Failure) [PSYoungGen: 461920K->104384K(418816K)] 1226016K->1007312K(1817088K), 0.0706853 secs] [Times: user=0.42 sys=0.01, real=0.07 secs] 
4730.510: [GC (GCLocker Initiated GC) [PSYoungGen: 418752K->150016K(502784K)] 1321682K->1153628K(1901056K), 0.0530577 secs] [Times: user=0.31 sys=0.01, real=0.05 secs] 
4732.554: [GC (Allocation Failure) [PSYoungGen: 463872K->104352K(505856K)] 1467486K->1249282K(1904128K), 0.0925424 secs] [Times: user=0.56 sys=0.00, real=0.09 secs] 
4733.921: [GC (GCLocker Initiated GC) [PSYoungGen: 418208K->148320K(504320K)] 1563142K->1394487K(1902592K), 0.1367943 secs] [Times: user=0.80 sys=0.00, real=0.14 secs] 
4734.058: [Full GC (Ergonomics) [PSYoungGen: 148320K->0K(504320K)] [ParOldGen: 1246167K->189068K(1398272K)] 1394487K->189068K(1902592K), [Metaspace: 60520K->60520K(1105920K)], 0.5069247 secs] [Times: user=2.41 sys=0.00, real=0.50 secs] 
4740.167: [GC (Allocation Failure) [PSYoungGen: 314880K->96608K(506880K)] 505998K->287726K(1905152K), 0.0474195 secs] [Times: user=0.28 sys=0.00, real=0.04 secs] 
4741.140: [GC (Allocation Failure) [PSYoungGen: 411488K->151712K(501248K)] 602606K->438425K(1899520K), 0.0493544 secs] [Times: user=0.29 sys=0.00, real=0.05 secs] 
4744.313: [GC (Allocation Failure) [PSYoungGen: 462496K->99232K(504832K)] 749209K->529505K(1903104K), 0.0950310 secs] [Times: user=0.57 sys=0.00, real=0.10 secs] 
4745.617: [GC (Allocation Failure) [PSYoungGen: 410016K->146752K(503808K)] 840289K->673259K(1902080K), 0.0516384 secs] [Times: user=0.30 sys=0.00, real=0.05 secs] 
4749.496: [GC (Allocation Failure) [PSYoungGen: 458560K->100736K(412672K)] 985067K->765491K(1810944K), 0.0752724 secs] [Times: user=0.45 sys=0.00, real=0.08 secs] 
4751.673: [GC (Allocation Failure) [PSYoungGen: 412544K->144832K(503808K)] 1077299K->907256K(1902080K), 0.0501234 secs] [Times: user=0.30 sys=0.00, real=0.05 secs] 
4753.056: [GC (Allocation Failure) [PSYoungGen: 455718K->107008K(419840K)] 1218142K->1004672K(1818112K), 0.0676823 secs] [Times: user=0.40 sys=0.00, real=0.07 secs] 
4754.038: [GC (Allocation Failure) [PSYoungGen: 419328K->147072K(501760K)] 1316992K->1150034K(1900032K), 0.0766372 secs] [Times: user=0.46 sys=0.00, real=0.07 secs] 
4756.340: [GC (Allocation Failure) [PSYoungGen: 459904K->102624K(503808K)] 1462866K->1244050K(1902080K), 0.0803988 secs] [Times: user=0.48 sys=0.00, real=0.08 secs] 
4757.906: [GC (Allocation Failure) [PSYoungGen: 415456K->147936K(504832K)] 1556882K->1390144K(1903104K), 0.0906364 secs] [Times: user=0.53 sys=0.01, real=0.09 secs] 
4757.997: [Full GC (Ergonomics) [PSYoungGen: 147936K->0K(504832K)] [ParOldGen: 1242208K->185444K(1398272K)] 1390144K->185444K(1903104K), [Metaspace: 60523K->60523K(1105920K)], 0.4632145 secs] [Times: user=2.17 sys=0.00, real=0.47 secs] 
4761.452: [GC (Allocation Failure) [PSYoungGen: 316416K->104192K(507392K)] 501860K->289636K(1905664K), 0.0456263 secs] [Times: user=0.26 sys=0.00, real=0.05 secs] 
4762.295: [GC (Allocation Failure) [PSYoungGen: 420608K->151712K(503296K)] 606052K->436371K(1901568K), 0.0691912 secs] [Times: user=0.41 sys=0.00, real=0.07 secs] 
4764.897: [GC (Allocation Failure) [PSYoungGen: 466592K->102944K(506880K)] 751251K->530747K(1905152K), 0.1596259 secs] [Times: user=0.95 sys=0.00, real=0.16 secs] 
4766.337: [GC (Allocation Failure) [PSYoungGen: 417824K->150816K(502784K)] 845627K->678432K(1901056K), 0.0508858 secs] [Times: user=0.30 sys=0.00, real=0.05 secs] 
4768.727: [GC (Allocation Failure) [PSYoungGen: 463648K->102336K(505856K)] 991264K->772448K(1904128K), 0.1515950 secs] [Times: user=0.90 sys=0.00, real=0.15 secs] 
4770.067: [GC (Allocation Failure) [PSYoungGen: 415168K->150592K(502272K)] 1085280K->919133K(1900544K), 0.0512248 secs] [Times: user=0.31 sys=0.01, real=0.05 secs] 
4772.282: [GC (Allocation Failure) [PSYoungGen: 462400K->103840K(505344K)] 1230941K->1014285K(1903616K), 0.1470271 secs] [Times: user=0.87 sys=0.00, real=0.15 secs] 
4774.452: [GC (Allocation Failure) [PSYoungGen: 415648K->147808K(503808K)] 1326093K->1158817K(1902080K), 0.1274861 secs] [Times: user=0.76 sys=0.00, real=0.13 secs] 
4776.901: [GC (GCLocker Initiated GC) [PSYoungGen: 460640K->100032K(505856K)] 1471649K->1250241K(1904128K), 0.1674202 secs] [Times: user=0.99 sys=0.01, real=0.17 secs] 
4778.618: [GC (Allocation Failure) [PSYoungGen: 412864K->159264K(495616K)] 1563108K->1405525K(1893888K), 0.0515436 secs] [Times: user=0.30 sys=0.00, real=0.05 secs] 
4778.670: [Full GC (Ergonomics) [PSYoungGen: 159264K->0K(495616K)] [ParOldGen: 1246261K->195181K(1398272K)] 1405525K->195181K(1893888K), [Metaspace: 60523K->60523K(1105920K)], 0.4772375 secs] [Times: user=2.23 sys=0.00, real=0.48 secs] 
4781.157: [GC (Allocation Failure) [PSYoungGen: 304640K->99008K(501760K)] 499821K->294189K(1900032K), 0.0959584 secs] [Times: user=0.55 sys=0.01, real=0.09 secs] 
4783.002: [GC (Allocation Failure) [PSYoungGen: 403648K->143584K(499712K)] 598829K->433925K(1897984K), 0.0488024 secs] [Times: user=0.29 sys=0.01, real=0.05 secs] 
4784.752: [GC (Allocation Failure) [PSYoungGen: 450272K->101184K(501760K)] 740613K->525693K(1900032K), 0.1492261 secs] [Times: user=0.89 sys=0.00, real=0.15 secs] 
4786.637: [GC (Allocation Failure) [PSYoungGen: 407872K->152352K(499200K)] 832381K->675090K(1897472K), 0.0516609 secs] [Times: user=0.31 sys=0.00, real=0.05 secs] 
4787.939: [GC (Allocation Failure) [PSYoungGen: 459040K->102656K(502784K)] 981778K->760282K(1901056K), 0.0868035 secs] [Times: user=0.52 sys=0.00, real=0.08 secs] 
4789.221: [GC (Allocation Failure) [PSYoungGen: 409344K->144480K(502784K)] 1066970K->902804K(1901056K), 0.0519455 secs] [Times: user=0.30 sys=0.00, real=0.05 secs] 
4792.055: [GC (Allocation Failure) [PSYoungGen: 453728K->102208K(411648K)] 1212052K->996588K(1809920K), 0.0846291 secs] [Times: user=0.51 sys=0.00, real=0.09 secs] 
4795.063: [GC (Allocation Failure) [PSYoungGen: 411456K->142400K(502784K)] 1305836K->1136853K(1901056K), 0.0522883 secs] [Times: user=0.31 sys=0.00, real=0.05 secs] 
4796.658: [GC (Allocation Failure) [PSYoungGen: 453696K->104704K(502784K)] 1448149K->1232949K(1901056K), 0.0651570 secs] [Times: user=0.39 sys=0.00, real=0.06 secs] 
4798.549: [GC (Allocation Failure) [PSYoungGen: 416000K->147872K(501760K)] 1544245K->1378635K(1900032K), 0.0532408 secs] [Times: user=0.32 sys=0.00, real=0.05 secs] 
4798.603: [Full GC (Ergonomics) [PSYoungGen: 147872K->0K(501760K)] [ParOldGen: 1230763K->175813K(1398272K)] 1378635K->175813K(1900032K), [Metaspace: 60523K->60108K(1105920K)], 0.4318094 secs] [Times: user=1.97 sys=0.00, real=0.43 secs] 
4800.917: [GC (Allocation Failure) [PSYoungGen: 313344K->102528K(504320K)] 489157K->278341K(1902592K), 0.0451816 secs] [Times: user=0.27 sys=0.00, real=0.04 secs] 
4802.631: [GC (GCLocker Initiated GC) [PSYoungGen: 415872K->145824K(505856K)] 591685K->422178K(1904128K), 0.1019031 secs] [Times: user=0.60 sys=0.01, real=0.10 secs] 
4805.493: [GC (Allocation Failure) [PSYoungGen: 463264K->105952K(423424K)] 739653K->519965K(1821696K), 0.0655704 secs] [Times: user=0.39 sys=0.00, real=0.07 secs] 
4806.515: [GC (Allocation Failure) [PSYoungGen: 423392K->149184K(504320K)] 837405K->667619K(1902592K), 0.1036565 secs] [Times: user=0.61 sys=0.01, real=0.11 secs] 
4808.632: [GC (Allocation Failure) [PSYoungGen: 466112K->106944K(507392K)] 984547K->766235K(1905664K), 0.0965987 secs] [Times: user=0.57 sys=0.00, real=0.10 secs] 
4809.627: [GC (Allocation Failure) [PSYoungGen: 423872K->151360K(504320K)] 1083163K->914412K(1902592K), 0.0534384 secs] [Times: user=0.32 sys=0.00, real=0.06 secs] 
4812.770: [GC (Allocation Failure) [PSYoungGen: 468288K->103552K(507904K)] 1231340K->1009700K(1906176K), 0.1111617 secs] [Times: user=0.66 sys=0.00, real=0.11 secs] 
4813.877: [GC (GCLocker Initiated GC) [PSYoungGen: 420480K->152576K(502272K)] 1326628K->1158981K(1900544K), 0.0753555 secs] [Times: user=0.44 sys=0.00, real=0.07 secs] 
4817.891: [GC (Allocation Failure) [PSYoungGen: 466432K->99392K(506368K)] 1472889K->1249833K(1904640K), 0.1510132 secs] [Times: user=0.89 sys=0.01, real=0.15 secs] 
4819.282: [GC (Allocation Failure) [PSYoungGen: 413248K->148480K(503808K)] 1563689K->1395303K(1902080K), 0.1283049 secs] [Times: user=0.76 sys=0.00, real=0.13 secs] 
4819.410: [Full GC (Ergonomics) [PSYoungGen: 148480K->0K(503808K)] [ParOldGen: 1246823K->192265K(1398272K)] 1395303K->192265K(1902080K), [Metaspace: 60108K->59620K(1105920K)], 0.5207277 secs] [Times: user=2.49 sys=0.00, real=0.52 secs] 
4823.481: [GC (GCLocker Initiated GC) [PSYoungGen: 312832K->100672K(505856K)] 505097K->292937K(1904128K), 0.0873055 secs] [Times: user=0.52 sys=0.00, real=0.09 secs] 
4824.839: [GC (Allocation Failure) [PSYoungGen: 413504K->150720K(501760K)] 605772K->440173K(1900032K), 0.0502734 secs] [Times: user=0.29 sys=0.00, real=0.05 secs] 
4828.146: [GC (Allocation Failure) [PSYoungGen: 461504K->96640K(504832K)] 750957K->528409K(1903104K), 0.1615299 secs] [Times: user=0.96 sys=0.00, real=0.17 secs] 
4829.264: [GC (Allocation Failure) [PSYoungGen: 407424K->149120K(501248K)] 839193K->674467K(1899520K), 0.0491259 secs] [Times: user=0.29 sys=0.00, real=0.05 secs] 
4831.209: [GC (Allocation Failure) [PSYoungGen: 457856K->102400K(503808K)] 983203K->768187K(1902080K), 0.0918810 secs] [Times: user=0.55 sys=0.00, real=0.09 secs] 
4832.285: [GC (Allocation Failure) [PSYoungGen: 411136K->148096K(501760K)] 1076923K->913273K(1900032K), 0.0519882 secs] [Times: user=0.31 sys=0.00, real=0.06 secs] 
4834.858: [GC (Allocation Failure) [PSYoungGen: 457344K->102464K(412160K)] 1222521K->1007081K(1810432K), 0.1569622 secs] [Times: user=0.93 sys=0.00, real=0.15 secs] 
4836.207: [GC (Allocation Failure) [PSYoungGen: 411712K->147360K(501248K)] 1316329K->1150564K(1899520K), 0.0517451 secs] [Times: user=0.31 sys=0.00, real=0.05 secs] 
4837.877: [GC (GCLocker Initiated GC) [PSYoungGen: 457120K->103904K(503296K)] 1460324K->1245176K(1901568K), 0.0941573 secs] [Times: user=0.56 sys=0.01, real=0.09 secs] 
4839.665: [GC (Allocation Failure) [PSYoungGen: 413664K->156320K(497664K)] 1554939K->1397994K(1895936K), 0.0537423 secs] [Times: user=0.32 sys=0.00, real=0.06 secs] 
4839.719: [Full GC (Ergonomics) [PSYoungGen: 156320K->0K(497664K)] [ParOldGen: 1241674K->187717K(1398272K)] 1397994K->187717K(1895936K), [Metaspace: 59620K->59615K(1105920K)], 0.4502244 secs] [Times: user=2.07 sys=0.00, real=0.45 secs] 
4841.367: [GC (Allocation Failure) [PSYoungGen: 306688K->100096K(502784K)] 494405K->287813K(1901056K), 0.0461920 secs] [Times: user=0.27 sys=0.01, real=0.04 secs] 
4843.276: [GC (Allocation Failure) [PSYoungGen: 406784K->144736K(501760K)] 594501K->429102K(1900032K), 0.0497995 secs] [Times: user=0.29 sys=0.00, real=0.05 secs] 
4845.173: [GC (Allocation Failure) [PSYoungGen: 453472K->103712K(412672K)] 737838K->523822K(1810944K), 0.0694593 secs] [Times: user=0.41 sys=0.00, real=0.07 secs] 
4846.885: [GC (Allocation Failure) [PSYoungGen: 412448K->143392K(502272K)] 832558K->664895K(1900544K), 0.0513585 secs] [Times: user=0.30 sys=0.00, real=0.05 secs] 
4848.178: [GC (Allocation Failure) [PSYoungGen: 454176K->105856K(502784K)] 975679K->761603K(1901056K), 0.0686150 secs] [Times: user=0.41 sys=0.00, real=0.06 secs] 
4850.828: [GC (Allocation Failure) [PSYoungGen: 416640K->143744K(503808K)] 1072387K->903192K(1902080K), 0.0518056 secs] [Times: user=0.31 sys=0.00, real=0.05 secs] 
4852.179: [GC (Allocation Failure) [PSYoungGen: 458624K->106752K(504320K)] 1218072K->1001244K(1902592K), 0.0688963 secs] [Times: user=0.41 sys=0.00, real=0.07 secs] 
4853.693: [GC (Allocation Failure) [PSYoungGen: 421632K->146176K(504832K)] 1316124K->1145117K(1903104K), 0.0533102 secs] [Times: user=0.32 sys=0.00, real=0.05 secs] 
4855.370: [GC (Allocation Failure) [PSYoungGen: 464640K->107584K(506880K)] 1463581K->1243833K(1905152K), 0.0945037 secs] [Times: user=0.56 sys=0.00, real=0.09 secs] 
4857.026: [GC (Allocation Failure) [PSYoungGen: 426048K->155008K(503296K)] 1562297K->1396023K(1901568K), 0.1071211 secs] [Times: user=0.63 sys=0.01, real=0.11 secs] 
4857.133: [Full GC (Ergonomics) [PSYoungGen: 155008K->0K(503296K)] [ParOldGen: 1241015K->195885K(1398272K)] 1396023K->195885K(1901568K), [Metaspace: 59616K->59616K(1105920K)], 0.5009585 secs] [Times: user=2.36 sys=0.00, real=0.50 secs] 
4860.630: [GC (Allocation Failure) [PSYoungGen: 317952K->100864K(508416K)] 513837K->296749K(1906688K), 0.1000005 secs] [Times: user=0.59 sys=0.01, real=0.10 secs] 
4861.375: [GC (Allocation Failure) [PSYoungGen: 416349K->150432K(503808K)] 612234K->444199K(1902080K), 0.0602640 secs] [Times: user=0.36 sys=0.00, real=0.06 secs] 
4863.990: [GC (Allocation Failure) [PSYoungGen: 465312K->102432K(506880K)] 759079K->538543K(1905152K), 0.1607169 secs] [Times: user=0.96 sys=0.01, real=0.16 secs] 
4865.035: [GC (Allocation Failure) [PSYoungGen: 405787K->147072K(505856K)] 841898K->682508K(1904128K), 0.0557768 secs] [Times: user=0.33 sys=0.00, real=0.06 secs] 
4868.234: [GC (Allocation Failure) [PSYoungGen: 462976K->100704K(416768K)] 998412K->775100K(1815040K), 0.1485499 secs] [Times: user=0.88 sys=0.00, real=0.15 secs] 
4869.147: [GC (Allocation Failure) [PSYoungGen: 410963K->149088K(504320K)] 1085359K->921514K(1902592K), 0.0779781 secs] [Times: user=0.46 sys=0.01, real=0.07 secs] 
4871.810: [GC (Allocation Failure) [PSYoungGen: 463968K->101344K(506880K)] 1236394K->1014530K(1905152K), 0.1614294 secs] [Times: user=0.96 sys=0.00, real=0.16 secs] 
4873.996: [GC (Allocation Failure) [PSYoungGen: 408726K->148448K(503808K)] 1321913K->1159803K(1902080K), 0.1222210 secs] [Times: user=0.73 sys=0.00, real=0.13 secs] 
4876.935: [GC (Allocation Failure) [PSYoungGen: 462304K->99872K(506368K)] 1473659K->1251603K(1904640K), 0.1707525 secs] [Times: user=1.00 sys=0.02, real=0.17 secs] 
4878.598: [GC (GCLocker Initiated GC) [PSYoungGen: 413728K->149696K(502272K)] 1565459K->1397344K(1900544K), 0.0499106 secs] [Times: user=0.30 sys=0.00, real=0.05 secs] 
4878.648: [Full GC (Ergonomics) [PSYoungGen: 149696K->0K(502272K)] [ParOldGen: 1247648K->195151K(1398272K)] 1397344K->195151K(1900544K), [Metaspace: 59616K->59616K(1105920K)], 0.4683324 secs] [Times: user=2.16 sys=0.00, real=0.46 secs] 
4881.957: [GC (Allocation Failure) [PSYoungGen: 311808K->97504K(505344K)] 506961K->292657K(1903616K), 0.0728391 secs] [Times: user=0.43 sys=0.00, real=0.07 secs] 
4882.916: [GC (Allocation Failure) [PSYoungGen: 409312K->160512K(493056K)] 604465K->449562K(1891328K), 0.0654270 secs] [Times: user=0.39 sys=0.00, real=0.07 secs] 
4885.612: [GC (Allocation Failure) [PSYoungGen: 462080K->95936K(500224K)] 751130K->529134K(1898496K), 0.0832924 secs] [Times: user=0.50 sys=0.00, real=0.08 secs] 
4886.319: [GC (Allocation Failure) [PSYoungGen: 397504K->144800K(499200K)] 830702K->670590K(1897472K), 0.0488799 secs] [Times: user=0.29 sys=0.01, real=0.05 secs] 
4888.204: [GC (Allocation Failure) [PSYoungGen: 448416K->99840K(500736K)] 974206K->761603K(1899008K), 0.1416155 secs] [Times: user=0.84 sys=0.00, real=0.14 secs] 
4890.621: [GC (Allocation Failure) [PSYoungGen: 403456K->142272K(500736K)] 1065219K->902067K(1899008K), 0.0845894 secs] [Times: user=0.50 sys=0.00, real=0.08 secs] 
4892.661: [GC (Allocation Failure) [PSYoungGen: 448448K->99104K(500736K)] 1208243K->992924K(1899008K), 0.0650485 secs] [Times: user=0.39 sys=0.00, real=0.06 secs] 
4895.125: [GC (Allocation Failure) [PSYoungGen: 405280K->142912K(501248K)] 1299100K->1133556K(1899520K), 0.0519988 secs] [Times: user=0.31 sys=0.00, real=0.05 secs] 
4896.541: [GC (Allocation Failure) [PSYoungGen: 452160K->105632K(501760K)] 1442804K->1230572K(1900032K), 0.0739947 secs] [Times: user=0.45 sys=0.00, real=0.07 secs] 
4899.802: [GC (Allocation Failure) [PSYoungGen: 414880K->142624K(502272K)] 1539820K->1370601K(1900544K), 0.0532595 secs] [Times: user=0.31 sys=0.00, real=0.05 secs] 
4899.855: [Full GC (Ergonomics) [PSYoungGen: 142624K->0K(502272K)] [ParOldGen: 1227977K->169405K(1398272K)] 1370601K->169405K(1900544K), [Metaspace: 59616K->59616K(1105920K)], 0.4080625 secs] [Times: user=1.83 sys=0.00, real=0.41 secs] 
4901.469: [GC (Allocation Failure) [PSYoungGen: 313344K->106656K(503296K)] 482749K->276061K(1901568K), 0.0539391 secs] [Times: user=0.32 sys=0.00, real=0.05 secs] 
4903.876: [GC (Allocation Failure) [PSYoungGen: 420000K->152800K(501760K)] 589405K->426842K(1900032K), 0.0583104 secs] [Times: user=0.29 sys=0.00, real=0.06 secs] 
4905.354: [GC (Allocation Failure) [PSYoungGen: 468192K->108000K(506368K)] 742234K->517906K(1904640K), 0.0650697 secs] [Times: user=0.38 sys=0.00, real=0.07 secs] 
4907.411: [GC (Allocation Failure) [PSYoungGen: 423392K->146560K(507904K)] 833298K->662460K(1906176K), 0.0542453 secs] [Times: user=0.32 sys=0.00, real=0.05 secs] 
4909.299: [GC (Allocation Failure) [PSYoungGen: 466560K->109440K(429568K)] 982460K->762984K(1827840K), 0.0679661 secs] [Times: user=0.40 sys=0.00, real=0.06 secs] 
4910.407: [GC (Allocation Failure) [PSYoungGen: 429440K->151328K(504320K)] 1082984K->912629K(1902592K), 0.0545798 secs] [Times: user=0.32 sys=0.00, real=0.05 secs] 
4912.156: [GC (Allocation Failure) [PSYoungGen: 469280K->106752K(507904K)] 1230581K->1010593K(1906176K), 0.0660576 secs] [Times: user=0.39 sys=0.00, real=0.07 secs] 
4913.235: [GC (Allocation Failure) [PSYoungGen: 424704K->150848K(505344K)] 1328545K->1158414K(1903616K), 0.1081815 secs] [Times: user=0.64 sys=0.00, real=0.11 secs] 
4916.220: [GC (Allocation Failure) [PSYoungGen: 468800K->102848K(508416K)] 1476366K->1253062K(1906688K), 0.1277247 secs] [Times: user=0.76 sys=0.00, real=0.13 secs] 
4917.709: [GC (Allocation Failure) [PSYoungGen: 420800K->150784K(504320K)] 1571014K->1399947K(1902592K), 0.0513580 secs] [Times: user=0.30 sys=0.00, real=0.05 secs] 
4917.760: [Full GC (Ergonomics) [PSYoungGen: 150784K->0K(504320K)] [ParOldGen: 1249163K->197530K(1398272K)] 1399947K->197530K(1902592K), [Metaspace: 59616K->59616K(1105920K)], 0.4791482 secs] [Times: user=2.23 sys=0.00, real=0.48 secs] 
4921.092: [GC (Allocation Failure) [PSYoungGen: 315904K->105184K(507392K)] 513434K->302714K(1905664K), 0.0825338 secs] [Times: user=0.48 sys=0.01, real=0.08 secs] 
4923.830: [GC (Allocation Failure) [PSYoungGen: 412754K->144448K(506880K)] 610284K->444267K(1905152K), 0.1458638 secs] [Times: user=0.86 sys=0.01, real=0.14 secs] 
4926.486: [GC (Allocation Failure) [PSYoungGen: 462400K->104064K(422400K)] 762219K->540219K(1820672K), 0.0949695 secs] [Times: user=0.56 sys=0.01, real=0.10 secs] 
4927.725: [GC (Allocation Failure) [PSYoungGen: 411110K->145920K(505856K)] 847265K->682536K(1904128K), 0.1351197 secs] [Times: user=0.80 sys=0.00, real=0.14 secs] 
4930.865: [GC (Allocation Failure) [PSYoungGen: 464384K->102784K(507392K)] 1001000K->777184K(1905664K), 0.1456360 secs] [Times: user=0.78 sys=0.01, real=0.15 secs] 
4931.785: [GC (Allocation Failure) [PSYoungGen: 410316K->147424K(506880K)] 1084716K->920980K(1905152K), 0.0502999 secs] [Times: user=0.30 sys=0.00, real=0.05 secs] 
4934.395: [GC (GCLocker Initiated GC) [PSYoungGen: 467424K->104800K(509440K)] 1240981K->1017301K(1907712K), 0.1582471 secs] [Times: user=0.95 sys=0.01, real=0.16 secs] 
4936.803: [GC (Allocation Failure) [PSYoungGen: 424800K->142112K(509440K)] 1353720K->1172571K(1907712K), 0.3577861 secs] [Times: user=2.14 sys=0.01, real=0.36 secs] 
4940.397: [GC (Allocation Failure) [PSYoungGen: 464672K->93952K(509440K)] 1495131K->1267019K(1907712K), 0.4408643 secs] [Times: user=2.64 sys=0.01, real=0.44 secs] 
4941.407: [GC (Allocation Failure) [PSYoungGen: 416512K->158208K(499200K)] 1589579K->1419452K(1897472K), 0.0550663 secs] [Times: user=0.32 sys=0.00, real=0.05 secs] 
4941.463: [Full GC (Ergonomics) [PSYoungGen: 158208K->0K(499200K)] [ParOldGen: 1261244K->216136K(1398272K)] 1419452K->216136K(1897472K), [Metaspace: 59632K->59632K(1105920K)], 0.5422483 secs] [Times: user=2.53 sys=0.00, real=0.54 secs] 
4944.895: [GC (Allocation Failure) [PSYoungGen: 312832K->91136K(505856K)] 528968K->307272K(1904128K), 0.1282757 secs] [Times: user=0.76 sys=0.01, real=0.13 secs] 
4945.795: [GC (GCLocker Initiated GC) [PSYoungGen: 403968K->153056K(498176K)] 620107K->454572K(1896448K), 0.0813059 secs] [Times: user=0.48 sys=0.00, real=0.08 secs] 
4948.522: [GC (Allocation Failure) [PSYoungGen: 458720K->89184K(502272K)] 760282K->543834K(1900544K), 0.1642194 secs] [Times: user=0.97 sys=0.01, real=0.16 secs] 
4949.009: [GC (Allocation Failure) [PSYoungGen: 394848K->166784K(484352K)] 849498K->705183K(1882624K), 0.0540760 secs] [Times: user=0.32 sys=0.00, real=0.05 secs] 
4951.095: [GC (Allocation Failure) [PSYoungGen: 455040K->84768K(493568K)] 993439K->773231K(1891840K), 0.1020775 secs] [Times: user=0.60 sys=0.01, real=0.11 secs] 
4952.055: [GC (GCLocker Initiated GC) [PSYoungGen: 373024K->140608K(489472K)] 1061488K->910909K(1887744K), 0.0587449 secs] [Times: user=0.34 sys=0.00, real=0.06 secs] 
4955.021: [GC (Allocation Failure) [PSYoungGen: 429888K->88160K(492032K)] 1200190K->990958K(1890304K), 0.0706927 secs] [Times: user=0.42 sys=0.00, real=0.07 secs] 
4955.983: [GC (GCLocker Initiated GC) [PSYoungGen: 377440K->137088K(491008K)] 1280238K->1126339K(1889280K), 0.0840341 secs] [Times: user=0.50 sys=0.00, real=0.09 secs] 
4959.581: [GC (Allocation Failure) [PSYoungGen: 432000K->95584K(494080K)] 1421286K->1213814K(1892352K), 0.0627980 secs] [Times: user=0.37 sys=0.00, real=0.06 secs] 
4960.463: [GC (Allocation Failure) [PSYoungGen: 390496K->134560K(495616K)] 1508726K->1347591K(1893888K), 0.0643726 secs] [Times: user=0.38 sys=0.01, real=0.07 secs] 
4963.192: [GC (Allocation Failure) [PSYoungGen: 438176K->108704K(497664K)] 1651207K->1448023K(1895936K), 0.0638351 secs] [Times: user=0.38 sys=0.00, real=0.06 secs] 
4963.256: [Full GC (Ergonomics) [PSYoungGen: 108704K->0K(497664K)] [ParOldGen: 1339319K->15907K(1398272K)] 1448023K->15907K(1895936K), [Metaspace: 59632K->59632K(1105920K)], 0.0297219 secs] [Times: user=0.07 sys=0.01, real=0.03 secs] 
4964.339: [GC (Allocation Failure) [PSYoungGen: 303616K->129696K(501760K)] 319523K->145603K(1900032K), 0.0305961 secs] [Times: user=0.18 sys=0.00, real=0.03 secs] 
4966.581: [GC (Allocation Failure) [PSYoungGen: 445600K->2496K(318464K)] 461507K->18491K(1716736K), 0.0015665 secs] [Times: user=0.00 sys=0.00, real=0.00 secs] 
4968.362: [GC (Allocation Failure) [PSYoungGen: 318400K->136064K(497664K)] 334395K->153428K(1895936K), 0.0271073 secs] [Times: user=0.16 sys=0.00, real=0.03 secs] 
4970.095: [GC (Allocation Failure) [PSYoungGen: 434560K->111712K(410624K)] 451924K->256256K(1808896K), 0.0638507 secs] [Times: user=0.37 sys=0.00, real=0.07 secs] 
4972.100: [GC (Allocation Failure) [PSYoungGen: 410208K->124864K(494080K)] 554752K->380497K(1892352K), 0.0688085 secs] [Times: user=0.41 sys=0.00, real=0.07 secs] 
4974.256: [GC (Allocation Failure) [PSYoungGen: 427456K->122016K(491008K)] 683089K->492793K(1889280K), 0.0623591 secs] [Times: user=0.37 sys=0.00, real=0.07 secs] 
4975.274: [GC (Allocation Failure) [PSYoungGen: 424608K->119040K(505344K)] 795385K->611993K(1903616K), 0.0605478 secs] [Times: user=0.36 sys=0.00, real=0.06 secs] 
4977.498: [GC (Allocation Failure) [PSYoungGen: 443136K->129024K(503296K)] 936089K->730622K(1901568K), 0.0623308 secs] [Times: user=0.37 sys=0.00, real=0.06 secs] 
4978.524: [GC (Allocation Failure) [PSYoungGen: 453120K->132160K(517120K)] 1054718K->862990K(1915392K), 0.0576525 secs] [Times: user=0.34 sys=0.00, real=0.06 secs] 
4980.534: [GC (Allocation Failure) [PSYoungGen: 471104K->5311K(344576K)] 1201934K->736166K(1742848K), 0.0022236 secs] [Times: user=0.01 sys=0.00, real=0.00 secs] 
4981.902: [GC (Allocation Failure) [PSYoungGen: 344255K->157152K(487424K)] 1075110K->892631K(1885696K), 0.0483347 secs] [Times: user=0.28 sys=0.00, real=0.05 secs] 
4983.446: [GC (Allocation Failure) [PSYoungGen: 453600K->96672K(497664K)] 1189079K->981111K(1895936K), 0.0698553 secs] [Times: user=0.42 sys=0.00, real=0.07 secs] 
4986.320: [GC (Allocation Failure) [PSYoungGen: 393120K->136160K(497152K)] 1277559K->1115060K(1895424K), 0.0499613 secs] [Times: user=0.29 sys=0.01, real=0.05 secs] 
4988.809: [GC (Allocation Failure) [PSYoungGen: 439264K->106720K(410112K)] 1418164K->1212556K(1808384K), 0.1486142 secs] [Times: user=0.89 sys=0.00, real=0.15 secs] 
4990.495: [GC (Allocation Failure) [PSYoungGen: 409824K->134976K(497152K)] 1515660K->1346549K(1895424K), 0.0536841 secs] [Times: user=0.31 sys=0.00, real=0.06 secs] 
4990.549: [Full GC (Ergonomics) [PSYoungGen: 134976K->0K(497152K)] [ParOldGen: 1211573K->150822K(1398272K)] 1346549K->150822K(1895424K), [Metaspace: 59698K->59698K(1105920K)], 0.3629950 secs] [Times: user=1.67 sys=0.00, real=0.36 secs] 
4993.362: [GC (Allocation Failure) [PSYoungGen: 308224K->112671K(497664K)] 459046K->263494K(1895936K), 0.0409344 secs] [Times: user=0.20 sys=0.00, real=0.04 secs] 
4994.195: [GC (Allocation Failure) [PSYoungGen: 420895K->137408K(500736K)] 571718K->400122K(1899008K), 0.0566062 secs] [Times: user=0.33 sys=0.01, real=0.06 secs] 
4995.766: [GC (Allocation Failure) [PSYoungGen: 455872K->112800K(502784K)] 718586K->504110K(1901056K), 0.0645259 secs] [Times: user=0.38 sys=0.00, real=0.07 secs] 
4997.573: [GC (GCLocker Initiated GC) [PSYoungGen: 431264K->139232K(508416K)] 822575K->642793K(1906688K), 0.1119407 secs] [Times: user=0.66 sys=0.00, real=0.11 secs] 
4999.232: [GC (Allocation Failure) [PSYoungGen: 469472K->116192K(510464K)] 973067K->750475K(1908736K), 0.0700472 secs] [Times: user=0.42 sys=0.00, real=0.07 secs] 
5001.694: [GC (Allocation Failure) [PSYoungGen: 446432K->150944K(508416K)] 1080715K->900076K(1906688K), 0.0562121 secs] [Times: user=0.34 sys=0.01, real=0.06 secs] 
5003.796: [GC (Allocation Failure) [PSYoungGen: 484768K->113728K(515072K)] 1233900K->1005020K(1913344K), 0.1152797 secs] [Times: user=0.68 sys=0.00, real=0.12 secs] 
5006.115: [GC (Allocation Failure) [PSYoungGen: 447552K->157152K(506880K)] 1338844K->1158572K(1905152K), 0.0562022 secs] [Times: user=0.34 sys=0.00, real=0.06 secs] 
5009.062: [GC (GCLocker Initiated GC) [PSYoungGen: 487392K->110080K(514560K)] 1488812K->1259949K(1912832K), 0.1606982 secs] [Times: user=0.95 sys=0.01, real=0.16 secs] 
5010.101: [GC (Allocation Failure) [PSYoungGen: 440320K->159136K(502784K)] 1590191K->1414660K(1901056K), 0.0550532 secs] [Times: user=0.33 sys=0.00, real=0.05 secs] 
5010.156: [Full GC (Ergonomics) [PSYoungGen: 159136K->0K(502784K)] [ParOldGen: 1255524K->210871K(1398272K)] 1414660K->210871K(1901056K), [Metaspace: 59698K->59698K(1105920K)], 0.4884170 secs] [Times: user=2.26 sys=0.00, real=0.49 secs] 
5013.144: [GC (Allocation Failure) [PSYoungGen: 322048K->95104K(510464K)] 532919K->305975K(1908736K), 0.1578707 secs] [Times: user=0.91 sys=0.00, real=0.16 secs] 
5013.721: [GC (Allocation Failure) [PSYoungGen: 417152K->159072K(497664K)] 628023K->458836K(1895936K), 0.0549700 secs] [Times: user=0.32 sys=0.00, real=0.05 secs] 
5016.295: [GC (Allocation Failure) [PSYoungGen: 468832K->93024K(504320K)] 768596K->551464K(1902592K), 0.1578636 secs] [Times: user=0.94 sys=0.00, real=0.16 secs] 
5017.219: [GC (Allocation Failure) [PSYoungGen: 402784K->150432K(499200K)] 861224K->696337K(1897472K), 0.0911876 secs] [Times: user=0.54 sys=0.00, real=0.09 secs] 
5020.732: [GC (Allocation Failure) [PSYoungGen: 456096K->86016K(502272K)] 1002001K->782525K(1900544K), 0.1705147 secs] [Times: user=1.01 sys=0.01, real=0.17 secs] 
5022.127: [GC (Allocation Failure) [PSYoungGen: 391680K->149696K(496640K)] 1088189K->925717K(1894912K), 0.0530694 secs] [Times: user=0.32 sys=0.00, real=0.05 secs] 
5023.837: [GC (Allocation Failure) [PSYoungGen: 449213K->90944K(499712K)] 1225235K->1016381K(1897984K), 0.1196781 secs] [Times: user=0.71 sys=0.01, real=0.11 secs] 
5024.822: [GC (Allocation Failure) [PSYoungGen: 381589K->138816K(495104K)] 1307027K->1150826K(1893376K), 0.0509767 secs] [Times: user=0.30 sys=0.01, real=0.05 secs] 
5027.204: [GC (Allocation Failure) [PSYoungGen: 440896K->96224K(498176K)] 1452906K->1237866K(1896448K), 0.1594799 secs] [Times: user=0.94 sys=0.01, real=0.16 secs] 
5028.013: [GC (Allocation Failure) [PSYoungGen: 398304K->145920K(501248K)] 1539946K->1380260K(1899520K), 0.0503467 secs] [Times: user=0.30 sys=0.00, real=0.05 secs] 
5028.064: [Full GC (Ergonomics) [PSYoungGen: 145920K->0K(501248K)] [ParOldGen: 1234340K->187481K(1398272K)] 1380260K->187481K(1899520K), [Metaspace: 59698K->59698K(1105920K)], 0.4599452 secs] [Times: user=2.14 sys=0.00, real=0.46 secs] 
5029.841: [GC (Allocation Failure) [PSYoungGen: 307712K->99456K(407552K)] 495193K->286937K(1805824K), 0.0450421 secs] [Times: user=0.27 sys=0.00, real=0.04 secs] 
5031.963: [GC (Allocation Failure) [PSYoungGen: 407168K->145920K(500224K)] 594649K->429562K(1898496K), 0.0829476 secs] [Times: user=0.50 sys=0.00, real=0.08 secs] 
5034.127: [GC (Allocation Failure) [PSYoungGen: 453632K->99776K(502272K)] 737274K->521122K(1900544K), 0.0712710 secs] [Times: user=0.42 sys=0.00, real=0.07 secs] 
5035.913: [GC (Allocation Failure) [PSYoungGen: 407488K->146240K(500736K)] 828834K->665231K(1899008K), 0.0506109 secs] [Times: user=0.30 sys=0.00, real=0.05 secs] 
5038.196: [GC (Allocation Failure) [PSYoungGen: 455488K->101888K(503296K)] 974479K->758867K(1901568K), 0.0812046 secs] [Times: user=0.48 sys=0.00, real=0.08 secs] 
5039.822: [GC (Allocation Failure) [PSYoungGen: 411136K->143456K(502272K)] 1068115K->900307K(1900544K), 0.0513516 secs] [Times: user=0.30 sys=0.00, real=0.05 secs] 
5042.167: [GC (Allocation Failure) [PSYoungGen: 455264K->105472K(503808K)] 1212115K->996980K(1902080K), 0.0728563 secs] [Times: user=0.44 sys=0.00, real=0.07 secs] 
5044.100: [GC (Allocation Failure) [PSYoungGen: 417280K->142944K(502784K)] 1308788K->1137720K(1901056K), 0.0524225 secs] [Times: user=0.31 sys=0.00, real=0.05 secs] 
5046.172: [GC (Allocation Failure) [PSYoungGen: 457824K->109376K(504320K)] 1452600K->1237776K(1902592K), 0.0756769 secs] [Times: user=0.45 sys=0.00, real=0.08 secs] 
5047.153: [GC (Allocation Failure) [PSYoungGen: 424256K->146720K(504320K)] 1552656K->1382637K(1902592K), 0.0869868 secs] [Times: user=0.51 sys=0.00, real=0.09 secs] 
5047.240: [Full GC (Ergonomics) [PSYoungGen: 146720K->0K(504320K)] [ParOldGen: 1235917K->180528K(1398272K)] 1382637K->180528K(1902592K), [Metaspace: 59698K->59698K(1105920K)], 0.4538950 secs] [Times: user=2.12 sys=0.00, real=0.45 secs] 
5051.059: [GC (Allocation Failure) [PSYoungGen: 318976K->106176K(506880K)] 499504K->286704K(1905152K), 0.0453258 secs] [Times: user=0.27 sys=0.00, real=0.04 secs] 
5051.953: [GC (Allocation Failure) [PSYoungGen: 425152K->151808K(504832K)] 605680K->435357K(1903104K), 0.0529627 secs] [Times: user=0.32 sys=0.00, real=0.05 secs] 
5054.028: [GC (Allocation Failure) [PSYoungGen: 471808K->105696K(509440K)] 755357K->532373K(1907712K), 0.0846240 secs] [Times: user=0.51 sys=0.00, real=0.08 secs] 
5055.426: [GC (Allocation Failure) [PSYoungGen: 422832K->152544K(503296K)] 849509K->682059K(1901568K), 0.1293798 secs] [Times: user=0.77 sys=0.00, real=0.13 secs] 
5058.247: [GC (Allocation Failure) [PSYoungGen: 469472K->101568K(507904K)] 998987K->775139K(1906176K), 0.1675181 secs] [Times: user=0.99 sys=0.01, real=0.17 secs] 
5059.109: [GC (Allocation Failure) [PSYoungGen: 413712K->149568K(504832K)] 1087284K->921256K(1903104K), 0.0499200 secs] [Times: user=0.30 sys=0.00, real=0.05 secs] 
5061.603: [GC (Allocation Failure) [PSYoungGen: 465472K->104032K(507392K)] 1237160K->1016432K(1905664K), 0.1431376 secs] [Times: user=0.85 sys=0.00, real=0.14 secs] 
5062.225: [GC (Allocation Failure) [PSYoungGen: 408466K->147008K(505344K)] 1320866K->1159692K(1903616K), 0.0512883 secs] [Times: user=0.30 sys=0.00, real=0.05 secs] 
5066.355: [GC (Allocation Failure) [PSYoungGen: 463424K->99200K(507392K)] 1476108K->1250036K(1905664K), 0.1711308 secs] [Times: user=1.02 sys=0.00, real=0.17 secs] 
5068.142: [GC (Allocation Failure) [PSYoungGen: 415616K->152608K(501248K)] 1566452K->1398077K(1899520K), 0.0507553 secs] [Times: user=0.30 sys=0.00, real=0.05 secs] 
5068.192: [Full GC (Ergonomics) [PSYoungGen: 152608K->0K(501248K)] [ParOldGen: 1245469K->195721K(1398272K)] 1398077K->195721K(1899520K), [Metaspace: 59698K->59698K(1105920K)], 0.4627231 secs] [Times: user=2.13 sys=0.00, real=0.46 secs] 
5070.889: [GC (Allocation Failure) [PSYoungGen: 311808K->102272K(505344K)] 507529K->297993K(1903616K), 0.0994006 secs] [Times: user=0.58 sys=0.00, real=0.10 secs] 
5072.671: [GC (Allocation Failure) [PSYoungGen: 413221K->148672K(502784K)] 608943K->442938K(1901056K), 0.0491790 secs] [Times: user=0.29 sys=0.00, real=0.05 secs] 
5074.464: [GC (Allocation Failure) [PSYoungGen: 460480K->105824K(417792K)] 754746K->540190K(1816064K), 0.1433983 secs] [Times: user=0.85 sys=0.01, real=0.15 secs] 
5076.036: [GC (Allocation Failure) [PSYoungGen: 413847K->145984K(503808K)] 848213K->682243K(1902080K), 0.0503047 secs] [Times: user=0.30 sys=0.00, real=0.05 secs] 
5078.324: [GC (Allocation Failure) [PSYoungGen: 459328K->103616K(504832K)] 995587K->776403K(1903104K), 0.1524269 secs] [Times: user=0.91 sys=0.00, real=0.15 secs] 
5079.614: [GC (Allocation Failure) [PSYoungGen: 414668K->147680K(503808K)] 1087455K->920112K(1902080K), 0.0496266 secs] [Times: user=0.29 sys=0.00, real=0.05 secs] 
5082.470: [GC (Allocation Failure) [PSYoungGen: 462560K->102176K(505856K)] 1234992K->1013592K(1904128K), 0.1717404 secs] [Times: user=1.01 sys=0.00, real=0.17 secs] 
5084.133: [GC (Allocation Failure) [PSYoungGen: 413262K->148128K(504832K)] 1324678K->1158141K(1903104K), 0.0500324 secs] [Times: user=0.30 sys=0.00, real=0.05 secs] 
5086.195: [GC (Allocation Failure) [PSYoungGen: 464032K->104128K(507392K)] 1474045K->1253729K(1905664K), 0.1573807 secs] [Times: user=0.93 sys=0.00, real=0.16 secs] 
5087.481: [GC (Allocation Failure) [PSYoungGen: 411321K->147072K(505856K)] 1560923K->1397235K(1904128K), 0.0512738 secs] [Times: user=0.30 sys=0.00, real=0.05 secs] 
5087.533: [Full GC (Ergonomics) [PSYoungGen: 147072K->0K(505856K)] [ParOldGen: 1250163K->196074K(1398272K)] 1397235K->196074K(1904128K), [Metaspace: 59698K->59698K(1105920K)], 0.4848170 secs] [Times: user=2.27 sys=0.00, real=0.49 secs] 
5091.116: [GC (Allocation Failure) [PSYoungGen: 316928K->103392K(507392K)] 513002K->299466K(1905664K), 0.0979056 secs] [Times: user=0.58 sys=0.00, real=0.10 secs] 
5092.039: [GC (Allocation Failure) [PSYoungGen: 409582K->147552K(505856K)] 605657K->443591K(1904128K), 0.1111261 secs] [Times: user=0.66 sys=0.00, real=0.11 secs] 
5096.035: [GC (Allocation Failure) [PSYoungGen: 464992K->100256K(507904K)] 761031K->535359K(1906176K), 0.1258012 secs] [Times: user=0.74 sys=0.00, real=0.13 secs] 
5097.316: [GC (Allocation Failure) [PSYoungGen: 417696K->149600K(504320K)] 852799K->682152K(1902592K), 0.0802556 secs] [Times: user=0.48 sys=0.00, real=0.08 secs] 
5100.143: [GC (Allocation Failure) [PSYoungGen: 465504K->103296K(507392K)] 998056K->777348K(1905664K), 0.1560744 secs] [Times: user=0.93 sys=0.01, real=0.16 secs] 
5101.165: [GC (Allocation Failure) [PSYoungGen: 404325K->146976K(505856K)] 1078377K->921177K(1904128K), 0.0543970 secs] [Times: user=0.32 sys=0.00, real=0.06 secs] 
5103.856: [GC (Allocation Failure) [PSYoungGen: 463904K->100832K(507904K)] 1238105K->1013865K(1906176K), 0.1586751 secs] [Times: user=0.94 sys=0.00, real=0.16 secs] 
5104.786: [GC (Allocation Failure) [PSYoungGen: 417760K->149728K(503808K)] 1330793K->1160654K(1902080K), 0.0890669 secs] [Times: user=0.53 sys=0.00, real=0.09 secs] 
5107.057: [GC (Allocation Failure) [PSYoungGen: 464608K->104768K(506880K)] 1475534K->1257070K(1905152K), 0.1069134 secs] [Times: user=0.64 sys=0.01, real=0.11 secs] 
5108.129: [GC (Allocation Failure) [PSYoungGen: 414205K->145824K(505856K)] 1566508K->1399335K(1904128K), 0.0901528 secs] [Times: user=0.53 sys=0.00, real=0.09 secs] 
5108.219: [Full GC (Ergonomics) [PSYoungGen: 145824K->0K(505856K)] [ParOldGen: 1253511K->195766K(1398272K)] 1399335K->195766K(1904128K), [Metaspace: 59698K->59698K(1105920K)], 0.4986000 secs] [Times: user=2.34 sys=0.00, real=0.50 secs] 
5111.816: [GC (Allocation Failure) [PSYoungGen: 316416K->101280K(417792K)] 512182K->297046K(1816064K), 0.0534796 secs] [Times: user=0.32 sys=0.00, real=0.06 secs] 
5112.802: [GC (Allocation Failure) [PSYoungGen: 417696K->150144K(503296K)] 613462K->443091K(1901568K), 0.0492895 secs] [Times: user=0.28 sys=0.01, real=0.05 secs] 
5114.552: [GC (Allocation Failure) [PSYoungGen: 465024K->107424K(506880K)] 757971K->541463K(1905152K), 0.0898306 secs] [Times: user=0.53 sys=0.00, real=0.09 secs] 
5115.678: [GC (Allocation Failure) [PSYoungGen: 408951K->142560K(506368K)] 842991K->681317K(1904640K), 0.0778392 secs] [Times: user=0.44 sys=0.01, real=0.07 secs] 
5118.539: [GC (Allocation Failure) [PSYoungGen: 460512K->103488K(506880K)] 999269K->776413K(1905152K), 0.1643733 secs] [Times: user=0.98 sys=0.00, real=0.16 secs] 
5119.669: [GC (Allocation Failure) [PSYoungGen: 411624K->146816K(505344K)] 1084550K->919862K(1903616K), 0.1013574 secs] [Times: user=0.60 sys=0.01, real=0.10 secs] 
5122.727: [GC (Allocation Failure) [PSYoungGen: 465792K->102400K(507904K)] 1238838K->1014174K(1906176K), 0.1746180 secs] [Times: user=1.04 sys=0.01, real=0.17 secs] 
5124.095: [GC (Allocation Failure) [PSYoungGen: 410067K->148480K(506368K)] 1321841K->1158892K(1904640K), 0.0508917 secs] [Times: user=0.30 sys=0.00, real=0.05 secs] 
5126.726: [GC (Allocation Failure) [PSYoungGen: 468480K->104416K(509440K)] 1478892K->1255028K(1907712K), 0.1525535 secs] [Times: user=0.90 sys=0.00, real=0.16 secs] 
5127.947: [GC (Allocation Failure) [PSYoungGen: 424416K->186336K(478208K)] 1575028K->1438229K(1876480K), 0.0926949 secs] [Times: user=0.54 sys=0.01, real=0.10 secs] 
5128.039: [Full GC (Ergonomics) [PSYoungGen: 186336K->0K(478208K)] [ParOldGen: 1251893K->203794K(1398272K)] 1438229K->203794K(1876480K), [Metaspace: 59727K->59727K(1105920K)], 0.4988743 secs] [Times: user=2.34 sys=0.00, real=0.50 secs] 
5131.049: [GC (Allocation Failure) [PSYoungGen: 291328K->80576K(372224K)] 495122K->284370K(1770496K), 0.1111875 secs] [Times: user=0.66 sys=0.00, real=0.11 secs] 
5132.111: [GC (Allocation Failure) [PSYoungGen: 371904K->140704K(496128K)] 575698K->421883K(1894400K), 0.0966755 secs] [Times: user=0.58 sys=0.00, real=0.10 secs] 
5134.038: [GC (Allocation Failure) [PSYoungGen: 432032K->93696K(385536K)] 713211K->507335K(1783808K), 0.0774965 secs] [Times: user=0.46 sys=0.00, real=0.07 secs] 
5135.937: [GC (Allocation Failure) [PSYoungGen: 385024K->134112K(495616K)] 798663K->639696K(1893888K), 0.0480215 secs] [Times: user=0.27 sys=0.01, real=0.05 secs] 
5137.253: [GC (Allocation Failure) [PSYoungGen: 429024K->103488K(492032K)] 934608K->734192K(1890304K), 0.0621236 secs] [Times: user=0.37 sys=0.00, real=0.06 secs] 
5138.489: [GC (Allocation Failure) [PSYoungGen: 398400K->133952K(497664K)] 1029104K->866976K(1895936K), 0.0527085 secs] [Times: user=0.31 sys=0.00, real=0.05 secs] 
5141.605: [GC (Allocation Failure) [PSYoungGen: 438080K->110624K(494592K)] 1171104K->968800K(1892864K), 0.0634062 secs] [Times: user=0.38 sys=0.00, real=0.07 secs] 
5142.500: [GC (Allocation Failure) [PSYoungGen: 414752K->129152K(504320K)] 1272928K->1098088K(1902592K), 0.0571394 secs] [Times: user=0.34 sys=0.00, real=0.05 secs] 
5145.040: [GC (Allocation Failure) [PSYoungGen: 447616K->160K(500736K)] 1416552K->969148K(1899008K), 0.0018394 secs] [Times: user=0.01 sys=0.00, real=0.00 secs] 
5145.990: [GC (Allocation Failure) [PSYoungGen: 318624K->136320K(499712K)] 1287612K->1105348K(1897984K), 0.0344615 secs] [Times: user=0.20 sys=0.00, real=0.03 secs] 
5148.924: [GC (Allocation Failure) [PSYoungGen: 438912K->111040K(413696K)] 1407940K->1206404K(1811968K), 0.0644550 secs] [Times: user=0.38 sys=0.00, real=0.07 secs] 
5150.036: [GC (Allocation Failure) [PSYoungGen: 413632K->126528K(496128K)] 1508996K->1332956K(1894400K), 0.0641465 secs] [Times: user=0.38 sys=0.00, real=0.07 secs] 
5152.439: [GC (Allocation Failure) [PSYoungGen: 432704K->121600K(493568K)] 1639132K->1444384K(1891840K), 0.0633616 secs] [Times: user=0.38 sys=0.00, real=0.06 secs] 
5152.503: [Full GC (Ergonomics) [PSYoungGen: 121600K->0K(493568K)] [ParOldGen: 1322784K->250907K(1398272K)] 1444384K->250907K(1891840K), [Metaspace: 59727K->59727K(1105920K)], 0.5516635 secs] [Times: user=2.45 sys=0.00, real=0.55 secs] 
5155.627: [GC (Allocation Failure) [PSYoungGen: 306176K->124704K(507392K)] 557083K->375611K(1905664K), 0.0344922 secs] [Times: user=0.20 sys=0.00, real=0.03 secs] 
5156.866: [GC (Allocation Failure) [PSYoungGen: 449312K->131648K(504320K)] 700219K->488648K(1902592K), 0.0617493 secs] [Times: user=0.36 sys=0.01, real=0.07 secs] 
5159.506: [GC (Allocation Failure) [PSYoungGen: 456256K->146784K(509952K)] 813256K->635096K(1908224K), 0.0658999 secs] [Times: user=0.39 sys=0.00, real=0.07 secs] 
5160.792: [GC (Allocation Failure) [PSYoungGen: 478048K->4128K(335872K)] 966360K->492504K(1734144K), 0.0024599 secs] [Times: user=0.01 sys=0.00, real=0.00 secs] 
5162.815: [GC (Allocation Failure) [PSYoungGen: 335392K->147520K(490496K)] 823768K->638525K(1888768K), 0.0295809 secs] [Times: user=0.17 sys=0.00, real=0.03 secs] 
5166.034: [GC (Allocation Failure) [PSYoungGen: 440896K->100704K(394240K)] 931901K->730221K(1792512K), 0.0656730 secs] [Times: user=0.39 sys=0.00, real=0.07 secs] 
5168.269: [GC (Allocation Failure) [PSYoungGen: 394080K->128087K(496640K)] 1023597K->857142K(1894912K), 0.0572204 secs] [Times: user=0.34 sys=0.00, real=0.05 secs] 
5170.366: [GC (Allocation Failure) [PSYoungGen: 429143K->117696K(494592K)] 1158198K->966054K(1892864K), 0.0631753 secs] [Times: user=0.38 sys=0.00, real=0.07 secs] 
5171.442: [GC (Allocation Failure) [PSYoungGen: 418752K->123008K(500224K)] 1267110K->1089174K(1898496K), 0.0641762 secs] [Times: user=0.38 sys=0.00, real=0.06 secs] 
5173.866: [GC (Allocation Failure) [PSYoungGen: 436352K->124704K(496640K)] 1402518K->1203663K(1894912K), 0.0628627 secs] [Times: user=0.38 sys=0.00, real=0.07 secs] 
5174.541: [GC (Allocation Failure) [PSYoungGen: 438048K->126272K(511488K)] 1517007K->1330103K(1909760K), 0.0608539 secs] [Times: user=0.36 sys=0.00, real=0.06 secs] 
5174.601: [Full GC (Ergonomics) [PSYoungGen: 126272K->0K(511488K)] [ParOldGen: 1203831K->139833K(1398272K)] 1330103K->139833K(1909760K), [Metaspace: 59727K->59727K(1105920K)], 0.3243010 secs] [Times: user=1.46 sys=0.00, real=0.32 secs] 
5178.714: [GC (Allocation Failure) [PSYoungGen: 331264K->122464K(508928K)] 471097K->262297K(1907200K), 0.0422455 secs] [Times: user=0.25 sys=0.00, real=0.04 secs] 
5179.847: [GC (Allocation Failure) [PSYoungGen: 453728K->141312K(510976K)] 593561K->403094K(1909248K), 0.0607778 secs] [Times: user=0.35 sys=0.01, real=0.06 secs] 
5183.190: [GC (Allocation Failure) [PSYoungGen: 478720K->9952K(347648K)] 740502K->271822K(1745920K), 0.0030970 secs] [Times: user=0.01 sys=0.00, real=0.00 secs] 
5184.640: [GC (Allocation Failure) [PSYoungGen: 347360K->155328K(490496K)] 609230K->425591K(1888768K), 0.0328632 secs] [Times: user=0.19 sys=0.00, real=0.03 secs] 
5187.238: [GC (Allocation Failure) [PSYoungGen: 455872K->99840K(499712K)] 726135K->516499K(1897984K), 0.0678805 secs] [Times: user=0.40 sys=0.00, real=0.06 secs] 
5187.958: [GC (Allocation Failure) [PSYoungGen: 400384K->141472K(499712K)] 817043K->656244K(1897984K), 0.0512642 secs] [Times: user=0.30 sys=0.01, real=0.05 secs] 
5189.793: [GC (Allocation Failure) [PSYoungGen: 448160K->103200K(410112K)] 962932K->750528K(1808384K), 0.0633887 secs] [Times: user=0.37 sys=0.00, real=0.06 secs] 
5191.496: [GC (Allocation Failure) [PSYoungGen: 409888K->143840K(496128K)] 1057216K->892602K(1894400K), 0.0519795 secs] [Times: user=0.30 sys=0.00, real=0.06 secs] 
5194.485: [GC (Allocation Failure) [PSYoungGen: 450528K->102496K(499712K)] 1199290K->986890K(1897984K), 0.0653394 secs] [Times: user=0.39 sys=0.00, real=0.07 secs] 
5196.006: [GC (Allocation Failure) [PSYoungGen: 409184K->138400K(502784K)] 1293578K->1124110K(1901056K), 0.0518498 secs] [Times: user=0.31 sys=0.00, real=0.06 secs] 
5199.010: [GC (Allocation Failure) [PSYoungGen: 453280K->108672K(504320K)] 1438990K->1223830K(1902592K), 0.0698405 secs] [Times: user=0.41 sys=0.00, real=0.07 secs] 
5200.260: [GC (Allocation Failure) [PSYoungGen: 423552K->144224K(501760K)] 1538710K->1367095K(1900032K), 0.0542758 secs] [Times: user=0.32 sys=0.00, real=0.05 secs] 
5200.315: [Full GC (Ergonomics) [PSYoungGen: 144224K->0K(501760K)] [ParOldGen: 1222871K->163923K(1398272K)] 1367095K->163923K(1900032K), [Metaspace: 59727K->59727K(1105920K)], 0.3989469 secs] [Times: user=1.84 sys=0.00, real=0.40 secs] 
5203.241: [GC (GCLocker Initiated GC) [PSYoungGen: 317952K->108448K(505344K)] 481875K->272371K(1903616K), 0.0474570 secs] [Times: user=0.28 sys=0.00, real=0.05 secs] 
5205.308: [GC (Allocation Failure) [PSYoungGen: 426400K->143488K(506880K)] 590326K->414331K(1905152K), 0.0546569 secs] [Times: user=0.32 sys=0.00, real=0.05 secs] 
5208.203: [GC (Allocation Failure) [PSYoungGen: 468096K->112640K(509952K)] 738939K->517911K(1908224K), 0.0652790 secs] [Times: user=0.39 sys=0.00, real=0.07 secs] 
5210.689: [GC (Allocation Failure) [PSYoungGen: 437248K->150784K(506368K)] 842519K->666004K(1904640K), 0.0548021 secs] [Times: user=0.33 sys=0.00, real=0.05 secs] 
5212.216: [GC (Allocation Failure) [PSYoungGen: 476928K->111744K(511488K)] 992148K->768472K(1909760K), 0.0814007 secs] [Times: user=0.49 sys=0.00, real=0.09 secs] 
5213.712: [GC (Allocation Failure) [PSYoungGen: 437888K->155168K(504320K)] 1094616K->919425K(1902592K), 0.0543461 secs] [Times: user=0.32 sys=0.00, real=0.05 secs] 
5217.301: [GC (Allocation Failure) [PSYoungGen: 478240K->107424K(510976K)] 1242497K->1018061K(1909248K), 0.1827388 secs] [Times: user=1.09 sys=0.00, real=0.18 secs] 
5218.818: [GC (Allocation Failure) [PSYoungGen: 430496K->154368K(503296K)] 1341133K->1169006K(1901568K), 0.0531266 secs] [Times: user=0.32 sys=0.00, real=0.05 secs] 
5220.875: [GC (Allocation Failure) [PSYoungGen: 473344K->97568K(508928K)] 1487982K->1265878K(1907200K), 0.1502535 secs] [Times: user=0.89 sys=0.00, real=0.15 secs] 
5221.618: [GC (Allocation Failure) [PSYoungGen: 416544K->154880K(500224K)] 1584854K->1415548K(1898496K), 0.0559913 secs] [Times: user=0.33 sys=0.00, real=0.05 secs] 
5221.674: [Full GC (Ergonomics) [PSYoungGen: 154880K->0K(500224K)] [ParOldGen: 1260668K->212760K(1398272K)] 1415548K->212760K(1898496K), [Metaspace: 59728K->59728K(1105920K)], 0.5046979 secs] [Times: user=2.35 sys=0.00, real=0.51 secs] 
5224.787: [GC (Allocation Failure) [PSYoungGen: 311808K->89472K(505344K)] 524568K->302232K(1903616K), 0.1338131 secs] [Times: user=0.79 sys=0.00, real=0.14 secs] 
5225.608: [GC (GCLocker Initiated GC) [PSYoungGen: 401280K->151488K(498688K)] 614040K->448022K(1896960K), 0.0527800 secs] [Times: user=0.32 sys=0.00, real=0.05 secs] 
5228.534: [GC (Allocation Failure) [PSYoungGen: 457152K->87872K(502272K)] 753688K->535920K(1900544K), 0.1552927 secs] [Times: user=0.76 sys=0.00, real=0.16 secs] 
5229.183: [GC (Allocation Failure) [PSYoungGen: 378063K->140800K(500736K)] 826111K->672893K(1899008K), 0.0489445 secs] [Times: user=0.29 sys=0.00, real=0.05 secs] 
5231.460: [GC (Allocation Failure) [PSYoungGen: 446976K->98816K(501760K)] 979069K->763433K(1900032K), 0.1626423 secs] [Times: user=0.96 sys=0.01, real=0.16 secs] 
5233.410: [GC (Allocation Failure) [PSYoungGen: 404992K->144544K(500736K)] 1069609K->904350K(1899008K), 0.0496988 secs] [Times: user=0.29 sys=0.00, real=0.05 secs] 
5235.371: [GC (Allocation Failure) [PSYoungGen: 452256K->100160K(501760K)] 1212062K->995982K(1900032K), 0.0700374 secs] [Times: user=0.41 sys=0.00, real=0.07 secs] 
5237.444: [GC (Allocation Failure) [PSYoungGen: 407872K->145312K(501760K)] 1303694K->1137547K(1900032K), 0.0514478 secs] [Times: user=0.30 sys=0.00, real=0.05 secs] 
5238.984: [GC (Allocation Failure) [PSYoungGen: 455584K->104096K(503296K)] 1447819K->1232523K(1901568K), 0.0924211 secs] [Times: user=0.54 sys=0.01, real=0.09 secs] 
5240.508: [GC (Allocation Failure) [PSYoungGen: 414368K->156768K(497152K)] 1542795K->1386096K(1895424K), 0.0528247 secs] [Times: user=0.32 sys=0.00, real=0.05 secs] 
5240.561: [Full GC (Ergonomics) [PSYoungGen: 156768K->0K(497152K)] [ParOldGen: 1229328K->185335K(1398272K)] 1386096K->185335K(1895424K), [Metaspace: 59728K->59728K(1105920K)], 0.4573047 secs] [Times: user=2.11 sys=0.00, real=0.46 secs] 
5243.563: [GC (Allocation Failure) [PSYoungGen: 307712K->100160K(503296K)] 493047K->285495K(1901568K), 0.0404858 secs] [Times: user=0.24 sys=0.01, real=0.04 secs] 
5244.494: [GC (Allocation Failure) [PSYoungGen: 407872K->147328K(501760K)] 593207K->430524K(1900032K), 0.0508118 secs] [Times: user=0.30 sys=0.00, real=0.05 secs] 
5246.381: [GC (Allocation Failure) [PSYoungGen: 456064K->100192K(409088K)] 739260K->522088K(1807360K), 0.0636128 secs] [Times: user=0.38 sys=0.00, real=0.06 secs] 
5248.663: [GC (Allocation Failure) [PSYoungGen: 408928K->144512K(502272K)] 830824K->664089K(1900544K), 0.0507975 secs] [Times: user=0.30 sys=0.00, real=0.05 secs] 
5250.148: [GC (Allocation Failure) [PSYoungGen: 454272K->103008K(503296K)] 973849K->758477K(1901568K), 0.0650113 secs] [Times: user=0.39 sys=0.00, real=0.06 secs] 
5251.394: [GC (Allocation Failure) [PSYoungGen: 412768K->145568K(501760K)] 1068237K->902142K(1900032K), 0.0527135 secs] [Times: user=0.30 sys=0.01, real=0.05 secs] 
5253.981: [GC (Allocation Failure) [PSYoungGen: 456864K->103168K(503296K)] 1213438K->996914K(1901568K), 0.0657866 secs] [Times: user=0.40 sys=0.00, real=0.06 secs] 
5256.198: [GC (Allocation Failure) [PSYoungGen: 414464K->144160K(503808K)] 1308210K->1138635K(1902080K), 0.0529581 secs] [Times: user=0.31 sys=0.00, real=0.05 secs] 
5257.693: [GC (Allocation Failure) [PSYoungGen: 459040K->107488K(505344K)] 1453515K->1237079K(1903616K), 0.0756225 secs] [Times: user=0.44 sys=0.00, real=0.08 secs] 
5259.240: [GC (Allocation Failure) [PSYoungGen: 422368K->149312K(503296K)] 1551959K->1384336K(1901568K), 0.0855009 secs] [Times: user=0.43 sys=0.00, real=0.08 secs] 
5259.325: [Full GC (Ergonomics) [PSYoungGen: 149312K->0K(503296K)] [ParOldGen: 1235023K->182669K(1398272K)] 1384336K->182669K(1901568K), [Metaspace: 59728K->59728K(1105920K)], 0.4443802 secs] [Times: user=2.02 sys=0.00, real=0.45 secs] 
5261.720: [GC (Allocation Failure) [PSYoungGen: 316416K->103040K(506368K)] 499085K->285709K(1904640K), 0.0487114 secs] [Times: user=0.28 sys=0.00, real=0.05 secs] 
5264.350: [GC (Allocation Failure) [PSYoungGen: 419456K->148352K(505856K)] 602125K->431385K(1904128K), 0.0514606 secs] [Times: user=0.31 sys=0.01, real=0.05 secs] 
5266.377: [GC (Allocation Failure) [PSYoungGen: 466304K->105376K(423424K)] 749337K->528302K(1821696K), 0.0809194 secs] [Times: user=0.48 sys=0.00, real=0.08 secs] 
5268.339: [GC (Allocation Failure) [PSYoungGen: 423328K->150144K(504320K)] 846254K->674786K(1902592K), 0.0519456 secs] [Times: user=0.31 sys=0.00, real=0.05 secs] 
5270.959: [GC (GCLocker Initiated GC) [PSYoungGen: 467072K->105120K(507904K)] 991715K->770987K(1906176K), 0.1683183 secs] [Times: user=0.99 sys=0.01, real=0.17 secs] 
5272.588: [GC (Allocation Failure) [PSYoungGen: 422048K->151712K(502784K)] 1087917K->918710K(1901056K), 0.0519915 secs] [Times: user=0.31 sys=0.00, real=0.05 secs] 
5274.137: [GC (Allocation Failure) [PSYoungGen: 466592K->107072K(506880K)] 1233590K->1016590K(1905152K), 0.1150520 secs] [Times: user=0.68 sys=0.01, real=0.11 secs] 
5275.257: [GC (Allocation Failure) [PSYoungGen: 410037K->144992K(506880K)] 1319556K->1157859K(1905152K), 0.0535046 secs] [Times: user=0.32 sys=0.00, real=0.05 secs] 
5277.264: [GC (Allocation Failure) [PSYoungGen: 462944K->104096K(422400K)] 1475811K->1253387K(1820672K), 0.1187114 secs] [Times: user=0.71 sys=0.00, real=0.12 secs] 
5278.028: [GC (Allocation Failure) [PSYoungGen: 411338K->146432K(505344K)] 1560630K->1396537K(1903616K), 0.0592762 secs] [Times: user=0.35 sys=0.00, real=0.06 secs] 
5278.087: [Full GC (Ergonomics) [PSYoungGen: 146432K->0K(505344K)] [ParOldGen: 1250105K->195883K(1398272K)] 1396537K->195883K(1903616K), [Metaspace: 59728K->59728K(1105920K)], 0.4774615 secs] [Times: user=2.21 sys=0.01, real=0.47 secs] 
5280.505: [GC (Allocation Failure) [PSYoungGen: 317952K->106304K(507392K)] 513835K->302187K(1905664K), 0.0395830 secs] [Times: user=0.23 sys=0.01, real=0.04 secs] 
5281.455: [GC (Allocation Failure) [PSYoungGen: 409924K->143744K(507392K)] 605807K->442912K(1905664K), 0.1410614 secs] [Times: user=0.84 sys=0.00, real=0.14 secs] 
5284.833: [GC (Allocation Failure) [PSYoungGen: 464768K->103296K(508416K)] 763936K->537952K(1906688K), 0.1341488 secs] [Times: user=0.80 sys=0.01, real=0.14 secs] 
5285.929: [GC (Allocation Failure) [PSYoungGen: 414241K->146720K(508416K)] 848897K->682157K(1906688K), 0.0653637 secs] [Times: user=0.38 sys=0.00, real=0.06 secs] 
5288.589: [GC (GCLocker Initiated GC) [PSYoungGen: 469792K->105888K(510464K)] 1005229K->779629K(1908736K), 0.1528284 secs] [Times: user=0.90 sys=0.01, real=0.15 secs] 
5289.412: [GC (Allocation Failure) [PSYoungGen: 428960K->156864K(501760K)] 1102736K->932424K(1900032K), 0.0522279 secs] [Times: user=0.31 sys=0.00, real=0.05 secs] 
5291.467: [GC (Allocation Failure) [PSYoungGen: 473792K->97120K(507904K)] 1249352K->1029265K(1906176K), 0.1349174 secs] [Times: user=0.80 sys=0.00, real=0.13 secs] 
5292.073: [GC (Allocation Failure) [PSYoungGen: 414048K->154688K(499712K)] 1346193K->1177977K(1897984K), 0.0556639 secs] [Times: user=0.34 sys=0.00, real=0.06 secs] 
5295.098: [GC (Allocation Failure) [PSYoungGen: 464448K->92480K(504320K)] 1487737K->1269681K(1902592K), 0.1582242 secs] [Times: user=0.94 sys=0.00, real=0.15 secs] 
5295.717: [GC (Allocation Failure) [PSYoungGen: 402240K->152256K(498688K)] 1579441K->1416298K(1896960K), 0.0546331 secs] [Times: user=0.32 sys=0.01, real=0.06 secs] 
5295.771: [Full GC (Ergonomics) [PSYoungGen: 152256K->0K(498688K)] [ParOldGen: 1264042K->213894K(1398272K)] 1416298K->213894K(1896960K), [Metaspace: 59728K->59728K(1105920K)], 0.4992585 secs] [Times: user=2.33 sys=0.00, real=0.50 secs] 
5298.301: [GC (Allocation Failure) [PSYoungGen: 304640K->88704K(501760K)] 518534K->302599K(1900032K), 0.1156062 secs] [Times: user=0.69 sys=0.00, real=0.12 secs] 
5299.243: [GC (Allocation Failure) [PSYoungGen: 393344K->151168K(496128K)] 607239K->447467K(1894400K), 0.0531553 secs] [Times: user=0.32 sys=0.00, real=0.05 secs] 
5301.369: [GC (Allocation Failure) [PSYoungGen: 450688K->88928K(499200K)] 746987K->536171K(1897472K), 0.1612124 secs] [Times: user=0.96 sys=0.00, real=0.16 secs] 
5302.371: [GC (Allocation Failure) [PSYoungGen: 381055K->140928K(497152K)] 828299K->673436K(1895424K), 0.0493641 secs] [Times: user=0.29 sys=0.00, real=0.05 secs] 
5305.302: [GC (Allocation Failure) [PSYoungGen: 441472K->93664K(498688K)] 973980K->758396K(1896960K), 0.0718634 secs] [Times: user=0.43 sys=0.00, real=0.07 secs] 
5307.233: [GC (Allocation Failure) [PSYoungGen: 394208K->152288K(495104K)] 1058940K->907017K(1893376K), 0.0479457 secs] [Times: user=0.28 sys=0.00, real=0.05 secs] 
5309.531: [GC (Allocation Failure) [PSYoungGen: 451808K->95488K(499200K)] 1206537K->985737K(1897472K), 0.0748764 secs] [Times: user=0.45 sys=0.00, real=0.07 secs] 
5311.338: [GC (Allocation Failure) [PSYoungGen: 395008K->142464K(498688K)] 1285257K->1125866K(1896960K), 0.0493988 secs] [Times: user=0.29 sys=0.00, real=0.05 secs] 
5313.059: [GC (Allocation Failure) [PSYoungGen: 444544K->100352K(402944K)] 1427946K->1217714K(1801216K), 0.0644513 secs] [Times: user=0.38 sys=0.00, real=0.06 secs] 
5314.341: [GC (GCLocker Initiated GC) [PSYoungGen: 402432K->139776K(499200K)] 1519795K->1356363K(1897472K), 0.0513558 secs] [Times: user=0.30 sys=0.00, real=0.05 secs] 
5314.392: [Full GC (Ergonomics) [PSYoungGen: 139776K->0K(499200K)] [ParOldGen: 1216587K->162591K(1398272K)] 1356363K->162591K(1897472K), [Metaspace: 59728K->59728K(1105920K)], 0.3891591 secs] [Times: user=1.79 sys=0.00, real=0.39 secs] 
5316.142: [GC (Allocation Failure) [PSYoungGen: 305152K->104864K(498688K)] 467745K->267457K(1896960K), 0.0411962 secs] [Times: user=0.24 sys=0.00, real=0.04 secs] 
5317.972: [GC (Allocation Failure) [PSYoungGen: 410016K->141024K(500736K)] 572609K->407042K(1899008K), 0.0536522 secs] [Times: user=0.32 sys=0.00, real=0.05 secs] 
5320.348: [GC (Allocation Failure) [PSYoungGen: 451808K->105568K(501248K)] 717826K->504058K(1899520K), 0.0648814 secs] [Times: user=0.38 sys=0.00, real=0.06 secs] 
5321.179: [GC (Allocation Failure) [PSYoungGen: 416352K->142496K(503296K)] 814842K->645819K(1901568K), 0.0528906 secs] [Times: user=0.31 sys=0.00, real=0.05 secs] 
5324.336: [GC (Allocation Failure) [PSYoungGen: 459424K->107232K(504832K)] 962747K->744667K(1903104K), 0.0661173 secs] [Times: user=0.39 sys=0.00, real=0.07 secs] 
5325.222: [GC (Allocation Failure) [PSYoungGen: 424160K->146976K(505856K)] 1061595K->890808K(1904128K), 0.0530054 secs] [Times: user=0.32 sys=0.00, real=0.05 secs] 
5327.264: [GC (Allocation Failure) [PSYoungGen: 468512K->109600K(508928K)] 1212344K->991944K(1907200K), 0.0658227 secs] [Times: user=0.39 sys=0.00, real=0.07 secs] 
5328.840: [GC (Allocation Failure) [PSYoungGen: 431136K->149312K(506368K)] 1313480K->1139545K(1904640K), 0.0543615 secs] [Times: user=0.32 sys=0.00, real=0.05 secs] 
5330.302: [GC (Allocation Failure) [PSYoungGen: 472384K->109440K(510464K)] 1462617K->1240097K(1908736K), 0.0696556 secs] [Times: user=0.41 sys=0.00, real=0.07 secs] 
5332.264: [GC (GCLocker Initiated GC) [PSYoungGen: 432512K->149696K(507904K)] 1563169K->1387338K(1906176K), 0.0545125 secs] [Times: user=0.32 sys=0.00, real=0.06 secs] 
5332.318: [Full GC (Ergonomics) [PSYoungGen: 149696K->0K(507904K)] [ParOldGen: 1237642K->183767K(1398272K)] 1387338K->183767K(1906176K), [Metaspace: 59728K->59728K(1105920K)], 0.4434870 secs] [Times: user=2.05 sys=0.00, real=0.44 secs] 
5334.569: [GC (Allocation Failure) [PSYoungGen: 324096K->112384K(511488K)] 507864K->296152K(1909760K), 0.0822617 secs] [Times: user=0.48 sys=0.00, real=0.08 secs] 
5336.269: [GC (Allocation Failure) [PSYoungGen: 436480K->151904K(506880K)] 620248K->444712K(1905152K), 0.0511668 secs] [Times: user=0.31 sys=0.00, real=0.05 secs] 
5338.528: [GC (Allocation Failure) [PSYoungGen: 474976K->106400K(510976K)] 767784K->542460K(1909248K), 0.1640325 secs] [Times: user=0.98 sys=0.00, real=0.16 secs] 
5339.625: [GC (Allocation Failure) [PSYoungGen: 429472K->155296K(503296K)] 865532K->693785K(1901568K), 0.0524946 secs] [Times: user=0.31 sys=0.00, real=0.06 secs] 
5343.528: [GC (Allocation Failure) [PSYoungGen: 473248K->92480K(508416K)] 1011737K->785805K(1906688K), 0.1761798 secs] [Times: user=1.05 sys=0.01, real=0.17 secs] 
5344.491: [GC (Allocation Failure) [PSYoungGen: 410432K->152192K(501248K)] 1103757K->934085K(1899520K), 0.0548369 secs] [Times: user=0.32 sys=0.00, real=0.05 secs] 
5347.130: [GC (Allocation Failure) [PSYoungGen: 462646K->92512K(504832K)] 1244540K->1026041K(1903104K), 0.1602413 secs] [Times: user=0.94 sys=0.01, real=0.16 secs] 
5348.185: [GC (Allocation Failure) [PSYoungGen: 403296K->149600K(500224K)] 1336825K->1171410K(1898496K), 0.0540085 secs] [Times: user=0.32 sys=0.00, real=0.06 secs] 
5350.766: [GC (Allocation Failure) [PSYoungGen: 456288K->91520K(502784K)] 1478098K->1262254K(1901056K), 0.1526132 secs] [Times: user=0.91 sys=0.00, real=0.16 secs] 
5351.740: [GC (Allocation Failure) [PSYoungGen: 381895K->140000K(499712K)] 1552629K->1398731K(1897984K), 0.0502873 secs] [Times: user=0.29 sys=0.00, real=0.05 secs] 
5351.790: [Full GC (Ergonomics) [PSYoungGen: 140000K->0K(499712K)] [ParOldGen: 1258731K->195991K(1398272K)] 1398731K->195991K(1897984K), [Metaspace: 59728K->59728K(1105920K)], 0.4846171 secs] [Times: user=2.25 sys=0.00, real=0.48 secs] 
5354.180: [GC (Allocation Failure) [PSYoungGen: 307712K->102080K(501760K)] 503703K->298072K(1900032K), 0.0416435 secs] [Times: user=0.24 sys=0.00, real=0.04 secs] 
5355.147: [GC (Allocation Failure) [PSYoungGen: 409792K->146976K(501760K)] 605784K->440381K(1900032K), 0.0715951 secs] [Times: user=0.43 sys=0.01, real=0.07 secs] 
5357.545: [GC (Allocation Failure) [PSYoungGen: 457760K->98304K(503808K)] 751165K->530637K(1902080K), 0.1513486 secs] [Times: user=0.90 sys=0.00, real=0.15 secs] 
5358.800: [GC (Allocation Failure) [PSYoungGen: 409088K->149504K(501760K)] 841421K->676434K(1900032K), 0.0489794 secs] [Times: user=0.29 sys=0.00, real=0.05 secs] 
5360.962: [GC (Allocation Failure) [PSYoungGen: 460288K->103712K(504832K)] 987218K->771726K(1903104K), 0.1040441 secs] [Times: user=0.62 sys=0.01, real=0.10 secs] 
5362.555: [GC (Allocation Failure) [PSYoungGen: 414496K->146624K(502784K)] 1082510K->915652K(1901056K), 0.0510738 secs] [Times: user=0.30 sys=0.00, real=0.05 secs] 
5365.530: [GC (Allocation Failure) [PSYoungGen: 458432K->98080K(504832K)] 1227460K->1005140K(1903104K), 0.0645645 secs] [Times: user=0.38 sys=0.00, real=0.06 secs] 
5366.433: [GC (GCLocker Initiated GC) [PSYoungGen: 409888K->149696K(501760K)] 1316948K->1151697K(1900032K), 0.0615794 secs] [Times: user=0.36 sys=0.00, real=0.06 secs] 
5368.991: [GC (Allocation Failure) [PSYoungGen: 460480K->100768K(504832K)] 1462529K->1244413K(1903104K), 0.0982646 secs] [Times: user=0.59 sys=0.00, real=0.10 secs] 
5369.751: [GC (Allocation Failure) [PSYoungGen: 411552K->149632K(501248K)] 1555197K->1390854K(1899520K), 0.0514327 secs] [Times: user=0.31 sys=0.00, real=0.05 secs] 
5369.803: [Full GC (Ergonomics) [PSYoungGen: 149632K->0K(501248K)] [ParOldGen: 1241222K->188425K(1398272K)] 1390854K->188425K(1899520K), [Metaspace: 59728K->59728K(1105920K)], 0.4599843 secs] [Times: user=2.13 sys=0.00, real=0.46 secs] 
5371.580: [GC (Allocation Failure) [PSYoungGen: 309760K->102272K(504320K)] 498185K->290697K(1902592K), 0.0431892 secs] [Times: user=0.25 sys=0.00, real=0.04 secs] 
5374.383: [GC (Allocation Failure) [PSYoungGen: 412032K->148000K(501760K)] 600457K->434962K(1900032K), 0.0504555 secs] [Times: user=0.30 sys=0.00, real=0.05 secs] 
5375.585: [GC (Allocation Failure) [PSYoungGen: 458272K->100192K(504320K)] 745234K->526514K(1902592K), 0.0654996 secs] [Times: user=0.39 sys=0.00, real=0.07 secs] 
5377.803: [GC (Allocation Failure) [PSYoungGen: 410464K->149696K(501248K)] 836786K->673059K(1899520K), 0.0756784 secs] [Times: user=0.45 sys=0.00, real=0.08 secs] 
5380.126: [GC (Allocation Failure) [PSYoungGen: 459456K->99264K(504320K)] 982819K->764203K(1902592K), 0.1171990 secs] [Times: user=0.69 sys=0.01, real=0.12 secs] 
5382.031: [GC (Allocation Failure) [PSYoungGen: 409024K->145664K(503296K)] 1073963K->906327K(1901568K), 0.0499097 secs] [Times: user=0.29 sys=0.00, real=0.05 secs] 
5383.273: [GC (Allocation Failure) [PSYoungGen: 455265K->104000K(415744K)] 1215929K->1001355K(1814016K), 0.0659740 secs] [Times: user=0.39 sys=0.00, real=0.07 secs] 
5384.816: [GC (Allocation Failure) [PSYoungGen: 415296K->146720K(501760K)] 1312651K->1146037K(1900032K), 0.0533672 secs] [Times: user=0.32 sys=0.00, real=0.06 secs] 
5386.802: [GC (Allocation Failure) [PSYoungGen: 458016K->102624K(503808K)] 1457333K->1240013K(1902080K), 0.0659245 secs] [Times: user=0.39 sys=0.00, real=0.07 secs] 
5387.972: [GC (Allocation Failure) [PSYoungGen: 413920K->146976K(502784K)] 1551309K->1384906K(1901056K), 0.0530438 secs] [Times: user=0.31 sys=0.00, real=0.05 secs] 
5388.025: [Full GC (Ergonomics) [PSYoungGen: 146976K->0K(502784K)] [ParOldGen: 1237930K->183124K(1398272K)] 1384906K->183124K(1901056K), [Metaspace: 59728K->59728K(1105920K)], 0.4437597 secs] [Times: user=2.05 sys=0.00, real=0.45 secs] 
5389.940: [GC (Allocation Failure) [PSYoungGen: 313344K->103616K(505344K)] 496468K->286740K(1903616K), 0.0327978 secs] [Times: user=0.19 sys=0.00, real=0.03 secs] 
5390.935: [GC (Allocation Failure) [PSYoungGen: 416960K->151904K(501760K)] 600084K->435749K(1900032K), 0.0531594 secs] [Times: user=0.31 sys=0.00, real=0.06 secs] 
5393.293: [GC (Allocation Failure) [PSYoungGen: 464736K->100032K(505856K)] 748581K->527645K(1904128K), 0.0700121 secs] [Times: user=0.41 sys=0.00, real=0.07 secs] 
5394.502: [GC (GCLocker Initiated GC) [PSYoungGen: 412864K->149440K(502784K)] 840477K->674318K(1901056K), 0.0543383 secs] [Times: user=0.32 sys=0.00, real=0.05 secs] 
5396.524: [GC (Allocation Failure) [PSYoungGen: 461248K->101184K(505344K)] 986129K->767321K(1903616K), 0.0856918 secs] [Times: user=0.51 sys=0.00, real=0.09 secs] 
5398.966: [GC (GCLocker Initiated GC) [PSYoungGen: 412992K->149472K(501760K)] 1079129K->912883K(1900032K), 0.0510309 secs] [Times: user=0.30 sys=0.00, real=0.06 secs] 
5400.179: [GC (Allocation Failure) [PSYoungGen: 460256K->101408K(504832K)] 1223669K->1005677K(1903104K), 0.0813021 secs] [Times: user=0.48 sys=0.00, real=0.08 secs] 
5401.904: [GC (Allocation Failure) [PSYoungGen: 412192K->148128K(503296K)] 1316461K->1150186K(1901568K), 0.0514423 secs] [Times: user=0.31 sys=0.01, real=0.05 secs] 
5404.049: [GC (Allocation Failure) [PSYoungGen: 459936K->102080K(414208K)] 1461994K->1243626K(1812480K), 0.1297845 secs] [Times: user=0.78 sys=0.01, real=0.13 secs] 
5405.252: [GC (Allocation Failure) [PSYoungGen: 413888K->151264K(500736K)] 1555434K->1391723K(1899008K), 0.0517731 secs] [Times: user=0.31 sys=0.00, real=0.05 secs] 
5405.304: [Full GC (Ergonomics) [PSYoungGen: 151264K->0K(500736K)] [ParOldGen: 1240458K->189912K(1398272K)] 1391723K->189912K(1899008K), [Metaspace: 59728K->59728K(1105920K)], 0.4565268 secs] [Times: user=2.12 sys=0.00, real=0.46 secs] 
5408.128: [GC (Allocation Failure) [PSYoungGen: 309760K->100224K(504320K)] 499672K->290136K(1902592K), 0.0309901 secs] [Times: user=0.18 sys=0.00, real=0.03 secs] 
5409.338: [GC (Allocation Failure) [PSYoungGen: 409984K->148576K(502272K)] 599896K->433690K(1900544K), 0.0785236 secs] [Times: user=0.46 sys=0.00, real=0.07 secs] 
5411.986: [GC (Allocation Failure) [PSYoungGen: 458336K->100544K(410624K)] 743450K->525750K(1808896K), 0.0645500 secs] [Times: user=0.38 sys=0.00, real=0.07 secs] 
5414.049: [GC (Allocation Failure) [PSYoungGen: 410304K->144256K(502784K)] 835510K->666651K(1901056K), 0.0504411 secs] [Times: user=0.30 sys=0.00, real=0.05 secs] 
5415.305: [GC (Allocation Failure) [PSYoungGen: 455040K->106336K(417280K)] 977435K->763435K(1815552K), 0.0644715 secs] [Times: user=0.38 sys=0.00, real=0.07 secs] 
5416.682: [GC (Allocation Failure) [PSYoungGen: 417120K->148032K(500736K)] 1074219K->908468K(1899008K), 0.0529488 secs] [Times: user=0.31 sys=0.01, real=0.05 secs] 
5418.520: [GC (Allocation Failure) [PSYoungGen: 459328K->102720K(503296K)] 1219764K->1002604K(1901568K), 0.0745320 secs] [Times: user=0.44 sys=0.00, real=0.07 secs] 
5420.279: [GC (Allocation Failure) [PSYoungGen: 414016K->148288K(504320K)] 1313900K->1147637K(1902592K), 0.0521360 secs] [Times: user=0.30 sys=0.00, real=0.05 secs] 
5421.870: [GC (Allocation Failure) [PSYoungGen: 463168K->105376K(420352K)] 1462517K->1244405K(1818624K), 0.0687531 secs] [Times: user=0.41 sys=0.00, real=0.07 secs] 
5423.344: [GC (Allocation Failure) [PSYoungGen: 420256K->148448K(503808K)] 1559285K->1389830K(1902080K), 0.0527204 secs] [Times: user=0.31 sys=0.00, real=0.05 secs] 
5423.397: [Full GC (Ergonomics) [PSYoungGen: 148448K->0K(503808K)] [ParOldGen: 1241382K->188505K(1398272K)] 1389830K->188505K(1902080K), [Metaspace: 59728K->59728K(1105920K)], 0.4572962 secs] [Times: user=2.12 sys=0.00, real=0.46 secs] 
5425.886: [GC (Allocation Failure) [PSYoungGen: 314880K->103392K(506368K)] 503385K->291897K(1904640K), 0.0576429 secs] [Times: user=0.34 sys=0.00, real=0.06 secs] 
5428.085: [GC (Allocation Failure) [PSYoungGen: 418272K->147136K(505344K)] 606777K->435430K(1903616K), 0.0509146 secs] [Times: user=0.30 sys=0.00, real=0.05 secs] 
5429.474: [GC (Allocation Failure) [PSYoungGen: 463552K->108288K(424960K)] 751846K->534574K(1823232K), 0.0833069 secs] [Times: user=0.49 sys=0.00, real=0.09 secs] 
5430.820: [GC (Allocation Failure) [PSYoungGen: 424704K->150592K(503808K)] 850990K->681683K(1902080K), 0.0527211 secs] [Times: user=0.31 sys=0.00, real=0.05 secs] 
5432.679: [GC (Allocation Failure) [PSYoungGen: 466496K->104224K(506880K)] 997587K->777007K(1905152K), 0.0994771 secs] [Times: user=0.59 sys=0.00, real=0.10 secs] 
5433.845: [GC (Allocation Failure) [PSYoungGen: 411001K->147264K(506368K)] 1083785K->920136K(1904640K), 0.0502900 secs] [Times: user=0.30 sys=0.00, real=0.05 secs] 
5436.237: [GC (Allocation Failure) [PSYoungGen: 465216K->103744K(508416K)] 1238088K->1015008K(1906688K), 0.1248534 secs] [Times: user=0.75 sys=0.00, real=0.13 secs] 
5437.192: [GC (Allocation Failure) [PSYoungGen: 411096K->147264K(506880K)] 1322361K->1158423K(1905152K), 0.0505528 secs] [Times: user=0.30 sys=0.00, real=0.05 secs] 
5439.448: [GC (Allocation Failure) [PSYoungGen: 465728K->105472K(424448K)] 1476887K->1255151K(1822720K), 0.1318284 secs] [Times: user=0.79 sys=0.00, real=0.13 secs] 
5440.087: [GC (Allocation Failure) [PSYoungGen: 423936K->154464K(502272K)] 1573615K->1406380K(1900544K), 0.0534266 secs] [Times: user=0.31 sys=0.00, real=0.05 secs] 
5440.140: [Full GC (Ergonomics) [PSYoungGen: 154464K->0K(502272K)] [ParOldGen: 1251916K->205722K(1398272K)] 1406380K->205722K(1900544K), [Metaspace: 59728K->59728K(1105920K)], 0.4798066 secs] [Times: user=2.21 sys=0.00, real=0.48 secs] 
5443.443: [GC (Allocation Failure) [PSYoungGen: 314880K->92128K(506880K)] 520602K->297850K(1905152K), 0.1561758 secs] [Times: user=0.93 sys=0.00, real=0.16 secs] 
5444.013: [GC (Allocation Failure) [PSYoungGen: 407008K->169280K(487424K)] 612730K->463735K(1885696K), 0.0654996 secs] [Times: user=0.31 sys=0.00, real=0.07 secs] 
5446.571: [GC (Allocation Failure) [PSYoungGen: 464704K->84224K(379904K)] 759159K->531335K(1778176K), 0.1581297 secs] [Times: user=0.94 sys=0.01, real=0.16 secs] 
5447.537: [GC (Allocation Failure) [PSYoungGen: 379648K->144000K(497152K)] 826759K->671984K(1895424K), 0.0486370 secs] [Times: user=0.29 sys=0.00, real=0.05 secs] 
5449.389: [GC (Allocation Failure) [PSYoungGen: 438912K->93696K(389120K)] 966896K->757537K(1787392K), 0.0631506 secs] [Times: user=0.38 sys=0.00, real=0.06 secs] 
5451.920: [GC (Allocation Failure) [PSYoungGen: 388608K->136448K(497152K)] 1052449K->890517K(1895424K), 0.0484791 secs] [Times: user=0.29 sys=0.00, real=0.05 secs] 
5453.134: [GC (Allocation Failure) [PSYoungGen: 433920K->101440K(494592K)] 1187989K->982729K(1892864K), 0.0631691 secs] [Times: user=0.38 sys=0.00, real=0.07 secs] 
5455.040: [GC (Allocation Failure) [PSYoungGen: 398912K->135744K(497664K)] 1280201K->1116070K(1895936K), 0.0510459 secs] [Times: user=0.30 sys=0.00, real=0.05 secs] 
5456.294: [GC (Allocation Failure) [PSYoungGen: 439872K->107392K(495616K)] 1420198K->1213654K(1893888K), 0.0637696 secs] [Times: user=0.38 sys=0.00, real=0.07 secs] 
5457.321: [GC (Allocation Failure) [PSYoungGen: 411520K->139616K(501248K)] 1517782K->1352340K(1899520K), 0.0537882 secs] [Times: user=0.32 sys=0.00, real=0.05 secs] 
5459.335: [GC (Allocation Failure) [PSYoungGen: 453472K->108096K(501248K)] 1666196K->1451516K(1899520K), 0.0700040 secs] [Times: user=0.41 sys=0.00, real=0.07 secs] 
5459.405: [Full GC (Ergonomics) [PSYoungGen: 108096K->0K(501248K)] [ParOldGen: 1343420K->20632K(1398272K)] 1451516K->20632K(1899520K), [Metaspace: 59728K->59708K(1105920K)], 0.0377024 secs] [Times: user=0.09 sys=0.00, real=0.04 secs] 
5460.692: [GC (Allocation Failure) [PSYoungGen: 313856K->144736K(505856K)] 334488K->165368K(1904128K), 0.0296904 secs] [Times: user=0.18 sys=0.00, real=0.03 secs] 
5462.812: [GC (Allocation Failure) [PSYoungGen: 466784K->108384K(507904K)] 487416K->265552K(1906176K), 0.0646165 secs] [Times: user=0.39 sys=0.00, real=0.06 secs] 
5465.201: [GC (Allocation Failure) [PSYoungGen: 430432K->149056K(508416K)] 587600K->412517K(1906688K), 0.0535830 secs] [Times: user=0.32 sys=0.00, real=0.05 secs] 
5466.507: [GC (Allocation Failure) [PSYoungGen: 474688K->113440K(512000K)] 738149K->516877K(1910272K), 0.0660437 secs] [Times: user=0.39 sys=0.01, real=0.06 secs] 
5468.059: [GC (Allocation Failure) [PSYoungGen: 439072K->153504K(506368K)] 842509K->668134K(1904640K), 0.0551646 secs] [Times: user=0.33 sys=0.00, real=0.05 secs] 
5471.002: [GC (Allocation Failure) [PSYoungGen: 477600K->102208K(511488K)] 992230K->762070K(1909760K), 0.1199017 secs] [Times: user=0.71 sys=0.00, real=0.12 secs] 
5473.078: [GC (Allocation Failure) [PSYoungGen: 426084K->156576K(501760K)] 1085946K->914010K(1900032K), 0.0513166 secs] [Times: user=0.30 sys=0.00, real=0.05 secs] 
5474.739: [GC (Allocation Failure) [PSYoungGen: 472480K->104416K(507392K)] 1229914K->1009738K(1905664K), 0.1302832 secs] [Times: user=0.78 sys=0.00, real=0.13 secs] 
5476.136: [GC (Allocation Failure) [PSYoungGen: 411013K->146784K(506880K)] 1316336K->1152427K(1905152K), 0.0506319 secs] [Times: user=0.30 sys=0.00, real=0.05 secs] 
5479.304: [GC (Allocation Failure) [PSYoungGen: 464736K->102496K(420864K)] 1470379K->1246355K(1819136K), 0.1642447 secs] [Times: user=0.97 sys=0.01, real=0.17 secs] 
5480.638: [GC (Allocation Failure) [PSYoungGen: 412190K->148256K(505344K)] 1556049K->1390608K(1903616K), 0.0501523 secs] [Times: user=0.29 sys=0.00, real=0.05 secs] 
5480.688: [Full GC (Ergonomics) [PSYoungGen: 148256K->0K(505344K)] [ParOldGen: 1242352K->195613K(1398272K)] 1390608K->195613K(1903616K), [Metaspace: 59711K->59711K(1105920K)], 0.4829392 secs] [Times: user=2.25 sys=0.00, real=0.48 secs] 
5483.142: [GC (Allocation Failure) [PSYoungGen: 316928K->102720K(507904K)] 512541K->298333K(1906176K), 0.0954732 secs] [Times: user=0.57 sys=0.00, real=0.10 secs] 
5485.470: [GC (Allocation Failure) [PSYoungGen: 407733K->147232K(506880K)] 603347K->442054K(1905152K), 0.1248334 secs] [Times: user=0.74 sys=0.01, real=0.12 secs] 
5487.812: [GC (Allocation Failure) [PSYoungGen: 465184K->101472K(419840K)] 760006K->535406K(1818112K), 0.1586920 secs] [Times: user=0.94 sys=0.00, real=0.16 secs] 
5489.089: [GC (Allocation Failure) [PSYoungGen: 410578K->149440K(504320K)] 844512K->680934K(1902592K), 0.0496780 secs] [Times: user=0.29 sys=0.00, real=0.05 secs] 
5490.821: [GC (Allocation Failure) [PSYoungGen: 465344K->104224K(507392K)] 996838K->776579K(1905664K), 0.1676222 secs] [Times: user=0.99 sys=0.00, real=0.17 secs] 
5492.037: [GC (Allocation Failure) [PSYoungGen: 414495K->147136K(505856K)] 1086850K->919799K(1904128K), 0.0506872 secs] [Times: user=0.30 sys=0.00, real=0.05 secs] 
5493.946: [GC (Allocation Failure) [PSYoungGen: 464064K->103104K(420352K)] 1236727K->1013947K(1818624K), 0.1341621 secs] [Times: user=0.80 sys=0.01, real=0.14 secs] 
5494.798: [GC (Allocation Failure) [PSYoungGen: 411796K->147648K(505344K)] 1322639K->1157992K(1903616K), 0.0502508 secs] [Times: user=0.30 sys=0.00, real=0.05 secs] 
5496.967: [GC (Allocation Failure) [PSYoungGen: 464576K->105696K(507392K)] 1474920K->1254880K(1905664K), 0.1161599 secs] [Times: user=0.69 sys=0.01, real=0.12 secs] 
5497.488: [GC (Allocation Failure) [PSYoungGen: 422624K->187008K(477184K)] 1571808K->1438257K(1875456K), 0.0542121 secs] [Times: user=0.31 sys=0.00, real=0.05 secs] 
5497.542: [Full GC (Ergonomics) [PSYoungGen: 187008K->0K(477184K)] [ParOldGen: 1251249K->205204K(1398272K)] 1438257K->205204K(1875456K), [Metaspace: 59711K->59711K(1105920K)], 0.4777925 secs] [Times: user=2.21 sys=0.00, real=0.48 secs] 
5499.994: [GC (Allocation Failure) [PSYoungGen: 289280K->78432K(368128K)] 494484K->283636K(1766400K), 0.1278654 secs] [Times: user=0.76 sys=0.00, real=0.13 secs] 
5501.016: [GC (Allocation Failure) [PSYoungGen: 367712K->140960K(495104K)] 572916K->421474K(1893376K), 0.0471562 secs] [Times: user=0.28 sys=0.01, real=0.05 secs] 
5502.989: [GC (Allocation Failure) [PSYoungGen: 429728K->91232K(380416K)] 710242K->504354K(1778688K), 0.0878076 secs] [Times: user=0.52 sys=0.00, real=0.09 secs] 
5504.501: [GC (Allocation Failure) [PSYoungGen: 380000K->133376K(495104K)] 793122K->636263K(1893376K), 0.0476160 secs] [Times: user=0.28 sys=0.00, real=0.05 secs] 
5507.004: [GC (Allocation Failure) [PSYoungGen: 426240K->104800K(491008K)] 929127K->732423K(1889280K), 0.0629103 secs] [Times: user=0.37 sys=0.00, real=0.07 secs] 
5509.796: [GC (Allocation Failure) [PSYoungGen: 397664K->122624K(493568K)] 1025287K->853403K(1891840K), 0.0694468 secs] [Times: user=0.41 sys=0.00, real=0.07 secs] 
5511.045: [GC (Allocation Failure) [PSYoungGen: 428288K->124288K(492544K)] 1159067K->968271K(1890816K), 0.0630073 secs] [Times: user=0.38 sys=0.00, real=0.07 secs] 
5513.783: [GC (Allocation Failure) [PSYoungGen: 429952K->116448K(507392K)] 1273935K->1084719K(1905664K), 0.0779650 secs] [Times: user=0.46 sys=0.01, real=0.08 secs] 
5515.447: [GC (Allocation Failure) [PSYoungGen: 445152K->131584K(505344K)] 1413423K->1205664K(1903616K), 0.0628757 secs] [Times: user=0.37 sys=0.00, real=0.06 secs] 
5517.211: [GC (Allocation Failure) [PSYoungGen: 460288K->135968K(518656K)] 1534368K->1341784K(1916928K), 0.0657481 secs] [Times: user=0.39 sys=0.00, real=0.06 secs] 
5518.775: [GC (Allocation Failure) [PSYoungGen: 480032K->11264K(355840K)] 1685848K->1217164K(1754112K), 0.0048827 secs] [Times: user=0.02 sys=0.00, real=0.01 secs] 
5519.599: [GC (Allocation Failure) [PSYoungGen: 355328K->162848K(488960K)] 1561228K->1378529K(1887232K), 0.0360869 secs] [Times: user=0.22 sys=0.00, real=0.03 secs] 
5519.635: [Full GC (Ergonomics) [PSYoungGen: 162848K->0K(488960K)] [ParOldGen: 1215681K->186028K(1398272K)] 1378529K->186028K(1887232K), [Metaspace: 59711K->59711K(1105920K)], 0.4511286 secs] [Times: user=2.07 sys=0.01, real=0.45 secs] 
5523.342: [GC (Allocation Failure) [PSYoungGen: 300544K->94720K(499712K)] 486572K->280748K(1897984K), 0.0310403 secs] [Times: user=0.18 sys=0.00, real=0.03 secs] 
5524.775: [GC (Allocation Failure) [PSYoungGen: 395264K->149312K(494592K)] 581292K->427528K(1892864K), 0.0492202 secs] [Times: user=0.29 sys=0.00, real=0.05 secs] 
5525.989: [GC (Allocation Failure) [PSYoungGen: 448832K->100192K(499200K)] 727048K->510612K(1897472K), 0.0642186 secs] [Times: user=0.38 sys=0.00, real=0.06 secs] 
5527.868: [GC (Allocation Failure) [PSYoungGen: 399712K->138080K(499200K)] 810132K->646997K(1897472K), 0.0504942 secs] [Times: user=0.30 sys=0.01, real=0.05 secs] 
5529.381: [GC (Allocation Failure) [PSYoungGen: 442208K->105056K(409600K)] 951125K->743237K(1807872K), 0.0644228 secs] [Times: user=0.38 sys=0.01, real=0.06 secs] 
5531.672: [GC (Allocation Failure) [PSYoungGen: 409184K->137248K(498688K)] 1047365K->878738K(1896960K), 0.0528682 secs] [Times: user=0.31 sys=0.00, real=0.05 secs] 
5533.576: [GC (Allocation Failure) [PSYoungGen: 445984K->109568K(498688K)] 1187474K->979194K(1896960K), 0.0645372 secs] [Times: user=0.39 sys=0.01, real=0.07 secs] 
5535.158: [GC (Allocation Failure) [PSYoungGen: 418304K->137248K(502784K)] 1287930K->1115495K(1901056K), 0.0531306 secs] [Times: user=0.32 sys=0.00, real=0.05 secs] 
5537.224: [GC (Allocation Failure) [PSYoungGen: 455712K->112192K(503296K)] 1433959K->1218415K(1901568K), 0.0644347 secs] [Times: user=0.39 sys=0.00, real=0.07 secs] 
5538.164: [GC (Allocation Failure) [PSYoungGen: 430656K->143072K(506880K)] 1536879K->1360640K(1905152K), 0.0543010 secs] [Times: user=0.32 sys=0.00, real=0.06 secs] 
5538.218: [Full GC (Ergonomics) [PSYoungGen: 143072K->0K(506880K)] [ParOldGen: 1217568K->159179K(1398272K)] 1360640K->159179K(1905152K), [Metaspace: 59711K->59711K(1105920K)], 0.3776708 secs] [Times: user=1.73 sys=0.00, real=0.37 secs] 
5539.804: [GC (Allocation Failure) [PSYoungGen: 327168K->113152K(509440K)] 486347K->272331K(1907712K), 0.0523478 secs] [Times: user=0.31 sys=0.00, real=0.05 secs] 
5541.574: [GC (Allocation Failure) [PSYoungGen: 440320K->152032K(509440K)] 599499K->423244K(1907712K), 0.0567215 secs] [Times: user=0.33 sys=0.00, real=0.06 secs] 
5543.137: [GC (Allocation Failure) [PSYoungGen: 483296K->113856K(515072K)] 754508K->528356K(1913344K), 0.0680913 secs] [Times: user=0.41 sys=0.00, real=0.06 secs] 
5545.006: [GC (GCLocker Initiated GC) [PSYoungGen: 445120K->154016K(507904K)] 859621K->679470K(1906176K), 0.0554439 secs] [Times: user=0.32 sys=0.00, real=0.06 secs] 
5547.989: [GC (Allocation Failure) [PSYoungGen: 482208K->107968K(513536K)] 1007663K->779063K(1911808K), 0.1756388 secs] [Times: user=1.05 sys=0.00, real=0.17 secs] 
5548.696: [GC (Allocation Failure) [PSYoungGen: 436160K->175520K(490496K)] 1107255K->951184K(1888768K), 0.0546100 secs] [Times: user=0.33 sys=0.00, real=0.06 secs] 
5551.336: [GC (Allocation Failure) [PSYoungGen: 482698K->90656K(503296K)] 1258362K->1025272K(1901568K), 0.1584622 secs] [Times: user=0.94 sys=0.00, real=0.16 secs] 
5551.869: [GC (Allocation Failure) [PSYoungGen: 384051K->138816K(499200K)] 1318667K->1160380K(1897472K), 0.0510453 secs] [Times: user=0.30 sys=0.00, real=0.05 secs] 
5553.680: [GC (Allocation Failure) [PSYoungGen: 446528K->101856K(501248K)] 1468092K->1253068K(1899520K), 0.1344483 secs] [Times: user=0.79 sys=0.00, real=0.13 secs] 
5554.500: [GC (Allocation Failure) [PSYoungGen: 407537K->148288K(503296K)] 1558749K->1397857K(1901568K), 0.0681402 secs] [Times: user=0.41 sys=0.00, real=0.07 secs] 
5554.568: [Full GC (Ergonomics) [PSYoungGen: 148288K->0K(503296K)] [ParOldGen: 1249569K->195334K(1398272K)] 1397857K->195334K(1901568K), [Metaspace: 59711K->59711K(1105920K)], 0.4823888 secs] [Times: user=2.24 sys=0.00, real=0.48 secs] 
5557.507: [GC (Allocation Failure) [PSYoungGen: 311808K->97760K(505344K)] 507142K->293094K(1903616K), 0.0489093 secs] [Times: user=0.28 sys=0.00, real=0.04 secs] 
5558.752: [GC (Allocation Failure) [PSYoungGen: 409568K->147968K(502272K)] 604902K->437751K(1900544K), 0.0480264 secs] [Times: user=0.28 sys=0.00, real=0.05 secs] 
5560.876: [GC (Allocation Failure) [PSYoungGen: 458752K->102176K(504832K)] 748535K->531311K(1903104K), 0.0679446 secs] [Times: user=0.41 sys=0.00, real=0.07 secs] 
5562.000: [GC (Allocation Failure) [PSYoungGen: 412960K->149504K(502272K)] 842095K->678036K(1900544K), 0.0718930 secs] [Times: user=0.43 sys=0.00, real=0.07 secs] 
5565.381: [GC (Allocation Failure) [PSYoungGen: 460288K->98240K(504832K)] 988820K->768196K(1903104K), 0.0649563 secs] [Times: user=0.38 sys=0.00, real=0.06 secs] 
5566.294: [GC (Allocation Failure) [PSYoungGen: 409024K->149536K(500736K)] 1078980K->914972K(1899008K), 0.0503794 secs] [Times: user=0.30 sys=0.00, real=0.05 secs] 
5568.685: [GC (Allocation Failure) [PSYoungGen: 458272K->99904K(503808K)] 1223708K->1006049K(1902080K), 0.0844337 secs] [Times: user=0.50 sys=0.00, real=0.09 secs] 
5569.651: [GC (Allocation Failure) [PSYoungGen: 408640K->149504K(501248K)] 1314785K->1152908K(1899520K), 0.0538283 secs] [Times: user=0.31 sys=0.01, real=0.05 secs] 
5571.559: [GC (Allocation Failure) [PSYoungGen: 458240K->102080K(503808K)] 1461644K->1246908K(1902080K), 0.0971309 secs] [Times: user=0.58 sys=0.00, real=0.09 secs] 
5573.624: [GC (Allocation Failure) [PSYoungGen: 410816K->145056K(502784K)] 1555644K->1387689K(1901056K), 0.0507600 secs] [Times: user=0.30 sys=0.00, real=0.05 secs] 
5573.675: [Full GC (Ergonomics) [PSYoungGen: 145056K->0K(502784K)] [ParOldGen: 1242633K->184983K(1398272K)] 1387689K->184983K(1901056K), [Metaspace: 59711K->59711K(1105920K)], 0.4515357 secs] [Times: user=2.11 sys=0.00, real=0.45 secs] 
5575.274: [GC (Allocation Failure) [PSYoungGen: 310272K->105216K(415744K)] 495255K->290199K(1814016K), 0.0325521 secs] [Times: user=0.19 sys=0.00, real=0.03 secs] 
5576.717: [GC (Allocation Failure) [PSYoungGen: 415488K->147360K(501248K)] 600471K->433824K(1899520K), 0.0511615 secs] [Times: user=0.31 sys=0.00, real=0.05 secs] 
5578.021: [GC (Allocation Failure) [PSYoungGen: 458144K->103520K(503296K)] 744608K->528168K(1901568K), 0.0637502 secs] [Times: user=0.38 sys=0.00, real=0.06 secs] 
5579.174: [GC (Allocation Failure) [PSYoungGen: 414304K->150816K(501760K)] 838952K->676249K(1900032K), 0.0519790 secs] [Times: user=0.30 sys=0.00, real=0.05 secs] 
5581.007: [GC (Allocation Failure) [PSYoungGen: 463136K->103840K(505344K)] 988569K->771913K(1903616K), 0.0656165 secs] [Times: user=0.39 sys=0.00, real=0.07 secs] 
5582.237: [GC (Allocation Failure) [PSYoungGen: 416160K->148352K(504320K)] 1084233K->914898K(1902592K), 0.0509664 secs] [Times: user=0.30 sys=0.01, real=0.05 secs] 
5585.115: [GC (Allocation Failure) [PSYoungGen: 462208K->104000K(418304K)] 1228754K->1009850K(1816576K), 0.0825139 secs] [Times: user=0.49 sys=0.00, real=0.09 secs] 
5586.540: [GC (Allocation Failure) [PSYoungGen: 417856K->148768K(503296K)] 1323706K->1155579K(1901568K), 0.0524494 secs] [Times: user=0.31 sys=0.00, real=0.05 secs] 
5588.897: [GC (Allocation Failure) [PSYoungGen: 462112K->104416K(505856K)] 1468923K->1251363K(1904128K), 0.1068699 secs] [Times: user=0.62 sys=0.00, real=0.10 secs] 
5590.559: [GC (Allocation Failure) [PSYoungGen: 417760K->145312K(504320K)] 1564707K->1393600K(1902592K), 0.1413682 secs] [Times: user=0.84 sys=0.00, real=0.14 secs] 
5590.701: [Full GC (Ergonomics) [PSYoungGen: 145312K->0K(504320K)] [ParOldGen: 1248288K->191132K(1398272K)] 1393600K->191132K(1902592K), [Metaspace: 59711K->59711K(1105920K)], 0.5214397 secs] [Times: user=2.49 sys=0.00, real=0.52 secs] 
5594.314: [GC (Allocation Failure) [PSYoungGen: 314880K->104736K(505856K)] 506012K->295868K(1904128K), 0.1000854 secs] [Times: user=0.58 sys=0.00, real=0.10 secs] 
5595.716: [GC (Allocation Failure) [PSYoungGen: 419616K->150144K(503808K)] 610748K->442345K(1902080K), 0.0538515 secs] [Times: user=0.32 sys=0.00, real=0.06 secs] 
5598.335: [GC (Allocation Failure) [PSYoungGen: 465536K->103552K(506880K)] 757737K->537057K(1905152K), 0.1474755 secs] [Times: user=0.87 sys=0.01, real=0.15 secs] 
5599.574: [GC (Allocation Failure) [PSYoungGen: 417624K->149024K(504832K)] 851129K->682310K(1903104K), 0.0513056 secs] [Times: user=0.31 sys=0.00, real=0.05 secs] 
5601.739: [GC (Allocation Failure) [PSYoungGen: 464928K->106880K(422912K)] 998214K->780118K(1821184K), 0.1123494 secs] [Times: user=0.67 sys=0.00, real=0.11 secs] 
5602.595: [GC (Allocation Failure) [PSYoungGen: 408070K->143456K(506368K)] 1081308K->920275K(1904640K), 0.0513371 secs] [Times: user=0.30 sys=0.00, real=0.05 secs] 
5604.902: [GC (GCLocker Initiated GC) [PSYoungGen: 461408K->103200K(506880K)] 1238227K->1015035K(1905152K), 0.1435468 secs] [Times: user=0.85 sys=0.00, real=0.14 secs] 
5606.264: [GC (Allocation Failure) [PSYoungGen: 421152K->141536K(508416K)] 1349419K->1169650K(1906688K), 0.2452734 secs] [Times: user=1.47 sys=0.00, real=0.25 secs] 
5608.545: [GC (Allocation Failure) [PSYoungGen: 463072K->99232K(508416K)] 1491186K->1268738K(1906688K), 0.3138404 secs] [Times: user=1.88 sys=0.01, real=0.32 secs] 
5610.120: [GC (Allocation Failure) [PSYoungGen: 420768K->156768K(501248K)] 1590274K->1419979K(1899520K), 0.0841141 secs] [Times: user=0.51 sys=0.00, real=0.08 secs] 
5610.204: [Full GC (Ergonomics) [PSYoungGen: 156768K->0K(501248K)] [ParOldGen: 1263211K->217912K(1398272K)] 1419979K->217912K(1899520K), [Metaspace: 59711K->59711K(1105920K)], 0.5210607 secs] [Times: user=2.42 sys=0.00, real=0.52 secs] 
5613.732: [GC (Allocation Failure) [PSYoungGen: 315904K->91072K(507392K)] 533816K->308984K(1905664K), 0.1296007 secs] [Times: user=0.76 sys=0.00, real=0.13 secs] 
5614.150: [GC (Allocation Failure) [PSYoungGen: 406976K->157664K(496128K)] 624888K->460860K(1894400K), 0.0549108 secs] [Times: user=0.32 sys=0.00, real=0.05 secs] 
5617.122: [GC (Allocation Failure) [PSYoungGen: 462304K->83744K(388608K)] 765500K->544700K(1786880K), 0.1665968 secs] [Times: user=0.99 sys=0.00, real=0.17 secs] 
5617.745: [GC (Allocation Failure) [PSYoungGen: 388384K->149696K(496128K)] 849340K->688445K(1894400K), 0.0536150 secs] [Times: user=0.31 sys=0.00, real=0.06 secs] 
5620.305: [GC (Allocation Failure) [PSYoungGen: 445897K->88512K(498688K)] 984646K->776829K(1896960K), 0.1499591 secs] [Times: user=0.89 sys=0.00, real=0.15 secs] 
5620.968: [GC (Allocation Failure) [PSYoungGen: 375834K->138304K(494592K)] 1064152K->911226K(1892864K), 0.0492054 secs] [Times: user=0.29 sys=0.00, real=0.05 secs] 
5622.433: [GC (Allocation Failure) [PSYoungGen: 438336K->98304K(497152K)] 1211258K->1000862K(1895424K), 0.0874110 secs] [Times: user=0.52 sys=0.00, real=0.09 secs] 
5623.578: [GC (Allocation Failure) [PSYoungGen: 398336K->145280K(499200K)] 1300894K->1143543K(1897472K), 0.0714691 secs] [Times: user=0.43 sys=0.00, real=0.07 secs] 
5625.837: [GC (Allocation Failure) [PSYoungGen: 450432K->97376K(501248K)] 1448695K->1232735K(1899520K), 0.0636256 secs] [Times: user=0.38 sys=0.00, real=0.06 secs] 
5627.464: [GC (Allocation Failure) [PSYoungGen: 402528K->146976K(499200K)] 1537887K->1376528K(1897472K), 0.0504888 secs] [Times: user=0.30 sys=0.00, real=0.05 secs] 
5627.515: [Full GC (Ergonomics) [PSYoungGen: 146976K->0K(499200K)] [ParOldGen: 1229552K->183480K(1398272K)] 1376528K->183480K(1897472K), [Metaspace: 59711K->59711K(1105920K)], 0.4437559 secs] [Times: user=2.05 sys=0.00, real=0.45 secs] 
5629.183: [GC (Allocation Failure) [PSYoungGen: 306176K->101120K(501760K)] 489656K->284600K(1900032K), 0.0463762 secs] [Times: user=0.28 sys=0.00, real=0.05 secs] 
5631.313: [GC (Allocation Failure) [PSYoungGen: 407296K->143232K(500736K)] 590776K->425513K(1899008K), 0.0507831 secs] [Times: user=0.30 sys=0.00, real=0.05 secs] 
5632.985: [GC (Allocation Failure) [PSYoungGen: 451968K->102304K(502272K)] 734249K->519105K(1900544K), 0.0640372 secs] [Times: user=0.38 sys=0.00, real=0.07 secs] 
5634.673: [GC (Allocation Failure) [PSYoungGen: 411040K->143040K(502272K)] 827841K->659962K(1900544K), 0.0515615 secs] [Times: user=0.30 sys=0.00, real=0.05 secs] 
5636.198: [GC (Allocation Failure) [PSYoungGen: 455360K->107168K(503296K)] 972282K->758062K(1901568K), 0.0640751 secs] [Times: user=0.38 sys=0.00, real=0.06 secs] 
5637.825: [GC (Allocation Failure) [PSYoungGen: 419488K->145312K(502272K)] 1070382K->900992K(1900544K), 0.0526073 secs] [Times: user=0.31 sys=0.01, real=0.06 secs] 
5639.765: [GC (Allocation Failure) [PSYoungGen: 460704K->109248K(504832K)] 1216384K->1001024K(1903104K), 0.0842382 secs] [Times: user=0.50 sys=0.00, real=0.09 secs] 
5640.751: [GC (Allocation Failure) [PSYoungGen: 424640K->149312K(504320K)] 1316416K->1148606K(1902592K), 0.0547861 secs] [Times: user=0.33 sys=0.00, real=0.05 secs] 
5642.584: [GC (Allocation Failure) [PSYoungGen: 468288K->104832K(507904K)] 1467582K->1244522K(1906176K), 0.0749863 secs] [Times: user=0.44 sys=0.00, real=0.08 secs] 
5644.466: [GC (Allocation Failure) [PSYoungGen: 423808K->150016K(505344K)] 1563498K->1391009K(1903616K), 0.0536902 secs] [Times: user=0.32 sys=0.00, real=0.06 secs] 
5644.520: [Full GC (Ergonomics) [PSYoungGen: 150016K->0K(505344K)] [ParOldGen: 1240993K->188159K(1398272K)] 1391009K->188159K(1903616K), [Metaspace: 59711K->59711K(1105920K)], 0.4595199 secs] [Times: user=2.14 sys=0.00, real=0.46 secs] 
5647.674: [GC (Allocation Failure) [PSYoungGen: 318976K->107296K(508928K)] 507135K->295455K(1907200K), 0.0384980 secs] [Times: user=0.19 sys=0.00, real=0.04 secs] 
5649.031: [GC (Allocation Failure) [PSYoungGen: 426272K->151520K(504320K)] 614431K->443484K(1902592K), 0.0523752 secs] [Times: user=0.31 sys=0.00, real=0.05 secs] 
5651.453: [GC (Allocation Failure) [PSYoungGen: 469472K->108160K(508416K)] 761436K->542792K(1906688K), 0.0897993 secs] [Times: user=0.53 sys=0.01, real=0.09 secs] 
5652.271: [GC (Allocation Failure) [PSYoungGen: 426112K->185440K(479744K)] 860744K->724489K(1878016K), 0.0542922 secs] [Times: user=0.32 sys=0.00, real=0.05 secs] 
5654.880: [GC (Allocation Failure) [PSYoungGen: 477792K->83584K(376320K)] 1016841K->775169K(1774592K), 0.0787159 secs] [Times: user=0.46 sys=0.00, real=0.08 secs] 
5655.530: [GC (Allocation Failure) [PSYoungGen: 375936K->142848K(496128K)] 1067521K->914894K(1894400K), 0.0476595 secs] [Times: user=0.28 sys=0.00, real=0.05 secs] 
5657.210: [GC (Allocation Failure) [PSYoungGen: 434688K->92096K(384000K)] 1206734K->998698K(1782272K), 0.0637817 secs] [Times: user=0.38 sys=0.00, real=0.06 secs] 
5658.980: [GC (GCLocker Initiated GC) [PSYoungGen: 383936K->137792K(495616K)] 1290539K->1134456K(1893888K), 0.1067939 secs] [Times: user=0.64 sys=0.00, real=0.11 secs] 
5660.770: [GC (Allocation Failure) [PSYoungGen: 432192K->97120K(493056K)] 1428891K->1223379K(1891328K), 0.0643482 secs] [Times: user=0.38 sys=0.00, real=0.06 secs] 
5663.404: [GC (Allocation Failure) [PSYoungGen: 391520K->133088K(496640K)] 1517779K->1354152K(1894912K), 0.0532715 secs] [Times: user=0.31 sys=0.00, real=0.06 secs] 
5663.458: [Full GC (Ergonomics) [PSYoungGen: 133088K->0K(496640K)] [ParOldGen: 1221064K->151092K(1398272K)] 1354152K->151092K(1894912K), [Metaspace: 59711K->59711K(1105920K)], 0.3594261 secs] [Times: user=1.66 sys=0.00, real=0.36 secs] 
5665.000: [GC (Allocation Failure) [PSYoungGen: 302592K->112224K(495104K)] 453684K->263316K(1893376K), 0.0405575 secs] [Times: user=0.23 sys=0.01, real=0.04 secs] 
5666.238: [GC (Allocation Failure) [PSYoungGen: 414816K->128512K(501760K)] 565908K->391225K(1900032K), 0.0605519 secs] [Times: user=0.36 sys=0.00, real=0.06 secs] 
5668.439: [GC (Allocation Failure) [PSYoungGen: 445440K->2048K(500224K)] 708153K->264909K(1898496K), 0.0019426 secs] [Times: user=0.01 sys=0.00, real=0.00 secs] 
5670.188: [GC (Allocation Failure) [PSYoungGen: 318976K->134336K(500736K)] 581837K->398146K(1899008K), 0.0293614 secs] [Times: user=0.17 sys=0.00, real=0.03 secs] 
5671.504: [GC (Allocation Failure) [PSYoungGen: 436928K->1728K(304640K)] 700738K->265618K(1702912K), 0.0018200 secs] [Times: user=0.01 sys=0.00, real=0.00 secs] 
5672.983: [GC (Allocation Failure) [PSYoungGen: 304320K->127968K(491520K)] 568210K->391858K(1889792K), 0.0342160 secs] [Times: user=0.20 sys=0.00, real=0.04 secs] 
5676.279: [GC (Allocation Failure) [PSYoungGen: 411104K->207328K(490496K)] 674994K->500994K(1888768K), 0.0601884 secs] [Times: user=0.36 sys=0.00, real=0.06 secs] 
5678.266: [GC (Allocation Failure) [PSYoungGen: 490464K->98624K(441344K)] 784130K->392330K(1839616K), 0.0316395 secs] [Times: user=0.19 sys=0.00, real=0.04 secs] 
5679.324: [GC (Allocation Failure) [PSYoungGen: 331584K->119328K(465920K)] 625290K->501707K(1864192K), 0.1334680 secs] [Times: user=0.80 sys=0.00, real=0.14 secs] 
5680.921: [GC (Allocation Failure) [PSYoungGen: 352288K->58208K(456704K)] 734667K->559635K(1854976K), 0.0526217 secs] [Times: user=0.31 sys=0.00, real=0.05 secs] 
5681.577: [GC (Allocation Failure) [PSYoungGen: 298336K->124448K(464896K)] 799763K->681301K(1863168K), 0.0370347 secs] [Times: user=0.22 sys=0.00, real=0.03 secs] 
5683.616: [GC (Allocation Failure) [PSYoungGen: 364576K->106752K(452608K)] 921429K->771501K(1850880K), 0.0598518 secs] [Times: user=0.35 sys=0.01, real=0.06 secs] 
5686.053: [GC (Allocation Failure) [PSYoungGen: 362240K->76736K(464384K)] 1026989K->848205K(1862656K), 0.0791247 secs] [Times: user=0.47 sys=0.00, real=0.08 secs] 
5686.323: [GC (Allocation Failure) [PSYoungGen: 332224K->128064K(483840K)] 1103693K->970742K(1882112K), 0.0489078 secs] [Times: user=0.28 sys=0.00, real=0.05 secs] 
5687.914: [GC (Allocation Failure) [PSYoungGen: 413248K->82400K(487936K)] 1255926K->1053226K(1886208K), 0.0960429 secs] [Times: user=0.58 sys=0.00, real=0.10 secs] 
5688.621: [GC (Allocation Failure) [PSYoungGen: 367584K->137920K(493056K)] 1338410K->1187118K(1891328K), 0.0478889 secs] [Times: user=0.29 sys=0.00, real=0.05 secs] 
5690.519: [GC (Allocation Failure) [PSYoungGen: 431490K->95520K(390656K)] 1480688K->1273914K(1788928K), 0.0713712 secs] [Times: user=0.43 sys=0.00, real=0.07 secs] 
5691.722: [GC (Allocation Failure) [PSYoungGen: 390432K->138656K(491520K)] 1568826K->1410678K(1889792K), 0.0493005 secs] [Times: user=0.29 sys=0.00, real=0.05 secs] 
5691.771: [Full GC (Ergonomics) [PSYoungGen: 138656K->0K(491520K)] [ParOldGen: 1272022K->175075K(1398272K)] 1410678K->175075K(1889792K), [Metaspace: 59711K->59711K(1105920K)], 0.4290720 secs] [Times: user=1.98 sys=0.00, real=0.43 secs] 
5694.388: [GC (Allocation Failure) [PSYoungGen: 297472K->94400K(494080K)] 472547K->269476K(1892352K), 0.0352705 secs] [Times: user=0.20 sys=0.00, real=0.03 secs] 
5695.977: [GC (Allocation Failure) [PSYoungGen: 391872K->134752K(498176K)] 566948K->402464K(1896448K), 0.0498567 secs] [Times: user=0.29 sys=0.00, real=0.05 secs] 
5697.505: [GC (Allocation Failure) [PSYoungGen: 441952K->110080K(499200K)] 709664K->502736K(1897472K), 0.0628841 secs] [Times: user=0.37 sys=0.00, real=0.07 secs] 
5698.907: [GC (Allocation Failure) [PSYoungGen: 417280K->138304K(498688K)] 809936K->640305K(1896960K), 0.0558512 secs] [Times: user=0.33 sys=0.00, real=0.06 secs] 
5700.826: [GC (Allocation Failure) [PSYoungGen: 452160K->110336K(500736K)] 954161K->741945K(1899008K), 0.0646200 secs] [Times: user=0.39 sys=0.00, real=0.07 secs] 
5701.980: [GC (GCLocker Initiated GC) [PSYoungGen: 424192K->142336K(504320K)] 1055801K->883574K(1902592K), 0.0538896 secs] [Times: user=0.32 sys=0.00, real=0.05 secs] 
5703.958: [GC (GCLocker Initiated GC) [PSYoungGen: 465920K->109824K(507904K)] 1207162K->985074K(1906176K), 0.0668519 secs] [Times: user=0.40 sys=0.00, real=0.06 secs] 
5706.070: [GC (Allocation Failure) [PSYoungGen: 433408K->146688K(507392K)] 1308659K->1130476K(1905664K), 0.0545753 secs] [Times: user=0.32 sys=0.00, real=0.05 secs] 
5707.408: [GC (Allocation Failure) [PSYoungGen: 475392K->114080K(512512K)] 1459180K->1235512K(1910784K), 0.0671221 secs] [Times: user=0.40 sys=0.00, real=0.06 secs] 
5708.446: [GC (Allocation Failure) [PSYoungGen: 442784K->155552K(505344K)] 1564216K->1389021K(1903616K), 0.0571514 secs] [Times: user=0.34 sys=0.00, real=0.06 secs] 
5708.504: [Full GC (Ergonomics) [PSYoungGen: 155552K->0K(505344K)] [ParOldGen: 1233469K->186170K(1398272K)] 1389021K->186170K(1903616K), [Metaspace: 59711K->59711K(1105920K)], 0.4570230 secs] [Times: user=2.12 sys=0.00, real=0.46 secs] 
5711.296: [GC (Allocation Failure) [PSYoungGen: 327168K->111136K(513024K)] 513338K->297306K(1911296K), 0.0487350 secs] [Times: user=0.28 sys=0.01, real=0.05 secs] 
5712.725: [GC (Allocation Failure) [PSYoungGen: 434254K->151808K(506880K)] 620425K->443491K(1905152K), 0.0528652 secs] [Times: user=0.31 sys=0.01, real=0.06 secs] 
5715.912: [GC (Allocation Failure) [PSYoungGen: 476928K->108896K(512000K)] 768611K->543467K(1910272K), 0.1026956 secs] [Times: user=0.61 sys=0.00, real=0.10 secs] 
5717.380: [GC (Allocation Failure) [PSYoungGen: 434016K->183264K(416256K)] 868587K->742132K(1814528K), 0.1410391 secs] [Times: user=0.83 sys=0.01, real=0.14 secs] 
5719.527: [GC (Allocation Failure) [PSYoungGen: 416224K->57856K(465920K)] 975092K->750996K(1864192K), 0.0697812 secs] [Times: user=0.42 sys=0.00, real=0.07 secs] 
5720.530: [GC (Allocation Failure) [PSYoungGen: 290816K->108160K(465920K)] 983956K->857469K(1864192K), 0.0448159 secs] [Times: user=0.27 sys=0.00, real=0.04 secs] 
5721.328: [GC (Allocation Failure) [PSYoungGen: 341120K->118720K(465920K)] 1090429K->967205K(1864192K), 0.1319192 secs] [Times: user=0.79 sys=0.00, real=0.13 secs] 
5723.401: [GC (Allocation Failure) [PSYoungGen: 351680K->55424K(465920K)] 1200165K->1022701K(1864192K), 0.0997703 secs] [Times: user=0.59 sys=0.00, real=0.10 secs] 
5723.977: [GC (Allocation Failure) [PSYoungGen: 288384K->113632K(346624K)] 1255661K->1133102K(1744896K), 0.0390593 secs] [Times: user=0.23 sys=0.00, real=0.03 secs] 
5726.992: [GC (Allocation Failure) [PSYoungGen: 346592K->90016K(463360K)] 1366062K->1214766K(1861632K), 0.0574606 secs] [Times: user=0.34 sys=0.00, real=0.06 secs] 
5728.822: [GC (Allocation Failure) [PSYoungGen: 328096K->80256K(458240K)] 1452846K->1295006K(1856512K), 0.0867625 secs] [Times: user=0.51 sys=0.00, real=0.09 secs] 
5729.108: [GC (Allocation Failure) [PSYoungGen: 318336K->119136K(470016K)] 1533086K->1408127K(1868288K), 0.0490937 secs] [Times: user=0.28 sys=0.00, real=0.05 secs] 
5729.157: [Full GC (Ergonomics) [PSYoungGen: 119136K->0K(470016K)] [ParOldGen: 1288991K->206569K(1398272K)] 1408127K->206569K(1868288K), [Metaspace: 59711K->59711K(1105920K)], 0.4909482 secs] [Times: user=2.29 sys=0.00, real=0.49 secs] 
5730.723: [GC (Allocation Failure) [PSYoungGen: 262144K->72032K(470016K)] 468713K->278601K(1868288K), 0.0654528 secs] [Times: user=0.39 sys=0.00, real=0.07 secs] 
5731.451: [GC (Allocation Failure) [PSYoungGen: 334176K->125152K(484864K)] 540745K->400313K(1883136K), 0.0455920 secs] [Times: user=0.27 sys=0.00, real=0.04 secs] 
5733.835: [GC (Allocation Failure) [PSYoungGen: 410336K->101600K(486912K)] 685497K->492713K(1885184K), 0.0601682 secs] [Times: user=0.36 sys=0.00, real=0.06 secs] 
5734.804: [GC (Allocation Failure) [PSYoungGen: 386784K->120096K(492544K)] 777897K->612370K(1890816K), 0.0530583 secs] [Times: user=0.31 sys=0.00, real=0.06 secs] 
5738.361: [GC (Allocation Failure) [PSYoungGen: 422176K->127264K(492032K)] 914450K->730410K(1890304K), 0.0623447 secs] [Times: user=0.37 sys=0.00, real=0.06 secs] 
5739.859: [GC (Allocation Failure) [PSYoungGen: 429344K->109344K(497152K)] 1032490K->839602K(1895424K), 0.0729194 secs] [Times: user=0.43 sys=0.01, real=0.07 secs] 
5743.039: [GC (Allocation Failure) [PSYoungGen: 430368K->139072K(501760K)] 1160626K->968086K(1900032K), 0.0618435 secs] [Times: user=0.37 sys=0.00, real=0.06 secs] 
5744.931: [GC (Allocation Failure) [PSYoungGen: 460096K->115680K(507904K)] 1289110K->1083806K(1906176K), 0.0796942 secs] [Times: user=0.47 sys=0.00, real=0.08 secs] 
5746.438: [GC (Allocation Failure) [PSYoungGen: 450016K->131840K(511488K)] 1418142K->1205514K(1909760K), 0.0626392 secs] [Times: user=0.37 sys=0.00, real=0.06 secs] 
5747.390: [GC (Allocation Failure) [PSYoungGen: 466176K->140832K(516608K)] 1539850K->1346538K(1914880K), 0.0619683 secs] [Times: user=0.37 sys=0.00, real=0.06 secs] 
5749.680: [GC (Allocation Failure) [PSYoungGen: 480288K->10816K(350720K)] 1685994K->1216546K(1748992K), 0.0053493 secs] [Times: user=0.03 sys=0.00, real=0.00 secs] 
5751.400: [GC (Allocation Failure) [PSYoungGen: 350272K->159840K(485888K)] 1556002K->1374279K(1884160K), 0.0345745 secs] [Times: user=0.21 sys=0.00, real=0.03 secs] 
5751.434: [Full GC (Ergonomics) [PSYoungGen: 159840K->0K(485888K)] [ParOldGen: 1214439K->181895K(1398272K)] 1374279K->181895K(1884160K), [Metaspace: 59711K->59711K(1105920K)], 0.4533148 secs] [Times: user=2.04 sys=0.00, real=0.46 secs] 
5753.772: [GC (Allocation Failure) [PSYoungGen: 293376K->94336K(496128K)] 475271K->276231K(1894400K), 0.0323923 secs] [Times: user=0.19 sys=0.00, real=0.03 secs] 
5755.666: [GC (Allocation Failure) [PSYoungGen: 387712K->136128K(492544K)] 569607K->409649K(1890816K), 0.0486006 secs] [Times: user=0.28 sys=0.00, real=0.05 secs] 
5757.703: [GC (Allocation Failure) [PSYoungGen: 435136K->101920K(496640K)] 708657K->503397K(1894912K), 0.0633061 secs] [Times: user=0.38 sys=0.01, real=0.06 secs] 
5759.892: [GC (Allocation Failure) [PSYoungGen: 400928K->131840K(500224K)] 802405K->633950K(1898496K), 0.0566846 secs] [Times: user=0.34 sys=0.00, real=0.06 secs] 
5761.698: [GC (Allocation Failure) [PSYoungGen: 440576K->115552K(499200K)] 942686K->740626K(1897472K), 0.0638398 secs] [Times: user=0.38 sys=0.00, real=0.06 secs] 
5763.388: [GC (Allocation Failure) [PSYoungGen: 424288K->130752K(501248K)] 1049362K->870815K(1899520K), 0.0613690 secs] [Times: user=0.36 sys=0.00, real=0.06 secs] 
5765.586: [GC (Allocation Failure) [PSYoungGen: 448704K->480K(500224K)] 1188767K->740699K(1898496K), 0.0024464 secs] [Times: user=0.01 sys=0.00, real=0.01 secs] 
5767.549: [GC (Allocation Failure) [PSYoungGen: 318432K->132736K(501248K)] 1058651K->872995K(1899520K), 0.0266748 secs] [Times: user=0.15 sys=0.00, real=0.02 secs] 
5769.489: [GC (Allocation Failure) [PSYoungGen: 438400K->1760K(307712K)] 1178659K->742043K(1705984K), 0.0025592 secs] [Times: user=0.01 sys=0.00, real=0.00 secs] 
5770.172: [GC (Allocation Failure) [PSYoungGen: 307424K->133024K(487936K)] 1047707K->873307K(1886208K), 0.0280844 secs] [Times: user=0.17 sys=0.00, real=0.03 secs] 
5772.087: [GC (Allocation Failure) [PSYoungGen: 415136K->208352K(490496K)] 1155419K->977791K(1888768K), 0.0606790 secs] [Times: user=0.36 sys=0.00, real=0.06 secs] 
5773.672: [GC (Allocation Failure) [PSYoungGen: 490464K->102880K(441344K)] 1259903K->872400K(1839616K), 0.0345487 secs] [Times: user=0.20 sys=0.00, real=0.03 secs] 
5774.411: [GC (Allocation Failure) [PSYoungGen: 335840K->121216K(465920K)] 1105360K->983756K(1864192K), 0.0900910 secs] [Times: user=0.54 sys=0.00, real=0.09 secs] 
5776.045: [GC (Allocation Failure) [PSYoungGen: 354176K->53728K(458240K)] 1216716K->1037444K(1856512K), 0.0539838 secs] [Times: user=0.32 sys=0.01, real=0.06 secs] 
5778.218: [GC (Allocation Failure) [PSYoungGen: 292320K->113024K(464896K)] 1276036K->1146893K(1863168K), 0.0396319 secs] [Times: user=0.23 sys=0.00, real=0.04 secs] 
5780.911: [GC (Allocation Failure) [PSYoungGen: 351616K->107968K(454144K)] 1385485K->1246101K(1852416K), 0.0602893 secs] [Times: user=0.36 sys=0.00, real=0.06 secs] 
5782.578: [GC (Allocation Failure) [PSYoungGen: 363968K->78240K(461824K)] 1502101K->1324477K(1860096K), 0.0949003 secs] [Times: user=0.51 sys=0.00, real=0.09 secs] 
5782.673: [Full GC (Ergonomics) [PSYoungGen: 78240K->0K(461824K)] [ParOldGen: 1246237K->91679K(1398272K)] 1324477K->91679K(1860096K), [Metaspace: 59711K->59711K(1105920K)], 0.2602131 secs] [Times: user=1.19 sys=0.00, real=0.26 secs] 
5783.109: [GC (Allocation Failure) [PSYoungGen: 256000K->126080K(491008K)] 347679K->217759K(1889280K), 0.0282603 secs] [Times: user=0.17 sys=0.00, real=0.03 secs] 
5784.650: [GC (Allocation Failure) [PSYoungGen: 416896K->86176K(489984K)] 508575K->303763K(1888256K), 0.0822364 secs] [Times: user=0.48 sys=0.00, real=0.08 secs] 
5785.211: [GC (Allocation Failure) [PSYoungGen: 375776K->139328K(488960K)] 593363K->439848K(1887232K), 0.0713980 secs] [Times: user=0.42 sys=0.00, real=0.07 secs] 
5787.626: [GC (Allocation Failure) [PSYoungGen: 434752K->92512K(493056K)] 735272K->524264K(1891328K), 0.0804584 secs] [Times: user=0.48 sys=0.00, real=0.08 secs] 
5789.686: [GC (Allocation Failure) [PSYoungGen: 387936K->137184K(496640K)] 819688K->657752K(1894912K), 0.0462903 secs] [Times: user=0.27 sys=0.00, real=0.05 secs] 
5790.902: [GC (Allocation Failure) [PSYoungGen: 442336K->102496K(499200K)] 962904K->751193K(1897472K), 0.0705775 secs] [Times: user=0.41 sys=0.00, real=0.07 secs] 
5792.177: [GC (Allocation Failure) [PSYoungGen: 407648K->145472K(494592K)] 1056345K->895218K(1892864K), 0.0521669 secs] [Times: user=0.31 sys=0.00, real=0.05 secs] 
5794.666: [GC (Allocation Failure) [PSYoungGen: 453184K->101056K(500224K)] 1202930K->988114K(1898496K), 0.0736039 secs] [Times: user=0.44 sys=0.00, real=0.08 secs] 
5795.969: [GC (GCLocker Initiated GC) [PSYoungGen: 408768K->143552K(502272K)] 1295828K->1129980K(1900544K), 0.0519213 secs] [Times: user=0.31 sys=0.00, real=0.05 secs] 
5797.809: [GC (Allocation Failure) [PSYoungGen: 458944K->106432K(421888K)] 1445376K->1227704K(1820160K), 0.0652796 secs] [Times: user=0.38 sys=0.00, real=0.06 secs] 
5798.613: [GC (Allocation Failure) [PSYoungGen: 421824K->148192K(500224K)] 1543096K->1375197K(1898496K), 0.0536993 secs] [Times: user=0.32 sys=0.01, real=0.05 secs] 
5798.666: [Full GC (Ergonomics) [PSYoungGen: 148192K->0K(500224K)] [ParOldGen: 1227005K->174003K(1398272K)] 1375197K->174003K(1898496K), [Metaspace: 59711K->59711K(1105920K)], 0.4138910 secs] [Times: user=1.91 sys=0.00, real=0.42 secs] 
5801.178: [GC (Allocation Failure) [PSYoungGen: 315392K->104928K(505856K)] 489395K->278931K(1904128K), 0.0345724 secs] [Times: user=0.20 sys=0.00, real=0.03 secs] 
5802.650: [GC (Allocation Failure) [PSYoungGen: 420320K->148320K(503296K)] 594323K->425024K(1901568K), 0.0531745 secs] [Times: user=0.32 sys=0.00, real=0.05 secs] 
5804.079: [GC (Allocation Failure) [PSYoungGen: 466272K->107200K(508416K)] 742976K->523448K(1906688K), 0.0645756 secs] [Times: user=0.38 sys=0.00, real=0.06 secs] 
5805.591: [GC (Allocation Failure) [PSYoungGen: 425152K->149984K(503296K)] 841400K->671116K(1901568K), 0.0536079 secs] [Times: user=0.32 sys=0.00, real=0.05 secs] 
5807.716: [GC (Allocation Failure) [PSYoungGen: 467936K->104992K(508416K)] 989068K->767308K(1906688K), 0.0658792 secs] [Times: user=0.39 sys=0.00, real=0.07 secs] 
5809.704: [GC (Allocation Failure) [PSYoungGen: 422944K->152160K(502272K)] 1085260K->915825K(1900544K), 0.0520415 secs] [Times: user=0.31 sys=0.00, real=0.05 secs] 
5811.236: [GC (Allocation Failure) [PSYoungGen: 468064K->104288K(507392K)] 1231729K->1011257K(1905664K), 0.1134503 secs] [Times: user=0.68 sys=0.00, real=0.12 secs] 
5813.168: [GC (Allocation Failure) [PSYoungGen: 420192K->149408K(502784K)] 1327161K->1156642K(1901056K), 0.0513523 secs] [Times: user=0.30 sys=0.00, real=0.05 secs] 
5815.358: [GC (Allocation Failure) [PSYoungGen: 464288K->105408K(506880K)] 1471522K->1253322K(1905152K), 0.1690659 secs] [Times: user=1.00 sys=0.01, real=0.17 secs] 
5817.523: [GC (Allocation Failure) [PSYoungGen: 420288K->148864K(504320K)] 1568202K->1398003K(1902592K), 0.0522170 secs] [Times: user=0.31 sys=0.00, real=0.05 secs] 
5817.576: [Full GC (Ergonomics) [PSYoungGen: 148864K->0K(504320K)] [ParOldGen: 1249139K->195116K(1398272K)] 1398003K->195116K(1902592K), [Metaspace: 59711K->59711K(1105920K)], 0.4768008 secs] [Times: user=2.21 sys=0.00, real=0.48 secs] 
5819.555: [GC (GCLocker Initiated GC) [PSYoungGen: 315904K->103488K(507392K)] 511021K->298605K(1905664K), 0.0518676 secs] [Times: user=0.31 sys=0.00, real=0.05 secs] 
5820.704: [GC (Allocation Failure) [PSYoungGen: 419392K->141952K(506880K)] 630928K->453805K(1905152K), 0.2499945 secs] [Times: user=1.50 sys=0.00, real=0.25 secs] 
5823.048: [GC (Allocation Failure) [PSYoungGen: 460416K->96000K(507392K)] 772269K->550317K(1905664K), 0.3757616 secs] [Times: user=2.24 sys=0.00, real=0.37 secs] 
5824.549: [GC (Allocation Failure) [PSYoungGen: 414464K->152320K(501248K)] 868781K->696601K(1899520K), 0.0545377 secs] [Times: user=0.33 sys=0.00, real=0.05 secs] 
5826.508: [GC (Allocation Failure) [PSYoungGen: 466176K->95584K(506368K)] 1010457K->791001K(1904640K), 0.1239927 secs] [Times: user=0.74 sys=0.01, real=0.12 secs] 
5827.033: [GC (Allocation Failure) [PSYoungGen: 409440K->155712K(497152K)] 1104857K->940958K(1895424K), 0.0555842 secs] [Times: user=0.33 sys=0.00, real=0.06 secs] 
5830.122: [GC (Allocation Failure) [PSYoungGen: 462400K->88064K(502784K)] 1247646K->1028962K(1901056K), 0.1567368 secs] [Times: user=0.93 sys=0.00, real=0.16 secs] 
5830.758: [GC (Allocation Failure) [PSYoungGen: 394752K->152128K(496128K)] 1335650K->1175639K(1894400K), 0.0521715 secs] [Times: user=0.31 sys=0.00, real=0.05 secs] 
5833.585: [GC (Allocation Failure) [PSYoungGen: 452672K->83456K(499712K)] 1476183K->1259055K(1897984K), 0.1402115 secs] [Times: user=0.82 sys=0.01, real=0.14 secs] 
5835.096: [GC (Allocation Failure) [PSYoungGen: 383331K->141984K(499712K)] 1558931K->1396832K(1897984K), 0.0485362 secs] [Times: user=0.29 sys=0.00, real=0.05 secs] 
5835.145: [Full GC (Ergonomics) [PSYoungGen: 141984K->0K(499712K)] [ParOldGen: 1254848K->195340K(1398272K)] 1396832K->195340K(1897984K), [Metaspace: 59711K->59711K(1105920K)], 0.4783612 secs] [Times: user=2.23 sys=0.00, real=0.48 secs] 
5836.990: [GC (Allocation Failure) [PSYoungGen: 300544K->96576K(397312K)] 495884K->291916K(1795584K), 0.0495929 secs] [Times: user=0.30 sys=0.00, real=0.05 secs] 
5839.168: [GC (Allocation Failure) [PSYoungGen: 397120K->141088K(496640K)] 592460K->429713K(1894912K), 0.0475555 secs] [Times: user=0.29 sys=0.00, real=0.04 secs] 
5840.436: [GC (Allocation Failure) [PSYoungGen: 441632K->100288K(496640K)] 730257K->521133K(1894912K), 0.0627116 secs] [Times: user=0.38 sys=0.00, real=0.07 secs] 
5842.195: [GC (Allocation Failure) [PSYoungGen: 400832K->137984K(499712K)] 821677K->656666K(1897984K), 0.0495969 secs] [Times: user=0.30 sys=0.00, real=0.05 secs] 
5843.549: [GC (Allocation Failure) [PSYoungGen: 445184K->104128K(499200K)] 963866K->751758K(1897472K), 0.0627593 secs] [Times: user=0.37 sys=0.00, real=0.06 secs] 
5844.613: [GC (Allocation Failure) [PSYoungGen: 411328K->146496K(499200K)] 1058958K->896787K(1897472K), 0.0532438 secs] [Times: user=0.32 sys=0.00, real=0.05 secs] 
5846.566: [GC (Allocation Failure) [PSYoungGen: 457792K->102944K(502272K)] 1208083K->991595K(1900544K), 0.0669458 secs] [Times: user=0.39 sys=0.00, real=0.07 secs] 
5848.597: [GC (Allocation Failure) [PSYoungGen: 414240K->159616K(496128K)] 1302891K->1148360K(1894400K), 0.0525684 secs] [Times: user=0.31 sys=0.00, real=0.05 secs] 
5849.844: [GC (Allocation Failure) [PSYoungGen: 468352K->106784K(503808K)] 1457096K->1229128K(1902080K), 0.0661880 secs] [Times: user=0.39 sys=0.00, real=0.07 secs] 
5851.021: [GC (Allocation Failure) [PSYoungGen: 415520K->145216K(503296K)] 1537864K->1372405K(1901568K), 0.0547655 secs] [Times: user=0.32 sys=0.00, real=0.05 secs] 
5851.076: [Full GC (Ergonomics) [PSYoungGen: 145216K->0K(503296K)] [ParOldGen: 1227189K->171568K(1398272K)] 1372405K->171568K(1901568K), [Metaspace: 59713K->59713K(1105920K)], 0.4051085 secs] [Times: user=1.85 sys=0.00, real=0.41 secs] 
5852.612: [GC (Allocation Failure) [PSYoungGen: 312832K->105216K(505344K)] 484400K->276784K(1903616K), 0.0348239 secs] [Times: user=0.21 sys=0.00, real=0.04 secs] 
5854.064: [GC (Allocation Failure) [PSYoungGen: 418048K->147968K(502784K)] 589616K->422582K(1901056K), 0.0539537 secs] [Times: user=0.32 sys=0.00, real=0.06 secs] 
5855.303: [GC (Allocation Failure) [PSYoungGen: 461312K->103360K(505344K)] 735926K->517062K(1903616K), 0.0683405 secs] [Times: user=0.41 sys=0.00, real=0.07 secs] 
5857.243: [GC (Allocation Failure) [PSYoungGen: 416704K->146848K(503808K)] 830406K->661435K(1902080K), 0.0523865 secs] [Times: user=0.31 sys=0.00, real=0.05 secs] 
5859.085: [GC (Allocation Failure) [PSYoungGen: 461728K->107232K(506368K)] 976315K->759795K(1904640K), 0.0661493 secs] [Times: user=0.39 sys=0.00, real=0.07 secs] 
5860.006: [GC (Allocation Failure) [PSYoungGen: 422112K->150752K(502784K)] 1074675K->908811K(1901056K), 0.0536363 secs] [Times: user=0.31 sys=0.00, real=0.06 secs] 
5861.952: [GC (Allocation Failure) [PSYoungGen: 465632K->104128K(506368K)] 1223691K->1004524K(1904640K), 0.0835322 secs] [Times: user=0.50 sys=0.00, real=0.08 secs] 
5863.598: [GC (Allocation Failure) [PSYoungGen: 419008K->148192K(505856K)] 1319404K->1149564K(1904128K), 0.0528877 secs] [Times: user=0.31 sys=0.01, real=0.05 secs] 
5865.782: [GC (Allocation Failure) [PSYoungGen: 465120K->106880K(423936K)] 1466492K->1247624K(1822208K), 0.0675884 secs] [Times: user=0.40 sys=0.00, real=0.07 secs] 
5868.188: [GC (Allocation Failure) [PSYoungGen: 423808K->149024K(503808K)] 1564552K->1393673K(1902080K), 0.0537756 secs] [Times: user=0.32 sys=0.00, real=0.05 secs] 
5868.241: [Full GC (Ergonomics) [PSYoungGen: 149024K->0K(503808K)] [ParOldGen: 1244649K->189452K(1398272K)] 1393673K->189452K(1902080K), [Metaspace: 59713K->59713K(1105920K)], 0.4620532 secs] [Times: user=2.15 sys=0.00, real=0.46 secs] 
5870.087: [GC (Allocation Failure) [PSYoungGen: 315904K->104160K(506880K)] 505356K->293612K(1905152K), 0.0318394 secs] [Times: user=0.19 sys=0.00, real=0.03 secs] 
5871.355: [GC (Allocation Failure) [PSYoungGen: 420064K->151840K(503296K)] 609516K->441977K(1901568K), 0.0511315 secs] [Times: user=0.30 sys=0.00, real=0.05 secs] 
5873.498: [GC (Allocation Failure) [PSYoungGen: 466720K->106912K(506880K)] 756857K->540181K(1905152K), 0.1016746 secs] [Times: user=0.60 sys=0.00, real=0.10 secs] 
5874.815: [GC (Allocation Failure) [PSYoungGen: 414161K->147424K(505344K)] 847430K->681586K(1903616K), 0.0509959 secs] [Times: user=0.30 sys=0.00, real=0.05 secs] 
5876.724: [GC (Allocation Failure) [PSYoungGen: 463840K->101408K(507392K)] 998002K->774135K(1905664K), 0.1426582 secs] [Times: user=0.84 sys=0.01, real=0.14 secs] 
5877.692: [GC (Allocation Failure) [PSYoungGen: 409021K->148800K(504832K)] 1081748K->919831K(1903104K), 0.0617436 secs] [Times: user=0.37 sys=0.00, real=0.06 secs] 
5879.678: [GC (Allocation Failure) [PSYoungGen: 464704K->99456K(507392K)] 1235735K->1011143K(1905664K), 0.0646565 secs] [Times: user=0.38 sys=0.00, real=0.06 secs] 
5881.266: [GC (Allocation Failure) [PSYoungGen: 415360K->151744K(501760K)] 1327047K->1159248K(1900032K), 0.0496226 secs] [Times: user=0.30 sys=0.00, real=0.05 secs] 
5882.848: [GC (Allocation Failure) [PSYoungGen: 463552K->104032K(505344K)] 1471056K->1254544K(1903616K), 0.0653917 secs] [Times: user=0.39 sys=0.00, real=0.06 secs] 
5883.682: [GC (Allocation Failure) [PSYoungGen: 405054K->145760K(505344K)] 1555567K->1397581K(1903616K), 0.0513617 secs] [Times: user=0.30 sys=0.01, real=0.05 secs] 
5883.733: [Full GC (Ergonomics) [PSYoungGen: 145760K->0K(505344K)] [ParOldGen: 1251821K->195751K(1398272K)] 1397581K->195751K(1903616K), [Metaspace: 59713K->59713K(1105920K)], 0.4799220 secs] [Times: user=2.22 sys=0.00, real=0.48 secs] 
5886.136: [GC (Allocation Failure) [PSYoungGen: 314368K->102496K(417280K)] 510119K->298247K(1815552K), 0.0976311 secs] [Times: user=0.56 sys=0.01, real=0.10 secs] 
5887.219: [GC (Allocation Failure) [PSYoungGen: 410678K->147424K(503296K)] 606430K->442264K(1901568K), 0.0490361 secs] [Times: user=0.29 sys=0.00, real=0.05 secs] 
5889.116: [GC (Allocation Failure) [PSYoungGen: 461280K->102080K(505344K)] 756120K->536132K(1903616K), 0.1053364 secs] [Times: user=0.63 sys=0.00, real=0.11 secs] 
5889.728: [GC (Allocation Failure) [PSYoungGen: 412188K->148736K(504320K)] 846240K->681725K(1902592K), 0.0503327 secs] [Times: user=0.30 sys=0.00, real=0.05 secs] 
5892.657: [GC (Allocation Failure) [PSYoungGen: 463616K->101984K(506880K)] 996605K->775165K(1905152K), 0.1122001 secs] [Times: user=0.66 sys=0.01, real=0.12 secs] 
5893.622: [GC (GCLocker Initiated GC) [PSYoungGen: 416864K->147680K(504320K)] 1090048K->919321K(1902592K), 0.0501534 secs] [Times: user=0.29 sys=0.00, real=0.05 secs] 
5896.043: [GC (Allocation Failure) [PSYoungGen: 462560K->104640K(419840K)] 1234204K->1015228K(1818112K), 0.1423505 secs] [Times: user=0.85 sys=0.01, real=0.14 secs] 
5897.454: [GC (Allocation Failure) [PSYoungGen: 419520K->148544K(503808K)] 1330108K->1159389K(1902080K), 0.0509327 secs] [Times: user=0.30 sys=0.00, real=0.05 secs] 
5899.013: [GC (Allocation Failure) [PSYoungGen: 463424K->106752K(506368K)] 1474269K->1257097K(1904640K), 0.0764221 secs] [Times: user=0.45 sys=0.00, real=0.08 secs] 
5899.452: [GC (Allocation Failure) [PSYoungGen: 406739K->144352K(505856K)] 1557084K->1397657K(1904128K), 0.0512851 secs] [Times: user=0.30 sys=0.00, real=0.05 secs] 
5899.504: [Full GC (Ergonomics) [PSYoungGen: 144352K->0K(505856K)] [ParOldGen: 1253305K->195931K(1398272K)] 1397657K->195931K(1904128K), [Metaspace: 59713K->59713K(1105920K)], 0.4789076 secs] [Times: user=2.22 sys=0.01, real=0.48 secs] 
5901.462: [GC (Allocation Failure) [PSYoungGen: 317440K->105152K(506880K)] 513371K->301083K(1905152K), 0.0534660 secs] [Times: user=0.31 sys=0.00, real=0.05 secs] 
5902.484: [GC (Allocation Failure) [PSYoungGen: 411435K->145376K(506368K)] 607366K->443197K(1904640K), 0.0506142 secs] [Times: user=0.30 sys=0.00, real=0.05 secs] 
5904.936: [GC (Allocation Failure) [PSYoungGen: 464864K->104768K(507904K)] 762685K->539577K(1906176K), 0.0985338 secs] [Times: user=0.58 sys=0.01, real=0.10 secs] 
5905.753: [GC (Allocation Failure) [PSYoungGen: 409232K->146080K(507392K)] 844041K->682214K(1905664K), 0.0505881 secs] [Times: user=0.30 sys=0.00, real=0.05 secs] 
5907.870: [GC (Allocation Failure) [PSYoungGen: 467616K->106048K(509440K)] 1003750K->779534K(1907712K), 0.1596903 secs] [Times: user=0.95 sys=0.00, real=0.16 secs] 
5908.925: [GC (Allocation Failure) [PSYoungGen: 427584K->185312K(418304K)] 1101070K->979139K(1816576K), 0.0582776 secs] [Times: user=0.34 sys=0.01, real=0.06 secs] 
5910.525: [GC (Allocation Failure) [PSYoungGen: 418272K->59904K(465920K)] 1212099K->989987K(1864192K), 0.0583492 secs] [Times: user=0.35 sys=0.00, real=0.06 secs] 
5912.277: [GC (Allocation Failure) [PSYoungGen: 292864K->113344K(465920K)] 1222947K->1101824K(1864192K), 0.0615844 secs] [Times: user=0.37 sys=0.00, real=0.06 secs] 
5912.723: [GC (Allocation Failure) [PSYoungGen: 346304K->120896K(465920K)] 1334784K->1205292K(1864192K), 0.0916694 secs] [Times: user=0.54 sys=0.00, real=0.09 secs] 
5914.908: [GC (Allocation Failure) [PSYoungGen: 353856K->52224K(465920K)] 1438252K->1257660K(1864192K), 0.1426979 secs] [Times: user=0.84 sys=0.00, real=0.14 secs] 
5915.836: [GC (Allocation Failure) [PSYoungGen: 285184K->111456K(344576K)] 1490620K->1365309K(1742848K), 0.0418707 secs] [Times: user=0.21 sys=0.00, real=0.05 secs] 
5915.878: [Full GC (Ergonomics) [PSYoungGen: 111456K->0K(344576K)] [ParOldGen: 1253853K->162350K(1398272K)] 1365309K->162350K(1742848K), [Metaspace: 59713K->59713K(1105920K)], 0.3909959 secs] [Times: user=1.71 sys=0.00, real=0.39 secs] 
5918.162: [GC (Allocation Failure) [PSYoungGen: 232960K->98400K(465920K)] 395310K->260750K(1864192K), 0.0370911 secs] [Times: user=0.22 sys=0.00, real=0.04 secs] 
5919.178: [GC (Allocation Failure) [PSYoungGen: 337504K->79904K(459776K)] 499854K->340862K(1858048K), 0.0801618 secs] [Times: user=0.47 sys=0.00, real=0.08 secs] 
5919.464: [GC (Allocation Failure) [PSYoungGen: 319008K->118720K(469504K)] 579966K->454523K(1867776K), 0.0485785 secs] [Times: user=0.29 sys=0.00, real=0.05 secs] 
5920.931: [GC (Allocation Failure) [PSYoungGen: 378816K->70816K(468480K)] 714619K->525443K(1866752K), 0.0545179 secs] [Times: user=0.33 sys=0.00, real=0.05 secs] 
5923.230: [GC (Allocation Failure) [PSYoungGen: 330912K->119840K(479744K)] 785539K->642404K(1878016K), 0.0466576 secs] [Times: user=0.28 sys=0.00, real=0.04 secs] 
5925.053: [GC (Allocation Failure) [PSYoungGen: 403488K->106432K(483840K)] 926052K->740044K(1882112K), 0.0601845 secs] [Times: user=0.35 sys=0.00, real=0.06 secs] 
5927.785: [GC (Allocation Failure) [PSYoungGen: 390080K->114368K(487936K)] 1023692K->853689K(1886208K), 0.0723128 secs] [Times: user=0.43 sys=0.00, real=0.08 secs] 
5929.026: [GC (Allocation Failure) [PSYoungGen: 420544K->132800K(491520K)] 1159865K->976881K(1889792K), 0.0622943 secs] [Times: user=0.37 sys=0.01, real=0.07 secs] 
5931.365: [GC (Allocation Failure) [PSYoungGen: 438976K->108512K(501760K)] 1283057K->1085465K(1900032K), 0.0796793 secs] [Times: user=0.47 sys=0.00, real=0.08 secs] 
5932.663: [GC (Allocation Failure) [PSYoungGen: 436192K->139616K(507392K)] 1413145K->1214260K(1905664K), 0.0620132 secs] [Times: user=0.37 sys=0.00, real=0.06 secs] 
5935.043: [GC (Allocation Failure) [PSYoungGen: 467296K->125056K(515072K)] 1541940K->1339500K(1913344K), 0.0603327 secs] [Times: user=0.36 sys=0.00, real=0.06 secs] 
5937.584: [GC (Allocation Failure) [PSYoungGen: 461440K->3360K(339968K)] 1675884K->1217884K(1738240K), 0.0039258 secs] [Times: user=0.02 sys=0.00, real=0.01 secs] 
5937.588: [Full GC (Ergonomics) [PSYoungGen: 3360K->0K(339968K)] [ParOldGen: 1214524K->17123K(1398272K)] 1217884K->17123K(1738240K), [Metaspace: 59714K->59714K(1105920K)], 0.0289259 secs] [Times: user=0.06 sys=0.00, real=0.02 secs] 
5939.605: [GC (Allocation Failure) [PSYoungGen: 336384K->147968K(492032K)] 353507K->165091K(1890304K), 0.0289384 secs] [Times: user=0.17 sys=0.00, real=0.03 secs] 
5941.707: [GC (Allocation Failure) [PSYoungGen: 447488K->101792K(401408K)] 464611K->258123K(1799680K), 0.0659025 secs] [Times: user=0.40 sys=0.00, real=0.06 secs] 
5943.043: [GC (Allocation Failure) [PSYoungGen: 401312K->135520K(497152K)] 557643K->392487K(1895424K), 0.0535545 secs] [Times: user=0.32 sys=0.00, real=0.05 secs] 
5944.673: [GC (Allocation Failure) [PSYoungGen: 440672K->112192K(498688K)] 697639K->495896K(1896960K), 0.0630613 secs] [Times: user=0.38 sys=0.00, real=0.06 secs] 
5945.770: [GC (Allocation Failure) [PSYoungGen: 417344K->130912K(498688K)] 801048K->626264K(1896960K), 0.0594638 secs] [Times: user=0.35 sys=0.00, real=0.06 secs] 
5948.461: [GC (Allocation Failure) [PSYoungGen: 444256K->117056K(498688K)] 939608K->734388K(1896960K), 0.0639913 secs] [Times: user=0.38 sys=0.00, real=0.06 secs] 
5949.969: [GC (Allocation Failure) [PSYoungGen: 430400K->131168K(507392K)] 1047732K->865053K(1905664K), 0.0563018 secs] [Times: user=0.34 sys=0.00, real=0.05 secs] 
5952.002: [GC (Allocation Failure) [PSYoungGen: 459360K->3584K(332288K)] 1193245K->737541K(1730560K), 0.0026398 secs] [Times: user=0.02 sys=0.00, real=0.00 secs] 
5953.498: [GC (Allocation Failure) [PSYoungGen: 331776K->146720K(493568K)] 1065733K->883247K(1891840K), 0.0294073 secs] [Times: user=0.18 sys=0.00, real=0.03 secs] 
5955.940: [GC (Allocation Failure) [PSYoungGen: 448288K->103072K(404992K)] 1184815K->977659K(1803264K), 0.0668654 secs] [Times: user=0.40 sys=0.00, real=0.06 secs] 
5957.327: [GC (Allocation Failure) [PSYoungGen: 404640K->136032K(497152K)] 1279227K->1112708K(1895424K), 0.0544959 secs] [Times: user=0.32 sys=0.00, real=0.06 secs] 
5959.325: [GC (Allocation Failure) [PSYoungGen: 442208K->111552K(499200K)] 1418884K->1214992K(1897472K), 0.0648758 secs] [Times: user=0.38 sys=0.01, real=0.07 secs] 
5960.276: [GC (Allocation Failure) [PSYoungGen: 417728K->143072K(495104K)] 1521168K->1356831K(1893376K), 0.0640179 secs] [Times: user=0.38 sys=0.00, real=0.07 secs] 
5960.341: [Full GC (Ergonomics) [PSYoungGen: 143072K->0K(495104K)] [ParOldGen: 1213759K->149727K(1398272K)] 1356831K->149727K(1893376K), [Metaspace: 59714K->59714K(1105920K)], 0.3536426 secs] [Times: user=1.63 sys=0.00, real=0.35 secs] 
5962.130: [GC (Allocation Failure) [PSYoungGen: 310272K->113952K(499712K)] 459999K->263679K(1897984K), 0.0409634 secs] [Times: user=0.24 sys=0.01, real=0.04 secs] 
5963.577: [GC (Allocation Failure) [PSYoungGen: 424224K->136416K(504832K)] 573951K->399219K(1903104K), 0.0572840 secs] [Times: user=0.34 sys=0.00, real=0.05 secs] 
5965.760: [GC (Allocation Failure) [PSYoungGen: 459488K->113824K(506368K)] 722291K->504371K(1904640K), 0.0649849 secs] [Times: user=0.39 sys=0.00, real=0.06 secs] 
5967.556: [GC (Allocation Failure) [PSYoungGen: 436896K->146880K(505856K)] 827443K->649772K(1904128K), 0.0551726 secs] [Times: user=0.32 sys=0.00, real=0.06 secs] 
5968.887: [GC (Allocation Failure) [PSYoungGen: 475584K->111968K(510976K)] 978476K->752852K(1909248K), 0.0668694 secs] [Times: user=0.40 sys=0.00, real=0.06 secs] 
5971.561: [GC (Allocation Failure) [PSYoungGen: 440672K->152128K(508928K)] 1081556K->903118K(1907200K), 0.0554153 secs] [Times: user=0.33 sys=0.00, real=0.05 secs] 
5973.216: [GC (Allocation Failure) [PSYoungGen: 483392K->112448K(515072K)] 1234382K->1006958K(1913344K), 0.0669801 secs] [Times: user=0.39 sys=0.00, real=0.07 secs] 
5975.047: [GC (Allocation Failure) [PSYoungGen: 443712K->156544K(504320K)] 1338222K->1160375K(1902592K), 0.0555951 secs] [Times: user=0.33 sys=0.00, real=0.06 secs] 
5977.720: [GC (Allocation Failure) [PSYoungGen: 481664K->107520K(512000K)] 1485495K->1259091K(1910272K), 0.1318642 secs] [Times: user=0.76 sys=0.00, real=0.13 secs] 
5978.363: [GC (Allocation Failure) [PSYoungGen: 432640K->155296K(503296K)] 1584211K->1410560K(1901568K), 0.0527920 secs] [Times: user=0.31 sys=0.00, real=0.05 secs] 
5978.416: [Full GC (Ergonomics) [PSYoungGen: 155296K->0K(503296K)] [ParOldGen: 1255264K->207750K(1398272K)] 1410560K->207750K(1901568K), [Metaspace: 59714K->59714K(1105920K)], 0.4905120 secs] [Times: user=2.29 sys=0.00, real=0.49 secs] 
5981.100: [GC (Allocation Failure) [PSYoungGen: 320000K->98208K(509440K)] 527750K->305958K(1907712K), 0.1641023 secs] [Times: user=0.97 sys=0.01, real=0.16 secs] 
5982.038: [GC (Allocation Failure) [PSYoungGen: 418208K->154816K(500736K)] 625958K->454355K(1899008K), 0.0553629 secs] [Times: user=0.32 sys=0.01, real=0.05 secs] 
5984.078: [GC (Allocation Failure) [PSYoungGen: 467648K->95456K(505856K)] 767187K->549679K(1904128K), 0.1481258 secs] [Times: user=0.88 sys=0.01, real=0.14 secs] 
5984.479: [GC (Allocation Failure) [PSYoungGen: 408288K->170080K(485888K)] 862511K->714031K(1884160K), 0.0541451 secs] [Times: user=0.31 sys=0.00, real=0.05 secs] 
5987.615: [GC (Allocation Failure) [PSYoungGen: 464480K->82528K(377344K)] 1008431K->779760K(1775616K), 0.1539002 secs] [Times: user=0.90 sys=0.02, real=0.16 secs] 
5988.671: [GC (Allocation Failure) [PSYoungGen: 364973K->138176K(498688K)] 1062205K->911676K(1896960K), 0.0471419 secs] [Times: user=0.28 sys=0.00, real=0.05 secs] 
5989.889: [GC (Allocation Failure) [PSYoungGen: 434112K->94336K(390656K)] 1207612K->997428K(1788928K), 0.0619720 secs] [Times: user=0.36 sys=0.00, real=0.06 secs] 
5991.830: [GC (Allocation Failure) [PSYoungGen: 390272K->139360K(494592K)] 1293364K->1133801K(1892864K), 0.0478399 secs] [Times: user=0.28 sys=0.00, real=0.05 secs] 
5993.212: [GC (Allocation Failure) [PSYoungGen: 436320K->99040K(493568K)] 1430761K->1223857K(1891840K), 0.0632196 secs] [Times: user=0.37 sys=0.00, real=0.06 secs] 
5995.589: [GC (Allocation Failure) [PSYoungGen: 396000K->136672K(499712K)] 1520817K->1358538K(1897984K), 0.0512429 secs] [Times: user=0.30 sys=0.00, real=0.05 secs] 
5995.640: [Full GC (Ergonomics) [PSYoungGen: 136672K->0K(499712K)] [ParOldGen: 1221866K->165903K(1398272K)] 1358538K->165903K(1897984K), [Metaspace: 59714K->59714K(1105920K)], 0.3916345 secs] [Times: user=1.80 sys=0.00, real=0.39 secs] 
5997.802: [GC (Allocation Failure) [PSYoungGen: 306176K->104128K(498176K)] 472079K->270031K(1896448K), 0.0372624 secs] [Times: user=0.22 sys=0.00, real=0.04 secs] 
6000.102: [GC (Allocation Failure) [PSYoungGen: 410304K->137824K(502272K)] 576207K->406112K(1900544K), 0.0524252 secs] [Times: user=0.32 sys=0.00, real=0.05 secs] 
6001.339: [GC (Allocation Failure) [PSYoungGen: 451680K->112096K(501760K)] 719968K->508940K(1900032K), 0.0656437 secs] [Times: user=0.39 sys=0.00, real=0.06 secs] 
6002.117: [GC (Allocation Failure) [PSYoungGen: 425952K->147072K(502784K)] 822796K->654472K(1901056K), 0.0548859 secs] [Times: user=0.33 sys=0.00, real=0.06 secs] 
6004.253: [GC (Allocation Failure) [PSYoungGen: 466560K->108000K(505856K)] 973960K->753744K(1904128K), 0.0708313 secs] [Times: user=0.42 sys=0.00, real=0.07 secs] 
6005.984: [GC (Allocation Failure) [PSYoungGen: 427488K->147712K(508416K)] 1073232K->899670K(1906688K), 0.0542826 secs] [Times: user=0.32 sys=0.00, real=0.06 secs] 
6008.254: [GC (Allocation Failure) [PSYoungGen: 473344K->110208K(512000K)] 1225302K->1001098K(1910272K), 0.0667374 secs] [Times: user=0.40 sys=0.01, real=0.07 secs] 
6009.012: [GC (Allocation Failure) [PSYoungGen: 435840K->155744K(503808K)] 1326730K->1155119K(1902080K), 0.0552183 secs] [Times: user=0.33 sys=0.00, real=0.06 secs] 
6012.062: [GC (Allocation Failure) [PSYoungGen: 476768K->103296K(509952K)] 1476143K->1250063K(1908224K), 0.0965410 secs] [Times: user=0.58 sys=0.00, real=0.10 secs] 
6013.305: [GC (Allocation Failure) [PSYoungGen: 424320K->152800K(503296K)] 1571087K->1399640K(1901568K), 0.0532061 secs] [Times: user=0.31 sys=0.00, real=0.06 secs] 
6013.358: [Full GC (Ergonomics) [PSYoungGen: 152800K->0K(503296K)] [ParOldGen: 1246840K->195667K(1398272K)] 1399640K->195667K(1901568K), [Metaspace: 59714K->59714K(1105920K)], 0.4793497 secs] [Times: user=2.24 sys=0.00, real=0.48 secs] 
6015.541: [GC (Allocation Failure) [PSYoungGen: 316928K->103104K(507904K)] 512595K->298771K(1906176K), 0.0671853 secs] [Times: user=0.39 sys=0.00, real=0.07 secs] 
6016.791: [GC (Allocation Failure) [PSYoungGen: 418489K->149184K(504320K)] 614157K->443924K(1902592K), 0.0501420 secs] [Times: user=0.30 sys=0.00, real=0.05 secs] 
6018.504: [GC (Allocation Failure) [PSYoungGen: 465088K->105344K(507392K)] 759828K->540340K(1905664K), 0.0993317 secs] [Times: user=0.59 sys=0.00, real=0.10 secs] 
6019.221: [GC (Allocation Failure) [PSYoungGen: 421248K->169216K(489984K)] 856244K->706417K(1888256K), 0.0670627 secs] [Times: user=0.40 sys=0.00, real=0.07 secs] 
6022.592: [GC (Allocation Failure) [PSYoungGen: 470784K->84640K(386560K)] 1007985K->774793K(1784832K), 0.1393211 secs] [Times: user=0.83 sys=0.00, real=0.14 secs] 
6023.363: [GC (Allocation Failure) [PSYoungGen: 386208K->144032K(499712K)] 1076361K->914798K(1897984K), 0.0497360 secs] [Times: user=0.29 sys=0.00, real=0.05 secs] 
6024.637: [GC (Allocation Failure) [PSYoungGen: 444576K->98944K(399872K)] 1215342K->1004798K(1798144K), 0.0635698 secs] [Times: user=0.38 sys=0.00, real=0.07 secs] 
6025.739: [GC (Allocation Failure) [PSYoungGen: 399488K->154304K(493056K)] 1305342K->1155523K(1891328K), 0.0505213 secs] [Times: user=0.30 sys=0.00, real=0.05 secs] 
6026.950: [GC (Allocation Failure) [PSYoungGen: 450752K->96448K(497152K)] 1451971K->1235011K(1895424K), 0.0767125 secs] [Times: user=0.45 sys=0.00, real=0.07 secs] 
6029.175: [GC (Allocation Failure) [PSYoungGen: 392896K->138592K(492032K)] 1531459K->1371588K(1890304K), 0.0496514 secs] [Times: user=0.29 sys=0.00, real=0.05 secs] 
6029.224: [Full GC (Ergonomics) [PSYoungGen: 138592K->0K(492032K)] [ParOldGen: 1232996K->169964K(1398272K)] 1371588K->169964K(1890304K), [Metaspace: 59714K->59714K(1105920K)], 0.4138490 secs] [Times: user=1.90 sys=0.00, real=0.42 secs] 
6032.736: [GC (Allocation Failure) [PSYoungGen: 299520K->95776K(496128K)] 469484K->265740K(1894400K), 0.0361133 secs] [Times: user=0.22 sys=0.00, real=0.04 secs] 
6034.257: [GC (Allocation Failure) [PSYoungGen: 395296K->134720K(494080K)] 565260K->398941K(1892352K), 0.0546642 secs] [Times: user=0.32 sys=0.00, real=0.05 secs] 
6035.528: [GC (Allocation Failure) [PSYoungGen: 442432K->112320K(499200K)] 706653K->501685K(1897472K), 0.0638250 secs] [Times: user=0.38 sys=0.00, real=0.06 secs] 
6036.781: [GC (Allocation Failure) [PSYoungGen: 420032K->137824K(505856K)] 809397K->639094K(1904128K), 0.0694990 secs] [Times: user=0.41 sys=0.00, real=0.07 secs] 
6038.870: [GC (Allocation Failure) [PSYoungGen: 458336K->112320K(506880K)] 959606K->743174K(1905152K), 0.0648708 secs] [Times: user=0.39 sys=0.00, real=0.06 secs] 
6041.120: [GC (Allocation Failure) [PSYoungGen: 432832K->142688K(507392K)] 1063686K->884883K(1905664K), 0.0547420 secs] [Times: user=0.33 sys=0.00, real=0.05 secs] 
6043.176: [GC (GCLocker Initiated GC) [PSYoungGen: 468320K->113120K(508928K)] 1210515K->989119K(1907200K), 0.0659538 secs] [Times: user=0.39 sys=0.00, real=0.07 secs] 
6045.444: [GC (Allocation Failure) [PSYoungGen: 438752K->157440K(505856K)] 1314786K->1144325K(1904128K), 0.0558995 secs] [Times: user=0.34 sys=0.00, real=0.06 secs] 
6046.704: [GC (GCLocker Initiated GC) [PSYoungGen: 483584K->112672K(512512K)] 1470469K->1239541K(1910784K), 0.0673285 secs] [Times: user=0.40 sys=0.00, real=0.07 secs] 
6048.483: [GC (Allocation Failure) [PSYoungGen: 438816K->152320K(506880K)] 1565688K->1389133K(1905152K), 0.0560145 secs] [Times: user=0.33 sys=0.01, real=0.06 secs] 
6048.539: [Full GC (Ergonomics) [PSYoungGen: 152320K->0K(506880K)] [ParOldGen: 1236813K->186752K(1398272K)] 1389133K->186752K(1905152K), [Metaspace: 59714K->59714K(1105920K)], 0.4527824 secs] [Times: user=2.10 sys=0.00, real=0.45 secs] 
6050.616: [GC (Allocation Failure) [PSYoungGen: 324096K->109376K(511488K)] 510848K->296128K(1909760K), 0.0914153 secs] [Times: user=0.53 sys=0.01, real=0.10 secs] 
6052.233: [GC (Allocation Failure) [PSYoungGen: 433472K->151872K(506368K)] 620224K->443835K(1904640K), 0.0529483 secs] [Times: user=0.31 sys=0.01, real=0.05 secs] 
6054.597: [GC (Allocation Failure) [PSYoungGen: 473920K->106816K(510464K)] 765883K->541259K(1908736K), 0.1705399 secs] [Times: user=1.01 sys=0.01, real=0.17 secs] 
6055.339: [GC (Allocation Failure) [PSYoungGen: 428864K->155232K(503808K)] 863307K->692940K(1902080K), 0.0527052 secs] [Times: user=0.31 sys=0.00, real=0.05 secs] 
6057.730: [GC (Allocation Failure) [PSYoungGen: 473184K->95488K(508416K)] 1010892K->787868K(1906688K), 0.1518244 secs] [Times: user=0.90 sys=0.00, real=0.15 secs] 
6058.656: [GC (Allocation Failure) [PSYoungGen: 413440K->156960K(498176K)] 1105820K->938997K(1896448K), 0.0566220 secs] [Times: user=0.34 sys=0.00, real=0.06 secs] 
6061.882: [GC (Allocation Failure) [PSYoungGen: 464672K->87488K(395264K)] 1246709K->1026609K(1793536K), 0.1657474 secs] [Times: user=0.99 sys=0.00, real=0.17 secs] 
6062.850: [GC (Allocation Failure) [PSYoungGen: 395200K->150880K(498688K)] 1334321K->1171586K(1896960K), 0.0536941 secs] [Times: user=0.32 sys=0.00, real=0.05 secs] 
6064.630: [GC (GCLocker Initiated GC) [PSYoungGen: 453472K->90208K(500736K)] 1474178K->1261554K(1899008K), 0.1598195 secs] [Times: user=0.96 sys=0.00, real=0.16 secs] 
6065.286: [GC (Allocation Failure) [PSYoungGen: 392800K->137792K(496128K)] 1580578K->1412124K(1894400K), 0.2176415 secs] [Times: user=1.31 sys=0.01, real=0.22 secs] 
6065.504: [Full GC (Ergonomics) [PSYoungGen: 137792K->0K(496128K)] [ParOldGen: 1274332K->211163K(1398272K)] 1412124K->211163K(1894400K), [Metaspace: 59716K->59716K(1105920K)], 0.4396794 secs] [Times: user=1.89 sys=0.00, real=0.44 secs] 
6068.258: [GC (Allocation Failure) [PSYoungGen: 303104K->87424K(498688K)] 514267K->298587K(1896960K), 0.1323339 secs] [Times: user=0.78 sys=0.00, real=0.13 secs] 
6069.297: [GC (Allocation Failure) [PSYoungGen: 382430K->139296K(500736K)] 593594K->434000K(1899008K), 0.0475756 secs] [Times: user=0.28 sys=0.00, real=0.05 secs] 
6071.205: [GC (Allocation Failure) [PSYoungGen: 447520K->102240K(502272K)] 742224K->527348K(1900544K), 0.1191197 secs] [Times: user=0.70 sys=0.00, real=0.12 secs] 
6072.047: [GC (Allocation Failure) [PSYoungGen: 409924K->147744K(499712K)] 835032K->672000K(1897984K), 0.0494077 secs] [Times: user=0.30 sys=0.00, real=0.05 secs] 
6075.155: [GC (Allocation Failure) [PSYoungGen: 456992K->98400K(502784K)] 981248K->762313K(1901056K), 0.0804412 secs] [Times: user=0.47 sys=0.00, real=0.08 secs] 
6076.311: [GC (Allocation Failure) [PSYoungGen: 407648K->146400K(502784K)] 1071561K->905641K(1901056K), 0.0487646 secs] [Times: user=0.29 sys=0.00, real=0.05 secs] 
6078.576: [GC (Allocation Failure) [PSYoungGen: 458208K->102048K(414208K)] 1217449K->999265K(1812480K), 0.0681037 secs] [Times: user=0.40 sys=0.00, real=0.07 secs] 
6079.449: [GC (Allocation Failure) [PSYoungGen: 413856K->152128K(499712K)] 1311073K->1148386K(1897984K), 0.0512360 secs] [Times: user=0.30 sys=0.00, real=0.05 secs] 
6081.308: [GC (Allocation Failure) [PSYoungGen: 461888K->100448K(504320K)] 1458146K->1240618K(1902592K), 0.0690139 secs] [Times: user=0.41 sys=0.00, real=0.07 secs] 
6083.811: [GC (Allocation Failure) [PSYoungGen: 410208K->153792K(497152K)] 1550378K->1390927K(1895424K), 0.0498025 secs] [Times: user=0.30 sys=0.00, real=0.05 secs] 
6083.861: [Full GC (Ergonomics) [PSYoungGen: 153792K->0K(497152K)] [ParOldGen: 1237135K->189646K(1398272K)] 1390927K->189646K(1895424K), [Metaspace: 59716K->59716K(1105920K)], 0.4621819 secs] [Times: user=2.15 sys=0.00, real=0.46 secs] 
6085.556: [GC (Allocation Failure) [PSYoungGen: 305664K->99584K(502272K)] 495310K->289230K(1900544K), 0.0410356 secs] [Times: user=0.24 sys=0.00, real=0.05 secs] 
6087.363: [GC (Allocation Failure) [PSYoungGen: 405248K->143392K(502272K)] 594894K->429135K(1900544K), 0.0490357 secs] [Times: user=0.29 sys=0.00, real=0.05 secs] 
6088.841: [GC (Allocation Failure) [PSYoungGen: 452128K->105536K(414720K)] 737871K->525807K(1812992K), 0.0780123 secs] [Times: user=0.47 sys=0.00, real=0.08 secs] 
6090.381: [GC (Allocation Failure) [PSYoungGen: 414272K->147712K(498688K)] 834543K->669974K(1896960K), 0.0520230 secs] [Times: user=0.30 sys=0.00, real=0.05 secs] 
6091.580: [GC (Allocation Failure) [PSYoungGen: 455936K->101760K(501248K)] 978198K->763046K(1899520K), 0.0646335 secs] [Times: user=0.38 sys=0.00, real=0.06 secs] 
6092.957: [GC (Allocation Failure) [PSYoungGen: 409984K->146848K(503808K)] 1071270K->906935K(1902080K), 0.0511662 secs] [Times: user=0.31 sys=0.00, real=0.05 secs] 
6095.438: [GC (Allocation Failure) [PSYoungGen: 460192K->103200K(416768K)] 1220279K->1001515K(1815040K), 0.0814164 secs] [Times: user=0.48 sys=0.00, real=0.08 secs] 
6097.655: [GC (Allocation Failure) [PSYoungGen: 416544K->146656K(503296K)] 1314859K->1144948K(1901568K), 0.0522942 secs] [Times: user=0.31 sys=0.00, real=0.06 secs] 
6099.708: [GC (Allocation Failure) [PSYoungGen: 460512K->104384K(505344K)] 1458804K->1240312K(1903616K), 0.0649807 secs] [Times: user=0.38 sys=0.00, real=0.06 secs] 
6102.328: [GC (Allocation Failure) [PSYoungGen: 418240K->146624K(503808K)] 1554168K->1383133K(1902080K), 0.0523959 secs] [Times: user=0.31 sys=0.00, real=0.05 secs] 
6102.380: [Full GC (Ergonomics) [PSYoungGen: 146624K->0K(503808K)] [ParOldGen: 1236509K->182749K(1398272K)] 1383133K->182749K(1902080K), [Metaspace: 59716K->59716K(1105920K)], 0.4401140 secs] [Times: user=2.04 sys=0.00, real=0.44 secs] 
6104.005: [GC (Allocation Failure) [PSYoungGen: 315392K->106272K(506368K)] 498141K->289021K(1904640K), 0.0410559 secs] [Times: user=0.24 sys=0.00, real=0.04 secs] 
6105.233: [GC (Allocation Failure) [PSYoungGen: 421664K->149440K(503808K)] 604413K->434942K(1902080K), 0.0522806 secs] [Times: user=0.31 sys=0.00, real=0.05 secs] 
6106.595: [GC (Allocation Failure) [PSYoungGen: 465856K->106432K(506880K)] 751358K->531934K(1905152K), 0.0686845 secs] [Times: user=0.41 sys=0.00, real=0.07 secs] 
6107.833: [GC (Allocation Failure) [PSYoungGen: 422848K->152320K(503808K)] 848350K->681071K(1902080K), 0.0521507 secs] [Times: user=0.30 sys=0.00, real=0.05 secs] 
6110.013: [GC (Allocation Failure) [PSYoungGen: 468224K->103712K(507392K)] 996975K->776539K(1905664K), 0.1170661 secs] [Times: user=0.70 sys=0.00, real=0.12 secs] 
6111.775: [GC (Allocation Failure) [PSYoungGen: 419324K->147104K(506368K)] 1092152K->920152K(1904640K), 0.0504650 secs] [Times: user=0.30 sys=0.00, real=0.05 secs] 
6113.831: [GC (Allocation Failure) [PSYoungGen: 464032K->105792K(422912K)] 1237080K->1017108K(1821184K), 0.0911409 secs] [Times: user=0.55 sys=0.00, real=0.09 secs] 
6114.790: [GC (Allocation Failure) [PSYoungGen: 409090K->144064K(506368K)] 1320407K->1157633K(1904640K), 0.0512882 secs] [Times: user=0.30 sys=0.00, real=0.05 secs] 
6118.380: [GC (Allocation Failure) [PSYoungGen: 462016K->102272K(506880K)] 1475585K->1251601K(1905152K), 0.0645750 secs] [Times: user=0.39 sys=0.00, real=0.06 secs] 
6119.798: [GC (Allocation Failure) [PSYoungGen: 418158K->148672K(505344K)] 1567487K->1396818K(1903616K), 0.0668800 secs] [Times: user=0.39 sys=0.00, real=0.06 secs] 
6119.864: [Full GC (Ergonomics) [PSYoungGen: 148672K->0K(505344K)] [ParOldGen: 1248146K->196169K(1398272K)] 1396818K->196169K(1903616K), [Metaspace: 59717K->59717K(1105920K)], 0.4796383 secs] [Times: user=2.23 sys=0.00, real=0.48 secs] 
6122.882: [GC (Allocation Failure) [PSYoungGen: 318464K->102720K(508416K)] 514633K->298889K(1906688K), 0.0857738 secs] [Times: user=0.50 sys=0.01, real=0.09 secs] 
6124.193: [GC (Allocation Failure) [PSYoungGen: 411174K->149024K(505344K)] 607343K->443670K(1903616K), 0.0496960 secs] [Times: user=0.29 sys=0.00, real=0.05 secs] 
6126.055: [GC (Allocation Failure) [PSYoungGen: 466976K->108384K(508416K)] 761622K->543282K(1906688K), 0.1402269 secs] [Times: user=0.83 sys=0.01, real=0.14 secs] 
6127.782: [GC (Allocation Failure) [PSYoungGen: 417227K->144928K(507392K)] 852125K->682183K(1905664K), 0.0510755 secs] [Times: user=0.30 sys=0.00, real=0.05 secs] 
6130.119: [GC (Allocation Failure) [PSYoungGen: 464928K->104928K(508416K)] 1002183K->778503K(1906688K), 0.1543522 secs] [Times: user=0.91 sys=0.00, real=0.15 secs] 
6131.660: [GC (Allocation Failure) [PSYoungGen: 413216K->145760K(506880K)] 1086792K->920978K(1905152K), 0.0511310 secs] [Times: user=0.31 sys=0.00, real=0.05 secs] 
6134.007: [GC (Allocation Failure) [PSYoungGen: 466784K->105760K(508928K)] 1242002K->1018202K(1907200K), 0.1094097 secs] [Times: user=0.65 sys=0.00, real=0.11 secs] 
6135.013: [GC (Allocation Failure) [PSYoungGen: 414736K->145440K(508928K)] 1327178K->1159503K(1907200K), 0.0517426 secs] [Times: user=0.30 sys=0.01, real=0.05 secs] 
6137.088: [GC (Allocation Failure) [PSYoungGen: 469024K->109056K(510464K)] 1483087K->1259479K(1908736K), 0.1406251 secs] [Times: user=0.83 sys=0.00, real=0.14 secs] 
6137.638: [GC (Allocation Failure) [PSYoungGen: 432640K->157312K(502784K)] 1583063K->1413140K(1901056K), 0.0543097 secs] [Times: user=0.33 sys=0.00, real=0.05 secs] 
6137.692: [Full GC (Ergonomics) [PSYoungGen: 157312K->0K(502784K)] [ParOldGen: 1255828K->211431K(1398272K)] 1413140K->211431K(1901056K), [Metaspace: 59717K->59717K(1105920K)], 0.4999255 secs] [Times: user=2.33 sys=0.00, real=0.50 secs] 
6140.757: [GC (Allocation Failure) [PSYoungGen: 318976K->92000K(508928K)] 530407K->303431K(1907200K), 0.1442140 secs] [Times: user=0.86 sys=0.00, real=0.14 secs] 
6141.448: [GC (Allocation Failure) [PSYoungGen: 410976K->157760K(497664K)] 622407K->455040K(1895936K), 0.0538038 secs] [Times: user=0.32 sys=0.00, real=0.05 secs] 
6144.378: [GC (Allocation Failure) [PSYoungGen: 465472K->89600K(503296K)] 762752K->544552K(1901568K), 0.1661750 secs] [Times: user=0.99 sys=0.01, real=0.16 secs] 
6144.881: [GC (Allocation Failure) [PSYoungGen: 397312K->153056K(496128K)] 852264K->691533K(1894400K), 0.0540454 secs] [Times: user=0.32 sys=0.00, real=0.05 secs] 
6147.721: [GC (Allocation Failure) [PSYoungGen: 453600K->86240K(499712K)] 992077K->777581K(1897984K), 0.1781314 secs] [Times: user=1.06 sys=0.00, real=0.18 secs] 
6148.240: [GC (Allocation Failure) [PSYoungGen: 375569K->138784K(496128K)] 1066910K->912654K(1894400K), 0.0486098 secs] [Times: user=0.29 sys=0.00, real=0.05 secs] 
6149.834: [GC (Allocation Failure) [PSYoungGen: 439840K->98336K(498176K)] 1213710K->1002462K(1896448K), 0.0875084 secs] [Times: user=0.52 sys=0.00, real=0.09 secs] 
6150.558: [GC (Allocation Failure) [PSYoungGen: 399392K->144864K(500224K)] 1303518K->1143918K(1898496K), 0.0489620 secs] [Times: user=0.29 sys=0.00, real=0.04 secs] 
6153.083: [GC (Allocation Failure) [PSYoungGen: 450528K->98592K(501248K)] 1449582K->1233906K(1899520K), 0.0730422 secs] [Times: user=0.43 sys=0.00, real=0.07 secs] 
6153.935: [GC (Allocation Failure) [PSYoungGen: 404256K->146592K(499712K)] 1539570K->1377363K(1897984K), 0.0504536 secs] [Times: user=0.29 sys=0.01, real=0.05 secs] 
6153.986: [Full GC (Ergonomics) [PSYoungGen: 146592K->0K(499712K)] [ParOldGen: 1230771K->183355K(1398272K)] 1377363K->183355K(1897984K), [Metaspace: 59717K->59717K(1105920K)], 0.4424793 secs] [Times: user=2.04 sys=0.00, real=0.45 secs] 
6155.558: [GC (Allocation Failure) [PSYoungGen: 305545K->102560K(501760K)] 488901K->285916K(1900032K), 0.0324226 secs] [Times: user=0.19 sys=0.00, real=0.03 secs] 
6157.961: [GC (Allocation Failure) [PSYoungGen: 409248K->141472K(501760K)] 592604K->425084K(1900032K), 0.0515645 secs] [Times: user=0.30 sys=0.00, real=0.05 secs] 
6159.177: [GC (Allocation Failure) [PSYoungGen: 451744K->103488K(502272K)] 735356K->519824K(1900544K), 0.0626192 secs] [Times: user=0.37 sys=0.00, real=0.06 secs] 
6160.628: [GC (Allocation Failure) [PSYoungGen: 413760K->147680K(500736K)] 830096K->665545K(1899008K), 0.0519746 secs] [Times: user=0.31 sys=0.00, real=0.05 secs] 
6162.197: [GC (Allocation Failure) [PSYoungGen: 460000K->104000K(503808K)] 977865K->760877K(1902080K), 0.0652530 secs] [Times: user=0.39 sys=0.00, real=0.07 secs] 
6164.124: [GC (Allocation Failure) [PSYoungGen: 416320K->146496K(505344K)] 1073197K->905262K(1903616K), 0.0521814 secs] [Times: user=0.31 sys=0.00, real=0.05 secs] 
6165.412: [GC (Allocation Failure) [PSYoungGen: 463424K->108544K(425984K)] 1222190K->1005066K(1824256K), 0.0653807 secs] [Times: user=0.39 sys=0.00, real=0.07 secs] 
6167.381: [GC (Allocation Failure) [PSYoungGen: 425472K->158368K(498688K)] 1321994K->1158483K(1896960K), 0.0540010 secs] [Times: user=0.32 sys=0.00, real=0.05 secs] 
6169.621: [GC (GCLocker Initiated GC) [PSYoungGen: 470176K->100640K(505344K)] 1470291K->1242727K(1903616K), 0.0793892 secs] [Times: user=0.47 sys=0.00, real=0.08 secs] 
6171.046: [GC (Allocation Failure) [PSYoungGen: 412448K->145568K(505344K)] 1554538K->1384575K(1903616K), 0.0512712 secs] [Times: user=0.29 sys=0.01, real=0.06 secs] 
6171.097: [Full GC (Ergonomics) [PSYoungGen: 145568K->0K(505344K)] [ParOldGen: 1239007K->181731K(1398272K)] 1384575K->181731K(1903616K), [Metaspace: 59718K->59718K(1105920K)], 0.4400406 secs] [Times: user=2.04 sys=0.00, real=0.44 secs] 
6172.663: [GC (Allocation Failure) [PSYoungGen: 313856K->107520K(421888K)] 495587K->289251K(1820160K), 0.0332989 secs] [Times: user=0.19 sys=0.00, real=0.03 secs] 
6173.545: [GC (GCLocker Initiated GC) [PSYoungGen: 421376K->151616K(500224K)] 603107K->437913K(1898496K), 0.0534488 secs] [Times: user=0.31 sys=0.00, real=0.06 secs] 
6175.262: [GC (Allocation Failure) [PSYoungGen: 462912K->100992K(503808K)] 749213K->530429K(1902080K), 0.0949274 secs] [Times: user=0.56 sys=0.00, real=0.10 secs] 
6176.911: [GC (Allocation Failure) [PSYoungGen: 412288K->150336K(502272K)] 841725K->676678K(1900544K), 0.0507085 secs] [Times: user=0.30 sys=0.00, real=0.05 secs] 
6178.513: [GC (Allocation Failure) [PSYoungGen: 462144K->101440K(505344K)] 988486K->769514K(1903616K), 0.0653385 secs] [Times: user=0.39 sys=0.00, real=0.07 secs] 
6180.847: [GC (Allocation Failure) [PSYoungGen: 413248K->150208K(502272K)] 1081322K->915582K(1900544K), 0.0506639 secs] [Times: user=0.30 sys=0.00, real=0.05 secs] 
6182.251: [GC (Allocation Failure) [PSYoungGen: 460992K->101408K(504832K)] 1226366K->1008254K(1903104K), 0.0950380 secs] [Times: user=0.57 sys=0.00, real=0.09 secs] 
6184.662: [GC (Allocation Failure) [PSYoungGen: 412192K->147392K(503808K)] 1319038K->1151483K(1902080K), 0.0508198 secs] [Times: user=0.30 sys=0.00, real=0.05 secs] 
6185.908: [GC (Allocation Failure) [PSYoungGen: 459200K->102496K(414720K)] 1463291K->1244763K(1812992K), 0.0653128 secs] [Times: user=0.39 sys=0.00, real=0.06 secs] 
6188.475: [GC (Allocation Failure) [PSYoungGen: 414304K->146816K(502784K)] 1556571K->1387760K(1901056K), 0.0509213 secs] [Times: user=0.30 sys=0.00, real=0.05 secs] 
6188.526: [Full GC (Ergonomics) [PSYoungGen: 146816K->0K(502784K)] [ParOldGen: 1240944K->185811K(1398272K)] 1387760K->185811K(1901056K), [Metaspace: 59718K->59718K(1105920K)], 0.4583407 secs] [Times: user=2.14 sys=0.00, real=0.46 secs] 
6190.122: [GC (Allocation Failure) [PSYoungGen: 311808K->104608K(504320K)] 497619K->290419K(1902592K), 0.0322919 secs] [Times: user=0.19 sys=0.00, real=0.03 secs] 
6192.460: [GC (Allocation Failure) [PSYoungGen: 416416K->147104K(503296K)] 602227K->433892K(1901568K), 0.0514201 secs] [Times: user=0.31 sys=0.00, real=0.05 secs] 
6193.669: [GC (Allocation Failure) [PSYoungGen: 460448K->103584K(505344K)] 747236K->528324K(1903616K), 0.0647414 secs] [Times: user=0.38 sys=0.00, real=0.06 secs] 
6195.794: [GC (Allocation Failure) [PSYoungGen: 416928K->149088K(503808K)] 841668K->673557K(1902080K), 0.0514812 secs] [Times: user=0.30 sys=0.00, real=0.05 secs] 
6197.033: [GC (Allocation Failure) [PSYoungGen: 463456K->105504K(506368K)] 987925K->770357K(1904640K), 0.0921087 secs] [Times: user=0.55 sys=0.01, real=0.09 secs] 
6198.232: [GC (Allocation Failure) [PSYoungGen: 419872K->147872K(504320K)] 1084725K->914441K(1902592K), 0.0525602 secs] [Times: user=0.32 sys=0.00, real=0.05 secs] 
6199.673: [GC (Allocation Failure) [PSYoungGen: 463264K->107104K(506368K)] 1229833K->1011873K(1904640K), 0.0824639 secs] [Times: user=0.49 sys=0.00, real=0.08 secs] 
6200.741: [GC (Allocation Failure) [PSYoungGen: 415013K->149632K(504832K)] 1319783K->1158230K(1903104K), 0.0545644 secs] [Times: user=0.32 sys=0.01, real=0.05 secs] 
6203.308: [GC (Allocation Failure) [PSYoungGen: 466048K->100352K(507392K)] 1474646K->1250470K(1905664K), 0.1620532 secs] [Times: user=0.96 sys=0.01, real=0.16 secs] 
6205.460: [GC (Allocation Failure) [PSYoungGen: 416768K->150272K(503296K)] 1566886K->1396675K(1901568K), 0.0507167 secs] [Times: user=0.31 sys=0.00, real=0.05 secs] 
6205.511: [Full GC (Ergonomics) [PSYoungGen: 150272K->0K(503296K)] [ParOldGen: 1246403K->195548K(1398272K)] 1396675K->195548K(1901568K), [Metaspace: 59718K->59718K(1105920K)], 0.4775680 secs] [Times: user=2.22 sys=0.00, real=0.48 secs] 
6207.830: [GC (Allocation Failure) [PSYoungGen: 313856K->101568K(506368K)] 509404K->297116K(1904640K), 0.0987306 secs] [Times: user=0.59 sys=0.00, real=0.10 secs] 
6209.374: [GC (Allocation Failure) [PSYoungGen: 415424K->149376K(503296K)] 610972K->442677K(1901568K), 0.0492012 secs] [Times: user=0.29 sys=0.00, real=0.05 secs] 
6211.328: [GC (Allocation Failure) [PSYoungGen: 462208K->102496K(505856K)] 755509K->536221K(1904128K), 0.1326452 secs] [Times: user=0.79 sys=0.00, real=0.13 secs] 
6212.344: [GC (Allocation Failure) [PSYoungGen: 408082K->148064K(503808K)] 841807K->680562K(1902080K), 0.0496460 secs] [Times: user=0.29 sys=0.00, real=0.05 secs] 
6213.953: [GC (Allocation Failure) [PSYoungGen: 461408K->101824K(505856K)] 993906K->774034K(1904128K), 0.0757913 secs] [Times: user=0.45 sys=0.00, real=0.08 secs] 
6215.013: [GC (Allocation Failure) [PSYoungGen: 408067K->148192K(504320K)] 1080277K->919091K(1902592K), 0.0501349 secs] [Times: user=0.30 sys=0.00, real=0.05 secs] 
6217.779: [GC (Allocation Failure) [PSYoungGen: 462048K->99904K(506368K)] 1232947K->1010907K(1904640K), 0.0802239 secs] [Times: user=0.47 sys=0.00, real=0.08 secs] 
6219.122: [GC (Allocation Failure) [PSYoungGen: 413760K->150208K(502272K)] 1324763K->1158052K(1900544K), 0.0503784 secs] [Times: user=0.30 sys=0.00, real=0.05 secs] 
6220.911: [GC (Allocation Failure) [PSYoungGen: 462016K->99584K(505344K)] 1469860K->1249240K(1903616K), 0.1001268 secs] [Times: user=0.60 sys=0.01, real=0.10 secs] 
6221.874: [GC (Allocation Failure) [PSYoungGen: 411392K->150432K(501248K)] 1561048K->1396134K(1899520K), 0.0500993 secs] [Times: user=0.29 sys=0.01, real=0.05 secs] 
6221.924: [Full GC (Ergonomics) [PSYoungGen: 150432K->0K(501248K)] [ParOldGen: 1245702K->194903K(1398272K)] 1396134K->194903K(1899520K), [Metaspace: 59720K->59720K(1105920K)], 0.4806437 secs] [Times: user=2.24 sys=0.00, real=0.48 secs] 
6223.826: [GC (Allocation Failure) [PSYoungGen: 309760K->100128K(504320K)] 504663K->295031K(1902592K), 0.0390054 secs] [Times: user=0.23 sys=0.00, real=0.04 secs] 
6225.793: [GC (Allocation Failure) [PSYoungGen: 409888K->146592K(503296K)] 604791K->437952K(1901568K), 0.0485904 secs] [Times: user=0.28 sys=0.00, real=0.05 secs] 
6227.201: [GC (Allocation Failure) [PSYoungGen: 457376K->103840K(414720K)] 748736K->533016K(1812992K), 0.1010333 secs] [Times: user=0.60 sys=0.00, real=0.10 secs] 
6229.341: [GC (Allocation Failure) [PSYoungGen: 414624K->146048K(501760K)] 843800K->675581K(1900032K), 0.0509005 secs] [Times: user=0.30 sys=0.00, real=0.05 secs] 
6230.537: [GC (Allocation Failure) [PSYoungGen: 456832K->103840K(503296K)] 986365K->770661K(1901568K), 0.0648873 secs] [Times: user=0.39 sys=0.00, real=0.06 secs] 
6231.738: [GC (Allocation Failure) [PSYoungGen: 414624K->148920K(501760K)] 1081445K->916211K(1900032K), 0.0512963 secs] [Times: user=0.31 sys=0.00, real=0.05 secs] 
6233.980: [GC (Allocation Failure) [PSYoungGen: 461240K->102240K(504832K)] 1228531K->1009931K(1903104K), 0.0946929 secs] [Times: user=0.56 sys=0.00, real=0.09 secs] 
6235.666: [GC (Allocation Failure) [PSYoungGen: 414560K->146336K(505344K)] 1322251K->1152703K(1903616K), 0.0499591 secs] [Times: user=0.30 sys=0.00, real=0.05 secs] 
6237.690: [GC (Allocation Failure) [PSYoungGen: 461728K->105120K(420864K)] 1468095K->1248524K(1819136K), 0.0656810 secs] [Times: user=0.38 sys=0.01, real=0.06 secs] 
6240.525: [GC (Allocation Failure) [PSYoungGen: 420512K->146816K(504832K)] 1563916K->1391616K(1903104K), 0.0513520 secs] [Times: user=0.31 sys=0.00, real=0.05 secs] 
6240.576: [Full GC (Ergonomics) [PSYoungGen: 146816K->0K(504832K)] [ParOldGen: 1244800K->190705K(1398272K)] 1391616K->190705K(1903104K), [Metaspace: 59720K->59720K(1105920K)], 0.4657229 secs] [Times: user=2.17 sys=0.00, real=0.47 secs] 
6242.185: [GC (Allocation Failure) [PSYoungGen: 315904K->103904K(506368K)] 506609K->294609K(1904640K), 0.0474063 secs] [Times: user=0.28 sys=0.00, real=0.05 secs] 
6243.340: [GC (GCLocker Initiated GC) [PSYoungGen: 419808K->149536K(504320K)] 610513K->441234K(1902592K), 0.0661875 secs] [Times: user=0.39 sys=0.00, real=0.06 secs] 
6245.981: [GC (GCLocker Initiated GC) [PSYoungGen: 465952K->100576K(507392K)] 757652K->533560K(1905664K), 0.0647276 secs] [Times: user=0.38 sys=0.01, real=0.06 secs] 
6247.161: [GC (Allocation Failure) [PSYoungGen: 416992K->151168K(502784K)] 849979K->680736K(1901056K), 0.0498400 secs] [Times: user=0.29 sys=0.00, real=0.05 secs] 
6249.309: [GC (GCLocker Initiated GC) [PSYoungGen: 465024K->105824K(506368K)] 994592K->777008K(1904640K), 0.1726103 secs] [Times: user=1.03 sys=0.00, real=0.17 secs] 
6249.827: [GC (Allocation Failure) [PSYoungGen: 419680K->143680K(505856K)] 1107283K->934207K(1904128K), 0.2323303 secs] [Times: user=1.39 sys=0.00, real=0.23 secs] 
6253.131: [GC (Allocation Failure) [PSYoungGen: 456655K->90464K(506880K)] 1247183K->1025119K(1905152K), 0.4168882 secs] [Times: user=2.50 sys=0.00, real=0.42 secs] 
6253.791: [GC (GCLocker Initiated GC) [PSYoungGen: 406880K->150752K(501760K)] 1341538K->1171698K(1900032K), 0.0543221 secs] [Times: user=0.32 sys=0.00, real=0.05 secs] 
6256.233: [GC (Allocation Failure) [PSYoungGen: 462560K->89856K(505344K)] 1487603K->1265259K(1903616K), 0.1564145 secs] [Times: user=0.93 sys=0.01, real=0.16 secs] 
6256.999: [GC (Allocation Failure) [PSYoungGen: 401664K->151968K(497664K)] 1577067K->1415692K(1895936K), 0.0674246 secs] [Times: user=0.40 sys=0.00, real=0.06 secs] 
6257.067: [Full GC (Ergonomics) [PSYoungGen: 151968K->0K(497664K)] [ParOldGen: 1263724K->209562K(1398272K)] 1415692K->209562K(1895936K), [Metaspace: 59720K->59720K(1105920K)], 0.5010489 secs] [Times: user=2.30 sys=0.00, real=0.51 secs] 
6259.650: [GC (Allocation Failure) [PSYoungGen: 304640K->90592K(501760K)] 514202K->300154K(1900032K), 0.1630164 secs] [Times: user=0.97 sys=0.00, real=0.16 secs] 
6260.952: [GC (Allocation Failure) [PSYoungGen: 385524K->138720K(498176K)] 595087K->434878K(1896448K), 0.0484816 secs] [Times: user=0.28 sys=0.00, real=0.05 secs] 
6262.221: [GC (Allocation Failure) [PSYoungGen: 444896K->99808K(500736K)] 741054K->526106K(1899008K), 0.0654090 secs] [Times: user=0.39 sys=0.00, real=0.06 secs] 
6264.876: [GC (Allocation Failure) [PSYoungGen: 405984K->142016K(503296K)] 832282K->664286K(1901568K), 0.0482918 secs] [Times: user=0.29 sys=0.00, real=0.05 secs] 
6266.080: [GC (Allocation Failure) [PSYoungGen: 453824K->104512K(503808K)] 976094K->759795K(1902080K), 0.0640065 secs] [Times: user=0.38 sys=0.01, real=0.06 secs] 
6267.953: [GC (Allocation Failure) [PSYoungGen: 416320K->145888K(501248K)] 1071603K->902227K(1899520K), 0.0514731 secs] [Times: user=0.30 sys=0.00, real=0.05 secs] 
6272.390: [GC (Allocation Failure) [PSYoungGen: 458720K->98816K(503808K)] 1215059K->992363K(1902080K), 0.0718536 secs] [Times: user=0.43 sys=0.00, real=0.07 secs] 
6274.029: [GC (Allocation Failure) [PSYoungGen: 411648K->145888K(505344K)] 1305195K->1135568K(1903616K), 0.0505238 secs] [Times: user=0.29 sys=0.00, real=0.05 secs] 
6275.327: [GC (Allocation Failure) [PSYoungGen: 462816K->109472K(426496K)] 1452496K->1235432K(1824768K), 0.0667980 secs] [Times: user=0.40 sys=0.00, real=0.06 secs] 
6277.727: [GC (Allocation Failure) [PSYoungGen: 426400K->150784K(501248K)] 1552360K->1380501K(1899520K), 0.0537769 secs] [Times: user=0.32 sys=0.00, real=0.05 secs] 
6277.781: [Full GC (Ergonomics) [PSYoungGen: 150784K->0K(501248K)] [ParOldGen: 1229717K->187425K(1398272K)] 1380501K->187425K(1899520K), [Metaspace: 59720K->59720K(1105920K)], 0.4539560 secs] [Times: user=2.11 sys=0.00, real=0.45 secs] 
6279.776: [GC (Allocation Failure) [PSYoungGen: 314880K->102912K(505856K)] 502305K->290337K(1904128K), 0.0774441 secs] [Times: user=0.45 sys=0.00, real=0.08 secs] 
6281.428: [GC (Allocation Failure) [PSYoungGen: 417792K->148576K(504832K)] 605217K->435371K(1903104K), 0.0508639 secs] [Times: user=0.30 sys=0.00, real=0.05 secs] 
6282.685: [GC (Allocation Failure) [PSYoungGen: 465504K->106848K(507904K)] 752299K->533275K(1906176K), 0.0791305 secs] [Times: user=0.47 sys=0.00, real=0.08 secs] 
6283.752: [GC (Allocation Failure) [PSYoungGen: 423776K->150784K(503808K)] 850203K->680939K(1902080K), 0.0525725 secs] [Times: user=0.31 sys=0.00, real=0.05 secs] 
6287.590: [GC (Allocation Failure) [PSYoungGen: 466688K->102976K(507392K)] 996843K->775700K(1905664K), 0.0726073 secs] [Times: user=0.43 sys=0.00, real=0.07 secs] 
6288.674: [GC (Allocation Failure) [PSYoungGen: 418880K->148960K(504832K)] 1091604K->920360K(1903104K), 0.0505565 secs] [Times: user=0.30 sys=0.01, real=0.05 secs] 
6290.233: [GC (Allocation Failure) [PSYoungGen: 464864K->105600K(421888K)] 1236264K->1016848K(1820160K), 0.1069375 secs] [Times: user=0.64 sys=0.00, real=0.11 secs] 
6290.896: [GC (Allocation Failure) [PSYoungGen: 421504K->152992K(501248K)] 1332752K->1166797K(1899520K), 0.0535582 secs] [Times: user=0.32 sys=0.00, real=0.06 secs] 
6293.792: [GC (Allocation Failure) [PSYoungGen: 465824K->89760K(505856K)] 1479629K->1256649K(1904128K), 0.1724580 secs] [Times: user=1.03 sys=0.00, real=0.17 secs] 
6295.013: [GC (Allocation Failure) [PSYoungGen: 387867K->144256K(504320K)] 1554757K->1396658K(1902592K), 0.0500072 secs] [Times: user=0.30 sys=0.00, real=0.05 secs] 
6295.063: [Full GC (Ergonomics) [PSYoungGen: 144256K->0K(504320K)] [ParOldGen: 1252402K->195552K(1398272K)] 1396658K->195552K(1902592K), [Metaspace: 59720K->59720K(1105920K)], 0.4754272 secs] [Times: user=2.21 sys=0.00, real=0.48 secs] 
6297.201: [GC (Allocation Failure) [PSYoungGen: 311808K->100064K(412160K)] 507360K->295616K(1810432K), 0.0808274 secs] [Times: user=0.47 sys=0.00, real=0.08 secs] 
6298.948: [GC (Allocation Failure) [PSYoungGen: 411872K->148384K(501248K)] 607424K->440065K(1899520K), 0.0489062 secs] [Times: user=0.29 sys=0.00, real=0.05 secs] 
6300.720: [GC (Allocation Failure) [PSYoungGen: 458656K->100928K(503808K)] 750337K->532057K(1902080K), 0.0638504 secs] [Times: user=0.38 sys=0.00, real=0.06 secs] 
6301.914: [GC (Allocation Failure) [PSYoungGen: 411200K->148608K(502784K)] 842329K->677674K(1901056K), 0.0496995 secs] [Times: user=0.29 sys=0.00, real=0.05 secs] 
6304.023: [GC (GCLocker Initiated GC) [PSYoungGen: 460416K->99168K(505344K)] 989482K->768134K(1903616K), 0.0641240 secs] [Times: user=0.38 sys=0.00, real=0.07 secs] 
6304.698: [GC (Allocation Failure) [PSYoungGen: 410976K->150656K(500224K)] 1079944K->916061K(1898496K), 0.0501938 secs] [Times: user=0.30 sys=0.00, real=0.05 secs] 
6306.932: [GC (Allocation Failure) [PSYoungGen: 459392K->98496K(503808K)] 1224797K->1006413K(1902080K), 0.0783598 secs] [Times: user=0.45 sys=0.00, real=0.08 secs] 
6308.470: [GC (Allocation Failure) [PSYoungGen: 407232K->149440K(500224K)] 1315149K->1152150K(1898496K), 0.0497082 secs] [Times: user=0.30 sys=0.00, real=0.05 secs] 
6310.422: [GC (Allocation Failure) [PSYoungGen: 457152K->102336K(503296K)] 1459862K->1246118K(1901568K), 0.0653006 secs] [Times: user=0.39 sys=0.00, real=0.07 secs] 
6313.005: [GC (Allocation Failure) [PSYoungGen: 410048K->144448K(502272K)] 1553830K->1387207K(1900544K), 0.0508780 secs] [Times: user=0.30 sys=0.00, real=0.05 secs] 
6313.056: [Full GC (Ergonomics) [PSYoungGen: 144448K->0K(502272K)] [ParOldGen: 1242759K->186036K(1398272K)] 1387207K->186036K(1900544K), [Metaspace: 59720K->59720K(1105920K)], 0.4526093 secs] [Times: user=2.09 sys=0.00, real=0.46 secs] 
6314.597: [GC (Allocation Failure) [PSYoungGen: 309760K->101984K(503296K)] 495796K->288020K(1901568K), 0.0320358 secs] [Times: user=0.19 sys=0.01, real=0.03 secs] 
6316.457: [GC (Allocation Failure) [PSYoungGen: 411744K->146688K(501248K)] 597780K->431031K(1899520K), 0.0505373 secs] [Times: user=0.30 sys=0.00, real=0.05 secs] 
6318.872: [GC (Allocation Failure) [PSYoungGen: 457472K->105344K(503296K)] 741815K->526943K(1901568K), 0.0809174 secs] [Times: user=0.48 sys=0.00, real=0.08 secs] 
6321.076: [GC (Allocation Failure) [PSYoungGen: 416128K->144256K(504320K)] 837727K->668180K(1902592K), 0.0517281 secs] [Times: user=0.31 sys=0.00, real=0.06 secs] 
6323.351: [GC (Allocation Failure) [PSYoungGen: 459136K->106208K(505344K)] 983060K->765812K(1903616K), 0.0644711 secs] [Times: user=0.38 sys=0.00, real=0.06 secs] 
6325.912: [GC (Allocation Failure) [PSYoungGen: 421088K->147904K(503808K)] 1080692K->910509K(1902080K), 0.0528476 secs] [Times: user=0.32 sys=0.00, real=0.05 secs] 
6328.074: [GC (Allocation Failure) [PSYoungGen: 464320K->102976K(506368K)] 1226925K->1004817K(1904640K), 0.0646578 secs] [Times: user=0.38 sys=0.00, real=0.07 secs] 
6330.222: [GC (Allocation Failure) [PSYoungGen: 419392K->150688K(504320K)] 1321233K->1151950K(1902592K), 0.0758323 secs] [Times: user=0.45 sys=0.00, real=0.08 secs] 
6333.338: [GC (Allocation Failure) [PSYoungGen: 467616K->101280K(507904K)] 1468878K->1245070K(1906176K), 0.0668748 secs] [Times: user=0.39 sys=0.00, real=0.06 secs] 
6335.404: [GC (Allocation Failure) [PSYoungGen: 418208K->149696K(503808K)] 1561998K->1391094K(1902080K), 0.0511665 secs] [Times: user=0.30 sys=0.00, real=0.05 secs] 
6335.456: [Full GC (Ergonomics) [PSYoungGen: 149696K->0K(503808K)] [ParOldGen: 1241398K->189524K(1398272K)] 1391094K->189524K(1902080K), [Metaspace: 59720K->59720K(1105920K)], 0.4584942 secs] [Times: user=2.13 sys=0.00, real=0.46 secs] 
6337.428: [GC (Allocation Failure) [PSYoungGen: 314880K->104864K(506880K)] 504404K->294388K(1905152K), 0.0319465 secs] [Times: user=0.19 sys=0.00, real=0.03 secs] 
6338.754: [GC (GCLocker Initiated GC) [PSYoungGen: 419744K->149504K(503808K)] 609269K->440606K(1902080K), 0.0513120 secs] [Times: user=0.30 sys=0.00, real=0.05 secs] 
6340.080: [GC (Allocation Failure) [PSYoungGen: 464384K->107360K(506880K)] 755488K->538656K(1905152K), 0.0647534 secs] [Times: user=0.38 sys=0.00, real=0.06 secs] 
6341.715: [GC (Allocation Failure) [PSYoungGen: 420649K->145856K(505344K)] 851946K->681545K(1903616K), 0.1239589 secs] [Times: user=0.73 sys=0.01, real=0.13 secs] 
6344.723: [GC (Allocation Failure) [PSYoungGen: 462272K->101792K(506880K)] 997961K->774997K(1905152K), 0.1169684 secs] [Times: user=0.69 sys=0.00, real=0.12 secs] 
6346.254: [GC (Allocation Failure) [PSYoungGen: 415717K->149440K(505344K)] 1088922K->920306K(1903616K), 0.0500911 secs] [Times: user=0.30 sys=0.00, real=0.05 secs] 
6347.743: [GC (Allocation Failure) [PSYoungGen: 466368K->108224K(425472K)] 1237234K->1019434K(1823744K), 0.0752134 secs] [Times: user=0.44 sys=0.00, real=0.08 secs] 
6348.712: [GC (Allocation Failure) [PSYoungGen: 425152K->151616K(503808K)] 1336362K->1167466K(1902080K), 0.0531725 secs] [Times: user=0.32 sys=0.00, real=0.05 secs] 
6350.968: [GC (Allocation Failure) [PSYoungGen: 467520K->95168K(507392K)] 1483370K->1262351K(1905664K), 0.1618820 secs] [Times: user=0.97 sys=0.00, real=0.16 secs] 
6351.501: [GC (Allocation Failure) [PSYoungGen: 411072K->153920K(499200K)] 1578255K->1412651K(1897472K), 0.0562360 secs] [Times: user=0.33 sys=0.00, real=0.05 secs] 
6351.557: [Full GC (Ergonomics) [PSYoungGen: 153920K->0K(499200K)] [ParOldGen: 1258731K->211433K(1398272K)] 1412651K->211433K(1897472K), [Metaspace: 59720K->59720K(1105920K)], 0.5037082 secs] [Times: user=2.35 sys=0.00, real=0.50 secs] 
6354.856: [GC (Allocation Failure) [PSYoungGen: 308297K->88800K(503808K)] 519731K->300233K(1902080K), 0.1594524 secs] [Times: user=0.95 sys=0.00, real=0.16 secs] 
6355.315: [GC (Allocation Failure) [PSYoungGen: 397536K->150304K(498176K)] 608969K->446514K(1896448K), 0.0520988 secs] [Times: user=0.30 sys=0.00, real=0.06 secs] 
6358.063: [GC (Allocation Failure) [PSYoungGen: 453920K->87168K(501248K)] 750130K->533578K(1899520K), 0.1629502 secs] [Times: user=0.98 sys=0.00, real=0.16 secs] 
6358.647: [GC (Allocation Failure) [PSYoungGen: 384695K->142848K(500736K)] 831106K->672903K(1899008K), 0.0491005 secs] [Times: user=0.29 sys=0.00, real=0.05 secs] 
6360.898: [GC (Allocation Failure) [PSYoungGen: 446976K->99872K(404480K)] 977031K->764263K(1802752K), 0.0859899 secs] [Times: user=0.51 sys=0.00, real=0.08 secs] 
6363.420: [GC (Allocation Failure) [PSYoungGen: 404000K->141440K(499200K)] 1068391K->901728K(1897472K), 0.0486028 secs] [Times: user=0.29 sys=0.00, real=0.05 secs] 
6364.613: [GC (Allocation Failure) [PSYoungGen: 446592K->103424K(499200K)] 1206880K->996280K(1897472K), 0.0740801 secs] [Times: user=0.44 sys=0.01, real=0.08 secs] 
6366.514: [GC (Allocation Failure) [PSYoungGen: 408576K->142560K(500224K)] 1301432K->1135141K(1898496K), 0.0516724 secs] [Times: user=0.31 sys=0.00, real=0.05 secs] 
6367.785: [GC (Allocation Failure) [PSYoungGen: 452320K->104896K(501248K)] 1444901K->1230381K(1899520K), 0.0676074 secs] [Times: user=0.40 sys=0.00, real=0.07 secs] 
6369.418: [GC (Allocation Failure) [PSYoungGen: 414656K->145632K(502784K)] 1540141K->1373574K(1901056K), 0.0526758 secs] [Times: user=0.32 sys=0.00, real=0.05 secs] 
6369.471: [Full GC (Ergonomics) [PSYoungGen: 145632K->0K(502784K)] [ParOldGen: 1227942K->181098K(1398272K)] 1373574K->181098K(1901056K), [Metaspace: 59720K->59720K(1105920K)], 0.4283568 secs] [Times: user=1.96 sys=0.00, real=0.43 secs] 
6371.014: [GC (Allocation Failure) [PSYoungGen: 314880K->106176K(504832K)] 495978K->287274K(1903104K), 0.0329480 secs] [Times: user=0.20 sys=0.00, real=0.04 secs] 
6371.711: [GC (Allocation Failure) [PSYoungGen: 421056K->153088K(502784K)] 602154K->437259K(1901056K), 0.0533359 secs] [Times: user=0.31 sys=0.00, real=0.05 secs] 
6373.768: [GC (Allocation Failure) [PSYoungGen: 468992K->101216K(507392K)] 753163K->530243K(1905664K), 0.0796973 secs] [Times: user=0.47 sys=0.01, real=0.08 secs] 
6375.076: [GC (Allocation Failure) [PSYoungGen: 417120K->154016K(499712K)] 846147K->680871K(1897984K), 0.0512702 secs] [Times: user=0.30 sys=0.00, real=0.06 secs] 
6377.111: [GC (Allocation Failure) [PSYoungGen: 464800K->99136K(504832K)] 991655K->771823K(1903104K), 0.0709132 secs] [Times: user=0.42 sys=0.00, real=0.07 secs] 
6379.208: [GC (Allocation Failure) [PSYoungGen: 409920K->148384K(502784K)] 1082607K->916339K(1901056K), 0.0504162 secs] [Times: user=0.30 sys=0.00, real=0.05 secs] 
6380.420: [GC (Allocation Failure) [PSYoungGen: 459168K->101920K(413184K)] 1227123K->1009551K(1811456K), 0.0873501 secs] [Times: user=0.52 sys=0.01, real=0.09 secs] 
6382.383: [GC (Allocation Failure) [PSYoungGen: 412704K->149568K(501248K)] 1320335K->1154708K(1899520K), 0.0511781 secs] [Times: user=0.30 sys=0.00, real=0.05 secs] 
6383.608: [GC (Allocation Failure) [PSYoungGen: 459328K->104864K(414720K)] 1464468K->1250336K(1812992K), 0.0658712 secs] [Times: user=0.39 sys=0.00, real=0.06 secs] 
6385.401: [GC (Allocation Failure) [PSYoungGen: 414624K->144800K(502784K)] 1560096K->1391549K(1901056K), 0.0519839 secs] [Times: user=0.30 sys=0.00, real=0.05 secs] 
6385.453: [Full GC (Ergonomics) [PSYoungGen: 144800K->0K(502784K)] [ParOldGen: 1246749K->190356K(1398272K)] 1391549K->190356K(1901056K), [Metaspace: 59720K->59720K(1105920K)], 0.4683148 secs] [Times: user=2.19 sys=0.00, real=0.47 secs] 
6387.031: [GC (GCLocker Initiated GC) [PSYoungGen: 311808K->105856K(503808K)] 502164K->296212K(1902080K), 0.0319596 secs] [Times: user=0.19 sys=0.00, real=0.03 secs] 
6388.552: [GC (Allocation Failure) [PSYoungGen: 417664K->146240K(502784K)] 608023K->438740K(1901056K), 0.0511942 secs] [Times: user=0.30 sys=0.00, real=0.05 secs] 
6389.914: [GC (Allocation Failure) [PSYoungGen: 460096K->106688K(504832K)] 752596K->535948K(1903104K), 0.0819348 secs] [Times: user=0.48 sys=0.00, real=0.08 secs] 
6390.697: [GC (Allocation Failure) [PSYoungGen: 415170K->148352K(504320K)] 844431K->681413K(1902592K), 0.0624190 secs] [Times: user=0.37 sys=0.00, real=0.06 secs] 
6393.081: [GC (Allocation Failure) [PSYoungGen: 464768K->101056K(506880K)] 997829K->774349K(1905152K), 0.0993811 secs] [Times: user=0.59 sys=0.00, real=0.10 secs] 
6394.491: [GC (Allocation Failure) [PSYoungGen: 416090K->149504K(504320K)] 1089384K->920378K(1902592K), 0.0504583 secs] [Times: user=0.30 sys=0.01, real=0.05 secs] 
6396.452: [GC (GCLocker Initiated GC) [PSYoungGen: 465408K->102560K(507392K)] 1236282K->1014082K(1905664K), 0.1727245 secs] [Times: user=1.02 sys=0.01, real=0.17 secs] 
6397.496: [GC (Allocation Failure) [PSYoungGen: 418464K->140928K(506880K)] 1346372K->1167760K(1905152K), 0.2436973 secs] [Times: user=1.46 sys=0.00, real=0.25 secs] 
6400.574: [GC (Allocation Failure) [PSYoungGen: 459392K->95200K(507392K)] 1486224K->1263192K(1905664K), 0.4636940 secs] [Times: user=2.77 sys=0.00, real=0.47 secs] 
6402.020: [GC (Allocation Failure) [PSYoungGen: 413664K->150464K(503808K)] 1581656K->1409941K(1902080K), 0.0555422 secs] [Times: user=0.33 sys=0.00, real=0.05 secs] 
6402.076: [Full GC (Ergonomics) [PSYoungGen: 150464K->0K(503808K)] [ParOldGen: 1259477K->208235K(1398272K)] 1409941K->208235K(1902080K), [Metaspace: 59731K->59731K(1105920K)], 0.4904994 secs] [Times: user=2.27 sys=0.01, real=0.49 secs] 
6404.206: [GC (Allocation Failure) [PSYoungGen: 315904K->96800K(507392K)] 524139K->305035K(1905664K), 0.1091088 secs] [Times: user=0.65 sys=0.00, real=0.11 secs] 
6404.797: [GC (Allocation Failure) [PSYoungGen: 412704K->189920K(422912K)] 620939K->505784K(1821184K), 0.0843179 secs] [Times: user=0.50 sys=0.00, real=0.08 secs] 
6406.666: [GC (Allocation Failure) [PSYoungGen: 422880K->56160K(465920K)] 738744K->513000K(1864192K), 0.0566149 secs] [Times: user=0.34 sys=0.00, real=0.06 secs] 
6408.437: [GC (Allocation Failure) [PSYoungGen: 289120K->108000K(465920K)] 745960K->618181K(1864192K), 0.0455069 secs] [Times: user=0.27 sys=0.00, real=0.05 secs] 
6408.759: [GC (Allocation Failure) [PSYoungGen: 340960K->137824K(465920K)] 851141K->746649K(1864192K), 0.0719604 secs] [Times: user=0.43 sys=0.00, real=0.07 secs] 
6411.504: [GC (Allocation Failure) [PSYoungGen: 370784K->51168K(465920K)] 979609K->780521K(1864192K), 0.1394504 secs] [Times: user=0.83 sys=0.01, real=0.14 secs] 
6411.953: [GC (Allocation Failure) [PSYoungGen: 284128K->117312K(350720K)] 1013481K->891966K(1748992K), 0.0381657 secs] [Times: user=0.22 sys=0.00, real=0.04 secs] 
6413.096: [GC (Allocation Failure) [PSYoungGen: 350272K->84320K(464384K)] 1124926K->967814K(1862656K), 0.0559139 secs] [Times: user=0.34 sys=0.00, real=0.06 secs] 
6414.684: [GC (Allocation Failure) [PSYoungGen: 321376K->92992K(460288K)] 1204870K->1060678K(1858560K), 0.0740476 secs] [Times: user=0.44 sys=0.00, real=0.08 secs] 
6414.944: [GC (Allocation Failure) [PSYoungGen: 330048K->116992K(465920K)] 1297734K->1172251K(1864192K), 0.0524167 secs] [Times: user=0.30 sys=0.01, real=0.05 secs] 
6416.648: [GC (Allocation Failure) [PSYoungGen: 375040K->68384K(465408K)] 1430299K->1240195K(1863680K), 0.0537239 secs] [Times: user=0.32 sys=0.00, real=0.05 secs] 
6418.586: [GC (Allocation Failure) [PSYoungGen: 326432K->122400K(482816K)] 1498243K->1359164K(1881088K), 0.0412110 secs] [Times: user=0.25 sys=0.00, real=0.05 secs] 
6418.627: [Full GC (Ergonomics) [PSYoungGen: 122400K->0K(482816K)] [ParOldGen: 1236764K->166059K(1398272K)] 1359164K->166059K(1881088K), [Metaspace: 59731K->59731K(1105920K)], 0.3939840 secs] [Times: user=1.80 sys=0.00, real=0.39 secs] 
6420.916: [GC (Allocation Failure) [PSYoungGen: 285184K->97744K(486400K)] 451243K->263803K(1884672K), 0.0366489 secs] [Times: user=0.21 sys=0.01, real=0.04 secs] 
6422.514: [GC (Allocation Failure) [PSYoungGen: 382928K->121632K(492544K)] 548987K->384513K(1890816K), 0.0608737 secs] [Times: user=0.36 sys=0.01, real=0.06 secs] 
6425.067: [GC (Allocation Failure) [PSYoungGen: 424736K->124576K(493568K)] 687617K->499953K(1891840K), 0.0625913 secs] [Times: user=0.37 sys=0.01, real=0.06 secs] 
6427.055: [GC (Allocation Failure) [PSYoungGen: 427680K->121760K(502272K)] 803057K->621609K(1900544K), 0.0662176 secs] [Times: user=0.39 sys=0.00, real=0.07 secs] 
6429.370: [GC (Allocation Failure) [PSYoungGen: 442784K->134656K(504320K)] 942633K->736925K(1902592K), 0.0618193 secs] [Times: user=0.37 sys=0.00, real=0.06 secs] 
6431.801: [GC (Allocation Failure) [PSYoungGen: 455680K->121760K(506880K)] 1057949K->858805K(1905152K), 0.0748641 secs] [Times: user=0.44 sys=0.00, real=0.07 secs] 
6433.140: [GC (Allocation Failure) [PSYoungGen: 453536K->2048K(334336K)] 1190581K->739138K(1732608K), 0.0030511 secs] [Times: user=0.02 sys=0.00, real=0.00 secs] 
6433.667: [GC (Allocation Failure) [PSYoungGen: 333824K->145312K(494080K)] 1070914K->883874K(1892352K), 0.0291861 secs] [Times: user=0.17 sys=0.00, real=0.02 secs] 
6436.479: [GC (Allocation Failure) [PSYoungGen: 446880K->2688K(304640K)] 1185442K->741362K(1702912K), 0.0033013 secs] [Times: user=0.02 sys=0.00, real=0.00 secs] 
6437.239: [GC (Allocation Failure) [PSYoungGen: 304256K->134560K(485888K)] 1042930K->875167K(1884160K), 0.0386416 secs] [Times: user=0.22 sys=0.00, real=0.04 secs] 
6439.353: [GC (Allocation Failure) [PSYoungGen: 412576K->111136K(389632K)] 1153183K->977807K(1787904K), 0.0639947 secs] [Times: user=0.38 sys=0.00, real=0.07 secs] 
6440.182: [GC (Allocation Failure) [PSYoungGen: 389152K->104448K(492544K)] 1255823K->1082183K(1890816K), 0.0750185 secs] [Times: user=0.43 sys=0.00, real=0.07 secs] 
6441.975: [GC (Allocation Failure) [PSYoungGen: 392887K->178272K(483328K)] 1370623K->1250332K(1881600K), 0.0622326 secs] [Times: user=0.37 sys=0.00, real=0.07 secs] 
6444.704: [GC (Allocation Failure) [PSYoungGen: 468064K->81536K(492032K)] 1540124K->1297268K(1890304K), 0.1135082 secs] [Times: user=0.67 sys=0.00, real=0.12 secs] 
6444.818: [Full GC (Ergonomics) [PSYoungGen: 81536K->0K(492032K)] [ParOldGen: 1215732K->95634K(1398272K)] 1297268K->95634K(1890304K), [Metaspace: 59731K->59731K(1105920K)], 0.2377679 secs] [Times: user=1.09 sys=0.00, real=0.23 secs] 
6445.256: [GC (Allocation Failure) [PSYoungGen: 280064K->139968K(486912K)] 375698K->235602K(1885184K), 0.0307346 secs] [Times: user=0.18 sys=0.00, real=0.03 secs] 
6447.487: [GC (Allocation Failure) [PSYoungGen: 420032K->77984K(486912K)] 515666K->313802K(1885184K), 0.1522003 secs] [Times: user=0.91 sys=0.00, real=0.15 secs] 
6448.365: [GC (Allocation Failure) [PSYoungGen: 353712K->134144K(487936K)] 589531K->442047K(1886208K), 0.0450763 secs] [Times: user=0.27 sys=0.00, real=0.05 secs] 
6449.549: [GC (Allocation Failure) [PSYoungGen: 417280K->92576K(481792K)] 725183K->526039K(1880064K), 0.0593369 secs] [Times: user=0.36 sys=0.00, real=0.06 secs] 
6450.401: [GC (Allocation Failure) [PSYoungGen: 381856K->140480K(487936K)] 815319K->663708K(1886208K), 0.0471852 secs] [Times: user=0.28 sys=0.00, real=0.05 secs] 
6452.027: [GC (Allocation Failure) [PSYoungGen: 429760K->92544K(491520K)] 952988K->747824K(1889792K), 0.0673749 secs] [Times: user=0.40 sys=0.00, real=0.06 secs] 
6454.793: [GC (GCLocker Initiated GC) [PSYoungGen: 391552K->135168K(494592K)] 1046833K->880586K(1892864K), 0.0488524 secs] [Times: user=0.29 sys=0.00, real=0.05 secs] 
6456.012: [GC (Allocation Failure) [PSYoungGen: 434176K->107264K(488960K)] 1179596K->978868K(1887232K), 0.0639906 secs] [Times: user=0.38 sys=0.01, real=0.06 secs] 
6457.677: [GC (Allocation Failure) [PSYoungGen: 413952K->134912K(495616K)] 1285556K->1112918K(1893888K), 0.0536835 secs] [Times: user=0.30 sys=0.01, real=0.06 secs] 
6460.942: [GC (Allocation Failure) [PSYoungGen: 441600K->112800K(495616K)] 1419606K->1216142K(1893888K), 0.0646565 secs] [Times: user=0.39 sys=0.00, real=0.07 secs] 
6464.343: [GC (Allocation Failure) [PSYoungGen: 432800K->131520K(502272K)] 1536142K->1346775K(1900544K), 0.0626461 secs] [Times: user=0.37 sys=0.00, real=0.06 secs] 
6464.406: [Full GC (Ergonomics) [PSYoungGen: 131520K->0K(502272K)] [ParOldGen: 1215255K->146143K(1398272K)] 1346775K->146143K(1900544K), [Metaspace: 59732K->59732K(1105920K)], 0.3451518 secs] [Times: user=1.59 sys=0.00, real=0.35 secs] 
6465.904: [GC (Allocation Failure) [PSYoungGen: 320000K->118400K(505344K)] 466143K->264543K(1903616K), 0.0418714 secs] [Times: user=0.25 sys=0.01, real=0.04 secs] 
6468.314: [GC (Allocation Failure) [PSYoungGen: 452736K->145440K(510976K)] 598879K->408236K(1909248K), 0.0597009 secs] [Times: user=0.36 sys=0.00, real=0.06 secs] 
6470.063: [GC (Allocation Failure) [PSYoungGen: 479776K->115680K(515584K)] 742572K->514692K(1913856K), 0.0664484 secs] [Times: user=0.39 sys=0.00, real=0.07 secs] 
6471.872: [GC (Allocation Failure) [PSYoungGen: 456672K->159520K(500736K)] 855684K->672233K(1899008K), 0.0563449 secs] [Times: user=0.34 sys=0.01, real=0.06 secs] 
6474.308: [GC (Allocation Failure) [PSYoungGen: 500512K->113664K(518144K)] 1013225K->777377K(1916416K), 0.0710519 secs] [Times: user=0.42 sys=0.00, real=0.07 secs] 
6475.385: [GC (Allocation Failure) [PSYoungGen: 446464K->158880K(492032K)] 1110177K->933082K(1890304K), 0.0557541 secs] [Times: user=0.33 sys=0.00, real=0.06 secs] 
6478.504: [GC (Allocation Failure) [PSYoungGen: 491680K->100032K(512512K)] 1265882K->1032954K(1910784K), 0.1563199 secs] [Times: user=0.93 sys=0.00, real=0.16 secs] 
6479.153: [GC (Allocation Failure) [PSYoungGen: 424128K->159584K(483840K)] 1357050K->1187199K(1882112K), 0.0582346 secs] [Times: user=0.35 sys=0.00, real=0.06 secs] 
6482.920: [GC (Allocation Failure) [PSYoungGen: 483680K->92416K(505856K)] 1511295K->1279735K(1904128K), 0.1577083 secs] [Times: user=0.94 sys=0.00, real=0.16 secs] 
6483.078: [Full GC (Ergonomics) [PSYoungGen: 92416K->0K(505856K)] [ParOldGen: 1187319K->78323K(1398272K)] 1279735K->78323K(1904128K), [Metaspace: 59732K->59732K(1105920K)], 0.2123328 secs] [Times: user=1.00 sys=0.00, real=0.21 secs] 
6483.512: [GC (Allocation Failure) [PSYoungGen: 312320K->154208K(466944K)] 390643K->232531K(1865216K), 0.0336141 secs] [Times: user=0.20 sys=0.00, real=0.03 secs] 
6485.141: [GC (Allocation Failure) [PSYoungGen: 466528K->99136K(503808K)] 544851K->331579K(1902080K), 0.1196220 secs] [Times: user=0.71 sys=0.01, real=0.12 secs] 
6485.977: [GC (Allocation Failure) [PSYoungGen: 405824K->149728K(456704K)] 638267K->471267K(1854976K), 0.1227186 secs] [Times: user=0.73 sys=0.00, real=0.12 secs] 
6490.037: [GC (Allocation Failure) [PSYoungGen: 456416K->86304K(501760K)] 777955K->557515K(1900032K), 0.1443391 secs] [Times: user=0.85 sys=0.01, real=0.14 secs] 
6490.610: [GC (Allocation Failure) [PSYoungGen: 390432K->149760K(454144K)] 861643K->700885K(1852416K), 0.0536381 secs] [Times: user=0.32 sys=0.00, real=0.05 secs] 
6493.752: [GC (Allocation Failure) [PSYoungGen: 453888K->90720K(500736K)] 1005013K->791061K(1899008K), 0.1588617 secs] [Times: user=0.95 sys=0.01, real=0.16 secs] 
6494.980: [GC (Allocation Failure) [PSYoungGen: 391776K->145280K(499200K)] 1092117K->931086K(1897472K), 0.1005084 secs] [Times: user=0.60 sys=0.00, real=0.10 secs] 
6497.353: [GC (Allocation Failure) [PSYoungGen: 446336K->91104K(498688K)] 1232142K->1021846K(1896960K), 0.0893191 secs] [Times: user=0.53 sys=0.00, real=0.09 secs] 
6498.041: [GC (Allocation Failure) [PSYoungGen: 387603K->140704K(499200K)] 1318345K->1158763K(1897472K), 0.0511242 secs] [Times: user=0.30 sys=0.00, real=0.05 secs] 
6499.790: [GC (Allocation Failure) [PSYoungGen: 442272K->98464K(495104K)] 1460331K->1248303K(1893376K), 0.0625630 secs] [Times: user=0.37 sys=0.00, real=0.06 secs] 
6500.697: [GC (GCLocker Initiated GC) [PSYoungGen: 402592K->146592K(498176K)] 1552431K->1392056K(1896448K), 0.0667537 secs] [Times: user=0.39 sys=0.00, real=0.06 secs] 
6500.764: [Full GC (Ergonomics) [PSYoungGen: 146592K->0K(498176K)] [ParOldGen: 1245464K->191020K(1398272K)] 1392056K->191020K(1896448K), [Metaspace: 59732K->59732K(1105920K)], 0.4657854 secs] [Times: user=2.17 sys=0.01, real=0.47 secs] 
6502.413: [GC (Allocation Failure) [PSYoungGen: 304128K->97984K(500736K)] 495151K->289007K(1899008K), 0.0306200 secs] [Times: user=0.18 sys=0.00, real=0.03 secs] 
6504.439: [GC (Allocation Failure) [PSYoungGen: 406720K->147488K(501760K)] 597743K->433295K(1900032K), 0.0487497 secs] [Times: user=0.29 sys=0.00, real=0.05 secs] 
6505.826: [GC (Allocation Failure) [PSYoungGen: 456224K->100992K(501760K)] 742031K->525880K(1900032K), 0.0633869 secs] [Times: user=0.38 sys=0.00, real=0.07 secs] 
6508.076: [GC (Allocation Failure) [PSYoungGen: 410752K->145312K(502272K)] 835640K->667508K(1900544K), 0.0502541 secs] [Times: user=0.30 sys=0.00, real=0.05 secs] 
6509.292: [GC (Allocation Failure) [PSYoungGen: 455072K->104800K(500224K)] 977268K->763520K(1898496K), 0.0811212 secs] [Times: user=0.48 sys=0.00, real=0.08 secs] 
6512.053: [GC (Allocation Failure) [PSYoungGen: 416608K->145248K(502272K)] 1075328K->905392K(1900544K), 0.0515682 secs] [Times: user=0.30 sys=0.00, real=0.05 secs] 
6513.255: [GC (Allocation Failure) [PSYoungGen: 457056K->104704K(503296K)] 1217200K->1001292K(1901568K), 0.0656901 secs] [Times: user=0.39 sys=0.00, real=0.07 secs] 
6515.246: [GC (Allocation Failure) [PSYoungGen: 420608K->148064K(504832K)] 1317196K->1146653K(1903104K), 0.0528250 secs] [Times: user=0.31 sys=0.00, real=0.06 secs] 
6516.552: [GC (Allocation Failure) [PSYoungGen: 463968K->106720K(504832K)] 1462557K->1244661K(1903104K), 0.0917985 secs] [Times: user=0.55 sys=0.00, real=0.09 secs] 
6518.296: [GC (Allocation Failure) [PSYoungGen: 424672K->151168K(505856K)] 1562613K->1392145K(1904128K), 0.0533647 secs] [Times: user=0.31 sys=0.00, real=0.06 secs] 
6518.349: [Full GC (Ergonomics) [PSYoungGen: 151168K->0K(505856K)] [ParOldGen: 1240977K->191471K(1398272K)] 1392145K->191471K(1904128K), [Metaspace: 59732K->59732K(1105920K)], 0.4558296 secs] [Times: user=2.11 sys=0.00, real=0.45 secs] 
6521.172: [GC (Allocation Failure) [PSYoungGen: 317952K->106144K(507904K)] 509423K->297615K(1906176K), 0.0427680 secs] [Times: user=0.25 sys=0.00, real=0.04 secs] 
6522.807: [GC (Allocation Failure) [PSYoungGen: 424096K->150336K(506880K)] 615567K->444280K(1905152K), 0.0516291 secs] [Times: user=0.30 sys=0.01, real=0.06 secs] 
6524.710: [GC (Allocation Failure) [PSYoungGen: 468288K->106784K(506880K)] 762232K->542152K(1905152K), 0.0956752 secs] [Times: user=0.56 sys=0.00, real=0.09 secs] 
6525.971: [GC (Allocation Failure) [PSYoungGen: 413944K->144224K(506880K)] 849313K->682658K(1905152K), 0.0511813 secs] [Times: user=0.30 sys=0.00, real=0.05 secs] 
6528.306: [GC (Allocation Failure) [PSYoungGen: 462176K->102784K(505856K)] 1000610K->776642K(1904128K), 0.0691272 secs] [Times: user=0.41 sys=0.00, real=0.07 secs] 
6529.176: [GC (Allocation Failure) [PSYoungGen: 416797K->148768K(507392K)] 1090656K->920831K(1905664K), 0.0511447 secs] [Times: user=0.30 sys=0.00, real=0.06 secs] 
6530.406: [GC (Allocation Failure) [PSYoungGen: 468768K->106560K(508416K)] 1240831K->1018511K(1906688K), 0.0677376 secs] [Times: user=0.39 sys=0.01, real=0.07 secs] 
6530.914: [GC (Allocation Failure) [PSYoungGen: 414234K->144800K(508416K)] 1326185K->1159096K(1906688K), 0.0516595 secs] [Times: user=0.30 sys=0.00, real=0.05 secs] 
6532.161: [GC (Allocation Failure) [PSYoungGen: 465824K->107232K(507392K)] 1480120K->1257160K(1905664K), 0.0676235 secs] [Times: user=0.40 sys=0.00, real=0.07 secs] 
6532.501: [GC (Allocation Failure) [PSYoungGen: 430304K->156960K(480256K)] 1580232K->1410077K(1878528K), 0.0543698 secs] [Times: user=0.31 sys=0.00, real=0.05 secs] 
6532.556: [Full GC (Ergonomics) [PSYoungGen: 156960K->0K(480256K)] [ParOldGen: 1253117K->208807K(1398272K)] 1410077K->208807K(1878528K), [Metaspace: 59732K->59732K(1105920K)], 0.4777522 secs] [Times: user=2.11 sys=0.00, real=0.48 secs] 
Heap
 PSYoungGen      total 480256K, used 179592K [0x00000000d5580000, 0x0000000100000000, 0x0000000100000000)
  eden space 323072K, 55% used [0x00000000d5580000,0x00000000e04e23e8,0x00000000e9100000)
  fr