5.966: [GC (Allocation Failure) [PSYoungGen: 128000K->12498K(148992K)] 128000K->12578K(488960K), 0.0194523 secs] [Times: user=0.02 sys=0.00, real=0.02 secs] 
6.423: [GC (Metadata GC Threshold) [PSYoungGen: 48894K->6107K(148992K)] 48974K->6203K(488960K), 0.0057814 secs] [Times: user=0.03 sys=0.00, real=0.00 secs] 
6.428: [Full GC (Metadata GC Threshold) [PSYoungGen: 6107K->0K(148992K)] [ParOldGen: 96K->5942K(180736K)] 6203K->5942K(329728K), [Metaspace: 20453K->20453K(1067008K)], 0.0248854 secs] [Times: user=0.08 sys=0.00, real=0.03 secs] 
7.538: [GC (Allocation Failure) [PSYoungGen: 128000K->9831K(148992K)] 133942K->15781K(329728K), 0.0031930 secs] [Times: user=0.01 sys=0.00, real=0.01 secs] 
8.157: [GC (Metadata GC Threshold) [PSYoungGen: 38911K->4758K(148992K)] 44862K->10717K(329728K), 0.0039153 secs] [Times: user=0.01 sys=0.00, real=0.01 secs] 
8.161: [Full GC (Metadata GC Threshold) [PSYoungGen: 4758K->0K(148992K)] [ParOldGen: 5958K->8949K(298496K)] 10717K->8949K(447488K), [Metaspace: 33787K->33787K(1079296K)], 0.0313779 secs] [Times: user=0.10 sys=0.00, real=0.03 secs] 
9.572: [GC (Allocation Failure) [PSYoungGen: 128000K->12743K(148992K)] 136949K->21701K(447488K), 0.0041404 secs] [Times: user=0.01 sys=0.00, real=0.00 secs] 
10.190: [GC (Allocation Failure) [PSYoungGen: 140743K->14033K(182784K)] 149701K->55767K(481280K), 0.0177371 secs] [Times: user=0.07 sys=0.01, real=0.02 secs] 
11.028: [GC (Allocation Failure) [PSYoungGen: 170271K->4512K(184320K)] 212005K->111790K(482816K), 0.0121352 secs] [Times: user=0.05 sys=0.02, real=0.01 secs] 
11.703: [GC (Allocation Failure) [PSYoungGen: 162302K->4480K(271872K)] 269580K->177302K(570368K), 0.0103800 secs] [Times: user=0.04 sys=0.01, real=0.01 secs] 
13.045: [GC (Allocation Failure) [PSYoungGen: 258432K->4944K(271360K)] 431254K->276078K(569856K), 0.0105447 secs] [Times: user=0.05 sys=0.00, real=0.01 secs] 
13.056: [Full GC (Ergonomics) [PSYoungGen: 4944K->0K(271360K)] [ParOldGen: 271134K->209067K(675328K)] 276078K->209067K(946688K), [Metaspace: 52486K->52486K(1097728K)], 0.0522806 secs] [Times: user=0.22 sys=0.01, real=0.05 secs] 
14.816: [GC (Allocation Failure) [PSYoungGen: 253952K->10397K(335360K)] 463019K->227664K(1010688K), 0.0053476 secs] [Times: user=0.01 sys=0.01, real=0.01 secs] 
17.392: [GC (Allocation Failure) [PSYoungGen: 335005K->1997K(343040K)] 552272K->219272K(1018368K), 0.0018588 secs] [Times: user=0.01 sys=0.00, real=0.00 secs] 
19.123: [GC (Allocation Failure) [PSYoungGen: 327629K->17385K(410624K)] 544904K->252313K(1085952K), 0.0063618 secs] [Times: user=0.03 sys=0.00, real=0.00 secs] 
22.223: [GC (Allocation Failure) [PSYoungGen: 410601K->10480K(419840K)] 645529K->245415K(1095168K), 0.0067489 secs] [Times: user=0.02 sys=0.00, real=0.00 secs] 
24.564: [GC (Allocation Failure) [PSYoungGen: 403696K->2173K(472064K)] 638631K->237108K(1147392K), 0.0021683 secs] [Times: user=0.01 sys=0.00, real=0.00 secs] 
28.020: [GC (Allocation Failure) [PSYoungGen: 460925K->2205K(483840K)] 695860K->237148K(1159168K), 0.0017777 secs] [Times: user=0.01 sys=0.00, real=0.01 secs] 
30.733: [GC (Allocation Failure) [PSYoungGen: 460957K->2272K(531456K)] 695900K->237223K(1206784K), 0.0033654 secs] [Times: user=0.01 sys=0.00, real=0.00 secs] 
34.231: [GC (Allocation Failure) [PSYoungGen: 516832K->2304K(539136K)] 751783K->237255K(1214464K), 0.0043459 secs] [Times: user=0.01 sys=0.00, real=0.00 secs] 
37.321: [GC (Allocation Failure) [PSYoungGen: 516864K->2336K(566272K)] 751815K->237295K(1241600K), 0.0039330 secs] [Times: user=0.01 sys=0.00, real=0.00 secs] 
40.608: [GC (Allocation Failure) [PSYoungGen: 550176K->2336K(570880K)] 785135K->237303K(1246208K), 0.0038653 secs] [Times: user=0.01 sys=0.00, real=0.01 secs] 
43.883: [GC (Allocation Failure) [PSYoungGen: 550176K->2336K(593408K)] 785143K->237311K(1268736K), 0.0029825 secs] [Times: user=0.01 sys=0.00, real=0.00 secs] 
47.919: [GC (Allocation Failure) [PSYoungGen: 578848K->2368K(598016K)] 813823K->237351K(1273344K), 0.0030964 secs] [Times: user=0.01 sys=0.00, real=0.01 secs] 
52.307: [GC (Allocation Failure) [PSYoungGen: 578880K->2397K(616448K)] 813863K->237388K(1291776K), 0.0033711 secs] [Times: user=0.01 sys=0.00, real=0.00 secs] 
57.598: [GC (Allocation Failure) [PSYoungGen: 602461K->2461K(620032K)] 837452K->237452K(1295360K), 0.0024172 secs] [Times: user=0.01 sys=0.00, real=0.00 secs] 
61.223: [GC (Allocation Failure) [PSYoungGen: 602525K->2464K(634880K)] 837516K->237463K(1310208K), 0.0024748 secs] [Times: user=0.01 sys=0.00, real=0.00 secs] 
64.928: [GC (Allocation Failure) [PSYoungGen: 621984K->2253K(603136K)] 856983K->237547K(1278464K), 0.0023599 secs] [Times: user=0.00 sys=0.00, real=0.00 secs] 
69.239: [GC (Allocation Failure) [PSYoungGen: 602829K->10336K(592896K)] 838123K->245661K(1268224K), 0.0048509 secs] [Times: user=0.01 sys=0.00, real=0.01 secs] 
73.244: [GC (Allocation Failure) [PSYoungGen: 592480K->17904K(582656K)] 827805K->253778K(1257984K), 0.0037247 secs] [Times: user=0.02 sys=0.00, real=0.00 secs] 
76.547: [GC (Allocation Failure) [PSYoungGen: 582640K->2045K(549888K)] 818514K->237968K(1225216K), 0.0034779 secs] [Times: user=0.01 sys=0.00, real=0.01 secs] 
79.603: [GC (Allocation Failure) [PSYoungGen: 549885K->2064K(534528K)] 785808K->237994K(1209856K), 0.0028087 secs] [Times: user=0.01 sys=0.00, real=0.00 secs] 
82.959: [GC (Allocation Failure) [PSYoungGen: 534032K->1997K(518656K)] 769962K->237968K(1193984K), 0.0037466 secs] [Times: user=0.01 sys=0.00, real=0.01 secs] 
86.438: [GC (Allocation Failure) [PSYoungGen: 518605K->18416K(520192K)] 754576K->254418K(1195520K), 0.0034766 secs] [Times: user=0.01 sys=0.00, real=0.01 secs] 
89.022: [GC (Allocation Failure) [PSYoungGen: 520176K->18448K(506368K)] 756178K->254474K(1181696K), 0.0031424 secs] [Times: user=0.01 sys=0.00, real=0.00 secs] 
91.721: [GC (Allocation Failure) [PSYoungGen: 505872K->4064K(478208K)] 741898K->240130K(1153536K), 0.0029480 secs] [Times: user=0.01 sys=0.00, real=0.00 secs] 
94.445: [GC (Allocation Failure) [PSYoungGen: 478176K->1997K(463360K)] 714242K->238104K(1138688K), 0.0022609 secs] [Times: user=0.01 sys=0.00, real=0.00 secs] 
98.007: [GC (Allocation Failure) [PSYoungGen: 463309K->1933K(451072K)] 699416K->238048K(1126400K), 0.0019903 secs] [Times: user=0.00 sys=0.00, real=0.00 secs] 
100.206: [GC (Allocation Failure) [PSYoungGen: 450957K->1872K(439296K)] 687072K->238002K(1114624K), 0.0020506 secs] [Times: user=0.00 sys=0.00, real=0.00 secs] 
103.213: [GC (Allocation Failure) [PSYoungGen: 439120K->1936K(427520K)] 675250K->238098K(1102848K), 0.0025968 secs] [Times: user=0.01 sys=0.00, real=0.00 secs] 
105.735: [GC (Allocation Failure) [PSYoungGen: 427408K->18448K(433152K)] 663570K->254634K(1108480K), 0.0033065 secs] [Times: user=0.02 sys=0.00, real=0.00 secs] 
108.304: [GC (Allocation Failure) [PSYoungGen: 432656K->736K(404480K)] 668842K->236946K(1079808K), 0.0025699 secs] [Times: user=0.01 sys=0.00, real=0.00 secs] 
111.105: [GC (Allocation Failure) [PSYoungGen: 404192K->1808K(395264K)] 640402K->238026K(1070592K), 0.0018003 secs] [Times: user=0.01 sys=0.00, real=0.00 secs] 
114.494: [GC (Allocation Failure) [PSYoungGen: 395024K->1840K(385536K)] 631242K->238106K(1060864K), 0.0043275 secs] [Times: user=0.01 sys=0.00, real=0.00 secs] 
116.898: [GC (Allocation Failure) [PSYoungGen: 385328K->18288K(392704K)] 621594K->254671K(1068032K), 0.0031907 secs] [Times: user=0.01 sys=0.00, real=0.01 secs] 
119.508: [GC (Allocation Failure) [PSYoungGen: 392560K->1856K(367104K)] 628943K->238284K(1042432K), 0.0018924 secs] [Times: user=0.01 sys=0.00, real=0.01 secs] 
122.404: [GC (Allocation Failure) [PSYoungGen: 366912K->1629K(358400K)] 603340K->238089K(1033728K), 0.0022521 secs] [Times: user=0.01 sys=0.00, real=0.00 secs] 
124.283: [GC (Allocation Failure) [PSYoungGen: 357981K->18240K(366592K)] 594441K->254716K(1041920K), 0.0033460 secs] [Times: user=0.01 sys=0.00, real=0.00 secs] 
126.728: [GC (Allocation Failure) [PSYoungGen: 366400K->1824K(342016K)] 602876K->238316K(1017344K), 0.0020131 secs] [Times: user=0.01 sys=0.00, real=0.00 secs] 
129.438: [GC (Allocation Failure) [PSYoungGen: 341792K->1552K(334336K)] 578284K->238076K(1009664K), 0.0029845 secs] [Times: user=0.01 sys=0.00, real=0.01 secs] 
131.605: [GC (Allocation Failure) [PSYoungGen: 333840K->10080K(334848K)] 570364K->246620K(1010176K), 0.0027672 secs] [Times: user=0.01 sys=0.00, real=0.00 secs] 
133.229: [GC (Allocation Failure) [PSYoungGen: 334688K->1680K(319488K)] 571228K->238220K(994816K), 0.0018276 secs] [Times: user=0.01 sys=0.00, real=0.01 secs] 
135.062: [GC (Allocation Failure) [PSYoungGen: 319120K->1696K(312320K)] 555660K->238244K(987648K), 0.0032433 secs] [Times: user=0.01 sys=0.00, real=0.00 secs] 
136.756: [GC (Allocation Failure) [PSYoungGen: 311968K->1744K(305664K)] 548516K->238300K(980992K), 0.0018098 secs] [Times: user=0.01 sys=0.00, real=0.00 secs] 
138.139: [GC (Allocation Failure) [PSYoungGen: 305360K->1552K(299008K)] 541916K->238132K(974336K), 0.0034043 secs] [Times: user=0.00 sys=0.00, real=0.01 secs] 
139.859: [GC (Allocation Failure) [PSYoungGen: 298512K->1885K(292864K)] 535092K->238473K(968192K), 0.0020028 secs] [Times: user=0.01 sys=0.00, real=0.01 secs] 
143.008: [GC (Allocation Failure) [PSYoungGen: 292701K->1440K(286208K)] 529289K->238036K(961536K), 0.0028955 secs] [Times: user=0.01 sys=0.00, real=0.01 secs] 
144.901: [GC (Allocation Failure) [PSYoungGen: 286112K->5984K(284672K)] 522708K->242580K(960000K), 0.0025001 secs] [Times: user=0.00 sys=0.00, real=0.00 secs] 
146.488: [GC (Allocation Failure) [PSYoungGen: 284480K->1440K(274432K)] 521076K->238052K(949760K), 0.0016033 secs] [Times: user=0.00 sys=0.01, real=0.00 secs] 
148.373: [GC (Allocation Failure) [PSYoungGen: 274336K->10048K(277504K)] 510948K->246676K(952832K), 0.0031284 secs] [Times: user=0.01 sys=0.00, real=0.00 secs] 
152.172: [GC (Allocation Failure) [PSYoungGen: 277312K->1437K(263680K)] 513940K->238065K(939008K), 0.0018821 secs] [Times: user=0.01 sys=0.00, real=0.00 secs] 
155.491: [GC (Allocation Failure) [PSYoungGen: 263581K->5936K(263168K)] 500209K->242588K(938496K), 0.0048639 secs] [Times: user=0.02 sys=0.00, real=0.00 secs] 
157.555: [GC (Allocation Failure) [PSYoungGen: 262960K->1376K(253440K)] 499612K->238044K(928768K), 0.0020868 secs] [Times: user=0.00 sys=0.00, real=0.00 secs] 
159.092: [GC (Allocation Failure) [PSYoungGen: 253280K->544K(248320K)] 489948K->237220K(923648K), 0.0020973 secs] [Times: user=0.01 sys=0.00, real=0.00 secs] 
161.031: [GC (Allocation Failure) [PSYoungGen: 247840K->1344K(244736K)] 484516K->238052K(920064K), 0.0024631 secs] [Times: user=0.00 sys=0.00, real=0.00 secs] 
162.818: [GC (Allocation Failure) [PSYoungGen: 244032K->1744K(240128K)] 480740K->238468K(915456K), 0.0019685 secs] [Times: user=0.00 sys=0.00, real=0.00 secs] 
165.729: [GC (Allocation Failure) [PSYoungGen: 239824K->1440K(236544K)] 476548K->238180K(911872K), 0.0020944 secs] [Times: user=0.01 sys=0.00, real=0.01 secs] 
168.057: [GC (Allocation Failure) [PSYoungGen: 234912K->1584K(231424K)] 471652K->238332K(906752K), 0.0017261 secs] [Times: user=0.01 sys=0.00, real=0.00 secs] 
169.982: [GC (Allocation Failure) [PSYoungGen: 230960K->9856K(235520K)] 467708K->254812K(910848K), 0.0039030 secs] [Times: user=0.02 sys=0.00, real=0.00 secs] 
172.348: [GC (Allocation Failure) [PSYoungGen: 235136K->1469K(222720K)] 480092K->246425K(898048K), 0.0016264 secs] [Times: user=0.01 sys=0.00, real=0.00 secs] 
173.695: [GC (Allocation Failure) [PSYoungGen: 222653K->3776K(224256K)] 467609K->248732K(899584K), 0.0025368 secs] [Times: user=0.01 sys=0.00, real=0.00 secs] 
174.586: [GC (Allocation Failure) [PSYoungGen: 220864K->1392K(215040K)] 465820K->246348K(890368K), 0.0019495 secs] [Times: user=0.01 sys=0.00, real=0.00 secs] 
175.798: [GC (Allocation Failure) [PSYoungGen: 214896K->1728K(217088K)] 459852K->246700K(892416K), 0.0019175 secs] [Times: user=0.00 sys=0.00, real=0.00 secs] 
176.865: [GC (Allocation Failure) [PSYoungGen: 211648K->9728K(216576K)] 456620K->262892K(891904K), 0.0027654 secs] [Times: user=0.02 sys=0.00, real=0.00 secs] 
178.573: [GC (Allocation Failure) [PSYoungGen: 216064K->1469K(209920K)] 469228K->254641K(885248K), 0.0016816 secs] [Times: user=0.01 sys=0.00, real=0.00 secs] 
179.769: [GC (Allocation Failure) [PSYoungGen: 204221K->1757K(201728K)] 457393K->254929K(877056K), 0.0024614 secs] [Times: user=0.01 sys=0.00, real=0.01 secs] 
182.000: [GC (Allocation Failure) [PSYoungGen: 201437K->1376K(204288K)] 454609K->254556K(879616K), 0.0034082 secs] [Times: user=0.01 sys=0.00, real=0.01 secs] 
183.879: [GC (Allocation Failure) [PSYoungGen: 197984K->1584K(195584K)] 451164K->254764K(870912K), 0.0017175 secs] [Times: user=0.01 sys=0.00, real=0.01 secs] 
185.637: [GC (Allocation Failure) [PSYoungGen: 195120K->9856K(201216K)] 448300K->263044K(876544K), 0.0029724 secs] [Times: user=0.01 sys=0.00, real=0.00 secs] 
186.895: [GC (Allocation Failure) [PSYoungGen: 200320K->1344K(188928K)] 453508K->254532K(864256K), 0.0025006 secs] [Times: user=0.01 sys=0.00, real=0.00 secs] 
188.195: [GC (Allocation Failure) [PSYoungGen: 188736K->1661K(192512K)] 441924K->254849K(867840K), 0.0018450 secs] [Times: user=0.00 sys=0.00, real=0.00 secs] 
189.628: [GC (Allocation Failure) [PSYoungGen: 184143K->9824K(192000K)] 437331K->263012K(867328K), 0.0022300 secs] [Times: user=0.01 sys=0.00, real=0.01 secs] 
191.654: [GC (Allocation Failure) [PSYoungGen: 191584K->1376K(188928K)] 444772K->254564K(864256K), 0.0026070 secs] [Times: user=0.01 sys=0.00, real=0.00 secs] 
192.921: [GC (Allocation Failure) [PSYoungGen: 180576K->1648K(178688K)] 433764K->254860K(854016K), 0.0017130 secs] [Times: user=0.01 sys=0.00, real=0.00 secs] 
193.843: [GC (Allocation Failure) [PSYoungGen: 178288K->9856K(186368K)] 431500K->263068K(861696K), 0.0020262 secs] [Times: user=0.01 sys=0.00, real=0.00 secs] 
194.530: [GC (Allocation Failure) [PSYoungGen: 183936K->1344K(173056K)] 437148K->254564K(848384K), 0.0015662 secs] [Times: user=0.00 sys=0.00, real=0.01 secs] 
195.454: [GC (Allocation Failure) [PSYoungGen: 172864K->1648K(178688K)] 426084K->254868K(854016K), 0.0018517 secs] [Times: user=0.00 sys=0.00, real=0.00 secs] 
196.428: [GC (Allocation Failure) [PSYoungGen: 166538K->5728K(172544K)] 419758K->258948K(847872K), 0.0022868 secs] [Times: user=0.01 sys=0.00, real=0.00 secs] 
197.163: [GC (Allocation Failure) [PSYoungGen: 172128K->1408K(173056K)] 425348K->254628K(848384K), 0.0017659 secs] [Times: user=0.01 sys=0.00, real=0.00 secs] 
198.548: [GC (Allocation Failure) [PSYoungGen: 165248K->1501K(163328K)] 418468K->254729K(838656K), 0.0016845 secs] [Times: user=0.00 sys=0.00, real=0.00 secs] 
199.502: [GC (Allocation Failure) [PSYoungGen: 163293K->1725K(168448K)] 416521K->254953K(843776K), 0.0018161 secs] [Times: user=0.01 sys=0.00, real=0.00 secs] 
200.463: [GC (Allocation Failure) [PSYoungGen: 161469K->1440K(159232K)] 414697K->254684K(834560K), 0.0021143 secs] [Times: user=0.01 sys=0.00, real=0.00 secs] 
201.199: [GC (Allocation Failure) [PSYoungGen: 159136K->1424K(163328K)] 412380K->254676K(838656K), 0.0018844 secs] [Times: user=0.01 sys=0.00, real=0.01 secs] 
202.122: [GC (Allocation Failure) [PSYoungGen: 157072K->1693K(155648K)] 410324K->254953K(830976K), 0.0019863 secs] [Times: user=0.01 sys=0.00, real=0.00 secs] 
203.167: [GC (Allocation Failure) [PSYoungGen: 148661K->9696K(161280K)] 401921K->262996K(836608K), 0.0032096 secs] [Times: user=0.01 sys=0.01, real=0.00 secs] 
203.766: [GC (Allocation Failure) [PSYoungGen: 161248K->1408K(151040K)] 414548K->254724K(826368K), 0.0019597 secs] [Times: user=0.01 sys=0.00, real=0.00 secs] 
204.654: [GC (Allocation Failure) [PSYoungGen: 150912K->1565K(155648K)] 404228K->254881K(830976K), 0.0018030 secs] [Times: user=0.01 sys=0.00, real=0.00 secs] 
205.524: [GC (Allocation Failure) [PSYoungGen: 149021K->1725K(147456K)] 402337K->255041K(822784K), 0.0018098 secs] [Times: user=0.00 sys=0.00, real=0.00 secs] 
206.155: [GC (Allocation Failure) [PSYoungGen: 147133K->9712K(154112K)] 400449K->271220K(829440K), 0.0026327 secs] [Times: user=0.01 sys=0.00, real=0.00 secs] 
207.330: [GC (Allocation Failure) [PSYoungGen: 153584K->1376K(143872K)] 415092K->262884K(819200K), 0.0025370 secs] [Times: user=0.01 sys=0.00, real=0.01 secs] 
208.330: [GC (Allocation Failure) [PSYoungGen: 143712K->1661K(150016K)] 405220K->263169K(825344K), 0.0019046 secs] [Times: user=0.01 sys=0.00, real=0.01 secs] 
209.163: [GC (Allocation Failure) [PSYoungGen: 142461K->1936K(141312K)] 403969K->263452K(816640K), 0.0020915 secs] [Times: user=0.01 sys=0.00, real=0.00 secs] 
209.693: [GC (Allocation Failure) [PSYoungGen: 141200K->1408K(145920K)] 402716K->262924K(821248K), 0.0016725 secs] [Times: user=0.01 sys=0.00, real=0.00 secs] 
210.753: [GC (Allocation Failure) [PSYoungGen: 139136K->1424K(137728K)] 400652K->262940K(813056K), 0.0018725 secs] [Times: user=0.01 sys=0.00, real=0.00 secs] 
211.607: [GC (Allocation Failure) [PSYoungGen: 137616K->1648K(141824K)] 399132K->263180K(817152K), 0.0018742 secs] [Times: user=0.01 sys=0.00, real=0.00 secs] 
212.503: [GC (Allocation Failure) [PSYoungGen: 136304K->2624K(136192K)] 397836K->264156K(811520K), 0.0021871 secs] [Times: user=0.01 sys=0.00, real=0.00 secs] 
213.457: [GC (Allocation Failure) [PSYoungGen: 135744K->1408K(137728K)] 397276K->262956K(813056K), 0.0022380 secs] [Times: user=0.01 sys=0.00, real=0.00 secs] 
214.649: [GC (Allocation Failure) [PSYoungGen: 132992K->1408K(131584K)] 394540K->262972K(806912K), 0.0022689 secs] [Times: user=0.01 sys=0.00, real=0.01 secs] 
215.638: [GC (Allocation Failure) [PSYoungGen: 131456K->1629K(134656K)] 393020K->263193K(809984K), 0.0018649 secs] [Times: user=0.01 sys=0.00, real=0.00 secs] 
216.391: [GC (Allocation Failure) [PSYoungGen: 130141K->1629K(129024K)] 391705K->263201K(804352K), 0.0018397 secs] [Times: user=0.01 sys=0.00, real=0.00 secs] 
216.889: [GC (Allocation Failure) [PSYoungGen: 128605K->1472K(130048K)] 390177K->279428K(805376K), 0.0029504 secs] [Times: user=0.01 sys=0.00, real=0.01 secs] 
217.412: [GC (Allocation Failure) [PSYoungGen: 126912K->1376K(125440K)] 404868K->279332K(800768K), 0.0031367 secs] [Times: user=0.01 sys=0.00, real=0.00 secs] 
218.155: [GC (Allocation Failure) [PSYoungGen: 125280K->1520K(126464K)] 403236K->279476K(801792K), 0.0018056 secs] [Times: user=0.00 sys=0.00, real=0.00 secs] 
218.868: [GC (Allocation Failure) [PSYoungGen: 123888K->1661K(123392K)] 401844K->279625K(798720K), 0.0018871 secs] [Times: user=0.00 sys=0.00, real=0.00 secs] 
219.516: [GC (Allocation Failure) [PSYoungGen: 123005K->1456K(124928K)] 400969K->279420K(800256K), 0.0018686 secs] [Times: user=0.00 sys=0.00, real=0.00 secs] 
220.028: [GC (Allocation Failure) [PSYoungGen: 121776K->1344K(120832K)] 399740K->279324K(796160K), 0.0015860 secs] [Times: user=0.01 sys=0.00, real=0.00 secs] 
220.699: [GC (Allocation Failure) [PSYoungGen: 120640K->1421K(122368K)] 398620K->279417K(797696K), 0.0019910 secs] [Times: user=0.00 sys=0.00, real=0.01 secs] 
221.488: [GC (Allocation Failure) [PSYoungGen: 119693K->1616K(119296K)] 397689K->279620K(794624K), 0.0018319 secs] [Times: user=0.01 sys=0.00, real=0.00 secs] 
222.171: [GC (Allocation Failure) [PSYoungGen: 118864K->3600K(120320K)] 396868K->281604K(795648K), 0.0023915 secs] [Times: user=0.01 sys=0.00, real=0.00 secs] 
222.679: [GC (Allocation Failure) [PSYoungGen: 119824K->1376K(116736K)] 397828K->279380K(792064K), 0.0019355 secs] [Times: user=0.01 sys=0.00, real=0.01 secs] 
223.302: [GC (Allocation Failure) [PSYoungGen: 116576K->1376K(117248K)] 394580K->279380K(792576K), 0.0017156 secs] [Times: user=0.00 sys=0.00, real=0.00 secs] 
223.973: [GC (Allocation Failure) [PSYoungGen: 115552K->1584K(115200K)] 393556K->279588K(790528K), 0.0016649 secs] [Times: user=0.00 sys=0.00, real=0.00 secs] 
224.629: [GC (Allocation Failure) [PSYoungGen: 114736K->1597K(115712K)] 392740K->279601K(791040K), 0.0016442 secs] [Times: user=0.01 sys=0.00, real=0.01 secs] 
225.610: [GC (Allocation Failure) [PSYoungGen: 113725K->4592K(115712K)] 391729K->287716K(791040K), 0.0035670 secs] [Times: user=0.02 sys=0.00, real=0.01 secs] 
227.002: [GC (Allocation Failure) [PSYoungGen: 115696K->352K(113664K)] 398820K->283476K(788992K), 0.0026734 secs] [Times: user=0.01 sys=0.00, real=0.00 secs] 
227.917: [GC (Allocation Failure) [PSYoungGen: 110432K->336K(109568K)] 393556K->283460K(784896K), 0.0026621 secs] [Times: user=0.01 sys=0.00, real=0.00 secs] 
228.700: [GC (Allocation Failure) [PSYoungGen: 109392K->1629K(112128K)] 392516K->284761K(787456K), 0.0019466 secs] [Times: user=0.01 sys=0.00, real=0.01 secs] 
229.328: [GC (Allocation Failure) [PSYoungGen: 109661K->1616K(109056K)] 392793K->284756K(784384K), 0.0017466 secs] [Times: user=0.01 sys=0.00, real=0.00 secs] 
230.214: [GC (Allocation Failure) [PSYoungGen: 108624K->1440K(109568K)] 391764K->284588K(784896K), 0.0021119 secs] [Times: user=0.01 sys=0.00, real=0.00 secs] 
231.157: [GC (Allocation Failure) [PSYoungGen: 107424K->1376K(106496K)] 390572K->284532K(781824K), 0.0034461 secs] [Times: user=0.01 sys=0.00, real=0.01 secs] 
232.103: [GC (Allocation Failure) [PSYoungGen: 105952K->304K(107008K)] 389108K->283460K(782336K), 0.0025241 secs] [Times: user=0.01 sys=0.00, real=0.00 secs] 
232.853: [GC (Allocation Failure) [PSYoungGen: 104240K->1629K(104960K)] 387396K->284793K(780288K), 0.0018477 secs] [Times: user=0.00 sys=0.00, real=0.00 secs] 
233.514: [GC (Allocation Failure) [PSYoungGen: 104541K->1552K(103936K)] 387705K->284716K(779264K), 0.0017640 secs] [Times: user=0.00 sys=0.00, real=0.00 secs] 
234.011: [GC (Allocation Failure) [PSYoungGen: 103440K->1408K(102400K)] 386604K->284580K(777728K), 0.0028094 secs] [Times: user=0.01 sys=0.00, real=0.00 secs] 
234.428: [GC (Allocation Failure) [PSYoungGen: 102272K->1360K(102400K)] 385444K->284532K(777728K), 0.0019062 secs] [Times: user=0.00 sys=0.00, real=0.00 secs] 
235.042: [GC (Allocation Failure) [PSYoungGen: 101200K->1408K(100352K)] 384372K->284580K(775680K), 0.0019403 secs] [Times: user=0.01 sys=0.00, real=0.00 secs] 
235.737: [GC (Allocation Failure) [PSYoungGen: 100224K->1584K(99840K)] 383396K->284756K(775168K), 0.0018897 secs] [Times: user=0.01 sys=0.00, real=0.00 secs] 
236.313: [GC (Allocation Failure) [PSYoungGen: 99376K->1629K(99328K)] 382548K->284801K(774656K), 0.0017576 secs] [Times: user=0.01 sys=0.00, real=0.00 secs] 
237.029: [GC (Allocation Failure) [PSYoungGen: 98909K->2496K(99328K)] 382081K->286692K(774656K), 0.0021219 secs] [Times: user=0.01 sys=0.00, real=0.01 secs] 
237.892: [GC (Allocation Failure) [PSYoungGen: 99264K->384K(99328K)] 383460K->284580K(774656K), 0.0036387 secs] [Times: user=0.01 sys=0.00, real=0.00 secs] 
238.799: [GC (Allocation Failure) [PSYoungGen: 96640K->352K(98816K)] 380836K->284548K(774144K), 0.0023454 secs] [Times: user=0.00 sys=0.00, real=0.01 secs] 
239.714: [GC (Allocation Failure) [PSYoungGen: 96096K->1456K(96768K)] 380292K->285660K(772096K), 0.0017646 secs] [Times: user=0.00 sys=0.00, real=0.00 secs] 
240.264: [GC (Allocation Failure) [PSYoungGen: 96688K->1584K(97280K)] 380892K->285788K(772608K), 0.0016994 secs] [Times: user=0.00 sys=0.00, real=0.00 secs] 
240.879: [GC (Allocation Failure) [PSYoungGen: 96304K->1565K(96256K)] 380508K->285785K(771584K), 0.0017683 secs] [Times: user=0.00 sys=0.00, real=0.01 secs] 
241.617: [GC (Allocation Failure) [PSYoungGen: 95773K->1376K(96256K)] 379993K->285596K(771584K), 0.0032193 secs] [Times: user=0.01 sys=0.00, real=0.01 secs] 
242.395: [GC (Allocation Failure) [PSYoungGen: 95072K->1344K(94720K)] 379292K->285564K(770048K), 0.0030081 secs] [Times: user=0.01 sys=0.00, real=0.00 secs] 
242.784: [GC (Allocation Failure) [PSYoungGen: 94528K->1376K(94208K)] 378748K->285596K(769536K), 0.0020437 secs] [Times: user=0.01 sys=0.00, real=0.00 secs] 
243.368: [GC (Allocation Failure) [PSYoungGen: 94048K->1488K(93696K)] 378268K->285708K(769024K), 0.0017346 secs] [Times: user=0.00 sys=0.00, real=0.00 secs] 
243.903: [GC (Allocation Failure) [PSYoungGen: 93648K->1552K(93696K)] 377868K->285772K(769024K), 0.0016271 secs] [Times: user=0.01 sys=0.00, real=0.00 secs] 
244.438: [GC (Allocation Failure) [PSYoungGen: 92449K->352K(91648K)] 376670K->284572K(766976K), 0.0016464 secs] [Times: user=0.01 sys=0.00, real=0.00 secs] 
244.983: [GC (Allocation Failure) [PSYoungGen: 91488K->1376K(92672K)] 375708K->285596K(768000K), 0.0018558 secs] [Times: user=0.00 sys=0.00, real=0.00 secs] 
245.421: [GC (Allocation Failure) [PSYoungGen: 92000K->1376K(91648K)] 376220K->285596K(766976K), 0.0018976 secs] [Times: user=0.01 sys=0.00, real=0.00 secs] 
245.838: [GC (Allocation Failure) [PSYoungGen: 91488K->1376K(91648K)] 375708K->285596K(766976K), 0.0018589 secs] [Times: user=0.01 sys=0.00, real=0.01 secs] 
246.366: [GC (Allocation Failure) [PSYoungGen: 90976K->1533K(90624K)] 375196K->285761K(765952K), 0.0015713 secs] [Times: user=0.01 sys=0.00, real=0.00 secs] 
246.887: [GC (Allocation Failure) [PSYoungGen: 90621K->1616K(90624K)] 374849K->285844K(765952K), 0.0016535 secs] [Times: user=0.01 sys=0.00, real=0.00 secs] 
247.458: [GC (Allocation Failure) [PSYoungGen: 90192K->2528K(90624K)] 374420K->286820K(765952K), 0.0022162 secs] [Times: user=0.01 sys=0.00, real=0.01 secs] 
248.047: [GC (Allocation Failure) [PSYoungGen: 90592K->1312K(89088K)] 374884K->285604K(764416K), 0.0018906 secs] [Times: user=0.00 sys=0.00, real=0.00 secs] 
248.580: [GC (Allocation Failure) [PSYoungGen: 88864K->1360K(88576K)] 373156K->285652K(763904K), 0.0021856 secs] [Times: user=0.01 sys=0.00, real=0.01 secs] 
249.346: [GC (Allocation Failure) [PSYoungGen: 88400K->1376K(88576K)] 372692K->285668K(763904K), 0.0022372 secs] [Times: user=0.01 sys=0.00, real=0.00 secs] 
249.977: [GC (Allocation Failure) [PSYoungGen: 87904K->1501K(87552K)] 372196K->285801K(762880K), 0.0015567 secs] [Times: user=0.00 sys=0.00, real=0.00 secs] 
250.477: [GC (Allocation Failure) [PSYoungGen: 87517K->1584K(87552K)] 371817K->285884K(762880K), 0.0016863 secs] [Times: user=0.00 sys=0.00, real=0.00 secs] 
250.977: [GC (Allocation Failure) [PSYoungGen: 87088K->1584K(87040K)] 371388K->285884K(762368K), 0.0017228 secs] [Times: user=0.00 sys=0.00, real=0.00 secs] 
251.352: [GC (Allocation Failure) [PSYoungGen: 86576K->1424K(86528K)] 370876K->285724K(761856K), 0.0016333 secs] [Times: user=0.00 sys=0.00, real=0.00 secs] 
251.703: [GC (Allocation Failure) [PSYoungGen: 85904K->1376K(85504K)] 370204K->285684K(760832K), 0.0017387 secs] [Times: user=0.01 sys=0.00, real=0.00 secs] 
252.058: [GC (Allocation Failure) [PSYoungGen: 85344K->1376K(84992K)] 369652K->285692K(760320K), 0.0017901 secs] [Times: user=0.01 sys=0.00, real=0.00 secs] 
252.504: [GC (Allocation Failure) [PSYoungGen: 84832K->1472K(84480K)] 369148K->285788K(759808K), 0.0016902 secs] [Times: user=0.01 sys=0.00, real=0.00 secs] 
252.989: [GC (Allocation Failure) [PSYoungGen: 84416K->1520K(83968K)] 368732K->285908K(759296K), 0.0016642 secs] [Times: user=0.01 sys=0.00, real=0.01 secs] 
253.469: [GC (Allocation Failure) [PSYoungGen: 83952K->1629K(83968K)] 368340K->286017K(759296K), 0.0017019 secs] [Times: user=0.00 sys=0.01, real=0.01 secs] 
254.023: [GC (Allocation Failure) [PSYoungGen: 83549K->496K(82432K)] 367937K->294100K(757760K), 0.0022952 secs] [Times: user=0.00 sys=0.01, real=0.00 secs] 
254.759: [GC (Allocation Failure) [PSYoungGen: 81904K->352K(81408K)] 375508K->293956K(756736K), 0.0020611 secs] [Times: user=0.01 sys=0.00, real=0.01 secs] 
255.474: [GC (Allocation Failure) [PSYoungGen: 81248K->384K(82432K)] 374852K->294004K(757760K), 0.0021684 secs] [Times: user=0.01 sys=0.00, real=0.00 secs] 
256.200: [GC (Allocation Failure) [PSYoungGen: 80768K->1456K(81408K)] 374388K->295084K(756736K), 0.0024309 secs] [Times: user=0.01 sys=0.00, real=0.01 secs] 
256.726: [GC (Allocation Failure) [PSYoungGen: 81328K->1632K(81408K)] 374956K->295284K(756736K), 0.0016584 secs] [Times: user=0.00 sys=0.00, real=0.00 secs] 
257.191: [GC (Allocation Failure) [PSYoungGen: 80992K->1536K(80896K)] 374644K->295196K(756224K), 0.0017054 secs] [Times: user=0.01 sys=0.00, real=0.00 secs] 
257.648: [GC (Allocation Failure) [PSYoungGen: 80384K->1565K(80384K)] 374044K->295233K(755712K), 0.0016214 secs] [Times: user=0.00 sys=0.00, real=0.00 secs] 
258.267: [GC (Allocation Failure) [PSYoungGen: 79901K->1408K(79360K)] 373569K->295076K(754688K), 0.0018054 secs] [Times: user=0.00 sys=0.00, real=0.00 secs] 
259.188: [GC (Allocation Failure) [PSYoungGen: 79232K->1376K(79360K)] 372900K->295044K(754688K), 0.0023929 secs] [Times: user=0.01 sys=0.00, real=0.00 secs] 
259.916: [GC (Allocation Failure) [PSYoungGen: 78688K->1376K(78336K)] 372356K->295044K(753664K), 0.0031078 secs] [Times: user=0.01 sys=0.00, real=0.00 secs] 
260.683: [GC (Allocation Failure) [PSYoungGen: 78176K->1440K(78336K)] 371844K->295108K(753664K), 0.0015960 secs] [Times: user=0.01 sys=0.00, real=0.00 secs] 
261.131: [GC (Allocation Failure) [PSYoungGen: 77728K->1616K(77824K)] 371396K->295284K(753152K), 0.0015688 secs] [Times: user=0.01 sys=0.00, real=0.00 secs] 
261.577: [GC (Allocation Failure) [PSYoungGen: 77361K->1568K(77312K)] 371029K->295236K(752640K), 0.0016983 secs] [Times: user=0.01 sys=0.00, real=0.00 secs] 
262.087: [GC (Allocation Failure) [PSYoungGen: 76832K->2016K(76800K)] 370500K->295684K(752128K), 0.0018930 secs] [Times: user=0.01 sys=0.00, real=0.00 secs] 
262.988: [GC (Allocation Failure) [PSYoungGen: 76768K->1344K(76288K)] 370436K->295012K(751616K), 0.0034670 secs] [Times: user=0.02 sys=0.00, real=0.01 secs] 
263.600: [GC (Allocation Failure) [PSYoungGen: 75584K->1344K(75264K)] 369252K->295028K(750592K), 0.0021800 secs] [Times: user=0.00 sys=0.00, real=0.01 secs] 
264.127: [GC (Allocation Failure) [PSYoungGen: 75072K->1408K(75264K)] 368756K->295100K(750592K), 0.0025410 secs] [Times: user=0.01 sys=0.00, real=0.00 secs] 
264.764: [GC (Allocation Failure) [PSYoungGen: 74624K->1472K(74240K)] 368316K->295164K(749568K), 0.0016939 secs] [Times: user=0.00 sys=0.00, real=0.00 secs] 
265.189: [GC (Allocation Failure) [PSYoungGen: 74176K->1616K(74240K)] 367868K->295308K(749568K), 0.0017054 secs] [Times: user=0.00 sys=0.00, real=0.01 secs] 
265.608: [GC (Allocation Failure) [PSYoungGen: 73808K->1629K(73728K)] 367500K->295321K(749056K), 0.0017513 secs] [Times: user=0.00 sys=0.00, real=0.00 secs] 
266.029: [GC (Allocation Failure) [PSYoungGen: 73309K->605K(72192K)] 367001K->295321K(747520K), 0.0016949 secs] [Times: user=0.00 sys=0.00, real=0.01 secs] 
266.536: [GC (Allocation Failure) [PSYoungGen: 71773K->1408K(72192K)] 366489K->296132K(747520K), 0.0016832 secs] [Times: user=0.00 sys=0.00, real=0.00 secs] 
266.944: [GC (Allocation Failure) [PSYoungGen: 72064K->1392K(71680K)] 366788K->296132K(747008K), 0.0025697 secs] [Times: user=0.01 sys=0.00, real=0.00 secs] 
267.291: [GC (Allocation Failure) [PSYoungGen: 71536K->1408K(71168K)] 366276K->296148K(746496K), 0.0022034 secs] [Times: user=0.00 sys=0.00, real=0.00 secs] 
267.617: [GC (Allocation Failure) [PSYoungGen: 71040K->1408K(70656K)] 365780K->296148K(745984K), 0.0016860 secs] [Times: user=0.01 sys=0.00, real=0.00 secs] 
268.050: [GC (Allocation Failure) [PSYoungGen: 70528K->1565K(70656K)] 365268K->296305K(745984K), 0.0017126 secs] [Times: user=0.00 sys=0.00, real=0.01 secs] 
268.450: [GC (Allocation Failure) [PSYoungGen: 70173K->496K(68608K)] 364913K->296260K(743936K), 0.0016549 secs] [Times: user=0.01 sys=0.00, real=0.00 secs] 
268.848: [GC (Allocation Failure) [PSYoungGen: 68578K->573K(69632K)] 364342K->296337K(744960K), 0.0016084 secs] [Times: user=0.00 sys=0.00, real=0.00 secs] 
269.259: [GC (Allocation Failure) [PSYoungGen: 66817K->2512K(69632K)] 362581K->299300K(744960K), 0.0018401 secs] [Times: user=0.01 sys=0.00, real=0.01 secs] 
269.777: [GC (Allocation Failure) [PSYoungGen: 69584K->1408K(68608K)] 366372K->298196K(743936K), 0.0019880 secs] [Times: user=0.01 sys=0.00, real=0.00 secs] 
270.296: [GC (Allocation Failure) [PSYoungGen: 68480K->1440K(69632K)] 365268K->298228K(744960K), 0.0026240 secs] [Times: user=0.01 sys=0.00, real=0.00 secs] 
270.797: [GC (Allocation Failure) [PSYoungGen: 68512K->1440K(69632K)] 365300K->298228K(744960K), 0.0026950 secs] [Times: user=0.01 sys=0.00, real=0.00 secs] 
271.378: [GC (Allocation Failure) [PSYoungGen: 68512K->1520K(69632K)] 365300K->298308K(744960K), 0.0025652 secs] [Times: user=0.01 sys=0.00, real=0.01 secs] 
271.898: [GC (Allocation Failure) [PSYoungGen: 68592K->1584K(69632K)] 365380K->298372K(744960K), 0.0016228 secs] [Times: user=0.01 sys=0.00, real=0.00 secs] 
272.300: [GC (Allocation Failure) [PSYoungGen: 68656K->1600K(69632K)] 365444K->298388K(744960K), 0.0016393 secs] [Times: user=0.00 sys=0.00, real=0.01 secs] 
272.754: [GC (Allocation Failure) [PSYoungGen: 68672K->1520K(69632K)] 365460K->298308K(744960K), 0.0016640 secs] [Times: user=0.01 sys=0.00, real=0.00 secs] 
273.712: [GC (Allocation Failure) [PSYoungGen: 68592K->2512K(69632K)] 365380K->300356K(744960K), 0.0039903 secs] [Times: user=0.01 sys=0.01, real=0.00 secs] 
274.626: [GC (Allocation Failure) [PSYoungGen: 69584K->352K(69632K)] 367428K->298196K(744960K), 0.0031182 secs] [Times: user=0.01 sys=0.00, real=0.00 secs] 
275.203: [GC (Allocation Failure) [PSYoungGen: 67424K->384K(70144K)] 365268K->298228K(745472K), 0.0025108 secs] [Times: user=0.01 sys=0.00, real=0.00 secs] 
275.578: [GC (Allocation Failure) [PSYoungGen: 67456K->384K(70144K)] 365300K->298228K(745472K), 0.0015931 secs] [Times: user=0.01 sys=0.00, real=0.00 secs] 
275.916: [GC (Allocation Failure) [PSYoungGen: 67456K->1440K(70144K)] 365300K->299284K(745472K), 0.0015085 secs] [Times: user=0.01 sys=0.00, real=0.00 secs] 
276.310: [GC (Allocation Failure) [PSYoungGen: 68512K->1600K(70144K)] 366356K->299468K(745472K), 0.0015937 secs] [Times: user=0.01 sys=0.00, real=0.01 secs] 
276.708: [GC (Allocation Failure) [PSYoungGen: 68672K->1520K(69120K)] 366540K->299388K(744448K), 0.0015414 secs] [Times: user=0.01 sys=0.00, real=0.00 secs] 
277.099: [GC (Allocation Failure) [PSYoungGen: 68592K->1600K(69632K)] 366460K->299484K(744960K), 0.0015155 secs] [Times: user=0.01 sys=0.00, real=0.01 secs] 
277.852: [GC (Allocation Failure) [PSYoungGen: 68672K->1504K(69632K)] 366556K->299396K(744960K), 0.0022017 secs] [Times: user=0.01 sys=0.00, real=0.00 secs] 
278.477: [GC (Allocation Failure) [PSYoungGen: 68576K->1408K(69632K)] 366468K->299300K(744960K), 0.0024245 secs] [Times: user=0.01 sys=0.00, real=0.00 secs] 
279.003: [GC (Allocation Failure) [PSYoungGen: 68480K->1344K(69632K)] 366372K->299236K(744960K), 0.0020039 secs] [Times: user=0.01 sys=0.00, real=0.00 secs] 
279.524: [GC (Allocation Failure) [PSYoungGen: 68416K->1424K(69632K)] 366308K->299316K(744960K), 0.0017201 secs] [Times: user=0.01 sys=0.00, real=0.00 secs] 
280.187: [GC (Allocation Failure) [PSYoungGen: 68496K->1501K(69632K)] 366388K->299393K(744960K), 0.0018025 secs] [Times: user=0.01 sys=0.00, real=0.00 secs] 
280.591: [GC (Allocation Failure) [PSYoungGen: 68573K->1597K(69632K)] 366465K->299489K(744960K), 0.0016882 secs] [Times: user=0.01 sys=0.00, real=0.00 secs] 
281.042: [GC (Allocation Failure) [PSYoungGen: 68669K->1597K(69632K)] 366561K->299489K(744960K), 0.0016746 secs] [Times: user=0.01 sys=0.00, real=0.00 secs] 
281.522: [GC (Allocation Failure) [PSYoungGen: 68669K->1629K(69632K)] 366561K->299537K(744960K), 0.0015550 secs] [Times: user=0.01 sys=0.00, real=0.00 secs] 
282.042: [GC (Allocation Failure) [PSYoungGen: 68701K->1440K(69632K)] 366609K->299348K(744960K), 0.0029471 secs] [Times: user=0.01 sys=0.00, real=0.00 secs] 
282.335: [GC (Allocation Failure) [PSYoungGen: 68512K->1376K(68608K)] 366420K->299284K(743936K), 0.0023408 secs] [Times: user=0.00 sys=0.01, real=0.00 secs] 
282.704: [GC (Allocation Failure) [PSYoungGen: 68448K->1360K(69120K)] 366356K->299268K(744448K), 0.0016586 secs] [Times: user=0.00 sys=0.00, real=0.00 secs] 
283.194: [GC (Allocation Failure) [PSYoungGen: 68432K->1424K(69120K)] 366340K->299332K(744448K), 0.0028750 secs] [Times: user=0.01 sys=0.00, real=0.00 secs] 
283.897: [GC (Allocation Failure) [PSYoungGen: 68496K->1552K(69120K)] 366404K->299460K(744448K), 0.0015529 secs] [Times: user=0.00 sys=0.00, real=0.00 secs] 
284.291: [GC (Allocation Failure) [PSYoungGen: 68624K->1568K(69120K)] 366532K->299476K(744448K), 0.0015961 secs] [Times: user=0.01 sys=0.00, real=0.00 secs] 
284.685: [GC (Allocation Failure) [PSYoungGen: 68640K->1565K(69120K)] 366548K->299473K(744448K), 0.0016287 secs] [Times: user=0.01 sys=0.00, real=0.00 secs] 
285.076: [GC (Allocation Failure) [PSYoungGen: 68637K->1616K(69120K)] 366545K->299540K(744448K), 0.0015561 secs] [Times: user=0.01 sys=0.00, real=0.00 secs] 
285.605: [GC (Allocation Failure) [PSYoungGen: 68688K->1392K(69120K)] 366612K->299332K(744448K), 0.0019292 secs] [Times: user=0.00 sys=0.00, real=0.00 secs] 
286.188: [GC (Allocation Failure) [PSYoungGen: 68464K->1408K(69120K)] 366404K->299348K(744448K), 0.0034016 secs] [Times: user=0.02 sys=0.00, real=0.01 secs] 
286.745: [GC (Allocation Failure) [PSYoungGen: 68480K->1408K(69120K)] 366420K->299348K(744448K), 0.0028469 secs] [Times: user=0.01 sys=0.00, real=0.00 secs] 
287.150: [GC (Allocation Failure) [PSYoungGen: 68480K->1408K(69120K)] 366420K->299348K(744448K), 0.0018546 secs] [Times: user=0.01 sys=0.00, real=0.01 secs] 
287.553: [GC (Allocation Failure) [PSYoungGen: 68480K->1568K(69120K)] 366420K->299508K(744448K), 0.0015711 secs] [Times: user=0.00 sys=0.00, real=0.00 secs] 
287.945: [GC (Allocation Failure) [PSYoungGen: 68640K->1565K(69120K)] 366580K->299505K(744448K), 0.0016507 secs] [Times: user=0.00 sys=0.00, real=0.00 secs] 
288.336: [GC (Allocation Failure) [PSYoungGen: 68637K->1616K(69120K)] 366577K->299556K(744448K), 0.0015381 secs] [Times: user=0.01 sys=0.00, real=0.00 secs] 
288.728: [GC (Allocation Failure) [PSYoungGen: 68688K->256K(69120K)] 366628K->298212K(744448K), 0.0014009 secs] [Times: user=0.01 sys=0.00, real=0.00 secs] 
289.405: [GC (Allocation Failure) [PSYoungGen: 67328K->1392K(69120K)] 365284K->299348K(744448K), 0.0019075 secs] [Times: user=0.01 sys=0.00, real=0.00 secs] 
290.120: [GC (Allocation Failure) [PSYoungGen: 68464K->1408K(69120K)] 366420K->299364K(744448K), 0.0019415 secs] [Times: user=0.01 sys=0.00, real=0.01 secs] 
291.124: [GC (Allocation Failure) [PSYoungGen: 68480K->1424K(69120K)] 366436K->299380K(744448K), 0.0020229 secs] [Times: user=0.01 sys=0.00, real=0.00 secs] 
292.217: [GC (Allocation Failure) [PSYoungGen: 68496K->1376K(69120K)] 366452K->299332K(744448K), 0.0023158 secs] [Times: user=0.01 sys=0.00, real=0.00 secs] 
292.843: [GC (Allocation Failure) [PSYoungGen: 68448K->1520K(69120K)] 366404K->299476K(744448K), 0.0016811 secs] [Times: user=0.01 sys=0.00, real=0.00 secs] 
293.235: [GC (Allocation Failure) [PSYoungGen: 68592K->1552K(69120K)] 366548K->299508K(744448K), 0.0016546 secs] [Times: user=0.00 sys=0.00, real=0.00 secs] 
293.627: [GC (Allocation Failure) [PSYoungGen: 68624K->1616K(69120K)] 366580K->299572K(744448K), 0.0016560 secs] [Times: user=0.01 sys=0.00, real=0.00 secs] 
294.041: [GC (Allocation Failure) [PSYoungGen: 68688K->2032K(69120K)] 366644K->299996K(744448K), 0.0018856 secs] [Times: user=0.00 sys=0.00, real=0.00 secs] 
294.311: [GC (Allocation Failure) [PSYoungGen: 69104K->1424K(68608K)] 367068K->299388K(743936K), 0.0015211 secs] [Times: user=0.00 sys=0.00, real=0.00 secs] 
294.589: [GC (Allocation Failure) [PSYoungGen: 68496K->1456K(69120K)] 366460K->299420K(744448K), 0.0013935 secs] [Times: user=0.00 sys=0.00, real=0.01 secs] 
294.903: [GC (Allocation Failure) [PSYoungGen: 68528K->1408K(69120K)] 366492K->299372K(744448K), 0.0017473 secs] [Times: user=0.00 sys=0.00, real=0.00 secs] 
295.542: [GC (Allocation Failure) [PSYoungGen: 68480K->1344K(69120K)] 366444K->299308K(744448K), 0.0028421 secs] [Times: user=0.01 sys=0.00, real=0.00 secs] 
296.043: [GC (Allocation Failure) [PSYoungGen: 68416K->1552K(69120K)] 366380K->299516K(744448K), 0.0015126 secs] [Times: user=0.00 sys=0.00, real=0.00 secs] 
296.436: [GC (Allocation Failure) [PSYoungGen: 68624K->1568K(69120K)] 366588K->299564K(744448K), 0.0016355 secs] [Times: user=0.01 sys=0.00, real=0.00 secs] 
296.829: [GC (Allocation Failure) [PSYoungGen: 68640K->1584K(69120K)] 366636K->299580K(744448K), 0.0015415 secs] [Times: user=0.00 sys=0.00, real=0.01 secs] 
297.581: [GC (Allocation Failure) [PSYoungGen: 67747K->1472K(69120K)] 365743K->299468K(744448K), 0.0021206 secs] [Times: user=0.01 sys=0.00, real=0.00 secs] 
297.856: [GC (Allocation Failure) [PSYoungGen: 68544K->1408K(69120K)] 366540K->299404K(744448K), 0.0018180 secs] [Times: user=0.01 sys=0.00, real=0.00 secs] 
298.134: [GC (Allocation Failure) [PSYoungGen: 68480K->1376K(69120K)] 366476K->299372K(744448K), 0.0024052 secs] [Times: user=0.00 sys=0.00, real=0.00 secs] 
298.414: [GC (Allocation Failure) [PSYoungGen: 68448K->1408K(69120K)] 366444K->299412K(744448K), 0.0019003 secs] [Times: user=0.01 sys=0.00, real=0.00 secs] 
298.738: [GC (Allocation Failure) [PSYoungGen: 68480K->1437K(69120K)] 366484K->299441K(744448K), 0.0019076 secs] [Times: user=0.01 sys=0.00, real=0.00 secs] 
299.232: [GC (Allocation Failure) [PSYoungGen: 68509K->1520K(69120K)] 366513K->299524K(744448K), 0.0015816 secs] [Times: user=0.00 sys=0.00, real=0.00 secs] 
299.626: [GC (Allocation Failure) [PSYoungGen: 68592K->1629K(69120K)] 366596K->299633K(744448K), 0.0016520 secs] [Times: user=0.01 sys=0.00, real=0.00 secs] 
300.079: [GC (Allocation Failure) [PSYoungGen: 68701K->1520K(69120K)] 366705K->299540K(744448K), 0.0016194 secs] [Times: user=0.00 sys=0.00, real=0.01 secs] 
300.861: [GC (Allocation Failure) [PSYoungGen: 68592K->1520K(69120K)] 366612K->303636K(744448K), 0.0053411 secs] [Times: user=0.02 sys=0.00, real=0.00 secs] 
301.999: [GC (Allocation Failure) [PSYoungGen: 68592K->1360K(69120K)] 370708K->303476K(744448K), 0.0025041 secs] [Times: user=0.01 sys=0.00, real=0.01 secs] 
302.290: [GC (Allocation Failure) [PSYoungGen: 68432K->1408K(69120K)] 370548K->303524K(744448K), 0.0018109 secs] [Times: user=0.01 sys=0.00, real=0.01 secs] 
302.581: [GC (Allocation Failure) [PSYoungGen: 68480K->1376K(69120K)] 370596K->303492K(744448K), 0.0018490 secs] [Times: user=0.01 sys=0.00, real=0.00 secs] 
302.897: [GC (Allocation Failure) [PSYoungGen: 68448K->1456K(69120K)] 370564K->303572K(744448K), 0.0014701 secs] [Times: user=0.01 sys=0.00, real=0.00 secs] 
303.292: [GC (Allocation Failure) [PSYoungGen: 68528K->1664K(69120K)] 370644K->303780K(744448K), 0.0016305 secs] [Times: user=0.00 sys=0.00, real=0.00 secs] 
303.687: [GC (Allocation Failure) [PSYoungGen: 68736K->1520K(69120K)] 370852K->303636K(744448K), 0.0016074 secs] [Times: user=0.01 sys=0.00, real=0.00 secs] 
304.081: [GC (Allocation Failure) [PSYoungGen: 68592K->1565K(69120K)] 370708K->303697K(744448K), 0.0016409 secs] [Times: user=0.01 sys=0.00, real=0.00 secs] 
304.789: [GC (Allocation Failure) [PSYoungGen: 68637K->1472K(69120K)] 370769K->303612K(744448K), 0.0019816 secs] [Times: user=0.01 sys=0.00, real=0.01 secs] 
305.689: [GC (Allocation Failure) [PSYoungGen: 68544K->1440K(69120K)] 370684K->303580K(744448K), 0.0033104 secs] [Times: user=0.02 sys=0.00, real=0.01 secs] 
306.298: [GC (Allocation Failure) [PSYoungGen: 68512K->1408K(69120K)] 370652K->303556K(744448K), 0.0028799 secs] [Times: user=0.01 sys=0.00, real=0.01 secs] 
307.019: [GC (Allocation Failure) [PSYoungGen: 68480K->1376K(69120K)] 370628K->303524K(744448K), 0.0021278 secs] [Times: user=0.01 sys=0.00, real=0.01 secs] 
307.788: [GC (Allocation Failure) [PSYoungGen: 68448K->1533K(69120K)] 370596K->303681K(744448K), 0.0015340 secs] [Times: user=0.00 sys=0.00, real=0.00 secs] 
308.179: [GC (Allocation Failure) [PSYoungGen: 68605K->1597K(69120K)] 370753K->303745K(744448K), 0.0016911 secs] [Times: user=0.01 sys=0.00, real=0.01 secs] 
308.571: [GC (Allocation Failure) [PSYoungGen: 68669K->1552K(69120K)] 370817K->303700K(744448K), 0.0016161 secs] [Times: user=0.01 sys=0.00, real=0.00 secs] 
308.964: [GC (Allocation Failure) [PSYoungGen: 68624K->1616K(69120K)] 370772K->303772K(744448K), 0.0015220 secs] [Times: user=0.01 sys=0.00, real=0.00 secs] 
309.623: [GC (Allocation Failure) [PSYoungGen: 68688K->1440K(69120K)] 370844K->303604K(744448K), 0.0031002 secs] [Times: user=0.02 sys=0.00, real=0.00 secs] 
310.146: [GC (Allocation Failure) [PSYoungGen: 68512K->1440K(69120K)] 370676K->303604K(744448K), 0.0022103 secs] [Times: user=0.01 sys=0.00, real=0.00 secs] 
310.860: [GC (Allocation Failure) [PSYoungGen: 68512K->1376K(69120K)] 370676K->303540K(744448K), 0.0024439 secs] [Times: user=0.01 sys=0.00, real=0.01 secs] 
311.651: [GC (Allocation Failure) [PSYoungGen: 68448K->1392K(69120K)] 370612K->303556K(744448K), 0.0026476 secs] [Times: user=0.01 sys=0.00, real=0.00 secs] 
312.196: [GC (Allocation Failure) [PSYoungGen: 68464K->1520K(69120K)] 370628K->303684K(744448K), 0.0014935 secs] [Times: user=0.01 sys=0.00, real=0.00 secs] 
312.587: [GC (Allocation Failure) [PSYoungGen: 68592K->1648K(69120K)] 370756K->303812K(744448K), 0.0016302 secs] [Times: user=0.00 sys=0.00, real=0.00 secs] 
312.984: [GC (Allocation Failure) [PSYoungGen: 68720K->1616K(69120K)] 370884K->303780K(744448K), 0.0015418 secs] [Times: user=0.01 sys=0.00, real=0.00 secs] 
313.385: [GC (Allocation Failure) [PSYoungGen: 68688K->1597K(69120K)] 370852K->303785K(744448K), 0.0016214 secs] [Times: user=0.01 sys=0.00, real=0.00 secs] 
314.076: [GC (Allocation Failure) [PSYoungGen: 68669K->1440K(69120K)] 370857K->303628K(744448K), 0.0019843 secs] [Times: user=0.01 sys=0.00, real=0.00 secs] 
314.595: [GC (Allocation Failure) [PSYoungGen: 68512K->1376K(69120K)] 370700K->303564K(744448K), 0.0020870 secs] [Times: user=0.01 sys=0.01, real=0.00 secs] 
314.892: [GC (Allocation Failure) [PSYoungGen: 68448K->1408K(69120K)] 370636K->303596K(744448K), 0.0018104 secs] [Times: user=0.01 sys=0.00, real=0.00 secs] 
315.189: [GC (Allocation Failure) [PSYoungGen: 68480K->1360K(69120K)] 370668K->303556K(744448K), 0.0016952 secs] [Times: user=0.00 sys=0.00, real=0.01 secs] 
315.577: [GC (Allocation Failure) [PSYoungGen: 68432K->1520K(69120K)] 370628K->303724K(744448K), 0.0016173 secs] [Times: user=0.01 sys=0.00, real=0.00 secs] 
315.968: [GC (Allocation Failure) [PSYoungGen: 68592K->1520K(69120K)] 370796K->303724K(744448K), 0.0015186 secs] [Times: user=0.01 sys=0.00, real=0.00 secs] 
316.359: [GC (Allocation Failure) [PSYoungGen: 68592K->1597K(69120K)] 370796K->303801K(744448K), 0.0016648 secs] [Times: user=0.00 sys=0.00, real=0.01 secs] 
316.898: [GC (Allocation Failure) [PSYoungGen: 68669K->2016K(69120K)] 370873K->304228K(744448K), 0.0017641 secs] [Times: user=0.01 sys=0.00, real=0.00 secs] 
317.452: [GC (Allocation Failure) [PSYoungGen: 69088K->1376K(69120K)] 371300K->303588K(744448K), 0.0026644 secs] [Times: user=0.01 sys=0.00, real=0.00 secs] 
317.826: [GC (Allocation Failure) [PSYoungGen: 68448K->1392K(69120K)] 370660K->303604K(744448K), 0.0028612 secs] [Times: user=0.01 sys=0.00, real=0.00 secs] 
318.114: [GC (Allocation Failure) [PSYoungGen: 68464K->1408K(69120K)] 370676K->303620K(744448K), 0.0018466 secs] [Times: user=0.01 sys=0.00, real=0.00 secs] 
318.409: [GC (Allocation Failure) [PSYoungGen: 68480K->1376K(69120K)] 370692K->303588K(744448K), 0.0017338 secs] [Times: user=0.01 sys=0.00, real=0.01 secs] 
318.814: [GC (Allocation Failure) [PSYoungGen: 68421K->1584K(69120K)] 370633K->303796K(744448K), 0.0015405 secs] [Times: user=0.01 sys=0.00, real=0.00 secs] 
319.206: [GC (Allocation Failure) [PSYoungGen: 68656K->1584K(69120K)] 370868K->303796K(744448K), 0.0015296 secs] [Times: user=0.01 sys=0.00, real=0.00 secs] 
319.598: [GC (Allocation Failure) [PSYoungGen: 68656K->1584K(69120K)] 370868K->303796K(744448K), 0.0016680 secs] [Times: user=0.00 sys=0.00, real=0.00 secs] 
320.094: [GC (Allocation Failure) [PSYoungGen: 68656K->1504K(69120K)] 370868K->303724K(744448K), 0.0017708 secs] [Times: user=0.01 sys=0.00, real=0.00 secs] 
320.721: [GC (Allocation Failure) [PSYoungGen: 68576K->1408K(69120K)] 370796K->303628K(744448K), 0.0017941 secs] [Times: user=0.01 sys=0.00, real=0.00 secs] 
321.176: [GC (Allocation Failure) [PSYoungGen: 68480K->1408K(69120K)] 370700K->303628K(744448K), 0.0019449 secs] [Times: user=0.00 sys=0.00, real=0.00 secs] 
321.456: [GC (Allocation Failure) [PSYoungGen: 68480K->1392K(69120K)] 370700K->303612K(744448K), 0.0019090 secs] [Times: user=0.01 sys=0.00, real=0.00 secs] 
321.769: [GC (Allocation Failure) [PSYoungGen: 68464K->1440K(69120K)] 370684K->303668K(744448K), 0.0014360 secs] [Times: user=0.01 sys=0.00, real=0.01 secs] 
322.161: [GC (Allocation Failure) [PSYoungGen: 68512K->1565K(69120K)] 370740K->303793K(744448K), 0.0015119 secs] [Times: user=0.00 sys=0.00, real=0.00 secs] 
322.556: [GC (Allocation Failure) [PSYoungGen: 68637K->1565K(69120K)] 370865K->303793K(744448K), 0.0014943 secs] [Times: user=0.01 sys=0.00, real=0.00 secs] 
322.949: [GC (Allocation Failure) [PSYoungGen: 68637K->1565K(69120K)] 370865K->303809K(744448K), 0.0014673 secs] [Times: user=0.00 sys=0.00, real=0.01 secs] 
323.509: [GC (Allocation Failure) [PSYoungGen: 68637K->1472K(69120K)] 370881K->303716K(744448K), 0.0020201 secs] [Times: user=0.01 sys=0.00, real=0.01 secs] 
324.126: [GC (Allocation Failure) [PSYoungGen: 68544K->1392K(69120K)] 370788K->303636K(744448K), 0.0018213 secs] [Times: user=0.00 sys=0.00, real=0.00 secs] 
324.721: [GC (Allocation Failure) [PSYoungGen: 68464K->1408K(69120K)] 370708K->303652K(744448K), 0.0019153 secs] [Times: user=0.01 sys=0.00, real=0.00 secs] 
325.503: [GC (Allocation Failure) [PSYoungGen: 68480K->1376K(69120K)] 370724K->303636K(744448K), 0.0032513 secs] [Times: user=0.02 sys=0.00, real=0.00 secs] 
326.306: [GC (Allocation Failure) [PSYoungGen: 68448K->1501K(69120K)] 370708K->303761K(744448K), 0.0017097 secs] [Times: user=0.01 sys=0.00, real=0.00 secs] 
326.704: [GC (Allocation Failure) [PSYoungGen: 68573K->1552K(69120K)] 370833K->303812K(744448K), 0.0015991 secs] [Times: user=0.00 sys=0.00, real=0.00 secs] 
327.101: [GC (Allocation Failure) [PSYoungGen: 68624K->1552K(69120K)] 370884K->303812K(744448K), 0.0015811 secs] [Times: user=0.01 sys=0.00, real=0.00 secs] 
327.493: [GC (Allocation Failure) [PSYoungGen: 68624K->1565K(69120K)] 370884K->303841K(744448K), 0.0016339 secs] [Times: user=0.01 sys=0.00, real=0.00 secs] 
328.834: [GC (Allocation Failure) [PSYoungGen: 68637K->1456K(69120K)] 370913K->303732K(744448K), 0.0033659 secs] [Times: user=0.01 sys=0.00, real=0.00 secs] 
329.573: [GC (Allocation Failure) [PSYoungGen: 68528K->1376K(69120K)] 370804K->303652K(744448K), 0.0025917 secs] [Times: user=0.00 sys=0.00, real=0.00 secs] 
330.192: [GC (Allocation Failure) [PSYoungGen: 68448K->1408K(69120K)] 370724K->303684K(744448K), 0.0023687 secs] [Times: user=0.01 sys=0.00, real=0.00 secs] 
330.722: [GC (Allocation Failure) [PSYoungGen: 68480K->1408K(69120K)] 370756K->303684K(744448K), 0.0021271 secs] [Times: user=0.00 sys=0.00, real=0.00 secs] 
331.255: [GC (Allocation Failure) [PSYoungGen: 68480K->1536K(69120K)] 370756K->303812K(744448K), 0.0015507 secs] [Times: user=0.00 sys=0.00, real=0.00 secs] 
331.646: [GC (Allocation Failure) [PSYoungGen: 68608K->1552K(69120K)] 370884K->303828K(744448K), 0.0015289 secs] [Times: user=0.00 sys=0.00, real=0.00 secs] 
332.041: [GC (Allocation Failure) [PSYoungGen: 68624K->1568K(69120K)] 370900K->303844K(744448K), 0.0015486 secs] [Times: user=0.00 sys=0.00, real=0.00 secs] 
332.495: [GC (Allocation Failure) [PSYoungGen: 68640K->1565K(69120K)] 370916K->303857K(744448K), 0.0017224 secs] [Times: user=0.01 sys=0.00, real=0.00 secs] 
332.828: [GC (Allocation Failure) [PSYoungGen: 68637K->1408K(69120K)] 370929K->303700K(744448K), 0.0019061 secs] [Times: user=0.01 sys=0.00, real=0.00 secs] 
333.107: [GC (Allocation Failure) [PSYoungGen: 68480K->1360K(69120K)] 370772K->303668K(744448K), 0.0018612 secs] [Times: user=0.01 sys=0.00, real=0.00 secs] 
333.385: [GC (Allocation Failure) [PSYoungGen: 68432K->1408K(69120K)] 370740K->303716K(744448K), 0.0018281 secs] [Times: user=0.01 sys=0.00, real=0.00 secs] 
333.789: [GC (Allocation Failure) [PSYoungGen: 68480K->1376K(69120K)] 370788K->303684K(744448K), 0.0017268 secs] [Times: user=0.00 sys=0.00, real=0.01 secs] 
334.215: [GC (Allocation Failure) [PSYoungGen: 68448K->1501K(69120K)] 370756K->303809K(744448K), 0.0015889 secs] [Times: user=0.00 sys=0.00, real=0.00 secs] 
334.611: [GC (Allocation Failure) [PSYoungGen: 68573K->1616K(69120K)] 370881K->303924K(744448K), 0.0016837 secs] [Times: user=0.01 sys=0.00, real=0.00 secs] 
335.004: [GC (Allocation Failure) [PSYoungGen: 68688K->1568K(69120K)] 370996K->303876K(744448K), 0.0017800 secs] [Times: user=0.01 sys=0.00, real=0.00 secs] 
335.396: [GC (Allocation Failure) [PSYoungGen: 68640K->1584K(69120K)] 370948K->303924K(744448K), 0.0016290 secs] [Times: user=0.01 sys=0.00, real=0.00 secs] 
335.918: [GC (Allocation Failure) [PSYoungGen: 68656K->1440K(69120K)] 370996K->303780K(744448K), 0.0016520 secs] [Times: user=0.00 sys=0.00, real=0.00 secs] 
336.397: [GC (Allocation Failure) [PSYoungGen: 68512K->1376K(69120K)] 370852K->303716K(744448K), 0.0020896 secs] [Times: user=0.01 sys=0.00, real=0.00 secs] 
336.913: [GC (Allocation Failure) [PSYoungGen: 68448K->1360K(69120K)] 370788K->303700K(744448K), 0.0021482 secs] [Times: user=0.00 sys=0.00, real=0.00 secs] 
337.437: [GC (Allocation Failure) [PSYoungGen: 68432K->1376K(69120K)] 370772K->303716K(744448K), 0.0024744 secs] [Times: user=0.01 sys=0.00, real=0.00 secs] 
338.027: [GC (Allocation Failure) [PSYoungGen: 68448K->1533K(69120K)] 370788K->303873K(744448K), 0.0016762 secs] [Times: user=0.01 sys=0.00, real=0.00 secs] 
338.419: [GC (Allocation Failure) [PSYoungGen: 68588K->1565K(69120K)] 370928K->303905K(744448K), 0.0016267 secs] [Times: user=0.01 sys=0.00, real=0.01 secs] 
338.812: [GC (Allocation Failure) [PSYoungGen: 68637K->1552K(69120K)] 370977K->303892K(744448K), 0.0014395 secs] [Times: user=0.01 sys=0.00, real=0.00 secs] 
339.226: [GC (Allocation Failure) [PSYoungGen: 68624K->1520K(69120K)] 370964K->303860K(744448K), 0.0017064 secs] [Times: user=0.01 sys=0.00, real=0.00 secs] 
339.534: [GC (Allocation Failure) [PSYoungGen: 68592K->1408K(69120K)] 370932K->303748K(744448K), 0.0015588 secs] [Times: user=0.00 sys=0.00, real=0.00 secs] 
339.826: [GC (Allocation Failure) [PSYoungGen: 68480K->1408K(69120K)] 370820K->303748K(744448K), 0.0016688 secs] [Times: user=0.01 sys=0.00, real=0.00 secs] 
340.105: [GC (Allocation Failure) [PSYoungGen: 68480K->1408K(69120K)] 370820K->303748K(744448K), 0.0015971 secs] [Times: user=0.01 sys=0.00, real=0.00 secs] 
340.487: [GC (Allocation Failure) [PSYoungGen: 68480K->1408K(69120K)] 370820K->303748K(744448K), 0.0018046 secs] [Times: user=0.00 sys=0.00, real=0.00 secs] 
340.917: [GC (Allocation Failure) [PSYoungGen: 68480K->1584K(69120K)] 370820K->303924K(744448K), 0.0016077 secs] [Times: user=0.01 sys=0.00, real=0.00 secs] 
341.313: [GC (Allocation Failure) [PSYoungGen: 68656K->1584K(69120K)] 370996K->303924K(744448K), 0.0017361 secs] [Times: user=0.01 sys=0.00, real=0.00 secs] 
341.706: [GC (Allocation Failure) [PSYoungGen: 68656K->1565K(69120K)] 370996K->303905K(744448K), 0.0016174 secs] [Times: user=0.01 sys=0.00, real=0.00 secs] 
342.067: [GC (Allocation Failure) [PSYoungGen: 68637K->1472K(69120K)] 370977K->303820K(744448K), 0.0016926 secs] [Times: user=0.01 sys=0.01, real=0.00 secs] 
342.544: [GC (Allocation Failure) [PSYoungGen: 68544K->1408K(69120K)] 370892K->303756K(744448K), 0.0018669 secs] [Times: user=0.01 sys=0.00, real=0.00 secs] 
343.128: [GC (Allocation Failure) [PSYoungGen: 68480K->1408K(69120K)] 370828K->303756K(744448K), 0.0028717 secs] [Times: user=0.01 sys=0.00, real=0.01 secs] 
343.954: [GC (Allocation Failure) [PSYoungGen: 68480K->1376K(69120K)] 370828K->303724K(744448K), 0.0027605 secs] [Times: user=0.01 sys=0.00, real=0.00 secs] 
344.847: [GC (Allocation Failure) [PSYoungGen: 68448K->1469K(69120K)] 370796K->303817K(744448K), 0.0021219 secs] [Times: user=0.01 sys=0.00, real=0.00 secs] 
345.278: [GC (Allocation Failure) [PSYoungGen: 68541K->1533K(69120K)] 370889K->303913K(744448K), 0.0016237 secs] [Times: user=0.00 sys=0.00, real=0.00 secs] 
345.672: [GC (Allocation Failure) [PSYoungGen: 68605K->1648K(69120K)] 370985K->304028K(744448K), 0.0014740 secs] [Times: user=0.01 sys=0.00, real=0.00 secs] 
346.063: [GC (Allocation Failure) [PSYoungGen: 68720K->1584K(69120K)] 371100K->303980K(744448K), 0.0015256 secs] [Times: user=0.01 sys=0.00, real=0.00 secs] 
346.671: [GC (Allocation Failure) [PSYoungGen: 68656K->1456K(69120K)] 371052K->303852K(744448K), 0.0039499 secs] [Times: user=0.02 sys=0.00, real=0.00 secs] 
347.185: [GC (Allocation Failure) [PSYoungGen: 68528K->1376K(69120K)] 370924K->303772K(744448K), 0.0024566 secs] [Times: user=0.01 sys=0.00, real=0.00 secs] 
347.746: [GC (Allocation Failure) [PSYoungGen: 68448K->1408K(69120K)] 370844K->303804K(744448K), 0.0023650 secs] [Times: user=0.01 sys=0.00, real=0.00 secs] 
348.320: [GC (Allocation Failure) [PSYoungGen: 68480K->1408K(69120K)] 370876K->303804K(744448K), 0.0022762 secs] [Times: user=0.01 sys=0.00, real=0.00 secs] 
348.950: [GC (Allocation Failure) [PSYoungGen: 68480K->1565K(69120K)] 370876K->303961K(744448K), 0.0015736 secs] [Times: user=0.01 sys=0.00, real=0.01 secs] 
349.342: [GC (Allocation Failure) [PSYoungGen: 68637K->1552K(69120K)] 371033K->303948K(744448K), 0.0015118 secs] [Times: user=0.01 sys=0.00, real=0.00 secs] 
349.733: [GC (Allocation Failure) [PSYoungGen: 68624K->1616K(69120K)] 371020K->304012K(744448K), 0.0016078 secs] [Times: user=0.00 sys=0.00, real=0.00 secs] 
350.125: [GC (Allocation Failure) [PSYoungGen: 68688K->1584K(69120K)] 371084K->303996K(744448K), 0.0014621 secs] [Times: user=0.01 sys=0.00, real=0.00 secs] 
350.682: [GC (Allocation Failure) [PSYoungGen: 68656K->1408K(69120K)] 371068K->303820K(744448K), 0.0017968 secs] [Times: user=0.00 sys=0.00, real=0.00 secs] 
351.527: [GC (Allocation Failure) [PSYoungGen: 68480K->1376K(69120K)] 370892K->303788K(744448K), 0.0019515 secs] [Times: user=0.01 sys=0.00, real=0.00 secs] 
352.315: [GC (Allocation Failure) [PSYoungGen: 68448K->1408K(69120K)] 370860K->303820K(744448K), 0.0035088 secs] [Times: user=0.01 sys=0.00, real=0.00 secs] 
352.937: [GC (Allocation Failure) [PSYoungGen: 68480K->1344K(69120K)] 370892K->303756K(744448K), 0.0024330 secs] [Times: user=0.01 sys=0.00, real=0.00 secs] 
353.637: [GC (Allocation Failure) [PSYoungGen: 68416K->1533K(69120K)] 370828K->303945K(744448K), 0.0014640 secs] [Times: user=0.01 sys=0.00, real=0.00 secs] 
354.030: [GC (Allocation Failure) [PSYoungGen: 68605K->1485K(69120K)] 371017K->303897K(744448K), 0.0014948 secs] [Times: user=0.01 sys=0.00, real=0.00 secs] 
354.432: [GC (Allocation Failure) [PSYoungGen: 68557K->1565K(69120K)] 370969K->303977K(744448K), 0.0016124 secs] [Times: user=0.01 sys=0.00, real=0.00 secs] 
354.825: [GC (Allocation Failure) [PSYoungGen: 68637K->1584K(69120K)] 371049K->304012K(744448K), 0.0016249 secs] [Times: user=0.00 sys=0.00, real=0.00 secs] 
355.240: [GC (Allocation Failure) [PSYoungGen: 68656K->1424K(69120K)] 371084K->303860K(744448K), 0.0017288 secs] [Times: user=0.00 sys=0.00, real=0.01 secs] 
355.576: [GC (Allocation Failure) [PSYoungGen: 68496K->1392K(69120K)] 370932K->303828K(744448K), 0.0017595 secs] [Times: user=0.01 sys=0.00, real=0.00 secs] 
356.068: [GC (Allocation Failure) [PSYoungGen: 68464K->1376K(69120K)] 370900K->303828K(744448K), 0.0018386 secs] [Times: user=0.00 sys=0.00, real=0.01 secs] 
356.608: [GC (Allocation Failure) [PSYoungGen: 68448K->1408K(69120K)] 370900K->303860K(744448K), 0.0022268 secs] [Times: user=0.01 sys=0.00, real=0.01 secs] 
357.358: [GC (Allocation Failure) [PSYoungGen: 68480K->1533K(69120K)] 370932K->303985K(744448K), 0.0016306 secs] [Times: user=0.01 sys=0.00, real=0.00 secs] 
357.749: [GC (Allocation Failure) [PSYoungGen: 68605K->1597K(69120K)] 371057K->304049K(744448K), 0.0016415 secs] [Times: user=0.01 sys=0.00, real=0.01 secs] 
358.140: [GC (Allocation Failure) [PSYoungGen: 68669K->1584K(69120K)] 371121K->304036K(744448K), 0.0015971 secs] [Times: user=0.00 sys=0.00, real=0.00 secs] 
358.611: [GC (Allocation Failure) [PSYoungGen: 68656K->1808K(69120K)] 371108K->304260K(744448K), 0.0017731 secs] [Times: user=0.01 sys=0.01, real=0.00 secs] 
358.889: [GC (Allocation Failure) [PSYoungGen: 68880K->1392K(69120K)] 371332K->303844K(744448K), 0.0017342 secs] [Times: user=0.01 sys=0.00, real=0.01 secs] 
359.167: [GC (Allocation Failure) [PSYoungGen: 68464K->1392K(69120K)] 370916K->303844K(744448K), 0.0018899 secs] [Times: user=0.01 sys=0.00, real=0.00 secs] 
359.543: [GC (Allocation Failure) [PSYoungGen: 68464K->1376K(69120K)] 370916K->303828K(744448K), 0.0018820 secs] [Times: user=0.01 sys=0.00, real=0.00 secs] 
360.015: [GC (Allocation Failure) [PSYoungGen: 68448K->1408K(69120K)] 370900K->303860K(744448K), 0.0029214 secs] [Times: user=0.01 sys=0.00, real=0.00 secs] 
360.562: [GC (Allocation Failure) [PSYoungGen: 68480K->1536K(69120K)] 370932K->303988K(744448K), 0.0016214 secs] [Times: user=0.01 sys=0.00, real=0.00 secs] 
360.955: [GC (Allocation Failure) [PSYoungGen: 68608K->1552K(69120K)] 371060K->304004K(744448K), 0.0016146 secs] [Times: user=0.00 sys=0.00, real=0.00 secs] 
361.346: [GC (Allocation Failure) [PSYoungGen: 68624K->1597K(69120K)] 371076K->304049K(744448K), 0.0015077 secs] [Times: user=0.01 sys=0.00, real=0.00 secs] 
361.735: [GC (Allocation Failure) [PSYoungGen: 68669K->1472K(69120K)] 371121K->303932K(744448K), 0.0019317 secs] [Times: user=0.01 sys=0.00, real=0.00 secs] 
362.015: [GC (Allocation Failure) [PSYoungGen: 68544K->1392K(69120K)] 371004K->303852K(744448K), 0.0021022 secs] [Times: user=0.01 sys=0.00, real=0.00 secs] 
362.381: [GC (Allocation Failure) [PSYoungGen: 68464K->1376K(69120K)] 370924K->303836K(744448K), 0.0020110 secs] [Times: user=0.01 sys=0.00, real=0.00 secs] 
362.907: [GC (Allocation Failure) [PSYoungGen: 68448K->1408K(69120K)] 370908K->303868K(744448K), 0.0018312 secs] [Times: user=0.01 sys=0.00, real=0.00 secs] 
363.568: [GC (Allocation Failure) [PSYoungGen: 68480K->1469K(69120K)] 370940K->303929K(744448K), 0.0020519 secs] [Times: user=0.00 sys=0.00, real=0.00 secs] 
364.062: [GC (Allocation Failure) [PSYoungGen: 68541K->1616K(69120K)] 371001K->304076K(744448K), 0.0017869 secs] [Times: user=0.01 sys=0.00, real=0.00 secs] 
364.464: [GC (Allocation Failure) [PSYoungGen: 68688K->1552K(69120K)] 371148K->304012K(744448K), 0.0017619 secs] [Times: user=0.00 sys=0.00, real=0.00 secs] 
364.857: [GC (Allocation Failure) [PSYoungGen: 68624K->1488K(69120K)] 371084K->303964K(744448K), 0.0016279 secs] [Times: user=0.00 sys=0.00, real=0.00 secs] 
365.264: [GC (Allocation Failure) [PSYoungGen: 68560K->1520K(69120K)] 371036K->304004K(744448K), 0.0022076 secs] [Times: user=0.00 sys=0.00, real=0.00 secs] 
365.555: [GC (Allocation Failure) [PSYoungGen: 68592K->1440K(69120K)] 371076K->303924K(744448K), 0.0019009 secs] [Times: user=0.00 sys=0.00, real=0.00 secs] 
365.889: [GC (Allocation Failure) [PSYoungGen: 68512K->1408K(69120K)] 370996K->303892K(744448K), 0.0018296 secs] [Times: user=0.01 sys=0.00, real=0.01 secs] 
366.226: [GC (Allocation Failure) [PSYoungGen: 68480K->1376K(69120K)] 370964K->303860K(744448K), 0.0016756 secs] [Times: user=0.01 sys=0.00, real=0.00 secs] 
366.561: [GC (Allocation Failure) [PSYoungGen: 68448K->1469K(69120K)] 370932K->303953K(744448K), 0.0015486 secs] [Times: user=0.01 sys=0.00, real=0.00 secs] 
366.952: [GC (Allocation Failure) [PSYoungGen: 68541K->1552K(69120K)] 371025K->304036K(744448K), 0.0015616 secs] [Times: user=0.01 sys=0.00, real=0.00 secs] 
367.350: [GC (Allocation Failure) [PSYoungGen: 68624K->1565K(69120K)] 371108K->304065K(744448K), 0.0015948 secs] [Times: user=0.00 sys=0.00, real=0.01 secs] 
367.742: [GC (Allocation Failure) [PSYoungGen: 68637K->1584K(69120K)] 371137K->304092K(744448K), 0.0016204 secs] [Times: user=0.00 sys=0.00, real=0.00 secs] 
368.188: [GC (Allocation Failure) [PSYoungGen: 68656K->1424K(69120K)] 371164K->303932K(744448K), 0.0018383 secs] [Times: user=0.01 sys=0.00, real=0.00 secs] 
368.467: [GC (Allocation Failure) [PSYoungGen: 68496K->1376K(69120K)] 371004K->303884K(744448K), 0.0017983 secs] [Times: user=0.01 sys=0.00, real=0.00 secs] 
368.748: [GC (Allocation Failure) [PSYoungGen: 68448K->1376K(69120K)] 370956K->303884K(744448K), 0.0018018 secs] [Times: user=0.01 sys=0.00, real=0.00 secs] 
369.075: [GC (Allocation Failure) [PSYoungGen: 68448K->1440K(69120K)] 370956K->303948K(744448K), 0.0024416 secs] [Times: user=0.01 sys=0.00, real=0.00 secs] 
369.521: [GC (Allocation Failure) [PSYoungGen: 68512K->1485K(69120K)] 371020K->303993K(744448K), 0.0017022 secs] [Times: user=0.01 sys=0.00, real=0.00 secs] 
369.974: [GC (Allocation Failure) [PSYoungGen: 68557K->1584K(69120K)] 371065K->304092K(744448K), 0.0017459 secs] [Times: user=0.01 sys=0.00, real=0.00 secs] 
370.366: [GC (Allocation Failure) [PSYoungGen: 68656K->1597K(69120K)] 371164K->304105K(744448K), 0.0016390 secs] [Times: user=0.00 sys=0.00, real=0.00 secs] 
370.757: [GC (Allocation Failure) [PSYoungGen: 68669K->1552K(69120K)] 371177K->304084K(744448K), 0.0016622 secs] [Times: user=0.00 sys=0.00, real=0.00 secs] 
371.097: [GC (Allocation Failure) [PSYoungGen: 68624K->1440K(69120K)] 371156K->303980K(744448K), 0.0020365 secs] [Times: user=0.01 sys=0.00, real=0.00 secs] 
371.375: [GC (Allocation Failure) [PSYoungGen: 68512K->1440K(69120K)] 371052K->303980K(744448K), 0.0018232 secs] [Times: user=0.01 sys=0.00, real=0.00 secs] 
371.673: [GC (Allocation Failure) [PSYoungGen: 68512K->1344K(69120K)] 371052K->303884K(744448K), 0.0017086 secs] [Times: user=0.01 sys=0.00, real=0.00 secs] 
371.951: [GC (Allocation Failure) [PSYoungGen: 68416K->1328K(69120K)] 370956K->303868K(744448K), 0.0017596 secs] [Times: user=0.01 sys=0.00, real=0.00 secs] 
372.318: [GC (Allocation Failure) [PSYoungGen: 68400K->1504K(69120K)] 370940K->304044K(744448K), 0.0016034 secs] [Times: user=0.01 sys=0.00, real=0.00 secs] 
372.709: [GC (Allocation Failure) [PSYoungGen: 68576K->1488K(69120K)] 371116K->304028K(744448K), 0.0016301 secs] [Times: user=0.01 sys=0.00, real=0.01 secs] 
373.100: [GC (Allocation Failure) [PSYoungGen: 68560K->1565K(69120K)] 371100K->304113K(744448K), 0.0016079 secs] [Times: user=0.00 sys=0.00, real=0.00 secs] 
373.492: [GC (Allocation Failure) [PSYoungGen: 68637K->1584K(69120K)] 371185K->304156K(744448K), 0.0015302 secs] [Times: user=0.00 sys=0.00, real=0.00 secs] 
373.785: [GC (Allocation Failure) [PSYoungGen: 68656K->1408K(69120K)] 371228K->303980K(744448K), 0.0016049 secs] [Times: user=0.01 sys=0.00, real=0.00 secs] 
374.064: [GC (Allocation Failure) [PSYoungGen: 68480K->1408K(69120K)] 371052K->303980K(744448K), 0.0015794 secs] [Times: user=0.01 sys=0.00, real=0.00 secs] 
374.342: [GC (Allocation Failure) [PSYoungGen: 68480K->1344K(69120K)] 371052K->303916K(744448K), 0.0015820 secs] [Times: user=0.01 sys=0.00, real=0.00 secs] 
374.676: [GC (Allocation Failure) [PSYoungGen: 68416K->1408K(69120K)] 370988K->303988K(744448K), 0.0015005 secs] [Times: user=0.01 sys=0.00, real=0.00 secs] 
375.099: [GC (Allocation Failure) [PSYoungGen: 68480K->1520K(69120K)] 371060K->304100K(744448K), 0.0015939 secs] [Times: user=0.01 sys=0.00, real=0.01 secs] 
375.490: [GC (Allocation Failure) [PSYoungGen: 68592K->1501K(69120K)] 371172K->304081K(744448K), 0.0016236 secs] [Times: user=0.00 sys=0.00, real=0.00 secs] 
375.883: [GC (Allocation Failure) [PSYoungGen: 68573K->1552K(69120K)] 371153K->304132K(744448K), 0.0016268 secs] [Times: user=0.01 sys=0.01, real=0.00 secs] 
376.315: [GC (Allocation Failure) [PSYoungGen: 68624K->1504K(69120K)] 371204K->304092K(744448K), 0.0018236 secs] [Times: user=0.01 sys=0.00, real=0.00 secs] 
376.639: [GC (Allocation Failure) [PSYoungGen: 68576K->1344K(69120K)] 371164K->303932K(744448K), 0.0016938 secs] [Times: user=0.00 sys=0.00, real=0.01 secs] 
376.919: [GC (Allocation Failure) [PSYoungGen: 68416K->1408K(69120K)] 371004K->303996K(744448K), 0.0019454 secs] [Times: user=0.01 sys=0.00, real=0.01 secs] 
377.251: [GC (Allocation Failure) [PSYoungGen: 68480K->1376K(69120K)] 371068K->303964K(744448K), 0.0021025 secs] [Times: user=0.01 sys=0.00, real=0.00 secs] 
377.533: [GC (Allocation Failure) [PSYoungGen: 68448K->1408K(69120K)] 371036K->303996K(744448K), 0.0019380 secs] [Times: user=0.01 sys=0.00, real=0.00 secs] 
378.007: [GC (Allocation Failure) [PSYoungGen: 68480K->1584K(69120K)] 371068K->304172K(744448K), 0.0014965 secs] [Times: user=0.01 sys=0.00, real=0.00 secs] 
378.402: [GC (Allocation Failure) [PSYoungGen: 68656K->1565K(69120K)] 371244K->304153K(744448K), 0.0015767 secs] [Times: user=0.00 sys=0.00, real=0.00 secs] 
378.794: [GC (Allocation Failure) [PSYoungGen: 68637K->1565K(69120K)] 371225K->304153K(744448K), 0.0016381 secs] [Times: user=0.01 sys=0.00, real=0.00 secs] 
379.177: [GC (Allocation Failure) [PSYoungGen: 68637K->1456K(69120K)] 371225K->304044K(744448K), 0.0019202 secs] [Times: user=0.00 sys=0.00, real=0.00 secs] 
379.456: [GC (Allocation Failure) [PSYoungGen: 68528K->1408K(69120K)] 371116K->303996K(744448K), 0.0016257 secs] [Times: user=0.01 sys=0.00, real=0.00 secs] 
379.734: [GC (Allocation Failure) [PSYoungGen: 68480K->1376K(69120K)] 371068K->303964K(744448K), 0.0017141 secs] [Times: user=0.01 sys=0.00, real=0.00 secs] 
380.013: [GC (Allocation Failure) [PSYoungGen: 68448K->1440K(69120K)] 371036K->304028K(744448K), 0.0022170 secs] [Times: user=0.01 sys=0.00, real=0.00 secs] 
380.360: [GC (Allocation Failure) [PSYoungGen: 68512K->1485K(69120K)] 371100K->304073K(744448K), 0.0015367 secs] [Times: user=0.00 sys=0.00, real=0.00 secs] 
380.751: [GC (Allocation Failure) [PSYoungGen: 68557K->1520K(69120K)] 371145K->304108K(744448K), 0.0016067 secs] [Times: user=0.00 sys=0.00, real=0.00 secs] 
381.143: [GC (Allocation Failure) [PSYoungGen: 68592K->1552K(69120K)] 371180K->304140K(744448K), 0.0015539 secs] [Times: user=0.01 sys=0.00, real=0.00 secs] 
381.535: [GC (Allocation Failure) [PSYoungGen: 68624K->1600K(69120K)] 371212K->304204K(744448K), 0.0015528 secs] [Times: user=0.01 sys=0.00, real=0.00 secs] 
382.325: [GC (Allocation Failure) [PSYoungGen: 68672K->1440K(69120K)] 371276K->304052K(744448K), 0.0019087 secs] [Times: user=0.01 sys=0.00, real=0.00 secs] 
383.115: [GC (Allocation Failure) [PSYoungGen: 68512K->1376K(69120K)] 371124K->303988K(744448K), 0.0020729 secs] [Times: user=0.01 sys=0.00, real=0.00 secs] 
383.909: [GC (Allocation Failure) [PSYoungGen: 68448K->1408K(69120K)] 371060K->304020K(744448K), 0.0019324 secs] [Times: user=0.01 sys=0.00, real=0.01 secs] 
384.614: [GC (Allocation Failure) [PSYoungGen: 68480K->1392K(69120K)] 371092K->304004K(744448K), 0.0024327 secs] [Times: user=0.01 sys=0.00, real=0.00 secs] 
385.413: [GC (Allocation Failure) [PSYoungGen: 68464K->1421K(69120K)] 371076K->304041K(744448K), 0.0016548 secs] [Times: user=0.00 sys=0.00, real=0.00 secs] 
385.804: [GC (Allocation Failure) [PSYoungGen: 68493K->1568K(69120K)] 371113K->304204K(744448K), 0.0016297 secs] [Times: user=0.01 sys=0.00, real=0.00 secs] 
386.195: [GC (Allocation Failure) [PSYoungGen: 68640K->1565K(69120K)] 371276K->304201K(744448K), 0.0016022 secs] [Times: user=0.01 sys=0.00, real=0.00 secs] 
386.587: [GC (Allocation Failure) [PSYoungGen: 68637K->1533K(69120K)] 371273K->304185K(744448K), 0.0015570 secs] [Times: user=0.01 sys=0.00, real=0.00 secs] 
386.898: [GC (Allocation Failure) [PSYoungGen: 68605K->1408K(69120K)] 371257K->304060K(744448K), 0.0015858 secs] [Times: user=0.01 sys=0.00, real=0.00 secs] 
387.177: [GC (Allocation Failure) [PSYoungGen: 68480K->1376K(69120K)] 371132K->304028K(744448K), 0.0014971 secs] [Times: user=0.00 sys=0.00, real=0.00 secs] 
387.517: [GC (Allocation Failure) [PSYoungGen: 68448K->1376K(69120K)] 371100K->304028K(744448K), 0.0017042 secs] [Times: user=0.01 sys=0.00, real=0.00 secs] 
387.796: [GC (Allocation Failure) [PSYoungGen: 68448K->1344K(69120K)] 371100K->303996K(744448K), 0.0017401 secs] [Times: user=0.01 sys=0.00, real=0.00 secs] 
388.172: [GC (Allocation Failure) [PSYoungGen: 68416K->1501K(69120K)] 371068K->304153K(744448K), 0.0015849 secs] [Times: user=0.01 sys=0.00, real=0.00 secs] 
388.564: [GC (Allocation Failure) [PSYoungGen: 68573K->1600K(69120K)] 371225K->304252K(744448K), 0.0016174 secs] [Times: user=0.00 sys=0.00, real=0.00 secs] 
388.957: [GC (Allocation Failure) [PSYoungGen: 68672K->1597K(69120K)] 371324K->304249K(744448K), 0.0016510 secs] [Times: user=0.01 sys=0.00, real=0.00 secs] 
389.349: [GC (Allocation Failure) [PSYoungGen: 68669K->1584K(69120K)] 371321K->304268K(744448K), 0.0015172 secs] [Times: user=0.00 sys=0.00, real=0.01 secs] 
389.855: [GC (Allocation Failure) [PSYoungGen: 68656K->1424K(69120K)] 371340K->304108K(744448K), 0.0017933 secs] [Times: user=0.01 sys=0.00, real=0.00 secs] 
390.157: [GC (Allocation Failure) [PSYoungGen: 68496K->1376K(69120K)] 371180K->304060K(744448K), 0.0025739 secs] [Times: user=0.01 sys=0.00, real=0.00 secs] 
390.593: [GC (Allocation Failure) [PSYoungGen: 68448K->1408K(69120K)] 371132K->304092K(744448K), 0.0019482 secs] [Times: user=0.01 sys=0.00, real=0.00 secs] 
390.872: [GC (Allocation Failure) [PSYoungGen: 68480K->1344K(69120K)] 371164K->304028K(744448K), 0.0018676 secs] [Times: user=0.01 sys=0.00, real=0.00 secs] 
391.360: [GC (Allocation Failure) [PSYoungGen: 68416K->1488K(69120K)] 371100K->304172K(744448K), 0.0017110 secs] [Times: user=0.01 sys=0.00, real=0.01 secs] 
391.752: [GC (Allocation Failure) [PSYoungGen: 68560K->1552K(69120K)] 371244K->304236K(744448K), 0.0016467 secs] [Times: user=0.01 sys=0.00, real=0.00 secs] 
392.144: [GC (Allocation Failure) [PSYoungGen: 68624K->1565K(69120K)] 371308K->304249K(744448K), 0.0015627 secs] [Times: user=0.01 sys=0.00, real=0.00 secs] 
392.723: [GC (Allocation Failure) [PSYoungGen: 68637K->1792K(69120K)] 371321K->304484K(744448K), 0.0020271 secs] [Times: user=0.01 sys=0.00, real=0.00 secs] 
393.376: [GC (Allocation Failure) [PSYoungGen: 68864K->1408K(69120K)] 371556K->304100K(744448K), 0.0029353 secs] [Times: user=0.01 sys=0.00, real=0.00 secs] 
393.990: [GC (Allocation Failure) [PSYoungGen: 68480K->1408K(69120K)] 371172K->304100K(744448K), 0.0024240 secs] [Times: user=0.01 sys=0.00, real=0.01 secs] 
394.536: [GC (Allocation Failure) [PSYoungGen: 68480K->1376K(69120K)] 371172K->304068K(744448K), 0.0020802 secs] [Times: user=0.01 sys=0.00, real=0.00 secs] 
394.913: [GC (Allocation Failure) [PSYoungGen: 68448K->1408K(69120K)] 371140K->304116K(744448K), 0.0017036 secs] [Times: user=0.00 sys=0.00, real=0.00 secs] 
395.543: [GC (Allocation Failure) [PSYoungGen: 68480K->1536K(69120K)] 371188K->304244K(744448K), 0.0015820 secs] [Times: user=0.01 sys=0.00, real=0.00 secs] 
395.934: [GC (Allocation Failure) [PSYoungGen: 68608K->1533K(69120K)] 371316K->304241K(744448K), 0.0015625 secs] [Times: user=0.01 sys=0.00, real=0.00 secs] 
396.326: [GC (Allocation Failure) [PSYoungGen: 68605K->1600K(69120K)] 371313K->304308K(744448K), 0.0016349 secs] [Times: user=0.01 sys=0.00, real=0.00 secs] 
396.799: [GC (Allocation Failure) [PSYoungGen: 68672K->1440K(69120K)] 371380K->304164K(744448K), 0.0017277 secs] [Times: user=0.01 sys=0.00, real=0.01 secs] 
397.366: [GC (Allocation Failure) [PSYoungGen: 68512K->1376K(69120K)] 371236K->304100K(744448K), 0.0018528 secs] [Times: user=0.00 sys=0.00, real=0.00 secs] 
397.644: [GC (Allocation Failure) [PSYoungGen: 68448K->1328K(69120K)] 371172K->304052K(744448K), 0.0018640 secs] [Times: user=0.00 sys=0.00, real=0.00 secs] 
398.151: [GC (Allocation Failure) [PSYoungGen: 68400K->1408K(69120K)] 371124K->304132K(744448K), 0.0019351 secs] [Times: user=0.01 sys=0.00, real=0.00 secs] 
398.728: [GC (Allocation Failure) [PSYoungGen: 68455K->1437K(69120K)] 371179K->304161K(744448K), 0.0018256 secs] [Times: user=0.00 sys=0.00, real=0.00 secs] 
399.218: [GC (Allocation Failure) [PSYoungGen: 68509K->1565K(69120K)] 371233K->304289K(744448K), 0.0016879 secs] [Times: user=0.01 sys=0.00, real=0.00 secs] 
399.609: [GC (Allocation Failure) [PSYoungGen: 68637K->1648K(69120K)] 371361K->304372K(744448K), 0.0017136 secs] [Times: user=0.00 sys=0.00, real=0.01 secs] 
400.001: [GC (Allocation Failure) [PSYoungGen: 68720K->1584K(69120K)] 371444K->304324K(744448K), 0.0016824 secs] [Times: user=0.01 sys=0.00, real=0.00 secs] 
400.461: [GC (Allocation Failure) [PSYoungGen: 68656K->1472K(69120K)] 371396K->304212K(744448K), 0.0027189 secs] [Times: user=0.01 sys=0.00, real=0.00 secs] 
400.923: [GC (Allocation Failure) [PSYoungGen: 68544K->1392K(69120K)] 371284K->304132K(744448K), 0.0019188 secs] [Times: user=0.00 sys=0.01, real=0.00 secs] 
401.202: [GC (Allocation Failure) [PSYoungGen: 68464K->1408K(69120K)] 371204K->304148K(744448K), 0.0018115 secs] [Times: user=0.01 sys=0.00, real=0.00 secs] 
401.719: [GC (Allocation Failure) [PSYoungGen: 68480K->1312K(69120K)] 371220K->304052K(744448K), 0.0017469 secs] [Times: user=0.01 sys=0.00, real=0.01 secs] 
402.255: [GC (Allocation Failure) [PSYoungGen: 68384K->1469K(69120K)] 371124K->304209K(744448K), 0.0014301 secs] [Times: user=0.01 sys=0.00, real=0.00 secs] 
402.650: [GC (Allocation Failure) [PSYoungGen: 68541K->1597K(69120K)] 371281K->304337K(744448K), 0.0016098 secs] [Times: user=0.00 sys=0.00, real=0.00 secs] 
403.053: [GC (Allocation Failure) [PSYoungGen: 68669K->1552K(69120K)] 371409K->304292K(744448K), 0.0017242 secs] [Times: user=0.01 sys=0.00, real=0.00 secs] 
403.445: [GC (Allocation Failure) [PSYoungGen: 68624K->1552K(69120K)] 371364K->304308K(744448K), 0.0016046 secs] [Times: user=0.01 sys=0.00, real=0.00 secs] 
403.958: [GC (Allocation Failure) [PSYoungGen: 68624K->1456K(69120K)] 371380K->304212K(744448K), 0.0020628 secs] [Times: user=0.01 sys=0.00, real=0.00 secs] 
404.256: [GC (Allocation Failure) [PSYoungGen: 68528K->1360K(69120K)] 371284K->304116K(744448K), 0.0017961 secs] [Times: user=0.01 sys=0.00, real=0.00 secs] 
404.580: [GC (Allocation Failure) [PSYoungGen: 68432K->1408K(69120K)] 371188K->304180K(744448K), 0.0017255 secs] [Times: user=0.01 sys=0.00, real=0.01 secs] 
404.863: [GC (Allocation Failure) [PSYoungGen: 68480K->1392K(69120K)] 371252K->304164K(744448K), 0.0019504 secs] [Times: user=0.01 sys=0.00, real=0.00 secs] 
405.275: [GC (Allocation Failure) [PSYoungGen: 68464K->1501K(69120K)] 371236K->304273K(744448K), 0.0013493 secs] [Times: user=0.01 sys=0.00, real=0.00 secs] 
405.676: [GC (Allocation Failure) [PSYoungGen: 68573K->1533K(69120K)] 371345K->304305K(744448K), 0.0015263 secs] [Times: user=0.01 sys=0.00, real=0.00 secs] 
406.068: [GC (Allocation Failure) [PSYoungGen: 68605K->1565K(69120K)] 371377K->304337K(744448K), 0.0016970 secs] [Times: user=0.01 sys=0.00, real=0.00 secs] 
406.514: [GC (Allocation Failure) [PSYoungGen: 68637K->1584K(69120K)] 371409K->304372K(744448K), 0.0015729 secs] [Times: user=0.01 sys=0.00, real=0.00 secs] 
407.107: [GC (Allocation Failure) [PSYoungGen: 68656K->1440K(69120K)] 371444K->304236K(744448K), 0.0022547 secs] [Times: user=0.00 sys=0.00, real=0.00 secs] 
407.615: [GC (Allocation Failure) [PSYoungGen: 68512K->1376K(69120K)] 371308K->304172K(744448K), 0.0020505 secs] [Times: user=0.01 sys=0.00, real=0.00 secs] 
408.123: [GC (Allocation Failure) [PSYoungGen: 68448K->1376K(69120K)] 371244K->304172K(744448K), 0.0019496 secs] [Times: user=0.01 sys=0.00, real=0.00 secs] 
408.811: [GC (Allocation Failure) [PSYoungGen: 68448K->1376K(69120K)] 371244K->304172K(744448K), 0.0027425 secs] [Times: user=0.01 sys=0.00, real=0.00 secs] 
409.462: [GC (Allocation Failure) [PSYoungGen: 68448K->1533K(69120K)] 371244K->304329K(744448K), 0.0015705 secs] [Times: user=0.01 sys=0.00, real=0.00 secs] 
409.856: [GC (Allocation Failure) [PSYoungGen: 68605K->1584K(69120K)] 371401K->304380K(744448K), 0.0015586 secs] [Times: user=0.00 sys=0.00, real=0.00 secs] 
410.247: [GC (Allocation Failure) [PSYoungGen: 68656K->1648K(69120K)] 371452K->304444K(744448K), 0.0015793 secs] [Times: user=0.00 sys=0.00, real=0.00 secs] 
410.639: [GC (Allocation Failure) [PSYoungGen: 68720K->1584K(69120K)] 371516K->304396K(744448K), 0.0015024 secs] [Times: user=0.00 sys=0.00, real=0.01 secs] 
410.937: [GC (Allocation Failure) [PSYoungGen: 68656K->1376K(69120K)] 371468K->304188K(744448K), 0.0015162 secs] [Times: user=0.01 sys=0.00, real=0.00 secs] 
411.215: [GC (Allocation Failure) [PSYoungGen: 68448K->1376K(69120K)] 371260K->304188K(744448K), 0.0019266 secs] [Times: user=0.01 sys=0.00, real=0.00 secs] 
411.494: [GC (Allocation Failure) [PSYoungGen: 68448K->1408K(69120K)] 371260K->304220K(744448K), 0.0019942 secs] [Times: user=0.01 sys=0.00, real=0.00 secs] 
411.777: [GC (Allocation Failure) [PSYoungGen: 68480K->1376K(69120K)] 371292K->304188K(744448K), 0.0024970 secs] [Times: user=0.01 sys=0.00, real=0.00 secs] 
412.204: [GC (Allocation Failure) [PSYoungGen: 68448K->1597K(69120K)] 371260K->304409K(744448K), 0.0016661 secs] [Times: user=0.01 sys=0.00, real=0.00 secs] 
412.600: [GC (Allocation Failure) [PSYoungGen: 68669K->1488K(69120K)] 371481K->304300K(744448K), 0.0015511 secs] [Times: user=0.00 sys=0.00, real=0.00 secs] 
413.055: [GC (Allocation Failure) [PSYoungGen: 68560K->1597K(69120K)] 371372K->304409K(744448K), 0.0016861 secs] [Times: user=0.01 sys=0.00, real=0.00 secs] 
413.528: [GC (Allocation Failure) [PSYoungGen: 68669K->1520K(69120K)] 371481K->304340K(744448K), 0.0021022 secs] [Times: user=0.01 sys=0.00, real=0.01 secs] 
414.363: [GC (Allocation Failure) [PSYoungGen: 68592K->1376K(69120K)] 371412K->304196K(744448K), 0.0033809 secs] [Times: user=0.01 sys=0.01, real=0.00 secs] 
414.763: [GC (Allocation Failure) [PSYoungGen: 68448K->1408K(69120K)] 371268K->304228K(744448K), 0.0021621 secs] [Times: user=0.00 sys=0.00, real=0.00 secs] 
415.043: [GC (Allocation Failure) [PSYoungGen: 68480K->1376K(69120K)] 371300K->304212K(744448K), 0.0020454 secs] [Times: user=0.01 sys=0.00, real=0.00 secs] 
415.321: [GC (Allocation Failure) [PSYoungGen: 68448K->1344K(69120K)] 371284K->304180K(744448K), 0.0018529 secs] [Times: user=0.01 sys=0.00, real=0.00 secs] 
415.758: [GC (Allocation Failure) [PSYoungGen: 68416K->1536K(69120K)] 371252K->304372K(744448K), 0.0015116 secs] [Times: user=0.01 sys=0.00, real=0.00 secs] 
416.156: [GC (Allocation Failure) [PSYoungGen: 68608K->1616K(69120K)] 371444K->304452K(744448K), 0.0014989 secs] [Times: user=0.01 sys=0.00, real=0.00 secs] 
416.549: [GC (Allocation Failure) [PSYoungGen: 68688K->1600K(69120K)] 371524K->304436K(744448K), 0.0016136 secs] [Times: user=0.00 sys=0.00, real=0.01 secs] 
417.105: [GC (Allocation Failure) [PSYoungGen: 68672K->1504K(69120K)] 371508K->304348K(744448K), 0.0018269 secs] [Times: user=0.01 sys=0.00, real=0.00 secs] 
418.090: [GC (Allocation Failure) [PSYoungGen: 68576K->1376K(69120K)] 371420K->304220K(744448K), 0.0026781 secs] [Times: user=0.01 sys=0.00, real=0.00 secs] 
418.895: [GC (Allocation Failure) [PSYoungGen: 68448K->1360K(69120K)] 371292K->304204K(744448K), 0.0031074 secs] [Times: user=0.01 sys=0.00, real=0.00 secs] 
419.310: [GC (Allocation Failure) [PSYoungGen: 68432K->1376K(69120K)] 371276K->304220K(744448K), 0.0019013 secs] [Times: user=0.01 sys=0.00, real=0.00 secs] 
419.878: [GC (Allocation Failure) [PSYoungGen: 68448K->1501K(69120K)] 371292K->304345K(744448K), 0.0015963 secs] [Times: user=0.01 sys=0.00, real=0.00 secs] 
420.268: [GC (Allocation Failure) [PSYoungGen: 68573K->1565K(69120K)] 371417K->304409K(744448K), 0.0015944 secs] [Times: user=0.01 sys=0.00, real=0.00 secs] 
420.714: [GC (Allocation Failure) [PSYoungGen: 68637K->1520K(69120K)] 371481K->304364K(744448K), 0.0016828 secs] [Times: user=0.01 sys=0.00, real=0.00 secs] 
421.165: [GC (Allocation Failure) [PSYoungGen: 68592K->1600K(69120K)] 371436K->304460K(744448K), 0.0017603 secs] [Times: user=0.00 sys=0.00, real=0.00 secs] 
422.463: [GC (Allocation Failure) [PSYoungGen: 68672K->1488K(69120K)] 371532K->304348K(744448K), 0.0040012 secs] [Times: user=0.02 sys=0.00, real=0.00 secs] 
423.403: [GC (Allocation Failure) [PSYoungGen: 68560K->1376K(69120K)] 371420K->304236K(744448K), 0.0022019 secs] [Times: user=0.01 sys=0.00, real=0.00 secs] 
423.709: [GC (Allocation Failure) [PSYoungGen: 68448K->1376K(69120K)] 371308K->304236K(744448K), 0.0018549 secs] [Times: user=0.00 sys=0.00, real=0.01 secs] 
423.988: [GC (Allocation Failure) [PSYoungGen: 68448K->1408K(69120K)] 371308K->304268K(744448K), 0.0018391 secs] [Times: user=0.01 sys=0.00, real=0.00 secs] 
424.360: [GC (Allocation Failure) [PSYoungGen: 68480K->1453K(69120K)] 371340K->304313K(744448K), 0.0015144 secs] [Times: user=0.01 sys=0.00, real=0.01 secs] 
424.751: [GC (Allocation Failure) [PSYoungGen: 68525K->1501K(69120K)] 371385K->304361K(744448K), 0.0015209 secs] [Times: user=0.01 sys=0.01, real=0.00 secs] 
425.145: [GC (Allocation Failure) [PSYoungGen: 68573K->1616K(69120K)] 371433K->304476K(744448K), 0.0016457 secs] [Times: user=0.00 sys=0.00, real=0.00 secs] 
425.537: [GC (Allocation Failure) [PSYoungGen: 68688K->1565K(69120K)] 371548K->304441K(744448K), 0.0015955 secs] [Times: user=0.01 sys=0.00, real=0.00 secs] 
426.185: [GC (Allocation Failure) [PSYoungGen: 68637K->1440K(69120K)] 371513K->304316K(744448K), 0.0024055 secs] [Times: user=0.01 sys=0.00, real=0.00 secs] 
426.700: [GC (Allocation Failure) [PSYoungGen: 68512K->1376K(69120K)] 371388K->304268K(744448K), 0.0023216 secs] [Times: user=0.01 sys=0.00, real=0.00 secs] 
427.010: [GC (Allocation Failure) [PSYoungGen: 68448K->1408K(69120K)] 371340K->304300K(744448K), 0.0018971 secs] [Times: user=0.01 sys=0.00, real=0.01 secs] 
427.311: [GC (Allocation Failure) [PSYoungGen: 68480K->1408K(69120K)] 371372K->304300K(744448K), 0.0017797 secs] [Times: user=0.01 sys=0.00, real=0.00 secs] 
427.779: [GC (Allocation Failure) [PSYoungGen: 68480K->1456K(69120K)] 371372K->304348K(744448K), 0.0015508 secs] [Times: user=0.01 sys=0.00, real=0.01 secs] 
428.170: [GC (Allocation Failure) [PSYoungGen: 68528K->1533K(69120K)] 371420K->304425K(744448K), 0.0016974 secs] [Times: user=0.00 sys=0.00, real=0.01 secs] 
428.564: [GC (Allocation Failure) [PSYoungGen: 68605K->1584K(69120K)] 371497K->304476K(744448K), 0.0016119 secs] [Times: user=0.01 sys=0.00, real=0.00 secs] 
428.957: [GC (Allocation Failure) [PSYoungGen: 68656K->1565K(69120K)] 371548K->304473K(744448K), 0.0015890 secs] [Times: user=0.01 sys=0.00, real=0.00 secs] 
430.031: [GC (Allocation Failure) [PSYoungGen: 68637K->1440K(69120K)] 371545K->304356K(744448K), 0.0027385 secs] [Times: user=0.01 sys=0.01, real=0.00 secs] 
430.662: [GC (Allocation Failure) [PSYoungGen: 68512K->1424K(69120K)] 371428K->304340K(744448K), 0.0018292 secs] [Times: user=0.01 sys=0.00, real=0.00 secs] 
431.434: [GC (Allocation Failure) [PSYoungGen: 68496K->1392K(69120K)] 371412K->304308K(744448K), 0.0019218 secs] [Times: user=0.00 sys=0.00, real=0.00 secs] 
432.250: [GC (Allocation Failure) [PSYoungGen: 68464K->1376K(69120K)] 371380K->304292K(744448K), 0.0017650 secs] [Times: user=0.01 sys=0.00, real=0.01 secs] 
432.824: [GC (Allocation Failure) [PSYoungGen: 68448K->1520K(69120K)] 371364K->304436K(744448K), 0.0014863 secs] [Times: user=0.01 sys=0.00, real=0.00 secs] 
433.215: [GC (Allocation Failure) [PSYoungGen: 68578K->1584K(69120K)] 371495K->304500K(744448K), 0.0015150 secs] [Times: user=0.00 sys=0.00, real=0.00 secs] 
433.606: [GC (Allocation Failure) [PSYoungGen: 68656K->1584K(69120K)] 371572K->304500K(744448K), 0.0015983 secs] [Times: user=0.00 sys=0.00, real=0.00 secs] 
434.064: [GC (Allocation Failure) [PSYoungGen: 68656K->2000K(69120K)] 371572K->304916K(744448K), 0.0017453 secs] [Times: user=0.00 sys=0.00, real=0.00 secs] 
434.711: [GC (Allocation Failure) [PSYoungGen: 69072K->1344K(69120K)] 371988K->304260K(744448K), 0.0029467 secs] [Times: user=0.02 sys=0.00, real=0.00 secs] 
435.341: [GC (Allocation Failure) [PSYoungGen: 68416K->1424K(69120K)] 371332K->304340K(744448K), 0.0022152 secs] [Times: user=0.01 sys=0.00, real=0.00 secs] 
435.930: [GC (Allocation Failure) [PSYoungGen: 68496K->1408K(69120K)] 371412K->304324K(744448K), 0.0037244 secs] [Times: user=0.01 sys=0.01, real=0.01 secs] 
436.496: [GC (Allocation Failure) [PSYoungGen: 68480K->1440K(69120K)] 371396K->304356K(744448K), 0.0024211 secs] [Times: user=0.01 sys=0.00, real=0.00 secs] 
436.971: [GC (Allocation Failure) [PSYoungGen: 68512K->1584K(69120K)] 371428K->304508K(744448K), 0.0014995 secs] [Times: user=0.01 sys=0.00, real=0.00 secs] 
437.410: [GC (Allocation Failure) [PSYoungGen: 68656K->1565K(69120K)] 371580K->304489K(744448K), 0.0016777 secs] [Times: user=0.01 sys=0.00, real=0.01 secs] 
437.862: [GC (Allocation Failure) [PSYoungGen: 68637K->1616K(69120K)] 371561K->304540K(744448K), 0.0017444 secs] [Times: user=0.00 sys=0.00, real=0.00 secs] 
438.254: [GC (Allocation Failure) [PSYoungGen: 68688K->1504K(69120K)] 371612K->304444K(744448K), 0.0019999 secs] [Times: user=0.01 sys=0.00, real=0.00 secs] 
438.533: [GC (Allocation Failure) [PSYoungGen: 68576K->1376K(69120K)] 371516K->304316K(744448K), 0.0019298 secs] [Times: user=0.01 sys=0.00, real=0.00 secs] 
439.006: [GC (Allocation Failure) [PSYoungGen: 68448K->1408K(69120K)] 371388K->304348K(744448K), 0.0019322 secs] [Times: user=0.00 sys=0.00, real=0.00 secs] 
439.527: [GC (Allocation Failure) [PSYoungGen: 68480K->1376K(69120K)] 371420K->304316K(744448K), 0.0017968 secs] [Times: user=0.01 sys=0.00, real=0.00 secs] 
440.058: [GC (Allocation Failure) [PSYoungGen: 68448K->1469K(69120K)] 371388K->304409K(744448K), 0.0020795 secs] [Times: user=0.01 sys=0.00, real=0.00 secs] 
440.574: [GC (Allocation Failure) [PSYoungGen: 68541K->1600K(69120K)] 371481K->304540K(744448K), 0.0017198 secs] [Times: user=0.00 sys=0.00, real=0.00 secs] 
441.021: [GC (Allocation Failure) [PSYoungGen: 68672K->1616K(69120K)] 371612K->304556K(744448K), 0.0016566 secs] [Times: user=0.01 sys=0.00, real=0.00 secs] 
441.413: [GC (Allocation Failure) [PSYoungGen: 68688K->1584K(69120K)] 371628K->304540K(744448K), 0.0016392 secs] [Times: user=0.01 sys=0.00, real=0.00 secs] 
441.786: [GC (Allocation Failure) [PSYoungGen: 68656K->1472K(69120K)] 371612K->304428K(744448K), 0.0020788 secs] [Times: user=0.01 sys=0.00, real=0.00 secs] 
442.202: [GC (Allocation Failure) [PSYoungGen: 68544K->1408K(69120K)] 371500K->304364K(744448K), 0.0024777 secs] [Times: user=0.01 sys=0.00, real=0.00 secs] 
442.724: [GC (Allocation Failure) [PSYoungGen: 68480K->1408K(69120K)] 371436K->304364K(744448K), 0.0022589 secs] [Times: user=0.00 sys=0.00, real=0.00 secs] 
443.224: [GC (Allocation Failure) [PSYoungGen: 68480K->1376K(69120K)] 371436K->304332K(744448K), 0.0021649 secs] [Times: user=0.01 sys=0.00, real=0.00 secs] 
443.873: [GC (Allocation Failure) [PSYoungGen: 68440K->1424K(69120K)] 371397K->304380K(744448K), 0.0015161 secs] [Times: user=0.01 sys=0.00, real=0.00 secs] 
444.263: [GC (Allocation Failure) [PSYoungGen: 68496K->1536K(69120K)] 371452K->304492K(744448K), 0.0015267 secs] [Times: user=0.01 sys=0.00, real=0.00 secs] 
444.655: [GC (Allocation Failure) [PSYoungGen: 68608K->1597K(69120K)] 371564K->304553K(744448K), 0.0016592 secs] [Times: user=0.01 sys=0.00, real=0.00 secs] 
445.048: [GC (Allocation Failure) [PSYoungGen: 68669K->1552K(69120K)] 371625K->304532K(744448K), 0.0016873 secs] [Times: user=0.01 sys=0.00, real=0.00 secs] 
445.505: [GC (Allocation Failure) [PSYoungGen: 68624K->1392K(69120K)] 371604K->304380K(744448K), 0.0017506 secs] [Times: user=0.00 sys=0.00, real=0.00 secs] 
446.032: [GC (Allocation Failure) [PSYoungGen: 68464K->1408K(69120K)] 371452K->304396K(744448K), 0.0018213 secs] [Times: user=0.01 sys=0.00, real=0.00 secs] 
446.615: [GC (Allocation Failure) [PSYoungGen: 68480K->1376K(69120K)] 371468K->304364K(744448K), 0.0019515 secs] [Times: user=0.01 sys=0.00, real=0.00 secs] 
447.515: [GC (Allocation Failure) [PSYoungGen: 68448K->1376K(69120K)] 371436K->304364K(744448K), 0.0034056 secs] [Times: user=0.02 sys=0.00, real=0.00 secs] 
448.526: [GC (Allocation Failure) [PSYoungGen: 68448K->1488K(69120K)] 371436K->304476K(744448K), 0.0015411 secs] [Times: user=0.01 sys=0.00, real=0.00 secs] 
448.979: [GC (Allocation Failure) [PSYoungGen: 68560K->1552K(69120K)] 371548K->304540K(744448K), 0.0016374 secs] [Times: user=0.00 sys=0.00, real=0.01 secs] 
449.369: [GC (Allocation Failure) [PSYoungGen: 68624K->1552K(69120K)] 371612K->304540K(744448K), 0.0016810 secs] [Times: user=0.01 sys=0.00, real=0.01 secs] 
449.762: [GC (Allocation Failure) [PSYoungGen: 68624K->1629K(69120K)] 371612K->304649K(744448K), 0.0017389 secs] [Times: user=0.00 sys=0.00, real=0.00 secs] 
450.129: [GC (Allocation Failure) [PSYoungGen: 68701K->1408K(69120K)] 371721K->304428K(744448K), 0.0021757 secs] [Times: user=0.01 sys=0.00, real=0.01 secs] 
450.568: [GC (Allocation Failure) [PSYoungGen: 68480K->1408K(69120K)] 371500K->304428K(744448K), 0.0017963 secs] [Times: user=0.00 sys=0.00, real=0.00 secs] 
451.076: [GC (Allocation Failure) [PSYoungGen: 68480K->1376K(69120K)] 371500K->304396K(744448K), 0.0018968 secs] [Times: user=0.01 sys=0.00, real=0.00 secs] 
451.700: [GC (Allocation Failure) [PSYoungGen: 68448K->1408K(69120K)] 371468K->304428K(744448K), 0.0018982 secs] [Times: user=0.00 sys=0.00, real=0.01 secs] 
452.443: [GC (Allocation Failure) [PSYoungGen: 68480K->1472K(69120K)] 371500K->304492K(744448K), 0.0015339 secs] [Times: user=0.01 sys=0.00, real=0.00 secs] 
452.836: [GC (Allocation Failure) [PSYoungGen: 68530K->1600K(69120K)] 371550K->304620K(744448K), 0.0014892 secs] [Times: user=0.00 sys=0.00, real=0.00 secs] 
453.227: [GC (Allocation Failure) [PSYoungGen: 68672K->1565K(69120K)] 371692K->304585K(744448K), 0.0015728 secs] [Times: user=0.00 sys=0.00, real=0.00 secs] 
453.620: [GC (Allocation Failure) [PSYoungGen: 68637K->1616K(69120K)] 371657K->304644K(744448K), 0.0016311 secs] [Times: user=0.01 sys=0.00, real=0.01 secs] 
454.806: [GC (Allocation Failure) [PSYoungGen: 68688K->1408K(69120K)] 371716K->304444K(744448K), 0.0020368 secs] [Times: user=0.01 sys=0.00, real=0.00 secs] 
455.076: [GC (Allocation Failure) [PSYoungGen: 68480K->1408K(69120K)] 371516K->304444K(744448K), 0.0017681 secs] [Times: user=0.01 sys=0.00, real=0.00 secs] 
455.354: [GC (Allocation Failure) [PSYoungGen: 68480K->1408K(69120K)] 371516K->304444K(744448K), 0.0018246 secs] [Times: user=0.00 sys=0.00, real=0.00 secs] 
455.632: [GC (Allocation Failure) [PSYoungGen: 68480K->1344K(69120K)] 371516K->304396K(744448K), 0.0016531 secs] [Times: user=0.00 sys=0.00, real=0.00 secs] 
456.023: [GC (Allocation Failure) [PSYoungGen: 68416K->1501K(69120K)] 371468K->304553K(744448K), 0.0015751 secs] [Times: user=0.01 sys=0.00, real=0.00 secs] 
456.415: [GC (Allocation Failure) [PSYoungGen: 68544K->1600K(69120K)] 371596K->304652K(744448K), 0.0016602 secs] [Times: user=0.00 sys=0.00, real=0.00 secs] 
456.819: [GC (Allocation Failure) [PSYoungGen: 68672K->1520K(69120K)] 371724K->304572K(744448K), 0.0016240 secs] [Times: user=0.01 sys=0.00, real=0.01 secs] 
457.212: [GC (Allocation Failure) [PSYoungGen: 68592K->1504K(69120K)] 371644K->304556K(744448K), 0.0019001 secs] [Times: user=0.01 sys=0.00, real=0.00 secs] 
457.490: [GC (Allocation Failure) [PSYoungGen: 68576K->1376K(69120K)] 371628K->304428K(744448K), 0.0015714 secs] [Times: user=0.01 sys=0.00, real=0.01 secs] 
457.768: [GC (Allocation Failure) [PSYoungGen: 68448K->1408K(69120K)] 371500K->304460K(744448K), 0.0024258 secs] [Times: user=0.01 sys=0.00, real=0.01 secs] 
458.047: [GC (Allocation Failure) [PSYoungGen: 68480K->1456K(69120K)] 371532K->304508K(744448K), 0.0020208 secs] [Times: user=0.01 sys=0.00, real=0.00 secs] 
458.324: [GC (Allocation Failure) [PSYoungGen: 68528K->1376K(69120K)] 371580K->304436K(744448K), 0.0022397 secs] [Times: user=0.01 sys=0.00, real=0.00 secs] 
459.927: [GC (Allocation Failure) [PSYoungGen: 68448K->1552K(69120K)] 371508K->304612K(744448K), 0.0016947 secs] [Times: user=0.01 sys=0.00, real=0.00 secs] 
460.319: [GC (Allocation Failure) [PSYoungGen: 68624K->1488K(69120K)] 371684K->304548K(744448K), 0.0017541 secs] [Times: user=0.01 sys=0.00, real=0.01 secs] 
460.712: [GC (Allocation Failure) [PSYoungGen: 68560K->1533K(69120K)] 371620K->304593K(744448K), 0.0016696 secs] [Times: user=0.01 sys=0.00, real=0.00 secs] 
461.075: [GC (Allocation Failure) [PSYoungGen: 68605K->1504K(69120K)] 371665K->304580K(744448K), 0.0015244 secs] [Times: user=0.01 sys=0.00, real=0.00 secs] 
461.353: [GC (Allocation Failure) [PSYoungGen: 68576K->1376K(69120K)] 371652K->304452K(744448K), 0.0015606 secs] [Times: user=0.00 sys=0.00, real=0.00 secs] 
461.632: [GC (Allocation Failure) [PSYoungGen: 68448K->1376K(69120K)] 371524K->304452K(744448K), 0.0025558 secs] [Times: user=0.01 sys=0.00, real=0.00 secs] 
461.978: [GC (Allocation Failure) [PSYoungGen: 68448K->1408K(69120K)] 371524K->304484K(744448K), 0.0019968 secs] [Times: user=0.01 sys=0.00, real=0.00 secs] 
462.577: [GC (Allocation Failure) [PSYoungGen: 68480K->1501K(69120K)] 371556K->304577K(744448K), 0.0019303 secs] [Times: user=0.01 sys=0.00, real=0.00 secs] 
463.068: [GC (Allocation Failure) [PSYoungGen: 68573K->1533K(69120K)] 371649K->304609K(744448K), 0.0017035 secs] [Times: user=0.01 sys=0.00, real=0.00 secs] 
463.459: [GC (Allocation Failure) [PSYoungGen: 68605K->1552K(69120K)] 371681K->304628K(744448K), 0.0016652 secs] [Times: user=0.00 sys=0.00, real=0.01 secs] 
463.851: [GC (Allocation Failure) [PSYoungGen: 68624K->1552K(69120K)] 371700K->304652K(744448K), 0.0015970 secs] [Times: user=0.00 sys=0.00, real=0.00 secs] 
464.266: [GC (Allocation Failure) [PSYoungGen: 68624K->1488K(69120K)] 371724K->304588K(744448K), 0.0027223 secs] [Times: user=0.01 sys=0.00, real=0.00 secs] 
464.546: [GC (Allocation Failure) [PSYoungGen: 68560K->1344K(69120K)] 371660K->304444K(744448K), 0.0018627 secs] [Times: user=0.01 sys=0.00, real=0.00 secs] 
464.824: [GC (Allocation Failure) [PSYoungGen: 68416K->1360K(69120K)] 371516K->304460K(744448K), 0.0019287 secs] [Times: user=0.01 sys=0.00, real=0.00 secs] 
465.102: [GC (Allocation Failure) [PSYoungGen: 68432K->1344K(69120K)] 371532K->304460K(744448K), 0.0017571 secs] [Times: user=0.00 sys=0.00, real=0.00 secs] 
465.448: [GC (Allocation Failure) [PSYoungGen: 68416K->1453K(69120K)] 371532K->304577K(744448K), 0.0015408 secs] [Times: user=0.00 sys=0.00, real=0.00 secs] 
465.838: [GC (Allocation Failure) [PSYoungGen: 68525K->1552K(69120K)] 371649K->304676K(744448K), 0.0016311 secs] [Times: user=0.00 sys=0.00, real=0.00 secs] 
466.231: [GC (Allocation Failure) [PSYoungGen: 68624K->1536K(69120K)] 371748K->304660K(744448K), 0.0016770 secs] [Times: user=0.00 sys=0.00, real=0.00 secs] 
466.624: [GC (Allocation Failure) [PSYoungGen: 68608K->1552K(69120K)] 371732K->304692K(744448K), 0.0016038 secs] [Times: user=0.01 sys=0.00, real=0.00 secs] 
467.354: [GC (Allocation Failure) [PSYoungGen: 68624K->1392K(69120K)] 371764K->304532K(744448K), 0.0021310 secs] [Times: user=0.01 sys=0.00, real=0.00 secs] 
467.986: [GC (Allocation Failure) [PSYoungGen: 68464K->1424K(69120K)] 371604K->304564K(744448K), 0.0028667 secs] [Times: user=0.01 sys=0.00, real=0.00 secs] 
468.569: [GC (Allocation Failure) [PSYoungGen: 68496K->1408K(69120K)] 371636K->304548K(744448K), 0.0028882 secs] [Times: user=0.01 sys=0.00, real=0.01 secs] 
469.057: [GC (Allocation Failure) [PSYoungGen: 68480K->1392K(69120K)] 371620K->304532K(744448K), 0.0023131 secs] [Times: user=0.01 sys=0.00, real=0.00 secs] 
469.447: [GC (Allocation Failure) [PSYoungGen: 68464K->1488K(69120K)] 371604K->304628K(744448K), 0.0015975 secs] [Times: user=0.00 sys=0.00, real=0.00 secs] 
469.837: [GC (Allocation Failure) [PSYoungGen: 68531K->1600K(69120K)] 371671K->304740K(744448K), 0.0015696 secs] [Times: user=0.00 sys=0.00, real=0.00 secs] 
470.230: [GC (Allocation Failure) [PSYoungGen: 68672K->1565K(69120K)] 371812K->304705K(744448K), 0.0016579 secs] [Times: user=0.01 sys=0.00, real=0.01 secs] 
470.622: [GC (Allocation Failure) [PSYoungGen: 68637K->1584K(69120K)] 371777K->304740K(744448K), 0.0015069 secs] [Times: user=0.00 sys=0.00, real=0.00 secs] 
470.945: [GC (Allocation Failure) [PSYoungGen: 68656K->1440K(69120K)] 371812K->304596K(744448K), 0.0015592 secs] [Times: user=0.01 sys=0.00, real=0.00 secs] 
471.223: [GC (Allocation Failure) [PSYoungGen: 68512K->1408K(69120K)] 371668K->304564K(744448K), 0.0016098 secs] [Times: user=0.01 sys=0.00, real=0.00 secs] 
471.520: [GC (Allocation Failure) [PSYoungGen: 68480K->1424K(69120K)] 371636K->304580K(744448K), 0.0015188 secs] [Times: user=0.01 sys=0.00, real=0.00 secs] 
471.876: [GC (Allocation Failure) [PSYoungGen: 68496K->1376K(69120K)] 371652K->304540K(744448K), 0.0019739 secs] [Times: user=0.00 sys=0.00, real=0.00 secs] 
472.298: [GC (Allocation Failure) [PSYoungGen: 68448K->1504K(69120K)] 371612K->304668K(744448K), 0.0015429 secs] [Times: user=0.00 sys=0.00, real=0.00 secs] 
472.691: [GC (Allocation Failure) [PSYoungGen: 68576K->1520K(69120K)] 371740K->304684K(744448K), 0.0016538 secs] [Times: user=0.01 sys=0.00, real=0.00 secs] 
473.086: [GC (Allocation Failure) [PSYoungGen: 68592K->1597K(69120K)] 371756K->304761K(744448K), 0.0016633 secs] [Times: user=0.00 sys=0.00, real=0.00 secs] 
473.536: [GC (Allocation Failure) [PSYoungGen: 68669K->1792K(69120K)] 371833K->304980K(744448K), 0.0017856 secs] [Times: user=0.01 sys=0.00, real=0.00 secs] 
474.155: [GC (Allocation Failure) [PSYoungGen: 68864K->1360K(69120K)] 372052K->304548K(744448K), 0.0018172 secs] [Times: user=0.01 sys=0.00, real=0.00 secs] 
474.733: [GC (Allocation Failure) [PSYoungGen: 68432K->1344K(69120K)] 371620K->304540K(744448K), 0.0018533 secs] [Times: user=0.01 sys=0.00, real=0.00 secs] 
475.378: [GC (Allocation Failure) [PSYoungGen: 68416K->1392K(69120K)] 371612K->304588K(744448K), 0.0022119 secs] [Times: user=0.01 sys=0.00, real=0.01 secs] 
475.983: [GC (Allocation Failure) [PSYoungGen: 68464K->1392K(69120K)] 371660K->304588K(744448K), 0.0019862 secs] [Times: user=0.01 sys=0.00, real=0.00 secs] 
476.460: [GC (Allocation Failure) [PSYoungGen: 68464K->1533K(69120K)] 371660K->304729K(744448K), 0.0016433 secs] [Times: user=0.01 sys=0.00, real=0.01 secs] 
476.852: [GC (Allocation Failure) [PSYoungGen: 68605K->1568K(69120K)] 371801K->304764K(744448K), 0.0016438 secs] [Times: user=0.00 sys=0.00, real=0.00 secs] 
477.255: [GC (Allocation Failure) [PSYoungGen: 68640K->1584K(69120K)] 371836K->304780K(744448K), 0.0016107 secs] [Times: user=0.01 sys=0.00, real=0.00 secs] 
477.657: [GC (Allocation Failure) [PSYoungGen: 68656K->1440K(69120K)] 371852K->304636K(744448K), 0.0017444 secs] [Times: user=0.01 sys=0.00, real=0.00 secs] 
477.935: [GC (Allocation Failure) [PSYoungGen: 68512K->1408K(69120K)] 371708K->304604K(744448K), 0.0016524 secs] [Times: user=0.00 sys=0.00, real=0.00 secs] 
478.213: [GC (Allocation Failure) [PSYoungGen: 68480K->1376K(69120K)] 371676K->304572K(744448K), 0.0017008 secs] [Times: user=0.00 sys=0.00, real=0.00 secs] 
478.670: [GC (Allocation Failure) [PSYoungGen: 68448K->1344K(69120K)] 371644K->304540K(744448K), 0.0018993 secs] [Times: user=0.00 sys=0.00, real=0.01 secs] 
479.228: [GC (Allocation Failure) [PSYoungGen: 68416K->1488K(69120K)] 371612K->304684K(744448K), 0.0017588 secs] [Times: user=0.01 sys=0.00, real=0.00 secs] 
479.633: [GC (Allocation Failure) [PSYoungGen: 68560K->1600K(69120K)] 371756K->304796K(744448K), 0.0015912 secs] [Times: user=0.00 sys=0.00, real=0.00 secs] 
480.025: [GC (Allocation Failure) [PSYoungGen: 68672K->1584K(69120K)] 371868K->304780K(744448K), 0.0015731 secs] [Times: user=0.01 sys=0.00, real=0.00 secs] 
480.418: [GC (Allocation Failure) [PSYoungGen: 68656K->1584K(69120K)] 371852K->304788K(744448K), 0.0015313 secs] [Times: user=0.00 sys=0.00, real=0.00 secs] 
480.977: [GC (Allocation Failure) [PSYoungGen: 68656K->1504K(69120K)] 371860K->304716K(744448K), 0.0018469 secs] [Times: user=0.01 sys=0.00, real=0.00 secs] 
481.469: [GC (Allocation Failure) [PSYoungGen: 68576K->1376K(69120K)] 371788K->304588K(744448K), 0.0017886 secs] [Times: user=0.01 sys=0.00, real=0.01 secs] 
481.747: [GC (Allocation Failure) [PSYoungGen: 68448K->1376K(69120K)] 371660K->304588K(744448K), 0.0018303 secs] [Times: user=0.01 sys=0.00, real=0.00 secs] 
482.026: [GC (Allocation Failure) [PSYoungGen: 68448K->1376K(69120K)] 371660K->304588K(744448K), 0.0017572 secs] [Times: user=0.01 sys=0.00, real=0.00 secs] 
482.356: [GC (Allocation Failure) [PSYoungGen: 68448K->1469K(69120K)] 371660K->304681K(744448K), 0.0015003 secs] [Times: user=0.01 sys=0.01, real=0.00 secs] 
482.749: [GC (Allocation Failure) [PSYoungGen: 68541K->1552K(69120K)] 371753K->304764K(744448K), 0.0015863 secs] [Times: user=0.00 sys=0.00, real=0.00 secs] 
483.145: [GC (Allocation Failure) [PSYoungGen: 68608K->1552K(69120K)] 371821K->304764K(744448K), 0.0015019 secs] [Times: user=0.01 sys=0.00, real=0.00 secs] 
483.536: [GC (Allocation Failure) [PSYoungGen: 68624K->1536K(69120K)] 371836K->304764K(744448K), 0.0015230 secs] [Times: user=0.01 sys=0.00, real=0.00 secs] 
483.895: [GC (Allocation Failure) [PSYoungGen: 68608K->1456K(69120K)] 371836K->304684K(744448K), 0.0017578 secs] [Times: user=0.01 sys=0.00, real=0.00 secs] 
484.174: [GC (Allocation Failure) [PSYoungGen: 68528K->1344K(69120K)] 371756K->304580K(744448K), 0.0016569 secs] [Times: user=0.01 sys=0.00, real=0.00 secs] 
484.452: [GC (Allocation Failure) [PSYoungGen: 68416K->1344K(69120K)] 371652K->304588K(744448K), 0.0016283 secs] [Times: user=0.01 sys=0.00, real=0.00 secs] 
484.731: [GC (Allocation Failure) [PSYoungGen: 68416K->1408K(69120K)] 371660K->304652K(744448K), 0.0015602 secs] [Times: user=0.01 sys=0.00, real=0.00 secs] 
485.071: [GC (Allocation Failure) [PSYoungGen: 68480K->1501K(69120K)] 371724K->304745K(744448K), 0.0016328 secs] [Times: user=0.01 sys=0.00, real=0.00 secs] 
485.462: [GC (Allocation Failure) [PSYoungGen: 68573K->1552K(69120K)] 371817K->304796K(744448K), 0.0016494 secs] [Times: user=0.01 sys=0.00, real=0.00 secs] 
485.853: [GC (Allocation Failure) [PSYoungGen: 68624K->1600K(69120K)] 371868K->304844K(744448K), 0.0014956 secs] [Times: user=0.00 sys=0.00, real=0.00 secs] 
486.246: [GC (Allocation Failure) [PSYoungGen: 68672K->1597K(69120K)] 371916K->304865K(744448K), 0.0015349 secs] [Times: user=0.00 sys=0.00, real=0.00 secs] 
486.666: [GC (Allocation Failure) [PSYoungGen: 68669K->1472K(69120K)] 371937K->304748K(744448K), 0.0017889 secs] [Times: user=0.01 sys=0.00, real=0.00 secs] 
486.945: [GC (Allocation Failure) [PSYoungGen: 68544K->1440K(69120K)] 371820K->304716K(744448K), 0.0017504 secs] [Times: user=0.01 sys=0.00, real=0.00 secs] 
487.306: [GC (Allocation Failure) [PSYoungGen: 68512K->1344K(69120K)] 371788K->304620K(744448K), 0.0041447 secs] [Times: user=0.02 sys=0.00, real=0.00 secs] 
487.605: [GC (Allocation Failure) [PSYoungGen: 68416K->1392K(69120K)] 371692K->304668K(744448K), 0.0016579 secs] [Times: user=0.00 sys=0.00, real=0.00 secs] 
487.974: [GC (Allocation Failure) [PSYoungGen: 68464K->1488K(69120K)] 371740K->304764K(744448K), 0.0015757 secs] [Times: user=0.01 sys=0.00, real=0.00 secs] 
488.367: [GC (Allocation Failure) [PSYoungGen: 68555K->1629K(69120K)] 371831K->304905K(744448K), 0.0015305 secs] [Times: user=0.01 sys=0.00, real=0.00 secs] 
488.759: [GC (Allocation Failure) [PSYoungGen: 68701K->1584K(69120K)] 371977K->304860K(744448K), 0.0015130 secs] [Times: user=0.01 sys=0.00, real=0.01 secs] 
489.150: [GC (Allocation Failure) [PSYoungGen: 68656K->1616K(69120K)] 371932K->304908K(744448K), 0.0015957 secs] [Times: user=0.00 sys=0.00, real=0.01 secs] 
490.396: [GC (Allocation Failure) [PSYoungGen: 68688K->1472K(69120K)] 371980K->304764K(744448K), 0.0025883 secs] [Times: user=0.01 sys=0.00, real=0.00 secs] 
491.079: [GC (Allocation Failure) [PSYoungGen: 68544K->1408K(69120K)] 371836K->304700K(744448K), 0.0029287 secs] [Times: user=0.02 sys=0.00, real=0.01 secs] 
491.594: [GC (Allocation Failure) [PSYoungGen: 68480K->1408K(69120K)] 371772K->304700K(744448K), 0.0020421 secs] [Times: user=0.00 sys=0.00, real=0.00 secs] 
492.088: [GC (Allocation Failure) [PSYoungGen: 68480K->1392K(69120K)] 371772K->304684K(744448K), 0.0018022 secs] [Times: user=0.01 sys=0.00, real=0.00 secs] 
492.583: [GC (Allocation Failure) [PSYoungGen: 68464K->1584K(69120K)] 371756K->304876K(744448K), 0.0014847 secs] [Times: user=0.01 sys=0.00, real=0.00 secs] 
492.976: [GC (Allocation Failure) [PSYoungGen: 68656K->1597K(69120K)] 371948K->304889K(744448K), 0.0014958 secs] [Times: user=0.01 sys=0.00, real=0.00 secs] 
493.371: [GC (Allocation Failure) [PSYoungGen: 68669K->1629K(69120K)] 371961K->304921K(744448K), 0.0015173 secs] [Times: user=0.01 sys=0.00, real=0.00 secs] 
493.861: [GC (Allocation Failure) [PSYoungGen: 68701K->1536K(69120K)] 371993K->304836K(744448K), 0.0019308 secs] [Times: user=0.01 sys=0.00, real=0.00 secs] 
494.525: [GC (Allocation Failure) [PSYoungGen: 68608K->1376K(69120K)] 371908K->304676K(744448K), 0.0017516 secs] [Times: user=0.00 sys=0.00, real=0.00 secs] 
495.165: [GC (Allocation Failure) [PSYoungGen: 68448K->1440K(69120K)] 371748K->304740K(744448K), 0.0020773 secs] [Times: user=0.01 sys=0.00, real=0.00 secs] 
495.747: [GC (Allocation Failure) [PSYoungGen: 68512K->1360K(69120K)] 371812K->304668K(744448K), 0.0020456 secs] [Times: user=0.00 sys=0.00, real=0.00 secs] 
496.428: [GC (Allocation Failure) [PSYoungGen: 68432K->1376K(69120K)] 371740K->304684K(744448K), 0.0027003 secs] [Times: user=0.01 sys=0.00, real=0.01 secs] 
496.951: [GC (Allocation Failure) [PSYoungGen: 68448K->1600K(69120K)] 371756K->304924K(744448K), 0.0016224 secs] [Times: user=0.00 sys=0.00, real=0.00 secs] 
497.342: [GC (Allocation Failure) [PSYoungGen: 68672K->1520K(69120K)] 371996K->304844K(744448K), 0.0015326 secs] [Times: user=0.01 sys=0.00, real=0.00 secs] 
497.744: [GC (Allocation Failure) [PSYoungGen: 68592K->1584K(69120K)] 371916K->304908K(744448K), 0.0015278 secs] [Times: user=0.00 sys=0.01, real=0.00 secs] 
498.476: [GC (Allocation Failure) [PSYoungGen: 68656K->1488K(69120K)] 371980K->304820K(744448K), 0.0020608 secs] [Times: user=0.01 sys=0.00, real=0.00 secs] 
499.385: [GC (Allocation Failure) [PSYoungGen: 68560K->1408K(69120K)] 371892K->304740K(744448K), 0.0022049 secs] [Times: user=0.01 sys=0.00, real=0.00 secs] 
500.092: [GC (Allocation Failure) [PSYoungGen: 68480K->1376K(69120K)] 371812K->304708K(744448K), 0.0024351 secs] [Times: user=0.01 sys=0.00, real=0.00 secs] 
500.522: [GC (Allocation Failure) [PSYoungGen: 68448K->1376K(69120K)] 371780K->304708K(744448K), 0.0018827 secs] [Times: user=0.01 sys=0.00, real=0.00 secs] 
500.838: [GC (Allocation Failure) [PSYoungGen: 68448K->1501K(69120K)] 371780K->304833K(744448K), 0.0015570 secs] [Times: user=0.01 sys=0.00, real=0.00 secs] 
501.230: [GC (Allocation Failure) [PSYoungGen: 68573K->1520K(69120K)] 371905K->304852K(744448K), 0.0015865 secs] [Times: user=0.00 sys=0.00, real=0.00 secs] 
501.622: [GC (Allocation Failure) [PSYoungGen: 68592K->1600K(69120K)] 371924K->304932K(744448K), 0.0016110 secs] [Times: user=0.01 sys=0.00, real=0.00 secs] 
502.015: [GC (Allocation Failure) [PSYoungGen: 68672K->1568K(69120K)] 372004K->304916K(744448K), 0.0016391 secs] [Times: user=0.01 sys=0.00, real=0.00 secs] 
502.413: [GC (Allocation Failure) [PSYoungGen: 68640K->1440K(69120K)] 371988K->304788K(744448K), 0.0016960 secs] [Times: user=0.01 sys=0.00, real=0.00 secs] 
502.824: [GC (Allocation Failure) [PSYoungGen: 68512K->1376K(69120K)] 371860K->304724K(744448K), 0.0017132 secs] [Times: user=0.00 sys=0.00, real=0.00 secs] 
503.279: [GC (Allocation Failure) [PSYoungGen: 68448K->1392K(69120K)] 371796K->304740K(744448K), 0.0035024 secs] [Times: user=0.01 sys=0.00, real=0.01 secs] 
503.804: [GC (Allocation Failure) [PSYoungGen: 68464K->1440K(69120K)] 371812K->304788K(744448K), 0.0029567 secs] [Times: user=0.01 sys=0.00, real=0.00 secs] 
504.446: [GC (Allocation Failure) [PSYoungGen: 68512K->1437K(69120K)] 371860K->304785K(744448K), 0.0015358 secs] [Times: user=0.00 sys=0.00, real=0.00 secs] 
504.839: [GC (Allocation Failure) [PSYoungGen: 68509K->1616K(69120K)] 371857K->304964K(744448K), 0.0016534 secs] [Times: user=0.01 sys=0.00, real=0.01 secs] 
505.231: [GC (Allocation Failure) [PSYoungGen: 68688K->1565K(69120K)] 372036K->304913K(744448K), 0.0016798 secs] [Times: user=0.01 sys=0.01, real=0.00 secs] 
505.623: [GC (Allocation Failure) [PSYoungGen: 68637K->1565K(69120K)] 371985K->304937K(744448K), 0.0015893 secs] [Times: user=0.01 sys=0.00, real=0.00 secs] 
505.983: [GC (Allocation Failure) [PSYoungGen: 68637K->1472K(69120K)] 372009K->304844K(744448K), 0.0015417 secs] [Times: user=0.00 sys=0.00, real=0.00 secs] 
506.345: [GC (Allocation Failure) [PSYoungGen: 68544K->1376K(69120K)] 371916K->304748K(744448K), 0.0016174 secs] [Times: user=0.00 sys=0.00, real=0.00 secs] 
506.894: [GC (Allocation Failure) [PSYoungGen: 68448K->1376K(69120K)] 371820K->304748K(744448K), 0.0018327 secs] [Times: user=0.01 sys=0.00, real=0.00 secs] 
507.492: [GC (Allocation Failure) [PSYoungGen: 68448K->1376K(69120K)] 371820K->304748K(744448K), 0.0019170 secs] [Times: user=0.00 sys=0.00, real=0.00 secs] 
508.250: [GC (Allocation Failure) [PSYoungGen: 68448K->1501K(69120K)] 371820K->304873K(744448K), 0.0016520 secs] [Times: user=0.01 sys=0.00, real=0.01 secs] 
508.642: [GC (Allocation Failure) [PSYoungGen: 68573K->1565K(69120K)] 371945K->304937K(744448K), 0.0016418 secs] [Times: user=0.01 sys=0.00, real=0.00 secs] 
509.035: [GC (Allocation Failure) [PSYoungGen: 68637K->1597K(69120K)] 372009K->304969K(744448K), 0.0016856 secs] [Times: user=0.00 sys=0.00, real=0.00 secs] 
509.427: [GC (Allocation Failure) [PSYoungGen: 68669K->1533K(69120K)] 372041K->304921K(744448K), 0.0015866 secs] [Times: user=0.01 sys=0.00, real=0.00 secs] 
510.120: [GC (Allocation Failure) [PSYoungGen: 68605K->1408K(69120K)] 371993K->304796K(744448K), 0.0031895 secs] [Times: user=0.01 sys=0.00, real=0.01 secs] 
510.697: [GC (Allocation Failure) [PSYoungGen: 68480K->1408K(69120K)] 371868K->304796K(744448K), 0.0022107 secs] [Times: user=0.01 sys=0.00, real=0.00 secs] 
511.348: [GC (Allocation Failure) [PSYoungGen: 68480K->1408K(69120K)] 371868K->304796K(744448K), 0.0022457 secs] [Times: user=0.01 sys=0.00, real=0.01 secs] 
512.021: [GC (Allocation Failure) [PSYoungGen: 68480K->1408K(69120K)] 371868K->304796K(744448K), 0.0023535 secs] [Times: user=0.01 sys=0.00, real=0.00 secs] 
512.532: [GC (Allocation Failure) [PSYoungGen: 68480K->1501K(69120K)] 371868K->304889K(744448K), 0.0015841 secs] [Times: user=0.00 sys=0.00, real=0.00 secs] 
512.924: [GC (Allocation Failure) [PSYoungGen: 68573K->1616K(69120K)] 371961K->305004K(744448K), 0.0016353 secs] [Times: user=0.01 sys=0.00, real=0.00 secs] 
513.321: [GC (Allocation Failure) [PSYoungGen: 68688K->1597K(69120K)] 372076K->304985K(744448K), 0.0016119 secs] [Times: user=0.01 sys=0.00, real=0.00 secs] 
513.706: [GC (Allocation Failure) [PSYoungGen: 68669K->1536K(69120K)] 372057K->304932K(744448K), 0.0016394 secs] [Times: user=0.01 sys=0.00, real=0.00 secs] 
514.673: [GC (Allocation Failure) [PSYoungGen: 68608K->1376K(69120K)] 372004K->304772K(744448K), 0.0019449 secs] [Times: user=0.00 sys=0.00, real=0.00 secs] 
515.635: [GC (Allocation Failure) [PSYoungGen: 68448K->1376K(69120K)] 371844K->304772K(744448K), 0.0026729 secs] [Times: user=0.01 sys=0.01, real=0.00 secs] 
516.475: [GC (Allocation Failure) [PSYoungGen: 68448K->1408K(69120K)] 371844K->304804K(744448K), 0.0026986 secs] [Times: user=0.01 sys=0.00, real=0.00 secs] 
516.794: [GC (Allocation Failure) [PSYoungGen: 68480K->1376K(69120K)] 371876K->304788K(744448K), 0.0019406 secs] [Times: user=0.01 sys=0.00, real=0.00 secs] 
517.189: [GC (Allocation Failure) [PSYoungGen: 68448K->1552K(69120K)] 371860K->304964K(744448K), 0.0015123 secs] [Times: user=0.01 sys=0.00, real=0.01 secs] 
517.585: [GC (Allocation Failure) [PSYoungGen: 68624K->1600K(69120K)] 372036K->305012K(744448K), 0.0015877 secs] [Times: user=0.00 sys=0.00, real=0.00 secs] 
517.977: [GC (Allocation Failure) [PSYoungGen: 68672K->1565K(69120K)] 372084K->304977K(744448K), 0.0016244 secs] [Times: user=0.00 sys=0.00, real=0.00 secs] 
518.380: [GC (Allocation Failure) [PSYoungGen: 68637K->1456K(69120K)] 372049K->304876K(744448K), 0.0018011 secs] [Times: user=0.01 sys=0.00, real=0.01 secs] 
518.757: [GC (Allocation Failure) [PSYoungGen: 68528K->1440K(69120K)] 371948K->304860K(744448K), 0.0015058 secs] [Times: user=0.01 sys=0.00, real=0.00 secs] 
519.035: [GC (Allocation Failure) [PSYoungGen: 68512K->1376K(69120K)] 371932K->304796K(744448K), 0.0018412 secs] [Times: user=0.01 sys=0.00, real=0.00 secs] 
519.358: [GC (Allocation Failure) [PSYoungGen: 68448K->1376K(69120K)] 371868K->304796K(744448K), 0.0029798 secs] [Times: user=0.01 sys=0.00, real=0.01 secs] 
519.721: [GC (Allocation Failure) [PSYoungGen: 68446K->1469K(69120K)] 371866K->304889K(744448K), 0.0019590 secs] [Times: user=0.00 sys=0.00, real=0.00 secs] 
520.134: [GC (Allocation Failure) [PSYoungGen: 68541K->1520K(69120K)] 371961K->304940K(744448K), 0.0015299 secs] [Times: user=0.01 sys=0.00, real=0.00 secs] 
520.526: [GC (Allocation Failure) [PSYoungGen: 68592K->1600K(69120K)] 372012K->305020K(744448K), 0.0016100 secs] [Times: user=0.01 sys=0.00, real=0.00 secs] 
520.980: [GC (Allocation Failure) [PSYoungGen: 68672K->1584K(69120K)] 372092K->305020K(744448K), 0.0017522 secs] [Times: user=0.00 sys=0.00, real=0.01 secs] 
521.490: [GC (Allocation Failure) [PSYoungGen: 68656K->1472K(69120K)] 372092K->304908K(744448K), 0.0022243 secs] [Times: user=0.01 sys=0.00, real=0.00 secs] 
522.087: [GC (Allocation Failure) [PSYoungGen: 68544K->1408K(69120K)] 371980K->304844K(744448K), 0.0023807 secs] [Times: user=0.01 sys=0.00, real=0.00 secs] 
522.685: [GC (Allocation Failure) [PSYoungGen: 68480K->1408K(69120K)] 371916K->304844K(744448K), 0.0025436 secs] [Times: user=0.01 sys=0.00, real=0.00 secs] 
523.369: [GC (Allocation Failure) [PSYoungGen: 68480K->1376K(69120K)] 371916K->304812K(744448K), 0.0024338 secs] [Times: user=0.01 sys=0.00, real=0.01 secs] 
524.064: [GC (Allocation Failure) [PSYoungGen: 68448K->1456K(69120K)] 371884K->304892K(744448K), 0.0018137 secs] [Times: user=0.01 sys=0.00, real=0.00 secs] 
524.466: [GC (Allocation Failure) [PSYoungGen: 68528K->1536K(69120K)] 371964K->304972K(744448K), 0.0015982 secs] [Times: user=0.01 sys=0.00, real=0.00 secs] 
524.858: [GC (Allocation Failure) [PSYoungGen: 68608K->1600K(69120K)] 372044K->305036K(744448K), 0.0015959 secs] [Times: user=0.01 sys=0.00, real=0.00 secs] 
525.251: [GC (Allocation Failure) [PSYoungGen: 68672K->1584K(69120K)] 372108K->305036K(744448K), 0.0016920 secs] [Times: user=0.01 sys=0.00, real=0.00 secs] 
525.730: [GC (Allocation Failure) [PSYoungGen: 68656K->1504K(69120K)] 372108K->304956K(744448K), 0.0017373 secs] [Times: user=0.01 sys=0.00, real=0.00 secs] 
526.180: [GC (Allocation Failure) [PSYoungGen: 68576K->1408K(69120K)] 372028K->304860K(744448K), 0.0025137 secs] [Times: user=0.01 sys=0.00, real=0.00 secs] 
526.770: [GC (Allocation Failure) [PSYoungGen: 68480K->1376K(69120K)] 371932K->304828K(744448K), 0.0028889 secs] [Times: user=0.01 sys=0.00, real=0.01 secs] 
527.448: [GC (Allocation Failure) [PSYoungGen: 68448K->1344K(69120K)] 371900K->304796K(744448K), 0.0028608 secs] [Times: user=0.01 sys=0.00, real=0.01 secs] 
528.185: [GC (Allocation Failure) [PSYoungGen: 68416K->1453K(69120K)] 371868K->304905K(744448K), 0.0015695 secs] [Times: user=0.00 sys=0.00, real=0.00 secs] 
528.587: [GC (Allocation Failure) [PSYoungGen: 68525K->1600K(69120K)] 371977K->305052K(744448K), 0.0015423 secs] [Times: user=0.01 sys=0.00, real=0.00 secs] 
528.979: [GC (Allocation Failure) [PSYoungGen: 68672K->1597K(69120K)] 372124K->305049K(744448K), 0.0015777 secs] [Times: user=0.01 sys=0.00, real=0.01 secs] 
529.372: [GC (Allocation Failure) [PSYoungGen: 68669K->1520K(69120K)] 372121K->304988K(744448K), 0.0016516 secs] [Times: user=0.00 sys=0.00, real=0.00 secs] 
529.985: [GC (Allocation Failure) [PSYoungGen: 68592K->1408K(69120K)] 372060K->304876K(744448K), 0.0019860 secs] [Times: user=0.01 sys=0.00, real=0.00 secs] 
530.736: [GC (Allocation Failure) [PSYoungGen: 68480K->1408K(69120K)] 371948K->304876K(744448K), 0.0036317 secs] [Times: user=0.02 sys=0.00, real=0.00 secs] 
531.503: [GC (Allocation Failure) [PSYoungGen: 68480K->1408K(69120K)] 371948K->304876K(744448K), 0.0028913 secs] [Times: user=0.01 sys=0.00, real=0.00 secs] 
532.598: [GC (Allocation Failure) [PSYoungGen: 68480K->1408K(69120K)] 371948K->304876K(744448K), 0.0029411 secs] [Times: user=0.01 sys=0.00, real=0.01 secs] 
533.349: [GC (Allocation Failure) [PSYoungGen: 68480K->1485K(69120K)] 371948K->304953K(744448K), 0.0015662 secs] [Times: user=0.00 sys=0.00, real=0.00 secs] 
533.739: [GC (Allocation Failure) [PSYoungGen: 68557K->1552K(69120K)] 372025K->305020K(744448K), 0.0015243 secs] [Times: user=0.01 sys=0.00, real=0.01 secs] 
534.132: [GC (Allocation Failure) [PSYoungGen: 68624K->1536K(69120K)] 372092K->305004K(744448K), 0.0015882 secs] [Times: user=0.00 sys=0.00, real=0.00 secs] 
534.523: [GC (Allocation Failure) [PSYoungGen: 68608K->1533K(69120K)] 372076K->305017K(744448K), 0.0015602 secs] [Times: user=0.00 sys=0.00, real=0.00 secs] 
534.838: [GC (Allocation Failure) [PSYoungGen: 68605K->1440K(69120K)] 372089K->304924K(744448K), 0.0014780 secs] [Times: user=0.01 sys=0.00, real=0.00 secs] 
535.148: [GC (Allocation Failure) [PSYoungGen: 68512K->1408K(69120K)] 371996K->304892K(744448K), 0.0018370 secs] [Times: user=0.01 sys=0.00, real=0.00 secs] 
535.435: [GC (Allocation Failure) [PSYoungGen: 68480K->1408K(69120K)] 371964K->304892K(744448K), 0.0023039 secs] [Times: user=0.01 sys=0.00, real=0.00 secs] 
535.924: [GC (Allocation Failure) [PSYoungGen: 68480K->1408K(69120K)] 371964K->304908K(744448K), 0.0025188 secs] [Times: user=0.01 sys=0.00, real=0.00 secs] 
536.592: [GC (Allocation Failure) [PSYoungGen: 68480K->1469K(69120K)] 371980K->304969K(744448K), 0.0016658 secs] [Times: user=0.00 sys=0.00, real=0.00 secs] 
536.983: [GC (Allocation Failure) [PSYoungGen: 68535K->1597K(69120K)] 372035K->305097K(744448K), 0.0016581 secs] [Times: user=0.01 sys=0.00, real=0.00 secs] 
537.376: [GC (Allocation Failure) [PSYoungGen: 68669K->1488K(69120K)] 372169K->304988K(744448K), 0.0015995 secs] [Times: user=0.01 sys=0.00, real=0.00 secs] 
537.792: [GC (Allocation Failure) [PSYoungGen: 68560K->2016K(69120K)] 372060K->305572K(744448K), 0.0018783 secs] [Times: user=0.01 sys=0.00, real=0.00 secs] 
538.109: [GC (Allocation Failure) [PSYoungGen: 69088K->1376K(69120K)] 372644K->304932K(744448K), 0.0015894 secs] [Times: user=0.01 sys=0.00, real=0.01 secs] 
538.387: [GC (Allocation Failure) [PSYoungGen: 68448K->1440K(69120K)] 372004K->304996K(744448K), 0.0016151 secs] [Times: user=0.01 sys=0.00, real=0.00 secs] 
538.982: [GC (Allocation Failure) [PSYoungGen: 68512K->1376K(69120K)] 372068K->304932K(744448K), 0.0017125 secs] [Times: user=0.01 sys=0.00, real=0.00 secs] 
539.606: [GC (Allocation Failure) [PSYoungGen: 68448K->1376K(69120K)] 372004K->304932K(744448K), 0.0034399 secs] [Times: user=0.01 sys=0.00, real=0.00 secs] 
540.221: [GC (Allocation Failure) [PSYoungGen: 68448K->1533K(69120K)] 372004K->305089K(744448K), 0.0016567 secs] [Times: user=0.00 sys=0.00, real=0.00 secs] 
540.620: [GC (Allocation Failure) [PSYoungGen: 68605K->1565K(69120K)] 372161K->305121K(744448K), 0.0017331 secs] [Times: user=0.00 sys=0.00, real=0.00 secs] 
541.070: [GC (Allocation Failure) [PSYoungGen: 68637K->1648K(69120K)] 372193K->305204K(744448K), 0.0017486 secs] [Times: user=0.00 sys=0.00, real=0.01 secs] 
541.434: [GC (Allocation Failure) [PSYoungGen: 68720K->1488K(69120K)] 372276K->305044K(744448K), 0.0018451 secs] [Times: user=0.01 sys=0.00, real=0.00 secs] 
541.749: [GC (Allocation Failure) [PSYoungGen: 68560K->1408K(69120K)] 372116K->304964K(744448K), 0.0024519 secs] [Times: user=0.01 sys=0.00, real=0.01 secs] 
542.257: [GC (Allocation Failure) [PSYoungGen: 68480K->1408K(69120K)] 372036K->304964K(744448K), 0.0020860 secs] [Times: user=0.01 sys=0.00, real=0.00 secs] 
542.804: [GC (Allocation Failure) [PSYoungGen: 68480K->1360K(69120K)] 372036K->304916K(744448K), 0.0021575 secs] [Times: user=0.01 sys=0.00, real=0.00 secs] 
543.389: [GC (Allocation Failure) [PSYoungGen: 68432K->1440K(69120K)] 371988K->304996K(744448K), 0.0019307 secs] [Times: user=0.01 sys=0.01, real=0.01 secs] 
543.805: [GC (Allocation Failure) [PSYoungGen: 68512K->1565K(69120K)] 372068K->305121K(744448K), 0.0015308 secs] [Times: user=0.01 sys=0.00, real=0.00 secs] 
544.196: [GC (Allocation Failure) [PSYoungGen: 68637K->1552K(69120K)] 372193K->305108K(744448K), 0.0015365 secs] [Times: user=0.00 sys=0.00, real=0.00 secs] 
544.655: [GC (Allocation Failure) [PSYoungGen: 68624K->1584K(69120K)] 372180K->305156K(744448K), 0.0017630 secs] [Times: user=0.01 sys=0.00, real=0.00 secs] 
544.995: [GC (Allocation Failure) [PSYoungGen: 68656K->1472K(69120K)] 372228K->305044K(744448K), 0.0018601 secs] [Times: user=0.01 sys=0.00, real=0.00 secs] 
545.274: [GC (Allocation Failure) [PSYoungGen: 68544K->1408K(69120K)] 372116K->304996K(744448K), 0.0018372 secs] [Times: user=0.01 sys=0.00, real=0.00 secs] 
545.759: [GC (Allocation Failure) [PSYoungGen: 68480K->1344K(69120K)] 372068K->304932K(744448K), 0.0016592 secs] [Times: user=0.01 sys=0.00, real=0.01 secs] 
546.310: [GC (Allocation Failure) [PSYoungGen: 68416K->1408K(69120K)] 372004K->304996K(744448K), 0.0023269 secs] [Times: user=0.01 sys=0.00, real=0.00 secs] 
546.922: [GC (Allocation Failure) [PSYoungGen: 68480K->1472K(69120K)] 372068K->305060K(744448K), 0.0015272 secs] [Times: user=0.01 sys=0.00, real=0.00 secs] 
547.313: [GC (Allocation Failure) [PSYoungGen: 68544K->1536K(69120K)] 372132K->305124K(744448K), 0.0015838 secs] [Times: user=0.01 sys=0.00, real=0.00 secs] 
547.705: [GC (Allocation Failure) [PSYoungGen: 68608K->1501K(69120K)] 372196K->305089K(744448K), 0.0016170 secs] [Times: user=0.00 sys=0.00, real=0.00 secs] 
548.097: [GC (Allocation Failure) [PSYoungGen: 68573K->1568K(69120K)] 372161K->305172K(744448K), 0.0016285 secs] [Times: user=0.00 sys=0.00, real=0.00 secs] 
548.543: [GC (Allocation Failure) [PSYoungGen: 68640K->1424K(69120K)] 372244K->305028K(744448K), 0.0018930 secs] [Times: user=0.01 sys=0.00, real=0.00 secs] 
548.849: [GC (Allocation Failure) [PSYoungGen: 68496K->1376K(69120K)] 372100K->304980K(744448K), 0.0028818 secs] [Times: user=0.01 sys=0.00, real=0.01 secs] 
549.190: [GC (Allocation Failure) [PSYoungGen: 68448K->1344K(69120K)] 372052K->304948K(744448K), 0.0018394 secs] [Times: user=0.00 sys=0.00, real=0.01 secs] 
549.729: [GC (Allocation Failure) [PSYoungGen: 68416K->1376K(69120K)] 372020K->304980K(744448K), 0.0018885 secs] [Times: user=0.01 sys=0.00, real=0.01 secs] 
550.362: [GC (Allocation Failure) [PSYoungGen: 68448K->1565K(69120K)] 372052K->305169K(744448K), 0.0016449 secs] [Times: user=0.01 sys=0.00, real=0.00 secs] 
550.817: [GC (Allocation Failure) [PSYoungGen: 68637K->1597K(69120K)] 372241K->305201K(744448K), 0.0017749 secs] [Times: user=0.00 sys=0.00, real=0.00 secs] 
551.209: [GC (Allocation Failure) [PSYoungGen: 68669K->1565K(69120K)] 372273K->305169K(744448K), 0.0016795 secs] [Times: user=0.01 sys=0.00, real=0.01 secs] 
551.655: [GC (Allocation Failure) [PSYoungGen: 68637K->1552K(69120K)] 372241K->305172K(744448K), 0.0017463 secs] [Times: user=0.00 sys=0.00, real=0.00 secs] 
552.043: [GC (Allocation Failure) [PSYoungGen: 68624K->1440K(69120K)] 372244K->305060K(744448K), 0.0021512 secs] [Times: user=0.01 sys=0.00, real=0.00 secs] 
552.342: [GC (Allocation Failure) [PSYoungGen: 68512K->1360K(69120K)] 372132K->304980K(744448K), 0.0017678 secs] [Times: user=0.01 sys=0.00, real=0.00 secs] 
552.929: [GC (Allocation Failure) [PSYoungGen: 68432K->1376K(69120K)] 372052K->304996K(744448K), 0.0021147 secs] [Times: user=0.01 sys=0.00, real=0.01 secs] 
553.628: [GC (Allocation Failure) [PSYoungGen: 68448K->1408K(69120K)] 372068K->305028K(744448K), 0.0036501 secs] [Times: user=0.02 sys=0.00, real=0.01 secs] 
554.217: [GC (Allocation Failure) [PSYoungGen: 68480K->1485K(69120K)] 372100K->305105K(744448K), 0.0016038 secs] [Times: user=0.01 sys=0.00, real=0.00 secs] 
554.610: [GC (Allocation Failure) [PSYoungGen: 68557K->1552K(69120K)] 372177K->305172K(744448K), 0.0015223 secs] [Times: user=0.01 sys=0.00, real=0.01 secs] 
555.005: [GC (Allocation Failure) [PSYoungGen: 68624K->1584K(69120K)] 372244K->305204K(744448K), 0.0016004 secs] [Times: user=0.01 sys=0.00, real=0.00 secs] 
555.397: [GC (Allocation Failure) [PSYoungGen: 68656K->352K(69120K)] 372276K->303988K(744448K), 0.0014847 secs] [Times: user=0.00 sys=0.00, real=0.00 secs] 
555.767: [GC (Allocation Failure) [PSYoungGen: 67424K->1376K(69120K)] 371060K->305012K(744448K), 0.0017736 secs] [Times: user=0.01 sys=0.01, real=0.00 secs] 
556.046: [GC (Allocation Failure) [PSYoungGen: 68448K->1376K(69120K)] 372084K->305012K(744448K), 0.0017511 secs] [Times: user=0.00 sys=0.00, real=0.00 secs] 
556.330: [GC (Allocation Failure) [PSYoungGen: 68448K->1344K(69120K)] 372084K->304980K(744448K), 0.0017541 secs] [Times: user=0.01 sys=0.00, real=0.00 secs] 
556.609: [GC (Allocation Failure) [PSYoungGen: 68416K->1408K(69120K)] 372052K->305044K(744448K), 0.0020002 secs] [Times: user=0.00 sys=0.00, real=0.01 secs] 
557.027: [GC (Allocation Failure) [PSYoungGen: 68480K->1456K(69120K)] 372116K->305092K(744448K), 0.0014895 secs] [Times: user=0.00 sys=0.00, real=0.00 secs] 
557.418: [GC (Allocation Failure) [PSYoungGen: 68528K->1552K(69120K)] 372164K->305188K(744448K), 0.0017322 secs] [Times: user=0.00 sys=0.00, real=0.01 secs] 
557.810: [GC (Allocation Failure) [PSYoungGen: 68624K->1520K(69120K)] 372260K->305156K(744448K), 0.0016100 secs] [Times: user=0.00 sys=0.00, real=0.01 secs] 
558.220: [GC (Allocation Failure) [PSYoungGen: 68592K->1552K(69120K)] 372228K->305188K(744448K), 0.0018665 secs] [Times: user=0.01 sys=0.00, real=0.00 secs] 
558.541: [GC (Allocation Failure) [PSYoungGen: 68624K->1344K(69120K)] 372260K->304980K(744448K), 0.0016957 secs] [Times: user=0.01 sys=0.00, real=0.00 secs] 
558.885: [GC (Allocation Failure) [PSYoungGen: 68416K->1344K(69120K)] 372052K->304980K(744448K), 0.0016976 secs] [Times: user=0.01 sys=0.00, real=0.00 secs] 
559.189: [GC (Allocation Failure) [PSYoungGen: 68416K->1440K(69120K)] 372052K->305076K(744448K), 0.0018345 secs] [Times: user=0.01 sys=0.00, real=0.01 secs] 
559.625: [GC (Allocation Failure) [PSYoungGen: 68391K->304K(69120K)] 372028K->303940K(744448K), 0.0017855 secs] [Times: user=0.01 sys=0.00, real=0.00 secs] 
560.026: [GC (Allocation Failure) [PSYoungGen: 67376K->1565K(69120K)] 371012K->305201K(744448K), 0.0016647 secs] [Times: user=0.01 sys=0.00, real=0.00 secs] 
560.417: [GC (Allocation Failure) [PSYoungGen: 68637K->1584K(69120K)] 372273K->305220K(744448K), 0.0015633 secs] [Times: user=0.00 sys=0.00, real=0.00 secs] 
560.809: [GC (Allocation Failure) [PSYoungGen: 68656K->1501K(69120K)] 372292K->305145K(744448K), 0.0016303 secs] [Times: user=0.01 sys=0.00, real=0.01 secs] 
561.218: [GC (Allocation Failure) [PSYoungGen: 68573K->1456K(69120K)] 372217K->305100K(744448K), 0.0020144 secs] [Times: user=0.01 sys=0.00, real=0.00 secs] 
561.497: [GC (Allocation Failure) [PSYoungGen: 68528K->1408K(69120K)] 372172K->305052K(744448K), 0.0016979 secs] [Times: user=0.01 sys=0.00, real=0.00 secs] 
561.776: [GC (Allocation Failure) [PSYoungGen: 68480K->1376K(69120K)] 372124K->305020K(744448K), 0.0017281 secs] [Times: user=0.00 sys=0.00, real=0.00 secs] 
562.152: [GC (Allocation Failure) [PSYoungGen: 68448K->1424K(69120K)] 372092K->305068K(744448K), 0.0017673 secs] [Times: user=0.01 sys=0.00, real=0.00 secs] 
562.720: [GC (Allocation Failure) [PSYoungGen: 68496K->1501K(69120K)] 372140K->305145K(744448K), 0.0023333 secs] [Times: user=0.01 sys=0.00, real=0.01 secs] 
563.231: [GC (Allocation Failure) [PSYoungGen: 68573K->1565K(69120K)] 372217K->305209K(744448K), 0.0017680 secs] [Times: user=0.01 sys=0.00, real=0.00 secs] 
563.682: [GC (Allocation Failure) [PSYoungGen: 68637K->1568K(69120K)] 372281K->305212K(744448K), 0.0015098 secs] [Times: user=0.01 sys=0.00, real=0.00 secs] 
564.074: [GC (Allocation Failure) [PSYoungGen: 68640K->1488K(69120K)] 372284K->305156K(744448K), 0.0017318 secs] [Times: user=0.01 sys=0.00, real=0.00 secs] 
564.508: [GC (Allocation Failure) [PSYoungGen: 68560K->1456K(69120K)] 372228K->305124K(744448K), 0.0028320 secs] [Times: user=0.01 sys=0.00, real=0.01 secs] 
564.808: [GC (Allocation Failure) [PSYoungGen: 68528K->1376K(69120K)] 372196K->305044K(744448K), 0.0019483 secs] [Times: user=0.01 sys=0.00, real=0.00 secs] 
565.186: [GC (Allocation Failure) [PSYoungGen: 68448K->1360K(69120K)] 372116K->305028K(744448K), 0.0017831 secs] [Times: user=0.01 sys=0.00, real=0.00 secs] 
565.938: [GC (Allocation Failure) [PSYoungGen: 68432K->1376K(69120K)] 372100K->305044K(744448K), 0.0031239 secs] [Times: user=0.01 sys=0.00, real=0.01 secs] 
566.645: [GC (Allocation Failure) [PSYoungGen: 68448K->1485K(69120K)] 372116K->305153K(744448K), 0.0015727 secs] [Times: user=0.01 sys=0.00, real=0.00 secs] 
567.038: [GC (Allocation Failure) [PSYoungGen: 68557K->1597K(69120K)] 372225K->305265K(744448K), 0.0016465 secs] [Times: user=0.00 sys=0.00, real=0.00 secs] 
567.430: [GC (Allocation Failure) [PSYoungGen: 68669K->1600K(69120K)] 372337K->305268K(744448K), 0.0016179 secs] [Times: user=0.01 sys=0.00, real=0.00 secs] 
567.825: [GC (Allocation Failure) [PSYoungGen: 68672K->1600K(69120K)] 372340K->305284K(744448K), 0.0016393 secs] [Times: user=0.01 sys=0.00, real=0.00 secs] 
568.168: [GC (Allocation Failure) [PSYoungGen: 68672K->1408K(69120K)] 372356K->305092K(744448K), 0.0015393 secs] [Times: user=0.01 sys=0.00, real=0.00 secs] 
568.445: [GC (Allocation Failure) [PSYoungGen: 68480K->1408K(69120K)] 372164K->305092K(744448K), 0.0015195 secs] [Times: user=0.01 sys=0.00, real=0.00 secs] 
568.724: [GC (Allocation Failure) [PSYoungGen: 68480K->1376K(69120K)] 372164K->305060K(744448K), 0.0027315 secs] [Times: user=0.01 sys=0.00, real=0.00 secs] 
569.009: [GC (Allocation Failure) [PSYoungGen: 68448K->1408K(69120K)] 372132K->305092K(744448K), 0.0025960 secs] [Times: user=0.01 sys=0.00, real=0.01 secs] 
569.426: [GC (Allocation Failure) [PSYoungGen: 68480K->1533K(69120K)] 372164K->305217K(744448K), 0.0015596 secs] [Times: user=0.00 sys=0.00, real=0.00 secs] 
569.819: [GC (Allocation Failure) [PSYoungGen: 68605K->1565K(69120K)] 372289K->305249K(744448K), 0.0017228 secs] [Times: user=0.01 sys=0.00, real=0.01 secs] 
570.212: [GC (Allocation Failure) [PSYoungGen: 68637K->1568K(69120K)] 372321K->305252K(744448K), 0.0015170 secs] [Times: user=0.00 sys=0.00, real=0.00 secs] 
570.605: [GC (Allocation Failure) [PSYoungGen: 68640K->1533K(69120K)] 372324K->305233K(744448K), 0.0015167 secs] [Times: user=0.01 sys=0.00, real=0.00 secs] 
571.188: [GC (Allocation Failure) [PSYoungGen: 68605K->1408K(69120K)] 372305K->305116K(744448K), 0.0016539 secs] [Times: user=0.01 sys=0.00, real=0.00 secs] 
571.760: [GC (Allocation Failure) [PSYoungGen: 68480K->1376K(69120K)] 372188K->305084K(744448K), 0.0021226 secs] [Times: user=0.01 sys=0.00, real=0.01 secs] 
572.282: [GC (Allocation Failure) [PSYoungGen: 68448K->1440K(69120K)] 372156K->305148K(744448K), 0.0019028 secs] [Times: user=0.01 sys=0.00, real=0.00 secs] 
572.561: [GC (Allocation Failure) [PSYoungGen: 68512K->1408K(69120K)] 372220K->305116K(744448K), 0.0018028 secs] [Times: user=0.01 sys=0.00, real=0.00 secs] 
573.008: [GC (Allocation Failure) [PSYoungGen: 68460K->1472K(69120K)] 372168K->305180K(744448K), 0.0014948 secs] [Times: user=0.01 sys=0.00, real=0.00 secs] 
573.401: [GC (Allocation Failure) [PSYoungGen: 68542K->1565K(69120K)] 372250K->305273K(744448K), 0.0015211 secs] [Times: user=0.01 sys=0.00, real=0.00 secs] 
573.794: [GC (Allocation Failure) [PSYoungGen: 68637K->1533K(69120K)] 372345K->305241K(744448K), 0.0015174 secs] [Times: user=0.00 sys=0.00, real=0.00 secs] 
574.303: [GC (Allocation Failure) [PSYoungGen: 68605K->1840K(69120K)] 372313K->305564K(744448K), 0.0019115 secs] [Times: user=0.01 sys=0.00, real=0.00 secs] 
574.922: [GC (Allocation Failure) [PSYoungGen: 68912K->1376K(69120K)] 372636K->305100K(744448K), 0.0023626 secs] [Times: user=0.01 sys=0.00, real=0.00 secs] 
575.204: [GC (Allocation Failure) [PSYoungGen: 68448K->1376K(69120K)] 372172K->305100K(744448K), 0.0019662 secs] [Times: user=0.01 sys=0.00, real=0.00 secs] 
575.554: [GC (Allocation Failure) [PSYoungGen: 68448K->1376K(69120K)] 372172K->305100K(744448K), 0.0018487 secs] [Times: user=0.01 sys=0.00, real=0.00 secs] 
575.833: [GC (Allocation Failure) [PSYoungGen: 68448K->1408K(69120K)] 372172K->305132K(744448K), 0.0017149 secs] [Times: user=0.01 sys=0.00, real=0.00 secs] 
576.245: [GC (Allocation Failure) [PSYoungGen: 68480K->1568K(69120K)] 372204K->305292K(744448K), 0.0016011 secs] [Times: user=0.00 sys=0.00, real=0.00 secs] 
576.636: [GC (Allocation Failure) [PSYoungGen: 68640K->1597K(69120K)] 372364K->305321K(744448K), 0.0016265 secs] [Times: user=0.00 sys=0.00, real=0.00 secs] 
577.028: [GC (Allocation Failure) [PSYoungGen: 68669K->1597K(69120K)] 372393K->305321K(744448K), 0.0015888 secs] [Times: user=0.00 sys=0.01, real=0.00 secs] 
577.430: [GC (Allocation Failure) [PSYoungGen: 68669K->1504K(69120K)] 372393K->305244K(744448K), 0.0018816 secs] [Times: user=0.01 sys=0.00, real=0.01 secs] 
577.736: [GC (Allocation Failure) [PSYoungGen: 68576K->1408K(69120K)] 372316K->305148K(744448K), 0.0016724 secs] [Times: user=0.01 sys=0.00, real=0.00 secs] 
578.067: [GC (Allocation Failure) [PSYoungGen: 68480K->1344K(69120K)] 372220K->305084K(744448K), 0.0016979 secs] [Times: user=0.01 sys=0.00, real=0.00 secs] 
578.345: [GC (Allocation Failure) [PSYoungGen: 68416K->1360K(69120K)] 372156K->305100K(744448K), 0.0017000 secs] [Times: user=0.00 sys=0.00, real=0.00 secs] 
578.774: [GC (Allocation Failure) [PSYoungGen: 68432K->1504K(69120K)] 372172K->305244K(744448K), 0.0019379 secs] [Times: user=0.00 sys=0.00, real=0.00 secs] 
579.168: [GC (Allocation Failure) [PSYoungGen: 68576K->1597K(69120K)] 372316K->305337K(744448K), 0.0016755 secs] [Times: user=0.01 sys=0.00, real=0.00 secs] 
579.623: [GC (Allocation Failure) [PSYoungGen: 68669K->1597K(69120K)] 372409K->305337K(744448K), 0.0016346 secs] [Times: user=0.01 sys=0.00, real=0.00 secs] 
580.018: [GC (Allocation Failure) [PSYoungGen: 68669K->1616K(69120K)] 372409K->305364K(744448K), 0.0015258 secs] [Times: user=0.00 sys=0.00, real=0.00 secs] 
580.531: [GC (Allocation Failure) [PSYoungGen: 68688K->1456K(69120K)] 372436K->305204K(744448K), 0.0027635 secs] [Times: user=0.01 sys=0.00, real=0.00 secs] 
581.186: [GC (Allocation Failure) [PSYoungGen: 68528K->1424K(69120K)] 372276K->305172K(744448K), 0.0029361 secs] [Times: user=0.01 sys=0.00, real=0.00 secs] 
581.773: [GC (Allocation Failure) [PSYoungGen: 68496K->1376K(69120K)] 372244K->305124K(744448K), 0.0026312 secs] [Times: user=0.01 sys=0.00, real=0.00 secs] 
582.252: [GC (Allocation Failure) [PSYoungGen: 68448K->1344K(69120K)] 372196K->305092K(744448K), 0.0020767 secs] [Times: user=0.00 sys=0.00, real=0.00 secs] 
582.593: [GC (Allocation Failure) [PSYoungGen: 68416K->1517K(69120K)] 372164K->305265K(744448K), 0.0015532 secs] [Times: user=0.00 sys=0.00, real=0.00 secs] 
582.984: [GC (Allocation Failure) [PSYoungGen: 68589K->1568K(69120K)] 372337K->305316K(744448K), 0.0016385 secs] [Times: user=0.00 sys=0.00, real=0.00 secs] 
583.440: [GC (Allocation Failure) [PSYoungGen: 68640K->1565K(69120K)] 372388K->305313K(744448K), 0.0015799 secs] [Times: user=0.01 sys=0.00, real=0.01 secs] 
583.835: [GC (Allocation Failure) [PSYoungGen: 68637K->1568K(69120K)] 372385K->305332K(744448K), 0.0016848 secs] [Times: user=0.01 sys=0.00, real=0.00 secs] 
585.034: [GC (Allocation Failure) [PSYoungGen: 68640K->1424K(69120K)] 372404K->305196K(744448K), 0.0038735 secs] [Times: user=0.01 sys=0.01, real=0.00 secs] 
586.385: [GC (Allocation Failure) [PSYoungGen: 68496K->1376K(69120K)] 372268K->305148K(744448K), 0.0037577 secs] [Times: user=0.01 sys=0.00, real=0.00 secs] 
587.232: [GC (Allocation Failure) [PSYoungGen: 68448K->1408K(69120K)] 372220K->305196K(744448K), 0.0037143 secs] [Times: user=0.01 sys=0.00, real=0.00 secs] 
587.883: [GC (Allocation Failure) [PSYoungGen: 68480K->1376K(69120K)] 372268K->305164K(744448K), 0.0023965 secs] [Times: user=0.01 sys=0.00, real=0.00 secs] 
588.378: [GC (Allocation Failure) [PSYoungGen: 68448K->1520K(69120K)] 372236K->305308K(744448K), 0.0015178 secs] [Times: user=0.00 sys=0.00, real=0.00 secs] 
588.833: [GC (Allocation Failure) [PSYoungGen: 68592K->1552K(69120K)] 372380K->305340K(744448K), 0.0017288 secs] [Times: user=0.01 sys=0.00, real=0.00 secs] 
589.285: [GC (Allocation Failure) [PSYoungGen: 68624K->1517K(69120K)] 372412K->305305K(744448K), 0.0016223 secs] [Times: user=0.00 sys=0.01, real=0.00 secs] 
589.686: [GC (Allocation Failure) [PSYoungGen: 68589K->1584K(69120K)] 372377K->305380K(744448K), 0.0017703 secs] [Times: user=0.01 sys=0.00, real=0.00 secs] 
590.286: [GC (Allocation Failure) [PSYoungGen: 68656K->1472K(69120K)] 372452K->305268K(744448K), 0.0030445 secs] [Times: user=0.01 sys=0.00, real=0.00 secs] 
590.893: [GC (Allocation Failure) [PSYoungGen: 68544K->1408K(69120K)] 372340K->305204K(744448K), 0.0023545 secs] [Times: user=0.01 sys=0.00, real=0.00 secs] 
591.584: [GC (Allocation Failure) [PSYoungGen: 68480K->1408K(69120K)] 372276K->305204K(744448K), 0.0022212 secs] [Times: user=0.00 sys=0.00, real=0.00 secs] 
591.919: [GC (Allocation Failure) [PSYoungGen: 68480K->1408K(69120K)] 372276K->305204K(744448K), 0.0018520 secs] [Times: user=0.01 sys=0.00, real=0.01 secs] 
592.390: [GC (Allocation Failure) [PSYoungGen: 68480K->1517K(69120K)] 372276K->305313K(744448K), 0.0015685 secs] [Times: user=0.00 sys=0.00, real=0.01 secs] 
592.784: [GC (Allocation Failure) [PSYoungGen: 68589K->1565K(69120K)] 372385K->305361K(744448K), 0.0015526 secs] [Times: user=0.01 sys=0.00, real=0.00 secs] 
593.175: [GC (Allocation Failure) [PSYoungGen: 68637K->1565K(69120K)] 372433K->305361K(744448K), 0.0015970 secs] [Times: user=0.01 sys=0.00, real=0.00 secs] 
593.566: [GC (Allocation Failure) [PSYoungGen: 68500K->352K(69120K)] 372296K->304172K(744448K), 0.0015080 secs] [Times: user=0.00 sys=0.00, real=0.00 secs] 
594.258: [GC (Allocation Failure) [PSYoungGen: 67424K->1408K(69120K)] 371244K->305228K(744448K), 0.0018930 secs] [Times: user=0.01 sys=0.00, real=0.00 secs] 
595.011: [GC (Allocation Failure) [PSYoungGen: 68480K->1408K(69120K)] 372300K->305228K(744448K), 0.0023582 secs] [Times: user=0.01 sys=0.00, real=0.00 secs] 
595.603: [GC (Allocation Failure) [PSYoungGen: 68480K->1440K(69120K)] 372300K->305260K(744448K), 0.0024515 secs] [Times: user=0.01 sys=0.00, real=0.00 secs] 
596.184: [GC (Allocation Failure) [PSYoungGen: 68512K->1376K(69120K)] 372332K->305204K(744448K), 0.0022925 secs] [Times: user=0.01 sys=0.00, real=0.00 secs] 
596.791: [GC (Allocation Failure) [PSYoungGen: 68448K->1501K(69120K)] 372276K->305329K(744448K), 0.0016302 secs] [Times: user=0.00 sys=0.00, real=0.00 secs] 
597.182: [GC (Allocation Failure) [PSYoungGen: 68573K->1520K(69120K)] 372401K->305348K(744448K), 0.0016583 secs] [Times: user=0.00 sys=0.00, real=0.00 secs] 
597.575: [GC (Allocation Failure) [PSYoungGen: 68592K->1488K(69120K)] 372420K->305316K(744448K), 0.0016259 secs] [Times: user=0.00 sys=0.00, real=0.00 secs] 
598.151: [GC (Allocation Failure) [PSYoungGen: 68560K->1520K(69120K)] 372388K->305348K(744448K), 0.0019130 secs] [Times: user=0.00 sys=0.00, real=0.00 secs] 
598.854: [GC (Allocation Failure) [PSYoungGen: 68592K->1376K(69120K)] 372420K->305204K(744448K), 0.0028785 secs] [Times: user=0.02 sys=0.00, real=0.00 secs] 
599.374: [GC (Allocation Failure) [PSYoungGen: 68448K->1376K(69120K)] 372276K->305204K(744448K), 0.0024983 secs] [Times: user=0.01 sys=0.00, real=0.00 secs] 
599.777: [GC (Allocation Failure) [PSYoungGen: 68448K->1344K(69120K)] 372276K->305172K(744448K), 0.0018910 secs] [Times: user=0.01 sys=0.00, real=0.00 secs] 
600.074: [GC (Allocation Failure) [PSYoungGen: 68416K->1376K(69120K)] 372244K->305204K(744448K), 0.0034219 secs] [Times: user=0.02 sys=0.00, real=0.00 secs] 
600.496: [GC (Allocation Failure) [PSYoungGen: 68448K->1565K(69120K)] 372276K->305393K(744448K), 0.0016159 secs] [Times: user=0.00 sys=0.00, real=0.00 secs] 
600.888: [GC (Allocation Failure) [PSYoungGen: 68637K->1565K(69120K)] 372465K->305393K(744448K), 0.0015021 secs] [Times: user=0.01 sys=0.00, real=0.00 secs] 
601.279: [GC (Allocation Failure) [PSYoungGen: 68637K->1600K(69120K)] 372465K->305436K(744448K), 0.0016617 secs] [Times: user=0.01 sys=0.00, real=0.01 secs] 
601.799: [GC (Allocation Failure) [PSYoungGen: 68672K->1472K(69120K)] 372508K->305316K(744448K), 0.0020496 secs] [Times: user=0.01 sys=0.00, real=0.01 secs] 
602.455: [GC (Allocation Failure) [PSYoungGen: 68544K->1376K(69120K)] 372388K->305220K(744448K), 0.0019286 secs] [Times: user=0.00 sys=0.00, real=0.00 secs] 
603.114: [GC (Allocation Failure) [PSYoungGen: 68448K->1376K(69120K)] 372292K->305220K(744448K), 0.0020643 secs] [Times: user=0.00 sys=0.00, real=0.00 secs] 
603.531: [GC (Allocation Failure) [PSYoungGen: 68448K->1408K(69120K)] 372292K->305252K(744448K), 0.0018615 secs] [Times: user=0.01 sys=0.00, real=0.00 secs] 
603.930: [GC (Allocation Failure) [PSYoungGen: 68480K->1469K(69120K)] 372324K->305313K(744448K), 0.0014755 secs] [Times: user=0.01 sys=0.00, real=0.01 secs] 
604.323: [GC (Allocation Failure) [PSYoungGen: 68541K->1552K(69120K)] 372385K->305396K(744448K), 0.0014965 secs] [Times: user=0.00 sys=0.00, real=0.00 secs] 
604.717: [GC (Allocation Failure) [PSYoungGen: 68624K->1632K(69120K)] 372468K->305476K(744448K), 0.0016121 secs] [Times: user=0.01 sys=0.00, real=0.00 secs] 
605.170: [GC (Allocation Failure) [PSYoungGen: 68704K->1552K(69120K)] 372548K->305412K(744448K), 0.0016572 secs] [Times: user=0.01 sys=0.00, real=0.01 secs] 
605.797: [GC (Allocation Failure) [PSYoungGen: 68624K->1472K(69120K)] 372484K->305332K(744448K), 0.0023302 secs] [Times: user=0.01 sys=0.00, real=0.00 secs] 
606.406: [GC (Allocation Failure) [PSYoungGen: 68544K->1376K(69120K)] 372404K->305236K(744448K), 0.0022281 secs] [Times: user=0.01 sys=0.00, real=0.00 secs] 
606.937: [GC (Allocation Failure) [PSYoungGen: 68448K->1408K(69120K)] 372308K->305268K(744448K), 0.0023710 secs] [Times: user=0.01 sys=0.00, real=0.00 secs] 
607.444: [GC (Allocation Failure) [PSYoungGen: 68480K->1344K(69120K)] 372340K->305204K(744448K), 0.0023768 secs] [Times: user=0.01 sys=0.00, real=0.00 secs] 
608.045: [GC (Allocation Failure) [PSYoungGen: 68416K->1472K(69120K)] 372276K->305332K(744448K), 0.0017088 secs] [Times: user=0.00 sys=0.00, real=0.00 secs] 
608.495: [GC (Allocation Failure) [PSYoungGen: 68544K->1568K(69120K)] 372404K->305428K(744448K), 0.0017400 secs] [Times: user=0.01 sys=0.00, real=0.00 secs] 
608.946: [GC (Allocation Failure) [PSYoungGen: 68640K->1597K(69120K)] 372500K->305457K(744448K), 0.0017169 secs] [Times: user=0.01 sys=0.00, real=0.00 secs] 
609.339: [GC (Allocation Failure) [PSYoungGen: 68669K->1616K(69120K)] 372529K->305484K(744448K), 0.0016021 secs] [Times: user=0.00 sys=0.00, real=0.01 secs] 
609.986: [GC (Allocation Failure) [PSYoungGen: 68688K->1440K(69120K)] 372556K->305308K(744448K), 0.0037885 secs] [Times: user=0.01 sys=0.00, real=0.00 secs] 
610.419: [GC (Allocation Failure) [PSYoungGen: 68512K->1408K(69120K)] 372380K->305276K(744448K), 0.0018707 secs] [Times: user=0.00 sys=0.00, real=0.01 secs] 
610.841: [GC (Allocation Failure) [PSYoungGen: 68480K->1376K(69120K)] 372348K->305244K(744448K), 0.0018475 secs] [Times: user=0.01 sys=0.00, real=0.00 secs] 
611.399: [GC (Allocation Failure) [PSYoungGen: 68448K->1360K(69120K)] 372316K->305228K(744448K), 0.0025917 secs] [Times: user=0.01 sys=0.00, real=0.01 secs] 
611.991: [GC (Allocation Failure) [PSYoungGen: 68432K->1501K(69120K)] 372300K->305369K(744448K), 0.0015482 secs] [Times: user=0.00 sys=0.00, real=0.00 secs] 
612.382: [GC (Allocation Failure) [PSYoungGen: 68573K->1533K(69120K)] 372441K->305401K(744448K), 0.0015603 secs] [Times: user=0.01 sys=0.00, real=0.00 secs] 
612.774: [GC (Allocation Failure) [PSYoungGen: 68605K->1552K(69120K)] 372473K->305420K(744448K), 0.0015891 secs] [Times: user=0.01 sys=0.00, real=0.00 secs] 
613.226: [GC (Allocation Failure) [PSYoungGen: 68624K->1565K(69120K)] 372492K->305449K(744448K), 0.0016950 secs] [Times: user=0.01 sys=0.00, real=0.00 secs] 
613.650: [GC (Allocation Failure) [PSYoungGen: 68637K->1424K(69120K)] 372521K->305308K(744448K), 0.0024270 secs] [Times: user=0.01 sys=0.00, real=0.00 secs] 
613.930: [GC (Allocation Failure) [PSYoungGen: 68496K->1360K(69120K)] 372380K->305244K(744448K), 0.0019176 secs] [Times: user=0.00 sys=0.00, real=0.01 secs] 
614.208: [GC (Allocation Failure) [PSYoungGen: 68432K->1408K(69120K)] 372316K->305292K(744448K), 0.0018444 secs] [Times: user=0.01 sys=0.00, real=0.01 secs] 
614.487: [GC (Allocation Failure) [PSYoungGen: 68480K->1360K(69120K)] 372364K->305252K(744448K), 0.0018882 secs] [Times: user=0.01 sys=0.00, real=0.00 secs] 
614.871: [GC (Allocation Failure) [PSYoungGen: 68432K->1517K(69120K)] 372324K->305425K(744448K), 0.0016988 secs] [Times: user=0.01 sys=0.00, real=0.00 secs] 
615.262: [GC (Allocation Failure) [PSYoungGen: 68589K->1520K(69120K)] 372497K->305428K(744448K), 0.0015008 secs] [Times: user=0.01 sys=0.00, real=0.00 secs] 
615.716: [GC (Allocation Failure) [PSYoungGen: 68592K->1584K(69120K)] 372500K->305492K(744448K), 0.0016949 secs] [Times: user=0.00 sys=0.00, real=0.00 secs] 
616.143: [GC (Allocation Failure) [PSYoungGen: 68656K->2016K(69120K)] 372564K->305948K(744448K), 0.0019619 secs] [Times: user=0.01 sys=0.00, real=0.00 secs] 
616.509: [GC (Allocation Failure) [PSYoungGen: 69088K->1392K(69120K)] 373020K->305340K(744448K), 0.0019006 secs] [Times: user=0.01 sys=0.00, real=0.01 secs] 
616.787: [GC (Allocation Failure) [PSYoungGen: 68464K->1408K(69120K)] 372412K->305356K(744448K), 0.0018532 secs] [Times: user=0.00 sys=0.00, real=0.00 secs] 
617.066: [GC (Allocation Failure) [PSYoungGen: 68480K->1408K(69120K)] 372428K->305356K(744448K), 0.0018945 secs] [Times: user=0.01 sys=0.00, real=0.00 secs] 
617.344: [GC (Allocation Failure) [PSYoungGen: 68480K->1440K(69120K)] 372428K->305388K(744448K), 0.0017424 secs] [Times: user=0.01 sys=0.00, real=0.00 secs] 
617.755: [GC (Allocation Failure) [PSYoungGen: 68512K->1533K(69120K)] 372460K->305481K(744448K), 0.0016376 secs] [Times: user=0.01 sys=0.00, real=0.00 secs] 
618.149: [GC (Allocation Failure) [PSYoungGen: 68590K->1597K(69120K)] 372539K->305545K(744448K), 0.0015333 secs] [Times: user=0.01 sys=0.00, real=0.00 secs] 
618.606: [GC (Allocation Failure) [PSYoungGen: 68669K->1533K(69120K)] 372617K->305481K(744448K), 0.0017138 secs] [Times: user=0.01 sys=0.00, real=0.00 secs] 
619.263: [GC (Allocation Failure) [PSYoungGen: 68605K->1488K(69120K)] 372553K->305436K(744448K), 0.0029829 secs] [Times: user=0.01 sys=0.00, real=0.00 secs] 
620.274: [GC (Allocation Failure) [PSYoungGen: 68560K->1392K(69120K)] 372508K->305340K(744448K), 0.0032260 secs] [Times: user=0.01 sys=0.00, real=0.00 secs] 
620.915: [GC (Allocation Failure) [PSYoungGen: 68464K->1376K(69120K)] 372412K->305324K(744448K), 0.0020629 secs] [Times: user=0.00 sys=0.00, real=0.00 secs] 
621.327: [GC (Allocation Failure) [PSYoungGen: 68448K->1408K(69120K)] 372396K->305356K(744448K), 0.0024202 secs] [Times: user=0.01 sys=0.00, real=0.00 secs] 
621.834: [GC (Allocation Failure) [PSYoungGen: 68480K->1437K(69120K)] 372428K->305385K(744448K), 0.0019406 secs] [Times: user=0.01 sys=0.00, real=0.00 secs] 
622.248: [GC (Allocation Failure) [PSYoungGen: 68509K->1552K(69120K)] 372457K->305500K(744448K), 0.0015109 secs] [Times: user=0.00 sys=0.00, real=0.00 secs] 
622.640: [GC (Allocation Failure) [PSYoungGen: 68624K->1552K(69120K)] 372572K->305500K(744448K), 0.0015535 secs] [Times: user=0.01 sys=0.00, real=0.01 secs] 
623.032: [GC (Allocation Failure) [PSYoungGen: 68624K->1616K(69120K)] 372572K->305580K(744448K), 0.0015728 secs] [Times: user=0.00 sys=0.00, real=0.00 secs] 
624.033: [GC (Allocation Failure) [PSYoungGen: 68688K->1440K(69120K)] 372652K->305404K(744448K), 0.0026214 secs] [Times: user=0.01 sys=0.00, real=0.00 secs] 
624.885: [GC (Allocation Failure) [PSYoungGen: 68512K->1376K(69120K)] 372476K->305340K(744448K), 0.0027336 secs] [Times: user=0.01 sys=0.00, real=0.00 secs] 
625.429: [GC (Allocation Failure) [PSYoungGen: 68448K->1360K(69120K)] 372412K->305324K(744448K), 0.0028717 secs] [Times: user=0.01 sys=0.00, real=0.01 secs] 
625.958: [GC (Allocation Failure) [PSYoungGen: 68432K->1376K(69120K)] 372396K->305340K(744448K), 0.0030139 secs] [Times: user=0.01 sys=0.00, real=0.01 secs] 
626.416: [GC (Allocation Failure) [PSYoungGen: 68448K->1501K(69120K)] 372412K->305465K(744448K), 0.0015479 secs] [Times: user=0.01 sys=0.00, real=0.00 secs] 
626.807: [GC (Allocation Failure) [PSYoungGen: 68573K->1568K(69120K)] 372537K->305548K(744448K), 0.0016717 secs] [Times: user=0.01 sys=0.00, real=0.00 secs] 
627.201: [GC (Allocation Failure) [PSYoungGen: 68640K->1584K(69120K)] 372620K->305564K(744448K), 0.0016207 secs] [Times: user=0.01 sys=0.00, real=0.00 secs] 
627.594: [GC (Allocation Failure) [PSYoungGen: 68656K->1616K(69120K)] 372636K->305612K(744448K), 0.0016258 secs] [Times: user=0.00 sys=0.00, real=0.00 secs] 
629.458: [GC (Allocation Failure) [PSYoungGen: 68688K->1456K(69120K)] 372684K->305460K(744448K), 0.0026256 secs] [Times: user=0.01 sys=0.00, real=0.01 secs] 
629.735: [GC (Allocation Failure) [PSYoungGen: 68528K->1408K(69120K)] 372532K->305420K(744448K), 0.0018332 secs] [Times: user=0.00 sys=0.00, real=0.00 secs] 
630.014: [GC (Allocation Failure) [PSYoungGen: 68480K->1312K(69120K)] 372492K->305324K(744448K), 0.0019123 secs] [Times: user=0.01 sys=0.00, real=0.00 secs] 
630.292: [GC (Allocation Failure) [PSYoungGen: 68384K->1408K(69120K)] 372396K->305420K(744448K), 0.0017767 secs] [Times: user=0.00 sys=0.00, real=0.00 secs] 
630.666: [GC (Allocation Failure) [PSYoungGen: 68480K->1565K(69120K)] 372492K->305577K(744448K), 0.0015812 secs] [Times: user=0.00 sys=0.00, real=0.00 secs] 
631.068: [GC (Allocation Failure) [PSYoungGen: 68637K->1520K(69120K)] 372649K->305532K(744448K), 0.0017388 secs] [Times: user=0.01 sys=0.00, real=0.00 secs] 
631.459: [GC (Allocation Failure) [PSYoungGen: 68592K->1565K(69120K)] 372604K->305577K(744448K), 0.0016555 secs] [Times: user=0.01 sys=0.00, real=0.01 secs] 
631.850: [GC (Allocation Failure) [PSYoungGen: 68637K->1552K(69120K)] 372649K->305580K(744448K), 0.0016758 secs] [Times: user=0.01 sys=0.00, real=0.00 secs] 
632.262: [GC (Allocation Failure) [PSYoungGen: 68624K->1408K(69120K)] 372652K->305444K(744448K), 0.0017642 secs] [Times: user=0.00 sys=0.00, real=0.00 secs] 
632.603: [GC (Allocation Failure) [PSYoungGen: 68480K->1408K(69120K)] 372516K->305444K(744448K), 0.0018915 secs] [Times: user=0.00 sys=0.00, real=0.00 secs] 
632.903: [GC (Allocation Failure) [PSYoungGen: 68480K->1392K(69120K)] 372516K->305428K(744448K), 0.0018449 secs] [Times: user=0.01 sys=0.00, real=0.00 secs] 
633.203: [GC (Allocation Failure) [PSYoungGen: 68464K->1376K(69120K)] 372500K->305412K(744448K), 0.0018729 secs] [Times: user=0.01 sys=0.00, real=0.00 secs] 
633.610: [GC (Allocation Failure) [PSYoungGen: 68448K->1552K(69120K)] 372484K->305588K(744448K), 0.0015637 secs] [Times: user=0.01 sys=0.00, real=0.00 secs] 
634.004: [GC (Allocation Failure) [PSYoungGen: 68612K->1600K(69120K)] 372648K->305636K(744448K), 0.0016618 secs] [Times: user=0.00 sys=0.00, real=0.00 secs] 
634.396: [GC (Allocation Failure) [PSYoungGen: 68672K->1584K(69120K)] 372708K->305620K(744448K), 0.0016660 secs] [Times: user=0.00 sys=0.00, real=0.00 secs] 
634.789: [GC (Allocation Failure) [PSYoungGen: 68656K->1616K(69120K)] 372692K->305676K(744448K), 0.0016121 secs] [Times: user=0.00 sys=0.00, real=0.01 secs] 
635.100: [GC (Allocation Failure) [PSYoungGen: 68688K->1440K(69120K)] 372748K->305500K(744448K), 0.0015844 secs] [Times: user=0.01 sys=0.00, real=0.01 secs] 
635.635: [GC (Allocation Failure) [PSYoungGen: 68512K->1376K(69120K)] 372572K->305436K(744448K), 0.0023667 secs] [Times: user=0.01 sys=0.00, real=0.00 secs] 
636.193: [GC (Allocation Failure) [PSYoungGen: 68448K->1408K(69120K)] 372508K->305468K(744448K), 0.0029142 secs] [Times: user=0.02 sys=0.00, real=0.00 secs] 
636.748: [GC (Allocation Failure) [PSYoungGen: 68480K->1440K(69120K)] 372540K->305500K(744448K), 0.0019881 secs] [Times: user=0.01 sys=0.00, real=0.00 secs] 
637.215: [GC (Allocation Failure) [PSYoungGen: 68512K->1456K(69120K)] 372572K->305516K(744448K), 0.0015987 secs] [Times: user=0.01 sys=0.00, real=0.00 secs] 
637.606: [GC (Allocation Failure) [PSYoungGen: 68508K->1616K(69120K)] 372568K->305676K(744448K), 0.0015640 secs] [Times: user=0.01 sys=0.00, real=0.00 secs] 
637.999: [GC (Allocation Failure) [PSYoungGen: 68688K->1520K(69120K)] 372748K->305580K(744448K), 0.0014996 secs] [Times: user=0.01 sys=0.00, real=0.00 secs] 
638.372: [GC (Allocation Failure) [PSYoungGen: 68592K->1520K(69120K)] 372652K->305588K(744448K), 0.0016467 secs] [Times: user=0.01 sys=0.00, real=0.00 secs] 
638.650: [GC (Allocation Failure) [PSYoungGen: 68592K->1376K(69120K)] 372660K->305444K(744448K), 0.0014710 secs] [Times: user=0.01 sys=0.00, real=0.01 secs] 
639.024: [GC (Allocation Failure) [PSYoungGen: 68448K->1392K(69120K)] 372516K->305460K(744448K), 0.0016923 secs] [Times: user=0.01 sys=0.00, real=0.00 secs] 
639.573: [GC (Allocation Failure) [PSYoungGen: 68464K->1408K(69120K)] 372532K->305476K(744448K), 0.0016022 secs] [Times: user=0.01 sys=0.00, real=0.00 secs] 
640.065: [GC (Allocation Failure) [PSYoungGen: 68480K->1376K(69120K)] 372548K->305444K(744448K), 0.0019507 secs] [Times: user=0.01 sys=0.00, real=0.00 secs] 
640.575: [GC (Allocation Failure) [PSYoungGen: 68448K->1616K(69120K)] 372516K->305684K(744448K), 0.0016849 secs] [Times: user=0.01 sys=0.00, real=0.00 secs] 
640.967: [GC (Allocation Failure) [PSYoungGen: 68688K->1584K(69120K)] 372756K->305652K(744448K), 0.0015086 secs] [Times: user=0.00 sys=0.00, real=0.00 secs] 
641.369: [GC (Allocation Failure) [PSYoungGen: 68656K->1616K(69120K)] 372724K->305684K(744448K), 0.0016809 secs] [Times: user=0.01 sys=0.00, real=0.01 secs] 
642.066: [GC (Allocation Failure) [PSYoungGen: 68688K->1472K(69120K)] 372756K->305540K(744448K), 0.0023300 secs] [Times: user=0.01 sys=0.00, real=0.00 secs] 
642.426: [GC (Allocation Failure) [PSYoungGen: 68544K->1360K(69120K)] 372612K->305428K(744448K), 0.0018644 secs] [Times: user=0.01 sys=0.00, real=0.00 secs] 
642.760: [GC (Allocation Failure) [PSYoungGen: 68432K->1408K(69120K)] 372500K->305476K(744448K), 0.0019971 secs] [Times: user=0.01 sys=0.00, real=0.01 secs] 
643.087: [GC (Allocation Failure) [PSYoungGen: 68480K->1376K(69120K)] 372548K->305444K(744448K), 0.0017410 secs] [Times: user=0.01 sys=0.00, real=0.00 secs] 
643.453: [GC (Allocation Failure) [PSYoungGen: 68448K->1472K(69120K)] 372516K->305540K(744448K), 0.0015357 secs] [Times: user=0.01 sys=0.00, real=0.00 secs] 
643.843: [GC (Allocation Failure) [PSYoungGen: 68544K->1616K(69120K)] 372612K->305684K(744448K), 0.0016645 secs] [Times: user=0.00 sys=0.00, real=0.00 secs] 
644.238: [GC (Allocation Failure) [PSYoungGen: 68688K->1552K(69120K)] 372756K->305620K(744448K), 0.0015547 secs] [Times: user=0.01 sys=0.00, real=0.00 secs] 
644.630: [GC (Allocation Failure) [PSYoungGen: 68624K->1520K(69120K)] 372692K->305620K(744448K), 0.0016016 secs] [Times: user=0.00 sys=0.00, real=0.00 secs] 
645.954: [GC (Allocation Failure) [PSYoungGen: 68592K->1392K(69120K)] 372692K->305492K(744448K), 0.0036612 secs] [Times: user=0.01 sys=0.00, real=0.00 secs] 
646.332: [GC (Allocation Failure) [PSYoungGen: 68464K->1408K(69120K)] 372564K->305508K(744448K), 0.0017559 secs] [Times: user=0.01 sys=0.00, real=0.00 secs] 
646.657: [GC (Allocation Failure) [PSYoungGen: 68480K->1376K(69120K)] 372580K->305476K(744448K), 0.0019045 secs] [Times: user=0.01 sys=0.00, real=0.00 secs] 
646.978: [GC (Allocation Failure) [PSYoungGen: 68448K->1408K(69120K)] 372548K->305508K(744448K), 0.0018702 secs] [Times: user=0.00 sys=0.00, real=0.00 secs] 
647.354: [GC (Allocation Failure) [PSYoungGen: 68480K->1501K(69120K)] 372580K->305601K(744448K), 0.0016303 secs] [Times: user=0.01 sys=0.00, real=0.00 secs] 
647.746: [GC (Allocation Failure) [PSYoungGen: 68573K->1584K(69120K)] 372673K->305684K(744448K), 0.0016217 secs] [Times: user=0.00 sys=0.00, real=0.00 secs] 
648.136: [GC (Allocation Failure) [PSYoungGen: 68656K->1584K(69120K)] 372756K->305684K(744448K), 0.0015120 secs] [Times: user=0.01 sys=0.00, real=0.00 secs] 
648.529: [GC (Allocation Failure) [PSYoungGen: 68656K->1536K(69120K)] 372756K->305652K(744448K), 0.0016597 secs] [Times: user=0.01 sys=0.00, real=0.01 secs] 
649.576: [GC (Allocation Failure) [PSYoungGen: 68608K->1456K(69120K)] 372724K->305572K(744448K), 0.0030375 secs] [Times: user=0.01 sys=0.00, real=0.00 secs] 
650.355: [GC (Allocation Failure) [PSYoungGen: 68528K->1376K(69120K)] 372644K->305492K(744448K), 0.0029984 secs] [Times: user=0.02 sys=0.00, real=0.00 secs] 
650.635: [GC (Allocation Failure) [PSYoungGen: 68448K->1440K(69120K)] 372564K->305556K(744448K), 0.0020061 secs] [Times: user=0.00 sys=0.00, real=0.00 secs] 
650.913: [GC (Allocation Failure) [PSYoungGen: 68512K->1360K(69120K)] 372628K->305476K(744448K), 0.0017250 secs] [Times: user=0.01 sys=0.00, real=0.00 secs] 
651.275: [GC (Allocation Failure) [PSYoungGen: 68432K->1552K(69120K)] 372548K->305668K(744448K), 0.0047261 secs] [Times: user=0.02 sys=0.00, real=0.00 secs] 
651.761: [GC (Allocation Failure) [PSYoungGen: 68624K->1584K(69120K)] 372740K->305700K(744448K), 0.0015698 secs] [Times: user=0.01 sys=0.00, real=0.00 secs] 
652.154: [GC (Allocation Failure) [PSYoungGen: 68656K->1616K(69120K)] 372772K->305732K(744448K), 0.0016064 secs] [Times: user=0.00 sys=0.00, real=0.00 secs] 
652.604: [GC (Allocation Failure) [PSYoungGen: 68688K->1552K(69120K)] 372804K->305684K(744448K), 0.0016726 secs] [Times: user=0.00 sys=0.00, real=0.00 secs] 
653.128: [GC (Allocation Failure) [PSYoungGen: 68624K->1440K(69120K)] 372756K->305572K(744448K), 0.0027352 secs] [Times: user=0.01 sys=0.00, real=0.01 secs] 
653.674: [GC (Allocation Failure) [PSYoungGen: 68512K->1376K(69120K)] 372644K->305508K(744448K), 0.0025482 secs] [Times: user=0.01 sys=0.00, real=0.00 secs] 
654.272: [GC (Allocation Failure) [PSYoungGen: 68448K->1408K(69120K)] 372580K->305540K(744448K), 0.0024345 secs] [Times: user=0.01 sys=0.00, real=0.00 secs] 
654.982: [GC (Allocation Failure) [PSYoungGen: 68480K->1408K(69120K)] 372612K->305540K(744448K), 0.0024586 secs] [Times: user=0.01 sys=0.00, real=0.00 secs] 
655.626: [GC (Allocation Failure) [PSYoungGen: 68480K->1504K(69120K)] 372612K->305636K(744448K), 0.0016139 secs] [Times: user=0.01 sys=0.00, real=0.00 secs] 
656.017: [GC (Allocation Failure) [PSYoungGen: 68576K->1552K(69120K)] 372708K->305684K(744448K), 0.0015249 secs] [Times: user=0.00 sys=0.00, real=0.00 secs] 
656.411: [GC (Allocation Failure) [PSYoungGen: 68624K->1584K(69120K)] 372756K->305732K(744448K), 0.0015963 secs] [Times: user=0.01 sys=0.00, real=0.00 secs] 
656.834: [GC (Allocation Failure) [PSYoungGen: 68656K->1760K(69120K)] 372804K->305908K(744448K), 0.0018104 secs] [Times: user=0.01 sys=0.00, real=0.00 secs] 
657.112: [GC (Allocation Failure) [PSYoungGen: 68832K->1376K(69120K)] 372980K->305524K(744448K), 0.0018744 secs] [Times: user=0.01 sys=0.00, real=0.00 secs] 
657.391: [GC (Allocation Failure) [PSYoungGen: 68448K->1408K(69120K)] 372596K->305564K(744448K), 0.0016783 secs] [Times: user=0.01 sys=0.00, real=0.00 secs] 
657.687: [GC (Allocation Failure) [PSYoungGen: 68480K->1376K(69120K)] 372636K->305532K(744448K), 0.0016861 secs] [Times: user=0.01 sys=0.00, real=0.00 secs] 
657.965: [GC (Allocation Failure) [PSYoungGen: 68448K->1344K(69120K)] 372604K->305500K(744448K), 0.0018894 secs] [Times: user=0.01 sys=0.00, real=0.00 secs] 
658.379: [GC (Allocation Failure) [PSYoungGen: 68416K->1584K(69120K)] 372572K->305740K(744448K), 0.0016549 secs] [Times: user=0.00 sys=0.00, real=0.01 secs] 
658.773: [GC (Allocation Failure) [PSYoungGen: 68656K->1568K(69120K)] 372812K->305724K(744448K), 0.0016053 secs] [Times: user=0.01 sys=0.00, real=0.00 secs] 
659.168: [GC (Allocation Failure) [PSYoungGen: 68640K->1536K(69120K)] 372796K->305692K(744448K), 0.0015411 secs] [Times: user=0.01 sys=0.00, real=0.00 secs] 
659.710: [GC (Allocation Failure) [PSYoungGen: 68608K->1520K(69120K)] 372764K->305676K(744448K), 0.0019809 secs] [Times: user=0.00 sys=0.00, real=0.00 secs] 
660.445: [GC (Allocation Failure) [PSYoungGen: 68592K->1408K(69120K)] 372748K->305564K(744448K), 0.0025628 secs] [Times: user=0.01 sys=0.00, real=0.00 secs] 
661.302: [GC (Allocation Failure) [PSYoungGen: 68480K->1376K(69120K)] 372636K->305532K(744448K), 0.0026330 secs] [Times: user=0.01 sys=0.01, real=0.00 secs] 
661.913: [GC (Allocation Failure) [PSYoungGen: 68448K->1408K(69120K)] 372604K->305564K(744448K), 0.0024197 secs] [Times: user=0.01 sys=0.00, real=0.00 secs] 
662.538: [GC (Allocation Failure) [PSYoungGen: 68480K->1501K(69120K)] 372636K->305657K(744448K), 0.0019113 secs] [Times: user=0.01 sys=0.00, real=0.00 secs] 
662.960: [GC (Allocation Failure) [PSYoungGen: 68573K->1584K(69120K)] 372729K->305740K(744448K), 0.0015254 secs] [Times: user=0.00 sys=0.00, real=0.01 secs] 
663.351: [GC (Allocation Failure) [PSYoungGen: 68656K->1565K(69120K)] 372812K->305721K(744448K), 0.0016524 secs] [Times: user=0.01 sys=0.00, real=0.00 secs] 
663.743: [GC (Allocation Failure) [PSYoungGen: 68637K->1584K(69120K)] 372793K->305756K(744448K), 0.0016510 secs] [Times: user=0.01 sys=0.00, real=0.00 secs] 
664.251: [GC (Allocation Failure) [PSYoungGen: 68656K->1520K(69120K)] 372828K->305692K(744448K), 0.0020291 secs] [Times: user=0.01 sys=0.00, real=0.00 secs] 
665.204: [GC (Allocation Failure) [PSYoungGen: 68592K->1408K(69120K)] 372764K->305580K(744448K), 0.0040421 secs] [Times: user=0.01 sys=0.00, real=0.00 secs] 
665.825: [GC (Allocation Failure) [PSYoungGen: 68480K->1376K(69120K)] 372652K->305548K(744448K), 0.0031300 secs] [Times: user=0.01 sys=0.01, real=0.00 secs] 
666.466: [GC (Allocation Failure) [PSYoungGen: 68448K->1408K(69120K)] 372620K->305580K(744448K), 0.0029082 secs] [Times: user=0.01 sys=0.00, real=0.00 secs] 
666.998: [GC (Allocation Failure) [PSYoungGen: 68480K->1453K(69120K)] 372652K->305641K(744448K), 0.0014450 secs] [Times: user=0.01 sys=0.00, real=0.00 secs] 
667.388: [GC (Allocation Failure) [PSYoungGen: 68525K->1565K(69120K)] 372713K->305753K(744448K), 0.0015793 secs] [Times: user=0.01 sys=0.00, real=0.00 secs] 
667.780: [GC (Allocation Failure) [PSYoungGen: 68637K->1616K(69120K)] 372825K->305804K(744448K), 0.0015448 secs] [Times: user=0.00 sys=0.00, real=0.00 secs] 
668.172: [GC (Allocation Failure) [PSYoungGen: 68688K->1552K(69120K)] 372876K->305756K(744448K), 0.0016307 secs] [Times: user=0.01 sys=0.00, real=0.00 secs] 
668.531: [GC (Allocation Failure) [PSYoungGen: 68624K->1456K(69120K)] 372828K->305660K(744448K), 0.0017572 secs] [Times: user=0.00 sys=0.00, real=0.00 secs] 
668.813: [GC (Allocation Failure) [PSYoungGen: 68528K->1376K(69120K)] 372732K->305580K(744448K), 0.0017350 secs] [Times: user=0.01 sys=0.00, real=0.00 secs] 
669.150: [GC (Allocation Failure) [PSYoungGen: 68448K->1376K(69120K)] 372652K->305580K(744448K), 0.0016757 secs] [Times: user=0.00 sys=0.00, real=0.01 secs] 
669.428: [GC (Allocation Failure) [PSYoungGen: 68448K->1408K(69120K)] 372652K->305612K(744448K), 0.0016088 secs] [Times: user=0.01 sys=0.00, real=0.00 secs] 
669.786: [GC (Allocation Failure) [PSYoungGen: 68480K->1501K(69120K)] 372684K->305705K(744448K), 0.0016467 secs] [Times: user=0.01 sys=0.00, real=0.00 secs] 
670.179: [GC (Allocation Failure) [PSYoungGen: 68573K->1584K(69120K)] 372777K->305788K(744448K), 0.0015329 secs] [Times: user=0.00 sys=0.00, real=0.00 secs] 
670.572: [GC (Allocation Failure) [PSYoungGen: 68656K->1584K(69120K)] 372860K->305788K(744448K), 0.0015191 secs] [Times: user=0.01 sys=0.00, real=0.00 secs] 
670.964: [GC (Allocation Failure) [PSYoungGen: 68656K->1632K(69120K)] 372860K->305856K(744448K), 0.0015879 secs] [Times: user=0.01 sys=0.00, real=0.00 secs] 
671.587: [GC (Allocation Failure) [PSYoungGen: 68704K->1424K(69120K)] 372928K->305656K(744448K), 0.0018034 secs] [Times: user=0.01 sys=0.00, real=0.00 secs] 
672.166: [GC (Allocation Failure) [PSYoungGen: 68496K->1408K(69120K)] 372728K->305640K(744448K), 0.0024665 secs] [Times: user=0.01 sys=0.00, real=0.00 secs] 
672.787: [GC (Allocation Failure) [PSYoungGen: 68480K->1408K(69120K)] 372712K->305640K(744448K), 0.0023848 secs] [Times: user=0.01 sys=0.00, real=0.00 secs] 
673.324: [GC (Allocation Failure) [PSYoungGen: 68480K->1408K(69120K)] 372712K->305640K(744448K), 0.0024582 secs] [Times: user=0.01 sys=0.00, real=0.00 secs] 
673.890: [GC (Allocation Failure) [PSYoungGen: 68480K->1488K(69120K)] 372712K->305720K(744448K), 0.0014821 secs] [Times: user=0.00 sys=0.00, real=0.01 secs] 
674.348: [GC (Allocation Failure) [PSYoungGen: 68560K->1597K(69120K)] 372792K->305829K(744448K), 0.0016876 secs] [Times: user=0.00 sys=0.00, real=0.00 secs] 
674.745: [GC (Allocation Failure) [PSYoungGen: 68669K->1584K(69120K)] 372901K->305832K(744448K), 0.0017445 secs] [Times: user=0.01 sys=0.00, real=0.00 secs] 
675.138: [GC (Allocation Failure) [PSYoungGen: 68656K->1488K(69120K)] 372904K->305752K(744448K), 0.0016725 secs] [Times: user=0.00 sys=0.00, real=0.00 secs] 
675.971: [GC (Allocation Failure) [PSYoungGen: 68560K->1408K(69120K)] 372824K->305672K(744448K), 0.0035230 secs] [Times: user=0.01 sys=0.00, real=0.00 secs] 
676.836: [GC (Allocation Failure) [PSYoungGen: 68480K->1408K(69120K)] 372744K->305672K(744448K), 0.0037029 secs] [Times: user=0.02 sys=0.00, real=0.00 secs] 
677.415: [GC (Allocation Failure) [PSYoungGen: 68480K->1376K(69120K)] 372744K->305640K(744448K), 0.0023762 secs] [Times: user=0.00 sys=0.00, real=0.00 secs] 
677.999: [GC (Allocation Failure) [PSYoungGen: 68448K->1440K(69120K)] 372712K->305704K(744448K), 0.0032112 secs] [Times: user=0.01 sys=0.00, real=0.01 secs] 
678.608: [GC (Allocation Failure) [PSYoungGen: 68512K->1504K(69120K)] 372776K->305768K(744448K), 0.0016224 secs] [Times: user=0.01 sys=0.00, real=0.00 secs] 
679.000: [GC (Allocation Failure) [PSYoungGen: 68576K->1568K(69120K)] 372840K->305832K(744448K), 0.0015410 secs] [Times: user=0.01 sys=0.00, real=0.01 secs] 
679.395: [GC (Allocation Failure) [PSYoungGen: 68640K->1565K(69120K)] 372904K->305829K(744448K), 0.0016296 secs] [Times: user=0.01 sys=0.00, real=0.00 secs] 
679.816: [GC (Allocation Failure) [PSYoungGen: 68637K->2032K(69120K)] 372901K->306312K(744448K), 0.0018547 secs] [Times: user=0.01 sys=0.00, real=0.00 secs] 
680.111: [GC (Allocation Failure) [PSYoungGen: 69104K->1408K(69120K)] 373384K->305688K(744448K), 0.0016325 secs] [Times: user=0.01 sys=0.00, real=0.00 secs] 
680.424: [GC (Allocation Failure) [PSYoungGen: 68480K->1344K(69120K)] 372760K->305624K(744448K), 0.0016884 secs] [Times: user=0.01 sys=0.00, real=0.00 secs] 
680.702: [GC (Allocation Failure) [PSYoungGen: 68416K->1376K(69120K)] 372696K->305656K(744448K), 0.0016718 secs] [Times: user=0.01 sys=0.00, real=0.00 secs] 
680.989: [GC (Allocation Failure) [PSYoungGen: 68448K->1376K(69120K)] 372728K->305656K(744448K), 0.0017740 secs] [Times: user=0.01 sys=0.00, real=0.01 secs] 
681.397: [GC (Allocation Failure) [PSYoungGen: 68448K->1536K(69120K)] 372728K->305816K(744448K), 0.0016257 secs] [Times: user=0.00 sys=0.00, real=0.00 secs] 
681.789: [GC (Allocation Failure) [PSYoungGen: 68608K->1520K(69120K)] 372888K->305800K(744448K), 0.0015992 secs] [Times: user=0.01 sys=0.00, real=0.01 secs] 
682.191: [GC (Allocation Failure) [PSYoungGen: 68592K->1616K(69120K)] 372872K->305896K(744448K), 0.0015350 secs] [Times: user=0.01 sys=0.00, real=0.00 secs] 
682.588: [GC (Allocation Failure) [PSYoungGen: 68688K->1504K(69120K)] 372968K->305784K(744448K), 0.0017941 secs] [Times: user=0.01 sys=0.00, real=0.00 secs] 
682.867: [GC (Allocation Failure) [PSYoungGen: 68576K->1424K(69120K)] 372856K->305704K(744448K), 0.0017629 secs] [Times: user=0.00 sys=0.00, real=0.00 secs] 
683.146: [GC (Allocation Failure) [PSYoungGen: 68496K->1376K(69120K)] 372776K->305656K(744448K), 0.0025930 secs] [Times: user=0.02 sys=0.00, real=0.00 secs] 
683.426: [GC (Allocation Failure) [PSYoungGen: 68448K->1360K(69120K)] 372728K->305640K(744448K), 0.0021334 secs] [Times: user=0.00 sys=0.00, real=0.00 secs] 
683.767: [GC (Allocation Failure) [PSYoungGen: 68432K->1440K(69120K)] 372712K->305736K(744448K), 0.0014828 secs] [Times: user=0.01 sys=0.00, real=0.00 secs] 
684.159: [GC (GCLocker Initiated GC) [PSYoungGen: 68512K->1520K(69120K)] 372808K->305816K(744448K), 0.0015065 secs] [Times: user=0.00 sys=0.00, real=0.00 secs] 
684.560: [GC (Allocation Failure) [PSYoungGen: 68592K->1565K(69120K)] 373849K->306823K(744448K), 0.0016019 secs] [Times: user=0.01 sys=0.00, real=0.00 secs] 
684.952: [GC (Allocation Failure) [PSYoungGen: 68637K->1613K(69120K)] 373895K->306887K(744448K), 0.0015392 secs] [Times: user=0.00 sys=0.00, real=0.00 secs] 
685.499: [GC (Allocation Failure) [PSYoungGen: 68685K->1552K(69120K)] 373959K->306825K(744448K), 0.0020782 secs] [Times: user=0.00 sys=0.00, real=0.01 secs] 
686.348: [GC (Allocation Failure) [PSYoungGen: 68624K->1536K(69120K)] 373897K->306809K(744448K), 0.0031894 secs] [Times: user=0.02 sys=0.00, real=0.01 secs] 
687.182: [GC (Allocation Failure) [PSYoungGen: 68608K->1536K(69120K)] 373881K->306809K(744448K), 0.0037283 secs] [Times: user=0.01 sys=0.00, real=0.00 secs] 
687.883: [GC (Allocation Failure) [PSYoungGen: 68608K->1504K(69120K)] 373881K->306777K(744448K), 0.0026979 secs] [Times: user=0.01 sys=0.00, real=0.00 secs] 
688.543: [GC (Allocation Failure) [PSYoungGen: 68576K->1552K(69120K)] 373849K->306833K(744448K), 0.0015680 secs] [Times: user=0.01 sys=0.00, real=0.00 secs] 
688.933: [GC (Allocation Failure) [PSYoungGen: 68624K->1693K(69120K)] 373905K->306975K(744448K), 0.0015546 secs] [Times: user=0.00 sys=0.00, real=0.00 secs] 
689.327: [GC (Allocation Failure) [PSYoungGen: 68765K->1712K(69120K)] 374047K->306993K(744448K), 0.0016960 secs] [Times: user=0.01 sys=0.00, real=0.00 secs] 
689.724: [GC (Allocation Failure) [PSYoungGen: 68784K->1744K(69120K)] 374065K->307049K(744448K), 0.0016303 secs] [Times: user=0.00 sys=0.00, real=0.00 secs] 
690.379: [GC (Allocation Failure) [PSYoungGen: 68816K->1536K(69120K)] 374121K->306841K(744448K), 0.0019399 secs] [Times: user=0.00 sys=0.00, real=0.01 secs] 
690.927: [GC (Allocation Failure) [PSYoungGen: 68608K->1504K(69120K)] 373913K->306809K(744448K), 0.0022427 secs] [Times: user=0.01 sys=0.00, real=0.00 secs] 
691.639: [GC (Allocation Failure) [PSYoungGen: 68576K->1536K(69120K)] 373881K->306841K(744448K), 0.0021022 secs] [Times: user=0.01 sys=0.00, real=0.01 secs] 
692.476: [GC (Allocation Failure) [PSYoungGen: 68608K->1456K(69120K)] 373913K->306801K(744448K), 0.0022562 secs] [Times: user=0.01 sys=0.00, real=0.00 secs] 
693.318: [GC (Allocation Failure) [PSYoungGen: 68528K->1584K(69120K)] 373873K->306929K(744448K), 0.0017922 secs] [Times: user=0.00 sys=0.00, real=0.00 secs] 
693.709: [GC (Allocation Failure) [PSYoungGen: 68656K->1616K(69120K)] 374001K->306977K(744448K), 0.0015642 secs] [Times: user=0.00 sys=0.00, real=0.01 secs] 
694.104: [GC (Allocation Failure) [PSYoungGen: 68688K->1584K(69120K)] 374049K->307017K(744448K), 0.0015992 secs] [Times: user=0.01 sys=0.00, real=0.00 secs] 
694.499: [GC (Allocation Failure) [PSYoungGen: 68656K->1552K(69120K)] 374089K->306993K(744448K), 0.0015735 secs] [Times: user=0.01 sys=0.00, real=0.01 secs] 
695.226: [GC (Allocation Failure) [PSYoungGen: 68624K->1456K(69120K)] 374065K->306897K(744448K), 0.0026451 secs] [Times: user=0.01 sys=0.00, real=0.00 secs] 
695.649: [GC (Allocation Failure) [PSYoungGen: 68528K->1376K(69120K)] 373969K->306817K(744448K), 0.0028634 secs] [Times: user=0.01 sys=0.00, real=0.01 secs] 
696.193: [GC (Allocation Failure) [PSYoungGen: 68448K->1392K(69120K)] 373889K->306833K(744448K), 0.0025482 secs] [Times: user=0.01 sys=0.00, real=0.00 secs] 
696.696: [GC (Allocation Failure) [PSYoungGen: 68464K->1376K(69120K)] 373905K->306833K(744448K), 0.0024234 secs] [Times: user=0.01 sys=0.01, real=0.00 secs] 
697.199: [GC (Allocation Failure) [PSYoungGen: 68448K->1520K(69120K)] 373905K->306977K(744448K), 0.0015337 secs] [Times: user=0.01 sys=0.00, real=0.01 secs] 
697.592: [GC (Allocation Failure) [PSYoungGen: 68592K->1488K(69120K)] 374049K->306945K(744448K), 0.0016651 secs] [Times: user=0.00 sys=0.00, real=0.00 secs] 
697.984: [GC (Allocation Failure) [PSYoungGen: 68560K->1520K(69120K)] 374017K->306977K(744448K), 0.0016113 secs] [Times: user=0.00 sys=0.00, real=0.00 secs] 
698.400: [GC (Allocation Failure) [PSYoungGen: 68592K->1808K(69120K)] 374049K->307265K(744448K), 0.0018265 secs] [Times: user=0.01 sys=0.00, real=0.01 secs] 
698.694: [GC (Allocation Failure) [PSYoungGen: 68880K->1344K(69120K)] 374337K->306801K(744448K), 0.0017266 secs] [Times: user=0.01 sys=0.00, real=0.00 secs] 
698.973: [GC (Allocation Failure) [PSYoungGen: 68416K->1376K(69120K)] 373873K->306833K(744448K), 0.0015498 secs] [Times: user=0.01 sys=0.00, real=0.00 secs] 
699.251: [GC (Allocation Failure) [PSYoungGen: 68448K->1408K(69120K)] 373905K->306865K(744448K), 0.0019315 secs] [Times: user=0.01 sys=0.00, real=0.00 secs] 
699.530: [GC (Allocation Failure) [PSYoungGen: 68480K->1408K(69120K)] 373937K->306865K(744448K), 0.0021295 secs] [Times: user=0.01 sys=0.01, real=0.01 secs] 
700.024: [GC (Allocation Failure) [PSYoungGen: 68480K->1584K(69120K)] 373937K->307041K(744448K), 0.0015703 secs] [Times: user=0.01 sys=0.00, real=0.00 secs] 
700.475: [GC (Allocation Failure) [PSYoungGen: 68656K->1552K(69120K)] 374113K->307009K(744448K), 0.0017659 secs] [Times: user=0.01 sys=0.00, real=0.00 secs] 
700.921: [GC (Allocation Failure) [PSYoungGen: 68624K->1552K(69120K)] 374081K->307009K(744448K), 0.0015817 secs] [Times: user=0.01 sys=0.00, real=0.00 secs] 
701.336: [GC (Allocation Failure) [PSYoungGen: 68624K->1424K(69120K)] 374081K->306897K(744448K), 0.0019555 secs] [Times: user=0.00 sys=0.00, real=0.00 secs] 
701.849: [GC (Allocation Failure) [PSYoungGen: 68496K->1376K(69120K)] 373969K->306857K(744448K), 0.0027023 secs] [Times: user=0.01 sys=0.00, real=0.01 secs] 
702.370: [GC (Allocation Failure) [PSYoungGen: 68448K->1376K(69120K)] 373929K->306857K(744448K), 0.0023537 secs] [Times: user=0.00 sys=0.00, real=0.01 secs] 
702.887: [GC (Allocation Failure) [PSYoungGen: 68448K->1376K(69120K)] 373929K->306857K(744448K), 0.0023858 secs] [Times: user=0.01 sys=0.00, real=0.00 secs] 
703.546: [GC (Allocation Failure) [PSYoungGen: 68448K->1488K(69120K)] 373929K->306969K(744448K), 0.0020443 secs] [Times: user=0.01 sys=0.00, real=0.00 secs] 
703.970: [GC (Allocation Failure) [PSYoungGen: 68560K->1584K(69120K)] 374041K->307065K(744448K), 0.0015695 secs] [Times: user=0.01 sys=0.00, real=0.01 secs] 
704.363: [GC (Allocation Failure) [PSYoungGen: 68656K->1552K(69120K)] 374137K->307033K(744448K), 0.0015302 secs] [Times: user=0.01 sys=0.00, real=0.00 secs] 
704.759: [GC (Allocation Failure) [PSYoungGen: 68624K->1584K(69120K)] 374105K->307089K(744448K), 0.0016597 secs] [Times: user=0.01 sys=0.00, real=0.01 secs] 
705.148: [GC (Allocation Failure) [PSYoungGen: 68656K->1456K(69120K)] 374161K->306961K(744448K), 0.0018008 secs] [Times: user=0.00 sys=0.00, real=0.00 secs] 
705.431: [GC (Allocation Failure) [PSYoungGen: 68528K->1376K(69120K)] 374033K->306881K(744448K), 0.0015635 secs] [Times: user=0.01 sys=0.01, real=0.00 secs] 
705.709: [GC (Allocation Failure) [PSYoungGen: 68448K->1376K(69120K)] 373953K->306881K(744448K), 0.0015873 secs] [Times: user=0.00 sys=0.00, real=0.01 secs] 
705.988: [GC (Allocation Failure) [PSYoungGen: 68448K->1360K(69120K)] 373953K->306865K(744448K), 0.0016023 secs] [Times: user=0.01 sys=0.00, real=0.00 secs] 
706.319: [GC (Allocation Failure) [PSYoungGen: 68432K->1437K(69120K)] 373937K->306943K(744448K), 0.0015335 secs] [Times: user=0.01 sys=0.00, real=0.01 secs] 
706.709: [GC (Allocation Failure) [PSYoungGen: 68509K->1552K(69120K)] 374015K->307057K(744448K), 0.0015195 secs] [Times: user=0.01 sys=0.00, real=0.01 secs] 
707.104: [GC (Allocation Failure) [PSYoungGen: 68624K->1552K(69120K)] 374129K->307057K(744448K), 0.0015285 secs] [Times: user=0.01 sys=0.00, real=0.00 secs] 
707.496: [GC (Allocation Failure) [PSYoungGen: 68624K->1520K(69120K)] 374129K->307049K(744448K), 0.0016739 secs] [Times: user=0.00 sys=0.00, real=0.00 secs] 
708.140: [GC (Allocation Failure) [PSYoungGen: 68592K->1424K(69120K)] 374121K->306953K(744448K), 0.0021092 secs] [Times: user=0.00 sys=0.00, real=0.00 secs] 
708.420: [GC (Allocation Failure) [PSYoungGen: 68496K->1408K(69120K)] 374025K->306945K(744448K), 0.0028719 secs] [Times: user=0.01 sys=0.00, real=0.00 secs] 
708.700: [GC (Allocation Failure) [PSYoungGen: 68480K->1408K(69120K)] 374017K->306945K(744448K), 0.0023455 secs] [Times: user=0.01 sys=0.00, real=0.00 secs] 
709.077: [GC (Allocation Failure) [PSYoungGen: 68480K->1408K(69120K)] 374017K->306945K(744448K), 0.0018797 secs] [Times: user=0.01 sys=0.00, real=0.00 secs] 
709.435: [GC (Allocation Failure) [PSYoungGen: 68480K->1520K(69120K)] 374017K->307057K(744448K), 0.0015114 secs] [Times: user=0.00 sys=0.00, real=0.00 secs] 
709.828: [GC (Allocation Failure) [PSYoungGen: 68579K->1552K(69120K)] 374117K->307089K(744448K), 0.0016102 secs] [Times: user=0.00 sys=0.00, real=0.00 secs] 
710.220: [GC (Allocation Failure) [PSYoungGen: 68624K->1584K(69120K)] 374161K->307121K(744448K), 0.0015111 secs] [Times: user=0.01 sys=0.00, real=0.00 secs] 
710.616: [GC (Allocation Failure) [PSYoungGen: 68656K->1552K(69120K)] 374193K->307105K(744448K), 0.0016469 secs] [Times: user=0.00 sys=0.00, real=0.00 secs] 
711.414: [GC (Allocation Failure) [PSYoungGen: 68624K->1456K(69120K)] 374177K->307009K(744448K), 0.0026564 secs] [Times: user=0.01 sys=0.00, real=0.00 secs] 
712.157: [GC (Allocation Failure) [PSYoungGen: 68528K->1328K(69120K)] 374081K->306881K(744448K), 0.0029516 secs] [Times: user=0.01 sys=0.00, real=0.01 secs] 
712.703: [GC (Allocation Failure) [PSYoungGen: 68400K->1408K(69120K)] 373953K->306961K(744448K), 0.0024844 secs] [Times: user=0.01 sys=0.00, real=0.00 secs] 
713.272: [GC (Allocation Failure) [PSYoungGen: 68480K->1408K(69120K)] 374033K->306961K(744448K), 0.0023706 secs] [Times: user=0.01 sys=0.00, real=0.00 secs] 
713.702: [GC (Allocation Failure) [PSYoungGen: 68480K->1488K(69120K)] 374033K->307041K(744448K), 0.0015584 secs] [Times: user=0.01 sys=0.00, real=0.00 secs] 
714.093: [GC (Allocation Failure) [PSYoungGen: 68560K->1520K(69120K)] 374113K->307073K(744448K), 0.0016091 secs] [Times: user=0.00 sys=0.00, real=0.00 secs] 
714.487: [GC (Allocation Failure) [PSYoungGen: 68592K->1520K(69120K)] 374145K->307073K(744448K), 0.0016329 secs] [Times: user=0.01 sys=0.00, real=0.00 secs] 
714.882: [GC (Allocation Failure) [PSYoungGen: 68592K->1584K(69120K)] 374145K->307145K(744448K), 0.0015433 secs] [Times: user=0.00 sys=0.00, real=0.00 secs] 
715.375: [GC (Allocation Failure) [PSYoungGen: 68656K->1440K(69120K)] 374217K->307025K(744448K), 0.0022940 secs] [Times: user=0.01 sys=0.00, real=0.00 secs] 
715.961: [GC (Allocation Failure) [PSYoungGen: 68512K->1408K(69120K)] 374097K->307001K(744448K), 0.0022316 secs] [Times: user=0.00 sys=0.00, real=0.00 secs] 
716.590: [GC (Allocation Failure) [PSYoungGen: 68480K->1424K(69120K)] 374073K->307025K(744448K), 0.0022104 secs] [Times: user=0.01 sys=0.00, real=0.01 secs] 
717.239: [GC (Allocation Failure) [PSYoungGen: 68496K->1440K(69120K)] 374097K->307041K(744448K), 0.0020078 secs] [Times: user=0.00 sys=0.00, real=0.01 secs] 
717.797: [GC (Allocation Failure) [PSYoungGen: 68512K->1520K(69120K)] 374113K->307121K(744448K), 0.0016249 secs] [Times: user=0.00 sys=0.00, real=0.00 secs] 
718.240: [GC (Allocation Failure) [PSYoungGen: 68566K->1616K(69120K)] 374168K->307217K(744448K), 0.0017679 secs] [Times: user=0.01 sys=0.00, real=0.01 secs] 
718.633: [GC (Allocation Failure) [PSYoungGen: 68688K->1552K(69120K)] 374289K->307153K(744448K), 0.0015671 secs] [Times: user=0.00 sys=0.00, real=0.00 secs] 
719.107: [GC (Allocation Failure) [PSYoungGen: 68624K->1568K(69120K)] 374225K->307169K(744448K), 0.0019225 secs] [Times: user=0.01 sys=0.00, real=0.00 secs] 
719.838: [GC (Allocation Failure) [PSYoungGen: 68640K->1440K(69120K)] 374241K->307041K(744448K), 0.0029342 secs] [Times: user=0.01 sys=0.00, real=0.01 secs] 
720.576: [GC (Allocation Failure) [PSYoungGen: 68512K->1408K(69120K)] 374113K->307009K(744448K), 0.0023641 secs] [Times: user=0.01 sys=0.00, real=0.00 secs] 
721.299: [GC (Allocation Failure) [PSYoungGen: 68480K->1376K(69120K)] 374081K->306977K(744448K), 0.0026569 secs] [Times: user=0.02 sys=0.00, real=0.01 secs] 
721.981: [GC (Allocation Failure) [PSYoungGen: 68448K->1440K(69120K)] 374049K->307041K(744448K), 0.0026089 secs] [Times: user=0.01 sys=0.00, real=0.00 secs] 
722.556: [GC (Allocation Failure) [PSYoungGen: 68512K->1552K(69120K)] 374113K->307161K(744448K), 0.0015696 secs] [Times: user=0.01 sys=0.00, real=0.00 secs] 
722.948: [GC (Allocation Failure) [PSYoungGen: 68624K->1552K(69120K)] 374233K->307161K(744448K), 0.0015935 secs] [Times: user=0.00 sys=0.00, real=0.00 secs] 
723.349: [GC (Allocation Failure) [PSYoungGen: 68624K->1552K(69120K)] 374233K->307161K(744448K), 0.0015839 secs] [Times: user=0.01 sys=0.00, real=0.01 secs] 
723.865: [GC (Allocation Failure) [PSYoungGen: 68624K->1472K(69120K)] 374233K->307105K(744448K), 0.0026601 secs] [Times: user=0.01 sys=0.00, real=0.00 secs] 
724.421: [GC (Allocation Failure) [PSYoungGen: 68544K->1408K(69120K)] 374177K->307041K(744448K), 0.0028903 secs] [Times: user=0.01 sys=0.00, real=0.00 secs] 
724.982: [GC (Allocation Failure) [PSYoungGen: 68480K->1376K(69120K)] 374113K->307009K(744448K), 0.0026064 secs] [Times: user=0.01 sys=0.00, real=0.00 secs] 
725.543: [GC (Allocation Failure) [PSYoungGen: 68448K->1408K(69120K)] 374081K->307041K(744448K), 0.0023126 secs] [Times: user=0.01 sys=0.00, real=0.00 secs] 
726.055: [GC (Allocation Failure) [PSYoungGen: 68480K->1472K(69120K)] 374113K->307105K(744448K), 0.0018103 secs] [Times: user=0.01 sys=0.00, real=0.00 secs] 
726.454: [GC (Allocation Failure) [PSYoungGen: 68544K->1533K(69120K)] 374177K->307191K(744448K), 0.0015117 secs] [Times: user=0.00 sys=0.00, real=0.00 secs] 
726.845: [GC (Allocation Failure) [PSYoungGen: 68605K->1568K(69120K)] 374263K->307225K(744448K), 0.0015854 secs] [Times: user=0.01 sys=0.00, real=0.00 secs] 
727.237: [GC (Allocation Failure) [PSYoungGen: 68640K->1552K(69120K)] 374297K->307225K(744448K), 0.0015716 secs] [Times: user=0.01 sys=0.00, real=0.00 secs] 
727.620: [GC (Allocation Failure) [PSYoungGen: 68624K->1488K(69120K)] 374297K->307169K(744448K), 0.0017874 secs] [Times: user=0.00 sys=0.00, real=0.01 secs] 
727.921: [GC (Allocation Failure) [PSYoungGen: 68560K->1440K(69120K)] 374241K->307121K(744448K), 0.0016133 secs] [Times: user=0.01 sys=0.00, real=0.00 secs] 
728.279: [GC (Allocation Failure) [PSYoungGen: 68512K->1376K(69120K)] 374193K->307057K(744448K), 0.0016578 secs] [Times: user=0.01 sys=0.00, real=0.01 secs] 
728.813: [GC (Allocation Failure) [PSYoungGen: 68448K->1392K(69120K)] 374129K->307073K(744448K), 0.0017746 secs] [Times: user=0.01 sys=0.00, real=0.00 secs] 
729.487: [GC (Allocation Failure) [PSYoungGen: 68464K->1424K(69120K)] 374145K->307121K(744448K), 0.0014861 secs] [Times: user=0.00 sys=0.00, real=0.00 secs] 
729.883: [GC (Allocation Failure) [PSYoungGen: 68496K->1520K(69120K)] 374193K->307217K(744448K), 0.0016631 secs] [Times: user=0.00 sys=0.00, real=0.00 secs] 
730.278: [GC (Allocation Failure) [PSYoungGen: 68592K->1584K(69120K)] 374289K->307281K(744448K), 0.0015734 secs] [Times: user=0.01 sys=0.00, real=0.00 secs] 
730.673: [GC (Allocation Failure) [PSYoungGen: 68656K->1533K(69120K)] 374353K->307247K(744448K), 0.0015279 secs] [Times: user=0.00 sys=0.00, real=0.00 secs] 
731.203: [GC (Allocation Failure) [PSYoungGen: 68605K->1376K(69120K)] 374319K->307089K(744448K), 0.0018675 secs] [Times: user=0.00 sys=0.00, real=0.00 secs] 
731.482: [GC (Allocation Failure) [PSYoungGen: 68448K->1408K(69120K)] 374161K->307121K(744448K), 0.0019690 secs] [Times: user=0.01 sys=0.00, real=0.00 secs] 
731.761: [GC (Allocation Failure) [PSYoungGen: 68480K->1408K(69120K)] 374193K->307121K(744448K), 0.0021051 secs] [Times: user=0.00 sys=0.00, real=0.00 secs] 
732.041: [GC (Allocation Failure) [PSYoungGen: 68480K->1376K(69120K)] 374193K->307089K(744448K), 0.0018472 secs] [Times: user=0.01 sys=0.00, real=0.00 secs] 
732.404: [GC (Allocation Failure) [PSYoungGen: 68448K->1552K(69120K)] 374161K->307265K(744448K), 0.0015023 secs] [Times: user=0.01 sys=0.00, real=0.00 secs] 
732.796: [GC (Allocation Failure) [PSYoungGen: 68624K->1552K(69120K)] 374337K->307265K(744448K), 0.0015319 secs] [Times: user=0.01 sys=0.00, real=0.00 secs] 
733.190: [GC (Allocation Failure) [PSYoungGen: 68624K->1520K(69120K)] 374337K->307233K(744448K), 0.0015521 secs] [Times: user=0.01 sys=0.00, real=0.01 secs] 
733.592: [GC (Allocation Failure) [PSYoungGen: 68592K->1584K(69120K)] 374305K->307313K(744448K), 0.0015763 secs] [Times: user=0.01 sys=0.00, real=0.00 secs] 
734.503: [GC (Allocation Failure) [PSYoungGen: 68656K->1392K(69120K)] 374385K->307121K(744448K), 0.0022004 secs] [Times: user=0.01 sys=0.00, real=0.00 secs] 
735.401: [GC (Allocation Failure) [PSYoungGen: 68464K->1392K(69120K)] 374193K->307153K(744448K), 0.0026629 secs] [Times: user=0.02 sys=0.00, real=0.00 secs] 
736.031: [GC (Allocation Failure) [PSYoungGen: 68464K->1376K(69120K)] 374225K->307137K(744448K), 0.0026144 secs] [Times: user=0.00 sys=0.00, real=0.00 secs] 
736.549: [GC (Allocation Failure) [PSYoungGen: 68448K->1408K(69120K)] 374209K->307177K(744448K), 0.0025812 secs] [Times: user=0.01 sys=0.00, real=0.01 secs] 
737.127: [GC (Allocation Failure) [PSYoungGen: 68480K->1520K(69120K)] 374249K->307289K(744448K), 0.0016656 secs] [Times: user=0.00 sys=0.00, real=0.00 secs] 
737.519: [GC (Allocation Failure) [PSYoungGen: 68592K->1549K(69120K)] 374361K->307319K(744448K), 0.0015340 secs] [Times: user=0.01 sys=0.00, real=0.01 secs] 
737.910: [GC (Allocation Failure) [PSYoungGen: 68621K->1517K(69120K)] 374391K->307287K(744448K), 0.0015355 secs] [Times: user=0.01 sys=0.00, real=0.01 secs] 
738.783: [GC (Allocation Failure) [PSYoungGen: 68589K->1776K(69120K)] 374359K->307545K(744448K), 0.0035093 secs] [Times: user=0.02 sys=0.00, real=0.00 secs] 
740.156: [GC (Allocation Failure) [PSYoungGen: 68848K->1392K(69120K)] 374617K->307161K(744448K), 0.0030786 secs] [Times: user=0.02 sys=0.00, real=0.00 secs] 
740.575: [GC (Allocation Failure) [PSYoungGen: 68464K->1344K(69120K)] 374233K->307113K(744448K), 0.0018212 secs] [Times: user=0.01 sys=0.00, real=0.00 secs] 
740.853: [GC (Allocation Failure) [PSYoungGen: 68416K->1344K(69120K)] 374185K->307113K(744448K), 0.0018541 secs] [Times: user=0.01 sys=0.00, real=0.00 secs] 
741.132: [GC (Allocation Failure) [PSYoungGen: 68416K->1408K(69120K)] 374185K->307177K(744448K), 0.0018557 secs] [Times: user=0.00 sys=0.00, real=0.00 secs] 
741.541: [GC (Allocation Failure) [PSYoungGen: 68480K->1520K(69120K)] 374249K->307289K(744448K), 0.0015755 secs] [Times: user=0.01 sys=0.00, real=0.00 secs] 
741.932: [GC (Allocation Failure) [PSYoungGen: 68592K->1584K(69120K)] 374361K->307353K(744448K), 0.0016272 secs] [Times: user=0.00 sys=0.00, real=0.00 secs] 
742.325: [GC (Allocation Failure) [PSYoungGen: 68656K->1552K(69120K)] 374425K->307321K(744448K), 0.0016056 secs] [Times: user=0.00 sys=0.00, real=0.00 secs] 
742.837: [GC (Allocation Failure) [PSYoungGen: 68624K->1472K(69120K)] 374393K->307241K(744448K), 0.0018924 secs] [Times: user=0.01 sys=0.00, real=0.00 secs] 
743.376: [GC (Allocation Failure) [PSYoungGen: 68544K->1344K(69120K)] 374313K->307113K(744448K), 0.0017223 secs] [Times: user=0.00 sys=0.00, real=0.00 secs] 
743.655: [GC (Allocation Failure) [PSYoungGen: 68416K->1408K(69120K)] 374185K->307177K(744448K), 0.0018497 secs] [Times: user=0.01 sys=0.00, real=0.00 secs] 
743.933: [GC (Allocation Failure) [PSYoungGen: 68480K->1440K(69120K)] 374249K->307209K(744448K), 0.0018054 secs] [Times: user=0.01 sys=0.00, real=0.00 secs] 
744.252: [GC (Allocation Failure) [PSYoungGen: 68512K->1485K(69120K)] 374281K->307255K(744448K), 0.0014213 secs] [Times: user=0.00 sys=0.00, real=0.00 secs] 
744.645: [GC (Allocation Failure) [PSYoungGen: 68557K->1584K(69120K)] 374327K->307353K(744448K), 0.0015307 secs] [Times: user=0.00 sys=0.00, real=0.00 secs] 
745.039: [GC (Allocation Failure) [PSYoungGen: 68656K->1520K(69120K)] 374425K->307289K(744448K), 0.0016015 secs] [Times: user=0.01 sys=0.00, real=0.01 secs] 
745.432: [GC (Allocation Failure) [PSYoungGen: 68592K->1520K(69120K)] 374361K->307313K(744448K), 0.0015261 secs] [Times: user=0.00 sys=0.00, real=0.00 secs] 
746.069: [GC (Allocation Failure) [PSYoungGen: 68592K->1488K(69120K)] 374385K->307281K(744448K), 0.0020550 secs] [Times: user=0.00 sys=0.00, real=0.01 secs] 
746.809: [GC (Allocation Failure) [PSYoungGen: 68560K->1376K(69120K)] 374353K->307169K(744448K), 0.0020524 secs] [Times: user=0.01 sys=0.00, real=0.01 secs] 
747.717: [GC (Allocation Failure) [PSYoungGen: 68448K->1360K(69120K)] 374241K->307153K(744448K), 0.0021502 secs] [Times: user=0.01 sys=0.00, real=0.00 secs] 
748.642: [GC (Allocation Failure) [PSYoungGen: 68432K->1376K(69120K)] 374225K->307169K(744448K), 0.0022080 secs] [Times: user=0.00 sys=0.00, real=0.00 secs] 
749.448: [GC (Allocation Failure) [PSYoungGen: 68448K->1456K(69120K)] 374241K->307249K(744448K), 0.0014556 secs] [Times: user=0.01 sys=0.01, real=0.00 secs] 
749.896: [GC (Allocation Failure) [PSYoungGen: 68528K->1549K(69120K)] 374321K->307343K(744448K), 0.0015478 secs] [Times: user=0.01 sys=0.00, real=0.00 secs] 
750.287: [GC (Allocation Failure) [PSYoungGen: 68621K->1584K(69120K)] 374415K->307377K(744448K), 0.0015777 secs] [Times: user=0.01 sys=0.00, real=0.00 secs] 
750.739: [GC (Allocation Failure) [PSYoungGen: 68656K->1552K(69120K)] 374449K->307361K(744448K), 0.0016755 secs] [Times: user=0.00 sys=0.00, real=0.01 secs] 
752.081: [GC (Allocation Failure) [PSYoungGen: 68624K->1472K(69120K)] 374433K->307289K(744448K), 0.0039217 secs] [Times: user=0.01 sys=0.01, real=0.00 secs] 
753.270: [GC (Allocation Failure) [PSYoungGen: 68544K->1392K(69120K)] 374361K->307209K(744448K), 0.0035558 secs] [Times: user=0.01 sys=0.00, real=0.00 secs] 
754.192: [GC (Allocation Failure) [PSYoungGen: 68464K->1408K(69120K)] 374281K->307225K(744448K), 0.0025609 secs] [Times: user=0.01 sys=0.00, real=0.00 secs] 
754.896: [GC (Allocation Failure) [PSYoungGen: 68480K->1408K(69120K)] 374297K->307225K(744448K), 0.0023349 secs] [Times: user=0.00 sys=0.00, real=0.00 secs] 
755.450: [GC (Allocation Failure) [PSYoungGen: 68480K->1456K(69120K)] 374297K->307273K(744448K), 0.0015097 secs] [Times: user=0.01 sys=0.00, real=0.01 secs] 
755.845: [GC (Allocation Failure) [PSYoungGen: 68528K->1552K(69120K)] 374345K->307369K(744448K), 0.0015596 secs] [Times: user=0.00 sys=0.00, real=0.00 secs] 
756.239: [GC (Allocation Failure) [PSYoungGen: 68624K->1584K(69120K)] 374441K->307401K(744448K), 0.0015277 secs] [Times: user=0.01 sys=0.00, real=0.01 secs] 
756.632: [GC (Allocation Failure) [PSYoungGen: 68656K->1552K(69120K)] 374473K->307377K(744448K), 0.0016554 secs] [Times: user=0.01 sys=0.01, real=0.00 secs] 
757.372: [GC (Allocation Failure) [PSYoungGen: 68624K->1424K(69120K)] 374449K->307249K(744448K), 0.0020491 secs] [Times: user=0.01 sys=0.00, real=0.00 secs] 
758.161: [GC (Allocation Failure) [PSYoungGen: 68496K->1408K(69120K)] 374321K->307233K(744448K), 0.0021173 secs] [Times: user=0.01 sys=0.00, real=0.00 secs] 
758.854: [GC (Allocation Failure) [PSYoungGen: 68480K->1376K(69120K)] 374305K->307209K(744448K), 0.0076163 secs] [Times: user=0.03 sys=0.00, real=0.01 secs] 
759.607: [GC (Allocation Failure) [PSYoungGen: 68448K->1440K(69120K)] 374281K->307273K(744448K), 0.0029633 secs] [Times: user=0.01 sys=0.01, real=0.00 secs] 
760.348: [GC (Allocation Failure) [PSYoungGen: 68512K->1488K(69120K)] 374345K->307321K(744448K), 0.0015659 secs] [Times: user=0.00 sys=0.00, real=0.00 secs] 
760.740: [GC (Allocation Failure) [PSYoungGen: 68560K->1584K(69120K)] 374393K->307417K(744448K), 0.0016627 secs] [Times: user=0.01 sys=0.00, real=0.01 secs] 
761.133: [GC (Allocation Failure) [PSYoungGen: 68656K->1584K(69120K)] 374489K->307417K(744448K), 0.0016027 secs] [Times: user=0.00 sys=0.00, real=0.00 secs] 
761.524: [GC (Allocation Failure) [PSYoungGen: 68656K->1584K(69120K)] 374489K->307433K(744448K), 0.0015425 secs] [Times: user=0.01 sys=0.00, real=0.00 secs] 
762.767: [GC (Allocation Failure) [PSYoungGen: 68656K->1472K(69120K)] 374505K->307329K(744448K), 0.0020751 secs] [Times: user=0.01 sys=0.00, real=0.00 secs] 
763.380: [GC (Allocation Failure) [PSYoungGen: 68544K->1376K(69120K)] 374401K->307233K(744448K), 0.0019299 secs] [Times: user=0.01 sys=0.00, real=0.01 secs] 
764.312: [GC (Allocation Failure) [PSYoungGen: 68448K->1408K(69120K)] 374305K->307265K(744448K), 0.0026542 secs] [Times: user=0.02 sys=0.00, real=0.00 secs] 
765.367: [GC (Allocation Failure) [PSYoungGen: 68480K->1376K(69120K)] 374337K->307233K(744448K), 0.0027570 secs] [Times: user=0.01 sys=0.00, real=0.00 secs] 
765.995: [GC (Allocation Failure) [PSYoungGen: 68448K->1520K(69120K)] 374305K->307377K(744448K), 0.0016851 secs] [Times: user=0.01 sys=0.00, real=0.00 secs] 
766.440: [GC (Allocation Failure) [PSYoungGen: 68592K->1533K(69120K)] 374449K->307391K(744448K), 0.0017194 secs] [Times: user=0.01 sys=0.00, real=0.01 secs] 
766.894: [GC (Allocation Failure) [PSYoungGen: 68605K->1552K(69120K)] 374463K->307409K(744448K), 0.0015783 secs] [Times: user=0.00 sys=0.00, real=0.00 secs] 
767.297: [GC (Allocation Failure) [PSYoungGen: 68624K->2032K(69120K)] 374481K->307897K(744448K), 0.0017793 secs] [Times: user=0.01 sys=0.00, real=0.00 secs] 
767.594: [GC (Allocation Failure) [PSYoungGen: 69104K->1376K(69120K)] 374969K->307257K(744448K), 0.0018547 secs] [Times: user=0.00 sys=0.00, real=0.00 secs] 
767.873: [GC (Allocation Failure) [PSYoungGen: 68448K->1408K(69120K)] 374329K->307289K(744448K), 0.0018217 secs] [Times: user=0.01 sys=0.00, real=0.00 secs] 
768.163: [GC (Allocation Failure) [PSYoungGen: 68480K->1408K(69120K)] 374361K->307289K(744448K), 0.0020230 secs] [Times: user=0.01 sys=0.00, real=0.00 secs] 
768.462: [GC (Allocation Failure) [PSYoungGen: 68480K->1392K(69120K)] 374361K->307273K(744448K), 0.0018002 secs] [Times: user=0.00 sys=0.00, real=0.00 secs] 
768.906: [GC (Allocation Failure) [PSYoungGen: 68464K->1584K(69120K)] 374345K->307465K(744448K), 0.0015992 secs] [Times: user=0.01 sys=0.00, real=0.00 secs] 
769.297: [GC (Allocation Failure) [PSYoungGen: 68656K->1616K(69120K)] 374537K->307497K(744448K), 0.0016514 secs] [Times: user=0.01 sys=0.00, real=0.00 secs] 
769.688: [GC (Allocation Failure) [PSYoungGen: 68688K->1552K(69120K)] 374569K->307433K(744448K), 0.0017255 secs] [Times: user=0.01 sys=0.00, real=0.00 secs] 
770.430: [GC (Allocation Failure) [PSYoungGen: 68624K->1456K(69120K)] 374505K->307345K(744448K), 0.0022359 secs] [Times: user=0.01 sys=0.01, real=0.01 secs] 
771.154: [GC (Allocation Failure) [PSYoungGen: 68528K->1376K(69120K)] 374417K->307265K(744448K), 0.0023694 secs] [Times: user=0.01 sys=0.00, real=0.00 secs] 
771.788: [GC (Allocation Failure) [PSYoungGen: 68448K->1376K(69120K)] 374337K->307265K(744448K), 0.0019663 secs] [Times: user=0.01 sys=0.00, real=0.00 secs] 
772.230: [GC (Allocation Failure) [PSYoungGen: 68448K->1408K(69120K)] 374337K->307297K(744448K), 0.0019571 secs] [Times: user=0.01 sys=0.00, real=0.00 secs] 
772.601: [GC (Allocation Failure) [PSYoungGen: 68480K->1469K(69120K)] 374369K->307359K(744448K), 0.0014645 secs] [Times: user=0.00 sys=0.00, real=0.00 secs] 
773.054: [GC (Allocation Failure) [PSYoungGen: 68541K->1584K(69120K)] 374431K->307473K(744448K), 0.0016766 secs] [Times: user=0.00 sys=0.00, real=0.00 secs] 
773.506: [GC (Allocation Failure) [PSYoungGen: 68656K->1552K(69120K)] 374545K->307441K(744448K), 0.0015372 secs] [Times: user=0.01 sys=0.00, real=0.00 secs] 
773.954: [GC (Allocation Failure) [PSYoungGen: 68624K->1584K(69120K)] 374513K->307489K(744448K), 0.0015507 secs] [Times: user=0.01 sys=0.00, real=0.00 secs] 
774.322: [GC (Allocation Failure) [PSYoungGen: 68656K->1456K(69120K)] 374561K->307369K(744448K), 0.0027858 secs] [Times: user=0.01 sys=0.00, real=0.00 secs] 
774.602: [GC (Allocation Failure) [PSYoungGen: 68528K->1408K(69120K)] 374441K->307321K(744448K), 0.0019353 secs] [Times: user=0.01 sys=0.00, real=0.00 secs] 
774.881: [GC (Allocation Failure) [PSYoungGen: 68480K->1392K(69120K)] 374393K->307321K(744448K), 0.0018013 secs] [Times: user=0.00 sys=0.00, real=0.00 secs] 
775.159: [GC (Allocation Failure) [PSYoungGen: 68464K->1408K(69120K)] 374393K->307337K(744448K), 0.0017401 secs] [Times: user=0.01 sys=0.00, real=0.01 secs] 
775.531: [GC (Allocation Failure) [PSYoungGen: 68480K->1421K(69120K)] 374409K->307351K(744448K), 0.0016441 secs] [Times: user=0.01 sys=0.00, real=0.00 secs] 
775.921: [GC (Allocation Failure) [PSYoungGen: 68493K->1565K(69120K)] 374423K->307495K(744448K), 0.0015613 secs] [Times: user=0.00 sys=0.00, real=0.00 secs] 
776.316: [GC (Allocation Failure) [PSYoungGen: 68637K->1520K(69120K)] 374567K->307449K(744448K), 0.0015243 secs] [Times: user=0.01 sys=0.00, real=0.00 secs] 
776.709: [GC (Allocation Failure) [PSYoungGen: 68592K->1552K(69120K)] 374521K->307497K(744448K), 0.0016805 secs] [Times: user=0.01 sys=0.00, real=0.01 secs] 
777.218: [GC (Allocation Failure) [PSYoungGen: 68624K->1440K(69120K)] 374569K->307393K(744448K), 0.0017259 secs] [Times: user=0.01 sys=0.00, real=0.00 secs] 
777.633: [GC (Allocation Failure) [PSYoungGen: 68512K->1376K(69120K)] 374465K->307329K(744448K), 0.0017395 secs] [Times: user=0.01 sys=0.00, real=0.00 secs] 
777.912: [GC (Allocation Failure) [PSYoungGen: 68448K->1408K(69120K)] 374401K->307361K(744448K), 0.0016961 secs] [Times: user=0.01 sys=0.00, real=0.00 secs] 
778.191: [GC (Allocation Failure) [PSYoungGen: 68480K->1440K(69120K)] 374433K->307393K(744448K), 0.0018711 secs] [Times: user=0.01 sys=0.01, real=0.00 secs] 
778.561: [GC (Allocation Failure) [PSYoungGen: 68512K->1488K(69120K)] 374465K->307441K(744448K), 0.0015225 secs] [Times: user=0.00 sys=0.00, real=0.00 secs] 
778.955: [GC (Allocation Failure) [PSYoungGen: 68560K->1584K(69120K)] 374513K->307537K(744448K), 0.0016247 secs] [Times: user=0.01 sys=0.00, real=0.00 secs] 
779.349: [GC (Allocation Failure) [PSYoungGen: 68656K->1584K(69120K)] 374609K->307537K(744448K), 0.0015823 secs] [Times: user=0.01 sys=0.00, real=0.01 secs] 
779.742: [GC (Allocation Failure) [PSYoungGen: 68656K->1552K(69120K)] 374609K->307513K(744448K), 0.0015442 secs] [Times: user=0.01 sys=0.00, real=0.00 secs] 
780.398: [GC (Allocation Failure) [PSYoungGen: 68624K->1408K(69120K)] 374585K->307369K(744448K), 0.0019295 secs] [Times: user=0.01 sys=0.00, real=0.01 secs] 
780.904: [GC (Allocation Failure) [PSYoungGen: 68480K->1376K(69120K)] 374441K->307337K(744448K), 0.0027066 secs] [Times: user=0.01 sys=0.00, real=0.00 secs] 
781.463: [GC (Allocation Failure) [PSYoungGen: 68448K->1440K(69120K)] 374409K->307401K(744448K), 0.0020895 secs] [Times: user=0.01 sys=0.00, real=0.00 secs] 
782.014: [GC (Allocation Failure) [PSYoungGen: 68512K->1408K(69120K)] 374473K->307369K(744448K), 0.0024156 secs] [Times: user=0.01 sys=0.00, real=0.00 secs] 
782.507: [GC (Allocation Failure) [PSYoungGen: 68480K->1552K(69120K)] 374441K->307513K(744448K), 0.0014945 secs] [Times: user=0.00 sys=0.00, real=0.00 secs] 
782.898: [GC (Allocation Failure) [PSYoungGen: 68596K->1616K(69120K)] 374558K->307577K(744448K), 0.0015953 secs] [Times: user=0.01 sys=0.00, real=0.00 secs] 
783.291: [GC (Allocation Failure) [PSYoungGen: 68688K->1584K(69120K)] 374649K->307545K(744448K), 0.0015232 secs] [Times: user=0.01 sys=0.00, real=0.00 secs] 
783.728: [GC (Allocation Failure) [PSYoungGen: 68656K->1792K(69120K)] 374617K->307769K(744448K), 0.0017397 secs] [Times: user=0.01 sys=0.00, real=0.00 secs] 
784.396: [GC (Allocation Failure) [PSYoungGen: 68864K->1360K(69120K)] 374841K->307337K(744448K), 0.0018256 secs] [Times: user=0.01 sys=0.00, real=0.00 secs] 
785.024: [GC (Allocation Failure) [PSYoungGen: 68432K->1344K(69120K)] 374409K->307321K(744448K), 0.0026362 secs] [Times: user=0.01 sys=0.00, real=0.00 secs] 
785.617: [GC (Allocation Failure) [PSYoungGen: 68416K->1344K(69120K)] 374393K->307337K(744448K), 0.0036340 secs] [Times: user=0.02 sys=0.00, real=0.01 secs] 
786.121: [GC (Allocation Failure) [PSYoungGen: 68416K->1376K(69120K)] 374409K->307369K(744448K), 0.0020927 secs] [Times: user=0.01 sys=0.00, real=0.00 secs] 
786.532: [GC (Allocation Failure) [PSYoungGen: 68448K->1488K(69120K)] 374441K->307481K(744448K), 0.0015478 secs] [Times: user=0.01 sys=0.00, real=0.00 secs] 
786.923: [GC (Allocation Failure) [PSYoungGen: 68560K->1488K(69120K)] 374553K->307481K(744448K), 0.0015098 secs] [Times: user=0.01 sys=0.00, real=0.00 secs] 
787.316: [GC (Allocation Failure) [PSYoungGen: 68560K->1565K(69120K)] 374553K->307559K(744448K), 0.0015617 secs] [Times: user=0.00 sys=0.00, real=0.00 secs] 
787.888: [GC (Allocation Failure) [PSYoungGen: 68637K->1504K(69120K)] 374631K->307497K(744448K), 0.0018414 secs] [Times: user=0.00 sys=0.00, real=0.00 secs] 
788.496: [GC (Allocation Failure) [PSYoungGen: 68576K->1440K(69120K)] 374569K->307441K(744448K), 0.0026236 secs] [Times: user=0.01 sys=0.00, real=0.00 secs] 
788.776: [GC (Allocation Failure) [PSYoungGen: 68512K->1376K(69120K)] 374513K->307377K(744448K), 0.0018383 secs] [Times: user=0.01 sys=0.00, real=0.00 secs] 
789.055: [GC (Allocation Failure) [PSYoungGen: 68448K->1408K(69120K)] 374449K->307409K(744448K), 0.0019014 secs] [Times: user=0.01 sys=0.00, real=0.00 secs] 
789.362: [GC (Allocation Failure) [PSYoungGen: 68480K->1408K(69120K)] 374481K->307409K(744448K), 0.0016240 secs] [Times: user=0.01 sys=0.00, real=0.00 secs] 
789.757: [GC (Allocation Failure) [PSYoungGen: 68480K->1549K(69120K)] 374481K->307551K(744448K), 0.0015865 secs] [Times: user=0.01 sys=0.00, real=0.00 secs] 
790.152: [GC (Allocation Failure) [PSYoungGen: 68621K->1488K(69120K)] 374623K->307489K(744448K), 0.0015567 secs] [Times: user=0.01 sys=0.00, real=0.00 secs] 
790.544: [GC (Allocation Failure) [PSYoungGen: 68560K->1552K(69120K)] 374561K->307561K(744448K), 0.0015824 secs] [Times: user=0.00 sys=0.00, real=0.00 secs] 
791.039: [GC (Allocation Failure) [PSYoungGen: 68624K->1440K(69120K)] 374633K->307449K(744448K), 0.0016829 secs] [Times: user=0.00 sys=0.00, real=0.01 secs] 
791.507: [GC (Allocation Failure) [PSYoungGen: 68512K->1408K(69120K)] 374521K->307417K(744448K), 0.0020776 secs] [Times: user=0.01 sys=0.00, real=0.00 secs] 
791.836: [GC (Allocation Failure) [PSYoungGen: 68480K->1376K(69120K)] 374489K->307385K(744448K), 0.0023392 secs] [Times: user=0.01 sys=0.00, real=0.00 secs] 
792.250: [GC (Allocation Failure) [PSYoungGen: 68448K->1408K(69120K)] 374457K->307417K(744448K), 0.0022695 secs] [Times: user=0.01 sys=0.00, real=0.01 secs] 
792.763: [GC (Allocation Failure) [PSYoungGen: 68480K->1517K(69120K)] 374489K->307527K(744448K), 0.0015245 secs] [Times: user=0.01 sys=0.00, real=0.00 secs] 
793.156: [GC (Allocation Failure) [PSYoungGen: 68589K->1616K(69120K)] 374599K->307625K(744448K), 0.0016318 secs] [Times: user=0.00 sys=0.00, real=0.00 secs] 
793.549: [GC (Allocation Failure) [PSYoungGen: 68688K->1520K(69120K)] 374697K->307529K(744448K), 0.0015478 secs] [Times: user=0.01 sys=0.00, real=0.01 secs] 
793.940: [GC (Allocation Failure) [PSYoungGen: 68592K->1552K(69120K)] 374601K->307569K(744448K), 0.0015255 secs] [Times: user=0.00 sys=0.00, real=0.00 secs] 
794.619: [GC (Allocation Failure) [PSYoungGen: 68624K->1408K(69120K)] 374641K->307433K(744448K), 0.0021240 secs] [Times: user=0.01 sys=0.00, real=0.01 secs] 
795.379: [GC (Allocation Failure) [PSYoungGen: 68480K->1392K(69120K)] 374505K->307417K(744448K), 0.0023680 secs] [Times: user=0.01 sys=0.00, real=0.01 secs] 
796.142: [GC (Allocation Failure) [PSYoungGen: 68464K->1440K(69120K)] 374489K->307465K(744448K), 0.0025047 secs] [Times: user=0.01 sys=0.00, real=0.00 secs] 
797.042: [GC (Allocation Failure) [PSYoungGen: 68512K->1376K(69120K)] 374537K->307401K(744448K), 0.0029127 secs] [Times: user=0.01 sys=0.00, real=0.00 secs] 
797.734: [GC (Allocation Failure) [PSYoungGen: 68448K->1485K(69120K)] 374473K->307511K(744448K), 0.0015639 secs] [Times: user=0.01 sys=0.00, real=0.00 secs] 
798.125: [GC (Allocation Failure) [PSYoungGen: 68557K->1520K(69120K)] 374583K->307545K(744448K), 0.0015230 secs] [Times: user=0.00 sys=0.00, real=0.00 secs] 
798.576: [GC (Allocation Failure) [PSYoungGen: 68592K->1584K(69120K)] 374617K->307609K(744448K), 0.0015724 secs] [Times: user=0.00 sys=0.01, real=0.00 secs] 
799.024: [GC (Allocation Failure) [PSYoungGen: 68656K->1552K(69120K)] 374681K->307585K(744448K), 0.0015446 secs] [Times: user=0.01 sys=0.00, real=0.00 secs] 
799.642: [GC (Allocation Failure) [PSYoungGen: 68624K->1440K(69120K)] 374657K->307473K(744448K), 0.0030881 secs] [Times: user=0.01 sys=0.00, real=0.00 secs] 
800.252: [GC (Allocation Failure) [PSYoungGen: 68512K->1408K(69120K)] 374545K->307441K(744448K), 0.0024538 secs] [Times: user=0.01 sys=0.00, real=0.00 secs] 
800.931: [GC (Allocation Failure) [PSYoungGen: 68480K->1376K(69120K)] 374513K->307409K(744448K), 0.0023987 secs] [Times: user=0.01 sys=0.00, real=0.00 secs] 
801.586: [GC (Allocation Failure) [PSYoungGen: 68448K->1344K(69120K)] 374481K->307377K(744448K), 0.0026827 secs] [Times: user=0.01 sys=0.00, real=0.00 secs] 
802.098: [GC (Allocation Failure) [PSYoungGen: 68416K->1456K(69120K)] 374449K->307489K(744448K), 0.0015813 secs] [Times: user=0.01 sys=0.00, real=0.00 secs] 
802.489: [GC (Allocation Failure) [PSYoungGen: 68528K->1552K(69120K)] 374561K->307585K(744448K), 0.0016132 secs] [Times: user=0.01 sys=0.00, real=0.00 secs] 
802.880: [GC (Allocation Failure) [PSYoungGen: 68624K->1520K(69120K)] 374657K->307553K(744448K), 0.0016162 secs] [Times: user=0.01 sys=0.00, real=0.00 secs] 
803.273: [GC (Allocation Failure) [PSYoungGen: 68592K->1584K(69120K)] 374625K->307625K(744448K), 0.0017358 secs] [Times: user=0.01 sys=0.00, real=0.00 secs] 
803.870: [GC (Allocation Failure) [PSYoungGen: 68656K->1408K(69120K)] 374697K->307449K(744448K), 0.0020977 secs] [Times: user=0.01 sys=0.00, real=0.01 secs] 
804.434: [GC (Allocation Failure) [PSYoungGen: 68480K->1408K(69120K)] 374521K->307449K(744448K), 0.0018995 secs] [Times: user=0.01 sys=0.00, real=0.00 secs] 
804.779: [GC (Allocation Failure) [PSYoungGen: 68480K->1376K(69120K)] 374521K->307417K(744448K), 0.0019206 secs] [Times: user=0.01 sys=0.00, real=0.01 secs] 
805.057: [GC (Allocation Failure) [PSYoungGen: 68448K->1376K(69120K)] 374489K->307417K(744448K), 0.0046700 secs] [Times: user=0.02 sys=0.00, real=0.01 secs] 
805.443: [GC (Allocation Failure) [PSYoungGen: 68448K->1520K(69120K)] 374489K->307561K(744448K), 0.0015077 secs] [Times: user=0.00 sys=0.00, real=0.00 secs] 
805.834: [GC (Allocation Failure) [PSYoungGen: 68569K->1616K(69120K)] 374611K->307681K(744448K), 0.0015391 secs] [Times: user=0.01 sys=0.00, real=0.00 secs] 
806.228: [GC (Allocation Failure) [PSYoungGen: 68688K->1584K(69120K)] 374753K->307649K(744448K), 0.0017416 secs] [Times: user=0.00 sys=0.00, real=0.00 secs] 
806.690: [GC (Allocation Failure) [PSYoungGen: 68656K->1536K(69120K)] 374721K->307609K(744448K), 0.0019105 secs] [Times: user=0.01 sys=0.00, real=0.01 secs] 
807.346: [GC (Allocation Failure) [PSYoungGen: 68608K->1440K(69120K)] 374681K->307513K(744448K), 0.0018399 secs] [Times: user=0.01 sys=0.00, real=0.00 secs] 
807.932: [GC (Allocation Failure) [PSYoungGen: 68512K->1376K(69120K)] 374585K->307449K(744448K), 0.0019114 secs] [Times: user=0.01 sys=0.00, real=0.00 secs] 
808.355: [GC (Allocation Failure) [PSYoungGen: 68448K->1360K(69120K)] 374521K->307433K(744448K), 0.0019647 secs] [Times: user=0.01 sys=0.00, real=0.00 secs] 
808.682: [GC (Allocation Failure) [PSYoungGen: 68432K->1408K(69120K)] 374505K->307489K(744448K), 0.0018676 secs] [Times: user=0.01 sys=0.00, real=0.00 secs] 
809.146: [GC (Allocation Failure) [PSYoungGen: 68480K->1616K(69120K)] 374561K->307697K(744448K), 0.0017363 secs] [Times: user=0.00 sys=0.00, real=0.00 secs] 
809.538: [GC (Allocation Failure) [PSYoungGen: 68688K->1517K(69120K)] 374769K->307599K(744448K), 0.0015911 secs] [Times: user=0.00 sys=0.00, real=0.00 secs] 
809.932: [GC (Allocation Failure) [PSYoungGen: 68589K->1552K(69120K)] 374671K->307633K(744448K), 0.0015417 secs] [Times: user=0.01 sys=0.00, real=0.00 secs] 
810.353: [GC (Allocation Failure) [PSYoungGen: 68624K->1488K(69120K)] 374705K->307569K(744448K), 0.0017674 secs] [Times: user=0.01 sys=0.00, real=0.00 secs] 
810.718: [GC (Allocation Failure) [PSYoungGen: 68560K->1344K(69120K)] 374641K->307425K(744448K), 0.0017604 secs] [Times: user=0.01 sys=0.00, real=0.00 secs] 
811.058: [GC (Allocation Failure) [PSYoungGen: 68416K->1376K(69120K)] 374497K->307457K(744448K), 0.0017896 secs] [Times: user=0.01 sys=0.00, real=0.00 secs] 
811.357: [GC (Allocation Failure) [PSYoungGen: 68448K->1408K(69120K)] 374529K->307489K(744448K), 0.0017321 secs] [Times: user=0.01 sys=0.00, real=0.00 secs] 
812.138: [GC (Allocation Failure) [PSYoungGen: 68480K->1472K(69120K)] 374561K->307553K(744448K), 0.0020158 secs] [Times: user=0.01 sys=0.00, real=0.01 secs] 
812.551: [GC (Allocation Failure) [PSYoungGen: 68544K->1552K(69120K)] 374625K->307633K(744448K), 0.0016747 secs] [Times: user=0.00 sys=0.00, real=0.00 secs] 
812.946: [GC (Allocation Failure) [PSYoungGen: 68624K->1520K(69120K)] 374705K->307601K(744448K), 0.0016761 secs] [Times: user=0.01 sys=0.00, real=0.00 secs] 
813.339: [GC (Allocation Failure) [PSYoungGen: 68592K->1552K(69120K)] 374673K->307649K(744448K), 0.0016546 secs] [Times: user=0.00 sys=0.00, real=0.01 secs] 
813.717: [GC (Allocation Failure) [PSYoungGen: 68624K->1440K(69120K)] 374721K->307537K(744448K), 0.0017487 secs] [Times: user=0.01 sys=0.00, real=0.00 secs] 
814.190: [GC (Allocation Failure) [PSYoungGen: 68512K->1344K(69120K)] 374609K->307441K(744448K), 0.0017623 secs] [Times: user=0.01 sys=0.00, real=0.01 secs] 
815.105: [GC (Allocation Failure) [PSYoungGen: 68416K->1344K(69120K)] 374513K->307449K(744448K), 0.0020043 secs] [Times: user=0.00 sys=0.00, real=0.00 secs] 
815.860: [GC (Allocation Failure) [PSYoungGen: 68416K->1376K(69120K)] 374521K->307481K(744448K), 0.0019923 secs] [Times: user=0.01 sys=0.00, real=0.01 secs] 
816.540: [GC (Allocation Failure) [PSYoungGen: 68448K->1456K(69120K)] 374553K->307561K(744448K), 0.0015444 secs] [Times: user=0.00 sys=0.00, real=0.01 secs] 
816.933: [GC (Allocation Failure) [PSYoungGen: 68528K->1552K(69120K)] 374633K->307657K(744448K), 0.0015737 secs] [Times: user=0.01 sys=0.00, real=0.00 secs] 
817.326: [GC (Allocation Failure) [PSYoungGen: 68624K->1552K(69120K)] 374729K->307657K(744448K), 0.0016364 secs] [Times: user=0.00 sys=0.00, real=0.00 secs] 
817.718: [GC (Allocation Failure) [PSYoungGen: 68624K->1584K(69120K)] 374729K->307697K(744448K), 0.0015924 secs] [Times: user=0.00 sys=0.00, real=0.00 secs] 
818.083: [GC (Allocation Failure) [PSYoungGen: 68656K->1440K(69120K)] 374769K->307561K(744448K), 0.0017765 secs] [Times: user=0.01 sys=0.00, real=0.00 secs] 
818.434: [GC (Allocation Failure) [PSYoungGen: 68512K->1344K(69120K)] 374633K->307465K(744448K), 0.0017842 secs] [Times: user=0.00 sys=0.00, real=0.00 secs] 
818.743: [GC (Allocation Failure) [PSYoungGen: 68416K->1376K(69120K)] 374537K->307497K(744448K), 0.0021451 secs] [Times: user=0.01 sys=0.00, real=0.00 secs] 
819.247: [GC (Allocation Failure) [PSYoungGen: 68448K->1376K(69120K)] 374569K->307497K(744448K), 0.0021605 secs] [Times: user=0.01 sys=0.00, real=0.00 secs] 
819.765: [GC (Allocation Failure) [PSYoungGen: 68448K->1488K(69120K)] 374569K->307609K(744448K), 0.0015925 secs] [Times: user=0.01 sys=0.00, real=0.00 secs] 
820.160: [GC (Allocation Failure) [PSYoungGen: 68560K->1552K(69120K)] 374681K->307673K(744448K), 0.0016533 secs] [Times: user=0.00 sys=0.00, real=0.01 secs] 
820.557: [GC (Allocation Failure) [PSYoungGen: 68624K->1552K(69120K)] 374745K->307673K(744448K), 0.0015136 secs] [Times: user=0.00 sys=0.00, real=0.00 secs] 
820.949: [GC (Allocation Failure) [PSYoungGen: 68624K->1581K(69120K)] 374745K->307711K(744448K), 0.0015645 secs] [Times: user=0.01 sys=0.00, real=0.01 secs] 
821.245: [GC (Allocation Failure) [PSYoungGen: 68653K->1440K(69120K)] 374783K->307569K(744448K), 0.0015259 secs] [Times: user=0.01 sys=0.00, real=0.00 secs] 
821.524: [GC (Allocation Failure) [PSYoungGen: 68512K->1376K(69120K)] 374641K->307505K(744448K), 0.0014615 secs] [Times: user=0.00 sys=0.00, real=0.00 secs] 
821.832: [GC (Allocation Failure) [PSYoungGen: 68448K->1376K(69120K)] 374577K->307505K(744448K), 0.0020448 secs] [Times: user=0.00 sys=0.00, real=0.00 secs] 
822.421: [GC (Allocation Failure) [PSYoungGen: 68448K->1344K(69120K)] 374577K->307473K(744448K), 0.0023405 secs] [Times: user=0.01 sys=0.00, real=0.00 secs] 
822.940: [GC (Allocation Failure) [PSYoungGen: 68416K->1520K(69120K)] 374545K->307649K(744448K), 0.0016712 secs] [Times: user=0.01 sys=0.00, real=0.01 secs] 
823.331: [GC (Allocation Failure) [PSYoungGen: 68591K->1552K(69120K)] 374721K->307681K(744448K), 0.0016628 secs] [Times: user=0.00 sys=0.00, real=0.00 secs] 
823.724: [GC (Allocation Failure) [PSYoungGen: 68624K->1520K(69120K)] 374753K->307649K(744448K), 0.0014952 secs] [Times: user=0.01 sys=0.00, real=0.00 secs] 
824.140: [GC (Allocation Failure) [PSYoungGen: 68592K->1792K(69120K)] 374721K->307937K(744448K), 0.0018181 secs] [Times: user=0.00 sys=0.00, real=0.00 secs] 
824.468: [GC (Allocation Failure) [PSYoungGen: 68864K->1408K(69120K)] 375009K->307569K(744448K), 0.0017662 secs] [Times: user=0.01 sys=0.00, real=0.01 secs] 
824.754: [GC (Allocation Failure) [PSYoungGen: 68480K->1344K(69120K)] 374641K->307505K(744448K), 0.0017853 secs] [Times: user=0.00 sys=0.00, real=0.00 secs] 
825.076: [GC (Allocation Failure) [PSYoungGen: 68416K->1376K(69120K)] 374577K->307537K(744448K), 0.0017312 secs] [Times: user=0.01 sys=0.00, real=0.00 secs] 
825.476: [GC (Allocation Failure) [PSYoungGen: 68448K->1328K(69120K)] 374609K->307489K(744448K), 0.0017851 secs] [Times: user=0.00 sys=0.00, real=0.00 secs] 
825.918: [GC (Allocation Failure) [PSYoungGen: 68400K->1584K(69120K)] 374561K->307745K(744448K), 0.0016601 secs] [Times: user=0.00 sys=0.00, real=0.00 secs] 
826.311: [GC (Allocation Failure) [PSYoungGen: 68656K->1552K(69120K)] 374817K->307713K(744448K), 0.0015488 secs] [Times: user=0.01 sys=0.00, real=0.00 secs] 
826.704: [GC (Allocation Failure) [PSYoungGen: 68624K->1552K(69120K)] 374785K->307713K(744448K), 0.0016638 secs] [Times: user=0.01 sys=0.00, real=0.00 secs] 
827.238: [GC (Allocation Failure) [PSYoungGen: 68624K->1456K(69120K)] 374785K->307633K(744448K), 0.0018881 secs] [Times: user=0.01 sys=0.00, real=0.00 secs] 
827.547: [GC (Allocation Failure) [PSYoungGen: 68528K->1376K(69120K)] 374705K->307553K(744448K), 0.0017546 secs] [Times: user=0.01 sys=0.00, real=0.00 secs] 
827.826: [GC (Allocation Failure) [PSYoungGen: 68448K->1408K(69120K)] 374625K->307585K(744448K), 0.0020524 secs] [Times: user=0.01 sys=0.00, real=0.00 secs] 
828.109: [GC (Allocation Failure) [PSYoungGen: 68480K->1328K(69120K)] 374657K->307505K(744448K), 0.0026607 secs] [Times: user=0.01 sys=0.00, real=0.01 secs] 
828.417: [GC (Allocation Failure) [PSYoungGen: 68400K->1504K(69120K)] 374577K->307681K(744448K), 0.0018534 secs] [Times: user=0.00 sys=0.00, real=0.00 secs] 
828.818: [GC (Allocation Failure) [PSYoungGen: 68576K->1520K(69120K)] 374753K->307697K(744448K), 0.0016360 secs] [Times: user=0.01 sys=0.00, real=0.00 secs] 
829.213: [GC (Allocation Failure) [PSYoungGen: 68592K->1552K(69120K)] 374769K->307729K(744448K), 0.0015262 secs] [Times: user=0.00 sys=0.00, real=0.00 secs] 
829.606: [GC (Allocation Failure) [PSYoungGen: 68624K->1584K(69120K)] 374801K->307777K(744448K), 0.0015474 secs] [Times: user=0.00 sys=0.00, real=0.00 secs] 
830.072: [GC (Allocation Failure) [PSYoungGen: 68656K->1504K(69120K)] 374849K->307697K(744448K), 0.0018633 secs] [Times: user=0.00 sys=0.00, real=0.00 secs] 
830.351: [GC (Allocation Failure) [PSYoungGen: 68576K->1408K(69120K)] 374769K->307601K(744448K), 0.0017021 secs] [Times: user=0.01 sys=0.00, real=0.00 secs] 
830.630: [GC (Allocation Failure) [PSYoungGen: 68480K->1344K(69120K)] 374673K->307537K(744448K), 0.0017629 secs] [Times: user=0.01 sys=0.00, real=0.01 secs] 
830.908: [GC (Allocation Failure) [PSYoungGen: 68416K->1408K(69120K)] 374609K->307601K(744448K), 0.0017462 secs] [Times: user=0.01 sys=0.00, real=0.00 secs] 
831.406: [GC (Allocation Failure) [PSYoungGen: 68480K->1517K(69120K)] 374673K->307711K(744448K), 0.0016160 secs] [Times: user=0.01 sys=0.00, real=0.00 secs] 
831.860: [GC (Allocation Failure) [PSYoungGen: 68589K->1533K(69120K)] 374783K->307727K(744448K), 0.0016039 secs] [Times: user=0.00 sys=0.00, real=0.01 secs] 
832.255: [GC (Allocation Failure) [PSYoungGen: 68605K->1552K(69120K)] 374799K->307745K(744448K), 0.0016110 secs] [Times: user=0.00 sys=0.00, real=0.00 secs] 
832.647: [GC (Allocation Failure) [PSYoungGen: 68624K->1568K(69120K)] 374817K->307769K(744448K), 0.0015359 secs] [Times: user=0.00 sys=0.00, real=0.00 secs] 
832.981: [GC (Allocation Failure) [PSYoungGen: 68640K->1408K(69120K)] 374841K->307609K(744448K), 0.0024843 secs] [Times: user=0.01 sys=0.00, real=0.00 secs] 
833.261: [GC (Allocation Failure) [PSYoungGen: 68480K->1376K(69120K)] 374681K->307577K(744448K), 0.0019288 secs] [Times: user=0.01 sys=0.00, real=0.00 secs] 
833.540: [GC (Allocation Failure) [PSYoungGen: 68448K->1408K(69120K)] 374649K->307609K(744448K), 0.0018860 secs] [Times: user=0.01 sys=0.00, real=0.01 secs] 
833.977: [GC (Allocation Failure) [PSYoungGen: 68480K->1408K(69120K)] 374681K->307633K(744448K), 0.0023744 secs] [Times: user=0.01 sys=0.00, real=0.00 secs] 
834.478: [GC (Allocation Failure) [PSYoungGen: 68480K->1485K(69120K)] 374705K->307711K(744448K), 0.0015494 secs] [Times: user=0.00 sys=0.00, real=0.00 secs] 
834.870: [GC (Allocation Failure) [PSYoungGen: 68557K->1584K(69120K)] 374783K->307809K(744448K), 0.0015364 secs] [Times: user=0.01 sys=0.00, real=0.01 secs] 
835.264: [GC (Allocation Failure) [PSYoungGen: 68656K->1520K(69120K)] 374881K->307745K(744448K), 0.0015584 secs] [Times: user=0.01 sys=0.00, real=0.00 secs] 
835.659: [GC (Allocation Failure) [PSYoungGen: 68592K->1517K(69120K)] 374817K->307751K(744448K), 0.0016445 secs] [Times: user=0.01 sys=0.00, real=0.01 secs] 
836.399: [GC (Allocation Failure) [PSYoungGen: 68589K->1440K(69120K)] 374823K->307673K(744448K), 0.0021268 secs] [Times: user=0.01 sys=0.00, real=0.01 secs] 
837.038: [GC (Allocation Failure) [PSYoungGen: 68512K->1408K(69120K)] 374745K->307641K(744448K), 0.0024118 secs] [Times: user=0.01 sys=0.00, real=0.00 secs] 
837.755: [GC (Allocation Failure) [PSYoungGen: 68480K->1376K(69120K)] 374713K->307609K(744448K), 0.0022671 secs] [Times: user=0.00 sys=0.00, real=0.00 secs] 
838.460: [GC (Allocation Failure) [PSYoungGen: 68448K->1344K(69120K)] 374681K->307577K(744448K), 0.0022718 secs] [Times: user=0.01 sys=0.00, real=0.01 secs] 
839.088: [GC (Allocation Failure) [PSYoungGen: 68416K->1520K(69120K)] 374649K->307753K(744448K), 0.0016089 secs] [Times: user=0.01 sys=0.00, real=0.00 secs] 
839.480: [GC (Allocation Failure) [PSYoungGen: 68592K->1584K(69120K)] 374825K->307817K(744448K), 0.0016285 secs] [Times: user=0.01 sys=0.00, real=0.01 secs] 
839.875: [GC (Allocation Failure) [PSYoungGen: 68656K->1584K(69120K)] 374889K->307817K(744448K), 0.0015495 secs] [Times: user=0.01 sys=0.00, real=0.00 secs] 
840.271: [GC (Allocation Failure) [PSYoungGen: 68656K->1552K(69120K)] 374889K->307793K(744448K), 0.0015192 secs] [Times: user=0.01 sys=0.00, real=0.00 secs] 
840.548: [GC (Allocation Failure) [PSYoungGen: 68624K->1408K(69120K)] 374865K->307649K(744448K), 0.0015651 secs] [Times: user=0.00 sys=0.00, real=0.00 secs] 
841.023: [GC (Allocation Failure) [PSYoungGen: 68480K->1376K(69120K)] 374721K->307617K(744448K), 0.0018939 secs] [Times: user=0.01 sys=0.00, real=0.00 secs] 
841.568: [GC (Allocation Failure) [PSYoungGen: 68448K->1408K(69120K)] 374689K->307649K(744448K), 0.0026777 secs] [Times: user=0.01 sys=0.00, real=0.01 secs] 
842.142: [GC (Allocation Failure) [PSYoungGen: 68480K->1344K(69120K)] 374721K->307585K(744448K), 0.0022832 secs] [Times: user=0.01 sys=0.00, real=0.00 secs] 
842.691: [GC (Allocation Failure) [PSYoungGen: 68416K->1616K(69120K)] 374657K->307857K(744448K), 0.0015044 secs] [Times: user=0.01 sys=0.00, real=0.00 secs] 
843.083: [GC (Allocation Failure) [PSYoungGen: 68688K->1552K(69120K)] 374929K->307793K(744448K), 0.0015893 secs] [Times: user=0.00 sys=0.00, real=0.00 secs] 
843.475: [GC (Allocation Failure) [PSYoungGen: 68624K->1552K(69120K)] 374865K->307793K(744448K), 0.0016548 secs] [Times: user=0.01 sys=0.00, real=0.00 secs] 
843.960: [GC (Allocation Failure) [PSYoungGen: 68624K->1520K(69120K)] 374865K->307761K(744448K), 0.0020530 secs] [Times: user=0.00 sys=0.00, real=0.01 secs] 
844.495: [GC (Allocation Failure) [PSYoungGen: 68592K->1408K(69120K)] 374833K->307649K(744448K), 0.0018815 secs] [Times: user=0.01 sys=0.00, real=0.00 secs] 
845.283: [GC (Allocation Failure) [PSYoungGen: 68480K->1376K(69120K)] 374721K->307617K(744448K), 0.0037009 secs] [Times: user=0.01 sys=0.00, real=0.00 secs] 
846.134: [GC (Allocation Failure) [PSYoungGen: 68448K->1376K(69120K)] 374689K->307633K(744448K), 0.0036231 secs] [Times: user=0.02 sys=0.00, real=0.00 secs] 
846.947: [GC (Allocation Failure) [PSYoungGen: 68448K->1376K(69120K)] 374705K->307633K(744448K), 0.0027209 secs] [Times: user=0.01 sys=0.00, real=0.00 secs] 
847.451: [GC (Allocation Failure) [PSYoungGen: 68448K->1552K(69120K)] 374705K->307809K(744448K), 0.0016472 secs] [Times: user=0.00 sys=0.00, real=0.00 secs] 
847.904: [GC (Allocation Failure) [PSYoungGen: 68624K->1584K(69120K)] 374881K->307841K(744448K), 0.0015914 secs] [Times: user=0.00 sys=0.00, real=0.00 secs] 
848.296: [GC (Allocation Failure) [PSYoungGen: 68656K->1552K(69120K)] 374913K->307809K(744448K), 0.0016129 secs] [Times: user=0.01 sys=0.00, real=0.00 secs] 
848.755: [GC (Allocation Failure) [PSYoungGen: 68624K->1440K(69120K)] 374881K->307697K(744448K), 0.0023441 secs] [Times: user=0.00 sys=0.00, real=0.00 secs] 
849.323: [GC (Allocation Failure) [PSYoungGen: 68512K->1424K(69120K)] 374769K->307681K(744448K), 0.0021373 secs] [Times: user=0.01 sys=0.00, real=0.00 secs] 
849.878: [GC (Allocation Failure) [PSYoungGen: 68496K->1376K(69120K)] 374753K->307633K(744448K), 0.0022421 secs] [Times: user=0.01 sys=0.00, real=0.00 secs] 
850.406: [GC (Allocation Failure) [PSYoungGen: 68448K->1376K(69120K)] 374705K->307633K(744448K), 0.0022982 secs] [Times: user=0.01 sys=0.00, real=0.00 secs] 
851.024: [GC (Allocation Failure) [PSYoungGen: 68448K->1456K(69120K)] 374705K->307713K(744448K), 0.0018073 secs] [Times: user=0.00 sys=0.00, real=0.00 secs] 
851.427: [GC (Allocation Failure) [PSYoungGen: 68528K->1584K(69120K)] 374785K->307841K(744448K), 0.0015220 secs] [Times: user=0.01 sys=0.00, real=0.00 secs] 
851.819: [GC (Allocation Failure) [PSYoungGen: 68656K->1584K(69120K)] 374913K->307841K(744448K), 0.0017656 secs] [Times: user=0.01 sys=0.00, real=0.01 secs] 
852.269: [GC (Allocation Failure) [PSYoungGen: 68656K->1616K(69120K)] 374913K->307889K(744448K), 0.0016678 secs] [Times: user=0.01 sys=0.00, real=0.01 secs] 
852.701: [GC (Allocation Failure) [PSYoungGen: 68688K->1456K(69120K)] 374961K->307729K(744448K), 0.0023644 secs] [Times: user=0.01 sys=0.00, real=0.00 secs] 
853.206: [GC (Allocation Failure) [PSYoungGen: 68528K->1344K(69120K)] 374801K->307617K(744448K), 0.0018554 secs] [Times: user=0.01 sys=0.00, real=0.00 secs] 
853.931: [GC (Allocation Failure) [PSYoungGen: 68416K->1344K(69120K)] 374689K->307617K(744448K), 0.0025602 secs] [Times: user=0.01 sys=0.00, real=0.00 secs] 
854.668: [GC (Allocation Failure) [PSYoungGen: 68416K->1408K(69120K)] 374689K->307681K(744448K), 0.0021797 secs] [Times: user=0.00 sys=0.00, real=0.01 secs] 
855.415: [GC (Allocation Failure) [PSYoungGen: 68480K->1517K(69120K)] 374753K->307791K(744448K), 0.0015470 secs] [Times: user=0.01 sys=0.00, real=0.00 secs] 
855.808: [GC (Allocation Failure) [PSYoungGen: 68589K->1616K(69120K)] 374863K->307897K(744448K), 0.0016822 secs] [Times: user=0.01 sys=0.00, real=0.00 secs] 
856.259: [GC (Allocation Failure) [PSYoungGen: 68688K->1549K(69120K)] 374969K->307855K(744448K), 0.0019136 secs] [Times: user=0.01 sys=0.00, real=0.01 secs] 
856.732: [GC (Allocation Failure) [PSYoungGen: 68621K->1616K(69120K)] 374927K->307937K(744448K), 0.0017888 secs] [Times: user=0.01 sys=0.00, real=0.00 secs] 
857.141: [GC (Allocation Failure) [PSYoungGen: 68688K->1424K(69120K)] 375009K->307745K(744448K), 0.0026280 secs] [Times: user=0.01 sys=0.00, real=0.00 secs] 
857.422: [GC (Allocation Failure) [PSYoungGen: 68496K->1376K(69120K)] 374817K->307705K(744448K), 0.0019417 secs] [Times: user=0.00 sys=0.00, real=0.00 secs] 
857.701: [GC (Allocation Failure) [PSYoungGen: 68448K->1360K(69120K)] 374777K->307689K(744448K), 0.0018495 secs] [Times: user=0.01 sys=0.00, real=0.00 secs] 
858.015: [GC (Allocation Failure) [PSYoungGen: 68432K->1376K(69120K)] 374761K->307705K(744448K), 0.0018027 secs] [Times: user=0.01 sys=0.00, real=0.00 secs] 
858.471: [GC (Allocation Failure) [PSYoungGen: 68448K->1520K(69120K)] 374777K->307849K(744448K), 0.0015201 secs] [Times: user=0.00 sys=0.00, real=0.00 secs] 
858.864: [GC (Allocation Failure) [PSYoungGen: 68592K->1552K(69120K)] 374921K->307881K(744448K), 0.0015539 secs] [Times: user=0.01 sys=0.00, real=0.00 secs] 
859.324: [GC (Allocation Failure) [PSYoungGen: 68624K->1520K(69120K)] 374953K->307849K(744448K), 0.0016683 secs] [Times: user=0.01 sys=0.00, real=0.00 secs] 
859.716: [GC (Allocation Failure) [PSYoungGen: 68592K->1520K(69120K)] 374921K->307873K(744448K), 0.0017155 secs] [Times: user=0.00 sys=0.00, real=0.00 secs] 
860.770: [GC (Allocation Failure) [PSYoungGen: 68592K->1440K(69120K)] 374945K->307793K(744448K), 0.0026693 secs] [Times: user=0.01 sys=0.00, real=0.00 secs] 
861.615: [GC (Allocation Failure) [PSYoungGen: 68512K->1344K(69120K)] 374865K->307697K(744448K), 0.0031638 secs] [Times: user=0.01 sys=0.00, real=0.00 secs] 
862.405: [GC (Allocation Failure) [PSYoungGen: 68416K->1344K(69120K)] 374769K->307697K(744448K), 0.0031065 secs] [Times: user=0.01 sys=0.00, real=0.00 secs] 
863.371: [GC (Allocation Failure) [PSYoungGen: 68416K->1344K(69120K)] 374769K->307697K(744448K), 0.0026489 secs] [Times: user=0.01 sys=0.00, real=0.00 secs] 
863.909: [GC (Allocation Failure) [PSYoungGen: 68416K->1488K(69120K)] 374769K->307841K(744448K), 0.0014809 secs] [Times: user=0.01 sys=0.00, real=0.01 secs] 
864.302: [GC (Allocation Failure) [PSYoungGen: 68560K->1552K(69120K)] 374913K->307905K(744448K), 0.0015794 secs] [Times: user=0.00 sys=0.00, real=0.00 secs] 
864.758: [GC (Allocation Failure) [PSYoungGen: 68624K->1584K(69120K)] 374977K->307937K(744448K), 0.0017459 secs] [Times: user=0.01 sys=0.00, real=0.00 secs] 
865.249: [GC (Allocation Failure) [PSYoungGen: 68656K->1776K(69120K)] 375009K->308129K(744448K), 0.0020457 secs] [Times: user=0.00 sys=0.00, real=0.01 secs] 
865.607: [GC (Allocation Failure) [PSYoungGen: 68848K->1328K(69120K)] 375201K->307681K(744448K), 0.0018000 secs] [Times: user=0.00 sys=0.00, real=0.00 secs] 
866.172: [GC (Allocation Failure) [PSYoungGen: 68400K->1376K(69120K)] 374753K->307729K(744448K), 0.0017730 secs] [Times: user=0.00 sys=0.00, real=0.00 secs] 
866.678: [GC (Allocation Failure) [PSYoungGen: 68448K->1469K(69120K)] 374801K->307823K(744448K), 0.0018594 secs] [Times: user=0.01 sys=0.01, real=0.00 secs] 
866.964: [GC (Allocation Failure) [PSYoungGen: 68541K->1584K(69120K)] 374895K->307953K(744448K), 0.0015338 secs] [Times: user=0.01 sys=0.00, real=0.00 secs] 
867.237: [GC (Allocation Failure) [PSYoungGen: 68656K->1600K(69120K)] 375025K->307969K(744448K), 0.0015828 secs] [Times: user=0.00 sys=0.00, real=0.00 secs] 
867.509: [GC (Allocation Failure) [PSYoungGen: 68672K->1552K(69120K)] 375041K->307921K(744448K), 0.0015387 secs] [Times: user=0.00 sys=0.00, real=0.00 secs] 
868.155: [GC (Allocation Failure) [PSYoungGen: 68624K->1424K(69120K)] 374993K->307793K(744448K), 0.0017150 secs] [Times: user=0.00 sys=0.00, real=0.00 secs] 
868.756: [GC (Allocation Failure) [PSYoungGen: 68496K->1344K(69120K)] 374865K->307713K(744448K), 0.0032560 secs] [Times: user=0.01 sys=0.00, real=0.00 secs] 
869.234: [GC (Allocation Failure) [PSYoungGen: 68416K->1376K(69120K)] 374785K->307745K(744448K), 0.0022568 secs] [Times: user=0.01 sys=0.00, real=0.00 secs] 
869.676: [GC (Allocation Failure) [PSYoungGen: 68448K->1376K(69120K)] 374817K->307745K(744448K), 0.0021693 secs] [Times: user=0.01 sys=0.00, real=0.00 secs] 
870.338: [GC (Allocation Failure) [PSYoungGen: 68448K->1549K(69120K)] 374817K->307919K(744448K), 0.0014304 secs] [Times: user=0.01 sys=0.00, real=0.00 secs] 
870.735: [GC (Allocation Failure) [PSYoungGen: 68621K->1584K(69120K)] 374991K->307953K(744448K), 0.0015043 secs] [Times: user=0.00 sys=0.00, real=0.00 secs] 
871.127: [GC (Allocation Failure) [PSYoungGen: 68656K->1552K(69120K)] 375025K->307921K(744448K), 0.0015155 secs] [Times: user=0.01 sys=0.00, real=0.00 secs] 
871.518: [GC (Allocation Failure) [PSYoungGen: 68624K->1616K(69120K)] 374993K->307985K(744448K), 0.0015966 secs] [Times: user=0.01 sys=0.00, real=0.00 secs] 
872.161: [GC (Allocation Failure) [PSYoungGen: 68688K->1360K(69120K)] 375057K->307737K(744448K), 0.0018221 secs] [Times: user=0.00 sys=0.00, real=0.00 secs] 
872.566: [GC (Allocation Failure) [PSYoungGen: 68432K->1392K(69120K)] 374809K->307769K(744448K), 0.0020920 secs] [Times: user=0.01 sys=0.00, real=0.00 secs] 
872.916: [GC (Allocation Failure) [PSYoungGen: 68464K->1376K(69120K)] 374841K->307753K(744448K), 0.0019302 secs] [Times: user=0.01 sys=0.00, real=0.00 secs] 
873.204: [GC (Allocation Failure) [PSYoungGen: 68448K->1376K(69120K)] 374825K->307753K(744448K), 0.0017969 secs] [Times: user=0.00 sys=0.00, real=0.00 secs] 
873.601: [GC (Allocation Failure) [PSYoungGen: 68448K->1424K(69120K)] 374825K->307801K(744448K), 0.0015129 secs] [Times: user=0.01 sys=0.00, real=0.00 secs] 
873.992: [GC (Allocation Failure) [PSYoungGen: 68496K->1565K(69120K)] 374873K->307943K(744448K), 0.0015419 secs] [Times: user=0.01 sys=0.00, real=0.00 secs] 
874.385: [GC (Allocation Failure) [PSYoungGen: 68637K->1584K(69120K)] 375015K->307961K(744448K), 0.0015760 secs] [Times: user=0.00 sys=0.00, real=0.00 secs] 
874.786: [GC (Allocation Failure) [PSYoungGen: 68432K->320K(69120K)] 374810K->306713K(744448K), 0.0014686 secs] [Times: user=0.01 sys=0.00, real=0.00 secs] 
875.778: [GC (Allocation Failure) [PSYoungGen: 67392K->1456K(69120K)] 373785K->307849K(744448K), 0.0029995 secs] [Times: user=0.01 sys=0.01, real=0.01 secs] 
876.223: [GC (Allocation Failure) [PSYoungGen: 68528K->1408K(69120K)] 374921K->307801K(744448K), 0.0021230 secs] [Times: user=0.00 sys=0.00, real=0.00 secs] 
876.502: [GC (Allocation Failure) [PSYoungGen: 68480K->1376K(69120K)] 374873K->307769K(744448K), 0.0019434 secs] [Times: user=0.01 sys=0.00, real=0.00 secs] 
876.878: [GC (Allocation Failure) [PSYoungGen: 68448K->1408K(69120K)] 374841K->307801K(744448K), 0.0017816 secs] [Times: user=0.01 sys=0.00, real=0.00 secs] 
877.353: [GC (Allocation Failure) [PSYoungGen: 68480K->1520K(69120K)] 374873K->307913K(744448K), 0.0016662 secs] [Times: user=0.00 sys=0.00, real=0.00 secs] 
877.746: [GC (Allocation Failure) [PSYoungGen: 68592K->1520K(69120K)] 374985K->307913K(744448K), 0.0016119 secs] [Times: user=0.01 sys=0.00, real=0.00 secs] 
878.138: [GC (Allocation Failure) [PSYoungGen: 68592K->1520K(69120K)] 374985K->307913K(744448K), 0.0015173 secs] [Times: user=0.01 sys=0.00, real=0.00 secs] 
878.621: [GC (Allocation Failure) [PSYoungGen: 68592K->1536K(69120K)] 374985K->307945K(744448K), 0.0019766 secs] [Times: user=0.01 sys=0.00, real=0.00 secs] 
879.375: [GC (Allocation Failure) [PSYoungGen: 68608K->1408K(69120K)] 375017K->307817K(744448K), 0.0031042 secs] [Times: user=0.01 sys=0.00, real=0.00 secs] 
879.798: [GC (Allocation Failure) [PSYoungGen: 68480K->1392K(69120K)] 374889K->307801K(744448K), 0.0020466 secs] [Times: user=0.01 sys=0.00, real=0.00 secs] 
880.076: [GC (Allocation Failure) [PSYoungGen: 68464K->1408K(69120K)] 374873K->307817K(744448K), 0.0019304 secs] [Times: user=0.01 sys=0.00, real=0.00 secs] 
880.408: [GC (Allocation Failure) [PSYoungGen: 68361K->256K(69120K)] 374771K->306665K(744448K), 0.0017592 secs] [Times: user=0.01 sys=0.00, real=0.00 secs] 
880.809: [GC (Allocation Failure) [PSYoungGen: 67328K->1520K(69120K)] 373737K->307929K(744448K), 0.0016314 secs] [Times: user=0.00 sys=0.00, real=0.01 secs] 
881.201: [GC (Allocation Failure) [PSYoungGen: 68592K->1584K(69120K)] 375001K->307993K(744448K), 0.0015174 secs] [Times: user=0.00 sys=0.00, real=0.00 secs] 
881.593: [GC (Allocation Failure) [PSYoungGen: 68656K->1597K(69120K)] 375065K->308015K(744448K), 0.0015460 secs] [Times: user=0.00 sys=0.00, real=0.00 secs] 
882.221: [GC (Allocation Failure) [PSYoungGen: 68669K->1472K(69120K)] 375087K->307897K(744448K), 0.0018843 secs] [Times: user=0.01 sys=0.00, real=0.00 secs] 
883.255: [GC (Allocation Failure) [PSYoungGen: 68544K->1376K(69120K)] 374969K->307801K(744448K), 0.0036982 secs] [Times: user=0.01 sys=0.00, real=0.00 secs] 
884.312: [GC (Allocation Failure) [PSYoungGen: 68448K->1408K(69120K)] 374873K->307833K(744448K), 0.0037336 secs] [Times: user=0.01 sys=0.00, real=0.00 secs] 
885.054: [GC (Allocation Failure) [PSYoungGen: 68480K->1408K(69120K)] 374905K->307833K(744448K), 0.0024694 secs] [Times: user=0.01 sys=0.00, real=0.00 secs] 
885.412: [GC (Allocation Failure) [PSYoungGen: 68480K->1472K(69120K)] 374905K->307897K(744448K), 0.0016340 secs] [Times: user=0.01 sys=0.00, real=0.00 secs] 
885.865: [GC (Allocation Failure) [PSYoungGen: 68544K->1520K(69120K)] 374969K->307945K(744448K), 0.0016399 secs] [Times: user=0.01 sys=0.00, real=0.00 secs] 
886.318: [GC (Allocation Failure) [PSYoungGen: 68592K->1584K(69120K)] 375017K->308009K(744448K), 0.0017629 secs] [Times: user=0.00 sys=0.00, real=0.00 secs] 
886.714: [GC (Allocation Failure) [PSYoungGen: 68656K->1584K(69120K)] 375081K->308041K(744448K), 0.0017794 secs] [Times: user=0.00 sys=0.00, real=0.00 secs] 
887.329: [GC (Allocation Failure) [PSYoungGen: 68656K->1456K(69120K)] 375113K->307913K(744448K), 0.0038490 secs] [Times: user=0.01 sys=0.00, real=0.01 secs] 
888.113: [GC (Allocation Failure) [PSYoungGen: 68528K->1408K(69120K)] 374985K->307865K(744448K), 0.0036809 secs] [Times: user=0.02 sys=0.00, real=0.00 secs] 
888.624: [GC (Allocation Failure) [PSYoungGen: 68480K->1376K(69120K)] 374937K->307833K(744448K), 0.0029246 secs] [Times: user=0.01 sys=0.00, real=0.00 secs] 
889.126: [GC (Allocation Failure) [PSYoungGen: 68448K->1392K(69120K)] 374905K->307849K(744448K), 0.0023670 secs] [Times: user=0.01 sys=0.00, real=0.00 secs] 
889.697: [GC (Allocation Failure) [PSYoungGen: 68464K->1485K(69120K)] 374921K->307943K(744448K), 0.0015455 secs] [Times: user=0.01 sys=0.00, real=0.00 secs] 
890.087: [GC (Allocation Failure) [PSYoungGen: 68557K->1616K(69120K)] 375015K->308073K(744448K), 0.0015289 secs] [Times: user=0.01 sys=0.00, real=0.00 secs] 
890.483: [GC (Allocation Failure) [PSYoungGen: 68688K->1552K(69120K)] 375145K->308009K(744448K), 0.0015411 secs] [Times: user=0.00 sys=0.00, real=0.00 secs] 
890.879: [GC (Allocation Failure) [PSYoungGen: 68624K->1517K(69120K)] 375081K->307983K(744448K), 0.0015383 secs] [Times: user=0.01 sys=0.00, real=0.01 secs] 
891.225: [GC (Allocation Failure) [PSYoungGen: 68589K->1440K(69120K)] 375055K->307905K(744448K), 0.0017419 secs] [Times: user=0.01 sys=0.00, real=0.00 secs] 
891.736: [GC (Allocation Failure) [PSYoungGen: 68512K->1376K(69120K)] 374977K->307841K(744448K), 0.0016607 secs] [Times: user=0.01 sys=0.00, real=0.00 secs] 
892.391: [GC (Allocation Failure) [PSYoungGen: 68448K->1408K(69120K)] 374913K->307873K(744448K), 0.0020195 secs] [Times: user=0.01 sys=0.00, real=0.00 secs] 
893.076: [GC (Allocation Failure) [PSYoungGen: 68480K->1376K(69120K)] 374945K->307841K(744448K), 0.0036153 secs] [Times: user=0.01 sys=0.00, real=0.00 secs] 
893.680: [GC (Allocation Failure) [PSYoungGen: 68448K->1520K(69120K)] 374913K->307985K(744448K), 0.0015885 secs] [Times: user=0.01 sys=0.00, real=0.01 secs] 
894.073: [GC (Allocation Failure) [PSYoungGen: 68592K->1584K(69120K)] 375057K->308049K(744448K), 0.0015261 secs] [Times: user=0.00 sys=0.00, real=0.00 secs] 
894.465: [GC (Allocation Failure) [PSYoungGen: 68656K->1584K(69120K)] 375121K->308049K(744448K), 0.0016506 secs] [Times: user=0.01 sys=0.00, real=0.00 secs] 
894.858: [GC (Allocation Failure) [PSYoungGen: 68656K->1616K(69120K)] 375121K->308097K(744448K), 0.0015217 secs] [Times: user=0.01 sys=0.00, real=0.00 secs] 
895.209: [GC (Allocation Failure) [PSYoungGen: 68688K->1440K(69120K)] 375169K->307921K(744448K), 0.0014635 secs] [Times: user=0.01 sys=0.00, real=0.00 secs] 
895.499: [GC (Allocation Failure) [PSYoungGen: 68512K->1376K(69120K)] 374993K->307873K(744448K), 0.0016752 secs] [Times: user=0.00 sys=0.00, real=0.01 secs] 
895.832: [GC (Allocation Failure) [PSYoungGen: 68448K->1408K(69120K)] 374945K->307905K(744448K), 0.0016644 secs] [Times: user=0.01 sys=0.00, real=0.00 secs] 
896.197: [GC (Allocation Failure) [PSYoungGen: 68480K->1376K(69120K)] 374977K->307873K(744448K), 0.0017277 secs] [Times: user=0.01 sys=0.00, real=0.00 secs] 
896.603: [GC (Allocation Failure) [PSYoungGen: 68448K->1488K(69120K)] 374945K->307985K(744448K), 0.0014905 secs] [Times: user=0.00 sys=0.00, real=0.00 secs] 
896.993: [GC (Allocation Failure) [PSYoungGen: 68550K->1552K(69120K)] 375048K->308049K(744448K), 0.0015479 secs] [Times: user=0.00 sys=0.00, real=0.00 secs] 
897.393: [GC (Allocation Failure) [PSYoungGen: 68624K->1552K(69120K)] 375121K->308049K(744448K), 0.0015910 secs] [Times: user=0.01 sys=0.00, real=0.00 secs] 
897.815: [GC (Allocation Failure) [PSYoungGen: 68624K->2032K(69120K)] 375121K->308529K(744448K), 0.0018960 secs] [Times: user=0.01 sys=0.00, real=0.00 secs] 
898.145: [GC (Allocation Failure) [PSYoungGen: 69104K->1376K(69120K)] 375601K->307873K(744448K), 0.0016852 secs] [Times: user=0.00 sys=0.00, real=0.00 secs] 
898.435: [GC (Allocation Failure) [PSYoungGen: 68448K->1408K(69120K)] 374945K->307905K(744448K), 0.0020155 secs] [Times: user=0.01 sys=0.00, real=0.00 secs] 
898.754: [GC (Allocation Failure) [PSYoungGen: 68480K->1408K(69120K)] 374977K->307905K(744448K), 0.0019108 secs] [Times: user=0.01 sys=0.00, real=0.00 secs] 
899.068: [GC (Allocation Failure) [PSYoungGen: 68480K->1408K(69120K)] 374977K->307905K(744448K), 0.0018368 secs] [Times: user=0.01 sys=0.00, real=0.01 secs] 
899.745: [GC (Allocation Failure) [PSYoungGen: 68480K->1552K(69120K)] 374977K->308049K(744448K), 0.0016939 secs] [Times: user=0.01 sys=0.00, real=0.00 secs] 
900.138: [GC (Allocation Failure) [PSYoungGen: 68624K->1520K(69120K)] 375121K->308017K(744448K), 0.0016693 secs] [Times: user=0.01 sys=0.00, real=0.00 secs] 
900.531: [GC (Allocation Failure) [PSYoungGen: 68592K->1552K(69120K)] 375089K->308049K(744448K), 0.0017697 secs] [Times: user=0.01 sys=0.00, real=0.00 secs] 
901.238: [GC (Allocation Failure) [PSYoungGen: 68624K->1440K(69120K)] 375121K->307937K(744448K), 0.0024851 secs] [Times: user=0.01 sys=0.00, real=0.01 secs] 
902.130: [GC (Allocation Failure) [PSYoungGen: 68512K->1408K(69120K)] 375009K->307905K(744448K), 0.0023373 secs] [Times: user=0.01 sys=0.00, real=0.00 secs] 
902.805: [GC (Allocation Failure) [PSYoungGen: 68480K->1408K(69120K)] 374977K->307905K(744448K), 0.0021659 secs] [Times: user=0.01 sys=0.00, real=0.00 secs] 
903.347: [GC (Allocation Failure) [PSYoungGen: 68480K->1376K(69120K)] 374977K->307873K(744448K), 0.0020970 secs] [Times: user=0.01 sys=0.00, real=0.00 secs] 
903.996: [GC (Allocation Failure) [PSYoungGen: 68448K->1501K(69120K)] 374945K->307999K(744448K), 0.0024134 secs] [Times: user=0.01 sys=0.00, real=0.00 secs] 
904.458: [GC (Allocation Failure) [PSYoungGen: 68573K->1552K(69120K)] 375071K->308049K(744448K), 0.0015199 secs] [Times: user=0.01 sys=0.00, real=0.00 secs] 
904.851: [GC (Allocation Failure) [PSYoungGen: 68624K->1584K(69120K)] 375121K->308081K(744448K), 0.0015143 secs] [Times: user=0.01 sys=0.00, real=0.00 secs] 
905.243: [GC (Allocation Failure) [PSYoungGen: 68656K->1581K(69120K)] 375153K->308095K(744448K), 0.0015787 secs] [Times: user=0.00 sys=0.00, real=0.00 secs] 
905.685: [GC (Allocation Failure) [PSYoungGen: 68653K->1504K(69120K)] 375167K->308033K(744448K), 0.0019114 secs] [Times: user=0.01 sys=0.00, real=0.00 secs] 
906.309: [GC (Allocation Failure) [PSYoungGen: 68576K->1376K(69120K)] 375105K->307905K(744448K), 0.0018169 secs] [Times: user=0.01 sys=0.00, real=0.01 secs] 
906.894: [GC (Allocation Failure) [PSYoungGen: 68448K->1408K(69120K)] 374977K->307937K(744448K), 0.0019402 secs] [Times: user=0.01 sys=0.00, real=0.00 secs] 
907.502: [GC (Allocation Failure) [PSYoungGen: 68480K->1344K(69120K)] 375009K->307873K(744448K), 0.0020518 secs] [Times: user=0.00 sys=0.00, real=0.00 secs] 
907.964: [GC (Allocation Failure) [PSYoungGen: 68416K->1440K(69120K)] 374945K->307969K(744448K), 0.0015351 secs] [Times: user=0.00 sys=0.00, real=0.00 secs] 
908.357: [GC (Allocation Failure) [PSYoungGen: 68512K->1552K(69120K)] 375041K->308081K(744448K), 0.0016732 secs] [Times: user=0.01 sys=0.00, real=0.00 secs] 
908.749: [GC (Allocation Failure) [PSYoungGen: 68624K->1613K(69120K)] 375153K->308143K(744448K), 0.0016776 secs] [Times: user=0.00 sys=0.00, real=0.01 secs] 
909.142: [GC (Allocation Failure) [PSYoungGen: 68685K->1584K(69120K)] 375215K->308121K(744448K), 0.0015307 secs] [Times: user=0.00 sys=0.00, real=0.00 secs] 
909.479: [GC (Allocation Failure) [PSYoungGen: 68656K->1456K(69120K)] 375193K->307993K(744448K), 0.0016167 secs] [Times: user=0.01 sys=0.00, real=0.00 secs] 
909.756: [GC (Allocation Failure) [PSYoungGen: 68528K->1376K(69120K)] 375065K->307913K(744448K), 0.0016324 secs] [Times: user=0.00 sys=0.00, real=0.00 secs] 
910.144: [GC (Allocation Failure) [PSYoungGen: 68448K->1344K(69120K)] 374985K->307881K(744448K), 0.0016173 secs] [Times: user=0.00 sys=0.00, real=0.00 secs] 
910.679: [GC (Allocation Failure) [PSYoungGen: 68416K->1376K(69120K)] 374953K->307913K(744448K), 0.0020424 secs] [Times: user=0.00 sys=0.00, real=0.01 secs] 
911.345: [GC (Allocation Failure) [PSYoungGen: 68448K->1533K(69120K)] 374985K->308071K(744448K), 0.0016144 secs] [Times: user=0.01 sys=0.00, real=0.00 secs] 
911.792: [GC (Allocation Failure) [PSYoungGen: 68605K->1552K(69120K)] 375143K->308089K(744448K), 0.0017517 secs] [Times: user=0.01 sys=0.00, real=0.00 secs] 
912.184: [GC (Allocation Failure) [PSYoungGen: 68624K->1488K(69120K)] 375161K->308025K(744448K), 0.0015182 secs] [Times: user=0.01 sys=0.00, real=0.00 secs] 
912.576: [GC (Allocation Failure) [PSYoungGen: 68560K->1517K(69120K)] 375097K->308063K(744448K), 0.0015860 secs] [Times: user=0.01 sys=0.00, real=0.00 secs] 
913.026: [GC (Allocation Failure) [PSYoungGen: 68589K->1440K(69120K)] 375135K->307985K(744448K), 0.0027934 secs] [Times: user=0.01 sys=0.00, real=0.00 secs] 
913.306: [GC (Allocation Failure) [PSYoungGen: 68512K->1344K(69120K)] 375057K->307889K(744448K), 0.0020440 secs] [Times: user=0.00 sys=0.00, real=0.00 secs] 
913.592: [GC (Allocation Failure) [PSYoungGen: 68416K->1392K(69120K)] 374961K->307937K(744448K), 0.0018515 secs] [Times: user=0.01 sys=0.00, real=0.00 secs] 
913.871: [GC (Allocation Failure) [PSYoungGen: 68464K->1376K(69120K)] 375009K->307921K(744448K), 0.0019280 secs] [Times: user=0.00 sys=0.00, real=0.00 secs] 
914.252: [GC (Allocation Failure) [PSYoungGen: 68448K->1488K(69120K)] 374993K->308049K(744448K), 0.0015891 secs] [Times: user=0.01 sys=0.00, real=0.00 secs] 
914.644: [GC (Allocation Failure) [PSYoungGen: 68533K->1613K(69120K)] 375095K->308175K(744448K), 0.0016460 secs] [Times: user=0.00 sys=0.00, real=0.00 secs] 
915.040: [GC (Allocation Failure) [PSYoungGen: 68685K->1597K(69120K)] 375247K->308159K(744448K), 0.0015862 secs] [Times: user=0.01 sys=0.00, real=0.01 secs] 
915.432: [GC (Allocation Failure) [PSYoungGen: 68669K->1517K(69120K)] 375231K->308095K(744448K), 0.0015028 secs] [Times: user=0.01 sys=0.00, real=0.00 secs] 
915.753: [GC (Allocation Failure) [PSYoungGen: 68589K->1376K(69120K)] 375167K->307953K(744448K), 0.0016054 secs] [Times: user=0.01 sys=0.00, real=0.00 secs] 
916.065: [GC (Allocation Failure) [PSYoungGen: 68448K->1376K(69120K)] 375025K->307953K(744448K), 0.0018406 secs] [Times: user=0.01 sys=0.00, real=0.00 secs] 
916.375: [GC (Allocation Failure) [PSYoungGen: 68448K->1376K(69120K)] 375025K->307953K(744448K), 0.0017447 secs] [Times: user=0.01 sys=0.00, real=0.00 secs] 
916.763: [GC (Allocation Failure) [PSYoungGen: 68448K->1376K(69120K)] 375025K->307953K(744448K), 0.0018861 secs] [Times: user=0.01 sys=0.00, real=0.00 secs] 
917.217: [GC (Allocation Failure) [PSYoungGen: 68448K->1552K(69120K)] 375025K->308129K(744448K), 0.0015544 secs] [Times: user=0.01 sys=0.00, real=0.00 secs] 
917.608: [GC (Allocation Failure) [PSYoungGen: 68602K->1584K(69120K)] 375179K->308161K(744448K), 0.0015277 secs] [Times: user=0.00 sys=0.00, real=0.00 secs] 
918.011: [GC (Allocation Failure) [PSYoungGen: 68656K->1520K(69120K)] 375233K->308097K(744448K), 0.0015383 secs] [Times: user=0.01 sys=0.00, real=0.00 secs] 
918.524: [GC (Allocation Failure) [PSYoungGen: 68592K->1536K(69120K)] 375169K->308113K(744448K), 0.0020287 secs] [Times: user=0.01 sys=0.00, real=0.00 secs] 
918.906: [GC (Allocation Failure) [PSYoungGen: 68608K->1360K(69120K)] 375185K->307937K(744448K), 0.0019011 secs] [Times: user=0.01 sys=0.00, real=0.00 secs] 
919.443: [GC (Allocation Failure) [PSYoungGen: 68432K->1408K(69120K)] 375009K->307985K(744448K), 0.0019088 secs] [Times: user=0.00 sys=0.00, real=0.00 secs] 
919.984: [GC (Allocation Failure) [PSYoungGen: 68480K->1376K(69120K)] 375057K->307953K(744448K), 0.0031665 secs] [Times: user=0.01 sys=0.00, real=0.00 secs] 
920.517: [GC (Allocation Failure) [PSYoungGen: 68448K->1392K(69120K)] 375025K->307969K(744448K), 0.0029431 secs] [Times: user=0.02 sys=0.00, real=0.00 secs] 
921.102: [GC (Allocation Failure) [PSYoungGen: 68464K->1552K(69120K)] 375041K->308129K(744448K), 0.0015233 secs] [Times: user=0.01 sys=0.00, real=0.00 secs] 
921.493: [GC (Allocation Failure) [PSYoungGen: 68624K->1552K(69120K)] 375201K->308129K(744448K), 0.0017335 secs] [Times: user=0.00 sys=0.00, real=0.00 secs] 
921.887: [GC (Allocation Failure) [PSYoungGen: 68624K->1520K(69120K)] 375201K->308097K(744448K), 0.0016409 secs] [Times: user=0.01 sys=0.00, real=0.00 secs] 
923.081: [GC (Allocation Failure) [PSYoungGen: 68592K->1472K(69120K)] 375169K->308057K(744448K), 0.0030257 secs] [Times: user=0.01 sys=0.00, real=0.00 secs] 
923.954: [GC (Allocation Failure) [PSYoungGen: 68544K->1408K(69120K)] 375129K->307993K(744448K), 0.0029757 secs] [Times: user=0.01 sys=0.00, real=0.00 secs] 
924.558: [GC (Allocation Failure) [PSYoungGen: 68480K->1344K(69120K)] 375065K->307929K(744448K), 0.0029109 secs] [Times: user=0.01 sys=0.00, real=0.01 secs] 
925.336: [GC (Allocation Failure) [PSYoungGen: 68416K->1376K(69120K)] 375001K->307961K(744448K), 0.0032894 secs] [Times: user=0.01 sys=0.00, real=0.00 secs] 
926.310: [GC (Allocation Failure) [PSYoungGen: 68448K->1437K(69120K)] 375033K->308023K(744448K), 0.0020871 secs] [Times: user=0.01 sys=0.00, real=0.00 secs] 
926.736: [GC (Allocation Failure) [PSYoungGen: 68509K->1616K(69120K)] 375095K->308201K(744448K), 0.0016962 secs] [Times: user=0.01 sys=0.00, real=0.00 secs] 
927.127: [GC (Allocation Failure) [PSYoungGen: 68688K->1616K(69120K)] 375273K->308201K(744448K), 0.0016519 secs] [Times: user=0.01 sys=0.00, real=0.00 secs] 
927.521: [GC (Allocation Failure) [PSYoungGen: 68688K->1549K(69120K)] 375273K->308151K(744448K), 0.0015717 secs] [Times: user=0.00 sys=0.00, real=0.00 secs] 
927.880: [GC (Allocation Failure) [PSYoungGen: 68621K->1472K(69120K)] 375223K->308073K(744448K), 0.0017334 secs] [Times: user=0.00 sys=0.00, real=0.01 secs] 
928.158: [GC (Allocation Failure) [PSYoungGen: 68544K->1408K(69120K)] 375145K->308009K(744448K), 0.0016294 secs] [Times: user=0.00 sys=0.00, real=0.00 secs] 
928.437: [GC (Allocation Failure) [PSYoungGen: 68480K->1408K(69120K)] 375081K->308009K(744448K), 0.0016867 secs] [Times: user=0.01 sys=0.00, real=0.00 secs] 
928.901: [GC (Allocation Failure) [PSYoungGen: 68480K->1440K(69120K)] 375081K->308041K(744448K), 0.0019751 secs] [Times: user=0.00 sys=0.00, real=0.00 secs] 
929.479: [GC (Allocation Failure) [PSYoungGen: 68512K->1485K(69120K)] 375113K->308087K(744448K), 0.0016337 secs] [Times: user=0.00 sys=0.00, real=0.01 secs] 
929.872: [GC (Allocation Failure) [PSYoungGen: 68557K->1584K(69120K)] 375159K->308185K(744448K), 0.0016238 secs] [Times: user=0.01 sys=0.00, real=0.00 secs] 
930.264: [GC (Allocation Failure) [PSYoungGen: 68647K->1584K(69120K)] 375249K->308185K(744448K), 0.0016621 secs] [Times: user=0.01 sys=0.00, real=0.00 secs] 
930.657: [GC (Allocation Failure) [PSYoungGen: 68656K->1584K(69120K)] 375257K->308209K(744448K), 0.0015280 secs] [Times: user=0.01 sys=0.00, real=0.00 secs] 
931.057: [GC (Allocation Failure) [PSYoungGen: 68656K->1440K(69120K)] 375281K->308065K(744448K), 0.0018746 secs] [Times: user=0.00 sys=0.00, real=0.00 secs] 
931.407: [GC (Allocation Failure) [PSYoungGen: 68512K->1408K(69120K)] 375137K->308033K(744448K), 0.0018722 secs] [Times: user=0.00 sys=0.00, real=0.00 secs] 
931.756: [GC (Allocation Failure) [PSYoungGen: 68480K->1408K(69120K)] 375105K->308033K(744448K), 0.0018340 secs] [Times: user=0.00 sys=0.00, real=0.00 secs] 
932.417: [GC (Allocation Failure) [PSYoungGen: 68480K->1392K(69120K)] 375105K->308017K(744448K), 0.0019059 secs] [Times: user=0.01 sys=0.00, real=0.00 secs] 
932.973: [GC (Allocation Failure) [PSYoungGen: 68464K->1517K(69120K)] 375089K->308143K(744448K), 0.0015942 secs] [Times: user=0.01 sys=0.00, real=0.00 secs] 
933.364: [GC (Allocation Failure) [PSYoungGen: 68589K->1552K(69120K)] 375215K->308177K(744448K), 0.0015676 secs] [Times: user=0.00 sys=0.00, real=0.00 secs] 
933.759: [GC (Allocation Failure) [PSYoungGen: 68624K->1552K(69120K)] 375249K->308177K(744448K), 0.0016192 secs] [Times: user=0.00 sys=0.00, real=0.01 secs] 
934.152: [GC (Allocation Failure) [PSYoungGen: 68624K->1552K(69120K)] 375249K->308193K(744448K), 0.0016850 secs] [Times: user=0.01 sys=0.00, real=0.00 secs] 
934.771: [GC (Allocation Failure) [PSYoungGen: 68624K->1440K(69120K)] 375265K->308105K(744448K), 0.0018672 secs] [Times: user=0.01 sys=0.00, real=0.00 secs] 
935.148: [GC (Allocation Failure) [PSYoungGen: 68512K->1408K(69120K)] 375177K->308073K(744448K), 0.0024043 secs] [Times: user=0.00 sys=0.00, real=0.01 secs] 
935.467: [GC (Allocation Failure) [PSYoungGen: 68480K->1344K(69120K)] 375145K->308009K(744448K), 0.0017435 secs] [Times: user=0.01 sys=0.00, real=0.00 secs] 
935.767: [GC (Allocation Failure) [PSYoungGen: 68416K->1344K(69120K)] 375081K->308009K(744448K), 0.0017513 secs] [Times: user=0.00 sys=0.00, real=0.00 secs] 
936.186: [GC (Allocation Failure) [PSYoungGen: 68416K->1488K(69120K)] 375081K->308153K(744448K), 0.0014875 secs] [Times: user=0.01 sys=0.00, real=0.00 secs] 
936.578: [GC (Allocation Failure) [PSYoungGen: 68560K->1581K(69120K)] 375225K->308247K(744448K), 0.0015174 secs] [Times: user=0.01 sys=0.00, real=0.00 secs] 
937.032: [GC (Allocation Failure) [PSYoungGen: 68653K->1584K(69120K)] 375319K->308249K(744448K), 0.0016727 secs] [Times: user=0.01 sys=0.00, real=0.00 secs] 
937.688: [GC (Allocation Failure) [PSYoungGen: 68656K->2032K(69120K)] 375321K->308697K(744448K), 0.0018879 secs] [Times: user=0.00 sys=0.00, real=0.01 secs] 
938.762: [GC (Allocation Failure) [PSYoungGen: 69104K->1376K(69120K)] 375769K->308041K(744448K), 0.0034844 secs] [Times: user=0.01 sys=0.00, real=0.00 secs] 
939.196: [GC (Allocation Failure) [PSYoungGen: 68448K->1392K(69120K)] 375113K->308057K(744448K), 0.0019355 secs] [Times: user=0.00 sys=0.00, real=0.00 secs] 
939.687: [GC (Allocation Failure) [PSYoungGen: 68464K->1408K(69120K)] 375129K->308073K(744448K), 0.0018261 secs] [Times: user=0.00 sys=0.00, real=0.00 secs] 
940.247: [GC (Allocation Failure) [PSYoungGen: 68480K->1408K(69120K)] 375145K->308073K(744448K), 0.0021706 secs] [Times: user=0.01 sys=0.00, real=0.00 secs] 
940.735: [GC (Allocation Failure) [PSYoungGen: 68480K->1552K(69120K)] 375145K->308217K(744448K), 0.0015769 secs] [Times: user=0.01 sys=0.00, real=0.00 secs] 
941.189: [GC (Allocation Failure) [PSYoungGen: 68624K->1584K(69120K)] 375289K->308249K(744448K), 0.0015697 secs] [Times: user=0.01 sys=0.00, real=0.01 secs] 
941.581: [GC (Allocation Failure) [PSYoungGen: 68656K->1584K(69120K)] 375321K->308249K(744448K), 0.0017844 secs] [Times: user=0.00 sys=0.00, real=0.00 secs] 
942.026: [GC (Allocation Failure) [PSYoungGen: 68656K->1504K(69120K)] 375321K->308185K(744448K), 0.0023687 secs] [Times: user=0.01 sys=0.00, real=0.00 secs] 
942.471: [GC (Allocation Failure) [PSYoungGen: 68576K->1408K(69120K)] 375257K->308089K(744448K), 0.0019872 secs] [Times: user=0.01 sys=0.00, real=0.00 secs] 
942.750: [GC (Allocation Failure) [PSYoungGen: 68480K->1408K(69120K)] 375161K->308089K(744448K), 0.0019521 secs] [Times: user=0.01 sys=0.00, real=0.01 secs] 
943.028: [GC (Allocation Failure) [PSYoungGen: 68480K->1376K(69120K)] 375161K->308057K(744448K), 0.0018672 secs] [Times: user=0.01 sys=0.00, real=0.00 secs] 
943.347: [GC (Allocation Failure) [PSYoungGen: 68427K->1440K(69120K)] 375109K->308121K(744448K), 0.0018065 secs] [Times: user=0.01 sys=0.00, real=0.00 secs] 
943.745: [GC (Allocation Failure) [PSYoungGen: 68512K->1520K(69120K)] 375193K->308201K(744448K), 0.0016252 secs] [Times: user=0.01 sys=0.00, real=0.00 secs] 
944.137: [GC (Allocation Failure) [PSYoungGen: 68592K->1552K(69120K)] 375273K->308233K(744448K), 0.0015377 secs] [Times: user=0.01 sys=0.00, real=0.00 secs] 
944.530: [GC (Allocation Failure) [PSYoungGen: 68624K->1616K(69120K)] 375305K->308313K(744448K), 0.0015222 secs] [Times: user=0.00 sys=0.00, real=0.00 secs] 
944.911: [GC (Allocation Failure) [PSYoungGen: 68688K->1424K(69120K)] 375385K->308153K(744448K), 0.0017965 secs] [Times: user=0.01 sys=0.00, real=0.00 secs] 
945.189: [GC (Allocation Failure) [PSYoungGen: 68496K->1376K(69120K)] 375225K->308105K(744448K), 0.0017285 secs] [Times: user=0.01 sys=0.00, real=0.01 secs] 
945.468: [GC (Allocation Failure) [PSYoungGen: 68448K->1344K(69120K)] 375177K->308073K(744448K), 0.0015771 secs] [Times: user=0.01 sys=0.00, real=0.00 secs] 
945.746: [GC (Allocation Failure) [PSYoungGen: 68416K->1376K(69120K)] 375145K->308105K(744448K), 0.0016823 secs] [Times: user=0.00 sys=0.00, real=0.00 secs] 
946.072: [GC (Allocation Failure) [PSYoungGen: 68416K->1424K(69120K)] 375146K->308153K(744448K), 0.0016468 secs] [Times: user=0.00 sys=0.00, real=0.00 secs] 
946.466: [GC (Allocation Failure) [PSYoungGen: 68496K->1552K(69120K)] 375225K->308281K(744448K), 0.0016397 secs] [Times: user=0.01 sys=0.00, real=0.00 secs] 
946.862: [GC (Allocation Failure) [PSYoungGen: 68624K->1616K(69120K)] 375353K->308345K(744448K), 0.0015374 secs] [Times: user=0.00 sys=0.00, real=0.00 secs] 
947.255: [GC (Allocation Failure) [PSYoungGen: 68688K->1552K(69120K)] 375417K->308297K(744448K), 0.0016766 secs] [Times: user=0.01 sys=0.00, real=0.00 secs] 
948.252: [GC (Allocation Failure) [PSYoungGen: 68624K->1440K(69120K)] 375369K->308193K(744448K), 0.0039813 secs] [Times: user=0.02 sys=0.00, real=0.00 secs] 
948.865: [GC (Allocation Failure) [PSYoungGen: 68512K->1440K(69120K)] 375265K->308193K(744448K), 0.0020250 secs] [Times: user=0.00 sys=0.01, real=0.00 secs] 
949.358: [GC (Allocation Failure) [PSYoungGen: 68512K->1440K(69120K)] 375265K->308193K(744448K), 0.0022118 secs] [Times: user=0.01 sys=0.00, real=0.01 secs] 
949.901: [GC (Allocation Failure) [PSYoungGen: 68512K->1472K(69120K)] 375265K->308225K(744448K), 0.0022562 secs] [Times: user=0.01 sys=0.00, real=0.00 secs] 
950.509: [GC (Allocation Failure) [PSYoungGen: 68544K->1520K(69120K)] 375297K->308273K(744448K), 0.0016916 secs] [Times: user=0.00 sys=0.00, real=0.01 secs] 
950.955: [GC (Allocation Failure) [PSYoungGen: 68592K->1584K(69120K)] 375345K->308337K(744448K), 0.0015371 secs] [Times: user=0.01 sys=0.00, real=0.00 secs] 
951.352: [GC (Allocation Failure) [PSYoungGen: 68656K->1552K(69120K)] 375409K->308305K(744448K), 0.0016614 secs] [Times: user=0.01 sys=0.00, real=0.00 secs] 
951.746: [GC (Allocation Failure) [PSYoungGen: 68624K->1616K(69120K)] 375377K->308385K(744448K), 0.0015813 secs] [Times: user=0.00 sys=0.00, real=0.00 secs] 
952.091: [GC (Allocation Failure) [PSYoungGen: 68688K->1440K(69120K)] 375457K->308217K(744448K), 0.0024582 secs] [Times: user=0.01 sys=0.00, real=0.00 secs] 
952.369: [GC (Allocation Failure) [PSYoungGen: 68512K->1376K(69120K)] 375289K->308153K(744448K), 0.0019286 secs] [Times: user=0.01 sys=0.00, real=0.01 secs] 
952.647: [GC (Allocation Failure) [PSYoungGen: 68448K->1408K(69120K)] 375225K->308185K(744448K), 0.0019692 secs] [Times: user=0.01 sys=0.00, real=0.00 secs] 
952.925: [GC (Allocation Failure) [PSYoungGen: 68480K->1440K(69120K)] 375257K->308217K(744448K), 0.0017499 secs] [Times: user=0.01 sys=0.00, real=0.00 secs] 
953.365: [GC (Allocation Failure) [PSYoungGen: 68512K->1520K(69120K)] 375289K->308297K(744448K), 0.0015768 secs] [Times: user=0.01 sys=0.00, real=0.00 secs] 
953.756: [GC (Allocation Failure) [PSYoungGen: 68581K->1584K(69120K)] 375359K->308361K(744448K), 0.0015347 secs] [Times: user=0.01 sys=0.00, real=0.00 secs] 
954.148: [GC (Allocation Failure) [PSYoungGen: 68656K->1616K(69120K)] 375433K->308393K(744448K), 0.0015660 secs] [Times: user=0.00 sys=0.00, real=0.00 secs] 
954.541: [GC (Allocation Failure) [PSYoungGen: 68688K->1520K(69120K)] 375465K->308329K(744448K), 0.0016351 secs] [Times: user=0.01 sys=0.00, real=0.00 secs] 
954.836: [GC (Allocation Failure) [PSYoungGen: 68592K->1440K(69120K)] 375401K->308249K(744448K), 0.0014570 secs] [Times: user=0.00 sys=0.00, real=0.00 secs] 
955.114: [GC (Allocation Failure) [PSYoungGen: 68512K->1392K(69120K)] 375321K->308201K(744448K), 0.0024074 secs] [Times: user=0.01 sys=0.00, real=0.00 secs] 
955.393: [GC (Allocation Failure) [PSYoungGen: 68464K->1392K(69120K)] 375273K->308201K(744448K), 0.0019827 secs] [Times: user=0.01 sys=0.00, real=0.00 secs] 
955.672: [GC (Allocation Failure) [PSYoungGen: 68464K->1376K(69120K)] 375273K->308185K(744448K), 0.0023994 secs] [Times: user=0.01 sys=0.01, real=0.00 secs] 
956.073: [GC (Allocation Failure) [PSYoungGen: 68448K->1520K(69120K)] 375257K->308329K(744448K), 0.0017342 secs] [Times: user=0.00 sys=0.00, real=0.00 secs] 
956.519: [GC (Allocation Failure) [PSYoungGen: 68592K->1552K(69120K)] 375401K->308361K(744448K), 0.0015996 secs] [Times: user=0.01 sys=0.00, real=0.01 secs] 
956.977: [GC (Allocation Failure) [PSYoungGen: 68624K->1520K(69120K)] 375433K->308329K(744448K), 0.0016627 secs] [Times: user=0.00 sys=0.00, real=0.00 secs] 
957.457: [GC (Allocation Failure) [PSYoungGen: 68592K->1504K(69120K)] 375401K->308329K(744448K), 0.0020897 secs] [Times: user=0.01 sys=0.00, real=0.00 secs] 
958.083: [GC (Allocation Failure) [PSYoungGen: 68576K->1408K(69120K)] 375401K->308233K(744448K), 0.0023980 secs] [Times: user=0.01 sys=0.00, real=0.00 secs] 
958.646: [GC (Allocation Failure) [PSYoungGen: 68480K->1392K(69120K)] 375305K->308217K(744448K), 0.0019793 secs] [Times: user=0.01 sys=0.00, real=0.00 secs] 
959.253: [GC (Allocation Failure) [PSYoungGen: 68464K->1376K(69120K)] 375289K->308201K(744448K), 0.0021149 secs] [Times: user=0.01 sys=0.00, real=0.00 secs] 
960.084: [GC (Allocation Failure) [PSYoungGen: 68448K->1408K(69120K)] 375273K->308233K(744448K), 0.0025287 secs] [Times: user=0.01 sys=0.00, real=0.00 secs] 
960.601: [GC (Allocation Failure) [PSYoungGen: 68480K->1584K(69120K)] 375305K->308409K(744448K), 0.0014980 secs] [Times: user=0.01 sys=0.00, real=0.00 secs] 
961.052: [GC (Allocation Failure) [PSYoungGen: 68656K->1552K(69120K)] 375481K->308377K(744448K), 0.0015778 secs] [Times: user=0.00 sys=0.00, real=0.00 secs] 
961.448: [GC (Allocation Failure) [PSYoungGen: 68624K->1584K(69120K)] 375449K->308409K(744448K), 0.0015561 secs] [Times: user=0.01 sys=0.00, real=0.00 secs] 
961.819: [GC (Allocation Failure) [PSYoungGen: 68656K->1504K(69120K)] 375481K->308329K(744448K), 0.0019530 secs] [Times: user=0.01 sys=0.00, real=0.01 secs] 
962.098: [GC (Allocation Failure) [PSYoungGen: 68576K->1408K(69120K)] 375401K->308233K(744448K), 0.0018836 secs] [Times: user=0.01 sys=0.00, real=0.00 secs] 
962.376: [GC (Allocation Failure) [PSYoungGen: 68480K->1376K(69120K)] 375305K->308201K(744448K), 0.0018114 secs] [Times: user=0.01 sys=0.00, real=0.00 secs] 
962.655: [GC (Allocation Failure) [PSYoungGen: 68448K->1376K(69120K)] 375273K->308201K(744448K), 0.0017797 secs] [Times: user=0.00 sys=0.00, real=0.00 secs] 
962.984: [GC (Allocation Failure) [PSYoungGen: 68448K->1469K(69120K)] 375273K->308295K(744448K), 0.0015515 secs] [Times: user=0.01 sys=0.00, real=0.00 secs] 
963.378: [GC (Allocation Failure) [PSYoungGen: 68541K->1597K(69120K)] 375367K->308423K(744448K), 0.0014974 secs] [Times: user=0.00 sys=0.00, real=0.00 secs] 
963.834: [GC (Allocation Failure) [PSYoungGen: 68669K->1552K(69120K)] 375495K->308377K(744448K), 0.0015545 secs] [Times: user=0.00 sys=0.00, real=0.00 secs] 
964.286: [GC (Allocation Failure) [PSYoungGen: 68624K->1536K(69120K)] 375449K->308377K(744448K), 0.0015794 secs] [Times: user=0.01 sys=0.00, real=0.00 secs] 
964.738: [GC (Allocation Failure) [PSYoungGen: 68608K->1408K(69120K)] 375449K->308249K(744448K), 0.0024535 secs] [Times: user=0.00 sys=0.00, real=0.01 secs] 
965.018: [GC (Allocation Failure) [PSYoungGen: 68480K->1408K(69120K)] 375321K->308265K(744448K), 0.0019148 secs] [Times: user=0.01 sys=0.00, real=0.00 secs] 
965.331: [GC (Allocation Failure) [PSYoungGen: 68480K->1376K(69120K)] 375337K->308233K(744448K), 0.0019167 secs] [Times: user=0.01 sys=0.00, real=0.00 secs] 
965.684: [GC (Allocation Failure) [PSYoungGen: 68448K->1376K(69120K)] 375305K->308233K(744448K), 0.0018393 secs] [Times: user=0.01 sys=0.00, real=0.00 secs] 
966.079: [GC (Allocation Failure) [PSYoungGen: 68448K->1485K(69120K)] 375305K->308351K(744448K), 0.0016092 secs] [Times: user=0.01 sys=0.00, real=0.01 secs] 
966.534: [GC (Allocation Failure) [PSYoungGen: 68557K->1584K(69120K)] 375423K->308449K(744448K), 0.0017501 secs] [Times: user=0.01 sys=0.00, real=0.00 secs] 
966.928: [GC (Allocation Failure) [PSYoungGen: 68656K->1584K(69120K)] 375521K->308449K(744448K), 0.0015801 secs] [Times: user=0.01 sys=0.00, real=0.00 secs] 
967.323: [GC (Allocation Failure) [PSYoungGen: 68656K->1584K(69120K)] 375521K->308457K(744448K), 0.0018590 secs] [Times: user=0.01 sys=0.00, real=0.00 secs] 
967.698: [GC (Allocation Failure) [PSYoungGen: 68656K->1408K(69120K)] 375529K->308289K(744448K), 0.0019590 secs] [Times: user=0.01 sys=0.00, real=0.01 secs] 
968.060: [GC (Allocation Failure) [PSYoungGen: 68480K->1392K(69120K)] 375361K->308273K(744448K), 0.0018325 secs] [Times: user=0.01 sys=0.00, real=0.01 secs] 
968.339: [GC (Allocation Failure) [PSYoungGen: 68464K->1408K(69120K)] 375345K->308289K(744448K), 0.0028611 secs] [Times: user=0.01 sys=0.00, real=0.01 secs] 
968.648: [GC (Allocation Failure) [PSYoungGen: 68480K->1408K(69120K)] 375361K->308289K(744448K), 0.0021852 secs] [Times: user=0.01 sys=0.00, real=0.01 secs] 
969.184: [GC (Allocation Failure) [PSYoungGen: 68480K->1456K(69120K)] 375361K->308337K(744448K), 0.0015449 secs] [Times: user=0.00 sys=0.00, real=0.00 secs] 
969.578: [GC (Allocation Failure) [PSYoungGen: 68528K->1549K(69120K)] 375409K->308431K(744448K), 0.0015417 secs] [Times: user=0.01 sys=0.00, real=0.00 secs] 
969.970: [GC (Allocation Failure) [PSYoungGen: 68621K->1549K(69120K)] 375503K->308431K(744448K), 0.0015949 secs] [Times: user=0.00 sys=0.00, real=0.01 secs] 
970.363: [GC (Allocation Failure) [PSYoungGen: 68621K->1552K(69120K)] 375503K->308441K(744448K), 0.0015215 secs] [Times: user=0.01 sys=0.00, real=0.00 secs] 
970.931: [GC (Allocation Failure) [PSYoungGen: 68624K->1456K(69120K)] 375513K->308345K(744448K), 0.0017320 secs] [Times: user=0.01 sys=0.00, real=0.00 secs] 
971.563: [GC (Allocation Failure) [PSYoungGen: 68528K->1408K(69120K)] 375417K->308297K(744448K), 0.0029435 secs] [Times: user=0.01 sys=0.00, real=0.00 secs] 
972.417: [GC (Allocation Failure) [PSYoungGen: 68480K->1408K(69120K)] 375369K->308297K(744448K), 0.0036537 secs] [Times: user=0.02 sys=0.00, real=0.01 secs] 
972.966: [GC (Allocation Failure) [PSYoungGen: 68480K->1408K(69120K)] 375369K->308305K(744448K), 0.0030134 secs] [Times: user=0.01 sys=0.00, real=0.00 secs] 
973.508: [GC (Allocation Failure) [PSYoungGen: 68480K->1552K(69120K)] 375377K->308449K(744448K), 0.0014796 secs] [Times: user=0.00 sys=0.00, real=0.00 secs] 
973.961: [GC (Allocation Failure) [PSYoungGen: 68595K->1584K(69120K)] 375493K->308481K(744448K), 0.0015871 secs] [Times: user=0.01 sys=0.00, real=0.00 secs] 
974.415: [GC (Allocation Failure) [PSYoungGen: 68656K->1520K(69120K)] 375553K->308417K(744448K), 0.0015673 secs] [Times: user=0.00 sys=0.00, real=0.00 secs] 
974.887: [GC (Allocation Failure) [PSYoungGen: 68592K->2032K(69120K)] 375489K->308953K(744448K), 0.0018747 secs] [Times: user=0.01 sys=0.00, real=0.00 secs] 
975.925: [GC (Allocation Failure) [PSYoungGen: 69104K->1344K(69120K)] 376025K->308281K(744448K), 0.0027304 secs] [Times: user=0.00 sys=0.00, real=0.00 secs] 
976.490: [GC (Allocation Failure) [PSYoungGen: 68416K->1392K(69120K)] 375353K->308329K(744448K), 0.0026550 secs] [Times: user=0.01 sys=0.00, real=0.01 secs] 
976.981: [GC (Allocation Failure) [PSYoungGen: 68464K->1376K(69120K)] 375401K->308313K(744448K), 0.0025338 secs] [Times: user=0.00 sys=0.00, real=0.00 secs] 
977.533: [GC (Allocation Failure) [PSYoungGen: 68448K->1408K(69120K)] 375385K->308345K(744448K), 0.0026093 secs] [Times: user=0.01 sys=0.00, real=0.00 secs] 
978.028: [GC (Allocation Failure) [PSYoungGen: 68480K->1552K(69120K)] 375417K->308489K(744448K), 0.0017541 secs] [Times: user=0.00 sys=0.00, real=0.00 secs] 
978.420: [GC (Allocation Failure) [PSYoungGen: 68624K->1520K(69120K)] 375561K->308465K(744448K), 0.0016362 secs] [Times: user=0.01 sys=0.00, real=0.00 secs] 
978.813: [GC (Allocation Failure) [PSYoungGen: 68592K->1533K(69120K)] 375537K->308479K(744448K), 0.0015217 secs] [Times: user=0.00 sys=0.00, real=0.00 secs] 
979.200: [GC (Allocation Failure) [PSYoungGen: 68605K->1520K(69120K)] 375551K->308465K(744448K), 0.0016558 secs] [Times: user=0.01 sys=0.00, real=0.01 secs] 
979.479: [GC (Allocation Failure) [PSYoungGen: 68592K->1408K(69120K)] 375537K->308353K(744448K), 0.0018234 secs] [Times: user=0.00 sys=0.00, real=0.01 secs] 
979.758: [GC (Allocation Failure) [PSYoungGen: 68480K->1344K(69120K)] 375425K->308289K(744448K), 0.0016201 secs] [Times: user=0.00 sys=0.00, real=0.00 secs] 
980.036: [GC (Allocation Failure) [PSYoungGen: 68416K->1376K(69120K)] 375361K->308321K(744448K), 0.0016907 secs] [Times: user=0.01 sys=0.00, real=0.00 secs] 
980.343: [GC (Allocation Failure) [PSYoungGen: 68448K->1453K(69120K)] 375393K->308399K(744448K), 0.0014691 secs] [Times: user=0.00 sys=0.00, real=0.00 secs] 
980.792: [GC (Allocation Failure) [PSYoungGen: 68525K->1552K(69120K)] 375471K->308497K(744448K), 0.0016468 secs] [Times: user=0.01 sys=0.00, real=0.00 secs] 
981.187: [GC (Allocation Failure) [PSYoungGen: 68624K->1584K(69120K)] 375569K->308529K(744448K), 0.0017005 secs] [Times: user=0.01 sys=0.00, real=0.00 secs] 
981.637: [GC (Allocation Failure) [PSYoungGen: 68656K->1584K(69120K)] 375601K->308537K(744448K), 0.0017187 secs] [Times: user=0.01 sys=0.00, real=0.00 secs] 
982.142: [GC (Allocation Failure) [PSYoungGen: 68656K->1456K(69120K)] 375609K->308409K(744448K), 0.0027975 secs] [Times: user=0.01 sys=0.00, real=0.00 secs] 
982.603: [GC (Allocation Failure) [PSYoungGen: 68528K->1376K(69120K)] 375481K->308329K(744448K), 0.0019998 secs] [Times: user=0.00 sys=0.00, real=0.00 secs] 
983.148: [GC (Allocation Failure) [PSYoungGen: 68448K->1376K(69120K)] 375401K->308329K(744448K), 0.0019449 secs] [Times: user=0.00 sys=0.00, real=0.00 secs] 
983.736: [GC (Allocation Failure) [PSYoungGen: 68448K->1408K(69120K)] 375401K->308361K(744448K), 0.0021619 secs] [Times: user=0.01 sys=0.00, real=0.00 secs] 
984.345: [GC (Allocation Failure) [PSYoungGen: 68480K->1453K(69120K)] 375433K->308407K(744448K), 0.0015265 secs] [Times: user=0.00 sys=0.00, real=0.00 secs] 
984.739: [GC (Allocation Failure) [PSYoungGen: 68525K->1520K(69120K)] 375479K->308489K(744448K), 0.0016440 secs] [Times: user=0.01 sys=0.00, real=0.01 secs] 
985.132: [GC (Allocation Failure) [PSYoungGen: 68592K->1520K(69120K)] 375561K->308489K(744448K), 0.0016660 secs] [Times: user=0.00 sys=0.00, real=0.00 secs] 
985.525: [GC (Allocation Failure) [PSYoungGen: 68592K->1552K(69120K)] 375561K->308537K(744448K), 0.0015223 secs] [Times: user=0.01 sys=0.00, real=0.00 secs] 
986.446: [GC (Allocation Failure) [PSYoungGen: 68624K->1456K(69120K)] 375609K->308449K(744448K), 0.0029900 secs] [Times: user=0.01 sys=0.00, real=0.00 secs] 
987.347: [GC (Allocation Failure) [PSYoungGen: 68528K->1408K(69120K)] 375521K->308401K(744448K), 0.0034281 secs] [Times: user=0.01 sys=0.00, real=0.01 secs] 
987.717: [GC (Allocation Failure) [PSYoungGen: 68480K->1360K(69120K)] 375473K->308353K(744448K), 0.0022218 secs] [Times: user=0.01 sys=0.00, real=0.00 secs] 
987.996: [GC (Allocation Failure) [PSYoungGen: 68432K->1440K(69120K)] 375425K->308433K(744448K), 0.0018334 secs] [Times: user=0.00 sys=0.00, real=0.00 secs] 
988.345: [GC (Allocation Failure) [PSYoungGen: 68512K->1520K(69120K)] 375505K->308513K(744448K), 0.0014651 secs] [Times: user=0.00 sys=0.00, real=0.00 secs] 
988.736: [GC (Allocation Failure) [PSYoungGen: 68592K->1552K(69120K)] 375585K->308545K(744448K), 0.0015281 secs] [Times: user=0.01 sys=0.00, real=0.00 secs] 
989.129: [GC (Allocation Failure) [PSYoungGen: 68624K->1520K(69120K)] 375617K->308513K(744448K), 0.0015713 secs] [Times: user=0.01 sys=0.00, real=0.01 secs] 
989.522: [GC (Allocation Failure) [PSYoungGen: 68592K->1584K(69120K)] 375585K->308601K(744448K), 0.0017863 secs] [Times: user=0.01 sys=0.00, real=0.00 secs] 
990.089: [GC (Allocation Failure) [PSYoungGen: 68656K->1440K(69120K)] 375673K->308457K(744448K), 0.0017451 secs] [Times: user=0.01 sys=0.00, real=0.01 secs] 
990.697: [GC (Allocation Failure) [PSYoungGen: 68512K->1408K(69120K)] 375529K->308425K(744448K), 0.0033444 secs] [Times: user=0.01 sys=0.00, real=0.01 secs] 
991.238: [GC (Allocation Failure) [PSYoungGen: 68480K->1392K(69120K)] 375497K->308409K(744448K), 0.0022197 secs] [Times: user=0.01 sys=0.01, real=0.00 secs] 
991.676: [GC (Allocation Failure) [PSYoungGen: 68464K->1408K(69120K)] 375481K->308425K(744448K), 0.0020430 secs] [Times: user=0.01 sys=0.00, real=0.00 secs] 
992.135: [GC (Allocation Failure) [PSYoungGen: 68480K->1517K(69120K)] 375497K->308535K(744448K), 0.0016418 secs] [Times: user=0.01 sys=0.00, real=0.00 secs] 
992.526: [GC (Allocation Failure) [PSYoungGen: 68582K->1616K(69120K)] 375600K->308633K(744448K), 0.0016573 secs] [Times: user=0.01 sys=0.00, real=0.00 secs] 
992.919: [GC (Allocation Failure) [PSYoungGen: 68688K->1552K(69120K)] 375705K->308569K(744448K), 0.0016894 secs] [Times: user=0.01 sys=0.00, real=0.01 secs] 
993.312: [GC (Allocation Failure) [PSYoungGen: 68624K->1584K(69120K)] 375641K->308617K(744448K), 0.0017254 secs] [Times: user=0.00 sys=0.00, real=0.00 secs] 
993.634: [GC (Allocation Failure) [PSYoungGen: 68656K->1440K(69120K)] 375689K->308473K(744448K), 0.0018148 secs] [Times: user=0.00 sys=0.00, real=0.00 secs] 
993.913: [GC (Allocation Failure) [PSYoungGen: 68512K->1408K(69120K)] 375545K->308441K(744448K), 0.0016487 secs] [Times: user=0.00 sys=0.00, real=0.00 secs] 
994.191: [GC (Allocation Failure) [PSYoungGen: 68480K->1376K(69120K)] 375513K->308409K(744448K), 0.0017059 secs] [Times: user=0.01 sys=0.00, real=0.00 secs] 
994.469: [GC (Allocation Failure) [PSYoungGen: 68448K->1376K(69120K)] 375481K->308441K(744448K), 0.0017187 secs] [Times: user=0.01 sys=0.00, real=0.01 secs] 
994.869: [GC (Allocation Failure) [PSYoungGen: 68448K->1552K(69120K)] 375513K->308617K(744448K), 0.0016182 secs] [Times: user=0.01 sys=0.00, real=0.01 secs] 
995.262: [GC (Allocation Failure) [PSYoungGen: 68624K->1520K(69120K)] 375689K->308585K(744448K), 0.0015257 secs] [Times: user=0.01 sys=0.00, real=0.00 secs] 
995.654: [GC (Allocation Failure) [PSYoungGen: 68592K->1549K(69120K)] 375657K->308615K(744448K), 0.0015552 secs] [Times: user=0.01 sys=0.00, real=0.00 secs] 
996.080: [GC (Allocation Failure) [PSYoungGen: 68621K->1584K(69120K)] 375687K->308649K(744448K), 0.0019803 secs] [Times: user=0.01 sys=0.00, real=0.01 secs] 
996.359: [GC (Allocation Failure) [PSYoungGen: 68656K->1440K(69120K)] 375721K->308505K(744448K), 0.0017803 secs] [Times: user=0.01 sys=0.00, real=0.01 secs] 
996.637: [GC (Allocation Failure) [PSYoungGen: 68512K->1376K(69120K)] 375577K->308441K(744448K), 0.0017093 secs] [Times: user=0.01 sys=0.00, real=0.00 secs] 
997.115: [GC (Allocation Failure) [PSYoungGen: 68448K->1376K(69120K)] 375513K->308441K(744448K), 0.0018190 secs] [Times: user=0.01 sys=0.00, real=0.00 secs] 
997.676: [GC (Allocation Failure) [PSYoungGen: 68448K->1408K(69120K)] 375513K->308473K(744448K), 0.0018729 secs] [Times: user=0.01 sys=0.00, real=0.00 secs] 
998.119: [GC (Allocation Failure) [PSYoungGen: 68480K->1584K(69120K)] 375545K->308649K(744448K), 0.0016561 secs] [Times: user=0.00 sys=0.00, real=0.01 secs] 
998.512: [GC (Allocation Failure) [PSYoungGen: 68656K->1552K(69120K)] 375721K->308617K(744448K), 0.0015462 secs] [Times: user=0.01 sys=0.00, real=0.00 secs] 
998.905: [GC (Allocation Failure) [PSYoungGen: 68624K->1581K(69120K)] 375689K->308647K(744448K), 0.0015231 secs] [Times: user=0.00 sys=0.00, real=0.00 secs] 
999.473: [GC (Allocation Failure) [PSYoungGen: 68653K->1504K(69120K)] 375719K->308569K(744448K), 0.0022366 secs] [Times: user=0.01 sys=0.00, real=0.00 secs] 
1000.259: [GC (Allocation Failure) [PSYoungGen: 68576K->1376K(69120K)] 375641K->308441K(744448K), 0.0033231 secs] [Times: user=0.02 sys=0.00, real=0.01 secs] 
1001.321: [GC (Allocation Failure) [PSYoungGen: 68448K->1376K(69120K)] 375513K->308441K(744448K), 0.0029628 secs] [Times: user=0.01 sys=0.00, real=0.00 secs] 
1002.343: [GC (Allocation Failure) [PSYoungGen: 68448K->1408K(69120K)] 375513K->308473K(744448K), 0.0033636 secs] [Times: user=0.01 sys=0.00, real=0.00 secs] 
1003.264: [GC (Allocation Failure) [PSYoungGen: 68480K->1469K(69120K)] 375545K->308535K(744448K), 0.0020067 secs] [Times: user=0.00 sys=0.00, real=0.00 secs] 
1003.682: [GC (Allocation Failure) [PSYoungGen: 68541K->1520K(69120K)] 375607K->308585K(744448K), 0.0016971 secs] [Times: user=0.01 sys=0.00, real=0.00 secs] 
1004.074: [GC (Allocation Failure) [PSYoungGen: 68592K->1584K(69120K)] 375657K->308649K(744448K), 0.0016656 secs] [Times: user=0.00 sys=0.00, real=0.00 secs] 
1004.467: [GC (Allocation Failure) [PSYoungGen: 68656K->1616K(69120K)] 375721K->308705K(744448K), 0.0016187 secs] [Times: user=0.01 sys=0.00, real=0.00 secs] 
1004.836: [GC (Allocation Failure) [PSYoungGen: 68688K->1440K(69120K)] 375777K->308529K(744448K), 0.0017177 secs] [Times: user=0.01 sys=0.00, real=0.00 secs] 
1005.115: [GC (Allocation Failure) [PSYoungGen: 68512K->1312K(69120K)] 375601K->308401K(744448K), 0.0017419 secs] [Times: user=0.01 sys=0.00, real=0.00 secs] 
1005.619: [GC (Allocation Failure) [PSYoungGen: 68384K->1408K(69120K)] 375473K->308497K(744448K), 0.0020251 secs] [Times: user=0.01 sys=0.00, real=0.01 secs] 
1006.124: [GC (Allocation Failure) [PSYoungGen: 68480K->1344K(69120K)] 375569K->308433K(744448K), 0.0023104 secs] [Times: user=0.01 sys=0.00, real=0.00 secs] 
1006.742: [GC (Allocation Failure) [PSYoungGen: 68416K->1440K(69120K)] 375505K->308529K(744448K), 0.0019004 secs] [Times: user=0.01 sys=0.00, real=0.00 secs] 
1007.139: [GC (Allocation Failure) [PSYoungGen: 68512K->1517K(69120K)] 375601K->308631K(744448K), 0.0015680 secs] [Times: user=0.01 sys=0.00, real=0.01 secs] 
1007.531: [GC (Allocation Failure) [PSYoungGen: 68589K->1501K(69120K)] 375703K->308615K(744448K), 0.0017886 secs] [Times: user=0.01 sys=0.00, real=0.00 secs] 
1007.978: [GC (Allocation Failure) [PSYoungGen: 68573K->1552K(69120K)] 375687K->308673K(744448K), 0.0015633 secs] [Times: user=0.01 sys=0.00, real=0.00 secs] 
1008.345: [GC (Allocation Failure) [PSYoungGen: 68624K->1472K(69120K)] 375745K->308593K(744448K), 0.0026495 secs] [Times: user=0.01 sys=0.00, real=0.00 secs] 
1008.624: [GC (Allocation Failure) [PSYoungGen: 68544K->1376K(69120K)] 375665K->308497K(744448K), 0.0019656 secs] [Times: user=0.00 sys=0.00, real=0.00 secs] 
1009.372: [GC (Allocation Failure) [PSYoungGen: 68448K->1408K(69120K)] 375569K->308529K(744448K), 0.0018736 secs] [Times: user=0.01 sys=0.01, real=0.00 secs] 
1010.290: [GC (Allocation Failure) [PSYoungGen: 68480K->1408K(69120K)] 375601K->308529K(744448K), 0.0021810 secs] [Times: user=0.00 sys=0.00, real=0.01 secs] 
1010.886: [GC (Allocation Failure) [PSYoungGen: 68480K->1520K(69120K)] 375601K->308641K(744448K), 0.0015536 secs] [Times: user=0.01 sys=0.00, real=0.00 secs] 
1011.277: [GC (Allocation Failure) [PSYoungGen: 68592K->1584K(69120K)] 375713K->308705K(744448K), 0.0017797 secs] [Times: user=0.00 sys=0.00, real=0.00 secs] 
1011.729: [GC (Allocation Failure) [PSYoungGen: 68656K->1552K(69120K)] 375777K->308673K(744448K), 0.0016058 secs] [Times: user=0.01 sys=0.00, real=0.01 secs] 
1012.124: [GC (Allocation Failure) [PSYoungGen: 68624K->1517K(69120K)] 375745K->308655K(744448K), 0.0016121 secs] [Times: user=0.01 sys=0.00, real=0.00 secs] 
1012.518: [GC (Allocation Failure) [PSYoungGen: 68589K->1440K(69120K)] 375727K->308577K(744448K), 0.0019294 secs] [Times: user=0.01 sys=0.00, real=0.01 secs] 
1013.046: [GC (Allocation Failure) [PSYoungGen: 68512K->1344K(69120K)] 375649K->308481K(744448K), 0.0018583 secs] [Times: user=0.01 sys=0.00, real=0.00 secs] 
1013.625: [GC (Allocation Failure) [PSYoungGen: 68416K->1376K(69120K)] 375553K->308513K(744448K), 0.0021843 secs] [Times: user=0.00 sys=0.00, real=0.00 secs] 
1014.205: [GC (Allocation Failure) [PSYoungGen: 68448K->1344K(69120K)] 375585K->308481K(744448K), 0.0021433 secs] [Times: user=0.01 sys=0.00, real=0.00 secs] 
1014.679: [GC (Allocation Failure) [PSYoungGen: 68416K->1552K(69120K)] 375553K->308689K(744448K), 0.0016980 secs] [Times: user=0.01 sys=0.00, real=0.01 secs] 
1015.070: [GC (Allocation Failure) [PSYoungGen: 68622K->1584K(69120K)] 375760K->308721K(744448K), 0.0016631 secs] [Times: user=0.01 sys=0.00, real=0.00 secs] 
1015.462: [GC (Allocation Failure) [PSYoungGen: 68656K->1584K(69120K)] 375793K->308721K(744448K), 0.0015757 secs] [Times: user=0.01 sys=0.00, real=0.00 secs] 
1015.917: [GC (Allocation Failure) [PSYoungGen: 68656K->1776K(69120K)] 375793K->308937K(744448K), 0.0019464 secs] [Times: user=0.01 sys=0.00, real=0.00 secs] 
1016.485: [GC (Allocation Failure) [PSYoungGen: 68848K->1344K(69120K)] 376009K->308505K(744448K), 0.0018736 secs] [Times: user=0.01 sys=0.00, real=0.00 secs] 
1017.354: [GC (Allocation Failure) [PSYoungGen: 68416K->1440K(69120K)] 375577K->308601K(744448K), 0.0031616 secs] [Times: user=0.02 sys=0.00, real=0.00 secs] 
1018.303: [GC (Allocation Failure) [PSYoungGen: 68512K->1376K(69120K)] 375673K->308537K(744448K), 0.0034322 secs] [Times: user=0.01 sys=0.00, real=0.00 secs] 
1019.102: [GC (Allocation Failure) [PSYoungGen: 68448K->1344K(69120K)] 375609K->308505K(744448K), 0.0028264 secs] [Times: user=0.02 sys=0.00, real=0.00 secs] 
1019.646: [GC (Allocation Failure) [PSYoungGen: 68416K->1616K(69120K)] 375577K->308777K(744448K), 0.0016237 secs] [Times: user=0.01 sys=0.00, real=0.00 secs] 
1020.038: [GC (Allocation Failure) [PSYoungGen: 68688K->1552K(69120K)] 375849K->308713K(744448K), 0.0015562 secs] [Times: user=0.00 sys=0.00, real=0.00 secs] 
1020.441: [GC (Allocation Failure) [PSYoungGen: 68624K->1552K(69120K)] 375785K->308713K(744448K), 0.0016166 secs] [Times: user=0.01 sys=0.00, real=0.00 secs] 
1020.852: [GC (Allocation Failure) [PSYoungGen: 68624K->1488K(69120K)] 375785K->308649K(744448K), 0.0016861 secs] [Times: user=0.00 sys=0.00, real=0.00 secs] 
1021.426: [GC (Allocation Failure) [PSYoungGen: 68560K->1376K(69120K)] 375721K->308537K(744448K), 0.0016562 secs] [Times: user=0.00 sys=0.00, real=0.00 secs] 
1021.958: [GC (Allocation Failure) [PSYoungGen: 68448K->1376K(69120K)] 375609K->308537K(744448K), 0.0029893 secs] [Times: user=0.01 sys=0.00, real=0.01 secs] 
1022.490: [GC (Allocation Failure) [PSYoungGen: 68448K->1344K(69120K)] 375609K->308505K(744448K), 0.0026878 secs] [Times: user=0.01 sys=0.00, real=0.01 secs] 
1023.037: [GC (Allocation Failure) [PSYoungGen: 68416K->1469K(69120K)] 375577K->308631K(744448K), 0.0022021 secs] [Times: user=0.00 sys=0.00, real=0.00 secs] 
1023.466: [GC (Allocation Failure) [PSYoungGen: 68541K->1584K(69120K)] 375703K->308745K(744448K), 0.0016135 secs] [Times: user=0.01 sys=0.00, real=0.00 secs] 
1023.858: [GC (Allocation Failure) [PSYoungGen: 68656K->1552K(69120K)] 375817K->308713K(744448K), 0.0015911 secs] [Times: user=0.01 sys=0.00, real=0.00 secs] 
1024.251: [GC (Allocation Failure) [PSYoungGen: 68624K->1584K(69120K)] 375785K->308761K(744448K), 0.0015967 secs] [Times: user=0.01 sys=0.00, real=0.00 secs] 
1024.766: [GC (Allocation Failure) [PSYoungGen: 68656K->1504K(69120K)] 375833K->308681K(744448K), 0.0018452 secs] [Times: user=0.01 sys=0.00, real=0.00 secs] 
1025.446: [GC (Allocation Failure) [PSYoungGen: 68576K->1344K(69120K)] 375753K->308521K(744448K), 0.0019110 secs] [Times: user=0.01 sys=0.00, real=0.00 secs] 
1026.150: [GC (Allocation Failure) [PSYoungGen: 68416K->1408K(69120K)] 375593K->308617K(744448K), 0.0020235 secs] [Times: user=0.01 sys=0.00, real=0.00 secs] 
1026.860: [GC (Allocation Failure) [PSYoungGen: 68480K->1376K(69120K)] 375689K->308585K(744448K), 0.0021512 secs] [Times: user=0.01 sys=0.00, real=0.00 secs] 
1027.616: [GC (Allocation Failure) [PSYoungGen: 68448K->1424K(69120K)] 375657K->308633K(744448K), 0.0017284 secs] [Times: user=0.01 sys=0.00, real=0.00 secs] 
1028.012: [GC (Allocation Failure) [PSYoungGen: 68496K->1549K(69120K)] 375705K->308759K(744448K), 0.0015613 secs] [Times: user=0.01 sys=0.00, real=0.00 secs] 
1028.405: [GC (Allocation Failure) [PSYoungGen: 68621K->1616K(69120K)] 375831K->308825K(744448K), 0.0016736 secs] [Times: user=0.01 sys=0.00, real=0.00 secs] 
1028.797: [GC (Allocation Failure) [PSYoungGen: 68688K->1584K(69120K)] 375897K->308809K(744448K), 0.0016106 secs] [Times: user=0.01 sys=0.00, real=0.00 secs] 
1029.147: [GC (Allocation Failure) [PSYoungGen: 68656K->1456K(69120K)] 375881K->308681K(744448K), 0.0017080 secs] [Times: user=0.01 sys=0.00, real=0.00 secs] 
1029.425: [GC (Allocation Failure) [PSYoungGen: 68528K->1408K(69120K)] 375753K->308633K(744448K), 0.0015717 secs] [Times: user=0.00 sys=0.00, real=0.00 secs] 
1029.704: [GC (Allocation Failure) [PSYoungGen: 68480K->1408K(69120K)] 375705K->308633K(744448K), 0.0017274 secs] [Times: user=0.01 sys=0.00, real=0.00 secs] 
1030.076: [GC (Allocation Failure) [PSYoungGen: 68480K->1408K(69120K)] 375705K->308633K(744448K), 0.0016381 secs] [Times: user=0.01 sys=0.00, real=0.00 secs] 
1030.567: [GC (Allocation Failure) [PSYoungGen: 68480K->1424K(69120K)] 375705K->308649K(744448K), 0.0014443 secs] [Times: user=0.00 sys=0.00, real=0.00 secs] 
1031.031: [GC (Allocation Failure) [PSYoungGen: 68496K->1520K(69120K)] 375721K->308745K(744448K), 0.0015977 secs] [Times: user=0.01 sys=0.00, real=0.00 secs] 
1031.427: [GC (Allocation Failure) [PSYoungGen: 68592K->1616K(69120K)] 375817K->308841K(744448K), 0.0017098 secs] [Times: user=0.01 sys=0.00, real=0.00 secs] 
1031.823: [GC (Allocation Failure) [PSYoungGen: 68688K->1552K(69120K)] 375913K->308793K(744448K), 0.0016282 secs] [Times: user=0.01 sys=0.00, real=0.00 secs] 
1032.140: [GC (Allocation Failure) [PSYoungGen: 68624K->1408K(69120K)] 375865K->308649K(744448K), 0.0026635 secs] [Times: user=0.01 sys=0.00, real=0.01 secs] 
1032.420: [GC (Allocation Failure) [PSYoungGen: 68480K->1392K(69120K)] 375721K->308633K(744448K), 0.0020268 secs] [Times: user=0.01 sys=0.00, real=0.01 secs] 
1032.698: [GC (Allocation Failure) [PSYoungGen: 68464K->1408K(69120K)] 375705K->308649K(744448K), 0.0019297 secs] [Times: user=0.01 sys=0.00, real=0.01 secs] 
1032.977: [GC (Allocation Failure) [PSYoungGen: 68480K->1408K(69120K)] 375721K->308649K(744448K), 0.0019196 secs] [Times: user=0.01 sys=0.00, real=0.00 secs] 
1033.359: [GC (GCLocker Initiated GC) [PSYoungGen: 68480K->1472K(69120K)] 375721K->308713K(744448K), 0.0015818 secs] [Times: user=0.01 sys=0.00, real=0.01 secs] 
1033.760: [GC (Allocation Failure) [PSYoungGen: 68544K->1488K(69120K)] 376619K->309579K(744448K), 0.0015635 secs] [Times: user=0.00 sys=0.00, real=0.01 secs] 
1034.152: [GC (Allocation Failure) [PSYoungGen: 68560K->1533K(69120K)] 376651K->309624K(744448K), 0.0016867 secs] [Times: user=0.00 sys=0.00, real=0.00 secs] 
1034.547: [GC (Allocation Failure) [PSYoungGen: 68605K->1533K(69120K)] 376696K->309640K(744448K), 0.0016170 secs] [Times: user=0.00 sys=0.00, real=0.00 secs] 
1034.865: [GC (Allocation Failure) [PSYoungGen: 68605K->1472K(69120K)] 376712K->309587K(744448K), 0.0017220 secs] [Times: user=0.01 sys=0.00, real=0.00 secs] 
1035.144: [GC (Allocation Failure) [PSYoungGen: 68544K->1408K(69120K)] 376659K->309523K(744448K), 0.0017230 secs] [Times: user=0.01 sys=0.00, real=0.00 secs] 
1035.428: [GC (Allocation Failure) [PSYoungGen: 68480K->1408K(69120K)] 376595K->309523K(744448K), 0.0016648 secs] [Times: user=0.00 sys=0.00, real=0.00 secs] 
1035.707: [GC (Allocation Failure) [PSYoungGen: 68480K->1472K(69120K)] 376595K->309587K(744448K), 0.0017304 secs] [Times: user=0.01 sys=0.00, real=0.00 secs] 
1036.111: [GC (Allocation Failure) [PSYoungGen: 68544K->1533K(69120K)] 376659K->309648K(744448K), 0.0016822 secs] [Times: user=0.01 sys=0.00, real=0.00 secs] 
1036.503: [GC (Allocation Failure) [PSYoungGen: 68605K->1584K(69120K)] 376720K->309699K(744448K), 0.0016547 secs] [Times: user=0.01 sys=0.00, real=0.00 secs] 
1036.899: [GC (Allocation Failure) [PSYoungGen: 68656K->1533K(69120K)] 376771K->309648K(744448K), 0.0017054 secs] [Times: user=0.01 sys=0.00, real=0.01 secs] 
1037.392: [GC (Allocation Failure) [PSYoungGen: 68605K->1552K(69120K)] 376720K->309683K(744448K), 0.0019159 secs] [Times: user=0.01 sys=0.00, real=0.00 secs] 
1038.547: [GC (Allocation Failure) [PSYoungGen: 68624K->1408K(69120K)] 376755K->309539K(744448K), 0.0039325 secs] [Times: user=0.01 sys=0.00, real=0.01 secs] 
1039.607: [GC (Allocation Failure) [PSYoungGen: 68480K->1408K(69120K)] 376611K->309539K(744448K), 0.0035880 secs] [Times: user=0.02 sys=0.00, real=0.00 secs] 
1040.573: [GC (Allocation Failure) [PSYoungGen: 68480K->1440K(69120K)] 376611K->309571K(744448K), 0.0035270 secs] [Times: user=0.02 sys=0.00, real=0.00 secs] 
1041.096: [GC (Allocation Failure) [PSYoungGen: 68512K->1408K(69120K)] 376643K->309579K(744448K), 0.0021984 secs] [Times: user=0.01 sys=0.00, real=0.00 secs] 
1041.553: [GC (Allocation Failure) [PSYoungGen: 68480K->1533K(69120K)] 376651K->309712K(744448K), 0.0015211 secs] [Times: user=0.00 sys=0.00, real=0.00 secs] 
1041.947: [GC (Allocation Failure) [PSYoungGen: 68605K->1616K(69120K)] 376784K->309795K(744448K), 0.0015171 secs] [Times: user=0.01 sys=0.00, real=0.00 secs] 
1042.341: [GC (Allocation Failure) [PSYoungGen: 68688K->1552K(69120K)] 376867K->309731K(744448K), 0.0015496 secs] [Times: user=0.01 sys=0.00, real=0.00 secs] 
1042.949: [GC (Allocation Failure) [PSYoungGen: 68624K->1472K(69120K)] 376803K->309667K(744448K), 0.0019372 secs] [Times: user=0.01 sys=0.00, real=0.01 secs] 
1043.687: [GC (Allocation Failure) [PSYoungGen: 68544K->1408K(69120K)] 376739K->309603K(744448K), 0.0017446 secs] [Times: user=0.00 sys=0.00, real=0.00 secs] 
1044.291: [GC (Allocation Failure) [PSYoungGen: 68480K->1376K(69120K)] 376675K->309571K(744448K), 0.0019913 secs] [Times: user=0.00 sys=0.00, real=0.00 secs] 
1044.622: [GC (Allocation Failure) [PSYoungGen: 68448K->1376K(69120K)] 376643K->309571K(744448K), 0.0018685 secs] [Times: user=0.01 sys=0.00, real=0.00 secs] 
1044.976: [GC (Allocation Failure) [PSYoungGen: 68448K->1469K(69120K)] 376643K->309664K(744448K), 0.0015162 secs] [Times: user=0.01 sys=0.00, real=0.00 secs] 
1045.369: [GC (Allocation Failure) [PSYoungGen: 68541K->1533K(69120K)] 376736K->309728K(744448K), 0.0015734 secs] [Times: user=0.01 sys=0.00, real=0.01 secs] 
1045.766: [GC (Allocation Failure) [PSYoungGen: 68605K->1584K(69120K)] 376800K->309779K(744448K), 0.0015263 secs] [Times: user=0.01 sys=0.00, real=0.00 secs] 
1046.159: [GC (Allocation Failure) [PSYoungGen: 68656K->1565K(69120K)] 376851K->309768K(744448K), 0.0016433 secs] [Times: user=0.01 sys=0.00, real=0.01 secs] 
1046.826: [GC (Allocation Failure) [PSYoungGen: 68637K->1408K(69120K)] 376840K->309619K(744448K), 0.0020901 secs] [Times: user=0.01 sys=0.00, real=0.00 secs] 
1047.546: [GC (Allocation Failure) [PSYoungGen: 68480K->1408K(69120K)] 376691K->309619K(744448K), 0.0022364 secs] [Times: user=0.00 sys=0.00, real=0.00 secs] 
1048.158: [GC (Allocation Failure) [PSYoungGen: 68480K->1376K(69120K)] 376691K->309587K(744448K), 0.0029087 secs] [Times: user=0.01 sys=0.01, real=0.01 secs] 
1048.700: [GC (Allocation Failure) [PSYoungGen: 68448K->1344K(69120K)] 376659K->309555K(744448K), 0.0029064 secs] [Times: user=0.01 sys=0.00, real=0.01 secs] 
1049.253: [GC (Allocation Failure) [PSYoungGen: 68416K->1456K(69120K)] 376627K->309667K(744448K), 0.0014264 secs] [Times: user=0.00 sys=0.00, real=0.00 secs] 
1049.646: [GC (Allocation Failure) [PSYoungGen: 68528K->1552K(69120K)] 376739K->309763K(744448K), 0.0016119 secs] [Times: user=0.00 sys=0.00, real=0.00 secs] 
1050.038: [GC (Allocation Failure) [PSYoungGen: 68624K->1536K(69120K)] 376835K->309747K(744448K), 0.0021959 secs] [Times: user=0.01 sys=0.00, real=0.01 secs] 
1050.431: [GC (Allocation Failure) [PSYoungGen: 68608K->1597K(69120K)] 376819K->309816K(744448K), 0.0015339 secs] [Times: user=0.01 sys=0.00, real=0.00 secs] 
1050.781: [GC (Allocation Failure) [PSYoungGen: 68669K->1472K(69120K)] 376888K->309691K(744448K), 0.0017005 secs] [Times: user=0.01 sys=0.00, real=0.00 secs] 
1051.061: [GC (Allocation Failure) [PSYoungGen: 68544K->1392K(69120K)] 376763K->309611K(744448K), 0.0057544 secs] [Times: user=0.03 sys=0.00, real=0.00 secs] 
1051.345: [GC (Allocation Failure) [PSYoungGen: 68464K->1360K(69120K)] 376683K->309579K(744448K), 0.0017377 secs] [Times: user=0.00 sys=0.00, real=0.00 secs] 
1051.623: [GC (Allocation Failure) [PSYoungGen: 68432K->1376K(69120K)] 376651K->309595K(744448K), 0.0016944 secs] [Times: user=0.00 sys=0.00, real=0.00 secs] 
1051.999: [GC (Allocation Failure) [PSYoungGen: 68448K->1565K(69120K)] 376667K->309784K(744448K), 0.0015920 secs] [Times: user=0.00 sys=0.00, real=0.01 secs] 
1052.391: [GC (Allocation Failure) [PSYoungGen: 68637K->1565K(69120K)] 376856K->309784K(744448K), 0.0016434 secs] [Times: user=0.00 sys=0.00, real=0.00 secs] 
1052.786: [GC (Allocation Failure) [PSYoungGen: 68637K->1568K(69120K)] 376856K->309787K(744448K), 0.0015905 secs] [Times: user=0.01 sys=0.00, real=0.00 secs] 
1053.178: [GC (Allocation Failure) [PSYoungGen: 68640K->1584K(69120K)] 376859K->309819K(744448K), 0.0016260 secs] [Times: user=0.01 sys=0.00, real=0.00 secs] 
1053.931: [GC (Allocation Failure) [PSYoungGen: 68656K->1440K(69120K)] 376891K->309675K(744448K), 0.0019471 secs] [Times: user=0.01 sys=0.00, real=0.00 secs] 
1054.520: [GC (Allocation Failure) [PSYoungGen: 68512K->1376K(69120K)] 376747K->309627K(744448K), 0.0024607 secs] [Times: user=0.01 sys=0.00, real=0.00 secs] 
1054.875: [GC (Allocation Failure) [PSYoungGen: 68448K->1392K(69120K)] 376699K->309643K(744448K), 0.0018122 secs] [Times: user=0.00 sys=0.00, real=0.00 secs] 
1055.154: [GC (Allocation Failure) [PSYoungGen: 68464K->1408K(69120K)] 376715K->309659K(744448K), 0.0018541 secs] [Times: user=0.00 sys=0.00, real=0.00 secs] 
1055.539: [GC (Allocation Failure) [PSYoungGen: 68480K->1517K(69120K)] 376731K->309768K(744448K), 0.0014753 secs] [Times: user=0.01 sys=0.00, real=0.01 secs] 
1055.932: [GC (Allocation Failure) [PSYoungGen: 68589K->1568K(69120K)] 376840K->309819K(744448K), 0.0016025 secs] [Times: user=0.01 sys=0.00, real=0.00 secs] 
1056.323: [GC (Allocation Failure) [PSYoungGen: 68640K->1552K(69120K)] 376891K->309803K(744448K), 0.0017046 secs] [Times: user=0.01 sys=0.00, real=0.00 secs] 
1056.749: [GC (Allocation Failure) [PSYoungGen: 68624K->1792K(69120K)] 376875K->310059K(744448K), 0.0019061 secs] [Times: user=0.01 sys=0.00, real=0.01 secs] 
1057.060: [GC (Allocation Failure) [PSYoungGen: 68864K->1344K(69120K)] 377131K->309611K(744448K), 0.0016542 secs] [Times: user=0.01 sys=0.00, real=0.01 secs] 
1057.429: [GC (Allocation Failure) [PSYoungGen: 68416K->1376K(69120K)] 376683K->309643K(744448K), 0.0017608 secs] [Times: user=0.01 sys=0.00, real=0.01 secs] 
1057.726: [GC (Allocation Failure) [PSYoungGen: 68448K->1360K(69120K)] 376715K->309627K(744448K), 0.0017173 secs] [Times: user=0.01 sys=0.00, real=0.00 secs] 
1058.054: [GC (Allocation Failure) [PSYoungGen: 68432K->1408K(69120K)] 376699K->309675K(744448K), 0.0017589 secs] [Times: user=0.01 sys=0.00, real=0.00 secs] 
1058.504: [GC (Allocation Failure) [PSYoungGen: 68480K->1533K(69120K)] 376747K->309800K(744448K), 0.0015658 secs] [Times: user=0.00 sys=0.00, real=0.00 secs] 
1058.954: [GC (Allocation Failure) [PSYoungGen: 68605K->1565K(69120K)] 376872K->309832K(744448K), 0.0015490 secs] [Times: user=0.01 sys=0.00, real=0.00 secs] 
1059.346: [GC (Allocation Failure) [PSYoungGen: 68637K->1581K(69120K)] 376904K->309848K(744448K), 0.0045629 secs] [Times: user=0.02 sys=0.00, real=0.01 secs] 
1060.254: [GC (Allocation Failure) [PSYoungGen: 68653K->1472K(69120K)] 376920K->309739K(744448K), 0.0037423 secs] [Times: user=0.01 sys=0.00, real=0.00 secs] 
1060.814: [GC (Allocation Failure) [PSYoungGen: 68544K->1376K(69120K)] 376811K->309643K(744448K), 0.0025177 secs] [Times: user=0.01 sys=0.00, real=0.00 secs] 
1061.397: [GC (Allocation Failure) [PSYoungGen: 68448K->1344K(69120K)] 376715K->309611K(744448K), 0.0029795 secs] [Times: user=0.01 sys=0.00, real=0.00 secs] 
1061.976: [GC (Allocation Failure) [PSYoungGen: 68416K->1376K(69120K)] 376683K->309643K(744448K), 0.0021507 secs] [Times: user=0.01 sys=0.00, real=0.00 secs] 
1062.570: [GC (Allocation Failure) [PSYoungGen: 68448K->1469K(69120K)] 376715K->309736K(744448K), 0.0021974 secs] [Times: user=0.01 sys=0.00, real=0.00 secs] 
1063.012: [GC (Allocation Failure) [PSYoungGen: 68541K->1549K(69120K)] 376808K->309816K(744448K), 0.0016107 secs] [Times: user=0.01 sys=0.00, real=0.00 secs] 
1063.404: [GC (Allocation Failure) [PSYoungGen: 68621K->1552K(69120K)] 376888K->309819K(744448K), 0.0016364 secs] [Times: user=0.00 sys=0.00, real=0.00 secs] 
1063.797: [GC (Allocation Failure) [PSYoungGen: 68624K->1520K(69120K)] 376891K->309803K(744448K), 0.0014937 secs] [Times: user=0.01 sys=0.00, real=0.00 secs] 
1064.379: [GC (Allocation Failure) [PSYoungGen: 68592K->1504K(69120K)] 376875K->309787K(744448K), 0.0018958 secs] [Times: user=0.01 sys=0.00, real=0.01 secs] 
1065.021: [GC (Allocation Failure) [PSYoungGen: 68576K->1408K(69120K)] 376859K->309691K(744448K), 0.0020534 secs] [Times: user=0.01 sys=0.00, real=0.00 secs] 
1065.615: [GC (Allocation Failure) [PSYoungGen: 68480K->1408K(69120K)] 376763K->309691K(744448K), 0.0020263 secs] [Times: user=0.01 sys=0.00, real=0.00 secs] 
1066.125: [GC (Allocation Failure) [PSYoungGen: 68480K->1408K(69120K)] 376763K->309691K(744448K), 0.0022373 secs] [Times: user=0.00 sys=0.00, real=0.00 secs] 
1066.494: [GC (Allocation Failure) [PSYoungGen: 68480K->1421K(69120K)] 376763K->309720K(744448K), 0.0014620 secs] [Times: user=0.00 sys=0.00, real=0.00 secs] 
1066.886: [GC (Allocation Failure) [PSYoungGen: 68493K->1520K(69120K)] 376792K->309819K(744448K), 0.0015107 secs] [Times: user=0.01 sys=0.00, real=0.00 secs] 
1067.341: [GC (Allocation Failure) [PSYoungGen: 68592K->1552K(69120K)] 376891K->309851K(744448K), 0.0015679 secs] [Times: user=0.01 sys=0.00, real=0.00 secs] 
1067.735: [GC (Allocation Failure) [PSYoungGen: 68624K->1565K(69120K)] 376923K->309880K(744448K), 0.0015953 secs] [Times: user=0.01 sys=0.00, real=0.00 secs] 
1068.103: [GC (Allocation Failure) [PSYoungGen: 68637K->1504K(69120K)] 376952K->309819K(744448K), 0.0022915 secs] [Times: user=0.01 sys=0.00, real=0.00 secs] 
1068.427: [GC (Allocation Failure) [PSYoungGen: 68576K->1408K(69120K)] 376891K->309723K(744448K), 0.0018732 secs] [Times: user=0.01 sys=0.00, real=0.00 secs] 
1068.795: [GC (Allocation Failure) [PSYoungGen: 68480K->1376K(69120K)] 376795K->309691K(744448K), 0.0018600 secs] [Times: user=0.01 sys=0.00, real=0.00 secs] 
1069.165: [GC (Allocation Failure) [PSYoungGen: 68448K->1408K(69120K)] 376763K->309723K(744448K), 0.0017685 secs] [Times: user=0.01 sys=0.00, real=0.00 secs] 
1070.024: [GC (Allocation Failure) [PSYoungGen: 68480K->1533K(69120K)] 376795K->309848K(744448K), 0.0016115 secs] [Times: user=0.01 sys=0.00, real=0.00 secs] 
1070.418: [GC (Allocation Failure) [PSYoungGen: 68605K->1533K(69120K)] 376920K->309848K(744448K), 0.0015760 secs] [Times: user=0.00 sys=0.00, real=0.00 secs] 
1070.870: [GC (Allocation Failure) [PSYoungGen: 68605K->1565K(69120K)] 376920K->309880K(744448K), 0.0017644 secs] [Times: user=0.00 sys=0.00, real=0.01 secs] 
1071.264: [GC (Allocation Failure) [PSYoungGen: 68637K->1533K(69120K)] 376952K->309864K(744448K), 0.0017321 secs] [Times: user=0.01 sys=0.00, real=0.00 secs] 
1071.659: [GC (Allocation Failure) [PSYoungGen: 68605K->1424K(69120K)] 376936K->309755K(744448K), 0.0024908 secs] [Times: user=0.01 sys=0.00, real=0.01 secs] 
1072.109: [GC (Allocation Failure) [PSYoungGen: 68496K->1408K(69120K)] 376827K->309739K(744448K), 0.0023419 secs] [Times: user=0.01 sys=0.00, real=0.01 secs] 
1072.675: [GC (Allocation Failure) [PSYoungGen: 68480K->1408K(69120K)] 376811K->309739K(744448K), 0.0026342 secs] [Times: user=0.01 sys=0.00, real=0.00 secs] 
1073.200: [GC (Allocation Failure) [PSYoungGen: 68480K->1392K(69120K)] 376811K->309723K(744448K), 0.0025634 secs] [Times: user=0.01 sys=0.00, real=0.00 secs] 
1073.769: [GC (Allocation Failure) [PSYoungGen: 68464K->1472K(69120K)] 376795K->309803K(744448K), 0.0015114 secs] [Times: user=0.00 sys=0.00, real=0.01 secs] 
1074.161: [GC (Allocation Failure) [PSYoungGen: 68544K->1552K(69120K)] 376875K->309883K(744448K), 0.0015288 secs] [Times: user=0.01 sys=0.00, real=0.00 secs] 
1074.553: [GC (Allocation Failure) [PSYoungGen: 68624K->1552K(69120K)] 376955K->309883K(744448K), 0.0015682 secs] [Times: user=0.00 sys=0.00, real=0.00 secs] 
1074.946: [GC (Allocation Failure) [PSYoungGen: 68624K->1597K(69120K)] 376955K->309944K(744448K), 0.0015490 secs] [Times: user=0.01 sys=0.00, real=0.00 secs] 
1075.847: [GC (Allocation Failure) [PSYoungGen: 68669K->1440K(69120K)] 377016K->309811K(744448K), 0.0021325 secs] [Times: user=0.00 sys=0.00, real=0.00 secs] 
1076.382: [GC (Allocation Failure) [PSYoungGen: 68512K->1424K(69120K)] 376883K->309795K(744448K), 0.0019173 secs] [Times: user=0.01 sys=0.00, real=0.00 secs] 
1076.987: [GC (Allocation Failure) [PSYoungGen: 68496K->1408K(69120K)] 376867K->309779K(744448K), 0.0019903 secs] [Times: user=0.00 sys=0.00, real=0.00 secs] 
1077.577: [GC (Allocation Failure) [PSYoungGen: 68480K->1376K(69120K)] 376851K->309747K(744448K), 0.0019740 secs] [Times: user=0.01 sys=0.00, real=0.00 secs] 
1078.039: [GC (Allocation Failure) [PSYoungGen: 68448K->1469K(69120K)] 376819K->309840K(744448K), 0.0015624 secs] [Times: user=0.01 sys=0.00, real=0.01 secs] 
1078.431: [GC (Allocation Failure) [PSYoungGen: 68541K->1552K(69120K)] 376912K->309923K(744448K), 0.0016579 secs] [Times: user=0.01 sys=0.00, real=0.00 secs] 
1078.824: [GC (Allocation Failure) [PSYoungGen: 68624K->1584K(69120K)] 376995K->309955K(744448K), 0.0015421 secs] [Times: user=0.01 sys=0.00, real=0.00 secs] 
1079.266: [GC (Allocation Failure) [PSYoungGen: 68656K->1504K(69120K)] 377027K->309875K(744448K), 0.0019075 secs] [Times: user=0.00 sys=0.00, real=0.00 secs] 
1079.776: [GC (Allocation Failure) [PSYoungGen: 68576K->1408K(69120K)] 376947K->309779K(744448K), 0.0017951 secs] [Times: user=0.00 sys=0.00, real=0.00 secs] 
1080.347: [GC (Allocation Failure) [PSYoungGen: 68480K->1408K(69120K)] 376851K->309779K(744448K), 0.0021465 secs] [Times: user=0.01 sys=0.00, real=0.00 secs] 
1080.936: [GC (Allocation Failure) [PSYoungGen: 68480K->1408K(69120K)] 376851K->309779K(744448K), 0.0021876 secs] [Times: user=0.01 sys=0.01, real=0.00 secs] 
1081.562: [GC (Allocation Failure) [PSYoungGen: 68480K->1376K(69120K)] 376851K->309747K(744448K), 0.0019229 secs] [Times: user=0.01 sys=0.00, real=0.00 secs] 
1082.002: [GC (Allocation Failure) [PSYoungGen: 68448K->1584K(69120K)] 376819K->309955K(744448K), 0.0016452 secs] [Times: user=0.01 sys=0.00, real=0.00 secs] 
1082.401: [GC (Allocation Failure) [PSYoungGen: 68656K->1552K(69120K)] 377027K->309923K(744448K), 0.0016229 secs] [Times: user=0.01 sys=0.00, real=0.00 secs] 
1082.793: [GC (Allocation Failure) [PSYoungGen: 68624K->1533K(69120K)] 376995K->309904K(744448K), 0.0016392 secs] [Times: user=0.00 sys=0.00, real=0.00 secs] 
1083.350: [GC (Allocation Failure) [PSYoungGen: 68605K->1472K(69120K)] 376976K->309843K(744448K), 0.0021430 secs] [Times: user=0.01 sys=0.00, real=0.01 secs] 
1083.885: [GC (Allocation Failure) [PSYoungGen: 68544K->1408K(69120K)] 376915K->309779K(744448K), 0.0019518 secs] [Times: user=0.01 sys=0.00, real=0.00 secs] 
1084.528: [GC (Allocation Failure) [PSYoungGen: 68480K->1328K(69120K)] 376851K->309699K(744448K), 0.0019988 secs] [Times: user=0.01 sys=0.00, real=0.00 secs] 
1085.085: [GC (Allocation Failure) [PSYoungGen: 68400K->1408K(69120K)] 376771K->309779K(744448K), 0.0023824 secs] [Times: user=0.01 sys=0.00, real=0.00 secs] 
1085.664: [GC (Allocation Failure) [PSYoungGen: 68480K->1469K(69120K)] 376851K->309840K(744448K), 0.0020063 secs] [Times: user=0.01 sys=0.00, real=0.00 secs] 
1086.081: [GC (Allocation Failure) [PSYoungGen: 68541K->1520K(69120K)] 376912K->309907K(744448K), 0.0015506 secs] [Times: user=0.00 sys=0.00, real=0.00 secs] 
1086.478: [GC (Allocation Failure) [PSYoungGen: 68592K->1552K(69120K)] 376979K->309939K(744448K), 0.0015367 secs] [Times: user=0.01 sys=0.00, real=0.00 secs] 
1086.872: [GC (Allocation Failure) [PSYoungGen: 68624K->1533K(69120K)] 377011K->309928K(744448K), 0.0017094 secs] [Times: user=0.00 sys=0.00, real=0.00 secs] 
1087.357: [GC (Allocation Failure) [PSYoungGen: 68605K->1488K(69120K)] 377000K->309883K(744448K), 0.0018442 secs] [Times: user=0.01 sys=0.00, real=0.00 secs] 
1087.890: [GC (Allocation Failure) [PSYoungGen: 68560K->1408K(69120K)] 376955K->309803K(744448K), 0.0017048 secs] [Times: user=0.00 sys=0.00, real=0.00 secs] 
1088.458: [GC (Allocation Failure) [PSYoungGen: 68480K->1408K(69120K)] 376875K->309803K(744448K), 0.0017428 secs] [Times: user=0.00 sys=0.00, real=0.01 secs] 
1089.302: [GC (Allocation Failure) [PSYoungGen: 68480K->1408K(69120K)] 376875K->309803K(744448K), 0.0021089 secs] [Times: user=0.01 sys=0.00, real=0.00 secs] 
1090.003: [GC (Allocation Failure) [PSYoungGen: 68480K->1485K(69120K)] 376875K->309880K(744448K), 0.0015607 secs] [Times: user=0.01 sys=0.00, real=0.00 secs] 
1090.394: [GC (Allocation Failure) [PSYoungGen: 68557K->1565K(69120K)] 376952K->309960K(744448K), 0.0015226 secs] [Times: user=0.01 sys=0.00, real=0.00 secs] 
1090.787: [GC (Allocation Failure) [PSYoungGen: 68637K->1533K(69120K)] 377032K->309928K(744448K), 0.0015814 secs] [Times: user=0.00 sys=0.00, real=0.00 secs] 
1091.179: [GC (Allocation Failure) [PSYoungGen: 68605K->1549K(69120K)] 377000K->309952K(744448K), 0.0015809 secs] [Times: user=0.01 sys=0.00, real=0.01 secs] 
1091.999: [GC (Allocation Failure) [PSYoungGen: 68621K->1456K(69120K)] 377024K->309859K(744448K), 0.0031122 secs] [Times: user=0.01 sys=0.00, real=0.01 secs] 
1092.538: [GC (Allocation Failure) [PSYoungGen: 68528K->1360K(69120K)] 376931K->309763K(744448K), 0.0020603 secs] [Times: user=0.00 sys=0.00, real=0.00 secs] 
1092.822: [GC (Allocation Failure) [PSYoungGen: 68432K->1440K(69120K)] 376835K->309843K(744448K), 0.0018944 secs] [Times: user=0.01 sys=0.00, real=0.00 secs] 
1093.106: [GC (Allocation Failure) [PSYoungGen: 68512K->1408K(69120K)] 376915K->309811K(744448K), 0.0018240 secs] [Times: user=0.01 sys=0.00, real=0.00 secs] 
1093.600: [GC (Allocation Failure) [PSYoungGen: 68480K->1501K(69120K)] 376883K->309904K(744448K), 0.0017239 secs] [Times: user=0.01 sys=0.00, real=0.01 secs] 
1093.991: [GC (Allocation Failure) [PSYoungGen: 68573K->1584K(69120K)] 376976K->309987K(744448K), 0.0016453 secs] [Times: user=0.01 sys=0.00, real=0.00 secs] 
1094.385: [GC (Allocation Failure) [PSYoungGen: 68656K->1533K(69120K)] 377059K->309936K(744448K), 0.0015529 secs] [Times: user=0.01 sys=0.00, real=0.00 secs] 
1094.780: [GC (Allocation Failure) [PSYoungGen: 68605K->1565K(69120K)] 377008K->309984K(744448K), 0.0015700 secs] [Times: user=0.01 sys=0.00, real=0.00 secs] 
1095.123: [GC (Allocation Failure) [PSYoungGen: 68637K->1392K(69120K)] 377056K->309819K(744448K), 0.0025686 secs] [Times: user=0.01 sys=0.00, real=0.00 secs] 
1095.475: [GC (Allocation Failure) [PSYoungGen: 68464K->1408K(69120K)] 376891K->309851K(744448K), 0.0018596 secs] [Times: user=0.01 sys=0.00, real=0.00 secs] 
1095.782: [GC (Allocation Failure) [PSYoungGen: 68480K->1408K(69120K)] 376923K->309851K(744448K), 0.0019592 secs] [Times: user=0.01 sys=0.00, real=0.00 secs] 
1096.061: [GC (Allocation Failure) [PSYoungGen: 68480K->1408K(69120K)] 376923K->309859K(744448K), 0.0020360 secs] [Times: user=0.01 sys=0.00, real=0.00 secs] 
1096.469: [GC (Allocation Failure) [PSYoungGen: 68480K->1504K(69120K)] 376931K->309955K(744448K), 0.0014849 secs] [Times: user=0.00 sys=0.00, real=0.01 secs] 
1096.861: [GC (Allocation Failure) [PSYoungGen: 68576K->1520K(69120K)] 377027K->309971K(744448K), 0.0016091 secs] [Times: user=0.00 sys=0.00, real=0.00 secs] 
1097.257: [GC (Allocation Failure) [PSYoungGen: 68592K->1533K(69120K)] 377043K->309984K(744448K), 0.0015145 secs] [Times: user=0.01 sys=0.00, real=0.00 secs] 
1097.740: [GC (Allocation Failure) [PSYoungGen: 68605K->1584K(69120K)] 377056K->310067K(744448K), 0.0017859 secs] [Times: user=0.00 sys=0.00, real=0.01 secs] 
1098.114: [GC (Allocation Failure) [PSYoungGen: 68656K->1408K(69120K)] 377139K->309891K(744448K), 0.0017815 secs] [Times: user=0.01 sys=0.00, real=0.00 secs] 
1098.629: [GC (Allocation Failure) [PSYoungGen: 68480K->1440K(69120K)] 376963K->309923K(744448K), 0.0026257 secs] [Times: user=0.01 sys=0.00, real=0.01 secs] 
1099.222: [GC (Allocation Failure) [PSYoungGen: 68512K->1408K(69120K)] 376995K->309891K(744448K), 0.0020912 secs] [Times: user=0.00 sys=0.00, real=0.00 secs] 
1099.805: [GC (Allocation Failure) [PSYoungGen: 68480K->1408K(69120K)] 376963K->309891K(744448K), 0.0021495 secs] [Times: user=0.00 sys=0.00, real=0.00 secs] 
1100.291: [GC (Allocation Failure) [PSYoungGen: 68480K->1533K(69120K)] 376963K->310016K(744448K), 0.0016857 secs] [Times: user=0.00 sys=0.00, real=0.00 secs] 
1100.682: [GC (Allocation Failure) [PSYoungGen: 68605K->1533K(69120K)] 377088K->310016K(744448K), 0.0016818 secs] [Times: user=0.01 sys=0.00, real=0.00 secs] 
1101.074: [GC (Allocation Failure) [PSYoungGen: 68605K->1565K(69120K)] 377088K->310048K(744448K), 0.0015678 secs] [Times: user=0.01 sys=0.00, real=0.00 secs] 
1101.492: [GC (Allocation Failure) [PSYoungGen: 68637K->1456K(69120K)] 377120K->309939K(744448K), 0.0016648 secs] [Times: user=0.00 sys=0.00, real=0.00 secs] 
1101.770: [GC (Allocation Failure) [PSYoungGen: 68528K->1392K(69120K)] 377011K->309875K(744448K), 0.0016749 secs] [Times: user=0.01 sys=0.00, real=0.01 secs] 
1102.049: [GC (Allocation Failure) [PSYoungGen: 68464K->1376K(69120K)] 376947K->309859K(744448K), 0.0016371 secs] [Times: user=0.00 sys=0.01, real=0.01 secs] 
1102.349: [GC (Allocation Failure) [PSYoungGen: 68448K->1376K(69120K)] 376931K->309859K(744448K), 0.0015240 secs] [Times: user=0.01 sys=0.00, real=0.01 secs] 
1102.735: [GC (Allocation Failure) [PSYoungGen: 68448K->1437K(69120K)] 376931K->309920K(744448K), 0.0018478 secs] [Times: user=0.01 sys=0.00, real=0.00 secs] 
1103.157: [GC (Allocation Failure) [PSYoungGen: 68509K->1568K(69120K)] 376992K->310051K(744448K), 0.0015314 secs] [Times: user=0.00 sys=0.00, real=0.00 secs] 
1103.548: [GC (Allocation Failure) [PSYoungGen: 68640K->1565K(69120K)] 377123K->310048K(744448K), 0.0015326 secs] [Times: user=0.00 sys=0.00, real=0.00 secs] 
1103.941: [GC (Allocation Failure) [PSYoungGen: 68637K->1565K(69120K)] 377120K->310064K(744448K), 0.0015360 secs] [Times: user=0.01 sys=0.00, real=0.00 secs] 
1104.485: [GC (Allocation Failure) [PSYoungGen: 68637K->1440K(69120K)] 377136K->309939K(744448K), 0.0019091 secs] [Times: user=0.01 sys=0.00, real=0.00 secs] 
1105.091: [GC (Allocation Failure) [PSYoungGen: 68512K->1408K(69120K)] 377011K->309915K(744448K), 0.0019612 secs] [Times: user=0.01 sys=0.00, real=0.00 secs] 
1105.689: [GC (Allocation Failure) [PSYoungGen: 68480K->1408K(69120K)] 376987K->309915K(744448K), 0.0020981 secs] [Times: user=0.01 sys=0.00, real=0.01 secs] 
1106.202: [GC (Allocation Failure) [PSYoungGen: 68480K->1408K(69120K)] 376987K->309915K(744448K), 0.0020842 secs] [Times: user=0.00 sys=0.00, real=0.00 secs] 
1106.584: [GC (Allocation Failure) [PSYoungGen: 68480K->1453K(69120K)] 376987K->309960K(744448K), 0.0015032 secs] [Times: user=0.00 sys=0.00, real=0.00 secs] 
1106.976: [GC (Allocation Failure) [PSYoungGen: 68525K->1520K(69120K)] 377032K->310027K(744448K), 0.0016373 secs] [Times: user=0.01 sys=0.00, real=0.00 secs] 
1107.372: [GC (Allocation Failure) [PSYoungGen: 68592K->1552K(69120K)] 377099K->310059K(744448K), 0.0015819 secs] [Times: user=0.00 sys=0.00, real=0.00 secs] 
1107.765: [GC (Allocation Failure) [PSYoungGen: 68624K->1565K(69120K)] 377131K->310088K(744448K), 0.0015394 secs] [Times: user=0.01 sys=0.00, real=0.00 secs] 
1108.413: [GC (Allocation Failure) [PSYoungGen: 68637K->1456K(69120K)] 377160K->309987K(744448K), 0.0020957 secs] [Times: user=0.01 sys=0.00, real=0.00 secs] 
1108.964: [GC (Allocation Failure) [PSYoungGen: 68528K->1408K(69120K)] 377059K->309939K(744448K), 0.0026156 secs] [Times: user=0.01 sys=0.00, real=0.00 secs] 
1109.586: [GC (Allocation Failure) [PSYoungGen: 68480K->1408K(69120K)] 377011K->309939K(744448K), 0.0026176 secs] [Times: user=0.01 sys=0.00, real=0.00 secs] 
1110.019: [GC (Allocation Failure) [PSYoungGen: 68480K->1376K(69120K)] 377011K->309907K(744448K), 0.0020949 secs] [Times: user=0.01 sys=0.00, real=0.01 secs] 
1110.535: [GC (Allocation Failure) [PSYoungGen: 68448K->1469K(69120K)] 376979K->310000K(744448K), 0.0016098 secs] [Times: user=0.01 sys=0.00, real=0.00 secs] 
1110.985: [GC (Allocation Failure) [PSYoungGen: 68541K->1584K(69120K)] 377072K->310115K(744448K), 0.0015202 secs] [Times: user=0.01 sys=0.00, real=0.00 secs] 
1111.380: [GC (Allocation Failure) [PSYoungGen: 68656K->1565K(69120K)] 377187K->310096K(744448K), 0.0015101 secs] [Times: user=0.01 sys=0.00, real=0.00 secs] 
1111.774: [GC (Allocation Failure) [PSYoungGen: 68637K->1584K(69120K)] 377168K->310131K(744448K), 0.0016789 secs] [Times: user=0.00 sys=0.00, real=0.00 secs] 
1112.400: [GC (Allocation Failure) [PSYoungGen: 68656K->1408K(69120K)] 377203K->309955K(744448K), 0.0029713 secs] [Times: user=0.01 sys=0.00, real=0.01 secs] 
1112.881: [GC (Allocation Failure) [PSYoungGen: 68480K->1408K(69120K)] 377027K->309955K(744448K), 0.0019520 secs] [Times: user=0.01 sys=0.00, real=0.00 secs] 
1113.160: [GC (Allocation Failure) [PSYoungGen: 68480K->1408K(69120K)] 377027K->309955K(744448K), 0.0019457 secs] [Times: user=0.01 sys=0.00, real=0.01 secs] 
1113.439: [GC (Allocation Failure) [PSYoungGen: 68480K->1376K(69120K)] 377027K->309923K(744448K), 0.0019194 secs] [Times: user=0.01 sys=0.00, real=0.01 secs] 
1113.819: [GC (Allocation Failure) [PSYoungGen: 68448K->1501K(69120K)] 376995K->310048K(744448K), 0.0015126 secs] [Times: user=0.00 sys=0.00, real=0.01 secs] 
1114.212: [GC (Allocation Failure) [PSYoungGen: 68573K->1533K(69120K)] 377120K->310080K(744448K), 0.0015756 secs] [Times: user=0.01 sys=0.00, real=0.00 secs] 
1114.603: [GC (Allocation Failure) [PSYoungGen: 68590K->1565K(69120K)] 377137K->310112K(744448K), 0.0015619 secs] [Times: user=0.01 sys=0.00, real=0.00 secs] 
1114.996: [GC (Allocation Failure) [PSYoungGen: 68637K->1552K(69120K)] 377184K->310123K(744448K), 0.0015214 secs] [Times: user=0.00 sys=0.00, real=0.00 secs] 
1115.630: [GC (Allocation Failure) [PSYoungGen: 68624K->1408K(69120K)] 377195K->309979K(744448K), 0.0025599 secs] [Times: user=0.01 sys=0.00, real=0.00 secs] 
1116.006: [GC (Allocation Failure) [PSYoungGen: 68480K->1408K(69120K)] 377051K->309979K(744448K), 0.0025620 secs] [Times: user=0.01 sys=0.00, real=0.00 secs] 
1116.551: [GC (Allocation Failure) [PSYoungGen: 68480K->1408K(69120K)] 377051K->309979K(744448K), 0.0024683 secs] [Times: user=0.01 sys=0.00, real=0.00 secs] 
1117.159: [GC (Allocation Failure) [PSYoungGen: 68480K->1360K(69120K)] 377051K->309931K(744448K), 0.0023634 secs] [Times: user=0.01 sys=0.01, real=0.01 secs] 
1117.705: [GC (Allocation Failure) [PSYoungGen: 68432K->1501K(69120K)] 377003K->310072K(744448K), 0.0015039 secs] [Times: user=0.01 sys=0.00, real=0.00 secs] 
1118.097: [GC (Allocation Failure) [PSYoungGen: 68573K->1533K(69120K)] 377144K->310104K(744448K), 0.0015715 secs] [Times: user=0.00 sys=0.00, real=0.00 secs] 
1118.490: [GC (Allocation Failure) [PSYoungGen: 68605K->1552K(69120K)] 377176K->310123K(744448K), 0.0015474 secs] [Times: user=0.00 sys=0.00, real=0.00 secs] 
1118.902: [GC (Allocation Failure) [PSYoungGen: 68624K->2016K(69120K)] 377195K->310587K(744448K), 0.0018431 secs] [Times: user=0.01 sys=0.00, real=0.00 secs] 
1119.186: [GC (Allocation Failure) [PSYoungGen: 69088K->1376K(69120K)] 377659K->309947K(744448K), 0.0015489 secs] [Times: user=0.01 sys=0.00, real=0.00 secs] 
1119.464: [GC (Allocation Failure) [PSYoungGen: 68448K->1408K(69120K)] 377019K->309979K(744448K), 0.0015869 secs] [Times: user=0.01 sys=0.00, real=0.00 secs] 
1119.854: [GC (Allocation Failure) [PSYoungGen: 68480K->1376K(69120K)] 377051K->309947K(744448K), 0.0017872 secs] [Times: user=0.01 sys=0.00, real=0.00 secs] 
1120.604: [GC (Allocation Failure) [PSYoungGen: 68448K->1376K(69120K)] 377019K->309947K(744448K), 0.0022972 secs] [Times: user=0.01 sys=0.00, real=0.00 secs] 
1121.069: [GC (Allocation Failure) [PSYoungGen: 68448K->1565K(69120K)] 377019K->310136K(744448K), 0.0016120 secs] [Times: user=0.01 sys=0.00, real=0.01 secs] 
1121.461: [GC (Allocation Failure) [PSYoungGen: 68637K->1584K(69120K)] 377208K->310155K(744448K), 0.0017466 secs] [Times: user=0.01 sys=0.00, real=0.00 secs] 
1121.915: [GC (Allocation Failure) [PSYoungGen: 68656K->1584K(69120K)] 377227K->310155K(744448K), 0.0017478 secs] [Times: user=0.01 sys=0.00, real=0.00 secs] 
1122.869: [GC (Allocation Failure) [PSYoungGen: 68656K->1488K(69120K)] 377227K->310059K(744448K), 0.0088938 secs] [Times: user=0.04 sys=0.00, real=0.01 secs] 
1123.625: [GC (Allocation Failure) [PSYoungGen: 68560K->1408K(69120K)] 377131K->309979K(744448K), 0.0037619 secs] [Times: user=0.01 sys=0.00, real=0.00 secs] 
1124.234: [GC (Allocation Failure) [PSYoungGen: 68480K->1376K(69120K)] 377051K->309947K(744448K), 0.0029214 secs] [Times: user=0.02 sys=0.00, real=0.00 secs] 
1124.824: [GC (Allocation Failure) [PSYoungGen: 68448K->1408K(69120K)] 377019K->309979K(744448K), 0.0024707 secs] [Times: user=0.01 sys=0.00, real=0.00 secs] 
1125.532: [GC (Allocation Failure) [PSYoungGen: 68480K->1469K(69120K)] 377051K->310040K(744448K), 0.0022501 secs] [Times: user=0.01 sys=0.00, real=0.00 secs] 
1125.958: [GC (Allocation Failure) [PSYoungGen: 68541K->1501K(69120K)] 377112K->310072K(744448K), 0.0016123 secs] [Times: user=0.01 sys=0.00, real=0.00 secs] 
1126.349: [GC (Allocation Failure) [PSYoungGen: 68573K->1565K(69120K)] 377144K->310160K(744448K), 0.0015193 secs] [Times: user=0.01 sys=0.00, real=0.01 secs] 
1126.742: [GC (Allocation Failure) [PSYoungGen: 68637K->1520K(69120K)] 377232K->310131K(744448K), 0.0015095 secs] [Times: user=0.01 sys=0.00, real=0.00 secs] 
1127.199: [GC (Allocation Failure) [PSYoungGen: 68592K->1472K(69120K)] 377203K->310083K(744448K), 0.0028856 secs] [Times: user=0.00 sys=0.00, real=0.01 secs] 
1127.488: [GC (Allocation Failure) [PSYoungGen: 68544K->1440K(69120K)] 377155K->310051K(744448K), 0.0018410 secs] [Times: user=0.00 sys=0.00, real=0.00 secs] 
1127.974: [GC (Allocation Failure) [PSYoungGen: 68512K->1344K(69120K)] 377123K->309955K(744448K), 0.0018376 secs] [Times: user=0.01 sys=0.00, real=0.00 secs] 
1128.502: [GC (Allocation Failure) [PSYoungGen: 68416K->1376K(69120K)] 377027K->309987K(744448K), 0.0018272 secs] [Times: user=0.01 sys=0.00, real=0.00 secs] 
1129.218: [GC (Allocation Failure) [PSYoungGen: 68448K->1469K(69120K)] 377059K->310080K(744448K), 0.0017044 secs] [Times: user=0.01 sys=0.00, real=0.00 secs] 
1129.616: [GC (Allocation Failure) [PSYoungGen: 68541K->1584K(69120K)] 377152K->310195K(744448K), 0.0015552 secs] [Times: user=0.01 sys=0.00, real=0.00 secs] 
1130.008: [GC (Allocation Failure) [PSYoungGen: 68656K->1552K(69120K)] 377267K->310163K(744448K), 0.0015334 secs] [Times: user=0.01 sys=0.00, real=0.00 secs] 
1130.402: [GC (Allocation Failure) [PSYoungGen: 68624K->1552K(69120K)] 377235K->310179K(744448K), 0.0015618 secs] [Times: user=0.00 sys=0.00, real=0.00 secs] 
1130.748: [GC (Allocation Failure) [PSYoungGen: 68624K->1424K(69120K)] 377251K->310051K(744448K), 0.0023878 secs] [Times: user=0.00 sys=0.00, real=0.01 secs] 
1131.064: [GC (Allocation Failure) [PSYoungGen: 68496K->1376K(69120K)] 377123K->310003K(744448K), 0.0020203 secs] [Times: user=0.01 sys=0.00, real=0.00 secs] 
1131.343: [GC (Allocation Failure) [PSYoungGen: 68448K->1344K(69120K)] 377075K->309971K(744448K), 0.0018662 secs] [Times: user=0.01 sys=0.00, real=0.00 secs] 
1131.650: [GC (Allocation Failure) [PSYoungGen: 68416K->1344K(69120K)] 377043K->309971K(744448K), 0.0018823 secs] [Times: user=0.01 sys=0.00, real=0.01 secs] 
1132.024: [GC (Allocation Failure) [PSYoungGen: 68416K->1501K(69120K)] 377043K->310128K(744448K), 0.0015539 secs] [Times: user=0.00 sys=0.00, real=0.00 secs] 
1132.421: [GC (Allocation Failure) [PSYoungGen: 68573K->1533K(69120K)] 377200K->310160K(744448K), 0.0015926 secs] [Times: user=0.00 sys=0.00, real=0.00 secs] 
1132.814: [GC (Allocation Failure) [PSYoungGen: 68605K->1536K(69120K)] 377232K->310163K(744448K), 0.0016563 secs] [Times: user=0.00 sys=0.00, real=0.00 secs] 
1133.273: [GC (Allocation Failure) [PSYoungGen: 68608K->1533K(69120K)] 377235K->310176K(744448K), 0.0017299 secs] [Times: user=0.01 sys=0.00, real=0.00 secs] 
1134.161: [GC (Allocation Failure) [PSYoungGen: 68605K->1456K(69120K)] 377248K->310099K(744448K), 0.0030034 secs] [Times: user=0.02 sys=0.00, real=0.00 secs] 
1134.437: [GC (Allocation Failure) [PSYoungGen: 68528K->1440K(69120K)] 377171K->310083K(744448K), 0.0019015 secs] [Times: user=0.01 sys=0.00, real=0.00 secs] 
1134.716: [GC (Allocation Failure) [PSYoungGen: 68512K->1408K(69120K)] 377155K->310067K(744448K), 0.0019230 secs] [Times: user=0.01 sys=0.00, real=0.00 secs] 
1134.994: [GC (Allocation Failure) [PSYoungGen: 68480K->1376K(69120K)] 377139K->310035K(744448K), 0.0018544 secs] [Times: user=0.00 sys=0.00, real=0.00 secs] 
1135.386: [GC (Allocation Failure) [PSYoungGen: 68448K->1472K(69120K)] 377107K->310131K(744448K), 0.0014833 secs] [Times: user=0.01 sys=0.00, real=0.00 secs] 
1135.777: [GC (Allocation Failure) [PSYoungGen: 68544K->1552K(69120K)] 377203K->310211K(744448K), 0.0016495 secs] [Times: user=0.01 sys=0.00, real=0.00 secs] 
1136.170: [GC (Allocation Failure) [PSYoungGen: 68624K->1533K(69120K)] 377283K->310192K(744448K), 0.0016014 secs] [Times: user=0.00 sys=0.00, real=0.01 secs] 
1136.601: [GC (Allocation Failure) [PSYoungGen: 68605K->1568K(69120K)] 377264K->310235K(744448K), 0.0019683 secs] [Times: user=0.01 sys=0.00, real=0.00 secs] 
1137.450: [GC (Allocation Failure) [PSYoungGen: 68640K->1376K(69120K)] 377307K->310043K(744448K), 0.0021349 secs] [Times: user=0.01 sys=0.00, real=0.00 secs] 
1138.011: [GC (Allocation Failure) [PSYoungGen: 68448K->1376K(69120K)] 377115K->310043K(744448K), 0.0022363 secs] [Times: user=0.01 sys=0.01, real=0.00 secs] 
1138.589: [GC (Allocation Failure) [PSYoungGen: 68448K->1344K(69120K)] 377115K->310011K(744448K), 0.0020344 secs] [Times: user=0.01 sys=0.00, real=0.01 secs] 
1139.208: [GC (Allocation Failure) [PSYoungGen: 68416K->1440K(69120K)] 377083K->310107K(744448K), 0.0019587 secs] [Times: user=0.00 sys=0.00, real=0.00 secs] 
1139.724: [GC (Allocation Failure) [PSYoungGen: 68512K->1536K(69120K)] 377179K->310203K(744448K), 0.0016347 secs] [Times: user=0.00 sys=0.00, real=0.00 secs] 
1140.177: [GC (Allocation Failure) [PSYoungGen: 68608K->1533K(69120K)] 377275K->310200K(744448K), 0.0017727 secs] [Times: user=0.01 sys=0.00, real=0.00 secs] 
1140.569: [GC (Allocation Failure) [PSYoungGen: 68605K->1565K(69120K)] 377272K->310232K(744448K), 0.0017475 secs] [Times: user=0.00 sys=0.00, real=0.01 secs] 
1141.052: [GC (Allocation Failure) [PSYoungGen: 68637K->1488K(69120K)] 377304K->310155K(744448K), 0.0022225 secs] [Times: user=0.01 sys=0.00, real=0.00 secs] 
1141.699: [GC (Allocation Failure) [PSYoungGen: 68560K->1344K(69120K)] 377227K->310011K(744448K), 0.0026949 secs] [Times: user=0.01 sys=0.00, real=0.01 secs] 
1142.266: [GC (Allocation Failure) [PSYoungGen: 68416K->1376K(69120K)] 377083K->310043K(744448K), 0.0024445 secs] [Times: user=0.01 sys=0.00, real=0.00 secs] 
1142.824: [GC (Allocation Failure) [PSYoungGen: 68448K->1376K(69120K)] 377115K->310043K(744448K), 0.0026271 secs] [Times: user=0.01 sys=0.00, real=0.00 secs] 
1143.227: [GC (Allocation Failure) [PSYoungGen: 68448K->1472K(69120K)] 377115K->310139K(744448K), 0.0019224 secs] [Times: user=0.00 sys=0.01, real=0.00 secs] 
1143.643: [GC (Allocation Failure) [PSYoungGen: 68544K->1552K(69120K)] 377211K->310219K(744448K), 0.0017644 secs] [Times: user=0.00 sys=0.01, real=0.00 secs] 
1144.034: [GC (Allocation Failure) [PSYoungGen: 68624K->1584K(69120K)] 377291K->310251K(744448K), 0.0015301 secs] [Times: user=0.01 sys=0.00, real=0.00 secs] 
1144.429: [GC (Allocation Failure) [PSYoungGen: 68656K->1533K(69120K)] 377323K->310208K(744448K), 0.0015592 secs] [Times: user=0.00 sys=0.00, real=0.01 secs] 
1144.808: [GC (Allocation Failure) [PSYoungGen: 68605K->1472K(69120K)] 377280K->310147K(744448K), 0.0016933 secs] [Times: user=0.01 sys=0.00, real=0.00 secs] 
1145.135: [GC (Allocation Failure) [PSYoungGen: 68544K->1344K(69120K)] 377219K->310019K(744448K), 0.0015927 secs] [Times: user=0.01 sys=0.00, real=0.00 secs] 
1145.412: [GC (Allocation Failure) [PSYoungGen: 68416K->1408K(69120K)] 377091K->310107K(744448K), 0.0015047 secs] [Times: user=0.01 sys=0.00, real=0.00 secs] 
1145.722: [GC (Allocation Failure) [PSYoungGen: 68480K->1376K(69120K)] 377179K->310075K(744448K), 0.0016087 secs] [Times: user=0.00 sys=0.00, real=0.00 secs] 
1146.119: [GC (Allocation Failure) [PSYoungGen: 68448K->1469K(69120K)] 377147K->310168K(744448K), 0.0015783 secs] [Times: user=0.00 sys=0.00, real=0.00 secs] 
1146.568: [GC (Allocation Failure) [PSYoungGen: 68541K->1597K(69120K)] 377240K->310296K(744448K), 0.0017395 secs] [Times: user=0.01 sys=0.00, real=0.00 secs] 
1146.962: [GC (Allocation Failure) [PSYoungGen: 68669K->1520K(69120K)] 377368K->310219K(744448K), 0.0017699 secs] [Times: user=0.00 sys=0.00, real=0.00 secs] 
1147.355: [GC (Allocation Failure) [PSYoungGen: 68592K->1565K(69120K)] 377291K->310280K(744448K), 0.0015636 secs] [Times: user=0.00 sys=0.00, real=0.00 secs] 
1147.720: [GC (Allocation Failure) [PSYoungGen: 68637K->1456K(69120K)] 377352K->310171K(744448K), 0.0022128 secs] [Times: user=0.01 sys=0.00, real=0.01 secs] 
1148.000: [GC (Allocation Failure) [PSYoungGen: 68528K->1376K(69120K)] 377243K->310091K(744448K), 0.0018521 secs] [Times: user=0.00 sys=0.00, real=0.01 secs] 
1148.278: [GC (Allocation Failure) [PSYoungGen: 68448K->1376K(69120K)] 377163K->310091K(744448K), 0.0018444 secs] [Times: user=0.01 sys=0.00, real=0.00 secs] 
1148.599: [GC (Allocation Failure) [PSYoungGen: 68448K->1440K(69120K)] 377163K->310155K(744448K), 0.0017870 secs] [Times: user=0.00 sys=0.00, real=0.01 secs] 
1148.944: [GC (Allocation Failure) [PSYoungGen: 68512K->1485K(69120K)] 377227K->310200K(744448K), 0.0014328 secs] [Times: user=0.01 sys=0.00, real=0.00 secs] 
1149.337: [GC (Allocation Failure) [PSYoungGen: 68557K->1533K(69120K)] 377272K->310248K(744448K), 0.0015783 secs] [Times: user=0.01 sys=0.00, real=0.00 secs] 
1149.729: [GC (Allocation Failure) [PSYoungGen: 68605K->1565K(69120K)] 377320K->310280K(744448K), 0.0015245 secs] [Times: user=0.00 sys=0.00, real=0.01 secs] 
1150.124: [GC (Allocation Failure) [PSYoungGen: 68637K->1565K(69120K)] 377352K->310288K(744448K), 0.0016088 secs] [Times: user=0.00 sys=0.00, real=0.00 secs] 
1150.800: [GC (Allocation Failure) [PSYoungGen: 68637K->1408K(69120K)] 377360K->310131K(744448K), 0.0019242 secs] [Times: user=0.01 sys=0.00, real=0.01 secs] 
1151.349: [GC (Allocation Failure) [PSYoungGen: 68480K->1392K(69120K)] 377203K->310115K(744448K), 0.0022551 secs] [Times: user=0.01 sys=0.00, real=0.01 secs] 
1151.625: [GC (Allocation Failure) [PSYoungGen: 68464K->1408K(69120K)] 377187K->310131K(744448K), 0.0019316 secs] [Times: user=0.01 sys=0.00, real=0.00 secs] 
1151.903: [GC (Allocation Failure) [PSYoungGen: 68480K->1376K(69120K)] 377203K->310099K(744448K), 0.0017313 secs] [Times: user=0.01 sys=0.00, real=0.00 secs] 
1152.272: [GC (Allocation Failure) [PSYoungGen: 68448K->1520K(69120K)] 377171K->310243K(744448K), 0.0015815 secs] [Times: user=0.01 sys=0.00, real=0.00 secs] 
1152.665: [GC (Allocation Failure) [PSYoungGen: 68590K->1584K(69120K)] 377314K->310307K(744448K), 0.0015584 secs] [Times: user=0.00 sys=0.00, real=0.00 secs] 
1153.058: [GC (Allocation Failure) [PSYoungGen: 68656K->1565K(69120K)] 377379K->310288K(744448K), 0.0016715 secs] [Times: user=0.01 sys=0.00, real=0.00 secs] 
1153.452: [GC (Allocation Failure) [PSYoungGen: 68637K->1501K(69120K)] 377360K->310232K(744448K), 0.0016791 secs] [Times: user=0.00 sys=0.00, real=0.00 secs] 
1153.777: [GC (Allocation Failure) [PSYoungGen: 68573K->1440K(69120K)] 377304K->310171K(744448K), 0.0017895 secs] [Times: user=0.01 sys=0.00, real=0.00 secs] 
1154.055: [GC (Allocation Failure) [PSYoungGen: 68512K->1408K(69120K)] 377243K->310163K(744448K), 0.0018324 secs] [Times: user=0.01 sys=0.00, real=0.00 secs] 
1154.334: [GC (Allocation Failure) [PSYoungGen: 68480K->1376K(69120K)] 377235K->310131K(744448K), 0.0020644 secs] [Times: user=0.01 sys=0.00, real=0.00 secs] 
1154.672: [GC (Allocation Failure) [PSYoungGen: 68448K->1376K(69120K)] 377203K->310131K(744448K), 0.0017341 secs] [Times: user=0.00 sys=0.00, real=0.00 secs] 
1155.172: [GC (Allocation Failure) [PSYoungGen: 68448K->1552K(69120K)] 377203K->310307K(744448K), 0.0016779 secs] [Times: user=0.01 sys=0.00, real=0.00 secs] 
1155.564: [GC (Allocation Failure) [PSYoungGen: 68624K->1533K(69120K)] 377379K->310288K(744448K), 0.0015792 secs] [Times: user=0.00 sys=0.00, real=0.00 secs] 
1155.956: [GC (Allocation Failure) [PSYoungGen: 68605K->1581K(69120K)] 377360K->310336K(744448K), 0.0015894 secs] [Times: user=0.01 sys=0.00, real=0.00 secs] 
1156.429: [GC (Allocation Failure) [PSYoungGen: 68653K->2016K(69120K)] 377408K->310771K(744448K), 0.0018472 secs] [Times: user=0.00 sys=0.00, real=0.01 secs] 
1157.083: [GC (Allocation Failure) [PSYoungGen: 69088K->1312K(69120K)] 377843K->310067K(744448K), 0.0036734 secs] [Times: user=0.01 sys=0.00, real=0.00 secs] 
1157.583: [GC (Allocation Failure) [PSYoungGen: 68384K->1376K(69120K)] 377139K->310131K(744448K), 0.0020845 secs] [Times: user=0.00 sys=0.00, real=0.00 secs] 
1157.857: [GC (Allocation Failure) [PSYoungGen: 68448K->1408K(69120K)] 377203K->310163K(744448K), 0.0018859 secs] [Times: user=0.01 sys=0.00, real=0.00 secs] 
1158.144: [GC (Allocation Failure) [PSYoungGen: 68480K->1408K(69120K)] 377235K->310163K(744448K), 0.0018473 secs] [Times: user=0.00 sys=0.00, real=0.00 secs] 
1158.591: [GC (Allocation Failure) [PSYoungGen: 68480K->1533K(69120K)] 377235K->310288K(744448K), 0.0015031 secs] [Times: user=0.01 sys=0.00, real=0.00 secs] 
1158.983: [GC (Allocation Failure) [PSYoungGen: 68605K->1565K(69120K)] 377360K->310320K(744448K), 0.0015581 secs] [Times: user=0.01 sys=0.00, real=0.00 secs] 
1159.378: [GC (Allocation Failure) [PSYoungGen: 68637K->1552K(69120K)] 377392K->310307K(744448K), 0.0017765 secs] [Times: user=0.01 sys=0.00, real=0.01 secs] 
1159.778: [GC (Allocation Failure) [PSYoungGen: 68624K->1440K(69120K)] 377379K->310195K(744448K), 0.0017916 secs] [Times: user=0.01 sys=0.00, real=0.00 secs] 
1160.056: [GC (Allocation Failure) [PSYoungGen: 68512K->1376K(69120K)] 377267K->310131K(744448K), 0.0016359 secs] [Times: user=0.01 sys=0.00, real=0.00 secs] 
1160.335: [GC (Allocation Failure) [PSYoungGen: 68448K->1376K(69120K)] 377203K->310131K(744448K), 0.0015441 secs] [Times: user=0.00 sys=0.00, real=0.00 secs] 
1160.657: [GC (Allocation Failure) [PSYoungGen: 68448K->1376K(69120K)] 377203K->310131K(744448K), 0.0017464 secs] [Times: user=0.01 sys=0.00, real=0.00 secs] 
1160.979: [GC (Allocation Failure) [PSYoungGen: 68448K->1501K(69120K)] 377203K->310256K(744448K), 0.0015171 secs] [Times: user=0.00 sys=0.00, real=0.01 secs] 
1161.371: [GC (Allocation Failure) [PSYoungGen: 68573K->1520K(69120K)] 377328K->310275K(744448K), 0.0015961 secs] [Times: user=0.01 sys=0.00, real=0.00 secs] 
1161.766: [GC (Allocation Failure) [PSYoungGen: 68592K->1552K(69120K)] 377347K->310307K(744448K), 0.0016885 secs] [Times: user=0.01 sys=0.00, real=0.00 secs] 
1162.158: [GC (Allocation Failure) [PSYoungGen: 68624K->1533K(69120K)] 377379K->310296K(744448K), 0.0015337 secs] [Times: user=0.01 sys=0.00, real=0.00 secs] 
1162.695: [GC (Allocation Failure) [PSYoungGen: 68605K->1488K(69120K)] 377368K->310259K(744448K), 0.0017970 secs] [Times: user=0.00 sys=0.00, real=0.00 secs] 
1163.253: [GC (Allocation Failure) [PSYoungGen: 68560K->1344K(69120K)] 377331K->310115K(744448K), 0.0032744 secs] [Times: user=0.01 sys=0.00, real=0.00 secs] 
1163.861: [GC (Allocation Failure) [PSYoungGen: 68416K->1376K(69120K)] 377187K->310147K(744448K), 0.0025151 secs] [Times: user=0.01 sys=0.00, real=0.00 secs] 
1164.242: [GC (Allocation Failure) [PSYoungGen: 68448K->1376K(69120K)] 377219K->310179K(744448K), 0.0018077 secs] [Times: user=0.01 sys=0.00, real=0.00 secs] 
1164.579: [GC (Allocation Failure) [PSYoungGen: 68448K->1485K(69120K)] 377251K->310288K(744448K), 0.0015380 secs] [Times: user=0.01 sys=0.00, real=0.01 secs] 
1164.971: [GC (Allocation Failure) [PSYoungGen: 68557K->1533K(69120K)] 377360K->310336K(744448K), 0.0016330 secs] [Times: user=0.00 sys=0.00, real=0.00 secs] 
1165.365: [GC (Allocation Failure) [PSYoungGen: 68605K->1584K(69120K)] 377408K->310387K(744448K), 0.0016611 secs] [Times: user=0.00 sys=0.00, real=0.00 secs] 
1165.758: [GC (Allocation Failure) [PSYoungGen: 68656K->1565K(69120K)] 377459K->310376K(744448K), 0.0016020 secs] [Times: user=0.01 sys=0.00, real=0.00 secs] 
1166.138: [GC (Allocation Failure) [PSYoungGen: 68637K->1440K(69120K)] 377448K->310259K(744448K), 0.0018511 secs] [Times: user=0.01 sys=0.00, real=0.00 secs] 
1166.439: [GC (Allocation Failure) [PSYoungGen: 68512K->1408K(69120K)] 377331K->310227K(744448K), 0.0019669 secs] [Times: user=0.01 sys=0.00, real=0.01 secs] 
1166.719: [GC (Allocation Failure) [PSYoungGen: 68480K->1376K(69120K)] 377299K->310195K(744448K), 0.0017124 secs] [Times: user=0.01 sys=0.00, real=0.01 secs] 
1167.118: [GC (Allocation Failure) [PSYoungGen: 68448K->1344K(69120K)] 377267K->310163K(744448K), 0.0020083 secs] [Times: user=0.01 sys=0.00, real=0.00 secs] 
1167.588: [GC (Allocation Failure) [PSYoungGen: 68416K->1485K(69120K)] 377235K->310304K(744448K), 0.0015287 secs] [Times: user=0.01 sys=0.00, real=0.00 secs] 
1168.041: [GC (Allocation Failure) [PSYoungGen: 68557K->1520K(69120K)] 377376K->310339K(744448K), 0.0017828 secs] [Times: user=0.01 sys=0.00, real=0.00 secs] 
1168.493: [GC (Allocation Failure) [PSYoungGen: 68560K->1581K(69120K)] 377379K->310400K(744448K), 0.0015846 secs] [Times: user=0.01 sys=0.00, real=0.00 secs] 
1168.921: [GC (Allocation Failure) [PSYoungGen: 68653K->1565K(69120K)] 377472K->310400K(744448K), 0.0017596 secs] [Times: user=0.00 sys=0.00, real=0.00 secs] 
1169.351: [GC (Allocation Failure) [PSYoungGen: 68637K->1392K(69120K)] 377472K->310227K(744448K), 0.0018422 secs] [Times: user=0.01 sys=0.00, real=0.00 secs] 
1169.842: [GC (Allocation Failure) [PSYoungGen: 68464K->1376K(69120K)] 377299K->310211K(744448K), 0.0016901 secs] [Times: user=0.01 sys=0.01, real=0.00 secs] 
1170.400: [GC (Allocation Failure) [PSYoungGen: 68448K->1408K(69120K)] 377283K->310243K(744448K), 0.0019638 secs] [Times: user=0.01 sys=0.00, real=0.01 secs] 
1171.000: [GC (Allocation Failure) [PSYoungGen: 68480K->1408K(69120K)] 377315K->310243K(744448K), 0.0019575 secs] [Times: user=0.00 sys=0.00, real=0.01 secs] 
1171.606: [GC (Allocation Failure) [PSYoungGen: 68480K->1504K(69120K)] 377315K->310339K(744448K), 0.0017171 secs] [Times: user=0.00 sys=0.00, real=0.00 secs] 
1171.997: [GC (Allocation Failure) [PSYoungGen: 68547K->1565K(69120K)] 377382K->310400K(744448K), 0.0015723 secs] [Times: user=0.01 sys=0.00, real=0.00 secs] 
1172.390: [GC (Allocation Failure) [PSYoungGen: 68637K->1533K(69120K)] 377472K->310368K(744448K), 0.0015420 secs] [Times: user=0.01 sys=0.00, real=0.01 secs] 
1172.864: [GC (Allocation Failure) [PSYoungGen: 68605K->1584K(69120K)] 377440K->310435K(744448K), 0.0017216 secs] [Times: user=0.01 sys=0.00, real=0.00 secs] 
1173.379: [GC (Allocation Failure) [PSYoungGen: 68656K->1408K(69120K)] 377507K->310259K(744448K), 0.0018402 secs] [Times: user=0.01 sys=0.00, real=0.01 secs] 
1173.751: [GC (Allocation Failure) [PSYoungGen: 68480K->1408K(69120K)] 377331K->310259K(744448K), 0.0019013 secs] [Times: user=0.01 sys=0.00, real=0.00 secs] 
1174.472: [GC (Allocation Failure) [PSYoungGen: 68480K->1376K(69120K)] 377331K->310227K(744448K), 0.0021364 secs] [Times: user=0.01 sys=0.00, real=0.00 secs] 
1175.029: [GC (Allocation Failure) [PSYoungGen: 68448K->1408K(69120K)] 377299K->310259K(744448K), 0.0019415 secs] [Times: user=0.01 sys=0.00, real=0.01 secs] 
1175.475: [GC (Allocation Failure) [PSYoungGen: 68480K->1552K(69120K)] 377331K->310403K(744448K), 0.0015213 secs] [Times: user=0.00 sys=0.00, real=0.00 secs] 
1175.866: [GC (Allocation Failure) [PSYoungGen: 68624K->1552K(69120K)] 377475K->310419K(744448K), 0.0016404 secs] [Times: user=0.01 sys=0.00, real=0.00 secs] 
1176.260: [GC (Allocation Failure) [PSYoungGen: 68624K->1552K(69120K)] 377491K->310419K(744448K), 0.0016231 secs] [Times: user=0.01 sys=0.00, real=0.01 secs] 
1176.734: [GC (Allocation Failure) [PSYoungGen: 68624K->1520K(69120K)] 377491K->310395K(744448K), 0.0019938 secs] [Times: user=0.01 sys=0.00, real=0.00 secs] 
1177.051: [GC (Allocation Failure) [PSYoungGen: 68592K->1408K(69120K)] 377467K->310283K(744448K), 0.0018317 secs] [Times: user=0.01 sys=0.00, real=0.00 secs] 
1177.384: [GC (Allocation Failure) [PSYoungGen: 68480K->1376K(69120K)] 377355K->310251K(744448K), 0.0019763 secs] [Times: user=0.01 sys=0.00, real=0.00 secs] 
1177.677: [GC (Allocation Failure) [PSYoungGen: 68448K->1408K(69120K)] 377323K->310283K(744448K), 0.0022204 secs] [Times: user=0.01 sys=0.00, real=0.00 secs] 
1177.975: [GC (Allocation Failure) [PSYoungGen: 68480K->1469K(69120K)] 377355K->310344K(744448K), 0.0019876 secs] [Times: user=0.01 sys=0.00, real=0.00 secs] 
1178.381: [GC (Allocation Failure) [PSYoungGen: 68541K->1565K(69120K)] 377416K->310440K(744448K), 0.0015391 secs] [Times: user=0.00 sys=0.00, real=0.00 secs] 
1178.774: [GC (Allocation Failure) [PSYoungGen: 68637K->1533K(69120K)] 377512K->310408K(744448K), 0.0015823 secs] [Times: user=0.01 sys=0.00, real=0.00 secs] 
1179.166: [GC (Allocation Failure) [PSYoungGen: 68605K->1568K(69120K)] 377480K->310459K(744448K), 0.0015592 secs] [Times: user=0.01 sys=0.00, real=0.00 secs] 
1179.549: [GC (Allocation Failure) [PSYoungGen: 68640K->1472K(69120K)] 377531K->310371K(744448K), 0.0019698 secs] [Times: user=0.01 sys=0.00, real=0.01 secs] 
1179.829: [GC (Allocation Failure) [PSYoungGen: 68544K->1408K(69120K)] 377443K->310307K(744448K), 0.0018375 secs] [Times: user=0.01 sys=0.00, real=0.01 secs] 
1180.108: [GC (Allocation Failure) [PSYoungGen: 68480K->1408K(69120K)] 377379K->310307K(744448K), 0.0022032 secs] [Times: user=0.01 sys=0.00, real=0.00 secs] 
1180.387: [GC (Allocation Failure) [PSYoungGen: 68480K->1424K(69120K)] 377379K->310323K(744448K), 0.0019134 secs] [Times: user=0.01 sys=0.00, real=0.00 secs] 
1180.724: [GC (Allocation Failure) [PSYoungGen: 68496K->1453K(69120K)] 377395K->310352K(744448K), 0.0015896 secs] [Times: user=0.01 sys=0.00, real=0.00 secs] 
1181.114: [GC (Allocation Failure) [PSYoungGen: 68525K->1565K(69120K)] 377424K->310464K(744448K), 0.0016516 secs] [Times: user=0.01 sys=0.00, real=0.00 secs] 
1181.509: [GC (Allocation Failure) [PSYoungGen: 68637K->1520K(69120K)] 377536K->310419K(744448K), 0.0015129 secs] [Times: user=0.01 sys=0.00, real=0.00 secs] 
1181.962: [GC (Allocation Failure) [PSYoungGen: 68592K->1533K(69120K)] 377491K->310440K(744448K), 0.0016346 secs] [Times: user=0.00 sys=0.00, real=0.00 secs] 
1182.733: [GC (Allocation Failure) [PSYoungGen: 68605K->1472K(69120K)] 377512K->310379K(744448K), 0.0027876 secs] [Times: user=0.01 sys=0.00, real=0.00 secs] 
1183.182: [GC (Allocation Failure) [PSYoungGen: 68544K->1408K(69120K)] 377451K->310315K(744448K), 0.0019574 secs] [Times: user=0.01 sys=0.00, real=0.00 secs] 
1183.461: [GC (Allocation Failure) [PSYoungGen: 68480K->1408K(69120K)] 377387K->310315K(744448K), 0.0019727 secs] [Times: user=0.01 sys=0.00, real=0.00 secs] 
1183.801: [GC (Allocation Failure) [PSYoungGen: 68480K->1408K(69120K)] 377387K->310315K(744448K), 0.0018806 secs] [Times: user=0.01 sys=0.00, real=0.00 secs] 
1184.190: [GC (Allocation Failure) [PSYoungGen: 68480K->1517K(69120K)] 377387K->310448K(744448K), 0.0015911 secs] [Times: user=0.01 sys=0.00, real=0.00 secs] 
1184.594: [GC (Allocation Failure) [PSYoungGen: 68589K->1520K(69120K)] 377520K->310451K(744448K), 0.0015052 secs] [Times: user=0.01 sys=0.00, real=0.00 secs] 
1184.985: [GC (Allocation Failure) [PSYoungGen: 68592K->1552K(69120K)] 377523K->310483K(744448K), 0.0017313 secs] [Times: user=0.01 sys=0.00, real=0.00 secs] 
1185.378: [GC (Allocation Failure) [PSYoungGen: 68624K->1520K(69120K)] 377555K->310467K(744448K), 0.0015309 secs] [Times: user=0.01 sys=0.00, real=0.00 secs] 
1186.170: [GC (Allocation Failure) [PSYoungGen: 68592K->1408K(69120K)] 377539K->310363K(744448K), 0.0026508 secs] [Times: user=0.01 sys=0.00, real=0.01 secs] 
1186.488: [GC (Allocation Failure) [PSYoungGen: 68480K->1392K(69120K)] 377435K->310347K(744448K), 0.0022421 secs] [Times: user=0.01 sys=0.01, real=0.01 secs] 
1186.768: [GC (Allocation Failure) [PSYoungGen: 68464K->1408K(69120K)] 377419K->310363K(744448K), 0.0017229 secs] [Times: user=0.01 sys=0.00, real=0.00 secs] 
1187.060: [GC (Allocation Failure) [PSYoungGen: 68480K->1408K(69120K)] 377435K->310363K(744448K), 0.0017879 secs] [Times: user=0.01 sys=0.00, real=0.01 secs] 
1187.460: [GC (Allocation Failure) [PSYoungGen: 68480K->1501K(69120K)] 377435K->310456K(744448K), 0.0014712 secs] [Times: user=0.00 sys=0.00, real=0.01 secs] 
1187.853: [GC (Allocation Failure) [PSYoungGen: 68573K->1488K(69120K)] 377528K->310443K(744448K), 0.0017444 secs] [Times: user=0.00 sys=0.00, real=0.00 secs] 
1188.311: [GC (Allocation Failure) [PSYoungGen: 68560K->1581K(69120K)] 377515K->310536K(744448K), 0.0016061 secs] [Times: user=0.00 sys=0.00, real=0.00 secs] 
1188.762: [GC (Allocation Failure) [PSYoungGen: 68653K->1552K(69120K)] 377608K->310523K(744448K), 0.0016912 secs] [Times: user=0.00 sys=0.00, real=0.00 secs] 
1190.546: [GC (Allocation Failure) [PSYoungGen: 68624K->1440K(69120K)] 377595K->310411K(744448K), 0.0028999 secs] [Times: user=0.01 sys=0.00, real=0.00 secs] 
1191.470: [GC (Allocation Failure) [PSYoungGen: 68512K->1344K(69120K)] 377483K->310315K(744448K), 0.0029168 secs] [Times: user=0.01 sys=0.00, real=0.01 secs] 
1191.958: [GC (Allocation Failure) [PSYoungGen: 68416K->1328K(69120K)] 377387K->310299K(744448K), 0.0021954 secs] [Times: user=0.01 sys=0.00, real=0.01 secs] 
1192.237: [GC (Allocation Failure) [PSYoungGen: 68400K->1408K(69120K)] 377371K->310379K(744448K), 0.0018695 secs] [Times: user=0.01 sys=0.00, real=0.00 secs] 
1192.664: [GC (Allocation Failure) [PSYoungGen: 68480K->1488K(69120K)] 377451K->310459K(744448K), 0.0015956 secs] [Times: user=0.00 sys=0.00, real=0.00 secs] 
1193.062: [GC (Allocation Failure) [PSYoungGen: 68560K->1533K(69120K)] 377531K->310504K(744448K), 0.0016707 secs] [Times: user=0.00 sys=0.00, real=0.00 secs] 
1193.454: [GC (Allocation Failure) [PSYoungGen: 68605K->1565K(69120K)] 377576K->310536K(744448K), 0.0016051 secs] [Times: user=0.01 sys=0.00, real=0.00 secs] 
1194.016: [GC (Allocation Failure) [PSYoungGen: 68637K->2032K(69120K)] 377608K->311019K(744448K), 0.0021593 secs] [Times: user=0.01 sys=0.00, real=0.00 secs] 
1195.111: [GC (Allocation Failure) [PSYoungGen: 69104K->1408K(69120K)] 378091K->310395K(744448K), 0.0038773 secs] [Times: user=0.02 sys=0.00, real=0.00 secs] 
1196.046: [GC (Allocation Failure) [PSYoungGen: 68480K->1376K(69120K)] 377467K->310363K(744448K), 0.0030153 secs] [Times: user=0.01 sys=0.00, real=0.00 secs] 
1196.705: [GC (Allocation Failure) [PSYoungGen: 68448K->1376K(69120K)] 377435K->310363K(744448K), 0.0027301 secs] [Times: user=0.01 sys=0.00, real=0.00 secs] 
1197.179: [GC (Allocation Failure) [PSYoungGen: 68448K->1376K(69120K)] 377435K->310363K(744448K), 0.0023354 secs] [Times: user=0.00 sys=0.00, real=0.01 secs] 
1197.642: [GC (Allocation Failure) [PSYoungGen: 68448K->1533K(69120K)] 377435K->310520K(744448K), 0.0015582 secs] [Times: user=0.01 sys=0.00, real=0.00 secs] 
1198.038: [GC (Allocation Failure) [PSYoungGen: 68605K->1565K(69120K)] 377592K->310568K(744448K), 0.0015855 secs] [Times: user=0.01 sys=0.00, real=0.00 secs] 
1198.433: [GC (Allocation Failure) [PSYoungGen: 68637K->1549K(69120K)] 377640K->310552K(744448K), 0.0015436 secs] [Times: user=0.01 sys=0.00, real=0.00 secs] 
1201.783: [GC (Allocation Failure) [PSYoungGen: 68621K->1488K(69120K)] 377624K->310491K(744448K), 0.0042790 secs] [Times: user=0.02 sys=0.00, real=0.00 secs] 
1202.698: [GC (Allocation Failure) [PSYoungGen: 68560K->1376K(69120K)] 377563K->310379K(744448K), 0.0031054 secs] [Times: user=0.01 sys=0.00, real=0.01 secs] 
1203.871: [GC (Allocation Failure) [PSYoungGen: 68448K->1376K(69120K)] 377451K->310379K(744448K), 0.0023527 secs] [Times: user=0.01 sys=0.00, real=0.00 secs] 
1204.703: [GC (Allocation Failure) [PSYoungGen: 68448K->1344K(69120K)] 377451K->310347K(744448K), 0.0026476 secs] [Times: user=0.01 sys=0.00, real=0.00 secs] 
1205.463: [GC (Allocation Failure) [PSYoungGen: 68416K->1437K(69120K)] 377419K->310448K(744448K), 0.0019485 secs] [Times: user=0.00 sys=0.00, real=0.00 secs] 
1205.875: [GC (Allocation Failure) [PSYoungGen: 68509K->1616K(69120K)] 377520K->310627K(744448K), 0.0017442 secs] [Times: user=0.01 sys=0.00, real=0.00 secs] 
1206.266: [GC (Allocation Failure) [PSYoungGen: 68688K->1584K(69120K)] 377699K->310595K(744448K), 0.0016484 secs] [Times: user=0.00 sys=0.00, real=0.00 secs] 
1206.659: [GC (Allocation Failure) [PSYoungGen: 68656K->1584K(69120K)] 377667K->310603K(744448K), 0.0016443 secs] [Times: user=0.01 sys=0.00, real=0.01 secs] 
1207.536: [GC (Allocation Failure) [PSYoungGen: 68656K->1520K(69120K)] 377675K->310539K(744448K), 0.0023833 secs] [Times: user=0.01 sys=0.00, real=0.00 secs] 
1208.117: [GC (Allocation Failure) [PSYoungGen: 68592K->1472K(69120K)] 377611K->310491K(744448K), 0.0022665 secs] [Times: user=0.00 sys=0.00, real=0.00 secs] 
1208.675: [GC (Allocation Failure) [PSYoungGen: 68544K->1424K(69120K)] 377563K->310443K(744448K), 0.0022453 secs] [Times: user=0.01 sys=0.00, real=0.00 secs] 
1209.284: [GC (Allocation Failure) [PSYoungGen: 68496K->1408K(69120K)] 377515K->310427K(744448K), 0.0018775 secs] [Times: user=0.01 sys=0.00, real=0.00 secs] 
1209.818: [GC (Allocation Failure) [PSYoungGen: 68468K->1501K(69120K)] 377487K->310520K(744448K), 0.0015776 secs] [Times: user=0.01 sys=0.00, real=0.00 secs] 
1210.210: [GC (Allocation Failure) [PSYoungGen: 68573K->1597K(69120K)] 377592K->310616K(744448K), 0.0015608 secs] [Times: user=0.01 sys=0.00, real=0.01 secs] 
1210.603: [GC (Allocation Failure) [PSYoungGen: 68669K->1584K(69120K)] 377688K->310619K(744448K), 0.0016961 secs] [Times: user=0.00 sys=0.00, real=0.00 secs] 
1210.994: [GC (Allocation Failure) [PSYoungGen: 68656K->1616K(69120K)] 377691K->310667K(744448K), 0.0016931 secs] [Times: user=0.01 sys=0.00, real=0.00 secs] 
1211.661: [GC (Allocation Failure) [PSYoungGen: 68688K->1408K(69120K)] 377739K->310459K(744448K), 0.0021798 secs] [Times: user=0.01 sys=0.00, real=0.00 secs] 
1212.789: [GC (Allocation Failure) [PSYoungGen: 68480K->1440K(69120K)] 377531K->310491K(744448K), 0.0026497 secs] [Times: user=0.01 sys=0.00, real=0.01 secs] 
1213.627: [GC (Allocation Failure) [PSYoungGen: 68512K->1440K(69120K)] 377563K->310491K(744448K), 0.0021337 secs] [Times: user=0.01 sys=0.00, real=0.00 secs] 
1214.203: [GC (Allocation Failure) [PSYoungGen: 68512K->1408K(69120K)] 377563K->310467K(744448K), 0.0018687 secs] [Times: user=0.00 sys=0.00, real=0.00 secs] 
1215.015: [GC (Allocation Failure) [PSYoungGen: 68480K->1485K(69120K)] 377539K->310544K(744448K), 0.0024425 secs] [Times: user=0.01 sys=0.00, real=0.00 secs] 
1215.487: [GC (Allocation Failure) [PSYoungGen: 68557K->1533K(69120K)] 377616K->310592K(744448K), 0.0015565 secs] [Times: user=0.01 sys=0.00, real=0.00 secs] 
1215.943: [GC (Allocation Failure) [PSYoungGen: 68605K->1533K(69120K)] 377664K->310592K(744448K), 0.0017221 secs] [Times: user=0.01 sys=0.00, real=0.00 secs] 
1216.398: [GC (Allocation Failure) [PSYoungGen: 68605K->1565K(69120K)] 377664K->310632K(744448K), 0.0017483 secs] [Times: user=0.01 sys=0.00, real=0.00 secs] 
1216.957: [GC (Allocation Failure) [PSYoungGen: 68637K->1440K(69120K)] 377704K->310507K(744448K), 0.0025176 secs] [Times: user=0.01 sys=0.00, real=0.00 secs] 
1217.410: [GC (Allocation Failure) [PSYoungGen: 68512K->1376K(69120K)] 377579K->310451K(744448K), 0.0024782 secs] [Times: user=0.01 sys=0.00, real=0.01 secs] 
1218.039: [GC (Allocation Failure) [PSYoungGen: 68448K->1376K(69120K)] 377523K->310451K(744448K), 0.0023896 secs] [Times: user=0.01 sys=0.00, real=0.01 secs] 
1218.613: [GC (Allocation Failure) [PSYoungGen: 68448K->1376K(69120K)] 377523K->310459K(744448K), 0.0026781 secs] [Times: user=0.01 sys=0.00, real=0.00 secs] 
1219.366: [GC (Allocation Failure) [PSYoungGen: 68448K->1469K(69120K)] 377531K->310552K(744448K), 0.0015901 secs] [Times: user=0.00 sys=0.00, real=0.00 secs] 
1219.819: [GC (Allocation Failure) [PSYoungGen: 68541K->1533K(69120K)] 377624K->310616K(744448K), 0.0017816 secs] [Times: user=0.01 sys=0.00, real=0.01 secs] 
1220.274: [GC (Allocation Failure) [PSYoungGen: 68605K->1552K(69120K)] 377688K->310635K(744448K), 0.0017792 secs] [Times: user=0.01 sys=0.00, real=0.00 secs] 
1220.663: [GC (Allocation Failure) [PSYoungGen: 68624K->1616K(69120K)] 377707K->310699K(744448K), 0.0016831 secs] [Times: user=0.01 sys=0.00, real=0.00 secs] 
1220.940: [GC (Allocation Failure) [PSYoungGen: 68688K->1408K(69120K)] 377771K->310491K(744448K), 0.0019770 secs] [Times: user=0.01 sys=0.00, real=0.01 secs] 
1221.219: [GC (Allocation Failure) [PSYoungGen: 68480K->1376K(69120K)] 377563K->310459K(744448K), 0.0018835 secs] [Times: user=0.01 sys=0.00, real=0.01 secs] 
1221.497: [GC (Allocation Failure) [PSYoungGen: 68448K->1376K(69120K)] 377531K->310459K(744448K), 0.0018148 secs] [Times: user=0.01 sys=0.00, real=0.00 secs] 
1221.776: [GC (Allocation Failure) [PSYoungGen: 68448K->1376K(69120K)] 377531K->310459K(744448K), 0.0017578 secs] [Times: user=0.01 sys=0.00, real=0.00 secs] 
1222.179: [GC (Allocation Failure) [PSYoungGen: 68448K->1565K(69120K)] 377531K->310648K(744448K), 0.0016429 secs] [Times: user=0.01 sys=0.00, real=0.01 secs] 
1222.573: [GC (Allocation Failure) [PSYoungGen: 68637K->1597K(69120K)] 377720K->310680K(744448K), 0.0016392 secs] [Times: user=0.00 sys=0.00, real=0.00 secs] 
1222.966: [GC (Allocation Failure) [PSYoungGen: 68669K->1584K(69120K)] 377752K->310667K(744448K), 0.0015861 secs] [Times: user=0.01 sys=0.00, real=0.00 secs] 
1223.591: [GC (Allocation Failure) [PSYoungGen: 68656K->1472K(69120K)] 377739K->310555K(744448K), 0.0024261 secs] [Times: user=0.01 sys=0.00, real=0.00 secs] 
1224.578: [GC (Allocation Failure) [PSYoungGen: 68544K->1376K(69120K)] 377627K->310459K(744448K), 0.0026604 secs] [Times: user=0.01 sys=0.00, real=0.01 secs] 
1225.156: [GC (Allocation Failure) [PSYoungGen: 68448K->1344K(69120K)] 377531K->310427K(744448K), 0.0024106 secs] [Times: user=0.01 sys=0.00, real=0.00 secs] 
1225.734: [GC (Allocation Failure) [PSYoungGen: 68416K->1392K(69120K)] 377499K->310499K(744448K), 0.0021691 secs] [Times: user=0.01 sys=0.00, real=0.00 secs] 
1226.283: [GC (Allocation Failure) [PSYoungGen: 68464K->1437K(69120K)] 377571K->310544K(744448K), 0.0021516 secs] [Times: user=0.01 sys=0.00, real=0.00 secs] 
1226.789: [GC (Allocation Failure) [PSYoungGen: 68509K->1533K(69120K)] 377616K->310640K(744448K), 0.0016364 secs] [Times: user=0.01 sys=0.00, real=0.01 secs] 
1227.181: [GC (Allocation Failure) [PSYoungGen: 68605K->1565K(69120K)] 377712K->310672K(744448K), 0.0015326 secs] [Times: user=0.01 sys=0.00, real=0.00 secs] 
1227.572: [GC (Allocation Failure) [PSYoungGen: 68637K->1565K(69120K)] 377744K->310680K(744448K), 0.0015308 secs] [Times: user=0.01 sys=0.00, real=0.00 secs] 
1229.113: [GC (Allocation Failure) [PSYoungGen: 68637K->1472K(69120K)] 377752K->310587K(744448K), 0.0028401 secs] [Times: user=0.01 sys=0.00, real=0.00 secs] 
1229.804: [GC (Allocation Failure) [PSYoungGen: 68544K->1376K(69120K)] 377659K->310491K(744448K), 0.0020652 secs] [Times: user=0.01 sys=0.00, real=0.00 secs] 
1230.351: [GC (Allocation Failure) [PSYoungGen: 68448K->1376K(69120K)] 377563K->310491K(744448K), 0.0020861 secs] [Times: user=0.01 sys=0.00, real=0.00 secs] 
1230.932: [GC (Allocation Failure) [PSYoungGen: 68448K->1408K(69120K)] 377563K->310523K(744448K), 0.0020838 secs] [Times: user=0.01 sys=0.00, real=0.00 secs] 
1231.496: [GC (Allocation Failure) [PSYoungGen: 68480K->1437K(69120K)] 377595K->310552K(744448K), 0.0017137 secs] [Times: user=0.00 sys=0.00, real=0.00 secs] 
1231.888: [GC (Allocation Failure) [PSYoungGen: 68509K->1565K(69120K)] 377624K->310680K(744448K), 0.0015650 secs] [Times: user=0.01 sys=0.00, real=0.00 secs] 
1232.283: [GC (Allocation Failure) [PSYoungGen: 68637K->1533K(69120K)] 377752K->310648K(744448K), 0.0016999 secs] [Times: user=0.01 sys=0.00, real=0.00 secs] 
1232.675: [GC (Allocation Failure) [PSYoungGen: 68605K->1533K(69120K)] 377720K->310656K(744448K), 0.0017020 secs] [Times: user=0.00 sys=0.00, real=0.00 secs] 
1233.095: [GC (Allocation Failure) [PSYoungGen: 68605K->1488K(69120K)] 377728K->310611K(744448K), 0.0018861 secs] [Times: user=0.00 sys=0.00, real=0.00 secs] 
1233.374: [GC (Allocation Failure) [PSYoungGen: 68560K->1408K(69120K)] 377683K->310531K(744448K), 0.0017894 secs] [Times: user=0.01 sys=0.00, real=0.00 secs] 
1233.652: [GC (Allocation Failure) [PSYoungGen: 68480K->1408K(69120K)] 377603K->310531K(744448K), 0.0017449 secs] [Times: user=0.00 sys=0.00, real=0.00 secs] 
1233.931: [GC (Allocation Failure) [PSYoungGen: 68480K->1408K(69120K)] 377603K->310531K(744448K), 0.0017278 secs] [Times: user=0.01 sys=0.00, real=0.00 secs] 
1234.289: [GC (Allocation Failure) [PSYoungGen: 68480K->1501K(69120K)] 377603K->310624K(744448K), 0.0016329 secs] [Times: user=0.01 sys=0.00, real=0.01 secs] 
1234.736: [GC (Allocation Failure) [PSYoungGen: 68573K->1565K(69120K)] 377696K->310688K(744448K), 0.0016047 secs] [Times: user=0.01 sys=0.00, real=0.00 secs] 
1235.128: [GC (Allocation Failure) [PSYoungGen: 68637K->1565K(69120K)] 377760K->310688K(744448K), 0.0016655 secs] [Times: user=0.00 sys=0.00, real=0.00 secs] 
1235.582: [GC (Allocation Failure) [PSYoungGen: 68637K->1533K(69120K)] 377760K->310672K(744448K), 0.0016289 secs] [Times: user=0.01 sys=0.00, real=0.00 secs] 
1236.524: [GC (Allocation Failure) [PSYoungGen: 68605K->1440K(69120K)] 377744K->310579K(744448K), 0.0030796 secs] [Times: user=0.01 sys=0.00, real=0.00 secs] 
1237.058: [GC (Allocation Failure) [PSYoungGen: 68512K->1376K(69120K)] 377651K->310515K(744448K), 0.0029815 secs] [Times: user=0.01 sys=0.00, real=0.01 secs] 
1237.491: [GC (Allocation Failure) [PSYoungGen: 68448K->1376K(69120K)] 377587K->310515K(744448K), 0.0019545 secs] [Times: user=0.01 sys=0.00, real=0.00 secs] 
1237.789: [GC (Allocation Failure) [PSYoungGen: 68448K->1392K(69120K)] 377587K->310531K(744448K), 0.0018697 secs] [Times: user=0.00 sys=0.00, real=0.01 secs] 
1238.207: [GC (Allocation Failure) [PSYoungGen: 68464K->1424K(69120K)] 377603K->310563K(744448K), 0.0016036 secs] [Times: user=0.00 sys=0.00, real=0.00 secs] 
1238.601: [GC (Allocation Failure) [PSYoungGen: 68496K->1584K(69120K)] 377635K->310723K(744448K), 0.0015251 secs] [Times: user=0.01 sys=0.00, real=0.00 secs] 
1238.993: [GC (Allocation Failure) [PSYoungGen: 68656K->1552K(69120K)] 377795K->310691K(744448K), 0.0016028 secs] [Times: user=0.00 sys=0.00, real=0.00 secs] 
1239.385: [GC (Allocation Failure) [PSYoungGen: 68624K->1552K(69120K)] 377763K->310707K(744448K), 0.0015414 secs] [Times: user=0.01 sys=0.00, real=0.00 secs] 
1240.016: [GC (Allocation Failure) [PSYoungGen: 68624K->1376K(69120K)] 377779K->310531K(744448K), 0.0025164 secs] [Times: user=0.01 sys=0.00, real=0.00 secs] 
1240.351: [GC (Allocation Failure) [PSYoungGen: 68448K->1376K(69120K)] 377603K->310531K(744448K), 0.0020579 secs] [Times: user=0.00 sys=0.01, real=0.00 secs] 
1240.644: [GC (Allocation Failure) [PSYoungGen: 68448K->1376K(69120K)] 377603K->310531K(744448K), 0.0021355 secs] [Times: user=0.01 sys=0.00, real=0.00 secs] 
1240.927: [GC (Allocation Failure) [PSYoungGen: 68448K->1344K(69120K)] 377603K->310499K(744448K), 0.0020332 secs] [Times: user=0.01 sys=0.00, real=0.00 secs] 
1241.353: [GC (Allocation Failure) [PSYoungGen: 68416K->1533K(69120K)] 377571K->310688K(744448K), 0.0015932 secs] [Times: user=0.01 sys=0.00, real=0.00 secs] 
1241.744: [GC (Allocation Failure) [PSYoungGen: 68605K->1520K(69120K)] 377760K->310675K(744448K), 0.0016377 secs] [Times: user=0.01 sys=0.00, real=0.00 secs] 
1242.137: [GC (Allocation Failure) [PSYoungGen: 68592K->1597K(69120K)] 377747K->310752K(744448K), 0.0015425 secs] [Times: user=0.00 sys=0.00, real=0.00 secs] 
1242.615: [GC (Allocation Failure) [PSYoungGen: 68669K->1456K(69120K)] 377824K->310611K(744448K), 0.0019417 secs] [Times: user=0.01 sys=0.00, real=0.00 secs] 
1243.263: [GC (Allocation Failure) [PSYoungGen: 68528K->1392K(69120K)] 377683K->310547K(744448K), 0.0030607 secs] [Times: user=0.01 sys=0.00, real=0.00 secs] 
1243.836: [GC (Allocation Failure) [PSYoungGen: 68464K->1440K(69120K)] 377619K->310595K(744448K), 0.0024229 secs] [Times: user=0.01 sys=0.00, real=0.00 secs] 
1244.235: [GC (Allocation Failure) [PSYoungGen: 68512K->1376K(69120K)] 377667K->310531K(744448K), 0.0018788 secs] [Times: user=0.01 sys=0.00, real=0.00 secs] 
1244.649: [GC (Allocation Failure) [PSYoungGen: 68448K->1376K(69120K)] 377603K->310539K(744448K), 0.0018328 secs] [Times: user=0.01 sys=0.00, real=0.01 secs] 
1245.077: [GC (Allocation Failure) [PSYoungGen: 68448K->1520K(69120K)] 377611K->310683K(744448K), 0.0016277 secs] [Times: user=0.01 sys=0.00, real=0.00 secs] 
1245.469: [GC (Allocation Failure) [PSYoungGen: 68592K->1552K(69120K)] 377755K->310715K(744448K), 0.0016390 secs] [Times: user=0.00 sys=0.00, real=0.01 secs] 
1245.868: [GC (Allocation Failure) [PSYoungGen: 68624K->1520K(69120K)] 377787K->310683K(744448K), 0.0015215 secs] [Times: user=0.00 sys=0.00, real=0.00 secs] 
1246.391: [GC (Allocation Failure) [PSYoungGen: 68592K->1488K(69120K)] 377755K->310651K(744448K), 0.0021361 secs] [Times: user=0.01 sys=0.00, real=0.00 secs] 
1246.953: [GC (Allocation Failure) [PSYoungGen: 68560K->1408K(69120K)] 377723K->310571K(744448K), 0.0021672 secs] [Times: user=0.00 sys=0.00, real=0.00 secs] 
1247.488: [GC (Allocation Failure) [PSYoungGen: 68480K->1408K(69120K)] 377643K->310571K(744448K), 0.0022729 secs] [Times: user=0.00 sys=0.00, real=0.00 secs] 
1247.762: [GC (Allocation Failure) [PSYoungGen: 68480K->1376K(69120K)] 377643K->310539K(744448K), 0.0019728 secs] [Times: user=0.01 sys=0.00, real=0.00 secs] 
1248.093: [GC (Allocation Failure) [PSYoungGen: 68448K->1437K(69120K)] 377611K->310600K(744448K), 0.0014887 secs] [Times: user=0.00 sys=0.00, real=0.00 secs] 
1248.557: [GC (Allocation Failure) [PSYoungGen: 68509K->1565K(69120K)] 377672K->310728K(744448K), 0.0017763 secs] [Times: user=0.00 sys=0.00, real=0.00 secs] 
1249.012: [GC (Allocation Failure) [PSYoungGen: 68637K->1533K(69120K)] 377800K->310696K(744448K), 0.0017801 secs] [Times: user=0.00 sys=0.00, real=0.00 secs] 
1249.470: [GC (Allocation Failure) [PSYoungGen: 68605K->1533K(69120K)] 377768K->310704K(744448K), 0.0017484 secs] [Times: user=0.01 sys=0.00, real=0.01 secs] 
1250.150: [GC (Allocation Failure) [PSYoungGen: 68605K->1504K(69120K)] 377776K->310675K(744448K), 0.0036279 secs] [Times: user=0.02 sys=0.00, real=0.00 secs] 
1250.731: [GC (Allocation Failure) [PSYoungGen: 68576K->1440K(69120K)] 377747K->310627K(744448K), 0.0029967 secs] [Times: user=0.02 sys=0.00, real=0.00 secs] 
1251.149: [GC (Allocation Failure) [PSYoungGen: 68512K->1376K(69120K)] 377699K->310563K(744448K), 0.0020221 secs] [Times: user=0.01 sys=0.00, real=0.01 secs] 
1251.452: [GC (Allocation Failure) [PSYoungGen: 68448K->1376K(69120K)] 377635K->310563K(744448K), 0.0018381 secs] [Times: user=0.00 sys=0.00, real=0.00 secs] 
1251.903: [GC (Allocation Failure) [PSYoungGen: 68448K->1517K(69120K)] 377635K->310704K(744448K), 0.0016111 secs] [Times: user=0.00 sys=0.00, real=0.00 secs] 
1252.295: [GC (Allocation Failure) [PSYoungGen: 68589K->1565K(69120K)] 377776K->310752K(744448K), 0.0015325 secs] [Times: user=0.01 sys=0.00, real=0.00 secs] 
1252.687: [GC (Allocation Failure) [PSYoungGen: 68637K->1552K(69120K)] 377824K->310739K(744448K), 0.0015858 secs] [Times: user=0.01 sys=0.00, real=0.00 secs] 
1253.079: [GC (Allocation Failure) [PSYoungGen: 68624K->1552K(69120K)] 377811K->310755K(744448K), 0.0017932 secs] [Times: user=0.01 sys=0.00, real=0.01 secs] 
1254.391: [GC (Allocation Failure) [PSYoungGen: 68624K->1408K(69120K)] 377827K->310611K(744448K), 0.0042628 secs] [Times: user=0.02 sys=0.00, real=0.00 secs] 
1255.984: [GC (Allocation Failure) [PSYoungGen: 68480K->1376K(69120K)] 377683K->310579K(744448K), 0.0037763 secs] [Times: user=0.01 sys=0.00, real=0.00 secs] 
1256.791: [GC (Allocation Failure) [PSYoungGen: 68448K->1376K(69120K)] 377651K->310579K(744448K), 0.0020921 secs] [Times: user=0.01 sys=0.00, real=0.00 secs] 
1257.070: [GC (Allocation Failure) [PSYoungGen: 68448K->1408K(69120K)] 377651K->310619K(744448K), 0.0017456 secs] [Times: user=0.01 sys=0.00, real=0.01 secs] 
1257.561: [GC (Allocation Failure) [PSYoungGen: 68480K->1488K(69120K)] 377691K->310723K(744448K), 0.0014689 secs] [Times: user=0.01 sys=0.00, real=0.00 secs] 
1258.015: [GC (Allocation Failure) [PSYoungGen: 68560K->1520K(69120K)] 377795K->310755K(744448K), 0.0015068 secs] [Times: user=0.01 sys=0.00, real=0.00 secs] 
1258.480: [GC (Allocation Failure) [PSYoungGen: 68592K->1616K(69120K)] 377827K->310859K(744448K), 0.0016744 secs] [Times: user=0.00 sys=0.00, real=0.01 secs] 
1258.873: [GC (Allocation Failure) [PSYoungGen: 68688K->1565K(69120K)] 377931K->310824K(744448K), 0.0018066 secs] [Times: user=0.01 sys=0.00, real=0.00 secs] 
1259.580: [GC (Allocation Failure) [PSYoungGen: 68637K->1440K(69120K)] 377896K->310699K(744448K), 0.0025957 secs] [Times: user=0.01 sys=0.00, real=0.01 secs] 
1260.030: [GC (Allocation Failure) [PSYoungGen: 68512K->1376K(69120K)] 377771K->310635K(744448K), 0.0017775 secs] [Times: user=0.01 sys=0.00, real=0.00 secs] 
1260.354: [GC (Allocation Failure) [PSYoungGen: 68448K->1376K(69120K)] 377707K->310635K(744448K), 0.0017227 secs] [Times: user=0.00 sys=0.00, real=0.00 secs] 
1260.638: [GC (Allocation Failure) [PSYoungGen: 68448K->1408K(69120K)] 377707K->310667K(744448K), 0.0018322 secs] [Times: user=0.01 sys=0.00, real=0.00 secs] 
1261.047: [GC (Allocation Failure) [PSYoungGen: 68480K->1520K(69120K)] 377739K->310779K(744448K), 0.0015625 secs] [Times: user=0.01 sys=0.00, real=0.00 secs] 
1261.441: [GC (Allocation Failure) [PSYoungGen: 68592K->1600K(69120K)] 377851K->310859K(744448K), 0.0016294 secs] [Times: user=0.01 sys=0.00, real=0.00 secs] 
1261.832: [GC (Allocation Failure) [PSYoungGen: 68672K->1552K(69120K)] 377931K->310811K(744448K), 0.0015482 secs] [Times: user=0.00 sys=0.00, real=0.00 secs] 
1262.537: [GC (Allocation Failure) [PSYoungGen: 68624K->1760K(69120K)] 377883K->311019K(744448K), 0.0021593 secs] [Times: user=0.01 sys=0.00, real=0.00 secs] 
1263.594: [GC (Allocation Failure) [PSYoungGen: 68832K->1408K(69120K)] 378091K->310667K(744448K), 0.0024068 secs] [Times: user=0.01 sys=0.00, real=0.00 secs] 
1264.118: [GC (Allocation Failure) [PSYoungGen: 68480K->1376K(69120K)] 377739K->310635K(744448K), 0.0022028 secs] [Times: user=0.01 sys=0.00, real=0.01 secs] 
1264.677: [GC (Allocation Failure) [PSYoungGen: 68448K->1376K(69120K)] 377707K->310635K(744448K), 0.0023507 secs] [Times: user=0.01 sys=0.00, real=0.00 secs] 
1265.075: [GC (Allocation Failure) [PSYoungGen: 68448K->1408K(69120K)] 377707K->310667K(744448K), 0.0017083 secs] [Times: user=0.01 sys=0.00, real=0.00 secs] 
1265.620: [GC (Allocation Failure) [PSYoungGen: 68480K->1533K(69120K)] 377739K->310792K(744448K), 0.0015670 secs] [Times: user=0.01 sys=0.00, real=0.01 secs] 
1266.011: [GC (Allocation Failure) [PSYoungGen: 68605K->1552K(69120K)] 377864K->310835K(744448K), 0.0015004 secs] [Times: user=0.01 sys=0.00, real=0.00 secs] 
1266.411: [GC (Allocation Failure) [PSYoungGen: 68624K->1533K(69120K)] 377907K->310816K(744448K), 0.0016436 secs] [Times: user=0.00 sys=0.00, real=0.00 secs] 
1266.872: [GC (Allocation Failure) [PSYoungGen: 68605K->1456K(69120K)] 377888K->310739K(744448K), 0.0020763 secs] [Times: user=0.01 sys=0.00, real=0.00 secs] 
1267.590: [GC (Allocation Failure) [PSYoungGen: 68528K->1376K(69120K)] 377811K->310659K(744448K), 0.0031497 secs] [Times: user=0.01 sys=0.00, real=0.01 secs] 
1268.214: [GC (Allocation Failure) [PSYoungGen: 68448K->1376K(69120K)] 377731K->310659K(744448K), 0.0022284 secs] [Times: user=0.01 sys=0.00, real=0.00 secs] 
1268.781: [GC (Allocation Failure) [PSYoungGen: 68448K->1376K(69120K)] 377731K->310659K(744448K), 0.0023516 secs] [Times: user=0.01 sys=0.00, real=0.00 secs] 
1269.354: [GC (Allocation Failure) [PSYoungGen: 68448K->1488K(69120K)] 377731K->310771K(744448K), 0.0030657 secs] [Times: user=0.02 sys=0.00, real=0.00 secs] 
1269.868: [GC (Allocation Failure) [PSYoungGen: 68560K->1565K(69120K)] 377843K->310848K(744448K), 0.0016819 secs] [Times: user=0.01 sys=0.00, real=0.00 secs] 
1270.260: [GC (Allocation Failure) [PSYoungGen: 68637K->1533K(69120K)] 377920K->310816K(744448K), 0.0015248 secs] [Times: user=0.00 sys=0.00, real=0.00 secs] 
1270.653: [GC (Allocation Failure) [PSYoungGen: 68605K->1552K(69120K)] 377888K->310851K(744448K), 0.0016475 secs] [Times: user=0.01 sys=0.00, real=0.00 secs] 
1271.037: [GC (Allocation Failure) [PSYoungGen: 68624K->1424K(69120K)] 377923K->310723K(744448K), 0.0023487 secs] [Times: user=0.01 sys=0.00, real=0.00 secs] 
1271.400: [GC (Allocation Failure) [PSYoungGen: 68496K->1376K(69120K)] 377795K->310675K(744448K), 0.0018520 secs] [Times: user=0.01 sys=0.00, real=0.00 secs] 
1271.712: [GC (Allocation Failure) [PSYoungGen: 68448K->1376K(69120K)] 377747K->310675K(744448K), 0.0017823 secs] [Times: user=0.01 sys=0.00, real=0.00 secs] 
1272.052: [GC (Allocation Failure) [PSYoungGen: 68448K->1376K(69120K)] 377747K->310675K(744448K), 0.0017506 secs] [Times: user=0.01 sys=0.00, real=0.00 secs] 
1272.447: [GC (Allocation Failure) [PSYoungGen: 68448K->1453K(69120K)] 377747K->310752K(744448K), 0.0014906 secs] [Times: user=0.01 sys=0.00, real=0.00 secs] 
1272.895: [GC (Allocation Failure) [PSYoungGen: 68525K->1533K(69120K)] 377824K->310832K(744448K), 0.0016159 secs] [Times: user=0.01 sys=0.00, real=0.00 secs] 
1273.353: [GC (Allocation Failure) [PSYoungGen: 68605K->1552K(69120K)] 377904K->310851K(744448K), 0.0017480 secs] [Times: user=0.01 sys=0.00, real=0.00 secs] 
1273.751: [GC (Allocation Failure) [PSYoungGen: 68624K->1533K(69120K)] 377923K->310840K(744448K), 0.0017175 secs] [Times: user=0.01 sys=0.00, real=0.00 secs] 
1274.209: [GC (Allocation Failure) [PSYoungGen: 68605K->1472K(69120K)] 377912K->310779K(744448K), 0.0029658 secs] [Times: user=0.01 sys=0.00, real=0.01 secs] 
1274.621: [GC (Allocation Failure) [PSYoungGen: 68544K->1408K(69120K)] 377851K->310731K(744448K), 0.0019850 secs] [Times: user=0.01 sys=0.00, real=0.00 secs] 
1275.192: [GC (Allocation Failure) [PSYoungGen: 68480K->1392K(69120K)] 377803K->310715K(744448K), 0.0024264 secs] [Times: user=0.01 sys=0.00, real=0.00 secs] 
1275.810: [GC (Allocation Failure) [PSYoungGen: 68464K->1376K(69120K)] 377787K->310699K(744448K), 0.0022365 secs] [Times: user=0.01 sys=0.00, real=0.00 secs] 
1276.918: [GC (Allocation Failure) [PSYoungGen: 68448K->1472K(69120K)] 377771K->310795K(744448K), 0.0015234 secs] [Times: user=0.00 sys=0.00, real=0.00 secs] 
1277.372: [GC (Allocation Failure) [PSYoungGen: 68544K->1533K(69120K)] 377867K->310856K(744448K), 0.0017368 secs] [Times: user=0.01 sys=0.01, real=0.00 secs] 
1277.824: [GC (Allocation Failure) [PSYoungGen: 68605K->1533K(69120K)] 377928K->310856K(744448K), 0.0017526 secs] [Times: user=0.01 sys=0.00, real=0.00 secs] 
1278.217: [GC (Allocation Failure) [PSYoungGen: 68605K->1565K(69120K)] 377928K->310904K(744448K), 0.0015897 secs] [Times: user=0.01 sys=0.00, real=0.00 secs] 
1278.565: [GC (Allocation Failure) [PSYoungGen: 68637K->1344K(69120K)] 377976K->310683K(744448K), 0.0027015 secs] [Times: user=0.01 sys=0.00, real=0.00 secs] 
1278.874: [GC (Allocation Failure) [PSYoungGen: 68416K->1376K(69120K)] 377755K->310715K(744448K), 0.0019877 secs] [Times: user=0.01 sys=0.00, real=0.00 secs] 
1279.153: [GC (Allocation Failure) [PSYoungGen: 68448K->1376K(69120K)] 377787K->310715K(744448K), 0.0018333 secs] [Times: user=0.00 sys=0.00, real=0.00 secs] 
1279.431: [GC (Allocation Failure) [PSYoungGen: 68448K->1408K(69120K)] 377787K->310747K(744448K), 0.0017605 secs] [Times: user=0.01 sys=0.00, real=0.00 secs] 
1279.801: [GC (Allocation Failure) [PSYoungGen: 68480K->1453K(69120K)] 377819K->310792K(744448K), 0.0014958 secs] [Times: user=0.01 sys=0.00, real=0.00 secs] 
1280.193: [GC (Allocation Failure) [PSYoungGen: 68525K->1533K(69120K)] 377864K->310872K(744448K), 0.0015325 secs] [Times: user=0.00 sys=0.00, real=0.00 secs] 
1280.587: [GC (Allocation Failure) [PSYoungGen: 68605K->1597K(69120K)] 377944K->310936K(744448K), 0.0016042 secs] [Times: user=0.01 sys=0.00, real=0.00 secs] 
1280.980: [GC (Allocation Failure) [PSYoungGen: 68669K->1533K(69120K)] 378008K->310888K(744448K), 0.0015977 secs] [Times: user=0.01 sys=0.00, real=0.00 secs] 
1281.629: [GC (Allocation Failure) [PSYoungGen: 68605K->1440K(69120K)] 377960K->310795K(744448K), 0.0020319 secs] [Times: user=0.01 sys=0.00, real=0.01 secs] 
1282.076: [GC (Allocation Failure) [PSYoungGen: 68512K->1376K(69120K)] 377867K->310731K(744448K), 0.0020600 secs] [Times: user=0.01 sys=0.00, real=0.00 secs] 
1282.354: [GC (Allocation Failure) [PSYoungGen: 68448K->1360K(69120K)] 377803K->310715K(744448K), 0.0018823 secs] [Times: user=0.01 sys=0.00, real=0.00 secs] 
1282.633: [GC (Allocation Failure) [PSYoungGen: 68432K->1376K(69120K)] 377787K->310731K(744448K), 0.0018491 secs] [Times: user=0.01 sys=0.00, real=0.00 secs] 
1283.035: [GC (Allocation Failure) [PSYoungGen: 68448K->1504K(69120K)] 377803K->310859K(744448K), 0.0015116 secs] [Times: user=0.01 sys=0.00, real=0.00 secs] 
1283.430: [GC (Allocation Failure) [PSYoungGen: 68576K->1565K(69120K)] 377931K->310920K(744448K), 0.0015720 secs] [Times: user=0.00 sys=0.00, real=0.01 secs] 
1283.823: [GC (Allocation Failure) [PSYoungGen: 68637K->1533K(69120K)] 377992K->310920K(744448K), 0.0015751 secs] [Times: user=0.01 sys=0.00, real=0.00 secs] 
1284.348: [GC (Allocation Failure) [PSYoungGen: 68605K->1472K(69120K)] 377992K->310859K(744448K), 0.0021779 secs] [Times: user=0.01 sys=0.00, real=0.01 secs] 
1285.159: [GC (Allocation Failure) [PSYoungGen: 68544K->1376K(69120K)] 377931K->310763K(744448K), 0.0019293 secs] [Times: user=0.00 sys=0.00, real=0.01 secs] 
1285.997: [GC (Allocation Failure) [PSYoungGen: 68448K->1376K(69120K)] 377835K->310763K(744448K), 0.0019416 secs] [Times: user=0.00 sys=0.00, real=0.00 secs] 
1286.551: [GC (Allocation Failure) [PSYoungGen: 68448K->1469K(69120K)] 377835K->310856K(744448K), 0.0015776 secs] [Times: user=0.00 sys=0.00, real=0.00 secs] 
1286.826: [GC (Allocation Failure) [PSYoungGen: 68541K->1565K(69120K)] 377928K->310952K(744448K), 0.0014949 secs] [Times: user=0.01 sys=0.00, real=0.00 secs] 
1287.103: [GC (Allocation Failure) [PSYoungGen: 68637K->1565K(69120K)] 378024K->310952K(744448K), 0.0016449 secs] [Times: user=0.01 sys=0.00, real=0.00 secs] 
1287.375: [GC (Allocation Failure) [PSYoungGen: 68637K->1504K(69120K)] 378024K->310891K(744448K), 0.0017129 secs] [Times: user=0.01 sys=0.00, real=0.00 secs] 
1288.082: [GC (Allocation Failure) [PSYoungGen: 68576K->1440K(69120K)] 377963K->310827K(744448K), 0.0017449 secs] [Times: user=0.01 sys=0.00, real=0.00 secs] 
1288.729: [GC (Allocation Failure) [PSYoungGen: 68512K->1408K(69120K)] 377899K->310795K(744448K), 0.0019026 secs] [Times: user=0.01 sys=0.00, real=0.01 secs] 
1289.260: [GC (Allocation Failure) [PSYoungGen: 68480K->1376K(69120K)] 377867K->310763K(744448K), 0.0019862 secs] [Times: user=0.01 sys=0.00, real=0.01 secs] 
1289.953: [GC (Allocation Failure) [PSYoungGen: 68448K->1376K(69120K)] 377835K->310763K(744448K), 0.0029839 secs] [Times: user=0.01 sys=0.00, real=0.00 secs] 
1290.666: [GC (Allocation Failure) [PSYoungGen: 68448K->1501K(69120K)] 377835K->310888K(744448K), 0.0016149 secs] [Times: user=0.01 sys=0.00, real=0.00 secs] 
1291.060: [GC (Allocation Failure) [PSYoungGen: 68573K->1520K(69120K)] 377960K->310907K(744448K), 0.0016547 secs] [Times: user=0.01 sys=0.00, real=0.01 secs] 
1291.452: [GC (Allocation Failure) [PSYoungGen: 68592K->1584K(69120K)] 377979K->310971K(744448K), 0.0016331 secs] [Times: user=0.01 sys=0.00, real=0.00 secs] 
1291.844: [GC (Allocation Failure) [PSYoungGen: 68656K->1533K(69120K)] 378043K->310920K(744448K), 0.0015751 secs] [Times: user=0.01 sys=0.00, real=0.00 secs] 
1292.292: [GC (Allocation Failure) [PSYoungGen: 68605K->1408K(69120K)] 377992K->310795K(744448K), 0.0020223 secs] [Times: user=0.00 sys=0.00, real=0.00 secs] 
1292.579: [GC (Allocation Failure) [PSYoungGen: 68480K->1360K(69120K)] 377867K->310747K(744448K), 0.0018641 secs] [Times: user=0.01 sys=0.00, real=0.01 secs] 
1292.872: [GC (Allocation Failure) [PSYoungGen: 68432K->1376K(69120K)] 377819K->310763K(744448K), 0.0017859 secs] [Times: user=0.00 sys=0.00, real=0.00 secs] 
1293.343: [GC (Allocation Failure) [PSYoungGen: 68448K->1344K(69120K)] 377835K->310731K(744448K), 0.0018973 secs] [Times: user=0.01 sys=0.00, real=0.00 secs] 
1293.913: [GC (Allocation Failure) [PSYoungGen: 68416K->1504K(69120K)] 377803K->310891K(744448K), 0.0014893 secs] [Times: user=0.00 sys=0.00, real=0.00 secs] 
1294.305: [GC (Allocation Failure) [PSYoungGen: 68576K->1565K(69120K)] 377963K->310952K(744448K), 0.0014997 secs] [Times: user=0.01 sys=0.00, real=0.00 secs] 
1294.699: [GC (Allocation Failure) [PSYoungGen: 68637K->1552K(69120K)] 378024K->310939K(744448K), 0.0016013 secs] [Times: user=0.01 sys=0.00, real=0.01 secs] 
1295.077: [GC (Allocation Failure) [PSYoungGen: 68624K->2000K(69120K)] 378011K->311387K(744448K), 0.0015994 secs] [Times: user=0.01 sys=0.00, real=0.00 secs] 
1295.364: [GC (Allocation Failure) [PSYoungGen: 69072K->1344K(69120K)] 378459K->310739K(744448K), 0.0022556 secs] [Times: user=0.01 sys=0.00, real=0.00 secs] 
1295.638: [GC (Allocation Failure) [PSYoungGen: 68416K->1376K(69120K)] 377811K->310771K(744448K), 0.0019149 secs] [Times: user=0.00 sys=0.00, real=0.00 secs] 
1295.917: [GC (Allocation Failure) [PSYoungGen: 68448K->1344K(69120K)] 377843K->310739K(744448K), 0.0018320 secs] [Times: user=0.01 sys=0.00, real=0.00 secs] 
1296.195: [GC (Allocation Failure) [PSYoungGen: 68416K->1376K(69120K)] 377811K->310771K(744448K), 0.0019419 secs] [Times: user=0.01 sys=0.00, real=0.00 secs] 
1296.632: [GC (Allocation Failure) [PSYoungGen: 68448K->1533K(69120K)] 377843K->310928K(744448K), 0.0016437 secs] [Times: user=0.01 sys=0.00, real=0.00 secs] 
1297.029: [GC (Allocation Failure) [PSYoungGen: 68605K->1584K(69120K)] 378000K->310979K(744448K), 0.0054259 secs] [Times: user=0.02 sys=0.00, real=0.01 secs] 
1297.515: [GC (Allocation Failure) [PSYoungGen: 68656K->1520K(69120K)] 378051K->310915K(744448K), 0.0017528 secs] [Times: user=0.01 sys=0.00, real=0.00 secs] 
1298.504: [GC (Allocation Failure) [PSYoungGen: 68592K->1472K(69120K)] 377987K->310875K(744448K), 0.0037282 secs] [Times: user=0.02 sys=0.00, real=0.00 secs] 
1298.951: [GC (Allocation Failure) [PSYoungGen: 68544K->1408K(69120K)] 377947K->310811K(744448K), 0.0021115 secs] [Times: user=0.01 sys=0.00, real=0.00 secs] 
1299.230: [GC (Allocation Failure) [PSYoungGen: 68480K->1344K(69120K)] 377883K->310747K(744448K), 0.0019021 secs] [Times: user=0.01 sys=0.00, real=0.01 secs] 
1299.508: [GC (Allocation Failure) [PSYoungGen: 68416K->1376K(69120K)] 377819K->310779K(744448K), 0.0017439 secs] [Times: user=0.01 sys=0.00, real=0.00 secs] 
1299.820: [GC (Allocation Failure) [PSYoungGen: 68448K->1453K(69120K)] 377851K->310856K(744448K), 0.0015029 secs] [Times: user=0.01 sys=0.00, real=0.01 secs] 
1300.212: [GC (Allocation Failure) [PSYoungGen: 68525K->1568K(69120K)] 377928K->310971K(744448K), 0.0015383 secs] [Times: user=0.01 sys=0.00, real=0.00 secs] 
1300.663: [GC (Allocation Failure) [PSYoungGen: 68640K->1533K(69120K)] 378043K->310936K(744448K), 0.0017352 secs] [Times: user=0.00 sys=0.00, real=0.00 secs] 
1301.056: [GC (Allocation Failure) [PSYoungGen: 68605K->1565K(69120K)] 378008K->310976K(744448K), 0.0017519 secs] [Times: user=0.01 sys=0.00, real=0.00 secs] 
1302.808: [GC (Allocation Failure) [PSYoungGen: 68637K->1488K(69120K)] 378048K->310899K(744448K), 0.0041382 secs] [Times: user=0.01 sys=0.00, real=0.01 secs] 
1303.660: [GC (Allocation Failure) [PSYoungGen: 68560K->1376K(69120K)] 377971K->310787K(744448K), 0.0032148 secs] [Times: user=0.01 sys=0.00, real=0.01 secs] 
1304.353: [GC (Allocation Failure) [PSYoungGen: 68448K->1376K(69120K)] 377859K->310787K(744448K), 0.0037736 secs] [Times: user=0.01 sys=0.00, real=0.00 secs] 
1304.913: [GC (Allocation Failure) [PSYoungGen: 68448K->1376K(69120K)] 377859K->310787K(744448K), 0.0024323 secs] [Times: user=0.01 sys=0.00, real=0.00 secs] 
1305.499: [GC (Allocation Failure) [PSYoungGen: 68448K->1453K(69120K)] 377859K->310864K(744448K), 0.0014759 secs] [Times: user=0.01 sys=0.00, real=0.01 secs] 
1305.892: [GC (Allocation Failure) [PSYoungGen: 68525K->1533K(69120K)] 377936K->310944K(744448K), 0.0016358 secs] [Times: user=0.00 sys=0.00, real=0.00 secs] 
1306.284: [GC (Allocation Failure) [PSYoungGen: 68605K->1584K(69120K)] 378016K->310995K(744448K), 0.0015154 secs] [Times: user=0.00 sys=0.00, real=0.00 secs] 
1306.677: [GC (Allocation Failure) [PSYoungGen: 68656K->1565K(69120K)] 378067K->311000K(744448K), 0.0015359 secs] [Times: user=0.01 sys=0.00, real=0.00 secs] 
1307.233: [GC (Allocation Failure) [PSYoungGen: 68637K->1408K(69120K)] 378072K->310843K(744448K), 0.0018713 secs] [Times: user=0.01 sys=0.00, real=0.00 secs] 
1307.631: [GC (Allocation Failure) [PSYoungGen: 68480K->1408K(69120K)] 377915K->310843K(744448K), 0.0019014 secs] [Times: user=0.01 sys=0.00, real=0.00 secs] 
1307.910: [GC (Allocation Failure) [PSYoungGen: 68480K->1344K(69120K)] 377915K->310779K(744448K), 0.0017326 secs] [Times: user=0.01 sys=0.00, real=0.01 secs] 
1308.298: [GC (Allocation Failure) [PSYoungGen: 68416K->1344K(69120K)] 377851K->310779K(744448K), 0.0017203 secs] [Times: user=0.00 sys=0.00, real=0.00 secs] 
1308.905: [GC (Allocation Failure) [PSYoungGen: 68416K->1488K(69120K)] 377851K->310923K(744448K), 0.0016445 secs] [Times: user=0.01 sys=0.00, real=0.00 secs] 
1309.299: [GC (Allocation Failure) [PSYoungGen: 68560K->1597K(69120K)] 377995K->311032K(744448K), 0.0015803 secs] [Times: user=0.00 sys=0.00, real=0.01 secs] 
1309.691: [GC (Allocation Failure) [PSYoungGen: 68669K->1565K(69120K)] 378104K->311000K(744448K), 0.0016580 secs] [Times: user=0.00 sys=0.00, real=0.00 secs] 
1310.085: [GC (Allocation Failure) [PSYoungGen: 68637K->1565K(69120K)] 378072K->311016K(744448K), 0.0016297 secs] [Times: user=0.01 sys=0.00, real=0.00 secs] 
1310.410: [GC (Allocation Failure) [PSYoungGen: 68637K->1408K(69120K)] 378088K->310859K(744448K), 0.0016804 secs] [Times: user=0.01 sys=0.00, real=0.00 secs] 
1310.712: [GC (Allocation Failure) [PSYoungGen: 68480K->1440K(69120K)] 377931K->310891K(744448K), 0.0016542 secs] [Times: user=0.01 sys=0.00, real=0.00 secs] 
1310.990: [GC (Allocation Failure) [PSYoungGen: 68512K->1408K(69120K)] 377963K->310859K(744448K), 0.0015805 secs] [Times: user=0.01 sys=0.00, real=0.00 secs] 
1311.268: [GC (Allocation Failure) [PSYoungGen: 68480K->1376K(69120K)] 377931K->310827K(744448K), 0.0016271 secs] [Times: user=0.01 sys=0.00, real=0.00 secs] 
1311.681: [GC (Allocation Failure) [PSYoungGen: 68448K->1488K(69120K)] 377899K->310939K(744448K), 0.0015804 secs] [Times: user=0.01 sys=0.00, real=0.00 secs] 
1312.072: [GC (Allocation Failure) [PSYoungGen: 68560K->1565K(69120K)] 378011K->311016K(744448K), 0.0015712 secs] [Times: user=0.01 sys=0.00, real=0.00 secs] 
1312.463: [GC (Allocation Failure) [PSYoungGen: 68637K->1584K(69120K)] 378088K->311035K(744448K), 0.0016563 secs] [Times: user=0.01 sys=0.00, real=0.00 secs] 
1312.912: [GC (Allocation Failure) [PSYoungGen: 68656K->1600K(69120K)] 378107K->311051K(744448K), 0.0020367 secs] [Times: user=0.01 sys=0.00, real=0.00 secs] 
1313.943: [GC (Allocation Failure) [PSYoungGen: 68672K->1408K(69120K)] 378123K->310859K(744448K), 0.0032511 secs] [Times: user=0.01 sys=0.00, real=0.00 secs] 
1314.771: [GC (Allocation Failure) [PSYoungGen: 68480K->1376K(69120K)] 377931K->310827K(744448K), 0.0029962 secs] [Times: user=0.01 sys=0.00, real=0.00 secs] 
1315.158: [GC (Allocation Failure) [PSYoungGen: 68448K->1408K(69120K)] 377899K->310867K(744448K), 0.0017535 secs] [Times: user=0.01 sys=0.00, real=0.00 secs] 
1315.436: [GC (Allocation Failure) [PSYoungGen: 68480K->1376K(69120K)] 377939K->310835K(744448K), 0.0017766 secs] [Times: user=0.01 sys=0.00, real=0.00 secs] 
1315.833: [GC (Allocation Failure) [PSYoungGen: 68448K->1552K(69120K)] 377907K->311011K(744448K), 0.0014862 secs] [Times: user=0.00 sys=0.00, real=0.00 secs] 
1316.226: [GC (Allocation Failure) [PSYoungGen: 68624K->1565K(69120K)] 378083K->311024K(744448K), 0.0016616 secs] [Times: user=0.00 sys=0.00, real=0.00 secs] 
1316.620: [GC (Allocation Failure) [PSYoungGen: 68637K->1565K(69120K)] 378096K->311024K(744448K), 0.0015719 secs] [Times: user=0.00 sys=0.00, real=0.01 secs] 
1317.152: [GC (Allocation Failure) [PSYoungGen: 68637K->1472K(69120K)] 378096K->310931K(744448K), 0.0019563 secs] [Times: user=0.00 sys=0.00, real=0.00 secs] 
1318.331: [GC (Allocation Failure) [PSYoungGen: 68544K->1408K(69120K)] 378003K->310867K(744448K), 0.0029998 secs] [Times: user=0.01 sys=0.00, real=0.00 secs] 
1319.736: [GC (Allocation Failure) [PSYoungGen: 68480K->1376K(69120K)] 377939K->310835K(744448K), 0.0028516 secs] [Times: user=0.01 sys=0.00, real=0.00 secs] 
1321.035: [GC (Allocation Failure) [PSYoungGen: 68448K->1376K(69120K)] 377907K->310835K(744448K), 0.0033810 secs] [Times: user=0.01 sys=0.00, real=0.00 secs] 
1322.968: [GC (Allocation Failure) [PSYoungGen: 68448K->1405K(69120K)] 377907K->310864K(744448K), 0.0024269 secs] [Times: user=0.01 sys=0.00, real=0.01 secs] 
1323.434: [GC (Allocation Failure) [PSYoungGen: 68477K->1517K(69120K)] 377936K->310976K(744448K), 0.0018714 secs] [Times: user=0.01 sys=0.00, real=0.00 secs] 
1323.830: [GC (Allocation Failure) [PSYoungGen: 68589K->1616K(69120K)] 378048K->311075K(744448K), 0.0017083 secs] [Times: user=0.00 sys=0.00, real=0.01 secs] 
1324.225: [GC (Allocation Failure) [PSYoungGen: 68688K->1584K(69120K)] 378147K->311059K(744448K), 0.0016430 secs] [Times: user=0.01 sys=0.00, real=0.00 secs] 
1324.661: [GC (Allocation Failure) [PSYoungGen: 68656K->1504K(69120K)] 378131K->310979K(744448K), 0.0019562 secs] [Times: user=0.01 sys=0.00, real=0.00 secs] 
1324.940: [GC (Allocation Failure) [PSYoungGen: 68576K->1360K(69120K)] 378051K->310835K(744448K), 0.0017303 secs] [Times: user=0.01 sys=0.00, real=0.01 secs] 
1325.219: [GC (Allocation Failure) [PSYoungGen: 68432K->1408K(69120K)] 377907K->310883K(744448K), 0.0017209 secs] [Times: user=0.01 sys=0.00, real=0.01 secs] 
1325.497: [GC (Allocation Failure) [PSYoungGen: 68480K->1376K(69120K)] 377955K->310851K(744448K), 0.0017330 secs] [Times: user=0.01 sys=0.00, real=0.00 secs] 
1325.972: [GC (Allocation Failure) [PSYoungGen: 68448K->1453K(69120K)] 377923K->310928K(744448K), 0.0015329 secs] [Times: user=0.00 sys=0.00, real=0.00 secs] 
1326.428: [GC (Allocation Failure) [PSYoungGen: 68525K->1584K(69120K)] 378000K->311059K(744448K), 0.0015614 secs] [Times: user=0.01 sys=0.00, real=0.00 secs] 
1326.821: [GC (Allocation Failure) [PSYoungGen: 68656K->1565K(69120K)] 378131K->311040K(744448K), 0.0018426 secs] [Times: user=0.01 sys=0.00, real=0.00 secs] 
1327.215: [GC (Allocation Failure) [PSYoungGen: 68637K->1565K(69120K)] 378112K->311048K(744448K), 0.0017313 secs] [Times: user=0.01 sys=0.00, real=0.00 secs] 
1328.010: [GC (Allocation Failure) [PSYoungGen: 68637K->1488K(69120K)] 378120K->310987K(744448K), 0.0042138 secs] [Times: user=0.02 sys=0.00, real=0.01 secs] 
1328.453: [GC (Allocation Failure) [PSYoungGen: 68560K->1376K(69120K)] 378059K->310875K(744448K), 0.0018713 secs] [Times: user=0.01 sys=0.00, real=0.00 secs] 
1328.732: [GC (Allocation Failure) [PSYoungGen: 68448K->1408K(69120K)] 377947K->310907K(744448K), 0.0019584 secs] [Times: user=0.01 sys=0.00, real=0.00 secs] 
1329.010: [GC (Allocation Failure) [PSYoungGen: 68480K->1376K(69120K)] 377979K->310875K(744448K), 0.0016707 secs] [Times: user=0.01 sys=0.00, real=0.00 secs] 
1329.367: [GC (Allocation Failure) [PSYoungGen: 68448K->1501K(69120K)] 377947K->311000K(744448K), 0.0015993 secs] [Times: user=0.01 sys=0.00, real=0.00 secs] 
1329.761: [GC (Allocation Failure) [PSYoungGen: 68573K->1533K(69120K)] 378072K->311032K(744448K), 0.0016494 secs] [Times: user=0.00 sys=0.00, real=0.00 secs] 
1330.153: [GC (Allocation Failure) [PSYoungGen: 68605K->1533K(69120K)] 378104K->311032K(744448K), 0.0015314 secs] [Times: user=0.01 sys=0.00, real=0.00 secs] 
1330.545: [GC (Allocation Failure) [PSYoungGen: 68605K->1565K(69120K)] 378104K->311080K(744448K), 0.0016426 secs] [Times: user=0.01 sys=0.00, real=0.00 secs] 
1331.146: [GC (Allocation Failure) [PSYoungGen: 68637K->1456K(69120K)] 378152K->310971K(744448K), 0.0017392 secs] [Times: user=0.01 sys=0.00, real=0.00 secs] 
1331.776: [GC (Allocation Failure) [PSYoungGen: 68528K->1408K(69120K)] 378043K->310923K(744448K), 0.0016923 secs] [Times: user=0.01 sys=0.00, real=0.00 secs] 
1332.206: [GC (Allocation Failure) [PSYoungGen: 68480K->1376K(69120K)] 377995K->310891K(744448K), 0.0017380 secs] [Times: user=0.01 sys=0.00, real=0.00 secs] 
1332.640: [GC (Allocation Failure) [PSYoungGen: 68448K->1376K(69120K)] 377963K->310891K(744448K), 0.0017196 secs] [Times: user=0.01 sys=0.00, real=0.01 secs] 
1333.185: [GC (Allocation Failure) [PSYoungGen: 68448K->1520K(69120K)] 377963K->311035K(744448K), 0.0014741 secs] [Times: user=0.00 sys=0.00, real=0.00 secs] 
1333.577: [GC (Allocation Failure) [PSYoungGen: 68592K->1584K(69120K)] 378107K->311099K(744448K), 0.0015321 secs] [Times: user=0.00 sys=0.00, real=0.00 secs] 
1333.972: [GC (Allocation Failure) [PSYoungGen: 68656K->1584K(69120K)] 378171K->311099K(744448K), 0.0016109 secs] [Times: user=0.01 sys=0.00, real=0.00 secs] 
1334.364: [GC (Allocation Failure) [PSYoungGen: 68656K->1533K(69120K)] 378171K->311056K(744448K), 0.0016059 secs] [Times: user=0.00 sys=0.00, real=0.00 secs] 
1335.823: [GC (Allocation Failure) [PSYoungGen: 68605K->1408K(69120K)] 378128K->310955K(744448K), 0.0026841 secs] [Times: user=0.01 sys=0.00, real=0.00 secs] 
1336.215: [GC (Allocation Failure) [PSYoungGen: 68480K->1344K(69120K)] 378027K->310891K(744448K), 0.0018773 secs] [Times: user=0.01 sys=0.00, real=0.00 secs] 
1336.493: [GC (Allocation Failure) [PSYoungGen: 68416K->1376K(69120K)] 377963K->310923K(744448K), 0.0018901 secs] [Times: user=0.01 sys=0.00, real=0.00 secs] 
1336.772: [GC (Allocation Failure) [PSYoungGen: 68448K->1360K(69120K)] 377995K->310907K(744448K), 0.0017167 secs] [Times: user=0.01 sys=0.00, real=0.00 secs] 
1337.197: [GC (Allocation Failure) [PSYoungGen: 68432K->1469K(69120K)] 377979K->311032K(744448K), 0.0016220 secs] [Times: user=0.00 sys=0.00, real=0.00 secs] 
1337.590: [GC (Allocation Failure) [PSYoungGen: 68541K->1565K(69120K)] 378104K->311128K(744448K), 0.0015702 secs] [Times: user=0.01 sys=0.00, real=0.01 secs] 
1337.983: [GC (Allocation Failure) [PSYoungGen: 68637K->1552K(69120K)] 378200K->311115K(744448K), 0.0015965 secs] [Times: user=0.01 sys=0.00, real=0.00 secs] 
1338.580: [GC (Allocation Failure) [PSYoungGen: 68624K->2016K(69120K)] 378187K->311595K(744448K), 0.0020201 secs] [Times: user=0.01 sys=0.00, real=0.01 secs] 
1339.457: [GC (Allocation Failure) [PSYoungGen: 69088K->1376K(69120K)] 378667K->310955K(744448K), 0.0019385 secs] [Times: user=0.01 sys=0.00, real=0.00 secs] 
1340.417: [GC (Allocation Failure) [PSYoungGen: 68448K->1440K(69120K)] 378027K->311019K(744448K), 0.0027070 secs] [Times: user=0.01 sys=0.00, real=0.00 secs] 
1341.148: [GC (Allocation Failure) [PSYoungGen: 68512K->1360K(69120K)] 378091K->310939K(744448K), 0.0036901 secs] [Times: user=0.02 sys=0.00, real=0.01 secs] 
1341.762: [GC (Allocation Failure) [PSYoungGen: 68432K->1408K(69120K)] 378011K->310987K(744448K), 0.0024706 secs] [Times: user=0.01 sys=0.00, real=0.00 secs] 
1342.236: [GC (Allocation Failure) [PSYoungGen: 68480K->1488K(69120K)] 378059K->311067K(744448K), 0.0016183 secs] [Times: user=0.01 sys=0.00, real=0.00 secs] 
1342.628: [GC (Allocation Failure) [PSYoungGen: 68560K->1533K(69120K)] 378139K->311112K(744448K), 0.0015303 secs] [Times: user=0.01 sys=0.00, real=0.00 secs] 
1343.022: [GC (Allocation Failure) [PSYoungGen: 68605K->1568K(69120K)] 378184K->311147K(744448K), 0.0016304 secs] [Times: user=0.00 sys=0.00, real=0.00 secs] 
1343.422: [GC (Allocation Failure) [PSYoungGen: 68640K->1488K(69120K)] 378219K->311067K(744448K), 0.0017977 secs] [Times: user=0.00 sys=0.00, real=0.00 secs] 
1343.701: [GC (Allocation Failure) [PSYoungGen: 68560K->1440K(69120K)] 378139K->311019K(744448K), 0.0017220 secs] [Times: user=0.01 sys=0.00, real=0.00 secs] 
1343.980: [GC (Allocation Failure) [PSYoungGen: 68512K->1328K(69120K)] 378091K->310907K(744448K), 0.0016150 secs] [Times: user=0.01 sys=0.00, real=0.01 secs] 
1344.457: [GC (Allocation Failure) [PSYoungGen: 68400K->1408K(69120K)] 377979K->310987K(744448K), 0.0019276 secs] [Times: user=0.01 sys=0.00, real=0.00 secs] 
1345.083: [GC (Allocation Failure) [PSYoungGen: 68480K->1469K(69120K)] 378059K->311048K(744448K), 0.0024630 secs] [Times: user=0.01 sys=0.00, real=0.00 secs] 
1345.539: [GC (Allocation Failure) [PSYoungGen: 68541K->1552K(69120K)] 378120K->311131K(744448K), 0.0015337 secs] [Times: user=0.01 sys=0.00, real=0.01 secs] 
1345.932: [GC (Allocation Failure) [PSYoungGen: 68624K->1552K(69120K)] 378203K->311131K(744448K), 0.0015200 secs] [Times: user=0.01 sys=0.00, real=0.00 secs] 
1346.323: [GC (Allocation Failure) [PSYoungGen: 68624K->1520K(69120K)] 378203K->311115K(744448K), 0.0016120 secs] [Times: user=0.00 sys=0.00, real=0.00 secs] 
1346.750: [GC (Allocation Failure) [PSYoungGen: 68592K->1440K(69120K)] 378187K->311035K(744448K), 0.0026868 secs] [Times: user=0.01 sys=0.00, real=0.01 secs] 
1347.030: [GC (Allocation Failure) [PSYoungGen: 68512K->1376K(69120K)] 378107K->310971K(744448K), 0.0018474 secs] [Times: user=0.01 sys=0.00, real=0.01 secs] 
1347.308: [GC (Allocation Failure) [PSYoungGen: 68448K->1376K(69120K)] 378043K->310971K(744448K), 0.0018415 secs] [Times: user=0.00 sys=0.00, real=0.00 secs] 
1347.587: [GC (Allocation Failure) [PSYoungGen: 68448K->1408K(69120K)] 378043K->311003K(744448K), 0.0018048 secs] [Times: user=0.01 sys=0.00, real=0.00 secs] 
1347.934: [GC (Allocation Failure) [PSYoungGen: 68480K->1469K(69120K)] 378075K->311064K(744448K), 0.0015438 secs] [Times: user=0.01 sys=0.00, real=0.00 secs] 
1348.331: [GC (Allocation Failure) [PSYoungGen: 68541K->1549K(69120K)] 378136K->311144K(744448K), 0.0020745 secs] [Times: user=0.01 sys=0.00, real=0.00 secs] 
1348.728: [GC (Allocation Failure) [PSYoungGen: 68621K->1520K(69120K)] 378216K->311115K(744448K), 0.0016546 secs] [Times: user=0.01 sys=0.00, real=0.00 secs] 
1349.125: [GC (Allocation Failure) [PSYoungGen: 68592K->1552K(69120K)] 378187K->311163K(744448K), 0.0016347 secs] [Times: user=0.01 sys=0.00, real=0.00 secs] 
1350.182: [GC (Allocation Failure) [PSYoungGen: 68624K->1424K(69120K)] 378235K->311035K(744448K), 0.0039861 secs] [Times: user=0.02 sys=0.00, real=0.00 secs] 
1351.093: [GC (Allocation Failure) [PSYoungGen: 68496K->1440K(69120K)] 378107K->311051K(744448K), 0.0037641 secs] [Times: user=0.01 sys=0.00, real=0.00 secs] 
1351.734: [GC (Allocation Failure) [PSYoungGen: 68512K->1408K(69120K)] 378123K->311019K(744448K), 0.0020009 secs] [Times: user=0.00 sys=0.00, real=0.00 secs] 
1352.305: [GC (Allocation Failure) [PSYoungGen: 68480K->1344K(69120K)] 378091K->310955K(744448K), 0.0021494 secs] [Times: user=0.01 sys=0.00, real=0.00 secs] 
1352.900: [GC (Allocation Failure) [PSYoungGen: 68416K->1549K(69120K)] 378027K->311160K(744448K), 0.0015888 secs] [Times: user=0.01 sys=0.00, real=0.01 secs] 
1353.292: [GC (Allocation Failure) [PSYoungGen: 68594K->1552K(69120K)] 378205K->311163K(744448K), 0.0015795 secs] [Times: user=0.01 sys=0.00, real=0.00 secs] 
1353.685: [GC (Allocation Failure) [PSYoungGen: 68624K->1552K(69120K)] 378235K->311163K(744448K), 0.0016146 secs] [Times: user=0.01 sys=0.00, real=0.00 secs] 
1354.081: [GC (Allocation Failure) [PSYoungGen: 68624K->1533K(69120K)] 378235K->311152K(744448K), 0.0015677 secs] [Times: user=0.01 sys=0.00, real=0.00 secs] 
1354.443: [GC (Allocation Failure) [PSYoungGen: 68605K->1408K(69120K)] 378224K->311027K(744448K), 0.0019431 secs] [Times: user=0.01 sys=0.00, real=0.00 secs] 
1354.722: [GC (Allocation Failure) [PSYoungGen: 68480K->1424K(69120K)] 378099K->311043K(744448K), 0.0018823 secs] [Times: user=0.01 sys=0.00, real=0.00 secs] 
1355.001: [GC (Allocation Failure) [PSYoungGen: 68496K->1408K(69120K)] 378115K->311027K(744448K), 0.0027287 secs] [Times: user=0.01 sys=0.00, real=0.00 secs] 
1355.282: [GC (Allocation Failure) [PSYoungGen: 68480K->1408K(69120K)] 378099K->311027K(744448K), 0.0021252 secs] [Times: user=0.01 sys=0.00, real=0.00 secs] 
1355.676: [GC (Allocation Failure) [PSYoungGen: 68480K->1424K(69120K)] 378099K->311059K(744448K), 0.0014690 secs] [Times: user=0.01 sys=0.00, real=0.00 secs] 
1356.066: [GC (Allocation Failure) [PSYoungGen: 68496K->1584K(69120K)] 378131K->311219K(744448K), 0.0016258 secs] [Times: user=0.01 sys=0.00, real=0.00 secs] 
1356.461: [GC (Allocation Failure) [PSYoungGen: 68656K->1533K(69120K)] 378291K->311168K(744448K), 0.0015683 secs] [Times: user=0.01 sys=0.00, real=0.00 secs] 
1356.902: [GC (Allocation Failure) [PSYoungGen: 68605K->1600K(69120K)] 378240K->311235K(744448K), 0.0025528 secs] [Times: user=0.01 sys=0.00, real=0.00 secs] 
1357.717: [GC (Allocation Failure) [PSYoungGen: 68672K->1376K(69120K)] 378307K->311011K(744448K), 0.0021022 secs] [Times: user=0.01 sys=0.00, real=0.00 secs] 
1358.346: [GC (Allocation Failure) [PSYoungGen: 68448K->1376K(69120K)] 378083K->311011K(744448K), 0.0020187 secs] [Times: user=0.00 sys=0.00, real=0.00 secs] 
1358.952: [GC (Allocation Failure) [PSYoungGen: 68448K->1360K(69120K)] 378083K->310995K(744448K), 0.0021299 secs] [Times: user=0.00 sys=0.00, real=0.00 secs] 
1359.574: [GC (Allocation Failure) [PSYoungGen: 68432K->1408K(69120K)] 378067K->311043K(744448K), 0.0023742 secs] [Times: user=0.01 sys=0.00, real=0.00 secs] 
1360.065: [GC (Allocation Failure) [PSYoungGen: 68480K->1552K(69120K)] 378115K->311187K(744448K), 0.0016256 secs] [Times: user=0.00 sys=0.00, real=0.00 secs] 
1360.519: [GC (Allocation Failure) [PSYoungGen: 68624K->1533K(69120K)] 378259K->311168K(744448K), 0.0017348 secs] [Times: user=0.01 sys=0.00, real=0.01 secs] 
1360.911: [GC (Allocation Failure) [PSYoungGen: 68605K->1597K(69120K)] 378240K->311232K(744448K), 0.0016801 secs] [Times: user=0.01 sys=0.00, real=0.00 secs] 
1361.712: [GC (Allocation Failure) [PSYoungGen: 68669K->1472K(69120K)] 378304K->311107K(744448K), 0.0029674 secs] [Times: user=0.01 sys=0.00, real=0.00 secs] 
1362.261: [GC (Allocation Failure) [PSYoungGen: 68544K->1408K(69120K)] 378179K->311043K(744448K), 0.0021687 secs] [Times: user=0.01 sys=0.00, real=0.00 secs] 
1362.534: [GC (Allocation Failure) [PSYoungGen: 68480K->1360K(69120K)] 378115K->310995K(744448K), 0.0018863 secs] [Times: user=0.01 sys=0.00, real=0.00 secs] 
1362.813: [GC (Allocation Failure) [PSYoungGen: 68432K->1408K(69120K)] 378067K->311043K(744448K), 0.0019115 secs] [Times: user=0.00 sys=0.00, real=0.00 secs] 
1363.145: [GC (Allocation Failure) [PSYoungGen: 68480K->1533K(69120K)] 378115K->311168K(744448K), 0.0026062 secs] [Times: user=0.01 sys=0.00, real=0.00 secs] 
1363.673: [GC (Allocation Failure) [PSYoungGen: 68605K->1565K(69120K)] 378240K->311200K(744448K), 0.0017751 secs] [Times: user=0.01 sys=0.00, real=0.00 secs] 
1364.068: [GC (Allocation Failure) [PSYoungGen: 68637K->1533K(69120K)] 378272K->311168K(744448K), 0.0017662 secs] [Times: user=0.01 sys=0.00, real=0.01 secs] 
1364.464: [GC (Allocation Failure) [PSYoungGen: 68605K->1565K(69120K)] 378240K->311216K(744448K), 0.0017372 secs] [Times: user=0.00 sys=0.00, real=0.00 secs] 
1365.034: [GC (Allocation Failure) [PSYoungGen: 68637K->1440K(69120K)] 378288K->311091K(744448K), 0.0027860 secs] [Times: user=0.01 sys=0.01, real=0.00 secs] 
1365.696: [GC (Allocation Failure) [PSYoungGen: 68512K->1376K(69120K)] 378163K->311051K(744448K), 0.0024675 secs] [Times: user=0.01 sys=0.00, real=0.00 secs] 
1366.382: [GC (Allocation Failure) [PSYoungGen: 68448K->1344K(69120K)] 378123K->311019K(744448K), 0.0019409 secs] [Times: user=0.01 sys=0.00, real=0.00 secs] 
1366.661: [GC (Allocation Failure) [PSYoungGen: 68416K->1408K(69120K)] 378091K->311083K(744448K), 0.0017784 secs] [Times: user=0.01 sys=0.00, real=0.00 secs] 
1366.994: [GC (Allocation Failure) [PSYoungGen: 68480K->1421K(69120K)] 378155K->311096K(744448K), 0.0015656 secs] [Times: user=0.00 sys=0.00, real=0.00 secs] 
1367.384: [GC (Allocation Failure) [PSYoungGen: 68493K->1552K(69120K)] 378168K->311227K(744448K), 0.0015578 secs] [Times: user=0.01 sys=0.00, real=0.00 secs] 
1367.777: [GC (Allocation Failure) [PSYoungGen: 68624K->1533K(69120K)] 378299K->311208K(744448K), 0.0015378 secs] [Times: user=0.00 sys=0.00, real=0.00 secs] 
1368.171: [GC (Allocation Failure) [PSYoungGen: 68605K->1565K(69120K)] 378280K->311248K(744448K), 0.0015826 secs] [Times: user=0.01 sys=0.00, real=0.00 secs] 
1369.107: [GC (Allocation Failure) [PSYoungGen: 68637K->1488K(69120K)] 378320K->311171K(744448K), 0.0028936 secs] [Times: user=0.01 sys=0.00, real=0.00 secs] 
1369.656: [GC (Allocation Failure) [PSYoungGen: 68560K->1408K(69120K)] 378243K->311091K(744448K), 0.0023851 secs] [Times: user=0.01 sys=0.00, real=0.00 secs] 
1370.264: [GC (Allocation Failure) [PSYoungGen: 68480K->1376K(69120K)] 378163K->311059K(744448K), 0.0032293 secs] [Times: user=0.01 sys=0.00, real=0.00 secs] 
1370.652: [GC (Allocation Failure) [PSYoungGen: 68448K->1376K(69120K)] 378131K->311059K(744448K), 0.0019138 secs] [Times: user=0.01 sys=0.00, real=0.00 secs] 
1371.004: [GC (Allocation Failure) [PSYoungGen: 68448K->1469K(69120K)] 378131K->311152K(744448K), 0.0015727 secs] [Times: user=0.00 sys=0.00, real=0.00 secs] 
1371.397: [GC (Allocation Failure) [PSYoungGen: 68541K->1584K(69120K)] 378224K->311267K(744448K), 0.0015274 secs] [Times: user=0.00 sys=0.00, real=0.00 secs] 
1371.790: [GC (Allocation Failure) [PSYoungGen: 68656K->1584K(69120K)] 378339K->311267K(744448K), 0.0016205 secs] [Times: user=0.00 sys=0.00, real=0.01 secs] 
1372.183: [GC (Allocation Failure) [PSYoungGen: 68656K->1552K(69120K)] 378339K->311251K(744448K), 0.0016178 secs] [Times: user=0.01 sys=0.00, real=0.00 secs] 
1373.082: [GC (Allocation Failure) [PSYoungGen: 68624K->1440K(69120K)] 378323K->311147K(744448K), 0.0022256 secs] [Times: user=0.01 sys=0.00, real=0.00 secs] 
1374.017: [GC (Allocation Failure) [PSYoungGen: 68512K->1408K(69120K)] 378219K->311115K(744448K), 0.0024202 secs] [Times: user=0.01 sys=0.00, real=0.00 secs] 
1375.029: [GC (Allocation Failure) [PSYoungGen: 68480K->1408K(69120K)] 378187K->311115K(744448K), 0.0035039 secs] [Times: user=0.02 sys=0.00, real=0.01 secs] 
1375.947: [GC (Allocation Failure) [PSYoungGen: 68480K->1376K(69120K)] 378187K->311083K(744448K), 0.0025861 secs] [Times: user=0.02 sys=0.00, real=0.00 secs] 
1376.568: [GC (Allocation Failure) [PSYoungGen: 68448K->1501K(69120K)] 378155K->311208K(744448K), 0.0016077 secs] [Times: user=0.01 sys=0.00, real=0.00 secs] 
1376.961: [GC (Allocation Failure) [PSYoungGen: 68573K->1536K(69120K)] 378280K->311243K(744448K), 0.0015811 secs] [Times: user=0.01 sys=0.00, real=0.00 secs] 
1377.353: [GC (Allocation Failure) [PSYoungGen: 68608K->1565K(69120K)] 378315K->311296K(744448K), 0.0015518 secs] [Times: user=0.01 sys=0.00, real=0.00 secs] 
1377.808: [GC (Allocation Failure) [PSYoungGen: 68637K->1597K(69120K)] 378368K->311344K(744448K), 0.0015589 secs] [Times: user=0.01 sys=0.00, real=0.00 secs] 
1378.948: [GC (Allocation Failure) [PSYoungGen: 68669K->1376K(69120K)] 378416K->311123K(744448K), 0.0034834 secs] [Times: user=0.01 sys=0.00, real=0.01 secs] 
1380.821: [GC (Allocation Failure) [PSYoungGen: 68448K->1408K(69120K)] 378195K->311155K(744448K), 0.0037220 secs] [Times: user=0.02 sys=0.00, real=0.00 secs] 
1381.901: [GC (Allocation Failure) [PSYoungGen: 68480K->1376K(69120K)] 378227K->311123K(744448K), 0.0039857 secs] [Times: user=0.01 sys=0.00, real=0.00 secs] 
1382.560: [GC (Allocation Failure) [PSYoungGen: 68448K->1376K(69120K)] 378195K->311123K(744448K), 0.0034417 secs] [Times: user=0.01 sys=0.00, real=0.01 secs] 
1383.129: [GC (Allocation Failure) [PSYoungGen: 68448K->1501K(69120K)] 378195K->311248K(744448K), 0.0015868 secs] [Times: user=0.00 sys=0.00, real=0.00 secs] 
1383.520: [GC (Allocation Failure) [PSYoungGen: 68562K->1568K(69120K)] 378309K->311315K(744448K), 0.0015430 secs] [Times: user=0.01 sys=0.00, real=0.01 secs] 
1383.912: [GC (Allocation Failure) [PSYoungGen: 68640K->1533K(69120K)] 378387K->311280K(744448K), 0.0016570 secs] [Times: user=0.01 sys=0.00, real=0.00 secs] 
1384.329: [GC (Allocation Failure) [PSYoungGen: 68605K->2016K(69120K)] 378352K->311787K(744448K), 0.0016987 secs] [Times: user=0.00 sys=0.00, real=0.01 secs] 
1385.165: [GC (Allocation Failure) [PSYoungGen: 69088K->1376K(69120K)] 378859K->311147K(744448K), 0.0018376 secs] [Times: user=0.01 sys=0.00, real=0.00 secs] 
1385.875: [GC (Allocation Failure) [PSYoungGen: 68448K->1408K(69120K)] 378219K->311179K(744448K), 0.0018741 secs] [Times: user=0.00 sys=0.00, real=0.00 secs] 
1386.443: [GC (Allocation Failure) [PSYoungGen: 68480K->1408K(69120K)] 378251K->311179K(744448K), 0.0018943 secs] [Times: user=0.01 sys=0.00, real=0.00 secs] 
1387.036: [GC (Allocation Failure) [PSYoungGen: 68480K->1376K(69120K)] 378251K->311147K(744448K), 0.0029177 secs] [Times: user=0.01 sys=0.00, real=0.00 secs] 
1387.533: [GC (Allocation Failure) [PSYoungGen: 68448K->1533K(69120K)] 378219K->311304K(744448K), 0.0015617 secs] [Times: user=0.00 sys=0.00, real=0.00 secs] 
1387.924: [GC (Allocation Failure) [PSYoungGen: 68605K->1552K(69120K)] 378376K->311323K(744448K), 0.0015577 secs] [Times: user=0.00 sys=0.00, real=0.00 secs] 
1388.316: [GC (Allocation Failure) [PSYoungGen: 68624K->1600K(69120K)] 378395K->311371K(744448K), 0.0015683 secs] [Times: user=0.01 sys=0.00, real=0.00 secs] 
1388.681: [GC (Allocation Failure) [PSYoungGen: 68672K->1472K(69120K)] 378443K->311259K(744448K), 0.0018025 secs] [Times: user=0.01 sys=0.00, real=0.00 secs] 
1389.185: [GC (Allocation Failure) [PSYoungGen: 68544K->1408K(69120K)] 378331K->311195K(744448K), 0.0019216 secs] [Times: user=0.01 sys=0.00, real=0.00 secs] 
1389.873: [GC (Allocation Failure) [PSYoungGen: 68480K->1344K(69120K)] 378267K->311131K(744448K), 0.0033599 secs] [Times: user=0.01 sys=0.00, real=0.00 secs] 
1390.635: [GC (Allocation Failure) [PSYoungGen: 68416K->1360K(69120K)] 378203K->311147K(744448K), 0.0036333 secs] [Times: user=0.01 sys=0.00, real=0.00 secs] 
1391.474: [GC (Allocation Failure) [PSYoungGen: 68432K->1437K(69120K)] 378219K->311224K(744448K), 0.0024287 secs] [Times: user=0.01 sys=0.00, real=0.00 secs] 
1391.926: [GC (Allocation Failure) [PSYoungGen: 68509K->1552K(69120K)] 378296K->311339K(744448K), 0.0015924 secs] [Times: user=0.00 sys=0.00, real=0.00 secs] 
1392.321: [GC (Allocation Failure) [PSYoungGen: 68624K->1565K(69120K)] 378411K->311352K(744448K), 0.0015883 secs] [Times: user=0.01 sys=0.00, real=0.00 secs] 
1392.776: [GC (Allocation Failure) [PSYoungGen: 68637K->1533K(69120K)] 378424K->311328K(744448K), 0.0016834 secs] [Times: user=0.00 sys=0.00, real=0.00 secs] 
1393.347: [GC (Allocation Failure) [PSYoungGen: 68605K->1472K(69120K)] 378400K->311267K(744448K), 0.0024342 secs] [Times: user=0.01 sys=0.00, real=0.00 secs] 
1394.026: [GC (Allocation Failure) [PSYoungGen: 68544K->1440K(69120K)] 378339K->311235K(744448K), 0.0022674 secs] [Times: user=0.01 sys=0.00, real=0.00 secs] 
1394.541: [GC (Allocation Failure) [PSYoungGen: 68512K->1344K(69120K)] 378307K->311139K(744448K), 0.0022652 secs] [Times: user=0.01 sys=0.00, real=0.00 secs] 
1395.247: [GC (Allocation Failure) [PSYoungGen: 68416K->1376K(69120K)] 378211K->311171K(744448K), 0.0024818 secs] [Times: user=0.01 sys=0.00, real=0.00 secs] 
1395.851: [GC (Allocation Failure) [PSYoungGen: 68448K->1456K(69120K)] 378243K->311251K(744448K), 0.0015619 secs] [Times: user=0.01 sys=0.00, real=0.00 secs] 
1396.243: [GC (Allocation Failure) [PSYoungGen: 68528K->1533K(69120K)] 378323K->311328K(744448K), 0.0015313 secs] [Times: user=0.01 sys=0.00, real=0.00 secs] 
1396.634: [GC (Allocation Failure) [PSYoungGen: 68605K->1565K(69120K)] 378400K->311376K(744448K), 0.0015220 secs] [Times: user=0.00 sys=0.00, real=0.00 secs] 
1397.027: [GC (Allocation Failure) [PSYoungGen: 68637K->1533K(69120K)] 378448K->311352K(744448K), 0.0015158 secs] [Times: user=0.01 sys=0.00, real=0.00 secs] 
1397.462: [GC (Allocation Failure) [PSYoungGen: 68605K->1456K(69120K)] 378424K->311275K(744448K), 0.0020911 secs] [Times: user=0.01 sys=0.00, real=0.00 secs] 
1397.747: [GC (Allocation Failure) [PSYoungGen: 68528K->1408K(69120K)] 378347K->311227K(744448K), 0.0018474 secs] [Times: user=0.00 sys=0.00, real=0.00 secs] 
1398.170: [GC (Allocation Failure) [PSYoungGen: 68480K->1376K(69120K)] 378299K->311195K(744448K), 0.0017846 secs] [Times: user=0.00 sys=0.00, real=0.01 secs] 
1398.639: [GC (Allocation Failure) [PSYoungGen: 68448K->1392K(69120K)] 378267K->311211K(744448K), 0.0019203 secs] [Times: user=0.00 sys=0.00, real=0.01 secs] 
1399.195: [GC (Allocation Failure) [PSYoungGen: 68464K->1504K(69120K)] 378283K->311323K(744448K), 0.0015009 secs] [Times: user=0.00 sys=0.00, real=0.00 secs] 
1399.593: [GC (Allocation Failure) [PSYoungGen: 68576K->1501K(69120K)] 378395K->311320K(744448K), 0.0014324 secs] [Times: user=0.01 sys=0.00, real=0.00 secs] 
1399.989: [GC (Allocation Failure) [PSYoungGen: 68573K->1552K(69120K)] 378392K->311371K(744448K), 0.0015415 secs] [Times: user=0.01 sys=0.00, real=0.01 secs] 
1400.382: [GC (Allocation Failure) [PSYoungGen: 68624K->1552K(69120K)] 378443K->311379K(744448K), 0.0015557 secs] [Times: user=0.01 sys=0.00, real=0.00 secs] 
1401.600: [GC (Allocation Failure) [PSYoungGen: 68624K->1424K(69120K)] 378451K->311251K(744448K), 0.0030621 secs] [Times: user=0.01 sys=0.00, real=0.01 secs] 
1402.157: [GC (Allocation Failure) [PSYoungGen: 68496K->1408K(69120K)] 378323K->311235K(744448K), 0.0029930 secs] [Times: user=0.01 sys=0.00, real=0.00 secs] 
1402.556: [GC (Allocation Failure) [PSYoungGen: 68480K->1376K(69120K)] 378307K->311203K(744448K), 0.0019791 secs] [Times: user=0.01 sys=0.00, real=0.00 secs] 
1402.944: [GC (Allocation Failure) [PSYoungGen: 68448K->1376K(69120K)] 378275K->311203K(744448K), 0.0019139 secs] [Times: user=0.00 sys=0.00, real=0.00 secs] 
1403.408: [GC (Allocation Failure) [PSYoungGen: 68448K->1424K(69120K)] 378275K->311251K(744448K), 0.0015985 secs] [Times: user=0.01 sys=0.00, real=0.00 secs] 
1403.801: [GC (Allocation Failure) [PSYoungGen: 68496K->1533K(69120K)] 378323K->311360K(744448K), 0.0016278 secs] [Times: user=0.00 sys=0.00, real=0.00 secs] 
1404.196: [GC (Allocation Failure) [PSYoungGen: 68605K->1520K(69120K)] 378432K->311347K(744448K), 0.0015315 secs] [Times: user=0.01 sys=0.00, real=0.00 secs] 
1404.589: [GC (Allocation Failure) [PSYoungGen: 68592K->429K(69120K)] 378419K->310272K(744448K), 0.0015866 secs] [Times: user=0.00 sys=0.01, real=0.01 secs] 
1404.912: [GC (Allocation Failure) [PSYoungGen: 67501K->1408K(69120K)] 377344K->311251K(744448K), 0.0017785 secs] [Times: user=0.01 sys=0.00, real=0.00 secs] 
1405.191: [GC (Allocation Failure) [PSYoungGen: 68480K->1392K(69120K)] 378323K->311259K(744448K), 0.0016615 secs] [Times: user=0.01 sys=0.00, real=0.00 secs] 
1405.469: [GC (Allocation Failure) [PSYoungGen: 68464K->1408K(69120K)] 378331K->311275K(744448K), 0.0016413 secs] [Times: user=0.01 sys=0.00, real=0.01 secs] 
1405.747: [GC (Allocation Failure) [PSYoungGen: 68480K->1344K(69120K)] 378347K->311211K(744448K), 0.0017048 secs] [Times: user=0.00 sys=0.01, real=0.00 secs] 
1406.131: [GC (Allocation Failure) [PSYoungGen: 68416K->1520K(69120K)] 378283K->311387K(744448K), 0.0016455 secs] [Times: user=0.01 sys=0.00, real=0.00 secs] 
1406.524: [GC (Allocation Failure) [PSYoungGen: 68592K->1552K(69120K)] 378459K->311419K(744448K), 0.0015261 secs] [Times: user=0.00 sys=0.00, real=0.00 secs] 
1406.917: [GC (Allocation Failure) [PSYoungGen: 68624K->1552K(69120K)] 378491K->311419K(744448K), 0.0016034 secs] [Times: user=0.00 sys=0.00, real=0.00 secs] 
1407.321: [GC (Allocation Failure) [PSYoungGen: 68624K->1520K(69120K)] 378491K->311387K(744448K), 0.0018230 secs] [Times: user=0.01 sys=0.00, real=0.00 secs] 
1407.600: [GC (Allocation Failure) [PSYoungGen: 68592K->1376K(69120K)] 378459K->311243K(744448K), 0.0016602 secs] [Times: user=0.01 sys=0.00, real=0.01 secs] 
1407.879: [GC (Allocation Failure) [PSYoungGen: 68448K->1376K(69120K)] 378315K->311243K(744448K), 0.0023049 secs] [Times: user=0.01 sys=0.00, real=0.01 secs] 
1408.220: [GC (Allocation Failure) [PSYoungGen: 68448K->1376K(69120K)] 378315K->311243K(744448K), 0.0024959 secs] [Times: user=0.01 sys=0.00, real=0.00 secs] 
1408.737: [GC (Allocation Failure) [PSYoungGen: 68317K->288K(69120K)] 378184K->310155K(744448K), 0.0024028 secs] [Times: user=0.01 sys=0.00, real=0.00 secs] 
1409.185: [GC (Allocation Failure) [PSYoungGen: 67360K->1565K(69120K)] 377227K->311432K(744448K), 0.0015703 secs] [Times: user=0.00 sys=0.00, real=0.00 secs] 
1409.578: [GC (Allocation Failure) [PSYoungGen: 68637K->1568K(69120K)] 378504K->311435K(744448K), 0.0015451 secs] [Times: user=0.01 sys=0.00, real=0.00 secs] 
1409.979: [GC (Allocation Failure) [PSYoungGen: 68640K->1533K(69120K)] 378507K->311400K(744448K), 0.0015370 secs] [Times: user=0.01 sys=0.00, real=0.01 secs] 
1410.508: [GC (Allocation Failure) [PSYoungGen: 68605K->1440K(69120K)] 378472K->311315K(744448K), 0.0017359 secs] [Times: user=0.00 sys=0.00, real=0.00 secs] 
1411.115: [GC (Allocation Failure) [PSYoungGen: 68512K->1440K(69120K)] 378387K->311315K(744448K), 0.0034111 secs] [Times: user=0.01 sys=0.00, real=0.00 secs] 
1411.458: [GC (Allocation Failure) [PSYoungGen: 68512K->1392K(69120K)] 378387K->311267K(744448K), 0.0018706 secs] [Times: user=0.01 sys=0.00, real=0.01 secs] 
1411.774: [GC (Allocation Failure) [PSYoungGen: 68464K->1360K(69120K)] 378339K->311235K(744448K), 0.0018308 secs] [Times: user=0.01 sys=0.00, real=0.00 secs] 
1412.108: [GC (Allocation Failure) [PSYoungGen: 68432K->1469K(69120K)] 378307K->311344K(744448K), 0.0014484 secs] [Times: user=0.00 sys=0.00, real=0.00 secs] 
1412.500: [GC (Allocation Failure) [PSYoungGen: 68541K->1584K(69120K)] 378416K->311459K(744448K), 0.0015014 secs] [Times: user=0.01 sys=0.00, real=0.01 secs] 
1412.892: [GC (Allocation Failure) [PSYoungGen: 68656K->1584K(69120K)] 378531K->311459K(744448K), 0.0015713 secs] [Times: user=0.01 sys=0.00, real=0.00 secs] 
1413.284: [GC (Allocation Failure) [PSYoungGen: 68656K->1565K(69120K)] 378531K->311456K(744448K), 0.0015617 secs] [Times: user=0.01 sys=0.00, real=0.00 secs] 
1414.580: [GC (Allocation Failure) [PSYoungGen: 68637K->1504K(69120K)] 378528K->311395K(744448K), 0.0035665 secs] [Times: user=0.02 sys=0.00, real=0.01 secs] 
1415.212: [GC (Allocation Failure) [PSYoungGen: 68576K->1376K(69120K)] 378467K->311267K(744448K), 0.0026271 secs] [Times: user=0.01 sys=0.00, real=0.00 secs] 
1415.490: [GC (Allocation Failure) [PSYoungGen: 68448K->1344K(69120K)] 378339K->311251K(744448K), 0.0018707 secs] [Times: user=0.01 sys=0.00, real=0.01 secs] 
1415.768: [GC (Allocation Failure) [PSYoungGen: 68416K->1344K(69120K)] 378323K->311251K(744448K), 0.0019864 secs] [Times: user=0.01 sys=0.00, real=0.00 secs] 
1416.116: [GC (Allocation Failure) [PSYoungGen: 68416K->1501K(69120K)] 378323K->311408K(744448K), 0.0015676 secs] [Times: user=0.00 sys=0.00, real=0.00 secs] 
1416.507: [GC (Allocation Failure) [PSYoungGen: 68573K->1584K(69120K)] 378480K->311491K(744448K), 0.0016514 secs] [Times: user=0.00 sys=0.00, real=0.00 secs] 
1416.899: [GC (Allocation Failure) [PSYoungGen: 68656K->1520K(69120K)] 378563K->311427K(744448K), 0.0015186 secs] [Times: user=0.00 sys=0.00, real=0.01 secs] 
1417.294: [GC (Allocation Failure) [PSYoungGen: 68592K->1565K(69120K)] 378499K->311480K(744448K), 0.0016979 secs] [Times: user=0.01 sys=0.01, real=0.00 secs] 
1417.769: [GC (Allocation Failure) [PSYoungGen: 68637K->1376K(69120K)] 378552K->311299K(744448K), 0.0019098 secs] [Times: user=0.01 sys=0.00, real=0.01 secs] 
1418.070: [GC (Allocation Failure) [PSYoungGen: 68448K->1376K(69120K)] 378371K->311299K(744448K), 0.0017280 secs] [Times: user=0.00 sys=0.00, real=0.00 secs] 
1418.613: [GC (Allocation Failure) [PSYoungGen: 68448K->1376K(69120K)] 378371K->311299K(744448K), 0.0020602 secs] [Times: user=0.00 sys=0.00, real=0.00 secs] 
1419.154: [GC (Allocation Failure) [PSYoungGen: 68448K->1344K(69120K)] 378371K->311267K(744448K), 0.0021934 secs] [Times: user=0.01 sys=0.01, real=0.00 secs] 
1419.674: [GC (Allocation Failure) [PSYoungGen: 68416K->1533K(69120K)] 378339K->311456K(744448K), 0.0015062 secs] [Times: user=0.00 sys=0.00, real=0.00 secs] 
1420.070: [GC (Allocation Failure) [PSYoungGen: 68605K->1613K(69120K)] 378528K->311536K(744448K), 0.0014705 secs] [Times: user=0.00 sys=0.00, real=0.00 secs] 
1420.467: [GC (Allocation Failure) [PSYoungGen: 68685K->1533K(69120K)] 378608K->311456K(744448K), 0.0016484 secs] [Times: user=0.01 sys=0.00, real=0.00 secs] 
1420.869: [GC (Allocation Failure) [PSYoungGen: 68605K->1533K(69120K)] 378528K->311464K(744448K), 0.0016414 secs] [Times: user=0.01 sys=0.00, real=0.01 secs] 
1421.529: [GC (Allocation Failure) [PSYoungGen: 68605K->1424K(69120K)] 378536K->311355K(744448K), 0.0020926 secs] [Times: user=0.01 sys=0.00, real=0.01 secs] 
1422.226: [GC (Allocation Failure) [PSYoungGen: 68496K->1408K(69120K)] 378427K->311339K(744448K), 0.0022337 secs] [Times: user=0.01 sys=0.00, real=0.00 secs] 
1422.846: [GC (Allocation Failure) [PSYoungGen: 68480K->1376K(69120K)] 378411K->311307K(744448K), 0.0025633 secs] [Times: user=0.01 sys=0.00, real=0.00 secs] 
1423.438: [GC (Allocation Failure) [PSYoungGen: 68448K->1440K(69120K)] 378379K->311371K(744448K), 0.0024771 secs] [Times: user=0.00 sys=0.00, real=0.01 secs] 
1423.958: [GC (Allocation Failure) [PSYoungGen: 68512K->1501K(69120K)] 378443K->311432K(744448K), 0.0015090 secs] [Times: user=0.01 sys=0.00, real=0.00 secs] 
1424.353: [GC (Allocation Failure) [PSYoungGen: 68573K->1584K(69120K)] 378504K->311515K(744448K), 0.0015675 secs] [Times: user=0.01 sys=0.00, real=0.00 secs] 
1424.752: [GC (Allocation Failure) [PSYoungGen: 68656K->1552K(69120K)] 378587K->311483K(744448K), 0.0016596 secs] [Times: user=0.01 sys=0.00, real=0.00 secs] 
1425.181: [GC (Allocation Failure) [PSYoungGen: 68624K->2032K(69120K)] 378555K->311995K(744448K), 0.0019386 secs] [Times: user=0.01 sys=0.00, real=0.00 secs] 
1425.807: [GC (Allocation Failure) [PSYoungGen: 69104K->1376K(69120K)] 379067K->311355K(744448K), 0.0019541 secs] [Times: user=0.01 sys=0.00, real=0.00 secs] 
1426.405: [GC (Allocation Failure) [PSYoungGen: 68448K->1376K(69120K)] 378427K->311355K(744448K), 0.0030143 secs] [Times: user=0.01 sys=0.00, real=0.00 secs] 
1426.827: [GC (Allocation Failure) [PSYoungGen: 68448K->1408K(69120K)] 378427K->311387K(744448K), 0.0018626 secs] [Times: user=0.01 sys=0.00, real=0.00 secs] 
1427.106: [GC (Allocation Failure) [PSYoungGen: 68480K->1408K(69120K)] 378459K->311387K(744448K), 0.0018970 secs] [Times: user=0.00 sys=0.00, real=0.00 secs] 
1427.537: [GC (Allocation Failure) [PSYoungGen: 68480K->1536K(69120K)] 378459K->311515K(744448K), 0.0015184 secs] [Times: user=0.01 sys=0.00, real=0.00 secs] 
1427.930: [GC (Allocation Failure) [PSYoungGen: 68608K->1533K(69120K)] 378587K->311512K(744448K), 0.0016584 secs] [Times: user=0.00 sys=0.00, real=0.01 secs] 
1428.323: [GC (Allocation Failure) [PSYoungGen: 68605K->1584K(69120K)] 378584K->311563K(744448K), 0.0016001 secs] [Times: user=0.01 sys=0.00, real=0.00 secs] 
1428.832: [GC (Allocation Failure) [PSYoungGen: 68656K->1520K(69120K)] 378635K->311507K(744448K), 0.0020254 secs] [Times: user=0.00 sys=0.00, real=0.00 secs] 
1429.128: [GC (Allocation Failure) [PSYoungGen: 68592K->1376K(69120K)] 378579K->311363K(744448K), 0.0018569 secs] [Times: user=0.00 sys=0.00, real=0.00 secs] 
1429.414: [GC (Allocation Failure) [PSYoungGen: 68448K->1408K(69120K)] 378435K->311395K(744448K), 0.0019774 secs] [Times: user=0.01 sys=0.00, real=0.00 secs] 
1429.818: [GC (Allocation Failure) [PSYoungGen: 68480K->1344K(69120K)] 378467K->311331K(744448K), 0.0020322 secs] [Times: user=0.00 sys=0.00, real=0.00 secs] 
1430.127: [GC (Allocation Failure) [PSYoungGen: 68416K->1392K(69120K)] 378403K->311379K(744448K), 0.0015028 secs] [Times: user=0.00 sys=0.00, real=0.00 secs] 
1430.529: [GC (Allocation Failure) [PSYoungGen: 68464K->1533K(69120K)] 378451K->311520K(744448K), 0.0016566 secs] [Times: user=0.01 sys=0.00, real=0.01 secs] 
1430.922: [GC (Allocation Failure) [PSYoungGen: 68605K->1565K(69120K)] 378592K->311552K(744448K), 0.0014968 secs] [Times: user=0.01 sys=0.00, real=0.00 secs] 
1431.316: [GC (Allocation Failure) [PSYoungGen: 68637K->1565K(69120K)] 378624K->311568K(744448K), 0.0015362 secs] [Times: user=0.00 sys=0.00, real=0.00 secs] 
1431.694: [GC (Allocation Failure) [PSYoungGen: 68637K->1472K(69120K)] 378640K->311475K(744448K), 0.0016506 secs] [Times: user=0.01 sys=0.00, real=0.00 secs] 
1432.003: [GC (Allocation Failure) [PSYoungGen: 68544K->1344K(69120K)] 378547K->311347K(744448K), 0.0017329 secs] [Times: user=0.01 sys=0.00, real=0.00 secs] 
1432.360: [GC (Allocation Failure) [PSYoungGen: 68416K->1424K(69120K)] 378419K->311427K(744448K), 0.0018583 secs] [Times: user=0.00 sys=0.00, real=0.01 secs] 
1432.652: [GC (Allocation Failure) [PSYoungGen: 68496K->1376K(69120K)] 378499K->311379K(744448K), 0.0017466 secs] [Times: user=0.01 sys=0.00, real=0.00 secs] 
1433.009: [GC (Allocation Failure) [PSYoungGen: 68448K->1517K(69120K)] 378451K->311520K(744448K), 0.0016202 secs] [Times: user=0.01 sys=0.00, real=0.01 secs] 
1433.470: [GC (Allocation Failure) [PSYoungGen: 68589K->1533K(69120K)] 378592K->311536K(744448K), 0.0017819 secs] [Times: user=0.01 sys=0.00, real=0.00 secs] 
1433.864: [GC (Allocation Failure) [PSYoungGen: 68605K->1520K(69120K)] 378608K->311539K(744448K), 0.0017616 secs] [Times: user=0.01 sys=0.00, real=0.00 secs] 
1434.318: [GC (Allocation Failure) [PSYoungGen: 68592K->1565K(69120K)] 378611K->311608K(744448K), 0.0017916 secs] [Times: user=0.00 sys=0.00, real=0.00 secs] 
1434.679: [GC (Allocation Failure) [PSYoungGen: 68637K->1424K(69120K)] 378680K->311467K(744448K), 0.0027442 secs] [Times: user=0.01 sys=0.00, real=0.01 secs] 
1434.960: [GC (Allocation Failure) [PSYoungGen: 68496K->1344K(69120K)] 378539K->311387K(744448K), 0.0018908 secs] [Times: user=0.01 sys=0.00, real=0.00 secs] 
1435.256: [GC (Allocation Failure) [PSYoungGen: 68416K->1376K(69120K)] 378459K->311419K(744448K), 0.0018424 secs] [Times: user=0.01 sys=0.00, real=0.00 secs] 
1435.535: [GC (Allocation Failure) [PSYoungGen: 68448K->1408K(69120K)] 378491K->311451K(744448K), 0.0018512 secs] [Times: user=0.00 sys=0.00, real=0.00 secs] 
1436.000: [GC (Allocation Failure) [PSYoungGen: 68480K->1456K(69120K)] 378523K->311499K(744448K), 0.0015023 secs] [Times: user=0.00 sys=0.01, real=0.01 secs] 
1436.391: [GC (Allocation Failure) [PSYoungGen: 68528K->1520K(69120K)] 378571K->311563K(744448K), 0.0016596 secs] [Times: user=0.01 sys=0.00, real=0.00 secs] 
1436.842: [GC (Allocation Failure) [PSYoungGen: 68592K->1520K(69120K)] 378635K->311563K(744448K), 0.0017869 secs] [Times: user=0.01 sys=0.00, real=0.00 secs] 
1437.235: [GC (Allocation Failure) [PSYoungGen: 68592K->1533K(69120K)] 378635K->311584K(744448K), 0.0016888 secs] [Times: user=0.00 sys=0.00, real=0.00 secs] 
1438.021: [GC (Allocation Failure) [PSYoungGen: 68605K->1424K(69120K)] 378656K->311475K(744448K), 0.0025670 secs] [Times: user=0.01 sys=0.00, real=0.00 secs] 
1438.881: [GC (Allocation Failure) [PSYoungGen: 68496K->1408K(69120K)] 378547K->311459K(744448K), 0.0026403 secs] [Times: user=0.01 sys=0.00, real=0.00 secs] 
1439.429: [GC (Allocation Failure) [PSYoungGen: 68480K->1408K(69120K)] 378531K->311459K(744448K), 0.0022789 secs] [Times: user=0.01 sys=0.00, real=0.01 secs] 
1440.041: [GC (Allocation Failure) [PSYoungGen: 68480K->1408K(69120K)] 378531K->311459K(744448K), 0.0022861 secs] [Times: user=0.00 sys=0.00, real=0.00 secs] 
1440.576: [GC (Allocation Failure) [PSYoungGen: 68480K->1565K(69120K)] 378531K->311616K(744448K), 0.0015353 secs] [Times: user=0.01 sys=0.00, real=0.00 secs] 
1441.039: [GC (Allocation Failure) [PSYoungGen: 68619K->1584K(69120K)] 378671K->311635K(744448K), 0.0015901 secs] [Times: user=0.01 sys=0.00, real=0.01 secs] 
1441.431: [GC (Allocation Failure) [PSYoungGen: 68656K->1597K(69120K)] 378707K->311648K(744448K), 0.0015828 secs] [Times: user=0.00 sys=0.00, real=0.00 secs] 
1441.882: [GC (Allocation Failure) [PSYoungGen: 68451K->320K(69120K)] 378502K->310371K(744448K), 0.0015104 secs] [Times: user=0.00 sys=0.00, real=0.00 secs] 
1442.619: [GC (Allocation Failure) [PSYoungGen: 67392K->1408K(69120K)] 377443K->311467K(744448K), 0.0022414 secs] [Times: user=0.01 sys=0.00, real=0.01 secs] 
1443.176: [GC (Allocation Failure) [PSYoungGen: 68480K->1408K(69120K)] 378539K->311467K(744448K), 0.0019275 secs] [Times: user=0.01 sys=0.00, real=0.00 secs] 
1443.733: [GC (Allocation Failure) [PSYoungGen: 68480K->1392K(69120K)] 378539K->311451K(744448K), 0.0019804 secs] [Times: user=0.01 sys=0.00, real=0.00 secs] 
1444.323: [GC (Allocation Failure) [PSYoungGen: 68464K->1424K(69120K)] 378523K->311483K(744448K), 0.0040873 secs] [Times: user=0.02 sys=0.00, real=0.00 secs] 
1444.856: [GC (Allocation Failure) [PSYoungGen: 68496K->1552K(69120K)] 378555K->311611K(744448K), 0.0015714 secs] [Times: user=0.01 sys=0.00, real=0.00 secs] 
1445.247: [GC (Allocation Failure) [PSYoungGen: 68624K->1533K(69120K)] 378683K->311592K(744448K), 0.0015144 secs] [Times: user=0.01 sys=0.00, real=0.00 secs] 
1445.638: [GC (Allocation Failure) [PSYoungGen: 68605K->1533K(69120K)] 378664K->311592K(744448K), 0.0015585 secs] [Times: user=0.01 sys=0.00, real=0.00 secs] 
1446.020: [GC (Allocation Failure) [PSYoungGen: 68605K->1504K(69120K)] 378664K->311563K(744448K), 0.0015156 secs] [Times: user=0.01 sys=0.00, real=0.00 secs] 
1446.424: [GC (Allocation Failure) [PSYoungGen: 68576K->1408K(69120K)] 378635K->311491K(744448K), 0.0016125 secs] [Times: user=0.01 sys=0.00, real=0.00 secs] 
1446.992: [GC (Allocation Failure) [PSYoungGen: 68480K->1360K(69120K)] 378563K->311443K(744448K), 0.0017279 secs] [Times: user=0.01 sys=0.00, real=0.00 secs] 
1447.651: [GC (Allocation Failure) [PSYoungGen: 68432K->1376K(69120K)] 378515K->311459K(744448K), 0.0017426 secs] [Times: user=0.01 sys=0.00, real=0.00 secs] 
1448.533: [GC (Allocation Failure) [PSYoungGen: 68448K->1376K(69120K)] 378531K->311459K(744448K), 0.0023835 secs] [Times: user=0.01 sys=0.00, real=0.00 secs] 
1448.983: [GC (Allocation Failure) [PSYoungGen: 68448K->1533K(69120K)] 378531K->311616K(744448K), 0.0016684 secs] [Times: user=0.00 sys=0.00, real=0.00 secs] 
1449.438: [GC (Allocation Failure) [PSYoungGen: 68605K->1597K(69120K)] 378688K->311680K(744448K), 0.0015621 secs] [Times: user=0.01 sys=0.00, real=0.00 secs] 
1449.832: [GC (Allocation Failure) [PSYoungGen: 68669K->1597K(69120K)] 378752K->311688K(744448K), 0.0015600 secs] [Times: user=0.00 sys=0.00, real=0.00 secs] 
1450.379: [GC (Allocation Failure) [PSYoungGen: 68669K->1472K(69120K)] 378760K->311587K(744448K), 0.0029031 secs] [Times: user=0.01 sys=0.00, real=0.01 secs] 
1451.164: [GC (Allocation Failure) [PSYoungGen: 68544K->1344K(69120K)] 378659K->311459K(744448K), 0.0025913 secs] [Times: user=0.01 sys=0.00, real=0.00 secs] 
1451.703: [GC (Allocation Failure) [PSYoungGen: 68416K->1360K(69120K)] 378531K->311475K(744448K), 0.0023417 secs] [Times: user=0.01 sys=0.00, real=0.00 secs] 
1452.221: [GC (Allocation Failure) [PSYoungGen: 68432K->1376K(69120K)] 378547K->311491K(744448K), 0.0023934 secs] [Times: user=0.01 sys=0.00, real=0.00 secs] 
1452.865: [GC (Allocation Failure) [PSYoungGen: 68448K->1520K(69120K)] 378563K->311635K(744448K), 0.0017771 secs] [Times: user=0.01 sys=0.00, real=0.00 secs] 
1453.268: [GC (Allocation Failure) [PSYoungGen: 68592K->1533K(69120K)] 378707K->311648K(744448K), 0.0016425 secs] [Times: user=0.01 sys=0.00, real=0.00 secs] 
1453.663: [GC (Allocation Failure) [PSYoungGen: 68605K->1584K(69120K)] 378720K->311699K(744448K), 0.0015101 secs] [Times: user=0.01 sys=0.00, real=0.00 secs] 
1454.055: [GC (Allocation Failure) [PSYoungGen: 68656K->1584K(69120K)] 378771K->311715K(744448K), 0.0015600 secs] [Times: user=0.01 sys=0.00, real=0.00 secs] 
1454.421: [GC (Allocation Failure) [PSYoungGen: 68656K->1488K(69120K)] 378787K->311619K(744448K), 0.0017807 secs] [Times: user=0.01 sys=0.00, real=0.00 secs] 
1454.700: [GC (Allocation Failure) [PSYoungGen: 68560K->1344K(69120K)] 378691K->311475K(744448K), 0.0017702 secs] [Times: user=0.00 sys=0.00, real=0.01 secs] 
1454.978: [GC (Allocation Failure) [PSYoungGen: 68416K->1408K(69120K)] 378547K->311547K(744448K), 0.0015960 secs] [Times: user=0.01 sys=0.00, real=0.00 secs] 
1455.257: [GC (Allocation Failure) [PSYoungGen: 68480K->1344K(69120K)] 378619K->311499K(744448K), 0.0020260 secs] [Times: user=0.01 sys=0.00, real=0.00 secs] 
1455.610: [GC (Allocation Failure) [PSYoungGen: 68416K->1485K(69120K)] 378571K->311640K(744448K), 0.0015545 secs] [Times: user=0.00 sys=0.00, real=0.01 secs] 
1456.003: [GC (Allocation Failure) [PSYoungGen: 68557K->1552K(69120K)] 378712K->311707K(744448K), 0.0015076 secs] [Times: user=0.00 sys=0.00, real=0.00 secs] 
1456.456: [GC (Allocation Failure) [PSYoungGen: 68624K->1584K(69120K)] 378779K->311739K(744448K), 0.0017869 secs] [Times: user=0.01 sys=0.00, real=0.00 secs] 
1456.849: [GC (Allocation Failure) [PSYoungGen: 68656K->1584K(69120K)] 378811K->311755K(744448K), 0.0017481 secs] [Times: user=0.00 sys=0.00, real=0.01 secs] 
1457.259: [GC (Allocation Failure) [PSYoungGen: 68656K->1456K(69120K)] 378827K->311627K(744448K), 0.0024425 secs] [Times: user=0.00 sys=0.00, real=0.01 secs] 
1457.581: [GC (Allocation Failure) [PSYoungGen: 68528K->1376K(69120K)] 378699K->311547K(744448K), 0.0020325 secs] [Times: user=0.01 sys=0.00, real=0.00 secs] 
1457.860: [GC (Allocation Failure) [PSYoungGen: 68448K->1408K(69120K)] 378619K->311579K(744448K), 0.0017271 secs] [Times: user=0.01 sys=0.00, real=0.01 secs] 
1458.138: [GC (Allocation Failure) [PSYoungGen: 68480K->1376K(69120K)] 378651K->311547K(744448K), 0.0016849 secs] [Times: user=0.01 sys=0.00, real=0.00 secs] 
1458.637: [GC (Allocation Failure) [PSYoungGen: 68448K->1568K(69120K)] 378619K->311739K(744448K), 0.0014850 secs] [Times: user=0.01 sys=0.00, real=0.00 secs] 
1459.028: [GC (Allocation Failure) [PSYoungGen: 68639K->1565K(69120K)] 378811K->311736K(744448K), 0.0017397 secs] [Times: user=0.01 sys=0.00, real=0.00 secs] 
1459.480: [GC (Allocation Failure) [PSYoungGen: 68637K->1565K(69120K)] 378808K->311736K(744448K), 0.0017382 secs] [Times: user=0.00 sys=0.00, real=0.01 secs] 
1459.876: [GC (Allocation Failure) [PSYoungGen: 68637K->1552K(69120K)] 378808K->311739K(744448K), 0.0017695 secs] [Times: user=0.01 sys=0.00, real=0.00 secs] 
1460.236: [GC (Allocation Failure) [PSYoungGen: 68624K->1472K(69120K)] 378811K->311659K(744448K), 0.0019971 secs] [Times: user=0.01 sys=0.00, real=0.00 secs] 
1460.664: [GC (Allocation Failure) [PSYoungGen: 68544K->1360K(69120K)] 378731K->311547K(744448K), 0.0018992 secs] [Times: user=0.00 sys=0.00, real=0.00 secs] 
1461.193: [GC (Allocation Failure) [PSYoungGen: 68432K->1408K(69120K)] 378619K->311595K(744448K), 0.0018730 secs] [Times: user=0.00 sys=0.00, real=0.00 secs] 
1461.780: [GC (Allocation Failure) [PSYoungGen: 68480K->1376K(69120K)] 378667K->311563K(744448K), 0.0020959 secs] [Times: user=0.01 sys=0.00, real=0.01 secs] 
1462.381: [GC (Allocation Failure) [PSYoungGen: 68448K->1501K(69120K)] 378635K->311688K(744448K), 0.0014893 secs] [Times: user=0.00 sys=0.00, real=0.00 secs] 
1462.774: [GC (Allocation Failure) [PSYoungGen: 68573K->1565K(69120K)] 378760K->311752K(744448K), 0.0015467 secs] [Times: user=0.01 sys=0.00, real=0.00 secs] 
1463.167: [GC (Allocation Failure) [PSYoungGen: 68637K->1533K(69120K)] 378824K->311720K(744448K), 0.0016275 secs] [Times: user=0.01 sys=0.00, real=0.00 secs] 
1463.597: [GC (Allocation Failure) [PSYoungGen: 68605K->1792K(69120K)] 378792K->311979K(744448K), 0.0020112 secs] [Times: user=0.01 sys=0.00, real=0.00 secs] 
1463.878: [GC (Allocation Failure) [PSYoungGen: 68864K->1376K(69120K)] 379051K->311563K(744448K), 0.0017355 secs] [Times: user=0.01 sys=0.00, real=0.00 secs] 
1464.469: [GC (Allocation Failure) [PSYoungGen: 68448K->1408K(69120K)] 378635K->311595K(744448K), 0.0040635 secs] [Times: user=0.02 sys=0.00, real=0.01 secs] 
1465.196: [GC (Allocation Failure) [PSYoungGen: 68480K->1376K(69120K)] 378667K->311563K(744448K), 0.0029568 secs] [Times: user=0.01 sys=0.00, real=0.00 secs] 
1465.922: [GC (Allocation Failure) [PSYoungGen: 68448K->1408K(69120K)] 378635K->311611K(744448K), 0.0027761 secs] [Times: user=0.01 sys=0.00, real=0.00 secs] 
1466.454: [GC (Allocation Failure) [PSYoungGen: 68480K->1533K(69120K)] 378683K->311736K(744448K), 0.0016102 secs] [Times: user=0.01 sys=0.00, real=0.00 secs] 
1466.845: [GC (Allocation Failure) [PSYoungGen: 68605K->1565K(69120K)] 378808K->311768K(744448K), 0.0017189 secs] [Times: user=0.00 sys=0.00, real=0.00 secs] 
1467.297: [GC (Allocation Failure) [PSYoungGen: 68637K->1565K(69120K)] 378840K->311768K(744448K), 0.0015730 secs] [Times: user=0.00 sys=0.00, real=0.00 secs] 
1468.237: [GC (Allocation Failure) [PSYoungGen: 68637K->1472K(69120K)] 378840K->311675K(744448K), 0.0038595 secs] [Times: user=0.02 sys=0.01, real=0.01 secs] 
1468.796: [GC (Allocation Failure) [PSYoungGen: 68544K->1408K(69120K)] 378747K->311611K(744448K), 0.0020987 secs] [Times: user=0.00 sys=0.00, real=0.00 secs] 
1469.073: [GC (Allocation Failure) [PSYoungGen: 68480K->1408K(69120K)] 378683K->311611K(744448K), 0.0018719 secs] [Times: user=0.01 sys=0.00, real=0.00 secs] 
1469.351: [GC (Allocation Failure) [PSYoungGen: 68480K->1360K(69120K)] 378683K->311563K(744448K), 0.0019402 secs] [Times: user=0.01 sys=0.00, real=0.00 secs] 
1469.653: [GC (Allocation Failure) [PSYoungGen: 68432K->1488K(69120K)] 378635K->311691K(744448K), 0.0018883 secs] [Times: user=0.01 sys=0.00, real=0.00 secs] 
1470.051: [GC (Allocation Failure) [PSYoungGen: 68560K->1597K(69120K)] 378763K->311800K(744448K), 0.0015674 secs] [Times: user=0.01 sys=0.00, real=0.00 secs] 
1470.444: [GC (Allocation Failure) [PSYoungGen: 68669K->1501K(69120K)] 378872K->311704K(744448K), 0.0015165 secs] [Times: user=0.01 sys=0.00, real=0.00 secs] 
1470.836: [GC (Allocation Failure) [PSYoungGen: 68573K->1584K(69120K)] 378776K->311803K(744448K), 0.0016067 secs] [Times: user=0.01 sys=0.00, real=0.00 secs] 
1471.227: [GC (Allocation Failure) [PSYoungGen: 68656K->1456K(69120K)] 378875K->311675K(744448K), 0.0019054 secs] [Times: user=0.00 sys=0.01, real=0.00 secs] 
1471.522: [GC (Allocation Failure) [PSYoungGen: 68528K->1344K(69120K)] 378747K->311563K(744448K), 0.0015998 secs] [Times: user=0.01 sys=0.00, real=0.00 secs] 
1471.836: [GC (Allocation Failure) [PSYoungGen: 68416K->1376K(69120K)] 378635K->311595K(744448K), 0.0018733 secs] [Times: user=0.01 sys=0.00, real=0.00 secs] 
1472.206: [GC (Allocation Failure) [PSYoungGen: 68448K->1360K(69120K)] 378667K->311579K(744448K), 0.0016909 secs] [Times: user=0.00 sys=0.00, real=0.00 secs] 
1472.599: [GC (Allocation Failure) [PSYoungGen: 68432K->1453K(69120K)] 378651K->311672K(744448K), 0.0014818 secs] [Times: user=0.00 sys=0.00, real=0.01 secs] 
1472.993: [GC (Allocation Failure) [PSYoungGen: 68525K->1552K(69120K)] 378744K->311771K(744448K), 0.0016458 secs] [Times: user=0.01 sys=0.00, real=0.00 secs] 
1473.385: [GC (Allocation Failure) [PSYoungGen: 68624K->1552K(69120K)] 378843K->311771K(744448K), 0.0016326 secs] [Times: user=0.00 sys=0.00, real=0.00 secs] 
1473.777: [GC (Allocation Failure) [PSYoungGen: 68624K->1584K(69120K)] 378843K->311827K(744448K), 0.0015918 secs] [Times: user=0.00 sys=0.00, real=0.00 secs] 
1474.477: [GC (Allocation Failure) [PSYoungGen: 68656K->1424K(69120K)] 378899K->311667K(744448K), 0.0032403 secs] [Times: user=0.01 sys=0.00, real=0.00 secs] 
1474.862: [GC (Allocation Failure) [PSYoungGen: 68496K->1376K(69120K)] 378739K->311619K(744448K), 0.0020018 secs] [Times: user=0.01 sys=0.00, real=0.00 secs] 
1475.304: [GC (Allocation Failure) [PSYoungGen: 68448K->1376K(69120K)] 378691K->311619K(744448K), 0.0026794 secs] [Times: user=0.01 sys=0.00, real=0.00 secs] 
1475.798: [GC (Allocation Failure) [PSYoungGen: 68448K->1408K(69120K)] 378691K->311651K(744448K), 0.0020139 secs] [Times: user=0.00 sys=0.00, real=0.01 secs] 
1476.298: [GC (Allocation Failure) [PSYoungGen: 68480K->1501K(69120K)] 378723K->311744K(744448K), 0.0017303 secs] [Times: user=0.00 sys=0.00, real=0.00 secs] 
1476.752: [GC (Allocation Failure) [PSYoungGen: 68573K->1533K(69120K)] 378816K->311776K(744448K), 0.0016877 secs] [Times: user=0.01 sys=0.00, real=0.00 secs] 
1477.144: [GC (Allocation Failure) [PSYoungGen: 68605K->1520K(69120K)] 378848K->311763K(744448K), 0.0017479 secs] [Times: user=0.01 sys=0.00, real=0.00 secs] 
1477.601: [GC (Allocation Failure) [PSYoungGen: 68592K->1520K(69120K)] 378835K->311779K(744448K), 0.0016099 secs] [Times: user=0.01 sys=0.00, real=0.00 secs] 
1477.983: [GC (Allocation Failure) [PSYoungGen: 68592K->1440K(69120K)] 378851K->311699K(744448K), 0.0022619 secs] [Times: user=0.01 sys=0.00, real=0.00 secs] 
1478.320: [GC (Allocation Failure) [PSYoungGen: 68512K->1408K(69120K)] 378771K->311667K(744448K), 0.0018759 secs] [Times: user=0.01 sys=0.00, real=0.00 secs] 
1478.616: [GC (Allocation Failure) [PSYoungGen: 68480K->1376K(69120K)] 378739K->311635K(744448K), 0.0019551 secs] [Times: user=0.00 sys=0.00, real=0.00 secs] 
1478.935: [GC (Allocation Failure) [PSYoungGen: 68448K->1376K(69120K)] 378707K->311635K(744448K), 0.0019015 secs] [Times: user=0.00 sys=0.00, real=0.00 secs] 
1479.390: [GC (Allocation Failure) [PSYoungGen: 68448K->1501K(69120K)] 378707K->311760K(744448K), 0.0016045 secs] [Times: user=0.01 sys=0.00, real=0.01 secs] 
1479.785: [GC (Allocation Failure) [PSYoungGen: 68573K->1565K(69120K)] 378832K->311824K(744448K), 0.0015648 secs] [Times: user=0.01 sys=0.00, real=0.00 secs] 
1480.178: [GC (Allocation Failure) [PSYoungGen: 68637K->1552K(69120K)] 378896K->311811K(744448K), 0.0015223 secs] [Times: user=0.00 sys=0.00, real=0.00 secs] 
1480.570: [GC (Allocation Failure) [PSYoungGen: 68624K->1565K(69120K)] 378883K->311832K(744448K), 0.0016544 secs] [Times: user=0.01 sys=0.00, real=0.01 secs] 
1481.381: [GC (Allocation Failure) [PSYoungGen: 68637K->1408K(69120K)] 378904K->311675K(744448K), 0.0023129 secs] [Times: user=0.01 sys=0.00, real=0.00 secs] 
1482.170: [GC (Allocation Failure) [PSYoungGen: 68480K->1360K(69120K)] 378747K->311627K(744448K), 0.0033028 secs] [Times: user=0.01 sys=0.00, real=0.01 secs] 
1482.925: [GC (Allocation Failure) [PSYoungGen: 68432K->1408K(69120K)] 378699K->311675K(744448K), 0.0031490 secs] [Times: user=0.01 sys=0.00, real=0.00 secs] 
1483.435: [GC (Allocation Failure) [PSYoungGen: 68480K->1392K(69120K)] 378747K->311659K(744448K), 0.0020450 secs] [Times: user=0.00 sys=0.00, real=0.00 secs] 
1483.975: [GC (Allocation Failure) [PSYoungGen: 68464K->1520K(69120K)] 378731K->311787K(744448K), 0.0015339 secs] [Times: user=0.01 sys=0.00, real=0.00 secs] 
1484.367: [GC (Allocation Failure) [PSYoungGen: 68568K->1597K(69120K)] 378835K->311864K(744448K), 0.0017113 secs] [Times: user=0.00 sys=0.00, real=0.00 secs] 
1484.761: [GC (Allocation Failure) [PSYoungGen: 68669K->1552K(69120K)] 378936K->311819K(744448K), 0.0016923 secs] [Times: user=0.00 sys=0.00, real=0.00 secs] 
1485.212: [GC (Allocation Failure) [PSYoungGen: 68624K->1520K(69120K)] 378891K->311787K(744448K), 0.0020017 secs] [Times: user=0.01 sys=0.00, real=0.00 secs] 
1485.492: [GC (Allocation Failure) [PSYoungGen: 68592K->1408K(69120K)] 378859K->311699K(744448K), 0.0018978 secs] [Times: user=0.01 sys=0.00, real=0.00 secs] 
1485.967: [GC (Allocation Failure) [PSYoungGen: 68480K->1344K(69120K)] 378771K->311635K(744448K), 0.0018253 secs] [Times: user=0.00 sys=0.00, real=0.00 secs] 
1486.541: [GC (Allocation Failure) [PSYoungGen: 68416K->1440K(69120K)] 378707K->311731K(744448K), 0.0026789 secs] [Times: user=0.01 sys=0.00, real=0.00 secs] 
1487.095: [GC (Allocation Failure) [PSYoungGen: 68512K->1376K(69120K)] 378803K->311667K(744448K), 0.0029152 secs] [Times: user=0.01 sys=0.00, real=0.00 secs] 
1487.686: [GC (Allocation Failure) [PSYoungGen: 68448K->1488K(69120K)] 378739K->311779K(744448K), 0.0016351 secs] [Times: user=0.00 sys=0.00, real=0.00 secs] 
1488.078: [GC (Allocation Failure) [PSYoungGen: 68560K->1584K(69120K)] 378851K->311875K(744448K), 0.0015471 secs] [Times: user=0.01 sys=0.00, real=0.00 secs] 
1488.470: [GC (Allocation Failure) [PSYoungGen: 68656K->1565K(69120K)] 378947K->311856K(744448K), 0.0016276 secs] [Times: user=0.01 sys=0.00, real=0.01 secs] 
1488.846: [GC (Allocation Failure) [PSYoungGen: 68637K->1440K(69120K)] 378928K->311731K(744448K), 0.0021610 secs] [Times: user=0.01 sys=0.00, real=0.00 secs] 
1489.126: [GC (Allocation Failure) [PSYoungGen: 68512K->1360K(69120K)] 378803K->311651K(744448K), 0.0018845 secs] [Times: user=0.01 sys=0.00, real=0.00 secs] 
1489.532: [GC (Allocation Failure) [PSYoungGen: 68432K->1376K(69120K)] 378723K->311667K(744448K), 0.0019442 secs] [Times: user=0.01 sys=0.00, real=0.00 secs] 
1490.034: [GC (Allocation Failure) [PSYoungGen: 68448K->1440K(69120K)] 378739K->311731K(744448K), 0.0019056 secs] [Times: user=0.00 sys=0.00, real=0.00 secs] 
1490.615: [GC (Allocation Failure) [PSYoungGen: 68512K->1469K(69120K)] 378803K->311760K(744448K), 0.0022188 secs] [Times: user=0.01 sys=0.00, real=0.00 secs] 
1491.086: [GC (Allocation Failure) [PSYoungGen: 68541K->1488K(69120K)] 378832K->311779K(744448K), 0.0016291 secs] [Times: user=0.01 sys=0.00, real=0.00 secs] 
1491.478: [GC (Allocation Failure) [PSYoungGen: 68560K->1565K(69120K)] 378851K->311856K(744448K), 0.0016745 secs] [Times: user=0.01 sys=0.00, real=0.00 secs] 
1491.941: [GC (Allocation Failure) [PSYoungGen: 68637K->1597K(69120K)] 378928K->311896K(744448K), 0.0016960 secs] [Times: user=0.00 sys=0.00, real=0.00 secs] 
1492.580: [GC (Allocation Failure) [PSYoungGen: 68669K->1456K(69120K)] 378968K->311755K(744448K), 0.0038317 secs] [Times: user=0.01 sys=0.00, real=0.01 secs] 
1492.934: [GC (Allocation Failure) [PSYoungGen: 68528K->1376K(69120K)] 378827K->311675K(744448K), 0.0019192 secs] [Times: user=0.01 sys=0.00, real=0.00 secs] 
1493.212: [GC (Allocation Failure) [PSYoungGen: 68448K->1408K(69120K)] 378747K->311707K(744448K), 0.0018585 secs] [Times: user=0.00 sys=0.00, real=0.00 secs] 
1493.491: [GC (Allocation Failure) [PSYoungGen: 68480K->1376K(69120K)] 378779K->311675K(744448K), 0.0019388 secs] [Times: user=0.01 sys=0.00, real=0.00 secs] 
1493.835: [GC (Allocation Failure) [PSYoungGen: 68448K->1453K(69120K)] 378747K->311752K(744448K), 0.0015337 secs] [Times: user=0.01 sys=0.00, real=0.00 secs] 
1494.227: [GC (Allocation Failure) [PSYoungGen: 68525K->1552K(69120K)] 378824K->311851K(744448K), 0.0016496 secs] [Times: user=0.00 sys=0.00, real=0.00 secs] 
1494.620: [GC (Allocation Failure) [PSYoungGen: 68624K->1568K(69120K)] 378923K->311883K(744448K), 0.0016626 secs] [Times: user=0.01 sys=0.00, real=0.01 secs] 
1495.016: [GC (Allocation Failure) [PSYoungGen: 68640K->1584K(69120K)] 378955K->311915K(744448K), 0.0016318 secs] [Times: user=0.00 sys=0.00, real=0.00 secs] 
1495.677: [GC (Allocation Failure) [PSYoungGen: 68656K->1456K(69120K)] 378987K->311787K(744448K), 0.0024637 secs] [Times: user=0.01 sys=0.00, real=0.00 secs] 
1495.966: [GC (Allocation Failure) [PSYoungGen: 68528K->1376K(69120K)] 378859K->311707K(744448K), 0.0020641 secs] [Times: user=0.01 sys=0.00, real=0.00 secs] 
1496.342: [GC (Allocation Failure) [PSYoungGen: 68448K->1408K(69120K)] 378779K->311739K(744448K), 0.0027186 secs] [Times: user=0.01 sys=0.00, real=0.00 secs] 
1496.888: [GC (Allocation Failure) [PSYoungGen: 68480K->1376K(69120K)] 378811K->311707K(744448K), 0.0026017 secs] [Times: user=0.00 sys=0.00, real=0.01 secs] 
1497.442: [GC (Allocation Failure) [PSYoungGen: 68448K->1536K(69120K)] 378779K->311867K(744448K), 0.0015014 secs] [Times: user=0.01 sys=0.00, real=0.00 secs] 
1497.833: [GC (Allocation Failure) [PSYoungGen: 68608K->1533K(69120K)] 378939K->311864K(744448K), 0.0015613 secs] [Times: user=0.00 sys=0.00, real=0.00 secs] 
1498.228: [GC (Allocation Failure) [PSYoungGen: 68605K->1565K(69120K)] 378936K->311896K(744448K), 0.0015747 secs] [Times: user=0.01 sys=0.00, real=0.00 secs] 
1498.622: [GC (Allocation Failure) [PSYoungGen: 68637K->1533K(69120K)] 378968K->311872K(744448K), 0.0015074 secs] [Times: user=0.00 sys=0.00, real=0.00 secs] 
1499.594: [GC (Allocation Failure) [PSYoungGen: 68605K->1440K(69120K)] 378944K->311779K(744448K), 0.0022498 secs] [Times: user=0.01 sys=0.00, real=0.00 secs] 
1500.155: [GC (Allocation Failure) [PSYoungGen: 68512K->1344K(69120K)] 378851K->311683K(744448K), 0.0026057 secs] [Times: user=0.01 sys=0.00, real=0.00 secs] 
1500.710: [GC (Allocation Failure) [PSYoungGen: 68416K->1408K(69120K)] 378755K->311747K(744448K), 0.0027345 secs] [Times: user=0.01 sys=0.00, real=0.01 secs] 
1501.286: [GC (Allocation Failure) [PSYoungGen: 68480K->1376K(69120K)] 378819K->311715K(744448K), 0.0025943 secs] [Times: user=0.01 sys=0.00, real=0.00 secs] 
1501.784: [GC (Allocation Failure) [PSYoungGen: 68448K->1533K(69120K)] 378787K->311872K(744448K), 0.0015116 secs] [Times: user=0.00 sys=0.00, real=0.00 secs] 
1502.187: [GC (Allocation Failure) [PSYoungGen: 68605K->1565K(69120K)] 378944K->311904K(744448K), 0.0016814 secs] [Times: user=0.01 sys=0.00, real=0.00 secs] 
1502.584: [GC (Allocation Failure) [PSYoungGen: 68637K->1552K(69120K)] 378976K->311891K(744448K), 0.0015230 secs] [Times: user=0.01 sys=0.00, real=0.00 secs] 
1503.020: [GC (Allocation Failure) [PSYoungGen: 68624K->1728K(69120K)] 378963K->312067K(744448K), 0.0016809 secs] [Times: user=0.01 sys=0.00, real=0.00 secs] 
1503.388: [GC (Allocation Failure) [PSYoungGen: 68800K->1408K(69120K)] 379139K->311747K(744448K), 0.0017698 secs] [Times: user=0.01 sys=0.00, real=0.00 secs] 
1503.851: [GC (Allocation Failure) [PSYoungGen: 68480K->1408K(69120K)] 378819K->311747K(744448K), 0.0026727 secs] [Times: user=0.00 sys=0.00, real=0.00 secs] 
1504.400: [GC (Allocation Failure) [PSYoungGen: 68480K->1408K(69120K)] 378819K->311747K(744448K), 0.0026923 secs] [Times: user=0.02 sys=0.00, real=0.01 secs] 
1505.078: [GC (Allocation Failure) [PSYoungGen: 68480K->1408K(69120K)] 378819K->311747K(744448K), 0.0034159 secs] [Times: user=0.01 sys=0.00, real=0.01 secs] 
1505.613: [GC (Allocation Failure) [PSYoungGen: 68480K->1552K(69120K)] 378819K->311891K(744448K), 0.0015744 secs] [Times: user=0.01 sys=0.00, real=0.00 secs] 
1506.005: [GC (Allocation Failure) [PSYoungGen: 68624K->1533K(69120K)] 378963K->311904K(744448K), 0.0015286 secs] [Times: user=0.01 sys=0.00, real=0.00 secs] 
1506.459: [GC (Allocation Failure) [PSYoungGen: 68605K->1597K(69120K)] 378976K->311968K(744448K), 0.0015279 secs] [Times: user=0.00 sys=0.00, real=0.01 secs] 
1506.942: [GC (Allocation Failure) [PSYoungGen: 68669K->1520K(69120K)] 379040K->311899K(744448K), 0.0021392 secs] [Times: user=0.01 sys=0.00, real=0.00 secs] 
1507.332: [GC (Allocation Failure) [PSYoungGen: 68592K->1408K(69120K)] 378971K->311787K(744448K), 0.0020147 secs] [Times: user=0.01 sys=0.00, real=0.00 secs] 
1507.611: [GC (Allocation Failure) [PSYoungGen: 68480K->1408K(69120K)] 378859K->311787K(744448K), 0.0018422 secs] [Times: user=0.01 sys=0.00, real=0.00 secs] 
1507.934: [GC (Allocation Failure) [PSYoungGen: 68480K->1376K(69120K)] 378859K->311755K(744448K), 0.0025139 secs] [Times: user=0.01 sys=0.00, real=0.00 secs] 
1508.356: [GC (Allocation Failure) [PSYoungGen: 68448K->1437K(69120K)] 378827K->311816K(744448K), 0.0024238 secs] [Times: user=0.01 sys=0.00, real=0.00 secs] 
1508.806: [GC (Allocation Failure) [PSYoungGen: 68509K->1552K(69120K)] 378888K->311931K(744448K), 0.0016292 secs] [Times: user=0.01 sys=0.00, real=0.00 secs] 
1509.200: [GC (Allocation Failure) [PSYoungGen: 68624K->1552K(69120K)] 379003K->311931K(744448K), 0.0016180 secs] [Times: user=0.00 sys=0.00, real=0.01 secs] 
1509.593: [GC (Allocation Failure) [PSYoungGen: 68624K->1552K(69120K)] 379003K->311939K(744448K), 0.0015527 secs] [Times: user=0.01 sys=0.00, real=0.00 secs] 
1510.126: [GC (Allocation Failure) [PSYoungGen: 68624K->1472K(69120K)] 379011K->311859K(744448K), 0.0018841 secs] [Times: user=0.01 sys=0.00, real=0.00 secs] 
1510.712: [GC (Allocation Failure) [PSYoungGen: 68544K->1376K(69120K)] 378931K->311763K(744448K), 0.0020011 secs] [Times: user=0.01 sys=0.00, real=0.00 secs] 
1511.094: [GC (Allocation Failure) [PSYoungGen: 68448K->1376K(69120K)] 378835K->311763K(744448K), 0.0032906 secs] [Times: user=0.01 sys=0.00, real=0.00 secs] 
1511.664: [GC (Allocation Failure) [PSYoungGen: 68448K->1408K(69120K)] 378835K->311795K(744448K), 0.0026294 secs] [Times: user=0.01 sys=0.00, real=0.00 secs] 
1512.234: [GC (Allocation Failure) [PSYoungGen: 68480K->1453K(69120K)] 378867K->311840K(744448K), 0.0016228 secs] [Times: user=0.00 sys=0.00, real=0.00 secs] 
1512.636: [GC (Allocation Failure) [PSYoungGen: 68525K->1533K(69120K)] 378912K->311920K(744448K), 0.0015713 secs] [Times: user=0.00 sys=0.00, real=0.00 secs] 
1513.028: [GC (Allocation Failure) [PSYoungGen: 68605K->1584K(69120K)] 378992K->311971K(744448K), 0.0015382 secs] [Times: user=0.01 sys=0.00, real=0.00 secs] 
1513.485: [GC (Allocation Failure) [PSYoungGen: 68656K->1533K(69120K)] 379043K->311928K(744448K), 0.0016420 secs] [Times: user=0.00 sys=0.00, real=0.00 secs] 
1514.784: [GC (Allocation Failure) [PSYoungGen: 68605K->1392K(69120K)] 379000K->311787K(744448K), 0.0037182 secs] [Times: user=0.01 sys=0.00, real=0.00 secs] 
1515.445: [GC (Allocation Failure) [PSYoungGen: 68464K->1408K(69120K)] 378859K->311803K(744448K), 0.0025326 secs] [Times: user=0.01 sys=0.00, real=0.00 secs] 
1515.724: [GC (Allocation Failure) [PSYoungGen: 68480K->1408K(69120K)] 378875K->311803K(744448K), 0.0018037 secs] [Times: user=0.01 sys=0.00, real=0.00 secs] 
1516.002: [GC (Allocation Failure) [PSYoungGen: 68480K->1440K(69120K)] 378875K->311859K(744448K), 0.0017977 secs] [Times: user=0.01 sys=0.00, real=0.00 secs] 
1516.357: [GC (Allocation Failure) [PSYoungGen: 68512K->1504K(69120K)] 378931K->311923K(744448K), 0.0016036 secs] [Times: user=0.01 sys=0.00, real=0.00 secs] 
1516.747: [GC (Allocation Failure) [PSYoungGen: 68576K->1552K(69120K)] 378995K->311971K(744448K), 0.0016039 secs] [Times: user=0.01 sys=0.00, real=0.00 secs] 
1517.139: [GC (Allocation Failure) [PSYoungGen: 68624K->1533K(69120K)] 379043K->311952K(744448K), 0.0016247 secs] [Times: user=0.01 sys=0.00, real=0.01 secs] 
1517.532: [GC (Allocation Failure) [PSYoungGen: 68605K->1536K(69120K)] 379024K->311963K(744448K), 0.0015438 secs] [Times: user=0.00 sys=0.00, real=0.00 secs] 
1518.417: [GC (Allocation Failure) [PSYoungGen: 68608K->1440K(69120K)] 379035K->311867K(744448K), 0.0023244 secs] [Times: user=0.01 sys=0.00, real=0.00 secs] 
1519.396: [GC (Allocation Failure) [PSYoungGen: 68512K->1408K(69120K)] 378939K->311835K(744448K), 0.0026241 secs] [Times: user=0.01 sys=0.00, real=0.00 secs] 
1520.150: [GC (Allocation Failure) [PSYoungGen: 68480K->1376K(69120K)] 378907K->311803K(744448K), 0.0024188 secs] [Times: user=0.01 sys=0.00, real=0.01 secs] 
1520.836: [GC (Allocation Failure) [PSYoungGen: 68448K->1376K(69120K)] 378875K->311803K(744448K), 0.0024410 secs] [Times: user=0.01 sys=0.00, real=0.00 secs] 
1521.408: [GC (GCLocker Initiated GC) [PSYoungGen: 68448K->1485K(69120K)] 378875K->311912K(744448K), 0.0015803 secs] [Times: user=0.01 sys=0.00, real=0.00 secs] 
1521.808: [GC (Allocation Failure) [PSYoungGen: 68557K->1456K(69120K)] 380073K->312972K(744448K), 0.0017022 secs] [Times: user=0.01 sys=0.00, real=0.00 secs] 
1522.200: [GC (Allocation Failure) [PSYoungGen: 68528K->1629K(69120K)] 380044K->313145K(744448K), 0.0016284 secs] [Times: user=0.00 sys=0.00, real=0.00 secs] 
1522.596: [GC (Allocation Failure) [PSYoungGen: 68553K->416K(69120K)] 380070K->311932K(744448K), 0.0014757 secs] [Times: user=0.01 sys=0.00, real=0.00 secs] 
1523.321: [GC (Allocation Failure) [PSYoungGen: 67488K->1488K(69120K)] 379004K->313004K(744448K), 0.0019809 secs] [Times: user=0.01 sys=0.00, real=0.00 secs] 
1524.074: [GC (Allocation Failure) [PSYoungGen: 68560K->1504K(69120K)] 380076K->313020K(744448K), 0.0021263 secs] [Times: user=0.01 sys=0.00, real=0.00 secs] 
1524.624: [GC (Allocation Failure) [PSYoungGen: 68576K->1488K(69120K)] 380092K->313004K(744448K), 0.0021012 secs] [Times: user=0.01 sys=0.01, real=0.00 secs] 
1525.324: [GC (Allocation Failure) [PSYoungGen: 68560K->1504K(69120K)] 380076K->313020K(744448K), 0.0021337 secs] [Times: user=0.01 sys=0.00, real=0.00 secs] 
1525.851: [GC (Allocation Failure) [PSYoungGen: 68576K->1565K(69120K)] 380092K->313081K(744448K), 0.0016299 secs] [Times: user=0.01 sys=0.00, real=0.00 secs] 
1526.244: [GC (Allocation Failure) [PSYoungGen: 68637K->1616K(69120K)] 380153K->313132K(744448K), 0.0015407 secs] [Times: user=0.01 sys=0.00, real=0.00 secs] 
1526.635: [GC (Allocation Failure) [PSYoungGen: 68688K->1680K(69120K)] 380204K->313196K(744448K), 0.0015326 secs] [Times: user=0.00 sys=0.00, real=0.00 secs] 
1527.051: [GC (Allocation Failure) [PSYoungGen: 68752K->1600K(69120K)] 380268K->313132K(744448K), 0.0016444 secs] [Times: user=0.01 sys=0.00, real=0.00 secs] 
1527.392: [GC (Allocation Failure) [PSYoungGen: 68672K->1472K(69120K)] 380204K->313004K(744448K), 0.0017535 secs] [Times: user=0.01 sys=0.00, real=0.00 secs] 
1527.674: [GC (Allocation Failure) [PSYoungGen: 68544K->1472K(69120K)] 380076K->313004K(744448K), 0.0019027 secs] [Times: user=0.00 sys=0.00, real=0.00 secs] 
1527.976: [GC (Allocation Failure) [PSYoungGen: 68544K->1472K(69120K)] 380076K->313004K(744448K), 0.0029360 secs] [Times: user=0.01 sys=0.00, real=0.00 secs] 
1528.308: [GC (Allocation Failure) [PSYoungGen: 68544K->1440K(69120K)] 380076K->313020K(744448K), 0.0022161 secs] [Times: user=0.01 sys=0.00, real=0.01 secs] 
1528.763: [GC (Allocation Failure) [PSYoungGen: 68512K->1629K(69120K)] 380092K->313225K(744448K), 0.0015157 secs] [Times: user=0.00 sys=0.00, real=0.00 secs] 
1529.155: [GC (Allocation Failure) [PSYoungGen: 68701K->1584K(69120K)] 380297K->313260K(744448K), 0.0015351 secs] [Times: user=0.01 sys=0.00, real=0.00 secs] 
1529.547: [GC (Allocation Failure) [PSYoungGen: 68656K->1565K(69120K)] 380332K->313257K(744448K), 0.0016136 secs] [Times: user=0.01 sys=0.00, real=0.00 secs] 
1529.922: [GC (Allocation Failure) [PSYoungGen: 68637K->1488K(69120K)] 380329K->313180K(744448K), 0.0018373 secs] [Times: user=0.01 sys=0.00, real=0.00 secs] 
1530.201: [GC (Allocation Failure) [PSYoungGen: 68560K->1344K(69120K)] 380252K->313036K(744448K), 0.0016761 secs] [Times: user=0.01 sys=0.00, real=0.00 secs] 
1530.542: [GC (Allocation Failure) [PSYoungGen: 68416K->1376K(69120K)] 380108K->313068K(744448K), 0.0017272 secs] [Times: user=0.00 sys=0.00, real=0.00 secs] 
1530.820: [GC (Allocation Failure) [PSYoungGen: 68448K->1408K(69120K)] 380140K->313100K(744448K), 0.0015981 secs] [Times: user=0.01 sys=0.00, real=0.00 secs] 
1531.228: [GC (Allocation Failure) [PSYoungGen: 68480K->1501K(69120K)] 380172K->313193K(744448K), 0.0015817 secs] [Times: user=0.01 sys=0.00, real=0.00 secs] 
1531.622: [GC (Allocation Failure) [PSYoungGen: 68573K->1536K(69120K)] 380265K->313228K(744448K), 0.0016355 secs] [Times: user=0.01 sys=0.00, real=0.00 secs] 
1532.014: [GC (Allocation Failure) [PSYoungGen: 68608K->1565K(69120K)] 380300K->313257K(744448K), 0.0016658 secs] [Times: user=0.00 sys=0.00, real=0.00 secs] 
1532.406: [GC (Allocation Failure) [PSYoungGen: 68637K->1565K(69120K)] 380329K->313273K(744448K), 0.0016635 secs] [Times: user=0.01 sys=0.00, real=0.00 secs] 
1533.007: [GC (Allocation Failure) [PSYoungGen: 68637K->1424K(69120K)] 380345K->313132K(744448K), 0.0018903 secs] [Times: user=0.01 sys=0.00, real=0.00 secs] 
1533.586: [GC (Allocation Failure) [PSYoungGen: 68496K->1376K(69120K)] 380204K->313084K(744448K), 0.0019212 secs] [Times: user=0.01 sys=0.00, real=0.00 secs] 
1534.156: [GC (Allocation Failure) [PSYoungGen: 68448K->1408K(69120K)] 380156K->313116K(744448K), 0.0019381 secs] [Times: user=0.01 sys=0.00, real=0.00 secs] 
1534.597: [GC (Allocation Failure) [PSYoungGen: 68480K->1408K(69120K)] 380188K->313132K(744448K), 0.0018779 secs] [Times: user=0.00 sys=0.00, real=0.00 secs] 
1534.990: [GC (Allocation Failure) [PSYoungGen: 68480K->1533K(69120K)] 380204K->313257K(744448K), 0.0016078 secs] [Times: user=0.00 sys=0.00, real=0.00 secs] 
1535.388: [GC (Allocation Failure) [PSYoungGen: 68605K->1520K(69120K)] 380329K->313244K(744448K), 0.0015781 secs] [Times: user=0.00 sys=0.00, real=0.00 secs] 
1535.779: [GC (Allocation Failure) [PSYoungGen: 68592K->1584K(69120K)] 380316K->313308K(744448K), 0.0016448 secs] [Times: user=0.01 sys=0.00, real=0.01 secs] 
1536.172: [GC (Allocation Failure) [PSYoungGen: 68656K->1565K(69120K)] 380380K->313305K(744448K), 0.0016410 secs] [Times: user=0.01 sys=0.00, real=0.00 secs] 
1536.555: [GC (Allocation Failure) [PSYoungGen: 68637K->1440K(69120K)] 380377K->313180K(744448K), 0.0018828 secs] [Times: user=0.01 sys=0.00, real=0.00 secs] 
1536.834: [GC (Allocation Failure) [PSYoungGen: 68512K->1376K(69120K)] 380252K->313116K(744448K), 0.0016746 secs] [Times: user=0.01 sys=0.00, real=0.00 secs] 
1537.113: [GC (Allocation Failure) [PSYoungGen: 68448K->1376K(69120K)] 380188K->313116K(744448K), 0.0025901 secs] [Times: user=0.01 sys=0.00, real=0.00 secs] 
1537.415: [GC (Allocation Failure) [PSYoungGen: 68448K->1376K(69120K)] 380188K->313116K(744448K), 0.0024339 secs] [Times: user=0.01 sys=0.00, real=0.00 secs] 
1537.830: [GC (Allocation Failure) [PSYoungGen: 68448K->1456K(69120K)] 380188K->313196K(744448K), 0.0016345 secs] [Times: user=0.01 sys=0.00, real=0.01 secs] 
1538.222: [GC (Allocation Failure) [PSYoungGen: 68528K->1584K(69120K)] 380268K->313324K(744448K), 0.0015230 secs] [Times: user=0.01 sys=0.00, real=0.00 secs] 
1538.614: [GC (Allocation Failure) [PSYoungGen: 68656K->1597K(69120K)] 380396K->313337K(744448K), 0.0015805 secs] [Times: user=0.00 sys=0.00, real=0.00 secs] 
1539.008: [GC (Allocation Failure) [PSYoungGen: 68669K->1584K(69120K)] 380409K->313332K(744448K), 0.0015592 secs] [Times: user=0.01 sys=0.00, real=0.00 secs] 
1539.334: [GC (Allocation Failure) [PSYoungGen: 68656K->1408K(69120K)] 380404K->313156K(744448K), 0.0017065 secs] [Times: user=0.01 sys=0.00, real=0.00 secs] 
1539.644: [GC (Allocation Failure) [PSYoungGen: 68480K->1376K(69120K)] 380228K->313124K(744448K), 0.0016615 secs] [Times: user=0.00 sys=0.00, real=0.00 secs] 
1539.960: [GC (Allocation Failure) [PSYoungGen: 68448K->1408K(69120K)] 380196K->313156K(744448K), 0.0022053 secs] [Times: user=0.01 sys=0.00, real=0.01 secs] 
1540.240: [GC (Allocation Failure) [PSYoungGen: 68480K->1376K(69120K)] 380228K->313124K(744448K), 0.0021546 secs] [Times: user=0.01 sys=0.00, real=0.01 secs] 
1540.672: [GC (Allocation Failure) [PSYoungGen: 68448K->1488K(69120K)] 380196K->313236K(744448K), 0.0015647 secs] [Times: user=0.01 sys=0.00, real=0.00 secs] 
1541.064: [GC (Allocation Failure) [PSYoungGen: 68560K->1533K(69120K)] 380308K->313281K(744448K), 0.0017946 secs] [Times: user=0.00 sys=0.00, real=0.00 secs] 
1541.457: [GC (Allocation Failure) [PSYoungGen: 68605K->1597K(69120K)] 380353K->313345K(744448K), 0.0015463 secs] [Times: user=0.01 sys=0.00, real=0.00 secs] 
1541.912: [GC (Allocation Failure) [PSYoungGen: 68669K->2032K(69120K)] 380417K->314292K(744448K), 0.0018057 secs] [Times: user=0.01 sys=0.00, real=0.00 secs] 
1542.636: [GC (Allocation Failure) [PSYoungGen: 69104K->1440K(69120K)] 381364K->313700K(744448K), 0.0018974 secs] [Times: user=0.01 sys=0.00, real=0.00 secs] 
1543.247: [GC (Allocation Failure) [PSYoungGen: 68512K->1408K(69120K)] 380772K->313668K(744448K), 0.0019852 secs] [Times: user=0.00 sys=0.00, real=0.00 secs] 
1543.842: [GC (Allocation Failure) [PSYoungGen: 68480K->1408K(69120K)] 380740K->313668K(744448K), 0.0019798 secs] [Times: user=0.01 sys=0.00, real=0.00 secs] 
1544.893: [GC (Allocation Failure) [PSYoungGen: 68480K->1376K(69120K)] 380740K->313636K(744448K), 0.0020679 secs] [Times: user=0.01 sys=0.00, real=0.00 secs] 
1545.405: [GC (Allocation Failure) [PSYoungGen: 68448K->1565K(69120K)] 380708K->313841K(744448K), 0.0015228 secs] [Times: user=0.00 sys=0.00, real=0.00 secs] 
1545.797: [GC (Allocation Failure) [PSYoungGen: 68637K->1597K(69120K)] 380913K->313873K(744448K), 0.0015580 secs] [Times: user=0.00 sys=0.00, real=0.00 secs] 
1546.190: [GC (Allocation Failure) [PSYoungGen: 68669K->1536K(69120K)] 380945K->313812K(744448K), 0.0016112 secs] [Times: user=0.01 sys=0.00, real=0.00 secs] 
1546.578: [GC (Allocation Failure) [PSYoungGen: 68608K->1504K(69120K)] 380884K->313780K(744448K), 0.0019121 secs] [Times: user=0.01 sys=0.00, real=0.00 secs] 
1546.892: [GC (Allocation Failure) [PSYoungGen: 68576K->1344K(69120K)] 380852K->313620K(744448K), 0.0017369 secs] [Times: user=0.01 sys=0.00, real=0.00 secs] 
1547.454: [GC (Allocation Failure) [PSYoungGen: 68416K->1376K(69120K)] 380692K->313652K(744448K), 0.0017199 secs] [Times: user=0.00 sys=0.00, real=0.00 secs] 
1548.005: [GC (Allocation Failure) [PSYoungGen: 68448K->1360K(69120K)] 380724K->313636K(744448K), 0.0017454 secs] [Times: user=0.00 sys=0.00, real=0.00 secs] 
1548.658: [GC (Allocation Failure) [PSYoungGen: 68432K->1501K(69120K)] 380708K->313777K(744448K), 0.0029439 secs] [Times: user=0.01 sys=0.00, real=0.01 secs] 
1549.134: [GC (Allocation Failure) [PSYoungGen: 68573K->1533K(69120K)] 380849K->313809K(744448K), 0.0015371 secs] [Times: user=0.00 sys=0.00, real=0.00 secs] 
1549.524: [GC (Allocation Failure) [PSYoungGen: 68605K->1629K(69120K)] 380881K->313905K(744448K), 0.0014865 secs] [Times: user=0.01 sys=0.00, real=0.00 secs] 
1549.917: [GC (Allocation Failure) [PSYoungGen: 68701K->1520K(69120K)] 380977K->313812K(744448K), 0.0015442 secs] [Times: user=0.01 sys=0.00, real=0.00 secs] 
1550.309: [GC (Allocation Failure) [PSYoungGen: 68592K->1488K(69120K)] 380884K->313780K(744448K), 0.0018854 secs] [Times: user=0.01 sys=0.00, real=0.01 secs] 
1550.629: [GC (Allocation Failure) [PSYoungGen: 68560K->1440K(69120K)] 380852K->313732K(744448K), 0.0017775 secs] [Times: user=0.00 sys=0.00, real=0.01 secs] 
1550.947: [GC (Allocation Failure) [PSYoungGen: 68512K->1408K(69120K)] 380804K->313700K(744448K), 0.0018333 secs] [Times: user=0.01 sys=0.00, real=0.00 secs] 
1551.244: [GC (Allocation Failure) [PSYoungGen: 68480K->1376K(69120K)] 380772K->313668K(744448K), 0.0017620 secs] [Times: user=0.01 sys=0.00, real=0.00 secs] 
1551.804: [GC (Allocation Failure) [PSYoungGen: 68448K->1501K(69120K)] 380740K->313793K(744448K), 0.0017227 secs] [Times: user=0.01 sys=0.00, real=0.00 secs] 
1552.196: [GC (Allocation Failure) [PSYoungGen: 68573K->1584K(69120K)] 380865K->313876K(744448K), 0.0015521 secs] [Times: user=0.01 sys=0.00, real=0.00 secs] 
1552.595: [GC (Allocation Failure) [PSYoungGen: 68656K->1597K(69120K)] 380948K->313889K(744448K), 0.0016338 secs] [Times: user=0.01 sys=0.00, real=0.00 secs] 
1553.047: [GC (Allocation Failure) [PSYoungGen: 68669K->1616K(69120K)] 380961K->313924K(744448K), 0.0017095 secs] [Times: user=0.01 sys=0.00, real=0.00 secs] 
1554.228: [GC (Allocation Failure) [PSYoungGen: 68688K->1488K(69120K)] 380996K->313796K(744448K), 0.0028362 secs] [Times: user=0.01 sys=0.00, real=0.01 secs] 
1554.567: [GC (Allocation Failure) [PSYoungGen: 68560K->1440K(69120K)] 380868K->313748K(744448K), 0.0019777 secs] [Times: user=0.01 sys=0.00, real=0.00 secs] 
1555.028: [GC (Allocation Failure) [PSYoungGen: 68512K->1408K(69120K)] 380820K->313716K(744448K), 0.0019829 secs] [Times: user=0.01 sys=0.00, real=0.01 secs] 
1555.712: [GC (Allocation Failure) [PSYoungGen: 68480K->1376K(69120K)] 380788K->313708K(744448K), 0.0021487 secs] [Times: user=0.01 sys=0.00, real=0.00 secs] 
1556.301: [GC (Allocation Failure) [PSYoungGen: 68448K->1501K(69120K)] 380780K->313833K(744448K), 0.0016079 secs] [Times: user=0.00 sys=0.00, real=0.00 secs] 
1556.694: [GC (Allocation Failure) [PSYoungGen: 68573K->1565K(69120K)] 380905K->313897K(744448K), 0.0016079 secs] [Times: user=0.01 sys=0.00, real=0.00 secs] 
1557.086: [GC (Allocation Failure) [PSYoungGen: 68637K->1552K(69120K)] 380969K->313884K(744448K), 0.0015203 secs] [Times: user=0.01 sys=0.00, real=0.00 secs] 
1557.479: [GC (Allocation Failure) [PSYoungGen: 68624K->1520K(69120K)] 380956K->313860K(744448K), 0.0015508 secs] [Times: user=0.00 sys=0.00, real=0.01 secs] 
1557.873: [GC (Allocation Failure) [PSYoungGen: 68592K->1440K(69120K)] 380932K->313780K(744448K), 0.0018497 secs] [Times: user=0.01 sys=0.00, real=0.00 secs] 
1558.157: [GC (Allocation Failure) [PSYoungGen: 68512K->1376K(69120K)] 380852K->313716K(744448K), 0.0017676 secs] [Times: user=0.01 sys=0.00, real=0.00 secs] 
1558.444: [GC (Allocation Failure) [PSYoungGen: 68448K->1408K(69120K)] 380788K->313748K(744448K), 0.0017260 secs] [Times: user=0.01 sys=0.00, real=0.00 secs] 
1558.821: [GC (Allocation Failure) [PSYoungGen: 68480K->1344K(69120K)] 380820K->313684K(744448K), 0.0019399 secs] [Times: user=0.00 sys=0.00, real=0.00 secs] 
1559.300: [GC (Allocation Failure) [PSYoungGen: 68416K->1456K(69120K)] 380756K->313796K(744448K), 0.0014925 secs] [Times: user=0.01 sys=0.00, real=0.01 secs] 
1559.692: [GC (Allocation Failure) [PSYoungGen: 68528K->1584K(69120K)] 380868K->313924K(744448K), 0.0016147 secs] [Times: user=0.01 sys=0.00, real=0.00 secs] 
1560.085: [GC (Allocation Failure) [PSYoungGen: 68656K->1533K(69120K)] 380996K->313873K(744448K), 0.0017372 secs] [Times: user=0.00 sys=0.00, real=0.00 secs] 
1560.482: [GC (Allocation Failure) [PSYoungGen: 68605K->1597K(69120K)] 380945K->313953K(744448K), 0.0015173 secs] [Times: user=0.00 sys=0.00, real=0.00 secs] 
1560.794: [GC (Allocation Failure) [PSYoungGen: 68669K->1440K(69120K)] 381025K->313796K(744448K), 0.0017122 secs] [Times: user=0.01 sys=0.00, real=0.00 secs] 
1561.072: [GC (Allocation Failure) [PSYoungGen: 68512K->1408K(69120K)] 380868K->313764K(744448K), 0.0015938 secs] [Times: user=0.01 sys=0.00, real=0.00 secs] 
1561.351: [GC (Allocation Failure) [PSYoungGen: 68480K->1376K(69120K)] 380836K->313732K(744448K), 0.0025953 secs] [Times: user=0.01 sys=0.00, real=0.00 secs] 
1561.631: [GC (Allocation Failure) [PSYoungGen: 68448K->1408K(69120K)] 380804K->313764K(744448K), 0.0021326 secs] [Times: user=0.01 sys=0.00, real=0.00 secs] 
1562.045: [GC (Allocation Failure) [PSYoungGen: 68480K->1488K(69120K)] 380836K->313844K(744448K), 0.0016325 secs] [Times: user=0.00 sys=0.00, real=0.00 secs] 
1562.435: [GC (Allocation Failure) [PSYoungGen: 68538K->1597K(69120K)] 380894K->313953K(744448K), 0.0016402 secs] [Times: user=0.01 sys=0.00, real=0.00 secs] 
1562.829: [GC (Allocation Failure) [PSYoungGen: 68669K->1552K(69120K)] 381025K->313908K(744448K), 0.0015328 secs] [Times: user=0.00 sys=0.00, real=0.01 secs] 
1563.331: [GC (Allocation Failure) [PSYoungGen: 68624K->1520K(69120K)] 380980K->313876K(744448K), 0.0019198 secs] [Times: user=0.01 sys=0.00, real=0.00 secs] 
1564.211: [GC (Allocation Failure) [PSYoungGen: 68592K->1408K(69120K)] 380948K->313780K(744448K), 0.0021424 secs] [Times: user=0.01 sys=0.00, real=0.00 secs] 
1564.738: [GC (Allocation Failure) [PSYoungGen: 68480K->1408K(69120K)] 380852K->313780K(744448K), 0.0021122 secs] [Times: user=0.00 sys=0.00, real=0.00 secs] 
1565.290: [GC (Allocation Failure) [PSYoungGen: 68480K->1376K(69120K)] 380852K->313748K(744448K), 0.0020892 secs] [Times: user=0.01 sys=0.00, real=0.01 secs] 
1565.838: [GC (Allocation Failure) [PSYoungGen: 68448K->1408K(69120K)] 380820K->313780K(744448K), 0.0019282 secs] [Times: user=0.01 sys=0.00, real=0.00 secs] 
1566.270: [GC (Allocation Failure) [PSYoungGen: 68480K->1552K(69120K)] 380852K->313924K(744448K), 0.0015016 secs] [Times: user=0.01 sys=0.00, real=0.00 secs] 
1566.664: [GC (Allocation Failure) [PSYoungGen: 68624K->1584K(69120K)] 380996K->313956K(744448K), 0.0016080 secs] [Times: user=0.00 sys=0.00, real=0.00 secs] 
1567.055: [GC (Allocation Failure) [PSYoungGen: 68656K->1488K(69120K)] 381028K->313860K(744448K), 0.0017846 secs] [Times: user=0.01 sys=0.00, real=0.00 secs] 
1567.423: [GC (Allocation Failure) [PSYoungGen: 68560K->1472K(69120K)] 380932K->313844K(744448K), 0.0018143 secs] [Times: user=0.01 sys=0.00, real=0.00 secs] 
1567.854: [GC (Allocation Failure) [PSYoungGen: 68544K->1376K(69120K)] 380916K->313748K(744448K), 0.0018207 secs] [Times: user=0.00 sys=0.00, real=0.00 secs] 
1568.606: [GC (Allocation Failure) [PSYoungGen: 68448K->1408K(69120K)] 380820K->313780K(744448K), 0.0030082 secs] [Times: user=0.01 sys=0.00, real=0.00 secs] 
1569.507: [GC (Allocation Failure) [PSYoungGen: 68480K->1392K(69120K)] 380852K->313764K(744448K), 0.0032813 secs] [Times: user=0.02 sys=0.00, real=0.01 secs] 
1570.580: [GC (Allocation Failure) [PSYoungGen: 68464K->1469K(69120K)] 380836K->313841K(744448K), 0.0022445 secs] [Times: user=0.01 sys=0.00, real=0.01 secs] 
1571.018: [GC (Allocation Failure) [PSYoungGen: 68541K->1565K(69120K)] 380913K->313937K(744448K), 0.0015682 secs] [Times: user=0.01 sys=0.00, real=0.00 secs] 
1571.410: [GC (Allocation Failure) [PSYoungGen: 68637K->1565K(69120K)] 381009K->313937K(744448K), 0.0016769 secs] [Times: user=0.01 sys=0.00, real=0.01 secs] 
1571.802: [GC (Allocation Failure) [PSYoungGen: 68637K->1568K(69120K)] 381009K->313956K(744448K), 0.0016008 secs] [Times: user=0.00 sys=0.00, real=0.00 secs] 
1572.195: [GC (Allocation Failure) [PSYoungGen: 68640K->1456K(69120K)] 381028K->313844K(744448K), 0.0020163 secs] [Times: user=0.01 sys=0.00, real=0.00 secs] 
1572.541: [GC (Allocation Failure) [PSYoungGen: 68528K->1344K(69120K)] 380916K->313732K(744448K), 0.0017425 secs] [Times: user=0.00 sys=0.00, real=0.00 secs] 
1572.839: [GC (Allocation Failure) [PSYoungGen: 68416K->1376K(69120K)] 380804K->313764K(744448K), 0.0017645 secs] [Times: user=0.00 sys=0.00, real=0.01 secs] 
1573.124: [GC (Allocation Failure) [PSYoungGen: 68448K->1440K(69120K)] 380836K->313828K(744448K), 0.0019383 secs] [Times: user=0.01 sys=0.00, real=0.00 secs] 
1573.698: [GC (Allocation Failure) [PSYoungGen: 68512K->1533K(69120K)] 380900K->313921K(744448K), 0.0015714 secs] [Times: user=0.01 sys=0.00, real=0.00 secs] 
1574.098: [GC (Allocation Failure) [PSYoungGen: 68605K->1616K(69120K)] 380993K->314004K(744448K), 0.0015920 secs] [Times: user=0.00 sys=0.00, real=0.00 secs] 
1574.490: [GC (Allocation Failure) [PSYoungGen: 68688K->1597K(69120K)] 381076K->313985K(744448K), 0.0016830 secs] [Times: user=0.00 sys=0.00, real=0.00 secs] 
1574.886: [GC (Allocation Failure) [PSYoungGen: 68669K->1584K(69120K)] 381057K->313988K(744448K), 0.0015024 secs] [Times: user=0.00 sys=0.00, real=0.00 secs] 
1576.042: [GC (Allocation Failure) [PSYoungGen: 68656K->1440K(69120K)] 381060K->313852K(744448K), 0.0023435 secs] [Times: user=0.00 sys=0.00, real=0.00 secs] 
1576.311: [GC (Allocation Failure) [PSYoungGen: 68512K->1376K(69120K)] 380924K->313804K(744448K), 0.0019183 secs] [Times: user=0.01 sys=0.00, real=0.00 secs] 
1576.590: [GC (Allocation Failure) [PSYoungGen: 68448K->1376K(69120K)] 380876K->313804K(744448K), 0.0019763 secs] [Times: user=0.01 sys=0.00, real=0.01 secs] 
1576.868: [GC (Allocation Failure) [PSYoungGen: 68448K->1408K(69120K)] 380876K->313844K(744448K), 0.0019160 secs] [Times: user=0.00 sys=0.01, real=0.01 secs] 
1577.232: [GC (Allocation Failure) [PSYoungGen: 68480K->1501K(69120K)] 380916K->313937K(744448K), 0.0015855 secs] [Times: user=0.01 sys=0.00, real=0.00 secs] 
1577.623: [GC (Allocation Failure) [PSYoungGen: 68573K->1565K(69120K)] 381009K->314001K(744448K), 0.0016416 secs] [Times: user=0.01 sys=0.00, real=0.00 secs] 
1578.018: [GC (Allocation Failure) [PSYoungGen: 68637K->1584K(69120K)] 381073K->314020K(744448K), 0.0016081 secs] [Times: user=0.00 sys=0.00, real=0.00 secs] 
1578.412: [GC (Allocation Failure) [PSYoungGen: 68656K->1584K(69120K)] 381092K->314036K(744448K), 0.0015475 secs] [Times: user=0.00 sys=0.00, real=0.00 secs] 
1580.191: [GC (Allocation Failure) [PSYoungGen: 68656K->1408K(69120K)] 381108K->313860K(744448K), 0.0032794 secs] [Times: user=0.01 sys=0.00, real=0.00 secs] 
1581.012: [GC (Allocation Failure) [PSYoungGen: 68480K->1344K(69120K)] 380932K->313796K(744448K), 0.0032219 secs] [Times: user=0.01 sys=0.00, real=0.00 secs] 
1581.586: [GC (Allocation Failure) [PSYoungGen: 68416K->1376K(69120K)] 380868K->313828K(744448K), 0.0028988 secs] [Times: user=0.01 sys=0.00, real=0.00 secs] 
1582.179: [GC (Allocation Failure) [PSYoungGen: 68448K->1424K(69120K)] 380900K->313876K(744448K), 0.0031738 secs] [Times: user=0.01 sys=0.00, real=0.01 secs] 
1582.634: [GC (Allocation Failure) [PSYoungGen: 68496K->1469K(69120K)] 380948K->313921K(744448K), 0.0015782 secs] [Times: user=0.00 sys=0.00, real=0.00 secs] 
1583.027: [GC (Allocation Failure) [PSYoungGen: 68541K->1552K(69120K)] 380993K->314004K(744448K), 0.0016043 secs] [Times: user=0.01 sys=0.00, real=0.00 secs] 
1583.422: [GC (Allocation Failure) [PSYoungGen: 68624K->1597K(69120K)] 381076K->314049K(744448K), 0.0016416 secs] [Times: user=0.01 sys=0.00, real=0.00 secs] 
1583.887: [GC (Allocation Failure) [PSYoungGen: 68669K->1776K(69120K)] 381121K->314236K(744448K), 0.0017897 secs] [Times: user=0.01 sys=0.00, real=0.00 secs] 
1584.618: [GC (Allocation Failure) [PSYoungGen: 68848K->1424K(69120K)] 381308K->313884K(744448K), 0.0036597 secs] [Times: user=0.01 sys=0.00, real=0.01 secs] 
1585.319: [GC (Allocation Failure) [PSYoungGen: 68496K->1408K(69120K)] 380956K->313868K(744448K), 0.0029575 secs] [Times: user=0.01 sys=0.00, real=0.01 secs] 
1585.927: [GC (Allocation Failure) [PSYoungGen: 68480K->1440K(69120K)] 380940K->313900K(744448K), 0.0025446 secs] [Times: user=0.01 sys=0.00, real=0.00 secs] 
1586.470: [GC (Allocation Failure) [PSYoungGen: 68512K->1440K(69120K)] 380972K->313900K(744448K), 0.0023207 secs] [Times: user=0.01 sys=0.00, real=0.00 secs] 
1586.978: [GC (Allocation Failure) [PSYoungGen: 68512K->1584K(69120K)] 380972K->314044K(744448K), 0.0015195 secs] [Times: user=0.01 sys=0.00, real=0.00 secs] 
1587.370: [GC (Allocation Failure) [PSYoungGen: 68656K->1616K(69120K)] 381116K->314076K(744448K), 0.0015411 secs] [Times: user=0.01 sys=0.00, real=0.01 secs] 
1587.762: [GC (Allocation Failure) [PSYoungGen: 68688K->1664K(69120K)] 381148K->314140K(744448K), 0.0015746 secs] [Times: user=0.01 sys=0.00, real=0.00 secs] 
1588.168: [GC (Allocation Failure) [PSYoungGen: 68736K->1536K(69120K)] 381212K->314012K(744448K), 0.0018238 secs] [Times: user=0.01 sys=0.00, real=0.00 secs] 
1588.486: [GC (Allocation Failure) [PSYoungGen: 68608K->1440K(69120K)] 381084K->313916K(744448K), 0.0017693 secs] [Times: user=0.00 sys=0.00, real=0.00 secs] 
1588.772: [GC (Allocation Failure) [PSYoungGen: 68512K->1408K(69120K)] 380988K->313884K(744448K), 0.0018448 secs] [Times: user=0.00 sys=0.00, real=0.00 secs] 
1589.051: [GC (Allocation Failure) [PSYoungGen: 68480K->1408K(69120K)] 380956K->313884K(744448K), 0.0017836 secs] [Times: user=0.00 sys=0.00, real=0.00 secs] 
1589.468: [GC (Allocation Failure) [PSYoungGen: 68480K->1501K(69120K)] 380956K->313977K(744448K), 0.0017988 secs] [Times: user=0.00 sys=0.00, real=0.00 secs] 
1589.869: [GC (Allocation Failure) [PSYoungGen: 68573K->1584K(69120K)] 381049K->314060K(744448K), 0.0015366 secs] [Times: user=0.01 sys=0.00, real=0.01 secs] 
1590.260: [GC (Allocation Failure) [PSYoungGen: 68656K->1648K(69120K)] 381132K->314124K(744448K), 0.0016806 secs] [Times: user=0.01 sys=0.00, real=0.01 secs] 
1590.659: [GC (Allocation Failure) [PSYoungGen: 68720K->1584K(69120K)] 381196K->314084K(744448K), 0.0016562 secs] [Times: user=0.01 sys=0.00, real=0.00 secs] 
1591.042: [GC (Allocation Failure) [PSYoungGen: 68656K->1488K(69120K)] 381156K->313988K(744448K), 0.0016614 secs] [Times: user=0.00 sys=0.00, real=0.00 secs] 
1591.320: [GC (Allocation Failure) [PSYoungGen: 68560K->1376K(69120K)] 381060K->313876K(744448K), 0.0016799 secs] [Times: user=0.01 sys=0.00, real=0.00 secs] 
1591.599: [GC (Allocation Failure) [PSYoungGen: 68448K->1408K(69120K)] 380948K->313908K(744448K), 0.0018652 secs] [Times: user=0.01 sys=0.00, real=0.01 secs] 
1591.877: [GC (Allocation Failure) [PSYoungGen: 68480K->1424K(69120K)] 380980K->313924K(744448K), 0.0016032 secs] [Times: user=0.01 sys=0.00, real=0.00 secs] 
1592.205: [GC (Allocation Failure) [PSYoungGen: 68496K->1485K(69120K)] 380996K->313985K(744448K), 0.0016208 secs] [Times: user=0.01 sys=0.00, real=0.00 secs] 
1592.598: [GC (Allocation Failure) [PSYoungGen: 68557K->1533K(69120K)] 381057K->314033K(744448K), 0.0016814 secs] [Times: user=0.00 sys=0.00, real=0.00 secs] 
1592.991: [GC (Allocation Failure) [PSYoungGen: 68605K->1552K(69120K)] 381105K->314052K(744448K), 0.0015834 secs] [Times: user=0.01 sys=0.01, real=0.00 secs] 
1593.448: [GC (Allocation Failure) [PSYoungGen: 68624K->1597K(69120K)] 381124K->314129K(744448K), 0.0017619 secs] [Times: user=0.01 sys=0.00, real=0.00 secs] 
1594.126: [GC (Allocation Failure) [PSYoungGen: 68669K->1408K(69120K)] 381201K->313940K(744448K), 0.0034668 secs] [Times: user=0.01 sys=0.00, real=0.00 secs] 
1594.705: [GC (Allocation Failure) [PSYoungGen: 68480K->1408K(69120K)] 381012K->313940K(744448K), 0.0025687 secs] [Times: user=0.01 sys=0.00, real=0.00 secs] 
1595.335: [GC (Allocation Failure) [PSYoungGen: 68480K->1376K(69120K)] 381012K->313908K(744448K), 0.0022689 secs] [Times: user=0.01 sys=0.00, real=0.00 secs] 
1595.819: [GC (Allocation Failure) [PSYoungGen: 68448K->1408K(69120K)] 380980K->313940K(744448K), 0.0019214 secs] [Times: user=0.01 sys=0.00, real=0.01 secs] 
1596.191: [GC (Allocation Failure) [PSYoungGen: 68480K->1533K(69120K)] 381012K->314065K(744448K), 0.0016425 secs] [Times: user=0.00 sys=0.00, real=0.00 secs] 
1596.583: [GC (Allocation Failure) [PSYoungGen: 68605K->1597K(69120K)] 381137K->314129K(744448K), 0.0015185 secs] [Times: user=0.01 sys=0.00, real=0.00 secs] 
1596.975: [GC (Allocation Failure) [PSYoungGen: 68669K->1552K(69120K)] 381201K->314084K(744448K), 0.0016860 secs] [Times: user=0.00 sys=0.00, real=0.00 secs] 
1597.368: [GC (Allocation Failure) [PSYoungGen: 68624K->1565K(69120K)] 381156K->314113K(744448K), 0.0016624 secs] [Times: user=0.01 sys=0.00, real=0.00 secs] 
1597.790: [GC (Allocation Failure) [PSYoungGen: 68637K->1440K(69120K)] 381185K->313988K(744448K), 0.0019424 secs] [Times: user=0.01 sys=0.00, real=0.01 secs] 
1598.069: [GC (Allocation Failure) [PSYoungGen: 68512K->1408K(69120K)] 381060K->313956K(744448K), 0.0019663 secs] [Times: user=0.00 sys=0.00, real=0.01 secs] 
1598.377: [GC (Allocation Failure) [PSYoungGen: 68480K->1376K(69120K)] 381028K->313924K(744448K), 0.0018096 secs] [Times: user=0.00 sys=0.00, real=0.00 secs] 
1598.655: [GC (Allocation Failure) [PSYoungGen: 68448K->1424K(69120K)] 380996K->313972K(744448K), 0.0019155 secs] [Times: user=0.00 sys=0.00, real=0.00 secs] 
1599.062: [GC (Allocation Failure) [PSYoungGen: 68496K->1488K(69120K)] 381044K->314036K(744448K), 0.0015164 secs] [Times: user=0.00 sys=0.00, real=0.00 secs] 
1599.456: [GC (Allocation Failure) [PSYoungGen: 68560K->1536K(69120K)] 381108K->314084K(744448K), 0.0016607 secs] [Times: user=0.01 sys=0.00, real=0.00 secs] 
1599.847: [GC (Allocation Failure) [PSYoungGen: 68608K->1584K(69120K)] 381156K->314132K(744448K), 0.0016573 secs] [Times: user=0.01 sys=0.00, real=0.00 secs] 
1600.240: [GC (Allocation Failure) [PSYoungGen: 68656K->1520K(69120K)] 381204K->314084K(744448K), 0.0016523 secs] [Times: user=0.00 sys=0.00, real=0.01 secs] 
1601.319: [GC (Allocation Failure) [PSYoungGen: 68592K->1408K(69120K)] 381156K->313972K(744448K), 0.0022062 secs] [Times: user=0.01 sys=0.00, real=0.01 secs] 
1602.334: [GC (Allocation Failure) [PSYoungGen: 68480K->1408K(69120K)] 381044K->313972K(744448K), 0.0029514 secs] [Times: user=0.01 sys=0.00, real=0.00 secs] 
1603.212: [GC (Allocation Failure) [PSYoungGen: 68480K->1408K(69120K)] 381044K->313972K(744448K), 0.0029299 secs] [Times: user=0.01 sys=0.00, real=0.00 secs] 
1603.604: [GC (Allocation Failure) [PSYoungGen: 68480K->1408K(69120K)] 381044K->313972K(744448K), 0.0019062 secs] [Times: user=0.01 sys=0.00, real=0.00 secs] 
1603.995: [GC (Allocation Failure) [PSYoungGen: 68480K->1440K(69120K)] 381044K->314004K(744448K), 0.0016273 secs] [Times: user=0.01 sys=0.00, real=0.00 secs] 
1604.386: [GC (Allocation Failure) [PSYoungGen: 68490K->1616K(69120K)] 381054K->314180K(744448K), 0.0017287 secs] [Times: user=0.01 sys=0.00, real=0.00 secs] 
1604.789: [GC (Allocation Failure) [PSYoungGen: 68688K->1600K(69120K)] 381252K->314164K(744448K), 0.0016070 secs] [Times: user=0.01 sys=0.00, real=0.01 secs] 
1605.202: [GC (Allocation Failure) [PSYoungGen: 68672K->1520K(69120K)] 381236K->314092K(744448K), 0.0019781 secs] [Times: user=0.01 sys=0.00, real=0.00 secs] 
1605.535: [GC (Allocation Failure) [PSYoungGen: 68592K->1376K(69120K)] 381164K->313948K(744448K), 0.0016479 secs] [Times: user=0.00 sys=0.00, real=0.00 secs] 
1605.825: [GC (Allocation Failure) [PSYoungGen: 68448K->1344K(69120K)] 381020K->313924K(744448K), 0.0017941 secs] [Times: user=0.01 sys=0.00, real=0.00 secs] 
1606.144: [GC (Allocation Failure) [PSYoungGen: 68416K->1376K(69120K)] 380996K->313956K(744448K), 0.0017338 secs] [Times: user=0.01 sys=0.00, real=0.00 secs] 
1606.423: [GC (Allocation Failure) [PSYoungGen: 68448K->1376K(69120K)] 381028K->313956K(744448K), 0.0016687 secs] [Times: user=0.01 sys=0.00, real=0.00 secs] 
1606.865: [GC (Allocation Failure) [PSYoungGen: 68448K->1584K(69120K)] 381028K->314164K(744448K), 0.0017010 secs] [Times: user=0.00 sys=0.00, real=0.00 secs] 
1607.259: [GC (Allocation Failure) [PSYoungGen: 68656K->1520K(69120K)] 381236K->314100K(744448K), 0.0015668 secs] [Times: user=0.01 sys=0.00, real=0.00 secs] 
1607.651: [GC (Allocation Failure) [PSYoungGen: 68592K->1552K(69120K)] 381172K->314132K(744448K), 0.0015641 secs] [Times: user=0.01 sys=0.00, real=0.00 secs] 
1608.050: [GC (Allocation Failure) [PSYoungGen: 68624K->1424K(69120K)] 381204K->314012K(744448K), 0.0018335 secs] [Times: user=0.01 sys=0.00, real=0.00 secs] 
1608.384: [GC (Allocation Failure) [PSYoungGen: 68496K->1408K(69120K)] 381084K->313996K(744448K), 0.0017699 secs] [Times: user=0.01 sys=0.00, real=0.00 secs] 
1608.665: [GC (Allocation Failure) [PSYoungGen: 68480K->1312K(69120K)] 381068K->313900K(744448K), 0.0018087 secs] [Times: user=0.01 sys=0.00, real=0.00 secs] 
1609.134: [GC (Allocation Failure) [PSYoungGen: 68384K->1408K(69120K)] 380972K->313996K(744448K), 0.0021491 secs] [Times: user=0.01 sys=0.00, real=0.00 secs] 
1609.824: [GC (Allocation Failure) [PSYoungGen: 68480K->1424K(69120K)] 381068K->314012K(744448K), 0.0022477 secs] [Times: user=0.01 sys=0.00, real=0.00 secs] 
1610.259: [GC (Allocation Failure) [PSYoungGen: 68496K->1565K(69120K)] 381084K->314153K(744448K), 0.0015784 secs] [Times: user=0.00 sys=0.00, real=0.01 secs] 
1610.652: [GC (Allocation Failure) [PSYoungGen: 68637K->1552K(69120K)] 381225K->314140K(744448K), 0.0016551 secs] [Times: user=0.01 sys=0.01, real=0.00 secs] 
1611.046: [GC (Allocation Failure) [PSYoungGen: 68624K->1552K(69120K)] 381212K->314156K(744448K), 0.0017344 secs] [Times: user=0.00 sys=0.00, real=0.00 secs] 
1611.564: [GC (Allocation Failure) [PSYoungGen: 68624K->1456K(69120K)] 381228K->314060K(744448K), 0.0028072 secs] [Times: user=0.01 sys=0.00, real=0.00 secs] 
1611.846: [GC (Allocation Failure) [PSYoungGen: 68528K->1376K(69120K)] 381132K->313980K(744448K), 0.0018952 secs] [Times: user=0.01 sys=0.00, real=0.00 secs] 
1612.125: [GC (Allocation Failure) [PSYoungGen: 68448K->1344K(69120K)] 381052K->313948K(744448K), 0.0019032 secs] [Times: user=0.01 sys=0.00, real=0.00 secs] 
1612.403: [GC (Allocation Failure) [PSYoungGen: 68416K->1408K(69120K)] 381020K->314012K(744448K), 0.0017693 secs] [Times: user=0.01 sys=0.00, real=0.00 secs] 
1612.795: [GC (Allocation Failure) [PSYoungGen: 68480K->1517K(69120K)] 381084K->314121K(744448K), 0.0014936 secs] [Times: user=0.00 sys=0.00, real=0.00 secs] 
1613.189: [GC (Allocation Failure) [PSYoungGen: 68589K->1565K(69120K)] 381193K->314169K(744448K), 0.0015283 secs] [Times: user=0.00 sys=0.00, real=0.00 secs] 
1613.581: [GC (Allocation Failure) [PSYoungGen: 68637K->1597K(69120K)] 381241K->314201K(744448K), 0.0015653 secs] [Times: user=0.01 sys=0.00, real=0.00 secs] 
1613.974: [GC (Allocation Failure) [PSYoungGen: 68669K->1616K(69120K)] 381273K->314236K(744448K), 0.0015255 secs] [Times: user=0.01 sys=0.00, real=0.00 secs] 
1614.702: [GC (Allocation Failure) [PSYoungGen: 68688K->1408K(69120K)] 381308K->314044K(744448K), 0.0024400 secs] [Times: user=0.01 sys=0.00, real=0.00 secs] 
1615.548: [GC (Allocation Failure) [PSYoungGen: 68480K->1408K(69120K)] 381116K->314044K(744448K), 0.0022648 secs] [Times: user=0.01 sys=0.00, real=0.00 secs] 
1616.114: [GC (Allocation Failure) [PSYoungGen: 68480K->1376K(69120K)] 381116K->314012K(744448K), 0.0020184 secs] [Times: user=0.01 sys=0.00, real=0.00 secs] 
1616.618: [GC (Allocation Failure) [PSYoungGen: 68448K->1376K(69120K)] 381084K->314012K(744448K), 0.0021546 secs] [Times: user=0.01 sys=0.00, real=0.00 secs] 
1617.274: [GC (Allocation Failure) [PSYoungGen: 68448K->1501K(69120K)] 381084K->314137K(744448K), 0.0016636 secs] [Times: user=0.00 sys=0.00, real=0.00 secs] 
1617.666: [GC (Allocation Failure) [PSYoungGen: 68573K->1565K(69120K)] 381209K->314201K(744448K), 0.0015228 secs] [Times: user=0.01 sys=0.00, real=0.00 secs] 
1618.059: [GC (Allocation Failure) [PSYoungGen: 68637K->1552K(69120K)] 381273K->314188K(744448K), 0.0017778 secs] [Times: user=0.00 sys=0.00, real=0.01 secs] 
1618.453: [GC (Allocation Failure) [PSYoungGen: 68624K->1565K(69120K)] 381260K->314217K(744448K), 0.0017652 secs] [Times: user=0.01 sys=0.00, real=0.00 secs] 
1618.835: [GC (Allocation Failure) [PSYoungGen: 68637K->1408K(69120K)] 381289K->314060K(744448K), 0.0022693 secs] [Times: user=0.01 sys=0.00, real=0.00 secs] 
1619.208: [GC (Allocation Failure) [PSYoungGen: 68480K->1376K(69120K)] 381132K->314028K(744448K), 0.0018157 secs] [Times: user=0.00 sys=0.00, real=0.00 secs] 
1619.527: [GC (Allocation Failure) [PSYoungGen: 68448K->1408K(69120K)] 381100K->314060K(744448K), 0.0018719 secs] [Times: user=0.00 sys=0.00, real=0.00 secs] 
1619.805: [GC (Allocation Failure) [PSYoungGen: 68480K->1408K(69120K)] 381132K->314060K(744448K), 0.0016995 secs] [Times: user=0.01 sys=0.00, real=0.00 secs] 
1620.231: [GC (Allocation Failure) [PSYoungGen: 68480K->1440K(69120K)] 381132K->314092K(744448K), 0.0014903 secs] [Times: user=0.01 sys=0.00, real=0.00 secs] 
1620.624: [GC (Allocation Failure) [PSYoungGen: 68512K->1552K(69120K)] 381164K->314204K(744448K), 0.0014909 secs] [Times: user=0.01 sys=0.00, real=0.00 secs] 
1621.023: [GC (Allocation Failure) [PSYoungGen: 68624K->1584K(69120K)] 381276K->314236K(744448K), 0.0017244 secs] [Times: user=0.01 sys=0.00, real=0.00 secs] 
1621.489: [GC (Allocation Failure) [PSYoungGen: 68656K->1792K(69120K)] 381308K->314452K(744448K), 0.0018158 secs] [Times: user=0.01 sys=0.00, real=0.01 secs] 
1622.239: [GC (Allocation Failure) [PSYoungGen: 68864K->1376K(69120K)] 381524K->314036K(744448K), 0.0025925 secs] [Times: user=0.01 sys=0.00, real=0.01 secs] 
1622.747: [GC (Allocation Failure) [PSYoungGen: 68448K->1392K(69120K)] 381108K->314052K(744448K), 0.0019380 secs] [Times: user=0.00 sys=0.00, real=0.00 secs] 
1623.343: [GC (Allocation Failure) [PSYoungGen: 68464K->1408K(69120K)] 381124K->314068K(744448K), 0.0018544 secs] [Times: user=0.01 sys=0.00, real=0.00 secs] 
1624.236: [GC (Allocation Failure) [PSYoungGen: 68480K->1424K(69120K)] 381140K->314084K(744448K), 0.0023886 secs] [Times: user=0.01 sys=0.00, real=0.00 secs] 
1624.806: [GC (Allocation Failure) [PSYoungGen: 68496K->1584K(69120K)] 381156K->314244K(744448K), 0.0015502 secs] [Times: user=0.01 sys=0.00, real=0.00 secs] 
1625.209: [GC (Allocation Failure) [PSYoungGen: 68656K->1597K(69120K)] 381316K->314257K(744448K), 0.0016976 secs] [Times: user=0.00 sys=0.00, real=0.01 secs] 
1625.602: [GC (Allocation Failure) [PSYoungGen: 68669K->1597K(69120K)] 381329K->314273K(744448K), 0.0017499 secs] [Times: user=0.01 sys=0.00, real=0.00 secs] 
1626.137: [GC (Allocation Failure) [PSYoungGen: 68669K->1488K(69120K)] 381345K->314172K(744448K), 0.0017952 secs] [Times: user=0.00 sys=0.00, real=0.00 secs] 
1627.030: [GC (Allocation Failure) [PSYoungGen: 68560K->1408K(69120K)] 381244K->314092K(744448K), 0.0028867 secs] [Times: user=0.01 sys=0.00, real=0.01 secs] 
1627.613: [GC (Allocation Failure) [PSYoungGen: 68480K->1376K(69120K)] 381164K->314060K(744448K), 0.0024014 secs] [Times: user=0.01 sys=0.00, real=0.00 secs] 
1628.182: [GC (Allocation Failure) [PSYoungGen: 68448K->1408K(69120K)] 381132K->314092K(744448K), 0.0020413 secs] [Times: user=0.01 sys=0.00, real=0.00 secs] 
1628.903: [GC (Allocation Failure) [PSYoungGen: 68480K->1469K(69120K)] 381164K->314153K(744448K), 0.0029688 secs] [Times: user=0.02 sys=0.00, real=0.00 secs] 
1629.448: [GC (Allocation Failure) [PSYoungGen: 68541K->1536K(69120K)] 381225K->314220K(744448K), 0.0015852 secs] [Times: user=0.01 sys=0.00, real=0.00 secs] 
1629.895: [GC (Allocation Failure) [PSYoungGen: 68605K->1584K(69120K)] 381290K->314268K(744448K), 0.0017468 secs] [Times: user=0.01 sys=0.00, real=0.00 secs] 
1630.289: [GC (Allocation Failure) [PSYoungGen: 68656K->1533K(69120K)] 381340K->314241K(744448K), 0.0017511 secs] [Times: user=0.01 sys=0.00, real=0.01 secs] 
1630.742: [GC (Allocation Failure) [PSYoungGen: 68605K->1440K(69120K)] 381313K->314148K(744448K), 0.0024440 secs] [Times: user=0.01 sys=0.00, real=0.00 secs] 
1631.062: [GC (Allocation Failure) [PSYoungGen: 68512K->1392K(69120K)] 381220K->314100K(744448K), 0.0019380 secs] [Times: user=0.01 sys=0.00, real=0.00 secs] 
1631.407: [GC (Allocation Failure) [PSYoungGen: 68464K->1360K(69120K)] 381172K->314068K(744448K), 0.0019841 secs] [Times: user=0.01 sys=0.00, real=0.00 secs] 
1631.708: [GC (Allocation Failure) [PSYoungGen: 68432K->1424K(69120K)] 381140K->314132K(744448K), 0.0017657 secs] [Times: user=0.00 sys=0.00, real=0.00 secs] 
1632.103: [GC (Allocation Failure) [PSYoungGen: 68496K->1501K(69120K)] 381204K->314209K(744448K), 0.0015824 secs] [Times: user=0.00 sys=0.00, real=0.00 secs] 
1632.496: [GC (Allocation Failure) [PSYoungGen: 68573K->1565K(69120K)] 381281K->314273K(744448K), 0.0017568 secs] [Times: user=0.00 sys=0.00, real=0.00 secs] 
1632.947: [GC (Allocation Failure) [PSYoungGen: 68637K->1584K(69120K)] 381345K->314292K(744448K), 0.0017655 secs] [Times: user=0.00 sys=0.00, real=0.00 secs] 
1633.399: [GC (Allocation Failure) [PSYoungGen: 68656K->1616K(69120K)] 381364K->314340K(744448K), 0.0017763 secs] [Times: user=0.01 sys=0.00, real=0.01 secs] 
1634.019: [GC (Allocation Failure) [PSYoungGen: 68688K->1456K(69120K)] 381412K->314180K(744448K), 0.0027809 secs] [Times: user=0.01 sys=0.00, real=0.01 secs] 
1634.586: [GC (Allocation Failure) [PSYoungGen: 68528K->1376K(69120K)] 381252K->314100K(744448K), 0.0020836 secs] [Times: user=0.01 sys=0.00, real=0.00 secs] 
1635.153: [GC (Allocation Failure) [PSYoungGen: 68448K->1376K(69120K)] 381172K->314116K(744448K), 0.0022547 secs] [Times: user=0.01 sys=0.00, real=0.00 secs] 
1635.539: [GC (Allocation Failure) [PSYoungGen: 68448K->1392K(69120K)] 381188K->314132K(744448K), 0.0018256 secs] [Times: user=0.00 sys=0.00, real=0.01 secs] 
1636.087: [GC (Allocation Failure) [PSYoungGen: 68464K->1533K(69120K)] 381204K->314273K(744448K), 0.0015702 secs] [Times: user=0.01 sys=0.00, real=0.00 secs] 
1636.478: [GC (Allocation Failure) [PSYoungGen: 68605K->1597K(69120K)] 381345K->314337K(744448K), 0.0017120 secs] [Times: user=0.01 sys=0.00, real=0.00 secs] 
1636.874: [GC (Allocation Failure) [PSYoungGen: 68669K->1533K(69120K)] 381409K->314273K(744448K), 0.0016782 secs] [Times: user=0.01 sys=0.00, real=0.00 secs] 
1637.268: [GC (Allocation Failure) [PSYoungGen: 68605K->1501K(69120K)] 381345K->314257K(744448K), 0.0015606 secs] [Times: user=0.01 sys=0.00, real=0.00 secs] 
1638.591: [GC (Allocation Failure) [PSYoungGen: 68573K->1472K(69120K)] 381329K->314228K(744448K), 0.0037510 secs] [Times: user=0.01 sys=0.00, real=0.00 secs] 
1639.356: [GC (Allocation Failure) [PSYoungGen: 68544K->1408K(69120K)] 381300K->314164K(744448K), 0.0029376 secs] [Times: user=0.01 sys=0.00, real=0.00 secs] 
1639.960: [GC (Allocation Failure) [PSYoungGen: 68480K->1376K(69120K)] 381236K->314132K(744448K), 0.0026582 secs] [Times: user=0.01 sys=0.00, real=0.01 secs] 
1640.388: [GC (Allocation Failure) [PSYoungGen: 68448K->1376K(69120K)] 381204K->314132K(744448K), 0.0019494 secs] [Times: user=0.00 sys=0.00, real=0.00 secs] 
1640.761: [GC (Allocation Failure) [PSYoungGen: 68448K->1565K(69120K)] 381204K->314321K(744448K), 0.0014810 secs] [Times: user=0.00 sys=0.00, real=0.00 secs] 
1641.159: [GC (Allocation Failure) [PSYoungGen: 68637K->1584K(69120K)] 381393K->314340K(744448K), 0.0015389 secs] [Times: user=0.01 sys=0.00, real=0.00 secs] 
1641.550: [GC (Allocation Failure) [PSYoungGen: 68656K->1584K(69120K)] 381412K->314340K(744448K), 0.0016220 secs] [Times: user=0.00 sys=0.00, real=0.00 secs] 
1641.942: [GC (Allocation Failure) [PSYoungGen: 68656K->1616K(69120K)] 381412K->314388K(744448K), 0.0015434 secs] [Times: user=0.01 sys=0.00, real=0.00 secs] 
1642.568: [GC (Allocation Failure) [PSYoungGen: 68688K->1408K(69120K)] 381460K->314180K(744448K), 0.0019933 secs] [Times: user=0.01 sys=0.00, real=0.01 secs] 
1643.152: [GC (Allocation Failure) [PSYoungGen: 68480K->1440K(69120K)] 381252K->314212K(744448K), 0.0020845 secs] [Times: user=0.01 sys=0.00, real=0.00 secs] 
1643.698: [GC (Allocation Failure) [PSYoungGen: 68512K->1424K(69120K)] 381284K->314196K(744448K), 0.0020971 secs] [Times: user=0.01 sys=0.00, real=0.01 secs] 
1644.091: [GC (Allocation Failure) [PSYoungGen: 68496K->1424K(69120K)] 381268K->314196K(744448K), 0.0019422 secs] [Times: user=0.01 sys=0.00, real=0.00 secs] 
1644.492: [GC (Allocation Failure) [PSYoungGen: 68496K->1504K(69120K)] 381268K->314276K(744448K), 0.0015030 secs] [Times: user=0.00 sys=0.00, real=0.00 secs] 
1644.885: [GC (Allocation Failure) [PSYoungGen: 68576K->1552K(69120K)] 381348K->314324K(744448K), 0.0015288 secs] [Times: user=0.01 sys=0.00, real=0.00 secs] 
1645.277: [GC (Allocation Failure) [PSYoungGen: 68624K->1600K(69120K)] 381396K->314372K(744448K), 0.0015882 secs] [Times: user=0.01 sys=0.00, real=0.00 secs] 
1645.693: [GC (Allocation Failure) [PSYoungGen: 68672K->1504K(69120K)] 381444K->314308K(744448K), 0.0017360 secs] [Times: user=0.01 sys=0.00, real=0.00 secs] 
1646.001: [GC (Allocation Failure) [PSYoungGen: 68576K->1408K(69120K)] 381380K->314212K(744448K), 0.0016211 secs] [Times: user=0.00 sys=0.00, real=0.00 secs] 
1646.327: [GC (Allocation Failure) [PSYoungGen: 68480K->1408K(69120K)] 381284K->314212K(744448K), 0.0016284 secs] [Times: user=0.01 sys=0.00, real=0.00 secs] 
1646.606: [GC (Allocation Failure) [PSYoungGen: 68480K->1344K(69120K)] 381284K->314148K(744448K), 0.0016690 secs] [Times: user=0.01 sys=0.00, real=0.00 secs] 
1646.911: [GC (Allocation Failure) [PSYoungGen: 68416K->1376K(69120K)] 381220K->314180K(744448K), 0.0023939 secs] [Times: user=0.01 sys=0.00, real=0.00 secs] 
1647.309: [GC (Allocation Failure) [PSYoungGen: 68448K->1520K(69120K)] 381252K->314324K(744448K), 0.0017017 secs] [Times: user=0.00 sys=0.00, real=0.01 secs] 
1647.704: [GC (Allocation Failure) [PSYoungGen: 68592K->1501K(69120K)] 381396K->314305K(744448K), 0.0016077 secs] [Times: user=0.01 sys=0.00, real=0.00 secs] 
1648.097: [GC (Allocation Failure) [PSYoungGen: 68573K->1520K(69120K)] 381377K->314324K(744448K), 0.0016026 secs] [Times: user=0.01 sys=0.01, real=0.00 secs] 
1648.653: [GC (Allocation Failure) [PSYoungGen: 68592K->1424K(69120K)] 381396K->314244K(744448K), 0.0019750 secs] [Times: user=0.00 sys=0.00, real=0.00 secs] 
1649.197: [GC (Allocation Failure) [PSYoungGen: 68496K->1408K(69120K)] 381316K->314228K(744448K), 0.0037717 secs] [Times: user=0.01 sys=0.00, real=0.01 secs] 
1649.804: [GC (Allocation Failure) [PSYoungGen: 68480K->1376K(69120K)] 381300K->314196K(744448K), 0.0024904 secs] [Times: user=0.01 sys=0.00, real=0.00 secs] 
1650.321: [GC (Allocation Failure) [PSYoungGen: 68448K->1376K(69120K)] 381268K->314196K(744448K), 0.0021672 secs] [Times: user=0.01 sys=0.00, real=0.00 secs] 
1650.668: [GC (Allocation Failure) [PSYoungGen: 68448K->1408K(69120K)] 381268K->314228K(744448K), 0.0014471 secs] [Times: user=0.00 sys=0.00, real=0.00 secs] 
1651.065: [GC (Allocation Failure) [PSYoungGen: 68480K->1552K(69120K)] 381300K->314372K(744448K), 0.0015753 secs] [Times: user=0.01 sys=0.00, real=0.00 secs] 
1651.459: [GC (Allocation Failure) [PSYoungGen: 68624K->1616K(69120K)] 381444K->314436K(744448K), 0.0015306 secs] [Times: user=0.01 sys=0.00, real=0.01 secs] 
1651.852: [GC (Allocation Failure) [PSYoungGen: 68688K->1629K(69120K)] 381508K->314457K(744448K), 0.0015670 secs] [Times: user=0.00 sys=0.00, real=0.00 secs] 
1652.505: [GC (Allocation Failure) [PSYoungGen: 68701K->1520K(69120K)] 381529K->314348K(744448K), 0.0022679 secs] [Times: user=0.01 sys=0.00, real=0.00 secs] 
1653.373: [GC (Allocation Failure) [PSYoungGen: 68592K->1360K(69120K)] 381420K->314188K(744448K), 0.0032650 secs] [Times: user=0.01 sys=0.00, real=0.00 secs] 
1654.350: [GC (Allocation Failure) [PSYoungGen: 68432K->1408K(69120K)] 381260K->314236K(744448K), 0.0032142 secs] [Times: user=0.01 sys=0.00, real=0.01 secs] 
1655.638: [GC (Allocation Failure) [PSYoungGen: 68480K->1344K(69120K)] 381308K->314172K(744448K), 0.0032021 secs] [Times: user=0.01 sys=0.00, real=0.01 secs] 
1656.436: [GC (Allocation Failure) [PSYoungGen: 68416K->1517K(69120K)] 381244K->314345K(744448K), 0.0015498 secs] [Times: user=0.01 sys=0.00, real=0.00 secs] 
1656.827: [GC (Allocation Failure) [PSYoungGen: 68589K->1584K(69120K)] 381417K->314412K(744448K), 0.0016562 secs] [Times: user=0.01 sys=0.00, real=0.00 secs] 
1657.221: [GC (Allocation Failure) [PSYoungGen: 68656K->1584K(69120K)] 381484K->314412K(744448K), 0.0017122 secs] [Times: user=0.00 sys=0.00, real=0.00 secs] 
1657.614: [GC (Allocation Failure) [PSYoungGen: 68656K->1536K(69120K)] 381484K->314388K(744448K), 0.0016697 secs] [Times: user=0.01 sys=0.00, real=0.00 secs] 
1658.312: [GC (Allocation Failure) [PSYoungGen: 68608K->1424K(69120K)] 381460K->314276K(744448K), 0.0023696 secs] [Times: user=0.00 sys=0.00, real=0.00 secs] 
1659.033: [GC (Allocation Failure) [PSYoungGen: 68496K->1376K(69120K)] 381348K->314228K(744448K), 0.0020382 secs] [Times: user=0.01 sys=0.00, real=0.00 secs] 
1659.885: [GC (Allocation Failure) [PSYoungGen: 68448K->1376K(69120K)] 381300K->314228K(744448K), 0.0021658 secs] [Times: user=0.00 sys=0.00, real=0.00 secs] 
1660.768: [GC (Allocation Failure) [PSYoungGen: 68448K->1408K(69120K)] 381300K->314260K(744448K), 0.0032165 secs] [Times: user=0.01 sys=0.00, real=0.01 secs] 
1661.587: [GC (Allocation Failure) [PSYoungGen: 68480K->1488K(69120K)] 381332K->314340K(744448K), 0.0015107 secs] [Times: user=0.01 sys=0.00, real=0.00 secs] 
1661.980: [GC (Allocation Failure) [PSYoungGen: 68560K->1552K(69120K)] 381412K->314404K(744448K), 0.0017132 secs] [Times: user=0.00 sys=0.00, real=0.01 secs] 
1662.371: [GC (Allocation Failure) [PSYoungGen: 68624K->1552K(69120K)] 381476K->314404K(744448K), 0.0016809 secs] [Times: user=0.01 sys=0.00, real=0.00 secs] 
1662.763: [GC (Allocation Failure) [PSYoungGen: 68624K->1552K(69120K)] 381476K->314420K(744448K), 0.0016112 secs] [Times: user=0.01 sys=0.00, real=0.00 secs] 
1663.134: [GC (Allocation Failure) [PSYoungGen: 68624K->1440K(69120K)] 381492K->314308K(744448K), 0.0017252 secs] [Times: user=0.01 sys=0.00, real=0.00 secs] 
1663.543: [GC (Allocation Failure) [PSYoungGen: 68512K->1408K(69120K)] 381380K->314276K(744448K), 0.0016972 secs] [Times: user=0.01 sys=0.00, real=0.00 secs] 
1664.086: [GC (Allocation Failure) [PSYoungGen: 68480K->1408K(69120K)] 381348K->314276K(744448K), 0.0018981 secs] [Times: user=0.01 sys=0.00, real=0.00 secs] 
1664.610: [GC (Allocation Failure) [PSYoungGen: 68480K->1376K(69120K)] 381348K->314244K(744448K), 0.0035351 secs] [Times: user=0.02 sys=0.00, real=0.01 secs] 
1665.165: [GC (Allocation Failure) [PSYoungGen: 68448K->1533K(69120K)] 381316K->314401K(744448K), 0.0015146 secs] [Times: user=0.01 sys=0.00, real=0.00 secs] 
1665.556: [GC (Allocation Failure) [PSYoungGen: 68577K->1568K(69120K)] 381446K->314436K(744448K), 0.0015520 secs] [Times: user=0.01 sys=0.00, real=0.00 secs] 
1665.949: [GC (Allocation Failure) [PSYoungGen: 68640K->1533K(69120K)] 381508K->314401K(744448K), 0.0015273 secs] [Times: user=0.00 sys=0.00, real=0.01 secs] 
1666.373: [GC (Allocation Failure) [PSYoungGen: 68605K->1792K(69120K)] 381473K->314676K(744448K), 0.0018533 secs] [Times: user=0.00 sys=0.01, real=0.00 secs] 
1667.008: [GC (Allocation Failure) [PSYoungGen: 68864K->1376K(69120K)] 381748K->314260K(744448K), 0.0024140 secs] [Times: user=0.00 sys=0.00, real=0.01 secs] 
1667.572: [GC (Allocation Failure) [PSYoungGen: 68448K->1408K(69120K)] 381332K->314292K(744448K), 0.0020108 secs] [Times: user=0.01 sys=0.00, real=0.00 secs] 
1668.154: [GC (Allocation Failure) [PSYoungGen: 68480K->1376K(69120K)] 381364K->314260K(744448K), 0.0020669 secs] [Times: user=0.01 sys=0.00, real=0.00 secs] 
1668.763: [GC (Allocation Failure) [PSYoungGen: 68448K->1376K(69120K)] 381332K->314268K(744448K), 0.0019438 secs] [Times: user=0.01 sys=0.00, real=0.00 secs] 
1669.198: [GC (Allocation Failure) [PSYoungGen: 68448K->1552K(69120K)] 381340K->314444K(744448K), 0.0015209 secs] [Times: user=0.00 sys=0.00, real=0.00 secs] 
1669.597: [GC (Allocation Failure) [PSYoungGen: 68624K->1536K(69120K)] 381516K->314428K(744448K), 0.0015466 secs] [Times: user=0.00 sys=0.00, real=0.00 secs] 
1669.990: [GC (Allocation Failure) [PSYoungGen: 68608K->1584K(69120K)] 381500K->314476K(744448K), 0.0016110 secs] [Times: user=0.00 sys=0.00, real=0.00 secs] 
1670.377: [GC (Allocation Failure) [PSYoungGen: 68656K->1440K(69120K)] 381548K->314332K(744448K), 0.0017603 secs] [Times: user=0.01 sys=0.00, real=0.00 secs] 
1670.943: [GC (Allocation Failure) [PSYoungGen: 68512K->1408K(69120K)] 381404K->314300K(744448K), 0.0020044 secs] [Times: user=0.01 sys=0.00, real=0.00 secs] 
1671.551: [GC (Allocation Failure) [PSYoungGen: 68480K->1376K(69120K)] 381372K->314268K(744448K), 0.0020912 secs] [Times: user=0.00 sys=0.00, real=0.00 secs] 
1672.530: [GC (Allocation Failure) [PSYoungGen: 68448K->1408K(69120K)] 381340K->314300K(744448K), 0.0022409 secs] [Times: user=0.01 sys=0.00, real=0.01 secs] 
1673.551: [GC (Allocation Failure) [PSYoungGen: 68480K->1469K(69120K)] 381372K->314361K(744448K), 0.0025140 secs] [Times: user=0.01 sys=0.00, real=0.00 secs] 
1673.993: [GC (Allocation Failure) [PSYoungGen: 68541K->1533K(69120K)] 381433K->314425K(744448K), 0.0015752 secs] [Times: user=0.01 sys=0.00, real=0.00 secs] 
1674.384: [GC (Allocation Failure) [PSYoungGen: 68605K->1584K(69120K)] 381497K->314476K(744448K), 0.0016296 secs] [Times: user=0.00 sys=0.00, real=0.00 secs] 
1674.776: [GC (Allocation Failure) [PSYoungGen: 68656K->1568K(69120K)] 381548K->314476K(744448K), 0.0015723 secs] [Times: user=0.00 sys=0.00, real=0.00 secs] 
1675.160: [GC (Allocation Failure) [PSYoungGen: 68640K->1472K(69120K)] 381548K->314380K(744448K), 0.0018162 secs] [Times: user=0.00 sys=0.00, real=0.01 secs] 
1675.453: [GC (Allocation Failure) [PSYoungGen: 68544K->1376K(69120K)] 381452K->314284K(744448K), 0.0015777 secs] [Times: user=0.00 sys=0.00, real=0.00 secs] 
1675.792: [GC (Allocation Failure) [PSYoungGen: 68448K->1376K(69120K)] 381356K->314308K(744448K), 0.0016016 secs] [Times: user=0.01 sys=0.00, real=0.00 secs] 
1676.070: [GC (Allocation Failure) [PSYoungGen: 68448K->1408K(69120K)] 381380K->314340K(744448K), 0.0016589 secs] [Times: user=0.01 sys=0.01, real=0.01 secs] 
1676.439: [GC (Allocation Failure) [PSYoungGen: 68480K->1501K(69120K)] 381412K->314433K(744448K), 0.0015563 secs] [Times: user=0.01 sys=0.00, real=0.01 secs] 
1676.896: [GC (Allocation Failure) [PSYoungGen: 68573K->1584K(69120K)] 381505K->314516K(744448K), 0.0015256 secs] [Times: user=0.01 sys=0.00, real=0.00 secs] 
1677.287: [GC (Allocation Failure) [PSYoungGen: 68656K->1616K(69120K)] 381588K->314548K(744448K), 0.0016844 secs] [Times: user=0.01 sys=0.00, real=0.00 secs] 
1677.680: [GC (Allocation Failure) [PSYoungGen: 68688K->1565K(69120K)] 381620K->314513K(744448K), 0.0015371 secs] [Times: user=0.00 sys=0.00, real=0.01 secs] 
1679.789: [GC (Allocation Failure) [PSYoungGen: 68637K->1440K(69120K)] 381585K->314388K(744448K), 0.0036916 secs] [Times: user=0.01 sys=0.00, real=0.01 secs] 
1680.383: [GC (Allocation Failure) [PSYoungGen: 68512K->1424K(69120K)] 381460K->314372K(744448K), 0.0021969 secs] [Times: user=0.01 sys=0.00, real=0.00 secs] 
1680.657: [GC (Allocation Failure) [PSYoungGen: 68496K->1392K(69120K)] 381444K->314340K(744448K), 0.0019392 secs] [Times: user=0.01 sys=0.00, real=0.00 secs] 
1681.042: [GC (Allocation Failure) [PSYoungGen: 68464K->1376K(69120K)] 381412K->314324K(744448K), 0.0019607 secs] [Times: user=0.01 sys=0.00, real=0.00 secs] 
1681.603: [GC (Allocation Failure) [PSYoungGen: 68448K->1501K(69120K)] 381396K->314449K(744448K), 0.0016044 secs] [Times: user=0.01 sys=0.00, real=0.00 secs] 
1681.996: [GC (Allocation Failure) [PSYoungGen: 68573K->1597K(69120K)] 381521K->314545K(744448K), 0.0015296 secs] [Times: user=0.00 sys=0.00, real=0.00 secs] 
1682.389: [GC (Allocation Failure) [PSYoungGen: 68639K->1600K(69120K)] 381588K->314548K(744448K), 0.0015276 secs] [Times: user=0.01 sys=0.00, real=0.01 secs] 
1682.782: [GC (Allocation Failure) [PSYoungGen: 68672K->1552K(69120K)] 381620K->314516K(744448K), 0.0016115 secs] [Times: user=0.01 sys=0.00, real=0.00 secs] 
1683.390: [GC (Allocation Failure) [PSYoungGen: 68624K->1408K(69120K)] 381588K->314372K(744448K), 0.0017720 secs] [Times: user=0.01 sys=0.00, real=0.00 secs] 
1684.029: [GC (Allocation Failure) [PSYoungGen: 68480K->1408K(69120K)] 381444K->314372K(744448K), 0.0020359 secs] [Times: user=0.01 sys=0.01, real=0.01 secs] 
1684.639: [GC (Allocation Failure) [PSYoungGen: 68480K->1408K(69120K)] 381444K->314372K(744448K), 0.0023001 secs] [Times: user=0.01 sys=0.00, real=0.01 secs] 
1685.235: [GC (Allocation Failure) [PSYoungGen: 68480K->1376K(69120K)] 381444K->314340K(744448K), 0.0020297 secs] [Times: user=0.01 sys=0.00, real=0.00 secs] 
1685.732: [GC (Allocation Failure) [PSYoungGen: 68448K->1472K(69120K)] 381412K->314436K(744448K), 0.0016051 secs] [Times: user=0.00 sys=0.00, real=0.00 secs] 
1686.124: [GC (Allocation Failure) [PSYoungGen: 68544K->1520K(69120K)] 381508K->314484K(744448K), 0.0014953 secs] [Times: user=0.01 sys=0.00, real=0.00 secs] 
1686.585: [GC (Allocation Failure) [PSYoungGen: 68592K->1517K(69120K)] 381556K->314481K(744448K), 0.0063770 secs] [Times: user=0.02 sys=0.00, real=0.01 secs] 
1686.987: [GC (Allocation Failure) [PSYoungGen: 68589K->1536K(69120K)] 381553K->314524K(744448K), 0.0016630 secs] [Times: user=0.00 sys=0.00, real=0.00 secs] 
1687.488: [GC (Allocation Failure) [PSYoungGen: 68608K->1408K(69120K)] 381596K->314396K(744448K), 0.0021459 secs] [Times: user=0.01 sys=0.00, real=0.01 secs] 
1688.246: [GC (Allocation Failure) [PSYoungGen: 68480K->1408K(69120K)] 381468K->314396K(744448K), 0.0030732 secs] [Times: user=0.01 sys=0.00, real=0.00 secs] 
1689.101: [GC (Allocation Failure) [PSYoungGen: 68480K->1376K(69120K)] 381468K->314364K(744448K), 0.0037540 secs] [Times: user=0.01 sys=0.00, real=0.00 secs] 
1690.162: [GC (Allocation Failure) [PSYoungGen: 68448K->1408K(69120K)] 381436K->314396K(744448K), 0.0029498 secs] [Times: user=0.01 sys=0.00, real=0.00 secs] 
1690.769: [GC (Allocation Failure) [PSYoungGen: 68480K->1520K(69120K)] 381468K->314508K(744448K), 0.0015904 secs] [Times: user=0.01 sys=0.00, real=0.01 secs] 
1691.162: [GC (Allocation Failure) [PSYoungGen: 68592K->1520K(69120K)] 381580K->314508K(744448K), 0.0015918 secs] [Times: user=0.00 sys=0.00, real=0.00 secs] 
1691.556: [GC (Allocation Failure) [PSYoungGen: 68592K->1565K(69120K)] 381580K->314553K(744448K), 0.0016644 secs] [Times: user=0.00 sys=0.00, real=0.00 secs] 
1691.959: [GC (Allocation Failure) [PSYoungGen: 68637K->1984K(69120K)] 381625K->314972K(744448K), 0.0019146 secs] [Times: user=0.01 sys=0.00, real=0.01 secs] 
1692.238: [GC (Allocation Failure) [PSYoungGen: 69056K->1376K(69120K)] 382044K->314364K(744448K), 0.0016405 secs] [Times: user=0.00 sys=0.00, real=0.00 secs] 
1692.726: [GC (Allocation Failure) [PSYoungGen: 68448K->1392K(69120K)] 381436K->314380K(744448K), 0.0018449 secs] [Times: user=0.01 sys=0.00, real=0.00 secs] 
1693.265: [GC (Allocation Failure) [PSYoungGen: 68464K->1376K(69120K)] 381452K->314364K(744448K), 0.0019425 secs] [Times: user=0.00 sys=0.00, real=0.00 secs] 
1693.828: [GC (Allocation Failure) [PSYoungGen: 68448K->1408K(69120K)] 381436K->314396K(744448K), 0.0019600 secs] [Times: user=0.01 sys=0.00, real=0.00 secs] 
1694.283: [GC (Allocation Failure) [PSYoungGen: 68480K->1584K(69120K)] 381468K->314572K(744448K), 0.0015131 secs] [Times: user=0.01 sys=0.00, real=0.00 secs] 
1694.675: [GC (Allocation Failure) [PSYoungGen: 68656K->1616K(69120K)] 381644K->314604K(744448K), 0.0017005 secs] [Times: user=0.01 sys=0.00, real=0.00 secs] 
1695.070: [GC (Allocation Failure) [PSYoungGen: 68688K->1597K(69120K)] 381676K->314585K(744448K), 0.0017776 secs] [Times: user=0.01 sys=0.00, real=0.01 secs] 
1695.549: [GC (Allocation Failure) [PSYoungGen: 68669K->1472K(69120K)] 381657K->314460K(744448K), 0.0022282 secs] [Times: user=0.00 sys=0.00, real=0.01 secs] 
1695.828: [GC (Allocation Failure) [PSYoungGen: 68544K->1408K(69120K)] 381532K->314412K(744448K), 0.0019419 secs] [Times: user=0.01 sys=0.00, real=0.00 secs] 
1696.172: [GC (Allocation Failure) [PSYoungGen: 68480K->1424K(69120K)] 381484K->314428K(744448K), 0.0019440 secs] [Times: user=0.01 sys=0.00, real=0.00 secs] 
1696.451: [GC (Allocation Failure) [PSYoungGen: 68496K->1328K(69120K)] 381500K->314340K(744448K), 0.0019301 secs] [Times: user=0.00 sys=0.00, real=0.00 secs] 
1696.866: [GC (Allocation Failure) [PSYoungGen: 68400K->1424K(69120K)] 381412K->314436K(744448K), 0.0016814 secs] [Times: user=0.01 sys=0.00, real=0.00 secs] 
1697.268: [GC (Allocation Failure) [PSYoungGen: 68496K->1584K(69120K)] 381508K->314596K(744448K), 0.0016617 secs] [Times: user=0.01 sys=0.00, real=0.00 secs] 
1697.660: [GC (Allocation Failure) [PSYoungGen: 68656K->1565K(69120K)] 381668K->314577K(744448K), 0.0017071 secs] [Times: user=0.01 sys=0.00, real=0.00 secs] 
1698.110: [GC (Allocation Failure) [PSYoungGen: 68637K->1584K(69120K)] 381649K->314612K(744448K), 0.0016912 secs] [Times: user=0.00 sys=0.00, real=0.01 secs] 
1698.797: [GC (Allocation Failure) [PSYoungGen: 68656K->1472K(69120K)] 381684K->314500K(744448K), 0.0025095 secs] [Times: user=0.01 sys=0.00, real=0.00 secs] 
1699.412: [GC (Allocation Failure) [PSYoungGen: 68544K->1408K(69120K)] 381572K->314436K(744448K), 0.0021177 secs] [Times: user=0.01 sys=0.00, real=0.00 secs] 
1700.023: [GC (Allocation Failure) [PSYoungGen: 68480K->1408K(69120K)] 381508K->314436K(744448K), 0.0023013 secs] [Times: user=0.00 sys=0.00, real=0.00 secs] 
1700.588: [GC (Allocation Failure) [PSYoungGen: 68480K->1408K(69120K)] 381508K->314436K(744448K), 0.0020600 secs] [Times: user=0.01 sys=0.00, real=0.00 secs] 
1700.928: [GC (Allocation Failure) [PSYoungGen: 68480K->1440K(69120K)] 381508K->314468K(744448K), 0.0015651 secs] [Times: user=0.00 sys=0.00, real=0.00 secs] 
1701.324: [GC (Allocation Failure) [PSYoungGen: 68512K->1565K(69120K)] 381540K->314593K(744448K), 0.0017192 secs] [Times: user=0.01 sys=0.00, real=0.00 secs] 
1701.717: [GC (Allocation Failure) [PSYoungGen: 68637K->1552K(69120K)] 381665K->314580K(744448K), 0.0016396 secs] [Times: user=0.00 sys=0.00, real=0.00 secs] 
1702.109: [GC (Allocation Failure) [PSYoungGen: 68624K->1597K(69120K)] 381652K->314649K(744448K), 0.0017115 secs] [Times: user=0.01 sys=0.00, real=0.01 secs] 
1702.485: [GC (Allocation Failure) [PSYoungGen: 68669K->1440K(69120K)] 381721K->314492K(744448K), 0.0019534 secs] [Times: user=0.01 sys=0.00, real=0.00 secs] 
1702.871: [GC (Allocation Failure) [PSYoungGen: 68512K->1440K(69120K)] 381564K->314492K(744448K), 0.0017075 secs] [Times: user=0.01 sys=0.00, real=0.00 secs] 
1703.165: [GC (Allocation Failure) [PSYoungGen: 68512K->1344K(69120K)] 381564K->314396K(744448K), 0.0019122 secs] [Times: user=0.01 sys=0.00, real=0.00 secs] 
1703.443: [GC (Allocation Failure) [PSYoungGen: 68416K->1376K(69120K)] 381468K->314428K(744448K), 0.0019555 secs] [Times: user=0.00 sys=0.00, real=0.00 secs] 
1703.817: [GC (Allocation Failure) [PSYoungGen: 68448K->1488K(69120K)] 381500K->314540K(744448K), 0.0015552 secs] [Times: user=0.01 sys=0.00, real=0.00 secs] 
1704.210: [GC (Allocation Failure) [PSYoungGen: 68560K->1584K(69120K)] 381612K->314636K(744448K), 0.0015997 secs] [Times: user=0.01 sys=0.00, real=0.01 secs] 
1704.603: [GC (Allocation Failure) [PSYoungGen: 68656K->1501K(69120K)] 381708K->314553K(744448K), 0.0017002 secs] [Times: user=0.01 sys=0.00, real=0.00 secs] 
1704.996: [GC (Allocation Failure) [PSYoungGen: 68573K->1552K(69120K)] 381625K->314628K(744448K), 0.0015071 secs] [Times: user=0.00 sys=0.00, real=0.00 secs] 
1705.620: [GC (Allocation Failure) [PSYoungGen: 68624K->1440K(69120K)] 381700K->314516K(744448K), 0.0019459 secs] [Times: user=0.00 sys=0.00, real=0.01 secs] 
1706.281: [GC (Allocation Failure) [PSYoungGen: 68512K->1376K(69120K)] 381588K->314452K(744448K), 0.0018998 secs] [Times: user=0.01 sys=0.00, real=0.00 secs] 
1706.850: [GC (Allocation Failure) [PSYoungGen: 68448K->1408K(69120K)] 381524K->314484K(744448K), 0.0021619 secs] [Times: user=0.01 sys=0.00, real=0.01 secs] 
1707.404: [GC (Allocation Failure) [PSYoungGen: 68480K->1408K(69120K)] 381556K->314484K(744448K), 0.0020567 secs] [Times: user=0.00 sys=0.00, real=0.00 secs] 
1707.979: [GC (Allocation Failure) [PSYoungGen: 68480K->1520K(69120K)] 381556K->314596K(744448K), 0.0015022 secs] [Times: user=0.01 sys=0.00, real=0.01 secs] 
1708.371: [GC (Allocation Failure) [PSYoungGen: 68592K->1565K(69120K)] 381668K->314641K(744448K), 0.0015393 secs] [Times: user=0.01 sys=0.00, real=0.00 secs] 
1708.767: [GC (Allocation Failure) [PSYoungGen: 68637K->1552K(69120K)] 381713K->314628K(744448K), 0.0015614 secs] [Times: user=0.00 sys=0.00, real=0.00 secs] 
1709.287: [GC (Allocation Failure) [PSYoungGen: 68624K->1552K(69120K)] 381700K->314628K(744448K), 0.0022285 secs] [Times: user=0.01 sys=0.00, real=0.00 secs] 
1709.719: [GC (Allocation Failure) [PSYoungGen: 68624K->1408K(69120K)] 381700K->314484K(744448K), 0.0019546 secs] [Times: user=0.01 sys=0.00, real=0.01 secs] 
1709.998: [GC (Allocation Failure) [PSYoungGen: 68480K->1408K(69120K)] 381556K->314484K(744448K), 0.0018330 secs] [Times: user=0.01 sys=0.00, real=0.00 secs] 
1710.276: [GC (Allocation Failure) [PSYoungGen: 68480K->1376K(69120K)] 381556K->314452K(744448K), 0.0017246 secs] [Times: user=0.00 sys=0.00, real=0.00 secs] 
1710.555: [GC (Allocation Failure) [PSYoungGen: 68448K->1424K(69120K)] 381524K->314500K(744448K), 0.0017642 secs] [Times: user=0.01 sys=0.00, real=0.00 secs] 
1710.966: [GC (Allocation Failure) [PSYoungGen: 68496K->1552K(69120K)] 381572K->314628K(744448K), 0.0015956 secs] [Times: user=0.00 sys=0.00, real=0.00 secs] 
1711.359: [GC (Allocation Failure) [PSYoungGen: 68624K->1552K(69120K)] 381700K->314628K(744448K), 0.0015213 secs] [Times: user=0.01 sys=0.00, real=0.01 secs] 
1711.810: [GC (Allocation Failure) [PSYoungGen: 68624K->1565K(69120K)] 381700K->314641K(744448K), 0.0017450 secs] [Times: user=0.00 sys=0.00, real=0.01 secs] 
1712.353: [GC (Allocation Failure) [PSYoungGen: 68637K->1504K(69120K)] 381713K->314580K(744448K), 0.0019775 secs] [Times: user=0.01 sys=0.00, real=0.00 secs] 
1713.042: [GC (Allocation Failure) [PSYoungGen: 68576K->1408K(69120K)] 381652K->314484K(744448K), 0.0024378 secs] [Times: user=0.01 sys=0.00, real=0.00 secs] 
1713.667: [GC (Allocation Failure) [PSYoungGen: 68480K->1344K(69120K)] 381556K->314420K(744448K), 0.0021901 secs] [Times: user=0.01 sys=0.00, real=0.00 secs] 
1714.305: [GC (Allocation Failure) [PSYoungGen: 68416K->1360K(69120K)] 381492K->314436K(744448K), 0.0021003 secs] [Times: user=0.01 sys=0.00, real=0.00 secs] 
1714.674: [GC (Allocation Failure) [PSYoungGen: 68432K->1456K(69120K)] 381508K->314532K(744448K), 0.0019146 secs] [Times: user=0.01 sys=0.00, real=0.00 secs] 
1715.080: [GC (Allocation Failure) [PSYoungGen: 68528K->1533K(69120K)] 381604K->314633K(744448K), 0.0017074 secs] [Times: user=0.01 sys=0.00, real=0.00 secs] 
1715.472: [GC (Allocation Failure) [PSYoungGen: 68605K->1552K(69120K)] 381705K->314652K(744448K), 0.0016541 secs] [Times: user=0.01 sys=0.00, real=0.00 secs] 
1715.925: [GC (Allocation Failure) [PSYoungGen: 68624K->1565K(69120K)] 381724K->314681K(744448K), 0.0015770 secs] [Times: user=0.00 sys=0.00, real=0.00 secs] 
1716.500: [GC (Allocation Failure) [PSYoungGen: 68637K->1488K(69120K)] 381753K->314604K(744448K), 0.0023596 secs] [Times: user=0.01 sys=0.00, real=0.01 secs] 
1717.117: [GC (Allocation Failure) [PSYoungGen: 68560K->1344K(69120K)] 381676K->314460K(744448K), 0.0025788 secs] [Times: user=0.01 sys=0.00, real=0.00 secs] 
1717.686: [GC (Allocation Failure) [PSYoungGen: 68416K->1344K(69120K)] 381532K->314460K(744448K), 0.0022442 secs] [Times: user=0.01 sys=0.00, real=0.00 secs] 
1718.313: [GC (Allocation Failure) [PSYoungGen: 68416K->1408K(69120K)] 381532K->314524K(744448K), 0.0020866 secs] [Times: user=0.00 sys=0.00, real=0.00 secs] 
1718.942: [GC (Allocation Failure) [PSYoungGen: 68480K->1421K(69120K)] 381596K->314537K(744448K), 0.0015862 secs] [Times: user=0.01 sys=0.00, real=0.00 secs] 
1719.332: [GC (Allocation Failure) [PSYoungGen: 68493K->1597K(69120K)] 381609K->314713K(744448K), 0.0017530 secs] [Times: user=0.00 sys=0.00, real=0.00 secs] 
1719.725: [GC (Allocation Failure) [PSYoungGen: 68669K->1568K(69120K)] 381785K->314684K(744448K), 0.0016454 secs] [Times: user=0.01 sys=0.00, real=0.00 secs] 
1720.117: [GC (Allocation Failure) [PSYoungGen: 68640K->1584K(69120K)] 381756K->314716K(744448K), 0.0016043 secs] [Times: user=0.01 sys=0.00, real=0.00 secs] 
1720.961: [GC (Allocation Failure) [PSYoungGen: 68656K->1488K(69120K)] 381788K->314620K(744448K), 0.0033499 secs] [Times: user=0.01 sys=0.00, real=0.00 secs] 
1721.833: [GC (Allocation Failure) [PSYoungGen: 68560K->1344K(69120K)] 381692K->314476K(744448K), 0.0032518 secs] [Times: user=0.02 sys=0.00, real=0.00 secs] 
1722.636: [GC (Allocation Failure) [PSYoungGen: 68416K->1376K(69120K)] 381548K->314508K(744448K), 0.0037895 secs] [Times: user=0.02 sys=0.00, real=0.01 secs] 
1723.219: [GC (Allocation Failure) [PSYoungGen: 68448K->1376K(69120K)] 381580K->314508K(744448K), 0.0026788 secs] [Times: user=0.01 sys=0.00, real=0.01 secs] 
1723.778: [GC (Allocation Failure) [PSYoungGen: 68448K->1472K(69120K)] 381580K->314604K(744448K), 0.0015819 secs] [Times: user=0.01 sys=0.00, real=0.00 secs] 
1724.169: [GC (Allocation Failure) [PSYoungGen: 68544K->1568K(69120K)] 381676K->314700K(744448K), 0.0016581 secs] [Times: user=0.00 sys=0.00, real=0.01 secs] 
1724.563: [GC (Allocation Failure) [PSYoungGen: 68640K->1584K(69120K)] 381772K->314716K(744448K), 0.0015366 secs] [Times: user=0.01 sys=0.00, real=0.00 secs] 
1724.957: [GC (Allocation Failure) [PSYoungGen: 68656K->1501K(69120K)] 381788K->314649K(744448K), 0.0015166 secs] [Times: user=0.00 sys=0.00, real=0.00 secs] 
1725.337: [GC (Allocation Failure) [PSYoungGen: 68573K->1424K(69120K)] 381721K->314572K(744448K), 0.0018190 secs] [Times: user=0.00 sys=0.00, real=0.00 secs] 
1725.615: [GC (Allocation Failure) [PSYoungGen: 68496K->1344K(69120K)] 381644K->314492K(744448K), 0.0017614 secs] [Times: user=0.00 sys=0.00, real=0.00 secs] 
1726.020: [GC (Allocation Failure) [PSYoungGen: 68416K->1344K(69120K)] 381564K->314508K(744448K), 0.0016875 secs] [Times: user=0.00 sys=0.00, real=0.01 secs] 
1726.485: [GC (Allocation Failure) [PSYoungGen: 68416K->1344K(69120K)] 381580K->314508K(744448K), 0.0019808 secs] [Times: user=0.01 sys=0.00, real=0.00 secs] 
1727.061: [GC (Allocation Failure) [PSYoungGen: 68416K->1424K(69120K)] 381580K->314588K(744448K), 0.0016167 secs] [Times: user=0.01 sys=0.00, real=0.00 secs] 
1727.452: [GC (Allocation Failure) [PSYoungGen: 68496K->1552K(69120K)] 381660K->314716K(744448K), 0.0015927 secs] [Times: user=0.00 sys=0.00, real=0.00 secs] 
1727.855: [GC (Allocation Failure) [PSYoungGen: 68624K->1533K(69120K)] 381788K->314697K(744448K), 0.0015643 secs] [Times: user=0.01 sys=0.00, real=0.00 secs] 
1728.307: [GC (Allocation Failure) [PSYoungGen: 68605K->1629K(69120K)] 381769K->314809K(744448K), 0.0015514 secs] [Times: user=0.00 sys=0.00, real=0.00 secs] 
1728.665: [GC (Allocation Failure) [PSYoungGen: 68701K->1408K(69120K)] 381881K->314588K(744448K), 0.0021048 secs] [Times: user=0.01 sys=0.00, real=0.00 secs] 
1728.945: [GC (Allocation Failure) [PSYoungGen: 68480K->1376K(69120K)] 381660K->314556K(744448K), 0.0018727 secs] [Times: user=0.01 sys=0.00, real=0.00 secs] 
1729.241: [GC (Allocation Failure) [PSYoungGen: 68448K->1376K(69120K)] 381628K->314556K(744448K), 0.0018677 secs] [Times: user=0.01 sys=0.00, real=0.00 secs] 
1729.544: [GC (Allocation Failure) [PSYoungGen: 68448K->1424K(69120K)] 381628K->314604K(744448K), 0.0019858 secs] [Times: user=0.01 sys=0.00, real=0.00 secs] 
1729.969: [GC (Allocation Failure) [PSYoungGen: 68496K->1552K(69120K)] 381676K->314732K(744448K), 0.0016450 secs] [Times: user=0.01 sys=0.00, real=0.01 secs] 
1730.360: [GC (Allocation Failure) [PSYoungGen: 68624K->1520K(69120K)] 381804K->314700K(744448K), 0.0015396 secs] [Times: user=0.00 sys=0.00, real=0.00 secs] 
1730.754: [GC (Allocation Failure) [PSYoungGen: 68592K->1616K(69120K)] 381772K->314796K(744448K), 0.0016695 secs] [Times: user=0.00 sys=0.00, real=0.00 secs] 
1731.263: [GC (Allocation Failure) [PSYoungGen: 68688K->2016K(69120K)] 381868K->315204K(744448K), 0.0019722 secs] [Times: user=0.01 sys=0.00, real=0.00 secs] 
1731.971: [GC (Allocation Failure) [PSYoungGen: 69088K->1408K(69120K)] 382276K->314596K(744448K), 0.0022423 secs] [Times: user=0.01 sys=0.00, real=0.00 secs] 
1732.642: [GC (Allocation Failure) [PSYoungGen: 68480K->1392K(69120K)] 381668K->314580K(744448K), 0.0036092 secs] [Times: user=0.01 sys=0.00, real=0.00 secs] 
1733.321: [GC (Allocation Failure) [PSYoungGen: 68464K->1408K(69120K)] 381652K->314596K(744448K), 0.0029607 secs] [Times: user=0.01 sys=0.00, real=0.00 secs] 
1733.908: [GC (Allocation Failure) [PSYoungGen: 68480K->1344K(69120K)] 381668K->314532K(744448K), 0.0024350 secs] [Times: user=0.01 sys=0.00, real=0.01 secs] 
1734.352: [GC (Allocation Failure) [PSYoungGen: 68416K->1584K(69120K)] 381604K->314772K(744448K), 0.0016381 secs] [Times: user=0.01 sys=0.00, real=0.00 secs] 
1734.804: [GC (Allocation Failure) [PSYoungGen: 68656K->1613K(69120K)] 381844K->314801K(744448K), 0.0016133 secs] [Times: user=0.01 sys=0.00, real=0.00 secs] 
1735.197: [GC (Allocation Failure) [PSYoungGen: 68685K->1552K(69120K)] 381873K->314772K(744448K), 0.0015723 secs] [Times: user=0.00 sys=0.00, real=0.00 secs] 
1735.727: [GC (Allocation Failure) [PSYoungGen: 68624K->1456K(69120K)] 381844K->314676K(744448K), 0.0025576 secs] [Times: user=0.01 sys=0.00, real=0.00 secs] 
1736.387: [GC (Allocation Failure) [PSYoungGen: 68528K->1392K(69120K)] 381748K->314612K(744448K), 0.0026644 secs] [Times: user=0.01 sys=0.00, real=0.00 secs] 
1737.153: [GC (Allocation Failure) [PSYoungGen: 68464K->1376K(69120K)] 381684K->314596K(744448K), 0.0025887 secs] [Times: user=0.01 sys=0.00, real=0.00 secs] 
1737.893: [GC (Allocation Failure) [PSYoungGen: 68448K->1408K(69120K)] 381668K->314628K(744448K), 0.0020768 secs] [Times: user=0.01 sys=0.00, real=0.00 secs] 
1738.564: [GC (Allocation Failure) [PSYoungGen: 68480K->1437K(69120K)] 381700K->314657K(744448K), 0.0019651 secs] [Times: user=0.01 sys=0.00, real=0.00 secs] 
1738.974: [GC (Allocation Failure) [PSYoungGen: 68509K->1616K(69120K)] 381729K->314836K(744448K), 0.0016408 secs] [Times: user=0.01 sys=0.00, real=0.00 secs] 
1739.366: [GC (Allocation Failure) [PSYoungGen: 68688K->1552K(69120K)] 381908K->314772K(744448K), 0.0016833 secs] [Times: user=0.01 sys=0.00, real=0.00 secs] 
1739.758: [GC (Allocation Failure) [PSYoungGen: 68624K->1584K(69120K)] 381844K->314820K(744448K), 0.0015922 secs] [Times: user=0.00 sys=0.00, real=0.00 secs] 
1740.272: [GC (Allocation Failure) [PSYoungGen: 68656K->1440K(69120K)] 381892K->314692K(744448K), 0.0019987 secs] [Times: user=0.01 sys=0.00, real=0.00 secs] 
1740.551: [GC (Allocation Failure) [PSYoungGen: 68512K->1408K(69120K)] 381764K->314660K(744448K), 0.0024815 secs] [Times: user=0.01 sys=0.00, real=0.00 secs] 
1740.855: [GC (Allocation Failure) [PSYoungGen: 68480K->1376K(69120K)] 381732K->314628K(744448K), 0.0025543 secs] [Times: user=0.01 sys=0.00, real=0.00 secs] 
1741.383: [GC (Allocation Failure) [PSYoungGen: 68448K->1344K(69120K)] 381700K->314596K(744448K), 0.0025668 secs] [Times: user=0.01 sys=0.00, real=0.00 secs] 
1741.967: [GC (Allocation Failure) [PSYoungGen: 68416K->1453K(69120K)] 381668K->314705K(744448K), 0.0017066 secs] [Times: user=0.00 sys=0.00, real=0.00 secs] 
1742.358: [GC (Allocation Failure) [PSYoungGen: 68525K->1568K(69120K)] 381777K->314820K(744448K), 0.0016667 secs] [Times: user=0.00 sys=0.00, real=0.00 secs] 
1742.813: [GC (Allocation Failure) [PSYoungGen: 68640K->1568K(69120K)] 381892K->314820K(744448K), 0.0017301 secs] [Times: user=0.00 sys=0.00, real=0.00 secs] 
1743.266: [GC (Allocation Failure) [PSYoungGen: 68640K->1616K(69120K)] 381892K->314884K(744448K), 0.0017504 secs] [Times: user=0.01 sys=0.00, real=0.00 secs] 
1743.602: [GC (Allocation Failure) [PSYoungGen: 68688K->1392K(69120K)] 381956K->314660K(744448K), 0.0023112 secs] [Times: user=0.01 sys=0.00, real=0.00 secs] 
1743.884: [GC (Allocation Failure) [PSYoungGen: 68464K->1408K(69120K)] 381732K->314676K(744448K), 0.0018660 secs] [Times: user=0.01 sys=0.00, real=0.00 secs] 
1744.288: [GC (Allocation Failure) [PSYoungGen: 68480K->1376K(69120K)] 381748K->314644K(744448K), 0.0017174 secs] [Times: user=0.01 sys=0.00, real=0.00 secs] 
1744.846: [GC (Allocation Failure) [PSYoungGen: 68448K->1376K(69120K)] 381716K->314652K(744448K), 0.0017854 secs] [Times: user=0.01 sys=0.00, real=0.00 secs] 
1745.344: [GC (Allocation Failure) [PSYoungGen: 68448K->1565K(69120K)] 381724K->314841K(744448K), 0.0015906 secs] [Times: user=0.01 sys=0.00, real=0.00 secs] 
1745.736: [GC (Allocation Failure) [PSYoungGen: 68637K->1552K(69120K)] 381913K->314828K(744448K), 0.0016234 secs] [Times: user=0.01 sys=0.00, real=0.00 secs] 
1746.132: [GC (Allocation Failure) [PSYoungGen: 68624K->1600K(69120K)] 381900K->314876K(744448K), 0.0015992 secs] [Times: user=0.01 sys=0.00, real=0.00 secs] 
1746.525: [GC (Allocation Failure) [PSYoungGen: 68672K->1501K(69120K)] 381948K->314793K(744448K), 0.0017013 secs] [Times: user=0.00 sys=0.00, real=0.00 secs] 
1747.270: [GC (Allocation Failure) [PSYoungGen: 68573K->1440K(69120K)] 381865K->314732K(744448K), 0.0019382 secs] [Times: user=0.01 sys=0.00, real=0.00 secs] 
1748.029: [GC (Allocation Failure) [PSYoungGen: 68512K->1408K(69120K)] 381804K->314700K(744448K), 0.0025910 secs] [Times: user=0.01 sys=0.00, real=0.01 secs] 
1748.722: [GC (Allocation Failure) [PSYoungGen: 68480K->1376K(69120K)] 381772K->314668K(744448K), 0.0027461 secs] [Times: user=0.01 sys=0.00, real=0.00 secs] 
1749.272: [GC (Allocation Failure) [PSYoungGen: 68448K->1408K(69120K)] 381740K->314700K(744448K), 0.0022384 secs] [Times: user=0.01 sys=0.00, real=0.00 secs] 
1749.805: [GC (Allocation Failure) [PSYoungGen: 68480K->1488K(69120K)] 381772K->314780K(744448K), 0.0015035 secs] [Times: user=0.01 sys=0.00, real=0.00 secs] 
1750.198: [GC (Allocation Failure) [PSYoungGen: 68546K->1597K(69120K)] 381838K->314889K(744448K), 0.0016452 secs] [Times: user=0.01 sys=0.00, real=0.00 secs] 
1750.590: [GC (Allocation Failure) [PSYoungGen: 68669K->1536K(69120K)] 381961K->314828K(744448K), 0.0016720 secs] [Times: user=0.00 sys=0.00, real=0.01 secs] 
1750.975: [GC (Allocation Failure) [PSYoungGen: 68608K->1520K(69120K)] 381900K->314812K(744448K), 0.0016435 secs] [Times: user=0.01 sys=0.00, real=0.00 secs] 
1751.746: [GC (Allocation Failure) [PSYoungGen: 68592K->1376K(69120K)] 381884K->314668K(744448K), 0.0037437 secs] [Times: user=0.02 sys=0.00, real=0.00 secs] 
1752.271: [GC (Allocation Failure) [PSYoungGen: 68448K->1408K(69120K)] 381740K->314700K(744448K), 0.0021745 secs] [Times: user=0.01 sys=0.00, real=0.00 secs] 
1752.606: [GC (Allocation Failure) [PSYoungGen: 68480K->1408K(69120K)] 381772K->314700K(744448K), 0.0019439 secs] [Times: user=0.01 sys=0.00, real=0.00 secs] 
1752.949: [GC (Allocation Failure) [PSYoungGen: 68480K->1344K(69120K)] 381772K->314636K(744448K), 0.0018904 secs] [Times: user=0.00 sys=0.00, real=0.01 secs] 
1753.428: [GC (Allocation Failure) [PSYoungGen: 68416K->1536K(69120K)] 381708K->314828K(744448K), 0.0015315 secs] [Times: user=0.01 sys=0.00, real=0.00 secs] 
1753.820: [GC (Allocation Failure) [PSYoungGen: 68608K->1584K(69120K)] 381900K->314876K(744448K), 0.0015342 secs] [Times: user=0.00 sys=0.00, real=0.01 secs] 
1754.212: [GC (Allocation Failure) [PSYoungGen: 68656K->1552K(69120K)] 381948K->314844K(744448K), 0.0015773 secs] [Times: user=0.00 sys=0.00, real=0.00 secs] 
1754.665: [GC (Allocation Failure) [PSYoungGen: 68624K->1536K(69120K)] 381916K->314828K(744448K), 0.0018917 secs] [Times: user=0.01 sys=0.00, real=0.00 secs] 
1755.241: [GC (Allocation Failure) [PSYoungGen: 68608K->1408K(69120K)] 381900K->314700K(744448K), 0.0019254 secs] [Times: user=0.01 sys=0.00, real=0.00 secs] 
1755.667: [GC (Allocation Failure) [PSYoungGen: 68480K->1376K(69120K)] 381772K->314684K(744448K), 0.0018909 secs] [Times: user=0.01 sys=0.00, real=0.00 secs] 
1756.041: [GC (Allocation Failure) [PSYoungGen: 68448K->1376K(69120K)] 381756K->314684K(744448K), 0.0019952 secs] [Times: user=0.01 sys=0.00, real=0.00 secs] 
1756.587: [GC (Allocation Failure) [PSYoungGen: 68448K->1456K(69120K)] 381756K->314764K(744448K), 0.0018242 secs] [Times: user=0.01 sys=0.00, real=0.00 secs] 
1757.005: [GC (Allocation Failure) [PSYoungGen: 68528K->1616K(69120K)] 381836K->314924K(744448K), 0.0015240 secs] [Times: user=0.01 sys=0.00, real=0.00 secs] 
1757.401: [GC (Allocation Failure) [PSYoungGen: 68688K->1565K(69120K)] 381996K->314873K(744448K), 0.0015324 secs] [Times: user=0.00 sys=0.00, real=0.00 secs] 
1757.792: [GC (Allocation Failure) [PSYoungGen: 68637K->1597K(69120K)] 381945K->314921K(744448K), 0.0016566 secs] [Times: user=0.00 sys=0.00, real=0.00 secs] 
1758.377: [GC (Allocation Failure) [PSYoungGen: 68669K->1472K(69120K)] 381993K->314796K(744448K), 0.0020523 secs] [Times: user=0.01 sys=0.00, real=0.00 secs] 
1758.867: [GC (Allocation Failure) [PSYoungGen: 68544K->1392K(69120K)] 381868K->314716K(744448K), 0.0023036 secs] [Times: user=0.01 sys=0.00, real=0.00 secs] 
1759.172: [GC (Allocation Failure) [PSYoungGen: 68464K->1344K(69120K)] 381788K->314668K(744448K), 0.0025651 secs] [Times: user=0.01 sys=0.00, real=0.00 secs] 
1759.515: [GC (Allocation Failure) [PSYoungGen: 68416K->1344K(69120K)] 381740K->314668K(744448K), 0.0018534 secs] [Times: user=0.00 sys=0.00, real=0.00 secs] 
1759.921: [GC (Allocation Failure) [PSYoungGen: 68416K->1517K(69120K)] 381740K->314841K(744448K), 0.0014946 secs] [Times: user=0.01 sys=0.00, real=0.00 secs] 
1760.313: [GC (Allocation Failure) [PSYoungGen: 68589K->1565K(69120K)] 381913K->314889K(744448K), 0.0016496 secs] [Times: user=0.00 sys=0.00, real=0.00 secs] 
1760.704: [GC (Allocation Failure) [PSYoungGen: 68637K->1568K(69120K)] 381961K->314892K(744448K), 0.0016503 secs] [Times: user=0.01 sys=0.00, real=0.00 secs] 
1761.097: [GC (Allocation Failure) [PSYoungGen: 68640K->1565K(69120K)] 381964K->314905K(744448K), 0.0016154 secs] [Times: user=0.00 sys=0.00, real=0.00 secs] 
1761.627: [GC (Allocation Failure) [PSYoungGen: 68637K->1456K(69120K)] 381977K->314796K(744448K), 0.0017931 secs] [Times: user=0.01 sys=0.00, real=0.00 secs] 
1761.952: [GC (Allocation Failure) [PSYoungGen: 68528K->1376K(69120K)] 381868K->314716K(744448K), 0.0016387 secs] [Times: user=0.01 sys=0.00, real=0.00 secs] 
1762.230: [GC (Allocation Failure) [PSYoungGen: 68448K->1376K(69120K)] 381788K->314716K(744448K), 0.0016207 secs] [Times: user=0.01 sys=0.00, real=0.01 secs] 
1762.676: [GC (Allocation Failure) [PSYoungGen: 68448K->1408K(69120K)] 381788K->314748K(744448K), 0.0016615 secs] [Times: user=0.01 sys=0.00, real=0.00 secs] 
1763.228: [GC (Allocation Failure) [PSYoungGen: 68480K->1501K(69120K)] 381820K->314841K(744448K), 0.0015697 secs] [Times: user=0.01 sys=0.00, real=0.00 secs] 
1763.621: [GC (Allocation Failure) [PSYoungGen: 68573K->1597K(69120K)] 381913K->314937K(744448K), 0.0016639 secs] [Times: user=0.01 sys=0.00, real=0.00 secs] 
1764.013: [GC (Allocation Failure) [PSYoungGen: 68669K->1597K(69120K)] 382009K->314937K(744448K), 0.0016633 secs] [Times: user=0.01 sys=0.00, real=0.00 secs] 
1764.409: [GC (Allocation Failure) [PSYoungGen: 68669K->1568K(69120K)] 382009K->314940K(744448K), 0.0017214 secs] [Times: user=0.00 sys=0.00, real=0.01 secs] 
1765.287: [GC (Allocation Failure) [PSYoungGen: 68640K->1440K(69120K)] 382012K->314812K(744448K), 0.0023917 secs] [Times: user=0.00 sys=0.00, real=0.00 secs] 
1766.141: [GC (Allocation Failure) [PSYoungGen: 68512K->1408K(69120K)] 381884K->314780K(744448K), 0.0019420 secs] [Times: user=0.01 sys=0.00, real=0.00 secs] 
1766.977: [GC (Allocation Failure) [PSYoungGen: 68480K->1344K(69120K)] 381852K->314716K(744448K), 0.0021236 secs] [Times: user=0.00 sys=0.00, real=0.00 secs] 
1767.620: [GC (Allocation Failure) [PSYoungGen: 68416K->1344K(69120K)] 381788K->314716K(744448K), 0.0025060 secs] [Times: user=0.01 sys=0.00, real=0.01 secs] 
1768.191: [GC (Allocation Failure) [PSYoungGen: 68416K->1533K(69120K)] 381788K->314913K(744448K), 0.0014950 secs] [Times: user=0.01 sys=0.00, real=0.00 secs] 
1768.588: [GC (Allocation Failure) [PSYoungGen: 68605K->1552K(69120K)] 381985K->314932K(744448K), 0.0014815 secs] [Times: user=0.01 sys=0.00, real=0.00 secs] 
1769.045: [GC (Allocation Failure) [PSYoungGen: 68624K->1584K(69120K)] 382004K->314964K(744448K), 0.0015924 secs] [Times: user=0.00 sys=0.00, real=0.00 secs] 
1769.440: [GC (Allocation Failure) [PSYoungGen: 68656K->1584K(69120K)] 382036K->314980K(744448K), 0.0015777 secs] [Times: user=0.01 sys=0.00, real=0.00 secs] 
1770.070: [GC (Allocation Failure) [PSYoungGen: 68656K->1408K(69120K)] 382052K->314804K(744448K), 0.0026902 secs] [Times: user=0.02 sys=0.00, real=0.01 secs] 
1770.588: [GC (Allocation Failure) [PSYoungGen: 68480K->1424K(69120K)] 381876K->314820K(744448K), 0.0022358 secs] [Times: user=0.01 sys=0.00, real=0.00 secs] 
1771.022: [GC (Allocation Failure) [PSYoungGen: 68496K->1376K(69120K)] 381892K->314772K(744448K), 0.0019451 secs] [Times: user=0.01 sys=0.00, real=0.00 secs] 
1771.323: [GC (Allocation Failure) [PSYoungGen: 68448K->1376K(69120K)] 381844K->314772K(744448K), 0.0018726 secs] [Times: user=0.01 sys=0.00, real=0.00 secs] 
1771.759: [GC (Allocation Failure) [PSYoungGen: 68448K->1469K(69120K)] 381844K->314865K(744448K), 0.0017540 secs] [Times: user=0.00 sys=0.00, real=0.01 secs] 
1772.214: [GC (Allocation Failure) [PSYoungGen: 68529K->1616K(69120K)] 381926K->315012K(744448K), 0.0016936 secs] [Times: user=0.01 sys=0.00, real=0.00 secs] 
1772.605: [GC (Allocation Failure) [PSYoungGen: 68688K->1552K(69120K)] 382084K->314948K(744448K), 0.0017161 secs] [Times: user=0.01 sys=0.00, real=0.00 secs] 
1773.079: [GC (Allocation Failure) [PSYoungGen: 68624K->2032K(69120K)] 382020K->315428K(744448K), 0.0019497 secs] [Times: user=0.01 sys=0.00, real=0.01 secs] 
1774.352: [GC (Allocation Failure) [PSYoungGen: 69104K->1344K(69120K)] 382500K->314740K(744448K), 0.0029475 secs] [Times: user=0.01 sys=0.00, real=0.00 secs] 
1775.136: [GC (Allocation Failure) [PSYoungGen: 68416K->1408K(69120K)] 381812K->314804K(744448K), 0.0029590 secs] [Times: user=0.01 sys=0.00, real=0.00 secs] 
1775.653: [GC (Allocation Failure) [PSYoungGen: 68480K->1424K(69120K)] 381876K->314820K(744448K), 0.0024813 secs] [Times: user=0.01 sys=0.00, real=0.00 secs] 
1776.223: [GC (Allocation Failure) [PSYoungGen: 68496K->1376K(69120K)] 381892K->314796K(744448K), 0.0023053 secs] [Times: user=0.01 sys=0.00, real=0.00 secs] 
1776.747: [GC (Allocation Failure) [PSYoungGen: 68448K->1536K(69120K)] 381868K->314956K(744448K), 0.0015416 secs] [Times: user=0.00 sys=0.00, real=0.00 secs] 
1777.145: [GC (Allocation Failure) [PSYoungGen: 68608K->1536K(69120K)] 382028K->314956K(744448K), 0.0015831 secs] [Times: user=0.01 sys=0.00, real=0.00 secs] 
1777.537: [GC (Allocation Failure) [PSYoungGen: 68608K->1517K(69120K)] 382028K->314937K(744448K), 0.0015565 secs] [Times: user=0.01 sys=0.00, real=0.00 secs] 
1778.041: [GC (Allocation Failure) [PSYoungGen: 68589K->1504K(69120K)] 382009K->314924K(744448K), 0.0018717 secs] [Times: user=0.01 sys=0.00, real=0.00 secs] 
1778.678: [GC (Allocation Failure) [PSYoungGen: 68576K->1408K(69120K)] 381996K->314828K(744448K), 0.0019489 secs] [Times: user=0.01 sys=0.00, real=0.00 secs] 
1779.150: [GC (Allocation Failure) [PSYoungGen: 68480K->1376K(69120K)] 381900K->314796K(744448K), 0.0019065 secs] [Times: user=0.01 sys=0.00, real=0.00 secs] 
1779.694: [GC (Allocation Failure) [PSYoungGen: 68448K->1376K(69120K)] 381868K->314796K(744448K), 0.0019641 secs] [Times: user=0.01 sys=0.00, real=0.00 secs] 
1780.294: [GC (Allocation Failure) [PSYoungGen: 68427K->1469K(69120K)] 381848K->314889K(744448K), 0.0022897 secs] [Times: user=0.01 sys=0.00, real=0.00 secs] 
1780.725: [GC (Allocation Failure) [PSYoungGen: 68541K->1552K(69120K)] 381961K->314972K(744448K), 0.0015694 secs] [Times: user=0.01 sys=0.00, real=0.00 secs] 
1781.116: [GC (Allocation Failure) [PSYoungGen: 68624K->1597K(69120K)] 382044K->315017K(744448K), 0.0015015 secs] [Times: user=0.01 sys=0.00, real=0.00 secs] 
1781.509: [GC (Allocation Failure) [PSYoungGen: 68669K->1584K(69120K)] 382089K->315020K(744448K), 0.0014985 secs] [Times: user=0.01 sys=0.00, real=0.01 secs] 
1782.053: [GC (Allocation Failure) [PSYoungGen: 68656K->1456K(69120K)] 382092K->314892K(744448K), 0.0020593 secs] [Times: user=0.01 sys=0.00, real=0.00 secs] 
1782.672: [GC (Allocation Failure) [PSYoungGen: 68528K->1408K(69120K)] 381964K->314844K(744448K), 0.0020190 secs] [Times: user=0.01 sys=0.00, real=0.00 secs] 
1783.320: [GC (Allocation Failure) [PSYoungGen: 68480K->1376K(69120K)] 381916K->314812K(744448K), 0.0020992 secs] [Times: user=0.01 sys=0.00, real=0.01 secs] 
1783.959: [GC (Allocation Failure) [PSYoungGen: 68448K->1376K(69120K)] 381884K->314812K(744448K), 0.0020895 secs] [Times: user=0.01 sys=0.00, real=0.01 secs] 
1784.567: [GC (Allocation Failure) [PSYoungGen: 68448K->1472K(69120K)] 381884K->314908K(744448K), 0.0015247 secs] [Times: user=0.01 sys=0.00, real=0.00 secs] 
1784.958: [GC (Allocation Failure) [PSYoungGen: 68544K->1600K(69120K)] 381980K->315036K(744448K), 0.0016537 secs] [Times: user=0.00 sys=0.00, real=0.00 secs] 
1785.352: [GC (Allocation Failure) [PSYoungGen: 68672K->1520K(69120K)] 382108K->314956K(744448K), 0.0016699 secs] [Times: user=0.01 sys=0.00, real=0.00 secs] 
1785.744: [GC (Allocation Failure) [PSYoungGen: 68592K->1552K(69120K)] 382028K->315004K(744448K), 0.0015633 secs] [Times: user=0.01 sys=0.00, real=0.00 secs] 
1786.135: [GC (Allocation Failure) [PSYoungGen: 68624K->1408K(69120K)] 382076K->314876K(744448K), 0.0019747 secs] [Times: user=0.01 sys=0.00, real=0.00 secs] 
1786.414: [GC (Allocation Failure) [PSYoungGen: 68480K->1376K(69120K)] 381948K->314844K(744448K), 0.0018479 secs] [Times: user=0.01 sys=0.00, real=0.00 secs] 
1786.804: [GC (Allocation Failure) [PSYoungGen: 68448K->1408K(69120K)] 381916K->314876K(744448K), 0.0018385 secs] [Times: user=0.01 sys=0.00, real=0.00 secs] 
1787.382: [GC (Allocation Failure) [PSYoungGen: 68480K->1376K(69120K)] 381948K->314844K(744448K), 0.0021487 secs] [Times: user=0.01 sys=0.00, real=0.00 secs] 
1787.914: [GC (Allocation Failure) [PSYoungGen: 68448K->1469K(69120K)] 381916K->314937K(744448K), 0.0016181 secs] [Times: user=0.01 sys=0.00, real=0.00 secs] 
1788.366: [GC (Allocation Failure) [PSYoungGen: 68541K->1533K(69120K)] 382009K->315001K(744448K), 0.0017620 secs] [Times: user=0.01 sys=0.00, real=0.00 secs] 
1788.760: [GC (Allocation Failure) [PSYoungGen: 68605K->1552K(69120K)] 382073K->315020K(744448K), 0.0016050 secs] [Times: user=0.00 sys=0.00, real=0.01 secs] 
1789.161: [GC (Allocation Failure) [PSYoungGen: 68624K->1565K(69120K)] 382092K->315049K(744448K), 0.0016791 secs] [Times: user=0.00 sys=0.00, real=0.00 secs] 
1790.306: [GC (Allocation Failure) [PSYoungGen: 68637K->1408K(69120K)] 382121K->314892K(744448K), 0.0035014 secs] [Times: user=0.01 sys=0.01, real=0.00 secs] 
1791.722: [GC (Allocation Failure) [PSYoungGen: 68480K->1376K(69120K)] 381964K->314860K(744448K), 0.0038080 secs] [Times: user=0.01 sys=0.00, real=0.00 secs] 
1792.771: [GC (Allocation Failure) [PSYoungGen: 68448K->1408K(69120K)] 381932K->314892K(744448K), 0.0025799 secs] [Times: user=0.01 sys=0.00, real=0.00 secs] 
1793.352: [GC (Allocation Failure) [PSYoungGen: 68480K->1376K(69120K)] 381964K->314860K(744448K), 0.0022309 secs] [Times: user=0.01 sys=0.00, real=0.00 secs] 
1793.858: [GC (Allocation Failure) [PSYoungGen: 68448K->1504K(69120K)] 381932K->314988K(744448K), 0.0016016 secs] [Times: user=0.00 sys=0.00, real=0.00 secs] 
1794.249: [GC (Allocation Failure) [PSYoungGen: 68565K->1600K(69120K)] 382050K->315084K(744448K), 0.0015261 secs] [Times: user=0.01 sys=0.00, real=0.01 secs] 
1794.641: [GC (Allocation Failure) [PSYoungGen: 68672K->1565K(69120K)] 382156K->315049K(744448K), 0.0016723 secs] [Times: user=0.00 sys=0.00, real=0.00 secs] 
1795.035: [GC (Allocation Failure) [PSYoungGen: 68637K->1568K(69120K)] 382121K->315068K(744448K), 0.0016900 secs] [Times: user=0.01 sys=0.00, real=0.00 secs] 
1795.712: [GC (Allocation Failure) [PSYoungGen: 68640K->1440K(69120K)] 382140K->314940K(744448K), 0.0021836 secs] [Times: user=0.01 sys=0.00, real=0.00 secs] 
1796.354: [GC (Allocation Failure) [PSYoungGen: 68512K->1376K(69120K)] 382012K->314876K(744448K), 0.0030033 secs] [Times: user=0.01 sys=0.00, real=0.00 secs] 
1796.853: [GC (Allocation Failure) [PSYoungGen: 68448K->1408K(69120K)] 381948K->314908K(744448K), 0.0019462 secs] [Times: user=0.01 sys=0.00, real=0.00 secs] 
1797.132: [GC (Allocation Failure) [PSYoungGen: 68480K->1376K(69120K)] 381980K->314876K(744448K), 0.0021666 secs] [Times: user=0.01 sys=0.00, real=0.00 secs] 
1797.518: [GC (Allocation Failure) [PSYoungGen: 68448K->1533K(69120K)] 381948K->315049K(744448K), 0.0015151 secs] [Times: user=0.00 sys=0.00, real=0.00 secs] 
1797.909: [GC (Allocation Failure) [PSYoungGen: 68605K->1584K(69120K)] 382121K->315100K(744448K), 0.0016140 secs] [Times: user=0.00 sys=0.00, real=0.01 secs] 
1798.303: [GC (Allocation Failure) [PSYoungGen: 68656K->1552K(69120K)] 382172K->315068K(744448K), 0.0016015 secs] [Times: user=0.01 sys=0.00, real=0.00 secs] 
1798.754: [GC (Allocation Failure) [PSYoungGen: 68624K->1520K(69120K)] 382140K->315036K(744448K), 0.0019904 secs] [Times: user=0.01 sys=0.00, real=0.00 secs] 
1799.483: [GC (Allocation Failure) [PSYoungGen: 68592K->1376K(69120K)] 382108K->314892K(744448K), 0.0021140 secs] [Times: user=0.01 sys=0.00, real=0.00 secs] 
1800.121: [GC (Allocation Failure) [PSYoungGen: 68448K->1376K(69120K)] 381964K->314892K(744448K), 0.0021075 secs] [Times: user=0.01 sys=0.00, real=0.00 secs] 
1800.745: [GC (Allocation Failure) [PSYoungGen: 68448K->1344K(69120K)] 381964K->314860K(744448K), 0.0021772 secs] [Times: user=0.01 sys=0.00, real=0.00 secs] 
1801.361: [GC (Allocation Failure) [PSYoungGen: 68416K->1376K(69120K)] 381932K->314900K(744448K), 0.0020714 secs] [Times: user=0.00 sys=0.00, real=0.00 secs] 
1801.813: [GC (Allocation Failure) [PSYoungGen: 68448K->1520K(69120K)] 381972K->315044K(744448K), 0.0016086 secs] [Times: user=0.00 sys=0.00, real=0.00 secs] 
1802.209: [GC (Allocation Failure) [PSYoungGen: 68592K->1536K(69120K)] 382116K->315060K(744448K), 0.0016040 secs] [Times: user=0.00 sys=0.00, real=0.01 secs] 
1802.606: [GC (Allocation Failure) [PSYoungGen: 68608K->1568K(69120K)] 382132K->315092K(744448K), 0.0015058 secs] [Times: user=0.01 sys=0.00, real=0.00 secs] 
1803.019: [GC (Allocation Failure) [PSYoungGen: 68640K->1456K(69120K)] 382164K->314980K(744448K), 0.0018082 secs] [Times: user=0.00 sys=0.00, real=0.01 secs] 
1803.298: [GC (Allocation Failure) [PSYoungGen: 68528K->1312K(69120K)] 382052K->314836K(744448K), 0.0019727 secs] [Times: user=0.00 sys=0.00, real=0.00 secs] 
1803.577: [GC (Allocation Failure) [PSYoungGen: 68384K->1376K(69120K)] 381908K->314900K(744448K), 0.0018283 secs] [Times: user=0.00 sys=0.00, real=0.00 secs] 
1803.855: [GC (Allocation Failure) [PSYoungGen: 68448K->1376K(69120K)] 381972K->314900K(744448K), 0.0018712 secs] [Times: user=0.01 sys=0.00, real=0.00 secs] 
1804.194: [GC (Allocation Failure) [PSYoungGen: 68448K->1437K(69120K)] 381972K->314961K(744448K), 0.0014629 secs] [Times: user=0.01 sys=0.00, real=0.00 secs] 
1804.585: [GC (Allocation Failure) [PSYoungGen: 68509K->1565K(69120K)] 382033K->315089K(744448K), 0.0015314 secs] [Times: user=0.01 sys=0.00, real=0.00 secs] 
1804.977: [GC (Allocation Failure) [PSYoungGen: 68637K->1533K(69120K)] 382161K->315081K(744448K), 0.0015235 secs] [Times: user=0.00 sys=0.00, real=0.00 secs] 
1805.369: [GC (Allocation Failure) [PSYoungGen: 68605K->1565K(69120K)] 382153K->315129K(744448K), 0.0016422 secs] [Times: user=0.01 sys=0.00, real=0.01 secs] 
1805.707: [GC (Allocation Failure) [PSYoungGen: 68637K->1472K(69120K)] 382201K->315036K(744448K), 0.0016290 secs] [Times: user=0.01 sys=0.00, real=0.00 secs] 
1805.985: [GC (Allocation Failure) [PSYoungGen: 68544K->1408K(69120K)] 382108K->314972K(744448K), 0.0016365 secs] [Times: user=0.00 sys=0.00, real=0.00 secs] 
1806.265: [GC (Allocation Failure) [PSYoungGen: 68480K->1344K(69120K)] 382044K->314908K(744448K), 0.0028346 secs] [Times: user=0.01 sys=0.00, real=0.00 secs] 
1806.544: [GC (Allocation Failure) [PSYoungGen: 68416K->1408K(69120K)] 381980K->314972K(744448K), 0.0018779 secs] [Times: user=0.01 sys=0.00, real=0.00 secs] 
1806.918: [GC (Allocation Failure) [PSYoungGen: 68480K->1437K(69120K)] 382044K->315001K(744448K), 0.0015281 secs] [Times: user=0.01 sys=0.00, real=0.00 secs] 
1807.314: [GC (Allocation Failure) [PSYoungGen: 68509K->1565K(69120K)] 382073K->315129K(744448K), 0.0016709 secs] [Times: user=0.01 sys=0.00, real=0.00 secs] 
1807.706: [GC (Allocation Failure) [PSYoungGen: 68637K->1488K(69120K)] 382201K->315052K(744448K), 0.0016476 secs] [Times: user=0.00 sys=0.00, real=0.00 secs] 
1808.098: [GC (Allocation Failure) [PSYoungGen: 68560K->1552K(69120K)] 382124K->315132K(744448K), 0.0016579 secs] [Times: user=0.01 sys=0.00, real=0.00 secs] 
1808.823: [GC (Allocation Failure) [PSYoungGen: 68624K->1440K(69120K)] 382204K->315020K(744448K), 0.0021631 secs] [Times: user=0.00 sys=0.01, real=0.00 secs] 
1809.393: [GC (Allocation Failure) [PSYoungGen: 68512K->1376K(69120K)] 382092K->314956K(744448K), 0.0030098 secs] [Times: user=0.01 sys=0.00, real=0.00 secs] 
1810.022: [GC (Allocation Failure) [PSYoungGen: 68448K->1408K(69120K)] 382028K->314988K(744448K), 0.0024488 secs] [Times: user=0.00 sys=0.00, real=0.00 secs] 
1810.507: [GC (Allocation Failure) [PSYoungGen: 68480K->1408K(69120K)] 382060K->314988K(744448K), 0.0025707 secs] [Times: user=0.01 sys=0.00, real=0.00 secs] 
1811.111: [GC (Allocation Failure) [PSYoungGen: 68480K->1501K(69120K)] 382060K->315081K(744448K), 0.0014895 secs] [Times: user=0.00 sys=0.00, real=0.00 secs] 
1811.503: [GC (Allocation Failure) [PSYoungGen: 68573K->1552K(69120K)] 382153K->315132K(744448K), 0.0015393 secs] [Times: user=0.01 sys=0.00, real=0.00 secs] 
1811.899: [GC (Allocation Failure) [PSYoungGen: 68624K->1520K(69120K)] 382204K->315100K(744448K), 0.0015267 secs] [Times: user=0.00 sys=0.00, real=0.01 secs] 
1812.295: [GC (Allocation Failure) [PSYoungGen: 68592K->1616K(69120K)] 382172K->315212K(744448K), 0.0015205 secs] [Times: user=0.01 sys=0.00, real=0.00 secs] 
1813.183: [GC (Allocation Failure) [PSYoungGen: 68688K->1408K(69120K)] 382284K->315004K(744448K), 0.0029743 secs] [Times: user=0.01 sys=0.00, real=0.00 secs] 
1813.898: [GC (Allocation Failure) [PSYoungGen: 68480K->1408K(69120K)] 382076K->315004K(744448K), 0.0023040 secs] [Times: user=0.01 sys=0.00, real=0.01 secs] 
1814.575: [GC (Allocation Failure) [PSYoungGen: 68480K->1344K(69120K)] 382076K->314940K(744448K), 0.0020567 secs] [Times: user=0.01 sys=0.00, real=0.00 secs] 
1815.425: [GC (Allocation Failure) [PSYoungGen: 68416K->1408K(69120K)] 382012K->315004K(744448K), 0.0025281 secs] [Times: user=0.01 sys=0.00, real=0.00 secs] 
1816.149: [GC (Allocation Failure) [PSYoungGen: 68450K->1504K(69120K)] 382046K->315100K(744448K), 0.0017973 secs] [Times: user=0.01 sys=0.00, real=0.01 secs] 
1816.602: [GC (Allocation Failure) [PSYoungGen: 68576K->1597K(69120K)] 382172K->315201K(744448K), 0.0016737 secs] [Times: user=0.01 sys=0.00, real=0.00 secs] 
1817.058: [GC (Allocation Failure) [PSYoungGen: 68669K->1565K(69120K)] 382273K->315169K(744448K), 0.0015799 secs] [Times: user=0.00 sys=0.00, real=0.00 secs] 
1817.495: [GC (Allocation Failure) [PSYoungGen: 68637K->1760K(69120K)] 382241K->315380K(744448K), 0.0018898 secs] [Times: user=0.01 sys=0.00, real=0.00 secs] 
1817.863: [GC (Allocation Failure) [PSYoungGen: 68832K->1376K(69120K)] 382452K->314996K(744448K), 0.0019113 secs] [Times: user=0.00 sys=0.00, real=0.00 secs] 
1818.371: [GC (Allocation Failure) [PSYoungGen: 68448K->1408K(69120K)] 382068K->315028K(744448K), 0.0021638 secs] [Times: user=0.01 sys=0.00, real=0.00 secs] 
1818.886: [GC (Allocation Failure) [PSYoungGen: 68480K->1376K(69120K)] 382100K->315004K(744448K), 0.0029474 secs] [Times: user=0.02 sys=0.00, real=0.00 secs] 
1819.462: [GC (Allocation Failure) [PSYoungGen: 68448K->1408K(69120K)] 382076K->315036K(744448K), 0.0040454 secs] [Times: user=0.02 sys=0.00, real=0.00 secs] 
1820.045: [GC (Allocation Failure) [PSYoungGen: 68480K->1520K(69120K)] 382108K->315148K(744448K), 0.0015715 secs] [Times: user=0.00 sys=0.00, real=0.00 secs] 
1820.437: [GC (Allocation Failure) [PSYoungGen: 68592K->1584K(69120K)] 382220K->315212K(744448K), 0.0016405 secs] [Times: user=0.01 sys=0.00, real=0.00 secs] 
1820.889: [GC (Allocation Failure) [PSYoungGen: 68656K->1600K(69120K)] 382284K->315228K(744448K), 0.0015661 secs] [Times: user=0.01 sys=0.00, real=0.00 secs] 
1821.391: [GC (Allocation Failure) [PSYoungGen: 68672K->1472K(69120K)] 382300K->315116K(744448K), 0.0023204 secs] [Times: user=0.00 sys=0.00, real=0.00 secs] 
1822.025: [GC (Allocation Failure) [PSYoungGen: 68544K->1360K(69120K)] 382188K->315004K(744448K), 0.0026690 secs] [Times: user=0.01 sys=0.00, real=0.00 secs] 
1822.628: [GC (Allocation Failure) [PSYoungGen: 68432K->1408K(69120K)] 382076K->315052K(744448K), 0.0029936 secs] [Times: user=0.01 sys=0.00, real=0.01 secs] 
1823.261: [GC (Allocation Failure) [PSYoungGen: 68480K->1408K(69120K)] 382124K->315052K(744448K), 0.0030963 secs] [Times: user=0.01 sys=0.00, real=0.00 secs] 
1823.754: [GC (Allocation Failure) [PSYoungGen: 68480K->1501K(69120K)] 382124K->315145K(744448K), 0.0021305 secs] [Times: user=0.01 sys=0.00, real=0.00 secs] 
1824.262: [GC (Allocation Failure) [PSYoungGen: 68573K->1565K(69120K)] 382217K->315209K(744448K), 0.0016945 secs] [Times: user=0.01 sys=0.00, real=0.00 secs] 
1824.655: [GC (Allocation Failure) [PSYoungGen: 68637K->1568K(69120K)] 382281K->315212K(744448K), 0.0017792 secs] [Times: user=0.00 sys=0.00, real=0.00 secs] 
1825.047: [GC (Allocation Failure) [PSYoungGen: 68640K->1565K(69120K)] 382284K->315225K(744448K), 0.0015471 secs] [Times: user=0.00 sys=0.00, real=0.00 secs] 
1825.816: [GC (Allocation Failure) [PSYoungGen: 68637K->1456K(69120K)] 382297K->315116K(744448K), 0.0039422 secs] [Times: user=0.01 sys=0.00, real=0.00 secs] 
1826.216: [GC (Allocation Failure) [PSYoungGen: 68528K->1376K(69120K)] 382188K->315076K(744448K), 0.0019521 secs] [Times: user=0.01 sys=0.01, real=0.00 secs] 
1826.494: [GC (Allocation Failure) [PSYoungGen: 68448K->1376K(69120K)] 382148K->315076K(744448K), 0.0018994 secs] [Times: user=0.01 sys=0.00, real=0.00 secs] 
1826.772: [GC (Allocation Failure) [PSYoungGen: 68448K->1392K(69120K)] 382148K->315092K(744448K), 0.0017894 secs] [Times: user=0.01 sys=0.00, real=0.00 secs] 
1827.130: [GC (Allocation Failure) [PSYoungGen: 68464K->1453K(69120K)] 382164K->315153K(744448K), 0.0015524 secs] [Times: user=0.00 sys=0.00, real=0.00 secs] 
1827.522: [GC (Allocation Failure) [PSYoungGen: 68525K->1501K(69120K)] 382225K->315201K(744448K), 0.0015461 secs] [Times: user=0.01 sys=0.00, real=0.00 secs] 
1827.915: [GC (Allocation Failure) [PSYoungGen: 68573K->1565K(69120K)] 382273K->315265K(744448K), 0.0017110 secs] [Times: user=0.01 sys=0.00, real=0.00 secs] 
1828.307: [GC (Allocation Failure) [PSYoungGen: 68637K->1584K(69120K)] 382337K->315300K(744448K), 0.0016985 secs] [Times: user=0.00 sys=0.00, real=0.00 secs] 
1828.686: [GC (Allocation Failure) [PSYoungGen: 68656K->1440K(69120K)] 382372K->315156K(744448K), 0.0018625 secs] [Times: user=0.00 sys=0.00, real=0.00 secs] 
1829.017: [GC (Allocation Failure) [PSYoungGen: 68512K->1376K(69120K)] 382228K->315092K(744448K), 0.0017974 secs] [Times: user=0.01 sys=0.00, real=0.00 secs] 
1829.333: [GC (Allocation Failure) [PSYoungGen: 68448K->1392K(69120K)] 382164K->315108K(744448K), 0.0019161 secs] [Times: user=0.01 sys=0.00, real=0.00 secs] 
1829.696: [GC (Allocation Failure) [PSYoungGen: 68464K->1376K(69120K)] 382180K->315092K(744448K), 0.0018793 secs] [Times: user=0.00 sys=0.00, real=0.00 secs] 
1830.092: [GC (Allocation Failure) [PSYoungGen: 68448K->1501K(69120K)] 382164K->315217K(744448K), 0.0014103 secs] [Times: user=0.00 sys=0.00, real=0.00 secs] 
1830.491: [GC (Allocation Failure) [PSYoungGen: 68573K->1584K(69120K)] 382289K->315300K(744448K), 0.0016171 secs] [Times: user=0.00 sys=0.00, real=0.00 secs] 
1830.944: [GC (Allocation Failure) [PSYoungGen: 68656K->1565K(69120K)] 382372K->315281K(744448K), 0.0017582 secs] [Times: user=0.00 sys=0.00, real=0.00 secs] 
1831.393: [GC (Allocation Failure) [PSYoungGen: 68637K->1597K(69120K)] 382353K->315329K(744448K), 0.0017286 secs] [Times: user=0.01 sys=0.00, real=0.00 secs] 
1832.285: [GC (Allocation Failure) [PSYoungGen: 68669K->1440K(69120K)] 382401K->315172K(744448K), 0.0028095 secs] [Times: user=0.01 sys=0.00, real=0.00 secs] 
1833.157: [GC (Allocation Failure) [PSYoungGen: 68512K->1408K(69120K)] 382244K->315140K(744448K), 0.0023930 secs] [Times: user=0.01 sys=0.00, real=0.00 secs] 
1834.106: [GC (Allocation Failure) [PSYoungGen: 68480K->1392K(69120K)] 382212K->315124K(744448K), 0.0031740 secs] [Times: user=0.01 sys=0.00, real=0.00 secs] 
1834.874: [GC (Allocation Failure) [PSYoungGen: 68464K->1376K(69120K)] 382196K->315108K(744448K), 0.0030163 secs] [Times: user=0.01 sys=0.00, real=0.00 secs] 
1835.479: [GC (Allocation Failure) [PSYoungGen: 68448K->1488K(69120K)] 382180K->315220K(744448K), 0.0015231 secs] [Times: user=0.01 sys=0.00, real=0.01 secs] 
1835.933: [GC (Allocation Failure) [PSYoungGen: 68560K->1517K(69120K)] 382292K->315249K(744448K), 0.0015594 secs] [Times: user=0.01 sys=0.00, real=0.00 secs] 
1836.325: [GC (Allocation Failure) [PSYoungGen: 68589K->1565K(69120K)] 382321K->315313K(744448K), 0.0018080 secs] [Times: user=0.00 sys=0.00, real=0.00 secs] 
1836.778: [GC (Allocation Failure) [PSYoungGen: 68637K->1597K(69120K)] 382385K->315361K(744448K), 0.0017625 secs] [Times: user=0.01 sys=0.00, real=0.00 secs] 
1837.460: [GC (Allocation Failure) [PSYoungGen: 68669K->1376K(69120K)] 382433K->315140K(744448K), 0.0031123 secs] [Times: user=0.01 sys=0.00, real=0.01 secs] 
1838.055: [GC (Allocation Failure) [PSYoungGen: 68448K->1376K(69120K)] 382212K->315140K(744448K), 0.0024506 secs] [Times: user=0.01 sys=0.00, real=0.00 secs] 
1838.628: [GC (Allocation Failure) [PSYoungGen: 68448K->1376K(69120K)] 382212K->315140K(744448K), 0.0021190 secs] [Times: user=0.01 sys=0.00, real=0.01 secs] 
1839.228: [GC (Allocation Failure) [PSYoungGen: 68448K->1344K(69120K)] 382212K->315108K(744448K), 0.0023139 secs] [Times: user=0.01 sys=0.00, real=0.01 secs] 
1839.784: [GC (Allocation Failure) [PSYoungGen: 68416K->1456K(69120K)] 382180K->315220K(744448K), 0.0015984 secs] [Times: user=0.00 sys=0.00, real=0.00 secs] 
1840.174: [GC (Allocation Failure) [PSYoungGen: 68499K->1597K(69120K)] 382264K->315361K(744448K), 0.0017639 secs] [Times: user=0.01 sys=0.00, real=0.00 secs] 
1840.638: [GC (Allocation Failure) [PSYoungGen: 68669K->1565K(69120K)] 382433K->315329K(744448K), 0.0017924 secs] [Times: user=0.00 sys=0.00, real=0.00 secs] 
1841.109: [GC (Allocation Failure) [PSYoungGen: 68637K->1488K(69120K)] 382401K->315252K(744448K), 0.0019270 secs] [Times: user=0.01 sys=0.00, real=0.01 secs] 
1841.577: [GC (Allocation Failure) [PSYoungGen: 68560K->1408K(69120K)] 382324K->315172K(744448K), 0.0019637 secs] [Times: user=0.01 sys=0.00, real=0.00 secs] 
1841.893: [GC (Allocation Failure) [PSYoungGen: 68480K->1408K(69120K)] 382244K->315172K(744448K), 0.0017502 secs] [Times: user=0.01 sys=0.00, real=0.00 secs] 
1842.185: [GC (Allocation Failure) [PSYoungGen: 68480K->1360K(69120K)] 382244K->315124K(744448K), 0.0016521 secs] [Times: user=0.01 sys=0.00, real=0.00 secs] 
1842.537: [GC (Allocation Failure) [PSYoungGen: 68432K->1392K(69120K)] 382196K->315156K(744448K), 0.0017746 secs] [Times: user=0.01 sys=0.00, real=0.00 secs] 
1842.939: [GC (Allocation Failure) [PSYoungGen: 68464K->1584K(69120K)] 382228K->315348K(744448K), 0.0014922 secs] [Times: user=0.00 sys=0.00, real=0.01 secs] 
1843.332: [GC (Allocation Failure) [PSYoungGen: 68656K->1565K(69120K)] 382420K->315329K(744448K), 0.0015382 secs] [Times: user=0.00 sys=0.00, real=0.00 secs] 
1843.724: [GC (Allocation Failure) [PSYoungGen: 68637K->1584K(69120K)] 382401K->315348K(744448K), 0.0015687 secs] [Times: user=0.01 sys=0.00, real=0.00 secs] 
1844.148: [GC (Allocation Failure) [PSYoungGen: 68656K->1488K(69120K)] 382420K->315252K(744448K), 0.0017354 secs] [Times: user=0.01 sys=0.00, real=0.00 secs] 
1844.492: [GC (Allocation Failure) [PSYoungGen: 68560K->1408K(69120K)] 382324K->315172K(744448K), 0.0017518 secs] [Times: user=0.01 sys=0.00, real=0.00 secs] 
1845.083: [GC (Allocation Failure) [PSYoungGen: 68480K->1376K(69120K)] 382244K->315148K(744448K), 0.0030114 secs] [Times: user=0.01 sys=0.00, real=0.00 secs] 
1845.648: [GC (Allocation Failure) [PSYoungGen: 68448K->1376K(69120K)] 382220K->315148K(744448K), 0.0037809 secs] [Times: user=0.02 sys=0.00, real=0.01 secs] 
1846.254: [GC (Allocation Failure) [PSYoungGen: 68448K->1437K(69120K)] 382220K->315209K(744448K), 0.0018602 secs] [Times: user=0.01 sys=0.00, real=0.00 secs] 
1846.653: [GC (Allocation Failure) [PSYoungGen: 68509K->1565K(69120K)] 382281K->315337K(744448K), 0.0017338 secs] [Times: user=0.01 sys=0.00, real=0.00 secs] 
1847.107: [GC (Allocation Failure) [PSYoungGen: 68637K->1565K(69120K)] 382409K->315337K(744448K), 0.0015809 secs] [Times: user=0.00 sys=0.00, real=0.00 secs] 
1847.502: [GC (Allocation Failure) [PSYoungGen: 68637K->1533K(69120K)] 382409K->315321K(744448K), 0.0016147 secs] [Times: user=0.00 sys=0.00, real=0.00 secs] 
1847.899: [GC (Allocation Failure) [PSYoungGen: 68605K->1488K(69120K)] 382393K->315276K(744448K), 0.0024415 secs] [Times: user=0.01 sys=0.00, real=0.01 secs] 
1848.179: [GC (Allocation Failure) [PSYoungGen: 68560K->1408K(69120K)] 382348K->315196K(744448K), 0.0018758 secs] [Times: user=0.01 sys=0.00, real=0.01 secs] 
1848.818: [GC (Allocation Failure) [PSYoungGen: 68480K->1408K(69120K)] 382268K->315196K(744448K), 0.0021412 secs] [Times: user=0.00 sys=0.00, real=0.01 secs] 
1849.441: [GC (Allocation Failure) [PSYoungGen: 68480K->1408K(69120K)] 382268K->315196K(744448K), 0.0020658 secs] [Times: user=0.01 sys=0.00, real=0.00 secs] 
1850.050: [GC (Allocation Failure) [PSYoungGen: 68480K->1421K(69120K)] 382268K->315209K(744448K), 0.0015954 secs] [Times: user=0.00 sys=0.00, real=0.01 secs] 
1850.500: [GC (Allocation Failure) [PSYoungGen: 68493K->1597K(69120K)] 382281K->315385K(744448K), 0.0015676 secs] [Times: user=0.00 sys=0.00, real=0.00 secs] 
1850.965: [GC (Allocation Failure) [PSYoungGen: 68669K->1597K(69120K)] 382457K->315385K(744448K), 0.0017730 secs] [Times: user=0.01 sys=0.00, real=0.00 secs] 
1851.419: [GC (Allocation Failure) [PSYoungGen: 68669K->1584K(69120K)] 382457K->315388K(744448K), 0.0017635 secs] [Times: user=0.01 sys=0.00, real=0.01 secs] 
1851.932: [GC (Allocation Failure) [PSYoungGen: 68656K->1440K(69120K)] 382460K->315244K(744448K), 0.0027111 secs] [Times: user=0.01 sys=0.00, real=0.00 secs] 
1852.449: [GC (Allocation Failure) [PSYoungGen: 68512K->1408K(69120K)] 382316K->315212K(744448K), 0.0020472 secs] [Times: user=0.01 sys=0.00, real=0.01 secs] 
1852.943: [GC (Allocation Failure) [PSYoungGen: 68480K->1408K(69120K)] 382284K->315212K(744448K), 0.0021082 secs] [Times: user=0.00 sys=0.00, real=0.00 secs] 
1853.613: [GC (Allocation Failure) [PSYoungGen: 68480K->1408K(69120K)] 382284K->315212K(744448K), 0.0022116 secs] [Times: user=0.00 sys=0.01, real=0.00 secs] 
1854.114: [GC (Allocation Failure) [PSYoungGen: 68480K->1488K(69120K)] 382284K->315292K(744448K), 0.0015064 secs] [Times: user=0.01 sys=0.00, real=0.00 secs] 
1854.506: [GC (Allocation Failure) [PSYoungGen: 68560K->1533K(69120K)] 382364K->315337K(744448K), 0.0015935 secs] [Times: user=0.00 sys=0.00, real=0.00 secs] 
1854.960: [GC (Allocation Failure) [PSYoungGen: 68605K->1488K(69120K)] 382409K->315292K(744448K), 0.0016096 secs] [Times: user=0.00 sys=0.00, real=0.01 secs] 
1855.353: [GC (Allocation Failure) [PSYoungGen: 68560K->1584K(69120K)] 382364K->315396K(744448K), 0.0015976 secs] [Times: user=0.01 sys=0.00, real=0.00 secs] 
1855.676: [GC (Allocation Failure) [PSYoungGen: 68656K->1408K(69120K)] 382468K->315236K(744448K), 0.0019465 secs] [Times: user=0.00 sys=0.00, real=0.00 secs] 
1855.955: [GC (Allocation Failure) [PSYoungGen: 68480K->1360K(69120K)] 382308K->315188K(744448K), 0.0018794 secs] [Times: user=0.01 sys=0.00, real=0.00 secs] 
1856.233: [GC (Allocation Failure) [PSYoungGen: 68432K->1344K(69120K)] 382260K->315172K(744448K), 0.0019069 secs] [Times: user=0.01 sys=0.01, real=0.00 secs] 
1856.690: [GC (Allocation Failure) [PSYoungGen: 68416K->1408K(69120K)] 382244K->315236K(744448K), 0.0021946 secs] [Times: user=0.01 sys=0.00, real=0.00 secs] 
1857.196: [GC (Allocation Failure) [PSYoungGen: 68480K->1456K(69120K)] 382308K->315284K(744448K), 0.0015290 secs] [Times: user=0.00 sys=0.00, real=0.00 secs] 
1857.592: [GC (Allocation Failure) [PSYoungGen: 68528K->1568K(69120K)] 382356K->315396K(744448K), 0.0015453 secs] [Times: user=0.01 sys=0.00, real=0.00 secs] 
1857.988: [GC (Allocation Failure) [PSYoungGen: 68640K->1533K(69120K)] 382468K->315361K(744448K), 0.0016847 secs] [Times: user=0.01 sys=0.00, real=0.00 secs] 
1858.422: [GC (Allocation Failure) [PSYoungGen: 68605K->1792K(69120K)] 382433K->315620K(744448K), 0.0017693 secs] [Times: user=0.00 sys=0.00, real=0.00 secs] 
1858.886: [GC (Allocation Failure) [PSYoungGen: 68864K->1408K(69120K)] 382692K->315236K(744448K), 0.0019372 secs] [Times: user=0.01 sys=0.00, real=0.00 secs] 
1859.571: [GC (Allocation Failure) [PSYoungGen: 68480K->1440K(69120K)] 382308K->315268K(744448K), 0.0023203 secs] [Times: user=0.01 sys=0.00, real=0.00 secs] 
1860.185: [GC (Allocation Failure) [PSYoungGen: 68512K->1376K(69120K)] 382340K->315204K(744448K), 0.0023552 secs] [Times: user=0.01 sys=0.00, real=0.00 secs] 
1860.882: [GC (Allocation Failure) [PSYoungGen: 68448K->1376K(69120K)] 382276K->315204K(744448K), 0.0023532 secs] [Times: user=0.01 sys=0.00, real=0.00 secs] 
1861.375: [GC (Allocation Failure) [PSYoungGen: 68448K->1504K(69120K)] 382276K->315332K(744448K), 0.0016398 secs] [Times: user=0.00 sys=0.00, real=0.00 secs] 
1861.766: [GC (Allocation Failure) [PSYoungGen: 68576K->1533K(69120K)] 382404K->315361K(744448K), 0.0016690 secs] [Times: user=0.01 sys=0.00, real=0.00 secs] 
1862.159: [GC (Allocation Failure) [PSYoungGen: 68605K->1600K(69120K)] 382433K->315428K(744448K), 0.0015490 secs] [Times: user=0.00 sys=0.00, real=0.01 secs] 
1862.554: [GC (Allocation Failure) [PSYoungGen: 68672K->1456K(69120K)] 382500K->315284K(744448K), 0.0019977 secs] [Times: user=0.00 sys=0.00, real=0.00 secs] 
1862.833: [GC (Allocation Failure) [PSYoungGen: 68528K->1376K(69120K)] 382356K->315204K(744448K), 0.0016917 secs] [Times: user=0.01 sys=0.00, real=0.00 secs] 
1863.175: [GC (Allocation Failure) [PSYoungGen: 68448K->1408K(69120K)] 382276K->315236K(744448K), 0.0019247 secs] [Times: user=0.01 sys=0.00, real=0.00 secs] 
1863.585: [GC (Allocation Failure) [PSYoungGen: 68480K->1376K(69120K)] 382308K->315204K(744448K), 0.0018898 secs] [Times: user=0.01 sys=0.00, real=0.00 secs] 
1864.157: [GC (Allocation Failure) [PSYoungGen: 68448K->1469K(69120K)] 382276K->315297K(744448K), 0.0019539 secs] [Times: user=0.01 sys=0.00, real=0.00 secs] 
1864.569: [GC (Allocation Failure) [PSYoungGen: 68541K->1600K(69120K)] 382369K->315428K(744448K), 0.0016640 secs] [Times: user=0.00 sys=0.00, real=0.01 secs] 
1864.961: [GC (Allocation Failure) [PSYoungGen: 68672K->1533K(69120K)] 382500K->315361K(744448K), 0.0016507 secs] [Times: user=0.01 sys=0.00, real=0.00 secs] 
1865.355: [GC (Allocation Failure) [PSYoungGen: 68605K->1501K(69120K)] 382433K->315361K(744448K), 0.0016696 secs] [Times: user=0.01 sys=0.00, real=0.00 secs] 
1865.857: [GC (Allocation Failure) [PSYoungGen: 68573K->1424K(69120K)] 382433K->315284K(744448K), 0.0019460 secs] [Times: user=0.01 sys=0.00, real=0.00 secs] 
1866.382: [GC (Allocation Failure) [PSYoungGen: 68496K->1376K(69120K)] 382356K->315236K(744448K), 0.0017444 secs] [Times: user=0.01 sys=0.00, real=0.00 secs] 
1867.058: [GC (Allocation Failure) [PSYoungGen: 68448K->1376K(69120K)] 382308K->315236K(744448K), 0.0019429 secs] [Times: user=0.01 sys=0.00, real=0.01 secs] 
1868.018: [GC (Allocation Failure) [PSYoungGen: 68448K->1376K(69120K)] 382308K->315236K(744448K), 0.0025185 secs] [Times: user=0.01 sys=0.00, real=0.00 secs] 
1868.794: [GC (Allocation Failure) [PSYoungGen: 68448K->1501K(69120K)] 382308K->315361K(744448K), 0.0017747 secs] [Times: user=0.00 sys=0.00, real=0.00 secs] 
1869.267: [GC (Allocation Failure) [PSYoungGen: 68573K->1533K(69120K)] 382433K->315393K(744448K), 0.0016118 secs] [Times: user=0.01 sys=0.00, real=0.00 secs] 
1869.718: [GC (Allocation Failure) [PSYoungGen: 68605K->1552K(69120K)] 382465K->315412K(744448K), 0.0017044 secs] [Times: user=0.01 sys=0.00, real=0.00 secs] 
1870.110: [GC (Allocation Failure) [PSYoungGen: 68624K->1597K(69120K)] 382484K->315473K(744448K), 0.0017583 secs] [Times: user=0.00 sys=0.00, real=0.00 secs] 
1870.785: [GC (Allocation Failure) [PSYoungGen: 68669K->1488K(69120K)] 382545K->315364K(744448K), 0.0041343 secs] [Times: user=0.02 sys=0.00, real=0.00 secs] 
1871.725: [GC (Allocation Failure) [PSYoungGen: 68560K->1376K(69120K)] 382436K->315252K(744448K), 0.0032119 secs] [Times: user=0.01 sys=0.00, real=0.00 secs] 
1872.466: [GC (Allocation Failure) [PSYoungGen: 68448K->1376K(69120K)] 382324K->315252K(744448K), 0.0032103 secs] [Times: user=0.01 sys=0.00, real=0.00 secs] 
1873.172: [GC (Allocation Failure) [PSYoungGen: 68448K->1408K(69120K)] 382324K->315284K(744448K), 0.0038173 secs] [Times: user=0.01 sys=0.00, real=0.00 secs] 
1873.824: [GC (Allocation Failure) [PSYoungGen: 68480K->1456K(69120K)] 382356K->315332K(744448K), 0.0016107 secs] [Times: user=0.01 sys=0.00, real=0.00 secs] 
1874.217: [GC (Allocation Failure) [PSYoungGen: 68528K->1584K(69120K)] 382404K->315460K(744448K), 0.0015731 secs] [Times: user=0.00 sys=0.00, real=0.00 secs] 
1874.610: [GC (Allocation Failure) [PSYoungGen: 68656K->1600K(69120K)] 382532K->315476K(744448K), 0.0016167 secs] [Times: user=0.01 sys=0.00, real=0.01 secs] 
1875.005: [GC (Allocation Failure) [PSYoungGen: 68672K->1504K(69120K)] 382548K->315396K(744448K), 0.0014989 secs] [Times: user=0.01 sys=0.00, real=0.00 secs] 
1875.636: [GC (Allocation Failure) [PSYoungGen: 68576K->1440K(69120K)] 382468K->315332K(744448K), 0.0019990 secs] [Times: user=0.01 sys=0.00, real=0.00 secs] 
1876.194: [GC (Allocation Failure) [PSYoungGen: 68512K->1376K(69120K)] 382404K->315268K(744448K), 0.0038643 secs] [Times: user=0.02 sys=0.01, real=0.00 secs] 
1876.774: [GC (Allocation Failure) [PSYoungGen: 68448K->1408K(69120K)] 382340K->315300K(744448K), 0.0025871 secs] [Times: user=0.01 sys=0.00, real=0.00 secs] 
1877.395: [GC (Allocation Failure) [PSYoungGen: 68480K->1376K(69120K)] 382372K->315292K(744448K), 0.0024541 secs] [Times: user=0.01 sys=0.00, real=0.00 secs] 
1877.991: [GC (Allocation Failure) [PSYoungGen: 68448K->1504K(69120K)] 382364K->315420K(744448K), 0.0015974 secs] [Times: user=0.01 sys=0.00, real=0.00 secs] 
1878.383: [GC (Allocation Failure) [PSYoungGen: 68576K->1565K(69120K)] 382492K->315481K(744448K), 0.0017125 secs] [Times: user=0.00 sys=0.00, real=0.00 secs] 
1878.775: [GC (Allocation Failure) [PSYoungGen: 68637K->1565K(69120K)] 382553K->315481K(744448K), 0.0016657 secs] [Times: user=0.01 sys=0.00, real=0.00 secs] 
1879.168: [GC (Allocation Failure) [PSYoungGen: 68637K->1616K(69120K)] 382553K->315548K(744448K), 0.0016736 secs] [Times: user=0.01 sys=0.00, real=0.00 secs] 
1879.452: [GC (Allocation Failure) [PSYoungGen: 68688K->1408K(69120K)] 382620K->315340K(744448K), 0.0016369 secs] [Times: user=0.00 sys=0.00, real=0.00 secs] 
1879.730: [GC (Allocation Failure) [PSYoungGen: 68480K->1408K(69120K)] 382412K->315340K(744448K), 0.0016045 secs] [Times: user=0.01 sys=0.00, real=0.01 secs] 
1880.009: [GC (Allocation Failure) [PSYoungGen: 68480K->1376K(69120K)] 382412K->315308K(744448K), 0.0028659 secs] [Times: user=0.01 sys=0.00, real=0.01 secs] 
1880.288: [GC (Allocation Failure) [PSYoungGen: 68448K->1408K(69120K)] 382380K->315340K(744448K), 0.0023476 secs] [Times: user=0.01 sys=0.00, real=0.01 secs] 
1880.748: [GC (Allocation Failure) [PSYoungGen: 68480K->1520K(69120K)] 382412K->315452K(744448K), 0.0016509 secs] [Times: user=0.00 sys=0.00, real=0.00 secs] 
1881.140: [GC (Allocation Failure) [PSYoungGen: 68592K->1552K(69120K)] 382524K->315484K(744448K), 0.0015321 secs] [Times: user=0.01 sys=0.00, real=0.00 secs] 
1881.543: [GC (Allocation Failure) [PSYoungGen: 68624K->1632K(69120K)] 382556K->315564K(744448K), 0.0016581 secs] [Times: user=0.00 sys=0.00, real=0.00 secs] 
1881.929: [GC (Allocation Failure) [PSYoungGen: 68704K->2032K(69120K)] 382636K->315972K(744448K), 0.0018316 secs] [Times: user=0.01 sys=0.00, real=0.01 secs] 
1882.207: [GC (Allocation Failure) [PSYoungGen: 69104K->1408K(69120K)] 383044K->315348K(744448K), 0.0014888 secs] [Times: user=0.00 sys=0.00, real=0.00 secs] 
1882.485: [GC (Allocation Failure) [PSYoungGen: 68480K->1376K(69120K)] 382420K->315316K(744448K), 0.0014692 secs] [Times: user=0.00 sys=0.00, real=0.00 secs] 
1882.763: [GC (Allocation Failure) [PSYoungGen: 68448K->1376K(69120K)] 382388K->315316K(744448K), 0.0016100 secs] [Times: user=0.01 sys=0.00, real=0.00 secs] 
1883.052: [GC (Allocation Failure) [PSYoungGen: 68448K->1360K(69120K)] 382388K->315300K(744448K), 0.0019733 secs] [Times: user=0.00 sys=0.00, real=0.00 secs] 
1883.496: [GC (Allocation Failure) [PSYoungGen: 68432K->1552K(69120K)] 382372K->315516K(744448K), 0.0017857 secs] [Times: user=0.01 sys=0.00, real=0.00 secs] 
1883.953: [GC (Allocation Failure) [PSYoungGen: 68624K->1565K(69120K)] 382588K->315529K(744448K), 0.0017391 secs] [Times: user=0.01 sys=0.00, real=0.00 secs] 
1884.346: [GC (Allocation Failure) [PSYoungGen: 68637K->1552K(69120K)] 382601K->315516K(744448K), 0.0017775 secs] [Times: user=0.01 sys=0.00, real=0.00 secs] 
1884.732: [GC (Allocation Failure) [PSYoungGen: 68624K->1424K(69120K)] 382588K->315388K(744448K), 0.0019790 secs] [Times: user=0.01 sys=0.00, real=0.00 secs] 
1885.011: [GC (Allocation Failure) [PSYoungGen: 68496K->1376K(69120K)] 382460K->315340K(744448K), 0.0019556 secs] [Times: user=0.00 sys=0.01, real=0.00 secs] 
1885.290: [GC (Allocation Failure) [PSYoungGen: 68448K->1360K(69120K)] 382412K->315324K(744448K), 0.0018513 secs] [Times: user=0.01 sys=0.00, real=0.00 secs] 
1885.569: [GC (Allocation Failure) [PSYoungGen: 68432K->1376K(69120K)] 382396K->315340K(744448K), 0.0019976 secs] [Times: user=0.01 sys=0.01, real=0.01 secs] 
1886.038: [GC (Allocation Failure) [PSYoungGen: 68448K->1440K(69120K)] 382412K->315404K(744448K), 0.0017789 secs] [Times: user=0.01 sys=0.00, real=0.00 secs] 
1886.430: [GC (Allocation Failure) [PSYoungGen: 68504K->1597K(69120K)] 382468K->315561K(744448K), 0.0016800 secs] [Times: user=0.01 sys=0.00, real=0.00 secs] 
1886.823: [GC (Allocation Failure) [PSYoungGen: 68658K->1552K(69120K)] 382623K->315516K(744448K), 0.0015702 secs] [Times: user=0.01 sys=0.00, real=0.00 secs] 
1887.216: [GC (Allocation Failure) [PSYoungGen: 68624K->1597K(69120K)] 382588K->315577K(744448K), 0.0016187 secs] [Times: user=0.01 sys=0.00, real=0.00 secs] 
1887.609: [GC (Allocation Failure) [PSYoungGen: 68669K->1472K(69120K)] 382649K->315452K(744448K), 0.0016784 secs] [Times: user=0.01 sys=0.00, real=0.01 secs] 
1887.930: [GC (Allocation Failure) [PSYoungGen: 68544K->1408K(69120K)] 382524K->315388K(744448K), 0.0017530 secs] [Times: user=0.00 sys=0.00, real=0.01 secs] 
1888.358: [GC (Allocation Failure) [PSYoungGen: 68480K->1408K(69120K)] 382460K->315388K(744448K), 0.0016620 secs] [Times: user=0.00 sys=0.00, real=0.00 secs] 
1888.985: [GC (Allocation Failure) [PSYoungGen: 68480K->1344K(69120K)] 382460K->315324K(744448K), 0.0023453 secs] [Times: user=0.01 sys=0.00, real=0.00 secs] 
1889.634: [GC (Allocation Failure) [PSYoungGen: 68416K->1485K(69120K)] 382396K->315465K(744448K), 0.0015477 secs] [Times: user=0.01 sys=0.00, real=0.00 secs] 
1890.028: [GC (Allocation Failure) [PSYoungGen: 68557K->1584K(69120K)] 382537K->315564K(744448K), 0.0015279 secs] [Times: user=0.01 sys=0.00, real=0.00 secs] 
1890.422: [GC (Allocation Failure) [PSYoungGen: 68656K->1584K(69120K)] 382636K->315564K(744448K), 0.0016819 secs] [Times: user=0.01 sys=0.00, real=0.00 secs] 
1890.815: [GC (Allocation Failure) [PSYoungGen: 68656K->1536K(69120K)] 382636K->315524K(744448K), 0.0016950 secs] [Times: user=0.01 sys=0.00, real=0.00 secs] 
1891.369: [GC (Allocation Failure) [PSYoungGen: 68608K->1440K(69120K)] 382596K->315428K(744448K), 0.0021075 secs] [Times: user=0.00 sys=0.00, real=0.01 secs] 
1891.690: [GC (Allocation Failure) [PSYoungGen: 68512K->1376K(69120K)] 382500K->315364K(744448K), 0.0017241 secs] [Times: user=0.01 sys=0.00, real=0.01 secs] 
1892.010: [GC (Allocation Failure) [PSYoungGen: 68448K->1408K(69120K)] 382436K->315396K(744448K), 0.0021079 secs] [Times: user=0.00 sys=0.00, real=0.00 secs] 
1892.317: [GC (Allocation Failure) [PSYoungGen: 68480K->1360K(69120K)] 382468K->315348K(744448K), 0.0018822 secs] [Times: user=0.01 sys=0.00, real=0.00 secs] 
1892.733: [GC (Allocation Failure) [PSYoungGen: 68432K->1469K(69120K)] 382420K->315457K(744448K), 0.0016189 secs] [Times: user=0.00 sys=0.00, real=0.00 secs] 
1893.125: [GC (Allocation Failure) [PSYoungGen: 68541K->1584K(69120K)] 382529K->315572K(744448K), 0.0016595 secs] [Times: user=0.01 sys=0.00, real=0.00 secs] 
1893.520: [GC (Allocation Failure) [PSYoungGen: 68656K->1584K(69120K)] 382644K->315572K(744448K), 0.0016526 secs] [Times: user=0.01 sys=0.00, real=0.00 secs] 
1893.915: [GC (Allocation Failure) [PSYoungGen: 68656K->1552K(69120K)] 382644K->315556K(744448K), 0.0016651 secs] [Times: user=0.01 sys=0.00, real=0.00 secs] 
1894.821: [GC (Allocation Failure) [PSYoungGen: 68624K->1440K(69120K)] 382628K->315444K(744448K), 0.0020052 secs] [Times: user=0.01 sys=0.00, real=0.00 secs] 
1895.623: [GC (Allocation Failure) [PSYoungGen: 68512K->1376K(69120K)] 382516K->315396K(744448K), 0.0022273 secs] [Times: user=0.01 sys=0.00, real=0.00 secs] 
1896.226: [GC (Allocation Failure) [PSYoungGen: 68448K->1408K(69120K)] 382468K->315428K(744448K), 0.0019133 secs] [Times: user=0.01 sys=0.00, real=0.00 secs] 
1897.044: [GC (Allocation Failure) [PSYoungGen: 68480K->1408K(69120K)] 382500K->315428K(744448K), 0.0017736 secs] [Times: user=0.01 sys=0.00, real=0.00 secs] 
1897.595: [GC (Allocation Failure) [PSYoungGen: 68480K->1469K(69120K)] 382500K->315489K(744448K), 0.0016891 secs] [Times: user=0.00 sys=0.00, real=0.00 secs] 
1897.986: [GC (Allocation Failure) [PSYoungGen: 68537K->1565K(69120K)] 382558K->315585K(744448K), 0.0015642 secs] [Times: user=0.01 sys=0.00, real=0.00 secs] 
1898.379: [GC (Allocation Failure) [PSYoungGen: 68637K->1568K(69120K)] 382657K->315596K(744448K), 0.0015131 secs] [Times: user=0.01 sys=0.00, real=0.01 secs] 
1898.812: [GC (Allocation Failure) [PSYoungGen: 68640K->1840K(69120K)] 382668K->315868K(744448K), 0.0017137 secs] [Times: user=0.01 sys=0.01, real=0.00 secs] 
1899.305: [GC (Allocation Failure) [PSYoungGen: 68912K->1408K(69120K)] 382940K->315436K(744448K), 0.0018014 secs] [Times: user=0.01 sys=0.00, real=0.00 secs] 
1899.904: [GC (Allocation Failure) [PSYoungGen: 68480K->1392K(69120K)] 382508K->315420K(744448K), 0.0020236 secs] [Times: user=0.01 sys=0.00, real=0.00 secs] 
1900.479: [GC (Allocation Failure) [PSYoungGen: 68464K->1392K(69120K)] 382492K->315420K(744448K), 0.0020270 secs] [Times: user=0.01 sys=0.00, real=0.01 secs] 
1901.068: [GC (Allocation Failure) [PSYoungGen: 68464K->1440K(69120K)] 382492K->315468K(744448K), 0.0020689 secs] [Times: user=0.01 sys=0.00, real=0.00 secs] 
1901.529: [GC (Allocation Failure) [PSYoungGen: 68512K->1597K(69120K)] 382540K->315625K(744448K), 0.0016518 secs] [Times: user=0.01 sys=0.00, real=0.01 secs] 
1901.929: [GC (Allocation Failure) [PSYoungGen: 68669K->1597K(69120K)] 382697K->315625K(744448K), 0.0015803 secs] [Times: user=0.01 sys=0.00, real=0.01 secs] 
1902.323: [GC (Allocation Failure) [PSYoungGen: 68669K->1597K(69120K)] 382697K->315625K(744448K), 0.0016384 secs] [Times: user=0.01 sys=0.00, real=0.00 secs] 
1902.698: [GC (Allocation Failure) [PSYoungGen: 68669K->1504K(69120K)] 382697K->315556K(744448K), 0.0016949 secs] [Times: user=0.01 sys=0.00, real=0.00 secs] 
1903.031: [GC (Allocation Failure) [PSYoungGen: 68576K->1392K(69120K)] 382628K->315444K(744448K), 0.0018371 secs] [Times: user=0.00 sys=0.00, real=0.00 secs] 
1903.384: [GC (Allocation Failure) [PSYoungGen: 68464K->1376K(69120K)] 382516K->315428K(744448K), 0.0017970 secs] [Times: user=0.00 sys=0.00, real=0.00 secs] 
1903.976: [GC (Allocation Failure) [PSYoungGen: 68448K->1440K(69120K)] 382500K->315492K(744448K), 0.0019876 secs] [Times: user=0.00 sys=0.01, real=0.00 secs] 
1904.640: [GC (Allocation Failure) [PSYoungGen: 68512K->1501K(69120K)] 382564K->315553K(744448K), 0.0020817 secs] [Times: user=0.01 sys=0.00, real=0.01 secs] 
1905.059: [GC (Allocation Failure) [PSYoungGen: 68573K->1597K(69120K)] 382625K->315649K(744448K), 0.0015579 secs] [Times: user=0.01 sys=0.00, real=0.01 secs] 
1905.450: [GC (Allocation Failure) [PSYoungGen: 68669K->1632K(69120K)] 382721K->315724K(744448K), 0.0016313 secs] [Times: user=0.01 sys=0.00, real=0.00 secs] 
1905.842: [GC (Allocation Failure) [PSYoungGen: 68704K->1501K(69120K)] 382796K->315609K(744448K), 0.0016972 secs] [Times: user=0.01 sys=0.00, real=0.00 secs] 
1906.530: [GC (Allocation Failure) [PSYoungGen: 68573K->1504K(69120K)] 382681K->315620K(744448K), 0.0024813 secs] [Times: user=0.01 sys=0.00, real=0.00 secs] 
1907.410: [GC (Allocation Failure) [PSYoungGen: 68576K->1408K(69120K)] 382692K->315524K(744448K), 0.0037947 secs] [Times: user=0.01 sys=0.00, real=0.01 secs] 
1908.106: [GC (Allocation Failure) [PSYoungGen: 68480K->1376K(69120K)] 382596K->315492K(744448K), 0.0034374 secs] [Times: user=0.01 sys=0.00, real=0.00 secs] 
1908.758: [GC (Allocation Failure) [PSYoungGen: 68448K->1376K(69120K)] 382564K->315492K(744448K), 0.0031414 secs] [Times: user=0.02 sys=0.00, real=0.01 secs] 
1909.250: [GC (Allocation Failure) [PSYoungGen: 68448K->1533K(69120K)] 382564K->315649K(744448K), 0.0017491 secs] [Times: user=0.01 sys=0.00, real=0.01 secs] 
1909.645: [GC (Allocation Failure) [PSYoungGen: 68605K->1565K(69120K)] 382721K->315681K(744448K), 0.0015438 secs] [Times: user=0.01 sys=0.00, real=0.00 secs] 
1910.038: [GC (Allocation Failure) [PSYoungGen: 68637K->1597K(69120K)] 382753K->315713K(744448K), 0.0015236 secs] [Times: user=0.01 sys=0.00, real=0.00 secs] 
1910.431: [GC (Allocation Failure) [PSYoungGen: 68669K->1584K(69120K)] 382785K->315716K(744448K), 0.0015287 secs] [Times: user=0.01 sys=0.00, real=0.00 secs] 
1910.846: [GC (Allocation Failure) [PSYoungGen: 68656K->1456K(69120K)] 382788K->315596K(744448K), 0.0018869 secs] [Times: user=0.01 sys=0.00, real=0.00 secs] 
1911.125: [GC (Allocation Failure) [PSYoungGen: 68528K->1408K(69120K)] 382668K->315548K(744448K), 0.0016785 secs] [Times: user=0.00 sys=0.00, real=0.00 secs] 
1911.406: [GC (Allocation Failure) [PSYoungGen: 68480K->1408K(69120K)] 382620K->315548K(744448K), 0.0016684 secs] [Times: user=0.01 sys=0.00, real=0.00 secs] 
1911.848: [GC (Allocation Failure) [PSYoungGen: 68480K->1408K(69120K)] 382620K->315548K(744448K), 0.0018205 secs] [Times: user=0.01 sys=0.00, real=0.00 secs] 
1912.544: [GC (Allocation Failure) [PSYoungGen: 68480K->1501K(69120K)] 382620K->315641K(744448K), 0.0016411 secs] [Times: user=0.00 sys=0.00, real=0.00 secs] 
1912.938: [GC (Allocation Failure) [PSYoungGen: 68573K->1565K(69120K)] 382713K->315705K(744448K), 0.0015360 secs] [Times: user=0.01 sys=0.00, real=0.00 secs] 
1913.330: [GC (Allocation Failure) [PSYoungGen: 68637K->1597K(69120K)] 382777K->315737K(744448K), 0.0017369 secs] [Times: user=0.01 sys=0.00, real=0.01 secs] 
1913.729: [GC (Allocation Failure) [PSYoungGen: 68669K->1552K(69120K)] 382809K->315708K(744448K), 0.0015213 secs] [Times: user=0.01 sys=0.00, real=0.01 secs] 
1914.076: [GC (Allocation Failure) [PSYoungGen: 68624K->1440K(69120K)] 382780K->315596K(744448K), 0.0025199 secs] [Times: user=0.01 sys=0.00, real=0.00 secs] 
1914.352: [GC (Allocation Failure) [PSYoungGen: 68512K->1440K(69120K)] 382668K->315596K(744448K), 0.0018469 secs] [Times: user=0.01 sys=0.00, real=0.00 secs] 
1914.631: [GC (Allocation Failure) [PSYoungGen: 68512K->1392K(69120K)] 382668K->315572K(744448K), 0.0018122 secs] [Times: user=0.00 sys=0.01, real=0.00 secs] 
1914.918: [GC (Allocation Failure) [PSYoungGen: 68464K->1408K(69120K)] 382644K->315596K(744448K), 0.0016937 secs] [Times: user=0.00 sys=0.00, real=0.00 secs] 
1915.342: [GC (Allocation Failure) [PSYoungGen: 68480K->1488K(69120K)] 382668K->315676K(744448K), 0.0015827 secs] [Times: user=0.01 sys=0.00, real=0.00 secs] 
1915.738: [GC (Allocation Failure) [PSYoungGen: 68552K->1597K(69120K)] 382741K->315785K(744448K), 0.0016713 secs] [Times: user=0.01 sys=0.00, real=0.00 secs] 
1916.129: [GC (Allocation Failure) [PSYoungGen: 68669K->1584K(69120K)] 382857K->315772K(744448K), 0.0015329 secs] [Times: user=0.00 sys=0.00, real=0.01 secs] 
1916.522: [GC (Allocation Failure) [PSYoungGen: 68656K->1501K(69120K)] 382844K->315697K(744448K), 0.0016547 secs] [Times: user=0.00 sys=0.00, real=0.00 secs] 
1917.796: [GC (Allocation Failure) [PSYoungGen: 68573K->1440K(69120K)] 382769K->315636K(744448K), 0.0034365 secs] [Times: user=0.01 sys=0.00, real=0.00 secs] 
1919.115: [GC (Allocation Failure) [PSYoungGen: 68512K->1408K(69120K)] 382708K->315604K(744448K), 0.0033440 secs] [Times: user=0.02 sys=0.00, real=0.00 secs] 
1920.213: [GC (Allocation Failure) [PSYoungGen: 68480K->1376K(69120K)] 382676K->315572K(744448K), 0.0038396 secs] [Times: user=0.01 sys=0.00, real=0.00 secs] 
1921.039: [GC (Allocation Failure) [PSYoungGen: 68448K->1376K(69120K)] 382644K->315572K(744448K), 0.0033608 secs] [Times: user=0.01 sys=0.00, real=0.01 secs] 
1921.623: [GC (Allocation Failure) [PSYoungGen: 68448K->1501K(69120K)] 382644K->315697K(744448K), 0.0015843 secs] [Times: user=0.01 sys=0.00, real=0.00 secs] 
1922.014: [GC (Allocation Failure) [PSYoungGen: 68573K->1533K(69120K)] 382769K->315729K(744448K), 0.0015068 secs] [Times: user=0.01 sys=0.00, real=0.00 secs] 
1922.413: [GC (Allocation Failure) [PSYoungGen: 68605K->1549K(69120K)] 382801K->315745K(744448K), 0.0015894 secs] [Times: user=0.01 sys=0.00, real=0.00 secs] 
1922.937: [GC (Allocation Failure) [PSYoungGen: 68621K->1984K(69120K)] 382817K->316180K(744448K), 0.0017962 secs] [Times: user=0.00 sys=0.00, real=0.00 secs] 
1923.534: [GC (Allocation Failure) [PSYoungGen: 69056K->1408K(69120K)] 383252K->315604K(744448K), 0.0022931 secs] [Times: user=0.00 sys=0.00, real=0.00 secs] 
1924.148: [GC (Allocation Failure) [PSYoungGen: 68480K->1376K(69120K)] 382676K->315572K(744448K), 0.0024540 secs] [Times: user=0.01 sys=0.00, real=0.01 secs] 
1924.733: [GC (Allocation Failure) [PSYoungGen: 68448K->1344K(69120K)] 382644K->315540K(744448K), 0.0029763 secs] [Times: user=0.01 sys=0.00, real=0.00 secs] 
1925.107: [GC (Allocation Failure) [PSYoungGen: 68416K->1376K(69120K)] 382612K->315572K(744448K), 0.0020314 secs] [Times: user=0.01 sys=0.00, real=0.00 secs] 
1925.589: [GC (Allocation Failure) [PSYoungGen: 68448K->1597K(69120K)] 382644K->315793K(744448K), 0.0017431 secs] [Times: user=0.01 sys=0.00, real=0.01 secs] 
1925.983: [GC (Allocation Failure) [PSYoungGen: 68669K->1632K(69120K)] 382865K->315828K(744448K), 0.0016171 secs] [Times: user=0.00 sys=0.00, real=0.00 secs] 
1926.375: [GC (Allocation Failure) [PSYoungGen: 68704K->1584K(69120K)] 382900K->315780K(744448K), 0.0016918 secs] [Times: user=0.00 sys=0.00, real=0.00 secs] 
1926.778: [GC (Allocation Failure) [PSYoungGen: 68656K->1488K(69120K)] 382852K->315684K(744448K), 0.0018124 secs] [Times: user=0.01 sys=0.00, real=0.00 secs] 
1927.303: [GC (Allocation Failure) [PSYoungGen: 68560K->1408K(69120K)] 382756K->315628K(744448K), 0.0019087 secs] [Times: user=0.01 sys=0.00, real=0.00 secs] 
1927.858: [GC (Allocation Failure) [PSYoungGen: 68480K->1360K(69120K)] 382700K->315580K(744448K), 0.0019075 secs] [Times: user=0.01 sys=0.00, real=0.00 secs] 
1928.417: [GC (Allocation Failure) [PSYoungGen: 68432K->1408K(69120K)] 382652K->315636K(744448K), 0.0031515 secs] [Times: user=0.01 sys=0.00, real=0.00 secs] 
1929.090: [GC (Allocation Failure) [PSYoungGen: 68480K->1437K(69120K)] 382708K->315665K(744448K), 0.0023601 secs] [Times: user=0.01 sys=0.00, real=0.00 secs] 
1929.602: [GC (Allocation Failure) [PSYoungGen: 68509K->1584K(69120K)] 382737K->315812K(744448K), 0.0015759 secs] [Times: user=0.01 sys=0.00, real=0.00 secs] 
1930.057: [GC (Allocation Failure) [PSYoungGen: 68656K->1565K(69120K)] 382884K->315793K(744448K), 0.0016676 secs] [Times: user=0.00 sys=0.00, real=0.00 secs] 
1930.508: [GC (Allocation Failure) [PSYoungGen: 68637K->1597K(69120K)] 382865K->315841K(744448K), 0.0017740 secs] [Times: user=0.01 sys=0.00, real=0.01 secs] 
1931.055: [GC (Allocation Failure) [PSYoungGen: 68669K->1456K(69120K)] 382913K->315700K(744448K), 0.0036822 secs] [Times: user=0.01 sys=0.00, real=0.00 secs] 
1931.649: [GC (Allocation Failure) [PSYoungGen: 68528K->1408K(69120K)] 382772K->315652K(744448K), 0.0031738 secs] [Times: user=0.01 sys=0.00, real=0.01 secs] 
1931.994: [GC (Allocation Failure) [PSYoungGen: 68480K->1344K(69120K)] 382724K->315588K(744448K), 0.0019627 secs] [Times: user=0.01 sys=0.00, real=0.00 secs] 
1932.345: [GC (Allocation Failure) [PSYoungGen: 68416K->1360K(69120K)] 382660K->315604K(744448K), 0.0019583 secs] [Times: user=0.01 sys=0.00, real=0.00 secs] 
1932.697: [GC (Allocation Failure) [PSYoungGen: 68432K->1469K(69120K)] 382676K->315713K(744448K), 0.0015404 secs] [Times: user=0.01 sys=0.00, real=0.00 secs] 
1933.093: [GC (Allocation Failure) [PSYoungGen: 68541K->1616K(69120K)] 382785K->315860K(744448K), 0.0015938 secs] [Times: user=0.00 sys=0.01, real=0.00 secs] 
1933.486: [GC (Allocation Failure) [PSYoungGen: 68688K->1565K(69120K)] 382932K->315809K(744448K), 0.0015457 secs] [Times: user=0.01 sys=0.00, real=0.00 secs] 
1933.877: [GC (Allocation Failure) [PSYoungGen: 68637K->1568K(69120K)] 382881K->315828K(744448K), 0.0016443 secs] [Times: user=0.01 sys=0.00, real=0.00 secs] 
1934.648: [GC (Allocation Failure) [PSYoungGen: 68640K->1472K(69120K)] 382900K->315732K(744448K), 0.0017501 secs] [Times: user=0.00 sys=0.00, real=0.00 secs] 
1935.189: [GC (Allocation Failure) [PSYoungGen: 68544K->1360K(69120K)] 382804K->315628K(744448K), 0.0019932 secs] [Times: user=0.00 sys=0.00, real=0.01 secs] 
1935.468: [GC (Allocation Failure) [PSYoungGen: 68432K->1392K(69120K)] 382700K->315676K(744448K), 0.0018446 secs] [Times: user=0.01 sys=0.00, real=0.00 secs] 
1935.747: [GC (Allocation Failure) [PSYoungGen: 68464K->1408K(69120K)] 382748K->315692K(744448K), 0.0019323 secs] [Times: user=0.00 sys=0.00, real=0.00 secs] 
1936.099: [GC (Allocation Failure) [PSYoungGen: 68480K->1533K(69120K)] 382764K->315817K(744448K), 0.0016685 secs] [Times: user=0.01 sys=0.00, real=0.01 secs] 
1936.490: [GC (Allocation Failure) [PSYoungGen: 68605K->1597K(69120K)] 382889K->315881K(744448K), 0.0015330 secs] [Times: user=0.00 sys=0.00, real=0.01 secs] 
1936.881: [GC (Allocation Failure) [PSYoungGen: 68669K->1584K(69120K)] 382953K->315876K(744448K), 0.0015323 secs] [Times: user=0.01 sys=0.00, real=0.00 secs] 
1937.274: [GC (Allocation Failure) [PSYoungGen: 68656K->1616K(69120K)] 382948K->315924K(744448K), 0.0015448 secs] [Times: user=0.01 sys=0.00, real=0.00 secs] 
1937.682: [GC (Allocation Failure) [PSYoungGen: 68688K->1440K(69120K)] 382996K->315748K(744448K), 0.0017074 secs] [Times: user=0.01 sys=0.00, real=0.00 secs] 
1938.223: [GC (Allocation Failure) [PSYoungGen: 68512K->1408K(69120K)] 382820K->315716K(744448K), 0.0016937 secs] [Times: user=0.00 sys=0.00, real=0.00 secs] 
1938.758: [GC (Allocation Failure) [PSYoungGen: 68480K->1376K(69120K)] 382788K->315684K(744448K), 0.0018771 secs] [Times: user=0.01 sys=0.00, real=0.00 secs] 
1939.321: [GC (Allocation Failure) [PSYoungGen: 68448K->1408K(69120K)] 382756K->315716K(744448K), 0.0020380 secs] [Times: user=0.01 sys=0.00, real=0.00 secs] 
1939.843: [GC (Allocation Failure) [PSYoungGen: 68480K->1456K(69120K)] 382788K->315764K(744448K), 0.0016060 secs] [Times: user=0.01 sys=0.00, real=0.00 secs] 
1940.234: [GC (Allocation Failure) [PSYoungGen: 68528K->1597K(69120K)] 382836K->315905K(744448K), 0.0016485 secs] [Times: user=0.01 sys=0.00, real=0.00 secs] 
1940.626: [GC (Allocation Failure) [PSYoungGen: 68669K->1552K(69120K)] 382977K->315860K(744448K), 0.0015342 secs] [Times: user=0.00 sys=0.00, real=0.00 secs] 
1941.012: [GC (Allocation Failure) [PSYoungGen: 68624K->1488K(69120K)] 382932K->315804K(744448K), 0.0015933 secs] [Times: user=0.00 sys=0.00, real=0.00 secs] 
1941.960: [GC (Allocation Failure) [PSYoungGen: 68560K->1360K(69120K)] 382876K->315676K(744448K), 0.0029950 secs] [Times: user=0.01 sys=0.00, real=0.01 secs] 
1942.994: [GC (Allocation Failure) [PSYoungGen: 68432K->1376K(69120K)] 382748K->315692K(744448K), 0.0043306 secs] [Times: user=0.02 sys=0.00, real=0.00 secs] 
1943.983: [GC (Allocation Failure) [PSYoungGen: 68448K->1408K(69120K)] 382764K->315724K(744448K), 0.0036567 secs] [Times: user=0.01 sys=0.00, real=0.00 secs] 
1944.584: [GC (Allocation Failure) [PSYoungGen: 68480K->1376K(69120K)] 382796K->315692K(744448K), 0.0024603 secs] [Times: user=0.01 sys=0.00, real=0.00 secs] 
1945.067: [GC (Allocation Failure) [PSYoungGen: 68448K->1504K(69120K)] 382764K->315820K(744448K), 0.0014787 secs] [Times: user=0.01 sys=0.01, real=0.00 secs] 
1945.459: [GC (Allocation Failure) [PSYoungGen: 68576K->1597K(69120K)] 382892K->315913K(744448K), 0.0016552 secs] [Times: user=0.01 sys=0.00, real=0.01 secs] 
1945.850: [GC (Allocation Failure) [PSYoungGen: 68669K->1565K(69120K)] 382985K->315881K(744448K), 0.0015219 secs] [Times: user=0.01 sys=0.00, real=0.01 secs] 
1946.304: [GC (Allocation Failure) [PSYoungGen: 68637K->1552K(69120K)] 382953K->315868K(744448K), 0.0019769 secs] [Times: user=0.01 sys=0.00, real=0.00 secs] 
1946.900: [GC (Allocation Failure) [PSYoungGen: 68624K->1376K(69120K)] 382940K->315708K(744448K), 0.0019855 secs] [Times: user=0.01 sys=0.00, real=0.01 secs] 
1947.517: [GC (Allocation Failure) [PSYoungGen: 68448K->1408K(69120K)] 382780K->315740K(744448K), 0.0021663 secs] [Times: user=0.01 sys=0.00, real=0.00 secs] 
1948.135: [GC (Allocation Failure) [PSYoungGen: 68480K->1408K(69120K)] 382812K->315740K(744448K), 0.0022775 secs] [Times: user=0.01 sys=0.00, real=0.00 secs] 
1948.661: [GC (Allocation Failure) [PSYoungGen: 68397K->288K(69120K)] 382729K->314620K(744448K), 0.0022276 secs] [Times: user=0.01 sys=0.00, real=0.00 secs] 
1949.084: [GC (Allocation Failure) [PSYoungGen: 67360K->1533K(69120K)] 381692K->315865K(744448K), 0.0015344 secs] [Times: user=0.01 sys=0.00, real=0.00 secs] 
1949.476: [GC (Allocation Failure) [PSYoungGen: 68605K->1552K(69120K)] 382937K->315884K(744448K), 0.0015301 secs] [Times: user=0.00 sys=0.00, real=0.00 secs] 
1949.869: [GC (Allocation Failure) [PSYoungGen: 68624K->1600K(69120K)] 382956K->315948K(744448K), 0.0016718 secs] [Times: user=0.01 sys=0.00, real=0.01 secs] 
1950.317: [GC (Allocation Failure) [PSYoungGen: 68672K->1472K(69120K)] 383020K->315820K(744448K), 0.0019236 secs] [Times: user=0.00 sys=0.00, real=0.00 secs] 
1950.887: [GC (Allocation Failure) [PSYoungGen: 68544K->1376K(69120K)] 382892K->315724K(744448K), 0.0019640 secs] [Times: user=0.01 sys=0.00, real=0.00 secs] 
1951.465: [GC (Allocation Failure) [PSYoungGen: 68448K->1344K(69120K)] 382796K->315692K(744448K), 0.0019311 secs] [Times: user=0.01 sys=0.00, real=0.00 secs] 
1952.210: [GC (Allocation Failure) [PSYoungGen: 68416K->1376K(69120K)] 382764K->315724K(744448K), 0.0017993 secs] [Times: user=0.01 sys=0.00, real=0.01 secs] 
1952.541: [GC (Allocation Failure) [PSYoungGen: 68448K->1421K(69120K)] 382796K->315769K(744448K), 0.0015393 secs] [Times: user=0.01 sys=0.00, real=0.00 secs] 
1952.934: [GC (Allocation Failure) [PSYoungGen: 68493K->1616K(69120K)] 382841K->315964K(744448K), 0.0015273 secs] [Times: user=0.01 sys=0.00, real=0.00 secs] 
1953.333: [GC (Allocation Failure) [PSYoungGen: 68688K->1568K(69120K)] 383036K->315916K(744448K), 0.0015650 secs] [Times: user=0.01 sys=0.00, real=0.00 secs] 
1953.730: [GC (Allocation Failure) [PSYoungGen: 68640K->1616K(69120K)] 382988K->315980K(744448K), 0.0015389 secs] [Times: user=0.00 sys=0.00, real=0.01 secs] 
1954.328: [GC (Allocation Failure) [PSYoungGen: 68688K->1424K(69120K)] 383052K->315788K(744448K), 0.0021494 secs] [Times: user=0.01 sys=0.00, real=0.01 secs] 
1954.915: [GC (Allocation Failure) [PSYoungGen: 68496K->1376K(69120K)] 382860K->315740K(744448K), 0.0027136 secs] [Times: user=0.01 sys=0.00, real=0.00 secs] 
1955.445: [GC (Allocation Failure) [PSYoungGen: 68448K->1408K(69120K)] 382812K->315772K(744448K), 0.0021216 secs] [Times: user=0.01 sys=0.00, real=0.00 secs] 
1956.099: [GC (Allocation Failure) [PSYoungGen: 68480K->1376K(69120K)] 382844K->315756K(744448K), 0.0022847 secs] [Times: user=0.01 sys=0.00, real=0.01 secs] 
1956.634: [GC (Allocation Failure) [PSYoungGen: 68448K->1501K(69120K)] 382828K->315881K(744448K), 0.0015546 secs] [Times: user=0.01 sys=0.00, real=0.00 secs] 
1957.026: [GC (Allocation Failure) [PSYoungGen: 68573K->1533K(69120K)] 382953K->315913K(744448K), 0.0015457 secs] [Times: user=0.01 sys=0.00, real=0.00 secs] 
1957.417: [GC (Allocation Failure) [PSYoungGen: 68605K->1552K(69120K)] 382985K->315932K(744448K), 0.0016192 secs] [Times: user=0.01 sys=0.00, real=0.00 secs] 
1957.810: [GC (Allocation Failure) [PSYoungGen: 68624K->1552K(69120K)] 383004K->315948K(744448K), 0.0015551 secs] [Times: user=0.00 sys=0.00, real=0.01 secs] 
1958.458: [GC (Allocation Failure) [PSYoungGen: 68624K->1472K(69120K)] 383020K->315868K(744448K), 0.0022300 secs] [Times: user=0.01 sys=0.00, real=0.00 secs] 
1959.437: [GC (Allocation Failure) [PSYoungGen: 68544K->1392K(69120K)] 382940K->315788K(744448K), 0.0036841 secs] [Times: user=0.02 sys=0.00, real=0.01 secs] 
1960.144: [GC (Allocation Failure) [PSYoungGen: 68464K->1408K(69120K)] 382860K->315804K(744448K), 0.0024661 secs] [Times: user=0.01 sys=0.00, real=0.00 secs] 
1961.037: [GC (Allocation Failure) [PSYoungGen: 68480K->1424K(69120K)] 382876K->315820K(744448K), 0.0030472 secs] [Times: user=0.01 sys=0.00, real=0.00 secs] 
1961.847: [GC (Allocation Failure) [PSYoungGen: 68496K->1501K(69120K)] 382892K->315897K(744448K), 0.0015477 secs] [Times: user=0.01 sys=0.00, real=0.00 secs] 
1962.238: [GC (Allocation Failure) [PSYoungGen: 68573K->1584K(69120K)] 382969K->315980K(744448K), 0.0017524 secs] [Times: user=0.01 sys=0.00, real=0.00 secs] 
1962.694: [GC (Allocation Failure) [PSYoungGen: 68656K->1565K(69120K)] 383052K->315961K(744448K), 0.0017184 secs] [Times: user=0.01 sys=0.00, real=0.00 secs] 
1963.095: [GC (Allocation Failure) [PSYoungGen: 68637K->1520K(69120K)] 383033K->315932K(744448K), 0.0017298 secs] [Times: user=0.00 sys=0.00, real=0.00 secs] 
1963.411: [GC (Allocation Failure) [PSYoungGen: 68592K->1440K(69120K)] 383004K->315852K(744448K), 0.0026682 secs] [Times: user=0.01 sys=0.00, real=0.00 secs] 
1963.686: [GC (Allocation Failure) [PSYoungGen: 68512K->1344K(69120K)] 382924K->315756K(744448K), 0.0019784 secs] [Times: user=0.01 sys=0.00, real=0.00 secs] 
1964.106: [GC (Allocation Failure) [PSYoungGen: 68416K->1408K(69120K)] 382828K->315820K(744448K), 0.0017877 secs] [Times: user=0.00 sys=0.00, real=0.00 secs] 
1964.646: [GC (Allocation Failure) [PSYoungGen: 68480K->1376K(69120K)] 382892K->315796K(744448K), 0.0025344 secs] [Times: user=0.01 sys=0.00, real=0.00 secs] 
1965.232: [GC (Allocation Failure) [PSYoungGen: 68448K->1488K(69120K)] 382868K->315908K(744448K), 0.0016304 secs] [Times: user=0.01 sys=0.00, real=0.00 secs] 
1965.623: [GC (Allocation Failure) [PSYoungGen: 68557K->1568K(69120K)] 382978K->315988K(744448K), 0.0015376 secs] [Times: user=0.01 sys=0.00, real=0.00 secs] 
1966.014: [GC (Allocation Failure) [PSYoungGen: 68640K->1552K(69120K)] 383060K->315972K(744448K), 0.0016889 secs] [Times: user=0.00 sys=0.00, real=0.00 secs] 
1966.395: [GC (Allocation Failure) [PSYoungGen: 68624K->1776K(69120K)] 383044K->316212K(744448K), 0.0015998 secs] [Times: user=0.00 sys=0.00, real=0.00 secs] 
1966.690: [GC (Allocation Failure) [PSYoungGen: 68848K->1376K(69120K)] 383284K->315812K(744448K), 0.0022064 secs] [Times: user=0.00 sys=0.00, real=0.01 secs] 
1967.023: [GC (Allocation Failure) [PSYoungGen: 68448K->1408K(69120K)] 382884K->315844K(744448K), 0.0019709 secs] [Times: user=0.01 sys=0.00, real=0.00 secs] 
1967.348: [GC (Allocation Failure) [PSYoungGen: 68480K->1392K(69120K)] 382916K->315828K(744448K), 0.0018777 secs] [Times: user=0.00 sys=0.00, real=0.01 secs] 
1967.629: [GC (Allocation Failure) [PSYoungGen: 68464K->1376K(69120K)] 382900K->315812K(744448K), 0.0018040 secs] [Times: user=0.01 sys=0.00, real=0.01 secs] 
1968.034: [GC (Allocation Failure) [PSYoungGen: 68448K->1568K(69120K)] 382884K->316004K(744448K), 0.0015457 secs] [Times: user=0.00 sys=0.00, real=0.00 secs] 
1968.426: [GC (Allocation Failure) [PSYoungGen: 68640K->1565K(69120K)] 383076K->316001K(744448K), 0.0015743 secs] [Times: user=0.01 sys=0.00, real=0.00 secs] 
1968.818: [GC (Allocation Failure) [PSYoungGen: 68637K->1565K(69120K)] 383073K->316001K(744448K), 0.0016877 secs] [Times: user=0.01 sys=0.00, real=0.00 secs] 
1969.922: [GC (Allocation Failure) [PSYoungGen: 68637K->1488K(69120K)] 383073K->315924K(744448K), 0.0056346 secs] [Times: user=0.02 sys=0.00, real=0.00 secs] 
1970.570: [GC (Allocation Failure) [PSYoungGen: 68560K->1408K(69120K)] 382996K->315844K(744448K), 0.0026931 secs] [Times: user=0.01 sys=0.00, real=0.01 secs] 
1971.192: [GC (Allocation Failure) [PSYoungGen: 68480K->1376K(69120K)] 382916K->315812K(744448K), 0.0024581 secs] [Times: user=0.01 sys=0.00, real=0.00 secs] 
1971.960: [GC (Allocation Failure) [PSYoungGen: 68448K->1408K(69120K)] 382884K->315844K(744448K), 0.0033258 secs] [Times: user=0.01 sys=0.01, real=0.01 secs] 
1972.582: [GC (Allocation Failure) [PSYoungGen: 68458K->1469K(69120K)] 382894K->315905K(744448K), 0.0023512 secs] [Times: user=0.01 sys=0.00, real=0.00 secs] 
1973.099: [GC (Allocation Failure) [PSYoungGen: 68541K->1565K(69120K)] 382977K->316001K(744448K), 0.0017823 secs] [Times: user=0.00 sys=0.00, real=0.01 secs] 
1973.491: [GC (Allocation Failure) [PSYoungGen: 68637K->1565K(69120K)] 383073K->316001K(744448K), 0.0017443 secs] [Times: user=0.01 sys=0.00, real=0.00 secs] 
1973.952: [GC (Allocation Failure) [PSYoungGen: 68637K->1565K(69120K)] 383073K->316025K(744448K), 0.0016941 secs] [Times: user=0.01 sys=0.00, real=0.00 secs] 
1974.553: [GC (Allocation Failure) [PSYoungGen: 68637K->1424K(69120K)] 383097K->315884K(744448K), 0.0039754 secs] [Times: user=0.01 sys=0.00, real=0.00 secs] 
1975.140: [GC (Allocation Failure) [PSYoungGen: 68496K->1408K(69120K)] 382956K->315868K(744448K), 0.0024881 secs] [Times: user=0.01 sys=0.00, real=0.01 secs] 
1975.696: [GC (Allocation Failure) [PSYoungGen: 68480K->1408K(69120K)] 382940K->315868K(744448K), 0.0020749 secs] [Times: user=0.01 sys=0.00, real=0.00 secs] 
1976.260: [GC (Allocation Failure) [PSYoungGen: 68480K->1408K(69120K)] 382940K->315868K(744448K), 0.0020380 secs] [Times: user=0.01 sys=0.00, real=0.01 secs] 
1977.001: [GC (Allocation Failure) [PSYoungGen: 68480K->1469K(69120K)] 382940K->315929K(744448K), 0.0021135 secs] [Times: user=0.01 sys=0.00, real=0.00 secs] 
1977.503: [GC (Allocation Failure) [PSYoungGen: 68541K->1552K(69120K)] 383001K->316028K(744448K), 0.0017680 secs] [Times: user=0.01 sys=0.00, real=0.00 secs] 
1977.897: [GC (Allocation Failure) [PSYoungGen: 68624K->1536K(69120K)] 383100K->316012K(744448K), 0.0015971 secs] [Times: user=0.00 sys=0.00, real=0.00 secs] 
1978.292: [GC (Allocation Failure) [PSYoungGen: 68608K->1552K(69120K)] 383084K->316044K(744448K), 0.0017835 secs] [Times: user=0.00 sys=0.00, real=0.00 secs] 
1978.669: [GC (Allocation Failure) [PSYoungGen: 68624K->1456K(69120K)] 383116K->315948K(744448K), 0.0023911 secs] [Times: user=0.01 sys=0.00, real=0.01 secs] 
1978.950: [GC (Allocation Failure) [PSYoungGen: 68528K->1376K(69120K)] 383020K->315868K(744448K), 0.0019381 secs] [Times: user=0.01 sys=0.00, real=0.00 secs] 
1979.244: [GC (Allocation Failure) [PSYoungGen: 68448K->1408K(69120K)] 382940K->315900K(744448K), 0.0018851 secs] [Times: user=0.01 sys=0.00, real=0.00 secs] 
1979.523: [GC (Allocation Failure) [PSYoungGen: 68480K->1360K(69120K)] 382972K->315852K(744448K), 0.0018766 secs] [Times: user=0.01 sys=0.00, real=0.00 secs] 
1979.886: [GC (Allocation Failure) [PSYoungGen: 68432K->1485K(69120K)] 382924K->315977K(744448K), 0.0015765 secs] [Times: user=0.01 sys=0.00, real=0.00 secs] 
1980.280: [GC (Allocation Failure) [PSYoungGen: 68557K->1565K(69120K)] 383049K->316057K(744448K), 0.0016500 secs] [Times: user=0.01 sys=0.00, real=0.01 secs] 
1980.671: [GC (Allocation Failure) [PSYoungGen: 68637K->1552K(69120K)] 383129K->316044K(744448K), 0.0015299 secs] [Times: user=0.00 sys=0.00, real=0.00 secs] 
1981.063: [GC (Allocation Failure) [PSYoungGen: 68624K->1565K(69120K)] 383116K->316073K(744448K), 0.0015459 secs] [Times: user=0.01 sys=0.00, real=0.00 secs] 
1981.409: [GC (Allocation Failure) [PSYoungGen: 68637K->1440K(69120K)] 383145K->315948K(744448K), 0.0017302 secs] [Times: user=0.01 sys=0.00, real=0.01 secs] 
1981.740: [GC (Allocation Failure) [PSYoungGen: 68512K->1408K(69120K)] 383020K->315916K(744448K), 0.0019700 secs] [Times: user=0.01 sys=0.00, real=0.01 secs] 
1982.019: [GC (Allocation Failure) [PSYoungGen: 68480K->1408K(69120K)] 382988K->315916K(744448K), 0.0021338 secs] [Times: user=0.01 sys=0.00, real=0.01 secs] 
1982.304: [GC (Allocation Failure) [PSYoungGen: 68480K->1408K(69120K)] 382988K->315916K(744448K), 0.0024607 secs] [Times: user=0.01 sys=0.00, real=0.00 secs] 
1982.695: [GC (Allocation Failure) [PSYoungGen: 68480K->1552K(69120K)] 382988K->316060K(744448K), 0.0015924 secs] [Times: user=0.01 sys=0.00, real=0.00 secs] 
1983.148: [GC (Allocation Failure) [PSYoungGen: 68611K->1600K(69120K)] 383120K->316108K(744448K), 0.0017826 secs] [Times: user=0.01 sys=0.00, real=0.00 secs] 
1983.601: [GC (Allocation Failure) [PSYoungGen: 68672K->1597K(69120K)] 383180K->316129K(744448K), 0.0017021 secs] [Times: user=0.01 sys=0.00, real=0.00 secs] 
1983.994: [GC (Allocation Failure) [PSYoungGen: 68669K->320K(69120K)] 383201K->314852K(744448K), 0.0014906 secs] [Times: user=0.00 sys=0.00, real=0.00 secs] 
1985.504: [GC (Allocation Failure) [PSYoungGen: 67392K->1408K(69120K)] 381924K->315940K(744448K), 0.0033262 secs] [Times: user=0.01 sys=0.00, real=0.00 secs] 
1986.399: [GC (Allocation Failure) [PSYoungGen: 68480K->1408K(69120K)] 383012K->315940K(744448K), 0.0029974 secs] [Times: user=0.02 sys=0.00, real=0.01 secs] 
1987.215: [GC (Allocation Failure) [PSYoungGen: 68480K->1376K(69120K)] 383012K->315908K(744448K), 0.0026119 secs] [Times: user=0.01 sys=0.00, real=0.00 secs] 
1988.006: [GC (Allocation Failure) [PSYoungGen: 68448K->1408K(69120K)] 382980K->315940K(744448K), 0.0038048 secs] [Times: user=0.01 sys=0.00, real=0.00 secs] 
1988.664: [GC (Allocation Failure) [PSYoungGen: 68480K->1533K(69120K)] 383012K->316065K(744448K), 0.0016678 secs] [Times: user=0.00 sys=0.00, real=0.00 secs] 
1989.059: [GC (Allocation Failure) [PSYoungGen: 68605K->1565K(69120K)] 383137K->316097K(744448K), 0.0017692 secs] [Times: user=0.01 sys=0.00, real=0.01 secs] 
1989.451: [GC (Allocation Failure) [PSYoungGen: 68637K->1616K(69120K)] 383169K->316148K(744448K), 0.0017473 secs] [Times: user=0.00 sys=0.00, real=0.00 secs] 
1989.989: [GC (Allocation Failure) [PSYoungGen: 68688K->1536K(69120K)] 383220K->316068K(744448K), 0.0020965 secs] [Times: user=0.01 sys=0.00, real=0.01 secs] 
1990.613: [GC (Allocation Failure) [PSYoungGen: 68608K->1392K(69120K)] 383140K->315924K(744448K), 0.0026365 secs] [Times: user=0.01 sys=0.00, real=0.00 secs] 
1991.184: [GC (Allocation Failure) [PSYoungGen: 68464K->1408K(69120K)] 382996K->315940K(744448K), 0.0026199 secs] [Times: user=0.01 sys=0.00, real=0.00 secs] 
1991.681: [GC (Allocation Failure) [PSYoungGen: 68480K->1376K(69120K)] 383012K->315908K(744448K), 0.0024990 secs] [Times: user=0.01 sys=0.00, real=0.00 secs] 
1992.146: [GC (Allocation Failure) [PSYoungGen: 68448K->1408K(69120K)] 382980K->315940K(744448K), 0.0025008 secs] [Times: user=0.01 sys=0.00, real=0.00 secs] 
1992.624: [GC (Allocation Failure) [PSYoungGen: 68480K->1597K(69120K)] 383012K->316129K(744448K), 0.0016445 secs] [Times: user=0.01 sys=0.00, real=0.00 secs] 
1993.017: [GC (Allocation Failure) [PSYoungGen: 68669K->1568K(69120K)] 383201K->316100K(744448K), 0.0016639 secs] [Times: user=0.00 sys=0.00, real=0.00 secs] 
1993.413: [GC (Allocation Failure) [PSYoungGen: 68640K->1632K(69120K)] 383172K->316172K(744448K), 0.0016893 secs] [Times: user=0.01 sys=0.00, real=0.00 secs] 
1994.856: [GC (Allocation Failure) [PSYoungGen: 68704K->1440K(69120K)] 383244K->315980K(744448K), 0.0038252 secs] [Times: user=0.02 sys=0.00, real=0.00 secs] 
1995.685: [GC (Allocation Failure) [PSYoungGen: 68512K->1360K(69120K)] 383052K->315900K(744448K), 0.0022933 secs] [Times: user=0.01 sys=0.01, real=0.00 secs] 
1995.999: [GC (Allocation Failure) [PSYoungGen: 68432K->1376K(69120K)] 382972K->315916K(744448K), 0.0019486 secs] [Times: user=0.01 sys=0.00, real=0.01 secs] 
1996.294: [GC (Allocation Failure) [PSYoungGen: 68448K->1408K(69120K)] 382988K->315948K(744448K), 0.0018856 secs] [Times: user=0.01 sys=0.00, real=0.00 secs] 
1996.629: [GC (Allocation Failure) [PSYoungGen: 68480K->1408K(69120K)] 383020K->315964K(744448K), 0.0014558 secs] [Times: user=0.01 sys=0.00, real=0.01 secs] 
1997.020: [GC (Allocation Failure) [PSYoungGen: 68480K->1533K(69120K)] 383036K->316089K(744448K), 0.0015265 secs] [Times: user=0.01 sys=0.00, real=0.00 secs] 
1997.413: [GC (Allocation Failure) [PSYoungGen: 68605K->1520K(69120K)] 383161K->316076K(744448K), 0.0016839 secs] [Times: user=0.01 sys=0.00, real=0.00 secs] 
1997.805: [GC (Allocation Failure) [PSYoungGen: 68592K->1584K(69120K)] 383148K->316156K(744448K), 0.0016192 secs] [Times: user=0.01 sys=0.00, real=0.00 secs] 
1998.309: [GC (Allocation Failure) [PSYoungGen: 68656K->1424K(69120K)] 383228K->315996K(744448K), 0.0019868 secs] [Times: user=0.01 sys=0.00, real=0.01 secs] 
1998.878: [GC (Allocation Failure) [PSYoungGen: 68496K->1392K(69120K)] 383068K->315964K(744448K), 0.0019492 secs] [Times: user=0.01 sys=0.00, real=0.01 secs] 
1999.170: [GC (Allocation Failure) [PSYoungGen: 68464K->1440K(69120K)] 383036K->316012K(744448K), 0.0019089 secs] [Times: user=0.01 sys=0.00, real=0.00 secs] 
1999.450: [GC (Allocation Failure) [PSYoungGen: 68512K->1376K(69120K)] 383084K->315948K(744448K), 0.0018285 secs] [Times: user=0.00 sys=0.00, real=0.01 secs] 
1999.819: [GC (Allocation Failure) [PSYoungGen: 68448K->1533K(69120K)] 383020K->316105K(744448K), 0.0016425 secs] [Times: user=0.01 sys=0.00, real=0.01 secs] 
2000.211: [GC (Allocation Failure) [PSYoungGen: 68605K->1632K(69120K)] 383177K->316204K(744448K), 0.0016977 secs] [Times: user=0.00 sys=0.00, real=0.00 secs] 
2000.602: [GC (Allocation Failure) [PSYoungGen: 68704K->1517K(69120K)] 383276K->316089K(744448K), 0.0015492 secs] [Times: user=0.00 sys=0.00, real=0.00 secs] 
2001.053: [GC (Allocation Failure) [PSYoungGen: 68589K->1568K(69120K)] 383161K->316156K(744448K), 0.0016271 secs] [Times: user=0.00 sys=0.00, real=0.00 secs] 
2001.740: [GC (Allocation Failure) [PSYoungGen: 68640K->1440K(69120K)] 383228K->316028K(744448K), 0.0021878 secs] [Times: user=0.01 sys=0.00, real=0.01 secs] 
2002.592: [GC (Allocation Failure) [PSYoungGen: 68512K->1408K(69120K)] 383100K->315996K(744448K), 0.0036660 secs] [Times: user=0.01 sys=0.00, real=0.00 secs] 
2003.240: [GC (Allocation Failure) [PSYoungGen: 68480K->1440K(69120K)] 383068K->316028K(744448K), 0.0026579 secs] [Times: user=0.01 sys=0.00, real=0.01 secs] 
2003.718: [GC (Allocation Failure) [PSYoungGen: 68512K->1408K(69120K)] 383100K->315996K(744448K), 0.0019406 secs] [Times: user=0.01 sys=0.00, real=0.00 secs] 
2004.254: [GC (Allocation Failure) [PSYoungGen: 68480K->1501K(69120K)] 383068K->316089K(744448K), 0.0015837 secs] [Times: user=0.01 sys=0.00, real=0.00 secs] 
2004.652: [GC (Allocation Failure) [PSYoungGen: 68573K->1584K(69120K)] 383161K->316172K(744448K), 0.0015783 secs] [Times: user=0.01 sys=0.00, real=0.00 secs] 
2005.049: [GC (Allocation Failure) [PSYoungGen: 68656K->1629K(69120K)] 383244K->316217K(744448K), 0.0015810 secs] [Times: user=0.00 sys=0.00, real=0.01 secs] 
2005.441: [GC (Allocation Failure) [PSYoungGen: 68701K->1520K(69120K)] 383289K->316132K(744448K), 0.0016701 secs] [Times: user=0.01 sys=0.00, real=0.00 secs] 
2006.376: [GC (Allocation Failure) [PSYoungGen: 68592K->1440K(69120K)] 383204K->316052K(744448K), 0.0033519 secs] [Times: user=0.01 sys=0.00, real=0.00 secs] 
2007.063: [GC (Allocation Failure) [PSYoungGen: 68512K->1376K(69120K)] 383124K->315988K(744448K), 0.0024389 secs] [Times: user=0.01 sys=0.00, real=0.00 secs] 
2007.828: [GC (Allocation Failure) [PSYoungGen: 68448K->1408K(69120K)] 383060K->316020K(744448K), 0.0038027 secs] [Times: user=0.01 sys=0.00, real=0.01 secs] 
2008.466: [GC (Allocation Failure) [PSYoungGen: 68480K->1408K(69120K)] 383092K->316020K(744448K), 0.0030095 secs] [Times: user=0.01 sys=0.00, real=0.00 secs] 
2009.008: [GC (Allocation Failure) [PSYoungGen: 68480K->1488K(69120K)] 383092K->316100K(744448K), 0.0016239 secs] [Times: user=0.01 sys=0.00, real=0.00 secs] 
2009.400: [GC (Allocation Failure) [PSYoungGen: 68558K->1597K(69120K)] 383170K->316209K(744448K), 0.0015365 secs] [Times: user=0.01 sys=0.00, real=0.01 secs] 
2009.792: [GC (Allocation Failure) [PSYoungGen: 68669K->1552K(69120K)] 383281K->316164K(744448K), 0.0015184 secs] [Times: user=0.01 sys=0.00, real=0.00 secs] 
2010.215: [GC (Allocation Failure) [PSYoungGen: 68624K->2032K(69120K)] 383236K->316644K(744448K), 0.0019683 secs] [Times: user=0.01 sys=0.00, real=0.00 secs] 
2010.542: [GC (Allocation Failure) [PSYoungGen: 69104K->1360K(69120K)] 383716K->315972K(744448K), 0.0017503 secs] [Times: user=0.00 sys=0.00, real=0.00 secs] 
2011.168: [GC (Allocation Failure) [PSYoungGen: 68432K->1376K(69120K)] 383044K->315988K(744448K), 0.0019892 secs] [Times: user=0.01 sys=0.00, real=0.01 secs] 
2011.895: [GC (Allocation Failure) [PSYoungGen: 68448K->1344K(69120K)] 383060K->315956K(744448K), 0.0018420 secs] [Times: user=0.00 sys=0.00, real=0.00 secs] 
2012.841: [GC (Allocation Failure) [PSYoungGen: 68416K->1376K(69120K)] 383028K->315988K(744448K), 0.0026383 secs] [Times: user=0.01 sys=0.00, real=0.00 secs] 
2013.486: [GC (Allocation Failure) [PSYoungGen: 68448K->1565K(69120K)] 383060K->316177K(744448K), 0.0015714 secs] [Times: user=0.01 sys=0.00, real=0.00 secs] 
2013.877: [GC (Allocation Failure) [PSYoungGen: 68637K->1616K(69120K)] 383249K->316228K(744448K), 0.0015835 secs] [Times: user=0.00 sys=0.00, real=0.00 secs] 
2014.269: [GC (Allocation Failure) [PSYoungGen: 68688K->1520K(69120K)] 383300K->316132K(744448K), 0.0018309 secs] [Times: user=0.01 sys=0.00, real=0.01 secs] 
2014.782: [GC (Allocation Failure) [PSYoungGen: 68592K->1504K(69120K)] 383204K->316124K(744448K), 0.0041127 secs] [Times: user=0.02 sys=0.00, real=0.00 secs] 
2015.325: [GC (Allocation Failure) [PSYoungGen: 68576K->1408K(69120K)] 383196K->316028K(744448K), 0.0025379 secs] [Times: user=0.01 sys=0.00, real=0.00 secs] 
2015.691: [GC (Allocation Failure) [PSYoungGen: 68480K->1344K(69120K)] 383100K->315964K(744448K), 0.0019540 secs] [Times: user=0.01 sys=0.00, real=0.00 secs] 
2016.002: [GC (Allocation Failure) [PSYoungGen: 68416K->1376K(69120K)] 383036K->316004K(744448K), 0.0019185 secs] [Times: user=0.01 sys=0.00, real=0.00 secs] 
2016.319: [GC (Allocation Failure) [PSYoungGen: 68448K->1472K(69120K)] 383076K->316100K(744448K), 0.0017638 secs] [Times: user=0.00 sys=0.00, real=0.01 secs] 
2016.718: [GC (Allocation Failure) [PSYoungGen: 68544K->1584K(69120K)] 383172K->316212K(744448K), 0.0015266 secs] [Times: user=0.00 sys=0.00, real=0.00 secs] 
2017.110: [GC (Allocation Failure) [PSYoungGen: 68656K->1533K(69120K)] 383284K->316161K(744448K), 0.0016770 secs] [Times: user=0.01 sys=0.00, real=0.01 secs] 
2017.501: [GC (Allocation Failure) [PSYoungGen: 68605K->1565K(69120K)] 383233K->316209K(744448K), 0.0015509 secs] [Times: user=0.00 sys=0.00, real=0.00 secs] 
2018.362: [GC (Allocation Failure) [PSYoungGen: 68637K->1456K(69120K)] 383281K->316100K(744448K), 0.0027787 secs] [Times: user=0.01 sys=0.00, real=0.00 secs] 
2019.024: [GC (Allocation Failure) [PSYoungGen: 68528K->1408K(69120K)] 383172K->316052K(744448K), 0.0029663 secs] [Times: user=0.02 sys=0.00, real=0.00 secs] 
2019.574: [GC (Allocation Failure) [PSYoungGen: 68480K->1392K(69120K)] 383124K->316036K(744448K), 0.0022927 secs] [Times: user=0.00 sys=0.00, real=0.00 secs] 
2019.974: [GC (Allocation Failure) [PSYoungGen: 68464K->1312K(69120K)] 383108K->315956K(744448K), 0.0019706 secs] [Times: user=0.00 sys=0.00, real=0.00 secs] 
2020.430: [GC (Allocation Failure) [PSYoungGen: 68384K->1437K(69120K)] 383028K->316081K(744448K), 0.0015544 secs] [Times: user=0.00 sys=0.00, real=0.01 secs] 
2020.821: [GC (Allocation Failure) [PSYoungGen: 68509K->1597K(69120K)] 383153K->316241K(744448K), 0.0016641 secs] [Times: user=0.01 sys=0.00, real=0.00 secs] 
2021.213: [GC (Allocation Failure) [PSYoungGen: 68669K->1565K(69120K)] 383313K->316209K(744448K), 0.0016002 secs] [Times: user=0.01 sys=0.00, real=0.00 secs] 
2021.604: [GC (Allocation Failure) [PSYoungGen: 68637K->1584K(69120K)] 383281K->316236K(744448K), 0.0015628 secs] [Times: user=0.00 sys=0.00, real=0.00 secs] 
2022.281: [GC (Allocation Failure) [PSYoungGen: 68656K->1456K(69120K)] 383308K->316108K(744448K), 0.0023807 secs] [Times: user=0.01 sys=0.00, real=0.00 secs] 
2022.892: [GC (Allocation Failure) [PSYoungGen: 68528K->1392K(69120K)] 383180K->316044K(744448K), 0.0022570 secs] [Times: user=0.01 sys=0.00, real=0.00 secs] 
2023.462: [GC (Allocation Failure) [PSYoungGen: 68464K->1376K(69120K)] 383116K->316028K(744448K), 0.0034174 secs] [Times: user=0.01 sys=0.00, real=0.00 secs] 
2023.768: [GC (Allocation Failure) [PSYoungGen: 68448K->1424K(69120K)] 383100K->316076K(744448K), 0.0021589 secs] [Times: user=0.01 sys=0.00, real=0.00 secs] 
2024.171: [GC (Allocation Failure) [PSYoungGen: 68496K->1549K(69120K)] 383148K->316201K(744448K), 0.0016082 secs] [Times: user=0.01 sys=0.00, real=0.00 secs] 
2024.562: [GC (Allocation Failure) [PSYoungGen: 68621K->1616K(69120K)] 383273K->316268K(744448K), 0.0016041 secs] [Times: user=0.00 sys=0.00, real=0.00 secs] 
2024.956: [GC (Allocation Failure) [PSYoungGen: 68688K->1616K(69120K)] 383340K->316268K(744448K), 0.0016186 secs] [Times: user=0.01 sys=0.00, real=0.00 secs] 
2025.359: [GC (Allocation Failure) [PSYoungGen: 68688K->1552K(69120K)] 383340K->316228K(744448K), 0.0015837 secs] [Times: user=0.00 sys=0.00, real=0.01 secs] 
2025.682: [GC (Allocation Failure) [PSYoungGen: 68624K->1408K(69120K)] 383300K->316084K(744448K), 0.0015627 secs] [Times: user=0.00 sys=0.00, real=0.00 secs] 
2025.960: [GC (Allocation Failure) [PSYoungGen: 68480K->1376K(69120K)] 383156K->316052K(744448K), 0.0015168 secs] [Times: user=0.01 sys=0.00, real=0.01 secs] 
2026.246: [GC (Allocation Failure) [PSYoungGen: 68448K->1360K(69120K)] 383124K->316036K(744448K), 0.0014970 secs] [Times: user=0.01 sys=0.00, real=0.00 secs] 
2026.739: [GC (Allocation Failure) [PSYoungGen: 68432K->1376K(69120K)] 383108K->316052K(744448K), 0.0019482 secs] [Times: user=0.01 sys=0.00, real=0.01 secs] 
2027.260: [GC (Allocation Failure) [PSYoungGen: 68448K->1424K(69120K)] 383124K->316100K(744448K), 0.0014949 secs] [Times: user=0.00 sys=0.00, real=0.01 secs] 
2027.652: [GC (Allocation Failure) [PSYoungGen: 68496K->1584K(69120K)] 383172K->316260K(744448K), 0.0016058 secs] [Times: user=0.00 sys=0.00, real=0.00 secs] 
2028.044: [GC (Allocation Failure) [PSYoungGen: 68656K->1469K(69120K)] 383332K->316145K(744448K), 0.0015311 secs] [Times: user=0.01 sys=0.00, real=0.00 secs] 
2028.439: [GC (Allocation Failure) [PSYoungGen: 68541K->1584K(69120K)] 383217K->316268K(744448K), 0.0015370 secs] [Times: user=0.01 sys=0.00, real=0.01 secs] 
2028.797: [GC (Allocation Failure) [PSYoungGen: 68656K->1440K(69120K)] 383340K->316124K(744448K), 0.0017287 secs] [Times: user=0.00 sys=0.00, real=0.00 secs] 
2029.088: [GC (Allocation Failure) [PSYoungGen: 68512K->1376K(69120K)] 383196K->316060K(744448K), 0.0017601 secs] [Times: user=0.01 sys=0.00, real=0.00 secs] 
2029.454: [GC (Allocation Failure) [PSYoungGen: 68448K->1376K(69120K)] 383132K->316060K(744448K), 0.0019040 secs] [Times: user=0.00 sys=0.00, real=0.00 secs] 
2029.906: [GC (Allocation Failure) [PSYoungGen: 68448K->1408K(69120K)] 383132K->316092K(744448K), 0.0021857 secs] [Times: user=0.01 sys=0.00, real=0.00 secs] 
2030.398: [GC (Allocation Failure) [PSYoungGen: 68480K->1520K(69120K)] 383164K->316204K(744448K), 0.0015117 secs] [Times: user=0.01 sys=0.00, real=0.00 secs] 
2030.790: [GC (Allocation Failure) [PSYoungGen: 68592K->1536K(69120K)] 383276K->316220K(744448K), 0.0016715 secs] [Times: user=0.00 sys=0.00, real=0.01 secs] 
2031.183: [GC (Allocation Failure) [PSYoungGen: 68608K->1552K(69120K)] 383292K->316236K(744448K), 0.0015413 secs] [Times: user=0.01 sys=0.00, real=0.00 secs] 
2031.603: [GC (Allocation Failure) [PSYoungGen: 68624K->1520K(69120K)] 383308K->316220K(744448K), 0.0020140 secs] [Times: user=0.01 sys=0.00, real=0.00 secs] 
2031.925: [GC (Allocation Failure) [PSYoungGen: 68592K->1408K(69120K)] 383292K->316108K(744448K), 0.0021820 secs] [Times: user=0.01 sys=0.00, real=0.00 secs] 
2032.300: [GC (Allocation Failure) [PSYoungGen: 68480K->1376K(69120K)] 383180K->316076K(744448K), 0.0020117 secs] [Times: user=0.01 sys=0.00, real=0.01 secs] 
2032.768: [GC (Allocation Failure) [PSYoungGen: 68448K->1408K(69120K)] 383148K->316108K(744448K), 0.0020300 secs] [Times: user=0.01 sys=0.00, real=0.00 secs] 
2033.350: [GC (Allocation Failure) [PSYoungGen: 68480K->1376K(69120K)] 383180K->316076K(744448K), 0.0021242 secs] [Times: user=0.01 sys=0.00, real=0.01 secs] 
2033.983: [GC (Allocation Failure) [PSYoungGen: 68448K->1616K(69120K)] 383148K->316316K(744448K), 0.0017740 secs] [Times: user=0.00 sys=0.00, real=0.00 secs] 
2034.377: [GC (Allocation Failure) [PSYoungGen: 68688K->1597K(69120K)] 383388K->316297K(744448K), 0.0015684 secs] [Times: user=0.01 sys=0.00, real=0.00 secs] 
2034.823: [GC (Allocation Failure) [PSYoungGen: 68669K->1584K(69120K)] 383369K->316308K(744448K), 0.0015325 secs] [Times: user=0.01 sys=0.00, real=0.00 secs] 
2035.194: [GC (Allocation Failure) [PSYoungGen: 68656K->1456K(69120K)] 383380K->316180K(744448K), 0.0021243 secs] [Times: user=0.01 sys=0.00, real=0.00 secs] 
2035.478: [GC (Allocation Failure) [PSYoungGen: 68528K->1376K(69120K)] 383252K->316100K(744448K), 0.0018776 secs] [Times: user=0.00 sys=0.00, real=0.00 secs] 
2035.757: [GC (Allocation Failure) [PSYoungGen: 68448K->1408K(69120K)] 383172K->316132K(744448K), 0.0019523 secs] [Times: user=0.00 sys=0.00, real=0.00 secs] 
2036.075: [GC (Allocation Failure) [PSYoungGen: 68480K->1408K(69120K)] 383204K->316132K(744448K), 0.0018697 secs] [Times: user=0.00 sys=0.00, real=0.00 secs] 
2036.438: [GC (Allocation Failure) [PSYoungGen: 68480K->1437K(69120K)] 383204K->316161K(744448K), 0.0014985 secs] [Times: user=0.00 sys=0.00, real=0.00 secs] 
2036.828: [GC (Allocation Failure) [PSYoungGen: 68509K->1552K(69120K)] 383233K->316276K(744448K), 0.0015594 secs] [Times: user=0.00 sys=0.00, real=0.00 secs] 
2037.222: [GC (Allocation Failure) [PSYoungGen: 68624K->1565K(69120K)] 383348K->316289K(744448K), 0.0016242 secs] [Times: user=0.01 sys=0.00, real=0.00 secs] 
2037.614: [GC (Allocation Failure) [PSYoungGen: 68637K->1597K(69120K)] 383361K->316337K(744448K), 0.0017477 secs] [Times: user=0.01 sys=0.00, real=0.00 secs] 
2038.054: [GC (Allocation Failure) [PSYoungGen: 68669K->1472K(69120K)] 383409K->316212K(744448K), 0.0020553 secs] [Times: user=0.01 sys=0.00, real=0.00 secs] 
2038.342: [GC (Allocation Failure) [PSYoungGen: 68544K->1360K(69120K)] 383284K->316100K(744448K), 0.0019752 secs] [Times: user=0.01 sys=0.00, real=0.00 secs] 
2038.671: [GC (Allocation Failure) [PSYoungGen: 68432K->1408K(69120K)] 383172K->316148K(744448K), 0.0028788 secs] [Times: user=0.02 sys=0.00, real=0.00 secs] 
2039.087: [GC (Allocation Failure) [PSYoungGen: 68480K->1376K(69120K)] 383220K->316116K(744448K), 0.0019637 secs] [Times: user=0.01 sys=0.00, real=0.00 secs] 
2039.581: [GC (Allocation Failure) [PSYoungGen: 68448K->1501K(69120K)] 383188K->316241K(744448K), 0.0015784 secs] [Times: user=0.00 sys=0.00, real=0.00 secs] 
2039.974: [GC (Allocation Failure) [PSYoungGen: 68573K->1616K(69120K)] 383313K->316356K(744448K), 0.0017693 secs] [Times: user=0.01 sys=0.00, real=0.00 secs] 
2040.429: [GC (Allocation Failure) [PSYoungGen: 68688K->1597K(69120K)] 383428K->316337K(744448K), 0.0017514 secs] [Times: user=0.00 sys=0.01, real=0.01 secs] 
2040.822: [GC (Allocation Failure) [PSYoungGen: 68669K->1584K(69120K)] 383409K->316340K(744448K), 0.0017793 secs] [Times: user=0.01 sys=0.00, real=0.00 secs] 
2041.628: [GC (Allocation Failure) [PSYoungGen: 68656K->1456K(69120K)] 383412K->316212K(744448K), 0.0029057 secs] [Times: user=0.01 sys=0.00, real=0.01 secs] 
2042.249: [GC (Allocation Failure) [PSYoungGen: 68528K->1392K(69120K)] 383284K->316148K(744448K), 0.0020027 secs] [Times: user=0.01 sys=0.00, real=0.01 secs] 
2042.527: [GC (Allocation Failure) [PSYoungGen: 68464K->1376K(69120K)] 383220K->316132K(744448K), 0.0018752 secs] [Times: user=0.01 sys=0.00, real=0.00 secs] 
2042.806: [GC (Allocation Failure) [PSYoungGen: 68448K->1376K(69120K)] 383204K->316132K(744448K), 0.0018069 secs] [Times: user=0.01 sys=0.00, real=0.00 secs] 
2043.177: [GC (Allocation Failure) [PSYoungGen: 68448K->1456K(69120K)] 383204K->316212K(744448K), 0.0016293 secs] [Times: user=0.01 sys=0.00, real=0.00 secs] 
2043.572: [GC (Allocation Failure) [PSYoungGen: 68528K->1600K(69120K)] 383284K->316356K(744448K), 0.0016209 secs] [Times: user=0.00 sys=0.00, real=0.00 secs] 
2043.967: [GC (Allocation Failure) [PSYoungGen: 68672K->1581K(69120K)] 383428K->316337K(744448K), 0.0015112 secs] [Times: user=0.01 sys=0.01, real=0.00 secs] 
2044.429: [GC (Allocation Failure) [PSYoungGen: 68653K->1616K(69120K)] 383409K->316388K(744448K), 0.0015575 secs] [Times: user=0.01 sys=0.00, real=0.00 secs] 
2045.504: [GC (Allocation Failure) [PSYoungGen: 68688K->1440K(69120K)] 383460K->316228K(744448K), 0.0029886 secs] [Times: user=0.02 sys=0.00, real=0.00 secs] 
2046.116: [GC (Allocation Failure) [PSYoungGen: 68512K->1376K(69120K)] 383300K->316164K(744448K), 0.0026472 secs] [Times: user=0.01 sys=0.00, real=0.00 secs] 
2046.688: [GC (Allocation Failure) [PSYoungGen: 68448K->1376K(69120K)] 383236K->316164K(744448K), 0.0024453 secs] [Times: user=0.01 sys=0.00, real=0.00 secs] 
2047.342: [GC (Allocation Failure) [PSYoungGen: 68448K->1376K(69120K)] 383236K->316164K(744448K), 0.0020903 secs] [Times: user=0.01 sys=0.00, real=0.00 secs] 
2047.734: [GC (Allocation Failure) [PSYoungGen: 68448K->1552K(69120K)] 383236K->316340K(744448K), 0.0017677 secs] [Times: user=0.01 sys=0.00, real=0.00 secs] 
2048.126: [GC (Allocation Failure) [PSYoungGen: 68624K->1520K(69120K)] 383412K->316308K(744448K), 0.0015386 secs] [Times: user=0.01 sys=0.00, real=0.00 secs] 
2048.520: [GC (Allocation Failure) [PSYoungGen: 68592K->1549K(69120K)] 383380K->316337K(744448K), 0.0017639 secs] [Times: user=0.00 sys=0.00, real=0.01 secs] 
2048.994: [GC (Allocation Failure) [PSYoungGen: 68621K->1984K(69120K)] 383409K->316772K(744448K), 0.0020063 secs] [Times: user=0.01 sys=0.00, real=0.00 secs] 
2049.632: [GC (Allocation Failure) [PSYoungGen: 69056K->1408K(69120K)] 383844K->316196K(744448K), 0.0021494 secs] [Times: user=0.01 sys=0.00, real=0.00 secs] 
2050.297: [GC (Allocation Failure) [PSYoungGen: 68480K->1408K(69120K)] 383268K->316196K(744448K), 0.0037608 secs] [Times: user=0.01 sys=0.00, real=0.01 secs] 
2050.889: [GC (Allocation Failure) [PSYoungGen: 68480K->1408K(69120K)] 383268K->316196K(744448K), 0.0025481 secs] [Times: user=0.01 sys=0.00, real=0.01 secs] 
2051.478: [GC (Allocation Failure) [PSYoungGen: 68480K->1408K(69120K)] 383268K->316196K(744448K), 0.0023313 secs] [Times: user=0.01 sys=0.00, real=0.01 secs] 
2051.970: [GC (Allocation Failure) [PSYoungGen: 68480K->1536K(69120K)] 383268K->316324K(744448K), 0.0016485 secs] [Times: user=0.01 sys=0.00, real=0.00 secs] 
2052.362: [GC (Allocation Failure) [PSYoungGen: 68608K->1520K(69120K)] 383396K->316308K(744448K), 0.0016629 secs] [Times: user=0.01 sys=0.00, real=0.00 secs] 
2052.754: [GC (Allocation Failure) [PSYoungGen: 68592K->1568K(69120K)] 383380K->316356K(744448K), 0.0016570 secs] [Times: user=0.01 sys=0.00, real=0.00 secs] 
2053.265: [GC (Allocation Failure) [PSYoungGen: 68640K->1456K(69120K)] 383428K->316244K(744448K), 0.0022309 secs] [Times: user=0.01 sys=0.00, real=0.00 secs] 
2053.856: [GC (Allocation Failure) [PSYoungGen: 68528K->1408K(69120K)] 383316K->316196K(744448K), 0.0025342 secs] [Times: user=0.01 sys=0.00, real=0.00 secs] 
2054.421: [GC (Allocation Failure) [PSYoungGen: 68480K->1408K(69120K)] 383268K->316196K(744448K), 0.0027041 secs] [Times: user=0.01 sys=0.01, real=0.00 secs] 
2055.020: [GC (Allocation Failure) [PSYoungGen: 68480K->1408K(69120K)] 383268K->316196K(744448K), 0.0027565 secs] [Times: user=0.02 sys=0.00, real=0.01 secs] 
2055.698: [GC (Allocation Failure) [PSYoungGen: 68480K->1469K(69120K)] 383268K->316265K(744448K), 0.0022653 secs] [Times: user=0.01 sys=0.01, real=0.01 secs] 
2056.132: [GC (Allocation Failure) [PSYoungGen: 68541K->1584K(69120K)] 383337K->316380K(744448K), 0.0015283 secs] [Times: user=0.01 sys=0.00, real=0.00 secs] 
2056.524: [GC (Allocation Failure) [PSYoungGen: 68656K->1600K(69120K)] 383452K->316420K(744448K), 0.0016862 secs] [Times: user=0.01 sys=0.00, real=0.00 secs] 
2056.916: [GC (Allocation Failure) [PSYoungGen: 68672K->1584K(69120K)] 383492K->316420K(744448K), 0.0016068 secs] [Times: user=0.00 sys=0.00, real=0.00 secs] 
2057.326: [GC (Allocation Failure) [PSYoungGen: 68656K->1440K(69120K)] 383492K->316276K(744448K), 0.0018636 secs] [Times: user=0.01 sys=0.00, real=0.00 secs] 
2057.851: [GC (Allocation Failure) [PSYoungGen: 68512K->1376K(69120K)] 383348K->316220K(744448K), 0.0029727 secs] [Times: user=0.02 sys=0.00, real=0.00 secs] 
2058.424: [GC (Allocation Failure) [PSYoungGen: 68448K->1408K(69120K)] 383292K->316252K(744448K), 0.0024264 secs] [Times: user=0.01 sys=0.00, real=0.00 secs] 
2058.977: [GC (Allocation Failure) [PSYoungGen: 68480K->1408K(69120K)] 383324K->316252K(744448K), 0.0025947 secs] [Times: user=0.01 sys=0.00, real=0.00 secs] 
2059.581: [GC (Allocation Failure) [PSYoungGen: 68480K->1440K(69120K)] 383324K->316284K(744448K), 0.0014724 secs] [Times: user=0.00 sys=0.00, real=0.00 secs] 
2059.973: [GC (Allocation Failure) [PSYoungGen: 68512K->1552K(69120K)] 383356K->316396K(744448K), 0.0017046 secs] [Times: user=0.01 sys=0.00, real=0.00 secs] 
2060.364: [GC (Allocation Failure) [PSYoungGen: 68624K->1584K(69120K)] 383468K->316428K(744448K), 0.0016366 secs] [Times: user=0.01 sys=0.00, real=0.00 secs] 
2060.756: [GC (Allocation Failure) [PSYoungGen: 68656K->1584K(69120K)] 383500K->316444K(744448K), 0.0017127 secs] [Times: user=0.01 sys=0.00, real=0.00 secs] 
2061.158: [GC (Allocation Failure) [PSYoungGen: 68656K->1392K(69120K)] 383516K->316252K(744448K), 0.0017973 secs] [Times: user=0.00 sys=0.00, real=0.00 secs] 
2061.744: [GC (Allocation Failure) [PSYoungGen: 68464K->1376K(69120K)] 383324K->316236K(744448K), 0.0019661 secs] [Times: user=0.01 sys=0.00, real=0.00 secs] 
2062.332: [GC (Allocation Failure) [PSYoungGen: 68448K->1408K(69120K)] 383308K->316268K(744448K), 0.0030214 secs] [Times: user=0.01 sys=0.00, real=0.00 secs] 
2062.917: [GC (Allocation Failure) [PSYoungGen: 68480K->1408K(69120K)] 383340K->316268K(744448K), 0.0029816 secs] [Times: user=0.01 sys=0.00, real=0.01 secs] 
2063.572: [GC (Allocation Failure) [PSYoungGen: 68480K->1456K(69120K)] 383340K->316316K(744448K), 0.0016674 secs] [Times: user=0.00 sys=0.00, real=0.00 secs] 
2063.966: [GC (Allocation Failure) [PSYoungGen: 68528K->1520K(69120K)] 383388K->316380K(744448K), 0.0015438 secs] [Times: user=0.01 sys=0.00, real=0.00 secs] 
2064.357: [GC (Allocation Failure) [PSYoungGen: 68592K->1584K(69120K)] 383452K->316444K(744448K), 0.0015418 secs] [Times: user=0.01 sys=0.00, real=0.00 secs] 
2064.748: [GC (Allocation Failure) [PSYoungGen: 68656K->1632K(69120K)] 383516K->316508K(744448K), 0.0016343 secs] [Times: user=0.00 sys=0.00, real=0.00 secs] 
2065.341: [GC (Allocation Failure) [PSYoungGen: 68704K->1440K(69120K)] 383580K->316316K(744448K), 0.0018884 secs] [Times: user=0.01 sys=0.00, real=0.00 secs] 
2065.877: [GC (Allocation Failure) [PSYoungGen: 68512K->1344K(69120K)] 383388K->316236K(744448K), 0.0020346 secs] [Times: user=0.01 sys=0.00, real=0.00 secs] 
2066.420: [GC (Allocation Failure) [PSYoungGen: 68416K->1408K(69120K)] 383308K->316300K(744448K), 0.0020445 secs] [Times: user=0.01 sys=0.00, real=0.01 secs] 
2067.238: [GC (Allocation Failure) [PSYoungGen: 68480K->1392K(69120K)] 383372K->316284K(744448K), 0.0020198 secs] [Times: user=0.01 sys=0.00, real=0.00 secs] 
2067.909: [GC (Allocation Failure) [PSYoungGen: 68464K->1485K(69120K)] 383356K->316377K(744448K), 0.0015163 secs] [Times: user=0.00 sys=0.00, real=0.01 secs] 
2068.300: [GC (Allocation Failure) [PSYoungGen: 68557K->1597K(69120K)] 383449K->316489K(744448K), 0.0017176 secs] [Times: user=0.01 sys=0.00, real=0.01 secs] 
2068.698: [GC (Allocation Failure) [PSYoungGen: 68669K->1600K(69120K)] 383561K->316492K(744448K), 0.0015836 secs] [Times: user=0.00 sys=0.00, real=0.00 secs] 
2069.095: [GC (Allocation Failure) [PSYoungGen: 68672K->1552K(69120K)] 383564K->316460K(744448K), 0.0015972 secs] [Times: user=0.01 sys=0.00, real=0.00 secs] 
2069.927: [GC (Allocation Failure) [PSYoungGen: 68624K->1472K(69120K)] 383532K->316380K(744448K), 0.0023208 secs] [Times: user=0.01 sys=0.00, real=0.00 secs] 
2070.531: [GC (Allocation Failure) [PSYoungGen: 68544K->1408K(69120K)] 383452K->316316K(744448K), 0.0024840 secs] [Times: user=0.01 sys=0.00, real=0.00 secs] 
2071.061: [GC (Allocation Failure) [PSYoungGen: 68480K->1440K(69120K)] 383388K->316348K(744448K), 0.0021830 secs] [Times: user=0.01 sys=0.00, real=0.00 secs] 
2071.620: [GC (Allocation Failure) [PSYoungGen: 68512K->1408K(69120K)] 383420K->316316K(744448K), 0.0019394 secs] [Times: user=0.00 sys=0.00, real=0.00 secs] 
2072.148: [GC (Allocation Failure) [PSYoungGen: 68480K->1520K(69120K)] 383388K->316428K(744448K), 0.0016211 secs] [Times: user=0.01 sys=0.00, real=0.00 secs] 
2072.541: [GC (Allocation Failure) [PSYoungGen: 68592K->1552K(69120K)] 383500K->316460K(744448K), 0.0015752 secs] [Times: user=0.01 sys=0.00, real=0.00 secs] 
2072.932: [GC (Allocation Failure) [PSYoungGen: 68624K->1565K(69120K)] 383532K->316473K(744448K), 0.0015565 secs] [Times: user=0.00 sys=0.00, real=0.00 secs] 
2073.320: [GC (Allocation Failure) [PSYoungGen: 68637K->1504K(69120K)] 383545K->316428K(744448K), 0.0018811 secs] [Times: user=0.01 sys=0.00, real=0.01 secs] 
2073.598: [GC (Allocation Failure) [PSYoungGen: 68576K->1376K(69120K)] 383500K->316300K(744448K), 0.0015687 secs] [Times: user=0.00 sys=0.00, real=0.00 secs] 
2073.915: [GC (Allocation Failure) [PSYoungGen: 68448K->1376K(69120K)] 383372K->316300K(744448K), 0.0018524 secs] [Times: user=0.01 sys=0.00, real=0.00 secs] 
2074.473: [GC (Allocation Failure) [PSYoungGen: 68448K->1376K(69120K)] 383372K->316300K(744448K), 0.0030331 secs] [Times: user=0.01 sys=0.00, real=0.00 secs] 
2075.022: [GC (Allocation Failure) [PSYoungGen: 68448K->1376K(69120K)] 383372K->316300K(744448K), 0.0024410 secs] [Times: user=0.01 sys=0.00, real=0.00 secs] 
2075.464: [GC (Allocation Failure) [PSYoungGen: 68448K->1552K(69120K)] 383372K->316500K(744448K), 0.0016808 secs] [Times: user=0.01 sys=0.00, real=0.00 secs] 
2075.858: [GC (Allocation Failure) [PSYoungGen: 68624K->1520K(69120K)] 383572K->316468K(744448K), 0.0016161 secs] [Times: user=0.00 sys=0.00, real=0.00 secs] 
2076.251: [GC (Allocation Failure) [PSYoungGen: 68592K->1552K(69120K)] 383540K->316500K(744448K), 0.0015324 secs] [Times: user=0.01 sys=0.00, real=0.00 secs] 
2076.845: [GC (Allocation Failure) [PSYoungGen: 68624K->1488K(69120K)] 383572K->316444K(744448K), 0.0020427 secs] [Times: user=0.01 sys=0.00, real=0.00 secs] 
2077.785: [GC (Allocation Failure) [PSYoungGen: 68560K->1344K(69120K)] 383516K->316300K(744448K), 0.0037319 secs] [Times: user=0.01 sys=0.00, real=0.00 secs] 
2078.368: [GC (Allocation Failure) [PSYoungGen: 68416K->1392K(69120K)] 383372K->316348K(744448K), 0.0030302 secs] [Times: user=0.02 sys=0.00, real=0.01 secs] 
2078.868: [GC (Allocation Failure) [PSYoungGen: 68464K->1408K(69120K)] 383420K->316364K(744448K), 0.0019743 secs] [Times: user=0.01 sys=0.00, real=0.00 secs] 
2079.200: [GC (Allocation Failure) [PSYoungGen: 68480K->1469K(69120K)] 383436K->316425K(744448K), 0.0015042 secs] [Times: user=0.01 sys=0.00, real=0.01 secs] 
2079.591: [GC (Allocation Failure) [PSYoungGen: 68541K->1552K(69120K)] 383497K->316508K(744448K), 0.0015553 secs] [Times: user=0.01 sys=0.00, real=0.00 secs] 
2079.983: [GC (Allocation Failure) [PSYoungGen: 68624K->1597K(69120K)] 383580K->316553K(744448K), 0.0016490 secs] [Times: user=0.01 sys=0.00, real=0.00 secs] 
2080.375: [GC (Allocation Failure) [PSYoungGen: 68669K->1533K(69120K)] 383625K->316505K(744448K), 0.0016214 secs] [Times: user=0.01 sys=0.00, real=0.00 secs] 
2080.939: [GC (Allocation Failure) [PSYoungGen: 68605K->1456K(69120K)] 383577K->316428K(744448K), 0.0018068 secs] [Times: user=0.00 sys=0.00, real=0.01 secs] 
2081.270: [GC (Allocation Failure) [PSYoungGen: 68528K->1376K(69120K)] 383500K->316348K(744448K), 0.0017981 secs] [Times: user=0.01 sys=0.00, real=0.00 secs] 
2081.558: [GC (Allocation Failure) [PSYoungGen: 68448K->1392K(69120K)] 383420K->316364K(744448K), 0.0018533 secs] [Times: user=0.01 sys=0.00, real=0.00 secs] 
2081.846: [GC (Allocation Failure) [PSYoungGen: 68464K->1376K(69120K)] 383436K->316348K(744448K), 0.0016961 secs] [Times: user=0.01 sys=0.00, real=0.00 secs] 
2082.204: [GC (Allocation Failure) [PSYoungGen: 68448K->1453K(69120K)] 383420K->316425K(744448K), 0.0015486 secs] [Times: user=0.01 sys=0.00, real=0.00 secs] 
2082.598: [GC (Allocation Failure) [PSYoungGen: 68525K->1600K(69120K)] 383497K->316572K(744448K), 0.0016496 secs] [Times: user=0.01 sys=0.00, real=0.00 secs] 
2082.991: [GC (Allocation Failure) [PSYoungGen: 68672K->1552K(69120K)] 383644K->316524K(744448K), 0.0016614 secs] [Times: user=0.00 sys=0.00, real=0.00 secs] 
2083.382: [GC (Allocation Failure) [PSYoungGen: 68624K->1533K(69120K)] 383596K->316521K(744448K), 0.0015712 secs] [Times: user=0.00 sys=0.00, real=0.00 secs] 
2083.922: [GC (Allocation Failure) [PSYoungGen: 68605K->1376K(69120K)] 383593K->316364K(744448K), 0.0019940 secs] [Times: user=0.01 sys=0.00, real=0.00 secs] 
2084.349: [GC (Allocation Failure) [PSYoungGen: 68448K->1376K(69120K)] 383436K->316380K(744448K), 0.0024600 secs] [Times: user=0.01 sys=0.00, real=0.01 secs] 
2084.881: [GC (Allocation Failure) [PSYoungGen: 68448K->1376K(69120K)] 383452K->316380K(744448K), 0.0023264 secs] [Times: user=0.01 sys=0.00, real=0.00 secs] 
2085.492: [GC (Allocation Failure) [PSYoungGen: 68448K->1344K(69120K)] 383452K->316348K(744448K), 0.0024690 secs] [Times: user=0.01 sys=0.01, real=0.00 secs] 
2086.067: [GC (Allocation Failure) [PSYoungGen: 68416K->1520K(69120K)] 383420K->316524K(744448K), 0.0015251 secs] [Times: user=0.01 sys=0.00, real=0.00 secs] 
2086.459: [GC (Allocation Failure) [PSYoungGen: 68592K->1568K(69120K)] 383596K->316572K(744448K), 0.0016840 secs] [Times: user=0.01 sys=0.00, real=0.01 secs] 
2086.860: [GC (Allocation Failure) [PSYoungGen: 68640K->1533K(69120K)] 383644K->316537K(744448K), 0.0016618 secs] [Times: user=0.01 sys=0.00, real=0.01 secs] 
2087.252: [GC (Allocation Failure) [PSYoungGen: 68605K->1549K(69120K)] 383609K->316561K(744448K), 0.0015495 secs] [Times: user=0.01 sys=0.00, real=0.00 secs] 
2087.577: [GC (Allocation Failure) [PSYoungGen: 68621K->1408K(69120K)] 383633K->316420K(744448K), 0.0015750 secs] [Times: user=0.01 sys=0.00, real=0.00 secs] 
2087.855: [GC (Allocation Failure) [PSYoungGen: 68480K->1376K(69120K)] 383492K->316388K(744448K), 0.0015896 secs] [Times: user=0.01 sys=0.00, real=0.00 secs] 
2088.133: [GC (Allocation Failure) [PSYoungGen: 68448K->1408K(69120K)] 383460K->316420K(744448K), 0.0021647 secs] [Times: user=0.01 sys=0.00, real=0.00 secs] 
2088.417: [GC (Allocation Failure) [PSYoungGen: 68480K->1408K(69120K)] 383492K->316420K(744448K), 0.0024044 secs] [Times: user=0.01 sys=0.00, real=0.00 secs] 
2088.900: [GC (Allocation Failure) [PSYoungGen: 68480K->1501K(69120K)] 383492K->316513K(744448K), 0.0015531 secs] [Times: user=0.00 sys=0.00, real=0.01 secs] 
2089.292: [GC (Allocation Failure) [PSYoungGen: 68573K->1533K(69120K)] 383585K->316545K(744448K), 0.0015540 secs] [Times: user=0.01 sys=0.00, real=0.00 secs] 
2089.687: [GC (Allocation Failure) [PSYoungGen: 68605K->1565K(69120K)] 383617K->316577K(744448K), 0.0016741 secs] [Times: user=0.01 sys=0.00, real=0.00 secs] 
2090.068: [GC (Allocation Failure) [PSYoungGen: 68637K->2032K(69120K)] 383649K->317044K(744448K), 0.0049978 secs] [Times: user=0.03 sys=0.00, real=0.01 secs] 
2090.357: [GC (Allocation Failure) [PSYoungGen: 69104K->1376K(69120K)] 384116K->316388K(744448K), 0.0015757 secs] [Times: user=0.01 sys=0.00, real=0.00 secs] 
2090.635: [GC (Allocation Failure) [PSYoungGen: 68448K->1344K(69120K)] 383460K->316356K(744448K), 0.0015649 secs] [Times: user=0.01 sys=0.00, real=0.00 secs] 
2090.913: [GC (Allocation Failure) [PSYoungGen: 68416K->1376K(69120K)] 383428K->316388K(744448K), 0.0015387 secs] [Times: user=0.01 sys=0.00, real=0.00 secs] 
2091.191: [GC (Allocation Failure) [PSYoungGen: 68448K->1440K(69120K)] 383460K->316452K(744448K), 0.0016018 secs] [Times: user=0.00 sys=0.00, real=0.00 secs] 
2091.584: [GC (Allocation Failure) [PSYoungGen: 68512K->1536K(69120K)] 383524K->316548K(744448K), 0.0016253 secs] [Times: user=0.01 sys=0.00, real=0.00 secs] 
2091.975: [GC (Allocation Failure) [PSYoungGen: 68608K->1552K(69120K)] 383620K->316564K(744448K), 0.0016970 secs] [Times: user=0.01 sys=0.00, real=0.00 secs] 
2092.424: [GC (Allocation Failure) [PSYoungGen: 68624K->1597K(69120K)] 383636K->316609K(744448K), 0.0016016 secs] [Times: user=0.01 sys=0.00, real=0.00 secs] 
2092.824: [GC (Allocation Failure) [PSYoungGen: 68669K->1472K(69120K)] 383681K->316492K(744448K), 0.0020867 secs] [Times: user=0.01 sys=0.00, real=0.00 secs] 
2093.123: [GC (Allocation Failure) [PSYoungGen: 68544K->1408K(69120K)] 383564K->316428K(744448K), 0.0019798 secs] [Times: user=0.01 sys=0.00, real=0.00 secs] 
2093.401: [GC (Allocation Failure) [PSYoungGen: 68480K->1408K(69120K)] 383500K->316428K(744448K), 0.0018026 secs] [Times: user=0.01 sys=0.00, real=0.00 secs] 
2093.680: [GC (Allocation Failure) [PSYoungGen: 68480K->1344K(69120K)] 383500K->316380K(744448K), 0.0018741 secs] [Times: user=0.01 sys=0.00, real=0.01 secs] 
2094.242: [GC (Allocation Failure) [PSYoungGen: 68416K->1437K(69120K)] 383452K->316473K(744448K), 0.0020849 secs] [Times: user=0.01 sys=0.00, real=0.00 secs] 
2094.653: [GC (Allocation Failure) [PSYoungGen: 68509K->1552K(69120K)] 383545K->316588K(744448K), 0.0015265 secs] [Times: user=0.00 sys=0.00, real=0.00 secs] 
2095.044: [GC (Allocation Failure) [PSYoungGen: 68624K->1520K(69120K)] 383660K->316556K(744448K), 0.0015737 secs] [Times: user=0.01 sys=0.00, real=0.00 secs] 
2095.497: [GC (Allocation Failure) [PSYoungGen: 68592K->1520K(69120K)] 383628K->316572K(744448K), 0.0017704 secs] [Times: user=0.00 sys=0.00, real=0.00 secs] 
2095.838: [GC (Allocation Failure) [PSYoungGen: 68592K->1472K(69120K)] 383644K->316524K(744448K), 0.0020350 secs] [Times: user=0.01 sys=0.00, real=0.00 secs] 
2096.190: [GC (Allocation Failure) [PSYoungGen: 68544K->1360K(69120K)] 383596K->316412K(744448K), 0.0020128 secs] [Times: user=0.01 sys=0.00, real=0.01 secs] 
2096.621: [GC (Allocation Failure) [PSYoungGen: 68432K->1376K(69120K)] 383484K->316428K(744448K), 0.0019539 secs] [Times: user=0.00 sys=0.00, real=0.00 secs] 
2097.078: [GC (Allocation Failure) [PSYoungGen: 68448K->1408K(69120K)] 383500K->316460K(744448K), 0.0019683 secs] [Times: user=0.01 sys=0.00, real=0.01 secs] 
2097.590: [GC (Allocation Failure) [PSYoungGen: 68480K->1453K(69120K)] 383532K->316505K(744448K), 0.0015311 secs] [Times: user=0.01 sys=0.00, real=0.00 secs] 
2097.981: [GC (Allocation Failure) [PSYoungGen: 68525K->1616K(69120K)] 383577K->316668K(744448K), 0.0015341 secs] [Times: user=0.01 sys=0.00, real=0.00 secs] 
2098.375: [GC (Allocation Failure) [PSYoungGen: 68688K->1600K(69120K)] 383740K->316652K(744448K), 0.0016671 secs] [Times: user=0.01 sys=0.00, real=0.00 secs] 
2098.770: [GC (Allocation Failure) [PSYoungGen: 68672K->1584K(69120K)] 383724K->316652K(744448K), 0.0016580 secs] [Times: user=0.01 sys=0.00, real=0.00 secs] 
2099.359: [GC (Allocation Failure) [PSYoungGen: 68656K->1424K(69120K)] 383724K->316492K(744448K), 0.0020559 secs] [Times: user=0.01 sys=0.00, real=0.01 secs] 
2099.935: [GC (Allocation Failure) [PSYoungGen: 68496K->1376K(69120K)] 383564K->316444K(744448K), 0.0021614 secs] [Times: user=0.00 sys=0.00, real=0.00 secs] 
2100.473: [GC (Allocation Failure) [PSYoungGen: 68448K->1408K(69120K)] 383516K->316476K(744448K), 0.0032729 secs] [Times: user=0.01 sys=0.01, real=0.00 secs] 
2101.054: [GC (Allocation Failure) [PSYoungGen: 68480K->1408K(69120K)] 383548K->316476K(744448K), 0.0038223 secs] [Times: user=0.02 sys=0.00, real=0.00 secs] 
2101.663: [GC (Allocation Failure) [PSYoungGen: 68480K->1485K(69120K)] 383548K->316553K(744448K), 0.0014693 secs] [Times: user=0.00 sys=0.00, real=0.00 secs] 
2102.054: [GC (Allocation Failure) [PSYoungGen: 68557K->1584K(69120K)] 383625K->316652K(744448K), 0.0016933 secs] [Times: user=0.00 sys=0.00, real=0.00 secs] 
2102.446: [GC (Allocation Failure) [PSYoungGen: 68656K->1584K(69120K)] 383724K->316652K(744448K), 0.0016299 secs] [Times: user=0.01 sys=0.00, real=0.00 secs] 
2102.838: [GC (Allocation Failure) [PSYoungGen: 68656K->1584K(69120K)] 383724K->316668K(744448K), 0.0015286 secs] [Times: user=0.01 sys=0.00, real=0.00 secs] 
2103.142: [GC (Allocation Failure) [PSYoungGen: 68656K->1408K(69120K)] 383740K->316492K(744448K), 0.0015490 secs] [Times: user=0.00 sys=0.00, real=0.00 secs] 
2103.420: [GC (Allocation Failure) [PSYoungGen: 68480K->1408K(69120K)] 383564K->316492K(744448K), 0.0020890 secs] [Times: user=0.00 sys=0.00, real=0.01 secs] 
2103.699: [GC (Allocation Failure) [PSYoungGen: 68480K->1376K(69120K)] 383564K->316460K(744448K), 0.0027075 secs] [Times: user=0.01 sys=0.01, real=0.01 secs] 
2103.980: [GC (Allocation Failure) [PSYoungGen: 68448K->1376K(69120K)] 383532K->316460K(744448K), 0.0032888 secs] [Times: user=0.02 sys=0.00, real=0.01 secs] 
2104.570: [GC (Allocation Failure) [PSYoungGen: 68448K->1520K(69120K)] 383532K->316604K(744448K), 0.0015101 secs] [Times: user=0.00 sys=0.00, real=0.01 secs] 
2104.961: [GC (Allocation Failure) [PSYoungGen: 68581K->1584K(69120K)] 383666K->316684K(744448K), 0.0015239 secs] [Times: user=0.01 sys=0.00, real=0.00 secs] 
2105.354: [GC (Allocation Failure) [PSYoungGen: 68656K->1597K(69120K)] 383756K->316697K(744448K), 0.0016906 secs] [Times: user=0.00 sys=0.00, real=0.00 secs] 
2105.748: [GC (Allocation Failure) [PSYoungGen: 68669K->1520K(69120K)] 383769K->316636K(744448K), 0.0016365 secs] [Times: user=0.00 sys=0.00, real=0.00 secs] 
2106.363: [GC (Allocation Failure) [PSYoungGen: 68592K->1408K(69120K)] 383708K->316524K(744448K), 0.0018786 secs] [Times: user=0.01 sys=0.00, real=0.00 secs] 
2106.943: [GC (Allocation Failure) [PSYoungGen: 68480K->1376K(69120K)] 383596K->316492K(744448K), 0.0029809 secs] [Times: user=0.01 sys=0.00, real=0.00 secs] 
2107.276: [GC (Allocation Failure) [PSYoungGen: 68448K->1408K(69120K)] 383564K->316524K(744448K), 0.0018728 secs] [Times: user=0.01 sys=0.00, real=0.00 secs] 
2107.554: [GC (Allocation Failure) [PSYoungGen: 68480K->1408K(69120K)] 383596K->316524K(744448K), 0.0018849 secs] [Times: user=0.00 sys=0.00, real=0.00 secs] 
2107.950: [GC (Allocation Failure) [PSYoungGen: 68480K->1504K(69120K)] 383596K->316620K(744448K), 0.0014924 secs] [Times: user=0.01 sys=0.00, real=0.00 secs] 
2108.342: [GC (Allocation Failure) [PSYoungGen: 68576K->1568K(69120K)] 383692K->316684K(744448K), 0.0016497 secs] [Times: user=0.01 sys=0.00, real=0.00 secs] 
2108.734: [GC (Allocation Failure) [PSYoungGen: 68640K->1565K(69120K)] 383756K->316681K(744448K), 0.0014999 secs] [Times: user=0.01 sys=0.01, real=0.00 secs] 
2109.576: [GC (Allocation Failure) [PSYoungGen: 68637K->1488K(69120K)] 383753K->316612K(744448K), 0.0027583 secs] [Times: user=0.01 sys=0.00, real=0.00 secs] 
2110.592: [GC (Allocation Failure) [PSYoungGen: 68560K->1376K(69120K)] 383684K->316500K(744448K), 0.0027002 secs] [Times: user=0.01 sys=0.00, real=0.00 secs] 
2111.166: [GC (Allocation Failure) [PSYoungGen: 68448K->1376K(69120K)] 383572K->316500K(744448K), 0.0025708 secs] [Times: user=0.01 sys=0.00, real=0.00 secs] 
2111.810: [GC (Allocation Failure) [PSYoungGen: 68448K->1424K(69120K)] 383572K->316548K(744448K), 0.0024485 secs] [Times: user=0.01 sys=0.00, real=0.01 secs] 
2112.122: [GC (Allocation Failure) [PSYoungGen: 68496K->1376K(69120K)] 383620K->316500K(744448K), 0.0018920 secs] [Times: user=0.01 sys=0.00, real=0.00 secs] 
2112.584: [GC (Allocation Failure) [PSYoungGen: 68448K->1520K(69120K)] 383572K->316644K(744448K), 0.0016631 secs] [Times: user=0.01 sys=0.00, real=0.00 secs] 
2112.978: [GC (Allocation Failure) [PSYoungGen: 68592K->1597K(69120K)] 383716K->316721K(744448K), 0.0016425 secs] [Times: user=0.01 sys=0.00, real=0.00 secs] 
2113.370: [GC (Allocation Failure) [PSYoungGen: 68669K->1549K(69120K)] 383793K->316673K(744448K), 0.0015520 secs] [Times: user=0.01 sys=0.00, real=0.01 secs] 
2113.802: [GC (Allocation Failure) [PSYoungGen: 68621K->1456K(69120K)] 383745K->316580K(744448K), 0.0016657 secs] [Times: user=0.00 sys=0.00, real=0.00 secs] 
2114.091: [GC (Allocation Failure) [PSYoungGen: 68528K->1376K(69120K)] 383652K->316500K(744448K), 0.0015385 secs] [Times: user=0.01 sys=0.00, real=0.00 secs] 
2114.414: [GC (Allocation Failure) [PSYoungGen: 68448K->1376K(69120K)] 383572K->316500K(744448K), 0.0014683 secs] [Times: user=0.01 sys=0.00, real=0.00 secs] 
2114.712: [GC (Allocation Failure) [PSYoungGen: 68448K->1408K(69120K)] 383572K->316532K(744448K), 0.0019836 secs] [Times: user=0.01 sys=0.00, real=0.00 secs] 
2115.373: [GC (Allocation Failure) [PSYoungGen: 68480K->1469K(69120K)] 383604K->316593K(744448K), 0.0018125 secs] [Times: user=0.00 sys=0.00, real=0.00 secs] 
2115.853: [GC (Allocation Failure) [PSYoungGen: 68541K->1565K(69120K)] 383665K->316705K(744448K), 0.0017753 secs] [Times: user=0.01 sys=0.00, real=0.00 secs] 
2116.244: [GC (Allocation Failure) [PSYoungGen: 68637K->1597K(69120K)] 383777K->316737K(744448K), 0.0017600 secs] [Times: user=0.00 sys=0.00, real=0.00 secs] 
2116.698: [GC (Allocation Failure) [PSYoungGen: 68669K->1584K(69120K)] 383809K->316740K(744448K), 0.0016993 secs] [Times: user=0.01 sys=0.00, real=0.00 secs] 
2117.155: [GC (Allocation Failure) [PSYoungGen: 68656K->1488K(69120K)] 383812K->316644K(744448K), 0.0028236 secs] [Times: user=0.01 sys=0.00, real=0.00 secs] 
2117.719: [GC (Allocation Failure) [PSYoungGen: 68560K->1376K(69120K)] 383716K->316532K(744448K), 0.0023115 secs] [Times: user=0.01 sys=0.00, real=0.01 secs] 
2118.282: [GC (Allocation Failure) [PSYoungGen: 68448K->1344K(69120K)] 383604K->316500K(744448K), 0.0022922 secs] [Times: user=0.01 sys=0.00, real=0.00 secs] 
2118.863: [GC (Allocation Failure) [PSYoungGen: 68416K->1376K(69120K)] 383572K->316532K(744448K), 0.0034261 secs] [Times: user=0.01 sys=0.00, real=0.00 secs] 
2119.459: [GC (Allocation Failure) [PSYoungGen: 68448K->1472K(69120K)] 383604K->316628K(744448K), 0.0014238 secs] [Times: user=0.01 sys=0.00, real=0.01 secs] 
2119.850: [GC (Allocation Failure) [PSYoungGen: 68544K->1597K(69120K)] 383700K->316753K(744448K), 0.0016565 secs] [Times: user=0.01 sys=0.00, real=0.01 secs] 
2120.243: [GC (Allocation Failure) [PSYoungGen: 68669K->1533K(69120K)] 383825K->316689K(744448K), 0.0015407 secs] [Times: user=0.00 sys=0.00, real=0.00 secs] 
2120.640: [GC (Allocation Failure) [PSYoungGen: 68605K->1568K(69120K)] 383761K->316740K(744448K), 0.0015159 secs] [Times: user=0.01 sys=0.00, real=0.00 secs] 
2121.226: [GC (Allocation Failure) [PSYoungGen: 68640K->1424K(69120K)] 383812K->316596K(744448K), 0.0020048 secs] [Times: user=0.01 sys=0.00, real=0.00 secs] 
2121.916: [GC (Allocation Failure) [PSYoungGen: 68496K->1408K(69120K)] 383668K->316580K(744448K), 0.0031368 secs] [Times: user=0.01 sys=0.00, real=0.00 secs] 
2122.446: [GC (Allocation Failure) [PSYoungGen: 68480K->1408K(69120K)] 383652K->316580K(744448K), 0.0022634 secs] [Times: user=0.01 sys=0.00, real=0.00 secs] 
2123.021: [GC (Allocation Failure) [PSYoungGen: 68480K->1376K(69120K)] 383652K->316548K(744448K), 0.0030374 secs] [Times: user=0.01 sys=0.00, real=0.00 secs] 
2123.549: [GC (Allocation Failure) [PSYoungGen: 68448K->1501K(69120K)] 383620K->316673K(744448K), 0.0015478 secs] [Times: user=0.00 sys=0.00, real=0.01 secs] 
2123.941: [GC (Allocation Failure) [PSYoungGen: 68573K->1520K(69120K)] 383745K->316692K(744448K), 0.0015323 secs] [Times: user=0.01 sys=0.00, real=0.00 secs] 
2124.339: [GC (Allocation Failure) [PSYoungGen: 68592K->1584K(69120K)] 383764K->316756K(744448K), 0.0017031 secs] [Times: user=0.01 sys=0.00, real=0.01 secs] 
2124.732: [GC (Allocation Failure) [PSYoungGen: 68656K->1584K(69120K)] 383828K->316772K(744448K), 0.0016284 secs] [Times: user=0.01 sys=0.00, real=0.00 secs] 
2125.060: [GC (Allocation Failure) [PSYoungGen: 68656K->1472K(69120K)] 383844K->316660K(744448K), 0.0016863 secs] [Times: user=0.00 sys=0.00, real=0.00 secs] 
2125.339: [GC (Allocation Failure) [PSYoungGen: 68544K->1376K(69120K)] 383732K->316588K(744448K), 0.0018439 secs] [Times: user=0.00 sys=0.00, real=0.01 secs] 
2125.618: [GC (Allocation Failure) [PSYoungGen: 68448K->1376K(69120K)] 383660K->316588K(744448K), 0.0016620 secs] [Times: user=0.01 sys=0.00, real=0.00 secs] 
2125.896: [GC (Allocation Failure) [PSYoungGen: 68448K->1376K(69120K)] 383660K->316588K(744448K), 0.0018835 secs] [Times: user=0.01 sys=0.00, real=0.00 secs] 
2126.304: [GC (Allocation Failure) [PSYoungGen: 68448K->1469K(69120K)] 383660K->316681K(744448K), 0.0015171 secs] [Times: user=0.01 sys=0.00, real=0.00 secs] 
2126.696: [GC (Allocation Failure) [PSYoungGen: 68541K->1533K(69120K)] 383753K->316745K(744448K), 0.0015830 secs] [Times: user=0.00 sys=0.00, real=0.00 secs] 
2127.087: [GC (Allocation Failure) [PSYoungGen: 68605K->1552K(69120K)] 383817K->316764K(744448K), 0.0016404 secs] [Times: user=0.01 sys=0.00, real=0.00 secs] 
2127.466: [GC (Allocation Failure) [PSYoungGen: 68624K->2016K(69120K)] 383836K->317228K(744448K), 0.0016381 secs] [Times: user=0.00 sys=0.00, real=0.00 secs] 
2128.255: [GC (Allocation Failure) [PSYoungGen: 69088K->1344K(69120K)] 384300K->316556K(744448K), 0.0029596 secs] [Times: user=0.01 sys=0.00, real=0.00 secs] 
2129.142: [GC (Allocation Failure) [PSYoungGen: 68416K->1408K(69120K)] 383628K->316620K(744448K), 0.0029010 secs] [Times: user=0.01 sys=0.00, real=0.00 secs] 
2130.226: [GC (Allocation Failure) [PSYoungGen: 68480K->1440K(69120K)] 383692K->316652K(744448K), 0.0038101 secs] [Times: user=0.01 sys=0.01, real=0.01 secs] 
2131.248: [GC (Allocation Failure) [PSYoungGen: 68512K->1376K(69120K)] 383724K->316588K(744448K), 0.0032785 secs] [Times: user=0.01 sys=0.01, real=0.01 secs] 
2131.804: [GC (Allocation Failure) [PSYoungGen: 68448K->1536K(69120K)] 383660K->316748K(744448K), 0.0015325 secs] [Times: user=0.00 sys=0.00, real=0.00 secs] 
2132.196: [GC (Allocation Failure) [PSYoungGen: 68608K->1552K(69120K)] 383820K->316764K(744448K), 0.0016434 secs] [Times: user=0.01 sys=0.00, real=0.00 secs] 
2132.587: [GC (Allocation Failure) [PSYoungGen: 68624K->1584K(69120K)] 383836K->316796K(744448K), 0.0015357 secs] [Times: user=0.01 sys=0.00, real=0.00 secs] 
2133.143: [GC (Allocation Failure) [PSYoungGen: 68656K->1504K(69120K)] 383868K->316716K(744448K), 0.0020137 secs] [Times: user=0.01 sys=0.00, real=0.00 secs] 
2133.984: [GC (Allocation Failure) [PSYoungGen: 68576K->1344K(69120K)] 383788K->316556K(744448K), 0.0067143 secs] [Times: user=0.03 sys=0.00, real=0.01 secs] 
2134.839: [GC (Allocation Failure) [PSYoungGen: 68416K->1408K(69120K)] 383628K->316620K(744448K), 0.0036521 secs] [Times: user=0.02 sys=0.00, real=0.01 secs] 
2135.429: [GC (Allocation Failure) [PSYoungGen: 68480K->1408K(69120K)] 383692K->316620K(744448K), 0.0025124 secs] [Times: user=0.01 sys=0.00, real=0.01 secs] 
2136.111: [GC (Allocation Failure) [PSYoungGen: 68480K->1469K(69120K)] 383692K->316681K(744448K), 0.0022867 secs] [Times: user=0.01 sys=0.00, real=0.00 secs] 
2136.542: [GC (Allocation Failure) [PSYoungGen: 68541K->1616K(69120K)] 383753K->316828K(744448K), 0.0017989 secs] [Times: user=0.01 sys=0.00, real=0.00 secs] 
2136.997: [GC (Allocation Failure) [PSYoungGen: 68688K->1565K(69120K)] 383900K->316777K(744448K), 0.0016949 secs] [Times: user=0.01 sys=0.00, real=0.00 secs] 
2137.448: [GC (Allocation Failure) [PSYoungGen: 68637K->1584K(69120K)] 383849K->316812K(744448K), 0.0015826 secs] [Times: user=0.01 sys=0.00, real=0.00 secs] 
2137.917: [GC (Allocation Failure) [PSYoungGen: 68656K->1488K(69120K)] 383884K->316740K(744448K), 0.0022991 secs] [Times: user=0.01 sys=0.00, real=0.00 secs] 
2138.379: [GC (Allocation Failure) [PSYoungGen: 68560K->1440K(69120K)] 383812K->316692K(744448K), 0.0020500 secs] [Times: user=0.01 sys=0.00, real=0.01 secs] 
2138.915: [GC (Allocation Failure) [PSYoungGen: 68512K->1408K(69120K)] 383764K->316660K(744448K), 0.0020673 secs] [Times: user=0.00 sys=0.00, real=0.00 secs] 
2139.504: [GC (Allocation Failure) [PSYoungGen: 68480K->1408K(69120K)] 383732K->316660K(744448K), 0.0019455 secs] [Times: user=0.01 sys=0.00, real=0.00 secs] 
2140.174: [GC (Allocation Failure) [PSYoungGen: 68480K->1440K(69120K)] 383732K->316692K(744448K), 0.0017616 secs] [Times: user=0.01 sys=0.00, real=0.00 secs] 
2140.566: [GC (Allocation Failure) [PSYoungGen: 68512K->1565K(69120K)] 383764K->316817K(744448K), 0.0015798 secs] [Times: user=0.01 sys=0.00, real=0.00 secs] 
2140.961: [GC (Allocation Failure) [PSYoungGen: 68637K->1552K(69120K)] 383889K->316804K(744448K), 0.0016361 secs] [Times: user=0.01 sys=0.00, real=0.00 secs] 
2141.353: [GC (Allocation Failure) [PSYoungGen: 68624K->1584K(69120K)] 383876K->316852K(744448K), 0.0015992 secs] [Times: user=0.00 sys=0.00, real=0.00 secs] 
2141.922: [GC (Allocation Failure) [PSYoungGen: 68656K->1392K(69120K)] 383924K->316660K(744448K), 0.0019678 secs] [Times: user=0.01 sys=0.00, real=0.00 secs] 
2142.215: [GC (Allocation Failure) [PSYoungGen: 68464K->1408K(69120K)] 383732K->316676K(744448K), 0.0019137 secs] [Times: user=0.01 sys=0.00, real=0.00 secs] 
2142.540: [GC (Allocation Failure) [PSYoungGen: 68480K->1408K(69120K)] 383748K->316676K(744448K), 0.0019871 secs] [Times: user=0.00 sys=0.00, real=0.01 secs] 
2142.818: [GC (Allocation Failure) [PSYoungGen: 68480K->1376K(69120K)] 383748K->316644K(744448K), 0.0019206 secs] [Times: user=0.01 sys=0.00, real=0.01 secs] 
2143.168: [GC (Allocation Failure) [PSYoungGen: 68448K->1565K(69120K)] 383716K->316833K(744448K), 0.0016026 secs] [Times: user=0.01 sys=0.00, real=0.00 secs] 
2143.559: [GC (Allocation Failure) [PSYoungGen: 68637K->1552K(69120K)] 383905K->316820K(744448K), 0.0016150 secs] [Times: user=0.00 sys=0.00, real=0.01 secs] 
2143.950: [GC (Allocation Failure) [PSYoungGen: 68624K->1565K(69120K)] 383892K->316833K(744448K), 0.0016738 secs] [Times: user=0.00 sys=0.00, real=0.00 secs] 
2144.346: [GC (Allocation Failure) [PSYoungGen: 68637K->1552K(69120K)] 383905K->316836K(744448K), 0.0016343 secs] [Times: user=0.01 sys=0.00, real=0.00 secs] 
2144.726: [GC (Allocation Failure) [PSYoungGen: 68624K->1360K(69120K)] 383908K->316660K(744448K), 0.0019245 secs] [Times: user=0.01 sys=0.00, real=0.00 secs] 
2145.005: [GC (Allocation Failure) [PSYoungGen: 68432K->1360K(69120K)] 383732K->316660K(744448K), 0.0016864 secs] [Times: user=0.00 sys=0.00, real=0.00 secs] 
2145.350: [GC (Allocation Failure) [PSYoungGen: 68432K->1408K(69120K)] 383732K->316708K(744448K), 0.0018274 secs] [Times: user=0.00 sys=0.00, real=0.01 secs] 
2145.983: [GC (Allocation Failure) [PSYoungGen: 68480K->1376K(69120K)] 383780K->316676K(744448K), 0.0021275 secs] [Times: user=0.01 sys=0.01, real=0.00 secs] 
2146.492: [GC (Allocation Failure) [PSYoungGen: 68448K->1504K(69120K)] 383748K->316804K(744448K), 0.0016145 secs] [Times: user=0.01 sys=0.00, real=0.00 secs] 
2146.884: [GC (Allocation Failure) [PSYoungGen: 68572K->1600K(69120K)] 383872K->316900K(744448K), 0.0016745 secs] [Times: user=0.00 sys=0.00, real=0.00 secs] 
2147.277: [GC (Allocation Failure) [PSYoungGen: 68672K->1520K(69120K)] 383972K->316820K(744448K), 0.0016525 secs] [Times: user=0.01 sys=0.00, real=0.00 secs] 
2147.670: [GC (Allocation Failure) [PSYoungGen: 68592K->1552K(69120K)] 383892K->316884K(744448K), 0.0015407 secs] [Times: user=0.00 sys=0.00, real=0.01 secs] 
2148.281: [GC (Allocation Failure) [PSYoungGen: 68624K->1392K(69120K)] 383956K->316724K(744448K), 0.0017843 secs] [Times: user=0.01 sys=0.00, real=0.00 secs] 
2149.032: [GC (Allocation Failure) [PSYoungGen: 68464K->1328K(69120K)] 383796K->316660K(744448K), 0.0019101 secs] [Times: user=0.01 sys=0.00, real=0.00 secs] 
2149.654: [GC (Allocation Failure) [PSYoungGen: 68400K->1392K(69120K)] 383732K->316724K(744448K), 0.0021580 secs] [Times: user=0.00 sys=0.00, real=0.00 secs] 
2150.251: [GC (Allocation Failure) [PSYoungGen: 68464K->1376K(69120K)] 383796K->316708K(744448K), 0.0021272 secs] [Times: user=0.01 sys=0.00, real=0.00 secs] 
2150.760: [GC (Allocation Failure) [PSYoungGen: 68448K->1472K(69120K)] 383780K->316804K(744448K), 0.0016311 secs] [Times: user=0.00 sys=0.00, real=0.01 secs] 
2151.152: [GC (Allocation Failure) [PSYoungGen: 68544K->1565K(69120K)] 383876K->316897K(744448K), 0.0016694 secs] [Times: user=0.00 sys=0.00, real=0.00 secs] 
2151.544: [GC (Allocation Failure) [PSYoungGen: 68637K->1549K(69120K)] 383969K->316881K(744448K), 0.0015309 secs] [Times: user=0.00 sys=0.00, real=0.00 secs] 
2152.140: [GC (Allocation Failure) [PSYoungGen: 68621K->1456K(69120K)] 383953K->316796K(744448K), 0.0018311 secs] [Times: user=0.01 sys=0.00, real=0.01 secs] 
2153.315: [GC (Allocation Failure) [PSYoungGen: 68528K->1376K(69120K)] 383868K->316716K(744448K), 0.0019128 secs] [Times: user=0.01 sys=0.00, real=0.00 secs] 
2153.845: [GC (Allocation Failure) [PSYoungGen: 68448K->1376K(69120K)] 383788K->316716K(744448K), 0.0020001 secs] [Times: user=0.01 sys=0.00, real=0.00 secs] 
2154.429: [GC (Allocation Failure) [PSYoungGen: 68448K->1408K(69120K)] 383788K->316748K(744448K), 0.0020721 secs] [Times: user=0.00 sys=0.01, real=0.01 secs] 
2155.103: [GC (Allocation Failure) [PSYoungGen: 68480K->1344K(69120K)] 383820K->316684K(744448K), 0.0020759 secs] [Times: user=0.00 sys=0.00, real=0.00 secs] 
2155.550: [GC (Allocation Failure) [PSYoungGen: 68416K->1565K(69120K)] 383756K->316905K(744448K), 0.0016882 secs] [Times: user=0.00 sys=0.00, real=0.01 secs] 
2155.943: [GC (Allocation Failure) [PSYoungGen: 68637K->1568K(69120K)] 383977K->316908K(744448K), 0.0015328 secs] [Times: user=0.00 sys=0.00, real=0.00 secs] 
2156.336: [GC (Allocation Failure) [PSYoungGen: 68640K->1597K(69120K)] 383980K->316937K(744448K), 0.0016409 secs] [Times: user=0.01 sys=0.00, real=0.00 secs] 
2156.770: [GC (Allocation Failure) [PSYoungGen: 68669K->1488K(69120K)] 384009K->316844K(744448K), 0.0019351 secs] [Times: user=0.01 sys=0.00, real=0.01 secs] 
2157.054: [GC (Allocation Failure) [PSYoungGen: 68560K->1408K(69120K)] 383916K->316764K(744448K), 0.0020891 secs] [Times: user=0.01 sys=0.00, real=0.00 secs] 
2157.380: [GC (Allocation Failure) [PSYoungGen: 68480K->1392K(69120K)] 383836K->316748K(744448K), 0.0022241 secs] [Times: user=0.01 sys=0.00, real=0.01 secs] 
2157.697: [GC (Allocation Failure) [PSYoungGen: 68464K->1360K(69120K)] 383820K->316716K(744448K), 0.0022527 secs] [Times: user=0.01 sys=0.00, real=0.00 secs] 
2158.067: [GC (Allocation Failure) [PSYoungGen: 68432K->1469K(69120K)] 383788K->316825K(744448K), 0.0015874 secs] [Times: user=0.00 sys=0.00, real=0.00 secs] 
2158.468: [GC (Allocation Failure) [PSYoungGen: 68541K->1533K(69120K)] 383897K->316889K(744448K), 0.0017975 secs] [Times: user=0.01 sys=0.00, real=0.01 secs] 
2158.863: [GC (Allocation Failure) [PSYoungGen: 68605K->1565K(69120K)] 383961K->316921K(744448K), 0.0017186 secs] [Times: user=0.00 sys=0.00, real=0.00 secs] 
2159.258: [GC (Allocation Failure) [PSYoungGen: 68637K->1533K(69120K)] 383993K->316905K(744448K), 0.0016047 secs] [Times: user=0.01 sys=0.00, real=0.00 secs] 
2159.716: [GC (Allocation Failure) [PSYoungGen: 68605K->1488K(69120K)] 383977K->316860K(744448K), 0.0019038 secs] [Times: user=0.01 sys=0.00, real=0.00 secs] 
2159.995: [GC (Allocation Failure) [PSYoungGen: 68560K->1376K(69120K)] 383932K->316748K(744448K), 0.0018751 secs] [Times: user=0.01 sys=0.00, real=0.00 secs] 
2160.274: [GC (Allocation Failure) [PSYoungGen: 68448K->1392K(69120K)] 383820K->316764K(744448K), 0.0019880 secs] [Times: user=0.00 sys=0.00, real=0.00 secs] 
2160.553: [GC (Allocation Failure) [PSYoungGen: 68464K->1344K(69120K)] 383836K->316716K(744448K), 0.0017689 secs] [Times: user=0.01 sys=0.00, real=0.00 secs] 
2161.020: [GC (Allocation Failure) [PSYoungGen: 68416K->1501K(69120K)] 383788K->316873K(744448K), 0.0015568 secs] [Times: user=0.01 sys=0.00, real=0.01 secs] 
2161.410: [GC (Allocation Failure) [PSYoungGen: 68573K->1616K(69120K)] 383945K->316988K(744448K), 0.0016512 secs] [Times: user=0.01 sys=0.00, real=0.01 secs] 
2161.805: [GC (Allocation Failure) [PSYoungGen: 68688K->1597K(69120K)] 384060K->316969K(744448K), 0.0014937 secs] [Times: user=0.00 sys=0.00, real=0.00 secs] 
2162.259: [GC (Allocation Failure) [PSYoungGen: 68669K->1520K(69120K)] 384041K->316908K(744448K), 0.0016694 secs] [Times: user=0.00 sys=0.00, real=0.01 secs] 
2162.647: [GC (Allocation Failure) [PSYoungGen: 68592K->1392K(69120K)] 383980K->316780K(744448K), 0.0020657 secs] [Times: user=0.00 sys=0.00, real=0.00 secs] 
2162.980: [GC (Allocation Failure) [PSYoungGen: 68464K->1376K(69120K)] 383852K->316764K(744448K), 0.0018789 secs] [Times: user=0.01 sys=0.00, real=0.01 secs] 
2163.308: [GC (Allocation Failure) [PSYoungGen: 68448K->1344K(69120K)] 383836K->316732K(744448K), 0.0019077 secs] [Times: user=0.01 sys=0.00, real=0.00 secs] 
2163.587: [GC (Allocation Failure) [PSYoungGen: 68416K->1376K(69120K)] 383804K->316764K(744448K), 0.0019113 secs] [Times: user=0.01 sys=0.00, real=0.00 secs] 
2163.980: [GC (Allocation Failure) [PSYoungGen: 68448K->1533K(69120K)] 383836K->316953K(744448K), 0.0015658 secs] [Times: user=0.01 sys=0.00, real=0.01 secs] 
2164.376: [GC (Allocation Failure) [PSYoungGen: 68605K->1504K(69120K)] 384025K->316924K(744448K), 0.0015452 secs] [Times: user=0.00 sys=0.00, real=0.00 secs] 
2164.768: [GC (Allocation Failure) [PSYoungGen: 68576K->1552K(69120K)] 383996K->316972K(744448K), 0.0016663 secs] [Times: user=0.00 sys=0.00, real=0.00 secs] 
2165.160: [GC (Allocation Failure) [PSYoungGen: 68624K->1488K(69120K)] 384044K->316916K(744448K), 0.0015408 secs] [Times: user=0.01 sys=0.00, real=0.01 secs] 
2166.022: [GC (Allocation Failure) [PSYoungGen: 68560K->1408K(69120K)] 383988K->316836K(744448K), 0.0019588 secs] [Times: user=0.00 sys=0.00, real=0.00 secs] 
2166.733: [GC (Allocation Failure) [PSYoungGen: 68480K->1344K(69120K)] 383908K->316772K(744448K), 0.0031144 secs] [Times: user=0.01 sys=0.00, real=0.00 secs] 
2167.326: [GC (Allocation Failure) [PSYoungGen: 68416K->1344K(69120K)] 383844K->316772K(744448K), 0.0029766 secs] [Times: user=0.01 sys=0.00, real=0.00 secs] 
2167.958: [GC (Allocation Failure) [PSYoungGen: 68416K->1376K(69120K)] 383844K->316804K(744448K), 0.0027545 secs] [Times: user=0.01 sys=0.00, real=0.01 secs] 
2168.692: [GC (Allocation Failure) [PSYoungGen: 68448K->1488K(69120K)] 383876K->316916K(744448K), 0.0015150 secs] [Times: user=0.01 sys=0.00, real=0.00 secs] 
2169.083: [GC (Allocation Failure) [PSYoungGen: 68549K->1616K(69120K)] 383978K->317044K(744448K), 0.0017550 secs] [Times: user=0.01 sys=0.00, real=0.00 secs] 
2169.541: [GC (Allocation Failure) [PSYoungGen: 68688K->1533K(69120K)] 384116K->316961K(744448K), 0.0015243 secs] [Times: user=0.01 sys=0.00, real=0.00 secs] 
2170.220: [GC (Allocation Failure) [PSYoungGen: 68605K->1760K(69120K)] 384033K->317188K(744448K), 0.0020222 secs] [Times: user=0.01 sys=0.00, real=0.01 secs] 
2170.940: [GC (Allocation Failure) [PSYoungGen: 68832K->1408K(69120K)] 384260K->316836K(744448K), 0.0025854 secs] [Times: user=0.01 sys=0.00, real=0.01 secs] 
2171.576: [GC (Allocation Failure) [PSYoungGen: 68480K->1408K(69120K)] 383908K->316836K(744448K), 0.0026947 secs] [Times: user=0.02 sys=0.00, real=0.00 secs] 
2172.172: [GC (Allocation Failure) [PSYoungGen: 68480K->1408K(69120K)] 383908K->316836K(744448K), 0.0024758 secs] [Times: user=0.01 sys=0.00, real=0.00 secs] 
2172.522: [GC (Allocation Failure) [PSYoungGen: 68480K->1344K(69120K)] 383908K->316772K(744448K), 0.0020848 secs] [Times: user=0.01 sys=0.01, real=0.00 secs] 
2172.973: [GC (Allocation Failure) [PSYoungGen: 68416K->1568K(69120K)] 383844K->316996K(744448K), 0.0016565 secs] [Times: user=0.01 sys=0.00, real=0.00 secs] 
2173.365: [GC (Allocation Failure) [PSYoungGen: 68640K->1597K(69120K)] 384068K->317025K(744448K), 0.0016698 secs] [Times: user=0.01 sys=0.00, real=0.00 secs] 
2173.757: [GC (Allocation Failure) [PSYoungGen: 68669K->1533K(69120K)] 384097K->316961K(744448K), 0.0016832 secs] [Times: user=0.01 sys=0.00, real=0.00 secs] 
2174.459: [GC (Allocation Failure) [PSYoungGen: 68605K->1488K(69120K)] 384033K->316916K(744448K), 0.0027149 secs] [Times: user=0.01 sys=0.00, real=0.01 secs] 
2175.032: [GC (Allocation Failure) [PSYoungGen: 68560K->1376K(69120K)] 383988K->316804K(744448K), 0.0019263 secs] [Times: user=0.01 sys=0.00, real=0.00 secs] 
2175.311: [GC (Allocation Failure) [PSYoungGen: 68448K->1408K(69120K)] 383876K->316836K(744448K), 0.0019018 secs] [Times: user=0.01 sys=0.00, real=0.00 secs] 
2175.590: [GC (Allocation Failure) [PSYoungGen: 68480K->1376K(69120K)] 383908K->316812K(744448K), 0.0019565 secs] [Times: user=0.01 sys=0.00, real=0.01 secs] 
2175.912: [GC (Allocation Failure) [PSYoungGen: 68448K->1453K(69120K)] 383884K->316913K(744448K), 0.0018009 secs] [Times: user=0.01 sys=0.00, real=0.00 secs] 
2176.306: [GC (Allocation Failure) [PSYoungGen: 68525K->1600K(69120K)] 383985K->317060K(744448K), 0.0015377 secs] [Times: user=0.00 sys=0.00, real=0.00 secs] 
2176.699: [GC (Allocation Failure) [PSYoungGen: 68672K->1552K(69120K)] 384132K->317012K(744448K), 0.0015366 secs] [Times: user=0.01 sys=0.00, real=0.01 secs] 
2177.091: [GC (Allocation Failure) [PSYoungGen: 68624K->1584K(69120K)] 384084K->317060K(744448K), 0.0015464 secs] [Times: user=0.00 sys=0.00, real=0.00 secs] 
2177.784: [GC (Allocation Failure) [PSYoungGen: 68656K->1472K(69120K)] 384132K->316948K(744448K), 0.0022988 secs] [Times: user=0.01 sys=0.00, real=0.00 secs] 
2178.735: [GC (Allocation Failure) [PSYoungGen: 68544K->1440K(69120K)] 384020K->316916K(744448K), 0.0024622 secs] [Times: user=0.01 sys=0.00, real=0.00 secs] 
2179.695: [GC (Allocation Failure) [PSYoungGen: 68512K->1376K(69120K)] 383988K->316852K(744448K), 0.0020270 secs] [Times: user=0.01 sys=0.00, real=0.00 secs] 
2180.035: [GC (Allocation Failure) [PSYoungGen: 68448K->1408K(69120K)] 383924K->316884K(744448K), 0.0020566 secs] [Times: user=0.00 sys=0.00, real=0.00 secs] 
2180.581: [GC (Allocation Failure) [PSYoungGen: 68450K->1488K(69120K)] 383927K->316964K(744448K), 0.0022558 secs] [Times: user=0.01 sys=0.00, real=0.00 secs] 
2181.091: [GC (Allocation Failure) [PSYoungGen: 68560K->1536K(69120K)] 384036K->317012K(744448K), 0.0016406 secs] [Times: user=0.01 sys=0.00, real=0.00 secs] 
2181.484: [GC (Allocation Failure) [PSYoungGen: 68608K->1629K(69120K)] 384084K->317105K(744448K), 0.0016478 secs] [Times: user=0.00 sys=0.00, real=0.00 secs] 
2181.876: [GC (Allocation Failure) [PSYoungGen: 68701K->1536K(69120K)] 384177K->317020K(744448K), 0.0015867 secs] [Times: user=0.01 sys=0.00, real=0.00 secs] 
2182.247: [GC (Allocation Failure) [PSYoungGen: 68608K->1424K(69120K)] 384092K->316908K(744448K), 0.0023152 secs] [Times: user=0.01 sys=0.00, real=0.00 secs] 
2182.542: [GC (Allocation Failure) [PSYoungGen: 68496K->1344K(69120K)] 383980K->316828K(744448K), 0.0017571 secs] [Times: user=0.01 sys=0.00, real=0.00 secs] 
2182.855: [GC (Allocation Failure) [PSYoungGen: 68416K->1408K(69120K)] 383900K->316892K(744448K), 0.0019066 secs] [Times: user=0.01 sys=0.00, real=0.00 secs] 
2183.193: [GC (Allocation Failure) [PSYoungGen: 68480K->1344K(69120K)] 383964K->316828K(744448K), 0.0017929 secs] [Times: user=0.01 sys=0.00, real=0.00 secs] 
2183.643: [GC (Allocation Failure) [PSYoungGen: 68416K->1504K(69120K)] 383900K->316988K(744448K), 0.0018385 secs] [Times: user=0.01 sys=0.00, real=0.00 secs] 
2184.039: [GC (Allocation Failure) [PSYoungGen: 68576K->1552K(69120K)] 384060K->317036K(744448K), 0.0015419 secs] [Times: user=0.00 sys=0.00, real=0.00 secs] 
2184.433: [GC (Allocation Failure) [PSYoungGen: 68624K->1565K(69120K)] 384108K->317049K(744448K), 0.0016991 secs] [Times: user=0.01 sys=0.00, real=0.00 secs] 
2184.829: [GC (Allocation Failure) [PSYoungGen: 68637K->1552K(69120K)] 384121K->317052K(744448K), 0.0016724 secs] [Times: user=0.00 sys=0.00, real=0.01 secs] 
2185.171: [GC (Allocation Failure) [PSYoungGen: 68624K->1440K(69120K)] 384124K->316964K(744448K), 0.0029526 secs] [Times: user=0.01 sys=0.01, real=0.00 secs] 
2185.464: [GC (Allocation Failure) [PSYoungGen: 68512K->1376K(69120K)] 384036K->316900K(744448K), 0.0019382 secs] [Times: user=0.00 sys=0.00, real=0.00 secs] 
2185.742: [GC (Allocation Failure) [PSYoungGen: 68448K->1328K(69120K)] 383972K->316852K(744448K), 0.0017281 secs] [Times: user=0.01 sys=0.00, real=0.00 secs] 
2186.156: [GC (Allocation Failure) [PSYoungGen: 68400K->1376K(69120K)] 383924K->316900K(744448K), 0.0018498 secs] [Times: user=0.01 sys=0.00, real=0.00 secs] 
2186.646: [GC (Allocation Failure) [PSYoungGen: 68448K->1424K(69120K)] 383972K->316948K(744448K), 0.0016496 secs] [Times: user=0.00 sys=0.00, real=0.00 secs] 
2187.037: [GC (Allocation Failure) [PSYoungGen: 68496K->1504K(69120K)] 384020K->317028K(744448K), 0.0015669 secs] [Times: user=0.00 sys=0.00, real=0.00 secs] 
2187.494: [GC (Allocation Failure) [PSYoungGen: 68576K->1552K(69120K)] 384100K->317076K(744448K), 0.0017567 secs] [Times: user=0.01 sys=0.00, real=0.00 secs] 
2187.938: [GC (Allocation Failure) [PSYoungGen: 68624K->1472K(69120K)] 384148K->316996K(744448K), 0.0017392 secs] [Times: user=0.00 sys=0.00, real=0.00 secs] 
2188.741: [GC (Allocation Failure) [PSYoungGen: 68544K->1376K(69120K)] 384068K->316900K(744448K), 0.0028611 secs] [Times: user=0.01 sys=0.00, real=0.00 secs] 
2189.336: [GC (Allocation Failure) [PSYoungGen: 68448K->1392K(69120K)] 383972K->316916K(744448K), 0.0024671 secs] [Times: user=0.01 sys=0.00, real=0.00 secs] 
2190.056: [GC (Allocation Failure) [PSYoungGen: 68464K->1376K(69120K)] 383988K->316900K(744448K), 0.0024675 secs] [Times: user=0.01 sys=0.01, real=0.00 secs] 
2191.066: [GC (Allocation Failure) [PSYoungGen: 68448K->1344K(69120K)] 383972K->316868K(744448K), 0.0029745 secs] [Times: user=0.01 sys=0.01, real=0.00 secs] 
2191.634: [GC (Allocation Failure) [PSYoungGen: 68416K->1597K(69120K)] 383940K->317121K(744448K), 0.0017445 secs] [Times: user=0.00 sys=0.00, real=0.00 secs] 
2192.080: [GC (Allocation Failure) [PSYoungGen: 68669K->1565K(69120K)] 384193K->317089K(744448K), 0.0017923 secs] [Times: user=0.01 sys=0.00, real=0.01 secs] 
2192.470: [GC (Allocation Failure) [PSYoungGen: 68637K->1552K(69120K)] 384161K->317076K(744448K), 0.0017840 secs] [Times: user=0.00 sys=0.00, real=0.00 secs] 
2193.027: [GC (Allocation Failure) [PSYoungGen: 68624K->1488K(69120K)] 384148K->317012K(744448K), 0.0023832 secs] [Times: user=0.01 sys=0.00, real=0.00 secs] 
2193.585: [GC (Allocation Failure) [PSYoungGen: 68560K->1408K(69120K)] 384084K->316932K(744448K), 0.0026211 secs] [Times: user=0.01 sys=0.00, real=0.00 secs] 
2194.153: [GC (Allocation Failure) [PSYoungGen: 68480K->1376K(69120K)] 384004K->316900K(744448K), 0.0027415 secs] [Times: user=0.00 sys=0.00, real=0.00 secs] 
2194.697: [GC (Allocation Failure) [PSYoungGen: 68448K->1408K(69120K)] 383972K->316932K(744448K), 0.0025861 secs] [Times: user=0.01 sys=0.00, real=0.00 secs] 
2195.279: [GC (Allocation Failure) [PSYoungGen: 68480K->1469K(69120K)] 384004K->316993K(744448K), 0.0024134 secs] [Times: user=0.00 sys=0.00, real=0.01 secs] 
2195.738: [GC (Allocation Failure) [PSYoungGen: 68541K->1597K(69120K)] 384065K->317121K(744448K), 0.0016557 secs] [Times: user=0.01 sys=0.00, real=0.00 secs] 
2196.131: [GC (Allocation Failure) [PSYoungGen: 68669K->1520K(69120K)] 384193K->317044K(744448K), 0.0015069 secs] [Times: user=0.01 sys=0.00, real=0.00 secs] 
2196.523: [GC (Allocation Failure) [PSYoungGen: 68592K->1597K(69120K)] 384116K->317129K(744448K), 0.0016643 secs] [Times: user=0.01 sys=0.00, real=0.00 secs] 
2197.068: [GC (Allocation Failure) [PSYoungGen: 68669K->1488K(69120K)] 384201K->317052K(744448K), 0.0020173 secs] [Times: user=0.01 sys=0.00, real=0.01 secs] 
2197.610: [GC (Allocation Failure) [PSYoungGen: 68560K->1376K(69120K)] 384124K->316940K(744448K), 0.0031874 secs] [Times: user=0.01 sys=0.00, real=0.01 secs] 
2198.239: [GC (Allocation Failure) [PSYoungGen: 68448K->1408K(69120K)] 384012K->316972K(744448K), 0.0024520 secs] [Times: user=0.01 sys=0.00, real=0.01 secs] 
2198.918: [GC (Allocation Failure) [PSYoungGen: 68480K->1376K(69120K)] 384044K->316940K(744448K), 0.0023967 secs] [Times: user=0.01 sys=0.00, real=0.01 secs] 
2199.529: [GC (Allocation Failure) [PSYoungGen: 68448K->1469K(69120K)] 384012K->317033K(744448K), 0.0017144 secs] [Times: user=0.00 sys=0.00, real=0.01 secs] 
2199.925: [GC (Allocation Failure) [PSYoungGen: 68541K->1584K(69120K)] 384105K->317148K(744448K), 0.0015432 secs] [Times: user=0.01 sys=0.00, real=0.00 secs] 
2200.317: [GC (Allocation Failure) [PSYoungGen: 68656K->1552K(69120K)] 384220K->317116K(744448K), 0.0015570 secs] [Times: user=0.00 sys=0.00, real=0.00 secs] 
2200.708: [GC (Allocation Failure) [PSYoungGen: 68624K->1568K(69120K)] 384188K->317148K(744448K), 0.0015185 secs] [Times: user=0.00 sys=0.00, real=0.00 secs] 
2201.065: [GC (Allocation Failure) [PSYoungGen: 68640K->1504K(69120K)] 384220K->317084K(744448K), 0.0017554 secs] [Times: user=0.00 sys=0.00, real=0.00 secs] 
2201.344: [GC (Allocation Failure) [PSYoungGen: 68576K->1312K(69120K)] 384156K->316892K(744448K), 0.0018074 secs] [Times: user=0.01 sys=0.00, real=0.00 secs] 
2201.624: [GC (Allocation Failure) [PSYoungGen: 68384K->1376K(69120K)] 383964K->316956K(744448K), 0.0017246 secs] [Times: user=0.00 sys=0.00, real=0.00 secs] 
2202.095: [GC (Allocation Failure) [PSYoungGen: 68448K->1408K(69120K)] 384028K->316988K(744448K), 0.0017178 secs] [Times: user=0.00 sys=0.00, real=0.00 secs] 
2202.621: [GC (Allocation Failure) [PSYoungGen: 68480K->1453K(69120K)] 384060K->317033K(744448K), 0.0016122 secs] [Times: user=0.00 sys=0.00, real=0.00 secs] 
2203.014: [GC (Allocation Failure) [PSYoungGen: 68525K->1536K(69120K)] 384105K->317116K(744448K), 0.0016503 secs] [Times: user=0.00 sys=0.00, real=0.00 secs] 
2203.406: [GC (Allocation Failure) [PSYoungGen: 68608K->1536K(69120K)] 384188K->317116K(744448K), 0.0016622 secs] [Times: user=0.00 sys=0.00, real=0.00 secs] 
2203.797: [GC (Allocation Failure) [PSYoungGen: 68608K->1584K(69120K)] 384188K->317180K(744448K), 0.0016477 secs] [Times: user=0.00 sys=0.00, real=0.00 secs] 
2204.293: [GC (Allocation Failure) [PSYoungGen: 68656K->1408K(69120K)] 384252K->317004K(744448K), 0.0016241 secs] [Times: user=0.01 sys=0.00, real=0.00 secs] 
2204.828: [GC (Allocation Failure) [PSYoungGen: 68480K->1376K(69120K)] 384076K->316988K(744448K), 0.0037035 secs] [Times: user=0.01 sys=0.00, real=0.01 secs] 
2205.432: [GC (Allocation Failure) [PSYoungGen: 68448K->1408K(69120K)] 384060K->317020K(744448K), 0.0029934 secs] [Times: user=0.01 sys=0.00, real=0.00 secs] 
2205.996: [GC (Allocation Failure) [PSYoungGen: 68480K->1408K(69120K)] 384092K->317020K(744448K), 0.0029546 secs] [Times: user=0.01 sys=0.00, real=0.00 secs] 
2206.575: [GC (Allocation Failure) [PSYoungGen: 68480K->1488K(69120K)] 384092K->317108K(744448K), 0.0016017 secs] [Times: user=0.00 sys=0.00, real=0.00 secs] 
2206.966: [GC (Allocation Failure) [PSYoungGen: 68560K->1488K(69120K)] 384180K->317108K(744448K), 0.0014973 secs] [Times: user=0.00 sys=0.00, real=0.00 secs] 
2207.357: [GC (Allocation Failure) [PSYoungGen: 68560K->1520K(69120K)] 384180K->317140K(744448K), 0.0015454 secs] [Times: user=0.01 sys=0.00, real=0.00 secs] 
2207.749: [GC (Allocation Failure) [PSYoungGen: 68592K->1488K(69120K)] 384212K->317124K(744448K), 0.0016138 secs] [Times: user=0.00 sys=0.00, real=0.01 secs] 
2208.744: [GC (Allocation Failure) [PSYoungGen: 68560K->1408K(69120K)] 384196K->317044K(744448K), 0.0023011 secs] [Times: user=0.01 sys=0.00, real=0.00 secs] 
2209.611: [GC (Allocation Failure) [PSYoungGen: 68480K->1344K(69120K)] 384116K->316980K(744448K), 0.0021821 secs] [Times: user=0.01 sys=0.00, real=0.00 secs] 
2210.601: [GC (Allocation Failure) [PSYoungGen: 68416K->1408K(69120K)] 384052K->317044K(744448K), 0.0030412 secs] [Times: user=0.01 sys=0.00, real=0.00 secs] 
2211.324: [GC (Allocation Failure) [PSYoungGen: 68480K->1376K(69120K)] 384116K->317012K(744448K), 0.0029695 secs] [Times: user=0.01 sys=0.00, real=0.00 secs] 
2211.787: [GC (Allocation Failure) [PSYoungGen: 68448K->1552K(69120K)] 384084K->317188K(744448K), 0.0015847 secs] [Times: user=0.01 sys=0.00, real=0.00 secs] 
2212.177: [GC (Allocation Failure) [PSYoungGen: 68624K->1520K(69120K)] 384260K->317156K(744448K), 0.0016375 secs] [Times: user=0.01 sys=0.00, real=0.00 secs] 
2212.569: [GC (Allocation Failure) [PSYoungGen: 68592K->1597K(69120K)] 384228K->317233K(744448K), 0.0015476 secs] [Times: user=0.00 sys=0.00, real=0.01 secs] 
2213.099: [GC (Allocation Failure) [PSYoungGen: 68669K->2016K(69120K)] 384305K->317652K(744448K), 0.0018960 secs] [Times: user=0.01 sys=0.00, real=0.01 secs] 
2214.266: [GC (Allocation Failure) [PSYoungGen: 69088K->1376K(69120K)] 384724K->317012K(744448K), 0.0037278 secs] [Times: user=0.01 sys=0.00, real=0.00 secs] 
2215.283: [GC (Allocation Failure) [PSYoungGen: 68448K->1376K(69120K)] 384084K->317012K(744448K), 0.0040278 secs] [Times: user=0.02 sys=0.01, real=0.00 secs] 
2216.041: [GC (Allocation Failure) [PSYoungGen: 68448K->1376K(69120K)] 384084K->317012K(744448K), 0.0024797 secs] [Times: user=0.01 sys=0.00, real=0.00 secs] 
2216.545: [GC (Allocation Failure) [PSYoungGen: 68448K->1392K(69120K)] 384084K->317036K(744448K), 0.0022575 secs] [Times: user=0.01 sys=0.00, real=0.00 secs] 
2216.972: [GC (Allocation Failure) [PSYoungGen: 68464K->1504K(69120K)] 384108K->317148K(744448K), 0.0016891 secs] [Times: user=0.00 sys=0.00, real=0.00 secs] 
2217.364: [GC (Allocation Failure) [PSYoungGen: 68576K->1584K(69120K)] 384220K->317228K(744448K), 0.0016579 secs] [Times: user=0.01 sys=0.00, real=0.00 secs] 
2217.755: [GC (Allocation Failure) [PSYoungGen: 68656K->1552K(69120K)] 384300K->317196K(744448K), 0.0016368 secs] [Times: user=0.00 sys=0.00, real=0.00 secs] 
2218.401: [GC (Allocation Failure) [PSYoungGen: 68624K->1488K(69120K)] 384268K->317140K(744448K), 0.0022823 secs] [Times: user=0.00 sys=0.00, real=0.00 secs] 
2219.535: [GC (Allocation Failure) [PSYoungGen: 68560K->1376K(69120K)] 384212K->317028K(744448K), 0.0038796 secs] [Times: user=0.01 sys=0.00, real=0.00 secs] 
2220.077: [GC (Allocation Failure) [PSYoungGen: 68448K->1408K(69120K)] 384100K->317060K(744448K), 0.0029992 secs] [Times: user=0.01 sys=0.00, real=0.01 secs] 
2220.785: [GC (Allocation Failure) [PSYoungGen: 68480K->1376K(69120K)] 384132K->317028K(744448K), 0.0025653 secs] [Times: user=0.01 sys=0.00, real=0.00 secs] 
2221.490: [GC (Allocation Failure) [PSYoungGen: 68448K->1424K(69120K)] 384100K->317076K(744448K), 0.0022846 secs] [Times: user=0.01 sys=0.00, real=0.01 secs] 
2221.932: [GC (Allocation Failure) [PSYoungGen: 68496K->1517K(69120K)] 384148K->317169K(744448K), 0.0018102 secs] [Times: user=0.01 sys=0.00, real=0.00 secs] 
2222.323: [GC (Allocation Failure) [PSYoungGen: 68589K->1584K(69120K)] 384241K->317236K(744448K), 0.0017921 secs] [Times: user=0.00 sys=0.00, real=0.00 secs] 
2222.716: [GC (Allocation Failure) [PSYoungGen: 68656K->1597K(69120K)] 384308K->317265K(744448K), 0.0017184 secs] [Times: user=0.01 sys=0.00, real=0.00 secs] 
2223.355: [GC (Allocation Failure) [PSYoungGen: 68669K->1504K(69120K)] 384337K->317172K(744448K), 0.0020121 secs] [Times: user=0.01 sys=0.00, real=0.00 secs] 
2223.962: [GC (Allocation Failure) [PSYoungGen: 68576K->1408K(69120K)] 384244K->317076K(744448K), 0.0029746 secs] [Times: user=0.01 sys=0.00, real=0.00 secs] 
2224.268: [GC (Allocation Failure) [PSYoungGen: 68480K->1424K(69120K)] 384148K->317092K(744448K), 0.0021868 secs] [Times: user=0.01 sys=0.00, real=0.00 secs] 
2224.600: [GC (Allocation Failure) [PSYoungGen: 68496K->1360K(69120K)] 384164K->317028K(744448K), 0.0019326 secs] [Times: user=0.00 sys=0.00, real=0.01 secs] 
2225.002: [GC (Allocation Failure) [PSYoungGen: 68432K->1421K(69120K)] 384100K->317089K(744448K), 0.0015735 secs] [Times: user=0.00 sys=0.00, real=0.00 secs] 
2225.392: [GC (Allocation Failure) [PSYoungGen: 68493K->1600K(69120K)] 384161K->317268K(744448K), 0.0015304 secs] [Times: user=0.01 sys=0.00, real=0.00 secs] 
2225.787: [GC (Allocation Failure) [PSYoungGen: 68672K->1533K(69120K)] 384340K->317201K(744448K), 0.0016248 secs] [Times: user=0.01 sys=0.00, real=0.00 secs] 
2226.182: [GC (Allocation Failure) [PSYoungGen: 68605K->1520K(69120K)] 384273K->317212K(744448K), 0.0015429 secs] [Times: user=0.00 sys=0.00, real=0.00 secs] 
2227.350: [GC (Allocation Failure) [PSYoungGen: 68592K->1408K(69120K)] 384284K->317100K(744448K), 0.0036847 secs] [Times: user=0.02 sys=0.00, real=0.01 secs] 
2228.282: [GC (Allocation Failure) [PSYoungGen: 68480K->1376K(69120K)] 384172K->317068K(744448K), 0.0035060 secs] [Times: user=0.01 sys=0.00, real=0.00 secs] 
2228.945: [GC (Allocation Failure) [PSYoungGen: 68448K->1408K(69120K)] 384140K->317100K(744448K), 0.0025135 secs] [Times: user=0.01 sys=0.00, real=0.00 secs] 
2229.455: [GC (Allocation Failure) [PSYoungGen: 68480K->1424K(69120K)] 384172K->317116K(744448K), 0.0024159 secs] [Times: user=0.01 sys=0.00, real=0.00 secs] 
2229.880: [GC (Allocation Failure) [PSYoungGen: 68496K->1485K(69120K)] 384188K->317177K(744448K), 0.0015691 secs] [Times: user=0.01 sys=0.00, real=0.01 secs] 
2230.285: [GC (Allocation Failure) [PSYoungGen: 68557K->1597K(69120K)] 384249K->317289K(744448K), 0.0016516 secs] [Times: user=0.00 sys=0.00, real=0.00 secs] 
2230.680: [GC (Allocation Failure) [PSYoungGen: 68669K->1584K(69120K)] 384361K->317276K(744448K), 0.0016866 secs] [Times: user=0.01 sys=0.00, real=0.00 secs] 
2231.073: [GC (Allocation Failure) [PSYoungGen: 68656K->1552K(69120K)] 384348K->317260K(744448K), 0.0015812 secs] [Times: user=0.01 sys=0.00, real=0.00 secs] 
2231.985: [GC (Allocation Failure) [PSYoungGen: 68624K->1472K(69120K)] 384332K->317180K(744448K), 0.0030315 secs] [Times: user=0.01 sys=0.00, real=0.00 secs] 
2232.597: [GC (Allocation Failure) [PSYoungGen: 68544K->1376K(69120K)] 384252K->317084K(744448K), 0.0023479 secs] [Times: user=0.01 sys=0.00, real=0.00 secs] 
2233.196: [GC (Allocation Failure) [PSYoungGen: 68448K->1408K(69120K)] 384156K->317116K(744448K), 0.0030477 secs] [Times: user=0.01 sys=0.00, real=0.00 secs] 
2233.830: [GC (Allocation Failure) [PSYoungGen: 68480K->1376K(69120K)] 384188K->317084K(744448K), 0.0027460 secs] [Times: user=0.01 sys=0.00, real=0.01 secs] 
2234.361: [GC (Allocation Failure) [PSYoungGen: 68448K->1440K(69120K)] 384156K->317148K(744448K), 0.0015660 secs] [Times: user=0.01 sys=0.00, real=0.00 secs] 
2234.752: [GC (Allocation Failure) [PSYoungGen: 68512K->1552K(69120K)] 384220K->317260K(744448K), 0.0015129 secs] [Times: user=0.01 sys=0.00, real=0.00 secs] 
2235.148: [GC (Allocation Failure) [PSYoungGen: 68624K->1552K(69120K)] 384332K->317260K(744448K), 0.0015408 secs] [Times: user=0.00 sys=0.00, real=0.00 secs] 
2235.540: [GC (Allocation Failure) [PSYoungGen: 68624K->1584K(69120K)] 384332K->317308K(744448K), 0.0016156 secs] [Times: user=0.00 sys=0.00, real=0.01 secs] 
2236.090: [GC (Allocation Failure) [PSYoungGen: 68656K->1472K(69120K)] 384380K->317212K(744448K), 0.0016847 secs] [Times: user=0.01 sys=0.00, real=0.00 secs] 
2236.698: [GC (Allocation Failure) [PSYoungGen: 68544K->1392K(69120K)] 384284K->317132K(744448K), 0.0019057 secs] [Times: user=0.01 sys=0.00, real=0.00 secs] 
2237.290: [GC (Allocation Failure) [PSYoungGen: 68464K->1376K(69120K)] 384204K->317116K(744448K), 0.0019870 secs] [Times: user=0.01 sys=0.00, real=0.01 secs] 
2237.900: [GC (Allocation Failure) [PSYoungGen: 68448K->1408K(69120K)] 384188K->317148K(744448K), 0.0018664 secs] [Times: user=0.01 sys=0.00, real=0.01 secs] 
2238.416: [GC (Allocation Failure) [PSYoungGen: 68480K->1533K(69120K)] 384220K->317273K(744448K), 0.0017472 secs] [Times: user=0.01 sys=0.00, real=0.00 secs] 
2238.865: [GC (Allocation Failure) [PSYoungGen: 68605K->1552K(69120K)] 384345K->317292K(744448K), 0.0017972 secs] [Times: user=0.00 sys=0.00, real=0.00 secs] 
2239.262: [GC (Allocation Failure) [PSYoungGen: 68624K->1520K(69120K)] 384364K->317260K(744448K), 0.0016021 secs] [Times: user=0.01 sys=0.00, real=0.00 secs] 
2239.727: [GC (Allocation Failure) [PSYoungGen: 68592K->1456K(69120K)] 384332K->317196K(744448K), 0.0021203 secs] [Times: user=0.01 sys=0.00, real=0.00 secs] 
2240.401: [GC (Allocation Failure) [PSYoungGen: 68528K->1408K(69120K)] 384268K->317148K(744448K), 0.0029426 secs] [Times: user=0.01 sys=0.00, real=0.00 secs] 
2241.028: [GC (Allocation Failure) [PSYoungGen: 68480K->1376K(69120K)] 384220K->317116K(744448K), 0.0024437 secs] [Times: user=0.01 sys=0.00, real=0.01 secs] 
2241.588: [GC (Allocation Failure) [PSYoungGen: 68448K->1408K(69120K)] 384188K->317148K(744448K), 0.0021573 secs] [Times: user=0.01 sys=0.00, real=0.01 secs] 
2242.112: [GC (Allocation Failure) [PSYoungGen: 68480K->1376K(69120K)] 384220K->317116K(744448K), 0.0022058 secs] [Times: user=0.01 sys=0.00, real=0.00 secs] 
2242.539: [GC (Allocation Failure) [PSYoungGen: 68448K->1600K(69120K)] 384188K->317340K(744448K), 0.0015353 secs] [Times: user=0.00 sys=0.00, real=0.01 secs] 
2242.932: [GC (Allocation Failure) [PSYoungGen: 68672K->1565K(69120K)] 384412K->317305K(744448K), 0.0020547 secs] [Times: user=0.01 sys=0.00, real=0.00 secs] 
2243.323: [GC (Allocation Failure) [PSYoungGen: 68637K->1632K(69120K)] 384377K->317372K(744448K), 0.0015513 secs] [Times: user=0.01 sys=0.00, real=0.00 secs] 
2243.695: [GC (Allocation Failure) [PSYoungGen: 68704K->1472K(69120K)] 384444K->317212K(744448K), 0.0015444 secs] [Times: user=0.01 sys=0.00, real=0.00 secs] 
2243.972: [GC (Allocation Failure) [PSYoungGen: 68544K->1376K(69120K)] 384284K->317116K(744448K), 0.0019867 secs] [Times: user=0.00 sys=0.00, real=0.00 secs] 
2244.251: [GC (Allocation Failure) [PSYoungGen: 68448K->1408K(69120K)] 384188K->317148K(744448K), 0.0019954 secs] [Times: user=0.01 sys=0.00, real=0.00 secs] 
2244.530: [GC (Allocation Failure) [PSYoungGen: 68480K->1408K(69120K)] 384220K->317148K(744448K), 0.0023235 secs] [Times: user=0.01 sys=0.00, real=0.01 secs] 
2245.005: [GC (Allocation Failure) [PSYoungGen: 68480K->1424K(69120K)] 384220K->317180K(744448K), 0.0019360 secs] [Times: user=0.01 sys=0.01, real=0.00 secs] 
2245.415: [GC (Allocation Failure) [PSYoungGen: 68496K->1565K(69120K)] 384252K->317321K(744448K), 0.0018062 secs] [Times: user=0.01 sys=0.00, real=0.00 secs] 
2245.806: [GC (Allocation Failure) [PSYoungGen: 68637K->1552K(69120K)] 384393K->317308K(744448K), 0.0015373 secs] [Times: user=0.01 sys=0.00, real=0.00 secs] 
2246.197: [GC (Allocation Failure) [PSYoungGen: 68624K->1584K(69120K)] 384380K->317356K(744448K), 0.0015173 secs] [Times: user=0.01 sys=0.00, real=0.00 secs] 
2246.576: [GC (Allocation Failure) [PSYoungGen: 68656K->1472K(69120K)] 384428K->317244K(744448K), 0.0015550 secs] [Times: user=0.01 sys=0.00, real=0.00 secs] 
2246.886: [GC (Allocation Failure) [PSYoungGen: 68544K->1408K(69120K)] 384316K->317180K(744448K), 0.0017381 secs] [Times: user=0.01 sys=0.00, real=0.00 secs] 
2247.498: [GC (Allocation Failure) [PSYoungGen: 68480K->1408K(69120K)] 384252K->317180K(744448K), 0.0030997 secs] [Times: user=0.01 sys=0.00, real=0.01 secs] 
2248.392: [GC (Allocation Failure) [PSYoungGen: 68480K->1408K(69120K)] 384252K->317180K(744448K), 0.0025108 secs] [Times: user=0.01 sys=0.00, real=0.00 secs] 
2249.084: [GC (Allocation Failure) [PSYoungGen: 68480K->1485K(69120K)] 384252K->317257K(744448K), 0.0016277 secs] [Times: user=0.01 sys=0.00, real=0.00 secs] 
2249.475: [GC (Allocation Failure) [PSYoungGen: 68557K->1584K(69120K)] 384329K->317356K(744448K), 0.0016507 secs] [Times: user=0.01 sys=0.00, real=0.00 secs] 
2249.869: [GC (Allocation Failure) [PSYoungGen: 68656K->1568K(69120K)] 384428K->317340K(744448K), 0.0016806 secs] [Times: user=0.01 sys=0.00, real=0.01 secs] 
2250.264: [GC (Allocation Failure) [PSYoungGen: 68640K->1536K(69120K)] 384412K->317324K(744448K), 0.0016699 secs] [Times: user=0.00 sys=0.00, real=0.00 secs] 
2250.897: [GC (Allocation Failure) [PSYoungGen: 68608K->1424K(69120K)] 384396K->317212K(744448K), 0.0019215 secs] [Times: user=0.01 sys=0.00, real=0.00 secs] 
2251.626: [GC (Allocation Failure) [PSYoungGen: 68496K->1408K(69120K)] 384284K->317196K(744448K), 0.0022012 secs] [Times: user=0.01 sys=0.00, real=0.00 secs] 
2252.522: [GC (Allocation Failure) [PSYoungGen: 68480K->1376K(69120K)] 384268K->317164K(744448K), 0.0039600 secs] [Times: user=0.01 sys=0.00, real=0.00 secs] 
2253.263: [GC (Allocation Failure) [PSYoungGen: 68448K->1408K(69120K)] 384236K->317196K(744448K), 0.0030445 secs] [Times: user=0.01 sys=0.00, real=0.00 secs] 
2253.947: [GC (Allocation Failure) [PSYoungGen: 68480K->1488K(69120K)] 384268K->317276K(744448K), 0.0016240 secs] [Times: user=0.01 sys=0.00, real=0.00 secs] 
2254.337: [GC (Allocation Failure) [PSYoungGen: 68560K->1568K(69120K)] 384348K->317356K(744448K), 0.0016947 secs] [Times: user=0.01 sys=0.00, real=0.00 secs] 
2254.729: [GC (Allocation Failure) [PSYoungGen: 68640K->1533K(69120K)] 384428K->317321K(744448K), 0.0016066 secs] [Times: user=0.01 sys=0.00, real=0.00 secs] 
2255.124: [GC (Allocation Failure) [PSYoungGen: 68605K->1565K(69120K)] 384393K->317369K(744448K), 0.0016696 secs] [Times: user=0.01 sys=0.00, real=0.00 secs] 
2255.633: [GC (Allocation Failure) [PSYoungGen: 68637K->1408K(69120K)] 384441K->317212K(744448K), 0.0018410 secs] [Times: user=0.00 sys=0.00, real=0.00 secs] 
2256.246: [GC (Allocation Failure) [PSYoungGen: 68480K->1408K(69120K)] 384284K->317212K(744448K), 0.0024388 secs] [Times: user=0.01 sys=0.00, real=0.00 secs] 
2257.012: [GC (Allocation Failure) [PSYoungGen: 68480K->1344K(69120K)] 384284K->317172K(744448K), 0.0026469 secs] [Times: user=0.01 sys=0.00, real=0.00 secs] 
2257.775: [GC (Allocation Failure) [PSYoungGen: 68416K->1408K(69120K)] 384244K->317236K(744448K), 0.0029623 secs] [Times: user=0.01 sys=0.00, real=0.00 secs] 
2258.419: [GC (Allocation Failure) [PSYoungGen: 68480K->1552K(69120K)] 384308K->317380K(744448K), 0.0017501 secs] [Times: user=0.01 sys=0.00, real=0.01 secs] 
2258.867: [GC (Allocation Failure) [PSYoungGen: 68624K->1536K(69120K)] 384452K->317364K(744448K), 0.0017737 secs] [Times: user=0.01 sys=0.00, real=0.00 secs] 
2259.259: [GC (Allocation Failure) [PSYoungGen: 68608K->1584K(69120K)] 384436K->317412K(744448K), 0.0017501 secs] [Times: user=0.01 sys=0.01, real=0.01 secs] 
2259.730: [GC (Allocation Failure) [PSYoungGen: 68656K->1632K(69120K)] 384484K->317460K(744448K), 0.0018204 secs] [Times: user=0.01 sys=0.00, real=0.00 secs] 
2260.306: [GC (Allocation Failure) [PSYoungGen: 68704K->1408K(69120K)] 384532K->317236K(744448K), 0.0029688 secs] [Times: user=0.02 sys=0.00, real=0.00 secs] 
2261.093: [GC (Allocation Failure) [PSYoungGen: 68480K->1392K(69120K)] 384308K->317220K(744448K), 0.0029708 secs] [Times: user=0.01 sys=0.00, real=0.00 secs] 
2261.863: [GC (Allocation Failure) [PSYoungGen: 68464K->1408K(69120K)] 384292K->317236K(744448K), 0.0029938 secs] [Times: user=0.01 sys=0.00, real=0.00 secs] 
2262.717: [GC (Allocation Failure) [PSYoungGen: 68480K->1376K(69120K)] 384308K->317204K(744448K), 0.0029074 secs] [Times: user=0.01 sys=0.00, real=0.01 secs] 
2263.220: [GC (Allocation Failure) [PSYoungGen: 68448K->1536K(69120K)] 384276K->317364K(744448K), 0.0016542 secs] [Times: user=0.00 sys=0.00, real=0.01 secs] 
2263.611: [GC (Allocation Failure) [PSYoungGen: 68608K->1565K(69120K)] 384436K->317393K(744448K), 0.0016849 secs] [Times: user=0.01 sys=0.00, real=0.00 secs] 
2264.002: [GC (Allocation Failure) [PSYoungGen: 68637K->1584K(69120K)] 384465K->317412K(744448K), 0.0015971 secs] [Times: user=0.00 sys=0.00, real=0.00 secs] 
2264.410: [GC (Allocation Failure) [PSYoungGen: 68656K->1488K(69120K)] 384484K->317316K(744448K), 0.0019670 secs] [Times: user=0.00 sys=0.00, real=0.01 secs] 
2265.077: [GC (Allocation Failure) [PSYoungGen: 68560K->1408K(69120K)] 384388K->317236K(744448K), 0.0019761 secs] [Times: user=0.01 sys=0.00, real=0.00 secs] 
2265.923: [GC (Allocation Failure) [PSYoungGen: 68480K->1376K(69120K)] 384308K->317204K(744448K), 0.0029545 secs] [Times: user=0.01 sys=0.00, real=0.00 secs] 
2266.676: [GC (Allocation Failure) [PSYoungGen: 68448K->1376K(69120K)] 384276K->317204K(744448K), 0.0035752 secs] [Times: user=0.01 sys=0.00, real=0.00 secs] 
2267.546: [GC (Allocation Failure) [PSYoungGen: 68448K->1501K(69120K)] 384276K->317361K(744448K), 0.0024862 secs] [Times: user=0.01 sys=0.00, real=0.00 secs] 
2268.013: [GC (Allocation Failure) [PSYoungGen: 68573K->1600K(69120K)] 384433K->317460K(744448K), 0.0016477 secs] [Times: user=0.01 sys=0.00, real=0.00 secs] 
2268.472: [GC (Allocation Failure) [PSYoungGen: 68672K->1597K(69120K)] 384532K->317457K(744448K), 0.0015987 secs] [Times: user=0.00 sys=0.00, real=0.00 secs] 
2268.863: [GC (Allocation Failure) [PSYoungGen: 68669K->1600K(69120K)] 384529K->317476K(744448K), 0.0017803 secs] [Times: user=0.00 sys=0.00, real=0.00 secs] 
2269.225: [GC (Allocation Failure) [PSYoungGen: 68672K->1504K(69120K)] 384548K->317380K(744448K), 0.0020980 secs] [Times: user=0.01 sys=0.00, real=0.00 secs] 
2269.622: [GC (Allocation Failure) [PSYoungGen: 68576K->1408K(69120K)] 384452K->317284K(744448K), 0.0023465 secs] [Times: user=0.01 sys=0.00, real=0.00 secs] 
2270.154: [GC (Allocation Failure) [PSYoungGen: 68480K->1408K(69120K)] 384356K->317284K(744448K), 0.0021722 secs] [Times: user=0.01 sys=0.00, real=0.00 secs] 
2270.719: [GC (Allocation Failure) [PSYoungGen: 68480K->1376K(69120K)] 384356K->317252K(744448K), 0.0026008 secs] [Times: user=0.01 sys=0.00, real=0.01 secs] 
2271.398: [GC (Allocation Failure) [PSYoungGen: 68448K->1469K(69120K)] 384324K->317345K(744448K), 0.0018074 secs] [Times: user=0.00 sys=0.00, real=0.00 secs] 
2271.796: [GC (Allocation Failure) [PSYoungGen: 68541K->1552K(69120K)] 384417K->317428K(744448K), 0.0016910 secs] [Times: user=0.01 sys=0.00, real=0.00 secs] 
2272.190: [GC (Allocation Failure) [PSYoungGen: 68624K->1565K(69120K)] 384500K->317441K(744448K), 0.0016855 secs] [Times: user=0.01 sys=0.00, real=0.00 secs] 
2272.582: [GC (Allocation Failure) [PSYoungGen: 68637K->1552K(69120K)] 384513K->317444K(744448K), 0.0016358 secs] [Times: user=0.01 sys=0.00, real=0.00 secs] 
2272.939: [GC (Allocation Failure) [PSYoungGen: 68624K->1472K(69120K)] 384516K->317364K(744448K), 0.0015375 secs] [Times: user=0.01 sys=0.00, real=0.01 secs] 
2273.280: [GC (Allocation Failure) [PSYoungGen: 68544K->1440K(69120K)] 384436K->317332K(744448K), 0.0019641 secs] [Times: user=0.01 sys=0.00, real=0.00 secs] 
2273.732: [GC (Allocation Failure) [PSYoungGen: 68512K->1360K(69120K)] 384404K->317252K(744448K), 0.0027021 secs] [Times: user=0.01 sys=0.00, real=0.00 secs] 
2274.302: [GC (Allocation Failure) [PSYoungGen: 68432K->1408K(69120K)] 384324K->317300K(744448K), 0.0029448 secs] [Times: user=0.01 sys=0.00, real=0.00 secs] 
2274.945: [GC (Allocation Failure) [PSYoungGen: 68480K->1456K(69120K)] 384372K->317348K(744448K), 0.0016084 secs] [Times: user=0.01 sys=0.00, real=0.00 secs] 
2275.341: [GC (Allocation Failure) [PSYoungGen: 68528K->1565K(69120K)] 384420K->317481K(744448K), 0.0015407 secs] [Times: user=0.01 sys=0.00, real=0.00 secs] 
2275.790: [GC (Allocation Failure) [PSYoungGen: 68637K->1597K(69120K)] 384553K->317513K(744448K), 0.0017473 secs] [Times: user=0.01 sys=0.00, real=0.01 secs] 
2276.237: [GC (Allocation Failure) [PSYoungGen: 68669K->1565K(69120K)] 384585K->317505K(744448K), 0.0015828 secs] [Times: user=0.00 sys=0.00, real=0.00 secs] 
2276.896: [GC (Allocation Failure) [PSYoungGen: 68637K->1408K(69120K)] 384577K->317348K(744448K), 0.0024222 secs] [Times: user=0.01 sys=0.00, real=0.00 secs] 
2277.655: [GC (Allocation Failure) [PSYoungGen: 68480K->1408K(69120K)] 384420K->317348K(744448K), 0.0029299 secs] [Times: user=0.01 sys=0.00, real=0.00 secs] 
2278.290: [GC (Allocation Failure) [PSYoungGen: 68480K->1408K(69120K)] 384420K->317348K(744448K), 0.0026652 secs] [Times: user=0.01 sys=0.00, real=0.01 secs] 
2278.845: [GC (Allocation Failure) [PSYoungGen: 68480K->1408K(69120K)] 384420K->317348K(744448K), 0.0026640 secs] [Times: user=0.01 sys=0.00, real=0.00 secs] 
2279.390: [GC (Allocation Failure) [PSYoungGen: 68480K->1472K(69120K)] 384420K->317412K(744448K), 0.0016164 secs] [Times: user=0.01 sys=0.00, real=0.00 secs] 
2279.784: [GC (Allocation Failure) [PSYoungGen: 68544K->1552K(69120K)] 384484K->317492K(744448K), 0.0015671 secs] [Times: user=0.01 sys=0.00, real=0.00 secs] 
2280.176: [GC (Allocation Failure) [PSYoungGen: 68624K->1552K(69120K)] 384564K->317492K(744448K), 0.0015513 secs] [Times: user=0.00 sys=0.00, real=0.00 secs] 
2280.573: [GC (Allocation Failure) [PSYoungGen: 68624K->1616K(69120K)] 384564K->317572K(744448K), 0.0016229 secs] [Times: user=0.00 sys=0.00, real=0.00 secs] 
2280.896: [GC (Allocation Failure) [PSYoungGen: 68688K->1408K(69120K)] 384644K->317364K(744448K), 0.0017980 secs] [Times: user=0.01 sys=0.00, real=0.00 secs] 
2281.257: [GC (Allocation Failure) [PSYoungGen: 68480K->1408K(69120K)] 384436K->317364K(744448K), 0.0017539 secs] [Times: user=0.00 sys=0.00, real=0.00 secs] 
2281.816: [GC (Allocation Failure) [PSYoungGen: 68480K->1408K(69120K)] 384436K->317364K(744448K), 0.0019070 secs] [Times: user=0.01 sys=0.00, real=0.00 secs] 
2282.439: [GC (Allocation Failure) [PSYoungGen: 68480K->1376K(69120K)] 384436K->317332K(744448K), 0.0025385 secs] [Times: user=0.01 sys=0.00, real=0.01 secs] 
2282.957: [GC (Allocation Failure) [PSYoungGen: 68448K->1536K(69120K)] 384404K->317492K(744448K), 0.0015077 secs] [Times: user=0.01 sys=0.00, real=0.00 secs] 
2283.348: [GC (Allocation Failure) [PSYoungGen: 68583K->1565K(69120K)] 384540K->317521K(744448K), 0.0015918 secs] [Times: user=0.00 sys=0.00, real=0.00 secs] 
2283.800: [GC (Allocation Failure) [PSYoungGen: 68637K->1552K(69120K)] 384593K->317508K(744448K), 0.0017338 secs] [Times: user=0.00 sys=0.00, real=0.01 secs] 
2284.227: [GC (Allocation Failure) [PSYoungGen: 68624K->2016K(69120K)] 384580K->317972K(744448K), 0.0019643 secs] [Times: user=0.00 sys=0.00, real=0.00 secs] 
2284.542: [GC (Allocation Failure) [PSYoungGen: 69088K->1408K(69120K)] 385044K->317364K(744448K), 0.0018704 secs] [Times: user=0.01 sys=0.00, real=0.00 secs] 
2284.821: [GC (Allocation Failure) [PSYoungGen: 68480K->1376K(69120K)] 384436K->317340K(744448K), 0.0019370 secs] [Times: user=0.00 sys=0.00, real=0.00 secs] 
2285.100: [GC (Allocation Failure) [PSYoungGen: 68448K->1376K(69120K)] 384412K->317340K(744448K), 0.0017854 secs] [Times: user=0.01 sys=0.00, real=0.01 secs] 
2285.378: [GC (Allocation Failure) [PSYoungGen: 68448K->1376K(69120K)] 384412K->317340K(744448K), 0.0021223 secs] [Times: user=0.01 sys=0.00, real=0.00 secs] 
2285.918: [GC (Allocation Failure) [PSYoungGen: 68448K->1568K(69120K)] 384412K->317532K(744448K), 0.0015319 secs] [Times: user=0.01 sys=0.00, real=0.00 secs] 
2286.313: [GC (Allocation Failure) [PSYoungGen: 68640K->1552K(69120K)] 384604K->317516K(744448K), 0.0015656 secs] [Times: user=0.00 sys=0.00, real=0.00 secs] 
2286.705: [GC (Allocation Failure) [PSYoungGen: 68624K->1597K(69120K)] 384588K->317561K(744448K), 0.0016460 secs] [Times: user=0.01 sys=0.00, real=0.00 secs] 
2287.726: [GC (Allocation Failure) [PSYoungGen: 68669K->1472K(69120K)] 384633K->317436K(744448K), 0.0039592 secs] [Times: user=0.02 sys=0.00, real=0.00 secs] 
2288.933: [GC (Allocation Failure) [PSYoungGen: 68544K->1408K(69120K)] 384508K->317372K(744448K), 0.0038968 secs] [Times: user=0.01 sys=0.00, real=0.00 secs] 
2289.653: [GC (Allocation Failure) [PSYoungGen: 68480K->1408K(69120K)] 384444K->317372K(744448K), 0.0031801 secs] [Times: user=0.01 sys=0.00, real=0.00 secs] 
2290.160: [GC (Allocation Failure) [PSYoungGen: 68480K->1392K(69120K)] 384444K->317356K(744448K), 0.0026007 secs] [Times: user=0.01 sys=0.00, real=0.00 secs] 
2290.783: [GC (Allocation Failure) [PSYoungGen: 68464K->1437K(69120K)] 384428K->317401K(744448K), 0.0019736 secs] [Times: user=0.01 sys=0.00, real=0.00 secs] 
2291.285: [GC (Allocation Failure) [PSYoungGen: 68509K->1597K(69120K)] 384473K->317561K(744448K), 0.0015618 secs] [Times: user=0.01 sys=0.00, real=0.00 secs] 
2291.685: [GC (Allocation Failure) [PSYoungGen: 68669K->1568K(69120K)] 384633K->317532K(744448K), 0.0015643 secs] [Times: user=0.00 sys=0.00, real=0.00 secs] 
2292.079: [GC (Allocation Failure) [PSYoungGen: 68640K->1565K(69120K)] 384604K->317545K(744448K), 0.0017683 secs] [Times: user=0.01 sys=0.00, real=0.01 secs] 
2292.708: [GC (Allocation Failure) [PSYoungGen: 68637K->1456K(69120K)] 384617K->317436K(744448K), 0.0036180 secs] [Times: user=0.01 sys=0.00, real=0.01 secs] 
2293.600: [GC (Allocation Failure) [PSYoungGen: 68528K->1408K(69120K)] 384508K->317388K(744448K), 0.0023400 secs] [Times: user=0.01 sys=0.00, real=0.01 secs] 
2294.353: [GC (Allocation Failure) [PSYoungGen: 68480K->1360K(69120K)] 384460K->317340K(744448K), 0.0018937 secs] [Times: user=0.00 sys=0.00, real=0.00 secs] 
2295.156: [GC (Allocation Failure) [PSYoungGen: 68432K->1408K(69120K)] 384412K->317388K(744448K), 0.0023294 secs] [Times: user=0.00 sys=0.00, real=0.00 secs] 
2295.842: [GC (Allocation Failure) [PSYoungGen: 68480K->1517K(69120K)] 384460K->317497K(744448K), 0.0016170 secs] [Times: user=0.01 sys=0.00, real=0.00 secs] 
2296.297: [GC (Allocation Failure) [PSYoungGen: 68589K->1552K(69120K)] 384569K->317532K(744448K), 0.0017815 secs] [Times: user=0.00 sys=0.00, real=0.00 secs] 
2296.688: [GC (Allocation Failure) [PSYoungGen: 68624K->1568K(69120K)] 384604K->317548K(744448K), 0.0017663 secs] [Times: user=0.01 sys=0.00, real=0.00 secs] 
2297.080: [GC (Allocation Failure) [PSYoungGen: 68640K->1584K(69120K)] 384620K->317580K(744448K), 0.0017750 secs] [Times: user=0.01 sys=0.00, real=0.01 secs] 
2297.669: [GC (Allocation Failure) [PSYoungGen: 68656K->1392K(69120K)] 384652K->317404K(744448K), 0.0029034 secs] [Times: user=0.01 sys=0.00, real=0.01 secs] 
2298.224: [GC (Allocation Failure) [PSYoungGen: 68464K->1408K(69120K)] 384476K->317420K(744448K), 0.0019598 secs] [Times: user=0.01 sys=0.00, real=0.00 secs] 
2298.747: [GC (Allocation Failure) [PSYoungGen: 68480K->1440K(69120K)] 384492K->317460K(744448K), 0.0019537 secs] [Times: user=0.01 sys=0.00, real=0.00 secs] 
2299.263: [GC (Allocation Failure) [PSYoungGen: 68512K->1376K(69120K)] 384532K->317396K(744448K), 0.0021416 secs] [Times: user=0.01 sys=0.00, real=0.00 secs] 
2299.774: [GC (Allocation Failure) [PSYoungGen: 68448K->1501K(69120K)] 384468K->317521K(744448K), 0.0015538 secs] [Times: user=0.01 sys=0.00, real=0.00 secs] 
2300.164: [GC (Allocation Failure) [PSYoungGen: 68573K->1600K(69120K)] 384593K->317620K(744448K), 0.0016733 secs] [Times: user=0.00 sys=0.00, real=0.00 secs] 
2300.564: [GC (Allocation Failure) [PSYoungGen: 68672K->1597K(69120K)] 384692K->317617K(744448K), 0.0017892 secs] [Times: user=0.01 sys=0.00, real=0.00 secs] 
2300.958: [GC (Allocation Failure) [PSYoungGen: 68669K->1533K(69120K)] 384689K->317569K(744448K), 0.0016342 secs] [Times: user=0.00 sys=0.00, real=0.00 secs] 
2301.276: [GC (Allocation Failure) [PSYoungGen: 68605K->1440K(69120K)] 384641K->317476K(744448K), 0.0016217 secs] [Times: user=0.01 sys=0.00, real=0.00 secs] 
2301.554: [GC (Allocation Failure) [PSYoungGen: 68512K->1408K(69120K)] 384548K->317444K(744448K), 0.0016692 secs] [Times: user=0.01 sys=0.00, real=0.00 secs] 
2301.833: [GC (Allocation Failure) [PSYoungGen: 68480K->1376K(69120K)] 384516K->317412K(744448K), 0.0014718 secs] [Times: user=0.00 sys=0.00, real=0.00 secs] 
2302.110: [GC (Allocation Failure) [PSYoungGen: 68448K->1408K(69120K)] 384484K->317444K(744448K), 0.0015899 secs] [Times: user=0.01 sys=0.00, real=0.00 secs] 
2302.483: [GC (Allocation Failure) [PSYoungGen: 68480K->1533K(69120K)] 384516K->317569K(744448K), 0.0016009 secs] [Times: user=0.01 sys=0.00, real=0.00 secs] 
2302.875: [GC (Allocation Failure) [PSYoungGen: 68605K->1565K(69120K)] 384641K->317601K(744448K), 0.0015535 secs] [Times: user=0.00 sys=0.00, real=0.00 secs] 
2303.266: [GC (Allocation Failure) [PSYoungGen: 68637K->1616K(69120K)] 384673K->317652K(744448K), 0.0015569 secs] [Times: user=0.01 sys=0.00, real=0.00 secs] 
2303.693: [GC (Allocation Failure) [PSYoungGen: 68688K->1792K(69120K)] 384724K->317836K(744448K), 0.0017834 secs] [Times: user=0.01 sys=0.00, real=0.00 secs] 
2303.994: [GC (Allocation Failure) [PSYoungGen: 68864K->1376K(69120K)] 384908K->317436K(744448K), 0.0015863 secs] [Times: user=0.01 sys=0.01, real=0.00 secs] 
2304.281: [GC (Allocation Failure) [PSYoungGen: 68448K->1376K(69120K)] 384508K->317436K(744448K), 0.0017012 secs] [Times: user=0.00 sys=0.00, real=0.00 secs] 
2304.589: [GC (Allocation Failure) [PSYoungGen: 68448K->1376K(69120K)] 384508K->317436K(744448K), 0.0019080 secs] [Times: user=0.00 sys=0.00, real=0.01 secs] 
2304.908: [GC (Allocation Failure) [PSYoungGen: 68448K->1408K(69120K)] 384508K->317468K(744448K), 0.0019643 secs] [Times: user=0.01 sys=0.00, real=0.00 secs] 
2305.383: [GC (Allocation Failure) [PSYoungGen: 68480K->1533K(69120K)] 384540K->317593K(744448K), 0.0017121 secs] [Times: user=0.01 sys=0.00, real=0.00 secs] 
2305.781: [GC (Allocation Failure) [PSYoungGen: 68605K->1533K(69120K)] 384665K->317593K(744448K), 0.0015771 secs] [Times: user=0.01 sys=0.00, real=0.00 secs] 
2306.173: [GC (Allocation Failure) [PSYoungGen: 68605K->1533K(69120K)] 384665K->317593K(744448K), 0.0016621 secs] [Times: user=0.00 sys=0.00, real=0.00 secs] 
2306.585: [GC (Allocation Failure) [PSYoungGen: 68605K->1424K(69120K)] 384665K->317492K(744448K), 0.0018799 secs] [Times: user=0.01 sys=0.00, real=0.00 secs] 
2306.864: [GC (Allocation Failure) [PSYoungGen: 68496K->1376K(69120K)] 384564K->317444K(744448K), 0.0016472 secs] [Times: user=0.01 sys=0.00, real=0.00 secs] 
2307.189: [GC (Allocation Failure) [PSYoungGen: 68448K->1376K(69120K)] 384516K->317444K(744448K), 0.0017002 secs] [Times: user=0.01 sys=0.00, real=0.01 secs] 
2307.539: [GC (Allocation Failure) [PSYoungGen: 68448K->1392K(69120K)] 384516K->317460K(744448K), 0.0017275 secs] [Times: user=0.01 sys=0.00, real=0.01 secs] 
2308.239: [GC (Allocation Failure) [PSYoungGen: 68464K->1456K(69120K)] 384532K->317524K(744448K), 0.0020496 secs] [Times: user=0.01 sys=0.00, real=0.01 secs] 
2308.658: [GC (Allocation Failure) [PSYoungGen: 68528K->1565K(69120K)] 384596K->317633K(744448K), 0.0017956 secs] [Times: user=0.01 sys=0.00, real=0.00 secs] 
2309.110: [GC (Allocation Failure) [PSYoungGen: 68637K->1536K(69120K)] 384705K->317604K(744448K), 0.0016120 secs] [Times: user=0.01 sys=0.00, real=0.01 secs] 
2309.562: [GC (Allocation Failure) [PSYoungGen: 68608K->1552K(69120K)] 384676K->317636K(744448K), 0.0015407 secs] [Times: user=0.00 sys=0.00, real=0.00 secs] 
2310.165: [GC (Allocation Failure) [PSYoungGen: 68624K->1424K(69120K)] 384708K->317508K(744448K), 0.0029886 secs] [Times: user=0.01 sys=0.00, real=0.00 secs] 
2310.520: [GC (Allocation Failure) [PSYoungGen: 68496K->1344K(69120K)] 384580K->317428K(744448K), 0.0020137 secs] [Times: user=0.00 sys=0.00, real=0.01 secs] 
2310.854: [GC (Allocation Failure) [PSYoungGen: 68416K->1344K(69120K)] 384500K->317428K(744448K), 0.0029858 secs] [Times: user=0.01 sys=0.00, real=0.00 secs] 
2311.344: [GC (Allocation Failure) [PSYoungGen: 68416K->1376K(69120K)] 384500K->317460K(744448K), 0.0021001 secs] [Times: user=0.01 sys=0.00, real=0.00 secs] 
2311.797: [GC (Allocation Failure) [PSYoungGen: 68448K->1453K(69120K)] 384532K->317537K(744448K), 0.0015325 secs] [Times: user=0.01 sys=0.00, real=0.00 secs] 
2312.196: [GC (Allocation Failure) [PSYoungGen: 68525K->1568K(69120K)] 384609K->317652K(744448K), 0.0015414 secs] [Times: user=0.01 sys=0.00, real=0.00 secs] 
2312.589: [GC (Allocation Failure) [PSYoungGen: 68640K->1584K(69120K)] 384724K->317668K(744448K), 0.0015407 secs] [Times: user=0.00 sys=0.00, real=0.01 secs] 
2312.981: [GC (Allocation Failure) [PSYoungGen: 68656K->1552K(69120K)] 384740K->317652K(744448K), 0.0015320 secs] [Times: user=0.01 sys=0.00, real=0.00 secs] 
2313.377: [GC (Allocation Failure) [PSYoungGen: 68624K->1440K(69120K)] 384724K->317540K(744448K), 0.0019209 secs] [Times: user=0.00 sys=0.00, real=0.00 secs] 
2313.754: [GC (Allocation Failure) [PSYoungGen: 68512K->1376K(69120K)] 384612K->317476K(744448K), 0.0018193 secs] [Times: user=0.01 sys=0.00, real=0.00 secs] 
2314.032: [GC (Allocation Failure) [PSYoungGen: 68448K->1376K(69120K)] 384548K->317476K(744448K), 0.0017256 secs] [Times: user=0.01 sys=0.00, real=0.00 secs] 
2314.311: [GC (Allocation Failure) [PSYoungGen: 68448K->1376K(69120K)] 384548K->317492K(744448K), 0.0019165 secs] [Times: user=0.01 sys=0.00, real=0.00 secs] 
2314.701: [GC (Allocation Failure) [PSYoungGen: 68448K->1453K(69120K)] 384564K->317569K(744448K), 0.0014757 secs] [Times: user=0.01 sys=0.00, real=0.00 secs] 
2315.092: [GC (Allocation Failure) [PSYoungGen: 68525K->1584K(69120K)] 384641K->317700K(744448K), 0.0015651 secs] [Times: user=0.00 sys=0.00, real=0.00 secs] 
2315.486: [GC (Allocation Failure) [PSYoungGen: 68656K->1584K(69120K)] 384772K->317700K(744448K), 0.0016730 secs] [Times: user=0.01 sys=0.00, real=0.00 secs] 
2315.940: [GC (Allocation Failure) [PSYoungGen: 68656K->1597K(69120K)] 384772K->317729K(744448K), 0.0016995 secs] [Times: user=0.01 sys=0.00, real=0.01 secs] 
2316.693: [GC (Allocation Failure) [PSYoungGen: 68669K->1408K(69120K)] 384801K->317540K(744448K), 0.0020918 secs] [Times: user=0.01 sys=0.00, real=0.00 secs] 
2317.177: [GC (Allocation Failure) [PSYoungGen: 68480K->1440K(69120K)] 384612K->317572K(744448K), 0.0019074 secs] [Times: user=0.00 sys=0.00, real=0.00 secs] 
2317.456: [GC (Allocation Failure) [PSYoungGen: 68512K->1408K(69120K)] 384644K->317540K(744448K), 0.0019411 secs] [Times: user=0.01 sys=0.00, real=0.00 secs] 
2317.734: [GC (Allocation Failure) [PSYoungGen: 68480K->1408K(69120K)] 384612K->317540K(744448K), 0.0019487 secs] [Times: user=0.00 sys=0.00, real=0.00 secs] 
2318.111: [GC (Allocation Failure) [PSYoungGen: 68480K->1437K(69120K)] 384612K->317569K(744448K), 0.0016025 secs] [Times: user=0.01 sys=0.00, real=0.00 secs] 
2318.503: [GC (Allocation Failure) [PSYoungGen: 68509K->1568K(69120K)] 384641K->317700K(744448K), 0.0015820 secs] [Times: user=0.01 sys=0.00, real=0.00 secs] 
2318.895: [GC (Allocation Failure) [PSYoungGen: 68640K->1552K(69120K)] 384772K->317684K(744448K), 0.0016484 secs] [Times: user=0.01 sys=0.00, real=0.00 secs] 
2319.287: [GC (Allocation Failure) [PSYoungGen: 68624K->1552K(69120K)] 384756K->317700K(744448K), 0.0016135 secs] [Times: user=0.01 sys=0.00, real=0.00 secs] 
2319.898: [GC (Allocation Failure) [PSYoungGen: 68624K->1440K(69120K)] 384772K->317588K(744448K), 0.0018474 secs] [Times: user=0.00 sys=0.00, real=0.00 secs] 
2320.435: [GC (Allocation Failure) [PSYoungGen: 68512K->1440K(69120K)] 384660K->317588K(744448K), 0.0017821 secs] [Times: user=0.00 sys=0.00, real=0.00 secs] 
2320.713: [GC (Allocation Failure) [PSYoungGen: 68512K->1376K(69120K)] 384660K->317524K(744448K), 0.0018374 secs] [Times: user=0.01 sys=0.00, real=0.00 secs] 
2320.992: [GC (Allocation Failure) [PSYoungGen: 68448K->1376K(69120K)] 384596K->317524K(744448K), 0.0018054 secs] [Times: user=0.01 sys=0.00, real=0.00 secs] 
2321.418: [GC (Allocation Failure) [PSYoungGen: 68448K->1533K(69120K)] 384596K->317681K(744448K), 0.0016252 secs] [Times: user=0.01 sys=0.00, real=0.00 secs] 
2321.811: [GC (Allocation Failure) [PSYoungGen: 68605K->1520K(69120K)] 384753K->317668K(744448K), 0.0015533 secs] [Times: user=0.00 sys=0.00, real=0.00 secs] 
2322.202: [GC (Allocation Failure) [PSYoungGen: 68592K->1584K(69120K)] 384740K->317732K(744448K), 0.0016696 secs] [Times: user=0.01 sys=0.00, real=0.00 secs] 
2322.617: [GC (Allocation Failure) [PSYoungGen: 68656K->1520K(69120K)] 384804K->317676K(744448K), 0.0018692 secs] [Times: user=0.01 sys=0.00, real=0.00 secs] 
2322.896: [GC (Allocation Failure) [PSYoungGen: 68592K->1344K(69120K)] 384748K->317500K(744448K), 0.0017092 secs] [Times: user=0.00 sys=0.00, real=0.00 secs] 
2323.174: [GC (Allocation Failure) [PSYoungGen: 68416K->1376K(69120K)] 384572K->317532K(744448K), 0.0017414 secs] [Times: user=0.01 sys=0.00, real=0.00 secs] 
2323.453: [GC (Allocation Failure) [PSYoungGen: 68448K->1376K(69120K)] 384604K->317532K(744448K), 0.0016877 secs] [Times: user=0.01 sys=0.00, real=0.00 secs] 
2323.731: [GC (Allocation Failure) [PSYoungGen: 68448K->1408K(69120K)] 384604K->317564K(744448K), 0.0017070 secs] [Times: user=0.01 sys=0.00, real=0.00 secs] 
2324.148: [GC (Allocation Failure) [PSYoungGen: 68480K->1520K(69120K)] 384636K->317692K(744448K), 0.0015415 secs] [Times: user=0.00 sys=0.00, real=0.00 secs] 
2324.542: [GC (Allocation Failure) [PSYoungGen: 68592K->1584K(69120K)] 384764K->317756K(744448K), 0.0016140 secs] [Times: user=0.01 sys=0.00, real=0.00 secs] 
2324.934: [GC (Allocation Failure) [PSYoungGen: 68656K->1533K(69120K)] 384828K->317705K(744448K), 0.0016148 secs] [Times: user=0.01 sys=0.00, real=0.00 secs] 
2325.434: [GC (Allocation Failure) [PSYoungGen: 68605K->1472K(69120K)] 384777K->317644K(744448K), 0.0020347 secs] [Times: user=0.01 sys=0.00, real=0.00 secs] 
2325.720: [GC (Allocation Failure) [PSYoungGen: 68544K->1408K(69120K)] 384716K->317580K(744448K), 0.0018804 secs] [Times: user=0.01 sys=0.00, real=0.00 secs] 
2326.000: [GC (Allocation Failure) [PSYoungGen: 68480K->1376K(69120K)] 384652K->317548K(744448K), 0.0019502 secs] [Times: user=0.01 sys=0.00, real=0.01 secs] 
2326.301: [GC (Allocation Failure) [PSYoungGen: 68448K->1376K(69120K)] 384620K->317548K(744448K), 0.0024784 secs] [Times: user=0.01 sys=0.00, real=0.00 secs] 
2326.664: [GC (Allocation Failure) [PSYoungGen: 68448K->1437K(69120K)] 384620K->317609K(744448K), 0.0015389 secs] [Times: user=0.00 sys=0.00, real=0.00 secs] 
2327.055: [GC (Allocation Failure) [PSYoungGen: 68509K->1565K(69120K)] 384681K->317737K(744448K), 0.0017744 secs] [Times: user=0.01 sys=0.00, real=0.00 secs] 
2327.503: [GC (Allocation Failure) [PSYoungGen: 68637K->1597K(69120K)] 384809K->317769K(744448K), 0.0017614 secs] [Times: user=0.01 sys=0.00, real=0.00 secs] 
2327.958: [GC (Allocation Failure) [PSYoungGen: 68669K->1584K(69120K)] 384841K->317772K(744448K), 0.0017529 secs] [Times: user=0.01 sys=0.00, real=0.00 secs] 
2328.325: [GC (Allocation Failure) [PSYoungGen: 68656K->1456K(69120K)] 384844K->317644K(744448K), 0.0025675 secs] [Times: user=0.01 sys=0.00, real=0.00 secs] 
2328.606: [GC (Allocation Failure) [PSYoungGen: 68528K->1392K(69120K)] 384716K->317580K(744448K), 0.0020028 secs] [Times: user=0.00 sys=0.01, real=0.00 secs] 
2328.909: [GC (Allocation Failure) [PSYoungGen: 68464K->1376K(69120K)] 384652K->317564K(744448K), 0.0018209 secs] [Times: user=0.00 sys=0.00, real=0.01 secs] 
2329.188: [GC (Allocation Failure) [PSYoungGen: 68448K->1408K(69120K)] 384636K->317596K(744448K), 0.0018638 secs] [Times: user=0.00 sys=0.00, real=0.00 secs] 
2329.633: [GC (Allocation Failure) [PSYoungGen: 68480K->1440K(69120K)] 384668K->317628K(744448K), 0.0014689 secs] [Times: user=0.01 sys=0.00, real=0.00 secs] 
2330.023: [GC (Allocation Failure) [PSYoungGen: 68512K->1536K(69120K)] 384700K->317724K(744448K), 0.0017771 secs] [Times: user=0.01 sys=0.00, real=0.00 secs] 
2330.416: [GC (Allocation Failure) [PSYoungGen: 68608K->1565K(69120K)] 384796K->317753K(744448K), 0.0017127 secs] [Times: user=0.01 sys=0.00, real=0.00 secs] 
2330.814: [GC (Allocation Failure) [PSYoungGen: 68637K->1600K(69120K)] 384825K->317804K(744448K), 0.0015316 secs] [Times: user=0.01 sys=0.00, real=0.00 secs] 
2331.749: [GC (Allocation Failure) [PSYoungGen: 68672K->1376K(69120K)] 384876K->317580K(744448K), 0.0022744 secs] [Times: user=0.01 sys=0.00, real=0.01 secs] 
2332.341: [GC (Allocation Failure) [PSYoungGen: 68448K->1376K(69120K)] 384652K->317580K(744448K), 0.0026777 secs] [Times: user=0.01 sys=0.00, real=0.00 secs] 
2332.931: [GC (Allocation Failure) [PSYoungGen: 68448K->1408K(69120K)] 384652K->317612K(744448K), 0.0024059 secs] [Times: user=0.00 sys=0.00, real=0.00 secs] 
2333.549: [GC (Allocation Failure) [PSYoungGen: 68480K->1376K(69120K)] 384684K->317580K(744448K), 0.0021955 secs] [Times: user=0.01 sys=0.00, real=0.01 secs] 
2334.233: [GC (Allocation Failure) [PSYoungGen: 68448K->1488K(69120K)] 384652K->317692K(744448K), 0.0017469 secs] [Times: user=0.00 sys=0.00, real=0.00 secs] 
2334.623: [GC (Allocation Failure) [PSYoungGen: 68560K->1568K(69120K)] 384764K->317772K(744448K), 0.0017679 secs] [Times: user=0.00 sys=0.00, real=0.00 secs] 
2335.015: [GC (Allocation Failure) [PSYoungGen: 68640K->1568K(69120K)] 384844K->317772K(744448K), 0.0016117 secs] [Times: user=0.00 sys=0.00, real=0.00 secs] 
2335.407: [GC (Allocation Failure) [PSYoungGen: 68640K->1597K(69120K)] 384844K->317825K(744448K), 0.0017183 secs] [Times: user=0.01 sys=0.00, real=0.00 secs] 
2335.969: [GC (Allocation Failure) [PSYoungGen: 68669K->1440K(69120K)] 384897K->317668K(744448K), 0.0026607 secs] [Times: user=0.01 sys=0.00, real=0.01 secs] 
2336.547: [GC (Allocation Failure) [PSYoungGen: 68512K->1408K(69120K)] 384740K->317636K(744448K), 0.0026519 secs] [Times: user=0.01 sys=0.00, real=0.00 secs] 
2337.111: [GC (Allocation Failure) [PSYoungGen: 68480K->1344K(69120K)] 384708K->317572K(744448K), 0.0034804 secs] [Times: user=0.01 sys=0.00, real=0.00 secs] 
2337.642: [GC (Allocation Failure) [PSYoungGen: 68416K->1376K(69120K)] 384644K->317604K(744448K), 0.0024568 secs] [Times: user=0.01 sys=0.00, real=0.00 secs] 
2338.160: [GC (Allocation Failure) [PSYoungGen: 68448K->1520K(69120K)] 384676K->317748K(744448K), 0.0016028 secs] [Times: user=0.00 sys=0.00, real=0.01 secs] 
2338.551: [GC (Allocation Failure) [PSYoungGen: 68592K->1600K(69120K)] 384820K->317828K(744448K), 0.0015416 secs] [Times: user=0.00 sys=0.00, real=0.00 secs] 
2338.943: [GC (Allocation Failure) [PSYoungGen: 68672K->1584K(69120K)] 384900K->317812K(744448K), 0.0017766 secs] [Times: user=0.00 sys=0.00, real=0.00 secs] 
2339.517: [GC (Allocation Failure) [PSYoungGen: 68656K->2032K(69120K)] 384884K->318276K(744448K), 0.0025437 secs] [Times: user=0.01 sys=0.00, real=0.00 secs] 
2340.910: [GC (Allocation Failure) [PSYoungGen: 69104K->1424K(69120K)] 385348K->317668K(744448K), 0.0029482 secs] [Times: user=0.01 sys=0.00, real=0.01 secs] 
2341.217: [GC (Allocation Failure) [PSYoungGen: 68496K->1392K(69120K)] 384740K->317636K(744448K), 0.0020454 secs] [Times: user=0.01 sys=0.00, real=0.00 secs] 
2341.495: [GC (Allocation Failure) [PSYoungGen: 68464K->1408K(69120K)] 384708K->317652K(744448K), 0.0018575 secs] [Times: user=0.01 sys=0.00, real=0.00 secs] 
2341.773: [GC (Allocation Failure) [PSYoungGen: 68480K->1344K(69120K)] 384724K->317588K(744448K), 0.0017876 secs] [Times: user=0.01 sys=0.00, real=0.00 secs] 
2342.179: [GC (Allocation Failure) [PSYoungGen: 68416K->1504K(69120K)] 384660K->317748K(744448K), 0.0016535 secs] [Times: user=0.01 sys=0.00, real=0.01 secs] 
2342.571: [GC (Allocation Failure) [PSYoungGen: 68576K->1584K(69120K)] 384820K->317828K(744448K), 0.0015350 secs] [Times: user=0.01 sys=0.00, real=0.00 secs] 
2342.972: [GC (Allocation Failure) [PSYoungGen: 68656K->1552K(69120K)] 384900K->317796K(744448K), 0.0016814 secs] [Times: user=0.00 sys=0.00, real=0.00 secs] 
2343.662: [GC (Allocation Failure) [PSYoungGen: 68624K->1488K(69120K)] 384868K->317732K(744448K), 0.0022385 secs] [Times: user=0.01 sys=0.00, real=0.00 secs] 
2344.603: [GC (Allocation Failure) [PSYoungGen: 68560K->1408K(69120K)] 384804K->317652K(744448K), 0.0026023 secs] [Times: user=0.01 sys=0.00, real=0.00 secs] 
2345.177: [GC (Allocation Failure) [PSYoungGen: 68480K->1376K(69120K)] 384724K->317620K(744448K), 0.0023219 secs] [Times: user=0.01 sys=0.00, real=0.00 secs] 
2345.795: [GC (Allocation Failure) [PSYoungGen: 68448K->1376K(69120K)] 384692K->317620K(744448K), 0.0021447 secs] [Times: user=0.01 sys=0.00, real=0.00 secs] 
2346.138: [GC (Allocation Failure) [PSYoungGen: 68448K->1437K(69120K)] 384692K->317705K(744448K), 0.0018141 secs] [Times: user=0.01 sys=0.00, real=0.00 secs] 
2346.535: [GC (Allocation Failure) [PSYoungGen: 68509K->1520K(69120K)] 384777K->317788K(744448K), 0.0016598 secs] [Times: user=0.00 sys=0.00, real=0.00 secs] 
2346.926: [GC (Allocation Failure) [PSYoungGen: 68592K->1565K(69120K)] 384860K->317833K(744448K), 0.0015409 secs] [Times: user=0.00 sys=0.00, real=0.00 secs] 
2347.319: [GC (Allocation Failure) [PSYoungGen: 68637K->1584K(69120K)] 384905K->317868K(744448K), 0.0017962 secs] [Times: user=0.01 sys=0.00, real=0.01 secs] 
2348.020: [GC (Allocation Failure) [PSYoungGen: 68656K->1424K(69120K)] 384940K->317708K(744448K), 0.0027389 secs] [Times: user=0.01 sys=0.00, real=0.01 secs] 
2348.673: [GC (Allocation Failure) [PSYoungGen: 68496K->1392K(69120K)] 384780K->317676K(744448K), 0.0033696 secs] [Times: user=0.01 sys=0.00, real=0.00 secs] 
2349.270: [GC (Allocation Failure) [PSYoungGen: 68464K->1344K(69120K)] 384748K->317628K(744448K), 0.0031792 secs] [Times: user=0.01 sys=0.00, real=0.00 secs] 
2349.625: [GC (Allocation Failure) [PSYoungGen: 68416K->1408K(69120K)] 384700K->317692K(744448K), 0.0019155 secs] [Times: user=0.01 sys=0.00, real=0.00 secs] 
2350.034: [GC (Allocation Failure) [PSYoungGen: 68480K->1485K(69120K)] 384764K->317769K(744448K), 0.0016841 secs] [Times: user=0.01 sys=0.00, real=0.00 secs] 
2350.477: [GC (Allocation Failure) [PSYoungGen: 68557K->1597K(69120K)] 384841K->317881K(744448K), 0.0017762 secs] [Times: user=0.01 sys=0.00, real=0.00 secs] 
2350.875: [GC (Allocation Failure) [PSYoungGen: 68669K->1552K(69120K)] 384953K->317836K(744448K), 0.0015320 secs] [Times: user=0.00 sys=0.00, real=0.00 secs] 
2351.267: [GC (Allocation Failure) [PSYoungGen: 68624K->1597K(69120K)] 384908K->317897K(744448K), 0.0017430 secs] [Times: user=0.01 sys=0.00, real=0.00 secs] 
2351.868: [GC (Allocation Failure) [PSYoungGen: 68669K->1392K(69120K)] 384969K->317692K(744448K), 0.0028525 secs] [Times: user=0.01 sys=0.00, real=0.01 secs] 
2352.444: [GC (Allocation Failure) [PSYoungGen: 68464K->1376K(69120K)] 384764K->317676K(744448K), 0.0030067 secs] [Times: user=0.01 sys=0.00, real=0.00 secs] 
2353.217: [GC (Allocation Failure) [PSYoungGen: 68448K->1408K(69120K)] 384748K->317708K(744448K), 0.0031770 secs] [Times: user=0.01 sys=0.00, real=0.01 secs] 
2353.752: [GC (Allocation Failure) [PSYoungGen: 68480K->1408K(69120K)] 384780K->317708K(744448K), 0.0028125 secs] [Times: user=0.01 sys=0.00, real=0.00 secs] 
2354.286: [GC (Allocation Failure) [PSYoungGen: 68480K->1472K(69120K)] 384780K->317772K(744448K), 0.0016803 secs] [Times: user=0.00 sys=0.00, real=0.00 secs] 
2354.678: [GC (Allocation Failure) [PSYoungGen: 68544K->1565K(69120K)] 384844K->317865K(744448K), 0.0015074 secs] [Times: user=0.00 sys=0.00, real=0.00 secs] 
2355.073: [GC (Allocation Failure) [PSYoungGen: 68637K->1597K(69120K)] 384937K->317897K(744448K), 0.0015448 secs] [Times: user=0.01 sys=0.00, real=0.00 secs] 
2355.465: [GC (Allocation Failure) [PSYoungGen: 68669K->1632K(69120K)] 384969K->317948K(744448K), 0.0015509 secs] [Times: user=0.00 sys=0.00, real=0.00 secs] 
2356.043: [GC (Allocation Failure) [PSYoungGen: 68704K->1424K(69120K)] 385020K->317748K(744448K), 0.0027476 secs] [Times: user=0.01 sys=0.00, real=0.00 secs] 
2356.324: [GC (Allocation Failure) [PSYoungGen: 68496K->1376K(69120K)] 384820K->317700K(744448K), 0.0020082 secs] [Times: user=0.01 sys=0.00, real=0.00 secs] 
2356.643: [GC (Allocation Failure) [PSYoungGen: 68448K->1376K(69120K)] 384772K->317700K(744448K), 0.0026448 secs] [Times: user=0.01 sys=0.00, real=0.00 secs] 
2356.922: [GC (Allocation Failure) [PSYoungGen: 68448K->1408K(69120K)] 384772K->317732K(744448K), 0.0018842 secs] [Times: user=0.01 sys=0.00, real=0.00 secs] 
2357.296: [GC (Allocation Failure) [PSYoungGen: 68480K->1488K(69120K)] 384804K->317812K(744448K), 0.0015711 secs] [Times: user=0.01 sys=0.00, real=0.00 secs] 
2357.687: [GC (Allocation Failure) [PSYoungGen: 68547K->1533K(69120K)] 384871K->317857K(744448K), 0.0016649 secs] [Times: user=0.01 sys=0.00, real=0.00 secs] 
2358.080: [GC (Allocation Failure) [PSYoungGen: 68605K->1584K(69120K)] 384929K->317908K(744448K), 0.0016694 secs] [Times: user=0.01 sys=0.00, real=0.01 secs] 
2358.473: [GC (Allocation Failure) [PSYoungGen: 68656K->1600K(69120K)] 384980K->317940K(744448K), 0.0015761 secs] [Times: user=0.00 sys=0.00, real=0.00 secs] 
2358.791: [GC (Allocation Failure) [PSYoungGen: 68672K->1408K(69120K)] 385012K->317748K(744448K), 0.0016553 secs] [Times: user=0.01 sys=0.00, real=0.00 secs] 
2359.156: [GC (Allocation Failure) [PSYoungGen: 68480K->1440K(69120K)] 384820K->317780K(744448K), 0.0016786 secs] [Times: user=0.00 sys=0.00, real=0.00 secs] 
2359.706: [GC (Allocation Failure) [PSYoungGen: 68512K->1440K(69120K)] 384852K->317780K(744448K), 0.0018903 secs] [Times: user=0.00 sys=0.00, real=0.00 secs] 
2360.317: [GC (Allocation Failure) [PSYoungGen: 68512K->1376K(69120K)] 384852K->317716K(744448K), 0.0037532 secs] [Times: user=0.02 sys=0.00, real=0.01 secs] 
2360.910: [GC (Allocation Failure) [PSYoungGen: 68448K->1488K(69120K)] 384788K->317828K(744448K), 0.0016104 secs] [Times: user=0.01 sys=0.00, real=0.00 secs] 
2361.303: [GC (Allocation Failure) [PSYoungGen: 68533K->1616K(69120K)] 384874K->317956K(744448K), 0.0016623 secs] [Times: user=0.00 sys=0.00, real=0.00 secs] 
2361.693: [GC (Allocation Failure) [PSYoungGen: 68688K->1520K(69120K)] 385028K->317860K(744448K), 0.0016803 secs] [Times: user=0.01 sys=0.00, real=0.00 secs] 
2362.093: [GC (Allocation Failure) [PSYoungGen: 68592K->1552K(69120K)] 384932K->317892K(744448K), 0.0018432 secs] [Times: user=0.01 sys=0.00, real=0.00 secs] 
2362.372: [GC (Allocation Failure) [PSYoungGen: 68624K->1376K(69120K)] 384964K->317716K(744448K), 0.0021240 secs] [Times: user=0.01 sys=0.00, real=0.00 secs] 
2362.651: [GC (Allocation Failure) [PSYoungGen: 68448K->1440K(69120K)] 384788K->317780K(744448K), 0.0018984 secs] [Times: user=0.01 sys=0.00, real=0.00 secs] 
2362.929: [GC (Allocation Failure) [PSYoungGen: 68512K->1408K(69120K)] 384852K->317748K(744448K), 0.0017577 secs] [Times: user=0.00 sys=0.00, real=0.01 secs] 
2363.207: [GC (Allocation Failure) [PSYoungGen: 68480K->1408K(69120K)] 384820K->317748K(744448K), 0.0017322 secs] [Times: user=0.01 sys=0.00, real=0.00 secs] 
2363.630: [GC (Allocation Failure) [PSYoungGen: 68480K->1568K(69120K)] 384820K->317908K(744448K), 0.0015218 secs] [Times: user=0.01 sys=0.00, real=0.00 secs] 
2364.077: [GC (Allocation Failure) [PSYoungGen: 68640K->1565K(69120K)] 384980K->317905K(744448K), 0.0015878 secs] [Times: user=0.01 sys=0.00, real=0.00 secs] 
2364.469: [GC (Allocation Failure) [PSYoungGen: 68637K->1533K(69120K)] 384977K->317897K(744448K), 0.0016126 secs] [Times: user=0.01 sys=0.00, real=0.01 secs] 
2364.857: [GC (Allocation Failure) [PSYoungGen: 68605K->1440K(69120K)] 384969K->317804K(744448K), 0.0022150 secs] [Times: user=0.00 sys=0.00, real=0.00 secs] 
2365.136: [GC (Allocation Failure) [PSYoungGen: 68512K->1344K(69120K)] 384876K->317708K(744448K), 0.0019651 secs] [Times: user=0.01 sys=0.00, real=0.00 secs] 
2365.415: [GC (Allocation Failure) [PSYoungGen: 68416K->1376K(69120K)] 384780K->317740K(744448K), 0.0019068 secs] [Times: user=0.01 sys=0.00, real=0.00 secs] 
2365.699: [GC (Allocation Failure) [PSYoungGen: 68448K->1408K(69120K)] 384812K->317772K(744448K), 0.0019942 secs] [Times: user=0.01 sys=0.00, real=0.01 secs] 
2366.252: [GC (Allocation Failure) [PSYoungGen: 68480K->1408K(69120K)] 384844K->317772K(744448K), 0.0016334 secs] [Times: user=0.01 sys=0.00, real=0.00 secs] 
2366.644: [GC (Allocation Failure) [PSYoungGen: 68480K->1565K(69120K)] 384844K->317929K(744448K), 0.0017469 secs] [Times: user=0.01 sys=0.00, real=0.00 secs] 
2367.037: [GC (Allocation Failure) [PSYoungGen: 68637K->1552K(69120K)] 385001K->317916K(744448K), 0.0017175 secs] [Times: user=0.00 sys=0.00, real=0.00 secs] 
2367.429: [GC (Allocation Failure) [PSYoungGen: 68624K->1597K(69120K)] 384988K->317977K(744448K), 0.0017750 secs] [Times: user=0.01 sys=0.00, real=0.01 secs] 
2367.900: [GC (Allocation Failure) [PSYoungGen: 68669K->1424K(69120K)] 385049K->317804K(744448K), 0.0019447 secs] [Times: user=0.01 sys=0.00, real=0.01 secs] 
2368.466: [GC (Allocation Failure) [PSYoungGen: 68496K->1376K(69120K)] 384876K->317764K(744448K), 0.0022109 secs] [Times: user=0.01 sys=0.00, real=0.00 secs] 
2369.090: [GC (Allocation Failure) [PSYoungGen: 68448K->1408K(69120K)] 384836K->317796K(744448K), 0.0025257 secs] [Times: user=0.01 sys=0.00, real=0.01 secs] 
2369.618: [GC (Allocation Failure) [PSYoungGen: 68480K->1360K(69120K)] 384868K->317748K(744448K), 0.0025485 secs] [Times: user=0.01 sys=0.00, real=0.01 secs] 
2370.219: [GC (Allocation Failure) [PSYoungGen: 68432K->1453K(69120K)] 384820K->317841K(744448K), 0.0016222 secs] [Times: user=0.01 sys=0.00, real=0.01 secs] 
2370.612: [GC (Allocation Failure) [PSYoungGen: 68525K->1597K(69120K)] 384913K->317985K(744448K), 0.0016530 secs] [Times: user=0.00 sys=0.00, real=0.00 secs] 
2371.008: [GC (Allocation Failure) [PSYoungGen: 68669K->1565K(69120K)] 385057K->317953K(744448K), 0.0015548 secs] [Times: user=0.01 sys=0.00, real=0.00 secs] 
2371.400: [GC (Allocation Failure) [PSYoungGen: 68637K->1597K(69120K)] 385025K->318001K(744448K), 0.0015457 secs] [Times: user=0.01 sys=0.00, real=0.01 secs] 
2372.046: [GC (Allocation Failure) [PSYoungGen: 68669K->1440K(69120K)] 385073K->317844K(744448K), 0.0017292 secs] [Times: user=0.01 sys=0.00, real=0.00 secs] 
2372.768: [GC (Allocation Failure) [PSYoungGen: 68512K->1376K(69120K)] 384916K->317780K(744448K), 0.0025273 secs] [Times: user=0.01 sys=0.00, real=0.01 secs] 
2373.555: [GC (Allocation Failure) [PSYoungGen: 68448K->1344K(69120K)] 384852K->317748K(744448K), 0.0032475 secs] [Times: user=0.01 sys=0.00, real=0.00 secs] 
2374.263: [GC (Allocation Failure) [PSYoungGen: 68416K->1392K(69120K)] 384820K->317796K(744448K), 0.0048042 secs] [Times: user=0.02 sys=0.00, real=0.00 secs] 
2374.919: [GC (Allocation Failure) [PSYoungGen: 68464K->1485K(69120K)] 384868K->317889K(744448K), 0.0014780 secs] [Times: user=0.00 sys=0.00, real=0.01 secs] 
2375.309: [GC (Allocation Failure) [PSYoungGen: 68557K->1552K(69120K)] 384961K->317956K(744448K), 0.0017008 secs] [Times: user=0.00 sys=0.00, real=0.01 secs] 
2375.701: [GC (Allocation Failure) [PSYoungGen: 68624K->1536K(69120K)] 385028K->317940K(744448K), 0.0015295 secs] [Times: user=0.00 sys=0.00, real=0.00 secs] 
2376.096: [GC (Allocation Failure) [PSYoungGen: 68608K->1565K(69120K)] 385012K->317977K(744448K), 0.0015420 secs] [Times: user=0.01 sys=0.00, real=0.00 secs] 
2376.598: [GC (Allocation Failure) [PSYoungGen: 68637K->1440K(69120K)] 385049K->317884K(744448K), 0.0022314 secs] [Times: user=0.00 sys=0.00, real=0.00 secs] 
2377.247: [GC (Allocation Failure) [PSYoungGen: 68512K->1360K(69120K)] 384956K->317804K(744448K), 0.0021404 secs] [Times: user=0.01 sys=0.00, real=0.00 secs] 
2378.038: [GC (Allocation Failure) [PSYoungGen: 68432K->1440K(69120K)] 384876K->317884K(744448K), 0.0024681 secs] [Times: user=0.01 sys=0.00, real=0.00 secs] 
2378.927: [GC (Allocation Failure) [PSYoungGen: 68512K->1408K(69120K)] 384956K->317852K(744448K), 0.0024672 secs] [Times: user=0.01 sys=0.00, real=0.00 secs] 
2379.554: [GC (Allocation Failure) [PSYoungGen: 68480K->1424K(69120K)] 384924K->317868K(744448K), 0.0014670 secs] [Times: user=0.00 sys=0.00, real=0.00 secs] 
2380.007: [GC (Allocation Failure) [PSYoungGen: 68496K->1565K(69120K)] 384940K->318009K(744448K), 0.0017508 secs] [Times: user=0.00 sys=0.00, real=0.00 secs] 
2380.399: [GC (Allocation Failure) [PSYoungGen: 68637K->1616K(69120K)] 385081K->318060K(744448K), 0.0018057 secs] [Times: user=0.00 sys=0.00, real=0.01 secs] 
2380.849: [GC (Allocation Failure) [PSYoungGen: 68688K->1776K(69120K)] 385132K->318220K(744448K), 0.0016243 secs] [Times: user=0.01 sys=0.00, real=0.01 secs] 
2381.190: [GC (Allocation Failure) [PSYoungGen: 68848K->1408K(69120K)] 385292K->317852K(744448K), 0.0018901 secs] [Times: user=0.00 sys=0.00, real=0.01 secs] 
2381.523: [GC (Allocation Failure) [PSYoungGen: 68480K->1408K(69120K)] 384924K->317852K(744448K), 0.0019602 secs] [Times: user=0.00 sys=0.00, real=0.00 secs] 
2382.081: [GC (Allocation Failure) [PSYoungGen: 68480K->1424K(69120K)] 384924K->317868K(744448K), 0.0017870 secs] [Times: user=0.01 sys=0.00, real=0.00 secs] 
2382.712: [GC (Allocation Failure) [PSYoungGen: 68496K->1408K(69120K)] 384940K->317852K(744448K), 0.0030197 secs] [Times: user=0.02 sys=0.00, real=0.00 secs] 
2383.283: [GC (Allocation Failure) [PSYoungGen: 68480K->1520K(69120K)] 384924K->317964K(744448K), 0.0015304 secs] [Times: user=0.00 sys=0.00, real=0.00 secs] 
2383.674: [GC (Allocation Failure) [PSYoungGen: 68592K->1584K(69120K)] 385036K->318028K(744448K), 0.0016202 secs] [Times: user=0.01 sys=0.00, real=0.00 secs] 
2384.080: [GC (Allocation Failure) [PSYoungGen: 68656K->1536K(69120K)] 385100K->317980K(744448K), 0.0016575 secs] [Times: user=0.00 sys=0.00, real=0.01 secs] 
2384.590: [GC (Allocation Failure) [PSYoungGen: 68608K->1456K(69120K)] 385052K->317900K(744448K), 0.0019578 secs] [Times: user=0.01 sys=0.00, real=0.01 secs] 
2384.957: [GC (Allocation Failure) [PSYoungGen: 68528K->1376K(69120K)] 384972K->317820K(744448K), 0.0017818 secs] [Times: user=0.01 sys=0.00, real=0.00 secs] 
2385.285: [GC (Allocation Failure) [PSYoungGen: 68448K->1408K(69120K)] 384892K->317852K(744448K), 0.0022931 secs] [Times: user=0.01 sys=0.00, real=0.00 secs] 
2385.579: [GC (Allocation Failure) [PSYoungGen: 68480K->1376K(69120K)] 384924K->317828K(744448K), 0.0018974 secs] [Times: user=0.00 sys=0.00, real=0.01 secs] 
2385.915: [GC (Allocation Failure) [PSYoungGen: 68448K->1472K(69120K)] 384900K->317924K(744448K), 0.0017682 secs] [Times: user=0.01 sys=0.00, real=0.00 secs] 
2386.310: [GC (Allocation Failure) [PSYoungGen: 68544K->1597K(69120K)] 384996K->318049K(744448K), 0.0015390 secs] [Times: user=0.00 sys=0.00, real=0.01 secs] 
2386.705: [GC (Allocation Failure) [PSYoungGen: 68669K->1584K(69120K)] 385121K->318036K(744448K), 0.0015667 secs] [Times: user=0.01 sys=0.00, real=0.00 secs] 
2387.097: [GC (Allocation Failure) [PSYoungGen: 68656K->1568K(69120K)] 385108K->318036K(744448K), 0.0016347 secs] [Times: user=0.00 sys=0.00, real=0.00 secs] 
2387.472: [GC (Allocation Failure) [PSYoungGen: 68640K->1504K(69120K)] 385108K->317972K(744448K), 0.0019940 secs] [Times: user=0.01 sys=0.00, real=0.00 secs] 
2387.840: [GC (Allocation Failure) [PSYoungGen: 68576K->1392K(69120K)] 385044K->317860K(744448K), 0.0019308 secs] [Times: user=0.00 sys=0.00, real=0.01 secs] 
2388.222: [GC (Allocation Failure) [PSYoungGen: 68464K->1376K(69120K)] 384932K->317844K(744448K), 0.0019411 secs] [Times: user=0.00 sys=0.00, real=0.00 secs] 
2388.508: [GC (Allocation Failure) [PSYoungGen: 68448K->1376K(69120K)] 384916K->317844K(744448K), 0.0019237 secs] [Times: user=0.01 sys=0.00, real=0.00 secs] 
2388.881: [GC (Allocation Failure) [PSYoungGen: 68448K->1485K(69120K)] 384916K->317953K(744448K), 0.0015461 secs] [Times: user=0.01 sys=0.00, real=0.00 secs] 
2389.273: [GC (Allocation Failure) [PSYoungGen: 68557K->1533K(69120K)] 385025K->318001K(744448K), 0.0015942 secs] [Times: user=0.01 sys=0.00, real=0.00 secs] 
2389.664: [GC (Allocation Failure) [PSYoungGen: 68605K->1552K(69120K)] 385073K->318020K(744448K), 0.0016683 secs] [Times: user=0.01 sys=0.00, real=0.00 secs] 
2390.056: [GC (Allocation Failure) [PSYoungGen: 68624K->1597K(69120K)] 385092K->318081K(744448K), 0.0017815 secs] [Times: user=0.00 sys=0.00, real=0.00 secs] 
2390.447: [GC (Allocation Failure) [PSYoungGen: 68669K->1456K(69120K)] 385153K->317948K(744448K), 0.0018578 secs] [Times: user=0.01 sys=0.00, real=0.00 secs] 
2390.808: [GC (Allocation Failure) [PSYoungGen: 68528K->1408K(69120K)] 385020K->317900K(744448K), 0.0017519 secs] [Times: user=0.01 sys=0.00, real=0.00 secs] 
2391.389: [GC (Allocation Failure) [PSYoungGen: 68480K->1376K(69120K)] 384972K->317868K(744448K), 0.0018725 secs] [Times: user=0.01 sys=0.00, real=0.01 secs] 
2392.189: [GC (Allocation Failure) [PSYoungGen: 68448K->1328K(69120K)] 384940K->317820K(744448K), 0.0022950 secs] [Times: user=0.01 sys=0.00, real=0.01 secs] 
2392.872: [GC (Allocation Failure) [PSYoungGen: 68400K->1533K(69120K)] 384892K->318025K(744448K), 0.0015013 secs] [Times: user=0.00 sys=0.00, real=0.00 secs] 
2393.263: [GC (Allocation Failure) [PSYoungGen: 68605K->1584K(69120K)] 385097K->318076K(744448K), 0.0016636 secs] [Times: user=0.00 sys=0.00, real=0.00 secs] 
2393.654: [GC (Allocation Failure) [PSYoungGen: 68656K->1616K(69120K)] 385148K->318108K(744448K), 0.0016129 secs] [Times: user=0.01 sys=0.00, real=0.00 secs] 
2394.050: [GC (Allocation Failure) [PSYoungGen: 68688K->1552K(69120K)] 385180K->318052K(744448K), 0.0041605 secs] [Times: user=0.01 sys=0.00, real=0.01 secs] 
2394.416: [GC (Allocation Failure) [PSYoungGen: 68624K->1440K(69120K)] 385124K->317940K(744448K), 0.0021055 secs] [Times: user=0.01 sys=0.00, real=0.00 secs] 
2394.695: [GC (Allocation Failure) [PSYoungGen: 68512K->1376K(69120K)] 385012K->317884K(744448K), 0.0019149 secs] [Times: user=0.01 sys=0.00, real=0.00 secs] 
2394.974: [GC (Allocation Failure) [PSYoungGen: 68448K->1376K(69120K)] 384956K->317884K(744448K), 0.0018648 secs] [Times: user=0.01 sys=0.00, real=0.00 secs] 
2395.518: [GC (Allocation Failure) [PSYoungGen: 68448K->1344K(69120K)] 384956K->317852K(744448K), 0.0018213 secs] [Times: user=0.01 sys=0.00, real=0.00 secs] 
2396.017: [GC (Allocation Failure) [PSYoungGen: 68416K->1469K(69120K)] 384924K->317977K(744448K), 0.0016068 secs] [Times: user=0.01 sys=0.00, real=0.00 secs] 
2396.474: [GC (Allocation Failure) [PSYoungGen: 68538K->1552K(69120K)] 385047K->318060K(744448K), 0.0015722 secs] [Times: user=0.00 sys=0.00, real=0.00 secs] 
2396.868: [GC (Allocation Failure) [PSYoungGen: 68624K->1597K(69120K)] 385132K->318105K(744448K), 0.0017974 secs] [Times: user=0.01 sys=0.00, real=0.00 secs] 
2397.261: [GC (Allocation Failure) [PSYoungGen: 68669K->1520K(69120K)] 385177K->318044K(744448K), 0.0015509 secs] [Times: user=0.01 sys=0.00, real=0.00 secs] 
2397.852: [GC (Allocation Failure) [PSYoungGen: 68592K->1440K(69120K)] 385116K->317964K(744448K), 0.0031260 secs] [Times: user=0.01 sys=0.00, real=0.00 secs] 
2398.238: [GC (Allocation Failure) [PSYoungGen: 68512K->1376K(69120K)] 385036K->317900K(744448K), 0.0019069 secs] [Times: user=0.00 sys=0.00, real=0.00 secs] 
2398.516: [GC (Allocation Failure) [PSYoungGen: 68448K->1408K(69120K)] 384972K->317932K(744448K), 0.0018574 secs] [Times: user=0.01 sys=0.00, real=0.00 secs] 
2398.946: [GC (Allocation Failure) [PSYoungGen: 68480K->1376K(69120K)] 385004K->317900K(744448K), 0.0019252 secs] [Times: user=0.01 sys=0.00, real=0.00 secs] 
2399.385: [GC (Allocation Failure) [PSYoungGen: 68448K->1517K(69120K)] 384972K->318041K(744448K), 0.0015151 secs] [Times: user=0.00 sys=0.00, real=0.00 secs] 
2399.776: [GC (Allocation Failure) [PSYoungGen: 68589K->1629K(69120K)] 385113K->318153K(744448K), 0.0015574 secs] [Times: user=0.01 sys=0.00, real=0.00 secs] 
2400.168: [GC (Allocation Failure) [PSYoungGen: 68701K->1581K(69120K)] 385225K->318105K(744448K), 0.0015724 secs] [Times: user=0.00 sys=0.00, real=0.00 secs] 
2400.609: [GC (Allocation Failure) [PSYoungGen: 68653K->1536K(69120K)] 385177K->318076K(744448K), 0.0019238 secs] [Times: user=0.01 sys=0.00, real=0.01 secs] 
2401.299: [GC (Allocation Failure) [PSYoungGen: 68608K->1408K(69120K)] 385148K->317948K(744448K), 0.0020561 secs] [Times: user=0.00 sys=0.00, real=0.01 secs] 
2401.878: [GC (Allocation Failure) [PSYoungGen: 68480K->1376K(69120K)] 385020K->317916K(744448K), 0.0026626 secs] [Times: user=0.01 sys=0.00, real=0.01 secs] 
2402.218: [GC (Allocation Failure) [PSYoungGen: 68448K->1344K(69120K)] 384988K->317884K(744448K), 0.0022229 secs] [Times: user=0.01 sys=0.00, real=0.01 secs] 
2402.850: [GC (Allocation Failure) [PSYoungGen: 68416K->1408K(69120K)] 384956K->317948K(744448K), 0.0026909 secs] [Times: user=0.01 sys=0.00, real=0.01 secs] 
2403.352: [GC (Allocation Failure) [PSYoungGen: 68480K->1568K(69120K)] 385020K->318108K(744448K), 0.0016126 secs] [Times: user=0.01 sys=0.00, real=0.00 secs] 
2403.802: [GC (Allocation Failure) [PSYoungGen: 68640K->1600K(69120K)] 385180K->318140K(744448K), 0.0015655 secs] [Times: user=0.00 sys=0.00, real=0.00 secs] 
2404.258: [GC (Allocation Failure) [PSYoungGen: 68672K->1581K(69120K)] 385212K->318121K(744448K), 0.0022853 secs] [Times: user=0.01 sys=0.00, real=0.01 secs] 
2405.316: [GC (Allocation Failure) [PSYoungGen: 68653K->1456K(69120K)] 385193K->317996K(744448K), 0.0039035 secs] [Times: user=0.02 sys=0.00, real=0.00 secs] 
2406.761: [GC (Allocation Failure) [PSYoungGen: 68528K->1408K(69120K)] 385068K->317964K(744448K), 0.0038419 secs] [Times: user=0.02 sys=0.00, real=0.00 secs] 
2407.428: [GC (Allocation Failure) [PSYoungGen: 68480K->1408K(69120K)] 385036K->317964K(744448K), 0.0032631 secs] [Times: user=0.01 sys=0.00, real=0.01 secs] 
2407.995: [GC (Allocation Failure) [PSYoungGen: 68480K->1408K(69120K)] 385036K->317964K(744448K), 0.0024344 secs] [Times: user=0.01 sys=0.00, real=0.00 secs] 
2408.385: [GC (Allocation Failure) [PSYoungGen: 68480K->1469K(69120K)] 385036K->318025K(744448K), 0.0014989 secs] [Times: user=0.00 sys=0.00, real=0.00 secs] 
2408.777: [GC (Allocation Failure) [PSYoungGen: 68541K->1552K(69120K)] 385097K->318108K(744448K), 0.0015712 secs] [Times: user=0.01 sys=0.00, real=0.00 secs] 
2409.168: [GC (Allocation Failure) [PSYoungGen: 68624K->1536K(69120K)] 385180K->318092K(744448K), 0.0015565 secs] [Times: user=0.00 sys=0.00, real=0.00 secs] 
2409.560: [GC (Allocation Failure) [PSYoungGen: 68608K->1600K(69120K)] 385164K->318172K(744448K), 0.0015037 secs] [Times: user=0.01 sys=0.00, real=0.01 secs] 
2409.920: [GC (Allocation Failure) [PSYoungGen: 68672K->1472K(69120K)] 385244K->318044K(744448K), 0.0016438 secs] [Times: user=0.00 sys=0.00, real=0.00 secs] 
2410.199: [GC (Allocation Failure) [PSYoungGen: 68544K->1344K(69120K)] 385116K->317916K(744448K), 0.0017680 secs] [Times: user=0.01 sys=0.00, real=0.01 secs] 
2410.477: [GC (Allocation Failure) [PSYoungGen: 68416K->1344K(69120K)] 384988K->317916K(744448K), 0.0017030 secs] [Times: user=0.01 sys=0.00, real=0.00 secs] 
2410.756: [GC (Allocation Failure) [PSYoungGen: 68416K->1360K(69120K)] 384988K->317932K(744448K), 0.0020219 secs] [Times: user=0.01 sys=0.00, real=0.00 secs] 
2411.137: [GC (Allocation Failure) [PSYoungGen: 68432K->1485K(69120K)] 385004K->318057K(744448K), 0.0014847 secs] [Times: user=0.00 sys=0.00, real=0.00 secs] 
2411.591: [GC (Allocation Failure) [PSYoungGen: 68557K->1520K(69120K)] 385129K->318092K(744448K), 0.0015739 secs] [Times: user=0.01 sys=0.00, real=0.00 secs] 
2411.983: [GC (Allocation Failure) [PSYoungGen: 68592K->1549K(69120K)] 385164K->318121K(744448K), 0.0015856 secs] [Times: user=0.00 sys=0.00, real=0.00 secs] 
2412.378: [GC (Allocation Failure) [PSYoungGen: 68621K->1568K(69120K)] 385193K->318156K(744448K), 0.0017610 secs] [Times: user=0.01 sys=0.00, real=0.00 secs] 
2412.757: [GC (Allocation Failure) [PSYoungGen: 68640K->1408K(69120K)] 385228K->317996K(744448K), 0.0025546 secs] [Times: user=0.01 sys=0.00, real=0.00 secs] 
2413.035: [GC (Allocation Failure) [PSYoungGen: 68480K->1376K(69120K)] 385068K->317964K(744448K), 0.0019865 secs] [Times: user=0.01 sys=0.00, real=0.00 secs] 
2413.403: [GC (Allocation Failure) [PSYoungGen: 68448K->1408K(69120K)] 385036K->318004K(744448K), 0.0019518 secs] [Times: user=0.01 sys=0.00, real=0.00 secs] 
2413.724: [GC (Allocation Failure) [PSYoungGen: 68480K->1376K(69120K)] 385076K->317988K(744448K), 0.0019752 secs] [Times: user=0.00 sys=0.00, real=0.00 secs] 
2414.271: [GC (Allocation Failure) [PSYoungGen: 68448K->1488K(69120K)] 385060K->318100K(744448K), 0.0017409 secs] [Times: user=0.01 sys=0.00, real=0.00 secs] 
2414.723: [GC (Allocation Failure) [PSYoungGen: 68560K->1549K(69120K)] 385172K->318161K(744448K), 0.0015548 secs] [Times: user=0.00 sys=0.00, real=0.00 secs] 
2415.117: [GC (Allocation Failure) [PSYoungGen: 68621K->1565K(69120K)] 385233K->318177K(744448K), 0.0015943 secs] [Times: user=0.01 sys=0.00, real=0.00 secs] 
2415.567: [GC (Allocation Failure) [PSYoungGen: 68637K->1568K(69120K)] 385249K->318196K(744448K), 0.0015706 secs] [Times: user=0.01 sys=0.00, real=0.00 secs] 
2416.787: [GC (Allocation Failure) [PSYoungGen: 68640K->1408K(69120K)] 385268K->318052K(744448K), 0.0034415 secs] [Times: user=0.01 sys=0.00, real=0.01 secs] 
2417.352: [GC (Allocation Failure) [PSYoungGen: 68480K->1392K(69120K)] 385124K->318036K(744448K), 0.0027339 secs] [Times: user=0.01 sys=0.00, real=0.00 secs] 
2417.899: [GC (Allocation Failure) [PSYoungGen: 68464K->1408K(69120K)] 385108K->318052K(744448K), 0.0030576 secs] [Times: user=0.01 sys=0.00, real=0.01 secs] 
2418.545: [GC (Allocation Failure) [PSYoungGen: 68480K->1408K(69120K)] 385124K->318052K(744448K), 0.0021228 secs] [Times: user=0.00 sys=0.00, real=0.00 secs] 
2419.153: [GC (Allocation Failure) [PSYoungGen: 68452K->1517K(69120K)] 385097K->318161K(744448K), 0.0015144 secs] [Times: user=0.01 sys=0.00, real=0.00 secs] 
2419.544: [GC (Allocation Failure) [PSYoungGen: 68589K->1568K(69120K)] 385233K->318212K(744448K), 0.0016764 secs] [Times: user=0.00 sys=0.00, real=0.00 secs] 
2419.936: [GC (Allocation Failure) [PSYoungGen: 68640K->1581K(69120K)] 385284K->318225K(744448K), 0.0015263 secs] [Times: user=0.01 sys=0.00, real=0.00 secs] 
2420.371: [GC (Allocation Failure) [PSYoungGen: 68653K->1584K(69120K)] 385297K->318228K(744448K), 0.0017494 secs] [Times: user=0.01 sys=0.00, real=0.00 secs] 
2420.668: [GC (Allocation Failure) [PSYoungGen: 68656K->1408K(69120K)] 385300K->318052K(744448K), 0.0021015 secs] [Times: user=0.00 sys=0.00, real=0.01 secs] 
2420.944: [GC (Allocation Failure) [PSYoungGen: 68480K->1392K(69120K)] 385124K->318036K(744448K), 0.0018386 secs] [Times: user=0.01 sys=0.00, real=0.00 secs] 
2421.222: [GC (Allocation Failure) [PSYoungGen: 68464K->1376K(69120K)] 385108K->318020K(744448K), 0.0017955 secs] [Times: user=0.00 sys=0.00, real=0.00 secs] 
2421.500: [GC (Allocation Failure) [PSYoungGen: 68448K->1344K(69120K)] 385092K->317988K(744448K), 0.0017813 secs] [Times: user=0.01 sys=0.00, real=0.00 secs] 
2421.901: [GC (Allocation Failure) [PSYoungGen: 68416K->1536K(69120K)] 385060K->318180K(744448K), 0.0016857 secs] [Times: user=0.01 sys=0.00, real=0.00 secs] 
2422.355: [GC (Allocation Failure) [PSYoungGen: 68608K->1520K(69120K)] 385252K->318164K(744448K), 0.0015607 secs] [Times: user=0.01 sys=0.00, real=0.00 secs] 
2422.747: [GC (Allocation Failure) [PSYoungGen: 68592K->1597K(69120K)] 385236K->318241K(744448K), 0.0015711 secs] [Times: user=0.01 sys=0.00, real=0.00 secs] 
2423.145: [GC (Allocation Failure) [PSYoungGen: 68669K->1488K(69120K)] 385313K->318148K(744448K), 0.0020452 secs] [Times: user=0.01 sys=0.00, real=0.00 secs] 
2423.425: [GC (Allocation Failure) [PSYoungGen: 68560K->1408K(69120K)] 385220K->318068K(744448K), 0.0018983 secs] [Times: user=0.01 sys=0.00, real=0.00 secs] 
2423.874: [GC (Allocation Failure) [PSYoungGen: 68480K->1408K(69120K)] 385140K->318068K(744448K), 0.0017973 secs] [Times: user=0.00 sys=0.00, real=0.00 secs] 
2424.428: [GC (Allocation Failure) [PSYoungGen: 68480K->1408K(69120K)] 385140K->318084K(744448K), 0.0020190 secs] [Times: user=0.00 sys=0.00, real=0.00 secs] 
2425.011: [GC (Allocation Failure) [PSYoungGen: 68480K->1501K(69120K)] 385156K->318177K(744448K), 0.0022031 secs] [Times: user=0.00 sys=0.00, real=0.00 secs] 
2425.434: [GC (Allocation Failure) [PSYoungGen: 68573K->1600K(69120K)] 385249K->318276K(744448K), 0.0015319 secs] [Times: user=0.00 sys=0.00, real=0.00 secs] 
2425.826: [GC (Allocation Failure) [PSYoungGen: 68672K->1517K(69120K)] 385348K->318193K(744448K), 0.0016263 secs] [Times: user=0.01 sys=0.00, real=0.00 secs] 
2426.220: [GC (Allocation Failure) [PSYoungGen: 68589K->1552K(69120K)] 385265K->318244K(744448K), 0.0016720 secs] [Times: user=0.00 sys=0.00, real=0.00 secs] 
2426.767: [GC (Allocation Failure) [PSYoungGen: 68624K->1424K(69120K)] 385316K->318116K(744448K), 0.0023323 secs] [Times: user=0.01 sys=0.00, real=0.00 secs] 
2427.046: [GC (Allocation Failure) [PSYoungGen: 68496K->1344K(69120K)] 385188K->318036K(744448K), 0.0021249 secs] [Times: user=0.01 sys=0.00, real=0.00 secs] 
2427.325: [GC (Allocation Failure) [PSYoungGen: 68416K->1344K(69120K)] 385108K->318036K(744448K), 0.0019131 secs] [Times: user=0.01 sys=0.00, real=0.00 secs] 
2427.603: [GC (Allocation Failure) [PSYoungGen: 68416K->1344K(69120K)] 385108K->318036K(744448K), 0.0018135 secs] [Times: user=0.00 sys=0.00, real=0.00 secs] 
2427.933: [GC (Allocation Failure) [PSYoungGen: 68416K->1469K(69120K)] 385108K->318161K(744448K), 0.0015443 secs] [Times: user=0.01 sys=0.00, real=0.00 secs] 
2428.325: [GC (Allocation Failure) [PSYoungGen: 68541K->1536K(69120K)] 385233K->318236K(744448K), 0.0016896 secs] [Times: user=0.01 sys=0.00, real=0.00 secs] 
2428.719: [GC (Allocation Failure) [PSYoungGen: 68608K->1616K(69120K)] 385308K->318316K(744448K), 0.0016515 secs] [Times: user=0.01 sys=0.00, real=0.01 secs] 
2429.112: [GC (Allocation Failure) [PSYoungGen: 68688K->1568K(69120K)] 385388K->318284K(744448K), 0.0015767 secs] [Times: user=0.00 sys=0.00, real=0.00 secs] 
2430.132: [GC (Allocation Failure) [PSYoungGen: 68640K->1488K(69120K)] 385356K->318204K(744448K), 0.0035892 secs] [Times: user=0.01 sys=0.00, real=0.00 secs] 
2430.582: [GC (Allocation Failure) [PSYoungGen: 68560K->1408K(69120K)] 385276K->318124K(744448K), 0.0017619 secs] [Times: user=0.01 sys=0.00, real=0.00 secs] 
2430.893: [GC (Allocation Failure) [PSYoungGen: 68480K->1408K(69120K)] 385196K->318124K(744448K), 0.0017572 secs] [Times: user=0.01 sys=0.00, real=0.00 secs] 
2431.207: [GC (Allocation Failure) [PSYoungGen: 68480K->1344K(69120K)] 385196K->318060K(744448K), 0.0018068 secs] [Times: user=0.01 sys=0.00, real=0.00 secs] 
2431.669: [GC (Allocation Failure) [PSYoungGen: 68416K->1549K(69120K)] 385132K->318265K(744448K), 0.0015634 secs] [Times: user=0.01 sys=0.00, real=0.01 secs] 
2432.060: [GC (Allocation Failure) [PSYoungGen: 68621K->1600K(69120K)] 385337K->318316K(744448K), 0.0015994 secs] [Times: user=0.00 sys=0.00, real=0.00 secs] 
2432.452: [GC (Allocation Failure) [PSYoungGen: 68672K->1613K(69120K)] 385388K->318329K(744448K), 0.0016357 secs] [Times: user=0.01 sys=0.00, real=0.00 secs] 
2432.845: [GC (Allocation Failure) [PSYoungGen: 68685K->1568K(69120K)] 385401K->318300K(744448K), 0.0016890 secs] [Times: user=0.00 sys=0.00, real=0.00 secs] 
2433.557: [GC (Allocation Failure) [PSYoungGen: 68640K->1440K(69120K)] 385372K->318172K(744448K), 0.0016837 secs] [Times: user=0.01 sys=0.00, real=0.00 secs] 
2433.844: [GC (Allocation Failure) [PSYoungGen: 68512K->1408K(69120K)] 385244K->318140K(744448K), 0.0021491 secs] [Times: user=0.01 sys=0.00, real=0.00 secs] 
2434.124: [GC (Allocation Failure) [PSYoungGen: 68480K->1408K(69120K)] 385212K->318140K(744448K), 0.0021603 secs] [Times: user=0.01 sys=0.00, real=0.00 secs] 
2434.403: [GC (Allocation Failure) [PSYoungGen: 68480K->1408K(69120K)] 385212K->318140K(744448K), 0.0020020 secs] [Times: user=0.00 sys=0.00, real=0.00 secs] 
2434.778: [GC (Allocation Failure) [PSYoungGen: 68480K->1501K(69120K)] 385212K->318265K(744448K), 0.0016461 secs] [Times: user=0.01 sys=0.00, real=0.00 secs] 
2435.178: [GC (Allocation Failure) [PSYoungGen: 68568K->1536K(69120K)] 385333K->318300K(744448K), 0.0015544 secs] [Times: user=0.01 sys=0.00, real=0.00 secs] 
2435.634: [GC (Allocation Failure) [PSYoungGen: 68608K->1520K(69120K)] 385372K->318284K(744448K), 0.0016046 secs] [Times: user=0.00 sys=0.00, real=0.00 secs] 
2436.027: [GC (Allocation Failure) [PSYoungGen: 68592K->1536K(69120K)] 385356K->318316K(744448K), 0.0018008 secs] [Times: user=0.01 sys=0.00, real=0.00 secs] 
2436.652: [GC (Allocation Failure) [PSYoungGen: 68608K->1440K(69120K)] 385388K->318220K(744448K), 0.0042618 secs] [Times: user=0.02 sys=0.00, real=0.00 secs] 
2437.002: [GC (Allocation Failure) [PSYoungGen: 68512K->1376K(69120K)] 385292K->318156K(744448K), 0.0019348 secs] [Times: user=0.01 sys=0.00, real=0.00 secs] 
2437.289: [GC (Allocation Failure) [PSYoungGen: 68448K->1344K(69120K)] 385228K->318124K(744448K), 0.0019336 secs] [Times: user=0.00 sys=0.00, real=0.01 secs] 
2437.766: [GC (Allocation Failure) [PSYoungGen: 68416K->1344K(69120K)] 385196K->318124K(744448K), 0.0018420 secs] [Times: user=0.01 sys=0.00, real=0.00 secs] 
2438.347: [GC (Allocation Failure) [PSYoungGen: 68416K->1533K(69120K)] 385196K->318313K(744448K), 0.0016365 secs] [Times: user=0.01 sys=0.00, real=0.00 secs] 
2438.738: [GC (Allocation Failure) [PSYoungGen: 68605K->1552K(69120K)] 385385K->318332K(744448K), 0.0015028 secs] [Times: user=0.01 sys=0.00, real=0.00 secs] 
2439.194: [GC (Allocation Failure) [PSYoungGen: 68624K->1549K(69120K)] 385404K->318329K(744448K), 0.0015880 secs] [Times: user=0.01 sys=0.00, real=0.00 secs] 
2439.660: [GC (Allocation Failure) [PSYoungGen: 68621K->1488K(69120K)] 385401K->318268K(744448K), 0.0017685 secs] [Times: user=0.01 sys=0.00, real=0.00 secs] 
2439.944: [GC (Allocation Failure) [PSYoungGen: 68560K->1408K(69120K)] 385340K->318188K(744448K), 0.0021344 secs] [Times: user=0.01 sys=0.00, real=0.00 secs] 
2440.219: [GC (Allocation Failure) [PSYoungGen: 68480K->1376K(69120K)] 385260K->318156K(744448K), 0.0019482 secs] [Times: user=0.01 sys=0.00, real=0.01 secs] 
2440.498: [GC (Allocation Failure) [PSYoungGen: 68448K->1392K(69120K)] 385228K->318172K(744448K), 0.0018039 secs] [Times: user=0.00 sys=0.00, real=0.00 secs] 
2440.776: [GC (Allocation Failure) [PSYoungGen: 68464K->1376K(69120K)] 385244K->318156K(744448K), 0.0017546 secs] [Times: user=0.00 sys=0.00, real=0.00 secs] 
2441.203: [GC (Allocation Failure) [PSYoungGen: 68448K->1581K(69120K)] 385228K->318361K(744448K), 0.0016551 secs] [Times: user=0.00 sys=0.00, real=0.00 secs] 
2441.603: [GC (Allocation Failure) [PSYoungGen: 68653K->1597K(69120K)] 385433K->318377K(744448K), 0.0016627 secs] [Times: user=0.00 sys=0.00, real=0.00 secs] 
2442.004: [GC (Allocation Failure) [PSYoungGen: 68669K->1568K(69120K)] 385449K->318348K(744448K), 0.0016957 secs] [Times: user=0.00 sys=0.00, real=0.00 secs] 
2442.404: [GC (Allocation Failure) [PSYoungGen: 68640K->1440K(69120K)] 385420K->318220K(744448K), 0.0019271 secs] [Times: user=0.00 sys=0.00, real=0.00 secs] 
2443.159: [GC (Allocation Failure) [PSYoungGen: 68512K->1408K(69120K)] 385292K->318188K(744448K), 0.0026789 secs] [Times: user=0.01 sys=0.00, real=0.01 secs] 
2444.115: [GC (Allocation Failure) [PSYoungGen: 68480K->1376K(69120K)] 385260K->318156K(744448K), 0.0035256 secs] [Times: user=0.02 sys=0.00, real=0.00 secs] 
2445.081: [GC (Allocation Failure) [PSYoungGen: 68448K->1376K(69120K)] 385228K->318156K(744448K), 0.0037867 secs] [Times: user=0.01 sys=0.00, real=0.00 secs] 
2446.085: [GC (Allocation Failure) [PSYoungGen: 68448K->1469K(69120K)] 385228K->318273K(744448K), 0.0022734 secs] [Times: user=0.01 sys=0.00, real=0.00 secs] 
2446.522: [GC (Allocation Failure) [PSYoungGen: 68541K->1597K(69120K)] 385345K->318401K(744448K), 0.0015741 secs] [Times: user=0.00 sys=0.00, real=0.00 secs] 
2446.971: [GC (Allocation Failure) [PSYoungGen: 68669K->1520K(69120K)] 385473K->318324K(744448K), 0.0015842 secs] [Times: user=0.00 sys=0.00, real=0.00 secs] 
2447.364: [GC (Allocation Failure) [PSYoungGen: 68592K->1568K(69120K)] 385396K->318388K(744448K), 0.0018008 secs] [Times: user=0.01 sys=0.00, real=0.00 secs] 
2447.729: [GC (Allocation Failure) [PSYoungGen: 68640K->1456K(69120K)] 385460K->318276K(744448K), 0.0022029 secs] [Times: user=0.01 sys=0.00, real=0.01 secs] 
2448.155: [GC (Allocation Failure) [PSYoungGen: 68528K->1408K(69120K)] 385348K->318228K(744448K), 0.0019339 secs] [Times: user=0.01 sys=0.00, real=0.00 secs] 
2448.761: [GC (Allocation Failure) [PSYoungGen: 68480K->1440K(69120K)] 385300K->318260K(744448K), 0.0019963 secs] [Times: user=0.01 sys=0.00, real=0.00 secs] 
2449.373: [GC (Allocation Failure) [PSYoungGen: 68512K->1376K(69120K)] 385332K->318196K(744448K), 0.0022850 secs] [Times: user=0.00 sys=0.00, real=0.00 secs] 
2450.005: [GC (Allocation Failure) [PSYoungGen: 68448K->1533K(69120K)] 385268K->318353K(744448K), 0.0015795 secs] [Times: user=0.01 sys=0.00, real=0.00 secs] 
2450.397: [GC (Allocation Failure) [PSYoungGen: 68605K->1613K(69120K)] 385425K->318433K(744448K), 0.0017173 secs] [Times: user=0.01 sys=0.00, real=0.00 secs] 
2450.853: [GC (Allocation Failure) [PSYoungGen: 68685K->1645K(69120K)] 385505K->318465K(744448K), 0.0017961 secs] [Times: user=0.00 sys=0.00, real=0.00 secs] 
2451.245: [GC (Allocation Failure) [PSYoungGen: 68717K->1613K(69120K)] 385537K->318457K(744448K), 0.0015713 secs] [Times: user=0.01 sys=0.00, real=0.00 secs] 
2451.868: [GC (Allocation Failure) [PSYoungGen: 68685K->1424K(69120K)] 385529K->318268K(744448K), 0.0025067 secs] [Times: user=0.01 sys=0.00, real=0.01 secs] 
2452.512: [GC (Allocation Failure) [PSYoungGen: 68496K->1408K(69120K)] 385340K->318252K(744448K), 0.0022338 secs] [Times: user=0.01 sys=0.00, real=0.00 secs] 
2453.190: [GC (Allocation Failure) [PSYoungGen: 68480K->1408K(69120K)] 385324K->318252K(744448K), 0.0023088 secs] [Times: user=0.01 sys=0.00, real=0.01 secs] 
2454.125: [GC (Allocation Failure) [PSYoungGen: 68480K->1408K(69120K)] 385324K->318252K(744448K), 0.0030337 secs] [Times: user=0.02 sys=0.00, real=0.00 secs] 
2454.845: [GC (Allocation Failure) [PSYoungGen: 68480K->1549K(69120K)] 385324K->318393K(744448K), 0.0016187 secs] [Times: user=0.00 sys=0.00, real=0.00 secs] 
2455.236: [GC (Allocation Failure) [PSYoungGen: 68621K->1520K(69120K)] 385465K->318364K(744448K), 0.0015393 secs] [Times: user=0.00 sys=0.00, real=0.00 secs] 
2455.638: [GC (Allocation Failure) [PSYoungGen: 68592K->1552K(69120K)] 385436K->318396K(744448K), 0.0015527 secs] [Times: user=0.01 sys=0.00, real=0.00 secs] 
2456.032: [GC (Allocation Failure) [PSYoungGen: 68624K->1584K(69120K)] 385468K->318444K(744448K), 0.0016105 secs] [Times: user=0.00 sys=0.00, real=0.00 secs] 
2456.383: [GC (Allocation Failure) [PSYoungGen: 68656K->1376K(69120K)] 385516K->318252K(744448K), 0.0015952 secs] [Times: user=0.01 sys=0.00, real=0.00 secs] 
2456.797: [GC (Allocation Failure) [PSYoungGen: 68448K->1408K(69120K)] 385324K->318284K(744448K), 0.0017173 secs] [Times: user=0.00 sys=0.00, real=0.00 secs] 
2457.310: [GC (Allocation Failure) [PSYoungGen: 68480K->1376K(69120K)] 385356K->318252K(744448K), 0.0030293 secs] [Times: user=0.01 sys=0.00, real=0.01 secs] 
2457.979: [GC (Allocation Failure) [PSYoungGen: 68448K->1376K(69120K)] 385324K->318252K(744448K), 0.0037267 secs] [Times: user=0.02 sys=0.00, real=0.01 secs] 
2458.607: [GC (Allocation Failure) [PSYoungGen: 68448K->1533K(69120K)] 385324K->318409K(744448K), 0.0016189 secs] [Times: user=0.01 sys=0.00, real=0.00 secs] 
2459.056: [GC (Allocation Failure) [PSYoungGen: 68577K->1600K(69120K)] 385454K->318476K(744448K), 0.0017765 secs] [Times: user=0.01 sys=0.00, real=0.00 secs] 
2459.449: [GC (Allocation Failure) [PSYoungGen: 68672K->1568K(69120K)] 385548K->318444K(744448K), 0.0015857 secs] [Times: user=0.00 sys=0.00, real=0.00 secs] 
2459.930: [GC (Allocation Failure) [PSYoungGen: 68640K->1680K(69120K)] 385516K->318556K(744448K), 0.0019934 secs] [Times: user=0.01 sys=0.00, real=0.01 secs] 
2460.209: [GC (Allocation Failure) [PSYoungGen: 68752K->1376K(69120K)] 385628K->318252K(744448K), 0.0018710 secs] [Times: user=0.00 sys=0.00, real=0.01 secs] 
2460.532: [GC (Allocation Failure) [PSYoungGen: 68448K->1376K(69120K)] 385324K->318252K(744448K), 0.0018671 secs] [Times: user=0.01 sys=0.00, real=0.00 secs] 
2460.984: [GC (Allocation Failure) [PSYoungGen: 68448K->1376K(69120K)] 385324K->318252K(744448K), 0.0024342 secs] [Times: user=0.01 sys=0.00, real=0.00 secs] 
2461.722: [GC (Allocation Failure) [PSYoungGen: 68448K->1344K(69120K)] 385324K->318220K(744448K), 0.0022801 secs] [Times: user=0.01 sys=0.00, real=0.00 secs] 
2462.315: [GC (Allocation Failure) [PSYoungGen: 68416K->1552K(69120K)] 385292K->318428K(744448K), 0.0017735 secs] [Times: user=0.00 sys=0.00, real=0.00 secs] 
2462.710: [GC (Allocation Failure) [PSYoungGen: 68624K->1520K(69120K)] 385500K->318396K(744448K), 0.0016773 secs] [Times: user=0.01 sys=0.00, real=0.00 secs] 
2463.102: [GC (Allocation Failure) [PSYoungGen: 68592K->1597K(69120K)] 385468K->318473K(744448K), 0.0015482 secs] [Times: user=0.01 sys=0.00, real=0.00 secs] 
2463.589: [GC (Allocation Failure) [PSYoungGen: 68669K->1488K(69120K)] 385545K->318372K(744448K), 0.0016760 secs] [Times: user=0.00 sys=0.00, real=0.01 secs] 
2464.169: [GC (Allocation Failure) [PSYoungGen: 68560K->1376K(69120K)] 385444K->318260K(744448K), 0.0025520 secs] [Times: user=0.02 sys=0.00, real=0.01 secs] 
2464.724: [GC (Allocation Failure) [PSYoungGen: 68448K->1376K(69120K)] 385332K->318260K(744448K), 0.0026270 secs] [Times: user=0.01 sys=0.00, real=0.00 secs] 
2465.391: [GC (Allocation Failure) [PSYoungGen: 68448K->1408K(69120K)] 385332K->318292K(744448K), 0.0023061 secs] [Times: user=0.01 sys=0.00, real=0.00 secs] 
2466.114: [GC (Allocation Failure) [PSYoungGen: 68480K->1456K(69120K)] 385364K->318356K(744448K), 0.0027795 secs] [Times: user=0.02 sys=0.00, real=0.00 secs] 
2466.606: [GC (Allocation Failure) [PSYoungGen: 68528K->1568K(69120K)] 385428K->318468K(744448K), 0.0016083 secs] [Times: user=0.00 sys=0.00, real=0.00 secs] 
2467.002: [GC (Allocation Failure) [PSYoungGen: 68640K->1568K(69120K)] 385540K->318468K(744448K), 0.0015588 secs] [Times: user=0.01 sys=0.00, real=0.00 secs] 
2467.394: [GC (Allocation Failure) [PSYoungGen: 68640K->1517K(69120K)] 385540K->318425K(744448K), 0.0015556 secs] [Times: user=0.00 sys=0.00, real=0.00 secs] 
2468.421: [GC (Allocation Failure) [PSYoungGen: 68589K->1488K(69120K)] 385497K->318396K(744448K), 0.0040286 secs] [Times: user=0.01 sys=0.00, real=0.00 secs] 
2469.082: [GC (Allocation Failure) [PSYoungGen: 68560K->1408K(69120K)] 385468K->318316K(744448K), 0.0030232 secs] [Times: user=0.01 sys=0.00, real=0.00 secs] 
2469.635: [GC (Allocation Failure) [PSYoungGen: 68480K->1408K(69120K)] 385388K->318316K(744448K), 0.0026408 secs] [Times: user=0.01 sys=0.00, real=0.00 secs] 
2470.238: [GC (Allocation Failure) [PSYoungGen: 68480K->1408K(69120K)] 385388K->318316K(744448K), 0.0025099 secs] [Times: user=0.01 sys=0.00, real=0.01 secs] 
2470.937: [GC (Allocation Failure) [PSYoungGen: 68480K->1437K(69120K)] 385388K->318345K(744448K), 0.0019296 secs] [Times: user=0.01 sys=0.00, real=0.00 secs] 
2471.334: [GC (Allocation Failure) [PSYoungGen: 68509K->1581K(69120K)] 385417K->318489K(744448K), 0.0016012 secs] [Times: user=0.01 sys=0.00, real=0.00 secs] 
2471.733: [GC (Allocation Failure) [PSYoungGen: 68653K->1581K(69120K)] 385561K->318489K(744448K), 0.0016194 secs] [Times: user=0.00 sys=0.00, real=0.00 secs] 
2472.129: [GC (Allocation Failure) [PSYoungGen: 68653K->1536K(69120K)] 385561K->318460K(744448K), 0.0016670 secs] [Times: user=0.01 sys=0.00, real=0.01 secs] 
2472.853: [GC (Allocation Failure) [PSYoungGen: 68608K->1456K(69120K)] 385532K->318380K(744448K), 0.0019820 secs] [Times: user=0.01 sys=0.00, real=0.00 secs] 
2473.623: [GC (Allocation Failure) [PSYoungGen: 68528K->1376K(69120K)] 385452K->318300K(744448K), 0.0030426 secs] [Times: user=0.01 sys=0.00, real=0.00 secs] 
2474.231: [GC (Allocation Failure) [PSYoungGen: 68448K->1408K(69120K)] 385372K->318332K(744448K), 0.0025641 secs] [Times: user=0.01 sys=0.00, real=0.00 secs] 
2474.855: [GC (Allocation Failure) [PSYoungGen: 68480K->1360K(69120K)] 385404K->318284K(744448K), 0.0030283 secs] [Times: user=0.01 sys=0.00, real=0.00 secs] 
2475.515: [GC (Allocation Failure) [PSYoungGen: 68432K->1501K(69120K)] 385356K->318425K(744448K), 0.0015639 secs] [Times: user=0.00 sys=0.00, real=0.00 secs] 
2475.907: [GC (Allocation Failure) [PSYoungGen: 68573K->1517K(69120K)] 385497K->318441K(744448K), 0.0015656 secs] [Times: user=0.00 sys=0.00, real=0.00 secs] 
2476.311: [GC (Allocation Failure) [PSYoungGen: 68589K->1597K(69120K)] 385513K->318521K(744448K), 0.0015420 secs] [Times: user=0.01 sys=0.00, real=0.00 secs] 
2476.766: [GC (Allocation Failure) [PSYoungGen: 68669K->1565K(69120K)] 385593K->318521K(744448K), 0.0016695 secs] [Times: user=0.01 sys=0.00, real=0.00 secs] 
2477.115: [GC (Allocation Failure) [PSYoungGen: 68637K->1376K(69120K)] 385593K->318332K(744448K), 0.0015934 secs] [Times: user=0.01 sys=0.00, real=0.00 secs] 
2477.394: [GC (Allocation Failure) [PSYoungGen: 68448K->1376K(69120K)] 385404K->318332K(744448K), 0.0016342 secs] [Times: user=0.01 sys=0.00, real=0.00 secs] 
2477.672: [GC (Allocation Failure) [PSYoungGen: 68448K->1376K(69120K)] 385404K->318332K(744448K), 0.0015441 secs] [Times: user=0.00 sys=0.00, real=0.00 secs] 
2477.952: [GC (Allocation Failure) [PSYoungGen: 68448K->1376K(69120K)] 385404K->318332K(744448K), 0.0015515 secs] [Times: user=0.01 sys=0.00, real=0.00 secs] 
2478.547: [GC (Allocation Failure) [PSYoungGen: 68448K->1533K(69120K)] 385404K->318489K(744448K), 0.0015449 secs] [Times: user=0.00 sys=0.00, real=0.00 secs] 
2478.946: [GC (Allocation Failure) [PSYoungGen: 68605K->1581K(69120K)] 385561K->318537K(744448K), 0.0016517 secs] [Times: user=0.01 sys=0.00, real=0.00 secs] 
2479.339: [GC (Allocation Failure) [PSYoungGen: 68653K->1552K(69120K)] 385609K->318508K(744448K), 0.0018452 secs] [Times: user=0.01 sys=0.00, real=0.01 secs] 
2479.733: [GC (Allocation Failure) [PSYoungGen: 68624K->1581K(69120K)] 385580K->318553K(744448K), 0.0015645 secs] [Times: user=0.00 sys=0.00, real=0.00 secs] 
2480.106: [GC (Allocation Failure) [PSYoungGen: 68653K->1472K(69120K)] 385625K->318444K(744448K), 0.0019694 secs] [Times: user=0.00 sys=0.00, real=0.00 secs] 
2480.399: [GC (Allocation Failure) [PSYoungGen: 68544K->1408K(69120K)] 385516K->318380K(744448K), 0.0017249 secs] [Times: user=0.01 sys=0.00, real=0.01 secs] 
2481.006: [GC (Allocation Failure) [PSYoungGen: 68480K->1408K(69120K)] 385452K->318380K(744448K), 0.0018970 secs] [Times: user=0.01 sys=0.00, real=0.00 secs] 
2481.504: [GC (Allocation Failure) [PSYoungGen: 68480K->1376K(69120K)] 385452K->318348K(744448K), 0.0028667 secs] [Times: user=0.01 sys=0.00, real=0.00 secs] 
2481.953: [GC (Allocation Failure) [PSYoungGen: 68448K->1504K(69120K)] 385420K->318476K(744448K), 0.0015650 secs] [Times: user=0.01 sys=0.00, real=0.00 secs] 
2482.344: [GC (Allocation Failure) [PSYoungGen: 68576K->1536K(69120K)] 385548K->318508K(744448K), 0.0016530 secs] [Times: user=0.01 sys=0.00, real=0.00 secs] 
2482.737: [GC (Allocation Failure) [PSYoungGen: 68608K->1613K(69120K)] 385580K->318585K(744448K), 0.0015605 secs] [Times: user=0.00 sys=0.00, real=0.00 secs] 
2483.118: [GC (Allocation Failure) [PSYoungGen: 68685K->2016K(69120K)] 385657K->319028K(744448K), 0.0015489 secs] [Times: user=0.01 sys=0.00, real=0.00 secs] 
2483.467: [GC (Allocation Failure) [PSYoungGen: 69088K->1376K(69120K)] 386100K->318388K(744448K), 0.0017886 secs] [Times: user=0.01 sys=0.00, real=0.00 secs] 
2484.060: [GC (Allocation Failure) [PSYoungGen: 68448K->1376K(69120K)] 385460K->318388K(744448K), 0.0017509 secs] [Times: user=0.00 sys=0.00, real=0.01 secs] 
2484.646: [GC (Allocation Failure) [PSYoungGen: 68448K->1376K(69120K)] 385460K->318388K(744448K), 0.0017599 secs] [Times: user=0.01 sys=0.00, real=0.00 secs] 
2485.261: [GC (Allocation Failure) [PSYoungGen: 68448K->1376K(69120K)] 385460K->318404K(744448K), 0.0018064 secs] [Times: user=0.01 sys=0.00, real=0.00 secs] 
2485.688: [GC (Allocation Failure) [PSYoungGen: 68448K->1568K(69120K)] 385476K->318596K(744448K), 0.0014908 secs] [Times: user=0.01 sys=0.00, real=0.00 secs] 
2486.081: [GC (Allocation Failure) [PSYoungGen: 68640K->1597K(69120K)] 385668K->318625K(744448K), 0.0016029 secs] [Times: user=0.01 sys=0.00, real=0.00 secs] 
2486.547: [GC (Allocation Failure) [PSYoungGen: 68669K->1597K(69120K)] 385697K->318625K(744448K), 0.0015681 secs] [Times: user=0.01 sys=0.00, real=0.00 secs] 
2486.928: [GC (Allocation Failure) [PSYoungGen: 68669K->1472K(69120K)] 385697K->318500K(744448K), 0.0021798 secs] [Times: user=0.01 sys=0.00, real=0.00 secs] 
2487.207: [GC (Allocation Failure) [PSYoungGen: 68544K->1376K(69120K)] 385572K->318404K(744448K), 0.0018893 secs] [Times: user=0.01 sys=0.00, real=0.00 secs] 
2487.510: [GC (Allocation Failure) [PSYoungGen: 68448K->1408K(69120K)] 385476K->318436K(744448K), 0.0018716 secs] [Times: user=0.01 sys=0.00, real=0.00 secs] 
2487.968: [GC (Allocation Failure) [PSYoungGen: 68480K->1312K(69120K)] 385508K->318340K(744448K), 0.0019207 secs] [Times: user=0.01 sys=0.00, real=0.01 secs] 
2488.472: [GC (Allocation Failure) [PSYoungGen: 68384K->1453K(69120K)] 385412K->318481K(744448K), 0.0015836 secs] [Times: user=0.00 sys=0.00, real=0.00 secs] 
2488.864: [GC (Allocation Failure) [PSYoungGen: 68525K->1536K(69120K)] 385553K->318564K(744448K), 0.0016618 secs] [Times: user=0.01 sys=0.00, real=0.00 secs] 
2489.256: [GC (Allocation Failure) [PSYoungGen: 68608K->1536K(69120K)] 385636K->318564K(744448K), 0.0015341 secs] [Times: user=0.00 sys=0.00, real=0.00 secs] 
2489.707: [GC (Allocation Failure) [PSYoungGen: 68608K->1536K(69120K)] 385636K->318580K(744448K), 0.0017594 secs] [Times: user=0.01 sys=0.00, real=0.00 secs] 
2490.081: [GC (Allocation Failure) [PSYoungGen: 68608K->1456K(69120K)] 385652K->318500K(744448K), 0.0020244 secs] [Times: user=0.01 sys=0.00, real=0.00 secs] 
2490.360: [GC (Allocation Failure) [PSYoungGen: 68528K->1408K(69120K)] 385572K->318452K(744448K), 0.0018680 secs] [Times: user=0.01 sys=0.00, real=0.01 secs] 
2490.638: [GC (Allocation Failure) [PSYoungGen: 68480K->1376K(69120K)] 385524K->318420K(744448K), 0.0020007 secs] [Times: user=0.01 sys=0.00, real=0.01 secs] 
2491.090: [GC (Allocation Failure) [PSYoungGen: 68448K->1376K(69120K)] 385492K->318420K(744448K), 0.0018994 secs] [Times: user=0.01 sys=0.00, real=0.01 secs] 
2491.947: [GC (Allocation Failure) [PSYoungGen: 68448K->1469K(69120K)] 385492K->318513K(744448K), 0.0018052 secs] [Times: user=0.01 sys=0.00, real=0.00 secs] 
2492.345: [GC (Allocation Failure) [PSYoungGen: 68541K->1581K(69120K)] 385585K->318625K(744448K), 0.0016549 secs] [Times: user=0.00 sys=0.00, real=0.00 secs] 
2492.738: [GC (Allocation Failure) [PSYoungGen: 68653K->1600K(69120K)] 385697K->318644K(744448K), 0.0015213 secs] [Times: user=0.00 sys=0.00, real=0.00 secs] 
2493.130: [GC (Allocation Failure) [PSYoungGen: 68672K->1584K(69120K)] 385716K->318644K(744448K), 0.0015570 secs] [Times: user=0.01 sys=0.00, real=0.01 secs] 
2493.486: [GC (Allocation Failure) [PSYoungGen: 68656K->1456K(69120K)] 385716K->318516K(744448K), 0.0016670 secs] [Times: user=0.01 sys=0.00, real=0.00 secs] 
2493.789: [GC (Allocation Failure) [PSYoungGen: 68528K->1408K(69120K)] 385588K->318468K(744448K), 0.0015738 secs] [Times: user=0.00 sys=0.00, real=0.01 secs] 
2494.082: [GC (Allocation Failure) [PSYoungGen: 68480K->1344K(69120K)] 385540K->318404K(744448K), 0.0016215 secs] [Times: user=0.01 sys=0.00, real=0.00 secs] 
2494.361: [GC (Allocation Failure) [PSYoungGen: 68416K->1344K(69120K)] 385476K->318420K(744448K), 0.0015934 secs] [Times: user=0.01 sys=0.00, real=0.00 secs] 
2494.738: [GC (Allocation Failure) [PSYoungGen: 68416K->1533K(69120K)] 385492K->318609K(744448K), 0.0015407 secs] [Times: user=0.01 sys=0.00, real=0.00 secs] 
2495.131: [GC (Allocation Failure) [PSYoungGen: 68605K->1517K(69120K)] 385681K->318593K(744448K), 0.0014743 secs] [Times: user=0.00 sys=0.00, real=0.00 secs] 
2495.551: [GC (Allocation Failure) [PSYoungGen: 68589K->1504K(69120K)] 385665K->318580K(744448K), 0.0015958 secs] [Times: user=0.00 sys=0.00, real=0.00 secs] 
2495.944: [GC (Allocation Failure) [PSYoungGen: 68576K->1549K(69120K)] 385652K->318641K(744448K), 0.0017404 secs] [Times: user=0.01 sys=0.00, real=0.00 secs] 
2496.569: [GC (Allocation Failure) [PSYoungGen: 68621K->1424K(69120K)] 385713K->318516K(744448K), 0.0019986 secs] [Times: user=0.01 sys=0.00, real=0.01 secs] 
2497.166: [GC (Allocation Failure) [PSYoungGen: 68496K->1408K(69120K)] 385588K->318500K(744448K), 0.0021044 secs] [Times: user=0.01 sys=0.00, real=0.00 secs] 
2497.746: [GC (Allocation Failure) [PSYoungGen: 68480K->1376K(69120K)] 385572K->318468K(744448K), 0.0019691 secs] [Times: user=0.01 sys=0.00, real=0.00 secs] 
2498.392: [GC (Allocation Failure) [PSYoungGen: 68448K->1408K(69120K)] 385540K->318500K(744448K), 0.0025388 secs] [Times: user=0.01 sys=0.00, real=0.00 secs] 
2499.085: [GC (Allocation Failure) [PSYoungGen: 68480K->1488K(69120K)] 385572K->318580K(744448K), 0.0017626 secs] [Times: user=0.00 sys=0.00, real=0.00 secs] 
2499.476: [GC (Allocation Failure) [PSYoungGen: 68560K->1613K(69120K)] 385652K->318705K(744448K), 0.0015590 secs] [Times: user=0.01 sys=0.00, real=0.00 secs] 
2499.868: [GC (Allocation Failure) [PSYoungGen: 68685K->1568K(69120K)] 385777K->318660K(744448K), 0.0016673 secs] [Times: user=0.01 sys=0.00, real=0.00 secs] 
2500.320: [GC (Allocation Failure) [PSYoungGen: 68389K->320K(69120K)] 385482K->317412K(744448K), 0.0015611 secs] [Times: user=0.00 sys=0.00, real=0.01 secs] 
2500.715: [GC (Allocation Failure) [PSYoungGen: 67392K->1392K(69120K)] 384484K->318484K(744448K), 0.0024260 secs] [Times: user=0.01 sys=0.00, real=0.00 secs] 
2501.061: [GC (Allocation Failure) [PSYoungGen: 68464K->1376K(69120K)] 385556K->318468K(744448K), 0.0019391 secs] [Times: user=0.00 sys=0.00, real=0.00 secs] 
2501.350: [GC (Allocation Failure) [PSYoungGen: 68448K->1376K(69120K)] 385540K->318468K(744448K), 0.0020826 secs] [Times: user=0.01 sys=0.00, real=0.00 secs] 
2501.645: [GC (Allocation Failure) [PSYoungGen: 68448K->1376K(69120K)] 385540K->318468K(744448K), 0.0019786 secs] [Times: user=0.00 sys=0.00, real=0.00 secs] 
2502.059: [GC (Allocation Failure) [PSYoungGen: 68448K->1552K(69120K)] 385540K->318644K(744448K), 0.0015493 secs] [Times: user=0.01 sys=0.00, real=0.01 secs] 
2502.452: [GC (Allocation Failure) [PSYoungGen: 68624K->1568K(69120K)] 385716K->318660K(744448K), 0.0016955 secs] [Times: user=0.01 sys=0.00, real=0.00 secs] 
2502.845: [GC (Allocation Failure) [PSYoungGen: 68640K->1584K(69120K)] 385732K->318676K(744448K), 0.0015559 secs] [Times: user=0.01 sys=0.00, real=0.00 secs] 
2503.245: [GC (Allocation Failure) [PSYoungGen: 68656K->1536K(69120K)] 385748K->318636K(744448K), 0.0018253 secs] [Times: user=0.01 sys=0.00, real=0.00 secs] 
2503.567: [GC (Allocation Failure) [PSYoungGen: 68608K->1376K(69120K)] 385708K->318476K(744448K), 0.0016595 secs] [Times: user=0.00 sys=0.00, real=0.00 secs] 
2503.850: [GC (Allocation Failure) [PSYoungGen: 68448K->1376K(69120K)] 385548K->318476K(744448K), 0.0016897 secs] [Times: user=0.01 sys=0.00, real=0.00 secs] 
2504.128: [GC (Allocation Failure) [PSYoungGen: 68448K->1376K(69120K)] 385548K->318492K(744448K), 0.0017521 secs] [Times: user=0.01 sys=0.00, real=0.00 secs] 
2504.420: [GC (Allocation Failure) [PSYoungGen: 68339K->288K(69120K)] 385456K->317404K(744448K), 0.0018017 secs] [Times: user=0.01 sys=0.00, real=0.00 secs] 
2504.823: [GC (Allocation Failure) [PSYoungGen: 67360K->1520K(69120K)] 384476K->318636K(744448K), 0.0015615 secs] [Times: user=0.01 sys=0.00, real=0.00 secs] 
2505.217: [GC (Allocation Failure) [PSYoungGen: 68592K->1565K(69120K)] 385708K->318681K(744448K), 0.0016655 secs] [Times: user=0.01 sys=0.00, real=0.00 secs] 
2505.609: [GC (Allocation Failure) [PSYoungGen: 68637K->1536K(69120K)] 385753K->318660K(744448K), 0.0016492 secs] [Times: user=0.01 sys=0.00, real=0.01 secs] 
2506.291: [GC (Allocation Failure) [PSYoungGen: 68608K->1520K(69120K)] 385732K->318652K(744448K), 0.0024060 secs] [Times: user=0.01 sys=0.00, real=0.00 secs] 
2506.925: [GC (Allocation Failure) [PSYoungGen: 68592K->1392K(69120K)] 385724K->318524K(744448K), 0.0024820 secs] [Times: user=0.01 sys=0.00, real=0.00 secs] 
2507.544: [GC (Allocation Failure) [PSYoungGen: 68464K->1376K(69120K)] 385596K->318508K(744448K), 0.0030486 secs] [Times: user=0.01 sys=0.00, real=0.00 secs] 
2508.080: [GC (Allocation Failure) [PSYoungGen: 68448K->1392K(69120K)] 385580K->318524K(744448K), 0.0026041 secs] [Times: user=0.01 sys=0.00, real=0.01 secs] 
2508.442: [GC (Allocation Failure) [PSYoungGen: 68464K->1501K(69120K)] 385596K->318633K(744448K), 0.0015525 secs] [Times: user=0.00 sys=0.00, real=0.00 secs] 
2508.833: [GC (Allocation Failure) [PSYoungGen: 68573K->1552K(69120K)] 385705K->318684K(744448K), 0.0015893 secs] [Times: user=0.01 sys=0.00, real=0.00 secs] 
2509.225: [GC (Allocation Failure) [PSYoungGen: 68624K->1552K(69120K)] 385756K->318684K(744448K), 0.0016664 secs] [Times: user=0.00 sys=0.00, real=0.00 secs] 
2509.624: [GC (Allocation Failure) [PSYoungGen: 68624K->1581K(69120K)] 385756K->318721K(744448K), 0.0015817 secs] [Times: user=0.01 sys=0.00, real=0.00 secs] 
2510.068: [GC (Allocation Failure) [PSYoungGen: 68653K->1456K(69120K)] 385793K->318596K(744448K), 0.0018202 secs] [Times: user=0.01 sys=0.00, real=0.00 secs] 
2510.537: [GC (Allocation Failure) [PSYoungGen: 68528K->1408K(69120K)] 385668K->318548K(744448K), 0.0032137 secs] [Times: user=0.01 sys=0.00, real=0.01 secs] 
2511.069: [GC (Allocation Failure) [PSYoungGen: 68480K->1408K(69120K)] 385620K->318548K(744448K), 0.0026992 secs] [Times: user=0.01 sys=0.00, real=0.01 secs] 
2511.946: [GC (Allocation Failure) [PSYoungGen: 68480K->1376K(69120K)] 385620K->318516K(744448K), 0.0045182 secs] [Times: user=0.01 sys=0.00, real=0.01 secs] 
2512.629: [GC (Allocation Failure) [PSYoungGen: 68448K->1533K(69120K)] 385588K->318673K(744448K), 0.0015204 secs] [Times: user=0.01 sys=0.00, real=0.01 secs] 
2513.021: [GC (Allocation Failure) [PSYoungGen: 68605K->1584K(69120K)] 385745K->318724K(744448K), 0.0017745 secs] [Times: user=0.01 sys=0.00, real=0.00 secs] 
2513.414: [GC (Allocation Failure) [PSYoungGen: 68656K->1584K(69120K)] 385796K->318724K(744448K), 0.0015404 secs] [Times: user=0.00 sys=0.00, real=0.00 secs] 
2513.808: [GC (Allocation Failure) [PSYoungGen: 68656K->1584K(69120K)] 385796K->318740K(744448K), 0.0015851 secs] [Times: user=0.01 sys=0.00, real=0.00 secs] 
2514.131: [GC (Allocation Failure) [PSYoungGen: 68656K->1440K(69120K)] 385812K->318596K(744448K), 0.0017929 secs] [Times: user=0.01 sys=0.00, real=0.00 secs] 
2514.409: [GC (Allocation Failure) [PSYoungGen: 68512K->1376K(69120K)] 385668K->318532K(744448K), 0.0016866 secs] [Times: user=0.01 sys=0.00, real=0.01 secs] 
2514.689: [GC (Allocation Failure) [PSYoungGen: 68448K->1376K(69120K)] 385604K->318532K(744448K), 0.0016180 secs] [Times: user=0.01 sys=0.00, real=0.01 secs] 
2515.003: [GC (Allocation Failure) [PSYoungGen: 68448K->1408K(69120K)] 385604K->318572K(744448K), 0.0017202 secs] [Times: user=0.01 sys=0.00, real=0.00 secs] 
2515.376: [GC (Allocation Failure) [PSYoungGen: 68480K->1536K(69120K)] 385644K->318700K(744448K), 0.0016510 secs] [Times: user=0.01 sys=0.00, real=0.00 secs] 
2515.769: [GC (Allocation Failure) [PSYoungGen: 68608K->1565K(69120K)] 385772K->318729K(744448K), 0.0016668 secs] [Times: user=0.01 sys=0.00, real=0.01 secs] 
2516.162: [GC (Allocation Failure) [PSYoungGen: 68637K->1504K(69120K)] 385801K->318668K(744448K), 0.0016748 secs] [Times: user=0.01 sys=0.00, real=0.00 secs] 
2516.555: [GC (Allocation Failure) [PSYoungGen: 68576K->1597K(69120K)] 385740K->318777K(744448K), 0.0016977 secs] [Times: user=0.00 sys=0.00, real=0.00 secs] 
2517.134: [GC (Allocation Failure) [PSYoungGen: 68669K->1408K(69120K)] 385849K->318588K(744448K), 0.0017814 secs] [Times: user=0.01 sys=0.00, real=0.00 secs] 
2517.436: [GC (Allocation Failure) [PSYoungGen: 68480K->1344K(69120K)] 385660K->318524K(744448K), 0.0018209 secs] [Times: user=0.01 sys=0.00, real=0.00 secs] 
2517.714: [GC (Allocation Failure) [PSYoungGen: 68416K->1312K(69120K)] 385596K->318492K(744448K), 0.0019310 secs] [Times: user=0.00 sys=0.00, real=0.00 secs] 
2517.993: [GC (Allocation Failure) [PSYoungGen: 68384K->1344K(69120K)] 385564K->318524K(744448K), 0.0017935 secs] [Times: user=0.01 sys=0.00, real=0.00 secs] 
2518.381: [GC (Allocation Failure) [PSYoungGen: 68416K->1520K(69120K)] 385596K->318700K(744448K), 0.0016362 secs] [Times: user=0.00 sys=0.00, real=0.00 secs] 
2518.773: [GC (Allocation Failure) [PSYoungGen: 68592K->1552K(69120K)] 385772K->318732K(744448K), 0.0015687 secs] [Times: user=0.01 sys=0.00, real=0.00 secs] 
2519.166: [GC (Allocation Failure) [PSYoungGen: 68624K->1568K(69120K)] 385804K->318748K(744448K), 0.0016926 secs] [Times: user=0.00 sys=0.00, real=0.00 secs] 
2519.653: [GC (Allocation Failure) [PSYoungGen: 68640K->2016K(69120K)] 385820K->319220K(744448K), 0.0019782 secs] [Times: user=0.01 sys=0.00, real=0.00 secs] 
2520.093: [GC (Allocation Failure) [PSYoungGen: 69088K->1408K(69120K)] 386292K->318612K(744448K), 0.0020316 secs] [Times: user=0.01 sys=0.00, real=0.00 secs] 
2520.389: [GC (Allocation Failure) [PSYoungGen: 68480K->1344K(69120K)] 385684K->318548K(744448K), 0.0019730 secs] [Times: user=0.01 sys=0.00, real=0.01 secs] 
2520.700: [GC (Allocation Failure) [PSYoungGen: 68416K->1344K(69120K)] 385620K->318548K(744448K), 0.0019388 secs] [Times: user=0.01 sys=0.00, real=0.00 secs] 
2520.996: [GC (Allocation Failure) [PSYoungGen: 68416K->1408K(69120K)] 385620K->318612K(744448K), 0.0018190 secs] [Times: user=0.01 sys=0.00, real=0.00 secs] 
2521.431: [GC (Allocation Failure) [PSYoungGen: 68463K->1568K(69120K)] 385668K->318772K(744448K), 0.0015283 secs] [Times: user=0.01 sys=0.00, real=0.00 secs] 
2521.824: [GC (Allocation Failure) [PSYoungGen: 68640K->1552K(69120K)] 385844K->318756K(744448K), 0.0016626 secs] [Times: user=0.00 sys=0.00, real=0.00 secs] 
2522.221: [GC (Allocation Failure) [PSYoungGen: 68624K->1552K(69120K)] 385828K->318756K(744448K), 0.0016027 secs] [Times: user=0.01 sys=0.00, real=0.00 secs] 
2523.073: [GC (Allocation Failure) [PSYoungGen: 68624K->1504K(69120K)] 385828K->318708K(744448K), 0.0036885 secs] [Times: user=0.01 sys=0.00, real=0.00 secs] 
2523.800: [GC (Allocation Failure) [PSYoungGen: 68576K->1408K(69120K)] 385780K->318612K(744448K), 0.0023235 secs] [Times: user=0.00 sys=0.00, real=0.01 secs] 
2524.333: [GC (Allocation Failure) [PSYoungGen: 68480K->1344K(69120K)] 385684K->318548K(744448K), 0.0023429 secs] [Times: user=0.01 sys=0.00, real=0.00 secs] 
2524.867: [GC (Allocation Failure) [PSYoungGen: 68416K->1376K(69120K)] 385620K->318580K(744448K), 0.0021113 secs] [Times: user=0.01 sys=0.00, real=0.00 secs] 
2525.287: [GC (Allocation Failure) [PSYoungGen: 68448K->1501K(69120K)] 385652K->318729K(744448K), 0.0016617 secs] [Times: user=0.01 sys=0.00, real=0.00 secs] 
2525.684: [GC (Allocation Failure) [PSYoungGen: 68573K->1581K(69120K)] 385801K->318809K(744448K), 0.0016841 secs] [Times: user=0.01 sys=0.00, real=0.00 secs] 
2526.076: [GC (Allocation Failure) [PSYoungGen: 68653K->1536K(69120K)] 385881K->318764K(744448K), 0.0016326 secs] [Times: user=0.01 sys=0.00, real=0.00 secs] 
2526.469: [GC (Allocation Failure) [PSYoungGen: 68608K->1581K(69120K)] 385836K->318817K(744448K), 0.0016338 secs] [Times: user=0.01 sys=0.00, real=0.01 secs] 
2526.868: [GC (Allocation Failure) [PSYoungGen: 68653K->1456K(69120K)] 385889K->318692K(744448K), 0.0018713 secs] [Times: user=0.01 sys=0.00, real=0.00 secs] 
2527.146: [GC (Allocation Failure) [PSYoungGen: 68528K->1360K(69120K)] 385764K->318596K(744448K), 0.0016280 secs] [Times: user=0.01 sys=0.00, real=0.00 secs] 
2527.425: [GC (Allocation Failure) [PSYoungGen: 68432K->1344K(69120K)] 385668K->318580K(744448K), 0.0017537 secs] [Times: user=0.00 sys=0.00, real=0.00 secs] 
2527.760: [GC (Allocation Failure) [PSYoungGen: 68416K->1408K(69120K)] 385652K->318644K(744448K), 0.0019723 secs] [Times: user=0.01 sys=0.00, real=0.00 secs] 
2528.305: [GC (Allocation Failure) [PSYoungGen: 68480K->1501K(69120K)] 385716K->318737K(744448K), 0.0014952 secs] [Times: user=0.01 sys=0.00, real=0.00 secs] 
2528.695: [GC (Allocation Failure) [PSYoungGen: 68573K->1568K(69120K)] 385809K->318804K(744448K), 0.0015533 secs] [Times: user=0.00 sys=0.00, real=0.00 secs] 
2529.087: [GC (Allocation Failure) [PSYoungGen: 68640K->1565K(69120K)] 385876K->318801K(744448K), 0.0016841 secs] [Times: user=0.00 sys=0.00, real=0.00 secs] 
2529.481: [GC (Allocation Failure) [PSYoungGen: 68637K->1565K(69120K)] 385873K->318817K(744448K), 0.0017060 secs] [Times: user=0.01 sys=0.00, real=0.00 secs] 
2529.860: [GC (Allocation Failure) [PSYoungGen: 68637K->1440K(69120K)] 385889K->318692K(744448K), 0.0019587 secs] [Times: user=0.01 sys=0.00, real=0.01 secs] 
2530.167: [GC (Allocation Failure) [PSYoungGen: 68512K->1344K(69120K)] 385764K->318596K(744448K), 0.0017286 secs] [Times: user=0.01 sys=0.00, real=0.00 secs] 
2530.462: [GC (Allocation Failure) [PSYoungGen: 68416K->1376K(69120K)] 385668K->318628K(744448K), 0.0018752 secs] [Times: user=0.01 sys=0.00, real=0.00 secs] 
2530.741: [GC (Allocation Failure) [PSYoungGen: 68448K->1408K(69120K)] 385700K->318668K(744448K), 0.0017978 secs] [Times: user=0.01 sys=0.00, real=0.00 secs] 
2531.132: [GC (Allocation Failure) [PSYoungGen: 68480K->1504K(69120K)] 385740K->318764K(744448K), 0.0016005 secs] [Times: user=0.00 sys=0.00, real=0.00 secs] 
2531.525: [GC (Allocation Failure) [PSYoungGen: 68576K->1552K(69120K)] 385836K->318812K(744448K), 0.0015707 secs] [Times: user=0.01 sys=0.00, real=0.00 secs] 
2531.918: [GC (Allocation Failure) [PSYoungGen: 68624K->1581K(69120K)] 385884K->318841K(744448K), 0.0015650 secs] [Times: user=0.00 sys=0.00, real=0.00 secs] 
2532.316: [GC (Allocation Failure) [PSYoungGen: 68653K->1552K(69120K)] 385913K->318828K(744448K), 0.0015340 secs] [Times: user=0.00 sys=0.00, real=0.00 secs] 
2532.671: [GC (Allocation Failure) [PSYoungGen: 68624K->1472K(69120K)] 385900K->318748K(744448K), 0.0018981 secs] [Times: user=0.01 sys=0.00, real=0.00 secs] 
2532.993: [GC (Allocation Failure) [PSYoungGen: 68544K->1376K(69120K)] 385820K->318652K(744448K), 0.0018090 secs] [Times: user=0.01 sys=0.00, real=0.00 secs] 
2533.308: [GC (Allocation Failure) [PSYoungGen: 68448K->1360K(69120K)] 385724K->318644K(744448K), 0.0019966 secs] [Times: user=0.01 sys=0.00, real=0.01 secs] 
2533.598: [GC (Allocation Failure) [PSYoungGen: 68432K->1392K(69120K)] 385716K->318684K(744448K), 0.0018956 secs] [Times: user=0.01 sys=0.00, real=0.00 secs] 
2534.008: [GC (Allocation Failure) [PSYoungGen: 68464K->1517K(69120K)] 385756K->318809K(744448K), 0.0016559 secs] [Times: user=0.00 sys=0.00, real=0.00 secs] 
2534.400: [GC (Allocation Failure) [PSYoungGen: 68577K->1568K(69120K)] 385870K->318860K(744448K), 0.0016685 secs] [Times: user=0.00 sys=0.00, real=0.00 secs] 
2534.793: [GC (Allocation Failure) [PSYoungGen: 68640K->1581K(69120K)] 385932K->318873K(744448K), 0.0015572 secs] [Times: user=0.00 sys=0.00, real=0.00 secs] 
2535.185: [GC (Allocation Failure) [PSYoungGen: 68436K->288K(69120K)] 385728K->317580K(744448K), 0.0014057 secs] [Times: user=0.01 sys=0.00, real=0.00 secs] 
2535.490: [GC (Allocation Failure) [PSYoungGen: 67360K->1408K(69120K)] 384652K->318708K(744448K), 0.0015749 secs] [Times: user=0.01 sys=0.00, real=0.00 secs] 
2536.003: [GC (Allocation Failure) [PSYoungGen: 68480K->1408K(69120K)] 385780K->318708K(744448K), 0.0037633 secs] [Times: user=0.01 sys=0.00, real=0.00 secs] 
2536.590: [GC (Allocation Failure) [PSYoungGen: 68480K->1408K(69120K)] 385780K->318708K(744448K), 0.0029157 secs] [Times: user=0.02 sys=0.00, real=0.01 secs] 
2537.177: [GC (Allocation Failure) [PSYoungGen: 68480K->1376K(69120K)] 385780K->318676K(744448K), 0.0021725 secs] [Times: user=0.01 sys=0.00, real=0.00 secs] 
2537.677: [GC (Allocation Failure) [PSYoungGen: 68448K->1520K(69120K)] 385748K->318820K(744448K), 0.0015561 secs] [Times: user=0.01 sys=0.00, real=0.00 secs] 
2538.133: [GC (Allocation Failure) [PSYoungGen: 68592K->1568K(69120K)] 385892K->318868K(744448K), 0.0016403 secs] [Times: user=0.00 sys=0.00, real=0.00 secs] 
2538.526: [GC (Allocation Failure) [PSYoungGen: 68640K->1549K(69120K)] 385940K->318849K(744448K), 0.0015774 secs] [Times: user=0.01 sys=0.00, real=0.00 secs] 
2539.004: [GC (Allocation Failure) [PSYoungGen: 68621K->1536K(69120K)] 385921K->318836K(744448K), 0.0024918 secs] [Times: user=0.01 sys=0.00, real=0.00 secs] 
2539.799: [GC (Allocation Failure) [PSYoungGen: 68608K->1440K(69120K)] 385908K->318740K(744448K), 0.0028326 secs] [Times: user=0.01 sys=0.00, real=0.01 secs] 
2540.686: [GC (Allocation Failure) [PSYoungGen: 68512K->1408K(69120K)] 385812K->318708K(744448K), 0.0035070 secs] [Times: user=0.02 sys=0.00, real=0.00 secs] 
2541.257: [GC (Allocation Failure) [PSYoungGen: 68480K->1376K(69120K)] 385780K->318676K(744448K), 0.0019485 secs] [Times: user=0.01 sys=0.00, real=0.00 secs] 
2541.837: [GC (Allocation Failure) [PSYoungGen: 68327K->320K(69120K)] 385627K->317620K(744448K), 0.0018244 secs] [Times: user=0.00 sys=0.00, real=0.00 secs] 
2542.265: [GC (Allocation Failure) [PSYoungGen: 67392K->1536K(69120K)] 384692K->318836K(744448K), 0.0015367 secs] [Times: user=0.01 sys=0.00, real=0.00 secs] 
2542.658: [GC (Allocation Failure) [PSYoungGen: 68608K->1597K(69120K)] 385908K->318897K(744448K), 0.0015397 secs] [Times: user=0.01 sys=0.00, real=0.00 secs] 
2543.052: [GC (Allocation Failure) [PSYoungGen: 68669K->1536K(69120K)] 385969K->318844K(744448K), 0.0016293 secs] [Times: user=0.00 sys=0.00, real=0.00 secs] 
2543.549: [GC (Allocation Failure) [PSYoungGen: 68608K->1440K(69120K)] 385916K->318748K(744448K), 0.0017919 secs] [Times: user=0.00 sys=0.00, real=0.01 secs] 
2544.320: [GC (Allocation Failure) [PSYoungGen: 68512K->1440K(69120K)] 385820K->318748K(744448K), 0.0032241 secs] [Times: user=0.02 sys=0.00, real=0.00 secs] 
2544.952: [GC (Allocation Failure) [PSYoungGen: 68512K->1408K(69120K)] 385820K->318716K(744448K), 0.0031483 secs] [Times: user=0.01 sys=0.00, real=0.00 secs] 
2545.498: [GC (Allocation Failure) [PSYoungGen: 68480K->1344K(69120K)] 385788K->318652K(744448K), 0.0039723 secs] [Times: user=0.02 sys=0.00, real=0.01 secs] 
2545.870: [GC (Allocation Failure) [PSYoungGen: 68416K->1437K(69120K)] 385724K->318745K(744448K), 0.0015389 secs] [Times: user=0.01 sys=0.00, real=0.01 secs] 
2546.261: [GC (Allocation Failure) [PSYoungGen: 68509K->1597K(69120K)] 385817K->318905K(744448K), 0.0015723 secs] [Times: user=0.01 sys=0.00, real=0.00 secs] 
2546.657: [GC (Allocation Failure) [PSYoungGen: 68669K->1549K(69120K)] 385977K->318881K(744448K), 0.0016705 secs] [Times: user=0.01 sys=0.00, real=0.00 secs] 
2547.051: [GC (Allocation Failure) [PSYoungGen: 68621K->1600K(69120K)] 385953K->318948K(744448K), 0.0015980 secs] [Times: user=0.01 sys=0.00, real=0.00 secs] 
2547.407: [GC (Allocation Failure) [PSYoungGen: 68672K->1472K(69120K)] 386020K->318820K(744448K), 0.0018468 secs] [Times: user=0.01 sys=0.00, real=0.00 secs] 
2547.685: [GC (Allocation Failure) [PSYoungGen: 68544K->1376K(69120K)] 385892K->318724K(744448K), 0.0016044 secs] [Times: user=0.00 sys=0.00, real=0.00 secs] 
2547.973: [GC (Allocation Failure) [PSYoungGen: 68448K->1376K(69120K)] 385796K->318724K(744448K), 0.0026585 secs] [Times: user=0.01 sys=0.00, real=0.00 secs] 
2548.253: [GC (Allocation Failure) [PSYoungGen: 68448K->1344K(69120K)] 385796K->318692K(744448K), 0.0021705 secs] [Times: user=0.00 sys=0.00, real=0.00 secs] 
2548.706: [GC (Allocation Failure) [PSYoungGen: 68416K->1453K(69120K)] 385764K->318801K(744448K), 0.0014628 secs] [Times: user=0.01 sys=0.00, real=0.00 secs] 
2549.097: [GC (Allocation Failure) [PSYoungGen: 68525K->1552K(69120K)] 385873K->318900K(744448K), 0.0015530 secs] [Times: user=0.01 sys=0.00, real=0.00 secs] 
2549.492: [GC (Allocation Failure) [PSYoungGen: 68624K->1584K(69120K)] 385972K->318932K(744448K), 0.0015847 secs] [Times: user=0.01 sys=0.00, real=0.00 secs] 
2549.886: [GC (Allocation Failure) [PSYoungGen: 68656K->1581K(69120K)] 386004K->318945K(744448K), 0.0015463 secs] [Times: user=0.01 sys=0.01, real=0.00 secs] 
2550.363: [GC (Allocation Failure) [PSYoungGen: 68653K->1472K(69120K)] 386017K->318836K(744448K), 0.0018675 secs] [Times: user=0.01 sys=0.00, real=0.00 secs] 
2550.658: [GC (Allocation Failure) [PSYoungGen: 68544K->1360K(69120K)] 385908K->318724K(744448K), 0.0018200 secs] [Times: user=0.00 sys=0.00, real=0.00 secs] 
2550.953: [GC (Allocation Failure) [PSYoungGen: 68432K->1440K(69120K)] 385796K->318804K(744448K), 0.0025512 secs] [Times: user=0.01 sys=0.00, real=0.00 secs] 
2551.275: [GC (Allocation Failure) [PSYoungGen: 68512K->1360K(69120K)] 385876K->318724K(744448K), 0.0018052 secs] [Times: user=0.01 sys=0.00, real=0.00 secs] 
2551.656: [GC (Allocation Failure) [PSYoungGen: 68432K->1501K(69120K)] 385796K->318865K(744448K), 0.0016269 secs] [Times: user=0.00 sys=0.00, real=0.00 secs] 
2552.051: [GC (Allocation Failure) [PSYoungGen: 68573K->1520K(69120K)] 385937K->318884K(744448K), 0.0018641 secs] [Times: user=0.01 sys=0.00, real=0.00 secs] 
2552.511: [GC (Allocation Failure) [PSYoungGen: 68592K->1520K(69120K)] 385956K->318884K(744448K), 0.0015493 secs] [Times: user=0.00 sys=0.00, real=0.00 secs] 
2552.904: [GC (Allocation Failure) [PSYoungGen: 68592K->1632K(69120K)] 385956K->319012K(744448K), 0.0017364 secs] [Times: user=0.01 sys=0.00, real=0.00 secs] 
2553.335: [GC (Allocation Failure) [PSYoungGen: 68704K->1408K(69120K)] 386084K->318788K(744448K), 0.0020538 secs] [Times: user=0.01 sys=0.00, real=0.00 secs] 
2553.635: [GC (Allocation Failure) [PSYoungGen: 68480K->1376K(69120K)] 385860K->318756K(744448K), 0.0019291 secs] [Times: user=0.01 sys=0.00, real=0.00 secs] 
2554.186: [GC (Allocation Failure) [PSYoungGen: 68448K->1376K(69120K)] 385828K->318772K(744448K), 0.0037905 secs] [Times: user=0.01 sys=0.00, real=0.00 secs] 
2554.864: [GC (Allocation Failure) [PSYoungGen: 68448K->1376K(69120K)] 385844K->318772K(744448K), 0.0024844 secs] [Times: user=0.01 sys=0.01, real=0.00 secs] 
2555.414: [GC (Allocation Failure) [PSYoungGen: 68448K->1504K(69120K)] 385844K->318900K(744448K), 0.0015332 secs] [Times: user=0.01 sys=0.00, real=0.00 secs] 
2555.808: [GC (Allocation Failure) [PSYoungGen: 68576K->1549K(69120K)] 385972K->318945K(744448K), 0.0017143 secs] [Times: user=0.00 sys=0.00, real=0.00 secs] 
2556.202: [GC (Allocation Failure) [PSYoungGen: 68621K->1568K(69120K)] 386017K->318964K(744448K), 0.0017008 secs] [Times: user=0.01 sys=0.00, real=0.00 secs] 
2556.692: [GC (Allocation Failure) [PSYoungGen: 68640K->2000K(69120K)] 386036K->319396K(744448K), 0.0020268 secs] [Times: user=0.01 sys=0.00, real=0.00 secs] 
2557.407: [GC (Allocation Failure) [PSYoungGen: 69072K->1312K(69120K)] 386468K->318708K(744448K), 0.0032623 secs] [Times: user=0.02 sys=0.00, real=0.00 secs] 
2558.279: [GC (Allocation Failure) [PSYoungGen: 68384K->1408K(69120K)] 385780K->318812K(744448K), 0.0037193 secs] [Times: user=0.01 sys=0.00, real=0.01 secs] 
2558.939: [GC (Allocation Failure) [PSYoungGen: 68480K->1408K(69120K)] 385884K->318812K(744448K), 0.0027289 secs] [Times: user=0.01 sys=0.00, real=0.01 secs] 
2559.722: [GC (Allocation Failure) [PSYoungGen: 68480K->1344K(69120K)] 385884K->318748K(744448K), 0.0027494 secs] [Times: user=0.01 sys=0.00, real=0.00 secs] 
2560.285: [GC (Allocation Failure) [PSYoungGen: 68393K->1581K(69120K)] 385798K->318985K(744448K), 0.0017618 secs] [Times: user=0.01 sys=0.00, real=0.00 secs] 
2560.680: [GC (Allocation Failure) [PSYoungGen: 68653K->1600K(69120K)] 386057K->319004K(744448K), 0.0015291 secs] [Times: user=0.00 sys=0.00, real=0.01 secs] 
2561.073: [GC (Allocation Failure) [PSYoungGen: 68672K->1584K(69120K)] 386076K->318988K(744448K), 0.0015741 secs] [Times: user=0.01 sys=0.00, real=0.00 secs] 
2561.464: [GC (Allocation Failure) [PSYoungGen: 68656K->1456K(69120K)] 386060K->318860K(744448K), 0.0016490 secs] [Times: user=0.00 sys=0.00, real=0.00 secs] 
2561.837: [GC (Allocation Failure) [PSYoungGen: 68528K->1344K(69120K)] 385932K->318748K(744448K), 0.0017779 secs] [Times: user=0.00 sys=0.00, real=0.00 secs] 
2562.116: [GC (Allocation Failure) [PSYoungGen: 68416K->1408K(69120K)] 385820K->318812K(744448K), 0.0017722 secs] [Times: user=0.00 sys=0.00, real=0.00 secs] 
2562.458: [GC (Allocation Failure) [PSYoungGen: 68480K->1376K(69120K)] 385884K->318780K(744448K), 0.0018743 secs] [Times: user=0.01 sys=0.00, real=0.01 secs] 
2562.816: [GC (Allocation Failure) [PSYoungGen: 68448K->1437K(69120K)] 385852K->318841K(744448K), 0.0014553 secs] [Times: user=0.01 sys=0.00, real=0.00 secs] 
2563.208: [GC (Allocation Failure) [PSYoungGen: 68509K->1533K(69120K)] 385913K->318937K(744448K), 0.0016765 secs] [Times: user=0.01 sys=0.00, real=0.00 secs] 
2563.602: [GC (Allocation Failure) [PSYoungGen: 68605K->1552K(69120K)] 386009K->318956K(744448K), 0.0016058 secs] [Times: user=0.00 sys=0.00, real=0.00 secs] 
2563.995: [GC (Allocation Failure) [PSYoungGen: 68624K->1565K(69120K)] 386028K->318985K(744448K), 0.0016715 secs] [Times: user=0.01 sys=0.00, real=0.00 secs] 
2564.400: [GC (Allocation Failure) [PSYoungGen: 68637K->1456K(69120K)] 386057K->318876K(744448K), 0.0019988 secs] [Times: user=0.01 sys=0.00, real=0.01 secs] 
2564.684: [GC (Allocation Failure) [PSYoungGen: 68528K->1392K(69120K)] 385948K->318828K(744448K), 0.0018312 secs] [Times: user=0.01 sys=0.00, real=0.00 secs] 
2565.000: [GC (Allocation Failure) [PSYoungGen: 68464K->1360K(69120K)] 385900K->318796K(744448K), 0.0016943 secs] [Times: user=0.01 sys=0.00, real=0.00 secs] 
2565.280: [GC (Allocation Failure) [PSYoungGen: 68432K->1376K(69120K)] 385868K->318812K(744448K), 0.0025325 secs] [Times: user=0.01 sys=0.00, real=0.00 secs] 
2565.710: [GC (Allocation Failure) [PSYoungGen: 68448K->1437K(69120K)] 385884K->318873K(744448K), 0.0015844 secs] [Times: user=0.00 sys=0.00, real=0.01 secs] 
2566.164: [GC (Allocation Failure) [PSYoungGen: 68509K->1552K(69120K)] 385945K->318988K(744448K), 0.0015788 secs] [Times: user=0.01 sys=0.00, real=0.00 secs] 
2566.556: [GC (Allocation Failure) [PSYoungGen: 68624K->1565K(69120K)] 386060K->319001K(744448K), 0.0015887 secs] [Times: user=0.00 sys=0.00, real=0.00 secs] 
2566.947: [GC (Allocation Failure) [PSYoungGen: 68637K->1520K(69120K)] 386073K->318972K(744448K), 0.0017884 secs] [Times: user=0.00 sys=0.00, real=0.00 secs] 
2567.485: [GC (Allocation Failure) [PSYoungGen: 68592K->1408K(69120K)] 386044K->318860K(744448K), 0.0034397 secs] [Times: user=0.02 sys=0.01, real=0.00 secs] 
2568.080: [GC (Allocation Failure) [PSYoungGen: 68480K->1376K(69120K)] 385932K->318828K(744448K), 0.0030371 secs] [Times: user=0.01 sys=0.00, real=0.01 secs] 
2568.722: [GC (Allocation Failure) [PSYoungGen: 68448K->1376K(69120K)] 385900K->318836K(744448K), 0.0027262 secs] [Times: user=0.01 sys=0.00, real=0.00 secs] 
2569.079: [GC (Allocation Failure) [PSYoungGen: 68448K->1408K(69120K)] 385908K->318868K(744448K), 0.0018728 secs] [Times: user=0.01 sys=0.00, real=0.01 secs] 
2569.487: [GC (Allocation Failure) [PSYoungGen: 68480K->1549K(69120K)] 385940K->319009K(744448K), 0.0015540 secs] [Times: user=0.00 sys=0.00, real=0.00 secs] 
2569.881: [GC (Allocation Failure) [PSYoungGen: 68621K->1584K(69120K)] 386081K->319044K(744448K), 0.0015881 secs] [Times: user=0.00 sys=0.00, real=0.00 secs] 
2570.274: [GC (Allocation Failure) [PSYoungGen: 68656K->1600K(69120K)] 386116K->319060K(744448K), 0.0016820 secs] [Times: user=0.01 sys=0.00, real=0.00 secs] 
2570.667: [GC (Allocation Failure) [PSYoungGen: 68672K->1600K(69120K)] 386132K->319076K(744448K), 0.0017094 secs] [Times: user=0.01 sys=0.00, real=0.00 secs] 
2571.324: [GC (Allocation Failure) [PSYoungGen: 68672K->1488K(69120K)] 386148K->318964K(744448K), 0.0019524 secs] [Times: user=0.01 sys=0.00, real=0.00 secs] 
2571.983: [GC (Allocation Failure) [PSYoungGen: 68560K->1408K(69120K)] 386036K->318884K(744448K), 0.0027415 secs] [Times: user=0.01 sys=0.00, real=0.00 secs] 
2572.571: [GC (Allocation Failure) [PSYoungGen: 68480K->1344K(69120K)] 385956K->318820K(744448K), 0.0050759 secs] [Times: user=0.02 sys=0.00, real=0.00 secs] 
2572.856: [GC (Allocation Failure) [PSYoungGen: 68416K->1376K(69120K)] 385892K->318852K(744448K), 0.0018687 secs] [Times: user=0.01 sys=0.00, real=0.00 secs] 
2573.232: [GC (Allocation Failure) [PSYoungGen: 68448K->1568K(69120K)] 385924K->319044K(744448K), 0.0016361 secs] [Times: user=0.00 sys=0.00, real=0.00 secs] 
2573.624: [GC (Allocation Failure) [PSYoungGen: 68612K->1629K(69120K)] 386088K->319105K(744448K), 0.0016910 secs] [Times: user=0.00 sys=0.00, real=0.00 secs] 
2574.020: [GC (Allocation Failure) [PSYoungGen: 68701K->1584K(69120K)] 386177K->319060K(744448K), 0.0016472 secs] [Times: user=0.01 sys=0.00, real=0.01 secs] 
2574.429: [GC (Allocation Failure) [PSYoungGen: 68656K->1600K(69120K)] 386132K->319076K(744448K), 0.0017902 secs] [Times: user=0.01 sys=0.00, real=0.01 secs] 
2574.732: [GC (Allocation Failure) [PSYoungGen: 68672K->1392K(69120K)] 386148K->318868K(744448K), 0.0023738 secs] [Times: user=0.01 sys=0.00, real=0.00 secs] 
2575.309: [GC (Allocation Failure) [PSYoungGen: 68464K->1440K(69120K)] 385940K->318932K(744448K), 0.0037370 secs] [Times: user=0.02 sys=0.00, real=0.01 secs] 
2575.864: [GC (Allocation Failure) [PSYoungGen: 68512K->1408K(69120K)] 386004K->318900K(744448K), 0.0019790 secs] [Times: user=0.01 sys=0.00, real=0.00 secs] 
2576.440: [GC (Allocation Failure) [PSYoungGen: 68480K->1376K(69120K)] 385972K->318868K(744448K), 0.0021045 secs] [Times: user=0.01 sys=0.00, real=0.01 secs] 
2576.873: [GC (Allocation Failure) [PSYoungGen: 68448K->1517K(69120K)] 385940K->319009K(744448K), 0.0016017 secs] [Times: user=0.01 sys=0.00, real=0.00 secs] 
2577.266: [GC (Allocation Failure) [PSYoungGen: 68589K->1517K(69120K)] 386081K->319009K(744448K), 0.0018536 secs] [Times: user=0.00 sys=0.00, real=0.00 secs] 
2577.663: [GC (Allocation Failure) [PSYoungGen: 68589K->1600K(69120K)] 386081K->319092K(744448K), 0.0016900 secs] [Times: user=0.00 sys=0.00, real=0.00 secs] 
2578.074: [GC (Allocation Failure) [PSYoungGen: 68672K->1440K(69120K)] 386164K->318932K(744448K), 0.0019021 secs] [Times: user=0.01 sys=0.00, real=0.00 secs] 
2578.392: [GC (Allocation Failure) [PSYoungGen: 68512K->1376K(69120K)] 386004K->318868K(744448K), 0.0017731 secs] [Times: user=0.01 sys=0.00, real=0.00 secs] 
2578.671: [GC (Allocation Failure) [PSYoungGen: 68448K->1408K(69120K)] 385940K->318900K(744448K), 0.0017507 secs] [Times: user=0.01 sys=0.00, real=0.00 secs] 
2578.950: [GC (Allocation Failure) [PSYoungGen: 68480K->1376K(69120K)] 385972K->318868K(744448K), 0.0018913 secs] [Times: user=0.00 sys=0.00, real=0.01 secs] 
2579.280: [GC (Allocation Failure) [PSYoungGen: 68448K->1485K(69120K)] 385940K->318977K(744448K), 0.0017898 secs] [Times: user=0.01 sys=0.00, real=0.01 secs] 
2579.678: [GC (Allocation Failure) [PSYoungGen: 68557K->1600K(69120K)] 386049K->319092K(744448K), 0.0015383 secs] [Times: user=0.00 sys=0.00, real=0.00 secs] 
2580.071: [GC (Allocation Failure) [PSYoungGen: 68672K->1565K(69120K)] 386164K->319057K(744448K), 0.0015933 secs] [Times: user=0.00 sys=0.00, real=0.00 secs] 
2580.463: [GC (Allocation Failure) [PSYoungGen: 68637K->1549K(69120K)] 386129K->319049K(744448K), 0.0015734 secs] [Times: user=0.01 sys=0.00, real=0.00 secs] 
2581.082: [GC (Allocation Failure) [PSYoungGen: 68621K->1472K(69120K)] 386121K->318972K(744448K), 0.0019450 secs] [Times: user=0.01 sys=0.00, real=0.00 secs] 
2581.520: [GC (Allocation Failure) [PSYoungGen: 68544K->1408K(69120K)] 386044K->318908K(744448K), 0.0020624 secs] [Times: user=0.01 sys=0.00, real=0.01 secs] 
2582.007: [GC (Allocation Failure) [PSYoungGen: 68480K->1328K(69120K)] 385980K->318828K(744448K), 0.0024554 secs] [Times: user=0.01 sys=0.00, real=0.00 secs] 
2582.697: [GC (Allocation Failure) [PSYoungGen: 68400K->1376K(69120K)] 385900K->318876K(744448K), 0.0022384 secs] [Times: user=0.01 sys=0.00, real=0.00 secs] 
2583.591: [GC (Allocation Failure) [PSYoungGen: 68448K->1469K(69120K)] 385948K->318969K(744448K), 0.0018399 secs] [Times: user=0.01 sys=0.00, real=0.00 secs] 
2583.991: [GC (Allocation Failure) [PSYoungGen: 68541K->1568K(69120K)] 386041K->319068K(744448K), 0.0015568 secs] [Times: user=0.01 sys=0.00, real=0.00 secs] 
2584.385: [GC (Allocation Failure) [PSYoungGen: 68640K->1552K(69120K)] 386140K->319052K(744448K), 0.0015544 secs] [Times: user=0.00 sys=0.00, real=0.00 secs] 
2584.781: [GC (Allocation Failure) [PSYoungGen: 68624K->1520K(69120K)] 386124K->319036K(744448K), 0.0015280 secs] [Times: user=0.01 sys=0.00, real=0.00 secs] 
2585.130: [GC (Allocation Failure) [PSYoungGen: 68592K->1456K(69120K)] 386108K->318988K(744448K), 0.0018172 secs] [Times: user=0.01 sys=0.00, real=0.00 secs] 
2585.409: [GC (Allocation Failure) [PSYoungGen: 68528K->1360K(69120K)] 386060K->318892K(744448K), 0.0016658 secs] [Times: user=0.01 sys=0.00, real=0.01 secs] 
2585.687: [GC (Allocation Failure) [PSYoungGen: 68432K->1344K(69120K)] 385964K->318876K(744448K), 0.0017606 secs] [Times: user=0.00 sys=0.01, real=0.00 secs] 
2585.967: [GC (Allocation Failure) [PSYoungGen: 68416K->1501K(69120K)] 385948K->319033K(744448K), 0.0016276 secs] [Times: user=0.01 sys=0.00, real=0.00 secs] 
2586.240: [GC (Allocation Failure) [PSYoungGen: 68573K->1504K(69120K)] 386105K->319036K(744448K), 0.0016212 secs] [Times: user=0.01 sys=0.00, real=0.01 secs] 
2586.510: [GC (Allocation Failure) [PSYoungGen: 68576K->1549K(69120K)] 386108K->319081K(744448K), 0.0015194 secs] [Times: user=0.01 sys=0.00, real=0.01 secs] 
2586.845: [GC (Allocation Failure) [PSYoungGen: 68621K->1504K(69120K)] 386153K->319036K(744448K), 0.0019649 secs] [Times: user=0.01 sys=0.00, real=0.00 secs] 
2587.428: [GC (Allocation Failure) [PSYoungGen: 68576K->1408K(69120K)] 386108K->318940K(744448K), 0.0037001 secs] [Times: user=0.02 sys=0.00, real=0.01 secs] 
2588.009: [GC (Allocation Failure) [PSYoungGen: 68480K->1376K(69120K)] 386012K->318908K(744448K), 0.0029328 secs] [Times: user=0.01 sys=0.00, real=0.01 secs] 
2588.579: [GC (Allocation Failure) [PSYoungGen: 68448K->1392K(69120K)] 385980K->318924K(744448K), 0.0030544 secs] [Times: user=0.01 sys=0.00, real=0.01 secs] 
2588.984: [GC (Allocation Failure) [PSYoungGen: 68334K->320K(69120K)] 385867K->317852K(744448K), 0.0020202 secs] [Times: user=0.01 sys=0.00, real=0.00 secs] 
2589.405: [GC (Allocation Failure) [PSYoungGen: 67392K->1568K(69120K)] 384924K->319100K(744448K), 0.0016734 secs] [Times: user=0.01 sys=0.00, real=0.00 secs] 
2589.798: [GC (Allocation Failure) [PSYoungGen: 68640K->1584K(69120K)] 386172K->319116K(744448K), 0.0016660 secs] [Times: user=0.01 sys=0.00, real=0.00 secs] 
2590.193: [GC (Allocation Failure) [PSYoungGen: 68656K->1552K(69120K)] 386188K->319084K(744448K), 0.0015469 secs] [Times: user=0.00 sys=0.00, real=0.00 secs] 
2590.865: [GC (Allocation Failure) [PSYoungGen: 68624K->1456K(69120K)] 386156K->318988K(744448K), 0.0019094 secs] [Times: user=0.01 sys=0.00, real=0.00 secs] 
2591.744: [GC (Allocation Failure) [PSYoungGen: 68528K->1408K(69120K)] 386060K->318948K(744448K), 0.0032118 secs] [Times: user=0.02 sys=0.00, real=0.00 secs] 
2592.540: [GC (Allocation Failure) [PSYoungGen: 68480K->1376K(69120K)] 386020K->318916K(744448K), 0.0030547 secs] [Times: user=0.01 sys=0.01, real=0.01 secs] 
2593.090: [GC (Allocation Failure) [PSYoungGen: 68448K->1392K(69120K)] 385988K->318932K(744448K), 0.0029835 secs] [Times: user=0.01 sys=0.00, real=0.01 secs] 
2593.780: [GC (Allocation Failure) [PSYoungGen: 68464K->1456K(69120K)] 386004K->318996K(744448K), 0.0019275 secs] [Times: user=0.01 sys=0.00, real=0.00 secs] 
2594.191: [GC (Allocation Failure) [PSYoungGen: 68528K->1536K(69120K)] 386068K->319076K(744448K), 0.0016899 secs] [Times: user=0.01 sys=0.00, real=0.00 secs] 
2594.584: [GC (Allocation Failure) [PSYoungGen: 68608K->1504K(69120K)] 386148K->319044K(744448K), 0.0015518 secs] [Times: user=0.01 sys=0.00, real=0.00 secs] 
2594.978: [GC (Allocation Failure) [PSYoungGen: 68576K->1581K(69120K)] 386116K->319137K(744448K), 0.0015040 secs] [Times: user=0.01 sys=0.00, real=0.00 secs] 
2595.358: [GC (Allocation Failure) [PSYoungGen: 68653K->1456K(69120K)] 386209K->319012K(744448K), 0.0018337 secs] [Times: user=0.00 sys=0.00, real=0.00 secs] 
2595.636: [GC (Allocation Failure) [PSYoungGen: 68528K->1344K(69120K)] 386084K->318900K(744448K), 0.0016707 secs] [Times: user=0.00 sys=0.00, real=0.00 secs] 
2595.915: [GC (Allocation Failure) [PSYoungGen: 68416K->1392K(69120K)] 385972K->318956K(744448K), 0.0018857 secs] [Times: user=0.00 sys=0.00, real=0.00 secs] 
2596.194: [GC (Allocation Failure) [PSYoungGen: 68464K->1376K(69120K)] 386028K->318940K(744448K), 0.0017275 secs] [Times: user=0.01 sys=0.00, real=0.00 secs] 
2596.539: [GC (Allocation Failure) [PSYoungGen: 68448K->1405K(69120K)] 386012K->318969K(744448K), 0.0016822 secs] [Times: user=0.00 sys=0.00, real=0.01 secs] 
2596.930: [GC (Allocation Failure) [PSYoungGen: 68477K->1581K(69120K)] 386041K->319145K(744448K), 0.0016220 secs] [Times: user=0.00 sys=0.00, real=0.00 secs] 
2597.325: [GC (Allocation Failure) [PSYoungGen: 68653K->1565K(69120K)] 386217K->319129K(744448K), 0.0016807 secs] [Times: user=0.00 sys=0.00, real=0.00 secs] 
2597.722: [GC (Allocation Failure) [PSYoungGen: 68637K->1485K(69120K)] 386201K->319065K(744448K), 0.0015698 secs] [Times: user=0.00 sys=0.00, real=0.00 secs] 
2598.050: [GC (Allocation Failure) [PSYoungGen: 68557K->1408K(69120K)] 386137K->318988K(744448K), 0.0015913 secs] [Times: user=0.01 sys=0.00, real=0.01 secs] 
2598.328: [GC (Allocation Failure) [PSYoungGen: 68480K->1408K(69120K)] 386060K->318988K(744448K), 0.0016179 secs] [Times: user=0.01 sys=0.00, real=0.00 secs] 
2598.607: [GC (Allocation Failure) [PSYoungGen: 68480K->1376K(69120K)] 386060K->318956K(744448K), 0.0024314 secs] [Times: user=0.01 sys=0.00, real=0.00 secs] 
2598.887: [GC (Allocation Failure) [PSYoungGen: 68448K->1344K(69120K)] 386028K->318924K(744448K), 0.0022508 secs] [Times: user=0.00 sys=0.00, real=0.00 secs] 
2599.351: [GC (Allocation Failure) [PSYoungGen: 68416K->1549K(69120K)] 385996K->319129K(744448K), 0.0016077 secs] [Times: user=0.00 sys=0.00, real=0.00 secs] 
2599.742: [GC (Allocation Failure) [PSYoungGen: 68621K->1536K(69120K)] 386201K->319116K(744448K), 0.0016010 secs] [Times: user=0.01 sys=0.00, real=0.00 secs] 
2600.136: [GC (Allocation Failure) [PSYoungGen: 68608K->1568K(69120K)] 386188K->319148K(744448K), 0.0016654 secs] [Times: user=0.01 sys=0.00, real=0.00 secs] 
2600.530: [GC (Allocation Failure) [PSYoungGen: 68640K->1568K(69120K)] 386220K->319164K(744448K), 0.0016985 secs] [Times: user=0.01 sys=0.00, real=0.01 secs] 
2600.845: [GC (Allocation Failure) [PSYoungGen: 68640K->1408K(69120K)] 386236K->319004K(744448K), 0.0016341 secs] [Times: user=0.00 sys=0.00, real=0.00 secs] 
2601.124: [GC (Allocation Failure) [PSYoungGen: 68480K->1360K(69120K)] 386076K->318956K(744448K), 0.0017532 secs] [Times: user=0.01 sys=0.00, real=0.00 secs] 
2601.403: [GC (Allocation Failure) [PSYoungGen: 68432K->1312K(69120K)] 386028K->318908K(744448K), 0.0020973 secs] [Times: user=0.01 sys=0.00, real=0.00 secs] 
2601.686: [GC (Allocation Failure) [PSYoungGen: 68384K->1408K(69120K)] 385980K->319004K(744448K), 0.0022536 secs] [Times: user=0.00 sys=0.00, real=0.00 secs] 
2602.088: [GC (Allocation Failure) [PSYoungGen: 68480K->1517K(69120K)] 386076K->319113K(744448K), 0.0015221 secs] [Times: user=0.01 sys=0.00, real=0.00 secs] 
2602.538: [GC (Allocation Failure) [PSYoungGen: 68589K->1600K(69120K)] 386185K->319196K(744448K), 0.0015584 secs] [Times: user=0.01 sys=0.00, real=0.00 secs] 
2602.995: [GC (Allocation Failure) [PSYoungGen: 68672K->1597K(69120K)] 386268K->319193K(744448K), 0.0015994 secs] [Times: user=0.00 sys=0.00, real=0.00 secs] 
2603.375: [GC (Allocation Failure) [PSYoungGen: 68669K->2032K(69120K)] 386265K->319628K(744448K), 0.0017344 secs] [Times: user=0.01 sys=0.00, real=0.00 secs] 
2603.658: [GC (Allocation Failure) [PSYoungGen: 69104K->1344K(69120K)] 386700K->318956K(744448K), 0.0018667 secs] [Times: user=0.01 sys=0.00, real=0.00 secs] 
2603.937: [GC (Allocation Failure) [PSYoungGen: 68416K->1376K(69120K)] 386028K->318988K(744448K), 0.0018550 secs] [Times: user=0.01 sys=0.00, real=0.00 secs] 
2604.333: [GC (Allocation Failure) [PSYoungGen: 68448K->1376K(69120K)] 386060K->318988K(744448K), 0.0019459 secs] [Times: user=0.00 sys=0.00, real=0.00 secs] 
2604.840: [GC (Allocation Failure) [PSYoungGen: 68448K->1408K(69120K)] 386060K->319020K(744448K), 0.0032901 secs] [Times: user=0.01 sys=0.00, real=0.00 secs] 
2605.631: [GC (Allocation Failure) [PSYoungGen: 68480K->1581K(69120K)] 386092K->319193K(744448K), 0.0015866 secs] [Times: user=0.01 sys=0.00, real=0.00 secs] 
2606.023: [GC (Allocation Failure) [PSYoungGen: 68653K->1600K(69120K)] 386265K->319212K(744448K), 0.0015718 secs] [Times: user=0.01 sys=0.00, real=0.00 secs] 
2606.416: [GC (Allocation Failure) [PSYoungGen: 68672K->1552K(69120K)] 386284K->319164K(744448K), 0.0015808 secs] [Times: user=0.01 sys=0.00, real=0.00 secs] 
2606.794: [GC (Allocation Failure) [PSYoungGen: 68624K->1456K(69120K)] 386236K->319068K(744448K), 0.0017303 secs] [Times: user=0.00 sys=0.00, real=0.00 secs] 
2607.073: [GC (Allocation Failure) [PSYoungGen: 68528K->1344K(69120K)] 386140K->318956K(744448K), 0.0015804 secs] [Times: user=0.01 sys=0.00, real=0.00 secs] 
2607.350: [GC (Allocation Failure) [PSYoungGen: 68416K->1408K(69120K)] 386028K->319020K(744448K), 0.0015830 secs] [Times: user=0.01 sys=0.00, real=0.00 secs] 
2607.630: [GC (Allocation Failure) [PSYoungGen: 68480K->1360K(69120K)] 386092K->318972K(744448K), 0.0070394 secs] [Times: user=0.03 sys=0.00, real=0.01 secs] 
2607.983: [GC (Allocation Failure) [PSYoungGen: 68432K->1453K(69120K)] 386044K->319065K(744448K), 0.0017452 secs] [Times: user=0.01 sys=0.00, real=0.00 secs] 
2608.387: [GC (Allocation Failure) [PSYoungGen: 68525K->1613K(69120K)] 386137K->319233K(744448K), 0.0016701 secs] [Times: user=0.01 sys=0.00, real=0.00 secs] 
2608.780: [GC (Allocation Failure) [PSYoungGen: 68685K->1581K(69120K)] 386305K->319201K(744448K), 0.0015504 secs] [Times: user=0.00 sys=0.00, real=0.01 secs] 
2609.172: [GC (Allocation Failure) [PSYoungGen: 68653K->1536K(69120K)] 386273K->319172K(744448K), 0.0016819 secs] [Times: user=0.01 sys=0.00, real=0.00 secs] 
2609.936: [GC (Allocation Failure) [PSYoungGen: 68608K->1488K(69120K)] 386244K->319124K(744448K), 0.0022501 secs] [Times: user=0.01 sys=0.00, real=0.00 secs] 
2610.974: [GC (Allocation Failure) [PSYoungGen: 68560K->1392K(69120K)] 386196K->319028K(744448K), 0.0029867 secs] [Times: user=0.01 sys=0.00, real=0.00 secs] 
2611.957: [GC (Allocation Failure) [PSYoungGen: 68464K->1408K(69120K)] 386100K->319044K(744448K), 0.0024848 secs] [Times: user=0.01 sys=0.00, real=0.00 secs] 
2612.644: [GC (Allocation Failure) [PSYoungGen: 68480K->1408K(69120K)] 386116K->319044K(744448K), 0.0023922 secs] [Times: user=0.01 sys=0.00, real=0.00 secs] 
2613.320: [GC (Allocation Failure) [PSYoungGen: 68477K->1472K(69120K)] 386114K->319108K(744448K), 0.0014941 secs] [Times: user=0.01 sys=0.00, real=0.01 secs] 
2613.710: [GC (Allocation Failure) [PSYoungGen: 68544K->1597K(69120K)] 386180K->319233K(744448K), 0.0017018 secs] [Times: user=0.01 sys=0.00, real=0.01 secs] 
2614.103: [GC (Allocation Failure) [PSYoungGen: 68669K->1536K(69120K)] 386305K->319172K(744448K), 0.0015679 secs] [Times: user=0.01 sys=0.00, real=0.00 secs] 
2614.496: [GC (Allocation Failure) [PSYoungGen: 68608K->1549K(69120K)] 386244K->319193K(744448K), 0.0015442 secs] [Times: user=0.01 sys=0.00, real=0.00 secs] 
2614.855: [GC (Allocation Failure) [PSYoungGen: 68621K->1488K(69120K)] 386265K->319132K(744448K), 0.0018851 secs] [Times: user=0.01 sys=0.00, real=0.00 secs] 
2615.134: [GC (Allocation Failure) [PSYoungGen: 68560K->1376K(69120K)] 386204K->319020K(744448K), 0.0019336 secs] [Times: user=0.01 sys=0.00, real=0.00 secs] 
2615.468: [GC (Allocation Failure) [PSYoungGen: 68448K->1408K(69120K)] 386092K->319052K(744448K), 0.0019238 secs] [Times: user=0.01 sys=0.00, real=0.01 secs] 
2615.747: [GC (Allocation Failure) [PSYoungGen: 68480K->1376K(69120K)] 386124K->319020K(744448K), 0.0020042 secs] [Times: user=0.00 sys=0.00, real=0.00 secs] 
2616.151: [GC (Allocation Failure) [PSYoungGen: 68448K->1472K(69120K)] 386092K->319140K(744448K), 0.0015953 secs] [Times: user=0.01 sys=0.00, real=0.00 secs] 
2616.542: [GC (Allocation Failure) [PSYoungGen: 68544K->1597K(69120K)] 386212K->319265K(744448K), 0.0017295 secs] [Times: user=0.01 sys=0.00, real=0.00 secs] 
2616.935: [GC (Allocation Failure) [PSYoungGen: 68669K->1600K(69120K)] 386337K->319268K(744448K), 0.0016078 secs] [Times: user=0.00 sys=0.00, real=0.00 secs] 
2617.328: [GC (Allocation Failure) [PSYoungGen: 68672K->1600K(69120K)] 386340K->319284K(744448K), 0.0014987 secs] [Times: user=0.01 sys=0.00, real=0.00 secs] 
2617.670: [GC (Allocation Failure) [PSYoungGen: 68672K->1408K(69120K)] 386356K->319092K(744448K), 0.0017137 secs] [Times: user=0.01 sys=0.00, real=0.01 secs] 
2617.948: [GC (Allocation Failure) [PSYoungGen: 68480K->1312K(69120K)] 386164K->318996K(744448K), 0.0015455 secs] [Times: user=0.00 sys=0.00, real=0.00 secs] 
2618.339: [GC (Allocation Failure) [PSYoungGen: 68384K->1376K(69120K)] 386068K->319060K(744448K), 0.0015679 secs] [Times: user=0.01 sys=0.00, real=0.01 secs] 
2618.860: [GC (Allocation Failure) [PSYoungGen: 68448K->1376K(69120K)] 386132K->319060K(744448K), 0.0017617 secs] [Times: user=0.01 sys=0.00, real=0.01 secs] 
2619.311: [GC (Allocation Failure) [PSYoungGen: 68448K->1517K(69120K)] 386132K->319201K(744448K), 0.0015801 secs] [Times: user=0.00 sys=0.00, real=0.00 secs] 
2619.712: [GC (Allocation Failure) [PSYoungGen: 68589K->1568K(69120K)] 386273K->319252K(744448K), 0.0015251 secs] [Times: user=0.01 sys=0.00, real=0.00 secs] 
2620.105: [GC (Allocation Failure) [PSYoungGen: 68640K->1616K(69120K)] 386324K->319300K(744448K), 0.0015570 secs] [Times: user=0.01 sys=0.00, real=0.00 secs] 
2620.495: [GC (Allocation Failure) [PSYoungGen: 68587K->352K(69120K)] 386272K->318036K(744448K), 0.0014940 secs] [Times: user=0.00 sys=0.00, real=0.00 secs] 
2620.805: [GC (Allocation Failure) [PSYoungGen: 67424K->1408K(69120K)] 385108K->319092K(744448K), 0.0017563 secs] [Times: user=0.01 sys=0.00, real=0.00 secs] 
2621.137: [GC (Allocation Failure) [PSYoungGen: 68480K->1376K(69120K)] 386164K->319060K(744448K), 0.0020105 secs] [Times: user=0.01 sys=0.00, real=0.00 secs] 
2621.416: [GC (Allocation Failure) [PSYoungGen: 68448K->1408K(69120K)] 386132K->319092K(744448K), 0.0017346 secs] [Times: user=0.00 sys=0.00, real=0.00 secs] 
2621.694: [GC (Allocation Failure) [PSYoungGen: 68480K->1376K(69120K)] 386164K->319060K(744448K), 0.0018278 secs] [Times: user=0.01 sys=0.00, real=0.00 secs] 
2622.142: [GC (Allocation Failure) [PSYoungGen: 68448K->1581K(69120K)] 386132K->319265K(744448K), 0.0015335 secs] [Times: user=0.01 sys=0.00, real=0.00 secs] 
2622.534: [GC (Allocation Failure) [PSYoungGen: 68653K->1613K(69120K)] 386337K->319297K(744448K), 0.0016369 secs] [Times: user=0.00 sys=0.00, real=0.00 secs] 
2622.930: [GC (Allocation Failure) [PSYoungGen: 68685K->1568K(69120K)] 386369K->319252K(744448K), 0.0015416 secs] [Times: user=0.00 sys=0.00, real=0.01 secs] 
2623.520: [GC (Allocation Failure) [PSYoungGen: 68640K->1520K(69120K)] 386324K->319204K(744448K), 0.0020026 secs] [Times: user=0.01 sys=0.00, real=0.01 secs] 
2624.005: [GC (Allocation Failure) [PSYoungGen: 68592K->1344K(69120K)] 386276K->319028K(744448K), 0.0023109 secs] [Times: user=0.00 sys=0.00, real=0.00 secs] 
2624.290: [GC (Allocation Failure) [PSYoungGen: 68416K->1408K(69120K)] 386100K->319108K(744448K), 0.0023241 secs] [Times: user=0.01 sys=0.00, real=0.01 secs] 
2624.563: [GC (Allocation Failure) [PSYoungGen: 68480K->1408K(69120K)] 386180K->319108K(744448K), 0.0020153 secs] [Times: user=0.00 sys=0.00, real=0.00 secs] 
2624.896: [GC (Allocation Failure) [PSYoungGen: 68318K->304K(69120K)] 386019K->318004K(744448K), 0.0019302 secs] [Times: user=0.01 sys=0.00, real=0.00 secs] 
2625.307: [GC (Allocation Failure) [PSYoungGen: 67376K->1549K(69120K)] 385076K->319249K(744448K), 0.0016217 secs] [Times: user=0.01 sys=0.00, real=0.00 secs] 
2625.701: [GC (Allocation Failure) [PSYoungGen: 68621K->1536K(69120K)] 386321K->319236K(744448K), 0.0016558 secs] [Times: user=0.01 sys=0.00, real=0.00 secs] 
2626.092: [GC (Allocation Failure) [PSYoungGen: 68608K->1533K(69120K)] 386308K->319241K(744448K), 0.0015836 secs] [Times: user=0.00 sys=0.00, real=0.00 secs] 
2626.543: [GC (Allocation Failure) [PSYoungGen: 68605K->1456K(69120K)] 386313K->319164K(744448K), 0.0019925 secs] [Times: user=0.01 sys=0.00, real=0.00 secs] 
2626.822: [GC (Allocation Failure) [PSYoungGen: 68528K->1344K(69120K)] 386236K->319052K(744448K), 0.0017659 secs] [Times: user=0.01 sys=0.00, real=0.00 secs] 
2627.101: [GC (Allocation Failure) [PSYoungGen: 68416K->1376K(69120K)] 386124K->319084K(744448K), 0.0017534 secs] [Times: user=0.01 sys=0.00, real=0.00 secs] 
2627.379: [GC (Allocation Failure) [PSYoungGen: 68448K->1376K(69120K)] 386156K->319084K(744448K), 0.0017899 secs] [Times: user=0.01 sys=0.01, real=0.01 secs] 
2627.754: [GC (Allocation Failure) [PSYoungGen: 68448K->1469K(69120K)] 386156K->319177K(744448K), 0.0015169 secs] [Times: user=0.00 sys=0.00, real=0.00 secs] 
2628.153: [GC (Allocation Failure) [PSYoungGen: 68541K->1552K(69120K)] 386249K->319260K(744448K), 0.0015554 secs] [Times: user=0.00 sys=0.00, real=0.00 secs] 
2628.610: [GC (Allocation Failure) [PSYoungGen: 68624K->1565K(69120K)] 386332K->319273K(744448K), 0.0015836 secs] [Times: user=0.01 sys=0.00, real=0.00 secs] 
2629.064: [GC (Allocation Failure) [PSYoungGen: 68637K->1536K(69120K)] 386345K->319260K(744448K), 0.0015465 secs] [Times: user=0.00 sys=0.00, real=0.00 secs] 
2629.551: [GC (Allocation Failure) [PSYoungGen: 68608K->1424K(69120K)] 386332K->319148K(744448K), 0.0028927 secs] [Times: user=0.01 sys=0.00, real=0.00 secs] 
2630.140: [GC (Allocation Failure) [PSYoungGen: 68496K->1344K(69120K)] 386220K->319068K(744448K), 0.0027098 secs] [Times: user=0.01 sys=0.00, real=0.01 secs] 
2630.687: [GC (Allocation Failure) [PSYoungGen: 68416K->1408K(69120K)] 386140K->319132K(744448K), 0.0023297 secs] [Times: user=0.00 sys=0.00, real=0.00 secs] 
2631.063: [GC (Allocation Failure) [PSYoungGen: 68480K->1408K(69120K)] 386204K->319132K(744448K), 0.0019626 secs] [Times: user=0.00 sys=0.00, real=0.00 secs] 
2631.421: [GC (Allocation Failure) [PSYoungGen: 68480K->1501K(69120K)] 386204K->319225K(744448K), 0.0015600 secs] [Times: user=0.00 sys=0.00, real=0.00 secs] 
2631.812: [GC (Allocation Failure) [PSYoungGen: 68573K->1597K(69120K)] 386297K->319321K(744448K), 0.0016926 secs] [Times: user=0.01 sys=0.00, real=0.00 secs] 
2632.208: [GC (Allocation Failure) [PSYoungGen: 68669K->1597K(69120K)] 386393K->319321K(744448K), 0.0015786 secs] [Times: user=0.01 sys=0.00, real=0.00 secs] 
2632.601: [GC (Allocation Failure) [PSYoungGen: 68669K->1568K(69120K)] 386393K->319308K(744448K), 0.0015600 secs] [Times: user=0.00 sys=0.00, real=0.00 secs] 
2633.211: [GC (Allocation Failure) [PSYoungGen: 68640K->1440K(69120K)] 386380K->319180K(744448K), 0.0020662 secs] [Times: user=0.01 sys=0.01, real=0.00 secs] 
2633.490: [GC (Allocation Failure) [PSYoungGen: 68512K->1376K(69120K)] 386252K->319116K(744448K), 0.0019843 secs] [Times: user=0.01 sys=0.00, real=0.00 secs] 
2633.769: [GC (Allocation Failure) [PSYoungGen: 68448K->1376K(69120K)] 386188K->319116K(744448K), 0.0019810 secs] [Times: user=0.01 sys=0.00, real=0.01 secs] 
2634.088: [GC (Allocation Failure) [PSYoungGen: 68448K->1376K(69120K)] 386188K->319116K(744448K), 0.0019010 secs] [Times: user=0.00 sys=0.01, real=0.00 secs] 
2634.589: [GC (Allocation Failure) [PSYoungGen: 68448K->1485K(69120K)] 386188K->319249K(744448K), 0.0015453 secs] [Times: user=0.01 sys=0.00, real=0.01 secs] 
2634.983: [GC (Allocation Failure) [PSYoungGen: 68557K->1552K(69120K)] 386321K->319316K(744448K), 0.0015342 secs] [Times: user=0.00 sys=0.00, real=0.00 secs] 
2635.376: [GC (Allocation Failure) [PSYoungGen: 68624K->1520K(69120K)] 386388K->319284K(744448K), 0.0015432 secs] [Times: user=0.00 sys=0.00, real=0.00 secs] 
2635.767: [GC (Allocation Failure) [PSYoungGen: 68592K->1568K(69120K)] 386356K->319348K(744448K), 0.0016811 secs] [Times: user=0.01 sys=0.00, real=0.00 secs] 
2636.191: [GC (Allocation Failure) [PSYoungGen: 68640K->1408K(69120K)] 386420K->319188K(744448K), 0.0017339 secs] [Times: user=0.01 sys=0.00, real=0.00 secs] 
2636.760: [GC (Allocation Failure) [PSYoungGen: 68480K->1376K(69120K)] 386260K->319156K(744448K), 0.0019346 secs] [Times: user=0.01 sys=0.00, real=0.01 secs] 
2637.343: [GC (Allocation Failure) [PSYoungGen: 68448K->1376K(69120K)] 386228K->319156K(744448K), 0.0021806 secs] [Times: user=0.01 sys=0.00, real=0.00 secs] 
2638.005: [GC (Allocation Failure) [PSYoungGen: 68448K->1392K(69120K)] 386228K->319172K(744448K), 0.0026553 secs] [Times: user=0.01 sys=0.00, real=0.00 secs] 
2638.587: [GC (Allocation Failure) [PSYoungGen: 68464K->1533K(69120K)] 386244K->319313K(744448K), 0.0016560 secs] [Times: user=0.01 sys=0.00, real=0.00 secs] 
2638.978: [GC (Allocation Failure) [PSYoungGen: 68585K->1597K(69120K)] 386366K->319377K(744448K), 0.0016733 secs] [Times: user=0.01 sys=0.00, real=0.00 secs] 
2639.372: [GC (Allocation Failure) [PSYoungGen: 68669K->1517K(69120K)] 386449K->319297K(744448K), 0.0015639 secs] [Times: user=0.00 sys=0.00, real=0.00 secs] 
2639.841: [GC (Allocation Failure) [PSYoungGen: 68589K->2016K(69120K)] 386369K->319804K(744448K), 0.0018823 secs] [Times: user=0.00 sys=0.00, real=0.00 secs] 
2640.120: [GC (Allocation Failure) [PSYoungGen: 69088K->1376K(69120K)] 386876K->319164K(744448K), 0.0016783 secs] [Times: user=0.00 sys=0.00, real=0.00 secs] 
2640.399: [GC (Allocation Failure) [PSYoungGen: 68448K->1376K(69120K)] 386236K->319164K(744448K), 0.0017760 secs] [Times: user=0.01 sys=0.00, real=0.01 secs] 
2640.678: [GC (Allocation Failure) [PSYoungGen: 68448K->1376K(69120K)] 386236K->319164K(744448K), 0.0017600 secs] [Times: user=0.01 sys=0.00, real=0.00 secs] 
2640.956: [GC (Allocation Failure) [PSYoungGen: 68448K->1376K(69120K)] 386236K->319164K(744448K), 0.0017054 secs] [Times: user=0.00 sys=0.00, real=0.00 secs] 
2641.364: [GC (Allocation Failure) [PSYoungGen: 68448K->1565K(69120K)] 386236K->319353K(744448K), 0.0016641 secs] [Times: user=0.01 sys=0.00, real=0.00 secs] 
2641.755: [GC (Allocation Failure) [PSYoungGen: 68637K->1581K(69120K)] 386425K->319369K(744448K), 0.0016742 secs] [Times: user=0.01 sys=0.00, real=0.00 secs] 
2642.148: [GC (Allocation Failure) [PSYoungGen: 68653K->1568K(69120K)] 386441K->319356K(744448K), 0.0016526 secs] [Times: user=0.00 sys=0.00, real=0.00 secs] 
2642.731: [GC (Allocation Failure) [PSYoungGen: 68640K->1456K(69120K)] 386428K->319260K(744448K), 0.0017944 secs] [Times: user=0.00 sys=0.00, real=0.00 secs] 
2643.476: [GC (Allocation Failure) [PSYoungGen: 68528K->1344K(69120K)] 386332K->319148K(744448K), 0.0032546 secs] [Times: user=0.01 sys=0.01, real=0.00 secs] 
2644.071: [GC (Allocation Failure) [PSYoungGen: 68416K->1408K(69120K)] 386220K->319212K(744448K), 0.0019926 secs] [Times: user=0.01 sys=0.00, real=0.00 secs] 
2644.625: [GC (Allocation Failure) [PSYoungGen: 68480K->1376K(69120K)] 386284K->319180K(744448K), 0.0022758 secs] [Times: user=0.01 sys=0.00, real=0.00 secs] 
2645.217: [GC (Allocation Failure) [PSYoungGen: 68448K->1469K(69120K)] 386252K->319297K(744448K), 0.0020459 secs] [Times: user=0.01 sys=0.00, real=0.00 secs] 
2645.630: [GC (Allocation Failure) [PSYoungGen: 68541K->1568K(69120K)] 386369K->319396K(744448K), 0.0016813 secs] [Times: user=0.01 sys=0.00, real=0.00 secs] 
2646.024: [GC (Allocation Failure) [PSYoungGen: 68640K->1536K(69120K)] 386468K->319364K(744448K), 0.0017151 secs] [Times: user=0.01 sys=0.00, real=0.00 secs] 
2646.477: [GC (Allocation Failure) [PSYoungGen: 68608K->1568K(69120K)] 386436K->319412K(744448K), 0.0016069 secs] [Times: user=0.00 sys=0.00, real=0.00 secs] 
2647.128: [GC (Allocation Failure) [PSYoungGen: 68640K->1456K(69120K)] 386484K->319300K(744448K), 0.0026677 secs] [Times: user=0.01 sys=0.00, real=0.01 secs] 
2647.735: [GC (Allocation Failure) [PSYoungGen: 68528K->1408K(69120K)] 386372K->319252K(744448K), 0.0022884 secs] [Times: user=0.01 sys=0.00, real=0.00 secs] 
2648.273: [GC (Allocation Failure) [PSYoungGen: 68480K->1408K(69120K)] 386324K->319252K(744448K), 0.0034883 secs] [Times: user=0.02 sys=0.00, real=0.00 secs] 
2648.853: [GC (Allocation Failure) [PSYoungGen: 68480K->1376K(69120K)] 386324K->319220K(744448K), 0.0040135 secs] [Times: user=0.02 sys=0.00, real=0.00 secs] 
2649.646: [GC (Allocation Failure) [PSYoungGen: 68434K->1469K(69120K)] 386279K->319313K(744448K), 0.0019747 secs] [Times: user=0.01 sys=0.00, real=0.00 secs] 
2650.050: [GC (Allocation Failure) [PSYoungGen: 68541K->1568K(69120K)] 386385K->319412K(744448K), 0.0016928 secs] [Times: user=0.01 sys=0.00, real=0.01 secs] 
2650.452: [GC (Allocation Failure) [PSYoungGen: 68640K->1600K(69120K)] 386484K->319444K(744448K), 0.0016750 secs] [Times: user=0.01 sys=0.00, real=0.00 secs] 
2650.847: [GC (Allocation Failure) [PSYoungGen: 68672K->1552K(69120K)] 386516K->319404K(744448K), 0.0015789 secs] [Times: user=0.01 sys=0.00, real=0.00 secs] 
2651.446: [GC (Allocation Failure) [PSYoungGen: 68624K->1408K(69120K)] 386476K->319260K(744448K), 0.0017442 secs] [Times: user=0.01 sys=0.00, real=0.00 secs] 
2652.057: [GC (Allocation Failure) [PSYoungGen: 68480K->1408K(69120K)] 386332K->319260K(744448K), 0.0023853 secs] [Times: user=0.01 sys=0.00, real=0.00 secs] 
2652.620: [GC (Allocation Failure) [PSYoungGen: 68480K->1376K(69120K)] 386332K->319228K(744448K), 0.0023422 secs] [Times: user=0.01 sys=0.00, real=0.01 secs] 
2653.098: [GC (Allocation Failure) [PSYoungGen: 68448K->1376K(69120K)] 386300K->319228K(744448K), 0.0055934 secs] [Times: user=0.02 sys=0.00, real=0.01 secs] 
2653.622: [GC (Allocation Failure) [PSYoungGen: 68448K->1501K(69120K)] 386300K->319353K(744448K), 0.0015105 secs] [Times: user=0.01 sys=0.00, real=0.00 secs] 
2654.014: [GC (Allocation Failure) [PSYoungGen: 68573K->1565K(69120K)] 386425K->319417K(744448K), 0.0015290 secs] [Times: user=0.01 sys=0.00, real=0.00 secs] 
2654.407: [GC (Allocation Failure) [PSYoungGen: 68637K->1584K(69120K)] 386489K->319436K(744448K), 0.0015385 secs] [Times: user=0.00 sys=0.00, real=0.00 secs] 
2654.799: [GC (Allocation Failure) [PSYoungGen: 68656K->1568K(69120K)] 386508K->319428K(744448K), 0.0015721 secs] [Times: user=0.01 sys=0.00, real=0.01 secs] 
2655.202: [GC (Allocation Failure) [PSYoungGen: 68640K->1440K(69120K)] 386500K->319308K(744448K), 0.0018997 secs] [Times: user=0.01 sys=0.00, real=0.00 secs] 
2655.491: [GC (Allocation Failure) [PSYoungGen: 68512K->1376K(69120K)] 386380K->319268K(744448K), 0.0017616 secs] [Times: user=0.01 sys=0.00, real=0.00 secs] 
2655.778: [GC (Allocation Failure) [PSYoungGen: 68448K->1344K(69120K)] 386340K->319236K(744448K), 0.0023670 secs] [Times: user=0.01 sys=0.00, real=0.01 secs] 
2656.304: [GC (Allocation Failure) [PSYoungGen: 68416K->1360K(69120K)] 386308K->319252K(744448K), 0.0017826 secs] [Times: user=0.00 sys=0.00, real=0.00 secs] 
2656.781: [GC (Allocation Failure) [PSYoungGen: 68432K->1501K(69120K)] 386324K->319393K(744448K), 0.0016124 secs] [Times: user=0.00 sys=0.00, real=0.00 secs] 
2657.172: [GC (Allocation Failure) [PSYoungGen: 68558K->1613K(69120K)] 386451K->319513K(744448K), 0.0015663 secs] [Times: user=0.01 sys=0.00, real=0.00 secs] 
2657.565: [GC (Allocation Failure) [PSYoungGen: 68685K->1584K(69120K)] 386585K->319484K(744448K), 0.0015610 secs] [Times: user=0.00 sys=0.00, real=0.00 secs] 
2657.958: [GC (Allocation Failure) [PSYoungGen: 68656K->192K(69120K)] 386556K->318108K(744448K), 0.0016730 secs] [Times: user=0.00 sys=0.00, real=0.00 secs] 
2658.543: [GC (Allocation Failure) [PSYoungGen: 67264K->1392K(69120K)] 385180K->319308K(744448K), 0.0018008 secs] [Times: user=0.01 sys=0.00, real=0.00 secs] 
2659.115: [GC (Allocation Failure) [PSYoungGen: 68464K->1424K(69120K)] 386380K->319340K(744448K), 0.0018147 secs] [Times: user=0.01 sys=0.00, real=0.00 secs] 
2659.769: [GC (Allocation Failure) [PSYoungGen: 68496K->1376K(69120K)] 386412K->319292K(744448K), 0.0018823 secs] [Times: user=0.00 sys=0.00, real=0.01 secs] 
2660.340: [GC (Allocation Failure) [PSYoungGen: 68448K->1424K(69120K)] 386364K->319340K(744448K), 0.0020481 secs] [Times: user=0.01 sys=0.00, real=0.01 secs] 
2660.854: [GC (Allocation Failure) [PSYoungGen: 68496K->1565K(69120K)] 386412K->319481K(744448K), 0.0016449 secs] [Times: user=0.01 sys=0.00, real=0.00 secs] 
2661.246: [GC (Allocation Failure) [PSYoungGen: 68610K->1616K(69120K)] 386526K->319532K(744448K), 0.0015805 secs] [Times: user=0.00 sys=0.00, real=0.00 secs] 
2661.638: [GC (Allocation Failure) [PSYoungGen: 68688K->1584K(69120K)] 386604K->319500K(744448K), 0.0015599 secs] [Times: user=0.00 sys=0.00, real=0.00 secs] 
2662.107: [GC (Allocation Failure) [PSYoungGen: 68656K->1520K(69120K)] 386572K->319436K(744448K), 0.0019520 secs] [Times: user=0.01 sys=0.00, real=0.00 secs] 
2662.420: [GC (Allocation Failure) [PSYoungGen: 68592K->1408K(69120K)] 386508K->319324K(744448K), 0.0018297 secs] [Times: user=0.01 sys=0.00, real=0.01 secs] 
2662.756: [GC (Allocation Failure) [PSYoungGen: 68480K->1408K(69120K)] 386396K->319324K(744448K), 0.0018077 secs] [Times: user=0.01 sys=0.00, real=0.00 secs] 
2663.127: [GC (Allocation Failure) [PSYoungGen: 68480K->1376K(69120K)] 386396K->319292K(744448K), 0.0019846 secs] [Times: user=0.01 sys=0.00, real=0.00 secs] 
2663.414: [GC (Allocation Failure) [PSYoungGen: 68448K->1408K(69120K)] 386364K->319324K(744448K), 0.0019408 secs] [Times: user=0.01 sys=0.00, real=0.00 secs] 
2663.856: [GC (Allocation Failure) [PSYoungGen: 68480K->1600K(69120K)] 386396K->319516K(744448K), 0.0016859 secs] [Times: user=0.01 sys=0.00, real=0.00 secs] 
2664.249: [GC (Allocation Failure) [PSYoungGen: 68672K->1565K(69120K)] 386588K->319481K(744448K), 0.0015521 secs] [Times: user=0.01 sys=0.00, real=0.01 secs] 
2664.702: [GC (Allocation Failure) [PSYoungGen: 68637K->1616K(69120K)] 386553K->319532K(744448K), 0.0015871 secs] [Times: user=0.00 sys=0.00, real=0.00 secs] 
2665.211: [GC (Allocation Failure) [PSYoungGen: 68688K->1472K(69120K)] 386604K->319420K(744448K), 0.0023038 secs] [Times: user=0.01 sys=0.00, real=0.00 secs] 
2665.795: [GC (Allocation Failure) [PSYoungGen: 68544K->1376K(69120K)] 386492K->319324K(744448K), 0.0020793 secs] [Times: user=0.01 sys=0.01, real=0.00 secs] 
2666.373: [GC (Allocation Failure) [PSYoungGen: 68448K->1408K(69120K)] 386396K->319356K(744448K), 0.0030692 secs] [Times: user=0.01 sys=0.00, real=0.00 secs] 
2666.959: [GC (Allocation Failure) [PSYoungGen: 68480K->1376K(69120K)] 386428K->319324K(744448K), 0.0029872 secs] [Times: user=0.01 sys=0.00, real=0.01 secs] 
2667.509: [GC (Allocation Failure) [PSYoungGen: 68448K->1469K(69120K)] 386396K->319417K(744448K), 0.0019169 secs] [Times: user=0.01 sys=0.00, real=0.01 secs] 
2667.913: [GC (Allocation Failure) [PSYoungGen: 68541K->1520K(69120K)] 386489K->319468K(744448K), 0.0015282 secs] [Times: user=0.01 sys=0.00, real=0.00 secs] 
2668.309: [GC (Allocation Failure) [PSYoungGen: 68566K->1568K(69120K)] 386515K->319516K(744448K), 0.0015277 secs] [Times: user=0.01 sys=0.00, real=0.01 secs] 
2668.761: [GC (Allocation Failure) [PSYoungGen: 68640K->1520K(69120K)] 386588K->319484K(744448K), 0.0017895 secs] [Times: user=0.00 sys=0.00, real=0.00 secs] 
2669.158: [GC (Allocation Failure) [PSYoungGen: 68592K->1456K(69120K)] 386556K->319420K(744448K), 0.0021307 secs] [Times: user=0.01 sys=0.00, real=0.00 secs] 
2669.466: [GC (Allocation Failure) [PSYoungGen: 68528K->1376K(69120K)] 386492K->319340K(744448K), 0.0019668 secs] [Times: user=0.01 sys=0.01, real=0.00 secs] 
2669.797: [GC (Allocation Failure) [PSYoungGen: 68448K->1344K(69120K)] 386412K->319308K(744448K), 0.0019455 secs] [Times: user=0.00 sys=0.01, real=0.00 secs] 
2670.075: [GC (Allocation Failure) [PSYoungGen: 68416K->1376K(69120K)] 386380K->319340K(744448K), 0.0019716 secs] [Times: user=0.01 sys=0.00, real=0.00 secs] 
2670.435: [GC (Allocation Failure) [PSYoungGen: 68448K->1517K(69120K)] 386412K->319481K(744448K), 0.0016173 secs] [Times: user=0.01 sys=0.00, real=0.00 secs] 
2670.834: [GC (Allocation Failure) [PSYoungGen: 68589K->1552K(69120K)] 386553K->319516K(744448K), 0.0025670 secs] [Times: user=0.01 sys=0.00, real=0.00 secs] 
2671.231: [GC (Allocation Failure) [PSYoungGen: 68624K->1565K(69120K)] 386588K->319529K(744448K), 0.0016702 secs] [Times: user=0.00 sys=0.00, real=0.00 secs] 
2671.623: [GC (Allocation Failure) [PSYoungGen: 68637K->1568K(69120K)] 386601K->319548K(744448K), 0.0015347 secs] [Times: user=0.01 sys=0.00, real=0.00 secs] 
2671.958: [GC (Allocation Failure) [PSYoungGen: 68640K->1440K(69120K)] 386620K->319420K(744448K), 0.0018285 secs] [Times: user=0.01 sys=0.00, real=0.00 secs] 
2672.267: [GC (Allocation Failure) [PSYoungGen: 68512K->1376K(69120K)] 386492K->319356K(744448K), 0.0016312 secs] [Times: user=0.01 sys=0.00, real=0.00 secs] 
2672.546: [GC (Allocation Failure) [PSYoungGen: 68448K->1344K(69120K)] 386428K->319324K(744448K), 0.0018713 secs] [Times: user=0.00 sys=0.00, real=0.00 secs] 
2672.825: [GC (Allocation Failure) [PSYoungGen: 68416K->1376K(69120K)] 386396K->319356K(744448K), 0.0017230 secs] [Times: user=0.01 sys=0.00, real=0.00 secs] 
2673.183: [GC (Allocation Failure) [PSYoungGen: 68448K->1517K(69120K)] 386428K->319497K(744448K), 0.0015975 secs] [Times: user=0.01 sys=0.00, real=0.00 secs] 
2673.636: [GC (Allocation Failure) [PSYoungGen: 68587K->1568K(69120K)] 386568K->319572K(744448K), 0.0017735 secs] [Times: user=0.00 sys=0.00, real=0.00 secs] 
2674.028: [GC (Allocation Failure) [PSYoungGen: 68640K->1549K(69120K)] 386644K->319553K(744448K), 0.0017857 secs] [Times: user=0.01 sys=0.00, real=0.00 secs] 
2674.422: [GC (Allocation Failure) [PSYoungGen: 68621K->1584K(69120K)] 386625K->319604K(744448K), 0.0017944 secs] [Times: user=0.00 sys=0.00, real=0.00 secs] 
2675.211: [GC (Allocation Failure) [PSYoungGen: 68656K->1376K(69120K)] 386676K->319396K(744448K), 0.0027586 secs] [Times: user=0.01 sys=0.00, real=0.00 secs] 
2675.816: [GC (Allocation Failure) [PSYoungGen: 68448K->1376K(69120K)] 386468K->319396K(744448K), 0.0026382 secs] [Times: user=0.01 sys=0.00, real=0.00 secs] 
2676.520: [GC (Allocation Failure) [PSYoungGen: 68448K->1376K(69120K)] 386468K->319396K(744448K), 0.0032270 secs] [Times: user=0.02 sys=0.00, real=0.01 secs] 
2677.139: [GC (Allocation Failure) [PSYoungGen: 68448K->1408K(69120K)] 386468K->319428K(744448K), 0.0026267 secs] [Times: user=0.02 sys=0.00, real=0.01 secs] 
2677.690: [GC (Allocation Failure) [PSYoungGen: 68480K->1533K(69120K)] 386500K->319553K(744448K), 0.0014949 secs] [Times: user=0.01 sys=0.00, real=0.01 secs] 
2678.082: [GC (Allocation Failure) [PSYoungGen: 68573K->1536K(69120K)] 386594K->319556K(744448K), 0.0016218 secs] [Times: user=0.01 sys=0.00, real=0.00 secs] 
2678.476: [GC (Allocation Failure) [PSYoungGen: 68608K->1600K(69120K)] 386628K->319620K(744448K), 0.0015101 secs] [Times: user=0.01 sys=0.00, real=0.00 secs] 
2679.137: [GC (Allocation Failure) [PSYoungGen: 68672K->1776K(69120K)] 386692K->319796K(744448K), 0.0020255 secs] [Times: user=0.01 sys=0.00, real=0.00 secs] 
2679.559: [GC (Allocation Failure) [PSYoungGen: 68848K->1376K(69120K)] 386868K->319396K(744448K), 0.0019585 secs] [Times: user=0.01 sys=0.00, real=0.01 secs] 
2679.838: [GC (Allocation Failure) [PSYoungGen: 68448K->1376K(69120K)] 386468K->319396K(744448K), 0.0019478 secs] [Times: user=0.01 sys=0.00, real=0.00 secs] 
2680.117: [GC (Allocation Failure) [PSYoungGen: 68448K->1344K(69120K)] 386468K->319364K(744448K), 0.0018216 secs] [Times: user=0.01 sys=0.00, real=0.00 secs] 
2680.395: [GC (Allocation Failure) [PSYoungGen: 68416K->1440K(69120K)] 386436K->319460K(744448K), 0.0029143 secs] [Times: user=0.01 sys=0.00, real=0.00 secs] 
2680.965: [GC (Allocation Failure) [PSYoungGen: 68512K->1581K(69120K)] 386532K->319601K(744448K), 0.0017480 secs] [Times: user=0.00 sys=0.00, real=0.00 secs] 
2681.430: [GC (Allocation Failure) [PSYoungGen: 68653K->1568K(69120K)] 386673K->319588K(744448K), 0.0015850 secs] [Times: user=0.01 sys=0.00, real=0.01 secs] 
2681.882: [GC (Allocation Failure) [PSYoungGen: 68640K->1597K(69120K)] 386660K->319617K(744448K), 0.0015690 secs] [Times: user=0.00 sys=0.00, real=0.00 secs] 
2682.750: [GC (Allocation Failure) [PSYoungGen: 68669K->1472K(69120K)] 386689K->319500K(744448K), 0.0041827 secs] [Times: user=0.01 sys=0.00, real=0.00 secs] 
2683.821: [GC (Allocation Failure) [PSYoungGen: 68544K->1376K(69120K)] 386572K->319404K(744448K), 0.0033349 secs] [Times: user=0.01 sys=0.00, real=0.00 secs] 
2684.341: [GC (Allocation Failure) [PSYoungGen: 68448K->1424K(69120K)] 386476K->319452K(744448K), 0.0021561 secs] [Times: user=0.01 sys=0.00, real=0.00 secs] 
2684.708: [GC (Allocation Failure) [PSYoungGen: 68496K->1408K(69120K)] 386524K->319436K(744448K), 0.0018951 secs] [Times: user=0.01 sys=0.00, real=0.00 secs] 
2685.203: [GC (Allocation Failure) [PSYoungGen: 68463K->1469K(69120K)] 386492K->319497K(744448K), 0.0018649 secs] [Times: user=0.00 sys=0.00, real=0.00 secs] 
2685.606: [GC (Allocation Failure) [PSYoungGen: 68541K->1568K(69120K)] 386569K->319596K(744448K), 0.0017471 secs] [Times: user=0.01 sys=0.00, real=0.00 secs] 
2685.998: [GC (Allocation Failure) [PSYoungGen: 68640K->1597K(69120K)] 386668K->319641K(744448K), 0.0015375 secs] [Times: user=0.01 sys=0.00, real=0.00 secs] 
2686.391: [GC (Allocation Failure) [PSYoungGen: 68669K->1584K(69120K)] 386713K->319644K(744448K), 0.0016887 secs] [Times: user=0.00 sys=0.00, real=0.00 secs] 
2687.225: [GC (Allocation Failure) [PSYoungGen: 68656K->1456K(69120K)] 386716K->319516K(744448K), 0.0030555 secs] [Times: user=0.01 sys=0.00, real=0.00 secs] 
2688.284: [GC (Allocation Failure) [PSYoungGen: 68528K->1376K(69120K)] 386588K->319436K(744448K), 0.0037034 secs] [Times: user=0.01 sys=0.00, real=0.00 secs] 
2689.197: [GC (Allocation Failure) [PSYoungGen: 68448K->1344K(69120K)] 386508K->319404K(744448K), 0.0024349 secs] [Times: user=0.01 sys=0.00, real=0.00 secs] 
2689.750: [GC (Allocation Failure) [PSYoungGen: 68416K->1392K(69120K)] 386476K->319452K(744448K), 0.0027377 secs] [Times: user=0.01 sys=0.00, real=0.00 secs] 
2690.410: [GC (Allocation Failure) [PSYoungGen: 68464K->1456K(69120K)] 386524K->319516K(744448K), 0.0018273 secs] [Times: user=0.01 sys=0.00, real=0.01 secs] 
2690.890: [GC (Allocation Failure) [PSYoungGen: 68528K->1520K(69120K)] 386588K->319580K(744448K), 0.0015858 secs] [Times: user=0.01 sys=0.00, real=0.01 secs] 
2691.342: [GC (Allocation Failure) [PSYoungGen: 68592K->1536K(69120K)] 386652K->319596K(744448K), 0.0016214 secs] [Times: user=0.01 sys=0.00, real=0.00 secs] 
2691.800: [GC (Allocation Failure) [PSYoungGen: 68608K->1568K(69120K)] 386668K->319644K(744448K), 0.0016079 secs] [Times: user=0.01 sys=0.00, real=0.00 secs] 
2692.293: [GC (Allocation Failure) [PSYoungGen: 68640K->1424K(69120K)] 386716K->319500K(744448K), 0.0027937 secs] [Times: user=0.01 sys=0.00, real=0.00 secs] 
2692.870: [GC (Allocation Failure) [PSYoungGen: 68496K->1408K(69120K)] 386572K->319484K(744448K), 0.0025734 secs] [Times: user=0.01 sys=0.00, real=0.01 secs] 
2693.417: [GC (Allocation Failure) [PSYoungGen: 68480K->1408K(69120K)] 386556K->319484K(744448K), 0.0026722 secs] [Times: user=0.01 sys=0.00, real=0.00 secs] 
2693.964: [GC (Allocation Failure) [PSYoungGen: 68480K->1408K(69120K)] 386556K->319484K(744448K), 0.0027183 secs] [Times: user=0.01 sys=0.00, real=0.00 secs] 
2694.512: [GC (Allocation Failure) [PSYoungGen: 68480K->1501K(69120K)] 386556K->319577K(744448K), 0.0016380 secs] [Times: user=0.01 sys=0.00, real=0.00 secs] 
2694.904: [GC (Allocation Failure) [PSYoungGen: 68573K->1600K(69120K)] 386649K->319676K(744448K), 0.0016818 secs] [Times: user=0.00 sys=0.00, real=0.00 secs] 
2695.297: [GC (Allocation Failure) [PSYoungGen: 68672K->1613K(69120K)] 386748K->319689K(744448K), 0.0015673 secs] [Times: user=0.01 sys=0.00, real=0.00 secs] 
2695.748: [GC (Allocation Failure) [PSYoungGen: 68685K->1549K(69120K)] 386761K->319633K(744448K), 0.0016113 secs] [Times: user=0.00 sys=0.00, real=0.00 secs] 
2696.828: [GC (Allocation Failure) [PSYoungGen: 68621K->1408K(69120K)] 386705K->319508K(744448K), 0.0026274 secs] [Times: user=0.01 sys=0.00, real=0.01 secs] 
2697.289: [GC (Allocation Failure) [PSYoungGen: 68480K->1376K(69120K)] 386580K->319476K(744448K), 0.0022081 secs] [Times: user=0.01 sys=0.00, real=0.01 secs] 
2697.636: [GC (Allocation Failure) [PSYoungGen: 68448K->1312K(69120K)] 386548K->319412K(744448K), 0.0019866 secs] [Times: user=0.01 sys=0.00, real=0.00 secs] 
2697.915: [GC (Allocation Failure) [PSYoungGen: 68384K->1376K(69120K)] 386484K->319476K(744448K), 0.0018634 secs] [Times: user=0.01 sys=0.00, real=0.00 secs] 
2698.335: [GC (Allocation Failure) [PSYoungGen: 68448K->1501K(69120K)] 386548K->319601K(744448K), 0.0016324 secs] [Times: user=0.01 sys=0.00, real=0.00 secs] 
2698.732: [GC (Allocation Failure) [PSYoungGen: 68573K->1549K(69120K)] 386673K->319649K(744448K), 0.0017129 secs] [Times: user=0.01 sys=0.00, real=0.00 secs] 
2699.128: [GC (Allocation Failure) [PSYoungGen: 68621K->1568K(69120K)] 386721K->319668K(744448K), 0.0017168 secs] [Times: user=0.01 sys=0.00, real=0.00 secs] 
2699.522: [GC (Allocation Failure) [PSYoungGen: 68640K->1517K(69120K)] 386740K->319633K(744448K), 0.0016198 secs] [Times: user=0.00 sys=0.01, real=0.00 secs] 
2700.308: [GC (Allocation Failure) [PSYoungGen: 68589K->1408K(69120K)] 386705K->319524K(744448K), 0.0020623 secs] [Times: user=0.01 sys=0.00, real=0.00 secs] 
2700.587: [GC (Allocation Failure) [PSYoungGen: 68480K->1376K(69120K)] 386596K->319492K(744448K), 0.0018945 secs] [Times: user=0.00 sys=0.00, real=0.00 secs] 
2700.865: [GC (Allocation Failure) [PSYoungGen: 68448K->1344K(69120K)] 386564K->319460K(744448K), 0.0018886 secs] [Times: user=0.01 sys=0.00, real=0.00 secs] 
2701.144: [GC (Allocation Failure) [PSYoungGen: 68416K->1376K(69120K)] 386532K->319492K(744448K), 0.0019328 secs] [Times: user=0.01 sys=0.00, real=0.00 secs] 
2701.581: [GC (Allocation Failure) [PSYoungGen: 68448K->1565K(69120K)] 386564K->319681K(744448K), 0.0015215 secs] [Times: user=0.00 sys=0.00, real=0.00 secs] 
2701.979: [GC (Allocation Failure) [PSYoungGen: 68637K->1613K(69120K)] 386753K->319729K(744448K), 0.0015272 secs] [Times: user=0.00 sys=0.00, real=0.01 secs] 
2702.371: [GC (Allocation Failure) [PSYoungGen: 68685K->1581K(69120K)] 386801K->319697K(744448K), 0.0015742 secs] [Times: user=0.00 sys=0.00, real=0.00 secs] 
2702.848: [GC (Allocation Failure) [PSYoungGen: 68653K->1520K(69120K)] 386769K->319636K(744448K), 0.0016963 secs] [Times: user=0.01 sys=0.00, real=0.00 secs] 
2703.568: [GC (Allocation Failure) [PSYoungGen: 68592K->1408K(69120K)] 386708K->319524K(744448K), 0.0022672 secs] [Times: user=0.00 sys=0.00, real=0.01 secs] 
2704.155: [GC (Allocation Failure) [PSYoungGen: 68480K->1376K(69120K)] 386596K->319492K(744448K), 0.0030158 secs] [Times: user=0.01 sys=0.00, real=0.00 secs] 
2704.736: [GC (Allocation Failure) [PSYoungGen: 68448K->1408K(69120K)] 386564K->319524K(744448K), 0.0025998 secs] [Times: user=0.01 sys=0.00, real=0.00 secs] 
2705.341: [GC (Allocation Failure) [PSYoungGen: 68480K->1376K(69120K)] 386596K->319508K(744448K), 0.0023384 secs] [Times: user=0.01 sys=0.00, real=0.00 secs] 
2705.820: [GC (Allocation Failure) [PSYoungGen: 68448K->1568K(69120K)] 386580K->319700K(744448K), 0.0015621 secs] [Times: user=0.01 sys=0.00, real=0.01 secs] 
2706.214: [GC (Allocation Failure) [PSYoungGen: 68640K->1581K(69120K)] 386772K->319713K(744448K), 0.0015618 secs] [Times: user=0.00 sys=0.00, real=0.00 secs] 
2706.607: [GC (Allocation Failure) [PSYoungGen: 68653K->1549K(69120K)] 386785K->319681K(744448K), 0.0016358 secs] [Times: user=0.00 sys=0.00, real=0.00 secs] 
2707.076: [GC (Allocation Failure) [PSYoungGen: 68621K->1440K(69120K)] 386753K->319572K(744448K), 0.0019446 secs] [Times: user=0.00 sys=0.00, real=0.00 secs] 
2707.354: [GC (Allocation Failure) [PSYoungGen: 68512K->1376K(69120K)] 386644K->319508K(744448K), 0.0017771 secs] [Times: user=0.01 sys=0.00, real=0.00 secs] 
2707.651: [GC (Allocation Failure) [PSYoungGen: 68448K->1408K(69120K)] 386580K->319540K(744448K), 0.0017260 secs] [Times: user=0.01 sys=0.00, real=0.00 secs] 
2707.929: [GC (Allocation Failure) [PSYoungGen: 68480K->1344K(69120K)] 386612K->319476K(744448K), 0.0017679 secs] [Times: user=0.01 sys=0.00, real=0.01 secs] 
2708.262: [GC (Allocation Failure) [PSYoungGen: 68416K->1437K(69120K)] 386548K->319569K(744448K), 0.0016795 secs] [Times: user=0.00 sys=0.00, real=0.00 secs] 
2708.716: [GC (Allocation Failure) [PSYoungGen: 68509K->1568K(69120K)] 386641K->319700K(744448K), 0.0015698 secs] [Times: user=0.01 sys=0.00, real=0.00 secs] 
2709.115: [GC (Allocation Failure) [PSYoungGen: 68640K->1533K(69120K)] 386772K->319665K(744448K), 0.0016173 secs] [Times: user=0.01 sys=0.00, real=0.00 secs] 
2709.512: [GC (Allocation Failure) [PSYoungGen: 68605K->1568K(69120K)] 386737K->319716K(744448K), 0.0015999 secs] [Times: user=0.01 sys=0.00, real=0.00 secs] 
2710.080: [GC (Allocation Failure) [PSYoungGen: 68640K->1488K(69120K)] 386788K->319636K(744448K), 0.0041042 secs] [Times: user=0.01 sys=0.00, real=0.01 secs] 
2710.738: [GC (Allocation Failure) [PSYoungGen: 68560K->1376K(69120K)] 386708K->319524K(744448K), 0.0028909 secs] [Times: user=0.01 sys=0.00, real=0.01 secs] 
2711.407: [GC (Allocation Failure) [PSYoungGen: 68448K->1408K(69120K)] 386596K->319556K(744448K), 0.0025314 secs] [Times: user=0.01 sys=0.00, real=0.00 secs] 
2711.924: [GC (Allocation Failure) [PSYoungGen: 68480K->1408K(69120K)] 386628K->319556K(744448K), 0.0024831 secs] [Times: user=0.01 sys=0.00, real=0.00 secs] 
2712.526: [GC (Allocation Failure) [PSYoungGen: 68480K->1456K(69120K)] 386628K->319604K(744448K), 0.0015870 secs] [Times: user=0.01 sys=0.00, real=0.00 secs] 
2712.918: [GC (Allocation Failure) [PSYoungGen: 68528K->1600K(69120K)] 386676K->319748K(744448K), 0.0015435 secs] [Times: user=0.01 sys=0.00, real=0.00 secs] 
2713.311: [GC (Allocation Failure) [PSYoungGen: 68672K->1552K(69120K)] 386820K->319700K(744448K), 0.0015675 secs] [Times: user=0.00 sys=0.00, real=0.00 secs] 
2713.709: [GC (Allocation Failure) [PSYoungGen: 68624K->1520K(69120K)] 386772K->319684K(744448K), 0.0015896 secs] [Times: user=0.01 sys=0.00, real=0.01 secs] 
2714.066: [GC (Allocation Failure) [PSYoungGen: 68592K->1424K(69120K)] 386756K->319588K(744448K), 0.0018087 secs] [Times: user=0.00 sys=0.00, real=0.00 secs] 
2714.354: [GC (Allocation Failure) [PSYoungGen: 68496K->1392K(69120K)] 386660K->319556K(744448K), 0.0017872 secs] [Times: user=0.01 sys=0.00, real=0.00 secs] 
2714.633: [GC (Allocation Failure) [PSYoungGen: 68464K->1376K(69120K)] 386628K->319540K(744448K), 0.0017264 secs] [Times: user=0.00 sys=0.00, real=0.00 secs] 
2714.914: [GC (Allocation Failure) [PSYoungGen: 68448K->1408K(69120K)] 386612K->319588K(744448K), 0.0024871 secs] [Times: user=0.01 sys=0.00, real=0.00 secs] 
2715.298: [GC (Allocation Failure) [PSYoungGen: 68480K->1517K(69120K)] 386660K->319697K(744448K), 0.0016426 secs] [Times: user=0.00 sys=0.00, real=0.00 secs] 
2715.690: [GC (Allocation Failure) [PSYoungGen: 68589K->1584K(69120K)] 386769K->319764K(744448K), 0.0016303 secs] [Times: user=0.01 sys=0.00, real=0.01 secs] 
2716.083: [GC (Allocation Failure) [PSYoungGen: 68656K->1504K(69120K)] 386836K->319684K(744448K), 0.0015796 secs] [Times: user=0.00 sys=0.00, real=0.00 secs] 
2716.476: [GC (Allocation Failure) [PSYoungGen: 68576K->1565K(69120K)] 386756K->319761K(744448K), 0.0015529 secs] [Times: user=0.01 sys=0.00, real=0.00 secs] 
2717.177: [GC (Allocation Failure) [PSYoungGen: 68637K->1408K(69120K)] 386833K->319604K(744448K), 0.0020442 secs] [Times: user=0.01 sys=0.00, real=0.00 secs] 
2717.744: [GC (Allocation Failure) [PSYoungGen: 68480K->1408K(69120K)] 386676K->319604K(744448K), 0.0019076 secs] [Times: user=0.01 sys=0.00, real=0.00 secs] 
2718.023: [GC (Allocation Failure) [PSYoungGen: 68480K->1408K(69120K)] 386676K->319604K(744448K), 0.0019554 secs] [Times: user=0.01 sys=0.00, real=0.00 secs] 
2718.301: [GC (Allocation Failure) [PSYoungGen: 68480K->1440K(69120K)] 386676K->319636K(744448K), 0.0017378 secs] [Times: user=0.01 sys=0.01, real=0.00 secs] 
2718.680: [GC (Allocation Failure) [PSYoungGen: 68512K->1549K(69120K)] 386708K->319745K(744448K), 0.0015710 secs] [Times: user=0.00 sys=0.00, real=0.00 secs] 
2719.073: [GC (Allocation Failure) [PSYoungGen: 68621K->1568K(69120K)] 386817K->319764K(744448K), 0.0015939 secs] [Times: user=0.01 sys=0.00, real=0.00 secs] 
2719.466: [GC (Allocation Failure) [PSYoungGen: 68640K->1597K(69120K)] 386836K->319793K(744448K), 0.0015269 secs] [Times: user=0.00 sys=0.00, real=0.00 secs] 
2719.982: [GC (Allocation Failure) [PSYoungGen: 68669K->2032K(69120K)] 386865K->320228K(744448K), 0.0018814 secs] [Times: user=0.01 sys=0.00, real=0.00 secs] 
2720.793: [GC (Allocation Failure) [PSYoungGen: 69104K->1408K(69120K)] 387300K->319604K(744448K), 0.0021254 secs] [Times: user=0.00 sys=0.00, real=0.00 secs] 
2721.525: [GC (Allocation Failure) [PSYoungGen: 68480K->1408K(69120K)] 386676K->319604K(744448K), 0.0022318 secs] [Times: user=0.01 sys=0.00, real=0.00 secs] 
2722.025: [GC (Allocation Failure) [PSYoungGen: 68480K->1344K(69120K)] 386676K->319540K(744448K), 0.0044748 secs] [Times: user=0.02 sys=0.00, real=0.00 secs] 
2722.600: [GC (Allocation Failure) [PSYoungGen: 68416K->1376K(69120K)] 386612K->319572K(744448K), 0.0023173 secs] [Times: user=0.01 sys=0.00, real=0.01 secs] 
2723.079: [GC (Allocation Failure) [PSYoungGen: 68448K->1584K(69120K)] 386644K->319780K(744448K), 0.0015553 secs] [Times: user=0.01 sys=0.00, real=0.01 secs] 
2723.471: [GC (Allocation Failure) [PSYoungGen: 68656K->1552K(69120K)] 386852K->319748K(744448K), 0.0015954 secs] [Times: user=0.01 sys=0.00, real=0.00 secs] 
2723.866: [GC (Allocation Failure) [PSYoungGen: 68624K->1568K(69120K)] 386820K->319764K(744448K), 0.0015452 secs] [Times: user=0.00 sys=0.00, real=0.00 secs] 
2724.259: [GC (Allocation Failure) [PSYoungGen: 68640K->1456K(69120K)] 386836K->319652K(744448K), 0.0019594 secs] [Times: user=0.01 sys=0.00, real=0.01 secs] 
2724.581: [GC (Allocation Failure) [PSYoungGen: 68528K->1376K(69120K)] 386724K->319572K(744448K), 0.0017323 secs] [Times: user=0.00 sys=0.00, real=0.00 secs] 
2724.865: [GC (Allocation Failure) [PSYoungGen: 68448K->1408K(69120K)] 386644K->319604K(744448K), 0.0018188 secs] [Times: user=0.01 sys=0.00, real=0.00 secs] 
2725.144: [GC (Allocation Failure) [PSYoungGen: 68480K->1376K(69120K)] 386676K->319588K(744448K), 0.0018112 secs] [Times: user=0.01 sys=0.00, real=0.00 secs] 
2725.451: [GC (Allocation Failure) [PSYoungGen: 68448K->1421K(69120K)] 386660K->319633K(744448K), 0.0015807 secs] [Times: user=0.00 sys=0.00, real=0.00 secs] 
2725.843: [GC (Allocation Failure) [PSYoungGen: 68493K->1520K(69120K)] 386705K->319732K(744448K), 0.0016648 secs] [Times: user=0.01 sys=0.00, real=0.00 secs] 
2726.235: [GC (Allocation Failure) [PSYoungGen: 68592K->1597K(69120K)] 386804K->319809K(744448K), 0.0016553 secs] [Times: user=0.01 sys=0.00, real=0.00 secs] 
2726.628: [GC (Allocation Failure) [PSYoungGen: 68669K->1552K(69120K)] 386881K->319780K(744448K), 0.0015427 secs] [Times: user=0.00 sys=0.00, real=0.00 secs] 
2727.026: [GC (Allocation Failure) [PSYoungGen: 68624K->1472K(69120K)] 386852K->319700K(744448K), 0.0017849 secs] [Times: user=0.01 sys=0.00, real=0.00 secs] 
2727.348: [GC (Allocation Failure) [PSYoungGen: 68544K->1376K(69120K)] 386772K->319604K(744448K), 0.0017756 secs] [Times: user=0.01 sys=0.00, real=0.00 secs] 
2727.627: [GC (Allocation Failure) [PSYoungGen: 68448K->1408K(69120K)] 386676K->319636K(744448K), 0.0017032 secs] [Times: user=0.00 sys=0.00, real=0.00 secs] 
2727.911: [GC (Allocation Failure) [PSYoungGen: 68480K->1376K(69120K)] 386708K->319604K(744448K), 0.0020227 secs] [Times: user=0.00 sys=0.01, real=0.00 secs] 
2728.248: [GC (Allocation Failure) [PSYoungGen: 68448K->1421K(69120K)] 386676K->319649K(744448K), 0.0015426 secs] [Times: user=0.00 sys=0.00, real=0.00 secs] 
2728.642: [GC (Allocation Failure) [PSYoungGen: 68493K->1584K(69120K)] 386721K->319812K(744448K), 0.0015365 secs] [Times: user=0.00 sys=0.00, real=0.00 secs] 
2729.037: [GC (Allocation Failure) [PSYoungGen: 68656K->1597K(69120K)] 386884K->319825K(744448K), 0.0014995 secs] [Times: user=0.01 sys=0.00, real=0.00 secs] 
2729.493: [GC (Allocation Failure) [PSYoungGen: 68669K->1565K(69120K)] 386897K->319801K(744448K), 0.0015902 secs] [Times: user=0.01 sys=0.00, real=0.00 secs] 
2730.549: [GC (Allocation Failure) [PSYoungGen: 68637K->1456K(69120K)] 386873K->319692K(744448K), 0.0041039 secs] [Times: user=0.02 sys=0.00, real=0.01 secs] 
2731.423: [GC (Allocation Failure) [PSYoungGen: 68528K->1408K(69120K)] 386764K->319644K(744448K), 0.0032924 secs] [Times: user=0.01 sys=0.00, real=0.00 secs] 
2732.093: [GC (Allocation Failure) [PSYoungGen: 68480K->1376K(69120K)] 386716K->319612K(744448K), 0.0027514 secs] [Times: user=0.01 sys=0.00, real=0.00 secs] 
2732.795: [GC (Allocation Failure) [PSYoungGen: 68448K->1408K(69120K)] 386684K->319644K(744448K), 0.0030143 secs] [Times: user=0.01 sys=0.00, real=0.00 secs] 
2733.532: [GC (GCLocker Initiated GC) [PSYoungGen: 68480K->1501K(69120K)] 386716K->319737K(744448K), 0.0017542 secs] [Times: user=0.01 sys=0.00, real=0.00 secs] 
2733.929: [GC (Allocation Failure) [PSYoungGen: 68573K->1488K(69120K)] 387067K->319982K(744448K), 0.0015499 secs] [Times: user=0.01 sys=0.00, real=0.01 secs] 
2734.322: [GC (Allocation Failure) [PSYoungGen: 68560K->1568K(69120K)] 387054K->320062K(744448K), 0.0017071 secs] [Times: user=0.00 sys=0.00, real=0.00 secs] 
2734.715: [GC (Allocation Failure) [PSYoungGen: 68640K->1549K(69120K)] 387134K->320051K(744448K), 0.0017116 secs] [Times: user=0.01 sys=0.00, real=0.00 secs] 
2735.332: [GC (Allocation Failure) [PSYoungGen: 68621K->1504K(69120K)] 387123K->320006K(744448K), 0.0018494 secs] [Times: user=0.00 sys=0.00, real=0.00 secs] 
2735.889: [GC (Allocation Failure) [PSYoungGen: 68576K->1376K(69120K)] 387078K->319878K(744448K), 0.0017974 secs] [Times: user=0.00 sys=0.00, real=0.01 secs] 
2736.486: [GC (Allocation Failure) [PSYoungGen: 68448K->1408K(69120K)] 386950K->319910K(744448K), 0.0018943 secs] [Times: user=0.00 sys=0.00, real=0.00 secs] 
2736.985: [GC (Allocation Failure) [PSYoungGen: 68480K->1440K(69120K)] 386982K->319950K(744448K), 0.0019075 secs] [Times: user=0.01 sys=0.00, real=0.00 secs] 
2737.496: [GC (Allocation Failure) [PSYoungGen: 68512K->1565K(69120K)] 387022K->320075K(744448K), 0.0016260 secs] [Times: user=0.01 sys=0.00, real=0.00 secs] 
2737.887: [GC (Allocation Failure) [PSYoungGen: 68628K->1597K(69120K)] 387138K->320107K(744448K), 0.0016282 secs] [Times: user=0.01 sys=0.00, real=0.00 secs] 
2738.280: [GC (Allocation Failure) [PSYoungGen: 68669K->1565K(69120K)] 387179K->320075K(744448K), 0.0016021 secs] [Times: user=0.01 sys=0.00, real=0.00 secs] 
2738.675: [GC (Allocation Failure) [PSYoungGen: 68637K->1616K(69120K)] 387147K->320134K(744448K), 0.0016426 secs] [Times: user=0.01 sys=0.00, real=0.00 secs] 
2738.992: [GC (Allocation Failure) [PSYoungGen: 68688K->1488K(69120K)] 387206K->320006K(744448K), 0.0017153 secs] [Times: user=0.01 sys=0.00, real=0.00 secs] 
2739.270: [GC (Allocation Failure) [PSYoungGen: 68560K->1440K(69120K)] 387078K->319958K(744448K), 0.0016001 secs] [Times: user=0.00 sys=0.00, real=0.01 secs] 
2739.548: [GC (Allocation Failure) [PSYoungGen: 68512K->1376K(69120K)] 387030K->319894K(744448K), 0.0015756 secs] [Times: user=0.01 sys=0.00, real=0.00 secs] 
2739.827: [GC (Allocation Failure) [PSYoungGen: 68448K->1376K(69120K)] 386966K->319934K(744448K), 0.0016366 secs] [Times: user=0.01 sys=0.00, real=0.00 secs] 
2740.212: [GC (Allocation Failure) [PSYoungGen: 68448K->1504K(69120K)] 387006K->320070K(744448K), 0.0016382 secs] [Times: user=0.00 sys=0.00, real=0.00 secs] 
2740.604: [GC (Allocation Failure) [PSYoungGen: 68576K->1597K(69120K)] 387142K->320163K(744448K), 0.0015747 secs] [Times: user=0.00 sys=0.00, real=0.00 secs] 
2740.999: [GC (Allocation Failure) [PSYoungGen: 68669K->1600K(69120K)] 387235K->320166K(744448K), 0.0015499 secs] [Times: user=0.01 sys=0.00, real=0.00 secs] 
2741.410: [GC (Allocation Failure) [PSYoungGen: 68672K->1552K(69120K)] 387238K->320126K(744448K), 0.0018326 secs] [Times: user=0.01 sys=0.00, real=0.01 secs] 
2741.882: [GC (Allocation Failure) [PSYoungGen: 68624K->1408K(69120K)] 387198K->319982K(744448K), 0.0018377 secs] [Times: user=0.01 sys=0.00, real=0.00 secs] 
2742.439: [GC (Allocation Failure) [PSYoungGen: 68480K->1392K(69120K)] 387054K->319966K(744448K), 0.0019622 secs] [Times: user=0.01 sys=0.00, real=0.01 secs] 
2743.031: [GC (Allocation Failure) [PSYoungGen: 68464K->1376K(69120K)] 387038K->319950K(744448K), 0.0045754 secs] [Times: user=0.02 sys=0.01, real=0.00 secs] 
2743.715: [GC (Allocation Failure) [PSYoungGen: 68448K->1408K(69120K)] 387022K->319982K(744448K), 0.0030492 secs] [Times: user=0.01 sys=0.00, real=0.00 secs] 
2744.225: [GC (Allocation Failure) [PSYoungGen: 68480K->1600K(69120K)] 387054K->320174K(744448K), 0.0016637 secs] [Times: user=0.01 sys=0.00, real=0.00 secs] 
2744.617: [GC (Allocation Failure) [PSYoungGen: 68672K->1533K(69120K)] 387246K->320131K(744448K), 0.0015553 secs] [Times: user=0.00 sys=0.00, real=0.00 secs] 
2745.010: [GC (Allocation Failure) [PSYoungGen: 68605K->1597K(69120K)] 387203K->320195K(744448K), 0.0016799 secs] [Times: user=0.01 sys=0.00, real=0.01 secs] 
2745.412: [GC (Allocation Failure) [PSYoungGen: 68669K->1504K(69120K)] 387267K->320102K(744448K), 0.0020050 secs] [Times: user=0.01 sys=0.00, real=0.00 secs] 
2745.751: [GC (Allocation Failure) [PSYoungGen: 68576K->1344K(69120K)] 387174K->319942K(744448K), 0.0017531 secs] [Times: user=0.01 sys=0.00, real=0.00 secs] 
2746.084: [GC (Allocation Failure) [PSYoungGen: 68416K->1408K(69120K)] 387014K->320006K(744448K), 0.0023907 secs] [Times: user=0.01 sys=0.00, real=0.00 secs] 
2746.374: [GC (Allocation Failure) [PSYoungGen: 68480K->1408K(69120K)] 387078K->320006K(744448K), 0.0026554 secs] [Times: user=0.01 sys=0.00, real=0.00 secs] 
2746.725: [GC (Allocation Failure) [PSYoungGen: 68480K->1469K(69120K)] 387078K->320067K(744448K), 0.0022295 secs] [Times: user=0.01 sys=0.00, real=0.00 secs] 
2747.201: [GC (Allocation Failure) [PSYoungGen: 68541K->1520K(69120K)] 387139K->320118K(744448K), 0.0016145 secs] [Times: user=0.01 sys=0.00, real=0.00 secs] 
2747.594: [GC (Allocation Failure) [PSYoungGen: 68592K->1597K(69120K)] 387190K->320195K(744448K), 0.0016144 secs] [Times: user=0.01 sys=0.00, real=0.00 secs] 
2747.987: [GC (Allocation Failure) [PSYoungGen: 68669K->1568K(69120K)] 387267K->320182K(744448K), 0.0015679 secs] [Times: user=0.00 sys=0.00, real=0.00 secs] 
2748.564: [GC (Allocation Failure) [PSYoungGen: 68640K->1520K(69120K)] 387254K->320134K(744448K), 0.0039706 secs] [Times: user=0.01 sys=0.00, real=0.00 secs] 
2749.128: [GC (Allocation Failure) [PSYoungGen: 68592K->1408K(69120K)] 387206K->320022K(744448K), 0.0022821 secs] [Times: user=0.01 sys=0.00, real=0.00 secs] 
2749.445: [GC (Allocation Failure) [PSYoungGen: 68480K->1376K(69120K)] 387094K->319990K(744448K), 0.0019963 secs] [Times: user=0.01 sys=0.00, real=0.00 secs] 
2749.765: [GC (Allocation Failure) [PSYoungGen: 68448K->1376K(69120K)] 387062K->319990K(744448K), 0.0018252 secs] [Times: user=0.01 sys=0.00, real=0.00 secs] 
2750.138: [GC (Allocation Failure) [PSYoungGen: 68448K->1453K(69120K)] 387062K->320067K(744448K), 0.0015276 secs] [Times: user=0.01 sys=0.00, real=0.00 secs] 
2750.532: [GC (Allocation Failure) [PSYoungGen: 68525K->1565K(69120K)] 387139K->320179K(744448K), 0.0015537 secs] [Times: user=0.01 sys=0.00, real=0.00 secs] 
2750.924: [GC (Allocation Failure) [PSYoungGen: 68637K->1549K(69120K)] 387251K->320163K(744448K), 0.0015274 secs] [Times: user=0.00 sys=0.00, real=0.00 secs] 
2751.318: [GC (Allocation Failure) [PSYoungGen: 68621K->1597K(69120K)] 387235K->320227K(744448K), 0.0017753 secs] [Times: user=0.01 sys=0.00, real=0.00 secs] 
2752.010: [GC (Allocation Failure) [PSYoungGen: 68669K->1440K(69120K)] 387299K->320070K(744448K), 0.0022512 secs] [Times: user=0.01 sys=0.00, real=0.01 secs] 
2752.552: [GC (Allocation Failure) [PSYoungGen: 68512K->1408K(69120K)] 387142K->320038K(744448K), 0.0025432 secs] [Times: user=0.01 sys=0.00, real=0.00 secs] 
2752.834: [GC (Allocation Failure) [PSYoungGen: 68480K->1376K(69120K)] 387110K->320006K(744448K), 0.0025278 secs] [Times: user=0.01 sys=0.00, real=0.00 secs] 
2753.161: [GC (Allocation Failure) [PSYoungGen: 68448K->1376K(69120K)] 387078K->320006K(744448K), 0.0018686 secs] [Times: user=0.01 sys=0.00, real=0.00 secs] 
2753.532: [GC (Allocation Failure) [PSYoungGen: 68448K->1472K(69120K)] 387078K->320102K(744448K), 0.0014610 secs] [Times: user=0.00 sys=0.00, real=0.00 secs] 
2753.926: [GC (Allocation Failure) [PSYoungGen: 68544K->1536K(69120K)] 387174K->320166K(744448K), 0.0015701 secs] [Times: user=0.01 sys=0.00, real=0.00 secs] 
2754.323: [GC (Allocation Failure) [PSYoungGen: 68608K->1584K(69120K)] 387238K->320214K(744448K), 0.0015875 secs] [Times: user=0.01 sys=0.00, real=0.00 secs] 
2754.716: [GC (Allocation Failure) [PSYoungGen: 68656K->1565K(69120K)] 387286K->320219K(744448K), 0.0017057 secs] [Times: user=0.00 sys=0.00, real=0.00 secs] 
2755.109: [GC (Allocation Failure) [PSYoungGen: 68637K->1376K(69120K)] 387291K->320030K(744448K), 0.0016334 secs] [Times: user=0.00 sys=0.00, real=0.01 secs] 
2755.635: [GC (Allocation Failure) [PSYoungGen: 68448K->1376K(69120K)] 387102K->320030K(744448K), 0.0018050 secs] [Times: user=0.01 sys=0.00, real=0.00 secs] 
2756.194: [GC (Allocation Failure) [PSYoungGen: 68448K->1408K(69120K)] 387102K->320062K(744448K), 0.0019626 secs] [Times: user=0.01 sys=0.00, real=0.00 secs] 
2756.722: [GC (Allocation Failure) [PSYoungGen: 68480K->1376K(69120K)] 387134K->320030K(744448K), 0.0019738 secs] [Times: user=0.01 sys=0.00, real=0.00 secs] 
2757.246: [GC (Allocation Failure) [PSYoungGen: 68448K->1533K(69120K)] 387102K->320187K(744448K), 0.0016238 secs] [Times: user=0.01 sys=0.00, real=0.00 secs] 
2757.640: [GC (Allocation Failure) [PSYoungGen: 68605K->1552K(69120K)] 387259K->320206K(744448K), 0.0016280 secs] [Times: user=0.00 sys=0.00, real=0.01 secs] 
2758.031: [GC (Allocation Failure) [PSYoungGen: 68624K->1568K(69120K)] 387278K->320222K(744448K), 0.0017768 secs] [Times: user=0.01 sys=0.00, real=0.00 secs] 
2758.597: [GC (Allocation Failure) [PSYoungGen: 68640K->1776K(69120K)] 387294K->320430K(744448K), 0.0025119 secs] [Times: user=0.01 sys=0.00, real=0.00 secs] 
2759.519: [GC (Allocation Failure) [PSYoungGen: 68848K->1408K(69120K)] 387502K->320062K(744448K), 0.0039326 secs] [Times: user=0.01 sys=0.00, real=0.01 secs] 
2760.377: [GC (Allocation Failure) [PSYoungGen: 68480K->1408K(69120K)] 387134K->320062K(744448K), 0.0040307 secs] [Times: user=0.01 sys=0.01, real=0.01 secs] 
2761.025: [GC (Allocation Failure) [PSYoungGen: 68480K->1408K(69120K)] 387134K->320062K(744448K), 0.0026398 secs] [Times: user=0.01 sys=0.00, real=0.00 secs] 
2761.357: [GC (Allocation Failure) [PSYoungGen: 68480K->1392K(69120K)] 387134K->320046K(744448K), 0.0020460 secs] [Times: user=0.01 sys=0.00, real=0.00 secs] 
2761.825: [GC (Allocation Failure) [PSYoungGen: 68464K->1549K(69120K)] 387118K->320203K(744448K), 0.0015511 secs] [Times: user=0.00 sys=0.00, real=0.00 secs] 
2762.218: [GC (Allocation Failure) [PSYoungGen: 68621K->1549K(69120K)] 387275K->320203K(744448K), 0.0016366 secs] [Times: user=0.01 sys=0.00, real=0.00 secs] 
2762.612: [GC (Allocation Failure) [PSYoungGen: 68621K->1568K(69120K)] 387275K->320222K(744448K), 0.0015495 secs] [Times: user=0.01 sys=0.00, real=0.00 secs] 
2763.081: [GC (Allocation Failure) [PSYoungGen: 68640K->1440K(69120K)] 387294K->320094K(744448K), 0.0024437 secs] [Times: user=0.00 sys=0.00, real=0.00 secs] 
2763.430: [GC (Allocation Failure) [PSYoungGen: 68512K->1376K(69120K)] 387166K->320030K(744448K), 0.0016735 secs] [Times: user=0.01 sys=0.00, real=0.01 secs] 
2763.709: [GC (Allocation Failure) [PSYoungGen: 68448K->1376K(69120K)] 387102K->320030K(744448K), 0.0017388 secs] [Times: user=0.01 sys=0.00, real=0.01 secs] 
2763.987: [GC (Allocation Failure) [PSYoungGen: 68448K->1344K(69120K)] 387102K->319998K(744448K), 0.0017864 secs] [Times: user=0.01 sys=0.00, real=0.00 secs] 
2764.339: [GC (Allocation Failure) [PSYoungGen: 68416K->1469K(69120K)] 387070K->320123K(744448K), 0.0019129 secs] [Times: user=0.01 sys=0.00, real=0.01 secs] 
2764.738: [GC (Allocation Failure) [PSYoungGen: 68541K->1520K(69120K)] 387195K->320174K(744448K), 0.0015402 secs] [Times: user=0.00 sys=0.00, real=0.00 secs] 
2765.130: [GC (Allocation Failure) [PSYoungGen: 68592K->1597K(69120K)] 387246K->320251K(744448K), 0.0015623 secs] [Times: user=0.01 sys=0.00, real=0.00 secs] 
2765.524: [GC (Allocation Failure) [PSYoungGen: 68669K->1600K(69120K)] 387323K->320278K(744448K), 0.0016773 secs] [Times: user=0.00 sys=0.00, real=0.00 secs] 
2765.886: [GC (Allocation Failure) [PSYoungGen: 68672K->1472K(69120K)] 387350K->320150K(744448K), 0.0016937 secs] [Times: user=0.01 sys=0.00, real=0.00 secs] 
2766.244: [GC (Allocation Failure) [PSYoungGen: 68544K->1408K(69120K)] 387222K->320086K(744448K), 0.0017504 secs] [Times: user=0.00 sys=0.00, real=0.00 secs] 
2766.824: [GC (Allocation Failure) [PSYoungGen: 68480K->1392K(69120K)] 387158K->320070K(744448K), 0.0020656 secs] [Times: user=0.01 sys=0.00, real=0.00 secs] 
2767.466: [GC (Allocation Failure) [PSYoungGen: 68464K->1312K(69120K)] 387142K->319990K(744448K), 0.0036707 secs] [Times: user=0.02 sys=0.00, real=0.00 secs] 
2768.238: [GC (Allocation Failure) [PSYoungGen: 68355K->1501K(69120K)] 387033K->320179K(744448K), 0.0020086 secs] [Times: user=0.01 sys=0.00, real=0.00 secs] 
2768.644: [GC (Allocation Failure) [PSYoungGen: 68573K->1581K(69120K)] 387251K->320259K(744448K), 0.0015390 secs] [Times: user=0.01 sys=0.00, real=0.00 secs] 
2769.103: [GC (Allocation Failure) [PSYoungGen: 68653K->1597K(69120K)] 387331K->320275K(744448K), 0.0015112 secs] [Times: user=0.01 sys=0.00, real=0.00 secs] 
2769.496: [GC (Allocation Failure) [PSYoungGen: 68669K->1597K(69120K)] 387347K->320291K(744448K), 0.0017781 secs] [Times: user=0.00 sys=0.00, real=0.00 secs] 
2769.952: [GC (Allocation Failure) [PSYoungGen: 68669K->1424K(69120K)] 387363K->320118K(744448K), 0.0029729 secs] [Times: user=0.01 sys=0.00, real=0.00 secs] 
2770.293: [GC (Allocation Failure) [PSYoungGen: 68496K->1344K(69120K)] 387190K->320038K(744448K), 0.0020000 secs] [Times: user=0.00 sys=0.00, real=0.00 secs] 
2770.572: [GC (Allocation Failure) [PSYoungGen: 68416K->1376K(69120K)] 387110K->320070K(744448K), 0.0018994 secs] [Times: user=0.01 sys=0.00, real=0.00 secs] 
2770.851: [GC (Allocation Failure) [PSYoungGen: 68448K->1408K(69120K)] 387142K->320102K(744448K), 0.0018712 secs] [Times: user=0.01 sys=0.00, real=0.00 secs] 
2771.236: [GC (Allocation Failure) [PSYoungGen: 68480K->1549K(69120K)] 387174K->320243K(744448K), 0.0015532 secs] [Times: user=0.01 sys=0.00, real=0.00 secs] 
2771.630: [GC (Allocation Failure) [PSYoungGen: 68621K->1581K(69120K)] 387315K->320275K(744448K), 0.0017218 secs] [Times: user=0.00 sys=0.00, real=0.01 secs] 
2772.023: [GC (Allocation Failure) [PSYoungGen: 68653K->1581K(69120K)] 387347K->320275K(744448K), 0.0016573 secs] [Times: user=0.01 sys=0.00, real=0.00 secs] 
2772.415: [GC (Allocation Failure) [PSYoungGen: 68653K->1597K(69120K)] 387347K->320307K(744448K), 0.0016787 secs] [Times: user=0.00 sys=0.00, real=0.00 secs] 
2773.106: [GC (Allocation Failure) [PSYoungGen: 68669K->1504K(69120K)] 387379K->320214K(744448K), 0.0018748 secs] [Times: user=0.00 sys=0.00, real=0.00 secs] 
2773.460: [GC (Allocation Failure) [PSYoungGen: 68576K->1376K(69120K)] 387286K->320086K(744448K), 0.0022214 secs] [Times: user=0.01 sys=0.00, real=0.00 secs] 
2773.808: [GC (Allocation Failure) [PSYoungGen: 68448K->1344K(69120K)] 387158K->320054K(744448K), 0.0026155 secs] [Times: user=0.01 sys=0.00, real=0.01 secs] 
2774.087: [GC (Allocation Failure) [PSYoungGen: 68416K->1376K(69120K)] 387126K->320094K(744448K), 0.0019050 secs] [Times: user=0.01 sys=0.00, real=0.00 secs] 
2774.470: [GC (Allocation Failure) [PSYoungGen: 68448K->1469K(69120K)] 387166K->320187K(744448K), 0.0016566 secs] [Times: user=0.00 sys=0.00, real=0.01 secs] 
2774.862: [GC (Allocation Failure) [PSYoungGen: 68541K->1613K(69120K)] 387259K->320331K(744448K), 0.0015769 secs] [Times: user=0.01 sys=0.00, real=0.00 secs] 
2775.257: [GC (Allocation Failure) [PSYoungGen: 68685K->1568K(69120K)] 387403K->320286K(744448K), 0.0016894 secs] [Times: user=0.00 sys=0.00, real=0.00 secs] 
2775.651: [GC (Allocation Failure) [PSYoungGen: 68640K->464K(69120K)] 387358K->319190K(744448K), 0.0015400 secs] [Times: user=0.00 sys=0.00, real=0.00 secs] 
2776.551: [GC (Allocation Failure) [PSYoungGen: 67536K->1376K(69120K)] 386262K->320102K(744448K), 0.0036952 secs] [Times: user=0.01 sys=0.00, real=0.00 secs] 
2777.457: [GC (Allocation Failure) [PSYoungGen: 68448K->1376K(69120K)] 387174K->320110K(744448K), 0.0030156 secs] [Times: user=0.01 sys=0.00, real=0.01 secs] 
2777.845: [GC (Allocation Failure) [PSYoungGen: 68448K->1376K(69120K)] 387182K->320110K(744448K), 0.0019521 secs] [Times: user=0.01 sys=0.00, real=0.00 secs] 
2778.123: [GC (Allocation Failure) [PSYoungGen: 68448K->1344K(69120K)] 387182K->320078K(744448K), 0.0019330 secs] [Times: user=0.01 sys=0.00, real=0.00 secs] 
2778.531: [GC (Allocation Failure) [PSYoungGen: 68416K->1536K(69120K)] 387150K->320270K(744448K), 0.0016253 secs] [Times: user=0.01 sys=0.00, real=0.00 secs] 
2778.926: [GC (Allocation Failure) [PSYoungGen: 68608K->1565K(69120K)] 387342K->320299K(744448K), 0.0015630 secs] [Times: user=0.00 sys=0.00, real=0.00 secs] 
2779.322: [GC (Allocation Failure) [PSYoungGen: 68637K->1536K(69120K)] 387371K->320270K(744448K), 0.0016264 secs] [Times: user=0.01 sys=0.00, real=0.00 secs] 
2779.835: [GC (Allocation Failure) [PSYoungGen: 68608K->1472K(69120K)] 387342K->320206K(744448K), 0.0021289 secs] [Times: user=0.01 sys=0.00, real=0.00 secs] 
2780.561: [GC (Allocation Failure) [PSYoungGen: 68544K->1392K(69120K)] 387278K->320126K(744448K), 0.0033034 secs] [Times: user=0.01 sys=0.00, real=0.00 secs] 
2781.202: [GC (Allocation Failure) [PSYoungGen: 68464K->1408K(69120K)] 387198K->320142K(744448K), 0.0026929 secs] [Times: user=0.01 sys=0.00, real=0.00 secs] 
2781.595: [GC (Allocation Failure) [PSYoungGen: 68480K->1408K(69120K)] 387214K->320142K(744448K), 0.0019866 secs] [Times: user=0.01 sys=0.00, real=0.00 secs] 
2781.880: [GC (Allocation Failure) [PSYoungGen: 68480K->1376K(69120K)] 387214K->320110K(744448K), 0.0018814 secs] [Times: user=0.00 sys=0.00, real=0.01 secs] 
2782.357: [GC (Allocation Failure) [PSYoungGen: 68448K->1517K(69120K)] 387182K->320251K(744448K), 0.0016316 secs] [Times: user=0.01 sys=0.00, real=0.00 secs] 
2782.805: [GC (Allocation Failure) [PSYoungGen: 68589K->1552K(69120K)] 387323K->320286K(744448K), 0.0016175 secs] [Times: user=0.01 sys=0.00, real=0.00 secs] 
2783.259: [GC (Allocation Failure) [PSYoungGen: 68624K->1536K(69120K)] 387358K->320270K(744448K), 0.0015826 secs] [Times: user=0.01 sys=0.00, real=0.01 secs] 
2784.938: [GC (Allocation Failure) [PSYoungGen: 68608K->1456K(69120K)] 387342K->320190K(744448K), 0.0039573 secs] [Times: user=0.02 sys=0.00, real=0.01 secs] 
2785.700: [GC (Allocation Failure) [PSYoungGen: 68528K->1408K(69120K)] 387262K->320142K(744448K), 0.0029493 secs] [Times: user=0.01 sys=0.00, real=0.01 secs] 
2786.252: [GC (Allocation Failure) [PSYoungGen: 68480K->1408K(69120K)] 387214K->320142K(744448K), 0.0025014 secs] [Times: user=0.01 sys=0.00, real=0.00 secs] 
2786.807: [GC (Allocation Failure) [PSYoungGen: 68480K->1392K(69120K)] 387214K->320126K(744448K), 0.0024488 secs] [Times: user=0.01 sys=0.00, real=0.00 secs] 
2787.247: [GC (Allocation Failure) [PSYoungGen: 68464K->1421K(69120K)] 387198K->320179K(744448K), 0.0014323 secs] [Times: user=0.00 sys=0.00, real=0.00 secs] 
2787.637: [GC (Allocation Failure) [PSYoungGen: 68493K->1549K(69120K)] 387251K->320307K(744448K), 0.0015908 secs] [Times: user=0.01 sys=0.00, real=0.00 secs] 
2788.030: [GC (Allocation Failure) [PSYoungGen: 68621K->1536K(69120K)] 387379K->320294K(744448K), 0.0016699 secs] [Times: user=0.00 sys=0.00, real=0.01 secs] 
2788.422: [GC (Allocation Failure) [PSYoungGen: 68608K->1568K(69120K)] 387366K->320342K(744448K), 0.0016589 secs] [Times: user=0.01 sys=0.00, real=0.00 secs] 
2789.382: [GC (Allocation Failure) [PSYoungGen: 68640K->1424K(69120K)] 387414K->320198K(744448K), 0.0021679 secs] [Times: user=0.01 sys=0.00, real=0.00 secs] 
2790.226: [GC (Allocation Failure) [PSYoungGen: 68496K->1408K(69120K)] 387270K->320182K(744448K), 0.0025082 secs] [Times: user=0.01 sys=0.00, real=0.00 secs] 
2790.499: [GC (Allocation Failure) [PSYoungGen: 68480K->1408K(69120K)] 387254K->320182K(744448K), 0.0021599 secs] [Times: user=0.01 sys=0.00, real=0.01 secs] 
2790.814: [GC (Allocation Failure) [PSYoungGen: 68480K->1312K(69120K)] 387254K->320086K(744448K), 0.0020259 secs] [Times: user=0.01 sys=0.00, real=0.00 secs] 
2791.150: [GC (Allocation Failure) [PSYoungGen: 68384K->1472K(69120K)] 387158K->320246K(744448K), 0.0016074 secs] [Times: user=0.01 sys=0.00, real=0.01 secs] 
2791.543: [GC (Allocation Failure) [PSYoungGen: 68544K->1520K(69120K)] 387318K->320294K(744448K), 0.0016358 secs] [Times: user=0.01 sys=0.00, real=0.00 secs] 
2791.936: [GC (Allocation Failure) [PSYoungGen: 68592K->1600K(69120K)] 387366K->320374K(744448K), 0.0017051 secs] [Times: user=0.01 sys=0.00, real=0.00 secs] 
2792.331: [GC (Allocation Failure) [PSYoungGen: 68672K->1581K(69120K)] 387446K->320371K(744448K), 0.0016494 secs] [Times: user=0.01 sys=0.00, real=0.00 secs] 
2793.115: [GC (Allocation Failure) [PSYoungGen: 68653K->1440K(69120K)] 387443K->320230K(744448K), 0.0021338 secs] [Times: user=0.01 sys=0.00, real=0.00 secs] 
2793.925: [GC (Allocation Failure) [PSYoungGen: 68512K->1408K(69120K)] 387302K->320198K(744448K), 0.0021638 secs] [Times: user=0.01 sys=0.00, real=0.00 secs] 
2794.777: [GC (Allocation Failure) [PSYoungGen: 68480K->1408K(69120K)] 387270K->320198K(744448K), 0.0021458 secs] [Times: user=0.01 sys=0.00, real=0.00 secs] 
2795.433: [GC (Allocation Failure) [PSYoungGen: 68480K->1408K(69120K)] 387270K->320206K(744448K), 0.0021321 secs] [Times: user=0.00 sys=0.00, real=0.00 secs] 
2795.959: [GC (Allocation Failure) [PSYoungGen: 68480K->1485K(69120K)] 387278K->320283K(744448K), 0.0016062 secs] [Times: user=0.01 sys=0.00, real=0.01 secs] 
2796.350: [GC (Allocation Failure) [PSYoungGen: 68557K->1568K(69120K)] 387355K->320366K(744448K), 0.0016034 secs] [Times: user=0.00 sys=0.00, real=0.01 secs] 
2796.744: [GC (Allocation Failure) [PSYoungGen: 68640K->1581K(69120K)] 387438K->320403K(744448K), 0.0016753 secs] [Times: user=0.01 sys=0.00, real=0.00 secs] 
2797.138: [GC (Allocation Failure) [PSYoungGen: 68653K->1536K(69120K)] 387475K->320374K(744448K), 0.0015586 secs] [Times: user=0.00 sys=0.00, real=0.00 secs] 
2797.765: [GC (Allocation Failure) [PSYoungGen: 68608K->1376K(69120K)] 387446K->320214K(744448K), 0.0019285 secs] [Times: user=0.01 sys=0.00, real=0.00 secs] 
2798.267: [GC (Allocation Failure) [PSYoungGen: 68448K->1392K(69120K)] 387286K->320230K(744448K), 0.0019370 secs] [Times: user=0.00 sys=0.01, real=0.00 secs] 
2798.733: [GC (Allocation Failure) [PSYoungGen: 68464K->1408K(69120K)] 387302K->320246K(744448K), 0.0027008 secs] [Times: user=0.01 sys=0.00, real=0.00 secs] 
2799.006: [GC (Allocation Failure) [PSYoungGen: 68480K->1376K(69120K)] 387318K->320214K(744448K), 0.0019282 secs] [Times: user=0.01 sys=0.00, real=0.00 secs] 
2799.398: [GC (Allocation Failure) [PSYoungGen: 68448K->1552K(69120K)] 387286K->320390K(744448K), 0.0015950 secs] [Times: user=0.01 sys=0.00, real=0.00 secs] 
2799.794: [GC (Allocation Failure) [PSYoungGen: 68624K->1600K(69120K)] 387462K->320438K(744448K), 0.0016396 secs] [Times: user=0.00 sys=0.00, real=0.00 secs] 
2800.186: [GC (Allocation Failure) [PSYoungGen: 68672K->1613K(69120K)] 387510K->320451K(744448K), 0.0016987 secs] [Times: user=0.00 sys=0.00, real=0.00 secs] 
2800.619: [GC (Allocation Failure) [PSYoungGen: 68685K->1744K(69120K)] 387523K->320582K(744448K), 0.0018685 secs] [Times: user=0.01 sys=0.00, real=0.01 secs] 
2801.319: [GC (Allocation Failure) [PSYoungGen: 68816K->1408K(69120K)] 387654K->320246K(744448K), 0.0019324 secs] [Times: user=0.01 sys=0.01, real=0.01 secs] 
2802.203: [GC (Allocation Failure) [PSYoungGen: 68480K->1392K(69120K)] 387318K->320230K(744448K), 0.0019618 secs] [Times: user=0.01 sys=0.00, real=0.00 secs] 
2803.165: [GC (Allocation Failure) [PSYoungGen: 68464K->1376K(69120K)] 387302K->320214K(744448K), 0.0026090 secs] [Times: user=0.01 sys=0.00, real=0.00 secs] 
2804.047: [GC (Allocation Failure) [PSYoungGen: 68448K->1408K(69120K)] 387286K->320246K(744448K), 0.0043251 secs] [Times: user=0.02 sys=0.01, real=0.01 secs] 
2804.801: [GC (Allocation Failure) [PSYoungGen: 68480K->1597K(69120K)] 387318K->320435K(744448K), 0.0017732 secs] [Times: user=0.01 sys=0.00, real=0.00 secs] 
2805.258: [GC (Allocation Failure) [PSYoungGen: 68669K->1536K(69120K)] 387507K->320374K(744448K), 0.0016081 secs] [Times: user=0.01 sys=0.00, real=0.00 secs] 
2805.650: [GC (Allocation Failure) [PSYoungGen: 68608K->1584K(69120K)] 387446K->320422K(744448K), 0.0015818 secs] [Times: user=0.01 sys=0.00, real=0.00 secs] 
2806.032: [GC (Allocation Failure) [PSYoungGen: 68656K->1504K(69120K)] 387494K->320342K(744448K), 0.0020087 secs] [Times: user=0.00 sys=0.00, real=0.00 secs] 
2806.311: [GC (Allocation Failure) [PSYoungGen: 68576K->1376K(69120K)] 387414K->320222K(744448K), 0.0019738 secs] [Times: user=0.01 sys=0.00, real=0.00 secs] 
2806.590: [GC (Allocation Failure) [PSYoungGen: 68448K->1424K(69120K)] 387294K->320270K(744448K), 0.0019261 secs] [Times: user=0.01 sys=0.00, real=0.01 secs] 
2806.962: [GC (Allocation Failure) [PSYoungGen: 68496K->1360K(69120K)] 387342K->320206K(744448K), 0.0019459 secs] [Times: user=0.00 sys=0.00, real=0.00 secs] 
2807.490: [GC (Allocation Failure) [PSYoungGen: 68432K->1437K(69120K)] 387278K->320283K(744448K), 0.0019484 secs] [Times: user=0.01 sys=0.00, real=0.00 secs] 
2807.906: [GC (Allocation Failure) [PSYoungGen: 68509K->1536K(69120K)] 387355K->320382K(744448K), 0.0015519 secs] [Times: user=0.01 sys=0.00, real=0.00 secs] 
2808.301: [GC (Allocation Failure) [PSYoungGen: 68608K->1581K(69120K)] 387454K->320427K(744448K), 0.0015956 secs] [Times: user=0.00 sys=0.00, real=0.00 secs] 
2808.694: [GC (Allocation Failure) [PSYoungGen: 68653K->1597K(69120K)] 387499K->320459K(744448K), 0.0015815 secs] [Times: user=0.01 sys=0.00, real=0.00 secs] 
2809.460: [GC (Allocation Failure) [PSYoungGen: 68669K->1552K(69120K)] 387531K->320414K(744448K), 0.0029275 secs] [Times: user=0.01 sys=0.00, real=0.00 secs] 
2809.876: [GC (Allocation Failure) [PSYoungGen: 68624K->1376K(69120K)] 387486K->320238K(744448K), 0.0023432 secs] [Times: user=0.01 sys=0.00, real=0.00 secs] 
2810.152: [GC (Allocation Failure) [PSYoungGen: 68448K->1376K(69120K)] 387310K->320238K(744448K), 0.0020309 secs] [Times: user=0.00 sys=0.00, real=0.00 secs] 
2810.431: [GC (Allocation Failure) [PSYoungGen: 68448K->1376K(69120K)] 387310K->320238K(744448K), 0.0019346 secs] [Times: user=0.01 sys=0.00, real=0.00 secs] 
2810.796: [GC (Allocation Failure) [PSYoungGen: 68448K->1469K(69120K)] 387310K->320331K(744448K), 0.0019849 secs] [Times: user=0.01 sys=0.00, real=0.00 secs] 
2811.241: [GC (Allocation Failure) [PSYoungGen: 68541K->1581K(69120K)] 387403K->320443K(744448K), 0.0015405 secs] [Times: user=0.00 sys=0.00, real=0.00 secs] 
2811.635: [GC (Allocation Failure) [PSYoungGen: 68653K->1581K(69120K)] 387515K->320443K(744448K), 0.0016617 secs] [Times: user=0.01 sys=0.00, real=0.00 secs] 
2812.027: [GC (Allocation Failure) [PSYoungGen: 68653K->1488K(69120K)] 387515K->320366K(744448K), 0.0015573 secs] [Times: user=0.00 sys=0.00, real=0.00 secs] 
2813.253: [GC (Allocation Failure) [PSYoungGen: 68560K->1424K(69120K)] 387438K->320302K(744448K), 0.0035082 secs] [Times: user=0.01 sys=0.00, real=0.00 secs] 
2813.941: [GC (Allocation Failure) [PSYoungGen: 68496K->1440K(69120K)] 387374K->320318K(744448K), 0.0033124 secs] [Times: user=0.02 sys=0.00, real=0.00 secs] 
2814.461: [GC (Allocation Failure) [PSYoungGen: 68512K->1376K(69120K)] 387390K->320254K(744448K), 0.0021430 secs] [Times: user=0.01 sys=0.00, real=0.00 secs] 
2814.784: [GC (Allocation Failure) [PSYoungGen: 68448K->1392K(69120K)] 387326K->320270K(744448K), 0.0018015 secs] [Times: user=0.00 sys=0.00, real=0.00 secs] 
2815.182: [GC (Allocation Failure) [PSYoungGen: 68464K->1453K(69120K)] 387342K->320331K(744448K), 0.0015579 secs] [Times: user=0.00 sys=0.00, real=0.00 secs] 
2815.574: [GC (Allocation Failure) [PSYoungGen: 68525K->1600K(69120K)] 387403K->320502K(744448K), 0.0016466 secs] [Times: user=0.01 sys=0.00, real=0.00 secs] 
2815.967: [GC (Allocation Failure) [PSYoungGen: 68672K->1568K(69120K)] 387574K->320470K(744448K), 0.0016672 secs] [Times: user=0.01 sys=0.00, real=0.00 secs] 
2816.359: [GC (Allocation Failure) [PSYoungGen: 68640K->1536K(69120K)] 387542K->320454K(744448K), 0.0015552 secs] [Times: user=0.01 sys=0.00, real=0.01 secs] 
2817.525: [GC (Allocation Failure) [PSYoungGen: 68608K->1424K(69120K)] 387526K->320342K(744448K), 0.0025877 secs] [Times: user=0.01 sys=0.00, real=0.00 secs] 
2818.493: [GC (Allocation Failure) [PSYoungGen: 68496K->1408K(69120K)] 387414K->320326K(744448K), 0.0029802 secs] [Times: user=0.01 sys=0.00, real=0.00 secs] 
2819.225: [GC (Allocation Failure) [PSYoungGen: 68480K->1376K(69120K)] 387398K->320294K(744448K), 0.0031815 secs] [Times: user=0.01 sys=0.00, real=0.00 secs] 
2819.774: [GC (Allocation Failure) [PSYoungGen: 68448K->1408K(69120K)] 387366K->320326K(744448K), 0.0023164 secs] [Times: user=0.01 sys=0.00, real=0.00 secs] 
2820.293: [GC (Allocation Failure) [PSYoungGen: 68480K->1501K(69120K)] 387398K->320419K(744448K), 0.0016313 secs] [Times: user=0.00 sys=0.00, real=0.00 secs] 
2820.687: [GC (Allocation Failure) [PSYoungGen: 68573K->1613K(69120K)] 387491K->320531K(744448K), 0.0017433 secs] [Times: user=0.01 sys=0.00, real=0.00 secs] 
2821.079: [GC (Allocation Failure) [PSYoungGen: 68685K->1597K(69120K)] 387603K->320515K(744448K), 0.0016860 secs] [Times: user=0.01 sys=0.00, real=0.01 secs] 
2821.472: [GC (Allocation Failure) [PSYoungGen: 68669K->1581K(69120K)] 387587K->320515K(744448K), 0.0015739 secs] [Times: user=0.00 sys=0.00, real=0.00 secs] 
2822.143: [GC (Allocation Failure) [PSYoungGen: 68653K->1408K(69120K)] 387587K->320342K(744448K), 0.0021812 secs] [Times: user=0.01 sys=0.00, real=0.00 secs] 
2822.956: [GC (Allocation Failure) [PSYoungGen: 68480K->1408K(69120K)] 387414K->320342K(744448K), 0.0020921 secs] [Times: user=0.01 sys=0.00, real=0.00 secs] 
2823.640: [GC (Allocation Failure) [PSYoungGen: 68480K->1392K(69120K)] 387414K->320326K(744448K), 0.0021097 secs] [Times: user=0.01 sys=0.00, real=0.00 secs] 
2824.774: [GC (Allocation Failure) [PSYoungGen: 68464K->1408K(69120K)] 387398K->320342K(744448K), 0.0025684 secs] [Times: user=0.01 sys=0.00, real=0.00 secs] 
2825.347: [GC (Allocation Failure) [PSYoungGen: 68480K->1501K(69120K)] 387414K->320435K(744448K), 0.0015232 secs] [Times: user=0.01 sys=0.00, real=0.00 secs] 
2825.738: [GC (Allocation Failure) [PSYoungGen: 68551K->1533K(69120K)] 387485K->320467K(744448K), 0.0015637 secs] [Times: user=0.01 sys=0.00, real=0.00 secs] 
2826.132: [GC (Allocation Failure) [PSYoungGen: 68605K->1565K(69120K)] 387539K->320499K(744448K), 0.0015447 secs] [Times: user=0.01 sys=0.00, real=0.00 secs] 
2826.571: [GC (Allocation Failure) [PSYoungGen: 68637K->1520K(69120K)] 387571K->320454K(744448K), 0.0020031 secs] [Times: user=0.00 sys=0.00, real=0.00 secs] 
2826.929: [GC (Allocation Failure) [PSYoungGen: 68592K->1344K(69120K)] 387526K->320294K(744448K), 0.0017552 secs] [Times: user=0.01 sys=0.00, real=0.01 secs] 
2827.207: [GC (Allocation Failure) [PSYoungGen: 68416K->1376K(69120K)] 387366K->320326K(744448K), 0.0018877 secs] [Times: user=0.01 sys=0.00, real=0.00 secs] 
2827.517: [GC (Allocation Failure) [PSYoungGen: 68448K->1376K(69120K)] 387398K->320326K(744448K), 0.0018031 secs] [Times: user=0.00 sys=0.00, real=0.00 secs] 
2827.796: [GC (Allocation Failure) [PSYoungGen: 68448K->1408K(69120K)] 387398K->320358K(744448K), 0.0018780 secs] [Times: user=0.01 sys=0.00, real=0.00 secs] 
2828.241: [GC (Allocation Failure) [PSYoungGen: 68480K->1549K(69120K)] 387430K->320499K(744448K), 0.0016477 secs] [Times: user=0.00 sys=0.00, real=0.00 secs] 
2828.632: [GC (Allocation Failure) [PSYoungGen: 68621K->1600K(69120K)] 387571K->320550K(744448K), 0.0015583 secs] [Times: user=0.00 sys=0.00, real=0.00 secs] 
2829.025: [GC (Allocation Failure) [PSYoungGen: 68672K->1565K(69120K)] 387622K->320515K(744448K), 0.0016204 secs] [Times: user=0.01 sys=0.00, real=0.00 secs] 
2829.519: [GC (Allocation Failure) [PSYoungGen: 68637K->1488K(69120K)] 387587K->320438K(744448K), 0.0018141 secs] [Times: user=0.01 sys=0.00, real=0.01 secs] 
2830.102: [GC (Allocation Failure) [PSYoungGen: 68560K->1376K(69120K)] 387510K->320326K(744448K), 0.0037118 secs] [Times: user=0.01 sys=0.00, real=0.00 secs] 
2830.695: [GC (Allocation Failure) [PSYoungGen: 68448K->1408K(69120K)] 387398K->320358K(744448K), 0.0022619 secs] [Times: user=0.01 sys=0.00, real=0.00 secs] 
2831.268: [GC (Allocation Failure) [PSYoungGen: 68480K->1376K(69120K)] 387430K->320326K(744448K), 0.0022697 secs] [Times: user=0.00 sys=0.00, real=0.01 secs] 
2831.760: [GC (Allocation Failure) [PSYoungGen: 68448K->1469K(69120K)] 387398K->320419K(744448K), 0.0018677 secs] [Times: user=0.00 sys=0.00, real=0.00 secs] 
2832.158: [GC (Allocation Failure) [PSYoungGen: 68541K->1584K(69120K)] 387491K->320534K(744448K), 0.0015967 secs] [Times: user=0.00 sys=0.00, real=0.00 secs] 
2832.550: [GC (Allocation Failure) [PSYoungGen: 68656K->1549K(69120K)] 387606K->320499K(744448K), 0.0016657 secs] [Times: user=0.01 sys=0.00, real=0.00 secs] 
2832.943: [GC (Allocation Failure) [PSYoungGen: 68621K->1552K(69120K)] 387571K->320510K(744448K), 0.0016687 secs] [Times: user=0.01 sys=0.00, real=0.00 secs] 
2833.568: [GC (Allocation Failure) [PSYoungGen: 68624K->1456K(69120K)] 387582K->320414K(744448K), 0.0017382 secs] [Times: user=0.01 sys=0.00, real=0.00 secs] 
2834.308: [GC (Allocation Failure) [PSYoungGen: 68528K->1344K(69120K)] 387486K->320302K(744448K), 0.0041316 secs] [Times: user=0.02 sys=0.00, real=0.01 secs] 
2835.029: [GC (Allocation Failure) [PSYoungGen: 68416K->1408K(69120K)] 387374K->320366K(744448K), 0.0035025 secs] [Times: user=0.01 sys=0.00, real=0.01 secs] 
2835.667: [GC (Allocation Failure) [PSYoungGen: 68480K->1376K(69120K)] 387438K->320334K(744448K), 0.0025880 secs] [Times: user=0.01 sys=0.00, real=0.00 secs] 
2836.243: [GC (Allocation Failure) [PSYoungGen: 68448K->1501K(69120K)] 387406K->320467K(744448K), 0.0016146 secs] [Times: user=0.01 sys=0.00, real=0.00 secs] 
2836.634: [GC (Allocation Failure) [PSYoungGen: 68573K->1581K(69120K)] 387539K->320547K(744448K), 0.0015697 secs] [Times: user=0.00 sys=0.00, real=0.00 secs] 
2837.026: [GC (Allocation Failure) [PSYoungGen: 68653K->1536K(69120K)] 387619K->320502K(744448K), 0.0015815 secs] [Times: user=0.01 sys=0.00, real=0.00 secs] 
2837.419: [GC (Allocation Failure) [PSYoungGen: 68608K->1568K(69120K)] 387574K->320550K(744448K), 0.0016672 secs] [Times: user=0.01 sys=0.00, real=0.01 secs] 
2837.819: [GC (Allocation Failure) [PSYoungGen: 68640K->1456K(69120K)] 387622K->320438K(744448K), 0.0020014 secs] [Times: user=0.01 sys=0.00, real=0.01 secs] 
2838.107: [GC (Allocation Failure) [PSYoungGen: 68528K->1376K(69120K)] 387510K->320358K(744448K), 0.0017338 secs] [Times: user=0.01 sys=0.00, real=0.00 secs] 
2838.657: [GC (Allocation Failure) [PSYoungGen: 68448K->1408K(69120K)] 387430K->320390K(744448K), 0.0018027 secs] [Times: user=0.01 sys=0.00, real=0.00 secs] 
2839.218: [GC (Allocation Failure) [PSYoungGen: 68480K->1392K(69120K)] 387462K->320374K(744448K), 0.0021001 secs] [Times: user=0.01 sys=0.00, real=0.00 secs] 
2839.852: [GC (Allocation Failure) [PSYoungGen: 68464K->1501K(69120K)] 387446K->320483K(744448K), 0.0014868 secs] [Times: user=0.01 sys=0.00, real=0.00 secs] 
2840.305: [GC (Allocation Failure) [PSYoungGen: 68573K->1568K(69120K)] 387555K->320550K(744448K), 0.0015996 secs] [Times: user=0.01 sys=0.00, real=0.00 secs] 
2840.697: [GC (Allocation Failure) [PSYoungGen: 68640K->1565K(69120K)] 387622K->320547K(744448K), 0.0015725 secs] [Times: user=0.00 sys=0.00, real=0.00 secs] 
2841.089: [GC (Allocation Failure) [PSYoungGen: 68637K->1517K(69120K)] 387619K->320515K(744448K), 0.0016265 secs] [Times: user=0.00 sys=0.00, real=0.01 secs] 
2841.760: [GC (Allocation Failure) [PSYoungGen: 68589K->1440K(69120K)] 387587K->320438K(744448K), 0.0031516 secs] [Times: user=0.02 sys=0.00, real=0.00 secs] 
2842.302: [GC (Allocation Failure) [PSYoungGen: 68512K->1408K(69120K)] 387510K->320406K(744448K), 0.0023438 secs] [Times: user=0.01 sys=0.00, real=0.00 secs] 
2842.878: [GC (Allocation Failure) [PSYoungGen: 68480K->1408K(69120K)] 387478K->320406K(744448K), 0.0025974 secs] [Times: user=0.01 sys=0.00, real=0.01 secs] 
2843.394: [GC (Allocation Failure) [PSYoungGen: 68480K->1376K(69120K)] 387478K->320374K(744448K), 0.0025368 secs] [Times: user=0.01 sys=0.00, real=0.00 secs] 
2843.905: [GC (Allocation Failure) [PSYoungGen: 68448K->1520K(69120K)] 387446K->320518K(744448K), 0.0016167 secs] [Times: user=0.00 sys=0.00, real=0.00 secs] 
2844.297: [GC (Allocation Failure) [PSYoungGen: 68570K->1597K(69120K)] 387568K->320595K(744448K), 0.0015774 secs] [Times: user=0.01 sys=0.00, real=0.00 secs] 
2844.692: [GC (Allocation Failure) [PSYoungGen: 68669K->1613K(69120K)] 387667K->320611K(744448K), 0.0016441 secs] [Times: user=0.00 sys=0.00, real=0.00 secs] 
2845.221: [GC (Allocation Failure) [PSYoungGen: 68685K->1616K(69120K)] 387683K->320622K(744448K), 0.0018048 secs] [Times: user=0.00 sys=0.00, real=0.00 secs] 
2845.735: [GC (Allocation Failure) [PSYoungGen: 68688K->1440K(69120K)] 387694K->320446K(744448K), 0.0019566 secs] [Times: user=0.01 sys=0.00, real=0.00 secs] 
2846.056: [GC (Allocation Failure) [PSYoungGen: 68512K->1408K(69120K)] 387518K->320430K(744448K), 0.0019465 secs] [Times: user=0.01 sys=0.00, real=0.00 secs] 
2846.361: [GC (Allocation Failure) [PSYoungGen: 68480K->1440K(69120K)] 387502K->320462K(744448K), 0.0019144 secs] [Times: user=0.01 sys=0.00, real=0.00 secs] 
2846.652: [GC (Allocation Failure) [PSYoungGen: 68512K->1376K(69120K)] 387534K->320398K(744448K), 0.0018326 secs] [Times: user=0.01 sys=0.00, real=0.00 secs] 
2847.106: [GC (Allocation Failure) [PSYoungGen: 68448K->1533K(69120K)] 387470K->320555K(744448K), 0.0015834 secs] [Times: user=0.00 sys=0.00, real=0.00 secs] 
2847.500: [GC (Allocation Failure) [PSYoungGen: 68605K->1568K(69120K)] 387627K->320590K(744448K), 0.0017513 secs] [Times: user=0.01 sys=0.00, real=0.00 secs] 
2847.894: [GC (Allocation Failure) [PSYoungGen: 68640K->1600K(69120K)] 387662K->320622K(744448K), 0.0016885 secs] [Times: user=0.01 sys=0.00, real=0.00 secs] 
2848.319: [GC (Allocation Failure) [PSYoungGen: 68672K->1504K(69120K)] 387694K->320534K(744448K), 0.0015875 secs] [Times: user=0.00 sys=0.00, real=0.01 secs] 
2848.673: [GC (Allocation Failure) [PSYoungGen: 68576K->1408K(69120K)] 387606K->320438K(744448K), 0.0018256 secs] [Times: user=0.00 sys=0.00, real=0.00 secs] 
2849.004: [GC (Allocation Failure) [PSYoungGen: 68480K->1440K(69120K)] 387510K->320470K(744448K), 0.0017302 secs] [Times: user=0.01 sys=0.00, real=0.00 secs] 
2849.288: [GC (Allocation Failure) [PSYoungGen: 68512K->1408K(69120K)] 387542K->320438K(744448K), 0.0023799 secs] [Times: user=0.01 sys=0.00, real=0.01 secs] 
2849.623: [GC (Allocation Failure) [PSYoungGen: 68480K->1533K(69120K)] 387510K->320563K(744448K), 0.0017712 secs] [Times: user=0.01 sys=0.00, real=0.00 secs] 
2850.030: [GC (Allocation Failure) [PSYoungGen: 68605K->1600K(69120K)] 387635K->320630K(744448K), 0.0015045 secs] [Times: user=0.00 sys=0.00, real=0.00 secs] 
2850.423: [GC (Allocation Failure) [PSYoungGen: 68672K->1568K(69120K)] 387702K->320598K(744448K), 0.0015723 secs] [Times: user=0.00 sys=0.00, real=0.00 secs] 
2850.815: [GC (Allocation Failure) [PSYoungGen: 68640K->1613K(69120K)] 387670K->320667K(744448K), 0.0017459 secs] [Times: user=0.01 sys=0.00, real=0.00 secs] 
2851.326: [GC (Allocation Failure) [PSYoungGen: 68685K->1536K(69120K)] 387739K->320598K(744448K), 0.0016127 secs] [Times: user=0.01 sys=0.00, real=0.00 secs] 
2851.799: [GC (Allocation Failure) [PSYoungGen: 68608K->1376K(69120K)] 387670K->320438K(744448K), 0.0014508 secs] [Times: user=0.01 sys=0.00, real=0.01 secs] 
2852.120: [GC (Allocation Failure) [PSYoungGen: 68448K->1376K(69120K)] 387510K->320438K(744448K), 0.0017382 secs] [Times: user=0.01 sys=0.00, real=0.01 secs] 
2852.768: [GC (Allocation Failure) [PSYoungGen: 68448K->1440K(69120K)] 387510K->320502K(744448K), 0.0018508 secs] [Times: user=0.00 sys=0.00, real=0.00 secs] 
2853.301: [GC (Allocation Failure) [PSYoungGen: 68512K->1472K(69120K)] 387574K->320534K(744448K), 0.0016386 secs] [Times: user=0.01 sys=0.00, real=0.00 secs] 
2853.692: [GC (Allocation Failure) [PSYoungGen: 68544K->1629K(69120K)] 387606K->320691K(744448K), 0.0016694 secs] [Times: user=0.01 sys=0.00, real=0.00 secs] 
2854.092: [GC (Allocation Failure) [PSYoungGen: 68701K->1568K(69120K)] 387763K->320630K(744448K), 0.0015525 secs] [Times: user=0.01 sys=0.00, real=0.00 secs] 
2854.486: [GC (Allocation Failure) [PSYoungGen: 68640K->1565K(69120K)] 387702K->320667K(744448K), 0.0014981 secs] [Times: user=0.00 sys=0.00, real=0.00 secs] 
2855.209: [GC (Allocation Failure) [PSYoungGen: 68637K->1456K(69120K)] 387739K->320558K(744448K), 0.0039003 secs] [Times: user=0.02 sys=0.00, real=0.01 secs] 
2855.736: [GC (Allocation Failure) [PSYoungGen: 68528K->1376K(69120K)] 387630K->320478K(744448K), 0.0024586 secs] [Times: user=0.01 sys=0.00, real=0.00 secs] 
2856.055: [GC (Allocation Failure) [PSYoungGen: 68448K->1376K(69120K)] 387550K->320478K(744448K), 0.0017558 secs] [Times: user=0.01 sys=0.00, real=0.00 secs] 
2856.333: [GC (Allocation Failure) [PSYoungGen: 68448K->1344K(69120K)] 387550K->320446K(744448K), 0.0018610 secs] [Times: user=0.01 sys=0.00, real=0.00 secs] 
2856.685: [GC (Allocation Failure) [PSYoungGen: 68416K->1501K(69120K)] 387518K->320603K(744448K), 0.0015413 secs] [Times: user=0.01 sys=0.00, real=0.00 secs] 
2857.076: [GC (Allocation Failure) [PSYoungGen: 68573K->1536K(69120K)] 387675K->320638K(744448K), 0.0015627 secs] [Times: user=0.01 sys=0.00, real=0.00 secs] 
2857.468: [GC (Allocation Failure) [PSYoungGen: 68608K->1581K(69120K)] 387710K->320683K(744448K), 0.0015559 secs] [Times: user=0.00 sys=0.00, real=0.00 secs] 
2857.861: [GC (Allocation Failure) [PSYoungGen: 68653K->1565K(69120K)] 387755K->320683K(744448K), 0.0015418 secs] [Times: user=0.01 sys=0.00, real=0.00 secs] 
2858.282: [GC (Allocation Failure) [PSYoungGen: 68637K->1440K(69120K)] 387755K->320558K(744448K), 0.0020035 secs] [Times: user=0.01 sys=0.00, real=0.00 secs] 
2858.569: [GC (Allocation Failure) [PSYoungGen: 68512K->1376K(69120K)] 387630K->320494K(744448K), 0.0020210 secs] [Times: user=0.00 sys=0.00, real=0.01 secs] 
2858.903: [GC (Allocation Failure) [PSYoungGen: 68448K->1376K(69120K)] 387566K->320494K(744448K), 0.0019620 secs] [Times: user=0.01 sys=0.00, real=0.00 secs] 
2859.258: [GC (Allocation Failure) [PSYoungGen: 68448K->1376K(69120K)] 387566K->320494K(744448K), 0.0019049 secs] [Times: user=0.01 sys=0.00, real=0.00 secs] 
2859.665: [GC (Allocation Failure) [PSYoungGen: 68448K->1453K(69120K)] 387566K->320571K(744448K), 0.0016361 secs] [Times: user=0.01 sys=0.00, real=0.00 secs] 
2860.060: [GC (Allocation Failure) [PSYoungGen: 68525K->1581K(69120K)] 387643K->320699K(744448K), 0.0016608 secs] [Times: user=0.00 sys=0.00, real=0.00 secs] 
2860.456: [GC (Allocation Failure) [PSYoungGen: 68653K->1600K(69120K)] 387771K->320718K(744448K), 0.0016873 secs] [Times: user=0.00 sys=0.00, real=0.00 secs] 
2860.849: [GC (Allocation Failure) [PSYoungGen: 68672K->1549K(69120K)] 387790K->320683K(744448K), 0.0016329 secs] [Times: user=0.01 sys=0.00, real=0.01 secs] 
2861.476: [GC (Allocation Failure) [PSYoungGen: 68621K->1392K(69120K)] 387755K->320526K(744448K), 0.0019096 secs] [Times: user=0.01 sys=0.00, real=0.00 secs] 
2862.043: [GC (Allocation Failure) [PSYoungGen: 68464K->1408K(69120K)] 387598K->320542K(744448K), 0.0019391 secs] [Times: user=0.01 sys=0.00, real=0.00 secs] 
2862.581: [GC (Allocation Failure) [PSYoungGen: 68480K->1376K(69120K)] 387614K->320510K(744448K), 0.0031965 secs] [Times: user=0.01 sys=0.00, real=0.00 secs] 
2862.859: [GC (Allocation Failure) [PSYoungGen: 68448K->1376K(69120K)] 387582K->320510K(744448K), 0.0021718 secs] [Times: user=0.01 sys=0.01, real=0.01 secs] 
2863.402: [GC (Allocation Failure) [PSYoungGen: 68448K->1501K(69120K)] 387582K->320635K(744448K), 0.0016615 secs] [Times: user=0.01 sys=0.00, real=0.00 secs] 
2863.793: [GC (Allocation Failure) [PSYoungGen: 68541K->1613K(69120K)] 387675K->320747K(744448K), 0.0016205 secs] [Times: user=0.01 sys=0.00, real=0.00 secs] 
2864.186: [GC (Allocation Failure) [PSYoungGen: 68685K->1520K(69120K)] 387819K->320654K(744448K), 0.0016766 secs] [Times: user=0.01 sys=0.01, real=0.00 secs] 
2865.933: [GC (Allocation Failure) [PSYoungGen: 68592K->1504K(69120K)] 387726K->320654K(744448K), 0.0043089 secs] [Times: user=0.02 sys=0.00, real=0.00 secs] 
2867.704: [GC (Allocation Failure) [PSYoungGen: 68576K->1376K(69120K)] 387726K->320526K(744448K), 0.0023033 secs] [Times: user=0.01 sys=0.00, real=0.00 secs] 
2868.197: [GC (Allocation Failure) [PSYoungGen: 68448K->1408K(69120K)] 387598K->320558K(744448K), 0.0019820 secs] [Times: user=0.01 sys=0.00, real=0.00 secs] 
2868.756: [GC (Allocation Failure) [PSYoungGen: 68480K->1376K(69120K)] 387630K->320526K(744448K), 0.0019473 secs] [Times: user=0.01 sys=0.00, real=0.00 secs] 
2869.386: [GC (Allocation Failure) [PSYoungGen: 68448K->1408K(69120K)] 387598K->320558K(744448K), 0.0028784 secs] [Times: user=0.01 sys=0.00, real=0.00 secs] 
2870.016: [GC (Allocation Failure) [PSYoungGen: 68480K->1600K(69120K)] 387630K->320750K(744448K), 0.0015958 secs] [Times: user=0.01 sys=0.00, real=0.00 secs] 
2870.408: [GC (Allocation Failure) [PSYoungGen: 68672K->1597K(69120K)] 387822K->320747K(744448K), 0.0017953 secs] [Times: user=0.01 sys=0.00, real=0.00 secs] 
2870.801: [GC (Allocation Failure) [PSYoungGen: 68669K->1584K(69120K)] 387819K->320734K(744448K), 0.0015741 secs] [Times: user=0.00 sys=0.00, real=0.00 secs] 
2871.218: [GC (Allocation Failure) [PSYoungGen: 68656K->1504K(69120K)] 387806K->320654K(744448K), 0.0024095 secs] [Times: user=0.01 sys=0.00, real=0.00 secs] 
2871.534: [GC (Allocation Failure) [PSYoungGen: 68576K->1344K(69120K)] 387726K->320494K(744448K), 0.0020199 secs] [Times: user=0.01 sys=0.00, real=0.00 secs] 
2871.885: [GC (Allocation Failure) [PSYoungGen: 68416K->1376K(69120K)] 387566K->320526K(744448K), 0.0019761 secs] [Times: user=0.01 sys=0.00, real=0.00 secs] 
2872.213: [GC (Allocation Failure) [PSYoungGen: 68448K->1408K(69120K)] 387598K->320558K(744448K), 0.0019527 secs] [Times: user=0.00 sys=0.00, real=0.00 secs] 
2872.642: [GC (Allocation Failure) [PSYoungGen: 68480K->1469K(69120K)] 387630K->320619K(744448K), 0.0018567 secs] [Times: user=0.01 sys=0.00, real=0.00 secs] 
2873.039: [GC (Allocation Failure) [PSYoungGen: 68541K->1568K(69120K)] 387691K->320718K(744448K), 0.0015767 secs] [Times: user=0.01 sys=0.00, real=0.01 secs] 
2873.432: [GC (Allocation Failure) [PSYoungGen: 68640K->1597K(69120K)] 387790K->320747K(744448K), 0.0015731 secs] [Times: user=0.00 sys=0.00, real=0.00 secs] 
2873.824: [GC (Allocation Failure) [PSYoungGen: 68669K->1645K(69120K)] 387819K->320811K(744448K), 0.0015776 secs] [Times: user=0.01 sys=0.00, real=0.00 secs] 
2874.264: [GC (Allocation Failure) [PSYoungGen: 68717K->1504K(69120K)] 387883K->320670K(744448K), 0.0019981 secs] [Times: user=0.00 sys=0.00, real=0.00 secs] 
2874.553: [GC (Allocation Failure) [PSYoungGen: 68576K->1376K(69120K)] 387742K->320558K(744448K), 0.0019131 secs] [Times: user=0.01 sys=0.00, real=0.00 secs] 
2874.842: [GC (Allocation Failure) [PSYoungGen: 68448K->1344K(69120K)] 387630K->320526K(744448K), 0.0017622 secs] [Times: user=0.00 sys=0.00, real=0.00 secs] 
2875.229: [GC (Allocation Failure) [PSYoungGen: 68416K->1376K(69120K)] 387598K->320558K(744448K), 0.0017147 secs] [Times: user=0.01 sys=0.00, real=0.01 secs] 
2875.860: [GC (Allocation Failure) [PSYoungGen: 68448K->1453K(69120K)] 387630K->320635K(744448K), 0.0014063 secs] [Times: user=0.01 sys=0.00, real=0.01 secs] 
2876.258: [GC (Allocation Failure) [PSYoungGen: 68525K->1568K(69120K)] 387707K->320750K(744448K), 0.0015543 secs] [Times: user=0.01 sys=0.00, real=0.00 secs] 
2876.650: [GC (Allocation Failure) [PSYoungGen: 68640K->1581K(69120K)] 387822K->320763K(744448K), 0.0016606 secs] [Times: user=0.00 sys=0.00, real=0.01 secs] 
2877.043: [GC (Allocation Failure) [PSYoungGen: 68653K->1568K(69120K)] 387835K->320766K(744448K), 0.0016938 secs] [Times: user=0.00 sys=0.00, real=0.00 secs] 
2878.045: [GC (Allocation Failure) [PSYoungGen: 68640K->1472K(69120K)] 387838K->320670K(744448K), 0.0034627 secs] [Times: user=0.01 sys=0.00, real=0.00 secs] 
2878.364: [GC (Allocation Failure) [PSYoungGen: 68544K->1408K(69120K)] 387742K->320606K(744448K), 0.0022835 secs] [Times: user=0.01 sys=0.00, real=0.00 secs] 
2878.895: [GC (Allocation Failure) [PSYoungGen: 68480K->1376K(69120K)] 387678K->320574K(744448K), 0.0022740 secs] [Times: user=0.01 sys=0.00, real=0.00 secs] 
2879.399: [GC (Allocation Failure) [PSYoungGen: 68448K->1408K(69120K)] 387646K->320606K(744448K), 0.0022194 secs] [Times: user=0.01 sys=0.00, real=0.01 secs] 
2880.040: [GC (Allocation Failure) [PSYoungGen: 68480K->1501K(69120K)] 387678K->320699K(744448K), 0.0015886 secs] [Times: user=0.00 sys=0.00, real=0.01 secs] 
2880.434: [GC (Allocation Failure) [PSYoungGen: 68573K->1597K(69120K)] 387771K->320795K(744448K), 0.0017221 secs] [Times: user=0.01 sys=0.00, real=0.00 secs] 
2880.826: [GC (Allocation Failure) [PSYoungGen: 68669K->1549K(69120K)] 387867K->320747K(744448K), 0.0016066 secs] [Times: user=0.01 sys=0.00, real=0.00 secs] 
2881.219: [GC (Allocation Failure) [PSYoungGen: 68621K->1597K(69120K)] 387819K->320811K(744448K), 0.0015727 secs] [Times: user=0.01 sys=0.00, real=0.01 secs] 
2881.610: [GC (Allocation Failure) [PSYoungGen: 68669K->1472K(69120K)] 387883K->320686K(744448K), 0.0017587 secs] [Times: user=0.01 sys=0.00, real=0.01 secs] 
2881.889: [GC (Allocation Failure) [PSYoungGen: 68544K->1344K(69120K)] 387758K->320558K(744448K), 0.0016350 secs] [Times: user=0.00 sys=0.00, real=0.01 secs] 
2882.500: [GC (Allocation Failure) [PSYoungGen: 68416K->1392K(69120K)] 387630K->320606K(744448K), 0.0020932 secs] [Times: user=0.00 sys=0.00, real=0.01 secs] 
2883.217: [GC (Allocation Failure) [PSYoungGen: 68464K->1408K(69120K)] 387678K->320622K(744448K), 0.0025331 secs] [Times: user=0.01 sys=0.00, real=0.00 secs] 
2883.810: [GC (Allocation Failure) [PSYoungGen: 68480K->1501K(69120K)] 387694K->320715K(744448K), 0.0015149 secs] [Times: user=0.01 sys=0.00, real=0.01 secs] 
2884.256: [GC (Allocation Failure) [PSYoungGen: 68573K->1597K(69120K)] 387787K->320811K(744448K), 0.0015915 secs] [Times: user=0.00 sys=0.00, real=0.00 secs] 
2884.649: [GC (Allocation Failure) [PSYoungGen: 68669K->1549K(69120K)] 387883K->320763K(744448K), 0.0016384 secs] [Times: user=0.01 sys=0.00, real=0.01 secs] 
2885.058: [GC (Allocation Failure) [PSYoungGen: 68621K->1648K(69120K)] 387835K->320870K(744448K), 0.0016254 secs] [Times: user=0.01 sys=0.00, real=0.00 secs] 
2885.370: [GC (Allocation Failure) [PSYoungGen: 68720K->1408K(69120K)] 387942K->320646K(744448K), 0.0019875 secs] [Times: user=0.01 sys=0.00, real=0.00 secs] 
2885.699: [GC (Allocation Failure) [PSYoungGen: 68480K->1408K(69120K)] 387718K->320646K(744448K), 0.0019254 secs] [Times: user=0.00 sys=0.00, real=0.01 secs] 
2886.084: [GC (Allocation Failure) [PSYoungGen: 68480K->1360K(69120K)] 387718K->320598K(744448K), 0.0027134 secs] [Times: user=0.01 sys=0.00, real=0.00 secs] 
2886.521: [GC (Allocation Failure) [PSYoungGen: 68432K->1344K(69120K)] 387670K->320582K(744448K), 0.0034814 secs] [Times: user=0.01 sys=0.00, real=0.00 secs] 
2887.000: [GC (Allocation Failure) [PSYoungGen: 68416K->1536K(69120K)] 387654K->320774K(744448K), 0.0014844 secs] [Times: user=0.00 sys=0.00, real=0.00 secs] 
2887.396: [GC (Allocation Failure) [PSYoungGen: 68608K->1549K(69120K)] 387846K->320787K(744448K), 0.0015984 secs] [Times: user=0.00 sys=0.00, real=0.00 secs] 
2887.789: [GC (Allocation Failure) [PSYoungGen: 68621K->1581K(69120K)] 387859K->320819K(744448K), 0.0016776 secs] [Times: user=0.01 sys=0.00, real=0.01 secs] 
2888.204: [GC (Allocation Failure) [PSYoungGen: 68653K->1472K(69120K)] 387891K->320710K(744448K), 0.0019019 secs] [Times: user=0.01 sys=0.00, real=0.00 secs] 
2888.486: [GC (Allocation Failure) [PSYoungGen: 68544K->1408K(69120K)] 387782K->320646K(744448K), 0.0016416 secs] [Times: user=0.01 sys=0.00, real=0.00 secs] 
2888.795: [GC (Allocation Failure) [PSYoungGen: 68480K->1376K(69120K)] 387718K->320614K(744448K), 0.0016245 secs] [Times: user=0.01 sys=0.00, real=0.00 secs] 
2889.161: [GC (Allocation Failure) [PSYoungGen: 68448K->1408K(69120K)] 387686K->320646K(744448K), 0.0017584 secs] [Times: user=0.01 sys=0.00, real=0.00 secs] 
2889.712: [GC (Allocation Failure) [PSYoungGen: 68480K->1389K(69120K)] 387718K->320627K(744448K), 0.0091951 secs] [Times: user=0.05 sys=0.00, real=0.01 secs] 
2890.187: [GC (Allocation Failure) [PSYoungGen: 68461K->1568K(69120K)] 387699K->320806K(744448K), 0.0017485 secs] [Times: user=0.00 sys=0.00, real=0.00 secs] 
2890.579: [GC (Allocation Failure) [PSYoungGen: 68640K->1613K(69120K)] 387878K->320851K(744448K), 0.0015546 secs] [Times: user=0.01 sys=0.00, real=0.01 secs] 
2890.971: [GC (Allocation Failure) [PSYoungGen: 68685K->1504K(69120K)] 387923K->320758K(744448K), 0.0015400 secs] [Times: user=0.01 sys=0.00, real=0.00 secs] 
2891.891: [GC (Allocation Failure) [PSYoungGen: 68576K->1424K(69120K)] 387830K->320678K(744448K), 0.0029784 secs] [Times: user=0.01 sys=0.00, real=0.00 secs] 
2892.333: [GC (Allocation Failure) [PSYoungGen: 68496K->1408K(69120K)] 387750K->320662K(744448K), 0.0017989 secs] [Times: user=0.01 sys=0.00, real=0.00 secs] 
2892.611: [GC (Allocation Failure) [PSYoungGen: 68480K->1344K(69120K)] 387734K->320598K(744448K), 0.0017608 secs] [Times: user=0.01 sys=0.00, real=0.00 secs] 
2892.890: [GC (Allocation Failure) [PSYoungGen: 68416K->1376K(69120K)] 387670K->320630K(744448K), 0.0018701 secs] [Times: user=0.01 sys=0.00, real=0.01 secs] 
2893.257: [GC (Allocation Failure) [PSYoungGen: 68448K->1440K(69120K)] 387702K->320694K(744448K), 0.0015589 secs] [Times: user=0.01 sys=0.00, real=0.00 secs] 
2893.712: [GC (Allocation Failure) [PSYoungGen: 68512K->1600K(69120K)] 387766K->320854K(744448K), 0.0017787 secs] [Times: user=0.01 sys=0.00, real=0.00 secs] 
2894.109: [GC (Allocation Failure) [PSYoungGen: 68672K->1533K(69120K)] 387926K->320795K(744448K), 0.0016681 secs] [Times: user=0.00 sys=0.00, real=0.01 secs] 
2894.560: [GC (Allocation Failure) [PSYoungGen: 68605K->1565K(69120K)] 387867K->320859K(744448K), 0.0015936 secs] [Times: user=0.00 sys=0.00, real=0.00 secs] 
2895.472: [GC (Allocation Failure) [PSYoungGen: 68637K->1488K(69120K)] 387931K->320782K(744448K), 0.0036768 secs] [Times: user=0.02 sys=0.00, real=0.00 secs] 
2896.540: [GC (Allocation Failure) [PSYoungGen: 68560K->1408K(69120K)] 387854K->320702K(744448K), 0.0039516 secs] [Times: user=0.01 sys=0.00, real=0.00 secs] 
2897.206: [GC (Allocation Failure) [PSYoungGen: 68480K->1408K(69120K)] 387774K->320702K(744448K), 0.0021886 secs] [Times: user=0.01 sys=0.00, real=0.00 secs] 
2897.622: [GC (Allocation Failure) [PSYoungGen: 68480K->1344K(69120K)] 387774K->320638K(744448K), 0.0018726 secs] [Times: user=0.00 sys=0.01, real=0.00 secs] 
2898.001: [GC (Allocation Failure) [PSYoungGen: 68416K->1533K(69120K)] 387710K->320827K(744448K), 0.0015568 secs] [Times: user=0.00 sys=0.00, real=0.00 secs] 
2898.394: [GC (Allocation Failure) [PSYoungGen: 68605K->1597K(69120K)] 387899K->320899K(744448K), 0.0016972 secs] [Times: user=0.00 sys=0.00, real=0.00 secs] 
2898.786: [GC (Allocation Failure) [PSYoungGen: 68669K->1597K(69120K)] 387971K->320899K(744448K), 0.0016830 secs] [Times: user=0.01 sys=0.00, real=0.00 secs] 
2899.179: [GC (Allocation Failure) [PSYoungGen: 68669K->1517K(69120K)] 387971K->320835K(744448K), 0.0016248 secs] [Times: user=0.01 sys=0.00, real=0.01 secs] 
2900.568: [GC (Allocation Failure) [PSYoungGen: 68589K->1472K(69120K)] 387907K->320790K(744448K), 0.0034449 secs] [Times: user=0.01 sys=0.00, real=0.01 secs] 
2901.129: [GC (Allocation Failure) [PSYoungGen: 68544K->1408K(69120K)] 387862K->320726K(744448K), 0.0025793 secs] [Times: user=0.01 sys=0.00, real=0.01 secs] 
2901.744: [GC (Allocation Failure) [PSYoungGen: 68480K->1344K(69120K)] 387798K->320662K(744448K), 0.0026133 secs] [Times: user=0.02 sys=0.00, real=0.00 secs] 
2902.023: [GC (Allocation Failure) [PSYoungGen: 68416K->1408K(69120K)] 387734K->320726K(744448K), 0.0019159 secs] [Times: user=0.01 sys=0.00, real=0.00 secs] 
2902.396: [GC (Allocation Failure) [PSYoungGen: 68480K->1533K(69120K)] 387798K->320851K(744448K), 0.0016413 secs] [Times: user=0.01 sys=0.00, real=0.00 secs] 
2902.788: [GC (Allocation Failure) [PSYoungGen: 68605K->1549K(69120K)] 387923K->320867K(744448K), 0.0016306 secs] [Times: user=0.00 sys=0.00, real=0.00 secs] 
2903.181: [GC (Allocation Failure) [PSYoungGen: 68621K->1613K(69120K)] 387939K->320931K(744448K), 0.0018216 secs] [Times: user=0.01 sys=0.00, real=0.00 secs] 
2903.631: [GC (Allocation Failure) [PSYoungGen: 68685K->1565K(69120K)] 388003K->320899K(744448K), 0.0015893 secs] [Times: user=0.00 sys=0.00, real=0.00 secs] 
2905.004: [GC (Allocation Failure) [PSYoungGen: 68637K->1424K(69120K)] 387971K->320758K(744448K), 0.0032433 secs] [Times: user=0.01 sys=0.00, real=0.00 secs] 
2905.862: [GC (Allocation Failure) [PSYoungGen: 68496K->1408K(69120K)] 387830K->320742K(744448K), 0.0032181 secs] [Times: user=0.01 sys=0.00, real=0.00 secs] 
2906.259: [GC (Allocation Failure) [PSYoungGen: 68480K->1408K(69120K)] 387814K->320742K(744448K), 0.0020879 secs] [Times: user=0.01 sys=0.00, real=0.01 secs] 
2906.670: [GC (Allocation Failure) [PSYoungGen: 68480K->1344K(69120K)] 387814K->320678K(744448K), 0.0020760 secs] [Times: user=0.01 sys=0.00, real=0.01 secs] 
2907.062: [GC (Allocation Failure) [PSYoungGen: 68416K->1472K(69120K)] 387750K->320830K(744448K), 0.0015302 secs] [Times: user=0.01 sys=0.00, real=0.00 secs] 
2907.453: [GC (Allocation Failure) [PSYoungGen: 68544K->1517K(69120K)] 387902K->320875K(744448K), 0.0016767 secs] [Times: user=0.00 sys=0.00, real=0.00 secs] 
2907.845: [GC (Allocation Failure) [PSYoungGen: 68589K->1597K(69120K)] 387947K->320955K(744448K), 0.0015647 secs] [Times: user=0.01 sys=0.00, real=0.00 secs] 
2908.281: [GC (Allocation Failure) [PSYoungGen: 68669K->2016K(69120K)] 388027K->321374K(744448K), 0.0018351 secs] [Times: user=0.01 sys=0.00, real=0.00 secs] 
2909.009: [GC (Allocation Failure) [PSYoungGen: 69088K->1376K(69120K)] 388446K->320734K(744448K), 0.0034913 secs] [Times: user=0.01 sys=0.00, real=0.01 secs] 
2909.417: [GC (Allocation Failure) [PSYoungGen: 68448K->1376K(69120K)] 387806K->320734K(744448K), 0.0021973 secs] [Times: user=0.00 sys=0.00, real=0.00 secs] 
2909.701: [GC (Allocation Failure) [PSYoungGen: 68448K->1376K(69120K)] 387806K->320734K(744448K), 0.0020032 secs] [Times: user=0.01 sys=0.00, real=0.00 secs] 
2910.010: [GC (Allocation Failure) [PSYoungGen: 68448K->1376K(69120K)] 387806K->320742K(744448K), 0.0019849 secs] [Times: user=0.01 sys=0.00, real=0.00 secs] 
2910.490: [GC (Allocation Failure) [PSYoungGen: 68448K->1536K(69120K)] 387814K->320902K(744448K), 0.0016406 secs] [Times: user=0.01 sys=0.00, real=0.00 secs] 
2910.882: [GC (Allocation Failure) [PSYoungGen: 68608K->1597K(69120K)] 387974K->320963K(744448K), 0.0017496 secs] [Times: user=0.01 sys=0.00, real=0.00 secs] 
2911.275: [GC (Allocation Failure) [PSYoungGen: 68669K->1565K(69120K)] 388035K->320931K(744448K), 0.0015201 secs] [Times: user=0.01 sys=0.00, real=0.00 secs] 
2911.988: [GC (Allocation Failure) [PSYoungGen: 68637K->1488K(69120K)] 388003K->320854K(744448K), 0.0020953 secs] [Times: user=0.00 sys=0.00, real=0.00 secs] 
2912.955: [GC (Allocation Failure) [PSYoungGen: 68560K->1408K(69120K)] 387926K->320774K(744448K), 0.0027821 secs] [Times: user=0.01 sys=0.00, real=0.00 secs] 
2913.908: [GC (Allocation Failure) [PSYoungGen: 68480K->1376K(69120K)] 387846K->320742K(744448K), 0.0024180 secs] [Times: user=0.00 sys=0.00, real=0.01 secs] 
2914.910: [GC (Allocation Failure) [PSYoungGen: 68448K->1408K(69120K)] 387814K->320774K(744448K), 0.0025772 secs] [Times: user=0.01 sys=0.00, real=0.01 secs] 
2915.589: [GC (Allocation Failure) [PSYoungGen: 68480K->1389K(69120K)] 387846K->320755K(744448K), 0.0020782 secs] [Times: user=0.01 sys=0.00, real=0.01 secs] 
2916.089: [GC (Allocation Failure) [PSYoungGen: 68461K->1581K(69120K)] 387827K->320947K(744448K), 0.0015903 secs] [Times: user=0.00 sys=0.00, real=0.01 secs] 
2916.482: [GC (Allocation Failure) [PSYoungGen: 68653K->1565K(69120K)] 388019K->320931K(744448K), 0.0015940 secs] [Times: user=0.00 sys=0.00, real=0.00 secs] 
2916.880: [GC (Allocation Failure) [PSYoungGen: 68637K->1565K(69120K)] 388003K->320955K(744448K), 0.0016750 secs] [Times: user=0.01 sys=0.00, real=0.01 secs] 
2917.254: [GC (Allocation Failure) [PSYoungGen: 68637K->1456K(69120K)] 388027K->320846K(744448K), 0.0021751 secs] [Times: user=0.01 sys=0.00, real=0.00 secs] 
2917.534: [GC (Allocation Failure) [PSYoungGen: 68528K->1344K(69120K)] 387918K->320734K(744448K), 0.0020722 secs] [Times: user=0.01 sys=0.00, real=0.00 secs] 
2917.910: [GC (Allocation Failure) [PSYoungGen: 68416K->1376K(69120K)] 387806K->320766K(744448K), 0.0021105 secs] [Times: user=0.01 sys=0.00, real=0.01 secs] 
2918.450: [GC (Allocation Failure) [PSYoungGen: 68448K->1360K(69120K)] 387838K->320750K(744448K), 0.0019221 secs] [Times: user=0.00 sys=0.00, real=0.00 secs] 
2919.091: [GC (Allocation Failure) [PSYoungGen: 68432K->1504K(69120K)] 387822K->320894K(744448K), 0.0020112 secs] [Times: user=0.01 sys=0.00, real=0.00 secs] 
2919.499: [GC (Allocation Failure) [PSYoungGen: 68576K->1600K(69120K)] 387966K->320990K(744448K), 0.0017962 secs] [Times: user=0.00 sys=0.00, real=0.01 secs] 
2919.891: [GC (Allocation Failure) [PSYoungGen: 68672K->1613K(69120K)] 388062K->321003K(744448K), 0.0017514 secs] [Times: user=0.01 sys=0.00, real=0.00 secs] 
2920.288: [GC (Allocation Failure) [PSYoungGen: 68685K->1597K(69120K)] 388075K->321003K(744448K), 0.0017286 secs] [Times: user=0.01 sys=0.00, real=0.00 secs] 
2920.970: [GC (Allocation Failure) [PSYoungGen: 68669K->1392K(69120K)] 388075K->320798K(744448K), 0.0034230 secs] [Times: user=0.01 sys=0.00, real=0.01 secs] 
2921.635: [GC (Allocation Failure) [PSYoungGen: 68464K->1376K(69120K)] 387870K->320782K(744448K), 0.0027903 secs] [Times: user=0.01 sys=0.00, real=0.00 secs] 
2922.299: [GC (Allocation Failure) [PSYoungGen: 68448K->1408K(69120K)] 387854K->320814K(744448K), 0.0033402 secs] [Times: user=0.01 sys=0.00, real=0.01 secs] 
2922.959: [GC (Allocation Failure) [PSYoungGen: 68480K->1408K(69120K)] 387886K->320814K(744448K), 0.0030877 secs] [Times: user=0.01 sys=0.00, real=0.01 secs] 
2923.631: [GC (Allocation Failure) [PSYoungGen: 68480K->1533K(69120K)] 387886K->320939K(744448K), 0.0014546 secs] [Times: user=0.01 sys=0.00, real=0.00 secs] 
2924.023: [GC (Allocation Failure) [PSYoungGen: 68605K->1549K(69120K)] 388011K->320955K(744448K), 0.0016287 secs] [Times: user=0.00 sys=0.00, real=0.00 secs] 
2924.415: [GC (Allocation Failure) [PSYoungGen: 68621K->1536K(69120K)] 388027K->320942K(744448K), 0.0016915 secs] [Times: user=0.00 sys=0.00, real=0.00 secs] 
2924.807: [GC (Allocation Failure) [PSYoungGen: 68608K->1565K(69120K)] 388014K->320987K(744448K), 0.0015958 secs] [Times: user=0.01 sys=0.00, real=0.00 secs] 
2925.358: [GC (Allocation Failure) [PSYoungGen: 68637K->1408K(69120K)] 388059K->320830K(744448K), 0.0017159 secs] [Times: user=0.00 sys=0.00, real=0.00 secs] 
2926.143: [GC (Allocation Failure) [PSYoungGen: 68480K->1408K(69120K)] 387902K->320830K(744448K), 0.0019670 secs] [Times: user=0.01 sys=0.00, real=0.00 secs] 
2927.122: [GC (Allocation Failure) [PSYoungGen: 68480K->1376K(69120K)] 387902K->320814K(744448K), 0.0021522 secs] [Times: user=0.01 sys=0.00, real=0.00 secs] 
2927.808: [GC (Allocation Failure) [PSYoungGen: 68448K->1376K(69120K)] 387886K->320814K(744448K), 0.0022742 secs] [Times: user=0.01 sys=0.00, real=0.00 secs] 
2928.421: [GC (Allocation Failure) [PSYoungGen: 68448K->1504K(69120K)] 387886K->320942K(744448K), 0.0015133 secs] [Times: user=0.01 sys=0.00, real=0.00 secs] 
2928.811: [GC (Allocation Failure) [PSYoungGen: 68576K->1584K(69120K)] 388014K->321022K(744448K), 0.0016211 secs] [Times: user=0.01 sys=0.00, real=0.00 secs] 
2929.207: [GC (Allocation Failure) [PSYoungGen: 68656K->1536K(69120K)] 388094K->320974K(744448K), 0.0015576 secs] [Times: user=0.01 sys=0.00, real=0.00 secs] 
2929.601: [GC (Allocation Failure) [PSYoungGen: 68468K->352K(69120K)] 387906K->319798K(744448K), 0.0015044 secs] [Times: user=0.01 sys=0.00, real=0.00 secs] 
2930.631: [GC (Allocation Failure) [PSYoungGen: 67424K->1408K(69120K)] 386870K->320854K(744448K), 0.0038210 secs] [Times: user=0.02 sys=0.00, real=0.00 secs] 
2931.213: [GC (Allocation Failure) [PSYoungGen: 68480K->1408K(69120K)] 387926K->320854K(744448K), 0.0032518 secs] [Times: user=0.01 sys=0.00, real=0.00 secs] 
2931.551: [GC (Allocation Failure) [PSYoungGen: 68480K->1344K(69120K)] 387926K->320790K(744448K), 0.0019397 secs] [Times: user=0.01 sys=0.00, real=0.00 secs] 
2931.847: [GC (Allocation Failure) [PSYoungGen: 68416K->1408K(69120K)] 387862K->320854K(744448K), 0.0019633 secs] [Times: user=0.00 sys=0.00, real=0.00 secs] 
2932.234: [GC (Allocation Failure) [PSYoungGen: 68480K->1581K(69120K)] 387926K->321027K(744448K), 0.0015786 secs] [Times: user=0.01 sys=0.00, real=0.00 secs] 
2932.629: [GC (Allocation Failure) [PSYoungGen: 68653K->1568K(69120K)] 388099K->321014K(744448K), 0.0017119 secs] [Times: user=0.00 sys=0.00, real=0.01 secs] 
2933.021: [GC (Allocation Failure) [PSYoungGen: 68640K->1536K(69120K)] 388086K->320982K(744448K), 0.0016907 secs] [Times: user=0.01 sys=0.00, real=0.00 secs] 
2933.497: [GC (Allocation Failure) [PSYoungGen: 68608K->1504K(69120K)] 388054K->320950K(744448K), 0.0020024 secs] [Times: user=0.01 sys=0.00, real=0.00 secs] 
2934.261: [GC (Allocation Failure) [PSYoungGen: 68576K->1408K(69120K)] 388022K->320854K(744448K), 0.0039000 secs] [Times: user=0.02 sys=0.00, real=0.00 secs] 
2934.846: [GC (Allocation Failure) [PSYoungGen: 68480K->1408K(69120K)] 387926K->320854K(744448K), 0.0030377 secs] [Times: user=0.01 sys=0.00, real=0.00 secs] 
2935.415: [GC (Allocation Failure) [PSYoungGen: 68480K->1408K(69120K)] 387926K->320854K(744448K), 0.0030392 secs] [Times: user=0.01 sys=0.00, real=0.00 secs] 
2935.820: [GC (Allocation Failure) [PSYoungGen: 68480K->288K(69120K)] 387926K->319750K(744448K), 0.0022252 secs] [Times: user=0.01 sys=0.00, real=0.01 secs] 
2936.252: [GC (Allocation Failure) [PSYoungGen: 67360K->1549K(69120K)] 386822K->321011K(744448K), 0.0015496 secs] [Times: user=0.01 sys=0.00, real=0.00 secs] 
2936.643: [GC (Allocation Failure) [PSYoungGen: 68621K->1565K(69120K)] 388083K->321027K(744448K), 0.0016819 secs] [Times: user=0.01 sys=0.00, real=0.00 secs] 
2937.035: [GC (Allocation Failure) [PSYoungGen: 68637K->1517K(69120K)] 388099K->320987K(744448K), 0.0016582 secs] [Times: user=0.01 sys=0.00, real=0.00 secs] 
2937.619: [GC (Allocation Failure) [PSYoungGen: 68589K->1456K(69120K)] 388059K->320926K(744448K), 0.0021468 secs] [Times: user=0.01 sys=0.00, real=0.01 secs] 
2938.278: [GC (Allocation Failure) [PSYoungGen: 68528K->1408K(69120K)] 387998K->320878K(744448K), 0.0034132 secs] [Times: user=0.02 sys=0.00, real=0.01 secs] 
2938.870: [GC (Allocation Failure) [PSYoungGen: 68480K->1408K(69120K)] 387950K->320878K(744448K), 0.0026138 secs] [Times: user=0.01 sys=0.00, real=0.01 secs] 
2939.574: [GC (Allocation Failure) [PSYoungGen: 68480K->1408K(69120K)] 387950K->320878K(744448K), 0.0025531 secs] [Times: user=0.01 sys=0.00, real=0.00 secs] 
2940.262: [GC (Allocation Failure) [PSYoungGen: 68480K->1437K(69120K)] 387950K->320907K(744448K), 0.0021570 secs] [Times: user=0.00 sys=0.00, real=0.00 secs] 
2940.775: [GC (Allocation Failure) [PSYoungGen: 68509K->1600K(69120K)] 387979K->321070K(744448K), 0.0015820 secs] [Times: user=0.00 sys=0.00, real=0.00 secs] 
2941.168: [GC (Allocation Failure) [PSYoungGen: 68672K->1565K(69120K)] 388142K->321035K(744448K), 0.0015732 secs] [Times: user=0.00 sys=0.00, real=0.00 secs] 
2941.620: [GC (Allocation Failure) [PSYoungGen: 68637K->1533K(69120K)] 388107K->321019K(744448K), 0.0015938 secs] [Times: user=0.01 sys=0.00, real=0.01 secs] 
2942.347: [GC (Allocation Failure) [PSYoungGen: 68605K->1456K(69120K)] 388091K->320942K(744448K), 0.0026375 secs] [Times: user=0.01 sys=0.00, real=0.00 secs] 
2943.299: [GC (Allocation Failure) [PSYoungGen: 68528K->1440K(69120K)] 388014K->320926K(744448K), 0.0037266 secs] [Times: user=0.02 sys=0.00, real=0.01 secs] 
2944.127: [GC (Allocation Failure) [PSYoungGen: 68512K->1408K(69120K)] 387998K->320894K(744448K), 0.0025558 secs] [Times: user=0.01 sys=0.00, real=0.00 secs] 
2944.790: [GC (Allocation Failure) [PSYoungGen: 68480K->1376K(69120K)] 387966K->320862K(744448K), 0.0021476 secs] [Times: user=0.01 sys=0.00, real=0.00 secs] 
2945.465: [GC (Allocation Failure) [PSYoungGen: 68448K->1485K(69120K)] 387934K->320971K(744448K), 0.0015749 secs] [Times: user=0.00 sys=0.00, real=0.00 secs] 
2945.858: [GC (Allocation Failure) [PSYoungGen: 68557K->1597K(69120K)] 388043K->321083K(744448K), 0.0016546 secs] [Times: user=0.01 sys=0.01, real=0.00 secs] 
2946.249: [GC (Allocation Failure) [PSYoungGen: 68662K->1584K(69120K)] 388148K->321070K(744448K), 0.0015712 secs] [Times: user=0.01 sys=0.00, real=0.01 secs] 
2946.641: [GC (Allocation Failure) [PSYoungGen: 68656K->1536K(69120K)] 388142K->321038K(744448K), 0.0015902 secs] [Times: user=0.01 sys=0.00, real=0.00 secs] 
2947.223: [GC (Allocation Failure) [PSYoungGen: 68608K->1440K(69120K)] 388110K->320950K(744448K), 0.0031894 secs] [Times: user=0.01 sys=0.00, real=0.00 secs] 
2947.798: [GC (Allocation Failure) [PSYoungGen: 68512K->1312K(69120K)] 388022K->320822K(744448K), 0.0028001 secs] [Times: user=0.01 sys=0.01, real=0.01 secs] 
2948.225: [GC (Allocation Failure) [PSYoungGen: 68384K->1408K(69120K)] 387894K->320918K(744448K), 0.0022840 secs] [Times: user=0.01 sys=0.00, real=0.00 secs] 
2948.527: [GC (Allocation Failure) [PSYoungGen: 68480K->1360K(69120K)] 387990K->320870K(744448K), 0.0019883 secs] [Times: user=0.00 sys=0.00, real=0.00 secs] 
2948.998: [GC (Allocation Failure) [PSYoungGen: 68432K->1485K(69120K)] 387942K->320995K(744448K), 0.0016015 secs] [Times: user=0.00 sys=0.00, real=0.00 secs] 
2949.390: [GC (Allocation Failure) [PSYoungGen: 68557K->1613K(69120K)] 388067K->321123K(744448K), 0.0016595 secs] [Times: user=0.00 sys=0.00, real=0.00 secs] 
2949.782: [GC (Allocation Failure) [PSYoungGen: 68685K->1597K(69120K)] 388195K->321107K(744448K), 0.0016778 secs] [Times: user=0.01 sys=0.00, real=0.00 secs] 
2950.177: [GC (Allocation Failure) [PSYoungGen: 68669K->1597K(69120K)] 388179K->321123K(744448K), 0.0015603 secs] [Times: user=0.00 sys=0.00, real=0.00 secs] 
2950.585: [GC (Allocation Failure) [PSYoungGen: 68669K->1408K(69120K)] 388195K->320934K(744448K), 0.0018730 secs] [Times: user=0.01 sys=0.00, real=0.00 secs] 
2950.954: [GC (Allocation Failure) [PSYoungGen: 68480K->1376K(69120K)] 388006K->320902K(744448K), 0.0020066 secs] [Times: user=0.00 sys=0.01, real=0.00 secs] 
2951.256: [GC (Allocation Failure) [PSYoungGen: 68448K->1344K(69120K)] 387974K->320870K(744448K), 0.0019842 secs] [Times: user=0.01 sys=0.00, real=0.00 secs] 
2951.543: [GC (Allocation Failure) [PSYoungGen: 68416K->1376K(69120K)] 387942K->320902K(744448K), 0.0016814 secs] [Times: user=0.01 sys=0.00, real=0.00 secs] 
2951.933: [GC (Allocation Failure) [PSYoungGen: 68448K->1533K(69120K)] 387974K->321059K(744448K), 0.0015050 secs] [Times: user=0.01 sys=0.00, real=0.00 secs] 
2952.324: [GC (Allocation Failure) [PSYoungGen: 68579K->1597K(69120K)] 388106K->321123K(744448K), 0.0015526 secs] [Times: user=0.01 sys=0.00, real=0.00 secs] 
2952.718: [GC (Allocation Failure) [PSYoungGen: 68669K->1581K(69120K)] 388195K->321107K(744448K), 0.0017122 secs] [Times: user=0.01 sys=0.00, real=0.00 secs] 
2953.125: [GC (Allocation Failure) [PSYoungGen: 68653K->1792K(69120K)] 388179K->321318K(744448K), 0.0018116 secs] [Times: user=0.01 sys=0.00, real=0.00 secs] 
2953.407: [GC (Allocation Failure) [PSYoungGen: 68864K->1408K(69120K)] 388390K->320934K(744448K), 0.0016902 secs] [Times: user=0.00 sys=0.00, real=0.00 secs] 
2953.685: [GC (Allocation Failure) [PSYoungGen: 68480K->1408K(69120K)] 388006K->320950K(744448K), 0.0016373 secs] [Times: user=0.01 sys=0.00, real=0.00 secs] 
2954.036: [GC (Allocation Failure) [PSYoungGen: 68480K->1376K(69120K)] 388022K->320918K(744448K), 0.0019002 secs] [Times: user=0.01 sys=0.00, real=0.00 secs] 
2954.529: [GC (Allocation Failure) [PSYoungGen: 68448K->1440K(69120K)] 387990K->320982K(744448K), 0.0018953 secs] [Times: user=0.01 sys=0.00, real=0.01 secs] 
2954.973: [GC (Allocation Failure) [PSYoungGen: 68512K->1565K(69120K)] 388054K->321107K(744448K), 0.0016393 secs] [Times: user=0.01 sys=0.00, real=0.00 secs] 
2955.368: [GC (Allocation Failure) [PSYoungGen: 68637K->1549K(69120K)] 388179K->321091K(744448K), 0.0015704 secs] [Times: user=0.01 sys=0.00, real=0.00 secs] 
2955.761: [GC (Allocation Failure) [PSYoungGen: 68621K->1600K(69120K)] 388163K->321142K(744448K), 0.0016935 secs] [Times: user=0.01 sys=0.00, real=0.00 secs] 
2956.270: [GC (Allocation Failure) [PSYoungGen: 68672K->1472K(69120K)] 388214K->321014K(744448K), 0.0021134 secs] [Times: user=0.00 sys=0.00, real=0.01 secs] 
2956.967: [GC (Allocation Failure) [PSYoungGen: 68544K->1376K(69120K)] 388086K->320918K(744448K), 0.0020154 secs] [Times: user=0.01 sys=0.00, real=0.00 secs] 
2957.555: [GC (Allocation Failure) [PSYoungGen: 68448K->1408K(69120K)] 387990K->320950K(744448K), 0.0019593 secs] [Times: user=0.01 sys=0.00, real=0.00 secs] 
2958.144: [GC (Allocation Failure) [PSYoungGen: 68480K->1408K(69120K)] 388022K->320950K(744448K), 0.0019399 secs] [Times: user=0.01 sys=0.00, real=0.00 secs] 
2958.781: [GC (Allocation Failure) [PSYoungGen: 68480K->1469K(69120K)] 388022K->321011K(744448K), 0.0019740 secs] [Times: user=0.00 sys=0.00, real=0.00 secs] 
2959.194: [GC (Allocation Failure) [PSYoungGen: 68541K->1581K(69120K)] 388083K->321123K(744448K), 0.0015146 secs] [Times: user=0.01 sys=0.00, real=0.00 secs] 
2959.590: [GC (Allocation Failure) [PSYoungGen: 68653K->1600K(69120K)] 388195K->321142K(744448K), 0.0016764 secs] [Times: user=0.01 sys=0.00, real=0.01 secs] 
2959.985: [GC (Allocation Failure) [PSYoungGen: 68672K->1600K(69120K)] 388214K->321158K(744448K), 0.0016842 secs] [Times: user=0.01 sys=0.00, real=0.00 secs] 
2960.404: [GC (Allocation Failure) [PSYoungGen: 68672K->1456K(69120K)] 388230K->321014K(744448K), 0.0017485 secs] [Times: user=0.01 sys=0.00, real=0.00 secs] 
2960.690: [GC (Allocation Failure) [PSYoungGen: 68528K->1344K(69120K)] 388086K->320902K(744448K), 0.0017668 secs] [Times: user=0.01 sys=0.00, real=0.01 secs] 
2961.005: [GC (Allocation Failure) [PSYoungGen: 68416K->1376K(69120K)] 387974K->320934K(744448K), 0.0017822 secs] [Times: user=0.01 sys=0.00, real=0.00 secs] 
2961.427: [GC (Allocation Failure) [PSYoungGen: 68448K->1408K(69120K)] 388006K->320966K(744448K), 0.0021114 secs] [Times: user=0.01 sys=0.00, real=0.00 secs] 
2961.969: [GC (Allocation Failure) [PSYoungGen: 68480K->1437K(69120K)] 388038K->320995K(744448K), 0.0015541 secs] [Times: user=0.01 sys=0.00, real=0.01 secs] 
2962.359: [GC (Allocation Failure) [PSYoungGen: 68509K->1552K(69120K)] 388067K->321110K(744448K), 0.0016845 secs] [Times: user=0.01 sys=0.00, real=0.01 secs] 
2962.751: [GC (Allocation Failure) [PSYoungGen: 68624K->1597K(69120K)] 388182K->321155K(744448K), 0.0016838 secs] [Times: user=0.01 sys=0.00, real=0.00 secs] 
2963.145: [GC (Allocation Failure) [PSYoungGen: 68669K->1581K(69120K)] 388227K->321155K(744448K), 0.0015629 secs] [Times: user=0.01 sys=0.00, real=0.00 secs] 
2963.802: [GC (Allocation Failure) [PSYoungGen: 68653K->1424K(69120K)] 388227K->320998K(744448K), 0.0019521 secs] [Times: user=0.00 sys=0.00, real=0.00 secs] 
2964.135: [GC (Allocation Failure) [PSYoungGen: 68496K->1408K(69120K)] 388070K->320982K(744448K), 0.0019652 secs] [Times: user=0.01 sys=0.00, real=0.00 secs] 
2964.420: [GC (Allocation Failure) [PSYoungGen: 68480K->1408K(69120K)] 388054K->320998K(744448K), 0.0021338 secs] [Times: user=0.01 sys=0.00, real=0.01 secs] 
2964.721: [GC (Allocation Failure) [PSYoungGen: 68480K->1376K(69120K)] 388070K->320966K(744448K), 0.0019246 secs] [Times: user=0.01 sys=0.00, real=0.00 secs] 
2965.135: [GC (Allocation Failure) [PSYoungGen: 68448K->1501K(69120K)] 388038K->321091K(744448K), 0.0014862 secs] [Times: user=0.01 sys=0.00, real=0.00 secs] 
2965.529: [GC (Allocation Failure) [PSYoungGen: 68573K->1549K(69120K)] 388163K->321139K(744448K), 0.0016232 secs] [Times: user=0.01 sys=0.00, real=0.01 secs] 
2965.922: [GC (Allocation Failure) [PSYoungGen: 68621K->1565K(69120K)] 388211K->321155K(744448K), 0.0015524 secs] [Times: user=0.01 sys=0.00, real=0.00 secs] 
2966.314: [GC (Allocation Failure) [PSYoungGen: 68637K->1568K(69120K)] 388227K->321174K(744448K), 0.0016880 secs] [Times: user=0.01 sys=0.00, real=0.00 secs] 
2966.905: [GC (Allocation Failure) [PSYoungGen: 68640K->1376K(69120K)] 388246K->320982K(744448K), 0.0020013 secs] [Times: user=0.01 sys=0.00, real=0.00 secs] 
2967.550: [GC (Allocation Failure) [PSYoungGen: 68448K->1376K(69120K)] 388054K->320982K(744448K), 0.0037669 secs] [Times: user=0.02 sys=0.00, real=0.01 secs] 
2967.884: [GC (Allocation Failure) [PSYoungGen: 68448K->1408K(69120K)] 388054K->321014K(744448K), 0.0020981 secs] [Times: user=0.01 sys=0.00, real=0.00 secs] 
2968.163: [GC (Allocation Failure) [PSYoungGen: 68480K->1392K(69120K)] 388086K->320998K(744448K), 0.0019238 secs] [Times: user=0.01 sys=0.00, real=0.00 secs] 
2968.541: [GC (Allocation Failure) [PSYoungGen: 68464K->1517K(69120K)] 388070K->321123K(744448K), 0.0016405 secs] [Times: user=0.01 sys=0.00, real=0.00 secs] 
2968.933: [GC (Allocation Failure) [PSYoungGen: 68583K->1568K(69120K)] 388190K->321174K(744448K), 0.0015577 secs] [Times: user=0.00 sys=0.00, real=0.00 secs] 
2969.326: [GC (Allocation Failure) [PSYoungGen: 68640K->1645K(69120K)] 388246K->321251K(744448K), 0.0015786 secs] [Times: user=0.01 sys=0.00, real=0.00 secs] 
2969.781: [GC (Allocation Failure) [PSYoungGen: 68717K->1552K(69120K)] 388323K->321174K(744448K), 0.0018615 secs] [Times: user=0.01 sys=0.00, real=0.00 secs] 
2970.331: [GC (Allocation Failure) [PSYoungGen: 68624K->1408K(69120K)] 388246K->321030K(744448K), 0.0023162 secs] [Times: user=0.01 sys=0.00, real=0.00 secs] 
2970.864: [GC (Allocation Failure) [PSYoungGen: 68480K->1376K(69120K)] 388102K->320998K(744448K), 0.0026329 secs] [Times: user=0.01 sys=0.00, real=0.00 secs] 
2971.143: [GC (Allocation Failure) [PSYoungGen: 68448K->1376K(69120K)] 388070K->320998K(744448K), 0.0019640 secs] [Times: user=0.01 sys=0.00, real=0.00 secs] 
2971.478: [GC (Allocation Failure) [PSYoungGen: 68448K->1344K(69120K)] 388070K->320966K(744448K), 0.0017080 secs] [Times: user=0.01 sys=0.00, real=0.00 secs] 
2971.922: [GC (Allocation Failure) [PSYoungGen: 68416K->1549K(69120K)] 388038K->321171K(744448K), 0.0015426 secs] [Times: user=0.01 sys=0.00, real=0.00 secs] 
2972.314: [GC (Allocation Failure) [PSYoungGen: 68621K->1568K(69120K)] 388243K->321190K(744448K), 0.0015459 secs] [Times: user=0.01 sys=0.00, real=0.00 secs] 
2972.706: [GC (Allocation Failure) [PSYoungGen: 68640K->1536K(69120K)] 388262K->321158K(744448K), 0.0016390 secs] [Times: user=0.00 sys=0.00, real=0.00 secs] 
2973.237: [GC (Allocation Failure) [PSYoungGen: 68608K->1536K(69120K)] 388230K->321166K(744448K), 0.0022110 secs] [Times: user=0.01 sys=0.00, real=0.00 secs] 
2973.998: [GC (Allocation Failure) [PSYoungGen: 68608K->1392K(69120K)] 388238K->321022K(744448K), 0.0019350 secs] [Times: user=0.00 sys=0.00, real=0.00 secs] 
2974.579: [GC (Allocation Failure) [PSYoungGen: 68464K->1344K(69120K)] 388094K->320974K(744448K), 0.0019806 secs] [Times: user=0.01 sys=0.01, real=0.01 secs] 
2975.014: [GC (Allocation Failure) [PSYoungGen: 68416K->1440K(69120K)] 388046K->321078K(744448K), 0.0022386 secs] [Times: user=0.00 sys=0.00, real=0.00 secs] 
2975.534: [GC (Allocation Failure) [PSYoungGen: 68512K->1328K(69120K)] 388150K->320966K(744448K), 0.0021092 secs] [Times: user=0.01 sys=0.00, real=0.00 secs] 
2975.970: [GC (Allocation Failure) [PSYoungGen: 68400K->1504K(69120K)] 388038K->321142K(744448K), 0.0016610 secs] [Times: user=0.01 sys=0.00, real=0.00 secs] 
2976.365: [GC (Allocation Failure) [PSYoungGen: 68576K->1549K(69120K)] 388214K->321187K(744448K), 0.0015897 secs] [Times: user=0.01 sys=0.00, real=0.00 secs] 
2976.757: [GC (Allocation Failure) [PSYoungGen: 68621K->1517K(69120K)] 388259K->321155K(744448K), 0.0016991 secs] [Times: user=0.01 sys=0.00, real=0.00 secs] 
2977.318: [GC (Allocation Failure) [PSYoungGen: 68589K->1472K(69120K)] 388227K->321110K(744448K), 0.0019478 secs] [Times: user=0.01 sys=0.00, real=0.01 secs] 
2978.164: [GC (Allocation Failure) [PSYoungGen: 68544K->1360K(69120K)] 388182K->320998K(744448K), 0.0030934 secs] [Times: user=0.01 sys=0.00, real=0.00 secs] 
2978.885: [GC (Allocation Failure) [PSYoungGen: 68432K->1408K(69120K)] 388070K->321046K(744448K), 0.0022906 secs] [Times: user=0.01 sys=0.00, real=0.00 secs] 
2979.688: [GC (Allocation Failure) [PSYoungGen: 68480K->1440K(69120K)] 388118K->321078K(744448K), 0.0019934 secs] [Times: user=0.01 sys=0.00, real=0.01 secs] 
2980.405: [GC (Allocation Failure) [PSYoungGen: 68512K->1501K(69120K)] 388150K->321139K(744448K), 0.0016979 secs] [Times: user=0.01 sys=0.00, real=0.00 secs] 
2980.799: [GC (Allocation Failure) [PSYoungGen: 68573K->1536K(69120K)] 388211K->321174K(744448K), 0.0015365 secs] [Times: user=0.01 sys=0.00, real=0.01 secs] 
2981.190: [GC (Allocation Failure) [PSYoungGen: 68608K->1552K(69120K)] 388246K->321190K(744448K), 0.0016434 secs] [Times: user=0.00 sys=0.00, real=0.01 secs] 
2981.586: [GC (Allocation Failure) [PSYoungGen: 68624K->1565K(69120K)] 388262K->321219K(744448K), 0.0015873 secs] [Times: user=0.00 sys=0.00, real=0.00 secs] 
2982.217: [GC (Allocation Failure) [PSYoungGen: 68637K->1488K(69120K)] 388291K->321142K(744448K), 0.0020905 secs] [Times: user=0.01 sys=0.00, real=0.00 secs] 
2982.717: [GC (Allocation Failure) [PSYoungGen: 68560K->1408K(69120K)] 388214K->321062K(744448K), 0.0022848 secs] [Times: user=0.01 sys=0.00, real=0.00 secs] 
2983.072: [GC (Allocation Failure) [PSYoungGen: 68480K->1408K(69120K)] 388134K->321062K(744448K), 0.0023391 secs] [Times: user=0.00 sys=0.00, real=0.00 secs] 
2983.374: [GC (Allocation Failure) [PSYoungGen: 68480K->1344K(69120K)] 388134K->320998K(744448K), 0.0018474 secs] [Times: user=0.01 sys=0.00, real=0.00 secs] 
2983.719: [GC (Allocation Failure) [PSYoungGen: 68416K->1485K(69120K)] 388070K->321139K(744448K), 0.0014810 secs] [Times: user=0.00 sys=0.01, real=0.01 secs] 
2984.111: [GC (Allocation Failure) [PSYoungGen: 68557K->1568K(69120K)] 388211K->321222K(744448K), 0.0016883 secs] [Times: user=0.01 sys=0.00, real=0.00 secs] 
2984.503: [GC (Allocation Failure) [PSYoungGen: 68640K->1565K(69120K)] 388294K->321219K(744448K), 0.0015441 secs] [Times: user=0.00 sys=0.00, real=0.00 secs] 
2984.895: [GC (Allocation Failure) [PSYoungGen: 68637K->1549K(69120K)] 388291K->321219K(744448K), 0.0016155 secs] [Times: user=0.01 sys=0.00, real=0.00 secs] 
2985.239: [GC (Allocation Failure) [PSYoungGen: 68621K->1472K(69120K)] 388291K->321166K(744448K), 0.0018626 secs] [Times: user=0.01 sys=0.00, real=0.01 secs] 
2985.517: [GC (Allocation Failure) [PSYoungGen: 68544K->1312K(69120K)] 388238K->321006K(744448K), 0.0022055 secs] [Times: user=0.00 sys=0.00, real=0.00 secs] 
2985.797: [GC (Allocation Failure) [PSYoungGen: 68384K->1376K(69120K)] 388078K->321070K(744448K), 0.0017984 secs] [Times: user=0.01 sys=0.00, real=0.00 secs] 
2986.075: [GC (Allocation Failure) [PSYoungGen: 68448K->1376K(69120K)] 388142K->321070K(744448K), 0.0016610 secs] [Times: user=0.01 sys=0.00, real=0.00 secs] 
2986.429: [GC (Allocation Failure) [PSYoungGen: 68448K->1472K(69120K)] 388142K->321166K(744448K), 0.0016201 secs] [Times: user=0.01 sys=0.00, real=0.01 secs] 
2986.820: [GC (Allocation Failure) [PSYoungGen: 68544K->1581K(69120K)] 388238K->321275K(744448K), 0.0017454 secs] [Times: user=0.01 sys=0.00, real=0.01 secs] 
2987.215: [GC (Allocation Failure) [PSYoungGen: 68653K->1552K(69120K)] 388347K->321246K(744448K), 0.0016986 secs] [Times: user=0.01 sys=0.00, real=0.00 secs] 
2987.608: [GC (Allocation Failure) [PSYoungGen: 68624K->1536K(69120K)] 388318K->321246K(744448K), 0.0016040 secs] [Times: user=0.01 sys=0.00, real=0.00 secs] 
2987.991: [GC (Allocation Failure) [PSYoungGen: 68608K->1408K(69120K)] 388318K->321118K(744448K), 0.0017796 secs] [Times: user=0.01 sys=0.00, real=0.00 secs] 
2988.270: [GC (Allocation Failure) [PSYoungGen: 68480K->1344K(69120K)] 388190K->321054K(744448K), 0.0017535 secs] [Times: user=0.01 sys=0.00, real=0.01 secs] 
2988.824: [GC (Allocation Failure) [PSYoungGen: 68416K->1376K(69120K)] 388126K->321086K(744448K), 0.0025261 secs] [Times: user=0.01 sys=0.00, real=0.00 secs] 
2989.423: [GC (Allocation Failure) [PSYoungGen: 68448K->1408K(69120K)] 388158K->321118K(744448K), 0.0026100 secs] [Times: user=0.01 sys=0.00, real=0.00 secs] 
2990.019: [GC (Allocation Failure) [PSYoungGen: 68480K->1488K(69120K)] 388190K->321198K(744448K), 0.0016243 secs] [Times: user=0.00 sys=0.00, real=0.01 secs] 
2990.410: [GC (Allocation Failure) [PSYoungGen: 68556K->1581K(69120K)] 388266K->321291K(744448K), 0.0016088 secs] [Times: user=0.00 sys=0.00, real=0.01 secs] 
2990.864: [GC (Allocation Failure) [PSYoungGen: 68653K->1568K(69120K)] 388363K->321278K(744448K), 0.0017856 secs] [Times: user=0.00 sys=0.00, real=0.00 secs] 
2991.272: [GC (Allocation Failure) [PSYoungGen: 68640K->1792K(69120K)] 388350K->321502K(744448K), 0.0016591 secs] [Times: user=0.01 sys=0.00, real=0.00 secs] 
2991.853: [GC (Allocation Failure) [PSYoungGen: 68864K->1376K(69120K)] 388574K->321086K(744448K), 0.0023901 secs] [Times: user=0.01 sys=0.00, real=0.00 secs] 
2992.131: [GC (Allocation Failure) [PSYoungGen: 68448K->1376K(69120K)] 388158K->321086K(744448K), 0.0023000 secs] [Times: user=0.01 sys=0.00, real=0.00 secs] 
2992.423: [GC (Allocation Failure) [PSYoungGen: 68448K->1408K(69120K)] 388158K->321118K(744448K), 0.0019716 secs] [Times: user=0.01 sys=0.00, real=0.00 secs] 
2992.823: [GC (Allocation Failure) [PSYoungGen: 68480K->1344K(69120K)] 388190K->321054K(744448K), 0.0020643 secs] [Times: user=0.00 sys=0.00, real=0.00 secs] 
2993.252: [GC (Allocation Failure) [PSYoungGen: 68416K->1517K(69120K)] 388126K->321227K(744448K), 0.0015091 secs] [Times: user=0.00 sys=0.00, real=0.00 secs] 
2993.704: [GC (Allocation Failure) [PSYoungGen: 68589K->1581K(69120K)] 388299K->321291K(744448K), 0.0017763 secs] [Times: user=0.01 sys=0.00, real=0.00 secs] 
2994.096: [GC (Allocation Failure) [PSYoungGen: 68653K->1600K(69120K)] 388363K->321310K(744448K), 0.0016950 secs] [Times: user=0.00 sys=0.00, real=0.00 secs] 
2994.743: [GC (Allocation Failure) [PSYoungGen: 68672K->1472K(69120K)] 388382K->321182K(744448K), 0.0042879 secs] [Times: user=0.02 sys=0.00, real=0.00 secs] 
2995.839: [GC (Allocation Failure) [PSYoungGen: 68544K->1376K(69120K)] 388254K->321102K(744448K), 0.0039983 secs] [Times: user=0.02 sys=0.00, real=0.01 secs] 
2996.383: [GC (Allocation Failure) [PSYoungGen: 68448K->1360K(69120K)] 388174K->321086K(744448K), 0.0025687 secs] [Times: user=0.01 sys=0.00, real=0.00 secs] 
2996.985: [GC (Allocation Failure) [PSYoungGen: 68432K->1408K(69120K)] 388158K->321134K(744448K), 0.0023495 secs] [Times: user=0.01 sys=0.00, real=0.00 secs] 
2997.825: [GC (Allocation Failure) [PSYoungGen: 68480K->1501K(69120K)] 388206K->321227K(744448K), 0.0021271 secs] [Times: user=0.01 sys=0.00, real=0.00 secs] 
2998.252: [GC (Allocation Failure) [PSYoungGen: 68573K->1597K(69120K)] 388299K->321323K(744448K), 0.0015057 secs] [Times: user=0.00 sys=0.00, real=0.00 secs] 
2998.643: [GC (Allocation Failure) [PSYoungGen: 68669K->1581K(69120K)] 388395K->321307K(744448K), 0.0015150 secs] [Times: user=0.01 sys=0.00, real=0.00 secs] 
2999.045: [GC (Allocation Failure) [PSYoungGen: 68653K->1517K(69120K)] 388379K->321259K(744448K), 0.0017682 secs] [Times: user=0.01 sys=0.00, real=0.00 secs] 
2999.420: [GC (Allocation Failure) [PSYoungGen: 68589K->1456K(69120K)] 388331K->321198K(744448K), 0.0017909 secs] [Times: user=0.01 sys=0.00, real=0.01 secs] 
2999.698: [GC (Allocation Failure) [PSYoungGen: 68528K->1376K(69120K)] 388270K->321118K(744448K), 0.0017856 secs] [Times: user=0.01 sys=0.01, real=0.01 secs] 
3000.011: [GC (Allocation Failure) [PSYoungGen: 68448K->1408K(69120K)] 388190K->321150K(744448K), 0.0015516 secs] [Times: user=0.01 sys=0.01, real=0.00 secs] 
3000.531: [GC (Allocation Failure) [PSYoungGen: 68480K->1376K(69120K)] 388222K->321118K(744448K), 0.0018669 secs] [Times: user=0.01 sys=0.00, real=0.00 secs] 
3001.149: [GC (Allocation Failure) [PSYoungGen: 68448K->1472K(69120K)] 388190K->321214K(744448K), 0.0015421 secs] [Times: user=0.01 sys=0.00, real=0.01 secs] 
3001.540: [GC (Allocation Failure) [PSYoungGen: 68544K->1600K(69120K)] 388286K->321342K(744448K), 0.0016845 secs] [Times: user=0.00 sys=0.00, real=0.01 secs] 
3001.935: [GC (Allocation Failure) [PSYoungGen: 68672K->1552K(69120K)] 388414K->321294K(744448K), 0.0017110 secs] [Times: user=0.01 sys=0.00, real=0.00 secs] 
3002.328: [GC (Allocation Failure) [PSYoungGen: 68624K->1565K(69120K)] 388366K->321323K(744448K), 0.0016543 secs] [Times: user=0.00 sys=0.00, real=0.00 secs] 
3002.671: [GC (Allocation Failure) [PSYoungGen: 68637K->1408K(69120K)] 388395K->321166K(744448K), 0.0018736 secs] [Times: user=0.01 sys=0.00, real=0.00 secs] 
3002.950: [GC (Allocation Failure) [PSYoungGen: 68480K->1376K(69120K)] 388238K->321134K(744448K), 0.0017519 secs] [Times: user=0.01 sys=0.00, real=0.01 secs] 
3003.228: [GC (Allocation Failure) [PSYoungGen: 68448K->1376K(69120K)] 388206K->321134K(744448K), 0.0017818 secs] [Times: user=0.01 sys=0.01, real=0.00 secs] 
3003.596: [GC (Allocation Failure) [PSYoungGen: 68448K->1408K(69120K)] 388206K->321166K(744448K), 0.0017668 secs] [Times: user=0.01 sys=0.00, real=0.00 secs] 
3004.173: [GC (Allocation Failure) [PSYoungGen: 68480K->1533K(69120K)] 388238K->321315K(744448K), 0.0015858 secs] [Times: user=0.01 sys=0.00, real=0.00 secs] 
3004.566: [GC (Allocation Failure) [PSYoungGen: 68605K->1584K(69120K)] 388387K->321366K(744448K), 0.0016212 secs] [Times: user=0.00 sys=0.00, real=0.00 secs] 
3004.959: [GC (Allocation Failure) [PSYoungGen: 68656K->1581K(69120K)] 388438K->321363K(744448K), 0.0016339 secs] [Times: user=0.01 sys=0.00, real=0.01 secs] 
3005.410: [GC (Allocation Failure) [PSYoungGen: 68653K->1536K(69120K)] 388435K->321334K(744448K), 0.0017645 secs] [Times: user=0.01 sys=0.00, real=0.01 secs] 
3005.745: [GC (Allocation Failure) [PSYoungGen: 68608K->1408K(69120K)] 388406K->321206K(744448K), 0.0021069 secs] [Times: user=0.01 sys=0.00, real=0.00 secs] 
3006.024: [GC (Allocation Failure) [PSYoungGen: 68480K->1344K(69120K)] 388278K->321142K(744448K), 0.0020017 secs] [Times: user=0.01 sys=0.00, real=0.00 secs] 
3006.303: [GC (Allocation Failure) [PSYoungGen: 68416K->1408K(69120K)] 388214K->321206K(744448K), 0.0018928 secs] [Times: user=0.01 sys=0.00, real=0.00 secs] 
3006.582: [GC (Allocation Failure) [PSYoungGen: 68480K->1312K(69120K)] 388278K->321110K(744448K), 0.0019919 secs] [Times: user=0.00 sys=0.00, real=0.00 secs] 
3006.957: [GC (Allocation Failure) [PSYoungGen: 68384K->1472K(69120K)] 388182K->321270K(744448K), 0.0016119 secs] [Times: user=0.00 sys=0.00, real=0.00 secs] 
3007.349: [GC (Allocation Failure) [PSYoungGen: 68544K->1568K(69120K)] 388342K->321366K(744448K), 0.0016746 secs] [Times: user=0.01 sys=0.00, real=0.01 secs] 
3007.804: [GC (Allocation Failure) [PSYoungGen: 68640K->1600K(69120K)] 388438K->321398K(744448K), 0.0018130 secs] [Times: user=0.01 sys=0.00, real=0.00 secs] 
3008.257: [GC (Allocation Failure) [PSYoungGen: 68672K->256K(69120K)] 388470K->320070K(744448K), 0.0016234 secs] [Times: user=0.00 sys=0.00, real=0.00 secs] 
3009.202: [GC (Allocation Failure) [PSYoungGen: 67328K->1408K(69120K)] 387142K->321222K(744448K), 0.0026805 secs] [Times: user=0.01 sys=0.00, real=0.00 secs] 
3009.536: [GC (Allocation Failure) [PSYoungGen: 68480K->1328K(69120K)] 388294K->321142K(744448K), 0.0021205 secs] [Times: user=0.01 sys=0.00, real=0.00 secs] 
3009.831: [GC (Allocation Failure) [PSYoungGen: 68400K->1437K(69120K)] 388214K->321251K(744448K), 0.0014625 secs] [Times: user=0.01 sys=0.00, real=0.00 secs] 
3010.103: [GC (Allocation Failure) [PSYoungGen: 68509K->1568K(69120K)] 388323K->321382K(744448K), 0.0015214 secs] [Times: user=0.01 sys=0.00, real=0.00 secs] 
3010.374: [GC (Allocation Failure) [PSYoungGen: 68640K->1581K(69120K)] 388454K->321395K(744448K), 0.0015838 secs] [Times: user=0.01 sys=0.00, real=0.00 secs] 
3010.649: [GC (Allocation Failure) [PSYoungGen: 68653K->1568K(69120K)] 388467K->321382K(744448K), 0.0017092 secs] [Times: user=0.00 sys=0.00, real=0.01 secs] 
3011.337: [GC (Allocation Failure) [PSYoungGen: 68640K->1472K(69120K)] 388454K->321286K(744448K), 0.0019010 secs] [Times: user=0.00 sys=0.00, real=0.00 secs] 
3012.458: [GC (Allocation Failure) [PSYoungGen: 68544K->1344K(69120K)] 388358K->321158K(744448K), 0.0027002 secs] [Times: user=0.01 sys=0.00, real=0.01 secs] 
3013.145: [GC (Allocation Failure) [PSYoungGen: 68416K->1328K(69120K)] 388230K->321142K(744448K), 0.0027580 secs] [Times: user=0.01 sys=0.00, real=0.00 secs] 
3013.569: [GC (Allocation Failure) [PSYoungGen: 68400K->1344K(69120K)] 388214K->321158K(744448K), 0.0019679 secs] [Times: user=0.00 sys=0.00, real=0.01 secs] 
3014.003: [GC (Allocation Failure) [PSYoungGen: 68415K->1469K(69120K)] 388229K->321283K(744448K), 0.0014737 secs] [Times: user=0.01 sys=0.00, real=0.00 secs] 
3014.394: [GC (Allocation Failure) [PSYoungGen: 68541K->1565K(69120K)] 388355K->321379K(744448K), 0.0016594 secs] [Times: user=0.01 sys=0.00, real=0.00 secs] 
3014.789: [GC (Allocation Failure) [PSYoungGen: 68637K->1600K(69120K)] 388451K->321414K(744448K), 0.0016922 secs] [Times: user=0.01 sys=0.00, real=0.01 secs] 
3015.183: [GC (Allocation Failure) [PSYoungGen: 68672K->1568K(69120K)] 388486K->321390K(744448K), 0.0016567 secs] [Times: user=0.01 sys=0.00, real=0.00 secs] 
3015.740: [GC (Allocation Failure) [PSYoungGen: 68640K->1440K(69120K)] 388462K->321278K(744448K), 0.0022210 secs] [Times: user=0.01 sys=0.00, real=0.01 secs] 
3016.318: [GC (Allocation Failure) [PSYoungGen: 68512K->1376K(69120K)] 388350K->321214K(744448K), 0.0022799 secs] [Times: user=0.01 sys=0.00, real=0.01 secs] 
3017.001: [GC (Allocation Failure) [PSYoungGen: 68448K->1408K(69120K)] 388286K->321246K(744448K), 0.0021959 secs] [Times: user=0.01 sys=0.00, real=0.00 secs] 
3017.587: [GC (Allocation Failure) [PSYoungGen: 68480K->1408K(69120K)] 388318K->321246K(744448K), 0.0025957 secs] [Times: user=0.01 sys=0.00, real=0.00 secs] 
3018.158: [GC (Allocation Failure) [PSYoungGen: 68480K->1533K(69120K)] 388318K->321379K(744448K), 0.0015936 secs] [Times: user=0.00 sys=0.00, real=0.00 secs] 
3018.551: [GC (Allocation Failure) [PSYoungGen: 68605K->1600K(69120K)] 388451K->321446K(744448K), 0.0015573 secs] [Times: user=0.01 sys=0.00, real=0.00 secs] 
3018.944: [GC (Allocation Failure) [PSYoungGen: 68672K->1584K(69120K)] 388518K->321438K(744448K), 0.0015634 secs] [Times: user=0.01 sys=0.00, real=0.00 secs] 
3019.343: [GC (Allocation Failure) [PSYoungGen: 68656K->1565K(69120K)] 388510K->321435K(744448K), 0.0015193 secs] [Times: user=0.01 sys=0.00, real=0.00 secs] 
3019.810: [GC (Allocation Failure) [PSYoungGen: 68637K->1408K(69120K)] 388507K->321278K(744448K), 0.0023930 secs] [Times: user=0.01 sys=0.00, real=0.01 secs] 
3020.089: [GC (Allocation Failure) [PSYoungGen: 68480K->1408K(69120K)] 388350K->321278K(744448K), 0.0020089 secs] [Times: user=0.01 sys=0.00, real=0.01 secs] 
3020.368: [GC (Allocation Failure) [PSYoungGen: 68480K->1408K(69120K)] 388350K->321278K(744448K), 0.0020194 secs] [Times: user=0.01 sys=0.00, real=0.00 secs] 
3020.648: [GC (Allocation Failure) [PSYoungGen: 68480K->1344K(69120K)] 388350K->321214K(744448K), 0.0020019 secs] [Times: user=0.01 sys=0.00, real=0.00 secs] 
3021.100: [GC (Allocation Failure) [PSYoungGen: 68416K->1565K(69120K)] 388286K->321435K(744448K), 0.0017582 secs] [Times: user=0.00 sys=0.00, real=0.01 secs] 
3021.562: [GC (Allocation Failure) [PSYoungGen: 68637K->1549K(69120K)] 388507K->321419K(744448K), 0.0016843 secs] [Times: user=0.01 sys=0.00, real=0.00 secs] 
3021.955: [GC (Allocation Failure) [PSYoungGen: 68621K->1597K(69120K)] 388491K->321467K(744448K), 0.0017890 secs] [Times: user=0.01 sys=0.00, real=0.00 secs] 
3022.656: [GC (Allocation Failure) [PSYoungGen: 68669K->2016K(69120K)] 388539K->321886K(744448K), 0.0029808 secs] [Times: user=0.01 sys=0.00, real=0.00 secs] 
3024.038: [GC (Allocation Failure) [PSYoungGen: 69088K->1376K(69120K)] 388958K->321246K(744448K), 0.0027102 secs] [Times: user=0.01 sys=0.00, real=0.01 secs] 
3024.973: [GC (Allocation Failure) [PSYoungGen: 68448K->1376K(69120K)] 388318K->321246K(744448K), 0.0032464 secs] [Times: user=0.01 sys=0.00, real=0.00 secs] 
3025.520: [GC (Allocation Failure) [PSYoungGen: 68448K->1408K(69120K)] 388318K->321278K(744448K), 0.0025969 secs] [Times: user=0.01 sys=0.00, real=0.01 secs] 
3025.843: [GC (Allocation Failure) [PSYoungGen: 68480K->1440K(69120K)] 388350K->321334K(744448K), 0.0023106 secs] [Times: user=0.00 sys=0.00, real=0.00 secs] 
3026.263: [GC (Allocation Failure) [PSYoungGen: 68512K->1517K(69120K)] 388406K->321411K(744448K), 0.0015446 secs] [Times: user=0.00 sys=0.00, real=0.00 secs] 
3026.657: [GC (Allocation Failure) [PSYoungGen: 68589K->1584K(69120K)] 388483K->321478K(744448K), 0.0016577 secs] [Times: user=0.01 sys=0.00, real=0.00 secs] 
3027.051: [GC (Allocation Failure) [PSYoungGen: 68656K->1549K(69120K)] 388550K->321443K(744448K), 0.0017442 secs] [Times: user=0.00 sys=0.01, real=0.00 secs] 
3027.648: [GC (Allocation Failure) [PSYoungGen: 68621K->1504K(69120K)] 388515K->321398K(744448K), 0.0020193 secs] [Times: user=0.01 sys=0.00, real=0.01 secs] 
3028.571: [GC (Allocation Failure) [PSYoungGen: 68576K->1376K(69120K)] 388470K->321270K(744448K), 0.0036211 secs] [Times: user=0.01 sys=0.00, real=0.00 secs] 
3029.793: [GC (Allocation Failure) [PSYoungGen: 68448K->1376K(69120K)] 388342K->321270K(744448K), 0.0038065 secs] [Times: user=0.02 sys=0.00, real=0.00 secs] 
3030.762: [GC (Allocation Failure) [PSYoungGen: 68448K->1360K(69120K)] 388342K->321254K(744448K), 0.0038447 secs] [Times: user=0.02 sys=0.00, real=0.00 secs] 
3031.476: [GC (Allocation Failure) [PSYoungGen: 68432K->1501K(69120K)] 388326K->321395K(744448K), 0.0021956 secs] [Times: user=0.01 sys=0.00, real=0.00 secs] 
3031.906: [GC (Allocation Failure) [PSYoungGen: 68573K->1600K(69120K)] 388467K->321494K(744448K), 0.0017033 secs] [Times: user=0.00 sys=0.00, real=0.00 secs] 
3032.298: [GC (Allocation Failure) [PSYoungGen: 68672K->1565K(69120K)] 388566K->321459K(744448K), 0.0015517 secs] [Times: user=0.00 sys=0.00, real=0.00 secs] 
3032.691: [GC (Allocation Failure) [PSYoungGen: 68637K->1584K(69120K)] 388531K->321494K(744448K), 0.0016090 secs] [Times: user=0.01 sys=0.00, real=0.00 secs] 
3033.243: [GC (Allocation Failure) [PSYoungGen: 68656K->1456K(69120K)] 388566K->321366K(744448K), 0.0019481 secs] [Times: user=0.01 sys=0.00, real=0.00 secs] 
3034.104: [GC (Allocation Failure) [PSYoungGen: 68528K->1408K(69120K)] 388438K->321318K(744448K), 0.0038127 secs] [Times: user=0.01 sys=0.00, real=0.00 secs] 
3034.932: [GC (Allocation Failure) [PSYoungGen: 68480K->1344K(69120K)] 388390K->321254K(744448K), 0.0036787 secs] [Times: user=0.01 sys=0.00, real=0.00 secs] 
3035.681: [GC (Allocation Failure) [PSYoungGen: 68416K->1408K(69120K)] 388326K->321318K(744448K), 0.0061636 secs] [Times: user=0.03 sys=0.00, real=0.00 secs] 
3036.277: [GC (Allocation Failure) [PSYoungGen: 68480K->1469K(69120K)] 388390K->321379K(744448K), 0.0016137 secs] [Times: user=0.01 sys=0.00, real=0.00 secs] 
3036.669: [GC (Allocation Failure) [PSYoungGen: 68541K->1597K(69120K)] 388451K->321507K(744448K), 0.0015043 secs] [Times: user=0.00 sys=0.00, real=0.01 secs] 
3037.062: [GC (Allocation Failure) [PSYoungGen: 68669K->1520K(69120K)] 388579K->321430K(744448K), 0.0017492 secs] [Times: user=0.01 sys=0.00, real=0.00 secs] 
3037.454: [GC (Allocation Failure) [PSYoungGen: 68592K->1613K(69120K)] 388502K->321531K(744448K), 0.0016841 secs] [Times: user=0.00 sys=0.00, real=0.00 secs] 
3037.848: [GC (Allocation Failure) [PSYoungGen: 68685K->1456K(69120K)] 388603K->321398K(744448K), 0.0017315 secs] [Times: user=0.01 sys=0.00, real=0.00 secs] 
3038.425: [GC (Allocation Failure) [PSYoungGen: 68528K->1344K(69120K)] 388470K->321286K(744448K), 0.0017996 secs] [Times: user=0.00 sys=0.01, real=0.00 secs] 
3039.017: [GC (Allocation Failure) [PSYoungGen: 68416K->1408K(69120K)] 388358K->321350K(744448K), 0.0017955 secs] [Times: user=0.01 sys=0.00, real=0.00 secs] 
3039.629: [GC (Allocation Failure) [PSYoungGen: 68480K->1408K(69120K)] 388422K->321350K(744448K), 0.0018195 secs] [Times: user=0.01 sys=0.00, real=0.01 secs] 
3040.187: [GC (Allocation Failure) [PSYoungGen: 68480K->1469K(69120K)] 388422K->321411K(744448K), 0.0015966 secs] [Times: user=0.00 sys=0.00, real=0.00 secs] 
3040.578: [GC (Allocation Failure) [PSYoungGen: 68541K->1629K(69120K)] 388483K->321571K(744448K), 0.0015762 secs] [Times: user=0.01 sys=0.00, real=0.00 secs] 
3040.973: [GC (Allocation Failure) [PSYoungGen: 68701K->1552K(69120K)] 388643K->321494K(744448K), 0.0016360 secs] [Times: user=0.01 sys=0.00, real=0.00 secs] 
3041.425: [GC (Allocation Failure) [PSYoungGen: 68624K->1568K(69120K)] 388566K->321526K(744448K), 0.0015562 secs] [Times: user=0.01 sys=0.00, real=0.00 secs] 
3042.306: [GC (Allocation Failure) [PSYoungGen: 68640K->1440K(69120K)] 388598K->321398K(744448K), 0.0039400 secs] [Times: user=0.02 sys=0.00, real=0.00 secs] 
3043.220: [GC (Allocation Failure) [PSYoungGen: 68512K->1408K(69120K)] 388470K->321366K(744448K), 0.0034530 secs] [Times: user=0.02 sys=0.00, real=0.01 secs] 
3043.697: [GC (Allocation Failure) [PSYoungGen: 68480K->1312K(69120K)] 388438K->321270K(744448K), 0.0021814 secs] [Times: user=0.01 sys=0.00, real=0.00 secs] 
3044.259: [GC (Allocation Failure) [PSYoungGen: 68384K->1376K(69120K)] 388342K->321334K(744448K), 0.0022271 secs] [Times: user=0.01 sys=0.00, real=0.01 secs] 
3044.741: [GC (Allocation Failure) [PSYoungGen: 68448K->1533K(69120K)] 388406K->321491K(744448K), 0.0016452 secs] [Times: user=0.00 sys=0.00, real=0.00 secs] 
3045.132: [GC (Allocation Failure) [PSYoungGen: 68592K->1600K(69120K)] 388550K->321558K(744448K), 0.0016751 secs] [Times: user=0.00 sys=0.00, real=0.00 secs] 
3045.525: [GC (Allocation Failure) [PSYoungGen: 68672K->1520K(69120K)] 388630K->321478K(744448K), 0.0015293 secs] [Times: user=0.01 sys=0.00, real=0.00 secs] 
3045.977: [GC (Allocation Failure) [PSYoungGen: 68592K->320K(69120K)] 388550K->320278K(744448K), 0.0015559 secs] [Times: user=0.01 sys=0.00, real=0.00 secs] 
3046.339: [GC (Allocation Failure) [PSYoungGen: 67392K->1344K(69120K)] 387350K->321318K(744448K), 0.0019636 secs] [Times: user=0.00 sys=0.00, real=0.01 secs] 
3046.923: [GC (Allocation Failure) [PSYoungGen: 68416K->1376K(69120K)] 388390K->321350K(744448K), 0.0019561 secs] [Times: user=0.01 sys=0.00, real=0.00 secs] 
3047.473: [GC (Allocation Failure) [PSYoungGen: 68448K->1376K(69120K)] 388422K->321350K(744448K), 0.0019698 secs] [Times: user=0.01 sys=0.00, real=0.00 secs] 
3048.031: [GC (Allocation Failure) [PSYoungGen: 68448K->1408K(69120K)] 388422K->321382K(744448K), 0.0019647 secs] [Times: user=0.01 sys=0.00, real=0.00 secs] 
3048.563: [GC (Allocation Failure) [PSYoungGen: 68480K->1549K(69120K)] 388454K->321531K(744448K), 0.0015740 secs] [Times: user=0.00 sys=0.00, real=0.00 secs] 
3048.955: [GC (Allocation Failure) [PSYoungGen: 68621K->1552K(69120K)] 388603K->321534K(744448K), 0.0015717 secs] [Times: user=0.00 sys=0.00, real=0.00 secs] 
3049.347: [GC (Allocation Failure) [PSYoungGen: 68624K->1565K(69120K)] 388606K->321547K(744448K), 0.0015674 secs] [Times: user=0.01 sys=0.00, real=0.00 secs] 
3049.725: [GC (Allocation Failure) [PSYoungGen: 68637K->1488K(69120K)] 388619K->321470K(744448K), 0.0015454 secs] [Times: user=0.01 sys=0.00, real=0.00 secs] 
3050.008: [GC (Allocation Failure) [PSYoungGen: 68560K->1408K(69120K)] 388542K->321390K(744448K), 0.0016458 secs] [Times: user=0.01 sys=0.00, real=0.00 secs] 
3050.573: [GC (Allocation Failure) [PSYoungGen: 68480K->1408K(69120K)] 388462K->321390K(744448K), 0.0016961 secs] [Times: user=0.00 sys=0.00, real=0.00 secs] 
3051.251: [GC (Allocation Failure) [PSYoungGen: 68480K->1408K(69120K)] 388462K->321390K(744448K), 0.0020008 secs] [Times: user=0.01 sys=0.00, real=0.00 secs] 
3052.170: [GC (Allocation Failure) [PSYoungGen: 68480K->1408K(69120K)] 388462K->321390K(744448K), 0.0022337 secs] [Times: user=0.01 sys=0.00, real=0.00 secs] 
3052.781: [GC (Allocation Failure) [PSYoungGen: 68480K->1597K(69120K)] 388462K->321579K(744448K), 0.0017687 secs] [Times: user=0.00 sys=0.00, real=0.00 secs] 
3053.177: [GC (Allocation Failure) [PSYoungGen: 68669K->1568K(69120K)] 388651K->321550K(744448K), 0.0018399 secs] [Times: user=0.00 sys=0.00, real=0.00 secs] 
3053.572: [GC (Allocation Failure) [PSYoungGen: 68640K->1613K(69120K)] 388622K->321603K(744448K), 0.0016092 secs] [Times: user=0.00 sys=0.00, real=0.00 secs] 
3054.214: [GC (Allocation Failure) [PSYoungGen: 68685K->1504K(69120K)] 388675K->321494K(744448K), 0.0020456 secs] [Times: user=0.00 sys=0.00, real=0.00 secs] 
3055.152: [GC (Allocation Failure) [PSYoungGen: 68576K->1408K(69120K)] 388566K->321398K(744448K), 0.0021819 secs] [Times: user=0.01 sys=0.00, real=0.00 secs] 
3056.453: [GC (Allocation Failure) [PSYoungGen: 68480K->1408K(69120K)] 388470K->321398K(744448K), 0.0031827 secs] [Times: user=0.01 sys=0.00, real=0.00 secs] 
3057.345: [GC (Allocation Failure) [PSYoungGen: 68480K->1376K(69120K)] 388470K->321366K(744448K), 0.0028545 secs] [Times: user=0.01 sys=0.00, real=0.00 secs] 
3058.005: [GC (Allocation Failure) [PSYoungGen: 68448K->1437K(69120K)] 388438K->321451K(744448K), 0.0017057 secs] [Times: user=0.01 sys=0.00, real=0.00 secs] 
3058.400: [GC (Allocation Failure) [PSYoungGen: 68509K->1565K(69120K)] 388523K->321579K(744448K), 0.0015631 secs] [Times: user=0.01 sys=0.00, real=0.00 secs] 
3058.795: [GC (Allocation Failure) [PSYoungGen: 68637K->1581K(69120K)] 388651K->321595K(744448K), 0.0015683 secs] [Times: user=0.01 sys=0.00, real=0.00 secs] 
3059.188: [GC (Allocation Failure) [PSYoungGen: 68653K->1565K(69120K)] 388667K->321595K(744448K), 0.0015395 secs] [Times: user=0.01 sys=0.00, real=0.00 secs] 
3059.787: [GC (Allocation Failure) [PSYoungGen: 68637K->1488K(69120K)] 388667K->321518K(744448K), 0.0023414 secs] [Times: user=0.01 sys=0.00, real=0.00 secs] 
3060.405: [GC (Allocation Failure) [PSYoungGen: 68560K->1344K(69120K)] 388590K->321374K(744448K), 0.0036248 secs] [Times: user=0.01 sys=0.00, real=0.00 secs] 
3060.975: [GC (Allocation Failure) [PSYoungGen: 68416K->1376K(69120K)] 388446K->321406K(744448K), 0.0023909 secs] [Times: user=0.01 sys=0.00, real=0.00 secs] 
3061.413: [GC (Allocation Failure) [PSYoungGen: 68448K->1408K(69120K)] 388478K->321438K(744448K), 0.0020793 secs] [Times: user=0.01 sys=0.00, real=0.00 secs] 
3062.018: [GC (Allocation Failure) [PSYoungGen: 68480K->1469K(69120K)] 388510K->321499K(744448K), 0.0015329 secs] [Times: user=0.00 sys=0.00, real=0.00 secs] 
3062.475: [GC (Allocation Failure) [PSYoungGen: 68541K->1552K(69120K)] 388571K->321582K(744448K), 0.0015864 secs] [Times: user=0.00 sys=0.00, real=0.00 secs] 
3062.868: [GC (Allocation Failure) [PSYoungGen: 68624K->1600K(69120K)] 388654K->321630K(744448K), 0.0016846 secs] [Times: user=0.01 sys=0.01, real=0.00 secs] 
3063.260: [GC (Allocation Failure) [PSYoungGen: 68672K->1613K(69120K)] 388702K->321651K(744448K), 0.0015337 secs] [Times: user=0.00 sys=0.00, real=0.01 secs] 
3063.821: [GC (Allocation Failure) [PSYoungGen: 68685K->1440K(69120K)] 388723K->321478K(744448K), 0.0029889 secs] [Times: user=0.01 sys=0.00, real=0.00 secs] 
3064.178: [GC (Allocation Failure) [PSYoungGen: 68512K->1424K(69120K)] 388550K->321462K(744448K), 0.0019012 secs] [Times: user=0.00 sys=0.00, real=0.00 secs] 
3064.487: [GC (Allocation Failure) [PSYoungGen: 68496K->1424K(69120K)] 388534K->321462K(744448K), 0.0017784 secs] [Times: user=0.01 sys=0.00, real=0.00 secs] 
3064.791: [GC (Allocation Failure) [PSYoungGen: 68496K->1376K(69120K)] 388534K->321414K(744448K), 0.0017760 secs] [Times: user=0.00 sys=0.00, real=0.00 secs] 
3065.208: [GC (Allocation Failure) [PSYoungGen: 68448K->1533K(69120K)] 388486K->321587K(744448K), 0.0015455 secs] [Times: user=0.01 sys=0.00, real=0.00 secs] 
3065.599: [GC (Allocation Failure) [PSYoungGen: 68605K->1533K(69120K)] 388659K->321587K(744448K), 0.0015645 secs] [Times: user=0.00 sys=0.00, real=0.01 secs] 
3065.995: [GC (Allocation Failure) [PSYoungGen: 68605K->1517K(69120K)] 388659K->321571K(744448K), 0.0016464 secs] [Times: user=0.01 sys=0.00, real=0.00 secs] 
3066.392: [GC (Allocation Failure) [PSYoungGen: 68589K->1568K(69120K)] 388643K->321638K(744448K), 0.0016595 secs] [Times: user=0.01 sys=0.00, real=0.00 secs] 
3066.734: [GC (Allocation Failure) [PSYoungGen: 68640K->1408K(69120K)] 388710K->321478K(744448K), 0.0017997 secs] [Times: user=0.01 sys=0.00, real=0.00 secs] 
3067.046: [GC (Allocation Failure) [PSYoungGen: 68480K->1408K(69120K)] 388550K->321478K(744448K), 0.0019432 secs] [Times: user=0.01 sys=0.01, real=0.00 secs] 
3067.371: [GC (Allocation Failure) [PSYoungGen: 68480K->1344K(69120K)] 388550K->321414K(744448K), 0.0019563 secs] [Times: user=0.01 sys=0.00, real=0.00 secs] 
3067.684: [GC (Allocation Failure) [PSYoungGen: 68416K->1376K(69120K)] 388486K->321446K(744448K), 0.0019245 secs] [Times: user=0.01 sys=0.00, real=0.00 secs] 
3068.116: [GC (Allocation Failure) [PSYoungGen: 68448K->1469K(69120K)] 388518K->321539K(744448K), 0.0015695 secs] [Times: user=0.01 sys=0.00, real=0.00 secs] 
3068.508: [GC (Allocation Failure) [PSYoungGen: 68541K->1568K(69120K)] 388611K->321638K(744448K), 0.0015447 secs] [Times: user=0.01 sys=0.00, real=0.00 secs] 
3068.900: [GC (Allocation Failure) [PSYoungGen: 68640K->1568K(69120K)] 388710K->321638K(744448K), 0.0015503 secs] [Times: user=0.01 sys=0.00, real=0.01 secs] 
3069.353: [GC (Allocation Failure) [PSYoungGen: 68640K->1760K(69120K)] 388710K->321830K(744448K), 0.0018173 secs] [Times: user=0.01 sys=0.00, real=0.00 secs] 
3070.086: [GC (Allocation Failure) [PSYoungGen: 68832K->1408K(69120K)] 388902K->321478K(744448K), 0.0017741 secs] [Times: user=0.01 sys=0.00, real=0.00 secs] 
3071.179: [GC (Allocation Failure) [PSYoungGen: 68480K->1376K(69120K)] 388550K->321446K(744448K), 0.0039915 secs] [Times: user=0.01 sys=0.00, real=0.01 secs] 
3072.387: [GC (Allocation Failure) [PSYoungGen: 68448K->1376K(69120K)] 388518K->321446K(744448K), 0.0039660 secs] [Times: user=0.01 sys=0.00, real=0.01 secs] 
3073.399: [GC (Allocation Failure) [PSYoungGen: 68448K->1344K(69120K)] 388518K->321414K(744448K), 0.0036197 secs] [Times: user=0.01 sys=0.00, real=0.01 secs] 
3074.050: [GC (Allocation Failure) [PSYoungGen: 68416K->1565K(69120K)] 388486K->321635K(744448K), 0.0016147 secs] [Times: user=0.01 sys=0.00, real=0.01 secs] 
3074.442: [GC (Allocation Failure) [PSYoungGen: 68637K->1597K(69120K)] 388707K->321667K(744448K), 0.0015772 secs] [Times: user=0.00 sys=0.00, real=0.00 secs] 
3074.835: [GC (Allocation Failure) [PSYoungGen: 68669K->1549K(69120K)] 388739K->321619K(744448K), 0.0016276 secs] [Times: user=0.01 sys=0.00, real=0.00 secs] 
3075.301: [GC (Allocation Failure) [PSYoungGen: 68621K->1456K(69120K)] 388691K->321526K(744448K), 0.0018217 secs] [Times: user=0.01 sys=0.00, real=0.00 secs] 
3076.030: [GC (Allocation Failure) [PSYoungGen: 68528K->1408K(69120K)] 388598K->321478K(744448K), 0.0017460 secs] [Times: user=0.01 sys=0.00, real=0.00 secs] 
3076.440: [GC (Allocation Failure) [PSYoungGen: 68480K->1376K(69120K)] 388550K->321446K(744448K), 0.0018319 secs] [Times: user=0.01 sys=0.00, real=0.01 secs] 
3076.719: [GC (Allocation Failure) [PSYoungGen: 68448K->1408K(69120K)] 388518K->321478K(744448K), 0.0017096 secs] [Times: user=0.00 sys=0.00, real=0.01 secs] 
3077.016: [GC (Allocation Failure) [PSYoungGen: 68480K->1469K(69120K)] 388550K->321539K(744448K), 0.0018224 secs] [Times: user=0.00 sys=0.00, real=0.00 secs] 
3077.412: [GC (Allocation Failure) [PSYoungGen: 68541K->1552K(69120K)] 388611K->321638K(744448K), 0.0015830 secs] [Times: user=0.01 sys=0.00, real=0.00 secs] 
3077.803: [GC (Allocation Failure) [PSYoungGen: 68624K->1533K(69120K)] 388710K->321619K(744448K), 0.0015583 secs] [Times: user=0.01 sys=0.00, real=0.00 secs] 
3078.196: [GC (Allocation Failure) [PSYoungGen: 68605K->1536K(69120K)] 388691K->321638K(744448K), 0.0016838 secs] [Times: user=0.01 sys=0.00, real=0.00 secs] 
3079.363: [GC (Allocation Failure) [PSYoungGen: 68608K->1488K(69120K)] 388710K->321590K(744448K), 0.0036394 secs] [Times: user=0.02 sys=0.00, real=0.00 secs] 
3079.668: [GC (Allocation Failure) [PSYoungGen: 68560K->1408K(69120K)] 388662K->321510K(744448K), 0.0027236 secs] [Times: user=0.01 sys=0.00, real=0.01 secs] 
3080.054: [GC (Allocation Failure) [PSYoungGen: 68480K->1344K(69120K)] 388582K->321446K(744448K), 0.0019557 secs] [Times: user=0.01 sys=0.00, real=0.00 secs] 
3080.332: [GC (Allocation Failure) [PSYoungGen: 68416K->1424K(69120K)] 388518K->321526K(744448K), 0.0018494 secs] [Times: user=0.01 sys=0.00, real=0.00 secs] 
3080.678: [GC (Allocation Failure) [PSYoungGen: 68496K->1533K(69120K)] 388598K->321635K(744448K), 0.0015990 secs] [Times: user=0.01 sys=0.00, real=0.00 secs] 
3081.150: [GC (Allocation Failure) [PSYoungGen: 68605K->1568K(69120K)] 388707K->321670K(744448K), 0.0015908 secs] [Times: user=0.01 sys=0.00, real=0.01 secs] 
3081.590: [GC (Allocation Failure) [PSYoungGen: 68640K->1568K(69120K)] 388742K->321670K(744448K), 0.0015438 secs] [Times: user=0.01 sys=0.00, real=0.00 secs] 
3081.983: [GC (Allocation Failure) [PSYoungGen: 68640K->1581K(69120K)] 388742K->321699K(744448K), 0.0015389 secs] [Times: user=0.00 sys=0.00, real=0.00 secs] 
3082.333: [GC (Allocation Failure) [PSYoungGen: 68653K->1488K(69120K)] 388771K->321606K(744448K), 0.0018387 secs] [Times: user=0.01 sys=0.00, real=0.00 secs] 
3082.612: [GC (Allocation Failure) [PSYoungGen: 68560K->1344K(69120K)] 388678K->321462K(744448K), 0.0017475 secs] [Times: user=0.00 sys=0.00, real=0.00 secs] 
3082.890: [GC (Allocation Failure) [PSYoungGen: 68416K->1408K(69120K)] 388534K->321526K(744448K), 0.0016897 secs] [Times: user=0.01 sys=0.00, real=0.00 secs] 
3083.184: [GC (Allocation Failure) [PSYoungGen: 68480K->1392K(69120K)] 388598K->321510K(744448K), 0.0017071 secs] [Times: user=0.01 sys=0.00, real=0.00 secs] 
3083.518: [GC (Allocation Failure) [PSYoungGen: 68464K->1485K(69120K)] 388582K->321603K(744448K), 0.0018510 secs] [Times: user=0.01 sys=0.00, real=0.00 secs] 
3083.911: [GC (Allocation Failure) [PSYoungGen: 68557K->1549K(69120K)] 388675K->321667K(744448K), 0.0015693 secs] [Times: user=0.01 sys=0.00, real=0.00 secs] 
3084.304: [GC (Allocation Failure) [PSYoungGen: 68621K->1552K(69120K)] 388739K->321694K(744448K), 0.0015967 secs] [Times: user=0.00 sys=0.00, real=0.00 secs] 
3084.695: [GC (Allocation Failure) [PSYoungGen: 68624K->1581K(69120K)] 388766K->321731K(744448K), 0.0017031 secs] [Times: user=0.00 sys=0.00, real=0.00 secs] 
3085.228: [GC (Allocation Failure) [PSYoungGen: 68653K->1408K(69120K)] 388803K->321558K(744448K), 0.0019404 secs] [Times: user=0.00 sys=0.00, real=0.00 secs] 
3085.778: [GC (Allocation Failure) [PSYoungGen: 68480K->1344K(69120K)] 388630K->321494K(744448K), 0.0030250 secs] [Times: user=0.01 sys=0.00, real=0.01 secs] 
3086.255: [GC (Allocation Failure) [PSYoungGen: 68416K->1344K(69120K)] 388566K->321494K(744448K), 0.0023836 secs] [Times: user=0.01 sys=0.00, real=0.00 secs] 
3086.874: [GC (Allocation Failure) [PSYoungGen: 68416K->1376K(69120K)] 388566K->321526K(744448K), 0.0021940 secs] [Times: user=0.01 sys=0.00, real=0.00 secs] 
3087.431: [GC (Allocation Failure) [PSYoungGen: 68448K->1565K(69120K)] 388598K->321715K(744448K), 0.0015707 secs] [Times: user=0.00 sys=0.00, real=0.00 secs] 
3087.822: [GC (Allocation Failure) [PSYoungGen: 68633K->1597K(69120K)] 388784K->321747K(744448K), 0.0015375 secs] [Times: user=0.00 sys=0.00, real=0.00 secs] 
3088.216: [GC (Allocation Failure) [PSYoungGen: 68669K->1568K(69120K)] 388819K->321718K(744448K), 0.0015456 secs] [Times: user=0.01 sys=0.00, real=0.00 secs] 
3088.609: [GC (Allocation Failure) [PSYoungGen: 68640K->1552K(69120K)] 388790K->321718K(744448K), 0.0016189 secs] [Times: user=0.01 sys=0.00, real=0.01 secs] 
3089.658: [GC (Allocation Failure) [PSYoungGen: 68624K->1376K(69120K)] 388790K->321542K(744448K), 0.0028367 secs] [Times: user=0.01 sys=0.00, real=0.01 secs] 
3090.377: [GC (Allocation Failure) [PSYoungGen: 68448K->1408K(69120K)] 388614K->321574K(744448K), 0.0027073 secs] [Times: user=0.01 sys=0.00, real=0.00 secs] 
3091.096: [GC (Allocation Failure) [PSYoungGen: 68480K->1376K(69120K)] 388646K->321542K(744448K), 0.0037940 secs] [Times: user=0.02 sys=0.00, real=0.00 secs] 
3092.182: [GC (Allocation Failure) [PSYoungGen: 68448K->1376K(69120K)] 388614K->321542K(744448K), 0.0037189 secs] [Times: user=0.02 sys=0.00, real=0.00 secs] 
3092.766: [GC (Allocation Failure) [PSYoungGen: 68448K->1501K(69120K)] 388614K->321667K(744448K), 0.0016974 secs] [Times: user=0.01 sys=0.00, real=0.00 secs] 
3093.158: [GC (Allocation Failure) [PSYoungGen: 68548K->1597K(69120K)] 388714K->321763K(744448K), 0.0017392 secs] [Times: user=0.01 sys=0.00, real=0.00 secs] 
3093.551: [GC (Allocation Failure) [PSYoungGen: 68669K->1568K(69120K)] 388835K->321734K(744448K), 0.0015628 secs] [Times: user=0.00 sys=0.00, real=0.00 secs] 
3094.115: [GC (Allocation Failure) [PSYoungGen: 68640K->1552K(69120K)] 388806K->321718K(744448K), 0.0018839 secs] [Times: user=0.01 sys=0.00, real=0.00 secs] 
3094.822: [GC (Allocation Failure) [PSYoungGen: 68624K->1376K(69120K)] 388790K->321542K(744448K), 0.0022305 secs] [Times: user=0.01 sys=0.00, real=0.00 secs] 
3095.408: [GC (Allocation Failure) [PSYoungGen: 68448K->1408K(69120K)] 388614K->321574K(744448K), 0.0030245 secs] [Times: user=0.01 sys=0.00, real=0.01 secs] 
3096.121: [GC (Allocation Failure) [PSYoungGen: 68480K->1408K(69120K)] 388646K->321574K(744448K), 0.0028306 secs] [Times: user=0.02 sys=0.00, real=0.00 secs] 
3096.864: [GC (Allocation Failure) [PSYoungGen: 68480K->1376K(69120K)] 388646K->321542K(744448K), 0.0030859 secs] [Times: user=0.01 sys=0.00, real=0.00 secs] 
3097.339: [GC (Allocation Failure) [PSYoungGen: 68448K->1504K(69120K)] 388614K->321670K(744448K), 0.0015306 secs] [Times: user=0.01 sys=0.00, real=0.01 secs] 
3097.731: [GC (Allocation Failure) [PSYoungGen: 68576K->1565K(69120K)] 388742K->321755K(744448K), 0.0017029 secs] [Times: user=0.01 sys=0.00, real=0.00 secs] 
3098.122: [GC (Allocation Failure) [PSYoungGen: 68637K->1501K(69120K)] 388827K->321691K(744448K), 0.0015258 secs] [Times: user=0.01 sys=0.00, real=0.00 secs] 
3098.644: [GC (Allocation Failure) [PSYoungGen: 68573K->1440K(69120K)] 388763K->321630K(744448K), 0.0019349 secs] [Times: user=0.01 sys=0.00, real=0.00 secs] 
3099.241: [GC (Allocation Failure) [PSYoungGen: 68512K->1360K(69120K)] 388702K->321550K(744448K), 0.0018165 secs] [Times: user=0.01 sys=0.00, real=0.00 secs] 
3099.793: [GC (Allocation Failure) [PSYoungGen: 68432K->1408K(69120K)] 388622K->321598K(744448K), 0.0020132 secs] [Times: user=0.01 sys=0.00, real=0.00 secs] 
3100.349: [GC (Allocation Failure) [PSYoungGen: 68480K->1376K(69120K)] 388670K->321566K(744448K), 0.0021394 secs] [Times: user=0.01 sys=0.00, real=0.01 secs] 
3100.931: [GC (Allocation Failure) [PSYoungGen: 68448K->1501K(69120K)] 388638K->321691K(744448K), 0.0019189 secs] [Times: user=0.01 sys=0.00, real=0.00 secs] 
3101.344: [GC (Allocation Failure) [PSYoungGen: 68573K->1549K(69120K)] 388763K->321739K(744448K), 0.0016105 secs] [Times: user=0.01 sys=0.00, real=0.00 secs] 
3101.743: [GC (Allocation Failure) [PSYoungGen: 68621K->1597K(69120K)] 388811K->321787K(744448K), 0.0015342 secs] [Times: user=0.01 sys=0.00, real=0.00 secs] 
3102.136: [GC (Allocation Failure) [PSYoungGen: 68669K->1600K(69120K)] 388859K->321798K(744448K), 0.0015872 secs] [Times: user=0.01 sys=0.00, real=0.00 secs] 
3103.548: [GC (Allocation Failure) [PSYoungGen: 68672K->1456K(69120K)] 388870K->321654K(744448K), 0.0036221 secs] [Times: user=0.01 sys=0.00, real=0.01 secs] 
3104.082: [GC (Allocation Failure) [PSYoungGen: 68528K->1408K(69120K)] 388726K->321606K(744448K), 0.0019095 secs] [Times: user=0.01 sys=0.00, real=0.00 secs] 
3104.361: [GC (Allocation Failure) [PSYoungGen: 68480K->1376K(69120K)] 388678K->321574K(744448K), 0.0018113 secs] [Times: user=0.01 sys=0.00, real=0.00 secs] 
3104.651: [GC (Allocation Failure) [PSYoungGen: 68448K->1344K(69120K)] 388646K->321542K(744448K), 0.0018614 secs] [Times: user=0.01 sys=0.00, real=0.00 secs] 
3104.981: [GC (Allocation Failure) [PSYoungGen: 68416K->1501K(69120K)] 388614K->321699K(744448K), 0.0016255 secs] [Times: user=0.00 sys=0.00, real=0.00 secs] 
3105.374: [GC (Allocation Failure) [PSYoungGen: 68573K->1536K(69120K)] 388771K->321734K(744448K), 0.0016567 secs] [Times: user=0.01 sys=0.00, real=0.00 secs] 
3105.766: [GC (Allocation Failure) [PSYoungGen: 68608K->1584K(69120K)] 388806K->321782K(744448K), 0.0015705 secs] [Times: user=0.01 sys=0.00, real=0.00 secs] 
3106.158: [GC (Allocation Failure) [PSYoungGen: 68656K->1597K(69120K)] 388854K->321819K(744448K), 0.0015558 secs] [Times: user=0.01 sys=0.00, real=0.00 secs] 
3106.789: [GC (Allocation Failure) [PSYoungGen: 68669K->1408K(69120K)] 388891K->321630K(744448K), 0.0021311 secs] [Times: user=0.01 sys=0.00, real=0.01 secs] 
3107.303: [GC (Allocation Failure) [PSYoungGen: 68480K->1376K(69120K)] 388702K->321598K(744448K), 0.0020325 secs] [Times: user=0.01 sys=0.00, real=0.00 secs] 
3107.615: [GC (Allocation Failure) [PSYoungGen: 68448K->1360K(69120K)] 388670K->321582K(744448K), 0.0019463 secs] [Times: user=0.01 sys=0.00, real=0.00 secs] 
3107.906: [GC (Allocation Failure) [PSYoungGen: 68432K->1440K(69120K)] 388654K->321662K(744448K), 0.0019486 secs] [Times: user=0.01 sys=0.01, real=0.00 secs] 
3108.324: [GC (Allocation Failure) [PSYoungGen: 68512K->1533K(69120K)] 388734K->321755K(744448K), 0.0015913 secs] [Times: user=0.01 sys=0.00, real=0.00 secs] 
3108.716: [GC (Allocation Failure) [PSYoungGen: 68605K->1549K(69120K)] 388827K->321771K(744448K), 0.0016005 secs] [Times: user=0.00 sys=0.00, real=0.00 secs] 
3109.110: [GC (Allocation Failure) [PSYoungGen: 68621K->1549K(69120K)] 388843K->321771K(744448K), 0.0016487 secs] [Times: user=0.01 sys=0.00, real=0.00 secs] 
3109.504: [GC (Allocation Failure) [PSYoungGen: 68621K->1600K(69120K)] 388843K->321838K(744448K), 0.0016860 secs] [Times: user=0.01 sys=0.00, real=0.00 secs] 
3110.674: [GC (Allocation Failure) [PSYoungGen: 68672K->1424K(69120K)] 388910K->321662K(744448K), 0.0032693 secs] [Times: user=0.01 sys=0.00, real=0.00 secs] 
3111.231: [GC (Allocation Failure) [PSYoungGen: 68496K->1408K(69120K)] 388734K->321646K(744448K), 0.0032791 secs] [Times: user=0.01 sys=0.00, real=0.00 secs] 
3111.787: [GC (Allocation Failure) [PSYoungGen: 68480K->1376K(69120K)] 388718K->321614K(744448K), 0.0030220 secs] [Times: user=0.02 sys=0.00, real=0.01 secs] 
3112.141: [GC (Allocation Failure) [PSYoungGen: 68448K->1344K(69120K)] 388686K->321582K(744448K), 0.0019501 secs] [Times: user=0.01 sys=0.00, real=0.00 secs] 
3112.519: [GC (Allocation Failure) [PSYoungGen: 68416K->1504K(69120K)] 388654K->321742K(744448K), 0.0015864 secs] [Times: user=0.00 sys=0.00, real=0.01 secs] 
3112.910: [GC (Allocation Failure) [PSYoungGen: 68576K->1613K(69120K)] 388814K->321851K(744448K), 0.0016660 secs] [Times: user=0.01 sys=0.00, real=0.00 secs] 
3113.303: [GC (Allocation Failure) [PSYoungGen: 68685K->1568K(69120K)] 388923K->321806K(744448K), 0.0016313 secs] [Times: user=0.01 sys=0.00, real=0.00 secs] 
3113.806: [GC (Allocation Failure) [PSYoungGen: 68640K->1664K(69120K)] 388878K->321902K(744448K), 0.0022922 secs] [Times: user=0.01 sys=0.00, real=0.00 secs] 
3114.672: [GC (Allocation Failure) [PSYoungGen: 68736K->1408K(69120K)] 388974K->321646K(744448K), 0.0025252 secs] [Times: user=0.01 sys=0.00, real=0.00 secs] 
3115.283: [GC (Allocation Failure) [PSYoungGen: 68480K->1376K(69120K)] 388718K->321614K(744448K), 0.0021034 secs] [Times: user=0.01 sys=0.00, real=0.00 secs] 
3115.914: [GC (Allocation Failure) [PSYoungGen: 68448K->1408K(69120K)] 388686K->321646K(744448K), 0.0021274 secs] [Times: user=0.01 sys=0.01, real=0.00 secs] 
3116.520: [GC (Allocation Failure) [PSYoungGen: 68480K->1408K(69120K)] 388718K->321662K(744448K), 0.0023158 secs] [Times: user=0.01 sys=0.00, real=0.01 secs] 
3117.030: [GC (Allocation Failure) [PSYoungGen: 68480K->1568K(69120K)] 388734K->321822K(744448K), 0.0015440 secs] [Times: user=0.01 sys=0.00, real=0.01 secs] 
3117.484: [GC (Allocation Failure) [PSYoungGen: 68640K->1581K(69120K)] 388894K->321835K(744448K), 0.0027428 secs] [Times: user=0.01 sys=0.00, real=0.00 secs] 
3117.880: [GC (Allocation Failure) [PSYoungGen: 68653K->1568K(69120K)] 388907K->321822K(744448K), 0.0016022 secs] [Times: user=0.01 sys=0.00, real=0.01 secs] 
3118.377: [GC (Allocation Failure) [PSYoungGen: 68640K->1440K(69120K)] 388894K->321694K(744448K), 0.0021872 secs] [Times: user=0.01 sys=0.00, real=0.00 secs] 
3118.979: [GC (Allocation Failure) [PSYoungGen: 68512K->1376K(69120K)] 388766K->321630K(744448K), 0.0037858 secs] [Times: user=0.01 sys=0.00, real=0.01 secs] 
3119.658: [GC (Allocation Failure) [PSYoungGen: 68448K->1408K(69120K)] 388702K->321662K(744448K), 0.0030105 secs] [Times: user=0.02 sys=0.00, real=0.01 secs] 
3120.633: [GC (Allocation Failure) [PSYoungGen: 68480K->1408K(69120K)] 388734K->321662K(744448K), 0.0031538 secs] [Times: user=0.01 sys=0.00, real=0.00 secs] 
3121.827: [GC (Allocation Failure) [PSYoungGen: 68480K->1421K(69120K)] 388734K->321675K(744448K), 0.0068869 secs] [Times: user=0.03 sys=0.00, real=0.01 secs] 
3122.347: [GC (Allocation Failure) [PSYoungGen: 68493K->1565K(69120K)] 388747K->321819K(744448K), 0.0015965 secs] [Times: user=0.00 sys=0.00, real=0.00 secs] 
3122.739: [GC (Allocation Failure) [PSYoungGen: 68637K->1600K(69120K)] 388891K->321854K(744448K), 0.0015350 secs] [Times: user=0.01 sys=0.00, real=0.01 secs] 
3123.131: [GC (Allocation Failure) [PSYoungGen: 68672K->1581K(69120K)] 388926K->321851K(744448K), 0.0015976 secs] [Times: user=0.00 sys=0.00, real=0.00 secs] 
3123.592: [GC (Allocation Failure) [PSYoungGen: 68653K->1488K(69120K)] 388923K->321758K(744448K), 0.0018656 secs] [Times: user=0.00 sys=0.00, real=0.00 secs] 
3124.207: [GC (Allocation Failure) [PSYoungGen: 68560K->1408K(69120K)] 388830K->321678K(744448K), 0.0023496 secs] [Times: user=0.01 sys=0.00, real=0.00 secs] 
3124.801: [GC (Allocation Failure) [PSYoungGen: 68480K->1376K(69120K)] 388750K->321646K(744448K), 0.0018267 secs] [Times: user=0.01 sys=0.00, real=0.00 secs] 
3125.651: [GC (Allocation Failure) [PSYoungGen: 68448K->1408K(69120K)] 388718K->321678K(744448K), 0.0025004 secs] [Times: user=0.01 sys=0.00, real=0.00 secs] 
3126.558: [GC (Allocation Failure) [PSYoungGen: 68480K->1469K(69120K)] 388750K->321739K(744448K), 0.0021857 secs] [Times: user=0.01 sys=0.00, real=0.01 secs] 
3126.980: [GC (Allocation Failure) [PSYoungGen: 68541K->1600K(69120K)] 388811K->321870K(744448K), 0.0016891 secs] [Times: user=0.01 sys=0.00, real=0.01 secs] 
3127.373: [GC (Allocation Failure) [PSYoungGen: 68672K->1565K(69120K)] 388942K->321835K(744448K), 0.0015404 secs] [Times: user=0.00 sys=0.00, real=0.00 secs] 
3127.768: [GC (Allocation Failure) [PSYoungGen: 68637K->1616K(69120K)] 388907K->321918K(744448K), 0.0015731 secs] [Times: user=0.00 sys=0.00, real=0.00 secs] 
3128.124: [GC (Allocation Failure) [PSYoungGen: 68688K->1456K(69120K)] 388990K->321758K(744448K), 0.0024517 secs] [Times: user=0.01 sys=0.00, real=0.00 secs] 
3128.409: [GC (Allocation Failure) [PSYoungGen: 68528K->1376K(69120K)] 388830K->321678K(744448K), 0.0019996 secs] [Times: user=0.01 sys=0.00, real=0.01 secs] 
3128.688: [GC (Allocation Failure) [PSYoungGen: 68448K->1408K(69120K)] 388750K->321710K(744448K), 0.0018795 secs] [Times: user=0.01 sys=0.00, real=0.00 secs] 
3128.967: [GC (Allocation Failure) [PSYoungGen: 68480K->1376K(69120K)] 388782K->321678K(744448K), 0.0018686 secs] [Times: user=0.00 sys=0.00, real=0.00 secs] 
3129.381: [GC (Allocation Failure) [PSYoungGen: 68448K->1501K(69120K)] 388750K->321803K(744448K), 0.0018316 secs] [Times: user=0.01 sys=0.00, real=0.00 secs] 
3129.799: [GC (Allocation Failure) [PSYoungGen: 68573K->1597K(69120K)] 388875K->321899K(744448K), 0.0015448 secs] [Times: user=0.01 sys=0.00, real=0.01 secs] 
3130.191: [GC (Allocation Failure) [PSYoungGen: 68669K->1565K(69120K)] 388971K->321867K(744448K), 0.0015967 secs] [Times: user=0.01 sys=0.00, real=0.00 secs] 
3130.586: [GC (Allocation Failure) [PSYoungGen: 68637K->1613K(69120K)] 388939K->321923K(744448K), 0.0015723 secs] [Times: user=0.00 sys=0.00, real=0.00 secs] 
3131.157: [GC (Allocation Failure) [PSYoungGen: 68685K->1440K(69120K)] 388995K->321750K(744448K), 0.0029125 secs] [Times: user=0.01 sys=0.00, real=0.00 secs] 
3131.717: [GC (Allocation Failure) [PSYoungGen: 68512K->1376K(69120K)] 388822K->321686K(744448K), 0.0030853 secs] [Times: user=0.01 sys=0.00, real=0.00 secs] 
3132.270: [GC (Allocation Failure) [PSYoungGen: 68448K->1376K(69120K)] 388758K->321686K(744448K), 0.0026556 secs] [Times: user=0.01 sys=0.00, real=0.01 secs] 
3133.058: [GC (Allocation Failure) [PSYoungGen: 68448K->1408K(69120K)] 388758K->321718K(744448K), 0.0031588 secs] [Times: user=0.01 sys=0.00, real=0.01 secs] 
3133.724: [GC (Allocation Failure) [PSYoungGen: 68480K->1469K(69120K)] 388790K->321779K(744448K), 0.0016193 secs] [Times: user=0.00 sys=0.00, real=0.00 secs] 
3134.116: [GC (Allocation Failure) [PSYoungGen: 68541K->1568K(69120K)] 388851K->321878K(744448K), 0.0015122 secs] [Times: user=0.01 sys=0.00, real=0.00 secs] 
3134.508: [GC (Allocation Failure) [PSYoungGen: 68640K->1613K(69120K)] 388950K->321931K(744448K), 0.0015822 secs] [Times: user=0.01 sys=0.00, real=0.00 secs] 
3134.900: [GC (Allocation Failure) [PSYoungGen: 68685K->1613K(69120K)] 389003K->321947K(744448K), 0.0015705 secs] [Times: user=0.00 sys=0.00, real=0.01 secs] 
3135.505: [GC (Allocation Failure) [PSYoungGen: 68685K->1408K(69120K)] 389019K->321758K(744448K), 0.0017789 secs] [Times: user=0.01 sys=0.00, real=0.00 secs] 
3136.046: [GC (Allocation Failure) [PSYoungGen: 68480K->1376K(69120K)] 388830K->321726K(744448K), 0.0018367 secs] [Times: user=0.01 sys=0.00, real=0.00 secs] 
3136.619: [GC (Allocation Failure) [PSYoungGen: 68448K->1376K(69120K)] 388798K->321726K(744448K), 0.0017926 secs] [Times: user=0.00 sys=0.00, real=0.01 secs] 
3137.257: [GC (Allocation Failure) [PSYoungGen: 68448K->1408K(69120K)] 388798K->321758K(744448K), 0.0020128 secs] [Times: user=0.01 sys=0.00, real=0.00 secs] 
3137.819: [GC (Allocation Failure) [PSYoungGen: 68480K->1504K(69120K)] 388830K->321854K(744448K), 0.0015448 secs] [Times: user=0.01 sys=0.00, real=0.01 secs] 
3138.210: [GC (Allocation Failure) [PSYoungGen: 68576K->1581K(69120K)] 388926K->321931K(744448K), 0.0015632 secs] [Times: user=0.01 sys=0.00, real=0.00 secs] 
3138.666: [GC (Allocation Failure) [PSYoungGen: 68653K->1600K(69120K)] 389003K->321958K(744448K), 0.0016737 secs] [Times: user=0.01 sys=0.00, real=0.00 secs] 
3139.073: [GC (Allocation Failure) [PSYoungGen: 68672K->2016K(69120K)] 389030K->322374K(744448K), 0.0018160 secs] [Times: user=0.01 sys=0.00, real=0.00 secs] 
3139.580: [GC (Allocation Failure) [PSYoungGen: 69088K->1408K(69120K)] 389446K->321766K(744448K), 0.0024836 secs] [Times: user=0.01 sys=0.00, real=0.01 secs] 
3140.112: [GC (Allocation Failure) [PSYoungGen: 68480K->1392K(69120K)] 388838K->321750K(744448K), 0.0039739 secs] [Times: user=0.02 sys=0.00, real=0.00 secs] 
3140.963: [GC (Allocation Failure) [PSYoungGen: 68464K->1376K(69120K)] 388822K->321734K(744448K), 0.0034437 secs] [Times: user=0.01 sys=0.00, real=0.00 secs] 
3141.695: [GC (Allocation Failure) [PSYoungGen: 68448K->1344K(69120K)] 388806K->321702K(744448K), 0.0030501 secs] [Times: user=0.01 sys=0.00, real=0.00 secs] 
3142.227: [GC (Allocation Failure) [PSYoungGen: 68416K->1501K(69120K)] 388774K->321859K(744448K), 0.0015523 secs] [Times: user=0.00 sys=0.00, real=0.00 secs] 
3142.627: [GC (Allocation Failure) [PSYoungGen: 68573K->1584K(69120K)] 388931K->321942K(744448K), 0.0017397 secs] [Times: user=0.00 sys=0.00, real=0.00 secs] 
3143.020: [GC (Allocation Failure) [PSYoungGen: 68656K->1552K(69120K)] 389014K->321910K(744448K), 0.0015777 secs] [Times: user=0.01 sys=0.00, real=0.01 secs] 
3143.565: [GC (Allocation Failure) [PSYoungGen: 68624K->1472K(69120K)] 388982K->321830K(744448K), 0.0018469 secs] [Times: user=0.01 sys=0.00, real=0.00 secs] 
3144.243: [GC (Allocation Failure) [PSYoungGen: 68544K->1408K(69120K)] 388902K->321766K(744448K), 0.0022572 secs] [Times: user=0.01 sys=0.00, real=0.00 secs] 
3144.751: [GC (Allocation Failure) [PSYoungGen: 68480K->1376K(69120K)] 388838K->321734K(744448K), 0.0020927 secs] [Times: user=0.01 sys=0.00, real=0.00 secs] 
3145.075: [GC (Allocation Failure) [PSYoungGen: 68448K->1344K(69120K)] 388806K->321702K(744448K), 0.0019294 secs] [Times: user=0.01 sys=0.00, real=0.00 secs] 
3145.467: [GC (Allocation Failure) [PSYoungGen: 68416K->1469K(69120K)] 388774K->321827K(744448K), 0.0016253 secs] [Times: user=0.00 sys=0.00, real=0.00 secs] 
3145.857: [GC (Allocation Failure) [PSYoungGen: 68541K->1536K(69120K)] 388899K->321910K(744448K), 0.0015609 secs] [Times: user=0.00 sys=0.00, real=0.00 secs] 
3146.249: [GC (Allocation Failure) [PSYoungGen: 68608K->1520K(69120K)] 388982K->321894K(744448K), 0.0015522 secs] [Times: user=0.01 sys=0.00, real=0.01 secs] 
3146.644: [GC (Allocation Failure) [PSYoungGen: 68592K->1565K(69120K)] 388966K->321955K(744448K), 0.0016595 secs] [Times: user=0.00 sys=0.00, real=0.00 secs] 
3147.249: [GC (Allocation Failure) [PSYoungGen: 68637K->1488K(69120K)] 389027K->321878K(744448K), 0.0023128 secs] [Times: user=0.01 sys=0.00, real=0.01 secs] 
3147.957: [GC (Allocation Failure) [PSYoungGen: 68560K->1376K(69120K)] 388950K->321766K(744448K), 0.0026653 secs] [Times: user=0.01 sys=0.00, real=0.00 secs] 
3148.332: [GC (Allocation Failure) [PSYoungGen: 68448K->1376K(69120K)] 388838K->321766K(744448K), 0.0019700 secs] [Times: user=0.01 sys=0.00, real=0.00 secs] 
3148.611: [GC (Allocation Failure) [PSYoungGen: 68448K->1376K(69120K)] 388838K->321766K(744448K), 0.0019292 secs] [Times: user=0.01 sys=0.00, real=0.00 secs] 
3148.957: [GC (Allocation Failure) [PSYoungGen: 68431K->1469K(69120K)] 388821K->321859K(744448K), 0.0014735 secs] [Times: user=0.01 sys=0.00, real=0.00 secs] 
3149.349: [GC (Allocation Failure) [PSYoungGen: 68541K->1568K(69120K)] 388931K->321958K(744448K), 0.0016929 secs] [Times: user=0.00 sys=0.00, real=0.01 secs] 
3149.741: [GC (Allocation Failure) [PSYoungGen: 68640K->1536K(69120K)] 389030K->321926K(744448K), 0.0015679 secs] [Times: user=0.00 sys=0.00, real=0.00 secs] 
3150.134: [GC (Allocation Failure) [PSYoungGen: 68608K->1597K(69120K)] 388998K->322003K(744448K), 0.0015521 secs] [Times: user=0.01 sys=0.00, real=0.00 secs] 
3150.554: [GC (Allocation Failure) [PSYoungGen: 68669K->1456K(69120K)] 389075K->321862K(744448K), 0.0021508 secs] [Times: user=0.00 sys=0.00, real=0.00 secs] 
3150.946: [GC (Allocation Failure) [PSYoungGen: 68528K->1376K(69120K)] 388934K->321782K(744448K), 0.0019205 secs] [Times: user=0.01 sys=0.00, real=0.00 secs] 
3151.449: [GC (Allocation Failure) [PSYoungGen: 68448K->1408K(69120K)] 388854K->321814K(744448K), 0.0025453 secs] [Times: user=0.01 sys=0.00, real=0.01 secs] 
3151.987: [GC (Allocation Failure) [PSYoungGen: 68480K->1408K(69120K)] 388886K->321814K(744448K), 0.0023343 secs] [Times: user=0.01 sys=0.00, real=0.00 secs] 
3152.603: [GC (Allocation Failure) [PSYoungGen: 68480K->1533K(69120K)] 388886K->321939K(744448K), 0.0014759 secs] [Times: user=0.00 sys=0.00, real=0.00 secs] 
3153.001: [GC (Allocation Failure) [PSYoungGen: 68605K->1549K(69120K)] 389011K->321955K(744448K), 0.0015461 secs] [Times: user=0.01 sys=0.00, real=0.00 secs] 
3153.393: [GC (Allocation Failure) [PSYoungGen: 68621K->1600K(69120K)] 389027K->322006K(744448K), 0.0016923 secs] [Times: user=0.01 sys=0.00, real=0.00 secs] 
3153.787: [GC (Allocation Failure) [PSYoungGen: 68672K->1568K(69120K)] 389078K->321990K(744448K), 0.0016857 secs] [Times: user=0.00 sys=0.00, real=0.00 secs] 
3154.478: [GC (Allocation Failure) [PSYoungGen: 68640K->1456K(69120K)] 389062K->321878K(744448K), 0.0018734 secs] [Times: user=0.01 sys=0.00, real=0.00 secs] 
3154.798: [GC (Allocation Failure) [PSYoungGen: 68528K->1376K(69120K)] 388950K->321814K(744448K), 0.0019295 secs] [Times: user=0.01 sys=0.00, real=0.00 secs] 
3155.279: [GC (Allocation Failure) [PSYoungGen: 68448K->1408K(69120K)] 388886K->321846K(744448K), 0.0019734 secs] [Times: user=0.01 sys=0.00, real=0.01 secs] 
3155.763: [GC (Allocation Failure) [PSYoungGen: 68480K->1344K(69120K)] 388918K->321782K(744448K), 0.0019934 secs] [Times: user=0.01 sys=0.00, real=0.00 secs] 
3156.316: [GC (Allocation Failure) [PSYoungGen: 68416K->1533K(69120K)] 388854K->321971K(744448K), 0.0016197 secs] [Times: user=0.01 sys=0.00, real=0.00 secs] 
3156.711: [GC (Allocation Failure) [PSYoungGen: 68593K->1600K(69120K)] 389031K->322038K(744448K), 0.0015812 secs] [Times: user=0.01 sys=0.00, real=0.00 secs] 
3157.108: [GC (Allocation Failure) [PSYoungGen: 68672K->1613K(69120K)] 389110K->322051K(744448K), 0.0015277 secs] [Times: user=0.00 sys=0.00, real=0.00 secs] 
3157.557: [GC (Allocation Failure) [PSYoungGen: 68685K->1600K(69120K)] 389123K->322054K(744448K), 0.0017743 secs] [Times: user=0.01 sys=0.00, real=0.00 secs] 
3157.867: [GC (Allocation Failure) [PSYoungGen: 68672K->1376K(69120K)] 389126K->321830K(744448K), 0.0019210 secs] [Times: user=0.01 sys=0.00, real=0.00 secs] 
3158.148: [GC (Allocation Failure) [PSYoungGen: 68448K->1408K(69120K)] 388902K->321862K(744448K), 0.0019160 secs] [Times: user=0.01 sys=0.00, real=0.00 secs] 
3158.545: [GC (Allocation Failure) [PSYoungGen: 68480K->1360K(69120K)] 388934K->321814K(744448K), 0.0019197 secs] [Times: user=0.01 sys=0.00, real=0.00 secs] 
3159.049: [GC (Allocation Failure) [PSYoungGen: 68432K->1408K(69120K)] 388886K->321862K(744448K), 0.0019748 secs] [Times: user=0.01 sys=0.00, real=0.01 secs] 
3159.549: [GC (Allocation Failure) [PSYoungGen: 68480K->1536K(69120K)] 388934K->321990K(744448K), 0.0016503 secs] [Times: user=0.01 sys=0.00, real=0.01 secs] 
3159.940: [GC (Allocation Failure) [PSYoungGen: 68586K->1597K(69120K)] 389040K->322051K(744448K), 0.0015628 secs] [Times: user=0.00 sys=0.00, real=0.00 secs] 
3160.334: [GC (Allocation Failure) [PSYoungGen: 68669K->1581K(69120K)] 389123K->322035K(744448K), 0.0016549 secs] [Times: user=0.01 sys=0.00, real=0.00 secs] 
3160.830: [GC (Allocation Failure) [PSYoungGen: 68653K->1504K(69120K)] 389107K->321958K(744448K), 0.0018776 secs] [Times: user=0.01 sys=0.00, real=0.01 secs] 
3161.609: [GC (Allocation Failure) [PSYoungGen: 68576K->1344K(69120K)] 389030K->321798K(744448K), 0.0036093 secs] [Times: user=0.01 sys=0.00, real=0.01 secs] 
3162.118: [GC (Allocation Failure) [PSYoungGen: 68416K->1392K(69120K)] 388870K->321846K(744448K), 0.0025585 secs] [Times: user=0.01 sys=0.00, real=0.00 secs] 
3162.700: [GC (Allocation Failure) [PSYoungGen: 68464K->1408K(69120K)] 388918K->321862K(744448K), 0.0025454 secs] [Times: user=0.01 sys=0.00, real=0.01 secs] 
3163.260: [GC (Allocation Failure) [PSYoungGen: 68480K->1376K(69120K)] 388934K->321830K(744448K), 0.0025979 secs] [Times: user=0.01 sys=0.00, real=0.01 secs] 
3163.826: [GC (Allocation Failure) [PSYoungGen: 68448K->1597K(69120K)] 388902K->322051K(744448K), 0.0017881 secs] [Times: user=0.01 sys=0.00, real=0.00 secs] 
3164.221: [GC (Allocation Failure) [PSYoungGen: 68669K->1565K(69120K)] 389123K->322019K(744448K), 0.0015586 secs] [Times: user=0.01 sys=0.00, real=0.00 secs] 
3164.613: [GC (Allocation Failure) [PSYoungGen: 68637K->1565K(69120K)] 389091K->322019K(744448K), 0.0017760 secs] [Times: user=0.01 sys=0.00, real=0.00 secs] 
3165.344: [GC (Allocation Failure) [PSYoungGen: 68637K->1488K(69120K)] 389091K->321942K(744448K), 0.0039090 secs] [Times: user=0.01 sys=0.00, real=0.00 secs] 
3166.007: [GC (Allocation Failure) [PSYoungGen: 68560K->1344K(69120K)] 389014K->321806K(744448K), 0.0026190 secs] [Times: user=0.01 sys=0.00, real=0.00 secs] 
3166.641: [GC (Allocation Failure) [PSYoungGen: 68416K->1376K(69120K)] 388878K->321838K(744448K), 0.0024199 secs] [Times: user=0.01 sys=0.00, real=0.00 secs] 
3167.217: [GC (Allocation Failure) [PSYoungGen: 68448K->1408K(69120K)] 388910K->321870K(744448K), 0.0025684 secs] [Times: user=0.01 sys=0.00, real=0.00 secs] 
3167.805: [GC (Allocation Failure) [PSYoungGen: 68480K->1501K(69120K)] 388942K->321963K(744448K), 0.0018350 secs] [Times: user=0.01 sys=0.00, real=0.00 secs] 
3168.287: [GC (Allocation Failure) [PSYoungGen: 68573K->1565K(69120K)] 389035K->322027K(744448K), 0.0015683 secs] [Times: user=0.01 sys=0.00, real=0.00 secs] 
3168.688: [GC (Allocation Failure) [PSYoungGen: 68637K->1565K(69120K)] 389099K->322027K(744448K), 0.0016847 secs] [Times: user=0.01 sys=0.00, real=0.00 secs] 
3169.081: [GC (Allocation Failure) [PSYoungGen: 68637K->1488K(69120K)] 389099K->321958K(744448K), 0.0015692 secs] [Times: user=0.00 sys=0.00, real=0.00 secs] 
3169.454: [GC (Allocation Failure) [PSYoungGen: 68560K->1424K(69120K)] 389030K->321894K(744448K), 0.0022319 secs] [Times: user=0.01 sys=0.00, real=0.00 secs] 
3169.785: [GC (Allocation Failure) [PSYoungGen: 68496K->1376K(69120K)] 388966K->321846K(744448K), 0.0019909 secs] [Times: user=0.00 sys=0.00, real=0.00 secs] 
3170.340: [GC (Allocation Failure) [PSYoungGen: 68448K->1344K(69120K)] 388918K->321814K(744448K), 0.0021227 secs] [Times: user=0.01 sys=0.00, real=0.01 secs] 
3170.937: [GC (Allocation Failure) [PSYoungGen: 68416K->1408K(69120K)] 388886K->321878K(744448K), 0.0019265 secs] [Times: user=0.01 sys=0.00, real=0.00 secs] 
3171.506: [GC (Allocation Failure) [PSYoungGen: 68480K->1440K(69120K)] 388950K->321910K(744448K), 0.0016543 secs] [Times: user=0.00 sys=0.00, real=0.00 secs] 
3171.900: [GC (Allocation Failure) [PSYoungGen: 68512K->1536K(69120K)] 388982K->322006K(744448K), 0.0016495 secs] [Times: user=0.01 sys=0.00, real=0.00 secs] 
3172.292: [GC (Allocation Failure) [PSYoungGen: 68608K->1549K(69120K)] 389078K->322019K(744448K), 0.0016373 secs] [Times: user=0.01 sys=0.00, real=0.00 secs] 
3172.684: [GC (Allocation Failure) [PSYoungGen: 68621K->1581K(69120K)] 389091K->322067K(744448K), 0.0017042 secs] [Times: user=0.01 sys=0.00, real=0.00 secs] 
3173.059: [GC (Allocation Failure) [PSYoungGen: 68653K->1408K(69120K)] 389139K->321894K(744448K), 0.0074820 secs] [Times: user=0.03 sys=0.00, real=0.01 secs] 
3173.373: [GC (Allocation Failure) [PSYoungGen: 68480K->1344K(69120K)] 388966K->321830K(744448K), 0.0020211 secs] [Times: user=0.01 sys=0.00, real=0.00 secs] 
3173.713: [GC (Allocation Failure) [PSYoungGen: 68416K->1376K(69120K)] 388902K->321862K(744448K), 0.0021109 secs] [Times: user=0.01 sys=0.00, real=0.00 secs] 
3174.022: [GC (Allocation Failure) [PSYoungGen: 68448K->1408K(69120K)] 388934K->321894K(744448K), 0.0025453 secs] [Times: user=0.01 sys=0.00, real=0.00 secs] 
3174.448: [GC (Allocation Failure) [PSYoungGen: 68480K->1501K(69120K)] 388966K->322003K(744448K), 0.0017443 secs] [Times: user=0.00 sys=0.00, real=0.00 secs] 
3174.840: [GC (Allocation Failure) [PSYoungGen: 68573K->1536K(69120K)] 389075K->322038K(744448K), 0.0015930 secs] [Times: user=0.00 sys=0.00, real=0.01 secs] 
3175.233: [GC (Allocation Failure) [PSYoungGen: 68608K->1549K(69120K)] 389110K->322051K(744448K), 0.0017134 secs] [Times: user=0.01 sys=0.00, real=0.00 secs] 
3175.685: [GC (Allocation Failure) [PSYoungGen: 68621K->1533K(69120K)] 389123K->322051K(744448K), 0.0016058 secs] [Times: user=0.01 sys=0.00, real=0.00 secs] 
3176.133: [GC (Allocation Failure) [PSYoungGen: 68605K->1392K(69120K)] 389123K->321910K(744448K), 0.0019263 secs] [Times: user=0.01 sys=0.00, real=0.00 secs] 
3176.680: [GC (Allocation Failure) [PSYoungGen: 68464K->1408K(69120K)] 388982K->321926K(744448K), 0.0021501 secs] [Times: user=0.01 sys=0.00, real=0.01 secs] 
3177.267: [GC (Allocation Failure) [PSYoungGen: 68480K->1408K(69120K)] 388998K->321926K(744448K), 0.0021330 secs] [Times: user=0.00 sys=0.00, real=0.00 secs] 
3177.922: [GC (Allocation Failure) [PSYoungGen: 68480K->1344K(69120K)] 388998K->321862K(744448K), 0.0024707 secs] [Times: user=0.00 sys=0.01, real=0.00 secs] 
3178.608: [GC (Allocation Failure) [PSYoungGen: 68416K->1536K(69120K)] 388934K->322054K(744448K), 0.0016951 secs] [Times: user=0.01 sys=0.00, real=0.00 secs] 
3179.059: [GC (Allocation Failure) [PSYoungGen: 68608K->1565K(69120K)] 389126K->322083K(744448K), 0.0015783 secs] [Times: user=0.01 sys=0.00, real=0.01 secs] 
3179.508: [GC (Allocation Failure) [PSYoungGen: 68637K->1597K(69120K)] 389155K->322115K(744448K), 0.0017661 secs] [Times: user=0.01 sys=0.00, real=0.01 secs] 
3179.993: [GC (Allocation Failure) [PSYoungGen: 68669K->1792K(69120K)] 389187K->322310K(744448K), 0.0019772 secs] [Times: user=0.01 sys=0.00, real=0.00 secs] 
3180.532: [GC (Allocation Failure) [PSYoungGen: 68864K->1408K(69120K)] 389382K->321926K(744448K), 0.0025850 secs] [Times: user=0.01 sys=0.00, real=0.00 secs] 
3181.107: [GC (Allocation Failure) [PSYoungGen: 68480K->1360K(69120K)] 388998K->321878K(744448K), 0.0024676 secs] [Times: user=0.01 sys=0.00, real=0.00 secs] 
3181.668: [GC (Allocation Failure) [PSYoungGen: 68432K->1408K(69120K)] 388950K->321926K(744448K), 0.0038115 secs] [Times: user=0.01 sys=0.00, real=0.01 secs] 
3182.276: [GC (Allocation Failure) [PSYoungGen: 68480K->1408K(69120K)] 388998K->321926K(744448K), 0.0025331 secs] [Times: user=0.01 sys=0.00, real=0.00 secs] 
3182.764: [GC (Allocation Failure) [PSYoungGen: 68480K->1597K(69120K)] 388998K->322115K(744448K), 0.0015631 secs] [Times: user=0.00 sys=0.00, real=0.00 secs] 
3183.159: [GC (Allocation Failure) [PSYoungGen: 68669K->1613K(69120K)] 389187K->322131K(744448K), 0.0015687 secs] [Times: user=0.01 sys=0.00, real=0.01 secs] 
3183.561: [GC (Allocation Failure) [PSYoungGen: 68685K->1533K(69120K)] 389203K->322051K(744448K), 0.0016136 secs] [Times: user=0.01 sys=0.00, real=0.00 secs] 
3184.010: [GC (Allocation Failure) [PSYoungGen: 68605K->1472K(69120K)] 389123K->321990K(744448K), 0.0018648 secs] [Times: user=0.01 sys=0.00, real=0.01 secs] 
3184.289: [GC (Allocation Failure) [PSYoungGen: 68544K->1408K(69120K)] 389062K->321926K(744448K), 0.0017508 secs] [Times: user=0.01 sys=0.00, real=0.01 secs] 
3184.568: [GC (Allocation Failure) [PSYoungGen: 68480K->1408K(69120K)] 388998K->321926K(744448K), 0.0021075 secs] [Times: user=0.01 sys=0.00, real=0.00 secs] 
3184.901: [GC (Allocation Failure) [PSYoungGen: 68480K->1376K(69120K)] 388998K->321894K(744448K), 0.0022633 secs] [Times: user=0.01 sys=0.00, real=0.00 secs] 
3185.228: [GC (Allocation Failure) [PSYoungGen: 68448K->1437K(69120K)] 388966K->321979K(744448K), 0.0017556 secs] [Times: user=0.00 sys=0.00, real=0.00 secs] 
3185.625: [GC (Allocation Failure) [PSYoungGen: 68509K->1520K(69120K)] 389051K->322062K(744448K), 0.0015848 secs] [Times: user=0.01 sys=0.00, real=0.00 secs] 
3186.017: [GC (Allocation Failure) [PSYoungGen: 68592K->1600K(69120K)] 389134K->322142K(744448K), 0.0016727 secs] [Times: user=0.00 sys=0.00, real=0.00 secs] 
3186.409: [GC (Allocation Failure) [PSYoungGen: 68672K->1581K(69120K)] 389214K->322139K(744448K), 0.0015937 secs] [Times: user=0.01 sys=0.00, real=0.00 secs] 
3186.815: [GC (Allocation Failure) [PSYoungGen: 68653K->1456K(69120K)] 389211K->322014K(744448K), 0.0017124 secs] [Times: user=0.01 sys=0.00, real=0.00 secs] 
3187.204: [GC (Allocation Failure) [PSYoungGen: 68528K->1376K(69120K)] 389086K->321934K(744448K), 0.0016598 secs] [Times: user=0.00 sys=0.00, real=0.00 secs] 
3187.507: [GC (Allocation Failure) [PSYoungGen: 68448K->1376K(69120K)] 389006K->321934K(744448K), 0.0018484 secs] [Times: user=0.01 sys=0.00, real=0.00 secs] 
3188.038: [GC (Allocation Failure) [PSYoungGen: 68448K->1376K(69120K)] 389006K->321934K(744448K), 0.0024346 secs] [Times: user=0.01 sys=0.00, real=0.01 secs] 
3188.839: [GC (Allocation Failure) [PSYoungGen: 68440K->1437K(69120K)] 388999K->321995K(744448K), 0.0020625 secs] [Times: user=0.01 sys=0.00, real=0.01 secs] 
3189.252: [GC (Allocation Failure) [PSYoungGen: 68509K->1549K(69120K)] 389067K->322107K(744448K), 0.0015570 secs] [Times: user=0.01 sys=0.00, real=0.00 secs] 
3189.699: [GC (Allocation Failure) [PSYoungGen: 68621K->1600K(69120K)] 389179K->322158K(744448K), 0.0015728 secs] [Times: user=0.00 sys=0.00, real=0.01 secs] 
3190.092: [GC (Allocation Failure) [PSYoungGen: 68672K->1552K(69120K)] 389230K->322118K(744448K), 0.0016132 secs] [Times: user=0.01 sys=0.00, real=0.00 secs] 
3190.803: [GC (Allocation Failure) [PSYoungGen: 68624K->1424K(69120K)] 389190K->321990K(744448K), 0.0029466 secs] [Times: user=0.01 sys=0.00, real=0.00 secs] 
3191.382: [GC (Allocation Failure) [PSYoungGen: 68496K->1392K(69120K)] 389062K->321958K(744448K), 0.0025183 secs] [Times: user=0.01 sys=0.00, real=0.00 secs] 
3192.178: [GC (Allocation Failure) [PSYoungGen: 68464K->1408K(69120K)] 389030K->321974K(744448K), 0.0038552 secs] [Times: user=0.01 sys=0.00, real=0.01 secs] 
3192.909: [GC (Allocation Failure) [PSYoungGen: 68480K->1408K(69120K)] 389046K->321974K(744448K), 0.0035083 secs] [Times: user=0.02 sys=0.00, real=0.01 secs] 
3193.686: [GC (Allocation Failure) [PSYoungGen: 68480K->1533K(69120K)] 389046K->322099K(744448K), 0.0015285 secs] [Times: user=0.01 sys=0.00, real=0.00 secs] 
3194.081: [GC (Allocation Failure) [PSYoungGen: 68605K->1536K(69120K)] 389171K->322102K(744448K), 0.0016620 secs] [Times: user=0.00 sys=0.00, real=0.00 secs] 
3194.473: [GC (Allocation Failure) [PSYoungGen: 68608K->1536K(69120K)] 389174K->322102K(744448K), 0.0015018 secs] [Times: user=0.00 sys=0.00, real=0.00 secs] 
3194.866: [GC (Allocation Failure) [PSYoungGen: 68608K->1568K(69120K)] 389174K->322150K(744448K), 0.0015682 secs] [Times: user=0.01 sys=0.00, real=0.00 secs] 
3195.770: [GC (Allocation Failure) [PSYoungGen: 68640K->1408K(69120K)] 389222K->321990K(744448K), 0.0022024 secs] [Times: user=0.00 sys=0.00, real=0.00 secs] 
3196.608: [GC (Allocation Failure) [PSYoungGen: 68480K->1408K(69120K)] 389062K->321990K(744448K), 0.0022980 secs] [Times: user=0.01 sys=0.00, real=0.00 secs] 
3197.523: [GC (Allocation Failure) [PSYoungGen: 68480K->1408K(69120K)] 389062K->321990K(744448K), 0.0038826 secs] [Times: user=0.01 sys=0.00, real=0.00 secs] 
3198.377: [GC (Allocation Failure) [PSYoungGen: 68480K->1376K(69120K)] 389062K->321966K(744448K), 0.0026651 secs] [Times: user=0.01 sys=0.00, real=0.00 secs] 
3198.804: [GC (Allocation Failure) [PSYoungGen: 68448K->1533K(69120K)] 389038K->322123K(744448K), 0.0015989 secs] [Times: user=0.01 sys=0.00, real=0.00 secs] 
3199.198: [GC (Allocation Failure) [PSYoungGen: 68605K->1517K(69120K)] 389195K->322107K(744448K), 0.0015589 secs] [Times: user=0.01 sys=0.00, real=0.00 secs] 
3199.590: [GC (Allocation Failure) [PSYoungGen: 68589K->1568K(69120K)] 389179K->322158K(744448K), 0.0016942 secs] [Times: user=0.00 sys=0.00, real=0.01 secs] 
3199.982: [GC (Allocation Failure) [PSYoungGen: 68640K->1584K(69120K)] 389230K->322190K(744448K), 0.0016669 secs] [Times: user=0.01 sys=0.00, real=0.00 secs] 
3200.633: [GC (Allocation Failure) [PSYoungGen: 68656K->1408K(69120K)] 389262K->322014K(744448K), 0.0019575 secs] [Times: user=0.01 sys=0.00, real=0.00 secs] 
3201.165: [GC (Allocation Failure) [PSYoungGen: 68480K->1408K(69120K)] 389086K->322014K(744448K), 0.0026134 secs] [Times: user=0.01 sys=0.00, real=0.00 secs] 
3201.480: [GC (Allocation Failure) [PSYoungGen: 68480K->1344K(69120K)] 389086K->321950K(744448K), 0.0018564 secs] [Times: user=0.01 sys=0.00, real=0.01 secs] 
3201.813: [GC (Allocation Failure) [PSYoungGen: 68416K->1376K(69120K)] 389022K->321982K(744448K), 0.0018538 secs] [Times: user=0.00 sys=0.00, real=0.00 secs] 
3202.210: [GC (Allocation Failure) [PSYoungGen: 68448K->1501K(69120K)] 389054K->322107K(744448K), 0.0016014 secs] [Times: user=0.01 sys=0.00, real=0.00 secs] 
3202.602: [GC (Allocation Failure) [PSYoungGen: 68552K->1533K(69120K)] 389158K->322139K(744448K), 0.0015483 secs] [Times: user=0.00 sys=0.00, real=0.00 secs] 
3202.995: [GC (Allocation Failure) [PSYoungGen: 68605K->1536K(69120K)] 389211K->322142K(744448K), 0.0016148 secs] [Times: user=0.01 sys=0.00, real=0.00 secs] 
3203.395: [GC (Allocation Failure) [PSYoungGen: 68608K->1488K(69120K)] 389214K->322094K(744448K), 0.0017806 secs] [Times: user=0.01 sys=0.00, real=0.00 secs] 
3203.711: [GC (Allocation Failure) [PSYoungGen: 68560K->1376K(69120K)] 389166K->321982K(744448K), 0.0016238 secs] [Times: user=0.00 sys=0.00, real=0.00 secs] 
3204.075: [GC (Allocation Failure) [PSYoungGen: 68448K->1392K(69120K)] 389054K->321998K(744448K), 0.0017954 secs] [Times: user=0.01 sys=0.01, real=0.00 secs] 
3204.461: [GC (Allocation Failure) [PSYoungGen: 68464K->1312K(69120K)] 389070K->321926K(744448K), 0.0017736 secs] [Times: user=0.01 sys=0.00, real=0.00 secs] 
3204.852: [GC (Allocation Failure) [PSYoungGen: 68384K->1376K(69120K)] 388998K->321990K(744448K), 0.0017288 secs] [Times: user=0.01 sys=0.00, real=0.00 secs] 
3205.352: [GC (Allocation Failure) [PSYoungGen: 68448K->1565K(69120K)] 389062K->322179K(744448K), 0.0015760 secs] [Times: user=0.01 sys=0.00, real=0.00 secs] 
3205.744: [GC (Allocation Failure) [PSYoungGen: 68637K->1536K(69120K)] 389251K->322150K(744448K), 0.0015642 secs] [Times: user=0.01 sys=0.00, real=0.00 secs] 
3206.137: [GC (Allocation Failure) [PSYoungGen: 68608K->1581K(69120K)] 389222K->322195K(744448K), 0.0015665 secs] [Times: user=0.01 sys=0.00, real=0.00 secs] 
3206.659: [GC (Allocation Failure) [PSYoungGen: 68653K->1488K(69120K)] 389267K->322102K(744448K), 0.0015950 secs] [Times: user=0.01 sys=0.00, real=0.01 secs] 
3207.274: [GC (Allocation Failure) [PSYoungGen: 68560K->1408K(69120K)] 389174K->322022K(744448K), 0.0021786 secs] [Times: user=0.01 sys=0.00, real=0.00 secs] 
3207.886: [GC (Allocation Failure) [PSYoungGen: 68480K->1408K(69120K)] 389094K->322022K(744448K), 0.0022579 secs] [Times: user=0.00 sys=0.00, real=0.00 secs] 
3208.522: [GC (Allocation Failure) [PSYoungGen: 68480K->1408K(69120K)] 389094K->322030K(744448K), 0.0022390 secs] [Times: user=0.01 sys=0.00, real=0.00 secs] 
3209.472: [GC (Allocation Failure) [PSYoungGen: 68480K->1501K(69120K)] 389102K->322123K(744448K), 0.0024152 secs] [Times: user=0.01 sys=0.00, real=0.00 secs] 
3209.914: [GC (Allocation Failure) [PSYoungGen: 68573K->1565K(69120K)] 389195K->322187K(744448K), 0.0015464 secs] [Times: user=0.01 sys=0.00, real=0.00 secs] 
3210.308: [GC (Allocation Failure) [PSYoungGen: 68637K->1568K(69120K)] 389259K->322190K(744448K), 0.0015602 secs] [Times: user=0.01 sys=0.00, real=0.00 secs] 
3210.701: [GC (Allocation Failure) [PSYoungGen: 68640K->1584K(69120K)] 389262K->322222K(744448K), 0.0016072 secs] [Times: user=0.00 sys=0.00, real=0.00 secs] 
3211.138: [GC (Allocation Failure) [PSYoungGen: 68656K->1488K(69120K)] 389294K->322126K(744448K), 0.0026782 secs] [Times: user=0.01 sys=0.00, real=0.01 secs] 
3211.437: [GC (Allocation Failure) [PSYoungGen: 68560K->1344K(69120K)] 389198K->321982K(744448K), 0.0021338 secs] [Times: user=0.01 sys=0.00, real=0.00 secs] 
3211.766: [GC (Allocation Failure) [PSYoungGen: 68416K->1376K(69120K)] 389054K->322014K(744448K), 0.0018830 secs] [Times: user=0.01 sys=0.00, real=0.00 secs] 
3212.063: [GC (Allocation Failure) [PSYoungGen: 68448K->1376K(69120K)] 389086K->322014K(744448K), 0.0019512 secs] [Times: user=0.01 sys=0.00, real=0.00 secs] 
3212.488: [GC (Allocation Failure) [PSYoungGen: 68448K->1472K(69120K)] 389086K->322110K(744448K), 0.0017056 secs] [Times: user=0.01 sys=0.00, real=0.00 secs] 
3212.883: [GC (Allocation Failure) [PSYoungGen: 68544K->1565K(69120K)] 389182K->322203K(744448K), 0.0015470 secs] [Times: user=0.01 sys=0.00, real=0.00 secs] 
3213.276: [GC (Allocation Failure) [PSYoungGen: 68637K->1581K(69120K)] 389275K->322219K(744448K), 0.0017280 secs] [Times: user=0.00 sys=0.00, real=0.00 secs] 
3213.668: [GC (Allocation Failure) [PSYoungGen: 68653K->1549K(69120K)] 389291K->322203K(744448K), 0.0015589 secs] [Times: user=0.01 sys=0.00, real=0.00 secs] 
3214.317: [GC (Allocation Failure) [PSYoungGen: 68621K->1408K(69120K)] 389275K->322062K(744448K), 0.0017514 secs] [Times: user=0.00 sys=0.00, real=0.00 secs] 
3214.948: [GC (Allocation Failure) [PSYoungGen: 68480K->1376K(69120K)] 389134K->322030K(744448K), 0.0020181 secs] [Times: user=0.01 sys=0.00, real=0.01 secs] 
3215.256: [GC (Allocation Failure) [PSYoungGen: 68448K->1360K(69120K)] 389102K->322038K(744448K), 0.0021420 secs] [Times: user=0.00 sys=0.00, real=0.00 secs] 
3215.534: [GC (Allocation Failure) [PSYoungGen: 68432K->1344K(69120K)] 389110K->322022K(744448K), 0.0017710 secs] [Times: user=0.01 sys=0.00, real=0.00 secs] 
3215.897: [GC (Allocation Failure) [PSYoungGen: 68416K->1501K(69120K)] 389094K->322179K(744448K), 0.0016073 secs] [Times: user=0.01 sys=0.00, real=0.00 secs] 
3216.288: [GC (Allocation Failure) [PSYoungGen: 68573K->1565K(69120K)] 389251K->322243K(744448K), 0.0017454 secs] [Times: user=0.01 sys=0.00, real=0.00 secs] 
3216.680: [GC (Allocation Failure) [PSYoungGen: 68637K->1597K(69120K)] 389315K->322275K(744448K), 0.0016160 secs] [Times: user=0.01 sys=0.00, real=0.01 secs] 
3217.075: [GC (Allocation Failure) [PSYoungGen: 68669K->1581K(69120K)] 389347K->322267K(744448K), 0.0015147 secs] [Times: user=0.01 sys=0.00, real=0.00 secs] 
3217.775: [GC (Allocation Failure) [PSYoungGen: 68653K->1376K(69120K)] 389339K->322062K(744448K), 0.0017366 secs] [Times: user=0.01 sys=0.00, real=0.00 secs] 
3218.547: [GC (Allocation Failure) [PSYoungGen: 68448K->1344K(69120K)] 389134K->322030K(744448K), 0.0031183 secs] [Times: user=0.01 sys=0.00, real=0.00 secs] 
3219.332: [GC (Allocation Failure) [PSYoungGen: 68416K->1376K(69120K)] 389102K->322062K(744448K), 0.0038006 secs] [Times: user=0.01 sys=0.00, real=0.00 secs] 
3219.990: [GC (Allocation Failure) [PSYoungGen: 68448K->1376K(69120K)] 389134K->322062K(744448K), 0.0027761 secs] [Times: user=0.01 sys=0.00, real=0.01 secs] 
3220.524: [GC (Allocation Failure) [PSYoungGen: 68448K->1533K(69120K)] 389134K->322219K(744448K), 0.0015310 secs] [Times: user=0.00 sys=0.00, real=0.00 secs] 
3220.916: [GC (Allocation Failure) [PSYoungGen: 68605K->1581K(69120K)] 389291K->322267K(744448K), 0.0015832 secs] [Times: user=0.01 sys=0.00, real=0.00 secs] 
3221.308: [GC (Allocation Failure) [PSYoungGen: 68653K->1568K(69120K)] 389339K->322254K(744448K), 0.0016916 secs] [Times: user=0.01 sys=0.00, real=0.00 secs] 
3221.724: [GC (Allocation Failure) [PSYoungGen: 68640K->1744K(69120K)] 389326K->322438K(744448K), 0.0017447 secs] [Times: user=0.01 sys=0.00, real=0.00 secs] 
3222.374: [GC (Allocation Failure) [PSYoungGen: 68816K->1376K(69120K)] 389510K->322070K(744448K), 0.0017521 secs] [Times: user=0.00 sys=0.00, real=0.00 secs] 
3222.980: [GC (Allocation Failure) [PSYoungGen: 68448K->1408K(69120K)] 389142K->322102K(744448K), 0.0018035 secs] [Times: user=0.00 sys=0.00, real=0.01 secs] 
3223.297: [GC (Allocation Failure) [PSYoungGen: 68480K->1376K(69120K)] 389174K->322070K(744448K), 0.0019466 secs] [Times: user=0.01 sys=0.00, real=0.00 secs] 
3223.655: [GC (Allocation Failure) [PSYoungGen: 68448K->1408K(69120K)] 389142K->322102K(744448K), 0.0018683 secs] [Times: user=0.01 sys=0.00, real=0.00 secs] 
3224.065: [GC (Allocation Failure) [PSYoungGen: 68480K->1597K(69120K)] 389174K->322291K(744448K), 0.0016725 secs] [Times: user=0.00 sys=0.00, real=0.00 secs] 
3224.467: [GC (Allocation Failure) [PSYoungGen: 68669K->1581K(69120K)] 389363K->322275K(744448K), 0.0016624 secs] [Times: user=0.01 sys=0.00, real=0.00 secs] 
3224.860: [GC (Allocation Failure) [PSYoungGen: 68653K->1568K(69120K)] 389347K->322262K(744448K), 0.0017019 secs] [Times: user=0.00 sys=0.00, real=0.01 secs] 
3225.323: [GC (Allocation Failure) [PSYoungGen: 68640K->1456K(69120K)] 389334K->322150K(744448K), 0.0017853 secs] [Times: user=0.01 sys=0.00, real=0.00 secs] 
3226.001: [GC (Allocation Failure) [PSYoungGen: 68528K->1328K(69120K)] 389222K->322030K(744448K), 0.0063896 secs] [Times: user=0.03 sys=0.00, real=0.00 secs] 
3226.611: [GC (Allocation Failure) [PSYoungGen: 68400K->1376K(69120K)] 389102K->322078K(744448K), 0.0025255 secs] [Times: user=0.01 sys=0.00, real=0.00 secs] 
3227.117: [GC (Allocation Failure) [PSYoungGen: 68448K->1376K(69120K)] 389150K->322078K(744448K), 0.0034785 secs] [Times: user=0.02 sys=0.00, real=0.01 secs] 
3227.648: [GC (Allocation Failure) [PSYoungGen: 68448K->1501K(69120K)] 389150K->322203K(744448K), 0.0022800 secs] [Times: user=0.01 sys=0.00, real=0.01 secs] 
3228.092: [GC (Allocation Failure) [PSYoungGen: 68573K->1568K(69120K)] 389275K->322270K(744448K), 0.0016681 secs] [Times: user=0.00 sys=0.00, real=0.00 secs] 
3228.484: [GC (Allocation Failure) [PSYoungGen: 68640K->1549K(69120K)] 389342K->322251K(744448K), 0.0016445 secs] [Times: user=0.01 sys=0.00, real=0.00 secs] 
3228.943: [GC (Allocation Failure) [PSYoungGen: 68621K->1597K(69120K)] 389323K->322315K(744448K), 0.0015825 secs] [Times: user=0.01 sys=0.00, real=0.00 secs] 
3230.118: [GC (Allocation Failure) [PSYoungGen: 68669K->1424K(69120K)] 389387K->322142K(744448K), 0.0037729 secs] [Times: user=0.02 sys=0.01, real=0.01 secs] 
3231.051: [GC (Allocation Failure) [PSYoungGen: 68496K->1408K(69120K)] 389214K->322126K(744448K), 0.0030173 secs] [Times: user=0.01 sys=0.00, real=0.00 secs] 
3232.083: [GC (Allocation Failure) [PSYoungGen: 68480K->1376K(69120K)] 389198K->322094K(744448K), 0.0030292 secs] [Times: user=0.01 sys=0.01, real=0.00 secs] 
3232.959: [GC (Allocation Failure) [PSYoungGen: 68448K->1344K(69120K)] 389166K->322062K(744448K), 0.0030796 secs] [Times: user=0.01 sys=0.00, real=0.01 secs] 
3233.598: [GC (Allocation Failure) [PSYoungGen: 68416K->1472K(69120K)] 389134K->322190K(744448K), 0.0014786 secs] [Times: user=0.01 sys=0.00, real=0.00 secs] 
3233.988: [GC (Allocation Failure) [PSYoungGen: 68544K->1597K(69120K)] 389262K->322315K(744448K), 0.0016460 secs] [Times: user=0.00 sys=0.00, real=0.00 secs] 
3234.385: [GC (Allocation Failure) [PSYoungGen: 68669K->1552K(69120K)] 389387K->322270K(744448K), 0.0015677 secs] [Times: user=0.00 sys=0.00, real=0.00 secs] 
3234.849: [GC (Allocation Failure) [PSYoungGen: 68624K->1581K(69120K)] 389342K->322307K(744448K), 0.0015748 secs] [Times: user=0.00 sys=0.00, real=0.01 secs] 
3235.750: [GC (Allocation Failure) [PSYoungGen: 68653K->1456K(69120K)] 389379K->322182K(744448K), 0.0032951 secs] [Times: user=0.01 sys=0.00, real=0.00 secs] 
3236.642: [GC (Allocation Failure) [PSYoungGen: 68528K->1408K(69120K)] 389254K->322134K(744448K), 0.0032554 secs] [Times: user=0.01 sys=0.00, real=0.00 secs] 
3237.500: [GC (Allocation Failure) [PSYoungGen: 68480K->1408K(69120K)] 389206K->322134K(744448K), 0.0032324 secs] [Times: user=0.01 sys=0.00, real=0.01 secs] 
3238.247: [GC (Allocation Failure) [PSYoungGen: 68480K->1408K(69120K)] 389206K->322134K(744448K), 0.0032671 secs] [Times: user=0.01 sys=0.00, real=0.01 secs] 
3239.016: [GC (Allocation Failure) [PSYoungGen: 68480K->1485K(69120K)] 389206K->322211K(744448K), 0.0016722 secs] [Times: user=0.01 sys=0.00, real=0.00 secs] 
3239.407: [GC (Allocation Failure) [PSYoungGen: 68557K->1613K(69120K)] 389283K->322347K(744448K), 0.0016036 secs] [Times: user=0.01 sys=0.00, real=0.00 secs] 
3239.800: [GC (Allocation Failure) [PSYoungGen: 68685K->1629K(69120K)] 389419K->322363K(744448K), 0.0015653 secs] [Times: user=0.00 sys=0.00, real=0.00 secs] 
3240.193: [GC (Allocation Failure) [PSYoungGen: 68701K->1616K(69120K)] 389435K->322358K(744448K), 0.0015788 secs] [Times: user=0.01 sys=0.00, real=0.00 secs] 
3240.799: [GC (Allocation Failure) [PSYoungGen: 68688K->1440K(69120K)] 389430K->322182K(744448K), 0.0019875 secs] [Times: user=0.01 sys=0.00, real=0.01 secs] 
3241.412: [GC (Allocation Failure) [PSYoungGen: 68512K->1408K(69120K)] 389254K->322150K(744448K), 0.0030252 secs] [Times: user=0.01 sys=0.00, real=0.00 secs] 
3241.993: [GC (Allocation Failure) [PSYoungGen: 68480K->1408K(69120K)] 389222K->322150K(744448K), 0.0022911 secs] [Times: user=0.01 sys=0.00, real=0.00 secs] 
3242.674: [GC (Allocation Failure) [PSYoungGen: 68480K->1344K(69120K)] 389222K->322086K(744448K), 0.0032005 secs] [Times: user=0.01 sys=0.00, real=0.00 secs] 
3243.262: [GC (Allocation Failure) [PSYoungGen: 68416K->1469K(69120K)] 389158K->322211K(744448K), 0.0017468 secs] [Times: user=0.01 sys=0.00, real=0.00 secs] 
3243.654: [GC (Allocation Failure) [PSYoungGen: 68536K->1597K(69120K)] 389278K->322339K(744448K), 0.0015958 secs] [Times: user=0.01 sys=0.00, real=0.00 secs] 
3244.046: [GC (Allocation Failure) [PSYoungGen: 68669K->1600K(69120K)] 389411K->322342K(744448K), 0.0015489 secs] [Times: user=0.01 sys=0.00, real=0.00 secs] 
3244.439: [GC (Allocation Failure) [PSYoungGen: 68672K->1613K(69120K)] 389414K->322363K(744448K), 0.0015496 secs] [Times: user=0.00 sys=0.00, real=0.01 secs] 
3244.770: [GC (Allocation Failure) [PSYoungGen: 68685K->1376K(69120K)] 389435K->322126K(744448K), 0.0020926 secs] [Times: user=0.01 sys=0.01, real=0.00 secs] 
3245.193: [GC (Allocation Failure) [PSYoungGen: 68448K->1376K(69120K)] 389198K->322126K(744448K), 0.0022003 secs] [Times: user=0.01 sys=0.00, real=0.00 secs] 
3245.713: [GC (Allocation Failure) [PSYoungGen: 68448K->1376K(69120K)] 389198K->322150K(744448K), 0.0030351 secs] [Times: user=0.01 sys=0.00, real=0.00 secs] 
3246.331: [GC (Allocation Failure) [PSYoungGen: 68448K->1392K(69120K)] 389222K->322166K(744448K), 0.0030085 secs] [Times: user=0.01 sys=0.00, real=0.00 secs] 
3246.909: [GC (Allocation Failure) [PSYoungGen: 68464K->1533K(69120K)] 389238K->322307K(744448K), 0.0017154 secs] [Times: user=0.01 sys=0.00, real=0.01 secs] 
3247.303: [GC (Allocation Failure) [PSYoungGen: 68605K->1504K(69120K)] 389379K->322278K(744448K), 0.0016841 secs] [Times: user=0.01 sys=0.00, real=0.00 secs] 
3247.704: [GC (Allocation Failure) [PSYoungGen: 68576K->1581K(69120K)] 389350K->322355K(744448K), 0.0017150 secs] [Times: user=0.00 sys=0.00, real=0.00 secs] 
3248.107: [GC (Allocation Failure) [PSYoungGen: 68653K->2016K(69120K)] 389427K->322798K(744448K), 0.0018887 secs] [Times: user=0.01 sys=0.00, real=0.00 secs] 
3248.401: [GC (Allocation Failure) [PSYoungGen: 69088K->1344K(69120K)] 389870K->322126K(744448K), 0.0016203 secs] [Times: user=0.00 sys=0.00, real=0.00 secs] 
3248.682: [GC (Allocation Failure) [PSYoungGen: 68416K->1360K(69120K)] 389198K->322142K(744448K), 0.0017330 secs] [Times: user=0.01 sys=0.00, real=0.00 secs] 
3248.961: [GC (Allocation Failure) [PSYoungGen: 68432K->1344K(69120K)] 389214K->322126K(744448K), 0.0015735 secs] [Times: user=0.01 sys=0.00, real=0.00 secs] 
3249.287: [GC (Allocation Failure) [PSYoungGen: 68416K->1376K(69120K)] 389198K->322158K(744448K), 0.0016867 secs] [Times: user=0.01 sys=0.01, real=0.00 secs] 
3249.690: [GC (Allocation Failure) [PSYoungGen: 68448K->1597K(69120K)] 389230K->322379K(744448K), 0.0016216 secs] [Times: user=0.00 sys=0.00, real=0.01 secs] 
3250.085: [GC (Allocation Failure) [PSYoungGen: 68669K->1568K(69120K)] 389451K->322350K(744448K), 0.0016902 secs] [Times: user=0.00 sys=0.00, real=0.00 secs] 
3250.477: [GC (Allocation Failure) [PSYoungGen: 68640K->1597K(69120K)] 389422K->322379K(744448K), 0.0015950 secs] [Times: user=0.01 sys=0.00, real=0.00 secs] 
3250.927: [GC (Allocation Failure) [PSYoungGen: 68669K->1456K(69120K)] 389451K->322238K(744448K), 0.0019987 secs] [Times: user=0.01 sys=0.00, real=0.00 secs] 
3251.304: [GC (Allocation Failure) [PSYoungGen: 68528K->1408K(69120K)] 389310K->322190K(744448K), 0.0020204 secs] [Times: user=0.01 sys=0.00, real=0.00 secs] 
3251.798: [GC (Allocation Failure) [PSYoungGen: 68480K->1376K(69120K)] 389262K->322158K(744448K), 0.0021058 secs] [Times: user=0.01 sys=0.00, real=0.00 secs] 
3252.425: [GC (Allocation Failure) [PSYoungGen: 68448K->1424K(69120K)] 389230K->322206K(744448K), 0.0036842 secs] [Times: user=0.01 sys=0.00, real=0.00 secs] 
3253.250: [GC (Allocation Failure) [PSYoungGen: 68496K->1469K(69120K)] 389278K->322251K(744448K), 0.0022246 secs] [Times: user=0.01 sys=0.00, real=0.01 secs] 
3253.683: [GC (Allocation Failure) [PSYoungGen: 68541K->1597K(69120K)] 389323K->322379K(744448K), 0.0016138 secs] [Times: user=0.00 sys=0.00, real=0.00 secs] 
3254.079: [GC (Allocation Failure) [PSYoungGen: 68669K->1597K(69120K)] 389451K->322387K(744448K), 0.0015470 secs] [Times: user=0.00 sys=0.00, real=0.01 secs] 
3254.529: [GC (Allocation Failure) [PSYoungGen: 68669K->1613K(69120K)] 389459K->322411K(744448K), 0.0016327 secs] [Times: user=0.01 sys=0.00, real=0.00 secs] 
3254.894: [GC (Allocation Failure) [PSYoungGen: 68685K->1392K(69120K)] 389483K->322206K(744448K), 0.0021875 secs] [Times: user=0.01 sys=0.00, real=0.00 secs] 
3255.173: [GC (Allocation Failure) [PSYoungGen: 68464K->1376K(69120K)] 389278K->322190K(744448K), 0.0018999 secs] [Times: user=0.01 sys=0.00, real=0.00 secs] 
3255.452: [GC (Allocation Failure) [PSYoungGen: 68448K->1376K(69120K)] 389262K->322190K(744448K), 0.0019717 secs] [Times: user=0.01 sys=0.00, real=0.00 secs] 
3255.731: [GC (Allocation Failure) [PSYoungGen: 68448K->1408K(69120K)] 389262K->322222K(744448K), 0.0019008 secs] [Times: user=0.01 sys=0.00, real=0.00 secs] 
3256.066: [GC (Allocation Failure) [PSYoungGen: 68480K->1437K(69120K)] 389294K->322251K(744448K), 0.0015910 secs] [Times: user=0.01 sys=0.00, real=0.00 secs] 
3256.458: [GC (Allocation Failure) [PSYoungGen: 68509K->1568K(69120K)] 389323K->322382K(744448K), 0.0015939 secs] [Times: user=0.01 sys=0.00, real=0.00 secs] 
3256.851: [GC (Allocation Failure) [PSYoungGen: 68640K->1565K(69120K)] 389454K->322379K(744448K), 0.0015517 secs] [Times: user=0.00 sys=0.00, real=0.00 secs] 
3257.244: [GC (Allocation Failure) [PSYoungGen: 68637K->1536K(69120K)] 389451K->322366K(744448K), 0.0016852 secs] [Times: user=0.01 sys=0.00, real=0.00 secs] 
3257.924: [GC (Allocation Failure) [PSYoungGen: 68608K->1440K(69120K)] 389438K->322270K(744448K), 0.0020209 secs] [Times: user=0.01 sys=0.00, real=0.00 secs] 
3258.485: [GC (Allocation Failure) [PSYoungGen: 68512K->1408K(69120K)] 389342K->322238K(744448K), 0.0027215 secs] [Times: user=0.01 sys=0.00, real=0.00 secs] 
3259.144: [GC (Allocation Failure) [PSYoungGen: 68480K->1408K(69120K)] 389310K->322238K(744448K), 0.0029391 secs] [Times: user=0.01 sys=0.00, real=0.00 secs] 
3259.931: [GC (Allocation Failure) [PSYoungGen: 68480K->1376K(69120K)] 389310K->322206K(744448K), 0.0026662 secs] [Times: user=0.01 sys=0.01, real=0.00 secs] 
3260.531: [GC (Allocation Failure) [PSYoungGen: 68448K->1504K(69120K)] 389278K->322334K(744448K), 0.0015047 secs] [Times: user=0.01 sys=0.00, real=0.00 secs] 
3260.924: [GC (Allocation Failure) [PSYoungGen: 68576K->1549K(69120K)] 389406K->322379K(744448K), 0.0015456 secs] [Times: user=0.00 sys=0.00, real=0.00 secs] 
3261.318: [GC (Allocation Failure) [PSYoungGen: 68621K->1568K(69120K)] 389451K->322398K(744448K), 0.0016443 secs] [Times: user=0.01 sys=0.00, real=0.00 secs] 
3261.709: [GC (Allocation Failure) [PSYoungGen: 68640K->1536K(69120K)] 389470K->322382K(744448K), 0.0015562 secs] [Times: user=0.01 sys=0.00, real=0.01 secs] 
3262.458: [GC (Allocation Failure) [PSYoungGen: 68608K->1408K(69120K)] 389454K->322254K(744448K), 0.0019744 secs] [Times: user=0.01 sys=0.00, real=0.01 secs] 
3263.014: [GC (Allocation Failure) [PSYoungGen: 68480K->1376K(69120K)] 389326K->322222K(744448K), 0.0020056 secs] [Times: user=0.00 sys=0.00, real=0.00 secs] 
3263.577: [GC (Allocation Failure) [PSYoungGen: 68448K->1392K(69120K)] 389294K->322238K(744448K), 0.0038048 secs] [Times: user=0.02 sys=0.00, real=0.01 secs] 
3264.099: [GC (Allocation Failure) [PSYoungGen: 68464K->1392K(69120K)] 389310K->322238K(744448K), 0.0030154 secs] [Times: user=0.01 sys=0.00, real=0.01 secs] 
3264.624: [GC (Allocation Failure) [PSYoungGen: 68464K->1533K(69120K)] 389310K->322379K(744448K), 0.0017113 secs] [Times: user=0.00 sys=0.00, real=0.00 secs] 
3265.016: [GC (Allocation Failure) [PSYoungGen: 68581K->1536K(69120K)] 389428K->322382K(744448K), 0.0015567 secs] [Times: user=0.01 sys=0.00, real=0.00 secs] 
3265.417: [GC (Allocation Failure) [PSYoungGen: 68608K->1581K(69120K)] 389454K->322427K(744448K), 0.0016183 secs] [Times: user=0.01 sys=0.00, real=0.00 secs] 
3266.031: [GC (Allocation Failure) [PSYoungGen: 68653K->1696K(69120K)] 389499K->322542K(744448K), 0.0023697 secs] [Times: user=0.01 sys=0.00, real=0.00 secs] 
3267.333: [GC (Allocation Failure) [PSYoungGen: 68768K->1408K(69120K)] 389614K->322270K(744448K), 0.0025451 secs] [Times: user=0.01 sys=0.00, real=0.00 secs] 
3267.907: [GC (Allocation Failure) [PSYoungGen: 68480K->1376K(69120K)] 389342K->322238K(744448K), 0.0024844 secs] [Times: user=0.01 sys=0.00, real=0.00 secs] 
3268.424: [GC (Allocation Failure) [PSYoungGen: 68448K->1408K(69120K)] 389310K->322270K(744448K), 0.0030058 secs] [Times: user=0.01 sys=0.00, real=0.00 secs] 
3269.199: [GC (Allocation Failure) [PSYoungGen: 68480K->1408K(69120K)] 389342K->322270K(744448K), 0.0029984 secs] [Times: user=0.01 sys=0.00, real=0.01 secs] 
3269.745: [GC (Allocation Failure) [PSYoungGen: 68480K->1597K(69120K)] 389342K->322459K(744448K), 0.0016663 secs] [Times: user=0.01 sys=0.00, real=0.00 secs] 
3270.137: [GC (Allocation Failure) [PSYoungGen: 68669K->1552K(69120K)] 389531K->322414K(744448K), 0.0017030 secs] [Times: user=0.00 sys=0.00, real=0.00 secs] 
3270.530: [GC (Allocation Failure) [PSYoungGen: 68624K->1597K(69120K)] 389486K->322459K(744448K), 0.0016971 secs] [Times: user=0.01 sys=0.00, real=0.01 secs] 
3271.304: [GC (Allocation Failure) [PSYoungGen: 68669K->1504K(69120K)] 389531K->322366K(744448K), 0.0032795 secs] [Times: user=0.01 sys=0.00, real=0.00 secs] 
3271.895: [GC (Allocation Failure) [PSYoungGen: 68576K->1376K(69120K)] 389438K->322238K(744448K), 0.0029698 secs] [Times: user=0.01 sys=0.00, real=0.00 secs] 
3272.479: [GC (Allocation Failure) [PSYoungGen: 68448K->1376K(69120K)] 389310K->322238K(744448K), 0.0030479 secs] [Times: user=0.02 sys=0.00, real=0.01 secs] 
3273.148: [GC (Allocation Failure) [PSYoungGen: 68448K->1376K(69120K)] 389310K->322238K(744448K), 0.0028442 secs] [Times: user=0.01 sys=0.00, real=0.01 secs] 
3273.802: [GC (Allocation Failure) [PSYoungGen: 68448K->1456K(69120K)] 389310K->322318K(744448K), 0.0025244 secs] [Times: user=0.01 sys=0.00, real=0.00 secs] 
3274.318: [GC (Allocation Failure) [PSYoungGen: 68528K->1568K(69120K)] 389390K->322430K(744448K), 0.0016351 secs] [Times: user=0.00 sys=0.00, real=0.00 secs] 
3274.711: [GC (Allocation Failure) [PSYoungGen: 68640K->1597K(69120K)] 389502K->322459K(744448K), 0.0015552 secs] [Times: user=0.01 sys=0.00, real=0.00 secs] 
3275.102: [GC (Allocation Failure) [PSYoungGen: 68669K->1568K(69120K)] 389531K->322446K(744448K), 0.0015785 secs] [Times: user=0.01 sys=0.00, real=0.00 secs] 
3275.579: [GC (Allocation Failure) [PSYoungGen: 68640K->1472K(69120K)] 389518K->322350K(744448K), 0.0066201 secs] [Times: user=0.03 sys=0.00, real=0.01 secs] 
3276.171: [GC (Allocation Failure) [PSYoungGen: 68544K->1376K(69120K)] 389422K->322254K(744448K), 0.0026999 secs] [Times: user=0.01 sys=0.00, real=0.00 secs] 
3276.614: [GC (Allocation Failure) [PSYoungGen: 68448K->1376K(69120K)] 389326K->322262K(744448K), 0.0026964 secs] [Times: user=0.01 sys=0.00, real=0.00 secs] 
3277.036: [GC (Allocation Failure) [PSYoungGen: 68448K->1408K(69120K)] 389334K->322294K(744448K), 0.0038445 secs] [Times: user=0.01 sys=0.00, real=0.00 secs] 
3277.627: [GC (Allocation Failure) [PSYoungGen: 68480K->1469K(69120K)] 389366K->322355K(744448K), 0.0022423 secs] [Times: user=0.01 sys=0.00, real=0.00 secs] 
3278.066: [GC (Allocation Failure) [PSYoungGen: 68541K->1581K(69120K)] 389427K->322467K(744448K), 0.0016218 secs] [Times: user=0.01 sys=0.00, real=0.00 secs] 
3278.457: [GC (Allocation Failure) [PSYoungGen: 68653K->1565K(69120K)] 389539K->322451K(744448K), 0.0015955 secs] [Times: user=0.00 sys=0.00, real=0.00 secs] 
3278.850: [GC (Allocation Failure) [PSYoungGen: 68637K->1520K(69120K)] 389523K->322422K(744448K), 0.0016582 secs] [Times: user=0.01 sys=0.00, real=0.00 secs] 
3279.344: [GC (Allocation Failure) [PSYoungGen: 68592K->1424K(69120K)] 389494K->322326K(744448K), 0.0036436 secs] [Times: user=0.02 sys=0.00, real=0.00 secs] 
3279.825: [GC (Allocation Failure) [PSYoungGen: 68496K->1360K(69120K)] 389398K->322262K(744448K), 0.0024245 secs] [Times: user=0.01 sys=0.00, real=0.00 secs] 
3280.103: [GC (Allocation Failure) [PSYoungGen: 68432K->1424K(69120K)] 389334K->322326K(744448K), 0.0019098 secs] [Times: user=0.01 sys=0.00, real=0.00 secs] 
3280.392: [GC (Allocation Failure) [PSYoungGen: 68496K->1376K(69120K)] 389398K->322278K(744448K), 0.0017945 secs] [Times: user=0.01 sys=0.00, real=0.00 secs] 
3280.753: [GC (Allocation Failure) [PSYoungGen: 68448K->1469K(69120K)] 389350K->322371K(744448K), 0.0015861 secs] [Times: user=0.00 sys=0.00, real=0.00 secs] 
3281.143: [GC (Allocation Failure) [PSYoungGen: 68541K->1600K(69120K)] 389443K->322502K(744448K), 0.0015486 secs] [Times: user=0.00 sys=0.00, real=0.00 secs] 
3281.536: [GC (Allocation Failure) [PSYoungGen: 68672K->1600K(69120K)] 389574K->322502K(744448K), 0.0016934 secs] [Times: user=0.01 sys=0.00, real=0.00 secs] 
3281.929: [GC (Allocation Failure) [PSYoungGen: 68672K->1536K(69120K)] 389574K->322454K(744448K), 0.0016686 secs] [Times: user=0.00 sys=0.00, real=0.01 secs] 
3282.907: [GC (Allocation Failure) [PSYoungGen: 68608K->1440K(69120K)] 389526K->322358K(744448K), 0.0019687 secs] [Times: user=0.01 sys=0.00, real=0.00 secs] 
3283.736: [GC (Allocation Failure) [PSYoungGen: 68512K->1376K(69120K)] 389430K->322294K(744448K), 0.0019618 secs] [Times: user=0.01 sys=0.00, real=0.00 secs] 
3284.187: [GC (Allocation Failure) [PSYoungGen: 68448K->1408K(69120K)] 389366K->322326K(744448K), 0.0021074 secs] [Times: user=0.01 sys=0.00, real=0.00 secs] 
3284.628: [GC (Allocation Failure) [PSYoungGen: 68480K->1408K(69120K)] 389398K->322326K(744448K), 0.0019626 secs] [Times: user=0.01 sys=0.00, real=0.00 secs] 
3285.123: [GC (Allocation Failure) [PSYoungGen: 68480K->1549K(69120K)] 389398K->322467K(744448K), 0.0016916 secs] [Times: user=0.01 sys=0.01, real=0.00 secs] 
3285.515: [GC (Allocation Failure) [PSYoungGen: 68619K->1552K(69120K)] 389537K->322494K(744448K), 0.0015784 secs] [Times: user=0.01 sys=0.00, real=0.00 secs] 
3285.916: [GC (Allocation Failure) [PSYoungGen: 68624K->1533K(69120K)] 389566K->322475K(744448K), 0.0016055 secs] [Times: user=0.01 sys=0.00, real=0.00 secs] 
3286.309: [GC (Allocation Failure) [PSYoungGen: 68605K->1565K(69120K)] 389547K->322523K(744448K), 0.0017056 secs] [Times: user=0.01 sys=0.00, real=0.01 secs] 
3286.661: [GC (Allocation Failure) [PSYoungGen: 68637K->1376K(69120K)] 389595K->322334K(744448K), 0.0017136 secs] [Times: user=0.01 sys=0.00, real=0.00 secs] 
3286.985: [GC (Allocation Failure) [PSYoungGen: 68448K->1376K(69120K)] 389406K->322334K(744448K), 0.0018722 secs] [Times: user=0.00 sys=0.00, real=0.00 secs] 
3287.264: [GC (Allocation Failure) [PSYoungGen: 68448K->1376K(69120K)] 389406K->322334K(744448K), 0.0018427 secs] [Times: user=0.01 sys=0.00, real=0.00 secs] 
3287.715: [GC (Allocation Failure) [PSYoungGen: 68448K->1376K(69120K)] 389406K->322334K(744448K), 0.0018582 secs] [Times: user=0.00 sys=0.00, real=0.00 secs] 
3288.193: [GC (Allocation Failure) [PSYoungGen: 68448K->1549K(69120K)] 389406K->322507K(744448K), 0.0014953 secs] [Times: user=0.00 sys=0.00, real=0.00 secs] 
3288.645: [GC (Allocation Failure) [PSYoungGen: 68621K->1549K(69120K)] 389579K->322507K(744448K), 0.0016014 secs] [Times: user=0.00 sys=0.00, real=0.00 secs] 
3289.037: [GC (Allocation Failure) [PSYoungGen: 68621K->1565K(69120K)] 389579K->322523K(744448K), 0.0015719 secs] [Times: user=0.01 sys=0.00, real=0.00 secs] 
3289.601: [GC (Allocation Failure) [PSYoungGen: 68637K->2016K(69120K)] 389595K->322982K(744448K), 0.0021233 secs] [Times: user=0.01 sys=0.00, real=0.00 secs] 
3290.972: [GC (Allocation Failure) [PSYoungGen: 69088K->1376K(69120K)] 390054K->322342K(744448K), 0.0037245 secs] [Times: user=0.02 sys=0.00, real=0.00 secs] 
3291.728: [GC (Allocation Failure) [PSYoungGen: 68448K->1376K(69120K)] 389414K->322342K(744448K), 0.0024859 secs] [Times: user=0.01 sys=0.00, real=0.00 secs] 
3292.263: [GC (Allocation Failure) [PSYoungGen: 68448K->1376K(69120K)] 389414K->322342K(744448K), 0.0023849 secs] [Times: user=0.01 sys=0.00, real=0.00 secs] 
3292.610: [GC (Allocation Failure) [PSYoungGen: 68448K->1376K(69120K)] 389414K->322342K(744448K), 0.0021292 secs] [Times: user=0.01 sys=0.00, real=0.01 secs] 
3293.015: [GC (Allocation Failure) [PSYoungGen: 68448K->1600K(69120K)] 389414K->322566K(744448K), 0.0016581 secs] [Times: user=0.01 sys=0.00, real=0.00 secs] 
3293.410: [GC (Allocation Failure) [PSYoungGen: 68672K->1565K(69120K)] 389638K->322531K(744448K), 0.0016988 secs] [Times: user=0.01 sys=0.00, real=0.01 secs] 
3293.802: [GC (Allocation Failure) [PSYoungGen: 68637K->1568K(69120K)] 389603K->322534K(744448K), 0.0016952 secs] [Times: user=0.00 sys=0.00, real=0.00 secs] 
3294.283: [GC (Allocation Failure) [PSYoungGen: 68640K->1472K(69120K)] 389606K->322438K(744448K), 0.0018486 secs] [Times: user=0.01 sys=0.00, real=0.00 secs] 
3294.991: [GC (Allocation Failure) [PSYoungGen: 68544K->1376K(69120K)] 389510K->322342K(744448K), 0.0038978 secs] [Times: user=0.02 sys=0.00, real=0.00 secs] 
3295.579: [GC (Allocation Failure) [PSYoungGen: 68448K->1344K(69120K)] 389414K->322310K(744448K), 0.0030076 secs] [Times: user=0.01 sys=0.00, real=0.01 secs] 
3295.958: [GC (Allocation Failure) [PSYoungGen: 68416K->1376K(69120K)] 389382K->322342K(744448K), 0.0019398 secs] [Times: user=0.01 sys=0.00, real=0.01 secs] 
3296.299: [GC (Allocation Failure) [PSYoungGen: 68448K->1453K(69120K)] 389414K->322435K(744448K), 0.0014821 secs] [Times: user=0.01 sys=0.00, real=0.01 secs] 
3296.690: [GC (Allocation Failure) [PSYoungGen: 68525K->1565K(69120K)] 389507K->322547K(744448K), 0.0016789 secs] [Times: user=0.01 sys=0.00, real=0.01 secs] 
3297.085: [GC (Allocation Failure) [PSYoungGen: 68637K->1536K(69120K)] 389619K->322518K(744448K), 0.0017039 secs] [Times: user=0.00 sys=0.00, real=0.00 secs] 
3297.478: [GC (Allocation Failure) [PSYoungGen: 68608K->1517K(69120K)] 389590K->322515K(744448K), 0.0017390 secs] [Times: user=0.01 sys=0.00, real=0.00 secs] 
3297.837: [GC (Allocation Failure) [PSYoungGen: 68589K->1472K(69120K)] 389587K->322470K(744448K), 0.0015149 secs] [Times: user=0.01 sys=0.00, real=0.00 secs] 
3298.115: [GC (Allocation Failure) [PSYoungGen: 68544K->1376K(69120K)] 389542K->322374K(744448K), 0.0015061 secs] [Times: user=0.01 sys=0.00, real=0.00 secs] 
3298.393: [GC (Allocation Failure) [PSYoungGen: 68448K->1408K(69120K)] 389446K->322406K(744448K), 0.0016111 secs] [Times: user=0.01 sys=0.00, real=0.00 secs] 
3298.671: [GC (Allocation Failure) [PSYoungGen: 68480K->1376K(69120K)] 389478K->322374K(744448K), 0.0019812 secs] [Times: user=0.01 sys=0.00, real=0.00 secs] 
3299.051: [GC (Allocation Failure) [PSYoungGen: 68448K->1437K(69120K)] 389446K->322435K(744448K), 0.0016376 secs] [Times: user=0.01 sys=0.00, real=0.00 secs] 
3299.441: [GC (Allocation Failure) [PSYoungGen: 68509K->1565K(69120K)] 389507K->322563K(744448K), 0.0016673 secs] [Times: user=0.01 sys=0.00, real=0.00 secs] 
3299.897: [GC (Allocation Failure) [PSYoungGen: 68637K->1536K(69120K)] 389635K->322534K(744448K), 0.0015787 secs] [Times: user=0.01 sys=0.00, real=0.00 secs] 
3300.290: [GC (Allocation Failure) [PSYoungGen: 68608K->1517K(69120K)] 389606K->322531K(744448K), 0.0015546 secs] [Times: user=0.01 sys=0.00, real=0.01 secs] 
3300.686: [GC (Allocation Failure) [PSYoungGen: 68589K->1472K(69120K)] 389603K->322486K(744448K), 0.0025105 secs] [Times: user=0.01 sys=0.01, real=0.00 secs] 
3301.038: [GC (Allocation Failure) [PSYoungGen: 68544K->1360K(69120K)] 389558K->322374K(744448K), 0.0019611 secs] [Times: user=0.00 sys=0.00, real=0.01 secs] 
3301.317: [GC (Allocation Failure) [PSYoungGen: 68432K->1344K(69120K)] 389446K->322358K(744448K), 0.0019352 secs] [Times: user=0.01 sys=0.00, real=0.00 secs] 
3301.873: [GC (Allocation Failure) [PSYoungGen: 68416K->1376K(69120K)] 389430K->322390K(744448K), 0.0038079 secs] [Times: user=0.02 sys=0.00, real=0.00 secs] 
3302.444: [GC (Allocation Failure) [PSYoungGen: 68448K->1517K(69120K)] 389462K->322531K(744448K), 0.0015942 secs] [Times: user=0.01 sys=0.00, real=0.00 secs] 
3302.840: [GC (Allocation Failure) [PSYoungGen: 68589K->1632K(69120K)] 389603K->322646K(744448K), 0.0017179 secs] [Times: user=0.00 sys=0.00, real=0.01 secs] 
3303.231: [GC (Allocation Failure) [PSYoungGen: 68704K->1613K(69120K)] 389718K->322627K(744448K), 0.0015554 secs] [Times: user=0.01 sys=0.00, real=0.00 secs] 
3303.624: [GC (Allocation Failure) [PSYoungGen: 68685K->1629K(69120K)] 389699K->322659K(744448K), 0.0015654 secs] [Times: user=0.01 sys=0.00, real=0.00 secs] 
3303.953: [GC (Allocation Failure) [PSYoungGen: 68701K->1408K(69120K)] 389731K->322438K(744448K), 0.0017809 secs] [Times: user=0.01 sys=0.00, real=0.00 secs] 
3304.244: [GC (Allocation Failure) [PSYoungGen: 68480K->1408K(69120K)] 389510K->322454K(744448K), 0.0015444 secs] [Times: user=0.00 sys=0.00, real=0.00 secs] 
3304.536: [GC (Allocation Failure) [PSYoungGen: 68480K->1376K(69120K)] 389526K->322422K(744448K), 0.0017375 secs] [Times: user=0.01 sys=0.01, real=0.00 secs] 
3304.828: [GC (Allocation Failure) [PSYoungGen: 68448K->1344K(69120K)] 389494K->322390K(744448K), 0.0019914 secs] [Times: user=0.01 sys=0.00, real=0.00 secs] 
3305.235: [GC (Allocation Failure) [PSYoungGen: 68416K->1501K(69120K)] 389462K->322547K(744448K), 0.0016480 secs] [Times: user=0.01 sys=0.00, real=0.00 secs] 
3305.686: [GC (Allocation Failure) [PSYoungGen: 68544K->1597K(69120K)] 389590K->322643K(744448K), 0.0016105 secs] [Times: user=0.00 sys=0.00, real=0.00 secs] 
3306.079: [GC (Allocation Failure) [PSYoungGen: 68669K->1565K(69120K)] 389715K->322611K(744448K), 0.0015854 secs] [Times: user=0.01 sys=0.00, real=0.00 secs] 
3306.582: [GC (Allocation Failure) [PSYoungGen: 68637K->1648K(69120K)] 389683K->322694K(744448K), 0.0019322 secs] [Times: user=0.01 sys=0.00, real=0.00 secs] 
3307.197: [GC (Allocation Failure) [PSYoungGen: 68720K->1408K(69120K)] 389766K->322454K(744448K), 0.0038103 secs] [Times: user=0.02 sys=0.00, real=0.01 secs] 
3307.852: [GC (Allocation Failure) [PSYoungGen: 68480K->1408K(69120K)] 389526K->322454K(744448K), 0.0022575 secs] [Times: user=0.01 sys=0.00, real=0.00 secs] 
3308.515: [GC (Allocation Failure) [PSYoungGen: 68480K->1344K(69120K)] 389526K->322390K(744448K), 0.0023176 secs] [Times: user=0.01 sys=0.00, real=0.00 secs] 
3309.171: [GC (Allocation Failure) [PSYoungGen: 68416K->1408K(69120K)] 389462K->322454K(744448K), 0.0026230 secs] [Times: user=0.01 sys=0.00, real=0.00 secs] 
3309.620: [GC (Allocation Failure) [PSYoungGen: 68480K->1597K(69120K)] 389526K->322643K(744448K), 0.0015471 secs] [Times: user=0.01 sys=0.00, real=0.01 secs] 
3310.013: [GC (Allocation Failure) [PSYoungGen: 68669K->1600K(69120K)] 389715K->322646K(744448K), 0.0015711 secs] [Times: user=0.01 sys=0.00, real=0.00 secs] 
3310.407: [GC (Allocation Failure) [PSYoungGen: 68672K->1581K(69120K)] 389718K->322627K(744448K), 0.0017515 secs] [Times: user=0.00 sys=0.00, real=0.00 secs] 
3310.813: [GC (Allocation Failure) [PSYoungGen: 68653K->1440K(69120K)] 389699K->322486K(744448K), 0.0018152 secs] [Times: user=0.01 sys=0.00, real=0.00 secs] 
3311.204: [GC (Allocation Failure) [PSYoungGen: 68512K->1376K(69120K)] 389558K->322422K(744448K), 0.0017901 secs] [Times: user=0.01 sys=0.00, real=0.00 secs] 
3311.493: [GC (Allocation Failure) [PSYoungGen: 68448K->1344K(69120K)] 389494K->322390K(744448K), 0.0017712 secs] [Times: user=0.01 sys=0.00, real=0.00 secs] 
3311.791: [GC (Allocation Failure) [PSYoungGen: 68416K->1376K(69120K)] 389462K->322422K(744448K), 0.0022204 secs] [Times: user=0.00 sys=0.00, real=0.00 secs] 
3312.181: [GC (Allocation Failure) [PSYoungGen: 68448K->1456K(69120K)] 389494K->322502K(744448K), 0.0019578 secs] [Times: user=0.01 sys=0.00, real=0.00 secs] 
3312.602: [GC (Allocation Failure) [PSYoungGen: 68528K->1597K(69120K)] 389574K->322643K(744448K), 0.0015923 secs] [Times: user=0.01 sys=0.00, real=0.00 secs] 
3313.001: [GC (Allocation Failure) [PSYoungGen: 68669K->1581K(69120K)] 389715K->322627K(744448K), 0.0015641 secs] [Times: user=0.01 sys=0.00, real=0.00 secs] 
3313.394: [GC (Allocation Failure) [PSYoungGen: 68653K->1568K(69120K)] 389699K->322630K(744448K), 0.0016875 secs] [Times: user=0.00 sys=0.00, real=0.00 secs] 
3314.195: [GC (Allocation Failure) [PSYoungGen: 68640K->1488K(69120K)] 389702K->322550K(744448K), 0.0027907 secs] [Times: user=0.01 sys=0.00, real=0.00 secs] 
3314.969: [GC (Allocation Failure) [PSYoungGen: 68560K->1408K(69120K)] 389622K->322470K(744448K), 0.0025882 secs] [Times: user=0.01 sys=0.00, real=0.01 secs] 
3315.562: [GC (Allocation Failure) [PSYoungGen: 68480K->1312K(69120K)] 389542K->322382K(744448K), 0.0026080 secs] [Times: user=0.01 sys=0.00, real=0.00 secs] 
3316.106: [GC (Allocation Failure) [PSYoungGen: 68384K->1312K(69120K)] 389454K->322382K(744448K), 0.0018958 secs] [Times: user=0.01 sys=0.00, real=0.00 secs] 
3316.472: [GC (Allocation Failure) [PSYoungGen: 68384K->1437K(69120K)] 389454K->322507K(744448K), 0.0016530 secs] [Times: user=0.00 sys=0.00, real=0.00 secs] 
3316.872: [GC (Allocation Failure) [PSYoungGen: 68509K->1549K(69120K)] 389579K->322619K(744448K), 0.0016827 secs] [Times: user=0.01 sys=0.00, real=0.00 secs] 
3317.265: [GC (Allocation Failure) [PSYoungGen: 68621K->1565K(69120K)] 389691K->322635K(744448K), 0.0016731 secs] [Times: user=0.00 sys=0.00, real=0.00 secs] 
3317.658: [GC (Allocation Failure) [PSYoungGen: 68637K->1565K(69120K)] 389707K->322643K(744448K), 0.0016600 secs] [Times: user=0.01 sys=0.00, real=0.00 secs] 
3318.208: [GC (Allocation Failure) [PSYoungGen: 68637K->1440K(69120K)] 389715K->322518K(744448K), 0.0021989 secs] [Times: user=0.01 sys=0.00, real=0.01 secs] 
3318.792: [GC (Allocation Failure) [PSYoungGen: 68512K->1408K(69120K)] 389590K->322486K(744448K), 0.0030393 secs] [Times: user=0.01 sys=0.00, real=0.00 secs] 
3319.368: [GC (Allocation Failure) [PSYoungGen: 68480K->1376K(69120K)] 389558K->322454K(744448K), 0.0032448 secs] [Times: user=0.02 sys=0.00, real=0.01 secs] 
3319.774: [GC (Allocation Failure) [PSYoungGen: 68448K->1360K(69120K)] 389526K->322438K(744448K), 0.0019803 secs] [Times: user=0.00 sys=0.00, real=0.00 secs] 
3320.209: [GC (Allocation Failure) [PSYoungGen: 68432K->1536K(69120K)] 389510K->322614K(744448K), 0.0016316 secs] [Times: user=0.01 sys=0.00, real=0.01 secs] 
3320.603: [GC (Allocation Failure) [PSYoungGen: 68608K->1581K(69120K)] 389686K->322659K(744448K), 0.0015789 secs] [Times: user=0.00 sys=0.00, real=0.00 secs] 
3320.994: [GC (Allocation Failure) [PSYoungGen: 68653K->1565K(69120K)] 389731K->322643K(744448K), 0.0016696 secs] [Times: user=0.01 sys=0.00, real=0.00 secs] 
3321.386: [GC (Allocation Failure) [PSYoungGen: 68637K->1616K(69120K)] 389715K->322710K(744448K), 0.0017423 secs] [Times: user=0.01 sys=0.00, real=0.00 secs] 
3321.787: [GC (Allocation Failure) [PSYoungGen: 68688K->1376K(69120K)] 389782K->322470K(744448K), 0.0019080 secs] [Times: user=0.01 sys=0.00, real=0.00 secs] 
3322.150: [GC (Allocation Failure) [PSYoungGen: 68448K->1344K(69120K)] 389542K->322438K(744448K), 0.0019516 secs] [Times: user=0.01 sys=0.00, real=0.00 secs] 
3322.442: [GC (Allocation Failure) [PSYoungGen: 68416K->1376K(69120K)] 389510K->322470K(744448K), 0.0018685 secs] [Times: user=0.01 sys=0.00, real=0.00 secs] 
3322.896: [GC (Allocation Failure) [PSYoungGen: 68448K->1376K(69120K)] 389542K->322470K(744448K), 0.0019920 secs] [Times: user=0.01 sys=0.00, real=0.00 secs] 
3323.390: [GC (Allocation Failure) [PSYoungGen: 68448K->1533K(69120K)] 389542K->322627K(744448K), 0.0014911 secs] [Times: user=0.00 sys=0.00, real=0.01 secs] 
3323.781: [GC (Allocation Failure) [PSYoungGen: 68605K->1568K(69120K)] 389699K->322662K(744448K), 0.0016825 secs] [Times: user=0.01 sys=0.00, real=0.00 secs] 
3324.174: [GC (Allocation Failure) [PSYoungGen: 68640K->1584K(69120K)] 389734K->322678K(744448K), 0.0017637 secs] [Times: user=0.01 sys=0.00, real=0.00 secs] 
3324.568: [GC (Allocation Failure) [PSYoungGen: 68656K->1581K(69120K)] 389750K->322699K(744448K), 0.0017542 secs] [Times: user=0.01 sys=0.00, real=0.00 secs] 
3326.151: [GC (Allocation Failure) [PSYoungGen: 68653K->1440K(69120K)] 389771K->322558K(744448K), 0.0027045 secs] [Times: user=0.01 sys=0.00, real=0.00 secs] 
3326.752: [GC (Allocation Failure) [PSYoungGen: 68512K->1408K(69120K)] 389630K->322526K(744448K), 0.0025419 secs] [Times: user=0.01 sys=0.00, real=0.00 secs] 
3327.504: [GC (Allocation Failure) [PSYoungGen: 68480K->1408K(69120K)] 389598K->322526K(744448K), 0.0025029 secs] [Times: user=0.01 sys=0.00, real=0.00 secs] 
3328.204: [GC (Allocation Failure) [PSYoungGen: 68480K->1440K(69120K)] 389598K->322558K(744448K), 0.0027196 secs] [Times: user=0.01 sys=0.00, real=0.00 secs] 
3328.941: [GC (Allocation Failure) [PSYoungGen: 68512K->1565K(69120K)] 389630K->322683K(744448K), 0.0017737 secs] [Times: user=0.00 sys=0.00, real=0.00 secs] 
3329.394: [GC (Allocation Failure) [PSYoungGen: 68637K->1600K(69120K)] 389755K->322718K(744448K), 0.0017728 secs] [Times: user=0.01 sys=0.00, real=0.00 secs] 
3329.786: [GC (Allocation Failure) [PSYoungGen: 68672K->1584K(69120K)] 389790K->322702K(744448K), 0.0016148 secs] [Times: user=0.01 sys=0.00, real=0.00 secs] 
3330.318: [GC (Allocation Failure) [PSYoungGen: 68656K->2016K(69120K)] 389774K->323150K(744448K), 0.0021175 secs] [Times: user=0.01 sys=0.00, real=0.00 secs] 
3331.014: [GC (Allocation Failure) [PSYoungGen: 69088K->1376K(69120K)] 390222K->322510K(744448K), 0.0036721 secs] [Times: user=0.01 sys=0.00, real=0.00 secs] 
3331.544: [GC (Allocation Failure) [PSYoungGen: 68448K->1408K(69120K)] 389582K->322542K(744448K), 0.0025527 secs] [Times: user=0.01 sys=0.00, real=0.00 secs] 
3332.238: [GC (Allocation Failure) [PSYoungGen: 68480K->1376K(69120K)] 389614K->322510K(744448K), 0.0032316 secs] [Times: user=0.01 sys=0.00, real=0.01 secs] 
3332.537: [GC (Allocation Failure) [PSYoungGen: 68448K->1376K(69120K)] 389582K->322510K(744448K), 0.0020252 secs] [Times: user=0.01 sys=0.00, real=0.00 secs] 
3332.960: [GC (Allocation Failure) [PSYoungGen: 68448K->1565K(69120K)] 389582K->322699K(744448K), 0.0016230 secs] [Times: user=0.01 sys=0.00, real=0.01 secs] 
3333.356: [GC (Allocation Failure) [PSYoungGen: 68637K->1600K(69120K)] 389771K->322734K(744448K), 0.0017530 secs] [Times: user=0.01 sys=0.00, real=0.00 secs] 
3333.749: [GC (Allocation Failure) [PSYoungGen: 68672K->1600K(69120K)] 389806K->322734K(744448K), 0.0015680 secs] [Times: user=0.01 sys=0.00, real=0.01 secs] 
3334.234: [GC (Allocation Failure) [PSYoungGen: 68672K->1472K(69120K)] 389806K->322606K(744448K), 0.0017829 secs] [Times: user=0.00 sys=0.00, real=0.00 secs] 
3334.907: [GC (Allocation Failure) [PSYoungGen: 68544K->1344K(69120K)] 389678K->322478K(744448K), 0.0019433 secs] [Times: user=0.01 sys=0.00, real=0.00 secs] 
3335.569: [GC (Allocation Failure) [PSYoungGen: 68416K->1376K(69120K)] 389550K->322510K(744448K), 0.0024462 secs] [Times: user=0.01 sys=0.00, real=0.01 secs] 
3336.148: [GC (Allocation Failure) [PSYoungGen: 68448K->1376K(69120K)] 389582K->322526K(744448K), 0.0021385 secs] [Times: user=0.01 sys=0.00, real=0.01 secs] 
3336.708: [GC (Allocation Failure) [PSYoungGen: 68448K->1469K(69120K)] 389598K->322619K(744448K), 0.0018200 secs] [Times: user=0.01 sys=0.00, real=0.00 secs] 
3337.115: [GC (Allocation Failure) [PSYoungGen: 68541K->1520K(69120K)] 389691K->322670K(744448K), 0.0015675 secs] [Times: user=0.01 sys=0.00, real=0.00 secs] 
3337.510: [GC (Allocation Failure) [PSYoungGen: 68592K->1581K(69120K)] 389742K->322731K(744448K), 0.0016300 secs] [Times: user=0.00 sys=0.00, real=0.00 secs] 
3337.905: [GC (Allocation Failure) [PSYoungGen: 68653K->1565K(69120K)] 389803K->322723K(744448K), 0.0015999 secs] [Times: user=0.01 sys=0.00, real=0.00 secs] 
3338.426: [GC (Allocation Failure) [PSYoungGen: 68637K->1504K(69120K)] 389795K->322662K(744448K), 0.0018645 secs] [Times: user=0.00 sys=0.00, real=0.00 secs] 
3339.038: [GC (Allocation Failure) [PSYoungGen: 68576K->1376K(69120K)] 389734K->322534K(744448K), 0.0022621 secs] [Times: user=0.01 sys=0.00, real=0.01 secs] 
3339.450: [GC (Allocation Failure) [PSYoungGen: 68448K->1328K(69120K)] 389606K->322486K(744448K), 0.0019514 secs] [Times: user=0.01 sys=0.00, real=0.01 secs] 
3339.729: [GC (Allocation Failure) [PSYoungGen: 68400K->1376K(69120K)] 389558K->322534K(744448K), 0.0017892 secs] [Times: user=0.00 sys=0.00, real=0.01 secs] 
3340.065: [GC (Allocation Failure) [PSYoungGen: 68434K->1437K(69120K)] 389593K->322595K(744448K), 0.0015635 secs] [Times: user=0.00 sys=0.00, real=0.00 secs] 
3340.455: [GC (Allocation Failure) [PSYoungGen: 68509K->1536K(69120K)] 389667K->322694K(744448K), 0.0016881 secs] [Times: user=0.01 sys=0.00, real=0.00 secs] 
3340.848: [GC (Allocation Failure) [PSYoungGen: 68608K->1600K(69120K)] 389766K->322758K(744448K), 0.0015123 secs] [Times: user=0.00 sys=0.00, real=0.00 secs] 
3341.241: [GC (Allocation Failure) [PSYoungGen: 68672K->1565K(69120K)] 389830K->322747K(744448K), 0.0015226 secs] [Times: user=0.01 sys=0.00, real=0.00 secs] 
3341.593: [GC (Allocation Failure) [PSYoungGen: 68637K->1408K(69120K)] 389819K->322590K(744448K), 0.0017188 secs] [Times: user=0.00 sys=0.00, real=0.00 secs] 
3341.884: [GC (Allocation Failure) [PSYoungGen: 68480K->1344K(69120K)] 389662K->322526K(744448K), 0.0018213 secs] [Times: user=0.00 sys=0.00, real=0.00 secs] 
3342.165: [GC (Allocation Failure) [PSYoungGen: 68416K->1392K(69120K)] 389598K->322574K(744448K), 0.0017753 secs] [Times: user=0.01 sys=0.00, real=0.00 secs] 
3342.540: [GC (Allocation Failure) [PSYoungGen: 68464K->1344K(69120K)] 389646K->322526K(744448K), 0.0020628 secs] [Times: user=0.00 sys=0.00, real=0.00 secs] 
3342.955: [GC (Allocation Failure) [PSYoungGen: 68416K->1549K(69120K)] 389598K->322731K(744448K), 0.0014735 secs] [Times: user=0.00 sys=0.00, real=0.00 secs] 
3343.401: [GC (Allocation Failure) [PSYoungGen: 68609K->1581K(69120K)] 389791K->322763K(744448K), 0.0015945 secs] [Times: user=0.01 sys=0.00, real=0.00 secs] 
3343.855: [GC (Allocation Failure) [PSYoungGen: 68653K->1568K(69120K)] 389835K->322750K(744448K), 0.0016352 secs] [Times: user=0.00 sys=0.00, real=0.00 secs] 
3344.311: [GC (Allocation Failure) [PSYoungGen: 68640K->1533K(69120K)] 389822K->322739K(744448K), 0.0015907 secs] [Times: user=0.00 sys=0.00, real=0.00 secs] 
3344.679: [GC (Allocation Failure) [PSYoungGen: 68605K->1408K(69120K)] 389811K->322614K(744448K), 0.0028379 secs] [Times: user=0.01 sys=0.00, real=0.01 secs] 
3345.219: [GC (Allocation Failure) [PSYoungGen: 68480K->1376K(69120K)] 389686K->322582K(744448K), 0.0035042 secs] [Times: user=0.01 sys=0.00, real=0.01 secs] 
3345.770: [GC (Allocation Failure) [PSYoungGen: 68448K->1408K(69120K)] 389654K->322614K(744448K), 0.0027078 secs] [Times: user=0.01 sys=0.00, real=0.00 secs] 
3346.309: [GC (Allocation Failure) [PSYoungGen: 68480K->1376K(69120K)] 389686K->322582K(744448K), 0.0026624 secs] [Times: user=0.01 sys=0.00, real=0.01 secs] 
3346.952: [GC (Allocation Failure) [PSYoungGen: 68448K->1501K(69120K)] 389654K->322707K(744448K), 0.0015836 secs] [Times: user=0.00 sys=0.00, real=0.00 secs] 
3347.349: [GC (Allocation Failure) [PSYoungGen: 68563K->1549K(69120K)] 389770K->322755K(744448K), 0.0016252 secs] [Times: user=0.01 sys=0.00, real=0.01 secs] 
3347.745: [GC (Allocation Failure) [PSYoungGen: 68621K->1549K(69120K)] 389827K->322755K(744448K), 0.0016616 secs] [Times: user=0.01 sys=0.00, real=0.00 secs] 
3348.139: [GC (Allocation Failure) [PSYoungGen: 68404K->352K(69120K)] 389610K->321566K(744448K), 0.0014118 secs] [Times: user=0.00 sys=0.00, real=0.01 secs] 
3348.437: [GC (Allocation Failure) [PSYoungGen: 67424K->1440K(69120K)] 388638K->322654K(744448K), 0.0015221 secs] [Times: user=0.01 sys=0.00, real=0.00 secs] 
3348.757: [GC (Allocation Failure) [PSYoungGen: 68512K->1376K(69120K)] 389726K->322590K(744448K), 0.0016181 secs] [Times: user=0.01 sys=0.00, real=0.00 secs] 
3349.035: [GC (Allocation Failure) [PSYoungGen: 68448K->1312K(69120K)] 389662K->322526K(744448K), 0.0017656 secs] [Times: user=0.01 sys=0.00, real=0.00 secs] 
3349.314: [GC (Allocation Failure) [PSYoungGen: 68384K->1344K(69120K)] 389598K->322558K(744448K), 0.0020093 secs] [Times: user=0.01 sys=0.00, real=0.00 secs] 
3349.762: [GC (Allocation Failure) [PSYoungGen: 68416K->1568K(69120K)] 389630K->322782K(744448K), 0.0015093 secs] [Times: user=0.01 sys=0.00, real=0.00 secs] 
3350.155: [GC (Allocation Failure) [PSYoungGen: 68640K->1600K(69120K)] 389854K->322814K(744448K), 0.0015621 secs] [Times: user=0.01 sys=0.00, real=0.00 secs] 
3350.546: [GC (Allocation Failure) [PSYoungGen: 68672K->1613K(69120K)] 389886K->322827K(744448K), 0.0015499 secs] [Times: user=0.00 sys=0.00, real=0.00 secs] 
3351.405: [GC (Allocation Failure) [PSYoungGen: 68685K->1488K(69120K)] 389899K->322702K(744448K), 0.0027505 secs] [Times: user=0.01 sys=0.00, real=0.00 secs] 
3352.072: [GC (Allocation Failure) [PSYoungGen: 68560K->1408K(69120K)] 389774K->322622K(744448K), 0.0024128 secs] [Times: user=0.01 sys=0.00, real=0.00 secs] 
3352.340: [GC (Allocation Failure) [PSYoungGen: 68480K->1376K(69120K)] 389694K->322590K(744448K), 0.0018166 secs] [Times: user=0.01 sys=0.00, real=0.01 secs] 
3352.618: [GC (Allocation Failure) [PSYoungGen: 68448K->1376K(69120K)] 389662K->322590K(744448K), 0.0018110 secs] [Times: user=0.01 sys=0.00, real=0.01 secs] 
3352.915: [GC (Allocation Failure) [PSYoungGen: 68325K->304K(69120K)] 389539K->321518K(744448K), 0.0018865 secs] [Times: user=0.01 sys=0.00, real=0.00 secs] 
3353.313: [GC (Allocation Failure) [PSYoungGen: 67376K->1565K(69120K)] 388590K->322779K(744448K), 0.0016779 secs] [Times: user=0.01 sys=0.00, real=0.00 secs] 
3353.704: [GC (Allocation Failure) [PSYoungGen: 68637K->1597K(69120K)] 389851K->322811K(744448K), 0.0015624 secs] [Times: user=0.00 sys=0.00, real=0.00 secs] 
3354.097: [GC (Allocation Failure) [PSYoungGen: 68669K->1568K(69120K)] 389883K->322790K(744448K), 0.0016939 secs] [Times: user=0.00 sys=0.00, real=0.00 secs] 
3354.607: [GC (Allocation Failure) [PSYoungGen: 68640K->1488K(69120K)] 389862K->322726K(744448K), 0.0019824 secs] [Times: user=0.01 sys=0.00, real=0.00 secs] 
3355.229: [GC (Allocation Failure) [PSYoungGen: 68560K->1376K(69120K)] 389798K->322614K(744448K), 0.0016916 secs] [Times: user=0.01 sys=0.00, real=0.01 secs] 
3355.578: [GC (Allocation Failure) [PSYoungGen: 68448K->1344K(69120K)] 389686K->322582K(744448K), 0.0019573 secs] [Times: user=0.01 sys=0.00, real=0.00 secs] 
3355.963: [GC (Allocation Failure) [PSYoungGen: 68416K->1408K(69120K)] 389654K->322646K(744448K), 0.0020024 secs] [Times: user=0.00 sys=0.00, real=0.00 secs] 
3356.621: [GC (Allocation Failure) [PSYoungGen: 68480K->1421K(69120K)] 389718K->322659K(744448K), 0.0018334 secs] [Times: user=0.01 sys=0.00, real=0.00 secs] 
3357.024: [GC (Allocation Failure) [PSYoungGen: 68493K->1597K(69120K)] 389731K->322835K(744448K), 0.0017658 secs] [Times: user=0.01 sys=0.00, real=0.00 secs] 
3357.416: [GC (Allocation Failure) [PSYoungGen: 68669K->1549K(69120K)] 389907K->322787K(744448K), 0.0016666 secs] [Times: user=0.00 sys=0.00, real=0.00 secs] 
3357.818: [GC (Allocation Failure) [PSYoungGen: 68621K->1597K(69120K)] 389859K->322851K(744448K), 0.0015465 secs] [Times: user=0.01 sys=0.00, real=0.00 secs] 
3358.181: [GC (Allocation Failure) [PSYoungGen: 68669K->1504K(69120K)] 389923K->322758K(744448K), 0.0019499 secs] [Times: user=0.01 sys=0.00, real=0.00 secs] 
3358.460: [GC (Allocation Failure) [PSYoungGen: 68576K->1376K(69120K)] 389830K->322630K(744448K), 0.0016374 secs] [Times: user=0.00 sys=0.00, real=0.01 secs] 
3358.738: [GC (Allocation Failure) [PSYoungGen: 68448K->1408K(69120K)] 389702K->322662K(744448K), 0.0018571 secs] [Times: user=0.01 sys=0.01, real=0.00 secs] 
3359.037: [GC (Allocation Failure) [PSYoungGen: 68480K->1376K(69120K)] 389734K->322630K(744448K), 0.0017002 secs] [Times: user=0.00 sys=0.00, real=0.00 secs] 
3359.418: [GC (Allocation Failure) [PSYoungGen: 68448K->1456K(69120K)] 389702K->322710K(744448K), 0.0015634 secs] [Times: user=0.01 sys=0.00, real=0.00 secs] 
3359.810: [GC (Allocation Failure) [PSYoungGen: 68528K->1613K(69120K)] 389782K->322867K(744448K), 0.0016621 secs] [Times: user=0.00 sys=0.00, real=0.01 secs] 
3360.204: [GC (Allocation Failure) [PSYoungGen: 68685K->1613K(69120K)] 389939K->322867K(744448K), 0.0015424 secs] [Times: user=0.01 sys=0.00, real=0.00 secs] 
3360.597: [GC (Allocation Failure) [PSYoungGen: 68685K->1597K(69120K)] 389939K->322859K(744448K), 0.0015749 secs] [Times: user=0.01 sys=0.00, real=0.00 secs] 
3361.298: [GC (Allocation Failure) [PSYoungGen: 68669K->1440K(69120K)] 389931K->322702K(744448K), 0.0020538 secs] [Times: user=0.01 sys=0.00, real=0.01 secs] 
3361.889: [GC (Allocation Failure) [PSYoungGen: 68512K->1408K(69120K)] 389774K->322670K(744448K), 0.0026559 secs] [Times: user=0.01 sys=0.00, real=0.01 secs] 
3362.411: [GC (Allocation Failure) [PSYoungGen: 68480K->1408K(69120K)] 389742K->322670K(744448K), 0.0025762 secs] [Times: user=0.01 sys=0.00, real=0.00 secs] 
3362.845: [GC (Allocation Failure) [PSYoungGen: 68480K->1376K(69120K)] 389742K->322638K(744448K), 0.0019166 secs] [Times: user=0.01 sys=0.00, real=0.00 secs] 
3363.478: [GC (Allocation Failure) [PSYoungGen: 68448K->1536K(69120K)] 389710K->322798K(744448K), 0.0017281 secs] [Times: user=0.01 sys=0.00, real=0.00 secs] 
3363.869: [GC (Allocation Failure) [PSYoungGen: 68608K->1536K(69120K)] 389870K->322798K(744448K), 0.0016958 secs] [Times: user=0.01 sys=0.00, real=0.01 secs] 
3364.263: [GC (Allocation Failure) [PSYoungGen: 68608K->1568K(69120K)] 389870K->322830K(744448K), 0.0015876 secs] [Times: user=0.00 sys=0.00, real=0.00 secs] 
3364.656: [GC (Allocation Failure) [PSYoungGen: 68640K->1549K(69120K)] 389902K->322835K(744448K), 0.0016996 secs] [Times: user=0.01 sys=0.00, real=0.00 secs] 
3365.375: [GC (Allocation Failure) [PSYoungGen: 68621K->1408K(69120K)] 389907K->322694K(744448K), 0.0020538 secs] [Times: user=0.01 sys=0.00, real=0.00 secs] 
3365.729: [GC (Allocation Failure) [PSYoungGen: 68480K->1408K(69120K)] 389766K->322694K(744448K), 0.0021807 secs] [Times: user=0.01 sys=0.00, real=0.01 secs] 
3366.008: [GC (Allocation Failure) [PSYoungGen: 68480K->1376K(69120K)] 389766K->322662K(744448K), 0.0019463 secs] [Times: user=0.01 sys=0.00, real=0.01 secs] 
3366.287: [GC (Allocation Failure) [PSYoungGen: 68448K->1376K(69120K)] 389734K->322662K(744448K), 0.0018672 secs] [Times: user=0.01 sys=0.00, real=0.00 secs] 
3366.707: [GC (Allocation Failure) [PSYoungGen: 68448K->1469K(69120K)] 389734K->322755K(744448K), 0.0016365 secs] [Times: user=0.00 sys=0.00, real=0.00 secs] 
3367.100: [GC (Allocation Failure) [PSYoungGen: 68541K->1536K(69120K)] 389827K->322822K(744448K), 0.0015825 secs] [Times: user=0.00 sys=0.00, real=0.01 secs] 
3367.566: [GC (Allocation Failure) [PSYoungGen: 68608K->1565K(69120K)] 389894K->322851K(744448K), 0.0015927 secs] [Times: user=0.01 sys=0.00, real=0.00 secs] 
3368.202: [GC (Allocation Failure) [PSYoungGen: 68637K->2016K(69120K)] 389923K->323302K(744448K), 0.0028583 secs] [Times: user=0.01 sys=0.00, real=0.00 secs] 
3370.247: [GC (Allocation Failure) [PSYoungGen: 69088K->1408K(69120K)] 390374K->322694K(744448K), 0.0038607 secs] [Times: user=0.01 sys=0.00, real=0.01 secs] 
3370.764: [GC (Allocation Failure) [PSYoungGen: 68480K->1376K(69120K)] 389766K->322662K(744448K), 0.0025755 secs] [Times: user=0.01 sys=0.01, real=0.00 secs] 
3371.067: [GC (Allocation Failure) [PSYoungGen: 68448K->1376K(69120K)] 389734K->322662K(744448K), 0.0019403 secs] [Times: user=0.01 sys=0.00, real=0.00 secs] 
3371.402: [GC (Allocation Failure) [PSYoungGen: 68448K->1376K(69120K)] 389734K->322662K(744448K), 0.0018065 secs] [Times: user=0.01 sys=0.00, real=0.00 secs] 
3371.820: [GC (Allocation Failure) [PSYoungGen: 68448K->1536K(69120K)] 389734K->322822K(744448K), 0.0016532 secs] [Times: user=0.01 sys=0.00, real=0.00 secs] 
3372.213: [GC (Allocation Failure) [PSYoungGen: 68608K->1568K(69120K)] 389894K->322854K(744448K), 0.0016066 secs] [Times: user=0.00 sys=0.00, real=0.00 secs] 
3372.605: [GC (Allocation Failure) [PSYoungGen: 68640K->1581K(69120K)] 389926K->322867K(744448K), 0.0016666 secs] [Times: user=0.01 sys=0.00, real=0.00 secs] 
3372.996: [GC (Allocation Failure) [PSYoungGen: 68653K->1504K(69120K)] 389939K->322790K(744448K), 0.0017118 secs] [Times: user=0.01 sys=0.00, real=0.00 secs] 
3373.274: [GC (Allocation Failure) [PSYoungGen: 68576K->1344K(69120K)] 389862K->322630K(744448K), 0.0015490 secs] [Times: user=0.01 sys=0.00, real=0.00 secs] 
3373.552: [GC (Allocation Failure) [PSYoungGen: 68416K->1376K(69120K)] 389702K->322662K(744448K), 0.0020349 secs] [Times: user=0.01 sys=0.00, real=0.00 secs] 
3373.831: [GC (Allocation Failure) [PSYoungGen: 68448K->1344K(69120K)] 389734K->322630K(744448K), 0.0021031 secs] [Times: user=0.00 sys=0.00, real=0.00 secs] 
3374.214: [GC (Allocation Failure) [PSYoungGen: 68416K->1437K(69120K)] 389702K->322723K(744448K), 0.0020561 secs] [Times: user=0.01 sys=0.00, real=0.00 secs] 
3374.700: [GC (Allocation Failure) [PSYoungGen: 68509K->1581K(69120K)] 389795K->322867K(744448K), 0.0015895 secs] [Times: user=0.00 sys=0.00, real=0.01 secs] 
3375.093: [GC (Allocation Failure) [PSYoungGen: 68653K->1568K(69120K)] 389939K->322862K(744448K), 0.0017064 secs] [Times: user=0.01 sys=0.00, real=0.00 secs] 
3375.486: [GC (Allocation Failure) [PSYoungGen: 68640K->1600K(69120K)] 389934K->322918K(744448K), 0.0015649 secs] [Times: user=0.00 sys=0.00, real=0.00 secs] 
3375.926: [GC (Allocation Failure) [PSYoungGen: 68672K->1488K(69120K)] 389990K->322806K(744448K), 0.0029171 secs] [Times: user=0.01 sys=0.00, real=0.00 secs] 
3376.580: [GC (Allocation Failure) [PSYoungGen: 68560K->1408K(69120K)] 389878K->322734K(744448K), 0.0030430 secs] [Times: user=0.01 sys=0.00, real=0.01 secs] 
3377.248: [GC (Allocation Failure) [PSYoungGen: 68480K->1376K(69120K)] 389806K->322702K(744448K), 0.0030580 secs] [Times: user=0.01 sys=0.00, real=0.01 secs] 
3378.028: [GC (Allocation Failure) [PSYoungGen: 68448K->1376K(69120K)] 389774K->322702K(744448K), 0.0038983 secs] [Times: user=0.01 sys=0.00, real=0.01 secs] 
3378.669: [GC (Allocation Failure) [PSYoungGen: 68448K->1469K(69120K)] 389774K->322795K(744448K), 0.0018760 secs] [Times: user=0.01 sys=0.00, real=0.01 secs] 
3379.064: [GC (Allocation Failure) [PSYoungGen: 68541K->1552K(69120K)] 389867K->322878K(744448K), 0.0016496 secs] [Times: user=0.00 sys=0.00, real=0.00 secs] 
3379.459: [GC (Allocation Failure) [PSYoungGen: 68624K->1600K(69120K)] 389950K->322926K(744448K), 0.0016879 secs] [Times: user=0.00 sys=0.00, real=0.01 secs] 
3379.915: [GC (Allocation Failure) [PSYoungGen: 68672K->1581K(69120K)] 389998K->322923K(744448K), 0.0016218 secs] [Times: user=0.01 sys=0.00, real=0.00 secs] 
3380.542: [GC (Allocation Failure) [PSYoungGen: 68653K->1408K(69120K)] 389995K->322750K(744448K), 0.0022260 secs] [Times: user=0.01 sys=0.00, real=0.00 secs] 
3381.248: [GC (Allocation Failure) [PSYoungGen: 68480K->1408K(69120K)] 389822K->322750K(744448K), 0.0024889 secs] [Times: user=0.01 sys=0.00, real=0.01 secs] 
3382.109: [GC (Allocation Failure) [PSYoungGen: 68480K->1392K(69120K)] 389822K->322734K(744448K), 0.0026004 secs] [Times: user=0.01 sys=0.00, real=0.01 secs] 
3382.911: [GC (Allocation Failure) [PSYoungGen: 68464K->1344K(69120K)] 389806K->322686K(744448K), 0.0032903 secs] [Times: user=0.01 sys=0.00, real=0.00 secs] 
3384.023: [GC (Allocation Failure) [PSYoungGen: 68416K->1536K(69120K)] 389758K->322878K(744448K), 0.0017151 secs] [Times: user=0.00 sys=0.00, real=0.00 secs] 
3384.487: [GC (Allocation Failure) [PSYoungGen: 68608K->1517K(69120K)] 389950K->322859K(744448K), 0.0015885 secs] [Times: user=0.01 sys=0.00, real=0.00 secs] 
3384.879: [GC (Allocation Failure) [PSYoungGen: 68589K->1501K(69120K)] 389931K->322843K(744448K), 0.0016060 secs] [Times: user=0.01 sys=0.00, real=0.01 secs] 
3385.331: [GC (Allocation Failure) [PSYoungGen: 68573K->1517K(69120K)] 389915K->322875K(744448K), 0.0016296 secs] [Times: user=0.00 sys=0.00, real=0.00 secs] 
3385.689: [GC (Allocation Failure) [PSYoungGen: 68589K->1392K(69120K)] 389947K->322750K(744448K), 0.0026620 secs] [Times: user=0.01 sys=0.00, real=0.01 secs] 
3385.971: [GC (Allocation Failure) [PSYoungGen: 68464K->1376K(69120K)] 389822K->322734K(744448K), 0.0019621 secs] [Times: user=0.00 sys=0.00, real=0.00 secs] 
3386.249: [GC (Allocation Failure) [PSYoungGen: 68448K->1376K(69120K)] 389806K->322734K(744448K), 0.0019188 secs] [Times: user=0.01 sys=0.00, real=0.01 secs] 
3386.528: [GC (Allocation Failure) [PSYoungGen: 68448K->1408K(69120K)] 389806K->322782K(744448K), 0.0019311 secs] [Times: user=0.01 sys=0.00, real=0.00 secs] 
3386.903: [GC (Allocation Failure) [PSYoungGen: 68480K->1501K(69120K)] 389854K->322875K(744448K), 0.0016560 secs] [Times: user=0.01 sys=0.00, real=0.00 secs] 
3387.295: [GC (Allocation Failure) [PSYoungGen: 68573K->1536K(69120K)] 389947K->322910K(744448K), 0.0017178 secs] [Times: user=0.01 sys=0.00, real=0.00 secs] 
3387.689: [GC (Allocation Failure) [PSYoungGen: 68608K->1581K(69120K)] 389982K->322955K(744448K), 0.0017020 secs] [Times: user=0.00 sys=0.00, real=0.01 secs] 
3388.081: [GC (Allocation Failure) [PSYoungGen: 68653K->256K(69120K)] 390027K->321638K(744448K), 0.0014900 secs] [Times: user=0.01 sys=0.00, real=0.00 secs] 
3388.391: [GC (Allocation Failure) [PSYoungGen: 67328K->1376K(69120K)] 388710K->322758K(744448K), 0.0016620 secs] [Times: user=0.01 sys=0.00, real=0.00 secs] 
3388.671: [GC (Allocation Failure) [PSYoungGen: 68448K->1344K(69120K)] 389830K->322726K(744448K), 0.0017852 secs] [Times: user=0.01 sys=0.00, real=0.00 secs] 
3388.949: [GC (Allocation Failure) [PSYoungGen: 68416K->1392K(69120K)] 389798K->322774K(744448K), 0.0018017 secs] [Times: user=0.00 sys=0.00, real=0.01 secs] 
3389.229: [GC (Allocation Failure) [PSYoungGen: 68464K->1408K(69120K)] 389846K->322790K(744448K), 0.0017430 secs] [Times: user=0.01 sys=0.00, real=0.01 secs] 
3389.622: [GC (Allocation Failure) [PSYoungGen: 68480K->1568K(69120K)] 389862K->322950K(744448K), 0.0016644 secs] [Times: user=0.01 sys=0.00, real=0.00 secs] 
3390.014: [GC (Allocation Failure) [PSYoungGen: 68640K->1504K(69120K)] 390022K->322886K(744448K), 0.0015758 secs] [Times: user=0.01 sys=0.00, real=0.00 secs] 
3390.407: [GC (Allocation Failure) [PSYoungGen: 68576K->1549K(69120K)] 389958K->322931K(744448K), 0.0015986 secs] [Times: user=0.01 sys=0.00, real=0.00 secs] 
3390.830: [GC (Allocation Failure) [PSYoungGen: 68621K->1504K(69120K)] 390003K->322886K(744448K), 0.0018484 secs] [Times: user=0.01 sys=0.00, real=0.01 secs] 
3391.150: [GC (Allocation Failure) [PSYoungGen: 68576K->1376K(69120K)] 389958K->322758K(744448K), 0.0016646 secs] [Times: user=0.00 sys=0.00, real=0.01 secs] 
3391.428: [GC (Allocation Failure) [PSYoungGen: 68448K->1344K(69120K)] 389830K->322726K(744448K), 0.0016998 secs] [Times: user=0.01 sys=0.00, real=0.00 secs] 
3391.707: [GC (Allocation Failure) [PSYoungGen: 68416K->1376K(69120K)] 389798K->322758K(744448K), 0.0026036 secs] [Times: user=0.01 sys=0.00, real=0.00 secs] 
3392.046: [GC (Allocation Failure) [PSYoungGen: 68329K->304K(69120K)] 389711K->321686K(744448K), 0.0020157 secs] [Times: user=0.01 sys=0.00, real=0.00 secs] 
3392.459: [GC (Allocation Failure) [PSYoungGen: 67376K->1568K(69120K)] 388758K->322950K(744448K), 0.0016945 secs] [Times: user=0.01 sys=0.00, real=0.01 secs] 
3392.850: [GC (Allocation Failure) [PSYoungGen: 68640K->1600K(69120K)] 390022K->322982K(744448K), 0.0016852 secs] [Times: user=0.01 sys=0.00, real=0.01 secs] 
3393.245: [GC (Allocation Failure) [PSYoungGen: 68672K->1581K(69120K)] 390054K->322963K(744448K), 0.0016908 secs] [Times: user=0.01 sys=0.00, real=0.00 secs] 
3394.121: [GC (Allocation Failure) [PSYoungGen: 68653K->1456K(69120K)] 390035K->322854K(744448K), 0.0042335 secs] [Times: user=0.02 sys=0.00, real=0.00 secs] 
3394.871: [GC (Allocation Failure) [PSYoungGen: 68528K->1408K(69120K)] 389926K->322806K(744448K), 0.0030313 secs] [Times: user=0.02 sys=0.00, real=0.00 secs] 
3395.789: [GC (Allocation Failure) [PSYoungGen: 68480K->1344K(69120K)] 389878K->322742K(744448K), 0.0030143 secs] [Times: user=0.02 sys=0.00, real=0.01 secs] 
3396.629: [GC (Allocation Failure) [PSYoungGen: 68416K->1408K(69120K)] 389814K->322806K(744448K), 0.0030792 secs] [Times: user=0.01 sys=0.00, real=0.01 secs] 
3397.283: [GC (Allocation Failure) [PSYoungGen: 68480K->1437K(69120K)] 389878K->322835K(744448K), 0.0020149 secs] [Times: user=0.01 sys=0.00, real=0.00 secs] 
3397.692: [GC (Allocation Failure) [PSYoungGen: 68509K->1520K(69120K)] 389907K->322918K(744448K), 0.0016449 secs] [Times: user=0.01 sys=0.00, real=0.00 secs] 
3398.086: [GC (Allocation Failure) [PSYoungGen: 68592K->1568K(69120K)] 389990K->322966K(744448K), 0.0015475 secs] [Times: user=0.01 sys=0.00, real=0.00 secs] 
3398.482: [GC (Allocation Failure) [PSYoungGen: 68640K->1613K(69120K)] 390038K->323027K(744448K), 0.0016705 secs] [Times: user=0.01 sys=0.00, real=0.00 secs] 
3399.089: [GC (Allocation Failure) [PSYoungGen: 68685K->1488K(69120K)] 390099K->322902K(744448K), 0.0019468 secs] [Times: user=0.00 sys=0.00, real=0.01 secs] 
3399.683: [GC (Allocation Failure) [PSYoungGen: 68560K->1344K(69120K)] 389974K->322758K(744448K), 0.0018633 secs] [Times: user=0.01 sys=0.00, real=0.00 secs] 
3400.212: [GC (Allocation Failure) [PSYoungGen: 68416K->1376K(69120K)] 389830K->322790K(744448K), 0.0019471 secs] [Times: user=0.01 sys=0.00, real=0.00 secs] 
3400.520: [GC (Allocation Failure) [PSYoungGen: 68448K->1344K(69120K)] 389862K->322758K(744448K), 0.0018843 secs] [Times: user=0.01 sys=0.00, real=0.00 secs] 
3400.906: [GC (Allocation Failure) [PSYoungGen: 68416K->1453K(69120K)] 389830K->322867K(744448K), 0.0016299 secs] [Times: user=0.00 sys=0.00, real=0.00 secs] 
3401.298: [GC (Allocation Failure) [PSYoungGen: 68525K->1568K(69120K)] 389939K->322982K(744448K), 0.0016781 secs] [Times: user=0.00 sys=0.00, real=0.00 secs] 
3401.691: [GC (Allocation Failure) [PSYoungGen: 68640K->1581K(69120K)] 390054K->322995K(744448K), 0.0015721 secs] [Times: user=0.01 sys=0.00, real=0.00 secs] 
3402.082: [GC (Allocation Failure) [PSYoungGen: 68653K->1568K(69120K)] 390067K->322998K(744448K), 0.0015749 secs] [Times: user=0.00 sys=0.00, real=0.00 secs] 
3402.890: [GC (Allocation Failure) [PSYoungGen: 68640K->1440K(69120K)] 390070K->322870K(744448K), 0.0039969 secs] [Times: user=0.02 sys=0.00, real=0.00 secs] 
3403.875: [GC (Allocation Failure) [PSYoungGen: 68512K->1408K(69120K)] 389942K->322838K(744448K), 0.0037728 secs] [Times: user=0.01 sys=0.00, real=0.00 secs] 
3404.625: [GC (Allocation Failure) [PSYoungGen: 68480K->1376K(69120K)] 389910K->322806K(744448K), 0.0023084 secs] [Times: user=0.01 sys=0.00, real=0.00 secs] 
3405.163: [GC (Allocation Failure) [PSYoungGen: 68448K->1392K(69120K)] 389878K->322822K(744448K), 0.0024076 secs] [Times: user=0.01 sys=0.00, real=0.00 secs] 
3405.574: [GC (Allocation Failure) [PSYoungGen: 68464K->1472K(69120K)] 389894K->322902K(744448K), 0.0015331 secs] [Times: user=0.00 sys=0.00, real=0.00 secs] 
3405.966: [GC (Allocation Failure) [PSYoungGen: 68544K->1536K(69120K)] 389974K->322966K(744448K), 0.0016638 secs] [Times: user=0.00 sys=0.00, real=0.00 secs] 
3406.356: [GC (Allocation Failure) [PSYoungGen: 68590K->1584K(69120K)] 390020K->323038K(744448K), 0.0015894 secs] [Times: user=0.01 sys=0.00, real=0.00 secs] 
3406.749: [GC (Allocation Failure) [PSYoungGen: 68656K->1565K(69120K)] 390110K->323035K(744448K), 0.0016019 secs] [Times: user=0.00 sys=0.00, real=0.01 secs] 
3407.596: [GC (Allocation Failure) [PSYoungGen: 68637K->1408K(69120K)] 390107K->322878K(744448K), 0.0018378 secs] [Times: user=0.01 sys=0.00, real=0.00 secs] 
3408.187: [GC (Allocation Failure) [PSYoungGen: 68480K->1344K(69120K)] 389950K->322814K(744448K), 0.0020172 secs] [Times: user=0.01 sys=0.00, real=0.00 secs] 
3408.969: [GC (Allocation Failure) [PSYoungGen: 68416K->1376K(69120K)] 389886K->322846K(744448K), 0.0027482 secs] [Times: user=0.02 sys=0.00, real=0.01 secs] 
3409.884: [GC (Allocation Failure) [PSYoungGen: 68448K->1408K(69120K)] 389918K->322878K(744448K), 0.0032719 secs] [Times: user=0.01 sys=0.00, real=0.00 secs] 
3410.500: [GC (Allocation Failure) [PSYoungGen: 68480K->1549K(69120K)] 389950K->323019K(744448K), 0.0016325 secs] [Times: user=0.01 sys=0.00, real=0.00 secs] 
3410.954: [GC (Allocation Failure) [PSYoungGen: 68589K->1600K(69120K)] 390060K->323070K(744448K), 0.0017744 secs] [Times: user=0.00 sys=0.00, real=0.00 secs] 
3411.347: [GC (Allocation Failure) [PSYoungGen: 68672K->1549K(69120K)] 390142K->323019K(744448K), 0.0016290 secs] [Times: user=0.01 sys=0.00, real=0.00 secs] 
3411.755: [GC (Allocation Failure) [PSYoungGen: 68621K->1792K(69120K)] 390091K->323262K(744448K), 0.0017478 secs] [Times: user=0.01 sys=0.00, real=0.00 secs] 
3412.047: [GC (Allocation Failure) [PSYoungGen: 68864K->1376K(69120K)] 390334K->322846K(744448K), 0.0019733 secs] [Times: user=0.01 sys=0.00, real=0.00 secs] 
3412.329: [GC (Allocation Failure) [PSYoungGen: 68448K->1376K(69120K)] 389918K->322846K(744448K), 0.0020137 secs] [Times: user=0.00 sys=0.00, real=0.01 secs] 
3412.607: [GC (Allocation Failure) [PSYoungGen: 68448K->1344K(69120K)] 389918K->322814K(744448K), 0.0019005 secs] [Times: user=0.00 sys=0.00, real=0.00 secs] 
3412.886: [GC (Allocation Failure) [PSYoungGen: 68416K->1376K(69120K)] 389886K->322846K(744448K), 0.0022446 secs] [Times: user=0.01 sys=0.00, real=0.00 secs] 
3413.422: [GC (Allocation Failure) [PSYoungGen: 68448K->1536K(69120K)] 389918K->323006K(744448K), 0.0015325 secs] [Times: user=0.01 sys=0.00, real=0.00 secs] 
3413.814: [GC (Allocation Failure) [PSYoungGen: 68608K->1645K(69120K)] 390078K->323115K(744448K), 0.0015673 secs] [Times: user=0.01 sys=0.00, real=0.00 secs] 
3414.206: [GC (Allocation Failure) [PSYoungGen: 68717K->1581K(69120K)] 390187K->323051K(744448K), 0.0015756 secs] [Times: user=0.01 sys=0.00, real=0.00 secs] 
3414.588: [GC (Allocation Failure) [PSYoungGen: 68653K->1472K(69120K)] 390123K->322942K(744448K), 0.0021399 secs] [Times: user=0.00 sys=0.00, real=0.01 secs] 
3414.868: [GC (Allocation Failure) [PSYoungGen: 68544K->1408K(69120K)] 390014K->322894K(744448K), 0.0020041 secs] [Times: user=0.01 sys=0.00, real=0.00 secs] 
3415.146: [GC (Allocation Failure) [PSYoungGen: 68480K->1344K(69120K)] 389966K->322830K(744448K), 0.0018457 secs] [Times: user=0.01 sys=0.00, real=0.00 secs] 
3415.424: [GC (Allocation Failure) [PSYoungGen: 68416K->1360K(69120K)] 389902K->322846K(744448K), 0.0018728 secs] [Times: user=0.01 sys=0.00, real=0.00 secs] 
3415.734: [GC (Allocation Failure) [PSYoungGen: 68432K->1469K(69120K)] 389918K->322955K(744448K), 0.0018497 secs] [Times: user=0.01 sys=0.00, real=0.00 secs] 
3416.129: [GC (Allocation Failure) [PSYoungGen: 68541K->1565K(69120K)] 390027K->323051K(744448K), 0.0015745 secs] [Times: user=0.01 sys=0.00, real=0.01 secs] 
3416.521: [GC (Allocation Failure) [PSYoungGen: 68637K->1597K(69120K)] 390123K->323083K(744448K), 0.0016950 secs] [Times: user=0.01 sys=0.00, real=0.00 secs] 
3416.913: [GC (Allocation Failure) [PSYoungGen: 68669K->1552K(69120K)] 390155K->323054K(744448K), 0.0015431 secs] [Times: user=0.01 sys=0.00, real=0.00 secs] 
3417.340: [GC (Allocation Failure) [PSYoungGen: 68624K->1456K(69120K)] 390126K->322958K(744448K), 0.0020718 secs] [Times: user=0.01 sys=0.00, real=0.01 secs] 
3417.619: [GC (Allocation Failure) [PSYoungGen: 68528K->1376K(69120K)] 390030K->322878K(744448K), 0.0018969 secs] [Times: user=0.01 sys=0.00, real=0.01 secs] 
3417.897: [GC (Allocation Failure) [PSYoungGen: 68448K->1360K(69120K)] 389950K->322862K(744448K), 0.0020147 secs] [Times: user=0.01 sys=0.00, real=0.00 secs] 
3418.176: [GC (Allocation Failure) [PSYoungGen: 68432K->1408K(69120K)] 389934K->322910K(744448K), 0.0024309 secs] [Times: user=0.01 sys=0.00, real=0.00 secs] 
3418.628: [GC (Allocation Failure) [PSYoungGen: 68480K->1485K(69120K)] 389982K->322987K(744448K), 0.0015606 secs] [Times: user=0.00 sys=0.00, real=0.00 secs] 
3419.021: [GC (Allocation Failure) [PSYoungGen: 68557K->1549K(69120K)] 390059K->323051K(744448K), 0.0017271 secs] [Times: user=0.01 sys=0.00, real=0.00 secs] 
3419.491: [GC (Allocation Failure) [PSYoungGen: 68621K->1581K(69120K)] 390123K->323083K(744448K), 0.0016151 secs] [Times: user=0.01 sys=0.00, real=0.00 secs] 
3419.884: [GC (Allocation Failure) [PSYoungGen: 68653K->1565K(69120K)] 390155K->323083K(744448K), 0.0017830 secs] [Times: user=0.01 sys=0.00, real=0.00 secs] 
3420.256: [GC (Allocation Failure) [PSYoungGen: 68637K->1392K(69120K)] 390155K->322910K(744448K), 0.0027192 secs] [Times: user=0.01 sys=0.00, real=0.00 secs] 
3420.556: [GC (Allocation Failure) [PSYoungGen: 68464K->1344K(69120K)] 389982K->322862K(744448K), 0.0019376 secs] [Times: user=0.01 sys=0.00, real=0.00 secs] 
3420.861: [GC (Allocation Failure) [PSYoungGen: 68416K->1392K(69120K)] 389934K->322910K(744448K), 0.0018895 secs] [Times: user=0.01 sys=0.00, real=0.00 secs] 
3421.152: [GC (Allocation Failure) [PSYoungGen: 68464K->1312K(69120K)] 389982K->322830K(744448K), 0.0023298 secs] [Times: user=0.00 sys=0.00, real=0.00 secs] 
3421.592: [GC (Allocation Failure) [PSYoungGen: 68384K->1536K(69120K)] 389902K->323054K(744448K), 0.0017231 secs] [Times: user=0.01 sys=0.00, real=0.00 secs] 
3422.044: [GC (Allocation Failure) [PSYoungGen: 68608K->1565K(69120K)] 390126K->323083K(744448K), 0.0015992 secs] [Times: user=0.00 sys=0.00, real=0.00 secs] 
3422.493: [GC (Allocation Failure) [PSYoungGen: 68637K->1581K(69120K)] 390155K->323099K(744448K), 0.0016087 secs] [Times: user=0.01 sys=0.00, real=0.00 secs] 
3422.887: [GC (Allocation Failure) [PSYoungGen: 68653K->1536K(69120K)] 390171K->323070K(744448K), 0.0015774 secs] [Times: user=0.00 sys=0.00, real=0.00 secs] 
3423.288: [GC (Allocation Failure) [PSYoungGen: 68608K->1408K(69120K)] 390142K->322942K(744448K), 0.0027251 secs] [Times: user=0.01 sys=0.00, real=0.01 secs] 
3423.566: [GC (Allocation Failure) [PSYoungGen: 68480K->1344K(69120K)] 390014K->322878K(744448K), 0.0018844 secs] [Times: user=0.01 sys=0.00, real=0.00 secs] 
3423.931: [GC (Allocation Failure) [PSYoungGen: 68416K->1408K(69120K)] 389950K->322958K(744448K), 0.0020372 secs] [Times: user=0.01 sys=0.00, real=0.00 secs] 
3424.319: [GC (Allocation Failure) [PSYoungGen: 68480K->1344K(69120K)] 390030K->322894K(744448K), 0.0021524 secs] [Times: user=0.01 sys=0.00, real=0.01 secs] 
3424.749: [GC (Allocation Failure) [PSYoungGen: 68416K->1533K(69120K)] 389966K->323083K(744448K), 0.0016288 secs] [Times: user=0.00 sys=0.00, real=0.00 secs] 
3425.141: [GC (Allocation Failure) [PSYoungGen: 68595K->1565K(69120K)] 390146K->323115K(744448K), 0.0015667 secs] [Times: user=0.01 sys=0.00, real=0.00 secs] 
3425.533: [GC (Allocation Failure) [PSYoungGen: 68637K->1568K(69120K)] 390187K->323118K(744448K), 0.0015587 secs] [Times: user=0.00 sys=0.00, real=0.00 secs] 
3425.925: [GC (Allocation Failure) [PSYoungGen: 68640K->1565K(69120K)] 390190K->323131K(744448K), 0.0015483 secs] [Times: user=0.01 sys=0.00, real=0.00 secs] 
3426.241: [GC (Allocation Failure) [PSYoungGen: 68637K->1408K(69120K)] 390203K->322974K(744448K), 0.0018097 secs] [Times: user=0.00 sys=0.00, real=0.00 secs] 
3426.519: [GC (Allocation Failure) [PSYoungGen: 68480K->1376K(69120K)] 390046K->322942K(744448K), 0.0016011 secs] [Times: user=0.01 sys=0.00, real=0.01 secs] 
3426.798: [GC (Allocation Failure) [PSYoungGen: 68448K->1376K(69120K)] 390014K->322942K(744448K), 0.0015931 secs] [Times: user=0.01 sys=0.00, real=0.00 secs] 
3427.077: [GC (Allocation Failure) [PSYoungGen: 68448K->1376K(69120K)] 390014K->322942K(744448K), 0.0016231 secs] [Times: user=0.00 sys=0.00, real=0.00 secs] 
3427.463: [GC (Allocation Failure) [PSYoungGen: 68448K->1565K(69120K)] 390014K->323131K(744448K), 0.0016607 secs] [Times: user=0.01 sys=0.00, real=0.00 secs] 
3427.856: [GC (Allocation Failure) [PSYoungGen: 68610K->1597K(69120K)] 390176K->323163K(744448K), 0.0016973 secs] [Times: user=0.00 sys=0.00, real=0.00 secs] 
3428.249: [GC (Allocation Failure) [PSYoungGen: 68669K->1613K(69120K)] 390235K->323179K(744448K), 0.0016186 secs] [Times: user=0.01 sys=0.00, real=0.01 secs] 
3428.706: [GC (Allocation Failure) [PSYoungGen: 68685K->1520K(69120K)] 390251K->323086K(744448K), 0.0021060 secs] [Times: user=0.01 sys=0.00, real=0.00 secs] 
3428.986: [GC (Allocation Failure) [PSYoungGen: 68592K->1344K(69120K)] 390158K->322910K(744448K), 0.0018947 secs] [Times: user=0.01 sys=0.00, real=0.00 secs] 
3429.297: [GC (Allocation Failure) [PSYoungGen: 68416K->1344K(69120K)] 389982K->322910K(744448K), 0.0022654 secs] [Times: user=0.01 sys=0.00, real=0.00 secs] 
3429.622: [GC (Allocation Failure) [PSYoungGen: 68416K->1344K(69120K)] 389982K->322910K(744448K), 0.0020008 secs] [Times: user=0.01 sys=0.00, real=0.00 secs] 
3429.919: [GC (Allocation Failure) [PSYoungGen: 68416K->1408K(69120K)] 389982K->322974K(744448K), 0.0018973 secs] [Times: user=0.01 sys=0.00, real=0.01 secs] 
3430.347: [GC (Allocation Failure) [PSYoungGen: 68480K->1568K(69120K)] 390046K->323134K(744448K), 0.0015366 secs] [Times: user=0.01 sys=0.00, real=0.00 secs] 
3430.739: [GC (Allocation Failure) [PSYoungGen: 68640K->1565K(69120K)] 390206K->323131K(744448K), 0.0015092 secs] [Times: user=0.01 sys=0.00, real=0.01 secs] 
3431.194: [GC (Allocation Failure) [PSYoungGen: 68637K->1581K(69120K)] 390203K->323147K(744448K), 0.0016152 secs] [Times: user=0.01 sys=0.00, real=0.00 secs] 
3431.662: [GC (Allocation Failure) [PSYoungGen: 68653K->1504K(69120K)] 390219K->323070K(744448K), 0.0026521 secs] [Times: user=0.01 sys=0.00, real=0.00 secs] 
3432.262: [GC (Allocation Failure) [PSYoungGen: 68576K->1344K(69120K)] 390142K->322910K(744448K), 0.0027248 secs] [Times: user=0.01 sys=0.00, real=0.00 secs] 
3432.803: [GC (Allocation Failure) [PSYoungGen: 68416K->1376K(69120K)] 389982K->322942K(744448K), 0.0025349 secs] [Times: user=0.01 sys=0.00, real=0.00 secs] 
3433.324: [GC (Allocation Failure) [PSYoungGen: 68448K->1376K(69120K)] 390014K->322942K(744448K), 0.0024638 secs] [Times: user=0.01 sys=0.00, real=0.00 secs] 
3433.906: [GC (Allocation Failure) [PSYoungGen: 68448K->1533K(69120K)] 390014K->323099K(744448K), 0.0017885 secs] [Times: user=0.00 sys=0.00, real=0.00 secs] 
3434.309: [GC (Allocation Failure) [PSYoungGen: 68605K->1568K(69120K)] 390171K->323134K(744448K), 0.0015442 secs] [Times: user=0.01 sys=0.00, real=0.00 secs] 
3434.700: [GC (Allocation Failure) [PSYoungGen: 68640K->1552K(69120K)] 390206K->323142K(744448K), 0.0015943 secs] [Times: user=0.01 sys=0.00, real=0.01 secs] 
3435.094: [GC (Allocation Failure) [PSYoungGen: 68624K->1597K(69120K)] 390214K->323203K(744448K), 0.0015381 secs] [Times: user=0.01 sys=0.00, real=0.00 secs] 
3435.815: [GC (Allocation Failure) [PSYoungGen: 68669K->1424K(69120K)] 390275K->323030K(744448K), 0.0023630 secs] [Times: user=0.01 sys=0.00, real=0.00 secs] 
3436.609: [GC (Allocation Failure) [PSYoungGen: 68496K->1408K(69120K)] 390102K->323014K(744448K), 0.0030167 secs] [Times: user=0.01 sys=0.00, real=0.01 secs] 
3437.048: [GC (Allocation Failure) [PSYoungGen: 68480K->1376K(69120K)] 390086K->322982K(744448K), 0.0018991 secs] [Times: user=0.01 sys=0.01, real=0.00 secs] 
3437.341: [GC (Allocation Failure) [PSYoungGen: 68448K->1376K(69120K)] 390054K->322982K(744448K), 0.0021277 secs] [Times: user=0.00 sys=0.01, real=0.00 secs] 
3437.705: [GC (Allocation Failure) [PSYoungGen: 68448K->1501K(69120K)] 390054K->323107K(744448K), 0.0015625 secs] [Times: user=0.00 sys=0.00, real=0.00 secs] 
3438.098: [GC (Allocation Failure) [PSYoungGen: 68573K->1581K(69120K)] 390179K->323187K(744448K), 0.0015641 secs] [Times: user=0.01 sys=0.00, real=0.00 secs] 
3438.491: [GC (Allocation Failure) [PSYoungGen: 68653K->1552K(69120K)] 390259K->323158K(744448K), 0.0015733 secs] [Times: user=0.00 sys=0.00, real=0.00 secs] 
3438.888: [GC (Allocation Failure) [PSYoungGen: 68624K->1549K(69120K)] 390230K->323163K(744448K), 0.0016493 secs] [Times: user=0.00 sys=0.00, real=0.00 secs] 
3439.897: [GC (Allocation Failure) [PSYoungGen: 68621K->1440K(69120K)] 390235K->323054K(744448K), 0.0026442 secs] [Times: user=0.01 sys=0.00, real=0.00 secs] 
3440.823: [GC (Allocation Failure) [PSYoungGen: 68512K->1376K(69120K)] 390126K->322990K(744448K), 0.0025660 secs] [Times: user=0.01 sys=0.00, real=0.00 secs] 
3441.835: [GC (Allocation Failure) [PSYoungGen: 68448K->1344K(69120K)] 390062K->322958K(744448K), 0.0028743 secs] [Times: user=0.01 sys=0.00, real=0.00 secs] 
3442.488: [GC (Allocation Failure) [PSYoungGen: 68416K->1376K(69120K)] 390030K->322990K(744448K), 0.0028801 secs] [Times: user=0.01 sys=0.00, real=0.01 secs] 
3443.040: [GC (Allocation Failure) [PSYoungGen: 68448K->1504K(69120K)] 390062K->323118K(744448K), 0.0017370 secs] [Times: user=0.00 sys=0.00, real=0.01 secs] 
3443.495: [GC (Allocation Failure) [PSYoungGen: 68576K->1533K(69120K)] 390190K->323147K(744448K), 0.0016257 secs] [Times: user=0.01 sys=0.00, real=0.00 secs] 
3443.891: [GC (Allocation Failure) [PSYoungGen: 68605K->1613K(69120K)] 390219K->323227K(744448K), 0.0015969 secs] [Times: user=0.01 sys=0.00, real=0.00 secs] 
3444.285: [GC (Allocation Failure) [PSYoungGen: 68685K->1568K(69120K)] 390299K->323198K(744448K), 0.0015740 secs] [Times: user=0.01 sys=0.00, real=0.00 secs] 
3445.328: [GC (Allocation Failure) [PSYoungGen: 68640K->1408K(69120K)] 390270K->323038K(744448K), 0.0038013 secs] [Times: user=0.02 sys=0.00, real=0.01 secs] 
3446.289: [GC (Allocation Failure) [PSYoungGen: 68480K->1376K(69120K)] 390110K->323006K(744448K), 0.0036027 secs] [Times: user=0.01 sys=0.00, real=0.01 secs] 
3446.851: [GC (Allocation Failure) [PSYoungGen: 68448K->1360K(69120K)] 390078K->322990K(744448K), 0.0033120 secs] [Times: user=0.01 sys=0.01, real=0.00 secs] 
3447.248: [GC (Allocation Failure) [PSYoungGen: 68432K->1376K(69120K)] 390062K->323006K(744448K), 0.0020006 secs] [Times: user=0.00 sys=0.00, real=0.00 secs] 
3447.645: [GC (Allocation Failure) [PSYoungGen: 68448K->1549K(69120K)] 390078K->323179K(744448K), 0.0015333 secs] [Times: user=0.00 sys=0.00, real=0.00 secs] 
3448.035: [GC (Allocation Failure) [PSYoungGen: 68593K->1600K(69120K)] 390223K->323254K(744448K), 0.0015712 secs] [Times: user=0.01 sys=0.00, real=0.00 secs] 
3448.428: [GC (Allocation Failure) [PSYoungGen: 68672K->1568K(69120K)] 390326K->323222K(744448K), 0.0016807 secs] [Times: user=0.01 sys=0.00, real=0.00 secs] 
3448.848: [GC (Allocation Failure) [PSYoungGen: 68640K->1760K(69120K)] 390294K->323414K(744448K), 0.0019309 secs] [Times: user=0.01 sys=0.00, real=0.01 secs] 
3449.335: [GC (Allocation Failure) [PSYoungGen: 68832K->1344K(69120K)] 390486K->322998K(744448K), 0.0018228 secs] [Times: user=0.00 sys=0.00, real=0.00 secs] 
3449.614: [GC (Allocation Failure) [PSYoungGen: 68416K->1312K(69120K)] 390070K->322966K(744448K), 0.0016668 secs] [Times: user=0.01 sys=0.00, real=0.00 secs] 
3449.892: [GC (Allocation Failure) [PSYoungGen: 68384K->1408K(69120K)] 390038K->323062K(744448K), 0.0016862 secs] [Times: user=0.00 sys=0.00, real=0.00 secs] 
3450.187: [GC (Allocation Failure) [PSYoungGen: 68480K->1392K(69120K)] 390134K->323046K(744448K), 0.0017985 secs] [Times: user=0.01 sys=0.00, real=0.00 secs] 
3450.602: [GC (Allocation Failure) [PSYoungGen: 68464K->1549K(69120K)] 390118K->323203K(744448K), 0.0015329 secs] [Times: user=0.00 sys=0.00, real=0.00 secs] 
3450.993: [GC (Allocation Failure) [PSYoungGen: 68621K->1536K(69120K)] 390275K->323190K(744448K), 0.0016818 secs] [Times: user=0.00 sys=0.00, real=0.00 secs] 
3451.385: [GC (Allocation Failure) [PSYoungGen: 68608K->1565K(69120K)] 390262K->323219K(744448K), 0.0015616 secs] [Times: user=0.01 sys=0.00, real=0.00 secs] 
3452.510: [GC (Allocation Failure) [PSYoungGen: 68637K->1504K(69120K)] 390291K->323174K(744448K), 0.0043210 secs] [Times: user=0.03 sys=0.00, real=0.01 secs] 
3452.906: [GC (Allocation Failure) [PSYoungGen: 68576K->2016K(69120K)] 390246K->327361K(744448K), 0.0029551 secs] [Times: user=0.02 sys=0.00, real=0.00 secs] 
3455.806: [GC (Allocation Failure) [PSYoungGen: 69088K->3552K(66048K)] 394433K->339894K(741376K), 0.0707857 secs] [Times: user=0.12 sys=0.19, real=0.07 secs] 
3459.350: [GC (Allocation Failure) [PSYoungGen: 66016K->8160K(70656K)] 402358K->363702K(745984K), 0.0297569 secs] [Times: user=0.14 sys=0.03, real=0.03 secs] 
3459.592: [GC (Allocation Failure) [PSYoungGen: 70624K->16352K(69632K)] 426166K->388942K(744960K), 0.0201480 secs] [Times: user=0.10 sys=0.01, real=0.02 secs] 
3459.746: [GC (Allocation Failure) [PSYoungGen: 69600K->25568K(78848K)] 442190K->411462K(754176K), 0.0201749 secs] [Times: user=0.09 sys=0.02, real=0.02 secs] 
3459.871: [GC (Allocation Failure) [PSYoungGen: 78816K->35296K(80896K)] 464710K->449590K(756224K), 0.0246058 secs] [Times: user=0.12 sys=0.01, real=0.02 secs] 
3461.980: [GC (Allocation Failure) [PSYoungGen: 80864K->37728K(97792K)] 495158K->452046K(773120K), 0.0278761 secs] [Times: user=0.16 sys=0.00, real=0.03 secs] 
3462.164: [GC (Allocation Failure) [PSYoungGen: 83296K->56160K(100864K)] 497614K->471028K(776192K), 0.0254809 secs] [Times: user=0.11 sys=0.03, real=0.02 secs] 
3462.292: [GC (Allocation Failure) [PSYoungGen: 100192K->66528K(110592K)] 515060K->497635K(785920K), 0.0358323 secs] [Times: user=0.20 sys=0.01, real=0.03 secs] 
3462.909: [GC (Allocation Failure) [PSYoungGen: 110560K->76384K(124928K)] 541667K->507879K(800256K), 0.0410492 secs] [Times: user=0.20 sys=0.03, real=0.05 secs] 
3464.677: [GC (Allocation Failure) [PSYoungGen: 116832K->92544K(137216K)] 548327K->524083K(812544K), 0.0710846 secs] [Times: user=0.42 sys=0.01, real=0.07 secs] 
3471.412: [GC (Allocation Failure) [PSYoungGen: 132992K->78176K(153088K)] 564531K->540939K(828416K), 0.0555491 secs] [Times: user=0.30 sys=0.02, real=0.05 secs] 
3475.353: [GC (Allocation Failure) [PSYoungGen: 119136K->55872K(160256K)] 581899K->555651K(835584K), 0.0924015 secs] [Times: user=0.45 sys=0.09, real=0.09 secs] 
3475.929: [GC (Allocation Failure) [PSYoungGen: 94038K->31040K(154624K)] 593817K->604579K(829952K), 0.0410925 secs] [Times: user=0.15 sys=0.09, real=0.04 secs] 
3476.535: [GC (Allocation Failure) [PSYoungGen: 79168K->637K(159744K)] 652707K->603121K(835072K), 0.0431292 secs] [Times: user=0.22 sys=0.03, real=0.04 secs] 
3476.685: [GC (Allocation Failure) [PSYoungGen: 48765K->2720K(165888K)] 651249K->605259K(841216K), 0.0025203 secs] [Times: user=0.01 sys=0.00, real=0.00 secs] 
3476.766: [GC (Allocation Failure) [PSYoungGen: 59040K->16576K(167424K)] 661579K->621509K(842752K), 0.0050913 secs] [Times: user=0.03 sys=0.00, real=0.01 secs] 
3476.856: [GC (GCLocker Initiated GC) [PSYoungGen: 72896K->22112K(162304K)] 677829K->642429K(837632K), 0.0132845 secs] [Times: user=0.06 sys=0.02, real=0.01 secs] 
3477.006: [GC (GCLocker Initiated GC) [PSYoungGen: 88672K->28736K(167424K)] 708992K->668200K(842752K), 0.0216685 secs] [Times: user=0.10 sys=0.02, real=0.02 secs] 
3477.027: [Full GC (Ergonomics) [PSYoungGen: 28736K->0K(167424K)] [ParOldGen: 639464K->81487K(524800K)] 668200K->81487K(692224K), [Metaspace: 60068K->59975K(1105920K)], 0.1914982 secs] [Times: user=0.79 sys=0.01, real=0.19 secs] 
3477.305: [GC (Allocation Failure) [PSYoungGen: 66560K->26720K(163328K)] 148114K->108274K(688128K), 0.0336185 secs] [Times: user=0.20 sys=0.00, real=0.03 secs] 
3477.433: [GC (Allocation Failure) [PSYoungGen: 105568K->36576K(168448K)] 187122K->144306K(693248K), 0.0174114 secs] [Times: user=0.10 sys=0.00, real=0.01 secs] 
3477.555: [GC (Allocation Failure) [PSYoungGen: 115424K->33792K(171008K)] 223154K->178018K(695808K), 0.0213771 secs] [Times: user=0.13 sys=0.00, real=0.02 secs] 
3477.677: [GC (Allocation Failure) [PSYoungGen: 128000K->48544K(175104K)] 272226K->226418K(699904K), 0.0289556 secs] [Times: user=0.17 sys=0.00, real=0.03 secs] 
3477.921: [GC (Allocation Failure) [PSYoungGen: 142752K->40032K(188928K)] 320626K->266338K(713728K), 0.0248673 secs] [Times: user=0.15 sys=0.00, real=0.02 secs] 
3478.821: [GC (Allocation Failure) [PSYoungGen: 152160K->7040K(192000K)] 378466K->273330K(716800K), 0.0606019 secs] [Times: user=0.36 sys=0.00, real=0.06 secs] 
3482.440: [GC (GCLocker Initiated GC) [PSYoungGen: 119168K->36992K(206336K)] 385458K->309199K(731136K), 0.0278159 secs] [Times: user=0.13 sys=0.02, real=0.02 secs] 
3482.805: [GC (Allocation Failure) [PSYoungGen: 170112K->55616K(209920K)] 442358K->361754K(734720K), 0.0218365 secs] [Times: user=0.12 sys=0.00, real=0.02 secs] 
3482.988: [GC (Allocation Failure) [PSYoungGen: 188736K->60192K(234496K)] 494874K->417722K(759296K), 0.0373663 secs] [Times: user=0.16 sys=0.06, real=0.04 secs] 
3483.203: [GC (Allocation Failure) [PSYoungGen: 213280K->73472K(239104K)] 570810K->482846K(763904K), 0.0332008 secs] [Times: user=0.19 sys=0.00, real=0.03 secs] 
3484.250: [GC (Allocation Failure) [PSYoungGen: 226560K->28800K(268800K)] 635934K->511578K(793600K), 0.0387443 secs] [Times: user=0.22 sys=0.01, real=0.03 secs] 
3484.289: [Full GC (Ergonomics) [PSYoungGen: 28800K->0K(268800K)] [ParOldGen: 482778K->18903K(509952K)] 511578K->18903K(778752K), [Metaspace: 59980K->59980K(1105920K)], 0.0259874 secs] [Times: user=0.07 sys=0.00, real=0.03 secs] 
3484.597: [GC (Allocation Failure) [PSYoungGen: 181760K->63424K(272896K)] 200663K->82327K(782848K), 0.0179680 secs] [Times: user=0.10 sys=0.00, real=0.02 secs] 
3484.935: [GC (Allocation Failure) [PSYoungGen: 245184K->80704K(302080K)] 264087K->157883K(812032K), 0.0372315 secs] [Times: user=0.19 sys=0.02, real=0.04 secs] 
3485.217: [GC (Allocation Failure) [PSYoungGen: 287552K->94464K(310784K)] 364731K->243827K(820736K), 0.0426801 secs] [Times: user=0.25 sys=0.01, real=0.04 secs] 
3487.316: [GC (Allocation Failure) [PSYoungGen: 301312K->39040K(352256K)] 450675K->282715K(862208K), 0.1195631 secs] [Times: user=0.70 sys=0.01, real=0.12 secs] 
3488.036: [GC (Allocation Failure) [PSYoungGen: 284800K->99360K(357376K)] 528475K->379418K(867328K), 0.0302832 secs] [Times: user=0.17 sys=0.00, real=0.03 secs] 
3488.367: [GC (Allocation Failure) [PSYoungGen: 345120K->112608K(400384K)] 625178K->483274K(910336K), 0.0614054 secs] [Times: user=0.31 sys=0.05, real=0.06 secs] 
3490.731: [GC (Allocation Failure) [PSYoungGen: 389088K->63584K(415232K)] 759754K->546654K(925184K), 0.0911284 secs] [Times: user=0.50 sys=0.02, real=0.09 secs] 
3490.822: [Full GC (Ergonomics) [PSYoungGen: 63584K->0K(415232K)] [ParOldGen: 483070K->68104K(627200K)] 546654K->68104K(1042432K), [Metaspace: 59987K->59987K(1105920K)], 0.1505201 secs] [Times: user=0.60 sys=0.00, real=0.15 secs] 
3491.374: [GC (Allocation Failure) [PSYoungGen: 276480K->119968K(445440K)] 344584K->188072K(1072640K), 0.0450820 secs] [Times: user=0.18 sys=0.09, real=0.04 secs] 
3492.663: [GC (Allocation Failure) [PSYoungGen: 433312K->96032K(460288K)] 501416K->275376K(1087488K), 0.0662663 secs] [Times: user=0.35 sys=0.04, real=0.06 secs] 
3493.261: [GC (Allocation Failure) [PSYoungGen: 409376K->127040K(504832K)] 588720K->400277K(1132032K), 0.0539463 secs] [Times: user=0.22 sys=0.08, real=0.05 secs] 
3494.636: [GC (Allocation Failure) [PSYoungGen: 482368K->115456K(518144K)] 755605K->505649K(1145344K), 0.0629166 secs] [Times: user=0.37 sys=0.01, real=0.06 secs] 
3495.406: [GC (Allocation Failure) [PSYoungGen: 470784K->140480K(502272K)] 860977K->644266K(1129472K), 0.0555703 secs] [Times: user=0.32 sys=0.00, real=0.06 secs] 
3495.462: [Full GC (Ergonomics) [PSYoungGen: 140480K->0K(502272K)] [ParOldGen: 503786K->160525K(793600K)] 644266K->160525K(1295872K), [Metaspace: 59992K->59992K(1105920K)], 0.3608165 secs] [Times: user=1.66 sys=0.01, real=0.36 secs] 
3497.051: [GC (Allocation Failure) [PSYoungGen: 333312K->108160K(516096K)] 493837K->268685K(1309696K), 0.0397326 secs] [Times: user=0.24 sys=0.00, real=0.04 secs] 
3499.132: [GC (Allocation Failure) [PSYoungGen: 441472K->126144K(507904K)] 601997K->394041K(1301504K), 0.1207768 secs] [Times: user=0.72 sys=0.00, real=0.12 secs] 
3500.769: [GC (Allocation Failure) [PSYoungGen: 452288K->119136K(445440K)] 720185K->504401K(1239040K), 0.0623781 secs] [Times: user=0.37 sys=0.00, real=0.07 secs] 
3501.285: [GC (Allocation Failure) [PSYoungGen: 445280K->112480K(514048K)] 830545K->616849K(1307648K), 0.0538137 secs] [Times: user=0.32 sys=0.00, real=0.05 secs] 
3502.562: [GC (Allocation Failure) [PSYoungGen: 439136K->136576K(463360K)] 943505K->742622K(1256960K), 0.0866493 secs] [Times: user=0.36 sys=0.16, real=0.08 secs] 
3502.649: [Full GC (Ergonomics) [PSYoungGen: 136576K->0K(463360K)] [ParOldGen: 606046K->254246K(953344K)] 742622K->254246K(1416704K), [Metaspace: 59997K->59997K(1105920K)], 0.5365172 secs] [Times: user=2.37 sys=0.00, real=0.54 secs] 
3504.199: [GC (Allocation Failure) [PSYoungGen: 326656K->93152K(516096K)] 580902K->347398K(1469440K), 0.0189901 secs] [Times: user=0.11 sys=0.00, real=0.02 secs] 
3504.670: [GC (Allocation Failure) [PSYoungGen: 418272K->142080K(507904K)] 672518K->483619K(1461248K), 0.0556214 secs] [Times: user=0.33 sys=0.00, real=0.06 secs] 
3506.951: [GC (Allocation Failure) [PSYoungGen: 467200K->84480K(510464K)] 808739K->568011K(1463808K), 0.0611869 secs] [Times: user=0.36 sys=0.00, real=0.06 secs] 
3507.627: [GC (Allocation Failure) [PSYoungGen: 408064K->156608K(480256K)] 891595K->719156K(1433600K), 0.0563869 secs] [Times: user=0.33 sys=0.00, real=0.06 secs] 
3508.984: [GC (GCLocker Initiated GC) [PSYoungGen: 480192K->85216K(506880K)] 1042741K->787893K(1460224K), 0.0997470 secs] [Times: user=0.51 sys=0.09, real=0.10 secs] 
3509.483: [GC (Allocation Failure) [PSYoungGen: 394976K->125024K(435200K)] 1114038K->922743K(1388544K), 0.2454916 secs] [Times: user=1.44 sys=0.02, real=0.24 secs] 
3509.728: [Full GC (Ergonomics) [PSYoungGen: 125024K->0K(435200K)] [ParOldGen: 797719K->208025K(934912K)] 922743K->208025K(1370112K), [Metaspace: 60005K->60005K(1105920K)], 0.4204956 secs] [Times: user=1.82 sys=0.01, real=0.42 secs] 
3511.488: [GC (GCLocker Initiated GC) [PSYoungGen: 309760K->80224K(503808K)] 517785K->288249K(1438720K), 0.1062417 secs] [Times: user=0.63 sys=0.01, real=0.11 secs] 
3512.042: [GC (Allocation Failure) [PSYoungGen: 393568K->141376K(500224K)] 601632K->424816K(1435136K), 0.0477965 secs] [Times: user=0.29 sys=0.00, real=0.04 secs] 
3513.545: [GC (Allocation Failure) [PSYoungGen: 454720K->97216K(504832K)] 738160K->505065K(1439744K), 0.0930215 secs] [Times: user=0.55 sys=0.01, real=0.09 secs] 
3515.036: [GC (GCLocker Initiated GC) [PSYoungGen: 417216K->125600K(505856K)] 825066K->629335K(1440768K), 0.0484389 secs] [Times: user=0.29 sys=0.00, real=0.05 secs] 
3516.489: [GC (Allocation Failure) [PSYoungGen: 445600K->113248K(500736K)] 949336K->733944K(1435648K), 0.0617379 secs] [Times: user=0.36 sys=0.00, real=0.07 secs] 
3517.002: [GC (Allocation Failure) [PSYoungGen: 441440K->118656K(506880K)] 1062136K->852576K(1441792K), 0.0525631 secs] [Times: user=0.31 sys=0.00, real=0.05 secs] 
3518.317: [GC (Allocation Failure) [PSYoungGen: 446848K->130496K(519680K)] 1180768K->972269K(1454592K), 0.0678949 secs] [Times: user=0.37 sys=0.03, real=0.07 secs] 
3518.385: [Full GC (Ergonomics) [PSYoungGen: 130496K->0K(519680K)] [ParOldGen: 841773K->254545K(1027584K)] 972269K->254545K(1547264K), [Metaspace: 60019K->60019K(1105920K)], 0.5376322 secs] [Times: user=2.39 sys=0.00, real=0.54 secs] 
3519.570: [GC (Allocation Failure) [PSYoungGen: 345088K->117440K(462848K)] 599633K->371985K(1490432K), 0.0228055 secs] [Times: user=0.13 sys=0.00, real=0.02 secs] 
3520.865: [GC (Allocation Failure) [PSYoungGen: 462528K->140448K(516096K)] 717073K->493382K(1543680K), 0.0612165 secs] [Times: user=0.36 sys=0.00, real=0.06 secs] 
3522.903: [GC (Allocation Failure) [PSYoungGen: 484512K->106624K(520192K)] 837446K->599086K(1547776K), 0.0577668 secs] [Times: user=0.35 sys=0.00, real=0.06 secs] 
3524.270: [GC (Allocation Failure) [PSYoungGen: 450688K->141248K(517632K)] 943150K->729883K(1545216K), 0.0616271 secs] [Times: user=0.37 sys=0.00, real=0.06 secs] 
3524.962: [GC (Allocation Failure) [PSYoungGen: 487360K->104160K(522240K)] 1075995K->833963K(1549824K), 0.0586678 secs] [Times: user=0.35 sys=0.00, real=0.06 secs] 
3526.323: [GC (Allocation Failure) [PSYoungGen: 450272K->144224K(516608K)] 1180075K->967719K(1544192K), 0.0616805 secs] [Times: user=0.37 sys=0.00, real=0.06 secs] 
3527.771: [GC (Allocation Failure) [PSYoungGen: 488800K->101568K(521728K)] 1312295K->1068903K(1549312K), 0.0823839 secs] [Times: user=0.25 sys=0.18, real=0.08 secs] 
3527.853: [Full GC (Ergonomics) [PSYoungGen: 101568K->0K(521728K)] [ParOldGen: 967335K->118690K(961024K)] 1068903K->118690K(1482752K), [Metaspace: 60031K->60031K(1105920K)], 0.2683113 secs] [Times: user=1.22 sys=0.00, real=0.27 secs] 
3529.280: [GC (Allocation Failure) [PSYoungGen: 341286K->174048K(485888K)] 459977K->303378K(1446912K), 0.0574691 secs] [Times: user=0.33 sys=0.01, real=0.06 secs] 
3529.959: [GC (Allocation Failure) [PSYoungGen: 485856K->87872K(505344K)] 615186K->354386K(1466368K), 0.0733345 secs] [Times: user=0.43 sys=0.00, real=0.08 secs] 
3531.543: [GC (Allocation Failure) [PSYoungGen: 399680K->130880K(498176K)] 666194K->480154K(1459200K), 0.0523881 secs] [Times: user=0.31 sys=0.00, real=0.05 secs] 
3533.073: [GC (GCLocker Initiated GC) [PSYoungGen: 443712K->82912K(502272K)] 792986K->562914K(1463296K), 0.0583848 secs] [Times: user=0.35 sys=0.00, real=0.06 secs] 
3533.600: [GC (Allocation Failure) [PSYoungGen: 395744K->125920K(501248K)] 892133K->698626K(1462272K), 0.2548721 secs] [Times: user=1.52 sys=0.00, real=0.26 secs] 
3535.302: [GC (GCLocker Initiated GC) [PSYoungGen: 445920K->84288K(505344K)] 1018626K->782418K(1466368K), 0.3379915 secs] [Times: user=2.02 sys=0.00, real=0.33 secs] 
3536.042: [GC (Allocation Failure) [PSYoungGen: 404288K->143424K(507392K)] 1102421K->921590K(1468416K), 0.0484861 secs] [Times: user=0.29 sys=0.00, real=0.05 secs] 
3536.090: [Full GC (Ergonomics) [PSYoungGen: 143424K->0K(507392K)] [ParOldGen: 778166K->186463K(1058304K)] 921590K->186463K(1565696K), [Metaspace: 60052K->60052K(1105920K)], 0.4464211 secs] [Times: user=2.09 sys=0.00, real=0.44 secs] 
3538.023: [GC (Allocation Failure) [PSYoungGen: 323072K->98112K(510976K)] 509535K->284575K(1569280K), 0.0647733 secs] [Times: user=0.39 sys=0.00, real=0.06 secs] 
3538.895: [GC (Allocation Failure) [PSYoungGen: 421184K->132800K(509952K)] 607647K->415037K(1568256K), 0.0708747 secs] [Times: user=0.42 sys=0.00, real=0.07 secs] 
3540.602: [GC (Allocation Failure) [PSYoungGen: 459456K->101376K(510464K)] 741693K->507949K(1568768K), 0.0658470 secs] [Times: user=0.39 sys=0.00, real=0.06 secs] 
3541.366: [GC (Allocation Failure) [PSYoungGen: 428032K->126944K(513024K)] 834605K->633074K(1571328K), 0.0503028 secs] [Times: user=0.30 sys=0.00, real=0.05 secs] 
3542.716: [GC (Allocation Failure) [PSYoungGen: 460768K->119648K(511488K)] 966898K->742754K(1569792K), 0.0631011 secs] [Times: user=0.37 sys=0.00, real=0.06 secs] 
3544.518: [GC (Allocation Failure) [PSYoungGen: 453472K->115808K(516096K)] 1076578K->858138K(1574400K), 0.0552402 secs] [Times: user=0.32 sys=0.00, real=0.06 secs] 
3545.940: [GC (Allocation Failure) [PSYoungGen: 462944K->133248K(514560K)] 1205274K->980031K(1572864K), 0.0623664 secs] [Times: user=0.36 sys=0.00, real=0.06 secs] 
3546.558: [GC (Allocation Failure) [PSYoungGen: 480384K->118880K(522240K)] 1327167K->1098847K(1580544K), 0.0588559 secs] [Times: user=0.34 sys=0.00, real=0.06 secs] 
3546.617: [Full GC (Ergonomics) [PSYoungGen: 118880K->0K(522240K)] [ParOldGen: 979967K->135966K(1057280K)] 1098847K->135966K(1579520K), [Metaspace: 60055K->60055K(1105920K)], 0.3073788 secs] [Times: user=1.41 sys=0.00, real=0.31 secs] 
3548.229: [GC (Allocation Failure) [PSYoungGen: 363008K->129312K(526336K)] 498974K->265278K(1583616K), 0.0479334 secs] [Times: user=0.28 sys=0.00, real=0.05 secs] 
3548.949: [GC (Allocation Failure) [PSYoungGen: 492320K->132864K(535040K)] 628286K->397799K(1592320K), 0.0671183 secs] [Times: user=0.40 sys=0.01, real=0.07 secs] 
3550.621: [GC (GCLocker Initiated GC) [PSYoungGen: 505088K->6624K(378880K)] 770023K->271583K(1436160K), 0.0027955 secs] [Times: user=0.01 sys=0.00, real=0.00 secs] 
3551.215: [GC (Allocation Failure) [PSYoungGen: 378848K->150720K(503808K)] 643846K->420259K(1561088K), 0.0311529 secs] [Times: user=0.18 sys=0.00, real=0.03 secs] 
3552.549: [GC (Allocation Failure) [PSYoungGen: 475840K->101248K(512000K)] 745379K->511903K(1569280K), 0.0674561 secs] [Times: user=0.39 sys=0.00, real=0.07 secs] 
3554.355: [GC (Allocation Failure) [PSYoungGen: 426368K->128992K(507904K)] 837023K->639493K(1565184K), 0.0508389 secs] [Times: user=0.30 sys=0.01, real=0.05 secs] 
3555.827: [GC (Allocation Failure) [PSYoungGen: 459232K->112800K(511488K)] 969733K->743701K(1568768K), 0.0627582 secs] [Times: user=0.37 sys=0.00, real=0.06 secs] 
3556.412: [GC (GCLocker Initiated GC) [PSYoungGen: 443040K->120512K(513536K)] 1073942K->863659K(1570816K), 0.0527789 secs] [Times: user=0.31 sys=0.00, real=0.05 secs] 
3557.837: [GC (Allocation Failure) [PSYoungGen: 463552K->126720K(514048K)] 1206700K->980700K(1571328K), 0.0629718 secs] [Times: user=0.38 sys=0.00, real=0.06 secs] 
3558.548: [GC (Allocation Failure) [PSYoungGen: 469760K->120064K(520192K)] 1323740K->1100724K(1577472K), 0.0567222 secs] [Times: user=0.34 sys=0.00, real=0.06 secs] 
3558.605: [Full GC (Ergonomics) [PSYoungGen: 120064K->0K(520192K)] [ParOldGen: 980660K->137682K(1138688K)] 1100724K->137682K(1658880K), [Metaspace: 60060K->60060K(1105920K)], 0.3094332 secs] [Times: user=1.42 sys=0.00, real=0.31 secs] 
3560.194: [GC (Allocation Failure) [PSYoungGen: 357888K->129120K(523776K)] 495570K->266802K(1662464K), 0.0456827 secs] [Times: user=0.27 sys=0.00, real=0.04 secs] 
3561.801: [GC (Allocation Failure) [PSYoungGen: 487008K->128864K(531968K)] 624692K->394677K(1670656K), 0.0651922 secs] [Times: user=0.38 sys=0.00, real=0.06 secs] 
3563.440: [GC (Allocation Failure) [PSYoungGen: 495968K->3104K(370688K)] 761781K->269749K(1509376K), 0.0029011 secs] [Times: user=0.01 sys=0.00, real=0.00 secs] 
3564.032: [GC (GCLocker Initiated GC) [PSYoungGen: 370208K->144288K(505344K)] 636853K->412769K(1644032K), 0.0290688 secs] [Times: user=0.16 sys=0.00, real=0.03 secs] 
3566.776: [GC (Allocation Failure) [PSYoungGen: 469408K->104896K(512000K)] 737891K->508324K(1650688K), 0.0657487 secs] [Times: user=0.39 sys=0.00, real=0.07 secs] 
3568.992: [GC (Allocation Failure) [PSYoungGen: 430016K->120320K(504832K)] 833444K->627259K(1643520K), 0.0505710 secs] [Times: user=0.30 sys=0.00, real=0.05 secs] 
3570.298: [GC (Allocation Failure) [PSYoungGen: 452096K->176608K(508416K)] 959035K->744835K(1647104K), 0.0637311 secs] [Times: user=0.38 sys=0.00, real=0.07 secs] 
3570.795: [GC (Allocation Failure) [PSYoungGen: 508384K->107744K(468480K)] 1076611K->852827K(1607168K), 0.0624560 secs] [Times: user=0.37 sys=0.00, real=0.06 secs] 
3571.202: [GC (Allocation Failure) [PSYoungGen: 385760K->126944K(488448K)] 1130843K->969384K(1627136K), 0.0553263 secs] [Times: user=0.33 sys=0.00, real=0.05 secs] 
3573.439: [GC (Allocation Failure) [PSYoungGen: 404960K->64992K(484864K)] 1247400K->1034160K(1623552K), 0.0945251 secs] [Times: user=0.56 sys=0.00, real=0.10 secs] 
3573.533: [Full GC (Ergonomics) [PSYoungGen: 64992K->0K(484864K)] [ParOldGen: 969168K->68409K(1136128K)] 1034160K->68409K(1620992K), [Metaspace: 60080K->60080K(1105920K)], 0.1522536 secs] [Times: user=0.68 sys=0.00, real=0.15 secs] 
3574.051: [GC (Allocation Failure) [PSYoungGen: 284672K->123360K(489984K)] 353081K->191769K(1626112K), 0.0341361 secs] [Times: user=0.20 sys=0.00, real=0.03 secs] 
3575.281: [GC (Allocation Failure) [PSYoungGen: 408032K->83968K(491008K)] 476441K->267421K(1627136K), 0.0624359 secs] [Times: user=0.37 sys=0.00, real=0.06 secs] 
3576.687: [GC (Allocation Failure) [PSYoungGen: 378880K->114944K(491520K)] 562333K->381501K(1627648K), 0.0930872 secs] [Times: user=0.55 sys=0.00, real=0.09 secs] 
3577.934: [GC (Allocation Failure) [PSYoungGen: 408130K->162880K(483840K)] 674687K->535877K(1619968K), 0.0593251 secs] [Times: user=0.35 sys=0.00, real=0.06 secs] 
3579.320: [GC (Allocation Failure) [PSYoungGen: 458304K->75648K(494592K)] 831301K->577693K(1630720K), 0.0609499 secs] [Times: user=0.36 sys=0.00, real=0.07 secs] 
3579.783: [GC (Allocation Failure) [PSYoungGen: 371072K->128064K(492032K)] 873117K->699766K(1628160K), 0.0481459 secs] [Times: user=0.28 sys=0.00, real=0.05 secs] 
3581.242: [GC (Allocation Failure) [PSYoungGen: 429120K->78560K(496128K)] 1000822K->777838K(1632256K), 0.0950105 secs] [Times: user=0.57 sys=0.00, real=0.09 secs] 
3581.726: [GC (Allocation Failure) [PSYoungGen: 379616K->126176K(496128K)] 1078894K->900307K(1632256K), 0.0452103 secs] [Times: user=0.27 sys=0.00, real=0.05 secs] 
3583.381: [GC (Allocation Failure) [PSYoungGen: 436448K->96864K(500736K)] 1210579K->988399K(1636864K), 0.0973979 secs] [Times: user=0.58 sys=0.01, real=0.09 secs] 
3584.730: [GC (Allocation Failure) [PSYoungGen: 407136K->121440K(500224K)] 1298671K->1108118K(1636352K), 0.0496062 secs] [Times: user=0.29 sys=0.01, real=0.05 secs] 
3584.779: [Full GC (Ergonomics) [PSYoungGen: 121440K->0K(500224K)] [ParOldGen: 986678K->145647K(1232384K)] 1108118K->145647K(1732608K), [Metaspace: 60084K->60084K(1105920K)], 0.3356342 secs] [Times: user=1.54 sys=0.00, real=0.34 secs] 
3586.330: [GC (Allocation Failure) [PSYoungGen: 322560K->119520K(504320K)] 468207K->265167K(1736704K), 0.0429669 secs] [Times: user=0.26 sys=0.00, real=0.05 secs] 
3586.976: [GC (GCLocker Initiated GC) [PSYoungGen: 442080K->105984K(506880K)] 587728K->371160K(1739264K), 0.0590034 secs] [Times: user=0.35 sys=0.00, real=0.06 secs] 
3588.334: [GC (Allocation Failure) [PSYoungGen: 445440K->143008K(512000K)] 710617K->502854K(1744384K), 0.0609014 secs] [Times: user=0.36 sys=0.00, real=0.06 secs] 
3589.149: [GC (Allocation Failure) [PSYoungGen: 482464K->98880K(523264K)] 842310K->601706K(1755648K), 0.0583180 secs] [Times: user=0.34 sys=0.00, real=0.06 secs] 
3590.024: [GC (Allocation Failure) [PSYoungGen: 445504K->174560K(521216K)] 948330K->782463K(1753600K), 0.0636300 secs] [Times: user=0.37 sys=0.01, real=0.06 secs] 
3591.907: [GC (Allocation Failure) [PSYoungGen: 514521K->92896K(423936K)] 1122425K->834135K(1656320K), 0.1162726 secs] [Times: user=0.69 sys=0.01, real=0.12 secs] 
3592.731: [GC (GCLocker Initiated GC) [PSYoungGen: 339168K->107648K(472576K)] 1080407K->936578K(1704960K), 0.0647269 secs] [Times: user=0.38 sys=0.00, real=0.06 secs] 
3593.917: [GC (Allocation Failure) [PSYoungGen: 353920K->58272K(470016K)] 1182852K->994612K(1702400K), 0.0508479 secs] [Times: user=0.30 sys=0.00, real=0.05 secs] 
3594.347: [GC (Allocation Failure) [PSYoungGen: 311200K->104704K(357888K)] 1247540K->1097893K(1590272K), 0.0456396 secs] [Times: user=0.26 sys=0.01, real=0.05 secs] 
3594.752: [GC (Allocation Failure) [PSYoungGen: 357632K->114784K(482816K)] 1350821K->1203049K(1715200K), 0.0718058 secs] [Times: user=0.38 sys=0.05, real=0.07 secs] 
3594.824: [Full GC (Ergonomics) [PSYoungGen: 114784K->0K(482816K)] [ParOldGen: 1088265K->237597K(1361920K)] 1203049K->237597K(1844736K), [Metaspace: 60106K->60106K(1105920K)], 0.5658090 secs] [Times: user=2.64 sys=0.00, real=0.56 secs] 
3597.040: [GC (Allocation Failure) [PSYoungGen: 269312K->62560K(473600K)] 506909K->300166K(1835520K), 0.0552780 secs] [Times: user=0.32 sys=0.00, real=0.06 secs] 
3597.477: [GC (Allocation Failure) [PSYoungGen: 331872K->113920K(486400K)] 569478K->410570K(1848320K), 0.0385790 secs] [Times: user=0.23 sys=0.00, real=0.04 secs] 
3598.734: [GC (Allocation Failure) [PSYoungGen: 403200K->95008K(485888K)] 699850K->496966K(1847808K), 0.0561869 secs] [Times: user=0.33 sys=0.00, real=0.05 secs] 
3599.942: [GC (Allocation Failure) [PSYoungGen: 384288K->106272K(493056K)] 786246K->602318K(1854976K), 0.1076318 secs] [Times: user=0.63 sys=0.00, real=0.10 secs] 
3601.070: [GC (Allocation Failure) [PSYoungGen: 417568K->135264K(494592K)] 913614K->728142K(1856512K), 0.1151133 secs] [Times: user=0.68 sys=0.01, real=0.12 secs] 
3602.573: [GC (Allocation Failure) [PSYoungGen: 446560K->80512K(514048K)] 1039438K->808502K(1875968K), 0.0780855 secs] [Times: user=0.46 sys=0.01, real=0.08 secs] 
3603.044: [GC (GCLocker Initiated GC) [PSYoungGen: 410240K->139872K(470016K)] 1138230K->941747K(1831936K), 0.0528279 secs] [Times: user=0.31 sys=0.00, real=0.05 secs] 
3605.256: [GC (Allocation Failure) [PSYoungGen: 469600K->87712K(514560K)] 1271478K->1028554K(1876480K), 0.0795453 secs] [Times: user=0.47 sys=0.00, real=0.08 secs] 
3605.727: [GC (Allocation Failure) [PSYoungGen: 400233K->132288K(511488K)] 1341076K->1154743K(1873408K), 0.0474567 secs] [Times: user=0.28 sys=0.00, real=0.05 secs] 
3607.099: [GC (Allocation Failure) [PSYoungGen: 459456K->100032K(505344K)] 1481911K->1245639K(1867264K), 0.0732548 secs] [Times: user=0.38 sys=0.05, real=0.08 secs] 
3607.826: [GC (Allocation Failure) [PSYoungGen: 429248K->137248K(508928K)] 1574855K->1379976K(1870848K), 0.0681304 secs] [Times: user=0.21 sys=0.19, real=0.07 secs] 
3607.894: [Full GC (Ergonomics) [PSYoungGen: 137248K->0K(508928K)] [ParOldGen: 1242728K->186505K(1367552K)] 1379976K->186505K(1876480K), [Metaspace: 60232K->60232K(1105920K)], 0.4487713 secs] [Times: user=2.09 sys=0.00, real=0.45 secs] 
3609.663: [GC (Allocation Failure) [PSYoungGen: 329216K->97440K(514048K)] 515721K->283945K(1881600K), 0.0488640 secs] [Times: user=0.29 sys=0.00, real=0.05 secs] 
3610.273: [GC (Allocation Failure) [PSYoungGen: 433824K->139456K(515072K)] 620329K->420478K(1882624K), 0.0496569 secs] [Times: user=0.29 sys=0.00, real=0.05 secs] 
3611.707: [GC (Allocation Failure) [PSYoungGen: 475840K->101504K(514560K)] 756862K->512622K(1882112K), 0.0661929 secs] [Times: user=0.39 sys=0.00, real=0.07 secs] 
3612.887: [GC (Allocation Failure) [PSYoungGen: 439424K->137792K(515584K)] 850542K->647722K(1883136K), 0.0509842 secs] [Times: user=0.30 sys=0.00, real=0.05 secs] 
3614.243: [GC (Allocation Failure) [PSYoungGen: 475712K->107488K(513536K)] 985642K->745451K(1881088K), 0.0642542 secs] [Times: user=0.38 sys=0.00, real=0.06 secs] 
3615.313: [GC (Allocation Failure) [PSYoungGen: 448480K->133408K(516096K)] 1086443K->878109K(1883648K), 0.0529452 secs] [Times: user=0.32 sys=0.00, real=0.05 secs] 
3616.655: [GC (GCLocker Initiated GC) [PSYoungGen: 474400K->114016K(513536K)] 1219101K->983590K(1881088K), 0.0647949 secs] [Times: user=0.38 sys=0.00, real=0.07 secs] 
3617.263: [GC (Allocation Failure) [PSYoungGen: 461664K->136288K(518144K)] 1331308K->1118625K(1885696K), 0.0545524 secs] [Times: user=0.32 sys=0.00, real=0.05 secs] 
3618.671: [GC (Allocation Failure) [PSYoungGen: 483936K->113632K(521216K)] 1466273K->1222029K(1888768K), 0.0657001 secs] [Times: user=0.39 sys=0.00, real=0.06 secs] 
3619.442: [GC (Allocation Failure) [PSYoungGen: 469472K->140768K(523776K)] 1577869K->1361210K(1891328K), 0.0554700 secs] [Times: user=0.32 sys=0.00, real=0.05 secs] 
3619.498: [Full GC (Ergonomics) [PSYoungGen: 140768K->0K(523776K)] [ParOldGen: 1220442K->159669K(1398272K)] 1361210K->159669K(1922048K), [Metaspace: 60234K->60234K(1105920K)], 0.3731809 secs] [Times: user=1.74 sys=0.00, real=0.38 secs] 
3621.146: [GC (Allocation Failure) [PSYoungGen: 355840K->113216K(526336K)] 515509K->272886K(1924608K), 0.0400920 secs] [Times: user=0.24 sys=0.00, real=0.04 secs] 
3622.232: [GC (Allocation Failure) [PSYoungGen: 472640K->143136K(526848K)] 632310K->414606K(1925120K), 0.0559209 secs] [Times: user=0.33 sys=0.00, real=0.05 secs] 
3623.609: [GC (Allocation Failure) [PSYoungGen: 502560K->113600K(527872K)] 774030K->519735K(1926144K), 0.0660147 secs] [Times: user=0.39 sys=0.00, real=0.07 secs] 
3624.254: [GC (Allocation Failure) [PSYoungGen: 473024K->147744K(507392K)] 879159K->664635K(1905664K), 0.0554712 secs] [Times: user=0.32 sys=0.01, real=0.05 secs] 
3625.669: [GC (GCLocker Initiated GC) [PSYoungGen: 507168K->111744K(528384K)] 1024061K->766653K(1926656K), 0.0662925 secs] [Times: user=0.39 sys=0.01, real=0.07 secs] 
3626.266: [GC (Allocation Failure) [PSYoungGen: 467072K->148480K(504320K)] 1122052K->911608K(1902592K), 0.0543073 secs] [Times: user=0.32 sys=0.00, real=0.05 secs] 
3628.465: [GC (Allocation Failure) [PSYoungGen: 503808K->108544K(525824K)] 1266936K->1010944K(1924096K), 0.1257810 secs] [Times: user=0.75 sys=0.00, real=0.13 secs] 
3629.137: [GC (Allocation Failure) [PSYoungGen: 459264K->147968K(499200K)] 1361664K->1154725K(1897472K), 0.0533254 secs] [Times: user=0.31 sys=0.00, real=0.06 secs] 
3630.967: [GC (Allocation Failure) [PSYoungGen: 498688K->105760K(523264K)] 1505445K->1252037K(1921536K), 0.0660580 secs] [Times: user=0.39 sys=0.00, real=0.07 secs] 
3631.469: [GC (Allocation Failure) [PSYoungGen: 451872K->145664K(492032K)] 1598149K->1393554K(1890304K), 0.0530346 secs] [Times: user=0.31 sys=0.01, real=0.06 secs] 
3631.522: [Full GC (Ergonomics) [PSYoungGen: 145664K->0K(492032K)] [ParOldGen: 1247890K->190024K(1398272K)] 1393554K->190024K(1890304K), [Metaspace: 60237K->60237K(1105920K)], 0.4443096 secs] [Times: user=2.07 sys=0.00, real=0.44 secs] 
3633.453: [GC (Allocation Failure) [PSYoungGen: 346112K->102784K(521728K)] 536136K->292808K(1920000K), 0.0436365 secs] [Times: user=0.26 sys=0.00, real=0.04 secs] 
3634.142: [GC (Allocation Failure) [PSYoungGen: 446336K->146080K(489984K)] 636360K->434785K(1888256K), 0.0505496 secs] [Times: user=0.30 sys=0.00, real=0.05 secs] 
3635.710: [GC (Allocation Failure) [PSYoungGen: 489632K->104640K(520704K)] 778337K->530785K(1918976K), 0.0645803 secs] [Times: user=0.38 sys=0.01, real=0.07 secs] 
3636.935: [GC (Allocation Failure) [PSYoungGen: 445120K->140640K(518656K)] 871265K->667878K(1916928K), 0.0515352 secs] [Times: user=0.31 sys=0.00, real=0.05 secs] 
3638.247: [GC (Allocation Failure) [PSYoungGen: 481120K->102688K(518656K)] 1008358K->762022K(1916928K), 0.0639445 secs] [Times: user=0.38 sys=0.00, real=0.07 secs] 
3638.761: [GC (Allocation Failure) [PSYoungGen: 444192K->143040K(519168K)] 1103526K->902059K(1917440K), 0.0518569 secs] [Times: user=0.30 sys=0.00, real=0.05 secs] 
3640.243: [GC (Allocation Failure) [PSYoungGen: 484544K->104224K(519168K)] 1243563K->996751K(1917440K), 0.0734494 secs] [Times: user=0.44 sys=0.00, real=0.07 secs] 
3641.076: [GC (Allocation Failure) [PSYoungGen: 445728K->141248K(519168K)] 1338255K->1134724K(1917440K), 0.0519039 secs] [Times: user=0.31 sys=0.00, real=0.05 secs] 
3642.680: [GC (Allocation Failure) [PSYoungGen: 482752K->103872K(518656K)] 1476228K->1229280K(1916928K), 0.1036242 secs] [Times: user=0.62 sys=0.00, real=0.11 secs] 
3644.349: [GC (Allocation Failure) [PSYoungGen: 445888K->137216K(519168K)] 1571296K->1364642K(1917440K), 0.0782839 secs] [Times: user=0.46 sys=0.00, real=0.08 secs] 
3645.902: [GC (GCLocker Initiated GC) [PSYoungGen: 479232K->109088K(516608K)] 1706658K->1464914K(1914880K), 0.0740799 secs] [Times: user=0.40 sys=0.03, real=0.07 secs] 
3645.976: [Full GC (Ergonomics) [PSYoungGen: 109088K->0K(516608K)] [ParOldGen: 1355826K->24258K(1398272K)] 1464914K->24258K(1914880K), [Metaspace: 60256K->60256K(1105920K)], 0.0348761 secs] [Times: user=0.09 sys=0.00, real=0.04 secs] 
3646.774: [GC (Allocation Failure) [PSYoungGen: 344576K->136448K(519168K)] 368905K->160777K(1917440K), 0.0274558 secs] [Times: user=0.16 sys=0.00, real=0.03 secs] 
3648.259: [GC (Allocation Failure) [PSYoungGen: 481024K->111808K(518144K)] 505353K->262965K(1916416K), 0.0805619 secs] [Times: user=0.48 sys=0.01, real=0.08 secs] 
3649.479: [GC (Allocation Failure) [PSYoungGen: 461504K->137344K(521216K)] 612661K->398262K(1919488K), 0.0531157 secs] [Times: user=0.31 sys=0.00, real=0.06 secs] 
3650.848: [GC (Allocation Failure) [PSYoungGen: 487040K->113856K(521728K)] 747958K->502546K(1920000K), 0.0646319 secs] [Times: user=0.38 sys=0.00, real=0.07 secs] 
3651.695: [GC (Allocation Failure) [PSYoungGen: 469184K->141152K(524288K)] 857876K->642811K(1922560K), 0.0546524 secs] [Times: user=0.32 sys=0.00, real=0.05 secs] 
3653.695: [GC (Allocation Failure) [PSYoungGen: 496480K->110304K(527872K)] 998139K->744595K(1926144K), 0.0731857 secs] [Times: user=0.42 sys=0.01, real=0.07 secs] 
3654.423: [GC (Allocation Failure) [PSYoungGen: 469216K->145696K(504832K)] 1103507K->888088K(1903104K), 0.0539014 secs] [Times: user=0.32 sys=0.00, real=0.05 secs] 
3656.045: [GC (GCLocker Initiated GC) [PSYoungGen: 504608K->111168K(528384K)] 1247000K->989492K(1926656K), 0.1004614 secs] [Times: user=0.59 sys=0.00, real=0.10 secs] 
3657.106: [GC (Allocation Failure) [PSYoungGen: 467008K->147552K(503808K)] 1345335K->1134628K(1902080K), 0.0551210 secs] [Times: user=0.33 sys=0.00, real=0.06 secs] 
3658.455: [GC (Allocation Failure) [PSYoungGen: 503392K->110240K(526336K)] 1490468K->1235848K(1924608K), 0.0656105 secs] [Times: user=0.39 sys=0.00, real=0.07 secs] 
3659.909: [GC (GCLocker Initiated GC) [PSYoungGen: 461984K->145184K(497152K)] 1587593K->1379290K(1895424K), 0.0547115 secs] [Times: user=0.33 sys=0.00, real=0.06 secs] 
3659.964: [Full GC (Ergonomics) [PSYoungGen: 145184K->0K(497152K)] [ParOldGen: 1234106K->183166K(1398272K)] 1379290K->183166K(1895424K), [Metaspace: 60272K->60272K(1105920K)], 0.4358051 secs] [Times: user=2.03 sys=0.00, real=0.43 secs] 
3662.271: [GC (GCLocker Initiated GC) [PSYoungGen: 351744K->103968K(524288K)] 534913K->287137K(1922560K), 0.0612600 secs] [Times: user=0.36 sys=0.00, real=0.06 secs] 
3663.010: [GC (Allocation Failure) [PSYoungGen: 453152K->144992K(494592K)] 636324K->429353K(1892864K), 0.0519569 secs] [Times: user=0.31 sys=0.00, real=0.06 secs] 
3665.277: [GC (Allocation Failure) [PSYoungGen: 494176K->106208K(523264K)] 778537K->526197K(1921536K), 0.1579692 secs] [Times: user=0.94 sys=0.00, real=0.16 secs] 
3666.335: [GC (Allocation Failure) [PSYoungGen: 452320K->142592K(521728K)] 872309K->665742K(1920000K), 0.0525451 secs] [Times: user=0.31 sys=0.00, real=0.05 secs] 
3667.640: [GC (GCLocker Initiated GC) [PSYoungGen: 488704K->105024K(521728K)] 1011854K->762194K(1920000K), 0.0644511 secs] [Times: user=0.38 sys=0.00, real=0.07 secs] 
3668.187: [GC (Allocation Failure) [PSYoungGen: 451136K->150816K(497152K)] 1108344K->910733K(1895424K), 0.0529921 secs] [Times: user=0.31 sys=0.00, real=0.05 secs] 
3669.948: [GC (Allocation Failure) [PSYoungGen: 496928K->104608K(520192K)] 1256845K->998429K(1918464K), 0.1414089 secs] [Times: user=0.83 sys=0.00, real=0.14 secs] 
3671.182: [GC (Allocation Failure) [PSYoungGen: 444576K->139360K(518656K)] 1338397K->1134518K(1916928K), 0.0523508 secs] [Times: user=0.31 sys=0.00, real=0.05 secs] 
3672.761: [GC (Allocation Failure) [PSYoungGen: 479328K->106272K(518656K)] 1474486K->1231790K(1916928K), 0.0930857 secs] [Times: user=0.55 sys=0.01, real=0.09 secs] 
3674.145: [GC (Allocation Failure) [PSYoungGen: 447776K->137824K(518656K)] 1573294K->1367691K(1916928K), 0.0533977 secs] [Times: user=0.32 sys=0.00, real=0.05 secs] 
3676.467: [GC (GCLocker Initiated GC) [PSYoungGen: 479328K->107040K(518144K)] 1709195K->1466243K(1916416K), 0.0668119 secs] [Times: user=0.40 sys=0.00, real=0.07 secs] 
3676.534: [Full GC (Ergonomics) [PSYoungGen: 107040K->0K(518144K)] [ParOldGen: 1359203K->25591K(1398272K)] 1466243K->25591K(1916416K), [Metaspace: 60273K->60273K(1105920K)], 0.0405299 secs] [Times: user=0.12 sys=0.01, real=0.04 secs] 
3677.407: [GC (Allocation Failure) [PSYoungGen: 345088K->135392K(519680K)] 370681K->160985K(1917952K), 0.0266859 secs] [Times: user=0.15 sys=0.00, real=0.03 secs] 
3678.799: [GC (GCLocker Initiated GC) [PSYoungGen: 480480K->112608K(518656K)] 506074K->263386K(1916928K), 0.0640835 secs] [Times: user=0.38 sys=0.00, real=0.07 secs] 
3679.732: [GC (GCLocker Initiated GC) [PSYoungGen: 462816K->135840K(521728K)] 613598K->397435K(1920000K), 0.0530226 secs] [Times: user=0.32 sys=0.00, real=0.05 secs] 
3681.109: [GC (Allocation Failure) [PSYoungGen: 486048K->114560K(521728K)] 747645K->501817K(1920000K), 0.0636379 secs] [Times: user=0.38 sys=0.00, real=0.07 secs] 
3681.962: [GC (Allocation Failure) [PSYoungGen: 470912K->144768K(524800K)] 858169K->645856K(1923072K), 0.0591534 secs] [Times: user=0.35 sys=0.00, real=0.06 secs] 
3684.847: [GC (GCLocker Initiated GC) [PSYoungGen: 501120K->108960K(528896K)] 1002208K->746376K(1927168K), 0.0740339 secs] [Times: user=0.44 sys=0.00, real=0.08 secs] 
3685.826: [GC (Allocation Failure) [PSYoungGen: 466336K->152000K(509440K)] 1103791K->896556K(1907712K), 0.0539629 secs] [Times: user=0.31 sys=0.00, real=0.06 secs] 
3687.508: [GC (Allocation Failure) [PSYoungGen: 509376K->110272K(525312K)] 1253932K->989284K(1923584K), 0.1518206 secs] [Times: user=0.90 sys=0.00, real=0.15 secs] 
3688.939: [GC (Allocation Failure) [PSYoungGen: 459968K->141344K(523264K)] 1338980K->1127973K(1921536K), 0.0537547 secs] [Times: user=0.31 sys=0.00, real=0.06 secs] 
3690.271: [GC (Allocation Failure) [PSYoungGen: 491040K->108608K(523264K)] 1477669K->1227301K(1921536K), 0.0651447 secs] [Times: user=0.39 sys=0.00, real=0.06 secs] 
3690.882: [GC (Allocation Failure) [PSYoungGen: 459328K->143296K(523776K)] 1578021K->1368178K(1922048K), 0.0535938 secs] [Times: user=0.31 sys=0.00, real=0.05 secs] 
3692.787: [GC (Allocation Failure) [PSYoungGen: 494016K->106912K(524288K)] 1718898K->1466042K(1922560K), 0.1436373 secs] [Times: user=0.85 sys=0.00, real=0.15 secs] 
3692.931: [Full GC (Ergonomics) [PSYoungGen: 106912K->0K(524288K)] [ParOldGen: 1359130K->28452K(1398272K)] 1466042K->28452K(1922560K), [Metaspace: 60284K->60284K(1105920K)], 0.1308693 secs] [Times: user=0.55 sys=0.00, real=0.13 secs] 
3694.227: [GC (Allocation Failure) [PSYoungGen: 350208K->142016K(523776K)] 378660K->170468K(1922048K), 0.0278303 secs] [Times: user=0.16 sys=0.00, real=0.03 secs] 
3696.206: [GC (Allocation Failure) [PSYoungGen: 492224K->109632K(522752K)] 520676K->271056K(1921024K), 0.1495970 secs] [Times: user=0.89 sys=0.01, real=0.15 secs] 
3697.232: [GC (Allocation Failure) [PSYoungGen: 459840K->143136K(523264K)] 621264K->412030K(1921536K), 0.0530330 secs] [Times: user=0.31 sys=0.00, real=0.05 secs] 
3698.982: [GC (Allocation Failure) [PSYoungGen: 493344K->107584K(524288K)] 762238K->511066K(1922560K), 0.0654540 secs] [Times: user=0.39 sys=0.01, real=0.06 secs] 
3699.534: [GC (Allocation Failure) [PSYoungGen: 457792K->145888K(496128K)] 861274K->653167K(1894400K), 0.0527247 secs] [Times: user=0.31 sys=0.00, real=0.05 secs] 
3701.044: [GC (GCLocker Initiated GC) [PSYoungGen: 496096K->105696K(523776K)] 1003375K->749435K(1922048K), 0.0799388 secs] [Times: user=0.47 sys=0.00, real=0.08 secs] 
3701.984: [GC (Allocation Failure) [PSYoungGen: 452832K->144544K(492032K)] 1096642K->891106K(1890304K), 0.0524822 secs] [Times: user=0.31 sys=0.00, real=0.05 secs] 
3703.756: [GC (Allocation Failure) [PSYoungGen: 491680K->107168K(523264K)] 1238242K->989315K(1921536K), 0.1583804 secs] [Times: user=0.94 sys=0.00, real=0.16 secs] 
3705.060: [GC (GCLocker Initiated GC) [PSYoungGen: 452768K->140480K(521216K)] 1334916K->1127441K(1919488K), 0.0879912 secs] [Times: user=0.52 sys=0.00, real=0.09 secs] 
3706.676: [GC (Allocation Failure) [PSYoungGen: 486080K->105856K(521216K)] 1473043K->1224859K(1919488K), 0.0651130 secs] [Times: user=0.39 sys=0.00, real=0.07 secs] 
3707.355: [GC (Allocation Failure) [PSYoungGen: 452480K->140000K(521728K)] 1571483K->1362724K(1920000K), 0.0528467 secs] [Times: user=0.31 sys=0.00, real=0.05 secs] 
3708.722: [GC (Allocation Failure) [PSYoungGen: 486624K->108128K(521216K)] 1709348K->1460672K(1919488K), 0.0652992 secs] [Times: user=0.39 sys=0.01, real=0.06 secs] 
3708.787: [Full GC (Ergonomics) [PSYoungGen: 108128K->0K(521216K)] [ParOldGen: 1352544K->24208K(1398272K)] 1460672K->24208K(1919488K), [Metaspace: 60292K->60292K(1105920K)], 0.0400129 secs] [Times: user=0.12 sys=0.00, real=0.04 secs] 
3709.498: [GC (Allocation Failure) [PSYoungGen: 348160K->143200K(522240K)] 372368K->167408K(1920512K), 0.0286918 secs] [Times: user=0.16 sys=0.01, real=0.03 secs] 
3711.237: [GC (Allocation Failure) [PSYoungGen: 491360K->108576K(522752K)] 515568K->266840K(1921024K), 0.1351781 secs] [Times: user=0.81 sys=0.00, real=0.14 secs] 
3712.503: [GC (Allocation Failure) [PSYoungGen: 457248K->139520K(522752K)] 615512K->404936K(1921024K), 0.0561540 secs] [Times: user=0.33 sys=0.00, real=0.05 secs] 
3713.908: [GC (Allocation Failure) [PSYoungGen: 488192K->108992K(521216K)] 753608K->504960K(1919488K), 0.0669097 secs] [Times: user=0.40 sys=0.00, real=0.07 secs] 
3714.653: [GC (Allocation Failure) [PSYoungGen: 459200K->142784K(522752K)] 855168K->645573K(1921024K), 0.0533686 secs] [Times: user=0.31 sys=0.00, real=0.05 secs] 
3716.052: [GC (Allocation Failure) [PSYoungGen: 492992K->108224K(524800K)] 995781K->743917K(1923072K), 0.0660648 secs] [Times: user=0.40 sys=0.00, real=0.06 secs] 
3716.789: [GC (Allocation Failure) [PSYoungGen: 459456K->145056K(496640K)] 1095149K->886370K(1894912K), 0.0538824 secs] [Times: user=0.32 sys=0.01, real=0.06 secs] 
3718.267: [GC (Allocation Failure) [PSYoungGen: 496288K->109632K(525312K)] 1237602K->986450K(1923584K), 0.0675912 secs] [Times: user=0.40 sys=0.00, real=0.07 secs] 
3719.571: [GC (GCLocker Initiated GC) [PSYoungGen: 459328K->142432K(523264K)] 1336152K->1126540K(1921536K), 0.0547310 secs] [Times: user=0.32 sys=0.00, real=0.05 secs] 
3721.387: [GC (Allocation Failure) [PSYoungGen: 492128K->105408K(523776K)] 1476238K->1223430K(1922048K), 0.0671222 secs] [Times: user=0.40 sys=0.00, real=0.07 secs] 
3722.219: [GC (Allocation Failure) [PSYoungGen: 454592K->142528K(523264K)] 1572614K->1364066K(1921536K), 0.0541917 secs] [Times: user=0.33 sys=0.00, real=0.06 secs] 
3723.788: [GC (Allocation Failure) [PSYoungGen: 491712K->108832K(523264K)] 1713250K->1463314K(1921536K), 0.0700910 secs] [Times: user=0.41 sys=0.00, real=0.07 secs] 
3723.858: [Full GC (Ergonomics) [PSYoungGen: 108832K->0K(523264K)] [ParOldGen: 1354482K->28533K(1398272K)] 1463314K->28533K(1921536K), [Metaspace: 60305K->60305K(1105920K)], 0.0467403 secs] [Times: user=0.15 sys=0.00, real=0.05 secs] 
3724.690: [GC (Allocation Failure) [PSYoungGen: 349184K->142912K(523264K)] 377717K->171445K(1921536K), 0.0282455 secs] [Times: user=0.16 sys=0.00, real=0.03 secs] 
3726.007: [GC (Allocation Failure) [PSYoungGen: 492096K->108128K(523264K)] 520629K->270253K(1921536K), 0.0641243 secs] [Times: user=0.38 sys=0.00, real=0.07 secs] 
3727.231: [GC (Allocation Failure) [PSYoungGen: 457312K->144096K(493568K)] 619437K->412622K(1891840K), 0.0772608 secs] [Times: user=0.46 sys=0.00, real=0.07 secs] 
3728.715: [GC (GCLocker Initiated GC) [PSYoungGen: 493280K->108896K(524800K)] 761806K->513126K(1923072K), 0.0824461 secs] [Times: user=0.48 sys=0.00, real=0.08 secs] 
3729.475: [GC (Allocation Failure) [PSYoungGen: 457568K->142336K(522752K)] 861801K->652350K(1921024K), 0.0529449 secs] [Times: user=0.32 sys=0.00, real=0.05 secs] 
3731.016: [GC (Allocation Failure) [PSYoungGen: 491008K->108160K(522752K)] 1001022K->750870K(1921024K), 0.0762862 secs] [Times: user=0.45 sys=0.00, real=0.08 secs] 
3732.106: [GC (Allocation Failure) [PSYoungGen: 456832K->143104K(522752K)] 1099542K->890279K(1921024K), 0.0526726 secs] [Times: user=0.31 sys=0.00, real=0.05 secs] 
3733.476: [GC (Allocation Failure) [PSYoungGen: 491776K->110912K(521728K)] 1238951K->991347K(1920000K), 0.0660347 secs] [Times: user=0.39 sys=0.00, real=0.07 secs] 
3734.057: [GC (Allocation Failure) [PSYoungGen: 459584K->143200K(522240K)] 1340019K->1132604K(1920512K), 0.0547198 secs] [Times: user=0.33 sys=0.01, real=0.06 secs] 
3735.887: [GC (Allocation Failure) [PSYoungGen: 491872K->106784K(523776K)] 1481276K->1231052K(1922048K), 0.0858590 secs] [Times: user=0.51 sys=0.00, real=0.09 secs] 
3736.693: [GC (Allocation Failure) [PSYoungGen: 455968K->144352K(493568K)] 1580236K->1372049K(1891840K), 0.0524385 secs] [Times: user=0.31 sys=0.00, real=0.05 secs] 
3738.391: [GC (Allocation Failure) [PSYoungGen: 493536K->107232K(523776K)] 1721233K->1469529K(1922048K), 0.1407089 secs] [Times: user=0.83 sys=0.01, real=0.14 secs] 
3738.532: [Full GC (Ergonomics) [PSYoungGen: 107232K->0K(523776K)] [ParOldGen: 1362297K->35718K(1398272K)] 1469529K->35718K(1922048K), [Metaspace: 60321K->60321K(1105920K)], 0.1015057 secs] [Times: user=0.40 sys=0.00, real=0.10 secs] 
3739.281: [GC (GCLocker Initiated GC) [PSYoungGen: 347136K->144416K(492032K)] 382855K->180135K(1890304K), 0.0289432 secs] [Times: user=0.17 sys=0.00, real=0.02 secs] 
3740.701: [GC (Allocation Failure) [PSYoungGen: 491552K->105216K(523264K)] 527342K->276922K(1921536K), 0.0640138 secs] [Times: user=0.38 sys=0.00, real=0.06 secs] 
3742.028: [GC (Allocation Failure) [PSYoungGen: 451328K->141984K(521728K)] 623034K->417212K(1920000K), 0.0518724 secs] [Times: user=0.30 sys=0.00, real=0.05 secs] 
3744.184: [GC (Allocation Failure) [PSYoungGen: 488096K->102688K(522240K)] 763324K->511476K(1920512K), 0.1545542 secs] [Times: user=0.92 sys=0.00, real=0.15 secs] 
3745.193: [GC (Allocation Failure) [PSYoungGen: 448288K->140768K(521728K)] 857076K->649361K(1920000K), 0.0511696 secs] [Times: user=0.30 sys=0.01, real=0.05 secs] 
3747.161: [GC (Allocation Failure) [PSYoungGen: 486368K->108512K(519680K)] 994961K->748365K(1917952K), 0.1180813 secs] [Times: user=0.70 sys=0.00, real=0.11 secs] 
3748.659: [GC (Allocation Failure) [PSYoungGen: 454112K->138432K(520704K)] 1093965K->884602K(1918976K), 0.0528830 secs] [Times: user=0.31 sys=0.00, real=0.06 secs] 
3750.008: [GC (Allocation Failure) [PSYoungGen: 484032K->108768K(519680K)] 1230202K->984698K(1917952K), 0.0652329 secs] [Times: user=0.39 sys=0.00, real=0.07 secs] 
3750.739: [GC (Allocation Failure) [PSYoungGen: 457440K->139488K(521728K)] 1333370K->1122015K(1920000K), 0.0533702 secs] [Times: user=0.31 sys=0.00, real=0.06 secs] 
3752.198: [GC (Allocation Failure) [PSYoungGen: 488160K->108672K(522752K)] 1470687K->1220483K(1921024K), 0.0823436 secs] [Times: user=0.49 sys=0.01, real=0.09 secs] 
3753.086: [GC (Allocation Failure) [PSYoungGen: 460416K->143296K(523776K)] 1572227K->1361544K(1922048K), 0.0532669 secs] [Times: user=0.31 sys=0.00, real=0.05 secs] 
3754.617: [GC (Allocation Failure) [PSYoungGen: 495040K->108192K(524800K)] 1713288K->1460264K(1923072K), 0.0993989 secs] [Times: user=0.59 sys=0.00, real=0.10 secs] 
3754.716: [Full GC (Ergonomics) [PSYoungGen: 108192K->0K(524800K)] [ParOldGen: 1352072K->26580K(1398272K)] 1460264K->26580K(1923072K), [Metaspace: 60325K->60325K(1105920K)], 0.0592891 secs] [Times: user=0.20 sys=0.00, real=0.06 secs] 
3755.392: [GC (Allocation Failure) [PSYoungGen: 351744K->142912K(524288K)] 378324K->169492K(1922560K), 0.0285688 secs] [Times: user=0.17 sys=0.00, real=0.02 secs] 
3756.959: [GC (Allocation Failure) [PSYoungGen: 494656K->107904K(524800K)] 521236K->268676K(1923072K), 0.0654269 secs] [Times: user=0.39 sys=0.00, real=0.07 secs] 
3757.510: [GC (Allocation Failure) [PSYoungGen: 459136K->144640K(496128K)] 619908K->411257K(1894400K), 0.0527540 secs] [Times: user=0.31 sys=0.00, real=0.05 secs] 
3759.165: [GC (Allocation Failure) [PSYoungGen: 495872K->107680K(524800K)] 762489K->509657K(1923072K), 0.0974594 secs] [Times: user=0.58 sys=0.00, real=0.10 secs] 
3760.186: [GC (Allocation Failure) [PSYoungGen: 456864K->144736K(494080K)] 858841K->651326K(1892352K), 0.0530402 secs] [Times: user=0.31 sys=0.00, real=0.05 secs] 
3761.958: [GC (Allocation Failure) [PSYoungGen: 493920K->105280K(523776K)] 1000510K->747374K(1922048K), 0.1148541 secs] [Times: user=0.67 sys=0.01, real=0.12 secs] 
3763.095: [GC (Allocation Failure) [PSYoungGen: 452416K->141184K(522240K)] 1094510K->886561K(1920512K), 0.0708024 secs] [Times: user=0.42 sys=0.00, real=0.07 secs] 
3764.473: [GC (Allocation Failure) [PSYoungGen: 488320K->110816K(520704K)] 1233697K->988953K(1918976K), 0.0654534 secs] [Times: user=0.39 sys=0.00, real=0.06 secs] 
3765.372: [GC (Allocation Failure) [PSYoungGen: 458464K->139648K(521728K)] 1336601K->1125662K(1920000K), 0.0541177 secs] [Times: user=0.31 sys=0.00, real=0.05 secs] 
3766.894: [GC (Allocation Failure) [PSYoungGen: 487296K->109792K(521216K)] 1473310K->1225490K(1919488K), 0.0838868 secs] [Times: user=0.50 sys=0.00, real=0.08 secs] 
3768.129: [GC (Allocation Failure) [PSYoungGen: 460000K->142336K(522752K)] 1575698K->1364664K(1921024K), 0.0540288 secs] [Times: user=0.31 sys=0.00, real=0.06 secs] 
3769.478: [GC (Allocation Failure) [PSYoungGen: 492544K->110208K(523264K)] 1714872K->1465284K(1921536K), 0.0665489 secs] [Times: user=0.39 sys=0.00, real=0.07 secs] 
3769.545: [Full GC (Ergonomics) [PSYoungGen: 110208K->0K(523264K)] [ParOldGen: 1355076K->32021K(1398272K)] 1465284K->32021K(1921536K), [Metaspace: 60327K->60327K(1105920K)], 0.0557717 secs] [Times: user=0.20 sys=0.00, real=0.06 secs] 
3770.415: [GC (Allocation Failure) [PSYoungGen: 351744K->142080K(523776K)] 383765K->174101K(1922048K), 0.0457984 secs] [Times: user=0.27 sys=0.01, real=0.05 secs] 
3772.597: [GC (Allocation Failure) [PSYoungGen: 493824K->109952K(524800K)] 525845K->275605K(1923072K), 0.0948222 secs] [Times: user=0.56 sys=0.00, real=0.10 secs] 
3773.731: [GC (Allocation Failure) [PSYoungGen: 462720K->143904K(497152K)] 628373K->416505K(1895424K), 0.0529046 secs] [Times: user=0.31 sys=0.00, real=0.05 secs] 
3775.321: [GC (GCLocker Initiated GC) [PSYoungGen: 496672K->107840K(525824K)] 769275K->515099K(1924096K), 0.1183807 secs] [Times: user=0.70 sys=0.01, real=0.11 secs] 
3776.257: [GC (Allocation Failure) [PSYoungGen: 459072K->145856K(497152K)] 866334K->658585K(1895424K), 0.0527015 secs] [Times: user=0.31 sys=0.01, real=0.05 secs] 
3777.590: [GC (Allocation Failure) [PSYoungGen: 497088K->108512K(524800K)] 1009817K->758137K(1923072K), 0.0646507 secs] [Times: user=0.39 sys=0.00, real=0.07 secs] 
3778.139: [GC (Allocation Failure) [PSYoungGen: 457184K->142976K(522752K)] 1106809K->899292K(1921024K), 0.0540950 secs] [Times: user=0.32 sys=0.00, real=0.06 secs] 
3780.409: [GC (GCLocker Initiated GC) [PSYoungGen: 491648K->106048K(523264K)] 1247965K->996669K(1921536K), 0.1222739 secs] [Times: user=0.73 sys=0.00, real=0.13 secs] 
3781.097: [GC (Allocation Failure) [PSYoungGen: 454208K->144576K(493056K)] 1344899K->1138567K(1891328K), 0.0521908 secs] [Times: user=0.31 sys=0.00, real=0.05 secs] 
3783.203: [GC (GCLocker Initiated GC) [PSYoungGen: 492736K->104352K(523264K)] 1486727K->1233727K(1921536K), 0.1029256 secs] [Times: user=0.61 sys=0.00, real=0.10 secs] 
3784.193: [GC (GCLocker Initiated GC) [PSYoungGen: 450464K->139520K(521728K)] 1579843K->1370468K(1920000K), 0.0521931 secs] [Times: user=0.31 sys=0.00, real=0.05 secs] 
3784.246: [Full GC (Ergonomics) [PSYoungGen: 139520K->0K(521728K)] [ParOldGen: 1230948K->173437K(1398272K)] 1370468K->173437K(1920000K), [Metaspace: 60330K->60330K(1105920K)], 0.4119156 secs] [Times: user=1.91 sys=0.00, real=0.41 secs] 
3786.019: [GC (Allocation Failure) [PSYoungGen: 346112K->109280K(520192K)] 519551K->282719K(1918464K), 0.0407509 secs] [Times: user=0.23 sys=0.00, real=0.04 secs] 
3786.531: [GC (Allocation Failure) [PSYoungGen: 456416K->153920K(501248K)] 629855K->433156K(1899520K), 0.0535967 secs] [Times: user=0.32 sys=0.00, real=0.05 secs] 
3788.257: [GC (Allocation Failure) [PSYoungGen: 501056K->103584K(520192K)] 780292K->519248K(1918464K), 0.1182475 secs] [Times: user=0.70 sys=0.00, real=0.12 secs] 
3789.297: [GC (Allocation Failure) [PSYoungGen: 443552K->139616K(518656K)] 859216K->655901K(1916928K), 0.0521285 secs] [Times: user=0.30 sys=0.00, real=0.05 secs] 
3790.752: [GC (GCLocker Initiated GC) [PSYoungGen: 479584K->105504K(518656K)] 995871K->752031K(1916928K), 0.0820794 secs] [Times: user=0.49 sys=0.00, real=0.08 secs] 
3791.751: [GC (Allocation Failure) [PSYoungGen: 447008K->146144K(518656K)] 1093538K->896353K(1916928K), 0.0532857 secs] [Times: user=0.31 sys=0.00, real=0.05 secs] 
3793.822: [GC (Allocation Failure) [PSYoungGen: 487648K->108448K(519168K)] 1237857K->987837K(1917440K), 0.0670448 secs] [Times: user=0.40 sys=0.00, real=0.06 secs] 
3794.473: [GC (Allocation Failure) [PSYoungGen: 449440K->137248K(518656K)] 1328829K->1122962K(1916928K), 0.0542999 secs] [Times: user=0.32 sys=0.00, real=0.05 secs] 
3795.825: [GC (Allocation Failure) [PSYoungGen: 478240K->108864K(518144K)] 1463954K->1221502K(1916416K), 0.0651483 secs] [Times: user=0.38 sys=0.00, real=0.07 secs] 
3796.576: [GC (Allocation Failure) [PSYoungGen: 452928K->137440K(519168K)] 1565566K->1357247K(1917440K), 0.0537775 secs] [Times: user=0.32 sys=0.00, real=0.05 secs] 
3797.935: [GC (Allocation Failure) [PSYoungGen: 481504K->111648K(518144K)] 1701311K->1459355K(1916416K), 0.0663525 secs] [Times: user=0.39 sys=0.00, real=0.07 secs] 
3798.002: [Full GC (Ergonomics) [PSYoungGen: 111648K->0K(518144K)] [ParOldGen: 1347707K->18750K(1398272K)] 1459355K->18750K(1916416K), [Metaspace: 60336K->60336K(1105920K)], 0.0280782 secs] [Times: user=0.07 sys=0.00, real=0.02 secs] 
3799.394: [GC (GCLocker Initiated GC) [PSYoungGen: 349184K->132736K(521216K)] 367934K->151486K(1919488K), 0.0263025 secs] [Times: user=0.16 sys=0.00, real=0.03 secs] 
3801.058: [GC (Allocation Failure) [PSYoungGen: 481920K->115824K(519168K)] 500672K->258792K(1917440K), 0.0638343 secs] [Times: user=0.38 sys=0.00, real=0.07 secs] 
3801.901: [GC (Allocation Failure) [PSYoungGen: 472176K->137824K(523776K)] 615144K->394908K(1922048K), 0.0544840 secs] [Times: user=0.32 sys=0.00, real=0.05 secs] 
3803.288: [GC (Allocation Failure) [PSYoungGen: 494176K->113536K(528384K)] 751260K->498621K(1926656K), 0.0652625 secs] [Times: user=0.39 sys=0.00, real=0.07 secs] 
3804.424: [GC (Allocation Failure) [PSYoungGen: 476544K->144576K(529408K)] 861629K->641265K(1927680K), 0.0544751 secs] [Times: user=0.32 sys=0.00, real=0.05 secs] 
3805.794: [GC (Allocation Failure) [PSYoungGen: 507584K->115424K(529920K)] 1004273K->747177K(1928192K), 0.0657914 secs] [Times: user=0.39 sys=0.00, real=0.06 secs] 
3807.273: [GC (Allocation Failure) [PSYoungGen: 477920K->150080K(513024K)] 1109673K->894539K(1911296K), 0.0629874 secs] [Times: user=0.37 sys=0.00, real=0.06 secs] 
3808.943: [GC (Allocation Failure) [PSYoungGen: 512576K->110752K(528384K)] 1257035K->996843K(1926656K), 0.1490930 secs] [Times: user=0.88 sys=0.00, real=0.15 secs] 
3809.691: [GC (GCLocker Initiated GC) [PSYoungGen: 467104K->148192K(504832K)] 1353196K->1142064K(1903104K), 0.0542500 secs] [Times: user=0.32 sys=0.00, real=0.05 secs] 
3811.949: [GC (Allocation Failure) [PSYoungGen: 504544K->106720K(525312K)] 1498418K->1239858K(1923584K), 0.0993918 secs] [Times: user=0.59 sys=0.01, real=0.10 secs] 
3812.625: [GC (Allocation Failure) [PSYoungGen: 457440K->147680K(498688K)] 1590578K->1386015K(1896960K), 0.0511972 secs] [Times: user=0.30 sys=0.00, real=0.05 secs] 
3812.676: [Full GC (Ergonomics) [PSYoungGen: 147680K->0K(498688K)] [ParOldGen: 1238335K->188487K(1398272K)] 1386015K->188487K(1896960K), [Metaspace: 60348K->60348K(1105920K)], 0.4552462 secs] [Times: user=2.15 sys=0.00, real=0.46 secs] 
3814.422: [GC (GCLocker Initiated GC) [PSYoungGen: 350720K->106112K(523264K)] 539207K->294599K(1921536K), 0.0423016 secs] [Times: user=0.24 sys=0.01, real=0.04 secs] 
3814.975: [GC (Allocation Failure) [PSYoungGen: 452736K->144544K(491520K)] 641294K->435273K(1889792K), 0.0513327 secs] [Times: user=0.30 sys=0.00, real=0.05 secs] 
3816.601: [GC (Allocation Failure) [PSYoungGen: 491168K->107872K(522752K)] 781897K->534577K(1921024K), 0.0809257 secs] [Times: user=0.48 sys=0.00, real=0.08 secs] 
3817.410: [GC (Allocation Failure) [PSYoungGen: 452960K->144608K(489984K)] 879665K->675168K(1888256K), 0.0595561 secs] [Times: user=0.35 sys=0.00, real=0.06 secs] 
3820.410: [GC (Allocation Failure) [PSYoungGen: 489696K->101120K(521216K)] 1020256K->767609K(1919488K), 0.1376162 secs] [Times: user=0.82 sys=0.00, real=0.14 secs] 
3821.283: [GC (Allocation Failure) [PSYoungGen: 444160K->144832K(487936K)] 1110649K->907981K(1886208K), 0.0508640 secs] [Times: user=0.29 sys=0.01, real=0.05 secs] 
3822.692: [GC (Allocation Failure) [PSYoungGen: 487872K->106112K(520704K)] 1251021K->1005405K(1918976K), 0.0653230 secs] [Times: user=0.39 sys=0.00, real=0.06 secs] 
3823.315: [GC (Allocation Failure) [PSYoungGen: 447104K->144160K(519168K)] 1346397K->1146022K(1917440K), 0.0528932 secs] [Times: user=0.31 sys=0.01, real=0.05 secs] 
3825.391: [GC (Allocation Failure) [PSYoungGen: 485152K->102272K(519680K)] 1487014K->1239558K(1917952K), 0.1717100 secs] [Times: user=1.02 sys=0.01, real=0.17 secs] 
3826.977: [GC (Allocation Failure) [PSYoungGen: 442752K->140000K(519168K)] 1580038K->1376043K(1917440K), 0.0511474 secs] [Times: user=0.30 sys=0.01, real=0.05 secs] 
3827.028: [Full GC (Ergonomics) [PSYoungGen: 140000K->0K(519168K)] [ParOldGen: 1236043K->173969K(1398272K)] 1376043K->173969K(1917440K), [Metaspace: 60348K->60348K(1105920K)], 0.4193428 secs] [Times: user=1.96 sys=0.00, real=0.42 secs] 
3829.152: [GC (Allocation Failure) [PSYoungGen: 340480K->103360K(517632K)] 514449K->277329K(1915904K), 0.0680989 secs] [Times: user=0.40 sys=0.00, real=0.06 secs] 
3830.226: [GC (Allocation Failure) [PSYoungGen: 444352K->139744K(518656K)] 618321K->415209K(1916928K), 0.0519977 secs] [Times: user=0.30 sys=0.00, real=0.05 secs] 
3832.393: [GC (Allocation Failure) [PSYoungGen: 480736K->102816K(518656K)] 756201K->509337K(1916928K), 0.0694208 secs] [Times: user=0.42 sys=0.01, real=0.07 secs] 
3833.516: [GC (Allocation Failure) [PSYoungGen: 445856K->137600K(519680K)] 852377K->645060K(1917952K), 0.0521292 secs] [Times: user=0.31 sys=0.00, real=0.05 secs] 
3834.884: [GC (Allocation Failure) [PSYoungGen: 480640K->110176K(517120K)] 988100K->745696K(1915392K), 0.0647667 secs] [Times: user=0.38 sys=0.00, real=0.06 secs] 
3835.742: [GC (Allocation Failure) [PSYoungGen: 455776K->137952K(519680K)] 1091296K->881953K(1917952K), 0.0536065 secs] [Times: user=0.32 sys=0.00, real=0.05 secs] 
3837.102: [GC (Allocation Failure) [PSYoungGen: 483552K->110880K(520192K)] 1227553K->983217K(1918464K), 0.0649707 secs] [Times: user=0.39 sys=0.00, real=0.06 secs] 
3838.110: [GC (Allocation Failure) [PSYoungGen: 461088K->140352K(522240K)] 1333425K->1123045K(1920512K), 0.0555376 secs] [Times: user=0.32 sys=0.00, real=0.05 secs] 
3839.838: [GC (Allocation Failure) [PSYoungGen: 490560K->110496K(523264K)] 1473253K->1225021K(1921536K), 0.0835410 secs] [Times: user=0.49 sys=0.01, real=0.09 secs] 
3840.525: [GC (Allocation Failure) [PSYoungGen: 463776K->142176K(524288K)] 1578301K->1365506K(1922560K), 0.0549378 secs] [Times: user=0.33 sys=0.00, real=0.05 secs] 
3842.082: [GC (Allocation Failure) [PSYoungGen: 495456K->110048K(525824K)] 1718786K->1465830K(1924096K), 0.0945905 secs] [Times: user=0.56 sys=0.00, real=0.09 secs] 
3842.176: [Full GC (Ergonomics) [PSYoungGen: 110048K->0K(525824K)] [ParOldGen: 1355782K->24807K(1398272K)] 1465830K->24807K(1924096K), [Metaspace: 60349K->60349K(1105920K)], 0.0390199 secs] [Times: user=0.11 sys=0.00, real=0.04 secs] 
3843.487: [GC (Allocation Failure) [PSYoungGen: 354816K->143936K(499200K)] 379623K->168743K(1897472K), 0.0289528 secs] [Times: user=0.16 sys=0.00, real=0.03 secs] 
3844.851: [GC (Allocation Failure) [PSYoungGen: 498752K->112352K(527360K)] 523559K->271463K(1925632K), 0.0644084 secs] [Times: user=0.38 sys=0.00, real=0.06 secs] 
3845.763: [GC (Allocation Failure) [PSYoungGen: 466144K->144640K(498688K)] 625255K->413324K(1896960K), 0.0561085 secs] [Times: user=0.33 sys=0.00, real=0.05 secs] 
3847.551: [GC (Allocation Failure) [PSYoungGen: 498432K->106464K(526336K)] 767116K->511332K(1924608K), 0.1164628 secs] [Times: user=0.68 sys=0.00, real=0.11 secs] 
3848.394: [GC (GCLocker Initiated GC) [PSYoungGen: 458720K->145440K(498176K)] 863588K->653593K(1896448K), 0.0527230 secs] [Times: user=0.31 sys=0.00, real=0.05 secs] 
3850.220: [GC (Allocation Failure) [PSYoungGen: 497696K->107264K(524800K)] 1005851K->751359K(1923072K), 0.1439615 secs] [Times: user=0.85 sys=0.00, real=0.15 secs] 
3851.338: [GC (Allocation Failure) [PSYoungGen: 456448K->142880K(492544K)] 1100543K->891664K(1890816K), 0.0522794 secs] [Times: user=0.31 sys=0.00, real=0.05 secs] 
3852.658: [GC (Allocation Failure) [PSYoungGen: 492064K->107424K(524800K)] 1240848K->989728K(1923072K), 0.0641657 secs] [Times: user=0.38 sys=0.00, real=0.07 secs] 
3853.328: [GC (GCLocker Initiated GC) [PSYoungGen: 456096K->143456K(522752K)] 1338401K->1131254K(1921024K), 0.0542659 secs] [Times: user=0.32 sys=0.00, real=0.06 secs] 
3854.928: [GC (Allocation Failure) [PSYoungGen: 492128K->105984K(523264K)] 1479928K->1228656K(1921536K), 0.0680689 secs] [Times: user=0.40 sys=0.00, real=0.07 secs] 
3855.822: [GC (Allocation Failure) [PSYoungGen: 454144K->144032K(492544K)] 1576816K->1369952K(1890816K), 0.0530877 secs] [Times: user=0.31 sys=0.00, real=0.05 secs] 
3857.439: [GC (GCLocker Initiated GC) [PSYoungGen: 492192K->106784K(523776K)] 1718113K->1467197K(1922048K), 0.1016590 secs] [Times: user=0.60 sys=0.01, real=0.11 secs] 
3857.540: [Full GC (Ergonomics) [PSYoungGen: 106784K->0K(523776K)] [ParOldGen: 1360413K->32403K(1398272K)] 1467197K->32403K(1922048K), [Metaspace: 60360K->60360K(1105920K)], 0.0605050 secs] [Times: user=0.23 sys=0.00, real=0.06 secs] 
3859.095: [GC (Allocation Failure) [PSYoungGen: 346624K->139264K(521728K)] 379030K->171670K(1920000K), 0.0281036 secs] [Times: user=0.16 sys=0.00, real=0.03 secs] 
3860.389: [GC (GCLocker Initiated GC) [PSYoungGen: 485888K->110336K(521216K)] 518294K->272698K(1919488K), 0.0646410 secs] [Times: user=0.38 sys=0.00, real=0.07 secs] 
3860.973: [GC (Allocation Failure) [PSYoungGen: 458496K->142976K(521728K)] 620862K->412955K(1920000K), 0.0536550 secs] [Times: user=0.31 sys=0.01, real=0.05 secs] 
3862.446: [GC (Allocation Failure) [PSYoungGen: 491136K->107456K(523264K)] 761115K->510611K(1921536K), 0.0798730 secs] [Times: user=0.47 sys=0.01, real=0.08 secs] 
3863.624: [GC (Allocation Failure) [PSYoungGen: 457152K->142176K(523264K)] 860307K->650136K(1921536K), 0.0520175 secs] [Times: user=0.31 sys=0.00, real=0.05 secs] 
3865.178: [GC (Allocation Failure) [PSYoungGen: 491872K->108576K(523264K)] 999832K->749112K(1921536K), 0.0692036 secs] [Times: user=0.40 sys=0.00, real=0.07 secs] 
3865.926: [GC (GCLocker Initiated GC) [PSYoungGen: 458272K->142528K(523264K)] 1098808K->889595K(1921536K), 0.0534769 secs] [Times: user=0.31 sys=0.01, real=0.05 secs] 
3867.261: [GC (GCLocker Initiated GC) [PSYoungGen: 492224K->109600K(522752K)] 1239294K->990422K(1921024K), 0.0663023 secs] [Times: user=0.39 sys=0.00, real=0.06 secs] 
3867.883: [GC (Allocation Failure) [PSYoungGen: 459808K->153920K(504320K)] 1340668K->1142309K(1902592K), 0.0547826 secs] [Times: user=0.33 sys=0.00, real=0.05 secs] 
3869.618: [GC (Allocation Failure) [PSYoungGen: 504128K->108608K(521728K)] 1492517K->1233929K(1920000K), 0.0774562 secs] [Times: user=0.46 sys=0.01, real=0.08 secs] 
3870.642: [GC (Allocation Failure) [PSYoungGen: 451136K->140512K(519680K)] 1576457K->1370982K(1917952K), 0.0530190 secs] [Times: user=0.31 sys=0.00, real=0.05 secs] 
3870.695: [Full GC (Ergonomics) [PSYoungGen: 140512K->0K(519680K)] [ParOldGen: 1230470K->173503K(1398272K)] 1370982K->173503K(1917952K), [Metaspace: 60360K->60360K(1105920K)], 0.4149563 secs] [Times: user=1.94 sys=0.00, real=0.41 secs] 
3872.563: [GC (Allocation Failure) [PSYoungGen: 342528K->107840K(520192K)] 516031K->281344K(1918464K), 0.0634033 secs] [Times: user=0.37 sys=0.01, real=0.06 secs] 
3873.962: [GC (Allocation Failure) [PSYoungGen: 451904K->138624K(520192K)] 625408K->417143K(1918464K), 0.0525518 secs] [Times: user=0.31 sys=0.00, real=0.05 secs] 
3875.975: [GC (Allocation Failure) [PSYoungGen: 482688K->105088K(519680K)] 761207K->513727K(1917952K), 0.0640848 secs] [Times: user=0.38 sys=0.00, real=0.06 secs] 
3876.579: [GC (Allocation Failure) [PSYoungGen: 451712K->151232K(498176K)] 860351K->662780K(1896448K), 0.0533156 secs] [Times: user=0.31 sys=0.01, real=0.06 secs] 
3878.111: [GC (Allocation Failure) [PSYoungGen: 497856K->106592K(521216K)] 1009404K->751900K(1919488K), 0.0982122 secs] [Times: user=0.58 sys=0.00, real=0.09 secs] 
3879.317: [GC (Allocation Failure) [PSYoungGen: 448096K->138336K(519168K)] 1093404K->887953K(1917440K), 0.0526273 secs] [Times: user=0.31 sys=0.00, real=0.05 secs] 
3880.667: [GC (Allocation Failure) [PSYoungGen: 479840K->107360K(519168K)] 1229457K->985665K(1917440K), 0.0639453 secs] [Times: user=0.38 sys=0.00, real=0.07 secs] 
3881.626: [GC (Allocation Failure) [PSYoungGen: 450912K->137120K(519168K)] 1329217K->1121882K(1917440K), 0.1074225 secs] [Times: user=0.64 sys=0.00, real=0.11 secs] 
3883.559: [GC (Allocation Failure) [PSYoungGen: 480672K->110528K(519680K)] 1465434K->1223890K(1917952K), 0.0654761 secs] [Times: user=0.39 sys=0.00, real=0.07 secs] 
3884.521: [GC (Allocation Failure) [PSYoungGen: 458688K->137504K(521216K)] 1572050K->1359638K(1919488K), 0.0548186 secs] [Times: user=0.31 sys=0.00, real=0.05 secs] 
3885.906: [GC (Allocation Failure) [PSYoungGen: 485664K->112704K(520704K)] 1707798K->1462659K(1918976K), 0.0664771 secs] [Times: user=0.39 sys=0.01, real=0.07 secs] 
3885.973: [Full GC (Ergonomics) [PSYoungGen: 112704K->0K(520704K)] [ParOldGen: 1349954K->21127K(1398272K)] 1462659K->21127K(1918976K), [Metaspace: 60360K->60360K(1105920K)], 0.0295101 secs] [Times: user=0.08 sys=0.00, real=0.03 secs] 
3886.832: [GC (Allocation Failure) [PSYoungGen: 352768K->141888K(523264K)] 373895K->163015K(1921536K), 0.0282295 secs] [Times: user=0.16 sys=0.00, real=0.02 secs] 
3888.177: [GC (Allocation Failure) [PSYoungGen: 494656K->111552K(525312K)] 515783K->264807K(1923584K), 0.0648267 secs] [Times: user=0.39 sys=0.00, real=0.07 secs] 
3889.005: [GC (Allocation Failure) [PSYoungGen: 467392K->146016K(502272K)] 620647K->409372K(1900544K), 0.0542898 secs] [Times: user=0.32 sys=0.01, real=0.05 secs] 
3890.336: [GC (Allocation Failure) [PSYoungGen: 501856K->111264K(527360K)] 765212K->512164K(1925632K), 0.0668549 secs] [Times: user=0.40 sys=0.00, real=0.07 secs] 
3890.968: [GC (Allocation Failure) [PSYoungGen: 465056K->144416K(498688K)] 865956K->654013K(1896960K), 0.0545456 secs] [Times: user=0.32 sys=0.00, real=0.06 secs] 
3893.568: [GC (Allocation Failure) [PSYoungGen: 498208K->108032K(526336K)] 1007805K->752717K(1924608K), 0.1101960 secs] [Times: user=0.65 sys=0.02, real=0.11 secs] 
3894.619: [GC (Allocation Failure) [PSYoungGen: 460288K->146144K(498688K)] 1104973K->896138K(1896960K), 0.0533864 secs] [Times: user=0.31 sys=0.00, real=0.06 secs] 
3895.969: [GC (Allocation Failure) [PSYoungGen: 498400K->109024K(524800K)] 1248394K->996410K(1923072K), 0.0665440 secs] [Times: user=0.40 sys=0.00, real=0.07 secs] 
3896.659: [GC (Allocation Failure) [PSYoungGen: 458208K->143008K(523264K)] 1345594K->1137549K(1921536K), 0.0595549 secs] [Times: user=0.35 sys=0.00, real=0.06 secs] 
3898.416: [GC (Allocation Failure) [PSYoungGen: 492192K->108544K(523264K)] 1486733K->1237629K(1921536K), 0.0661788 secs] [Times: user=0.40 sys=0.00, real=0.07 secs] 
3898.955: [GC (Allocation Failure) [PSYoungGen: 457728K->144960K(494592K)] 1586813K->1379358K(1892864K), 0.0534550 secs] [Times: user=0.32 sys=0.00, real=0.05 secs] 
3899.009: [Full GC (Ergonomics) [PSYoungGen: 144960K->0K(494592K)] [ParOldGen: 1234398K->181864K(1398272K)] 1379358K->181864K(1892864K), [Metaspace: 60360K->60360K(1105920K)], 0.4323633 secs] [Times: user=2.01 sys=0.00, real=0.44 secs] 
3901.217: [GC (Allocation Failure) [PSYoungGen: 348889K->105504K(523776K)] 530754K->287368K(1922048K), 0.0945593 secs] [Times: user=0.56 sys=0.00, real=0.10 secs] 
3902.271: [GC (Allocation Failure) [PSYoungGen: 452640K->141216K(522240K)] 634504K->426341K(1920512K), 0.0516356 secs] [Times: user=0.30 sys=0.00, real=0.05 secs] 
3903.608: [GC (Allocation Failure) [PSYoungGen: 488352K->109984K(520704K)] 773477K->527097K(1918976K), 0.0637338 secs] [Times: user=0.38 sys=0.00, real=0.07 secs] 
3904.205: [GC (Allocation Failure) [PSYoungGen: 457632K->146240K(521728K)] 874745K->670366K(1920000K), 0.0538785 secs] [Times: user=0.31 sys=0.00, real=0.05 secs] 
3905.591: [GC (Allocation Failure) [PSYoungGen: 493888K->104640K(522752K)] 1018014K->766622K(1921024K), 0.0651691 secs] [Times: user=0.38 sys=0.01, real=0.06 secs] 
3906.382: [GC (Allocation Failure) [PSYoungGen: 450240K->144192K(489984K)] 1112222K->906319K(1888256K), 0.0515504 secs] [Times: user=0.31 sys=0.00, real=0.05 secs] 
3907.990: [GC (Allocation Failure) [PSYoungGen: 489792K->103968K(522240K)] 1251919K->1000843K(1920512K), 0.1300102 secs] [Times: user=0.77 sys=0.00, real=0.13 secs] 
3908.869: [GC (Allocation Failure) [PSYoungGen: 448032K->142400K(520704K)] 1344907K->1139668K(1918976K), 0.0519346 secs] [Times: user=0.31 sys=0.00, real=0.06 secs] 
3910.278: [GC (Allocation Failure) [PSYoungGen: 486464K->105248K(520704K)] 1483732K->1235852K(1918976K), 0.0902124 secs] [Times: user=0.54 sys=0.00, real=0.09 secs] 
3911.229: [GC (Allocation Failure) [PSYoungGen: 449312K->142976K(520704K)] 1579916K->1376032K(1918976K), 0.0593598 secs] [Times: user=0.32 sys=0.00, real=0.06 secs] 
3911.289: [Full GC (Ergonomics) [PSYoungGen: 142976K->0K(520704K)] [ParOldGen: 1233056K->174652K(1398272K)] 1376032K->174652K(1918976K), [Metaspace: 60364K->60364K(1105920K)], 0.4159751 secs] [Times: user=1.86 sys=0.00, real=0.42 secs] 
3913.022: [GC (Allocation Failure) [PSYoungGen: 344064K->104608K(520704K)] 518716K->279260K(1918976K), 0.0555704 secs] [Times: user=0.32 sys=0.00, real=0.05 secs] 
3913.690: [GC (Allocation Failure) [PSYoungGen: 448672K->141344K(520704K)] 623324K->417737K(1918976K), 0.0523000 secs] [Times: user=0.31 sys=0.00, real=0.05 secs] 
3915.221: [GC (Allocation Failure) [PSYoungGen: 485408K->105408K(519680K)] 761801K->513729K(1917952K), 0.1164069 secs] [Times: user=0.69 sys=0.01, real=0.11 secs] 
3916.116: [GC (Allocation Failure) [PSYoungGen: 449472K->140736K(520192K)] 857793K->651338K(1918464K), 0.0519711 secs] [Times: user=0.31 sys=0.00, real=0.05 secs] 
3917.501: [GC (Allocation Failure) [PSYoungGen: 484800K->107584K(519680K)] 995402K->749606K(1917952K), 0.0649880 secs] [Times: user=0.39 sys=0.00, real=0.06 secs] 
3918.570: [GC (Allocation Failure) [PSYoungGen: 453184K->141888K(520704K)] 1095206K->890216K(1918976K), 0.0532966 secs] [Times: user=0.31 sys=0.01, real=0.06 secs] 
3920.054: [GC (Allocation Failure) [PSYoungGen: 487488K->107168K(521216K)] 1235816K->988952K(1919488K), 0.0651303 secs] [Times: user=0.38 sys=0.00, real=0.06 secs] 
3920.770: [GC (Allocation Failure) [PSYoungGen: 454304K->141632K(521728K)] 1336088K->1128357K(1920000K), 0.0532192 secs] [Times: user=0.31 sys=0.00, real=0.05 secs] 
3922.703: [GC (Allocation Failure) [PSYoungGen: 488768K->108768K(521728K)] 1475493K->1227481K(1920000K), 0.1188579 secs] [Times: user=0.70 sys=0.00, real=0.12 secs] 
3924.313: [GC (Allocation Failure) [PSYoungGen: 456928K->139808K(522240K)] 1575641K->1364398K(1920512K), 0.0535115 secs] [Times: user=0.32 sys=0.00, real=0.05 secs] 
3925.658: [GC (Allocation Failure) [PSYoungGen: 487968K->109408K(521728K)] 1712558K->1464182K(1920000K), 0.0655796 secs] [Times: user=0.39 sys=0.00, real=0.07 secs] 
3925.724: [Full GC (Ergonomics) [PSYoungGen: 109408K->0K(521728K)] [ParOldGen: 1354774K->23848K(1398272K)] 1464182K->23848K(1920000K), [Metaspace: 60365K->60365K(1105920K)], 0.0359892 secs] [Times: user=0.10 sys=0.00, real=0.03 secs] 
3926.481: [GC (Allocation Failure) [PSYoungGen: 349696K->142080K(522752K)] 373544K->165928K(1921024K), 0.0287935 secs] [Times: user=0.17 sys=0.00, real=0.02 secs] 
3927.953: [GC (Allocation Failure) [PSYoungGen: 491776K->108800K(523264K)] 515624K->266272K(1921536K), 0.0648391 secs] [Times: user=0.38 sys=0.00, real=0.06 secs] 
3929.044: [GC (Allocation Failure) [PSYoungGen: 460032K->141056K(523776K)] 617504K->405117K(1922048K), 0.0531223 secs] [Times: user=0.31 sys=0.00, real=0.05 secs] 
3930.703: [GC (Allocation Failure) [PSYoungGen: 492288K->111712K(522752K)] 756349K->507337K(1921024K), 0.0660034 secs] [Times: user=0.39 sys=0.00, real=0.06 secs] 
3931.509: [GC (Allocation Failure) [PSYoungGen: 463968K->144352K(523776K)] 859593K->649077K(1922048K), 0.0541914 secs] [Times: user=0.32 sys=0.00, real=0.06 secs] 
3932.932: [GC (GCLocker Initiated GC) [PSYoungGen: 496608K->108064K(525312K)] 1001333K->747645K(1923584K), 0.0835341 secs] [Times: user=0.49 sys=0.01, real=0.08 secs] 
3933.646: [GC (GCLocker Initiated GC) [PSYoungGen: 459808K->145664K(497664K)] 1099392K->891421K(1895936K), 0.0537638 secs] [Times: user=0.32 sys=0.00, real=0.05 secs] 
3935.311: [GC (Allocation Failure) [PSYoungGen: 497408K->105728K(524288K)] 1243167K->988455K(1922560K), 0.1305871 secs] [Times: user=0.77 sys=0.00, real=0.13 secs] 
3936.222: [GC (Allocation Failure) [PSYoungGen: 454400K->144864K(493568K)] 1337127K->1130215K(1891840K), 0.0523521 secs] [Times: user=0.31 sys=0.00, real=0.05 secs] 
3938.116: [GC (GCLocker Initiated GC) [PSYoungGen: 493536K->106752K(523776K)] 1478900K->1227921K(1922048K), 0.1063358 secs] [Times: user=0.62 sys=0.01, real=0.11 secs] 
3939.216: [GC (Allocation Failure) [PSYoungGen: 453376K->143904K(491008K)] 1574547K->1368467K(1889280K), 0.0528775 secs] [Times: user=0.31 sys=0.00, real=0.05 secs] 
3940.550: [GC (Allocation Failure) [PSYoungGen: 490528K->105088K(522752K)] 1715091K->1464723K(1921024K), 0.0656622 secs] [Times: user=0.39 sys=0.00, real=0.07 secs] 
3940.616: [Full GC (Ergonomics) [PSYoungGen: 105088K->0K(522752K)] [ParOldGen: 1359635K->31333K(1398272K)] 1464723K->31333K(1921024K), [Metaspace: 60365K->60365K(1105920K)], 0.0573093 secs] [Times: user=0.20 sys=0.00, real=0.06 secs] 
3941.903: [GC (Allocation Failure) [PSYoungGen: 345088K->142848K(521216K)] 376421K->174182K(1919488K), 0.0385502 secs] [Times: user=0.23 sys=0.00, real=0.04 secs] 
3943.685: [GC (Allocation Failure) [PSYoungGen: 487936K->103712K(521728K)] 519270K->269398K(1920000K), 0.1236493 secs] [Times: user=0.73 sys=0.00, real=0.12 secs] 
3944.776: [GC (Allocation Failure) [PSYoungGen: 448288K->140288K(521216K)] 613974K->407130K(1919488K), 0.0513754 secs] [Times: user=0.30 sys=0.00, real=0.05 secs] 
3946.435: [GC (GCLocker Initiated GC) [PSYoungGen: 484864K->108864K(518656K)] 751706K->506438K(1916928K), 0.0824094 secs] [Times: user=0.49 sys=0.00, real=0.08 secs] 
3948.050: [GC (Allocation Failure) [PSYoungGen: 453952K->146336K(520192K)] 851565K->650214K(1918464K), 0.0529755 secs] [Times: user=0.32 sys=0.00, real=0.06 secs] 
3949.377: [GC (Allocation Failure) [PSYoungGen: 491424K->109952K(521216K)] 995302K->743182K(1919488K), 0.0648905 secs] [Times: user=0.38 sys=0.01, real=0.07 secs] 
3949.955: [GC (GCLocker Initiated GC) [PSYoungGen: 455040K->140832K(520704K)] 1088270K->882632K(1918976K), 0.0537908 secs] [Times: user=0.32 sys=0.00, real=0.05 secs] 
3951.502: [GC (GCLocker Initiated GC) [PSYoungGen: 485920K->105952K(521216K)] 1227723K->979483K(1919488K), 0.0682440 secs] [Times: user=0.40 sys=0.00, real=0.06 secs] 
3952.391: [GC (Allocation Failure) [PSYoungGen: 452576K->140096K(521728K)] 1326177K->1117702K(1920000K), 0.0534556 secs] [Times: user=0.32 sys=0.00, real=0.05 secs] 
3953.744: [GC (Allocation Failure) [PSYoungGen: 486720K->108576K(520704K)] 1464326K->1216638K(1918976K), 0.0652159 secs] [Times: user=0.38 sys=0.00, real=0.06 secs] 
3954.734: [GC (Allocation Failure) [PSYoungGen: 456224K->145216K(521728K)] 1564286K->1360346K(1920000K), 0.0541511 secs] [Times: user=0.32 sys=0.00, real=0.05 secs] 
3956.749: [GC (Allocation Failure) [PSYoungGen: 492864K->112096K(522240K)] 1707994K->1455010K(1920512K), 0.0658490 secs] [Times: user=0.39 sys=0.00, real=0.07 secs] 
3956.815: [Full GC (Ergonomics) [PSYoungGen: 112096K->0K(522240K)] [ParOldGen: 1342914K->21138K(1398272K)] 1455010K->21138K(1920512K), [Metaspace: 60367K->60367K(1105920K)], 0.0301500 secs] [Times: user=0.08 sys=0.00, real=0.03 secs] 
3957.367: [GC (Allocation Failure) [PSYoungGen: 348160K->141536K(522240K)] 369298K->162674K(1920512K), 0.0282461 secs] [Times: user=0.16 sys=0.00, real=0.03 secs] 
3958.864: [GC (Allocation Failure) [PSYoungGen: 489696K->109248K(522240K)] 510834K->262338K(1920512K), 0.0870368 secs] [Times: user=0.51 sys=0.01, real=0.09 secs] 
3960.467: [GC (Allocation Failure) [PSYoungGen: 458432K->139168K(522752K)] 611522K->399375K(1921024K), 0.0523419 secs] [Times: user=0.31 sys=0.00, real=0.05 secs] 
3961.828: [GC (Allocation Failure) [PSYoungGen: 488352K->111584K(520704K)] 748559K->501819K(1918976K), 0.0650040 secs] [Times: user=0.38 sys=0.00, real=0.07 secs] 
3962.951: [GC (Allocation Failure) [PSYoungGen: 462816K->140352K(522752K)] 853051K->641156K(1921024K), 0.0745061 secs] [Times: user=0.44 sys=0.01, real=0.07 secs] 
3964.658: [GC (GCLocker Initiated GC) [PSYoungGen: 491584K->110656K(525312K)] 992389K->743373K(1923584K), 0.0661169 secs] [Times: user=0.39 sys=0.01, real=0.07 secs] 
3965.285: [GC (Allocation Failure) [PSYoungGen: 465472K->144640K(499712K)] 1098192K->886069K(1897984K), 0.0549255 secs] [Times: user=0.32 sys=0.01, real=0.05 secs] 
3966.907: [GC (Allocation Failure) [PSYoungGen: 499456K->110656K(527360K)] 1240885K->986973K(1925632K), 0.1240039 secs] [Times: user=0.73 sys=0.00, real=0.13 secs] 
3968.007: [GC (Allocation Failure) [PSYoungGen: 464448K->143968K(498176K)] 1340765K->1127994K(1896448K), 0.0544895 secs] [Times: user=0.32 sys=0.00, real=0.06 secs] 
3969.397: [GC (GCLocker Initiated GC) [PSYoungGen: 497760K->109728K(526848K)] 1481786K->1228014K(1925120K), 0.0664507 secs] [Times: user=0.39 sys=0.00, real=0.07 secs] 
3970.190: [GC (Allocation Failure) [PSYoungGen: 462496K->140704K(524800K)] 1580784K->1366733K(1923072K), 0.0551096 secs] [Times: user=0.33 sys=0.00, real=0.06 secs] 
3971.663: [GC (Allocation Failure) [PSYoungGen: 493472K->110848K(524288K)] 1719501K->1468881K(1922560K), 0.0925955 secs] [Times: user=0.55 sys=0.00, real=0.09 secs] 
3971.756: [Full GC (Ergonomics) [PSYoungGen: 110848K->0K(524288K)] [ParOldGen: 1358033K->35078K(1398272K)] 1468881K->35078K(1922560K), [Metaspace: 60367K->60367K(1105920K)], 0.0661718 secs] [Times: user=0.24 sys=0.00, real=0.07 secs] 
3972.385: [GC (Allocation Failure) [PSYoungGen: 353280K->147776K(501248K)] 388358K->182854K(1899520K), 0.0296113 secs] [Times: user=0.17 sys=0.00, real=0.03 secs] 
3974.561: [GC (GCLocker Initiated GC) [PSYoungGen: 501056K->105760K(524800K)] 536134K->279754K(1923072K), 0.1341698 secs] [Times: user=0.79 sys=0.01, real=0.13 secs] 
3975.551: [GC (Allocation Failure) [PSYoungGen: 455456K->144864K(494592K)] 629521K->422065K(1892864K), 0.0516817 secs] [Times: user=0.30 sys=0.00, real=0.05 secs] 
3977.124: [GC (Allocation Failure) [PSYoungGen: 493193K->107712K(523776K)] 770395K->521134K(1922048K), 0.1098147 secs] [Times: user=0.65 sys=0.00, real=0.11 secs] 
3978.208: [GC (Allocation Failure) [PSYoungGen: 454848K->141920K(522240K)] 868270K->660890K(1920512K), 0.0525788 secs] [Times: user=0.30 sys=0.00, real=0.05 secs] 
3979.740: [GC (Allocation Failure) [PSYoungGen: 489056K->108288K(521728K)] 1008026K->760698K(1920000K), 0.0747388 secs] [Times: user=0.44 sys=0.00, real=0.08 secs] 
3980.383: [GC (Allocation Failure) [PSYoungGen: 455936K->143872K(522240K)] 1108346K->901215K(1920512K), 0.0522589 secs] [Times: user=0.31 sys=0.00, real=0.05 secs] 
3982.447: [GC (Allocation Failure) [PSYoungGen: 491520K->105152K(522752K)] 1248863K->997039K(1921024K), 0.1406539 secs] [Times: user=0.83 sys=0.00, real=0.14 secs] 
3983.264: [GC (Allocation Failure) [PSYoungGen: 452288K->144416K(492032K)] 1344175K->1139336K(1890304K), 0.0520128 secs] [Times: user=0.31 sys=0.01, real=0.05 secs] 
3984.693: [GC (Allocation Failure) [PSYoungGen: 491552K->106496K(522752K)] 1486472K->1237068K(1921024K), 0.0836600 secs] [Times: user=0.50 sys=0.00, real=0.08 secs] 
3985.524: [GC (GCLocker Initiated GC) [PSYoungGen: 451584K->141472K(521216K)] 1582156K->1377020K(1919488K), 0.0540076 secs] [Times: user=0.31 sys=0.01, real=0.05 secs] 
3985.578: [Full GC (Ergonomics) [PSYoungGen: 141472K->0K(521216K)] [ParOldGen: 1235548K->179366K(1398272K)] 1377020K->179366K(1919488K), [Metaspace: 60379K->60379K(1105920K)], 0.4343700 secs] [Times: user=2.02 sys=0.00, real=0.44 secs] 
3987.786: [GC (GCLocker Initiated GC) [PSYoungGen: 345088K->103104K(521728K)] 524456K->282473K(1920000K), 0.0663126 secs] [Times: user=0.39 sys=0.01, real=0.07 secs] 
3988.563: [GC (Allocation Failure) [PSYoungGen: 448704K->143328K(488960K)] 628143K->423264K(1887232K), 0.0513540 secs] [Times: user=0.30 sys=0.00, real=0.05 secs] 
3990.508: [GC (Allocation Failure) [PSYoungGen: 488928K->105920K(522752K)] 768864K->520216K(1921024K), 0.1309221 secs] [Times: user=0.77 sys=0.00, real=0.13 secs] 
3991.562: [GC (Allocation Failure) [PSYoungGen: 451008K->142496K(521216K)] 865304K->659301K(1919488K), 0.0523276 secs] [Times: user=0.31 sys=0.00, real=0.05 secs] 
3992.898: [GC (Allocation Failure) [PSYoungGen: 487584K->106496K(521216K)] 1004389K->756425K(1919488K), 0.0648400 secs] [Times: user=0.39 sys=0.00, real=0.07 secs] 
3993.517: [GC (GCLocker Initiated GC) [PSYoungGen: 451584K->143104K(521216K)] 1101513K->897726K(1919488K), 0.0541555 secs] [Times: user=0.32 sys=0.00, real=0.06 secs] 
3994.939: [GC (Allocation Failure) [PSYoungGen: 488192K->106944K(520192K)] 1242819K->996235K(1918464K), 0.0670391 secs] [Times: user=0.39 sys=0.00, real=0.07 secs] 
3995.760: [GC (Allocation Failure) [PSYoungGen: 452032K->142688K(520704K)] 1341323K->1135783K(1918976K), 0.0524331 secs] [Times: user=0.30 sys=0.00, real=0.05 secs] 
3997.447: [GC (Allocation Failure) [PSYoungGen: 487776K->106240K(521216K)] 1480871K->1232711K(1919488K), 0.0733050 secs] [Times: user=0.44 sys=0.00, real=0.08 secs] 
3998.905: [GC (Allocation Failure) [PSYoungGen: 451840K->140736K(521216K)] 1578311K->1370332K(1919488K), 0.0534350 secs] [Times: user=0.32 sys=0.00, real=0.05 secs] 
4000.250: [GC (Allocation Failure) [PSYoungGen: 486336K->109472K(520192K)] 1715932K->1470544K(1918464K), 0.0673185 secs] [Times: user=0.40 sys=0.00, real=0.07 secs] 
4000.317: [Full GC (Ergonomics) [PSYoungGen: 109472K->0K(520192K)] [ParOldGen: 1361072K->29334K(1398272K)] 1470544K->29334K(1918464K), [Metaspace: 60380K->60380K(1105920K)], 0.0508213 secs] [Times: user=0.17 sys=0.00, real=0.05 secs] 
4000.928: [GC (Allocation Failure) [PSYoungGen: 346624K->141152K(521216K)] 375958K->170486K(1919488K), 0.0282856 secs] [Times: user=0.17 sys=0.00, real=0.03 secs] 
4002.345: [GC (GCLocker Initiated GC) [PSYoungGen: 487776K->106784K(522240K)] 517110K->268626K(1920512K), 0.0740716 secs] [Times: user=0.44 sys=0.00, real=0.07 secs] 
4003.113: [GC (Allocation Failure) [PSYoungGen: 455456K->142688K(522752K)] 617305K->408958K(1921024K), 0.0520067 secs] [Times: user=0.30 sys=0.00, real=0.05 secs] 
4004.852: [GC (Allocation Failure) [PSYoungGen: 491360K->108288K(522752K)] 757630K->507830K(1921024K), 0.1028080 secs] [Times: user=0.61 sys=0.00, real=0.10 secs] 
4005.715: [GC (GCLocker Initiated GC) [PSYoungGen: 456960K->143840K(492544K)] 856502K->649095K(1890816K), 0.0535818 secs] [Times: user=0.31 sys=0.00, real=0.05 secs] 
4007.089: [GC (Allocation Failure) [PSYoungGen: 492512K->106976K(524288K)] 997769K->747029K(1922560K), 0.0660812 secs] [Times: user=0.39 sys=0.00, real=0.07 secs] 
4008.195: [GC (Allocation Failure) [PSYoungGen: 454624K->143488K(522240K)] 1094677K->889068K(1920512K), 0.0542891 secs] [Times: user=0.32 sys=0.00, real=0.05 secs] 
4009.713: [GC (Allocation Failure) [PSYoungGen: 491136K->106784K(522752K)] 1236716K->987332K(1921024K), 0.0921084 secs] [Times: user=0.54 sys=0.00, real=0.09 secs] 
4010.653: [GC (Allocation Failure) [PSYoungGen: 453920K->143328K(490496K)] 1334468K->1127817K(1888768K), 0.0537147 secs] [Times: user=0.31 sys=0.00, real=0.05 secs] 
4012.463: [GC (Allocation Failure) [PSYoungGen: 490464K->107488K(523776K)] 1474953K->1225785K(1922048K), 0.1116574 secs] [Times: user=0.66 sys=0.00, real=0.11 secs] 
4013.877: [GC (GCLocker Initiated GC) [PSYoungGen: 454112K->140704K(521728K)] 1572409K->1363326K(1920000K), 0.0543327 secs] [Times: user=0.31 sys=0.00, real=0.06 secs] 
4015.238: [GC (Allocation Failure) [PSYoungGen: 487328K->108160K(520704K)] 1709953K->1462297K(1918976K), 0.0657623 secs] [Times: user=0.39 sys=0.00, real=0.07 secs] 
4015.304: [Full GC (Ergonomics) [PSYoungGen: 108160K->0K(520704K)] [ParOldGen: 1354137K->27985K(1398272K)] 1462297K->27985K(1918976K), [Metaspace: 60380K->60380K(1105920K)], 0.0509674 secs] [Times: user=0.16 sys=0.00, real=0.05 secs] 
4015.952: [GC (Allocation Failure) [PSYoungGen: 347648K->143264K(521728K)] 375633K->171249K(1920000K), 0.0303270 secs] [Times: user=0.17 sys=0.00, real=0.03 secs] 
4017.669: [GC (Allocation Failure) [PSYoungGen: 490912K->105184K(523264K)] 518897K->268049K(1921536K), 0.0718942 secs] [Times: user=0.43 sys=0.00, real=0.08 secs] 
4018.786: [GC (Allocation Failure) [PSYoungGen: 453344K->141088K(522752K)] 616209K->406970K(1921024K), 0.0520906 secs] [Times: user=0.31 sys=0.00, real=0.05 secs] 
4020.318: [GC (Allocation Failure) [PSYoungGen: 489248K->109120K(521728K)] 755130K->506658K(1920000K), 0.0984786 secs] [Times: user=0.58 sys=0.00, real=0.10 secs] 
4021.510: [GC (Allocation Failure) [PSYoungGen: 457280K->141600K(522240K)] 854818K->645727K(1920512K), 0.0530629 secs] [Times: user=0.32 sys=0.00, real=0.06 secs] 
4022.851: [GC (GCLocker Initiated GC) [PSYoungGen: 489760K->109952K(521216K)] 993887K->746623K(1919488K), 0.0646186 secs] [Times: user=0.39 sys=0.00, real=0.06 secs] 
4023.347: [GC (Allocation Failure) [PSYoungGen: 459136K->142464K(522240K)] 1095810K->887191K(1920512K), 0.0536663 secs] [Times: user=0.31 sys=0.01, real=0.06 secs] 
4024.911: [GC (Allocation Failure) [PSYoungGen: 491648K->108768K(523776K)] 1236375K->986599K(1922048K), 0.0924169 secs] [Times: user=0.54 sys=0.01, real=0.09 secs] 
4026.096: [GC (Allocation Failure) [PSYoungGen: 459488K->151904K(502784K)] 1337319K->1135516K(1901056K), 0.0543992 secs] [Times: user=0.32 sys=0.00, real=0.05 secs] 
4027.773: [GC (Allocation Failure) [PSYoungGen: 502624K->108256K(522240K)] 1486236K->1225964K(1920512K), 0.1090778 secs] [Times: user=0.65 sys=0.00, real=0.11 secs] 
4029.020: [GC (Allocation Failure) [PSYoungGen: 451808K->139232K(520192K)] 1569516K->1362117K(1918464K), 0.0543716 secs] [Times: user=0.32 sys=0.00, real=0.05 secs] 
4030.385: [GC (Allocation Failure) [PSYoungGen: 481885K->110144K(520192K)] 1704771K->1463073K(1918464K), 0.0665841 secs] [Times: user=0.40 sys=0.00, real=0.07 secs] 
4030.452: [Full GC (Ergonomics) [PSYoungGen: 110144K->0K(520192K)] [ParOldGen: 1352929K->28909K(1398272K)] 1463073K->28909K(1918464K), [Metaspace: 60380K->60380K(1105920K)], 0.0498413 secs] [Times: user=0.16 sys=0.00, real=0.05 secs] 
4031.083: [GC (Allocation Failure) [PSYoungGen: 345600K->140960K(520192K)] 374509K->169869K(1918464K), 0.0281857 secs] [Times: user=0.16 sys=0.00, real=0.03 secs] 
4032.795: [GC (Allocation Failure) [PSYoungGen: 486560K->107232K(522240K)] 515469K->267617K(1920512K), 0.1360705 secs] [Times: user=0.80 sys=0.00, real=0.14 secs] 
4034.306: [GC (Allocation Failure) [PSYoungGen: 455904K->140672K(522752K)] 616289K->405902K(1921024K), 0.0536387 secs] [Times: user=0.28 sys=0.00, real=0.05 secs] 
4035.766: [GC (Allocation Failure) [PSYoungGen: 489344K->109824K(521728K)] 754574K->506310K(1920000K), 0.0778302 secs] [Times: user=0.46 sys=0.00, real=0.08 secs] 
4036.835: [GC (Allocation Failure) [PSYoungGen: 459520K->149248K(499200K)] 856006K->653245K(1897472K), 0.0538597 secs] [Times: user=0.31 sys=0.00, real=0.05 secs] 
4039.129: [GC (GCLocker Initiated GC) [PSYoungGen: 498944K->109760K(523776K)] 1002943K->745943K(1922048K), 0.0653450 secs] [Times: user=0.38 sys=0.00, real=0.07 secs] 
4040.084: [GC (Allocation Failure) [PSYoungGen: 456384K->139296K(521728K)] 1092605K->883238K(1920000K), 0.0537614 secs] [Times: user=0.32 sys=0.00, real=0.05 secs] 
4041.485: [GC (GCLocker Initiated GC) [PSYoungGen: 485920K->108832K(522240K)] 1229863K->982327K(1920512K), 0.0712077 secs] [Times: user=0.41 sys=0.00, real=0.07 secs] 
4042.367: [GC (Allocation Failure) [PSYoungGen: 456992K->142272K(521728K)] 1330490K->1122623K(1920000K), 0.0540429 secs] [Times: user=0.31 sys=0.00, real=0.06 secs] 
4043.786: [GC (Allocation Failure) [PSYoungGen: 490432K->108672K(523776K)] 1470783K->1221815K(1922048K), 0.0796535 secs] [Times: user=0.47 sys=0.00, real=0.08 secs] 
4044.543: [GC (GCLocker Initiated GC) [PSYoungGen: 458880K->143136K(523776K)] 1572023K->1363868K(1922048K), 0.0582031 secs] [Times: user=0.29 sys=0.00, real=0.06 secs] 
4046.093: [GC (Allocation Failure) [PSYoungGen: 493344K->106464K(524288K)] 1714078K->1461806K(1922560K), 0.0907804 secs] [Times: user=0.54 sys=0.01, real=0.09 secs] 
4046.184: [Full GC (Ergonomics) [PSYoungGen: 106464K->0K(524288K)] [ParOldGen: 1355342K->26875K(1398272K)] 1461806K->26875K(1922560K), [Metaspace: 60380K->60380K(1105920K)], 0.0453889 secs] [Times: user=0.15 sys=0.00, real=0.04 secs] 
4046.920: [GC (Allocation Failure) [PSYoungGen: 349696K->143584K(493568K)] 376571K->170459K(1891840K), 0.0285541 secs] [Times: user=0.17 sys=0.00, real=0.03 secs] 
4048.848: [GC (Allocation Failure) [PSYoungGen: 493280K->107936K(524800K)] 520155K->269379K(1923072K), 0.1332327 secs] [Times: user=0.79 sys=0.00, real=0.14 secs] 
4050.039: [GC (Allocation Failure) [PSYoungGen: 456608K->141920K(522752K)] 618051K->408644K(1921024K), 0.0528133 secs] [Times: user=0.31 sys=0.00, real=0.06 secs] 
4051.486: [GC (Allocation Failure) [PSYoungGen: 490592K->108288K(523264K)] 757316K->507616K(1921536K), 0.0835704 secs] [Times: user=0.50 sys=0.00, real=0.08 secs] 
4052.602: [GC (GCLocker Initiated GC) [PSYoungGen: 457472K->141088K(523264K)] 856800K->647344K(1921536K), 0.0527209 secs] [Times: user=0.31 sys=0.00, real=0.05 secs] 
4054.495: [GC (GCLocker Initiated GC) [PSYoungGen: 490272K->111008K(521728K)] 996531K->749915K(1920000K), 0.0653254 secs] [Times: user=0.38 sys=0.01, real=0.07 secs] 
4055.325: [GC (Allocation Failure) [PSYoungGen: 460704K->142048K(522752K)] 1099682K->889770K(1921024K), 0.0534764 secs] [Times: user=0.31 sys=0.00, real=0.05 secs] 
4057.066: [GC (Allocation Failure) [PSYoungGen: 491744K->108768K(523264K)] 1239466K->989306K(1921536K), 0.0744108 secs] [Times: user=0.44 sys=0.01, real=0.08 secs] 
4058.487: [GC (Allocation Failure) [PSYoungGen: 460000K->144608K(523776K)] 1340538K->1130535K(1922048K), 0.0531014 secs] [Times: user=0.32 sys=0.00, real=0.05 secs] 
4059.908: [GC (Allocation Failure) [PSYoungGen: 495840K->108608K(524800K)] 1481767K->1229799K(1923072K), 0.0648523 secs] [Times: user=0.38 sys=0.00, real=0.07 secs] 
4060.610: [GC (GCLocker Initiated GC) [PSYoungGen: 458816K->139872K(523776K)] 1580007K->1367965K(1922048K), 0.0544432 secs] [Times: user=0.31 sys=0.01, real=0.06 secs] 
4062.726: [GC (Allocation Failure) [PSYoungGen: 490080K->110112K(521728K)] 1718176K->1469216K(1920000K), 0.1223692 secs] [Times: user=0.73 sys=0.00, real=0.12 secs] 
4062.848: [Full GC (Ergonomics) [PSYoungGen: 110112K->0K(521728K)] [ParOldGen: 1359104K->32409K(1398272K)] 1469216K->32409K(1920000K), [Metaspace: 60381K->60381K(1105920K)], 0.0870096 secs] [Times: user=0.32 sys=0.00, real=0.09 secs] 
4064.000: [GC (Allocation Failure) [PSYoungGen: 351232K->142944K(523264K)] 383641K->175353K(1921536K), 0.0287197 secs] [Times: user=0.17 sys=0.00, real=0.03 secs] 
4065.582: [GC (GCLocker Initiated GC) [PSYoungGen: 494176K->108768K(525312K)] 526585K->274633K(1923584K), 0.0864666 secs] [Times: user=0.51 sys=0.00, real=0.08 secs] 
4066.657: [GC (Allocation Failure) [PSYoungGen: 461024K->144000K(496640K)] 626960K->415685K(1894912K), 0.0533266 secs] [Times: user=0.31 sys=0.01, real=0.06 secs] 
4068.904: [GC (Allocation Failure) [PSYoungGen: 496256K->109280K(525824K)] 767941K->515589K(1924096K), 0.0653963 secs] [Times: user=0.39 sys=0.00, real=0.06 secs] 
4069.527: [GC (Allocation Failure) [PSYoungGen: 460000K->144960K(496128K)] 866309K->657650K(1894400K), 0.0532196 secs] [Times: user=0.31 sys=0.00, real=0.06 secs] 
4071.011: [GC (Allocation Failure) [PSYoungGen: 495680K->107200K(524800K)] 1008370K->755490K(1923072K), 0.0654363 secs] [Times: user=0.38 sys=0.00, real=0.06 secs] 
4071.811: [GC (Allocation Failure) [PSYoungGen: 456384K->144896K(494592K)] 1104674K->897374K(1892864K), 0.0531687 secs] [Times: user=0.31 sys=0.00, real=0.05 secs] 
4073.624: [GC (GCLocker Initiated GC) [PSYoungGen: 494080K->106624K(523776K)] 1246558K->994531K(1922048K), 0.0815416 secs] [Times: user=0.49 sys=0.00, real=0.08 secs] 
4074.290: [GC (Allocation Failure) [PSYoungGen: 453760K->144224K(491520K)] 1341669K->1135730K(1889792K), 0.0533600 secs] [Times: user=0.31 sys=0.01, real=0.06 secs] 
4075.658: [GC (Allocation Failure) [PSYoungGen: 491360K->106720K(523264K)] 1482866K->1233206K(1921536K), 0.0660622 secs] [Times: user=0.39 sys=0.00, real=0.07 secs] 
4076.441: [GC (Allocation Failure) [PSYoungGen: 452832K->143200K(489472K)] 1579318K->1374630K(1887744K), 0.0584203 secs] [Times: user=0.34 sys=0.00, real=0.05 secs] 
4076.499: [Full GC (Ergonomics) [PSYoungGen: 143200K->0K(489472K)] [ParOldGen: 1231430K->178715K(1398272K)] 1374630K->178715K(1887744K), [Metaspace: 60382K->60382K(1105920K)], 0.4241507 secs] [Times: user=1.96 sys=0.00, real=0.43 secs] 
4078.918: [GC (Allocation Failure) [PSYoungGen: 346112K->103552K(522752K)] 524827K->282267K(1921024K), 0.0556321 secs] [Times: user=0.33 sys=0.00, real=0.06 secs] 
4079.856: [GC (Allocation Failure) [PSYoungGen: 448640K->142912K(488448K)] 627355K->421744K(1886720K), 0.0515150 secs] [Times: user=0.30 sys=0.00, real=0.05 secs] 
4081.679: [GC (Allocation Failure) [PSYoungGen: 488000K->107456K(522752K)] 766832K->519872K(1921024K), 0.1346880 secs] [Times: user=0.80 sys=0.01, real=0.14 secs] 
4082.877: [GC (GCLocker Initiated GC) [PSYoungGen: 452032K->140416K(520704K)] 864448K->657165K(1918976K), 0.0529884 secs] [Times: user=0.31 sys=0.00, real=0.05 secs] 
4084.375: [GC (Allocation Failure) [PSYoungGen: 484992K->106848K(521216K)] 1001743K->754267K(1919488K), 0.0653056 secs] [Times: user=0.39 sys=0.01, real=0.07 secs] 
4084.980: [GC (Allocation Failure) [PSYoungGen: 452960K->144288K(521216K)] 1100379K->895936K(1919488K), 0.0537777 secs] [Times: user=0.31 sys=0.00, real=0.06 secs] 
4086.778: [GC (Allocation Failure) [PSYoungGen: 490400K->104512K(522240K)] 1242048K->991224K(1920512K), 0.1458761 secs] [Times: user=0.87 sys=0.00, real=0.15 secs] 
4087.803: [GC (Allocation Failure) [PSYoungGen: 449600K->142048K(521216K)] 1336312K->1130381K(1919488K), 0.0525261 secs] [Times: user=0.31 sys=0.00, real=0.05 secs] 
4089.389: [GC (Allocation Failure) [PSYoungGen: 487136K->106336K(520192K)] 1475469K->1227453K(1918464K), 0.0798398 secs] [Times: user=0.47 sys=0.00, real=0.08 secs] 
4090.385: [GC (GCLocker Initiated GC) [PSYoungGen: 451424K->140896K(520704K)] 1572541K->1367022K(1918976K), 0.0539387 secs] [Times: user=0.32 sys=0.00, real=0.05 secs] 
4092.273: [GC (Allocation Failure) [PSYoungGen: 485984K->104928K(521216K)] 1712181K->1463565K(1919488K), 0.0693491 secs] [Times: user=0.42 sys=0.00, real=0.07 secs] 
4092.342: [Full GC (Ergonomics) [PSYoungGen: 104928K->0K(521216K)] [ParOldGen: 1358637K->24562K(1398272K)] 1463565K->24562K(1919488K), [Metaspace: 60382K->60382K(1105920K)], 0.0372147 secs] [Times: user=0.10 sys=0.00, real=0.03 secs] 
4093.036: [GC (Allocation Failure) [PSYoungGen: 346624K->142368K(521728K)] 371186K->166930K(1920000K), 0.0284531 secs] [Times: user=0.16 sys=0.00, real=0.03 secs] 
4094.645: [GC (Allocation Failure) [PSYoungGen: 488992K->109056K(520704K)] 513554K->266998K(1918976K), 0.0918725 secs] [Times: user=0.55 sys=0.00, real=0.09 secs] 
4096.291: [GC (Allocation Failure) [PSYoungGen: 455680K->139840K(521216K)] 613622K->404403K(1919488K), 0.0528205 secs] [Times: user=0.31 sys=0.00, real=0.05 secs] 
4097.787: [GC (Allocation Failure) [PSYoungGen: 486464K->107648K(521216K)] 751027K->503007K(1919488K), 0.0650290 secs] [Times: user=0.39 sys=0.00, real=0.07 secs] 
4098.955: [GC (Allocation Failure) [PSYoungGen: 456320K->142176K(522240K)] 851684K->643883K(1920512K), 0.0542805 secs] [Times: user=0.32 sys=0.00, real=0.05 secs] 
4100.596: [GC (Allocation Failure) [PSYoungGen: 490848K->108480K(523264K)] 992555K->743826K(1921536K), 0.0663736 secs] [Times: user=0.40 sys=0.01, real=0.07 secs] 
4101.436: [GC (Allocation Failure) [PSYoungGen: 458176K->142304K(523264K)] 1093522K->884007K(1921536K), 0.0535956 secs] [Times: user=0.31 sys=0.00, real=0.05 secs] 
4102.862: [GC (Allocation Failure) [PSYoungGen: 492000K->108064K(523776K)] 1233703K->982527K(1922048K), 0.0655961 secs] [Times: user=0.39 sys=0.00, real=0.06 secs] 
4103.741: [GC (Allocation Failure) [PSYoungGen: 458272K->142912K(493568K)] 1332735K->1123000K(1891840K), 0.0532171 secs] [Times: user=0.31 sys=0.00, real=0.05 secs] 
4105.085: [GC (Allocation Failure) [PSYoungGen: 493120K->109440K(525312K)] 1473208K->1222976K(1923584K), 0.0654336 secs] [Times: user=0.39 sys=0.00, real=0.07 secs] 
4106.106: [GC (Allocation Failure) [PSYoungGen: 459136K->140640K(523264K)] 1572672K->1362707K(1921536K), 0.0855937 secs] [Times: user=0.50 sys=0.00, real=0.09 secs] 
4107.818: [GC (Allocation Failure) [PSYoungGen: 490336K->110464K(521216K)] 1712403K->1464715K(1919488K), 0.0701891 secs] [Times: user=0.41 sys=0.00, real=0.07 secs] 
4107.888: [Full GC (Ergonomics) [PSYoungGen: 110464K->0K(521216K)] [ParOldGen: 1354251K->31047K(1398272K)] 1464715K->31047K(1919488K), [Metaspace: 60382K->60382K(1105920K)], 0.0520768 secs] [Times: user=0.18 sys=0.00, real=0.06 secs] 
4108.863: [GC (Allocation Failure) [PSYoungGen: 350720K->144160K(522752K)] 381767K->175207K(1921024K), 0.0289118 secs] [Times: user=0.16 sys=0.00, real=0.03 secs] 
4111.481: [GC (Allocation Failure) [PSYoungGen: 494880K->104000K(525312K)] 525927K->270247K(1923584K), 0.1543478 secs] [Times: user=0.92 sys=0.00, real=0.15 secs] 
4113.331: [GC (Allocation Failure) [PSYoungGen: 454208K->141664K(492032K)] 620455K->408980K(1890304K), 0.0512970 secs] [Times: user=0.31 sys=0.00, real=0.05 secs] 
4114.660: [GC (Allocation Failure) [PSYoungGen: 491872K->110784K(525824K)] 759188K->510300K(1924096K), 0.0657018 secs] [Times: user=0.39 sys=0.00, real=0.07 secs] 
4115.375: [GC (Allocation Failure) [PSYoungGen: 460992K->143424K(523264K)] 860508K->651461K(1921536K), 0.0540143 secs] [Times: user=0.32 sys=0.00, real=0.05 secs] 
4116.852: [GC (Allocation Failure) [PSYoungGen: 493632K->108128K(524288K)] 1001669K->750749K(1922560K), 0.0665578 secs] [Times: user=0.40 sys=0.00, real=0.06 secs] 
4117.839: [GC (Allocation Failure) [PSYoungGen: 458336K->144960K(495616K)] 1100957K->892706K(1893888K), 0.0536221 secs] [Times: user=0.32 sys=0.00, real=0.06 secs] 
4119.560: [GC (Allocation Failure) [PSYoungGen: 495168K->106688K(524288K)] 1242914K->989866K(1922560K), 0.0822005 secs] [Times: user=0.49 sys=0.00, real=0.08 secs] 
4120.267: [GC (Allocation Failure) [PSYoungGen: 454848K->143968K(492544K)] 1338026K->1130950K(1890816K), 0.0536454 secs] [Times: user=0.31 sys=0.00, real=0.06 secs] 
4121.748: [GC (Allocation Failure) [PSYoungGen: 492128K->107264K(523776K)] 1479110K->1228910K(1922048K), 0.0665367 secs] [Times: user=0.40 sys=0.00, real=0.07 secs] 
4122.521: [GC (Allocation Failure) [PSYoungGen: 454400K->144640K(492032K)] 1576046K->1371302K(1890304K), 0.0546691 secs] [Times: user=0.33 sys=0.00, real=0.05 secs] 
4124.380: [GC (GCLocker Initiated GC) [PSYoungGen: 491776K->104288K(522752K)] 1718438K->1466846K(1921024K), 0.1012473 secs] [Times: user=0.60 sys=0.00, real=0.10 secs] 
4124.482: [Full GC (Ergonomics) [PSYoungGen: 104288K->0K(522752K)] [ParOldGen: 1362558K->33184K(1398272K)] 1466846K->33184K(1921024K), [Metaspace: 60384K->60384K(1105920K)], 0.0637529 secs] [Times: user=0.24 sys=0.00, real=0.06 secs] 
4125.611: [GC (Allocation Failure) [PSYoungGen: 345088K->142688K(521216K)] 378275K->175875K(1919488K), 0.0284347 secs] [Times: user=0.17 sys=0.00, real=0.02 secs] 
4127.119: [GC (Allocation Failure) [PSYoungGen: 487776K->106848K(521216K)] 520963K->273371K(1919488K), 0.0974303 secs] [Times: user=0.58 sys=0.00, real=0.10 secs] 
4128.206: [GC (Allocation Failure) [PSYoungGen: 451936K->140896K(521216K)] 618459K->411972K(1919488K), 0.0523483 secs] [Times: user=0.31 sys=0.01, real=0.05 secs] 
4129.803: [GC (Allocation Failure) [PSYoungGen: 485984K->106848K(519680K)] 757060K->510308K(1917952K), 0.0651804 secs] [Times: user=0.38 sys=0.01, real=0.06 secs] 
4130.570: [GC (Allocation Failure) [PSYoungGen: 452448K->143104K(520704K)] 855908K->651336K(1918976K), 0.0525432 secs] [Times: user=0.31 sys=0.00, real=0.06 secs] 
4132.564: [GC (Allocation Failure) [PSYoungGen: 488704K->106912K(521728K)] 996936K->749648K(1920000K), 0.1216622 secs] [Times: user=0.73 sys=0.00, real=0.12 secs] 
4133.852: [GC (GCLocker Initiated GC) [PSYoungGen: 453536K->139488K(521728K)] 1096272K->887201K(1920000K), 0.0527724 secs] [Times: user=0.31 sys=0.01, real=0.05 secs] 
4135.318: [GC (GCLocker Initiated GC) [PSYoungGen: 486112K->108960K(519680K)] 1233895K->987187K(1917952K), 0.0760321 secs] [Times: user=0.45 sys=0.00, real=0.08 secs] 
4136.793: [GC (Allocation Failure) [PSYoungGen: 456608K->138080K(521216K)] 1334906K->1123599K(1919488K), 0.0543828 secs] [Times: user=0.29 sys=0.00, real=0.05 secs] 
4138.589: [GC (GCLocker Initiated GC) [PSYoungGen: 485728K->108576K(521728K)] 1471247K->1223287K(1920000K), 0.0648017 secs] [Times: user=0.38 sys=0.01, real=0.07 secs] 
4139.362: [GC (Allocation Failure) [PSYoungGen: 459808K->143264K(523264K)] 1574590K->1364403K(1921536K), 0.0535978 secs] [Times: user=0.31 sys=0.00, real=0.05 secs] 
4141.086: [GC (Allocation Failure) [PSYoungGen: 494496K->108416K(524800K)] 1715635K->1463195K(1923072K), 0.0704454 secs] [Times: user=0.41 sys=0.00, real=0.07 secs] 
4141.156: [Full GC (Ergonomics) [PSYoungGen: 108416K->0K(524800K)] [ParOldGen: 1354779K->26729K(1398272K)] 1463195K->26729K(1923072K), [Metaspace: 60394K->60394K(1105920K)], 0.0410821 secs] [Times: user=0.12 sys=0.00, real=0.04 secs] 
4142.198: [GC (Allocation Failure) [PSYoungGen: 351744K->143264K(524288K)] 378473K->169993K(1922560K), 0.0286033 secs] [Times: user=0.16 sys=0.00, real=0.03 secs] 
4143.644: [GC (Allocation Failure) [PSYoungGen: 495008K->111200K(524288K)] 521737K->271673K(1922560K), 0.0791050 secs] [Times: user=0.47 sys=0.00, real=0.08 secs] 
4144.290: [GC (Allocation Failure) [PSYoungGen: 462944K->153632K(505856K)] 623417K->422519K(1904128K), 0.0538193 secs] [Times: user=0.31 sys=0.00, real=0.06 secs] 
4146.726: [GC (Allocation Failure) [PSYoungGen: 505376K->106144K(521728K)] 774263K->511975K(1920000K), 0.1420062 secs] [Times: user=0.84 sys=0.00, real=0.14 secs] 
4147.935: [GC (Allocation Failure) [PSYoungGen: 449184K->140000K(520192K)] 855015K->648884K(1918464K), 0.0522326 secs] [Times: user=0.30 sys=0.00, real=0.05 secs] 
4149.341: [GC (Allocation Failure) [PSYoungGen: 483040K->106784K(520192K)] 991924K->746356K(1918464K), 0.0648077 secs] [Times: user=0.39 sys=0.00, real=0.06 secs] 
4150.366: [GC (Allocation Failure) [PSYoungGen: 451360K->140480K(520192K)] 1090932K->884552K(1918464K), 0.0524104 secs] [Times: user=0.31 sys=0.00, real=0.05 secs] 
4151.702: [GC (Allocation Failure) [PSYoungGen: 485056K->107520K(520192K)] 1229128K->982568K(1918464K), 0.0641469 secs] [Times: user=0.38 sys=0.00, real=0.06 secs] 
4152.343: [GC (Allocation Failure) [PSYoungGen: 454144K->142080K(521216K)] 1329192K->1123476K(1919488K), 0.0534163 secs] [Times: user=0.32 sys=0.00, real=0.05 secs] 
4153.685: [GC (Allocation Failure) [PSYoungGen: 488704K->107808K(521728K)] 1470100K->1222740K(1920000K), 0.0664611 secs] [Times: user=0.39 sys=0.00, real=0.07 secs] 
4154.696: [GC (Allocation Failure) [PSYoungGen: 455968K->141536K(522240K)] 1570900K->1362297K(1920512K), 0.0528581 secs] [Times: user=0.31 sys=0.00, real=0.05 secs] 
4156.366: [GC (Allocation Failure) [PSYoungGen: 489696K->107008K(523264K)] 1710457K->1459865K(1921536K), 0.1427871 secs] [Times: user=0.85 sys=0.01, real=0.14 secs] 
4156.509: [Full GC (Ergonomics) [PSYoungGen: 107008K->0K(523264K)] [ParOldGen: 1352857K->25201K(1398272K)] 1459865K->25201K(1921536K), [Metaspace: 60407K->60407K(1105920K)], 0.0639827 secs] [Times: user=0.20 sys=0.00, real=0.07 secs] 
4157.947: [GC (Allocation Failure) [PSYoungGen: 349184K->140352K(523264K)] 374385K->165553K(1921536K), 0.0281949 secs] [Times: user=0.16 sys=0.00, real=0.03 secs] 
4159.270: [GC (Allocation Failure) [PSYoungGen: 489536K->109248K(521728K)] 514737K->265293K(1920000K), 0.0648699 secs] [Times: user=0.39 sys=0.00, real=0.07 secs] 
4159.945: [GC (Allocation Failure) [PSYoungGen: 458944K->143008K(522752K)] 614989K->407183K(1921024K), 0.0528976 secs] [Times: user=0.31 sys=0.00, real=0.05 secs] 
4161.568: [GC (Allocation Failure) [PSYoungGen: 492704K->108800K(523776K)] 756879K->507351K(1922048K), 0.0860778 secs] [Times: user=0.51 sys=0.00, real=0.09 secs] 
4162.872: [GC (Allocation Failure) [PSYoungGen: 459520K->142272K(523776K)] 858071K->646892K(1922048K), 0.0536993 secs] [Times: user=0.32 sys=0.00, real=0.05 secs] 
4164.512: [GC (Allocation Failure) [PSYoungGen: 492992K->109920K(523776K)] 997612K->747728K(1922048K), 0.1054948 secs] [Times: user=0.63 sys=0.00, real=0.10 secs] 
4165.555: [GC (Allocation Failure) [PSYoungGen: 460640K->142304K(523776K)] 1098448K->887923K(1922048K), 0.0542916 secs] [Times: user=0.32 sys=0.00, real=0.05 secs] 
4167.052: [GC (Allocation Failure) [PSYoungGen: 493024K->108128K(524288K)] 1238643K->987075K(1922560K), 0.0662752 secs] [Times: user=0.39 sys=0.00, real=0.06 secs] 
4167.741: [GC (Allocation Failure) [PSYoungGen: 459360K->143648K(495104K)] 1338307K->1127968K(1893376K), 0.0531818 secs] [Times: user=0.31 sys=0.01, real=0.05 secs] 
4169.571: [GC (Allocation Failure) [PSYoungGen: 494880K->108352K(525312K)] 1479200K->1226832K(1923584K), 0.1304185 secs] [Times: user=0.78 sys=0.00, real=0.13 secs] 
4170.959: [GC (Allocation Failure) [PSYoungGen: 458560K->143680K(494080K)] 1577040K->1367357K(1892352K), 0.0545704 secs] [Times: user=0.32 sys=0.01, real=0.06 secs] 
4173.025: [GC (Allocation Failure) [PSYoungGen: 493888K->107360K(524800K)] 1717565K->1465733K(1923072K), 0.1651379 secs] [Times: user=0.99 sys=0.00, real=0.17 secs] 
4173.190: [Full GC (Ergonomics) [PSYoungGen: 107360K->0K(524800K)] [ParOldGen: 1358373K->31869K(1398272K)] 1465733K->31869K(1923072K), [Metaspace: 60407K->60407K(1105920K)], 0.0907912 secs] [Times: user=0.34 sys=0.00, real=0.09 secs] 
4174.149: [GC (Allocation Failure) [PSYoungGen: 349184K->151008K(500224K)] 381053K->182877K(1898496K), 0.0290129 secs] [Times: user=0.17 sys=0.00, real=0.03 secs] 
4176.063: [GC (GCLocker Initiated GC) [PSYoungGen: 500192K->108416K(522240K)] 532065K->274617K(1920512K), 0.0655740 secs] [Times: user=0.39 sys=0.01, real=0.06 secs] 
4177.020: [GC (Allocation Failure) [PSYoungGen: 451968K->147904K(491520K)] 618172K->419331K(1889792K), 0.0524690 secs] [Times: user=0.31 sys=0.00, real=0.06 secs] 
4178.578: [GC (Allocation Failure) [PSYoungGen: 491456K->109056K(520704K)] 762883K->510215K(1918976K), 0.1080511 secs] [Times: user=0.64 sys=0.00, real=0.11 secs] 
4179.436: [GC (Allocation Failure) [PSYoungGen: 449536K->140576K(518656K)] 850695K->647852K(1916928K), 0.0535736 secs] [Times: user=0.32 sys=0.00, real=0.05 secs] 
4180.911: [GC (Allocation Failure) [PSYoungGen: 481056K->105536K(519680K)] 988332K->744044K(1917952K), 0.0778519 secs] [Times: user=0.46 sys=0.00, real=0.07 secs] 
4181.729: [GC (Allocation Failure) [PSYoungGen: 447040K->147072K(518656K)] 1085548K->889301K(1916928K), 0.0534717 secs] [Times: user=0.31 sys=0.00, real=0.06 secs] 
4183.065: [GC (GCLocker Initiated GC) [PSYoungGen: 488576K->108480K(519680K)] 1230805K->980145K(1917952K), 0.0652712 secs] [Times: user=0.39 sys=0.01, real=0.07 secs] 
4183.724: [GC (Allocation Failure) [PSYoungGen: 449984K->137376K(519168K)] 1321652K->1116000K(1917440K), 0.0535042 secs] [Times: user=0.31 sys=0.00, real=0.05 secs] 
4185.246: [GC (Allocation Failure) [PSYoungGen: 478880K->109376K(518144K)] 1457504K->1216024K(1916416K), 0.0797815 secs] [Times: user=0.47 sys=0.00, real=0.08 secs] 
4186.977: [GC (Allocation Failure) [PSYoungGen: 453440K->134496K(519168K)] 1560088K->1348629K(1917440K), 0.0537826 secs] [Times: user=0.32 sys=0.00, real=0.06 secs] 
4188.392: [GC (Allocation Failure) [PSYoungGen: 478560K->114080K(519168K)] 1692693K->1453109K(1917440K), 0.0665504 secs] [Times: user=0.39 sys=0.00, real=0.06 secs] 
4188.458: [Full GC (Ergonomics) [PSYoungGen: 114080K->0K(519168K)] [ParOldGen: 1339029K->18417K(1398272K)] 1453109K->18417K(1917440K), [Metaspace: 60413K->60413K(1105920K)], 0.0293611 secs] [Times: user=0.08 sys=0.00, real=0.03 secs] 
4189.466: [GC (Allocation Failure) [PSYoungGen: 350208K->134336K(521216K)] 368625K->152753K(1919488K), 0.0264680 secs] [Times: user=0.16 sys=0.00, real=0.03 secs] 
4190.796: [GC (Allocation Failure) [PSYoungGen: 484544K->115200K(521728K)] 502961K->258673K(1920000K), 0.0644143 secs] [Times: user=0.38 sys=0.00, real=0.07 secs] 
4191.570: [GC (Allocation Failure) [PSYoungGen: 473088K->142144K(525312K)] 616561K->399558K(1923584K), 0.0542632 secs] [Times: user=0.32 sys=0.00, real=0.06 secs] 
4193.067: [GC (Allocation Failure) [PSYoungGen: 500032K->112864K(529408K)] 757446K->503486K(1927680K), 0.0793348 secs] [Times: user=0.47 sys=0.00, real=0.08 secs] 
4193.989: [GC (Allocation Failure) [PSYoungGen: 474848K->147840K(509952K)] 865470K->648835K(1908224K), 0.0547084 secs] [Times: user=0.32 sys=0.00, real=0.06 secs] 
4195.786: [GC (Allocation Failure) [PSYoungGen: 509824K->113088K(529408K)] 1010819K->752459K(1927680K), 0.0958342 secs] [Times: user=0.56 sys=0.01, real=0.10 secs] 
4196.733: [GC (Allocation Failure) [PSYoungGen: 470976K->147264K(505344K)] 1110347K->897400K(1903616K), 0.0542538 secs] [Times: user=0.32 sys=0.00, real=0.05 secs] 
4198.980: [GC (GCLocker Initiated GC) [PSYoungGen: 505152K->110336K(527360K)] 1255289K->999077K(1925632K), 0.0716087 secs] [Times: user=0.42 sys=0.01, real=0.08 secs] 
4199.859: [GC (Allocation Failure) [PSYoungGen: 464640K->146624K(501248K)] 1353383K->1142004K(1899520K), 0.0540141 secs] [Times: user=0.32 sys=0.00, real=0.06 secs] 
4201.595: [GC (GCLocker Initiated GC) [PSYoungGen: 500928K->109952K(525824K)] 1496308K->1242556K(1924096K), 0.1309744 secs] [Times: user=0.77 sys=0.01, real=0.13 secs] 
4202.707: [GC (Allocation Failure) [PSYoungGen: 461184K->146496K(498176K)] 1593791K->1385120K(1896448K), 0.0526357 secs] [Times: user=0.31 sys=0.00, real=0.05 secs] 
4202.760: [Full GC (Ergonomics) [PSYoungGen: 146496K->0K(498176K)] [ParOldGen: 1238624K->189137K(1398272K)] 1385120K->189137K(1896448K), [Metaspace: 60413K->60413K(1105920K)], 0.4622870 secs] [Times: user=2.15 sys=0.00, real=0.47 secs] 
4204.687: [GC (Allocation Failure) [PSYoungGen: 351232K->106112K(523776K)] 540369K->295249K(1922048K), 0.0461424 secs] [Times: user=0.27 sys=0.00, real=0.05 secs] 
4205.368: [GC (Allocation Failure) [PSYoungGen: 453760K->145376K(493056K)] 642897K->436825K(1891328K), 0.0512576 secs] [Times: user=0.30 sys=0.00, real=0.05 secs] 
4207.067: [GC (Allocation Failure) [PSYoungGen: 493024K->107680K(522752K)] 784473K->535913K(1921024K), 0.0733758 secs] [Times: user=0.43 sys=0.00, real=0.08 secs] 
4207.708: [GC (Allocation Failure) [PSYoungGen: 453280K->146688K(492544K)] 881513K->678774K(1890816K), 0.0521766 secs] [Times: user=0.31 sys=0.00, real=0.05 secs] 
4210.284: [GC (Allocation Failure) [PSYoungGen: 492288K->101216K(520704K)] 1024374K->771206K(1918976K), 0.1252380 secs] [Times: user=0.75 sys=0.00, real=0.12 secs] 
4210.944: [GC (Allocation Failure) [PSYoungGen: 443232K->144352K(486400K)] 1113222K->912387K(1884672K), 0.0511126 secs] [Times: user=0.31 sys=0.00, real=0.05 secs] 
4212.628: [GC (Allocation Failure) [PSYoungGen: 486368K->103296K(520192K)] 1254403K->1006995K(1918464K), 0.0794747 secs] [Times: user=0.47 sys=0.00, real=0.08 secs] 
4213.321: [GC (Allocation Failure) [PSYoungGen: 443776K->144224K(484864K)] 1347475K->1148228K(1883136K), 0.0528229 secs] [Times: user=0.31 sys=0.00, real=0.05 secs] 
4215.012: [GC (GCLocker Initiated GC) [PSYoungGen: 484704K->102336K(519680K)] 1488710K->1242214K(1917952K), 0.0684000 secs] [Times: user=0.40 sys=0.00, real=0.07 secs] 
4215.837: [GC (GCLocker Initiated GC) [PSYoungGen: 441280K->139936K(518144K)] 1581162K->1378755K(1916416K), 0.0529377 secs] [Times: user=0.31 sys=0.00, real=0.05 secs] 
4215.890: [Full GC (Ergonomics) [PSYoungGen: 139936K->0K(518144K)] [ParOldGen: 1238819K->176000K(1398272K)] 1378755K->176000K(1916416K), [Metaspace: 60413K->60413K(1105920K)], 0.4290291 secs] [Times: user=2.01 sys=0.00, real=0.43 secs] 
4217.605: [GC (Allocation Failure) [PSYoungGen: 338944K->106208K(516608K)] 514983K->282247K(1914880K), 0.0348758 secs] [Times: user=0.21 sys=0.00, real=0.03 secs] 
4219.062: [GC (Allocation Failure) [PSYoungGen: 446176K->138368K(517632K)] 622215K->417111K(1915904K), 0.0519392 secs] [Times: user=0.30 sys=0.00, real=0.05 secs] 
4220.636: [GC (Allocation Failure) [PSYoungGen: 478336K->104896K(518144K)] 757079K->512676K(1916416K), 0.0640885 secs] [Times: user=0.38 sys=0.00, real=0.07 secs] 
4221.708: [GC (Allocation Failure) [PSYoungGen: 448448K->137056K(519680K)] 856228K->648040K(1917952K), 0.0519904 secs] [Times: user=0.31 sys=0.00, real=0.06 secs] 
4223.049: [GC (Allocation Failure) [PSYoungGen: 480608K->111168K(517120K)] 991592K->750192K(1915392K), 0.0642428 secs] [Times: user=0.38 sys=0.00, real=0.07 secs] 
4223.755: [GC (Allocation Failure) [PSYoungGen: 458304K->142304K(520192K)] 1097328K->890637K(1918464K), 0.0545795 secs] [Times: user=0.33 sys=0.00, real=0.05 secs] 
4225.263: [GC (Allocation Failure) [PSYoungGen: 489440K->107168K(523776K)] 1237773K->988669K(1922048K), 0.0813964 secs] [Times: user=0.48 sys=0.00, real=0.08 secs] 
4226.739: [GC (Allocation Failure) [PSYoungGen: 457888K->141728K(523776K)] 1339389K->1128426K(1922048K), 0.0534027 secs] [Times: user=0.32 sys=0.00, real=0.06 secs] 
4228.289: [GC (Allocation Failure) [PSYoungGen: 492448K->110688K(522752K)] 1479146K->1230278K(1921024K), 0.0922713 secs] [Times: user=0.55 sys=0.00, real=0.10 secs] 
4229.843: [GC (Allocation Failure) [PSYoungGen: 461408K->139360K(523264K)] 1580998K->1367982K(1921536K), 0.0541446 secs] [Times: user=0.32 sys=0.00, real=0.05 secs] 
4231.742: [GC (Allocation Failure) [PSYoungGen: 490080K->109536K(523264K)] 1718702K->1468806K(1921536K), 0.0745601 secs] [Times: user=0.44 sys=0.00, real=0.07 secs] 
4231.816: [Full GC (Ergonomics) [PSYoungGen: 109536K->0K(523264K)] [ParOldGen: 1359270K->26650K(1398272K)] 1468806K->26650K(1921536K), [Metaspace: 60413K->60413K(1105920K)], 0.0423034 secs] [Times: user=0.13 sys=0.00, real=0.04 secs] 
4233.036: [GC (Allocation Failure) [PSYoungGen: 352768K->142496K(524288K)] 379418K->169146K(1922560K), 0.0284795 secs] [Times: user=0.17 sys=0.00, real=0.03 secs] 
4235.195: [GC (Allocation Failure) [PSYoungGen: 495264K->109408K(525312K)] 521914K->269486K(1923584K), 0.1576321 secs] [Times: user=0.93 sys=0.01, real=0.16 secs] 
4236.329: [GC (Allocation Failure) [PSYoungGen: 463200K->143968K(498176K)] 623278K->410843K(1896448K), 0.0530685 secs] [Times: user=0.31 sys=0.00, real=0.06 secs] 
4237.677: [GC (Allocation Failure) [PSYoungGen: 497760K->107744K(526336K)] 764635K->509275K(1924608K), 0.0649475 secs] [Times: user=0.38 sys=0.00, real=0.07 secs] 
4238.509: [GC (GCLocker Initiated GC) [PSYoungGen: 460000K->145760K(498176K)] 861531K->653160K(1896448K), 0.0527628 secs] [Times: user=0.31 sys=0.00, real=0.06 secs] 
4240.307: [GC (Allocation Failure) [PSYoungGen: 498016K->108288K(524800K)] 1005418K->752954K(1923072K), 0.0992345 secs] [Times: user=0.59 sys=0.00, real=0.10 secs] 
4241.446: [GC (Allocation Failure) [PSYoungGen: 457472K->144480K(494080K)] 1102138K->893819K(1892352K), 0.0530710 secs] [Times: user=0.31 sys=0.00, real=0.05 secs] 
4243.064: [GC (GCLocker Initiated GC) [PSYoungGen: 493664K->108640K(524288K)] 1243003K->993215K(1922560K), 0.0873408 secs] [Times: user=0.52 sys=0.00, real=0.09 secs] 
4244.328: [GC (Allocation Failure) [PSYoungGen: 456800K->140448K(522752K)] 1341446K->1130611K(1921024K), 0.0533744 secs] [Times: user=0.32 sys=0.00, real=0.06 secs] 
4245.680: [GC (Allocation Failure) [PSYoungGen: 488608K->111040K(521216K)] 1478771K->1232419K(1919488K), 0.0652838 secs] [Times: user=0.38 sys=0.00, real=0.07 secs] 
4246.261: [GC (GCLocker Initiated GC) [PSYoungGen: 460224K->143840K(522240K)] 1581603K->1373566K(1920512K), 0.0544725 secs] [Times: user=0.32 sys=0.00, real=0.05 secs] 
4248.158: [GC (Allocation Failure) [PSYoungGen: 493024K->107296K(524288K)] 1722753K->1471697K(1922560K), 0.1402714 secs] [Times: user=0.83 sys=0.01, real=0.14 secs] 
4248.299: [Full GC (Ergonomics) [PSYoungGen: 107296K->0K(524288K)] [ParOldGen: 1364401K->38455K(1398272K)] 1471697K->38455K(1922560K), [Metaspace: 60413K->60413K(1105920K)], 0.1069602 secs] [Times: user=0.43 sys=0.00, real=0.11 secs] 
4249.051: [GC (Allocation Failure) [PSYoungGen: 350208K->145184K(495616K)] 388663K->183639K(1893888K), 0.0285950 secs] [Times: user=0.17 sys=0.00, real=0.02 secs] 
4250.961: [GC (Allocation Failure) [PSYoungGen: 495392K->106912K(523776K)] 533847K->281216K(1922048K), 0.1334854 secs] [Times: user=0.79 sys=0.00, real=0.13 secs] 
4251.670: [GC (Allocation Failure) [PSYoungGen: 454048K->144384K(492032K)] 628352K->422572K(1890304K), 0.0524920 secs] [Times: user=0.30 sys=0.01, real=0.06 secs] 
4253.052: [GC (Allocation Failure) [PSYoungGen: 491520K->107872K(523776K)] 769708K->521100K(1922048K), 0.0650898 secs] [Times: user=0.39 sys=0.00, real=0.06 secs] 
4253.836: [GC (Allocation Failure) [PSYoungGen: 454496K->144384K(491520K)] 867724K->662605K(1889792K), 0.0533501 secs] [Times: user=0.32 sys=0.00, real=0.05 secs] 
4256.079: [GC (GCLocker Initiated GC) [PSYoungGen: 491008K->103008K(522240K)] 1009229K->757181K(1920512K), 0.1127436 secs] [Times: user=0.67 sys=0.00, real=0.12 secs] 
4256.988: [GC (Allocation Failure) [PSYoungGen: 447584K->151488K(496128K)] 1101760K->905677K(1894400K), 0.0524473 secs] [Times: user=0.31 sys=0.00, real=0.06 secs] 
4258.890: [GC (GCLocker Initiated GC) [PSYoungGen: 496064K->104640K(519168K)] 1250254K->992846K(1917440K), 0.1404820 secs] [Times: user=0.83 sys=0.01, real=0.14 secs] 
4259.697: [GC (Allocation Failure) [PSYoungGen: 442560K->149280K(487424K)] 1330804K->1139509K(1885696K), 0.0530791 secs] [Times: user=0.31 sys=0.00, real=0.05 secs] 
4261.023: [GC (GCLocker Initiated GC) [PSYoungGen: 487200K->100960K(516608K)] 1477429K->1223445K(1914880K), 0.0658424 secs] [Times: user=0.39 sys=0.00, real=0.06 secs] 
4261.739: [GC (Allocation Failure) [PSYoungGen: 434272K->136832K(470528K)] 1556828K->1358985K(1868800K), 0.0521409 secs] [Times: user=0.30 sys=0.00, real=0.06 secs] 
4263.140: [GC (Allocation Failure) [PSYoungGen: 470144K->105664K(516608K)] 1692297K->1455793K(1914880K), 0.0704088 secs] [Times: user=0.42 sys=0.00, real=0.08 secs] 
4263.210: [Full GC (Ergonomics) [PSYoungGen: 105664K->0K(516608K)] [ParOldGen: 1350129K->21630K(1398272K)] 1455793K->21630K(1914880K), [Metaspace: 60413K->60413K(1105920K)], 0.0286533 secs] [Times: user=0.07 sys=0.00, real=0.02 secs] 
4264.976: [GC (Allocation Failure) [PSYoungGen: 335360K->132608K(514560K)] 356990K->154238K(1912832K), 0.0267027 secs] [Times: user=0.15 sys=0.00, real=0.03 secs] 
4266.301: [GC (Allocation Failure) [PSYoungGen: 467964K->112128K(516608K)] 489594K->257226K(1914880K), 0.0636845 secs] [Times: user=0.38 sys=0.00, real=0.06 secs] 
4267.511: [GC (Allocation Failure) [PSYoungGen: 453632K->128096K(515072K)] 598730K->384821K(1913344K), 0.0530949 secs] [Times: user=0.32 sys=0.00, real=0.05 secs] 
4268.970: [GC (Allocation Failure) [PSYoungGen: 469600K->119808K(521216K)] 726325K->494178K(1919488K), 0.0629228 secs] [Times: user=0.38 sys=0.00, real=0.06 secs] 
4269.913: [GC (Allocation Failure) [PSYoungGen: 474112K->127520K(520704K)] 848482K->621667K(1918976K), 0.0551454 secs] [Times: user=0.32 sys=0.00, real=0.05 secs] 
4271.371: [GC (Allocation Failure) [PSYoungGen: 481824K->1440K(501248K)] 975971K->495722K(1899520K), 0.0018648 secs] [Times: user=0.00 sys=0.00, real=0.00 secs] 
4273.289: [GC (Allocation Failure) [PSYoungGen: 338848K->122272K(518144K)] 833130K->617139K(1916416K), 0.0249887 secs] [Times: user=0.14 sys=0.00, real=0.03 secs] 
4274.686: [GC (Allocation Failure) [PSYoungGen: 459680K->125696K(512000K)] 954547K->732835K(1910272K), 0.0632201 secs] [Times: user=0.37 sys=0.00, real=0.06 secs] 
4275.364: [GC (Allocation Failure) [PSYoungGen: 466176K->116480K(516608K)] 1073315K->848867K(1914880K), 0.0562896 secs] [Times: user=0.33 sys=0.01, real=0.06 secs] 
4277.383: [GC (Allocation Failure) [PSYoungGen: 456960K->131904K(520704K)] 1189347K->970106K(1918976K), 0.0625495 secs] [Times: user=0.37 sys=0.01, real=0.06 secs] 
4278.411: [GC (GCLocker Initiated GC) [PSYoungGen: 482112K->114592K(521728K)] 1320314K->1084307K(1920000K), 0.0575552 secs] [Times: user=0.34 sys=0.00, real=0.05 secs] 
4279.787: [GC (Allocation Failure) [PSYoungGen: 464800K->134112K(521728K)] 1434516K->1207221K(1920000K), 0.0621230 secs] [Times: user=0.37 sys=0.00, real=0.06 secs] 
4280.990: [GC (Allocation Failure) [PSYoungGen: 489440K->119072K(523264K)] 1562549K->1326221K(1921536K), 0.0587880 secs] [Times: user=0.34 sys=0.01, real=0.06 secs] 
4282.389: [GC (Allocation Failure) [PSYoungGen: 474400K->129504K(527872K)] 1681549K->1444734K(1926144K), 0.0631281 secs] [Times: user=0.38 sys=0.00, real=0.07 secs] 
4282.452: [Full GC (Ergonomics) [PSYoungGen: 129504K->0K(527872K)] [ParOldGen: 1315230K->251647K(1398272K)] 1444734K->251647K(1926144K), [Metaspace: 60417K->60417K(1105920K)], 0.5416881 secs] [Times: user=2.39 sys=0.00, real=0.54 secs] 
4283.787: [GC (Allocation Failure) [PSYoungGen: 364544K->132736K(527872K)] 616191K->384383K(1926144K), 0.0266747 secs] [Times: user=0.15 sys=0.01, real=0.03 secs] 
4285.391: [GC (Allocation Failure) [PSYoungGen: 497280K->4288K(504320K)] 748927K->255983K(1902592K), 0.0039021 secs] [Times: user=0.02 sys=0.01, real=0.00 secs] 
4286.075: [GC (Allocation Failure) [PSYoungGen: 344768K->135936K(476672K)] 596463K->389964K(1874944K), 0.0279644 secs] [Times: user=0.17 sys=0.00, real=0.03 secs] 
4287.407: [GC (Allocation Failure) [PSYoungGen: 476416K->112320K(523264K)] 730444K->493100K(1921536K), 0.0650579 secs] [Times: user=0.38 sys=0.01, real=0.07 secs] 
4288.944: [GC (Allocation Failure) [PSYoungGen: 453312K->130272K(516608K)] 834092K->621249K(1914880K), 0.0529547 secs] [Times: user=0.31 sys=0.00, real=0.05 secs] 
4290.351: [GC (Allocation Failure) [PSYoungGen: 471264K->117152K(518656K)] 962241K->728757K(1916928K), 0.0639661 secs] [Times: user=0.38 sys=0.01, real=0.06 secs] 
4291.312: [GC (Allocation Failure) [PSYoungGen: 462752K->127584K(517120K)] 1074357K->855869K(1915392K), 0.0554170 secs] [Times: user=0.33 sys=0.00, real=0.05 secs] 
4293.645: [GC (Allocation Failure) [PSYoungGen: 473184K->121120K(523776K)] 1201469K->966250K(1922048K), 0.0641440 secs] [Times: user=0.37 sys=0.01, real=0.06 secs] 
4295.062: [GC (Allocation Failure) [PSYoungGen: 477984K->130176K(524288K)] 1323114K->1096042K(1922560K), 0.0565164 secs] [Times: user=0.33 sys=0.00, real=0.05 secs] 
4296.467: [GC (Allocation Failure) [PSYoungGen: 487040K->3296K(502784K)] 1452906K->969278K(1901056K), 0.0048330 secs] [Times: user=0.03 sys=0.00, real=0.01 secs] 
4297.800: [GC (Allocation Failure) [PSYoungGen: 338656K->126848K(462336K)] 1304638K->1093987K(1860608K), 0.0267175 secs] [Times: user=0.15 sys=0.01, real=0.03 secs] 
4299.176: [GC (Allocation Failure) [PSYoungGen: 462208K->120096K(519680K)] 1429347K->1204491K(1917952K), 0.0654066 secs] [Times: user=0.39 sys=0.00, real=0.07 secs] 
4299.803: [GC (Allocation Failure) [PSYoungGen: 457504K->122944K(460800K)] 1541899K->1327395K(1859072K), 0.0571494 secs] [Times: user=0.34 sys=0.01, real=0.05 secs] 
4299.860: [Full GC (Ergonomics) [PSYoungGen: 122944K->0K(460800K)] [ParOldGen: 1204451K->138030K(1398272K)] 1327395K->138030K(1859072K), [Metaspace: 60417K->60417K(1105920K)], 0.3166844 secs] [Times: user=1.44 sys=0.00, real=0.32 secs] 
4301.569: [GC (Allocation Failure) [PSYoungGen: 337408K->125376K(515584K)] 475438K->263406K(1913856K), 0.0458895 secs] [Times: user=0.27 sys=0.00, real=0.05 secs] 
4302.414: [GC (Allocation Failure) [PSYoungGen: 463808K->112608K(514560K)] 601838K->375982K(1912832K), 0.0639203 secs] [Times: user=0.38 sys=0.00, real=0.06 secs] 
4303.758: [GC (Allocation Failure) [PSYoungGen: 451040K->135936K(512512K)] 714414K->501458K(1910784K), 0.0618657 secs] [Times: user=0.36 sys=0.00, real=0.06 secs] 
4304.964: [GC (Allocation Failure) [PSYoungGen: 478464K->108160K(515584K)] 843986K->609163K(1913856K), 0.0573365 secs] [Times: user=0.34 sys=0.00, real=0.06 secs] 
4306.294: [GC (Allocation Failure) [PSYoungGen: 450688K->139680K(520192K)] 951691K->738631K(1918464K), 0.0613470 secs] [Times: user=0.37 sys=0.00, real=0.06 secs] 
4307.017: [GC (Allocation Failure) [PSYoungGen: 491424K->109248K(524288K)] 1090375K->847799K(1922560K), 0.0577966 secs] [Times: user=0.34 sys=0.00, real=0.06 secs] 
4308.709: [GC (Allocation Failure) [PSYoungGen: 460992K->139168K(522240K)] 1199543K->976468K(1920512K), 0.0618561 secs] [Times: user=0.37 sys=0.00, real=0.07 secs] 
4310.212: [GC (Allocation Failure) [PSYoungGen: 493472K->112992K(525824K)] 1330772K->1089420K(1924096K), 0.0598220 secs] [Times: user=0.36 sys=0.00, real=0.06 secs] 
4311.598: [GC (Allocation Failure) [PSYoungGen: 467296K->135360K(524288K)] 1443724K->1214113K(1922560K), 0.0625321 secs] [Times: user=0.37 sys=0.00, real=0.07 secs] 
4312.988: [GC (Allocation Failure) [PSYoungGen: 492736K->119040K(526336K)] 1571489K->1333129K(1924608K), 0.0593956 secs] [Times: user=0.35 sys=0.00, real=0.06 secs] 
4313.048: [Full GC (Ergonomics) [PSYoungGen: 119040K->0K(526336K)] [ParOldGen: 1214089K->134572K(1398272K)] 1333129K->134572K(1924608K), [Metaspace: 60417K->60417K(1105920K)], 0.3113838 secs] [Times: user=1.44 sys=0.00, real=0.31 secs] 
4314.636: [GC (Allocation Failure) [PSYoungGen: 357376K->129888K(527360K)] 491948K->264460K(1925632K), 0.0479711 secs] [Times: user=0.28 sys=0.00, real=0.05 secs] 
4315.345: [GC (Allocation Failure) [PSYoungGen: 493408K->133344K(526848K)] 627980K->397860K(1925120K), 0.0664553 secs] [Times: user=0.39 sys=0.00, real=0.07 secs] 
4316.757: [GC (Allocation Failure) [PSYoungGen: 496864K->3904K(503296K)] 761380K->268492K(1901568K), 0.0023598 secs] [Times: user=0.01 sys=0.00, real=0.00 secs] 
4317.731: [GC (Allocation Failure) [PSYoungGen: 343360K->134656K(474624K)] 607948K->401121K(1872896K), 0.0277789 secs] [Times: user=0.16 sys=0.00, real=0.02 secs] 
4319.054: [GC (Allocation Failure) [PSYoungGen: 474112K->113536K(523264K)] 740577K->505477K(1921536K), 0.0643817 secs] [Times: user=0.38 sys=0.00, real=0.06 secs] 
4320.990: [GC (Allocation Failure) [PSYoungGen: 455040K->128288K(470016K)] 846981K->632050K(1868288K), 0.0534092 secs] [Times: user=0.31 sys=0.00, real=0.06 secs] 
4322.364: [GC (Allocation Failure) [PSYoungGen: 469792K->118784K(521216K)] 973554K->741274K(1919488K), 0.0641701 secs] [Times: user=0.38 sys=0.00, real=0.06 secs] 
4323.288: [GC (Allocation Failure) [PSYoungGen: 464896K->128864K(516608K)] 1087386K->870122K(1914880K), 0.0584903 secs] [Times: user=0.35 sys=0.00, real=0.06 secs] 
4324.706: [GC (Allocation Failure) [PSYoungGen: 474976K->1120K(500736K)] 1216234K->742394K(1899008K), 0.0025817 secs] [Times: user=0.01 sys=0.00, real=0.00 secs] 
4326.154: [GC (Allocation Failure) [PSYoungGen: 331360K->119584K(514560K)] 1072634K->861439K(1912832K), 0.0249613 secs] [Times: user=0.14 sys=0.00, real=0.02 secs] 
4327.523: [GC (Allocation Failure) [PSYoungGen: 449824K->127744K(513536K)] 1191679K->979099K(1911808K), 0.0629920 secs] [Times: user=0.38 sys=0.00, real=0.06 secs] 
4329.411: [GC (Allocation Failure) [PSYoungGen: 460032K->104384K(436736K)] 1311387K->1083451K(1835008K), 0.0559785 secs] [Times: user=0.33 sys=0.00, real=0.05 secs] 
4330.600: [GC (Allocation Failure) [PSYoungGen: 432873K->175584K(412672K)] 1411941K->1253904K(1810944K), 0.0694425 secs] [Times: user=0.41 sys=0.00, real=0.06 secs] 
4331.196: [GC (Allocation Failure) [PSYoungGen: 412640K->54816K(292352K)] 1490960K->1272064K(1690624K), 0.0546829 secs] [Times: user=0.32 sys=0.00, real=0.06 secs] 
4331.250: [Full GC (Ergonomics) [PSYoungGen: 54816K->0K(292352K)] [ParOldGen: 1217248K->69434K(1398272K)] 1272064K->69434K(1690624K), [Metaspace: 60419K->60419K(1105920K)], 0.1693412 secs] [Times: user=0.73 sys=0.00, real=0.16 secs] 
4331.721: [GC (Allocation Failure) [PSYoungGen: 237056K->101024K(475648K)] 306490K->170458K(1873920K), 0.0287018 secs] [Times: user=0.17 sys=0.00, real=0.02 secs] 
4333.138: [GC (Allocation Failure) [PSYoungGen: 344736K->97248K(340992K)] 414170K->258818K(1739264K), 0.0570567 secs] [Times: user=0.34 sys=0.00, real=0.06 secs] 
4334.272: [GC (Allocation Failure) [PSYoungGen: 340960K->67936K(462336K)] 502530K->326314K(1860608K), 0.0433993 secs] [Times: user=0.25 sys=0.00, real=0.04 secs] 
4334.635: [GC (Allocation Failure) [PSYoungGen: 314208K->108352K(459776K)] 572586K->425227K(1858048K), 0.0394475 secs] [Times: user=0.23 sys=0.00, real=0.04 secs] 
4335.799: [GC (Allocation Failure) [PSYoungGen: 354624K->80640K(477184K)] 671499K->497595K(1875456K), 0.0533904 secs] [Times: user=0.32 sys=0.00, real=0.06 secs] 
4336.712: [GC (Allocation Failure) [PSYoungGen: 350551K->93312K(472576K)] 767506K->590811K(1870848K), 0.0422124 secs] [Times: user=0.25 sys=0.00, real=0.04 secs] 
4337.075: [GC (Allocation Failure) [PSYoungGen: 367232K->117088K(493568K)] 864731K->701804K(1891840K), 0.0518711 secs] [Times: user=0.30 sys=0.00, real=0.05 secs] 
4338.498: [GC (Allocation Failure) [PSYoungGen: 418656K->83072K(488960K)] 1003372K->783860K(1887232K), 0.0602978 secs] [Times: user=0.35 sys=0.00, real=0.06 secs] 
4338.938: [GC (Allocation Failure) [PSYoungGen: 384640K->136352K(498688K)] 1085428K->915237K(1896960K), 0.0464436 secs] [Times: user=0.27 sys=0.00, real=0.05 secs] 
4340.693: [GC (Allocation Failure) [PSYoungGen: 451744K->92352K(502784K)] 1230629K->990981K(1901056K), 0.1141005 secs] [Times: user=0.67 sys=0.01, real=0.11 secs] 
4342.309: [GC (Allocation Failure) [PSYoungGen: 407744K->127744K(509952K)] 1306373K->1115338K(1908224K), 0.0473770 secs] [Times: user=0.28 sys=0.00, real=0.05 secs] 
4343.624: [GC (Allocation Failure) [PSYoungGen: 455424K->109856K(437760K)] 1443018K->1215546K(1836032K), 0.0621648 secs] [Times: user=0.37 sys=0.00, real=0.06 secs] 
4345.188: [GC (Allocation Failure) [PSYoungGen: 437536K->121312K(510976K)] 1543226K->1335533K(1909248K), 0.0523766 secs] [Times: user=0.31 sys=0.00, real=0.05 secs] 
4347.053: [GC (Allocation Failure) [PSYoungGen: 456672K->125632K(509440K)] 1670893K->1451689K(1907712K), 0.0631231 secs] [Times: user=0.38 sys=0.00, real=0.06 secs] 
4347.116: [Full GC (Ergonomics) [PSYoungGen: 125632K->0K(509440K)] [ParOldGen: 1326057K->251501K(1398272K)] 1451689K->251501K(1907712K), [Metaspace: 60419K->60419K(1105920K)], 0.5359147 secs] [Times: user=2.36 sys=0.00, real=0.54 secs] 
4349.266: [GC (Allocation Failure) [PSYoungGen: 335360K->109344K(514560K)] 586861K->360845K(1912832K), 0.0227221 secs] [Times: user=0.13 sys=0.00, real=0.02 secs] 
4350.642: [GC (Allocation Failure) [PSYoungGen: 460576K->138944K(518656K)] 712077K->489209K(1916928K), 0.0613429 secs] [Times: user=0.36 sys=0.00, real=0.06 secs] 
4352.915: [GC (Allocation Failure) [PSYoungGen: 490176K->112192K(525312K)] 840441K->600926K(1923584K), 0.0586651 secs] [Times: user=0.35 sys=0.00, real=0.06 secs] 
4354.360: [GC (Allocation Failure) [PSYoungGen: 471104K->136128K(525824K)] 959838K->726589K(1924096K), 0.0620788 secs] [Times: user=0.37 sys=0.00, real=0.07 secs] 
4355.217: [GC (Allocation Failure) [PSYoungGen: 495040K->130272K(528896K)] 1085501K->856597K(1927168K), 0.0594729 secs] [Times: user=0.35 sys=0.00, real=0.06 secs] 
4356.603: [GC (Allocation Failure) [PSYoungGen: 489184K->126400K(485376K)] 1215509K->964185K(1883648K), 0.0628632 secs] [Times: user=0.37 sys=0.00, real=0.06 secs] 
4358.483: [GC (Allocation Failure) [PSYoungGen: 485312K->129376K(527872K)] 1323097K->1093074K(1926144K), 0.0578453 secs] [Times: user=0.33 sys=0.01, real=0.06 secs] 
4359.911: [GC (Allocation Failure) [PSYoungGen: 489312K->2976K(363008K)] 1453010K->966746K(1761280K), 0.0036717 secs] [Times: user=0.02 sys=0.00, real=0.00 secs] 
4361.244: [GC (Allocation Failure) [PSYoungGen: 362912K->136160K(510464K)] 1326682K->1102006K(1908736K), 0.0321458 secs] [Times: user=0.19 sys=0.01, real=0.03 secs] 
4363.483: [GC (Allocation Failure) [PSYoungGen: 464352K->111680K(440320K)] 1430198K->1204774K(1838592K), 0.0649677 secs] [Times: user=0.38 sys=0.00, real=0.06 secs] 
4365.006: [GC (Allocation Failure) [PSYoungGen: 439872K->119712K(512512K)] 1532966K->1323507K(1910784K), 0.0532504 secs] [Times: user=0.31 sys=0.00, real=0.05 secs] 
4365.059: [Full GC (Ergonomics) [PSYoungGen: 119712K->0K(512512K)] [ParOldGen: 1203795K->134793K(1398272K)] 1323507K->134793K(1910784K), [Metaspace: 60419K->60419K(1105920K)], 0.3055707 secs] [Times: user=1.39 sys=0.00, real=0.31 secs] 
4366.605: [GC (Allocation Failure) [PSYoungGen: 334336K->128480K(509440K)] 469129K->263273K(1907712K), 0.0467663 secs] [Times: user=0.28 sys=0.00, real=0.05 secs] 
4368.115: [GC (Allocation Failure) [PSYoungGen: 462816K->108096K(517120K)] 597609K->371093K(1915392K), 0.0647372 secs] [Times: user=0.38 sys=0.00, real=0.06 secs] 
4369.468: [GC (Allocation Failure) [PSYoungGen: 457280K->140832K(518656K)] 720277K->500586K(1916928K), 0.0609068 secs] [Times: user=0.36 sys=0.00, real=0.06 secs] 
4370.375: [GC (Allocation Failure) [PSYoungGen: 490016K->111808K(523776K)] 849770K->612362K(1922048K), 0.0586041 secs] [Times: user=0.35 sys=0.00, real=0.06 secs] 
4371.736: [GC (Allocation Failure) [PSYoungGen: 467136K->136128K(524288K)] 967690K->738171K(1922560K), 0.0617195 secs] [Times: user=0.37 sys=0.00, real=0.06 secs] 
4373.032: [GC (Allocation Failure) [PSYoungGen: 491456K->118176K(522240K)] 1093499K->856331K(1920512K), 0.0586311 secs] [Times: user=0.35 sys=0.00, real=0.06 secs] 
4374.420: [GC (Allocation Failure) [PSYoungGen: 476576K->129760K(524800K)] 1214731K->975963K(1923072K), 0.0625566 secs] [Times: user=0.37 sys=0.00, real=0.07 secs] 
4375.969: [GC (Allocation Failure) [PSYoungGen: 488160K->125344K(527360K)] 1334363K->1101243K(1925632K), 0.0582907 secs] [Times: user=0.35 sys=0.00, real=0.06 secs] 
4377.394: [GC (Allocation Failure) [PSYoungGen: 491424K->2864K(369152K)] 1467323K->978855K(1767424K), 0.0032146 secs] [Times: user=0.01 sys=0.00, real=0.00 secs] 
4378.095: [GC (Allocation Failure) [PSYoungGen: 368944K->144352K(506368K)] 1344935K->1121884K(1904640K), 0.0294511 secs] [Times: user=0.17 sys=0.00, real=0.03 secs] 
4379.464: [GC (Allocation Failure) [PSYoungGen: 471520K->105120K(513024K)] 1449052K->1218124K(1911296K), 0.0675574 secs] [Times: user=0.41 sys=0.00, real=0.07 secs] 
4381.098: [GC (Allocation Failure) [PSYoungGen: 432288K->125728K(510976K)] 1545292K->1342145K(1909248K), 0.0515726 secs] [Times: user=0.30 sys=0.00, real=0.05 secs] 
4381.149: [Full GC (Ergonomics) [PSYoungGen: 125728K->0K(510976K)] [ParOldGen: 1216417K->141561K(1398272K)] 1342145K->141561K(1909248K), [Metaspace: 60419K->60419K(1105920K)], 0.3328421 secs] [Times: user=1.54 sys=0.00, real=0.34 secs] 
4382.726: [GC (Allocation Failure) [PSYoungGen: 333824K->121344K(512000K)] 475385K->262905K(1910272K), 0.0422706 secs] [Times: user=0.25 sys=0.01, real=0.04 secs] 
4384.091: [GC (Allocation Failure) [PSYoungGen: 455168K->113600K(510464K)] 596729K->376153K(1908736K), 0.0581493 secs] [Times: user=0.34 sys=0.00, real=0.05 secs] 
4385.423: [GC (Allocation Failure) [PSYoungGen: 459200K->134240K(514560K)] 721753K->499886K(1912832K), 0.0613079 secs] [Times: user=0.36 sys=0.00, real=0.06 secs] 
4386.092: [GC (Allocation Failure) [PSYoungGen: 479840K->114368K(521728K)] 845486K->614190K(1920000K), 0.0577108 secs] [Times: user=0.34 sys=0.00, real=0.06 secs] 
4387.445: [GC (Allocation Failure) [PSYoungGen: 473280K->133952K(524800K)] 973102K->737858K(1923072K), 0.0615712 secs] [Times: user=0.37 sys=0.00, real=0.06 secs] 
4389.377: [GC (Allocation Failure) [PSYoungGen: 492864K->119680K(526848K)] 1096770K->857071K(1925120K), 0.0576061 secs] [Times: user=0.34 sys=0.00, real=0.06 secs] 
4390.777: [GC (Allocation Failure) [PSYoungGen: 484736K->128960K(528896K)] 1222127K->975483K(1927168K), 0.0627469 secs] [Times: user=0.37 sys=0.00, real=0.06 secs] 
4391.897: [GC (Allocation Failure) [PSYoungGen: 494016K->133792K(533504K)] 1340539K->1108819K(1931776K), 0.0584462 secs] [Times: user=0.35 sys=0.00, real=0.06 secs] 
4393.276: [GC (Allocation Failure) [PSYoungGen: 503968K->7392K(377856K)] 1478995K->982459K(1776128K), 0.0046100 secs] [Times: user=0.02 sys=0.00, real=0.01 secs] 
4394.072: [GC (Allocation Failure) [PSYoungGen: 377568K->150752K(502272K)] 1352635K->1131772K(1900544K), 0.0319225 secs] [Times: user=0.19 sys=0.00, real=0.03 secs] 
4395.443: [GC (Allocation Failure) [PSYoungGen: 473824K->99744K(510976K)] 1454844K->1222644K(1909248K), 0.0832264 secs] [Times: user=0.49 sys=0.00, real=0.08 secs] 
4397.475: [GC (Allocation Failure) [PSYoungGen: 422816K->127712K(504320K)] 1545716K->1348049K(1902592K), 0.0502837 secs] [Times: user=0.29 sys=0.00, real=0.05 secs] 
4397.525: [Full GC (Ergonomics) [PSYoungGen: 127712K->0K(504320K)] [ParOldGen: 1220337K->148667K(1398272K)] 1348049K->148667K(1902592K), [Metaspace: 60419K->60419K(1105920K)], 0.3472819 secs] [Times: user=1.60 sys=0.00, real=0.35 secs] 
4399.146: [GC (Allocation Failure) [PSYoungGen: 328192K->114400K(509440K)] 476859K->263067K(1907712K), 0.0402519 secs] [Times: user=0.23 sys=0.00, real=0.04 secs] 
4400.427: [GC (Allocation Failure) [PSYoungGen: 442592K->117152K(509440K)] 591259K->379851K(1907712K), 0.0560530 secs] [Times: user=0.33 sys=0.00, real=0.06 secs] 
4401.786: [GC (Allocation Failure) [PSYoungGen: 459680K->130848K(513024K)] 722379K->500435K(1911296K), 0.0620996 secs] [Times: user=0.37 sys=0.00, real=0.06 secs] 
4402.731: [GC (Allocation Failure) [PSYoungGen: 473376K->113248K(518656K)] 842963K->613604K(1916928K), 0.0565808 secs] [Times: user=0.33 sys=0.00, real=0.05 secs] 
4404.116: [GC (Allocation Failure) [PSYoungGen: 470624K->135360K(523264K)] 970980K->738348K(1921536K), 0.0618030 secs] [Times: user=0.37 sys=0.00, real=0.06 secs] 
4406.017: [GC (Allocation Failure) [PSYoungGen: 492736K->121088K(528384K)] 1095724K->858972K(1926656K), 0.0586508 secs] [Times: user=0.34 sys=0.00, real=0.06 secs] 
4407.415: [GC (Allocation Failure) [PSYoungGen: 485632K->352K(365056K)] 1223516K->738300K(1763328K), 0.0039488 secs] [Times: user=0.02 sys=0.00, real=0.00 secs] 
4408.060: [GC (Allocation Failure) [PSYoungGen: 364896K->138496K(508928K)] 1102844K->876460K(1907200K), 0.0284009 secs] [Times: user=0.17 sys=0.00, real=0.03 secs] 
4409.706: [GC (Allocation Failure) [PSYoungGen: 467712K->2048K(331776K)] 1205676K->740036K(1730048K), 0.0042060 secs] [Times: user=0.02 sys=0.00, real=0.01 secs] 
4411.004: [GC (Allocation Failure) [PSYoungGen: 331264K->121216K(504832K)] 1069252K->859793K(1903104K), 0.0253594 secs] [Times: user=0.14 sys=0.00, real=0.02 secs] 
4412.241: [GC (Allocation Failure) [PSYoungGen: 430976K->125984K(503808K)] 1169553K->976241K(1902080K), 0.0628118 secs] [Times: user=0.37 sys=0.00, real=0.06 secs] 
4413.926: [GC (Allocation Failure) [PSYoungGen: 435744K->89568K(492544K)] 1286001K->1065337K(1890816K), 0.0536683 secs] [Times: user=0.32 sys=0.00, real=0.05 secs] 
4414.428: [GC (Allocation Failure) [PSYoungGen: 400352K->135808K(498176K)] 1376121K->1195722K(1896448K), 0.0541417 secs] [Times: user=0.31 sys=0.00, real=0.06 secs] 
4416.041: [GC (Allocation Failure) [PSYoungGen: 446592K->79776K(506368K)] 1506506K->1275386K(1904640K), 0.0762735 secs] [Times: user=0.45 sys=0.00, real=0.07 secs] 
4416.118: [Full GC (Ergonomics) [PSYoungGen: 79776K->0K(506368K)] [ParOldGen: 1195610K->75510K(1398272K)] 1275386K->75510K(1904640K), [Metaspace: 60419K->60419K(1105920K)], 0.1673161 secs] [Times: user=0.73 sys=0.00, real=0.17 secs] 
4416.735: [GC (Allocation Failure) [PSYoungGen: 320000K->137920K(506880K)] 395510K->213430K(1905152K), 0.0318421 secs] [Times: user=0.18 sys=0.00, real=0.03 secs] 
4418.301: [GC (Allocation Failure) [PSYoungGen: 457920K->84512K(507392K)] 533430K->297526K(1905664K), 0.1074983 secs] [Times: user=0.63 sys=0.00, real=0.10 secs] 
4419.185: [GC (Allocation Failure) [PSYoungGen: 405024K->134816K(507392K)] 618038K->427795K(1905664K), 0.0479184 secs] [Times: user=0.29 sys=0.00, real=0.05 secs] 
4421.062: [GC (Allocation Failure) [PSYoungGen: 455328K->97696K(501760K)] 748307K->516271K(1900032K), 0.0886191 secs] [Times: user=0.52 sys=0.00, real=0.09 secs] 
4422.252: [GC (Allocation Failure) [PSYoungGen: 419744K->130592K(505344K)] 838319K->643672K(1903616K), 0.0485467 secs] [Times: user=0.29 sys=0.00, real=0.05 secs] 
4423.553: [GC (Allocation Failure) [PSYoungGen: 452640K->104960K(502784K)] 965720K->739244K(1901056K), 0.0636283 secs] [Times: user=0.38 sys=0.00, real=0.06 secs] 
4424.213: [GC (Allocation Failure) [PSYoungGen: 435712K->136576K(508416K)] 1069996K->874989K(1906688K), 0.0522738 secs] [Times: user=0.31 sys=0.00, real=0.05 secs] 
4425.968: [GC (Allocation Failure) [PSYoungGen: 467328K->117408K(515584K)] 1205741K->975381K(1913856K), 0.0643514 secs] [Times: user=0.38 sys=0.00, real=0.07 secs] 
4427.923: [GC (Allocation Failure) [PSYoungGen: 457376K->126144K(516608K)] 1315349K->1101485K(1914880K), 0.0552539 secs] [Times: user=0.33 sys=0.00, real=0.05 secs] 
4429.354: [GC (Allocation Failure) [PSYoungGen: 466112K->130336K(522240K)] 1441453K->1212970K(1920512K), 0.0630272 secs] [Times: user=0.38 sys=0.00, real=0.06 secs] 
4430.323: [GC (Allocation Failure) [PSYoungGen: 476960K->114400K(461312K)] 1559594K->1327306K(1859584K), 0.0573911 secs] [Times: user=0.33 sys=0.00, real=0.06 secs] 
4430.380: [Full GC (Ergonomics) [PSYoungGen: 114400K->0K(461312K)] [ParOldGen: 1212906K->128940K(1398272K)] 1327306K->128940K(1859584K), [Metaspace: 60419K->60419K(1105920K)], 0.2989416 secs] [Times: user=1.38 sys=0.00, real=0.29 secs] 
4431.939: [GC (Allocation Failure) [PSYoungGen: 346624K->134048K(515072K)] 475564K->262988K(1913344K), 0.0496074 secs] [Times: user=0.29 sys=0.00, real=0.05 secs] 
4432.699: [GC (Allocation Failure) [PSYoungGen: 479648K->114560K(517120K)] 608588K->377588K(1915392K), 0.0690110 secs] [Times: user=0.41 sys=0.00, real=0.07 secs] 
4434.051: [GC (Allocation Failure) [PSYoungGen: 460160K->133984K(522752K)] 723188K->501185K(1921024K), 0.0616744 secs] [Times: user=0.37 sys=0.00, real=0.06 secs] 
4435.779: [GC (Allocation Failure) [PSYoungGen: 490336K->116096K(524288K)] 857537K->616461K(1922560K), 0.0576137 secs] [Times: user=0.34 sys=0.00, real=0.06 secs] 
4437.163: [GC (Allocation Failure) [PSYoungGen: 472448K->132608K(526848K)] 972813K->738538K(1925120K), 0.0626296 secs] [Times: user=0.38 sys=0.00, real=0.06 secs] 
4438.477: [GC (Allocation Failure) [PSYoungGen: 496128K->126656K(527872K)] 1102058K->864766K(1926144K), 0.0589295 secs] [Times: user=0.34 sys=0.00, real=0.06 secs] 
4439.878: [GC (Allocation Failure) [PSYoungGen: 490176K->2272K(504832K)] 1228286K->740414K(1903104K), 0.0043917 secs] [Times: user=0.03 sys=0.00, real=0.01 secs] 
4440.512: [GC (Allocation Failure) [PSYoungGen: 344800K->129120K(472064K)] 1082942K->868083K(1870336K), 0.0269972 secs] [Times: user=0.16 sys=0.00, real=0.02 secs] 
4441.848: [GC (Allocation Failure) [PSYoungGen: 471648K->320K(495616K)] 1210611K->739491K(1893888K), 0.0032292 secs] [Times: user=0.01 sys=0.00, real=0.01 secs] 
4443.312: [GC (Allocation Failure) [PSYoungGen: 317248K->112448K(507904K)] 1056419K->851643K(1906176K), 0.0240009 secs] [Times: user=0.14 sys=0.00, real=0.02 secs] 
4444.573: [GC (Allocation Failure) [PSYoungGen: 429376K->135808K(503296K)] 1168571K->976516K(1901568K), 0.0627675 secs] [Times: user=0.37 sys=0.00, real=0.06 secs] 
4445.745: [GC (Allocation Failure) [PSYoungGen: 452736K->90176K(407552K)] 1293444K->1066644K(1805824K), 0.0576741 secs] [Times: user=0.34 sys=0.00, real=0.06 secs] 
4446.183: [GC (Allocation Failure) [PSYoungGen: 407104K->136224K(502272K)] 1383572K->1197280K(1900544K), 0.0548321 secs] [Times: user=0.32 sys=0.00, real=0.05 secs] 
4447.750: [GC (Allocation Failure) [PSYoungGen: 453664K->84736K(506368K)] 1514720K->1281641K(1904640K), 0.0671936 secs] [Times: user=0.39 sys=0.00, real=0.07 secs] 
4447.817: [Full GC (Ergonomics) [PSYoungGen: 84736K->0K(506368K)] [ParOldGen: 1196904K->81812K(1398272K)] 1281641K->81812K(1904640K), [Metaspace: 60419K->60419K(1105920K)], 0.1810938 secs] [Times: user=0.79 sys=0.00, real=0.18 secs] 
4448.410: [GC (Allocation Failure) [PSYoungGen: 317440K->138496K(504832K)] 399252K->220308K(1903104K), 0.0314866 secs] [Times: user=0.19 sys=0.00, real=0.04 secs] 
4450.815: [GC (Allocation Failure) [PSYoungGen: 459008K->81856K(509440K)] 540820K->301740K(1907712K), 0.1085563 secs] [Times: user=0.64 sys=0.00, real=0.11 secs] 
4451.393: [GC (Allocation Failure) [PSYoungGen: 402368K->136064K(506368K)] 622252K->434137K(1904640K), 0.0454502 secs] [Times: user=0.27 sys=0.00, real=0.04 secs] 
4453.180: [GC (Allocation Failure) [PSYoungGen: 457088K->93920K(415232K)] 755161K->519517K(1813504K), 0.1316975 secs] [Times: user=0.78 sys=0.00, real=0.13 secs] 
4454.202: [GC (Allocation Failure) [PSYoungGen: 414944K->131680K(506368K)] 840541K->648918K(1904640K), 0.0481952 secs] [Times: user=0.28 sys=0.00, real=0.05 secs] 
4455.495: [GC (Allocation Failure) [PSYoungGen: 454752K->101632K(507904K)] 971990K->741398K(1906176K), 0.0617095 secs] [Times: user=0.36 sys=0.00, real=0.06 secs] 
4456.421: [GC (Allocation Failure) [PSYoungGen: 424704K->127680K(509440K)] 1064470K->867613K(1907712K), 0.0503904 secs] [Times: user=0.29 sys=0.01, real=0.05 secs] 
4457.755: [GC (Allocation Failure) [PSYoungGen: 458432K->117568K(509440K)] 1198365K->975645K(1907712K), 0.0632535 secs] [Times: user=0.38 sys=0.00, real=0.06 secs] 
4459.563: [GC (Allocation Failure) [PSYoungGen: 448320K->114720K(514048K)] 1306397K->1090333K(1912320K), 0.0543502 secs] [Times: user=0.32 sys=0.00, real=0.05 secs] 
4460.912: [GC (Allocation Failure) [PSYoungGen: 460320K->133952K(515072K)] 1435933K->1213250K(1913344K), 0.0621964 secs] [Times: user=0.37 sys=0.00, real=0.06 secs] 
4462.238: [GC (Allocation Failure) [PSYoungGen: 479552K->112800K(520704K)] 1558850K->1325858K(1918976K), 0.0585514 secs] [Times: user=0.35 sys=0.00, real=0.06 secs] 
4462.296: [Full GC (Ergonomics) [PSYoungGen: 112800K->0K(520704K)] [ParOldGen: 1213058K->127365K(1398272K)] 1325858K->127365K(1918976K), [Metaspace: 60423K->60423K(1105920K)], 0.2909544 secs] [Times: user=1.32 sys=0.01, real=0.29 secs] 
4465.008: [GC (Allocation Failure) [PSYoungGen: 357376K->135488K(523776K)] 484741K->262853K(1922048K), 0.0504008 secs] [Times: user=0.27 sys=0.00, real=0.05 secs] 
4466.367: [GC (Allocation Failure) [PSYoungGen: 492864K->118464K(526336K)] 620229K->381397K(1924608K), 0.0695886 secs] [Times: user=0.41 sys=0.00, real=0.07 secs] 
4467.788: [GC (Allocation Failure) [PSYoungGen: 481472K->130112K(527872K)] 744405K->500609K(1926144K), 0.0621433 secs] [Times: user=0.36 sys=0.00, real=0.07 secs] 
4468.919: [GC (Allocation Failure) [PSYoungGen: 493120K->135200K(530432K)] 863617K->635737K(1928704K), 0.0584077 secs] [Times: user=0.34 sys=0.00, real=0.06 secs] 
4470.468: [GC (Allocation Failure) [PSYoungGen: 500256K->5536K(370688K)] 1000793K->506118K(1768960K), 0.0025755 secs] [Times: user=0.01 sys=0.00, real=0.01 secs] 
4471.226: [GC (Allocation Failure) [PSYoungGen: 370592K->147520K(502784K)] 871174K->652794K(1901056K), 0.0304875 secs] [Times: user=0.17 sys=0.00, real=0.03 secs] 
4472.874: [GC (Allocation Failure) [PSYoungGen: 468544K->99104K(509952K)] 973818K->743442K(1908224K), 0.0663501 secs] [Times: user=0.39 sys=0.00, real=0.06 secs] 
4473.812: [GC (Allocation Failure) [PSYoungGen: 420128K->125728K(505344K)] 1064466K->867519K(1903616K), 0.0495341 secs] [Times: user=0.29 sys=0.00, real=0.05 secs] 
4475.131: [GC (Allocation Failure) [PSYoungGen: 452384K->121184K(508416K)] 1194175K->978975K(1906688K), 0.0626104 secs] [Times: user=0.37 sys=0.00, real=0.06 secs] 
4476.852: [GC (Allocation Failure) [PSYoungGen: 447840K->107840K(506368K)] 1305631K->1086395K(1904640K), 0.0543899 secs] [Times: user=0.32 sys=0.01, real=0.05 secs] 
4478.255: [GC (Allocation Failure) [PSYoungGen: 446784K->140544K(511488K)] 1425339K->1216232K(1909760K), 0.0612885 secs] [Times: user=0.36 sys=0.00, real=0.06 secs] 
4479.001: [GC (Allocation Failure) [PSYoungGen: 479488K->102752K(522240K)] 1555176K->1318952K(1920512K), 0.0580521 secs] [Times: user=0.34 sys=0.00, real=0.05 secs] 
4479.059: [Full GC (Ergonomics) [PSYoungGen: 102752K->0K(522240K)] [ParOldGen: 1216200K->117365K(1398272K)] 1318952K->117365K(1920512K), [Metaspace: 60423K->60423K(1105920K)], 0.2650667 secs] [Times: user=1.18 sys=0.01, real=0.27 secs] 
4480.522: [GC (Allocation Failure) [PSYoungGen: 348238K->173024K(521728K)] 465604K->299525K(1920000K), 0.0555340 secs] [Times: user=0.33 sys=0.00, real=0.05 secs] 
4481.496: [GC (Allocation Failure) [PSYoungGen: 521696K->101856K(499200K)] 648197K->364949K(1897472K), 0.0696356 secs] [Times: user=0.42 sys=0.00, real=0.07 secs] 
4481.965: [GC (Allocation Failure) [PSYoungGen: 423904K->144128K(466432K)] 686997K->499490K(1864704K), 0.0574262 secs] [Times: user=0.34 sys=0.00, real=0.06 secs] 
4484.250: [GC (Allocation Failure) [PSYoungGen: 466176K->83328K(508416K)] 821538K->582394K(1906688K), 0.0612857 secs] [Times: user=0.36 sys=0.00, real=0.06 secs] 
4484.737: [GC (Allocation Failure) [PSYoungGen: 400768K->137536K(507904K)] 899834K->714367K(1906176K), 0.0524687 secs] [Times: user=0.31 sys=0.00, real=0.05 secs] 
4486.352: [GC (Allocation Failure) [PSYoungGen: 454976K->83456K(506880K)] 1031807K->797295K(1905152K), 0.1152008 secs] [Times: user=0.69 sys=0.00, real=0.11 secs] 
4487.176: [GC (Allocation Failure) [PSYoungGen: 385111K->130496K(507392K)] 1098951K->922309K(1905664K), 0.0469602 secs] [Times: user=0.27 sys=0.00, real=0.05 secs] 
4489.111: [GC (Allocation Failure) [PSYoungGen: 448448K->93088K(505856K)] 1240261K->1007013K(1904128K), 0.0798409 secs] [Times: user=0.47 sys=0.00, real=0.08 secs] 
4490.238: [GC (Allocation Failure) [PSYoungGen: 415136K->133408K(506880K)] 1329061K->1135822K(1905152K), 0.0466837 secs] [Times: user=0.27 sys=0.00, real=0.05 secs] 
4491.668: [GC (Allocation Failure) [PSYoungGen: 455456K->100192K(505856K)] 1457870K->1226758K(1904128K), 0.0705073 secs] [Times: user=0.42 sys=0.00, real=0.07 secs] 
4492.981: [GC (Allocation Failure) [PSYoungGen: 429408K->131136K(509952K)] 1555974K->1355467K(1908224K), 0.0508900 secs] [Times: user=0.30 sys=0.01, real=0.05 secs] 
4493.032: [Full GC (Ergonomics) [PSYoungGen: 131136K->0K(509952K)] [ParOldGen: 1224331K->153307K(1398272K)] 1355467K->153307K(1908224K), [Metaspace: 60442K->60442K(1105920K)], 0.3663256 secs] [Times: user=1.69 sys=0.00, real=0.36 secs] 
4494.639: [GC (Allocation Failure) [PSYoungGen: 329216K->111392K(506368K)] 482523K->264699K(1904640K), 0.0396298 secs] [Times: user=0.23 sys=0.00, real=0.04 secs] 
4495.246: [GC (Allocation Failure) [PSYoungGen: 449312K->129152K(512512K)] 602619K->392672K(1910784K), 0.0545789 secs] [Times: user=0.32 sys=0.00, real=0.06 secs] 
4496.681: [GC (Allocation Failure) [PSYoungGen: 467072K->117888K(513024K)] 730592K->501392K(1911296K), 0.0626228 secs] [Times: user=0.37 sys=0.00, real=0.06 secs] 
4498.209: [GC (Allocation Failure) [PSYoungGen: 468608K->125696K(519168K)] 852112K->626656K(1917440K), 0.0547485 secs] [Times: user=0.32 sys=0.00, real=0.06 secs] 
4499.624: [GC (Allocation Failure) [PSYoungGen: 476416K->122464K(521216K)] 977376K->738649K(1919488K), 0.0631043 secs] [Times: user=0.38 sys=0.00, real=0.06 secs] 
4500.807: [GC (Allocation Failure) [PSYoungGen: 486496K->134272K(526848K)] 1102681K->872465K(1925120K), 0.0570040 secs] [Times: user=0.34 sys=0.00, real=0.06 secs] 
4502.188: [GC (Allocation Failure) [PSYoungGen: 498304K->4416K(503808K)] 1236497K->742657K(1902080K), 0.0037991 secs] [Times: user=0.02 sys=0.00, real=0.01 secs] 
4502.845: [GC (GCLocker Initiated GC) [PSYoungGen: 343872K->135840K(475648K)] 1082113K->877474K(1873920K), 0.0285619 secs] [Times: user=0.16 sys=0.00, real=0.03 secs] 
4504.465: [GC (Allocation Failure) [PSYoungGen: 475296K->111376K(523264K)] 1216931K->980283K(1921536K), 0.0658297 secs] [Times: user=0.39 sys=0.00, real=0.07 secs] 
4506.538: [GC (Allocation Failure) [PSYoungGen: 451856K->129440K(516096K)] 1320763K->1107944K(1914368K), 0.0532833 secs] [Times: user=0.31 sys=0.00, real=0.06 secs] 
4507.944: [GC (Allocation Failure) [PSYoungGen: 469920K->117984K(519168K)] 1448424K->1216240K(1917440K), 0.0642271 secs] [Times: user=0.38 sys=0.00, real=0.06 secs] 
4508.950: [GC (Allocation Failure) [PSYoungGen: 462560K->128736K(516096K)] 1560816K->1344528K(1914368K), 0.0560961 secs] [Times: user=0.33 sys=0.00, real=0.06 secs] 
4509.006: [Full GC (Ergonomics) [PSYoungGen: 128736K->0K(516096K)] [ParOldGen: 1215792K->143731K(1398272K)] 1344528K->143731K(1914368K), [Metaspace: 60450K->60450K(1105920K)], 0.3388393 secs] [Times: user=1.55 sys=0.01, real=0.34 secs] 
4511.650: [GC (Allocation Failure) [PSYoungGen: 344576K->119200K(522752K)] 488307K->262931K(1921024K), 0.0428684 secs] [Times: user=0.25 sys=0.00, real=0.04 secs] 
4512.853: [GC (GCLocker Initiated GC) [PSYoungGen: 475552K->127936K(523264K)] 619284K->390900K(1921536K), 0.0591256 secs] [Times: user=0.34 sys=0.01, real=0.06 secs] 
4514.253: [GC (Allocation Failure) [PSYoungGen: 484288K->2688K(503808K)] 747256K->265736K(1902080K), 0.0026613 secs] [Times: user=0.02 sys=0.00, real=0.00 secs] 
4515.639: [GC (GCLocker Initiated GC) [PSYoungGen: 340096K->125952K(463872K)] 603145K->389822K(1862144K), 0.0256238 secs] [Times: user=0.14 sys=0.00, real=0.03 secs] 
4517.066: [GC (Allocation Failure) [PSYoungGen: 463360K->121280K(520192K)] 727231K->501351K(1918464K), 0.0627383 secs] [Times: user=0.37 sys=0.00, real=0.06 secs] 
4517.818: [GC (Allocation Failure) [PSYoungGen: 460224K->121376K(460800K)] 840295K->622679K(1859072K), 0.0554670 secs] [Times: user=0.33 sys=0.00, real=0.06 secs] 
4519.228: [GC (Allocation Failure) [PSYoungGen: 460320K->126848K(516096K)] 961623K->739148K(1914368K), 0.0634754 secs] [Times: user=0.37 sys=0.00, real=0.07 secs] 
4520.561: [GC (Allocation Failure) [PSYoungGen: 466304K->113568K(515584K)] 1078604K->852284K(1913856K), 0.0559751 secs] [Times: user=0.33 sys=0.00, real=0.05 secs] 
4521.898: [GC (Allocation Failure) [PSYoungGen: 453024K->134624K(514048K)] 1191740K->976745K(1912320K), 0.0621232 secs] [Times: user=0.37 sys=0.00, real=0.06 secs] 
4523.723: [GC (Allocation Failure) [PSYoungGen: 478176K->107200K(516608K)] 1320297K->1083449K(1914880K), 0.0571556 secs] [Times: user=0.33 sys=0.00, real=0.05 secs] 
4525.066: [GC (Allocation Failure) [PSYoungGen: 450752K->140992K(519168K)] 1427001K->1213882K(1917440K), 0.0620325 secs] [Times: user=0.37 sys=0.00, real=0.06 secs] 
4526.125: [GC (GCLocker Initiated GC) [PSYoungGen: 491712K->107552K(523776K)] 1564602K->1321394K(1922048K), 0.0592945 secs] [Times: user=0.35 sys=0.00, real=0.06 secs] 
4526.184: [Full GC (Ergonomics) [PSYoungGen: 107552K->0K(523776K)] [ParOldGen: 1213842K->122154K(1398272K)] 1321394K->122154K(1922048K), [Metaspace: 60450K->60450K(1105920K)], 0.2802636 secs] [Times: user=1.27 sys=0.00, real=0.28 secs] 
4527.715: [GC (Allocation Failure) [PSYoungGen: 350720K->140832K(521728K)] 472875K->262987K(1920000K), 0.0516398 secs] [Times: user=0.31 sys=0.00, real=0.05 secs] 
4529.349: [GC (Allocation Failure) [PSYoungGen: 493600K->109568K(525824K)] 615755K->372216K(1924096K), 0.0706504 secs] [Times: user=0.42 sys=0.01, real=0.07 secs] 
4530.722: [GC (Allocation Failure) [PSYoungGen: 462336K->138688K(523264K)] 724984K->500263K(1921536K), 0.0609962 secs] [Times: user=0.37 sys=0.00, real=0.06 secs] 
4532.266: [GC (Allocation Failure) [PSYoungGen: 492992K->115200K(470016K)] 854567K->615407K(1868288K), 0.0586571 secs] [Times: user=0.34 sys=0.00, real=0.06 secs] 
4533.676: [GC (Allocation Failure) [PSYoungGen: 469504K->133216K(524800K)] 969711K->737803K(1923072K), 0.0622288 secs] [Times: user=0.37 sys=0.00, real=0.06 secs] 
4534.391: [GC (Allocation Failure) [PSYoungGen: 491104K->124288K(525312K)] 1095691K->862059K(1923584K), 0.0584767 secs] [Times: user=0.34 sys=0.00, real=0.05 secs] 
4535.841: [GC (Allocation Failure) [PSYoungGen: 482176K->1280K(502784K)] 1219947K->739099K(1901056K), 0.0024630 secs] [Times: user=0.01 sys=0.00, real=0.00 secs] 
4537.866: [GC (Allocation Failure) [PSYoungGen: 339712K->124000K(518656K)] 1077531K->862024K(1916928K), 0.0257939 secs] [Times: user=0.15 sys=0.00, real=0.03 secs] 
4539.184: [GC (Allocation Failure) [PSYoungGen: 462432K->124160K(514048K)] 1200456K->976164K(1912320K), 0.0633411 secs] [Times: user=0.37 sys=0.00, real=0.06 secs] 
4541.288: [GC (Allocation Failure) [PSYoungGen: 464128K->124736K(517120K)] 1316132K->1100476K(1915392K), 0.0563471 secs] [Times: user=0.33 sys=0.00, real=0.06 secs] 
4542.627: [GC (Allocation Failure) [PSYoungGen: 464704K->131072K(521216K)] 1440444K->1213217K(1919488K), 0.0624326 secs] [Times: user=0.37 sys=0.00, real=0.06 secs] 
4543.271: [GC (Allocation Failure) [PSYoungGen: 477184K->124032K(470528K)] 1559329K->1337253K(1868800K), 0.0583890 secs] [Times: user=0.34 sys=0.00, real=0.05 secs] 
4543.329: [Full GC (Ergonomics) [PSYoungGen: 124032K->0K(470528K)] [ParOldGen: 1213221K->130378K(1398272K)] 1337253K->130378K(1868800K), [Metaspace: 60452K->60452K(1105920K)], 0.3014777 secs] [Times: user=1.37 sys=0.00, real=0.31 secs] 
4544.946: [GC (Allocation Failure) [PSYoungGen: 346112K->132768K(519680K)] 476490K->263146K(1917952K), 0.0475006 secs] [Times: user=0.28 sys=0.00, real=0.05 secs] 
4546.354: [GC (Allocation Failure) [PSYoungGen: 479392K->114368K(520704K)] 609770K->377554K(1918976K), 0.0679379 secs] [Times: user=0.40 sys=0.00, real=0.07 secs] 
4547.729: [GC (Allocation Failure) [PSYoungGen: 460992K->134272K(519680K)] 724178K->501195K(1917952K), 0.0621404 secs] [Times: user=0.37 sys=0.00, real=0.07 secs] 
4548.737: [GC (Allocation Failure) [PSYoungGen: 484992K->115328K(520704K)] 851915K->616111K(1918976K), 0.0571561 secs] [Times: user=0.34 sys=0.00, real=0.06 secs] 
4550.145: [GC (Allocation Failure) [PSYoungGen: 466048K->132448K(524800K)] 966831K->738156K(1923072K), 0.0622355 secs] [Times: user=0.37 sys=0.00, real=0.06 secs] 
4551.028: [GC (Allocation Failure) [PSYoungGen: 491872K->124288K(525312K)] 1097580K->862436K(1923584K), 0.0581437 secs] [Times: user=0.35 sys=0.00, real=0.06 secs] 
4552.530: [GC (Allocation Failure) [PSYoungGen: 483712K->2432K(504320K)] 1221860K->740596K(1902592K), 0.0028490 secs] [Times: user=0.01 sys=0.00, real=0.00 secs] 
4554.459: [GC (Allocation Failure) [PSYoungGen: 343936K->124448K(520192K)] 1082100K->863201K(1918464K), 0.0257762 secs] [Times: user=0.15 sys=0.00, real=0.03 secs] 
4555.850: [GC (Allocation Failure) [PSYoungGen: 465952K->123360K(516096K)] 1204705K->976585K(1914368K), 0.0633077 secs] [Times: user=0.37 sys=0.00, real=0.07 secs] 
4557.080: [GC (Allocation Failure) [PSYoungGen: 465888K->121440K(518656K)] 1319113K->1097617K(1916928K), 0.0561138 secs] [Times: user=0.33 sys=0.00, real=0.05 secs] 
4558.437: [GC (Allocation Failure) [PSYoungGen: 463968K->127360K(522240K)] 1440145K->1213798K(1920512K), 0.0627600 secs] [Times: user=0.37 sys=0.00, real=0.06 secs] 
4559.403: [GC (Allocation Failure) [PSYoungGen: 477056K->121440K(522240K)] 1563494K->1335190K(1920512K), 0.0572382 secs] [Times: user=0.33 sys=0.00, real=0.06 secs] 
4559.460: [Full GC (Ergonomics) [PSYoungGen: 121440K->0K(522240K)] [ParOldGen: 1213750K->136014K(1398272K)] 1335190K->136014K(1920512K), [Metaspace: 60454K->60454K(1105920K)], 0.3139525 secs] [Times: user=1.44 sys=0.00, real=0.31 secs] 
4561.027: [GC (Allocation Failure) [PSYoungGen: 349696K->126880K(524288K)] 485710K->262894K(1922560K), 0.0463158 secs] [Times: user=0.27 sys=0.00, real=0.05 secs] 
4562.540: [GC (Allocation Failure) [PSYoungGen: 481696K->125440K(523264K)] 617710K->387886K(1921536K), 0.0636043 secs] [Times: user=0.38 sys=0.00, real=0.06 secs] 
4563.958: [GC (Allocation Failure) [PSYoungGen: 480256K->352K(502272K)] 742702K->262870K(1900544K), 0.0018642 secs] [Times: user=0.00 sys=0.00, real=0.00 secs] 
4565.142: [GC (Allocation Failure) [PSYoungGen: 335712K->121920K(517120K)] 598230K->384446K(1915392K), 0.0248627 secs] [Times: user=0.14 sys=0.01, real=0.02 secs] 
4567.626: [GC (Allocation Failure) [PSYoungGen: 457280K->126368K(515584K)] 719806K->500031K(1913856K), 0.0622627 secs] [Times: user=0.37 sys=0.00, real=0.06 secs] 
4568.308: [GC (Allocation Failure) [PSYoungGen: 463264K->113888K(451072K)] 836927K->613863K(1849344K), 0.0554468 secs] [Times: user=0.33 sys=0.00, real=0.06 secs] 
4569.719: [GC (Allocation Failure) [PSYoungGen: 450784K->134944K(512512K)] 950759K->738174K(1910784K), 0.0624477 secs] [Times: user=0.37 sys=0.00, real=0.07 secs] 
4571.083: [GC (Allocation Failure) [PSYoungGen: 472352K->105184K(515072K)] 1075582K->842870K(1913344K), 0.0569582 secs] [Times: user=0.34 sys=0.00, real=0.05 secs] 
4572.341: [GC (Allocation Failure) [PSYoungGen: 439781K->172512K(416768K)] 1177468K->1013043K(1815040K), 0.0727852 secs] [Times: user=0.43 sys=0.01, real=0.07 secs] 
4573.660: [GC (Allocation Failure) [PSYoungGen: 416736K->56896K(301568K)] 1257267K->1032827K(1699840K), 0.0888201 secs] [Times: user=0.53 sys=0.01, real=0.09 secs] 
4574.069: [GC (Allocation Failure) [PSYoungGen: 301120K->107296K(478208K)] 1277051K->1134140K(1876480K), 0.0378493 secs] [Times: user=0.22 sys=0.00, real=0.04 secs] 
4575.401: [GC (Allocation Failure) [PSYoungGen: 356128K->89024K(337920K)] 1382972K->1214556K(1736192K), 0.0558640 secs] [Times: user=0.33 sys=0.00, real=0.05 secs] 
4576.224: [GC (GCLocker Initiated GC) [PSYoungGen: 337856K->78400K(467968K)] 1463388K->1292660K(1866240K), 0.0442537 secs] [Times: user=0.26 sys=0.01, real=0.04 secs] 
4576.269: [Full GC (Ergonomics) [PSYoungGen: 78400K->0K(467968K)] [ParOldGen: 1214260K->93470K(1398272K)] 1292660K->93470K(1866240K), [Metaspace: 60454K->60454K(1105920K)], 0.2299800 secs] [Times: user=0.98 sys=0.00, real=0.23 secs] 
4576.864: [GC (GCLocker Initiated GC) [PSYoungGen: 252416K->109536K(464384K)] 345959K->203079K(1862656K), 0.0230377 secs] [Times: user=0.14 sys=0.00, real=0.02 secs] 
4578.038: [GC (Allocation Failure) [PSYoungGen: 361952K->72096K(476160K)] 455496K->266400K(1874432K), 0.0642683 secs] [Times: user=0.38 sys=0.01, real=0.07 secs] 
4579.774: [GC (Allocation Failure) [PSYoungGen: 345504K->106048K(474112K)] 539808K->370429K(1872384K), 0.0394468 secs] [Times: user=0.24 sys=0.00, real=0.04 secs] 
4580.156: [GC (Allocation Failure) [PSYoungGen: 379456K->124512K(488960K)] 643837K->485317K(1887232K), 0.0556698 secs] [Times: user=0.33 sys=0.00, real=0.06 secs] 
4581.925: [GC (Allocation Failure) [PSYoungGen: 421984K->73600K(486912K)] 782789K->558893K(1885184K), 0.0649874 secs] [Times: user=0.38 sys=0.00, real=0.07 secs] 
4582.369: [GC (Allocation Failure) [PSYoungGen: 371072K->128064K(505344K)] 856365K->680430K(1903616K), 0.0448547 secs] [Times: user=0.27 sys=0.00, real=0.05 secs] 
4583.931: [GC (GCLocker Initiated GC) [PSYoungGen: 446016K->94656K(505344K)] 998383K->766439K(1903616K), 0.0660280 secs] [Times: user=0.39 sys=0.00, real=0.06 secs] 
4584.731: [GC (Allocation Failure) [PSYoungGen: 412608K->133664K(503296K)] 1084428K->896405K(1901568K), 0.0473333 secs] [Times: user=0.28 sys=0.00, real=0.04 secs] 
4586.547: [GC (Allocation Failure) [PSYoungGen: 455200K->98112K(505856K)] 1217941K->985221K(1904128K), 0.1369318 secs] [Times: user=0.81 sys=0.01, real=0.14 secs] 
4588.365: [GC (Allocation Failure) [PSYoungGen: 419648K->127936K(510976K)] 1306757K->1111122K(1909248K), 0.0495272 secs] [Times: user=0.29 sys=0.00, real=0.05 secs] 
4589.721: [GC (Allocation Failure) [PSYoungGen: 460224K->113280K(511488K)] 1443410K->1214878K(1909760K), 0.0629879 secs] [Times: user=0.37 sys=0.00, real=0.06 secs] 
4590.929: [GC (Allocation Failure) [PSYoungGen: 445568K->123040K(516608K)] 1547166K->1337494K(1914880K), 0.0539906 secs] [Times: user=0.32 sys=0.00, real=0.06 secs] 
4592.469: [GC (Allocation Failure) [PSYoungGen: 466080K->125152K(514560K)] 1680534K->1452253K(1912832K), 0.0632103 secs] [Times: user=0.37 sys=0.00, real=0.07 secs] 
4592.532: [Full GC (Ergonomics) [PSYoungGen: 125152K->0K(514560K)] [ParOldGen: 1327101K->251822K(1398272K)] 1452253K->251822K(1912832K), [Metaspace: 60454K->60454K(1105920K)], 0.5371394 secs] [Times: user=2.37 sys=0.00, real=0.53 secs] 
4595.682: [GC (Allocation Failure) [PSYoungGen: 343040K->110688K(520192K)] 594862K->362510K(1918464K), 0.0228845 secs] [Times: user=0.14 sys=0.00, real=0.02 secs] 
4597.028: [GC (Allocation Failure) [PSYoungGen: 467552K->137888K(522240K)] 719374K->489403K(1920512K), 0.0618132 secs] [Times: user=0.37 sys=0.00, real=0.06 secs] 
4598.613: [GC (Allocation Failure) [PSYoungGen: 494752K->117824K(528384K)] 846267K->607199K(1926656K), 0.0581401 secs] [Times: user=0.34 sys=0.00, real=0.06 secs] 
4600.025: [GC (Allocation Failure) [PSYoungGen: 481856K->320K(364544K)] 971231K->489739K(1762816K), 0.0030690 secs] [Times: user=0.01 sys=0.00, real=0.00 secs] 
4600.671: [GC (Allocation Failure) [PSYoungGen: 364352K->137632K(509952K)] 853771K->627067K(1908224K), 0.0277072 secs] [Times: user=0.16 sys=0.00, real=0.02 secs] 
4602.457: [GC (Allocation Failure) [PSYoungGen: 467872K->832K(331264K)] 957307K->490299K(1729536K), 0.0030101 secs] [Times: user=0.02 sys=0.00, real=0.01 secs] 
4603.907: [GC (Allocation Failure) [PSYoungGen: 331072K->120992K(504832K)] 820539K->610475K(1903104K), 0.0250241 secs] [Times: user=0.14 sys=0.00, real=0.03 secs] 
4605.150: [GC (Allocation Failure) [PSYoungGen: 430752K->127872K(503808K)] 920235K->727896K(1902080K), 0.0620066 secs] [Times: user=0.37 sys=0.00, real=0.07 secs] 
4605.950: [GC (Allocation Failure) [PSYoungGen: 437632K->92512K(490496K)] 1037656K->819928K(1888768K), 0.0535696 secs] [Times: user=0.31 sys=0.00, real=0.06 secs] 
4606.963: [GC (Allocation Failure) [PSYoungGen: 402272K->130912K(497152K)] 1129688K->945417K(1895424K), 0.0579844 secs] [Times: user=0.35 sys=0.00, real=0.06 secs] 
4608.990: [GC (Allocation Failure) [PSYoungGen: 440672K->78656K(505856K)] 1255177K->1023921K(1904128K), 0.0784542 secs] [Times: user=0.46 sys=0.00, real=0.07 secs] 
4609.456: [GC (Allocation Failure) [PSYoungGen: 400192K->185824K(507392K)] 1345457K->1206314K(1905664K), 0.0523190 secs] [Times: user=0.31 sys=0.00, real=0.05 secs] 
4611.649: [GC (GCLocker Initiated GC) [PSYoungGen: 507360K->85344K(430592K)] 1527850K->1242118K(1828864K), 0.0940250 secs] [Times: user=0.56 sys=0.00, real=0.10 secs] 
4612.147: [GC (Allocation Failure) [PSYoungGen: 324448K->100416K(468992K)] 1481293K->1338609K(1867264K), 0.0476309 secs] [Times: user=0.28 sys=0.00, real=0.05 secs] 
4612.194: [Full GC (Ergonomics) [PSYoungGen: 100416K->0K(468992K)] [ParOldGen: 1238193K->148392K(1398272K)] 1338609K->148392K(1867264K), [Metaspace: 60454K->60454K(1105920K)], 0.3503389 secs] [Times: user=1.62 sys=0.00, real=0.35 secs] 
4612.838: [GC (Allocation Failure) [PSYoungGen: 239104K->142784K(460800K)] 387496K->291176K(1859072K), 0.0341719 secs] [Times: user=0.20 sys=0.01, real=0.04 secs] 
4614.364: [GC (Allocation Failure) [PSYoungGen: 391104K->54144K(469504K)] 539496K->312556K(1867776K), 0.0978605 secs] [Times: user=0.58 sys=0.00, real=0.10 secs] 
4614.851: [GC (Allocation Failure) [PSYoungGen: 302464K->107072K(456192K)] 560876K->413970K(1854464K), 0.0362640 secs] [Times: user=0.21 sys=0.00, real=0.03 secs] 
4616.185: [GC (Allocation Failure) [PSYoungGen: 363584K->95840K(466944K)] 670482K->501338K(1865216K), 0.0551247 secs] [Times: user=0.32 sys=0.00, real=0.05 secs] 
4617.460: [GC (Allocation Failure) [PSYoungGen: 352352K->74848K(477184K)] 757850K->576154K(1875456K), 0.0626436 secs] [Times: user=0.36 sys=0.00, real=0.07 secs] 
4617.921: [GC (Allocation Failure) [PSYoungGen: 360544K->124128K(484352K)] 861850K->694483K(1882624K), 0.0474864 secs] [Times: user=0.28 sys=0.00, real=0.04 secs] 
4619.727: [GC (Allocation Failure) [PSYoungGen: 409824K->70528K(493056K)] 980179K->764555K(1891328K), 0.1177386 secs] [Times: user=0.70 sys=0.00, real=0.12 secs] 
4620.833: [GC (Allocation Failure) [PSYoungGen: 374144K->125248K(497664K)] 1068171K->886884K(1895936K), 0.0454246 secs] [Times: user=0.27 sys=0.00, real=0.04 secs] 
4622.174: [GC (Allocation Failure) [PSYoungGen: 428864K->101984K(487424K)] 1190500K->979984K(1885696K), 0.0602944 secs] [Times: user=0.36 sys=0.00, real=0.06 secs] 
4623.010: [GC (Allocation Failure) [PSYoungGen: 413792K->114208K(496640K)] 1291792K->1093709K(1894912K), 0.0497887 secs] [Times: user=0.29 sys=0.00, real=0.04 secs] 
4624.211: [GC (Allocation Failure) [PSYoungGen: 424376K->169792K(485888K)] 1403878K->1253709K(1884160K), 0.0717080 secs] [Times: user=0.43 sys=0.00, real=0.07 secs] 
4625.668: [GC (Allocation Failure) [PSYoungGen: 475456K->80896K(502272K)] 1559373K->1297669K(1900544K), 0.0559605 secs] [Times: user=0.33 sys=0.00, real=0.06 secs] 
4626.098: [GC (Allocation Failure) [PSYoungGen: 386560K->133536K(500224K)] 1603333K->1425662K(1898496K), 0.0517316 secs] [Times: user=0.30 sys=0.00, real=0.05 secs] 
4626.150: [Full GC (Ergonomics) [PSYoungGen: 133536K->0K(500224K)] [ParOldGen: 1292126K->223068K(1398272K)] 1425662K->223068K(1898496K), [Metaspace: 60454K->60454K(1105920K)], 0.5307900 secs] [Times: user=2.49 sys=0.00, real=0.54 secs] 
4629.243: [GC (Allocation Failure) [PSYoungGen: 308736K->76544K(502784K)] 531804K->299612K(1901056K), 0.0901144 secs] [Times: user=0.52 sys=0.00, real=0.09 secs] 
4629.995: [GC (Allocation Failure) [PSYoungGen: 385280K->129984K(503296K)] 608348K->425901K(1901568K), 0.0444272 secs] [Times: user=0.26 sys=0.00, real=0.04 secs] 
4631.290: [GC (GCLocker Initiated GC) [PSYoungGen: 442816K->93664K(406528K)] 738733K->510869K(1804800K), 0.0847255 secs] [Times: user=0.49 sys=0.00, real=0.09 secs] 
4631.966: [GC (Allocation Failure) [PSYoungGen: 406496K->137120K(500736K)] 823740K->645281K(1899008K), 0.0474279 secs] [Times: user=0.28 sys=0.00, real=0.05 secs] 
4633.294: [GC (Allocation Failure) [PSYoungGen: 451488K->104896K(503296K)] 959649K->732473K(1901568K), 0.0611437 secs] [Times: user=0.36 sys=0.00, real=0.06 secs] 
4634.526: [GC (Allocation Failure) [PSYoungGen: 419264K->116160K(503808K)] 1046841K->847269K(1902080K), 0.0502770 secs] [Times: user=0.30 sys=0.01, real=0.05 secs] 
4635.828: [GC (Allocation Failure) [PSYoungGen: 443840K->131680K(504832K)] 1174949K->969005K(1903104K), 0.0624334 secs] [Times: user=0.37 sys=0.00, real=0.07 secs] 
4637.174: [GC (Allocation Failure) [PSYoungGen: 459360K->101024K(514560K)] 1296685K->1069613K(1912832K), 0.0559676 secs] [Times: user=0.33 sys=0.00, real=0.05 secs] 
4638.025: [GC (Allocation Failure) [PSYoungGen: 443396K->174048K(517632K)] 1411986K->1241906K(1915904K), 0.0607062 secs] [Times: user=0.36 sys=0.00, real=0.06 secs] 
4639.458: [GC (Allocation Failure) [PSYoungGen: 509940K->93088K(433664K)] 1577798K->1300026K(1831936K), 0.0787998 secs] [Times: user=0.47 sys=0.00, real=0.08 secs] 
4639.835: [GC (Allocation Failure) [PSYoungGen: 345504K->126912K(475648K)] 1552442K->1421246K(1873920K), 0.0509662 secs] [Times: user=0.30 sys=0.00, real=0.05 secs] 
4639.886: [Full GC (Ergonomics) [PSYoungGen: 126912K->0K(475648K)] [ParOldGen: 1294334K->212134K(1398272K)] 1421246K->212134K(1873920K), [Metaspace: 60454K->60454K(1105920K)], 0.4973766 secs] [Times: user=2.31 sys=0.00, real=0.50 secs] 
4641.734: [GC (Allocation Failure) [PSYoungGen: 252416K->56640K(472064K)] 464550K->268774K(1870336K), 0.1078064 secs] [Times: user=0.63 sys=0.01, real=0.11 secs] 
4643.365: [GC (Allocation Failure) [PSYoungGen: 317760K->106336K(478208K)] 529894K->372083K(1876480K), 0.0404553 secs] [Times: user=0.24 sys=0.00, real=0.04 secs] 
4643.727: [GC (Allocation Failure) [PSYoungGen: 367456K->118080K(465920K)] 633203K->480471K(1864192K), 0.0540500 secs] [Times: user=0.31 sys=0.00, real=0.06 secs] 
4645.297: [GC (Allocation Failure) [PSYoungGen: 390464K->65952K(473088K)] 752855K->546047K(1871360K), 0.0888010 secs] [Times: user=0.52 sys=0.01, real=0.09 secs] 
4645.747: [GC (Allocation Failure) [PSYoungGen: 338336K->125152K(489984K)] 818431K->666258K(1888256K), 0.0410675 secs] [Times: user=0.24 sys=0.01, real=0.04 secs] 
4647.143: [GC (Allocation Failure) [PSYoungGen: 422624K->87456K(494080K)] 963730K->736826K(1892352K), 0.0564568 secs] [Times: user=0.33 sys=0.00, real=0.05 secs] 
4648.030: [GC (Allocation Failure) [PSYoungGen: 384928K->119680K(491520K)] 1034298K->855522K(1889792K), 0.0457180 secs] [Times: user=0.26 sys=0.00, real=0.05 secs] 
4649.324: [GC (Allocation Failure) [PSYoungGen: 428928K->123072K(497152K)] 1164770K->969634K(1895424K), 0.0619348 secs] [Times: user=0.36 sys=0.00, real=0.06 secs] 
4651.085: [GC (Allocation Failure) [PSYoungGen: 431373K->93216K(500224K)] 1277936K->1062426K(1898496K), 0.0530986 secs] [Times: user=0.31 sys=0.01, real=0.05 secs] 
4651.538: [GC (Allocation Failure) [PSYoungGen: 419360K->142240K(506880K)] 1388570K->1199019K(1905152K), 0.0565016 secs] [Times: user=0.34 sys=0.00, real=0.06 secs] 
4653.858: [GC (Allocation Failure) [PSYoungGen: 468384K->83680K(515584K)] 1525163K->1282595K(1913856K), 0.0624091 secs] [Times: user=0.37 sys=0.00, real=0.07 secs] 
4654.316: [GC (Allocation Failure) [PSYoungGen: 413920K->141856K(472576K)] 1612835K->1418152K(1870848K), 0.0535085 secs] [Times: user=0.32 sys=0.00, real=0.05 secs] 
4654.369: [Full GC (Ergonomics) [PSYoungGen: 141856K->0K(472576K)] [ParOldGen: 1276296K->224769K(1398272K)] 1418152K->224769K(1870848K), [Metaspace: 60454K->60454K(1105920K)], 0.5367937 secs] [Times: user=2.52 sys=0.00, real=0.54 secs] 
4656.440: [GC (Allocation Failure) [PSYoungGen: 330240K->90112K(514560K)] 555009K->314881K(1912832K), 0.0414888 secs] [Times: user=0.24 sys=0.00, real=0.04 secs] 
4656.874: [GC (Allocation Failure) [PSYoungGen: 416768K->141504K(468480K)] 641537K->450286K(1866752K), 0.0533143 secs] [Times: user=0.31 sys=0.00, real=0.05 secs] 
4659.322: [GC (Allocation Failure) [PSYoungGen: 468160K->86688K(513024K)] 776942K->536430K(1911296K), 0.0952601 secs] [Times: user=0.57 sys=0.00, real=0.09 secs] 
4659.859: [GC (Allocation Failure) [PSYoungGen: 411296K->137216K(510464K)] 861038K->670050K(1908736K), 0.0478382 secs] [Times: user=0.28 sys=0.00, real=0.05 secs] 
4661.610: [GC (Allocation Failure) [PSYoungGen: 461824K->96256K(505856K)] 994658K->757618K(1904128K), 0.0648693 secs] [Times: user=0.38 sys=0.01, real=0.07 secs] 
4662.531: [GC (GCLocker Initiated GC) [PSYoungGen: 421376K->134624K(508416K)] 1082739K->888883K(1906688K), 0.0478648 secs] [Times: user=0.28 sys=0.01, real=0.04 secs] 
4664.066: [GC (Allocation Failure) [PSYoungGen: 459744K->100608K(508416K)] 1214006K->980918K(1906688K), 0.0718742 secs] [Times: user=0.42 sys=0.00, real=0.07 secs] 
4665.388: [GC (Allocation Failure) [PSYoungGen: 431872K->134272K(511488K)] 1312182K->1113146K(1909760K), 0.0506892 secs] [Times: user=0.30 sys=0.00, real=0.05 secs] 
4666.739: [GC (Allocation Failure) [PSYoungGen: 465536K->106848K(509440K)] 1444410K->1210834K(1907712K), 0.0648648 secs] [Times: user=0.38 sys=0.01, real=0.07 secs] 
4668.802: [GC (Allocation Failure) [PSYoungGen: 444256K->129728K(513536K)] 1548242K->1338807K(1911808K), 0.0527531 secs] [Times: user=0.31 sys=0.00, real=0.05 secs] 
4670.150: [GC (Allocation Failure) [PSYoungGen: 467136K->117056K(510976K)] 1676215K->1446239K(1909248K), 0.0647337 secs] [Times: user=0.39 sys=0.00, real=0.06 secs] 
4670.215: [Full GC (Ergonomics) [PSYoungGen: 117056K->0K(510976K)] [ParOldGen: 1329183K->15525K(1398272K)] 1446239K->15525K(1909248K), [Metaspace: 60454K->60454K(1105920K)], 0.0384188 secs] [Times: user=0.13 sys=0.00, real=0.04 secs] 
4671.929: [GC (Allocation Failure) [PSYoungGen: 347136K->126176K(517120K)] 362661K->141701K(1915392K), 0.0252038 secs] [Times: user=0.15 sys=0.00, real=0.03 secs] 
4673.583: [GC (Allocation Failure) [PSYoungGen: 473312K->122048K(520192K)] 488837K->253098K(1918464K), 0.0625772 secs] [Times: user=0.37 sys=0.00, real=0.06 secs] 
4674.483: [GC (Allocation Failure) [PSYoungGen: 482496K->134752K(525312K)] 613546K->387786K(1923584K), 0.0558138 secs] [Times: user=0.33 sys=0.00, real=0.05 secs] 
4675.879: [GC (Allocation Failure) [PSYoungGen: 495200K->4032K(501760K)] 748234K->257122K(1900032K), 0.0023619 secs] [Times: user=0.01 sys=0.00, real=0.01 secs] 
4677.770: [GC (Allocation Failure) [PSYoungGen: 339392K->129344K(464896K)] 592482K->384366K(1863168K), 0.0263456 secs] [Times: user=0.15 sys=0.00, real=0.02 secs] 
4679.098: [GC (Allocation Failure) [PSYoungGen: 464704K->116736K(521216K)] 719726K->491446K(1919488K), 0.0627446 secs] [Times: user=0.37 sys=0.00, real=0.07 secs] 
4679.982: [GC (Allocation Failure) [PSYoungGen: 455680K->125504K(464896K)] 830390K->616934K(1863168K), 0.0543383 secs] [Times: user=0.32 sys=0.00, real=0.05 secs] 
4681.579: [GC (Allocation Failure) [PSYoungGen: 464448K->122912K(517120K)] 955878K->728955K(1915392K), 0.0631080 secs] [Times: user=0.37 sys=0.00, real=0.07 secs] 
4682.407: [GC (Allocation Failure) [PSYoungGen: 463904K->120544K(515072K)] 1069947K->849499K(1913344K), 0.0555514 secs] [Times: user=0.33 sys=0.00, real=0.06 secs] 
4683.778: [GC (Allocation Failure) [PSYoungGen: 461536K->128000K(519680K)] 1190491K->966936K(1917952K), 0.0621692 secs] [Times: user=0.37 sys=0.00, real=0.07 secs] 
4686.391: [GC (Allocation Failure) [PSYoungGen: 477184K->115904K(519168K)] 1316120K->1082400K(1917440K), 0.0554013 secs] [Times: user=0.32 sys=0.00, real=0.05 secs] 
4687.742: [GC (Allocation Failure) [PSYoungGen: 465088K->132416K(521728K)] 1431584K->1204657K(1920000K), 0.0621209 secs] [Times: user=0.37 sys=0.00, real=0.06 secs] 
4688.953: [GC (GCLocker Initiated GC) [PSYoungGen: 489280K->120928K(523264K)] 1561522K->1325130K(1921536K), 0.0579538 secs] [Times: user=0.35 sys=0.00, real=0.06 secs] 
4690.768: [GC (Allocation Failure) [PSYoungGen: 477792K->127552K(531456K)] 1681995K->1442842K(1929728K), 0.0633126 secs] [Times: user=0.37 sys=0.00, real=0.07 secs] 
4690.831: [Full GC (Ergonomics) [PSYoungGen: 127552K->0K(531456K)] [ParOldGen: 1315290K->252007K(1398272K)] 1442842K->252007K(1929728K), [Metaspace: 60457K->60457K(1105920K)], 0.5383217 secs] [Times: user=2.38 sys=0.00, real=0.53 secs] 
4693.442: [GC (Allocation Failure) [PSYoungGen: 368640K->131328K(530432K)] 620647K->383335K(1928704K), 0.0265724 secs] [Times: user=0.15 sys=0.00, real=0.02 secs] 
4694.862: [GC (Allocation Failure) [PSYoungGen: 499968K->4704K(505856K)] 751975K->256775K(1904128K), 0.0023020 secs] [Times: user=0.01 sys=0.00, real=0.00 secs] 
4696.159: [GC (Allocation Failure) [PSYoungGen: 348256K->134944K(478720K)] 600327K->390629K(1876992K), 0.0277218 secs] [Times: user=0.16 sys=0.00, real=0.03 secs] 
4698.396: [GC (GCLocker Initiated GC) [PSYoungGen: 478496K->113088K(524288K)] 734182K->494470K(1922560K), 0.0642398 secs] [Times: user=0.38 sys=0.00, real=0.06 secs] 
4699.514: [GC (Allocation Failure) [PSYoungGen: 456640K->132000K(518144K)] 838025K->625173K(1916416K), 0.0535677 secs] [Times: user=0.32 sys=0.00, real=0.05 secs] 
4700.883: [GC (Allocation Failure) [PSYoungGen: 475552K->116704K(518656K)] 968725K->732233K(1916928K), 0.0637002 secs] [Times: user=0.38 sys=0.00, real=0.06 secs] 
4702.586: [GC (Allocation Failure) [PSYoungGen: 464864K->129568K(519168K)] 1080393K->860334K(1917440K), 0.0542580 secs] [Times: user=0.32 sys=0.00, real=0.05 secs] 
4704.007: [GC (Allocation Failure) [PSYoungGen: 477728K->120160K(520704K)] 1208494K->970414K(1918976K), 0.0639566 secs] [Times: user=0.38 sys=0.00, real=0.07 secs] 
4705.574: [GC (Allocation Failure) [PSYoungGen: 477024K->133856K(524288K)] 1327278K->1102835K(1922560K), 0.0555268 secs] [Times: user=0.32 sys=0.00, real=0.05 secs] 
4706.989: [GC (Allocation Failure) [PSYoungGen: 490720K->116832K(522752K)] 1459699K->1210559K(1921024K), 0.0642915 secs] [Times: user=0.38 sys=0.00, real=0.07 secs] 
4707.757: [GC (Allocation Failure) [PSYoungGen: 479328K->152928K(526336K)] 1573055K->1362496K(1924608K), 0.0562705 secs] [Times: user=0.32 sys=0.01, real=0.06 secs] 
4707.813: [Full GC (Ergonomics) [PSYoungGen: 152928K->0K(526336K)] [ParOldGen: 1209568K->162828K(1398272K)] 1362496K->162828K(1924608K), [Metaspace: 60457K->60457K(1105920K)], 0.3875311 secs] [Times: user=1.79 sys=0.00, real=0.39 secs] 
4709.668: [GC (Allocation Failure) [PSYoungGen: 362496K->115328K(530432K)] 525324K->278156K(1928704K), 0.0563776 secs] [Times: user=0.34 sys=0.00, real=0.06 secs] 
4711.359: [GC (Allocation Failure) [PSYoungGen: 473216K->145952K(504320K)] 636044K->421065K(1902592K), 0.0561293 secs] [Times: user=0.33 sys=0.00, real=0.06 secs] 
4712.993: [GC (Allocation Failure) [PSYoungGen: 503840K->112704K(528896K)] 778953K->524453K(1927168K), 0.1226989 secs] [Times: user=0.73 sys=0.00, real=0.12 secs] 
4713.780: [GC (Allocation Failure) [PSYoungGen: 468544K->147264K(503296K)] 880293K->668862K(1901568K), 0.0544727 secs] [Times: user=0.32 sys=0.01, real=0.06 secs] 
4715.205: [GC (Allocation Failure) [PSYoungGen: 503104K->109632K(526848K)] 1024702K->769270K(1925120K), 0.1039396 secs] [Times: user=0.62 sys=0.00, real=0.10 secs] 
4716.046: [GC (Allocation Failure) [PSYoungGen: 461888K->148800K(501248K)] 1121526K->915189K(1899520K), 0.0538020 secs] [Times: user=0.32 sys=0.01, real=0.06 secs] 
4718.123: [GC (Allocation Failure) [PSYoungGen: 501056K->105600K(523776K)] 1267445K->1012397K(1922048K), 0.0830460 secs] [Times: user=0.49 sys=0.00, real=0.08 secs] 
4718.985: [GC (Allocation Failure) [PSYoungGen: 452736K->146112K(493568K)] 1359533K->1154254K(1891840K), 0.0522387 secs] [Times: user=0.30 sys=0.01, real=0.05 secs] 
4721.159: [GC (Allocation Failure) [PSYoungGen: 493248K->105216K(522240K)] 1501390K->1250446K(1920512K), 0.1033225 secs] [Times: user=0.60 sys=0.00, real=0.11 secs] 
4721.926: [GC (Allocation Failure) [PSYoungGen: 449280K->146496K(491008K)] 1594510K->1392375K(1889280K), 0.0520097 secs] [Times: user=0.30 sys=0.00, real=0.05 secs] 
4721.978: [Full GC (Ergonomics) [PSYoungGen: 146496K->0K(491008K)] [ParOldGen: 1245879K->190127K(1398272K)] 1392375K->190127K(1889280K), [Metaspace: 60457K->60457K(1105920K)], 0.4638098 secs] [Times: user=2.18 sys=0.00, real=0.47 secs] 
4723.636: [GC (Allocation Failure) [PSYoungGen: 344064K->104032K(520704K)] 534191K->294159K(1918976K), 0.0423422 secs] [Times: user=0.25 sys=0.00, real=0.04 secs] 
4724.337: [GC (Allocation Failure) [PSYoungGen: 445024K->142976K(519168K)] 635151K->433124K(1917440K), 0.0504765 secs] [Times: user=0.30 sys=0.00, real=0.05 secs] 
4726.335: [GC (Allocation Failure) [PSYoungGen: 483968K->105632K(518144K)] 774116K->529884K(1916416K), 0.1696049 secs] [Times: user=1.00 sys=0.01, real=0.17 secs] 
4728.015: [GC (Allocation Failure) [PSYoungGen: 446624K->141088K(518656K)] 870876K->664345K(1916928K), 0.0505259 secs] [Times: user=0.29 sys=0.00, real=0.05 secs] 
4729.467: [GC (Allocation Failure) [PSYoungGen: 482080K->102528K(519168K)] 1005337K->757665K(1917440K), 0.0710036 secs] [Times: user=0.42 sys=0.00, real=0.07 secs] 
4730.666: [GC (Allocation Failure) [PSYoungGen: 445056K->140192K(519680K)] 1100193K->895297K(1917952K), 0.0511482 secs] [Times: user=0.30 sys=0.00, real=0.05 secs] 
4732.360: [GC (Allocation Failure) [PSYoungGen: 482720K->106368K(518656K)] 1237825K->992825K(1916928K), 0.0649904 secs] [Times: user=0.38 sys=0.00, real=0.07 secs] 
4733.886: [GC (Allocation Failure) [PSYoungGen: 449920K->139648K(519680K)] 1336377K->1129670K(1917952K), 0.0526439 secs] [Times: user=0.31 sys=0.00, real=0.05 secs] 
4735.526: [GC (Allocation Failure) [PSYoungGen: 483200K->108000K(518656K)] 1473222K->1228730K(1916928K), 0.1025431 secs] [Times: user=0.61 sys=0.01, real=0.10 secs] 
4737.191: [GC (Allocation Failure) [PSYoungGen: 453600K->138336K(520192K)] 1574330K->1364911K(1918464K), 0.0527782 secs] [Times: user=0.31 sys=0.00, real=0.05 secs] 
4737.244: [Full GC (Ergonomics) [PSYoungGen: 138336K->0K(520192K)] [ParOldGen: 1226575K->163917K(1398272K)] 1364911K->163917K(1918464K), [Metaspace: 60457K->60457K(1105920K)], 0.3890917 secs] [Times: user=1.80 sys=0.00, real=0.39 secs] 
4738.966: [GC (Allocation Failure) [PSYoungGen: 345600K->108224K(520704K)] 509517K->272141K(1918976K), 0.0420654 secs] [Times: user=0.24 sys=0.00, real=0.04 secs] 
4739.868: [GC (GCLocker Initiated GC) [PSYoungGen: 457408K->143008K(522240K)] 621325K->413414K(1920512K), 0.0551289 secs] [Times: user=0.32 sys=0.00, real=0.06 secs] 
4742.277: [GC (Allocation Failure) [PSYoungGen: 492192K->107456K(523776K)] 762669K->512157K(1922048K), 0.1019068 secs] [Times: user=0.60 sys=0.00, real=0.10 secs] 
4743.607: [GC (Allocation Failure) [PSYoungGen: 457152K->142016K(523264K)] 861853K->651761K(1921536K), 0.0533635 secs] [Times: user=0.31 sys=0.00, real=0.06 secs] 
4745.187: [GC (Allocation Failure) [PSYoungGen: 491712K->110112K(522752K)] 1001457K->752393K(1921024K), 0.0931746 secs] [Times: user=0.55 sys=0.00, real=0.10 secs] 
4746.624: [GC (Allocation Failure) [PSYoungGen: 460320K->150336K(500736K)] 1102601K->900382K(1899008K), 0.0550553 secs] [Times: user=0.32 sys=0.00, real=0.05 secs] 
4747.984: [GC (Allocation Failure) [PSYoungGen: 500544K->110304K(523264K)] 1250590K->992978K(1921536K), 0.0674226 secs] [Times: user=0.40 sys=0.00, real=0.07 secs] 
4748.856: [GC (Allocation Failure) [PSYoungGen: 455904K->141280K(521216K)] 1338578K->1131475K(1919488K), 0.0555296 secs] [Times: user=0.33 sys=0.00, real=0.06 secs] 
4750.449: [GC (Allocation Failure) [PSYoungGen: 486880K->106816K(520192K)] 1477075K->1229163K(1918464K), 0.0867528 secs] [Times: user=0.52 sys=0.00, real=0.09 secs] 
4752.269: [GC (Allocation Failure) [PSYoungGen: 453440K->139520K(521216K)] 1575787K->1366232K(1919488K), 0.0538383 secs] [Times: user=0.32 sys=0.00, real=0.06 secs] 
4753.713: [GC (Allocation Failure) [PSYoungGen: 486144K->108832K(521216K)] 1712856K->1465732K(1919488K), 0.0674362 secs] [Times: user=0.40 sys=0.00, real=0.06 secs] 
4753.780: [Full GC (Ergonomics) [PSYoungGen: 108832K->0K(521216K)] [ParOldGen: 1356900K->26164K(1398272K)] 1465732K->26164K(1919488K), [Metaspace: 60457K->60457K(1105920K)], 0.0410392 secs] [Times: user=0.12 sys=0.00, real=0.05 secs] 
4755.426: [GC (Allocation Failure) [PSYoungGen: 348672K->138528K(522240K)] 374836K->164692K(1920512K), 0.0277142 secs] [Times: user=0.16 sys=0.00, real=0.03 secs] 
4756.726: [GC (GCLocker Initiated GC) [PSYoungGen: 487200K->113312K(520192K)] 513364K->268920K(1918464K), 0.0641199 secs] [Times: user=0.38 sys=0.00, real=0.06 secs] 
4757.988: [GC (GCLocker Initiated GC) [PSYoungGen: 465056K->141248K(522752K)] 620669K->407862K(1921024K), 0.0541007 secs] [Times: user=0.32 sys=0.00, real=0.06 secs] 
4759.554: [GC (Allocation Failure) [PSYoungGen: 492992K->110752K(525312K)] 759609K->509121K(1923584K), 0.1246098 secs] [Times: user=0.74 sys=0.00, real=0.12 secs] 
4761.224: [GC (Allocation Failure) [PSYoungGen: 466080K->153056K(508416K)] 864449K->659333K(1906688K), 0.0543316 secs] [Times: user=0.31 sys=0.01, real=0.05 secs] 
4762.716: [GC (Allocation Failure) [PSYoungGen: 508384K->112320K(524800K)] 1014661K->754029K(1923072K), 0.0652089 secs] [Times: user=0.39 sys=0.00, real=0.07 secs] 
4763.410: [GC (Allocation Failure) [PSYoungGen: 460480K->152032K(500224K)] 1102189K->903573K(1898496K), 0.0546062 secs] [Times: user=0.32 sys=0.00, real=0.06 secs] 
4764.763: [GC (Allocation Failure) [PSYoungGen: 500192K->107360K(521216K)] 1251733K->993477K(1919488K), 0.0651094 secs] [Times: user=0.39 sys=0.00, real=0.06 secs] 
4765.681: [GC (Allocation Failure) [PSYoungGen: 449376K->139520K(519680K)] 1335493K->1131206K(1917952K), 0.0757196 secs] [Times: user=0.45 sys=0.00, real=0.07 secs] 
4768.140: [GC (Allocation Failure) [PSYoungGen: 481536K->103296K(520192K)] 1473222K->1225726K(1918464K), 0.1444906 secs] [Times: user=0.86 sys=0.00, real=0.14 secs] 
4770.572: [GC (Allocation Failure) [PSYoungGen: 446336K->139968K(519680K)] 1568766K->1362299K(1917952K), 0.0514650 secs] [Times: user=0.30 sys=0.00, real=0.05 secs] 
4772.108: [GC (Allocation Failure) [PSYoungGen: 483008K->107648K(518656K)] 1705339K->1460515K(1916928K), 0.0926349 secs] [Times: user=0.55 sys=0.01, real=0.10 secs] 
4772.201: [Full GC (Ergonomics) [PSYoungGen: 107648K->0K(518656K)] [ParOldGen: 1352867K->27834K(1398272K)] 1460515K->27834K(1916928K), [Metaspace: 60457K->60457K(1105920K)], 0.0457225 secs] [Times: user=0.15 sys=0.00, real=0.04 secs] 
4773.294: [GC (GCLocker Initiated GC) [PSYoungGen: 345088K->135136K(520192K)] 372922K->162971K(1918464K), 0.0278917 secs] [Times: user=0.16 sys=0.00, real=0.03 secs] 
4774.998: [GC (Allocation Failure) [PSYoungGen: 480224K->109024K(519168K)] 508097K->263561K(1917440K), 0.0657138 secs] [Times: user=0.39 sys=0.00, real=0.07 secs] 
4776.505: [GC (Allocation Failure) [PSYoungGen: 458720K->148736K(521728K)] 613257K->410150K(1920000K), 0.0531316 secs] [Times: user=0.31 sys=0.00, real=0.05 secs] 
4777.966: [GC (Allocation Failure) [PSYoungGen: 498432K->112064K(524288K)] 759846K->504454K(1922560K), 0.0737565 secs] [Times: user=0.44 sys=0.00, real=0.07 secs] 
4779.502: [GC (Allocation Failure) [PSYoungGen: 460224K->139488K(522240K)] 852614K->641443K(1920512K), 0.0544537 secs] [Times: user=0.32 sys=0.01, real=0.05 secs] 
4780.911: [GC (Allocation Failure) [PSYoungGen: 487648K->111008K(521216K)] 989603K->742967K(1919488K), 0.0672235 secs] [Times: user=0.40 sys=0.00, real=0.06 secs] 
4781.708: [GC (Allocation Failure) [PSYoungGen: 461216K->144224K(522240K)] 1093175K->885400K(1920512K), 0.0547523 secs] [Times: user=0.32 sys=0.00, real=0.06 secs] 
4783.320: [GC (Allocation Failure) [PSYoungGen: 494432K->108256K(525312K)] 1235608K->984776K(1923584K), 0.0886100 secs] [Times: user=0.53 sys=0.00, real=0.09 secs] 
4784.941: [GC (Allocation Failure) [PSYoungGen: 459488K->142784K(494080K)] 1336008K->1125045K(1892352K), 0.0545968 secs] [Times: user=0.32 sys=0.00, real=0.05 secs] 
4786.790: [GC (Allocation Failure) [PSYoungGen: 494016K->107840K(525312K)] 1476277K->1223469K(1923584K), 0.1336161 secs] [Times: user=0.80 sys=0.00, real=0.14 secs] 
4788.515: [GC (Allocation Failure) [PSYoungGen: 458048K->140224K(523776K)] 1573677K->1361186K(1922048K), 0.0541179 secs] [Times: user=0.32 sys=0.00, real=0.05 secs] 
4789.861: [GC (Allocation Failure) [PSYoungGen: 490432K->111584K(522240K)] 1711394K->1463298K(1920512K), 0.0663164 secs] [Times: user=0.39 sys=0.00, real=0.06 secs] 
4789.927: [Full GC (Ergonomics) [PSYoungGen: 111584K->0K(522240K)] [ParOldGen: 1351714K->29710K(1398272K)] 1463298K->29710K(1920512K), [Metaspace: 60457K->60457K(1105920K)], 0.0507154 secs] [Times: user=0.17 sys=0.00, real=0.05 secs] 
4790.635: [GC (Allocation Failure) [PSYoungGen: 351232K->145120K(523264K)] 380942K->174830K(1921536K), 0.0290116 secs] [Times: user=0.17 sys=0.00, real=0.03 secs] 
4792.124: [GC (Allocation Failure) [PSYoungGen: 496352K->108576K(525312K)] 526062K->274626K(1923584K), 0.0651547 secs] [Times: user=0.39 sys=0.00, real=0.06 secs] 
4793.422: [GC (Allocation Failure) [PSYoungGen: 459808K->145568K(497152K)] 625858K->417055K(1895424K), 0.0525273 secs] [Times: user=0.31 sys=0.00, real=0.05 secs] 
4795.347: [GC (Allocation Failure) [PSYoungGen: 496800K->108352K(524800K)] 768287K->515991K(1923072K), 0.1223642 secs] [Times: user=0.72 sys=0.01, real=0.12 secs] 
4796.182: [GC (GCLocker Initiated GC) [PSYoungGen: 457024K->144256K(493056K)] 864663K->657728K(1891328K), 0.0527060 secs] [Times: user=0.31 sys=0.00, real=0.05 secs] 
4797.650: [GC (Allocation Failure) [PSYoungGen: 492928K->107136K(523776K)] 1006471K->755903K(1922048K), 0.0908572 secs] [Times: user=0.54 sys=0.00, real=0.09 secs] 
4798.483: [GC (Allocation Failure) [PSYoungGen: 454272K->142816K(522240K)] 1103039K->896634K(1920512K), 0.0533164 secs] [Times: user=0.31 sys=0.00, real=0.05 secs] 
4800.465: [GC (Allocation Failure) [PSYoungGen: 489952K->105216K(522240K)] 1243770K->992922K(1920512K), 0.1174897 secs] [Times: user=0.69 sys=0.01, real=0.12 secs] 
4801.970: [GC (Allocation Failure) [PSYoungGen: 452352K->142656K(522240K)] 1340058K->1132331K(1920512K), 0.0523705 secs] [Times: user=0.31 sys=0.00, real=0.06 secs] 
4803.594: [GC (GCLocker Initiated GC) [PSYoungGen: 489792K->107552K(522240K)] 1479467K->1230731K(1920512K), 0.1309918 secs] [Times: user=0.77 sys=0.01, real=0.13 secs] 
4804.831: [GC (Allocation Failure) [PSYoungGen: 454688K->149984K(497152K)] 1577906K->1377799K(1895424K), 0.0530389 secs] [Times: user=0.31 sys=0.00, real=0.05 secs] 
4806.182: [GC (Allocation Failure) [PSYoungGen: 497120K->108416K(521216K)] 1724937K->1468673K(1919488K), 0.0644261 secs] [Times: user=0.38 sys=0.00, real=0.06 secs] 
4806.246: [Full GC (Ergonomics) [PSYoungGen: 108416K->0K(521216K)] [ParOldGen: 1360257K->34791K(1398272K)] 1468673K->34791K(1919488K), [Metaspace: 60457K->60457K(1105920K)], 0.0646575 secs] [Times: user=0.23 sys=0.00, real=0.07 secs] 
4807.004: [GC (Allocation Failure) [PSYoungGen: 342016K->142368K(519680K)] 376807K->177159K(1917952K), 0.0285716 secs] [Times: user=0.17 sys=0.00, real=0.03 secs] 
4808.607: [GC (Allocation Failure) [PSYoungGen: 484384K->105408K(519168K)] 519175K->273559K(1917440K), 0.0662154 secs] [Times: user=0.39 sys=0.01, real=0.07 secs] 
4810.482: [GC (Allocation Failure) [PSYoungGen: 447936K->138880K(519680K)] 616087K->409404K(1917952K), 0.0516120 secs] [Times: user=0.30 sys=0.00, real=0.05 secs] 
4811.967: [GC (Allocation Failure) [PSYoungGen: 481408K->107680K(517632K)] 751932K->507700K(1915904K), 0.0672617 secs] [Times: user=0.40 sys=0.00, real=0.07 secs] 
4813.161: [GC (Allocation Failure) [PSYoungGen: 452256K->138400K(519680K)] 852276K->643945K(1917952K), 0.0522533 secs] [Times: user=0.31 sys=0.00, real=0.05 secs] 
4814.566: [GC (Allocation Failure) [PSYoungGen: 482976K->109408K(519680K)] 988521K->743809K(1917952K), 0.0664129 secs] [Times: user=0.39 sys=0.00, real=0.07 secs] 
4815.323: [GC (Allocation Failure) [PSYoungGen: 458080K->143328K(521728K)] 1092481K->885881K(1920000K), 0.0535469 secs] [Times: user=0.31 sys=0.00, real=0.05 secs] 
4816.657: [GC (Allocation Failure) [PSYoungGen: 492000K->110016K(523264K)] 1234553K->986938K(1921536K), 0.0658738 secs] [Times: user=0.39 sys=0.00, real=0.07 secs] 
4818.064: [GC (Allocation Failure) [PSYoungGen: 460224K->141216K(523264K)] 1337146K->1125310K(1921536K), 0.0533898 secs] [Times: user=0.32 sys=0.00, real=0.05 secs] 
4819.644: [GC (Allocation Failure) [PSYoungGen: 491424K->109984K(523264K)] 1475518K->1225366K(1921536K), 0.0926188 secs] [Times: user=0.55 sys=0.01, real=0.09 secs] 
4820.694: [GC (Allocation Failure) [PSYoungGen: 461216K->153312K(504832K)] 1576598K->1375683K(1903104K), 0.0544639 secs] [Times: user=0.32 sys=0.00, real=0.05 secs] 
4822.083: [GC (Allocation Failure) [PSYoungGen: 504544K->107264K(522240K)] 1726915K->1465323K(1920512K), 0.0662559 secs] [Times: user=0.40 sys=0.00, real=0.06 secs] 
4822.149: [Full GC (Ergonomics) [PSYoungGen: 107264K->0K(522240K)] [ParOldGen: 1358059K->32414K(1398272K)] 1465323K->32414K(1920512K), [Metaspace: 60457K->60457K(1105920K)], 0.0591218 secs] [Times: user=0.21 sys=0.01, real=0.06 secs] 
4822.810: [GC (Allocation Failure) [PSYoungGen: 344064K->149856K(494080K)] 376478K->182270K(1892352K), 0.0284964 secs] [Times: user=0.17 sys=0.00, real=0.02 secs] 
4825.205: [GC (Allocation Failure) [PSYoungGen: 493920K->106080K(519680K)] 526334K->270918K(1917952K), 0.1156994 secs] [Times: user=0.68 sys=0.01, real=0.12 secs] 
4826.905: [GC (Allocation Failure) [PSYoungGen: 445024K->137248K(476672K)] 609862K->405227K(1874944K), 0.0516500 secs] [Times: user=0.30 sys=0.00, real=0.05 secs] 
4828.275: [GC (Allocation Failure) [PSYoungGen: 476192K->107296K(519168K)] 744171K->503007K(1917440K), 0.0650549 secs] [Times: user=0.39 sys=0.01, real=0.06 secs] 
4829.901: [GC (Allocation Failure) [PSYoungGen: 448288K->135936K(517120K)] 843999K->636828K(1915392K), 0.0520772 secs] [Times: user=0.30 sys=0.00, real=0.05 secs] 
4831.236: [GC (GCLocker Initiated GC) [PSYoungGen: 476928K->110176K(520704K)] 977820K->737512K(1918976K), 0.0637867 secs] [Times: user=0.38 sys=0.00, real=0.07 secs] 
4831.921: [GC (GCLocker Initiated GC) [PSYoungGen: 456800K->139296K(519680K)] 1084139K->875588K(1917952K), 0.0542087 secs] [Times: user=0.31 sys=0.01, real=0.05 secs] 
4833.284: [GC (Allocation Failure) [PSYoungGen: 485920K->109280K(523264K)] 1222213K->975757K(1921536K), 0.0663407 secs] [Times: user=0.40 sys=0.00, real=0.07 secs] 
4835.313: [GC (Allocation Failure) [PSYoungGen: 461536K->139488K(524288K)] 1328013K->1113314K(1922560K), 0.0534669 secs] [Times: user=0.31 sys=0.00, real=0.05 secs] 
4836.834: [GC (Allocation Failure) [PSYoungGen: 491744K->112800K(523264K)] 1465570K->1216634K(1921536K), 0.0736102 secs] [Times: user=0.44 sys=0.00, real=0.07 secs] 
4838.252: [GC (GCLocker Initiated GC) [PSYoungGen: 467104K->139520K(524800K)] 1570938K->1354796K(1923072K), 0.0554185 secs] [Times: user=0.33 sys=0.00, real=0.05 secs] 
4840.179: [GC (Allocation Failure) [PSYoungGen: 493824K->111488K(525824K)] 1709170K->1457522K(1924096K), 0.0670548 secs] [Times: user=0.40 sys=0.00, real=0.07 secs] 
4840.246: [Full GC (Ergonomics) [PSYoungGen: 111488K->0K(525824K)] [ParOldGen: 1346034K->24486K(1398272K)] 1457522K->24486K(1924096K), [Metaspace: 60457K->60457K(1105920K)], 0.0376989 secs] [Times: user=0.10 sys=0.01, real=0.04 secs] 
4841.610: [GC (Allocation Failure) [PSYoungGen: 357376K->144672K(526848K)] 381862K->169158K(1925120K), 0.0289694 secs] [Times: user=0.17 sys=0.00, real=0.03 secs] 
4843.292: [GC (Allocation Failure) [PSYoungGen: 502048K->110336K(527872K)] 526534K->270534K(1926144K), 0.1375295 secs] [Times: user=0.82 sys=0.01, real=0.13 secs] 
4845.065: [GC (Allocation Failure) [PSYoungGen: 466688K->144992K(501760K)] 626886K->412603K(1900032K), 0.0533237 secs] [Times: user=0.31 sys=0.00, real=0.05 secs] 
4846.702: [GC (GCLocker Initiated GC) [PSYoungGen: 501344K->110944K(527360K)] 768955K->514231K(1925632K), 0.1169922 secs] [Times: user=0.70 sys=0.01, real=0.11 secs] 
4847.773: [GC (Allocation Failure) [PSYoungGen: 464736K->155296K(509440K)] 868062K->667693K(1907712K), 0.0551350 secs] [Times: user=0.32 sys=0.00, real=0.05 secs] 
4849.586: [GC (Allocation Failure) [PSYoungGen: 509088K->108608K(522752K)] 1021485K->759718K(1921024K), 0.1248730 secs] [Times: user=0.74 sys=0.01, real=0.13 secs] 
4851.295: [GC (Allocation Failure) [PSYoungGen: 453184K->141440K(520704K)] 1104294K->897338K(1918976K), 0.0528202 secs] [Times: user=0.32 sys=0.00, real=0.05 secs] 
4852.773: [GC (Allocation Failure) [PSYoungGen: 486016K->106272K(520704K)] 1241914K->994410K(1918976K), 0.0714988 secs] [Times: user=0.43 sys=0.00, real=0.07 secs] 
4853.893: [GC (Allocation Failure) [PSYoungGen: 451872K->152224K(498176K)] 1340010K->1143751K(1896448K), 0.0530784 secs] [Times: user=0.31 sys=0.00, real=0.05 secs] 
4855.269: [GC (Allocation Failure) [PSYoungGen: 497824K->106656K(519680K)] 1489351K->1233287K(1917952K), 0.0649381 secs] [Times: user=0.38 sys=0.00, real=0.07 secs] 
4855.983: [GC (GCLocker Initiated GC) [PSYoungGen: 445600K->140192K(518144K)] 1572231K->1371735K(1916416K), 0.0537592 secs] [Times: user=0.32 sys=0.00, real=0.05 secs] 
4856.036: [Full GC (Ergonomics) [PSYoungGen: 140192K->0K(518144K)] [ParOldGen: 1231543K->175900K(1398272K)] 1371735K->175900K(1916416K), [Metaspace: 60459K->60459K(1105920K)], 0.4188637 secs] [Times: user=1.93 sys=0.00, real=0.42 secs] 
4857.928: [GC (Allocation Failure) [PSYoungGen: 338944K->101888K(518656K)] 514848K->277792K(1916928K), 0.0433005 secs] [Times: user=0.26 sys=0.01, real=0.05 secs] 
4859.294: [GC (Allocation Failure) [PSYoungGen: 441856K->140928K(518144K)] 617760K->416391K(1916416K), 0.0513784 secs] [Times: user=0.30 sys=0.00, real=0.05 secs] 
4861.242: [GC (Allocation Failure) [PSYoungGen: 480896K->105408K(518144K)] 756359K->512967K(1916416K), 0.1314359 secs] [Times: user=0.78 sys=0.00, real=0.13 secs] 
4863.349: [GC (Allocation Failure) [PSYoungGen: 447424K->135968K(519168K)] 854983K->646524K(1917440K), 0.0522865 secs] [Times: user=0.30 sys=0.00, real=0.06 secs] 
4864.685: [GC (Allocation Failure) [PSYoungGen: 477984K->107456K(517632K)] 988540K->744900K(1915904K), 0.0650637 secs] [Times: user=0.39 sys=0.00, real=0.07 secs] 
4865.888: [GC (Allocation Failure) [PSYoungGen: 453056K->139040K(519680K)] 1090500K->881889K(1917952K), 0.0534791 secs] [Times: user=0.32 sys=0.00, real=0.06 secs] 
4867.265: [GC (Allocation Failure) [PSYoungGen: 484640K->110880K(520704K)] 1227489K->983449K(1918976K), 0.0668299 secs] [Times: user=0.40 sys=0.00, real=0.07 secs] 
4869.127: [GC (Allocation Failure) [PSYoungGen: 460576K->137184K(522240K)] 1333145K->1118654K(1920512K), 0.0547402 secs] [Times: user=0.32 sys=0.00, real=0.06 secs] 
4870.500: [GC (Allocation Failure) [PSYoungGen: 486880K->112704K(521216K)] 1468350K->1221370K(1919488K), 0.0659164 secs] [Times: user=0.38 sys=0.00, real=0.07 secs] 
4871.925: [GC (GCLocker Initiated GC) [PSYoungGen: 466496K->139872K(523776K)] 1575162K->1359419K(1922048K), 0.0553538 secs] [Times: user=0.33 sys=0.00, real=0.05 secs] 
4873.282: [GC (Allocation Failure) [PSYoungGen: 493664K->113888K(524800K)] 1713212K->1463804K(1923072K), 0.0669732 secs] [Times: user=0.40 sys=0.00, real=0.06 secs] 
4873.349: [Full GC (Ergonomics) [PSYoungGen: 113888K->0K(524800K)] [ParOldGen: 1349916K->23798K(1398272K)] 1463804K->23798K(1923072K), [Metaspace: 60522K->60522K(1105920K)], 0.0344166 secs] [Times: user=0.09 sys=0.00, real=0.04 secs] 
4874.188: [GC (Allocation Failure) [PSYoungGen: 357888K->146624K(526336K)] 381686K->170422K(1924608K), 0.0291376 secs] [Times: user=0.17 sys=0.00, real=0.03 secs] 
4876.104: [GC (GCLocker Initiated GC) [PSYoungGen: 504512K->110816K(528384K)] 528310K->272355K(1926656K), 0.1339682 secs] [Times: user=0.79 sys=0.00, real=0.13 secs] 
4877.943: [GC (Allocation Failure) [PSYoungGen: 466656K->144704K(500736K)] 628265K->413934K(1899008K), 0.0535979 secs] [Times: user=0.32 sys=0.00, real=0.05 secs] 
4879.550: [GC (Allocation Failure) [PSYoungGen: 500544K->111168K(527360K)] 769774K->515782K(1925632K), 0.0971998 secs] [Times: user=0.58 sys=0.00, real=0.09 secs] 
4880.988: [GC (Allocation Failure) [PSYoungGen: 464960K->143424K(525312K)] 869574K->656975K(1923584K), 0.0535798 secs] [Times: user=0.32 sys=0.00, real=0.06 secs] 
4883.141: [GC (Allocation Failure) [PSYoungGen: 496021K->110400K(525824K)] 1009573K->758331K(1924096K), 0.1108183 secs] [Times: user=0.66 sys=0.00, real=0.11 secs] 
4883.957: [GC (Allocation Failure) [PSYoungGen: 463680K->146272K(499712K)] 1111611K->901752K(1897984K), 0.0530784 secs] [Times: user=0.31 sys=0.01, real=0.05 secs] 
4886.045: [GC (Allocation Failure) [PSYoungGen: 499552K->108128K(525312K)] 1255032K->1000680K(1923584K), 0.1247771 secs] [Times: user=0.73 sys=0.01, real=0.12 secs] 
4887.234: [GC (Allocation Failure) [PSYoungGen: 458336K->155648K(506368K)] 1350888K->1151873K(1904640K), 0.0528986 secs] [Times: user=0.31 sys=0.00, real=0.05 secs] 
4888.895: [GC (Allocation Failure) [PSYoungGen: 505856K->106912K(520704K)] 1502081K->1241533K(1918976K), 0.0679316 secs] [Times: user=0.40 sys=0.00, real=0.07 secs] 
4889.674: [GC (Allocation Failure) [PSYoungGen: 447904K->142336K(519168K)] 1582525K->1381232K(1917440K), 0.0723287 secs] [Times: user=0.43 sys=0.00, real=0.07 secs] 
4889.746: [Full GC (Ergonomics) [PSYoungGen: 142336K->0K(519168K)] [ParOldGen: 1238896K->185772K(1398272K)] 1381232K->185772K(1917440K), [Metaspace: 60522K->60522K(1105920K)], 0.4491680 secs] [Times: user=2.08 sys=0.01, real=0.45 secs] 
4892.230: [GC (GCLocker Initiated GC) [PSYoungGen: 340992K->101696K(520192K)] 526764K->287468K(1918464K), 0.0483614 secs] [Times: user=0.29 sys=0.00, real=0.05 secs] 
4893.463: [GC (Allocation Failure) [PSYoungGen: 442688K->141376K(519680K)] 628463K->425708K(1917952K), 0.0506919 secs] [Times: user=0.29 sys=0.00, real=0.05 secs] 
4895.369: [GC (Allocation Failure) [PSYoungGen: 482368K->102560K(518656K)] 766700K->518932K(1916928K), 0.1385685 secs] [Times: user=0.82 sys=0.00, real=0.14 secs] 
4896.519: [GC (Allocation Failure) [PSYoungGen: 443552K->141408K(519168K)] 859924K->657689K(1917440K), 0.0510955 secs] [Times: user=0.30 sys=0.00, real=0.05 secs] 
4897.962: [GC (Allocation Failure) [PSYoungGen: 482400K->105344K(517632K)] 998681K->753973K(1915904K), 0.0676088 secs] [Times: user=0.41 sys=0.00, real=0.06 secs] 
4898.677: [GC (Allocation Failure) [PSYoungGen: 446848K->141120K(518656K)] 1095477K->892958K(1916928K), 0.0524489 secs] [Times: user=0.30 sys=0.00, real=0.05 secs] 
4900.422: [GC (Allocation Failure) [PSYoungGen: 482624K->103744K(519680K)] 1234462K->987934K(1917952K), 0.1181950 secs] [Times: user=0.70 sys=0.00, real=0.11 secs] 
4902.846: [GC (Allocation Failure) [PSYoungGen: 447296K->136032K(520192K)] 1331486K->1121642K(1918464K), 0.0517148 secs] [Times: user=0.30 sys=0.00, real=0.05 secs] 
4904.196: [GC (Allocation Failure) [PSYoungGen: 479584K->110176K(517120K)] 1465194K->1222358K(1915392K), 0.0647179 secs] [Times: user=0.38 sys=0.00, real=0.07 secs] 
4905.634: [GC (Allocation Failure) [PSYoungGen: 456288K->138752K(519680K)] 1568470K->1359926K(1917952K), 0.0550344 secs] [Times: user=0.33 sys=0.00, real=0.05 secs] 
4907.092: [GC (Allocation Failure) [PSYoungGen: 484864K->110240K(521728K)] 1706038K->1461382K(1920000K), 0.0654463 secs] [Times: user=0.39 sys=0.00, real=0.06 secs] 
4907.157: [Full GC (Ergonomics) [PSYoungGen: 110240K->0K(521728K)] [ParOldGen: 1351142K->20784K(1398272K)] 1461382K->20784K(1920000K), [Metaspace: 60522K->60522K(1105920K)], 0.0303239 secs] [Times: user=0.08 sys=0.00, real=0.03 secs] 
4908.331: [GC (Allocation Failure) [PSYoungGen: 351232K->139456K(523264K)] 372016K->160240K(1921536K), 0.0404502 secs] [Times: user=0.23 sys=0.00, real=0.04 secs] 
4909.979: [GC (Allocation Failure) [PSYoungGen: 490688K->110240K(522752K)] 511472K->261492K(1921024K), 0.0965317 secs] [Times: user=0.57 sys=0.00, real=0.10 secs] 
4912.233: [GC (Allocation Failure) [PSYoungGen: 464032K->139872K(524288K)] 615284K->399233K(1922560K), 0.0528457 secs] [Times: user=0.31 sys=0.00, real=0.05 secs] 
4913.680: [GC (Allocation Failure) [PSYoungGen: 493664K->113120K(524800K)] 753025K->502745K(1923072K), 0.0649691 secs] [Times: user=0.39 sys=0.00, real=0.07 secs] 
4914.846: [GC (Allocation Failure) [PSYoungGen: 469472K->145024K(525824K)] 859097K->646435K(1924096K), 0.0548270 secs] [Times: user=0.32 sys=0.00, real=0.06 secs] 
4916.352: [GC (GCLocker Initiated GC) [PSYoungGen: 501376K->109440K(527872K)] 1002788K->747204K(1926144K), 0.0736533 secs] [Times: user=0.44 sys=0.00, real=0.07 secs] 
4917.893: [GC (Allocation Failure) [PSYoungGen: 464768K->142656K(498176K)] 1102536K->888029K(1896448K), 0.0540126 secs] [Times: user=0.31 sys=0.00, real=0.05 secs] 
4919.517: [GC (Allocation Failure) [PSYoungGen: 497984K->111424K(527872K)] 1243357K->990193K(1926144K), 0.0825409 secs] [Times: user=0.49 sys=0.00, real=0.08 secs] 
4921.145: [GC (Allocation Failure) [PSYoungGen: 466240K->145280K(500224K)] 1345009K->1132206K(1898496K), 0.0545785 secs] [Times: user=0.32 sys=0.00, real=0.05 secs] 
4922.875: [GC (GCLocker Initiated GC) [PSYoungGen: 500096K->109792K(526848K)] 1487023K->1232579K(1925120K), 0.0920992 secs] [Times: user=0.54 sys=0.00, real=0.09 secs] 
4924.061: [GC (GCLocker Initiated GC) [PSYoungGen: 462560K->145856K(498688K)] 1585349K->1376407K(1896960K), 0.0549556 secs] [Times: user=0.32 sys=0.00, real=0.05 secs] 
4925.841: [GC (Allocation Failure) [PSYoungGen: 498624K->108896K(525312K)] 1729176K->1476712K(1923584K), 0.1117386 secs] [Times: user=0.66 sys=0.01, real=0.11 secs] 
4925.953: [Full GC (Ergonomics) [PSYoungGen: 108896K->0K(525312K)] [ParOldGen: 1367816K->42709K(1398272K)] 1476712K->42709K(1923584K), [Metaspace: 60522K->60522K(1105920K)], 0.0956174 secs] [Times: user=0.39 sys=0.00, real=0.09 secs] 
4927.138: [GC (Allocation Failure) [PSYoungGen: 350208K->145440K(496128K)] 392917K->188149K(1894400K), 0.0292560 secs] [Times: user=0.17 sys=0.00, real=0.03 secs] 
4928.861: [GC (GCLocker Initiated GC) [PSYoungGen: 495648K->109696K(524800K)] 538358K->288186K(1923072K), 0.0818429 secs] [Times: user=0.49 sys=0.00, real=0.08 secs] 
4930.094: [GC (Allocation Failure) [PSYoungGen: 458368K->143840K(522752K)] 636861K->428074K(1921024K), 0.0521574 secs] [Times: user=0.31 sys=0.00, real=0.05 secs] 
4931.673: [GC (Allocation Failure) [PSYoungGen: 492512K->108352K(523264K)] 776746K->526818K(1921536K), 0.0671987 secs] [Times: user=0.40 sys=0.00, real=0.07 secs] 
4932.314: [GC (Allocation Failure) [PSYoungGen: 456512K->145600K(494080K)] 874978K->669301K(1892352K), 0.0527930 secs] [Times: user=0.31 sys=0.00, real=0.05 secs] 
4934.056: [GC (Allocation Failure) [PSYoungGen: 493760K->105504K(522752K)] 1017461K->766181K(1921024K), 0.1213916 secs] [Times: user=0.73 sys=0.00, real=0.12 secs] 
4935.019: [GC (Allocation Failure) [PSYoungGen: 451104K->146656K(492544K)] 1111781K->909454K(1890816K), 0.0520899 secs] [Times: user=0.31 sys=0.00, real=0.06 secs] 
4938.054: [GC (Allocation Failure) [PSYoungGen: 492256K->102688K(521216K)] 1255054K->1003702K(1919488K), 0.1593544 secs] [Times: user=0.95 sys=0.00, real=0.16 secs] 
4939.636: [GC (Allocation Failure) [PSYoungGen: 445216K->143456K(486400K)] 1346230K->1142939K(1884672K), 0.0508737 secs] [Times: user=0.29 sys=0.00, real=0.05 secs] 
4941.233: [GC (Allocation Failure) [PSYoungGen: 485984K->103360K(520704K)] 1485467K->1236987K(1918976K), 0.1144173 secs] [Times: user=0.68 sys=0.00, real=0.11 secs] 
4942.635: [GC (Allocation Failure) [PSYoungGen: 444864K->141920K(519680K)] 1578491K->1376739K(1917952K), 0.0714067 secs] [Times: user=0.42 sys=0.00, real=0.07 secs] 
4942.707: [Full GC (Ergonomics) [PSYoungGen: 141920K->0K(519680K)] [ParOldGen: 1234819K->178766K(1398272K)] 1376739K->178766K(1917952K), [Metaspace: 60539K->60539K(1105920K)], 0.4272176 secs] [Times: user=1.99 sys=0.00, real=0.43 secs] 
4944.813: [GC (Allocation Failure) [PSYoungGen: 341504K->102656K(519680K)] 520270K->281422K(1917952K), 0.0491484 secs] [Times: user=0.29 sys=0.00, real=0.05 secs] 
4946.582: [GC (Allocation Failure) [PSYoungGen: 444160K->139968K(519680K)] 622926K->418387K(1917952K), 0.0514522 secs] [Times: user=0.31 sys=0.00, real=0.05 secs] 
4948.904: [GC (Allocation Failure) [PSYoungGen: 481472K->102336K(518144K)] 759891K->511707K(1916416K), 0.1733990 secs] [Times: user=1.03 sys=0.00, real=0.17 secs] 
4950.305: [GC (Allocation Failure) [PSYoungGen: 444352K->138336K(519168K)] 853723K->648176K(1917440K), 0.0512422 secs] [Times: user=0.30 sys=0.00, real=0.05 secs] 
4951.663: [GC (Allocation Failure) [PSYoungGen: 480352K->108512K(517120K)] 990192K->747872K(1915392K), 0.0642273 secs] [Times: user=0.38 sys=0.00, real=0.06 secs] 
4953.361: [GC (Allocation Failure) [PSYoungGen: 452576K->137696K(519168K)] 1091936K->882789K(1917440K), 0.0533996 secs] [Times: user=0.32 sys=0.00, real=0.05 secs] 
4954.809: [GC (GCLocker Initiated GC) [PSYoungGen: 481760K->109856K(518656K)] 1226853K->983597K(1916928K), 0.0794954 secs] [Times: user=0.47 sys=0.00, real=0.08 secs] 
4957.741: [GC (GCLocker Initiated GC) [PSYoungGen: 458528K->134432K(521216K)] 1332273K->1115934K(1919488K), 0.0548276 secs] [Times: user=0.32 sys=0.00, real=0.05 secs] 
4959.158: [GC (Allocation Failure) [PSYoungGen: 483104K->113472K(519680K)] 1464608K->1219913K(1917952K), 0.0649533 secs] [Times: user=0.39 sys=0.00, real=0.07 secs] 
4960.866: [GC (Allocation Failure) [PSYoungGen: 467776K->139008K(523264K)] 1574217K->1357548K(1921536K), 0.0559814 secs] [Times: user=0.33 sys=0.00, real=0.06 secs] 
4962.491: [GC (Allocation Failure) [PSYoungGen: 493312K->112960K(526336K)] 1711852K->1461764K(1924608K), 0.0674520 secs] [Times: user=0.40 sys=0.00, real=0.06 secs] 
4962.559: [Full GC (Ergonomics) [PSYoungGen: 112960K->0K(526336K)] [ParOldGen: 1348804K->22665K(1398272K)] 1461764K->22665K(1924608K), [Metaspace: 60539K->60539K(1105920K)], 0.0316483 secs] [Times: user=0.08 sys=0.00, real=0.04 secs] 
4964.390: [GC (Allocation Failure) [PSYoungGen: 359424K->142688K(527360K)] 382089K->165353K(1925632K), 0.0281270 secs] [Times: user=0.16 sys=0.00, real=0.02 secs] 
4965.876: [GC (GCLocker Initiated GC) [PSYoungGen: 502112K->113824K(528384K)] 524778K->269782K(1926656K), 0.0677834 secs] [Times: user=0.40 sys=0.00, real=0.07 secs] 
4967.177: [GC (Allocation Failure) [PSYoungGen: 474272K->145504K(506368K)] 630233K->413210K(1904640K), 0.0541604 secs] [Times: user=0.32 sys=0.00, real=0.06 secs] 
4968.611: [GC (Allocation Failure) [PSYoungGen: 505952K->114496K(529920K)] 773658K->518342K(1928192K), 0.0653486 secs] [Times: user=0.38 sys=0.00, real=0.06 secs] 
4969.275: [GC (GCLocker Initiated GC) [PSYoungGen: 472896K->149664K(508416K)] 876742K->666087K(1906688K), 0.0551772 secs] [Times: user=0.32 sys=0.00, real=0.06 secs] 
4971.972: [GC (Allocation Failure) [PSYoungGen: 508064K->105920K(525824K)] 1024489K->763513K(1924096K), 0.1326745 secs] [Times: user=0.78 sys=0.01, real=0.13 secs] 
4972.803: [GC (Allocation Failure) [PSYoungGen: 458176K->148416K(500736K)] 1115769K->907918K(1899008K), 0.0521489 secs] [Times: user=0.31 sys=0.00, real=0.05 secs] 
4975.208: [GC (Allocation Failure) [PSYoungGen: 500672K->105248K(523264K)] 1260174K->1004270K(1921536K), 0.1334182 secs] [Times: user=0.80 sys=0.00, real=0.14 secs] 
4976.415: [GC (Allocation Failure) [PSYoungGen: 451872K->145792K(492544K)] 1350894K->1145751K(1890816K), 0.0513036 secs] [Times: user=0.30 sys=0.00, real=0.05 secs] 
4977.800: [GC (Allocation Failure) [PSYoungGen: 492416K->107328K(522240K)] 1492375K->1244079K(1920512K), 0.0645476 secs] [Times: user=0.38 sys=0.00, real=0.07 secs] 
4978.416: [GC (Allocation Failure) [PSYoungGen: 451392K->144256K(520704K)] 1588143K->1385208K(1918976K), 0.0518528 secs] [Times: user=0.31 sys=0.00, real=0.05 secs] 
4978.468: [Full GC (Ergonomics) [PSYoungGen: 144256K->0K(520704K)] [ParOldGen: 1240952K->188735K(1398272K)] 1385208K->188735K(1918976K), [Metaspace: 60541K->60541K(1105920K)], 0.4474454 secs] [Times: user=2.07 sys=0.00, real=0.45 secs] 
4980.619: [GC (Allocation Failure) [PSYoungGen: 344064K->100736K(521216K)] 532799K->289472K(1919488K), 0.0608251 secs] [Times: user=0.36 sys=0.00, real=0.06 secs] 
4981.534: [GC (Allocation Failure) [PSYoungGen: 443776K->152640K(496128K)] 632512K->438255K(1894400K), 0.0500742 secs] [Times: user=0.30 sys=0.00, real=0.05 secs] 
4983.710: [GC (Allocation Failure) [PSYoungGen: 495680K->104288K(517632K)] 781295K->525267K(1915904K), 0.1227064 secs] [Times: user=0.73 sys=0.00, real=0.13 secs] 
4984.544: [GC (Allocation Failure) [PSYoungGen: 439136K->139104K(474112K)] 860115K->661544K(1872384K), 0.0508167 secs] [Times: user=0.30 sys=0.00, real=0.05 secs] 
4985.861: [GC (Allocation Failure) [PSYoungGen: 473952K->101952K(516608K)] 996392K->754264K(1914880K), 0.0637198 secs] [Times: user=0.38 sys=0.00, real=0.06 secs] 
4986.721: [GC (Allocation Failure) [PSYoungGen: 437824K->139520K(515584K)] 1090136K->892018K(1913856K), 0.0515148 secs] [Times: user=0.30 sys=0.00, real=0.05 secs] 
4988.620: [GC (Allocation Failure) [PSYoungGen: 475392K->103520K(517120K)] 1227890K->987082K(1915392K), 0.0805515 secs] [Times: user=0.48 sys=0.00, real=0.09 secs] 
4990.307: [GC (Allocation Failure) [PSYoungGen: 442976K->135296K(517632K)] 1326538K->1120681K(1915904K), 0.0515462 secs] [Times: user=0.31 sys=0.00, real=0.05 secs] 
4991.664: [GC (Allocation Failure) [PSYoungGen: 474752K->110048K(516096K)] 1460137K->1221373K(1914368K), 0.0644585 secs] [Times: user=0.39 sys=0.00, real=0.06 secs] 
4992.738: [GC (Allocation Failure) [PSYoungGen: 453600K->136224K(518144K)] 1564925K->1356122K(1916416K), 0.0538816 secs] [Times: user=0.31 sys=0.00, real=0.06 secs] 
4994.191: [GC (Allocation Failure) [PSYoungGen: 479776K->111744K(518656K)] 1699674K->1458378K(1916928K), 0.0650612 secs] [Times: user=0.39 sys=0.00, real=0.06 secs] 
4994.257: [Full GC (Ergonomics) [PSYoungGen: 111744K->0K(518656K)] [ParOldGen: 1346634K->18431K(1398272K)] 1458378K->18431K(1916928K), [Metaspace: 60541K->60541K(1105920K)], 0.0298466 secs] [Times: user=0.07 sys=0.00, real=0.03 secs] 
4995.166: [GC (Allocation Failure) [PSYoungGen: 350208K->138784K(521728K)] 368639K->157216K(1920000K), 0.0273263 secs] [Times: user=0.16 sys=0.00, real=0.03 secs] 
4996.759: [GC (Allocation Failure) [PSYoungGen: 488992K->112448K(522240K)] 507424K->260984K(1920512K), 0.0695832 secs] [Times: user=0.42 sys=0.00, real=0.07 secs] 
4998.676: [GC (Allocation Failure) [PSYoungGen: 467264K->141056K(524288K)] 615800K->400360K(1922560K), 0.0537837 secs] [Times: user=0.32 sys=0.00, real=0.05 secs] 
5000.398: [GC (Allocation Failure) [PSYoungGen: 495872K->110176K(527360K)] 755176K->501292K(1925632K), 0.0891756 secs] [Times: user=0.53 sys=0.00, real=0.09 secs] 
5001.946: [GC (Allocation Failure) [PSYoungGen: 468064K->145184K(503296K)] 859180K->645021K(1901568K), 0.0540515 secs] [Times: user=0.31 sys=0.00, real=0.05 secs] 
5003.336: [GC (Allocation Failure) [PSYoungGen: 503072K->110784K(527872K)] 1002909K->747197K(1926144K), 0.0663234 secs] [Times: user=0.40 sys=0.00, real=0.07 secs] 
5004.744: [GC (Allocation Failure) [PSYoungGen: 465600K->144384K(499712K)] 1102013K->889098K(1897984K), 0.0537218 secs] [Times: user=0.32 sys=0.00, real=0.05 secs] 
5006.503: [GC (Allocation Failure) [PSYoungGen: 499200K->109760K(527360K)] 1243914K->989818K(1925632K), 0.1001961 secs] [Times: user=0.59 sys=0.01, real=0.10 secs] 
5007.491: [GC (Allocation Failure) [PSYoungGen: 463552K->148032K(502272K)] 1343610K->1134819K(1900544K), 0.0539207 secs] [Times: user=0.32 sys=0.00, real=0.05 secs] 
5009.421: [GC (Allocation Failure) [PSYoungGen: 501824K->108960K(524800K)] 1488611K->1234995K(1923072K), 0.0718876 secs] [Times: user=0.42 sys=0.00, real=0.07 secs] 
5010.255: [GC (Allocation Failure) [PSYoungGen: 458144K->145088K(494592K)] 1584179K->1377288K(1892864K), 0.0529232 secs] [Times: user=0.31 sys=0.00, real=0.05 secs] 
5010.308: [Full GC (Ergonomics) [PSYoungGen: 145088K->0K(494592K)] [ParOldGen: 1232200K->181244K(1398272K)] 1377288K->181244K(1892864K), [Metaspace: 60541K->60541K(1105920K)], 0.4357421 secs] [Times: user=2.03 sys=0.00, real=0.44 secs] 
5012.033: [GC (Allocation Failure) [PSYoungGen: 349184K->107168K(523776K)] 530428K->288413K(1922048K), 0.0349521 secs] [Times: user=0.20 sys=0.00, real=0.03 secs] 
5012.906: [GC (Allocation Failure) [PSYoungGen: 454304K->146080K(493568K)] 635549K->431657K(1891840K), 0.0528087 secs] [Times: user=0.31 sys=0.00, real=0.05 secs] 
5014.983: [GC (Allocation Failure) [PSYoungGen: 493216K->104000K(522240K)] 778793K->526905K(1920512K), 0.1356155 secs] [Times: user=0.80 sys=0.00, real=0.13 secs] 
5016.451: [GC (Allocation Failure) [PSYoungGen: 448576K->142496K(487424K)] 871481K->666226K(1885696K), 0.0514553 secs] [Times: user=0.30 sys=0.00, real=0.05 secs] 
5018.106: [GC (Allocation Failure) [PSYoungGen: 487072K->107392K(522752K)] 1010802K->764282K(1921024K), 0.0646991 secs] [Times: user=0.38 sys=0.00, real=0.07 secs] 
5018.978: [GC (Allocation Failure) [PSYoungGen: 451968K->142464K(520704K)] 1108858K->904371K(1918976K), 0.0533504 secs] [Times: user=0.31 sys=0.00, real=0.06 secs] 
5020.502: [GC (Allocation Failure) [PSYoungGen: 487040K->105664K(521216K)] 1248947K->1000683K(1919488K), 0.1034622 secs] [Times: user=0.62 sys=0.00, real=0.10 secs] 
5021.524: [GC (GCLocker Initiated GC) [PSYoungGen: 450752K->141888K(521216K)] 1345771K->1140652K(1919488K), 0.0530368 secs] [Times: user=0.31 sys=0.00, real=0.05 secs] 
5023.836: [GC (GCLocker Initiated GC) [PSYoungGen: 486976K->103936K(521728K)] 1485742K->1236078K(1920000K), 0.1367476 secs] [Times: user=0.80 sys=0.00, real=0.14 secs] 
5025.454: [GC (Allocation Failure) [PSYoungGen: 449536K->150368K(496128K)] 1581681K->1383570K(1894400K), 0.0530917 secs] [Times: user=0.32 sys=0.00, real=0.05 secs] 
5025.507: [Full GC (Ergonomics) [PSYoungGen: 150368K->0K(496128K)] [ParOldGen: 1233202K->172675K(1398272K)] 1383570K->172675K(1894400K), [Metaspace: 60541K->60541K(1105920K)], 0.4133133 secs] [Times: user=1.91 sys=0.00, real=0.42 secs] 
5027.548: [GC (GCLocker Initiated GC) [PSYoungGen: 345600K->106784K(520192K)] 518275K->279459K(1918464K), 0.0600237 secs] [Times: user=0.35 sys=0.01, real=0.06 secs] 
5029.171: [GC (Allocation Failure) [PSYoungGen: 446240K->145184K(518144K)] 618918K->421507K(1916416K), 0.0528704 secs] [Times: user=0.31 sys=0.00, real=0.05 secs] 
5030.487: [GC (Allocation Failure) [PSYoungGen: 484640K->107200K(518144K)] 760963K->511319K(1916416K), 0.0633564 secs] [Times: user=0.37 sys=0.00, real=0.07 secs] 
5031.511: [GC (Allocation Failure) [PSYoungGen: 446656K->137408K(518144K)] 850775K->646492K(1916416K), 0.0523971 secs] [Times: user=0.31 sys=0.00, real=0.05 secs] 
5032.964: [GC (Allocation Failure) [PSYoungGen: 476864K->107616K(516608K)] 985948K->745028K(1914880K), 0.0740743 secs] [Times: user=0.44 sys=0.00, real=0.07 secs] 
5035.071: [GC (GCLocker Initiated GC) [PSYoungGen: 449632K->134144K(518144K)] 1087044K->877425K(1916416K), 0.0525333 secs] [Times: user=0.31 sys=0.00, real=0.05 secs] 
5036.448: [GC (Allocation Failure) [PSYoungGen: 476160K->112832K(516608K)] 1219442K->980810K(1914880K), 0.0653611 secs] [Times: user=0.39 sys=0.01, real=0.07 secs] 
5037.873: [GC (Allocation Failure) [PSYoungGen: 460992K->134624K(519680K)] 1328970K->1114255K(1917952K), 0.0537313 secs] [Times: user=0.31 sys=0.00, real=0.05 secs] 
5039.422: [GC (Allocation Failure) [PSYoungGen: 482784K->114848K(520704K)] 1462415K->1220295K(1918976K), 0.0646710 secs] [Times: user=0.38 sys=0.01, real=0.06 secs] 
5041.131: [GC (Allocation Failure) [PSYoungGen: 471200K->137856K(524288K)] 1576647K->1356612K(1922560K), 0.0552385 secs] [Times: user=0.33 sys=0.00, real=0.05 secs] 
5042.733: [GC (Allocation Failure) [PSYoungGen: 494208K->115680K(526848K)] 1712964K->1462816K(1925120K), 0.0905423 secs] [Times: user=0.53 sys=0.00, real=0.09 secs] 
5042.824: [Full GC (Ergonomics) [PSYoungGen: 115680K->0K(526848K)] [ParOldGen: 1347136K->22921K(1398272K)] 1462816K->22921K(1925120K), [Metaspace: 60541K->60541K(1105920K)], 0.0377370 secs] [Times: user=0.11 sys=0.00, real=0.04 secs] 
5045.088: [GC (GCLocker Initiated GC) [PSYoungGen: 361984K->141632K(528384K)] 384905K->164553K(1926656K), 0.0280144 secs] [Times: user=0.16 sys=0.00, real=0.03 secs] 
5046.462: [GC (Allocation Failure) [PSYoungGen: 503616K->116576K(529408K)] 526539K->271771K(1927680K), 0.0661390 secs] [Times: user=0.39 sys=0.00, real=0.06 secs] 
5047.641: [GC (GCLocker Initiated GC) [PSYoungGen: 480608K->147616K(512000K)] 635804K->415437K(1910272K), 0.0550280 secs] [Times: user=0.32 sys=0.00, real=0.05 secs] 
5049.165: [GC (Allocation Failure) [PSYoungGen: 511648K->116320K(530944K)] 779472K->521896K(1929216K), 0.0656121 secs] [Times: user=0.38 sys=0.01, real=0.07 secs] 
5050.019: [GC (Allocation Failure) [PSYoungGen: 477280K->152032K(513024K)] 882856K->669892K(1911296K), 0.0561677 secs] [Times: user=0.33 sys=0.00, real=0.06 secs] 
5052.514: [GC (GCLocker Initiated GC) [PSYoungGen: 512992K->108736K(526848K)] 1030855K->769471K(1925120K), 0.1165410 secs] [Times: user=0.69 sys=0.01, real=0.12 secs] 
5053.357: [GC (Allocation Failure) [PSYoungGen: 462528K->149120K(503296K)] 1123269K->914422K(1901568K), 0.0530195 secs] [Times: user=0.32 sys=0.00, real=0.05 secs] 
5054.957: [GC (Allocation Failure) [PSYoungGen: 502912K->108288K(524288K)] 1268214K->1013686K(1922560K), 0.0681153 secs] [Times: user=0.41 sys=0.00, real=0.07 secs] 
5056.146: [GC (Allocation Failure) [PSYoungGen: 448250K->143072K(522752K)] 1353649K->1153319K(1921024K), 0.0908066 secs] [Times: user=0.54 sys=0.00, real=0.09 secs] 
5058.884: [GC (Allocation Failure) [PSYoungGen: 491232K->102080K(523264K)] 1501479K->1247023K(1921536K), 0.1163192 secs] [Times: user=0.69 sys=0.00, real=0.12 secs] 
5059.777: [GC (Allocation Failure) [PSYoungGen: 449216K->146560K(494080K)] 1594159K->1389320K(1892352K), 0.0501699 secs] [Times: user=0.29 sys=0.00, real=0.05 secs] 
5059.827: [Full GC (Ergonomics) [PSYoungGen: 146560K->0K(494080K)] [ParOldGen: 1242760K->193989K(1398272K)] 1389320K->193989K(1892352K), [Metaspace: 60541K->60541K(1105920K)], 0.4668036 secs] [Times: user=2.18 sys=0.00, real=0.47 secs] 
5062.818: [GC (Allocation Failure) [PSYoungGen: 347136K->104320K(521216K)] 541125K->298309K(1919488K), 0.0834919 secs] [Times: user=0.49 sys=0.00, real=0.09 secs] 
5063.920: [GC (Allocation Failure) [PSYoungGen: 446848K->142880K(520192K)] 640837K->437354K(1918464K), 0.0500197 secs] [Times: user=0.30 sys=0.00, real=0.05 secs] 
5065.353: [GC (Allocation Failure) [PSYoungGen: 485408K->104800K(519168K)] 779884K->532904K(1917440K), 0.0818373 secs] [Times: user=0.48 sys=0.01, real=0.08 secs] 
5066.157: [GC (Allocation Failure) [PSYoungGen: 447328K->144032K(519680K)] 875432K->672621K(1917952K), 0.0511481 secs] [Times: user=0.31 sys=0.00, real=0.05 secs] 
5068.249: [GC (Allocation Failure) [PSYoungGen: 486560K->102880K(520704K)] 1015149K->766565K(1918976K), 0.1171420 secs] [Times: user=0.69 sys=0.00, real=0.12 secs] 
5069.992: [GC (Allocation Failure) [PSYoungGen: 444384K->141184K(519680K)] 1108069K->903214K(1917952K), 0.0515011 secs] [Times: user=0.29 sys=0.01, real=0.05 secs] 
5071.834: [GC (Allocation Failure) [PSYoungGen: 482688K->105312K(518144K)] 1244718K->999270K(1916416K), 0.1210412 secs] [Times: user=0.72 sys=0.00, real=0.12 secs] 
5072.963: [GC (Allocation Failure) [PSYoungGen: 447328K->140160K(519168K)] 1341286K->1137311K(1917440K), 0.0531065 secs] [Times: user=0.31 sys=0.00, real=0.05 secs] 
5074.819: [GC (Allocation Failure) [PSYoungGen: 482176K->104352K(519168K)] 1479327K->1232627K(1917440K), 0.0683172 secs] [Times: user=0.40 sys=0.00, real=0.07 secs] 
5075.738: [GC (Allocation Failure) [PSYoungGen: 448416K->141152K(520192K)] 1576691K->1370872K(1918464K), 0.0523312 secs] [Times: user=0.31 sys=0.00, real=0.06 secs] 
5077.618: [GC (Allocation Failure) [PSYoungGen: 485216K->108384K(519168K)] 1714936K->1469632K(1917440K), 0.1439053 secs] [Times: user=0.86 sys=0.00, real=0.15 secs] 
5077.762: [Full GC (Ergonomics) [PSYoungGen: 108384K->0K(519168K)] [ParOldGen: 1361248K->30651K(1398272K)] 1469632K->30651K(1917440K), [Metaspace: 60542K->60542K(1105920K)], 0.0837535 secs] [Times: user=0.30 sys=0.00, real=0.08 secs] 
5079.514: [GC (GCLocker Initiated GC) [PSYoungGen: 345088K->141472K(520192K)] 375740K->172124K(1918464K), 0.0284232 secs] [Times: user=0.16 sys=0.00, real=0.03 secs] 
5080.972: [GC (Allocation Failure) [PSYoungGen: 486560K->107648K(521216K)] 517214K->270270K(1919488K), 0.0825232 secs] [Times: user=0.49 sys=0.01, real=0.08 secs] 
5081.789: [GC (GCLocker Initiated GC) [PSYoungGen: 454784K->140512K(521728K)] 617406K->409867K(1920000K), 0.0527005 secs] [Times: user=0.31 sys=0.00, real=0.06 secs] 
5083.737: [GC (Allocation Failure) [PSYoungGen: 487648K->108576K(521216K)] 757042K->509642K(1919488K), 0.0946377 secs] [Times: user=0.57 sys=0.00, real=0.10 secs] 
5085.390: [GC (GCLocker Initiated GC) [PSYoungGen: 457248K->140416K(522240K)] 858314K->648327K(1920512K), 0.0526675 secs] [Times: user=0.31 sys=0.00, real=0.06 secs] 
5087.713: [GC (Allocation Failure) [PSYoungGen: 489088K->109280K(521728K)] 997070K->748294K(1920000K), 0.0948624 secs] [Times: user=0.56 sys=0.00, real=0.09 secs] 
5089.181: [GC (Allocation Failure) [PSYoungGen: 459488K->141856K(522752K)] 1098502K->888079K(1921024K), 0.0533344 secs] [Times: user=0.32 sys=0.00, real=0.05 secs] 
5090.855: [GC (Allocation Failure) [PSYoungGen: 492064K->109408K(524288K)] 1238287K->988719K(1922560K), 0.0646430 secs] [Times: user=0.38 sys=0.00, real=0.06 secs] 
5091.764: [GC (Allocation Failure) [PSYoungGen: 461152K->145472K(497664K)] 1340463K->1131928K(1895936K), 0.0532282 secs] [Times: user=0.31 sys=0.00, real=0.05 secs] 
5093.545: [GC (GCLocker Initiated GC) [PSYoungGen: 497216K->105664K(524800K)] 1483672K->1228752K(1923072K), 0.1082704 secs] [Times: user=0.64 sys=0.00, real=0.11 secs] 
5094.926: [GC (Allocation Failure) [PSYoungGen: 454848K->152224K(501760K)] 1577939K->1377896K(1900032K), 0.0523380 secs] [Times: user=0.31 sys=0.00, real=0.05 secs] 
5096.836: [GC (Allocation Failure) [PSYoungGen: 501408K->108320K(521216K)] 1727080K->1468548K(1919488K), 0.1316063 secs] [Times: user=0.78 sys=0.01, real=0.13 secs] 
5096.968: [Full GC (Ergonomics) [PSYoungGen: 108320K->0K(521216K)] [ParOldGen: 1360228K->32512K(1398272K)] 1468548K->32512K(1919488K), [Metaspace: 60542K->60542K(1105920K)], 0.0833452 secs] [Times: user=0.31 sys=0.00, real=0.09 secs] 
5098.651: [GC (Allocation Failure) [PSYoungGen: 341504K->147936K(489472K)] 374016K->180448K(1887744K), 0.0281666 secs] [Times: user=0.16 sys=0.00, real=0.02 secs] 
5100.040: [GC (Allocation Failure) [PSYoungGen: 489440K->106080K(519680K)] 521952K->269340K(1917952K), 0.0642270 secs] [Times: user=0.38 sys=0.00, real=0.06 secs] 
5100.811: [GC (Allocation Failure) [PSYoungGen: 445024K->138848K(478208K)] 608284K->406849K(1876480K), 0.0519562 secs] [Times: user=0.31 sys=0.00, real=0.05 secs] 
5102.306: [GC (Allocation Failure) [PSYoungGen: 477792K->106080K(519168K)] 745793K->504153K(1917440K), 0.0638890 secs] [Times: user=0.38 sys=0.00, real=0.06 secs] 
5103.572: [GC (Allocation Failure) [PSYoungGen: 446560K->137728K(517632K)] 844633K->640198K(1915904K), 0.0520845 secs] [Times: user=0.30 sys=0.00, real=0.05 secs] 
5105.145: [GC (Allocation Failure) [PSYoungGen: 478208K->108512K(519680K)] 980678K->739466K(1917952K), 0.0642072 secs] [Times: user=0.38 sys=0.00, real=0.06 secs] 
5106.236: [GC (Allocation Failure) [PSYoungGen: 453600K->138368K(519680K)] 1084554K->876715K(1917952K), 0.0532581 secs] [Times: user=0.31 sys=0.00, real=0.05 secs] 
5108.079: [GC (Allocation Failure) [PSYoungGen: 483456K->109920K(520192K)] 1221803K->978131K(1918464K), 0.0693780 secs] [Times: user=0.41 sys=0.00, real=0.07 secs] 
5109.133: [GC (Allocation Failure) [PSYoungGen: 459616K->147040K(522240K)] 1327827K->1124036K(1920512K), 0.0542710 secs] [Times: user=0.32 sys=0.00, real=0.05 secs] 
5110.496: [GC (Allocation Failure) [PSYoungGen: 496736K->111968K(523776K)] 1473732K->1218476K(1922048K), 0.0668539 secs] [Times: user=0.40 sys=0.00, real=0.07 secs] 
5112.281: [GC (Allocation Failure) [PSYoungGen: 461152K->138080K(522752K)] 1567660K->1354433K(1921024K), 0.0542755 secs] [Times: user=0.32 sys=0.00, real=0.05 secs] 
5113.690: [GC (Allocation Failure) [PSYoungGen: 487264K->114336K(521216K)] 1703617K->1459181K(1919488K), 0.0672528 secs] [Times: user=0.40 sys=0.00, real=0.06 secs] 
5113.758: [Full GC (Ergonomics) [PSYoungGen: 114336K->0K(521216K)] [ParOldGen: 1344845K->24183K(1398272K)] 1459181K->24183K(1919488K), [Metaspace: 60542K->60542K(1105920K)], 0.0329599 secs] [Times: user=0.10 sys=0.01, real=0.04 secs] 
5115.623: [GC (Allocation Failure) [PSYoungGen: 351744K->139776K(522752K)] 375927K->163959K(1921024K), 0.0273566 secs] [Times: user=0.16 sys=0.00, real=0.02 secs] 
5116.970: [GC (Allocation Failure) [PSYoungGen: 491520K->112032K(524800K)] 515703K->266047K(1923072K), 0.0644404 secs] [Times: user=0.38 sys=0.00, real=0.07 secs] 
5117.864: [GC (Allocation Failure) [PSYoungGen: 467872K->144640K(525824K)] 621887K->408659K(1924096K), 0.0538957 secs] [Times: user=0.32 sys=0.00, real=0.05 secs] 
5119.392: [GC (Allocation Failure) [PSYoungGen: 500480K->111456K(527360K)] 764499K->510731K(1925632K), 0.0780722 secs] [Times: user=0.46 sys=0.00, real=0.08 secs] 
5120.589: [GC (Allocation Failure) [PSYoungGen: 466784K->146432K(502272K)] 866059K->654436K(1900544K), 0.0548123 secs] [Times: user=0.32 sys=0.00, real=0.06 secs] 
5122.448: [GC (GCLocker Initiated GC) [PSYoungGen: 501760K->110304K(526336K)] 1009764K->755404K(1924608K), 0.1120570 secs] [Times: user=0.65 sys=0.01, real=0.11 secs] 
5123.703: [GC (Allocation Failure) [PSYoungGen: 462560K->145440K(498176K)] 1107663K->897979K(1896448K), 0.0541917 secs] [Times: user=0.32 sys=0.00, real=0.05 secs] 
5125.226: [GC (Allocation Failure) [PSYoungGen: 497696K->110016K(525824K)] 1250235K->998887K(1924096K), 0.0654329 secs] [Times: user=0.38 sys=0.00, real=0.07 secs] 
5126.097: [GC (Allocation Failure) [PSYoungGen: 460736K->146144K(497152K)] 1349607K->1141396K(1895424K), 0.0540716 secs] [Times: user=0.32 sys=0.00, real=0.06 secs] 
5128.554: [GC (Allocation Failure) [PSYoungGen: 496864K->105536K(523776K)] 1492116K->1237964K(1922048K), 0.1430311 secs] [Times: user=0.85 sys=0.00, real=0.14 secs] 
5130.291: [GC (GCLocker Initiated GC) [PSYoungGen: 453184K->145600K(493568K)] 1585613K->1379366K(1891840K), 0.0536785 secs] [Times: user=0.31 sys=0.00, real=0.05 secs] 
5130.345: [Full GC (Ergonomics) [PSYoungGen: 145600K->0K(493568K)] [ParOldGen: 1233766K->182991K(1398272K)] 1379366K->182991K(1891840K), [Metaspace: 60580K->60580K(1105920K)], 0.4387126 secs] [Times: user=2.04 sys=0.00, real=0.44 secs] 
5132.590: [GC (Allocation Failure) [PSYoungGen: 347648K->105664K(522752K)] 530643K->288659K(1921024K), 0.0754873 secs] [Times: user=0.44 sys=0.01, real=0.07 secs] 
5133.733: [GC (Allocation Failure) [PSYoungGen: 450752K->142400K(521216K)] 633747K->427532K(1919488K), 0.0518900 secs] [Times: user=0.30 sys=0.00, real=0.05 secs] 
5136.502: [GC (Allocation Failure) [PSYoungGen: 487488K->105440K(521216K)] 772620K->523852K(1919488K), 0.1333373 secs] [Times: user=0.79 sys=0.00, real=0.13 secs] 
5138.207: [GC (Allocation Failure) [PSYoungGen: 450528K->142080K(521216K)] 868940K->662620K(1919488K), 0.0521051 secs] [Times: user=0.31 sys=0.00, real=0.05 secs] 
5140.198: [GC (Allocation Failure) [PSYoungGen: 487168K->105056K(521216K)] 1007708K->758801K(1919488K), 0.1260357 secs] [Times: user=0.75 sys=0.01, real=0.13 secs] 
5142.267: [GC (GCLocker Initiated GC) [PSYoungGen: 450144K->138240K(521216K)] 1103889K->894289K(1919488K), 0.0516772 secs] [Times: user=0.31 sys=0.00, real=0.05 secs] 
5144.334: [GC (Allocation Failure) [PSYoungGen: 483328K->106304K(519680K)] 1239380K->991412K(1917952K), 0.1006634 secs] [Times: user=0.59 sys=0.01, real=0.10 secs] 
5145.396: [GC (Allocation Failure) [PSYoungGen: 452928K->140832K(521216K)] 1338036K->1129936K(1919488K), 0.0525004 secs] [Times: user=0.30 sys=0.00, real=0.05 secs] 
5146.850: [GC (Allocation Failure) [PSYoungGen: 487456K->108832K(521216K)] 1476560K->1229516K(1919488K), 0.0864767 secs] [Times: user=0.52 sys=0.00, real=0.09 secs] 
5149.044: [GC (Allocation Failure) [PSYoungGen: 457504K->140896K(522240K)] 1578188K->1368025K(1920512K), 0.0537841 secs] [Times: user=0.31 sys=0.00, real=0.05 secs] 
5150.653: [GC (Allocation Failure) [PSYoungGen: 489568K->107808K(523264K)] 1716697K->1466857K(1921536K), 0.0924496 secs] [Times: user=0.55 sys=0.01, real=0.09 secs] 
5150.746: [Full GC (Ergonomics) [PSYoungGen: 107808K->0K(523264K)] [ParOldGen: 1359049K->28038K(1398272K)] 1466857K->28038K(1921536K), [Metaspace: 60580K->60580K(1105920K)], 0.0491912 secs] [Times: user=0.15 sys=0.00, real=0.05 secs] 
5152.296: [GC (Allocation Failure) [PSYoungGen: 350720K->142080K(523776K)] 378758K->170118K(1922048K), 0.0283667 secs] [Times: user=0.17 sys=0.00, real=0.03 secs] 
5153.638: [GC (Allocation Failure) [PSYoungGen: 492800K->111840K(522240K)] 520838K->272830K(1920512K), 0.0652667 secs] [Times: user=0.38 sys=0.00, real=0.07 secs] 
5154.966: [GC (Allocation Failure) [PSYoungGen: 463072K->144352K(523264K)] 624062K->413331K(1921536K), 0.0533291 secs] [Times: user=0.32 sys=0.00, real=0.05 secs] 
5156.945: [GC (Allocation Failure) [PSYoungGen: 495584K->108608K(524800K)] 764563K->512923K(1923072K), 0.1442960 secs] [Times: user=0.86 sys=0.00, real=0.14 secs] 
5159.311: [GC (Allocation Failure) [PSYoungGen: 459328K->143168K(523776K)] 863643K->652832K(1922048K), 0.0522864 secs] [Times: user=0.31 sys=0.00, real=0.05 secs] 
5160.879: [GC (Allocation Failure) [PSYoungGen: 493888K->107648K(524288K)] 1003552K->751124K(1922560K), 0.0760349 secs] [Times: user=0.45 sys=0.00, real=0.08 secs] 
5161.943: [GC (Allocation Failure) [PSYoungGen: 457856K->144128K(494592K)] 1101332K->892721K(1892864K), 0.0528301 secs] [Times: user=0.31 sys=0.00, real=0.05 secs] 
5163.361: [GC (Allocation Failure) [PSYoungGen: 494336K->108864K(524800K)] 1242929K->992377K(1923072K), 0.0934583 secs] [Times: user=0.55 sys=0.00, real=0.09 secs] 
5165.108: [GC (Allocation Failure) [PSYoungGen: 457536K->143712K(522752K)] 1341049K->1132981K(1921024K), 0.0533900 secs] [Times: user=0.32 sys=0.00, real=0.06 secs] 
5166.664: [GC (Allocation Failure) [PSYoungGen: 492384K->109152K(522752K)] 1481653K->1232733K(1921024K), 0.1104536 secs] [Times: user=0.65 sys=0.00, real=0.11 secs] 
5167.893: [GC (Allocation Failure) [PSYoungGen: 457824K->141344K(522752K)] 1581405K->1371522K(1921024K), 0.0534987 secs] [Times: user=0.31 sys=0.00, real=0.05 secs] 
5169.312: [GC (Allocation Failure) [PSYoungGen: 490016K->110688K(521728K)] 1720194K->1472426K(1920000K), 0.0653616 secs] [Times: user=0.39 sys=0.00, real=0.06 secs] 
5169.377: [Full GC (Ergonomics) [PSYoungGen: 110688K->0K(521728K)] [ParOldGen: 1361738K->38982K(1398272K)] 1472426K->38982K(1920000K), [Metaspace: 60580K->60580K(1105920K)], 0.0784603 secs] [Times: user=0.30 sys=0.00, real=0.08 secs] 
5170.273: [GC (Allocation Failure) [PSYoungGen: 349696K->144352K(522752K)] 388678K->183334K(1921024K), 0.0286640 secs] [Times: user=0.16 sys=0.00, real=0.03 secs] 
5172.199: [GC (Allocation Failure) [PSYoungGen: 494048K->111040K(523776K)] 533030K->285238K(1922048K), 0.1209189 secs] [Times: user=0.69 sys=0.00, real=0.12 secs] 
5173.622: [GC (Allocation Failure) [PSYoungGen: 460736K->144768K(523264K)] 634934K->424059K(1921536K), 0.0526155 secs] [Times: user=0.31 sys=0.00, real=0.05 secs] 
5175.531: [GC (Allocation Failure) [PSYoungGen: 494464K->107936K(523776K)] 773755K->522919K(1922048K), 0.0910438 secs] [Times: user=0.54 sys=0.01, real=0.09 secs] 
5176.332: [GC (Allocation Failure) [PSYoungGen: 457120K->147200K(496640K)] 872103K->666120K(1894912K), 0.0522559 secs] [Times: user=0.30 sys=0.00, real=0.05 secs] 
5177.761: [GC (Allocation Failure) [PSYoungGen: 496384K->108256K(523264K)] 1015304K->765168K(1921536K), 0.0650279 secs] [Times: user=0.39 sys=0.00, real=0.06 secs] 
5178.346: [GC (Allocation Failure) [PSYoungGen: 453856K->144928K(491008K)] 1110768K->906649K(1889280K), 0.0524202 secs] [Times: user=0.31 sys=0.00, real=0.05 secs] 
5180.530: [GC (Allocation Failure) [PSYoungGen: 490528K->104416K(522240K)] 1252249K->1002105K(1920512K), 0.0674258 secs] [Times: user=0.40 sys=0.00, real=0.07 secs] 
5181.391: [GC (Allocation Failure) [PSYoungGen: 448480K->146272K(490496K)] 1346169K->1144438K(1888768K), 0.0521091 secs] [Times: user=0.31 sys=0.00, real=0.05 secs] 
5183.513: [GC (GCLocker Initiated GC) [PSYoungGen: 490336K->102112K(520192K)] 1488502K->1237742K(1918464K), 0.1386660 secs] [Times: user=0.82 sys=0.01, real=0.14 secs] 
5184.900: [GC (Allocation Failure) [PSYoungGen: 442592K->142144K(519168K)] 1578225K->1375405K(1917440K), 0.0508114 secs] [Times: user=0.30 sys=0.00, real=0.06 secs] 
5184.950: [Full GC (Ergonomics) [PSYoungGen: 142144K->0K(519168K)] [ParOldGen: 1233261K->179518K(1398272K)] 1375405K->179518K(1917440K), [Metaspace: 60580K->60580K(1105920K)], 0.4354121 secs] [Times: user=2.03 sys=0.00, real=0.43 secs] 
5186.598: [GC (Allocation Failure) [PSYoungGen: 340480K->105024K(518144K)] 519998K->284542K(1916416K), 0.0385405 secs] [Times: user=0.23 sys=0.00, real=0.04 secs] 
5188.408: [GC (Allocation Failure) [PSYoungGen: 445504K->139040K(518656K)] 625022K->421093K(1916928K), 0.0523036 secs] [Times: user=0.30 sys=0.00, real=0.06 secs] 
5190.378: [GC (GCLocker Initiated GC) [PSYoungGen: 479520K->104032K(517632K)] 761574K->516286K(1915904K), 0.1359164 secs] [Times: user=0.81 sys=0.01, real=0.14 secs] 
5192.716: [GC (Allocation Failure) [PSYoungGen: 446560K->145888K(519168K)] 858885K->658993K(1917440K), 0.0529537 secs] [Times: user=0.31 sys=0.00, real=0.05 secs] 
5194.170: [GC (Allocation Failure) [PSYoungGen: 488416K->109856K(519680K)] 1001521K->750761K(1917952K), 0.0840408 secs] [Times: user=0.50 sys=0.00, real=0.09 secs] 
5195.977: [GC (Allocation Failure) [PSYoungGen: 451872K->135200K(519168K)] 1092777K->883790K(1917440K), 0.0531104 secs] [Times: user=0.31 sys=0.00, real=0.05 secs] 
5197.368: [GC (GCLocker Initiated GC) [PSYoungGen: 477216K->111264K(518656K)] 1225806K->985622K(1916928K), 0.0659178 secs] [Times: user=0.39 sys=0.00, real=0.07 secs] 
5198.453: [GC (Allocation Failure) [PSYoungGen: 457376K->138944K(519168K)] 1331805K->1122754K(1917440K), 0.0538477 secs] [Times: user=0.32 sys=0.00, real=0.05 secs] 
5199.823: [GC (Allocation Failure) [PSYoungGen: 485056K->109632K(522240K)] 1468866K->1223250K(1920512K), 0.0656936 secs] [Times: user=0.39 sys=0.00, real=0.06 secs] 
5201.414: [GC (Allocation Failure) [PSYoungGen: 461888K->141632K(523776K)] 1575506K->1362639K(1922048K), 0.0540190 secs] [Times: user=0.31 sys=0.00, real=0.05 secs] 
5202.912: [GC (Allocation Failure) [PSYoungGen: 493888K->111680K(524288K)] 1714895K->1464787K(1922560K), 0.0859086 secs] [Times: user=0.51 sys=0.00, real=0.08 secs] 
5202.998: [Full GC (Ergonomics) [PSYoungGen: 111680K->0K(524288K)] [ParOldGen: 1353107K->25087K(1398272K)] 1464787K->25087K(1922560K), [Metaspace: 60580K->60580K(1105920K)], 0.0439230 secs] [Times: user=0.12 sys=0.01, real=0.05 secs] 
5204.681: [GC (Allocation Failure) [PSYoungGen: 353792K->140928K(524800K)] 378879K->166015K(1923072K), 0.0282977 secs] [Times: user=0.17 sys=0.00, real=0.02 secs] 
5205.987: [GC (Allocation Failure) [PSYoungGen: 494720K->112416K(525312K)] 519807K->268991K(1923584K), 0.0644091 secs] [Times: user=0.38 sys=0.00, real=0.07 secs] 
5207.824: [GC (Allocation Failure) [PSYoungGen: 467744K->150464K(505856K)] 624319K->417156K(1904128K), 0.0544082 secs] [Times: user=0.32 sys=0.00, real=0.05 secs] 
5209.343: [GC (Allocation Failure) [PSYoungGen: 505792K->113696K(525824K)] 772484K->513192K(1924096K), 0.0790121 secs] [Times: user=0.47 sys=0.01, real=0.08 secs] 
5211.187: [GC (Allocation Failure) [PSYoungGen: 464416K->141920K(523776K)] 863912K->652205K(1922048K), 0.0548359 secs] [Times: user=0.32 sys=0.00, real=0.06 secs] 
5212.646: [GC (Allocation Failure) [PSYoungGen: 492640K->111840K(522752K)] 1002925K->754289K(1921024K), 0.0967451 secs] [Times: user=0.57 sys=0.01, real=0.10 secs] 
5213.597: [GC (Allocation Failure) [PSYoungGen: 463584K->145216K(523776K)] 1106033K->896634K(1922048K), 0.0544920 secs] [Times: user=0.31 sys=0.01, real=0.06 secs] 
5215.007: [GC (Allocation Failure) [PSYoungGen: 496960K->107360K(525312K)] 1248378K->995046K(1923584K), 0.0707444 secs] [Times: user=0.42 sys=0.00, real=0.07 secs] 
5215.891: [GC (GCLocker Initiated GC) [PSYoungGen: 458080K->145184K(496128K)] 1345766K->1138105K(1894400K), 0.0544112 secs] [Times: user=0.32 sys=0.00, real=0.05 secs] 
5217.899: [GC (Allocation Failure) [PSYoungGen: 495904K->105504K(523776K)] 1488829K->1234857K(1922048K), 0.1130338 secs] [Times: user=0.67 sys=0.01, real=0.12 secs] 
5219.425: [GC (Allocation Failure) [PSYoungGen: 453152K->143776K(491520K)] 1582505K->1375178K(1889792K), 0.0535206 secs] [Times: user=0.32 sys=0.00, real=0.05 secs] 
5219.479: [Full GC (Ergonomics) [PSYoungGen: 143776K->0K(491520K)] [ParOldGen: 1231402K->178499K(1398272K)] 1375178K->178499K(1889792K), [Metaspace: 60580K->60580K(1105920K)], 0.4261971 secs] [Times: user=1.98 sys=0.00, real=0.43 secs] 
5221.688: [GC (Allocation Failure) [PSYoungGen: 347648K->107072K(523776K)] 526147K->285571K(1922048K), 0.0625056 secs] [Times: user=0.37 sys=0.01, real=0.06 secs] 
5222.776: [GC (Allocation Failure) [PSYoungGen: 454208K->142304K(522240K)] 632707K->425168K(1920512K), 0.0523309 secs] [Times: user=0.30 sys=0.00, real=0.05 secs] 
5224.441: [GC (Allocation Failure) [PSYoungGen: 489440K->109088K(521216K)] 772304K->525548K(1919488K), 0.1053849 secs] [Times: user=0.62 sys=0.00, real=0.10 secs] 
5226.365: [GC (Allocation Failure) [PSYoungGen: 456224K->141056K(521728K)] 872684K->663817K(1920000K), 0.0530905 secs] [Times: user=0.32 sys=0.00, real=0.05 secs] 
5228.400: [GC (Allocation Failure) [PSYoungGen: 488192K->106048K(522240K)] 1010953K->760769K(1920512K), 0.1553634 secs] [Times: user=0.92 sys=0.01, real=0.16 secs] 
5229.779: [GC (Allocation Failure) [PSYoungGen: 454720K->145408K(494592K)] 1109441K->902670K(1892864K), 0.0525582 secs] [Times: user=0.31 sys=0.00, real=0.06 secs] 
5231.211: [GC (Allocation Failure) [PSYoungGen: 494080K->106880K(523264K)] 1251342K->1000566K(1921536K), 0.0672011 secs] [Times: user=0.40 sys=0.00, real=0.06 secs] 
5232.034: [GC (Allocation Failure) [PSYoungGen: 452965K->141696K(521728K)] 1346651K->1139355K(1920000K), 0.0530780 secs] [Times: user=0.31 sys=0.00, real=0.05 secs] 
5233.596: [GC (Allocation Failure) [PSYoungGen: 487808K->108256K(520192K)] 1485467K->1237807K(1918464K), 0.0817033 secs] [Times: user=0.48 sys=0.00, real=0.08 secs] 
5234.471: [GC (Allocation Failure) [PSYoungGen: 454880K->144352K(521216K)] 1584431K->1379998K(1919488K), 0.0542596 secs] [Times: user=0.32 sys=0.00, real=0.05 secs] 
5234.525: [Full GC (Ergonomics) [PSYoungGen: 144352K->0K(521216K)] [ParOldGen: 1235646K->178152K(1398272K)] 1379998K->178152K(1919488K), [Metaspace: 60580K->60580K(1105920K)], 0.4328021 secs] [Times: user=2.03 sys=0.00, real=0.43 secs] 
5236.809: [GC (Allocation Failure) [PSYoungGen: 346624K->103968K(522752K)] 524776K->282120K(1921024K), 0.1091416 secs] [Times: user=0.65 sys=0.01, real=0.11 secs] 
5238.575: [GC (Allocation Failure) [PSYoungGen: 449568K->150080K(496128K)] 627720K->429457K(1894400K), 0.0520538 secs] [Times: user=0.31 sys=0.00, real=0.05 secs] 
5239.988: [GC (Allocation Failure) [PSYoungGen: 495680K->108320K(520704K)] 775057K->520225K(1918976K), 0.0664449 secs] [Times: user=0.40 sys=0.00, real=0.07 secs] 
5241.303: [GC (Allocation Failure) [PSYoungGen: 448800K->136992K(477696K)] 860705K->654382K(1875968K), 0.0527712 secs] [Times: user=0.31 sys=0.00, real=0.05 secs] 
5242.691: [GC (Allocation Failure) [PSYoungGen: 477472K->108576K(519680K)] 994862K->753070K(1917952K), 0.0651734 secs] [Times: user=0.39 sys=0.00, real=0.06 secs] 
5243.590: [GC (Allocation Failure) [PSYoungGen: 451104K->140928K(517632K)] 1095598K->891123K(1915904K), 0.0531923 secs] [Times: user=0.32 sys=0.00, real=0.05 secs] 
5245.365: [GC (Allocation Failure) [PSYoungGen: 483456K->107072K(521728K)] 1233651K->988759K(1920000K), 0.1023787 secs] [Times: user=0.61 sys=0.00, real=0.10 secs] 
5246.916: [GC (Allocation Failure) [PSYoungGen: 454720K->140864K(522240K)] 1336407K->1127268K(1920512K), 0.0531245 secs] [Times: user=0.31 sys=0.00, real=0.05 secs] 
5248.300: [GC (Allocation Failure) [PSYoungGen: 488512K->109248K(521216K)] 1474916K->1227092K(1919488K), 0.0694443 secs] [Times: user=0.41 sys=0.00, real=0.07 secs] 
5249.482: [GC (Allocation Failure) [PSYoungGen: 457920K->142752K(522240K)] 1575764K->1368204K(1920512K), 0.0548533 secs] [Times: user=0.33 sys=0.00, real=0.05 secs] 
5251.035: [GC (Allocation Failure) [PSYoungGen: 491424K->108704K(523264K)] 1716876K->1468076K(1921536K), 0.0914666 secs] [Times: user=0.54 sys=0.00, real=0.09 secs] 
5251.126: [Full GC (Ergonomics) [PSYoungGen: 108704K->0K(523264K)] [ParOldGen: 1359372K->29717K(1398272K)] 1468076K->29717K(1921536K), [Metaspace: 60580K->60580K(1105920K)], 0.0510226 secs] [Times: user=0.17 sys=0.00, real=0.05 secs] 
5252.402: [GC (Allocation Failure) [PSYoungGen: 349696K->151264K(501248K)] 379413K->180981K(1899520K), 0.0291091 secs] [Times: user=0.17 sys=0.00, real=0.03 secs] 
5253.956: [GC (Allocation Failure) [PSYoungGen: 500960K->108960K(522240K)] 530677K->272337K(1920512K), 0.0743778 secs] [Times: user=0.44 sys=0.00, real=0.08 secs] 
5255.615: [GC (Allocation Failure) [PSYoungGen: 452512K->140864K(520192K)] 615889K->409846K(1918464K), 0.0524740 secs] [Times: user=0.31 sys=0.00, real=0.05 secs] 
5257.083: [GC (Allocation Failure) [PSYoungGen: 484416K->107648K(520704K)] 753398K->508130K(1918976K), 0.0792519 secs] [Times: user=0.47 sys=0.00, real=0.08 secs] 
5258.026: [GC (Allocation Failure) [PSYoungGen: 452736K->139872K(520704K)] 853218K->646042K(1918976K), 0.0528649 secs] [Times: user=0.31 sys=0.00, real=0.05 secs] 
5259.408: [GC (Allocation Failure) [PSYoungGen: 484960K->108736K(519680K)] 991130K->745731K(1917952K), 0.0779405 secs] [Times: user=0.46 sys=0.01, real=0.08 secs] 
5261.235: [GC (Allocation Failure) [PSYoungGen: 455872K->139296K(521216K)] 1092867K->882887K(1919488K), 0.0526746 secs] [Times: user=0.31 sys=0.00, real=0.05 secs] 
5262.634: [GC (Allocation Failure) [PSYoungGen: 486432K->110464K(521216K)] 1230023K->983935K(1919488K), 0.0758784 secs] [Times: user=0.45 sys=0.00, real=0.07 secs] 
5263.539: [GC (Allocation Failure) [PSYoungGen: 460671K->142656K(522752K)] 1334142K->1124856K(1921024K), 0.0536992 secs] [Times: user=0.32 sys=0.00, real=0.06 secs] 
5265.030: [GC (Allocation Failure) [PSYoungGen: 492864K->110528K(523776K)] 1475064K->1226072K(1922048K), 0.0777692 secs] [Times: user=0.46 sys=0.00, real=0.07 secs] 
5265.884: [GC (Allocation Failure) [PSYoungGen: 462784K->145440K(498176K)] 1578328K->1368765K(1896448K), 0.0543928 secs] [Times: user=0.31 sys=0.00, real=0.05 secs] 
5267.706: [GC (Allocation Failure) [PSYoungGen: 497696K->108672K(525312K)] 1721021K->1468973K(1923584K), 0.0876106 secs] [Times: user=0.52 sys=0.00, real=0.09 secs] 
5267.794: [Full GC (Ergonomics) [PSYoungGen: 108672K->0K(525312K)] [ParOldGen: 1360301K->34529K(1398272K)] 1468973K->34529K(1923584K), [Metaspace: 60584K->60584K(1105920K)], 0.0604110 secs] [Times: user=0.21 sys=0.00, real=0.06 secs] 
5269.259: [GC (Allocation Failure) [PSYoungGen: 350208K->143616K(494080K)] 384737K->178145K(1892352K), 0.0288233 secs] [Times: user=0.16 sys=0.01, real=0.03 secs] 
5270.657: [GC (Allocation Failure) [PSYoungGen: 493824K->109792K(525312K)] 528353K->278233K(1923584K), 0.0887826 secs] [Times: user=0.53 sys=0.00, real=0.09 secs] 
5271.624: [GC (Allocation Failure) [PSYoungGen: 459488K->145248K(495104K)] 627929K->420342K(1893376K), 0.0529226 secs] [Times: user=0.31 sys=0.00, real=0.05 secs] 
5273.251: [GC (Allocation Failure) [PSYoungGen: 494944K->108320K(524288K)] 770038K->519394K(1922560K), 0.0922961 secs] [Times: user=0.54 sys=0.00, real=0.09 secs] 
5274.021: [GC (Allocation Failure) [PSYoungGen: 456480K->144960K(493568K)] 867554K->662199K(1891840K), 0.0529066 secs] [Times: user=0.31 sys=0.00, real=0.05 secs] 
5276.066: [GC (Allocation Failure) [PSYoungGen: 493120K->106048K(523264K)] 1010359K->759783K(1921536K), 0.1329331 secs] [Times: user=0.78 sys=0.00, real=0.13 secs] 
5277.798: [GC (GCLocker Initiated GC) [PSYoungGen: 452160K->141760K(521728K)] 1105895K->898068K(1920000K), 0.0522620 secs] [Times: user=0.31 sys=0.00, real=0.06 secs] 
5279.433: [GC (Allocation Failure) [PSYoungGen: 487872K->104736K(522240K)] 1244184K->993412K(1920512K), 0.0844591 secs] [Times: user=0.49 sys=0.01, real=0.08 secs] 
5281.274: [GC (Allocation Failure) [PSYoungGen: 451360K->142592K(489472K)] 1340036K->1132703K(1887744K), 0.0514499 secs] [Times: user=0.31 sys=0.00, real=0.05 secs] 
5282.625: [GC (Allocation Failure) [PSYoungGen: 489216K->107648K(523776K)] 1479327K->1231099K(1922048K), 0.0672118 secs] [Times: user=0.40 sys=0.00, real=0.07 secs] 
5283.506: [GC (Allocation Failure) [PSYoungGen: 454272K->141664K(521728K)] 1577723K->1369776K(1920000K), 0.0531049 secs] [Times: user=0.32 sys=0.00, real=0.05 secs] 
5285.003: [GC (Allocation Failure) [PSYoungGen: 488288K->109056K(521216K)] 1716400K->1469468K(1919488K), 0.0696474 secs] [Times: user=0.40 sys=0.00, real=0.07 secs] 
5285.073: [Full GC (Ergonomics) [PSYoungGen: 109056K->0K(521216K)] [ParOldGen: 1360412K->35159K(1398272K)] 1469468K->35159K(1919488K), [Metaspace: 60585K->60585K(1105920K)], 0.0637726 secs] [Times: user=0.19 sys=0.00, real=0.06 secs] 
5286.275: [GC (Allocation Failure) [PSYoungGen: 347136K->143008K(521728K)] 382295K->178167K(1920000K), 0.0285354 secs] [Times: user=0.16 sys=0.00, real=0.03 secs] 
5287.826: [GC (Allocation Failure) [PSYoungGen: 490144K->108384K(522752K)] 525303K->277255K(1921024K), 0.1006349 secs] [Times: user=0.60 sys=0.00, real=0.10 secs] 
5289.621: [GC (Allocation Failure) [PSYoungGen: 456544K->142528K(522752K)] 625415K->416684K(1921024K), 0.0523931 secs] [Times: user=0.31 sys=0.00, real=0.05 secs] 
5291.023: [GC (GCLocker Initiated GC) [PSYoungGen: 490688K->108160K(521728K)] 764845K->515273K(1920000K), 0.0738806 secs] [Times: user=0.43 sys=0.00, real=0.07 secs] 
5291.763: [GC (Allocation Failure) [PSYoungGen: 456320K->145632K(494080K)] 863504K->658204K(1892352K), 0.0532022 secs] [Times: user=0.31 sys=0.00, real=0.05 secs] 
5293.681: [GC (Allocation Failure) [PSYoungGen: 493792K->104416K(523264K)] 1006364K->753764K(1921536K), 0.1787213 secs] [Times: user=1.06 sys=0.01, real=0.17 secs] 
5294.596: [GC (GCLocker Initiated GC) [PSYoungGen: 450528K->142688K(488960K)] 1099876K->894013K(1887232K), 0.0522166 secs] [Times: user=0.31 sys=0.00, real=0.05 secs] 
5296.350: [GC (Allocation Failure) [PSYoungGen: 488800K->106528K(523264K)] 1240127K->991831K(1921536K), 0.1387810 secs] [Times: user=0.82 sys=0.00, real=0.13 secs] 
5298.102: [GC (Allocation Failure) [PSYoungGen: 452128K->140224K(521216K)] 1337431K->1129524K(1919488K), 0.0527612 secs] [Times: user=0.32 sys=0.00, real=0.05 secs] 
5299.506: [GC (Allocation Failure) [PSYoungGen: 485824K->107680K(520192K)] 1475124K->1227980K(1918464K), 0.0651808 secs] [Times: user=0.38 sys=0.00, real=0.07 secs] 
5300.258: [GC (Allocation Failure) [PSYoungGen: 454304K->144192K(521216K)] 1574604K->1369901K(1919488K), 0.0535352 secs] [Times: user=0.32 sys=0.00, real=0.06 secs] 
5302.024: [GC (Allocation Failure) [PSYoungGen: 490816K->104768K(522752K)] 1716525K->1465861K(1921024K), 0.0811688 secs] [Times: user=0.48 sys=0.00, real=0.08 secs] 
5302.105: [Full GC (Ergonomics) [PSYoungGen: 104768K->0K(522752K)] [ParOldGen: 1361093K->31977K(1398272K)] 1465861K->31977K(1921024K), [Metaspace: 60585K->60585K(1105920K)], 0.0542781 secs] [Times: user=0.18 sys=0.00, real=0.05 secs] 
5302.991: [GC (Allocation Failure) [PSYoungGen: 346112K->142464K(521728K)] 378089K->174441K(1920000K), 0.0286157 secs] [Times: user=0.16 sys=0.00, real=0.02 secs] 
5305.020: [GC (GCLocker Initiated GC) [PSYoungGen: 488576K->106144K(521728K)] 520553K->271533K(1920000K), 0.0804249 secs] [Times: user=0.47 sys=0.00, real=0.09 secs] 
5306.178: [GC (Allocation Failure) [PSYoungGen: 452256K->143680K(489984K)] 617648K->412436K(1888256K), 0.0523114 secs] [Times: user=0.31 sys=0.00, real=0.06 secs] 
5307.986: [GC (GCLocker Initiated GC) [PSYoungGen: 489792K->106784K(523264K)] 758548K->510317K(1921536K), 0.1649649 secs] [Times: user=0.98 sys=0.01, real=0.17 secs] 
5309.551: [GC (Allocation Failure) [PSYoungGen: 452384K->141152K(521216K)] 855919K->648580K(1919488K), 0.0526659 secs] [Times: user=0.31 sys=0.00, real=0.05 secs] 
5310.933: [GC (Allocation Failure) [PSYoungGen: 486752K->108544K(519680K)] 994180K->748072K(1917952K), 0.0645351 secs] [Times: user=0.39 sys=0.00, real=0.06 secs] 
5311.736: [GC (Allocation Failure) [PSYoungGen: 454656K->142400K(520704K)] 1094184K->888101K(1918976K), 0.0536225 secs] [Times: user=0.31 sys=0.00, real=0.05 secs] 
5313.571: [GC (Allocation Failure) [PSYoungGen: 488512K->107200K(522240K)] 1234213K->985925K(1920512K), 0.1748089 secs] [Times: user=1.04 sys=0.00, real=0.17 secs] 
5315.876: [GC (GCLocker Initiated GC) [PSYoungGen: 454848K->138208K(522240K)] 1333573K->1121106K(1920512K), 0.0523436 secs] [Times: user=0.31 sys=0.00, real=0.05 secs] 
5317.257: [GC (Allocation Failure) [PSYoungGen: 485856K->110592K(519680K)] 1468793K->1222349K(1917952K), 0.0661686 secs] [Times: user=0.39 sys=0.01, real=0.07 secs] 
5318.420: [GC (Allocation Failure) [PSYoungGen: 459776K->141536K(521728K)] 1571533K->1361714K(1920000K), 0.0543720 secs] [Times: user=0.32 sys=0.00, real=0.06 secs] 
5319.807: [GC (Allocation Failure) [PSYoungGen: 490720K->108576K(523776K)] 1710898K->1461266K(1922048K), 0.0666494 secs] [Times: user=0.40 sys=0.00, real=0.07 secs] 
5319.873: [Full GC (Ergonomics) [PSYoungGen: 108576K->0K(523776K)] [ParOldGen: 1352690K->27938K(1398272K)] 1461266K->27938K(1922048K), [Metaspace: 60585K->60585K(1105920K)], 0.0450487 secs] [Times: user=0.13 sys=0.00, real=0.04 secs] 
5321.192: [GC (Allocation Failure) [PSYoungGen: 352256K->143360K(524288K)] 380194K->171298K(1922560K), 0.0282665 secs] [Times: user=0.16 sys=0.00, real=0.02 secs] 
5323.044: [GC (Allocation Failure) [PSYoungGen: 495616K->109344K(524800K)] 523554K->271314K(1923072K), 0.1574450 secs] [Times: user=0.93 sys=0.00, real=0.16 secs] 
5324.679: [GC (Allocation Failure) [PSYoungGen: 461088K->143168K(524288K)] 623058K->411654K(1922560K), 0.0526785 secs] [Times: user=0.31 sys=0.00, real=0.06 secs] 
5326.178: [GC (Allocation Failure) [PSYoungGen: 494912K->108832K(524800K)] 763398K->511279K(1923072K), 0.0880398 secs] [Times: user=0.53 sys=0.00, real=0.09 secs] 
5327.565: [GC (Allocation Failure) [PSYoungGen: 460064K->144576K(496128K)] 862511K->652835K(1894400K), 0.0531081 secs] [Times: user=0.31 sys=0.01, real=0.05 secs] 
5329.226: [GC (Allocation Failure) [PSYoungGen: 495808K->109120K(525312K)] 1004067K->752587K(1923584K), 0.0982779 secs] [Times: user=0.58 sys=0.01, real=0.10 secs] 
5330.777: [GC (Allocation Failure) [PSYoungGen: 458816K->153344K(503296K)] 1102283K->902960K(1901568K), 0.0533880 secs] [Times: user=0.31 sys=0.00, real=0.05 secs] 
5332.485: [GC (Allocation Failure) [PSYoungGen: 503040K->106624K(521216K)] 1252656K->992368K(1919488K), 0.1088074 secs] [Times: user=0.65 sys=0.01, real=0.11 secs] 
5334.329: [GC (Allocation Failure) [PSYoungGen: 448640K->138720K(519680K)] 1334384K->1128005K(1917952K), 0.0522837 secs] [Times: user=0.31 sys=0.00, real=0.06 secs] 
5335.667: [GC (Allocation Failure) [PSYoungGen: 480736K->108896K(518656K)] 1470021K->1227429K(1916928K), 0.0850491 secs] [Times: user=0.51 sys=0.00, real=0.09 secs] 
5337.098: [GC (Allocation Failure) [PSYoungGen: 452448K->138752K(519168K)] 1570981K->1363186K(1917440K), 0.0529267 secs] [Times: user=0.31 sys=0.00, real=0.06 secs] 
5338.472: [GC (Allocation Failure) [PSYoungGen: 482304K->108672K(519168K)] 1706738K->1461918K(1917440K), 0.0645274 secs] [Times: user=0.38 sys=0.00, real=0.06 secs] 
5338.537: [Full GC (Ergonomics) [PSYoungGen: 108672K->0K(519168K)] [ParOldGen: 1353246K->29902K(1398272K)] 1461918K->29902K(1917440K), [Metaspace: 60585K->60585K(1105920K)], 0.0504976 secs] [Times: user=0.17 sys=0.00, real=0.05 secs] 
5339.779: [GC (Allocation Failure) [PSYoungGen: 347648K->141888K(521216K)] 377550K->171790K(1919488K), 0.0285669 secs] [Times: user=0.17 sys=0.00, real=0.03 secs] 
5341.220: [GC (Allocation Failure) [PSYoungGen: 489536K->108704K(522752K)] 519438K->271166K(1921024K), 0.0874663 secs] [Times: user=0.52 sys=0.00, real=0.09 secs] 
5342.615: [GC (Allocation Failure) [PSYoungGen: 458912K->143648K(523264K)] 621374K->411795K(1921536K), 0.0525736 secs] [Times: user=0.31 sys=0.00, real=0.05 secs] 
5343.979: [GC (Allocation Failure) [PSYoungGen: 493856K->108896K(523776K)] 762003K->511275K(1922048K), 0.0933672 secs] [Times: user=0.55 sys=0.00, real=0.10 secs] 
5345.170: [GC (GCLocker Initiated GC) [PSYoungGen: 458592K->143168K(523264K)] 860971K->651604K(1921536K), 0.0533631 secs] [Times: user=0.31 sys=0.01, real=0.05 secs] 
5346.673: [GC (Allocation Failure) [PSYoungGen: 492864K->108736K(523264K)] 1001302K->751010K(1921536K), 0.0844718 secs] [Times: user=0.50 sys=0.01, real=0.08 secs] 
5348.771: [GC (Allocation Failure) [PSYoungGen: 458432K->142592K(523264K)] 1100706K->890687K(1921536K), 0.0529051 secs] [Times: user=0.30 sys=0.00, real=0.05 secs] 
5350.171: [GC (Allocation Failure) [PSYoungGen: 492288K->106720K(523776K)] 1240383K->988079K(1922048K), 0.0947680 secs] [Times: user=0.56 sys=0.00, real=0.09 secs] 
5351.538: [GC (Allocation Failure) [PSYoungGen: 455904K->143264K(492544K)] 1337263K->1128668K(1890816K), 0.0529571 secs] [Times: user=0.31 sys=0.00, real=0.06 secs] 
5353.644: [GC (Allocation Failure) [PSYoungGen: 492448K->106432K(524288K)] 1477852K->1226220K(1922560K), 0.0753224 secs] [Times: user=0.45 sys=0.00, real=0.07 secs] 
5355.739: [GC (Allocation Failure) [PSYoungGen: 454592K->141056K(522752K)] 1574380K->1364257K(1921024K), 0.0524477 secs] [Times: user=0.31 sys=0.00, real=0.06 secs] 
5357.392: [GC (Allocation Failure) [PSYoungGen: 489216K->109664K(521216K)] 1712417K->1464441K(1919488K), 0.1062905 secs] [Times: user=0.63 sys=0.00, real=0.10 secs] 
5357.499: [Full GC (Ergonomics) [PSYoungGen: 109664K->0K(521216K)] [ParOldGen: 1354777K->30457K(1398272K)] 1464441K->30457K(1919488K), [Metaspace: 60585K->60585K(1105920K)], 0.0694094 secs] [Times: user=0.23 sys=0.00, real=0.07 secs] 
5359.264: [GC (Allocation Failure) [PSYoungGen: 348672K->140896K(522240K)] 379129K->171353K(1920512K), 0.0285734 secs] [Times: user=0.17 sys=0.00, real=0.03 secs] 
5360.582: [GC (Allocation Failure) [PSYoungGen: 489568K->109216K(522240K)] 520025K->271425K(1920512K), 0.0746607 secs] [Times: user=0.45 sys=0.00, real=0.07 secs] 
5361.958: [GC (Allocation Failure) [PSYoungGen: 459936K->142176K(523264K)] 622145K->410766K(1921536K), 0.0528520 secs] [Times: user=0.31 sys=0.00, real=0.06 secs] 
5363.324: [GC (Allocation Failure) [PSYoungGen: 492896K->109696K(524288K)] 761486K->511062K(1922560K), 0.0882107 secs] [Times: user=0.53 sys=0.00, real=0.09 secs] 
5364.208: [GC (GCLocker Initiated GC) [PSYoungGen: 461440K->143392K(524288K)] 862807K->651699K(1922560K), 0.0543773 secs] [Times: user=0.33 sys=0.00, real=0.06 secs] 
5365.733: [GC (Allocation Failure) [PSYoungGen: 495136K->109600K(524288K)] 1003481K->751881K(1922560K), 0.0910046 secs] [Times: user=0.54 sys=0.01, real=0.09 secs] 
5367.088: [GC (Allocation Failure) [PSYoungGen: 461344K->152832K(504832K)] 1103625K->902341K(1903104K), 0.0547677 secs] [Times: user=0.33 sys=0.00, real=0.06 secs] 
5368.457: [GC (Allocation Failure) [PSYoungGen: 504576K->108928K(522240K)] 1254085K->993793K(1920512K), 0.0990597 secs] [Times: user=0.59 sys=0.00, real=0.10 secs] 
5369.444: [GC (Allocation Failure) [PSYoungGen: 452992K->143104K(520704K)] 1337857K->1135026K(1918976K), 0.0542280 secs] [Times: user=0.32 sys=0.00, real=0.05 secs] 
5371.245: [GC (GCLocker Initiated GC) [PSYoungGen: 487168K->104224K(521216K)] 1479092K->1230660K(1919488K), 0.0801740 secs] [Times: user=0.48 sys=0.00, real=0.08 secs] 
5372.975: [GC (Allocation Failure) [PSYoungGen: 448800K->149504K(494592K)] 1575239K->1376946K(1892864K), 0.0528438 secs] [Times: user=0.31 sys=0.00, real=0.05 secs] 
5374.331: [GC (Allocation Failure) [PSYoungGen: 494080K->106464K(519680K)] 1721522K->1465814K(1917952K), 0.0662635 secs] [Times: user=0.39 sys=0.00, real=0.06 secs] 
5374.397: [Full GC (Ergonomics) [PSYoungGen: 106464K->0K(519680K)] [ParOldGen: 1359350K->31875K(1398272K)] 1465814K->31875K(1917952K), [Metaspace: 60585K->60585K(1105920K)], 0.0562025 secs] [Times: user=0.19 sys=0.00, real=0.06 secs] 
5375.281: [GC (Allocation Failure) [PSYoungGen: 338944K->141024K(518144K)] 370819K->172899K(1916416K), 0.0283302 secs] [Times: user=0.16 sys=0.00, real=0.02 secs] 
5376.591: [GC (Allocation Failure) [PSYoungGen: 479968K->103392K(518656K)] 511843K->267467K(1916928K), 0.0830175 secs] [Times: user=0.49 sys=0.00, real=0.08 secs] 
5377.959: [GC (Allocation Failure) [PSYoungGen: 443360K->138688K(518144K)] 607435K->404399K(1916416K), 0.0509586 secs] [Times: user=0.30 sys=0.00, real=0.05 secs] 
5379.340: [GC (Allocation Failure) [PSYoungGen: 478656K->107776K(517120K)] 744367K->503275K(1915392K), 0.0642774 secs] [Times: user=0.38 sys=0.00, real=0.07 secs] 
5382.080: [GC (Allocation Failure) [PSYoungGen: 450304K->134816K(518656K)] 845803K->635728K(1916928K), 0.0517362 secs] [Times: user=0.30 sys=0.01, real=0.06 secs] 
5383.431: [GC (Allocation Failure) [PSYoungGen: 477344K->111232K(517632K)] 978256K->737488K(1915904K), 0.0633234 secs] [Times: user=0.37 sys=0.00, real=0.06 secs] 
5385.498: [GC (Allocation Failure) [PSYoungGen: 459392K->134464K(520192K)] 1085648K->870045K(1918464K), 0.0539621 secs] [Times: user=0.32 sys=0.00, real=0.06 secs] 
5386.892: [GC (Allocation Failure) [PSYoungGen: 482624K->114464K(520192K)] 1218205K->974837K(1918464K), 0.0669906 secs] [Times: user=0.39 sys=0.00, real=0.06 secs] 
5387.842: [GC (Allocation Failure) [PSYoungGen: 469792K->140288K(523776K)] 1330165K->1113513K(1922048K), 0.0558202 secs] [Times: user=0.33 sys=0.00, real=0.05 secs] 
5389.209: [GC (Allocation Failure) [PSYoungGen: 495616K->112448K(527872K)] 1468841K->1216345K(1926144K), 0.0663629 secs] [Times: user=0.39 sys=0.01, real=0.07 secs] 
5391.370: [GC (Allocation Failure) [PSYoungGen: 472896K->142752K(528384K)] 1576793K->1356878K(1926656K), 0.0550652 secs] [Times: user=0.32 sys=0.00, real=0.06 secs] 
5392.788: [GC (Allocation Failure) [PSYoungGen: 503200K->114016K(528384K)] 1717326K->1461354K(1926656K), 0.0680145 secs] [Times: user=0.40 sys=0.00, real=0.07 secs] 
5392.856: [Full GC (Ergonomics) [PSYoungGen: 114016K->0K(528384K)] [ParOldGen: 1347338K->27805K(1398272K)] 1461354K->27805K(1926656K), [Metaspace: 60585K->60585K(1105920K)], 0.0495234 secs] [Times: user=0.17 sys=0.00, real=0.05 secs] 
5393.733: [GC (Allocation Failure) [PSYoungGen: 360448K->148608K(509440K)] 388253K->176413K(1907712K), 0.0291349 secs] [Times: user=0.17 sys=0.00, real=0.03 secs] 
5395.417: [GC (Allocation Failure) [PSYoungGen: 507651K->112960K(528384K)] 535457K->280909K(1926656K), 0.0673548 secs] [Times: user=0.39 sys=0.00, real=0.07 secs] 
5396.804: [GC (Allocation Failure) [PSYoungGen: 468800K->145920K(502272K)] 636749K->423786K(1900544K), 0.0540244 secs] [Times: user=0.32 sys=0.00, real=0.05 secs] 
5398.405: [GC (Allocation Failure) [PSYoungGen: 501760K->108864K(526848K)] 779626K->523018K(1925120K), 0.1045309 secs] [Times: user=0.62 sys=0.00, real=0.10 secs] 
5399.910: [GC (Allocation Failure) [PSYoungGen: 462144K->148224K(501760K)] 876298K->666739K(1900032K), 0.0527357 secs] [Times: user=0.31 sys=0.00, real=0.06 secs] 
5401.403: [GC (Allocation Failure) [PSYoungGen: 501504K->109792K(524800K)] 1020019K->767299K(1923072K), 0.0684663 secs] [Times: user=0.41 sys=0.00, real=0.07 secs] 
5401.999: [GC (GCLocker Initiated GC) [PSYoungGen: 458976K->145248K(494592K)] 1116486K->908571K(1892864K), 0.0533495 secs] [Times: user=0.31 sys=0.00, real=0.06 secs] 
5404.041: [GC (GCLocker Initiated GC) [PSYoungGen: 494432K->106528K(523776K)] 1257759K->1005751K(1922048K), 0.0988971 secs] [Times: user=0.58 sys=0.00, real=0.09 secs] 
5404.803: [GC (GCLocker Initiated GC) [PSYoungGen: 453664K->147136K(494592K)] 1352891K->1149408K(1892864K), 0.0513746 secs] [Times: user=0.31 sys=0.00, real=0.05 secs] 
5406.628: [GC (Allocation Failure) [PSYoungGen: 494272K->105312K(521728K)] 1496546K->1245874K(1920000K), 0.1177775 secs] [Times: user=0.70 sys=0.00, real=0.12 secs] 
5407.768: [GC (Allocation Failure) [PSYoungGen: 448864K->143520K(487424K)] 1589426K->1385283K(1885696K), 0.0509763 secs] [Times: user=0.30 sys=0.00, real=0.05 secs] 
5407.819: [Full GC (Ergonomics) [PSYoungGen: 143520K->0K(487424K)] [ParOldGen: 1241763K->190956K(1398272K)] 1385283K->190956K(1885696K), [Metaspace: 60587K->60587K(1105920K)], 0.4600517 secs] [Times: user=2.07 sys=0.00, real=0.46 secs] 
5409.959: [GC (Allocation Failure) [PSYoungGen: 343552K->104736K(521728K)] 534508K->295692K(1920000K), 0.0708058 secs] [Times: user=0.42 sys=0.00, real=0.07 secs] 
5410.895: [GC (Allocation Failure) [PSYoungGen: 447776K->143072K(520192K)] 638732K->435012K(1918464K), 0.0506012 secs] [Times: user=0.30 sys=0.00, real=0.05 secs] 
5412.278: [GC (GCLocker Initiated GC) [PSYoungGen: 486112K->107168K(520192K)] 778053K->532973K(1918464K), 0.0646278 secs] [Times: user=0.38 sys=0.00, real=0.07 secs] 
5413.007: [GC (Allocation Failure) [PSYoungGen: 450208K->144352K(487424K)] 876083K->673152K(1885696K), 0.0519222 secs] [Times: user=0.31 sys=0.00, real=0.05 secs] 
5414.721: [GC (Allocation Failure) [PSYoungGen: 487392K->104224K(521216K)] 1016192K->768248K(1919488K), 0.0651823 secs] [Times: user=0.39 sys=0.01, real=0.06 secs] 
5415.993: [GC (Allocation Failure) [PSYoungGen: 446240K->141728K(519680K)] 1110264K->905821K(1917952K), 0.0517365 secs] [Times: user=0.31 sys=0.00, real=0.05 secs] 
5417.644: [GC (Allocation Failure) [PSYoungGen: 483744K->106272K(519168K)] 1247837K->1002589K(1917440K), 0.1188104 secs] [Times: user=0.71 sys=0.00, real=0.12 secs] 
5418.801: [GC (Allocation Failure) [PSYoungGen: 448800K->141440K(519680K)] 1345117K->1140898K(1917952K), 0.0542769 secs] [Times: user=0.32 sys=0.00, real=0.05 secs] 
5420.220: [GC (Allocation Failure) [PSYoungGen: 483968K->106624K(518656K)] 1483426K->1238042K(1916928K), 0.0678088 secs] [Times: user=0.40 sys=0.00, real=0.07 secs] 
5421.988: [GC (Allocation Failure) [PSYoungGen: 450176K->139296K(519680K)] 1581594K->1374463K(1917952K), 0.0545744 secs] [Times: user=0.32 sys=0.01, real=0.06 secs] 
5422.043: [Full GC (Ergonomics) [PSYoungGen: 139296K->0K(519680K)] [ParOldGen: 1235167K->173620K(1398272K)] 1374463K->173620K(1917952K), [Metaspace: 60587K->59679K(1105920K)], 0.4235901 secs] [Times: user=1.95 sys=0.00, real=0.42 secs] 
5423.705: [GC (Allocation Failure) [PSYoungGen: 343552K->105696K(520192K)] 517172K->279316K(1918464K), 0.0377743 secs] [Times: user=0.22 sys=0.00, real=0.04 secs] 
5425.347: [GC (Allocation Failure) [PSYoungGen: 451808K->140736K(521216K)] 625428K->417824K(1919488K), 0.0523695 secs] [Times: user=0.31 sys=0.01, real=0.05 secs] 
5427.015: [GC (Allocation Failure) [PSYoungGen: 486848K->108256K(520704K)] 763936K->516456K(1918976K), 0.0688768 secs] [Times: user=0.40 sys=0.00, real=0.07 secs] 
5427.983: [GC (Allocation Failure) [PSYoungGen: 455904K->142752K(521728K)] 864104K->656749K(1920000K), 0.0536229 secs] [Times: user=0.32 sys=0.00, real=0.05 secs] 
5429.415: [GC (Allocation Failure) [PSYoungGen: 490400K->109408K(521728K)] 1004397K->756677K(1920000K), 0.0656716 secs] [Times: user=0.39 sys=0.00, real=0.07 secs] 
5431.579: [GC (Allocation Failure) [PSYoungGen: 458080K->140576K(522240K)] 1105349K->894378K(1920512K), 0.0532276 secs] [Times: user=0.32 sys=0.00, real=0.06 secs] 
5433.022: [GC (Allocation Failure) [PSYoungGen: 489248K->108864K(522752K)] 1243050K->993246K(1921024K), 0.0689615 secs] [Times: user=0.41 sys=0.00, real=0.07 secs] 
5434.727: [GC (Allocation Failure) [PSYoungGen: 459072K->142624K(523264K)] 1343454K->1132486K(1921536K), 0.0532804 secs] [Times: user=0.32 sys=0.00, real=0.06 secs] 
5436.139: [GC (Allocation Failure) [PSYoungGen: 492832K->111936K(522752K)] 1482694K->1234526K(1921024K), 0.0690316 secs] [Times: user=0.41 sys=0.00, real=0.07 secs] 
5436.950: [GC (Allocation Failure) [PSYoungGen: 462656K->144800K(523264K)] 1585246K->1376483K(1921536K), 0.0554807 secs] [Times: user=0.32 sys=0.00, real=0.06 secs] 
5438.578: [GC (GCLocker Initiated GC) [PSYoungGen: 495520K->107904K(524800K)] 1727203K->1475131K(1923072K), 0.0966149 secs] [Times: user=0.58 sys=0.00, real=0.10 secs] 
5438.674: [Full GC (Ergonomics) [PSYoungGen: 107904K->0K(524800K)] [ParOldGen: 1367227K->35959K(1398272K)] 1475131K->35959K(1923072K), [Metaspace: 59679K->59679K(1105920K)], 0.0681013 secs] [Times: user=0.25 sys=0.00, real=0.07 secs] 
5439.826: [GC (Allocation Failure) [PSYoungGen: 350208K->146240K(496640K)] 386207K->182239K(1894912K), 0.0293400 secs] [Times: user=0.17 sys=0.00, real=0.03 secs] 
5441.667: [GC (Allocation Failure) [PSYoungGen: 496448K->107264K(523776K)] 532447K->280643K(1922048K), 0.1099115 secs] [Times: user=0.65 sys=0.00, real=0.11 secs] 
5443.175: [GC (Allocation Failure) [PSYoungGen: 454400K->142560K(522240K)] 627779K->420520K(1920512K), 0.0515451 secs] [Times: user=0.31 sys=0.00, real=0.05 secs] 
5444.569: [GC (Allocation Failure) [PSYoungGen: 489696K->105824K(522240K)] 767656K->517528K(1920512K), 0.0636928 secs] [Times: user=0.38 sys=0.00, real=0.07 secs] 
5446.002: [GC (GCLocker Initiated GC) [PSYoungGen: 452960K->142528K(522240K)] 864666K->656791K(1920512K), 0.0521605 secs] [Times: user=0.31 sys=0.00, real=0.05 secs] 
5447.378: [GC (Allocation Failure) [PSYoungGen: 489664K->106208K(522240K)] 1003928K->753920K(1920512K), 0.0880453 secs] [Times: user=0.53 sys=0.00, real=0.09 secs] 
5449.413: [GC (Allocation Failure) [PSYoungGen: 453344K->142304K(522240K)] 1101056K->893221K(1920512K), 0.0533235 secs] [Times: user=0.32 sys=0.00, real=0.05 secs] 
5450.909: [GC (Allocation Failure) [PSYoungGen: 489440K->107168K(522240K)] 1240357K->991089K(1920512K), 0.0782497 secs] [Times: user=0.46 sys=0.00, real=0.08 secs] 
5452.270: [GC (Allocation Failure) [PSYoungGen: 454304K->142176K(522240K)] 1338225K->1130654K(1920512K), 0.0536836 secs] [Times: user=0.31 sys=0.00, real=0.05 secs] 
5453.750: [GC (Allocation Failure) [PSYoungGen: 489312K->108992K(521216K)] 1477790K->1230614K(1919488K), 0.0878836 secs] [Times: user=0.52 sys=0.00, real=0.09 secs] 
5455.734: [GC (Allocation Failure) [PSYoungGen: 456128K->141280K(521728K)] 1577750K->1369019K(1920000K), 0.0550068 secs] [Times: user=0.33 sys=0.00, real=0.05 secs] 
5457.130: [GC (Allocation Failure) [PSYoungGen: 488416K->108480K(521216K)] 1716155K->1468051K(1919488K), 0.0695034 secs] [Times: user=0.41 sys=0.00, real=0.06 secs] 
5457.200: [Full GC (Ergonomics) [PSYoungGen: 108480K->0K(521216K)] [ParOldGen: 1359571K->35002K(1398272K)] 1468051K->35002K(1919488K), [Metaspace: 59679K->59679K(1105920K)], 0.0638618 secs] [Times: user=0.23 sys=0.00, real=0.07 secs] 
5458.446: [GC (Allocation Failure) [PSYoungGen: 348672K->143744K(522240K)] 383674K->178746K(1920512K), 0.0287185 secs] [Times: user=0.17 sys=0.00, real=0.03 secs] 
5459.915: [GC (Allocation Failure) [PSYoungGen: 492416K->107648K(523264K)] 527418K->277446K(1921536K), 0.0924561 secs] [Times: user=0.55 sys=0.00, real=0.09 secs] 
5460.819: [GC (Allocation Failure) [PSYoungGen: 456320K->145376K(494080K)] 626118K->420515K(1892352K), 0.0526798 secs] [Times: user=0.31 sys=0.01, real=0.06 secs] 
5462.483: [GC (Allocation Failure) [PSYoungGen: 494048K->106208K(523264K)] 769187K->517963K(1921536K), 0.1256340 secs] [Times: user=0.75 sys=0.00, real=0.12 secs] 
5463.932: [GC (Allocation Failure) [PSYoungGen: 452320K->142144K(521728K)] 864075K->657088K(1920000K), 0.0516280 secs] [Times: user=0.30 sys=0.00, real=0.05 secs] 
5465.534: [GC (Allocation Failure) [PSYoungGen: 488256K->108832K(519680K)] 1003200K->756616K(1917952K), 0.0991145 secs] [Times: user=0.58 sys=0.00, real=0.10 secs] 
5466.729: [GC (Allocation Failure) [PSYoungGen: 454944K->142368K(520704K)] 1102728K->895345K(1918976K), 0.0524880 secs] [Times: user=0.31 sys=0.00, real=0.06 secs] 
5468.226: [GC (Allocation Failure) [PSYoungGen: 488480K->109792K(521216K)] 1241457K->995337K(1919488K), 0.0729412 secs] [Times: user=0.44 sys=0.00, real=0.07 secs] 
5469.355: [GC (Allocation Failure) [PSYoungGen: 457440K->143168K(521728K)] 1342985K->1135926K(1920000K), 0.0537219 secs] [Times: user=0.32 sys=0.00, real=0.05 secs] 
5470.987: [GC (Allocation Failure) [PSYoungGen: 490816K->106944K(523264K)] 1483574K->1234210K(1921536K), 0.0648041 secs] [Times: user=0.38 sys=0.00, real=0.07 secs] 
5472.420: [GC (Allocation Failure) [PSYoungGen: 455104K->151232K(499712K)] 1582370K->1382854K(1897984K), 0.0530746 secs] [Times: user=0.31 sys=0.00, real=0.06 secs] 
5472.473: [Full GC (Ergonomics) [PSYoungGen: 151232K->0K(499712K)] [ParOldGen: 1231622K->178222K(1398272K)] 1382854K->178222K(1897984K), [Metaspace: 59679K->59679K(1105920K)], 0.4330453 secs] [Times: user=2.03 sys=0.00, real=0.43 secs] 
5474.516: [GC (Allocation Failure) [PSYoungGen: 348160K->106752K(521216K)] 526382K->284974K(1919488K), 0.0888579 secs] [Times: user=0.53 sys=0.00, real=0.09 secs] 
5476.536: [GC (Allocation Failure) [PSYoungGen: 448256K->139520K(519168K)] 626478K->421150K(1917440K), 0.0520024 secs] [Times: user=0.30 sys=0.00, real=0.05 secs] 
5477.893: [GC (Allocation Failure) [PSYoungGen: 481024K->107040K(519680K)] 762654K->519190K(1917952K), 0.0636502 secs] [Times: user=0.37 sys=0.00, real=0.06 secs] 
5479.427: [GC (Allocation Failure) [PSYoungGen: 450080K->138752K(519168K)] 862230K->655499K(1917440K), 0.0524815 secs] [Times: user=0.31 sys=0.00, real=0.05 secs] 
5480.759: [GC (Allocation Failure) [PSYoungGen: 481792K->107680K(519168K)] 998539K->753767K(1917440K), 0.0651673 secs] [Times: user=0.38 sys=0.00, real=0.07 secs] 
5481.633: [GC (Allocation Failure) [PSYoungGen: 454304K->142880K(520704K)] 1100391K->893860K(1918976K), 0.0543570 secs] [Times: user=0.32 sys=0.00, real=0.05 secs] 
5482.968: [GC (Allocation Failure) [PSYoungGen: 489504K->107616K(523264K)] 1240484K->992060K(1921536K), 0.0678443 secs] [Times: user=0.40 sys=0.00, real=0.07 secs] 
5484.645: [GC (Allocation Failure) [PSYoungGen: 455776K->143232K(491520K)] 1340220K->1132305K(1889792K), 0.0542748 secs] [Times: user=0.32 sys=0.01, real=0.05 secs] 
5485.981: [GC (Allocation Failure) [PSYoungGen: 491392K->108032K(524288K)] 1480465K->1230921K(1922560K), 0.0660156 secs] [Times: user=0.39 sys=0.00, real=0.06 secs] 
5487.142: [GC (GCLocker Initiated GC) [PSYoungGen: 455680K->143840K(522240K)] 1578570K->1372435K(1920512K), 0.0542758 secs] [Times: user=0.32 sys=0.00, real=0.05 secs] 
5488.665: [GC (Allocation Failure) [PSYoungGen: 491488K->107264K(522752K)] 1720084K->1471000K(1921024K), 0.0713938 secs] [Times: user=0.42 sys=0.00, real=0.07 secs] 
5488.736: [Full GC (Ergonomics) [PSYoungGen: 107264K->0K(522752K)] [ParOldGen: 1363736K->32825K(1398272K)] 1471000K->32825K(1921024K), [Metaspace: 59683K->59662K(1105920K)], 0.0680320 secs] [Times: user=0.21 sys=0.00, real=0.07 secs] 
5491.136: [GC (Allocation Failure) [PSYoungGen: 347136K->139904K(522240K)] 379961K->172729K(1920512K), 0.0280416 secs] [Times: user=0.16 sys=0.00, real=0.03 secs] 
5492.428: [GC (GCLocker Initiated GC) [PSYoungGen: 487040K->108288K(520192K)] 519865K->271921K(1918464K), 0.0638807 secs] [Times: user=0.38 sys=0.00, real=0.07 secs] 
5494.749: [GC (Allocation Failure) [PSYoungGen: 456448K->141952K(521728K)] 620084K->410865K(1920000K), 0.0521311 secs] [Times: user=0.30 sys=0.00, real=0.06 secs] 
5496.159: [GC (Allocation Failure) [PSYoungGen: 490112K->107104K(523776K)] 759025K->508909K(1922048K), 0.0646488 secs] [Times: user=0.38 sys=0.01, real=0.07 secs] 
5497.264: [GC (Allocation Failure) [PSYoungGen: 457312K->142208K(492544K)] 859117K->648826K(1890816K), 0.0524075 secs] [Times: user=0.30 sys=0.00, real=0.05 secs] 
5498.644: [GC (Allocation Failure) [PSYoungGen: 492416K->109152K(525312K)] 999034K->749026K(1923584K), 0.0872162 secs] [Times: user=0.52 sys=0.00, real=0.09 secs] 
5500.423: [GC (Allocation Failure) [PSYoungGen: 458848K->139840K(523264K)] 1098722K->885903K(1921536K), 0.0526699 secs] [Times: user=0.31 sys=0.00, real=0.05 secs] 
5501.847: [GC (Allocation Failure) [PSYoungGen: 489536K->110208K(522752K)] 1235599K->986607K(1921024K), 0.0647642 secs] [Times: user=0.38 sys=0.00, real=0.07 secs] 
5502.879: [GC (Allocation Failure) [PSYoungGen: 461440K->144736K(523264K)] 1337839K->1128459K(1921536K), 0.0540676 secs] [Times: user=0.32 sys=0.00, real=0.06 secs] 
5504.215: [GC (Allocation Failure) [PSYoungGen: 495968K->108960K(524800K)] 1479691K->1228027K(1923072K), 0.0658718 secs] [Times: user=0.40 sys=0.00, real=0.07 secs] 
5505.032: [GC (Allocation Failure) [PSYoungGen: 459680K->145952K(497152K)] 1578747K->1372260K(1895424K), 0.0552422 secs] [Times: user=0.33 sys=0.00, real=0.05 secs] 
5507.350: [GC (Allocation Failure) [PSYoungGen: 496672K->105792K(524288K)] 1722980K->1469596K(1922560K), 0.1553172 secs] [Times: user=0.91 sys=0.01, real=0.16 secs] 
5507.506: [Full GC (Ergonomics) [PSYoungGen: 105792K->0K(524288K)] [ParOldGen: 1363804K->36544K(1398272K)] 1469596K->36544K(1922560K), [Metaspace: 59662K->59662K(1105920K)], 0.1016361 secs] [Times: user=0.39 sys=0.00, real=0.10 secs] 
5509.463: [GC (Allocation Failure) [PSYoungGen: 348160K->140928K(522752K)] 384704K->177472K(1921024K), 0.0283556 secs] [Times: user=0.17 sys=0.00, real=0.03 secs] 
5510.771: [GC (Allocation Failure) [PSYoungGen: 489088K->106688K(522240K)] 525637K->275149K(1920512K), 0.0635705 secs] [Times: user=0.38 sys=0.00, real=0.06 secs] 
5512.356: [GC (Allocation Failure) [PSYoungGen: 455360K->143008K(522752K)] 623821K->416208K(1921024K), 0.0519562 secs] [Times: user=0.31 sys=0.01, real=0.05 secs] 
5513.826: [GC (Allocation Failure) [PSYoungGen: 491680K->108128K(522752K)] 764880K->515720K(1921024K), 0.0673560 secs] [Times: user=0.40 sys=0.00, real=0.07 secs] 
5515.778: [GC (Allocation Failure) [PSYoungGen: 456800K->142848K(522752K)] 864392K->655573K(1921024K), 0.0528160 secs] [Times: user=0.31 sys=0.00, real=0.06 secs] 
5517.343: [GC (Allocation Failure) [PSYoungGen: 491520K->107200K(523264K)] 1004245K->753709K(1921536K), 0.0879151 secs] [Times: user=0.52 sys=0.00, real=0.09 secs] 
5518.928: [GC (GCLocker Initiated GC) [PSYoungGen: 455360K->144096K(492544K)] 1101869K->894732K(1890816K), 0.0531910 secs] [Times: user=0.31 sys=0.00, real=0.06 secs] 
5520.255: [GC (Allocation Failure) [PSYoungGen: 492256K->107968K(524288K)] 1242931K->993923K(1922560K), 0.0668499 secs] [Times: user=0.39 sys=0.00, real=0.07 secs] 
5521.752: [GC (GCLocker Initiated GC) [PSYoungGen: 455616K->139904K(522240K)] 1341573K->1131178K(1920512K), 0.0537694 secs] [Times: user=0.31 sys=0.00, real=0.05 secs] 
5523.114: [GC (Allocation Failure) [PSYoungGen: 487552K->109312K(521216K)] 1478897K->1231261K(1919488K), 0.0661539 secs] [Times: user=0.39 sys=0.00, real=0.07 secs] 
5524.099: [GC (Allocation Failure) [PSYoungGen: 457984K->168448K(517632K)] 1579933K->1397098K(1915904K), 0.0551330 secs] [Times: user=0.33 sys=0.00, real=0.06 secs] 
5525.499: [GC (Allocation Failure) [PSYoungGen: 517120K->106368K(513536K)] 1745770K->1469450K(1911808K), 0.0705844 secs] [Times: user=0.42 sys=0.00, real=0.07 secs] 
5525.569: [Full GC (Ergonomics) [PSYoungGen: 106368K->0K(513536K)] [ParOldGen: 1363081K->36262K(1398272K)] 1469450K->36262K(1911808K), [Metaspace: 59662K->59662K(1105920K)], 0.0704147 secs] [Times: user=0.25 sys=0.00, real=0.07 secs] 
5527.065: [GC (Allocation Failure) [PSYoungGen: 332288K->137792K(515584K)] 368550K->174054K(1913856K), 0.0274593 secs] [Times: user=0.16 sys=0.00, real=0.03 secs] 
5528.357: [GC (Allocation Failure) [PSYoungGen: 470080K->102816K(512000K)] 506342K->267926K(1910272K), 0.0624085 secs] [Times: user=0.37 sys=0.00, real=0.06 secs] 
5529.790: [GC (Allocation Failure) [PSYoungGen: 436640K->134432K(514048K)] 601750K->400961K(1912320K), 0.0506384 secs] [Times: user=0.30 sys=0.00, real=0.05 secs] 
5531.119: [GC (Allocation Failure) [PSYoungGen: 468256K->108640K(514560K)] 734785K->500713K(1912832K), 0.0630947 secs] [Times: user=0.37 sys=0.00, real=0.07 secs] 
5533.470: [GC (Allocation Failure) [PSYoungGen: 449120K->130112K(516608K)] 841193K->629322K(1914880K), 0.0519127 secs] [Times: user=0.31 sys=0.00, real=0.05 secs] 
5534.815: [GC (Allocation Failure) [PSYoungGen: 470592K->118304K(516608K)] 969802K->737962K(1914880K), 0.0639899 secs] [Times: user=0.38 sys=0.00, real=0.06 secs] 
5536.488: [GC (Allocation Failure) [PSYoungGen: 468000K->129632K(519168K)] 1087658K->866639K(1917440K), 0.0546684 secs] [Times: user=0.32 sys=0.00, real=0.06 secs] 
5538.165: [GC (Allocation Failure) [PSYoungGen: 479328K->2720K(499200K)] 1216335K->739867K(1897472K), 0.0027553 secs] [Times: user=0.01 sys=0.00, real=0.00 secs] 
5539.268: [GC (Allocation Failure) [PSYoungGen: 335008K->125024K(515584K)] 1072155K->863256K(1913856K), 0.0255539 secs] [Times: user=0.15 sys=0.00, real=0.03 secs] 
5540.580: [GC (Allocation Failure) [PSYoungGen: 457312K->121984K(505344K)] 1195544K->975440K(1903616K), 0.0626767 secs] [Times: user=0.37 sys=0.00, real=0.07 secs] 
5541.432: [GC (Allocation Failure) [PSYoungGen: 456320K->116000K(511488K)] 1309776K->1091384K(1909760K), 0.0542837 secs] [Times: user=0.32 sys=0.00, real=0.05 secs] 
5542.801: [GC (Allocation Failure) [PSYoungGen: 450336K->132608K(521216K)] 1425720K->1213455K(1919488K), 0.0625145 secs] [Times: user=0.37 sys=0.00, real=0.06 secs] 
5544.669: [GC (Allocation Failure) [PSYoungGen: 482304K->109056K(522240K)] 1563151K->1322047K(1920512K), 0.0565521 secs] [Times: user=0.33 sys=0.00, real=0.06 secs] 
5544.725: [Full GC (Ergonomics) [PSYoungGen: 109056K->0K(522240K)] [ParOldGen: 1212991K->124168K(1398272K)] 1322047K->124168K(1920512K), [Metaspace: 59663K->59663K(1105920K)], 0.2811613 secs] [Times: user=1.28 sys=0.00, real=0.28 secs] 
5546.269: [GC (Allocation Failure) [PSYoungGen: 349696K->139168K(520192K)] 473864K->263337K(1918464K), 0.0498335 secs] [Times: user=0.29 sys=0.00, real=0.05 secs] 
5547.182: [GC (Allocation Failure) [PSYoungGen: 490912K->112960K(523264K)] 615081K->376337K(1921536K), 0.0698872 secs] [Times: user=0.42 sys=0.00, real=0.07 secs] 
5548.608: [GC (Allocation Failure) [PSYoungGen: 464704K->135904K(524800K)] 728081K->501461K(1923072K), 0.0617544 secs] [Times: user=0.36 sys=0.00, real=0.06 secs] 
5550.090: [GC (Allocation Failure) [PSYoungGen: 493280K->118048K(526336K)] 858837K->619173K(1924608K), 0.0582715 secs] [Times: user=0.34 sys=0.00, real=0.06 secs] 
5551.470: [GC (Allocation Failure) [PSYoungGen: 475424K->130144K(527360K)] 976549K->738642K(1925632K), 0.0635381 secs] [Times: user=0.37 sys=0.00, real=0.06 secs] 
5553.402: [GC (Allocation Failure) [PSYoungGen: 493152K->127840K(526848K)] 1101650K->866338K(1925120K), 0.0578054 secs] [Times: user=0.34 sys=0.00, real=0.05 secs] 
5554.790: [GC (Allocation Failure) [PSYoungGen: 490848K->3072K(504832K)] 1229346K->741662K(1903104K), 0.0029258 secs] [Times: user=0.02 sys=0.00, real=0.01 secs] 
5556.766: [GC (Allocation Failure) [PSYoungGen: 345600K->129568K(472576K)] 1084190K->869575K(1870848K), 0.0268294 secs] [Times: user=0.15 sys=0.00, real=0.03 secs] 
5558.093: [GC (Allocation Failure) [PSYoungGen: 472096K->118944K(523776K)] 1212103K->978727K(1922048K), 0.0634419 secs] [Times: user=0.38 sys=0.00, real=0.06 secs] 
5559.886: [GC (Allocation Failure) [PSYoungGen: 464032K->126592K(472064K)] 1323815K->1104124K(1870336K), 0.0552446 secs] [Times: user=0.32 sys=0.00, real=0.06 secs] 
5561.287: [GC (Allocation Failure) [PSYoungGen: 471680K->121696K(522240K)] 1449212K->1215412K(1920512K), 0.0640211 secs] [Times: user=0.38 sys=0.00, real=0.07 secs] 
5563.298: [GC (Allocation Failure) [PSYoungGen: 469856K->127488K(519168K)] 1563572K->1342540K(1917440K), 0.0568259 secs] [Times: user=0.33 sys=0.00, real=0.06 secs] 
5563.354: [Full GC (Ergonomics) [PSYoungGen: 127488K->0K(519168K)] [ParOldGen: 1215052K->142545K(1398272K)] 1342540K->142545K(1917440K), [Metaspace: 59665K->59665K(1105920K)], 0.3298850 secs] [Times: user=1.51 sys=0.00, real=0.33 secs] 
5564.955: [GC (Allocation Failure) [PSYoungGen: 348160K->120416K(523264K)] 490705K->262961K(1921536K), 0.0431687 secs] [Times: user=0.25 sys=0.00, real=0.04 secs] 
5566.682: [GC (Allocation Failure) [PSYoungGen: 477792K->129952K(523776K)] 620337K->392929K(1922048K), 0.0595630 secs] [Times: user=0.35 sys=0.00, real=0.06 secs] 
5568.111: [GC (Allocation Failure) [PSYoungGen: 487328K->3040K(503296K)] 750305K->266065K(1901568K), 0.0022044 secs] [Times: user=0.01 sys=0.00, real=0.00 secs] 
5569.931: [GC (Allocation Failure) [PSYoungGen: 339424K->126048K(517632K)] 602449K->390126K(1915904K), 0.0259949 secs] [Times: user=0.15 sys=0.00, real=0.02 secs] 
5571.249: [GC (Allocation Failure) [PSYoungGen: 462432K->121632K(512512K)] 726510K->502054K(1910784K), 0.0636665 secs] [Times: user=0.38 sys=0.00, real=0.07 secs] 
5572.640: [GC (Allocation Failure) [PSYoungGen: 458016K->119264K(515072K)] 838438K->620878K(1913344K), 0.0546986 secs] [Times: user=0.32 sys=0.00, real=0.06 secs] 
5573.978: [GC (Allocation Failure) [PSYoungGen: 455648K->128832K(519168K)] 957262K->739251K(1917440K), 0.0627415 secs] [Times: user=0.37 sys=0.00, real=0.07 secs] 
5574.839: [GC (Allocation Failure) [PSYoungGen: 472384K->115744K(459776K)] 1082803K->854931K(1858048K), 0.0568954 secs] [Times: user=0.33 sys=0.00, real=0.06 secs] 
5576.197: [GC (Allocation Failure) [PSYoungGen: 459296K->133248K(516608K)] 1198483K->977095K(1914880K), 0.0624437 secs] [Times: user=0.37 sys=0.00, real=0.06 secs] 
5577.503: [GC (Allocation Failure) [PSYoungGen: 478848K->112288K(518144K)] 1322695K->1088907K(1916416K), 0.0573459 secs] [Times: user=0.34 sys=0.00, real=0.05 secs] 
5578.853: [GC (Allocation Failure) [PSYoungGen: 457888K->136448K(520192K)] 1434507K->1214496K(1918464K), 0.0617995 secs] [Times: user=0.37 sys=0.00, real=0.06 secs] 
5580.202: [GC (Allocation Failure) [PSYoungGen: 489216K->113280K(522752K)] 1567264K->1327712K(1921024K), 0.0577857 secs] [Times: user=0.34 sys=0.00, real=0.05 secs] 
5580.259: [Full GC (Ergonomics) [PSYoungGen: 113280K->0K(522752K)] [ParOldGen: 1214432K->128809K(1398272K)] 1327712K->128809K(1921024K), [Metaspace: 59665K->59665K(1105920K)], 0.2931282 secs] [Times: user=1.34 sys=0.00, real=0.30 secs] 
5581.831: [GC (Allocation Failure) [PSYoungGen: 352768K->135552K(524288K)] 481577K->264361K(1922560K), 0.0493913 secs] [Times: user=0.29 sys=0.01, real=0.05 secs] 
5583.222: [GC (Allocation Failure) [PSYoungGen: 494464K->119776K(526848K)] 623273K->383869K(1925120K), 0.0702391 secs] [Times: user=0.41 sys=0.00, real=0.07 secs] 
5584.653: [GC (Allocation Failure) [PSYoungGen: 478688K->128320K(529920K)] 742781K->501652K(1928192K), 0.0623474 secs] [Times: user=0.37 sys=0.00, real=0.06 secs] 
5585.697: [GC (Allocation Failure) [PSYoungGen: 494912K->143392K(528896K)] 868244K->645004K(1927168K), 0.0585704 secs] [Times: user=0.34 sys=0.00, real=0.06 secs] 
5587.087: [GC (Allocation Failure) [PSYoungGen: 509984K->5600K(501248K)] 1011596K->507304K(1899520K), 0.0025683 secs] [Times: user=0.01 sys=0.00, real=0.00 secs] 
5587.836: [GC (Allocation Failure) [PSYoungGen: 339936K->135040K(469504K)] 841640K->641205K(1867776K), 0.0283303 secs] [Times: user=0.16 sys=0.00, real=0.03 secs] 
5589.157: [GC (Allocation Failure) [PSYoungGen: 469376K->110896K(521216K)] 975541K->743445K(1919488K), 0.0647021 secs] [Times: user=0.38 sys=0.01, real=0.07 secs] 
5591.427: [GC (Allocation Failure) [PSYoungGen: 447792K->135680K(514560K)] 1080341K->877682K(1912832K), 0.0529501 secs] [Times: user=0.31 sys=0.00, real=0.05 secs] 
5592.844: [GC (Allocation Failure) [PSYoungGen: 472576K->119488K(516608K)] 1214578K->979722K(1914880K), 0.0639668 secs] [Times: user=0.38 sys=0.00, real=0.06 secs] 
5594.080: [GC (Allocation Failure) [PSYoungGen: 460992K->121824K(516608K)] 1321226K->1101154K(1914880K), 0.0550295 secs] [Times: user=0.32 sys=0.00, real=0.05 secs] 
5595.433: [GC (Allocation Failure) [PSYoungGen: 463328K->126112K(521728K)] 1442658K->1216907K(1920000K), 0.0631734 secs] [Times: user=0.38 sys=0.00, real=0.06 secs] 
5596.367: [GC (Allocation Failure) [PSYoungGen: 476832K->121024K(520192K)] 1567627K->1337851K(1918464K), 0.0567897 secs] [Times: user=0.33 sys=0.00, real=0.06 secs] 
5596.424: [Full GC (Ergonomics) [PSYoungGen: 121024K->0K(520192K)] [ParOldGen: 1216827K->136601K(1398272K)] 1337851K->136601K(1918464K), [Metaspace: 59665K->59665K(1105920K)], 0.3148665 secs] [Times: user=1.44 sys=0.00, real=0.31 secs] 
5598.001: [GC (Allocation Failure) [PSYoungGen: 350720K->127136K(525312K)] 487321K->263737K(1923584K), 0.0438071 secs] [Times: user=0.26 sys=0.00, real=0.04 secs] 
5599.386: [GC (Allocation Failure) [PSYoungGen: 486560K->127392K(524288K)] 623161K->391085K(1922560K), 0.0643330 secs] [Times: user=0.38 sys=0.00, real=0.07 secs] 
5600.795: [GC (Allocation Failure) [PSYoungGen: 486816K->2240K(503808K)] 750509K->266089K(1902080K), 0.0031272 secs] [Times: user=0.02 sys=0.00, real=0.00 secs] 
5601.624: [GC (Allocation Failure) [PSYoungGen: 342720K->130144K(471040K)] 606569K->395134K(1869312K), 0.0266943 secs] [Times: user=0.16 sys=0.00, real=0.03 secs] 
5602.947: [GC (Allocation Failure) [PSYoungGen: 470624K->117664K(522752K)] 735614K->503558K(1921024K), 0.0637229 secs] [Times: user=0.38 sys=0.00, real=0.07 secs] 
5604.857: [GC (Allocation Failure) [PSYoungGen: 460192K->126304K(468992K)] 846086K->628862K(1867264K), 0.0551176 secs] [Times: user=0.33 sys=0.00, real=0.06 secs] 
5606.196: [GC (Allocation Failure) [PSYoungGen: 468832K->122560K(520704K)] 971390K->740811K(1918976K), 0.0637895 secs] [Times: user=0.38 sys=0.00, real=0.06 secs] 
5608.180: [GC (Allocation Failure) [PSYoungGen: 467648K->120800K(518144K)] 1085899K->860763K(1916416K), 0.0566077 secs] [Times: user=0.33 sys=0.01, real=0.06 secs] 
5609.632: [GC (Allocation Failure) [PSYoungGen: 465888K->127200K(521216K)] 1205851K->977502K(1919488K), 0.0631490 secs] [Times: user=0.38 sys=0.00, real=0.06 secs] 
5610.554: [GC (Allocation Failure) [PSYoungGen: 478432K->121536K(520192K)] 1328734K->1098894K(1918464K), 0.0576078 secs] [Times: user=0.34 sys=0.00, real=0.06 secs] 
5612.068: [GC (Allocation Failure) [PSYoungGen: 472768K->127296K(526336K)] 1450126K->1215739K(1924608K), 0.0639595 secs] [Times: user=0.38 sys=0.00, real=0.07 secs] 
5613.946: [GC (Allocation Failure) [PSYoungGen: 487744K->128512K(525824K)] 1576187K->1343203K(1924096K), 0.0585068 secs] [Times: user=0.34 sys=0.00, real=0.06 secs] 
5614.004: [Full GC (Ergonomics) [PSYoungGen: 128512K->0K(525824K)] [ParOldGen: 1214691K->144077K(1398272K)] 1343203K->144077K(1924096K), [Metaspace: 59667K->59667K(1105920K)], 0.3382755 secs] [Times: user=1.56 sys=0.00, real=0.34 secs] 
5615.638: [GC (Allocation Failure) [PSYoungGen: 360448K->121792K(527360K)] 504525K->265870K(1925632K), 0.0426582 secs] [Times: user=0.25 sys=0.00, real=0.05 secs] 
5617.464: [GC (Allocation Failure) [PSYoungGen: 490432K->139744K(529920K)] 634510K->404322K(1928192K), 0.0603315 secs] [Times: user=0.35 sys=0.00, real=0.06 secs] 
5618.845: [GC (Allocation Failure) [PSYoungGen: 508384K->119744K(532992K)] 772962K->514506K(1931264K), 0.0665244 secs] [Times: user=0.40 sys=0.01, real=0.07 secs] 
5619.877: [GC (Allocation Failure) [PSYoungGen: 492480K->151872K(524800K)] 887242K->664327K(1923072K), 0.0567478 secs] [Times: user=0.34 sys=0.00, real=0.06 secs] 
5621.465: [GC (Allocation Failure) [PSYoungGen: 524608K->114656K(533504K)] 1037063K->769743K(1931776K), 0.0817430 secs] [Times: user=0.48 sys=0.00, real=0.08 secs] 
5622.277: [GC (Allocation Failure) [PSYoungGen: 479712K->154752K(520192K)] 1134799K->920868K(1918464K), 0.0560460 secs] [Times: user=0.33 sys=0.00, real=0.06 secs] 
5624.505: [GC (Allocation Failure) [PSYoungGen: 519808K->110112K(527872K)] 1285924K->1022428K(1926144K), 0.1496832 secs] [Times: user=0.88 sys=0.00, real=0.15 secs] 
5625.288: [GC (Allocation Failure) [PSYoungGen: 454656K->142464K(525824K)] 1366972K->1161228K(1924096K), 0.0522013 secs] [Times: user=0.31 sys=0.00, real=0.06 secs] 
5626.857: [GC (Allocation Failure) [PSYoungGen: 497280K->108640K(526336K)] 1516044K->1261068K(1924608K), 0.0908944 secs] [Times: user=0.54 sys=0.00, real=0.09 secs] 
5627.931: [GC (Allocation Failure) [PSYoungGen: 449162K->143264K(497664K)] 1601590K->1399688K(1895936K), 0.0515343 secs] [Times: user=0.30 sys=0.00, real=0.05 secs] 
5627.983: [Full GC (Ergonomics) [PSYoungGen: 143264K->0K(497664K)] [ParOldGen: 1256424K->197184K(1398272K)] 1399688K->197184K(1895936K), [Metaspace: 59667K->59667K(1105920K)], 0.4740893 secs] [Times: user=2.21 sys=0.00, real=0.47 secs] 
5630.167: [GC (Allocation Failure) [PSYoungGen: 354304K->107456K(526848K)] 551488K->304640K(1925120K), 0.0456079 secs] [Times: user=0.26 sys=0.00, real=0.05 secs] 
5631.251: [GC (Allocation Failure) [PSYoungGen: 451848K->143872K(497664K)] 649033K->444553K(1895936K), 0.0497401 secs] [Times: user=0.29 sys=0.00, real=0.05 secs] 
5633.353: [GC (Allocation Failure) [PSYoungGen: 497152K->105952K(525312K)] 797833K->541757K(1923584K), 0.1311417 secs] [Times: user=0.78 sys=0.00, real=0.13 secs] 
5634.719: [GC (Allocation Failure) [PSYoungGen: 456672K->145600K(496640K)] 892477K->683410K(1894912K), 0.0504476 secs] [Times: user=0.30 sys=0.00, real=0.05 secs] 
5636.411: [GC (Allocation Failure) [PSYoungGen: 496320K->107072K(524288K)] 1034130K->781658K(1922560K), 0.0846153 secs] [Times: user=0.50 sys=0.00, real=0.08 secs] 
5637.117: [GC (Allocation Failure) [PSYoungGen: 447936K->144768K(493056K)] 1122522K->921674K(1891328K), 0.0512065 secs] [Times: user=0.30 sys=0.00, real=0.05 secs] 
5638.850: [GC (Allocation Failure) [PSYoungGen: 492928K->106112K(523264K)] 1269834K->1019095K(1921536K), 0.1399681 secs] [Times: user=0.83 sys=0.00, real=0.14 secs] 
5640.501: [GC (Allocation Failure) [PSYoungGen: 452224K->144704K(491008K)] 1365207K->1159703K(1889280K), 0.0515646 secs] [Times: user=0.31 sys=0.00, real=0.05 secs] 
5642.444: [GC (GCLocker Initiated GC) [PSYoungGen: 490816K->102976K(522240K)] 1505816K->1254016K(1920512K), 0.1427336 secs] [Times: user=0.84 sys=0.01, real=0.14 secs] 
5643.305: [GC (Allocation Failure) [PSYoungGen: 447040K->144704K(488960K)] 1598082K->1395041K(1887232K), 0.0523535 secs] [Times: user=0.31 sys=0.00, real=0.05 secs] 
5643.357: [Full GC (Ergonomics) [PSYoungGen: 144704K->0K(488960K)] [ParOldGen: 1250337K->193508K(1398272K)] 1395041K->193508K(1887232K), [Metaspace: 59668K->59668K(1105920K)], 0.4727787 secs] [Times: user=2.18 sys=0.00, real=0.47 secs] 
5645.475: [GC (Allocation Failure) [PSYoungGen: 344064K->102848K(520704K)] 537572K->296356K(1918976K), 0.0765814 secs] [Times: user=0.45 sys=0.00, real=0.08 secs] 
5646.771: [GC (Allocation Failure) [PSYoungGen: 444352K->142080K(519680K)] 637860K->434208K(1917952K), 0.0490267 secs] [Times: user=0.29 sys=0.00, real=0.05 secs] 
5648.431: [GC (Allocation Failure) [PSYoungGen: 483584K->105568K(517632K)] 775712K->530537K(1915904K), 0.1128693 secs] [Times: user=0.67 sys=0.00, real=0.11 secs] 
5650.500: [GC (Allocation Failure) [PSYoungGen: 447072K->140384K(518656K)] 872041K->666933K(1916928K), 0.0513158 secs] [Times: user=0.30 sys=0.00, real=0.06 secs] 
5651.850: [GC (Allocation Failure) [PSYoungGen: 481888K->105568K(518656K)] 1008437K->763481K(1916928K), 0.0634042 secs] [Times: user=0.37 sys=0.00, real=0.06 secs] 
5652.674: [GC (Allocation Failure) [PSYoungGen: 449120K->141024K(519680K)] 1107033K->901502K(1917952K), 0.0519322 secs] [Times: user=0.30 sys=0.00, real=0.05 secs] 
5654.004: [GC (Allocation Failure) [PSYoungGen: 484576K->107040K(520192K)] 1245054K->998798K(1918464K), 0.0655655 secs] [Times: user=0.37 sys=0.00, real=0.06 secs] 
5655.123: [GC (Allocation Failure) [PSYoungGen: 452128K->141696K(520704K)] 1343886K->1137835K(1918976K), 0.0528066 secs] [Times: user=0.31 sys=0.01, real=0.05 secs] 
5656.451: [GC (Allocation Failure) [PSYoungGen: 486784K->106528K(520704K)] 1482923K->1235071K(1918976K), 0.0637078 secs] [Times: user=0.38 sys=0.00, real=0.06 secs] 
5657.792: [GC (Allocation Failure) [PSYoungGen: 452640K->142208K(521216K)] 1581183K->1374632K(1919488K), 0.0533092 secs] [Times: user=0.32 sys=0.00, real=0.05 secs] 
5657.845: [Full GC (Ergonomics) [PSYoungGen: 142208K->0K(521216K)] [ParOldGen: 1232424K->174399K(1398272K)] 1374632K->174399K(1919488K), [Metaspace: 59668K->59668K(1105920K)], 0.4099886 secs] [Times: user=1.88 sys=0.00, real=0.41 secs] 
5660.121: [GC (Allocation Failure) [PSYoungGen: 346112K->104896K(522240K)] 520511K->279295K(1920512K), 0.0345563 secs] [Times: user=0.20 sys=0.00, real=0.03 secs] 
5661.292: [GC (Allocation Failure) [PSYoungGen: 452032K->142752K(489984K)] 626431K->419372K(1888256K), 0.0529987 secs] [Times: user=0.31 sys=0.00, real=0.05 secs] 
5662.637: [GC (Allocation Failure) [PSYoungGen: 489888K->107232K(523776K)] 766508K->517604K(1922048K), 0.0656661 secs] [Times: user=0.39 sys=0.00, real=0.07 secs] 
5663.492: [GC (Allocation Failure) [PSYoungGen: 453856K->142464K(521728K)] 864228K->657305K(1920000K), 0.0528551 secs] [Times: user=0.31 sys=0.00, real=0.05 secs] 
5664.815: [GC (GCLocker Initiated GC) [PSYoungGen: 489088K->108224K(520704K)] 1003929K->756401K(1918976K), 0.0653471 secs] [Times: user=0.39 sys=0.00, real=0.07 secs] 
5667.259: [GC (Allocation Failure) [PSYoungGen: 454848K->147648K(494592K)] 1103064K->901690K(1892864K), 0.0539896 secs] [Times: user=0.32 sys=0.00, real=0.06 secs] 
5668.568: [GC (GCLocker Initiated GC) [PSYoungGen: 494272K->108704K(522752K)] 1248315K->993171K(1921024K), 0.0647175 secs] [Times: user=0.39 sys=0.00, real=0.07 secs] 
5670.104: [GC (Allocation Failure) [PSYoungGen: 452768K->139232K(520192K)] 1337238K->1130299K(1918464K), 0.0536579 secs] [Times: user=0.32 sys=0.00, real=0.05 secs] 
5671.753: [GC (GCLocker Initiated GC) [PSYoungGen: 483296K->107936K(520704K)] 1474365K->1229053K(1918976K), 0.0660964 secs] [Times: user=0.39 sys=0.00, real=0.06 secs] 
5672.636: [GC (Allocation Failure) [PSYoungGen: 454048K->140736K(520704K)] 1575168K->1368000K(1918976K), 0.0541319 secs] [Times: user=0.32 sys=0.00, real=0.06 secs] 
5674.011: [GC (Allocation Failure) [PSYoungGen: 486848K->108320K(521216K)] 1714112K->1466944K(1919488K), 0.0656286 secs] [Times: user=0.39 sys=0.00, real=0.06 secs] 
5674.077: [Full GC (Ergonomics) [PSYoungGen: 108320K->0K(521216K)] [ParOldGen: 1358624K->26814K(1398272K)] 1466944K->26814K(1919488K), [Metaspace: 59668K->59668K(1105920K)], 0.0468996 secs] [Times: user=0.15 sys=0.00, real=0.05 secs] 
5675.504: [GC (Allocation Failure) [PSYoungGen: 348672K->142816K(522240K)] 375486K->169630K(1920512K), 0.0283305 secs] [Times: user=0.16 sys=0.01, real=0.03 secs] 
5676.887: [GC (Allocation Failure) [PSYoungGen: 491488K->108416K(523264K)] 518302K->269086K(1921536K), 0.0639794 secs] [Times: user=0.38 sys=0.00, real=0.07 secs] 
5678.433: [GC (GCLocker Initiated GC) [PSYoungGen: 458112K->141984K(523264K)] 618784K->409396K(1921536K), 0.0529457 secs] [Times: user=0.31 sys=0.01, real=0.05 secs] 
5679.821: [GC (GCLocker Initiated GC) [PSYoungGen: 491680K->109440K(522240K)] 759096K->510080K(1920512K), 0.0644697 secs] [Times: user=0.38 sys=0.00, real=0.06 secs] 
5681.554: [GC (Allocation Failure) [PSYoungGen: 459136K->139712K(522752K)] 859779K->647271K(1921024K), 0.0527424 secs] [Times: user=0.30 sys=0.01, real=0.05 secs] 
5682.886: [GC (GCLocker Initiated GC) [PSYoungGen: 489408K->111200K(522752K)] 996969K->748837K(1921024K), 0.0649791 secs] [Times: user=0.38 sys=0.00, real=0.07 secs] 
5684.192: [GC (Allocation Failure) [PSYoungGen: 462944K->150144K(502272K)] 1100582K->896367K(1900544K), 0.0537254 secs] [Times: user=0.32 sys=0.00, real=0.05 secs] 
5685.549: [GC (Allocation Failure) [PSYoungGen: 501888K->112128K(524800K)] 1248111K->990371K(1923072K), 0.0664654 secs] [Times: user=0.40 sys=0.00, real=0.07 secs] 
5686.294: [GC (Allocation Failure) [PSYoungGen: 460288K->145376K(522240K)] 1338531K->1132900K(1920512K), 0.0552077 secs] [Times: user=0.32 sys=0.00, real=0.05 secs] 
5687.621: [GC (Allocation Failure) [PSYoungGen: 493536K->107392K(523264K)] 1481060K->1231500K(1921536K), 0.0666505 secs] [Times: user=0.40 sys=0.00, real=0.06 secs] 
5688.675: [GC (Allocation Failure) [PSYoungGen: 454528K->142944K(522240K)] 1578636K->1371865K(1920512K), 0.0534627 secs] [Times: user=0.31 sys=0.00, real=0.05 secs] 
5690.185: [GC (Allocation Failure) [PSYoungGen: 490080K->106720K(522240K)] 1719001K->1469717K(1920512K), 0.0658382 secs] [Times: user=0.39 sys=0.00, real=0.07 secs] 
5690.251: [Full GC (Ergonomics) [PSYoungGen: 106720K->0K(522240K)] [ParOldGen: 1362997K->35432K(1398272K)] 1469717K->35432K(1920512K), [Metaspace: 59668K->59668K(1105920K)], 0.0703471 secs] [Times: user=0.25 sys=0.00, real=0.07 secs] 
5691.116: [GC (GCLocker Initiated GC) [PSYoungGen: 347136K->141024K(522240K)] 382568K->176456K(1920512K), 0.0280939 secs] [Times: user=0.16 sys=0.00, real=0.03 secs] 
5692.420: [GC (Allocation Failure) [PSYoungGen: 488160K->108224K(521728K)] 523595K->275571K(1920000K), 0.0638180 secs] [Times: user=0.38 sys=0.01, real=0.07 secs] 
5693.271: [GC (Allocation Failure) [PSYoungGen: 455872K->151488K(499200K)] 623219K->424848K(1897472K), 0.0524640 secs] [Times: user=0.31 sys=0.00, real=0.05 secs] 
5694.791: [GC (Allocation Failure) [PSYoungGen: 499136K->107488K(521216K)] 772496K->515040K(1919488K), 0.0633660 secs] [Times: user=0.37 sys=0.01, real=0.06 secs] 
5695.893: [GC (Allocation Failure) [PSYoungGen: 449504K->140672K(519680K)] 857056K->652756K(1917952K), 0.0526615 secs] [Times: user=0.30 sys=0.01, real=0.05 secs] 
5697.217: [GC (GCLocker Initiated GC) [PSYoungGen: 482688K->105472K(519168K)] 994772K->748788K(1917440K), 0.0646148 secs] [Times: user=0.38 sys=0.01, real=0.07 secs] 
5698.730: [GC (Allocation Failure) [PSYoungGen: 448512K->150336K(493568K)] 1091867K->896619K(1891840K), 0.0537379 secs] [Times: user=0.32 sys=0.00, real=0.06 secs] 
5700.057: [GC (Allocation Failure) [PSYoungGen: 493376K->105184K(519680K)] 1239659K->984611K(1917952K), 0.0653288 secs] [Times: user=0.38 sys=0.01, real=0.07 secs] 
5701.217: [GC (Allocation Failure) [PSYoungGen: 444128K->138752K(518144K)] 1323555K->1121768K(1916416K), 0.0526916 secs] [Times: user=0.32 sys=0.00, real=0.05 secs] 
5702.985: [GC (Allocation Failure) [PSYoungGen: 477696K->105792K(517120K)] 1460712K->1218752K(1915392K), 0.0640923 secs] [Times: user=0.39 sys=0.00, real=0.06 secs] 
5705.310: [GC (Allocation Failure) [PSYoungGen: 446272K->134432K(517632K)] 1559232K->1351060K(1915904K), 0.0532889 secs] [Times: user=0.30 sys=0.00, real=0.05 secs] 
5706.670: [GC (GCLocker Initiated GC) [PSYoungGen: 474912K->109728K(518656K)] 1691541K->1451645K(1916928K), 0.0663927 secs] [Times: user=0.40 sys=0.00, real=0.07 secs] 
5706.736: [Full GC (Ergonomics) [PSYoungGen: 109728K->0K(518656K)] [ParOldGen: 1341917K->18971K(1398272K)] 1451645K->18971K(1916928K), [Metaspace: 59668K->59668K(1105920K)], 0.0294934 secs] [Times: user=0.07 sys=0.00, real=0.03 secs] 
5708.713: [GC (Allocation Failure) [PSYoungGen: 346112K->132128K(519680K)] 365086K->151102K(1917952K), 0.0260521 secs] [Times: user=0.16 sys=0.00, real=0.02 secs] 
5710.052: [GC (Allocation Failure) [PSYoungGen: 478240K->117248K(519168K)] 497214K->258690K(1917440K), 0.0634392 secs] [Times: user=0.38 sys=0.00, real=0.06 secs] 
5711.247: [GC (Allocation Failure) [PSYoungGen: 471040K->135648K(521728K)] 612482K->392975K(1920000K), 0.0542494 secs] [Times: user=0.32 sys=0.00, real=0.06 secs] 
5712.610: [GC (GCLocker Initiated GC) [PSYoungGen: 489440K->114336K(525824K)] 746767K->498055K(1924096K), 0.0641480 secs] [Times: user=0.38 sys=0.00, real=0.07 secs] 
5713.451: [GC (Allocation Failure) [PSYoungGen: 477344K->145056K(528384K)] 861066K->641649K(1926656K), 0.0546848 secs] [Times: user=0.32 sys=0.00, real=0.05 secs] 
5714.861: [GC (Allocation Failure) [PSYoungGen: 508064K->114240K(530944K)] 1004657K->746785K(1929216K), 0.0662341 secs] [Times: user=0.39 sys=0.00, real=0.06 secs] 
5716.452: [GC (Allocation Failure) [PSYoungGen: 476736K->148800K(511488K)] 1109281K->893462K(1909760K), 0.0551154 secs] [Times: user=0.33 sys=0.00, real=0.05 secs] 
5718.311: [GC (Allocation Failure) [PSYoungGen: 511296K->112992K(529408K)] 1255958K->997686K(1927680K), 0.1051316 secs] [Times: user=0.62 sys=0.00, real=0.10 secs] 
5720.502: [GC (Allocation Failure) [PSYoungGen: 470880K->146592K(504832K)] 1355574K->1140363K(1903104K), 0.0542290 secs] [Times: user=0.32 sys=0.00, real=0.05 secs] 
5721.964: [GC (Allocation Failure) [PSYoungGen: 504480K->111232K(527360K)] 1498251K->1242211K(1925632K), 0.0818944 secs] [Times: user=0.49 sys=0.00, real=0.08 secs] 
5724.148: [GC (Allocation Failure) [PSYoungGen: 465536K->147008K(501760K)] 1596515K->1385103K(1900032K), 0.0537937 secs] [Times: user=0.32 sys=0.00, real=0.06 secs] 
5724.202: [Full GC (Ergonomics) [PSYoungGen: 147008K->0K(501760K)] [ParOldGen: 1238095K->190201K(1398272K)] 1385103K->190201K(1900032K), [Metaspace: 59670K->59670K(1105920K)], 0.4556754 secs] [Times: user=2.12 sys=0.00, real=0.45 secs] 
5726.571: [GC (Allocation Failure) [PSYoungGen: 354304K->106560K(525312K)] 544505K->296761K(1923584K), 0.0540848 secs] [Times: user=0.31 sys=0.01, real=0.05 secs] 
5727.790: [GC (Allocation Failure) [PSYoungGen: 457280K->146464K(497664K)] 647481K->439253K(1895936K), 0.0515849 secs] [Times: user=0.30 sys=0.00, real=0.06 secs] 
5729.607: [GC (Allocation Failure) [PSYoungGen: 497184K->104992K(523264K)] 789973K->535389K(1921536K), 0.1101395 secs] [Times: user=0.65 sys=0.01, real=0.11 secs] 
5731.124: [GC (Allocation Failure) [PSYoungGen: 451616K->144032K(491008K)] 882013K->675098K(1889280K), 0.0512722 secs] [Times: user=0.30 sys=0.00, real=0.05 secs] 
5733.314: [GC (Allocation Failure) [PSYoungGen: 490656K->103264K(522240K)] 1021722K->769238K(1920512K), 0.1589720 secs] [Times: user=0.95 sys=0.00, real=0.16 secs] 
5734.911: [GC (Allocation Failure) [PSYoungGen: 448352K->144352K(489472K)] 1114326K->908835K(1887744K), 0.0519775 secs] [Times: user=0.31 sys=0.00, real=0.05 secs] 
5736.451: [GC (Allocation Failure) [PSYoungGen: 489440K->104544K(521728K)] 1253923K->1004483K(1920000K), 0.0691561 secs] [Times: user=0.41 sys=0.01, real=0.06 secs] 
5738.303: [GC (Allocation Failure) [PSYoungGen: 447584K->141408K(520192K)] 1347523K->1141808K(1918464K), 0.0521016 secs] [Times: user=0.31 sys=0.00, real=0.05 secs] 
5739.705: [GC (Allocation Failure) [PSYoungGen: 484448K->106624K(519680K)] 1484848K->1239072K(1917952K), 0.0653928 secs] [Times: user=0.38 sys=0.00, real=0.06 secs] 
5740.716: [GC (Allocation Failure) [PSYoungGen: 450176K->141792K(520192K)] 1582624K->1377677K(1918464K), 0.0539227 secs] [Times: user=0.31 sys=0.00, real=0.05 secs] 
5740.770: [Full GC (Ergonomics) [PSYoungGen: 141792K->0K(520192K)] [ParOldGen: 1235885K->175783K(1398272K)] 1377677K->175783K(1918464K), [Metaspace: 59670K->59670K(1105920K)], 0.4538233 secs] [Times: user=2.11 sys=0.00, real=0.46 secs] 
5742.473: [GC (Allocation Failure) [PSYoungGen: 343552K->104928K(520192K)] 519335K->280711K(1918464K), 0.0340713 secs] [Times: user=0.19 sys=0.00, real=0.03 secs] 
5743.754: [GC (Allocation Failure) [PSYoungGen: 449504K->141856K(520704K)] 625287K->419684K(1918976K), 0.0526643 secs] [Times: user=0.31 sys=0.00, real=0.05 secs] 
5745.152: [GC (Allocation Failure) [PSYoungGen: 486432K->105504K(520192K)] 764260K->516172K(1918464K), 0.0657978 secs] [Times: user=0.39 sys=0.00, real=0.06 secs] 
5746.444: [GC (Allocation Failure) [PSYoungGen: 450592K->138528K(520704K)] 861260K->651720K(1918976K), 0.0518066 secs] [Times: user=0.29 sys=0.01, real=0.05 secs] 
5747.788: [GC (GCLocker Initiated GC) [PSYoungGen: 483616K->107872K(519680K)] 996810K->749886K(1917952K), 0.0650555 secs] [Times: user=0.38 sys=0.00, real=0.07 secs] 
5749.308: [GC (Allocation Failure) [PSYoungGen: 455008K->139232K(521216K)] 1097059K->887200K(1919488K), 0.0527967 secs] [Times: user=0.31 sys=0.00, real=0.06 secs] 
5750.644: [GC (GCLocker Initiated GC) [PSYoungGen: 486368K->107840K(522240K)] 1234336K->985600K(1920512K), 0.0642897 secs] [Times: user=0.38 sys=0.00, real=0.06 secs] 
5751.660: [GC (Allocation Failure) [PSYoungGen: 458048K->141920K(523264K)] 1335811K->1125487K(1921536K), 0.0534936 secs] [Times: user=0.30 sys=0.01, real=0.06 secs] 
5752.996: [GC (Allocation Failure) [PSYoungGen: 492128K->108096K(523264K)] 1475695K->1224399K(1921536K), 0.0653057 secs] [Times: user=0.38 sys=0.00, real=0.07 secs] 
5754.004: [GC (Allocation Failure) [PSYoungGen: 459328K->142720K(523776K)] 1575631K->1365292K(1922048K), 0.0544141 secs] [Times: user=0.32 sys=0.00, real=0.05 secs] 
5755.400: [GC (GCLocker Initiated GC) [PSYoungGen: 493952K->110208K(523776K)] 1716525K->1466077K(1922048K), 0.0663283 secs] [Times: user=0.39 sys=0.00, real=0.07 secs] 
5755.467: [Full GC (Ergonomics) [PSYoungGen: 110208K->0K(523776K)] [ParOldGen: 1355869K->26504K(1398272K)] 1466077K->26504K(1922048K), [Metaspace: 59670K->59670K(1105920K)], 0.0501609 secs] [Times: user=0.17 sys=0.00, real=0.05 secs] 
5756.760: [GC (Allocation Failure) [PSYoungGen: 351232K->151136K(502784K)] 377739K->177643K(1901056K), 0.0286787 secs] [Times: user=0.17 sys=0.01, real=0.03 secs] 
5758.070: [GC (Allocation Failure) [PSYoungGen: 502368K->109024K(523264K)] 528875K->269035K(1921536K), 0.0657542 secs] [Times: user=0.38 sys=0.01, real=0.07 secs] 
5759.030: [GC (Allocation Failure) [PSYoungGen: 454624K->143520K(521216K)] 614635K->410670K(1919488K), 0.0529418 secs] [Times: user=0.30 sys=0.00, real=0.05 secs] 
5760.341: [GC (Allocation Failure) [PSYoungGen: 489120K->108032K(521216K)] 756270K->509830K(1919488K), 0.0644429 secs] [Times: user=0.38 sys=0.00, real=0.06 secs] 
5762.454: [GC (Allocation Failure) [PSYoungGen: 453632K->140736K(521216K)] 855432K->647317K(1919488K), 0.0525294 secs] [Times: user=0.31 sys=0.00, real=0.05 secs] 
5763.807: [GC (Allocation Failure) [PSYoungGen: 486336K->108160K(520192K)] 992917K->746413K(1918464K), 0.0643433 secs] [Times: user=0.38 sys=0.00, real=0.07 secs] 
5765.485: [GC (Allocation Failure) [PSYoungGen: 454784K->140704K(521216K)] 1093037K->884362K(1919488K), 0.0528720 secs] [Times: user=0.31 sys=0.00, real=0.05 secs] 
5766.808: [GC (Allocation Failure) [PSYoungGen: 487328K->108480K(521216K)] 1230986K->983786K(1919488K), 0.0657322 secs] [Times: user=0.39 sys=0.00, real=0.07 secs] 
5768.371: [GC (Allocation Failure) [PSYoungGen: 457152K->141088K(522240K)] 1332458K->1122615K(1920512K), 0.0529848 secs] [Times: user=0.31 sys=0.00, real=0.05 secs] 
5769.685: [GC (GCLocker Initiated GC) [PSYoungGen: 489760K->108512K(522752K)] 1471287K->1221991K(1921024K), 0.0651272 secs] [Times: user=0.38 sys=0.01, real=0.06 secs] 
5770.852: [GC (Allocation Failure) [PSYoungGen: 458720K->143808K(523264K)] 1572202K->1363623K(1921536K), 0.0535969 secs] [Times: user=0.31 sys=0.00, real=0.05 secs] 
5772.218: [GC (Allocation Failure) [PSYoungGen: 494016K->108800K(523776K)] 1713831K->1463351K(1922048K), 0.0649326 secs] [Times: user=0.38 sys=0.00, real=0.07 secs] 
5772.283: [Full GC (Ergonomics) [PSYoungGen: 108800K->0K(523776K)] [ParOldGen: 1354551K->29522K(1398272K)] 1463351K->29522K(1922048K), [Metaspace: 59670K->59670K(1105920K)], 0.0562195 secs] [Times: user=0.20 sys=0.00, real=0.05 secs] 
5774.037: [GC (Allocation Failure) [PSYoungGen: 349696K->141440K(523264K)] 379218K->170962K(1921536K), 0.0280816 secs] [Times: user=0.16 sys=0.00, real=0.03 secs] 
5775.336: [GC (Allocation Failure) [PSYoungGen: 491136K->108768K(522752K)] 520658K->270282K(1921024K), 0.0651483 secs] [Times: user=0.38 sys=0.01, real=0.07 secs] 
5776.556: [GC (Allocation Failure) [PSYoungGen: 458976K->145344K(495616K)] 620490K->412599K(1893888K), 0.0528138 secs] [Times: user=0.31 sys=0.00, real=0.05 secs] 
5777.972: [GC (Allocation Failure) [PSYoungGen: 495552K->106528K(524288K)] 762807K->510015K(1922560K), 0.0639823 secs] [Times: user=0.38 sys=0.00, real=0.06 secs] 
5779.228: [GC (Allocation Failure) [PSYoungGen: 454688K->143072K(522752K)] 858175K->650336K(1921024K), 0.0519410 secs] [Times: user=0.30 sys=0.00, real=0.05 secs] 
5780.594: [GC (Allocation Failure) [PSYoungGen: 491232K->107968K(522752K)] 998496K->749300K(1921024K), 0.0647954 secs] [Times: user=0.39 sys=0.00, real=0.06 secs] 
5782.019: [GC (Allocation Failure) [PSYoungGen: 456128K->142400K(522752K)] 1097460K->889513K(1921024K), 0.0528772 secs] [Times: user=0.31 sys=0.00, real=0.06 secs] 
5783.662: [GC (Allocation Failure) [PSYoungGen: 490560K->107520K(522752K)] 1237673K->988393K(1921024K), 0.0645057 secs] [Times: user=0.38 sys=0.00, real=0.06 secs] 
5785.072: [GC (Allocation Failure) [PSYoungGen: 455680K->140992K(522752K)] 1336553K->1126666K(1921024K), 0.0525404 secs] [Times: user=0.31 sys=0.00, real=0.05 secs] 
5786.427: [GC (Allocation Failure) [PSYoungGen: 489152K->108928K(521216K)] 1474826K->1226254K(1919488K), 0.0666967 secs] [Times: user=0.40 sys=0.00, real=0.07 secs] 
5788.140: [GC (Allocation Failure) [PSYoungGen: 457600K->141280K(522240K)] 1574926K->1364802K(1920512K), 0.0545177 secs] [Times: user=0.33 sys=0.00, real=0.05 secs] 
5789.545: [GC (GCLocker Initiated GC) [PSYoungGen: 489952K->110656K(521728K)] 1713474K->1465659K(1920000K), 0.0650765 secs] [Times: user=0.38 sys=0.01, real=0.06 secs] 
5789.610: [Full GC (Ergonomics) [PSYoungGen: 110656K->0K(521728K)] [ParOldGen: 1355002K->33242K(1398272K)] 1465659K->33242K(1920000K), [Metaspace: 59670K->59670K(1105920K)], 0.0647579 secs] [Times: user=0.24 sys=0.00, real=0.07 secs] 
5790.995: [GC (GCLocker Initiated GC) [PSYoungGen: 350208K->139008K(522752K)] 383455K->172255K(1921024K), 0.0280803 secs] [Times: user=0.16 sys=0.01, real=0.03 secs] 
5792.358: [GC (Allocation Failure) [PSYoungGen: 489216K->110656K(522752K)] 522465K->273001K(1921024K), 0.0634600 secs] [Times: user=0.37 sys=0.01, real=0.07 secs] 
5793.319: [GC (Allocation Failure) [PSYoungGen: 463936K->147584K(501248K)] 626281K->417990K(1899520K), 0.0535787 secs] [Times: user=0.31 sys=0.00, real=0.06 secs] 
5794.648: [GC (Allocation Failure) [PSYoungGen: 500864K->108000K(525312K)] 771270K->517214K(1923584K), 0.0653369 secs] [Times: user=0.39 sys=0.00, real=0.07 secs] 
5796.075: [GC (Allocation Failure) [PSYoungGen: 458208K->153664K(504320K)] 867422K->668163K(1902592K), 0.0531622 secs] [Times: user=0.31 sys=0.00, real=0.05 secs] 
5797.441: [GC (Allocation Failure) [PSYoungGen: 502239K->106912K(521216K)] 1016738K->757971K(1919488K), 0.0649101 secs] [Times: user=0.39 sys=0.00, real=0.06 secs] 
5798.932: [GC (Allocation Failure) [PSYoungGen: 448928K->140736K(519680K)] 1099987K->895727K(1917952K), 0.0518073 secs] [Times: user=0.31 sys=0.00, real=0.05 secs] 
5800.246: [GC (Allocation Failure) [PSYoungGen: 482752K->104128K(520192K)] 1237743K->990855K(1918464K), 0.0627823 secs] [Times: user=0.37 sys=0.01, real=0.06 secs] 
5801.317: [GC (Allocation Failure) [PSYoungGen: 447168K->140896K(520192K)] 1333895K->1128991K(1918464K), 0.0517462 secs] [Times: user=0.30 sys=0.00, real=0.05 secs] 
5802.635: [GC (Allocation Failure) [PSYoungGen: 483936K->105792K(519168K)] 1472031K->1225791K(1917440K), 0.0637923 secs] [Times: user=0.38 sys=0.00, real=0.06 secs] 
5804.566: [GC (Allocation Failure) [PSYoungGen: 449856K->138784K(520192K)] 1569855K->1362051K(1918464K), 0.0522267 secs] [Times: user=0.31 sys=0.00, real=0.05 secs] 
5805.960: [GC (GCLocker Initiated GC) [PSYoungGen: 482848K->106048K(519680K)] 1706115K->1458852K(1917952K), 0.0656852 secs] [Times: user=0.38 sys=0.01, real=0.07 secs] 
5806.025: [Full GC (Ergonomics) [PSYoungGen: 106048K->0K(519680K)] [ParOldGen: 1352804K->25404K(1398272K)] 1458852K->25404K(1917952K), [Metaspace: 59670K->59670K(1105920K)], 0.0416890 secs] [Times: user=0.13 sys=0.00, real=0.04 secs] 
5807.353: [GC (GCLocker Initiated GC) [PSYoungGen: 346624K->138944K(521216K)] 372031K->164351K(1919488K), 0.0279409 secs] [Times: user=0.16 sys=0.00, real=0.03 secs] 
5808.945: [GC (GCLocker Initiated GC) [PSYoungGen: 485568K->109248K(520704K)] 510977K->264577K(1918976K), 0.0636564 secs] [Times: user=0.38 sys=0.00, real=0.06 secs] 
5810.463: [GC (Allocation Failure) [PSYoungGen: 458432K->139392K(522240K)] 613764K->402069K(1920512K), 0.0527470 secs] [Times: user=0.31 sys=0.00, real=0.05 secs] 
5811.867: [GC (Allocation Failure) [PSYoungGen: 488576K->109792K(521728K)] 751253K->502557K(1920000K), 0.0651186 secs] [Times: user=0.38 sys=0.00, real=0.07 secs] 
5813.079: [GC (Allocation Failure) [PSYoungGen: 461536K->150816K(502784K)] 854301K->651013K(1901056K), 0.0541062 secs] [Times: user=0.32 sys=0.00, real=0.06 secs] 
5814.504: [GC (Allocation Failure) [PSYoungGen: 502560K->110784K(524288K)] 1002757K->744245K(1922560K), 0.0663091 secs] [Times: user=0.39 sys=0.00, real=0.07 secs] 
5815.792: [GC (Allocation Failure) [PSYoungGen: 458432K->141344K(522240K)] 1091893K->883018K(1920512K), 0.0540963 secs] [Times: user=0.32 sys=0.00, real=0.05 secs] 
5817.137: [GC (Allocation Failure) [PSYoungGen: 488992K->108448K(522240K)] 1230666K->982138K(1920512K), 0.0665987 secs] [Times: user=0.39 sys=0.00, real=0.07 secs] 
5818.530: [GC (Allocation Failure) [PSYoungGen: 457120K->143104K(522752K)] 1330810K->1122871K(1921024K), 0.0539856 secs] [Times: user=0.32 sys=0.00, real=0.05 secs] 
5819.863: [GC (Allocation Failure) [PSYoungGen: 491776K->107808K(523264K)] 1471543K->1221707K(1921536K), 0.0666685 secs] [Times: user=0.40 sys=0.00, real=0.06 secs] 
5821.576: [GC (Allocation Failure) [PSYoungGen: 456992K->142848K(492544K)] 1570891K->1362192K(1890816K), 0.0538079 secs] [Times: user=0.32 sys=0.00, real=0.06 secs] 
5823.009: [GC (Allocation Failure) [PSYoungGen: 492032K->107040K(524800K)] 1711376K->1460312K(1923072K), 0.0667118 secs] [Times: user=0.40 sys=0.00, real=0.07 secs] 
5823.076: [Full GC (Ergonomics) [PSYoungGen: 107040K->0K(524800K)] [ParOldGen: 1353272K->28998K(1398272K)] 1460312K->28998K(1923072K), [Metaspace: 59670K->59670K(1105920K)], 0.0501350 secs] [Times: user=0.16 sys=0.00, real=0.05 secs] 
5824.370: [GC (Allocation Failure) [PSYoungGen: 348672K->142560K(522752K)] 377670K->171558K(1921024K), 0.0285872 secs] [Times: user=0.17 sys=0.00, real=0.03 secs] 
5825.872: [GC (GCLocker Initiated GC) [PSYoungGen: 491232K->108160K(522752K)] 520230K->270498K(1921024K), 0.0651488 secs] [Times: user=0.38 sys=0.00, real=0.06 secs] 
5827.164: [GC (Allocation Failure) [PSYoungGen: 456832K->142752K(522752K)] 619241K->410294K(1921024K), 0.0525725 secs] [Times: user=0.30 sys=0.01, real=0.05 secs] 
5828.499: [GC (Allocation Failure) [PSYoungGen: 491424K->109760K(522752K)] 758966K->510862K(1921024K), 0.0669381 secs] [Times: user=0.38 sys=0.00, real=0.07 secs] 
5830.045: [GC (Allocation Failure) [PSYoungGen: 458432K->141120K(522752K)] 859534K->649107K(1921024K), 0.0535011 secs] [Times: user=0.31 sys=0.00, real=0.05 secs] 
5831.365: [GC (GCLocker Initiated GC) [PSYoungGen: 489792K->109056K(521728K)] 997779K->749143K(1920000K), 0.0645161 secs] [Times: user=0.38 sys=0.01, real=0.06 secs] 
5832.307: [GC (Allocation Failure) [PSYoungGen: 458752K->144256K(522752K)] 1098910K->890642K(1921024K), 0.0539185 secs] [Times: user=0.32 sys=0.00, real=0.06 secs] 
5833.723: [GC (Allocation Failure) [PSYoungGen: 493952K->108224K(523776K)] 1240338K->989675K(1922048K), 0.0655510 secs] [Times: user=0.39 sys=0.01, real=0.06 secs] 
5834.744: [GC (Allocation Failure) [PSYoungGen: 457920K->143232K(523264K)] 1339371K->1130511K(1921536K), 0.0536426 secs] [Times: user=0.31 sys=0.00, real=0.05 secs] 
5836.099: [GC (Allocation Failure) [PSYoungGen: 492928K->108608K(523776K)] 1480207K->1229811K(1922048K), 0.0896370 secs] [Times: user=0.54 sys=0.00, real=0.09 secs] 
5837.624: [GC (Allocation Failure) [PSYoungGen: 457792K->143360K(493056K)] 1578995K->1370168K(1891328K), 0.0539080 secs] [Times: user=0.31 sys=0.01, real=0.05 secs] 
5838.965: [GC (Allocation Failure) [PSYoungGen: 492544K->109536K(524800K)] 1719352K->1470296K(1923072K), 0.0659341 secs] [Times: user=0.39 sys=0.00, real=0.07 secs] 
5839.031: [Full GC (Ergonomics) [PSYoungGen: 109536K->0K(524800K)] [ParOldGen: 1360760K->37134K(1398272K)] 1470296K->37134K(1923072K), [Metaspace: 59670K->59670K(1105920K)], 0.0716693 secs] [Times: user=0.26 sys=0.00, real=0.07 secs] 
5840.385: [GC (Allocation Failure) [PSYoungGen: 348672K->141824K(522752K)] 385806K->178958K(1921024K), 0.0282591 secs] [Times: user=0.16 sys=0.00, real=0.03 secs] 
5841.725: [GC (GCLocker Initiated GC) [PSYoungGen: 490496K->108992K(522752K)] 527630K->278742K(1921024K), 0.0637438 secs] [Times: user=0.38 sys=0.00, real=0.06 secs] 
5843.354: [GC (Allocation Failure) [PSYoungGen: 458688K->142368K(523264K)] 628441K->418054K(1921536K), 0.0524811 secs] [Times: user=0.31 sys=0.00, real=0.05 secs] 
5844.753: [GC (GCLocker Initiated GC) [PSYoungGen: 492064K->108704K(523776K)] 767751K->517391K(1922048K), 0.0637473 secs] [Times: user=0.38 sys=0.00, real=0.06 secs] 
5846.133: [GC (Allocation Failure) [PSYoungGen: 458912K->140800K(523776K)] 867602K->655395K(1922048K), 0.0525056 secs] [Times: user=0.31 sys=0.00, real=0.05 secs] 
5847.452: [GC (Allocation Failure) [PSYoungGen: 489685K->110880K(521216K)] 1004280K->756895K(1919488K), 0.0643635 secs] [Times: user=0.38 sys=0.00, real=0.06 secs] 
5848.292: [GC (Allocation Failure) [PSYoungGen: 461600K->144864K(522752K)] 1107615K->898851K(1921024K), 0.0542845 secs] [Times: user=0.32 sys=0.00, real=0.05 secs] 
5849.622: [GC (Allocation Failure) [PSYoungGen: 495584K->107936K(525312K)] 1249571K->997763K(1923584K), 0.0653785 secs] [Times: user=0.39 sys=0.00, real=0.06 secs] 
5851.219: [GC (GCLocker Initiated GC) [PSYoungGen: 458144K->145664K(496128K)] 1347972K->1139593K(1894400K), 0.0529585 secs] [Times: user=0.32 sys=0.00, real=0.06 secs] 
5852.536: [GC (Allocation Failure) [PSYoungGen: 495872K->107488K(524288K)] 1489871K->1237727K(1922560K), 0.0652361 secs] [Times: user=0.38 sys=0.00, real=0.07 secs] 
5853.888: [GC (Allocation Failure) [PSYoungGen: 455648K->144992K(493568K)] 1585887K->1379115K(1891840K), 0.0531653 secs] [Times: user=0.32 sys=0.00, real=0.06 secs] 
5853.941: [Full GC (Ergonomics) [PSYoungGen: 144992K->0K(493568K)] [ParOldGen: 1234123K->184409K(1398272K)] 1379115K->184409K(1891840K), [Metaspace: 59670K->59670K(1105920K)], 0.4509367 secs] [Times: user=2.10 sys=0.00, real=0.45 secs] 
5855.861: [GC (GCLocker Initiated GC) [PSYoungGen: 348160K->103648K(522752K)] 532570K->288058K(1921024K), 0.0327680 secs] [Times: user=0.19 sys=0.01, real=0.03 secs] 
5857.730: [GC (Allocation Failure) [PSYoungGen: 449248K->143584K(489472K)] 633728K->427205K(1887744K), 0.0510420 secs] [Times: user=0.30 sys=0.00, real=0.06 secs] 
5859.036: [GC (Allocation Failure) [PSYoungGen: 489184K->106272K(522752K)] 772805K->524445K(1921024K), 0.0645644 secs] [Times: user=0.39 sys=0.00, real=0.07 secs] 
5860.469: [GC (Allocation Failure) [PSYoungGen: 450848K->140960K(520704K)] 869021K->662602K(1918976K), 0.0519408 secs] [Times: user=0.30 sys=0.00, real=0.06 secs] 
5861.910: [GC (Allocation Failure) [PSYoungGen: 485536K->106240K(520704K)] 1007178K->759898K(1918976K), 0.0676540 secs] [Times: user=0.40 sys=0.00, real=0.06 secs] 
5863.552: [GC (Allocation Failure) [PSYoungGen: 451840K->141824K(521216K)] 1105498K->898807K(1919488K), 0.0531003 secs] [Times: user=0.31 sys=0.00, real=0.05 secs] 
5864.919: [GC (Allocation Failure) [PSYoungGen: 487424K->106752K(520704K)] 1244407K->996751K(1918976K), 0.0641304 secs] [Times: user=0.38 sys=0.00, real=0.07 secs] 
5866.614: [GC (Allocation Failure) [PSYoungGen: 452864K->141664K(521216K)] 1342863K->1136433K(1919488K), 0.0530139 secs] [Times: user=0.32 sys=0.00, real=0.05 secs] 
5867.947: [GC (GCLocker Initiated GC) [PSYoungGen: 487776K->104864K(522240K)] 1482545K->1232417K(1920512K), 0.0642546 secs] [Times: user=0.38 sys=0.00, real=0.07 secs] 
5869.372: [GC (Allocation Failure) [PSYoungGen: 452000K->142432K(489984K)] 1579556K->1371961K(1888256K), 0.0527161 secs] [Times: user=0.31 sys=0.00, real=0.05 secs] 
5870.773: [GC (Allocation Failure) [PSYoungGen: 489568K->107488K(523776K)] 1719097K->1470409K(1922048K), 0.0828180 secs] [Times: user=0.50 sys=0.00, real=0.08 secs] 
5870.856: [Full GC (Ergonomics) [PSYoungGen: 107488K->0K(523776K)] [ParOldGen: 1362921K->31479K(1398272K)] 1470409K->31479K(1922048K), [Metaspace: 59670K->59670K(1105920K)], 0.0569766 secs] [Times: user=0.20 sys=0.00, real=0.06 secs] 
5871.996: [GC (Allocation Failure) [PSYoungGen: 346624K->142592K(521728K)] 378103K->174071K(1920000K), 0.0287144 secs] [Times: user=0.17 sys=0.00, real=0.03 secs] 
5873.402: [GC (Allocation Failure) [PSYoungGen: 489216K->107232K(521216K)] 520695K->272059K(1919488K), 0.0659268 secs] [Times: user=0.39 sys=0.00, real=0.06 secs] 
5874.328: [GC (Allocation Failure) [PSYoungGen: 454368K->144320K(521728K)] 619195K->412884K(1920000K), 0.0526643 secs] [Times: user=0.31 sys=0.00, real=0.06 secs] 
5875.645: [GC (Allocation Failure) [PSYoungGen: 491456K->106624K(522752K)] 760020K->510652K(1921024K), 0.0645115 secs] [Times: user=0.38 sys=0.00, real=0.06 secs] 
5877.381: [GC (Allocation Failure) [PSYoungGen: 452736K->141312K(521728K)] 856764K->649109K(1920000K), 0.0521907 secs] [Times: user=0.30 sys=0.00, real=0.05 secs] 
5878.727: [GC (GCLocker Initiated GC) [PSYoungGen: 487424K->107712K(520192K)] 995221K->747869K(1918464K), 0.0643897 secs] [Times: user=0.38 sys=0.00, real=0.07 secs] 
5881.133: [GC (Allocation Failure) [PSYoungGen: 454336K->146432K(493568K)] 1094532K->891617K(1891840K), 0.0529403 secs] [Times: user=0.30 sys=0.01, real=0.05 secs] 
5882.529: [GC (Allocation Failure) [PSYoungGen: 493056K->110432K(523264K)] 1238241K->984305K(1921536K), 0.0636227 secs] [Times: user=0.38 sys=0.00, real=0.07 secs] 
5884.602: [GC (Allocation Failure) [PSYoungGen: 455520K->137024K(482304K)] 1329393K->1119272K(1880576K), 0.0530549 secs] [Times: user=0.31 sys=0.00, real=0.05 secs] 
5885.929: [GC (Allocation Failure) [PSYoungGen: 482112K->108256K(522240K)] 1464360K->1218520K(1920512K), 0.0634749 secs] [Times: user=0.38 sys=0.00, real=0.07 secs] 
5887.084: [GC (Allocation Failure) [PSYoungGen: 455392K->148160K(520192K)] 1565656K->1364781K(1918464K), 0.0540650 secs] [Times: user=0.31 sys=0.01, real=0.05 secs] 
5888.494: [GC (Allocation Failure) [PSYoungGen: 495296K->109344K(523776K)] 1711917K->1456541K(1922048K), 0.0663233 secs] [Times: user=0.39 sys=0.00, real=0.07 secs] 
5888.561: [Full GC (Ergonomics) [PSYoungGen: 109344K->0K(523776K)] [ParOldGen: 1347197K->22964K(1398272K)] 1456541K->22964K(1922048K), [Metaspace: 59670K->59670K(1105920K)], 0.0323195 secs] [Times: user=0.09 sys=0.00, real=0.03 secs] 
5889.370: [GC (Allocation Failure) [PSYoungGen: 346624K->147328K(494080K)] 369588K->170292K(1892352K), 0.0278798 secs] [Times: user=0.16 sys=0.00, real=0.02 secs] 
5890.693: [GC (Allocation Failure) [PSYoungGen: 493952K->109824K(522752K)] 516916K->262588K(1921024K), 0.0645548 secs] [Times: user=0.38 sys=0.00, real=0.06 secs] 
5892.069: [GC (Allocation Failure) [PSYoungGen: 454400K->137952K(482816K)] 607164K->398869K(1881088K), 0.0528772 secs] [Times: user=0.31 sys=0.00, real=0.06 secs] 
5893.399: [GC (Allocation Failure) [PSYoungGen: 482528K->109600K(522240K)] 743445K->499141K(1920512K), 0.0644937 secs] [Times: user=0.39 sys=0.00, real=0.07 secs] 
5894.861: [GC (Allocation Failure) [PSYoungGen: 456224K->137824K(520192K)] 845765K->635298K(1918464K), 0.0526333 secs] [Times: user=0.31 sys=0.00, real=0.05 secs] 
5896.210: [GC (Allocation Failure) [PSYoungGen: 484448K->110304K(523264K)] 981922K->736338K(1921536K), 0.0642904 secs] [Times: user=0.38 sys=0.00, real=0.07 secs] 
5896.965: [GC (Allocation Failure) [PSYoungGen: 462048K->139616K(523264K)] 1088082K->874669K(1921536K), 0.0536353 secs] [Times: user=0.31 sys=0.00, real=0.05 secs] 
5898.374: [GC (Allocation Failure) [PSYoungGen: 491360K->112096K(524288K)] 1226413K->977309K(1922560K), 0.0653356 secs] [Times: user=0.38 sys=0.00, real=0.06 secs] 
5899.433: [GC (Allocation Failure) [PSYoungGen: 466912K->142432K(525312K)] 1332125K->1118042K(1923584K), 0.0544852 secs] [Times: user=0.31 sys=0.01, real=0.05 secs] 
5900.831: [GC (Allocation Failure) [PSYoungGen: 497248K->112928K(525312K)] 1472858K->1221474K(1923584K), 0.0661786 secs] [Times: user=0.39 sys=0.01, real=0.06 secs] 
5902.334: [GC (Allocation Failure) [PSYoungGen: 468768K->142816K(525824K)] 1577314K->1362071K(1924096K), 0.0542568 secs] [Times: user=0.31 sys=0.00, real=0.05 secs] 
5903.676: [GC (Allocation Failure) [PSYoungGen: 498656K->110880K(527360K)] 1717911K->1463567K(1925632K), 0.0667302 secs] [Times: user=0.40 sys=0.00, real=0.07 secs] 
5903.743: [Full GC (Ergonomics) [PSYoungGen: 110880K->0K(527360K)] [ParOldGen: 1352687K->29858K(1398272K)] 1463567K->29858K(1925632K), [Metaspace: 59670K->59670K(1105920K)], 0.0557245 secs] [Times: user=0.20 sys=0.00, real=0.05 secs] 
5905.313: [GC (Allocation Failure) [PSYoungGen: 356352K->144128K(500736K)] 386210K->173986K(1899008K), 0.0288658 secs] [Times: user=0.17 sys=0.00, real=0.03 secs] 
5906.640: [GC (Allocation Failure) [PSYoungGen: 500480K->113408K(528384K)] 530338K->278087K(1926656K), 0.0642975 secs] [Times: user=0.38 sys=0.00, real=0.07 secs] 
5908.328: [GC (Allocation Failure) [PSYoungGen: 468736K->143776K(525824K)] 633415K->419083K(1924096K), 0.0539278 secs] [Times: user=0.31 sys=0.00, real=0.06 secs] 
5909.646: [GC (Allocation Failure) [PSYoungGen: 499104K->114144K(525824K)] 774411K->524107K(1924096K), 0.0651599 secs] [Times: user=0.38 sys=0.01, real=0.07 secs] 
5911.422: [GC (Allocation Failure) [PSYoungGen: 469472K->145888K(501248K)] 879435K->663856K(1899520K), 0.0533115 secs] [Times: user=0.31 sys=0.00, real=0.05 secs] 
5912.790: [GC (Allocation Failure) [PSYoungGen: 501216K->109152K(526848K)] 1019184K->764084K(1925120K), 0.0693223 secs] [Times: user=0.41 sys=0.00, real=0.06 secs] 
5914.635: [GC (Allocation Failure) [PSYoungGen: 462432K->147200K(500736K)] 1117364K->907500K(1899008K), 0.0531030 secs] [Times: user=0.32 sys=0.00, real=0.05 secs] 
5916.122: [GC (Allocation Failure) [PSYoungGen: 500480K->108000K(524800K)] 1260780K->1006716K(1923072K), 0.0703532 secs] [Times: user=0.41 sys=0.00, real=0.07 secs] 
5916.775: [GC (Allocation Failure) [PSYoungGen: 457184K->146112K(495616K)] 1355900K->1149777K(1893888K), 0.0521771 secs] [Times: user=0.30 sys=0.00, real=0.05 secs] 
5918.678: [GC (Allocation Failure) [PSYoungGen: 495296K->105952K(523264K)] 1498961K->1246937K(1921536K), 0.1563524 secs] [Times: user=0.93 sys=0.00, real=0.16 secs] 
5920.342: [GC (Allocation Failure) [PSYoungGen: 452576K->143328K(489984K)] 1593561K->1385977K(1888256K), 0.0516763 secs] [Times: user=0.30 sys=0.01, real=0.05 secs] 
5920.394: [Full GC (Ergonomics) [PSYoungGen: 143328K->0K(489984K)] [ParOldGen: 1242649K->189990K(1398272K)] 1385977K->189990K(1888256K), [Metaspace: 59670K->59670K(1105920K)], 0.4660112 secs] [Times: user=2.16 sys=0.00, real=0.46 secs] 
5922.218: [GC (Allocation Failure) [PSYoungGen: 346624K->103072K(522240K)] 536614K->293062K(1920512K), 0.0444243 secs] [Times: user=0.26 sys=0.00, real=0.05 secs] 
5923.197: [GC (Allocation Failure) [PSYoungGen: 448160K->142336K(487936K)] 638150K->431971K(1886208K), 0.0502040 secs] [Times: user=0.30 sys=0.00, real=0.05 secs] 
5924.520: [GC (GCLocker Initiated GC) [PSYoungGen: 487424K->106112K(522752K)] 777059K->528555K(1921024K), 0.0640933 secs] [Times: user=0.39 sys=0.00, real=0.06 secs] 
5926.091: [GC (Allocation Failure) [PSYoungGen: 451200K->143808K(488960K)] 873646K->667891K(1887232K), 0.0514592 secs] [Times: user=0.31 sys=0.00, real=0.05 secs] 
5927.439: [GC (Allocation Failure) [PSYoungGen: 488896K->106272K(522240K)] 1012979K->765143K(1920512K), 0.0641989 secs] [Times: user=0.38 sys=0.00, real=0.07 secs] 
5928.527: [GC (Allocation Failure) [PSYoungGen: 450336K->142528K(520704K)] 1109207K->903667K(1918976K), 0.0521214 secs] [Times: user=0.31 sys=0.00, real=0.05 secs] 
5929.854: [GC (GCLocker Initiated GC) [PSYoungGen: 486592K->106976K(520192K)] 1247733K->1001005K(1918464K), 0.0667541 secs] [Times: user=0.40 sys=0.00, real=0.07 secs] 
5930.604: [GC (Allocation Failure) [PSYoungGen: 451552K->142144K(520704K)] 1345584K->1141185K(1918976K), 0.0539286 secs] [Times: user=0.31 sys=0.00, real=0.05 secs] 
5931.996: [GC (Allocation Failure) [PSYoungGen: 486720K->108256K(520192K)] 1485761K->1240365K(1918464K), 0.0699442 secs] [Times: user=0.42 sys=0.00, real=0.07 secs] 
5933.721: [GC (Allocation Failure) [PSYoungGen: 453344K->140000K(520704K)] 1585453K->1377230K(1918976K), 0.0534950 secs] [Times: user=0.32 sys=0.00, real=0.05 secs] 
5933.774: [Full GC (Ergonomics) [PSYoungGen: 140000K->0K(520704K)] [ParOldGen: 1237230K->175712K(1398272K)] 1377230K->175712K(1918976K), [Metaspace: 59670K->59670K(1105920K)], 0.4304466 secs] [Times: user=2.01 sys=0.00, real=0.43 secs] 
5935.423: [GC (Allocation Failure) [PSYoungGen: 345088K->106112K(520704K)] 520800K->281824K(1918976K), 0.0345561 secs] [Times: user=0.21 sys=0.00, real=0.03 secs] 
5937.437: [GC (Allocation Failure) [PSYoungGen: 453248K->148704K(496128K)] 628960K->427557K(1894400K), 0.0529472 secs] [Times: user=0.31 sys=0.00, real=0.05 secs] 
5938.809: [GC (GCLocker Initiated GC) [PSYoungGen: 495840K->107744K(522240K)] 774693K->517873K(1920512K), 0.0630549 secs] [Times: user=0.37 sys=0.00, real=0.07 secs] 
5940.170: [GC (Allocation Failure) [PSYoungGen: 451296K->139168K(520192K)] 861428K->655143K(1918464K), 0.0524556 secs] [Times: user=0.31 sys=0.00, real=0.05 secs] 
5941.496: [GC (GCLocker Initiated GC) [PSYoungGen: 482720K->107584K(520704K)] 998695K->753287K(1918976K), 0.0636122 secs] [Times: user=0.37 sys=0.00, real=0.06 secs] 
5942.759: [GC (Allocation Failure) [PSYoungGen: 452672K->147616K(520192K)] 1098378K->898075K(1918464K), 0.0534194 secs] [Times: user=0.32 sys=0.00, real=0.06 secs] 
5944.185: [GC (GCLocker Initiated GC) [PSYoungGen: 492704K->108928K(521216K)] 1243163K->989263K(1919488K), 0.0653577 secs] [Times: user=0.39 sys=0.01, real=0.07 secs] 
5945.769: [GC (Allocation Failure) [PSYoungGen: 452992K->145664K(489984K)] 1333366K->1132627K(1888256K), 0.0547627 secs] [Times: user=0.32 sys=0.00, real=0.06 secs] 
5947.097: [GC (Allocation Failure) [PSYoungGen: 489728K->109184K(522240K)] 1476691K->1224379K(1920512K), 0.0656117 secs] [Times: user=0.39 sys=0.01, real=0.07 secs] 
5948.318: [GC (Allocation Failure) [PSYoungGen: 452224K->135424K(478720K)] 1567419K->1357576K(1876992K), 0.0535064 secs] [Times: user=0.31 sys=0.00, real=0.06 secs] 
5949.698: [GC (GCLocker Initiated GC) [PSYoungGen: 478464K->111552K(521216K)] 1700617K->1459221K(1919488K), 0.0668879 secs] [Times: user=0.39 sys=0.00, real=0.07 secs] 
5949.765: [Full GC (Ergonomics) [PSYoungGen: 111552K->0K(521216K)] [ParOldGen: 1347669K->19683K(1398272K)] 1459221K->19683K(1919488K), [Metaspace: 59670K->59670K(1105920K)], 0.0306250 secs] [Times: user=0.08 sys=0.00, real=0.03 secs] 
5950.998: [GC (Allocation Failure) [PSYoungGen: 345600K->137056K(518656K)] 365285K->156741K(1916928K), 0.0270960 secs] [Times: user=0.15 sys=0.00, real=0.03 secs] 
5952.327: [GC (Allocation Failure) [PSYoungGen: 482656K->110912K(523776K)] 502341K->258553K(1922048K), 0.0641884 secs] [Times: user=0.38 sys=0.00, real=0.07 secs] 
5953.556: [GC (Allocation Failure) [PSYoungGen: 463168K->139520K(522752K)] 610809K->396478K(1921024K), 0.0527869 secs] [Times: user=0.31 sys=0.00, real=0.05 secs] 
5954.933: [GC (GCLocker Initiated GC) [PSYoungGen: 491776K->111424K(525312K)] 748736K->498748K(1923584K), 0.0649780 secs] [Times: user=0.38 sys=0.01, real=0.06 secs] 
5956.505: [GC (Allocation Failure) [PSYoungGen: 468288K->149472K(506368K)] 855651K->646827K(1904640K), 0.0542305 secs] [Times: user=0.32 sys=0.00, real=0.05 secs] 
5957.854: [GC (Allocation Failure) [PSYoungGen: 506336K->110752K(526336K)] 1003691K->739995K(1924608K), 0.0655979 secs] [Times: user=0.39 sys=0.00, real=0.06 secs] 
5959.412: [GC (Allocation Failure) [PSYoungGen: 462496K->142336K(524288K)] 1091739K->880071K(1922560K), 0.0530892 secs] [Times: user=0.31 sys=0.00, real=0.05 secs] 
5960.750: [GC (Allocation Failure) [PSYoungGen: 494080K->108512K(524800K)] 1231815K->979343K(1923072K), 0.0657880 secs] [Times: user=0.39 sys=0.00, real=0.06 secs] 
5962.259: [GC (Allocation Failure) [PSYoungGen: 460768K->142048K(524800K)] 1331599K->1119444K(1923072K), 0.0548052 secs] [Times: user=0.32 sys=0.00, real=0.06 secs] 
5963.624: [GC (Allocation Failure) [PSYoungGen: 494304K->110848K(523776K)] 1471700K->1221324K(1922048K), 0.0672797 secs] [Times: user=0.40 sys=0.00, real=0.07 secs] 
5965.212: [GC (Allocation Failure) [PSYoungGen: 463104K->140928K(524288K)] 1573580K->1360049K(1922560K), 0.0548269 secs] [Times: user=0.33 sys=0.01, real=0.05 secs] 
5966.544: [GC (Allocation Failure) [PSYoungGen: 493184K->111424K(523776K)] 1712305K->1462221K(1922048K), 0.0675438 secs] [Times: user=0.40 sys=0.00, real=0.07 secs] 
5966.612: [Full GC (Ergonomics) [PSYoungGen: 111424K->0K(523776K)] [ParOldGen: 1350797K->30831K(1398272K)] 1462221K->30831K(1922048K), [Metaspace: 59671K->59671K(1105920K)], 0.0531909 secs] [Times: user=0.18 sys=0.00, real=0.05 secs] 
5968.271: [GC (Allocation Failure) [PSYoungGen: 353792K->143200K(524800K)] 384623K->174031K(1923072K), 0.0285861 secs] [Times: user=0.16 sys=0.00, real=0.02 secs] 
5969.565: [GC (Allocation Failure) [PSYoungGen: 496992K->113248K(525824K)] 527823K->277999K(1924096K), 0.0643372 secs] [Times: user=0.38 sys=0.00, real=0.06 secs] 
5970.712: [GC (Allocation Failure) [PSYoungGen: 468064K->142976K(525824K)] 632815K->417012K(1924096K), 0.0538467 secs] [Times: user=0.32 sys=0.01, real=0.05 secs] 
5972.044: [GC (Allocation Failure) [PSYoungGen: 496675K->113088K(525824K)] 770712K->520292K(1924096K), 0.0703773 secs] [Times: user=0.37 sys=0.01, real=0.07 secs] 
5972.827: [GC (Allocation Failure) [PSYoungGen: 467904K->148448K(503296K)] 875108K->665857K(1901568K), 0.0550680 secs] [Times: user=0.33 sys=0.00, real=0.06 secs] 
5974.140: [GC (Allocation Failure) [PSYoungGen: 503264K->107808K(525312K)] 1020673K->764753K(1923584K), 0.0659040 secs] [Times: user=0.39 sys=0.00, real=0.07 secs] 
5975.731: [GC (Allocation Failure) [PSYoungGen: 458528K->147776K(498688K)] 1115473K->908414K(1896960K), 0.0533663 secs] [Times: user=0.31 sys=0.00, real=0.05 secs] 
5977.181: [GC (Allocation Failure) [PSYoungGen: 498496K->106304K(523264K)] 1259134K->1006010K(1921536K), 0.0888499 secs] [Times: user=0.53 sys=0.00, real=0.08 secs] 
5978.192: [GC (Allocation Failure) [PSYoungGen: 452928K->153024K(499712K)] 1352634K->1155287K(1897984K), 0.0531204 secs] [Times: user=0.31 sys=0.00, real=0.05 secs] 
5979.739: [GC (Allocation Failure) [PSYoungGen: 499648K->105344K(519168K)] 1501911K->1243663K(1917440K), 0.0749054 secs] [Times: user=0.45 sys=0.00, real=0.08 secs] 
5981.135: [GC (Allocation Failure) [PSYoungGen: 443776K->141504K(518144K)] 1582095K->1380934K(1916416K), 0.0516806 secs] [Times: user=0.30 sys=0.00, real=0.05 secs] 
5981.187: [Full GC (Ergonomics) [PSYoungGen: 141504K->0K(518144K)] [ParOldGen: 1239430K->184890K(1398272K)] 1380934K->184890K(1916416K), [Metaspace: 59671K->59671K(1105920K)], 0.4433920 secs] [Times: user=2.07 sys=0.00, real=0.44 secs] 
5982.868: [GC (Allocation Failure) [PSYoungGen: 338432K->104672K(518144K)] 523322K->289562K(1916416K), 0.0324642 secs] [Times: user=0.19 sys=0.00, real=0.04 secs] 
5984.032: [GC (Allocation Failure) [PSYoungGen: 444128K->139072K(518144K)] 629018K->423030K(1916416K), 0.0506163 secs] [Times: user=0.29 sys=0.00, real=0.05 secs] 
5985.335: [GC (Allocation Failure) [PSYoungGen: 478528K->106112K(517632K)] 762486K->519814K(1915904K), 0.0626358 secs] [Times: user=0.37 sys=0.00, real=0.06 secs] 
5986.670: [GC (Allocation Failure) [PSYoungGen: 448128K->140224K(518656K)] 861830K->657131K(1916928K), 0.0522330 secs] [Times: user=0.30 sys=0.01, real=0.06 secs] 
5987.978: [GC (GCLocker Initiated GC) [PSYoungGen: 482240K->106336K(519680K)] 999148K->754452K(1917952K), 0.0650147 secs] [Times: user=0.38 sys=0.00, real=0.07 secs] 
5989.465: [GC (Allocation Failure) [PSYoungGen: 451424K->139744K(520704K)] 1099611K->891987K(1918976K), 0.0530041 secs] [Times: user=0.31 sys=0.00, real=0.05 secs] 
5990.799: [GC (Allocation Failure) [PSYoungGen: 484832K->108544K(519680K)] 1237075K->991383K(1917952K), 0.0640521 secs] [Times: user=0.38 sys=0.00, real=0.07 secs] 
5993.229: [GC (Allocation Failure) [PSYoungGen: 455680K->162624K(509952K)] 1338519K->1151308K(1908224K), 0.0541808 secs] [Times: user=0.32 sys=0.00, real=0.06 secs] 
5994.549: [GC (Allocation Failure) [PSYoungGen: 509760K->109024K(517632K)] 1498444K->1226532K(1915904K), 0.0663499 secs] [Times: user=0.40 sys=0.00, real=0.07 secs] 
5995.215: [GC (Allocation Failure) [PSYoungGen: 443360K->135648K(470016K)] 1560868K->1360413K(1868288K), 0.0547588 secs] [Times: user=0.32 sys=0.00, real=0.05 secs] 
5996.552: [GC (Allocation Failure) [PSYoungGen: 469984K->106080K(515072K)] 1694749K->1457381K(1913344K), 0.0647656 secs] [Times: user=0.38 sys=0.00, real=0.06 secs] 
5996.617: [Full GC (Ergonomics) [PSYoungGen: 106080K->0K(515072K)] [ParOldGen: 1351301K->19072K(1398272K)] 1457381K->19072K(1913344K), [Metaspace: 59671K->59671K(1105920K)], 0.0288716 secs] [Times: user=0.07 sys=0.00, real=0.03 secs] 
5997.626: [GC (Allocation Failure) [PSYoungGen: 335872K->132576K(513536K)] 354944K->151648K(1911808K), 0.0263349 secs] [Times: user=0.15 sys=0.00, real=0.03 secs] 
5998.943: [GC (Allocation Failure) [PSYoungGen: 468448K->114784K(518144K)] 487520K->256936K(1916416K), 0.0627956 secs] [Times: user=0.37 sys=0.00, real=0.06 secs] 
6000.132: [GC (GCLocker Initiated GC) [PSYoungGen: 459872K->125696K(517120K)] 602026K->381551K(1915392K), 0.0527852 secs] [Times: user=0.31 sys=0.00, real=0.05 secs] 
6001.498: [GC (Allocation Failure) [PSYoungGen: 470784K->121952K(522752K)] 726640K->493192K(1921024K), 0.0622106 secs] [Times: user=0.37 sys=0.00, real=0.07 secs] 
6002.555: [GC (Allocation Failure) [PSYoungGen: 479840K->130688K(521728K)] 851080K->623856K(1920000K), 0.0556824 secs] [Times: user=0.33 sys=0.00, real=0.06 secs] 
6003.953: [GC (Allocation Failure) [PSYoungGen: 488576K->3088K(502784K)] 981744K->496288K(1901056K), 0.0033359 secs] [Times: user=0.01 sys=0.00, real=0.00 secs] 
6005.411: [GC (Allocation Failure) [PSYoungGen: 343568K->130848K(519680K)] 836768K->625253K(1917952K), 0.0266724 secs] [Times: user=0.15 sys=0.00, real=0.02 secs] 
6006.732: [GC (Allocation Failure) [PSYoungGen: 471328K->116544K(508416K)] 965733K->732517K(1906688K), 0.0655247 secs] [Times: user=0.38 sys=0.01, real=0.06 secs] 
6008.555: [GC (Allocation Failure) [PSYoungGen: 457024K->124480K(514048K)] 1072997K->856213K(1912320K), 0.0554286 secs] [Times: user=0.33 sys=0.00, real=0.06 secs] 
6009.906: [GC (Allocation Failure) [PSYoungGen: 464960K->123104K(517120K)] 1196693K->969174K(1915392K), 0.0631183 secs] [Times: user=0.37 sys=0.00, real=0.06 secs] 
6011.767: [GC (Allocation Failure) [PSYoungGen: 476896K->130784K(522240K)] 1322966K->1099910K(1920512K), 0.0567753 secs] [Times: user=0.34 sys=0.00, real=0.06 secs] 
6013.152: [GC (Allocation Failure) [PSYoungGen: 484576K->125536K(526336K)] 1453702K->1206858K(1924608K), 0.0636170 secs] [Times: user=0.38 sys=0.00, real=0.06 secs] 
6014.589: [GC (Allocation Failure) [PSYoungGen: 487520K->139584K(528384K)] 1568842K->1346402K(1926656K), 0.0585546 secs] [Times: user=0.34 sys=0.00, real=0.06 secs] 
6015.962: [GC (GCLocker Initiated GC) [PSYoungGen: 501568K->3872K(499712K)] 1708387K->1210707K(1897984K), 0.0043011 secs] [Times: user=0.02 sys=0.00, real=0.00 secs] 
6015.966: [Full GC (Ergonomics) [PSYoungGen: 3872K->0K(499712K)] [ParOldGen: 1206835K->18700K(1398272K)] 1210707K->18700K(1897984K), [Metaspace: 59671K->59671K(1105920K)], 0.0276371 secs] [Times: user=0.07 sys=0.00, real=0.03 secs] 
6017.030: [GC (Allocation Failure) [PSYoungGen: 330240K->127936K(514560K)] 349011K->146707K(1912832K), 0.0251931 secs] [Times: user=0.15 sys=0.00, real=0.03 secs] 
6018.424: [GC (Allocation Failure) [PSYoungGen: 458176K->118176K(504832K)] 476947K->255263K(1903104K), 0.0621574 secs] [Times: user=0.37 sys=0.00, real=0.06 secs] 
6020.031: [GC (Allocation Failure) [PSYoungGen: 448928K->122912K(509952K)] 586015K->378183K(1908224K), 0.0532560 secs] [Times: user=0.31 sys=0.00, real=0.05 secs] 
6021.332: [GC (Allocation Failure) [PSYoungGen: 453664K->133408K(519168K)] 708935K->492934K(1917440K), 0.0614791 secs] [Times: user=0.37 sys=0.00, real=0.06 secs] 
6022.814: [GC (Allocation Failure) [PSYoungGen: 476448K->120096K(463360K)] 835974K->612799K(1861632K), 0.0582055 secs] [Times: user=0.34 sys=0.00, real=0.06 secs] 
6024.209: [GC (Allocation Failure) [PSYoungGen: 463136K->144480K(513536K)] 955839K->730323K(1911808K), 0.0610432 secs] [Times: user=0.36 sys=0.00, real=0.06 secs] 
6025.044: [GC (Allocation Failure) [PSYoungGen: 484448K->101216K(518656K)] 1070291K->831507K(1916928K), 0.0592566 secs] [Times: user=0.34 sys=0.01, real=0.06 secs] 
6025.660: [GC (Allocation Failure) [PSYoungGen: 441184K->175584K(417792K)] 1171475K->1005876K(1816064K), 0.0601036 secs] [Times: user=0.35 sys=0.00, real=0.06 secs] 
6027.105: [GC (Allocation Failure) [PSYoungGen: 417760K->54624K(296960K)] 1248052K->1023376K(1695232K), 0.0789977 secs] [Times: user=0.47 sys=0.00, real=0.08 secs] 
6027.608: [GC (Allocation Failure) [PSYoungGen: 296800K->104448K(474112K)] 1265552K->1121961K(1872384K), 0.0363025 secs] [Times: user=0.21 sys=0.00, real=0.04 secs] 
6028.730: [GC (Allocation Failure) [PSYoungGen: 346624K->94368K(336896K)] 1364137K->1207705K(1735168K), 0.0564889 secs] [Times: user=0.33 sys=0.01, real=0.05 secs] 
6030.428: [GC (Allocation Failure) [PSYoungGen: 336544K->66048K(462848K)] 1449881K->1273409K(1861120K), 0.0752435 secs] [Times: user=0.44 sys=0.01, real=0.08 secs] 
6030.835: [GC (Allocation Failure) [PSYoungGen: 309248K->106752K(461824K)] 1516609K->1374202K(1860096K), 0.0416232 secs] [Times: user=0.24 sys=0.00, real=0.04 secs] 
6030.877: [Full GC (Ergonomics) [PSYoungGen: 106752K->0K(461824K)] [ParOldGen: 1267450K->180287K(1398272K)] 1374202K->180287K(1860096K), [Metaspace: 59671K->59671K(1105920K)], 0.4349097 secs] [Times: user=2.02 sys=0.00, real=0.44 secs] 
6032.387: [GC (Allocation Failure) [PSYoungGen: 243200K->80352K(473600K)] 423487K->260640K(1871872K), 0.0325840 secs] [Times: user=0.19 sys=0.00, real=0.03 secs] 
6033.286: [GC (Allocation Failure) [PSYoungGen: 344544K->88768K(470016K)] 524832K->349216K(1868288K), 0.0414867 secs] [Times: user=0.25 sys=0.00, real=0.04 secs] 
6033.721: [GC (Allocation Failure) [PSYoungGen: 352960K->116000K(486912K)] 613408K->459192K(1885184K), 0.0494894 secs] [Times: user=0.30 sys=0.00, real=0.05 secs] 
6035.185: [GC (GCLocker Initiated GC) [PSYoungGen: 405792K->70624K(483328K)] 748986K->529546K(1881600K), 0.0886008 secs] [Times: user=0.53 sys=0.00, real=0.09 secs] 
6036.142: [GC (Allocation Failure) [PSYoungGen: 360416K->129120K(499200K)] 819341K->655057K(1897472K), 0.0412555 secs] [Times: user=0.24 sys=0.00, real=0.04 secs] 
6037.439: [GC (Allocation Failure) [PSYoungGen: 436832K->102112K(499712K)] 962769K->739953K(1897984K), 0.0590144 secs] [Times: user=0.35 sys=0.00, real=0.06 secs] 
6038.839: [GC (Allocation Failure) [PSYoungGen: 409824K->113664K(501760K)] 1047665K->852273K(1900032K), 0.0489102 secs] [Times: user=0.29 sys=0.00, real=0.05 secs] 
6040.154: [GC (Allocation Failure) [PSYoungGen: 434176K->133504K(499712K)] 1172785K->976169K(1897984K), 0.0620069 secs] [Times: user=0.37 sys=0.00, real=0.06 secs] 
6041.113: [GC (Allocation Failure) [PSYoungGen: 454016K->93408K(513024K)] 1296681K->1069514K(1911296K), 0.0577689 secs] [Times: user=0.33 sys=0.01, real=0.06 secs] 
6041.582: [GC (Allocation Failure) [PSYoungGen: 431328K->145728K(483840K)] 1407434K->1209005K(1882112K), 0.0581050 secs] [Times: user=0.34 sys=0.01, real=0.06 secs] 
6043.368: [GC (Allocation Failure) [PSYoungGen: 483648K->92640K(518656K)] 1546925K->1301261K(1916928K), 0.0634681 secs] [Times: user=0.37 sys=0.00, real=0.07 secs] 
6043.883: [GC (Allocation Failure) [PSYoungGen: 426976K->144928K(479744K)] 1635597K->1440270K(1878016K), 0.0578355 secs] [Times: user=0.34 sys=0.00, real=0.06 secs] 
6043.941: [Full GC (Ergonomics) [PSYoungGen: 144928K->0K(479744K)] [ParOldGen: 1295342K->239489K(1398272K)] 1440270K->239489K(1878016K), [Metaspace: 59671K->59671K(1105920K)], 0.5700824 secs] [Times: user=2.68 sys=0.00, real=0.57 secs] 
6046.816: [GC (Allocation Failure) [PSYoungGen: 334336K->87744K(515584K)] 573825K->327233K(1913856K), 0.0306228 secs] [Times: user=0.18 sys=0.00, real=0.03 secs] 
6047.254: [GC (Allocation Failure) [PSYoungGen: 416960K->141792K(471040K)] 656449K->463342K(1869312K), 0.0537426 secs] [Times: user=0.32 sys=0.00, real=0.05 secs] 
6049.389: [GC (Allocation Failure) [PSYoungGen: 471008K->84544K(513536K)] 792558K->547646K(1911808K), 0.1456740 secs] [Times: user=0.86 sys=0.00, real=0.15 secs] 
6050.200: [GC (Allocation Failure) [PSYoungGen: 397162K->131296K(511488K)] 860265K->673479K(1909760K), 0.0468097 secs] [Times: user=0.27 sys=0.01, real=0.05 secs] 
6051.455: [GC (Allocation Failure) [PSYoungGen: 457440K->98752K(506368K)] 999623K->763087K(1904640K), 0.0595285 secs] [Times: user=0.35 sys=0.00, real=0.06 secs] 
6052.647: [GC (Allocation Failure) [PSYoungGen: 426944K->138560K(508928K)] 1091279K->897612K(1907200K), 0.0484660 secs] [Times: user=0.29 sys=0.00, real=0.05 secs] 
6053.995: [GC (GCLocker Initiated GC) [PSYoungGen: 466752K->97632K(513024K)] 1225806K->986590K(1911296K), 0.0655168 secs] [Times: user=0.37 sys=0.00, real=0.06 secs] 
6055.498: [GC (Allocation Failure) [PSYoungGen: 431968K->145024K(514048K)] 1320965K->1129025K(1912320K), 0.0497275 secs] [Times: user=0.29 sys=0.00, real=0.05 secs] 
6056.812: [GC (Allocation Failure) [PSYoungGen: 479360K->103200K(514560K)] 1463361K->1215097K(1912832K), 0.0766236 secs] [Times: user=0.45 sys=0.00, real=0.07 secs] 
6058.610: [GC (GCLocker Initiated GC) [PSYoungGen: 437024K->132768K(514048K)] 1548922K->1345286K(1912320K), 0.0511259 secs] [Times: user=0.29 sys=0.01, real=0.06 secs] 
6059.943: [GC (Allocation Failure) [PSYoungGen: 466592K->111152K(508928K)] 1679118K->1446914K(1907200K), 0.0639514 secs] [Times: user=0.38 sys=0.00, real=0.06 secs] 
6060.007: [Full GC (Ergonomics) [PSYoungGen: 111152K->0K(508928K)] [ParOldGen: 1335762K->17296K(1398272K)] 1446914K->17296K(1907200K), [Metaspace: 59672K->59672K(1105920K)], 0.0278910 secs] [Times: user=0.06 sys=0.00, real=0.03 secs] 
6061.374: [GC (Allocation Failure) [PSYoungGen: 338432K->128352K(513536K)] 355728K->145648K(1911808K), 0.0255709 secs] [Times: user=0.15 sys=0.00, real=0.02 secs] 
6062.697: [GC (Allocation Failure) [PSYoungGen: 466784K->118304K(512000K)] 484080K->254560K(1910272K), 0.0623645 secs] [Times: user=0.37 sys=0.00, real=0.06 secs] 
6063.393: [GC (Allocation Failure) [PSYoungGen: 468512K->128992K(518656K)] 604768K->383456K(1916928K), 0.0540916 secs] [Times: user=0.32 sys=0.00, real=0.05 secs] 
6064.776: [GC (Allocation Failure) [PSYoungGen: 479200K->352K(500736K)] 733664K->254872K(1899008K), 0.0016371 secs] [Times: user=0.01 sys=0.00, real=0.00 secs] 
6065.659: [GC (Allocation Failure) [PSYoungGen: 333664K->124096K(516096K)] 588184K->378632K(1914368K), 0.0252248 secs] [Times: user=0.15 sys=0.00, real=0.03 secs] 
6066.969: [GC (Allocation Failure) [PSYoungGen: 457408K->123680K(512000K)] 711944K->492329K(1910272K), 0.0628411 secs] [Times: user=0.37 sys=0.00, real=0.07 secs] 
6068.208: [GC (Allocation Failure) [PSYoungGen: 458016K->121120K(514560K)] 826665K->613121K(1912832K), 0.0546505 secs] [Times: user=0.32 sys=0.00, real=0.06 secs] 
6069.508: [GC (Allocation Failure) [PSYoungGen: 455456K->135392K(515584K)] 947457K->729924K(1913856K), 0.0624015 secs] [Times: user=0.37 sys=0.00, real=0.07 secs] 
6071.327: [GC (Allocation Failure) [PSYoungGen: 473824K->103296K(441856K)] 1068356K->832760K(1840128K), 0.0559864 secs] [Times: user=0.33 sys=0.00, real=0.06 secs] 
6072.092: [GC (Allocation Failure) [PSYoungGen: 439104K->174560K(417792K)] 1168569K->1002589K(1816064K), 0.0623154 secs] [Times: user=0.36 sys=0.01, real=0.06 secs] 
6073.617: [GC (Allocation Failure) [PSYoungGen: 417760K->54208K(297472K)] 1245789K->1021853K(1695744K), 0.0972625 secs] [Times: user=0.58 sys=0.01, real=0.10 secs] 
6074.174: [GC (Allocation Failure) [PSYoungGen: 297408K->106784K(476672K)] 1265053K->1123184K(1874944K), 0.0364211 secs] [Times: user=0.22 sys=0.00, real=0.04 secs] 
6075.319: [GC (Allocation Failure) [PSYoungGen: 352544K->91968K(337920K)] 1368944K->1206840K(1736192K), 0.0552170 secs] [Times: user=0.33 sys=0.01, real=0.06 secs] 
6076.713: [GC (Allocation Failure) [PSYoungGen: 337728K->70976K(464384K)] 1452600K->1277533K(1862656K), 0.0660238 secs] [Times: user=0.39 sys=0.00, real=0.06 secs] 
6077.097: [GC (Allocation Failure) [PSYoungGen: 318784K->107264K(462336K)] 1525341K->1378729K(1860608K), 0.0417044 secs] [Times: user=0.24 sys=0.00, real=0.04 secs] 
6077.139: [Full GC (Ergonomics) [PSYoungGen: 107264K->0K(462336K)] [ParOldGen: 1271465K->185361K(1398272K)] 1378729K->185361K(1860608K), [Metaspace: 59672K->59672K(1105920K)], 0.4581814 secs] [Times: user=2.13 sys=0.00, real=0.46 secs] 
6078.682: [GC (Allocation Failure) [PSYoungGen: 247808K->76128K(476672K)] 433169K->261489K(1874944K), 0.0311252 secs] [Times: user=0.19 sys=0.00, real=0.03 secs] 
6080.626: [GC (Allocation Failure) [PSYoungGen: 347488K->96512K(473088K)] 532849K->357346K(1871360K), 0.0492660 secs] [Times: user=0.29 sys=0.00, real=0.05 secs] 
6081.059: [GC (Allocation Failure) [PSYoungGen: 367872K->123520K(488960K)] 628706K->471334K(1887232K), 0.0522743 secs] [Times: user=0.31 sys=0.00, real=0.06 secs] 
6082.905: [GC (Allocation Failure) [PSYoungGen: 417920K->72448K(486400K)] 765734K->543678K(1884672K), 0.0972787 secs] [Times: user=0.58 sys=0.00, real=0.10 secs] 
6083.634: [GC (Allocation Failure) [PSYoungGen: 366848K->125376K(503296K)] 838078K->665091K(1901568K), 0.0425334 secs] [Times: user=0.26 sys=0.00, real=0.04 secs] 
6084.911: [GC (Allocation Failure) [PSYoungGen: 438720K->94368K(502272K)] 978435K->750747K(1900544K), 0.0591342 secs] [Times: user=0.35 sys=0.00, real=0.06 secs] 
6086.541: [GC (Allocation Failure) [PSYoungGen: 407712K->125856K(502784K)] 1064091K->874815K(1901056K), 0.0477221 secs] [Times: user=0.28 sys=0.00, real=0.04 secs] 
6087.905: [GC (Allocation Failure) [PSYoungGen: 445856K->110848K(502784K)] 1194815K->976711K(1901056K), 0.0615508 secs] [Times: user=0.37 sys=0.00, real=0.06 secs] 
6090.041: [GC (Allocation Failure) [PSYoungGen: 430848K->114272K(511488K)] 1296711K->1090343K(1909760K), 0.0519054 secs] [Times: user=0.30 sys=0.00, real=0.05 secs] 
6091.488: [GC (Allocation Failure) [PSYoungGen: 452192K->133856K(509440K)] 1428263K->1213672K(1907712K), 0.0620404 secs] [Times: user=0.37 sys=0.00, real=0.06 secs] 
6093.126: [GC (Allocation Failure) [PSYoungGen: 471776K->112000K(519168K)] 1551592K->1325592K(1917440K), 0.0569617 secs] [Times: user=0.33 sys=0.00, real=0.06 secs] 
6094.497: [GC (Allocation Failure) [PSYoungGen: 464768K->144672K(521728K)] 1678360K->1451321K(1920000K), 0.0614882 secs] [Times: user=0.36 sys=0.00, real=0.06 secs] 
6094.558: [Full GC (Ergonomics) [PSYoungGen: 144672K->0K(521728K)] [ParOldGen: 1306649K->250766K(1398272K)] 1451321K->250766K(1920000K), [Metaspace: 59672K->59672K(1105920K)], 0.5490808 secs] [Times: user=2.42 sys=0.00, real=0.55 secs] 
6097.442: [GC (Allocation Failure) [PSYoungGen: 352768K->105312K(525824K)] 603534K->356078K(1924096K), 0.0220002 secs] [Times: user=0.13 sys=0.00, real=0.02 secs] 
6098.741: [GC (Allocation Failure) [PSYoungGen: 458080K->142560K(495616K)] 708846K->488463K(1893888K), 0.0608668 secs] [Times: user=0.36 sys=0.00, real=0.06 secs] 
6100.447: [GC (Allocation Failure) [PSYoungGen: 495328K->107936K(527360K)] 841231K->596343K(1925632K), 0.0585341 secs] [Times: user=0.34 sys=0.00, real=0.06 secs] 
6101.784: [GC (Allocation Failure) [PSYoungGen: 459680K->140480K(523264K)] 948087K->726086K(1921536K), 0.0610961 secs] [Times: user=0.37 sys=0.00, real=0.06 secs] 
6102.935: [GC (GCLocker Initiated GC) [PSYoungGen: 492224K->110304K(521728K)] 1077833K->836361K(1920000K), 0.0586880 secs] [Times: user=0.34 sys=0.00, real=0.06 secs] 
6104.376: [GC (Allocation Failure) [PSYoungGen: 462560K->138368K(522752K)] 1188618K->963454K(1921024K), 0.0617618 secs] [Times: user=0.37 sys=0.00, real=0.06 secs] 
6105.194: [GC (Allocation Failure) [PSYoungGen: 490624K->115840K(521728K)] 1315710K->1079262K(1920000K), 0.0591222 secs] [Times: user=0.34 sys=0.01, real=0.06 secs] 
6106.601: [GC (Allocation Failure) [PSYoungGen: 471168K->132704K(523776K)] 1434590K->1201139K(1922048K), 0.0626311 secs] [Times: user=0.37 sys=0.00, real=0.06 secs] 
6107.650: [GC (Allocation Failure) [PSYoungGen: 488032K->122912K(523264K)] 1556467K->1323835K(1921536K), 0.0587268 secs] [Times: user=0.34 sys=0.00, real=0.06 secs] 
6109.045: [GC (Allocation Failure) [PSYoungGen: 484896K->125120K(526848K)] 1685819K->1438744K(1925120K), 0.0636978 secs] [Times: user=0.37 sys=0.00, real=0.06 secs] 
6109.108: [Full GC (Ergonomics) [PSYoungGen: 125120K->0K(526848K)] [ParOldGen: 1313624K->250878K(1398272K)] 1438744K->250878K(1925120K), [Metaspace: 59672K->59672K(1105920K)], 0.5400842 secs] [Times: user=2.39 sys=0.00, real=0.54 secs] 
6110.460: [GC (Allocation Failure) [PSYoungGen: 361984K->133824K(534016K)] 612862K->384702K(1932288K), 0.0274471 secs] [Times: user=0.15 sys=0.00, real=0.03 secs] 
6111.812: [GC (Allocation Failure) [PSYoungGen: 506048K->6560K(378880K)] 756926K->257526K(1777152K), 0.0024349 secs] [Times: user=0.02 sys=0.00, real=0.00 secs] 
6113.200: [GC (Allocation Failure) [PSYoungGen: 378784K->149216K(505344K)] 629750K->404722K(1903616K), 0.0305720 secs] [Times: user=0.18 sys=0.01, real=0.04 secs] 
6114.502: [GC (Allocation Failure) [PSYoungGen: 476384K->101664K(513024K)] 731890K->497282K(1911296K), 0.0660914 secs] [Times: user=0.39 sys=0.00, real=0.06 secs] 
6115.823: [GC (Allocation Failure) [PSYoungGen: 428832K->130144K(509440K)] 824450K->625615K(1907712K), 0.0498509 secs] [Times: user=0.29 sys=0.00, real=0.05 secs] 
6117.140: [GC (Allocation Failure) [PSYoungGen: 462432K->113120K(512512K)] 957903K->729511K(1910784K), 0.0624795 secs] [Times: user=0.37 sys=0.00, real=0.07 secs] 
6118.623: [GC (Allocation Failure) [PSYoungGen: 445408K->121312K(514560K)] 1061799K->849580K(1912832K), 0.0527322 secs] [Times: user=0.31 sys=0.00, real=0.05 secs] 
6119.968: [GC (Allocation Failure) [PSYoungGen: 465888K->126560K(515072K)] 1194156K->966024K(1913344K), 0.0622927 secs] [Times: user=0.37 sys=0.00, real=0.06 secs] 
6121.305: [GC (Allocation Failure) [PSYoungGen: 471136K->120640K(520704K)] 1310600K->1086572K(1918976K), 0.0569300 secs] [Times: user=0.34 sys=0.00, real=0.06 secs] 
6122.690: [GC (Allocation Failure) [PSYoungGen: 479552K->127456K(524288K)] 1445484K->1203587K(1922560K), 0.0628257 secs] [Times: user=0.37 sys=0.00, real=0.06 secs] 
6123.485: [GC (Allocation Failure) [PSYoungGen: 486368K->130240K(532480K)] 1562499K->1333739K(1930752K), 0.0577972 secs] [Times: user=0.34 sys=0.00, real=0.06 secs] 
6124.874: [GC (Allocation Failure) [PSYoungGen: 499392K->3712K(373248K)] 1702891K->1207279K(1771520K), 0.0037038 secs] [Times: user=0.02 sys=0.00, real=0.00 secs] 
6124.878: [Full GC (Ergonomics) [PSYoungGen: 3712K->0K(373248K)] [ParOldGen: 1203567K->17428K(1398272K)] 1207279K->17428K(1771520K), [Metaspace: 59672K->59672K(1105920K)], 0.0292080 secs] [Times: user=0.07 sys=0.00, real=0.03 secs] 
6125.766: [GC (Allocation Failure) [PSYoungGen: 369152K->147904K(503808K)] 386580K->165332K(1902080K), 0.0312506 secs] [Times: user=0.15 sys=0.00, real=0.03 secs] 
6127.038: [GC (Allocation Failure) [PSYoungGen: 472000K->102080K(511488K)] 489428K->258360K(1909760K), 0.0645731 secs] [Times: user=0.38 sys=0.00, real=0.07 secs] 
6128.547: [GC (Allocation Failure) [PSYoungGen: 426176K->127104K(507904K)] 582456K->383773K(1906176K), 0.0499902 secs] [Times: user=0.30 sys=0.00, real=0.05 secs] 
6129.857: [GC (Allocation Failure) [PSYoungGen: 457344K->118304K(510464K)] 714013K->492829K(1908736K), 0.0627574 secs] [Times: user=0.37 sys=0.00, real=0.06 secs] 
6131.107: [GC (Allocation Failure) [PSYoungGen: 448544K->114656K(509440K)] 823069K->607333K(1907712K), 0.0543889 secs] [Times: user=0.32 sys=0.00, real=0.06 secs] 
6132.505: [GC (Allocation Failure) [PSYoungGen: 457696K->133024K(513024K)] 950373K->730233K(1911296K), 0.0622021 secs] [Times: user=0.37 sys=0.00, real=0.06 secs] 
6134.377: [GC (Allocation Failure) [PSYoungGen: 476064K->109472K(520704K)] 1073273K->839649K(1918976K), 0.0575486 secs] [Times: user=0.34 sys=0.00, real=0.06 secs] 
6135.766: [GC (Allocation Failure) [PSYoungGen: 466336K->139168K(523776K)] 1196513K->968070K(1922048K), 0.0615231 secs] [Times: user=0.36 sys=0.00, real=0.06 secs] 
6137.875: [GC (Allocation Failure) [PSYoungGen: 496032K->114528K(525824K)] 1324934K->1082558K(1924096K), 0.0592180 secs] [Times: user=0.35 sys=0.00, real=0.06 secs] 
6139.250: [GC (Allocation Failure) [PSYoungGen: 475488K->133568K(526848K)] 1443518K->1205727K(1925120K), 0.0625424 secs] [Times: user=0.38 sys=0.00, real=0.07 secs] 
6140.045: [GC (Allocation Failure) [PSYoungGen: 494528K->126656K(530432K)] 1566687K->1332311K(1928704K), 0.0596934 secs] [Times: user=0.35 sys=0.00, real=0.06 secs] 
6141.439: [GC (Allocation Failure) [PSYoungGen: 492224K->2816K(368640K)] 1697879K->1208559K(1766912K), 0.0054350 secs] [Times: user=0.03 sys=0.00, real=0.01 secs] 
6141.445: [Full GC (Ergonomics) [PSYoungGen: 2816K->0K(368640K)] [ParOldGen: 1205743K->16653K(1398272K)] 1208559K->16653K(1766912K), [Metaspace: 59672K->59672K(1105920K)], 0.0284952 secs] [Times: user=0.07 sys=0.00, real=0.03 secs] 
6142.274: [GC (Allocation Failure) [PSYoungGen: 365568K->151776K(499712K)] 382221K->168429K(1897984K), 0.0284404 secs] [Times: user=0.16 sys=0.01, real=0.03 secs] 
6143.557: [GC (Allocation Failure) [PSYoungGen: 470752K->104704K(508928K)] 487405K->255781K(1907200K), 0.0648370 secs] [Times: user=0.38 sys=0.00, real=0.07 secs] 
6144.931: [GC (Allocation Failure) [PSYoungGen: 423680K->119360K(498176K)] 574757K->374122K(1896448K), 0.0499825 secs] [Times: user=0.30 sys=0.00, real=0.05 secs] 
6146.216: [GC (Allocation Failure) [PSYoungGen: 444992K->128640K(504832K)] 699754K->492674K(1903104K), 0.0629969 secs] [Times: user=0.36 sys=0.00, real=0.06 secs] 
6148.285: [GC (Allocation Failure) [PSYoungGen: 446283K->93056K(513024K)] 810317K->585578K(1911296K), 0.0577097 secs] [Times: user=0.34 sys=0.00, real=0.06 secs] 
6148.764: [GC (Allocation Failure) [PSYoungGen: 434048K->148672K(489984K)] 926570K->728383K(1888256K), 0.0568345 secs] [Times: user=0.33 sys=0.00, real=0.06 secs] 
6151.210: [GC (GCLocker Initiated GC) [PSYoungGen: 489664K->89696K(518144K)] 1069375K->817983K(1916416K), 0.0621421 secs] [Times: user=0.36 sys=0.00, real=0.07 secs] 
6151.734: [GC (Allocation Failure) [PSYoungGen: 425056K->162720K(498176K)] 1153346K->974591K(1896448K), 0.0565117 secs] [Times: user=0.34 sys=0.00, real=0.06 secs] 
6153.718: [GC (GCLocker Initiated GC) [PSYoungGen: 498080K->87712K(508928K)] 1309951K->1045719K(1907200K), 0.0736788 secs] [Times: user=0.44 sys=0.00, real=0.08 secs] 
6154.169: [GC (Allocation Failure) [PSYoungGen: 404128K->137056K(506368K)] 1362138K->1176563K(1904640K), 0.0543581 secs] [Times: user=0.32 sys=0.00, real=0.06 secs] 
6155.824: [GC (Allocation Failure) [PSYoungGen: 453472K->83936K(507392K)] 1492979K->1259943K(1905664K), 0.0756564 secs] [Times: user=0.45 sys=0.00, real=0.07 secs] 
6156.613: [GC (Allocation Failure) [PSYoungGen: 401888K->135392K(506880K)] 1577895K->1389312K(1905152K), 0.0476598 secs] [Times: user=0.28 sys=0.00, real=0.05 secs] 
6156.661: [Full GC (Ergonomics) [PSYoungGen: 135392K->0K(506880K)] [ParOldGen: 1253920K->195401K(1398272K)] 1389312K->195401K(1905152K), [Metaspace: 59672K->59672K(1105920K)], 0.4839011 secs] [Times: user=2.25 sys=0.01, real=0.48 secs] 
6158.321: [GC (Allocation Failure) [PSYoungGen: 317952K->95264K(503296K)] 513353K->290665K(1901568K), 0.0303466 secs] [Times: user=0.18 sys=0.00, real=0.03 secs] 
6159.399: [GC (Allocation Failure) [PSYoungGen: 415776K->133696K(506368K)] 611177K->420478K(1904640K), 0.0469013 secs] [Times: user=0.26 sys=0.00, real=0.05 secs] 
6160.672: [GC (GCLocker Initiated GC) [PSYoungGen: 454208K->97984K(504832K)] 740991K->509355K(1903104K), 0.0624894 secs] [Times: user=0.37 sys=0.01, real=0.06 secs] 
6161.739: [GC (Allocation Failure) [PSYoungGen: 425152K->132384K(508928K)] 836525K->639722K(1907200K), 0.0492319 secs] [Times: user=0.29 sys=0.00, real=0.05 secs] 
6163.144: [GC (Allocation Failure) [PSYoungGen: 459552K->108704K(506880K)] 966890K->739154K(1905152K), 0.0634515 secs] [Times: user=0.37 sys=0.00, real=0.06 secs] 
6164.063: [GC (Allocation Failure) [PSYoungGen: 444064K->124192K(512000K)] 1074514K->862878K(1910272K), 0.0526931 secs] [Times: user=0.31 sys=0.00, real=0.05 secs] 
6165.395: [GC (Allocation Failure) [PSYoungGen: 459552K->123488K(515072K)] 1198238K->976214K(1913344K), 0.0629136 secs] [Times: user=0.37 sys=0.00, real=0.06 secs] 
6166.854: [GC (Allocation Failure) [PSYoungGen: 472160K->118432K(519680K)] 1324886K->1094590K(1917952K), 0.0557729 secs] [Times: user=0.32 sys=0.00, real=0.05 secs] 
6168.216: [GC (Allocation Failure) [PSYoungGen: 467104K->130400K(527360K)] 1443262K->1213738K(1925632K), 0.0626004 secs] [Times: user=0.37 sys=0.00, real=0.06 secs] 
6169.296: [GC (Allocation Failure) [PSYoungGen: 491872K->127680K(527360K)] 1575210K->1341370K(1925632K), 0.0582039 secs] [Times: user=0.34 sys=0.01, real=0.06 secs] 
6170.726: [GC (Allocation Failure) [PSYoungGen: 489152K->2336K(503296K)] 1702842K->1216158K(1901568K), 0.0030200 secs] [Times: user=0.01 sys=0.00, real=0.00 secs] 
6170.729: [Full GC (Ergonomics) [PSYoungGen: 2336K->0K(503296K)] [ParOldGen: 1213822K->16142K(1398272K)] 1216158K->16142K(1901568K), [Metaspace: 59672K->59672K(1105920K)], 0.0279316 secs] [Times: user=0.07 sys=0.00, real=0.03 secs] 
6171.449: [GC (Allocation Failure) [PSYoungGen: 338432K->137664K(476160K)] 354574K->153806K(1874432K), 0.0258487 secs] [Times: user=0.15 sys=0.00, real=0.03 secs] 
6172.758: [GC (Allocation Failure) [PSYoungGen: 476096K->117856K(519168K)] 492238K->253858K(1917440K), 0.0627000 secs] [Times: user=0.37 sys=0.01, real=0.07 secs] 
6173.369: [GC (Allocation Failure) [PSYoungGen: 452704K->120864K(456192K)] 588706K->374650K(1854464K), 0.0537968 secs] [Times: user=0.32 sys=0.00, real=0.06 secs] 
6174.667: [GC (Allocation Failure) [PSYoungGen: 455712K->127712K(511488K)] 709498K->491965K(1909760K), 0.0630786 secs] [Times: user=0.37 sys=0.00, real=0.07 secs] 
6175.233: [GC (Allocation Failure) [PSYoungGen: 463072K->108992K(510976K)] 827325K->600361K(1909248K), 0.0553841 secs] [Times: user=0.32 sys=0.00, real=0.05 secs] 
6176.535: [GC (Allocation Failure) [PSYoungGen: 444352K->140096K(512512K)] 935721K->729385K(1910784K), 0.0611858 secs] [Times: user=0.37 sys=0.00, real=0.06 secs] 
6177.159: [GC (Allocation Failure) [PSYoungGen: 482624K->102880K(517120K)] 1071913K->832105K(1915392K), 0.0881504 secs] [Times: user=0.52 sys=0.01, real=0.09 secs] 
6178.510: [GC (Allocation Failure) [PSYoungGen: 445408K->145440K(516608K)] 1174633K->966804K(1914880K), 0.0612005 secs] [Times: user=0.36 sys=0.00, real=0.06 secs] 
6179.173: [GC (Allocation Failure) [PSYoungGen: 491040K->118272K(522240K)] 1312404K->1085068K(1920512K), 0.0816995 secs] [Times: user=0.48 sys=0.00, real=0.08 secs] 
6180.504: [GC (Allocation Failure) [PSYoungGen: 463872K->146816K(516608K)] 1430668K->1204697K(1914880K), 0.0611433 secs] [Times: user=0.37 sys=0.00, real=0.06 secs] 
Heap
 PSYoungGen      total 516608K, used 224642K [0x00000000d5580000, 0x0000000100000000, 0x0000000100000000)
  eden space 345600K