5.371: [GC (Allocation Failure) [PSYoungGen: 128000K->12536K(148992K)] 128000K->12616K(488960K), 0.0137561 secs] [Times: user=0.03 sys=0.00, real=0.01 secs] 
5.764: [GC (Metadata GC Threshold) [PSYoungGen: 48939K->6082K(148992K)] 49019K->6178K(488960K), 0.0052989 secs] [Times: user=0.01 sys=0.01, real=0.00 secs] 
5.769: [Full GC (Metadata GC Threshold) [PSYoungGen: 6082K->0K(148992K)] [ParOldGen: 96K->5939K(179712K)] 6178K->5939K(328704K), [Metaspace: 20453K->20453K(1067008K)], 0.0228425 secs] [Times: user=0.07 sys=0.01, real=0.03 secs] 
7.117: [GC (Allocation Failure) [PSYoungGen: 128000K->9815K(148992K)] 133939K->15762K(328704K), 0.0033943 secs] [Times: user=0.01 sys=0.00, real=0.00 secs] 
7.720: [GC (Metadata GC Threshold) [PSYoungGen: 38163K->4624K(148992K)] 44111K->10579K(328704K), 0.0032486 secs] [Times: user=0.01 sys=0.00, real=0.01 secs] 
7.724: [Full GC (Metadata GC Threshold) [PSYoungGen: 4624K->0K(148992K)] [ParOldGen: 5955K->8891K(289280K)] 10579K->8891K(438272K), [Metaspace: 33726K->33726K(1079296K)], 0.0269863 secs] [Times: user=0.08 sys=0.00, real=0.02 secs] 
9.039: [GC (Allocation Failure) [PSYoungGen: 128000K->13160K(148992K)] 136891K->22060K(438272K), 0.0036159 secs] [Times: user=0.01 sys=0.00, real=0.01 secs] 
9.897: [GC (Allocation Failure) [PSYoungGen: 138640K->12589K(189952K)] 147539K->54264K(479232K), 0.0145444 secs] [Times: user=0.06 sys=0.01, real=0.02 secs] 
10.999: [GC (Allocation Failure) [PSYoungGen: 175721K->4864K(190464K)] 217397K->112083K(479744K), 0.0137981 secs] [Times: user=0.07 sys=0.01, real=0.02 secs] 
11.795: [GC (Allocation Failure) [PSYoungGen: 163084K->4919K(278016K)] 270303K->177674K(567296K), 0.0132049 secs] [Times: user=0.06 sys=0.01, real=0.01 secs] 
14.138: [GC (Allocation Failure) [PSYoungGen: 266039K->14141K(278016K)] 438794K->195097K(567296K), 0.0052008 secs] [Times: user=0.03 sys=0.01, real=0.01 secs] 
17.154: [GC (Allocation Failure) [PSYoungGen: 275261K->6025K(337920K)] 456217K->186988K(627200K), 0.0044495 secs] [Times: user=0.02 sys=0.01, real=0.00 secs] 
19.631: [GC (Allocation Failure) [PSYoungGen: 303042K->5561K(347648K)] 484006K->252060K(636928K), 0.0121559 secs] [Times: user=0.06 sys=0.01, real=0.01 secs] 
19.643: [Full GC (Ergonomics) [PSYoungGen: 5561K->0K(347648K)] [ParOldGen: 246499K->176787K(627712K)] 252060K->176787K(975360K), [Metaspace: 53199K->53199K(1097728K)], 0.0885257 secs] [Times: user=0.37 sys=0.01, real=0.09 secs] 
21.981: [GC (Allocation Failure) [PSYoungGen: 329728K->1472K(422400K)] 506515K->243804K(1050112K), 0.0070801 secs] [Times: user=0.03 sys=0.00, real=0.00 secs] 
27.549: [GC (Allocation Failure) [PSYoungGen: 410048K->10037K(426496K)] 652380K->252377K(1054208K), 0.0024402 secs] [Times: user=0.01 sys=0.00, real=0.01 secs] 
32.532: [GC (Allocation Failure) [PSYoungGen: 418613K->17917K(498176K)] 660953K->276726K(1125888K), 0.0054099 secs] [Times: user=0.02 sys=0.01, real=0.00 secs] 
37.206: [GC (Allocation Failure) [PSYoungGen: 498173K->5962K(506880K)] 756982K->264780K(1134592K), 0.0023940 secs] [Times: user=0.01 sys=0.00, real=0.00 secs] 
42.144: [GC (Allocation Failure) [PSYoungGen: 486218K->18282K(566272K)] 745036K->293492K(1193984K), 0.0067447 secs] [Times: user=0.03 sys=0.01, real=0.00 secs] 
48.144: [GC (Allocation Failure) [PSYoungGen: 562538K->1818K(571392K)] 837748K->277036K(1199104K), 0.0045910 secs] [Times: user=0.02 sys=0.00, real=0.00 secs] 
55.763: [GC (Allocation Failure) [PSYoungGen: 546074K->1882K(530432K)] 821292K->277108K(1158144K), 0.0046116 secs] [Times: user=0.02 sys=0.01, real=0.00 secs] 
60.952: [GC (Allocation Failure) [PSYoungGen: 530266K->18282K(531456K)] 805492K->293516K(1159168K), 0.0031336 secs] [Times: user=0.02 sys=0.01, real=0.00 secs] 
66.564: [GC (Allocation Failure) [PSYoungGen: 531306K->1863K(500736K)] 806540K->277097K(1128448K), 0.0035679 secs] [Times: user=0.01 sys=0.00, real=0.00 secs] 
72.511: [GC (Allocation Failure) [PSYoungGen: 500551K->1850K(486912K)] 775785K->277084K(1114624K), 0.0036499 secs] [Times: user=0.01 sys=0.01, real=0.00 secs] 
80.239: [GC (Allocation Failure) [PSYoungGen: 486714K->18282K(489984K)] 761948K->293524K(1117696K), 0.0032495 secs] [Times: user=0.01 sys=0.00, real=0.01 secs] 
86.693: [GC (Allocation Failure) [PSYoungGen: 489834K->634K(459776K)] 765076K->275883K(1087488K), 0.0017425 secs] [Times: user=0.01 sys=0.00, real=0.00 secs] 
89.247: [GC (Allocation Failure) [PSYoungGen: 459386K->1882K(448512K)] 734635K->277140K(1076224K), 0.0018596 secs] [Times: user=0.01 sys=0.00, real=0.00 secs] 
94.273: [GC (Allocation Failure) [PSYoungGen: 448346K->6010K(462848K)] 723604K->281268K(1090560K), 0.0017427 secs] [Times: user=0.00 sys=0.00, real=0.00 secs] 
97.185: [GC (Allocation Failure) [PSYoungGen: 440698K->1914K(425472K)] 715956K->277172K(1053184K), 0.0022651 secs] [Times: user=0.01 sys=0.00, real=0.00 secs] 
101.543: [GC (Allocation Failure) [PSYoungGen: 425338K->2365K(415232K)] 700596K->277684K(1042944K), 0.0018831 secs] [Times: user=0.01 sys=0.00, real=0.00 secs] 
104.706: [GC (Allocation Failure) [PSYoungGen: 415037K->1693K(403968K)] 690356K->277204K(1031680K), 0.0029477 secs] [Times: user=0.01 sys=0.00, real=0.00 secs] 
108.171: [GC (Allocation Failure) [PSYoungGen: 403613K->1501K(393216K)] 679124K->277248K(1020928K), 0.0046108 secs] [Times: user=0.02 sys=0.00, real=0.00 secs] 
113.456: [GC (Allocation Failure) [PSYoungGen: 393181K->9696K(391680K)] 668928K->285512K(1019392K), 0.0027603 secs] [Times: user=0.01 sys=0.00, real=0.00 secs] 
116.956: [GC (Allocation Failure) [PSYoungGen: 391648K->1488K(374272K)] 667464K->277320K(1001984K), 0.0032370 secs] [Times: user=0.01 sys=0.00, real=0.00 secs] 
120.747: [GC (Allocation Failure) [PSYoungGen: 374224K->1520K(365056K)] 650056K->277384K(992768K), 0.0019260 secs] [Times: user=0.01 sys=0.00, real=0.00 secs] 
125.571: [GC (Allocation Failure) [PSYoungGen: 365040K->1520K(375808K)] 640904K->277416K(1003520K), 0.0027021 secs] [Times: user=0.01 sys=0.00, real=0.00 secs] 
128.776: [GC (Allocation Failure) [PSYoungGen: 356336K->9648K(356352K)] 632232K->285592K(984064K), 0.0019241 secs] [Times: user=0.01 sys=0.00, real=0.00 secs] 
131.387: [GC (Allocation Failure) [PSYoungGen: 356272K->17872K(356352K)] 632216K->293840K(984064K), 0.0025141 secs] [Times: user=0.01 sys=0.00, real=0.00 secs] 
134.502: [GC (Allocation Failure) [PSYoungGen: 356304K->1488K(332288K)] 632272K->277472K(960000K), 0.0024630 secs] [Times: user=0.01 sys=0.00, real=0.00 secs] 
136.658: [GC (Allocation Failure) [PSYoungGen: 332240K->1440K(324608K)] 608224K->277456K(952320K), 0.0018104 secs] [Times: user=0.01 sys=0.00, real=0.00 secs] 
140.776: [GC (Allocation Failure) [PSYoungGen: 324512K->1504K(317440K)] 600528K->277552K(945152K), 0.0027608 secs] [Times: user=0.01 sys=0.00, real=0.00 secs] 
143.106: [GC (Allocation Failure) [PSYoungGen: 317408K->1504K(329728K)] 593456K->277576K(957440K), 0.0019055 secs] [Times: user=0.01 sys=0.00, real=0.00 secs] 
148.513: [GC (Allocation Failure) [PSYoungGen: 310240K->1440K(303616K)] 586312K->277536K(931328K), 0.0033104 secs] [Times: user=0.01 sys=0.00, real=0.00 secs] 
152.020: [GC (Allocation Failure) [PSYoungGen: 303520K->1472K(314368K)] 579616K->277576K(942080K), 0.0024254 secs] [Times: user=0.01 sys=0.00, real=0.01 secs] 
155.688: [GC (Allocation Failure) [PSYoungGen: 296896K->1456K(290816K)] 573000K->277568K(918528K), 0.0030619 secs] [Times: user=0.01 sys=0.00, real=0.01 secs] 
159.409: [GC (Allocation Failure) [PSYoungGen: 290736K->1440K(300544K)] 566848K->277568K(928256K), 0.0029397 secs] [Times: user=0.01 sys=0.00, real=0.01 secs] 
163.419: [GC (Allocation Failure) [PSYoungGen: 284576K->1440K(279040K)] 560704K->277576K(906752K), 0.0053003 secs] [Times: user=0.02 sys=0.00, real=0.01 secs] 
166.371: [GC (Allocation Failure) [PSYoungGen: 278944K->1504K(273408K)] 555080K->277656K(901120K), 0.0015091 secs] [Times: user=0.01 sys=0.00, real=0.00 secs] 
168.868: [GC (Allocation Failure) [PSYoungGen: 273376K->1440K(267776K)] 549528K->277616K(895488K), 0.0034693 secs] [Times: user=0.01 sys=0.00, real=0.01 secs] 
171.189: [GC (Allocation Failure) [PSYoungGen: 267680K->1456K(262656K)] 543856K->277640K(890368K), 0.0017152 secs] [Times: user=0.00 sys=0.00, real=0.01 secs] 
173.837: [GC (Allocation Failure) [PSYoungGen: 262576K->9664K(265728K)] 538760K->294048K(893440K), 0.0033044 secs] [Times: user=0.01 sys=0.00, real=0.01 secs] 
176.883: [GC (Allocation Failure) [PSYoungGen: 265664K->9632K(260608K)] 550048K->294048K(888320K), 0.0023797 secs] [Times: user=0.00 sys=0.00, real=0.00 secs] 
179.907: [GC (Allocation Failure) [PSYoungGen: 260512K->2448K(248832K)] 544928K->286888K(876544K), 0.0017038 secs] [Times: user=0.01 sys=0.00, real=0.00 secs] 
181.950: [GC (Allocation Failure) [PSYoungGen: 248720K->1392K(243200K)] 533160K->285832K(870912K), 0.0020903 secs] [Times: user=0.01 sys=0.00, real=0.01 secs] 
183.965: [GC (Allocation Failure) [PSYoungGen: 243056K->1440K(238592K)] 527496K->285888K(866304K), 0.0023971 secs] [Times: user=0.01 sys=0.00, real=0.00 secs] 
186.228: [GC (Allocation Failure) [PSYoungGen: 238496K->1472K(246784K)] 522944K->285920K(874496K), 0.0021361 secs] [Times: user=0.00 sys=0.00, real=0.00 secs] 
188.515: [GC (Allocation Failure) [PSYoungGen: 234432K->9664K(238592K)] 518880K->302304K(866304K), 0.0036116 secs] [Times: user=0.02 sys=0.00, real=0.00 secs] 
190.940: [GC (Allocation Failure) [PSYoungGen: 238528K->2480K(227328K)] 531168K->295128K(855040K), 0.0030102 secs] [Times: user=0.01 sys=0.00, real=0.01 secs] 
192.954: [GC (Allocation Failure) [PSYoungGen: 227248K->1424K(222208K)] 519896K->294080K(849920K), 0.0019516 secs] [Times: user=0.00 sys=0.00, real=0.00 secs] 
195.240: [GC (Allocation Failure) [PSYoungGen: 222096K->1472K(230400K)] 514752K->294128K(858112K), 0.0030295 secs] [Times: user=0.01 sys=0.00, real=0.01 secs] 
199.080: [GC (Allocation Failure) [PSYoungGen: 210415K->9680K(223232K)] 503072K->302344K(850944K), 0.0042754 secs] [Times: user=0.02 sys=0.00, real=0.01 secs] 
201.308: [GC (Allocation Failure) [PSYoungGen: 223184K->1392K(211456K)] 515848K->294064K(839168K), 0.0035133 secs] [Times: user=0.02 sys=0.00, real=0.01 secs] 
203.155: [GC (Allocation Failure) [PSYoungGen: 211312K->1440K(209408K)] 503984K->294120K(837120K), 0.0017578 secs] [Times: user=0.01 sys=0.00, real=0.00 secs] 
205.207: [GC (Allocation Failure) [PSYoungGen: 207776K->9664K(212480K)] 500456K->310536K(840192K), 0.0037382 secs] [Times: user=0.02 sys=0.00, real=0.01 secs] 
207.475: [GC (Allocation Failure) [PSYoungGen: 212416K->1405K(209920K)] 513288K->302277K(837632K), 0.0016969 secs] [Times: user=0.00 sys=0.00, real=0.00 secs] 
208.440: [GC (Allocation Failure) [PSYoungGen: 201085K->1504K(198144K)] 501957K->302392K(825856K), 0.0016825 secs] [Times: user=0.00 sys=0.00, real=0.01 secs] 
210.768: [GC (Allocation Failure) [PSYoungGen: 198112K->9664K(205824K)] 499000K->318752K(833536K), 0.0040431 secs] [Times: user=0.02 sys=0.00, real=0.01 secs] 
213.743: [GC (Allocation Failure) [PSYoungGen: 203200K->1376K(192000K)] 512288K->310472K(819712K), 0.0028991 secs] [Times: user=0.01 sys=0.01, real=0.00 secs] 
215.420: [GC (Allocation Failure) [PSYoungGen: 191840K->1456K(197120K)] 500936K->310552K(824832K), 0.0017279 secs] [Times: user=0.00 sys=0.00, real=0.01 secs] 
217.770: [GC (Allocation Failure) [PSYoungGen: 182495K->9632K(194048K)] 491591K->318752K(821760K), 0.0033861 secs] [Times: user=0.01 sys=0.00, real=0.01 secs] 
219.581: [GC (Allocation Failure) [PSYoungGen: 193952K->1408K(193024K)] 503072K->310528K(820736K), 0.0019618 secs] [Times: user=0.00 sys=0.00, real=0.00 secs] 
221.137: [GC (Allocation Failure) [PSYoungGen: 183168K->1376K(180736K)] 492288K->310504K(808448K), 0.0019265 secs] [Times: user=0.01 sys=0.00, real=0.00 secs] 
222.722: [GC (Allocation Failure) [PSYoungGen: 180576K->2448K(185856K)] 489704K->311584K(813568K), 0.0020940 secs] [Times: user=0.01 sys=0.00, real=0.00 secs] 
224.118: [GC (Allocation Failure) [PSYoungGen: 179088K->1408K(175616K)] 488224K->310544K(803328K), 0.0021940 secs] [Times: user=0.01 sys=0.00, real=0.00 secs] 
227.368: [GC (Allocation Failure) [PSYoungGen: 175488K->9600K(183808K)] 484624K->318744K(811520K), 0.0019501 secs] [Times: user=0.01 sys=0.00, real=0.00 secs] 
228.350: [GC (Allocation Failure) [PSYoungGen: 181120K->1408K(170496K)] 490264K->310552K(798208K), 0.0022959 secs] [Times: user=0.00 sys=0.00, real=0.01 secs] 
230.947: [GC (Allocation Failure) [PSYoungGen: 170368K->9648K(179200K)] 479512K->326992K(806912K), 0.0056906 secs] [Times: user=0.03 sys=0.01, real=0.01 secs] 
231.879: [GC (Allocation Failure) [PSYoungGen: 176048K->1376K(165888K)] 493392K->318728K(793600K), 0.0021114 secs] [Times: user=0.01 sys=0.00, real=0.01 secs] 
233.269: [GC (Allocation Failure) [PSYoungGen: 165728K->1440K(173056K)] 483080K->318792K(800768K), 0.0019505 secs] [Times: user=0.00 sys=0.00, real=0.01 secs] 
235.100: [GC (Allocation Failure) [PSYoungGen: 163744K->1632K(162304K)] 481096K->318992K(790016K), 0.0030775 secs] [Times: user=0.02 sys=0.00, real=0.01 secs] 
236.824: [GC (Allocation Failure) [PSYoungGen: 161888K->1408K(167936K)] 479248K->318768K(795648K), 0.0028738 secs] [Times: user=0.02 sys=0.00, real=0.00 secs] 
238.734: [GC (Allocation Failure) [PSYoungGen: 159616K->3456K(159744K)] 476976K->320816K(787456K), 0.0018761 secs] [Times: user=0.01 sys=0.00, real=0.00 secs] 
239.553: [GC (Allocation Failure) [PSYoungGen: 159616K->1376K(162816K)] 476976K->318744K(790528K), 0.0020138 secs] [Times: user=0.01 sys=0.00, real=0.00 secs] 
241.392: [GC (Allocation Failure) [PSYoungGen: 152394K->5536K(157696K)] 469762K->322912K(785408K), 0.0020090 secs] [Times: user=0.01 sys=0.01, real=0.00 secs] 
242.346: [GC (Allocation Failure) [PSYoungGen: 157600K->1360K(158208K)] 474976K->318744K(785920K), 0.0026187 secs] [Times: user=0.01 sys=0.01, real=0.00 secs] 
244.830: [GC (Allocation Failure) [PSYoungGen: 149796K->5520K(153600K)] 467180K->322904K(781312K), 0.0024884 secs] [Times: user=0.01 sys=0.00, real=0.01 secs] 
245.555: [GC (Allocation Failure) [PSYoungGen: 153488K->1376K(154624K)] 470872K->318776K(782336K), 0.0025288 secs] [Times: user=0.01 sys=0.00, real=0.00 secs] 
247.396: [GC (Allocation Failure) [PSYoungGen: 147296K->5536K(150016K)] 464696K->322936K(777728K), 0.0021339 secs] [Times: user=0.01 sys=0.00, real=0.00 secs] 
248.435: [GC (Allocation Failure) [PSYoungGen: 149920K->1376K(151040K)] 467320K->318776K(778752K), 0.0022422 secs] [Times: user=0.01 sys=0.01, real=0.00 secs] 
251.001: [GC (Allocation Failure) [PSYoungGen: 144224K->3472K(144896K)] 461624K->320872K(772608K), 0.0021470 secs] [Times: user=0.00 sys=0.00, real=0.00 secs] 
253.123: [GC (Allocation Failure) [PSYoungGen: 144784K->1360K(146944K)] 462184K->318760K(774656K), 0.0039927 secs] [Times: user=0.01 sys=0.00, real=0.00 secs] 
255.155: [GC (Allocation Failure) [PSYoungGen: 140762K->224K(138752K)] 458162K->317632K(766464K), 0.0015703 secs] [Times: user=0.01 sys=0.00, real=0.00 secs] 
255.756: [GC (Allocation Failure) [PSYoungGen: 138464K->1376K(143360K)] 455872K->318784K(771072K), 0.0015261 secs] [Times: user=0.00 sys=0.00, real=0.00 secs] 
256.929: [GC (Allocation Failure) [PSYoungGen: 138080K->1360K(136704K)] 455488K->318776K(764416K), 0.0020178 secs] [Times: user=0.01 sys=0.00, real=0.01 secs] 
259.644: [GC (Allocation Failure) [PSYoungGen: 136528K->8608K(142336K)] 453944K->335256K(770048K), 0.0060046 secs] [Times: user=0.02 sys=0.00, real=0.00 secs] 
260.731: [GC (Allocation Failure) [PSYoungGen: 142240K->368K(132608K)] 468888K->327016K(760320K), 0.0023189 secs] [Times: user=0.01 sys=0.00, real=0.00 secs] 
263.298: [GC (Allocation Failure) [PSYoungGen: 132464K->9600K(140800K)] 459112K->344440K(768512K), 0.0080507 secs] [Times: user=0.04 sys=0.00, real=0.01 secs] 
264.704: [GC (Allocation Failure) [PSYoungGen: 140160K->1376K(130560K)] 475000K->336216K(758272K), 0.0032503 secs] [Times: user=0.02 sys=0.00, real=0.00 secs] 
266.687: [GC (Allocation Failure) [PSYoungGen: 130400K->9632K(138752K)] 465240K->344472K(766464K), 0.0020834 secs] [Times: user=0.01 sys=0.00, real=0.00 secs] 
267.701: [GC (Allocation Failure) [PSYoungGen: 137120K->1344K(127488K)] 471960K->336184K(755200K), 0.0019917 secs] [Times: user=0.00 sys=0.00, real=0.00 secs] 
268.881: [GC (Allocation Failure) [PSYoungGen: 127296K->1376K(135168K)] 462136K->336216K(762880K), 0.0021996 secs] [Times: user=0.00 sys=0.00, real=0.00 secs] 
270.186: [GC (Allocation Failure) [PSYoungGen: 125792K->9632K(132608K)] 460632K->352664K(760320K), 0.0030983 secs] [Times: user=0.02 sys=0.00, real=0.00 secs] 
270.807: [GC (Allocation Failure) [PSYoungGen: 132512K->1376K(133120K)] 475544K->344416K(760832K), 0.0033501 secs] [Times: user=0.01 sys=0.00, real=0.00 secs] 
273.586: [GC (Allocation Failure) [PSYoungGen: 123232K->9600K(133632K)] 466272K->352648K(761344K), 0.0050011 secs] [Times: user=0.02 sys=0.00, real=0.01 secs] 
274.881: [GC (Allocation Failure) [PSYoungGen: 130432K->1376K(132096K)] 473480K->344432K(759808K), 0.0029535 secs] [Times: user=0.01 sys=0.00, real=0.00 secs] 
277.221: [GC (Allocation Failure) [PSYoungGen: 121184K->1904K(120832K)] 464240K->344968K(748544K), 0.0018592 secs] [Times: user=0.01 sys=0.00, real=0.00 secs] 
277.718: [GC (Allocation Failure) [PSYoungGen: 120688K->9632K(131072K)] 463752K->360888K(758784K), 0.0029652 secs] [Times: user=0.01 sys=0.00, real=0.01 secs] 
278.226: [GC (Allocation Failure) [PSYoungGen: 127392K->1376K(118272K)] 478648K->352632K(745984K), 0.0017876 secs] [Times: user=0.01 sys=0.00, real=0.00 secs] 
279.384: [GC (Allocation Failure) [PSYoungGen: 118112K->9632K(129536K)] 469368K->360888K(757248K), 0.0019369 secs] [Times: user=0.01 sys=0.00, real=0.00 secs] 
279.885: [GC (Allocation Failure) [PSYoungGen: 125344K->1376K(116224K)] 476600K->352640K(743936K), 0.0019086 secs] [Times: user=0.01 sys=0.00, real=0.00 secs] 
280.369: [GC (Allocation Failure) [PSYoungGen: 116064K->1344K(126464K)] 467328K->352608K(754176K), 0.0022334 secs] [Times: user=0.01 sys=0.00, real=0.01 secs] 
282.734: [GC (Allocation Failure) [PSYoungGen: 115008K->9632K(126976K)] 466272K->369096K(754688K), 0.0045870 secs] [Times: user=0.03 sys=0.01, real=0.00 secs] 
284.810: [GC (Allocation Failure) [PSYoungGen: 122272K->1344K(124928K)] 481736K->360808K(752640K), 0.0049898 secs] [Times: user=0.02 sys=0.00, real=0.01 secs] 
286.299: [GC (Allocation Failure) [PSYoungGen: 111594K->5520K(116224K)] 471058K->364992K(743936K), 0.0019539 secs] [Times: user=0.01 sys=0.00, real=0.01 secs] 
287.157: [GC (Allocation Failure) [PSYoungGen: 116112K->1344K(121856K)] 475584K->360816K(749568K), 0.0050443 secs] [Times: user=0.02 sys=0.00, real=0.01 secs] 
288.193: [GC (Allocation Failure) [PSYoungGen: 110912K->1376K(110080K)] 470384K->360848K(737792K), 0.0024291 secs] [Times: user=0.01 sys=0.01, real=0.00 secs] 
289.877: [GC (Allocation Failure) [PSYoungGen: 109920K->9600K(120832K)] 469392K->369080K(748544K), 0.0022621 secs] [Times: user=0.01 sys=0.00, real=0.00 secs] 
290.740: [GC (Allocation Failure) [PSYoungGen: 117120K->1376K(108032K)] 476600K->360856K(735744K), 0.0045078 secs] [Times: user=0.02 sys=0.00, real=0.01 secs] 
291.818: [GC (Allocation Failure) [PSYoungGen: 107872K->1376K(117248K)] 467352K->360872K(744960K), 0.0036247 secs] [Times: user=0.01 sys=0.00, real=0.01 secs] 
293.565: [GC (Allocation Failure) [PSYoungGen: 106848K->9632K(117760K)] 466344K->377328K(745472K), 0.0033780 secs] [Times: user=0.01 sys=0.00, real=0.00 secs] 
294.313: [GC (Allocation Failure) [PSYoungGen: 114080K->1344K(116224K)] 481776K->369048K(743936K), 0.0021317 secs] [Times: user=0.00 sys=0.00, real=0.00 secs] 
294.755: [GC (Allocation Failure) [PSYoungGen: 104768K->1328K(103936K)] 472472K->369032K(731648K), 0.0021778 secs] [Times: user=0.00 sys=0.00, real=0.00 secs] 
297.048: [GC (Allocation Failure) [PSYoungGen: 103728K->9632K(115200K)] 471432K->385528K(742912K), 0.0049465 secs] [Times: user=0.02 sys=0.00, real=0.01 secs] 
298.375: [GC (Allocation Failure) [PSYoungGen: 111008K->1376K(101888K)] 486904K->377272K(729600K), 0.0029559 secs] [Times: user=0.01 sys=0.00, real=0.00 secs] 
300.480: [GC (Allocation Failure) [PSYoungGen: 101728K->1373K(111616K)] 477624K->377269K(739328K), 0.0016359 secs] [Times: user=0.00 sys=0.00, real=0.01 secs] 
301.141: [GC (Allocation Failure) [PSYoungGen: 100701K->9600K(112128K)] 476597K->393688K(739840K), 0.0033407 secs] [Times: user=0.01 sys=0.00, real=0.00 secs] 
301.640: [GC (Allocation Failure) [PSYoungGen: 107904K->1376K(111104K)] 491992K->385480K(738816K), 0.0021379 secs] [Times: user=0.01 sys=0.00, real=0.01 secs] 
302.046: [GC (Allocation Failure) [PSYoungGen: 99168K->1376K(98816K)] 483272K->385496K(726528K), 0.0021085 secs] [Times: user=0.01 sys=0.00, real=0.00 secs] 
303.481: [GC (Allocation Failure) [PSYoungGen: 98656K->9632K(109568K)] 482776K->401952K(737280K), 0.0034133 secs] [Times: user=0.02 sys=0.00, real=0.00 secs] 
304.422: [GC (Allocation Failure) [PSYoungGen: 105376K->1376K(96768K)] 497696K->393696K(724480K), 0.0021708 secs] [Times: user=0.01 sys=0.00, real=0.00 secs] 
305.473: [GC (Allocation Failure) [PSYoungGen: 96608K->1376K(107520K)] 488928K->393696K(735232K), 0.0029518 secs] [Times: user=0.01 sys=0.00, real=0.00 secs] 
306.636: [GC (Allocation Failure) [PSYoungGen: 96096K->9632K(108032K)] 488416K->410144K(735744K), 0.0024801 secs] [Times: user=0.01 sys=0.00, real=0.00 secs] 
307.028: [GC (Allocation Failure) [PSYoungGen: 103840K->1344K(107520K)] 504352K->401856K(735232K), 0.0016264 secs] [Times: user=0.01 sys=0.00, real=0.00 secs] 
307.417: [GC (Allocation Failure) [PSYoungGen: 95040K->1376K(94720K)] 495552K->401888K(722432K), 0.0026940 secs] [Times: user=0.01 sys=0.00, real=0.00 secs] 
309.622: [GC (Allocation Failure) [PSYoungGen: 94321K->9600K(106496K)] 494833K->410112K(734208K), 0.0049801 secs] [Times: user=0.02 sys=0.00, real=0.00 secs] 
310.945: [GC (Allocation Failure) [PSYoungGen: 101760K->1376K(93184K)] 502272K->401904K(720896K), 0.0033476 secs] [Times: user=0.02 sys=0.00, real=0.00 secs] 
311.902: [GC (Allocation Failure) [PSYoungGen: 93024K->1376K(104448K)] 493552K->401904K(732160K), 0.0028474 secs] [Times: user=0.01 sys=0.00, real=0.00 secs] 
313.822: [GC (Allocation Failure) [PSYoungGen: 92512K->9600K(104960K)] 493040K->410136K(732672K), 0.0023936 secs] [Times: user=0.01 sys=0.00, real=0.00 secs] 
315.240: [GC (Allocation Failure) [PSYoungGen: 100224K->1344K(103936K)] 500760K->401880K(731648K), 0.0048840 secs] [Times: user=0.03 sys=0.00, real=0.01 secs] 
316.519: [GC (Allocation Failure) [PSYoungGen: 91456K->1344K(91136K)] 491992K->401880K(718848K), 0.0047276 secs] [Times: user=0.02 sys=0.00, real=0.01 secs] 
318.056: [GC (Allocation Failure) [PSYoungGen: 90944K->2400K(100864K)] 491480K->402936K(728576K), 0.0020034 secs] [Times: user=0.01 sys=0.00, real=0.00 secs] 
318.489: [GC (Allocation Failure) [PSYoungGen: 91488K->9568K(101888K)] 492024K->418296K(729600K), 0.0033471 secs] [Times: user=0.02 sys=0.00, real=0.01 secs] 
318.860: [GC (Allocation Failure) [PSYoungGen: 98144K->1376K(101376K)] 506872K->410104K(729088K), 0.0019149 secs] [Times: user=0.01 sys=0.00, real=0.01 secs] 
319.225: [GC (Allocation Failure) [PSYoungGen: 89440K->1344K(89088K)] 498168K->410072K(716800K), 0.0020429 secs] [Times: user=0.01 sys=0.00, real=0.00 secs] 
321.065: [GC (Allocation Failure) [PSYoungGen: 85599K->9600K(99328K)] 494327K->418344K(727040K), 0.0035393 secs] [Times: user=0.02 sys=0.00, real=0.00 secs] 
322.031: [GC (Allocation Failure) [PSYoungGen: 95616K->1376K(87040K)] 504360K->410120K(714752K), 0.0032877 secs] [Times: user=0.01 sys=0.00, real=0.00 secs] 
323.065: [GC (Allocation Failure) [PSYoungGen: 86880K->1344K(97792K)] 495624K->410088K(725504K), 0.0037883 secs] [Times: user=0.02 sys=0.00, real=0.00 secs] 
324.708: [GC (Allocation Failure) [PSYoungGen: 86336K->5504K(90112K)] 495080K->414256K(717824K), 0.0021867 secs] [Times: user=0.01 sys=0.00, real=0.00 secs] 
325.041: [GC (Allocation Failure) [PSYoungGen: 89984K->9536K(96768K)] 498736K->426480K(724480K), 0.0031050 secs] [Times: user=0.01 sys=0.00, real=0.01 secs] 
325.662: [GC (Allocation Failure) [PSYoungGen: 92992K->1344K(84480K)] 509936K->418296K(712192K), 0.0040946 secs] [Times: user=0.01 sys=0.00, real=0.00 secs] 
326.449: [GC (Allocation Failure) [PSYoungGen: 84288K->1344K(95232K)] 501240K->418296K(722944K), 0.0031608 secs] [Times: user=0.01 sys=0.00, real=0.01 secs] 
327.755: [GC (Allocation Failure) [PSYoungGen: 83776K->9632K(95744K)] 500728K->426584K(723456K), 0.0021255 secs] [Times: user=0.00 sys=0.00, real=0.00 secs] 
328.228: [GC (Allocation Failure) [PSYoungGen: 91552K->1328K(94720K)] 508504K->418288K(722432K), 0.0020325 secs] [Times: user=0.00 sys=0.00, real=0.00 secs] 
329.086: [GC (Allocation Failure) [PSYoungGen: 82736K->1376K(82432K)] 499696K->418336K(710144K), 0.0044366 secs] [Times: user=0.02 sys=0.00, real=0.00 secs] 
330.923: [GC (Allocation Failure) [PSYoungGen: 82272K->1632K(92672K)] 499232K->418600K(720384K), 0.0016878 secs] [Times: user=0.01 sys=0.00, real=0.00 secs] 
331.191: [GC (Allocation Failure) [PSYoungGen: 82016K->9600K(93184K)] 498984K->434760K(720896K), 0.0029253 secs] [Times: user=0.02 sys=0.00, real=0.00 secs] 
331.597: [GC (Allocation Failure) [PSYoungGen: 89472K->1376K(92160K)] 514632K->426536K(719872K), 0.0027340 secs] [Times: user=0.01 sys=0.00, real=0.00 secs] 
332.227: [GC (Allocation Failure) [PSYoungGen: 80736K->1312K(80384K)] 505896K->426472K(708096K), 0.0030803 secs] [Times: user=0.01 sys=0.00, real=0.00 secs] 
333.474: [GC (Allocation Failure) [PSYoungGen: 80160K->5504K(91136K)] 505320K->430664K(718848K), 0.0022182 secs] [Times: user=0.01 sys=0.00, real=0.00 secs] 
333.749: [GC (Allocation Failure) [PSYoungGen: 83840K->9568K(91136K)] 509000K->442920K(718848K), 0.0033261 secs] [Times: user=0.02 sys=0.00, real=0.01 secs] 
334.074: [GC (Allocation Failure) [PSYoungGen: 87392K->1344K(90112K)] 520744K->434696K(717824K), 0.0019804 secs] [Times: user=0.01 sys=0.00, real=0.00 secs] 
334.588: [GC (Allocation Failure) [PSYoungGen: 78656K->1328K(78336K)] 512008K->434680K(706048K), 0.0020889 secs] [Times: user=0.01 sys=0.00, real=0.00 secs] 
336.248: [GC (Allocation Failure) [PSYoungGen: 74089K->5520K(89088K)] 507442K->438888K(716800K), 0.0025706 secs] [Times: user=0.02 sys=0.00, real=0.00 secs] 
337.060: [GC (Allocation Failure) [PSYoungGen: 81808K->9568K(89088K)] 515176K->451128K(716800K), 0.0049278 secs] [Times: user=0.02 sys=0.00, real=0.01 secs] 
337.506: [GC (Allocation Failure) [PSYoungGen: 85344K->1344K(88064K)] 526904K->442904K(715776K), 0.0022306 secs] [Times: user=0.01 sys=0.00, real=0.00 secs] 
337.848: [GC (Allocation Failure) [PSYoungGen: 76608K->1312K(76288K)] 518168K->442872K(704000K), 0.0023754 secs] [Times: user=0.01 sys=0.00, real=0.00 secs] 
338.997: [GC (Allocation Failure) [PSYoungGen: 72604K->5552K(87040K)] 514165K->447120K(714752K), 0.0021276 secs] [Times: user=0.01 sys=0.00, real=0.00 secs] 
339.603: [GC (Allocation Failure) [PSYoungGen: 79792K->9568K(87040K)] 521360K->459328K(714752K), 0.0052025 secs] [Times: user=0.03 sys=0.00, real=0.00 secs] 
340.275: [GC (Allocation Failure) [PSYoungGen: 83296K->1344K(86016K)] 533056K->451104K(713728K), 0.0030057 secs] [Times: user=0.02 sys=0.00, real=0.00 secs] 
341.055: [GC (Allocation Failure) [PSYoungGen: 74560K->1344K(74240K)] 524320K->451112K(701952K), 0.0032013 secs] [Times: user=0.02 sys=0.00, real=0.00 secs] 
342.265: [GC (Allocation Failure) [PSYoungGen: 74048K->3456K(83968K)] 523816K->453224K(711680K), 0.0019594 secs] [Times: user=0.00 sys=0.00, real=0.00 secs] 
342.568: [GC (Allocation Failure) [PSYoungGen: 75648K->9600K(84480K)] 525416K->467560K(712192K), 0.0032914 secs] [Times: user=0.01 sys=0.00, real=0.01 secs] 
343.204: [GC (Allocation Failure) [PSYoungGen: 81280K->1344K(83456K)] 539240K->459304K(711168K), 0.0022468 secs] [Times: user=0.01 sys=0.00, real=0.00 secs] 
343.850: [GC (Allocation Failure) [PSYoungGen: 72512K->1344K(72192K)] 530472K->459304K(699904K), 0.0023165 secs] [Times: user=0.01 sys=0.00, real=0.01 secs] 
346.273: [GC (Allocation Failure) [PSYoungGen: 72000K->2432K(80896K)] 529960K->460400K(708608K), 0.0033536 secs] [Times: user=0.01 sys=0.00, real=0.00 secs] 
347.356: [GC (Allocation Failure) [PSYoungGen: 72576K->9600K(81920K)] 530544K->475760K(709632K), 0.0057179 secs] [Times: user=0.03 sys=0.00, real=0.01 secs] 
347.921: [GC (Allocation Failure) [PSYoungGen: 79232K->1376K(81408K)] 545392K->467536K(709120K), 0.0027419 secs] [Times: user=0.01 sys=0.00, real=0.00 secs] 
348.580: [GC (Allocation Failure) [PSYoungGen: 70496K->1408K(70144K)] 536656K->467576K(697856K), 0.0032261 secs] [Times: user=0.01 sys=0.00, real=0.01 secs] 
349.168: [GC (Allocation Failure) [PSYoungGen: 70016K->1344K(79360K)] 536184K->467512K(707072K), 0.0029618 secs] [Times: user=0.01 sys=0.00, real=0.01 secs] 
351.382: [GC (Allocation Failure) [PSYoungGen: 69440K->9632K(79872K)] 535608K->475800K(707584K), 0.0038751 secs] [Times: user=0.02 sys=0.00, real=0.00 secs] 
351.849: [GC (Allocation Failure) [PSYoungGen: 77216K->1408K(79360K)] 543384K->467576K(707072K), 0.0025051 secs] [Times: user=0.01 sys=0.00, real=0.01 secs] 
352.436: [GC (Allocation Failure) [PSYoungGen: 68480K->1344K(68608K)] 534648K->467520K(696320K), 0.0031467 secs] [Times: user=0.01 sys=0.00, real=0.00 secs] 
353.010: [GC (Allocation Failure) [PSYoungGen: 68416K->1344K(78848K)] 534592K->467520K(706560K), 0.0028219 secs] [Times: user=0.01 sys=0.00, real=0.01 secs] 
354.034: [GC (Allocation Failure) [PSYoungGen: 68389K->5536K(79360K)] 534566K->471720K(707072K), 0.0023066 secs] [Times: user=0.02 sys=0.00, real=0.00 secs] 
354.559: [GC (Allocation Failure) [PSYoungGen: 72608K->9600K(77824K)] 538792K->483976K(705536K), 0.0053063 secs] [Times: user=0.03 sys=0.00, real=0.01 secs] 
355.170: [GC (Allocation Failure) [PSYoungGen: 75136K->1328K(67072K)] 549512K->475704K(694784K), 0.0026102 secs] [Times: user=0.01 sys=0.00, real=0.01 secs] 
355.819: [GC (Allocation Failure) [PSYoungGen: 66864K->1376K(77824K)] 541240K->475752K(705536K), 0.0025532 secs] [Times: user=0.01 sys=0.00, real=0.01 secs] 
356.388: [GC (Allocation Failure) [PSYoungGen: 66774K->320K(66048K)] 541150K->474696K(693760K), 0.0026779 secs] [Times: user=0.01 sys=0.00, real=0.00 secs] 
357.371: [GC (Allocation Failure) [PSYoungGen: 65856K->9600K(76288K)] 540232K->483992K(704000K), 0.0023291 secs] [Times: user=0.01 sys=0.00, real=0.00 secs] 
357.603: [GC (Allocation Failure) [PSYoungGen: 73600K->1344K(65536K)] 547992K->475736K(693248K), 0.0025819 secs] [Times: user=0.01 sys=0.00, real=0.00 secs] 
357.904: [GC (Allocation Failure) [PSYoungGen: 65344K->1344K(76288K)] 539736K->475736K(704000K), 0.0021210 secs] [Times: user=0.01 sys=0.00, real=0.00 secs] 
358.319: [GC (Allocation Failure) [PSYoungGen: 65344K->1344K(65536K)] 539736K->475736K(693248K), 0.0021815 secs] [Times: user=0.01 sys=0.00, real=0.01 secs] 
359.521: [GC (Allocation Failure) [PSYoungGen: 65344K->5536K(76288K)] 539736K->479928K(704000K), 0.0022183 secs] [Times: user=0.01 sys=0.00, real=0.00 secs] 
359.896: [GC (Allocation Failure) [PSYoungGen: 69536K->9568K(76288K)] 543928K->492152K(704000K), 0.0036948 secs] [Times: user=0.02 sys=0.00, real=0.00 secs] 
360.217: [GC (Allocation Failure) [PSYoungGen: 73568K->1312K(76800K)] 556152K->483896K(704512K), 0.0022670 secs] [Times: user=0.01 sys=0.00, real=0.00 secs] 
360.484: [GC (Allocation Failure) [PSYoungGen: 65312K->1312K(65536K)] 547896K->483896K(693248K), 0.0024396 secs] [Times: user=0.01 sys=0.01, real=0.00 secs] 
360.750: [GC (Allocation Failure) [PSYoungGen: 65312K->1376K(75776K)] 547896K->483960K(703488K), 0.0022644 secs] [Times: user=0.01 sys=0.00, real=0.01 secs] 
361.782: [GC (Allocation Failure) [PSYoungGen: 65376K->9632K(76288K)] 547960K->492224K(704000K), 0.0029268 secs] [Times: user=0.01 sys=0.00, real=0.00 secs] 
362.015: [GC (Allocation Failure) [PSYoungGen: 73632K->9600K(76800K)] 556224K->500408K(704512K), 0.0036607 secs] [Times: user=0.01 sys=0.00, real=0.00 secs] 
362.279: [GC (Allocation Failure) [PSYoungGen: 72576K->1344K(64512K)] 563384K->492152K(692224K), 0.0021615 secs] [Times: user=0.01 sys=0.00, real=0.01 secs] 
362.581: [GC (Allocation Failure) [PSYoungGen: 64320K->1376K(77824K)] 555128K->492184K(705536K), 0.0032870 secs] [Times: user=0.01 sys=0.00, real=0.00 secs] 
363.775: [GC (Allocation Failure) [PSYoungGen: 64680K->192K(64000K)] 555489K->491000K(691712K), 0.0017999 secs] [Times: user=0.01 sys=0.00, real=0.00 secs] 
364.072: [GC (Allocation Failure) [PSYoungGen: 63680K->9632K(75264K)] 554488K->500440K(702976K), 0.0022599 secs] [Times: user=0.01 sys=0.00, real=0.00 secs] 
364.296: [GC (Allocation Failure) [PSYoungGen: 71584K->9568K(76800K)] 562392K->508576K(704512K), 0.0029772 secs] [Times: user=0.02 sys=0.00, real=0.00 secs] 
364.627: [GC (Allocation Failure) [PSYoungGen: 71520K->1344K(70144K)] 570528K->500352K(697856K), 0.0019707 secs] [Times: user=0.01 sys=0.00, real=0.00 secs] 
365.008: [GC (Allocation Failure) [PSYoungGen: 63296K->1376K(63488K)] 562304K->500384K(691200K), 0.0021128 secs] [Times: user=0.01 sys=0.00, real=0.00 secs] 
366.367: [GC (Allocation Failure) [PSYoungGen: 63328K->2432K(74752K)] 562336K->501448K(702464K), 0.0025600 secs] [Times: user=0.01 sys=0.00, real=0.00 secs] 
366.696: [GC (Allocation Failure) [PSYoungGen: 64384K->9600K(75776K)] 563400K->516808K(703488K), 0.0042343 secs] [Times: user=0.02 sys=0.00, real=0.00 secs] 
366.971: [GC (Allocation Failure) [PSYoungGen: 71552K->1376K(75776K)] 578760K->508584K(703488K), 0.0022852 secs] [Times: user=0.01 sys=0.00, real=0.00 secs] 
367.357: [GC (Allocation Failure) [PSYoungGen: 63328K->1376K(63488K)] 570536K->508584K(691200K), 0.0022356 secs] [Times: user=0.01 sys=0.00, real=0.00 secs] 
367.956: [GC (Allocation Failure) [PSYoungGen: 63328K->1376K(74752K)] 570536K->508584K(702464K), 0.0026692 secs] [Times: user=0.01 sys=0.00, real=0.00 secs] 
369.213: [GC (Allocation Failure) [PSYoungGen: 63328K->5536K(75264K)] 570536K->512744K(702976K), 0.0019691 secs] [Times: user=0.01 sys=0.00, real=0.00 secs] 
369.420: [GC (Allocation Failure) [PSYoungGen: 67488K->9584K(74240K)] 574696K->525008K(701952K), 0.0031521 secs] [Times: user=0.01 sys=0.00, real=0.01 secs] 
369.674: [GC (Allocation Failure) [PSYoungGen: 70512K->1376K(62464K)] 585936K->516800K(690176K), 0.0019427 secs] [Times: user=0.01 sys=0.00, real=0.00 secs] 
369.926: [GC (Allocation Failure) [PSYoungGen: 62304K->1344K(73728K)] 577728K->516768K(701440K), 0.0020688 secs] [Times: user=0.00 sys=0.01, real=0.00 secs] 
370.179: [GC (Allocation Failure) [PSYoungGen: 62272K->1392K(62464K)] 577696K->516816K(690176K), 0.0021028 secs] [Times: user=0.00 sys=0.00, real=0.01 secs] 
371.515: [GC (Allocation Failure) [PSYoungGen: 62320K->5504K(73728K)] 577744K->520952K(701440K), 0.0026182 secs] [Times: user=0.02 sys=0.00, real=0.00 secs] 
372.137: [GC (Allocation Failure) [PSYoungGen: 66432K->9600K(73728K)] 581880K->533240K(701440K), 0.0042270 secs] [Times: user=0.02 sys=0.00, real=0.01 secs] 
372.646: [GC (Allocation Failure) [PSYoungGen: 70528K->1344K(74752K)] 594168K->524984K(702464K), 0.0026514 secs] [Times: user=0.01 sys=0.00, real=0.00 secs] 
373.161: [GC (Allocation Failure) [PSYoungGen: 62272K->1360K(62464K)] 585912K->525008K(690176K), 0.0025837 secs] [Times: user=0.01 sys=0.00, real=0.01 secs] 
373.851: [GC (Allocation Failure) [PSYoungGen: 62288K->1408K(73216K)] 585936K->525056K(700928K), 0.0032646 secs] [Times: user=0.01 sys=0.00, real=0.00 secs] 
375.276: [GC (Allocation Failure) [PSYoungGen: 62336K->9632K(73728K)] 585984K->533288K(701440K), 0.0022986 secs] [Times: user=0.01 sys=0.00, real=0.00 secs] 
375.791: [GC (Allocation Failure) [PSYoungGen: 70560K->9600K(73728K)] 594216K->541448K(701440K), 0.0038211 secs] [Times: user=0.01 sys=0.00, real=0.00 secs] 
376.298: [GC (Allocation Failure) [PSYoungGen: 69504K->1344K(74752K)] 601352K->533192K(702464K), 0.0024098 secs] [Times: user=0.01 sys=0.00, real=0.00 secs] 
376.871: [GC (Allocation Failure) [PSYoungGen: 61248K->1376K(73728K)] 593096K->533232K(701440K), 0.0025818 secs] [Times: user=0.01 sys=0.01, real=0.01 secs] 
377.333: [GC (Allocation Failure) [PSYoungGen: 61280K->1344K(61440K)] 593136K->533200K(689152K), 0.0026171 secs] [Times: user=0.01 sys=0.00, real=0.00 secs] 
378.863: [GC (Allocation Failure) [PSYoungGen: 61248K->9632K(72704K)] 593104K->541496K(700416K), 0.0023028 secs] [Times: user=0.01 sys=0.00, real=0.00 secs] 
379.763: [GC (Allocation Failure) [PSYoungGen: 68512K->9584K(73728K)] 600376K->549640K(701440K), 0.0035365 secs] [Times: user=0.02 sys=0.00, real=0.00 secs] 
380.639: [GC (Allocation Failure) [PSYoungGen: 68464K->1344K(73728K)] 608520K->541400K(701440K), 0.0022969 secs] [Times: user=0.01 sys=0.00, real=0.01 secs] 
381.410: [GC (Allocation Failure) [PSYoungGen: 60224K->1312K(60416K)] 600280K->541368K(688128K), 0.0033248 secs] [Times: user=0.01 sys=0.01, real=0.01 secs] 
382.027: [GC (Allocation Failure) [PSYoungGen: 60192K->1312K(72704K)] 600248K->541368K(700416K), 0.0022901 secs] [Times: user=0.00 sys=0.00, real=0.00 secs] 
383.342: [GC (Allocation Failure) [PSYoungGen: 56191K->5504K(64512K)] 596247K->545576K(692224K), 0.0024893 secs] [Times: user=0.01 sys=0.00, real=0.00 secs] 
383.834: [GC (Allocation Failure) [PSYoungGen: 64384K->9568K(71680K)] 604456K->557832K(699392K), 0.0036535 secs] [Times: user=0.02 sys=0.00, real=0.00 secs] 
384.077: [GC (Allocation Failure) [PSYoungGen: 67424K->1344K(59392K)] 615688K->549608K(687104K), 0.0024430 secs] [Times: user=0.01 sys=0.00, real=0.00 secs] 
384.326: [GC (Allocation Failure) [PSYoungGen: 59200K->1328K(71168K)] 607464K->549592K(698880K), 0.0024782 secs] [Times: user=0.01 sys=0.00, real=0.00 secs] 
384.592: [GC (Allocation Failure) [PSYoungGen: 59184K->1376K(59392K)] 607448K->549648K(687104K), 0.0036208 secs] [Times: user=0.01 sys=0.00, real=0.00 secs] 
385.768: [GC (Allocation Failure) [PSYoungGen: 59232K->5440K(71168K)] 607504K->553712K(698880K), 0.0035942 secs] [Times: user=0.02 sys=0.00, real=0.01 secs] 
386.386: [GC (Allocation Failure) [PSYoungGen: 63296K->9536K(71168K)] 611568K->566000K(698880K), 0.0053220 secs] [Times: user=0.03 sys=0.00, real=0.01 secs] 
386.966: [GC (Allocation Failure) [PSYoungGen: 67392K->1312K(71168K)] 623856K->557776K(698880K), 0.0036819 secs] [Times: user=0.01 sys=0.00, real=0.00 secs] 
387.441: [GC (Allocation Failure) [PSYoungGen: 59168K->1360K(59392K)] 615632K->557824K(687104K), 0.0031288 secs] [Times: user=0.01 sys=0.00, real=0.00 secs] 
387.993: [GC (Allocation Failure) [PSYoungGen: 59216K->1344K(70144K)] 615680K->557808K(697856K), 0.0032823 secs] [Times: user=0.01 sys=0.00, real=0.00 secs] 
389.244: [GC (Allocation Failure) [PSYoungGen: 59200K->2464K(60416K)] 615664K->558928K(688128K), 0.0022523 secs] [Times: user=0.01 sys=0.00, real=0.00 secs] 
389.526: [GC (Allocation Failure) [PSYoungGen: 60320K->9632K(68608K)] 616784K->574288K(696320K), 0.0033588 secs] [Times: user=0.02 sys=0.00, real=0.00 secs] 
389.762: [GC (Allocation Failure) [PSYoungGen: 65952K->1344K(57856K)] 630608K->566000K(685568K), 0.0022481 secs] [Times: user=0.01 sys=0.00, real=0.00 secs] 
390.098: [GC (Allocation Failure) [PSYoungGen: 57664K->1344K(68608K)] 622320K->566000K(696320K), 0.0023444 secs] [Times: user=0.01 sys=0.00, real=0.00 secs] 
390.333: [GC (Allocation Failure) [PSYoungGen: 57664K->1376K(57856K)] 622320K->566032K(685568K), 0.0023945 secs] [Times: user=0.01 sys=0.00, real=0.00 secs] 
391.312: [GC (Allocation Failure) [PSYoungGen: 57696K->1536K(67584K)] 622352K->566200K(695296K), 0.0021157 secs] [Times: user=0.01 sys=0.00, real=0.00 secs] 
391.827: [GC (Allocation Failure) [PSYoungGen: 57856K->9568K(68096K)] 622520K->574256K(695808K), 0.0024784 secs] [Times: user=0.01 sys=0.00, real=0.00 secs] 
392.315: [GC (Allocation Failure) [PSYoungGen: 65888K->9568K(68608K)] 630576K->582448K(696320K), 0.0035221 secs] [Times: user=0.02 sys=0.01, real=0.00 secs] 
392.948: [GC (Allocation Failure) [PSYoungGen: 64864K->1344K(56832K)] 637744K->574224K(684544K), 0.0023163 secs] [Times: user=0.01 sys=0.00, real=0.00 secs] 
393.520: [GC (Allocation Failure) [PSYoungGen: 56640K->1328K(68096K)] 629520K->574208K(695808K), 0.0023733 secs] [Times: user=0.01 sys=0.00, real=0.01 secs] 
393.939: [GC (Allocation Failure) [PSYoungGen: 56624K->1376K(56832K)] 629504K->574264K(684544K), 0.0024503 secs] [Times: user=0.01 sys=0.00, real=0.01 secs] 
395.529: [GC (Allocation Failure) [PSYoungGen: 56672K->9600K(66560K)] 629560K->582488K(694272K), 0.0029729 secs] [Times: user=0.01 sys=0.00, real=0.01 secs] 
396.012: [GC (Allocation Failure) [PSYoungGen: 63360K->9600K(68096K)] 636248K->590680K(695808K), 0.0065518 secs] [Times: user=0.03 sys=0.00, real=0.00 secs] 
396.482: [GC (Allocation Failure) [PSYoungGen: 63360K->1344K(68096K)] 644440K->582424K(695808K), 0.0037352 secs] [Times: user=0.02 sys=0.00, real=0.00 secs] 
396.869: [GC (Allocation Failure) [PSYoungGen: 55104K->1376K(55296K)] 636184K->582456K(683008K), 0.0030679 secs] [Times: user=0.01 sys=0.00, real=0.01 secs] 
397.252: [GC (Allocation Failure) [PSYoungGen: 55136K->1344K(67072K)] 636216K->582424K(694784K), 0.0023949 secs] [Times: user=0.01 sys=0.00, real=0.00 secs] 
398.449: [GC (Allocation Failure) [PSYoungGen: 55104K->1888K(55808K)] 636184K->582968K(683520K), 0.0023898 secs] [Times: user=0.01 sys=0.00, real=0.01 secs] 
399.120: [GC (Allocation Failure) [PSYoungGen: 55648K->9536K(66048K)] 636728K->590616K(693760K), 0.0044067 secs] [Times: user=0.02 sys=0.01, real=0.01 secs] 
399.777: [GC (Allocation Failure) [PSYoungGen: 62272K->9600K(67072K)] 643352K->598872K(694784K), 0.0086323 secs] [Times: user=0.04 sys=0.01, real=0.01 secs] 
400.475: [GC (Allocation Failure) [PSYoungGen: 62336K->1344K(67072K)] 651608K->590616K(694784K), 0.0039934 secs] [Times: user=0.02 sys=0.00, real=0.00 secs] 
401.100: [GC (Allocation Failure) [PSYoungGen: 54080K->1376K(54272K)] 643352K->590648K(681984K), 0.0038205 secs] [Times: user=0.02 sys=0.00, real=0.01 secs] 
401.528: [GC (Allocation Failure) [PSYoungGen: 54112K->1376K(66048K)] 643384K->590648K(693760K), 0.0040694 secs] [Times: user=0.02 sys=0.00, real=0.01 secs] 
403.101: [GC (Allocation Failure) [PSYoungGen: 54112K->3456K(56320K)] 643384K->592736K(684032K), 0.0027957 secs] [Times: user=0.01 sys=0.00, real=0.00 secs] 
404.189: [GC (Allocation Failure) [PSYoungGen: 56192K->9600K(64000K)] 645472K->607080K(691712K), 0.0067208 secs] [Times: user=0.03 sys=0.00, real=0.01 secs] 
405.422: [GC (Allocation Failure) [PSYoungGen: 60800K->1344K(52736K)] 658280K->598824K(680448K), 0.0039139 secs] [Times: user=0.02 sys=0.01, real=0.00 secs] 
406.751: [GC (Allocation Failure) [PSYoungGen: 52544K->1344K(64000K)] 650024K->598832K(691712K), 0.0036181 secs] [Times: user=0.02 sys=0.00, real=0.00 secs] 
408.290: [GC (Allocation Failure) [PSYoungGen: 52544K->1328K(52736K)] 650032K->598816K(680448K), 0.0052809 secs] [Times: user=0.02 sys=0.01, real=0.01 secs] 
409.578: [GC (Allocation Failure) [PSYoungGen: 52528K->1344K(62976K)] 650016K->598832K(690688K), 0.0051529 secs] [Times: user=0.02 sys=0.00, real=0.01 secs] 
410.681: [GC (Allocation Failure) [PSYoungGen: 52544K->9632K(63488K)] 650032K->607120K(691200K), 0.0024854 secs] [Times: user=0.02 sys=0.00, real=0.00 secs] 
410.908: [GC (Allocation Failure) [PSYoungGen: 60832K->9600K(64000K)] 658320K->615280K(691712K), 0.0034415 secs] [Times: user=0.01 sys=0.00, real=0.01 secs] 
411.118: [GC (Allocation Failure) [PSYoungGen: 59776K->1344K(51712K)] 665456K->607024K(679424K), 0.0021198 secs] [Times: user=0.01 sys=0.00, real=0.00 secs] 
411.329: [GC (Allocation Failure) [PSYoungGen: 51520K->1376K(65024K)] 657200K->607056K(692736K), 0.0034621 secs] [Times: user=0.01 sys=0.00, real=0.01 secs] 
411.540: [GC (Allocation Failure) [PSYoungGen: 52064K->1344K(64512K)] 657744K->607024K(692224K), 0.0026630 secs] [Times: user=0.01 sys=0.00, real=0.01 secs] 
411.832: [GC (Allocation Failure) [PSYoungGen: 52032K->1344K(68608K)] 657712K->607024K(696320K), 0.0027144 secs] [Times: user=0.01 sys=0.00, real=0.00 secs] 
413.955: [GC (Allocation Failure) [PSYoungGen: 57664K->9632K(69120K)] 663344K->615320K(696832K), 0.0054615 secs] [Times: user=0.02 sys=0.00, real=0.00 secs] 
414.422: [GC (Allocation Failure) [PSYoungGen: 65952K->9600K(69632K)] 671640K->623496K(697344K), 0.0085413 secs] [Times: user=0.03 sys=0.01, real=0.00 secs] 
414.871: [GC (Allocation Failure) [PSYoungGen: 64896K->1360K(70656K)] 678792K->615256K(698368K), 0.0033146 secs] [Times: user=0.02 sys=0.00, real=0.00 secs] 
415.186: [GC (Allocation Failure) [PSYoungGen: 56656K->1344K(75264K)] 670552K->615240K(702976K), 0.0024605 secs] [Times: user=0.01 sys=0.00, real=0.00 secs] 
415.682: [GC (Allocation Failure) [PSYoungGen: 62784K->1312K(75776K)] 676680K->615216K(703488K), 0.0053871 secs] [Times: user=0.02 sys=0.00, real=0.00 secs] 
417.126: [GC (Allocation Failure) [PSYoungGen: 62752K->9664K(71168K)] 676656K->623568K(698880K), 0.0031862 secs] [Times: user=0.01 sys=0.00, real=0.00 secs] 
417.623: [GC (Allocation Failure) [PSYoungGen: 71104K->9632K(76800K)] 685008K->631728K(704512K), 0.0070791 secs] [Times: user=0.03 sys=0.00, real=0.00 secs] 
417.630: [Full GC (Ergonomics) [PSYoungGen: 9632K->0K(76800K)] [ParOldGen: 622096K->86987K(568832K)] 631728K->86987K(645632K), [Metaspace: 54996K->54988K(1099776K)], 0.0671634 secs] [Times: user=0.16 sys=0.01, real=0.07 secs] 
418.166: [GC (Allocation Failure) [PSYoungGen: 61952K->128K(84480K)] 181707K->152651K(653312K), 0.0043068 secs] [Times: user=0.02 sys=0.00, real=0.00 secs] 
418.609: [GC (Allocation Failure) [PSYoungGen: 57749K->32K(83968K)] 210273K->152555K(652800K), 0.0021855 secs] [Times: user=0.00 sys=0.00, real=0.01 secs] 
418.923: [GC (Allocation Failure) [PSYoungGen: 61374K->96K(92160K)] 213897K->185387K(660992K), 0.0073909 secs] [Times: user=0.04 sys=0.00, real=0.00 secs] 
419.282: [GC (Allocation Failure) [PSYoungGen: 69398K->64K(91648K)] 254690K->250891K(660480K), 0.0084349 secs] [Times: user=0.03 sys=0.00, real=0.01 secs] 
420.327: [GC (Allocation Failure) [PSYoungGen: 76864K->3552K(98816K)] 327691K->254387K(667648K), 0.0020076 secs] [Times: user=0.01 sys=0.00, real=0.00 secs] 
420.885: [GC (Allocation Failure) [PSYoungGen: 90592K->1376K(100352K)] 341427K->252219K(669184K), 0.0016921 secs] [Times: user=0.00 sys=0.00, real=0.00 secs] 
421.742: [GC (Allocation Failure) [PSYoungGen: 88416K->1440K(106496K)] 339259K->252291K(675328K), 0.0024233 secs] [Times: user=0.01 sys=0.00, real=0.00 secs] 
422.608: [GC (Allocation Failure) [PSYoungGen: 74752K->96K(108544K)] 325603K->252297K(677376K), 0.0024908 secs] [Times: user=0.00 sys=0.01, real=0.00 secs] 
423.810: [GC (Allocation Failure) [PSYoungGen: 94324K->5568K(116736K)] 346526K->257777K(685568K), 0.0022927 secs] [Times: user=0.01 sys=0.00, real=0.01 secs] 
424.375: [GC (Allocation Failure) [PSYoungGen: 111552K->1408K(117760K)] 363761K->253617K(686592K), 0.0018402 secs] [Times: user=0.00 sys=0.00, real=0.00 secs] 
425.290: [GC (Allocation Failure) [PSYoungGen: 107392K->1424K(124416K)] 359601K->253633K(693248K), 0.0025379 secs] [Times: user=0.01 sys=0.01, real=0.01 secs] 
426.714: [GC (Allocation Failure) [PSYoungGen: 112648K->5584K(119296K)] 364858K->257793K(688128K), 0.0021940 secs] [Times: user=0.01 sys=0.00, real=0.00 secs] 
427.169: [GC (Allocation Failure) [PSYoungGen: 119248K->1408K(121344K)] 371457K->253617K(690176K), 0.0019119 secs] [Times: user=0.01 sys=0.00, real=0.01 secs] 
427.641: [GC (Allocation Failure) [PSYoungGen: 114048K->1440K(122880K)] 366257K->253649K(691712K), 0.0019941 secs] [Times: user=0.00 sys=0.00, real=0.00 secs] 
428.682: [GC (Allocation Failure) [PSYoungGen: 114080K->9664K(121344K)] 366289K->261881K(690176K), 0.0028065 secs] [Times: user=0.01 sys=0.00, real=0.00 secs] 
429.336: [GC (Allocation Failure) [PSYoungGen: 121280K->1437K(112128K)] 373497K->253654K(680960K), 0.0019119 secs] [Times: user=0.00 sys=0.00, real=0.00 secs] 
430.069: [GC (Allocation Failure) [PSYoungGen: 102980K->1424K(118784K)] 355198K->253641K(687616K), 0.0026599 secs] [Times: user=0.01 sys=0.01, real=0.01 secs] 
431.403: [GC (Allocation Failure) [PSYoungGen: 110992K->9664K(119296K)] 363209K->261881K(688128K), 0.0022497 secs] [Times: user=0.01 sys=0.00, real=0.00 secs] 
432.280: [GC (Allocation Failure) [PSYoungGen: 118208K->1440K(119808K)] 370425K->253657K(688640K), 0.0025249 secs] [Times: user=0.01 sys=0.01, real=0.01 secs] 
433.237: [GC (Allocation Failure) [PSYoungGen: 106915K->1437K(109056K)] 359132K->253654K(677888K), 0.0021709 secs] [Times: user=0.01 sys=0.00, real=0.00 secs] 
434.665: [GC (Allocation Failure) [PSYoungGen: 108957K->9664K(117760K)] 361174K->261881K(686592K), 0.0050086 secs] [Times: user=0.01 sys=0.00, real=0.00 secs] 
436.143: [GC (Allocation Failure) [PSYoungGen: 115648K->1440K(107008K)] 367865K->253657K(675840K), 0.0036757 secs] [Times: user=0.01 sys=0.01, real=0.00 secs] 
436.962: [GC (Allocation Failure) [PSYoungGen: 106912K->1408K(116224K)] 359129K->253625K(685056K), 0.0026039 secs] [Times: user=0.00 sys=0.00, real=0.00 secs] 
438.066: [GC (Allocation Failure) [PSYoungGen: 106368K->9632K(116736K)] 358585K->261910K(685568K), 0.0019026 secs] [Times: user=0.00 sys=0.00, real=0.00 secs] 
438.546: [GC (Allocation Failure) [PSYoungGen: 114080K->1408K(116224K)] 366358K->253694K(685056K), 0.0016918 secs] [Times: user=0.01 sys=0.00, real=0.00 secs] 
438.977: [GC (Allocation Failure) [PSYoungGen: 105344K->1424K(104960K)] 357630K->253710K(673792K), 0.0018139 secs] [Times: user=0.01 sys=0.00, real=0.00 secs] 
440.297: [GC (Allocation Failure) [PSYoungGen: 104848K->5568K(114176K)] 357134K->257870K(683008K), 0.0021461 secs] [Times: user=0.01 sys=0.00, real=0.00 secs] 
441.175: [GC (Allocation Failure) [PSYoungGen: 108480K->1408K(103936K)] 360782K->253718K(672768K), 0.0023716 secs] [Times: user=0.01 sys=0.00, real=0.00 secs] 
442.353: [GC (Allocation Failure) [PSYoungGen: 103808K->1376K(113152K)] 356118K->253686K(681984K), 0.0022067 secs] [Times: user=0.00 sys=0.00, real=0.00 secs] 
443.957: [GC (Allocation Failure) [PSYoungGen: 103264K->2400K(103936K)] 355574K->254718K(672768K), 0.0020757 secs] [Times: user=0.00 sys=0.01, real=0.00 secs] 
444.389: [GC (Allocation Failure) [PSYoungGen: 103776K->1408K(110080K)] 356094K->253734K(678912K), 0.0022882 secs] [Times: user=0.00 sys=0.00, real=0.01 secs] 
444.920: [GC (Allocation Failure) [PSYoungGen: 102272K->1408K(101888K)] 354598K->253734K(670720K), 0.0035029 secs] [Times: user=0.01 sys=0.00, real=0.01 secs] 
445.488: [GC (Allocation Failure) [PSYoungGen: 101760K->1408K(111104K)] 354086K->286510K(679936K), 0.0079301 secs] [Times: user=0.04 sys=0.00, real=0.01 secs] 
447.444: [GC (Allocation Failure) [PSYoungGen: 102272K->1408K(110592K)] 387374K->286518K(679424K), 0.0021483 secs] [Times: user=0.01 sys=0.00, real=0.00 secs] 
448.480: [GC (Allocation Failure) [PSYoungGen: 102272K->1344K(116224K)] 387382K->286454K(685056K), 0.0023950 secs] [Times: user=0.01 sys=0.00, real=0.01 secs] 
450.298: [GC (Allocation Failure) [PSYoungGen: 110400K->2432K(110592K)] 395510K->287550K(679424K), 0.0026985 secs] [Times: user=0.01 sys=0.00, real=0.00 secs] 
451.368: [GC (Allocation Failure) [PSYoungGen: 110464K->1312K(114176K)] 395582K->286438K(683008K), 0.0040302 secs] [Times: user=0.01 sys=0.00, real=0.01 secs] 
452.574: [GC (Allocation Failure) [PSYoungGen: 108832K->1376K(108544K)] 393958K->286502K(677376K), 0.0033800 secs] [Times: user=0.02 sys=0.00, real=0.00 secs] 
454.202: [GC (Allocation Failure) [PSYoungGen: 108384K->5536K(113152K)] 393510K->294767K(681984K), 0.0020072 secs] [Times: user=0.01 sys=0.00, real=0.00 secs] 
455.157: [GC (Allocation Failure) [PSYoungGen: 111520K->1344K(107008K)] 400751K->290582K(675840K), 0.0027075 secs] [Times: user=0.01 sys=0.00, real=0.00 secs] 
456.369: [GC (Allocation Failure) [PSYoungGen: 106816K->1344K(112128K)] 396054K->290582K(680960K), 0.0028722 secs] [Times: user=0.01 sys=0.00, real=0.01 secs] 
458.126: [GC (Allocation Failure) [PSYoungGen: 106304K->1440K(105984K)] 395542K->290686K(674816K), 0.0020663 secs] [Times: user=0.01 sys=0.00, real=0.00 secs] 
459.036: [GC (Allocation Failure) [PSYoungGen: 105888K->1376K(109568K)] 395134K->290630K(678400K), 0.0021966 secs] [Times: user=0.01 sys=0.00, real=0.00 secs] 
459.859: [GC (Allocation Failure) [PSYoungGen: 105312K->1328K(104960K)] 394566K->290583K(673792K), 0.0023028 secs] [Times: user=0.01 sys=0.00, real=0.01 secs] 
462.290: [GC (Allocation Failure) [PSYoungGen: 104752K->1440K(108032K)] 394007K->290710K(676864K), 0.0022934 secs] [Times: user=0.01 sys=0.00, real=0.01 secs] 
462.965: [GC (Allocation Failure) [PSYoungGen: 104352K->1376K(103936K)] 393622K->290654K(672768K), 0.0026104 secs] [Times: user=0.00 sys=0.00, real=0.00 secs] 
464.647: [GC (Allocation Failure) [PSYoungGen: 103776K->2464K(106496K)] 393054K->291743K(675328K), 0.0016548 secs] [Times: user=0.01 sys=0.00, real=0.00 secs] 
465.149: [GC (Allocation Failure) [PSYoungGen: 104352K->1376K(102912K)] 393631K->290654K(671744K), 0.0017197 secs] [Times: user=0.01 sys=0.00, real=0.00 secs] 
466.060: [GC (Allocation Failure) [PSYoungGen: 102752K->1376K(104960K)] 392030K->290662K(673792K), 0.0021420 secs] [Times: user=0.01 sys=0.00, real=0.01 secs] 
468.431: [GC (Allocation Failure) [PSYoungGen: 102240K->3488K(105472K)] 391526K->294823K(674304K), 0.0026753 secs] [Times: user=0.01 sys=0.00, real=0.00 secs] 
468.933: [GC (Allocation Failure) [PSYoungGen: 103840K->1344K(103936K)] 395175K->292687K(672768K), 0.0020677 secs] [Times: user=0.00 sys=0.00, real=0.00 secs] 
469.349: [GC (Allocation Failure) [PSYoungGen: 101184K->1344K(100864K)] 392527K->292687K(669696K), 0.0020592 secs] [Times: user=0.01 sys=0.00, real=0.01 secs] 
470.637: [GC (Allocation Failure) [PSYoungGen: 97378K->3472K(103936K)] 388721K->296863K(672768K), 0.0018121 secs] [Times: user=0.00 sys=0.00, real=0.00 secs] 
471.348: [GC (Allocation Failure) [PSYoungGen: 102288K->1360K(99840K)] 395679K->294759K(668672K), 0.0019577 secs] [Times: user=0.01 sys=0.01, real=0.00 secs] 
471.762: [GC (Allocation Failure) [PSYoungGen: 99664K->1408K(102400K)] 393063K->294807K(671232K), 0.0020061 secs] [Times: user=0.00 sys=0.00, real=0.00 secs] 
473.009: [GC (Allocation Failure) [PSYoungGen: 95789K->3456K(100864K)] 389188K->298911K(669696K), 0.0020165 secs] [Times: user=0.01 sys=0.01, real=0.01 secs] 
473.443: [GC (Allocation Failure) [PSYoungGen: 100736K->1408K(101376K)] 396191K->296863K(670208K), 0.0018372 secs] [Times: user=0.01 sys=0.00, real=0.00 secs] 
474.219: [GC (Allocation Failure) [PSYoungGen: 98176K->1408K(97792K)] 393631K->296863K(666624K), 0.0035499 secs] [Times: user=0.01 sys=0.00, real=0.01 secs] 
475.575: [GC (Allocation Failure) [PSYoungGen: 97664K->3504K(100352K)] 393119K->301007K(669184K), 0.0019337 secs] [Times: user=0.01 sys=0.00, real=0.00 secs] 
476.010: [GC (Allocation Failure) [PSYoungGen: 99248K->1376K(96768K)] 396751K->298879K(665600K), 0.0017532 secs] [Times: user=0.00 sys=0.00, real=0.01 secs] 
476.703: [GC (Allocation Failure) [PSYoungGen: 96608K->1376K(99328K)] 394111K->298879K(668160K), 0.0018622 secs] [Times: user=0.01 sys=0.01, real=0.00 secs] 
478.249: [GC (Allocation Failure) [PSYoungGen: 96096K->3520K(97792K)] 393599K->303087K(666624K), 0.0021661 secs] [Times: user=0.01 sys=0.00, real=0.01 secs] 
479.346: [GC (Allocation Failure) [PSYoungGen: 97728K->1344K(98304K)] 397295K->300911K(667136K), 0.0044039 secs] [Times: user=0.02 sys=0.00, real=0.00 secs] 
480.663: [GC (Allocation Failure) [PSYoungGen: 95040K->1376K(94720K)] 394607K->300943K(663552K), 0.0027352 secs] [Times: user=0.01 sys=0.00, real=0.00 secs] 
482.690: [GC (Allocation Failure) [PSYoungGen: 92673K->3488K(97280K)] 392240K->303055K(666112K), 0.0020185 secs] [Times: user=0.01 sys=0.00, real=0.01 secs] 
483.050: [GC (Allocation Failure) [PSYoungGen: 96160K->1344K(93696K)] 395727K->300911K(662528K), 0.0019669 secs] [Times: user=0.00 sys=0.00, real=0.01 secs] 
483.433: [GC (Allocation Failure) [PSYoungGen: 93504K->1376K(96256K)] 393071K->300943K(665088K), 0.0019067 secs] [Times: user=0.01 sys=0.00, real=0.00 secs] 
484.608: [GC (Allocation Failure) [PSYoungGen: 93024K->1664K(93184K)] 392591K->301247K(662016K), 0.0019759 secs] [Times: user=0.01 sys=0.00, real=0.00 secs] 
485.315: [GC (Allocation Failure) [PSYoungGen: 92800K->1376K(94720K)] 392383K->300959K(663552K), 0.0020957 secs] [Times: user=0.01 sys=0.00, real=0.00 secs] 
485.691: [GC (Allocation Failure) [PSYoungGen: 92000K->1376K(91648K)] 391583K->300959K(660480K), 0.0020358 secs] [Times: user=0.01 sys=0.00, real=0.00 secs] 
486.066: [GC (Allocation Failure) [PSYoungGen: 91488K->1376K(92672K)] 391071K->300967K(661504K), 0.0019424 secs] [Times: user=0.00 sys=0.00, real=0.00 secs] 
487.595: [GC (Allocation Failure) [PSYoungGen: 90976K->1440K(90624K)] 390567K->301031K(659456K), 0.0021920 secs] [Times: user=0.01 sys=0.00, real=0.00 secs] 
488.302: [GC (Allocation Failure) [PSYoungGen: 90528K->1408K(92160K)] 390119K->301007K(660992K), 0.0019555 secs] [Times: user=0.01 sys=0.00, real=0.00 secs] 
488.686: [GC (Allocation Failure) [PSYoungGen: 89984K->1376K(89600K)] 389583K->300991K(658432K), 0.0020560 secs] [Times: user=0.01 sys=0.00, real=0.00 secs] 
491.566: [GC (Allocation Failure) [PSYoungGen: 89440K->1424K(90624K)] 389055K->309231K(659456K), 0.0041801 secs] [Times: user=0.01 sys=0.00, real=0.00 secs] 
492.739: [GC (Allocation Failure) [PSYoungGen: 88976K->1408K(88576K)] 396783K->309215K(657408K), 0.0027264 secs] [Times: user=0.01 sys=0.00, real=0.01 secs] 
493.360: [GC (Allocation Failure) [PSYoungGen: 88448K->1376K(89600K)] 396255K->309183K(658432K), 0.0021892 secs] [Times: user=0.01 sys=0.00, real=0.01 secs] 
494.866: [GC (Allocation Failure) [PSYoungGen: 87904K->3520K(89600K)] 395711K->313375K(658432K), 0.0020627 secs] [Times: user=0.01 sys=0.00, real=0.00 secs] 
495.892: [GC (Allocation Failure) [PSYoungGen: 89536K->1376K(89088K)] 399391K->311231K(657920K), 0.0019330 secs] [Times: user=0.00 sys=0.00, real=0.00 secs] 
496.566: [GC (Allocation Failure) [PSYoungGen: 86880K->1376K(86528K)] 396735K->311231K(655360K), 0.0020609 secs] [Times: user=0.01 sys=0.00, real=0.00 secs] 
497.248: [GC (Allocation Failure) [PSYoungGen: 86368K->1408K(87552K)] 396223K->311263K(656384K), 0.0023679 secs] [Times: user=0.01 sys=0.00, real=0.00 secs] 
499.461: [GC (Allocation Failure) [PSYoungGen: 85888K->1376K(85504K)] 395743K->311231K(654336K), 0.0036165 secs] [Times: user=0.02 sys=0.00, real=0.00 secs] 
499.989: [GC (Allocation Failure) [PSYoungGen: 85344K->1408K(86528K)] 395199K->311271K(655360K), 0.0020737 secs] [Times: user=0.01 sys=0.00, real=0.01 secs] 
500.367: [GC (Allocation Failure) [PSYoungGen: 84864K->1344K(84480K)] 394727K->311207K(653312K), 0.0020984 secs] [Times: user=0.00 sys=0.00, real=0.00 secs] 
501.586: [GC (Allocation Failure) [PSYoungGen: 84288K->1408K(84992K)] 394151K->311271K(653824K), 0.0018472 secs] [Times: user=0.00 sys=0.00, real=0.00 secs] 
501.928: [GC (Allocation Failure) [PSYoungGen: 83840K->1376K(83456K)] 393703K->311239K(652288K), 0.0022171 secs] [Times: user=0.01 sys=0.00, real=0.00 secs] 
502.269: [GC (Allocation Failure) [PSYoungGen: 83296K->1360K(84992K)] 393159K->311231K(653824K), 0.0021820 secs] [Times: user=0.01 sys=0.00, real=0.01 secs] 
503.398: [GC (Allocation Failure) [PSYoungGen: 83280K->1536K(83456K)] 393151K->311415K(652288K), 0.0018899 secs] [Times: user=0.00 sys=0.00, real=0.00 secs] 
504.318: [GC (Allocation Failure) [PSYoungGen: 82944K->1408K(84992K)] 392823K->311287K(653824K), 0.0040338 secs] [Times: user=0.01 sys=0.00, real=0.01 secs] 
505.427: [GC (Allocation Failure) [PSYoungGen: 83328K->1360K(82944K)] 393207K->311247K(651776K), 0.0032583 secs] [Times: user=0.01 sys=0.00, real=0.01 secs] 
506.109: [GC (Allocation Failure) [PSYoungGen: 82768K->1376K(82944K)] 392655K->311271K(651776K), 0.0025515 secs] [Times: user=0.01 sys=0.00, real=0.01 secs] 
507.465: [GC (Allocation Failure) [PSYoungGen: 82272K->1408K(81920K)] 392167K->311303K(650752K), 0.0020369 secs] [Times: user=0.01 sys=0.00, real=0.00 secs] 
507.800: [GC (Allocation Failure) [PSYoungGen: 81792K->1376K(81920K)] 391687K->311279K(650752K), 0.0020054 secs] [Times: user=0.01 sys=0.00, real=0.01 secs] 
508.132: [GC (Allocation Failure) [PSYoungGen: 81248K->1408K(82432K)] 391151K->311311K(651264K), 0.0020128 secs] [Times: user=0.00 sys=0.00, real=0.00 secs] 
508.710: [GC (Allocation Failure) [PSYoungGen: 81280K->1440K(89088K)] 391183K->311343K(657920K), 0.0021971 secs] [Times: user=0.01 sys=0.00, real=0.01 secs] 
509.965: [GC (Allocation Failure) [PSYoungGen: 87968K->1440K(87552K)] 397871K->311343K(656384K), 0.0021330 secs] [Times: user=0.01 sys=0.00, real=0.00 secs] 
510.355: [GC (Allocation Failure) [PSYoungGen: 87456K->1376K(89088K)] 397359K->311279K(657920K), 0.0022134 secs] [Times: user=0.01 sys=0.00, real=0.00 secs] 
511.239: [GC (Allocation Failure) [PSYoungGen: 87904K->1392K(88576K)] 397807K->311295K(657408K), 0.0038372 secs] [Times: user=0.01 sys=0.00, real=0.01 secs] 
513.316: [GC (Allocation Failure) [PSYoungGen: 87920K->1440K(87552K)] 397823K->311351K(656384K), 0.0041864 secs] [Times: user=0.01 sys=0.00, real=0.00 secs] 
514.332: [GC (Allocation Failure) [PSYoungGen: 87456K->1440K(87040K)] 397367K->311359K(655872K), 0.0027969 secs] [Times: user=0.01 sys=0.00, real=0.00 secs] 
515.164: [GC (Allocation Failure) [PSYoungGen: 86944K->1408K(86528K)] 396863K->311327K(655360K), 0.0040194 secs] [Times: user=0.01 sys=0.00, real=0.00 secs] 
516.582: [GC (Allocation Failure) [PSYoungGen: 86400K->1408K(86016K)] 396319K->315423K(654848K), 0.0021607 secs] [Times: user=0.01 sys=0.00, real=0.00 secs] 
517.169: [GC (Allocation Failure) [PSYoungGen: 85888K->1376K(85504K)] 399903K->315391K(654336K), 0.0032296 secs] [Times: user=0.01 sys=0.00, real=0.01 secs] 
518.001: [GC (Allocation Failure) [PSYoungGen: 85344K->1408K(84992K)] 399359K->315431K(653824K), 0.0034327 secs] [Times: user=0.01 sys=0.00, real=0.00 secs] 
519.007: [GC (Allocation Failure) [PSYoungGen: 84864K->1408K(84480K)] 398887K->315431K(653312K), 0.0030773 secs] [Times: user=0.01 sys=0.00, real=0.00 secs] 
520.237: [GC (Allocation Failure) [PSYoungGen: 84352K->1440K(83968K)] 398375K->315463K(652800K), 0.0017929 secs] [Times: user=0.01 sys=0.00, real=0.00 secs] 
520.791: [GC (Allocation Failure) [PSYoungGen: 83872K->1392K(83456K)] 397895K->315415K(652288K), 0.0016924 secs] [Times: user=0.01 sys=0.00, real=0.00 secs] 
521.418: [GC (Allocation Failure) [PSYoungGen: 83312K->1408K(82944K)] 397335K->315431K(651776K), 0.0020284 secs] [Times: user=0.01 sys=0.00, real=0.00 secs] 
522.844: [GC (Allocation Failure) [PSYoungGen: 82816K->1472K(82432K)] 396839K->315503K(651264K), 0.0018246 secs] [Times: user=0.00 sys=0.00, real=0.00 secs] 
523.180: [GC (Allocation Failure) [PSYoungGen: 82368K->1408K(81920K)] 396399K->315439K(650752K), 0.0019724 secs] [Times: user=0.01 sys=0.00, real=0.01 secs] 
523.538: [GC (Allocation Failure) [PSYoungGen: 81792K->1440K(88064K)] 395823K->315503K(656896K), 0.0018682 secs] [Times: user=0.01 sys=0.00, real=0.00 secs] 
524.590: [GC (Allocation Failure) [PSYoungGen: 87968K->1696K(88064K)] 402031K->315759K(656896K), 0.0018777 secs] [Times: user=0.00 sys=0.00, real=0.01 secs] 
524.941: [GC (Allocation Failure) [PSYoungGen: 87712K->416K(86016K)] 401775K->315503K(654848K), 0.0018341 secs] [Times: user=0.01 sys=0.00, real=0.00 secs] 
525.295: [GC (Allocation Failure) [PSYoungGen: 85920K->384K(87552K)] 401007K->315479K(656384K), 0.0018758 secs] [Times: user=0.01 sys=0.01, real=0.00 secs] 
525.650: [GC (Allocation Failure) [PSYoungGen: 85888K->352K(94720K)] 400983K->315463K(663552K), 0.0017943 secs] [Times: user=0.01 sys=0.00, real=0.01 secs] 
527.374: [GC (Allocation Failure) [PSYoungGen: 93024K->1424K(94208K)] 408135K->316535K(663040K), 0.0019556 secs] [Times: user=0.01 sys=0.00, real=0.00 secs] 
527.804: [GC (Allocation Failure) [PSYoungGen: 93584K->1376K(95232K)] 408695K->316487K(664064K), 0.0020747 secs] [Times: user=0.01 sys=0.00, real=0.00 secs] 
528.496: [GC (Allocation Failure) [PSYoungGen: 94048K->1376K(93696K)] 409159K->316495K(662528K), 0.0020695 secs] [Times: user=0.01 sys=0.00, real=0.00 secs] 
529.719: [GC (Allocation Failure) [PSYoungGen: 93536K->1408K(93184K)] 408655K->316527K(662016K), 0.0018409 secs] [Times: user=0.01 sys=0.00, real=0.01 secs] 
530.425: [GC (Allocation Failure) [PSYoungGen: 93056K->1408K(93696K)] 408175K->316527K(662528K), 0.0045268 secs] [Times: user=0.02 sys=0.00, real=0.00 secs] 
531.322: [GC (Allocation Failure) [PSYoungGen: 93056K->1408K(100864K)] 408175K->316535K(669696K), 0.0033733 secs] [Times: user=0.01 sys=0.00, real=0.00 secs] 
533.147: [GC (Allocation Failure) [PSYoungGen: 100224K->1424K(99840K)] 415351K->316551K(668672K), 0.0022863 secs] [Times: user=0.01 sys=0.01, real=0.00 secs] 
534.057: [GC (Allocation Failure) [PSYoungGen: 99728K->1440K(99328K)] 414855K->316567K(668160K), 0.0042136 secs] [Times: user=0.01 sys=0.00, real=0.01 secs] 
535.060: [GC (Allocation Failure) [PSYoungGen: 99232K->1440K(98816K)] 414359K->316575K(667648K), 0.0041810 secs] [Times: user=0.02 sys=0.00, real=0.01 secs] 
536.980: [GC (Allocation Failure) [PSYoungGen: 98720K->1440K(98304K)] 413855K->316575K(667136K), 0.0032044 secs] [Times: user=0.02 sys=0.00, real=0.01 secs] 
537.662: [GC (Allocation Failure) [PSYoungGen: 98208K->1408K(97792K)] 413343K->316543K(666624K), 0.0023807 secs] [Times: user=0.01 sys=0.00, real=0.00 secs] 
538.558: [GC (Allocation Failure) [PSYoungGen: 97664K->1344K(97280K)] 412799K->316487K(666112K), 0.0041577 secs] [Times: user=0.02 sys=0.00, real=0.01 secs] 
540.377: [GC (Allocation Failure) [PSYoungGen: 97088K->1472K(96768K)] 412231K->316615K(665600K), 0.0030010 secs] [Times: user=0.00 sys=0.00, real=0.00 secs] 
541.476: [GC (Allocation Failure) [PSYoungGen: 96704K->1440K(96256K)] 411847K->316583K(665088K), 0.0041808 secs] [Times: user=0.01 sys=0.00, real=0.01 secs] 
542.345: [GC (Allocation Failure) [PSYoungGen: 96160K->1344K(95744K)] 411303K->316495K(664576K), 0.0037705 secs] [Times: user=0.01 sys=0.00, real=0.00 secs] 
545.354: [GC (Allocation Failure) [PSYoungGen: 95552K->1440K(95232K)] 410703K->316591K(664064K), 0.0036436 secs] [Times: user=0.01 sys=0.00, real=0.00 secs] 
545.753: [GC (Allocation Failure) [PSYoungGen: 95136K->1408K(94720K)] 410287K->316559K(663552K), 0.0021315 secs] [Times: user=0.00 sys=0.00, real=0.00 secs] 
546.419: [GC (Allocation Failure) [PSYoungGen: 94592K->1360K(94208K)] 409743K->316511K(663040K), 0.0020589 secs] [Times: user=0.01 sys=0.00, real=0.01 secs] 
548.255: [GC (Allocation Failure) [PSYoungGen: 94032K->1408K(93696K)] 409183K->316559K(662528K), 0.0022614 secs] [Times: user=0.01 sys=0.00, real=0.00 secs] 
549.706: [GC (Allocation Failure) [PSYoungGen: 93568K->1408K(93184K)] 408719K->316559K(662016K), 0.0027209 secs] [Times: user=0.02 sys=0.00, real=0.00 secs] 
550.629: [GC (Allocation Failure) [PSYoungGen: 93056K->1376K(92672K)] 408207K->316527K(661504K), 0.0028335 secs] [Times: user=0.01 sys=0.01, real=0.01 secs] 
552.061: [GC (Allocation Failure) [PSYoungGen: 92512K->1408K(92160K)] 407663K->316559K(660992K), 0.0015925 secs] [Times: user=0.01 sys=0.00, real=0.00 secs] 
552.436: [GC (Allocation Failure) [PSYoungGen: 92032K->1440K(91648K)] 407183K->316599K(660480K), 0.0026771 secs] [Times: user=0.01 sys=0.00, real=0.00 secs] 
552.811: [GC (Allocation Failure) [PSYoungGen: 91552K->1408K(92160K)] 406711K->316567K(660992K), 0.0026255 secs] [Times: user=0.01 sys=0.00, real=0.00 secs] 
554.263: [GC (Allocation Failure) [PSYoungGen: 91520K->1408K(91136K)] 406679K->316575K(659968K), 0.0021644 secs] [Times: user=0.01 sys=0.00, real=0.00 secs] 
554.769: [GC (Allocation Failure) [PSYoungGen: 91008K->1440K(90624K)] 406175K->316607K(659456K), 0.0020553 secs] [Times: user=0.01 sys=0.00, real=0.01 secs] 
555.139: [GC (Allocation Failure) [PSYoungGen: 90528K->1408K(91136K)] 405695K->316575K(659968K), 0.0019070 secs] [Times: user=0.01 sys=0.00, real=0.01 secs] 
556.577: [GC (Allocation Failure) [PSYoungGen: 90496K->1472K(90112K)] 405663K->316655K(658944K), 0.0020802 secs] [Times: user=0.01 sys=0.00, real=0.00 secs] 
557.388: [GC (Allocation Failure) [PSYoungGen: 90048K->1440K(89600K)] 405231K->316623K(658432K), 0.0025123 secs] [Times: user=0.01 sys=0.00, real=0.00 secs] 
558.080: [GC (Allocation Failure) [PSYoungGen: 89504K->1408K(89088K)] 404687K->316591K(657920K), 0.0020665 secs] [Times: user=0.01 sys=0.00, real=0.01 secs] 
559.426: [GC (Allocation Failure) [PSYoungGen: 88960K->1456K(88576K)] 404143K->318695K(657408K), 0.0019831 secs] [Times: user=0.01 sys=0.00, real=0.00 secs] 
559.843: [GC (Allocation Failure) [PSYoungGen: 88496K->352K(87040K)] 405735K->317591K(655872K), 0.0017970 secs] [Times: user=0.01 sys=0.00, real=0.00 secs] 
560.558: [GC (Allocation Failure) [PSYoungGen: 86880K->336K(88064K)] 404119K->317575K(656896K), 0.0022679 secs] [Times: user=0.01 sys=0.00, real=0.00 secs] 
561.328: [GC (Allocation Failure) [PSYoungGen: 86352K->416K(86016K)] 403591K->317655K(654848K), 0.0023946 secs] [Times: user=0.01 sys=0.00, real=0.00 secs] 
563.065: [GC (Allocation Failure) [PSYoungGen: 85920K->1440K(87040K)] 403159K->318695K(655872K), 0.0017558 secs] [Times: user=0.01 sys=0.00, real=0.00 secs] 
564.251: [GC (Allocation Failure) [PSYoungGen: 86432K->1408K(86016K)] 403687K->318663K(654848K), 0.0024676 secs] [Times: user=0.01 sys=0.00, real=0.00 secs] 
565.136: [GC (Allocation Failure) [PSYoungGen: 85888K->1376K(85504K)] 403143K->318631K(654336K), 0.0025115 secs] [Times: user=0.01 sys=0.00, real=0.00 secs] 
567.039: [GC (Allocation Failure) [PSYoungGen: 85344K->1440K(84992K)] 402599K->318695K(653824K), 0.0019365 secs] [Times: user=0.01 sys=0.00, real=0.01 secs] 
568.171: [GC (Allocation Failure) [PSYoungGen: 84896K->1408K(84480K)] 402151K->318663K(653312K), 0.0027724 secs] [Times: user=0.01 sys=0.00, real=0.00 secs] 
569.365: [GC (Allocation Failure) [PSYoungGen: 84352K->1408K(83968K)] 401607K->318671K(652800K), 0.0031071 secs] [Times: user=0.01 sys=0.00, real=0.00 secs] 
570.902: [GC (Allocation Failure) [PSYoungGen: 83840K->1920K(83968K)] 401103K->319695K(652800K), 0.0019072 secs] [Times: user=0.00 sys=0.01, real=0.00 secs] 
572.048: [GC (Allocation Failure) [PSYoungGen: 83840K->352K(81920K)] 401615K->319151K(650752K), 0.0041740 secs] [Times: user=0.01 sys=0.00, real=0.01 secs] 
573.212: [GC (Allocation Failure) [PSYoungGen: 81760K->384K(83456K)] 400559K->319199K(652288K), 0.0031575 secs] [Times: user=0.01 sys=0.00, real=0.00 secs] 
574.329: [GC (Allocation Failure) [PSYoungGen: 81280K->384K(80896K)] 400095K->319199K(649728K), 0.0044272 secs] [Times: user=0.01 sys=0.00, real=0.01 secs] 
576.179: [GC (Allocation Failure) [PSYoungGen: 80768K->1392K(82432K)] 399583K->320207K(651264K), 0.0020747 secs] [Times: user=0.01 sys=0.00, real=0.01 secs] 
577.081: [GC (Allocation Failure) [PSYoungGen: 81264K->1440K(80896K)] 400079K->320255K(649728K), 0.0025708 secs] [Times: user=0.01 sys=0.00, real=0.00 secs] 
577.766: [GC (Allocation Failure) [PSYoungGen: 80800K->1344K(80384K)] 399615K->320159K(649216K), 0.0029203 secs] [Times: user=0.01 sys=0.00, real=0.00 secs] 
579.285: [GC (Allocation Failure) [PSYoungGen: 80192K->1680K(80384K)] 399007K->320503K(649216K), 0.0018848 secs] [Times: user=0.01 sys=0.00, real=0.00 secs] 
580.375: [GC (Allocation Failure) [PSYoungGen: 80016K->1408K(79360K)] 398839K->320231K(648192K), 0.0023972 secs] [Times: user=0.01 sys=0.00, real=0.00 secs] 
581.437: [GC (Allocation Failure) [PSYoungGen: 79232K->1376K(78848K)] 398055K->320207K(647680K), 0.0042470 secs] [Times: user=0.01 sys=0.00, real=0.01 secs] 
582.487: [GC (Allocation Failure) [PSYoungGen: 78688K->1408K(78336K)] 397519K->320247K(647168K), 0.0042729 secs] [Times: user=0.02 sys=0.00, real=0.01 secs] 
584.445: [GC (Allocation Failure) [PSYoungGen: 78208K->1440K(77824K)] 397047K->320279K(646656K), 0.0023456 secs] [Times: user=0.01 sys=0.00, real=0.00 secs] 
585.390: [GC (Allocation Failure) [PSYoungGen: 77728K->1376K(77312K)] 396567K->320215K(646144K), 0.0042106 secs] [Times: user=0.01 sys=0.00, real=0.01 secs] 
585.718: [GC (Allocation Failure) [PSYoungGen: 77152K->1440K(76800K)] 395991K->320279K(645632K), 0.0021148 secs] [Times: user=0.00 sys=0.00, real=0.00 secs] 
586.032: [GC (Allocation Failure) [PSYoungGen: 76704K->1376K(77824K)] 395543K->320215K(646656K), 0.0024725 secs] [Times: user=0.01 sys=0.00, real=0.00 secs] 
587.195: [GC (Allocation Failure) [PSYoungGen: 76640K->1456K(82944K)] 395479K->320295K(651776K), 0.0019081 secs] [Times: user=0.01 sys=0.00, real=0.00 secs] 
587.881: [GC (Allocation Failure) [PSYoungGen: 82864K->1440K(83456K)] 401703K->320279K(652288K), 0.0028971 secs] [Times: user=0.01 sys=0.00, real=0.00 secs] 
588.601: [GC (Allocation Failure) [PSYoungGen: 82848K->1408K(90112K)] 401687K->320247K(658944K), 0.0029354 secs] [Times: user=0.01 sys=0.00, real=0.00 secs] 
590.154: [GC (Allocation Failure) [PSYoungGen: 89472K->1440K(89088K)] 408311K->321311K(657920K), 0.0020176 secs] [Times: user=0.01 sys=0.00, real=0.00 secs] 
590.935: [GC (Allocation Failure) [PSYoungGen: 88992K->416K(88576K)] 408863K->320287K(657408K), 0.0041399 secs] [Times: user=0.02 sys=0.00, real=0.00 secs] 
591.534: [GC (Allocation Failure) [PSYoungGen: 87456K->320K(88576K)] 407327K->320191K(657408K), 0.0019416 secs] [Times: user=0.01 sys=0.00, real=0.00 secs] 
591.909: [GC (Allocation Failure) [PSYoungGen: 86848K->384K(89088K)] 406719K->320255K(657920K), 0.0031999 secs] [Times: user=0.02 sys=0.00, real=0.01 secs] 
593.535: [GC (Allocation Failure) [PSYoungGen: 86912K->1408K(89088K)] 406783K->321295K(657920K), 0.0029692 secs] [Times: user=0.00 sys=0.00, real=0.00 secs] 
594.024: [GC (Allocation Failure) [PSYoungGen: 87936K->1440K(96256K)] 407823K->321327K(665088K), 0.0031137 secs] [Times: user=0.01 sys=0.01, real=0.00 secs] 
594.471: [GC (Allocation Failure) [PSYoungGen: 95136K->1376K(96256K)] 415023K->321263K(665088K), 0.0019800 secs] [Times: user=0.00 sys=0.00, real=0.00 secs] 
597.864: [GC (Allocation Failure) [PSYoungGen: 95072K->1456K(94720K)] 414959K->321351K(663552K), 0.0048430 secs] [Times: user=0.02 sys=0.00, real=0.00 secs] 
598.834: [GC (Allocation Failure) [PSYoungGen: 94640K->1408K(94208K)] 414535K->321311K(663040K), 0.0023896 secs] [Times: user=0.01 sys=0.00, real=0.00 secs] 
599.250: [GC (Allocation Failure) [PSYoungGen: 94080K->1424K(102400K)] 413983K->321327K(671232K), 0.0021070 secs] [Times: user=0.01 sys=0.00, real=0.01 secs] 
601.960: [GC (Allocation Failure) [PSYoungGen: 101264K->1440K(100864K)] 421167K->321343K(669696K), 0.0042605 secs] [Times: user=0.01 sys=0.01, real=0.01 secs] 
603.272: [GC (Allocation Failure) [PSYoungGen: 100768K->1424K(100864K)] 420671K->321327K(669696K), 0.0034984 secs] [Times: user=0.02 sys=0.00, real=0.00 secs] 
604.249: [GC (Allocation Failure) [PSYoungGen: 100240K->1424K(99840K)] 420143K->321327K(668672K), 0.0038543 secs] [Times: user=0.01 sys=0.00, real=0.01 secs] 
605.929: [GC (Allocation Failure) [PSYoungGen: 99728K->1440K(99328K)] 419631K->321343K(668160K), 0.0020374 secs] [Times: user=0.01 sys=0.00, real=0.01 secs] 
606.696: [GC (Allocation Failure) [PSYoungGen: 99232K->1440K(98816K)] 419135K->321343K(667648K), 0.0022545 secs] [Times: user=0.01 sys=0.00, real=0.00 secs] 
607.099: [GC (Allocation Failure) [PSYoungGen: 98720K->1376K(98304K)] 418623K->321287K(667136K), 0.0020099 secs] [Times: user=0.01 sys=0.00, real=0.01 secs] 
609.333: [GC (Allocation Failure) [PSYoungGen: 98144K->1408K(97792K)] 418055K->321319K(666624K), 0.0040362 secs] [Times: user=0.02 sys=0.00, real=0.00 secs] 
610.991: [GC (Allocation Failure) [PSYoungGen: 97664K->1408K(97280K)] 417575K->321319K(666112K), 0.0041917 secs] [Times: user=0.02 sys=0.00, real=0.00 secs] 
612.986: [GC (Allocation Failure) [PSYoungGen: 97145K->192K(95744K)] 417056K->320103K(664576K), 0.0015636 secs] [Times: user=0.00 sys=0.00, real=0.00 secs] 
614.713: [GC (Allocation Failure) [PSYoungGen: 95424K->1376K(96256K)] 415335K->321295K(665088K), 0.0040420 secs] [Times: user=0.01 sys=0.00, real=0.00 secs] 
616.026: [GC (Allocation Failure) [PSYoungGen: 96096K->1344K(95744K)] 416015K->321263K(664576K), 0.0040679 secs] [Times: user=0.01 sys=0.01, real=0.00 secs] 
617.663: [GC (Allocation Failure) [PSYoungGen: 95552K->160K(95744K)] 415471K->320079K(664576K), 0.0014834 secs] [Times: user=0.00 sys=0.00, real=0.00 secs] 
618.301: [GC (Allocation Failure) [PSYoungGen: 93856K->1408K(94720K)] 413775K->321343K(663552K), 0.0018161 secs] [Times: user=0.01 sys=0.00, real=0.00 secs] 
619.033: [GC (Allocation Failure) [PSYoungGen: 94592K->1376K(94720K)] 414527K->321311K(663552K), 0.0021490 secs] [Times: user=0.01 sys=0.00, real=0.00 secs] 
619.828: [GC (Allocation Failure) [PSYoungGen: 94048K->1408K(93696K)] 413983K->321343K(662528K), 0.0021643 secs] [Times: user=0.01 sys=0.00, real=0.00 secs] 
621.724: [GC (Allocation Failure) [PSYoungGen: 93568K->1472K(93696K)] 413503K->321415K(662528K), 0.0024126 secs] [Times: user=0.01 sys=0.00, real=0.00 secs] 
622.602: [GC (Allocation Failure) [PSYoungGen: 93120K->1376K(92672K)] 413063K->321319K(661504K), 0.0024756 secs] [Times: user=0.01 sys=0.00, real=0.00 secs] 
623.410: [GC (Allocation Failure) [PSYoungGen: 92512K->1376K(92160K)] 412455K->321327K(660992K), 0.0023208 secs] [Times: user=0.01 sys=0.00, real=0.01 secs] 
625.191: [GC (Allocation Failure) [PSYoungGen: 92000K->1408K(91648K)] 411951K->321359K(660480K), 0.0028249 secs] [Times: user=0.02 sys=0.00, real=0.01 secs] 
626.531: [GC (Allocation Failure) [PSYoungGen: 91520K->1376K(91136K)] 411471K->321327K(659968K), 0.0041127 secs] [Times: user=0.02 sys=0.00, real=0.00 secs] 
627.518: [GC (Allocation Failure) [PSYoungGen: 90976K->1376K(90624K)] 410927K->321335K(659456K), 0.0030611 secs] [Times: user=0.01 sys=0.00, real=0.01 secs] 
630.399: [GC (Allocation Failure) [PSYoungGen: 90464K->1408K(90112K)] 410423K->321383K(658944K), 0.0042245 secs] [Times: user=0.01 sys=0.00, real=0.01 secs] 
631.268: [GC (Allocation Failure) [PSYoungGen: 89984K->1344K(89600K)] 409959K->321319K(658432K), 0.0022185 secs] [Times: user=0.01 sys=0.00, real=0.00 secs] 
631.662: [GC (Allocation Failure) [PSYoungGen: 89408K->1376K(89088K)] 409383K->321351K(657920K), 0.0019794 secs] [Times: user=0.01 sys=0.00, real=0.00 secs] 
635.420: [GC (Allocation Failure) [PSYoungGen: 88928K->1408K(88576K)] 408903K->321383K(657408K), 0.0039845 secs] [Times: user=0.02 sys=0.01, real=0.01 secs] 
635.921: [GC (Allocation Failure) [PSYoungGen: 88448K->1392K(88064K)] 408423K->321367K(656896K), 0.0019158 secs] [Times: user=0.01 sys=0.00, real=0.01 secs] 
636.280: [GC (Allocation Failure) [PSYoungGen: 87920K->1424K(87552K)] 407895K->321399K(656384K), 0.0021162 secs] [Times: user=0.00 sys=0.00, real=0.01 secs] 
637.929: [GC (Allocation Failure) [PSYoungGen: 87440K->1408K(87040K)] 407415K->322407K(655872K), 0.0035054 secs] [Times: user=0.01 sys=0.00, real=0.01 secs] 
638.802: [GC (Allocation Failure) [PSYoungGen: 86912K->384K(85504K)] 407911K->321383K(654336K), 0.0024852 secs] [Times: user=0.01 sys=0.00, real=0.00 secs] 
639.259: [GC (Allocation Failure) [PSYoungGen: 85376K->352K(86016K)] 406375K->321351K(654848K), 0.0022329 secs] [Times: user=0.01 sys=0.00, real=0.01 secs] 
639.610: [GC (Allocation Failure) [PSYoungGen: 84832K->352K(86528K)] 405831K->321351K(655360K), 0.0019566 secs] [Times: user=0.01 sys=0.00, real=0.01 secs] 
641.252: [GC (Allocation Failure) [PSYoungGen: 84832K->1392K(85504K)] 405831K->322391K(654336K), 0.0026268 secs] [Times: user=0.01 sys=0.00, real=0.00 secs] 
642.099: [GC (Allocation Failure) [PSYoungGen: 85360K->1392K(84992K)] 406359K->322391K(653824K), 0.0030794 secs] [Times: user=0.01 sys=0.00, real=0.01 secs] 
642.836: [GC (Allocation Failure) [PSYoungGen: 84848K->1376K(84480K)] 405847K->322383K(653312K), 0.0021988 secs] [Times: user=0.01 sys=0.00, real=0.00 secs] 
644.297: [GC (Allocation Failure) [PSYoungGen: 84320K->1440K(83968K)] 405327K->322455K(652800K), 0.0040553 secs] [Times: user=0.01 sys=0.00, real=0.01 secs] 
645.126: [GC (Allocation Failure) [PSYoungGen: 83872K->1344K(83456K)] 404887K->322367K(652288K), 0.0028156 secs] [Times: user=0.01 sys=0.00, real=0.00 secs] 
645.554: [GC (Allocation Failure) [PSYoungGen: 83264K->1408K(82944K)] 404287K->322447K(651776K), 0.0022845 secs] [Times: user=0.01 sys=0.00, real=0.00 secs] 
646.784: [GC (Allocation Failure) [PSYoungGen: 82816K->1472K(82432K)] 403855K->322511K(651264K), 0.0016653 secs] [Times: user=0.01 sys=0.00, real=0.00 secs] 
647.823: [GC (Allocation Failure) [PSYoungGen: 82368K->1376K(81920K)] 403407K->322415K(650752K), 0.0045669 secs] [Times: user=0.02 sys=0.00, real=0.00 secs] 
648.788: [GC (Allocation Failure) [PSYoungGen: 81760K->1376K(81408K)] 402799K->322423K(650240K), 0.0030031 secs] [Times: user=0.01 sys=0.00, real=0.01 secs] 
649.305: [GC (Allocation Failure) [PSYoungGen: 81248K->1408K(80896K)] 402295K->322455K(649728K), 0.0025269 secs] [Times: user=0.01 sys=0.00, real=0.00 secs] 
651.266: [GC (Allocation Failure) [PSYoungGen: 80768K->1440K(80384K)] 401815K->322487K(649216K), 0.0027748 secs] [Times: user=0.01 sys=0.00, real=0.00 secs] 
652.229: [GC (Allocation Failure) [PSYoungGen: 80288K->1360K(79872K)] 401335K->322415K(648704K), 0.0031859 secs] [Times: user=0.01 sys=0.00, real=0.01 secs] 
652.658: [GC (Allocation Failure) [PSYoungGen: 79696K->1376K(79360K)] 400751K->322431K(648192K), 0.0019597 secs] [Times: user=0.01 sys=0.00, real=0.00 secs] 
652.993: [GC (Allocation Failure) [PSYoungGen: 79200K->1440K(85504K)] 400255K->322495K(654336K), 0.0018273 secs] [Times: user=0.01 sys=0.00, real=0.00 secs] 
654.445: [GC (Allocation Failure) [PSYoungGen: 84896K->1472K(84480K)] 405951K->322535K(653312K), 0.0026181 secs] [Times: user=0.01 sys=0.00, real=0.00 secs] 
654.981: [GC (Allocation Failure) [PSYoungGen: 84416K->1440K(83968K)] 405479K->322511K(652800K), 0.0022908 secs] [Times: user=0.01 sys=0.00, real=0.00 secs] 
655.321: [GC (Allocation Failure) [PSYoungGen: 83872K->1376K(84480K)] 404943K->322447K(653312K), 0.0019493 secs] [Times: user=0.00 sys=0.00, real=0.00 secs] 
656.599: [GC (Allocation Failure) [PSYoungGen: 84320K->1408K(83968K)] 405391K->322479K(652800K), 0.0019894 secs] [Times: user=0.00 sys=0.00, real=0.01 secs] 
656.941: [GC (Allocation Failure) [PSYoungGen: 83840K->1376K(84480K)] 404911K->322471K(653312K), 0.0019332 secs] [Times: user=0.00 sys=0.00, real=0.00 secs] 
657.284: [GC (Allocation Failure) [PSYoungGen: 83808K->1376K(84480K)] 404903K->322471K(653312K), 0.0019374 secs] [Times: user=0.01 sys=0.00, real=0.00 secs] 
658.512: [GC (Allocation Failure) [PSYoungGen: 83808K->1568K(83968K)] 404903K->322663K(652800K), 0.0020317 secs] [Times: user=0.01 sys=0.00, real=0.00 secs] 
659.405: [GC (Allocation Failure) [PSYoungGen: 83488K->1408K(82944K)] 404583K->322503K(651776K), 0.0029439 secs] [Times: user=0.01 sys=0.00, real=0.00 secs] 
660.668: [GC (Allocation Failure) [PSYoungGen: 82816K->320K(81408K)] 403911K->322439K(650240K), 0.0039007 secs] [Times: user=0.01 sys=0.00, real=0.01 secs] 
661.901: [GC (Allocation Failure) [PSYoungGen: 81216K->336K(82432K)] 403335K->322455K(651264K), 0.0041465 secs] [Times: user=0.02 sys=0.00, real=0.00 secs] 
663.530: [GC (Allocation Failure) [PSYoungGen: 80720K->1408K(81408K)] 402839K->323527K(650240K), 0.0019518 secs] [Times: user=0.01 sys=0.00, real=0.01 secs] 
663.883: [GC (Allocation Failure) [PSYoungGen: 81280K->1376K(80896K)] 403399K->323495K(649728K), 0.0021200 secs] [Times: user=0.01 sys=0.00, real=0.00 secs] 
664.353: [GC (Allocation Failure) [PSYoungGen: 80736K->1376K(80384K)] 402855K->323495K(649216K), 0.0020598 secs] [Times: user=0.01 sys=0.00, real=0.00 secs] 
665.316: [GC (Allocation Failure) [PSYoungGen: 80224K->1376K(79872K)] 402343K->323495K(648704K), 0.0030446 secs] [Times: user=0.01 sys=0.00, real=0.00 secs] 
667.310: [GC (Allocation Failure) [PSYoungGen: 79712K->1408K(79360K)] 401831K->323527K(648192K), 0.0035350 secs] [Times: user=0.01 sys=0.00, real=0.01 secs] 
668.214: [GC (Allocation Failure) [PSYoungGen: 79232K->1344K(78848K)] 401351K->323471K(647680K), 0.0028475 secs] [Times: user=0.01 sys=0.00, real=0.00 secs] 
668.853: [GC (Allocation Failure) [PSYoungGen: 78656K->1376K(78336K)] 400783K->323503K(647168K), 0.0022081 secs] [Times: user=0.01 sys=0.00, real=0.00 secs] 
670.229: [GC (Allocation Failure) [PSYoungGen: 78176K->1376K(77824K)] 400303K->323503K(646656K), 0.0018683 secs] [Times: user=0.00 sys=0.01, real=0.01 secs] 
670.938: [GC (Allocation Failure) [PSYoungGen: 77664K->1376K(77312K)] 399791K->323503K(646144K), 0.0023250 secs] [Times: user=0.01 sys=0.00, real=0.00 secs] 
671.630: [GC (Allocation Failure) [PSYoungGen: 77152K->1424K(76800K)] 399279K->323551K(645632K), 0.0024662 secs] [Times: user=0.01 sys=0.00, real=0.01 secs] 
672.324: [GC (Allocation Failure) [PSYoungGen: 76688K->1376K(76288K)] 398815K->323503K(645120K), 0.0023391 secs] [Times: user=0.01 sys=0.00, real=0.00 secs] 
673.494: [GC (Allocation Failure) [PSYoungGen: 76128K->1408K(75776K)] 398255K->323535K(644608K), 0.0020447 secs] [Times: user=0.01 sys=0.00, real=0.00 secs] 
673.809: [GC (Allocation Failure) [PSYoungGen: 75648K->1376K(75776K)] 397775K->323503K(644608K), 0.0018679 secs] [Times: user=0.01 sys=0.00, real=0.01 secs] 
674.169: [GC (Allocation Failure) [PSYoungGen: 75616K->1408K(81408K)] 397743K->323535K(650240K), 0.0019882 secs] [Times: user=0.01 sys=0.00, real=0.01 secs] 
674.606: [GC (Allocation Failure) [PSYoungGen: 81280K->1376K(81920K)] 403407K->323503K(650752K), 0.0021668 secs] [Times: user=0.01 sys=0.00, real=0.00 secs] 
675.704: [GC (Allocation Failure) [PSYoungGen: 81760K->1408K(81408K)] 403887K->323535K(650240K), 0.0018982 secs] [Times: user=0.01 sys=0.00, real=0.00 secs] 
676.092: [GC (Allocation Failure) [PSYoungGen: 81280K->1376K(81920K)] 403407K->323511K(650752K), 0.0019850 secs] [Times: user=0.01 sys=0.00, real=0.00 secs] 
676.455: [GC (Allocation Failure) [PSYoungGen: 81248K->1440K(81920K)] 403383K->323575K(650752K), 0.0020169 secs] [Times: user=0.01 sys=0.00, real=0.00 secs] 
677.793: [GC (Allocation Failure) [PSYoungGen: 81312K->1408K(80896K)] 403447K->323543K(649728K), 0.0025387 secs] [Times: user=0.01 sys=0.00, real=0.00 secs] 
678.710: [GC (Allocation Failure) [PSYoungGen: 80768K->1440K(80384K)] 402903K->323575K(649216K), 0.0032461 secs] [Times: user=0.01 sys=0.00, real=0.01 secs] 
679.385: [GC (Allocation Failure) [PSYoungGen: 80288K->1408K(79872K)] 402423K->323543K(648704K), 0.0024781 secs] [Times: user=0.01 sys=0.00, real=0.00 secs] 
680.049: [GC (Allocation Failure) [PSYoungGen: 79744K->1376K(79360K)] 401879K->323511K(648192K), 0.0021881 secs] [Times: user=0.01 sys=0.01, real=0.01 secs] 
681.360: [GC (Allocation Failure) [PSYoungGen: 79200K->1456K(78848K)] 401335K->323591K(647680K), 0.0021209 secs] [Times: user=0.00 sys=0.00, real=0.01 secs] 
682.020: [GC (Allocation Failure) [PSYoungGen: 78768K->1344K(78336K)] 400903K->323479K(647168K), 0.0018412 secs] [Times: user=0.00 sys=0.00, real=0.01 secs] 
682.749: [GC (Allocation Failure) [PSYoungGen: 78144K->1408K(77824K)] 400279K->323543K(646656K), 0.0022342 secs] [Times: user=0.01 sys=0.00, real=0.01 secs] 
683.617: [GC (Allocation Failure) [PSYoungGen: 77696K->1344K(77312K)] 399831K->323479K(646144K), 0.0015361 secs] [Times: user=0.01 sys=0.00, real=0.00 secs] 
684.508: [GC (Allocation Failure) [PSYoungGen: 77120K->1344K(76800K)] 399255K->323487K(645632K), 0.0021249 secs] [Times: user=0.01 sys=0.00, real=0.00 secs] 
684.821: [GC (Allocation Failure) [PSYoungGen: 76608K->1408K(76288K)] 398751K->323559K(645120K), 0.0022256 secs] [Times: user=0.01 sys=0.00, real=0.00 secs] 
685.170: [GC (Allocation Failure) [PSYoungGen: 76160K->1408K(82432K)] 398311K->323559K(651264K), 0.0020312 secs] [Times: user=0.01 sys=0.00, real=0.01 secs] 
686.194: [GC (Allocation Failure) [PSYoungGen: 82304K->1440K(81920K)] 404455K->323591K(650752K), 0.0019184 secs] [Times: user=0.01 sys=0.00, real=0.00 secs] 
686.572: [GC (Allocation Failure) [PSYoungGen: 81824K->1408K(82432K)] 403975K->323559K(651264K), 0.0028860 secs] [Times: user=0.01 sys=0.00, real=0.00 secs] 
686.908: [GC (Allocation Failure) [PSYoungGen: 81792K->1408K(82432K)] 403943K->323559K(651264K), 0.0021411 secs] [Times: user=0.00 sys=0.00, real=0.00 secs] 
687.246: [GC (Allocation Failure) [PSYoungGen: 81792K->1440K(88576K)] 403943K->323591K(657408K), 0.0027539 secs] [Times: user=0.01 sys=0.00, real=0.00 secs] 
688.424: [GC (Allocation Failure) [PSYoungGen: 88480K->1456K(89088K)] 410631K->323607K(657920K), 0.0019640 secs] [Times: user=0.01 sys=0.00, real=0.00 secs] 
688.828: [GC (Allocation Failure) [PSYoungGen: 88496K->1408K(96256K)] 410647K->323559K(665088K), 0.0023148 secs] [Times: user=0.01 sys=0.00, real=0.01 secs] 
689.222: [GC (Allocation Failure) [PSYoungGen: 96128K->1408K(96768K)] 418279K->323559K(665600K), 0.0022189 secs] [Times: user=0.00 sys=0.00, real=0.00 secs] 
690.379: [GC (Allocation Failure) [PSYoungGen: 96640K->1408K(104448K)] 418791K->323559K(673280K), 0.0019445 secs] [Times: user=0.01 sys=0.00, real=0.01 secs] 
691.221: [GC (Allocation Failure) [PSYoungGen: 104320K->1408K(104960K)] 426471K->323559K(673792K), 0.0024405 secs] [Times: user=0.00 sys=0.01, real=0.00 secs] 
692.094: [GC (Allocation Failure) [PSYoungGen: 104832K->1456K(112640K)] 426983K->323607K(681472K), 0.0044199 secs] [Times: user=0.01 sys=0.00, real=0.00 secs] 
694.449: [GC (Allocation Failure) [PSYoungGen: 112560K->1376K(111616K)] 434711K->323535K(680448K), 0.0042938 secs] [Times: user=0.01 sys=0.00, real=0.01 secs] 
695.885: [GC (Allocation Failure) [PSYoungGen: 111456K->416K(109568K)] 433615K->323599K(678400K), 0.0037851 secs] [Times: user=0.02 sys=0.00, real=0.00 secs] 
697.709: [GC (Allocation Failure) [PSYoungGen: 109472K->1440K(110080K)] 432655K->324639K(678912K), 0.0019901 secs] [Times: user=0.01 sys=0.00, real=0.00 secs] 
698.689: [GC (Allocation Failure) [PSYoungGen: 109472K->1408K(109056K)] 432671K->324607K(677888K), 0.0030981 secs] [Times: user=0.01 sys=0.00, real=0.01 secs] 
699.549: [GC (Allocation Failure) [PSYoungGen: 108928K->1408K(108544K)] 432127K->324607K(677376K), 0.0028807 secs] [Times: user=0.01 sys=0.00, real=0.01 secs] 
702.106: [GC (Allocation Failure) [PSYoungGen: 108416K->1456K(108032K)] 431615K->324663K(676864K), 0.0039804 secs] [Times: user=0.01 sys=0.00, real=0.00 secs] 
703.478: [GC (Allocation Failure) [PSYoungGen: 107952K->1408K(107520K)] 431159K->324615K(676352K), 0.0031095 secs] [Times: user=0.02 sys=0.00, real=0.01 secs] 
704.542: [GC (Allocation Failure) [PSYoungGen: 107392K->1376K(107008K)] 430599K->324583K(675840K), 0.0030184 secs] [Times: user=0.01 sys=0.00, real=0.00 secs] 
706.250: [GC (Allocation Failure) [PSYoungGen: 106848K->1408K(106496K)] 430055K->324615K(675328K), 0.0034107 secs] [Times: user=0.01 sys=0.00, real=0.01 secs] 
706.903: [GC (Allocation Failure) [PSYoungGen: 106368K->1408K(105984K)] 429575K->324615K(674816K), 0.0019594 secs] [Times: user=0.01 sys=0.00, real=0.00 secs] 
708.039: [GC (Allocation Failure) [PSYoungGen: 105856K->1408K(105472K)] 429063K->324615K(674304K), 0.0020782 secs] [Times: user=0.01 sys=0.00, real=0.01 secs] 
708.495: [GC (Allocation Failure) [PSYoungGen: 105344K->1424K(104960K)] 428551K->324631K(673792K), 0.0018550 secs] [Times: user=0.00 sys=0.00, real=0.00 secs] 
708.956: [GC (Allocation Failure) [PSYoungGen: 104848K->1376K(104448K)] 428055K->324583K(673280K), 0.0019660 secs] [Times: user=0.01 sys=0.00, real=0.00 secs] 
710.392: [GC (Allocation Failure) [PSYoungGen: 104288K->1440K(103936K)] 427495K->324647K(672768K), 0.0017597 secs] [Times: user=0.01 sys=0.00, real=0.00 secs] 
711.472: [GC (Allocation Failure) [PSYoungGen: 103840K->1392K(103424K)] 427047K->324599K(672256K), 0.0044033 secs] [Times: user=0.02 sys=0.01, real=0.00 secs] 
712.801: [GC (Allocation Failure) [PSYoungGen: 103280K->1344K(102912K)] 426487K->324583K(671744K), 0.0033283 secs] [Times: user=0.01 sys=0.00, real=0.00 secs] 
714.965: [GC (Allocation Failure) [PSYoungGen: 102720K->1376K(102400K)] 425959K->324623K(671232K), 0.0042184 secs] [Times: user=0.02 sys=0.00, real=0.00 secs] 
715.440: [GC (Allocation Failure) [PSYoungGen: 102240K->1360K(101888K)] 425487K->324607K(670720K), 0.0019457 secs] [Times: user=0.01 sys=0.00, real=0.01 secs] 
716.211: [GC (Allocation Failure) [PSYoungGen: 101712K->1312K(101376K)] 424959K->324559K(670208K), 0.0026653 secs] [Times: user=0.01 sys=0.00, real=0.00 secs] 
717.345: [GC (Allocation Failure) [PSYoungGen: 101152K->416K(99840K)] 424399K->324687K(668672K), 0.0016583 secs] [Times: user=0.01 sys=0.00, real=0.00 secs] 
717.918: [GC (Allocation Failure) [PSYoungGen: 99744K->320K(100864K)] 424015K->324599K(669696K), 0.0018338 secs] [Times: user=0.01 sys=0.00, real=0.00 secs] 
719.952: [GC (Allocation Failure) [PSYoungGen: 99136K->1936K(100352K)] 423415K->326727K(669184K), 0.0040383 secs] [Times: user=0.02 sys=0.01, real=0.00 secs] 
722.082: [GC (Allocation Failure) [PSYoungGen: 100240K->1376K(99328K)] 425031K->326183K(668160K), 0.0042878 secs] [Times: user=0.02 sys=0.00, real=0.00 secs] 
722.676: [GC (Allocation Failure) [PSYoungGen: 99168K->320K(97792K)] 423975K->326151K(666624K), 0.0022275 secs] [Times: user=0.00 sys=0.00, real=0.00 secs] 
724.419: [GC (Allocation Failure) [PSYoungGen: 97600K->1440K(99328K)] 423431K->327279K(668160K), 0.0023055 secs] [Times: user=0.01 sys=0.00, real=0.01 secs] 
725.716: [GC (Allocation Failure) [PSYoungGen: 98208K->1376K(97792K)] 424047K->327223K(666624K), 0.0024577 secs] [Times: user=0.01 sys=0.00, real=0.00 secs] 
726.145: [GC (Allocation Failure) [PSYoungGen: 97632K->1376K(97280K)] 423479K->327223K(666112K), 0.0023640 secs] [Times: user=0.00 sys=0.00, real=0.00 secs] 
727.889: [GC (Allocation Failure) [PSYoungGen: 97120K->1408K(96768K)] 422967K->327255K(665600K), 0.0042113 secs] [Times: user=0.01 sys=0.00, real=0.01 secs] 
729.162: [GC (Allocation Failure) [PSYoungGen: 96640K->1376K(96256K)] 422487K->327223K(665088K), 0.0035491 secs] [Times: user=0.02 sys=0.00, real=0.00 secs] 
730.645: [GC (Allocation Failure) [PSYoungGen: 96096K->1392K(95744K)] 421943K->327239K(664576K), 0.0041123 secs] [Times: user=0.02 sys=0.00, real=0.00 secs] 
732.925: [GC (Allocation Failure) [PSYoungGen: 95600K->1408K(95232K)] 421447K->327255K(664064K), 0.0022912 secs] [Times: user=0.01 sys=0.00, real=0.00 secs] 
733.737: [GC (Allocation Failure) [PSYoungGen: 95104K->1360K(94720K)] 420951K->327223K(663552K), 0.0024378 secs] [Times: user=0.01 sys=0.00, real=0.00 secs] 
734.730: [GC (Allocation Failure) [PSYoungGen: 94544K->1408K(94208K)] 420407K->327271K(663040K), 0.0026791 secs] [Times: user=0.02 sys=0.00, real=0.01 secs] 
737.633: [GC (Allocation Failure) [PSYoungGen: 94080K->1408K(93696K)] 419943K->327271K(662528K), 0.0025996 secs] [Times: user=0.02 sys=0.00, real=0.00 secs] 
738.724: [GC (Allocation Failure) [PSYoungGen: 93568K->1392K(93184K)] 419431K->327255K(662016K), 0.0029042 secs] [Times: user=0.01 sys=0.00, real=0.00 secs] 
739.713: [GC (Allocation Failure) [PSYoungGen: 93040K->1408K(92672K)] 418903K->327271K(661504K), 0.0026446 secs] [Times: user=0.00 sys=0.01, real=0.00 secs] 
741.491: [GC (Allocation Failure) [PSYoungGen: 91784K->1920K(92672K)] 417648K->328295K(661504K), 0.0019657 secs] [Times: user=0.01 sys=0.00, real=0.00 secs] 
741.991: [GC (Allocation Failure) [PSYoungGen: 92544K->352K(91136K)] 418919K->327751K(659968K), 0.0021545 secs] [Times: user=0.01 sys=0.00, real=0.00 secs] 
742.424: [GC (Allocation Failure) [PSYoungGen: 90464K->352K(90112K)] 417863K->327751K(658944K), 0.0019936 secs] [Times: user=0.01 sys=0.00, real=0.00 secs] 
743.088: [GC (Allocation Failure) [PSYoungGen: 89952K->384K(91136K)] 417351K->327799K(659968K), 0.0023827 secs] [Times: user=0.01 sys=0.00, real=0.00 secs] 
744.293: [GC (Allocation Failure) [PSYoungGen: 89472K->1440K(90112K)] 416887K->328855K(658944K), 0.0020580 secs] [Times: user=0.01 sys=0.00, real=0.00 secs] 
744.665: [GC (Allocation Failure) [PSYoungGen: 90016K->1392K(91136K)] 417431K->328807K(659968K), 0.0026815 secs] [Times: user=0.01 sys=0.00, real=0.00 secs] 
745.032: [GC (Allocation Failure) [PSYoungGen: 89968K->1392K(91136K)] 417383K->328823K(659968K), 0.0021339 secs] [Times: user=0.01 sys=0.00, real=0.00 secs] 
746.101: [GC (Allocation Failure) [PSYoungGen: 89968K->1424K(89600K)] 417399K->328871K(658432K), 0.0022589 secs] [Times: user=0.01 sys=0.00, real=0.00 secs] 
746.468: [GC (Allocation Failure) [PSYoungGen: 89488K->1376K(97792K)] 416935K->328823K(666624K), 0.0019411 secs] [Times: user=0.01 sys=0.00, real=0.00 secs] 
747.170: [GC (Allocation Failure) [PSYoungGen: 96608K->1344K(97792K)] 424055K->328791K(666624K), 0.0030900 secs] [Times: user=0.01 sys=0.00, real=0.01 secs] 
748.624: [GC (Allocation Failure) [PSYoungGen: 96576K->1376K(96256K)] 424023K->328839K(665088K), 0.0020715 secs] [Times: user=0.01 sys=0.00, real=0.00 secs] 
749.642: [GC (Allocation Failure) [PSYoungGen: 96096K->1408K(95744K)] 423559K->328871K(664576K), 0.0023945 secs] [Times: user=0.01 sys=0.00, real=0.00 secs] 
750.816: [GC (Allocation Failure) [PSYoungGen: 95616K->1344K(95232K)] 423079K->328815K(664064K), 0.0044790 secs] [Times: user=0.02 sys=0.00, real=0.00 secs] 
752.289: [GC (Allocation Failure) [PSYoungGen: 95040K->1408K(94720K)] 422511K->328879K(663552K), 0.0015985 secs] [Times: user=0.00 sys=0.00, real=0.00 secs] 
752.834: [GC (Allocation Failure) [PSYoungGen: 94592K->1408K(94208K)] 422063K->328879K(663040K), 0.0020323 secs] [Times: user=0.00 sys=0.00, real=0.00 secs] 
753.638: [GC (Allocation Failure) [PSYoungGen: 94080K->1408K(93696K)] 421551K->328879K(662528K), 0.0023501 secs] [Times: user=0.01 sys=0.00, real=0.00 secs] 
755.422: [GC (Allocation Failure) [PSYoungGen: 93568K->1376K(93184K)] 421039K->328847K(662016K), 0.0023939 secs] [Times: user=0.01 sys=0.00, real=0.00 secs] 
756.535: [GC (Allocation Failure) [PSYoungGen: 93024K->1344K(92672K)] 420495K->328815K(661504K), 0.0031699 secs] [Times: user=0.01 sys=0.00, real=0.00 secs] 
757.751: [GC (Allocation Failure) [PSYoungGen: 92480K->1344K(92160K)] 419951K->328815K(660992K), 0.0041400 secs] [Times: user=0.02 sys=0.00, real=0.00 secs] 
759.244: [GC (Allocation Failure) [PSYoungGen: 91968K->1408K(91648K)] 419439K->328887K(660480K), 0.0017793 secs] [Times: user=0.01 sys=0.00, real=0.00 secs] 
759.630: [GC (Allocation Failure) [PSYoungGen: 91520K->1344K(91136K)] 418999K->328823K(659968K), 0.0020466 secs] [Times: user=0.00 sys=0.00, real=0.01 secs] 
760.481: [GC (Allocation Failure) [PSYoungGen: 90944K->1328K(90624K)] 418423K->328807K(659456K), 0.0030356 secs] [Times: user=0.02 sys=0.00, real=0.01 secs] 
762.009: [GC (Allocation Failure) [PSYoungGen: 90416K->1376K(90112K)] 417895K->328863K(658944K), 0.0019677 secs] [Times: user=0.01 sys=0.00, real=0.01 secs] 
762.377: [GC (Allocation Failure) [PSYoungGen: 89952K->1376K(89600K)] 417439K->328863K(658432K), 0.0017308 secs] [Times: user=0.01 sys=0.00, real=0.00 secs] 
762.743: [GC (Allocation Failure) [PSYoungGen: 89440K->1312K(90624K)] 416927K->328799K(659456K), 0.0024851 secs] [Times: user=0.01 sys=0.00, real=0.00 secs] 
765.523: [GC (Allocation Failure) [PSYoungGen: 89888K->1360K(89600K)] 417375K->330919K(658432K), 0.0043025 secs] [Times: user=0.02 sys=0.00, real=0.00 secs] 
767.394: [GC (Allocation Failure) [PSYoungGen: 89424K->288K(88064K)] 418983K->329847K(656896K), 0.0025954 secs] [Times: user=0.01 sys=0.00, real=0.00 secs] 
768.258: [GC (Allocation Failure) [PSYoungGen: 87840K->304K(87552K)] 417399K->329863K(656384K), 0.0029805 secs] [Times: user=0.02 sys=0.00, real=0.00 secs] 
769.147: [GC (Allocation Failure) [PSYoungGen: 87344K->384K(88576K)] 416903K->329943K(657408K), 0.0022069 secs] [Times: user=0.01 sys=0.00, real=0.00 secs] 
770.406: [GC (Allocation Failure) [PSYoungGen: 86912K->1408K(87552K)] 416471K->330967K(656384K), 0.0023513 secs] [Times: user=0.01 sys=0.01, real=0.00 secs] 
770.830: [GC (Allocation Failure) [PSYoungGen: 87424K->1312K(87040K)] 416983K->330879K(655872K), 0.0028354 secs] [Times: user=0.02 sys=0.00, real=0.01 secs] 
771.207: [GC (Allocation Failure) [PSYoungGen: 86816K->1344K(92672K)] 416383K->330911K(661504K), 0.0020989 secs] [Times: user=0.01 sys=0.00, real=0.00 secs] 
772.886: [GC (Allocation Failure) [PSYoungGen: 92480K->1440K(92160K)] 422047K->331007K(660992K), 0.0047965 secs] [Times: user=0.02 sys=0.00, real=0.01 secs] 
773.982: [GC (Allocation Failure) [PSYoungGen: 92064K->1360K(91648K)] 421631K->330927K(660480K), 0.0035339 secs] [Times: user=0.01 sys=0.00, real=0.00 secs] 
774.917: [GC (Allocation Failure) [PSYoungGen: 91472K->1344K(91136K)] 421039K->330919K(659968K), 0.0027403 secs] [Times: user=0.01 sys=0.00, real=0.00 secs] 
776.193: [GC (Allocation Failure) [PSYoungGen: 90944K->1376K(90624K)] 420519K->330951K(659456K), 0.0018837 secs] [Times: user=0.00 sys=0.00, real=0.00 secs] 
776.562: [GC (Allocation Failure) [PSYoungGen: 90464K->1344K(90112K)] 420039K->330919K(658944K), 0.0018686 secs] [Times: user=0.00 sys=0.01, real=0.00 secs] 
776.930: [GC (Allocation Failure) [PSYoungGen: 89920K->1440K(90624K)] 419495K->331023K(659456K), 0.0021259 secs] [Times: user=0.00 sys=0.00, real=0.01 secs] 
778.300: [GC (Allocation Failure) [PSYoungGen: 90016K->1408K(89600K)] 419599K->330991K(658432K), 0.0018572 secs] [Times: user=0.00 sys=0.00, real=0.01 secs] 
779.641: [GC (Allocation Failure) [PSYoungGen: 89472K->1376K(89088K)] 419055K->330959K(657920K), 0.0041500 secs] [Times: user=0.02 sys=0.00, real=0.00 secs] 
780.721: [GC (Allocation Failure) [PSYoungGen: 88928K->1360K(88576K)] 418511K->330951K(657408K), 0.0040879 secs] [Times: user=0.01 sys=0.00, real=0.00 secs] 
783.102: [GC (Allocation Failure) [PSYoungGen: 88400K->1920K(88576K)] 417991K->331511K(657408K), 0.0019957 secs] [Times: user=0.01 sys=0.00, real=0.00 secs] 
784.308: [GC (Allocation Failure) [PSYoungGen: 88448K->1408K(87552K)] 418039K->330999K(656384K), 0.0021977 secs] [Times: user=0.01 sys=0.00, real=0.00 secs] 
785.740: [GC (Allocation Failure) [PSYoungGen: 87424K->1344K(87040K)] 417015K->330935K(655872K), 0.0038122 secs] [Times: user=0.02 sys=0.00, real=0.01 secs] 
786.756: [GC (Allocation Failure) [PSYoungGen: 86848K->1424K(86528K)] 416439K->331015K(655360K), 0.0034985 secs] [Times: user=0.01 sys=0.00, real=0.00 secs] 
787.881: [GC (Allocation Failure) [PSYoungGen: 86416K->1408K(86016K)] 416007K->330999K(654848K), 0.0016109 secs] [Times: user=0.00 sys=0.00, real=0.01 secs] 
788.326: [GC (Allocation Failure) [PSYoungGen: 85888K->1392K(85504K)] 415479K->330983K(654336K), 0.0016676 secs] [Times: user=0.00 sys=0.00, real=0.00 secs] 
789.039: [GC (Allocation Failure) [PSYoungGen: 85360K->1376K(84992K)] 414951K->330967K(653824K), 0.0020976 secs] [Times: user=0.01 sys=0.00, real=0.01 secs] 
790.265: [GC (Allocation Failure) [PSYoungGen: 84832K->1376K(84480K)] 414423K->330983K(653312K), 0.0019876 secs] [Times: user=0.00 sys=0.00, real=0.00 secs] 
790.640: [GC (Allocation Failure) [PSYoungGen: 84320K->1376K(83968K)] 413927K->330983K(652800K), 0.0019112 secs] [Times: user=0.01 sys=0.00, real=0.01 secs] 
790.986: [GC (Allocation Failure) [PSYoungGen: 83808K->1376K(84992K)] 413415K->331007K(653824K), 0.0027982 secs] [Times: user=0.01 sys=0.00, real=0.00 secs] 
792.159: [GC (Allocation Failure) [PSYoungGen: 84320K->160K(82944K)] 413951K->329791K(651776K), 0.0017087 secs] [Times: user=0.00 sys=0.01, real=0.01 secs] 
793.617: [GC (Allocation Failure) [PSYoungGen: 82592K->1408K(83968K)] 412223K->331039K(652800K), 0.0037774 secs] [Times: user=0.01 sys=0.01, real=0.00 secs] 
794.483: [GC (Allocation Failure) [PSYoungGen: 83328K->1408K(82944K)] 412959K->331047K(651776K), 0.0032325 secs] [Times: user=0.01 sys=0.00, real=0.00 secs] 
795.381: [GC (Allocation Failure) [PSYoungGen: 82816K->1376K(82432K)] 412455K->331015K(651264K), 0.0041214 secs] [Times: user=0.01 sys=0.00, real=0.00 secs] 
797.236: [GC (Allocation Failure) [PSYoungGen: 82272K->1408K(81920K)] 411911K->331047K(650752K), 0.0034903 secs] [Times: user=0.02 sys=0.00, real=0.00 secs] 
798.534: [GC (Allocation Failure) [PSYoungGen: 81792K->1376K(81408K)] 411431K->331015K(650240K), 0.0075055 secs] [Times: user=0.03 sys=0.00, real=0.01 secs] 
799.452: [GC (Allocation Failure) [PSYoungGen: 81248K->1376K(80896K)] 410887K->331023K(649728K), 0.0033024 secs] [Times: user=0.01 sys=0.00, real=0.00 secs] 
800.555: [GC (Allocation Failure) [PSYoungGen: 80668K->240K(79360K)] 410315K->329887K(648192K), 0.0039591 secs] [Times: user=0.02 sys=0.00, real=0.00 secs] 
801.640: [GC (Allocation Failure) [PSYoungGen: 79088K->1376K(79872K)] 408735K->331023K(648704K), 0.0018658 secs] [Times: user=0.00 sys=0.00, real=0.01 secs] 
801.965: [GC (Allocation Failure) [PSYoungGen: 79712K->1408K(86016K)] 409359K->331055K(654848K), 0.0023731 secs] [Times: user=0.01 sys=0.01, real=0.00 secs] 
802.316: [GC (Allocation Failure) [PSYoungGen: 85376K->1440K(87040K)] 415023K->331087K(655872K), 0.0023347 secs] [Times: user=0.01 sys=0.00, real=0.00 secs] 
803.377: [GC (Allocation Failure) [PSYoungGen: 86432K->1392K(87040K)] 416079K->331039K(655872K), 0.0017896 secs] [Times: user=0.00 sys=0.00, real=0.00 secs] 
803.729: [GC (Allocation Failure) [PSYoungGen: 86384K->1344K(93696K)] 416031K->330991K(662528K), 0.0020490 secs] [Times: user=0.00 sys=0.00, real=0.01 secs] 
804.110: [GC (Allocation Failure) [PSYoungGen: 92992K->1376K(93696K)] 422639K->331023K(662528K), 0.0028915 secs] [Times: user=0.01 sys=0.00, real=0.01 secs] 
805.241: [GC (Allocation Failure) [PSYoungGen: 93024K->1472K(100864K)] 422671K->331119K(669696K), 0.0020420 secs] [Times: user=0.01 sys=0.00, real=0.00 secs] 
805.775: [GC (Allocation Failure) [PSYoungGen: 100800K->1376K(101888K)] 430447K->331023K(670720K), 0.0018108 secs] [Times: user=0.01 sys=0.00, real=0.00 secs] 
806.596: [GC (Allocation Failure) [PSYoungGen: 101216K->1376K(109568K)] 430863K->331023K(678400K), 0.0036387 secs] [Times: user=0.01 sys=0.00, real=0.00 secs] 
808.110: [GC (Allocation Failure) [PSYoungGen: 108896K->1376K(108544K)] 438543K->331031K(677376K), 0.0018734 secs] [Times: user=0.01 sys=0.00, real=0.01 secs] 
808.563: [GC (Allocation Failure) [PSYoungGen: 108384K->1376K(108032K)] 438039K->331031K(676864K), 0.0019967 secs] [Times: user=0.01 sys=0.00, real=0.00 secs] 
809.054: [GC (Allocation Failure) [PSYoungGen: 107872K->1376K(107520K)] 437527K->331031K(676352K), 0.0019271 secs] [Times: user=0.01 sys=0.00, real=0.00 secs] 
811.674: [GC (Allocation Failure) [PSYoungGen: 107360K->1440K(107008K)] 437015K->331095K(675840K), 0.0040247 secs] [Times: user=0.01 sys=0.00, real=0.00 secs] 
812.630: [GC (Allocation Failure) [PSYoungGen: 106912K->1408K(106496K)] 436567K->331063K(675328K), 0.0032554 secs] [Times: user=0.02 sys=0.00, real=0.01 secs] 
815.068: [GC (Allocation Failure) [PSYoungGen: 106368K->1392K(105984K)] 436023K->333095K(674816K), 0.0036039 secs] [Times: user=0.01 sys=0.00, real=0.01 secs] 
816.781: [GC (Allocation Failure) [PSYoungGen: 105840K->320K(104448K)] 437543K->332023K(673280K), 0.0022688 secs] [Times: user=0.01 sys=0.00, real=0.00 secs] 
817.314: [GC (Allocation Failure) [PSYoungGen: 104256K->352K(104960K)] 435959K->332055K(673792K), 0.0020437 secs] [Times: user=0.01 sys=0.00, real=0.00 secs] 
819.325: [GC (Allocation Failure) [PSYoungGen: 103776K->1408K(104448K)] 435479K->333111K(673280K), 0.0018764 secs] [Times: user=0.00 sys=0.00, real=0.00 secs] 
820.547: [GC (Allocation Failure) [PSYoungGen: 104320K->1376K(103936K)] 436023K->333079K(672768K), 0.0024651 secs] [Times: user=0.01 sys=0.00, real=0.00 secs] 
821.047: [GC (Allocation Failure) [PSYoungGen: 103776K->1376K(103424K)] 435479K->333087K(672256K), 0.0024534 secs] [Times: user=0.00 sys=0.01, real=0.00 secs] 
822.705: [GC (Allocation Failure) [PSYoungGen: 103264K->1424K(102912K)] 434975K->333143K(671744K), 0.0019165 secs] [Times: user=0.01 sys=0.00, real=0.00 secs] 
823.150: [GC (Allocation Failure) [PSYoungGen: 102800K->1376K(102400K)] 434519K->333095K(671232K), 0.0021122 secs] [Times: user=0.01 sys=0.00, real=0.01 secs] 
823.749: [GC (Allocation Failure) [PSYoungGen: 102240K->1376K(101888K)] 433959K->333095K(670720K), 0.0022169 secs] [Times: user=0.00 sys=0.00, real=0.01 secs] 
825.620: [GC (Allocation Failure) [PSYoungGen: 101728K->1392K(101376K)] 433447K->333111K(670208K), 0.0047962 secs] [Times: user=0.02 sys=0.00, real=0.01 secs] 
826.662: [GC (Allocation Failure) [PSYoungGen: 101232K->1344K(100864K)] 432951K->333063K(669696K), 0.0032310 secs] [Times: user=0.01 sys=0.00, real=0.00 secs] 
827.593: [GC (Allocation Failure) [PSYoungGen: 100646K->240K(99328K)] 432366K->331959K(668160K), 0.0033378 secs] [Times: user=0.02 sys=0.01, real=0.00 secs] 
829.404: [GC (Allocation Failure) [PSYoungGen: 99056K->1408K(99840K)] 430775K->333127K(668672K), 0.0040789 secs] [Times: user=0.02 sys=0.00, real=0.00 secs] 
830.525: [GC (Allocation Failure) [PSYoungGen: 99712K->1376K(99328K)] 431431K->333095K(668160K), 0.0030146 secs] [Times: user=0.01 sys=0.00, real=0.00 secs] 
832.391: [GC (Allocation Failure) [PSYoungGen: 99168K->1920K(99328K)] 430887K->333647K(668160K), 0.0019600 secs] [Times: user=0.00 sys=0.00, real=0.01 secs] 
832.791: [GC (Allocation Failure) [PSYoungGen: 99200K->1408K(98304K)] 430927K->333143K(667136K), 0.0019093 secs] [Times: user=0.00 sys=0.00, real=0.00 secs] 
833.207: [GC (Allocation Failure) [PSYoungGen: 98176K->1440K(98304K)] 429911K->333175K(667136K), 0.0020086 secs] [Times: user=0.01 sys=0.00, real=0.00 secs] 
834.810: [GC (Allocation Failure) [PSYoungGen: 97696K->2432K(98304K)] 429431K->335191K(667136K), 0.0023489 secs] [Times: user=0.01 sys=0.00, real=0.01 secs] 
835.542: [GC (Allocation Failure) [PSYoungGen: 98176K->1408K(96768K)] 430935K->334167K(665600K), 0.0026372 secs] [Times: user=0.01 sys=0.00, real=0.00 secs] 
836.009: [GC (Allocation Failure) [PSYoungGen: 96640K->1408K(96256K)] 429399K->334167K(665088K), 0.0020215 secs] [Times: user=0.01 sys=0.00, real=0.01 secs] 
838.180: [GC (Allocation Failure) [PSYoungGen: 96128K->1408K(96256K)] 428887K->334175K(665088K), 0.0043126 secs] [Times: user=0.02 sys=0.00, real=0.01 secs] 
839.322: [GC (Allocation Failure) [PSYoungGen: 95616K->1408K(95232K)] 428383K->334183K(664064K), 0.0034069 secs] [Times: user=0.01 sys=0.00, real=0.00 secs] 
840.270: [GC (Allocation Failure) [PSYoungGen: 95104K->1376K(94720K)] 427879K->334151K(663552K), 0.0028941 secs] [Times: user=0.01 sys=0.00, real=0.01 secs] 
841.860: [GC (Allocation Failure) [PSYoungGen: 94560K->1408K(94208K)] 427335K->335215K(663040K), 0.0018951 secs] [Times: user=0.01 sys=0.00, real=0.01 secs] 
842.833: [GC (Allocation Failure) [PSYoungGen: 94080K->384K(93696K)] 427887K->334191K(662528K), 0.0024519 secs] [Times: user=0.01 sys=0.00, real=0.00 secs] 
843.919: [GC (Allocation Failure) [PSYoungGen: 92544K->368K(92160K)] 426351K->334175K(660992K), 0.0032407 secs] [Times: user=0.01 sys=0.00, real=0.01 secs] 
845.636: [GC (Allocation Failure) [PSYoungGen: 92016K->2480K(93696K)] 425823K->336295K(662528K), 0.0014487 secs] [Times: user=0.00 sys=0.00, real=0.00 secs] 
846.487: [GC (Allocation Failure) [PSYoungGen: 93616K->1408K(92160K)] 427431K->335223K(660992K), 0.0023186 secs] [Times: user=0.01 sys=0.00, real=0.00 secs] 
846.934: [GC (Allocation Failure) [PSYoungGen: 92032K->1376K(92160K)] 425847K->335191K(660992K), 0.0020728 secs] [Times: user=0.01 sys=0.00, real=0.00 secs] 
847.371: [GC (Allocation Failure) [PSYoungGen: 91488K->1344K(91136K)] 425303K->335175K(659968K), 0.0021008 secs] [Times: user=0.01 sys=0.00, real=0.00 secs] 
849.103: [GC (Allocation Failure) [PSYoungGen: 90944K->1408K(91136K)] 424775K->335247K(659968K), 0.0029342 secs] [Times: user=0.01 sys=0.00, real=0.00 secs] 
850.189: [GC (Allocation Failure) [PSYoungGen: 90496K->1344K(90112K)] 424335K->335183K(658944K), 0.0036517 secs] [Times: user=0.01 sys=0.00, real=0.01 secs] 
851.346: [GC (Allocation Failure) [PSYoungGen: 89920K->1408K(89600K)] 423759K->335255K(658432K), 0.0035052 secs] [Times: user=0.02 sys=0.00, real=0.00 secs] 
853.440: [GC (Allocation Failure) [PSYoungGen: 89472K->1408K(89088K)] 423319K->335255K(657920K), 0.0031581 secs] [Times: user=0.01 sys=0.00, real=0.01 secs] 
854.552: [GC (Allocation Failure) [PSYoungGen: 88960K->1376K(88576K)] 422807K->335223K(657408K), 0.0034171 secs] [Times: user=0.02 sys=0.00, real=0.00 secs] 
855.336: [GC (Allocation Failure) [PSYoungGen: 88416K->1376K(88064K)] 422263K->335239K(656896K), 0.0042206 secs] [Times: user=0.01 sys=0.00, real=0.00 secs] 
856.847: [GC (Allocation Failure) [PSYoungGen: 87904K->1376K(87552K)] 421767K->335247K(656384K), 0.0019184 secs] [Times: user=0.01 sys=0.00, real=0.00 secs] 
857.575: [GC (Allocation Failure) [PSYoungGen: 87392K->1344K(87040K)] 421263K->335215K(655872K), 0.0030254 secs] [Times: user=0.01 sys=0.00, real=0.00 secs] 
858.285: [GC (Allocation Failure) [PSYoungGen: 86848K->1408K(86528K)] 420719K->335279K(655360K), 0.0025850 secs] [Times: user=0.02 sys=0.00, real=0.00 secs] 
859.543: [GC (Allocation Failure) [PSYoungGen: 86400K->1408K(86016K)] 420271K->335279K(654848K), 0.0019802 secs] [Times: user=0.01 sys=0.00, real=0.00 secs] 
860.258: [GC (Allocation Failure) [PSYoungGen: 85888K->1392K(85504K)] 419759K->335279K(654336K), 0.0018321 secs] [Times: user=0.01 sys=0.00, real=0.00 secs] 
860.979: [GC (Allocation Failure) [PSYoungGen: 85360K->1360K(84992K)] 419247K->335255K(653824K), 0.0030795 secs] [Times: user=0.01 sys=0.00, real=0.01 secs] 
861.750: [GC (Allocation Failure) [PSYoungGen: 84816K->1376K(84480K)] 418711K->335271K(653312K), 0.0027172 secs] [Times: user=0.02 sys=0.00, real=0.01 secs] 
863.117: [GC (Allocation Failure) [PSYoungGen: 84320K->1408K(83968K)] 418215K->335303K(652800K), 0.0021878 secs] [Times: user=0.01 sys=0.00, real=0.00 secs] 
863.478: [GC (Allocation Failure) [PSYoungGen: 83840K->1408K(83456K)] 417735K->335311K(652288K), 0.0023578 secs] [Times: user=0.01 sys=0.01, real=0.01 secs] 
864.294: [GC (Allocation Failure) [PSYoungGen: 83328K->1376K(82944K)] 417231K->335303K(651776K), 0.0031148 secs] [Times: user=0.01 sys=0.00, real=0.00 secs] 
865.987: [GC (Allocation Failure) [PSYoungGen: 82784K->1408K(82432K)] 416711K->335335K(651264K), 0.0019283 secs] [Times: user=0.01 sys=0.01, real=0.00 secs] 
866.894: [GC (Allocation Failure) [PSYoungGen: 82304K->1376K(81920K)] 416231K->335303K(650752K), 0.0034532 secs] [Times: user=0.02 sys=0.00, real=0.00 secs] 
867.492: [GC (Allocation Failure) [PSYoungGen: 81760K->1376K(81408K)] 415687K->335303K(650240K), 0.0023648 secs] [Times: user=0.01 sys=0.00, real=0.00 secs] 
868.240: [GC (Allocation Failure) [PSYoungGen: 81248K->1376K(80896K)] 415175K->335319K(649728K), 0.0021331 secs] [Times: user=0.01 sys=0.00, real=0.01 secs] 
869.405: [GC (Allocation Failure) [PSYoungGen: 80736K->1440K(80384K)] 414679K->335391K(649216K), 0.0021409 secs] [Times: user=0.01 sys=0.00, real=0.00 secs] 
869.744: [GC (Allocation Failure) [PSYoungGen: 80288K->1344K(79872K)] 414239K->335319K(648704K), 0.0021984 secs] [Times: user=0.01 sys=0.00, real=0.00 secs] 
870.106: [GC (Allocation Failure) [PSYoungGen: 79680K->1376K(80896K)] 413655K->335351K(649728K), 0.0020293 secs] [Times: user=0.01 sys=0.00, real=0.00 secs] 
871.654: [GC (Allocation Failure) [PSYoungGen: 80736K->1376K(80384K)] 414711K->335351K(649216K), 0.0039464 secs] [Times: user=0.01 sys=0.01, real=0.00 secs] 
873.240: [GC (Allocation Failure) [PSYoungGen: 80224K->384K(79360K)] 414199K->335383K(648192K), 0.0031983 secs] [Times: user=0.02 sys=0.00, real=0.01 secs] 
874.495: [GC (Allocation Failure) [PSYoungGen: 78720K->384K(78336K)] 413719K->335383K(647168K), 0.0025167 secs] [Times: user=0.01 sys=0.00, real=0.00 secs] 
875.020: [GC (Allocation Failure) [PSYoungGen: 78208K->384K(78848K)] 413207K->335383K(647680K), 0.0019183 secs] [Times: user=0.01 sys=0.00, real=0.01 secs] 
876.554: [GC (Allocation Failure) [PSYoungGen: 77696K->1392K(78336K)] 412695K->336391K(647168K), 0.0019749 secs] [Times: user=0.01 sys=0.00, real=0.00 secs] 
877.212: [GC (Allocation Failure) [PSYoungGen: 78192K->1376K(77824K)] 413191K->336375K(646656K), 0.0022576 secs] [Times: user=0.01 sys=0.00, real=0.00 secs] 
877.893: [GC (Allocation Failure) [PSYoungGen: 77664K->1376K(77312K)] 412663K->336375K(646144K), 0.0024350 secs] [Times: user=0.01 sys=0.00, real=0.00 secs] 
878.620: [GC (Allocation Failure) [PSYoungGen: 77152K->1376K(76800K)] 412151K->336383K(645632K), 0.0030201 secs] [Times: user=0.01 sys=0.00, real=0.01 secs] 
880.026: [GC (Allocation Failure) [PSYoungGen: 76640K->1376K(76288K)] 411647K->336391K(645120K), 0.0021021 secs] [Times: user=0.01 sys=0.00, real=0.00 secs] 
880.822: [GC (Allocation Failure) [PSYoungGen: 76128K->1376K(75776K)] 411143K->336391K(644608K), 0.0034305 secs] [Times: user=0.01 sys=0.00, real=0.00 secs] 
881.417: [GC (Allocation Failure) [PSYoungGen: 75616K->1360K(76288K)] 410631K->336375K(645120K), 0.0025416 secs] [Times: user=0.01 sys=0.00, real=0.00 secs] 
882.708: [GC (Allocation Failure) [PSYoungGen: 75600K->1408K(76288K)] 410615K->337447K(645120K), 0.0018413 secs] [Times: user=0.01 sys=0.00, real=0.00 secs] 
883.017: [GC (Allocation Failure) [PSYoungGen: 75648K->384K(76288K)] 411687K->336431K(645120K), 0.0017194 secs] [Times: user=0.01 sys=0.00, real=0.00 secs] 
883.325: [GC (Allocation Failure) [PSYoungGen: 74624K->352K(76288K)] 410671K->336399K(645120K), 0.0018609 secs] [Times: user=0.01 sys=0.00, real=0.00 secs] 
883.633: [GC (Allocation Failure) [PSYoungGen: 74592K->352K(76288K)] 410639K->336399K(645120K), 0.0017138 secs] [Times: user=0.01 sys=0.00, real=0.00 secs] 
884.708: [GC (Allocation Failure) [PSYoungGen: 74592K->1376K(81920K)] 410639K->337423K(650752K), 0.0020448 secs] [Times: user=0.00 sys=0.00, real=0.00 secs] 
885.406: [GC (Allocation Failure) [PSYoungGen: 81248K->1392K(80896K)] 417295K->337439K(649728K), 0.0019838 secs] [Times: user=0.00 sys=0.00, real=0.00 secs] 
886.196: [GC (Allocation Failure) [PSYoungGen: 80752K->1376K(80896K)] 416799K->337431K(649728K), 0.0024327 secs] [Times: user=0.01 sys=0.00, real=0.00 secs] 
887.257: [GC (Allocation Failure) [PSYoungGen: 80224K->1376K(79872K)] 416279K->337431K(648704K), 0.0025761 secs] [Times: user=0.01 sys=0.00, real=0.00 secs] 
889.105: [GC (Allocation Failure) [PSYoungGen: 79712K->1440K(79872K)] 415767K->337495K(648704K), 0.0033481 secs] [Times: user=0.01 sys=0.00, real=0.00 secs] 
890.032: [GC (Allocation Failure) [PSYoungGen: 79264K->1344K(78848K)] 415319K->337399K(647680K), 0.0029370 secs] [Times: user=0.02 sys=0.00, real=0.00 secs] 
890.756: [GC (Allocation Failure) [PSYoungGen: 78656K->1376K(78848K)] 414711K->337431K(647680K), 0.0042693 secs] [Times: user=0.02 sys=0.00, real=0.00 secs] 
892.574: [GC (Allocation Failure) [PSYoungGen: 77722K->1680K(78336K)] 413777K->337735K(647168K), 0.0023946 secs] [Times: user=0.01 sys=0.00, real=0.00 secs] 
894.282: [GC (Allocation Failure) [PSYoungGen: 77968K->1440K(77824K)] 414023K->337503K(646656K), 0.0031927 secs] [Times: user=0.01 sys=0.00, real=0.00 secs] 
894.876: [GC (Allocation Failure) [PSYoungGen: 77216K->1344K(76800K)] 413279K->337407K(645632K), 0.0023449 secs] [Times: user=0.01 sys=0.00, real=0.00 secs] 
895.465: [GC (Allocation Failure) [PSYoungGen: 76608K->1376K(76288K)] 412671K->337439K(645120K), 0.0020531 secs] [Times: user=0.01 sys=0.00, real=0.00 secs] 
896.752: [GC (Allocation Failure) [PSYoungGen: 76128K->1408K(75776K)] 412191K->337471K(644608K), 0.0019742 secs] [Times: user=0.00 sys=0.00, real=0.00 secs] 
897.238: [GC (Allocation Failure) [PSYoungGen: 75648K->1376K(75776K)] 411711K->337439K(644608K), 0.0024430 secs] [Times: user=0.01 sys=0.00, real=0.00 secs] 
897.754: [GC (Allocation Failure) [PSYoungGen: 75616K->1376K(76288K)] 411679K->337439K(645120K), 0.0027102 secs] [Times: user=0.01 sys=0.00, real=0.00 secs] 
898.859: [GC (Allocation Failure) [PSYoungGen: 75616K->1344K(76288K)] 411679K->337415K(645120K), 0.0035714 secs] [Times: user=0.01 sys=0.00, real=0.01 secs] 
901.050: [GC (Allocation Failure) [PSYoungGen: 75584K->1408K(76288K)] 411655K->337479K(645120K), 0.0030710 secs] [Times: user=0.01 sys=0.00, real=0.01 secs] 
902.083: [GC (Allocation Failure) [PSYoungGen: 75648K->1376K(76288K)] 411719K->337447K(645120K), 0.0039283 secs] [Times: user=0.01 sys=0.00, real=0.00 secs] 
902.672: [GC (Allocation Failure) [PSYoungGen: 75616K->1392K(76288K)] 411687K->337463K(645120K), 0.0027525 secs] [Times: user=0.01 sys=0.00, real=0.00 secs] 
903.226: [GC (Allocation Failure) [PSYoungGen: 75632K->1344K(76288K)] 411703K->337415K(645120K), 0.0027515 secs] [Times: user=0.02 sys=0.00, real=0.00 secs] 
905.578: [GC (Allocation Failure) [PSYoungGen: 75584K->1408K(76288K)] 411655K->337487K(645120K), 0.0033492 secs] [Times: user=0.01 sys=0.00, real=0.01 secs] 
906.370: [GC (Allocation Failure) [PSYoungGen: 75648K->1408K(76288K)] 411727K->337487K(645120K), 0.0023010 secs] [Times: user=0.01 sys=0.00, real=0.01 secs] 
907.281: [GC (Allocation Failure) [PSYoungGen: 75648K->1408K(76288K)] 411727K->337487K(645120K), 0.0028589 secs] [Times: user=0.01 sys=0.00, real=0.00 secs] 
908.162: [GC (Allocation Failure) [PSYoungGen: 75648K->1312K(76288K)] 411727K->337399K(645120K), 0.0028245 secs] [Times: user=0.01 sys=0.00, real=0.00 secs] 
909.775: [GC (Allocation Failure) [PSYoungGen: 75552K->1376K(76288K)] 411639K->337471K(645120K), 0.0020305 secs] [Times: user=0.01 sys=0.00, real=0.00 secs] 
910.378: [GC (Allocation Failure) [PSYoungGen: 75616K->1376K(76288K)] 411711K->337471K(645120K), 0.0021304 secs] [Times: user=0.01 sys=0.00, real=0.00 secs] 
910.687: [GC (Allocation Failure) [PSYoungGen: 75616K->1344K(76288K)] 411711K->337439K(645120K), 0.0019525 secs] [Times: user=0.01 sys=0.00, real=0.00 secs] 
911.873: [GC (Allocation Failure) [PSYoungGen: 75584K->1472K(76288K)] 411679K->337567K(645120K), 0.0015541 secs] [Times: user=0.01 sys=0.00, real=0.00 secs] 
912.511: [GC (Allocation Failure) [PSYoungGen: 75712K->1344K(76288K)] 411807K->337439K(645120K), 0.0023164 secs] [Times: user=0.01 sys=0.00, real=0.00 secs] 
912.819: [GC (Allocation Failure) [PSYoungGen: 75584K->1376K(76288K)] 411679K->337471K(645120K), 0.0023737 secs] [Times: user=0.01 sys=0.00, real=0.01 secs] 
913.128: [GC (Allocation Failure) [PSYoungGen: 75616K->1344K(76288K)] 411711K->337439K(645120K), 0.0020010 secs] [Times: user=0.01 sys=0.00, real=0.00 secs] 
914.604: [GC (Allocation Failure) [PSYoungGen: 75584K->1440K(81920K)] 411679K->339583K(650752K), 0.0031855 secs] [Times: user=0.01 sys=0.01, real=0.00 secs] 
916.245: [GC (Allocation Failure) [PSYoungGen: 81824K->368K(80384K)] 419967K->338511K(649216K), 0.0030781 secs] [Times: user=0.01 sys=0.00, real=0.00 secs] 
917.244: [GC (Allocation Failure) [PSYoungGen: 80240K->352K(80896K)] 418383K->338495K(649728K), 0.0036986 secs] [Times: user=0.02 sys=0.01, real=0.00 secs] 
917.749: [GC (Allocation Failure) [PSYoungGen: 79712K->352K(81408K)] 417855K->338495K(650240K), 0.0024134 secs] [Times: user=0.01 sys=0.00, real=0.01 secs] 
919.189: [GC (Allocation Failure) [PSYoungGen: 79712K->1408K(80384K)] 417855K->339567K(649216K), 0.0021310 secs] [Times: user=0.01 sys=0.00, real=0.01 secs] 
919.517: [GC (Allocation Failure) [PSYoungGen: 80256K->1408K(87040K)] 418415K->339567K(655872K), 0.0020621 secs] [Times: user=0.01 sys=0.00, real=0.00 secs] 
920.068: [GC (Allocation Failure) [PSYoungGen: 86400K->1344K(87040K)] 424559K->339503K(655872K), 0.0020166 secs] [Times: user=0.01 sys=0.00, real=0.00 secs] 
921.624: [GC (Allocation Failure) [PSYoungGen: 86336K->1472K(86016K)] 424495K->341679K(654848K), 0.0019990 secs] [Times: user=0.00 sys=0.00, real=0.00 secs] 
922.397: [GC (Allocation Failure) [PSYoungGen: 85952K->1376K(85504K)] 426159K->341583K(654336K), 0.0020407 secs] [Times: user=0.01 sys=0.00, real=0.00 secs] 
923.289: [GC (Allocation Failure) [PSYoungGen: 85344K->1376K(84992K)] 425551K->341583K(653824K), 0.0022955 secs] [Times: user=0.01 sys=0.00, real=0.01 secs] 
924.416: [GC (Allocation Failure) [PSYoungGen: 84832K->1376K(84480K)] 425039K->341583K(653312K), 0.0027764 secs] [Times: user=0.01 sys=0.00, real=0.00 secs] 
925.791: [GC (Allocation Failure) [PSYoungGen: 84320K->1408K(83968K)] 424527K->341615K(652800K), 0.0019729 secs] [Times: user=0.01 sys=0.00, real=0.00 secs] 
926.157: [GC (Allocation Failure) [PSYoungGen: 83840K->1392K(83456K)] 424047K->341599K(652288K), 0.0021440 secs] [Times: user=0.01 sys=0.01, real=0.00 secs] 
926.700: [GC (Allocation Failure) [PSYoungGen: 83312K->1376K(82944K)] 423519K->341583K(651776K), 0.0022873 secs] [Times: user=0.01 sys=0.00, real=0.01 secs] 
928.212: [GC (Allocation Failure) [PSYoungGen: 82784K->1408K(82432K)] 422991K->341615K(651264K), 0.0020453 secs] [Times: user=0.00 sys=0.00, real=0.00 secs] 
928.750: [GC (Allocation Failure) [PSYoungGen: 82304K->1360K(81920K)] 422511K->341575K(650752K), 0.0024065 secs] [Times: user=0.01 sys=0.00, real=0.01 secs] 
929.163: [GC (Allocation Failure) [PSYoungGen: 81744K->1376K(81408K)] 421959K->341591K(650240K), 0.0020927 secs] [Times: user=0.00 sys=0.00, real=0.00 secs] 
929.913: [GC (Allocation Failure) [PSYoungGen: 81248K->1344K(80896K)] 421463K->341559K(649728K), 0.0024212 secs] [Times: user=0.00 sys=0.01, real=0.00 secs] 
931.035: [GC (Allocation Failure) [PSYoungGen: 80704K->1408K(80384K)] 420919K->341623K(649216K), 0.0018572 secs] [Times: user=0.01 sys=0.00, real=0.00 secs] 
931.362: [GC (Allocation Failure) [PSYoungGen: 80256K->1376K(79872K)] 420471K->341591K(648704K), 0.0017727 secs] [Times: user=0.00 sys=0.00, real=0.00 secs] 
931.687: [GC (Allocation Failure) [PSYoungGen: 79712K->1376K(80384K)] 419927K->341591K(649216K), 0.0020302 secs] [Times: user=0.00 sys=0.00, real=0.00 secs] 
932.822: [GC (Allocation Failure) [PSYoungGen: 79712K->1472K(79360K)] 419927K->341687K(648192K), 0.0019339 secs] [Times: user=0.01 sys=0.00, real=0.00 secs] 
933.212: [GC (Allocation Failure) [PSYoungGen: 79296K->1376K(79872K)] 419511K->341591K(648704K), 0.0019841 secs] [Times: user=0.00 sys=0.00, real=0.00 secs] 
933.689: [GC (Allocation Failure) [PSYoungGen: 79200K->1408K(79872K)] 419415K->341631K(648704K), 0.0021967 secs] [Times: user=0.01 sys=0.00, real=0.01 secs] 
934.376: [GC (Allocation Failure) [PSYoungGen: 79232K->1440K(86528K)] 419455K->341663K(655360K), 0.0033463 secs] [Times: user=0.01 sys=0.00, real=0.00 secs] 
936.681: [GC (Allocation Failure) [PSYoungGen: 85920K->1440K(85504K)] 426143K->341671K(654336K), 0.0044808 secs] [Times: user=0.02 sys=0.00, real=0.00 secs] 
937.467: [GC (Allocation Failure) [PSYoungGen: 85408K->1440K(84992K)] 425639K->341671K(653824K), 0.0027458 secs] [Times: user=0.01 sys=0.00, real=0.00 secs] 
938.388: [GC (Allocation Failure) [PSYoungGen: 84896K->1376K(84480K)] 425127K->341607K(653312K), 0.0039786 secs] [Times: user=0.02 sys=0.00, real=0.01 secs] 
940.029: [GC (Allocation Failure) [PSYoungGen: 84320K->1440K(83968K)] 424551K->341671K(652800K), 0.0018763 secs] [Times: user=0.01 sys=0.00, real=0.01 secs] 
940.627: [GC (Allocation Failure) [PSYoungGen: 83872K->1392K(83456K)] 424103K->341623K(652288K), 0.0016629 secs] [Times: user=0.00 sys=0.00, real=0.00 secs] 
941.316: [GC (Allocation Failure) [PSYoungGen: 83312K->1408K(82944K)] 423543K->341639K(651776K), 0.0029377 secs] [Times: user=0.01 sys=0.00, real=0.00 secs] 
941.971: [GC (Allocation Failure) [PSYoungGen: 82816K->1376K(82432K)] 423047K->341607K(651264K), 0.0028436 secs] [Times: user=0.01 sys=0.00, real=0.00 secs] 
943.221: [GC (Allocation Failure) [PSYoungGen: 82272K->1440K(81920K)] 422503K->341671K(650752K), 0.0019275 secs] [Times: user=0.01 sys=0.00, real=0.00 secs] 
943.840: [GC (Allocation Failure) [PSYoungGen: 81824K->1408K(81408K)] 422055K->341639K(650240K), 0.0024134 secs] [Times: user=0.01 sys=0.00, real=0.01 secs] 
944.538: [GC (Allocation Failure) [PSYoungGen: 81280K->1408K(80896K)] 421511K->341639K(649728K), 0.0028576 secs] [Times: user=0.01 sys=0.00, real=0.01 secs] 
946.229: [GC (Allocation Failure) [PSYoungGen: 80768K->1408K(80384K)] 420999K->341639K(649216K), 0.0023293 secs] [Times: user=0.01 sys=0.01, real=0.01 secs] 
946.925: [GC (Allocation Failure) [PSYoungGen: 80256K->1472K(79872K)] 420487K->341703K(648704K), 0.0041513 secs] [Times: user=0.02 sys=0.00, real=0.00 secs] 
947.606: [GC (Allocation Failure) [PSYoungGen: 79808K->1408K(79360K)] 420039K->341639K(648192K), 0.0028606 secs] [Times: user=0.02 sys=0.00, real=0.00 secs] 
948.318: [GC (Allocation Failure) [PSYoungGen: 79232K->1408K(78848K)] 419463K->341647K(647680K), 0.0029118 secs] [Times: user=0.00 sys=0.00, real=0.01 secs] 
949.855: [GC (Allocation Failure) [PSYoungGen: 78720K->1440K(78336K)] 418959K->341679K(647168K), 0.0021375 secs] [Times: user=0.01 sys=0.01, real=0.00 secs] 
950.282: [GC (Allocation Failure) [PSYoungGen: 78240K->400K(76800K)] 418479K->341663K(645632K), 0.0020530 secs] [Times: user=0.01 sys=0.00, real=0.00 secs] 
950.618: [GC (Allocation Failure) [PSYoungGen: 76688K->352K(78336K)] 417951K->341615K(647168K), 0.0020382 secs] [Times: user=0.01 sys=0.00, real=0.00 secs] 
951.846: [GC (Allocation Failure) [PSYoungGen: 76640K->1440K(77312K)] 417903K->342703K(646144K), 0.0018421 secs] [Times: user=0.00 sys=0.00, real=0.00 secs] 
952.184: [GC (Allocation Failure) [PSYoungGen: 77216K->1376K(83968K)] 418479K->342647K(652800K), 0.0019149 secs] [Times: user=0.00 sys=0.00, real=0.00 secs] 
952.715: [GC (Allocation Failure) [PSYoungGen: 83296K->1408K(82944K)] 424567K->342679K(651776K), 0.0017400 secs] [Times: user=0.00 sys=0.00, real=0.00 secs] 
953.455: [GC (Allocation Failure) [PSYoungGen: 82816K->1376K(82432K)] 424087K->342647K(651264K), 0.0020921 secs] [Times: user=0.01 sys=0.00, real=0.00 secs] 
955.098: [GC (Allocation Failure) [PSYoungGen: 82272K->1440K(81920K)] 423543K->342711K(650752K), 0.0044139 secs] [Times: user=0.02 sys=0.00, real=0.01 secs] 
955.816: [GC (Allocation Failure) [PSYoungGen: 81824K->1408K(81408K)] 423095K->342679K(650240K), 0.0033407 secs] [Times: user=0.01 sys=0.00, real=0.00 secs] 
956.614: [GC (Allocation Failure) [PSYoungGen: 81280K->1392K(80896K)] 422551K->342671K(649728K), 0.0028784 secs] [Times: user=0.01 sys=0.00, real=0.00 secs] 
957.320: [GC (Allocation Failure) [PSYoungGen: 80752K->1408K(80384K)] 422031K->342687K(649216K), 0.0030391 secs] [Times: user=0.01 sys=0.00, real=0.01 secs] 
958.961: [GC (Allocation Failure) [PSYoungGen: 80256K->1472K(79872K)] 421535K->342759K(648704K), 0.0030104 secs] [Times: user=0.01 sys=0.00, real=0.00 secs] 
959.733: [GC (Allocation Failure) [PSYoungGen: 79808K->1344K(79360K)] 421095K->342631K(648192K), 0.0033661 secs] [Times: user=0.01 sys=0.00, real=0.00 secs] 
960.181: [GC (Allocation Failure) [PSYoungGen: 79168K->1408K(79872K)] 420455K->342695K(648704K), 0.0022511 secs] [Times: user=0.01 sys=0.00, real=0.00 secs] 
961.238: [GC (Allocation Failure) [PSYoungGen: 79232K->1440K(78848K)] 420519K->342727K(647680K), 0.0019398 secs] [Times: user=0.01 sys=0.00, real=0.00 secs] 
961.559: [GC (Allocation Failure) [PSYoungGen: 78752K->1440K(79360K)] 420039K->342735K(648192K), 0.0017863 secs] [Times: user=0.01 sys=0.00, real=0.01 secs] 
961.881: [GC (Allocation Failure) [PSYoungGen: 78752K->1392K(79360K)] 420047K->342687K(648192K), 0.0018739 secs] [Times: user=0.00 sys=0.00, real=0.01 secs] 
962.320: [GC (Allocation Failure) [PSYoungGen: 78704K->1376K(86016K)] 419999K->342671K(654848K), 0.0020279 secs] [Times: user=0.01 sys=0.00, real=0.01 secs] 
963.508: [GC (Allocation Failure) [PSYoungGen: 85344K->1456K(86016K)] 426639K->342751K(654848K), 0.0025416 secs] [Times: user=0.01 sys=0.00, real=0.00 secs] 
963.881: [GC (Allocation Failure) [PSYoungGen: 85424K->1408K(92672K)] 426719K->342703K(661504K), 0.0024482 secs] [Times: user=0.01 sys=0.00, real=0.01 secs] 
964.538: [GC (Allocation Failure) [PSYoungGen: 92032K->1376K(92672K)] 433327K->342671K(661504K), 0.0029786 secs] [Times: user=0.01 sys=0.00, real=0.01 secs] 
966.176: [GC (Allocation Failure) [PSYoungGen: 92000K->1440K(91648K)] 433295K->342735K(660480K), 0.0024091 secs] [Times: user=0.01 sys=0.00, real=0.00 secs] 
966.583: [GC (Allocation Failure) [PSYoungGen: 91552K->1408K(99840K)] 432847K->342719K(668672K), 0.0022286 secs] [Times: user=0.00 sys=0.00, real=0.00 secs] 
967.130: [GC (Allocation Failure) [PSYoungGen: 99200K->1440K(99840K)] 440511K->342751K(668672K), 0.0021306 secs] [Times: user=0.01 sys=0.00, real=0.01 secs] 
968.830: [GC (Allocation Failure) [PSYoungGen: 99232K->1376K(98816K)] 440543K->342687K(667648K), 0.0024726 secs] [Times: user=0.01 sys=0.00, real=0.01 secs] 
969.669: [GC (Allocation Failure) [PSYoungGen: 98656K->1440K(98304K)] 439967K->342751K(667136K), 0.0026318 secs] [Times: user=0.01 sys=0.00, real=0.01 secs] 
970.722: [GC (Allocation Failure) [PSYoungGen: 98208K->1376K(97792K)] 439519K->342695K(666624K), 0.0028344 secs] [Times: user=0.01 sys=0.00, real=0.00 secs] 
972.229: [GC (Allocation Failure) [PSYoungGen: 97632K->1440K(97280K)] 438951K->342759K(666112K), 0.0029021 secs] [Times: user=0.02 sys=0.00, real=0.01 secs] 
972.726: [GC (Allocation Failure) [PSYoungGen: 97184K->1440K(96768K)] 438503K->342759K(665600K), 0.0021096 secs] [Times: user=0.01 sys=0.00, real=0.00 secs] 
973.478: [GC (Allocation Failure) [PSYoungGen: 96672K->1440K(96256K)] 437991K->342759K(665088K), 0.0031088 secs] [Times: user=0.01 sys=0.00, real=0.01 secs] 
975.043: [GC (Allocation Failure) [PSYoungGen: 96160K->1440K(95744K)] 437479K->342759K(664576K), 0.0018935 secs] [Times: user=0.00 sys=0.00, real=0.00 secs] 
975.857: [GC (Allocation Failure) [PSYoungGen: 95648K->1408K(95232K)] 436967K->342727K(664064K), 0.0020463 secs] [Times: user=0.00 sys=0.00, real=0.00 secs] 
976.569: [GC (Allocation Failure) [PSYoungGen: 95104K->1376K(94720K)] 436423K->342695K(663552K), 0.0020889 secs] [Times: user=0.00 sys=0.00, real=0.01 secs] 
978.559: [GC (Allocation Failure) [PSYoungGen: 94560K->1472K(94208K)] 435879K->342791K(663040K), 0.0031597 secs] [Times: user=0.01 sys=0.00, real=0.01 secs] 
980.119: [GC (Allocation Failure) [PSYoungGen: 94144K->1456K(93696K)] 435463K->342783K(662528K), 0.0036859 secs] [Times: user=0.02 sys=0.00, real=0.01 secs] 
981.371: [GC (Allocation Failure) [PSYoungGen: 93616K->1408K(93184K)] 434943K->342735K(662016K), 0.0041939 secs] [Times: user=0.02 sys=0.00, real=0.00 secs] 
983.295: [GC (Allocation Failure) [PSYoungGen: 93056K->1456K(92672K)] 434383K->342783K(661504K), 0.0048629 secs] [Times: user=0.01 sys=0.00, real=0.00 secs] 
984.188: [GC (Allocation Failure) [PSYoungGen: 92592K->1376K(92160K)] 433919K->342703K(660992K), 0.0026084 secs] [Times: user=0.01 sys=0.00, real=0.01 secs] 
984.864: [GC (Allocation Failure) [PSYoungGen: 92000K->1440K(91648K)] 433327K->342775K(660480K), 0.0023867 secs] [Times: user=0.01 sys=0.01, real=0.00 secs] 
986.019: [GC (Allocation Failure) [PSYoungGen: 91552K->1472K(91136K)] 432887K->342815K(659968K), 0.0019297 secs] [Times: user=0.01 sys=0.00, real=0.01 secs] 
986.392: [GC (Allocation Failure) [PSYoungGen: 91072K->1408K(90624K)] 432415K->342759K(659456K), 0.0020501 secs] [Times: user=0.01 sys=0.00, real=0.00 secs] 
986.797: [GC (Allocation Failure) [PSYoungGen: 90496K->1376K(90112K)] 431847K->342727K(658944K), 0.0017355 secs] [Times: user=0.00 sys=0.00, real=0.00 secs] 
987.901: [GC (Allocation Failure) [PSYoungGen: 89952K->1408K(89600K)] 431303K->342767K(658432K), 0.0018806 secs] [Times: user=0.01 sys=0.00, real=0.00 secs] 
988.332: [GC (Allocation Failure) [PSYoungGen: 89472K->384K(88064K)] 430831K->342767K(656896K), 0.0019378 secs] [Times: user=0.01 sys=0.01, real=0.00 secs] 
988.703: [GC (Allocation Failure) [PSYoungGen: 87936K->352K(89088K)] 430319K->342735K(657920K), 0.0016743 secs] [Times: user=0.00 sys=0.00, real=0.00 secs] 
989.810: [GC (Allocation Failure) [PSYoungGen: 87392K->1440K(88064K)] 429775K->343831K(656896K), 0.0016956 secs] [Times: user=0.00 sys=0.00, real=0.01 secs] 
990.869: [GC (Allocation Failure) [PSYoungGen: 87968K->1344K(87552K)] 430359K->343735K(656384K), 0.0025514 secs] [Times: user=0.01 sys=0.01, real=0.01 secs] 
991.985: [GC (Allocation Failure) [PSYoungGen: 87360K->1408K(87040K)] 429751K->343799K(655872K), 0.0024924 secs] [Times: user=0.01 sys=0.00, real=0.00 secs] 
992.859: [GC (Allocation Failure) [PSYoungGen: 86912K->1408K(86528K)] 429303K->343799K(655360K), 0.0026078 secs] [Times: user=0.01 sys=0.00, real=0.01 secs] 
994.300: [GC (Allocation Failure) [PSYoungGen: 86400K->1424K(86016K)] 428791K->343815K(654848K), 0.0019566 secs] [Times: user=0.01 sys=0.00, real=0.01 secs] 
994.704: [GC (Allocation Failure) [PSYoungGen: 85904K->1408K(85504K)] 428295K->343799K(654336K), 0.0022259 secs] [Times: user=0.01 sys=0.01, real=0.00 secs] 
995.120: [GC (Allocation Failure) [PSYoungGen: 85376K->1344K(84992K)] 427767K->343735K(653824K), 0.0020086 secs] [Times: user=0.01 sys=0.00, real=0.01 secs] 
996.278: [GC (Allocation Failure) [PSYoungGen: 84800K->1440K(84480K)] 427191K->343839K(653312K), 0.0026768 secs] [Times: user=0.01 sys=0.00, real=0.01 secs] 
996.624: [GC (Allocation Failure) [PSYoungGen: 84384K->1376K(84992K)] 426783K->343775K(653824K), 0.0020514 secs] [Times: user=0.01 sys=0.00, real=0.00 secs] 
997.069: [GC (Allocation Failure) [PSYoungGen: 84832K->1424K(85504K)] 427231K->343831K(654336K), 0.0020928 secs] [Times: user=0.01 sys=0.00, real=0.01 secs] 
997.496: [GC (Allocation Failure) [PSYoungGen: 84852K->224K(92160K)] 427260K->342631K(660992K), 0.0020430 secs] [Times: user=0.01 sys=0.00, real=0.00 secs] 
998.596: [GC (Allocation Failure) [PSYoungGen: 90336K->1376K(91136K)] 432743K->343783K(659968K), 0.0017685 secs] [Times: user=0.01 sys=0.00, real=0.00 secs] 
999.268: [GC (Allocation Failure) [PSYoungGen: 90976K->1376K(90624K)] 433383K->343783K(659456K), 0.0021884 secs] [Times: user=0.01 sys=0.00, real=0.00 secs] 
999.962: [GC (Allocation Failure) [PSYoungGen: 90464K->1408K(90112K)] 432871K->343815K(658944K), 0.0023670 secs] [Times: user=0.01 sys=0.00, real=0.00 secs] 
1001.828: [GC (Allocation Failure) [PSYoungGen: 89984K->1440K(89600K)] 432391K->343847K(658432K), 0.0037138 secs] [Times: user=0.01 sys=0.00, real=0.01 secs] 
1002.893: [GC (Allocation Failure) [PSYoungGen: 89504K->1440K(89088K)] 431911K->343847K(657920K), 0.0030162 secs] [Times: user=0.01 sys=0.00, real=0.00 secs] 
1003.659: [GC (Allocation Failure) [PSYoungGen: 88992K->1344K(88576K)] 431399K->343751K(657408K), 0.0028871 secs] [Times: user=0.02 sys=0.00, real=0.01 secs] 
1005.256: [GC (Allocation Failure) [PSYoungGen: 88384K->1472K(88064K)] 430791K->343879K(656896K), 0.0022511 secs] [Times: user=0.01 sys=0.00, real=0.00 secs] 
1006.028: [GC (Allocation Failure) [PSYoungGen: 88000K->1376K(87552K)] 430407K->343783K(656384K), 0.0023756 secs] [Times: user=0.01 sys=0.00, real=0.00 secs] 
1006.496: [GC (Allocation Failure) [PSYoungGen: 87392K->1376K(87040K)] 429799K->343791K(655872K), 0.0026036 secs] [Times: user=0.01 sys=0.00, real=0.00 secs] 
1007.741: [GC (Allocation Failure) [PSYoungGen: 86880K->1440K(86528K)] 429295K->343855K(655360K), 0.0019833 secs] [Times: user=0.01 sys=0.00, real=0.01 secs] 
1008.474: [GC (Allocation Failure) [PSYoungGen: 86432K->1408K(86016K)] 428847K->343823K(654848K), 0.0028751 secs] [Times: user=0.01 sys=0.00, real=0.00 secs] 
1009.324: [GC (Allocation Failure) [PSYoungGen: 85888K->1376K(85504K)] 428303K->343791K(654336K), 0.0036474 secs] [Times: user=0.01 sys=0.00, real=0.00 secs] 
1010.425: [GC (Allocation Failure) [PSYoungGen: 85344K->1424K(84992K)] 427759K->343839K(653824K), 0.0020793 secs] [Times: user=0.01 sys=0.00, real=0.00 secs] 
1011.416: [GC (Allocation Failure) [PSYoungGen: 84880K->1440K(84480K)] 427295K->343855K(653312K), 0.0021218 secs] [Times: user=0.01 sys=0.00, real=0.00 secs] 
1011.768: [GC (Allocation Failure) [PSYoungGen: 84384K->1376K(83968K)] 426799K->343791K(652800K), 0.0020707 secs] [Times: user=0.01 sys=0.00, real=0.00 secs] 
1012.165: [GC (Allocation Failure) [PSYoungGen: 83808K->1344K(84480K)] 426223K->343759K(653312K), 0.0020312 secs] [Times: user=0.00 sys=0.00, real=0.00 secs] 
1013.342: [GC (Allocation Failure) [PSYoungGen: 83776K->1472K(83456K)] 426191K->343887K(652288K), 0.0032947 secs] [Times: user=0.02 sys=0.00, real=0.00 secs] 
1013.695: [GC (Allocation Failure) [PSYoungGen: 83392K->1360K(83968K)] 425807K->343775K(652800K), 0.0021387 secs] [Times: user=0.01 sys=0.00, real=0.00 secs] 
1014.358: [GC (Allocation Failure) [PSYoungGen: 83280K->1408K(83968K)] 425695K->343823K(652800K), 0.0029275 secs] [Times: user=0.01 sys=0.00, real=0.00 secs] 
1015.727: [GC (Allocation Failure) [PSYoungGen: 83328K->1408K(82944K)] 425743K->343823K(651776K), 0.0020769 secs] [Times: user=0.01 sys=0.01, real=0.00 secs] 
1016.065: [GC (Allocation Failure) [PSYoungGen: 82816K->1376K(90112K)] 425231K->343807K(658944K), 0.0020877 secs] [Times: user=0.01 sys=0.00, real=0.00 secs] 
1016.680: [GC (Allocation Failure) [PSYoungGen: 89440K->1376K(90112K)] 431871K->343807K(658944K), 0.0029241 secs] [Times: user=0.02 sys=0.00, real=0.01 secs] 
1017.484: [GC (Allocation Failure) [PSYoungGen: 89440K->1376K(90112K)] 431871K->343807K(658944K), 0.0042172 secs] [Times: user=0.01 sys=0.00, real=0.00 secs] 
1019.399: [GC (Allocation Failure) [PSYoungGen: 89440K->1440K(96256K)] 431871K->343871K(665088K), 0.0030198 secs] [Times: user=0.01 sys=0.01, real=0.01 secs] 
1019.925: [GC (Allocation Failure) [PSYoungGen: 96160K->1376K(97280K)] 438591K->343807K(666112K), 0.0023372 secs] [Times: user=0.01 sys=0.00, real=0.00 secs] 
1020.320: [GC (Allocation Failure) [PSYoungGen: 96608K->1376K(104448K)] 439039K->343807K(673280K), 0.0023236 secs] [Times: user=0.01 sys=0.01, real=0.01 secs] 
1022.064: [GC (Allocation Failure) [PSYoungGen: 103776K->1376K(103424K)] 446207K->343807K(672256K), 0.0017899 secs] [Times: user=0.00 sys=0.00, real=0.00 secs] 
1023.212: [GC (Allocation Failure) [PSYoungGen: 103264K->368K(102400K)] 445695K->343823K(671232K), 0.0020581 secs] [Times: user=0.01 sys=0.00, real=0.00 secs] 
1025.454: [GC (Allocation Failure) [PSYoungGen: 101744K->1664K(102912K)] 445199K->345119K(671744K), 0.0021645 secs] [Times: user=0.01 sys=0.00, real=0.00 secs] 
1026.507: [GC (Allocation Failure) [PSYoungGen: 102528K->1376K(101888K)] 445983K->344831K(670720K), 0.0023224 secs] [Times: user=0.01 sys=0.00, real=0.00 secs] 
1027.363: [GC (Allocation Failure) [PSYoungGen: 101728K->1344K(101376K)] 445183K->344799K(670208K), 0.0020847 secs] [Times: user=0.01 sys=0.00, real=0.00 secs] 
1028.738: [GC (Allocation Failure) [PSYoungGen: 101184K->1472K(100864K)] 444639K->344927K(669696K), 0.0018787 secs] [Times: user=0.00 sys=0.00, real=0.00 secs] 
1029.737: [GC (Allocation Failure) [PSYoungGen: 100800K->1408K(100352K)] 444255K->344871K(669184K), 0.0023944 secs] [Times: user=0.01 sys=0.00, real=0.00 secs] 
1030.674: [GC (Allocation Failure) [PSYoungGen: 100224K->1344K(99840K)] 443687K->344807K(668672K), 0.0032604 secs] [Times: user=0.01 sys=0.00, real=0.00 secs] 
1032.545: [GC (Allocation Failure) [PSYoungGen: 99648K->1440K(99328K)] 443111K->344911K(668160K), 0.0020498 secs] [Times: user=0.01 sys=0.00, real=0.00 secs] 
1033.484: [GC (Allocation Failure) [PSYoungGen: 99232K->1376K(98816K)] 442703K->344847K(667648K), 0.0022759 secs] [Times: user=0.01 sys=0.00, real=0.00 secs] 
1034.525: [GC (Allocation Failure) [PSYoungGen: 98656K->1424K(98304K)] 442127K->344895K(667136K), 0.0027938 secs] [Times: user=0.01 sys=0.00, real=0.00 secs] 
1036.131: [GC (Allocation Failure) [PSYoungGen: 98192K->1376K(97792K)] 441663K->344847K(666624K), 0.0019485 secs] [Times: user=0.01 sys=0.00, real=0.00 secs] 
1036.565: [GC (Allocation Failure) [PSYoungGen: 97632K->1376K(97280K)] 441103K->344847K(666112K), 0.0019699 secs] [Times: user=0.00 sys=0.00, real=0.00 secs] 
1036.977: [GC (Allocation Failure) [PSYoungGen: 97120K->1440K(96768K)] 440591K->344911K(665600K), 0.0019974 secs] [Times: user=0.01 sys=0.00, real=0.00 secs] 
1038.834: [GC (Allocation Failure) [PSYoungGen: 96672K->1440K(96256K)] 440143K->344911K(665088K), 0.0037237 secs] [Times: user=0.01 sys=0.00, real=0.00 secs] 
1039.604: [GC (Allocation Failure) [PSYoungGen: 96160K->1376K(95744K)] 439631K->344847K(664576K), 0.0032207 secs] [Times: user=0.01 sys=0.00, real=0.00 secs] 
1040.384: [GC (Allocation Failure) [PSYoungGen: 95584K->1376K(95232K)] 439055K->344847K(664064K), 0.0030371 secs] [Times: user=0.01 sys=0.00, real=0.00 secs] 
1042.666: [GC (Allocation Failure) [PSYoungGen: 95072K->1408K(94720K)] 438543K->344887K(663552K), 0.0033637 secs] [Times: user=0.02 sys=0.00, real=0.00 secs] 
1044.721: [GC (Allocation Failure) [PSYoungGen: 94592K->1312K(94208K)] 438071K->344791K(663040K), 0.0040639 secs] [Times: user=0.02 sys=0.00, real=0.00 secs] 
1045.794: [GC (Allocation Failure) [PSYoungGen: 93984K->1376K(93696K)] 437463K->344855K(662528K), 0.0019942 secs] [Times: user=0.01 sys=0.00, real=0.00 secs] 
1047.278: [GC (Allocation Failure) [PSYoungGen: 93536K->1408K(93184K)] 437015K->344887K(662016K), 0.0044408 secs] [Times: user=0.02 sys=0.01, real=0.01 secs] 
1048.086: [GC (Allocation Failure) [PSYoungGen: 93056K->384K(91648K)] 436535K->344887K(660480K), 0.0025034 secs] [Times: user=0.01 sys=0.00, real=0.00 secs] 
1048.531: [GC (Allocation Failure) [PSYoungGen: 91520K->384K(92672K)] 436023K->344887K(661504K), 0.0019411 secs] [Times: user=0.01 sys=0.00, real=0.00 secs] 
1050.075: [GC (Allocation Failure) [PSYoungGen: 91008K->1440K(91648K)] 435511K->345943K(660480K), 0.0022867 secs] [Times: user=0.00 sys=0.00, real=0.00 secs] 
1051.269: [GC (Allocation Failure) [PSYoungGen: 91552K->1408K(91136K)] 436055K->345911K(659968K), 0.0050070 secs] [Times: user=0.02 sys=0.00, real=0.01 secs] 
1052.380: [GC (Allocation Failure) [PSYoungGen: 91008K->1312K(90624K)] 435511K->345823K(659456K), 0.0041054 secs] [Times: user=0.02 sys=0.01, real=0.01 secs] 
1054.372: [GC (Allocation Failure) [PSYoungGen: 90400K->1456K(90112K)] 434911K->345975K(658944K), 0.0017928 secs] [Times: user=0.00 sys=0.00, real=0.00 secs] 
1055.023: [GC (Allocation Failure) [PSYoungGen: 90032K->1408K(89600K)] 434551K->345927K(658432K), 0.0022985 secs] [Times: user=0.01 sys=0.00, real=0.00 secs] 
1055.389: [GC (Allocation Failure) [PSYoungGen: 89472K->1408K(89088K)] 433991K->345927K(657920K), 0.0021495 secs] [Times: user=0.01 sys=0.00, real=0.01 secs] 
1056.441: [GC (Allocation Failure) [PSYoungGen: 88960K->1504K(88576K)] 433479K->346047K(657408K), 0.0017783 secs] [Times: user=0.01 sys=0.00, real=0.00 secs] 
1056.813: [GC (Allocation Failure) [PSYoungGen: 88544K->1392K(88064K)] 433087K->345935K(656896K), 0.0016958 secs] [Times: user=0.01 sys=0.00, real=0.00 secs] 
1057.172: [GC (Allocation Failure) [PSYoungGen: 87920K->1376K(89088K)] 432463K->345919K(657920K), 0.0018820 secs] [Times: user=0.00 sys=0.00, real=0.00 secs] 
1057.702: [GC (Allocation Failure) [PSYoungGen: 88928K->1392K(88576K)] 433471K->345935K(657408K), 0.0019521 secs] [Times: user=0.00 sys=0.00, real=0.00 secs] 
1059.022: [GC (Allocation Failure) [PSYoungGen: 88432K->1504K(88064K)] 432975K->346063K(656896K), 0.0020159 secs] [Times: user=0.00 sys=0.00, real=0.00 secs] 
1059.803: [GC (Allocation Failure) [PSYoungGen: 88032K->1472K(87552K)] 432591K->346031K(656384K), 0.0023788 secs] [Times: user=0.01 sys=0.00, real=0.00 secs] 
1060.707: [GC (Allocation Failure) [PSYoungGen: 87488K->1440K(87040K)] 432047K->345999K(655872K), 0.0022495 secs] [Times: user=0.01 sys=0.00, real=0.00 secs] 
1062.134: [GC (Allocation Failure) [PSYoungGen: 86944K->1440K(86528K)] 431503K->345999K(655360K), 0.0030314 secs] [Times: user=0.01 sys=0.00, real=0.00 secs] 
1062.492: [GC (Allocation Failure) [PSYoungGen: 86432K->1408K(86016K)] 430991K->345967K(654848K), 0.0021572 secs] [Times: user=0.00 sys=0.00, real=0.00 secs] 
1062.970: [GC (Allocation Failure) [PSYoungGen: 85888K->1424K(85504K)] 430447K->345983K(654336K), 0.0022785 secs] [Times: user=0.01 sys=0.00, real=0.01 secs] 
1064.417: [GC (Allocation Failure) [PSYoungGen: 85392K->1472K(84992K)] 429951K->346031K(653824K), 0.0018892 secs] [Times: user=0.00 sys=0.00, real=0.00 secs] 
1065.154: [GC (Allocation Failure) [PSYoungGen: 84928K->1472K(84480K)] 429487K->346031K(653312K), 0.0022355 secs] [Times: user=0.01 sys=0.00, real=0.00 secs] 
1065.877: [GC (Allocation Failure) [PSYoungGen: 84416K->1504K(83968K)] 428975K->346071K(652800K), 0.0039480 secs] [Times: user=0.02 sys=0.00, real=0.01 secs] 
1066.935: [GC (Allocation Failure) [PSYoungGen: 83936K->1408K(83456K)] 428503K->345975K(652288K), 0.0032988 secs] [Times: user=0.01 sys=0.00, real=0.00 secs] 
1068.461: [GC (Allocation Failure) [PSYoungGen: 83328K->1472K(82944K)] 427895K->346039K(651776K), 0.0023512 secs] [Times: user=0.00 sys=0.00, real=0.00 secs] 
1069.142: [GC (Allocation Failure) [PSYoungGen: 82880K->1408K(82432K)] 427447K->346047K(651264K), 0.0033070 secs] [Times: user=0.02 sys=0.00, real=0.00 secs] 
1069.712: [GC (Allocation Failure) [PSYoungGen: 82304K->1376K(81920K)] 426943K->346015K(650752K), 0.0025192 secs] [Times: user=0.01 sys=0.00, real=0.00 secs] 
1071.209: [GC (Allocation Failure) [PSYoungGen: 81760K->1408K(81408K)] 426399K->346047K(650240K), 0.0024981 secs] [Times: user=0.01 sys=0.00, real=0.01 secs] 
1073.086: [GC (Allocation Failure) [PSYoungGen: 81280K->1440K(80896K)] 425919K->346079K(649728K), 0.0045902 secs] [Times: user=0.01 sys=0.00, real=0.00 secs] 
1073.757: [GC (Allocation Failure) [PSYoungGen: 80800K->1408K(80384K)] 425439K->346055K(649216K), 0.0032434 secs] [Times: user=0.02 sys=0.00, real=0.00 secs] 
1074.655: [GC (Allocation Failure) [PSYoungGen: 80256K->1376K(79872K)] 424903K->346023K(648704K), 0.0029305 secs] [Times: user=0.02 sys=0.00, real=0.00 secs] 
1076.018: [GC (Allocation Failure) [PSYoungGen: 79712K->1408K(79360K)] 424359K->346055K(648192K), 0.0018420 secs] [Times: user=0.00 sys=0.00, real=0.00 secs] 
1076.396: [GC (Allocation Failure) [PSYoungGen: 79232K->1408K(78848K)] 423879K->346055K(647680K), 0.0020278 secs] [Times: user=0.01 sys=0.00, real=0.00 secs] 
1076.908: [GC (Allocation Failure) [PSYoungGen: 78720K->1408K(79360K)] 423367K->346055K(648192K), 0.0027398 secs] [Times: user=0.01 sys=0.00, real=0.01 secs] 
1078.476: [GC (Allocation Failure) [PSYoungGen: 78720K->1440K(78336K)] 423367K->347111K(647168K), 0.0019671 secs] [Times: user=0.01 sys=0.00, real=0.00 secs] 
1079.469: [GC (Allocation Failure) [PSYoungGen: 78240K->384K(76800K)] 423911K->346063K(645632K), 0.0036941 secs] [Times: user=0.02 sys=0.00, real=0.01 secs] 
1080.036: [GC (Allocation Failure) [PSYoungGen: 76672K->416K(76288K)] 422351K->346095K(645120K), 0.0023331 secs] [Times: user=0.01 sys=0.00, real=0.00 secs] 
1080.487: [GC (Allocation Failure) [PSYoungGen: 76192K->320K(77312K)] 421871K->345999K(646144K), 0.0020784 secs] [Times: user=0.01 sys=0.00, real=0.00 secs] 
1081.805: [GC (Allocation Failure) [PSYoungGen: 75584K->1376K(76288K)] 421263K->347055K(645120K), 0.0020872 secs] [Times: user=0.01 sys=0.00, real=0.00 secs] 
1082.701: [GC (Allocation Failure) [PSYoungGen: 76128K->1376K(75776K)] 421807K->347055K(644608K), 0.0027138 secs] [Times: user=0.01 sys=0.00, real=0.00 secs] 
1083.559: [GC (Allocation Failure) [PSYoungGen: 75616K->1408K(75776K)] 421295K->347087K(644608K), 0.0024707 secs] [Times: user=0.00 sys=0.00, real=0.01 secs] 
1084.268: [GC (Allocation Failure) [PSYoungGen: 75648K->1424K(75776K)] 421327K->347103K(644608K), 0.0026577 secs] [Times: user=0.01 sys=0.00, real=0.00 secs] 
1085.939: [GC (Allocation Failure) [PSYoungGen: 75664K->1472K(75776K)] 421343K->347151K(644608K), 0.0028867 secs] [Times: user=0.01 sys=0.00, real=0.01 secs] 
1086.603: [GC (Allocation Failure) [PSYoungGen: 75712K->1440K(75776K)] 421391K->347119K(644608K), 0.0029650 secs] [Times: user=0.01 sys=0.00, real=0.00 secs] 
1087.331: [GC (Allocation Failure) [PSYoungGen: 75680K->1408K(75776K)] 421359K->347095K(644608K), 0.0026049 secs] [Times: user=0.01 sys=0.00, real=0.00 secs] 
1088.103: [GC (Allocation Failure) [PSYoungGen: 75648K->1408K(75776K)] 421335K->347095K(644608K), 0.0032742 secs] [Times: user=0.01 sys=0.00, real=0.00 secs] 
1089.892: [GC (Allocation Failure) [PSYoungGen: 75648K->1472K(75776K)] 421335K->347159K(644608K), 0.0023156 secs] [Times: user=0.01 sys=0.00, real=0.00 secs] 
1090.974: [GC (Allocation Failure) [PSYoungGen: 75712K->1408K(75776K)] 421399K->347095K(644608K), 0.0050138 secs] [Times: user=0.02 sys=0.00, real=0.00 secs] 
1091.860: [GC (Allocation Failure) [PSYoungGen: 75648K->1360K(75776K)] 421335K->347047K(644608K), 0.0026824 secs] [Times: user=0.01 sys=0.00, real=0.01 secs] 
1092.453: [GC (Allocation Failure) [PSYoungGen: 75600K->1440K(75776K)] 421287K->347127K(644608K), 0.0025779 secs] [Times: user=0.01 sys=0.00, real=0.00 secs] 
1094.395: [GC (Allocation Failure) [PSYoungGen: 75680K->1456K(76288K)] 421367K->347143K(645120K), 0.0019156 secs] [Times: user=0.01 sys=0.00, real=0.00 secs] 
1097.193: [GC (Allocation Failure) [PSYoungGen: 75696K->1440K(76288K)] 421383K->347127K(645120K), 0.0028789 secs] [Times: user=0.01 sys=0.00, real=0.00 secs] 
1098.078: [GC (Allocation Failure) [PSYoungGen: 75680K->1392K(76288K)] 421367K->347079K(645120K), 0.0026720 secs] [Times: user=0.01 sys=0.00, real=0.01 secs] 
1099.466: [GC (Allocation Failure) [PSYoungGen: 75632K->1408K(76288K)] 421319K->347103K(645120K), 0.0016980 secs] [Times: user=0.01 sys=0.00, real=0.00 secs] 
1100.165: [GC (Allocation Failure) [PSYoungGen: 75648K->1408K(76288K)] 421343K->347103K(645120K), 0.0019540 secs] [Times: user=0.01 sys=0.00, real=0.00 secs] 
1100.800: [GC (Allocation Failure) [PSYoungGen: 75648K->1376K(76288K)] 421343K->347071K(645120K), 0.0022531 secs] [Times: user=0.01 sys=0.00, real=0.01 secs] 
1101.191: [GC (Allocation Failure) [PSYoungGen: 75616K->1392K(76288K)] 421311K->347119K(645120K), 0.0019263 secs] [Times: user=0.01 sys=0.00, real=0.00 secs] 
1102.373: [GC (Allocation Failure) [PSYoungGen: 75632K->1440K(76288K)] 421359K->347175K(645120K), 0.0022178 secs] [Times: user=0.00 sys=0.00, real=0.00 secs] 
1102.997: [GC (Allocation Failure) [PSYoungGen: 75680K->1440K(76288K)] 421415K->347175K(645120K), 0.0021053 secs] [Times: user=0.00 sys=0.01, real=0.00 secs] 
1103.378: [GC (Allocation Failure) [PSYoungGen: 75680K->1408K(76288K)] 421415K->347151K(645120K), 0.0022554 secs] [Times: user=0.01 sys=0.00, real=0.00 secs] 
1103.687: [GC (Allocation Failure) [PSYoungGen: 75648K->1376K(76288K)] 421391K->347119K(645120K), 0.0021261 secs] [Times: user=0.01 sys=0.00, real=0.00 secs] 
1105.667: [GC (Allocation Failure) [PSYoungGen: 75616K->1408K(76288K)] 421359K->347175K(645120K), 0.0038831 secs] [Times: user=0.01 sys=0.01, real=0.01 secs] 
1106.857: [GC (Allocation Failure) [PSYoungGen: 75648K->1424K(81920K)] 421415K->347191K(650752K), 0.0045246 secs] [Times: user=0.02 sys=0.00, real=0.01 secs] 
1107.958: [GC (Allocation Failure) [PSYoungGen: 81296K->1408K(80896K)] 427063K->347175K(649728K), 0.0029368 secs] [Times: user=0.01 sys=0.00, real=0.00 secs] 
1108.667: [GC (Allocation Failure) [PSYoungGen: 80768K->1376K(81408K)] 426535K->347143K(650240K), 0.0038864 secs] [Times: user=0.01 sys=0.00, real=0.00 secs] 
1110.166: [GC (Allocation Failure) [PSYoungGen: 80736K->1408K(80384K)] 426503K->347191K(649216K), 0.0020263 secs] [Times: user=0.01 sys=0.00, real=0.00 secs] 
1110.894: [GC (Allocation Failure) [PSYoungGen: 80256K->1344K(79872K)] 426039K->347127K(648704K), 0.0030134 secs] [Times: user=0.01 sys=0.00, real=0.00 secs] 
1111.430: [GC (Allocation Failure) [PSYoungGen: 79680K->1408K(79360K)] 425463K->347191K(648192K), 0.0023830 secs] [Times: user=0.01 sys=0.00, real=0.01 secs] 
1112.683: [GC (Allocation Failure) [PSYoungGen: 79232K->1440K(78848K)] 425015K->347231K(647680K), 0.0019503 secs] [Times: user=0.01 sys=0.00, real=0.00 secs] 
1113.496: [GC (Allocation Failure) [PSYoungGen: 78752K->1376K(78336K)] 424543K->347167K(647168K), 0.0025908 secs] [Times: user=0.01 sys=0.00, real=0.00 secs] 
1114.040: [GC (Allocation Failure) [PSYoungGen: 78176K->1408K(77824K)] 423967K->347199K(646656K), 0.0021815 secs] [Times: user=0.01 sys=0.00, real=0.01 secs] 
1114.366: [GC (Allocation Failure) [PSYoungGen: 77696K->1376K(78848K)] 423487K->347167K(647680K), 0.0021425 secs] [Times: user=0.01 sys=0.00, real=0.00 secs] 
1115.866: [GC (Allocation Failure) [PSYoungGen: 78688K->1472K(78336K)] 424479K->347263K(647168K), 0.0035026 secs] [Times: user=0.01 sys=0.00, real=0.00 secs] 
1116.683: [GC (Allocation Failure) [PSYoungGen: 78272K->1360K(77824K)] 424063K->347151K(646656K), 0.0026733 secs] [Times: user=0.01 sys=0.00, real=0.00 secs] 
1117.434: [GC (Allocation Failure) [PSYoungGen: 77648K->416K(76288K)] 423439K->347231K(645120K), 0.0022265 secs] [Times: user=0.01 sys=0.00, real=0.00 secs] 
1118.039: [GC (Allocation Failure) [PSYoungGen: 76192K->384K(77312K)] 423007K->347207K(646144K), 0.0027213 secs] [Times: user=0.01 sys=0.00, real=0.01 secs] 
1119.881: [GC (Allocation Failure) [PSYoungGen: 75648K->1472K(76288K)] 422471K->348311K(645120K), 0.0042542 secs] [Times: user=0.01 sys=0.00, real=0.00 secs] 
1120.510: [GC (Allocation Failure) [PSYoungGen: 76224K->1408K(75776K)] 423063K->348247K(644608K), 0.0030117 secs] [Times: user=0.01 sys=0.00, real=0.01 secs] 
1120.981: [GC (Allocation Failure) [PSYoungGen: 75648K->1408K(80896K)] 422487K->348247K(649728K), 0.0021029 secs] [Times: user=0.01 sys=0.00, real=0.01 secs] 
1122.164: [GC (Allocation Failure) [PSYoungGen: 80768K->1392K(80384K)] 427607K->348239K(649216K), 0.0021690 secs] [Times: user=0.01 sys=0.00, real=0.00 secs] 
1123.183: [GC (Allocation Failure) [PSYoungGen: 80240K->1376K(79872K)] 427087K->348223K(648704K), 0.0042008 secs] [Times: user=0.01 sys=0.00, real=0.00 secs] 
1124.059: [GC (Allocation Failure) [PSYoungGen: 79712K->1376K(79360K)] 426559K->348223K(648192K), 0.0032671 secs] [Times: user=0.02 sys=0.00, real=0.01 secs] 
1124.783: [GC (Allocation Failure) [PSYoungGen: 79200K->1376K(78848K)] 426047K->348223K(647680K), 0.0034358 secs] [Times: user=0.01 sys=0.00, real=0.00 secs] 
1126.066: [GC (Allocation Failure) [PSYoungGen: 78688K->1440K(78336K)] 425535K->348295K(647168K), 0.0020844 secs] [Times: user=0.01 sys=0.00, real=0.00 secs] 
1126.641: [GC (Allocation Failure) [PSYoungGen: 78240K->1408K(77824K)] 425095K->348263K(646656K), 0.0022508 secs] [Times: user=0.01 sys=0.00, real=0.00 secs] 
1127.597: [GC (Allocation Failure) [PSYoungGen: 77696K->1376K(77312K)] 424551K->348239K(646144K), 0.0037902 secs] [Times: user=0.01 sys=0.00, real=0.00 secs] 
1128.600: [GC (Allocation Failure) [PSYoungGen: 77152K->1376K(76800K)] 424015K->348239K(645632K), 0.0044394 secs] [Times: user=0.02 sys=0.00, real=0.01 secs] 
1131.313: [GC (Allocation Failure) [PSYoungGen: 76640K->1440K(76288K)] 423503K->348303K(645120K), 0.0045549 secs] [Times: user=0.02 sys=0.00, real=0.00 secs] 
1132.155: [GC (Allocation Failure) [PSYoungGen: 76192K->1376K(75776K)] 423055K->348239K(644608K), 0.0029271 secs] [Times: user=0.01 sys=0.00, real=0.00 secs] 
1132.904: [GC (Allocation Failure) [PSYoungGen: 75616K->1376K(76288K)] 422479K->348239K(645120K), 0.0031571 secs] [Times: user=0.01 sys=0.00, real=0.00 secs] 
1134.484: [GC (Allocation Failure) [PSYoungGen: 75616K->1920K(76288K)] 422479K->348783K(645120K), 0.0018279 secs] [Times: user=0.01 sys=0.00, real=0.00 secs] 
1135.066: [GC (Allocation Failure) [PSYoungGen: 76160K->1344K(76288K)] 423023K->348207K(645120K), 0.0017374 secs] [Times: user=0.01 sys=0.00, real=0.00 secs] 
1135.374: [GC (Allocation Failure) [PSYoungGen: 75584K->1376K(76288K)] 422447K->348239K(645120K), 0.0019319 secs] [Times: user=0.01 sys=0.00, real=0.00 secs] 
1135.733: [GC (Allocation Failure) [PSYoungGen: 75616K->1408K(76288K)] 422479K->348271K(645120K), 0.0021146 secs] [Times: user=0.01 sys=0.00, real=0.00 secs] 
1136.997: [GC (Allocation Failure) [PSYoungGen: 75648K->1440K(75776K)] 422511K->348303K(644608K), 0.0021240 secs] [Times: user=0.01 sys=0.00, real=0.00 secs] 
1137.457: [GC (Allocation Failure) [PSYoungGen: 75680K->1392K(81920K)] 422543K->348255K(650752K), 0.0020617 secs] [Times: user=0.01 sys=0.00, real=0.00 secs] 
1137.800: [GC (Allocation Failure) [PSYoungGen: 81264K->1392K(81920K)] 428127K->348263K(650752K), 0.0028442 secs] [Times: user=0.01 sys=0.00, real=0.01 secs] 
1138.129: [GC (Allocation Failure) [PSYoungGen: 81264K->1376K(81920K)] 428135K->348247K(650752K), 0.0021449 secs] [Times: user=0.01 sys=0.00, real=0.01 secs] 
1139.159: [GC (Allocation Failure) [PSYoungGen: 81248K->1408K(88576K)] 428119K->348279K(657408K), 0.0019147 secs] [Times: user=0.01 sys=0.01, real=0.01 secs] 
1139.520: [GC (Allocation Failure) [PSYoungGen: 88448K->1376K(89088K)] 435319K->348247K(657920K), 0.0018605 secs] [Times: user=0.01 sys=0.00, real=0.01 secs] 
1139.882: [GC (Allocation Failure) [PSYoungGen: 88416K->1376K(96768K)] 435287K->348247K(665600K), 0.0024375 secs] [Times: user=0.01 sys=0.00, real=0.00 secs] 
1142.875: [GC (Allocation Failure) [PSYoungGen: 96096K->1424K(96768K)] 442967K->348295K(665600K), 0.0042621 secs] [Times: user=0.02 sys=0.00, real=0.00 secs] 
1143.907: [GC (Allocation Failure) [PSYoungGen: 96144K->1344K(103424K)] 443015K->348215K(672256K), 0.0028239 secs] [Times: user=0.02 sys=0.00, real=0.00 secs] 
1144.833: [GC (Allocation Failure) [PSYoungGen: 103232K->1376K(102912K)] 450103K->348247K(671744K), 0.0019894 secs] [Times: user=0.01 sys=0.00, real=0.00 secs] 
1145.945: [GC (Allocation Failure) [PSYoungGen: 102752K->1376K(102400K)] 449623K->348247K(671232K), 0.0018333 secs] [Times: user=0.01 sys=0.00, real=0.00 secs] 
1146.757: [GC (Allocation Failure) [PSYoungGen: 102240K->1312K(101888K)] 449111K->348191K(670720K), 0.0018597 secs] [Times: user=0.01 sys=0.00, real=0.00 secs] 
1147.693: [GC (Allocation Failure) [PSYoungGen: 101664K->1376K(101376K)] 448543K->348255K(670208K), 0.0018434 secs] [Times: user=0.00 sys=0.01, real=0.00 secs] 
1149.895: [GC (Allocation Failure) [PSYoungGen: 101216K->1472K(100864K)] 448095K->348351K(669696K), 0.0032511 secs] [Times: user=0.01 sys=0.00, real=0.00 secs] 
1151.109: [GC (Allocation Failure) [PSYoungGen: 100800K->400K(99328K)] 447679K->348303K(668160K), 0.0024876 secs] [Times: user=0.01 sys=0.00, real=0.01 secs] 
1152.188: [GC (Allocation Failure) [PSYoungGen: 99216K->320K(100352K)] 447119K->348223K(669184K), 0.0022983 secs] [Times: user=0.01 sys=0.00, real=0.00 secs] 
1154.952: [GC (Allocation Failure) [PSYoungGen: 98624K->1440K(99328K)] 446527K->349343K(668160K), 0.0044040 secs] [Times: user=0.02 sys=0.00, real=0.00 secs] 
1156.304: [GC (Allocation Failure) [PSYoungGen: 99232K->1376K(98816K)] 447135K->349279K(667648K), 0.0045634 secs] [Times: user=0.02 sys=0.00, real=0.00 secs] 
1158.125: [GC (Allocation Failure) [PSYoungGen: 98656K->160K(97792K)] 446559K->348063K(666624K), 0.0015557 secs] [Times: user=0.00 sys=0.00, real=0.00 secs] 
1159.102: [GC (Allocation Failure) [PSYoungGen: 96928K->1408K(97792K)] 444831K->349311K(666624K), 0.0032474 secs] [Times: user=0.01 sys=0.00, real=0.00 secs] 
1159.556: [GC (Allocation Failure) [PSYoungGen: 97664K->1376K(97280K)] 445567K->349279K(666112K), 0.0021356 secs] [Times: user=0.01 sys=0.00, real=0.00 secs] 
1161.598: [GC (Allocation Failure) [PSYoungGen: 97120K->1952K(97280K)] 445023K->349855K(666112K), 0.0033941 secs] [Times: user=0.01 sys=0.00, real=0.01 secs] 
1163.235: [GC (Allocation Failure) [PSYoungGen: 97184K->1376K(96768K)] 445087K->349279K(665600K), 0.0028125 secs] [Times: user=0.01 sys=0.00, real=0.00 secs] 
1164.447: [GC (Allocation Failure) [PSYoungGen: 96096K->1408K(95744K)] 443999K->349311K(664576K), 0.0036445 secs] [Times: user=0.01 sys=0.00, real=0.00 secs] 
1166.477: [GC (Allocation Failure) [PSYoungGen: 95616K->1952K(95744K)] 443519K->349855K(664576K), 0.0019994 secs] [Times: user=0.01 sys=0.00, real=0.00 secs] 
1167.181: [GC (Allocation Failure) [PSYoungGen: 95648K->1408K(94720K)] 443551K->349311K(663552K), 0.0021702 secs] [Times: user=0.01 sys=0.00, real=0.00 secs] 
1167.979: [GC (Allocation Failure) [PSYoungGen: 94592K->1472K(94720K)] 442495K->349375K(663552K), 0.0024174 secs] [Times: user=0.01 sys=0.00, real=0.01 secs] 
1169.523: [GC (Allocation Failure) [PSYoungGen: 94144K->1920K(94208K)] 442047K->349823K(663040K), 0.0016682 secs] [Times: user=0.01 sys=0.00, real=0.00 secs] 
1170.656: [GC (Allocation Failure) [PSYoungGen: 94080K->1376K(93696K)] 441983K->349279K(662528K), 0.0020667 secs] [Times: user=0.01 sys=0.00, real=0.00 secs] 
1171.596: [GC (Allocation Failure) [PSYoungGen: 93024K->1376K(92672K)] 440927K->349279K(661504K), 0.0020829 secs] [Times: user=0.00 sys=0.00, real=0.00 secs] 
1172.674: [GC (Allocation Failure) [PSYoungGen: 92512K->1440K(92672K)] 440415K->349343K(661504K), 0.0027516 secs] [Times: user=0.01 sys=0.00, real=0.00 secs] 
1174.740: [GC (Allocation Failure) [PSYoungGen: 92064K->1408K(91648K)] 439967K->349311K(660480K), 0.0044696 secs] [Times: user=0.02 sys=0.00, real=0.01 secs] 
1175.688: [GC (Allocation Failure) [PSYoungGen: 91520K->1376K(91136K)] 439423K->349279K(659968K), 0.0033503 secs] [Times: user=0.02 sys=0.00, real=0.01 secs] 
1176.357: [GC (Allocation Failure) [PSYoungGen: 90976K->1408K(90624K)] 438879K->349311K(659456K), 0.0029350 secs] [Times: user=0.01 sys=0.00, real=0.00 secs] 
1177.567: [GC (Allocation Failure) [PSYoungGen: 90496K->1392K(90112K)] 438399K->349295K(658944K), 0.0018771 secs] [Times: user=0.01 sys=0.00, real=0.00 secs] 
1177.935: [GC (Allocation Failure) [PSYoungGen: 89968K->1376K(89600K)] 437871K->349279K(658432K), 0.0019725 secs] [Times: user=0.01 sys=0.00, real=0.00 secs] 
1178.300: [GC (Allocation Failure) [PSYoungGen: 89440K->1376K(89088K)] 437343K->349279K(657920K), 0.0018720 secs] [Times: user=0.00 sys=0.00, real=0.01 secs] 
1179.363: [GC (Allocation Failure) [PSYoungGen: 88928K->1408K(88576K)] 436831K->349311K(657408K), 0.0020520 secs] [Times: user=0.00 sys=0.00, real=0.00 secs] 
1179.736: [GC (Allocation Failure) [PSYoungGen: 88448K->1392K(88064K)] 436351K->349303K(656896K), 0.0020045 secs] [Times: user=0.01 sys=0.00, real=0.00 secs] 
1180.095: [GC (Allocation Failure) [PSYoungGen: 87920K->1408K(88576K)] 435831K->349319K(657408K), 0.0020128 secs] [Times: user=0.01 sys=0.00, real=0.00 secs] 
1181.280: [GC (Allocation Failure) [PSYoungGen: 87936K->1440K(87552K)] 435847K->349351K(656384K), 0.0020512 secs] [Times: user=0.01 sys=0.00, real=0.01 secs] 
1181.638: [GC (Allocation Failure) [PSYoungGen: 87456K->1376K(95232K)] 435367K->349287K(664064K), 0.0023336 secs] [Times: user=0.01 sys=0.00, real=0.00 secs] 
1182.075: [GC (Allocation Failure) [PSYoungGen: 94560K->1408K(95232K)] 442471K->349319K(664064K), 0.0021737 secs] [Times: user=0.01 sys=0.00, real=0.00 secs] 
1183.194: [GC (Allocation Failure) [PSYoungGen: 94592K->1408K(94208K)] 442503K->349319K(663040K), 0.0018569 secs] [Times: user=0.01 sys=0.00, real=0.00 secs] 
1183.713: [GC (Allocation Failure) [PSYoungGen: 94080K->1392K(93696K)] 441991K->349303K(662528K), 0.0021002 secs] [Times: user=0.01 sys=0.00, real=0.00 secs] 
1184.577: [GC (Allocation Failure) [PSYoungGen: 93552K->1376K(93184K)] 441463K->349287K(662016K), 0.0024930 secs] [Times: user=0.02 sys=0.00, real=0.00 secs] 
1186.320: [GC (Allocation Failure) [PSYoungGen: 93024K->1440K(92672K)] 440935K->349367K(661504K), 0.0018714 secs] [Times: user=0.01 sys=0.00, real=0.01 secs] 
1187.218: [GC (Allocation Failure) [PSYoungGen: 92576K->1408K(92160K)] 440503K->349335K(660992K), 0.0031139 secs] [Times: user=0.01 sys=0.01, real=0.01 secs] 
1187.670: [GC (Allocation Failure) [PSYoungGen: 92032K->1440K(91648K)] 439959K->349367K(660480K), 0.0021773 secs] [Times: user=0.00 sys=0.00, real=0.01 secs] 
1188.978: [GC (Allocation Failure) [PSYoungGen: 91552K->1680K(91648K)] 439479K->349607K(660480K), 0.0018307 secs] [Times: user=0.00 sys=0.00, real=0.00 secs] 
1190.525: [GC (Allocation Failure) [PSYoungGen: 91280K->1344K(90624K)] 439207K->349271K(659456K), 0.0042329 secs] [Times: user=0.02 sys=0.00, real=0.00 secs] 
1191.505: [GC (Allocation Failure) [PSYoungGen: 90432K->1392K(90112K)] 438359K->349319K(658944K), 0.0033588 secs] [Times: user=0.01 sys=0.00, real=0.00 secs] 
1192.439: [GC (Allocation Failure) [PSYoungGen: 89968K->1408K(89600K)] 437895K->349335K(658432K), 0.0029200 secs] [Times: user=0.01 sys=0.00, real=0.01 secs] 
1193.829: [GC (Allocation Failure) [PSYoungGen: 89472K->1440K(89088K)] 437399K->349367K(657920K), 0.0019390 secs] [Times: user=0.01 sys=0.00, real=0.00 secs] 
1194.486: [GC (Allocation Failure) [PSYoungGen: 88992K->1392K(88576K)] 436919K->349319K(657408K), 0.0017225 secs] [Times: user=0.01 sys=0.00, real=0.00 secs] 
1195.235: [GC (Allocation Failure) [PSYoungGen: 88432K->1408K(88064K)] 436359K->349335K(656896K), 0.0019381 secs] [Times: user=0.00 sys=0.00, real=0.00 secs] 
1196.398: [GC (Allocation Failure) [PSYoungGen: 87936K->1376K(87552K)] 435863K->349303K(656384K), 0.0016610 secs] [Times: user=0.01 sys=0.00, real=0.00 secs] 
1196.844: [GC (Allocation Failure) [PSYoungGen: 87392K->1408K(87040K)] 435319K->349335K(655872K), 0.0022181 secs] [Times: user=0.00 sys=0.00, real=0.00 secs] 
1197.504: [GC (Allocation Failure) [PSYoungGen: 86912K->1408K(86528K)] 434839K->349359K(655360K), 0.0033506 secs] [Times: user=0.01 sys=0.00, real=0.00 secs] 
1198.933: [GC (Allocation Failure) [PSYoungGen: 86400K->1376K(86016K)] 434351K->349335K(654848K), 0.0019512 secs] [Times: user=0.01 sys=0.01, real=0.00 secs] 
1199.284: [GC (Allocation Failure) [PSYoungGen: 85856K->384K(86528K)] 433815K->349367K(655360K), 0.0027854 secs] [Times: user=0.01 sys=0.00, real=0.00 secs] 
1199.662: [GC (Allocation Failure) [PSYoungGen: 86400K->352K(88064K)] 435383K->349335K(656896K), 0.0018045 secs] [Times: user=0.01 sys=0.00, real=0.00 secs] 
1200.758: [GC (Allocation Failure) [PSYoungGen: 86368K->1696K(87552K)] 435351K->350679K(656384K), 0.0018639 secs] [Times: user=0.00 sys=0.00, real=0.00 secs] 
1201.568: [GC (Allocation Failure) [PSYoungGen: 87200K->1376K(86528K)] 436183K->350359K(655360K), 0.0022085 secs] [Times: user=0.01 sys=0.00, real=0.00 secs] 
1202.359: [GC (Allocation Failure) [PSYoungGen: 86368K->368K(84992K)] 435351K->350391K(653824K), 0.0023139 secs] [Times: user=0.01 sys=0.00, real=0.01 secs] 
1203.054: [GC (Allocation Failure) [PSYoungGen: 84848K->320K(84480K)] 434871K->350343K(653312K), 0.0022740 secs] [Times: user=0.01 sys=0.00, real=0.00 secs] 
1204.108: [GC (Allocation Failure) [PSYoungGen: 84288K->1424K(84992K)] 434311K->351447K(653824K), 0.0020410 secs] [Times: user=0.01 sys=0.00, real=0.00 secs] 
1204.546: [GC (Allocation Failure) [PSYoungGen: 84880K->1360K(84480K)] 434903K->351383K(653312K), 0.0024066 secs] [Times: user=0.01 sys=0.00, real=0.00 secs] 
1205.363: [GC (Allocation Failure) [PSYoungGen: 84304K->1376K(83968K)] 434327K->351415K(652800K), 0.0026883 secs] [Times: user=0.01 sys=0.00, real=0.00 secs] 
1206.848: [GC (Allocation Failure) [PSYoungGen: 83808K->1440K(83456K)] 433847K->351479K(652288K), 0.0019991 secs] [Times: user=0.01 sys=0.00, real=0.00 secs] 
1207.718: [GC (Allocation Failure) [PSYoungGen: 83360K->1376K(82944K)] 433399K->351415K(651776K), 0.0023410 secs] [Times: user=0.01 sys=0.01, real=0.00 secs] 
1208.973: [GC (Allocation Failure) [PSYoungGen: 82784K->1344K(82432K)] 432823K->351383K(651264K), 0.0025865 secs] [Times: user=0.01 sys=0.00, real=0.00 secs] 
1209.863: [GC (Allocation Failure) [PSYoungGen: 82240K->1344K(81920K)] 432279K->351383K(650752K), 0.0028479 secs] [Times: user=0.02 sys=0.00, real=0.00 secs] 
1211.439: [GC (Allocation Failure) [PSYoungGen: 81728K->1440K(81408K)] 431767K->351479K(650240K), 0.0043686 secs] [Times: user=0.01 sys=0.00, real=0.01 secs] 
1212.156: [GC (Allocation Failure) [PSYoungGen: 81312K->1408K(80896K)] 431351K->351447K(649728K), 0.0028692 secs] [Times: user=0.01 sys=0.01, real=0.00 secs] 
1212.888: [GC (Allocation Failure) [PSYoungGen: 80768K->1344K(80384K)] 430807K->351383K(649216K), 0.0028858 secs] [Times: user=0.01 sys=0.00, real=0.00 secs] 
1214.537: [GC (Allocation Failure) [PSYoungGen: 80192K->1376K(79872K)] 430231K->351415K(648704K), 0.0024420 secs] [Times: user=0.01 sys=0.00, real=0.00 secs] 
1215.962: [GC (Allocation Failure) [PSYoungGen: 79712K->1376K(79360K)] 429751K->351415K(648192K), 0.0036669 secs] [Times: user=0.02 sys=0.00, real=0.00 secs] 
1216.922: [GC (Allocation Failure) [PSYoungGen: 79200K->1344K(78848K)] 429239K->351383K(647680K), 0.0030232 secs] [Times: user=0.02 sys=0.00, real=0.00 secs] 
1217.928: [GC (Allocation Failure) [PSYoungGen: 78656K->1408K(78336K)] 428695K->351447K(647168K), 0.0026685 secs] [Times: user=0.02 sys=0.00, real=0.00 secs] 
1219.457: [GC (Allocation Failure) [PSYoungGen: 78208K->1440K(77824K)] 428247K->351479K(646656K), 0.0019143 secs] [Times: user=0.00 sys=0.00, real=0.00 secs] 
1220.147: [GC (Allocation Failure) [PSYoungGen: 77728K->1408K(77312K)] 427767K->351455K(646144K), 0.0019583 secs] [Times: user=0.00 sys=0.00, real=0.00 secs] 
1220.878: [GC (Allocation Failure) [PSYoungGen: 77184K->1408K(76800K)] 427231K->351455K(645632K), 0.0020227 secs] [Times: user=0.01 sys=0.00, real=0.00 secs] 
1221.501: [GC (Allocation Failure) [PSYoungGen: 76672K->1392K(76288K)] 426719K->351439K(645120K), 0.0022478 secs] [Times: user=0.01 sys=0.00, real=0.00 secs] 
1223.709: [GC (Allocation Failure) [PSYoungGen: 76144K->1424K(75776K)] 426191K->351471K(644608K), 0.0029131 secs] [Times: user=0.01 sys=0.00, real=0.01 secs] 
1224.750: [GC (Allocation Failure) [PSYoungGen: 75664K->1408K(75776K)] 425711K->351463K(644608K), 0.0042748 secs] [Times: user=0.01 sys=0.01, real=0.01 secs] 
1225.865: [GC (Allocation Failure) [PSYoungGen: 75648K->1376K(75776K)] 425703K->351439K(644608K), 0.0034849 secs] [Times: user=0.02 sys=0.00, real=0.00 secs] 
1227.615: [GC (Allocation Failure) [PSYoungGen: 75616K->1440K(75776K)] 425679K->351511K(644608K), 0.0033999 secs] [Times: user=0.02 sys=0.00, real=0.00 secs] 
1229.186: [GC (Allocation Failure) [PSYoungGen: 75680K->1376K(75776K)] 425751K->351447K(644608K), 0.0026993 secs] [Times: user=0.02 sys=0.00, real=0.00 secs] 
1229.872: [GC (Allocation Failure) [PSYoungGen: 75616K->1408K(75776K)] 425687K->351479K(644608K), 0.0029055 secs] [Times: user=0.01 sys=0.00, real=0.00 secs] 
1230.202: [GC (Allocation Failure) [PSYoungGen: 75648K->1376K(75776K)] 425719K->351447K(644608K), 0.0020780 secs] [Times: user=0.01 sys=0.00, real=0.00 secs] 
1231.712: [GC (Allocation Failure) [PSYoungGen: 75616K->1408K(75776K)] 425687K->351487K(644608K), 0.0033057 secs] [Times: user=0.01 sys=0.00, real=0.00 secs] 
1232.677: [GC (Allocation Failure) [PSYoungGen: 75648K->1408K(75776K)] 425727K->351487K(644608K), 0.0038305 secs] [Times: user=0.02 sys=0.00, real=0.01 secs] 
1233.618: [GC (Allocation Failure) [PSYoungGen: 75647K->1440K(76288K)] 425726K->351519K(645120K), 0.0040464 secs] [Times: user=0.01 sys=0.00, real=0.01 secs] 
1234.472: [GC (Allocation Failure) [PSYoungGen: 75680K->1408K(76288K)] 425759K->351487K(645120K), 0.0041245 secs] [Times: user=0.01 sys=0.00, real=0.00 secs] 
1235.817: [GC (Allocation Failure) [PSYoungGen: 75648K->1376K(76288K)] 425727K->351455K(645120K), 0.0016563 secs] [Times: user=0.01 sys=0.00, real=0.00 secs] 
1236.270: [GC (Allocation Failure) [PSYoungGen: 75616K->1376K(76288K)] 425695K->351455K(645120K), 0.0017793 secs] [Times: user=0.01 sys=0.00, real=0.01 secs] 
1237.005: [GC (Allocation Failure) [PSYoungGen: 75616K->1344K(76288K)] 425695K->351423K(645120K), 0.0032101 secs] [Times: user=0.02 sys=0.00, real=0.00 secs] 
1237.912: [GC (Allocation Failure) [PSYoungGen: 75584K->1360K(75776K)] 425663K->351439K(644608K), 0.0026529 secs] [Times: user=0.01 sys=0.00, real=0.00 secs] 
1239.201: [GC (Allocation Failure) [PSYoungGen: 75600K->1424K(75776K)] 425679K->351511K(644608K), 0.0018168 secs] [Times: user=0.00 sys=0.00, real=0.00 secs] 
1239.584: [GC (Allocation Failure) [PSYoungGen: 75664K->352K(75264K)] 425751K->351463K(644096K), 0.0017540 secs] [Times: user=0.00 sys=0.01, real=0.00 secs] 
1240.005: [GC (Allocation Failure) [PSYoungGen: 74592K->352K(76288K)] 425703K->351463K(645120K), 0.0019567 secs] [Times: user=0.01 sys=0.00, real=0.00 secs] 
1240.536: [GC (Allocation Failure) [PSYoungGen: 74592K->320K(76288K)] 425703K->351431K(645120K), 0.0020726 secs] [Times: user=0.00 sys=0.00, real=0.00 secs] 
1241.587: [GC (Allocation Failure) [PSYoungGen: 74560K->1440K(76288K)] 425671K->352559K(645120K), 0.0017454 secs] [Times: user=0.00 sys=0.00, real=0.00 secs] 
1241.930: [GC (Allocation Failure) [PSYoungGen: 75680K->1376K(76288K)] 426799K->352495K(645120K), 0.0017695 secs] [Times: user=0.01 sys=0.00, real=0.01 secs] 
1242.238: [GC (Allocation Failure) [PSYoungGen: 75616K->1360K(76288K)] 426735K->352479K(645120K), 0.0018632 secs] [Times: user=0.01 sys=0.00, real=0.00 secs] 
1243.262: [GC (Allocation Failure) [PSYoungGen: 75600K->1920K(76288K)] 426719K->353551K(645120K), 0.0020122 secs] [Times: user=0.01 sys=0.00, real=0.00 secs] 
1244.026: [GC (Allocation Failure) [PSYoungGen: 76160K->1408K(75776K)] 427791K->353039K(644608K), 0.0023986 secs] [Times: user=0.01 sys=0.00, real=0.00 secs] 
1244.691: [GC (Allocation Failure) [PSYoungGen: 75648K->1408K(75776K)] 427279K->353039K(644608K), 0.0020546 secs] [Times: user=0.01 sys=0.00, real=0.00 secs] 
1245.337: [GC (Allocation Failure) [PSYoungGen: 75648K->1376K(75776K)] 427279K->353015K(644608K), 0.0021863 secs] [Times: user=0.01 sys=0.00, real=0.00 secs] 
1247.392: [GC (Allocation Failure) [PSYoungGen: 75616K->1440K(75776K)] 427255K->353079K(644608K), 0.0024805 secs] [Times: user=0.01 sys=0.00, real=0.00 secs] 
1248.156: [GC (Allocation Failure) [PSYoungGen: 75680K->1408K(75776K)] 427319K->353047K(644608K), 0.0024154 secs] [Times: user=0.01 sys=0.00, real=0.00 secs] 
1248.828: [GC (Allocation Failure) [PSYoungGen: 75648K->1392K(75776K)] 427287K->353031K(644608K), 0.0027658 secs] [Times: user=0.01 sys=0.00, real=0.01 secs] 
1249.788: [GC (Allocation Failure) [PSYoungGen: 75632K->1328K(75776K)] 427271K->352967K(644608K), 0.0032933 secs] [Times: user=0.02 sys=0.00, real=0.01 secs] 
1251.506: [GC (Allocation Failure) [PSYoungGen: 75568K->1376K(75776K)] 427207K->353015K(644608K), 0.0019634 secs] [Times: user=0.00 sys=0.00, real=0.00 secs] 
1251.879: [GC (Allocation Failure) [PSYoungGen: 75616K->1376K(75776K)] 427255K->353015K(644608K), 0.0018481 secs] [Times: user=0.01 sys=0.00, real=0.01 secs] 
1252.241: [GC (Allocation Failure) [PSYoungGen: 75616K->1408K(76288K)] 427255K->353047K(645120K), 0.0020212 secs] [Times: user=0.01 sys=0.01, real=0.00 secs] 
1252.700: [GC (Allocation Failure) [PSYoungGen: 75648K->1408K(76288K)] 427287K->353047K(645120K), 0.0021347 secs] [Times: user=0.01 sys=0.00, real=0.01 secs] 
1254.107: [GC (Allocation Failure) [PSYoungGen: 75648K->1440K(75776K)] 427287K->353087K(644608K), 0.0024258 secs] [Times: user=0.01 sys=0.00, real=0.00 secs] 
1254.801: [GC (Allocation Failure) [PSYoungGen: 75680K->1408K(81920K)] 427327K->353055K(650752K), 0.0036446 secs] [Times: user=0.02 sys=0.00, real=0.00 secs] 
1255.132: [GC (Allocation Failure) [PSYoungGen: 81280K->1440K(81920K)] 432927K->353087K(650752K), 0.0021622 secs] [Times: user=0.01 sys=0.00, real=0.00 secs] 
1256.349: [GC (Allocation Failure) [PSYoungGen: 80766K->192K(79872K)] 432414K->351847K(648704K), 0.0017032 secs] [Times: user=0.01 sys=0.00, real=0.00 secs] 
1257.325: [GC (Allocation Failure) [PSYoungGen: 79552K->1408K(80384K)] 431207K->353071K(649216K), 0.0021318 secs] [Times: user=0.00 sys=0.00, real=0.00 secs] 
1258.427: [GC (Allocation Failure) [PSYoungGen: 80256K->1408K(79872K)] 431919K->353071K(648704K), 0.0044765 secs] [Times: user=0.02 sys=0.00, real=0.01 secs] 
1259.394: [GC (Allocation Failure) [PSYoungGen: 79744K->1408K(79360K)] 431407K->353071K(648192K), 0.0030224 secs] [Times: user=0.01 sys=0.00, real=0.00 secs] 
1261.058: [GC (Allocation Failure) [PSYoungGen: 79232K->1376K(78848K)] 430895K->353047K(647680K), 0.0020469 secs] [Times: user=0.01 sys=0.00, real=0.00 secs] 
1262.038: [GC (Allocation Failure) [PSYoungGen: 78688K->1392K(78336K)] 430359K->353063K(647168K), 0.0044331 secs] [Times: user=0.02 sys=0.00, real=0.01 secs] 
1262.976: [GC (Allocation Failure) [PSYoungGen: 78192K->1376K(77824K)] 429863K->353047K(646656K), 0.0030588 secs] [Times: user=0.01 sys=0.00, real=0.00 secs] 
1263.847: [GC (Allocation Failure) [PSYoungGen: 77664K->1376K(77312K)] 429335K->353055K(646144K), 0.0044021 secs] [Times: user=0.01 sys=0.00, real=0.01 secs] 
1265.573: [GC (Allocation Failure) [PSYoungGen: 77152K->1440K(76800K)] 428831K->353127K(645632K), 0.0033871 secs] [Times: user=0.02 sys=0.00, real=0.00 secs] 
1266.205: [GC (Allocation Failure) [PSYoungGen: 76704K->1376K(76288K)] 428391K->353063K(645120K), 0.0034994 secs] [Times: user=0.01 sys=0.00, real=0.00 secs] 
1266.930: [GC (Allocation Failure) [PSYoungGen: 76128K->1376K(75776K)] 427815K->353063K(644608K), 0.0026981 secs] [Times: user=0.01 sys=0.00, real=0.01 secs] 
1268.205: [GC (Allocation Failure) [PSYoungGen: 75616K->1408K(76288K)] 427303K->353095K(645120K), 0.0033582 secs] [Times: user=0.02 sys=0.00, real=0.00 secs] 
1269.431: [GC (Allocation Failure) [PSYoungGen: 75648K->1408K(76288K)] 427335K->353111K(645120K), 0.0018892 secs] [Times: user=0.01 sys=0.01, real=0.00 secs] 
1269.740: [GC (Allocation Failure) [PSYoungGen: 75648K->1376K(76288K)] 427351K->353079K(645120K), 0.0027459 secs] [Times: user=0.01 sys=0.00, real=0.01 secs] 
1270.071: [GC (Allocation Failure) [PSYoungGen: 75616K->1392K(76288K)] 427319K->353095K(645120K), 0.0018558 secs] [Times: user=0.00 sys=0.00, real=0.00 secs] 
1271.099: [GC (Allocation Failure) [PSYoungGen: 75632K->1440K(81920K)] 427335K->353143K(650752K), 0.0020006 secs] [Times: user=0.01 sys=0.00, real=0.01 secs] 
1271.441: [GC (Allocation Failure) [PSYoungGen: 81824K->1376K(82432K)] 433527K->353079K(651264K), 0.0017457 secs] [Times: user=0.01 sys=0.00, real=0.00 secs] 
1271.775: [GC (Allocation Failure) [PSYoungGen: 81760K->1376K(89088K)] 433463K->353079K(657920K), 0.0020891 secs] [Times: user=0.01 sys=0.00, real=0.00 secs] 
1272.137: [GC (Allocation Failure) [PSYoungGen: 88416K->1440K(89088K)] 440119K->353143K(657920K), 0.0019442 secs] [Times: user=0.00 sys=0.00, real=0.00 secs] 
1274.119: [GC (Allocation Failure) [PSYoungGen: 88480K->1472K(95232K)] 440183K->353183K(664064K), 0.0023602 secs] [Times: user=0.01 sys=0.00, real=0.01 secs] 
1274.656: [GC (Allocation Failure) [PSYoungGen: 95168K->1424K(96256K)] 446879K->353135K(665088K), 0.0022959 secs] [Times: user=0.01 sys=0.00, real=0.00 secs] 
1275.560: [GC (Allocation Failure) [PSYoungGen: 95632K->1440K(95232K)] 447343K->353151K(664064K), 0.0024456 secs] [Times: user=0.01 sys=0.01, real=0.01 secs] 
1276.978: [GC (Allocation Failure) [PSYoungGen: 95136K->1472K(94720K)] 446847K->353207K(663552K), 0.0026664 secs] [Times: user=0.00 sys=0.01, real=0.00 secs] 
1277.441: [GC (Allocation Failure) [PSYoungGen: 94656K->1376K(94208K)] 446391K->353119K(663040K), 0.0022328 secs] [Times: user=0.01 sys=0.00, real=0.00 secs] 
1277.953: [GC (Allocation Failure) [PSYoungGen: 94048K->1408K(93696K)] 445791K->353151K(662528K), 0.0021445 secs] [Times: user=0.01 sys=0.00, real=0.00 secs] 
1279.916: [GC (Allocation Failure) [PSYoungGen: 93568K->1440K(93184K)] 445311K->353191K(662016K), 0.0020740 secs] [Times: user=0.01 sys=0.00, real=0.00 secs] 
1280.468: [GC (Allocation Failure) [PSYoungGen: 93088K->1440K(92672K)] 444839K->353191K(661504K), 0.0022644 secs] [Times: user=0.01 sys=0.00, real=0.00 secs] 
1281.249: [GC (Allocation Failure) [PSYoungGen: 92576K->1440K(92160K)] 444327K->353199K(660992K), 0.0024109 secs] [Times: user=0.01 sys=0.00, real=0.01 secs] 
1282.697: [GC (Allocation Failure) [PSYoungGen: 92064K->1440K(91648K)] 443823K->353199K(660480K), 0.0019114 secs] [Times: user=0.01 sys=0.00, real=0.00 secs] 
1283.471: [GC (Allocation Failure) [PSYoungGen: 91552K->1408K(91136K)] 443311K->353167K(659968K), 0.0019511 secs] [Times: user=0.00 sys=0.00, real=0.00 secs] 
1284.251: [GC (Allocation Failure) [PSYoungGen: 91008K->1408K(90624K)] 442767K->353167K(659456K), 0.0038596 secs] [Times: user=0.02 sys=0.00, real=0.00 secs] 
1286.048: [GC (Allocation Failure) [PSYoungGen: 90496K->1408K(90112K)] 442255K->353167K(658944K), 0.0017087 secs] [Times: user=0.01 sys=0.00, real=0.00 secs] 
1286.415: [GC (Allocation Failure) [PSYoungGen: 89984K->1408K(89600K)] 441743K->353167K(658432K), 0.0018812 secs] [Times: user=0.01 sys=0.00, real=0.00 secs] 
1287.143: [GC (Allocation Failure) [PSYoungGen: 89472K->400K(88064K)] 441231K->353183K(656896K), 0.0022634 secs] [Times: user=0.01 sys=0.00, real=0.00 secs] 
1288.519: [GC (Allocation Failure) [PSYoungGen: 87952K->1440K(89088K)] 440735K->354231K(657920K), 0.0019445 secs] [Times: user=0.00 sys=0.00, real=0.01 secs] 
1288.983: [GC (Allocation Failure) [PSYoungGen: 88480K->1408K(88064K)] 441271K->354199K(656896K), 0.0018845 secs] [Times: user=0.01 sys=0.00, real=0.00 secs] 
1290.015: [GC (Allocation Failure) [PSYoungGen: 87936K->1408K(87552K)] 440727K->354199K(656384K), 0.0037639 secs] [Times: user=0.01 sys=0.01, real=0.00 secs] 
1291.207: [GC (Allocation Failure) [PSYoungGen: 87424K->1408K(87040K)] 440215K->354215K(655872K), 0.0033650 secs] [Times: user=0.01 sys=0.00, real=0.01 secs] 
1292.705: [GC (Allocation Failure) [PSYoungGen: 86912K->1392K(86528K)] 439719K->354199K(655360K), 0.0031305 secs] [Times: user=0.01 sys=0.00, real=0.00 secs] 
1293.730: [GC (Allocation Failure) [PSYoungGen: 86384K->1440K(86016K)] 439191K->354247K(654848K), 0.0022088 secs] [Times: user=0.01 sys=0.00, real=0.01 secs] 
1294.944: [GC (Allocation Failure) [PSYoungGen: 85920K->1440K(85504K)] 438727K->354263K(654336K), 0.0026173 secs] [Times: user=0.01 sys=0.00, real=0.00 secs] 
1296.527: [GC (Allocation Failure) [PSYoungGen: 85408K->1408K(84992K)] 438231K->354239K(653824K), 0.0018761 secs] [Times: user=0.01 sys=0.00, real=0.00 secs] 
1296.880: [GC (Allocation Failure) [PSYoungGen: 84864K->1456K(84480K)] 437695K->354287K(653312K), 0.0024487 secs] [Times: user=0.01 sys=0.00, real=0.01 secs] 
1297.529: [GC (Allocation Failure) [PSYoungGen: 84400K->1360K(83968K)] 437231K->354191K(652800K), 0.0018012 secs] [Times: user=0.00 sys=0.00, real=0.01 secs] 
1298.827: [GC (Allocation Failure) [PSYoungGen: 83792K->1376K(83456K)] 436623K->354207K(652288K), 0.0017466 secs] [Times: user=0.01 sys=0.00, real=0.00 secs] 
1299.167: [GC (Allocation Failure) [PSYoungGen: 83296K->1376K(82944K)] 436127K->354215K(651776K), 0.0017047 secs] [Times: user=0.01 sys=0.00, real=0.00 secs] 
1299.510: [GC (Allocation Failure) [PSYoungGen: 82784K->1376K(89600K)] 435623K->354215K(658432K), 0.0027820 secs] [Times: user=0.01 sys=0.00, real=0.01 secs] 
1299.874: [GC (Allocation Failure) [PSYoungGen: 89440K->1408K(90112K)] 442279K->354247K(658944K), 0.0028807 secs] [Times: user=0.01 sys=0.00, real=0.00 secs] 
1302.411: [GC (Allocation Failure) [PSYoungGen: 89984K->1440K(90624K)] 442823K->354279K(659456K), 0.0025221 secs] [Times: user=0.01 sys=0.00, real=0.00 secs] 
1303.226: [GC (Allocation Failure) [PSYoungGen: 90016K->1376K(97792K)] 442855K->354215K(666624K), 0.0025478 secs] [Times: user=0.01 sys=0.01, real=0.00 secs] 
1304.799: [GC (Allocation Failure) [PSYoungGen: 97120K->1376K(96768K)] 449959K->354215K(665600K), 0.0041875 secs] [Times: user=0.02 sys=0.00, real=0.01 secs] 
1307.519: [GC (Allocation Failure) [PSYoungGen: 96608K->384K(95744K)] 449447K->354247K(664576K), 0.0024305 secs] [Times: user=0.01 sys=0.00, real=0.01 secs] 
1307.923: [GC (Allocation Failure) [PSYoungGen: 95104K->336K(94720K)] 448967K->354199K(663552K), 0.0019989 secs] [Times: user=0.01 sys=0.00, real=0.00 secs] 
1308.314: [GC (Allocation Failure) [PSYoungGen: 94544K->352K(96256K)] 448407K->354215K(665088K), 0.0022170 secs] [Times: user=0.01 sys=0.00, real=0.00 secs] 
1310.867: [GC (Allocation Failure) [PSYoungGen: 94560K->1376K(95232K)] 448423K->355247K(664064K), 0.0041285 secs] [Times: user=0.02 sys=0.00, real=0.01 secs] 
1311.870: [GC (Allocation Failure) [PSYoungGen: 95072K->1376K(94720K)] 448943K->355247K(663552K), 0.0031179 secs] [Times: user=0.01 sys=0.00, real=0.01 secs] 
1313.486: [GC (Allocation Failure) [PSYoungGen: 94560K->1344K(94208K)] 448431K->355223K(663040K), 0.0042280 secs] [Times: user=0.01 sys=0.00, real=0.00 secs] 
1315.056: [GC (Allocation Failure) [PSYoungGen: 94016K->1440K(93696K)] 447895K->355319K(662528K), 0.0027528 secs] [Times: user=0.01 sys=0.00, real=0.00 secs] 
1315.510: [GC (Allocation Failure) [PSYoungGen: 93600K->1376K(93184K)] 447479K->355255K(662016K), 0.0022195 secs] [Times: user=0.01 sys=0.01, real=0.01 secs] 
1316.618: [GC (Allocation Failure) [PSYoungGen: 93024K->1344K(92672K)] 446903K->355231K(661504K), 0.0041676 secs] [Times: user=0.02 sys=0.00, real=0.01 secs] 
1318.736: [GC (Allocation Failure) [PSYoungGen: 92480K->1472K(92160K)] 446367K->355359K(660992K), 0.0021840 secs] [Times: user=0.00 sys=0.00, real=0.00 secs] 
1320.044: [GC (Allocation Failure) [PSYoungGen: 92096K->1344K(91648K)] 445983K->355231K(660480K), 0.0022281 secs] [Times: user=0.01 sys=0.00, real=0.00 secs] 
1320.829: [GC (Allocation Failure) [PSYoungGen: 91456K->1392K(91136K)] 445343K->355279K(659968K), 0.0023909 secs] [Times: user=0.01 sys=0.00, real=0.01 secs] 
1322.419: [GC (Allocation Failure) [PSYoungGen: 90992K->1424K(90624K)] 444879K->355311K(659456K), 0.0020062 secs] [Times: user=0.01 sys=0.00, real=0.01 secs] 
1323.164: [GC (Allocation Failure) [PSYoungGen: 90512K->1392K(90112K)] 444399K->355279K(658944K), 0.0022736 secs] [Times: user=0.01 sys=0.00, real=0.00 secs] 
1323.827: [GC (Allocation Failure) [PSYoungGen: 89968K->1376K(89600K)] 443855K->355263K(658432K), 0.0024393 secs] [Times: user=0.01 sys=0.00, real=0.00 secs] 
1325.149: [GC (Allocation Failure) [PSYoungGen: 89440K->1472K(89088K)] 443327K->355359K(657920K), 0.0017459 secs] [Times: user=0.01 sys=0.00, real=0.01 secs] 
1325.866: [GC (Allocation Failure) [PSYoungGen: 89024K->1424K(88576K)] 442911K->355311K(657408K), 0.0018784 secs] [Times: user=0.01 sys=0.00, real=0.00 secs] 
1326.540: [GC (Allocation Failure) [PSYoungGen: 88464K->1408K(88064K)] 442351K->355295K(656896K), 0.0019974 secs] [Times: user=0.01 sys=0.00, real=0.01 secs] 
1327.725: [GC (Allocation Failure) [PSYoungGen: 87936K->1920K(88064K)] 441823K->355807K(656896K), 0.0016606 secs] [Times: user=0.01 sys=0.00, real=0.00 secs] 
1328.088: [GC (Allocation Failure) [PSYoungGen: 87936K->1376K(87040K)] 441823K->355263K(655872K), 0.0019188 secs] [Times: user=0.01 sys=0.00, real=0.00 secs] 
1328.443: [GC (Allocation Failure) [PSYoungGen: 86880K->1376K(86528K)] 440767K->355263K(655360K), 0.0018229 secs] [Times: user=0.01 sys=0.00, real=0.00 secs] 
1328.808: [GC (Allocation Failure) [PSYoungGen: 86368K->1376K(86016K)] 440255K->355271K(654848K), 0.0017766 secs] [Times: user=0.01 sys=0.00, real=0.00 secs] 
1330.274: [GC (Allocation Failure) [PSYoungGen: 85856K->1440K(85504K)] 439751K->355335K(654336K), 0.0036371 secs] [Times: user=0.01 sys=0.00, real=0.00 secs] 
1330.979: [GC (Allocation Failure) [PSYoungGen: 85408K->1408K(84992K)] 439303K->355303K(653824K), 0.0034990 secs] [Times: user=0.01 sys=0.00, real=0.01 secs] 
1331.619: [GC (Allocation Failure) [PSYoungGen: 84864K->1408K(84480K)] 438759K->355303K(653312K), 0.0022410 secs] [Times: user=0.00 sys=0.00, real=0.01 secs] 
1333.158: [GC (Allocation Failure) [PSYoungGen: 84352K->1408K(83968K)] 438247K->355303K(652800K), 0.0041766 secs] [Times: user=0.02 sys=0.00, real=0.01 secs] 
1334.477: [GC (Allocation Failure) [PSYoungGen: 83840K->1408K(83456K)] 437735K->355303K(652288K), 0.0041139 secs] [Times: user=0.01 sys=0.00, real=0.01 secs] 
1335.583: [GC (Allocation Failure) [PSYoungGen: 83328K->1408K(82944K)] 437223K->355303K(651776K), 0.0035279 secs] [Times: user=0.02 sys=0.00, real=0.00 secs] 
1336.615: [GC (Allocation Failure) [PSYoungGen: 82816K->1408K(82432K)] 436711K->355303K(651264K), 0.0032810 secs] [Times: user=0.02 sys=0.01, real=0.00 secs] 
1338.894: [GC (Allocation Failure) [PSYoungGen: 82304K->1440K(81920K)] 436199K->355343K(650752K), 0.0030891 secs] [Times: user=0.02 sys=0.00, real=0.00 secs] 
1339.862: [GC (Allocation Failure) [PSYoungGen: 81824K->1376K(81408K)] 435727K->355279K(650240K), 0.0032114 secs] [Times: user=0.02 sys=0.00, real=0.00 secs] 
1340.791: [GC (Allocation Failure) [PSYoungGen: 81248K->1408K(80896K)] 435151K->355311K(649728K), 0.0034573 secs] [Times: user=0.02 sys=0.00, real=0.00 secs] 
1342.242: [GC (Allocation Failure) [PSYoungGen: 80768K->1424K(80384K)] 434671K->355327K(649216K), 0.0018100 secs] [Times: user=0.01 sys=0.00, real=0.00 secs] 
1342.575: [GC (Allocation Failure) [PSYoungGen: 80272K->1408K(79872K)] 434175K->355319K(648704K), 0.0019810 secs] [Times: user=0.01 sys=0.01, real=0.00 secs] 
1342.903: [GC (Allocation Failure) [PSYoungGen: 79744K->1360K(80384K)] 433655K->355271K(649216K), 0.0018356 secs] [Times: user=0.01 sys=0.00, real=0.00 secs] 
1343.239: [GC (Allocation Failure) [PSYoungGen: 80208K->1376K(80896K)] 434119K->355303K(649728K), 0.0018695 secs] [Times: user=0.01 sys=0.00, real=0.01 secs] 
1345.578: [GC (Allocation Failure) [PSYoungGen: 80224K->1440K(79872K)] 434151K->355367K(648704K), 0.0031714 secs] [Times: user=0.02 sys=0.00, real=0.01 secs] 
1346.299: [GC (Allocation Failure) [PSYoungGen: 79776K->1376K(79360K)] 433703K->355311K(648192K), 0.0032338 secs] [Times: user=0.01 sys=0.00, real=0.01 secs] 
1346.756: [GC (Allocation Failure) [PSYoungGen: 79200K->1408K(85504K)] 433135K->355343K(654336K), 0.0020399 secs] [Times: user=0.00 sys=0.00, real=0.00 secs] 
1348.430: [GC (Allocation Failure) [PSYoungGen: 85376K->1408K(84992K)] 439311K->355343K(653824K), 0.0043119 secs] [Times: user=0.01 sys=0.00, real=0.01 secs] 
1349.196: [GC (Allocation Failure) [PSYoungGen: 84864K->304K(83456K)] 438799K->355279K(652288K), 0.0029219 secs] [Times: user=0.01 sys=0.01, real=0.00 secs] 
1349.898: [GC (Allocation Failure) [PSYoungGen: 83248K->384K(84480K)] 438223K->355367K(653312K), 0.0022209 secs] [Times: user=0.01 sys=0.00, real=0.00 secs] 
1350.578: [GC (Allocation Failure) [PSYoungGen: 82816K->352K(82944K)] 437799K->355335K(651776K), 0.0024497 secs] [Times: user=0.01 sys=0.00, real=0.01 secs] 
1352.191: [GC (Allocation Failure) [PSYoungGen: 82272K->1472K(82944K)] 437255K->356455K(651776K), 0.0024704 secs] [Times: user=0.01 sys=0.00, real=0.00 secs] 
1353.040: [GC (Allocation Failure) [PSYoungGen: 82880K->1408K(82432K)] 437863K->356391K(651264K), 0.0025960 secs] [Times: user=0.01 sys=0.00, real=0.01 secs] 
1354.032: [GC (Allocation Failure) [PSYoungGen: 82304K->1408K(81920K)] 437287K->356391K(650752K), 0.0027697 secs] [Times: user=0.00 sys=0.00, real=0.00 secs] 
1355.691: [GC (Allocation Failure) [PSYoungGen: 81792K->1408K(81408K)] 436775K->356391K(650240K), 0.0023657 secs] [Times: user=0.01 sys=0.00, real=0.01 secs] 
1356.163: [GC (Allocation Failure) [PSYoungGen: 81280K->1408K(80896K)] 436263K->356391K(649728K), 0.0022566 secs] [Times: user=0.00 sys=0.01, real=0.00 secs] 
1356.495: [GC (Allocation Failure) [PSYoungGen: 80768K->1408K(81408K)] 435751K->356391K(650240K), 0.0029898 secs] [Times: user=0.02 sys=0.00, real=0.00 secs] 
1356.825: [GC (Allocation Failure) [PSYoungGen: 80768K->1376K(81408K)] 435751K->356359K(650240K), 0.0019460 secs] [Times: user=0.00 sys=0.00, real=0.00 secs] 
1358.800: [GC (Allocation Failure) [PSYoungGen: 80736K->1440K(87552K)] 435719K->356423K(656384K), 0.0041239 secs] [Times: user=0.02 sys=0.01, real=0.01 secs] 
1360.146: [GC (Allocation Failure) [PSYoungGen: 87456K->1376K(88064K)] 442439K->356367K(656896K), 0.0041334 secs] [Times: user=0.02 sys=0.00, real=0.00 secs] 
1361.239: [GC (Allocation Failure) [PSYoungGen: 87392K->1408K(87040K)] 442383K->356399K(655872K), 0.0036553 secs] [Times: user=0.01 sys=0.00, real=0.01 secs] 
1362.894: [GC (Allocation Failure) [PSYoungGen: 86912K->1472K(86528K)] 441903K->356463K(655360K), 0.0023098 secs] [Times: user=0.01 sys=0.00, real=0.00 secs] 
1363.551: [GC (Allocation Failure) [PSYoungGen: 86464K->1376K(93184K)] 441455K->356367K(662016K), 0.0041232 secs] [Times: user=0.02 sys=0.00, real=0.00 secs] 
1364.313: [GC (Allocation Failure) [PSYoungGen: 93024K->1376K(93696K)] 448015K->356367K(662528K), 0.0032922 secs] [Times: user=0.01 sys=0.00, real=0.00 secs] 
1365.776: [GC (Allocation Failure) [PSYoungGen: 93024K->1440K(92672K)] 448015K->356431K(661504K), 0.0020661 secs] [Times: user=0.00 sys=0.01, real=0.00 secs] 
1366.235: [GC (Allocation Failure) [PSYoungGen: 92576K->1376K(92160K)] 447567K->356367K(660992K), 0.0020992 secs] [Times: user=0.01 sys=0.00, real=0.00 secs] 
1367.168: [GC (Allocation Failure) [PSYoungGen: 92000K->1376K(91648K)] 446991K->356367K(660480K), 0.0030293 secs] [Times: user=0.02 sys=0.00, real=0.00 secs] 
1368.626: [GC (Allocation Failure) [PSYoungGen: 91488K->1408K(91136K)] 446479K->356399K(659968K), 0.0017618 secs] [Times: user=0.01 sys=0.01, real=0.00 secs] 
1369.029: [GC (Allocation Failure) [PSYoungGen: 91008K->1376K(90624K)] 445999K->356375K(659456K), 0.0017891 secs] [Times: user=0.01 sys=0.00, real=0.01 secs] 
1369.399: [GC (Allocation Failure) [PSYoungGen: 90464K->1424K(98304K)] 445463K->356423K(667136K), 0.0021896 secs] [Times: user=0.01 sys=0.00, real=0.01 secs] 
1370.530: [GC (Allocation Failure) [PSYoungGen: 97680K->1376K(97280K)] 452679K->356375K(666112K), 0.0016702 secs] [Times: user=0.01 sys=0.00, real=0.01 secs] 
1370.968: [GC (Allocation Failure) [PSYoungGen: 97120K->1344K(96768K)] 452119K->356343K(665600K), 0.0019677 secs] [Times: user=0.01 sys=0.00, real=0.00 secs] 
1371.427: [GC (Allocation Failure) [PSYoungGen: 96576K->1408K(96256K)] 451575K->356407K(665088K), 0.0018852 secs] [Times: user=0.01 sys=0.00, real=0.00 secs] 
1372.782: [GC (Allocation Failure) [PSYoungGen: 96128K->1376K(95744K)] 451127K->356375K(664576K), 0.0020677 secs] [Times: user=0.01 sys=0.00, real=0.00 secs] 
1373.302: [GC (Allocation Failure) [PSYoungGen: 95584K->1408K(95232K)] 450583K->356407K(664064K), 0.0018766 secs] [Times: user=0.01 sys=0.00, real=0.00 secs] 
1374.107: [GC (Allocation Failure) [PSYoungGen: 95104K->1376K(94720K)] 450103K->356375K(663552K), 0.0034028 secs] [Times: user=0.01 sys=0.00, real=0.01 secs] 
1375.831: [GC (Allocation Failure) [PSYoungGen: 94560K->1408K(94208K)] 449559K->356407K(663040K), 0.0022032 secs] [Times: user=0.01 sys=0.00, real=0.00 secs] 
1376.711: [GC (Allocation Failure) [PSYoungGen: 94080K->1360K(93696K)] 449079K->356359K(662528K), 0.0040985 secs] [Times: user=0.01 sys=0.00, real=0.00 secs] 
1377.579: [GC (Allocation Failure) [PSYoungGen: 93520K->1376K(93184K)] 448519K->356391K(662016K), 0.0029578 secs] [Times: user=0.01 sys=0.00, real=0.01 secs] 
1378.681: [GC (Allocation Failure) [PSYoungGen: 93024K->1440K(92672K)] 448039K->357479K(661504K), 0.0019733 secs] [Times: user=0.00 sys=0.00, real=0.00 secs] 
1379.612: [GC (Allocation Failure) [PSYoungGen: 92576K->352K(91136K)] 448615K->357415K(659968K), 0.0040325 secs] [Times: user=0.02 sys=0.00, real=0.00 secs] 
1380.649: [GC (Allocation Failure) [PSYoungGen: 90976K->320K(92160K)] 448039K->357383K(660992K), 0.0035561 secs] [Times: user=0.01 sys=0.00, real=0.01 secs] 
1381.358: [GC (Allocation Failure) [PSYoungGen: 90432K->384K(90624K)] 447495K->357447K(659456K), 0.0027437 secs] [Times: user=0.01 sys=0.00, real=0.01 secs] 
1382.508: [GC (Allocation Failure) [PSYoungGen: 89984K->1408K(90624K)] 447047K->358471K(659456K), 0.0016591 secs] [Times: user=0.01 sys=0.00, real=0.00 secs] 
1382.877: [GC (Allocation Failure) [PSYoungGen: 90496K->1344K(90112K)] 447559K->358407K(658944K), 0.0016183 secs] [Times: user=0.01 sys=0.00, real=0.00 secs] 
1383.244: [GC (Allocation Failure) [PSYoungGen: 89920K->1408K(89600K)] 446983K->358471K(658432K), 0.0016831 secs] [Times: user=0.01 sys=0.00, real=0.00 secs] 
1385.412: [GC (Allocation Failure) [PSYoungGen: 89472K->1408K(89088K)] 446535K->358471K(657920K), 0.0034256 secs] [Times: user=0.01 sys=0.00, real=0.00 secs] 
1386.933: [GC (Allocation Failure) [PSYoungGen: 88960K->1376K(88576K)] 446023K->358439K(657408K), 0.0043214 secs] [Times: user=0.02 sys=0.01, real=0.00 secs] 
1387.821: [GC (Allocation Failure) [PSYoungGen: 88416K->1408K(88064K)] 445479K->358471K(656896K), 0.0022275 secs] [Times: user=0.01 sys=0.00, real=0.01 secs] 
1388.973: [GC (Allocation Failure) [PSYoungGen: 87936K->1408K(87552K)] 444999K->358471K(656384K), 0.0018470 secs] [Times: user=0.01 sys=0.00, real=0.00 secs] 
1389.381: [GC (Allocation Failure) [PSYoungGen: 87424K->1376K(87040K)] 444487K->358447K(655872K), 0.0020747 secs] [Times: user=0.01 sys=0.00, real=0.00 secs] 
1389.738: [GC (Allocation Failure) [PSYoungGen: 86880K->1344K(87552K)] 443951K->358415K(656384K), 0.0022124 secs] [Times: user=0.01 sys=0.00, real=0.00 secs] 
1390.963: [GC (Allocation Failure) [PSYoungGen: 86848K->1408K(86528K)] 443919K->358479K(655360K), 0.0020690 secs] [Times: user=0.01 sys=0.00, real=0.00 secs] 
1391.678: [GC (Allocation Failure) [PSYoungGen: 86400K->1408K(86016K)] 443471K->358479K(654848K), 0.0030939 secs] [Times: user=0.01 sys=0.01, real=0.01 secs] 
1392.362: [GC (Allocation Failure) [PSYoungGen: 85888K->1376K(85504K)] 442959K->358447K(654336K), 0.0027227 secs] [Times: user=0.01 sys=0.00, real=0.00 secs] 
1393.377: [GC (Allocation Failure) [PSYoungGen: 85344K->1376K(84992K)] 442415K->358447K(653824K), 0.0044814 secs] [Times: user=0.02 sys=0.00, real=0.01 secs] 
1394.647: [GC (Allocation Failure) [PSYoungGen: 84832K->1376K(84480K)] 441903K->358447K(653312K), 0.0020382 secs] [Times: user=0.01 sys=0.00, real=0.00 secs] 
1395.022: [GC (Allocation Failure) [PSYoungGen: 84320K->1376K(83968K)] 441391K->358447K(652800K), 0.0019192 secs] [Times: user=0.01 sys=0.00, real=0.00 secs] 
1395.510: [GC (Allocation Failure) [PSYoungGen: 83808K->1376K(90624K)] 440879K->358447K(659456K), 0.0021610 secs] [Times: user=0.01 sys=0.00, real=0.01 secs] 
1397.098: [GC (Allocation Failure) [PSYoungGen: 90464K->1376K(90112K)] 447535K->358447K(658944K), 0.0019980 secs] [Times: user=0.00 sys=0.00, real=0.00 secs] 
1398.131: [GC (Allocation Failure) [PSYoungGen: 89952K->1408K(89600K)] 447023K->358479K(658432K), 0.0024145 secs] [Times: user=0.01 sys=0.00, real=0.00 secs] 
1398.951: [GC (Allocation Failure) [PSYoungGen: 89472K->1344K(89088K)] 446543K->358423K(657920K), 0.0023719 secs] [Times: user=0.01 sys=0.00, real=0.01 secs] 
1400.357: [GC (Allocation Failure) [PSYoungGen: 88896K->1408K(88576K)] 445975K->358487K(657408K), 0.0017059 secs] [Times: user=0.01 sys=0.00, real=0.00 secs] 
1401.468: [GC (Allocation Failure) [PSYoungGen: 88448K->1376K(88064K)] 445527K->358455K(656896K), 0.0023370 secs] [Times: user=0.01 sys=0.00, real=0.00 secs] 
1402.644: [GC (Allocation Failure) [PSYoungGen: 87904K->1376K(87552K)] 444983K->358455K(656384K), 0.0045521 secs] [Times: user=0.02 sys=0.00, real=0.00 secs] 
1404.289: [GC (Allocation Failure) [PSYoungGen: 87392K->1920K(87552K)] 444471K->358999K(656384K), 0.0018119 secs] [Times: user=0.01 sys=0.00, real=0.00 secs] 
1405.512: [GC (Allocation Failure) [PSYoungGen: 87424K->1376K(86528K)] 444503K->358455K(655360K), 0.0036754 secs] [Times: user=0.02 sys=0.00, real=0.00 secs] 
1406.243: [GC (Allocation Failure) [PSYoungGen: 86368K->1424K(86016K)] 443447K->358511K(654848K), 0.0035106 secs] [Times: user=0.01 sys=0.00, real=0.00 secs] 
1406.887: [GC (Allocation Failure) [PSYoungGen: 85904K->1376K(85504K)] 442991K->358463K(654336K), 0.0031584 secs] [Times: user=0.01 sys=0.00, real=0.00 secs] 
1408.402: [GC (Allocation Failure) [PSYoungGen: 85344K->1392K(84992K)] 442431K->358479K(653824K), 0.0031818 secs] [Times: user=0.01 sys=0.00, real=0.00 secs] 
1409.267: [GC (Allocation Failure) [PSYoungGen: 84848K->1408K(84480K)] 441935K->358495K(653312K), 0.0031432 secs] [Times: user=0.01 sys=0.00, real=0.00 secs] 
1409.958: [GC (Allocation Failure) [PSYoungGen: 84352K->1408K(83968K)] 441439K->358503K(652800K), 0.0028633 secs] [Times: user=0.01 sys=0.00, real=0.00 secs] 
1411.284: [GC (Allocation Failure) [PSYoungGen: 83840K->1392K(83456K)] 440935K->358487K(652288K), 0.0018930 secs] [Times: user=0.01 sys=0.00, real=0.00 secs] 
1411.625: [GC (Allocation Failure) [PSYoungGen: 83312K->1376K(82944K)] 440407K->358471K(651776K), 0.0019143 secs] [Times: user=0.01 sys=0.00, real=0.00 secs] 
1411.963: [GC (Allocation Failure) [PSYoungGen: 82784K->1360K(83456K)] 439879K->358455K(652288K), 0.0020688 secs] [Times: user=0.01 sys=0.00, real=0.00 secs] 
1412.456: [GC (Allocation Failure) [PSYoungGen: 83280K->1376K(83968K)] 440375K->358471K(652800K), 0.0019642 secs] [Times: user=0.01 sys=0.00, real=0.00 secs] 
1413.826: [GC (Allocation Failure) [PSYoungGen: 83296K->1408K(82944K)] 440391K->358503K(651776K), 0.0033633 secs] [Times: user=0.01 sys=0.01, real=0.00 secs] 
1414.271: [GC (Allocation Failure) [PSYoungGen: 82816K->1408K(90112K)] 439911K->358503K(658944K), 0.0031897 secs] [Times: user=0.01 sys=0.00, real=0.00 secs] 
1414.658: [GC (Allocation Failure) [PSYoungGen: 89472K->1344K(90624K)] 446567K->358439K(659456K), 0.0020203 secs] [Times: user=0.01 sys=0.00, real=0.00 secs] 
1415.925: [GC (Allocation Failure) [PSYoungGen: 89920K->1472K(90624K)] 447015K->358567K(659456K), 0.0021483 secs] [Times: user=0.00 sys=0.00, real=0.00 secs] 
1416.622: [GC (Allocation Failure) [PSYoungGen: 90048K->1376K(89600K)] 447143K->358487K(658432K), 0.0021580 secs] [Times: user=0.00 sys=0.00, real=0.00 secs] 
1416.988: [GC (Allocation Failure) [PSYoungGen: 89440K->1376K(97280K)] 446551K->358487K(666112K), 0.0023219 secs] [Times: user=0.01 sys=0.00, real=0.00 secs] 
1418.440: [GC (Allocation Failure) [PSYoungGen: 96608K->1440K(96256K)] 453719K->358551K(665088K), 0.0018706 secs] [Times: user=0.01 sys=0.00, real=0.01 secs] 
1419.021: [GC (Allocation Failure) [PSYoungGen: 96160K->1376K(97280K)] 453271K->358487K(666112K), 0.0027878 secs] [Times: user=0.01 sys=0.00, real=0.00 secs] 
1419.792: [GC (Allocation Failure) [PSYoungGen: 97120K->1360K(96768K)] 454231K->358471K(665600K), 0.0024500 secs] [Times: user=0.01 sys=0.00, real=0.00 secs] 
1421.076: [GC (Allocation Failure) [PSYoungGen: 96592K->1456K(96256K)] 453703K->358567K(665088K), 0.0020578 secs] [Times: user=0.01 sys=0.00, real=0.00 secs] 
1421.469: [GC (Allocation Failure) [PSYoungGen: 96176K->352K(94720K)] 453287K->358487K(663552K), 0.0016727 secs] [Times: user=0.01 sys=0.00, real=0.01 secs] 
1422.263: [GC (Allocation Failure) [PSYoungGen: 94560K->320K(95744K)] 452695K->358455K(664576K), 0.0033960 secs] [Times: user=0.01 sys=0.00, real=0.00 secs] 
1423.691: [GC (Allocation Failure) [PSYoungGen: 94016K->1376K(94720K)] 452151K->359511K(663552K), 0.0020466 secs] [Times: user=0.01 sys=0.00, real=0.00 secs] 
1424.129: [GC (Allocation Failure) [PSYoungGen: 94560K->1392K(94208K)] 452695K->359527K(663040K), 0.0021064 secs] [Times: user=0.01 sys=0.01, real=0.01 secs] 
1424.514: [GC (Allocation Failure) [PSYoungGen: 94064K->1360K(100352K)] 452199K->359495K(669184K), 0.0021992 secs] [Times: user=0.01 sys=0.00, real=0.00 secs] 
1426.258: [GC (Allocation Failure) [PSYoungGen: 100176K->1440K(99840K)] 458311K->359591K(668672K), 0.0021877 secs] [Times: user=0.01 sys=0.00, real=0.00 secs] 
1426.704: [GC (Allocation Failure) [PSYoungGen: 99744K->1376K(99328K)] 457895K->359527K(668160K), 0.0023099 secs] [Times: user=0.01 sys=0.00, real=0.00 secs] 
1427.169: [GC (Allocation Failure) [PSYoungGen: 99168K->1376K(99840K)] 457319K->359527K(668672K), 0.0020483 secs] [Times: user=0.01 sys=0.00, real=0.01 secs] 
1429.708: [GC (Allocation Failure) [PSYoungGen: 99168K->1408K(98816K)] 457319K->359559K(667648K), 0.0036375 secs] [Times: user=0.02 sys=0.00, real=0.01 secs] 
1430.318: [GC (Allocation Failure) [PSYoungGen: 98688K->1376K(98304K)] 456839K->359527K(667136K), 0.0023623 secs] [Times: user=0.01 sys=0.00, real=0.00 secs] 
1431.137: [GC (Allocation Failure) [PSYoungGen: 98144K->1408K(97792K)] 456295K->359559K(666624K), 0.0024075 secs] [Times: user=0.01 sys=0.00, real=0.00 secs] 
1432.715: [GC (Allocation Failure) [PSYoungGen: 97664K->1376K(97280K)] 455815K->359535K(666112K), 0.0020300 secs] [Times: user=0.01 sys=0.00, real=0.00 secs] 
1433.666: [GC (Allocation Failure) [PSYoungGen: 97120K->1376K(96768K)] 455279K->359535K(665600K), 0.0034829 secs] [Times: user=0.01 sys=0.00, real=0.00 secs] 
1434.546: [GC (Allocation Failure) [PSYoungGen: 96608K->1376K(96256K)] 454767K->359535K(665088K), 0.0024846 secs] [Times: user=0.01 sys=0.00, real=0.00 secs] 
1436.651: [GC (Allocation Failure) [PSYoungGen: 96096K->1440K(95744K)] 454255K->359599K(664576K), 0.0042694 secs] [Times: user=0.02 sys=0.00, real=0.00 secs] 
1438.153: [GC (Allocation Failure) [PSYoungGen: 95648K->1376K(95232K)] 453807K->359535K(664064K), 0.0045158 secs] [Times: user=0.02 sys=0.00, real=0.00 secs] 
1438.995: [GC (Allocation Failure) [PSYoungGen: 95072K->1376K(94720K)] 453231K->359535K(663552K), 0.0024220 secs] [Times: user=0.01 sys=0.00, real=0.00 secs] 
1440.668: [GC (Allocation Failure) [PSYoungGen: 94560K->1456K(94208K)] 452719K->359623K(663040K), 0.0019986 secs] [Times: user=0.00 sys=0.00, real=0.00 secs] 
1441.083: [GC (Allocation Failure) [PSYoungGen: 94128K->1376K(93696K)] 452295K->359543K(662528K), 0.0021216 secs] [Times: user=0.01 sys=0.00, real=0.00 secs] 
1441.467: [GC (Allocation Failure) [PSYoungGen: 93536K->1376K(93184K)] 451703K->359543K(662016K), 0.0021601 secs] [Times: user=0.00 sys=0.00, real=0.00 secs] 
1442.766: [GC (Allocation Failure) [PSYoungGen: 93024K->1440K(92672K)] 451191K->359607K(661504K), 0.0023533 secs] [Times: user=0.01 sys=0.00, real=0.00 secs] 
1443.473: [GC (Allocation Failure) [PSYoungGen: 92576K->1376K(92160K)] 450743K->359543K(660992K), 0.0033510 secs] [Times: user=0.02 sys=0.00, real=0.00 secs] 
1444.233: [GC (Allocation Failure) [PSYoungGen: 92000K->1408K(91648K)] 450167K->359575K(660480K), 0.0028246 secs] [Times: user=0.01 sys=0.00, real=0.00 secs] 
1446.148: [GC (Allocation Failure) [PSYoungGen: 91520K->1408K(91136K)] 449687K->359575K(659968K), 0.0033963 secs] [Times: user=0.01 sys=0.00, real=0.01 secs] 
1447.480: [GC (Allocation Failure) [PSYoungGen: 91008K->1392K(90624K)] 449175K->359559K(659456K), 0.0026821 secs] [Times: user=0.01 sys=0.00, real=0.01 secs] 
1447.841: [GC (Allocation Failure) [PSYoungGen: 90480K->1408K(90112K)] 448647K->359575K(658944K), 0.0022516 secs] [Times: user=0.01 sys=0.00, real=0.00 secs] 
1449.216: [GC (Allocation Failure) [PSYoungGen: 89984K->1408K(89600K)] 448151K->359575K(658432K), 0.0041916 secs] [Times: user=0.02 sys=0.01, real=0.00 secs] 
1449.732: [GC (Allocation Failure) [PSYoungGen: 89472K->1376K(89088K)] 447639K->359559K(657920K), 0.0021376 secs] [Times: user=0.01 sys=0.00, real=0.00 secs] 
1450.097: [GC (Allocation Failure) [PSYoungGen: 88928K->1344K(96256K)] 447111K->359527K(665088K), 0.0019486 secs] [Times: user=0.01 sys=0.00, real=0.00 secs] 
1451.409: [GC (Allocation Failure) [PSYoungGen: 96064K->1440K(95744K)] 454247K->359631K(664576K), 0.0020028 secs] [Times: user=0.01 sys=0.00, real=0.01 secs] 
1452.052: [GC (Allocation Failure) [PSYoungGen: 95648K->384K(94208K)] 453839K->359599K(663040K), 0.0019420 secs] [Times: user=0.00 sys=0.00, real=0.00 secs] 
1452.441: [GC (Allocation Failure) [PSYoungGen: 94080K->384K(95232K)] 453295K->359599K(664064K), 0.0020450 secs] [Times: user=0.00 sys=0.00, real=0.00 secs] 
1453.803: [GC (Allocation Failure) [PSYoungGen: 93568K->1440K(94208K)] 452783K->360655K(663040K), 0.0022486 secs] [Times: user=0.01 sys=0.00, real=0.00 secs] 
1455.120: [GC (Allocation Failure) [PSYoungGen: 94112K->1344K(93696K)] 453327K->360559K(662528K), 0.0042630 secs] [Times: user=0.01 sys=0.00, real=0.01 secs] 
1456.064: [GC (Allocation Failure) [PSYoungGen: 93504K->1440K(93184K)] 452719K->360655K(662016K), 0.0026672 secs] [Times: user=0.01 sys=0.00, real=0.00 secs] 
1457.764: [GC (Allocation Failure) [PSYoungGen: 93088K->1392K(92672K)] 452303K->360615K(661504K), 0.0018785 secs] [Times: user=0.01 sys=0.00, real=0.00 secs] 
1458.712: [GC (Allocation Failure) [PSYoungGen: 92528K->1376K(92160K)] 451751K->360599K(660992K), 0.0032445 secs] [Times: user=0.01 sys=0.00, real=0.00 secs] 
1459.454: [GC (Allocation Failure) [PSYoungGen: 92000K->1392K(91648K)] 451223K->360623K(660480K), 0.0033526 secs] [Times: user=0.01 sys=0.00, real=0.00 secs] 
1461.011: [GC (Allocation Failure) [PSYoungGen: 91504K->1504K(91136K)] 450735K->360751K(659968K), 0.0019649 secs] [Times: user=0.00 sys=0.00, real=0.00 secs] 
1461.954: [GC (Allocation Failure) [PSYoungGen: 91104K->1376K(90624K)] 450351K->360631K(659456K), 0.0034351 secs] [Times: user=0.01 sys=0.00, real=0.00 secs] 
1462.778: [GC (Allocation Failure) [PSYoungGen: 90464K->1408K(90112K)] 449719K->360663K(658944K), 0.0026226 secs] [Times: user=0.01 sys=0.01, real=0.00 secs] 
1463.608: [GC (Allocation Failure) [PSYoungGen: 89984K->1376K(89600K)] 449239K->360639K(658432K), 0.0023848 secs] [Times: user=0.01 sys=0.00, real=0.01 secs] 
1464.676: [GC (Allocation Failure) [PSYoungGen: 89440K->1392K(89088K)] 448703K->360655K(657920K), 0.0019546 secs] [Times: user=0.01 sys=0.00, real=0.00 secs] 
1465.040: [GC (Allocation Failure) [PSYoungGen: 88944K->1408K(88576K)] 448207K->360671K(657408K), 0.0018775 secs] [Times: user=0.00 sys=0.00, real=0.01 secs] 
1465.482: [GC (Allocation Failure) [PSYoungGen: 88448K->1408K(89088K)] 447711K->360671K(657920K), 0.0027647 secs] [Times: user=0.01 sys=0.00, real=0.00 secs] 
1467.016: [GC (Allocation Failure) [PSYoungGen: 88960K->1424K(88576K)] 448223K->360687K(657408K), 0.0021165 secs] [Times: user=0.00 sys=0.01, real=0.00 secs] 
1467.813: [GC (Allocation Failure) [PSYoungGen: 88464K->1408K(88064K)] 447727K->360671K(656896K), 0.0030456 secs] [Times: user=0.01 sys=0.00, real=0.00 secs] 
1468.630: [GC (Allocation Failure) [PSYoungGen: 87936K->1376K(87552K)] 447199K->360663K(656384K), 0.0030404 secs] [Times: user=0.02 sys=0.00, real=0.01 secs] 
1470.926: [GC (Allocation Failure) [PSYoungGen: 87392K->1376K(87040K)] 446679K->360671K(655872K), 0.0030737 secs] [Times: user=0.01 sys=0.00, real=0.00 secs] 
1471.711: [GC (Allocation Failure) [PSYoungGen: 86880K->1392K(86528K)] 446175K->360687K(655360K), 0.0023481 secs] [Times: user=0.00 sys=0.00, real=0.00 secs] 
1472.444: [GC (Allocation Failure) [PSYoungGen: 86384K->1376K(86016K)] 445679K->360671K(654848K), 0.0021131 secs] [Times: user=0.01 sys=0.00, real=0.00 secs] 
1473.612: [GC (Allocation Failure) [PSYoungGen: 85856K->1888K(86016K)] 445151K->361183K(654848K), 0.0022150 secs] [Times: user=0.01 sys=0.00, real=0.00 secs] 
1474.581: [GC (Allocation Failure) [PSYoungGen: 85856K->1408K(84992K)] 445151K->360703K(653824K), 0.0019138 secs] [Times: user=0.01 sys=0.00, real=0.00 secs] 
1475.213: [GC (Allocation Failure) [PSYoungGen: 84864K->1376K(84480K)] 444159K->360671K(653312K), 0.0021679 secs] [Times: user=0.00 sys=0.00, real=0.00 secs] 
1475.559: [GC (Allocation Failure) [PSYoungGen: 84320K->1408K(83968K)] 443615K->360703K(652800K), 0.0020232 secs] [Times: user=0.01 sys=0.00, real=0.01 secs] 
1477.663: [GC (Allocation Failure) [PSYoungGen: 83840K->1408K(83456K)] 443135K->360711K(652288K), 0.0043809 secs] [Times: user=0.02 sys=0.00, real=0.00 secs] 
1478.630: [GC (Allocation Failure) [PSYoungGen: 83328K->1344K(82944K)] 442631K->360647K(651776K), 0.0027982 secs] [Times: user=0.01 sys=0.00, real=0.01 secs] 
1479.573: [GC (Allocation Failure) [PSYoungGen: 82752K->1344K(82432K)] 442055K->360663K(651264K), 0.0032095 secs] [Times: user=0.01 sys=0.00, real=0.00 secs] 
1481.358: [GC (Allocation Failure) [PSYoungGen: 82240K->1440K(81920K)] 441559K->360759K(650752K), 0.0026742 secs] [Times: user=0.01 sys=0.00, real=0.01 secs] 
1481.905: [GC (Allocation Failure) [PSYoungGen: 81824K->1344K(81408K)] 441143K->360663K(650240K), 0.0021951 secs] [Times: user=0.01 sys=0.01, real=0.00 secs] 
1482.270: [GC (Allocation Failure) [PSYoungGen: 81216K->1344K(80896K)] 440535K->360663K(649728K), 0.0019166 secs] [Times: user=0.00 sys=0.00, real=0.01 secs] 
1482.750: [GC (Allocation Failure) [PSYoungGen: 80704K->1376K(80384K)] 440023K->360695K(649216K), 0.0021737 secs] [Times: user=0.01 sys=0.00, real=0.01 secs] 
1484.283: [GC (Allocation Failure) [PSYoungGen: 80224K->1408K(79872K)] 439543K->360727K(648704K), 0.0040579 secs] [Times: user=0.02 sys=0.01, real=0.00 secs] 
1485.346: [GC (Allocation Failure) [PSYoungGen: 79744K->1376K(80896K)] 439063K->360703K(649728K), 0.0095326 secs] [Times: user=0.04 sys=0.00, real=0.01 secs] 
1486.230: [GC (Allocation Failure) [PSYoungGen: 80224K->1376K(87552K)] 439551K->360703K(656384K), 0.0037138 secs] [Times: user=0.02 sys=0.00, real=0.01 secs] 
1487.742: [GC (Allocation Failure) [PSYoungGen: 86880K->1440K(86528K)] 446207K->360767K(655360K), 0.0020544 secs] [Times: user=0.01 sys=0.00, real=0.00 secs] 
1488.734: [GC (Allocation Failure) [PSYoungGen: 86432K->1376K(86016K)] 445759K->360703K(654848K), 0.0030546 secs] [Times: user=0.01 sys=0.00, real=0.00 secs] 
1489.839: [GC (Allocation Failure) [PSYoungGen: 85856K->1376K(85504K)] 445183K->360711K(654336K), 0.0030430 secs] [Times: user=0.01 sys=0.00, real=0.01 secs] 
1490.929: [GC (Allocation Failure) [PSYoungGen: 85344K->320K(83968K)] 444679K->360679K(652800K), 0.0027759 secs] [Times: user=0.01 sys=0.00, real=0.01 secs] 
1492.177: [GC (Allocation Failure) [PSYoungGen: 83776K->1408K(84992K)] 444135K->361767K(653824K), 0.0025133 secs] [Times: user=0.01 sys=0.00, real=0.00 secs] 
1492.518: [GC (Allocation Failure) [PSYoungGen: 84352K->1376K(83968K)] 444711K->361743K(652800K), 0.0022881 secs] [Times: user=0.01 sys=0.00, real=0.00 secs] 
1492.860: [GC (Allocation Failure) [PSYoungGen: 83808K->1344K(84992K)] 444175K->361711K(653824K), 0.0021194 secs] [Times: user=0.01 sys=0.00, real=0.01 secs] 
1494.451: [GC (Allocation Failure) [PSYoungGen: 84288K->1440K(83968K)] 444655K->361807K(652800K), 0.0027502 secs] [Times: user=0.01 sys=0.00, real=0.00 secs] 
1495.632: [GC (Allocation Failure) [PSYoungGen: 83872K->1344K(83456K)] 444239K->361711K(652288K), 0.0031953 secs] [Times: user=0.01 sys=0.00, real=0.00 secs] 
1496.315: [GC (Allocation Failure) [PSYoungGen: 83264K->1376K(82944K)] 443631K->361743K(651776K), 0.0024847 secs] [Times: user=0.01 sys=0.00, real=0.00 secs] 
1497.039: [GC (Allocation Failure) [PSYoungGen: 82784K->1376K(82432K)] 443151K->361743K(651264K), 0.0026777 secs] [Times: user=0.01 sys=0.00, real=0.01 secs] 
1498.597: [GC (Allocation Failure) [PSYoungGen: 82272K->1408K(81920K)] 442639K->361775K(650752K), 0.0021165 secs] [Times: user=0.01 sys=0.00, real=0.00 secs] 
1499.257: [GC (Allocation Failure) [PSYoungGen: 81792K->1376K(81408K)] 442159K->361751K(650240K), 0.0026139 secs] [Times: user=0.01 sys=0.00, real=0.00 secs] 
1499.945: [GC (Allocation Failure) [PSYoungGen: 81248K->1376K(80896K)] 441623K->361751K(649728K), 0.0022194 secs] [Times: user=0.01 sys=0.00, real=0.00 secs] 
1501.586: [GC (Allocation Failure) [PSYoungGen: 80736K->1440K(80384K)] 441111K->361815K(649216K), 0.0032194 secs] [Times: user=0.02 sys=0.01, real=0.00 secs] 
1502.577: [GC (Allocation Failure) [PSYoungGen: 80288K->1344K(79872K)] 440663K->361719K(648704K), 0.0028172 secs] [Times: user=0.01 sys=0.00, real=0.00 secs] 
1504.013: [GC (Allocation Failure) [PSYoungGen: 79680K->1376K(79360K)] 440055K->361751K(648192K), 0.0033686 secs] [Times: user=0.02 sys=0.00, real=0.00 secs] 
1505.318: [GC (Allocation Failure) [PSYoungGen: 79200K->1344K(78848K)] 439575K->361719K(647680K), 0.0027638 secs] [Times: user=0.01 sys=0.00, real=0.01 secs] 
1506.718: [GC (Allocation Failure) [PSYoungGen: 78656K->1376K(78336K)] 439031K->361751K(647168K), 0.0017220 secs] [Times: user=0.01 sys=0.00, real=0.00 secs] 
1507.357: [GC (Allocation Failure) [PSYoungGen: 78176K->1408K(77824K)] 438551K->361783K(646656K), 0.0026789 secs] [Times: user=0.01 sys=0.00, real=0.00 secs] 
1507.989: [GC (Allocation Failure) [PSYoungGen: 77696K->1376K(77312K)] 438071K->361751K(646144K), 0.0051573 secs] [Times: user=0.02 sys=0.00, real=0.01 secs] 
1509.911: [GC (Allocation Failure) [PSYoungGen: 77152K->368K(75776K)] 437527K->361767K(644608K), 0.0024136 secs] [Times: user=0.02 sys=0.00, real=0.00 secs] 
1511.218: [GC (Allocation Failure) [PSYoungGen: 75632K->336K(76800K)] 437031K->361743K(645632K), 0.0040339 secs] [Times: user=0.02 sys=0.00, real=0.01 secs] 
1512.337: [GC (Allocation Failure) [PSYoungGen: 75088K->320K(74752K)] 436495K->361727K(643584K), 0.0041894 secs] [Times: user=0.02 sys=0.00, real=0.01 secs] 
1513.208: [GC (Allocation Failure) [PSYoungGen: 74560K->352K(76288K)] 435967K->361759K(645120K), 0.0024931 secs] [Times: user=0.01 sys=0.00, real=0.00 secs] 
1515.251: [GC (Allocation Failure) [PSYoungGen: 74592K->1408K(75776K)] 435999K->362815K(644608K), 0.0043363 secs] [Times: user=0.02 sys=0.00, real=0.00 secs] 
1516.182: [GC (Allocation Failure) [PSYoungGen: 75648K->1408K(75776K)] 437055K->362823K(644608K), 0.0030157 secs] [Times: user=0.01 sys=0.00, real=0.00 secs] 
1517.001: [GC (Allocation Failure) [PSYoungGen: 75648K->1344K(75776K)] 437063K->362759K(644608K), 0.0032662 secs] [Times: user=0.02 sys=0.00, real=0.00 secs] 
1517.673: [GC (Allocation Failure) [PSYoungGen: 75584K->1408K(75776K)] 436999K->362823K(644608K), 0.0033840 secs] [Times: user=0.01 sys=0.00, real=0.00 secs] 
1519.106: [GC (Allocation Failure) [PSYoungGen: 75648K->1360K(75776K)] 437063K->362775K(644608K), 0.0021450 secs] [Times: user=0.01 sys=0.00, real=0.00 secs] 
1519.851: [GC (Allocation Failure) [PSYoungGen: 75600K->1376K(75776K)] 437015K->362791K(644608K), 0.0029405 secs] [Times: user=0.01 sys=0.00, real=0.00 secs] 
1521.156: [GC (Allocation Failure) [PSYoungGen: 75174K->256K(74752K)] 436590K->361679K(643584K), 0.0016922 secs] [Times: user=0.01 sys=0.00, real=0.00 secs] 
1522.958: [GC (Allocation Failure) [PSYoungGen: 74496K->1312K(76800K)] 435919K->362735K(645632K), 0.0028753 secs] [Times: user=0.01 sys=0.00, real=0.01 secs] 
1524.748: [GC (Allocation Failure) [PSYoungGen: 75552K->1376K(76288K)] 436975K->362799K(645120K), 0.0033536 secs] [Times: user=0.01 sys=0.00, real=0.01 secs] 
1525.895: [GC (Allocation Failure) [PSYoungGen: 75616K->1392K(76800K)] 437039K->362815K(645632K), 0.0036488 secs] [Times: user=0.01 sys=0.00, real=0.00 secs] 
1528.021: [GC (Allocation Failure) [PSYoungGen: 75632K->1344K(76800K)] 437055K->362767K(645632K), 0.0028009 secs] [Times: user=0.01 sys=0.00, real=0.00 secs] 
1529.110: [GC (Allocation Failure) [PSYoungGen: 75584K->1344K(75776K)] 437007K->362767K(644608K), 0.0032832 secs] [Times: user=0.01 sys=0.00, real=0.01 secs] 
1529.766: [GC (Allocation Failure) [PSYoungGen: 75584K->1328K(76288K)] 437007K->362751K(645120K), 0.0032636 secs] [Times: user=0.01 sys=0.00, real=0.00 secs] 
1530.432: [GC (Allocation Failure) [PSYoungGen: 75568K->1344K(76288K)] 436991K->362767K(645120K), 0.0027988 secs] [Times: user=0.01 sys=0.00, real=0.00 secs] 
1532.468: [GC (Allocation Failure) [PSYoungGen: 75584K->1344K(76288K)] 437007K->362767K(645120K), 0.0043410 secs] [Times: user=0.02 sys=0.00, real=0.01 secs] 
1533.585: [GC (Allocation Failure) [PSYoungGen: 75584K->1376K(76288K)] 437007K->362807K(645120K), 0.0027214 secs] [Times: user=0.01 sys=0.00, real=0.00 secs] 
1534.023: [GC (Allocation Failure) [PSYoungGen: 75616K->1376K(76288K)] 437047K->362807K(645120K), 0.0020342 secs] [Times: user=0.01 sys=0.00, real=0.00 secs] 
1534.659: [GC (Allocation Failure) [PSYoungGen: 75616K->1376K(76288K)] 437047K->362807K(645120K), 0.0024154 secs] [Times: user=0.01 sys=0.00, real=0.01 secs] 
1535.806: [GC (Allocation Failure) [PSYoungGen: 75616K->1376K(76288K)] 437047K->362807K(645120K), 0.0017785 secs] [Times: user=0.00 sys=0.00, real=0.00 secs] 
1536.119: [GC (Allocation Failure) [PSYoungGen: 75616K->1344K(76288K)] 437047K->362775K(645120K), 0.0018246 secs] [Times: user=0.01 sys=0.00, real=0.00 secs] 
1536.426: [GC (Allocation Failure) [PSYoungGen: 75584K->1408K(76288K)] 437015K->362839K(645120K), 0.0016819 secs] [Times: user=0.01 sys=0.00, real=0.00 secs] 
1536.734: [GC (Allocation Failure) [PSYoungGen: 75648K->1344K(76288K)] 437079K->362775K(645120K), 0.0019624 secs] [Times: user=0.01 sys=0.00, real=0.00 secs] 
1538.973: [GC (Allocation Failure) [PSYoungGen: 75584K->1456K(75776K)] 437015K->362887K(644608K), 0.0022157 secs] [Times: user=0.01 sys=0.00, real=0.00 secs] 
1539.899: [GC (Allocation Failure) [PSYoungGen: 75696K->1392K(75776K)] 437127K->362839K(644608K), 0.0027794 secs] [Times: user=0.01 sys=0.00, real=0.01 secs] 
1540.997: [GC (Allocation Failure) [PSYoungGen: 75632K->1392K(75776K)] 437079K->362839K(644608K), 0.0022927 secs] [Times: user=0.01 sys=0.00, real=0.00 secs] 
1541.937: [GC (Allocation Failure) [PSYoungGen: 75622K->272K(74752K)] 437070K->361719K(643584K), 0.0047036 secs] [Times: user=0.02 sys=0.00, real=0.01 secs] 
1544.009: [GC (Allocation Failure) [PSYoungGen: 74512K->1408K(75776K)] 435959K->362855K(644608K), 0.0043018 secs] [Times: user=0.02 sys=0.00, real=0.01 secs] 
1544.888: [GC (Allocation Failure) [PSYoungGen: 75648K->1312K(75776K)] 437095K->362759K(644608K), 0.0030684 secs] [Times: user=0.01 sys=0.00, real=0.01 secs] 
1545.512: [GC (Allocation Failure) [PSYoungGen: 75552K->1376K(75776K)] 436999K->362823K(644608K), 0.0029208 secs] [Times: user=0.01 sys=0.00, real=0.00 secs] 
1546.840: [GC (Allocation Failure) [PSYoungGen: 75616K->1376K(75776K)] 437063K->362823K(644608K), 0.0018814 secs] [Times: user=0.01 sys=0.01, real=0.01 secs] 
1547.163: [GC (Allocation Failure) [PSYoungGen: 75616K->1376K(75776K)] 437063K->362823K(644608K), 0.0017513 secs] [Times: user=0.01 sys=0.00, real=0.00 secs] 
1547.474: [GC (Allocation Failure) [PSYoungGen: 75616K->1344K(75776K)] 437063K->362799K(644608K), 0.0019421 secs] [Times: user=0.01 sys=0.00, real=0.00 secs] 
1547.848: [GC (Allocation Failure) [PSYoungGen: 75584K->1344K(76800K)] 437039K->362799K(645632K), 0.0019446 secs] [Times: user=0.01 sys=0.00, real=0.00 secs] 
1549.149: [GC (Allocation Failure) [PSYoungGen: 76608K->1408K(76288K)] 438063K->362863K(645120K), 0.0018391 secs] [Times: user=0.01 sys=0.00, real=0.01 secs] 
1549.769: [GC (Allocation Failure) [PSYoungGen: 76160K->1408K(75776K)] 437615K->362863K(644608K), 0.0020665 secs] [Times: user=0.01 sys=0.00, real=0.01 secs] 
1550.487: [GC (Allocation Failure) [PSYoungGen: 75648K->1408K(76288K)] 437103K->362863K(645120K), 0.0022222 secs] [Times: user=0.01 sys=0.00, real=0.00 secs] 
1551.130: [GC (Allocation Failure) [PSYoungGen: 75648K->1344K(76288K)] 437103K->362799K(645120K), 0.0029780 secs] [Times: user=0.01 sys=0.00, real=0.01 secs] 
1552.825: [GC (Allocation Failure) [PSYoungGen: 75584K->1408K(76288K)] 437039K->362871K(645120K), 0.0020848 secs] [Times: user=0.01 sys=0.00, real=0.00 secs] 
1553.709: [GC (Allocation Failure) [PSYoungGen: 75648K->1376K(76288K)] 437111K->362839K(645120K), 0.0032253 secs] [Times: user=0.01 sys=0.00, real=0.01 secs] 
1554.424: [GC (Allocation Failure) [PSYoungGen: 75616K->1344K(76288K)] 437079K->362807K(645120K), 0.0028862 secs] [Times: user=0.01 sys=0.00, real=0.00 secs] 
1555.021: [GC (Allocation Failure) [PSYoungGen: 75584K->1360K(76288K)] 437047K->362823K(645120K), 0.0027789 secs] [Times: user=0.01 sys=0.00, real=0.00 secs] 
1556.504: [GC (Allocation Failure) [PSYoungGen: 75600K->1408K(76288K)] 437063K->362879K(645120K), 0.0032456 secs] [Times: user=0.01 sys=0.00, real=0.00 secs] 
1556.998: [GC (Allocation Failure) [PSYoungGen: 75648K->1376K(76288K)] 437119K->362847K(645120K), 0.0020188 secs] [Times: user=0.00 sys=0.00, real=0.00 secs] 
1557.300: [GC (Allocation Failure) [PSYoungGen: 75616K->1344K(76288K)] 437087K->362815K(645120K), 0.0025094 secs] [Times: user=0.01 sys=0.00, real=0.01 secs] 
1557.983: [GC (Allocation Failure) [PSYoungGen: 75584K->1376K(81920K)] 437055K->362863K(650752K), 0.0024290 secs] [Times: user=0.00 sys=0.00, real=0.00 secs] 
1559.478: [GC (Allocation Failure) [PSYoungGen: 81760K->1376K(81408K)] 443247K->362863K(650240K), 0.0036505 secs] [Times: user=0.02 sys=0.00, real=0.01 secs] 
1560.056: [GC (Allocation Failure) [PSYoungGen: 81248K->1376K(80896K)] 442735K->362863K(649728K), 0.0022757 secs] [Times: user=0.01 sys=0.00, real=0.00 secs] 
1560.422: [GC (Allocation Failure) [PSYoungGen: 80736K->1344K(80384K)] 442223K->362831K(649216K), 0.0021735 secs] [Times: user=0.01 sys=0.00, real=0.00 secs] 
1561.766: [GC (Allocation Failure) [PSYoungGen: 80192K->416K(78848K)] 441679K->362927K(647680K), 0.0019489 secs] [Times: user=0.01 sys=0.00, real=0.00 secs] 
1562.092: [GC (Allocation Failure) [PSYoungGen: 78752K->352K(79872K)] 441263K->362863K(648704K), 0.0020181 secs] [Times: user=0.01 sys=0.00, real=0.00 secs] 
1562.492: [GC (Allocation Failure) [PSYoungGen: 78176K->352K(80384K)] 440687K->362863K(649216K), 0.0021096 secs] [Times: user=0.01 sys=0.00, real=0.00 secs] 
1562.997: [GC (Allocation Failure) [PSYoungGen: 78688K->352K(78336K)] 441199K->362863K(647168K), 0.0021218 secs] [Times: user=0.00 sys=0.00, real=0.00 secs] 
1564.145: [GC (Allocation Failure) [PSYoungGen: 78176K->1424K(78848K)] 440687K->363935K(647680K), 0.0018334 secs] [Times: user=0.00 sys=0.00, real=0.00 secs] 
1564.500: [GC (Allocation Failure) [PSYoungGen: 78736K->1344K(78336K)] 441247K->363863K(647168K), 0.0018815 secs] [Times: user=0.01 sys=0.00, real=0.01 secs] 
1565.021: [GC (Allocation Failure) [PSYoungGen: 78144K->1408K(77824K)] 440663K->363927K(646656K), 0.0020171 secs] [Times: user=0.00 sys=0.00, real=0.00 secs] 
1566.320: [GC (Allocation Failure) [PSYoungGen: 77696K->1440K(77312K)] 440215K->363959K(646144K), 0.0020446 secs] [Times: user=0.01 sys=0.00, real=0.01 secs] 
1566.736: [GC (Allocation Failure) [PSYoungGen: 77216K->1392K(76800K)] 439735K->363911K(645632K), 0.0019660 secs] [Times: user=0.01 sys=0.00, real=0.00 secs] 
1567.162: [GC (Allocation Failure) [PSYoungGen: 76656K->1408K(76288K)] 439175K->363927K(645120K), 0.0025892 secs] [Times: user=0.01 sys=0.00, real=0.00 secs] 
1567.672: [GC (Allocation Failure) [PSYoungGen: 76160K->1408K(76800K)] 438679K->363927K(645632K), 0.0027411 secs] [Times: user=0.01 sys=0.00, real=0.00 secs] 
1569.104: [GC (Allocation Failure) [PSYoungGen: 76160K->1408K(75776K)] 438679K->363927K(644608K), 0.0023525 secs] [Times: user=0.01 sys=0.00, real=0.00 secs] 
1569.427: [GC (Allocation Failure) [PSYoungGen: 75648K->1408K(76288K)] 438167K->363927K(645120K), 0.0020310 secs] [Times: user=0.01 sys=0.00, real=0.00 secs] 
1569.825: [GC (Allocation Failure) [PSYoungGen: 75648K->1408K(76288K)] 438167K->363927K(645120K), 0.0021460 secs] [Times: user=0.00 sys=0.00, real=0.00 secs] 
1570.246: [GC (Allocation Failure) [PSYoungGen: 75648K->1408K(82944K)] 438167K->363927K(651776K), 0.0020383 secs] [Times: user=0.01 sys=0.00, real=0.00 secs] 
1572.443: [GC (Allocation Failure) [PSYoungGen: 82304K->1376K(81920K)] 444823K->363895K(650752K), 0.0021464 secs] [Times: user=0.01 sys=0.00, real=0.00 secs] 
1573.290: [GC (Allocation Failure) [PSYoungGen: 81760K->1408K(81408K)] 444279K->363927K(650240K), 0.0027469 secs] [Times: user=0.01 sys=0.00, real=0.01 secs] 
1574.217: [GC (Allocation Failure) [PSYoungGen: 81280K->1376K(80896K)] 443799K->363895K(649728K), 0.0034923 secs] [Times: user=0.02 sys=0.00, real=0.01 secs] 
1575.838: [GC (Allocation Failure) [PSYoungGen: 80736K->1872K(80896K)] 443255K->364903K(649728K), 0.0017851 secs] [Times: user=0.01 sys=0.00, real=0.00 secs] 
1576.554: [GC (Allocation Failure) [PSYoungGen: 80720K->1376K(79872K)] 443751K->364423K(648704K), 0.0043883 secs] [Times: user=0.01 sys=0.00, real=0.00 secs] 
1577.509: [GC (Allocation Failure) [PSYoungGen: 79712K->1408K(79360K)] 442759K->364455K(648192K), 0.0041648 secs] [Times: user=0.02 sys=0.00, real=0.01 secs] 
1578.489: [GC (Allocation Failure) [PSYoungGen: 79232K->1408K(78848K)] 442279K->364455K(647680K), 0.0038681 secs] [Times: user=0.01 sys=0.00, real=0.01 secs] 
1580.141: [GC (Allocation Failure) [PSYoungGen: 78720K->1408K(78336K)] 441767K->364455K(647168K), 0.0036595 secs] [Times: user=0.01 sys=0.00, real=0.00 secs] 
1580.853: [GC (Allocation Failure) [PSYoungGen: 78208K->1408K(77824K)] 441255K->364455K(646656K), 0.0026080 secs] [Times: user=0.01 sys=0.00, real=0.00 secs] 
1581.605: [GC (Allocation Failure) [PSYoungGen: 77696K->1376K(77312K)] 440743K->364431K(646144K), 0.0024346 secs] [Times: user=0.00 sys=0.00, real=0.00 secs] 
1582.392: [GC (Allocation Failure) [PSYoungGen: 77152K->1408K(76800K)] 440207K->364463K(645632K), 0.0028418 secs] [Times: user=0.01 sys=0.00, real=0.00 secs] 
1583.573: [GC (Allocation Failure) [PSYoungGen: 76672K->1408K(76288K)] 439727K->364471K(645120K), 0.0020400 secs] [Times: user=0.00 sys=0.00, real=0.00 secs] 
1583.916: [GC (Allocation Failure) [PSYoungGen: 76160K->1408K(75776K)] 439223K->364479K(644608K), 0.0023147 secs] [Times: user=0.01 sys=0.00, real=0.00 secs] 
1584.332: [GC (Allocation Failure) [PSYoungGen: 75648K->1376K(75776K)] 438719K->364447K(644608K), 0.0025923 secs] [Times: user=0.01 sys=0.00, real=0.00 secs] 
1584.937: [GC (Allocation Failure) [PSYoungGen: 75616K->1389K(76288K)] 438687K->364461K(645120K), 0.0016830 secs] [Times: user=0.00 sys=0.00, real=0.00 secs] 
1585.946: [GC (Allocation Failure) [PSYoungGen: 75629K->1408K(76288K)] 438701K->364479K(645120K), 0.0021315 secs] [Times: user=0.01 sys=0.00, real=0.00 secs] 
1586.255: [GC (Allocation Failure) [PSYoungGen: 75648K->1376K(76288K)] 438719K->364447K(645120K), 0.0028096 secs] [Times: user=0.01 sys=0.00, real=0.00 secs] 
1586.565: [GC (Allocation Failure) [PSYoungGen: 75616K->1408K(82944K)] 438687K->364495K(651776K), 0.0023500 secs] [Times: user=0.01 sys=0.00, real=0.00 secs] 
1588.095: [GC (Allocation Failure) [PSYoungGen: 82304K->1408K(82944K)] 445391K->364495K(651776K), 0.0042252 secs] [Times: user=0.02 sys=0.00, real=0.00 secs] 
1589.624: [GC (Allocation Failure) [PSYoungGen: 82304K->1376K(81920K)] 445391K->364463K(650752K), 0.0035230 secs] [Times: user=0.02 sys=0.00, real=0.00 secs] 
1590.206: [GC (Allocation Failure) [PSYoungGen: 81760K->1360K(81408K)] 444847K->364447K(650240K), 0.0024833 secs] [Times: user=0.01 sys=0.00, real=0.00 secs] 
1590.628: [GC (Allocation Failure) [PSYoungGen: 81232K->1408K(80896K)] 444319K->364495K(649728K), 0.0019002 secs] [Times: user=0.01 sys=0.00, real=0.00 secs] 
1592.110: [GC (Allocation Failure) [PSYoungGen: 80768K->1440K(80384K)] 443855K->364527K(649216K), 0.0034805 secs] [Times: user=0.01 sys=0.00, real=0.01 secs] 
1593.037: [GC (Allocation Failure) [PSYoungGen: 80288K->352K(78848K)] 443375K->364463K(647680K), 0.0029374 secs] [Times: user=0.01 sys=0.00, real=0.00 secs] 
1593.387: [GC (Allocation Failure) [PSYoungGen: 78688K->352K(87552K)] 442799K->364463K(656384K), 0.0034038 secs] [Times: user=0.01 sys=0.00, real=0.01 secs] 
1594.732: [GC (Allocation Failure) [PSYoungGen: 85856K->1424K(86528K)] 449967K->365535K(655360K), 0.0020145 secs] [Times: user=0.01 sys=0.00, real=0.00 secs] 
1595.870: [GC (Allocation Failure) [PSYoungGen: 86416K->1376K(86016K)] 450527K->365487K(654848K), 0.0042127 secs] [Times: user=0.01 sys=0.00, real=0.01 secs] 
1596.799: [GC (Allocation Failure) [PSYoungGen: 85856K->1376K(85504K)] 449967K->365495K(654336K), 0.0034618 secs] [Times: user=0.02 sys=0.00, real=0.01 secs] 
1597.539: [GC (Allocation Failure) [PSYoungGen: 85344K->1376K(84992K)] 449463K->365495K(653824K), 0.0042077 secs] [Times: user=0.01 sys=0.00, real=0.01 secs] 
1599.330: [GC (Allocation Failure) [PSYoungGen: 84832K->1408K(84480K)] 448951K->365527K(653312K), 0.0024091 secs] [Times: user=0.01 sys=0.00, real=0.01 secs] 
1600.183: [GC (Allocation Failure) [PSYoungGen: 84352K->1376K(83968K)] 448471K->365495K(652800K), 0.0021599 secs] [Times: user=0.01 sys=0.00, real=0.00 secs] 
1600.879: [GC (Allocation Failure) [PSYoungGen: 83808K->1376K(83456K)] 447927K->365495K(652288K), 0.0029551 secs] [Times: user=0.01 sys=0.00, real=0.01 secs] 
1602.488: [GC (Allocation Failure) [PSYoungGen: 83296K->1376K(82944K)] 447415K->365495K(651776K), 0.0028174 secs] [Times: user=0.01 sys=0.00, real=0.01 secs] 
1603.185: [GC (Allocation Failure) [PSYoungGen: 82784K->1376K(82432K)] 446903K->365495K(651264K), 0.0033182 secs] [Times: user=0.01 sys=0.00, real=0.00 secs] 
1603.833: [GC (Allocation Failure) [PSYoungGen: 82272K->1344K(81920K)] 446391K->365463K(650752K), 0.0023757 secs] [Times: user=0.01 sys=0.00, real=0.00 secs] 
1604.539: [GC (Allocation Failure) [PSYoungGen: 81706K->304K(81408K)] 445826K->364423K(650240K), 0.0022561 secs] [Times: user=0.01 sys=0.00, real=0.01 secs] 
1608.071: [GC (Allocation Failure) [PSYoungGen: 80176K->1440K(80896K)] 444295K->365559K(649728K), 0.0032889 secs] [Times: user=0.02 sys=0.01, real=0.01 secs] 
1608.798: [GC (Allocation Failure) [PSYoungGen: 80800K->1344K(80384K)] 444919K->365463K(649216K), 0.0028436 secs] [Times: user=0.02 sys=0.00, real=0.01 secs] 
1609.454: [GC (Allocation Failure) [PSYoungGen: 80192K->1392K(79872K)] 444311K->365511K(648704K), 0.0027590 secs] [Times: user=0.01 sys=0.00, real=0.00 secs] 
1610.685: [GC (Allocation Failure) [PSYoungGen: 79728K->1424K(79360K)] 443847K->365543K(648192K), 0.0019728 secs] [Times: user=0.01 sys=0.00, real=0.00 secs] 
1611.464: [GC (Allocation Failure) [PSYoungGen: 79248K->1344K(78848K)] 443367K->365479K(647680K), 0.0025026 secs] [Times: user=0.01 sys=0.00, real=0.00 secs] 
1612.166: [GC (Allocation Failure) [PSYoungGen: 78656K->1376K(78336K)] 442791K->365511K(647168K), 0.0027712 secs] [Times: user=0.01 sys=0.01, real=0.00 secs] 
1612.896: [GC (Allocation Failure) [PSYoungGen: 78176K->1344K(77824K)] 442311K->365479K(646656K), 0.0034117 secs] [Times: user=0.01 sys=0.00, real=0.00 secs] 
1614.594: [GC (Allocation Failure) [PSYoungGen: 77632K->1376K(77312K)] 441767K->365511K(646144K), 0.0039605 secs] [Times: user=0.01 sys=0.00, real=0.00 secs] 
1615.215: [GC (Allocation Failure) [PSYoungGen: 77152K->1376K(76800K)] 441287K->365511K(645632K), 0.0028689 secs] [Times: user=0.01 sys=0.00, real=0.00 secs] 
1616.088: [GC (Allocation Failure) [PSYoungGen: 76640K->1376K(76288K)] 440775K->365511K(645120K), 0.0030429 secs] [Times: user=0.01 sys=0.00, real=0.01 secs] 
1617.541: [GC (Allocation Failure) [PSYoungGen: 76128K->1357K(75776K)] 440263K->365493K(644608K), 0.0016260 secs] [Times: user=0.01 sys=0.00, real=0.01 secs] 
1619.001: [GC (Allocation Failure) [PSYoungGen: 75597K->1408K(76288K)] 439733K->365543K(645120K), 0.0041908 secs] [Times: user=0.02 sys=0.00, real=0.00 secs] 
1620.699: [GC (Allocation Failure) [PSYoungGen: 75648K->1376K(76288K)] 439783K->365511K(645120K), 0.0042947 secs] [Times: user=0.02 sys=0.00, real=0.01 secs] 
1622.407: [GC (Allocation Failure) [PSYoungGen: 75616K->1376K(76288K)] 439751K->365519K(645120K), 0.0034897 secs] [Times: user=0.02 sys=0.00, real=0.00 secs] 
1623.875: [GC (Allocation Failure) [PSYoungGen: 75616K->1440K(76288K)] 439759K->365583K(645120K), 0.0018577 secs] [Times: user=0.01 sys=0.00, real=0.00 secs] 
1624.315: [GC (Allocation Failure) [PSYoungGen: 75680K->1376K(76288K)] 439823K->365519K(645120K), 0.0020028 secs] [Times: user=0.01 sys=0.00, real=0.00 secs] 
1624.623: [GC (Allocation Failure) [PSYoungGen: 75616K->1344K(76288K)] 439759K->365487K(645120K), 0.0019951 secs] [Times: user=0.01 sys=0.00, real=0.00 secs] 
1624.989: [GC (Allocation Failure) [PSYoungGen: 75584K->1344K(76288K)] 439727K->365487K(645120K), 0.0021488 secs] [Times: user=0.01 sys=0.00, real=0.01 secs] 
1626.407: [GC (Allocation Failure) [PSYoungGen: 75584K->1440K(76288K)] 439727K->365583K(645120K), 0.0032717 secs] [Times: user=0.01 sys=0.00, real=0.00 secs] 
1627.153: [GC (Allocation Failure) [PSYoungGen: 75680K->1408K(76288K)] 439823K->365551K(645120K), 0.0032397 secs] [Times: user=0.01 sys=0.00, real=0.00 secs] 
1627.570: [GC (Allocation Failure) [PSYoungGen: 75648K->1376K(76288K)] 439791K->365519K(645120K), 0.0021829 secs] [Times: user=0.01 sys=0.00, real=0.01 secs] 
1627.878: [GC (Allocation Failure) [PSYoungGen: 75616K->1376K(76288K)] 439759K->365519K(645120K), 0.0019807 secs] [Times: user=0.00 sys=0.00, real=0.00 secs] 
1628.859: [GC (Allocation Failure) [PSYoungGen: 75616K->1376K(75776K)] 439759K->365527K(644608K), 0.0020298 secs] [Times: user=0.01 sys=0.00, real=0.01 secs] 
1629.184: [GC (Allocation Failure) [PSYoungGen: 75616K->1408K(75776K)] 439767K->365559K(644608K), 0.0016977 secs] [Times: user=0.00 sys=0.00, real=0.00 secs] 
1629.496: [GC (Allocation Failure) [PSYoungGen: 75648K->1376K(75776K)] 439799K->365527K(644608K), 0.0019859 secs] [Times: user=0.01 sys=0.00, real=0.00 secs] 
1629.832: [GC (Allocation Failure) [PSYoungGen: 75616K->1344K(82432K)] 439767K->365495K(651264K), 0.0020336 secs] [Times: user=0.00 sys=0.00, real=0.00 secs] 
1631.264: [GC (Allocation Failure) [PSYoungGen: 82240K->1392K(81920K)] 446391K->365543K(650752K), 0.0018378 secs] [Times: user=0.01 sys=0.00, real=0.00 secs] 
1631.912: [GC (Allocation Failure) [PSYoungGen: 81776K->320K(81408K)] 445927K->365495K(650240K), 0.0042155 secs] [Times: user=0.01 sys=0.00, real=0.00 secs] 
1632.708: [GC (Allocation Failure) [PSYoungGen: 80704K->320K(80384K)] 445879K->365495K(649216K), 0.0037544 secs] [Times: user=0.01 sys=0.00, real=0.01 secs] 
1634.370: [GC (Allocation Failure) [PSYoungGen: 80192K->1376K(80896K)] 445367K->366559K(649728K), 0.0021217 secs] [Times: user=0.01 sys=0.00, real=0.01 secs] 
1634.778: [GC (Allocation Failure) [PSYoungGen: 80736K->1360K(80384K)] 445919K->366543K(649216K), 0.0022418 secs] [Times: user=0.01 sys=0.00, real=0.00 secs] 
1635.196: [GC (Allocation Failure) [PSYoungGen: 80208K->1408K(79872K)] 445391K->366591K(648704K), 0.0021289 secs] [Times: user=0.01 sys=0.00, real=0.00 secs] 
1635.848: [GC (Allocation Failure) [PSYoungGen: 79744K->1408K(79360K)] 444927K->366591K(648192K), 0.0022875 secs] [Times: user=0.01 sys=0.00, real=0.00 secs] 
1637.737: [GC (Allocation Failure) [PSYoungGen: 79232K->1440K(78848K)] 444415K->366623K(647680K), 0.0044537 secs] [Times: user=0.02 sys=0.00, real=0.01 secs] 
1638.440: [GC (Allocation Failure) [PSYoungGen: 78752K->1344K(78336K)] 443935K->366527K(647168K), 0.0033754 secs] [Times: user=0.01 sys=0.00, real=0.01 secs] 
1639.238: [GC (Allocation Failure) [PSYoungGen: 78144K->1376K(77824K)] 443327K->366559K(646656K), 0.0030456 secs] [Times: user=0.01 sys=0.00, real=0.01 secs] 
1640.585: [GC (Allocation Failure) [PSYoungGen: 77664K->160K(76288K)] 442847K->365343K(645120K), 0.0017764 secs] [Times: user=0.01 sys=0.00, real=0.00 secs] 
1640.958: [GC (Allocation Failure) [PSYoungGen: 75936K->1376K(76800K)] 441119K->366559K(645632K), 0.0020690 secs] [Times: user=0.01 sys=0.00, real=0.00 secs] 
1641.312: [GC (Allocation Failure) [PSYoungGen: 76640K->1312K(76288K)] 441823K->366495K(645120K), 0.0019635 secs] [Times: user=0.01 sys=0.00, real=0.00 secs] 
1641.907: [GC (Allocation Failure) [PSYoungGen: 76064K->1376K(75776K)] 441247K->366559K(644608K), 0.0033132 secs] [Times: user=0.01 sys=0.00, real=0.00 secs] 
1643.192: [GC (Allocation Failure) [PSYoungGen: 75616K->1440K(76288K)] 440799K->366623K(645120K), 0.0017698 secs] [Times: user=0.01 sys=0.00, real=0.00 secs] 
1643.500: [GC (Allocation Failure) [PSYoungGen: 75680K->1344K(76288K)] 440863K->366527K(645120K), 0.0020350 secs] [Times: user=0.00 sys=0.00, real=0.01 secs] 
1643.809: [GC (Allocation Failure) [PSYoungGen: 75584K->1376K(76288K)] 440767K->366559K(645120K), 0.0021631 secs] [Times: user=0.00 sys=0.00, real=0.01 secs] 
1644.117: [GC (Allocation Failure) [PSYoungGen: 75616K->1376K(82944K)] 440799K->366559K(651776K), 0.0023489 secs] [Times: user=0.01 sys=0.00, real=0.00 secs] 
1645.351: [GC (Allocation Failure) [PSYoungGen: 82272K->1456K(81920K)] 447455K->366647K(650752K), 0.0019029 secs] [Times: user=0.01 sys=0.00, real=0.00 secs] 
1646.064: [GC (Allocation Failure) [PSYoungGen: 81840K->1376K(81408K)] 447031K->366567K(650240K), 0.0033490 secs] [Times: user=0.02 sys=0.00, real=0.00 secs] 
1646.655: [GC (Allocation Failure) [PSYoungGen: 81248K->1376K(80896K)] 446439K->366567K(649728K), 0.0026744 secs] [Times: user=0.01 sys=0.00, real=0.00 secs] 
1647.395: [GC (Allocation Failure) [PSYoungGen: 80736K->1376K(80384K)] 445927K->366567K(649216K), 0.0025616 secs] [Times: user=0.01 sys=0.00, real=0.00 secs] 
1649.202: [GC (Allocation Failure) [PSYoungGen: 80224K->1440K(79872K)] 445415K->366631K(648704K), 0.0040998 secs] [Times: user=0.01 sys=0.00, real=0.00 secs] 
1649.748: [GC (Allocation Failure) [PSYoungGen: 79776K->1408K(79360K)] 444967K->366599K(648192K), 0.0022560 secs] [Times: user=0.01 sys=0.00, real=0.00 secs] 
1650.219: [GC (Allocation Failure) [PSYoungGen: 79232K->1408K(78848K)] 444423K->366599K(647680K), 0.0022526 secs] [Times: user=0.01 sys=0.00, real=0.01 secs] 
1651.876: [GC (Allocation Failure) [PSYoungGen: 78720K->1440K(78336K)] 443911K->366631K(647168K), 0.0037862 secs] [Times: user=0.02 sys=0.00, real=0.00 secs] 
1652.741: [GC (Allocation Failure) [PSYoungGen: 78240K->1408K(77824K)] 443431K->366599K(646656K), 0.0045354 secs] [Times: user=0.02 sys=0.00, real=0.00 secs] 
1653.386: [GC (Allocation Failure) [PSYoungGen: 77696K->1376K(77312K)] 442887K->366567K(646144K), 0.0027542 secs] [Times: user=0.01 sys=0.01, real=0.00 secs] 
1653.955: [GC (Allocation Failure) [PSYoungGen: 77152K->1392K(76800K)] 442343K->366583K(645632K), 0.0023932 secs] [Times: user=0.01 sys=0.00, real=0.00 secs] 
1655.189: [GC (Allocation Failure) [PSYoungGen: 76656K->1408K(76288K)] 441847K->366599K(645120K), 0.0021217 secs] [Times: user=0.01 sys=0.00, real=0.01 secs] 
1655.808: [GC (Allocation Failure) [PSYoungGen: 76160K->1376K(75776K)] 441351K->366567K(644608K), 0.0026507 secs] [Times: user=0.01 sys=0.00, real=0.00 secs] 
1656.421: [GC (Allocation Failure) [PSYoungGen: 75616K->1408K(76288K)] 440807K->366607K(645120K), 0.0023500 secs] [Times: user=0.01 sys=0.00, real=0.00 secs] 
1657.050: [GC (Allocation Failure) [PSYoungGen: 75648K->1376K(76288K)] 440847K->366575K(645120K), 0.0029775 secs] [Times: user=0.01 sys=0.00, real=0.01 secs] 
1658.732: [GC (Allocation Failure) [PSYoungGen: 75616K->1408K(76288K)] 440815K->366607K(645120K), 0.0028181 secs] [Times: user=0.01 sys=0.00, real=0.00 secs] 
1659.718: [GC (Allocation Failure) [PSYoungGen: 75648K->1376K(76288K)] 440847K->366575K(645120K), 0.0042312 secs] [Times: user=0.01 sys=0.00, real=0.01 secs] 
1660.758: [GC (Allocation Failure) [PSYoungGen: 75616K->1376K(76288K)] 440815K->366575K(645120K), 0.0034162 secs] [Times: user=0.01 sys=0.00, real=0.01 secs] 
1662.715: [GC (Allocation Failure) [PSYoungGen: 75616K->1504K(76288K)] 440815K->366703K(645120K), 0.0022124 secs] [Times: user=0.01 sys=0.00, real=0.00 secs] 
1663.917: [GC (Allocation Failure) [PSYoungGen: 75744K->1376K(76288K)] 440943K->366575K(645120K), 0.0033735 secs] [Times: user=0.01 sys=0.00, real=0.00 secs] 
1665.281: [GC (Allocation Failure) [PSYoungGen: 75616K->1360K(76288K)] 440815K->366559K(645120K), 0.0029987 secs] [Times: user=0.01 sys=0.00, real=0.01 secs] 
1666.353: [GC (Allocation Failure) [PSYoungGen: 75600K->1408K(76288K)] 440799K->366607K(645120K), 0.0037841 secs] [Times: user=0.01 sys=0.00, real=0.00 secs] 
1668.032: [GC (Allocation Failure) [PSYoungGen: 75648K->1408K(75776K)] 440847K->366607K(644608K), 0.0023554 secs] [Times: user=0.01 sys=0.00, real=0.00 secs] 
1669.353: [GC (Allocation Failure) [PSYoungGen: 75648K->1408K(75776K)] 440847K->366607K(644608K), 0.0024255 secs] [Times: user=0.01 sys=0.00, real=0.00 secs] 
1670.198: [GC (Allocation Failure) [PSYoungGen: 75648K->1376K(75776K)] 440847K->366575K(644608K), 0.0019402 secs] [Times: user=0.00 sys=0.00, real=0.00 secs] 
1671.025: [GC (Allocation Failure) [PSYoungGen: 75616K->1408K(75776K)] 440815K->366615K(644608K), 0.0022397 secs] [Times: user=0.01 sys=0.00, real=0.00 secs] 
1672.500: [GC (Allocation Failure) [PSYoungGen: 75648K->1376K(75776K)] 440855K->366591K(644608K), 0.0020475 secs] [Times: user=0.01 sys=0.00, real=0.01 secs] 
1673.171: [GC (Allocation Failure) [PSYoungGen: 75616K->1376K(75776K)] 440831K->366591K(644608K), 0.0042347 secs] [Times: user=0.02 sys=0.00, real=0.00 secs] 
1673.926: [GC (Allocation Failure) [PSYoungGen: 75616K->1376K(75776K)] 440831K->366591K(644608K), 0.0027383 secs] [Times: user=0.01 sys=0.00, real=0.00 secs] 
1674.867: [GC (Allocation Failure) [PSYoungGen: 75616K->1376K(75776K)] 440831K->366591K(644608K), 0.0025751 secs] [Times: user=0.01 sys=0.00, real=0.00 secs] 
1676.311: [GC (Allocation Failure) [PSYoungGen: 75616K->1408K(75776K)] 440831K->366631K(644608K), 0.0040554 secs] [Times: user=0.02 sys=0.00, real=0.00 secs] 
1677.068: [GC (Allocation Failure) [PSYoungGen: 75648K->1376K(75776K)] 440871K->366599K(644608K), 0.0028399 secs] [Times: user=0.01 sys=0.00, real=0.01 secs] 
1677.913: [GC (Allocation Failure) [PSYoungGen: 75616K->1376K(75776K)] 440839K->366599K(644608K), 0.0043238 secs] [Times: user=0.02 sys=0.00, real=0.00 secs] 
1678.902: [GC (Allocation Failure) [PSYoungGen: 75616K->1376K(75776K)] 440839K->366599K(644608K), 0.0028189 secs] [Times: user=0.01 sys=0.00, real=0.00 secs] 
1680.468: [GC (Allocation Failure) [PSYoungGen: 75616K->1376K(75776K)] 440839K->366615K(644608K), 0.0019890 secs] [Times: user=0.00 sys=0.00, real=0.00 secs] 
1681.372: [GC (Allocation Failure) [PSYoungGen: 75616K->1344K(75776K)] 440855K->366583K(644608K), 0.0043209 secs] [Times: user=0.01 sys=0.00, real=0.00 secs] 
1682.230: [GC (Allocation Failure) [PSYoungGen: 75584K->1376K(75776K)] 440823K->366615K(644608K), 0.0037213 secs] [Times: user=0.01 sys=0.00, real=0.01 secs] 
1683.973: [GC (Allocation Failure) [PSYoungGen: 75616K->160K(75264K)] 440855K->365399K(644096K), 0.0015423 secs] [Times: user=0.00 sys=0.00, real=0.00 secs] 
1685.342: [GC (Allocation Failure) [PSYoungGen: 73888K->1376K(75776K)] 439127K->366623K(644608K), 0.0019993 secs] [Times: user=0.01 sys=0.00, real=0.00 secs] 
1686.233: [GC (Allocation Failure) [PSYoungGen: 75104K->1376K(75776K)] 440351K->366623K(644608K), 0.0028853 secs] [Times: user=0.01 sys=0.00, real=0.00 secs] 
1687.304: [GC (Allocation Failure) [PSYoungGen: 75104K->1376K(75776K)] 440351K->366623K(644608K), 0.0031862 secs] [Times: user=0.01 sys=0.00, real=0.00 secs] 
1689.243: [GC (Allocation Failure) [PSYoungGen: 75104K->1408K(75776K)] 440351K->366655K(644608K), 0.0020641 secs] [Times: user=0.01 sys=0.00, real=0.00 secs] 
1689.906: [GC (Allocation Failure) [PSYoungGen: 75136K->1344K(75776K)] 440383K->366591K(644608K), 0.0019813 secs] [Times: user=0.01 sys=0.00, real=0.00 secs] 
1690.213: [GC (Allocation Failure) [PSYoungGen: 75072K->1344K(75776K)] 440319K->366599K(644608K), 0.0020203 secs] [Times: user=0.01 sys=0.00, real=0.00 secs] 
1690.742: [GC (Allocation Failure) [PSYoungGen: 75072K->1408K(75776K)] 440327K->366663K(644608K), 0.0020373 secs] [Times: user=0.01 sys=0.00, real=0.00 secs] 
1691.985: [GC (Allocation Failure) [PSYoungGen: 75136K->1408K(75776K)] 440391K->366663K(644608K), 0.0016772 secs] [Times: user=0.01 sys=0.00, real=0.00 secs] 
1692.388: [GC (Allocation Failure) [PSYoungGen: 75136K->1376K(75776K)] 440391K->366631K(644608K), 0.0017688 secs] [Times: user=0.01 sys=0.00, real=0.00 secs] 
1692.694: [GC (Allocation Failure) [PSYoungGen: 75104K->1376K(75776K)] 440359K->366631K(644608K), 0.0017572 secs] [Times: user=0.00 sys=0.00, real=0.00 secs] 
1693.188: [GC (Allocation Failure) [PSYoungGen: 75104K->1392K(75776K)] 440359K->366647K(644608K), 0.0020787 secs] [Times: user=0.01 sys=0.00, real=0.00 secs] 
1694.896: [GC (Allocation Failure) [PSYoungGen: 75120K->1408K(75776K)] 440375K->366671K(644608K), 0.0025152 secs] [Times: user=0.01 sys=0.00, real=0.00 secs] 
1695.608: [GC (Allocation Failure) [PSYoungGen: 75136K->1376K(75776K)] 440399K->366639K(644608K), 0.0026533 secs] [Times: user=0.01 sys=0.00, real=0.01 secs] 
1696.263: [GC (Allocation Failure) [PSYoungGen: 75104K->1376K(75776K)] 440367K->366639K(644608K), 0.0023679 secs] [Times: user=0.01 sys=0.00, real=0.00 secs] 
1696.857: [GC (Allocation Failure) [PSYoungGen: 75104K->1408K(75776K)] 440367K->366679K(644608K), 0.0023496 secs] [Times: user=0.01 sys=0.00, real=0.00 secs] 
1698.203: [GC (Allocation Failure) [PSYoungGen: 75136K->1376K(75776K)] 440407K->366663K(644608K), 0.0019742 secs] [Times: user=0.01 sys=0.00, real=0.00 secs] 
1698.991: [GC (Allocation Failure) [PSYoungGen: 75104K->1376K(75776K)] 440391K->366663K(644608K), 0.0037096 secs] [Times: user=0.01 sys=0.00, real=0.00 secs] 
1699.797: [GC (Allocation Failure) [PSYoungGen: 75104K->1344K(75264K)] 440391K->366639K(644096K), 0.0027735 secs] [Times: user=0.01 sys=0.00, real=0.00 secs] 
1700.590: [GC (Allocation Failure) [PSYoungGen: 75072K->1376K(75264K)] 440367K->366679K(644096K), 0.0044890 secs] [Times: user=0.01 sys=0.01, real=0.01 secs] 
1702.148: [GC (Allocation Failure) [PSYoungGen: 75104K->384K(74752K)] 440407K->366719K(643584K), 0.0021096 secs] [Times: user=0.01 sys=0.00, real=0.00 secs] 
1702.498: [GC (Allocation Failure) [PSYoungGen: 74112K->352K(75776K)] 440447K->366687K(644608K), 0.0020181 secs] [Times: user=0.01 sys=0.00, real=0.00 secs] 
1702.813: [GC (Allocation Failure) [PSYoungGen: 74080K->352K(75776K)] 440415K->366687K(644608K), 0.0020385 secs] [Times: user=0.01 sys=0.00, real=0.00 secs] 
1703.853: [GC (Allocation Failure) [PSYoungGen: 74080K->192K(75776K)] 440415K->366527K(644608K), 0.0015191 secs] [Times: user=0.00 sys=0.00, real=0.00 secs] 
1705.131: [GC (Allocation Failure) [PSYoungGen: 73920K->1376K(75776K)] 440255K->367711K(644608K), 0.0043698 secs] [Times: user=0.02 sys=0.00, real=0.00 secs] 
1705.854: [GC (Allocation Failure) [PSYoungGen: 75104K->1344K(75776K)] 441439K->367679K(644608K), 0.0024334 secs] [Times: user=0.01 sys=0.00, real=0.00 secs] 
1706.508: [GC (Allocation Failure) [PSYoungGen: 75072K->1376K(75776K)] 441407K->367711K(644608K), 0.0023694 secs] [Times: user=0.01 sys=0.00, real=0.00 secs] 
1707.878: [GC (Allocation Failure) [PSYoungGen: 75104K->1408K(75776K)] 441439K->367759K(644608K), 0.0020489 secs] [Times: user=0.01 sys=0.00, real=0.00 secs] 
1709.085: [GC (Allocation Failure) [PSYoungGen: 75136K->1344K(75776K)] 441487K->367695K(644608K), 0.0042657 secs] [Times: user=0.02 sys=0.00, real=0.00 secs] 
1710.258: [GC (Allocation Failure) [PSYoungGen: 75072K->1376K(75776K)] 441423K->367727K(644608K), 0.0041903 secs] [Times: user=0.02 sys=0.00, real=0.01 secs] 
1710.975: [GC (Allocation Failure) [PSYoungGen: 75104K->1376K(75776K)] 441455K->367727K(644608K), 0.0027629 secs] [Times: user=0.01 sys=0.00, real=0.00 secs] 
1712.507: [GC (Allocation Failure) [PSYoungGen: 75104K->1376K(75776K)] 441455K->367727K(644608K), 0.0033857 secs] [Times: user=0.01 sys=0.00, real=0.00 secs] 
1713.536: [GC (Allocation Failure) [PSYoungGen: 75104K->1408K(75776K)] 441455K->367759K(644608K), 0.0027485 secs] [Times: user=0.01 sys=0.00, real=0.00 secs] 
1714.389: [GC (Allocation Failure) [PSYoungGen: 75136K->1376K(75776K)] 441487K->367727K(644608K), 0.0025385 secs] [Times: user=0.01 sys=0.00, real=0.01 secs] 
1715.135: [GC (Allocation Failure) [PSYoungGen: 75104K->1376K(75776K)] 441455K->367727K(644608K), 0.0030577 secs] [Times: user=0.01 sys=0.00, real=0.00 secs] 
1716.637: [GC (Allocation Failure) [PSYoungGen: 75104K->1344K(75776K)] 441455K->367695K(644608K), 0.0033644 secs] [Times: user=0.02 sys=0.00, real=0.00 secs] 
1717.103: [GC (Allocation Failure) [PSYoungGen: 75072K->1376K(75776K)] 441423K->367727K(644608K), 0.0020950 secs] [Times: user=0.01 sys=0.00, real=0.00 secs] 
1717.410: [GC (Allocation Failure) [PSYoungGen: 75104K->1376K(75776K)] 441455K->367727K(644608K), 0.0020355 secs] [Times: user=0.01 sys=0.01, real=0.01 secs] 
1717.881: [GC (Allocation Failure) [PSYoungGen: 75104K->1408K(75776K)] 441455K->367767K(644608K), 0.0019940 secs] [Times: user=0.01 sys=0.00, real=0.00 secs] 
1719.451: [GC (Allocation Failure) [PSYoungGen: 75136K->1392K(75776K)] 441495K->367751K(644608K), 0.0022800 secs] [Times: user=0.01 sys=0.00, real=0.00 secs] 
1720.541: [GC (Allocation Failure) [PSYoungGen: 75120K->1392K(75776K)] 441479K->367751K(644608K), 0.0037943 secs] [Times: user=0.02 sys=0.00, real=0.00 secs] 
1721.382: [GC (Allocation Failure) [PSYoungGen: 75120K->1360K(75776K)] 441479K->367719K(644608K), 0.0030947 secs] [Times: user=0.02 sys=0.00, real=0.00 secs] 
1722.325: [GC (Allocation Failure) [PSYoungGen: 75088K->1376K(75776K)] 441447K->367735K(644608K), 0.0033429 secs] [Times: user=0.01 sys=0.00, real=0.00 secs] 
1723.701: [GC (Allocation Failure) [PSYoungGen: 75104K->1408K(75776K)] 441463K->367767K(644608K), 0.0034631 secs] [Times: user=0.01 sys=0.00, real=0.00 secs] 
1724.321: [GC (Allocation Failure) [PSYoungGen: 75136K->1376K(75776K)] 441495K->367735K(644608K), 0.0026645 secs] [Times: user=0.01 sys=0.00, real=0.00 secs] 
1724.916: [GC (Allocation Failure) [PSYoungGen: 75104K->1408K(75776K)] 441463K->367767K(644608K), 0.0029203 secs] [Times: user=0.01 sys=0.00, real=0.00 secs] 
1726.295: [GC (Allocation Failure) [PSYoungGen: 75136K->1373K(75776K)] 441495K->367733K(644608K), 0.0016358 secs] [Times: user=0.01 sys=0.00, real=0.00 secs] 
1726.924: [GC (Allocation Failure) [PSYoungGen: 75101K->1440K(75776K)] 441461K->367799K(644608K), 0.0018032 secs] [Times: user=0.01 sys=0.00, real=0.00 secs] 
1727.557: [GC (Allocation Failure) [PSYoungGen: 75168K->1376K(75776K)] 441527K->367743K(644608K), 0.0020317 secs] [Times: user=0.01 sys=0.00, real=0.00 secs] 
1728.170: [GC (Allocation Failure) [PSYoungGen: 75104K->1392K(75776K)] 441471K->367759K(644608K), 0.0022697 secs] [Times: user=0.01 sys=0.00, real=0.01 secs] 
1729.585: [GC (Allocation Failure) [PSYoungGen: 75120K->1392K(75776K)] 441487K->367767K(644608K), 0.0022057 secs] [Times: user=0.01 sys=0.00, real=0.00 secs] 
1730.527: [GC (Allocation Failure) [PSYoungGen: 75120K->1408K(75776K)] 441495K->367783K(644608K), 0.0034699 secs] [Times: user=0.01 sys=0.00, real=0.00 secs] 
1731.386: [GC (Allocation Failure) [PSYoungGen: 75136K->1408K(75776K)] 441511K->367783K(644608K), 0.0039297 secs] [Times: user=0.02 sys=0.00, real=0.00 secs] 
1732.190: [GC (Allocation Failure) [PSYoungGen: 75136K->1376K(75776K)] 441511K->367751K(644608K), 0.0028085 secs] [Times: user=0.02 sys=0.00, real=0.01 secs] 
1733.808: [GC (Allocation Failure) [PSYoungGen: 75104K->1408K(75776K)] 441479K->367783K(644608K), 0.0025688 secs] [Times: user=0.01 sys=0.00, real=0.00 secs] 
1735.113: [GC (Allocation Failure) [PSYoungGen: 75136K->1376K(75776K)] 441511K->367751K(644608K), 0.0040595 secs] [Times: user=0.02 sys=0.01, real=0.00 secs] 
1736.157: [GC (Allocation Failure) [PSYoungGen: 75104K->1408K(75776K)] 441479K->367783K(644608K), 0.0037571 secs] [Times: user=0.01 sys=0.00, real=0.01 secs] 
1736.873: [GC (Allocation Failure) [PSYoungGen: 75136K->1376K(75264K)] 441511K->367751K(644096K), 0.0021779 secs] [Times: user=0.00 sys=0.00, real=0.00 secs] 
1738.315: [GC (Allocation Failure) [PSYoungGen: 75104K->1408K(75264K)] 441479K->367799K(644096K), 0.0018893 secs] [Times: user=0.01 sys=0.00, real=0.00 secs] 
1739.204: [GC (Allocation Failure) [PSYoungGen: 75136K->1376K(75264K)] 441527K->367767K(644096K), 0.0025250 secs] [Times: user=0.01 sys=0.00, real=0.00 secs] 
1739.597: [GC (Allocation Failure) [PSYoungGen: 75104K->1408K(75264K)] 441495K->367799K(644096K), 0.0023085 secs] [Times: user=0.01 sys=0.00, real=0.00 secs] 
1739.966: [GC (Allocation Failure) [PSYoungGen: 75136K->1376K(75264K)] 441527K->367767K(644096K), 0.0023525 secs] [Times: user=0.01 sys=0.00, real=0.00 secs] 
1742.088: [GC (Allocation Failure) [PSYoungGen: 75104K->1440K(75264K)] 441495K->367831K(644096K), 0.0041480 secs] [Times: user=0.02 sys=0.00, real=0.01 secs] 
1742.709: [GC (Allocation Failure) [PSYoungGen: 75168K->1408K(75264K)] 441559K->367799K(644096K), 0.0024866 secs] [Times: user=0.01 sys=0.00, real=0.01 secs] 
1743.004: [GC (Allocation Failure) [PSYoungGen: 75136K->1376K(75264K)] 441527K->367767K(644096K), 0.0020457 secs] [Times: user=0.01 sys=0.00, real=0.00 secs] 
1743.310: [GC (Allocation Failure) [PSYoungGen: 75104K->1408K(75264K)] 441495K->367799K(644096K), 0.0019697 secs] [Times: user=0.00 sys=0.00, real=0.01 secs] 
1745.474: [GC (Allocation Failure) [PSYoungGen: 75136K->1440K(75264K)] 441527K->367831K(644096K), 0.0031906 secs] [Times: user=0.01 sys=0.00, real=0.00 secs] 
1746.279: [GC (Allocation Failure) [PSYoungGen: 75168K->1376K(75264K)] 441559K->367767K(644096K), 0.0030434 secs] [Times: user=0.01 sys=0.00, real=0.01 secs] 
1746.728: [GC (Allocation Failure) [PSYoungGen: 75104K->1392K(75264K)] 441495K->367783K(644096K), 0.0019168 secs] [Times: user=0.01 sys=0.00, real=0.00 secs] 
1747.824: [GC (Allocation Failure) [PSYoungGen: 75120K->1325K(75264K)] 441511K->367733K(644096K), 0.0016062 secs] [Times: user=0.01 sys=0.00, real=0.00 secs] 
1749.611: [GC (Allocation Failure) [PSYoungGen: 75053K->1440K(75264K)] 441461K->367847K(644096K), 0.0029244 secs] [Times: user=0.01 sys=0.00, real=0.00 secs] 
1750.457: [GC (Allocation Failure) [PSYoungGen: 75168K->1392K(75264K)] 441575K->367799K(644096K), 0.0027219 secs] [Times: user=0.01 sys=0.00, real=0.00 secs] 
1751.185: [GC (Allocation Failure) [PSYoungGen: 75120K->1376K(75264K)] 441527K->367783K(644096K), 0.0029555 secs] [Times: user=0.01 sys=0.00, real=0.00 secs] 
1752.675: [GC (Allocation Failure) [PSYoungGen: 75104K->1408K(75264K)] 441511K->367823K(644096K), 0.0019121 secs] [Times: user=0.00 sys=0.00, real=0.00 secs] 
1753.620: [GC (Allocation Failure) [PSYoungGen: 75136K->1408K(75264K)] 441551K->367823K(644096K), 0.0042203 secs] [Times: user=0.02 sys=0.00, real=0.01 secs] 
1754.226: [GC (Allocation Failure) [PSYoungGen: 75136K->1376K(75264K)] 441551K->367791K(644096K), 0.0026432 secs] [Times: user=0.01 sys=0.00, real=0.00 secs] 
1754.826: [GC (Allocation Failure) [PSYoungGen: 75104K->1376K(75264K)] 441519K->367791K(644096K), 0.0024772 secs] [Times: user=0.01 sys=0.00, real=0.00 secs] 
1756.113: [GC (Allocation Failure) [PSYoungGen: 75104K->1440K(75264K)] 441519K->367855K(644096K), 0.0022582 secs] [Times: user=0.01 sys=0.00, real=0.00 secs] 
1756.420: [GC (Allocation Failure) [PSYoungGen: 75168K->1376K(75264K)] 441583K->367791K(644096K), 0.0021437 secs] [Times: user=0.01 sys=0.00, real=0.01 secs] 
1756.870: [GC (Allocation Failure) [PSYoungGen: 75104K->1424K(75264K)] 441519K->367839K(644096K), 0.0019482 secs] [Times: user=0.01 sys=0.00, real=0.01 secs] 
1757.418: [GC (Allocation Failure) [PSYoungGen: 75152K->1408K(75264K)] 441567K->367823K(644096K), 0.0040329 secs] [Times: user=0.01 sys=0.00, real=0.01 secs] 
1758.904: [GC (Allocation Failure) [PSYoungGen: 75136K->1408K(75264K)] 441551K->367831K(644096K), 0.0021077 secs] [Times: user=0.01 sys=0.00, real=0.00 secs] 
1759.526: [GC (Allocation Failure) [PSYoungGen: 75136K->1376K(75264K)] 441559K->367799K(644096K), 0.0025545 secs] [Times: user=0.01 sys=0.00, real=0.00 secs] 
1760.143: [GC (Allocation Failure) [PSYoungGen: 75104K->1376K(75264K)] 441527K->367799K(644096K), 0.0023517 secs] [Times: user=0.01 sys=0.00, real=0.00 secs] 
1760.619: [GC (Allocation Failure) [PSYoungGen: 75104K->1376K(75264K)] 441527K->367799K(644096K), 0.0030309 secs] [Times: user=0.01 sys=0.00, real=0.01 secs] 
1761.881: [GC (Allocation Failure) [PSYoungGen: 75104K->1376K(75264K)] 441527K->367799K(644096K), 0.0018502 secs] [Times: user=0.01 sys=0.00, real=0.00 secs] 
1762.187: [GC (Allocation Failure) [PSYoungGen: 75104K->1344K(75264K)] 441527K->367767K(644096K), 0.0020501 secs] [Times: user=0.01 sys=0.00, real=0.00 secs] 
1762.494: [GC (Allocation Failure) [PSYoungGen: 75072K->1408K(75264K)] 441495K->367831K(644096K), 0.0019876 secs] [Times: user=0.01 sys=0.00, real=0.00 secs] 
1762.833: [GC (Allocation Failure) [PSYoungGen: 75136K->1392K(75264K)] 441559K->367815K(644096K), 0.0019705 secs] [Times: user=0.01 sys=0.00, real=0.00 secs] 
1766.182: [GC (Allocation Failure) [PSYoungGen: 75120K->1408K(75264K)] 441543K->367839K(644096K), 0.0037720 secs] [Times: user=0.02 sys=0.00, real=0.00 secs] 
1767.065: [GC (Allocation Failure) [PSYoungGen: 75136K->1392K(75264K)] 441567K->367831K(644096K), 0.0028047 secs] [Times: user=0.02 sys=0.00, real=0.00 secs] 
1767.703: [GC (Allocation Failure) [PSYoungGen: 75120K->1376K(75264K)] 441559K->367815K(644096K), 0.0024485 secs] [Times: user=0.01 sys=0.00, real=0.00 secs] 
1768.825: [GC (Allocation Failure) [PSYoungGen: 75104K->1357K(75264K)] 441543K->367797K(644096K), 0.0015140 secs] [Times: user=0.01 sys=0.00, real=0.00 secs] 
1770.281: [GC (Allocation Failure) [PSYoungGen: 75085K->1408K(75264K)] 441525K->367847K(644096K), 0.0042680 secs] [Times: user=0.01 sys=0.01, real=0.01 secs] 
1771.199: [GC (Allocation Failure) [PSYoungGen: 75136K->1408K(75264K)] 441575K->367847K(644096K), 0.0032123 secs] [Times: user=0.01 sys=0.00, real=0.01 secs] 
1772.134: [GC (Allocation Failure) [PSYoungGen: 75136K->1376K(75264K)] 441575K->367815K(644096K), 0.0044479 secs] [Times: user=0.02 sys=0.00, real=0.00 secs] 
1773.606: [GC (Allocation Failure) [PSYoungGen: 75104K->1408K(75264K)] 441543K->367855K(644096K), 0.0019192 secs] [Times: user=0.01 sys=0.00, real=0.00 secs] 
1774.269: [GC (Allocation Failure) [PSYoungGen: 75136K->1376K(75264K)] 441583K->367831K(644096K), 0.0019377 secs] [Times: user=0.01 sys=0.01, real=0.01 secs] 
1774.948: [GC (Allocation Failure) [PSYoungGen: 75104K->1376K(75264K)] 441559K->367831K(644096K), 0.0023430 secs] [Times: user=0.01 sys=0.00, real=0.00 secs] 
1775.433: [GC (Allocation Failure) [PSYoungGen: 75104K->1376K(75264K)] 441559K->367831K(644096K), 0.0019751 secs] [Times: user=0.01 sys=0.01, real=0.00 secs] 
1776.560: [GC (Allocation Failure) [PSYoungGen: 75104K->1408K(75264K)] 441559K->367863K(644096K), 0.0019415 secs] [Times: user=0.01 sys=0.00, real=0.01 secs] 
1777.159: [GC (Allocation Failure) [PSYoungGen: 75136K->1408K(75264K)] 441591K->367863K(644096K), 0.0032527 secs] [Times: user=0.02 sys=0.00, real=0.01 secs] 
1777.763: [GC (Allocation Failure) [PSYoungGen: 75136K->1328K(75264K)] 441591K->367783K(644096K), 0.0032612 secs] [Times: user=0.01 sys=0.00, real=0.00 secs] 
1778.509: [GC (Allocation Failure) [PSYoungGen: 75056K->1376K(75264K)] 441511K->367831K(644096K), 0.0027406 secs] [Times: user=0.01 sys=0.00, real=0.01 secs] 
1780.089: [GC (Allocation Failure) [PSYoungGen: 75104K->1408K(75264K)] 441559K->367871K(644096K), 0.0018114 secs] [Times: user=0.01 sys=0.00, real=0.01 secs] 
1780.783: [GC (Allocation Failure) [PSYoungGen: 75136K->1376K(75264K)] 441599K->367839K(644096K), 0.0019838 secs] [Times: user=0.01 sys=0.00, real=0.00 secs] 
1781.149: [GC (Allocation Failure) [PSYoungGen: 75104K->1376K(75264K)] 441567K->367839K(644096K), 0.0020956 secs] [Times: user=0.01 sys=0.00, real=0.01 secs] 
1781.456: [GC (Allocation Failure) [PSYoungGen: 75104K->1376K(75264K)] 441567K->367839K(644096K), 0.0020605 secs] [Times: user=0.00 sys=0.00, real=0.00 secs] 
1782.992: [GC (Allocation Failure) [PSYoungGen: 75104K->1376K(75264K)] 441567K->367839K(644096K), 0.0040550 secs] [Times: user=0.01 sys=0.00, real=0.00 secs] 
1783.672: [GC (Allocation Failure) [PSYoungGen: 75104K->1392K(75264K)] 441567K->367855K(644096K), 0.0033032 secs] [Times: user=0.02 sys=0.00, real=0.00 secs] 
1784.272: [GC (Allocation Failure) [PSYoungGen: 75120K->1408K(75264K)] 441583K->367871K(644096K), 0.0032620 secs] [Times: user=0.02 sys=0.00, real=0.00 secs] 
1784.884: [GC (Allocation Failure) [PSYoungGen: 75136K->1376K(75264K)] 441599K->367839K(644096K), 0.0032501 secs] [Times: user=0.02 sys=0.00, real=0.00 secs] 
1786.231: [GC (Allocation Failure) [PSYoungGen: 75104K->1408K(75264K)] 441567K->367887K(644096K), 0.0022648 secs] [Times: user=0.01 sys=0.00, real=0.00 secs] 
1786.854: [GC (Allocation Failure) [PSYoungGen: 75136K->1392K(75264K)] 441615K->367871K(644096K), 0.0023377 secs] [Times: user=0.01 sys=0.00, real=0.00 secs] 
1787.751: [GC (Allocation Failure) [PSYoungGen: 75120K->1376K(75264K)] 441599K->367855K(644096K), 0.0024365 secs] [Times: user=0.01 sys=0.00, real=0.01 secs] 
1788.677: [GC (Allocation Failure) [PSYoungGen: 75092K->288K(75264K)] 441572K->366767K(644096K), 0.0028184 secs] [Times: user=0.02 sys=0.00, real=0.00 secs] 
1789.856: [GC (Allocation Failure) [PSYoungGen: 74016K->1408K(75776K)] 440495K->367887K(644608K), 0.0019053 secs] [Times: user=0.01 sys=0.00, real=0.00 secs] 
1790.477: [GC (Allocation Failure) [PSYoungGen: 75136K->1376K(75776K)] 441615K->367855K(644608K), 0.0018518 secs] [Times: user=0.01 sys=0.00, real=0.00 secs] 
1791.010: [GC (Allocation Failure) [PSYoungGen: 75104K->1376K(75776K)] 441583K->367855K(644608K), 0.0018828 secs] [Times: user=0.01 sys=0.00, real=0.01 secs] 
1792.243: [GC (Allocation Failure) [PSYoungGen: 75104K->1376K(75776K)] 441583K->367855K(644608K), 0.0015523 secs] [Times: user=0.01 sys=0.00, real=0.00 secs] 
1792.588: [GC (Allocation Failure) [PSYoungGen: 75104K->1376K(75776K)] 441583K->367855K(644608K), 0.0018298 secs] [Times: user=0.01 sys=0.01, real=0.00 secs] 
1792.894: [GC (Allocation Failure) [PSYoungGen: 75104K->1376K(75776K)] 441583K->367855K(644608K), 0.0021992 secs] [Times: user=0.01 sys=0.00, real=0.00 secs] 
1793.201: [GC (Allocation Failure) [PSYoungGen: 75104K->1376K(75776K)] 441583K->367855K(644608K), 0.0021777 secs] [Times: user=0.01 sys=0.00, real=0.00 secs] 
1795.264: [GC (Allocation Failure) [PSYoungGen: 75104K->1408K(75776K)] 441583K->367887K(644608K), 0.0032880 secs] [Times: user=0.01 sys=0.00, real=0.00 secs] 
1796.043: [GC (Allocation Failure) [PSYoungGen: 75136K->1408K(75776K)] 441615K->367895K(644608K), 0.0031482 secs] [Times: user=0.01 sys=0.00, real=0.00 secs] 
1797.250: [GC (Allocation Failure) [PSYoungGen: 75136K->1376K(75776K)] 441623K->367863K(644608K), 0.0040828 secs] [Times: user=0.01 sys=0.00, real=0.01 secs] 
1798.181: [GC (Allocation Failure) [PSYoungGen: 75104K->1392K(75776K)] 441591K->367879K(644608K), 0.0042139 secs] [Times: user=0.01 sys=0.00, real=0.00 secs] 
1799.857: [GC (Allocation Failure) [PSYoungGen: 75120K->1408K(75776K)] 441607K->367895K(644608K), 0.0019982 secs] [Times: user=0.01 sys=0.00, real=0.00 secs] 
1800.801: [GC (Allocation Failure) [PSYoungGen: 75136K->1376K(75776K)] 441623K->367863K(644608K), 0.0039479 secs] [Times: user=0.02 sys=0.00, real=0.00 secs] 
1802.464: [GC (Allocation Failure) [PSYoungGen: 75104K->1344K(75776K)] 441591K->367831K(644608K), 0.0042931 secs] [Times: user=0.01 sys=0.00, real=0.00 secs] 
1803.522: [GC (Allocation Failure) [PSYoungGen: 75072K->1376K(75264K)] 441559K->367863K(644096K), 0.0040819 secs] [Times: user=0.02 sys=0.00, real=0.00 secs] 
1804.773: [GC (Allocation Failure) [PSYoungGen: 75104K->1408K(75264K)] 441591K->367895K(644096K), 0.0018895 secs] [Times: user=0.01 sys=0.00, real=0.00 secs] 
1805.149: [GC (Allocation Failure) [PSYoungGen: 75136K->320K(74752K)] 441623K->367831K(643584K), 0.0019216 secs] [Times: user=0.01 sys=0.00, real=0.00 secs] 
1805.656: [GC (Allocation Failure) [PSYoungGen: 74048K->352K(75776K)] 441559K->367863K(644608K), 0.0027717 secs] [Times: user=0.01 sys=0.00, real=0.00 secs] 
1806.154: [GC (Allocation Failure) [PSYoungGen: 74080K->384K(75776K)] 441591K->367895K(644608K), 0.0024876 secs] [Times: user=0.01 sys=0.00, real=0.00 secs] 
1807.432: [GC (Allocation Failure) [PSYoungGen: 74112K->1408K(75776K)] 441623K->368919K(644608K), 0.0020451 secs] [Times: user=0.01 sys=0.00, real=0.00 secs] 
1808.031: [GC (Allocation Failure) [PSYoungGen: 75136K->1376K(75776K)] 442647K->368887K(644608K), 0.0021520 secs] [Times: user=0.01 sys=0.00, real=0.00 secs] 
1808.900: [GC (Allocation Failure) [PSYoungGen: 75104K->1376K(75776K)] 442615K->368887K(644608K), 0.0023725 secs] [Times: user=0.02 sys=0.00, real=0.01 secs] 
1809.879: [GC (Allocation Failure) [PSYoungGen: 75104K->1408K(75776K)] 442615K->368927K(644608K), 0.0029972 secs] [Times: user=0.01 sys=0.01, real=0.01 secs] 
1811.348: [GC (Allocation Failure) [PSYoungGen: 75136K->1440K(75776K)] 442655K->368959K(644608K), 0.0020750 secs] [Times: user=0.01 sys=0.00, real=0.00 secs] 
1812.057: [GC (Allocation Failure) [PSYoungGen: 75168K->1392K(75776K)] 442687K->368912K(644608K), 0.0027781 secs] [Times: user=0.01 sys=0.00, real=0.00 secs] 
1812.769: [GC (Allocation Failure) [PSYoungGen: 75120K->1376K(75776K)] 442640K->368895K(644608K), 0.0030833 secs] [Times: user=0.02 sys=0.00, real=0.01 secs] 
1815.173: [GC (Allocation Failure) [PSYoungGen: 75104K->1936K(75264K)] 442623K->369456K(644096K), 0.0027654 secs] [Times: user=0.01 sys=0.00, real=0.00 secs] 
1815.780: [GC (Allocation Failure) [PSYoungGen: 75152K->1376K(75776K)] 442672K->368895K(644608K), 0.0021497 secs] [Times: user=0.01 sys=0.00, real=0.01 secs] 
1816.084: [GC (Allocation Failure) [PSYoungGen: 74592K->1376K(74752K)] 442111K->368895K(643584K), 0.0021607 secs] [Times: user=0.01 sys=0.00, real=0.00 secs] 
1816.582: [GC (Allocation Failure) [PSYoungGen: 74592K->1376K(75264K)] 442111K->368895K(644096K), 0.0022607 secs] [Times: user=0.01 sys=0.00, real=0.00 secs] 
1818.081: [GC (Allocation Failure) [PSYoungGen: 74592K->1408K(75264K)] 442111K->368935K(644096K), 0.0020012 secs] [Times: user=0.00 sys=0.00, real=0.00 secs] 
1819.119: [GC (Allocation Failure) [PSYoungGen: 74624K->1376K(75264K)] 442151K->368903K(644096K), 0.0023898 secs] [Times: user=0.01 sys=0.00, real=0.01 secs] 
1819.581: [GC (Allocation Failure) [PSYoungGen: 74592K->1376K(75264K)] 442119K->368903K(644096K), 0.0020302 secs] [Times: user=0.01 sys=0.00, real=0.00 secs] 
1819.937: [GC (Allocation Failure) [PSYoungGen: 74592K->1344K(75264K)] 442119K->368871K(644096K), 0.0020901 secs] [Times: user=0.01 sys=0.00, real=0.00 secs] 
1821.427: [GC (Allocation Failure) [PSYoungGen: 74560K->1408K(75264K)] 442087K->368943K(644096K), 0.0019112 secs] [Times: user=0.01 sys=0.00, real=0.00 secs] 
1821.886: [GC (Allocation Failure) [PSYoungGen: 74624K->1392K(75264K)] 442159K->368928K(644096K), 0.0019180 secs] [Times: user=0.01 sys=0.00, real=0.00 secs] 
1822.231: [GC (Allocation Failure) [PSYoungGen: 74608K->1376K(75264K)] 442144K->368919K(644096K), 0.0021045 secs] [Times: user=0.00 sys=0.00, real=0.00 secs] 
1822.727: [GC (Allocation Failure) [PSYoungGen: 74592K->1344K(75264K)] 442135K->368895K(644096K), 0.0020305 secs] [Times: user=0.01 sys=0.00, real=0.00 secs] 
1824.210: [GC (Allocation Failure) [PSYoungGen: 74560K->1408K(75264K)] 442111K->368959K(644096K), 0.0024214 secs] [Times: user=0.01 sys=0.00, real=0.01 secs] 
1825.208: [GC (Allocation Failure) [PSYoungGen: 74624K->1408K(75264K)] 442175K->368959K(644096K), 0.0038680 secs] [Times: user=0.02 sys=0.00, real=0.01 secs] 
1825.880: [GC (Allocation Failure) [PSYoungGen: 74624K->1408K(75264K)] 442175K->368959K(644096K), 0.0032836 secs] [Times: user=0.02 sys=0.00, real=0.01 secs] 
1826.747: [GC (Allocation Failure) [PSYoungGen: 74624K->1376K(75264K)] 442175K->368935K(644096K), 0.0032689 secs] [Times: user=0.01 sys=0.00, real=0.00 secs] 
1828.182: [GC (Allocation Failure) [PSYoungGen: 74592K->1376K(75264K)] 442151K->368935K(644096K), 0.0020262 secs] [Times: user=0.01 sys=0.00, real=0.00 secs] 
1828.486: [GC (Allocation Failure) [PSYoungGen: 74592K->1376K(75264K)] 442151K->368935K(644096K), 0.0019317 secs] [Times: user=0.01 sys=0.00, real=0.00 secs] 
1828.790: [GC (Allocation Failure) [PSYoungGen: 74592K->1376K(75264K)] 442151K->368935K(644096K), 0.0018885 secs] [Times: user=0.01 sys=0.00, real=0.01 secs] 
1829.155: [GC (Allocation Failure) [PSYoungGen: 74592K->1344K(75264K)] 442151K->368911K(644096K), 0.0020057 secs] [Times: user=0.00 sys=0.00, real=0.00 secs] 
1830.761: [GC (Allocation Failure) [PSYoungGen: 74560K->1424K(75264K)] 442127K->368992K(644096K), 0.0027752 secs] [Times: user=0.01 sys=0.00, real=0.00 secs] 
1831.580: [GC (Allocation Failure) [PSYoungGen: 74640K->1376K(74752K)] 442208K->368943K(643584K), 0.0030796 secs] [Times: user=0.01 sys=0.00, real=0.01 secs] 
1832.409: [GC (Allocation Failure) [PSYoungGen: 74592K->1376K(74752K)] 442159K->368943K(643584K), 0.0042195 secs] [Times: user=0.01 sys=0.00, real=0.01 secs] 
1833.099: [GC (Allocation Failure) [PSYoungGen: 74592K->1408K(74752K)] 442159K->368983K(643584K), 0.0037073 secs] [Times: user=0.02 sys=0.00, real=0.01 secs] 
1834.976: [GC (Allocation Failure) [PSYoungGen: 74624K->1408K(74752K)] 442199K->368983K(643584K), 0.0020338 secs] [Times: user=0.01 sys=0.00, real=0.00 secs] 
1835.652: [GC (Allocation Failure) [PSYoungGen: 74624K->1344K(74752K)] 442199K->368919K(643584K), 0.0041104 secs] [Times: user=0.02 sys=0.00, real=0.00 secs] 
1836.436: [GC (Allocation Failure) [PSYoungGen: 74560K->1376K(74752K)] 442135K->368951K(643584K), 0.0034583 secs] [Times: user=0.02 sys=0.00, real=0.00 secs] 
1837.918: [GC (Allocation Failure) [PSYoungGen: 74592K->864K(74752K)] 442167K->369472K(643584K), 0.0019820 secs] [Times: user=0.00 sys=0.00, real=0.00 secs] 
1838.598: [GC (Allocation Failure) [PSYoungGen: 74080K->384K(75264K)] 442688K->368991K(644096K), 0.0020936 secs] [Times: user=0.01 sys=0.00, real=0.00 secs] 
1838.973: [GC (Allocation Failure) [PSYoungGen: 73600K->384K(75264K)] 442207K->368991K(644096K), 0.0019314 secs] [Times: user=0.01 sys=0.00, real=0.00 secs] 
1839.433: [GC (Allocation Failure) [PSYoungGen: 73600K->336K(75264K)] 442207K->368944K(644096K), 0.0020551 secs] [Times: user=0.00 sys=0.00, real=0.00 secs] 
1840.701: [GC (Allocation Failure) [PSYoungGen: 73552K->1408K(75264K)] 442160K->370016K(644096K), 0.0017941 secs] [Times: user=0.01 sys=0.00, real=0.00 secs] 
1841.374: [GC (Allocation Failure) [PSYoungGen: 74624K->1408K(75264K)] 443232K->370016K(644096K), 0.0017488 secs] [Times: user=0.01 sys=0.00, real=0.00 secs] 
1842.064: [GC (Allocation Failure) [PSYoungGen: 74624K->1344K(75264K)] 443232K->369952K(644096K), 0.0023803 secs] [Times: user=0.01 sys=0.00, real=0.00 secs] 
1842.757: [GC (Allocation Failure) [PSYoungGen: 74560K->1312K(75264K)] 443168K->369920K(644096K), 0.0029497 secs] [Times: user=0.02 sys=0.00, real=0.00 secs] 
1844.397: [GC (Allocation Failure) [PSYoungGen: 74528K->1408K(75264K)] 443136K->370016K(644096K), 0.0017041 secs] [Times: user=0.01 sys=0.00, real=0.00 secs] 
1845.091: [GC (Allocation Failure) [PSYoungGen: 74624K->1344K(75264K)] 443232K->369952K(644096K), 0.0025521 secs] [Times: user=0.01 sys=0.00, real=0.00 secs] 
1845.734: [GC (Allocation Failure) [PSYoungGen: 74560K->1376K(75264K)] 443168K->369984K(644096K), 0.0022416 secs] [Times: user=0.01 sys=0.00, real=0.00 secs] 
1846.312: [GC (Allocation Failure) [PSYoungGen: 74592K->1376K(75264K)] 443200K->369984K(644096K), 0.0020443 secs] [Times: user=0.00 sys=0.00, real=0.00 secs] 
1847.771: [GC (Allocation Failure) [PSYoungGen: 74592K->1408K(75264K)] 443200K->370024K(644096K), 0.0025035 secs] [Times: user=0.01 sys=0.00, real=0.00 secs] 
1849.021: [GC (Allocation Failure) [PSYoungGen: 74624K->1376K(75264K)] 443240K->369992K(644096K), 0.0026978 secs] [Times: user=0.01 sys=0.00, real=0.01 secs] 
1850.193: [GC (Allocation Failure) [PSYoungGen: 74592K->1376K(75264K)] 443208K->369992K(644096K), 0.0028869 secs] [Times: user=0.01 sys=0.00, real=0.00 secs] 
1851.038: [GC (Allocation Failure) [PSYoungGen: 74592K->1376K(75264K)] 443208K->369992K(644096K), 0.0025284 secs] [Times: user=0.01 sys=0.00, real=0.01 secs] 
1852.647: [GC (Allocation Failure) [PSYoungGen: 74592K->1376K(75264K)] 443208K->369992K(644096K), 0.0026565 secs] [Times: user=0.01 sys=0.00, real=0.00 secs] 
1853.274: [GC (Allocation Failure) [PSYoungGen: 74592K->1344K(75264K)] 443208K->369960K(644096K), 0.0025351 secs] [Times: user=0.01 sys=0.01, real=0.00 secs] 
1853.864: [GC (Allocation Failure) [PSYoungGen: 74560K->1376K(75264K)] 443176K->369992K(644096K), 0.0021672 secs] [Times: user=0.01 sys=0.00, real=0.00 secs] 
1854.272: [GC (Allocation Failure) [PSYoungGen: 74592K->1344K(75264K)] 443208K->369960K(644096K), 0.0020991 secs] [Times: user=0.01 sys=0.00, real=0.00 secs] 
1855.731: [GC (Allocation Failure) [PSYoungGen: 74560K->1408K(75264K)] 443176K->370024K(644096K), 0.0046948 secs] [Times: user=0.02 sys=0.00, real=0.00 secs] 
1856.241: [GC (Allocation Failure) [PSYoungGen: 74624K->1392K(75264K)] 443240K->370008K(644096K), 0.0020990 secs] [Times: user=0.01 sys=0.00, real=0.00 secs] 
1856.595: [GC (Allocation Failure) [PSYoungGen: 74608K->1376K(75264K)] 443224K->369992K(644096K), 0.0020643 secs] [Times: user=0.01 sys=0.00, real=0.00 secs] 
1857.120: [GC (Allocation Failure) [PSYoungGen: 74592K->1376K(75264K)] 443208K->370000K(644096K), 0.0022088 secs] [Times: user=0.01 sys=0.00, real=0.01 secs] 
1859.705: [GC (Allocation Failure) [PSYoungGen: 74592K->1408K(75264K)] 443216K->370032K(644096K), 0.0043128 secs] [Times: user=0.02 sys=0.01, real=0.00 secs] 
1860.832: [GC (Allocation Failure) [PSYoungGen: 74624K->1376K(75264K)] 443248K->370000K(644096K), 0.0040908 secs] [Times: user=0.02 sys=0.00, real=0.00 secs] 
1861.441: [GC (Allocation Failure) [PSYoungGen: 74592K->1376K(75264K)] 443216K->370000K(644096K), 0.0029259 secs] [Times: user=0.01 sys=0.00, real=0.00 secs] 
1862.561: [GC (Allocation Failure) [PSYoungGen: 74592K->1712K(75264K)] 443216K->370336K(644096K), 0.0019404 secs] [Times: user=0.01 sys=0.00, real=0.00 secs] 
1863.047: [GC (Allocation Failure) [PSYoungGen: 74928K->1376K(75264K)] 443552K->370000K(644096K), 0.0021714 secs] [Times: user=0.00 sys=0.00, real=0.00 secs] 
1863.683: [GC (Allocation Failure) [PSYoungGen: 74592K->1344K(75264K)] 443216K->369968K(644096K), 0.0022422 secs] [Times: user=0.00 sys=0.00, real=0.00 secs] 
1864.395: [GC (Allocation Failure) [PSYoungGen: 74560K->1360K(75264K)] 443184K->369984K(644096K), 0.0022650 secs] [Times: user=0.01 sys=0.00, real=0.00 secs] 
1865.735: [GC (Allocation Failure) [PSYoungGen: 74576K->1408K(75264K)] 443200K->370032K(644096K), 0.0017118 secs] [Times: user=0.01 sys=0.00, real=0.00 secs] 
1866.471: [GC (Allocation Failure) [PSYoungGen: 74624K->1376K(75264K)] 443248K->370000K(644096K), 0.0023895 secs] [Times: user=0.01 sys=0.00, real=0.00 secs] 
1867.030: [GC (Allocation Failure) [PSYoungGen: 74592K->1408K(75264K)] 443216K->370040K(644096K), 0.0020628 secs] [Times: user=0.01 sys=0.00, real=0.01 secs] 
1867.335: [GC (Allocation Failure) [PSYoungGen: 74624K->1344K(75264K)] 443256K->369976K(644096K), 0.0020709 secs] [Times: user=0.01 sys=0.00, real=0.00 secs] 
1869.174: [GC (Allocation Failure) [PSYoungGen: 74560K->1408K(75264K)] 443192K->370040K(644096K), 0.0041053 secs] [Times: user=0.02 sys=0.00, real=0.00 secs] 
1870.521: [GC (Allocation Failure) [PSYoungGen: 74624K->1408K(75264K)] 443256K->370040K(644096K), 0.0045123 secs] [Times: user=0.01 sys=0.00, real=0.00 secs] 
1871.340: [GC (Allocation Failure) [PSYoungGen: 74624K->1408K(75264K)] 443256K->370040K(644096K), 0.0033753 secs] [Times: user=0.01 sys=0.00, real=0.01 secs] 
1872.232: [GC (Allocation Failure) [PSYoungGen: 74624K->1408K(75264K)] 443256K->370040K(644096K), 0.0029665 secs] [Times: user=0.02 sys=0.00, real=0.00 secs] 
1873.687: [GC (Allocation Failure) [PSYoungGen: 74624K->1424K(75264K)] 443256K->370056K(644096K), 0.0017869 secs] [Times: user=0.01 sys=0.00, real=0.00 secs] 
1874.012: [GC (Allocation Failure) [PSYoungGen: 74640K->1376K(74752K)] 443272K->370008K(643584K), 0.0019519 secs] [Times: user=0.01 sys=0.01, real=0.00 secs] 
1874.334: [GC (Allocation Failure) [PSYoungGen: 74592K->1376K(74752K)] 443224K->370008K(643584K), 0.0018082 secs] [Times: user=0.01 sys=0.00, real=0.00 secs] 
1874.683: [GC (Allocation Failure) [PSYoungGen: 74592K->1408K(74752K)] 443224K->370040K(643584K), 0.0020160 secs] [Times: user=0.00 sys=0.00, real=0.00 secs] 
1875.827: [GC (Allocation Failure) [PSYoungGen: 74624K->1376K(74752K)] 443256K->370008K(643584K), 0.0018411 secs] [Times: user=0.01 sys=0.00, real=0.00 secs] 
1876.436: [GC (Allocation Failure) [PSYoungGen: 74592K->1376K(74752K)] 443224K->370016K(643584K), 0.0018798 secs] [Times: user=0.01 sys=0.00, real=0.00 secs] 
1877.077: [GC (Allocation Failure) [PSYoungGen: 74592K->1376K(74752K)] 443232K->370016K(643584K), 0.0018414 secs] [Times: user=0.01 sys=0.00, real=0.00 secs] 
1877.399: [GC (Allocation Failure) [PSYoungGen: 74592K->1344K(74752K)] 443232K->369984K(643584K), 0.0019532 secs] [Times: user=0.01 sys=0.00, real=0.01 secs] 
1879.229: [GC (Allocation Failure) [PSYoungGen: 74560K->1408K(74752K)] 443200K->370048K(643584K), 0.0033090 secs] [Times: user=0.01 sys=0.00, real=0.01 secs] 
1880.677: [GC (Allocation Failure) [PSYoungGen: 74624K->1344K(74752K)] 443264K->369984K(643584K), 0.0044462 secs] [Times: user=0.02 sys=0.00, real=0.01 secs] 
1881.790: [GC (Allocation Failure) [PSYoungGen: 74560K->1344K(74752K)] 443200K->369984K(643584K), 0.0034783 secs] [Times: user=0.01 sys=0.00, real=0.01 secs] 
1882.439: [GC (Allocation Failure) [PSYoungGen: 74560K->1376K(74752K)] 443200K->370016K(643584K), 0.0025219 secs] [Times: user=0.01 sys=0.00, real=0.01 secs] 
1883.883: [GC (Allocation Failure) [PSYoungGen: 74592K->1408K(74752K)] 443232K->370048K(643584K), 0.0020996 secs] [Times: user=0.01 sys=0.00, real=0.00 secs] 
1884.509: [GC (Allocation Failure) [PSYoungGen: 74624K->1376K(74752K)] 443264K->370016K(643584K), 0.0027988 secs] [Times: user=0.01 sys=0.00, real=0.01 secs] 
1884.985: [GC (Allocation Failure) [PSYoungGen: 74592K->1376K(74752K)] 443232K->370016K(643584K), 0.0021388 secs] [Times: user=0.01 sys=0.00, real=0.00 secs] 
1885.969: [GC (Allocation Failure) [PSYoungGen: 74592K->1440K(74752K)] 443232K->370096K(643584K), 0.0015861 secs] [Times: user=0.01 sys=0.00, real=0.01 secs] 
1886.686: [GC (Allocation Failure) [PSYoungGen: 74656K->1376K(74752K)] 443312K->370032K(643584K), 0.0019837 secs] [Times: user=0.01 sys=0.00, real=0.00 secs] 
1887.340: [GC (Allocation Failure) [PSYoungGen: 74592K->1376K(74752K)] 443248K->370032K(643584K), 0.0032752 secs] [Times: user=0.01 sys=0.00, real=0.01 secs] 
1887.761: [GC (Allocation Failure) [PSYoungGen: 74592K->1392K(74752K)] 443248K->370048K(643584K), 0.0021285 secs] [Times: user=0.01 sys=0.00, real=0.00 secs] 
1888.858: [GC (Allocation Failure) [PSYoungGen: 74608K->1376K(74752K)] 443264K->370032K(643584K), 0.0018915 secs] [Times: user=0.01 sys=0.00, real=0.00 secs] 
1890.301: [GC (Allocation Failure) [PSYoungGen: 74592K->1376K(74752K)] 443248K->370032K(643584K), 0.0041124 secs] [Times: user=0.02 sys=0.00, real=0.01 secs] 
1890.959: [GC (Allocation Failure) [PSYoungGen: 74592K->1408K(74752K)] 443248K->370064K(643584K), 0.0026391 secs] [Times: user=0.02 sys=0.00, real=0.01 secs] 
1891.412: [GC (Allocation Failure) [PSYoungGen: 74624K->1376K(74752K)] 443280K->370032K(643584K), 0.0020655 secs] [Times: user=0.01 sys=0.00, real=0.00 secs] 
1892.471: [GC (Allocation Failure) [PSYoungGen: 74592K->1408K(74752K)] 443248K->370064K(643584K), 0.0018639 secs] [Times: user=0.01 sys=0.00, real=0.00 secs] 
1893.083: [GC (Allocation Failure) [PSYoungGen: 74624K->1376K(74752K)] 443280K->370032K(643584K), 0.0023258 secs] [Times: user=0.01 sys=0.01, real=0.00 secs] 
1893.701: [GC (Allocation Failure) [PSYoungGen: 74592K->1376K(74752K)] 443248K->370032K(643584K), 0.0033875 secs] [Times: user=0.02 sys=0.00, real=0.00 secs] 
1894.144: [GC (Allocation Failure) [PSYoungGen: 74592K->1376K(74752K)] 443248K->370032K(643584K), 0.0022551 secs] [Times: user=0.00 sys=0.00, real=0.00 secs] 
1895.194: [GC (Allocation Failure) [PSYoungGen: 74592K->1408K(74752K)] 443248K->370072K(643584K), 0.0017115 secs] [Times: user=0.00 sys=0.00, real=0.00 secs] 
1896.005: [GC (Allocation Failure) [PSYoungGen: 74624K->1376K(74752K)] 443288K->370040K(643584K), 0.0024148 secs] [Times: user=0.01 sys=0.00, real=0.00 secs] 
1896.754: [GC (Allocation Failure) [PSYoungGen: 74592K->1376K(74752K)] 443256K->370040K(643584K), 0.0027992 secs] [Times: user=0.01 sys=0.00, real=0.00 secs] 
1897.639: [GC (Allocation Failure) [PSYoungGen: 74592K->1408K(74752K)] 443256K->370072K(643584K), 0.0043557 secs] [Times: user=0.01 sys=0.00, real=0.01 secs] 
1899.098: [GC (Allocation Failure) [PSYoungGen: 74624K->1408K(74752K)] 443288K->370072K(643584K), 0.0019107 secs] [Times: user=0.01 sys=0.00, real=0.00 secs] 
1899.728: [GC (Allocation Failure) [PSYoungGen: 74624K->1376K(74752K)] 443288K->370040K(643584K), 0.0046580 secs] [Times: user=0.02 sys=0.00, real=0.01 secs] 
1900.358: [GC (Allocation Failure) [PSYoungGen: 74592K->1376K(74752K)] 443256K->370040K(643584K), 0.0028208 secs] [Times: user=0.01 sys=0.00, real=0.01 secs] 
1900.916: [GC (Allocation Failure) [PSYoungGen: 74592K->1376K(74752K)] 443256K->370048K(643584K), 0.0022874 secs] [Times: user=0.01 sys=0.00, real=0.00 secs] 
1902.465: [GC (Allocation Failure) [PSYoungGen: 74592K->1392K(74752K)] 443264K->370064K(643584K), 0.0023740 secs] [Times: user=0.01 sys=0.01, real=0.00 secs] 
1903.338: [GC (Allocation Failure) [PSYoungGen: 74608K->1344K(74752K)] 443280K->370016K(643584K), 0.0022506 secs] [Times: user=0.01 sys=0.00, real=0.00 secs] 
1905.280: [GC (Allocation Failure) [PSYoungGen: 74560K->1424K(74752K)] 443232K->370104K(643584K), 0.0022574 secs] [Times: user=0.01 sys=0.00, real=0.01 secs] 
1905.927: [GC (Allocation Failure) [PSYoungGen: 74640K->1344K(74752K)] 443320K->370024K(643584K), 0.0020581 secs] [Times: user=0.01 sys=0.00, real=0.00 secs] 
1906.459: [GC (Allocation Failure) [PSYoungGen: 74560K->1344K(74752K)] 443240K->370024K(643584K), 0.0027734 secs] [Times: user=0.01 sys=0.00, real=0.01 secs] 
1906.809: [GC (Allocation Failure) [PSYoungGen: 74560K->1376K(74752K)] 443240K->370072K(643584K), 0.0023312 secs] [Times: user=0.01 sys=0.00, real=0.01 secs] 
1907.823: [GC (Allocation Failure) [PSYoungGen: 74592K->1392K(74752K)] 443288K->370088K(643584K), 0.0018017 secs] [Times: user=0.01 sys=0.00, real=0.00 secs] 
1908.179: [GC (Allocation Failure) [PSYoungGen: 74608K->1376K(74752K)] 443304K->370072K(643584K), 0.0020456 secs] [Times: user=0.00 sys=0.00, real=0.01 secs] 
1908.532: [GC (Allocation Failure) [PSYoungGen: 74592K->1360K(74752K)] 443288K->370056K(643584K), 0.0020375 secs] [Times: user=0.00 sys=0.00, real=0.00 secs] 
1908.927: [GC (Allocation Failure) [PSYoungGen: 74576K->1344K(74752K)] 443272K->370040K(643584K), 0.0021653 secs] [Times: user=0.01 sys=0.00, real=0.00 secs] 
1911.623: [GC (Allocation Failure) [PSYoungGen: 74560K->1376K(74752K)] 443256K->370072K(643584K), 0.0041506 secs] [Times: user=0.01 sys=0.00, real=0.00 secs] 
1912.327: [GC (Allocation Failure) [PSYoungGen: 74592K->1376K(74752K)] 443288K->370072K(643584K), 0.0027645 secs] [Times: user=0.01 sys=0.00, real=0.00 secs] 
1912.632: [GC (Allocation Failure) [PSYoungGen: 74592K->1376K(74752K)] 443288K->370072K(643584K), 0.0024507 secs] [Times: user=0.01 sys=0.00, real=0.00 secs] 
1912.949: [GC (Allocation Failure) [PSYoungGen: 74592K->1376K(74752K)] 443288K->370072K(643584K), 0.0021159 secs] [Times: user=0.01 sys=0.00, real=0.01 secs] 
1914.134: [GC (Allocation Failure) [PSYoungGen: 74592K->1424K(74752K)] 443288K->370120K(643584K), 0.0018497 secs] [Times: user=0.01 sys=0.00, real=0.00 secs] 
1914.453: [GC (Allocation Failure) [PSYoungGen: 74640K->1408K(74752K)] 443336K->370104K(643584K), 0.0022281 secs] [Times: user=0.01 sys=0.00, real=0.00 secs] 
1914.995: [GC (Allocation Failure) [PSYoungGen: 74624K->1376K(74752K)] 443320K->370072K(643584K), 0.0034748 secs] [Times: user=0.02 sys=0.00, real=0.00 secs] 
1915.697: [GC (Allocation Failure) [PSYoungGen: 74592K->1408K(74752K)] 443288K->370112K(643584K), 0.0030298 secs] [Times: user=0.01 sys=0.00, real=0.00 secs] 
1917.281: [GC (Allocation Failure) [PSYoungGen: 74624K->1408K(74752K)] 443328K->370112K(643584K), 0.0021437 secs] [Times: user=0.01 sys=0.00, real=0.00 secs] 
1918.244: [GC (Allocation Failure) [PSYoungGen: 74624K->1376K(74752K)] 443328K->370080K(643584K), 0.0022395 secs] [Times: user=0.01 sys=0.00, real=0.00 secs] 
1918.983: [GC (Allocation Failure) [PSYoungGen: 74592K->1344K(74752K)] 443296K->370048K(643584K), 0.0024249 secs] [Times: user=0.01 sys=0.00, real=0.00 secs] 
1919.845: [GC (Allocation Failure) [PSYoungGen: 74560K->1392K(74752K)] 443264K->370096K(643584K), 0.0022936 secs] [Times: user=0.01 sys=0.00, real=0.00 secs] 
1921.127: [GC (Allocation Failure) [PSYoungGen: 74608K->1408K(74752K)] 443312K->370112K(643584K), 0.0018971 secs] [Times: user=0.00 sys=0.00, real=0.00 secs] 
1921.481: [GC (Allocation Failure) [PSYoungGen: 74624K->1344K(74752K)] 443328K->370048K(643584K), 0.0018793 secs] [Times: user=0.01 sys=0.00, real=0.00 secs] 
1921.785: [GC (Allocation Failure) [PSYoungGen: 74560K->1376K(74752K)] 443264K->370080K(643584K), 0.0019175 secs] [Times: user=0.01 sys=0.00, real=0.00 secs] 
1922.814: [GC (Allocation Failure) [PSYoungGen: 74592K->1488K(74752K)] 443296K->370200K(643584K), 0.0017344 secs] [Times: user=0.01 sys=0.00, real=0.00 secs] 
1923.182: [GC (Allocation Failure) [PSYoungGen: 74704K->1376K(74752K)] 443416K->370088K(643584K), 0.0018909 secs] [Times: user=0.01 sys=0.00, real=0.00 secs] 
1923.578: [GC (Allocation Failure) [PSYoungGen: 74592K->1376K(74752K)] 443304K->370088K(643584K), 0.0020626 secs] [Times: user=0.01 sys=0.00, real=0.00 secs] 
1924.098: [GC (Allocation Failure) [PSYoungGen: 74592K->1376K(74752K)] 443304K->370088K(643584K), 0.0023544 secs] [Times: user=0.01 sys=0.00, real=0.00 secs] 
1925.588: [GC (Allocation Failure) [PSYoungGen: 74592K->1408K(74752K)] 443304K->370128K(643584K), 0.0019796 secs] [Times: user=0.00 sys=0.00, real=0.00 secs] 
1926.473: [GC (Allocation Failure) [PSYoungGen: 74624K->1408K(74752K)] 443344K->370128K(643584K), 0.0032007 secs] [Times: user=0.01 sys=0.00, real=0.00 secs] 
1927.328: [GC (Allocation Failure) [PSYoungGen: 74624K->1376K(74752K)] 443344K->370096K(643584K), 0.0032279 secs] [Times: user=0.01 sys=0.00, real=0.01 secs] 
1927.689: [GC (Allocation Failure) [PSYoungGen: 74592K->1408K(74752K)] 443312K->370128K(643584K), 0.0021488 secs] [Times: user=0.01 sys=0.00, real=0.01 secs] 
1929.240: [GC (Allocation Failure) [PSYoungGen: 74624K->1440K(74752K)] 443344K->370160K(643584K), 0.0025751 secs] [Times: user=0.00 sys=0.00, real=0.01 secs] 
1930.718: [GC (Allocation Failure) [PSYoungGen: 74656K->1328K(74752K)] 443376K->370048K(643584K), 0.0026695 secs] [Times: user=0.01 sys=0.00, real=0.00 secs] 
1931.955: [GC (Allocation Failure) [PSYoungGen: 74544K->1344K(74752K)] 443264K->370064K(643584K), 0.0039758 secs] [Times: user=0.02 sys=0.00, real=0.00 secs] 
1932.614: [GC (Allocation Failure) [PSYoungGen: 74560K->1376K(74752K)] 443280K->370096K(643584K), 0.0028663 secs] [Times: user=0.01 sys=0.00, real=0.00 secs] 
1933.949: [GC (Allocation Failure) [PSYoungGen: 74592K->1408K(74752K)] 443312K->370136K(643584K), 0.0018834 secs] [Times: user=0.01 sys=0.00, real=0.01 secs] 
1934.580: [GC (Allocation Failure) [PSYoungGen: 74624K->1376K(74752K)] 443352K->370104K(643584K), 0.0017861 secs] [Times: user=0.00 sys=0.00, real=0.01 secs] 
1934.908: [GC (Allocation Failure) [PSYoungGen: 74592K->1376K(74752K)] 443320K->370104K(643584K), 0.0021386 secs] [Times: user=0.01 sys=0.00, real=0.00 secs] 
1935.214: [GC (Allocation Failure) [PSYoungGen: 74592K->1376K(74752K)] 443320K->370104K(643584K), 0.0020468 secs] [Times: user=0.01 sys=0.00, real=0.00 secs] 
1937.527: [GC (Allocation Failure) [PSYoungGen: 74592K->1376K(74752K)] 443320K->370104K(643584K), 0.0042120 secs] [Times: user=0.02 sys=0.00, real=0.01 secs] 
1938.424: [GC (Allocation Failure) [PSYoungGen: 74592K->1408K(74752K)] 443320K->370136K(643584K), 0.0033214 secs] [Times: user=0.01 sys=0.00, real=0.00 secs] 
1939.412: [GC (Allocation Failure) [PSYoungGen: 74624K->1376K(74752K)] 443352K->370120K(643584K), 0.0044632 secs] [Times: user=0.02 sys=0.00, real=0.00 secs] 
1940.341: [GC (Allocation Failure) [PSYoungGen: 74592K->1344K(74752K)] 443336K->370088K(643584K), 0.0040260 secs] [Times: user=0.02 sys=0.00, real=0.00 secs] 
1942.899: [GC (Allocation Failure) [PSYoungGen: 74560K->1408K(74752K)] 443304K->370152K(643584K), 0.0041113 secs] [Times: user=0.02 sys=0.00, real=0.01 secs] 
1944.107: [GC (Allocation Failure) [PSYoungGen: 74624K->1408K(74752K)] 443368K->370160K(643584K), 0.0041713 secs] [Times: user=0.02 sys=0.00, real=0.01 secs] 
1945.045: [GC (Allocation Failure) [PSYoungGen: 74624K->1408K(74752K)] 443376K->370160K(643584K), 0.0040433 secs] [Times: user=0.01 sys=0.00, real=0.00 secs] 
1945.776: [GC (Allocation Failure) [PSYoungGen: 74624K->1376K(74752K)] 443376K->370136K(643584K), 0.0037995 secs] [Times: user=0.02 sys=0.00, real=0.00 secs] 
1946.867: [GC (Allocation Failure) [PSYoungGen: 74592K->1440K(74752K)] 443352K->370208K(643584K), 0.0015795 secs] [Times: user=0.01 sys=0.00, real=0.00 secs] 
1947.171: [GC (Allocation Failure) [PSYoungGen: 74656K->1376K(74752K)] 443424K->370144K(643584K), 0.0025439 secs] [Times: user=0.01 sys=0.01, real=0.00 secs] 
1947.548: [GC (Allocation Failure) [PSYoungGen: 74592K->1408K(74752K)] 443360K->370176K(643584K), 0.0022849 secs] [Times: user=0.01 sys=0.00, real=0.00 secs] 
1948.545: [GC (Allocation Failure) [PSYoungGen: 74207K->224K(74752K)] 442975K->369008K(643584K), 0.0018387 secs] [Times: user=0.00 sys=0.00, real=0.00 secs] 
1948.907: [GC (Allocation Failure) [PSYoungGen: 73440K->1376K(75264K)] 442224K->370160K(644096K), 0.0019312 secs] [Times: user=0.01 sys=0.00, real=0.00 secs] 
1949.315: [GC (Allocation Failure) [PSYoungGen: 74592K->1376K(75264K)] 443376K->370160K(644096K), 0.0020676 secs] [Times: user=0.01 sys=0.00, real=0.00 secs] 
1949.620: [GC (Allocation Failure) [PSYoungGen: 74592K->1376K(75264K)] 443376K->370160K(644096K), 0.0021386 secs] [Times: user=0.01 sys=0.00, real=0.01 secs] 
1950.631: [GC (Allocation Failure) [PSYoungGen: 74592K->1408K(75264K)] 443376K->370208K(644096K), 0.0019029 secs] [Times: user=0.01 sys=0.00, real=0.01 secs] 
1950.937: [GC (Allocation Failure) [PSYoungGen: 74624K->1376K(75264K)] 443424K->370176K(644096K), 0.0018705 secs] [Times: user=0.01 sys=0.00, real=0.00 secs] 
1951.241: [GC (Allocation Failure) [PSYoungGen: 74592K->1376K(75264K)] 443392K->370176K(644096K), 0.0018525 secs] [Times: user=0.01 sys=0.00, real=0.00 secs] 
1951.578: [GC (Allocation Failure) [PSYoungGen: 74592K->1376K(75264K)] 443392K->370176K(644096K), 0.0020877 secs] [Times: user=0.00 sys=0.00, real=0.00 secs] 
1952.666: [GC (Allocation Failure) [PSYoungGen: 74592K->1408K(75264K)] 443392K->370208K(644096K), 0.0018852 secs] [Times: user=0.01 sys=0.00, real=0.00 secs] 
1953.505: [GC (Allocation Failure) [PSYoungGen: 74624K->1376K(75264K)] 443424K->370192K(644096K), 0.0044475 secs] [Times: user=0.02 sys=0.01, real=0.00 secs] 
1954.085: [GC (Allocation Failure) [PSYoungGen: 74592K->1376K(75264K)] 443408K->370192K(644096K), 0.0024445 secs] [Times: user=0.01 sys=0.00, real=0.00 secs] 
1954.599: [GC (Allocation Failure) [PSYoungGen: 74592K->1376K(75264K)] 443408K->370192K(644096K), 0.0020843 secs] [Times: user=0.00 sys=0.00, real=0.01 secs] 
1956.066: [GC (Allocation Failure) [PSYoungGen: 74592K->1376K(75264K)] 443408K->370192K(644096K), 0.0020199 secs] [Times: user=0.01 sys=0.00, real=0.00 secs] 
1956.376: [GC (Allocation Failure) [PSYoungGen: 74592K->1376K(75264K)] 443408K->370192K(644096K), 0.0027662 secs] [Times: user=0.01 sys=0.00, real=0.00 secs] 
1956.678: [GC (Allocation Failure) [PSYoungGen: 74592K->1392K(75264K)] 443408K->370208K(644096K), 0.0023407 secs] [Times: user=0.01 sys=0.00, real=0.00 secs] 
1957.362: [GC (Allocation Failure) [PSYoungGen: 74608K->1376K(74752K)] 443424K->370192K(643584K), 0.0027961 secs] [Times: user=0.01 sys=0.00, real=0.00 secs] 
1958.764: [GC (Allocation Failure) [PSYoungGen: 74592K->1376K(74752K)] 443408K->370192K(643584K), 0.0017648 secs] [Times: user=0.01 sys=0.00, real=0.00 secs] 
1959.068: [GC (Allocation Failure) [PSYoungGen: 74592K->352K(74240K)] 443408K->370192K(643072K), 0.0018970 secs] [Times: user=0.01 sys=0.00, real=0.00 secs] 
1959.374: [GC (Allocation Failure) [PSYoungGen: 73568K->352K(75264K)] 443408K->370192K(644096K), 0.0032753 secs] [Times: user=0.02 sys=0.00, real=0.00 secs] 
1959.678: [GC (Allocation Failure) [PSYoungGen: 73568K->384K(82944K)] 443408K->370232K(651776K), 0.0023685 secs] [Times: user=0.01 sys=0.00, real=0.00 secs] 
1961.300: [GC (Allocation Failure) [PSYoungGen: 81280K->1408K(81920K)] 451128K->371256K(650752K), 0.0022299 secs] [Times: user=0.00 sys=0.00, real=0.01 secs] 
1961.884: [GC (Allocation Failure) [PSYoungGen: 81792K->1376K(81408K)] 451640K->371224K(650240K), 0.0022579 secs] [Times: user=0.00 sys=0.00, real=0.00 secs] 
1962.876: [GC (Allocation Failure) [PSYoungGen: 81248K->1344K(80896K)] 451096K->371192K(649728K), 0.0038133 secs] [Times: user=0.01 sys=0.00, real=0.00 secs] 
1964.945: [GC (Allocation Failure) [PSYoungGen: 80704K->1376K(80384K)] 450552K->371224K(649216K), 0.0020435 secs] [Times: user=0.01 sys=0.00, real=0.00 secs] 
1966.013: [GC (Allocation Failure) [PSYoungGen: 80224K->1376K(79872K)] 450072K->371224K(648704K), 0.0037609 secs] [Times: user=0.01 sys=0.00, real=0.00 secs] 
1966.678: [GC (Allocation Failure) [PSYoungGen: 79712K->1344K(79360K)] 449560K->371200K(648192K), 0.0028116 secs] [Times: user=0.00 sys=0.00, real=0.01 secs] 
1967.084: [GC (Allocation Failure) [PSYoungGen: 79168K->1344K(78848K)] 449024K->371200K(647680K), 0.0022422 secs] [Times: user=0.00 sys=0.01, real=0.00 secs] 
1968.343: [GC (Allocation Failure) [PSYoungGen: 78656K->1408K(78336K)] 448512K->371264K(647168K), 0.0028376 secs] [Times: user=0.01 sys=0.00, real=0.00 secs] 
1968.672: [GC (Allocation Failure) [PSYoungGen: 78208K->1376K(77824K)] 448064K->371232K(646656K), 0.0022625 secs] [Times: user=0.00 sys=0.00, real=0.00 secs] 
1968.989: [GC (Allocation Failure) [PSYoungGen: 77664K->1408K(77312K)] 447520K->371264K(646144K), 0.0021915 secs] [Times: user=0.01 sys=0.00, real=0.01 secs] 
1969.304: [GC (Allocation Failure) [PSYoungGen: 77184K->1376K(76800K)] 447040K->371232K(645632K), 0.0021280 secs] [Times: user=0.00 sys=0.00, real=0.00 secs] 
1971.041: [GC (Allocation Failure) [PSYoungGen: 76640K->1408K(76288K)] 446496K->371264K(645120K), 0.0023740 secs] [Times: user=0.00 sys=0.00, real=0.00 secs] 
1971.514: [GC (Allocation Failure) [PSYoungGen: 76160K->1376K(75776K)] 446016K->371232K(644608K), 0.0022141 secs] [Times: user=0.01 sys=0.00, real=0.00 secs] 
1972.135: [GC (Allocation Failure) [PSYoungGen: 75616K->1376K(76288K)] 445472K->371232K(645120K), 0.0026662 secs] [Times: user=0.01 sys=0.00, real=0.00 secs] 
1973.487: [GC (Allocation Failure) [PSYoungGen: 75616K->1408K(76288K)] 445472K->371264K(645120K), 0.0018896 secs] [Times: user=0.01 sys=0.00, real=0.00 secs] 
1974.002: [GC (Allocation Failure) [PSYoungGen: 75648K->1376K(76288K)] 445504K->371232K(645120K), 0.0018316 secs] [Times: user=0.01 sys=0.00, real=0.00 secs] 
1974.311: [GC (Allocation Failure) [PSYoungGen: 75616K->1376K(76288K)] 445472K->371232K(645120K), 0.0020099 secs] [Times: user=0.01 sys=0.00, real=0.00 secs] 
1974.728: [GC (Allocation Failure) [PSYoungGen: 75616K->1376K(76288K)] 445472K->371232K(645120K), 0.0021213 secs] [Times: user=0.01 sys=0.00, real=0.00 secs] 
1976.073: [GC (Allocation Failure) [PSYoungGen: 75616K->1424K(76288K)] 445472K->371288K(645120K), 0.0018135 secs] [Times: user=0.00 sys=0.00, real=0.00 secs] 
1976.516: [GC (Allocation Failure) [PSYoungGen: 75664K->1344K(76288K)] 445528K->371208K(645120K), 0.0027231 secs] [Times: user=0.01 sys=0.00, real=0.00 secs] 
1976.886: [GC (Allocation Failure) [PSYoungGen: 75584K->1376K(76288K)] 445448K->371240K(645120K), 0.0026640 secs] [Times: user=0.01 sys=0.00, real=0.00 secs] 
1977.536: [GC (Allocation Failure) [PSYoungGen: 75616K->1376K(76288K)] 445480K->371240K(645120K), 0.0037144 secs] [Times: user=0.01 sys=0.01, real=0.00 secs] 
1978.774: [GC (Allocation Failure) [PSYoungGen: 75616K->1376K(76288K)] 445480K->371240K(645120K), 0.0025566 secs] [Times: user=0.01 sys=0.00, real=0.00 secs] 
1979.094: [GC (Allocation Failure) [PSYoungGen: 75616K->1376K(76288K)] 445480K->371240K(645120K), 0.0019331 secs] [Times: user=0.01 sys=0.00, real=0.00 secs] 
1979.402: [GC (Allocation Failure) [PSYoungGen: 75616K->1376K(76288K)] 445480K->371240K(645120K), 0.0025814 secs] [Times: user=0.01 sys=0.00, real=0.00 secs] 
1979.721: [GC (Allocation Failure) [PSYoungGen: 75616K->1376K(76288K)] 445480K->371240K(645120K), 0.0029987 secs] [Times: user=0.01 sys=0.00, real=0.01 secs] 
1981.589: [GC (Allocation Failure) [PSYoungGen: 75616K->1408K(76288K)] 445480K->371272K(645120K), 0.0026915 secs] [Times: user=0.01 sys=0.00, real=0.01 secs] 
1982.346: [GC (Allocation Failure) [PSYoungGen: 75648K->1376K(76288K)] 445512K->371240K(645120K), 0.0025632 secs] [Times: user=0.01 sys=0.00, real=0.00 secs] 
1983.338: [GC (Allocation Failure) [PSYoungGen: 75616K->1376K(75776K)] 445480K->371240K(644608K), 0.0028541 secs] [Times: user=0.01 sys=0.00, real=0.01 secs] 
1983.864: [GC (Allocation Failure) [PSYoungGen: 75616K->1376K(75776K)] 445480K->371248K(644608K), 0.0020695 secs] [Times: user=0.01 sys=0.00, real=0.00 secs] 
1984.930: [GC (Allocation Failure) [PSYoungGen: 75616K->1408K(75776K)] 445488K->371288K(644608K), 0.0018957 secs] [Times: user=0.00 sys=0.00, real=0.01 secs] 
1985.486: [GC (Allocation Failure) [PSYoungGen: 75648K->1376K(75776K)] 445528K->371256K(644608K), 0.0022683 secs] [Times: user=0.01 sys=0.00, real=0.00 secs] 
1986.102: [GC (Allocation Failure) [PSYoungGen: 75616K->1360K(75776K)] 445496K->371240K(644608K), 0.0024263 secs] [Times: user=0.01 sys=0.00, real=0.00 secs] 
1987.500: [GC (Allocation Failure) [PSYoungGen: 75600K->1408K(75776K)] 445480K->371288K(644608K), 0.0018449 secs] [Times: user=0.01 sys=0.00, real=0.01 secs] 
1988.183: [GC (Allocation Failure) [PSYoungGen: 75648K->1344K(75776K)] 445528K->371224K(644608K), 0.0022799 secs] [Times: user=0.01 sys=0.00, real=0.00 secs] 
1988.868: [GC (Allocation Failure) [PSYoungGen: 75584K->1376K(75776K)] 445464K->371256K(644608K), 0.0042350 secs] [Times: user=0.02 sys=0.00, real=0.01 secs] 
1989.571: [GC (Allocation Failure) [PSYoungGen: 75616K->1376K(75776K)] 445496K->371256K(644608K), 0.0032178 secs] [Times: user=0.01 sys=0.00, real=0.00 secs] 
1991.026: [GC (Allocation Failure) [PSYoungGen: 75616K->1424K(75776K)] 445496K->371304K(644608K), 0.0021607 secs] [Times: user=0.00 sys=0.00, real=0.00 secs] 
1992.063: [GC (Allocation Failure) [PSYoungGen: 75664K->1344K(75776K)] 445544K->371224K(644608K), 0.0043731 secs] [Times: user=0.02 sys=0.00, real=0.00 secs] 
1992.799: [GC (Allocation Failure) [PSYoungGen: 75584K->1408K(75776K)] 445464K->371288K(644608K), 0.0029407 secs] [Times: user=0.01 sys=0.00, real=0.01 secs] 
1993.135: [GC (Allocation Failure) [PSYoungGen: 75648K->1344K(75776K)] 445528K->371224K(644608K), 0.0020157 secs] [Times: user=0.01 sys=0.00, real=0.00 secs] 
1994.199: [GC (Allocation Failure) [PSYoungGen: 75584K->1408K(75776K)] 445464K->371288K(644608K), 0.0019181 secs] [Times: user=0.01 sys=0.00, real=0.01 secs] 
1994.547: [GC (Allocation Failure) [PSYoungGen: 75648K->1376K(75776K)] 445528K->371256K(644608K), 0.0019880 secs] [Times: user=0.01 sys=0.00, real=0.00 secs] 
1994.856: [GC (Allocation Failure) [PSYoungGen: 75616K->1376K(75776K)] 445496K->371256K(644608K), 0.0018895 secs] [Times: user=0.00 sys=0.00, real=0.00 secs] 
1995.234: [GC (Allocation Failure) [PSYoungGen: 75616K->1392K(75776K)] 445496K->371288K(644608K), 0.0021764 secs] [Times: user=0.01 sys=0.00, real=0.00 secs] 
1996.653: [GC (Allocation Failure) [PSYoungGen: 75632K->1376K(75776K)] 445528K->371272K(644608K), 0.0036327 secs] [Times: user=0.01 sys=0.00, real=0.00 secs] 
1997.449: [GC (Allocation Failure) [PSYoungGen: 75616K->1344K(75776K)] 445512K->371240K(644608K), 0.0041008 secs] [Times: user=0.02 sys=0.00, real=0.01 secs] 
1998.336: [GC (Allocation Failure) [PSYoungGen: 75584K->1376K(75776K)] 445480K->371272K(644608K), 0.0034640 secs] [Times: user=0.01 sys=0.00, real=0.00 secs] 
1999.267: [GC (Allocation Failure) [PSYoungGen: 75616K->1376K(75776K)] 445512K->371272K(644608K), 0.0032935 secs] [Times: user=0.01 sys=0.00, real=0.00 secs] 
2000.410: [GC (Allocation Failure) [PSYoungGen: 75616K->1376K(75776K)] 445512K->371272K(644608K), 0.0018907 secs] [Times: user=0.00 sys=0.00, real=0.01 secs] 
2000.739: [GC (Allocation Failure) [PSYoungGen: 75616K->1392K(75776K)] 445512K->371288K(644608K), 0.0018865 secs] [Times: user=0.01 sys=0.00, real=0.01 secs] 
2001.047: [GC (Allocation Failure) [PSYoungGen: 75632K->1376K(75776K)] 445528K->371272K(644608K), 0.0018853 secs] [Times: user=0.01 sys=0.00, real=0.00 secs] 
2002.216: [GC (Allocation Failure) [PSYoungGen: 75616K->928K(75776K)] 445512K->371848K(644608K), 0.0026419 secs] [Times: user=0.01 sys=0.00, real=0.00 secs] 
2003.107: [GC (Allocation Failure) [PSYoungGen: 75168K->352K(75264K)] 446088K->371272K(644096K), 0.0026930 secs] [Times: user=0.01 sys=0.00, real=0.00 secs] 
2004.052: [GC (Allocation Failure) [PSYoungGen: 74080K->384K(75776K)] 445000K->371304K(644608K), 0.0031499 secs] [Times: user=0.01 sys=0.00, real=0.00 secs] 
2004.467: [GC (Allocation Failure) [PSYoungGen: 74112K->352K(75776K)] 445032K->371272K(644608K), 0.0020481 secs] [Times: user=0.01 sys=0.01, real=0.00 secs] 
2005.656: [GC (Allocation Failure) [PSYoungGen: 74080K->1408K(75776K)] 445000K->372336K(644608K), 0.0020630 secs] [Times: user=0.00 sys=0.00, real=0.00 secs] 
2006.267: [GC (Allocation Failure) [PSYoungGen: 75136K->1376K(75776K)] 446064K->372304K(644608K), 0.0022834 secs] [Times: user=0.01 sys=0.00, real=0.00 secs] 
2006.576: [GC (Allocation Failure) [PSYoungGen: 75104K->1376K(75776K)] 446032K->372304K(644608K), 0.0021893 secs] [Times: user=0.01 sys=0.00, real=0.00 secs] 
2006.883: [GC (Allocation Failure) [PSYoungGen: 75104K->1376K(75776K)] 446032K->372304K(644608K), 0.0019911 secs] [Times: user=0.00 sys=0.00, real=0.00 secs] 
2008.253: [GC (Allocation Failure) [PSYoungGen: 75104K->1376K(75776K)] 446032K->372304K(644608K), 0.0018409 secs] [Times: user=0.01 sys=0.00, real=0.00 secs] 
2008.929: [GC (Allocation Failure) [PSYoungGen: 75104K->1376K(75776K)] 446032K->372304K(644608K), 0.0034670 secs] [Times: user=0.01 sys=0.00, real=0.01 secs] 
2009.362: [GC (Allocation Failure) [PSYoungGen: 75104K->1376K(75776K)] 446032K->372304K(644608K), 0.0028490 secs] [Times: user=0.01 sys=0.00, real=0.00 secs] 
2009.717: [GC (Allocation Failure) [PSYoungGen: 75104K->1344K(75776K)] 446032K->372272K(644608K), 0.0020836 secs] [Times: user=0.01 sys=0.00, real=0.00 secs] 
2010.992: [GC (Allocation Failure) [PSYoungGen: 75072K->1408K(75776K)] 446000K->372336K(644608K), 0.0020378 secs] [Times: user=0.01 sys=0.00, real=0.00 secs] 
2011.726: [GC (Allocation Failure) [PSYoungGen: 75136K->1376K(75776K)] 446064K->372304K(644608K), 0.0034802 secs] [Times: user=0.02 sys=0.00, real=0.00 secs] 
2012.358: [GC (Allocation Failure) [PSYoungGen: 75104K->1408K(75776K)] 446032K->372336K(644608K), 0.0028088 secs] [Times: user=0.01 sys=0.00, real=0.00 secs] 
2013.018: [GC (Allocation Failure) [PSYoungGen: 75136K->1344K(75776K)] 446064K->372272K(644608K), 0.0033161 secs] [Times: user=0.01 sys=0.00, real=0.01 secs] 
2014.239: [GC (Allocation Failure) [PSYoungGen: 75072K->1408K(75776K)] 446000K->372336K(644608K), 0.0021501 secs] [Times: user=0.01 sys=0.01, real=0.01 secs] 
2015.010: [GC (Allocation Failure) [PSYoungGen: 75136K->1344K(75776K)] 446064K->372280K(644608K), 0.0026548 secs] [Times: user=0.01 sys=0.00, real=0.01 secs] 
2015.837: [GC (Allocation Failure) [PSYoungGen: 75072K->1376K(75776K)] 446008K->372312K(644608K), 0.0042239 secs] [Times: user=0.01 sys=0.00, real=0.01 secs] 
2016.681: [GC (Allocation Failure) [PSYoungGen: 75104K->1408K(75776K)] 446040K->372360K(644608K), 0.0034602 secs] [Times: user=0.01 sys=0.00, real=0.01 secs] 
2018.140: [GC (Allocation Failure) [PSYoungGen: 75136K->1376K(75776K)] 446088K->372328K(644608K), 0.0025375 secs] [Times: user=0.01 sys=0.00, real=0.01 secs] 
2018.437: [GC (Allocation Failure) [PSYoungGen: 75104K->1392K(75776K)] 446056K->372344K(644608K), 0.0020592 secs] [Times: user=0.01 sys=0.00, real=0.00 secs] 
2018.842: [GC (Allocation Failure) [PSYoungGen: 75120K->1376K(75776K)] 446072K->372328K(644608K), 0.0028546 secs] [Times: user=0.01 sys=0.00, real=0.00 secs] 
2020.181: [GC (Allocation Failure) [PSYoungGen: 75104K->1408K(75776K)] 446056K->372360K(644608K), 0.0017939 secs] [Times: user=0.01 sys=0.00, real=0.00 secs] 
2021.023: [GC (Allocation Failure) [PSYoungGen: 75136K->1376K(75776K)] 446088K->372328K(644608K), 0.0025946 secs] [Times: user=0.01 sys=0.00, real=0.00 secs] 
2021.640: [GC (Allocation Failure) [PSYoungGen: 75104K->1408K(75776K)] 446056K->372360K(644608K), 0.0026262 secs] [Times: user=0.01 sys=0.00, real=0.01 secs] 
2022.458: [GC (Allocation Failure) [PSYoungGen: 75136K->1376K(75776K)] 446088K->372328K(644608K), 0.0035167 secs] [Times: user=0.01 sys=0.00, real=0.01 secs] 
2023.924: [GC (Allocation Failure) [PSYoungGen: 75104K->1408K(75776K)] 446056K->372360K(644608K), 0.0019064 secs] [Times: user=0.00 sys=0.00, real=0.00 secs] 
2024.230: [GC (Allocation Failure) [PSYoungGen: 75136K->1376K(75776K)] 446088K->372328K(644608K), 0.0017642 secs] [Times: user=0.01 sys=0.00, real=0.01 secs] 
2024.572: [GC (Allocation Failure) [PSYoungGen: 75104K->1344K(75776K)] 446056K->372296K(644608K), 0.0017569 secs] [Times: user=0.01 sys=0.00, real=0.00 secs] 
2024.877: [GC (Allocation Failure) [PSYoungGen: 75072K->1344K(75776K)] 446024K->372296K(644608K), 0.0027361 secs] [Times: user=0.01 sys=0.00, real=0.00 secs] 
2025.917: [GC (Allocation Failure) [PSYoungGen: 75072K->1440K(75776K)] 446024K->372408K(644608K), 0.0018698 secs] [Times: user=0.01 sys=0.00, real=0.00 secs] 
2026.224: [GC (Allocation Failure) [PSYoungGen: 75168K->1376K(75776K)] 446136K->372344K(644608K), 0.0017336 secs] [Times: user=0.00 sys=0.00, real=0.00 secs] 
2026.531: [GC (Allocation Failure) [PSYoungGen: 75104K->1376K(75264K)] 446072K->372344K(644096K), 0.0018785 secs] [Times: user=0.01 sys=0.00, real=0.00 secs] 
2026.837: [GC (Allocation Failure) [PSYoungGen: 75104K->1376K(75264K)] 446072K->372344K(644096K), 0.0021945 secs] [Times: user=0.01 sys=0.00, real=0.00 secs] 
2028.176: [GC (Allocation Failure) [PSYoungGen: 75104K->400K(74752K)] 446072K->372400K(643584K), 0.0024387 secs] [Times: user=0.01 sys=0.00, real=0.00 secs] 
2028.789: [GC (Allocation Failure) [PSYoungGen: 74128K->320K(75776K)] 446128K->372320K(644608K), 0.0024880 secs] [Times: user=0.01 sys=0.00, real=0.01 secs] 
2029.681: [GC (Allocation Failure) [PSYoungGen: 74048K->352K(75776K)] 446048K->372352K(644608K), 0.0033071 secs] [Times: user=0.02 sys=0.00, real=0.00 secs] 
2030.693: [GC (Allocation Failure) [PSYoungGen: 74080K->352K(75776K)] 446080K->372352K(644608K), 0.0036910 secs] [Times: user=0.02 sys=0.00, real=0.00 secs] 
2032.668: [GC (Allocation Failure) [PSYoungGen: 74080K->1408K(75776K)] 446080K->373408K(644608K), 0.0027768 secs] [Times: user=0.01 sys=0.00, real=0.00 secs] 
2033.264: [GC (Allocation Failure) [PSYoungGen: 75136K->1392K(75776K)] 447136K->373392K(644608K), 0.0027859 secs] [Times: user=0.01 sys=0.00, real=0.00 secs] 
2033.932: [GC (Allocation Failure) [PSYoungGen: 75120K->1312K(75776K)] 447120K->373312K(644608K), 0.0030494 secs] [Times: user=0.01 sys=0.00, real=0.00 secs] 
2034.577: [GC (Allocation Failure) [PSYoungGen: 75040K->1408K(75776K)] 447040K->373416K(644608K), 0.0029698 secs] [Times: user=0.01 sys=0.00, real=0.00 secs] 
2037.838: [GC (Allocation Failure) [PSYoungGen: 75136K->1344K(75776K)] 447144K->373352K(644608K), 0.0041251 secs] [Times: user=0.02 sys=0.00, real=0.01 secs] 
2038.591: [GC (Allocation Failure) [PSYoungGen: 75072K->1344K(75776K)] 447080K->373352K(644608K), 0.0027198 secs] [Times: user=0.01 sys=0.01, real=0.01 secs] 
2039.453: [GC (Allocation Failure) [PSYoungGen: 75072K->1344K(75776K)] 447080K->373352K(644608K), 0.0040833 secs] [Times: user=0.02 sys=0.00, real=0.00 secs] 
2041.314: [GC (Allocation Failure) [PSYoungGen: 75072K->1904K(75776K)] 447080K->374424K(644608K), 0.0017434 secs] [Times: user=0.01 sys=0.00, real=0.00 secs] 
2041.637: [GC (Allocation Failure) [PSYoungGen: 75632K->1376K(76288K)] 448152K->373896K(645120K), 0.0017488 secs] [Times: user=0.01 sys=0.00, real=0.00 secs] 
2042.000: [GC (Allocation Failure) [PSYoungGen: 75104K->1408K(76288K)] 447624K->373928K(645120K), 0.0023172 secs] [Times: user=0.01 sys=0.00, real=0.01 secs] 
2042.359: [GC (Allocation Failure) [PSYoungGen: 75136K->1408K(75264K)] 447656K->373928K(644096K), 0.0024303 secs] [Times: user=0.01 sys=0.00, real=0.01 secs] 
2045.472: [GC (Allocation Failure) [PSYoungGen: 75136K->1376K(75776K)] 447656K->373896K(644608K), 0.0043306 secs] [Times: user=0.02 sys=0.00, real=0.00 secs] 
2046.207: [GC (Allocation Failure) [PSYoungGen: 75104K->1344K(75776K)] 447624K->373864K(644608K), 0.0025618 secs] [Times: user=0.01 sys=0.00, real=0.00 secs] 
2047.399: [GC (Allocation Failure) [PSYoungGen: 75072K->1392K(75776K)] 447592K->373912K(644608K), 0.0039669 secs] [Times: user=0.02 sys=0.00, real=0.01 secs] 
2048.574: [GC (Allocation Failure) [PSYoungGen: 75120K->1376K(75776K)] 447640K->373896K(644608K), 0.0041467 secs] [Times: user=0.02 sys=0.00, real=0.00 secs] 
2050.580: [GC (Allocation Failure) [PSYoungGen: 75104K->1408K(75776K)] 447624K->373928K(644608K), 0.0021124 secs] [Times: user=0.01 sys=0.00, real=0.01 secs] 
2051.630: [GC (Allocation Failure) [PSYoungGen: 75136K->1376K(75776K)] 447656K->373896K(644608K), 0.0027974 secs] [Times: user=0.01 sys=0.00, real=0.01 secs] 
2052.366: [GC (Allocation Failure) [PSYoungGen: 75104K->1376K(75776K)] 447624K->373904K(644608K), 0.0026807 secs] [Times: user=0.01 sys=0.00, real=0.00 secs] 
2053.024: [GC (Allocation Failure) [PSYoungGen: 75104K->1376K(75776K)] 447632K->373904K(644608K), 0.0027026 secs] [Times: user=0.01 sys=0.00, real=0.00 secs] 
2054.287: [GC (Allocation Failure) [PSYoungGen: 75104K->1408K(75776K)] 447632K->373936K(644608K), 0.0018083 secs] [Times: user=0.01 sys=0.00, real=0.00 secs] 
2054.895: [GC (Allocation Failure) [PSYoungGen: 75136K->1376K(75776K)] 447664K->373904K(644608K), 0.0018529 secs] [Times: user=0.01 sys=0.00, real=0.00 secs] 
2055.580: [GC (Allocation Failure) [PSYoungGen: 75104K->1376K(75776K)] 447632K->373904K(644608K), 0.0019664 secs] [Times: user=0.01 sys=0.00, real=0.01 secs] 
2056.123: [GC (Allocation Failure) [PSYoungGen: 75104K->1376K(75776K)] 447632K->373904K(644608K), 0.0019295 secs] [Times: user=0.01 sys=0.00, real=0.00 secs] 
2058.657: [GC (Allocation Failure) [PSYoungGen: 75104K->1408K(75776K)] 447632K->373936K(644608K), 0.0042781 secs] [Times: user=0.02 sys=0.00, real=0.01 secs] 
2059.402: [GC (Allocation Failure) [PSYoungGen: 75136K->1376K(75776K)] 447664K->373904K(644608K), 0.0032637 secs] [Times: user=0.01 sys=0.00, real=0.00 secs] 
2060.241: [GC (Allocation Failure) [PSYoungGen: 75104K->1376K(75776K)] 447632K->373904K(644608K), 0.0029668 secs] [Times: user=0.01 sys=0.00, real=0.00 secs] 
2061.084: [GC (Allocation Failure) [PSYoungGen: 75104K->1360K(75776K)] 447632K->373896K(644608K), 0.0029460 secs] [Times: user=0.01 sys=0.00, real=0.00 secs] 
2062.229: [GC (Allocation Failure) [PSYoungGen: 75088K->1408K(75776K)] 447624K->373944K(644608K), 0.0020978 secs] [Times: user=0.01 sys=0.01, real=0.01 secs] 
2062.617: [GC (Allocation Failure) [PSYoungGen: 75136K->1344K(75776K)] 447672K->373888K(644608K), 0.0020191 secs] [Times: user=0.01 sys=0.00, real=0.00 secs] 
2063.063: [GC (Allocation Failure) [PSYoungGen: 75072K->1376K(75264K)] 447616K->373920K(644096K), 0.0021612 secs] [Times: user=0.01 sys=0.00, real=0.00 secs] 
2064.368: [GC (Allocation Failure) [PSYoungGen: 75104K->896K(74752K)] 447648K->374472K(643584K), 0.0018516 secs] [Times: user=0.01 sys=0.00, real=0.00 secs] 
2065.040: [GC (Allocation Failure) [PSYoungGen: 74112K->352K(75264K)] 447688K->373928K(644096K), 0.0021784 secs] [Times: user=0.01 sys=0.00, real=0.01 secs] 
2065.683: [GC (Allocation Failure) [PSYoungGen: 73568K->352K(75264K)] 447144K->373928K(644096K), 0.0028331 secs] [Times: user=0.01 sys=0.00, real=0.00 secs] 
2067.077: [GC (Allocation Failure) [PSYoungGen: 73568K->384K(75264K)] 447144K->373960K(644096K), 0.0029128 secs] [Times: user=0.02 sys=0.00, real=0.00 secs] 
2069.071: [GC (Allocation Failure) [PSYoungGen: 73600K->1408K(75264K)] 447176K->374992K(644096K), 0.0024839 secs] [Times: user=0.01 sys=0.00, real=0.00 secs] 
2069.627: [GC (Allocation Failure) [PSYoungGen: 74624K->1376K(75264K)] 448208K->374960K(644096K), 0.0021527 secs] [Times: user=0.01 sys=0.00, real=0.00 secs] 
2069.933: [GC (Allocation Failure) [PSYoungGen: 74592K->1376K(75264K)] 448176K->374960K(644096K), 0.0020962 secs] [Times: user=0.00 sys=0.00, real=0.00 secs] 
2070.237: [GC (Allocation Failure) [PSYoungGen: 74592K->1376K(75264K)] 448176K->374960K(644096K), 0.0019954 secs] [Times: user=0.00 sys=0.00, real=0.00 secs] 
2072.290: [GC (Allocation Failure) [PSYoungGen: 74592K->1440K(75264K)] 448176K->375024K(644096K), 0.0039299 secs] [Times: user=0.01 sys=0.01, real=0.01 secs] 
2073.503: [GC (Allocation Failure) [PSYoungGen: 74656K->1376K(75264K)] 448240K->374960K(644096K), 0.0037304 secs] [Times: user=0.01 sys=0.01, real=0.00 secs] 
2073.966: [GC (Allocation Failure) [PSYoungGen: 74592K->1312K(75264K)] 448176K->374896K(644096K), 0.0022583 secs] [Times: user=0.01 sys=0.00, real=0.00 secs] 
2074.368: [GC (Allocation Failure) [PSYoungGen: 74528K->1408K(75264K)] 448112K->374992K(644096K), 0.0023176 secs] [Times: user=0.01 sys=0.00, real=0.00 secs] 
2075.709: [GC (Allocation Failure) [PSYoungGen: 74624K->1408K(75264K)] 448208K->374992K(644096K), 0.0019476 secs] [Times: user=0.01 sys=0.00, real=0.01 secs] 
2076.864: [GC (Allocation Failure) [PSYoungGen: 74624K->1376K(75264K)] 448208K->374960K(644096K), 0.0023324 secs] [Times: user=0.01 sys=0.00, real=0.00 secs] 
2077.784: [GC (Allocation Failure) [PSYoungGen: 74592K->1392K(75264K)] 448176K->374976K(644096K), 0.0022842 secs] [Times: user=0.01 sys=0.00, real=0.00 secs] 
2078.714: [GC (Allocation Failure) [PSYoungGen: 74608K->1392K(75264K)] 448192K->374984K(644096K), 0.0022718 secs] [Times: user=0.01 sys=0.00, real=0.00 secs] 
2080.074: [GC (Allocation Failure) [PSYoungGen: 74608K->1408K(75264K)] 448200K->375000K(644096K), 0.0017469 secs] [Times: user=0.01 sys=0.00, real=0.00 secs] 
2080.397: [GC (Allocation Failure) [PSYoungGen: 74624K->1376K(75264K)] 448216K->374968K(644096K), 0.0020221 secs] [Times: user=0.01 sys=0.00, real=0.00 secs] 
2080.736: [GC (Allocation Failure) [PSYoungGen: 74592K->1376K(75264K)] 448184K->374968K(644096K), 0.0019619 secs] [Times: user=0.01 sys=0.00, real=0.00 secs] 
2081.040: [GC (Allocation Failure) [PSYoungGen: 74592K->1376K(75264K)] 448184K->374968K(644096K), 0.0017495 secs] [Times: user=0.00 sys=0.00, real=0.01 secs] 
2082.621: [GC (Allocation Failure) [PSYoungGen: 74592K->1408K(75264K)] 448184K->375000K(644096K), 0.0042514 secs] [Times: user=0.02 sys=0.01, real=0.01 secs] 
2083.467: [GC (Allocation Failure) [PSYoungGen: 74624K->1408K(75264K)] 448216K->375000K(644096K), 0.0031868 secs] [Times: user=0.01 sys=0.00, real=0.00 secs] 
2083.993: [GC (Allocation Failure) [PSYoungGen: 74624K->1376K(75264K)] 448216K->374968K(644096K), 0.0027911 secs] [Times: user=0.01 sys=0.01, real=0.00 secs] 
2084.444: [GC (Allocation Failure) [PSYoungGen: 74592K->1376K(75264K)] 448184K->374968K(644096K), 0.0025949 secs] [Times: user=0.01 sys=0.00, real=0.00 secs] 
2086.397: [GC (Allocation Failure) [PSYoungGen: 74592K->1440K(75264K)] 448184K->375032K(644096K), 0.0033071 secs] [Times: user=0.01 sys=0.00, real=0.00 secs] 
2087.241: [GC (Allocation Failure) [PSYoungGen: 74656K->1376K(75264K)] 448248K->374984K(644096K), 0.0028022 secs] [Times: user=0.01 sys=0.00, real=0.00 secs] 
2087.849: [GC (Allocation Failure) [PSYoungGen: 74592K->1376K(75264K)] 448200K->374984K(644096K), 0.0022950 secs] [Times: user=0.01 sys=0.00, real=0.01 secs] 
2089.114: [GC (Allocation Failure) [PSYoungGen: 74592K->1664K(75264K)] 448200K->375272K(644096K), 0.0017338 secs] [Times: user=0.01 sys=0.00, real=0.00 secs] 
2089.415: [GC (Allocation Failure) [PSYoungGen: 74880K->1376K(75264K)] 448488K->374984K(644096K), 0.0018617 secs] [Times: user=0.01 sys=0.00, real=0.00 secs] 
2089.719: [GC (Allocation Failure) [PSYoungGen: 74592K->1376K(75264K)] 448200K->374984K(644096K), 0.0017526 secs] [Times: user=0.01 sys=0.00, real=0.00 secs] 
2090.022: [GC (Allocation Failure) [PSYoungGen: 74592K->1392K(75264K)] 448200K->375000K(644096K), 0.0017892 secs] [Times: user=0.00 sys=0.00, real=0.00 secs] 
2091.219: [GC (Allocation Failure) [PSYoungGen: 74608K->1424K(75264K)] 448216K->375032K(644096K), 0.0020545 secs] [Times: user=0.01 sys=0.00, real=0.01 secs] 
2092.193: [GC (Allocation Failure) [PSYoungGen: 74640K->1376K(75264K)] 448248K->374984K(644096K), 0.0026962 secs] [Times: user=0.01 sys=0.00, real=0.00 secs] 
2092.807: [GC (Allocation Failure) [PSYoungGen: 74592K->1376K(75264K)] 448200K->374984K(644096K), 0.0027588 secs] [Times: user=0.01 sys=0.00, real=0.00 secs] 
2093.436: [GC (Allocation Failure) [PSYoungGen: 74592K->1376K(75264K)] 448200K->374984K(644096K), 0.0028076 secs] [Times: user=0.01 sys=0.00, real=0.00 secs] 
2094.835: [GC (Allocation Failure) [PSYoungGen: 74592K->1408K(75264K)] 448200K->375016K(644096K), 0.0017503 secs] [Times: user=0.00 sys=0.00, real=0.00 secs] 
2095.405: [GC (Allocation Failure) [PSYoungGen: 74624K->1376K(75264K)] 448232K->374984K(644096K), 0.0018608 secs] [Times: user=0.01 sys=0.00, real=0.00 secs] 
2096.158: [GC (Allocation Failure) [PSYoungGen: 74592K->1408K(74752K)] 448200K->375024K(643584K), 0.0033611 secs] [Times: user=0.01 sys=0.00, real=0.01 secs] 
2096.938: [GC (Allocation Failure) [PSYoungGen: 74624K->1376K(74752K)] 448240K->374992K(643584K), 0.0030005 secs] [Times: user=0.01 sys=0.00, real=0.00 secs] 
2098.907: [GC (Allocation Failure) [PSYoungGen: 74592K->1440K(74752K)] 448208K->375056K(643584K), 0.0021324 secs] [Times: user=0.00 sys=0.00, real=0.00 secs] 
2099.212: [GC (Allocation Failure) [PSYoungGen: 74656K->1376K(74752K)] 448272K->374992K(643584K), 0.0021454 secs] [Times: user=0.01 sys=0.00, real=0.00 secs] 
2099.516: [GC (Allocation Failure) [PSYoungGen: 74592K->1376K(74752K)] 448208K->374992K(643584K), 0.0021065 secs] [Times: user=0.01 sys=0.00, real=0.00 secs] 
2099.820: [GC (Allocation Failure) [PSYoungGen: 74592K->1392K(74752K)] 448208K->375008K(643584K), 0.0020671 secs] [Times: user=0.00 sys=0.00, real=0.01 secs] 
2101.472: [GC (Allocation Failure) [PSYoungGen: 74608K->1440K(74752K)] 448224K->375056K(643584K), 0.0021680 secs] [Times: user=0.01 sys=0.00, real=0.00 secs] 
2102.161: [GC (Allocation Failure) [PSYoungGen: 74656K->1376K(74752K)] 448272K->374992K(643584K), 0.0022691 secs] [Times: user=0.01 sys=0.00, real=0.00 secs] 
2102.846: [GC (Allocation Failure) [PSYoungGen: 74592K->1408K(74752K)] 448208K->375024K(643584K), 0.0029215 secs] [Times: user=0.02 sys=0.00, real=0.00 secs] 
2103.530: [GC (Allocation Failure) [PSYoungGen: 74624K->1408K(74752K)] 448240K->375024K(643584K), 0.0026386 secs] [Times: user=0.01 sys=0.00, real=0.01 secs] 
2105.732: [GC (Allocation Failure) [PSYoungGen: 74624K->1440K(74752K)] 448240K->375056K(643584K), 0.0028932 secs] [Times: user=0.01 sys=0.00, real=0.00 secs] 
2106.575: [GC (Allocation Failure) [PSYoungGen: 74656K->1376K(74752K)] 448272K->374992K(643584K), 0.0027850 secs] [Times: user=0.02 sys=0.00, real=0.00 secs] 
2107.128: [GC (Allocation Failure) [PSYoungGen: 74592K->1408K(74752K)] 448208K->375024K(643584K), 0.0024573 secs] [Times: user=0.00 sys=0.00, real=0.00 secs] 
2107.733: [GC (Allocation Failure) [PSYoungGen: 74624K->1344K(74752K)] 448240K->374968K(643584K), 0.0024588 secs] [Times: user=0.01 sys=0.00, real=0.00 secs] 
2109.579: [GC (Allocation Failure) [PSYoungGen: 74560K->1344K(74752K)] 448184K->374968K(643584K), 0.0028121 secs] [Times: user=0.01 sys=0.00, real=0.01 secs] 
2110.668: [GC (Allocation Failure) [PSYoungGen: 74560K->1376K(74752K)] 448184K->375000K(643584K), 0.0029310 secs] [Times: user=0.01 sys=0.00, real=0.01 secs] 
2111.457: [GC (Allocation Failure) [PSYoungGen: 74592K->1376K(74752K)] 448216K->375000K(643584K), 0.0030717 secs] [Times: user=0.01 sys=0.00, real=0.00 secs] 
2112.885: [GC (Allocation Failure) [PSYoungGen: 74592K->160K(74240K)] 448216K->373784K(643072K), 0.0016430 secs] [Times: user=0.00 sys=0.00, real=0.00 secs] 
2113.867: [GC (Allocation Failure) [PSYoungGen: 72864K->1344K(74752K)] 446488K->374968K(643584K), 0.0044017 secs] [Times: user=0.02 sys=0.01, real=0.01 secs] 
2114.404: [GC (Allocation Failure) [PSYoungGen: 74048K->1392K(74752K)] 447672K->375016K(643584K), 0.0029548 secs] [Times: user=0.01 sys=0.00, real=0.00 secs] 
2115.040: [GC (Allocation Failure) [PSYoungGen: 74096K->1344K(74752K)] 447720K->374968K(643584K), 0.0026035 secs] [Times: user=0.01 sys=0.00, real=0.01 secs] 
2116.303: [GC (Allocation Failure) [PSYoungGen: 74048K->1888K(74752K)] 447672K->375512K(643584K), 0.0019438 secs] [Times: user=0.01 sys=0.00, real=0.00 secs] 
2116.607: [GC (Allocation Failure) [PSYoungGen: 74592K->1376K(74752K)] 448216K->375000K(643584K), 0.0019356 secs] [Times: user=0.01 sys=0.00, real=0.00 secs] 
2116.909: [GC (Allocation Failure) [PSYoungGen: 74080K->1376K(74752K)] 447704K->375000K(643584K), 0.0018037 secs] [Times: user=0.01 sys=0.00, real=0.01 secs] 
2117.211: [GC (Allocation Failure) [PSYoungGen: 74080K->1344K(74752K)] 447704K->374968K(643584K), 0.0018150 secs] [Times: user=0.01 sys=0.00, real=0.00 secs] 
2118.213: [GC (Allocation Failure) [PSYoungGen: 74048K->1408K(74752K)] 447672K->375040K(643584K), 0.0017507 secs] [Times: user=0.00 sys=0.00, real=0.00 secs] 
2118.514: [GC (Allocation Failure) [PSYoungGen: 74112K->1344K(74752K)] 447744K->374976K(643584K), 0.0016449 secs] [Times: user=0.01 sys=0.00, real=0.00 secs] 
2118.816: [GC (Allocation Failure) [PSYoungGen: 74048K->1344K(74752K)] 447680K->374976K(643584K), 0.0020504 secs] [Times: user=0.01 sys=0.00, real=0.00 secs] 
2119.118: [GC (Allocation Failure) [PSYoungGen: 74048K->1376K(74752K)] 447680K->375008K(643584K), 0.0020515 secs] [Times: user=0.01 sys=0.00, real=0.00 secs] 
2120.253: [GC (Allocation Failure) [PSYoungGen: 74080K->1424K(74752K)] 447712K->375064K(643584K), 0.0018969 secs] [Times: user=0.00 sys=0.00, real=0.00 secs] 
2120.992: [GC (Allocation Failure) [PSYoungGen: 74128K->1344K(74752K)] 447768K->374984K(643584K), 0.0027550 secs] [Times: user=0.01 sys=0.00, real=0.00 secs] 
2122.029: [GC (Allocation Failure) [PSYoungGen: 74048K->1360K(74752K)] 447688K->375000K(643584K), 0.0042362 secs] [Times: user=0.02 sys=0.00, real=0.01 secs] 
2123.006: [GC (Allocation Failure) [PSYoungGen: 74064K->1408K(74752K)] 447704K->375048K(643584K), 0.0034492 secs] [Times: user=0.01 sys=0.00, real=0.00 secs] 
2124.614: [GC (Allocation Failure) [PSYoungGen: 74112K->1408K(74752K)] 447752K->375056K(643584K), 0.0019343 secs] [Times: user=0.01 sys=0.00, real=0.00 secs] 
2125.311: [GC (Allocation Failure) [PSYoungGen: 74112K->1360K(74752K)] 447760K->375008K(643584K), 0.0036565 secs] [Times: user=0.01 sys=0.00, real=0.01 secs] 
2125.925: [GC (Allocation Failure) [PSYoungGen: 74064K->1312K(74752K)] 447712K->374960K(643584K), 0.0027749 secs] [Times: user=0.01 sys=0.00, real=0.00 secs] 
2126.439: [GC (Allocation Failure) [PSYoungGen: 74016K->1376K(74240K)] 447664K->375024K(643072K), 0.0023509 secs] [Times: user=0.01 sys=0.00, real=0.01 secs] 
2127.542: [GC (Allocation Failure) [PSYoungGen: 74080K->1376K(74240K)] 447728K->375024K(643072K), 0.0018694 secs] [Times: user=0.01 sys=0.00, real=0.00 secs] 
2128.141: [GC (Allocation Failure) [PSYoungGen: 74080K->1376K(74240K)] 447728K->375024K(643072K), 0.0040893 secs] [Times: user=0.02 sys=0.00, real=0.00 secs] 
2128.749: [GC (Allocation Failure) [PSYoungGen: 74080K->1344K(74240K)] 447728K->374992K(643072K), 0.0030872 secs] [Times: user=0.02 sys=0.00, real=0.01 secs] 
2129.380: [GC (Allocation Failure) [PSYoungGen: 74048K->1376K(74240K)] 447696K->375024K(643072K), 0.0023241 secs] [Times: user=0.01 sys=0.00, real=0.01 secs] 
2131.608: [GC (Allocation Failure) [PSYoungGen: 74080K->1408K(74240K)] 447728K->375056K(643072K), 0.0041481 secs] [Times: user=0.02 sys=0.00, real=0.01 secs] 
2132.904: [GC (Allocation Failure) [PSYoungGen: 74112K->1376K(74240K)] 447760K->375024K(643072K), 0.0041265 secs] [Times: user=0.01 sys=0.00, real=0.00 secs] 
2133.908: [GC (Allocation Failure) [PSYoungGen: 74080K->1376K(74240K)] 447728K->375024K(643072K), 0.0033891 secs] [Times: user=0.02 sys=0.00, real=0.01 secs] 
2134.752: [GC (Allocation Failure) [PSYoungGen: 74080K->1376K(74240K)] 447728K->375040K(643072K), 0.0035078 secs] [Times: user=0.02 sys=0.00, real=0.00 secs] 
2136.428: [GC (Allocation Failure) [PSYoungGen: 74080K->1408K(74240K)] 447744K->375072K(643072K), 0.0022160 secs] [Times: user=0.01 sys=0.00, real=0.00 secs] 
2137.036: [GC (Allocation Failure) [PSYoungGen: 74112K->1376K(74240K)] 447776K->375040K(643072K), 0.0029267 secs] [Times: user=0.01 sys=0.00, real=0.00 secs] 
2137.733: [GC (Allocation Failure) [PSYoungGen: 74080K->1376K(74240K)] 447744K->375040K(643072K), 0.0028512 secs] [Times: user=0.01 sys=0.00, real=0.00 secs] 
2138.496: [GC (Allocation Failure) [PSYoungGen: 74080K->1376K(74240K)] 447744K->375048K(643072K), 0.0031781 secs] [Times: user=0.02 sys=0.00, real=0.00 secs] 
2140.560: [GC (Allocation Failure) [PSYoungGen: 74080K->1424K(74240K)] 447752K->375096K(643072K), 0.0022648 secs] [Times: user=0.01 sys=0.00, real=0.01 secs] 
2140.953: [GC (Allocation Failure) [PSYoungGen: 74128K->1376K(74240K)] 447800K->375048K(643072K), 0.0021199 secs] [Times: user=0.01 sys=0.00, real=0.00 secs] 
2141.297: [GC (Allocation Failure) [PSYoungGen: 74080K->1376K(74240K)] 447752K->375048K(643072K), 0.0021025 secs] [Times: user=0.01 sys=0.00, real=0.00 secs] 
2142.268: [GC (Allocation Failure) [PSYoungGen: 74080K->1424K(74240K)] 447752K->375096K(643072K), 0.0016457 secs] [Times: user=0.00 sys=0.00, real=0.00 secs] 
2143.613: [GC (Allocation Failure) [PSYoungGen: 74128K->1376K(74240K)] 447800K->375048K(643072K), 0.0044982 secs] [Times: user=0.02 sys=0.00, real=0.00 secs] 
2144.776: [GC (Allocation Failure) [PSYoungGen: 74080K->1376K(74240K)] 447752K->375048K(643072K), 0.0032922 secs] [Times: user=0.01 sys=0.00, real=0.00 secs] 
2145.302: [GC (Allocation Failure) [PSYoungGen: 74080K->1376K(74240K)] 447752K->375048K(643072K), 0.0023074 secs] [Times: user=0.01 sys=0.00, real=0.00 secs] 
2146.429: [GC (Allocation Failure) [PSYoungGen: 74080K->896K(74240K)] 447752K->375592K(643072K), 0.0020573 secs] [Times: user=0.01 sys=0.00, real=0.01 secs] 
2146.968: [GC (Allocation Failure) [PSYoungGen: 73600K->368K(73728K)] 448296K->375064K(642560K), 0.0021019 secs] [Times: user=0.01 sys=0.00, real=0.00 secs] 
2147.286: [GC (Allocation Failure) [PSYoungGen: 72560K->352K(74240K)] 447256K->375056K(643072K), 0.0029644 secs] [Times: user=0.01 sys=0.00, real=0.00 secs] 
2147.660: [GC (Allocation Failure) [PSYoungGen: 72544K->384K(74240K)] 447248K->375088K(643072K), 0.0022482 secs] [Times: user=0.01 sys=0.00, real=0.01 secs] 
2148.749: [GC (Allocation Failure) [PSYoungGen: 72576K->1408K(74240K)] 447280K->376112K(643072K), 0.0019648 secs] [Times: user=0.00 sys=0.00, real=0.01 secs] 
2149.688: [GC (Allocation Failure) [PSYoungGen: 73600K->1376K(74240K)] 448304K->376080K(643072K), 0.0026333 secs] [Times: user=0.02 sys=0.00, real=0.00 secs] 
2150.578: [GC (Allocation Failure) [PSYoungGen: 73568K->1376K(74240K)] 448272K->376080K(643072K), 0.0041428 secs] [Times: user=0.02 sys=0.00, real=0.01 secs] 
2151.275: [GC (Allocation Failure) [PSYoungGen: 73568K->1376K(74240K)] 448272K->376080K(643072K), 0.0031345 secs] [Times: user=0.01 sys=0.01, real=0.00 secs] 
2152.530: [GC (Allocation Failure) [PSYoungGen: 73568K->1408K(74240K)] 448272K->376112K(643072K), 0.0017287 secs] [Times: user=0.00 sys=0.00, real=0.01 secs] 
2152.829: [GC (Allocation Failure) [PSYoungGen: 73600K->1376K(74240K)] 448304K->376080K(643072K), 0.0017836 secs] [Times: user=0.01 sys=0.00, real=0.01 secs] 
2153.129: [GC (Allocation Failure) [PSYoungGen: 73568K->1376K(74240K)] 448272K->376080K(643072K), 0.0018438 secs] [Times: user=0.01 sys=0.00, real=0.00 secs] 
2153.429: [GC (Allocation Failure) [PSYoungGen: 73568K->1376K(74240K)] 448272K->376080K(643072K), 0.0023238 secs] [Times: user=0.01 sys=0.00, real=0.01 secs] 
2154.800: [GC (Allocation Failure) [PSYoungGen: 73568K->1408K(74240K)] 448272K->376112K(643072K), 0.0021290 secs] [Times: user=0.01 sys=0.00, real=0.01 secs] 
2155.470: [GC (Allocation Failure) [PSYoungGen: 73600K->1376K(74240K)] 448304K->376088K(643072K), 0.0041627 secs] [Times: user=0.01 sys=0.00, real=0.01 secs] 
2156.067: [GC (Allocation Failure) [PSYoungGen: 73568K->1376K(74240K)] 448280K->376088K(643072K), 0.0029239 secs] [Times: user=0.01 sys=0.00, real=0.00 secs] 
2156.792: [GC (Allocation Failure) [PSYoungGen: 73568K->1376K(74240K)] 448280K->376096K(643072K), 0.0023980 secs] [Times: user=0.01 sys=0.00, real=0.00 secs] 
2158.186: [GC (Allocation Failure) [PSYoungGen: 73568K->1440K(74240K)] 448288K->376160K(643072K), 0.0026145 secs] [Times: user=0.01 sys=0.00, real=0.00 secs] 
2158.491: [GC (Allocation Failure) [PSYoungGen: 73632K->1376K(74240K)] 448352K->376096K(643072K), 0.0021244 secs] [Times: user=0.01 sys=0.00, real=0.00 secs] 
2158.791: [GC (Allocation Failure) [PSYoungGen: 73568K->1376K(74240K)] 448288K->376096K(643072K), 0.0021090 secs] [Times: user=0.01 sys=0.00, real=0.00 secs] 
2159.091: [GC (Allocation Failure) [PSYoungGen: 73568K->1376K(74240K)] 448288K->376096K(643072K), 0.0019972 secs] [Times: user=0.01 sys=0.00, real=0.00 secs] 
2160.662: [GC (Allocation Failure) [PSYoungGen: 73568K->1408K(74240K)] 448288K->376128K(643072K), 0.0022724 secs] [Times: user=0.01 sys=0.00, real=0.00 secs] 
2161.725: [GC (Allocation Failure) [PSYoungGen: 73600K->1408K(74240K)] 448320K->376128K(643072K), 0.0025248 secs] [Times: user=0.01 sys=0.00, real=0.00 secs] 
2162.362: [GC (Allocation Failure) [PSYoungGen: 73600K->1344K(74240K)] 448320K->376064K(643072K), 0.0023015 secs] [Times: user=0.01 sys=0.00, real=0.00 secs] 
2163.246: [GC (Allocation Failure) [PSYoungGen: 73536K->1376K(74240K)] 448256K->376096K(643072K), 0.0023742 secs] [Times: user=0.01 sys=0.00, real=0.00 secs] 
2164.845: [GC (Allocation Failure) [PSYoungGen: 73568K->1424K(74240K)] 448288K->376144K(643072K), 0.0020863 secs] [Times: user=0.01 sys=0.00, real=0.00 secs] 
2166.235: [GC (Allocation Failure) [PSYoungGen: 73616K->1376K(74240K)] 448336K->376096K(643072K), 0.0039412 secs] [Times: user=0.02 sys=0.00, real=0.00 secs] 
2167.230: [GC (Allocation Failure) [PSYoungGen: 73568K->1408K(74240K)] 448288K->376128K(643072K), 0.0039928 secs] [Times: user=0.02 sys=0.00, real=0.01 secs] 
2168.229: [GC (Allocation Failure) [PSYoungGen: 73600K->1344K(74240K)] 448320K->376072K(643072K), 0.0041038 secs] [Times: user=0.01 sys=0.00, real=0.01 secs] 
2169.940: [GC (Allocation Failure) [PSYoungGen: 73536K->1344K(74240K)] 448264K->376072K(643072K), 0.0023000 secs] [Times: user=0.01 sys=0.00, real=0.01 secs] 
2170.295: [GC (Allocation Failure) [PSYoungGen: 73536K->1408K(74240K)] 448264K->376136K(643072K), 0.0023204 secs] [Times: user=0.01 sys=0.00, real=0.00 secs] 
2170.869: [GC (Allocation Failure) [PSYoungGen: 73600K->1376K(74240K)] 448328K->376104K(643072K), 0.0022296 secs] [Times: user=0.01 sys=0.00, real=0.01 secs] 
2171.517: [GC (Allocation Failure) [PSYoungGen: 73568K->1376K(74240K)] 448296K->376104K(643072K), 0.0025371 secs] [Times: user=0.01 sys=0.00, real=0.00 secs] 
2173.834: [GC (Allocation Failure) [PSYoungGen: 73568K->1440K(74240K)] 448296K->376168K(643072K), 0.0040419 secs] [Times: user=0.02 sys=0.00, real=0.00 secs] 
2174.438: [GC (Allocation Failure) [PSYoungGen: 73632K->1376K(74240K)] 448360K->376104K(643072K), 0.0036395 secs] [Times: user=0.02 sys=0.00, real=0.01 secs] 
2175.011: [GC (Allocation Failure) [PSYoungGen: 73568K->1376K(73728K)] 448296K->376104K(642560K), 0.0027221 secs] [Times: user=0.01 sys=0.00, real=0.00 secs] 
2175.595: [GC (Allocation Failure) [PSYoungGen: 73568K->1344K(73728K)] 448296K->376072K(642560K), 0.0028768 secs] [Times: user=0.01 sys=0.00, real=0.00 secs] 
2177.546: [GC (Allocation Failure) [PSYoungGen: 73536K->1408K(73728K)] 448264K->376136K(642560K), 0.0042865 secs] [Times: user=0.02 sys=0.00, real=0.00 secs] 
2178.600: [GC (Allocation Failure) [PSYoungGen: 73600K->1376K(73728K)] 448328K->376104K(642560K), 0.0028428 secs] [Times: user=0.01 sys=0.00, real=0.01 secs] 
2179.814: [GC (Allocation Failure) [PSYoungGen: 73568K->1344K(73728K)] 448296K->376072K(642560K), 0.0043003 secs] [Times: user=0.01 sys=0.00, real=0.00 secs] 
2180.939: [GC (Allocation Failure) [PSYoungGen: 73524K->288K(73216K)] 448252K->375024K(642048K), 0.0033472 secs] [Times: user=0.01 sys=0.00, real=0.01 secs] 
2182.361: [GC (Allocation Failure) [PSYoungGen: 71968K->1408K(73728K)] 446704K->376144K(642560K), 0.0023272 secs] [Times: user=0.01 sys=0.00, real=0.00 secs] 
2183.019: [GC (Allocation Failure) [PSYoungGen: 73088K->1376K(73728K)] 447824K->376120K(642560K), 0.0023646 secs] [Times: user=0.01 sys=0.00, real=0.01 secs] 
2183.836: [GC (Allocation Failure) [PSYoungGen: 73056K->1408K(73728K)] 447800K->376152K(642560K), 0.0040890 secs] [Times: user=0.01 sys=0.00, real=0.00 secs] 
2185.781: [GC (Allocation Failure) [PSYoungGen: 73088K->1456K(73728K)] 447832K->376208K(642560K), 0.0017736 secs] [Times: user=0.01 sys=0.00, real=0.00 secs] 
2186.157: [GC (Allocation Failure) [PSYoungGen: 73136K->1376K(73728K)] 447888K->376128K(642560K), 0.0019258 secs] [Times: user=0.00 sys=0.00, real=0.00 secs] 
2186.699: [GC (Allocation Failure) [PSYoungGen: 73056K->1376K(73728K)] 447808K->376128K(642560K), 0.0026637 secs] [Times: user=0.01 sys=0.00, real=0.01 secs] 
2187.326: [GC (Allocation Failure) [PSYoungGen: 73056K->1376K(73728K)] 447808K->376128K(642560K), 0.0026365 secs] [Times: user=0.01 sys=0.00, real=0.00 secs] 
2188.840: [GC (Allocation Failure) [PSYoungGen: 73056K->1888K(73728K)] 447808K->376648K(642560K), 0.0021083 secs] [Times: user=0.01 sys=0.00, real=0.01 secs] 
2189.676: [GC (Allocation Failure) [PSYoungGen: 73568K->1376K(73728K)] 448328K->376136K(642560K), 0.0036724 secs] [Times: user=0.02 sys=0.00, real=0.00 secs] 
2190.454: [GC (Allocation Failure) [PSYoungGen: 73056K->1408K(73728K)] 447816K->376168K(642560K), 0.0029261 secs] [Times: user=0.01 sys=0.00, real=0.00 secs] 
2191.031: [GC (Allocation Failure) [PSYoungGen: 73088K->1376K(73728K)] 447848K->376136K(642560K), 0.0023392 secs] [Times: user=0.01 sys=0.00, real=0.00 secs] 
2192.438: [GC (Allocation Failure) [PSYoungGen: 73056K->1408K(73728K)] 447816K->376168K(642560K), 0.0019308 secs] [Times: user=0.01 sys=0.00, real=0.00 secs] 
2192.737: [GC (Allocation Failure) [PSYoungGen: 73088K->1392K(73728K)] 447848K->376152K(642560K), 0.0021725 secs] [Times: user=0.01 sys=0.00, real=0.00 secs] 
2193.035: [GC (Allocation Failure) [PSYoungGen: 73072K->1376K(73728K)] 447832K->376136K(642560K), 0.0020965 secs] [Times: user=0.01 sys=0.00, real=0.00 secs] 
2193.333: [GC (Allocation Failure) [PSYoungGen: 73056K->1408K(73728K)] 447816K->376168K(642560K), 0.0020336 secs] [Times: user=0.00 sys=0.00, real=0.00 secs] 
2194.342: [GC (Allocation Failure) [PSYoungGen: 73088K->1408K(73728K)] 447848K->376168K(642560K), 0.0018033 secs] [Times: user=0.01 sys=0.00, real=0.00 secs] 
2194.756: [GC (Allocation Failure) [PSYoungGen: 73088K->1376K(73728K)] 447848K->376136K(642560K), 0.0019109 secs] [Times: user=0.01 sys=0.00, real=0.00 secs] 
2195.281: [GC (Allocation Failure) [PSYoungGen: 73056K->1376K(73728K)] 447816K->376144K(642560K), 0.0020065 secs] [Times: user=0.00 sys=0.00, real=0.00 secs] 
2195.880: [GC (Allocation Failure) [PSYoungGen: 73056K->1376K(73728K)] 447824K->376144K(642560K), 0.0024670 secs] [Times: user=0.01 sys=0.00, real=0.01 secs] 
2197.212: [GC (Allocation Failure) [PSYoungGen: 73056K->1408K(73728K)] 447824K->376176K(642560K), 0.0018004 secs] [Times: user=0.01 sys=0.00, real=0.00 secs] 
2197.904: [GC (Allocation Failure) [PSYoungGen: 73088K->1376K(73216K)] 447856K->376144K(642048K), 0.0019833 secs] [Times: user=0.00 sys=0.00, real=0.00 secs] 
2198.577: [GC (Allocation Failure) [PSYoungGen: 73056K->1376K(73216K)] 447824K->376144K(642048K), 0.0020618 secs] [Times: user=0.00 sys=0.00, real=0.00 secs] 
2198.879: [GC (Allocation Failure) [PSYoungGen: 73056K->1376K(73216K)] 447824K->376144K(642048K), 0.0021557 secs] [Times: user=0.01 sys=0.00, real=0.01 secs] 
2199.969: [GC (Allocation Failure) [PSYoungGen: 73056K->1408K(73216K)] 447824K->376176K(642048K), 0.0018077 secs] [Times: user=0.01 sys=0.00, real=0.00 secs] 
2200.668: [GC (Allocation Failure) [PSYoungGen: 73088K->1344K(73216K)] 447856K->376112K(642048K), 0.0026621 secs] [Times: user=0.01 sys=0.00, real=0.00 secs] 
2201.494: [GC (Allocation Failure) [PSYoungGen: 73024K->1408K(73216K)] 447792K->376176K(642048K), 0.0040987 secs] [Times: user=0.02 sys=0.00, real=0.00 secs] 
2202.094: [GC (Allocation Failure) [PSYoungGen: 73088K->1408K(73216K)] 447856K->376176K(642048K), 0.0035197 secs] [Times: user=0.01 sys=0.00, real=0.00 secs] 
2203.698: [GC (Allocation Failure) [PSYoungGen: 73088K->1408K(73216K)] 447856K->376176K(642048K), 0.0018511 secs] [Times: user=0.01 sys=0.00, real=0.00 secs] 
2204.623: [GC (Allocation Failure) [PSYoungGen: 73088K->1376K(73216K)] 447856K->376144K(642048K), 0.0024156 secs] [Times: user=0.01 sys=0.00, real=0.00 secs] 
2205.328: [GC (Allocation Failure) [PSYoungGen: 73056K->1344K(73216K)] 447824K->376112K(642048K), 0.0024057 secs] [Times: user=0.01 sys=0.00, real=0.00 secs] 
2206.200: [GC (Allocation Failure) [PSYoungGen: 73024K->1408K(73216K)] 447792K->376192K(642048K), 0.0029529 secs] [Times: user=0.01 sys=0.00, real=0.01 secs] 
2207.626: [GC (Allocation Failure) [PSYoungGen: 73088K->1440K(73216K)] 447872K->376224K(642048K), 0.0016858 secs] [Times: user=0.01 sys=0.00, real=0.00 secs] 
2207.963: [GC (Allocation Failure) [PSYoungGen: 73120K->1344K(73216K)] 447904K->376128K(642048K), 0.0015903 secs] [Times: user=0.01 sys=0.00, real=0.00 secs] 
2208.292: [GC (Allocation Failure) [PSYoungGen: 73024K->1360K(73216K)] 447808K->376144K(642048K), 0.0017199 secs] [Times: user=0.00 sys=0.00, real=0.00 secs] 
2209.017: [GC (Allocation Failure) [PSYoungGen: 73040K->1344K(73216K)] 447824K->376128K(642048K), 0.0024271 secs] [Times: user=0.01 sys=0.00, real=0.00 secs] 
2210.245: [GC (Allocation Failure) [PSYoungGen: 73024K->1408K(73216K)] 447808K->376192K(642048K), 0.0018229 secs] [Times: user=0.01 sys=0.00, real=0.00 secs] 
2210.543: [GC (Allocation Failure) [PSYoungGen: 73088K->1344K(73216K)] 447872K->376128K(642048K), 0.0017896 secs] [Times: user=0.01 sys=0.00, real=0.00 secs] 
2210.898: [GC (Allocation Failure) [PSYoungGen: 73024K->1376K(73216K)] 447808K->376160K(642048K), 0.0024277 secs] [Times: user=0.01 sys=0.00, real=0.01 secs] 
2211.195: [GC (Allocation Failure) [PSYoungGen: 73056K->1408K(73216K)] 447840K->376192K(642048K), 0.0025386 secs] [Times: user=0.01 sys=0.00, real=0.00 secs] 
2213.298: [GC (Allocation Failure) [PSYoungGen: 73088K->1376K(73216K)] 447872K->376160K(642048K), 0.0044065 secs] [Times: user=0.01 sys=0.00, real=0.01 secs] 
2214.408: [GC (Allocation Failure) [PSYoungGen: 73056K->1376K(73216K)] 447840K->376160K(642048K), 0.0031751 secs] [Times: user=0.01 sys=0.00, real=0.01 secs] 
2215.357: [GC (Allocation Failure) [PSYoungGen: 73056K->1376K(73216K)] 447840K->376160K(642048K), 0.0029578 secs] [Times: user=0.01 sys=0.00, real=0.00 secs] 
2216.375: [GC (Allocation Failure) [PSYoungGen: 73056K->1376K(73216K)] 447840K->376168K(642048K), 0.0026814 secs] [Times: user=0.02 sys=0.00, real=0.00 secs] 
2218.311: [GC (Allocation Failure) [PSYoungGen: 73056K->1440K(73216K)] 447848K->376232K(642048K), 0.0035622 secs] [Times: user=0.02 sys=0.00, real=0.00 secs] 
2219.332: [GC (Allocation Failure) [PSYoungGen: 73120K->1376K(73216K)] 447912K->376168K(642048K), 0.0036760 secs] [Times: user=0.02 sys=0.00, real=0.00 secs] 
2220.470: [GC (Allocation Failure) [PSYoungGen: 73056K->1376K(73216K)] 447848K->376168K(642048K), 0.0041212 secs] [Times: user=0.02 sys=0.00, real=0.01 secs] 
2221.363: [GC (Allocation Failure) [PSYoungGen: 73056K->1376K(73216K)] 447848K->376168K(642048K), 0.0035465 secs] [Times: user=0.01 sys=0.00, real=0.00 secs] 
2222.820: [GC (Allocation Failure) [PSYoungGen: 73056K->1408K(73216K)] 447848K->376200K(642048K), 0.0023224 secs] [Times: user=0.01 sys=0.01, real=0.01 secs] 
2223.415: [GC (Allocation Failure) [PSYoungGen: 73088K->1376K(73216K)] 447880K->376168K(642048K), 0.0040687 secs] [Times: user=0.02 sys=0.00, real=0.00 secs] 
2224.010: [GC (Allocation Failure) [PSYoungGen: 73056K->1376K(73216K)] 447848K->376168K(642048K), 0.0033642 secs] [Times: user=0.01 sys=0.00, real=0.01 secs] 
2224.632: [GC (Allocation Failure) [PSYoungGen: 73056K->1408K(73216K)] 447848K->376200K(642048K), 0.0025261 secs] [Times: user=0.01 sys=0.00, real=0.00 secs] 
2225.629: [GC (Allocation Failure) [PSYoungGen: 73088K->1408K(73216K)] 447880K->376200K(642048K), 0.0018771 secs] [Times: user=0.01 sys=0.00, real=0.01 secs] 
2225.927: [GC (Allocation Failure) [PSYoungGen: 73088K->1392K(73216K)] 447880K->376184K(642048K), 0.0019400 secs] [Times: user=0.01 sys=0.00, real=0.00 secs] 
2226.225: [GC (Allocation Failure) [PSYoungGen: 73072K->1408K(73216K)] 447864K->376200K(642048K), 0.0030288 secs] [Times: user=0.01 sys=0.00, real=0.00 secs] 
2226.705: [GC (Allocation Failure) [PSYoungGen: 73088K->1408K(73216K)] 447880K->376200K(642048K), 0.0033059 secs] [Times: user=0.01 sys=0.00, real=0.00 secs] 
2228.188: [GC (Allocation Failure) [PSYoungGen: 73088K->1376K(73216K)] 447880K->376176K(642048K), 0.0032024 secs] [Times: user=0.01 sys=0.00, real=0.01 secs] 
2228.832: [GC (Allocation Failure) [PSYoungGen: 73056K->1376K(73216K)] 447856K->376176K(642048K), 0.0033924 secs] [Times: user=0.02 sys=0.00, real=0.00 secs] 
2229.179: [GC (Allocation Failure) [PSYoungGen: 73056K->1376K(73216K)] 447856K->376176K(642048K), 0.0021163 secs] [Times: user=0.01 sys=0.00, real=0.01 secs] 
2229.476: [GC (Allocation Failure) [PSYoungGen: 73056K->1376K(73216K)] 447856K->376176K(642048K), 0.0019064 secs] [Times: user=0.01 sys=0.00, real=0.00 secs] 
2230.524: [GC (Allocation Failure) [PSYoungGen: 73056K->1424K(73216K)] 447856K->376224K(642048K), 0.0017944 secs] [Times: user=0.00 sys=0.00, real=0.00 secs] 
2230.822: [GC (Allocation Failure) [PSYoungGen: 73104K->1376K(73216K)] 447904K->376176K(642048K), 0.0016336 secs] [Times: user=0.01 sys=0.00, real=0.00 secs] 
2231.217: [GC (Allocation Failure) [PSYoungGen: 73056K->1376K(73216K)] 447856K->376176K(642048K), 0.0023966 secs] [Times: user=0.01 sys=0.00, real=0.00 secs] 
2231.738: [GC (Allocation Failure) [PSYoungGen: 73056K->1376K(73216K)] 447856K->376184K(642048K), 0.0023861 secs] [Times: user=0.01 sys=0.00, real=0.01 secs] 
2233.097: [GC (Allocation Failure) [PSYoungGen: 73056K->1408K(73216K)] 447864K->376216K(642048K), 0.0021211 secs] [Times: user=0.01 sys=0.00, real=0.00 secs] 
2233.765: [GC (Allocation Failure) [PSYoungGen: 73088K->1344K(73216K)] 447896K->376160K(642048K), 0.0030909 secs] [Times: user=0.01 sys=0.00, real=0.00 secs] 
2234.776: [GC (Allocation Failure) [PSYoungGen: 73024K->1376K(73216K)] 447840K->376192K(642048K), 0.0028932 secs] [Times: user=0.01 sys=0.00, real=0.00 secs] 
2235.739: [GC (Allocation Failure) [PSYoungGen: 73056K->1344K(73216K)] 447872K->376160K(642048K), 0.0032510 secs] [Times: user=0.01 sys=0.00, real=0.01 secs] 
2237.641: [GC (Allocation Failure) [PSYoungGen: 73024K->1424K(73216K)] 447840K->376240K(642048K), 0.0032357 secs] [Times: user=0.01 sys=0.00, real=0.00 secs] 
2238.462: [GC (Allocation Failure) [PSYoungGen: 73104K->1360K(73216K)] 447920K->376176K(642048K), 0.0029973 secs] [Times: user=0.02 sys=0.00, real=0.00 secs] 
2239.436: [GC (Allocation Failure) [PSYoungGen: 73040K->1376K(73216K)] 447856K->376192K(642048K), 0.0036030 secs] [Times: user=0.02 sys=0.00, real=0.00 secs] 
2241.036: [GC (Allocation Failure) [PSYoungGen: 73056K->1440K(73216K)] 447872K->376256K(642048K), 0.0015681 secs] [Times: user=0.01 sys=0.00, real=0.00 secs] 
2241.452: [GC (Allocation Failure) [PSYoungGen: 73120K->1408K(73216K)] 447936K->376224K(642048K), 0.0019216 secs] [Times: user=0.01 sys=0.00, real=0.00 secs] 
2242.029: [GC (Allocation Failure) [PSYoungGen: 73088K->1344K(73216K)] 447904K->376160K(642048K), 0.0021183 secs] [Times: user=0.01 sys=0.00, real=0.01 secs] 
2242.640: [GC (Allocation Failure) [PSYoungGen: 73024K->1376K(73216K)] 447840K->376192K(642048K), 0.0020452 secs] [Times: user=0.01 sys=0.00, real=0.01 secs] 
2243.885: [GC (Allocation Failure) [PSYoungGen: 73056K->1504K(73216K)] 447872K->376424K(642048K), 0.0018666 secs] [Times: user=0.01 sys=0.00, real=0.00 secs] 
2244.541: [GC (Allocation Failure) [PSYoungGen: 73184K->1312K(73216K)] 448104K->376232K(642048K), 0.0020911 secs] [Times: user=0.01 sys=0.00, real=0.00 secs] 
2244.839: [GC (Allocation Failure) [PSYoungGen: 72992K->1312K(73216K)] 447912K->376232K(642048K), 0.0020225 secs] [Times: user=0.01 sys=0.00, real=0.01 secs] 
2245.138: [GC (Allocation Failure) [PSYoungGen: 72992K->1312K(73216K)] 447912K->376232K(642048K), 0.0020975 secs] [Times: user=0.01 sys=0.00, real=0.00 secs] 
2246.293: [GC (Allocation Failure) [PSYoungGen: 72992K->1488K(73216K)] 447912K->377432K(642048K), 0.0019587 secs] [Times: user=0.01 sys=0.00, real=0.00 secs] 
2246.690: [GC (Allocation Failure) [PSYoungGen: 73168K->1520K(73728K)] 449112K->377472K(642560K), 0.0020672 secs] [Times: user=0.01 sys=0.00, real=0.01 secs] 
2247.399: [GC (Allocation Failure) [PSYoungGen: 73200K->1472K(73728K)] 449152K->377424K(642560K), 0.0020414 secs] [Times: user=0.01 sys=0.00, real=0.01 secs] 
2248.399: [GC (Allocation Failure) [PSYoungGen: 73152K->1472K(73728K)] 449104K->377424K(642560K), 0.0027537 secs] [Times: user=0.01 sys=0.01, real=0.01 secs] 
2250.035: [GC (Allocation Failure) [PSYoungGen: 73152K->1488K(73728K)] 449104K->378464K(642560K), 0.0018065 secs] [Times: user=0.01 sys=0.00, real=0.00 secs] 
2250.669: [GC (Allocation Failure) [PSYoungGen: 73168K->1504K(73728K)] 450144K->378480K(642560K), 0.0023343 secs] [Times: user=0.01 sys=0.00, real=0.01 secs] 
2250.979: [GC (Allocation Failure) [PSYoungGen: 73184K->1472K(73728K)] 450160K->378448K(642560K), 0.0020956 secs] [Times: user=0.01 sys=0.00, real=0.01 secs] 
2251.277: [GC (Allocation Failure) [PSYoungGen: 73152K->1472K(73728K)] 450128K->378448K(642560K), 0.0021928 secs] [Times: user=0.01 sys=0.00, real=0.00 secs] 
2252.259: [GC (Allocation Failure) [PSYoungGen: 73152K->1520K(73728K)] 450128K->379520K(642560K), 0.0015681 secs] [Times: user=0.01 sys=0.00, real=0.01 secs] 
2252.556: [GC (Allocation Failure) [PSYoungGen: 73200K->1488K(73728K)] 451200K->379488K(642560K), 0.0016449 secs] [Times: user=0.00 sys=0.00, real=0.00 secs] 
2252.853: [GC (Allocation Failure) [PSYoungGen: 73168K->1472K(73728K)] 451168K->379472K(642560K), 0.0016102 secs] [Times: user=0.01 sys=0.00, real=0.00 secs] 
2253.149: [GC (Allocation Failure) [PSYoungGen: 73152K->1408K(73728K)] 451152K->379520K(642560K), 0.0016526 secs] [Times: user=0.01 sys=0.00, real=0.01 secs] 
2254.296: [GC (Allocation Failure) [PSYoungGen: 73088K->1408K(73728K)] 451200K->379520K(642560K), 0.0027453 secs] [Times: user=0.01 sys=0.00, real=0.00 secs] 
2254.963: [GC (Allocation Failure) [PSYoungGen: 73088K->1376K(73728K)] 451200K->379488K(642560K), 0.0024164 secs] [Times: user=0.01 sys=0.00, real=0.00 secs] 
2255.936: [GC (Allocation Failure) [PSYoungGen: 73056K->1376K(73728K)] 451168K->379488K(642560K), 0.0029148 secs] [Times: user=0.01 sys=0.00, real=0.00 secs] 
2256.891: [GC (Allocation Failure) [PSYoungGen: 73056K->1376K(73728K)] 451168K->379496K(642560K), 0.0032556 secs] [Times: user=0.02 sys=0.00, real=0.00 secs] 
2258.527: [GC (Allocation Failure) [PSYoungGen: 73056K->1408K(73728K)] 451176K->379528K(642560K), 0.0020551 secs] [Times: user=0.01 sys=0.00, real=0.00 secs] 
2259.187: [GC (Allocation Failure) [PSYoungGen: 73088K->1376K(73728K)] 451208K->379496K(642560K), 0.0020738 secs] [Times: user=0.01 sys=0.00, real=0.00 secs] 
2259.850: [GC (Allocation Failure) [PSYoungGen: 73056K->1376K(73728K)] 451176K->379496K(642560K), 0.0023505 secs] [Times: user=0.01 sys=0.00, real=0.01 secs] 
2260.433: [GC (Allocation Failure) [PSYoungGen: 73056K->1408K(73728K)] 451176K->379528K(642560K), 0.0023559 secs] [Times: user=0.01 sys=0.00, real=0.00 secs] 
2261.686: [GC (Allocation Failure) [PSYoungGen: 73088K->1408K(73216K)] 451208K->379528K(642048K), 0.0018063 secs] [Times: user=0.00 sys=0.00, real=0.00 secs] 
2262.049: [GC (Allocation Failure) [PSYoungGen: 73088K->1344K(73216K)] 451208K->379464K(642048K), 0.0018493 secs] [Times: user=0.01 sys=0.00, real=0.01 secs] 
2262.347: [GC (Allocation Failure) [PSYoungGen: 73024K->1376K(73216K)] 451144K->379496K(642048K), 0.0020488 secs] [Times: user=0.01 sys=0.00, real=0.00 secs] 
2262.646: [GC (Allocation Failure) [PSYoungGen: 73056K->1408K(73216K)] 451176K->379528K(642048K), 0.0030985 secs] [Times: user=0.02 sys=0.00, real=0.00 secs] 
2263.720: [GC (Allocation Failure) [PSYoungGen: 73088K->1440K(73216K)] 451208K->379560K(642048K), 0.0020011 secs] [Times: user=0.01 sys=0.00, real=0.01 secs] 
2264.047: [GC (Allocation Failure) [PSYoungGen: 73120K->1376K(73216K)] 451240K->379496K(642048K), 0.0020903 secs] [Times: user=0.01 sys=0.00, real=0.00 secs] 
2264.379: [GC (Allocation Failure) [PSYoungGen: 73056K->1408K(73216K)] 451176K->379528K(642048K), 0.0021007 secs] [Times: user=0.01 sys=0.00, real=0.01 secs] 
2264.684: [GC (Allocation Failure) [PSYoungGen: 73088K->1376K(73216K)] 451208K->379504K(642048K), 0.0018469 secs] [Times: user=0.01 sys=0.00, real=0.00 secs] 
2265.708: [GC (Allocation Failure) [PSYoungGen: 73056K->1408K(73216K)] 451184K->379536K(642048K), 0.0016618 secs] [Times: user=0.00 sys=0.01, real=0.00 secs] 
2266.005: [GC (Allocation Failure) [PSYoungGen: 73088K->1344K(73216K)] 451216K->379472K(642048K), 0.0016292 secs] [Times: user=0.01 sys=0.00, real=0.00 secs] 
2266.361: [GC (Allocation Failure) [PSYoungGen: 73024K->1376K(73216K)] 451152K->379504K(642048K), 0.0019771 secs] [Times: user=0.01 sys=0.00, real=0.00 secs] 
2266.874: [GC (Allocation Failure) [PSYoungGen: 73056K->1376K(73216K)] 451184K->379504K(642048K), 0.0025533 secs] [Times: user=0.01 sys=0.00, real=0.00 secs] 
2268.267: [GC (Allocation Failure) [PSYoungGen: 73056K->1408K(73216K)] 451184K->379536K(642048K), 0.0019284 secs] [Times: user=0.01 sys=0.00, real=0.00 secs] 
2269.071: [GC (Allocation Failure) [PSYoungGen: 73088K->1376K(73216K)] 451216K->379504K(642048K), 0.0033314 secs] [Times: user=0.02 sys=0.00, real=0.00 secs] 
2269.919: [GC (Allocation Failure) [PSYoungGen: 73056K->1376K(73216K)] 451184K->379504K(642048K), 0.0035305 secs] [Times: user=0.02 sys=0.00, real=0.01 secs] 
2270.732: [GC (Allocation Failure) [PSYoungGen: 73056K->1376K(73216K)] 451184K->379504K(642048K), 0.0060831 secs] [Times: user=0.02 sys=0.00, real=0.00 secs] 
2272.389: [GC (Allocation Failure) [PSYoungGen: 73056K->1408K(73216K)] 451184K->379536K(642048K), 0.0027061 secs] [Times: user=0.01 sys=0.00, real=0.01 secs] 
2272.966: [GC (Allocation Failure) [PSYoungGen: 73088K->1344K(73216K)] 451216K->379472K(642048K), 0.0024396 secs] [Times: user=0.01 sys=0.00, real=0.00 secs] 
2273.264: [GC (Allocation Failure) [PSYoungGen: 73024K->1376K(73216K)] 451152K->379504K(642048K), 0.0021148 secs] [Times: user=0.01 sys=0.00, real=0.00 secs] 
2273.562: [GC (Allocation Failure) [PSYoungGen: 73056K->1312K(73216K)] 451184K->379472K(642048K), 0.0021661 secs] [Times: user=0.01 sys=0.00, real=0.00 secs] 
2275.159: [GC (Allocation Failure) [PSYoungGen: 72992K->1408K(73216K)] 451152K->379568K(642048K), 0.0023752 secs] [Times: user=0.01 sys=0.00, real=0.01 secs] 
2275.816: [GC (Allocation Failure) [PSYoungGen: 73088K->1344K(73216K)] 451248K->379504K(642048K), 0.0023555 secs] [Times: user=0.01 sys=0.00, real=0.00 secs] 
2276.317: [GC (Allocation Failure) [PSYoungGen: 73024K->1376K(73216K)] 451184K->379536K(642048K), 0.0021450 secs] [Times: user=0.01 sys=0.00, real=0.00 secs] 
2276.615: [GC (Allocation Failure) [PSYoungGen: 73056K->1376K(73216K)] 451216K->379536K(642048K), 0.0021374 secs] [Times: user=0.01 sys=0.00, real=0.00 secs] 
2278.168: [GC (Allocation Failure) [PSYoungGen: 73056K->1408K(73216K)] 451216K->379568K(642048K), 0.0021764 secs] [Times: user=0.01 sys=0.00, real=0.00 secs] 
2278.482: [GC (Allocation Failure) [PSYoungGen: 73088K->1376K(73216K)] 451248K->379536K(642048K), 0.0021492 secs] [Times: user=0.01 sys=0.00, real=0.00 secs] 
2278.780: [GC (Allocation Failure) [PSYoungGen: 73056K->1376K(73216K)] 451216K->379536K(642048K), 0.0021272 secs] [Times: user=0.01 sys=0.00, real=0.01 secs] 
2279.351: [GC (Allocation Failure) [PSYoungGen: 73056K->1376K(73216K)] 451216K->379536K(642048K), 0.0022018 secs] [Times: user=0.01 sys=0.00, real=0.00 secs] 
2281.051: [GC (Allocation Failure) [PSYoungGen: 73056K->1408K(73216K)] 451216K->379568K(642048K), 0.0032359 secs] [Times: user=0.01 sys=0.00, real=0.00 secs] 
2282.065: [GC (Allocation Failure) [PSYoungGen: 73088K->1344K(73216K)] 451248K->379504K(642048K), 0.0031326 secs] [Times: user=0.02 sys=0.00, real=0.00 secs] 
2282.881: [GC (Allocation Failure) [PSYoungGen: 73024K->1344K(73216K)] 451184K->379504K(642048K), 0.0033156 secs] [Times: user=0.02 sys=0.00, real=0.00 secs] 
2283.593: [GC (Allocation Failure) [PSYoungGen: 73024K->1312K(73216K)] 451184K->379472K(642048K), 0.0032936 secs] [Times: user=0.02 sys=0.00, real=0.00 secs] 
2285.421: [GC (Allocation Failure) [PSYoungGen: 72992K->1376K(73216K)] 451152K->379536K(642048K), 0.0028754 secs] [Times: user=0.01 sys=0.00, real=0.00 secs] 
2286.063: [GC (Allocation Failure) [PSYoungGen: 73056K->1392K(73216K)] 451216K->379552K(642048K), 0.0021833 secs] [Times: user=0.01 sys=0.00, real=0.00 secs] 
2287.333: [GC (Allocation Failure) [PSYoungGen: 73072K->1328K(73216K)] 451232K->379488K(642048K), 0.0031807 secs] [Times: user=0.01 sys=0.00, real=0.00 secs] 
2288.090: [GC (Allocation Failure) [PSYoungGen: 73008K->1376K(73216K)] 451168K->379544K(642048K), 0.0036617 secs] [Times: user=0.02 sys=0.00, real=0.01 secs] 
2289.929: [GC (Allocation Failure) [PSYoungGen: 73056K->1408K(73216K)] 451224K->379576K(642048K), 0.0032329 secs] [Times: user=0.01 sys=0.00, real=0.01 secs] 
2290.719: [GC (Allocation Failure) [PSYoungGen: 73088K->1376K(73216K)] 451256K->379544K(642048K), 0.0033636 secs] [Times: user=0.02 sys=0.00, real=0.01 secs] 
2291.259: [GC (Allocation Failure) [PSYoungGen: 73056K->1376K(73216K)] 451224K->379544K(642048K), 0.0021014 secs] [Times: user=0.01 sys=0.00, real=0.01 secs] 
2292.208: [GC (Allocation Failure) [PSYoungGen: 73056K->128K(72704K)] 451224K->378296K(641536K), 0.0018524 secs] [Times: user=0.01 sys=0.00, real=0.00 secs] 
2293.116: [GC (Allocation Failure) [PSYoungGen: 71296K->1360K(73216K)] 449464K->379528K(642048K), 0.0039188 secs] [Times: user=0.02 sys=0.00, real=0.00 secs] 
2293.513: [GC (Allocation Failure) [PSYoungGen: 72528K->1360K(73216K)] 450696K->379528K(642048K), 0.0029681 secs] [Times: user=0.01 sys=0.00, real=0.00 secs] 
2293.804: [GC (Allocation Failure) [PSYoungGen: 72528K->1344K(73216K)] 450696K->379512K(642048K), 0.0020781 secs] [Times: user=0.01 sys=0.00, real=0.00 secs] 
2294.856: [GC (Allocation Failure) [PSYoungGen: 72512K->1488K(73216K)] 450680K->379656K(642048K), 0.0017698 secs] [Times: user=0.01 sys=0.00, real=0.00 secs] 
2295.553: [GC (Allocation Failure) [PSYoungGen: 72656K->1376K(73216K)] 450824K->379544K(642048K), 0.0030334 secs] [Times: user=0.01 sys=0.00, real=0.00 secs] 
2296.287: [GC (Allocation Failure) [PSYoungGen: 72544K->1376K(73216K)] 450712K->379544K(642048K), 0.0044497 secs] [Times: user=0.01 sys=0.00, real=0.01 secs] 
2296.790: [GC (Allocation Failure) [PSYoungGen: 72544K->1376K(73216K)] 450712K->379544K(642048K), 0.0028459 secs] [Times: user=0.01 sys=0.00, real=0.01 secs] 
2298.157: [GC (Allocation Failure) [PSYoungGen: 72544K->1664K(73216K)] 450712K->379848K(642048K), 0.0019666 secs] [Times: user=0.01 sys=0.00, real=0.00 secs] 
2299.044: [GC (Allocation Failure) [PSYoungGen: 72832K->1344K(73216K)] 451016K->379528K(642048K), 0.0041263 secs] [Times: user=0.01 sys=0.00, real=0.00 secs] 
2299.971: [GC (Allocation Failure) [PSYoungGen: 72512K->1376K(73216K)] 450696K->379568K(642048K), 0.0043827 secs] [Times: user=0.02 sys=0.00, real=0.00 secs] 
2300.627: [GC (Allocation Failure) [PSYoungGen: 72544K->1376K(73216K)] 450736K->379568K(642048K), 0.0032638 secs] [Times: user=0.01 sys=0.00, real=0.00 secs] 
2302.189: [GC (Allocation Failure) [PSYoungGen: 72222K->1888K(73216K)] 450414K->380096K(642048K), 0.0019006 secs] [Times: user=0.01 sys=0.00, real=0.01 secs] 
2302.499: [GC (Allocation Failure) [PSYoungGen: 73056K->1392K(73216K)] 451264K->379600K(642048K), 0.0021457 secs] [Times: user=0.01 sys=0.00, real=0.01 secs] 
2302.795: [GC (Allocation Failure) [PSYoungGen: 72560K->1392K(73216K)] 450768K->379600K(642048K), 0.0019595 secs] [Times: user=0.01 sys=0.00, real=0.00 secs] 
2303.239: [GC (Allocation Failure) [PSYoungGen: 72560K->1376K(73216K)] 450768K->379584K(642048K), 0.0020288 secs] [Times: user=0.01 sys=0.00, real=0.01 secs] 
2304.526: [GC (Allocation Failure) [PSYoungGen: 72544K->1952K(73216K)] 450752K->380160K(642048K), 0.0018004 secs] [Times: user=0.00 sys=0.00, real=0.00 secs] 
2305.480: [GC (Allocation Failure) [PSYoungGen: 73120K->1344K(73216K)] 451328K->379552K(642048K), 0.0038425 secs] [Times: user=0.01 sys=0.00, real=0.01 secs] 
2306.082: [GC (Allocation Failure) [PSYoungGen: 72512K->1376K(73216K)] 450720K->379592K(642048K), 0.0034544 secs] [Times: user=0.02 sys=0.00, real=0.00 secs] 
2306.606: [GC (Allocation Failure) [PSYoungGen: 72544K->1344K(73216K)] 450760K->379560K(642048K), 0.0025550 secs] [Times: user=0.02 sys=0.00, real=0.00 secs] 
2307.594: [GC (Allocation Failure) [PSYoungGen: 72512K->1408K(73216K)] 450728K->379624K(642048K), 0.0018546 secs] [Times: user=0.00 sys=0.00, real=0.00 secs] 
2307.889: [GC (Allocation Failure) [PSYoungGen: 72576K->1344K(73216K)] 450792K->379560K(642048K), 0.0018443 secs] [Times: user=0.00 sys=0.00, real=0.01 secs] 
2308.186: [GC (Allocation Failure) [PSYoungGen: 72512K->1376K(73216K)] 450728K->379592K(642048K), 0.0028837 secs] [Times: user=0.01 sys=0.00, real=0.00 secs] 
2308.481: [GC (Allocation Failure) [PSYoungGen: 72544K->1392K(73216K)] 450760K->379608K(642048K), 0.0020554 secs] [Times: user=0.01 sys=0.00, real=0.00 secs] 
2309.650: [GC (Allocation Failure) [PSYoungGen: 72560K->1408K(73216K)] 450776K->379624K(642048K), 0.0018681 secs] [Times: user=0.01 sys=0.00, real=0.01 secs] 
2310.380: [GC (Allocation Failure) [PSYoungGen: 72576K->1408K(73216K)] 450792K->379624K(642048K), 0.0041440 secs] [Times: user=0.02 sys=0.00, real=0.01 secs] 
2310.762: [GC (Allocation Failure) [PSYoungGen: 72576K->1328K(73216K)] 450792K->379544K(642048K), 0.0024286 secs] [Times: user=0.01 sys=0.00, real=0.00 secs] 
2311.057: [GC (Allocation Failure) [PSYoungGen: 72496K->1376K(73216K)] 450712K->379592K(642048K), 0.0021456 secs] [Times: user=0.01 sys=0.00, real=0.00 secs] 
2312.464: [GC (Allocation Failure) [PSYoungGen: 72544K->1408K(73216K)] 450760K->379624K(642048K), 0.0026703 secs] [Times: user=0.01 sys=0.00, real=0.00 secs] 
2313.696: [GC (Allocation Failure) [PSYoungGen: 72576K->1344K(73216K)] 450792K->379560K(642048K), 0.0031533 secs] [Times: user=0.01 sys=0.00, real=0.00 secs] 
2314.605: [GC (Allocation Failure) [PSYoungGen: 72512K->1376K(73216K)] 450728K->379592K(642048K), 0.0027404 secs] [Times: user=0.02 sys=0.00, real=0.00 secs] 
2315.230: [GC (Allocation Failure) [PSYoungGen: 72544K->1376K(73216K)] 450760K->379600K(642048K), 0.0024274 secs] [Times: user=0.01 sys=0.00, real=0.01 secs] 
2316.653: [GC (Allocation Failure) [PSYoungGen: 72544K->1408K(73216K)] 450768K->379632K(642048K), 0.0018227 secs] [Times: user=0.01 sys=0.00, real=0.00 secs] 
2317.216: [GC (Allocation Failure) [PSYoungGen: 72576K->1360K(73216K)] 450800K->379584K(642048K), 0.0026274 secs] [Times: user=0.01 sys=0.00, real=0.00 secs] 
2317.545: [GC (Allocation Failure) [PSYoungGen: 72528K->1376K(72704K)] 450752K->379600K(641536K), 0.0024910 secs] [Times: user=0.01 sys=0.00, real=0.00 secs] 
2317.895: [GC (Allocation Failure) [PSYoungGen: 72544K->1376K(72704K)] 450768K->379600K(641536K), 0.0021699 secs] [Times: user=0.01 sys=0.00, real=0.00 secs] 
2319.142: [GC (Allocation Failure) [PSYoungGen: 72544K->384K(72192K)] 450768K->379632K(641024K), 0.0020045 secs] [Times: user=0.01 sys=0.00, real=0.00 secs] 
2319.838: [GC (Allocation Failure) [PSYoungGen: 71552K->352K(73216K)] 450800K->379600K(642048K), 0.0022031 secs] [Times: user=0.01 sys=0.00, real=0.00 secs] 
2320.193: [GC (Allocation Failure) [PSYoungGen: 71520K->320K(73216K)] 450768K->379568K(642048K), 0.0020608 secs] [Times: user=0.01 sys=0.00, real=0.00 secs] 
2320.766: [GC (Allocation Failure) [PSYoungGen: 71488K->352K(73216K)] 450736K->379600K(642048K), 0.0024151 secs] [Times: user=0.01 sys=0.01, real=0.00 secs] 
2322.290: [GC (Allocation Failure) [PSYoungGen: 71520K->1408K(73216K)] 450768K->380656K(642048K), 0.0020768 secs] [Times: user=0.01 sys=0.00, real=0.01 secs] 
2323.258: [GC (Allocation Failure) [PSYoungGen: 72576K->1376K(73216K)] 451824K->380624K(642048K), 0.0023157 secs] [Times: user=0.01 sys=0.00, real=0.00 secs] 
2323.893: [GC (Allocation Failure) [PSYoungGen: 72544K->1376K(73216K)] 451792K->380624K(642048K), 0.0023570 secs] [Times: user=0.01 sys=0.00, real=0.00 secs] 
2324.453: [GC (Allocation Failure) [PSYoungGen: 72544K->1408K(73216K)] 451792K->380656K(642048K), 0.0023364 secs] [Times: user=0.01 sys=0.00, real=0.00 secs] 
2326.354: [GC (Allocation Failure) [PSYoungGen: 72576K->1440K(72704K)] 451824K->380704K(641536K), 0.0044706 secs] [Times: user=0.01 sys=0.00, real=0.00 secs] 
2327.288: [GC (Allocation Failure) [PSYoungGen: 72096K->1344K(72192K)] 451360K->380608K(641024K), 0.0040856 secs] [Times: user=0.01 sys=0.00, real=0.01 secs] 
2327.750: [GC (Allocation Failure) [PSYoungGen: 72000K->1408K(72704K)] 451264K->380672K(641536K), 0.0028013 secs] [Times: user=0.01 sys=0.00, real=0.01 secs] 
2328.345: [GC (Allocation Failure) [PSYoungGen: 72064K->1392K(72704K)] 451328K->380656K(641536K), 0.0023423 secs] [Times: user=0.01 sys=0.00, real=0.00 secs] 
2329.633: [GC (Allocation Failure) [PSYoungGen: 72048K->1440K(72704K)] 451312K->380704K(641536K), 0.0017904 secs] [Times: user=0.01 sys=0.00, real=0.00 secs] 
2329.926: [GC (Allocation Failure) [PSYoungGen: 72096K->1376K(72704K)] 451360K->380640K(641536K), 0.0017085 secs] [Times: user=0.01 sys=0.00, real=0.00 secs] 
2330.220: [GC (Allocation Failure) [PSYoungGen: 72032K->1376K(72704K)] 451296K->380640K(641536K), 0.0017217 secs] [Times: user=0.00 sys=0.00, real=0.01 secs] 
2330.518: [GC (Allocation Failure) [PSYoungGen: 72032K->1376K(72704K)] 451296K->380640K(641536K), 0.0028761 secs] [Times: user=0.01 sys=0.00, real=0.01 secs] 
2331.535: [GC (Allocation Failure) [PSYoungGen: 72032K->1408K(72704K)] 451296K->380672K(641536K), 0.0018930 secs] [Times: user=0.00 sys=0.00, real=0.00 secs] 
2331.828: [GC (Allocation Failure) [PSYoungGen: 72064K->1376K(72704K)] 451328K->380640K(641536K), 0.0018592 secs] [Times: user=0.01 sys=0.00, real=0.00 secs] 
2332.122: [GC (Allocation Failure) [PSYoungGen: 72032K->1344K(72704K)] 451296K->380608K(641536K), 0.0017445 secs] [Times: user=0.01 sys=0.00, real=0.00 secs] 
2332.615: [GC (Allocation Failure) [PSYoungGen: 72000K->1376K(72704K)] 451264K->380640K(641536K), 0.0020735 secs] [Times: user=0.01 sys=0.00, real=0.00 secs] 
2334.373: [GC (Allocation Failure) [PSYoungGen: 72032K->1408K(72704K)] 451296K->380672K(641536K), 0.0044597 secs] [Times: user=0.02 sys=0.00, real=0.00 secs] 
2335.209: [GC (Allocation Failure) [PSYoungGen: 72064K->1344K(72704K)] 451328K->380616K(641536K), 0.0035118 secs] [Times: user=0.01 sys=0.00, real=0.01 secs] 
2335.699: [GC (Allocation Failure) [PSYoungGen: 72000K->1376K(72704K)] 451272K->380648K(641536K), 0.0025171 secs] [Times: user=0.01 sys=0.00, real=0.01 secs] 
2336.145: [GC (Allocation Failure) [PSYoungGen: 72032K->1376K(72704K)] 451304K->380648K(641536K), 0.0024769 secs] [Times: user=0.01 sys=0.00, real=0.00 secs] 
2337.493: [GC (Allocation Failure) [PSYoungGen: 72032K->1376K(72704K)] 451304K->380648K(641536K), 0.0020456 secs] [Times: user=0.00 sys=0.00, real=0.00 secs] 
2338.344: [GC (Allocation Failure) [PSYoungGen: 72032K->1376K(72704K)] 451304K->380648K(641536K), 0.0020590 secs] [Times: user=0.01 sys=0.00, real=0.00 secs] 
2339.145: [GC (Allocation Failure) [PSYoungGen: 72032K->1376K(72704K)] 451304K->380648K(641536K), 0.0022999 secs] [Times: user=0.01 sys=0.00, real=0.00 secs] 
2339.756: [GC (Allocation Failure) [PSYoungGen: 72032K->1376K(72704K)] 451304K->380648K(641536K), 0.0024319 secs] [Times: user=0.01 sys=0.00, real=0.00 secs] 
2341.043: [GC (Allocation Failure) [PSYoungGen: 72032K->1408K(72704K)] 451304K->380680K(641536K), 0.0019198 secs] [Times: user=0.01 sys=0.00, real=0.00 secs] 
2341.336: [GC (Allocation Failure) [PSYoungGen: 72064K->1392K(72704K)] 451336K->380664K(641536K), 0.0019497 secs] [Times: user=0.01 sys=0.00, real=0.00 secs] 
2341.630: [GC (Allocation Failure) [PSYoungGen: 72048K->1376K(72704K)] 451320K->380648K(641536K), 0.0020566 secs] [Times: user=0.01 sys=0.00, real=0.01 secs] 
2341.924: [GC (Allocation Failure) [PSYoungGen: 72032K->1312K(72704K)] 451304K->380584K(641536K), 0.0019004 secs] [Times: user=0.01 sys=0.00, real=0.00 secs] 
2342.886: [GC (Allocation Failure) [PSYoungGen: 71968K->1408K(72704K)] 451240K->380680K(641536K), 0.0018412 secs] [Times: user=0.00 sys=0.01, real=0.00 secs] 
2343.179: [GC (Allocation Failure) [PSYoungGen: 72064K->1376K(72704K)] 451336K->380648K(641536K), 0.0019232 secs] [Times: user=0.00 sys=0.01, real=0.01 secs] 
2343.571: [GC (Allocation Failure) [PSYoungGen: 72032K->1360K(72192K)] 451304K->380632K(641024K), 0.0030119 secs] [Times: user=0.02 sys=0.00, real=0.01 secs] 
2344.088: [GC (Allocation Failure) [PSYoungGen: 72016K->1376K(72192K)] 451288K->380656K(641024K), 0.0027815 secs] [Times: user=0.01 sys=0.00, real=0.00 secs] 
2345.340: [GC (Allocation Failure) [PSYoungGen: 72032K->352K(71680K)] 451312K->380656K(640512K), 0.0018704 secs] [Times: user=0.01 sys=0.00, real=0.01 secs] 
2345.642: [GC (Allocation Failure) [PSYoungGen: 71008K->320K(72704K)] 451312K->380624K(641536K), 0.0019258 secs] [Times: user=0.01 sys=0.00, real=0.00 secs] 
2345.936: [GC (Allocation Failure) [PSYoungGen: 70976K->384K(72704K)] 451280K->380688K(641536K), 0.0017710 secs] [Times: user=0.00 sys=0.00, real=0.00 secs] 
2346.229: [GC (Allocation Failure) [PSYoungGen: 71040K->352K(72704K)] 451344K->380656K(641536K), 0.0017594 secs] [Times: user=0.01 sys=0.00, real=0.01 secs] 
2347.217: [GC (Allocation Failure) [PSYoungGen: 71008K->1376K(72704K)] 451312K->381680K(641536K), 0.0019770 secs] [Times: user=0.01 sys=0.00, real=0.00 secs] 
2347.510: [GC (Allocation Failure) [PSYoungGen: 72032K->1376K(72704K)] 452336K->381680K(641536K), 0.0019239 secs] [Times: user=0.01 sys=0.00, real=0.01 secs] 
2347.804: [GC (Allocation Failure) [PSYoungGen: 72032K->1408K(72704K)] 452336K->381712K(641536K), 0.0018628 secs] [Times: user=0.01 sys=0.00, real=0.00 secs] 
2348.097: [GC (Allocation Failure) [PSYoungGen: 72064K->1344K(72704K)] 452368K->381656K(641536K), 0.0018269 secs] [Times: user=0.00 sys=0.00, real=0.00 secs] 
2349.224: [GC (Allocation Failure) [PSYoungGen: 72000K->1408K(72704K)] 452312K->381720K(641536K), 0.0016889 secs] [Times: user=0.01 sys=0.00, real=0.00 secs] 
2349.846: [GC (Allocation Failure) [PSYoungGen: 72064K->1376K(72704K)] 452376K->381688K(641536K), 0.0020363 secs] [Times: user=0.01 sys=0.00, real=0.00 secs] 
2350.140: [GC (Allocation Failure) [PSYoungGen: 72032K->1376K(72704K)] 452344K->381688K(641536K), 0.0020479 secs] [Times: user=0.01 sys=0.00, real=0.01 secs] 
2350.434: [GC (Allocation Failure) [PSYoungGen: 72032K->1344K(72704K)] 452344K->381656K(641536K), 0.0018471 secs] [Times: user=0.01 sys=0.00, real=0.00 secs] 
2351.668: [GC (Allocation Failure) [PSYoungGen: 72000K->1408K(72704K)] 452312K->381720K(641536K), 0.0017825 secs] [Times: user=0.00 sys=0.00, real=0.00 secs] 
2352.615: [GC (Allocation Failure) [PSYoungGen: 72064K->1344K(72704K)] 452376K->381656K(641536K), 0.0018894 secs] [Times: user=0.00 sys=0.00, real=0.00 secs] 
2353.318: [GC (Allocation Failure) [PSYoungGen: 72000K->1376K(72704K)] 452312K->381712K(641536K), 0.0019621 secs] [Times: user=0.01 sys=0.00, real=0.00 secs] 
2354.069: [GC (Allocation Failure) [PSYoungGen: 72032K->1376K(72704K)] 452368K->381712K(641536K), 0.0022524 secs] [Times: user=0.00 sys=0.01, real=0.01 secs] 
2355.734: [GC (Allocation Failure) [PSYoungGen: 72032K->1424K(72704K)] 452368K->381760K(641536K), 0.0026607 secs] [Times: user=0.01 sys=0.00, real=0.00 secs] 
2356.412: [GC (Allocation Failure) [PSYoungGen: 72080K->1392K(72704K)] 452416K->381728K(641536K), 0.0023936 secs] [Times: user=0.01 sys=0.00, real=0.00 secs] 
2357.258: [GC (Allocation Failure) [PSYoungGen: 72048K->1392K(72704K)] 452384K->381728K(641536K), 0.0025701 secs] [Times: user=0.01 sys=0.00, real=0.01 secs] 
2358.080: [GC (Allocation Failure) [PSYoungGen: 72048K->1392K(72704K)] 452384K->381728K(641536K), 0.0026612 secs] [Times: user=0.01 sys=0.00, real=0.01 secs] 
2359.944: [GC (Allocation Failure) [PSYoungGen: 72048K->1440K(72704K)] 452384K->381776K(641536K), 0.0041458 secs] [Times: user=0.02 sys=0.00, real=0.00 secs] 
2360.735: [GC (Allocation Failure) [PSYoungGen: 72096K->1376K(72704K)] 452432K->381712K(641536K), 0.0025816 secs] [Times: user=0.02 sys=0.00, real=0.00 secs] 
2361.367: [GC (Allocation Failure) [PSYoungGen: 72032K->1344K(72704K)] 452368K->381680K(641536K), 0.0026748 secs] [Times: user=0.01 sys=0.00, real=0.00 secs] 
2361.947: [GC (Allocation Failure) [PSYoungGen: 72000K->1376K(72704K)] 452336K->381712K(641536K), 0.0026313 secs] [Times: user=0.01 sys=0.00, real=0.00 secs] 
2363.234: [GC (Allocation Failure) [PSYoungGen: 72032K->1408K(72704K)] 452368K->381744K(641536K), 0.0018246 secs] [Times: user=0.01 sys=0.00, real=0.00 secs] 
2364.063: [GC (Allocation Failure) [PSYoungGen: 72064K->1408K(72704K)] 452400K->381744K(641536K), 0.0032756 secs] [Times: user=0.01 sys=0.00, real=0.00 secs] 
2364.735: [GC (Allocation Failure) [PSYoungGen: 72064K->1408K(72704K)] 452400K->381744K(641536K), 0.0032364 secs] [Times: user=0.02 sys=0.00, real=0.00 secs] 
2365.576: [GC (Allocation Failure) [PSYoungGen: 72064K->1408K(72704K)] 452400K->381744K(641536K), 0.0042055 secs] [Times: user=0.02 sys=0.00, real=0.00 secs] 
2366.951: [GC (Allocation Failure) [PSYoungGen: 72064K->1424K(72704K)] 452400K->381760K(641536K), 0.0021057 secs] [Times: user=0.01 sys=0.00, real=0.00 secs] 
2367.575: [GC (Allocation Failure) [PSYoungGen: 72080K->1392K(72704K)] 452416K->381728K(641536K), 0.0022489 secs] [Times: user=0.01 sys=0.00, real=0.00 secs] 
2368.452: [GC (Allocation Failure) [PSYoungGen: 72048K->1424K(72704K)] 452384K->381768K(641536K), 0.0033134 secs] [Times: user=0.01 sys=0.00, real=0.00 secs] 
2369.032: [GC (Allocation Failure) [PSYoungGen: 72080K->1392K(72704K)] 452424K->381736K(641536K), 0.0023200 secs] [Times: user=0.01 sys=0.00, real=0.00 secs] 
2370.757: [GC (Allocation Failure) [PSYoungGen: 72048K->1456K(72704K)] 452392K->381800K(641536K), 0.0030278 secs] [Times: user=0.01 sys=0.00, real=0.00 secs] 
2371.399: [GC (Allocation Failure) [PSYoungGen: 72112K->1392K(72704K)] 452456K->381736K(641536K), 0.0023011 secs] [Times: user=0.01 sys=0.00, real=0.01 secs] 
2372.023: [GC (Allocation Failure) [PSYoungGen: 72048K->1392K(72704K)] 452392K->381736K(641536K), 0.0026268 secs] [Times: user=0.01 sys=0.00, real=0.00 secs] 
2372.332: [GC (Allocation Failure) [PSYoungGen: 72048K->1376K(72704K)] 452392K->381720K(641536K), 0.0020074 secs] [Times: user=0.01 sys=0.00, real=0.00 secs] 
2373.515: [GC (Allocation Failure) [PSYoungGen: 72032K->1424K(72704K)] 452376K->381768K(641536K), 0.0018987 secs] [Times: user=0.00 sys=0.00, real=0.00 secs] 
2374.324: [GC (Allocation Failure) [PSYoungGen: 72080K->1360K(72704K)] 452424K->381712K(641536K), 0.0032873 secs] [Times: user=0.02 sys=0.00, real=0.00 secs] 
2375.028: [GC (Allocation Failure) [PSYoungGen: 72016K->1392K(72192K)] 452368K->381744K(641024K), 0.0033445 secs] [Times: user=0.02 sys=0.00, real=0.01 secs] 
2376.003: [GC (Allocation Failure) [PSYoungGen: 72048K->1392K(72192K)] 452400K->381744K(641024K), 0.0031081 secs] [Times: user=0.01 sys=0.00, real=0.00 secs] 
2377.714: [GC (Allocation Failure) [PSYoungGen: 72048K->400K(71680K)] 452400K->381792K(640512K), 0.0023484 secs] [Times: user=0.02 sys=0.00, real=0.00 secs] 
2378.352: [GC (Allocation Failure) [PSYoungGen: 71056K->368K(72704K)] 452448K->381760K(641536K), 0.0032868 secs] [Times: user=0.02 sys=0.00, real=0.00 secs] 
2379.193: [GC (Allocation Failure) [PSYoungGen: 71024K->400K(72704K)] 452416K->381792K(641536K), 0.0029997 secs] [Times: user=0.01 sys=0.00, real=0.00 secs] 
2380.141: [GC (Allocation Failure) [PSYoungGen: 71056K->384K(72704K)] 452448K->381808K(641536K), 0.0034318 secs] [Times: user=0.01 sys=0.00, real=0.00 secs] 
2381.825: [GC (Allocation Failure) [PSYoungGen: 71040K->1408K(72704K)] 452464K->382832K(641536K), 0.0018795 secs] [Times: user=0.01 sys=0.00, real=0.00 secs] 
2382.513: [GC (Allocation Failure) [PSYoungGen: 72064K->1376K(72704K)] 453488K->382800K(641536K), 0.0019265 secs] [Times: user=0.01 sys=0.00, real=0.00 secs] 
2383.022: [GC (Allocation Failure) [PSYoungGen: 72032K->1376K(72704K)] 453456K->382800K(641536K), 0.0020106 secs] [Times: user=0.01 sys=0.00, real=0.00 secs] 
2383.613: [GC (Allocation Failure) [PSYoungGen: 72032K->1344K(72704K)] 453456K->382768K(641536K), 0.0020977 secs] [Times: user=0.01 sys=0.00, real=0.00 secs] 
2384.957: [GC (Allocation Failure) [PSYoungGen: 72000K->1408K(72704K)] 453424K->382832K(641536K), 0.0019403 secs] [Times: user=0.01 sys=0.00, real=0.00 secs] 
2385.678: [GC (Allocation Failure) [PSYoungGen: 72064K->1376K(72704K)] 453488K->382800K(641536K), 0.0021324 secs] [Times: user=0.01 sys=0.00, real=0.00 secs] 
2386.370: [GC (Allocation Failure) [PSYoungGen: 72032K->1392K(72704K)] 453456K->382816K(641536K), 0.0021424 secs] [Times: user=0.00 sys=0.00, real=0.01 secs] 
2386.988: [GC (Allocation Failure) [PSYoungGen: 72048K->1376K(72704K)] 453472K->382808K(641536K), 0.0021060 secs] [Times: user=0.01 sys=0.00, real=0.00 secs] 
2388.232: [GC (Allocation Failure) [PSYoungGen: 72032K->1376K(72704K)] 453464K->382832K(641536K), 0.0018219 secs] [Times: user=0.00 sys=0.00, real=0.00 secs] 
2388.526: [GC (Allocation Failure) [PSYoungGen: 72032K->1376K(72704K)] 453488K->382832K(641536K), 0.0018869 secs] [Times: user=0.00 sys=0.00, real=0.00 secs] 
2388.819: [GC (Allocation Failure) [PSYoungGen: 72032K->1408K(72704K)] 453488K->382864K(641536K), 0.0020630 secs] [Times: user=0.01 sys=0.00, real=0.01 secs] 
2389.305: [GC (Allocation Failure) [PSYoungGen: 72064K->1408K(72704K)] 453520K->382864K(641536K), 0.0033095 secs] [Times: user=0.01 sys=0.00, real=0.00 secs] 
2390.621: [GC (Allocation Failure) [PSYoungGen: 72064K->1408K(72704K)] 453520K->382864K(641536K), 0.0021632 secs] [Times: user=0.01 sys=0.00, real=0.00 secs] 
2391.557: [GC (Allocation Failure) [PSYoungGen: 72064K->1376K(72704K)] 453520K->382832K(641536K), 0.0032932 secs] [Times: user=0.01 sys=0.00, real=0.01 secs] 
2392.410: [GC (Allocation Failure) [PSYoungGen: 72032K->1344K(72704K)] 453488K->382800K(641536K), 0.0045043 secs] [Times: user=0.02 sys=0.00, real=0.01 secs] 
2393.325: [GC (Allocation Failure) [PSYoungGen: 72000K->1376K(72704K)] 453456K->382832K(641536K), 0.0037934 secs] [Times: user=0.02 sys=0.01, real=0.00 secs] 
2395.199: [GC (Allocation Failure) [PSYoungGen: 72032K->1376K(72704K)] 453488K->382832K(641536K), 0.0024479 secs] [Times: user=0.01 sys=0.00, real=0.01 secs] 
2395.807: [GC (Allocation Failure) [PSYoungGen: 72032K->1376K(72704K)] 453488K->382832K(641536K), 0.0033045 secs] [Times: user=0.01 sys=0.00, real=0.01 secs] 
2396.430: [GC (Allocation Failure) [PSYoungGen: 72032K->1408K(72704K)] 453488K->382864K(641536K), 0.0027584 secs] [Times: user=0.01 sys=0.00, real=0.01 secs] 
2397.109: [GC (Allocation Failure) [PSYoungGen: 72064K->1376K(72704K)] 453520K->382840K(641536K), 0.0026950 secs] [Times: user=0.01 sys=0.00, real=0.01 secs] 
2398.668: [GC (Allocation Failure) [PSYoungGen: 72032K->1408K(72704K)] 453496K->382872K(641536K), 0.0022104 secs] [Times: user=0.01 sys=0.00, real=0.00 secs] 
2398.978: [GC (Allocation Failure) [PSYoungGen: 72064K->1376K(72704K)] 453528K->382840K(641536K), 0.0022002 secs] [Times: user=0.01 sys=0.00, real=0.00 secs] 
2399.309: [GC (Allocation Failure) [PSYoungGen: 72032K->1376K(72704K)] 453496K->382840K(641536K), 0.0021674 secs] [Times: user=0.01 sys=0.00, real=0.01 secs] 
2399.864: [GC (Allocation Failure) [PSYoungGen: 72032K->1376K(72704K)] 453496K->382840K(641536K), 0.0022521 secs] [Times: user=0.01 sys=0.00, real=0.00 secs] 
2401.017: [GC (Allocation Failure) [PSYoungGen: 72032K->1408K(72704K)] 453496K->382872K(641536K), 0.0019732 secs] [Times: user=0.01 sys=0.00, real=0.00 secs] 
2401.322: [GC (Allocation Failure) [PSYoungGen: 72064K->1376K(72704K)] 453528K->382840K(641536K), 0.0020110 secs] [Times: user=0.01 sys=0.00, real=0.00 secs] 
2401.615: [GC (Allocation Failure) [PSYoungGen: 72032K->1376K(72704K)] 453496K->382840K(641536K), 0.0019678 secs] [Times: user=0.01 sys=0.00, real=0.00 secs] 
2401.909: [GC (Allocation Failure) [PSYoungGen: 72032K->1376K(72704K)] 453496K->382840K(641536K), 0.0021478 secs] [Times: user=0.01 sys=0.00, real=0.01 secs] 
2403.038: [GC (Allocation Failure) [PSYoungGen: 72032K->1408K(72704K)] 453496K->382872K(641536K), 0.0020885 secs] [Times: user=0.01 sys=0.00, real=0.00 secs] 
2403.844: [GC (Allocation Failure) [PSYoungGen: 72064K->1376K(72704K)] 453528K->382840K(641536K), 0.0025196 secs] [Times: user=0.01 sys=0.00, real=0.00 secs] 
2404.671: [GC (Allocation Failure) [PSYoungGen: 72032K->1376K(72192K)] 453496K->382840K(641024K), 0.0028564 secs] [Times: user=0.01 sys=0.00, real=0.00 secs] 
2405.856: [GC (Allocation Failure) [PSYoungGen: 72032K->1344K(72192K)] 453496K->382816K(641024K), 0.0036383 secs] [Times: user=0.02 sys=0.00, real=0.00 secs] 
2407.812: [GC (Allocation Failure) [PSYoungGen: 72000K->384K(71680K)] 453472K->382880K(640512K), 0.0023072 secs] [Times: user=0.01 sys=0.00, real=0.00 secs] 
2408.781: [GC (Allocation Failure) [PSYoungGen: 71040K->352K(72704K)] 453536K->382848K(641536K), 0.0032558 secs] [Times: user=0.01 sys=0.00, real=0.00 secs] 
2409.535: [GC (Allocation Failure) [PSYoungGen: 71008K->384K(72704K)] 453504K->382880K(641536K), 0.0042706 secs] [Times: user=0.01 sys=0.00, real=0.00 secs] 
2410.111: [GC (Allocation Failure) [PSYoungGen: 71040K->336K(72704K)] 453536K->382832K(641536K), 0.0027885 secs] [Times: user=0.01 sys=0.00, real=0.00 secs] 
2411.407: [GC (Allocation Failure) [PSYoungGen: 70992K->1440K(72704K)] 453488K->383936K(641536K), 0.0020686 secs] [Times: user=0.01 sys=0.00, real=0.00 secs] 
2412.104: [GC (Allocation Failure) [PSYoungGen: 72096K->1376K(72704K)] 454592K->383872K(641536K), 0.0034453 secs] [Times: user=0.01 sys=0.00, real=0.00 secs] 
2413.161: [GC (Allocation Failure) [PSYoungGen: 72032K->1408K(72704K)] 454528K->383904K(641536K), 0.0041132 secs] [Times: user=0.02 sys=0.00, real=0.00 secs] 
2414.406: [GC (Allocation Failure) [PSYoungGen: 72064K->1376K(72704K)] 454560K->383872K(641536K), 0.0044144 secs] [Times: user=0.02 sys=0.00, real=0.00 secs] 
2416.208: [GC (Allocation Failure) [PSYoungGen: 72032K->1408K(72704K)] 454528K->383904K(641536K), 0.0018082 secs] [Times: user=0.01 sys=0.00, real=0.00 secs] 
2416.820: [GC (Allocation Failure) [PSYoungGen: 72064K->1376K(72704K)] 454560K->383872K(641536K), 0.0019749 secs] [Times: user=0.01 sys=0.00, real=0.01 secs] 
2417.401: [GC (Allocation Failure) [PSYoungGen: 72032K->1344K(72704K)] 454528K->383840K(641536K), 0.0020219 secs] [Times: user=0.00 sys=0.00, real=0.00 secs] 
2418.133: [GC (Allocation Failure) [PSYoungGen: 72000K->1376K(72704K)] 454496K->383872K(641536K), 0.0024900 secs] [Times: user=0.01 sys=0.00, real=0.00 secs] 
2419.587: [GC (Allocation Failure) [PSYoungGen: 72032K->1408K(72704K)] 454528K->383912K(641536K), 0.0018647 secs] [Times: user=0.01 sys=0.00, real=0.00 secs] 
2420.701: [GC (Allocation Failure) [PSYoungGen: 72064K->1376K(72704K)] 454568K->383880K(641536K), 0.0045982 secs] [Times: user=0.02 sys=0.00, real=0.01 secs] 
2421.890: [GC (Allocation Failure) [PSYoungGen: 72032K->1408K(72704K)] 454536K->383912K(641536K), 0.0041686 secs] [Times: user=0.01 sys=0.00, real=0.01 secs] 
2422.920: [GC (Allocation Failure) [PSYoungGen: 72064K->1376K(72704K)] 454568K->383888K(641536K), 0.0042977 secs] [Times: user=0.02 sys=0.00, real=0.01 secs] 
2424.371: [GC (Allocation Failure) [PSYoungGen: 72032K->1440K(72704K)] 454544K->383952K(641536K), 0.0019195 secs] [Times: user=0.01 sys=0.00, real=0.00 secs] 
2425.179: [GC (Allocation Failure) [PSYoungGen: 72096K->1408K(72704K)] 454608K->383928K(641536K), 0.0034361 secs] [Times: user=0.02 sys=0.00, real=0.01 secs] 
2426.045: [GC (Allocation Failure) [PSYoungGen: 72064K->1376K(72704K)] 454584K->383904K(641536K), 0.0027647 secs] [Times: user=0.01 sys=0.00, real=0.00 secs] 
2426.846: [GC (Allocation Failure) [PSYoungGen: 72032K->1376K(72704K)] 454560K->383904K(641536K), 0.0028349 secs] [Times: user=0.01 sys=0.00, real=0.00 secs] 
2428.542: [GC (Allocation Failure) [PSYoungGen: 72032K->1376K(72704K)] 454560K->383904K(641536K), 0.0102613 secs] [Times: user=0.04 sys=0.00, real=0.01 secs] 
2430.512: [GC (Allocation Failure) [PSYoungGen: 72032K->1344K(72704K)] 454560K->383872K(641536K), 0.0045317 secs] [Times: user=0.02 sys=0.00, real=0.00 secs] 
2431.651: [GC (Allocation Failure) [PSYoungGen: 72000K->1376K(72704K)] 454528K->383912K(641536K), 0.0036222 secs] [Times: user=0.02 sys=0.00, real=0.01 secs] 
2431.944: [GC (Allocation Failure) [PSYoungGen: 72032K->1376K(72704K)] 454568K->383912K(641536K), 0.0019862 secs] [Times: user=0.01 sys=0.00, real=0.00 secs] 
2432.946: [GC (Allocation Failure) [PSYoungGen: 72032K->1408K(72704K)] 454568K->383944K(641536K), 0.0019881 secs] [Times: user=0.01 sys=0.00, real=0.00 secs] 
2433.239: [GC (Allocation Failure) [PSYoungGen: 72064K->1376K(72704K)] 454600K->383912K(641536K), 0.0019865 secs] [Times: user=0.01 sys=0.00, real=0.01 secs] 
2433.640: [GC (Allocation Failure) [PSYoungGen: 72032K->1376K(72704K)] 454568K->383920K(641536K), 0.0020531 secs] [Times: user=0.01 sys=0.00, real=0.01 secs] 
2433.933: [GC (Allocation Failure) [PSYoungGen: 72032K->1376K(72704K)] 454576K->383920K(641536K), 0.0022160 secs] [Times: user=0.01 sys=0.00, real=0.00 secs] 
2435.047: [GC (Allocation Failure) [PSYoungGen: 72032K->1392K(72704K)] 454576K->383936K(641536K), 0.0019295 secs] [Times: user=0.01 sys=0.00, real=0.00 secs] 
2436.032: [GC (Allocation Failure) [PSYoungGen: 72048K->1376K(72704K)] 454592K->383920K(641536K), 0.0027000 secs] [Times: user=0.01 sys=0.00, real=0.00 secs] 
2436.800: [GC (Allocation Failure) [PSYoungGen: 72032K->1376K(72704K)] 454576K->383920K(641536K), 0.0028015 secs] [Times: user=0.01 sys=0.00, real=0.01 secs] 
2437.929: [GC (Allocation Failure) [PSYoungGen: 72032K->1376K(72704K)] 454576K->383928K(641536K), 0.0033344 secs] [Times: user=0.01 sys=0.00, real=0.01 secs] 
2439.992: [GC (Allocation Failure) [PSYoungGen: 72032K->1440K(72704K)] 454584K->383992K(641536K), 0.0045580 secs] [Times: user=0.02 sys=0.00, real=0.00 secs] 
2440.654: [GC (Allocation Failure) [PSYoungGen: 72096K->1408K(72704K)] 454648K->383960K(641536K), 0.0034716 secs] [Times: user=0.01 sys=0.00, real=0.00 secs] 
2441.070: [GC (Allocation Failure) [PSYoungGen: 72064K->1376K(72704K)] 454616K->383928K(641536K), 0.0021377 secs] [Times: user=0.00 sys=0.00, real=0.01 secs] 
2441.368: [GC (Allocation Failure) [PSYoungGen: 72032K->1376K(72192K)] 454584K->383928K(641024K), 0.0019617 secs] [Times: user=0.00 sys=0.00, real=0.00 secs] 
2442.756: [GC (Allocation Failure) [PSYoungGen: 72032K->1424K(72192K)] 454584K->383976K(641024K), 0.0032866 secs] [Times: user=0.01 sys=0.00, real=0.00 secs] 
2443.618: [GC (Allocation Failure) [PSYoungGen: 72080K->1424K(72192K)] 454632K->383976K(641024K), 0.0044394 secs] [Times: user=0.01 sys=0.00, real=0.01 secs] 
2444.253: [GC (Allocation Failure) [PSYoungGen: 72080K->1408K(72192K)] 454632K->383960K(641024K), 0.0030051 secs] [Times: user=0.01 sys=0.00, real=0.00 secs] 
2444.840: [GC (Allocation Failure) [PSYoungGen: 72064K->1376K(72192K)] 454616K->383928K(641024K), 0.0029270 secs] [Times: user=0.02 sys=0.00, real=0.01 secs] 
2446.242: [GC (Allocation Failure) [PSYoungGen: 72032K->1440K(72192K)] 454584K->383992K(641024K), 0.0021094 secs] [Times: user=0.01 sys=0.00, real=0.00 secs] 
2446.834: [GC (Allocation Failure) [PSYoungGen: 72096K->1392K(72192K)] 454648K->383960K(641024K), 0.0032981 secs] [Times: user=0.01 sys=0.00, real=0.00 secs] 
2447.501: [GC (Allocation Failure) [PSYoungGen: 72048K->1344K(72192K)] 454616K->383912K(641024K), 0.0028952 secs] [Times: user=0.01 sys=0.00, real=0.00 secs] 
2448.169: [GC (Allocation Failure) [PSYoungGen: 72000K->1408K(72192K)] 454568K->383976K(641024K), 0.0033301 secs] [Times: user=0.02 sys=0.00, real=0.01 secs] 
2449.423: [GC (Allocation Failure) [PSYoungGen: 72064K->1408K(72192K)] 454632K->383976K(641024K), 0.0020737 secs] [Times: user=0.01 sys=0.00, real=0.00 secs] 
2450.350: [GC (Allocation Failure) [PSYoungGen: 72064K->1376K(72192K)] 454632K->383944K(641024K), 0.0023464 secs] [Times: user=0.01 sys=0.01, real=0.01 secs] 
2451.243: [GC (Allocation Failure) [PSYoungGen: 72032K->1408K(72192K)] 454600K->383976K(641024K), 0.0026003 secs] [Times: user=0.01 sys=0.00, real=0.00 secs] 
2452.241: [GC (Allocation Failure) [PSYoungGen: 72064K->1408K(72192K)] 454632K->383976K(641024K), 0.0030447 secs] [Times: user=0.01 sys=0.00, real=0.00 secs] 
2453.750: [GC (Allocation Failure) [PSYoungGen: 72064K->1376K(72192K)] 454632K->383944K(641024K), 0.0020830 secs] [Times: user=0.00 sys=0.00, real=0.01 secs] 
2454.554: [GC (Allocation Failure) [PSYoungGen: 72032K->1408K(72192K)] 454600K->383976K(641024K), 0.0029343 secs] [Times: user=0.01 sys=0.00, real=0.00 secs] 
2455.295: [GC (Allocation Failure) [PSYoungGen: 72064K->1344K(72192K)] 454632K->383912K(641024K), 0.0024434 secs] [Times: user=0.01 sys=0.00, real=0.00 secs] 
2455.967: [GC (Allocation Failure) [PSYoungGen: 72000K->1408K(72192K)] 454568K->383976K(641024K), 0.0021038 secs] [Times: user=0.01 sys=0.00, real=0.00 secs] 
2457.209: [GC (Allocation Failure) [PSYoungGen: 72064K->1424K(72192K)] 454632K->384000K(641024K), 0.0019770 secs] [Times: user=0.00 sys=0.00, real=0.01 secs] 
2458.155: [GC (Allocation Failure) [PSYoungGen: 72080K->1376K(72192K)] 454656K->383960K(641024K), 0.0044863 secs] [Times: user=0.02 sys=0.00, real=0.00 secs] 
2458.922: [GC (Allocation Failure) [PSYoungGen: 72032K->1376K(72192K)] 454616K->383960K(641024K), 0.0034910 secs] [Times: user=0.01 sys=0.00, real=0.00 secs] 
2459.534: [GC (Allocation Failure) [PSYoungGen: 72032K->1408K(72192K)] 454616K->383992K(641024K), 0.0026461 secs] [Times: user=0.01 sys=0.00, real=0.00 secs] 
2461.298: [GC (Allocation Failure) [PSYoungGen: 72064K->1408K(72192K)] 454648K->383992K(641024K), 0.0025516 secs] [Times: user=0.01 sys=0.00, real=0.00 secs] 
2462.427: [GC (Allocation Failure) [PSYoungGen: 72064K->1344K(72192K)] 454648K->383928K(641024K), 0.0041925 secs] [Times: user=0.01 sys=0.00, real=0.01 secs] 
2463.526: [GC (Allocation Failure) [PSYoungGen: 72000K->1376K(72192K)] 454584K->383960K(641024K), 0.0040335 secs] [Times: user=0.02 sys=0.00, real=0.00 secs] 
2464.322: [GC (Allocation Failure) [PSYoungGen: 72032K->1376K(72192K)] 454616K->383960K(641024K), 0.0034452 secs] [Times: user=0.01 sys=0.00, real=0.00 secs] 
2465.815: [GC (Allocation Failure) [PSYoungGen: 72032K->1408K(72192K)] 454616K->383992K(641024K), 0.0022499 secs] [Times: user=0.01 sys=0.00, real=0.00 secs] 
2466.859: [GC (Allocation Failure) [PSYoungGen: 72064K->1376K(72192K)] 454648K->383960K(641024K), 0.0028889 secs] [Times: user=0.01 sys=0.00, real=0.01 secs] 
2468.350: [GC (Allocation Failure) [PSYoungGen: 72032K->1376K(72192K)] 454616K->383960K(641024K), 0.0032165 secs] [Times: user=0.01 sys=0.00, real=0.01 secs] 
2469.167: [GC (Allocation Failure) [PSYoungGen: 72032K->1376K(72192K)] 454616K->383968K(641024K), 0.0032265 secs] [Times: user=0.02 sys=0.00, real=0.00 secs] 
2470.651: [GC (Allocation Failure) [PSYoungGen: 72032K->1424K(72192K)] 454624K->384016K(641024K), 0.0018233 secs] [Times: user=0.01 sys=0.00, real=0.00 secs] 
2471.268: [GC (Allocation Failure) [PSYoungGen: 72080K->1344K(72192K)] 454672K->383936K(641024K), 0.0018761 secs] [Times: user=0.01 sys=0.00, real=0.00 secs] 
2471.681: [GC (Allocation Failure) [PSYoungGen: 72000K->1344K(72192K)] 454592K->383936K(641024K), 0.0017532 secs] [Times: user=0.00 sys=0.00, real=0.00 secs] 
2471.974: [GC (Allocation Failure) [PSYoungGen: 72000K->1376K(72192K)] 454592K->383968K(641024K), 0.0019099 secs] [Times: user=0.01 sys=0.00, real=0.00 secs] 
2472.946: [GC (Allocation Failure) [PSYoungGen: 72032K->1424K(72192K)] 454624K->384016K(641024K), 0.0019720 secs] [Times: user=0.01 sys=0.00, real=0.00 secs] 
2473.240: [GC (Allocation Failure) [PSYoungGen: 72080K->1376K(72192K)] 454672K->383968K(641024K), 0.0018697 secs] [Times: user=0.01 sys=0.00, real=0.01 secs] 
2473.541: [GC (Allocation Failure) [PSYoungGen: 72032K->1376K(72192K)] 454624K->383968K(641024K), 0.0020196 secs] [Times: user=0.00 sys=0.00, real=0.00 secs] 
2473.854: [GC (Allocation Failure) [PSYoungGen: 72032K->1376K(72192K)] 454624K->383968K(641024K), 0.0021787 secs] [Times: user=0.01 sys=0.00, real=0.00 secs] 
2474.866: [GC (Allocation Failure) [PSYoungGen: 72032K->1408K(72192K)] 454624K->384000K(641024K), 0.0016857 secs] [Times: user=0.01 sys=0.00, real=0.00 secs] 
2475.512: [GC (Allocation Failure) [PSYoungGen: 72064K->1376K(72192K)] 454656K->383968K(641024K), 0.0018590 secs] [Times: user=0.01 sys=0.00, real=0.00 secs] 
2475.970: [GC (Allocation Failure) [PSYoungGen: 72032K->1408K(72192K)] 454624K->384016K(641024K), 0.0021560 secs] [Times: user=0.01 sys=0.00, real=0.01 secs] 
2476.265: [GC (Allocation Failure) [PSYoungGen: 72064K->1392K(72192K)] 454672K->384000K(641024K), 0.0020333 secs] [Times: user=0.01 sys=0.00, real=0.00 secs] 
2477.784: [GC (Allocation Failure) [PSYoungGen: 72048K->1408K(72192K)] 454656K->384016K(641024K), 0.0041360 secs] [Times: user=0.02 sys=0.00, real=0.00 secs] 
2478.517: [GC (Allocation Failure) [PSYoungGen: 72064K->1408K(72192K)] 454672K->384016K(641024K), 0.0033440 secs] [Times: user=0.02 sys=0.00, real=0.00 secs] 
2479.192: [GC (Allocation Failure) [PSYoungGen: 72064K->1376K(72192K)] 454672K->383984K(641024K), 0.0034751 secs] [Times: user=0.01 sys=0.00, real=0.00 secs] 
2479.557: [GC (Allocation Failure) [PSYoungGen: 72032K->1344K(72192K)] 454640K->383952K(641024K), 0.0020637 secs] [Times: user=0.00 sys=0.00, real=0.00 secs] 
2481.042: [GC (Allocation Failure) [PSYoungGen: 72000K->1440K(72192K)] 454608K->384048K(641024K), 0.0026771 secs] [Times: user=0.01 sys=0.00, real=0.00 secs] 
2483.183: [GC (Allocation Failure) [PSYoungGen: 72096K->1408K(72192K)] 454704K->384016K(641024K), 0.0043572 secs] [Times: user=0.02 sys=0.00, real=0.00 secs] 
2484.763: [GC (Allocation Failure) [PSYoungGen: 72064K->1408K(72192K)] 454672K->384016K(641024K), 0.0040467 secs] [Times: user=0.02 sys=0.00, real=0.00 secs] 
2485.388: [GC (Allocation Failure) [PSYoungGen: 72064K->1408K(72192K)] 454672K->384016K(641024K), 0.0026514 secs] [Times: user=0.01 sys=0.00, real=0.01 secs] 
2486.956: [GC (Allocation Failure) [PSYoungGen: 72064K->1472K(72192K)] 454672K->384080K(641024K), 0.0042035 secs] [Times: user=0.02 sys=0.00, real=0.00 secs] 
2488.370: [GC (Allocation Failure) [PSYoungGen: 72128K->1376K(72192K)] 454736K->383984K(641024K), 0.0046000 secs] [Times: user=0.02 sys=0.00, real=0.01 secs] 
2489.051: [GC (Allocation Failure) [PSYoungGen: 72032K->1408K(72192K)] 454640K->384024K(641024K), 0.0036584 secs] [Times: user=0.01 sys=0.00, real=0.00 secs] 
2490.067: [GC (Allocation Failure) [PSYoungGen: 72064K->1408K(72192K)] 454680K->384024K(641024K), 0.0056892 secs] [Times: user=0.02 sys=0.00, real=0.01 secs] 
2491.744: [GC (Allocation Failure) [PSYoungGen: 72064K->1440K(72192K)] 454680K->384056K(641024K), 0.0018264 secs] [Times: user=0.01 sys=0.00, real=0.00 secs] 
2492.422: [GC (Allocation Failure) [PSYoungGen: 72096K->1376K(72192K)] 454712K->383992K(641024K), 0.0020741 secs] [Times: user=0.00 sys=0.00, real=0.00 secs] 
2493.062: [GC (Allocation Failure) [PSYoungGen: 72032K->1408K(72192K)] 454648K->384024K(641024K), 0.0040556 secs] [Times: user=0.02 sys=0.00, real=0.00 secs] 
2493.702: [GC (Allocation Failure) [PSYoungGen: 72064K->1408K(72192K)] 454680K->384032K(641024K), 0.0027011 secs] [Times: user=0.01 sys=0.00, real=0.00 secs] 
2494.673: [GC (Allocation Failure) [PSYoungGen: 72064K->1440K(72192K)] 454688K->384064K(641024K), 0.0019393 secs] [Times: user=0.01 sys=0.00, real=0.00 secs] 
2494.966: [GC (Allocation Failure) [PSYoungGen: 72096K->1424K(72192K)] 454720K->384048K(641024K), 0.0018440 secs] [Times: user=0.01 sys=0.00, real=0.00 secs] 
2495.259: [GC (Allocation Failure) [PSYoungGen: 72080K->1408K(72192K)] 454704K->384032K(641024K), 0.0018924 secs] [Times: user=0.01 sys=0.00, real=0.01 secs] 
2495.552: [GC (Allocation Failure) [PSYoungGen: 72064K->1344K(72192K)] 454688K->383984K(641024K), 0.0016722 secs] [Times: user=0.00 sys=0.00, real=0.00 secs] 
2496.824: [GC (Allocation Failure) [PSYoungGen: 72000K->1408K(72192K)] 454640K->384048K(641024K), 0.0029137 secs] [Times: user=0.01 sys=0.00, real=0.00 secs] 
2497.997: [GC (Allocation Failure) [PSYoungGen: 72064K->1376K(72192K)] 454704K->384024K(641024K), 0.0031179 secs] [Times: user=0.01 sys=0.00, real=0.00 secs] 
2498.829: [GC (Allocation Failure) [PSYoungGen: 72032K->1344K(72192K)] 454680K->383992K(641024K), 0.0032725 secs] [Times: user=0.01 sys=0.00, real=0.01 secs] 
2499.775: [GC (Allocation Failure) [PSYoungGen: 72000K->1344K(72192K)] 454648K->383992K(641024K), 0.0033047 secs] [Times: user=0.02 sys=0.00, real=0.00 secs] 
2501.334: [GC (Allocation Failure) [PSYoungGen: 72000K->1408K(72192K)] 454648K->384056K(641024K), 0.0019795 secs] [Times: user=0.01 sys=0.00, real=0.00 secs] 
2501.629: [GC (Allocation Failure) [PSYoungGen: 72064K->1392K(72192K)] 454712K->384040K(641024K), 0.0022063 secs] [Times: user=0.01 sys=0.01, real=0.01 secs] 
2501.937: [GC (Allocation Failure) [PSYoungGen: 72048K->1376K(72192K)] 454696K->384024K(641024K), 0.0021085 secs] [Times: user=0.01 sys=0.00, real=0.00 secs] 
2502.230: [GC (Allocation Failure) [PSYoungGen: 72032K->1376K(72192K)] 454680K->384024K(641024K), 0.0020918 secs] [Times: user=0.01 sys=0.00, real=0.01 secs] 
2503.297: [GC (Allocation Failure) [PSYoungGen: 72032K->1408K(72192K)] 454680K->384056K(641024K), 0.0017252 secs] [Times: user=0.01 sys=0.00, real=0.00 secs] 
2503.590: [GC (Allocation Failure) [PSYoungGen: 72064K->1376K(72192K)] 454712K->384024K(641024K), 0.0016612 secs] [Times: user=0.00 sys=0.00, real=0.01 secs] 
2503.883: [GC (Allocation Failure) [PSYoungGen: 72032K->1376K(72192K)] 454680K->384032K(641024K), 0.0017964 secs] [Times: user=0.01 sys=0.00, real=0.00 secs] 
2504.220: [GC (Allocation Failure) [PSYoungGen: 72032K->1376K(72192K)] 454688K->384032K(641024K), 0.0035669 secs] [Times: user=0.02 sys=0.00, real=0.01 secs] 
2505.324: [GC (Allocation Failure) [PSYoungGen: 72032K->1424K(72192K)] 454688K->384080K(641024K), 0.0017960 secs] [Times: user=0.00 sys=0.00, real=0.00 secs] 
2505.617: [GC (Allocation Failure) [PSYoungGen: 72080K->1376K(72192K)] 454736K->384032K(641024K), 0.0018841 secs] [Times: user=0.01 sys=0.00, real=0.00 secs] 
2506.007: [GC (Allocation Failure) [PSYoungGen: 72032K->1376K(72192K)] 454688K->384032K(641024K), 0.0020814 secs] [Times: user=0.01 sys=0.00, real=0.00 secs] 
2506.604: [GC (Allocation Failure) [PSYoungGen: 72032K->1376K(72192K)] 454688K->384032K(641024K), 0.0025670 secs] [Times: user=0.01 sys=0.00, real=0.00 secs] 
2508.468: [GC (Allocation Failure) [PSYoungGen: 72032K->1440K(72192K)] 454688K->384096K(641024K), 0.0042972 secs] [Times: user=0.02 sys=0.00, real=0.01 secs] 
2509.415: [GC (Allocation Failure) [PSYoungGen: 72096K->1376K(72192K)] 454752K->384032K(641024K), 0.0043916 secs] [Times: user=0.02 sys=0.00, real=0.00 secs] 
2509.887: [GC (Allocation Failure) [PSYoungGen: 72032K->1376K(72192K)] 454688K->384032K(641024K), 0.0021605 secs] [Times: user=0.01 sys=0.00, real=0.00 secs] 
2510.418: [GC (Allocation Failure) [PSYoungGen: 72032K->1376K(72192K)] 454688K->384032K(641024K), 0.0032468 secs] [Times: user=0.01 sys=0.00, real=0.01 secs] 
2511.760: [GC (Allocation Failure) [PSYoungGen: 72032K->1408K(72192K)] 454688K->384064K(641024K), 0.0018719 secs] [Times: user=0.01 sys=0.00, real=0.01 secs] 
2512.053: [GC (Allocation Failure) [PSYoungGen: 72064K->1376K(72192K)] 454720K->384032K(641024K), 0.0018774 secs] [Times: user=0.01 sys=0.00, real=0.00 secs] 
2512.346: [GC (Allocation Failure) [PSYoungGen: 72032K->1376K(72192K)] 454688K->384032K(641024K), 0.0018785 secs] [Times: user=0.01 sys=0.00, real=0.00 secs] 
2512.646: [GC (Allocation Failure) [PSYoungGen: 72032K->1408K(72192K)] 454688K->384064K(641024K), 0.0016552 secs] [Times: user=0.01 sys=0.00, real=0.00 secs] 
2513.697: [GC (Allocation Failure) [PSYoungGen: 72064K->1440K(72192K)] 454720K->384096K(641024K), 0.0019171 secs] [Times: user=0.01 sys=0.00, real=0.00 secs] 
2514.327: [GC (Allocation Failure) [PSYoungGen: 72096K->1376K(72192K)] 454752K->384040K(641024K), 0.0043356 secs] [Times: user=0.01 sys=0.00, real=0.01 secs] 
2514.844: [GC (Allocation Failure) [PSYoungGen: 72032K->1376K(72192K)] 454696K->384040K(641024K), 0.0029979 secs] [Times: user=0.02 sys=0.00, real=0.00 secs] 
2515.137: [GC (Allocation Failure) [PSYoungGen: 72032K->1344K(72192K)] 454696K->384008K(641024K), 0.0019796 secs] [Times: user=0.00 sys=0.00, real=0.00 secs] 
2516.541: [GC (Allocation Failure) [PSYoungGen: 72000K->1376K(72192K)] 454664K->384040K(641024K), 0.0024485 secs] [Times: user=0.01 sys=0.00, real=0.00 secs] 
2518.103: [GC (Allocation Failure) [PSYoungGen: 72032K->1408K(72192K)] 454696K->384072K(641024K), 0.0037367 secs] [Times: user=0.02 sys=0.00, real=0.00 secs] 
2518.518: [GC (Allocation Failure) [PSYoungGen: 72064K->1376K(72192K)] 454728K->384040K(641024K), 0.0021071 secs] [Times: user=0.00 sys=0.00, real=0.00 secs] 
2518.824: [GC (Allocation Failure) [PSYoungGen: 72032K->1376K(72192K)] 454696K->384040K(641024K), 0.0020873 secs] [Times: user=0.01 sys=0.00, real=0.00 secs] 
2519.893: [GC (Allocation Failure) [PSYoungGen: 72032K->1424K(72192K)] 454696K->384088K(641024K), 0.0022267 secs] [Times: user=0.01 sys=0.00, real=0.00 secs] 
2520.188: [GC (Allocation Failure) [PSYoungGen: 72080K->1376K(72192K)] 454744K->384040K(641024K), 0.0021885 secs] [Times: user=0.00 sys=0.00, real=0.00 secs] 
2520.482: [GC (Allocation Failure) [PSYoungGen: 72032K->1376K(72192K)] 454696K->384040K(641024K), 0.0020695 secs] [Times: user=0.01 sys=0.00, real=0.00 secs] 
2520.775: [GC (Allocation Failure) [PSYoungGen: 72032K->1328K(72192K)] 454696K->383992K(641024K), 0.0038264 secs] [Times: user=0.01 sys=0.00, real=0.00 secs] 
2521.944: [GC (Allocation Failure) [PSYoungGen: 71984K->1376K(72192K)] 454648K->384040K(641024K), 0.0020251 secs] [Times: user=0.01 sys=0.00, real=0.00 secs] 
2522.713: [GC (Allocation Failure) [PSYoungGen: 72032K->1376K(72192K)] 454696K->384040K(641024K), 0.0023344 secs] [Times: user=0.01 sys=0.00, real=0.00 secs] 
2523.604: [GC (Allocation Failure) [PSYoungGen: 72032K->1376K(72192K)] 454696K->384040K(641024K), 0.0042898 secs] [Times: user=0.02 sys=0.00, real=0.00 secs] 
2524.804: [GC (Allocation Failure) [PSYoungGen: 72032K->1376K(72192K)] 454696K->384048K(641024K), 0.0045254 secs] [Times: user=0.02 sys=0.00, real=0.00 secs] 
2526.721: [GC (Allocation Failure) [PSYoungGen: 72032K->1344K(72192K)] 454704K->384016K(641024K), 0.0023849 secs] [Times: user=0.01 sys=0.00, real=0.01 secs] 
2527.502: [GC (Allocation Failure) [PSYoungGen: 72000K->1376K(72192K)] 454672K->384048K(641024K), 0.0048382 secs] [Times: user=0.01 sys=0.00, real=0.00 secs] 
2528.063: [GC (Allocation Failure) [PSYoungGen: 72032K->1376K(72192K)] 454704K->384048K(641024K), 0.0029192 secs] [Times: user=0.01 sys=0.01, real=0.00 secs] 
2528.989: [GC (Allocation Failure) [PSYoungGen: 72032K->1360K(72192K)] 454704K->384032K(641024K), 0.0038242 secs] [Times: user=0.01 sys=0.00, real=0.01 secs] 
2530.553: [GC (Allocation Failure) [PSYoungGen: 72016K->1376K(72192K)] 454688K->384048K(641024K), 0.0020813 secs] [Times: user=0.01 sys=0.00, real=0.00 secs] 
2531.020: [GC (Allocation Failure) [PSYoungGen: 72032K->1344K(72192K)] 454704K->384016K(641024K), 0.0023346 secs] [Times: user=0.01 sys=0.00, real=0.01 secs] 
2531.606: [GC (Allocation Failure) [PSYoungGen: 72000K->1408K(72192K)] 454672K->384080K(641024K), 0.0034641 secs] [Times: user=0.02 sys=0.00, real=0.00 secs] 
2532.337: [GC (Allocation Failure) [PSYoungGen: 72064K->1408K(72192K)] 454736K->384088K(641024K), 0.0043880 secs] [Times: user=0.02 sys=0.00, real=0.01 secs] 
2533.814: [GC (Allocation Failure) [PSYoungGen: 72064K->1408K(72192K)] 454744K->384088K(641024K), 0.0020063 secs] [Times: user=0.01 sys=0.00, real=0.00 secs] 
2534.594: [GC (Allocation Failure) [PSYoungGen: 72064K->1344K(72192K)] 454744K->384024K(641024K), 0.0045300 secs] [Times: user=0.01 sys=0.00, real=0.00 secs] 
2535.508: [GC (Allocation Failure) [PSYoungGen: 72000K->1376K(72192K)] 454680K->384056K(641024K), 0.0044037 secs] [Times: user=0.02 sys=0.00, real=0.01 secs] 
2536.160: [GC (Allocation Failure) [PSYoungGen: 72032K->1376K(72192K)] 454712K->384056K(641024K), 0.0030973 secs] [Times: user=0.01 sys=0.00, real=0.01 secs] 
2537.440: [GC (Allocation Failure) [PSYoungGen: 72032K->1440K(72192K)] 454712K->384120K(641024K), 0.0017890 secs] [Times: user=0.00 sys=0.00, real=0.01 secs] 
2537.733: [GC (Allocation Failure) [PSYoungGen: 72096K->1392K(72192K)] 454776K->384072K(641024K), 0.0017735 secs] [Times: user=0.01 sys=0.00, real=0.00 secs] 
2538.051: [GC (Allocation Failure) [PSYoungGen: 72048K->1376K(72192K)] 454728K->384064K(641024K), 0.0018532 secs] [Times: user=0.01 sys=0.00, real=0.00 secs] 
2538.345: [GC (Allocation Failure) [PSYoungGen: 72032K->1376K(72192K)] 454720K->384064K(641024K), 0.0018946 secs] [Times: user=0.01 sys=0.00, real=0.00 secs] 
2539.504: [GC (Allocation Failure) [PSYoungGen: 72032K->1408K(72192K)] 454720K->384104K(641024K), 0.0019634 secs] [Times: user=0.01 sys=0.00, real=0.00 secs] 
2540.185: [GC (Allocation Failure) [PSYoungGen: 72064K->1376K(72192K)] 454760K->384072K(641024K), 0.0019368 secs] [Times: user=0.01 sys=0.00, real=0.00 secs] 
2540.964: [GC (Allocation Failure) [PSYoungGen: 72032K->1376K(72192K)] 454728K->384080K(641024K), 0.0022998 secs] [Times: user=0.00 sys=0.00, real=0.00 secs] 
2541.828: [GC (Allocation Failure) [PSYoungGen: 72032K->1344K(72192K)] 454736K->384056K(641024K), 0.0027541 secs] [Times: user=0.01 sys=0.01, real=0.00 secs] 
2543.591: [GC (Allocation Failure) [PSYoungGen: 72000K->1408K(72192K)] 454712K->384120K(641024K), 0.0035657 secs] [Times: user=0.02 sys=0.00, real=0.00 secs] 
2544.240: [GC (Allocation Failure) [PSYoungGen: 72064K->1408K(72192K)] 454776K->384120K(641024K), 0.0027257 secs] [Times: user=0.01 sys=0.00, real=0.01 secs] 
2544.913: [GC (Allocation Failure) [PSYoungGen: 72064K->1376K(72192K)] 454776K->384088K(641024K), 0.0028050 secs] [Times: user=0.01 sys=0.00, real=0.00 secs] 
2545.292: [GC (Allocation Failure) [PSYoungGen: 72032K->1376K(72192K)] 454744K->384096K(641024K), 0.0022866 secs] [Times: user=0.01 sys=0.00, real=0.00 secs] 
2546.331: [GC (Allocation Failure) [PSYoungGen: 72032K->1376K(72192K)] 454752K->384096K(641024K), 0.0020020 secs] [Times: user=0.01 sys=0.00, real=0.01 secs] 
2546.878: [GC (Allocation Failure) [PSYoungGen: 72032K->1376K(72192K)] 454752K->384096K(641024K), 0.0018820 secs] [Times: user=0.01 sys=0.00, real=0.00 secs] 
2547.460: [GC (Allocation Failure) [PSYoungGen: 72032K->1376K(72192K)] 454752K->384096K(641024K), 0.0020724 secs] [Times: user=0.01 sys=0.00, real=0.01 secs] 
2547.918: [GC (Allocation Failure) [PSYoungGen: 72032K->1376K(72192K)] 454752K->384096K(641024K), 0.0021541 secs] [Times: user=0.00 sys=0.00, real=0.00 secs] 
2549.057: [GC (Allocation Failure) [PSYoungGen: 72032K->1376K(72192K)] 454752K->384096K(641024K), 0.0019953 secs] [Times: user=0.01 sys=0.00, real=0.00 secs] 
2549.657: [GC (Allocation Failure) [PSYoungGen: 72032K->1376K(72192K)] 454752K->384096K(641024K), 0.0020737 secs] [Times: user=0.01 sys=0.00, real=0.00 secs] 
2550.268: [GC (Allocation Failure) [PSYoungGen: 72032K->1344K(72192K)] 454752K->384064K(641024K), 0.0024455 secs] [Times: user=0.01 sys=0.00, real=0.00 secs] 
2550.655: [GC (Allocation Failure) [PSYoungGen: 72000K->1376K(72192K)] 454720K->384104K(641024K), 0.0020493 secs] [Times: user=0.01 sys=0.00, real=0.00 secs] 
2551.750: [GC (Allocation Failure) [PSYoungGen: 72032K->1408K(72192K)] 454760K->384136K(641024K), 0.0019145 secs] [Times: user=0.01 sys=0.00, real=0.01 secs] 
2552.428: [GC (Allocation Failure) [PSYoungGen: 72064K->1344K(72192K)] 454792K->384072K(641024K), 0.0028221 secs] [Times: user=0.02 sys=0.00, real=0.01 secs] 
2553.023: [GC (Allocation Failure) [PSYoungGen: 72000K->1344K(72192K)] 454728K->384072K(641024K), 0.0033129 secs] [Times: user=0.01 sys=0.00, real=0.00 secs] 
2553.590: [GC (Allocation Failure) [PSYoungGen: 72000K->1376K(72192K)] 454728K->384104K(641024K), 0.0028591 secs] [Times: user=0.01 sys=0.00, real=0.01 secs] 
2555.120: [GC (Allocation Failure) [PSYoungGen: 72032K->1408K(72192K)] 454760K->384144K(641024K), 0.0020614 secs] [Times: user=0.01 sys=0.00, real=0.01 secs] 
2555.824: [GC (Allocation Failure) [PSYoungGen: 72064K->1376K(72192K)] 454800K->384112K(641024K), 0.0021588 secs] [Times: user=0.01 sys=0.00, real=0.00 secs] 
2556.214: [GC (Allocation Failure) [PSYoungGen: 72032K->1376K(72192K)] 454768K->384112K(641024K), 0.0023335 secs] [Times: user=0.01 sys=0.00, real=0.00 secs] 
2556.508: [GC (Allocation Failure) [PSYoungGen: 72032K->1392K(72192K)] 454768K->384128K(641024K), 0.0021204 secs] [Times: user=0.01 sys=0.00, real=0.00 secs] 
2557.699: [GC (Allocation Failure) [PSYoungGen: 72048K->1408K(72192K)] 454784K->384144K(641024K), 0.0019350 secs] [Times: user=0.00 sys=0.00, real=0.01 secs] 
2558.603: [GC (Allocation Failure) [PSYoungGen: 72064K->1344K(72192K)] 454800K->384080K(641024K), 0.0034011 secs] [Times: user=0.01 sys=0.00, real=0.00 secs] 
2559.679: [GC (Allocation Failure) [PSYoungGen: 72000K->1376K(72192K)] 454736K->384112K(641024K), 0.0044304 secs] [Times: user=0.02 sys=0.00, real=0.01 secs] 
2560.531: [GC (Allocation Failure) [PSYoungGen: 72032K->1344K(72192K)] 454768K->384080K(641024K), 0.0046095 secs] [Times: user=0.02 sys=0.00, real=0.01 secs] 
2562.227: [GC (Allocation Failure) [PSYoungGen: 72000K->1408K(72192K)] 454736K->384144K(641024K), 0.0018033 secs] [Times: user=0.01 sys=0.00, real=0.00 secs] 
2562.915: [GC (Allocation Failure) [PSYoungGen: 72064K->1344K(72192K)] 454800K->384080K(641024K), 0.0040796 secs] [Times: user=0.02 sys=0.00, real=0.00 secs] 
2563.236: [GC (Allocation Failure) [PSYoungGen: 72000K->1376K(72192K)] 454736K->384112K(641024K), 0.0026843 secs] [Times: user=0.01 sys=0.00, real=0.00 secs] 
2563.527: [GC (Allocation Failure) [PSYoungGen: 72032K->1344K(72192K)] 454768K->384080K(641024K), 0.0028957 secs] [Times: user=0.01 sys=0.01, real=0.00 secs] 
2564.852: [GC (Allocation Failure) [PSYoungGen: 72000K->1392K(72192K)] 454736K->384136K(641024K), 0.0025518 secs] [Times: user=0.01 sys=0.00, real=0.00 secs] 
2565.497: [GC (Allocation Failure) [PSYoungGen: 72048K->1376K(72192K)] 454792K->384120K(641024K), 0.0026149 secs] [Times: user=0.01 sys=0.00, real=0.00 secs] 
2566.125: [GC (Allocation Failure) [PSYoungGen: 72032K->1376K(72192K)] 454776K->384120K(641024K), 0.0026775 secs] [Times: user=0.01 sys=0.00, real=0.00 secs] 
2566.724: [GC (Allocation Failure) [PSYoungGen: 72032K->1408K(72192K)] 454776K->384160K(641024K), 0.0025870 secs] [Times: user=0.02 sys=0.00, real=0.00 secs] 
2567.753: [GC (Allocation Failure) [PSYoungGen: 72064K->1376K(72192K)] 454816K->384128K(641024K), 0.0017905 secs] [Times: user=0.00 sys=0.00, real=0.00 secs] 
2568.058: [GC (Allocation Failure) [PSYoungGen: 72032K->1376K(72192K)] 454784K->384128K(641024K), 0.0018502 secs] [Times: user=0.01 sys=0.00, real=0.00 secs] 
2568.351: [GC (Allocation Failure) [PSYoungGen: 72032K->1392K(72192K)] 454784K->384144K(641024K), 0.0017979 secs] [Times: user=0.01 sys=0.00, real=0.00 secs] 
2568.644: [GC (Allocation Failure) [PSYoungGen: 72048K->1376K(72192K)] 454800K->384128K(641024K), 0.0029481 secs] [Times: user=0.01 sys=0.00, real=0.00 secs] 
2570.030: [GC (Allocation Failure) [PSYoungGen: 72032K->1408K(72192K)] 454784K->384160K(641024K), 0.0025792 secs] [Times: user=0.01 sys=0.00, real=0.01 secs] 
2571.271: [GC (Allocation Failure) [PSYoungGen: 72064K->1408K(72192K)] 454816K->384160K(641024K), 0.0041963 secs] [Times: user=0.02 sys=0.00, real=0.00 secs] 
2572.250: [GC (Allocation Failure) [PSYoungGen: 72064K->1376K(72192K)] 454816K->384128K(641024K), 0.0034749 secs] [Times: user=0.02 sys=0.00, real=0.01 secs] 
2572.983: [GC (Allocation Failure) [PSYoungGen: 72032K->1408K(72192K)] 454784K->384160K(641024K), 0.0032714 secs] [Times: user=0.01 sys=0.00, real=0.00 secs] 
2574.497: [GC (Allocation Failure) [PSYoungGen: 72064K->1408K(72192K)] 454816K->384168K(641024K), 0.0019469 secs] [Times: user=0.01 sys=0.00, real=0.00 secs] 
2575.096: [GC (Allocation Failure) [PSYoungGen: 72064K->1376K(72192K)] 454824K->384136K(641024K), 0.0021628 secs] [Times: user=0.01 sys=0.00, real=0.00 secs] 
2575.454: [GC (Allocation Failure) [PSYoungGen: 72032K->1376K(72192K)] 454792K->384136K(641024K), 0.0021349 secs] [Times: user=0.01 sys=0.00, real=0.00 secs] 
2575.749: [GC (Allocation Failure) [PSYoungGen: 72032K->1376K(72192K)] 454792K->384144K(641024K), 0.0020916 secs] [Times: user=0.01 sys=0.00, real=0.01 secs] 
2577.230: [GC (Allocation Failure) [PSYoungGen: 72032K->1408K(72192K)] 454800K->384176K(641024K), 0.0041406 secs] [Times: user=0.02 sys=0.00, real=0.01 secs] 
2578.053: [GC (Allocation Failure) [PSYoungGen: 72064K->1376K(72192K)] 454832K->384144K(641024K), 0.0028875 secs] [Times: user=0.01 sys=0.00, real=0.00 secs] 
2578.622: [GC (Allocation Failure) [PSYoungGen: 72032K->1408K(72192K)] 454800K->384176K(641024K), 0.0026932 secs] [Times: user=0.01 sys=0.00, real=0.00 secs] 
2579.208: [GC (Allocation Failure) [PSYoungGen: 72064K->1376K(72192K)] 454832K->384144K(641024K), 0.0027676 secs] [Times: user=0.01 sys=0.00, real=0.01 secs] 
2580.728: [GC (Allocation Failure) [PSYoungGen: 72032K->1408K(72192K)] 454800K->384176K(641024K), 0.0020655 secs] [Times: user=0.01 sys=0.00, real=0.00 secs] 
2581.457: [GC (Allocation Failure) [PSYoungGen: 72064K->1376K(72192K)] 454832K->384144K(641024K), 0.0023034 secs] [Times: user=0.00 sys=0.00, real=0.00 secs] 
2582.152: [GC (Allocation Failure) [PSYoungGen: 72032K->1376K(72192K)] 454800K->384144K(641024K), 0.0032787 secs] [Times: user=0.01 sys=0.00, real=0.00 secs] 
2582.721: [GC (Allocation Failure) [PSYoungGen: 72032K->1376K(72192K)] 454800K->384144K(641024K), 0.0026793 secs] [Times: user=0.01 sys=0.00, real=0.01 secs] 
2583.730: [GC (Allocation Failure) [PSYoungGen: 72032K->1424K(72192K)] 454800K->384192K(641024K), 0.0017404 secs] [Times: user=0.01 sys=0.00, real=0.01 secs] 
2584.050: [GC (Allocation Failure) [PSYoungGen: 72080K->1376K(72192K)] 454848K->384144K(641024K), 0.0018211 secs] [Times: user=0.01 sys=0.00, real=0.01 secs] 
2584.343: [GC (Allocation Failure) [PSYoungGen: 72032K->1408K(72192K)] 454800K->384176K(641024K), 0.0017333 secs] [Times: user=0.01 sys=0.00, real=0.00 secs] 
2584.636: [GC (Allocation Failure) [PSYoungGen: 72064K->1376K(72192K)] 454832K->384152K(641024K), 0.0020514 secs] [Times: user=0.00 sys=0.00, real=0.00 secs] 
2585.654: [GC (Allocation Failure) [PSYoungGen: 72032K->1376K(72192K)] 454808K->384152K(641024K), 0.0018515 secs] [Times: user=0.01 sys=0.00, real=0.00 secs] 
2585.947: [GC (Allocation Failure) [PSYoungGen: 72032K->1344K(72192K)] 454808K->384120K(641024K), 0.0019466 secs] [Times: user=0.01 sys=0.00, real=0.00 secs] 
2586.240: [GC (Allocation Failure) [PSYoungGen: 72000K->1344K(72192K)] 454776K->384120K(641024K), 0.0018473 secs] [Times: user=0.00 sys=0.00, real=0.01 secs] 
2586.533: [GC (Allocation Failure) [PSYoungGen: 72000K->1344K(72192K)] 454776K->384120K(641024K), 0.0018252 secs] [Times: user=0.01 sys=0.00, real=0.00 secs] 
2587.780: [GC (Allocation Failure) [PSYoungGen: 72000K->1408K(72192K)] 454776K->384184K(641024K), 0.0019613 secs] [Times: user=0.01 sys=0.00, real=0.01 secs] 
2588.642: [GC (Allocation Failure) [PSYoungGen: 72064K->1376K(72192K)] 454840K->384152K(641024K), 0.0021086 secs] [Times: user=0.01 sys=0.00, real=0.00 secs] 
2589.375: [GC (Allocation Failure) [PSYoungGen: 72032K->1376K(72192K)] 454808K->384152K(641024K), 0.0037335 secs] [Times: user=0.01 sys=0.01, real=0.00 secs] 
2590.125: [GC (Allocation Failure) [PSYoungGen: 72032K->1392K(72192K)] 454808K->384168K(641024K), 0.0031996 secs] [Times: user=0.01 sys=0.00, real=0.00 secs] 
2591.602: [GC (Allocation Failure) [PSYoungGen: 72048K->1408K(72192K)] 454824K->384184K(641024K), 0.0023214 secs] [Times: user=0.01 sys=0.00, real=0.00 secs] 
2592.216: [GC (Allocation Failure) [PSYoungGen: 72064K->1376K(72192K)] 454840K->384152K(641024K), 0.0034987 secs] [Times: user=0.01 sys=0.00, real=0.00 secs] 
2593.041: [GC (Allocation Failure) [PSYoungGen: 72032K->1376K(72192K)] 454808K->384152K(641024K), 0.0042418 secs] [Times: user=0.02 sys=0.00, real=0.00 secs] 
2593.738: [GC (Allocation Failure) [PSYoungGen: 72032K->1408K(72192K)] 454808K->384200K(641024K), 0.0041538 secs] [Times: user=0.02 sys=0.00, real=0.01 secs] 
2595.232: [GC (Allocation Failure) [PSYoungGen: 72064K->1408K(72192K)] 454856K->384200K(641024K), 0.0018725 secs] [Times: user=0.01 sys=0.00, real=0.00 secs] 
2595.848: [GC (Allocation Failure) [PSYoungGen: 72064K->1376K(72192K)] 454856K->384168K(641024K), 0.0025721 secs] [Times: user=0.01 sys=0.00, real=0.00 secs] 
2596.428: [GC (Allocation Failure) [PSYoungGen: 72032K->1376K(72192K)] 454824K->384168K(641024K), 0.0028340 secs] [Times: user=0.01 sys=0.00, real=0.01 secs] 
2596.896: [GC (Allocation Failure) [PSYoungGen: 72032K->1376K(72192K)] 454824K->384168K(641024K), 0.0029068 secs] [Times: user=0.01 sys=0.00, real=0.00 secs] 
2598.166: [GC (Allocation Failure) [PSYoungGen: 72032K->1408K(72192K)] 454824K->384200K(641024K), 0.0021357 secs] [Times: user=0.01 sys=0.00, real=0.00 secs] 
2598.873: [GC (Allocation Failure) [PSYoungGen: 72064K->1360K(72192K)] 454856K->384152K(641024K), 0.0034126 secs] [Times: user=0.01 sys=0.00, real=0.00 secs] 
2599.239: [GC (Allocation Failure) [PSYoungGen: 72016K->1376K(72192K)] 454808K->384168K(641024K), 0.0031354 secs] [Times: user=0.01 sys=0.00, real=0.01 secs] 
2599.548: [GC (Allocation Failure) [PSYoungGen: 72032K->1376K(72192K)] 454824K->384168K(641024K), 0.0020482 secs] [Times: user=0.01 sys=0.00, real=0.00 secs] 
2600.626: [GC (Allocation Failure) [PSYoungGen: 72032K->1408K(72192K)] 454824K->384200K(641024K), 0.0016303 secs] [Times: user=0.01 sys=0.00, real=0.00 secs] 
2600.919: [GC (Allocation Failure) [PSYoungGen: 72064K->1376K(72192K)] 454856K->384168K(641024K), 0.0015622 secs] [Times: user=0.01 sys=0.00, real=0.00 secs] 
2601.282: [GC (Allocation Failure) [PSYoungGen: 72032K->1376K(72192K)] 454824K->384168K(641024K), 0.0018567 secs] [Times: user=0.01 sys=0.00, real=0.00 secs] 
2601.940: [GC (Allocation Failure) [PSYoungGen: 72032K->1344K(72192K)] 454824K->384136K(641024K), 0.0019171 secs] [Times: user=0.01 sys=0.00, real=0.01 secs] 
2603.317: [GC (Allocation Failure) [PSYoungGen: 72000K->1376K(72192K)] 454792K->384168K(641024K), 0.0019084 secs] [Times: user=0.01 sys=0.00, real=0.00 secs] 
2603.968: [GC (Allocation Failure) [PSYoungGen: 72032K->1344K(72192K)] 454824K->384136K(641024K), 0.0040391 secs] [Times: user=0.02 sys=0.01, real=0.01 secs] 
2604.373: [GC (Allocation Failure) [PSYoungGen: 72000K->1408K(72192K)] 454792K->384216K(641024K), 0.0023022 secs] [Times: user=0.01 sys=0.00, real=0.00 secs] 
2604.713: [GC (Allocation Failure) [PSYoungGen: 72064K->1376K(72192K)] 454872K->384184K(641024K), 0.0020834 secs] [Times: user=0.00 sys=0.00, real=0.00 secs] 
2605.974: [GC (Allocation Failure) [PSYoungGen: 72032K->1424K(72192K)] 454840K->384232K(641024K), 0.0019847 secs] [Times: user=0.01 sys=0.00, real=0.00 secs] 
2606.268: [GC (Allocation Failure) [PSYoungGen: 72080K->1376K(72192K)] 454888K->384184K(641024K), 0.0020758 secs] [Times: user=0.01 sys=0.00, real=0.00 secs] 
2606.563: [GC (Allocation Failure) [PSYoungGen: 72032K->1376K(72192K)] 454840K->384184K(641024K), 0.0019537 secs] [Times: user=0.01 sys=0.00, real=0.00 secs] 
2607.042: [GC (Allocation Failure) [PSYoungGen: 72032K->1408K(72192K)] 454840K->384216K(641024K), 0.0041256 secs] [Times: user=0.02 sys=0.00, real=0.00 secs] 
2608.480: [GC (Allocation Failure) [PSYoungGen: 72064K->1376K(72192K)] 454872K->384184K(641024K), 0.0019228 secs] [Times: user=0.01 sys=0.00, real=0.01 secs] 
2609.305: [GC (Allocation Failure) [PSYoungGen: 72032K->1376K(72192K)] 454840K->384184K(641024K), 0.0038097 secs] [Times: user=0.02 sys=0.00, real=0.00 secs] 
2609.841: [GC (Allocation Failure) [PSYoungGen: 72032K->1376K(72192K)] 454840K->384184K(641024K), 0.0036608 secs] [Times: user=0.02 sys=0.00, real=0.00 secs] 
2610.782: [GC (Allocation Failure) [PSYoungGen: 72032K->1376K(72192K)] 454840K->384184K(641024K), 0.0030999 secs] [Times: user=0.01 sys=0.00, real=0.00 secs] 
2612.425: [GC (Allocation Failure) [PSYoungGen: 72032K->1376K(72192K)] 454840K->384184K(641024K), 0.0019893 secs] [Times: user=0.01 sys=0.00, real=0.00 secs] 
2613.012: [GC (Allocation Failure) [PSYoungGen: 72032K->1408K(72192K)] 454840K->384216K(641024K), 0.0067334 secs] [Times: user=0.03 sys=0.00, real=0.00 secs] 
2613.617: [GC (Allocation Failure) [PSYoungGen: 72064K->1376K(72192K)] 454872K->384184K(641024K), 0.0028836 secs] [Times: user=0.01 sys=0.00, real=0.00 secs] 
2614.344: [GC (Allocation Failure) [PSYoungGen: 72032K->1408K(72192K)] 454840K->384232K(641024K), 0.0029374 secs] [Times: user=0.01 sys=0.00, real=0.00 secs] 
2615.950: [GC (Allocation Failure) [PSYoungGen: 72064K->1408K(72192K)] 454888K->384240K(641024K), 0.0021080 secs] [Times: user=0.01 sys=0.00, real=0.01 secs] 
2616.596: [GC (Allocation Failure) [PSYoungGen: 72064K->1376K(72192K)] 454896K->384208K(641024K), 0.0029579 secs] [Times: user=0.01 sys=0.01, real=0.00 secs] 
2616.952: [GC (Allocation Failure) [PSYoungGen: 72032K->1344K(72192K)] 454864K->384176K(641024K), 0.0021684 secs] [Times: user=0.01 sys=0.00, real=0.00 secs] 
2617.334: [GC (Allocation Failure) [PSYoungGen: 72000K->1392K(72192K)] 454832K->384224K(641024K), 0.0020786 secs] [Times: user=0.00 sys=0.00, real=0.00 secs] 
2618.669: [GC (Allocation Failure) [PSYoungGen: 72048K->1408K(72192K)] 454880K->384240K(641024K), 0.0020739 secs] [Times: user=0.01 sys=0.00, real=0.01 secs] 
2619.280: [GC (Allocation Failure) [PSYoungGen: 72064K->1376K(72192K)] 454896K->384208K(641024K), 0.0035131 secs] [Times: user=0.02 sys=0.00, real=0.01 secs] 
2620.042: [GC (Allocation Failure) [PSYoungGen: 72032K->1376K(72192K)] 454864K->384208K(641024K), 0.0030069 secs] [Times: user=0.01 sys=0.00, real=0.00 secs] 
2620.802: [GC (Allocation Failure) [PSYoungGen: 72032K->1344K(72192K)] 454864K->384176K(641024K), 0.0030085 secs] [Times: user=0.01 sys=0.00, real=0.00 secs] 
2622.471: [GC (Allocation Failure) [PSYoungGen: 72000K->1408K(72192K)] 454832K->384240K(641024K), 0.0021048 secs] [Times: user=0.00 sys=0.00, real=0.01 secs] 
2622.903: [GC (Allocation Failure) [PSYoungGen: 72064K->1344K(72192K)] 454896K->384176K(641024K), 0.0019112 secs] [Times: user=0.01 sys=0.01, real=0.00 secs] 
2623.471: [GC (Allocation Failure) [PSYoungGen: 72000K->1376K(72192K)] 454832K->384208K(641024K), 0.0076742 secs] [Times: user=0.03 sys=0.00, real=0.00 secs] 
2624.020: [GC (Allocation Failure) [PSYoungGen: 72032K->1376K(72192K)] 454864K->384216K(641024K), 0.0033820 secs] [Times: user=0.02 sys=0.00, real=0.01 secs] 
2625.364: [GC (Allocation Failure) [PSYoungGen: 72032K->1408K(72192K)] 454872K->384248K(641024K), 0.0017782 secs] [Times: user=0.00 sys=0.00, real=0.00 secs] 
2625.944: [GC (Allocation Failure) [PSYoungGen: 72064K->1408K(72192K)] 454904K->384248K(641024K), 0.0018866 secs] [Times: user=0.00 sys=0.00, real=0.00 secs] 
2626.583: [GC (Allocation Failure) [PSYoungGen: 72064K->1392K(72192K)] 454904K->384240K(641024K), 0.0040870 secs] [Times: user=0.02 sys=0.00, real=0.00 secs] 
2626.902: [GC (Allocation Failure) [PSYoungGen: 72048K->1376K(72192K)] 454896K->384224K(641024K), 0.0020067 secs] [Times: user=0.01 sys=0.00, real=0.00 secs] 
2627.935: [GC (Allocation Failure) [PSYoungGen: 72032K->1408K(72192K)] 454880K->384256K(641024K), 0.0020636 secs] [Times: user=0.01 sys=0.00, real=0.00 secs] 
2628.657: [GC (Allocation Failure) [PSYoungGen: 72064K->1376K(72192K)] 454912K->384224K(641024K), 0.0022988 secs] [Times: user=0.01 sys=0.00, real=0.00 secs] 
2629.390: [GC (Allocation Failure) [PSYoungGen: 72032K->1376K(72192K)] 454880K->384224K(641024K), 0.0023158 secs] [Times: user=0.01 sys=0.00, real=0.01 secs] 
2629.897: [GC (Allocation Failure) [PSYoungGen: 72032K->1344K(72192K)] 454880K->384192K(641024K), 0.0020261 secs] [Times: user=0.01 sys=0.00, real=0.00 secs] 
2631.229: [GC (Allocation Failure) [PSYoungGen: 72000K->1440K(72192K)] 454848K->384288K(641024K), 0.0017913 secs] [Times: user=0.01 sys=0.00, real=0.01 secs] 
2631.799: [GC (Allocation Failure) [PSYoungGen: 72096K->1376K(72192K)] 454944K->384224K(641024K), 0.0018670 secs] [Times: user=0.01 sys=0.00, real=0.01 secs] 
2632.383: [GC (Allocation Failure) [PSYoungGen: 72032K->1376K(72192K)] 454880K->384224K(641024K), 0.0018977 secs] [Times: user=0.01 sys=0.00, real=0.00 secs] 
2632.952: [GC (Allocation Failure) [PSYoungGen: 72032K->1376K(72192K)] 454880K->384224K(641024K), 0.0019515 secs] [Times: user=0.01 sys=0.00, real=0.00 secs] 
2634.262: [GC (Allocation Failure) [PSYoungGen: 72032K->1440K(72192K)] 454880K->384288K(641024K), 0.0018727 secs] [Times: user=0.01 sys=0.00, real=0.00 secs] 
2634.592: [GC (Allocation Failure) [PSYoungGen: 72096K->1376K(72192K)] 454944K->384224K(641024K), 0.0019079 secs] [Times: user=0.00 sys=0.00, real=0.00 secs] 
2634.947: [GC (Allocation Failure) [PSYoungGen: 72032K->1376K(72192K)] 454880K->384232K(641024K), 0.0020966 secs] [Times: user=0.01 sys=0.00, real=0.00 secs] 
2635.241: [GC (Allocation Failure) [PSYoungGen: 72032K->1376K(72192K)] 454888K->384232K(641024K), 0.0020320 secs] [Times: user=0.00 sys=0.00, real=0.00 secs] 
2636.383: [GC (Allocation Failure) [PSYoungGen: 72032K->1408K(72192K)] 454888K->384264K(641024K), 0.0020635 secs] [Times: user=0.00 sys=0.00, real=0.00 secs] 
2637.353: [GC (Allocation Failure) [PSYoungGen: 72064K->1376K(72192K)] 454920K->384232K(641024K), 0.0020833 secs] [Times: user=0.01 sys=0.00, real=0.00 secs] 
2638.642: [GC (Allocation Failure) [PSYoungGen: 72032K->1376K(72192K)] 454888K->384232K(641024K), 0.0027640 secs] [Times: user=0.01 sys=0.00, real=0.00 secs] 
2639.750: [GC (Allocation Failure) [PSYoungGen: 72032K->1392K(72192K)] 454888K->384248K(641024K), 0.0035524 secs] [Times: user=0.02 sys=0.00, real=0.01 secs] 
2641.635: [GC (Allocation Failure) [PSYoungGen: 72048K->1408K(72192K)] 454904K->384264K(641024K), 0.0018878 secs] [Times: user=0.00 sys=0.00, real=0.00 secs] 
2642.505: [GC (Allocation Failure) [PSYoungGen: 72064K->1440K(72192K)] 454920K->384296K(641024K), 0.0043614 secs] [Times: user=0.01 sys=0.00, real=0.00 secs] 
2643.356: [GC (Allocation Failure) [PSYoungGen: 72096K->1408K(72192K)] 454952K->384264K(641024K), 0.0042667 secs] [Times: user=0.02 sys=0.00, real=0.00 secs] 
2644.209: [GC (Allocation Failure) [PSYoungGen: 72064K->1408K(72192K)] 454920K->384264K(641024K), 0.0042958 secs] [Times: user=0.02 sys=0.00, real=0.01 secs] 
2645.624: [GC (Allocation Failure) [PSYoungGen: 72064K->1408K(72192K)] 454920K->384264K(641024K), 0.0020169 secs] [Times: user=0.01 sys=0.00, real=0.00 secs] 
2646.281: [GC (Allocation Failure) [PSYoungGen: 72064K->1392K(72192K)] 454920K->384248K(641024K), 0.0028086 secs] [Times: user=0.01 sys=0.00, real=0.00 secs] 
2646.858: [GC (Allocation Failure) [PSYoungGen: 72048K->1344K(72192K)] 454904K->384200K(641024K), 0.0028981 secs] [Times: user=0.01 sys=0.00, real=0.00 secs] 
2647.453: [GC (Allocation Failure) [PSYoungGen: 72000K->1360K(72192K)] 454856K->384224K(641024K), 0.0034220 secs] [Times: user=0.02 sys=0.00, real=0.00 secs] 
2649.127: [GC (Allocation Failure) [PSYoungGen: 72016K->1376K(72192K)] 454880K->384240K(641024K), 0.0019183 secs] [Times: user=0.01 sys=0.00, real=0.00 secs] 
2649.857: [GC (Allocation Failure) [PSYoungGen: 72032K->1376K(72192K)] 454896K->384240K(641024K), 0.0024961 secs] [Times: user=0.01 sys=0.00, real=0.00 secs] 
2650.738: [GC (Allocation Failure) [PSYoungGen: 72032K->1376K(72192K)] 454896K->384240K(641024K), 0.0027850 secs] [Times: user=0.01 sys=0.00, real=0.01 secs] 
2651.671: [GC (Allocation Failure) [PSYoungGen: 72032K->1376K(72192K)] 454896K->384240K(641024K), 0.0030570 secs] [Times: user=0.01 sys=0.00, real=0.00 secs] 
2653.216: [GC (Allocation Failure) [PSYoungGen: 72032K->1408K(72192K)] 454896K->384272K(641024K), 0.0021383 secs] [Times: user=0.01 sys=0.01, real=0.00 secs] 
2654.114: [GC (Allocation Failure) [PSYoungGen: 72064K->1344K(72192K)] 454928K->384208K(641024K), 0.0024158 secs] [Times: user=0.01 sys=0.00, real=0.00 secs] 
2655.031: [GC (Allocation Failure) [PSYoungGen: 72000K->1376K(72192K)] 454864K->384240K(641024K), 0.0027041 secs] [Times: user=0.01 sys=0.00, real=0.01 secs] 
2655.789: [GC (Allocation Failure) [PSYoungGen: 72032K->1376K(72192K)] 454896K->384240K(641024K), 0.0026568 secs] [Times: user=0.01 sys=0.01, real=0.01 secs] 
2657.029: [GC (Allocation Failure) [PSYoungGen: 72032K->1424K(72192K)] 454896K->384288K(641024K), 0.0019878 secs] [Times: user=0.01 sys=0.00, real=0.00 secs] 
2657.679: [GC (Allocation Failure) [PSYoungGen: 72080K->1360K(72192K)] 454944K->384224K(641024K), 0.0021453 secs] [Times: user=0.00 sys=0.00, real=0.01 secs] 
2658.295: [GC (Allocation Failure) [PSYoungGen: 72016K->1360K(72192K)] 454880K->384232K(641024K), 0.0021395 secs] [Times: user=0.01 sys=0.00, real=0.00 secs] 
2659.113: [GC (Allocation Failure) [PSYoungGen: 72016K->1392K(72192K)] 454888K->384264K(641024K), 0.0023532 secs] [Times: user=0.01 sys=0.00, real=0.00 secs] 
2660.593: [GC (Allocation Failure) [PSYoungGen: 72048K->1408K(72192K)] 454920K->384280K(641024K), 0.0018773 secs] [Times: user=0.00 sys=0.00, real=0.00 secs] 
2660.934: [GC (Allocation Failure) [PSYoungGen: 72064K->1312K(72192K)] 454936K->384184K(641024K), 0.0020463 secs] [Times: user=0.01 sys=0.01, real=0.00 secs] 
2661.278: [GC (Allocation Failure) [PSYoungGen: 71968K->1344K(72192K)] 454840K->384224K(641024K), 0.0021190 secs] [Times: user=0.01 sys=0.00, real=0.00 secs] 
2661.572: [GC (Allocation Failure) [PSYoungGen: 72000K->1376K(72192K)] 454880K->384264K(641024K), 0.0022828 secs] [Times: user=0.01 sys=0.00, real=0.00 secs] 
2662.617: [GC (Allocation Failure) [PSYoungGen: 72032K->1376K(72192K)] 454920K->384272K(641024K), 0.0019975 secs] [Times: user=0.01 sys=0.00, real=0.00 secs] 
2662.917: [GC (Allocation Failure) [PSYoungGen: 72032K->1360K(72192K)] 454928K->384256K(641024K), 0.0018070 secs] [Times: user=0.01 sys=0.00, real=0.00 secs] 
2663.211: [GC (Allocation Failure) [PSYoungGen: 72016K->1376K(72192K)] 454912K->384272K(641024K), 0.0019050 secs] [Times: user=0.01 sys=0.00, real=0.00 secs] 
2663.536: [GC (Allocation Failure) [PSYoungGen: 72032K->1392K(72192K)] 454928K->384288K(641024K), 0.0028160 secs] [Times: user=0.01 sys=0.00, real=0.00 secs] 
2664.737: [GC (Allocation Failure) [PSYoungGen: 72048K->1408K(72192K)] 454944K->384312K(641024K), 0.0024271 secs] [Times: user=0.01 sys=0.00, real=0.00 secs] 
2665.553: [GC (Allocation Failure) [PSYoungGen: 72064K->1312K(72192K)] 454968K->384216K(641024K), 0.0040177 secs] [Times: user=0.02 sys=0.01, real=0.00 secs] 
2666.053: [GC (Allocation Failure) [PSYoungGen: 71968K->1360K(72192K)] 454872K->384264K(641024K), 0.0034232 secs] [Times: user=0.01 sys=0.00, real=0.00 secs] 
2666.615: [GC (Allocation Failure) [PSYoungGen: 72016K->1360K(72192K)] 454920K->384264K(641024K), 0.0034207 secs] [Times: user=0.02 sys=0.00, real=0.00 secs] 
2667.924: [GC (Allocation Failure) [PSYoungGen: 72016K->1408K(72192K)] 454920K->384312K(641024K), 0.0020286 secs] [Times: user=0.01 sys=0.00, real=0.00 secs] 
2668.266: [GC (Allocation Failure) [PSYoungGen: 72064K->1376K(72192K)] 454968K->384280K(641024K), 0.0020163 secs] [Times: user=0.01 sys=0.00, real=0.00 secs] 
2668.602: [GC (Allocation Failure) [PSYoungGen: 72032K->1408K(72192K)] 454936K->384312K(641024K), 0.0029567 secs] [Times: user=0.02 sys=0.00, real=0.00 secs] 
2668.897: [GC (Allocation Failure) [PSYoungGen: 72064K->1344K(72192K)] 454968K->384248K(641024K), 0.0022618 secs] [Times: user=0.01 sys=0.00, real=0.00 secs] 
2670.801: [GC (Allocation Failure) [PSYoungGen: 72000K->1424K(72192K)] 454904K->384328K(641024K), 0.0042617 secs] [Times: user=0.01 sys=0.00, real=0.00 secs] 
2671.676: [GC (Allocation Failure) [PSYoungGen: 72080K->1408K(72192K)] 454984K->384312K(641024K), 0.0029098 secs] [Times: user=0.01 sys=0.00, real=0.00 secs] 
2672.531: [GC (Allocation Failure) [PSYoungGen: 72064K->1408K(72192K)] 454968K->384312K(641024K), 0.0037171 secs] [Times: user=0.01 sys=0.00, real=0.01 secs] 
2673.483: [GC (Allocation Failure) [PSYoungGen: 72064K->1344K(72192K)] 454968K->384248K(641024K), 0.0045319 secs] [Times: user=0.02 sys=0.00, real=0.00 secs] 
2675.049: [GC (Allocation Failure) [PSYoungGen: 72000K->1408K(72192K)] 454904K->384312K(641024K), 0.0018406 secs] [Times: user=0.01 sys=0.00, real=0.01 secs] 
2675.621: [GC (Allocation Failure) [PSYoungGen: 72064K->1408K(72192K)] 454968K->384312K(641024K), 0.0022089 secs] [Times: user=0.01 sys=0.00, real=0.00 secs] 
2676.215: [GC (Allocation Failure) [PSYoungGen: 72064K->1376K(72192K)] 454968K->384280K(641024K), 0.0041419 secs] [Times: user=0.02 sys=0.00, real=0.00 secs] 
2676.847: [GC (Allocation Failure) [PSYoungGen: 72032K->1376K(72192K)] 454936K->384288K(641024K), 0.0034952 secs] [Times: user=0.02 sys=0.00, real=0.00 secs] 
2678.095: [GC (Allocation Failure) [PSYoungGen: 72032K->1408K(72192K)] 454944K->384320K(641024K), 0.0017358 secs] [Times: user=0.00 sys=0.00, real=0.00 secs] 
2678.694: [GC (Allocation Failure) [PSYoungGen: 72064K->1376K(72192K)] 454976K->384288K(641024K), 0.0028797 secs] [Times: user=0.01 sys=0.00, real=0.00 secs] 
2679.069: [GC (Allocation Failure) [PSYoungGen: 72032K->1408K(72192K)] 454944K->384320K(641024K), 0.0033014 secs] [Times: user=0.02 sys=0.00, real=0.01 secs] 
2679.363: [GC (Allocation Failure) [PSYoungGen: 72064K->1376K(72192K)] 454976K->384288K(641024K), 0.0022414 secs] [Times: user=0.01 sys=0.00, real=0.00 secs] 
2680.890: [GC (Allocation Failure) [PSYoungGen: 72032K->1408K(72192K)] 454944K->384320K(641024K), 0.0032348 secs] [Times: user=0.01 sys=0.00, real=0.01 secs] 
2682.240: [GC (Allocation Failure) [PSYoungGen: 72064K->1344K(72192K)] 454976K->384256K(641024K), 0.0041941 secs] [Times: user=0.01 sys=0.00, real=0.01 secs] 
2682.780: [GC (Allocation Failure) [PSYoungGen: 72000K->1376K(72192K)] 454912K->384288K(641024K), 0.0021017 secs] [Times: user=0.01 sys=0.00, real=0.01 secs] 
2683.115: [GC (Allocation Failure) [PSYoungGen: 72032K->1376K(72192K)] 454944K->384288K(641024K), 0.0022151 secs] [Times: user=0.01 sys=0.00, real=0.00 secs] 
2684.338: [GC (Allocation Failure) [PSYoungGen: 72032K->1408K(72192K)] 454944K->384320K(641024K), 0.0018549 secs] [Times: user=0.01 sys=0.00, real=0.00 secs] 
2684.631: [GC (Allocation Failure) [PSYoungGen: 72064K->1376K(72192K)] 454976K->384288K(641024K), 0.0018589 secs] [Times: user=0.01 sys=0.00, real=0.00 secs] 
2684.925: [GC (Allocation Failure) [PSYoungGen: 72032K->1376K(72192K)] 454944K->384288K(641024K), 0.0018839 secs] [Times: user=0.00 sys=0.00, real=0.00 secs] 
2685.218: [GC (Allocation Failure) [PSYoungGen: 72032K->1392K(72192K)] 454944K->384320K(641024K), 0.0018157 secs] [Times: user=0.00 sys=0.00, real=0.00 secs] 
2686.178: [GC (Allocation Failure) [PSYoungGen: 72048K->1440K(72192K)] 454976K->384368K(641024K), 0.0016477 secs] [Times: user=0.01 sys=0.00, real=0.00 secs] 
2686.471: [GC (Allocation Failure) [PSYoungGen: 72096K->1344K(72192K)] 455024K->384272K(641024K), 0.0016505 secs] [Times: user=0.01 sys=0.00, real=0.00 secs] 
2686.764: [GC (Allocation Failure) [PSYoungGen: 72000K->1376K(72192K)] 454928K->384304K(641024K), 0.0019012 secs] [Times: user=0.01 sys=0.00, real=0.00 secs] 
2687.057: [GC (Allocation Failure) [PSYoungGen: 72032K->1344K(72192K)] 454960K->384272K(641024K), 0.0018469 secs] [Times: user=0.00 sys=0.00, real=0.00 secs] 
2688.321: [GC (Allocation Failure) [PSYoungGen: 72000K->1424K(72192K)] 454928K->384352K(641024K), 0.0021947 secs] [Times: user=0.01 sys=0.00, real=0.00 secs] 
2689.547: [GC (Allocation Failure) [PSYoungGen: 72080K->1344K(72192K)] 455008K->384272K(641024K), 0.0044751 secs] [Times: user=0.01 sys=0.00, real=0.01 secs] 
2690.448: [GC (Allocation Failure) [PSYoungGen: 72000K->1408K(72192K)] 454928K->384336K(641024K), 0.0034991 secs] [Times: user=0.01 sys=0.00, real=0.01 secs] 
2691.388: [GC (Allocation Failure) [PSYoungGen: 72064K->1376K(72192K)] 454992K->384304K(641024K), 0.0042057 secs] [Times: user=0.02 sys=0.00, real=0.01 secs] 
2693.111: [GC (Allocation Failure) [PSYoungGen: 72032K->1392K(72192K)] 454960K->384320K(641024K), 0.0019374 secs] [Times: user=0.01 sys=0.00, real=0.00 secs] 
2694.018: [GC (Allocation Failure) [PSYoungGen: 72048K->1376K(72192K)] 454976K->384304K(641024K), 0.0042119 secs] [Times: user=0.02 sys=0.00, real=0.01 secs] 
2694.621: [GC (Allocation Failure) [PSYoungGen: 72032K->1392K(72192K)] 454960K->384320K(641024K), 0.0029438 secs] [Times: user=0.01 sys=0.00, real=0.00 secs] 
2695.403: [GC (Allocation Failure) [PSYoungGen: 72048K->1376K(72192K)] 454976K->384312K(641024K), 0.0025890 secs] [Times: user=0.01 sys=0.00, real=0.00 secs] 
2697.623: [GC (Allocation Failure) [PSYoungGen: 72032K->1408K(72192K)] 454968K->384344K(641024K), 0.0044400 secs] [Times: user=0.02 sys=0.00, real=0.00 secs] 
2698.791: [GC (Allocation Failure) [PSYoungGen: 72064K->1376K(72192K)] 455000K->384312K(641024K), 0.0042579 secs] [Times: user=0.02 sys=0.00, real=0.00 secs] 
2699.720: [GC (Allocation Failure) [PSYoungGen: 72032K->1408K(72192K)] 454968K->384344K(641024K), 0.0044306 secs] [Times: user=0.02 sys=0.00, real=0.01 secs] 
2700.646: [GC (Allocation Failure) [PSYoungGen: 72064K->1344K(72192K)] 455000K->384280K(641024K), 0.0043571 secs] [Times: user=0.02 sys=0.00, real=0.00 secs] 
2702.118: [GC (Allocation Failure) [PSYoungGen: 72000K->1440K(72192K)] 454936K->384376K(641024K), 0.0018888 secs] [Times: user=0.01 sys=0.00, real=0.00 secs] 
2702.590: [GC (Allocation Failure) [PSYoungGen: 72096K->1408K(72192K)] 455032K->384344K(641024K), 0.0021240 secs] [Times: user=0.01 sys=0.00, real=0.01 secs] 
2702.886: [GC (Allocation Failure) [PSYoungGen: 72064K->1344K(72192K)] 455000K->384280K(641024K), 0.0032758 secs] [Times: user=0.01 sys=0.00, real=0.00 secs] 
2703.180: [GC (Allocation Failure) [PSYoungGen: 72000K->1408K(72192K)] 454936K->384344K(641024K), 0.0020939 secs] [Times: user=0.01 sys=0.00, real=0.01 secs] 
2704.737: [GC (Allocation Failure) [PSYoungGen: 72064K->1408K(72192K)] 455000K->384344K(641024K), 0.0024589 secs] [Times: user=0.01 sys=0.00, real=0.00 secs] 
2705.557: [GC (Allocation Failure) [PSYoungGen: 72064K->1312K(72192K)] 455000K->384248K(641024K), 0.0073108 secs] [Times: user=0.04 sys=0.00, real=0.01 secs] 
2706.723: [GC (Allocation Failure) [PSYoungGen: 71968K->1376K(72192K)] 454904K->384312K(641024K), 0.0040799 secs] [Times: user=0.01 sys=0.00, real=0.00 secs] 
2707.580: [GC (Allocation Failure) [PSYoungGen: 72032K->1344K(72192K)] 454968K->384280K(641024K), 0.0032897 secs] [Times: user=0.01 sys=0.00, real=0.01 secs] 
2709.168: [GC (Allocation Failure) [PSYoungGen: 72000K->1408K(72192K)] 454936K->384352K(641024K), 0.0019942 secs] [Times: user=0.01 sys=0.00, real=0.00 secs] 
2709.524: [GC (Allocation Failure) [PSYoungGen: 72064K->1376K(72192K)] 455008K->384320K(641024K), 0.0020083 secs] [Times: user=0.01 sys=0.00, real=0.00 secs] 
2709.852: [GC (Allocation Failure) [PSYoungGen: 72032K->1376K(72192K)] 454976K->384320K(641024K), 0.0019397 secs] [Times: user=0.01 sys=0.00, real=0.00 secs] 
2710.147: [GC (Allocation Failure) [PSYoungGen: 72032K->1376K(72192K)] 454976K->384320K(641024K), 0.0020903 secs] [Times: user=0.01 sys=0.00, real=0.00 secs] 
2711.353: [GC (Allocation Failure) [PSYoungGen: 72032K->1392K(72192K)] 454976K->384336K(641024K), 0.0019480 secs] [Times: user=0.01 sys=0.00, real=0.00 secs] 
2712.055: [GC (Allocation Failure) [PSYoungGen: 72048K->1408K(72192K)] 454992K->384352K(641024K), 0.0033370 secs] [Times: user=0.02 sys=0.00, real=0.00 secs] 
2712.771: [GC (Allocation Failure) [PSYoungGen: 72064K->1376K(72192K)] 455008K->384320K(641024K), 0.0041761 secs] [Times: user=0.02 sys=0.00, real=0.01 secs] 
2713.352: [GC (Allocation Failure) [PSYoungGen: 72032K->1376K(72192K)] 454976K->384320K(641024K), 0.0025460 secs] [Times: user=0.01 sys=0.00, real=0.00 secs] 
2714.643: [GC (Allocation Failure) [PSYoungGen: 72032K->1408K(72192K)] 454976K->384352K(641024K), 0.0019333 secs] [Times: user=0.01 sys=0.00, real=0.00 secs] 
2715.526: [GC (Allocation Failure) [PSYoungGen: 72064K->1312K(72192K)] 455008K->384256K(641024K), 0.0040423 secs] [Times: user=0.02 sys=0.00, real=0.00 secs] 
2716.669: [GC (Allocation Failure) [PSYoungGen: 71968K->1376K(72192K)] 454912K->384320K(641024K), 0.0051300 secs] [Times: user=0.02 sys=0.00, real=0.01 secs] 
2717.391: [GC (Allocation Failure) [PSYoungGen: 72032K->1376K(72192K)] 454976K->384328K(641024K), 0.0033671 secs] [Times: user=0.02 sys=0.00, real=0.00 secs] 
2719.158: [GC (Allocation Failure) [PSYoungGen: 72032K->1408K(72192K)] 454984K->384360K(641024K), 0.0044812 secs] [Times: user=0.02 sys=0.00, real=0.01 secs] 
2719.912: [GC (Allocation Failure) [PSYoungGen: 72064K->1376K(72192K)] 455016K->384328K(641024K), 0.0034743 secs] [Times: user=0.02 sys=0.00, real=0.00 secs] 
2720.482: [GC (Allocation Failure) [PSYoungGen: 72032K->1376K(72192K)] 454984K->384328K(641024K), 0.0029441 secs] [Times: user=0.01 sys=0.00, real=0.00 secs] 
2720.956: [GC (Allocation Failure) [PSYoungGen: 72032K->1376K(72192K)] 454984K->384328K(641024K), 0.0029474 secs] [Times: user=0.01 sys=0.00, real=0.00 secs] 
2722.703: [GC (Allocation Failure) [PSYoungGen: 72032K->1440K(72192K)] 454984K->384392K(641024K), 0.0040991 secs] [Times: user=0.01 sys=0.00, real=0.00 secs] 
2723.316: [GC (Allocation Failure) [PSYoungGen: 72096K->1376K(72192K)] 455048K->384328K(641024K), 0.0033360 secs] [Times: user=0.02 sys=0.00, real=0.00 secs] 
2724.102: [GC (Allocation Failure) [PSYoungGen: 72032K->1408K(72192K)] 454984K->384360K(641024K), 0.0032851 secs] [Times: user=0.02 sys=0.00, real=0.00 secs] 
2724.766: [GC (Allocation Failure) [PSYoungGen: 72064K->1392K(72192K)] 455016K->384344K(641024K), 0.0029226 secs] [Times: user=0.01 sys=0.00, real=0.00 secs] 
2726.287: [GC (Allocation Failure) [PSYoungGen: 72048K->1408K(72192K)] 455000K->384360K(641024K), 0.0019059 secs] [Times: user=0.01 sys=0.00, real=0.00 secs] 
2727.065: [GC (Allocation Failure) [PSYoungGen: 72064K->1408K(72192K)] 455016K->384360K(641024K), 0.0019206 secs] [Times: user=0.01 sys=0.00, real=0.00 secs] 
2727.988: [GC (Allocation Failure) [PSYoungGen: 72064K->1376K(72192K)] 455016K->384328K(641024K), 0.0024830 secs] [Times: user=0.01 sys=0.00, real=0.00 secs] 
2728.860: [GC (Allocation Failure) [PSYoungGen: 72032K->1408K(72192K)] 454984K->384368K(641024K), 0.0027569 secs] [Times: user=0.01 sys=0.00, real=0.01 secs] 
2730.284: [GC (Allocation Failure) [PSYoungGen: 72064K->1424K(72192K)] 455024K->384384K(641024K), 0.0021914 secs] [Times: user=0.00 sys=0.00, real=0.00 secs] 
2730.768: [GC (Allocation Failure) [PSYoungGen: 72080K->1392K(72192K)] 455040K->384352K(641024K), 0.0021081 secs] [Times: user=0.01 sys=0.00, real=0.00 secs] 
2731.127: [GC (Allocation Failure) [PSYoungGen: 72048K->1376K(72192K)] 455008K->384336K(641024K), 0.0020283 secs] [Times: user=0.01 sys=0.01, real=0.00 secs] 
2731.429: [GC (Allocation Failure) [PSYoungGen: 72032K->1376K(72192K)] 454992K->384336K(641024K), 0.0022167 secs] [Times: user=0.01 sys=0.00, real=0.01 secs] 
2733.433: [GC (Allocation Failure) [PSYoungGen: 72032K->1472K(72192K)] 454992K->384432K(641024K), 0.0042652 secs] [Times: user=0.02 sys=0.00, real=0.00 secs] 
2734.168: [GC (Allocation Failure) [PSYoungGen: 72128K->1408K(72192K)] 455088K->384368K(641024K), 0.0029545 secs] [Times: user=0.01 sys=0.00, real=0.01 secs] 
2734.750: [GC (Allocation Failure) [PSYoungGen: 72064K->1408K(72192K)] 455024K->384368K(641024K), 0.0033100 secs] [Times: user=0.01 sys=0.00, real=0.01 secs] 
2735.375: [GC (Allocation Failure) [PSYoungGen: 72064K->1376K(72192K)] 455024K->384336K(641024K), 0.0045537 secs] [Times: user=0.02 sys=0.00, real=0.00 secs] 
2737.639: [GC (Allocation Failure) [PSYoungGen: 72032K->1376K(72192K)] 454992K->384336K(641024K), 0.0044166 secs] [Times: user=0.02 sys=0.00, real=0.01 secs] 
2738.565: [GC (Allocation Failure) [PSYoungGen: 72032K->1376K(72192K)] 454992K->384344K(641024K), 0.0034945 secs] [Times: user=0.01 sys=0.00, real=0.00 secs] 
2739.251: [GC (Allocation Failure) [PSYoungGen: 72032K->1376K(72192K)] 455000K->384344K(641024K), 0.0027677 secs] [Times: user=0.01 sys=0.00, real=0.00 secs] 
2739.817: [GC (Allocation Failure) [PSYoungGen: 72032K->1408K(72192K)] 455000K->384376K(641024K), 0.0027944 secs] [Times: user=0.02 sys=0.00, real=0.00 secs] 
2741.269: [GC (Allocation Failure) [PSYoungGen: 72064K->1408K(72192K)] 455032K->384376K(641024K), 0.0031536 secs] [Times: user=0.01 sys=0.00, real=0.01 secs] 
2742.007: [GC (Allocation Failure) [PSYoungGen: 72064K->1344K(72192K)] 455032K->384312K(641024K), 0.0036668 secs] [Times: user=0.02 sys=0.00, real=0.01 secs] 
2742.695: [GC (Allocation Failure) [PSYoungGen: 72000K->1408K(72192K)] 454968K->384376K(641024K), 0.0033089 secs] [Times: user=0.01 sys=0.00, real=0.00 secs] 
2743.045: [GC (Allocation Failure) [PSYoungGen: 72064K->1376K(72192K)] 455032K->384344K(641024K), 0.0020903 secs] [Times: user=0.01 sys=0.00, real=0.00 secs] 
2744.244: [GC (Allocation Failure) [PSYoungGen: 72032K->1408K(72192K)] 455000K->384376K(641024K), 0.0023771 secs] [Times: user=0.01 sys=0.00, real=0.00 secs] 
2744.716: [GC (Allocation Failure) [PSYoungGen: 72064K->1376K(72192K)] 455032K->384344K(641024K), 0.0021022 secs] [Times: user=0.01 sys=0.00, real=0.00 secs] 
2745.032: [GC (Allocation Failure) [PSYoungGen: 72032K->1376K(72192K)] 455000K->384344K(641024K), 0.0020618 secs] [Times: user=0.01 sys=0.00, real=0.00 secs] 
2745.404: [GC (Allocation Failure) [PSYoungGen: 72032K->1376K(72192K)] 455000K->384344K(641024K), 0.0020744 secs] [Times: user=0.01 sys=0.00, real=0.00 secs] 
2746.813: [GC (Allocation Failure) [PSYoungGen: 72032K->1408K(72192K)] 455000K->384392K(641024K), 0.0018629 secs] [Times: user=0.00 sys=0.00, real=0.00 secs] 
2747.106: [GC (Allocation Failure) [PSYoungGen: 72064K->1376K(72192K)] 455048K->384360K(641024K), 0.0018701 secs] [Times: user=0.01 sys=0.00, real=0.00 secs] 
2747.400: [GC (Allocation Failure) [PSYoungGen: 72032K->1360K(72192K)] 455016K->384344K(641024K), 0.0018689 secs] [Times: user=0.01 sys=0.00, real=0.01 secs] 
2747.694: [GC (Allocation Failure) [PSYoungGen: 72016K->1376K(72192K)] 455000K->384360K(641024K), 0.0019102 secs] [Times: user=0.01 sys=0.00, real=0.00 secs] 
2749.211: [GC (Allocation Failure) [PSYoungGen: 72032K->1440K(72192K)] 455016K->384424K(641024K), 0.0022682 secs] [Times: user=0.01 sys=0.00, real=0.01 secs] 
2749.871: [GC (Allocation Failure) [PSYoungGen: 72096K->1376K(72192K)] 455080K->384360K(641024K), 0.0028083 secs] [Times: user=0.01 sys=0.00, real=0.01 secs] 
2750.595: [GC (Allocation Failure) [PSYoungGen: 72032K->1408K(72192K)] 455016K->384392K(641024K), 0.0029451 secs] [Times: user=0.01 sys=0.00, real=0.00 secs] 
2751.330: [GC (Allocation Failure) [PSYoungGen: 72064K->1392K(72192K)] 455048K->384376K(641024K), 0.0029185 secs] [Times: user=0.01 sys=0.00, real=0.01 secs] 
2752.731: [GC (Allocation Failure) [PSYoungGen: 72048K->1408K(72192K)] 455032K->384392K(641024K), 0.0017545 secs] [Times: user=0.01 sys=0.00, real=0.00 secs] 
2753.124: [GC (Allocation Failure) [PSYoungGen: 72064K->1376K(72192K)] 455048K->384360K(641024K), 0.0018611 secs] [Times: user=0.01 sys=0.00, real=0.00 secs] 
2753.676: [GC (Allocation Failure) [PSYoungGen: 72032K->1376K(72192K)] 455016K->384360K(641024K), 0.0037840 secs] [Times: user=0.02 sys=0.00, real=0.00 secs] 
2754.262: [GC (Allocation Failure) [PSYoungGen: 72032K->1376K(72192K)] 455016K->384368K(641024K), 0.0028862 secs] [Times: user=0.01 sys=0.00, real=0.00 secs] 
2755.806: [GC (Allocation Failure) [PSYoungGen: 72032K->1408K(72192K)] 455024K->384400K(641024K), 0.0023128 secs] [Times: user=0.01 sys=0.00, real=0.00 secs] 
2756.516: [GC (Allocation Failure) [PSYoungGen: 72064K->1344K(72192K)] 455056K->384336K(641024K), 0.0030040 secs] [Times: user=0.01 sys=0.00, real=0.00 secs] 
2757.280: [GC (Allocation Failure) [PSYoungGen: 72000K->1376K(72192K)] 454992K->384368K(641024K), 0.0041740 secs] [Times: user=0.01 sys=0.00, real=0.01 secs] 
2758.038: [GC (Allocation Failure) [PSYoungGen: 72032K->1408K(72192K)] 455024K->384400K(641024K), 0.0041308 secs] [Times: user=0.01 sys=0.00, real=0.01 secs] 
2759.616: [GC (Allocation Failure) [PSYoungGen: 72064K->1408K(72192K)] 455056K->384400K(641024K), 0.0016861 secs] [Times: user=0.00 sys=0.00, real=0.00 secs] 
2759.908: [GC (Allocation Failure) [PSYoungGen: 72064K->1408K(72192K)] 455056K->384400K(641024K), 0.0016481 secs] [Times: user=0.01 sys=0.00, real=0.00 secs] 
2760.592: [GC (Allocation Failure) [PSYoungGen: 72064K->1344K(72192K)] 455056K->384336K(641024K), 0.0029007 secs] [Times: user=0.01 sys=0.00, real=0.00 secs] 
2761.225: [GC (Allocation Failure) [PSYoungGen: 72000K->1344K(72192K)] 454992K->384336K(641024K), 0.0037448 secs] [Times: user=0.02 sys=0.00, real=0.00 secs] 
2762.693: [GC (Allocation Failure) [PSYoungGen: 72000K->1408K(72192K)] 454992K->384400K(641024K), 0.0027945 secs] [Times: user=0.01 sys=0.00, real=0.00 secs] 
2763.307: [GC (Allocation Failure) [PSYoungGen: 72064K->1440K(72192K)] 455056K->384432K(641024K), 0.0032426 secs] [Times: user=0.01 sys=0.00, real=0.00 secs] 
2763.745: [GC (Allocation Failure) [PSYoungGen: 72096K->1440K(72192K)] 455088K->384432K(641024K), 0.0026835 secs] [Times: user=0.01 sys=0.00, real=0.00 secs] 
2764.149: [GC (Allocation Failure) [PSYoungGen: 72096K->1344K(72192K)] 455088K->384336K(641024K), 0.0025838 secs] [Times: user=0.01 sys=0.00, real=0.01 secs] 
2765.418: [GC (Allocation Failure) [PSYoungGen: 72000K->1456K(72192K)] 454992K->384448K(641024K), 0.0017375 secs] [Times: user=0.01 sys=0.00, real=0.00 secs] 
2765.789: [GC (Allocation Failure) [PSYoungGen: 72112K->1344K(72192K)] 455104K->384344K(641024K), 0.0017502 secs] [Times: user=0.01 sys=0.00, real=0.00 secs] 
2766.194: [GC (Allocation Failure) [PSYoungGen: 72000K->1376K(72192K)] 455000K->384376K(641024K), 0.0022226 secs] [Times: user=0.01 sys=0.00, real=0.00 secs] 
2766.747: [GC (Allocation Failure) [PSYoungGen: 72032K->1392K(72192K)] 455032K->384392K(641024K), 0.0034256 secs] [Times: user=0.01 sys=0.00, real=0.00 secs] 
2768.025: [GC (Allocation Failure) [PSYoungGen: 72048K->1440K(72192K)] 455048K->384440K(641024K), 0.0021077 secs] [Times: user=0.01 sys=0.00, real=0.00 secs] 
2768.338: [GC (Allocation Failure) [PSYoungGen: 72096K->1376K(72192K)] 455096K->384376K(641024K), 0.0021190 secs] [Times: user=0.00 sys=0.00, real=0.00 secs] 
2768.778: [GC (Allocation Failure) [PSYoungGen: 72032K->1344K(72192K)] 455032K->384344K(641024K), 0.0020747 secs] [Times: user=0.01 sys=0.00, real=0.00 secs] 
2769.394: [GC (Allocation Failure) [PSYoungGen: 72000K->1376K(72192K)] 455000K->384376K(641024K), 0.0023821 secs] [Times: user=0.01 sys=0.00, real=0.00 secs] 
2770.810: [GC (Allocation Failure) [PSYoungGen: 72032K->1376K(72192K)] 455032K->384376K(641024K), 0.0021164 secs] [Times: user=0.01 sys=0.00, real=0.01 secs] 
2771.174: [GC (Allocation Failure) [PSYoungGen: 72032K->1376K(72192K)] 455032K->384376K(641024K), 0.0021649 secs] [Times: user=0.01 sys=0.00, real=0.00 secs] 
2771.501: [GC (Allocation Failure) [PSYoungGen: 72032K->1376K(72192K)] 455032K->384376K(641024K), 0.0021169 secs] [Times: user=0.01 sys=0.00, real=0.00 secs] 
2772.313: [GC (Allocation Failure) [PSYoungGen: 72032K->1376K(72192K)] 455032K->384376K(641024K), 0.0021533 secs] [Times: user=0.01 sys=0.00, real=0.00 secs] 
2773.814: [GC (Allocation Failure) [PSYoungGen: 72032K->1440K(72192K)] 455032K->384440K(641024K), 0.0020209 secs] [Times: user=0.00 sys=0.00, real=0.00 secs] 
2774.220: [GC (Allocation Failure) [PSYoungGen: 72096K->1376K(72192K)] 455096K->384384K(641024K), 0.0019583 secs] [Times: user=0.00 sys=0.00, real=0.01 secs] 
2774.826: [GC (Allocation Failure) [PSYoungGen: 72032K->1344K(72192K)] 455040K->384352K(641024K), 0.0025821 secs] [Times: user=0.01 sys=0.00, real=0.00 secs] 
2775.435: [GC (Allocation Failure) [PSYoungGen: 72000K->1344K(72192K)] 455008K->384352K(641024K), 0.0024716 secs] [Times: user=0.01 sys=0.00, real=0.00 secs] 
2776.867: [GC (Allocation Failure) [PSYoungGen: 72000K->1376K(72192K)] 455008K->384384K(641024K), 0.0016230 secs] [Times: user=0.01 sys=0.00, real=0.00 secs] 
2777.160: [GC (Allocation Failure) [PSYoungGen: 72032K->1376K(72192K)] 455040K->384384K(641024K), 0.0015719 secs] [Times: user=0.00 sys=0.00, real=0.01 secs] 
2777.452: [GC (Allocation Failure) [PSYoungGen: 72032K->1376K(72192K)] 455040K->384384K(641024K), 0.0015403 secs] [Times: user=0.00 sys=0.00, real=0.00 secs] 
2777.745: [GC (Allocation Failure) [PSYoungGen: 72032K->1376K(72192K)] 455040K->384392K(641024K), 0.0022852 secs] [Times: user=0.01 sys=0.00, real=0.00 secs] 
2778.858: [GC (Allocation Failure) [PSYoungGen: 72032K->1408K(72192K)] 455048K->384424K(641024K), 0.0018023 secs] [Times: user=0.01 sys=0.00, real=0.00 secs] 
2779.480: [GC (Allocation Failure) [PSYoungGen: 72064K->1376K(72192K)] 455080K->384392K(641024K), 0.0018383 secs] [Times: user=0.01 sys=0.00, real=0.01 secs] 
2780.237: [GC (Allocation Failure) [PSYoungGen: 72032K->1376K(72192K)] 455048K->384400K(641024K), 0.0025855 secs] [Times: user=0.01 sys=0.00, real=0.00 secs] 
2781.047: [GC (Allocation Failure) [PSYoungGen: 72032K->1360K(72192K)] 455056K->384392K(641024K), 0.0041041 secs] [Times: user=0.01 sys=0.00, real=0.01 secs] 
2782.533: [GC (Allocation Failure) [PSYoungGen: 72016K->1408K(72192K)] 455048K->384440K(641024K), 0.0017723 secs] [Times: user=0.01 sys=0.00, real=0.00 secs] 
2783.388: [GC (Allocation Failure) [PSYoungGen: 72064K->1376K(72192K)] 455096K->384408K(641024K), 0.0040950 secs] [Times: user=0.01 sys=0.00, real=0.01 secs] 
2783.914: [GC (Allocation Failure) [PSYoungGen: 72032K->1376K(72192K)] 455064K->384408K(641024K), 0.0029869 secs] [Times: user=0.01 sys=0.00, real=0.00 secs] 
2784.207: [GC (Allocation Failure) [PSYoungGen: 72032K->1376K(72192K)] 455064K->384424K(641024K), 0.0020100 secs] [Times: user=0.01 sys=0.01, real=0.00 secs] 
2785.253: [GC (Allocation Failure) [PSYoungGen: 72032K->1408K(72192K)] 455080K->384456K(641024K), 0.0018243 secs] [Times: user=0.01 sys=0.00, real=0.00 secs] 
2785.794: [GC (Allocation Failure) [PSYoungGen: 72064K->1376K(72192K)] 455112K->384424K(641024K), 0.0024123 secs] [Times: user=0.01 sys=0.00, real=0.00 secs] 
2786.236: [GC (Allocation Failure) [PSYoungGen: 72032K->1344K(72192K)] 455080K->384392K(641024K), 0.0021545 secs] [Times: user=0.01 sys=0.00, real=0.00 secs] 
2786.529: [GC (Allocation Failure) [PSYoungGen: 72000K->1376K(72192K)] 455048K->384424K(641024K), 0.0022414 secs] [Times: user=0.01 sys=0.00, real=0.01 secs] 
2787.657: [GC (Allocation Failure) [PSYoungGen: 72032K->1440K(72192K)] 455080K->384488K(641024K), 0.0018743 secs] [Times: user=0.00 sys=0.00, real=0.00 secs] 
2788.438: [GC (Allocation Failure) [PSYoungGen: 72096K->1376K(72192K)] 455144K->384424K(641024K), 0.0040836 secs] [Times: user=0.01 sys=0.00, real=0.01 secs] 
2788.824: [GC (Allocation Failure) [PSYoungGen: 72032K->1408K(72192K)] 455080K->384456K(641024K), 0.0022003 secs] [Times: user=0.01 sys=0.00, real=0.00 secs] 
2789.118: [GC (Allocation Failure) [PSYoungGen: 72064K->1408K(72192K)] 455112K->384456K(641024K), 0.0020728 secs] [Times: user=0.01 sys=0.00, real=0.00 secs] 
2790.156: [GC (Allocation Failure) [PSYoungGen: 72064K->1408K(72192K)] 455112K->384456K(641024K), 0.0017730 secs] [Times: user=0.01 sys=0.00, real=0.00 secs] 
2790.788: [GC (Allocation Failure) [PSYoungGen: 72064K->1376K(72192K)] 455112K->384424K(641024K), 0.0019917 secs] [Times: user=0.01 sys=0.00, real=0.00 secs] 
2791.256: [GC (Allocation Failure) [PSYoungGen: 72032K->1376K(72192K)] 455080K->384424K(641024K), 0.0021066 secs] [Times: user=0.01 sys=0.00, real=0.00 secs] 
2791.550: [GC (Allocation Failure) [PSYoungGen: 72032K->1376K(72192K)] 455080K->384424K(641024K), 0.0020419 secs] [Times: user=0.01 sys=0.00, real=0.01 secs] 
2792.949: [GC (Allocation Failure) [PSYoungGen: 72032K->1408K(72192K)] 455080K->384456K(641024K), 0.0021779 secs] [Times: user=0.01 sys=0.00, real=0.01 secs] 
2794.027: [GC (Allocation Failure) [PSYoungGen: 72064K->1376K(72192K)] 455112K->384432K(641024K), 0.0041901 secs] [Times: user=0.02 sys=0.00, real=0.01 secs] 
2794.852: [GC (Allocation Failure) [PSYoungGen: 72032K->1376K(72192K)] 455088K->384432K(641024K), 0.0041327 secs] [Times: user=0.02 sys=0.00, real=0.00 secs] 
2795.520: [GC (Allocation Failure) [PSYoungGen: 72032K->1344K(72192K)] 455088K->384400K(641024K), 0.0028628 secs] [Times: user=0.01 sys=0.00, real=0.01 secs] 
2797.464: [GC (Allocation Failure) [PSYoungGen: 72000K->1408K(72192K)] 455056K->384464K(641024K), 0.0021385 secs] [Times: user=0.00 sys=0.00, real=0.00 secs] 
2797.758: [GC (Allocation Failure) [PSYoungGen: 72064K->1344K(72192K)] 455120K->384400K(641024K), 0.0022338 secs] [Times: user=0.01 sys=0.00, real=0.00 secs] 
2798.120: [GC (Allocation Failure) [PSYoungGen: 72000K->1376K(72192K)] 455056K->384432K(641024K), 0.0028167 secs] [Times: user=0.01 sys=0.00, real=0.01 secs] 
2798.425: [GC (Allocation Failure) [PSYoungGen: 72032K->1376K(72192K)] 455088K->384432K(641024K), 0.0019699 secs] [Times: user=0.01 sys=0.00, real=0.00 secs] 
2799.558: [GC (Allocation Failure) [PSYoungGen: 72032K->1440K(72192K)] 455088K->384496K(641024K), 0.0017982 secs] [Times: user=0.01 sys=0.00, real=0.00 secs] 
2800.100: [GC (Allocation Failure) [PSYoungGen: 72096K->1360K(72192K)] 455152K->384416K(641024K), 0.0042640 secs] [Times: user=0.02 sys=0.00, real=0.01 secs] 
2800.731: [GC (Allocation Failure) [PSYoungGen: 72016K->1376K(72192K)] 455072K->384432K(641024K), 0.0032776 secs] [Times: user=0.01 sys=0.00, real=0.00 secs] 
2801.369: [GC (Allocation Failure) [PSYoungGen: 72032K->1344K(72192K)] 455088K->384400K(641024K), 0.0032345 secs] [Times: user=0.01 sys=0.00, real=0.01 secs] 
2802.774: [GC (Allocation Failure) [PSYoungGen: 72000K->1424K(72192K)] 455056K->384480K(641024K), 0.0017953 secs] [Times: user=0.01 sys=0.00, real=0.00 secs] 
2803.230: [GC (Allocation Failure) [PSYoungGen: 72080K->1344K(72192K)] 455136K->384400K(641024K), 0.0018366 secs] [Times: user=0.00 sys=0.00, real=0.01 secs] 
2803.523: [GC (Allocation Failure) [PSYoungGen: 72000K->1376K(72192K)] 455056K->384432K(641024K), 0.0018224 secs] [Times: user=0.01 sys=0.00, real=0.00 secs] 
2803.852: [GC (Allocation Failure) [PSYoungGen: 72032K->1376K(72192K)] 455088K->384432K(641024K), 0.0018042 secs] [Times: user=0.01 sys=0.00, real=0.00 secs] 
2805.086: [GC (Allocation Failure) [PSYoungGen: 72032K->1408K(72192K)] 455088K->384480K(641024K), 0.0016176 secs] [Times: user=0.01 sys=0.00, real=0.00 secs] 
2805.542: [GC (Allocation Failure) [PSYoungGen: 72064K->1408K(72192K)] 455136K->384480K(641024K), 0.0018084 secs] [Times: user=0.00 sys=0.00, real=0.00 secs] 
2805.975: [GC (Allocation Failure) [PSYoungGen: 72064K->1344K(72192K)] 455136K->384416K(641024K), 0.0024598 secs] [Times: user=0.01 sys=0.00, real=0.00 secs] 
2806.503: [GC (Allocation Failure) [PSYoungGen: 72000K->1344K(72192K)] 455072K->384424K(641024K), 0.0023111 secs] [Times: user=0.01 sys=0.00, real=0.00 secs] 
2807.795: [GC (Allocation Failure) [PSYoungGen: 72000K->1408K(72192K)] 455080K->384488K(641024K), 0.0019040 secs] [Times: user=0.01 sys=0.00, real=0.00 secs] 
2808.131: [GC (Allocation Failure) [PSYoungGen: 72064K->1376K(72192K)] 455144K->384456K(641024K), 0.0021283 secs] [Times: user=0.01 sys=0.00, real=0.00 secs] 
2808.706: [GC (Allocation Failure) [PSYoungGen: 72032K->1376K(72192K)] 455112K->384456K(641024K), 0.0022486 secs] [Times: user=0.01 sys=0.00, real=0.00 secs] 
2809.263: [GC (Allocation Failure) [PSYoungGen: 72032K->1376K(72192K)] 455112K->384456K(641024K), 0.0034975 secs] [Times: user=0.01 sys=0.00, real=0.00 secs] 
2810.483: [GC (Allocation Failure) [PSYoungGen: 72032K->1440K(72192K)] 455112K->384520K(641024K), 0.0017642 secs] [Times: user=0.01 sys=0.00, real=0.00 secs] 
2810.810: [GC (Allocation Failure) [PSYoungGen: 72096K->1344K(72192K)] 455176K->384424K(641024K), 0.0019047 secs] [Times: user=0.01 sys=0.00, real=0.01 secs] 
2811.353: [GC (Allocation Failure) [PSYoungGen: 72000K->1408K(72192K)] 455080K->384488K(641024K), 0.0042811 secs] [Times: user=0.02 sys=0.00, real=0.00 secs] 
2812.007: [GC (Allocation Failure) [PSYoungGen: 72064K->1376K(72192K)] 455144K->384456K(641024K), 0.0034422 secs] [Times: user=0.02 sys=0.00, real=0.01 secs] 
2814.123: [GC (Allocation Failure) [PSYoungGen: 72032K->1440K(72192K)] 455112K->384520K(641024K), 0.0044973 secs] [Times: user=0.02 sys=0.00, real=0.00 secs] 
2815.330: [GC (Allocation Failure) [PSYoungGen: 72096K->1408K(72192K)] 455176K->384488K(641024K), 0.0032261 secs] [Times: user=0.01 sys=0.00, real=0.01 secs] 
2815.940: [GC (Allocation Failure) [PSYoungGen: 72064K->1440K(72192K)] 455144K->384528K(641024K), 0.0024224 secs] [Times: user=0.01 sys=0.00, real=0.01 secs] 
2816.375: [GC (Allocation Failure) [PSYoungGen: 72096K->1376K(72192K)] 455184K->384464K(641024K), 0.0028844 secs] [Times: user=0.01 sys=0.00, real=0.00 secs] 
2818.066: [GC (Allocation Failure) [PSYoungGen: 72032K->1408K(72192K)] 455120K->384496K(641024K), 0.0023313 secs] [Times: user=0.01 sys=0.00, real=0.00 secs] 
2819.132: [GC (Allocation Failure) [PSYoungGen: 72064K->1376K(72192K)] 455152K->384464K(641024K), 0.0040517 secs] [Times: user=0.02 sys=0.00, real=0.00 secs] 
2819.643: [GC (Allocation Failure) [PSYoungGen: 72032K->1376K(72192K)] 455120K->384464K(641024K), 0.0022953 secs] [Times: user=0.01 sys=0.00, real=0.00 secs] 
2819.937: [GC (Allocation Failure) [PSYoungGen: 72032K->1376K(72192K)] 455120K->384464K(641024K), 0.0021999 secs] [Times: user=0.01 sys=0.00, real=0.00 secs] 
2821.097: [GC (Allocation Failure) [PSYoungGen: 72032K->1408K(72192K)] 455120K->384496K(641024K), 0.0021133 secs] [Times: user=0.01 sys=0.00, real=0.00 secs] 
2821.780: [GC (Allocation Failure) [PSYoungGen: 72064K->1312K(72192K)] 455152K->384400K(641024K), 0.0021298 secs] [Times: user=0.01 sys=0.00, real=0.01 secs] 
2822.360: [GC (Allocation Failure) [PSYoungGen: 71968K->1376K(72192K)] 455056K->384464K(641024K), 0.0022307 secs] [Times: user=0.01 sys=0.00, real=0.01 secs] 
2822.933: [GC (Allocation Failure) [PSYoungGen: 72032K->1376K(72192K)] 455120K->384464K(641024K), 0.0022468 secs] [Times: user=0.01 sys=0.00, real=0.00 secs] 
2824.349: [GC (Allocation Failure) [PSYoungGen: 72032K->1408K(72192K)] 455120K->384496K(641024K), 0.0018103 secs] [Times: user=0.01 sys=0.00, real=0.01 secs] 
2824.642: [GC (Allocation Failure) [PSYoungGen: 72064K->1376K(72192K)] 455152K->384464K(641024K), 0.0018650 secs] [Times: user=0.01 sys=0.00, real=0.00 secs] 
2824.935: [GC (Allocation Failure) [PSYoungGen: 72032K->1376K(72192K)] 455120K->384464K(641024K), 0.0018351 secs] [Times: user=0.01 sys=0.00, real=0.00 secs] 
2825.228: [GC (Allocation Failure) [PSYoungGen: 72032K->1376K(72192K)] 455120K->384480K(641024K), 0.0019343 secs] [Times: user=0.01 sys=0.00, real=0.00 secs] 
2826.346: [GC (Allocation Failure) [PSYoungGen: 72032K->1376K(72192K)] 455136K->384480K(641024K), 0.0023481 secs] [Times: user=0.01 sys=0.00, real=0.00 secs] 
2826.931: [GC (Allocation Failure) [PSYoungGen: 72032K->1376K(72192K)] 455136K->384480K(641024K), 0.0023893 secs] [Times: user=0.01 sys=0.00, real=0.00 secs] 
2827.363: [GC (Allocation Failure) [PSYoungGen: 72032K->1376K(72192K)] 455136K->384480K(641024K), 0.0026949 secs] [Times: user=0.02 sys=0.00, real=0.00 secs] 
2827.658: [GC (Allocation Failure) [PSYoungGen: 72032K->1376K(72192K)] 455136K->384480K(641024K), 0.0021107 secs] [Times: user=0.01 sys=0.00, real=0.00 secs] 
2828.828: [GC (Allocation Failure) [PSYoungGen: 72032K->1408K(72192K)] 455136K->384512K(641024K), 0.0023335 secs] [Times: user=0.01 sys=0.00, real=0.00 secs] 
2829.545: [GC (Allocation Failure) [PSYoungGen: 72064K->1376K(72192K)] 455168K->384480K(641024K), 0.0030977 secs] [Times: user=0.01 sys=0.00, real=0.00 secs] 
2830.341: [GC (Allocation Failure) [PSYoungGen: 72032K->1344K(72192K)] 455136K->384448K(641024K), 0.0026434 secs] [Times: user=0.01 sys=0.00, real=0.00 secs] 
2830.930: [GC (Allocation Failure) [PSYoungGen: 72000K->1344K(72192K)] 455104K->384448K(641024K), 0.0021082 secs] [Times: user=0.00 sys=0.00, real=0.01 secs] 
2832.262: [GC (Allocation Failure) [PSYoungGen: 72000K->1408K(72192K)] 455104K->384512K(641024K), 0.0019914 secs] [Times: user=0.01 sys=0.00, real=0.00 secs] 
2832.556: [GC (Allocation Failure) [PSYoungGen: 72064K->1376K(72192K)] 455168K->384480K(641024K), 0.0020513 secs] [Times: user=0.01 sys=0.00, real=0.00 secs] 
2832.869: [GC (Allocation Failure) [PSYoungGen: 72032K->1376K(72192K)] 455136K->384480K(641024K), 0.0018687 secs] [Times: user=0.00 sys=0.00, real=0.00 secs] 
2833.330: [GC (Allocation Failure) [PSYoungGen: 72032K->1376K(72192K)] 455136K->384496K(641024K), 0.0024048 secs] [Times: user=0.01 sys=0.01, real=0.01 secs] 
2834.598: [GC (Allocation Failure) [PSYoungGen: 72032K->1408K(72192K)] 455152K->384528K(641024K), 0.0019155 secs] [Times: user=0.01 sys=0.00, real=0.00 secs] 
2834.972: [GC (Allocation Failure) [PSYoungGen: 72064K->1376K(72192K)] 455184K->384496K(641024K), 0.0021779 secs] [Times: user=0.01 sys=0.00, real=0.00 secs] 
2835.296: [GC (Allocation Failure) [PSYoungGen: 72032K->1376K(72192K)] 455152K->384496K(641024K), 0.0032936 secs] [Times: user=0.01 sys=0.00, real=0.00 secs] 
2835.636: [GC (Allocation Failure) [PSYoungGen: 72032K->1344K(72192K)] 455152K->384464K(641024K), 0.0026546 secs] [Times: user=0.01 sys=0.00, real=0.00 secs] 
2837.093: [GC (Allocation Failure) [PSYoungGen: 72000K->1408K(72192K)] 455120K->384528K(641024K), 0.0027821 secs] [Times: user=0.01 sys=0.00, real=0.00 secs] 
2837.720: [GC (Allocation Failure) [PSYoungGen: 72064K->1376K(72192K)] 455184K->384496K(641024K), 0.0033479 secs] [Times: user=0.02 sys=0.00, real=0.01 secs] 
2838.308: [GC (Allocation Failure) [PSYoungGen: 72032K->1376K(72192K)] 455152K->384496K(641024K), 0.0035048 secs] [Times: user=0.01 sys=0.00, real=0.01 secs] 
2838.891: [GC (Allocation Failure) [PSYoungGen: 72032K->1376K(72192K)] 455152K->384496K(641024K), 0.0025253 secs] [Times: user=0.01 sys=0.00, real=0.00 secs] 
2839.970: [GC (Allocation Failure) [PSYoungGen: 72032K->1440K(72192K)] 455152K->384560K(641024K), 0.0018991 secs] [Times: user=0.01 sys=0.00, real=0.01 secs] 
2840.263: [GC (Allocation Failure) [PSYoungGen: 72096K->1392K(72192K)] 455216K->384512K(641024K), 0.0018374 secs] [Times: user=0.00 sys=0.01, real=0.00 secs] 
2840.589: [GC (Allocation Failure) [PSYoungGen: 72048K->1376K(72192K)] 455168K->384496K(641024K), 0.0018291 secs] [Times: user=0.01 sys=0.00, real=0.01 secs] 
2840.883: [GC (Allocation Failure) [PSYoungGen: 72032K->1376K(72192K)] 455152K->384496K(641024K), 0.0018878 secs] [Times: user=0.01 sys=0.00, real=0.00 secs] 
2842.038: [GC (Allocation Failure) [PSYoungGen: 72032K->1408K(72192K)] 455152K->384528K(641024K), 0.0017798 secs] [Times: user=0.00 sys=0.00, real=0.00 secs] 
2842.760: [GC (Allocation Failure) [PSYoungGen: 72064K->1344K(72192K)] 455184K->384464K(641024K), 0.0041707 secs] [Times: user=0.01 sys=0.01, real=0.01 secs] 
2843.334: [GC (Allocation Failure) [PSYoungGen: 72000K->1376K(72192K)] 455120K->384496K(641024K), 0.0029818 secs] [Times: user=0.02 sys=0.00, real=0.00 secs] 
2843.904: [GC (Allocation Failure) [PSYoungGen: 72032K->1408K(72192K)] 455152K->384536K(641024K), 0.0028890 secs] [Times: user=0.01 sys=0.00, real=0.00 secs] 
2845.525: [GC (Allocation Failure) [PSYoungGen: 72064K->1440K(72192K)] 455192K->384568K(641024K), 0.0029317 secs] [Times: user=0.01 sys=0.00, real=0.00 secs] 
2846.270: [GC (Allocation Failure) [PSYoungGen: 72096K->1392K(72192K)] 455224K->384520K(641024K), 0.0029047 secs] [Times: user=0.02 sys=0.00, real=0.01 secs] 
2846.971: [GC (Allocation Failure) [PSYoungGen: 72048K->1408K(72192K)] 455176K->384536K(641024K), 0.0029887 secs] [Times: user=0.01 sys=0.00, real=0.01 secs] 
2847.793: [GC (Allocation Failure) [PSYoungGen: 72064K->1376K(72192K)] 455192K->384504K(641024K), 0.0029311 secs] [Times: user=0.01 sys=0.00, real=0.00 secs] 
2849.349: [GC (Allocation Failure) [PSYoungGen: 72032K->1408K(72192K)] 455160K->384536K(641024K), 0.0025817 secs] [Times: user=0.01 sys=0.00, real=0.01 secs] 
2850.122: [GC (Allocation Failure) [PSYoungGen: 72064K->1408K(72192K)] 455192K->384536K(641024K), 0.0027004 secs] [Times: user=0.01 sys=0.00, real=0.00 secs] 
2850.883: [GC (Allocation Failure) [PSYoungGen: 72064K->1392K(72192K)] 455192K->384520K(641024K), 0.0029557 secs] [Times: user=0.01 sys=0.00, real=0.00 secs] 
2851.699: [GC (Allocation Failure) [PSYoungGen: 72048K->1408K(72192K)] 455176K->384544K(641024K), 0.0024461 secs] [Times: user=0.01 sys=0.00, real=0.01 secs] 
2853.481: [GC (Allocation Failure) [PSYoungGen: 72064K->1424K(72192K)] 455200K->384560K(641024K), 0.0024686 secs] [Times: user=0.01 sys=0.00, real=0.00 secs] 
2854.569: [GC (Allocation Failure) [PSYoungGen: 72080K->1376K(72192K)] 455216K->384512K(641024K), 0.0035409 secs] [Times: user=0.02 sys=0.00, real=0.01 secs] 
2855.557: [GC (Allocation Failure) [PSYoungGen: 72032K->1376K(72192K)] 455168K->384512K(641024K), 0.0033242 secs] [Times: user=0.02 sys=0.00, real=0.01 secs] 
2856.305: [GC (Allocation Failure) [PSYoungGen: 72032K->1376K(72192K)] 455168K->384512K(641024K), 0.0029426 secs] [Times: user=0.02 sys=0.01, real=0.00 secs] 
2857.929: [GC (Allocation Failure) [PSYoungGen: 72032K->1408K(72192K)] 455168K->384544K(641024K), 0.0022347 secs] [Times: user=0.01 sys=0.00, real=0.01 secs] 
2858.629: [GC (Allocation Failure) [PSYoungGen: 72064K->1408K(72192K)] 455200K->384544K(641024K), 0.0044585 secs] [Times: user=0.02 sys=0.00, real=0.01 secs] 
2859.540: [GC (Allocation Failure) [PSYoungGen: 72064K->1344K(72192K)] 455200K->384488K(641024K), 0.0043691 secs] [Times: user=0.01 sys=0.00, real=0.01 secs] 
2860.273: [GC (Allocation Failure) [PSYoungGen: 72000K->1344K(72192K)] 455144K->384496K(641024K), 0.0036497 secs] [Times: user=0.02 sys=0.00, real=0.00 secs] 
2861.497: [GC (Allocation Failure) [PSYoungGen: 72000K->1424K(72192K)] 455152K->384576K(641024K), 0.0018256 secs] [Times: user=0.01 sys=0.00, real=0.00 secs] 
2861.948: [GC (Allocation Failure) [PSYoungGen: 72080K->1392K(72192K)] 455232K->384544K(641024K), 0.0018519 secs] [Times: user=0.01 sys=0.00, real=0.00 secs] 
2862.448: [GC (Allocation Failure) [PSYoungGen: 72048K->1376K(72192K)] 455200K->384528K(641024K), 0.0028240 secs] [Times: user=0.01 sys=0.00, real=0.01 secs] 
2863.042: [GC (Allocation Failure) [PSYoungGen: 72032K->1408K(72192K)] 455184K->384560K(641024K), 0.0032874 secs] [Times: user=0.01 sys=0.00, real=0.00 secs] 
2864.289: [GC (Allocation Failure) [PSYoungGen: 72064K->1408K(72192K)] 455216K->384560K(641024K), 0.0018734 secs] [Times: user=0.00 sys=0.00, real=0.01 secs] 
2864.617: [GC (Allocation Failure) [PSYoungGen: 72064K->1392K(72192K)] 455216K->384544K(641024K), 0.0018281 secs] [Times: user=0.00 sys=0.00, real=0.00 secs] 
2865.044: [GC (Allocation Failure) [PSYoungGen: 72048K->1344K(72192K)] 455200K->384496K(641024K), 0.0020200 secs] [Times: user=0.01 sys=0.00, real=0.00 secs] 
2865.602: [GC (Allocation Failure) [PSYoungGen: 72000K->1376K(72192K)] 455152K->384528K(641024K), 0.0021377 secs] [Times: user=0.01 sys=0.00, real=0.00 secs] 
2866.895: [GC (Allocation Failure) [PSYoungGen: 72032K->1408K(72192K)] 455184K->384568K(641024K), 0.0019111 secs] [Times: user=0.01 sys=0.00, real=0.00 secs] 
2867.220: [GC (Allocation Failure) [PSYoungGen: 72064K->1376K(72192K)] 455224K->384536K(641024K), 0.0018939 secs] [Times: user=0.01 sys=0.00, real=0.01 secs] 
2867.849: [GC (Allocation Failure) [PSYoungGen: 72032K->1392K(72192K)] 455192K->384552K(641024K), 0.0019803 secs] [Times: user=0.01 sys=0.00, real=0.01 secs] 
2868.466: [GC (Allocation Failure) [PSYoungGen: 72048K->1376K(72192K)] 455208K->384536K(641024K), 0.0025191 secs] [Times: user=0.01 sys=0.00, real=0.00 secs] 
2869.715: [GC (Allocation Failure) [PSYoungGen: 72032K->1376K(72192K)] 455192K->384536K(641024K), 0.0016124 secs] [Times: user=0.01 sys=0.00, real=0.00 secs] 
2870.008: [GC (Allocation Failure) [PSYoungGen: 72032K->1376K(72192K)] 455192K->384536K(641024K), 0.0016400 secs] [Times: user=0.00 sys=0.00, real=0.00 secs] 
2870.371: [GC (Allocation Failure) [PSYoungGen: 72032K->1376K(72192K)] 455192K->384536K(641024K), 0.0020335 secs] [Times: user=0.01 sys=0.00, real=0.00 secs] 
2870.898: [GC (Allocation Failure) [PSYoungGen: 72032K->1376K(72192K)] 455192K->384536K(641024K), 0.0041537 secs] [Times: user=0.01 sys=0.00, real=0.01 secs] 
2872.249: [GC (Allocation Failure) [PSYoungGen: 72032K->1408K(72192K)] 455192K->384568K(641024K), 0.0018710 secs] [Times: user=0.00 sys=0.00, real=0.00 secs] 
2872.908: [GC (Allocation Failure) [PSYoungGen: 72064K->1376K(72192K)] 455224K->384536K(641024K), 0.0033980 secs] [Times: user=0.01 sys=0.00, real=0.01 secs] 
2873.575: [GC (Allocation Failure) [PSYoungGen: 72032K->1344K(72192K)] 455192K->384504K(641024K), 0.0030794 secs] [Times: user=0.01 sys=0.00, real=0.00 secs] 
2874.253: [GC (Allocation Failure) [PSYoungGen: 72000K->1408K(72192K)] 455160K->384576K(641024K), 0.0028720 secs] [Times: user=0.01 sys=0.00, real=0.00 secs] 
2875.717: [GC (Allocation Failure) [PSYoungGen: 72064K->1440K(72192K)] 455232K->384608K(641024K), 0.0018460 secs] [Times: user=0.01 sys=0.00, real=0.00 secs] 
2876.238: [GC (Allocation Failure) [PSYoungGen: 72096K->1376K(72192K)] 455264K->384544K(641024K), 0.0020581 secs] [Times: user=0.01 sys=0.00, real=0.00 secs] 
2876.796: [GC (Allocation Failure) [PSYoungGen: 72032K->1376K(72192K)] 455200K->384544K(641024K), 0.0027040 secs] [Times: user=0.01 sys=0.00, real=0.00 secs] 
2877.566: [GC (Allocation Failure) [PSYoungGen: 72032K->1392K(72192K)] 455200K->384560K(641024K), 0.0043532 secs] [Times: user=0.02 sys=0.00, real=0.00 secs] 
2879.082: [GC (Allocation Failure) [PSYoungGen: 72048K->1408K(72192K)] 455216K->384576K(641024K), 0.0020056 secs] [Times: user=0.01 sys=0.00, real=0.00 secs] 
2879.691: [GC (Allocation Failure) [PSYoungGen: 72064K->1376K(72192K)] 455232K->384544K(641024K), 0.0040948 secs] [Times: user=0.02 sys=0.00, real=0.00 secs] 
2880.311: [GC (Allocation Failure) [PSYoungGen: 72032K->1376K(72192K)] 455200K->384544K(641024K), 0.0034186 secs] [Times: user=0.01 sys=0.00, real=0.01 secs] 
2880.922: [GC (Allocation Failure) [PSYoungGen: 72032K->1392K(72192K)] 455200K->384560K(641024K), 0.0027903 secs] [Times: user=0.02 sys=0.00, real=0.00 secs] 
2882.456: [GC (Allocation Failure) [PSYoungGen: 72048K->1408K(72192K)] 455216K->384576K(641024K), 0.0018647 secs] [Times: user=0.00 sys=0.00, real=0.00 secs] 
2882.750: [GC (Allocation Failure) [PSYoungGen: 72064K->1376K(72192K)] 455232K->384544K(641024K), 0.0019536 secs] [Times: user=0.01 sys=0.00, real=0.01 secs] 
2883.044: [GC (Allocation Failure) [PSYoungGen: 72032K->1376K(72192K)] 455200K->384544K(641024K), 0.0020553 secs] [Times: user=0.00 sys=0.00, real=0.00 secs] 
2883.337: [GC (Allocation Failure) [PSYoungGen: 72032K->1376K(72192K)] 455200K->384544K(641024K), 0.0019832 secs] [Times: user=0.01 sys=0.00, real=0.00 secs] 
2884.511: [GC (Allocation Failure) [PSYoungGen: 72032K->1408K(72192K)] 455200K->384576K(641024K), 0.0024412 secs] [Times: user=0.01 sys=0.00, real=0.00 secs] 
2885.438: [GC (Allocation Failure) [PSYoungGen: 72064K->1392K(72192K)] 455232K->384560K(641024K), 0.0028780 secs] [Times: user=0.01 sys=0.01, real=0.00 secs] 
2886.406: [GC (Allocation Failure) [PSYoungGen: 72048K->1344K(72192K)] 455216K->384520K(641024K), 0.0035027 secs] [Times: user=0.01 sys=0.00, real=0.00 secs] 
2887.315: [GC (Allocation Failure) [PSYoungGen: 72000K->1376K(72192K)] 455176K->384552K(641024K), 0.0031041 secs] [Times: user=0.02 sys=0.00, real=0.00 secs] 
2888.785: [GC (Allocation Failure) [PSYoungGen: 72032K->1408K(72192K)] 455208K->384584K(641024K), 0.0016254 secs] [Times: user=0.01 sys=0.00, real=0.00 secs] 
2889.078: [GC (Allocation Failure) [PSYoungGen: 72064K->1376K(72192K)] 455240K->384552K(641024K), 0.0015719 secs] [Times: user=0.01 sys=0.00, real=0.00 secs] 
2889.576: [GC (Allocation Failure) [PSYoungGen: 72032K->1344K(72192K)] 455208K->384520K(641024K), 0.0023315 secs] [Times: user=0.01 sys=0.00, real=0.00 secs] 
2890.333: [GC (Allocation Failure) [PSYoungGen: 72000K->1376K(72192K)] 455176K->384552K(641024K), 0.0033936 secs] [Times: user=0.01 sys=0.00, real=0.00 secs] 
2891.775: [GC (Allocation Failure) [PSYoungGen: 72032K->1408K(72192K)] 455208K->384584K(641024K), 0.0023436 secs] [Times: user=0.01 sys=0.00, real=0.00 secs] 
2892.070: [GC (Allocation Failure) [PSYoungGen: 72064K->1376K(72192K)] 455240K->384552K(641024K), 0.0021501 secs] [Times: user=0.00 sys=0.00, real=0.01 secs] 
2892.363: [GC (Allocation Failure) [PSYoungGen: 72032K->1376K(72192K)] 455208K->384552K(641024K), 0.0021859 secs] [Times: user=0.01 sys=0.00, real=0.00 secs] 
2892.657: [GC (Allocation Failure) [PSYoungGen: 72032K->1376K(72192K)] 455208K->384552K(641024K), 0.0022276 secs] [Times: user=0.01 sys=0.00, real=0.00 secs] 
2894.073: [GC (Allocation Failure) [PSYoungGen: 72032K->1408K(72192K)] 455208K->384584K(641024K), 0.0024935 secs] [Times: user=0.01 sys=0.00, real=0.00 secs] 
2895.464: [GC (Allocation Failure) [PSYoungGen: 72064K->1376K(72192K)] 455240K->384552K(641024K), 0.0045057 secs] [Times: user=0.02 sys=0.01, real=0.00 secs] 
2897.020: [GC (Allocation Failure) [PSYoungGen: 72032K->1376K(72192K)] 455208K->384552K(641024K), 0.0042943 secs] [Times: user=0.02 sys=0.00, real=0.01 secs] 
2898.146: [GC (Allocation Failure) [PSYoungGen: 72032K->1376K(72192K)] 455208K->384560K(641024K), 0.0034183 secs] [Times: user=0.01 sys=0.00, real=0.00 secs] 
2900.047: [GC (Allocation Failure) [PSYoungGen: 72032K->1408K(72192K)] 455216K->384592K(641024K), 0.0025317 secs] [Times: user=0.01 sys=0.00, real=0.00 secs] 
2901.136: [GC (Allocation Failure) [PSYoungGen: 72064K->1408K(72192K)] 455248K->384592K(641024K), 0.0040013 secs] [Times: user=0.02 sys=0.00, real=0.00 secs] 
2902.027: [GC (Allocation Failure) [PSYoungGen: 72064K->1344K(72192K)] 455248K->384536K(641024K), 0.0041216 secs] [Times: user=0.01 sys=0.00, real=0.01 secs] 
2902.730: [GC (Allocation Failure) [PSYoungGen: 72000K->1376K(72192K)] 455192K->384568K(641024K), 0.0028984 secs] [Times: user=0.01 sys=0.00, real=0.01 secs] 
2904.065: [GC (Allocation Failure) [PSYoungGen: 72032K->1408K(72192K)] 455224K->384608K(641024K), 0.0020343 secs] [Times: user=0.01 sys=0.00, real=0.00 secs] 
2904.642: [GC (Allocation Failure) [PSYoungGen: 72064K->1344K(72192K)] 455264K->384544K(641024K), 0.0018505 secs] [Times: user=0.01 sys=0.00, real=0.00 secs] 
2905.269: [GC (Allocation Failure) [PSYoungGen: 72000K->1408K(72192K)] 455200K->384616K(641024K), 0.0028727 secs] [Times: user=0.01 sys=0.00, real=0.01 secs] 
2905.869: [GC (Allocation Failure) [PSYoungGen: 72064K->1376K(72192K)] 455272K->384584K(641024K), 0.0025421 secs] [Times: user=0.01 sys=0.00, real=0.01 secs] 
2907.119: [GC (Allocation Failure) [PSYoungGen: 72032K->1440K(72192K)] 455240K->384648K(641024K), 0.0018810 secs] [Times: user=0.01 sys=0.00, real=0.01 secs] 
2907.413: [GC (Allocation Failure) [PSYoungGen: 72096K->1376K(72192K)] 455304K->384584K(641024K), 0.0020453 secs] [Times: user=0.01 sys=0.00, real=0.00 secs] 
2907.707: [GC (Allocation Failure) [PSYoungGen: 72032K->1344K(72192K)] 455240K->384552K(641024K), 0.0022037 secs] [Times: user=0.01 sys=0.00, real=0.00 secs] 
2908.026: [GC (Allocation Failure) [PSYoungGen: 72000K->1376K(72192K)] 455208K->384600K(641024K), 0.0025961 secs] [Times: user=0.01 sys=0.00, real=0.00 secs] 
2909.140: [GC (Allocation Failure) [PSYoungGen: 72032K->1408K(72192K)] 455256K->384632K(641024K), 0.0018053 secs] [Times: user=0.00 sys=0.00, real=0.01 secs] 
2909.433: [GC (Allocation Failure) [PSYoungGen: 72064K->1408K(72192K)] 455288K->384632K(641024K), 0.0018150 secs] [Times: user=0.01 sys=0.00, real=0.00 secs] 
2909.759: [GC (Allocation Failure) [PSYoungGen: 72064K->1376K(72192K)] 455288K->384600K(641024K), 0.0022541 secs] [Times: user=0.01 sys=0.00, real=0.01 secs] 
2910.322: [GC (Allocation Failure) [PSYoungGen: 72032K->1376K(72192K)] 455256K->384600K(641024K), 0.0021150 secs] [Times: user=0.01 sys=0.00, real=0.00 secs] 
2911.542: [GC (Allocation Failure) [PSYoungGen: 72032K->1392K(72192K)] 455256K->384616K(641024K), 0.0018554 secs] [Times: user=0.01 sys=0.00, real=0.00 secs] 
2911.857: [GC (Allocation Failure) [PSYoungGen: 72048K->1408K(72192K)] 455272K->384632K(641024K), 0.0023692 secs] [Times: user=0.01 sys=0.00, real=0.00 secs] 
2912.425: [GC (Allocation Failure) [PSYoungGen: 72064K->1376K(72192K)] 455288K->384600K(641024K), 0.0024071 secs] [Times: user=0.01 sys=0.00, real=0.00 secs] 
2913.012: [GC (Allocation Failure) [PSYoungGen: 72032K->1328K(72192K)] 455256K->384568K(641024K), 0.0041410 secs] [Times: user=0.01 sys=0.01, real=0.00 secs] 
2914.346: [GC (Allocation Failure) [PSYoungGen: 71984K->1408K(72192K)] 455224K->384648K(641024K), 0.0017421 secs] [Times: user=0.00 sys=0.00, real=0.00 secs] 
2914.806: [GC (Allocation Failure) [PSYoungGen: 72064K->1376K(72192K)] 455304K->384616K(641024K), 0.0020114 secs] [Times: user=0.01 sys=0.00, real=0.00 secs] 
2915.380: [GC (Allocation Failure) [PSYoungGen: 72032K->1408K(72192K)] 455272K->384648K(641024K), 0.0020953 secs] [Times: user=0.00 sys=0.00, real=0.01 secs] 
2915.950: [GC (Allocation Failure) [PSYoungGen: 72064K->1376K(72192K)] 455304K->384616K(641024K), 0.0043567 secs] [Times: user=0.02 sys=0.00, real=0.01 secs] 
2917.329: [GC (Allocation Failure) [PSYoungGen: 72032K->1408K(72192K)] 455272K->384648K(641024K), 0.0019926 secs] [Times: user=0.01 sys=0.00, real=0.00 secs] 
2917.988: [GC (Allocation Failure) [PSYoungGen: 72064K->1344K(72192K)] 455304K->384584K(641024K), 0.0032935 secs] [Times: user=0.01 sys=0.00, real=0.01 secs] 
2918.312: [GC (Allocation Failure) [PSYoungGen: 72000K->1392K(72192K)] 455240K->384632K(641024K), 0.0029139 secs] [Times: user=0.01 sys=0.00, real=0.00 secs] 
2918.620: [GC (Allocation Failure) [PSYoungGen: 72048K->1392K(72192K)] 455288K->384632K(641024K), 0.0021210 secs] [Times: user=0.01 sys=0.00, real=0.01 secs] 
2919.834: [GC (Allocation Failure) [PSYoungGen: 72048K->1408K(72192K)] 455288K->384648K(641024K), 0.0020387 secs] [Times: user=0.01 sys=0.00, real=0.00 secs] 
2920.297: [GC (Allocation Failure) [PSYoungGen: 72064K->1408K(72192K)] 455304K->384648K(641024K), 0.0025017 secs] [Times: user=0.01 sys=0.00, real=0.00 secs] 
2920.897: [GC (Allocation Failure) [PSYoungGen: 72064K->1376K(72192K)] 455304K->384616K(641024K), 0.0022518 secs] [Times: user=0.01 sys=0.00, real=0.00 secs] 
2921.488: [GC (Allocation Failure) [PSYoungGen: 72032K->1344K(72192K)] 455272K->384584K(641024K), 0.0023085 secs] [Times: user=0.01 sys=0.00, real=0.01 secs] 
2922.888: [GC (Allocation Failure) [PSYoungGen: 72000K->1408K(72192K)] 455240K->384648K(641024K), 0.0019187 secs] [Times: user=0.00 sys=0.00, real=0.00 secs] 
2923.511: [GC (Allocation Failure) [PSYoungGen: 72064K->1376K(72192K)] 455304K->384616K(641024K), 0.0020929 secs] [Times: user=0.01 sys=0.00, real=0.00 secs] 
2924.106: [GC (Allocation Failure) [PSYoungGen: 72032K->1376K(72192K)] 455272K->384616K(641024K), 0.0020324 secs] [Times: user=0.01 sys=0.00, real=0.00 secs] 
2924.400: [GC (Allocation Failure) [PSYoungGen: 72032K->1408K(72192K)] 455272K->384656K(641024K), 0.0020446 secs] [Times: user=0.00 sys=0.00, real=0.01 secs] 
2925.578: [GC (Allocation Failure) [PSYoungGen: 72064K->1408K(72192K)] 455312K->384656K(641024K), 0.0018711 secs] [Times: user=0.01 sys=0.00, real=0.00 secs] 
2926.209: [GC (Allocation Failure) [PSYoungGen: 72064K->1408K(72192K)] 455312K->384656K(641024K), 0.0041486 secs] [Times: user=0.02 sys=0.00, real=0.01 secs] 
2927.150: [GC (Allocation Failure) [PSYoungGen: 72064K->1408K(72192K)] 455312K->384656K(641024K), 0.0029040 secs] [Times: user=0.01 sys=0.00, real=0.01 secs] 
2928.032: [GC (Allocation Failure) [PSYoungGen: 72064K->1376K(72192K)] 455312K->384624K(641024K), 0.0044417 secs] [Times: user=0.02 sys=0.00, real=0.00 secs] 
2929.647: [GC (Allocation Failure) [PSYoungGen: 72032K->1408K(72192K)] 455280K->384656K(641024K), 0.0018012 secs] [Times: user=0.00 sys=0.00, real=0.00 secs] 
2930.325: [GC (Allocation Failure) [PSYoungGen: 72064K->1376K(72192K)] 455312K->384624K(641024K), 0.0043176 secs] [Times: user=0.02 sys=0.00, real=0.00 secs] 
2931.255: [GC (Allocation Failure) [PSYoungGen: 72032K->1376K(72192K)] 455280K->384624K(641024K), 0.0028600 secs] [Times: user=0.02 sys=0.00, real=0.00 secs] 
2931.884: [GC (Allocation Failure) [PSYoungGen: 72032K->1376K(72192K)] 455280K->384632K(641024K), 0.0026013 secs] [Times: user=0.01 sys=0.00, real=0.00 secs] 
2933.296: [GC (Allocation Failure) [PSYoungGen: 72032K->1408K(72192K)] 455288K->384664K(641024K), 0.0019774 secs] [Times: user=0.01 sys=0.00, real=0.00 secs] 
2933.858: [GC (Allocation Failure) [PSYoungGen: 72064K->1376K(72192K)] 455320K->384632K(641024K), 0.0021907 secs] [Times: user=0.01 sys=0.00, real=0.00 secs] 
2934.446: [GC (Allocation Failure) [PSYoungGen: 72032K->1344K(72192K)] 455288K->384600K(641024K), 0.0032731 secs] [Times: user=0.01 sys=0.00, real=0.00 secs] 
2935.241: [GC (Allocation Failure) [PSYoungGen: 72000K->1344K(72192K)] 455256K->384600K(641024K), 0.0044691 secs] [Times: user=0.02 sys=0.00, real=0.00 secs] 
2936.761: [GC (Allocation Failure) [PSYoungGen: 72000K->1376K(72192K)] 455256K->384632K(641024K), 0.0018492 secs] [Times: user=0.00 sys=0.00, real=0.00 secs] 
2937.076: [GC (Allocation Failure) [PSYoungGen: 72032K->1376K(72192K)] 455288K->384640K(641024K), 0.0019991 secs] [Times: user=0.01 sys=0.00, real=0.00 secs] 
2937.438: [GC (Allocation Failure) [PSYoungGen: 72032K->1376K(72192K)] 455296K->384640K(641024K), 0.0021348 secs] [Times: user=0.00 sys=0.00, real=0.00 secs] 
2937.991: [GC (Allocation Failure) [PSYoungGen: 72032K->1376K(72192K)] 455296K->384640K(641024K), 0.0021700 secs] [Times: user=0.01 sys=0.00, real=0.00 secs] 
2939.276: [GC (Allocation Failure) [PSYoungGen: 72032K->1424K(72192K)] 455296K->384688K(641024K), 0.0017811 secs] [Times: user=0.01 sys=0.00, real=0.00 secs] 
2939.999: [GC (Allocation Failure) [PSYoungGen: 72080K->1376K(72192K)] 455344K->384640K(641024K), 0.0024535 secs] [Times: user=0.01 sys=0.00, real=0.01 secs] 
2940.634: [GC (Allocation Failure) [PSYoungGen: 72032K->1376K(72192K)] 455296K->384640K(641024K), 0.0023307 secs] [Times: user=0.01 sys=0.00, real=0.00 secs] 
2941.386: [GC (Allocation Failure) [PSYoungGen: 72032K->1376K(72192K)] 455296K->384640K(641024K), 0.0022914 secs] [Times: user=0.01 sys=0.00, real=0.00 secs] 
2943.831: [GC (Allocation Failure) [PSYoungGen: 72032K->1440K(72192K)] 455296K->384704K(641024K), 0.0047423 secs] [Times: user=0.02 sys=0.00, real=0.00 secs] 
2944.969: [GC (Allocation Failure) [PSYoungGen: 72096K->1408K(72192K)] 455360K->384672K(641024K), 0.0025803 secs] [Times: user=0.01 sys=0.00, real=0.01 secs] 
2945.641: [GC (Allocation Failure) [PSYoungGen: 72064K->1344K(72192K)] 455328K->384608K(641024K), 0.0026680 secs] [Times: user=0.02 sys=0.00, real=0.00 secs] 
2946.202: [GC (Allocation Failure) [PSYoungGen: 72000K->1312K(72192K)] 455264K->384576K(641024K), 0.0043346 secs] [Times: user=0.01 sys=0.00, real=0.00 secs] 
2947.561: [GC (Allocation Failure) [PSYoungGen: 71968K->1376K(72192K)] 455232K->384648K(641024K), 0.0017604 secs] [Times: user=0.01 sys=0.00, real=0.00 secs] 
2948.187: [GC (Allocation Failure) [PSYoungGen: 72032K->1376K(72192K)] 455304K->384648K(641024K), 0.0029777 secs] [Times: user=0.01 sys=0.00, real=0.00 secs] 
2948.838: [GC (Allocation Failure) [PSYoungGen: 72032K->1344K(72192K)] 455304K->384616K(641024K), 0.0027233 secs] [Times: user=0.01 sys=0.00, real=0.00 secs] 
2949.426: [GC (Allocation Failure) [PSYoungGen: 72000K->1344K(72192K)] 455272K->384616K(641024K), 0.0027840 secs] [Times: user=0.01 sys=0.01, real=0.00 secs] 
2950.592: [GC (Allocation Failure) [PSYoungGen: 72000K->1408K(72192K)] 455272K->384688K(641024K), 0.0020020 secs] [Times: user=0.00 sys=0.00, real=0.00 secs] 
2951.005: [GC (Allocation Failure) [PSYoungGen: 72064K->1376K(72192K)] 455344K->384656K(641024K), 0.0020765 secs] [Times: user=0.01 sys=0.00, real=0.00 secs] 
2951.358: [GC (Allocation Failure) [PSYoungGen: 72032K->1376K(72192K)] 455312K->384656K(641024K), 0.0021775 secs] [Times: user=0.01 sys=0.00, real=0.00 secs] 
2951.795: [GC (Allocation Failure) [PSYoungGen: 72032K->1376K(72192K)] 455312K->384656K(641024K), 0.0021338 secs] [Times: user=0.01 sys=0.00, real=0.00 secs] 
2953.335: [GC (Allocation Failure) [PSYoungGen: 72032K->1440K(72192K)] 455312K->384720K(641024K), 0.0044676 secs] [Times: user=0.02 sys=0.00, real=0.00 secs] 
2954.141: [GC (Allocation Failure) [PSYoungGen: 72096K->1376K(72192K)] 455376K->384656K(641024K), 0.0041718 secs] [Times: user=0.02 sys=0.00, real=0.00 secs] 
2954.715: [GC (Allocation Failure) [PSYoungGen: 72032K->1360K(72192K)] 455312K->384640K(641024K), 0.0028980 secs] [Times: user=0.01 sys=0.01, real=0.00 secs] 
2955.266: [GC (Allocation Failure) [PSYoungGen: 72016K->1424K(72192K)] 455296K->384720K(641024K), 0.0028744 secs] [Times: user=0.02 sys=0.00, real=0.00 secs] 
2956.606: [GC (Allocation Failure) [PSYoungGen: 72080K->1376K(72192K)] 455376K->384672K(641024K), 0.0021281 secs] [Times: user=0.01 sys=0.00, real=0.00 secs] 
2956.942: [GC (Allocation Failure) [PSYoungGen: 72032K->1376K(72192K)] 455328K->384672K(641024K), 0.0020914 secs] [Times: user=0.01 sys=0.00, real=0.00 secs] 
2957.235: [GC (Allocation Failure) [PSYoungGen: 72032K->1376K(72192K)] 455328K->384672K(641024K), 0.0021609 secs] [Times: user=0.01 sys=0.00, real=0.00 secs] 
2957.674: [GC (Allocation Failure) [PSYoungGen: 72032K->1392K(72192K)] 455328K->384696K(641024K), 0.0022004 secs] [Times: user=0.01 sys=0.00, real=0.00 secs] 
2959.068: [GC (Allocation Failure) [PSYoungGen: 72048K->1408K(72192K)] 455352K->384712K(641024K), 0.0024376 secs] [Times: user=0.01 sys=0.00, real=0.01 secs] 
2959.878: [GC (Allocation Failure) [PSYoungGen: 72064K->1376K(72192K)] 455368K->384680K(641024K), 0.0024245 secs] [Times: user=0.01 sys=0.00, real=0.00 secs] 
2960.567: [GC (Allocation Failure) [PSYoungGen: 72032K->1328K(72192K)] 455336K->384632K(641024K), 0.0045388 secs] [Times: user=0.02 sys=0.00, real=0.01 secs] 
2961.286: [GC (Allocation Failure) [PSYoungGen: 71984K->1376K(72192K)] 455288K->384688K(641024K), 0.0040532 secs] [Times: user=0.02 sys=0.00, real=0.00 secs] 
2962.755: [GC (Allocation Failure) [PSYoungGen: 72032K->1408K(72192K)] 455344K->384720K(641024K), 0.0019649 secs] [Times: user=0.00 sys=0.00, real=0.00 secs] 
2963.049: [GC (Allocation Failure) [PSYoungGen: 72064K->1376K(72192K)] 455376K->384688K(641024K), 0.0020421 secs] [Times: user=0.00 sys=0.00, real=0.01 secs] 
2963.343: [GC (Allocation Failure) [PSYoungGen: 72032K->1376K(72192K)] 455344K->384688K(641024K), 0.0019181 secs] [Times: user=0.01 sys=0.00, real=0.00 secs] 
2963.636: [GC (Allocation Failure) [PSYoungGen: 72032K->1376K(72192K)] 455344K->384688K(641024K), 0.0017545 secs] [Times: user=0.01 sys=0.00, real=0.00 secs] 
2964.612: [GC (Allocation Failure) [PSYoungGen: 72032K->1424K(72192K)] 455344K->384744K(641024K), 0.0016733 secs] [Times: user=0.01 sys=0.00, real=0.00 secs] 
2964.988: [GC (Allocation Failure) [PSYoungGen: 72080K->1408K(72192K)] 455400K->384728K(641024K), 0.0016223 secs] [Times: user=0.01 sys=0.00, real=0.00 secs] 
2965.517: [GC (Allocation Failure) [PSYoungGen: 72064K->1376K(72192K)] 455384K->384696K(641024K), 0.0040619 secs] [Times: user=0.01 sys=0.00, real=0.01 secs] 
2966.247: [GC (Allocation Failure) [PSYoungGen: 72032K->1424K(72192K)] 455352K->384744K(641024K), 0.0035425 secs] [Times: user=0.01 sys=0.00, real=0.00 secs] 
2967.623: [GC (Allocation Failure) [PSYoungGen: 72080K->1376K(72192K)] 455400K->384696K(641024K), 0.0018397 secs] [Times: user=0.01 sys=0.00, real=0.00 secs] 
2968.287: [GC (Allocation Failure) [PSYoungGen: 72032K->1376K(72192K)] 455352K->384696K(641024K), 0.0020121 secs] [Times: user=0.01 sys=0.00, real=0.00 secs] 
2968.751: [GC (Allocation Failure) [PSYoungGen: 72032K->1360K(72192K)] 455352K->384680K(641024K), 0.0021634 secs] [Times: user=0.00 sys=0.00, real=0.00 secs] 
2969.046: [GC (Allocation Failure) [PSYoungGen: 72016K->1392K(72192K)] 455336K->384712K(641024K), 0.0019884 secs] [Times: user=0.01 sys=0.00, real=0.00 secs] 
2970.007: [GC (Allocation Failure) [PSYoungGen: 72048K->1408K(72192K)] 455368K->384728K(641024K), 0.0016343 secs] [Times: user=0.01 sys=0.00, real=0.00 secs] 
2970.392: [GC (Allocation Failure) [PSYoungGen: 72064K->1376K(72192K)] 455384K->384696K(641024K), 0.0019468 secs] [Times: user=0.00 sys=0.00, real=0.00 secs] 
2970.918: [GC (Allocation Failure) [PSYoungGen: 72032K->1376K(72192K)] 455352K->384696K(641024K), 0.0018877 secs] [Times: user=0.01 sys=0.00, real=0.00 secs] 
2971.514: [GC (Allocation Failure) [PSYoungGen: 72032K->1408K(72192K)] 455352K->384728K(641024K), 0.0020332 secs] [Times: user=0.01 sys=0.00, real=0.00 secs] 
2972.767: [GC (Allocation Failure) [PSYoungGen: 72064K->1376K(72192K)] 455384K->384696K(641024K), 0.0015962 secs] [Times: user=0.01 sys=0.00, real=0.00 secs] 
2973.255: [GC (Allocation Failure) [PSYoungGen: 72032K->1376K(72192K)] 455352K->384696K(641024K), 0.0021686 secs] [Times: user=0.00 sys=0.00, real=0.00 secs] 
2974.061: [GC (Allocation Failure) [PSYoungGen: 72032K->1376K(72192K)] 455352K->384712K(641024K), 0.0023705 secs] [Times: user=0.01 sys=0.00, real=0.01 secs] 
2974.945: [GC (Allocation Failure) [PSYoungGen: 72032K->1344K(72192K)] 455368K->384680K(641024K), 0.0037901 secs] [Times: user=0.02 sys=0.00, real=0.00 secs] 
2976.439: [GC (Allocation Failure) [PSYoungGen: 72000K->1376K(72192K)] 455336K->384712K(641024K), 0.0016962 secs] [Times: user=0.01 sys=0.00, real=0.00 secs] 
2976.824: [GC (Allocation Failure) [PSYoungGen: 72032K->1376K(72192K)] 455368K->384712K(641024K), 0.0020731 secs] [Times: user=0.01 sys=0.00, real=0.00 secs] 
2977.163: [GC (Allocation Failure) [PSYoungGen: 72032K->1392K(72192K)] 455368K->384728K(641024K), 0.0019451 secs] [Times: user=0.01 sys=0.00, real=0.00 secs] 
2977.487: [GC (Allocation Failure) [PSYoungGen: 72048K->1376K(72192K)] 455384K->384712K(641024K), 0.0021031 secs] [Times: user=0.01 sys=0.00, real=0.00 secs] 
2978.467: [GC (Allocation Failure) [PSYoungGen: 72032K->1408K(72192K)] 455368K->384744K(641024K), 0.0019031 secs] [Times: user=0.01 sys=0.00, real=0.00 secs] 
2978.801: [GC (Allocation Failure) [PSYoungGen: 72064K->1344K(72192K)] 455400K->384680K(641024K), 0.0017533 secs] [Times: user=0.00 sys=0.00, real=0.00 secs] 
2979.094: [GC (Allocation Failure) [PSYoungGen: 72000K->1376K(72192K)] 455336K->384712K(641024K), 0.0018337 secs] [Times: user=0.01 sys=0.00, real=0.00 secs] 
2979.420: [GC (Allocation Failure) [PSYoungGen: 72032K->1376K(72192K)] 455368K->384712K(641024K), 0.0021559 secs] [Times: user=0.01 sys=0.00, real=0.01 secs] 
2980.454: [GC (Allocation Failure) [PSYoungGen: 72032K->1376K(72192K)] 455368K->384712K(641024K), 0.0017249 secs] [Times: user=0.00 sys=0.00, real=0.00 secs] 
2980.836: [GC (Allocation Failure) [PSYoungGen: 72032K->1376K(72192K)] 455368K->384712K(641024K), 0.0019295 secs] [Times: user=0.01 sys=0.00, real=0.00 secs] 
2981.370: [GC (Allocation Failure) [PSYoungGen: 72032K->1376K(72192K)] 455368K->384712K(641024K), 0.0025052 secs] [Times: user=0.01 sys=0.00, real=0.01 secs] 
2981.981: [GC (Allocation Failure) [PSYoungGen: 72032K->1344K(72192K)] 455368K->384680K(641024K), 0.0025593 secs] [Times: user=0.01 sys=0.00, real=0.00 secs] 
2983.501: [GC (Allocation Failure) [PSYoungGen: 72000K->1408K(72192K)] 455336K->384744K(641024K), 0.0024072 secs] [Times: user=0.01 sys=0.00, real=0.01 secs] 
2984.184: [GC (Allocation Failure) [PSYoungGen: 72064K->1376K(72192K)] 455400K->384728K(641024K), 0.0026197 secs] [Times: user=0.01 sys=0.01, real=0.00 secs] 
2984.895: [GC (Allocation Failure) [PSYoungGen: 72032K->1408K(72192K)] 455384K->384760K(641024K), 0.0025669 secs] [Times: user=0.01 sys=0.01, real=0.00 secs] 
2985.327: [GC (Allocation Failure) [PSYoungGen: 72064K->1376K(72192K)] 455416K->384728K(641024K), 0.0021020 secs] [Times: user=0.01 sys=0.00, real=0.00 secs] 
2986.617: [GC (Allocation Failure) [PSYoungGen: 72032K->1408K(72192K)] 455384K->384760K(641024K), 0.0021384 secs] [Times: user=0.00 sys=0.00, real=0.00 secs] 
2988.038: [GC (Allocation Failure) [PSYoungGen: 72064K->1344K(72192K)] 455416K->384696K(641024K), 0.0032174 secs] [Times: user=0.01 sys=0.00, real=0.01 secs] 
2988.948: [GC (Allocation Failure) [PSYoungGen: 72000K->1376K(72192K)] 455352K->384728K(641024K), 0.0041618 secs] [Times: user=0.02 sys=0.00, real=0.01 secs] 
2989.510: [GC (Allocation Failure) [PSYoungGen: 72032K->1344K(72192K)] 455384K->384696K(641024K), 0.0030429 secs] [Times: user=0.01 sys=0.00, real=0.01 secs] 
2990.949: [GC (Allocation Failure) [PSYoungGen: 72000K->1408K(72192K)] 455352K->384760K(641024K), 0.0023332 secs] [Times: user=0.01 sys=0.00, real=0.01 secs] 
2991.536: [GC (Allocation Failure) [PSYoungGen: 72064K->1376K(72192K)] 455416K->384728K(641024K), 0.0034608 secs] [Times: user=0.01 sys=0.00, real=0.00 secs] 
2992.165: [GC (Allocation Failure) [PSYoungGen: 72032K->1344K(72192K)] 455384K->384696K(641024K), 0.0034655 secs] [Times: user=0.02 sys=0.01, real=0.00 secs] 
2992.549: [GC (Allocation Failure) [PSYoungGen: 72000K->1328K(72192K)] 455352K->384680K(641024K), 0.0026687 secs] [Times: user=0.01 sys=0.00, real=0.01 secs] 
2993.568: [GC (Allocation Failure) [PSYoungGen: 71984K->1408K(72192K)] 455336K->384760K(641024K), 0.0018850 secs] [Times: user=0.01 sys=0.00, real=0.00 secs] 
2993.861: [GC (Allocation Failure) [PSYoungGen: 72064K->1408K(72192K)] 455416K->384760K(641024K), 0.0016564 secs] [Times: user=0.01 sys=0.00, real=0.00 secs] 
2994.154: [GC (Allocation Failure) [PSYoungGen: 72064K->1408K(72192K)] 455416K->384760K(641024K), 0.0017888 secs] [Times: user=0.01 sys=0.00, real=0.00 secs] 
2994.447: [GC (Allocation Failure) [PSYoungGen: 72064K->1424K(72192K)] 455416K->384776K(641024K), 0.0018584 secs] [Times: user=0.01 sys=0.00, real=0.00 secs] 
2996.373: [GC (Allocation Failure) [PSYoungGen: 72080K->1440K(72192K)] 455432K->384808K(641024K), 0.0041936 secs] [Times: user=0.02 sys=0.00, real=0.00 secs] 
2997.046: [GC (Allocation Failure) [PSYoungGen: 72096K->1376K(72192K)] 455464K->384744K(641024K), 0.0033798 secs] [Times: user=0.02 sys=0.00, real=0.00 secs] 
2997.513: [GC (Allocation Failure) [PSYoungGen: 72032K->1408K(72192K)] 455400K->384776K(641024K), 0.0028711 secs] [Times: user=0.01 sys=0.00, real=0.00 secs] 
2997.832: [GC (Allocation Failure) [PSYoungGen: 72064K->1376K(72192K)] 455432K->384744K(641024K), 0.0021012 secs] [Times: user=0.01 sys=0.01, real=0.00 secs] 
2999.148: [GC (Allocation Failure) [PSYoungGen: 72032K->1440K(72192K)] 455400K->384808K(641024K), 0.0021306 secs] [Times: user=0.00 sys=0.00, real=0.00 secs] 
3000.063: [GC (Allocation Failure) [PSYoungGen: 72096K->1408K(72192K)] 455464K->384776K(641024K), 0.0030412 secs] [Times: user=0.01 sys=0.00, real=0.00 secs] 
3000.918: [GC (Allocation Failure) [PSYoungGen: 72064K->1376K(72192K)] 455432K->384744K(641024K), 0.0079336 secs] [Times: user=0.04 sys=0.00, real=0.01 secs] 
3002.472: [GC (Allocation Failure) [PSYoungGen: 72032K->1408K(72192K)] 455400K->384776K(641024K), 0.0044581 secs] [Times: user=0.01 sys=0.00, real=0.00 secs] 
3004.302: [GC (Allocation Failure) [PSYoungGen: 72064K->1408K(72192K)] 455432K->384776K(641024K), 0.0018136 secs] [Times: user=0.01 sys=0.00, real=0.00 secs] 
3004.918: [GC (Allocation Failure) [PSYoungGen: 72064K->1376K(72192K)] 455432K->384744K(641024K), 0.0041131 secs] [Times: user=0.02 sys=0.00, real=0.01 secs] 
3005.509: [GC (Allocation Failure) [PSYoungGen: 72032K->1376K(72192K)] 455400K->384744K(641024K), 0.0035059 secs] [Times: user=0.01 sys=0.00, real=0.01 secs] 
3006.080: [GC (Allocation Failure) [PSYoungGen: 72032K->1376K(72192K)] 455400K->384744K(641024K), 0.0028866 secs] [Times: user=0.01 sys=0.00, real=0.01 secs] 
3007.299: [GC (Allocation Failure) [PSYoungGen: 72032K->1408K(72192K)] 455400K->384784K(641024K), 0.0021657 secs] [Times: user=0.01 sys=0.00, real=0.01 secs] 
3007.965: [GC (Allocation Failure) [PSYoungGen: 72064K->1376K(72192K)] 455440K->384752K(641024K), 0.0040788 secs] [Times: user=0.02 sys=0.00, real=0.00 secs] 
3008.619: [GC (Allocation Failure) [PSYoungGen: 72032K->1376K(72192K)] 455408K->384752K(641024K), 0.0027965 secs] [Times: user=0.01 sys=0.00, real=0.01 secs] 
3008.935: [GC (Allocation Failure) [PSYoungGen: 72032K->1376K(72192K)] 455408K->384752K(641024K), 0.0020672 secs] [Times: user=0.00 sys=0.00, real=0.00 secs] 
3009.965: [GC (Allocation Failure) [PSYoungGen: 72032K->1424K(72192K)] 455408K->384800K(641024K), 0.0019627 secs] [Times: user=0.00 sys=0.00, real=0.00 secs] 
3010.473: [GC (Allocation Failure) [PSYoungGen: 72080K->1408K(72192K)] 455456K->384784K(641024K), 0.0017060 secs] [Times: user=0.00 sys=0.00, real=0.00 secs] 
3011.148: [GC (Allocation Failure) [PSYoungGen: 72064K->1360K(72192K)] 455440K->384736K(641024K), 0.0027525 secs] [Times: user=0.01 sys=0.00, real=0.01 secs] 
3011.752: [GC (Allocation Failure) [PSYoungGen: 72016K->1376K(72192K)] 455392K->384752K(641024K), 0.0029323 secs] [Times: user=0.01 sys=0.00, real=0.00 secs] 
3013.028: [GC (Allocation Failure) [PSYoungGen: 72032K->1440K(72192K)] 455408K->384816K(641024K), 0.0055183 secs] [Times: user=0.02 sys=0.00, real=0.01 secs] 
3013.650: [GC (Allocation Failure) [PSYoungGen: 72096K->1376K(72192K)] 455472K->384752K(641024K), 0.0023166 secs] [Times: user=0.01 sys=0.00, real=0.01 secs] 
3014.249: [GC (Allocation Failure) [PSYoungGen: 72032K->1408K(72192K)] 455408K->384784K(641024K), 0.0024186 secs] [Times: user=0.01 sys=0.00, real=0.01 secs] 
3014.897: [GC (Allocation Failure) [PSYoungGen: 72064K->1344K(72192K)] 455440K->384736K(641024K), 0.0027650 secs] [Times: user=0.01 sys=0.00, real=0.00 secs] 
3017.307: [GC (Allocation Failure) [PSYoungGen: 72000K->1408K(72192K)] 455392K->384800K(641024K), 0.0043365 secs] [Times: user=0.02 sys=0.00, real=0.01 secs] 
3017.983: [GC (Allocation Failure) [PSYoungGen: 72064K->1376K(72192K)] 455456K->384768K(641024K), 0.0022729 secs] [Times: user=0.01 sys=0.00, real=0.00 secs] 
3018.277: [GC (Allocation Failure) [PSYoungGen: 72032K->1312K(72192K)] 455424K->384704K(641024K), 0.0025655 secs] [Times: user=0.01 sys=0.00, real=0.00 secs] 
3018.811: [GC (Allocation Failure) [PSYoungGen: 71968K->1376K(72192K)] 455360K->384776K(641024K), 0.0035009 secs] [Times: user=0.02 sys=0.00, real=0.00 secs] 
3020.313: [GC (Allocation Failure) [PSYoungGen: 72032K->1424K(72192K)] 455432K->384824K(641024K), 0.0021622 secs] [Times: user=0.01 sys=0.00, real=0.00 secs] 
3021.617: [GC (Allocation Failure) [PSYoungGen: 72080K->1376K(72192K)] 455480K->384776K(641024K), 0.0042427 secs] [Times: user=0.02 sys=0.00, real=0.01 secs] 
3022.756: [GC (Allocation Failure) [PSYoungGen: 72032K->1408K(72192K)] 455432K->384808K(641024K), 0.0044357 secs] [Times: user=0.02 sys=0.00, real=0.00 secs] 
3023.770: [GC (Allocation Failure) [PSYoungGen: 72064K->1376K(72192K)] 455464K->384792K(641024K), 0.0043535 secs] [Times: user=0.02 sys=0.00, real=0.01 secs] 
3025.944: [GC (Allocation Failure) [PSYoungGen: 72032K->1408K(72192K)] 455448K->384824K(641024K), 0.0043652 secs] [Times: user=0.02 sys=0.00, real=0.00 secs] 
3027.425: [GC (Allocation Failure) [PSYoungGen: 72064K->1360K(72192K)] 455480K->384776K(641024K), 0.0027671 secs] [Times: user=0.01 sys=0.00, real=0.00 secs] 
3027.897: [GC (Allocation Failure) [PSYoungGen: 72016K->1328K(72192K)] 455432K->384744K(641024K), 0.0021627 secs] [Times: user=0.01 sys=0.00, real=0.00 secs] 
3028.688: [GC (Allocation Failure) [PSYoungGen: 71984K->1504K(72192K)] 455400K->385318K(641024K), 0.0032245 secs] [Times: user=0.01 sys=0.00, real=0.01 secs] 
3030.878: [GC (Allocation Failure) [PSYoungGen: 72160K->2016K(70144K)] 455974K->392405K(638976K), 0.0053239 secs] [Times: user=0.03 sys=0.00, real=0.01 secs] 
3042.165: [GC (Allocation Failure) [PSYoungGen: 70112K->4576K(72704K)] 460501K->426173K(641536K), 0.0472736 secs] [Times: user=0.27 sys=0.00, real=0.05 secs] 
3044.682: [GC (Allocation Failure) [PSYoungGen: 72672K->16864K(68096K)] 494269K->475717K(636928K), 0.0307138 secs] [Times: user=0.17 sys=0.00, real=0.03 secs] 
3044.792: [GC (Allocation Failure) [PSYoungGen: 68064K->33760K(84992K)] 526917K->511437K(653824K), 0.0148663 secs] [Times: user=0.08 sys=0.01, real=0.01 secs] 
3044.868: [GC (Allocation Failure) [PSYoungGen: 84960K->47072K(88576K)] 562637K->552277K(657408K), 0.0224374 secs] [Times: user=0.11 sys=0.01, real=0.03 secs] 
3044.927: [GC (Allocation Failure) [PSYoungGen: 76318K->66016K(107520K)] 581523K->575373K(676352K), 0.0155426 secs] [Times: user=0.08 sys=0.00, real=0.02 secs] 
3046.034: [GC (Allocation Failure) [PSYoungGen: 107488K->79840K(111104K)] 616845K->600605K(679936K), 0.0878671 secs] [Times: user=0.36 sys=0.15, real=0.09 secs] 
3048.072: [GC (Allocation Failure) [PSYoungGen: 111072K->98784K(130048K)] 631837K->622696K(698880K), 0.0629363 secs] [Times: user=0.37 sys=0.00, real=0.06 secs] 
3049.335: [GC (Allocation Failure) [PSYoungGen: 130016K->107293K(138240K)] 653928K->631326K(707072K), 0.0367856 secs] [Times: user=0.21 sys=0.01, real=0.04 secs] 
3049.409: [GC (Allocation Failure) [PSYoungGen: 127773K->88000K(155648K)] 651806K->631280K(724480K), 0.0325720 secs] [Times: user=0.19 sys=0.00, real=0.04 secs] 
3049.442: [Full GC (Ergonomics) [PSYoungGen: 88000K->0K(155648K)] [ParOldGen: 543280K->252973K(761344K)] 631280K->252973K(916992K), [Metaspace: 60069K->59985K(1105920K)], 0.5618069 secs] [Times: user=2.41 sys=0.00, real=0.56 secs] 
3050.042: [GC (Allocation Failure) [PSYoungGen: 20480K->64K(165376K)] 273453K->253037K(926720K), 0.0014305 secs] [Times: user=0.00 sys=0.00, real=0.00 secs] 
3050.106: [GC (Allocation Failure) [PSYoungGen: 24640K->1984K(165888K)] 277613K->254957K(927232K), 0.0014789 secs] [Times: user=0.01 sys=0.00, real=0.00 secs] 
3050.132: [GC (Allocation Failure) [PSYoungGen: 26560K->6176K(160768K)] 279533K->259149K(922112K), 0.0020028 secs] [Times: user=0.02 sys=0.00, real=0.00 secs] 
3050.171: [GC (Allocation Failure) [PSYoungGen: 35872K->18720K(48640K)] 288845K->277382K(809984K), 0.0060867 secs] [Times: user=0.04 sys=0.00, real=0.00 secs] 
3050.211: [GC (Allocation Failure) [PSYoungGen: 48416K->20512K(151040K)] 307078K->295722K(912384K), 0.0098515 secs] [Times: user=0.05 sys=0.00, real=0.00 secs] 
3050.261: [GC (Allocation Failure) [PSYoungGen: 56352K->26400K(62464K)] 331562K->320010K(823808K), 0.0117823 secs] [Times: user=0.07 sys=0.00, real=0.01 secs] 
3050.319: [GC (Allocation Failure) [PSYoungGen: 60567K->26592K(143872K)] 354178K->346534K(905216K), 0.0163862 secs] [Times: user=0.09 sys=0.00, real=0.02 secs] 
3050.380: [GC (Allocation Failure) [PSYoungGen: 69600K->33024K(150528K)] 389542K->379582K(911872K), 0.0182529 secs] [Times: user=0.10 sys=0.00, real=0.02 secs] 
3050.451: [GC (Allocation Failure) [PSYoungGen: 76032K->34432K(140288K)] 422590K->413934K(901632K), 0.0212151 secs] [Times: user=0.12 sys=0.00, real=0.02 secs] 
3050.758: [GC (Allocation Failure) [PSYoungGen: 86144K->43904K(145920K)] 465646K->457799K(907264K), 0.0284140 secs] [Times: user=0.17 sys=0.00, real=0.03 secs] 
3051.598: [GC (Allocation Failure) [PSYoungGen: 95616K->34592K(143360K)] 509511K->492367K(904704K), 0.0398650 secs] [Times: user=0.24 sys=0.00, real=0.04 secs] 
3052.517: [GC (Allocation Failure) [PSYoungGen: 97056K->13824K(148992K)] 554831K->506215K(910336K), 0.0674551 secs] [Times: user=0.40 sys=0.00, real=0.07 secs] 
3052.684: [GC (Allocation Failure) [PSYoungGen: 76288K->5472K(158720K)] 568679K->511615K(920064K), 0.0182648 secs] [Times: user=0.10 sys=0.00, real=0.02 secs] 
3052.798: [GC (Allocation Failure) [PSYoungGen: 80736K->50720K(159232K)] 586879K->561905K(920576K), 0.0117773 secs] [Times: user=0.07 sys=0.00, real=0.01 secs] 
3055.620: [GC (Allocation Failure) [PSYoungGen: 125984K->50016K(175104K)] 637169K->603625K(936448K), 0.0573816 secs] [Times: user=0.34 sys=0.00, real=0.06 secs] 
3056.368: [GC (Allocation Failure) [PSYoungGen: 138592K->68576K(176640K)] 692201K->672001K(937984K), 0.0505141 secs] [Times: user=0.25 sys=0.05, real=0.05 secs] 
3056.929: [GC (Allocation Failure) [PSYoungGen: 157152K->70976K(194048K)] 760577K->743065K(955392K), 0.0803364 secs] [Times: user=0.29 sys=0.18, real=0.08 secs] 
3057.920: [GC (Allocation Failure) [PSYoungGen: 169792K->11424K(201216K)] 841881K->754513K(962560K), 0.0503832 secs] [Times: user=0.20 sys=0.10, real=0.05 secs] 
3057.971: [Full GC (Ergonomics) [PSYoungGen: 11424K->0K(201216K)] [ParOldGen: 743089K->252307K(858112K)] 754513K->252307K(1059328K), [Metaspace: 60007K->60007K(1105920K)], 0.7076461 secs] [Times: user=2.60 sys=0.00, real=0.71 secs] 
3059.301: [GC (Allocation Failure) [PSYoungGen: 98816K->42272K(201728K)] 351123K->294579K(1059840K), 0.0289336 secs] [Times: user=0.16 sys=0.00, real=0.02 secs] 
3059.588: [GC (Allocation Failure) [PSYoungGen: 156448K->92096K(210432K)] 408755K->383596K(1068544K), 0.0303496 secs] [Times: user=0.18 sys=0.00, real=0.03 secs] 
3059.759: [GC (Allocation Failure) [PSYoungGen: 206272K->92448K(230912K)] 497772K->459708K(1089024K), 0.0610878 secs] [Times: user=0.34 sys=0.03, real=0.06 secs] 
3060.756: [GC (Allocation Failure) [PSYoungGen: 212768K->33696K(242688K)] 580028K->493536K(1100800K), 0.0427859 secs] [Times: user=0.26 sys=0.00, real=0.04 secs] 
3061.386: [GC (Allocation Failure) [PSYoungGen: 154016K->60032K(253440K)] 613856K->553421K(1111552K), 0.0510821 secs] [Times: user=0.30 sys=0.01, real=0.05 secs] 
3062.676: [GC (Allocation Failure) [PSYoungGen: 200320K->104864K(255488K)] 693709K->652649K(1113600K), 0.0978013 secs] [Times: user=0.57 sys=0.01, real=0.10 secs] 
3064.203: [GC (Allocation Failure) [PSYoungGen: 245152K->87008K(288256K)] 792937K->731509K(1146368K), 0.0560435 secs] [Times: user=0.32 sys=0.00, real=0.05 secs] 
3064.671: [GC (Allocation Failure) [PSYoungGen: 242800K->48096K(292864K)] 887302K->779701K(1150976K), 0.0588497 secs] [Times: user=0.34 sys=0.00, real=0.05 secs] 
3064.730: [Full GC (Ergonomics) [PSYoungGen: 48096K->0K(292864K)] [ParOldGen: 731605K->63422K(738816K)] 779701K->63422K(1031680K), [Metaspace: 60021K->60021K(1105920K)], 0.1339356 secs] [Times: user=0.58 sys=0.00, real=0.14 secs] 
3065.042: [GC (Allocation Failure) [PSYoungGen: 158720K->119968K(295936K)] 222142K->183390K(1034752K), 0.0358526 secs] [Times: user=0.13 sys=0.08, real=0.03 secs] 
3066.435: [GC (Allocation Failure) [PSYoungGen: 287904K->82496K(312320K)] 351326K->257818K(1051136K), 0.0557090 secs] [Times: user=0.34 sys=0.00, real=0.05 secs] 
3069.635: [GC (Allocation Failure) [PSYoungGen: 250432K->74912K(327168K)] 425754K->332562K(1065984K), 0.0703215 secs] [Times: user=0.41 sys=0.00, real=0.07 secs] 
3069.927: [GC (Allocation Failure) [PSYoungGen: 267936K->139744K(332800K)] 525586K->469447K(1071616K), 0.0503855 secs] [Times: user=0.30 sys=0.01, real=0.05 secs] 
3070.985: [GC (Allocation Failure) [PSYoungGen: 332768K->64000K(394752K)] 662471K->533751K(1133568K), 0.0870013 secs] [Times: user=0.49 sys=0.02, real=0.09 secs] 
3071.575: [GC (Allocation Failure) [PSYoungGen: 288256K->178656K(402944K)] 758007K->721908K(1141760K), 0.0546322 secs] [Times: user=0.32 sys=0.00, real=0.05 secs] 
3077.027: [GC (Allocation Failure) [PSYoungGen: 402912K->70080K(475136K)] 946164K->759476K(1213952K), 0.1716168 secs] [Times: user=0.82 sys=0.16, real=0.17 secs] 
3077.199: [Full GC (Ergonomics) [PSYoungGen: 70080K->0K(475136K)] [ParOldGen: 689396K->40443K(800768K)] 759476K->40443K(1275904K), [Metaspace: 60031K->60031K(1105920K)], 0.1086044 secs] [Times: user=0.43 sys=0.00, real=0.11 secs] 
3080.573: [GC (Allocation Failure) [PSYoungGen: 233175K->161696K(465920K)] 273619K->202139K(1266688K), 0.0311675 secs] [Times: user=0.18 sys=0.00, real=0.03 secs] 
3081.886: [GC (Allocation Failure) [PSYoungGen: 403872K->102144K(464896K)] 444315K->296132K(1265664K), 0.0723577 secs] [Times: user=0.40 sys=0.02, real=0.07 secs] 
3082.237: [GC (Allocation Failure) [PSYoungGen: 344320K->172672K(465408K)] 538308K->463920K(1266176K), 0.0523231 secs] [Times: user=0.29 sys=0.02, real=0.05 secs] 
3085.808: [GC (Allocation Failure) [PSYoungGen: 414848K->91040K(470016K)] 706096K->553808K(1270784K), 0.1253694 secs] [Times: user=0.74 sys=0.00, real=0.13 secs] 
3086.249: [GC (Allocation Failure) [PSYoungGen: 329632K->178880K(465920K)] 792400K->726428K(1266688K), 0.0590378 secs] [Times: user=0.36 sys=0.00, real=0.06 secs] 
3088.373: [GC (Allocation Failure) [PSYoungGen: 417472K->86432K(465920K)] 965020K->812872K(1266688K), 0.0999275 secs] [Times: user=0.59 sys=0.00, real=0.10 secs] 
3088.473: [Full GC (Ergonomics) [PSYoungGen: 86432K->0K(465920K)] [ParOldGen: 726440K->93406K(931840K)] 812872K->93406K(1397760K), [Metaspace: 60042K->60042K(1105920K)], 0.2127883 secs] [Times: user=0.96 sys=0.00, real=0.21 secs] 
3090.767: [GC (Allocation Failure) [PSYoungGen: 231525K->200576K(465920K)] 324931K->293982K(1397760K), 0.0368057 secs] [Times: user=0.22 sys=0.00, real=0.04 secs] 
3094.741: [GC (Allocation Failure) [PSYoungGen: 433536K->80736K(465920K)] 526942K->340190K(1397760K), 0.0986862 secs] [Times: user=0.59 sys=0.00, real=0.09 secs] 
3095.503: [GC (Allocation Failure) [PSYoungGen: 313696K->205568K(465920K)] 573150K->539103K(1397760K), 0.0552669 secs] [Times: user=0.32 sys=0.01, real=0.05 secs] 
3096.944: [GC (Allocation Failure) [PSYoungGen: 436551K->92384K(465920K)] 770086K->589963K(1397760K), 0.0937919 secs] [Times: user=0.56 sys=0.00, real=0.09 secs] 
3100.122: [GC (Allocation Failure) [PSYoungGen: 325344K->151200K(465920K)] 822923K->735304K(1397760K), 0.0598256 secs] [Times: user=0.36 sys=0.00, real=0.06 secs] 
3103.908: [GC (Allocation Failure) [PSYoungGen: 380937K->93280K(465920K)] 965041K->828424K(1397760K), 0.0774202 secs] [Times: user=0.46 sys=0.00, real=0.08 secs] 
3103.985: [Full GC (Ergonomics) [PSYoungGen: 93280K->0K(465920K)] [ParOldGen: 735144K->109387K(1005568K)] 828424K->109387K(1471488K), [Metaspace: 60054K->60054K(1105920K)], 0.2493680 secs] [Times: user=1.13 sys=0.00, real=0.25 secs] 
3105.316: [GC (Allocation Failure) [PSYoungGen: 232960K->150496K(465920K)] 342347K->259883K(1471488K), 0.0426298 secs] [Times: user=0.25 sys=0.00, real=0.04 secs] 
3107.494: [GC (Allocation Failure) [PSYoungGen: 383456K->124032K(465920K)] 492843K->384127K(1471488K), 0.0784050 secs] [Times: user=0.45 sys=0.01, real=0.08 secs] 
3110.117: [GC (Allocation Failure) [PSYoungGen: 356992K->148672K(381952K)] 617087K->497822K(1387520K), 0.0596297 secs] [Times: user=0.36 sys=0.00, real=0.06 secs] 
3111.963: [GC (Allocation Failure) [PSYoungGen: 381632K->130976K(474112K)] 730782K->628598K(1479680K), 0.0746023 secs] [Times: user=0.43 sys=0.01, real=0.07 secs] 
3114.893: [GC (Allocation Failure) [PSYoungGen: 372640K->141184K(382976K)] 870262K->735011K(1388544K), 0.0603062 secs] [Times: user=0.36 sys=0.00, real=0.06 secs] 
3116.476: [GC (Allocation Failure) [PSYoungGen: 382848K->128416K(471040K)] 976675K->863627K(1476608K), 0.0604477 secs] [Times: user=0.36 sys=0.01, real=0.06 secs] 
3118.196: [GC (Allocation Failure) [PSYoungGen: 380320K->4320K(461824K)] 1115531K->740163K(1467392K), 0.0037540 secs] [Times: user=0.01 sys=0.00, real=0.00 secs] 
3119.625: [GC (Allocation Failure) [PSYoungGen: 256224K->175776K(456192K)] 992067K->913967K(1461760K), 0.0458226 secs] [Times: user=0.20 sys=0.08, real=0.05 secs] 
3121.232: [GC (Allocation Failure) [PSYoungGen: 408736K->89024K(465920K)] 1146927K->994224K(1471488K), 0.1696533 secs] [Times: user=0.72 sys=0.29, real=0.17 secs] 
3121.402: [Full GC (Ergonomics) [PSYoungGen: 89024K->0K(465920K)] [ParOldGen: 905199K->36524K(981504K)] 994224K->36524K(1447424K), [Metaspace: 60072K->60072K(1105920K)], 0.0873567 secs] [Times: user=0.33 sys=0.00, real=0.08 secs] 
3124.059: [GC (Allocation Failure) [PSYoungGen: 225540K->164384K(461824K)] 262064K->200908K(1443328K), 0.0576608 secs] [Times: user=0.34 sys=0.00, real=0.06 secs] 
3126.817: [GC (Allocation Failure) [PSYoungGen: 397344K->85888K(465920K)] 433868K->278716K(1447424K), 0.1367568 secs] [Times: user=0.81 sys=0.00, real=0.14 secs] 
3128.693: [GC (Allocation Failure) [PSYoungGen: 318848K->163872K(462848K)] 511676K->440001K(1444352K), 0.0468401 secs] [Times: user=0.27 sys=0.01, real=0.04 secs] 
3130.225: [GC (Allocation Failure) [PSYoungGen: 396832K->90528K(465920K)] 672961K->522421K(1447424K), 0.1194738 secs] [Times: user=0.71 sys=0.01, real=0.12 secs] 
3131.761: [GC (Allocation Failure) [PSYoungGen: 309912K->159456K(462848K)] 741805K->678848K(1444352K), 0.0499180 secs] [Times: user=0.30 sys=0.00, real=0.05 secs] 
3135.708: [GC (Allocation Failure) [PSYoungGen: 392416K->87264K(320512K)] 911808K->758048K(1302016K), 0.1688812 secs] [Times: user=1.01 sys=0.00, real=0.17 secs] 
3137.297: [GC (Allocation Failure) [PSYoungGen: 309097K->163488K(460800K)] 979881K->918415K(1442304K), 0.0473236 secs] [Times: user=0.28 sys=0.00, real=0.05 secs] 
3137.345: [Full GC (Ergonomics) [PSYoungGen: 163488K->0K(460800K)] [ParOldGen: 754927K->198275K(1173504K)] 918415K->198275K(1634304K), [Metaspace: 60094K->60094K(1105920K)], 0.4499219 secs] [Times: user=2.08 sys=0.00, real=0.45 secs] 
3138.854: [GC (Allocation Failure) [PSYoungGen: 231936K->94432K(464896K)] 430211K->292707K(1638400K), 0.0303171 secs] [Times: user=0.17 sys=0.00, real=0.03 secs] 
3139.759: [GC (Allocation Failure) [PSYoungGen: 314587K->156288K(463360K)] 512862K->445949K(1636864K), 0.1164969 secs] [Times: user=0.69 sys=0.00, real=0.12 secs] 
3142.245: [GC (Allocation Failure) [PSYoungGen: 391296K->95648K(330752K)] 680957K->532850K(1504256K), 0.1604938 secs] [Times: user=0.96 sys=0.01, real=0.16 secs] 
3142.810: [GC (Allocation Failure) [PSYoungGen: 330656K->171808K(456704K)] 767858K->700870K(1630208K), 0.0507105 secs] [Times: user=0.30 sys=0.00, real=0.06 secs] 
3146.755: [GC (Allocation Failure) [PSYoungGen: 403744K->80704K(464896K)] 932806K->781318K(1638400K), 0.1710530 secs] [Times: user=1.02 sys=0.00, real=0.17 secs] 
3147.250: [GC (Allocation Failure) [PSYoungGen: 312640K->170656K(463360K)] 1013254K->948263K(1636864K), 0.0543974 secs] [Times: user=0.33 sys=0.00, real=0.06 secs] 
3148.711: [GC (Allocation Failure) [PSYoungGen: 403616K->86144K(465920K)] 1181223K->1034615K(1639424K), 0.0941950 secs] [Times: user=0.50 sys=0.05, real=0.09 secs] 
3148.805: [Full GC (Ergonomics) [PSYoungGen: 86144K->0K(465920K)] [ParOldGen: 948471K->72064K(1079808K)] 1034615K->72064K(1545728K), [Metaspace: 60097K->60097K(1105920K)], 0.1530386 secs] [Times: user=0.67 sys=0.00, real=0.15 secs] 
3149.209: [GC (Allocation Failure) [PSYoungGen: 232960K->176352K(465920K)] 305024K->248416K(1545728K), 0.0375250 secs] [Times: user=0.22 sys=0.00, real=0.04 secs] 
3152.598: [GC (Allocation Failure) [PSYoungGen: 409312K->69248K(465920K)] 481376K->317868K(1545728K), 0.1307102 secs] [Times: user=0.76 sys=0.02, real=0.13 secs] 
3153.004: [GC (Allocation Failure) [PSYoungGen: 302208K->177504K(465920K)] 550828K->488957K(1545728K), 0.0541137 secs] [Times: user=0.32 sys=0.00, real=0.05 secs] 
3154.315: [GC (Allocation Failure) [PSYoungGen: 410464K->90048K(465920K)] 721917K->578973K(1545728K), 0.0701054 secs] [Times: user=0.41 sys=0.00, real=0.07 secs] 
3156.410: [GC (Allocation Failure) [PSYoungGen: 323008K->197024K(465920K)] 811933K->770378K(1545728K), 0.1499342 secs] [Times: user=0.87 sys=0.02, real=0.15 secs] 
3158.382: [GC (Allocation Failure) [PSYoungGen: 429984K->87616K(465920K)] 1003338K->824986K(1545728K), 0.0990317 secs] [Times: user=0.59 sys=0.00, real=0.10 secs] 
3159.581: [GC (Allocation Failure) [PSYoungGen: 320576K->156448K(465920K)] 1057946K->974958K(1545728K), 0.0596216 secs] [Times: user=0.36 sys=0.00, real=0.06 secs] 
3161.501: [GC (Allocation Failure) [PSYoungGen: 383757K->92896K(465920K)] 1202267K->1067662K(1545728K), 0.0861448 secs] [Times: user=0.48 sys=0.03, real=0.08 secs] 
3161.587: [Full GC (Ergonomics) [PSYoungGen: 92896K->0K(465920K)] [ParOldGen: 974766K->109052K(1166336K)] 1067662K->109052K(1632256K), [Metaspace: 60100K->60100K(1105920K)], 0.2443147 secs] [Times: user=1.10 sys=0.00, real=0.25 secs] 
3164.018: [GC (Allocation Failure) [PSYoungGen: 232960K->150432K(465920K)] 342012K->259484K(1632256K), 0.0426783 secs] [Times: user=0.25 sys=0.00, real=0.05 secs] 
3165.412: [GC (Allocation Failure) [PSYoungGen: 376170K->93248K(465920K)] 485223K->352908K(1632256K), 0.0837673 secs] [Times: user=0.50 sys=0.00, real=0.08 secs] 
3166.625: [GC (Allocation Failure) [PSYoungGen: 326208K->151296K(465920K)] 585868K->497505K(1632256K), 0.0596619 secs] [Times: user=0.35 sys=0.00, real=0.06 secs] 
3168.108: [GC (Allocation Failure) [PSYoungGen: 384256K->123552K(356864K)] 730465K->620905K(1523200K), 0.0787335 secs] [Times: user=0.47 sys=0.00, real=0.08 secs] 
3170.532: [GC (Allocation Failure) [PSYoungGen: 356512K->149280K(460288K)] 853865K->734592K(1626624K), 0.0596457 secs] [Times: user=0.36 sys=0.00, real=0.06 secs] 
3171.525: [GC (Allocation Failure) [PSYoungGen: 383776K->114240K(458752K)] 969088K->849048K(1625088K), 0.0592808 secs] [Times: user=0.35 sys=0.00, real=0.06 secs] 
3172.762: [GC (Allocation Failure) [PSYoungGen: 348736K->135072K(467968K)] 1083544K->973631K(1634304K), 0.0614967 secs] [Times: user=0.37 sys=0.00, real=0.06 secs] 
3175.002: [GC (Allocation Failure) [PSYoungGen: 390560K->142304K(466432K)] 1229119K->1115175K(1632768K), 0.0592622 secs] [Times: user=0.35 sys=0.00, real=0.06 secs] 
3175.061: [Full GC (Ergonomics) [PSYoungGen: 142304K->0K(466432K)] [ParOldGen: 972871K->158842K(1241600K)] 1115175K->158842K(1708032K), [Metaspace: 60106K->60106K(1105920K)], 0.3652765 secs] [Times: user=1.69 sys=0.00, real=0.36 secs] 
3176.926: [GC (Allocation Failure) [PSYoungGen: 255488K->114848K(482304K)] 414330K->273690K(1723904K), 0.0604663 secs] [Times: user=0.36 sys=0.00, real=0.06 secs] 
3178.539: [GC (Allocation Failure) [PSYoungGen: 394912K->192864K(473088K)] 553754K->464811K(1714688K), 0.0618958 secs] [Times: user=0.37 sys=0.00, real=0.07 secs] 
3181.442: [GC (Allocation Failure) [PSYoungGen: 472928K->121952K(485888K)] 744875K->586883K(1727488K), 0.1133500 secs] [Times: user=0.68 sys=0.00, real=0.11 secs] 
3182.729: [GC (Allocation Failure) [PSYoungGen: 388704K->160288K(479744K)] 853635K->740400K(1721344K), 0.0685345 secs] [Times: user=0.41 sys=0.00, real=0.07 secs] 
3183.397: [GC (Allocation Failure) [PSYoungGen: 427040K->147168K(481792K)] 1007152K->887872K(1723392K), 0.0647625 secs] [Times: user=0.39 sys=0.00, real=0.07 secs] 
3185.595: [GC (Allocation Failure) [PSYoungGen: 418016K->15520K(286720K)] 1158720K->756256K(1528320K), 0.0113614 secs] [Times: user=0.06 sys=0.00, real=0.01 secs] 
3186.625: [GC (Allocation Failure) [PSYoungGen: 286368K->194144K(457216K)] 1027104K->947709K(1698816K), 0.0438674 secs] [Times: user=0.25 sys=0.00, real=0.04 secs] 
3189.864: [GC (Allocation Failure) [PSYoungGen: 427104K->75360K(465920K)] 1180669K->1022797K(1707520K), 0.1457560 secs] [Times: user=0.87 sys=0.00, real=0.14 secs] 
3190.302: [GC (Allocation Failure) [PSYoungGen: 308320K->170080K(465920K)] 1255757K->1189034K(1707520K), 0.0599471 secs] [Times: user=0.31 sys=0.05, real=0.06 secs] 
3190.362: [Full GC (Ergonomics) [PSYoungGen: 170080K->0K(465920K)] [ParOldGen: 1018954K->225780K(1380864K)] 1189034K->225780K(1846784K), [Metaspace: 60121K->60121K(1105920K)], 0.5255692 secs] [Times: user=2.47 sys=0.00, real=0.52 secs] 
3193.517: [GC (Allocation Failure) [PSYoungGen: 232960K->79776K(465920K)] 458740K->305556K(1846784K), 0.0972719 secs] [Times: user=0.57 sys=0.00, real=0.10 secs] 
3193.962: [GC (Allocation Failure) [PSYoungGen: 312736K->176704K(465920K)] 538516K->476385K(1846784K), 0.0547885 secs] [Times: user=0.32 sys=0.00, real=0.05 secs] 
3196.169: [GC (Allocation Failure) [PSYoungGen: 409664K->77792K(465920K)] 709345K->554265K(1846784K), 0.1267467 secs] [Times: user=0.75 sys=0.00, real=0.13 secs] 
3196.604: [GC (Allocation Failure) [PSYoungGen: 310752K->176896K(465920K)] 787225K->724322K(1846784K), 0.0572139 secs] [Times: user=0.33 sys=0.01, real=0.06 secs] 
3198.482: [GC (Allocation Failure) [PSYoungGen: 409856K->89024K(465920K)] 957282K->813318K(1846784K), 0.1039392 secs] [Times: user=0.62 sys=0.00, real=0.10 secs] 
3200.548: [GC (Allocation Failure) [PSYoungGen: 321984K->203904K(465920K)] 1046278K->1011571K(1846784K), 0.0669037 secs] [Times: user=0.40 sys=0.00, real=0.07 secs] 
3202.381: [GC (Allocation Failure) [PSYoungGen: 436864K->90720K(465920K)] 1244531K->1061195K(1846784K), 0.0871156 secs] [Times: user=0.52 sys=0.00, real=0.08 secs] 
3203.565: [GC (Allocation Failure) [PSYoungGen: 323680K->153632K(465920K)] 1294155K->1208010K(1846784K), 0.0614440 secs] [Times: user=0.36 sys=0.01, real=0.06 secs] 
3204.350: [GC (Allocation Failure) [PSYoungGen: 386592K->100576K(465920K)] 1440970K->1308826K(1846784K), 0.0847476 secs] [Times: user=0.33 sys=0.17, real=0.09 secs] 
3204.435: [Full GC (Ergonomics) [PSYoungGen: 100576K->0K(465920K)] [ParOldGen: 1208250K->117235K(1307648K)] 1308826K->117235K(1773568K), [Metaspace: 60141K->60141K(1105920K)], 0.2632364 secs] [Times: user=1.19 sys=0.00, real=0.26 secs] 
3207.257: [GC (Allocation Failure) [PSYoungGen: 232960K->147712K(465920K)] 350195K->264947K(1773568K), 0.0540747 secs] [Times: user=0.32 sys=0.01, real=0.06 secs] 
3209.479: [GC (Allocation Failure) [PSYoungGen: 380672K->101920K(465920K)] 497907K->366867K(1773568K), 0.0959188 secs] [Times: user=0.57 sys=0.00, real=0.10 secs] 
3210.694: [GC (Allocation Failure) [PSYoungGen: 334880K->145888K(464896K)] 599827K->502102K(1772544K), 0.0601126 secs] [Times: user=0.36 sys=0.00, real=0.06 secs] 
3212.012: [GC (Allocation Failure) [PSYoungGen: 378848K->122176K(355328K)] 735062K->624478K(1662976K), 0.1313582 secs] [Times: user=0.79 sys=0.00, real=0.13 secs] 
3214.680: [GC (Allocation Failure) [PSYoungGen: 355136K->133824K(465408K)] 857438K->739875K(1773056K), 0.0615585 secs] [Times: user=0.37 sys=0.00, real=0.07 secs] 
3216.387: [GC (Allocation Failure) [PSYoungGen: 376000K->126240K(457728K)] 982051K->866299K(1765376K), 0.0599511 secs] [Times: user=0.36 sys=0.00, real=0.06 secs] 
3217.603: [GC (Allocation Failure) [PSYoungGen: 368416K->2016K(454144K)] 1108475K->742187K(1761792K), 0.0023526 secs] [Times: user=0.01 sys=0.00, real=0.00 secs] 
3218.835: [GC (Allocation Failure) [PSYoungGen: 248288K->155136K(467968K)] 988459K->896884K(1775616K), 0.0674065 secs] [Times: user=0.39 sys=0.01, real=0.07 secs] 
3221.168: [GC (Allocation Failure) [PSYoungGen: 401408K->13600K(458240K)] 1143156K->755444K(1765888K), 0.0131511 secs] [Times: user=0.07 sys=0.01, real=0.02 secs] 
3222.671: [GC (Allocation Failure) [PSYoungGen: 246560K->163296K(465920K)] 988404K->915761K(1773568K), 0.0352721 secs] [Times: user=0.21 sys=0.00, real=0.03 secs] 
3224.145: [GC (Allocation Failure) [PSYoungGen: 396256K->93056K(463872K)] 1148721K->1000013K(1771520K), 0.0821305 secs] [Times: user=0.49 sys=0.01, real=0.08 secs] 
3225.541: [GC (Allocation Failure) [PSYoungGen: 325812K->164928K(464896K)] 1232770K->1162806K(1772544K), 0.0635948 secs] [Times: user=0.37 sys=0.00, real=0.06 secs] 
3228.079: [GC (Allocation Failure) [PSYoungGen: 397888K->89856K(465920K)] 1395766K->1244647K(1773568K), 0.1681522 secs] [Times: user=1.00 sys=0.01, real=0.17 secs] 
3228.247: [Full GC (Ergonomics) [PSYoungGen: 89856K->0K(465920K)] [ParOldGen: 1154790K->42167K(1282048K)] 1244647K->42167K(1747968K), [Metaspace: 60161K->60161K(1105920K)], 0.1163363 secs] [Times: user=0.47 sys=0.00, real=0.12 secs] 
3229.119: [GC (Allocation Failure) [PSYoungGen: 222434K->160512K(465920K)] 264602K->202679K(1747968K), 0.0310095 secs] [Times: user=0.18 sys=0.00, real=0.03 secs] 
3230.664: [GC (Allocation Failure) [PSYoungGen: 394496K->91648K(461824K)] 436663K->285559K(1743872K), 0.1499345 secs] [Times: user=0.89 sys=0.00, real=0.15 secs] 
3232.763: [GC (Allocation Failure) [PSYoungGen: 310780K->158944K(463872K)] 504692K->440788K(1745920K), 0.1190675 secs] [Times: user=0.70 sys=0.00, real=0.12 secs] 
3235.427: [GC (Allocation Failure) [PSYoungGen: 392928K->89056K(462848K)] 674772K->521764K(1744896K), 0.1413863 secs] [Times: user=0.84 sys=0.01, real=0.14 secs] 
3236.815: [GC (Allocation Failure) [PSYoungGen: 319044K->161824K(464384K)] 751752K->680105K(1746432K), 0.0472316 secs] [Times: user=0.28 sys=0.00, real=0.05 secs] 
3238.060: [GC (Allocation Failure) [PSYoungGen: 397856K->93824K(463872K)] 916137K->765409K(1745920K), 0.0958509 secs] [Times: user=0.57 sys=0.00, real=0.10 secs] 
3238.573: [GC (Allocation Failure) [PSYoungGen: 331392K->168160K(464896K)] 1002977K->930618K(1746944K), 0.0553849 secs] [Times: user=0.33 sys=0.00, real=0.05 secs] 
3241.507: [GC (Allocation Failure) [PSYoungGen: 405728K->87808K(468480K)] 1168186K->1018490K(1750528K), 0.1549738 secs] [Times: user=0.92 sys=0.00, real=0.16 secs] 
3241.940: [GC (Allocation Failure) [PSYoungGen: 323840K->173248K(465920K)] 1254522K->1188155K(1747968K), 0.0563795 secs] [Times: user=0.34 sys=0.00, real=0.06 secs] 
3244.710: [GC (Allocation Failure) [PSYoungGen: 409280K->79072K(465920K)] 1424187K->1267323K(1747968K), 0.1260374 secs] [Times: user=0.75 sys=0.00, real=0.13 secs] 
3244.836: [Full GC (Ergonomics) [PSYoungGen: 79072K->0K(465920K)] [ParOldGen: 1188251K->70629K(1340416K)] 1267323K->70629K(1806336K), [Metaspace: 60165K->60165K(1105920K)], 0.1646662 secs] [Times: user=0.75 sys=0.00, real=0.17 secs] 
3245.286: [GC (Allocation Failure) [PSYoungGen: 232960K->189856K(465920K)] 303589K->260485K(1806336K), 0.0384410 secs] [Times: user=0.23 sys=0.00, real=0.04 secs] 
3248.040: [GC (Allocation Failure) [PSYoungGen: 422816K->81312K(465920K)] 493445K->325589K(1806336K), 0.1214891 secs] [Times: user=0.72 sys=0.00, real=0.13 secs] 
3248.429: [GC (Allocation Failure) [PSYoungGen: 314272K->177952K(465920K)] 558549K->497774K(1806336K), 0.0571185 secs] [Times: user=0.34 sys=0.00, real=0.06 secs] 
3251.241: [GC (Allocation Failure) [PSYoungGen: 410912K->72896K(465920K)] 730734K->570934K(1806336K), 0.1083594 secs] [Times: user=0.64 sys=0.00, real=0.10 secs] 
3252.303: [GC (Allocation Failure) [PSYoungGen: 304866K->207840K(465920K)] 802905K->772351K(1806336K), 0.0790930 secs] [Times: user=0.47 sys=0.00, real=0.08 secs] 
3254.194: [GC (Allocation Failure) [PSYoungGen: 440800K->85792K(465920K)] 1005311K->824595K(1806336K), 0.0921217 secs] [Times: user=0.54 sys=0.00, real=0.09 secs] 
3255.395: [GC (Allocation Failure) [PSYoungGen: 318752K->159424K(465920K)] 1057555K->977338K(1806336K), 0.0600746 secs] [Times: user=0.36 sys=0.00, real=0.06 secs] 
3257.175: [GC (Allocation Failure) [PSYoungGen: 388219K->92896K(465920K)] 1206134K->1069674K(1806336K), 0.0851155 secs] [Times: user=0.50 sys=0.00, real=0.08 secs] 
3258.383: [GC (Allocation Failure) [PSYoungGen: 325856K->151040K(465920K)] 1302634K->1214435K(1806336K), 0.0608976 secs] [Times: user=0.37 sys=0.00, real=0.06 secs] 
3259.730: [GC (Allocation Failure) [PSYoungGen: 384000K->116736K(465920K)] 1447395K->1330911K(1806336K), 0.0727988 secs] [Times: user=0.42 sys=0.02, real=0.08 secs] 
3259.802: [Full GC (Ergonomics) [PSYoungGen: 116736K->0K(465920K)] [ParOldGen: 1214175K->117983K(1398272K)] 1330911K->117983K(1864192K), [Metaspace: 60167K->60167K(1105920K)], 0.2546971 secs] [Times: user=1.13 sys=0.00, real=0.25 secs] 
3261.967: [GC (Allocation Failure) [PSYoungGen: 232960K->147872K(465920K)] 350943K->265855K(1864192K), 0.0516044 secs] [Times: user=0.30 sys=0.00, real=0.05 secs] 
3263.259: [GC (Allocation Failure) [PSYoungGen: 380832K->108000K(459776K)] 498815K->373695K(1858048K), 0.0753520 secs] [Times: user=0.45 sys=0.00, real=0.08 secs] 
3264.588: [GC (Allocation Failure) [PSYoungGen: 340960K->140320K(462848K)] 606655K->503390K(1861120K), 0.0606696 secs] [Times: user=0.36 sys=0.00, real=0.06 secs] 
3265.816: [GC (Allocation Failure) [PSYoungGen: 373280K->118240K(456192K)] 736350K->621462K(1854464K), 0.0585994 secs] [Times: user=0.35 sys=0.00, real=0.06 secs] 
3267.227: [GC (Allocation Failure) [PSYoungGen: 362976K->192K(461312K)] 866198K->503454K(1859584K), 0.0019224 secs] [Times: user=0.01 sys=0.00, real=0.00 secs] 
3269.683: [GC (Allocation Failure) [PSYoungGen: 244928K->140992K(471040K)] 748190K->644270K(1869312K), 0.0283632 secs] [Times: user=0.16 sys=0.00, real=0.03 secs] 
3270.820: [GC (Allocation Failure) [PSYoungGen: 382656K->4640K(246784K)] 885934K->507978K(1645056K), 0.0031911 secs] [Times: user=0.02 sys=0.00, real=0.01 secs] 
3271.682: [GC (Allocation Failure) [PSYoungGen: 246304K->165856K(465920K)] 749642K->672548K(1864192K), 0.0332884 secs] [Times: user=0.20 sys=0.00, real=0.03 secs] 
3273.302: [GC (Allocation Failure) [PSYoungGen: 398816K->92960K(465920K)] 905508K->756768K(1864192K), 0.1577907 secs] [Times: user=0.94 sys=0.00, real=0.15 secs] 
3275.087: [GC (Allocation Failure) [PSYoungGen: 325920K->167136K(465920K)] 989728K->921485K(1864192K), 0.0514077 secs] [Times: user=0.30 sys=0.01, real=0.05 secs] 
3276.951: [GC (Allocation Failure) [PSYoungGen: 400096K->89376K(465920K)] 1154445K->1002265K(1864192K), 0.1854188 secs] [Times: user=1.10 sys=0.00, real=0.19 secs] 
3278.172: [GC (Allocation Failure) [PSYoungGen: 317717K->163392K(465920K)] 1230606K->1162938K(1864192K), 0.0490653 secs] [Times: user=0.29 sys=0.00, real=0.05 secs] 
3280.744: [GC (Allocation Failure) [PSYoungGen: 396352K->86464K(465920K)] 1395898K->1241150K(1864192K), 0.1190676 secs] [Times: user=0.70 sys=0.00, real=0.12 secs] 
3280.863: [Full GC (Ergonomics) [PSYoungGen: 86464K->0K(465920K)] [ParOldGen: 1154686K->39765K(1398272K)] 1241150K->39765K(1864192K), [Metaspace: 60182K->60182K(1105920K)], 0.0976341 secs] [Times: user=0.39 sys=0.00, real=0.09 secs] 
3282.011: [GC (Allocation Failure) [PSYoungGen: 230680K->163872K(465920K)] 270445K->203637K(1864192K), 0.0315627 secs] [Times: user=0.19 sys=0.00, real=0.03 secs] 
3285.074: [GC (Allocation Failure) [PSYoungGen: 396832K->86848K(465920K)] 436597K->281581K(1864192K), 0.1584325 secs] [Times: user=0.94 sys=0.00, real=0.16 secs] 
3286.563: [GC (Allocation Failure) [PSYoungGen: 314998K->163936K(465920K)] 509732K->442010K(1864192K), 0.0467509 secs] [Times: user=0.27 sys=0.00, real=0.04 secs] 
3288.296: [GC (Allocation Failure) [PSYoungGen: 396896K->91936K(465920K)] 674970K->524986K(1864192K), 0.1687731 secs] [Times: user=1.00 sys=0.01, real=0.17 secs] 
3289.291: [GC (Allocation Failure) [PSYoungGen: 308881K->159552K(465920K)] 741931K->680439K(1864192K), 0.0475562 secs] [Times: user=0.28 sys=0.00, real=0.04 secs] 
3291.996: [GC (Allocation Failure) [PSYoungGen: 392512K->87552K(321024K)] 913399K->759291K(1719296K), 0.1387231 secs] [Times: user=0.82 sys=0.01, real=0.14 secs] 
3292.609: [GC (Allocation Failure) [PSYoungGen: 313427K->161920K(462848K)] 985166K->918787K(1861120K), 0.0533680 secs] [Times: user=0.31 sys=0.00, real=0.06 secs] 
3296.370: [GC (Allocation Failure) [PSYoungGen: 393344K->87776K(464384K)] 1150211K->998251K(1862656K), 0.1733151 secs] [Times: user=1.04 sys=0.01, real=0.18 secs] 
3297.597: [GC (Allocation Failure) [PSYoungGen: 317696K->162208K(463360K)] 1228172K->1158257K(1861632K), 0.0790180 secs] [Times: user=0.47 sys=0.00, real=0.08 secs] 
3300.186: [GC (Allocation Failure) [PSYoungGen: 394656K->89248K(465408K)] 1390705K->1238837K(1863680K), 0.0994704 secs] [Times: user=0.58 sys=0.01, real=0.10 secs] 
3301.207: [GC (Allocation Failure) [PSYoungGen: 314161K->160832K(462848K)] 1463750K->1397131K(1861120K), 0.0500167 secs] [Times: user=0.28 sys=0.02, real=0.05 secs] 
3301.257: [Full GC (Ergonomics) [PSYoungGen: 160832K->0K(462848K)] [ParOldGen: 1236299K->199073K(1398272K)] 1397131K->199073K(1861120K), [Metaspace: 60187K->60187K(1105920K)], 0.4697699 secs] [Times: user=2.20 sys=0.00, real=0.47 secs] 
3303.722: [GC (Allocation Failure) [PSYoungGen: 232448K->91168K(324096K)] 431521K->290241K(1722368K), 0.0432949 secs] [Times: user=0.25 sys=0.00, real=0.04 secs] 
3304.241: [GC (Allocation Failure) [PSYoungGen: 309370K->158848K(460800K)] 508443K->445946K(1859072K), 0.0473834 secs] [Times: user=0.29 sys=0.00, real=0.05 secs] 
3306.194: [GC (Allocation Failure) [PSYoungGen: 390784K->89568K(464384K)] 677882K->527378K(1862656K), 0.0953936 secs] [Times: user=0.56 sys=0.00, real=0.09 secs] 
3307.636: [GC (Allocation Failure) [PSYoungGen: 309690K->159296K(461312K)] 747501K->684784K(1859584K), 0.0973037 secs] [Times: user=0.58 sys=0.00, real=0.10 secs] 
3310.142: [GC (Allocation Failure) [PSYoungGen: 393280K->85600K(464896K)] 918768K->762280K(1863168K), 0.1733358 secs] [Times: user=1.03 sys=0.00, real=0.17 secs] 
3311.489: [GC (Allocation Failure) [PSYoungGen: 317102K->164576K(461312K)] 993783K->923645K(1859584K), 0.0474417 secs] [Times: user=0.28 sys=0.00, real=0.05 secs] 
3313.557: [GC (Allocation Failure) [PSYoungGen: 398560K->91296K(466432K)] 1157629K->1006397K(1864704K), 0.1711902 secs] [Times: user=1.02 sys=0.00, real=0.17 secs] 
3314.880: [GC (Allocation Failure) [PSYoungGen: 314921K->159648K(463872K)] 1230022K->1162298K(1862144K), 0.0483349 secs] [Times: user=0.28 sys=0.00, real=0.05 secs] 
3318.029: [GC (Allocation Failure) [PSYoungGen: 394867K->90304K(466944K)] 1397518K->1244082K(1865216K), 0.1721793 secs] [Times: user=1.03 sys=0.00, real=0.18 secs] 
3319.872: [GC (Allocation Failure) [PSYoungGen: 318237K->159680K(463872K)] 1472016K->1401023K(1862144K), 0.0495224 secs] [Times: user=0.29 sys=0.01, real=0.05 secs] 
3319.922: [Full GC (Ergonomics) [PSYoungGen: 159680K->0K(463872K)] [ParOldGen: 1241343K->199017K(1398272K)] 1401023K->199017K(1862144K), [Metaspace: 60188K->60188K(1105920K)], 0.4699595 secs] [Times: user=2.20 sys=0.00, real=0.47 secs] 
3322.071: [GC (Allocation Failure) [PSYoungGen: 237056K->91840K(466944K)] 436073K->290857K(1865216K), 0.0857232 secs] [Times: user=0.49 sys=0.01, real=0.08 secs] 
3323.019: [GC (Allocation Failure) [PSYoungGen: 328896K->219072K(458240K)] 527913K->505791K(1856512K), 0.0515792 secs] [Times: user=0.30 sys=0.02, real=0.06 secs] 
3325.959: [GC (Allocation Failure) [PSYoungGen: 452032K->80704K(465920K)] 738751K->536687K(1864192K), 0.1451825 secs] [Times: user=0.86 sys=0.00, real=0.15 secs] 
3326.988: [GC (Allocation Failure) [PSYoungGen: 313664K->168160K(465920K)] 769647K->700972K(1864192K), 0.0536519 secs] [Times: user=0.32 sys=0.00, real=0.06 secs] 
3329.528: [GC (Allocation Failure) [PSYoungGen: 401120K->82528K(465920K)] 933932K->783276K(1864192K), 0.1430450 secs] [Times: user=0.85 sys=0.00, real=0.15 secs] 
3330.866: [GC (Allocation Failure) [PSYoungGen: 315488K->164128K(465920K)] 1016236K->943889K(1864192K), 0.1174091 secs] [Times: user=0.70 sys=0.00, real=0.12 secs] 
3332.814: [GC (Allocation Failure) [PSYoungGen: 393519K->83840K(465920K)] 1173280K->1027497K(1864192K), 0.1470852 secs] [Times: user=0.88 sys=0.00, real=0.15 secs] 
3333.372: [GC (Allocation Failure) [PSYoungGen: 316800K->167264K(465920K)] 1260457K->1190986K(1864192K), 0.0642405 secs] [Times: user=0.38 sys=0.00, real=0.06 secs] 
3335.914: [GC (Allocation Failure) [PSYoungGen: 400224K->84992K(465920K)] 1423946K->1275918K(1864192K), 0.1306605 secs] [Times: user=0.77 sys=0.00, real=0.13 secs] 
3336.045: [Full GC (Ergonomics) [PSYoungGen: 84992K->0K(465920K)] [ParOldGen: 1190926K->72837K(1398272K)] 1275918K->72837K(1864192K), [Metaspace: 60190K->60190K(1105920K)], 0.2063116 secs] [Times: user=0.95 sys=0.00, real=0.21 secs] 
3336.593: [GC (Allocation Failure) [PSYoungGen: 232960K->170816K(465920K)] 305797K->243653K(1864192K), 0.0502440 secs] [Times: user=0.30 sys=0.00, real=0.05 secs] 
3339.703: [GC (Allocation Failure) [PSYoungGen: 403776K->81312K(465920K)] 476613K->324362K(1864192K), 0.1185377 secs] [Times: user=0.70 sys=0.00, real=0.12 secs] 
3340.747: [GC (Allocation Failure) [PSYoungGen: 314272K->171872K(465920K)] 557322K->489582K(1864192K), 0.1462601 secs] [Times: user=0.87 sys=0.00, real=0.15 secs] 
3343.232: [GC (Allocation Failure) [PSYoungGen: 404832K->85248K(465920K)] 722542K->574926K(1864192K), 0.1095153 secs] [Times: user=0.65 sys=0.00, real=0.11 secs] 
3343.641: [GC (Allocation Failure) [PSYoungGen: 318208K->169664K(465920K)] 807886K->734135K(1864192K), 0.0596674 secs] [Times: user=0.35 sys=0.01, real=0.06 secs] 
3346.282: [GC (Allocation Failure) [PSYoungGen: 402624K->86784K(465920K)] 967095K->820271K(1864192K), 0.0949017 secs] [Times: user=0.56 sys=0.00, real=0.09 secs] 
3347.711: [GC (Allocation Failure) [PSYoungGen: 316210K->196992K(465920K)] 1049698K->1011284K(1864192K), 0.0685514 secs] [Times: user=0.41 sys=0.01, real=0.06 secs] 
3349.571: [GC (Allocation Failure) [PSYoungGen: 429952K->84896K(465920K)] 1244244K->1059396K(1864192K), 0.1017152 secs] [Times: user=0.61 sys=0.00, real=0.10 secs] 
3350.790: [GC (Allocation Failure) [PSYoungGen: 317856K->159904K(465920K)] 1292356K->1212081K(1864192K), 0.0603244 secs] [Times: user=0.36 sys=0.00, real=0.06 secs] 
3352.642: [GC (Allocation Failure) [PSYoungGen: 390340K->93248K(465920K)] 1442518K->1305553K(1864192K), 0.0826723 secs] [Times: user=0.49 sys=0.00, real=0.08 secs] 
3352.725: [Full GC (Ergonomics) [PSYoungGen: 93248K->0K(465920K)] [ParOldGen: 1212305K->108355K(1398272K)] 1305553K->108355K(1864192K), [Metaspace: 60199K->60199K(1105920K)], 0.2445532 secs] [Times: user=1.10 sys=0.00, real=0.24 secs] 
3355.194: [GC (Allocation Failure) [PSYoungGen: 232960K->151680K(465920K)] 341315K->260035K(1864192K), 0.0426511 secs] [Times: user=0.25 sys=0.00, real=0.04 secs] 
3357.292: [GC (Allocation Failure) [PSYoungGen: 376448K->93280K(465920K)] 484804K->353067K(1864192K), 0.0848153 secs] [Times: user=0.50 sys=0.00, real=0.08 secs] 
3359.487: [GC (Allocation Failure) [PSYoungGen: 326240K->151168K(465920K)] 586027K->497499K(1864192K), 0.0604150 secs] [Times: user=0.36 sys=0.00, real=0.06 secs] 
3362.754: [GC (Allocation Failure) [PSYoungGen: 380855K->93056K(465920K)] 727186K->590347K(1864192K), 0.0839097 secs] [Times: user=0.50 sys=0.00, real=0.08 secs] 
3363.958: [GC (Allocation Failure) [PSYoungGen: 326016K->151648K(464896K)] 823307K->735503K(1863168K), 0.0601946 secs] [Times: user=0.36 sys=0.00, real=0.06 secs] 
3366.341: [GC (Allocation Failure) [PSYoungGen: 384608K->106848K(339968K)] 968463K->841679K(1738240K), 0.0743429 secs] [Times: user=0.43 sys=0.00, real=0.07 secs] 
3367.601: [GC (Allocation Failure) [PSYoungGen: 339808K->149920K(461312K)] 1074639K->972580K(1859584K), 0.0607311 secs] [Times: user=0.36 sys=0.00, real=0.06 secs] 
3369.184: [GC (Allocation Failure) [PSYoungGen: 385440K->111168K(460288K)] 1208100K->1083572K(1858560K), 0.0748711 secs] [Times: user=0.44 sys=0.00, real=0.07 secs] 
3370.702: [GC (Allocation Failure) [PSYoungGen: 346688K->136832K(468992K)] 1319092K->1209689K(1867264K), 0.0615677 secs] [Times: user=0.37 sys=0.00, real=0.06 secs] 
3371.688: [GC (Allocation Failure) [PSYoungGen: 390272K->144128K(465920K)] 1463129K->1354001K(1864192K), 0.0616897 secs] [Times: user=0.37 sys=0.00, real=0.06 secs] 
3371.750: [Full GC (Ergonomics) [PSYoungGen: 144128K->0K(465920K)] [ParOldGen: 1209873K->159087K(1398272K)] 1354001K->159087K(1864192K), [Metaspace: 60204K->60204K(1105920K)], 0.3811663 secs] [Times: user=1.73 sys=0.00, real=0.39 secs] 
3374.462: [GC (Allocation Failure) [PSYoungGen: 253440K->110336K(481280K)] 412527K->269423K(1879552K), 0.0398512 secs] [Times: user=0.23 sys=0.00, real=0.04 secs] 
3375.377: [GC (Allocation Failure) [PSYoungGen: 386304K->189472K(465920K)] 545391K->457676K(1864192K), 0.0615071 secs] [Times: user=0.36 sys=0.00, real=0.06 secs] 
3378.434: [GC (Allocation Failure) [PSYoungGen: 465440K->114112K(483840K)] 733644K->571104K(1882112K), 0.1188098 secs] [Times: user=0.71 sys=0.00, real=0.12 secs] 
3380.518: [GC (Allocation Failure) [PSYoungGen: 377280K->174624K(438272K)] 834272K->739547K(1836544K), 0.0690040 secs] [Times: user=0.41 sys=0.00, real=0.07 secs] 
3382.436: [GC (Allocation Failure) [PSYoungGen: 437792K->114464K(481280K)] 1002715K->854275K(1879552K), 0.0710440 secs] [Times: user=0.41 sys=0.00, real=0.07 secs] 
3383.677: [GC (Allocation Failure) [PSYoungGen: 373024K->2496K(261120K)] 1112835K->742363K(1659392K), 0.0022227 secs] [Times: user=0.01 sys=0.00, real=0.00 secs] 
3385.216: [GC (Allocation Failure) [PSYoungGen: 261056K->172192K(464896K)] 1000923K->913232K(1863168K), 0.0336272 secs] [Times: user=0.20 sys=0.00, real=0.03 secs] 
3387.295: [GC (Allocation Failure) [PSYoungGen: 405152K->90720K(465920K)] 1146192K->994952K(1864192K), 0.1619326 secs] [Times: user=0.97 sys=0.00, real=0.16 secs] 
3389.148: [GC (Allocation Failure) [PSYoungGen: 323680K->166112K(465920K)] 1227912K->1158381K(1864192K), 0.0501806 secs] [Times: user=0.30 sys=0.00, real=0.05 secs] 
3390.732: [GC (Allocation Failure) [PSYoungGen: 399072K->90528K(465920K)] 1391341K->1240185K(1864192K), 0.0978592 secs] [Times: user=0.58 sys=0.01, real=0.09 secs] 
3390.830: [Full GC (Ergonomics) [PSYoungGen: 90528K->0K(465920K)] [ParOldGen: 1149657K->39323K(1398272K)] 1240185K->39323K(1864192K), [Metaspace: 60212K->60212K(1105920K)], 0.0751316 secs] [Times: user=0.29 sys=0.00, real=0.08 secs] 
3391.680: [GC (Allocation Failure) [PSYoungGen: 222091K->161728K(465920K)] 261415K->201051K(1864192K), 0.0314332 secs] [Times: user=0.19 sys=0.00, real=0.04 secs] 
3393.872: [GC (Allocation Failure) [PSYoungGen: 394688K->89600K(465920K)] 434011K->281787K(1864192K), 0.1705144 secs] [Times: user=1.01 sys=0.00, real=0.17 secs] 
3395.787: [GC (Allocation Failure) [PSYoungGen: 318387K->160704K(465920K)] 510575K->439800K(1864192K), 0.0469661 secs] [Times: user=0.27 sys=0.00, real=0.05 secs] 
3397.257: [GC (Allocation Failure) [PSYoungGen: 393664K->91104K(324096K)] 672760K->521888K(1722368K), 0.1259255 secs] [Times: user=0.75 sys=0.00, real=0.13 secs] 
3397.857: [GC (Allocation Failure) [PSYoungGen: 309197K->159840K(461824K)] 739981K->677781K(1860096K), 0.0476320 secs] [Times: user=0.28 sys=0.00, real=0.05 secs] 
3400.483: [GC (Allocation Failure) [PSYoungGen: 390752K->85664K(463872K)] 908693K->754589K(1862144K), 0.1638932 secs] [Times: user=0.98 sys=0.00, real=0.16 secs] 
3402.488: [GC (Allocation Failure) [PSYoungGen: 315115K->164768K(461824K)] 984040K->916258K(1860096K), 0.0470504 secs] [Times: user=0.28 sys=0.00, real=0.05 secs] 
3404.242: [GC (Allocation Failure) [PSYoungGen: 396704K->89120K(464896K)] 1148194K->996458K(1863168K), 0.1669490 secs] [Times: user=0.99 sys=0.00, real=0.16 secs] 
3405.687: [GC (Allocation Failure) [PSYoungGen: 314536K->160640K(463360K)] 1221874K->1154311K(1861632K), 0.0475393 secs] [Times: user=0.28 sys=0.01, real=0.05 secs] 
3407.498: [GC (Allocation Failure) [PSYoungGen: 393600K->89792K(323072K)] 1387271K->1235435K(1721344K), 0.1789200 secs] [Times: user=1.07 sys=0.00, real=0.18 secs] 
3408.293: [GC (Allocation Failure) [PSYoungGen: 311339K->160384K(461824K)] 1456982K->1393488K(1860096K), 0.0481703 secs] [Times: user=0.29 sys=0.00, real=0.05 secs] 
3408.341: [Full GC (Ergonomics) [PSYoungGen: 160384K->0K(461824K)] [ParOldGen: 1233104K->198296K(1398272K)] 1393488K->198296K(1860096K), [Metaspace: 60219K->60219K(1105920K)], 0.4746251 secs] [Times: user=2.21 sys=0.00, real=0.47 secs] 
3410.520: [GC (Allocation Failure) [PSYoungGen: 232448K->91264K(464896K)] 430744K->289560K(1863168K), 0.0536459 secs] [Times: user=0.32 sys=0.00, real=0.06 secs] 
3411.565: [GC (Allocation Failure) [PSYoungGen: 314275K->160096K(461312K)] 512572K->445721K(1859584K), 0.0470352 secs] [Times: user=0.28 sys=0.00, real=0.05 secs] 
3413.283: [GC (Allocation Failure) [PSYoungGen: 393568K->93120K(464896K)] 679193K->529965K(1863168K), 0.1539085 secs] [Times: user=0.91 sys=0.00, real=0.15 secs] 
3414.154: [GC (Allocation Failure) [PSYoungGen: 326592K->167040K(460800K)] 763437K->693282K(1859072K), 0.0495605 secs] [Times: user=0.30 sys=0.00, real=0.05 secs] 
3417.728: [GC (Allocation Failure) [PSYoungGen: 401024K->80512K(466432K)] 927266K->773362K(1864704K), 0.1518046 secs] [Times: user=0.91 sys=0.00, real=0.15 secs] 
3418.766: [GC (Allocation Failure) [PSYoungGen: 314496K->167872K(462848K)] 1007346K->937603K(1861120K), 0.1273925 secs] [Times: user=0.75 sys=0.01, real=0.13 secs] 
3420.953: [GC (Allocation Failure) [PSYoungGen: 400832K->88224K(465920K)] 1170563K->1025507K(1864192K), 0.1237557 secs] [Times: user=0.74 sys=0.01, real=0.12 secs] 
3421.337: [GC (Allocation Failure) [PSYoungGen: 321184K->168448K(464896K)] 1258467K->1190240K(1863168K), 0.0545036 secs] [Times: user=0.33 sys=0.00, real=0.06 secs] 
3424.027: [GC (Allocation Failure) [PSYoungGen: 401408K->80032K(465920K)] 1423200K->1270060K(1864192K), 0.1199209 secs] [Times: user=0.71 sys=0.00, real=0.12 secs] 
3424.147: [Full GC (Ergonomics) [PSYoungGen: 80032K->0K(465920K)] [ParOldGen: 1190028K->68597K(1398272K)] 1270060K->68597K(1864192K), [Metaspace: 60223K->60223K(1105920K)], 0.1568478 secs] [Times: user=0.70 sys=0.00, real=0.16 secs] 
3425.423: [GC (Allocation Failure) [PSYoungGen: 232960K->169088K(465920K)] 301557K->237685K(1864192K), 0.1040661 secs] [Times: user=0.62 sys=0.01, real=0.10 secs] 
3428.300: [GC (Allocation Failure) [PSYoungGen: 402048K->77920K(465920K)] 470645K->315469K(1864192K), 0.1368280 secs] [Times: user=0.81 sys=0.01, real=0.14 secs] 
3428.741: [GC (Allocation Failure) [PSYoungGen: 310880K->176000K(465920K)] 548429K->485250K(1864192K), 0.0551975 secs] [Times: user=0.33 sys=0.00, real=0.05 secs] 
3431.586: [GC (Allocation Failure) [PSYoungGen: 408960K->76768K(465920K)] 718210K->562050K(1864192K), 0.1196888 secs] [Times: user=0.71 sys=0.00, real=0.12 secs] 
3432.024: [GC (Allocation Failure) [PSYoungGen: 309728K->177504K(465920K)] 795010K->733379K(1864192K), 0.0562058 secs] [Times: user=0.34 sys=0.00, real=0.05 secs] 
3434.117: [GC (Allocation Failure) [PSYoungGen: 410464K->84448K(465920K)] 966339K->817987K(1864192K), 0.1051613 secs] [Times: user=0.63 sys=0.00, real=0.11 secs] 
3435.500: [GC (Allocation Failure) [PSYoungGen: 317408K->199872K(465920K)] 1050947K->1012004K(1864192K), 0.0659412 secs] [Times: user=0.39 sys=0.00, real=0.07 secs] 
3438.373: [GC (Allocation Failure) [PSYoungGen: 432832K->82336K(465920K)] 1244964K->1057075K(1864192K), 0.1010044 secs] [Times: user=0.60 sys=0.00, real=0.10 secs] 
3439.567: [GC (Allocation Failure) [PSYoungGen: 315296K->161792K(465920K)] 1290035K->1212324K(1864192K), 0.0600584 secs] [Times: user=0.36 sys=0.00, real=0.06 secs] 
3442.398: [GC (Allocation Failure) [PSYoungGen: 394752K->90432K(465920K)] 1445284K->1302996K(1864192K), 0.0940889 secs] [Times: user=0.56 sys=0.01, real=0.10 secs] 
3442.493: [Full GC (Ergonomics) [PSYoungGen: 90432K->0K(465920K)] [ParOldGen: 1212564K->106581K(1398272K)] 1302996K->106581K(1864192K), [Metaspace: 60223K->60223K(1105920K)], 0.2390151 secs] [Times: user=1.08 sys=0.00, real=0.24 secs] 
3443.823: [GC (Allocation Failure) [PSYoungGen: 232960K->154048K(465920K)] 339541K->260629K(1864192K), 0.0468678 secs] [Times: user=0.26 sys=0.00, real=0.04 secs] 
3445.354: [GC (Allocation Failure) [PSYoungGen: 387008K->97472K(465920K)] 493589K->357941K(1864192K), 0.0852396 secs] [Times: user=0.50 sys=0.00, real=0.08 secs] 
3447.568: [GC (Allocation Failure) [PSYoungGen: 330432K->150240K(465920K)] 590901K->497802K(1864192K), 0.0598828 secs] [Times: user=0.36 sys=0.00, real=0.06 secs] 
3449.086: [GC (Allocation Failure) [PSYoungGen: 383200K->103776K(465920K)] 730762K->601514K(1864192K), 0.0719607 secs] [Times: user=0.42 sys=0.00, real=0.07 secs] 
3451.798: [GC (Allocation Failure) [PSYoungGen: 336736K->144352K(458752K)] 834474K->735397K(1857024K), 0.0608033 secs] [Times: user=0.36 sys=0.00, real=0.06 secs] 
3453.146: [GC (Allocation Failure) [PSYoungGen: 377312K->109376K(462336K)] 968357K->844949K(1860608K), 0.0719135 secs] [Times: user=0.43 sys=0.00, real=0.07 secs] 
3454.402: [GC (Allocation Failure) [PSYoungGen: 342336K->139168K(463872K)] 1077909K->973276K(1862144K), 0.0616984 secs] [Times: user=0.37 sys=0.00, real=0.06 secs] 
3455.462: [GC (Allocation Failure) [PSYoungGen: 386464K->137376K(464896K)] 1220572K->1110744K(1863168K), 0.0962904 secs] [Times: user=0.57 sys=0.00, real=0.09 secs] 
3457.281: [GC (Allocation Failure) [PSYoungGen: 384672K->3104K(460800K)] 1358040K->976496K(1859072K), 0.0035905 secs] [Times: user=0.02 sys=0.00, real=0.01 secs] 
3459.392: [GC (Allocation Failure) [PSYoungGen: 251424K->165760K(414208K)] 1224816K->1140621K(1812480K), 0.0329156 secs] [Times: user=0.20 sys=0.00, real=0.03 secs] 
3461.779: [GC (Allocation Failure) [PSYoungGen: 414080K->101824K(474112K)] 1388941K->1233677K(1872384K), 0.1725170 secs] [Times: user=1.02 sys=0.00, real=0.18 secs] 
3463.408: [GC (Allocation Failure) [PSYoungGen: 330099K->163616K(465920K)] 1461953K->1394298K(1864192K), 0.0529101 secs] [Times: user=0.31 sys=0.01, real=0.06 secs] 
3463.461: [Full GC (Ergonomics) [PSYoungGen: 163616K->0K(465920K)] [ParOldGen: 1230682K->197577K(1398272K)] 1394298K->197577K(1864192K), [Metaspace: 60224K->60224K(1105920K)], 0.4733353 secs] [Times: user=2.21 sys=0.00, real=0.47 secs] 
3466.870: [GC (Allocation Failure) [PSYoungGen: 241152K->91296K(468480K)] 438729K->288873K(1866752K), 0.1007737 secs] [Times: user=0.59 sys=0.01, real=0.10 secs] 
3467.498: [GC (Allocation Failure) [PSYoungGen: 333984K->175392K(418304K)] 531561K->460510K(1816576K), 0.0495714 secs] [Times: user=0.29 sys=0.00, real=0.05 secs] 
3470.474: [GC (Allocation Failure) [PSYoungGen: 418067K->88736K(467968K)] 703186K->548842K(1866240K), 0.1757032 secs] [Times: user=1.05 sys=0.01, real=0.17 secs] 
3470.926: [GC (Allocation Failure) [PSYoungGen: 323744K->170400K(465920K)] 783850K->715099K(1864192K), 0.0562107 secs] [Times: user=0.33 sys=0.00, real=0.06 secs] 
3475.027: [GC (Allocation Failure) [PSYoungGen: 405408K->78304K(465920K)] 950107K->792955K(1864192K), 0.1440101 secs] [Times: user=0.86 sys=0.00, real=0.15 secs] 
3475.445: [GC (Allocation Failure) [PSYoungGen: 311264K->174080K(465920K)] 1025915K->960876K(1864192K), 0.0550275 secs] [Times: user=0.32 sys=0.00, real=0.05 secs] 
3478.818: [GC (Allocation Failure) [PSYoungGen: 407040K->76896K(465920K)] 1193836K->1037636K(1864192K), 0.1408818 secs] [Times: user=0.84 sys=0.00, real=0.14 secs] 
3479.235: [GC (Allocation Failure) [PSYoungGen: 309856K->177856K(465920K)] 1270596K->1209561K(1864192K), 0.0565183 secs] [Times: user=0.33 sys=0.00, real=0.06 secs] 
3481.442: [GC (Allocation Failure) [PSYoungGen: 410816K->83968K(465920K)] 1442521K->1293721K(1864192K), 0.0971506 secs] [Times: user=0.58 sys=0.00, real=0.09 secs] 
3481.539: [Full GC (Ergonomics) [PSYoungGen: 83968K->0K(465920K)] [ParOldGen: 1209753K->92749K(1398272K)] 1293721K->92749K(1864192K), [Metaspace: 60227K->60227K(1105920K)], 0.2023392 secs] [Times: user=0.89 sys=0.00, real=0.21 secs] 
3482.192: [GC (Allocation Failure) [PSYoungGen: 232960K->186144K(465920K)] 325709K->278893K(1864192K), 0.0350011 secs] [Times: user=0.21 sys=0.00, real=0.03 secs] 
3485.238: [GC (Allocation Failure) [PSYoungGen: 419104K->82496K(465920K)] 511853K->342605K(1864192K), 0.0953173 secs] [Times: user=0.57 sys=0.00, real=0.10 secs] 
3486.545: [GC (Allocation Failure) [PSYoungGen: 315456K->161344K(465920K)] 575565K->497410K(1864192K), 0.0594109 secs] [Times: user=0.35 sys=0.00, real=0.06 secs] 
3488.905: [GC (Allocation Failure) [PSYoungGen: 394304K->92928K(465920K)] 730370K->590466K(1864192K), 0.0892832 secs] [Times: user=0.53 sys=0.00, real=0.09 secs] 
3490.091: [GC (Allocation Failure) [PSYoungGen: 325888K->150656K(465920K)] 823426K->734751K(1864192K), 0.0595412 secs] [Times: user=0.35 sys=0.00, real=0.06 secs] 
3491.901: [GC (Allocation Failure) [PSYoungGen: 383616K->106528K(465920K)] 967711K->841495K(1864192K), 0.0883366 secs] [Times: user=0.53 sys=0.00, real=0.08 secs] 
3493.196: [GC (Allocation Failure) [PSYoungGen: 339488K->149440K(465920K)] 1074455K->972156K(1864192K), 0.0604203 secs] [Times: user=0.36 sys=0.00, real=0.06 secs] 
3494.717: [GC (Allocation Failure) [PSYoungGen: 382400K->111552K(450560K)] 1205116K->1083884K(1848832K), 0.0763154 secs] [Times: user=0.45 sys=0.00, real=0.08 secs] 
3496.003: [GC (Allocation Failure) [PSYoungGen: 344512K->137280K(458240K)] 1316844K->1210371K(1856512K), 0.0616285 secs] [Times: user=0.37 sys=0.00, real=0.06 secs] 
3497.744: [GC (Allocation Failure) [PSYoungGen: 370240K->122208K(454144K)] 1443331K->1332067K(1852416K), 0.0593042 secs] [Times: user=0.35 sys=0.00, real=0.06 secs] 
3497.803: [Full GC (Ergonomics) [PSYoungGen: 122208K->0K(454144K)] [ParOldGen: 1209859K->137704K(1398272K)] 1332067K->137704K(1852416K), [Metaspace: 60241K->60241K(1105920K)], 0.3150912 secs] [Times: user=1.44 sys=0.00, real=0.31 secs] 
3500.857: [GC (Allocation Failure) [PSYoungGen: 253952K->127648K(464896K)] 391656K->265352K(1863168K), 0.1199689 secs] [Times: user=0.71 sys=0.00, real=0.12 secs] 
3504.185: [GC (Allocation Failure) [PSYoungGen: 381600K->155360K(487936K)] 519304K->419749K(1886208K), 0.0633229 secs] [Times: user=0.38 sys=0.00, real=0.06 secs] 
3507.055: [GC (Allocation Failure) [PSYoungGen: 440032K->31712K(316416K)] 704421K->296205K(1714688K), 0.0245073 secs] [Times: user=0.13 sys=0.00, real=0.02 secs] 
3508.221: [GC (Allocation Failure) [PSYoungGen: 315876K->215008K(448000K)] 580369K->535570K(1846272K), 0.0542454 secs] [Times: user=0.31 sys=0.01, real=0.05 secs] 
3510.385: [GC (Allocation Failure) [PSYoungGen: 447968K->81472K(465920K)] 768530K->584118K(1864192K), 0.1093265 secs] [Times: user=0.65 sys=0.00, real=0.11 secs] 
3511.492: [GC (Allocation Failure) [PSYoungGen: 312821K->199520K(465920K)] 815467K->777637K(1864192K), 0.0670011 secs] [Times: user=0.40 sys=0.00, real=0.06 secs] 
3512.953: [GC (Allocation Failure) [PSYoungGen: 431530K->92800K(465920K)] 1009648K->833461K(1864192K), 0.0887324 secs] [Times: user=0.53 sys=0.00, real=0.09 secs] 
3514.960: [GC (Allocation Failure) [PSYoungGen: 325760K->151328K(465920K)] 1066421K->978506K(1864192K), 0.0614552 secs] [Times: user=0.36 sys=0.00, real=0.07 secs] 
3516.448: [GC (Allocation Failure) [PSYoungGen: 377112K->93376K(465920K)] 1204290K->1071570K(1864192K), 0.0866362 secs] [Times: user=0.52 sys=0.00, real=0.09 secs] 
3518.356: [GC (Allocation Failure) [PSYoungGen: 326336K->150912K(465920K)] 1304530K->1215638K(1864192K), 0.0607959 secs] [Times: user=0.36 sys=0.00, real=0.06 secs] 
3519.171: [GC (Allocation Failure) [PSYoungGen: 383872K->100928K(465920K)] 1448598K->1316502K(1864192K), 0.0780347 secs] [Times: user=0.47 sys=0.00, real=0.07 secs] 
3519.249: [Full GC (Ergonomics) [PSYoungGen: 100928K->0K(465920K)] [ParOldGen: 1215574K->116479K(1398272K)] 1316502K->116479K(1864192K), [Metaspace: 60243K->60243K(1105920K)], 0.2531070 secs] [Times: user=1.13 sys=0.00, real=0.26 secs] 
3521.531: [GC (Allocation Failure) [PSYoungGen: 232960K->147136K(465920K)] 349439K->263615K(1864192K), 0.0515648 secs] [Times: user=0.30 sys=0.00, real=0.05 secs] 
3523.038: [GC (Allocation Failure) [PSYoungGen: 380096K->104160K(337408K)] 496575K->367987K(1735680K), 0.0965137 secs] [Times: user=0.58 sys=0.00, real=0.10 secs] 
3524.452: [GC (Allocation Failure) [PSYoungGen: 337120K->144480K(469504K)] 600947K->501527K(1867776K), 0.0598845 secs] [Times: user=0.36 sys=0.00, real=0.06 secs] 
3525.764: [GC (Allocation Failure) [PSYoungGen: 382048K->123872K(361472K)] 739095K->625423K(1759744K), 0.0678090 secs] [Times: user=0.39 sys=0.00, real=0.07 secs] 
3527.297: [GC (Allocation Failure) [PSYoungGen: 361440K->124128K(466432K)] 862991K->739220K(1864704K), 0.0623151 secs] [Times: user=0.37 sys=0.00, real=0.06 secs] 
3529.871: [GC (Allocation Failure) [PSYoungGen: 371936K->142496K(458240K)] 987028K->881508K(1856512K), 0.0573076 secs] [Times: user=0.34 sys=0.00, real=0.05 secs] 
3534.040: [GC (Allocation Failure) [PSYoungGen: 390304K->5504K(463360K)] 1129316K->744540K(1861632K), 0.0038491 secs] [Times: user=0.02 sys=0.00, real=0.01 secs] 
3536.149: [GC (Allocation Failure) [PSYoungGen: 261504K->173312K(429568K)] 1000540K->916783K(1827840K), 0.0349380 secs] [Times: user=0.20 sys=0.00, real=0.04 secs] 
3538.742: [GC (Allocation Failure) [PSYoungGen: 429312K->105024K(475136K)] 1172783K->1013255K(1873408K), 0.1505057 secs] [Times: user=0.89 sys=0.00, real=0.15 secs] 
3540.021: [GC (Allocation Failure) [PSYoungGen: 348736K->172288K(416256K)] 1256967K->1182228K(1814528K), 0.1328286 secs] [Times: user=0.79 sys=0.01, real=0.13 secs] 
3542.862: [GC (Allocation Failure) [PSYoungGen: 416000K->88256K(470528K)] 1425940K->1270524K(1868800K), 0.1395813 secs] [Times: user=0.83 sys=0.01, real=0.14 secs] 
3543.002: [Full GC (Ergonomics) [PSYoungGen: 88256K->0K(470528K)] [ParOldGen: 1182268K->69292K(1398272K)] 1270524K->69292K(1868800K), [Metaspace: 60245K->60245K(1105920K)], 0.1672612 secs] [Times: user=0.76 sys=0.00, real=0.16 secs] 
3545.381: [GC (Allocation Failure) [PSYoungGen: 238080K->178112K(416256K)] 307372K->247404K(1814528K), 0.1164651 secs] [Times: user=0.69 sys=0.00, real=0.11 secs] 
3549.221: [GC (Allocation Failure) [PSYoungGen: 416192K->76800K(465920K)] 485484K->324468K(1864192K), 0.1246331 secs] [Times: user=0.75 sys=0.00, real=0.12 secs] 
3549.609: [GC (Allocation Failure) [PSYoungGen: 309760K->174816K(465920K)] 557428K->493041K(1864192K), 0.0551756 secs] [Times: user=0.33 sys=0.00, real=0.06 secs] 
3552.181: [GC (Allocation Failure) [PSYoungGen: 407776K->83296K(465920K)] 726001K->576177K(1864192K), 0.1074356 secs] [Times: user=0.64 sys=0.00, real=0.10 secs] 
3552.848: [GC (Allocation Failure) [PSYoungGen: 314274K->201856K(465920K)] 807155K->772066K(1864192K), 0.0605861 secs] [Times: user=0.36 sys=0.00, real=0.06 secs] 
3554.659: [GC (Allocation Failure) [PSYoungGen: 434816K->89952K(465920K)] 1005026K->826673K(1864192K), 0.0961209 secs] [Times: user=0.57 sys=0.01, real=0.10 secs] 
3555.936: [GC (Allocation Failure) [PSYoungGen: 322912K->153952K(465920K)] 1059633K->974246K(1864192K), 0.0601150 secs] [Times: user=0.36 sys=0.00, real=0.06 secs] 
3558.351: [GC (Allocation Failure) [PSYoungGen: 386912K->97024K(465920K)] 1207206K->1071094K(1864192K), 0.0860715 secs] [Times: user=0.51 sys=0.01, real=0.08 secs] 
3560.237: [GC (Allocation Failure) [PSYoungGen: 329984K->150912K(465920K)] 1304054K->1211635K(1864192K), 0.0607891 secs] [Times: user=0.36 sys=0.00, real=0.06 secs] 
3561.485: [GC (Allocation Failure) [PSYoungGen: 383872K->107328K(465920K)] 1444595K->1319035K(1864192K), 0.0686562 secs] [Times: user=0.41 sys=0.00, real=0.07 secs] 
3561.553: [Full GC (Ergonomics) [PSYoungGen: 107328K->0K(465920K)] [ParOldGen: 1211707K->122973K(1398272K)] 1319035K->122973K(1864192K), [Metaspace: 60245K->60245K(1105920K)], 0.2768818 secs] [Times: user=1.26 sys=0.00, real=0.27 secs] 
3562.905: [GC (Allocation Failure) [PSYoungGen: 232960K->140992K(374272K)] 355933K->263965K(1772544K), 0.0511582 secs] [Times: user=0.31 sys=0.00, real=0.05 secs] 
3565.492: [GC (Allocation Failure) [PSYoungGen: 373952K->122016K(468992K)] 496925K->385533K(1867264K), 0.0802339 secs] [Times: user=0.47 sys=0.00, real=0.08 secs] 
3566.720: [GC (Allocation Failure) [PSYoungGen: 363680K->134176K(460288K)] 627197K->500917K(1858560K), 0.0609572 secs] [Times: user=0.36 sys=0.00, real=0.07 secs] 
3570.138: [GC (Allocation Failure) [PSYoungGen: 375840K->131904K(472064K)] 742581K->632949K(1870336K), 0.0618250 secs] [Times: user=0.37 sys=0.00, real=0.06 secs] 
3571.523: [GC (Allocation Failure) [PSYoungGen: 392000K->8288K(464896K)] 893045K->509509K(1863168K), 0.0064144 secs] [Times: user=0.03 sys=0.00, real=0.00 secs] 
3573.231: [GC (Allocation Failure) [PSYoungGen: 263289K->176512K(457216K)] 764511K->684142K(1855488K), 0.0359073 secs] [Times: user=0.21 sys=0.00, real=0.03 secs] 
3576.663: [GC (Allocation Failure) [PSYoungGen: 415616K->89888K(468992K)] 923246K->765138K(1867264K), 0.1318605 secs] [Times: user=0.78 sys=0.00, real=0.13 secs] 
3577.999: [GC (Allocation Failure) [PSYoungGen: 315479K->160640K(464896K)] 990730K->922795K(1863168K), 0.0485772 secs] [Times: user=0.29 sys=0.00, real=0.05 secs] 
3579.497: [GC (Allocation Failure) [PSYoungGen: 400768K->97120K(337408K)] 1162923K->1011063K(1735680K), 0.1437534 secs] [Times: user=0.85 sys=0.00, real=0.15 secs] 
3580.255: [GC (Allocation Failure) [PSYoungGen: 337248K->172384K(457216K)] 1251191K->1179268K(1855488K), 0.0516344 secs] [Times: user=0.30 sys=0.00, real=0.05 secs] 
3584.919: [GC (Allocation Failure) [PSYoungGen: 406368K->78208K(466432K)] 1413252K->1256860K(1864704K), 0.1721457 secs] [Times: user=1.02 sys=0.00, real=0.18 secs] 
3585.091: [Full GC (Ergonomics) [PSYoungGen: 78208K->0K(466432K)] [ParOldGen: 1178652K->55986K(1398272K)] 1256860K->55986K(1864704K), [Metaspace: 60245K->60245K(1105920K)], 0.1479413 secs] [Times: user=0.68 sys=0.00, real=0.14 secs] 
3585.663: [GC (Allocation Failure) [PSYoungGen: 233984K->172288K(462848K)] 289970K->228274K(1861120K), 0.0362404 secs] [Times: user=0.21 sys=0.00, real=0.03 secs] 
3587.052: [GC (Allocation Failure) [PSYoungGen: 405248K->89408K(465920K)] 461234K->317814K(1864192K), 0.0915441 secs] [Times: user=0.54 sys=0.00, real=0.09 secs] 
3587.453: [GC (Allocation Failure) [PSYoungGen: 322368K->173664K(465920K)] 550774K->485283K(1864192K), 0.0662980 secs] [Times: user=0.39 sys=0.00, real=0.06 secs] 
3590.769: [GC (Allocation Failure) [PSYoungGen: 406624K->78912K(465920K)] 718243K->564203K(1864192K), 0.1121348 secs] [Times: user=0.66 sys=0.00, real=0.12 secs] 
3591.639: [GC (Allocation Failure) [PSYoungGen: 311872K->169376K(465920K)] 797163K->727852K(1864192K), 0.0824780 secs] [Times: user=0.49 sys=0.00, real=0.09 secs] 
3594.339: [GC (Allocation Failure) [PSYoungGen: 402336K->83104K(465920K)] 960812K->810828K(1864192K), 0.1021616 secs] [Times: user=0.61 sys=0.00, real=0.11 secs] 
3594.996: [GC (Allocation Failure) [PSYoungGen: 314555K->203328K(465920K)] 1042279K->1008329K(1864192K), 0.0608381 secs] [Times: user=0.36 sys=0.00, real=0.06 secs] 
3597.247: [GC (Allocation Failure) [PSYoungGen: 436288K->87712K(465920K)] 1241289K->1061305K(1864192K), 0.0920994 secs] [Times: user=0.55 sys=0.00, real=0.09 secs] 
3600.555: [GC (Allocation Failure) [PSYoungGen: 320672K->156320K(465920K)] 1294265K->1211366K(1864192K), 0.0605097 secs] [Times: user=0.36 sys=0.00, real=0.06 secs] 
3603.059: [GC (Allocation Failure) [PSYoungGen: 389280K->90592K(465920K)] 1444326K->1301758K(1864192K), 0.0920480 secs] [Times: user=0.55 sys=0.00, real=0.09 secs] 
3603.151: [Full GC (Ergonomics) [PSYoungGen: 90592K->0K(465920K)] [ParOldGen: 1211166K->106728K(1398272K)] 1301758K->106728K(1864192K), [Metaspace: 60369K->60369K(1105920K)], 0.2404687 secs] [Times: user=1.08 sys=0.00, real=0.25 secs] 
3604.692: [GC (Allocation Failure) [PSYoungGen: 232960K->153056K(465920K)] 339688K->259784K(1864192K), 0.0436623 secs] [Times: user=0.25 sys=0.00, real=0.04 secs] 
3607.288: [GC (Allocation Failure) [PSYoungGen: 385384K->93568K(465920K)] 492113K->353208K(1864192K), 0.0899192 secs] [Times: user=0.54 sys=0.00, real=0.09 secs] 
3608.485: [GC (Allocation Failure) [PSYoungGen: 326528K->151104K(465920K)] 586168K->497645K(1864192K), 0.0607271 secs] [Times: user=0.36 sys=0.00, real=0.06 secs] 
3610.275: [GC (Allocation Failure) [PSYoungGen: 384064K->104576K(337920K)] 730605K->601805K(1736192K), 0.0772949 secs] [Times: user=0.46 sys=0.00, real=0.08 secs] 
3611.460: [GC (Allocation Failure) [PSYoungGen: 337536K->143712K(465920K)] 834765K->735100K(1864192K), 0.0607149 secs] [Times: user=0.36 sys=0.00, real=0.07 secs] 
3615.163: [GC (Allocation Failure) [PSYoungGen: 380256K->114144K(350720K)] 971644K->848604K(1748992K), 0.0734861 secs] [Times: user=0.44 sys=0.00, real=0.07 secs] 
3616.371: [GC (Allocation Failure) [PSYoungGen: 350688K->133696K(467968K)] 1085148K->972084K(1866240K), 0.0618490 secs] [Times: user=0.37 sys=0.00, real=0.06 secs] 
3618.097: [GC (Allocation Failure) [PSYoungGen: 383552K->142208K(461824K)] 1221940K->1114004K(1860096K), 0.0597789 secs] [Times: user=0.36 sys=0.00, real=0.06 secs] 
3619.680: [GC (Allocation Failure) [PSYoungGen: 392064K->7264K(464896K)] 1363860K->979100K(1863168K), 0.0063106 secs] [Times: user=0.03 sys=0.00, real=0.01 secs] 
3621.723: [GC (Allocation Failure) [PSYoungGen: 262752K->173024K(428544K)] 1234588K->1150160K(1826816K), 0.0358325 secs] [Times: user=0.21 sys=0.00, real=0.03 secs] 
3623.810: [GC (Allocation Failure) [PSYoungGen: 428512K->110528K(475648K)] 1405648K->1251280K(1873920K), 0.1589576 secs] [Times: user=0.94 sys=0.00, real=0.16 secs] 
3624.443: [GC (Allocation Failure) [PSYoungGen: 354240K->177344K(421376K)] 1494992K->1424893K(1819648K), 0.0570279 secs] [Times: user=0.34 sys=0.00, real=0.05 secs] 
3624.500: [Full GC (Ergonomics) [PSYoungGen: 177344K->0K(421376K)] [ParOldGen: 1247549K->230102K(1398272K)] 1424893K->230102K(1819648K), [Metaspace: 60371K->60371K(1105920K)], 0.5243020 secs] [Times: user=2.44 sys=0.00, real=0.53 secs] 
3628.178: [GC (Allocation Failure) [PSYoungGen: 243712K->85024K(468992K)] 473814K->315126K(1867264K), 0.0697747 secs] [Times: user=0.41 sys=0.00, real=0.07 secs] 
3628.552: [GC (Allocation Failure) [PSYoungGen: 321056K->180224K(465920K)] 551158K->489122K(1864192K), 0.0577205 secs] [Times: user=0.34 sys=0.00, real=0.05 secs] 
3631.702: [GC (Allocation Failure) [PSYoungGen: 416256K->79648K(465920K)] 725154K->569002K(1864192K), 0.1163837 secs] [Times: user=0.69 sys=0.01, real=0.11 secs] 
3632.421: [GC (Allocation Failure) [PSYoungGen: 309423K->202080K(465920K)] 798777K->764883K(1864192K), 0.0598755 secs] [Times: user=0.35 sys=0.00, real=0.05 secs] 
3633.658: [GC (Allocation Failure) [PSYoungGen: 435040K->92064K(465920K)] 997843K->821979K(1864192K), 0.0752214 secs] [Times: user=0.45 sys=0.00, real=0.08 secs] 
3635.883: [GC (Allocation Failure) [PSYoungGen: 325024K->152096K(465920K)] 1054939K->967848K(1864192K), 0.0603314 secs] [Times: user=0.36 sys=0.00, real=0.06 secs] 
3637.041: [GC (Allocation Failure) [PSYoungGen: 378476K->93376K(465920K)] 1194228K->1061020K(1864192K), 0.0889210 secs] [Times: user=0.52 sys=0.01, real=0.08 secs] 
3640.429: [GC (Allocation Failure) [PSYoungGen: 326336K->150816K(465920K)] 1293980K->1204987K(1864192K), 0.0605048 secs] [Times: user=0.36 sys=0.00, real=0.06 secs] 
3643.366: [GC (Allocation Failure) [PSYoungGen: 383776K->93248K(465920K)] 1437947K->1298427K(1864192K), 0.0927402 secs] [Times: user=0.56 sys=0.00, real=0.09 secs] 
3643.459: [Full GC (Ergonomics) [PSYoungGen: 93248K->0K(465920K)] [ParOldGen: 1205179K->109361K(1398272K)] 1298427K->109361K(1864192K), [Metaspace: 60375K->60375K(1105920K)], 0.2455292 secs] [Times: user=1.11 sys=0.00, real=0.25 secs] 
3646.183: [GC (Allocation Failure) [PSYoungGen: 232960K->151008K(384000K)] 342321K->260369K(1782272K), 0.0427298 secs] [Times: user=0.25 sys=0.00, real=0.04 secs] 
3647.790: [GC (Allocation Failure) [PSYoungGen: 383968K->122304K(474624K)] 493329K->382905K(1872896K), 0.0907984 secs] [Times: user=0.54 sys=0.00, real=0.10 secs] 
3649.052: [GC (Allocation Failure) [PSYoungGen: 364480K->150240K(465408K)] 625081K->498206K(1863680K), 0.0596516 secs] [Times: user=0.36 sys=0.00, real=0.06 secs] 
3650.054: [GC (Allocation Failure) [PSYoungGen: 392416K->124512K(466944K)] 740382K->622606K(1865216K), 0.0657104 secs] [Times: user=0.39 sys=0.00, real=0.06 secs] 
3653.372: [GC (Allocation Failure) [PSYoungGen: 376416K->2144K(465408K)] 874510K->500270K(1863680K), 0.0017308 secs] [Times: user=0.01 sys=0.00, real=0.00 secs] 
3654.314: [GC (Allocation Failure) [PSYoungGen: 254048K->165824K(459776K)] 752174K->665644K(1858048K), 0.0438702 secs] [Times: user=0.25 sys=0.01, real=0.04 secs] 
3656.125: [GC (Allocation Failure) [PSYoungGen: 398784K->13728K(465920K)] 898604K->513636K(1864192K), 0.0067376 secs] [Times: user=0.03 sys=0.00, real=0.01 secs] 
3657.217: [GC (Allocation Failure) [PSYoungGen: 246688K->165120K(465920K)] 746596K->677069K(1864192K), 0.0352738 secs] [Times: user=0.21 sys=0.00, real=0.04 secs] 
3660.551: [GC (Allocation Failure) [PSYoungGen: 398080K->87904K(465920K)] 910029K->756621K(1864192K), 0.0983350 secs] [Times: user=0.59 sys=0.01, real=0.10 secs] 
3662.240: [GC (Allocation Failure) [PSYoungGen: 320864K->173664K(465920K)] 989581K->927002K(1864192K), 0.0485035 secs] [Times: user=0.28 sys=0.00, real=0.05 secs] 
3663.659: [GC (Allocation Failure) [PSYoungGen: 406624K->93856K(465920K)] 1159962K->1003354K(1864192K), 0.1385204 secs] [Times: user=0.83 sys=0.00, real=0.14 secs] 
3665.084: [GC (Allocation Failure) [PSYoungGen: 318588K->160160K(465920K)] 1228086K->1159826K(1864192K), 0.0491597 secs] [Times: user=0.29 sys=0.00, real=0.05 secs] 
3668.402: [GC (Allocation Failure) [PSYoungGen: 393120K->89504K(465920K)] 1392786K->1240375K(1864192K), 0.1642146 secs] [Times: user=0.98 sys=0.00, real=0.16 secs] 
3668.566: [Full GC (Ergonomics) [PSYoungGen: 89504K->0K(465920K)] [ParOldGen: 1150870K->41266K(1398272K)] 1240375K->41266K(1864192K), [Metaspace: 60391K->60391K(1105920K)], 0.1179737 secs] [Times: user=0.47 sys=0.00, real=0.12 secs] 
3669.824: [GC (Allocation Failure) [PSYoungGen: 220794K->160576K(465920K)] 262061K->201842K(1864192K), 0.0310156 secs] [Times: user=0.19 sys=0.00, real=0.03 secs] 
3671.586: [GC (Allocation Failure) [PSYoungGen: 393536K->93056K(465920K)] 434802K->286250K(1864192K), 0.1411207 secs] [Times: user=0.83 sys=0.01, real=0.14 secs] 
3672.535: [GC (Allocation Failure) [PSYoungGen: 312671K->159520K(465920K)] 505866K->440459K(1864192K), 0.0505506 secs] [Times: user=0.30 sys=0.00, real=0.05 secs] 
3675.319: [GC (Allocation Failure) [PSYoungGen: 392480K->89600K(323072K)] 673419K->521759K(1721344K), 0.1536167 secs] [Times: user=0.92 sys=0.00, real=0.16 secs] 
3676.043: [GC (Allocation Failure) [PSYoungGen: 307968K->159776K(463872K)] 740128K->678956K(1862144K), 0.0479870 secs] [Times: user=0.28 sys=0.00, real=0.05 secs] 
3677.908: [GC (Allocation Failure) [PSYoungGen: 391712K->87072K(464896K)] 910892K->757648K(1863168K), 0.1061804 secs] [Times: user=0.63 sys=0.00, real=0.11 secs] 
3679.443: [GC (Allocation Failure) [PSYoungGen: 315407K->163008K(462848K)] 985983K->917513K(1861120K), 0.0469550 secs] [Times: user=0.27 sys=0.00, real=0.04 secs] 
3681.174: [GC (Allocation Failure) [PSYoungGen: 394944K->86304K(464896K)] 1149449K->995313K(1863168K), 0.1204060 secs] [Times: user=0.72 sys=0.00, real=0.12 secs] 
3683.001: [GC (Allocation Failure) [PSYoungGen: 311306K->164000K(463872K)] 1220316K->1156170K(1862144K), 0.0478741 secs] [Times: user=0.29 sys=0.01, real=0.04 secs] 
3684.883: [GC (Allocation Failure) [PSYoungGen: 396960K->90656K(465920K)] 1389130K->1238342K(1864192K), 0.1670588 secs] [Times: user=0.99 sys=0.00, real=0.16 secs] 
3686.363: [GC (Allocation Failure) [PSYoungGen: 315100K->160128K(463872K)] 1462786K->1395066K(1862144K), 0.0487162 secs] [Times: user=0.29 sys=0.00, real=0.05 secs] 
3686.412: [Full GC (Ergonomics) [PSYoungGen: 160128K->0K(463872K)] [ParOldGen: 1234938K->197553K(1398272K)] 1395066K->197553K(1862144K), [Metaspace: 60391K->60391K(1105920K)], 0.4696068 secs] [Times: user=2.19 sys=0.00, real=0.47 secs] 
3688.397: [GC (Allocation Failure) [PSYoungGen: 232960K->92672K(326144K)] 430513K->290225K(1724416K), 0.0638938 secs] [Times: user=0.38 sys=0.00, real=0.07 secs] 
3689.385: [GC (Allocation Failure) [PSYoungGen: 312284K->159840K(460288K)] 509837K->444754K(1858560K), 0.0469705 secs] [Times: user=0.28 sys=0.00, real=0.05 secs] 
3692.038: [GC (Allocation Failure) [PSYoungGen: 391264K->88640K(463872K)] 676178K->524602K(1862144K), 0.1665916 secs] [Times: user=0.99 sys=0.01, real=0.17 secs] 
3693.379: [GC (Allocation Failure) [PSYoungGen: 316728K->161952K(461312K)] 752690K->683586K(1859584K), 0.0472070 secs] [Times: user=0.28 sys=0.00, real=0.05 secs] 
3695.360: [GC (Allocation Failure) [PSYoungGen: 395424K->94080K(465408K)] 917058K->768626K(1863680K), 0.1786121 secs] [Times: user=1.07 sys=0.01, real=0.18 secs] 
3696.567: [GC (Allocation Failure) [PSYoungGen: 327552K->167264K(459776K)] 1002098K->932564K(1858048K), 0.0505714 secs] [Times: user=0.30 sys=0.00, real=0.05 secs] 
3699.188: [GC (Allocation Failure) [PSYoungGen: 400224K->80032K(465920K)] 1165524K->1012604K(1864192K), 0.1406672 secs] [Times: user=0.84 sys=0.00, real=0.14 secs] 
3700.149: [GC (Allocation Failure) [PSYoungGen: 312992K->170400K(463360K)] 1245564K->1178941K(1861632K), 0.0536153 secs] [Times: user=0.32 sys=0.00, real=0.06 secs] 
3702.204: [GC (Allocation Failure) [PSYoungGen: 403360K->84448K(465920K)] 1411901K->1263253K(1864192K), 0.1459022 secs] [Times: user=0.87 sys=0.00, real=0.14 secs] 
3702.350: [Full GC (Ergonomics) [PSYoungGen: 84448K->0K(465920K)] [ParOldGen: 1178805K->62710K(1398272K)] 1263253K->62710K(1864192K), [Metaspace: 60399K->60399K(1105920K)], 0.1616841 secs] [Times: user=0.74 sys=0.01, real=0.17 secs] 
3702.901: [GC (Allocation Failure) [PSYoungGen: 232960K->165536K(465920K)] 295670K->228246K(1864192K), 0.0459303 secs] [Times: user=0.27 sys=0.00, real=0.04 secs] 
3707.051: [GC (Allocation Failure) [PSYoungGen: 397112K->77856K(465920K)] 459823K->305903K(1864192K), 0.1473636 secs] [Times: user=0.88 sys=0.00, real=0.14 secs] 
3708.685: [GC (Allocation Failure) [PSYoungGen: 310816K->167232K(465920K)] 538863K->469519K(1864192K), 0.1036407 secs] [Times: user=0.62 sys=0.00, real=0.10 secs] 
3711.654: [GC (Allocation Failure) [PSYoungGen: 400192K->79648K(465920K)] 702479K->549407K(1864192K), 0.1130849 secs] [Times: user=0.67 sys=0.00, real=0.11 secs] 
3712.894: [GC (Allocation Failure) [PSYoungGen: 312608K->170144K(465920K)] 782367K->713960K(1864192K), 0.1469186 secs] [Times: user=0.87 sys=0.00, real=0.15 secs] 
3715.180: [GC (Allocation Failure) [PSYoungGen: 403104K->89152K(465920K)] 946920K->802936K(1864192K), 0.0695613 secs] [Times: user=0.41 sys=0.00, real=0.07 secs] 
3720.815: [GC (Allocation Failure) [PSYoungGen: 322112K->158976K(465920K)] 1035896K->956137K(1864192K), 0.1415039 secs] [Times: user=0.84 sys=0.01, real=0.14 secs] 
3723.784: [GC (Allocation Failure) [PSYoungGen: 391936K->83456K(465920K)] 1189097K->1039417K(1864192K), 0.1081751 secs] [Times: user=0.64 sys=0.00, real=0.11 secs] 
3725.454: [GC (Allocation Failure) [PSYoungGen: 316416K->222944K(465920K)] 1272377K->1256498K(1864192K), 0.1556582 secs] [Times: user=0.92 sys=0.02, real=0.15 secs] 
3727.330: [GC (Allocation Failure) [PSYoungGen: 455904K->83296K(465920K)] 1489458K->1290682K(1864192K), 0.1054832 secs] [Times: user=0.63 sys=0.00, real=0.11 secs] 
3727.436: [Full GC (Ergonomics) [PSYoungGen: 83296K->0K(465920K)] [ParOldGen: 1207386K->94888K(1398272K)] 1290682K->94888K(1864192K), [Metaspace: 60410K->60410K(1105920K)], 0.2180523 secs] [Times: user=0.97 sys=0.01, real=0.22 secs] 
3730.251: [GC (Allocation Failure) [PSYoungGen: 231229K->199552K(465920K)] 326118K->294440K(1864192K), 0.0377530 secs] [Times: user=0.23 sys=0.00, real=0.03 secs] 
3732.871: [GC (Allocation Failure) [PSYoungGen: 432512K->81056K(465920K)] 527400K->340928K(1864192K), 0.1054809 secs] [Times: user=0.63 sys=0.00, real=0.10 secs] 
3734.287: [GC (Allocation Failure) [PSYoungGen: 314016K->163232K(465920K)] 573888K->497189K(1864192K), 0.0591631 secs] [Times: user=0.36 sys=0.00, real=0.06 secs] 
3735.367: [GC (Allocation Failure) [PSYoungGen: 390746K->93664K(465920K)] 724703K->591085K(1864192K), 0.0899251 secs] [Times: user=0.53 sys=0.00, real=0.09 secs] 
3737.420: [GC (Allocation Failure) [PSYoungGen: 326624K->151328K(465920K)] 824045K->735274K(1864192K), 0.0600525 secs] [Times: user=0.35 sys=0.00, real=0.06 secs] 
3739.257: [GC (Allocation Failure) [PSYoungGen: 384288K->98208K(465920K)] 968234K->833258K(1864192K), 0.0832910 secs] [Times: user=0.49 sys=0.00, real=0.08 secs] 
3741.007: [GC (Allocation Failure) [PSYoungGen: 331168K->149344K(465920K)] 1066218K->972398K(1864192K), 0.0599209 secs] [Times: user=0.35 sys=0.00, real=0.06 secs] 
3743.290: [GC (Allocation Failure) [PSYoungGen: 382304K->108640K(465920K)] 1205358K->1081142K(1864192K), 0.0790084 secs] [Times: user=0.47 sys=0.00, real=0.08 secs] 
3744.506: [GC (Allocation Failure) [PSYoungGen: 341600K->139552K(458752K)] 1314102K->1210099K(1857024K), 0.0613828 secs] [Times: user=0.37 sys=0.00, real=0.06 secs] 
3746.653: [GC (Allocation Failure) [PSYoungGen: 372512K->122688K(462336K)] 1443059K->1332571K(1860608K), 0.0701979 secs] [Times: user=0.41 sys=0.00, real=0.07 secs] 
3746.723: [Full GC (Ergonomics) [PSYoungGen: 122688K->0K(462336K)] [ParOldGen: 1209883K->137403K(1398272K)] 1332571K->137403K(1860608K), [Metaspace: 60412K->60412K(1105920K)], 0.3281831 secs] [Times: user=1.52 sys=0.00, real=0.33 secs] 
3748.133: [GC (Allocation Failure) [PSYoungGen: 232960K->125216K(457216K)] 370363K->262619K(1855488K), 0.0431570 secs] [Times: user=0.25 sys=0.01, real=0.04 secs] 
3749.287: [GC (Allocation Failure) [PSYoungGen: 374048K->149792K(460800K)] 511451K->412619K(1859072K), 0.0622349 secs] [Times: user=0.37 sys=0.00, real=0.06 secs] 
3751.468: [GC (Allocation Failure) [PSYoungGen: 398624K->9760K(462848K)] 661451K->272603K(1861120K), 0.0058829 secs] [Times: user=0.03 sys=0.01, real=0.01 secs] 
3752.721: [GC (Allocation Failure) [PSYoungGen: 256935K->175456K(427008K)] 519778K->445440K(1825280K), 0.0358000 secs] [Times: user=0.21 sys=0.00, real=0.03 secs] 
3754.855: [GC (Allocation Failure) [PSYoungGen: 426848K->104352K(472064K)] 696832K->540952K(1870336K), 0.1630779 secs] [Times: user=0.97 sys=0.00, real=0.16 secs] 
3756.162: [GC (Allocation Failure) [PSYoungGen: 343456K->170144K(465920K)] 780056K->707297K(1864192K), 0.0525545 secs] [Times: user=0.31 sys=0.00, real=0.05 secs] 
3758.385: [GC (Allocation Failure) [PSYoungGen: 409248K->89536K(468992K)] 946401K->796417K(1867264K), 0.1546466 secs] [Times: user=0.92 sys=0.00, real=0.15 secs] 
3758.828: [GC (Allocation Failure) [PSYoungGen: 325568K->180128K(465920K)] 1032449K->970689K(1864192K), 0.0584271 secs] [Times: user=0.35 sys=0.00, real=0.06 secs] 
3762.429: [GC (Allocation Failure) [PSYoungGen: 416160K->78624K(465920K)] 1206721K->1049589K(1864192K), 0.1148977 secs] [Times: user=0.69 sys=0.00, real=0.12 secs] 
3762.818: [GC (Allocation Failure) [PSYoungGen: 311584K->206848K(465920K)] 1282549K->1250250K(1864192K), 0.0582284 secs] [Times: user=0.34 sys=0.01, real=0.06 secs] 
3765.725: [GC (Allocation Failure) [PSYoungGen: 439808K->79712K(465920K)] 1483210K->1296858K(1864192K), 0.1024784 secs] [Times: user=0.61 sys=0.00, real=0.10 secs] 
3765.828: [Full GC (Ergonomics) [PSYoungGen: 79712K->0K(465920K)] [ParOldGen: 1217146K->94818K(1398272K)] 1296858K->94818K(1864192K), [Metaspace: 60412K->60412K(1105920K)], 0.2153074 secs] [Times: user=0.98 sys=0.00, real=0.22 secs] 
3766.572: [GC (Allocation Failure) [PSYoungGen: 230397K->200352K(465920K)] 325216K->295170K(1864192K), 0.0379116 secs] [Times: user=0.22 sys=0.00, real=0.03 secs] 
3769.142: [GC (Allocation Failure) [PSYoungGen: 433312K->87104K(465920K)] 528130K->346842K(1864192K), 0.0997605 secs] [Times: user=0.58 sys=0.00, real=0.10 secs] 
3770.353: [GC (Allocation Failure) [PSYoungGen: 320064K->157056K(465920K)] 579802K->497175K(1864192K), 0.0595461 secs] [Times: user=0.36 sys=0.00, real=0.06 secs] 
3772.535: [GC (Allocation Failure) [PSYoungGen: 387886K->93472K(465920K)] 728005K->590823K(1864192K), 0.0902661 secs] [Times: user=0.54 sys=0.00, real=0.09 secs] 
3774.869: [GC (Allocation Failure) [PSYoungGen: 326432K->151264K(465920K)] 823783K->735191K(1864192K), 0.0601219 secs] [Times: user=0.35 sys=0.01, real=0.06 secs] 
3776.150: [GC (Allocation Failure) [PSYoungGen: 384224K->123136K(465920K)] 968151K->858496K(1864192K), 0.0906067 secs] [Times: user=0.54 sys=0.00, real=0.09 secs] 
3778.426: [GC (Allocation Failure) [PSYoungGen: 356096K->148704K(465920K)] 1091456K->972500K(1864192K), 0.0604848 secs] [Times: user=0.36 sys=0.00, real=0.06 secs] 
3780.272: [GC (Allocation Failure) [PSYoungGen: 381664K->107840K(457728K)] 1205460K->1080556K(1856000K), 0.0782696 secs] [Times: user=0.46 sys=0.01, real=0.07 secs] 
3781.581: [GC (Allocation Failure) [PSYoungGen: 340800K->140640K(461824K)] 1313516K->1210465K(1860096K), 0.0610919 secs] [Times: user=0.37 sys=0.00, real=0.06 secs] 
3785.129: [GC (Allocation Failure) [PSYoungGen: 373600K->113728K(458240K)] 1443425K->1323977K(1856512K), 0.0779243 secs] [Times: user=0.46 sys=0.00, real=0.08 secs] 
3785.207: [Full GC (Ergonomics) [PSYoungGen: 113728K->0K(458240K)] [ParOldGen: 1210249K->128805K(1398272K)] 1323977K->128805K(1856512K), [Metaspace: 60413K->60413K(1105920K)], 0.2927284 secs] [Times: user=1.34 sys=0.00, real=0.29 secs] 
3786.644: [GC (Allocation Failure) [PSYoungGen: 246784K->134368K(463360K)] 375589K->263173K(1861632K), 0.0495427 secs] [Times: user=0.30 sys=0.00, real=0.05 secs] 
3788.650: [GC (Allocation Failure) [PSYoungGen: 381152K->154272K(479744K)] 509957K->417709K(1878016K), 0.0711144 secs] [Times: user=0.42 sys=0.00, real=0.08 secs] 
3790.358: [GC (Allocation Failure) [PSYoungGen: 424096K->20256K(290304K)] 687533K->283733K(1688576K), 0.0100005 secs] [Times: user=0.05 sys=0.00, real=0.01 secs] 
3791.150: [GC (Allocation Failure) [PSYoungGen: 290080K->207808K(455168K)] 553557K->489066K(1853440K), 0.0440927 secs] [Times: user=0.26 sys=0.01, real=0.05 secs] 
3794.025: [GC (Allocation Failure) [PSYoungGen: 440768K->81248K(465920K)] 722026K->553574K(1864192K), 0.1628231 secs] [Times: user=0.97 sys=0.00, real=0.16 secs] 
3794.738: [GC (Allocation Failure) [PSYoungGen: 314208K->170272K(465920K)] 786534K->718415K(1864192K), 0.0882765 secs] [Times: user=0.53 sys=0.00, real=0.09 secs] 
3798.678: [GC (Allocation Failure) [PSYoungGen: 403232K->76576K(465920K)] 951375K->794943K(1864192K), 0.1454939 secs] [Times: user=0.86 sys=0.00, real=0.15 secs] 
3799.107: [GC (Allocation Failure) [PSYoungGen: 309536K->177312K(465920K)] 1027903K->966440K(1864192K), 0.0553435 secs] [Times: user=0.33 sys=0.00, real=0.06 secs] 
3801.968: [GC (Allocation Failure) [PSYoungGen: 410272K->76480K(465920K)] 1199400K->1043096K(1864192K), 0.1351621 secs] [Times: user=0.79 sys=0.01, real=0.14 secs] 
3802.373: [GC (Allocation Failure) [PSYoungGen: 309440K->174944K(465920K)] 1276056K->1212060K(1864192K), 0.0561904 secs] [Times: user=0.34 sys=0.00, real=0.05 secs] 
3807.177: [GC (Allocation Failure) [PSYoungGen: 407904K->76864K(465920K)] 1445020K->1288556K(1864192K), 0.1246323 secs] [Times: user=0.73 sys=0.01, real=0.13 secs] 
3807.301: [Full GC (Ergonomics) [PSYoungGen: 76864K->0K(465920K)] [ParOldGen: 1211692K->86686K(1398272K)] 1288556K->86686K(1864192K), [Metaspace: 60413K->60413K(1105920K)], 0.2075887 secs] [Times: user=0.94 sys=0.00, real=0.20 secs] 
3808.220: [GC (Allocation Failure) [PSYoungGen: 232960K->170624K(465920K)] 319646K->257310K(1864192K), 0.0828116 secs] [Times: user=0.50 sys=0.00, real=0.09 secs] 
3810.338: [GC (Allocation Failure) [PSYoungGen: 403584K->86432K(465920K)] 490270K->343630K(1864192K), 0.1064058 secs] [Times: user=0.63 sys=0.00, real=0.11 secs] 
3812.398: [GC (Allocation Failure) [PSYoungGen: 319392K->201888K(465920K)] 576590K->535323K(1864192K), 0.0672919 secs] [Times: user=0.40 sys=0.00, real=0.07 secs] 
3814.478: [GC (Allocation Failure) [PSYoungGen: 434848K->92160K(465920K)] 768283K->590491K(1864192K), 0.0949311 secs] [Times: user=0.56 sys=0.01, real=0.10 secs] 
3815.990: [GC (Allocation Failure) [PSYoungGen: 325120K->156480K(465920K)] 823451K->736032K(1864192K), 0.0593716 secs] [Times: user=0.35 sys=0.00, real=0.06 secs] 
3818.338: [GC (Allocation Failure) [PSYoungGen: 386576K->93120K(465920K)] 966128K->828968K(1864192K), 0.0888595 secs] [Times: user=0.53 sys=0.00, real=0.09 secs] 
3819.570: [GC (Allocation Failure) [PSYoungGen: 326080K->150880K(465920K)] 1061928K->973333K(1864192K), 0.0602634 secs] [Times: user=0.35 sys=0.00, real=0.06 secs] 
3821.993: [GC (Allocation Failure) [PSYoungGen: 383840K->100096K(465920K)] 1206293K->1073325K(1864192K), 0.0916302 secs] [Times: user=0.54 sys=0.00, real=0.09 secs] 
3823.308: [GC (Allocation Failure) [PSYoungGen: 333056K->147776K(465920K)] 1306285K->1210268K(1864192K), 0.0605906 secs] [Times: user=0.36 sys=0.00, real=0.06 secs] 
3825.136: [GC (Allocation Failure) [PSYoungGen: 380736K->110144K(343552K)] 1443228K->1320660K(1741824K), 0.0845292 secs] [Times: user=0.50 sys=0.00, real=0.08 secs] 
3825.221: [Full GC (Ergonomics) [PSYoungGen: 110144K->0K(343552K)] [ParOldGen: 1210516K->125674K(1398272K)] 1320660K->125674K(1741824K), [Metaspace: 60414K->60414K(1105920K)], 0.2822027 secs] [Times: user=1.29 sys=0.00, real=0.29 secs] 
3826.637: [GC (Allocation Failure) [PSYoungGen: 232960K->138080K(468480K)] 358634K->263754K(1866752K), 0.0496177 secs] [Times: user=0.30 sys=0.00, real=0.05 secs] 
3828.948: [GC (Allocation Failure) [PSYoungGen: 377184K->125248K(364544K)] 502858K->389198K(1762816K), 0.0753357 secs] [Times: user=0.44 sys=0.00, real=0.08 secs] 
3830.172: [GC (Allocation Failure) [PSYoungGen: 364352K->1088K(446976K)] 628302K->265150K(1845248K), 0.0019195 secs] [Times: user=0.01 sys=0.00, real=0.00 secs] 
3831.120: [GC (Allocation Failure) [PSYoungGen: 234048K->142176K(460288K)] 498110K->406942K(1858560K), 0.0280022 secs] [Times: user=0.17 sys=0.00, real=0.03 secs] 
3832.752: [GC (Allocation Failure) [PSYoungGen: 375136K->3040K(458752K)] 639902K->267910K(1857024K), 0.0018794 secs] [Times: user=0.01 sys=0.00, real=0.00 secs] 
3836.518: [GC (Allocation Failure) [PSYoungGen: 236000K->144768K(465920K)] 500870K->410859K(1864192K), 0.0285682 secs] [Times: user=0.17 sys=0.00, real=0.03 secs] 
3837.944: [GC (Allocation Failure) [PSYoungGen: 377728K->106144K(448512K)] 643819K->507211K(1846784K), 0.0917894 secs] [Times: user=0.55 sys=0.00, real=0.09 secs] 
3839.629: [GC (Allocation Failure) [PSYoungGen: 339104K->157024K(457216K)] 740171K->662296K(1855488K), 0.0532513 secs] [Times: user=0.31 sys=0.00, real=0.06 secs] 
3841.152: [GC (Allocation Failure) [PSYoungGen: 389984K->97408K(463360K)] 895256K->750400K(1861632K), 0.0955389 secs] [Times: user=0.57 sys=0.00, real=0.09 secs] 
3843.092: [GC (Allocation Failure) [PSYoungGen: 341632K->181632K(465920K)] 994624K->929949K(1864192K), 0.0535491 secs] [Times: user=0.32 sys=0.00, real=0.05 secs] 
3845.526: [GC (Allocation Failure) [PSYoungGen: 425856K->95808K(470016K)] 1174173K->1008981K(1868288K), 0.1709304 secs] [Times: user=1.02 sys=0.01, real=0.17 secs] 
3847.142: [GC (Allocation Failure) [PSYoungGen: 332864K->167328K(465920K)] 1246037K->1172542K(1864192K), 0.0512532 secs] [Times: user=0.31 sys=0.00, real=0.05 secs] 
3849.117: [GC (Allocation Failure) [PSYoungGen: 404384K->90432K(466944K)] 1409598K->1262422K(1865216K), 0.1504945 secs] [Times: user=0.89 sys=0.01, real=0.15 secs] 
3849.268: [Full GC (Ergonomics) [PSYoungGen: 90432K->0K(466944K)] [ParOldGen: 1171990K->59574K(1398272K)] 1262422K->59574K(1865216K), [Metaspace: 60414K->60414K(1105920K)], 0.1541441 secs] [Times: user=0.71 sys=0.00, real=0.16 secs] 
3849.849: [GC (Allocation Failure) [PSYoungGen: 236032K->190176K(465920K)] 295606K->249750K(1864192K), 0.0358208 secs] [Times: user=0.21 sys=0.00, real=0.04 secs] 
3852.709: [GC (Allocation Failure) [PSYoungGen: 426208K->91680K(465920K)] 485782K->325150K(1864192K), 0.1426319 secs] [Times: user=0.85 sys=0.00, real=0.15 secs] 
3853.326: [GC (Allocation Failure) [PSYoungGen: 324640K->173920K(465920K)] 558110K->485019K(1864192K), 0.0904128 secs] [Times: user=0.54 sys=0.00, real=0.09 secs] 
3857.423: [GC (Allocation Failure) [PSYoungGen: 406880K->76096K(465920K)] 717979K->561035K(1864192K), 0.1371547 secs] [Times: user=0.82 sys=0.00, real=0.13 secs] 
3857.832: [GC (Allocation Failure) [PSYoungGen: 309056K->175360K(465920K)] 793995K->730236K(1864192K), 0.0560614 secs] [Times: user=0.33 sys=0.00, real=0.05 secs] 
3861.036: [GC (Allocation Failure) [PSYoungGen: 408320K->79680K(465920K)] 963196K->809772K(1864192K), 0.1245334 secs] [Times: user=0.74 sys=0.01, real=0.12 secs] 
3861.768: [GC (Allocation Failure) [PSYoungGen: 310799K->204576K(465920K)] 1040891K->1008339K(1864192K), 0.0605529 secs] [Times: user=0.37 sys=0.00, real=0.06 secs] 
3863.651: [GC (Allocation Failure) [PSYoungGen: 437536K->87616K(465920K)] 1241299K->1060995K(1864192K), 0.1003831 secs] [Times: user=0.59 sys=0.00, real=0.10 secs] 
3864.864: [GC (Allocation Failure) [PSYoungGen: 320576K->157120K(465920K)] 1293955K->1211410K(1864192K), 0.0602750 secs] [Times: user=0.36 sys=0.00, real=0.06 secs] 
3867.210: [GC (Allocation Failure) [PSYoungGen: 386536K->93280K(465920K)] 1440827K->1304502K(1864192K), 0.0935788 secs] [Times: user=0.56 sys=0.00, real=0.10 secs] 
3867.304: [Full GC (Ergonomics) [PSYoungGen: 93280K->0K(465920K)] [ParOldGen: 1211222K->108449K(1398272K)] 1304502K->108449K(1864192K), [Metaspace: 60425K->60425K(1105920K)], 0.2523606 secs] [Times: user=1.14 sys=0.00, real=0.25 secs] 
3869.487: [GC (Allocation Failure) [PSYoungGen: 232960K->150912K(465920K)] 341409K->259361K(1864192K), 0.0427722 secs] [Times: user=0.25 sys=0.00, real=0.04 secs] 
3872.375: [GC (Allocation Failure) [PSYoungGen: 377988K->92864K(465920K)] 486437K->352289K(1864192K), 0.0932594 secs] [Times: user=0.56 sys=0.00, real=0.09 secs] 
3873.579: [GC (Allocation Failure) [PSYoungGen: 325824K->150880K(465920K)] 585249K->496880K(1864192K), 0.0597711 secs] [Times: user=0.36 sys=0.00, real=0.06 secs] 
3874.855: [GC (Allocation Failure) [PSYoungGen: 383840K->102272K(464896K)] 729840K->599336K(1863168K), 0.0756831 secs] [Times: user=0.45 sys=0.00, real=0.08 secs] 
3877.060: [GC (Allocation Failure) [PSYoungGen: 335232K->145888K(378880K)] 832296K->734413K(1777152K), 0.0603962 secs] [Times: user=0.36 sys=0.00, real=0.06 secs] 
3878.843: [GC (Allocation Failure) [PSYoungGen: 378848K->108480K(470528K)] 967373K->843109K(1868800K), 0.0807752 secs] [Times: user=0.47 sys=0.01, real=0.08 secs] 
3880.944: [GC (Allocation Failure) [PSYoungGen: 349632K->139744K(463872K)] 1084261K->972338K(1862144K), 0.0608818 secs] [Times: user=0.36 sys=0.00, real=0.06 secs] 
3883.552: [GC (Allocation Failure) [PSYoungGen: 380896K->130752K(468480K)] 1213490K->1103026K(1866752K), 0.0600787 secs] [Times: user=0.36 sys=0.00, real=0.06 secs] 
3885.267: [GC (Allocation Failure) [PSYoungGen: 385216K->4032K(464896K)] 1357490K->976350K(1863168K), 0.0023333 secs] [Times: user=0.01 sys=0.00, real=0.00 secs] 
3886.651: [GC (Allocation Failure) [PSYoungGen: 258496K->174176K(456192K)] 1230814K->1149323K(1854464K), 0.0483470 secs] [Times: user=0.28 sys=0.00, real=0.05 secs] 
3889.286: [GC (Allocation Failure) [PSYoungGen: 407136K->88704K(465920K)] 1382283K->1229923K(1864192K), 0.1696577 secs] [Times: user=1.01 sys=0.00, real=0.17 secs] 
3889.456: [Full GC (Ergonomics) [PSYoungGen: 88704K->0K(465920K)] [ParOldGen: 1141219K->34076K(1398272K)] 1229923K->34076K(1864192K), [Metaspace: 60426K->60426K(1105920K)], 0.0908155 secs] [Times: user=0.33 sys=0.00, real=0.09 secs] 
3891.149: [GC (Allocation Failure) [PSYoungGen: 229312K->166880K(461312K)] 263388K->200956K(1859584K), 0.0323958 secs] [Times: user=0.19 sys=0.00, real=0.04 secs] 
3893.077: [GC (Allocation Failure) [PSYoungGen: 399840K->89152K(465920K)] 433916K->281556K(1864192K), 0.1605121 secs] [Times: user=0.96 sys=0.00, real=0.16 secs] 
3894.544: [GC (Allocation Failure) [PSYoungGen: 318626K->161184K(462848K)] 511030K->440288K(1861120K), 0.0470964 secs] [Times: user=0.28 sys=0.00, real=0.05 secs] 
3897.305: [GC (Allocation Failure) [PSYoungGen: 394144K->89600K(323072K)] 673248K->520984K(1721344K), 0.1723748 secs] [Times: user=1.02 sys=0.01, real=0.17 secs] 
3898.431: [GC (Allocation Failure) [PSYoungGen: 310144K->160544K(460800K)] 741529K->678553K(1859072K), 0.0478737 secs] [Times: user=0.29 sys=0.00, real=0.05 secs] 
3900.610: [GC (Allocation Failure) [PSYoungGen: 392480K->90656K(464896K)] 910489K->760577K(1863168K), 0.1821159 secs] [Times: user=1.08 sys=0.01, real=0.19 secs] 
3902.299: [GC (Allocation Failure) [PSYoungGen: 314089K->160224K(460800K)] 984011K->917126K(1859072K), 0.0483258 secs] [Times: user=0.28 sys=0.00, real=0.05 secs] 
3903.901: [GC (Allocation Failure) [PSYoungGen: 393184K->94048K(464896K)] 1150086K->1002202K(1863168K), 0.1190581 secs] [Times: user=0.70 sys=0.00, real=0.11 secs] 
3905.183: [GC (Allocation Failure) [PSYoungGen: 327008K->167808K(458752K)] 1235162K->1166327K(1857024K), 0.0503308 secs] [Times: user=0.30 sys=0.00, real=0.05 secs] 
3907.592: [GC (Allocation Failure) [PSYoungGen: 400256K->84256K(465408K)] 1398775K->1249887K(1863680K), 0.1717227 secs] [Times: user=1.02 sys=0.01, real=0.17 secs] 
3907.763: [Full GC (Ergonomics) [PSYoungGen: 84256K->0K(465408K)] [ParOldGen: 1165631K->54045K(1398272K)] 1249887K->54045K(1863680K), [Metaspace: 60426K->60426K(1105920K)], 0.1530148 secs] [Times: user=0.68 sys=0.00, real=0.15 secs] 
3908.727: [GC (Allocation Failure) [PSYoungGen: 232448K->166976K(462336K)] 286493K->221021K(1860608K), 0.0354965 secs] [Times: user=0.21 sys=0.00, real=0.04 secs] 
3910.538: [GC (Allocation Failure) [PSYoungGen: 399936K->85376K(465920K)] 453981K->305913K(1864192K), 0.1190354 secs] [Times: user=0.70 sys=0.01, real=0.12 secs] 
3911.206: [GC (Allocation Failure) [PSYoungGen: 318336K->169856K(464384K)] 538873K->471718K(1862656K), 0.0666618 secs] [Times: user=0.39 sys=0.00, real=0.07 secs] 
3914.059: [GC (Allocation Failure) [PSYoungGen: 402816K->75360K(465920K)] 704678K->547278K(1864192K), 0.1789897 secs] [Times: user=1.07 sys=0.01, real=0.18 secs] 
3914.603: [GC (Allocation Failure) [PSYoungGen: 308320K->176704K(465920K)] 780238K->718103K(1864192K), 0.0538890 secs] [Times: user=0.32 sys=0.00, real=0.05 secs] 
3917.814: [GC (Allocation Failure) [PSYoungGen: 409664K->82272K(465920K)] 951063K->800599K(1864192K), 0.1425347 secs] [Times: user=0.85 sys=0.00, real=0.14 secs] 
3918.253: [GC (Allocation Failure) [PSYoungGen: 315232K->173216K(465920K)] 1033559K->967920K(1864192K), 0.0574802 secs] [Times: user=0.34 sys=0.00, real=0.05 secs] 
3922.274: [GC (Allocation Failure) [PSYoungGen: 406176K->75712K(465920K)] 1200880K->1043152K(1864192K), 0.1286186 secs] [Times: user=0.77 sys=0.00, real=0.13 secs] 
3922.834: [GC (Allocation Failure) [PSYoungGen: 307765K->207712K(465920K)] 1275205K->1244952K(1864192K), 0.0565558 secs] [Times: user=0.34 sys=0.00, real=0.05 secs] 
3924.868: [GC (Allocation Failure) [PSYoungGen: 440672K->86144K(465920K)] 1477912K->1297528K(1864192K), 0.1050194 secs] [Times: user=0.62 sys=0.00, real=0.11 secs] 
3924.973: [Full GC (Ergonomics) [PSYoungGen: 86144K->0K(465920K)] [ParOldGen: 1211384K->101754K(1398272K)] 1297528K->101754K(1864192K), [Metaspace: 60428K->60428K(1105920K)], 0.2366199 secs] [Times: user=1.08 sys=0.00, real=0.23 secs] 
3926.311: [GC (Allocation Failure) [PSYoungGen: 232960K->158560K(465920K)] 334714K->260315K(1864192K), 0.0456682 secs] [Times: user=0.27 sys=0.00, real=0.05 secs] 
3928.661: [GC (Allocation Failure) [PSYoungGen: 389375K->93120K(465920K)] 491130K->352907K(1864192K), 0.0944250 secs] [Times: user=0.56 sys=0.00, real=0.09 secs] 
3930.435: [GC (Allocation Failure) [PSYoungGen: 326080K->151136K(465920K)] 585867K->497455K(1864192K), 0.0595919 secs] [Times: user=0.35 sys=0.00, real=0.06 secs] 
3931.686: [GC (Allocation Failure) [PSYoungGen: 384096K->110880K(465920K)] 730415K->608135K(1864192K), 0.0660876 secs] [Times: user=0.39 sys=0.00, real=0.07 secs] 
3934.283: [GC (Allocation Failure) [PSYoungGen: 343840K->145824K(465920K)] 841095K->735512K(1864192K), 0.0601882 secs] [Times: user=0.36 sys=0.00, real=0.06 secs] 
3937.271: [GC (Allocation Failure) [PSYoungGen: 378784K->107712K(340992K)] 968472K->842640K(1739264K), 0.0698304 secs] [Times: user=0.41 sys=0.00, real=0.07 secs] 
3938.472: [GC (Allocation Failure) [PSYoungGen: 340672K->140736K(464896K)] 1075600K->973037K(1863168K), 0.0610995 secs] [Times: user=0.36 sys=0.00, real=0.06 secs] 
3941.008: [GC (Allocation Failure) [PSYoungGen: 378304K->117600K(460288K)] 1210605K->1090461K(1858560K), 0.0716129 secs] [Times: user=0.43 sys=0.00, real=0.07 secs] 
3942.230: [GC (Allocation Failure) [PSYoungGen: 355168K->130784K(468480K)] 1328029K->1210770K(1866752K), 0.0622198 secs] [Times: user=0.37 sys=0.00, real=0.07 secs] 
3944.380: [GC (Allocation Failure) [PSYoungGen: 387296K->150528K(463872K)] 1467282K->1361050K(1862144K), 0.0611144 secs] [Times: user=0.36 sys=0.00, real=0.07 secs] 
3944.441: [Full GC (Ergonomics) [PSYoungGen: 150528K->0K(463872K)] [ParOldGen: 1210522K->165546K(1398272K)] 1361050K->165546K(1862144K), [Metaspace: 60435K->60435K(1105920K)], 0.3911137 secs] [Times: user=1.82 sys=0.00, real=0.39 secs] 
3946.373: [GC (Allocation Failure) [PSYoungGen: 256512K->112384K(486400K)] 422058K->277930K(1884672K), 0.1020914 secs] [Times: user=0.60 sys=0.00, real=0.10 secs] 
3948.113: [GC (Allocation Failure) [PSYoungGen: 396032K->198336K(482304K)] 561578K->473750K(1880576K), 0.0620079 secs] [Times: user=0.37 sys=0.00, real=0.06 secs] 
3950.489: [GC (Allocation Failure) [PSYoungGen: 478803K->121024K(483328K)] 754218K->594214K(1881600K), 0.0951646 secs] [Times: user=0.57 sys=0.00, real=0.10 secs] 
3953.130: [GC (Allocation Failure) [PSYoungGen: 387776K->151488K(418304K)] 860966K->739403K(1816576K), 0.0677136 secs] [Times: user=0.41 sys=0.00, real=0.07 secs] 
3955.211: [GC (Allocation Failure) [PSYoungGen: 418240K->150080K(483328K)] 1006155K->889291K(1881600K), 0.0643551 secs] [Times: user=0.38 sys=0.00, real=0.06 secs] 
3957.597: [GC (Allocation Failure) [PSYoungGen: 419392K->20768K(290304K)] 1158603K->760003K(1688576K), 0.0167009 secs] [Times: user=0.09 sys=0.00, real=0.02 secs] 
3959.810: [GC (Allocation Failure) [PSYoungGen: 290080K->187616K(456704K)] 1029315K->944600K(1854976K), 0.0429799 secs] [Times: user=0.26 sys=0.00, real=0.05 secs] 
3963.374: [GC (Allocation Failure) [PSYoungGen: 416905K->82016K(465920K)] 1173890K->1025672K(1864192K), 0.1775932 secs] [Times: user=1.06 sys=0.00, real=0.18 secs] 
3963.933: [GC (Allocation Failure) [PSYoungGen: 314976K->168096K(465920K)] 1258632K->1190117K(1864192K), 0.0556412 secs] [Times: user=0.33 sys=0.00, real=0.05 secs] 
3967.587: [GC (Allocation Failure) [PSYoungGen: 401056K->77344K(465920K)] 1423077K->1267549K(1864192K), 0.1536069 secs] [Times: user=0.91 sys=0.00, real=0.15 secs] 
3967.740: [Full GC (Ergonomics) [PSYoungGen: 77344K->0K(465920K)] [ParOldGen: 1190205K->66332K(1398272K)] 1267549K->66332K(1864192K), [Metaspace: 60453K->60453K(1105920K)], 0.1732085 secs] [Times: user=0.80 sys=0.00, real=0.18 secs] 
3968.761: [GC (Allocation Failure) [PSYoungGen: 232960K->173280K(465920K)] 299292K->239612K(1864192K), 0.0837701 secs] [Times: user=0.50 sys=0.00, real=0.09 secs] 
3971.600: [GC (Allocation Failure) [PSYoungGen: 406240K->83456K(465920K)] 472572K->322732K(1864192K), 0.1301581 secs] [Times: user=0.77 sys=0.00, real=0.13 secs] 
3972.016: [GC (Allocation Failure) [PSYoungGen: 316416K->174176K(465920K)] 555692K->491149K(1864192K), 0.0602073 secs] [Times: user=0.36 sys=0.00, real=0.06 secs] 
3975.464: [GC (Allocation Failure) [PSYoungGen: 407136K->79872K(465920K)] 724109K->570837K(1864192K), 0.1211417 secs] [Times: user=0.72 sys=0.01, real=0.12 secs] 
3976.245: [GC (Allocation Failure) [PSYoungGen: 309126K->205952K(465920K)] 800091K->770770K(1864192K), 0.0600394 secs] [Times: user=0.36 sys=0.00, real=0.06 secs] 
3981.619: [GC (Allocation Failure) [PSYoungGen: 438912K->75296K(465920K)] 1003730K->811490K(1864192K), 0.1197083 secs] [Times: user=0.71 sys=0.01, real=0.12 secs] 
3982.382: [GC (Allocation Failure) [PSYoungGen: 308256K->210048K(465920K)] 1044450K->1015147K(1864192K), 0.0544359 secs] [Times: user=0.32 sys=0.00, real=0.05 secs] 
3986.004: [GC (Allocation Failure) [PSYoungGen: 443008K->83808K(465920K)] 1248107K->1058059K(1864192K), 0.1121304 secs] [Times: user=0.67 sys=0.00, real=0.11 secs] 
3987.704: [GC (Allocation Failure) [PSYoungGen: 316768K->160224K(465920K)] 1291019K->1211879K(1864192K), 0.0598098 secs] [Times: user=0.35 sys=0.00, real=0.06 secs] 
3991.095: [GC (Allocation Failure) [PSYoungGen: 393184K->91072K(465920K)] 1444839K->1303087K(1864192K), 0.0911480 secs] [Times: user=0.55 sys=0.00, real=0.09 secs] 
3991.186: [Full GC (Ergonomics) [PSYoungGen: 91072K->0K(465920K)] [ParOldGen: 1212015K->106207K(1398272K)] 1303087K->106207K(1864192K), [Metaspace: 60461K->60461K(1105920K)], 0.2459439 secs] [Times: user=1.11 sys=0.00, real=0.25 secs] 
3992.542: [GC (Allocation Failure) [PSYoungGen: 232960K->153344K(465920K)] 339167K->259551K(1864192K), 0.0434658 secs] [Times: user=0.26 sys=0.00, real=0.04 secs] 
3995.209: [GC (Allocation Failure) [PSYoungGen: 382972K->93440K(465920K)] 489180K->352919K(1864192K), 0.0951323 secs] [Times: user=0.56 sys=0.00, real=0.10 secs] 
3996.481: [GC (Allocation Failure) [PSYoungGen: 326400K->150720K(465920K)] 585879K->497020K(1864192K), 0.0596728 secs] [Times: user=0.36 sys=0.00, real=0.05 secs] 
3997.804: [GC (Allocation Failure) [PSYoungGen: 383680K->105408K(465920K)] 729980K->602668K(1864192K), 0.0811851 secs] [Times: user=0.47 sys=0.01, real=0.08 secs] 
3999.010: [GC (Allocation Failure) [PSYoungGen: 338368K->142784K(465920K)] 835628K->734871K(1864192K), 0.0646196 secs] [Times: user=0.37 sys=0.00, real=0.07 secs] 
4001.275: [GC (Allocation Failure) [PSYoungGen: 375744K->115648K(348672K)] 967831K->850311K(1746944K), 0.0751306 secs] [Times: user=0.44 sys=0.01, real=0.07 secs] 
4002.785: [GC (Allocation Failure) [PSYoungGen: 348608K->133056K(466944K)] 1083271K->972660K(1865216K), 0.0619049 secs] [Times: user=0.37 sys=0.00, real=0.06 secs] 
4005.754: [GC (Allocation Failure) [PSYoungGen: 373696K->131456K(459264K)] 1213300K->1103500K(1857536K), 0.0584159 secs] [Times: user=0.34 sys=0.01, real=0.06 secs] 
4007.008: [GC (Allocation Failure) [PSYoungGen: 372096K->3136K(451072K)] 1344140K->975244K(1849344K), 0.0025160 secs] [Times: user=0.01 sys=0.00, real=0.00 secs] 
4010.164: [GC (Allocation Failure) [PSYoungGen: 243776K->152480K(464384K)] 1215884K->1125601K(1862656K), 0.0304492 secs] [Times: user=0.18 sys=0.00, real=0.03 secs] 
4011.412: [GC (Allocation Failure) [PSYoungGen: 393120K->103936K(462336K)] 1366241K->1220201K(1860608K), 0.0712327 secs] [Times: user=0.42 sys=0.00, real=0.07 secs] 
4013.333: [GC (Allocation Failure) [PSYoungGen: 352768K->173760K(467456K)] 1469033K->1391805K(1865728K), 0.0548628 secs] [Times: user=0.32 sys=0.00, real=0.05 secs] 
4013.388: [Full GC (Ergonomics) [PSYoungGen: 173760K->0K(467456K)] [ParOldGen: 1218045K->195887K(1398272K)] 1391805K->195887K(1865728K), [Metaspace: 60461K->60461K(1105920K)], 0.4682503 secs] [Times: user=2.20 sys=0.00, real=0.47 secs] 
4016.171: [GC (Allocation Failure) [PSYoungGen: 248832K->105120K(473088K)] 444719K->301007K(1871360K), 0.0970546 secs] [Times: user=0.57 sys=0.00, real=0.09 secs] 
4017.707: [GC (Allocation Failure) [PSYoungGen: 353440K->176672K(425472K)] 549327K->471444K(1823744K), 0.0534073 secs] [Times: user=0.31 sys=0.00, real=0.05 secs] 
4020.335: [GC (Allocation Failure) [PSYoungGen: 424992K->95488K(472064K)] 719764K->566148K(1870336K), 0.1283206 secs] [Times: user=0.76 sys=0.00, real=0.13 secs] 
4021.296: [GC (Allocation Failure) [PSYoungGen: 335616K->178048K(418304K)] 806276K->738644K(1816576K), 0.1218712 secs] [Times: user=0.72 sys=0.01, real=0.12 secs] 
4025.509: [GC (Allocation Failure) [PSYoungGen: 418176K->82016K(465920K)] 978772K->820684K(1864192K), 0.1215664 secs] [Times: user=0.73 sys=0.00, real=0.13 secs] 
4026.644: [GC (Allocation Failure) [PSYoungGen: 313986K->200384K(465920K)] 1052655K->1014713K(1864192K), 0.0669916 secs] [Times: user=0.39 sys=0.00, real=0.06 secs] 
4028.980: [GC (Allocation Failure) [PSYoungGen: 433344K->90816K(465920K)] 1247673K->1068185K(1864192K), 0.1042882 secs] [Times: user=0.62 sys=0.00, real=0.11 secs] 
4030.205: [GC (Allocation Failure) [PSYoungGen: 323776K->154368K(465920K)] 1301145K->1215842K(1864192K), 0.0606675 secs] [Times: user=0.36 sys=0.00, real=0.06 secs] 
4033.171: [GC (Allocation Failure) [PSYoungGen: 380360K->93024K(465920K)] 1441835K->1308266K(1864192K), 0.0966692 secs] [Times: user=0.58 sys=0.00, real=0.09 secs] 
4033.268: [Full GC (Ergonomics) [PSYoungGen: 93024K->0K(465920K)] [ParOldGen: 1215242K->108111K(1398272K)] 1308266K->108111K(1864192K), [Metaspace: 60463K->60463K(1105920K)], 0.2585245 secs] [Times: user=1.18 sys=0.00, real=0.26 secs] 
4034.588: [GC (Allocation Failure) [PSYoungGen: 232960K->151968K(465920K)] 341071K->260079K(1864192K), 0.0422427 secs] [Times: user=0.25 sys=0.00, real=0.04 secs] 
4036.356: [GC (Allocation Failure) [PSYoungGen: 384928K->126368K(454656K)] 493039K->385872K(1852928K), 0.0834026 secs] [Times: user=0.50 sys=0.00, real=0.08 secs] 
4037.734: [GC (Allocation Failure) [PSYoungGen: 359328K->146592K(460288K)] 618832K->497572K(1858560K), 0.0607452 secs] [Times: user=0.36 sys=0.00, real=0.06 secs] 
4041.028: [GC (Allocation Failure) [PSYoungGen: 379552K->106880K(459264K)] 730532K->604020K(1857536K), 0.0863119 secs] [Times: user=0.51 sys=0.00, real=0.09 secs] 
4042.708: [GC (Allocation Failure) [PSYoungGen: 354688K->141152K(466432K)] 851828K->734656K(1864704K), 0.0599860 secs] [Times: user=0.35 sys=0.00, real=0.06 secs] 
4044.743: [GC (Allocation Failure) [PSYoungGen: 388960K->140192K(467968K)] 982464K->874656K(1866240K), 0.0612200 secs] [Times: user=0.35 sys=0.00, real=0.06 secs] 
4046.160: [GC (Allocation Failure) [PSYoungGen: 405920K->16128K(475648K)] 1140384K->750692K(1873920K), 0.0070488 secs] [Times: user=0.04 sys=0.00, real=0.01 secs] 
4048.676: [GC (Allocation Failure) [PSYoungGen: 281856K->181984K(454144K)] 1016420K->930288K(1852416K), 0.0402731 secs] [Times: user=0.23 sys=0.00, real=0.04 secs] 
4052.214: [GC (Allocation Failure) [PSYoungGen: 414944K->83808K(465920K)] 1163248K->1013460K(1864192K), 0.1685865 secs] [Times: user=1.00 sys=0.01, real=0.17 secs] 
4052.893: [GC (Allocation Failure) [PSYoungGen: 316768K->184064K(463360K)] 1246420K->1193729K(1861632K), 0.0540010 secs] [Times: user=0.32 sys=0.00, real=0.05 secs] 
4056.369: [GC (Allocation Failure) [PSYoungGen: 417024K->80640K(465920K)] 1426689K->1257505K(1864192K), 0.1730562 secs] [Times: user=1.03 sys=0.00, real=0.18 secs] 
4056.542: [Full GC (Ergonomics) [PSYoungGen: 80640K->0K(465920K)] [ParOldGen: 1176865K->61054K(1398272K)] 1257505K->61054K(1864192K), [Metaspace: 60463K->60463K(1105920K)], 0.1704308 secs] [Times: user=0.80 sys=0.00, real=0.17 secs] 
4057.654: [GC (Allocation Failure) [PSYoungGen: 232960K->165376K(465920K)] 294014K->226430K(1864192K), 0.0334756 secs] [Times: user=0.20 sys=0.00, real=0.03 secs] 
4060.112: [GC (Allocation Failure) [PSYoungGen: 396842K->80480K(465920K)] 457897K->306712K(1864192K), 0.1442697 secs] [Times: user=0.85 sys=0.00, real=0.14 secs] 
4060.538: [GC (Allocation Failure) [PSYoungGen: 313440K->171200K(465920K)] 539672K->473969K(1864192K), 0.0558681 secs] [Times: user=0.29 sys=0.00, real=0.06 secs] 
4063.152: [GC (Allocation Failure) [PSYoungGen: 404160K->83872K(465920K)] 706929K->557933K(1864192K), 0.1524417 secs] [Times: user=0.90 sys=0.00, real=0.15 secs] 
4063.594: [GC (Allocation Failure) [PSYoungGen: 316832K->177472K(465920K)] 790893K->729578K(1864192K), 0.0574543 secs] [Times: user=0.34 sys=0.00, real=0.06 secs] 
4067.808: [GC (Allocation Failure) [PSYoungGen: 410432K->76736K(465920K)] 962538K->806562K(1864192K), 0.1351680 secs] [Times: user=0.81 sys=0.00, real=0.14 secs] 
4069.631: [GC (Allocation Failure) [PSYoungGen: 309696K->169312K(465920K)] 1039522K->970083K(1864192K), 0.1216765 secs] [Times: user=0.72 sys=0.01, real=0.12 secs] 
4072.857: [GC (Allocation Failure) [PSYoungGen: 402272K->77856K(465920K)] 1203043K->1047891K(1864192K), 0.1305691 secs] [Times: user=0.78 sys=0.00, real=0.13 secs] 
4074.908: [GC (Allocation Failure) [PSYoungGen: 309972K->204064K(465920K)] 1280007K->1245864K(1864192K), 0.0573638 secs] [Times: user=0.33 sys=0.00, real=0.06 secs] 
4078.844: [GC (Allocation Failure) [PSYoungGen: 437024K->77472K(465920K)] 1478824K->1289848K(1864192K), 0.1242033 secs] [Times: user=0.74 sys=0.00, real=0.12 secs] 
4078.968: [Full GC (Ergonomics) [PSYoungGen: 77472K->0K(465920K)] [ParOldGen: 1212376K->93085K(1398272K)] 1289848K->93085K(1864192K), [Metaspace: 60465K->60465K(1105920K)], 0.2297637 secs] [Times: user=1.06 sys=0.00, real=0.23 secs] 
4080.172: [GC (Allocation Failure) [PSYoungGen: 232960K->203072K(465920K)] 326045K->296157K(1864192K), 0.0492926 secs] [Times: user=0.30 sys=0.00, real=0.05 secs] 
4081.961: [GC (Allocation Failure) [PSYoungGen: 436032K->91264K(465920K)] 529117K->350837K(1864192K), 0.1050895 secs] [Times: user=0.62 sys=0.00, real=0.10 secs] 
4083.217: [GC (Allocation Failure) [PSYoungGen: 324224K->152928K(465920K)] 583797K->497164K(1864192K), 0.0598784 secs] [Times: user=0.36 sys=0.00, real=0.06 secs] 
4084.758: [GC (Allocation Failure) [PSYoungGen: 385888K->101248K(465920K)] 730124K->598268K(1864192K), 0.0903960 secs] [Times: user=0.54 sys=0.00, real=0.09 secs] 
4086.548: [GC (Allocation Failure) [PSYoungGen: 334208K->146400K(465920K)] 831228K->734355K(1864192K), 0.0605963 secs] [Times: user=0.36 sys=0.00, real=0.06 secs] 
4089.659: [GC (Allocation Failure) [PSYoungGen: 379360K->107776K(465920K)] 967315K->842075K(1864192K), 0.0888249 secs] [Times: user=0.53 sys=0.00, real=0.09 secs] 
4091.951: [GC (Allocation Failure) [PSYoungGen: 340736K->141024K(465920K)] 1075035K->972296K(1864192K), 0.0610648 secs] [Times: user=0.36 sys=0.00, real=0.06 secs] 
4094.504: [GC (Allocation Failure) [PSYoungGen: 373984K->116672K(349696K)] 1205256K->1088744K(1747968K), 0.0721629 secs] [Times: user=0.43 sys=0.00, real=0.07 secs] 
4095.751: [GC (Allocation Failure) [PSYoungGen: 349632K->131072K(468480K)] 1321704K->1209773K(1866752K), 0.0623864 secs] [Times: user=0.37 sys=0.00, real=0.06 secs] 
4098.443: [GC (Allocation Failure) [PSYoungGen: 372736K->129952K(459776K)] 1451437K->1339485K(1858048K), 0.0669627 secs] [Times: user=0.40 sys=0.00, real=0.06 secs] 
4098.510: [Full GC (Ergonomics) [PSYoungGen: 129952K->0K(459776K)] [ParOldGen: 1209533K->145487K(1398272K)] 1339485K->145487K(1858048K), [Metaspace: 60465K->60465K(1105920K)], 0.3313295 secs] [Times: user=1.51 sys=0.00, real=0.34 secs] 
4099.958: [GC (Allocation Failure) [PSYoungGen: 241664K->120576K(470016K)] 387151K->266063K(1868288K), 0.0419009 secs] [Times: user=0.24 sys=0.00, real=0.04 secs] 
4101.861: [GC (Allocation Failure) [PSYoungGen: 381184K->175008K(463360K)] 526671K->439900K(1861632K), 0.0625986 secs] [Times: user=0.37 sys=0.00, real=0.06 secs] 
4104.130: [GC (Allocation Failure) [PSYoungGen: 435616K->104960K(489472K)] 700508K->535916K(1887744K), 0.1398053 secs] [Times: user=0.84 sys=0.00, real=0.14 secs] 
4104.961: [GC (Allocation Failure) [PSYoungGen: 381440K->202464K(479232K)] 812396K->734393K(1877504K), 0.0573533 secs] [Times: user=0.34 sys=0.00, real=0.05 secs] 
4109.909: [GC (Allocation Failure) [PSYoungGen: 473364K->99552K(466944K)] 1005293K->833681K(1865216K), 0.1170501 secs] [Times: user=0.70 sys=0.00, real=0.12 secs] 
4111.168: [GC (Allocation Failure) [PSYoungGen: 346848K->151360K(473088K)] 1080977K->978429K(1871360K), 0.0635674 secs] [Times: user=0.37 sys=0.00, real=0.07 secs] 
4113.771: [GC (Allocation Failure) [PSYoungGen: 398656K->119968K(458240K)] 1225725K->1098237K(1856512K), 0.0804326 secs] [Times: user=0.48 sys=0.00, real=0.08 secs] 
4114.979: [GC (Allocation Failure) [PSYoungGen: 369824K->2496K(466944K)] 1348093K->980813K(1865216K), 0.0040309 secs] [Times: user=0.02 sys=0.00, real=0.01 secs] 
4116.992: [GC (Allocation Failure) [PSYoungGen: 252352K->164224K(463872K)] 1230669K->1143658K(1862144K), 0.0332340 secs] [Times: user=0.20 sys=0.00, real=0.03 secs] 
4118.668: [GC (Allocation Failure) [PSYoungGen: 397184K->95968K(329216K)] 1376618K->1230730K(1727488K), 0.1368165 secs] [Times: user=0.82 sys=0.00, real=0.14 secs] 
4120.522: [GC (Allocation Failure) [PSYoungGen: 328928K->164992K(461824K)] 1463690K->1393787K(1860096K), 0.0533874 secs] [Times: user=0.32 sys=0.00, real=0.05 secs] 
4120.576: [Full GC (Ergonomics) [PSYoungGen: 164992K->0K(461824K)] [ParOldGen: 1228795K->192417K(1398272K)] 1393787K->192417K(1860096K), [Metaspace: 60466K->60466K(1105920K)], 0.4612921 secs] [Times: user=2.15 sys=0.00, real=0.46 secs] 
4125.188: [GC (Allocation Failure) [PSYoungGen: 231936K->83680K(464896K)] 424353K->276097K(1863168K), 0.1010246 secs] [Times: user=0.59 sys=0.00, real=0.10 secs] 
4126.815: [GC (Allocation Failure) [PSYoungGen: 315616K->162272K(464384K)] 508033K->436076K(1862656K), 0.0469988 secs] [Times: user=0.28 sys=0.00, real=0.05 secs] 
4128.741: [GC (Allocation Failure) [PSYoungGen: 395232K->94816K(328192K)] 669036K->522081K(1726464K), 0.1651468 secs] [Times: user=0.98 sys=0.01, real=0.16 secs] 
4130.656: [GC (Allocation Failure) [PSYoungGen: 327776K->164704K(461312K)] 755041K->683917K(1859584K), 0.0507075 secs] [Times: user=0.30 sys=0.00, real=0.05 secs] 
4132.264: [GC (Allocation Failure) [PSYoungGen: 396128K->91328K(464384K)] 915341K->766273K(1862656K), 0.1385515 secs] [Times: user=0.78 sys=0.01, real=0.14 secs] 
4134.165: [GC (Allocation Failure) [PSYoungGen: 310158K->160224K(462848K)] 985104K->922382K(1861120K), 0.0481439 secs] [Times: user=0.28 sys=0.00, real=0.05 secs] 
4135.431: [GC (Allocation Failure) [PSYoungGen: 393184K->94080K(327168K)] 1155342K->1007434K(1725440K), 0.1023864 secs] [Times: user=0.61 sys=0.01, real=0.10 secs] 
4137.044: [GC (Allocation Failure) [PSYoungGen: 316328K->156960K(461824K)] 1229682K->1160819K(1860096K), 0.0489473 secs] [Times: user=0.29 sys=0.00, real=0.05 secs] 
4139.224: [GC (Allocation Failure) [PSYoungGen: 390944K->94624K(463872K)] 1394803K->1246047K(1862144K), 0.1222249 secs] [Times: user=0.73 sys=0.00, real=0.12 secs] 
4139.989: [GC (Allocation Failure) [PSYoungGen: 328608K->184448K(458240K)] 1480031K->1427444K(1856512K), 0.0519334 secs] [Times: user=0.31 sys=0.00, real=0.06 secs] 
4140.041: [Full GC (Ergonomics) [PSYoungGen: 184448K->0K(458240K)] [ParOldGen: 1242996K->210068K(1398272K)] 1427444K->210068K(1856512K), [Metaspace: 60466K->60466K(1105920K)], 0.4729540 secs] [Times: user=2.18 sys=0.01, real=0.47 secs] 
4143.972: [GC (Allocation Failure) [PSYoungGen: 232960K->82080K(465920K)] 443028K->292148K(1864192K), 0.1581401 secs] [Times: user=0.93 sys=0.01, real=0.15 secs] 
4145.303: [GC (Allocation Failure) [PSYoungGen: 315040K->167648K(465920K)] 525108K->453621K(1864192K), 0.0525123 secs] [Times: user=0.32 sys=0.00, real=0.05 secs] 
4147.309: [GC (Allocation Failure) [PSYoungGen: 397481K->86528K(465920K)] 683454K->539705K(1864192K), 0.1402294 secs] [Times: user=0.84 sys=0.00, real=0.14 secs] 
4149.850: [GC (Allocation Failure) [PSYoungGen: 319488K->162400K(465920K)] 772665K->698818K(1864192K), 0.1100524 secs] [Times: user=0.65 sys=0.00, real=0.11 secs] 
4155.250: [GC (Allocation Failure) [PSYoungGen: 395360K->76352K(465920K)] 931778K->775050K(1864192K), 0.1579647 secs] [Times: user=0.94 sys=0.01, real=0.16 secs] 
4156.163: [GC (Allocation Failure) [PSYoungGen: 309312K->168576K(465920K)] 1008010K->939639K(1864192K), 0.0531397 secs] [Times: user=0.31 sys=0.00, real=0.05 secs] 
4159.020: [GC (Allocation Failure) [PSYoungGen: 401536K->80032K(465920K)] 1172599K->1019407K(1864192K), 0.1549820 secs] [Times: user=0.92 sys=0.01, real=0.16 secs] 
4159.943: [GC (Allocation Failure) [PSYoungGen: 312992K->173408K(465920K)] 1252367K->1186656K(1864192K), 0.0543054 secs] [Times: user=0.32 sys=0.00, real=0.05 secs] 
4162.318: [GC (Allocation Failure) [PSYoungGen: 406368K->84800K(465920K)] 1419616K->1271088K(1864192K), 0.1147270 secs] [Times: user=0.68 sys=0.00, real=0.12 secs] 
4162.433: [Full GC (Ergonomics) [PSYoungGen: 84800K->0K(465920K)] [ParOldGen: 1186288K->79799K(1398272K)] 1271088K->79799K(1864192K), [Metaspace: 60466K->60466K(1105920K)], 0.1922073 secs] [Times: user=0.86 sys=0.00, real=0.19 secs] 
4163.797: [GC (Allocation Failure) [PSYoungGen: 232960K->172192K(465920K)] 312759K->251991K(1864192K), 0.1070483 secs] [Times: user=0.64 sys=0.00, real=0.11 secs] 
4166.432: [GC (Allocation Failure) [PSYoungGen: 405152K->81120K(465920K)] 484951K->333295K(1864192K), 0.1149403 secs] [Times: user=0.68 sys=0.00, real=0.11 secs] 
4168.626: [GC (Allocation Failure) [PSYoungGen: 314080K->164960K(465920K)] 566255K->492796K(1864192K), 0.1488815 secs] [Times: user=0.88 sys=0.01, real=0.15 secs] 
4170.554: [GC (Allocation Failure) [PSYoungGen: 397920K->86336K(465920K)] 725756K->579004K(1864192K), 0.1149212 secs] [Times: user=0.68 sys=0.00, real=0.11 secs] 
4172.408: [GC (Allocation Failure) [PSYoungGen: 319296K->204384K(465920K)] 811964K->777680K(1864192K), 0.0634837 secs] [Times: user=0.38 sys=0.00, real=0.07 secs] 
4174.985: [GC (Allocation Failure) [PSYoungGen: 437344K->88832K(465920K)] 1010640K->825408K(1864192K), 0.1090638 secs] [Times: user=0.65 sys=0.00, real=0.11 secs] 
4176.636: [GC (Allocation Failure) [PSYoungGen: 321792K->155392K(465920K)] 1058368K->974397K(1864192K), 0.0604855 secs] [Times: user=0.36 sys=0.00, real=0.06 secs] 
4179.267: [GC (Allocation Failure) [PSYoungGen: 387178K->93440K(465920K)] 1206184K->1067681K(1864192K), 0.0975958 secs] [Times: user=0.58 sys=0.00, real=0.10 secs] 
4180.491: [GC (Allocation Failure) [PSYoungGen: 326400K->150816K(465920K)] 1300641K->1212174K(1864192K), 0.0605515 secs] [Times: user=0.37 sys=0.00, real=0.06 secs] 
4182.950: [GC (Allocation Failure) [PSYoungGen: 383776K->110208K(465920K)] 1445134K->1322574K(1864192K), 0.0921418 secs] [Times: user=0.55 sys=0.00, real=0.10 secs] 
4183.042: [Full GC (Ergonomics) [PSYoungGen: 110208K->0K(465920K)] [ParOldGen: 1212366K->116829K(1398272K)] 1322574K->116829K(1864192K), [Metaspace: 60466K->60466K(1105920K)], 0.2689475 secs] [Times: user=1.23 sys=0.00, real=0.27 secs] 
4184.425: [GC (Allocation Failure) [PSYoungGen: 232960K->146976K(463872K)] 349789K->263805K(1862144K), 0.0532950 secs] [Times: user=0.32 sys=0.00, real=0.05 secs] 
4188.232: [GC (Allocation Failure) [PSYoungGen: 379936K->107456K(340480K)] 496765K->370885K(1738752K), 0.1057645 secs] [Times: user=0.63 sys=0.00, real=0.10 secs] 
4189.492: [GC (Allocation Failure) [PSYoungGen: 340416K->140512K(465920K)] 603845K->500902K(1864192K), 0.0604935 secs] [Times: user=0.36 sys=0.00, real=0.06 secs] 
4192.175: [GC (Allocation Failure) [PSYoungGen: 381152K->124064K(461312K)] 741542K->624898K(1859584K), 0.0632331 secs] [Times: user=0.37 sys=0.00, real=0.06 secs] 
4193.411: [GC (Allocation Failure) [PSYoungGen: 364704K->1152K(451584K)] 865538K->502154K(1849856K), 0.0023314 secs] [Times: user=0.01 sys=0.00, real=0.00 secs] 
4195.359: [GC (Allocation Failure) [PSYoungGen: 240768K->142592K(464896K)] 741770K->644175K(1863168K), 0.0287810 secs] [Times: user=0.17 sys=0.00, real=0.03 secs] 
4196.666: [GC (Allocation Failure) [PSYoungGen: 382208K->5664K(457216K)] 883791K->507367K(1855488K), 0.0026148 secs] [Times: user=0.01 sys=0.00, real=0.00 secs] 
4199.570: [GC (Allocation Failure) [PSYoungGen: 238624K->153248K(465920K)] 740327K->658867K(1864192K), 0.0309015 secs] [Times: user=0.18 sys=0.00, real=0.03 secs] 
4201.233: [GC (Allocation Failure) [PSYoungGen: 386208K->98400K(453632K)] 891827K->748207K(1851904K), 0.1182495 secs] [Times: user=0.71 sys=0.00, real=0.12 secs] 
4203.295: [GC (Allocation Failure) [PSYoungGen: 331360K->161152K(459776K)] 981167K->907664K(1858048K), 0.0517653 secs] [Times: user=0.31 sys=0.00, real=0.05 secs] 
4204.991: [GC (Allocation Failure) [PSYoungGen: 394112K->95232K(463872K)] 1140624K->993880K(1862144K), 0.1396716 secs] [Times: user=0.83 sys=0.01, real=0.13 secs] 
4207.467: [GC (Allocation Failure) [PSYoungGen: 334336K->168000K(464896K)] 1232984K->1159541K(1863168K), 0.0516859 secs] [Times: user=0.31 sys=0.00, real=0.05 secs] 
4210.449: [GC (Allocation Failure) [PSYoungGen: 407104K->94304K(467456K)] 1398645K->1245325K(1865728K), 0.1564038 secs] [Times: user=0.93 sys=0.01, real=0.16 secs] 
4210.606: [Full GC (Ergonomics) [PSYoungGen: 94304K->0K(467456K)] [ParOldGen: 1151021K->43744K(1398272K)] 1245325K->43744K(1865728K), [Metaspace: 60466K->60466K(1105920K)], 0.1217725 secs] [Times: user=0.49 sys=0.00, real=0.12 secs] 
4212.129: [GC (Allocation Failure) [PSYoungGen: 238592K->169920K(465920K)] 282336K->213664K(1864192K), 0.0366516 secs] [Times: user=0.22 sys=0.00, real=0.04 secs] 
4215.349: [GC (Allocation Failure) [PSYoungGen: 408512K->84768K(467968K)] 452256K->297720K(1866240K), 0.1601285 secs] [Times: user=0.95 sys=0.00, real=0.16 secs] 
4216.336: [GC (Allocation Failure) [PSYoungGen: 319776K->172704K(465920K)] 532728K->466197K(1864192K), 0.0552062 secs] [Times: user=0.33 sys=0.00, real=0.06 secs] 
4220.486: [GC (Allocation Failure) [PSYoungGen: 407712K->87552K(465920K)] 701205K->553905K(1864192K), 0.1644996 secs] [Times: user=0.98 sys=0.00, real=0.16 secs] 
4221.201: [GC (Allocation Failure) [PSYoungGen: 320512K->173792K(465920K)] 786865K->713813K(1864192K), 0.0548766 secs] [Times: user=0.33 sys=0.00, real=0.05 secs] 
4224.348: [GC (Allocation Failure) [PSYoungGen: 406752K->80576K(465920K)] 946773K->794213K(1864192K), 0.1776615 secs] [Times: user=1.05 sys=0.00, real=0.18 secs] 
4224.819: [GC (Allocation Failure) [PSYoungGen: 313536K->190880K(465920K)] 1027173K->979006K(1864192K), 0.0577552 secs] [Times: user=0.34 sys=0.00, real=0.06 secs] 
4228.690: [GC (Allocation Failure) [PSYoungGen: 423840K->79232K(465920K)] 1211966K->1041758K(1864192K), 0.1344684 secs] [Times: user=0.80 sys=0.00, real=0.14 secs] 
4229.214: [GC (Allocation Failure) [PSYoungGen: 311770K->208672K(465920K)] 1274296K->1244523K(1864192K), 0.0574492 secs] [Times: user=0.34 sys=0.00, real=0.06 secs] 
4233.861: [GC (Allocation Failure) [PSYoungGen: 441632K->77888K(465920K)] 1477483K->1288899K(1864192K), 0.1308312 secs] [Times: user=0.78 sys=0.00, real=0.13 secs] 
4233.992: [Full GC (Ergonomics) [PSYoungGen: 77888K->0K(465920K)] [ParOldGen: 1211011K->93521K(1398272K)] 1288899K->93521K(1864192K), [Metaspace: 60468K->60468K(1105920K)], 0.2328960 secs] [Times: user=1.08 sys=0.00, real=0.23 secs] 
4234.766: [GC (Allocation Failure) [PSYoungGen: 231081K->202112K(465920K)] 324602K->295633K(1864192K), 0.0374928 secs] [Times: user=0.21 sys=0.00, real=0.04 secs] 
4238.875: [GC (Allocation Failure) [PSYoungGen: 435072K->82240K(465920K)] 528593K->342633K(1864192K), 0.1193314 secs] [Times: user=0.71 sys=0.00, real=0.12 secs] 
4240.127: [GC (Allocation Failure) [PSYoungGen: 315200K->162176K(465920K)] 575593K->498026K(1864192K), 0.0589586 secs] [Times: user=0.35 sys=0.00, real=0.06 secs] 
4243.273: [GC (Allocation Failure) [PSYoungGen: 395136K->92512K(465920K)] 730986K->590346K(1864192K), 0.0975082 secs] [Times: user=0.58 sys=0.00, real=0.09 secs] 
4245.648: [GC (Allocation Failure) [PSYoungGen: 325472K->151232K(465920K)] 823306K->735127K(1864192K), 0.0599727 secs] [Times: user=0.35 sys=0.00, real=0.06 secs] 
4248.419: [GC (Allocation Failure) [PSYoungGen: 376957K->93152K(465920K)] 960852K->828135K(1864192K), 0.0979375 secs] [Times: user=0.59 sys=0.00, real=0.10 secs] 
4249.881: [GC (Allocation Failure) [PSYoungGen: 326112K->151392K(465920K)] 1061095K->972939K(1864192K), 0.0605764 secs] [Times: user=0.36 sys=0.00, real=0.07 secs] 
4251.297: [GC (Allocation Failure) [PSYoungGen: 384352K->102304K(465920K)] 1205899K->1075019K(1864192K), 0.0701462 secs] [Times: user=0.41 sys=0.00, real=0.07 secs] 
4253.814: [GC (Allocation Failure) [PSYoungGen: 335264K->145856K(465920K)] 1307979K->1210488K(1864192K), 0.0604901 secs] [Times: user=0.36 sys=0.00, real=0.06 secs] 
4255.137: [GC (Allocation Failure) [PSYoungGen: 378816K->111808K(457728K)] 1443448K->1322144K(1856000K), 0.0827091 secs] [Times: user=0.49 sys=0.00, real=0.08 secs] 
4255.220: [Full GC (Ergonomics) [PSYoungGen: 111808K->0K(457728K)] [ParOldGen: 1210336K->126928K(1398272K)] 1322144K->126928K(1856000K), [Metaspace: 60468K->60468K(1105920K)], 0.2844154 secs] [Times: user=1.23 sys=0.00, real=0.29 secs] 
4256.813: [GC (Allocation Failure) [PSYoungGen: 232960K->136320K(461824K)] 359888K->263248K(1860096K), 0.0501231 secs] [Times: user=0.30 sys=0.00, real=0.05 secs] 
4259.391: [GC (Allocation Failure) [PSYoungGen: 369280K->118080K(457216K)] 496208K->381376K(1855488K), 0.0842463 secs] [Times: user=0.50 sys=0.00, real=0.08 secs] 
4260.641: [GC (Allocation Failure) [PSYoungGen: 365888K->2208K(462336K)] 629184K->265584K(1860608K), 0.0018315 secs] [Times: user=0.01 sys=0.00, real=0.00 secs] 
4262.645: [GC (Allocation Failure) [PSYoungGen: 250016K->155328K(463872K)] 513392K->419613K(1862144K), 0.0304854 secs] [Times: user=0.18 sys=0.00, real=0.03 secs] 
4264.152: [GC (Allocation Failure) [PSYoungGen: 392384K->9408K(246784K)] 656669K->273889K(1645056K), 0.0060055 secs] [Times: user=0.03 sys=0.00, real=0.00 secs] 
4266.494: [GC (Allocation Failure) [PSYoungGen: 246464K->171168K(465920K)] 510945K->443094K(1864192K), 0.0337606 secs] [Times: user=0.20 sys=0.00, real=0.03 secs] 
4268.064: [GC (Allocation Failure) [PSYoungGen: 404128K->95328K(465920K)] 676054K->521434K(1864192K), 0.1255826 secs] [Times: user=0.74 sys=0.01, real=0.12 secs] 
4270.589: [GC (Allocation Failure) [PSYoungGen: 328288K->166144K(465920K)] 754394K->685331K(1864192K), 0.0512484 secs] [Times: user=0.31 sys=0.00, real=0.05 secs] 
4272.827: [GC (Allocation Failure) [PSYoungGen: 399104K->86112K(465920K)] 918291K->763287K(1864192K), 0.1646236 secs] [Times: user=0.97 sys=0.01, real=0.17 secs] 
4275.667: [GC (Allocation Failure) [PSYoungGen: 312784K->163136K(465920K)] 989959K->923676K(1864192K), 0.0892428 secs] [Times: user=0.52 sys=0.00, real=0.09 secs] 
4278.850: [GC (Allocation Failure) [PSYoungGen: 396096K->85984K(465920K)] 1156636K->1001488K(1864192K), 0.1581593 secs] [Times: user=0.95 sys=0.00, real=0.16 secs] 
4281.023: [GC (Allocation Failure) [PSYoungGen: 316741K->164320K(465920K)] 1232245K->1163063K(1864192K), 0.0476856 secs] [Times: user=0.28 sys=0.00, real=0.05 secs] 
4284.747: [GC (Allocation Failure) [PSYoungGen: 397280K->85728K(465920K)] 1396023K->1239967K(1864192K), 0.1721576 secs] [Times: user=1.02 sys=0.01, real=0.17 secs] 
4284.919: [Full GC (Ergonomics) [PSYoungGen: 85728K->0K(465920K)] [ParOldGen: 1154239K->36617K(1398272K)] 1239967K->36617K(1864192K), [Metaspace: 60468K->60468K(1105920K)], 0.1093995 secs] [Times: user=0.44 sys=0.00, real=0.11 secs] 
4286.627: [GC (Allocation Failure) [PSYoungGen: 229756K->164096K(465920K)] 266374K->200713K(1864192K), 0.0317911 secs] [Times: user=0.19 sys=0.00, real=0.03 secs] 
4288.238: [GC (Allocation Failure) [PSYoungGen: 397056K->92224K(465920K)] 433673K->284097K(1864192K), 0.1460332 secs] [Times: user=0.87 sys=0.00, real=0.15 secs] 
4289.593: [GC (Allocation Failure) [PSYoungGen: 325184K->182848K(465920K)] 517057K->463526K(1864192K), 0.1010382 secs] [Times: user=0.60 sys=0.01, real=0.10 secs] 
4294.177: [GC (Allocation Failure) [PSYoungGen: 415808K->81600K(465920K)] 696486K->528618K(1864192K), 0.1566493 secs] [Times: user=0.93 sys=0.00, real=0.16 secs] 
4295.660: [GC (Allocation Failure) [PSYoungGen: 314560K->169120K(465920K)] 761578K->694763K(1864192K), 0.0880019 secs] [Times: user=0.52 sys=0.00, real=0.09 secs] 
4298.561: [GC (Allocation Failure) [PSYoungGen: 402080K->84800K(465920K)] 927723K->779707K(1864192K), 0.1654367 secs] [Times: user=0.99 sys=0.01, real=0.16 secs] 
4299.182: [GC (Allocation Failure) [PSYoungGen: 317760K->171168K(465920K)] 1012667K->946968K(1864192K), 0.0555377 secs] [Times: user=0.34 sys=0.00, real=0.05 secs] 
4302.528: [GC (Allocation Failure) [PSYoungGen: 404128K->75968K(465920K)] 1179928K->1022892K(1864192K), 0.1643027 secs] [Times: user=0.98 sys=0.00, real=0.17 secs] 
4303.383: [GC (Allocation Failure) [PSYoungGen: 308928K->175936K(465920K)] 1255852K->1192969K(1864192K), 0.0548620 secs] [Times: user=0.33 sys=0.00, real=0.05 secs] 
4307.807: [GC (Allocation Failure) [PSYoungGen: 408896K->76512K(465920K)] 1425929K->1269521K(1864192K), 0.1654230 secs] [Times: user=0.98 sys=0.00, real=0.17 secs] 
4307.972: [Full GC (Ergonomics) [PSYoungGen: 76512K->0K(465920K)] [ParOldGen: 1193009K->73792K(1398272K)] 1269521K->73792K(1864192K), [Metaspace: 60468K->60468K(1105920K)], 0.1984045 secs] [Times: user=0.94 sys=0.00, real=0.19 secs] 
4308.498: [GC (Allocation Failure) [PSYoungGen: 232960K->177600K(465920K)] 306752K->251392K(1864192K), 0.0380847 secs] [Times: user=0.23 sys=0.00, real=0.04 secs] 
4311.770: [GC (Allocation Failure) [PSYoungGen: 410560K->79968K(465920K)] 484352K->331668K(1864192K), 0.1446397 secs] [Times: user=0.86 sys=0.00, real=0.15 secs] 
4312.295: [GC (Allocation Failure) [PSYoungGen: 312928K->206592K(465920K)] 564628K->532045K(1864192K), 0.0564368 secs] [Times: user=0.34 sys=0.00, real=0.06 secs] 
4315.469: [GC (Allocation Failure) [PSYoungGen: 439552K->84992K(465920K)] 765005K->583101K(1864192K), 0.1185198 secs] [Times: user=0.70 sys=0.00, real=0.12 secs] 
4316.730: [GC (Allocation Failure) [PSYoungGen: 317952K->159616K(465920K)] 816061K->736120K(1864192K), 0.0616634 secs] [Times: user=0.35 sys=0.01, real=0.07 secs] 
4318.524: [GC (Allocation Failure) [PSYoungGen: 387056K->92928K(465920K)] 963561K->828876K(1864192K), 0.1005329 secs] [Times: user=0.60 sys=0.00, real=0.10 secs] 
4320.772: [GC (Allocation Failure) [PSYoungGen: 325888K->151328K(465920K)] 1061836K->973801K(1864192K), 0.0601831 secs] [Times: user=0.36 sys=0.00, real=0.06 secs] 
4322.245: [GC (Allocation Failure) [PSYoungGen: 384288K->99168K(465920K)] 1206761K->1072641K(1864192K), 0.0735449 secs] [Times: user=0.44 sys=0.00, real=0.07 secs] 
4324.952: [GC (Allocation Failure) [PSYoungGen: 332128K->148768K(465920K)] 1305601K->1211258K(1864192K), 0.0608454 secs] [Times: user=0.36 sys=0.00, real=0.06 secs] 
4327.704: [GC (Allocation Failure) [PSYoungGen: 381728K->105280K(465920K)] 1444218K->1316266K(1864192K), 0.0927986 secs] [Times: user=0.55 sys=0.00, real=0.09 secs] 
4327.797: [Full GC (Ergonomics) [PSYoungGen: 105280K->0K(465920K)] [ParOldGen: 1210986K->120363K(1398272K)] 1316266K->120363K(1864192K), [Metaspace: 60468K->60468K(1105920K)], 0.2758219 secs] [Times: user=1.26 sys=0.00, real=0.28 secs] 
4329.186: [GC (Allocation Failure) [PSYoungGen: 232960K->143040K(459776K)] 353323K->263403K(1858048K), 0.0524653 secs] [Times: user=0.32 sys=0.00, real=0.05 secs] 
4331.270: [GC (Allocation Failure) [PSYoungGen: 376000K->119488K(462848K)] 496363K->382907K(1861120K), 0.0894900 secs] [Times: user=0.53 sys=0.00, real=0.09 secs] 
4335.025: [GC (Allocation Failure) [PSYoungGen: 352448K->127968K(457728K)] 615867K->500696K(1856000K), 0.0612252 secs] [Times: user=0.36 sys=0.00, real=0.06 secs] 
4337.605: [GC (Allocation Failure) [PSYoungGen: 376288K->131072K(460288K)] 749016K->631884K(1858560K), 0.0569800 secs] [Times: user=0.33 sys=0.00, real=0.06 secs] 
4339.570: [GC (Allocation Failure) [PSYoungGen: 379392K->2880K(466432K)] 880204K->503716K(1864704K), 0.0023558 secs] [Times: user=0.02 sys=0.00, real=0.01 secs] 
4341.265: [GC (Allocation Failure) [PSYoungGen: 264512K->174048K(435712K)] 765348K->676337K(1833984K), 0.0339529 secs] [Times: user=0.20 sys=0.00, real=0.03 secs] 
4344.055: [GC (Allocation Failure) [PSYoungGen: 435680K->113024K(478720K)] 937969K->780281K(1876992K), 0.1764816 secs] [Times: user=1.05 sys=0.01, real=0.18 secs] 
4345.109: [GC (Allocation Failure) [PSYoungGen: 361856K->177920K(427008K)] 1029113K->954730K(1825280K), 0.0673793 secs] [Times: user=0.39 sys=0.00, real=0.07 secs] 
4348.538: [GC (Allocation Failure) [PSYoungGen: 426752K->92928K(472064K)] 1203562K->1047546K(1870336K), 0.1536549 secs] [Times: user=0.91 sys=0.01, real=0.16 secs] 
4349.675: [GC (Allocation Failure) [PSYoungGen: 330688K->209696K(450048K)] 1285307K->1250967K(1848320K), 0.0632766 secs] [Times: user=0.38 sys=0.00, real=0.06 secs] 
4354.009: [GC (Allocation Failure) [PSYoungGen: 449824K->86176K(465920K)] 1491095K->1302207K(1864192K), 0.1115894 secs] [Times: user=0.66 sys=0.00, real=0.12 secs] 
4354.121: [Full GC (Ergonomics) [PSYoungGen: 86176K->0K(465920K)] [ParOldGen: 1216031K->101269K(1398272K)] 1302207K->101269K(1864192K), [Metaspace: 60468K->60468K(1105920K)], 0.2331314 secs] [Times: user=1.06 sys=0.00, real=0.23 secs] 
4355.447: [GC (Allocation Failure) [PSYoungGen: 232960K->158400K(465920K)] 334229K->259669K(1864192K), 0.0457257 secs] [Times: user=0.27 sys=0.00, real=0.05 secs] 
4357.700: [GC (Allocation Failure) [PSYoungGen: 385179K->93024K(465920K)] 486448K->352477K(1864192K), 0.1020795 secs] [Times: user=0.58 sys=0.00, real=0.11 secs] 
4359.452: [GC (Allocation Failure) [PSYoungGen: 325984K->150784K(465920K)] 585437K->496769K(1864192K), 0.0598928 secs] [Times: user=0.36 sys=0.00, real=0.06 secs] 
4361.383: [GC (Allocation Failure) [PSYoungGen: 383744K->102560K(461824K)] 729729K->599537K(1860096K), 0.0925224 secs] [Times: user=0.55 sys=0.00, real=0.09 secs] 
4362.763: [GC (Allocation Failure) [PSYoungGen: 335520K->145856K(463872K)] 832497K->734954K(1862144K), 0.0604562 secs] [Times: user=0.36 sys=0.00, real=0.06 secs] 
4365.699: [GC (Allocation Failure) [PSYoungGen: 378816K->105024K(456704K)] 967914K->839474K(1854976K), 0.0882337 secs] [Times: user=0.52 sys=0.00, real=0.09 secs] 
4367.022: [GC (Allocation Failure) [PSYoungGen: 345152K->143776K(461824K)] 1079602K->972393K(1860096K), 0.0611558 secs] [Times: user=0.36 sys=0.00, real=0.06 secs] 
4368.316: [GC (Allocation Failure) [PSYoungGen: 383904K->135648K(462848K)] 1212521K->1108073K(1861120K), 0.0773353 secs] [Times: user=0.46 sys=0.00, real=0.08 secs] 
4370.592: [GC (Allocation Failure) [PSYoungGen: 394208K->6592K(471040K)] 1366633K->979025K(1869312K), 0.0071496 secs] [Times: user=0.03 sys=0.00, real=0.00 secs] 
4372.842: [GC (Allocation Failure) [PSYoungGen: 261239K->178048K(457728K)] 1233673K->1154894K(1856000K), 0.0362771 secs] [Times: user=0.22 sys=0.00, real=0.03 secs] 
4374.657: [GC (Allocation Failure) [PSYoungGen: 411008K->89696K(465920K)] 1387854K->1235902K(1864192K), 0.1760134 secs] [Times: user=1.05 sys=0.01, real=0.18 secs] 
4374.834: [Full GC (Ergonomics) [PSYoungGen: 89696K->0K(465920K)] [ParOldGen: 1146206K->40837K(1398272K)] 1235902K->40837K(1864192K), [Metaspace: 60468K->60468K(1105920K)], 0.1166978 secs] [Times: user=0.47 sys=0.00, real=0.11 secs] 
4377.008: [GC (Allocation Failure) [PSYoungGen: 225427K->160096K(463872K)] 266265K->200933K(1862144K), 0.0310195 secs] [Times: user=0.18 sys=0.00, real=0.03 secs] 
4379.100: [GC (Allocation Failure) [PSYoungGen: 393056K->93120K(326144K)] 433893K->285173K(1724416K), 0.1769189 secs] [Times: user=1.05 sys=0.00, real=0.18 secs] 
4381.274: [GC (Allocation Failure) [PSYoungGen: 316583K->160352K(459776K)] 508637K->439526K(1858048K), 0.0475289 secs] [Times: user=0.29 sys=0.00, real=0.05 secs] 
4383.694: [GC (Allocation Failure) [PSYoungGen: 390339K->90016K(463872K)] 669513K->520382K(1862144K), 0.1685414 secs] [Times: user=1.01 sys=0.00, real=0.17 secs] 
4385.081: [GC (Allocation Failure) [PSYoungGen: 311934K->159968K(460800K)] 742301K->677591K(1859072K), 0.0476241 secs] [Times: user=0.28 sys=0.00, real=0.04 secs] 
4387.514: [GC (Allocation Failure) [PSYoungGen: 392928K->88736K(464896K)] 910551K->757583K(1863168K), 0.1671494 secs] [Times: user=1.00 sys=0.00, real=0.17 secs] 
4389.986: [GC (Allocation Failure) [PSYoungGen: 315593K->161472K(462336K)] 984441K->915584K(1860608K), 0.0470675 secs] [Times: user=0.28 sys=0.00, real=0.05 secs] 
4391.635: [GC (Allocation Failure) [PSYoungGen: 396480K->93408K(466432K)] 1150592K->1000560K(1864704K), 0.1124208 secs] [Times: user=0.67 sys=0.01, real=0.11 secs] 
4393.242: [GC (Allocation Failure) [PSYoungGen: 328416K->215104K(459264K)] 1235568K->1211781K(1857536K), 0.0517755 secs] [Times: user=0.30 sys=0.01, real=0.05 secs] 
4394.842: [GC (Allocation Failure) [PSYoungGen: 448064K->87584K(465920K)] 1444741K->1249449K(1864192K), 0.0803932 secs] [Times: user=0.48 sys=0.00, real=0.08 secs] 
4394.923: [Full GC (Ergonomics) [PSYoungGen: 87584K->0K(465920K)] [ParOldGen: 1161865K->54983K(1398272K)] 1249449K->54983K(1864192K), [Metaspace: 60469K->60469K(1105920K)], 0.1140958 secs] [Times: user=0.47 sys=0.00, real=0.11 secs] 
4395.580: [GC (Allocation Failure) [PSYoungGen: 232960K->170144K(465920K)] 287943K->225127K(1864192K), 0.0357698 secs] [Times: user=0.21 sys=0.00, real=0.04 secs] 
4399.988: [GC (Allocation Failure) [PSYoungGen: 403104K->80736K(465920K)] 458087K->305903K(1864192K), 0.1501466 secs] [Times: user=0.89 sys=0.00, real=0.15 secs] 
4400.778: [GC (Allocation Failure) [PSYoungGen: 313696K->171392K(465920K)] 538863K->473607K(1864192K), 0.0542966 secs] [Times: user=0.32 sys=0.00, real=0.06 secs] 
4404.090: [GC (Allocation Failure) [PSYoungGen: 404352K->76160K(465920K)] 706567K->549815K(1864192K), 0.1589717 secs] [Times: user=0.95 sys=0.00, real=0.16 secs] 
4404.735: [GC (Allocation Failure) [PSYoungGen: 309120K->177312K(465920K)] 782775K->721304K(1864192K), 0.0555879 secs] [Times: user=0.33 sys=0.00, real=0.06 secs] 
4408.884: [GC (Allocation Failure) [PSYoungGen: 410272K->76640K(465920K)] 954264K->798160K(1864192K), 0.1742048 secs] [Times: user=1.00 sys=0.00, real=0.17 secs] 
4409.357: [GC (Allocation Failure) [PSYoungGen: 309600K->177888K(465920K)] 1031120K->969853K(1864192K), 0.0564026 secs] [Times: user=0.33 sys=0.00, real=0.06 secs] 
4412.932: [GC (Allocation Failure) [PSYoungGen: 410848K->70720K(465920K)] 1202813K->1040829K(1864192K), 0.1261109 secs] [Times: user=0.75 sys=0.00, real=0.12 secs] 
4413.389: [GC (Allocation Failure) [PSYoungGen: 303680K->210464K(465920K)] 1273789K->1245346K(1864192K), 0.0562508 secs] [Times: user=0.33 sys=0.00, real=0.06 secs] 
4418.612: [GC (Allocation Failure) [PSYoungGen: 443424K->80000K(465920K)] 1478306K->1292594K(1864192K), 0.1264235 secs] [Times: user=0.75 sys=0.00, real=0.12 secs] 
4418.739: [Full GC (Ergonomics) [PSYoungGen: 80000K->0K(465920K)] [ParOldGen: 1212594K->95631K(1398272K)] 1292594K->95631K(1864192K), [Metaspace: 60469K->60469K(1105920K)], 0.2296522 secs] [Times: user=1.06 sys=0.00, real=0.23 secs] 
4419.949: [GC (Allocation Failure) [PSYoungGen: 230872K->201664K(465920K)] 326503K->297295K(1864192K), 0.0491918 secs] [Times: user=0.29 sys=0.00, real=0.05 secs] 
4421.474: [GC (Allocation Failure) [PSYoungGen: 434624K->87904K(465920K)] 530255K->348247K(1864192K), 0.0985380 secs] [Times: user=0.58 sys=0.00, real=0.10 secs] 
4422.695: [GC (Allocation Failure) [PSYoungGen: 320864K->156416K(465920K)] 581207K->497832K(1864192K), 0.0594431 secs] [Times: user=0.36 sys=0.00, real=0.06 secs] 
4425.786: [GC (Allocation Failure) [PSYoungGen: 385965K->93536K(465920K)] 727381K->591608K(1864192K), 0.1035970 secs] [Times: user=0.61 sys=0.01, real=0.10 secs] 
4427.049: [GC (Allocation Failure) [PSYoungGen: 326496K->150752K(465920K)] 824568K->736123K(1864192K), 0.0600752 secs] [Times: user=0.36 sys=0.00, real=0.06 secs] 
4429.667: [GC (Allocation Failure) [PSYoungGen: 383712K->98240K(465920K)] 969083K->834603K(1864192K), 0.0971343 secs] [Times: user=0.57 sys=0.00, real=0.10 secs] 
4430.906: [GC (Allocation Failure) [PSYoungGen: 331200K->150240K(465920K)] 1067563K->973994K(1864192K), 0.0601625 secs] [Times: user=0.35 sys=0.00, real=0.06 secs] 
4433.324: [GC (Allocation Failure) [PSYoungGen: 383200K->115680K(465920K)] 1206954K->1089474K(1864192K), 0.0818752 secs] [Times: user=0.49 sys=0.00, real=0.08 secs] 
4436.214: [GC (Allocation Failure) [PSYoungGen: 348640K->132000K(457728K)] 1322434K->1211471K(1856000K), 0.0615606 secs] [Times: user=0.37 sys=0.00, real=0.06 secs] 
4437.568: [GC (Allocation Failure) [PSYoungGen: 364960K->124640K(461824K)] 1444431K->1336063K(1860096K), 0.0627719 secs] [Times: user=0.37 sys=0.00, real=0.07 secs] 
4437.631: [Full GC (Ergonomics) [PSYoungGen: 124640K->0K(461824K)] [ParOldGen: 1211423K->140655K(1398272K)] 1336063K->140655K(1860096K), [Metaspace: 60469K->60469K(1105920K)], 0.3214801 secs] [Times: user=1.46 sys=0.01, real=0.32 secs] 
4439.603: [GC (Allocation Failure) [PSYoungGen: 232960K->123136K(458752K)] 373615K->263791K(1857024K), 0.0424944 secs] [Times: user=0.25 sys=0.00, real=0.04 secs] 
4444.117: [GC (Allocation Failure) [PSYoungGen: 373504K->148320K(461824K)] 514159K->411968K(1860096K), 0.0627009 secs] [Times: user=0.37 sys=0.01, real=0.06 secs] 
4445.349: [GC (Allocation Failure) [PSYoungGen: 398688K->7328K(462848K)] 662336K->271040K(1861120K), 0.0030877 secs] [Times: user=0.01 sys=0.00, real=0.01 secs] 
4448.781: [GC (Allocation Failure) [PSYoungGen: 259744K->171488K(423936K)] 523456K->440660K(1822208K), 0.0344060 secs] [Times: user=0.20 sys=0.00, real=0.04 secs] 
4451.030: [GC (Allocation Failure) [PSYoungGen: 423904K->100480K(473088K)] 693076K->532540K(1871360K), 0.1675142 secs] [Times: user=0.99 sys=0.00, real=0.17 secs] 
4453.579: [GC (Allocation Failure) [PSYoungGen: 341120K->173184K(414208K)] 773180K->701197K(1812480K), 0.0525995 secs] [Times: user=0.31 sys=0.00, real=0.06 secs] 
4455.794: [GC (Allocation Failure) [PSYoungGen: 412028K->88352K(468992K)] 940042K->789101K(1867264K), 0.1748173 secs] [Times: user=1.04 sys=0.00, real=0.17 secs] 
4456.549: [GC (Allocation Failure) [PSYoungGen: 324384K->187520K(465920K)] 1025133K->972418K(1864192K), 0.0567517 secs] [Times: user=0.34 sys=0.00, real=0.06 secs] 
4460.224: [GC (Allocation Failure) [PSYoungGen: 423552K->80640K(465920K)] 1208450K->1036450K(1864192K), 0.1716473 secs] [Times: user=0.97 sys=0.00, real=0.17 secs] 
4461.004: [GC (Allocation Failure) [PSYoungGen: 313600K->174272K(465920K)] 1269410K->1204403K(1864192K), 0.0565530 secs] [Times: user=0.34 sys=0.00, real=0.05 secs] 
4464.683: [GC (Allocation Failure) [PSYoungGen: 407232K->73216K(465920K)] 1437363K->1277515K(1864192K), 0.1694871 secs] [Times: user=1.01 sys=0.00, real=0.17 secs] 
4464.853: [Full GC (Ergonomics) [PSYoungGen: 73216K->0K(465920K)] [ParOldGen: 1204299K->75600K(1398272K)] 1277515K->75600K(1864192K), [Metaspace: 60469K->60469K(1105920K)], 0.2016117 secs] [Times: user=0.94 sys=0.00, real=0.20 secs] 
4465.305: [GC (Allocation Failure) [PSYoungGen: 232960K->177664K(465920K)] 308560K->253264K(1864192K), 0.0383091 secs] [Times: user=0.23 sys=0.00, real=0.04 secs] 
4469.749: [GC (Allocation Failure) [PSYoungGen: 410624K->76704K(465920K)] 486224K->330300K(1864192K), 0.1564556 secs] [Times: user=0.93 sys=0.00, real=0.16 secs] 
4470.265: [GC (Allocation Failure) [PSYoungGen: 309664K->190752K(465920K)] 563260K->514892K(1864192K), 0.0554742 secs] [Times: user=0.33 sys=0.00, real=0.06 secs] 
4474.364: [GC (Allocation Failure) [PSYoungGen: 423712K->76096K(465920K)] 747852K->573596K(1864192K), 0.1278637 secs] [Times: user=0.76 sys=0.00, real=0.13 secs] 
4475.524: [GC (Allocation Failure) [PSYoungGen: 306178K->205408K(465920K)] 803679K->773025K(1864192K), 0.0660304 secs] [Times: user=0.39 sys=0.00, real=0.06 secs] 
4477.886: [GC (Allocation Failure) [PSYoungGen: 438368K->87392K(465920K)] 1005985K->823793K(1864192K), 0.1036615 secs] [Times: user=0.61 sys=0.00, real=0.10 secs] 
4479.107: [GC (Allocation Failure) [PSYoungGen: 320352K->157376K(465920K)] 1056753K->974326K(1864192K), 0.0604428 secs] [Times: user=0.36 sys=0.00, real=0.06 secs] 
4481.220: [GC (Allocation Failure) [PSYoungGen: 383185K->92928K(465920K)] 1200135K->1067078K(1864192K), 0.1010037 secs] [Times: user=0.60 sys=0.00, real=0.11 secs] 
4482.438: [GC (Allocation Failure) [PSYoungGen: 325888K->150976K(465920K)] 1300038K->1211651K(1864192K), 0.0606356 secs] [Times: user=0.36 sys=0.00, real=0.06 secs] 
4486.025: [GC (Allocation Failure) [PSYoungGen: 383936K->98272K(465920K)] 1444611K->1310027K(1864192K), 0.0982727 secs] [Times: user=0.59 sys=0.00, real=0.10 secs] 
4486.124: [Full GC (Ergonomics) [PSYoungGen: 98272K->0K(465920K)] [ParOldGen: 1211755K->113417K(1398272K)] 1310027K->113417K(1864192K), [Metaspace: 60472K->60472K(1105920K)], 0.2663104 secs] [Times: user=1.23 sys=0.00, real=0.26 secs] 
4487.480: [GC (Allocation Failure) [PSYoungGen: 232960K->149408K(465920K)] 346377K->262825K(1864192K), 0.0525295 secs] [Times: user=0.31 sys=0.00, real=0.06 secs] 
4491.544: [GC (Allocation Failure) [PSYoungGen: 382368K->104416K(465920K)] 495785K->367273K(1864192K), 0.1098144 secs] [Times: user=0.65 sys=0.00, real=0.11 secs] 
4492.799: [GC (Allocation Failure) [PSYoungGen: 337376K->143744K(376832K)] 600233K->500718K(1775104K), 0.0607539 secs] [Times: user=0.36 sys=0.00, real=0.06 secs] 
4495.629: [GC (Allocation Failure) [PSYoungGen: 376704K->112992K(472064K)] 733678K->613622K(1870336K), 0.0784766 secs] [Times: user=0.46 sys=0.00, real=0.08 secs] 
4497.572: [GC (Allocation Failure) [PSYoungGen: 353632K->135264K(376320K)] 854262K->738011K(1774592K), 0.0611065 secs] [Times: user=0.36 sys=0.00, real=0.06 secs] 
4498.813: [GC (Allocation Failure) [PSYoungGen: 375904K->142240K(464384K)] 978651K->880139K(1862656K), 0.0595707 secs] [Times: user=0.35 sys=0.00, real=0.06 secs] 
4501.838: [GC (Allocation Failure) [PSYoungGen: 389536K->4128K(460800K)] 1127435K->742115K(1859072K), 0.0028790 secs] [Times: user=0.02 sys=0.00, real=0.01 secs] 
4503.748: [GC (Allocation Failure) [PSYoungGen: 251424K->172704K(459264K)] 989411K->913408K(1857536K), 0.0448678 secs] [Times: user=0.26 sys=0.01, real=0.05 secs] 
4506.948: [GC (Allocation Failure) [PSYoungGen: 405664K->87840K(465920K)] 1146368K->993168K(1864192K), 0.1772503 secs] [Times: user=1.05 sys=0.01, real=0.18 secs] 
4508.800: [GC (Allocation Failure) [PSYoungGen: 320131K->168320K(463872K)] 1225459K->1159076K(1862144K), 0.0492395 secs] [Times: user=0.30 sys=0.00, real=0.05 secs] 
4511.975: [GC (Allocation Failure) [PSYoungGen: 401280K->87936K(465920K)] 1392036K->1238757K(1864192K), 0.1857278 secs] [Times: user=1.10 sys=0.01, real=0.18 secs] 
4512.161: [Full GC (Ergonomics) [PSYoungGen: 87936K->0K(465920K)] [ParOldGen: 1150820K->38742K(1398272K)] 1238757K->38742K(1864192K), [Metaspace: 60492K->60492K(1105920K)], 0.1122306 secs] [Times: user=0.45 sys=0.00, real=0.12 secs] 
4514.961: [GC (Allocation Failure) [PSYoungGen: 226263K->162528K(465408K)] 265005K->201270K(1863680K), 0.0311591 secs] [Times: user=0.19 sys=0.00, real=0.03 secs] 
4517.480: [GC (Allocation Failure) [PSYoungGen: 395488K->89888K(323072K)] 434230K->282286K(1721344K), 0.1655504 secs] [Times: user=0.98 sys=0.01, real=0.17 secs] 
4518.578: [GC (Allocation Failure) [PSYoungGen: 311927K->160352K(463360K)] 504326K->439343K(1861632K), 0.0473191 secs] [Times: user=0.28 sys=0.01, real=0.05 secs] 
4520.769: [GC (Allocation Failure) [PSYoungGen: 392288K->89376K(464896K)] 671279K->520087K(1863168K), 0.1712560 secs] [Times: user=1.01 sys=0.00, real=0.17 secs] 
4523.285: [GC (Allocation Failure) [PSYoungGen: 312970K->161088K(462336K)] 743681K->678068K(1860608K), 0.0474120 secs] [Times: user=0.28 sys=0.00, real=0.05 secs] 
4527.624: [GC (Allocation Failure) [PSYoungGen: 393024K->83648K(464896K)] 910004K->752700K(1863168K), 0.1753017 secs] [Times: user=1.04 sys=0.00, real=0.17 secs] 
4529.688: [GC (Allocation Failure) [PSYoungGen: 315584K->167424K(463360K)] 984636K->916593K(1861632K), 0.0523404 secs] [Times: user=0.31 sys=0.00, real=0.06 secs] 
4532.045: [GC (Allocation Failure) [PSYoungGen: 400384K->91168K(465920K)] 1149553K->999033K(1864192K), 0.1545426 secs] [Times: user=0.92 sys=0.00, real=0.15 secs] 
4534.228: [GC (Allocation Failure) [PSYoungGen: 313079K->160128K(464384K)] 1220944K->1155090K(1862656K), 0.0482224 secs] [Times: user=0.29 sys=0.01, real=0.05 secs] 
4535.686: [GC (Allocation Failure) [PSYoungGen: 393088K->91680K(325120K)] 1388050K->1237834K(1723392K), 0.1100297 secs] [Times: user=0.66 sys=0.00, real=0.11 secs] 
4537.467: [GC (Allocation Failure) [PSYoungGen: 318398K->160000K(460800K)] 1464552K->1393917K(1859072K), 0.0493509 secs] [Times: user=0.29 sys=0.00, real=0.05 secs] 
4537.516: [Full GC (Ergonomics) [PSYoungGen: 160000K->0K(460800K)] [ParOldGen: 1233917K->197616K(1398272K)] 1393917K->197616K(1859072K), [Metaspace: 60492K->60492K(1105920K)], 0.4735602 secs] [Times: user=2.22 sys=0.00, real=0.47 secs] 
4540.883: [GC (Allocation Failure) [PSYoungGen: 231424K->91360K(463872K)] 429040K->288976K(1862144K), 0.0961669 secs] [Times: user=0.57 sys=0.01, real=0.09 secs] 
4542.492: [GC (Allocation Failure) [PSYoungGen: 311927K->159904K(461312K)] 509544K->445361K(1859584K), 0.0519658 secs] [Times: user=0.28 sys=0.01, real=0.05 secs] 
4545.110: [GC (Allocation Failure) [PSYoungGen: 393376K->93184K(464896K)] 678833K->529809K(1863168K), 0.1294577 secs] [Times: user=0.77 sys=0.00, real=0.13 secs] 
4545.654: [GC (Allocation Failure) [PSYoungGen: 311897K->159840K(462336K)] 748523K->683930K(1860608K), 0.0478294 secs] [Times: user=0.29 sys=0.00, real=0.05 secs] 
4548.223: [GC (Allocation Failure) [PSYoungGen: 395872K->93088K(465920K)] 919962K->768282K(1864192K), 0.1535866 secs] [Times: user=0.91 sys=0.00, real=0.15 secs] 
4550.075: [GC (Allocation Failure) [PSYoungGen: 329120K->199360K(458240K)] 1004314K->963987K(1856512K), 0.0511672 secs] [Times: user=0.30 sys=0.00, real=0.05 secs] 
4552.868: [GC (Allocation Failure) [PSYoungGen: 432320K->88480K(465920K)] 1196947K->1018999K(1864192K), 0.1109754 secs] [Times: user=0.64 sys=0.00, real=0.11 secs] 
4553.551: [GC (Allocation Failure) [PSYoungGen: 321440K->171328K(465920K)] 1251959K->1186816K(1864192K), 0.0568568 secs] [Times: user=0.34 sys=0.00, real=0.05 secs] 
4557.268: [GC (Allocation Failure) [PSYoungGen: 402236K->77088K(465920K)] 1417724K->1264076K(1864192K), 0.1655916 secs] [Times: user=0.99 sys=0.00, real=0.17 secs] 
4557.433: [Full GC (Ergonomics) [PSYoungGen: 77088K->0K(465920K)] [ParOldGen: 1186988K->63222K(1398272K)] 1264076K->63222K(1864192K), [Metaspace: 60492K->60492K(1105920K)], 0.1719108 secs] [Times: user=0.79 sys=0.00, real=0.17 secs] 
4558.576: [GC (Allocation Failure) [PSYoungGen: 232960K->168000K(465920K)] 296182K->231222K(1864192K), 0.0336022 secs] [Times: user=0.20 sys=0.00, real=0.03 secs] 
4562.416: [GC (Allocation Failure) [PSYoungGen: 400960K->77024K(465920K)] 464182K->307930K(1864192K), 0.1679759 secs] [Times: user=1.00 sys=0.00, real=0.17 secs] 
4562.964: [GC (Allocation Failure) [PSYoungGen: 309984K->177120K(465920K)] 540890K->479147K(1864192K), 0.0561835 secs] [Times: user=0.32 sys=0.00, real=0.05 secs] 
4567.080: [GC (Allocation Failure) [PSYoungGen: 410080K->80704K(465920K)] 712107K->560011K(1864192K), 0.1717470 secs] [Times: user=1.03 sys=0.00, real=0.18 secs] 
4567.541: [GC (Allocation Failure) [PSYoungGen: 313664K->175104K(465920K)] 792971K->728931K(1864192K), 0.0566301 secs] [Times: user=0.34 sys=0.00, real=0.05 secs] 
4571.581: [GC (Allocation Failure) [PSYoungGen: 408064K->79904K(465920K)] 961891K->808731K(1864192K), 0.1297095 secs] [Times: user=0.77 sys=0.00, real=0.13 secs] 
4572.285: [GC (Allocation Failure) [PSYoungGen: 310672K->204064K(465920K)] 1039500K->1006552K(1864192K), 0.0597809 secs] [Times: user=0.35 sys=0.00, real=0.06 secs] 
4574.913: [GC (Allocation Failure) [PSYoungGen: 437024K->83328K(465920K)] 1239512K->1054968K(1864192K), 0.1143068 secs] [Times: user=0.68 sys=0.00, real=0.11 secs] 
4576.031: [GC (Allocation Failure) [PSYoungGen: 313538K->198656K(465920K)] 1285178K->1247349K(1864192K), 0.0664076 secs] [Times: user=0.40 sys=0.00, real=0.06 secs] 
4579.038: [GC (Allocation Failure) [PSYoungGen: 431616K->93664K(465920K)] 1480309K->1303609K(1864192K), 0.0984336 secs] [Times: user=0.58 sys=0.01, real=0.10 secs] 
4579.136: [Full GC (Ergonomics) [PSYoungGen: 93664K->0K(465920K)] [ParOldGen: 1209945K->104676K(1398272K)] 1303609K->104676K(1864192K), [Metaspace: 60492K->60492K(1105920K)], 0.2485790 secs] [Times: user=1.13 sys=0.00, real=0.25 secs] 
4580.463: [GC (Allocation Failure) [PSYoungGen: 232960K->155072K(465920K)] 337636K->259748K(1864192K), 0.0450597 secs] [Times: user=0.26 sys=0.01, real=0.04 secs] 
4584.119: [GC (Allocation Failure) [PSYoungGen: 383986K->92928K(465920K)] 488663K->352200K(1864192K), 0.0920225 secs] [Times: user=0.55 sys=0.00, real=0.10 secs] 
4585.330: [GC (Allocation Failure) [PSYoungGen: 325888K->150880K(465920K)] 585160K->496743K(1864192K), 0.0599657 secs] [Times: user=0.36 sys=0.01, real=0.06 secs] 
4589.246: [GC (Allocation Failure) [PSYoungGen: 376805K->93184K(465920K)] 722669K->589879K(1864192K), 0.0953945 secs] [Times: user=0.57 sys=0.00, real=0.10 secs] 
4590.477: [GC (Allocation Failure) [PSYoungGen: 326144K->151392K(465920K)] 822839K->734722K(1864192K), 0.0601464 secs] [Times: user=0.36 sys=0.01, real=0.06 secs] 
4592.903: [GC (Allocation Failure) [PSYoungGen: 384352K->99072K(465920K)] 967682K->833226K(1864192K), 0.0983866 secs] [Times: user=0.59 sys=0.00, real=0.10 secs] 
4594.171: [GC (Allocation Failure) [PSYoungGen: 332032K->149536K(465920K)] 1066186K->972119K(1864192K), 0.0602704 secs] [Times: user=0.36 sys=0.00, real=0.06 secs] 
4596.754: [GC (Allocation Failure) [PSYoungGen: 382496K->107040K(340480K)] 1205079K->1078663K(1738752K), 0.0897011 secs] [Times: user=0.53 sys=0.00, real=0.09 secs] 
4597.994: [GC (Allocation Failure) [PSYoungGen: 340000K->141568K(465408K)] 1311623K->1209560K(1863680K), 0.0611036 secs] [Times: user=0.37 sys=0.00, real=0.06 secs] 
4600.546: [GC (Allocation Failure) [PSYoungGen: 379136K->123648K(460800K)] 1447128K->1333404K(1859072K), 0.0811749 secs] [Times: user=0.48 sys=0.00, real=0.08 secs] 
4600.627: [Full GC (Ergonomics) [PSYoungGen: 123648K->0K(460800K)] [ParOldGen: 1209756K->138729K(1398272K)] 1333404K->138729K(1859072K), [Metaspace: 60494K->60494K(1105920K)], 0.3053889 secs] [Times: user=1.39 sys=0.00, real=0.31 secs] 
4602.054: [GC (Allocation Failure) [PSYoungGen: 237568K->126016K(467456K)] 376297K->264745K(1865728K), 0.0447599 secs] [Times: user=0.27 sys=0.00, real=0.04 secs] 
4604.950: [GC (Allocation Failure) [PSYoungGen: 382016K->156960K(462336K)] 520745K->421306K(1860608K), 0.0631223 secs] [Times: user=0.38 sys=0.00, real=0.07 secs] 
4606.718: [GC (Allocation Failure) [PSYoungGen: 412960K->20576K(467968K)] 677306K->285078K(1866240K), 0.0126170 secs] [Times: user=0.06 sys=0.01, real=0.01 secs] 
4608.190: [GC (Allocation Failure) [PSYoungGen: 279136K->179680K(438272K)] 543638K->461146K(1836544K), 0.0410866 secs] [Times: user=0.25 sys=0.00, real=0.05 secs] 
4612.126: [GC (Allocation Failure) [PSYoungGen: 438240K->102464K(473088K)] 719706K->562570K(1871360K), 0.1613542 secs] [Times: user=0.96 sys=0.00, real=0.16 secs] 
4613.269: [GC (Allocation Failure) [PSYoungGen: 343104K->183008K(423936K)] 803210K->735687K(1822208K), 0.0600016 secs] [Times: user=0.35 sys=0.00, real=0.06 secs] 
4617.485: [GC (Allocation Failure) [PSYoungGen: 423648K->82592K(465920K)] 976327K->818511K(1864192K), 0.1387780 secs] [Times: user=0.83 sys=0.00, real=0.14 secs] 
4618.258: [GC (Allocation Failure) [PSYoungGen: 315552K->204928K(465920K)] 1051471K->1016920K(1864192K), 0.0615291 secs] [Times: user=0.37 sys=0.00, real=0.06 secs] 
4621.338: [GC (Allocation Failure) [PSYoungGen: 437888K->85824K(465920K)] 1249880K->1065728K(1864192K), 0.1062872 secs] [Times: user=0.64 sys=0.01, real=0.11 secs] 
4622.563: [GC (Allocation Failure) [PSYoungGen: 318784K->158432K(465920K)] 1298688K->1217497K(1864192K), 0.0610220 secs] [Times: user=0.36 sys=0.00, real=0.06 secs] 
4625.403: [GC (Allocation Failure) [PSYoungGen: 389722K->93280K(465920K)] 1448788K->1310721K(1864192K), 0.1004749 secs] [Times: user=0.60 sys=0.00, real=0.10 secs] 
4625.504: [Full GC (Ergonomics) [PSYoungGen: 93280K->0K(465920K)] [ParOldGen: 1217441K->108345K(1398272K)] 1310721K->108345K(1864192K), [Metaspace: 60494K->60494K(1105920K)], 0.2555029 secs] [Times: user=1.17 sys=0.00, real=0.25 secs] 
4626.845: [GC (Allocation Failure) [PSYoungGen: 232960K->151552K(465920K)] 341305K->259897K(1864192K), 0.0425485 secs] [Times: user=0.25 sys=0.00, real=0.04 secs] 
4629.626: [GC (Allocation Failure) [PSYoungGen: 384512K->100256K(465920K)] 492857K->359965K(1864192K), 0.0978338 secs] [Times: user=0.58 sys=0.00, real=0.10 secs] 
4630.869: [GC (Allocation Failure) [PSYoungGen: 333216K->148448K(381440K)] 592925K->497862K(1779712K), 0.0601664 secs] [Times: user=0.36 sys=0.00, real=0.06 secs] 
4633.731: [GC (Allocation Failure) [PSYoungGen: 381408K->109984K(472064K)] 730822K->607366K(1870336K), 0.0708141 secs] [Times: user=0.42 sys=0.00, real=0.07 secs] 
4634.962: [GC (Allocation Failure) [PSYoungGen: 350112K->137728K(378368K)] 847494K->734773K(1776640K), 0.0608641 secs] [Times: user=0.36 sys=0.00, real=0.06 secs] 
4637.314: [GC (Allocation Failure) [PSYoungGen: 377856K->132416K(468992K)] 974901K->867373K(1867264K), 0.0642052 secs] [Times: user=0.38 sys=0.00, real=0.06 secs] 
4640.183: [GC (Allocation Failure) [PSYoungGen: 382272K->3232K(461312K)] 1117229K->738213K(1859584K), 0.0019948 secs] [Times: user=0.00 sys=0.00, real=0.00 secs] 
4642.127: [GC (Allocation Failure) [PSYoungGen: 253088K->164704K(459776K)] 988069K->901962K(1858048K), 0.0323691 secs] [Times: user=0.19 sys=0.00, real=0.03 secs] 
4644.350: [GC (Allocation Failure) [PSYoungGen: 399712K->94240K(466944K)] 1136970K->987926K(1865216K), 0.1430597 secs] [Times: user=0.85 sys=0.01, real=0.15 secs] 
4646.701: [GC (Allocation Failure) [PSYoungGen: 329248K->170944K(458240K)] 1222934K->1157091K(1856512K), 0.0512695 secs] [Times: user=0.31 sys=0.00, real=0.06 secs] 
4648.903: [GC (Allocation Failure) [PSYoungGen: 403904K->90208K(465920K)] 1390051K->1230267K(1864192K), 0.1265440 secs] [Times: user=0.75 sys=0.00, real=0.12 secs] 
4650.443: [GC (Allocation Failure) [PSYoungGen: 323035K->167104K(461824K)] 1463094K->1395613K(1860096K), 0.0506640 secs] [Times: user=0.30 sys=0.00, real=0.05 secs] 
4650.494: [Full GC (Ergonomics) [PSYoungGen: 167104K->0K(461824K)] [ParOldGen: 1228509K->197577K(1398272K)] 1395613K->197577K(1860096K), [Metaspace: 60494K->60494K(1105920K)], 0.4696021 secs] [Times: user=2.18 sys=0.00, real=0.47 secs] 
4653.798: [GC (Allocation Failure) [PSYoungGen: 232960K->86976K(465920K)] 430537K->284553K(1864192K), 0.0420409 secs] [Times: user=0.25 sys=0.00, real=0.04 secs] 
4654.632: [GC (Allocation Failure) [PSYoungGen: 310311K->162112K(463360K)] 507889K->444170K(1861632K), 0.0464197 secs] [Times: user=0.28 sys=0.00, real=0.04 secs] 
4656.882: [GC (Allocation Failure) [PSYoungGen: 395072K->86976K(465920K)] 677130K->522926K(1864192K), 0.1643000 secs] [Times: user=0.99 sys=0.00, real=0.16 secs] 
4658.933: [GC (Allocation Failure) [PSYoungGen: 316419K->163264K(463360K)] 752369K->683255K(1861632K), 0.0474864 secs] [Times: user=0.28 sys=0.00, real=0.05 secs] 
4661.384: [GC (Allocation Failure) [PSYoungGen: 396224K->89376K(465920K)] 916215K->763875K(1864192K), 0.1769061 secs] [Times: user=1.05 sys=0.00, real=0.18 secs] 
4664.341: [GC (Allocation Failure) [PSYoungGen: 321068K->160768K(463360K)] 995567K->922052K(1861632K), 0.0483734 secs] [Times: user=0.29 sys=0.01, real=0.04 secs] 
4666.070: [GC (Allocation Failure) [PSYoungGen: 393728K->92192K(325632K)] 1155012K->1005708K(1723904K), 0.1421224 secs] [Times: user=0.84 sys=0.00, real=0.15 secs] 
4667.863: [GC (Allocation Failure) [PSYoungGen: 313188K->159648K(461312K)] 1226705K->1161065K(1859584K), 0.0484333 secs] [Times: user=0.28 sys=0.00, real=0.05 secs] 
4669.736: [GC (Allocation Failure) [PSYoungGen: 392096K->91040K(464384K)] 1393513K->1242869K(1862656K), 0.1473972 secs] [Times: user=0.88 sys=0.00, real=0.15 secs] 
4671.589: [GC (Allocation Failure) [PSYoungGen: 308891K->159936K(461824K)] 1460720K->1398926K(1860096K), 0.0486050 secs] [Times: user=0.28 sys=0.00, real=0.05 secs] 
4671.638: [Full GC (Ergonomics) [PSYoungGen: 159936K->0K(461824K)] [ParOldGen: 1238990K->197119K(1398272K)] 1398926K->197119K(1860096K), [Metaspace: 60496K->60496K(1105920K)], 0.4723127 secs] [Times: user=2.20 sys=0.00, real=0.47 secs] 
4674.417: [GC (Allocation Failure) [PSYoungGen: 234496K->88320K(465408K)] 431615K->285439K(1863680K), 0.0911404 secs] [Times: user=0.54 sys=0.00, real=0.09 secs] 
4676.947: [GC (Allocation Failure) [PSYoungGen: 319828K->162176K(463360K)] 516947K->444728K(1861632K), 0.0466143 secs] [Times: user=0.27 sys=0.00, real=0.05 secs] 
4678.919: [GC (Allocation Failure) [PSYoungGen: 398720K->93696K(467456K)] 681272K->529500K(1865728K), 0.1569465 secs] [Times: user=0.94 sys=0.00, real=0.16 secs] 
4681.378: [GC (Allocation Failure) [PSYoungGen: 330240K->167392K(460288K)] 766044K->692585K(1858560K), 0.0489237 secs] [Times: user=0.29 sys=0.00, real=0.05 secs] 
4683.372: [GC (Allocation Failure) [PSYoungGen: 401376K->88704K(466432K)] 926569K->780541K(1864704K), 0.1846730 secs] [Times: user=1.10 sys=0.00, real=0.18 secs] 
4684.720: [GC (Allocation Failure) [PSYoungGen: 322688K->171872K(461312K)] 1014525K->948394K(1859584K), 0.0558401 secs] [Times: user=0.33 sys=0.00, real=0.06 secs] 
4688.456: [GC (Allocation Failure) [PSYoungGen: 404832K->76544K(465920K)] 1181354K->1025018K(1864192K), 0.1586972 secs] [Times: user=0.95 sys=0.00, real=0.16 secs] 
4689.163: [GC (Allocation Failure) [PSYoungGen: 309504K->170720K(465920K)] 1257978K->1192034K(1864192K), 0.0543677 secs] [Times: user=0.32 sys=0.00, real=0.05 secs] 
4692.743: [GC (Allocation Failure) [PSYoungGen: 403680K->77216K(465920K)] 1424994K->1269330K(1864192K), 0.1576130 secs] [Times: user=0.94 sys=0.00, real=0.16 secs] 
4692.901: [Full GC (Ergonomics) [PSYoungGen: 77216K->0K(465920K)] [ParOldGen: 1192114K->68160K(1398272K)] 1269330K->68160K(1864192K), [Metaspace: 60497K->60497K(1105920K)], 0.1769818 secs] [Times: user=0.82 sys=0.00, real=0.17 secs] 
4693.588: [GC (Allocation Failure) [PSYoungGen: 232960K->177248K(465920K)] 301120K->245408K(1864192K), 0.0387184 secs] [Times: user=0.23 sys=0.00, real=0.04 secs] 
4697.416: [GC (Allocation Failure) [PSYoungGen: 410208K->76512K(465920K)] 478368K->322256K(1864192K), 0.1681761 secs] [Times: user=1.01 sys=0.00, real=0.17 secs] 
4697.875: [GC (Allocation Failure) [PSYoungGen: 309472K->177920K(465920K)] 555216K->494000K(1864192K), 0.0556011 secs] [Times: user=0.33 sys=0.00, real=0.06 secs] 
4700.943: [GC (Allocation Failure) [PSYoungGen: 410880K->76896K(465920K)] 726960K->571112K(1864192K), 0.1446274 secs] [Times: user=0.86 sys=0.00, real=0.14 secs] 
4701.508: [GC (Allocation Failure) [PSYoungGen: 308298K->205888K(465920K)] 802515K->770997K(1864192K), 0.0562928 secs] [Times: user=0.34 sys=0.00, real=0.06 secs] 
4705.060: [GC (Allocation Failure) [PSYoungGen: 438848K->84000K(465920K)] 1003957K->821133K(1864192K), 0.1218250 secs] [Times: user=0.72 sys=0.00, real=0.13 secs] 
4706.301: [GC (Allocation Failure) [PSYoungGen: 316960K->160000K(465920K)] 1054093K->974794K(1864192K), 0.0599342 secs] [Times: user=0.36 sys=0.00, real=0.06 secs] 
4709.206: [GC (Allocation Failure) [PSYoungGen: 392960K->93184K(465920K)] 1207754K->1067938K(1864192K), 0.1062751 secs] [Times: user=0.63 sys=0.00, real=0.11 secs] 
4710.431: [GC (Allocation Failure) [PSYoungGen: 326144K->151040K(465920K)] 1300898K->1212351K(1864192K), 0.0603693 secs] [Times: user=0.35 sys=0.00, real=0.06 secs] 
4713.097: [GC (Allocation Failure) [PSYoungGen: 377705K->93280K(465920K)] 1439016K->1305583K(1864192K), 0.0935702 secs] [Times: user=0.55 sys=0.01, real=0.09 secs] 
4713.191: [Full GC (Ergonomics) [PSYoungGen: 93280K->0K(465920K)] [ParOldGen: 1212303K->108854K(1398272K)] 1305583K->108854K(1864192K), [Metaspace: 60497K->60497K(1105920K)], 0.2562324 secs] [Times: user=1.17 sys=0.00, real=0.26 secs] 
4714.536: [GC (Allocation Failure) [PSYoungGen: 232960K->151040K(465920K)] 341814K->259894K(1864192K), 0.0426109 secs] [Times: user=0.25 sys=0.00, real=0.04 secs] 
4715.858: [GC (Allocation Failure) [PSYoungGen: 384000K->106304K(465920K)] 492854K->366390K(1864192K), 0.0903445 secs] [Times: user=0.54 sys=0.00, real=0.09 secs] 
4717.074: [GC (Allocation Failure) [PSYoungGen: 339264K->142688K(458752K)] 599350K->498378K(1857024K), 0.0605499 secs] [Times: user=0.36 sys=0.00, real=0.06 secs] 
4720.758: [GC (Allocation Failure) [PSYoungGen: 375648K->112416K(462336K)] 731338K->610314K(1860608K), 0.0818517 secs] [Times: user=0.49 sys=0.00, real=0.08 secs] 
4721.998: [GC (Allocation Failure) [PSYoungGen: 345376K->136192K(462336K)] 843274K->735927K(1860608K), 0.0606202 secs] [Times: user=0.36 sys=0.00, real=0.06 secs] 
4726.497: [GC (Allocation Failure) [PSYoungGen: 384000K->127648K(463872K)] 983735K->863135K(1862144K), 0.0739918 secs] [Times: user=0.45 sys=0.00, real=0.07 secs] 
4727.739: [GC (Allocation Failure) [PSYoungGen: 375456K->2848K(462848K)] 1110943K->738375K(1861120K), 0.0029142 secs] [Times: user=0.02 sys=0.00, real=0.01 secs] 
4730.705: [GC (Allocation Failure) [PSYoungGen: 258336K->164704K(420352K)] 993863K->901596K(1818624K), 0.0322222 secs] [Times: user=0.19 sys=0.00, real=0.03 secs] 
4732.496: [GC (Allocation Failure) [PSYoungGen: 420192K->108384K(479232K)] 1157084K->1000588K(1877504K), 0.1441667 secs] [Times: user=0.86 sys=0.00, real=0.14 secs] 
4734.303: [GC (Allocation Failure) [PSYoungGen: 359264K->181760K(433152K)] 1251468K->1178273K(1831424K), 0.0563467 secs] [Times: user=0.33 sys=0.00, real=0.05 secs] 
4737.446: [GC (Allocation Failure) [PSYoungGen: 432640K->94848K(471552K)] 1429153K->1272881K(1869824K), 0.1780595 secs] [Times: user=1.01 sys=0.00, real=0.18 secs] 
4737.624: [Full GC (Ergonomics) [PSYoungGen: 94848K->0K(471552K)] [ParOldGen: 1178033K->76353K(1398272K)] 1272881K->76353K(1869824K), [Metaspace: 60497K->60497K(1105920K)], 0.1769000 secs] [Times: user=0.70 sys=0.00, real=0.18 secs] 
4738.063: [GC (Allocation Failure) [PSYoungGen: 238592K->177120K(465920K)] 314945K->253473K(1864192K), 0.0373281 secs] [Times: user=0.22 sys=0.00, real=0.03 secs] 
4741.806: [GC (Allocation Failure) [PSYoungGen: 415712K->83872K(465920K)] 492065K->336877K(1864192K), 0.1288476 secs] [Times: user=0.77 sys=0.01, real=0.13 secs] 
4742.929: [GC (Allocation Failure) [PSYoungGen: 316832K->208736K(465920K)] 569837K->539122K(1864192K), 0.0657278 secs] [Times: user=0.39 sys=0.00, real=0.07 secs] 
4745.940: [GC (Allocation Failure) [PSYoungGen: 441696K->83520K(465920K)] 772082K->581418K(1864192K), 0.1047105 secs] [Times: user=0.62 sys=0.00, real=0.11 secs] 
4747.166: [GC (Allocation Failure) [PSYoungGen: 316480K->160864K(465920K)] 814378K->735631K(1864192K), 0.0595223 secs] [Times: user=0.35 sys=0.00, real=0.06 secs] 
4749.398: [GC (Allocation Failure) [PSYoungGen: 391812K->93408K(465920K)] 966579K->829231K(1864192K), 0.0959173 secs] [Times: user=0.57 sys=0.01, real=0.10 secs] 
4751.193: [GC (Allocation Failure) [PSYoungGen: 326368K->150976K(465920K)] 1062191K->973360K(1864192K), 0.0597804 secs] [Times: user=0.36 sys=0.00, real=0.06 secs] 
4753.478: [GC (Allocation Failure) [PSYoungGen: 383936K->100128K(465920K)] 1206320K->1073432K(1864192K), 0.0927256 secs] [Times: user=0.55 sys=0.00, real=0.10 secs] 
4755.458: [GC (Allocation Failure) [PSYoungGen: 333088K->148224K(465920K)] 1306392K->1210539K(1864192K), 0.0611067 secs] [Times: user=0.36 sys=0.00, real=0.06 secs] 
4758.067: [GC (Allocation Failure) [PSYoungGen: 381184K->105696K(452608K)] 1443499K->1316387K(1850880K), 0.0968483 secs] [Times: user=0.53 sys=0.00, real=0.10 secs] 
4758.164: [Full GC (Ergonomics) [PSYoungGen: 105696K->0K(452608K)] [ParOldGen: 1210691K->120830K(1398272K)] 1316387K->120830K(1850880K), [Metaspace: 60497K->60497K(1105920K)], 0.2717509 secs] [Times: user=1.23 sys=0.01, real=0.27 secs] 
4760.302: [GC (Allocation Failure) [PSYoungGen: 232960K->142912K(459264K)] 353790K->263742K(1857536K), 0.0511782 secs] [Times: user=0.31 sys=0.00, real=0.05 secs] 
4762.733: [GC (Allocation Failure) [PSYoungGen: 375872K->110848K(456192K)] 496702K->374646K(1854464K), 0.0952893 secs] [Times: user=0.56 sys=0.00, real=0.09 secs] 
4765.022: [GC (Allocation Failure) [PSYoungGen: 360704K->128K(465920K)] 624502K->263950K(1864192K), 0.0019642 secs] [Times: user=0.00 sys=0.00, real=0.00 secs] 
4766.428: [GC (Allocation Failure) [PSYoungGen: 249984K->148064K(467456K)] 513806K->411910K(1865728K), 0.0289615 secs] [Times: user=0.17 sys=0.00, real=0.03 secs] 
4768.197: [GC (Allocation Failure) [PSYoungGen: 387168K->8288K(247808K)] 651014K->272582K(1646080K), 0.0027427 secs] [Times: user=0.01 sys=0.00, real=0.00 secs] 
4769.819: [GC (Allocation Failure) [PSYoungGen: 247392K->168416K(465920K)] 511686K->439647K(1864192K), 0.0344596 secs] [Times: user=0.20 sys=0.00, real=0.04 secs] 
4772.136: [GC (Allocation Failure) [PSYoungGen: 401376K->92416K(465920K)] 672607K->523359K(1864192K), 0.0975881 secs] [Times: user=0.58 sys=0.00, real=0.10 secs] 
4774.006: [GC (Allocation Failure) [PSYoungGen: 322135K->164992K(465920K)] 753078K->685588K(1864192K), 0.0500679 secs] [Times: user=0.29 sys=0.00, real=0.05 secs] 
4776.577: [GC (Allocation Failure) [PSYoungGen: 397952K->88672K(465920K)] 918548K->765868K(1864192K), 0.1705023 secs] [Times: user=1.01 sys=0.01, real=0.17 secs] 
4779.202: [GC (Allocation Failure) [PSYoungGen: 315166K->162016K(465920K)] 992362K->924381K(1864192K), 0.0477680 secs] [Times: user=0.28 sys=0.00, real=0.04 secs] 
4781.027: [GC (Allocation Failure) [PSYoungGen: 394976K->91168K(465920K)] 1157341K->1006653K(1864192K), 0.1534399 secs] [Times: user=0.92 sys=0.00, real=0.15 secs] 
4782.706: [GC (Allocation Failure) [PSYoungGen: 316690K->159456K(465920K)] 1232175K->1162965K(1864192K), 0.0486738 secs] [Times: user=0.29 sys=0.00, real=0.05 secs] 
4785.761: [GC (Allocation Failure) [PSYoungGen: 392416K->91040K(324096K)] 1395925K->1245329K(1722368K), 0.1430695 secs] [Times: user=0.84 sys=0.01, real=0.14 secs] 
4785.904: [Full GC (Ergonomics) [PSYoungGen: 91040K->0K(324096K)] [ParOldGen: 1154289K->41952K(1398272K)] 1245329K->41952K(1722368K), [Metaspace: 60499K->60499K(1105920K)], 0.1160192 secs] [Times: user=0.47 sys=0.00, real=0.11 secs] 
4788.967: [GC (Allocation Failure) [PSYoungGen: 227628K->160000K(463872K)] 269580K->201952K(1862144K), 0.0316942 secs] [Times: user=0.18 sys=0.00, real=0.03 secs] 
4791.305: [GC (Allocation Failure) [PSYoungGen: 391936K->88960K(321024K)] 433888K->281976K(1719296K), 0.1601879 secs] [Times: user=0.95 sys=0.00, real=0.16 secs] 
4792.817: [GC (Allocation Failure) [PSYoungGen: 313004K->161600K(461824K)] 506020K->440437K(1860096K), 0.0472608 secs] [Times: user=0.28 sys=0.00, real=0.05 secs] 
4794.977: [GC (Allocation Failure) [PSYoungGen: 393024K->93344K(464384K)] 671861K->525109K(1862656K), 0.1686110 secs] [Times: user=1.01 sys=0.00, real=0.17 secs] 
4796.993: [GC (Allocation Failure) [PSYoungGen: 317676K->159840K(460288K)] 749442K->679214K(1858560K), 0.0477857 secs] [Times: user=0.28 sys=0.00, real=0.05 secs] 
4798.900: [GC (Allocation Failure) [PSYoungGen: 391264K->87712K(464384K)] 910638K->758190K(1862656K), 0.1682678 secs] [Times: user=0.96 sys=0.01, real=0.17 secs] 
4800.520: [GC (Allocation Failure) [PSYoungGen: 319136K->162912K(459776K)] 989614K->918043K(1858048K), 0.0474148 secs] [Times: user=0.28 sys=0.00, real=0.05 secs] 
4802.727: [GC (Allocation Failure) [PSYoungGen: 394848K->92736K(464896K)] 1149979K->1001563K(1863168K), 0.1651227 secs] [Times: user=0.97 sys=0.01, real=0.17 secs] 
4805.067: [GC (Allocation Failure) [PSYoungGen: 324672K->182560K(460800K)] 1233499K->1180192K(1859072K), 0.0499900 secs] [Times: user=0.30 sys=0.00, real=0.05 secs] 
4807.623: [GC (Allocation Failure) [PSYoungGen: 415520K->79168K(465920K)] 1413152K->1242480K(1864192K), 0.1516773 secs] [Times: user=0.91 sys=0.00, real=0.15 secs] 
4807.775: [Full GC (Ergonomics) [PSYoungGen: 79168K->0K(465920K)] [ParOldGen: 1163312K->46253K(1398272K)] 1242480K->46253K(1864192K), [Metaspace: 60500K->60500K(1105920K)], 0.1370762 secs] [Times: user=0.58 sys=0.00, real=0.14 secs] 
4809.678: [GC (Allocation Failure) [PSYoungGen: 232960K->164736K(465920K)] 279213K->210989K(1864192K), 0.0353918 secs] [Times: user=0.21 sys=0.00, real=0.04 secs] 
4812.834: [GC (Allocation Failure) [PSYoungGen: 397696K->87360K(465920K)] 443949K->298189K(1864192K), 0.1697817 secs] [Times: user=1.02 sys=0.00, real=0.17 secs] 
4813.708: [GC (Allocation Failure) [PSYoungGen: 320320K->165696K(465920K)] 531149K->460358K(1864192K), 0.0549886 secs] [Times: user=0.33 sys=0.00, real=0.06 secs] 
4816.636: [GC (Allocation Failure) [PSYoungGen: 398656K->83328K(465920K)] 693318K->543150K(1864192K), 0.1681767 secs] [Times: user=1.01 sys=0.00, real=0.17 secs] 
4817.280: [GC (Allocation Failure) [PSYoungGen: 316288K->167520K(465920K)] 776110K->706938K(1864192K), 0.0545520 secs] [Times: user=0.32 sys=0.00, real=0.06 secs] 
4820.882: [GC (Allocation Failure) [PSYoungGen: 400480K->80576K(465920K)] 939898K->787006K(1864192K), 0.1191230 secs] [Times: user=0.71 sys=0.00, real=0.12 secs] 
4821.779: [GC (Allocation Failure) [PSYoungGen: 313536K->177120K(465920K)] 1019966K->958375K(1864192K), 0.0552552 secs] [Times: user=0.33 sys=0.00, real=0.06 secs] 
4824.826: [GC (Allocation Failure) [PSYoungGen: 410080K->79136K(465920K)] 1191335K->1037751K(1864192K), 0.1267527 secs] [Times: user=0.75 sys=0.00, real=0.13 secs] 
4825.274: [GC (Allocation Failure) [PSYoungGen: 312096K->191392K(465920K)] 1270711K->1222720K(1864192K), 0.0571057 secs] [Times: user=0.34 sys=0.00, real=0.06 secs] 
4829.058: [GC (Allocation Failure) [PSYoungGen: 424352K->74304K(465920K)] 1455680K->1280504K(1864192K), 0.1468228 secs] [Times: user=0.87 sys=0.00, real=0.15 secs] 
4829.205: [Full GC (Ergonomics) [PSYoungGen: 74304K->0K(465920K)] [ParOldGen: 1206200K->83387K(1398272K)] 1280504K->83387K(1864192K), [Metaspace: 60505K->60505K(1105920K)], 0.2174694 secs] [Times: user=1.02 sys=0.00, real=0.22 secs] 
4829.798: [GC (Allocation Failure) [PSYoungGen: 232960K->209760K(465920K)] 316347K->293147K(1864192K), 0.0421226 secs] [Times: user=0.20 sys=0.01, real=0.04 secs] 
4833.411: [GC (Allocation Failure) [PSYoungGen: 442720K->77888K(465920K)] 526107K->337499K(1864192K), 0.1243176 secs] [Times: user=0.74 sys=0.00, real=0.12 secs] 
4834.671: [GC (Allocation Failure) [PSYoungGen: 310848K->166400K(465920K)] 570459K->497191K(1864192K), 0.0586857 secs] [Times: user=0.35 sys=0.00, real=0.05 secs] 
4838.681: [GC (Allocation Failure) [PSYoungGen: 399360K->88288K(465920K)] 730151K->585743K(1864192K), 0.1076557 secs] [Times: user=0.64 sys=0.00, real=0.10 secs] 
4839.909: [GC (Allocation Failure) [PSYoungGen: 321248K->156160K(465920K)] 818703K->735220K(1864192K), 0.0594267 secs] [Times: user=0.36 sys=0.00, real=0.06 secs] 
4842.544: [GC (Allocation Failure) [PSYoungGen: 385585K->93440K(465920K)] 964646K->828620K(1864192K), 0.0941226 secs] [Times: user=0.56 sys=0.01, real=0.09 secs] 
4843.800: [GC (Allocation Failure) [PSYoungGen: 326400K->150944K(465920K)] 1061580K->972725K(1864192K), 0.0602845 secs] [Times: user=0.36 sys=0.00, real=0.06 secs] 
4848.336: [GC (Allocation Failure) [PSYoungGen: 378448K->93088K(465920K)] 1200229K->1065789K(1864192K), 0.1000427 secs] [Times: user=0.59 sys=0.00, real=0.10 secs] 
4849.556: [GC (Allocation Failure) [PSYoungGen: 326048K->150912K(465920K)] 1298749K->1210230K(1864192K), 0.0606379 secs] [Times: user=0.37 sys=0.00, real=0.06 secs] 
4851.414: [GC (Allocation Failure) [PSYoungGen: 383872K->100448K(465920K)] 1443190K->1310638K(1864192K), 0.0920447 secs] [Times: user=0.54 sys=0.01, real=0.09 secs] 
4851.506: [Full GC (Ergonomics) [PSYoungGen: 100448K->0K(465920K)] [ParOldGen: 1210190K->115594K(1398272K)] 1310638K->115594K(1864192K), [Metaspace: 60505K->60505K(1105920K)], 0.2518973 secs] [Times: user=1.13 sys=0.00, real=0.25 secs] 
4854.138: [GC (Allocation Failure) [PSYoungGen: 232960K->147872K(463872K)] 348554K->263466K(1862144K), 0.0531516 secs] [Times: user=0.32 sys=0.00, real=0.06 secs] 
4858.894: [GC (Allocation Failure) [PSYoungGen: 380832K->103360K(336384K)] 496426K->366778K(1734656K), 0.1121861 secs] [Times: user=0.67 sys=0.00, real=0.11 secs] 
4860.122: [GC (Allocation Failure) [PSYoungGen: 336320K->144864K(463872K)] 599738K->501271K(1862144K), 0.0605541 secs] [Times: user=0.36 sys=0.00, real=0.06 secs] 
4862.917: [GC (Allocation Failure) [PSYoungGen: 383456K->115712K(461312K)] 739863K->616567K(1859584K), 0.0835374 secs] [Times: user=0.50 sys=0.00, real=0.08 secs] 
4864.922: [GC (Allocation Failure) [PSYoungGen: 354304K->132384K(469504K)] 855159K->738476K(1867776K), 0.0619683 secs] [Times: user=0.37 sys=0.00, real=0.06 secs] 
4868.643: [GC (Allocation Failure) [PSYoungGen: 389920K->144160K(465920K)] 996012K->882676K(1864192K), 0.0619426 secs] [Times: user=0.37 sys=0.00, real=0.06 secs] 
4869.983: [GC (Allocation Failure) [PSYoungGen: 401217K->13920K(468480K)] 1139733K->752496K(1866752K), 0.0061558 secs] [Times: user=0.03 sys=0.00, real=0.00 secs] 
4871.618: [GC (Allocation Failure) [PSYoungGen: 275552K->181376K(443392K)] 1014128K->931677K(1841664K), 0.0409050 secs] [Times: user=0.24 sys=0.00, real=0.04 secs] 
4874.671: [GC (Allocation Failure) [PSYoungGen: 443008K->100928K(473600K)] 1193309K->1032069K(1871872K), 0.1624208 secs] [Times: user=0.96 sys=0.01, real=0.16 secs] 
4875.657: [GC (Allocation Failure) [PSYoungGen: 342080K->225248K(466432K)] 1273221K->1256528K(1864704K), 0.0934940 secs] [Times: user=0.55 sys=0.00, real=0.09 secs] 
4878.956: [GC (Allocation Failure) [PSYoungGen: 466400K->87520K(465408K)] 1497680K->1295240K(1863680K), 0.1250000 secs] [Times: user=0.75 sys=0.00, real=0.12 secs] 
4879.081: [Full GC (Ergonomics) [PSYoungGen: 87520K->0K(465408K)] [ParOldGen: 1207720K->94990K(1398272K)] 1295240K->94990K(1863680K), [Metaspace: 60505K->60505K(1105920K)], 0.2270331 secs] [Times: user=1.04 sys=0.00, real=0.23 secs] 
4880.296: [GC (Allocation Failure) [PSYoungGen: 229191K->201728K(465920K)] 324182K->296718K(1864192K), 0.0490093 secs] [Times: user=0.30 sys=0.00, real=0.05 secs] 
4883.241: [GC (Allocation Failure) [PSYoungGen: 434688K->86912K(465920K)] 529678K->346670K(1864192K), 0.1032516 secs] [Times: user=0.61 sys=0.00, real=0.10 secs] 
4884.461: [GC (Allocation Failure) [PSYoungGen: 319872K->157056K(465920K)] 579630K->497003K(1864192K), 0.0595889 secs] [Times: user=0.36 sys=0.00, real=0.06 secs] 
4886.280: [GC (Allocation Failure) [PSYoungGen: 390016K->122336K(465920K)] 729963K->619251K(1864192K), 0.0962610 secs] [Times: user=0.57 sys=0.01, real=0.10 secs] 
4887.496: [GC (Allocation Failure) [PSYoungGen: 355296K->151488K(465920K)] 852211K->735144K(1864192K), 0.0595797 secs] [Times: user=0.36 sys=0.00, real=0.06 secs] 
4890.550: [GC (Allocation Failure) [PSYoungGen: 384448K->105824K(465920K)] 968104K->840432K(1864192K), 0.0850556 secs] [Times: user=0.50 sys=0.00, real=0.09 secs] 
4891.813: [GC (Allocation Failure) [PSYoungGen: 338784K->142272K(465920K)] 1073392K->972348K(1864192K), 0.0611799 secs] [Times: user=0.36 sys=0.00, real=0.06 secs] 
4893.956: [GC (Allocation Failure) [PSYoungGen: 375232K->116736K(465920K)] 1205308K->1088744K(1864192K), 0.0826453 secs] [Times: user=0.49 sys=0.00, real=0.08 secs] 
4895.252: [GC (Allocation Failure) [PSYoungGen: 349696K->132032K(365056K)] 1321704K->1210328K(1763328K), 0.0623288 secs] [Times: user=0.37 sys=0.00, real=0.06 secs] 
4898.648: [GC (Allocation Failure) [PSYoungGen: 364992K->122240K(467968K)] 1443288K->1331960K(1866240K), 0.0764195 secs] [Times: user=0.45 sys=0.00, real=0.08 secs] 
4898.725: [Full GC (Ergonomics) [PSYoungGen: 122240K->0K(467968K)] [ParOldGen: 1209720K->137338K(1398272K)] 1331960K->137338K(1866240K), [Metaspace: 60505K->60505K(1105920K)], 0.3104026 secs] [Times: user=1.42 sys=0.00, real=0.31 secs] 
4900.142: [GC (Allocation Failure) [PSYoungGen: 240128K->126176K(460800K)] 377466K->263514K(1859072K), 0.0429852 secs] [Times: user=0.26 sys=0.00, real=0.04 secs] 
4902.242: [GC (Allocation Failure) [PSYoungGen: 366304K->141248K(467968K)] 503642K->404631K(1866240K), 0.0643536 secs] [Times: user=0.38 sys=0.00, real=0.06 secs] 
4903.447: [GC (Allocation Failure) [PSYoungGen: 396224K->12736K(463360K)] 659607K->276667K(1861632K), 0.0041812 secs] [Times: user=0.02 sys=0.00, real=0.01 secs] 
4906.480: [GC (Allocation Failure) [PSYoungGen: 266077K->172256K(459264K)] 530009K->447008K(1857536K), 0.0365653 secs] [Times: user=0.21 sys=0.00, real=0.04 secs] 
4908.177: [GC (Allocation Failure) [PSYoungGen: 410336K->97664K(468480K)] 685088K->535516K(1866752K), 0.1440962 secs] [Times: user=0.86 sys=0.00, real=0.15 secs] 
4910.192: [GC (Allocation Failure) [PSYoungGen: 335744K->167840K(461824K)] 773596K->699501K(1860096K), 0.0514569 secs] [Times: user=0.30 sys=0.00, real=0.05 secs] 
4912.775: [GC (Allocation Failure) [PSYoungGen: 404896K->85920K(467968K)] 936557K->784733K(1866240K), 0.1618595 secs] [Times: user=0.97 sys=0.00, real=0.16 secs] 
4913.581: [GC (Allocation Failure) [PSYoungGen: 322976K->174176K(460800K)] 1021789K->954782K(1859072K), 0.0565908 secs] [Times: user=0.34 sys=0.00, real=0.06 secs] 
4916.806: [GC (Allocation Failure) [PSYoungGen: 407136K->77344K(465920K)] 1187742K->1032162K(1864192K), 0.1792117 secs] [Times: user=1.05 sys=0.02, real=0.18 secs] 
4917.420: [GC (Allocation Failure) [PSYoungGen: 310304K->174656K(465920K)] 1265122K->1200475K(1864192K), 0.0556597 secs] [Times: user=0.33 sys=0.01, real=0.06 secs] 
4921.767: [GC (Allocation Failure) [PSYoungGen: 407616K->77600K(465920K)] 1433435K->1278091K(1864192K), 0.1774795 secs] [Times: user=1.06 sys=0.00, real=0.18 secs] 
4921.945: [Full GC (Ergonomics) [PSYoungGen: 77600K->0K(465920K)] [ParOldGen: 1200491K->76183K(1398272K)] 1278091K->76183K(1864192K), [Metaspace: 60505K->60505K(1105920K)], 0.2093711 secs] [Times: user=0.91 sys=0.00, real=0.21 secs] 
4922.498: [GC (Allocation Failure) [PSYoungGen: 232960K->177760K(465920K)] 309143K->253943K(1864192K), 0.0378599 secs] [Times: user=0.22 sys=0.00, real=0.04 secs] 
4926.518: [GC (Allocation Failure) [PSYoungGen: 410720K->73696K(465920K)] 486903K->327963K(1864192K), 0.1398178 secs] [Times: user=0.83 sys=0.00, real=0.14 secs] 
4926.991: [GC (Allocation Failure) [PSYoungGen: 306656K->209760K(465920K)] 560923K->531600K(1864192K), 0.0546675 secs] [Times: user=0.32 sys=0.00, real=0.05 secs] 
4930.761: [GC (Allocation Failure) [PSYoungGen: 442720K->76640K(465920K)] 764560K->575248K(1864192K), 0.1129117 secs] [Times: user=0.67 sys=0.00, real=0.11 secs] 
4931.827: [GC (Allocation Failure) [PSYoungGen: 309600K->209184K(465920K)] 808208K->777953K(1864192K), 0.0634012 secs] [Times: user=0.37 sys=0.00, real=0.07 secs] 
4934.781: [GC (Allocation Failure) [PSYoungGen: 442144K->86592K(465920K)] 1010913K->823429K(1864192K), 0.1126152 secs] [Times: user=0.67 sys=0.00, real=0.11 secs] 
4936.033: [GC (Allocation Failure) [PSYoungGen: 319552K->157920K(465920K)] 1056389K->974820K(1864192K), 0.0599127 secs] [Times: user=0.36 sys=0.00, real=0.06 secs] 
4939.055: [GC (Allocation Failure) [PSYoungGen: 389036K->93344K(465920K)] 1205937K->1068124K(1864192K), 0.1024701 secs] [Times: user=0.61 sys=0.00, real=0.10 secs] 
4940.283: [GC (Allocation Failure) [PSYoungGen: 326304K->150848K(465920K)] 1301084K->1212415K(1864192K), 0.0602839 secs] [Times: user=0.36 sys=0.00, real=0.06 secs] 
4942.417: [GC (Allocation Failure) [PSYoungGen: 383808K->103072K(465920K)] 1445375K->1315287K(1864192K), 0.0943272 secs] [Times: user=0.56 sys=0.00, real=0.10 secs] 
4942.512: [Full GC (Ergonomics) [PSYoungGen: 103072K->0K(465920K)] [ParOldGen: 1212215K->118181K(1398272K)] 1315287K->118181K(1864192K), [Metaspace: 60507K->60507K(1105920K)], 0.2650075 secs] [Times: user=1.10 sys=0.00, real=0.26 secs] 
4943.867: [GC (Allocation Failure) [PSYoungGen: 232960K->145248K(465920K)] 351141K->263429K(1864192K), 0.0523796 secs] [Times: user=0.31 sys=0.00, real=0.05 secs] 
4946.815: [GC (Allocation Failure) [PSYoungGen: 378208K->109248K(465920K)] 496389K->372881K(1864192K), 0.1030520 secs] [Times: user=0.62 sys=0.00, real=0.10 secs] 
4948.067: [GC (Allocation Failure) [PSYoungGen: 342208K->139328K(457728K)] 605841K->501582K(1856000K), 0.0610568 secs] [Times: user=0.36 sys=0.00, real=0.06 secs] 
4951.106: [GC (Allocation Failure) [PSYoungGen: 372288K->118400K(461824K)] 734542K->619734K(1860096K), 0.0784207 secs] [Times: user=0.47 sys=0.01, real=0.08 secs] 
4952.323: [GC (Allocation Failure) [PSYoungGen: 351360K->129600K(456704K)] 852694K->738995K(1854976K), 0.0619956 secs] [Times: user=0.36 sys=0.00, real=0.06 secs] 
4955.421: [GC (Allocation Failure) [PSYoungGen: 378944K->141664K(461312K)] 988339K->880467K(1859584K), 0.0608332 secs] [Times: user=0.36 sys=0.00, real=0.06 secs] 
4956.626: [GC (Allocation Failure) [PSYoungGen: 391008K->8832K(465408K)] 1129811K->747699K(1863680K), 0.0031157 secs] [Times: user=0.02 sys=0.00, real=0.00 secs] 
4958.847: [GC (Allocation Failure) [PSYoungGen: 265344K->176256K(433152K)] 1004211K->922027K(1831424K), 0.0361196 secs] [Times: user=0.21 sys=0.00, real=0.04 secs] 
4961.911: [GC (Allocation Failure) [PSYoungGen: 432768K->102176K(473600K)] 1178539K->1015139K(1871872K), 0.1945421 secs] [Times: user=1.15 sys=0.02, real=0.19 secs] 
4963.806: [GC (Allocation Failure) [PSYoungGen: 343328K->187456K(429056K)] 1256291K->1198708K(1827328K), 0.0539965 secs] [Times: user=0.32 sys=0.00, real=0.05 secs] 
4966.384: [GC (Allocation Failure) [PSYoungGen: 428608K->87040K(465920K)] 1439860K->1268892K(1864192K), 0.1699697 secs] [Times: user=1.02 sys=0.00, real=0.17 secs] 
4966.554: [Full GC (Ergonomics) [PSYoungGen: 87040K->0K(465920K)] [ParOldGen: 1181852K->69086K(1398272K)] 1268892K->69086K(1864192K), [Metaspace: 60521K->59618K(1105920K)], 0.1864017 secs] [Times: user=0.84 sys=0.00, real=0.18 secs] 
4967.851: [GC (Allocation Failure) [PSYoungGen: 232960K->173344K(465920K)] 302046K->242430K(1864192K), 0.0381067 secs] [Times: user=0.23 sys=0.01, real=0.04 secs] 
4971.259: [GC (Allocation Failure) [PSYoungGen: 406304K->76800K(465920K)] 475390K->319070K(1864192K), 0.1487957 secs] [Times: user=0.88 sys=0.01, real=0.15 secs] 
4971.837: [GC (Allocation Failure) [PSYoungGen: 309760K->177760K(465920K)] 552030K->491027K(1864192K), 0.0567157 secs] [Times: user=0.33 sys=0.00, real=0.06 secs] 
4974.939: [GC (Allocation Failure) [PSYoungGen: 410720K->77344K(465920K)] 723987K->568603K(1864192K), 0.1411318 secs] [Times: user=0.85 sys=0.00, real=0.14 secs] 
4975.374: [GC (Allocation Failure) [PSYoungGen: 310304K->190592K(465920K)] 801563K->753268K(1864192K), 0.0563267 secs] [Times: user=0.33 sys=0.00, real=0.06 secs] 
4978.147: [GC (Allocation Failure) [PSYoungGen: 423552K->81280K(465920K)] 986228K->818028K(1864192K), 0.1205209 secs] [Times: user=0.71 sys=0.00, real=0.12 secs] 
4979.435: [GC (Allocation Failure) [PSYoungGen: 309630K->199872K(465920K)] 1046379K->1011663K(1864192K), 0.0654358 secs] [Times: user=0.39 sys=0.00, real=0.06 secs] 
4981.648: [GC (Allocation Failure) [PSYoungGen: 432832K->87456K(465920K)] 1244623K->1062423K(1864192K), 0.0953373 secs] [Times: user=0.57 sys=0.00, real=0.10 secs] 
4983.073: [GC (Allocation Failure) [PSYoungGen: 320416K->156928K(465920K)] 1295383K->1212540K(1864192K), 0.0600204 secs] [Times: user=0.36 sys=0.00, real=0.06 secs] 
4986.207: [GC (Allocation Failure) [PSYoungGen: 388059K->92736K(465920K)] 1443672K->1305452K(1864192K), 0.0995821 secs] [Times: user=0.59 sys=0.00, real=0.10 secs] 
4986.306: [Full GC (Ergonomics) [PSYoungGen: 92736K->0K(465920K)] [ParOldGen: 1212716K->107880K(1398272K)] 1305452K->107880K(1864192K), [Metaspace: 59620K->59620K(1105920K)], 0.2579285 secs] [Times: user=1.17 sys=0.00, real=0.26 secs] 
4987.661: [GC (Allocation Failure) [PSYoungGen: 232960K->151104K(465920K)] 340840K->258984K(1864192K), 0.0427586 secs] [Times: user=0.26 sys=0.00, real=0.04 secs] 
4990.004: [GC (Allocation Failure) [PSYoungGen: 384064K->98880K(465920K)] 491944K->358092K(1864192K), 0.0990005 secs] [Times: user=0.58 sys=0.01, real=0.10 secs] 
4991.269: [GC (Allocation Failure) [PSYoungGen: 331840K->149760K(465920K)] 591052K->497151K(1864192K), 0.0596839 secs] [Times: user=0.36 sys=0.00, real=0.06 secs] 
4994.028: [GC (Allocation Failure) [PSYoungGen: 382720K->108896K(463872K)] 730111K->605975K(1862144K), 0.0864365 secs] [Times: user=0.50 sys=0.01, real=0.09 secs] 
4995.989: [GC (Allocation Failure) [PSYoungGen: 341856K->138784K(372224K)] 838935K->734112K(1770496K), 0.0602300 secs] [Times: user=0.36 sys=0.00, real=0.06 secs] 
4999.110: [GC (Allocation Failure) [PSYoungGen: 371744K->115296K(470016K)] 967072K->849592K(1868288K), 0.0756527 secs] [Times: user=0.45 sys=0.00, real=0.08 secs] 
5000.340: [GC (Allocation Failure) [PSYoungGen: 359008K->928K(462336K)] 1093304K->735372K(1860608K), 0.0019086 secs] [Times: user=0.01 sys=0.00, real=0.01 secs] 
5002.207: [GC (Allocation Failure) [PSYoungGen: 244640K->144256K(468480K)] 979084K->879325K(1866752K), 0.0301230 secs] [Times: user=0.18 sys=0.00, real=0.03 secs] 
5005.018: [GC (Allocation Failure) [PSYoungGen: 381824K->4256K(242176K)] 1116893K->739425K(1640448K), 0.0024787 secs] [Times: user=0.01 sys=0.00, real=0.00 secs] 
5008.126: [GC (Allocation Failure) [PSYoungGen: 241824K->157888K(465920K)] 976993K->895525K(1864192K), 0.0313589 secs] [Times: user=0.18 sys=0.00, real=0.03 secs] 
5009.242: [GC (Allocation Failure) [PSYoungGen: 390848K->98816K(465920K)] 1128485K->984925K(1864192K), 0.0677442 secs] [Times: user=0.40 sys=0.01, real=0.06 secs] 
5011.520: [GC (Allocation Failure) [PSYoungGen: 331776K->161120K(465920K)] 1217885K->1143978K(1864192K), 0.0520785 secs] [Times: user=0.30 sys=0.00, real=0.06 secs] 
5013.172: [GC (Allocation Failure) [PSYoungGen: 394080K->95712K(328704K)] 1376938K->1230586K(1726976K), 0.1309688 secs] [Times: user=0.78 sys=0.00, real=0.13 secs] 
5015.124: [GC (Allocation Failure) [PSYoungGen: 328672K->166720K(460800K)] 1463546K->1394583K(1859072K), 0.0513444 secs] [Times: user=0.31 sys=0.00, real=0.05 secs] 
5015.175: [Full GC (Ergonomics) [PSYoungGen: 166720K->0K(460800K)] [ParOldGen: 1227863K->197193K(1398272K)] 1394583K->197193K(1859072K), [Metaspace: 59621K->59616K(1105920K)], 0.4759638 secs] [Times: user=2.22 sys=0.00, real=0.48 secs] 
5017.035: [GC (Allocation Failure) [PSYoungGen: 230400K->90144K(463360K)] 427593K->287337K(1861632K), 0.0510154 secs] [Times: user=0.30 sys=0.00, real=0.05 secs] 
5018.690: [GC (Allocation Failure) [PSYoungGen: 315098K->160032K(464384K)] 512292K->444402K(1862656K), 0.0473223 secs] [Times: user=0.28 sys=0.00, real=0.05 secs] 
5021.380: [GC (Allocation Failure) [PSYoungGen: 392992K->89952K(323072K)] 677362K->525514K(1721344K), 0.1654971 secs] [Times: user=0.98 sys=0.00, real=0.17 secs] 
5023.348: [GC (Allocation Failure) [PSYoungGen: 313326K->160192K(461312K)] 748888K->682971K(1859584K), 0.0481235 secs] [Times: user=0.28 sys=0.00, real=0.05 secs] 
5025.018: [GC (Allocation Failure) [PSYoungGen: 391616K->89664K(464384K)] 914395K->764043K(1862656K), 0.1782107 secs] [Times: user=1.06 sys=0.00, real=0.18 secs] 
5026.278: [GC (Allocation Failure) [PSYoungGen: 313366K->159616K(460800K)] 987746K->921184K(1859072K), 0.0813612 secs] [Times: user=0.48 sys=0.00, real=0.08 secs] 
5029.438: [GC (Allocation Failure) [PSYoungGen: 391552K->87040K(464896K)] 1153120K->999792K(1863168K), 0.1545401 secs] [Times: user=0.92 sys=0.00, real=0.16 secs] 
5030.535: [GC (Allocation Failure) [PSYoungGen: 312563K->162880K(459776K)] 1225315K->1160377K(1858048K), 0.0486087 secs] [Times: user=0.28 sys=0.00, real=0.05 secs] 
5032.771: [GC (Allocation Failure) [PSYoungGen: 394816K->91328K(464896K)] 1392313K->1242945K(1863168K), 0.1730996 secs] [Times: user=1.03 sys=0.00, real=0.17 secs] 
5035.130: [GC (Allocation Failure) [PSYoungGen: 315781K->159776K(461824K)] 1467398K->1399018K(1860096K), 0.0779978 secs] [Times: user=0.46 sys=0.00, real=0.08 secs] 
5035.208: [Full GC (Ergonomics) [PSYoungGen: 159776K->0K(461824K)] [ParOldGen: 1239242K->197368K(1398272K)] 1399018K->197368K(1860096K), [Metaspace: 59682K->59682K(1105920K)], 0.4868689 secs] [Times: user=2.29 sys=0.00, real=0.49 secs] 
5037.544: [GC (Allocation Failure) [PSYoungGen: 233984K->90368K(465920K)] 431352K->287736K(1864192K), 0.0948896 secs] [Times: user=0.56 sys=0.00, real=0.09 secs] 
5039.400: [GC (Allocation Failure) [PSYoungGen: 313682K->159744K(462336K)] 511051K->444509K(1860608K), 0.0469001 secs] [Times: user=0.28 sys=0.00, real=0.05 secs] 
5041.358: [GC (Allocation Failure) [PSYoungGen: 395264K->91616K(465920K)] 680029K->527609K(1864192K), 0.1435290 secs] [Times: user=0.85 sys=0.00, real=0.15 secs] 
5043.528: [GC (Allocation Failure) [PSYoungGen: 314186K->159424K(463872K)] 750179K->683158K(1862144K), 0.0480773 secs] [Times: user=0.28 sys=0.00, real=0.05 secs] 
5046.023: [GC (Allocation Failure) [PSYoungGen: 397504K->93824K(467456K)] 921238K->768030K(1865728K), 0.1752095 secs] [Times: user=1.05 sys=0.00, real=0.17 secs] 
5048.110: [GC (Allocation Failure) [PSYoungGen: 331904K->167936K(461312K)] 1006110K->932090K(1859584K), 0.0504696 secs] [Times: user=0.29 sys=0.00, real=0.05 secs] 
5050.296: [GC (Allocation Failure) [PSYoungGen: 404992K->88608K(467968K)] 1169146K->1020082K(1866240K), 0.1600961 secs] [Times: user=0.96 sys=0.00, real=0.16 secs] 
5051.266: [GC (Allocation Failure) [PSYoungGen: 325664K->174144K(460288K)] 1257138K->1190083K(1858560K), 0.0569327 secs] [Times: user=0.33 sys=0.01, real=0.06 secs] 
5054.909: [GC (Allocation Failure) [PSYoungGen: 407104K->79328K(465920K)] 1423043K->1269519K(1864192K), 0.1740578 secs] [Times: user=1.03 sys=0.01, real=0.18 secs] 
5055.083: [Full GC (Ergonomics) [PSYoungGen: 79328K->0K(465920K)] [ParOldGen: 1190191K->69578K(1398272K)] 1269519K->69578K(1864192K), [Metaspace: 59684K->59684K(1105920K)], 0.1873104 secs] [Times: user=0.88 sys=0.00, real=0.18 secs] 
5056.869: [GC (Allocation Failure) [PSYoungGen: 232960K->170176K(465920K)] 302538K->239754K(1864192K), 0.0943460 secs] [Times: user=0.56 sys=0.00, real=0.10 secs] 
5061.113: [GC (Allocation Failure) [PSYoungGen: 403136K->80800K(465920K)] 472714K->320126K(1864192K), 0.1721542 secs] [Times: user=1.03 sys=0.00, real=0.17 secs] 
5061.704: [GC (Allocation Failure) [PSYoungGen: 313760K->174656K(465920K)] 553086K->488731K(1864192K), 0.0563055 secs] [Times: user=0.33 sys=0.00, real=0.05 secs] 
5064.756: [GC (Allocation Failure) [PSYoungGen: 407616K->80544K(465920K)] 721691K->569079K(1864192K), 0.1389655 secs] [Times: user=0.83 sys=0.01, real=0.14 secs] 
5065.385: [GC (Allocation Failure) [PSYoungGen: 313504K->209984K(465920K)] 802039K->772748K(1864192K), 0.0594701 secs] [Times: user=0.35 sys=0.01, real=0.06 secs] 
5068.781: [GC (Allocation Failure) [PSYoungGen: 442944K->76992K(465920K)] 1005708K->813020K(1864192K), 0.1287723 secs] [Times: user=0.76 sys=0.00, real=0.12 secs] 
5069.935: [GC (Allocation Failure) [PSYoungGen: 306699K->204352K(465920K)] 1042727K->1011040K(1864192K), 0.0658050 secs] [Times: user=0.39 sys=0.00, real=0.06 secs] 
5073.252: [GC (Allocation Failure) [PSYoungGen: 437312K->83520K(465920K)] 1244000K->1057948K(1864192K), 0.1156974 secs] [Times: user=0.69 sys=0.00, real=0.11 secs] 
5074.516: [GC (Allocation Failure) [PSYoungGen: 316480K->160896K(465920K)] 1290908K->1212124K(1864192K), 0.0602408 secs] [Times: user=0.35 sys=0.01, real=0.06 secs] 
5077.660: [GC (Allocation Failure) [PSYoungGen: 393856K->89728K(465920K)] 1445084K->1301756K(1864192K), 0.1088114 secs] [Times: user=0.65 sys=0.00, real=0.11 secs] 
5077.769: [Full GC (Ergonomics) [PSYoungGen: 89728K->0K(465920K)] [ParOldGen: 1212028K->104841K(1398272K)] 1301756K->104841K(1864192K), [Metaspace: 59685K->59685K(1105920K)], 0.2520703 secs] [Times: user=1.16 sys=0.00, real=0.26 secs] 
5079.118: [GC (Allocation Failure) [PSYoungGen: 232960K->154336K(465920K)] 337801K->259177K(1864192K), 0.0444625 secs] [Times: user=0.26 sys=0.00, real=0.05 secs] 
5081.749: [GC (Allocation Failure) [PSYoungGen: 387296K->98944K(465920K)] 492137K->358369K(1864192K), 0.0967792 secs] [Times: user=0.57 sys=0.00, real=0.10 secs] 
5082.983: [GC (Allocation Failure) [PSYoungGen: 331904K->149632K(465920K)] 591329K->497254K(1864192K), 0.0597646 secs] [Times: user=0.36 sys=0.00, real=0.06 secs] 
5084.076: [GC (Allocation Failure) [PSYoungGen: 382592K->116384K(465920K)] 730214K->613782K(1864192K), 0.0844931 secs] [Times: user=0.51 sys=0.00, real=0.09 secs] 
5085.513: [GC (Allocation Failure) [PSYoungGen: 349344K->132160K(453632K)] 846742K->735715K(1851904K), 0.0614654 secs] [Times: user=0.36 sys=0.00, real=0.06 secs] 
5087.895: [GC (Allocation Failure) [PSYoungGen: 365120K->135808K(459776K)] 968675K->871155K(1858048K), 0.0745865 secs] [Times: user=0.44 sys=0.00, real=0.07 secs] 
5090.620: [GC (Allocation Failure) [PSYoungGen: 368768K->120704K(457728K)] 1104115K->973646K(1856000K), 0.0627429 secs] [Times: user=0.37 sys=0.00, real=0.07 secs] 
5092.639: [GC (Allocation Failure) [PSYoungGen: 373120K->148448K(464384K)] 1226062K->1121718K(1862656K), 0.0573170 secs] [Times: user=0.34 sys=0.00, real=0.06 secs] 
5094.660: [GC (Allocation Failure) [PSYoungGen: 400864K->9888K(462336K)] 1374134K->983206K(1860608K), 0.0043439 secs] [Times: user=0.02 sys=0.00, real=0.01 secs] 
5097.579: [GC (Allocation Failure) [PSYoungGen: 261280K->174336K(425984K)] 1234598K->1155515K(1824256K), 0.0363204 secs] [Times: user=0.21 sys=0.00, real=0.04 secs] 
5099.640: [GC (Allocation Failure) [PSYoungGen: 425728K->101728K(472064K)] 1406907K->1248515K(1870336K), 0.1868351 secs] [Times: user=1.10 sys=0.01, real=0.19 secs] 
5100.791: [GC (Allocation Failure) [PSYoungGen: 340832K->169792K(465920K)] 1487619K->1414172K(1864192K), 0.0526939 secs] [Times: user=0.31 sys=0.00, real=0.06 secs] 
5100.843: [Full GC (Ergonomics) [PSYoungGen: 169792K->0K(465920K)] [ParOldGen: 1244380K->217113K(1398272K)] 1414172K->217113K(1864192K), [Metaspace: 59686K->59686K(1105920K)], 0.4992172 secs] [Times: user=2.32 sys=0.00, real=0.50 secs] 
5104.538: [GC (Allocation Failure) [PSYoungGen: 236433K->85088K(468480K)] 453547K->302201K(1866752K), 0.1290824 secs] [Times: user=0.77 sys=0.00, real=0.13 secs] 
5106.429: [GC (Allocation Failure) [PSYoungGen: 320608K->169856K(465920K)] 537721K->468158K(1864192K), 0.0548416 secs] [Times: user=0.33 sys=0.00, real=0.06 secs] 
5108.524: [GC (Allocation Failure) [PSYoungGen: 405376K->79840K(465920K)] 703678K->547970K(1864192K), 0.1446886 secs] [Times: user=0.86 sys=0.01, real=0.14 secs] 
5108.978: [GC (Allocation Failure) [PSYoungGen: 312800K->176128K(465920K)] 780930K->717550K(1864192K), 0.0557940 secs] [Times: user=0.33 sys=0.00, real=0.06 secs] 
5112.211: [GC (Allocation Failure) [PSYoungGen: 409088K->81120K(465920K)] 950510K->798282K(1864192K), 0.1266593 secs] [Times: user=0.75 sys=0.00, real=0.12 secs] 
5112.666: [GC (Allocation Failure) [PSYoungGen: 314080K->174368K(465920K)] 1031242K->966450K(1864192K), 0.0601236 secs] [Times: user=0.36 sys=0.00, real=0.06 secs] 
5115.863: [GC (Allocation Failure) [PSYoungGen: 407328K->79968K(465920K)] 1199410K->1045982K(1864192K), 0.1293068 secs] [Times: user=0.76 sys=0.00, real=0.13 secs] 
5116.688: [GC (Allocation Failure) [PSYoungGen: 312928K->204832K(465920K)] 1278942K->1244543K(1864192K), 0.0627783 secs] [Times: user=0.38 sys=0.00, real=0.07 secs] 
5120.091: [GC (Allocation Failure) [PSYoungGen: 437792K->85120K(465920K)] 1477503K->1292791K(1864192K), 0.1169631 secs] [Times: user=0.70 sys=0.00, real=0.11 secs] 
5120.208: [Full GC (Ergonomics) [PSYoungGen: 85120K->0K(465920K)] [ParOldGen: 1207671K->100273K(1398272K)] 1292791K->100273K(1864192K), [Metaspace: 59686K->59686K(1105920K)], 0.2453108 secs] [Times: user=1.14 sys=0.00, real=0.25 secs] 
5121.562: [GC (Allocation Failure) [PSYoungGen: 232960K->159296K(465920K)] 333233K->259569K(1864192K), 0.0458436 secs] [Times: user=0.27 sys=0.00, real=0.04 secs] 
5125.530: [GC (Allocation Failure) [PSYoungGen: 392256K->90688K(465920K)] 492529K->350393K(1864192K), 0.0964853 secs] [Times: user=0.58 sys=0.00, real=0.10 secs] 
5126.781: [GC (Allocation Failure) [PSYoungGen: 323648K->153120K(465920K)] 583353K->497110K(1864192K), 0.0595874 secs] [Times: user=0.36 sys=0.00, real=0.06 secs] 
5128.806: [GC (Allocation Failure) [PSYoungGen: 380175K->93696K(465920K)] 724165K->590998K(1864192K), 0.0979312 secs] [Times: user=0.57 sys=0.01, real=0.10 secs] 
5130.040: [GC (Allocation Failure) [PSYoungGen: 326656K->150912K(465920K)] 823958K->735198K(1864192K), 0.0600325 secs] [Times: user=0.36 sys=0.00, real=0.06 secs] 
5131.801: [GC (Allocation Failure) [PSYoungGen: 383872K->114048K(460800K)] 968158K->849486K(1859072K), 0.0897421 secs] [Times: user=0.53 sys=0.00, real=0.09 secs] 
5133.008: [GC (Allocation Failure) [PSYoungGen: 347008K->143200K(463360K)] 1082446K->973959K(1861632K), 0.0604701 secs] [Times: user=0.36 sys=0.00, real=0.06 secs] 
5135.662: [GC (Allocation Failure) [PSYoungGen: 376160K->118464K(453632K)] 1206919K->1091835K(1851904K), 0.0812902 secs] [Times: user=0.48 sys=0.00, real=0.08 secs] 
5136.880: [GC (Allocation Failure) [PSYoungGen: 360640K->129152K(460288K)] 1334011K->1210962K(1858560K), 0.0621799 secs] [Times: user=0.37 sys=0.00, real=0.07 secs] 
5140.724: [GC (Allocation Failure) [PSYoungGen: 371328K->136576K(472064K)] 1453138K->1347338K(1870336K), 0.0653750 secs] [Times: user=0.39 sys=0.00, real=0.06 secs] 
5140.789: [Full GC (Ergonomics) [PSYoungGen: 136576K->0K(472064K)] [ParOldGen: 1210762K->150263K(1398272K)] 1347338K->150263K(1870336K), [Metaspace: 59724K->59724K(1105920K)], 0.3842977 secs] [Times: user=1.78 sys=0.00, real=0.39 secs] 
5142.309: [GC (Allocation Failure) [PSYoungGen: 270848K->127072K(475648K)] 421111K->277335K(1873920K), 0.0398441 secs] [Times: user=0.24 sys=0.01, real=0.04 secs] 
5145.331: [GC (Allocation Failure) [PSYoungGen: 397920K->184224K(473600K)] 548183K->458972K(1871872K), 0.0650088 secs] [Times: user=0.39 sys=0.00, real=0.06 secs] 
5149.157: [GC (Allocation Failure) [PSYoungGen: 460192K->113792K(487424K)] 734940K->571620K(1885696K), 0.1481571 secs] [Times: user=0.89 sys=0.00, real=0.15 secs] 
5151.126: [GC (Allocation Failure) [PSYoungGen: 389760K->172608K(476672K)] 847588K->737701K(1874944K), 0.0683470 secs] [Times: user=0.41 sys=0.00, real=0.07 secs] 
5153.025: [GC (Allocation Failure) [PSYoungGen: 442432K->136192K(484352K)] 1007525K->873821K(1882624K), 0.0695748 secs] [Times: user=0.41 sys=0.01, real=0.07 secs] 
5154.265: [GC (Allocation Failure) [PSYoungGen: 406016K->14976K(465408K)] 1143645K->752669K(1863680K), 0.0044982 secs] [Times: user=0.03 sys=0.00, real=0.00 secs] 
5155.738: [GC (Allocation Failure) [PSYoungGen: 273536K->181440K(440320K)] 1011229K->931803K(1838592K), 0.0400737 secs] [Times: user=0.24 sys=0.00, real=0.04 secs] 
5159.360: [GC (Allocation Failure) [PSYoungGen: 440000K->97952K(471552K)] 1190363K->1029211K(1869824K), 0.1733825 secs] [Times: user=1.03 sys=0.01, real=0.18 secs] 
5159.955: [GC (Allocation Failure) [PSYoungGen: 337568K->179328K(419328K)] 1268827K->1202252K(1817600K), 0.0599918 secs] [Times: user=0.35 sys=0.00, real=0.06 secs] 
5163.532: [GC (Allocation Failure) [PSYoungGen: 418944K->88352K(465920K)] 1441868K->1290172K(1864192K), 0.1380418 secs] [Times: user=0.83 sys=0.00, real=0.13 secs] 
5163.670: [Full GC (Ergonomics) [PSYoungGen: 88352K->0K(465920K)] [ParOldGen: 1201820K->89490K(1398272K)] 1290172K->89490K(1864192K), [Metaspace: 59724K->59724K(1105920K)], 0.2268024 secs] [Times: user=1.05 sys=0.00, real=0.23 secs] 
5164.217: [GC (Allocation Failure) [PSYoungGen: 232960K->202656K(465920K)] 322450K->292146K(1864192K), 0.0368243 secs] [Times: user=0.22 sys=0.01, real=0.04 secs] 
5168.153: [GC (Allocation Failure) [PSYoungGen: 435616K->80160K(465920K)] 525106K->338090K(1864192K), 0.1270978 secs] [Times: user=0.66 sys=0.00, real=0.12 secs] 
5169.299: [GC (Allocation Failure) [PSYoungGen: 313120K->205088K(465920K)] 571050K->537103K(1864192K), 0.0642481 secs] [Times: user=0.38 sys=0.00, real=0.07 secs] 
5172.477: [GC (Allocation Failure) [PSYoungGen: 438048K->85472K(465920K)] 770063K->581511K(1864192K), 0.1101176 secs] [Times: user=0.66 sys=0.00, real=0.11 secs] 
5173.742: [GC (Allocation Failure) [PSYoungGen: 318432K->158592K(465920K)] 814471K->733320K(1864192K), 0.0594381 secs] [Times: user=0.36 sys=0.01, real=0.06 secs] 
5175.562: [GC (Allocation Failure) [PSYoungGen: 388961K->93344K(465920K)] 963689K->826724K(1864192K), 0.1007198 secs] [Times: user=0.60 sys=0.01, real=0.10 secs] 
5176.784: [GC (Allocation Failure) [PSYoungGen: 326304K->151232K(465920K)] 1059684K->971233K(1864192K), 0.0605282 secs] [Times: user=0.36 sys=0.00, real=0.06 secs] 
5179.238: [GC (Allocation Failure) [PSYoungGen: 384192K->99392K(465920K)] 1204193K->1070413K(1864192K), 0.0903596 secs] [Times: user=0.54 sys=0.00, real=0.09 secs] 
5180.452: [GC (Allocation Failure) [PSYoungGen: 332352K->149568K(465920K)] 1303373K->1209158K(1864192K), 0.0610117 secs] [Times: user=0.36 sys=0.00, real=0.06 secs] 
5183.052: [GC (Allocation Failure) [PSYoungGen: 382528K->111488K(461824K)] 1442118K->1320282K(1860096K), 0.0862594 secs] [Times: user=0.51 sys=0.00, real=0.08 secs] 
5183.139: [Full GC (Ergonomics) [PSYoungGen: 111488K->0K(461824K)] [ParOldGen: 1208794K->125535K(1398272K)] 1320282K->125535K(1860096K), [Metaspace: 59724K->59724K(1105920K)], 0.2868753 secs] [Times: user=1.31 sys=0.00, real=0.29 secs] 
5184.511: [GC (Allocation Failure) [PSYoungGen: 232960K->136352K(369664K)] 358495K->261887K(1767936K), 0.0504722 secs] [Times: user=0.30 sys=0.00, real=0.05 secs] 
5187.496: [GC (Allocation Failure) [PSYoungGen: 369312K->115520K(470016K)] 494847K->377696K(1868288K), 0.0913185 secs] [Times: user=0.54 sys=0.00, real=0.09 secs] 
5188.755: [GC (Allocation Failure) [PSYoungGen: 361792K->1024K(462848K)] 623968K->263264K(1861120K), 0.0017265 secs] [Times: user=0.00 sys=0.00, real=0.00 secs] 
5191.296: [GC (Allocation Failure) [PSYoungGen: 247296K->148160K(467456K)] 509536K->411276K(1865728K), 0.0290640 secs] [Times: user=0.17 sys=0.00, real=0.03 secs] 
5193.079: [GC (Allocation Failure) [PSYoungGen: 386240K->7392K(245760K)] 649356K->270612K(1644032K), 0.0032049 secs] [Times: user=0.02 sys=0.00, real=0.01 secs] 
5196.075: [GC (Allocation Failure) [PSYoungGen: 245472K->159296K(465920K)] 508692K->428121K(1864192K), 0.0325313 secs] [Times: user=0.19 sys=0.00, real=0.03 secs] 
5197.184: [GC (Allocation Failure) [PSYoungGen: 392256K->98912K(465920K)] 661081K->517481K(1864192K), 0.0666529 secs] [Times: user=0.40 sys=0.00, real=0.07 secs] 
5198.163: [GC (Allocation Failure) [PSYoungGen: 331872K->168384K(465920K)] 750441K->683810K(1864192K), 0.0522657 secs] [Times: user=0.31 sys=0.00, real=0.05 secs] 
5200.509: [GC (Allocation Failure) [PSYoungGen: 401344K->90336K(465920K)] 916770K->765130K(1864192K), 0.1644927 secs] [Times: user=0.97 sys=0.01, real=0.17 secs] 
5201.942: [GC (Allocation Failure) [PSYoungGen: 314794K->160416K(465920K)] 989589K->922939K(1864192K), 0.0488719 secs] [Times: user=0.29 sys=0.00, real=0.05 secs] 
5204.422: [GC (Allocation Failure) [PSYoungGen: 393376K->90048K(323072K)] 1155899K->1004035K(1721344K), 0.1663990 secs] [Times: user=0.99 sys=0.01, real=0.16 secs] 
5206.800: [GC (Allocation Failure) [PSYoungGen: 321659K->160544K(464896K)] 1235647K->1162036K(1863168K), 0.0496943 secs] [Times: user=0.29 sys=0.00, real=0.05 secs] 
5208.558: [GC (Allocation Failure) [PSYoungGen: 392992K->93056K(325632K)] 1394484K->1245800K(1723904K), 0.1665223 secs] [Times: user=0.99 sys=0.00, real=0.17 secs] 
5208.725: [Full GC (Ergonomics) [PSYoungGen: 93056K->0K(325632K)] [ParOldGen: 1152744K->42428K(1398272K)] 1245800K->42428K(1723904K), [Metaspace: 59724K->59724K(1105920K)], 0.1259781 secs] [Times: user=0.53 sys=0.00, real=0.13 secs] 
5210.942: [GC (Allocation Failure) [PSYoungGen: 232448K->183264K(461312K)] 274876K->225692K(1859584K), 0.0364017 secs] [Times: user=0.22 sys=0.00, real=0.03 secs] 
5213.168: [GC (Allocation Failure) [PSYoungGen: 414176K->80704K(463872K)] 456604K->289504K(1862144K), 0.1220799 secs] [Times: user=0.73 sys=0.00, real=0.12 secs] 
5215.149: [GC (Allocation Failure) [PSYoungGen: 311616K->165440K(465920K)] 520416K->450469K(1864192K), 0.0525497 secs] [Times: user=0.31 sys=0.00, real=0.06 secs] 
5217.034: [GC (Allocation Failure) [PSYoungGen: 398400K->81248K(465920K)] 683429K->531477K(1864192K), 0.1611236 secs] [Times: user=0.95 sys=0.01, real=0.16 secs] 
5218.773: [GC (Allocation Failure) [PSYoungGen: 314208K->166720K(465920K)] 764437K->694515K(1864192K), 0.0740545 secs] [Times: user=0.44 sys=0.00, real=0.07 secs] 
5220.966: [GC (Allocation Failure) [PSYoungGen: 399680K->87232K(465920K)] 927475K->781903K(1864192K), 0.0788666 secs] [Times: user=0.47 sys=0.01, real=0.08 secs] 
5221.393: [GC (Allocation Failure) [PSYoungGen: 320192K->167648K(465920K)] 1014863K->945940K(1864192K), 0.0558003 secs] [Times: user=0.33 sys=0.00, real=0.05 secs] 
5224.404: [GC (Allocation Failure) [PSYoungGen: 400608K->81472K(465920K)] 1178900K->1027124K(1864192K), 0.1347183 secs] [Times: user=0.80 sys=0.00, real=0.13 secs] 
5225.455: [GC (Allocation Failure) [PSYoungGen: 314432K->169504K(465920K)] 1260084K->1190845K(1864192K), 0.0643194 secs] [Times: user=0.38 sys=0.00, real=0.06 secs] 
5229.374: [GC (Allocation Failure) [PSYoungGen: 402464K->78624K(465920K)] 1423805K->1268781K(1864192K), 0.1666399 secs] [Times: user=0.96 sys=0.00, real=0.16 secs] 
5229.540: [Full GC (Ergonomics) [PSYoungGen: 78624K->0K(465920K)] [ParOldGen: 1190157K->71595K(1398272K)] 1268781K->71595K(1864192K), [Metaspace: 59724K->59724K(1105920K)], 0.1847171 secs] [Times: user=0.79 sys=0.00, real=0.19 secs] 
5230.126: [GC (Allocation Failure) [PSYoungGen: 232960K->174816K(465920K)] 304555K->246411K(1864192K), 0.0374985 secs] [Times: user=0.22 sys=0.00, real=0.04 secs] 
5232.368: [GC (Allocation Failure) [PSYoungGen: 407776K->85632K(465920K)] 479371K->331959K(1864192K), 0.1254003 secs] [Times: user=0.75 sys=0.00, real=0.13 secs] 
5233.717: [GC (Allocation Failure) [PSYoungGen: 318425K->204352K(465920K)] 564752K->530024K(1864192K), 0.0925820 secs] [Times: user=0.55 sys=0.00, real=0.09 secs] 
5237.047: [GC (Allocation Failure) [PSYoungGen: 437312K->80544K(465920K)] 762984K->577352K(1864192K), 0.1085549 secs] [Times: user=0.65 sys=0.00, real=0.11 secs] 
5238.158: [GC (Allocation Failure) [PSYoungGen: 312349K->200512K(465920K)] 809158K->772001K(1864192K), 0.0657263 secs] [Times: user=0.39 sys=0.00, real=0.07 secs] 
5241.544: [GC (Allocation Failure) [PSYoungGen: 433472K->89440K(465920K)] 1004961K->824441K(1864192K), 0.1018749 secs] [Times: user=0.61 sys=0.00, real=0.10 secs] 
5242.752: [GC (Allocation Failure) [PSYoungGen: 322400K->154080K(465920K)] 1057401K->972384K(1864192K), 0.0599724 secs] [Times: user=0.36 sys=0.00, real=0.06 secs] 
5246.275: [GC (Allocation Failure) [PSYoungGen: 385038K->92832K(465920K)] 1203342K->1065432K(1864192K), 0.0996610 secs] [Times: user=0.60 sys=0.00, real=0.10 secs] 
5247.483: [GC (Allocation Failure) [PSYoungGen: 325792K->151008K(465920K)] 1298392K->1210223K(1864192K), 0.0599504 secs] [Times: user=0.36 sys=0.00, real=0.06 secs] 
5249.984: [GC (Allocation Failure) [PSYoungGen: 383968K->100000K(465920K)] 1443183K->1310183K(1864192K), 0.0940849 secs] [Times: user=0.52 sys=0.01, real=0.09 secs] 
5250.078: [Full GC (Ergonomics) [PSYoungGen: 100000K->0K(465920K)] [ParOldGen: 1210183K->114610K(1398272K)] 1310183K->114610K(1864192K), [Metaspace: 59724K->59724K(1105920K)], 0.2519446 secs] [Times: user=1.07 sys=0.00, real=0.25 secs] 
5251.425: [GC (Allocation Failure) [PSYoungGen: 232960K->148608K(465920K)] 347570K->263218K(1864192K), 0.0545504 secs] [Times: user=0.33 sys=0.00, real=0.05 secs] 
5253.819: [GC (Allocation Failure) [PSYoungGen: 381568K->109312K(465920K)] 496178K->372138K(1864192K), 0.0882024 secs] [Times: user=0.52 sys=0.00, real=0.09 secs] 
5255.064: [GC (Allocation Failure) [PSYoungGen: 342272K->138560K(452608K)] 605098K->500223K(1850880K), 0.0605840 secs] [Times: user=0.36 sys=0.00, real=0.06 secs] 
5256.526: [GC (Allocation Failure) [PSYoungGen: 371520K->123712K(459264K)] 733183K->624111K(1857536K), 0.0703995 secs] [Times: user=0.42 sys=0.00, real=0.07 secs] 
5257.747: [GC (Allocation Failure) [PSYoungGen: 356672K->124576K(457216K)] 857071K->738227K(1855488K), 0.0623047 secs] [Times: user=0.36 sys=0.01, real=0.06 secs] 
5260.487: [GC (Allocation Failure) [PSYoungGen: 379552K->155136K(463872K)] 993203K->892811K(1862144K), 0.0582718 secs] [Times: user=0.34 sys=0.00, real=0.06 secs] 
5261.674: [GC (Allocation Failure) [PSYoungGen: 410112K->18944K(465408K)] 1147787K->756659K(1863680K), 0.0049653 secs] [Times: user=0.03 sys=0.00, real=0.00 secs] 
5264.885: [GC (Allocation Failure) [PSYoungGen: 259706K->165952K(420864K)] 997422K->919944K(1819136K), 0.0371415 secs] [Times: user=0.22 sys=0.00, real=0.04 secs] 
5267.658: [GC (Allocation Failure) [PSYoungGen: 420416K->98720K(476160K)] 1174408K->1010128K(1874432K), 0.1697400 secs] [Times: user=1.01 sys=0.00, real=0.17 secs] 
5269.613: [GC (Allocation Failure) [PSYoungGen: 346016K->191264K(438784K)] 1257424K->1197151K(1837056K), 0.0526551 secs] [Times: user=0.31 sys=0.01, real=0.05 secs] 
5272.706: [GC (Allocation Failure) [PSYoungGen: 438560K->92000K(465920K)] 1444447K->1271999K(1864192K), 0.1660243 secs] [Times: user=0.99 sys=0.00, real=0.17 secs] 
5272.872: [Full GC (Ergonomics) [PSYoungGen: 92000K->0K(465920K)] [ParOldGen: 1179999K->72709K(1398272K)] 1271999K->72709K(1864192K), [Metaspace: 59724K->59724K(1105920K)], 0.1905804 secs] [Times: user=0.89 sys=0.00, real=0.19 secs] 
5273.567: [GC (Allocation Failure) [PSYoungGen: 232960K->177440K(465920K)] 305669K->250149K(1864192K), 0.0382476 secs] [Times: user=0.23 sys=0.00, real=0.04 secs] 
5276.933: [GC (Allocation Failure) [PSYoungGen: 410400K->76672K(465920K)] 483109K->327121K(1864192K), 0.1411047 secs] [Times: user=0.84 sys=0.00, real=0.14 secs] 
5277.400: [GC (Allocation Failure) [PSYoungGen: 309632K->209888K(465920K)] 560081K->531118K(1864192K), 0.0570338 secs] [Times: user=0.34 sys=0.00, real=0.06 secs] 
5281.412: [GC (Allocation Failure) [PSYoungGen: 442848K->73632K(465920K)] 764078K->572014K(1864192K), 0.1249375 secs] [Times: user=0.74 sys=0.00, real=0.12 secs] 
5282.117: [GC (Allocation Failure) [PSYoungGen: 302920K->205696K(465920K)] 801303K->771453K(1864192K), 0.0587932 secs] [Times: user=0.35 sys=0.00, real=0.06 secs] 
5284.333: [GC (Allocation Failure) [PSYoungGen: 438656K->81696K(465920K)] 1004413K->818509K(1864192K), 0.1174458 secs] [Times: user=0.70 sys=0.00, real=0.12 secs] 
5286.448: [GC (Allocation Failure) [PSYoungGen: 311441K->199520K(465920K)] 1048254K->1011610K(1864192K), 0.0658293 secs] [Times: user=0.39 sys=0.00, real=0.07 secs] 
5287.314: [GC (Allocation Failure) [PSYoungGen: 430265K->92896K(465920K)] 1242355K->1067858K(1864192K), 0.0955420 secs] [Times: user=0.56 sys=0.00, real=0.09 secs] 
5289.161: [GC (Allocation Failure) [PSYoungGen: 325856K->151616K(465920K)] 1300818K->1213103K(1864192K), 0.0603966 secs] [Times: user=0.36 sys=0.00, real=0.06 secs] 
5291.634: [GC (Allocation Failure) [PSYoungGen: 379827K->93408K(465920K)] 1441314K->1306015K(1864192K), 0.0997936 secs] [Times: user=0.60 sys=0.00, real=0.10 secs] 
5291.734: [Full GC (Ergonomics) [PSYoungGen: 93408K->0K(465920K)] [ParOldGen: 1212607K->107966K(1398272K)] 1306015K->107966K(1864192K), [Metaspace: 59724K->59724K(1105920K)], 0.2604855 secs] [Times: user=1.20 sys=0.00, real=0.26 secs] 
5293.086: [GC (Allocation Failure) [PSYoungGen: 232960K->151072K(465920K)] 340926K->259038K(1864192K), 0.0425836 secs] [Times: user=0.25 sys=0.00, real=0.04 secs] 
5296.025: [GC (Allocation Failure) [PSYoungGen: 378470K->93408K(465920K)] 486437K->352462K(1864192K), 0.0965231 secs] [Times: user=0.57 sys=0.00, real=0.10 secs] 
5297.242: [GC (Allocation Failure) [PSYoungGen: 326368K->150688K(465920K)] 585422K->496309K(1864192K), 0.0598723 secs] [Times: user=0.36 sys=0.00, real=0.06 secs] 
5299.095: [GC (Allocation Failure) [PSYoungGen: 383648K->102656K(465920K)] 729269K->599149K(1864192K), 0.0901968 secs] [Times: user=0.54 sys=0.00, real=0.09 secs] 
5300.309: [GC (Allocation Failure) [PSYoungGen: 335616K->145440K(465920K)] 832109K->733846K(1864192K), 0.0600400 secs] [Times: user=0.36 sys=0.00, real=0.06 secs] 
5302.566: [GC (Allocation Failure) [PSYoungGen: 378400K->119872K(451584K)] 966806K->853950K(1849856K), 0.0796271 secs] [Times: user=0.47 sys=0.00, real=0.08 secs] 
5303.769: [GC (Allocation Failure) [PSYoungGen: 352832K->128256K(458752K)] 1086910K->971927K(1857024K), 0.0615230 secs] [Times: user=0.36 sys=0.00, real=0.06 secs] 
5306.528: [GC (Allocation Failure) [PSYoungGen: 361216K->127264K(458240K)] 1204887K->1098991K(1856512K), 0.0679122 secs] [Times: user=0.41 sys=0.00, real=0.07 secs] 
5307.751: [GC (Allocation Failure) [PSYoungGen: 384288K->4000K(464384K)] 1356015K->975843K(1862656K), 0.0032770 secs] [Times: user=0.02 sys=0.00, real=0.00 secs] 
5309.305: [GC (Allocation Failure) [PSYoungGen: 261024K->172768K(456704K)] 1232867K->1146888K(1854976K), 0.0339208 secs] [Times: user=0.20 sys=0.00, real=0.03 secs] 
5311.423: [GC (Allocation Failure) [PSYoungGen: 408800K->95840K(467456K)] 1382920K->1233528K(1865728K), 0.1493656 secs] [Times: user=0.87 sys=0.01, real=0.15 secs] 
5312.641: [GC (Allocation Failure) [PSYoungGen: 317689K->161632K(463872K)] 1455377K->1392645K(1862144K), 0.0514024 secs] [Times: user=0.31 sys=0.00, real=0.05 secs] 
5312.693: [Full GC (Ergonomics) [PSYoungGen: 161632K->0K(463872K)] [ParOldGen: 1231013K->196726K(1398272K)] 1392645K->196726K(1862144K), [Metaspace: 59724K->59724K(1105920K)], 0.4672420 secs] [Times: user=2.16 sys=0.00, real=0.46 secs] 
5315.374: [GC (Allocation Failure) [PSYoungGen: 239104K->91424K(468992K)] 435830K->288150K(1867264K), 0.0984144 secs] [Times: user=0.58 sys=0.00, real=0.10 secs] 
5317.700: [GC (Allocation Failure) [PSYoungGen: 330528K->168640K(458752K)] 527254K->452387K(1857024K), 0.0488747 secs] [Times: user=0.29 sys=0.00, real=0.05 secs] 
5319.194: [GC (Allocation Failure) [PSYoungGen: 402624K->84736K(466432K)] 686371K->536459K(1864704K), 0.1491823 secs] [Times: user=0.89 sys=0.00, real=0.15 secs] 
5320.740: [GC (Allocation Failure) [PSYoungGen: 318720K->186464K(461312K)] 770443K->718952K(1859584K), 0.0548393 secs] [Times: user=0.32 sys=0.00, real=0.06 secs] 
5323.156: [GC (Allocation Failure) [PSYoungGen: 416868K->85056K(465920K)] 949356K->787452K(1864192K), 0.1612659 secs] [Times: user=0.96 sys=0.00, real=0.16 secs] 
5323.650: [GC (Allocation Failure) [PSYoungGen: 318016K->168544K(465920K)] 1020412K->951841K(1864192K), 0.0551104 secs] [Times: user=0.33 sys=0.00, real=0.06 secs] 
5327.065: [GC (Allocation Failure) [PSYoungGen: 401504K->80384K(465920K)] 1184801K->1031901K(1864192K), 0.1445790 secs] [Times: user=0.86 sys=0.00, real=0.14 secs] 
5327.682: [GC (Allocation Failure) [PSYoungGen: 313344K->193792K(465920K)] 1264861K->1219814K(1864192K), 0.0577573 secs] [Times: user=0.35 sys=0.00, real=0.05 secs] 
5331.584: [GC (Allocation Failure) [PSYoungGen: 426752K->75968K(465920K)] 1452774K->1279534K(1864192K), 0.1823224 secs] [Times: user=1.09 sys=0.00, real=0.18 secs] 
5331.767: [Full GC (Ergonomics) [PSYoungGen: 75968K->0K(465920K)] [ParOldGen: 1203566K->78795K(1398272K)] 1279534K->78795K(1864192K), [Metaspace: 59724K->59724K(1105920K)], 0.2105652 secs] [Times: user=0.99 sys=0.00, real=0.21 secs] 
5332.243: [GC (Allocation Failure) [PSYoungGen: 232960K->174496K(465920K)] 311755K->253292K(1864192K), 0.0373514 secs] [Times: user=0.22 sys=0.00, real=0.03 secs] 
5335.501: [GC (Allocation Failure) [PSYoungGen: 407456K->79584K(465920K)] 486252K->332796K(1864192K), 0.1279785 secs] [Times: user=0.76 sys=0.00, real=0.13 secs] 
5335.946: [GC (Allocation Failure) [PSYoungGen: 312544K->204768K(465920K)] 565756K->531352K(1864192K), 0.0572748 secs] [Times: user=0.34 sys=0.00, real=0.06 secs] 
5339.916: [GC (Allocation Failure) [PSYoungGen: 437728K->80032K(465920K)] 764312K->577904K(1864192K), 0.1275004 secs] [Times: user=0.76 sys=0.00, real=0.13 secs] 
5340.957: [GC (Allocation Failure) [PSYoungGen: 312992K->205152K(465920K)] 810864K->776837K(1864192K), 0.0585761 secs] [Times: user=0.34 sys=0.00, real=0.06 secs] 
5343.758: [GC (Allocation Failure) [PSYoungGen: 438112K->88096K(465920K)] 1009797K->823949K(1864192K), 0.1060290 secs] [Times: user=0.63 sys=0.00, real=0.11 secs] 
5344.996: [GC (Allocation Failure) [PSYoungGen: 321056K->155968K(465920K)] 1056909K->973758K(1864192K), 0.0599902 secs] [Times: user=0.36 sys=0.00, real=0.06 secs] 
5348.078: [GC (Allocation Failure) [PSYoungGen: 388473K->93376K(465920K)] 1206263K->1066798K(1864192K), 0.1005832 secs] [Times: user=0.59 sys=0.01, real=0.10 secs] 
5349.358: [GC (Allocation Failure) [PSYoungGen: 326336K->151264K(465920K)] 1299758K->1211251K(1864192K), 0.0603112 secs] [Times: user=0.35 sys=0.00, real=0.06 secs] 
5351.567: [GC (Allocation Failure) [PSYoungGen: 384224K->99104K(465920K)] 1444211K->1310379K(1864192K), 0.0976221 secs] [Times: user=0.58 sys=0.00, real=0.10 secs] 
5351.665: [Full GC (Ergonomics) [PSYoungGen: 99104K->0K(465920K)] [ParOldGen: 1211275K->114224K(1398272K)] 1310379K->114224K(1864192K), [Metaspace: 59724K->59724K(1105920K)], 0.2629713 secs] [Times: user=1.21 sys=0.00, real=0.26 secs] 
5353.049: [GC (Allocation Failure) [PSYoungGen: 232960K->149376K(465920K)] 347184K->263600K(1864192K), 0.0523241 secs] [Times: user=0.30 sys=0.01, real=0.06 secs] 
5355.931: [GC (Allocation Failure) [PSYoungGen: 382336K->108256K(465920K)] 496560K->371856K(1864192K), 0.1053232 secs] [Times: user=0.63 sys=0.00, real=0.10 secs] 
5357.174: [GC (Allocation Failure) [PSYoungGen: 341216K->140160K(462848K)] 604816K->501440K(1861120K), 0.0603780 secs] [Times: user=0.35 sys=0.00, real=0.06 secs] 
5358.914: [GC (Allocation Failure) [PSYoungGen: 373120K->121664K(354816K)] 734400K->623188K(1753088K), 0.0691475 secs] [Times: user=0.41 sys=0.00, real=0.07 secs] 
5360.114: [GC (Allocation Failure) [PSYoungGen: 354624K->126528K(468480K)] 856148K->739521K(1866752K), 0.0618974 secs] [Times: user=0.37 sys=0.00, real=0.06 secs] 
5363.110: [GC (Allocation Failure) [PSYoungGen: 372800K->139360K(459776K)] 985793K->878649K(1858048K), 0.0580141 secs] [Times: user=0.35 sys=0.00, real=0.06 secs] 
5364.327: [GC (Allocation Failure) [PSYoungGen: 385632K->5600K(458752K)] 1124921K->745017K(1857024K), 0.0042313 secs] [Times: user=0.02 sys=0.00, real=0.01 secs] 
5367.429: [GC (Allocation Failure) [PSYoungGen: 255456K->168928K(418816K)] 994873K->912094K(1817088K), 0.0342578 secs] [Times: user=0.20 sys=0.00, real=0.04 secs] 
5369.669: [GC (Allocation Failure) [PSYoungGen: 418784K->104224K(475648K)] 1161950K->1007578K(1873920K), 0.1794317 secs] [Times: user=1.06 sys=0.00, real=0.18 secs] 
5371.898: [GC (Allocation Failure) [PSYoungGen: 348960K->170816K(415744K)] 1252314K->1174751K(1814016K), 0.0542310 secs] [Times: user=0.32 sys=0.00, real=0.06 secs] 
5374.180: [GC (Allocation Failure) [PSYoungGen: 413065K->89984K(472064K)] 1417000K->1264283K(1870336K), 0.1604302 secs] [Times: user=0.95 sys=0.01, real=0.17 secs] 
5374.341: [Full GC (Ergonomics) [PSYoungGen: 89984K->0K(472064K)] [ParOldGen: 1174299K->63357K(1398272K)] 1264283K->63357K(1870336K), [Metaspace: 59724K->59724K(1105920K)], 0.1698272 secs] [Times: user=0.79 sys=0.00, real=0.16 secs] 
5375.094: [GC (Allocation Failure) [PSYoungGen: 240640K->188352K(429056K)] 303997K->251709K(1827328K), 0.0345449 secs] [Times: user=0.20 sys=0.00, real=0.03 secs] 
5378.302: [GC (Allocation Failure) [PSYoungGen: 428992K->86368K(465920K)] 492349K->321181K(1864192K), 0.1688493 secs] [Times: user=1.01 sys=0.00, real=0.17 secs] 
5379.564: [GC (Allocation Failure) [PSYoungGen: 319328K->170112K(465920K)] 554141K->484910K(1864192K), 0.1480047 secs] [Times: user=0.89 sys=0.00, real=0.15 secs] 
5382.908: [GC (Allocation Failure) [PSYoungGen: 403072K->76576K(465920K)] 717870K->561102K(1864192K), 0.1515991 secs] [Times: user=0.91 sys=0.00, real=0.15 secs] 
5383.348: [GC (Allocation Failure) [PSYoungGen: 309536K->177888K(465920K)] 794062K->732967K(1864192K), 0.0561999 secs] [Times: user=0.33 sys=0.01, real=0.06 secs] 
5386.386: [GC (Allocation Failure) [PSYoungGen: 410848K->82848K(465920K)] 965927K->816055K(1864192K), 0.1208235 secs] [Times: user=0.71 sys=0.00, real=0.12 secs] 
5387.517: [GC (Allocation Failure) [PSYoungGen: 313982K->199904K(465920K)] 1047189K->1009964K(1864192K), 0.0666220 secs] [Times: user=0.40 sys=0.00, real=0.07 secs] 
5390.079: [GC (Allocation Failure) [PSYoungGen: 432864K->86336K(465920K)] 1242924K->1059256K(1864192K), 0.1021702 secs] [Times: user=0.61 sys=0.00, real=0.11 secs] 
5391.297: [GC (Allocation Failure) [PSYoungGen: 319296K->158304K(465920K)] 1292216K->1210920K(1864192K), 0.0597553 secs] [Times: user=0.36 sys=0.00, real=0.06 secs] 
5393.212: [GC (Allocation Failure) [PSYoungGen: 383967K->93216K(465920K)] 1436584K->1304081K(1864192K), 0.1020212 secs] [Times: user=0.61 sys=0.01, real=0.10 secs] 
5393.314: [Full GC (Ergonomics) [PSYoungGen: 93216K->0K(465920K)] [ParOldGen: 1210864K->107371K(1398272K)] 1304081K->107371K(1864192K), [Metaspace: 59724K->59724K(1105920K)], 0.2672459 secs] [Times: user=1.20 sys=0.00, real=0.27 secs] 
5394.660: [GC (Allocation Failure) [PSYoungGen: 232960K->150912K(465920K)] 340331K->258283K(1864192K), 0.0426071 secs] [Times: user=0.25 sys=0.00, real=0.05 secs] 
5397.457: [GC (Allocation Failure) [PSYoungGen: 378609K->93152K(465920K)] 485981K->351499K(1864192K), 0.0934896 secs] [Times: user=0.55 sys=0.01, real=0.09 secs] 
5398.664: [GC (Allocation Failure) [PSYoungGen: 326112K->151200K(465920K)] 584459K->496104K(1864192K), 0.0594307 secs] [Times: user=0.35 sys=0.00, real=0.06 secs] 
5401.500: [GC (Allocation Failure) [PSYoungGen: 384160K->98912K(462848K)] 729064K->594904K(1861120K), 0.0976452 secs] [Times: user=0.58 sys=0.00, real=0.10 secs] 
5402.731: [GC (Allocation Failure) [PSYoungGen: 331872K->149728K(464384K)] 827864K->733773K(1862656K), 0.0600306 secs] [Times: user=0.36 sys=0.00, real=0.06 secs] 
5404.829: [GC (Allocation Failure) [PSYoungGen: 382688K->108352K(454144K)] 966733K->842085K(1852416K), 0.0924784 secs] [Times: user=0.54 sys=0.00, real=0.10 secs] 
5406.055: [GC (Allocation Failure) [PSYoungGen: 345920K->140416K(460800K)] 1079653K->971734K(1859072K), 0.0608164 secs] [Times: user=0.36 sys=0.01, real=0.06 secs] 
5408.640: [GC (Allocation Failure) [PSYoungGen: 377984K->125760K(454656K)] 1209302K->1097058K(1852928K), 0.0737406 secs] [Times: user=0.44 sys=0.00, real=0.08 secs] 
5410.382: [GC (Allocation Failure) [PSYoungGen: 382272K->3584K(466432K)] 1353570K->974914K(1864704K), 0.0028024 secs] [Times: user=0.01 sys=0.00, real=0.00 secs] 
5412.993: [GC (Allocation Failure) [PSYoungGen: 260096K->169888K(456704K)] 1231426K->1143352K(1854976K), 0.0332417 secs] [Times: user=0.19 sys=0.00, real=0.03 secs] 
5414.310: [GC (Allocation Failure) [PSYoungGen: 403872K->95616K(466432K)] 1377336K->1229872K(1864704K), 0.0679311 secs] [Times: user=0.40 sys=0.00, real=0.07 secs] 
5417.944: [GC (Allocation Failure) [PSYoungGen: 329600K->168896K(458240K)] 1463856K->1396157K(1856512K), 0.0512739 secs] [Times: user=0.30 sys=0.00, real=0.05 secs] 
5417.995: [Full GC (Ergonomics) [PSYoungGen: 168896K->0K(458240K)] [ParOldGen: 1227261K->192165K(1398272K)] 1396157K->192165K(1856512K), [Metaspace: 59724K->59724K(1105920K)], 0.4651785 secs] [Times: user=2.17 sys=0.00, real=0.46 secs] 
5419.883: [GC (Allocation Failure) [PSYoungGen: 232960K->93344K(465920K)] 425125K->285509K(1864192K), 0.0456395 secs] [Times: user=0.26 sys=0.01, real=0.04 secs] 
5421.108: [GC (Allocation Failure) [PSYoungGen: 323633K->161984K(461312K)] 515798K->444421K(1859584K), 0.0489326 secs] [Times: user=0.29 sys=0.00, real=0.05 secs] 
5422.979: [GC (Allocation Failure) [PSYoungGen: 395968K->92256K(326656K)] 678405K->527529K(1724928K), 0.1180999 secs] [Times: user=0.70 sys=0.01, real=0.12 secs] 
5424.663: [GC (Allocation Failure) [PSYoungGen: 311426K->158528K(462336K)] 746700K->682326K(1860608K), 0.0480416 secs] [Times: user=0.29 sys=0.00, real=0.04 secs] 
5426.635: [GC (Allocation Failure) [PSYoungGen: 394048K->91712K(465920K)] 917846K->765122K(1864192K), 0.1672336 secs] [Times: user=1.00 sys=0.00, real=0.17 secs] 
5428.048: [GC (Allocation Failure) [PSYoungGen: 311306K->159552K(463360K)] 984717K->920799K(1861632K), 0.0480294 secs] [Times: user=0.28 sys=0.00, real=0.05 secs] 
5430.163: [GC (Allocation Failure) [PSYoungGen: 397632K->93504K(466944K)] 1158879K->1005143K(1865216K), 0.1739873 secs] [Times: user=1.04 sys=0.01, real=0.17 secs] 
5432.011: [GC (Allocation Failure) [PSYoungGen: 331584K->201728K(457216K)] 1243223K->1203012K(1855488K), 0.0525001 secs] [Times: user=0.31 sys=0.00, real=0.05 secs] 
5434.313: [GC (Allocation Failure) [PSYoungGen: 434688K->81408K(465920K)] 1435972K->1251480K(1864192K), 0.1699719 secs] [Times: user=1.01 sys=0.01, real=0.17 secs] 
5434.483: [Full GC (Ergonomics) [PSYoungGen: 81408K->0K(465920K)] [ParOldGen: 1170072K->51856K(1398272K)] 1251480K->51856K(1864192K), [Metaspace: 59724K->59724K(1105920K)], 0.1490327 secs] [Times: user=0.59 sys=0.00, real=0.15 secs] 
5435.784: [GC (Allocation Failure) [PSYoungGen: 232960K->164128K(465920K)] 284816K->215984K(1864192K), 0.0345123 secs] [Times: user=0.20 sys=0.00, real=0.03 secs] 
5438.951: [GC (Allocation Failure) [PSYoungGen: 397088K->90432K(465920K)] 448944K->305336K(1864192K), 0.1686586 secs] [Times: user=1.01 sys=0.00, real=0.17 secs] 
5439.480: [GC (Allocation Failure) [PSYoungGen: 323392K->168032K(465920K)] 538296K->469621K(1864192K), 0.0561115 secs] [Times: user=0.34 sys=0.00, real=0.06 secs] 
5442.476: [GC (Allocation Failure) [PSYoungGen: 400992K->81344K(465920K)] 702581K->550697K(1864192K), 0.1670823 secs] [Times: user=1.00 sys=0.00, real=0.17 secs] 
5443.060: [GC (Allocation Failure) [PSYoungGen: 314304K->192320K(465920K)] 783657K->732558K(1864192K), 0.0551501 secs] [Times: user=0.33 sys=0.00, real=0.06 secs] 
5446.920: [GC (Allocation Failure) [PSYoungGen: 425280K->74656K(465920K)] 965518K->790846K(1864192K), 0.1694282 secs] [Times: user=1.01 sys=0.00, real=0.17 secs] 
5447.522: [GC (Allocation Failure) [PSYoungGen: 307616K->174464K(465920K)] 1023806K->959291K(1864192K), 0.0548440 secs] [Times: user=0.33 sys=0.00, real=0.05 secs] 
5451.412: [GC (Allocation Failure) [PSYoungGen: 407424K->76576K(465920K)] 1192251K->1035471K(1864192K), 0.1610945 secs] [Times: user=0.96 sys=0.00, real=0.16 secs] 
5451.871: [GC (Allocation Failure) [PSYoungGen: 309536K->175072K(465920K)] 1268431K->1204552K(1864192K), 0.0552800 secs] [Times: user=0.33 sys=0.00, real=0.05 secs] 
5454.712: [GC (Allocation Failure) [PSYoungGen: 408032K->83776K(465920K)] 1437512K->1288176K(1864192K), 0.1095633 secs] [Times: user=0.65 sys=0.00, real=0.11 secs] 
5454.822: [Full GC (Ergonomics) [PSYoungGen: 83776K->0K(465920K)] [ParOldGen: 1204400K->91529K(1398272K)] 1288176K->91529K(1864192K), [Metaspace: 59724K->59724K(1105920K)], 0.2146407 secs] [Times: user=0.96 sys=0.00, real=0.21 secs] 
5455.812: [GC (Allocation Failure) [PSYoungGen: 232960K->204000K(465920K)] 324489K->295529K(1864192K), 0.0371367 secs] [Times: user=0.22 sys=0.01, real=0.03 secs] 
5458.712: [GC (Allocation Failure) [PSYoungGen: 436960K->82752K(465920K)] 528489K->341065K(1864192K), 0.1190632 secs] [Times: user=0.71 sys=0.00, real=0.11 secs] 
5459.982: [GC (Allocation Failure) [PSYoungGen: 315712K->161376K(465920K)] 574025K->495860K(1864192K), 0.0593204 secs] [Times: user=0.35 sys=0.00, real=0.06 secs] 
5462.452: [GC (Allocation Failure) [PSYoungGen: 394336K->89504K(465920K)] 728820K->585300K(1864192K), 0.1043593 secs] [Times: user=0.62 sys=0.01, real=0.10 secs] 
5463.680: [GC (Allocation Failure) [PSYoungGen: 322464K->154624K(465920K)] 818260K->733105K(1864192K), 0.0595903 secs] [Times: user=0.36 sys=0.00, real=0.06 secs] 
5465.197: [GC (Allocation Failure) [PSYoungGen: 387584K->99424K(465920K)] 966065K->832645K(1864192K), 0.0969654 secs] [Times: user=0.56 sys=0.01, real=0.10 secs] 
5466.461: [GC (Allocation Failure) [PSYoungGen: 332384K->149504K(465920K)] 1065605K->970922K(1864192K), 0.0599992 secs] [Times: user=0.35 sys=0.00, real=0.06 secs] 
5469.856: [GC (Allocation Failure) [PSYoungGen: 382464K->107488K(465920K)] 1203882K->1078202K(1864192K), 0.0899816 secs] [Times: user=0.53 sys=0.00, real=0.09 secs] 
5471.081: [GC (Allocation Failure) [PSYoungGen: 340448K->140096K(459776K)] 1311162K->1207825K(1858048K), 0.0611482 secs] [Times: user=0.37 sys=0.00, real=0.06 secs] 
5473.953: [GC (Allocation Failure) [PSYoungGen: 373056K->115808K(462848K)] 1440785K->1323721K(1861120K), 0.0757770 secs] [Times: user=0.45 sys=0.00, real=0.07 secs] 
5474.029: [Full GC (Ergonomics) [PSYoungGen: 115808K->0K(462848K)] [ParOldGen: 1207913K->130283K(1398272K)] 1323721K->130283K(1861120K), [Metaspace: 59724K->59724K(1105920K)], 0.2984144 secs] [Times: user=1.37 sys=0.00, real=0.30 secs] 
5475.429: [GC (Allocation Failure) [PSYoungGen: 232960K->132672K(458240K)] 363243K->262955K(1856512K), 0.0485291 secs] [Times: user=0.28 sys=0.00, real=0.05 secs] 
5478.654: [GC (Allocation Failure) [PSYoungGen: 379456K->136544K(461312K)] 509739K->399411K(1859584K), 0.0748713 secs] [Times: user=0.45 sys=0.00, real=0.07 secs] 
5479.908: [GC (Allocation Failure) [PSYoungGen: 383328K->4032K(463872K)] 646195K->266943K(1862144K), 0.0024686 secs] [Times: user=0.02 sys=0.00, real=0.00 secs] 
5481.583: [GC (Allocation Failure) [PSYoungGen: 258496K->168992K(423936K)] 521407K->434244K(1822208K), 0.0331002 secs] [Times: user=0.19 sys=0.00, real=0.03 secs] 
5483.490: [GC (Allocation Failure) [PSYoungGen: 423456K->109600K(476672K)] 688708K->534344K(1874944K), 0.1748523 secs] [Times: user=1.04 sys=0.00, real=0.18 secs] 
5485.047: [GC (Allocation Failure) [PSYoungGen: 354848K->172704K(467456K)] 779592K->703221K(1865728K), 0.0554782 secs] [Times: user=0.33 sys=0.00, real=0.06 secs] 
5488.067: [GC (Allocation Failure) [PSYoungGen: 417952K->94912K(471552K)] 948469K->797309K(1869824K), 0.1682446 secs] [Times: user=1.00 sys=0.00, real=0.17 secs] 
5488.805: [GC (Allocation Failure) [PSYoungGen: 336064K->181152K(422400K)] 1038461K->967994K(1820672K), 0.0590657 secs] [Times: user=0.35 sys=0.00, real=0.06 secs] 
5491.987: [GC (Allocation Failure) [PSYoungGen: 422304K->85920K(465920K)] 1209146K->1053754K(1864192K), 0.1301697 secs] [Times: user=0.77 sys=0.00, real=0.13 secs] 
5492.943: [GC (Allocation Failure) [PSYoungGen: 317270K->202944K(465920K)] 1285104K->1250542K(1864192K), 0.0621821 secs] [Times: user=0.37 sys=0.00, real=0.06 secs] 
5496.024: [GC (Allocation Failure) [PSYoungGen: 435904K->77664K(465920K)] 1483502K->1293542K(1864192K), 0.1338710 secs] [Times: user=0.65 sys=0.00, real=0.13 secs] 
5496.158: [Full GC (Ergonomics) [PSYoungGen: 77664K->0K(465920K)] [ParOldGen: 1215878K->92276K(1398272K)] 1293542K->92276K(1864192K), [Metaspace: 59724K->59724K(1105920K)], 0.2221127 secs] [Times: user=1.02 sys=0.00, real=0.22 secs] 
5496.943: [GC (Allocation Failure) [PSYoungGen: 232960K->208064K(465920K)] 325236K->300340K(1864192K), 0.0367799 secs] [Times: user=0.22 sys=0.00, real=0.03 secs] 
5500.396: [GC (Allocation Failure) [PSYoungGen: 441024K->86656K(465920K)] 533300K->345788K(1864192K), 0.1146029 secs] [Times: user=0.68 sys=0.00, real=0.11 secs] 
5501.629: [GC (Allocation Failure) [PSYoungGen: 319616K->157696K(465920K)] 578748K->496989K(1864192K), 0.0597909 secs] [Times: user=0.36 sys=0.00, real=0.06 secs] 
5504.505: [GC (Allocation Failure) [PSYoungGen: 390656K->92928K(465920K)] 729949K->590053K(1864192K), 0.0992906 secs] [Times: user=0.59 sys=0.00, real=0.10 secs] 
5505.753: [GC (Allocation Failure) [PSYoungGen: 325888K->150976K(465920K)] 823013K->734386K(1864192K), 0.0599825 secs] [Times: user=0.36 sys=0.00, real=0.06 secs] 
5509.115: [GC (Allocation Failure) [PSYoungGen: 383936K->98304K(465920K)] 967346K->832890K(1864192K), 0.1004388 secs] [Times: user=0.60 sys=0.00, real=0.10 secs] 
5510.383: [GC (Allocation Failure) [PSYoungGen: 331264K->149984K(465920K)] 1065850K->972238K(1864192K), 0.0601079 secs] [Times: user=0.36 sys=0.00, real=0.06 secs] 
5513.289: [GC (Allocation Failure) [PSYoungGen: 382944K->108896K(464896K)] 1205198K->1081326K(1863168K), 0.0921843 secs] [Times: user=0.54 sys=0.00, real=0.10 secs] 
5514.514: [GC (Allocation Failure) [PSYoungGen: 341856K->139776K(373248K)] 1314286K->1209931K(1771520K), 0.0612653 secs] [Times: user=0.37 sys=0.01, real=0.06 secs] 
5517.679: [GC (Allocation Failure) [PSYoungGen: 372736K->118240K(468480K)] 1442891K->1328139K(1866752K), 0.0817101 secs] [Times: user=0.48 sys=0.00, real=0.09 secs] 
5517.761: [Full GC (Ergonomics) [PSYoungGen: 118240K->0K(468480K)] [ParOldGen: 1209899K->132818K(1398272K)] 1328139K->132818K(1866752K), [Metaspace: 59724K->59724K(1105920K)], 0.3030766 secs] [Times: user=1.40 sys=0.00, real=0.30 secs] 
5519.179: [GC (Allocation Failure) [PSYoungGen: 242176K->130240K(460800K)] 374994K->263058K(1859072K), 0.0479829 secs] [Times: user=0.29 sys=0.00, real=0.05 secs] 
5521.580: [GC (Allocation Failure) [PSYoungGen: 372416K->139808K(468480K)] 505234K->402914K(1866752K), 0.0671802 secs] [Times: user=0.40 sys=0.00, real=0.07 secs] 
5522.786: [GC (Allocation Failure) [PSYoungGen: 397856K->10912K(464384K)] 660962K->274147K(1862656K), 0.0032462 secs] [Times: user=0.02 sys=0.00, real=0.00 secs] 
5523.816: [GC (Allocation Failure) [PSYoungGen: 259706K->173504K(458752K)] 522941K->445747K(1857024K), 0.0356156 secs] [Times: user=0.21 sys=0.00, real=0.04 secs] 
5526.263: [GC (Allocation Failure) [PSYoungGen: 413632K->93568K(469504K)] 685875K->530844K(1867776K), 0.1714171 secs] [Times: user=1.02 sys=0.00, real=0.17 secs] 
5527.328: [GC (Allocation Failure) [PSYoungGen: 333696K->175136K(456704K)] 770972K->702040K(1854976K), 0.0501169 secs] [Times: user=0.30 sys=0.00, real=0.05 secs] 
5530.420: [GC (Allocation Failure) [PSYoungGen: 408096K->81376K(465920K)] 935000K->783152K(1864192K), 0.1796521 secs] [Times: user=1.07 sys=0.01, real=0.18 secs] 
5531.088: [GC (Allocation Failure) [PSYoungGen: 314336K->187296K(463360K)] 1016112K->966476K(1861632K), 0.0543156 secs] [Times: user=0.32 sys=0.01, real=0.06 secs] 
5533.454: [GC (Allocation Failure) [PSYoungGen: 420256K->82720K(465920K)] 1199436K->1032792K(1864192K), 0.1692112 secs] [Times: user=1.00 sys=0.00, real=0.17 secs] 
5534.227: [GC (Allocation Failure) [PSYoungGen: 315680K->171712K(465920K)] 1265752K->1198016K(1864192K), 0.0551394 secs] [Times: user=0.33 sys=0.00, real=0.06 secs] 
5537.967: [GC (Allocation Failure) [PSYoungGen: 404672K->77280K(465920K)] 1430976K->1274573K(1864192K), 0.1440231 secs] [Times: user=0.86 sys=0.00, real=0.15 secs] 
5538.111: [Full GC (Ergonomics) [PSYoungGen: 77280K->0K(465920K)] [ParOldGen: 1197292K->72070K(1398272K)] 1274573K->72070K(1864192K), [Metaspace: 59727K->59707K(1105920K)], 0.1918212 secs] [Times: user=0.87 sys=0.00, real=0.19 secs] 
5538.715: [GC (Allocation Failure) [PSYoungGen: 232960K->177600K(465920K)] 305030K->249670K(1864192K), 0.0382164 secs] [Times: user=0.23 sys=0.00, real=0.04 secs] 
5541.841: [GC (Allocation Failure) [PSYoungGen: 410560K->73856K(465920K)] 482630K->323866K(1864192K), 0.1675736 secs] [Times: user=1.00 sys=0.00, real=0.16 secs] 
5542.295: [GC (Allocation Failure) [PSYoungGen: 306816K->177888K(465920K)] 556826K->495490K(1864192K), 0.0557655 secs] [Times: user=0.33 sys=0.00, real=0.06 secs] 
5545.678: [GC (Allocation Failure) [PSYoungGen: 410848K->79552K(465920K)] 728450K->575327K(1864192K), 0.1231350 secs] [Times: user=0.73 sys=0.00, real=0.13 secs] 
5546.416: [GC (Allocation Failure) [PSYoungGen: 312512K->208448K(465920K)] 808287K->777539K(1864192K), 0.0591252 secs] [Times: user=0.35 sys=0.00, real=0.06 secs] 
5548.851: [GC (Allocation Failure) [PSYoungGen: 441408K->88128K(465920K)] 1010499K->824299K(1864192K), 0.1036986 secs] [Times: user=0.61 sys=0.00, real=0.10 secs] 
5550.062: [GC (Allocation Failure) [PSYoungGen: 321088K->156192K(465920K)] 1057259K->973584K(1864192K), 0.0600788 secs] [Times: user=0.36 sys=0.00, real=0.06 secs] 
5551.700: [GC (Allocation Failure) [PSYoungGen: 385484K->93920K(465920K)] 1202876K->1067448K(1864192K), 0.0948104 secs] [Times: user=0.56 sys=0.01, real=0.10 secs] 
5552.963: [GC (Allocation Failure) [PSYoungGen: 326880K->151200K(465920K)] 1300408K->1211621K(1864192K), 0.0608393 secs] [Times: user=0.37 sys=0.00, real=0.06 secs] 
5555.250: [GC (Allocation Failure) [PSYoungGen: 384160K->98720K(465920K)] 1444581K->1310165K(1864192K), 0.0965572 secs] [Times: user=0.58 sys=0.00, real=0.10 secs] 
5555.347: [Full GC (Ergonomics) [PSYoungGen: 98720K->0K(465920K)] [ParOldGen: 1211445K->113345K(1398272K)] 1310165K->113345K(1864192K), [Metaspace: 59707K->59707K(1105920K)], 0.2589151 secs] [Times: user=1.19 sys=0.00, real=0.26 secs] 
5556.692: [GC (Allocation Failure) [PSYoungGen: 232960K->150368K(465920K)] 346305K->263713K(1864192K), 0.0542783 secs] [Times: user=0.32 sys=0.00, real=0.05 secs] 
5558.961: [GC (Allocation Failure) [PSYoungGen: 383328K->110688K(344064K)] 496673K->374329K(1742336K), 0.0937500 secs] [Times: user=0.56 sys=0.00, real=0.09 secs] 
5560.313: [GC (Allocation Failure) [PSYoungGen: 343648K->137536K(471552K)] 607289K->501389K(1869824K), 0.0607825 secs] [Times: user=0.36 sys=0.00, real=0.06 secs] 
5562.992: [GC (Allocation Failure) [PSYoungGen: 376640K->123360K(362496K)] 740493K->624493K(1760768K), 0.0767882 secs] [Times: user=0.46 sys=0.00, real=0.07 secs] 
5565.217: [GC (Allocation Failure) [PSYoungGen: 362464K->125312K(465920K)] 863597K->738890K(1864192K), 0.0620029 secs] [Times: user=0.37 sys=0.00, real=0.06 secs] 
5566.784: [GC (Allocation Failure) [PSYoungGen: 374144K->147712K(457216K)] 987722K->886370K(1855488K), 0.0591278 secs] [Times: user=0.35 sys=0.00, real=0.06 secs] 
5568.002: [GC (Allocation Failure) [PSYoungGen: 396544K->13280K(467456K)] 1135202K->752234K(1865728K), 0.0041059 secs] [Times: user=0.02 sys=0.00, real=0.00 secs] 
5570.004: [GC (Allocation Failure) [PSYoungGen: 261286K->171104K(431104K)] 1000241K->921687K(1829376K), 0.0364205 secs] [Times: user=0.21 sys=0.00, real=0.03 secs] 
5572.566: [GC (Allocation Failure) [PSYoungGen: 430688K->107584K(477184K)] 1181271K->1020479K(1875456K), 0.1687021 secs] [Times: user=1.01 sys=0.00, real=0.17 secs] 
5573.664: [GC (Allocation Failure) [PSYoungGen: 355392K->180000K(428032K)] 1268287K->1196884K(1826304K), 0.0827473 secs] [Times: user=0.50 sys=0.00, real=0.08 secs] 
5577.227: [GC (Allocation Failure) [PSYoungGen: 427808K->84704K(468992K)] 1444692K->1281384K(1867264K), 0.1560867 secs] [Times: user=0.93 sys=0.00, real=0.16 secs] 
5577.383: [Full GC (Ergonomics) [PSYoungGen: 84704K->0K(468992K)] [ParOldGen: 1196680K->79724K(1398272K)] 1281384K->79724K(1867264K), [Metaspace: 59707K->59707K(1105920K)], 0.2277892 secs] [Times: user=1.07 sys=0.00, real=0.23 secs] 
5579.042: [GC (Allocation Failure) [PSYoungGen: 236032K->175328K(465920K)] 315756K->255052K(1864192K), 0.1156353 secs] [Times: user=0.68 sys=0.00, real=0.11 secs] 
5582.500: [GC (Allocation Failure) [PSYoungGen: 411360K->79456K(465920K)] 491084K->334812K(1864192K), 0.1302067 secs] [Times: user=0.77 sys=0.01, real=0.13 secs] 
5583.587: [GC (Allocation Failure) [PSYoungGen: 310890K->203584K(465920K)] 566247K->532113K(1864192K), 0.0595335 secs] [Times: user=0.36 sys=0.00, real=0.06 secs] 
5585.439: [GC (Allocation Failure) [PSYoungGen: 436544K->88448K(465920K)] 765073K->585633K(1864192K), 0.1067577 secs] [Times: user=0.63 sys=0.00, real=0.11 secs] 
5587.429: [GC (Allocation Failure) [PSYoungGen: 321408K->155904K(465920K)] 818593K->734934K(1864192K), 0.0600641 secs] [Times: user=0.36 sys=0.00, real=0.06 secs] 
5589.098: [GC (Allocation Failure) [PSYoungGen: 385378K->93056K(465920K)] 964408K->827958K(1864192K), 0.0907825 secs] [Times: user=0.53 sys=0.00, real=0.09 secs] 
5590.533: [GC (Allocation Failure) [PSYoungGen: 326016K->150944K(465920K)] 1060918K->972378K(1864192K), 0.0601597 secs] [Times: user=0.36 sys=0.00, real=0.06 secs] 
5592.260: [GC (Allocation Failure) [PSYoungGen: 383904K->100608K(465920K)] 1205338K->1072866K(1864192K), 0.0939226 secs] [Times: user=0.56 sys=0.01, real=0.10 secs] 
5594.680: [GC (Allocation Failure) [PSYoungGen: 333568K->147360K(380416K)] 1305826K->1209606K(1778688K), 0.0608815 secs] [Times: user=0.36 sys=0.00, real=0.07 secs] 
5596.916: [GC (Allocation Failure) [PSYoungGen: 380320K->109312K(471040K)] 1442566K->1318926K(1869312K), 0.0858162 secs] [Times: user=0.51 sys=0.00, real=0.09 secs] 
5597.002: [Full GC (Ergonomics) [PSYoungGen: 109312K->0K(471040K)] [ParOldGen: 1209614K->123364K(1398272K)] 1318926K->123364K(1869312K), [Metaspace: 59707K->59707K(1105920K)], 0.2804456 secs] [Times: user=1.27 sys=0.00, real=0.28 secs] 
5599.140: [GC (Allocation Failure) [PSYoungGen: 240128K->138720K(378880K)] 363492K->262085K(1777152K), 0.0513353 secs] [Times: user=0.30 sys=0.00, real=0.06 secs] 
5600.916: [GC (Allocation Failure) [PSYoungGen: 378848K->127520K(472064K)] 502213K->389141K(1870336K), 0.0852315 secs] [Times: user=0.50 sys=0.01, real=0.09 secs] 
5602.400: [GC (Allocation Failure) [PSYoungGen: 380960K->3456K(462848K)] 642581K->265117K(1861120K), 0.0021981 secs] [Times: user=0.01 sys=0.00, real=0.01 secs] 
5605.064: [GC (Allocation Failure) [PSYoungGen: 256896K->168320K(458240K)] 518557K->431484K(1856512K), 0.0328447 secs] [Times: user=0.19 sys=0.00, real=0.03 secs] 
5606.158: [GC (Allocation Failure) [PSYoungGen: 404352K->97664K(467456K)] 667516K->519876K(1865728K), 0.0693098 secs] [Times: user=0.41 sys=0.01, real=0.07 secs] 
5608.606: [GC (Allocation Failure) [PSYoungGen: 333696K->166112K(460288K)] 755908K->683385K(1858560K), 0.0515465 secs] [Times: user=0.31 sys=0.00, real=0.05 secs] 
5610.799: [GC (Allocation Failure) [PSYoungGen: 402144K->92128K(467456K)] 919417K->766457K(1865728K), 0.0947155 secs] [Times: user=0.57 sys=0.00, real=0.10 secs] 
5613.458: [GC (Allocation Failure) [PSYoungGen: 317729K->159552K(464896K)] 992058K->921829K(1863168K), 0.0492243 secs] [Times: user=0.29 sys=0.00, real=0.05 secs] 
5614.929: [GC (Allocation Failure) [PSYoungGen: 398656K->94656K(333824K)] 1160933K->1007517K(1732096K), 0.0977141 secs] [Times: user=0.58 sys=0.00, real=0.10 secs] 
5616.938: [GC (Allocation Failure) [PSYoungGen: 333760K->217792K(457216K)] 1246621K->1220946K(1855488K), 0.0526472 secs] [Times: user=0.31 sys=0.00, real=0.05 secs] 
5619.092: [GC (Allocation Failure) [PSYoungGen: 450752K->87712K(465920K)] 1453906K->1258418K(1864192K), 0.1834280 secs] [Times: user=0.93 sys=0.00, real=0.18 secs] 
5619.276: [Full GC (Ergonomics) [PSYoungGen: 87712K->0K(465920K)] [ParOldGen: 1170706K->57366K(1398272K)] 1258418K->57366K(1864192K), [Metaspace: 59707K->59707K(1105920K)], 0.1542591 secs] [Times: user=0.71 sys=0.00, real=0.15 secs] 
5620.463: [GC (Allocation Failure) [PSYoungGen: 232960K->165472K(465920K)] 290326K->222839K(1864192K), 0.0347244 secs] [Times: user=0.20 sys=0.00, real=0.03 secs] 
5623.179: [GC (Allocation Failure) [PSYoungGen: 395213K->82816K(465920K)] 452580K->305155K(1864192K), 0.1653205 secs] [Times: user=0.98 sys=0.01, real=0.17 secs] 
5624.396: [GC (Allocation Failure) [PSYoungGen: 315776K->180640K(465920K)] 538115K->482111K(1864192K), 0.0548534 secs] [Times: user=0.32 sys=0.01, real=0.06 secs] 
5626.382: [GC (Allocation Failure) [PSYoungGen: 413600K->86432K(465920K)] 715071K->552111K(1864192K), 0.1417348 secs] [Times: user=0.84 sys=0.00, real=0.14 secs] 
5627.366: [GC (Allocation Failure) [PSYoungGen: 319392K->173216K(465920K)] 785071K->719212K(1864192K), 0.1027437 secs] [Times: user=0.62 sys=0.00, real=0.10 secs] 
5630.533: [GC (Allocation Failure) [PSYoungGen: 406176K->75296K(465920K)] 952172K->794508K(1864192K), 0.1851770 secs] [Times: user=1.10 sys=0.00, real=0.18 secs] 
5631.008: [GC (Allocation Failure) [PSYoungGen: 308256K->191552K(465920K)] 1027468K->979837K(1864192K), 0.0562579 secs] [Times: user=0.34 sys=0.00, real=0.06 secs] 
5634.317: [GC (Allocation Failure) [PSYoungGen: 424512K->79488K(465920K)] 1212797K->1042717K(1864192K), 0.1320379 secs] [Times: user=0.78 sys=0.00, real=0.13 secs] 
5634.877: [GC (Allocation Failure) [PSYoungGen: 312448K->210176K(465920K)] 1275677K->1246730K(1864192K), 0.0573516 secs] [Times: user=0.34 sys=0.00, real=0.06 secs] 
5637.793: [GC (Allocation Failure) [PSYoungGen: 443136K->82336K(465920K)] 1479690K->1292226K(1864192K), 0.1236077 secs] [Times: user=0.73 sys=0.00, real=0.12 secs] 
5637.916: [Full GC (Ergonomics) [PSYoungGen: 82336K->0K(465920K)] [ParOldGen: 1209890K->96974K(1398272K)] 1292226K->96974K(1864192K), [Metaspace: 59707K->59707K(1105920K)], 0.2341441 secs] [Times: user=1.07 sys=0.00, real=0.23 secs] 
5639.136: [GC (Allocation Failure) [PSYoungGen: 227788K->199072K(465920K)] 324763K->296046K(1864192K), 0.0484630 secs] [Times: user=0.28 sys=0.00, real=0.05 secs] 
5642.215: [GC (Allocation Failure) [PSYoungGen: 432032K->82976K(465920K)] 529006K->342126K(1864192K), 0.1109764 secs] [Times: user=0.66 sys=0.00, real=0.11 secs] 
5643.331: [GC (Allocation Failure) [PSYoungGen: 313445K->199328K(465920K)] 572595K->535011K(1864192K), 0.0674002 secs] [Times: user=0.39 sys=0.01, real=0.06 secs] 
5645.298: [GC (Allocation Failure) [PSYoungGen: 432288K->91360K(465920K)] 767971K->589207K(1864192K), 0.1100506 secs] [Times: user=0.65 sys=0.00, real=0.11 secs] 
5646.530: [GC (Allocation Failure) [PSYoungGen: 324320K->153280K(465920K)] 822167K->735564K(1864192K), 0.0600954 secs] [Times: user=0.36 sys=0.00, real=0.06 secs] 
5648.626: [GC (Allocation Failure) [PSYoungGen: 378696K->93728K(465920K)] 960981K->829452K(1864192K), 0.0989800 secs] [Times: user=0.59 sys=0.00, real=0.10 secs] 
5649.848: [GC (Allocation Failure) [PSYoungGen: 326688K->150912K(465920K)] 1062412K->973312K(1864192K), 0.0601735 secs] [Times: user=0.36 sys=0.00, real=0.06 secs] 
5651.562: [GC (Allocation Failure) [PSYoungGen: 383872K->102208K(465920K)] 1206272K->1075696K(1864192K), 0.0929614 secs] [Times: user=0.55 sys=0.01, real=0.09 secs] 
5652.785: [GC (Allocation Failure) [PSYoungGen: 335168K->146880K(465920K)] 1308656K->1211161K(1864192K), 0.0611500 secs] [Times: user=0.36 sys=0.00, real=0.06 secs] 
5655.449: [GC (Allocation Failure) [PSYoungGen: 379840K->111072K(465920K)] 1444121K->1322009K(1864192K), 0.0863060 secs] [Times: user=0.52 sys=0.00, real=0.09 secs] 
5655.535: [Full GC (Ergonomics) [PSYoungGen: 111072K->0K(465920K)] [ParOldGen: 1210937K->125151K(1398272K)] 1322009K->125151K(1864192K), [Metaspace: 59707K->59707K(1105920K)], 0.2777874 secs] [Times: user=1.26 sys=0.00, real=0.28 secs] 
5656.927: [GC (Allocation Failure) [PSYoungGen: 232960K->136832K(461824K)] 358111K->261983K(1860096K), 0.0502552 secs] [Times: user=0.30 sys=0.00, real=0.05 secs] 
5660.139: [GC (Allocation Failure) [PSYoungGen: 369792K->117600K(350720K)] 494943K->379815K(1748992K), 0.0928448 secs] [Times: user=0.50 sys=0.00, real=0.10 secs] 
5661.428: [GC (Allocation Failure) [PSYoungGen: 350560K->130752K(470528K)] 612775K->499952K(1868800K), 0.0610959 secs] [Times: user=0.36 sys=0.00, real=0.06 secs] 
5663.617: [GC (Allocation Failure) [PSYoungGen: 378560K->139040K(461824K)] 747760K->639052K(1860096K), 0.0592878 secs] [Times: user=0.35 sys=0.00, real=0.06 secs] 
5664.872: [GC (Allocation Failure) [PSYoungGen: 386848K->6144K(458240K)] 886860K->506348K(1856512K), 0.0030118 secs] [Times: user=0.01 sys=0.00, real=0.00 secs] 
5667.123: [GC (Allocation Failure) [PSYoungGen: 254976K->166208K(415232K)] 755180K->670657K(1813504K), 0.0332065 secs] [Times: user=0.19 sys=0.00, real=0.03 secs] 
5668.861: [GC (Allocation Failure) [PSYoungGen: 415040K->104416K(476672K)] 919489K->765617K(1874944K), 0.1290949 secs] [Times: user=0.77 sys=0.00, real=0.13 secs] 
5671.942: [GC (Allocation Failure) [PSYoungGen: 351200K->218400K(465408K)] 1012401K->979917K(1863680K), 0.0567174 secs] [Times: user=0.33 sys=0.00, real=0.05 secs] 
5674.870: [GC (Allocation Failure) [PSYoungGen: 465184K->90528K(465920K)] 1226701K->1020465K(1864192K), 0.1513116 secs] [Times: user=0.90 sys=0.00, real=0.16 secs] 
5675.611: [GC (Allocation Failure) [PSYoungGen: 323488K->171168K(465920K)] 1253425K->1187322K(1864192K), 0.0572053 secs] [Times: user=0.34 sys=0.00, real=0.06 secs] 
5678.981: [GC (Allocation Failure) [PSYoungGen: 404128K->79488K(465920K)] 1420282K->1266794K(1864192K), 0.1802438 secs] [Times: user=1.07 sys=0.01, real=0.19 secs] 
5679.161: [Full GC (Ergonomics) [PSYoungGen: 79488K->0K(465920K)] [ParOldGen: 1187306K->65467K(1398272K)] 1266794K->65467K(1864192K), [Metaspace: 59708K->59708K(1105920K)], 0.1801959 secs] [Times: user=0.84 sys=0.00, real=0.18 secs] 
5679.937: [GC (Allocation Failure) [PSYoungGen: 232960K->173056K(465920K)] 298427K->238523K(1864192K), 0.0378323 secs] [Times: user=0.22 sys=0.00, real=0.04 secs] 
5683.076: [GC (Allocation Failure) [PSYoungGen: 406016K->75264K(465920K)] 471483K->313395K(1864192K), 0.1233837 secs] [Times: user=0.73 sys=0.00, real=0.12 secs] 
5683.846: [GC (Allocation Failure) [PSYoungGen: 308224K->177120K(465920K)] 546355K->484384K(1864192K), 0.0543764 secs] [Times: user=0.33 sys=0.00, real=0.05 secs] 
5686.587: [GC (Allocation Failure) [PSYoungGen: 410080K->79840K(465920K)] 717344K->564456K(1864192K), 0.1187734 secs] [Times: user=0.71 sys=0.00, real=0.12 secs] 
5687.504: [GC (Allocation Failure) [PSYoungGen: 312800K->171008K(465920K)] 797416K->729381K(1864192K), 0.0918660 secs] [Times: user=0.55 sys=0.01, real=0.09 secs] 
5690.495: [GC (Allocation Failure) [PSYoungGen: 403968K->77760K(465920K)] 962341K->807213K(1864192K), 0.1406853 secs] [Times: user=0.84 sys=0.00, real=0.14 secs] 
5691.495: [GC (Allocation Failure) [PSYoungGen: 310409K->207104K(465920K)] 1039862K->1007852K(1864192K), 0.0565436 secs] [Times: user=0.34 sys=0.00, real=0.06 secs] 
5693.175: [GC (Allocation Failure) [PSYoungGen: 440064K->86368K(465920K)] 1240812K->1060668K(1864192K), 0.1115483 secs] [Times: user=0.67 sys=0.00, real=0.11 secs] 
5695.244: [GC (Allocation Failure) [PSYoungGen: 319328K->157184K(465920K)] 1293628K->1211379K(1864192K), 0.0600273 secs] [Times: user=0.35 sys=0.00, real=0.06 secs] 
5696.867: [GC (Allocation Failure) [PSYoungGen: 388658K->93024K(465920K)] 1442853K->1304603K(1864192K), 0.1050103 secs] [Times: user=0.63 sys=0.00, real=0.11 secs] 
5696.972: [Full GC (Ergonomics) [PSYoungGen: 93024K->0K(465920K)] [ParOldGen: 1211579K->107127K(1398272K)] 1304603K->107127K(1864192K), [Metaspace: 59708K->59708K(1105920K)], 0.2583642 secs] [Times: user=1.19 sys=0.00, real=0.25 secs] 
5698.302: [GC (Allocation Failure) [PSYoungGen: 232960K->150912K(465920K)] 340087K->258039K(1864192K), 0.0426883 secs] [Times: user=0.26 sys=0.00, real=0.04 secs] 
5700.155: [GC (Allocation Failure) [PSYoungGen: 383872K->99584K(465920K)] 490999K->357407K(1864192K), 0.0889453 secs] [Times: user=0.52 sys=0.00, real=0.09 secs] 
5701.447: [GC (Allocation Failure) [PSYoungGen: 332544K->149248K(465920K)] 590367K->495780K(1864192K), 0.0597614 secs] [Times: user=0.36 sys=0.00, real=0.06 secs] 
5704.589: [GC (Allocation Failure) [PSYoungGen: 382208K->105792K(465920K)] 728740K->601232K(1864192K), 0.0901007 secs] [Times: user=0.54 sys=0.00, real=0.09 secs] 
5705.849: [GC (Allocation Failure) [PSYoungGen: 338752K->142720K(375808K)] 834192K->733295K(1774080K), 0.0601435 secs] [Times: user=0.35 sys=0.00, real=0.06 secs] 
5708.231: [GC (Allocation Failure) [PSYoungGen: 375680K->115040K(468992K)] 966255K->848367K(1867264K), 0.0837263 secs] [Times: user=0.49 sys=0.00, real=0.09 secs] 
5709.463: [GC (Allocation Failure) [PSYoungGen: 355680K->133024K(461312K)] 1089007K->970880K(1859584K), 0.0615316 secs] [Times: user=0.37 sys=0.00, real=0.06 secs] 
5711.622: [GC (Allocation Failure) [PSYoungGen: 373664K->137696K(467968K)] 1211520K->1108588K(1866240K), 0.0728294 secs] [Times: user=0.43 sys=0.00, real=0.07 secs] 
5712.854: [GC (Allocation Failure) [PSYoungGen: 392160K->8480K(463360K)] 1363052K->979404K(1861632K), 0.0036973 secs] [Times: user=0.01 sys=0.00, real=0.00 secs] 
5714.643: [GC (Allocation Failure) [PSYoungGen: 262944K->184480K(454144K)] 1233868K->1161769K(1852416K), 0.0368361 secs] [Times: user=0.22 sys=0.00, real=0.03 secs] 
5716.235: [GC (Allocation Failure) [PSYoungGen: 417440K->92736K(465920K)] 1394729K->1236997K(1864192K), 0.1199478 secs] [Times: user=0.71 sys=0.01, real=0.12 secs] 
5716.355: [Full GC (Ergonomics) [PSYoungGen: 92736K->0K(465920K)] [ParOldGen: 1144261K->42127K(1398272K)] 1236997K->42127K(1864192K), [Metaspace: 59708K->59708K(1105920K)], 0.0945911 secs] [Times: user=0.39 sys=0.00, real=0.09 secs] 
5718.663: [GC (Allocation Failure) [PSYoungGen: 221905K->159040K(462848K)] 264033K->201168K(1861120K), 0.0311917 secs] [Times: user=0.19 sys=0.00, real=0.03 secs] 
5719.949: [GC (Allocation Failure) [PSYoungGen: 392000K->91136K(324608K)] 434128K->283388K(1722880K), 0.1071166 secs] [Times: user=0.64 sys=0.00, real=0.11 secs] 
5721.173: [GC (Allocation Failure) [PSYoungGen: 311409K->159296K(460288K)] 503661K->439204K(1858560K), 0.0477733 secs] [Times: user=0.29 sys=0.00, real=0.05 secs] 
5722.467: [GC (Allocation Failure) [PSYoungGen: 391744K->90624K(463872K)] 671652K->521192K(1862144K), 0.0651761 secs] [Times: user=0.38 sys=0.00, real=0.07 secs] 
5724.660: [GC (Allocation Failure) [PSYoungGen: 316472K->160224K(462848K)] 747041K->677889K(1861120K), 0.0481367 secs] [Times: user=0.28 sys=0.01, real=0.05 secs] 
5726.350: [GC (Allocation Failure) [PSYoungGen: 396256K->94240K(466432K)] 913921K->763077K(1864704K), 0.1414767 secs] [Times: user=0.84 sys=0.00, real=0.15 secs] 
5727.930: [GC (Allocation Failure) [PSYoungGen: 330272K->201280K(458240K)] 999109K->960242K(1856512K), 0.0518627 secs] [Times: user=0.31 sys=0.00, real=0.06 secs] 
5729.350: [GC (Allocation Failure) [PSYoungGen: 434240K->89664K(465920K)] 1193202K->1016778K(1864192K), 0.0787865 secs] [Times: user=0.46 sys=0.00, real=0.08 secs] 
5729.913: [GC (Allocation Failure) [PSYoungGen: 322624K->164320K(465920K)] 1249738K->1177395K(1864192K), 0.0561474 secs] [Times: user=0.33 sys=0.01, real=0.05 secs] 
5734.778: [GC (Allocation Failure) [PSYoungGen: 397280K->78400K(465920K)] 1410355K->1255215K(1864192K), 0.1540290 secs] [Times: user=0.92 sys=0.00, real=0.16 secs] 
5734.932: [Full GC (Ergonomics) [PSYoungGen: 78400K->0K(465920K)] [ParOldGen: 1176815K->59414K(1398272K)] 1255215K->59414K(1864192K), [Metaspace: 59708K->59708K(1105920K)], 0.1613282 secs] [Times: user=0.74 sys=0.00, real=0.16 secs] 
5735.671: [GC (Allocation Failure) [PSYoungGen: 232960K->186816K(465920K)] 292374K->246230K(1864192K), 0.0350454 secs] [Times: user=0.21 sys=0.00, real=0.03 secs] 
5738.003: [GC (Allocation Failure) [PSYoungGen: 419776K->78656K(465920K)] 479190K->308558K(1864192K), 0.1438885 secs] [Times: user=0.85 sys=0.01, real=0.14 secs] 
5739.274: [GC (Allocation Failure) [PSYoungGen: 311616K->175200K(465920K)] 541518K->477547K(1864192K), 0.1580692 secs] [Times: user=0.95 sys=0.00, real=0.16 secs] 
5742.906: [GC (Allocation Failure) [PSYoungGen: 408160K->75456K(465920K)] 710507K->552959K(1864192K), 0.1642836 secs] [Times: user=0.98 sys=0.00, real=0.16 secs] 
5743.576: [GC (Allocation Failure) [PSYoungGen: 308416K->172128K(465920K)] 785919K->718956K(1864192K), 0.0768037 secs] [Times: user=0.45 sys=0.00, real=0.08 secs] 
5745.567: [GC (Allocation Failure) [PSYoungGen: 405088K->85184K(465920K)] 951916K->803612K(1864192K), 0.1445552 secs] [Times: user=0.86 sys=0.00, real=0.15 secs] 
5746.265: [GC (Allocation Failure) [PSYoungGen: 318144K->173728K(465920K)] 1036572K->971101K(1864192K), 0.0989145 secs] [Times: user=0.59 sys=0.00, real=0.10 secs] 
5749.023: [GC (Allocation Failure) [PSYoungGen: 406688K->84192K(465920K)] 1204061K->1055061K(1864192K), 0.1226197 secs] [Times: user=0.73 sys=0.00, real=0.12 secs] 
5750.487: [GC (Allocation Failure) [PSYoungGen: 315541K->198912K(465920K)] 1286410K->1247802K(1864192K), 0.0677639 secs] [Times: user=0.40 sys=0.00, real=0.07 secs] 
5753.565: [GC (Allocation Failure) [PSYoungGen: 431872K->81312K(465920K)] 1480762K->1292506K(1864192K), 0.1221500 secs] [Times: user=0.72 sys=0.00, real=0.12 secs] 
5753.687: [Full GC (Ergonomics) [PSYoungGen: 81312K->0K(465920K)] [ParOldGen: 1211194K->95420K(1398272K)] 1292506K->95420K(1864192K), [Metaspace: 59708K->59708K(1105920K)], 0.2415943 secs] [Times: user=1.13 sys=0.00, real=0.24 secs] 
5754.911: [GC (Allocation Failure) [PSYoungGen: 227999K->200160K(465920K)] 323419K->295580K(1864192K), 0.0489124 secs] [Times: user=0.29 sys=0.00, real=0.05 secs] 
5757.531: [GC (Allocation Failure) [PSYoungGen: 433120K->86976K(465920K)] 528540K->345584K(1864192K), 0.1037739 secs] [Times: user=0.62 sys=0.00, real=0.10 secs] 
5758.750: [GC (Allocation Failure) [PSYoungGen: 319936K->157472K(465920K)] 578544K->495933K(1864192K), 0.0593470 secs] [Times: user=0.35 sys=0.00, real=0.06 secs] 
5760.785: [GC (Allocation Failure) [PSYoungGen: 390432K->94080K(465920K)] 728893K->590109K(1864192K), 0.0939675 secs] [Times: user=0.56 sys=0.00, real=0.09 secs] 
5761.994: [GC (Allocation Failure) [PSYoungGen: 327040K->150976K(465920K)] 823069K->733746K(1864192K), 0.0603429 secs] [Times: user=0.36 sys=0.00, real=0.06 secs] 
5764.744: [GC (Allocation Failure) [PSYoungGen: 383936K->98368K(465920K)] 966706K->832238K(1864192K), 0.0981499 secs] [Times: user=0.58 sys=0.00, real=0.10 secs] 
5765.974: [GC (Allocation Failure) [PSYoungGen: 331328K->150144K(465920K)] 1065198K->971546K(1864192K), 0.0604548 secs] [Times: user=0.36 sys=0.00, real=0.06 secs] 
5767.399: [GC (Allocation Failure) [PSYoungGen: 383104K->111360K(465920K)] 1204506K->1082851K(1864192K), 0.0903754 secs] [Times: user=0.54 sys=0.00, real=0.09 secs] 
5768.616: [GC (Allocation Failure) [PSYoungGen: 344320K->136704K(455680K)] 1315811K->1208943K(1853952K), 0.0615891 secs] [Times: user=0.37 sys=0.00, real=0.06 secs] 
5771.357: [GC (Allocation Failure) [PSYoungGen: 369664K->121408K(460800K)] 1441903K->1330071K(1859072K), 0.0814830 secs] [Times: user=0.49 sys=0.00, real=0.08 secs] 
5771.439: [Full GC (Ergonomics) [PSYoungGen: 121408K->0K(460800K)] [ParOldGen: 1208663K->135479K(1398272K)] 1330071K->135479K(1859072K), [Metaspace: 59708K->59708K(1105920K)], 0.3116543 secs] [Times: user=1.43 sys=0.00, real=0.31 secs] 
5772.857: [GC (Allocation Failure) [PSYoungGen: 232960K->126176K(456704K)] 368439K->261655K(1854976K), 0.0463734 secs] [Times: user=0.27 sys=0.00, real=0.05 secs] 
5775.120: [GC (Allocation Failure) [PSYoungGen: 377568K->143328K(462336K)] 513047K->405231K(1860608K), 0.0614470 secs] [Times: user=0.37 sys=0.00, real=0.07 secs] 
5776.318: [GC (Allocation Failure) [PSYoungGen: 394720K->12064K(466432K)] 656623K->274035K(1864704K), 0.0037451 secs] [Times: user=0.02 sys=0.00, real=0.01 secs] 
5777.986: [GC (Allocation Failure) [PSYoungGen: 256990K->172480K(431104K)] 518962K->444440K(1829376K), 0.0359756 secs] [Times: user=0.22 sys=0.00, real=0.04 secs] 
5780.393: [GC (Allocation Failure) [PSYoungGen: 431040K->102560K(475648K)] 703000K->538280K(1873920K), 0.1753140 secs] [Times: user=1.03 sys=0.01, real=0.17 secs] 
5781.605: [GC (Allocation Failure) [PSYoungGen: 347808K->179680K(424960K)] 783528K->713405K(1823232K), 0.0537656 secs] [Times: user=0.32 sys=0.00, real=0.05 secs] 
5784.831: [GC (Allocation Failure) [PSYoungGen: 424928K->81376K(467456K)] 958653K->794653K(1865728K), 0.1659896 secs] [Times: user=0.99 sys=0.00, real=0.16 secs] 
5785.714: [GC (Allocation Failure) [PSYoungGen: 315872K->194560K(465920K)] 1029149K->982618K(1864192K), 0.0572099 secs] [Times: user=0.34 sys=0.00, real=0.06 secs] 
5788.925: [GC (Allocation Failure) [PSYoungGen: 429056K->78464K(465920K)] 1217114K->1044642K(1864192K), 0.1473602 secs] [Times: user=0.87 sys=0.00, real=0.15 secs] 
5789.345: [GC (Allocation Failure) [PSYoungGen: 311424K->175136K(465920K)] 1277602K->1213535K(1864192K), 0.0569378 secs] [Times: user=0.33 sys=0.00, real=0.06 secs] 
5793.158: [GC (Allocation Failure) [PSYoungGen: 408096K->78912K(465920K)] 1446495K->1292135K(1864192K), 0.1298527 secs] [Times: user=0.77 sys=0.00, real=0.13 secs] 
5793.288: [Full GC (Ergonomics) [PSYoungGen: 78912K->0K(465920K)] [ParOldGen: 1213223K->90698K(1398272K)] 1292135K->90698K(1864192K), [Metaspace: 59708K->59708K(1105920K)], 0.2311808 secs] [Times: user=1.07 sys=0.00, real=0.23 secs] 
5794.068: [GC (Allocation Failure) [PSYoungGen: 230345K->202336K(465920K)] 321043K->293034K(1864192K), 0.0358345 secs] [Times: user=0.21 sys=0.00, real=0.04 secs] 
5797.464: [GC (Allocation Failure) [PSYoungGen: 435296K->79840K(465920K)] 525994K->338174K(1864192K), 0.1243098 secs] [Times: user=0.74 sys=0.00, real=0.12 secs] 
5798.608: [GC (Allocation Failure) [PSYoungGen: 310053K->201440K(465920K)] 568387K->533247K(1864192K), 0.0648986 secs] [Times: user=0.39 sys=0.00, real=0.07 secs] 
5801.460: [GC (Allocation Failure) [PSYoungGen: 434400K->84512K(465920K)] 766207K->580639K(1864192K), 0.1032505 secs] [Times: user=0.61 sys=0.00, real=0.11 secs] 
5802.672: [GC (Allocation Failure) [PSYoungGen: 317472K->159936K(465920K)] 813599K->733846K(1864192K), 0.0596950 secs] [Times: user=0.36 sys=0.00, real=0.06 secs] 
5803.733: [GC (Allocation Failure) [PSYoungGen: 392896K->122528K(465920K)] 966806K->856390K(1864192K), 0.0823158 secs] [Times: user=0.47 sys=0.00, real=0.08 secs] 
5805.410: [GC (Allocation Failure) [PSYoungGen: 355488K->150400K(465920K)] 1089350K->971533K(1864192K), 0.0608188 secs] [Times: user=0.36 sys=0.01, real=0.07 secs] 
5807.279: [GC (Allocation Failure) [PSYoungGen: 383360K->106976K(465920K)] 1204493K->1078421K(1864192K), 0.0848148 secs] [Times: user=0.50 sys=0.00, real=0.09 secs] 
5808.512: [GC (Allocation Failure) [PSYoungGen: 339936K->141568K(465920K)] 1311381K->1209612K(1864192K), 0.0615533 secs] [Times: user=0.37 sys=0.00, real=0.06 secs] 
5810.796: [GC (Allocation Failure) [PSYoungGen: 374528K->115104K(454656K)] 1442572K->1324300K(1852928K), 0.0839646 secs] [Times: user=0.50 sys=0.00, real=0.08 secs] 
5810.880: [Full GC (Ergonomics) [PSYoungGen: 115104K->0K(454656K)] [ParOldGen: 1209196K->129665K(1398272K)] 1324300K->129665K(1852928K), [Metaspace: 59708K->59708K(1105920K)], 0.2936380 secs] [Times: user=1.34 sys=0.00, real=0.30 secs] 
5812.286: [GC (Allocation Failure) [PSYoungGen: 232960K->132928K(460288K)] 362625K->262593K(1858560K), 0.0472155 secs] [Times: user=0.28 sys=0.00, real=0.05 secs] 
5814.957: [GC (Allocation Failure) [PSYoungGen: 365888K->122624K(460288K)] 495553K->385145K(1858560K), 0.0821600 secs] [Times: user=0.49 sys=0.00, real=0.08 secs] 
5816.200: [GC (Allocation Failure) [PSYoungGen: 375552K->2720K(464384K)] 638073K->265273K(1862656K), 0.0019823 secs] [Times: user=0.01 sys=0.00, real=0.01 secs] 
5817.786: [GC (Allocation Failure) [PSYoungGen: 255648K->165984K(459776K)] 518201K->429737K(1858048K), 0.0321662 secs] [Times: user=0.19 sys=0.01, real=0.03 secs] 
5819.159: [GC (Allocation Failure) [PSYoungGen: 400992K->97408K(466944K)] 664745K->518338K(1865216K), 0.0688764 secs] [Times: user=0.41 sys=0.01, real=0.07 secs] 
5820.915: [GC (Allocation Failure) [PSYoungGen: 331501K->167776K(459264K)] 752431K->683542K(1857536K), 0.0519712 secs] [Times: user=0.31 sys=0.00, real=0.05 secs] 
5822.054: [GC (Allocation Failure) [PSYoungGen: 401760K->93344K(466432K)] 917526K->768246K(1864704K), 0.0674082 secs] [Times: user=0.40 sys=0.00, real=0.07 secs] 
5824.223: [GC (Allocation Failure) [PSYoungGen: 313886K->159584K(464384K)] 988789K->922035K(1862656K), 0.0485541 secs] [Times: user=0.27 sys=0.00, real=0.05 secs] 
5825.490: [GC (Allocation Failure) [PSYoungGen: 396640K->92512K(329728K)] 1159091K->1005659K(1728000K), 0.0771104 secs] [Times: user=0.46 sys=0.00, real=0.08 secs] 
5828.048: [GC (Allocation Failure) [PSYoungGen: 321255K->159072K(462848K)] 1234403K->1160812K(1861120K), 0.0487115 secs] [Times: user=0.29 sys=0.00, real=0.05 secs] 
5829.671: [GC (Allocation Failure) [PSYoungGen: 396128K->96160K(466432K)] 1397868K->1247788K(1864704K), 0.1319294 secs] [Times: user=0.79 sys=0.00, real=0.13 secs] 
5831.872: [GC (Allocation Failure) [PSYoungGen: 317609K->155008K(465408K)] 1469237K->1399249K(1863680K), 0.0494476 secs] [Times: user=0.29 sys=0.00, real=0.05 secs] 
5831.922: [Full GC (Ergonomics) [PSYoungGen: 155008K->0K(465408K)] [ParOldGen: 1244241K->196789K(1398272K)] 1399249K->196789K(1863680K), [Metaspace: 59708K->59708K(1105920K)], 0.4814328 secs] [Times: user=2.25 sys=0.00, real=0.48 secs] 
5834.161: [GC (Allocation Failure) [PSYoungGen: 241664K->97024K(467456K)] 438453K->293813K(1865728K), 0.0905491 secs] [Times: user=0.53 sys=0.00, real=0.10 secs] 
5835.876: [GC (Allocation Failure) [PSYoungGen: 338688K->171872K(461824K)] 535477K->461562K(1860096K), 0.0506624 secs] [Times: user=0.30 sys=0.00, real=0.05 secs] 
5838.588: [GC (Allocation Failure) [PSYoungGen: 410628K->87232K(470016K)] 700318K->547902K(1868288K), 0.1626084 secs] [Times: user=0.96 sys=0.00, real=0.17 secs] 
5839.287: [GC (Allocation Failure) [PSYoungGen: 328384K->175488K(458752K)] 789054K->719391K(1857024K), 0.0566722 secs] [Times: user=0.34 sys=0.00, real=0.06 secs] 
5841.672: [GC (Allocation Failure) [PSYoungGen: 408448K->77888K(465920K)] 952351K->797103K(1864192K), 0.1731078 secs] [Times: user=1.03 sys=0.00, real=0.17 secs] 
5842.603: [GC (Allocation Failure) [PSYoungGen: 310848K->177312K(465920K)] 1030063K->968002K(1864192K), 0.1035532 secs] [Times: user=0.62 sys=0.00, real=0.10 secs] 
5844.985: [GC (Allocation Failure) [PSYoungGen: 410272K->83680K(465920K)] 1200962K->1051906K(1864192K), 0.1087071 secs] [Times: user=0.64 sys=0.01, real=0.11 secs] 
5845.387: [GC (Allocation Failure) [PSYoungGen: 316640K->169760K(465920K)] 1284866K->1215641K(1864192K), 0.0582617 secs] [Times: user=0.34 sys=0.01, real=0.06 secs] 
5848.645: [GC (Allocation Failure) [PSYoungGen: 402720K->82560K(465920K)] 1448601K->1297461K(1864192K), 0.1189908 secs] [Times: user=0.70 sys=0.00, real=0.12 secs] 
5848.764: [Full GC (Ergonomics) [PSYoungGen: 82560K->0K(465920K)] [ParOldGen: 1214901K->96360K(1398272K)] 1297461K->96360K(1864192K), [Metaspace: 59708K->59708K(1105920K)], 0.2312696 secs] [Times: user=1.06 sys=0.00, real=0.23 secs] 
5849.967: [GC (Allocation Failure) [PSYoungGen: 231200K->198976K(465920K)] 327560K->295336K(1864192K), 0.0486255 secs] [Times: user=0.28 sys=0.00, real=0.05 secs] 
5852.337: [GC (Allocation Failure) [PSYoungGen: 431936K->87552K(465920K)] 528296K->345564K(1864192K), 0.1102630 secs] [Times: user=0.65 sys=0.01, real=0.11 secs] 
5853.558: [GC (Allocation Failure) [PSYoungGen: 320512K->157376K(465920K)] 578524K->495937K(1864192K), 0.0594982 secs] [Times: user=0.35 sys=0.00, real=0.06 secs] 
5855.062: [GC (Allocation Failure) [PSYoungGen: 390336K->99264K(465920K)] 728897K->595129K(1864192K), 0.1030527 secs] [Times: user=0.56 sys=0.00, real=0.10 secs] 
5856.287: [GC (Allocation Failure) [PSYoungGen: 332224K->149088K(465920K)] 828089K->733614K(1864192K), 0.0602797 secs] [Times: user=0.36 sys=0.00, real=0.06 secs] 
5859.383: [GC (Allocation Failure) [PSYoungGen: 382048K->102912K(465920K)] 966574K->836302K(1864192K), 0.0985408 secs] [Times: user=0.58 sys=0.01, real=0.10 secs] 
5860.627: [GC (Allocation Failure) [PSYoungGen: 335872K->145856K(459776K)] 1069262K->970985K(1858048K), 0.0608189 secs] [Times: user=0.36 sys=0.01, real=0.06 secs] 
5863.192: [GC (Allocation Failure) [PSYoungGen: 378816K->111712K(462848K)] 1203945K->1082905K(1861120K), 0.0844588 secs] [Times: user=0.50 sys=0.00, real=0.08 secs] 
5864.436: [GC (Allocation Failure) [PSYoungGen: 344672K->136832K(460800K)] 1315865K->1208694K(1859072K), 0.0610985 secs] [Times: user=0.36 sys=0.00, real=0.06 secs] 
5867.267: [GC (Allocation Failure) [PSYoungGen: 383104K->127584K(462848K)] 1454966K->1336330K(1861120K), 0.0709809 secs] [Times: user=0.42 sys=0.00, real=0.07 secs] 
5867.338: [Full GC (Ergonomics) [PSYoungGen: 127584K->0K(462848K)] [ParOldGen: 1208746K->141658K(1398272K)] 1336330K->141658K(1861120K), [Metaspace: 59708K->59708K(1105920K)], 0.3239602 secs] [Times: user=1.48 sys=0.00, real=0.33 secs] 
5868.768: [GC (Allocation Failure) [PSYoungGen: 246272K->123104K(474624K)] 387930K->264762K(1872896K), 0.0431948 secs] [Times: user=0.26 sys=0.00, real=0.05 secs] 
5870.683: [GC (Allocation Failure) [PSYoungGen: 397536K->181600K(475136K)] 539194K->445191K(1873408K), 0.0635191 secs] [Times: user=0.38 sys=0.00, real=0.06 secs] 
5872.944: [GC (Allocation Failure) [PSYoungGen: 456032K->116928K(490496K)] 719623K->552607K(1888768K), 0.1528099 secs] [Times: user=0.89 sys=0.01, real=0.15 secs] 
5875.015: [GC (Allocation Failure) [PSYoungGen: 393920K->192736K(470016K)] 829599K->738188K(1868288K), 0.0663155 secs] [Times: user=0.40 sys=0.00, real=0.07 secs] 
5876.869: [GC (Allocation Failure) [PSYoungGen: 469728K->135936K(483840K)] 1015180K->873756K(1882112K), 0.0829128 secs] [Times: user=0.50 sys=0.00, real=0.09 secs] 
5878.126: [GC (Allocation Failure) [PSYoungGen: 396544K->5440K(266240K)] 1134364K->743300K(1664512K), 0.0028414 secs] [Times: user=0.01 sys=0.00, real=0.00 secs] 
5880.380: [GC (Allocation Failure) [PSYoungGen: 266048K->175552K(462848K)] 1003908K->917089K(1861120K), 0.0351117 secs] [Times: user=0.21 sys=0.00, real=0.04 secs] 
5881.542: [GC (Allocation Failure) [PSYoungGen: 408512K->96000K(465920K)] 1150049K->1003705K(1864192K), 0.0736552 secs] [Times: user=0.44 sys=0.00, real=0.07 secs] 
5883.541: [GC (Allocation Failure) [PSYoungGen: 314662K->158144K(465920K)] 1222368K->1158622K(1864192K), 0.0499109 secs] [Times: user=0.30 sys=0.00, real=0.05 secs] 
5885.426: [GC (Allocation Failure) [PSYoungGen: 391104K->89248K(322560K)] 1391582K->1239542K(1720832K), 0.1252402 secs] [Times: user=0.74 sys=0.01, real=0.13 secs] 
5885.551: [Full GC (Ergonomics) [PSYoungGen: 89248K->0K(322560K)] [ParOldGen: 1150294K->38957K(1398272K)] 1239542K->38957K(1720832K), [Metaspace: 59708K->59708K(1105920K)], 0.1061371 secs] [Times: user=0.43 sys=0.00, real=0.10 secs] 
5888.004: [GC (Allocation Failure) [PSYoungGen: 228834K->160992K(460800K)] 267791K->199949K(1859072K), 0.0309709 secs] [Times: user=0.18 sys=0.00, real=0.03 secs] 
5889.088: [GC (Allocation Failure) [PSYoungGen: 391392K->89984K(463360K)] 430349K->281237K(1861632K), 0.0663588 secs] [Times: user=0.39 sys=0.01, real=0.07 secs] 
5891.784: [GC (Allocation Failure) [PSYoungGen: 318819K->160160K(462336K)] 510072K->438706K(1860608K), 0.0472405 secs] [Times: user=0.28 sys=0.00, real=0.05 secs] 
5892.880: [GC (Allocation Failure) [PSYoungGen: 393120K->92896K(464896K)] 671666K->522746K(1863168K), 0.0654992 secs] [Times: user=0.39 sys=0.00, real=0.07 secs] 
5895.359: [GC (Allocation Failure) [PSYoungGen: 316258K->157472K(463872K)] 746109K->676927K(1862144K), 0.0482311 secs] [Times: user=0.28 sys=0.00, real=0.05 secs] 
5898.341: [GC (Allocation Failure) [PSYoungGen: 393504K->87072K(465408K)] 912959K->755391K(1863680K), 0.0639662 secs] [Times: user=0.38 sys=0.00, real=0.06 secs] 
5899.421: [GC (Allocation Failure) [PSYoungGen: 311686K->162528K(463872K)] 980005K->915624K(1862144K), 0.0470821 secs] [Times: user=0.28 sys=0.00, real=0.05 secs] 
5900.779: [GC (Allocation Failure) [PSYoungGen: 400096K->93696K(467968K)] 1153192K->1000516K(1866240K), 0.0672070 secs] [Times: user=0.40 sys=0.00, real=0.07 secs] 
5902.579: [GC (Allocation Failure) [PSYoungGen: 331264K->168384K(460800K)] 1238084K->1165236K(1859072K), 0.0501829 secs] [Times: user=0.29 sys=0.00, real=0.05 secs] 
5904.848: [GC (Allocation Failure) [PSYoungGen: 403392K->85440K(466944K)] 1400244K->1250212K(1865216K), 0.1761517 secs] [Times: user=1.04 sys=0.01, real=0.18 secs] 
5905.025: [Full GC (Ergonomics) [PSYoungGen: 85440K->0K(466944K)] [ParOldGen: 1164772K->54457K(1398272K)] 1250212K->54457K(1865216K), [Metaspace: 59710K->59710K(1105920K)], 0.1516540 secs] [Times: user=0.70 sys=0.00, real=0.15 secs] 
5906.088: [GC (Allocation Failure) [PSYoungGen: 235008K->166400K(462336K)] 289465K->220857K(1860608K), 0.0349177 secs] [Times: user=0.21 sys=0.00, real=0.04 secs] 
5908.815: [GC (Allocation Failure) [PSYoungGen: 399360K->83264K(465920K)] 453817K->303525K(1864192K), 0.1695100 secs] [Times: user=1.01 sys=0.00, real=0.17 secs] 
5909.563: [GC (Allocation Failure) [PSYoungGen: 316224K->168032K(464384K)] 536485K->467292K(1862656K), 0.0552997 secs] [Times: user=0.32 sys=0.02, real=0.05 secs] 
5912.209: [GC (Allocation Failure) [PSYoungGen: 400992K->82080K(465920K)] 700252K->548864K(1864192K), 0.0964584 secs] [Times: user=0.57 sys=0.00, real=0.10 secs] 
5912.637: [GC (Allocation Failure) [PSYoungGen: 315040K->175840K(465920K)] 781824K->718301K(1864192K), 0.0580683 secs] [Times: user=0.35 sys=0.00, real=0.06 secs] 
5915.256: [GC (Allocation Failure) [PSYoungGen: 408800K->80160K(465920K)] 951261K->798605K(1864192K), 0.1624417 secs] [Times: user=0.97 sys=0.00, real=0.16 secs] 
5915.769: [GC (Allocation Failure) [PSYoungGen: 313120K->173152K(465920K)] 1031565K->965774K(1864192K), 0.0605805 secs] [Times: user=0.36 sys=0.01, real=0.06 secs] 
5919.703: [GC (Allocation Failure) [PSYoungGen: 406112K->75712K(465920K)] 1198734K->1041222K(1864192K), 0.1458725 secs] [Times: user=0.87 sys=0.00, real=0.14 secs] 
5920.440: [GC (Allocation Failure) [PSYoungGen: 308672K->174112K(465920K)] 1274182K->1209227K(1864192K), 0.0977340 secs] [Times: user=0.58 sys=0.00, real=0.10 secs] 
5923.554: [GC (Allocation Failure) [PSYoungGen: 407072K->78464K(465920K)] 1442187K->1287747K(1864192K), 0.1103083 secs] [Times: user=0.65 sys=0.00, real=0.11 secs] 
5923.664: [Full GC (Ergonomics) [PSYoungGen: 78464K->0K(465920K)] [ParOldGen: 1209283K->90788K(1398272K)] 1287747K->90788K(1864192K), [Metaspace: 59710K->59710K(1105920K)], 0.2084951 secs] [Times: user=0.94 sys=0.00, real=0.21 secs] 
5925.299: [GC (Allocation Failure) [PSYoungGen: 232960K->189088K(465920K)] 323748K->279876K(1864192K), 0.0409506 secs] [Times: user=0.24 sys=0.00, real=0.04 secs] 
5927.684: [GC (Allocation Failure) [PSYoungGen: 422048K->83936K(465920K)] 512836K->343508K(1864192K), 0.1108488 secs] [Times: user=0.66 sys=0.00, real=0.11 secs] 
5928.925: [GC (Allocation Failure) [PSYoungGen: 316896K->160256K(465920K)] 576468K->496845K(1864192K), 0.0592090 secs] [Times: user=0.36 sys=0.00, real=0.06 secs] 
5930.855: [GC (Allocation Failure) [PSYoungGen: 392630K->93376K(465920K)] 729219K->590313K(1864192K), 0.0959631 secs] [Times: user=0.57 sys=0.00, real=0.09 secs] 
5932.102: [GC (Allocation Failure) [PSYoungGen: 326336K->151104K(465920K)] 823273K->734661K(1864192K), 0.0598533 secs] [Times: user=0.35 sys=0.00, real=0.06 secs] 
5934.337: [GC (Allocation Failure) [PSYoungGen: 384064K->98240K(465920K)] 967621K->832805K(1864192K), 0.0947479 secs] [Times: user=0.56 sys=0.00, real=0.10 secs] 
5935.562: [GC (Allocation Failure) [PSYoungGen: 331200K->149952K(465920K)] 1065765K->972142K(1864192K), 0.0603622 secs] [Times: user=0.36 sys=0.00, real=0.06 secs] 
5938.137: [GC (Allocation Failure) [PSYoungGen: 382912K->121152K(354304K)] 1205102K->1093326K(1752576K), 0.0898797 secs] [Times: user=0.53 sys=0.00, real=0.09 secs] 
5939.413: [GC (Allocation Failure) [PSYoungGen: 354112K->143232K(463360K)] 1326286K->1209659K(1861632K), 0.0611630 secs] [Times: user=0.37 sys=0.00, real=0.06 secs] 
5941.111: [GC (Allocation Failure) [PSYoungGen: 380288K->121088K(459264K)] 1446715K->1330935K(1857536K), 0.0705882 secs] [Times: user=0.42 sys=0.00, real=0.07 secs] 
5941.182: [Full GC (Ergonomics) [PSYoungGen: 121088K->0K(459264K)] [ParOldGen: 1209847K->135657K(1398272K)] 1330935K->135657K(1857536K), [Metaspace: 59710K->59710K(1105920K)], 0.3101774 secs] [Times: user=1.42 sys=0.00, real=0.31 secs] 
5942.606: [GC (Allocation Failure) [PSYoungGen: 237056K->126624K(468480K)] 372713K->262281K(1866752K), 0.0454219 secs] [Times: user=0.27 sys=0.01, real=0.05 secs] 
5943.995: [GC (Allocation Failure) [PSYoungGen: 385184K->159008K(464384K)] 520841K->421582K(1862656K), 0.0640461 secs] [Times: user=0.38 sys=0.00, real=0.06 secs] 
5945.201: [GC (Allocation Failure) [PSYoungGen: 417568K->25600K(468992K)] 680142K->288238K(1867264K), 0.0062113 secs] [Times: user=0.03 sys=0.00, real=0.01 secs] 
5948.204: [GC (Allocation Failure) [PSYoungGen: 285184K->180448K(440320K)] 547822K->465538K(1838592K), 0.0429296 secs] [Times: user=0.26 sys=0.01, real=0.04 secs] 
5951.538: [GC (Allocation Failure) [PSYoungGen: 440032K->91776K(471552K)] 725122K->557166K(1869824K), 0.1646488 secs] [Times: user=0.98 sys=0.00, real=0.17 secs] 
5952.387: [GC (Allocation Failure) [PSYoungGen: 331392K->182240K(421888K)] 796782K->733279K(1820160K), 0.0584683 secs] [Times: user=0.34 sys=0.01, real=0.06 secs] 
5955.748: [GC (Allocation Failure) [PSYoungGen: 421856K->83456K(465920K)] 972895K->816911K(1864192K), 0.1283321 secs] [Times: user=0.75 sys=0.00, real=0.13 secs] 
5957.475: [GC (Allocation Failure) [PSYoungGen: 313091K->201248K(465920K)] 1046546K->1011696K(1864192K), 0.0606211 secs] [Times: user=0.36 sys=0.00, real=0.06 secs] 
5960.246: [GC (Allocation Failure) [PSYoungGen: 434208K->77056K(465920K)] 1244656K->1054144K(1864192K), 0.1316955 secs] [Times: user=0.78 sys=0.00, real=0.13 secs] 
5961.604: [GC (Allocation Failure) [PSYoungGen: 306927K->202016K(465920K)] 1284016K->1250029K(1864192K), 0.0592282 secs] [Times: user=0.35 sys=0.00, real=0.06 secs] 
5963.807: [GC (Allocation Failure) [PSYoungGen: 434976K->84320K(465920K)] 1482989K->1299789K(1864192K), 0.1191557 secs] [Times: user=0.71 sys=0.00, real=0.12 secs] 
5963.926: [Full GC (Ergonomics) [PSYoungGen: 84320K->0K(465920K)] [ParOldGen: 1215469K->98907K(1398272K)] 1299789K->98907K(1864192K), [Metaspace: 59710K->59710K(1105920K)], 0.2365995 secs] [Times: user=1.08 sys=0.00, real=0.24 secs] 
5965.958: [GC (Allocation Failure) [PSYoungGen: 230954K->197376K(465920K)] 329861K->296283K(1864192K), 0.0484032 secs] [Times: user=0.28 sys=0.00, real=0.05 secs] 
5967.678: [GC (Allocation Failure) [PSYoungGen: 430336K->90656K(465920K)] 529243K->350011K(1864192K), 0.1098419 secs] [Times: user=0.65 sys=0.00, real=0.11 secs] 
5969.654: [GC (Allocation Failure) [PSYoungGen: 323616K->153280K(465920K)] 582971K->496900K(1864192K), 0.0597793 secs] [Times: user=0.35 sys=0.00, real=0.06 secs] 
5972.136: [GC (Allocation Failure) [PSYoungGen: 382707K->93056K(465920K)] 726327K->590020K(1864192K), 0.1007829 secs] [Times: user=0.60 sys=0.00, real=0.10 secs] 
5973.391: [GC (Allocation Failure) [PSYoungGen: 326016K->150688K(465920K)] 822980K->734220K(1864192K), 0.0602644 secs] [Times: user=0.36 sys=0.00, real=0.06 secs] 
5974.757: [GC (Allocation Failure) [PSYoungGen: 383648K->99712K(465920K)] 967180K->834164K(1864192K), 0.0948881 secs] [Times: user=0.57 sys=0.00, real=0.10 secs] 
5976.851: [GC (Allocation Failure) [PSYoungGen: 332672K->148256K(465920K)] 1067124K->971652K(1864192K), 0.0604061 secs] [Times: user=0.36 sys=0.00, real=0.06 secs] 
5978.005: [GC (Allocation Failure) [PSYoungGen: 381216K->120864K(461824K)] 1204612K->1092652K(1860096K), 0.0606537 secs] [Times: user=0.36 sys=0.00, real=0.06 secs] 
5980.017: [GC (Allocation Failure) [PSYoungGen: 353824K->135392K(368640K)] 1325612K->1209584K(1766912K), 0.0611357 secs] [Times: user=0.36 sys=0.00, real=0.06 secs] 
5980.957: [GC (Allocation Failure) [PSYoungGen: 368352K->125728K(471040K)] 1442544K->1335208K(1869312K), 0.0577720 secs] [Times: user=0.34 sys=0.00, real=0.06 secs] 
5981.015: [Full GC (Ergonomics) [PSYoungGen: 125728K->0K(471040K)] [ParOldGen: 1209480K->139389K(1398272K)] 1335208K->139389K(1869312K), [Metaspace: 59710K->59710K(1105920K)], 0.3321702 secs] [Times: user=1.54 sys=0.00, real=0.33 secs] 
5983.202: [GC (Allocation Failure) [PSYoungGen: 247808K->124288K(462336K)] 387197K->263677K(1860608K), 0.0420301 secs] [Times: user=0.25 sys=0.00, real=0.04 secs] 
5985.872: [GC (Allocation Failure) [PSYoungGen: 372096K->153696K(466432K)] 511485K->416014K(1864704K), 0.0618120 secs] [Times: user=0.37 sys=0.00, real=0.06 secs] 
5987.042: [GC (Allocation Failure) [PSYoungGen: 413280K->28352K(467968K)] 675598K->290758K(1866240K), 0.0062397 secs] [Times: user=0.03 sys=0.00, real=0.00 secs] 
5989.226: [GC (Allocation Failure) [PSYoungGen: 287936K->179168K(457216K)] 550342K->464043K(1855488K), 0.0425632 secs] [Times: user=0.25 sys=0.00, real=0.04 secs] 
5991.035: [GC (Allocation Failure) [PSYoungGen: 418272K->92192K(468992K)] 703147K->554827K(1867264K), 0.1762887 secs] [Times: user=1.05 sys=0.00, real=0.18 secs] 
5992.032: [GC (Allocation Failure) [PSYoungGen: 331296K->192480K(458752K)] 793931K->741344K(1857024K), 0.0577181 secs] [Times: user=0.34 sys=0.00, real=0.05 secs] 
5994.514: [GC (Allocation Failure) [PSYoungGen: 425440K->83904K(465920K)] 974304K->808340K(1864192K), 0.1432468 secs] [Times: user=0.85 sys=0.00, real=0.14 secs] 
5994.928: [GC (Allocation Failure) [PSYoungGen: 316864K->174784K(465920K)] 1041300K->976989K(1864192K), 0.0588069 secs] [Times: user=0.35 sys=0.00, real=0.06 secs] 
5998.243: [GC (Allocation Failure) [PSYoungGen: 407744K->76928K(465920K)] 1209949K->1053757K(1864192K), 0.1372994 secs] [Times: user=0.82 sys=0.00, real=0.13 secs] 
5998.961: [GC (Allocation Failure) [PSYoungGen: 308215K->202784K(465920K)] 1285044K->1250050K(1864192K), 0.0615365 secs] [Times: user=0.36 sys=0.01, real=0.06 secs] 
6001.371: [GC (Allocation Failure) [PSYoungGen: 435744K->87008K(465920K)] 1483010K->1302266K(1864192K), 0.1091669 secs] [Times: user=0.65 sys=0.01, real=0.10 secs] 
6001.480: [Full GC (Ergonomics) [PSYoungGen: 87008K->0K(465920K)] [ParOldGen: 1215258K->101108K(1398272K)] 1302266K->101108K(1864192K), [Metaspace: 59711K->59711K(1105920K)], 0.2400276 secs] [Times: user=1.08 sys=0.00, real=0.24 secs] 
6002.802: [GC (Allocation Failure) [PSYoungGen: 232960K->157024K(465920K)] 334068K->258132K(1864192K), 0.0451650 secs] [Times: user=0.27 sys=0.00, real=0.04 secs] 
6005.396: [GC (Allocation Failure) [PSYoungGen: 388042K->92928K(465920K)] 489150K->351244K(1864192K), 0.0953414 secs] [Times: user=0.57 sys=0.00, real=0.10 secs] 
6006.578: [GC (Allocation Failure) [PSYoungGen: 325888K->151104K(465920K)] 584204K->496053K(1864192K), 0.0598504 secs] [Times: user=0.36 sys=0.00, real=0.06 secs] 
6009.501: [GC (Allocation Failure) [PSYoungGen: 384064K->100160K(465920K)] 729013K->596133K(1864192K), 0.1000715 secs] [Times: user=0.58 sys=0.00, real=0.10 secs] 
6011.261: [GC (Allocation Failure) [PSYoungGen: 333120K->148512K(465920K)] 829093K->733524K(1864192K), 0.0603725 secs] [Times: user=0.36 sys=0.00, real=0.07 secs] 
6013.514: [GC (Allocation Failure) [PSYoungGen: 381472K->121760K(354816K)] 966484K->855416K(1753088K), 0.0937842 secs] [Times: user=0.56 sys=0.00, real=0.09 secs] 
6014.886: [GC (Allocation Failure) [PSYoungGen: 354720K->142496K(462848K)] 1088376K->970667K(1861120K), 0.0605063 secs] [Times: user=0.36 sys=0.00, real=0.06 secs] 
6016.909: [GC (Allocation Failure) [PSYoungGen: 380064K->119936K(458240K)] 1208235K->1090835K(1856512K), 0.0784331 secs] [Times: user=0.46 sys=0.00, real=0.08 secs] 
6018.135: [GC (Allocation Failure) [PSYoungGen: 357504K->128480K(469504K)] 1328403K->1208480K(1867776K), 0.0616826 secs] [Times: user=0.37 sys=0.00, real=0.06 secs] 
6019.432: [GC (Allocation Failure) [PSYoungGen: 390112K->166208K(466432K)] 1470112K->1374844K(1864704K), 0.0607770 secs] [Times: user=0.36 sys=0.00, real=0.06 secs] 
6019.493: [Full GC (Ergonomics) [PSYoungGen: 166208K->0K(466432K)] [ParOldGen: 1208636K->180292K(1398272K)] 1374844K->180292K(1864704K), [Metaspace: 59711K->59711K(1105920K)], 0.4330114 secs] [Times: user=1.93 sys=0.00, real=0.43 secs] 
6021.000: [GC (Allocation Failure) [PSYoungGen: 261632K->110144K(489984K)] 441924K->290436K(1888256K), 0.0336415 secs] [Times: user=0.20 sys=0.00, real=0.04 secs] 
6023.838: [GC (Allocation Failure) [PSYoungGen: 390208K->200736K(481280K)] 570500K->486793K(1879552K), 0.0584858 secs] [Times: user=0.34 sys=0.00, real=0.06 secs] 
6027.818: [GC (Allocation Failure) [PSYoungGen: 476518K->106464K(472064K)] 762575K->593025K(1870336K), 0.1200169 secs] [Times: user=0.71 sys=0.01, real=0.12 secs] 
6029.091: [GC (Allocation Failure) [PSYoungGen: 360928K->150752K(476672K)] 847489K->737080K(1874944K), 0.0638641 secs] [Times: user=0.38 sys=0.01, real=0.06 secs] 
6031.561: [GC (Allocation Failure) [PSYoungGen: 405216K->132960K(458240K)] 991544K->869984K(1856512K), 0.0696014 secs] [Times: user=0.41 sys=0.00, real=0.07 secs] 
6032.774: [GC (Allocation Failure) [PSYoungGen: 389984K->7328K(468480K)] 1127008K->744416K(1866752K), 0.0031305 secs] [Times: user=0.01 sys=0.00, real=0.00 secs] 
6034.623: [GC (Allocation Failure) [PSYoungGen: 264352K->176608K(458752K)] 1001440K->918909K(1857024K), 0.0358425 secs] [Times: user=0.21 sys=0.00, real=0.03 secs] 
6035.704: [GC (Allocation Failure) [PSYoungGen: 409568K->93376K(465920K)] 1151869K->1002997K(1864192K), 0.0712564 secs] [Times: user=0.42 sys=0.00, real=0.07 secs] 
6037.530: [GC (Allocation Failure) [PSYoungGen: 326336K->168448K(463872K)] 1235957K->1167410K(1862144K), 0.0505592 secs] [Times: user=0.30 sys=0.00, real=0.05 secs] 
6039.771: [GC (Allocation Failure) [PSYoungGen: 401408K->83552K(465920K)] 1400370K->1250626K(1864192K), 0.1848813 secs] [Times: user=1.09 sys=0.01, real=0.18 secs] 
6039.956: [Full GC (Ergonomics) [PSYoungGen: 83552K->0K(465920K)] [ParOldGen: 1167074K->51829K(1398272K)] 1250626K->51829K(1864192K), [Metaspace: 59711K->59711K(1105920K)], 0.1437201 secs] [Times: user=0.64 sys=0.00, real=0.14 secs] 
6041.524: [GC (Allocation Failure) [PSYoungGen: 232960K->186048K(465920K)] 284789K->237877K(1864192K), 0.0361186 secs] [Times: user=0.22 sys=0.00, real=0.03 secs] 
6043.718: [GC (Allocation Failure) [PSYoungGen: 419008K->80768K(465920K)] 470837K->302021K(1864192K), 0.1471285 secs] [Times: user=0.87 sys=0.01, real=0.15 secs] 
6045.009: [GC (Allocation Failure) [PSYoungGen: 313728K->167552K(465920K)] 534981K->464539K(1864192K), 0.0531552 secs] [Times: user=0.32 sys=0.00, real=0.06 secs] 
6047.452: [GC (Allocation Failure) [PSYoungGen: 400512K->87008K(465920K)] 697499K->550867K(1864192K), 0.1481138 secs] [Times: user=0.88 sys=0.00, real=0.14 secs] 
6049.161: [GC (Allocation Failure) [PSYoungGen: 319968K->171520K(465920K)] 783827K->711880K(1864192K), 0.0545373 secs] [Times: user=0.32 sys=0.00, real=0.05 secs] 
6051.557: [GC (Allocation Failure) [PSYoungGen: 404480K->84416K(465920K)] 944840K->796412K(1864192K), 0.1713107 secs] [Times: user=1.02 sys=0.00, real=0.17 secs] 
6052.016: [GC (Allocation Failure) [PSYoungGen: 317376K->172416K(465920K)] 1029372K->962607K(1864192K), 0.0565607 secs] [Times: user=0.34 sys=0.00, real=0.06 secs] 
6055.523: [GC (Allocation Failure) [PSYoungGen: 405376K->81920K(465920K)] 1195567K->1043887K(1864192K), 0.1443568 secs] [Times: user=0.86 sys=0.00, real=0.14 secs] 
6055.938: [GC (Allocation Failure) [PSYoungGen: 314880K->171936K(465920K)] 1276847K->1209888K(1864192K), 0.0573483 secs] [Times: user=0.34 sys=0.00, real=0.06 secs] 
6058.516: [GC (Allocation Failure) [PSYoungGen: 404896K->77056K(465920K)] 1442848K->1286320K(1864192K), 0.1278471 secs] [Times: user=0.75 sys=0.01, real=0.13 secs] 
6058.644: [Full GC (Ergonomics) [PSYoungGen: 77056K->0K(465920K)] [ParOldGen: 1209264K->90678K(1398272K)] 1286320K->90678K(1864192K), [Metaspace: 59711K->59711K(1105920K)], 0.2273913 secs] [Times: user=1.06 sys=0.00, real=0.23 secs] 
6059.851: [GC (Allocation Failure) [PSYoungGen: 231762K->205984K(465920K)] 322440K->296662K(1864192K), 0.0498649 secs] [Times: user=0.30 sys=0.00, real=0.05 secs] 
6062.597: [GC (Allocation Failure) [PSYoungGen: 438944K->83872K(465920K)] 529622K->343886K(1864192K), 0.1128734 secs] [Times: user=0.67 sys=0.00, real=0.11 secs] 
6063.889: [GC (Allocation Failure) [PSYoungGen: 316832K->160704K(465920K)] 576846K->497467K(1864192K), 0.0590039 secs] [Times: user=0.35 sys=0.00, real=0.06 secs] 
6065.494: [GC (Allocation Failure) [PSYoungGen: 391660K->93248K(465920K)] 728423K->590963K(1864192K), 0.0927411 secs] [Times: user=0.55 sys=0.00, real=0.09 secs] 
6066.683: [GC (Allocation Failure) [PSYoungGen: 326208K->151072K(465920K)] 823923K->735398K(1864192K), 0.0598837 secs] [Times: user=0.35 sys=0.00, real=0.06 secs] 
6068.177: [GC (Allocation Failure) [PSYoungGen: 384032K->101696K(465920K)] 968358K->836990K(1864192K), 0.0894452 secs] [Times: user=0.53 sys=0.00, real=0.09 secs] 
6069.522: [GC (Allocation Failure) [PSYoungGen: 334656K->146400K(465920K)] 1069950K->972787K(1864192K), 0.0606552 secs] [Times: user=0.36 sys=0.00, real=0.06 secs] 
6071.229: [GC (Allocation Failure) [PSYoungGen: 379360K->137312K(370688K)] 1205747K->1110171K(1768960K), 0.0792638 secs] [Times: user=0.46 sys=0.01, real=0.08 secs] 
6072.455: [GC (Allocation Failure) [PSYoungGen: 370272K->135648K(470528K)] 1343131K->1210568K(1868800K), 0.0617492 secs] [Times: user=0.36 sys=0.00, real=0.06 secs] 
6074.940: [GC (Allocation Failure) [PSYoungGen: 376288K->128320K(369152K)] 1451208K->1338800K(1767424K), 0.0723884 secs] [Times: user=0.43 sys=0.00, real=0.08 secs] 
6075.013: [Full GC (Ergonomics) [PSYoungGen: 128320K->0K(369152K)] [ParOldGen: 1210480K->142849K(1398272K)] 1338800K->142849K(1767424K), [Metaspace: 59711K->59711K(1105920K)], 0.3280950 secs] [Times: user=1.51 sys=0.00, real=0.32 secs] 
6076.726: [GC (Allocation Failure) [PSYoungGen: 240640K->121536K(467456K)] 383489K->264385K(1865728K), 0.0421953 secs] [Times: user=0.25 sys=0.00, real=0.04 secs] 
6078.367: [GC (Allocation Failure) [PSYoungGen: 375488K->158816K(460288K)] 518337K->422480K(1858560K), 0.0614367 secs] [Times: user=0.36 sys=0.00, real=0.06 secs] 
6079.744: [GC (Allocation Failure) [PSYoungGen: 412768K->23648K(467456K)] 676432K->287608K(1865728K), 0.0058416 secs] [Times: user=0.03 sys=0.00, real=0.00 secs] 
6081.421: [GC (Allocation Failure) [PSYoungGen: 281184K->180608K(438272K)] 545144K->465529K(1836544K), 0.0420703 secs] [Times: user=0.25 sys=0.00, real=0.04 secs] 
6084.718: [GC (Allocation Failure) [PSYoungGen: 438144K->95840K(471552K)] 723065K->561045K(1869824K), 0.1772954 secs] [Times: user=1.05 sys=0.00, real=0.18 secs] 
6085.316: [GC (Allocation Failure) [PSYoungGen: 334944K->179520K(418816K)] 800149K->734616K(1817088K), 0.0592589 secs] [Times: user=0.35 sys=0.00, real=0.06 secs] 
6088.455: [GC (Allocation Failure) [PSYoungGen: 418624K->82048K(465920K)] 973720K->816592K(1864192K), 0.1243187 secs] [Times: user=0.74 sys=0.00, real=0.12 secs] 
6089.603: [GC (Allocation Failure) [PSYoungGen: 313230K->202688K(465920K)] 1047775K->1012717K(1864192K), 0.0611530 secs] [Times: user=0.37 sys=0.00, real=0.06 secs] 
6092.458: [GC (Allocation Failure) [PSYoungGen: 435648K->80512K(465920K)] 1245677K->1058617K(1864192K), 0.1298863 secs] [Times: user=0.71 sys=0.00, real=0.13 secs] 
6093.638: [GC (Allocation Failure) [PSYoungGen: 310853K->200672K(465920K)] 1288959K->1252902K(1864192K), 0.0666767 secs] [Times: user=0.40 sys=0.00, real=0.07 secs] 
6095.497: [GC (Allocation Failure) [PSYoungGen: 433632K->88960K(465920K)] 1485862K->1305006K(1864192K), 0.1129790 secs] [Times: user=0.67 sys=0.00, real=0.11 secs] 
6095.610: [Full GC (Ergonomics) [PSYoungGen: 88960K->0K(465920K)] [ParOldGen: 1216046K->103594K(1398272K)] 1305006K->103594K(1864192K), [Metaspace: 59711K->59711K(1105920K)], 0.2445749 secs] [Times: user=1.11 sys=0.00, real=0.25 secs] 
6097.401: [GC (Allocation Failure) [PSYoungGen: 232960K->155968K(465920K)] 336554K->259562K(1864192K), 0.0449575 secs] [Times: user=0.26 sys=0.00, real=0.04 secs] 
6099.309: [GC (Allocation Failure) [PSYoungGen: 385993K->93152K(465920K)] 489588K->352682K(1864192K), 0.1026094 secs] [Times: user=0.61 sys=0.00, real=0.11 secs] 
6100.710: [GC (Allocation Failure) [PSYoungGen: 326112K->150560K(465920K)] 585642K->496615K(1864192K), 0.0597517 secs] [Times: user=0.36 sys=0.00, real=0.06 secs] 
6102.314: [GC (Allocation Failure) [PSYoungGen: 383520K->98688K(465920K)] 729575K->595487K(1864192K), 0.0998875 secs] [Times: user=0.60 sys=0.00, real=0.10 secs] 
6103.557: [GC (Allocation Failure) [PSYoungGen: 331648K->149824K(465920K)] 828447K->734590K(1864192K), 0.0600572 secs] [Times: user=0.36 sys=0.00, real=0.06 secs] 
6105.434: [GC (Allocation Failure) [PSYoungGen: 382784K->111616K(459776K)] 967550K->846102K(1858048K), 0.0842851 secs] [Times: user=0.50 sys=0.00, real=0.08 secs] 
6106.644: [GC (Allocation Failure) [PSYoungGen: 344576K->135904K(462848K)] 1079062K->971779K(1861120K), 0.0612992 secs] [Times: user=0.37 sys=0.00, real=0.06 secs] 
6109.495: [GC (Allocation Failure) [PSYoungGen: 368864K->126720K(456192K)] 1204739K->1098691K(1854464K), 0.0737935 secs] [Times: user=0.44 sys=0.00, real=0.07 secs] 
6110.721: [GC (Allocation Failure) [PSYoungGen: 373504K->2080K(460288K)] 1345475K->974127K(1858560K), 0.0023159 secs] [Times: user=0.01 sys=0.00, real=0.00 secs] 
6113.510: [GC (Allocation Failure) [PSYoungGen: 248864K->149728K(469504K)] 1220911K->1122364K(1867776K), 0.0300435 secs] [Times: user=0.17 sys=0.00, real=0.03 secs] 
6114.703: [GC (Allocation Failure) [PSYoungGen: 392928K->9376K(252928K)] 1365564K->982140K(1651200K), 0.0037477 secs] [Times: user=0.01 sys=0.00, real=0.00 secs] 
6116.574: [GC (Allocation Failure) [PSYoungGen: 252576K->170432K(465920K)] 1225340K->1150104K(1864192K), 0.0350864 secs] [Times: user=0.20 sys=0.00, real=0.03 secs] 
6118.545: [GC (Allocation Failure) [PSYoungGen: 403392K->91616K(465920K)] 1383064K->1233088K(1864192K), 0.0690361 secs] [Times: user=0.40 sys=0.01, real=0.07 secs] 
6118.614: [Full GC (Ergonomics) [PSYoungGen: 91616K->0K(465920K)] [ParOldGen: 1141472K->36819K(1398272K)] 1233088K->36819K(1864192K), [Metaspace: 59711K->59711K(1105920K)], 0.0697444 secs] [Times: user=0.26 sys=0.00, real=0.07 secs] 
6119.899: [GC (Allocation Failure) [PSYoungGen: 232960K->163872K(465920K)] 269779K->200691K(1864192K), 0.0314642 secs] [Times: user=0.18 sys=0.00, real=0.03 secs] 
6121.436: [GC (Allocation Failure) [PSYoungGen: 396832K->92128K(465920K)] 433651K->283927K(1864192K), 0.0654838 secs] [Times: user=0.39 sys=0.01, real=0.07 secs] 
6123.221: [GC (Allocation Failure) [PSYoungGen: 312996K->158848K(465920K)] 504796K->438752K(1864192K), 0.0471671 secs] [Times: user=0.28 sys=0.00, real=0.04 secs] 
6124.684: [GC (Allocation Failure) [PSYoungGen: 391808K->91840K(325120K)] 671712K->521632K(1723392K), 0.0958843 secs] [Times: user=0.57 sys=0.01, real=0.09 secs] 
6126.105: [GC (Allocation Failure) [PSYoungGen: 311667K->159136K(463872K)] 741459K->676693K(1862144K), 0.0478924 secs] [Times: user=0.29 sys=0.00, real=0.05 secs] 
6127.194: [GC (Allocation Failure) [PSYoungGen: 391072K->93440K(325632K)] 908629K->761633K(1723904K), 0.0648348 secs] [Times: user=0.38 sys=0.00, real=0.06 secs] 
6129.547: [GC (Allocation Failure) [PSYoungGen: 319474K->160160K(459776K)] 987667K->915898K(1858048K), 0.0483762 secs] [Times: user=0.29 sys=0.00, real=0.05 secs] 
6130.637: [GC (Allocation Failure) [PSYoungGen: 390560K->91680K(463360K)] 1146298K->998638K(1861632K), 0.0668433 secs] [Times: user=0.39 sys=0.00, real=0.07 secs] 
6133.526: [GC (Allocation Failure) [PSYoungGen: 318097K->159264K(460288K)] 1225055K->1154066K(1858560K), 0.0484856 secs] [Times: user=0.28 sys=0.00, real=0.05 secs] 
6134.647: [GC (Allocation Failure) [PSYoungGen: 391712K->90784K(464384K)] 1386514K->1235831K(1862656K), 0.0658126 secs] [Times: user=0.40 sys=0.00, real=0.07 secs] 
6137.826: [GC (Allocation Failure) [PSYoungGen: 321071K->159680K(461824K)] 1466118K->1391819K(1860096K), 0.0486352 secs] [Times: user=0.29 sys=0.00, real=0.05 secs] 
6137.875: [Full GC (Ergonomics) [PSYoungGen: 159680K->0K(461824K)] [ParOldGen: 1232139K->196659K(1398272K)] 1391819K->196659K(1860096K), [Metaspace: 59711K->59711K(1105920K)], 0.4743252 secs] [Times: user=2.22 sys=0.00, real=0.47 secs] 
6139.361: [GC (Allocation Failure) [PSYoungGen: 235008K->94464K(465920K)] 431667K->291123K(1864192K), 0.0295984 secs] [Times: user=0.17 sys=0.00, real=0.03 secs] 
6141.014: [GC (Allocation Failure) [PSYoungGen: 329472K->165216K(460800K)] 526131K->452768K(1859072K), 0.0490086 secs] [Times: user=0.29 sys=0.00, real=0.05 secs] 
6143.333: [GC (Allocation Failure) [PSYoungGen: 400736K->91712K(466432K)] 688288K->543296K(1864704K), 0.1466083 secs] [Times: user=0.87 sys=0.00, real=0.14 secs] 
6144.021: [GC (Allocation Failure) [PSYoungGen: 327232K->167616K(460288K)] 778816K->705353K(1858560K), 0.0555784 secs] [Times: user=0.33 sys=0.00, real=0.05 secs] 
6146.796: [GC (Allocation Failure) [PSYoungGen: 401600K->88544K(466432K)] 939337K->792993K(1864704K), 0.1573196 secs] [Times: user=0.93 sys=0.01, real=0.16 secs] 
6148.304: [GC (Allocation Failure) [PSYoungGen: 322528K->170784K(461312K)] 1026977K->953672K(1859584K), 0.0551859 secs] [Times: user=0.32 sys=0.00, real=0.05 secs] 
6149.900: [GC (Allocation Failure) [PSYoungGen: 403744K->86176K(465920K)] 1186632K->1039484K(1864192K), 0.1289504 secs] [Times: user=0.77 sys=0.00, real=0.13 secs] 
6150.311: [GC (Allocation Failure) [PSYoungGen: 319136K->169728K(464896K)] 1272444K->1202679K(1863168K), 0.0562727 secs] [Times: user=0.33 sys=0.00, real=0.06 secs] 
6152.982: [GC (Allocation Failure) [PSYoungGen: 402688K->86272K(465920K)] 1435639K->1287827K(1864192K), 0.1367207 secs] [Times: user=0.82 sys=0.00, real=0.13 secs] 
6153.119: [Full GC (Ergonomics) [PSYoungGen: 86272K->0K(465920K)] [ParOldGen: 1201555K->89022K(1398272K)] 1287827K->89022K(1864192K), [Metaspace: 59711K->59711K(1105920K)], 0.2245565 secs] [Times: user=1.03 sys=0.01, real=0.23 secs] 
6154.269: [GC (Allocation Failure) [PSYoungGen: 231805K->203360K(465920K)] 320828K->292383K(1864192K), 0.0472068 secs] [Times: user=0.28 sys=0.00, real=0.05 secs] 
6157.383: [GC (Allocation Failure) [PSYoungGen: 436320K->78368K(465920K)] 525343K->337191K(1864192K), 0.1241854 secs] [Times: user=0.74 sys=0.00, real=0.12 secs] 
6158.528: [GC (Allocation Failure) [PSYoungGen: 310272K->202880K(465920K)] 569095K->533347K(1864192K), 0.0653525 secs] [Times: user=0.39 sys=0.00, real=0.07 secs] 
6160.485: [GC (Allocation Failure) [PSYoungGen: 435840K->85792K(465920K)] 766307K->582459K(1864192K), 0.1169396 secs] [Times: user=0.69 sys=0.00, real=0.12 secs] 
6161.737: [GC (Allocation Failure) [PSYoungGen: 318752K->158816K(465920K)] 815419K->734482K(1864192K), 0.0604459 secs] [Times: user=0.35 sys=0.01, real=0.06 secs] 
6164.542: [GC (Allocation Failure) [PSYoungGen: 389843K->92992K(465920K)] 965510K->826899K(1864192K), 0.0998538 secs] [Times: user=0.59 sys=0.00, real=0.10 secs] 
6165.938: [GC (Allocation Failure) [PSYoungGen: 325952K->150528K(465920K)] 1059859K->971027K(1864192K), 0.0601621 secs] [Times: user=0.36 sys=0.00, real=0.06 secs] 
6168.965: [GC (Allocation Failure) [PSYoungGen: 380457K->93024K(465920K)] 1200957K->1063991K(1864192K), 0.0953351 secs] [Times: user=0.56 sys=0.00, real=0.10 secs] 
6170.789: [GC (Allocation Failure) [PSYoungGen: 325984K->150944K(465920K)] 1296951K->1208503K(1864192K), 0.0599866 secs] [Times: user=0.36 sys=0.00, real=0.06 secs] 
6172.910: [GC (Allocation Failure) [PSYoungGen: 377862K->93536K(465920K)] 1435421K->1302175K(1864192K), 0.0952152 secs] [Times: user=0.56 sys=0.00, real=0.10 secs] 
6173.005: [Full GC (Ergonomics) [PSYoungGen: 93536K->0K(465920K)] [ParOldGen: 1208639K->108620K(1398272K)] 1302175K->108620K(1864192K), [Metaspace: 59711K->59711K(1105920K)], 0.2616567 secs] [Times: user=1.19 sys=0.00, real=0.26 secs] 
6174.350: [GC (Allocation Failure) [PSYoungGen: 232960K->151328K(465920K)] 341580K->259948K(1864192K), 0.0428085 secs] [Times: user=0.26 sys=0.00, real=0.05 secs] 
6175.463: [GC (Allocation Failure) [PSYoungGen: 384288K->103968K(337408K)] 492908K->363796K(1735680K), 0.0674126 secs] [Times: user=0.40 sys=0.00, real=0.06 secs] 
6178.983: [GC (Allocation Failure) [PSYoungGen: 336928K->144352K(463360K)] 596756K->497363K(1861632K), 0.0604554 secs] [Times: user=0.36 sys=0.00, real=0.06 secs] 
6181.335: [GC (Allocation Failure) [PSYoungGen: 380384K->106560K(460288K)] 733395K->604103K(1858560K), 0.0874464 secs] [Times: user=0.52 sys=0.00, real=0.09 secs] 
6182.567: [GC (Allocation Failure) [PSYoungGen: 342592K->141472K(468480K)] 840135K->734964K(1866752K), 0.0607478 secs] [Times: user=0.36 sys=0.00, real=0.06 secs] 
6183.422: [GC (Allocation Failure) [PSYoungGen: 391840K->141024K(465408K)] 985332K->876180K(1863680K), 0.0614927 secs] [Times: user=0.36 sys=0.00, real=0.06 secs] 
6185.566: [GC (Allocation Failure) [PSYoungGen: 391392K->4416K(461824K)] 1126548K->739604K(1860096K), 0.0033297 secs] [Times: user=0.02 sys=0.00, real=0.00 secs] 
6187.549: [GC (Allocation Failure) [PSYoungGen: 254784K->171264K(421888K)] 989972K->909041K(1820160K), 0.0341587 secs] [Times: user=0.20 sys=0.00, real=0.04 secs] 
6188.673: [GC (Allocation Failure) [PSYoungGen: 421632K->103552K(473088K)] 1159409K->1003881K(1871360K), 0.0707716 secs] [Times: user=0.43 sys=0.00, real=0.07 secs] 
6190.543: [GC (Allocation Failure) [PSYoungGen: 343680K->170112K(465920K)] 1244009K->1170326K(1864192K), 0.0543172 secs] [Times: user=0.32 sys=0.00, real=0.05 secs] 
6192.906: [GC (Allocation Failure) [PSYoungGen: 410240K->89152K(468992K)] 1410454K->1259206K(1867264K), 0.1682959 secs] [Times: user=1.00 sys=0.00, real=0.17 secs] 
6193.074: [Full GC (Ergonomics) [PSYoungGen: 89152K->0K(468992K)] [ParOldGen: 1170054K->61980K(1398272K)] 1259206K->61980K(1867264K), [Metaspace: 59711K->59711K(1105920K)], 0.1679064 secs] [Times: user=0.78 sys=0.00, real=0.17 secs] 
6193.836: [GC (Allocation Failure) [PSYoungGen: 237056K->171232K(465920K)] 299036K->233212K(1864192K), 0.0348385 secs] [Times: user=0.21 sys=0.00, real=0.04 secs] 
6197.343: [GC (Allocation Failure) [PSYoungGen: 408288K->79744K(465920K)] 470268K->312828K(1864192K), 0.1670946 secs] [Times: user=1.00 sys=0.00, real=0.16 secs] 
6198.067: [GC (Allocation Failure) [PSYoungGen: 312704K->176608K(465920K)] 545788K->483461K(1864192K), 0.0557216 secs] [Times: user=0.33 sys=0.00, real=0.06 secs] 
6200.512: [GC (Allocation Failure) [PSYoungGen: 409568K->79680K(465920K)] 716421K->563141K(1864192K), 0.1259674 secs] [Times: user=0.75 sys=0.00, real=0.12 secs] 
6201.070: [GC (Allocation Failure) [PSYoungGen: 312640K->172640K(465920K)] 796101K->729146K(1864192K), 0.0603819 secs] [Times: user=0.36 sys=0.00, real=0.06 secs] 
6203.506: [GC (Allocation Failure) [PSYoungGen: 405600K->82304K(465920K)] 962106K->811310K(1864192K), 0.1269669 secs] [Times: user=0.75 sys=0.00, real=0.13 secs] 
6204.492: [GC (Allocation Failure) [PSYoungGen: 315264K->201600K(465920K)] 1044270K->1006659K(1864192K), 0.0609977 secs] [Times: user=0.35 sys=0.00, real=0.06 secs] 
6207.431: [GC (Allocation Failure) [PSYoungGen: 434560K->86272K(465920K)] 1239619K->1057899K(1864192K), 0.1170609 secs] [Times: user=0.69 sys=0.00, real=0.11 secs] 
6208.650: [GC (Allocation Failure) [PSYoungGen: 319232K->157408K(465920K)] 1290859K->1209048K(1864192K), 0.0602434 secs] [Times: user=0.36 sys=0.00, real=0.06 secs] 
6211.103: [GC (Allocation Failure) [PSYoungGen: 390368K->90752K(465920K)] 1442008K->1299832K(1864192K), 0.1042852 secs] [Times: user=0.62 sys=0.01, real=0.10 secs] 
6211.207: [Full GC (Ergonomics) [PSYoungGen: 90752K->0K(465920K)] [ParOldGen: 1209080K->105855K(1398272K)] 1299832K->105855K(1864192K), [Metaspace: 59711K->59711K(1105920K)], 0.2511446 secs] [Times: user=1.15 sys=0.00, real=0.25 secs] 
6212.556: [GC (Allocation Failure) [PSYoungGen: 232960K->154208K(465920K)] 338815K->260063K(1864192K), 0.0440241 secs] [Times: user=0.26 sys=0.00, real=0.04 secs] 
6214.640: [GC (Allocation Failure) [PSYoungGen: 379702K->93600K(465920K)] 485557K->353451K(1864192K), 0.0988680 secs] [Times: user=0.58 sys=0.00, real=0.10 secs] 
6215.862: [GC (Allocation Failure) [PSYoungGen: 326560K->151200K(465920K)] 586411K->497626K(1864192K), 0.0597956 secs] [Times: user=0.35 sys=0.00, real=0.06 secs] 
6217.711: [GC (Allocation Failure) [PSYoungGen: 384160K->104800K(461824K)] 730586K->602258K(1860096K), 0.0857001 secs] [Times: user=0.51 sys=0.00, real=0.08 secs] 
6218.929: [GC (Allocation Failure) [PSYoungGen: 337760K->143584K(463872K)] 835218K->735621K(1862144K), 0.0606766 secs] [Times: user=0.36 sys=0.00, real=0.06 secs] 
6221.978: [GC (Allocation Failure) [PSYoungGen: 376544K->114336K(453120K)] 968581K->849517K(1851392K), 0.0888128 secs] [Times: user=0.53 sys=0.00, real=0.09 secs] 
6223.199: [GC (Allocation Failure) [PSYoungGen: 354976K->134400K(459776K)] 1090157K->973714K(1858048K), 0.0617494 secs] [Times: user=0.37 sys=0.00, real=0.07 secs] 
6225.244: [GC (Allocation Failure) [PSYoungGen: 375040K->144704K(475136K)] 1214354K->1117826K(1873408K), 0.0667168 secs] [Times: user=0.39 sys=0.00, real=0.06 secs] 
6226.455: [GC (Allocation Failure) [PSYoungGen: 411456K->12832K(280064K)] 1384578K->986054K(1678336K), 0.0041249 secs] [Times: user=0.03 sys=0.00, real=0.00 secs] 
6229.234: [GC (Allocation Failure) [PSYoungGen: 279584K->183040K(455680K)] 1252806K->1166531K(1853952K), 0.0403402 secs] [Times: user=0.24 sys=0.00, real=0.04 secs] 
6231.346: [GC (Allocation Failure) [PSYoungGen: 416000K->81792K(465920K)] 1399491K->1248039K(1864192K), 0.1804727 secs] [Times: user=1.08 sys=0.00, real=0.18 secs] 
6231.526: [Full GC (Ergonomics) [PSYoungGen: 81792K->0K(465920K)] [ParOldGen: 1166247K->51742K(1398272K)] 1248039K->51742K(1864192K), [Metaspace: 59712K->59712K(1105920K)], 0.1473413 secs] [Times: user=0.66 sys=0.00, real=0.15 secs] 
6232.838: [GC (Allocation Failure) [PSYoungGen: 232960K->164192K(465408K)] 284702K->215934K(1863680K), 0.0357319 secs] [Times: user=0.20 sys=0.01, real=0.04 secs] 
6234.417: [GC (Allocation Failure) [PSYoungGen: 397152K->88864K(465920K)] 448894K->303966K(1864192K), 0.1262678 secs] [Times: user=0.75 sys=0.00, real=0.13 secs] 
6235.831: [GC (Allocation Failure) [PSYoungGen: 321824K->164896K(465408K)] 536926K->464743K(1863680K), 0.0549474 secs] [Times: user=0.32 sys=0.00, real=0.05 secs] 
6238.618: [GC (Allocation Failure) [PSYoungGen: 397856K->78976K(465920K)] 697703K->543167K(1864192K), 0.1635618 secs] [Times: user=0.98 sys=0.00, real=0.17 secs] 
6240.388: [GC (Allocation Failure) [PSYoungGen: 311936K->180800K(465920K)] 776127K->720092K(1864192K), 0.0542909 secs] [Times: user=0.32 sys=0.01, real=0.06 secs] 
6242.877: [GC (Allocation Failure) [PSYoungGen: 413760K->83936K(465920K)] 953052K->787408K(1864192K), 0.1768943 secs] [Times: user=1.06 sys=0.00, real=0.18 secs] 
6243.879: [GC (Allocation Failure) [PSYoungGen: 316896K->170336K(465920K)] 1020368K->951789K(1864192K), 0.0557459 secs] [Times: user=0.33 sys=0.00, real=0.06 secs] 
6246.306: [GC (Allocation Failure) [PSYoungGen: 403296K->83840K(465920K)] 1184749K->1035357K(1864192K), 0.1554010 secs] [Times: user=0.90 sys=0.00, real=0.16 secs] 
6246.785: [GC (Allocation Failure) [PSYoungGen: 316800K->171424K(465920K)] 1268317K->1200826K(1864192K), 0.0569134 secs] [Times: user=0.34 sys=0.00, real=0.06 secs] 
6249.916: [GC (Allocation Failure) [PSYoungGen: 404384K->79968K(465920K)] 1433786K->1280306K(1864192K), 0.1596191 secs] [Times: user=0.95 sys=0.00, real=0.16 secs] 
6250.076: [Full GC (Ergonomics) [PSYoungGen: 79968K->0K(465920K)] [ParOldGen: 1200338K->82823K(1398272K)] 1280306K->82823K(1864192K), [Metaspace: 59712K->59712K(1105920K)], 0.2172396 secs] [Times: user=1.02 sys=0.00, real=0.22 secs] 
6250.536: [GC (Allocation Failure) [PSYoungGen: 232960K->175424K(465920K)] 315783K->258247K(1864192K), 0.0372972 secs] [Times: user=0.22 sys=0.00, real=0.04 secs] 
6253.015: [GC (Allocation Failure) [PSYoungGen: 408384K->76992K(465920K)] 491207K->335151K(1864192K), 0.1197267 secs] [Times: user=0.72 sys=0.00, real=0.12 secs] 
6254.815: [GC (Allocation Failure) [PSYoungGen: 306618K->204256K(465920K)] 564778K->532556K(1864192K), 0.0597691 secs] [Times: user=0.36 sys=0.00, real=0.06 secs] 
6256.349: [GC (Allocation Failure) [PSYoungGen: 437216K->88672K(465920K)] 765516K->586652K(1864192K), 0.0936233 secs] [Times: user=0.54 sys=0.01, real=0.10 secs] 
6257.534: [GC (Allocation Failure) [PSYoungGen: 321632K->155968K(465920K)] 819612K->735810K(1864192K), 0.0600817 secs] [Times: user=0.35 sys=0.00, real=0.06 secs] 
6259.315: [GC (Allocation Failure) [PSYoungGen: 388928K->122080K(465920K)] 968770K->857674K(1864192K), 0.0962767 secs] [Times: user=0.57 sys=0.00, real=0.10 secs] 
6260.519: [GC (Allocation Failure) [PSYoungGen: 355040K->151296K(465920K)] 1090634K->973854K(1864192K), 0.0600712 secs] [Times: user=0.36 sys=0.00, real=0.06 secs] 
6263.771: [GC (Allocation Failure) [PSYoungGen: 384256K->106880K(465920K)] 1206814K->1079846K(1864192K), 0.0916642 secs] [Times: user=0.54 sys=0.00, real=0.09 secs] 
6264.971: [GC (Allocation Failure) [PSYoungGen: 339840K->141760K(458752K)] 1312806K->1211346K(1857024K), 0.0613142 secs] [Times: user=0.36 sys=0.00, real=0.06 secs] 
6268.253: [GC (Allocation Failure) [PSYoungGen: 374720K->120992K(462336K)] 1444306K->1331618K(1860608K), 0.0837666 secs] [Times: user=0.50 sys=0.00, real=0.08 secs] 
6268.337: [Full GC (Ergonomics) [PSYoungGen: 120992K->0K(462336K)] [ParOldGen: 1210626K->128367K(1398272K)] 1331618K->128367K(1860608K), [Metaspace: 59712K->59712K(1105920K)], 0.2895334 secs] [Times: user=1.32 sys=0.00, real=0.29 secs] 
6269.700: [GC (Allocation Failure) [PSYoungGen: 232960K->136096K(460800K)] 361327K->264463K(1859072K), 0.0485056 secs] [Times: user=0.29 sys=0.00, real=0.05 secs] 
6272.466: [GC (Allocation Failure) [PSYoungGen: 384416K->134752K(462848K)] 512783K->398383K(1861120K), 0.0748409 secs] [Times: user=0.45 sys=0.00, real=0.07 secs] 
6273.701: [GC (Allocation Failure) [PSYoungGen: 383072K->4768K(464384K)] 646703K->268491K(1862656K), 0.0020608 secs] [Times: user=0.01 sys=0.00, real=0.00 secs] 
6276.010: [GC (Allocation Failure) [PSYoungGen: 261280K->169728K(426496K)] 525003K->436776K(1824768K), 0.0336817 secs] [Times: user=0.20 sys=0.00, real=0.04 secs] 
6277.474: [GC (Allocation Failure) [PSYoungGen: 426240K->108192K(476672K)] 693288K->535948K(1874944K), 0.1341163 secs] [Times: user=0.79 sys=0.01, real=0.13 secs] 
6279.229: [GC (Allocation Failure) [PSYoungGen: 354464K->189536K(436224K)] 782220K->721593K(1834496K), 0.0557390 secs] [Times: user=0.33 sys=0.00, real=0.06 secs] 
6281.905: [GC (Allocation Failure) [PSYoungGen: 435808K->88640K(465920K)] 967865K->793153K(1864192K), 0.1359856 secs] [Times: user=0.81 sys=0.01, real=0.14 secs] 
6282.725: [GC (Allocation Failure) [PSYoungGen: 321600K->192960K(465920K)] 1026113K->979844K(1864192K), 0.0580634 secs] [Times: user=0.34 sys=0.00, real=0.06 secs] 
6285.481: [GC (Allocation Failure) [PSYoungGen: 425920K->83648K(465920K)] 1212804K->1047284K(1864192K), 0.1422409 secs] [Times: user=0.85 sys=0.00, real=0.14 secs] 
6285.910: [GC (Allocation Failure) [PSYoungGen: 316608K->170112K(465920K)] 1280244K->1211519K(1864192K), 0.0587064 secs] [Times: user=0.34 sys=0.01, real=0.06 secs] 
6288.841: [GC (Allocation Failure) [PSYoungGen: 403072K->80064K(465920K)] 1444479K->1291063K(1864192K), 0.1271030 secs] [Times: user=0.76 sys=0.00, real=0.12 secs] 
6288.968: [Full GC (Ergonomics) [PSYoungGen: 80064K->0K(465920K)] [ParOldGen: 1210999K->89189K(1398272K)] 1291063K->89189K(1864192K), [Metaspace: 59712K->59712K(1105920K)], 0.2193834 secs] [Times: user=1.01 sys=0.00, real=0.22 secs] 
6289.546: [GC (Allocation Failure) [PSYoungGen: 232241K->205088K(465920K)] 321430K->294277K(1864192K), 0.0373882 secs] [Times: user=0.22 sys=0.00, real=0.04 secs] 
6292.010: [GC (Allocation Failure) [PSYoungGen: 438048K->84576K(465920K)] 527237K->344985K(1864192K), 0.1163801 secs] [Times: user=0.69 sys=0.00, real=0.12 secs] 
6293.240: [GC (Allocation Failure) [PSYoungGen: 317536K->202728K(465920K)] 577945K->541582K(1864192K), 0.0669592 secs] [Times: user=0.40 sys=0.01, real=0.07 secs] 
6294.713: [GC (Allocation Failure) [PSYoungGen: 430685K->92704K(465920K)] 769539K->591062K(1864192K), 0.1044355 secs] [Times: user=0.62 sys=0.00, real=0.10 secs] 
6295.953: [GC (Allocation Failure) [PSYoungGen: 325664K->151424K(465920K)] 824022K->736347K(1864192K), 0.0606811 secs] [Times: user=0.36 sys=0.01, real=0.06 secs] 
6298.141: [GC (Allocation Failure) [PSYoungGen: 384384K->98688K(465920K)] 969307K->834395K(1864192K), 0.0991668 secs] [Times: user=0.59 sys=0.00, real=0.10 secs] 
6299.389: [GC (Allocation Failure) [PSYoungGen: 331648K->150208K(465920K)] 1067355K->974239K(1864192K), 0.0603125 secs] [Times: user=0.36 sys=0.00, real=0.06 secs] 
6303.242: [GC (Allocation Failure) [PSYoungGen: 383168K->99360K(465920K)] 1207199K->1072695K(1864192K), 0.0916747 secs] [Times: user=0.54 sys=0.00, real=0.09 secs] 
6304.504: [GC (Allocation Failure) [PSYoungGen: 332320K->149216K(465920K)] 1305655K->1210764K(1864192K), 0.0605912 secs] [Times: user=0.36 sys=0.00, real=0.06 secs] 
6306.239: [GC (Allocation Failure) [PSYoungGen: 382176K->123488K(458752K)] 1443724K->1334048K(1857024K), 0.0682593 secs] [Times: user=0.41 sys=0.00, real=0.07 secs] 
6306.308: [Full GC (Ergonomics) [PSYoungGen: 123488K->0K(458752K)] [ParOldGen: 1210560K->130898K(1398272K)] 1334048K->130898K(1857024K), [Metaspace: 59712K->59712K(1105920K)], 0.2981211 secs] [Times: user=1.37 sys=0.00, real=0.30 secs] 
6307.721: [GC (Allocation Failure) [PSYoungGen: 232960K->133056K(462336K)] 363858K->263954K(1860608K), 0.0484775 secs] [Times: user=0.28 sys=0.00, real=0.04 secs] 
6310.279: [GC (Allocation Failure) [PSYoungGen: 366016K->125056K(458240K)] 496914K->388690K(1856512K), 0.0802210 secs] [Times: user=0.48 sys=0.00, real=0.08 secs] 
6311.517: [GC (Allocation Failure) [PSYoungGen: 373888K->3136K(461312K)] 637522K->266842K(1859584K), 0.0022794 secs] [Times: user=0.01 sys=0.00, real=0.00 secs] 
6314.205: [GC (Allocation Failure) [PSYoungGen: 251968K->159840K(462848K)] 515674K->424931K(1861120K), 0.0312177 secs] [Times: user=0.18 sys=0.00, real=0.03 secs] 
6315.704: [GC (Allocation Failure) [PSYoungGen: 396896K->100448K(337920K)] 661987K->516871K(1736192K), 0.0668433 secs] [Times: user=0.39 sys=0.00, real=0.07 secs] 
6319.023: [GC (Allocation Failure) [PSYoungGen: 337504K->162368K(459776K)] 753927K->676915K(1858048K), 0.0523169 secs] [Times: user=0.31 sys=0.01, real=0.05 secs] 
6320.198: [GC (Allocation Failure) [PSYoungGen: 398912K->95744K(465408K)] 913459K->763568K(1863680K), 0.0703061 secs] [Times: user=0.42 sys=0.00, real=0.07 secs] 
6321.647: [GC (Allocation Failure) [PSYoungGen: 329022K->162976K(464896K)] 996847K->924180K(1863168K), 0.0512380 secs] [Times: user=0.30 sys=0.00, real=0.05 secs] 
6322.823: [GC (Allocation Failure) [PSYoungGen: 404640K->97856K(470016K)] 1165844K->1012888K(1868288K), 0.0668518 secs] [Times: user=0.39 sys=0.00, real=0.06 secs] 
6324.978: [GC (Allocation Failure) [PSYoungGen: 339520K->167552K(462848K)] 1254552K->1176793K(1861120K), 0.0514126 secs] [Times: user=0.29 sys=0.01, real=0.05 secs] 
6327.054: [GC (Allocation Failure) [PSYoungGen: 407680K->89504K(469504K)] 1416921K->1265777K(1867776K), 0.1637908 secs] [Times: user=0.97 sys=0.00, real=0.16 secs] 
6327.218: [Full GC (Ergonomics) [PSYoungGen: 89504K->0K(469504K)] [ParOldGen: 1176273K->63441K(1398272K)] 1265777K->63441K(1867776K), [Metaspace: 59712K->59712K(1105920K)], 0.1694228 secs] [Times: user=0.79 sys=0.00, real=0.17 secs] 
6328.108: [GC (Allocation Failure) [PSYoungGen: 240128K->173696K(458752K)] 303569K->237137K(1857024K), 0.0348493 secs] [Times: user=0.21 sys=0.01, real=0.04 secs] 
6330.800: [GC (Allocation Failure) [PSYoungGen: 406656K->80096K(465920K)] 470097K->316829K(1864192K), 0.1689928 secs] [Times: user=1.00 sys=0.01, real=0.17 secs] 
6331.271: [GC (Allocation Failure) [PSYoungGen: 313056K->193760K(464896K)] 549789K->504422K(1863168K), 0.0568522 secs] [Times: user=0.34 sys=0.00, real=0.05 secs] 
6334.068: [GC (Allocation Failure) [PSYoungGen: 426720K->81536K(465920K)] 737382K->569694K(1864192K), 0.1355385 secs] [Times: user=0.81 sys=0.00, real=0.14 secs] 
6334.807: [GC (Allocation Failure) [PSYoungGen: 314496K->174048K(465920K)] 802654K->733391K(1864192K), 0.0914654 secs] [Times: user=0.54 sys=0.00, real=0.09 secs] 
6338.587: [GC (Allocation Failure) [PSYoungGen: 407008K->76960K(465920K)] 966351K->810619K(1864192K), 0.1349711 secs] [Times: user=0.80 sys=0.00, real=0.14 secs] 
6339.356: [GC (Allocation Failure) [PSYoungGen: 307639K->203392K(465920K)] 1041299K->1007328K(1864192K), 0.0587351 secs] [Times: user=0.35 sys=0.00, real=0.06 secs] 
6341.663: [GC (Allocation Failure) [PSYoungGen: 436352K->82400K(465920K)] 1240288K->1054880K(1864192K), 0.1168365 secs] [Times: user=0.70 sys=0.00, real=0.11 secs] 
6343.312: [GC (Allocation Failure) [PSYoungGen: 315360K->162368K(465920K)] 1287840K->1209627K(1864192K), 0.0594146 secs] [Times: user=0.35 sys=0.00, real=0.06 secs] 
6344.822: [GC (Allocation Failure) [PSYoungGen: 394940K->93856K(465920K)] 1442200K->1303743K(1864192K), 0.1006977 secs] [Times: user=0.60 sys=0.00, real=0.10 secs] 
6344.923: [Full GC (Ergonomics) [PSYoungGen: 93856K->0K(465920K)] [ParOldGen: 1209887K->107976K(1398272K)] 1303743K->107976K(1864192K), [Metaspace: 59712K->59712K(1105920K)], 0.2527356 secs] [Times: user=1.15 sys=0.00, real=0.25 secs] 
6346.255: [GC (Allocation Failure) [PSYoungGen: 232960K->150816K(465920K)] 340936K->258792K(1864192K), 0.0425330 secs] [Times: user=0.25 sys=0.00, real=0.04 secs] 
6347.970: [GC (Allocation Failure) [PSYoungGen: 383776K->101824K(465920K)] 491752K->360592K(1864192K), 0.0898035 secs] [Times: user=0.53 sys=0.00, real=0.09 secs] 
6349.185: [GC (Allocation Failure) [PSYoungGen: 334784K->145920K(465920K)] 593552K->496037K(1864192K), 0.0603981 secs] [Times: user=0.36 sys=0.00, real=0.06 secs] 
6350.946: [GC (Allocation Failure) [PSYoungGen: 378880K->109888K(343040K)] 728997K->605953K(1741312K), 0.0861825 secs] [Times: user=0.51 sys=0.00, real=0.09 secs] 
6352.205: [GC (Allocation Failure) [PSYoungGen: 342848K->138400K(467968K)] 838913K->733198K(1866240K), 0.0610633 secs] [Times: user=0.37 sys=0.00, real=0.06 secs] 
6353.142: [GC (Allocation Failure) [PSYoungGen: 376992K->134944K(462336K)] 971790K->868350K(1860608K), 0.0681063 secs] [Times: user=0.41 sys=0.00, real=0.06 secs] 
6354.355: [GC (Allocation Failure) [PSYoungGen: 373536K->3008K(449536K)] 1106942K->736462K(1847808K), 0.0035103 secs] [Times: user=0.01 sys=0.00, real=0.00 secs] 
6356.458: [GC (Allocation Failure) [PSYoungGen: 235968K->149408K(462336K)] 969422K->884323K(1860608K), 0.0300221 secs] [Times: user=0.18 sys=0.00, real=0.03 secs] 
6357.858: [GC (Allocation Failure) [PSYoungGen: 382368K->4544K(463360K)] 1117283K->739547K(1861632K), 0.0034561 secs] [Times: user=0.02 sys=0.00, real=0.01 secs] 
6360.722: [GC (Allocation Failure) [PSYoungGen: 237504K->154400K(465920K)] 972507K->891663K(1864192K), 0.0313109 secs] [Times: user=0.19 sys=0.01, real=0.03 secs] 
6361.907: [GC (Allocation Failure) [PSYoungGen: 387360K->99232K(463872K)] 1124623K->982016K(1862144K), 0.0668896 secs] [Times: user=0.39 sys=0.00, real=0.07 secs] 
6364.495: [GC (Allocation Failure) [PSYoungGen: 332192K->167264K(464896K)] 1214976K->1147492K(1863168K), 0.0539180 secs] [Times: user=0.32 sys=0.00, real=0.05 secs] 
6365.645: [GC (Allocation Failure) [PSYoungGen: 400224K->95968K(465920K)] 1380452K->1226512K(1864192K), 0.0705157 secs] [Times: user=0.42 sys=0.00, real=0.07 secs] 
6367.784: [GC (Allocation Failure) [PSYoungGen: 329952K->166464K(465920K)] 1460496K->1390617K(1864192K), 0.0531699 secs] [Times: user=0.31 sys=0.01, real=0.05 secs] 
6367.837: [Full GC (Ergonomics) [PSYoungGen: 166464K->0K(465920K)] [ParOldGen: 1224153K->192719K(1398272K)] 1390617K->192719K(1864192K), [Metaspace: 59712K->59712K(1105920K)], 0.4523130 secs] [Times: user=2.09 sys=0.00, real=0.45 secs] 
6370.308: [GC (Allocation Failure) [PSYoungGen: 233984K->92096K(466432K)] 426703K->284815K(1864704K), 0.0447112 secs] [Times: user=0.26 sys=0.00, real=0.05 secs] 
6372.302: [GC (Allocation Failure) [PSYoungGen: 320395K->161760K(465920K)] 513114K->443576K(1864192K), 0.0483231 secs] [Times: user=0.28 sys=0.00, real=0.04 secs] 
6373.468: [GC (Allocation Failure) [PSYoungGen: 395232K->92992K(461824K)] 677048K->528048K(1860096K), 0.0656815 secs] [Times: user=0.39 sys=0.00, real=0.07 secs] 
6375.193: [GC (Allocation Failure) [PSYoungGen: 318778K->160480K(463872K)] 753834K->682909K(1862144K), 0.0487721 secs] [Times: user=0.28 sys=0.00, real=0.05 secs] 
6376.391: [GC (Allocation Failure) [PSYoungGen: 393952K->93088K(462848K)] 916381K->766717K(1861120K), 0.0669157 secs] [Times: user=0.39 sys=0.00, real=0.07 secs] 
6379.150: [GC (Allocation Failure) [PSYoungGen: 318636K->157920K(464384K)] 992265K->920673K(1862656K), 0.0482443 secs] [Times: user=0.29 sys=0.00, real=0.05 secs] 
6380.580: [GC (Allocation Failure) [PSYoungGen: 393440K->93056K(461824K)] 1156193K->1005010K(1860096K), 0.0937777 secs] [Times: user=0.56 sys=0.00, real=0.10 secs] 
6381.227: [GC (Allocation Failure) [PSYoungGen: 331136K->174592K(464384K)] 1243090K->1175706K(1862656K), 0.0506163 secs] [Times: user=0.30 sys=0.00, real=0.05 secs] 
6384.180: [GC (Allocation Failure) [PSYoungGen: 412672K->83584K(466944K)] 1413786K->1259098K(1865216K), 0.1731022 secs] [Times: user=1.03 sys=0.00, real=0.18 secs] 
6384.353: [Full GC (Ergonomics) [PSYoungGen: 83584K->0K(466944K)] [ParOldGen: 1175514K->57664K(1398272K)] 1259098K->57664K(1865216K), [Metaspace: 59712K->59712K(1105920K)], 0.1638664 secs] [Times: user=0.76 sys=0.00, real=0.16 secs] 
6385.157: [GC (Allocation Failure) [PSYoungGen: 233984K->169152K(465920K)] 291648K->226816K(1864192K), 0.0354964 secs] [Times: user=0.21 sys=0.00, real=0.04 secs] 
6388.221: [GC (Allocation Failure) [PSYoungGen: 403136K->89120K(465920K)] 460800K->315601K(1864192K), 0.1639958 secs] [Times: user=0.98 sys=0.00, real=0.16 secs] 
6389.509: [GC (Allocation Failure) [PSYoungGen: 322080K->170496K(465920K)] 548561K->472245K(1864192K), 0.0550519 secs] [Times: user=0.33 sys=0.00, real=0.06 secs] 
6392.312: [GC (Allocation Failure) [PSYoungGen: 403456K->78048K(465920K)] 705205K->549837K(1864192K), 0.1408541 secs] [Times: user=0.84 sys=0.00, real=0.14 secs] 
6392.894: [GC (Allocation Failure) [PSYoungGen: 311008K->176992K(465920K)] 782797K->720624K(1864192K), 0.0550674 secs] [Times: user=0.33 sys=0.00, real=0.05 secs] 
6396.913: [GC (Allocation Failure) [PSYoungGen: 409952K->74656K(465920K)] 953584K->795404K(1864192K), 0.1758328 secs] [Times: user=1.05 sys=0.00, real=0.17 secs] 
6397.377: [GC (Allocation Failure) [PSYoungGen: 307616K->177280K(465920K)] 1028364K->965935K(1864192K), 0.0559883 secs] [Times: user=0.32 sys=0.01, real=0.06 secs] 
6400.773: [GC (Allocation Failure) [PSYoungGen: 410240K->73312K(465920K)] 1198895K->1039407K(1864192K), 0.1407275 secs] [Times: user=0.83 sys=0.00, real=0.14 secs] 
6401.239: [GC (Allocation Failure) [PSYoungGen: 306272K->177280K(465920K)] 1272367K->1210044K(1864192K), 0.0574072 secs] [Times: user=0.34 sys=0.01, real=0.06 secs] 
6404.356: [GC (Allocation Failure) [PSYoungGen: 410240K->79936K(465920K)] 1443004K->1290192K(1864192K), 0.1248401 secs] [Times: user=0.74 sys=0.00, real=0.12 secs] 
6404.481: [Full GC (Ergonomics) [PSYoungGen: 79936K->0K(465920K)] [ParOldGen: 1210256K->93240K(1398272K)] 1290192K->93240K(1864192K), [Metaspace: 59712K->59712K(1105920K)], 0.2295700 secs] [Times: user=1.07 sys=0.00, real=0.23 secs] 
6405.700: [GC (Allocation Failure) [PSYoungGen: 230451K->202080K(465920K)] 323692K->295320K(1864192K), 0.0488326 secs] [Times: user=0.29 sys=0.00, real=0.05 secs] 
6408.013: [GC (Allocation Failure) [PSYoungGen: 435040K->83136K(465920K)] 528280K->341836K(1864192K), 0.1133775 secs] [Times: user=0.67 sys=0.00, real=0.11 secs] 
6409.233: [GC (Allocation Failure) [PSYoungGen: 316096K->161376K(465920K)] 574796K->496385K(1864192K), 0.0591591 secs] [Times: user=0.35 sys=0.00, real=0.06 secs] 
6411.209: [GC (Allocation Failure) [PSYoungGen: 394336K->93152K(465920K)] 729345K->589469K(1864192K), 0.0997564 secs] [Times: user=0.59 sys=0.00, real=0.10 secs] 
6412.422: [GC (Allocation Failure) [PSYoungGen: 326112K->151296K(465920K)] 822429K->734014K(1864192K), 0.0599857 secs] [Times: user=0.36 sys=0.00, real=0.06 secs] 
6414.493: [GC (Allocation Failure) [PSYoungGen: 384256K->110240K(465920K)] 966974K->844078K(1864192K), 0.0957969 secs] [Times: user=0.57 sys=0.00, real=0.09 secs] 
6415.723: [GC (Allocation Failure) [PSYoungGen: 343200K->146304K(465920K)] 1077038K->971723K(1864192K), 0.0603710 secs] [Times: user=0.36 sys=0.00, real=0.06 secs] 
6417.768: [GC (Allocation Failure) [PSYoungGen: 379264K->116352K(458752K)] 1204683K->1087883K(1857024K), 0.0919215 secs] [Times: user=0.54 sys=0.01, real=0.09 secs] 
6418.998: [GC (Allocation Failure) [PSYoungGen: 349312K->140192K(462336K)] 1320843K->1209356K(1860608K), 0.0621130 secs] [Times: user=0.36 sys=0.00, real=0.06 secs] 
6420.642: [GC (Allocation Failure) [PSYoungGen: 373152K->146304K(465408K)] 1442316K->1355520K(1863680K), 0.0733762 secs] [Times: user=0.43 sys=0.00, real=0.07 secs] 
6420.715: [Full GC (Ergonomics) [PSYoungGen: 146304K->0K(465408K)] [ParOldGen: 1209216K->136272K(1398272K)] 1355520K->136272K(1863680K), [Metaspace: 59712K->59712K(1105920K)], 0.3200531 secs] [Times: user=1.46 sys=0.00, real=0.32 secs] 
6422.171: [GC (Allocation Failure) [PSYoungGen: 245760K->127776K(466432K)] 382032K->264048K(1864704K), 0.0430050 secs] [Times: user=0.25 sys=0.01, real=0.04 secs] 
6424.025: [GC (Allocation Failure) [PSYoungGen: 373536K->151136K(470528K)] 509808K->414497K(1868800K), 0.0630261 secs] [Times: user=0.38 sys=0.00, real=0.06 secs] 
6425.259: [GC (Allocation Failure) [PSYoungGen: 409696K->17184K(470528K)] 673057K->280721K(1868800K), 0.0045199 secs] [Times: user=0.02 sys=0.00, real=0.01 secs] 
6427.405: [GC (Allocation Failure) [PSYoungGen: 275744K->177728K(456192K)] 539281K->455529K(1854464K), 0.0397545 secs] [Times: user=0.24 sys=0.00, real=0.04 secs] 
6429.310: [GC (Allocation Failure) [PSYoungGen: 410688K->86848K(465920K)] 688489K->541578K(1864192K), 0.1784743 secs] [Times: user=1.06 sys=0.01, real=0.18 secs] 
6430.517: [GC (Allocation Failure) [PSYoungGen: 319808K->164768K(463360K)] 774538K->702170K(1861632K), 0.0542913 secs] [Times: user=0.33 sys=0.00, real=0.06 secs] 
6432.290: [GC (Allocation Failure) [PSYoungGen: 397728K->85952K(465920K)] 935130K->787602K(1864192K), 0.1307645 secs] [Times: user=0.77 sys=0.00, real=0.14 secs] 
6433.755: [GC (Allocation Failure) [PSYoungGen: 318912K->165504K(464384K)] 1020562K->948867K(1862656K), 0.0545796 secs] [Times: user=0.32 sys=0.00, real=0.05 secs] 
6435.581: [GC (Allocation Failure) [PSYoungGen: 398464K->87392K(465920K)] 1181827K->1035403K(1864192K), 0.1282931 secs] [Times: user=0.76 sys=0.00, real=0.13 secs] 
6436.074: [GC (Allocation Failure) [PSYoungGen: 320352K->194176K(464896K)] 1268363K->1223580K(1863168K), 0.0594065 secs] [Times: user=0.36 sys=0.00, real=0.06 secs] 
6438.696: [GC (Allocation Failure) [PSYoungGen: 427136K->78848K(465920K)] 1456540K->1286184K(1864192K), 0.1494541 secs] [Times: user=0.88 sys=0.00, real=0.15 secs] 
6438.845: [Full GC (Ergonomics) [PSYoungGen: 78848K->0K(465920K)] [ParOldGen: 1207336K->83063K(1398272K)] 1286184K->83063K(1864192K), [Metaspace: 59712K->59712K(1105920K)], 0.2168681 secs] [Times: user=1.01 sys=0.00, real=0.22 secs] 
6439.785: [GC (Allocation Failure) [PSYoungGen: 232960K->208736K(465920K)] 316023K->291799K(1864192K), 0.0585255 secs] [Times: user=0.34 sys=0.01, real=0.06 secs] 
6442.732: [GC (Allocation Failure) [PSYoungGen: 441696K->78848K(465920K)] 524759K->338111K(1864192K), 0.1312041 secs] [Times: user=0.78 sys=0.00, real=0.13 secs] 
6444.176: [GC (Allocation Failure) [PSYoungGen: 311808K->206976K(465920K)] 571071K->538408K(1864192K), 0.0622782 secs] [Times: user=0.37 sys=0.00, real=0.06 secs] 
6446.852: [GC (Allocation Failure) [PSYoungGen: 439936K->90592K(465920K)] 771368K->587784K(1864192K), 0.1122892 secs] [Times: user=0.66 sys=0.01, real=0.11 secs] 
6448.983: [GC (Allocation Failure) [PSYoungGen: 323552K->158208K(465920K)] 820744K->735279K(1864192K), 0.0600867 secs] [Times: user=0.35 sys=0.00, real=0.06 secs] 
6451.601: [GC (Allocation Failure) [PSYoungGen: 391168K->90848K(465920K)] 968239K->825655K(1864192K), 0.0995145 secs] [Times: user=0.59 sys=0.00, real=0.10 secs] 
6452.958: [GC (Allocation Failure) [PSYoungGen: 323808K->153280K(465920K)] 1058615K->972190K(1864192K), 0.0599474 secs] [Times: user=0.36 sys=0.01, real=0.06 secs] 
6454.715: [GC (Allocation Failure) [PSYoungGen: 386240K->98112K(465920K)] 1205150K->1070542K(1864192K), 0.0908225 secs] [Times: user=0.53 sys=0.01, real=0.09 secs] 
6457.118: [GC (Allocation Failure) [PSYoungGen: 331072K->150240K(465920K)] 1303502K->1209561K(1864192K), 0.0602017 secs] [Times: user=0.36 sys=0.00, real=0.06 secs] 
6458.534: [GC (Allocation Failure) [PSYoungGen: 383200K->107072K(465920K)] 1442521K->1316793K(1864192K), 0.0846116 secs] [Times: user=0.50 sys=0.00, real=0.08 secs] 
6458.618: [Full GC (Ergonomics) [PSYoungGen: 107072K->0K(465920K)] [ParOldGen: 1209721K->121131K(1398272K)] 1316793K->121131K(1864192K), [Metaspace: 59712K->59712K(1105920K)], 0.2660982 secs] [Times: user=1.20 sys=0.00, real=0.27 secs] 
6461.651: [GC (Allocation Failure) [PSYoungGen: 232960K->141440K(462848K)] 354091K->262571K(1861120K), 0.0517659 secs] [Times: user=0.30 sys=0.01, real=0.05 secs] 
6464.985: [GC (Allocation Failure) [PSYoungGen: 374400K->111584K(344576K)] 495531K->373831K(1742848K), 0.0976068 secs] [Times: user=0.58 sys=0.00, real=0.10 secs] 
6466.269: [GC (Allocation Failure) [PSYoungGen: 344544K->136544K(468992K)] 606791K->500130K(1867264K), 0.0614124 secs] [Times: user=0.36 sys=0.00, real=0.06 secs] 
6468.923: [GC (Allocation Failure) [PSYoungGen: 380768K->135072K(462336K)] 744354K->635098K(1860608K), 0.0726792 secs] [Times: user=0.43 sys=0.00, real=0.07 secs] 
6470.135: [GC (Allocation Failure) [PSYoungGen: 379296K->2464K(454144K)] 879322K->502530K(1852416K), 0.0030161 secs] [Times: user=0.02 sys=0.00, real=0.00 secs] 
6473.298: [GC (Allocation Failure) [PSYoungGen: 245152K->152480K(467456K)] 745218K->653607K(1865728K), 0.0304759 secs] [Times: user=0.18 sys=0.00, real=0.03 secs] 
6474.430: [GC (Allocation Failure) [PSYoungGen: 395168K->102848K(461312K)] 896295K->747491K(1859584K), 0.0675497 secs] [Times: user=0.41 sys=0.00, real=0.07 secs] 
6476.916: [GC (Allocation Failure) [PSYoungGen: 349632K->173216K(466432K)] 994275K->918239K(1864704K), 0.0541607 secs] [Times: user=0.32 sys=0.00, real=0.05 secs] 
6478.790: [GC (Allocation Failure) [PSYoungGen: 420000K->98912K(473088K)] 1165023K->1008051K(1871360K), 0.1097854 secs] [Times: user=0.66 sys=0.00, real=0.11 secs] 
6481.433: [GC (Allocation Failure) [PSYoungGen: 344160K->219424K(464896K)] 1253299K->1223083K(1863168K), 0.0541045 secs] [Times: user=0.32 sys=0.00, real=0.05 secs] 
6483.311: [GC (Allocation Failure) [PSYoungGen: 464672K->92512K(465920K)] 1468331K->1265871K(1864192K), 0.1264034 secs] [Times: user=0.74 sys=0.01, real=0.12 secs] 
6483.438: [Full GC (Ergonomics) [PSYoungGen: 92512K->0K(465920K)] [ParOldGen: 1173359K->65014K(1398272K)] 1265871K->65014K(1864192K), [Metaspace: 59712K->59712K(1105920K)], 0.1558197 secs] [Times: user=0.70 sys=0.00, real=0.16 secs] 
6484.436: [GC (Allocation Failure) [PSYoungGen: 232960K->171872K(465920K)] 297974K->236886K(1864192K), 0.0367520 secs] [Times: user=0.21 sys=0.00, real=0.04 secs] 
6488.238: [GC (Allocation Failure) [PSYoungGen: 404832K->73600K(465920K)] 469846K->310206K(1864192K), 0.1393307 secs] [Times: user=0.83 sys=0.01, real=0.14 secs] 
6489.274: [GC (Allocation Failure) [PSYoungGen: 306560K->175072K(465920K)] 543166K->478443K(1864192K), 0.0536676 secs] [Times: user=0.32 sys=0.00, real=0.05 secs] 
6492.610: [GC (Allocation Failure) [PSYoungGen: 408032K->76544K(465920K)] 711403K->554891K(1864192K), 0.1638196 secs] [Times: user=0.95 sys=0.01, real=0.17 secs] 
6493.086: [GC (Allocation Failure) [PSYoungGen: 309504K->175072K(465920K)] 787851K->723908K(1864192K), 0.0556604 secs] [Times: user=0.33 sys=0.00, real=0.06 secs] 
6495.899: [GC (Allocation Failure) [PSYoungGen: 408032K->75968K(465920K)] 956868K->799696K(1864192K), 0.1558179 secs] [Times: user=0.92 sys=0.00, real=0.16 secs] 
6496.357: [GC (Allocation Failure) [PSYoungGen: 308928K->178016K(465920K)] 1032656K->971283K(1864192K), 0.0566124 secs] [Times: user=0.33 sys=0.00, real=0.06 secs] 
6497.994: [GC (Allocation Failure) [PSYoungGen: 410976K->82048K(465920K)] 1204243K->1053567K(1864192K), 0.1249666 secs] [Times: user=0.74 sys=0.00, real=0.12 secs] 
6499.135: [GC (Allocation Failure) [PSYoungGen: 314547K->202112K(465920K)] 1286066K->1248760K(1864192K), 0.0660156 secs] [Times: user=0.40 sys=0.00, real=0.07 secs] 
6501.252: [GC (Allocation Failure) [PSYoungGen: 435072K->87296K(465920K)] 1481720K->1299020K(1864192K), 0.1152208 secs] [Times: user=0.69 sys=0.00, real=0.11 secs] 
6501.367: [Full GC (Ergonomics) [PSYoungGen: 87296K->0K(465920K)] [ParOldGen: 1211724K->101405K(1398272K)] 1299020K->101405K(1864192K), [Metaspace: 59712K->59712K(1105920K)], 0.2483580 secs] [Times: user=1.15 sys=0.00, real=0.25 secs] 
6502.684: [GC (Allocation Failure) [PSYoungGen: 232960K->157216K(465920K)] 334365K->258621K(1864192K), 0.0453826 secs] [Times: user=0.27 sys=0.01, real=0.04 secs] 
6504.661: [GC (Allocation Failure) [PSYoungGen: 387793K->93632K(465920K)] 489198K->352289K(1864192K), 0.1048648 secs] [Times: user=0.63 sys=0.00, real=0.11 secs] 
6505.881: [GC (Allocation Failure) [PSYoungGen: 326592K->151136K(465920K)] 585249K->496426K(1864192K), 0.0599262 secs] [Times: user=0.36 sys=0.00, real=0.05 secs] 
6508.103: [GC (Allocation Failure) [PSYoungGen: 384096K->98400K(465920K)] 729386K->594762K(1864192K), 0.1042965 secs] [Times: user=0.62 sys=0.00, real=0.10 secs] 
6509.338: [GC (Allocation Failure) [PSYoungGen: 331360K->149664K(465920K)] 827722K->733842K(1864192K), 0.0601535 secs] [Times: user=0.35 sys=0.00, real=0.06 secs] 
6510.215: [GC (Allocation Failure) [PSYoungGen: 382624K->114688K(464896K)] 966802K->848754K(1863168K), 0.0706864 secs] [Times: user=0.41 sys=0.00, real=0.07 secs] 
6511.404: [GC (Allocation Failure) [PSYoungGen: 347648K->134016K(367104K)] 1081714K->972295K(1765376K), 0.0616620 secs] [Times: user=0.37 sys=0.00, real=0.06 secs] 
6514.303: [GC (Allocation Failure) [PSYoungGen: 366976K->140448K(463872K)] 1205255K->1112315K(1862144K), 0.0717396 secs] [Times: user=0.43 sys=0.00, real=0.07 secs] 
6515.548: [GC (Allocation Failure) [PSYoungGen: 380064K->1024K(458752K)] 1351931K->972955K(1857024K), 0.0033005 secs] [Times: user=0.01 sys=0.00, real=0.01 secs] 
6517.797: [GC (Allocation Failure) [PSYoungGen: 240640K->143072K(468480K)] 1212571K->1115728K(1866752K), 0.0288544 secs] [Times: user=0.17 sys=0.00, real=0.03 secs] 
6519.364: [GC (Allocation Failure) [PSYoungGen: 379616K->3648K(240640K)] 1352272K->976452K(1638912K), 0.0035457 secs] [Times: user=0.02 sys=0.00, real=0.00 secs] 
6522.847: [GC (Allocation Failure) [PSYoungGen: 240192K->151744K(465920K)] 1212996K->1126561K(1864192K), 0.0308009 secs] [Times: user=0.18 sys=0.00, real=0.03 secs] 
6523.993: [GC (Allocation Failure) [PSYoungGen: 384704K->99712K(332800K)] 1359521K->1217337K(1731072K), 0.0667886 secs] [Times: user=0.40 sys=0.00, real=0.06 secs] 
6526.357: [GC (Allocation Failure) [PSYoungGen: 332672K->158752K(462848K)] 1450297K->1374486K(1861120K), 0.0537096 secs] [Times: user=0.31 sys=0.00, real=0.05 secs] 
6526.411: [Full GC (Ergonomics) [PSYoungGen: 158752K->0K(462848K)] [ParOldGen: 1215734K->176962K(1398272K)] 1374486K->176962K(1861120K), [Metaspace: 59715K->59715K(1105920K)], 0.4117199 secs] [Times: user=1.90 sys=0.00, real=0.41 secs] 
6527.858: [GC (Allocation Failure) [PSYoungGen: 231424K->95360K(327168K)] 408386K->272322K(1725440K), 0.0345677 secs] [Times: user=0.20 sys=0.00, real=0.04 secs] 
6530.626: [GC (Allocation Failure) [PSYoungGen: 326784K->157696K(458240K)] 503746K->428005K(1856512K), 0.0516421 secs] [Times: user=0.31 sys=0.00, real=0.05 secs] 
6531.891: [GC (Allocation Failure) [PSYoungGen: 387584K->93920K(462848K)] 657893K->513149K(1861120K), 0.0659289 secs] [Times: user=0.40 sys=0.00, real=0.06 secs] 
6533.396: [GC (Allocation Failure) [PSYoungGen: 323808K->164640K(456192K)] 743037K->675922K(1854464K), 0.0507174 secs] [Times: user=0.30 sys=0.00, real=0.05 secs] 
6534.894: [GC (Allocation Failure) [PSYoungGen: 395040K->89952K(463360K)] 906322K->757346K(1861632K), 0.0668552 secs] [Times: user=0.40 sys=0.01, real=0.06 secs] 
6537.380: [GC (Allocation Failure) [PSYoungGen: 320352K->160512K(461824K)] 987746K->915519K(1860096K), 0.0490870 secs] [Times: user=0.29 sys=0.00, real=0.05 secs] 
6538.573: [GC (Allocation Failure) [PSYoungGen: 395520K->97088K(332288K)] 1150527K->1003383K(1730560K), 0.0690602 secs] [Times: user=0.41 sys=0.00, real=0.07 secs] 
6541.017: [GC (Allocation Failure) [PSYoungGen: 326429K->159872K(461312K)] 1232724K->1160124K(1859584K), 0.0508019 secs] [Times: user=0.30 sys=0.00, real=0.05 secs] 
6542.871: [GC (Allocation Failure) [PSYoungGen: 395904K->94560K(465408K)] 1396156K->1246020K(1863680K), 0.1034856 secs] [Times: user=0.61 sys=0.00, real=0.10 secs] 
6545.889: [GC (Allocation Failure) [PSYoungGen: 320269K->156064K(464896K)] 1471729K->1398577K(1863168K), 0.0488733 secs] [Times: user=0.29 sys=0.00, real=0.05 secs] 
6545.938: [Full GC (Ergonomics) [PSYoungGen: 156064K->0K(464896K)] [ParOldGen: 1242513K->196528K(1398272K)] 1398577K->196528K(1863168K), [Metaspace: 59715K->59715K(1105920K)], 0.4664817 secs] [Times: user=2.17 sys=0.00, real=0.47 secs] 
6547.440: [GC (Allocation Failure) [PSYoungGen: 241152K->93280K(467968K)] 437680K->289808K(1866240K), 0.0298480 secs] [Times: user=0.17 sys=0.00, real=0.03 secs] 
6549.086: [GC (Allocation Failure) [PSYoungGen: 334432K->170656K(460800K)] 530960K->457266K(1859072K), 0.0498721 secs] [Times: user=0.29 sys=0.00, real=0.05 secs] 
6551.575: [GC (Allocation Failure) [PSYoungGen: 409760K->85952K(468992K)] 696370K->543222K(1867264K), 0.1609549 secs] [Times: user=0.96 sys=0.01, real=0.16 secs] 
6552.570: [GC (Allocation Failure) [PSYoungGen: 325056K->170432K(459264K)] 782326K->709943K(1857536K), 0.0547167 secs] [Times: user=0.32 sys=0.00, real=0.06 secs] 
6555.559: [GC (Allocation Failure) [PSYoungGen: 399669K->76800K(465920K)] 939180K->786603K(1864192K), 0.1580138 secs] [Times: user=0.94 sys=0.00, real=0.16 secs] 
6556.012: [GC (Allocation Failure) [PSYoungGen: 309760K->171680K(464896K)] 1019563K->954280K(1863168K), 0.0535440 secs] [Times: user=0.32 sys=0.00, real=0.05 secs] 
6558.419: [GC (Allocation Failure) [PSYoungGen: 404640K->81696K(465920K)] 1187240K->1036056K(1864192K), 0.1566753 secs] [Times: user=0.93 sys=0.00, real=0.16 secs] 
6559.330: [GC (Allocation Failure) [PSYoungGen: 314656K->168928K(465920K)] 1269016K->1199660K(1864192K), 0.0991561 secs] [Times: user=0.59 sys=0.00, real=0.10 secs] 
6562.018: [GC (Allocation Failure) [PSYoungGen: 401888K->79008K(465920K)] 1432620K->1278516K(1864192K), 0.1382280 secs] [Times: user=0.82 sys=0.00, real=0.14 secs] 
6562.157: [Full GC (Ergonomics) [PSYoungGen: 79008K->0K(465920K)] [ParOldGen: 1199508K->77670K(1398272K)] 1278516K->77670K(1864192K), [Metaspace: 59718K->59718K(1105920K)], 0.1927686 secs] [Times: user=0.88 sys=0.00, real=0.19 secs] 
6563.391: [GC (Allocation Failure) [PSYoungGen: 232960K->174912K(465920K)] 310630K->252582K(1864192K), 0.0595275 secs] [Times: user=0.35 sys=0.00, real=0.06 secs] 
6565.895: [GC (Allocation Failure) [PSYoungGen: 407872K->80672K(465920K)] 485542K->333438K(1864192K), 0.1300178 secs] [Times: user=0.77 sys=0.01, real=0.13 secs] 
6566.335: [GC (Allocation Failure) [PSYoungGen: 313632K->204544K(465920K)] 566398K->531291K(1864192K), 0.0570521 secs] [Times: user=0.34 sys=0.01, real=0.06 secs] 
6568.072: [GC (Allocation Failure) [PSYoungGen: 437504K->84512K(465920K)] 764251K->582275K(1864192K), 0.1037452 secs] [Times: user=0.62 sys=0.00, real=0.10 secs] 
6569.304: [GC (Allocation Failure) [PSYoungGen: 317472K->159808K(465920K)] 815235K->735304K(1864192K), 0.0591771 secs] [Times: user=0.36 sys=0.00, real=0.06 secs] 
6571.415: [GC (Allocation Failure) [PSYoungGen: 388790K->93184K(465920K)] 964286K->828416K(1864192K), 0.1010942 secs] [Times: user=0.60 sys=0.00, real=0.10 secs] 
6572.841: [GC (Allocation Failure) [PSYoungGen: 326144K->151392K(465920K)] 1061376K->973221K(1864192K), 0.0601810 secs] [Times: user=0.36 sys=0.00, real=0.06 secs] 
6574.869: [GC (Allocation Failure) [PSYoungGen: 383054K->93664K(465920K)] 1204883K->1066997K(1864192K), 0.1042383 secs] [Times: user=0.57 sys=0.00, real=0.11 secs] 
6576.080: [GC (Allocation Failure) [PSYoungGen: 326624K->150848K(465920K)] 1299957K->1210802K(1864192K), 0.0601420 secs] [Times: user=0.35 sys=0.00, real=0.06 secs] 
6577.556: [GC (Allocation Failure) [PSYoungGen: 383808K->101344K(334336K)] 1443762K->1312254K(1732608K), 0.0959380 secs] [Times: user=0.57 sys=0.01, real=0.10 secs] 
6577.652: [Full GC (Ergonomics) [PSYoungGen: 101344K->0K(334336K)] [ParOldGen: 1210910K->116059K(1398272K)] 1312254K->116059K(1732608K), [Metaspace: 59718K->59718K(1105920K)], 0.2613410 secs] [Times: user=1.19 sys=0.00, real=0.26 secs] 
6578.996: [GC (Allocation Failure) [PSYoungGen: 232960K->146688K(466944K)] 349019K->262747K(1865216K), 0.0531481 secs] [Times: user=0.31 sys=0.00, real=0.05 secs] 
6579.540: [GC (Allocation Failure) [PSYoungGen: 382208K->113120K(348672K)] 498267K->376223K(1746944K), 0.1086184 secs] [Times: user=0.64 sys=0.01, real=0.11 secs] 
6580.765: [GC (Allocation Failure) [PSYoungGen: 348640K->135648K(465408K)] 611743K->500508K(1863680K), 0.0609065 secs] [Times: user=0.36 sys=0.00, real=0.06 secs] 
6581.391: [GC (Allocation Failure) [PSYoungGen: 379872K->136192K(459776K)] 744732K->636932K(1858048K), 0.0593045 secs] [Times: user=0.35 sys=0.00, real=0.05 secs] 
Heap
 PSYoungGen      total 459776K, used 366476K [0x00000000d5580000, 0x00000000fef80000, 0x0000000100000000)
  eden space 24422